[0.003s][info][metaspace]  - commit_granule_bytes: 65536.
[0.003s][info][metaspace]  - commit_granule_words: 8192.
[0.003s][info][metaspace]  - virtual_space_node_default_size: 8388608.
[0.003s][info][metaspace]  - enlarge_chunks_in_place: 1.
[0.006s][info][gc,init  ] CardTable entry size: 512
[0.006s][info][gc       ] Using Parallel
[0.007s][info][gc,init  ] Version: 24-internal-adhoc.root.jdk (release)
[0.007s][info][gc,init  ] CPUs: 2 total, 2 available
[0.007s][info][gc,init  ] Memory: 3908M
[0.007s][info][gc,init  ] Large Page Support: Disabled
[0.007s][info][gc,init  ] NUMA Support: Disabled
[0.007s][info][gc,init  ] Compressed Oops: Enabled (32-bit)
[0.007s][info][gc,init  ] Alignments: Space 512K, Generation 512K, Heap 2M
[0.007s][info][gc,init  ] Heap Min Capacity: 256M
[0.007s][info][gc,init  ] Heap Initial Capacity: 256M
[0.007s][info][gc,init  ] Heap Max Capacity: 978M
[0.007s][info][gc,init  ] Pre-touch: Disabled
[0.007s][info][gc,init  ] Parallel Workers: 2
[0.026s][info][gc,metaspace] CDS archive(s) mapped at: [0x00007f05ca000000-0x00007f05cadc0000-0x00007f05cadc0000), size 14417920, SharedBaseAddress: 0x00007f05ca000000, ArchiveRelocationMode: 1.
[0.026s][info][gc,metaspace] Compressed class space mapped at: 0x00007f05cb000000-0x00007f060b000000, reserved size: 1073741824
[0.026s][info][gc,metaspace] UseCompressedClassPointers 1, UseCompactObjectHeaders 0
[0.026s][info][gc,metaspace] Narrow klass pointer bits 32, Max shift 3
[0.026s][info][gc,metaspace] Narrow klass base: 0x00007f05ca000000, Narrow klass shift: 0
[0.026s][info][gc,metaspace] Encoding Range: [0x00007f05ca000000 - 0x00007f06ca000000), (4294967296 bytes)
[0.026s][info][gc,metaspace] Klass Range:    [0x00007f05ca000000 - 0x00007f060b000000), (1090519040 bytes)
[0.026s][info][gc,metaspace] Klass ID Range:  [8 - 1090519033) (1090519025)
[1.242s][info][gc,start    ] GC(0) Pause Young (Allocation Failure)
[1.253s][info][gc,heap     ] GC(0) PSYoungGen: 65536K(76288K)->3191K(76288K) Eden: 65536K(65536K)->0K(65536K) From: 0K(10752K)->3191K(10752K)
[1.253s][info][gc,heap     ] GC(0) ParOldGen: 1157K(175104K)->1229K(175104K)
[1.253s][info][gc,metaspace] GC(0) Metaspace: 6289K(6400K)->6289K(6400K) NonClass: 5754K(5824K)->5754K(5824K) Class: 534K(576K)->534K(576K)
[1.253s][info][gc          ] GC(0) Pause Young (Allocation Failure) 65M->4M(245M) 10.654ms
[1.253s][info][gc,cpu      ] GC(0) User=0.01s Sys=0.00s Real=0.01s
[1.614s][info][gc,start    ] GC(1) Pause Young (Allocation Failure)
[1.619s][info][gc,heap     ] GC(1) PSYoungGen: 68526K(76288K)->3686K(76288K) Eden: 65335K(65536K)->0K(65536K) From: 3191K(10752K)->3686K(10752K)
[1.619s][info][gc,heap     ] GC(1) ParOldGen: 1229K(175104K)->1237K(175104K)
[1.619s][info][gc,metaspace] GC(1) Metaspace: 6726K(6848K)->6726K(6848K) NonClass: 6129K(6208K)->6129K(6208K) Class: 597K(640K)->597K(640K)
[1.619s][info][gc          ] GC(1) Pause Young (Allocation Failure) 68M->4M(245M) 5.174ms
[1.619s][info][gc,cpu      ] GC(1) User=0.00s Sys=0.00s Real=0.00s
[1.920s][info][gc,start    ] GC(2) Pause Young (Allocation Failure)
[1.924s][info][gc,heap     ] GC(2) PSYoungGen: 69222K(76288K)->3626K(76288K) Eden: 65536K(65536K)->0K(65536K) From: 3686K(10752K)->3626K(10752K)
[1.924s][info][gc,heap     ] GC(2) ParOldGen: 1237K(175104K)->1253K(175104K)
[1.924s][info][gc,metaspace] GC(2) Metaspace: 7441K(7616K)->7441K(7616K) NonClass: 6677K(6784K)->6677K(6784K) Class: 763K(832K)->763K(832K)
[1.924s][info][gc          ] GC(2) Pause Young (Allocation Failure) 68M->4M(245M) 4.290ms
[1.924s][info][gc,cpu      ] GC(2) User=0.01s Sys=0.01s Real=0.01s
[2.180s][info][gc,start    ] GC(3) Pause Young (Allocation Failure)
[2.192s][info][gc,heap     ] GC(3) PSYoungGen: 69162K(76288K)->4599K(141824K) Eden: 65536K(65536K)->0K(131072K) From: 3626K(10752K)->4599K(10752K)
[2.192s][info][gc,heap     ] GC(3) ParOldGen: 1253K(175104K)->1253K(175104K)
[2.192s][info][gc,metaspace] GC(3) Metaspace: 7749K(7936K)->7749K(7936K) NonClass: 6921K(7040K)->6921K(7040K) Class: 828K(896K)->828K(896K)
[2.192s][info][gc          ] GC(3) Pause Young (Allocation Failure) 68M->5M(309M) 11.995ms
[2.193s][info][gc,cpu      ] GC(3) User=0.02s Sys=0.00s Real=0.02s
[2.665s][info][gc,start    ] GC(4) Pause Young (Allocation Failure)
[2.673s][info][gc,heap     ] GC(4) PSYoungGen: 135671K(141824K)->3937K(141824K) Eden: 131072K(131072K)->0K(131072K) From: 4599K(10752K)->3937K(10752K)
[2.673s][info][gc,heap     ] GC(4) ParOldGen: 1253K(175104K)->1253K(175104K)
[2.673s][info][gc,metaspace] GC(4) Metaspace: 8087K(8256K)->8087K(8256K) NonClass: 7145K(7232K)->7145K(7232K) Class: 942K(1024K)->942K(1024K)
[2.673s][info][gc          ] GC(4) Pause Young (Allocation Failure) 133M->5M(309M) 8.655ms
[2.673s][info][gc,cpu      ] GC(4) User=0.01s Sys=0.00s Real=0.01s
[3.311s][info][gc,start    ] GC(5) Pause Young (Allocation Failure)
[3.402s][info][gc,heap     ] GC(5) PSYoungGen: 135009K(141824K)->4583K(246784K) Eden: 131072K(131072K)->0K(242176K) From: 3937K(10752K)->4583K(4608K)
[3.402s][info][gc,heap     ] GC(5) ParOldGen: 1253K(175104K)->35853K(175104K)
[3.402s][info][gc,metaspace] GC(5) Metaspace: 10552K(10624K)->10552K(10624K) NonClass: 9301K(9344K)->9301K(9344K) Class: 1250K(1280K)->1250K(1280K)
[3.402s][info][gc          ] GC(5) Pause Young (Allocation Failure) 133M->39M(412M) 91.116ms
[3.402s][info][gc,cpu      ] GC(5) User=0.14s Sys=0.05s Real=0.10s
[4.673s][info][gc,start    ] GC(6) Pause Young (Allocation Failure)
[4.833s][info][gc,heap     ] GC(6) PSYoungGen: 246759K(246784K)->24560K(266752K) Eden: 242176K(242176K)->0K(242176K) From: 4583K(4608K)->24560K(24576K)
[4.834s][info][gc,heap     ] GC(6) ParOldGen: 35853K(175104K)->113602K(175104K)
[4.834s][info][gc,metaspace] GC(6) Metaspace: 15361K(15552K)->15361K(15552K) NonClass: 13650K(13760K)->13650K(13760K) Class: 1710K(1792K)->1710K(1792K)
[4.834s][info][gc          ] GC(6) Pause Young (Allocation Failure) 275M->134M(431M) 160.703ms
[4.834s][info][gc,cpu      ] GC(6) User=0.25s Sys=0.08s Real=0.16s
[5.976s][info][gc,start    ] GC(7) Pause Young (Allocation Failure)
[6.144s][info][gc,heap     ] GC(7) PSYoungGen: 266736K(266752K)->67040K(220672K) Eden: 242176K(242176K)->0K(153600K) From: 24560K(24576K)->67040K(67072K)
[6.144s][info][gc,heap     ] GC(7) ParOldGen: 113602K(175104K)->129683K(175104K)
[6.144s][info][gc,metaspace] GC(7) Metaspace: 16578K(16768K)->16578K(16768K) NonClass: 14800K(14912K)->14800K(14912K) Class: 1777K(1856K)->1777K(1856K)
[6.144s][info][gc          ] GC(7) Pause Young (Allocation Failure) 371M->192M(386M) 167.696ms
[6.144s][info][gc,cpu      ] GC(7) User=0.28s Sys=0.06s Real=0.17s
[6.504s][info][gc,start    ] GC(8) Pause Young (Allocation Failure)
[6.656s][info][gc,heap     ] GC(8) PSYoungGen: 220640K(220672K)->90103K(243712K) Eden: 153600K(153600K)->0K(153600K) From: 67040K(67072K)->90103K(90112K)
[6.656s][info][gc,heap     ] GC(8) ParOldGen: 129683K(175104K)->137797K(175104K)
[6.656s][info][gc,metaspace] GC(8) Metaspace: 16638K(16832K)->16638K(16832K) NonClass: 14861K(14976K)->14861K(14976K) Class: 1777K(1856K)->1777K(1856K)
[6.656s][info][gc          ] GC(8) Pause Young (Allocation Failure) 342M->222M(409M) 151.507ms
[6.656s][info][gc,cpu      ] GC(8) User=0.29s Sys=0.00s Real=0.15s
[6.940s][info][gc,start    ] GC(9) Pause Young (Allocation Failure)
[7.149s][info][gc,heap     ] GC(9) PSYoungGen: 243703K(243712K)->37495K(216064K) Eden: 153600K(153600K)->0K(125952K) From: 90103K(90112K)->37495K(90112K)
[7.149s][info][gc,heap     ] GC(9) ParOldGen: 137797K(175104K)->198103K(198144K)
[7.149s][info][gc,metaspace] GC(9) Metaspace: 16682K(16832K)->16682K(16832K) NonClass: 14905K(14976K)->14905K(14976K) Class: 1777K(1856K)->1777K(1856K)
[7.149s][info][gc          ] GC(9) Pause Young (Allocation Failure) 372M->230M(404M) 209.263ms
[7.149s][info][gc,cpu      ] GC(9) User=0.37s Sys=0.04s Real=0.21s
[7.304s][info][gc,start    ] GC(10) Pause Young (Allocation Failure)
[7.370s][info][gc,heap     ] GC(10) PSYoungGen: 163447K(216064K)->8512K(229888K) Eden: 125952K(125952K)->0K(125952K) From: 37495K(90112K)->8512K(103936K)
[7.370s][info][gc,heap     ] GC(10) ParOldGen: 198103K(198144K)->235836K(236032K)
[7.370s][info][gc,metaspace] GC(10) Metaspace: 16698K(16896K)->16698K(16896K) NonClass: 14921K(15040K)->14921K(15040K) Class: 1777K(1856K)->1777K(1856K)
[7.370s][info][gc          ] GC(10) Pause Young (Allocation Failure) 353M->238M(455M) 65.725ms
[7.370s][info][gc,cpu      ] GC(10) User=0.10s Sys=0.03s Real=0.06s
[7.600s][info][gc,start    ] GC(11) Pause Young (Allocation Failure)
[7.620s][info][gc,heap     ] GC(11) PSYoungGen: 134464K(229888K)->1280K(225792K) Eden: 125952K(125952K)->0K(128000K) From: 8512K(103936K)->1280K(97792K)
[7.620s][info][gc,heap     ] GC(11) ParOldGen: 235836K(236032K)->244332K(244736K)
[7.620s][info][gc,metaspace] GC(11) Metaspace: 16738K(16896K)->16738K(16896K) NonClass: 14961K(15040K)->14961K(15040K) Class: 1777K(1856K)->1777K(1856K)
[7.620s][info][gc          ] GC(11) Pause Young (Allocation Failure) 361M->239M(459M) 20.339ms
[7.620s][info][gc,cpu      ] GC(11) User=0.03s Sys=0.01s Real=0.02s
[7.790s][info][gc,start    ] GC(12) Pause Young (Allocation Failure)
[7.796s][info][gc,heap     ] GC(12) PSYoungGen: 129280K(225792K)->1440K(228864K) Eden: 128000K(128000K)->0K(128000K) From: 1280K(97792K)->1440K(100864K)
[7.796s][info][gc,heap     ] GC(12) ParOldGen: 244332K(244736K)->245596K(245760K)
[7.796s][info][gc,metaspace] GC(12) Metaspace: 16789K(17024K)->16789K(17024K) NonClass: 15012K(15168K)->15012K(15168K) Class: 1777K(1856K)->1777K(1856K)
[7.796s][info][gc          ] GC(12) Pause Young (Allocation Failure) 364M->241M(463M) 5.626ms
[7.796s][info][gc,cpu      ] GC(12) User=0.01s Sys=0.01s Real=0.01s
[8.014s][info][gc,start    ] GC(13) Pause Young (Allocation Failure)
[8.021s][info][gc,heap     ] GC(13) PSYoungGen: 129440K(228864K)->2272K(226816K) Eden: 128000K(128000K)->0K(134144K) From: 1440K(100864K)->2272K(92672K)
[8.021s][info][gc,heap     ] GC(13) ParOldGen: 245596K(245760K)->247020K(247296K)
[8.021s][info][gc,metaspace] GC(13) Metaspace: 16841K(17024K)->16841K(17024K) NonClass: 15063K(15168K)->15063K(15168K) Class: 1778K(1856K)->1778K(1856K)
[8.021s][info][gc          ] GC(13) Pause Young (Allocation Failure) 366M->243M(463M) 7.388ms
[8.021s][info][gc,cpu      ] GC(13) User=0.01s Sys=0.00s Real=0.00s
[8.324s][info][gc,start    ] GC(14) Pause Young (Allocation Failure)
[8.330s][info][gc,heap     ] GC(14) PSYoungGen: 136416K(226816K)->224K(230400K) Eden: 134144K(134144K)->0K(134144K) From: 2272K(92672K)->224K(96256K)
[8.330s][info][gc,heap     ] GC(14) ParOldGen: 247020K(247296K)->249268K(249344K)
[8.330s][info][gc,metaspace] GC(14) Metaspace: 16879K(17088K)->16879K(17088K) NonClass: 15100K(15232K)->15100K(15232K) Class: 1779K(1856K)->1779K(1856K)
[8.330s][info][gc          ] GC(14) Pause Young (Allocation Failure) 374M->243M(468M) 6.508ms
[8.330s][info][gc,cpu      ] GC(14) User=0.01s Sys=0.00s Real=0.00s
[8.586s][info][gc,start    ] GC(15) Pause Young (Allocation Failure)
[8.595s][info][gc,heap     ] GC(15) PSYoungGen: 134368K(230400K)->4320K(228352K) Eden: 134144K(134144K)->0K(143872K) From: 224K(96256K)->4320K(84480K)
[8.595s][info][gc,heap     ] GC(15) ParOldGen: 249268K(249344K)->249436K(249856K)
[8.595s][info][gc,metaspace] GC(15) Metaspace: 16929K(17152K)->16929K(17152K) NonClass: 15150K(15296K)->15150K(15296K) Class: 1779K(1856K)->1779K(1856K)
[8.595s][info][gc          ] GC(15) Pause Young (Allocation Failure) 374M->247M(467M) 9.533ms
[8.595s][info][gc,cpu      ] GC(15) User=0.02s Sys=0.00s Real=0.01s
[8.974s][info][gc,start    ] GC(16) Pause Young (Allocation Failure)
[9.011s][info][gc,heap     ] GC(16) PSYoungGen: 148192K(228352K)->31472K(233472K) Eden: 143872K(143872K)->0K(143872K) From: 4320K(84480K)->31472K(89600K)
[9.011s][info][gc,heap     ] GC(16) ParOldGen: 249436K(249856K)->253740K(253952K)
[9.011s][info][gc,metaspace] GC(16) Metaspace: 16968K(17152K)->16968K(17152K) NonClass: 15188K(15296K)->15188K(15296K) Class: 1779K(1856K)->1779K(1856K)
[9.011s][info][gc          ] GC(16) Pause Young (Allocation Failure) 388M->278M(476M) 36.760ms
[9.011s][info][gc,cpu      ] GC(16) User=0.07s Sys=0.00s Real=0.03s
[9.418s][info][gc,start    ] GC(17) Pause Young (Allocation Failure)
[9.508s][info][gc,heap     ] GC(17) PSYoungGen: 175344K(233472K)->44515K(243200K) Eden: 143872K(143872K)->0K(156672K) From: 31472K(89600K)->44515K(86528K)
[9.508s][info][gc,heap     ] GC(17) ParOldGen: 253740K(253952K)->285323K(285696K)
[9.508s][info][gc,metaspace] GC(17) Metaspace: 16987K(17152K)->16987K(17152K) NonClass: 15205K(15296K)->15205K(15296K) Class: 1781K(1856K)->1781K(1856K)
[9.508s][info][gc          ] GC(17) Pause Young (Allocation Failure) 419M->322M(516M) 89.886ms
[9.508s][info][gc,cpu      ] GC(17) User=0.15s Sys=0.02s Real=0.09s
[9.767s][info][gc,start    ] GC(18) Pause Young (Allocation Failure)
[9.831s][info][gc,heap     ] GC(18) PSYoungGen: 201187K(243200K)->4064K(160768K) Eden: 156672K(156672K)->0K(156672K) From: 44515K(86528K)->4064K(4096K)
[9.831s][info][gc,heap     ] GC(18) ParOldGen: 285323K(285696K)->330226K(330240K)
[9.831s][info][gc,metaspace] GC(18) Metaspace: 16989K(17152K)->16989K(17152K) NonClass: 15208K(15296K)->15208K(15296K) Class: 1781K(1856K)->1781K(1856K)
[9.831s][info][gc          ] GC(18) Pause Young (Allocation Failure) 475M->326M(479M) 64.481ms
[9.831s][info][gc,cpu      ] GC(18) User=0.08s Sys=0.04s Real=0.06s
[10.256s][info][gc,start    ] GC(19) Pause Young (Allocation Failure)
[10.266s][info][gc,heap     ] GC(19) PSYoungGen: 160736K(160768K)->2016K(246784K) Eden: 156672K(156672K)->0K(161280K) From: 4064K(4096K)->2016K(85504K)
[10.266s][info][gc,heap     ] GC(19) ParOldGen: 330226K(330240K)->334146K(334336K)
[10.266s][info][gc,metaspace] GC(19) Metaspace: 16999K(17152K)->16999K(17152K) NonClass: 15217K(15296K)->15217K(15296K) Class: 1782K(1856K)->1782K(1856K)
[10.266s][info][gc          ] GC(19) Pause Young (Allocation Failure) 479M->328M(567M) 10.266ms
[10.266s][info][gc,cpu      ] GC(19) User=0.01s Sys=0.00s Real=0.01s
[10.796s][info][gc,start    ] GC(20) Pause Young (Allocation Failure)
[10.804s][info][gc,heap     ] GC(20) PSYoungGen: 163296K(246784K)->256K(244224K) Eden: 161280K(161280K)->0K(161280K) From: 2016K(85504K)->256K(82944K)
[10.804s][info][gc,heap     ] GC(20) ParOldGen: 334146K(334336K)->336136K(336384K)
[10.804s][info][gc,metaspace] GC(20) Metaspace: 17007K(17216K)->17007K(17216K) NonClass: 15225K(15360K)->15225K(15360K) Class: 1782K(1856K)->1782K(1856K)
[10.804s][info][gc          ] GC(20) Pause Young (Allocation Failure) 485M->328M(567M) 8.696ms
[10.804s][info][gc,cpu      ] GC(20) User=0.01s Sys=0.01s Real=0.01s
[11.200s][info][gc,start    ] GC(21) Pause Young (Allocation Failure)
[11.236s][info][gc,heap     ] GC(21) PSYoungGen: 161536K(244224K)->39808K(243200K) Eden: 161280K(161280K)->0K(163328K) From: 256K(82944K)->39808K(79872K)
[11.236s][info][gc,heap     ] GC(21) ParOldGen: 336136K(336384K)->336361K(336384K)
[11.236s][info][gc,metaspace] GC(21) Metaspace: 17010K(17216K)->17010K(17216K) NonClass: 15228K(15360K)->15228K(15360K) Class: 1782K(1856K)->1782K(1856K)
[11.236s][info][gc          ] GC(21) Pause Young (Allocation Failure) 486M->367M(566M) 36.212ms
[11.236s][info][gc,cpu      ] GC(21) User=0.07s Sys=0.00s Real=0.04s
[11.606s][info][gc,start    ] GC(22) Pause Young (Allocation Failure)
[11.710s][info][gc,heap     ] GC(22) PSYoungGen: 203136K(243200K)->43328K(245248K) Eden: 163328K(163328K)->0K(163328K) From: 39808K(79872K)->43328K(81920K)
[11.710s][info][gc,heap     ] GC(22) ParOldGen: 336361K(336384K)->376310K(376320K)
[11.710s][info][gc,metaspace] GC(22) Metaspace: 17016K(17216K)->17016K(17216K) NonClass: 15234K(15360K)->15234K(15360K) Class: 1782K(1856K)->1782K(1856K)
[11.710s][info][gc          ] GC(22) Pause Young (Allocation Failure) 526M->409M(607M) 104.269ms
[11.710s][info][gc,cpu      ] GC(22) User=0.18s Sys=0.03s Real=0.10s
[11.910s][info][gc,start    ] GC(23) Pause Young (Allocation Failure)
[12.002s][info][gc,heap     ] GC(23) PSYoungGen: 206656K(245248K)->4832K(247808K) Eden: 163328K(163328K)->0K(167936K) From: 43328K(81920K)->4832K(79872K)
[12.002s][info][gc,heap     ] GC(23) ParOldGen: 376310K(376320K)->420114K(420352K)
[12.002s][info][gc,metaspace] GC(23) Metaspace: 17019K(17216K)->17019K(17216K) NonClass: 15236K(15360K)->15236K(15360K) Class: 1782K(1856K)->1782K(1856K)
[12.002s][info][gc          ] GC(23) Pause Young (Allocation Failure) 569M->414M(652M) 92.249ms
[12.002s][info][gc,cpu      ] GC(23) User=0.15s Sys=0.02s Real=0.10s
[12.334s][info][gc,start    ] GC(24) Pause Young (Allocation Failure)
[12.369s][info][gc,heap     ] GC(24) PSYoungGen: 172768K(247808K)->29152K(248832K) Eden: 167936K(167936K)->0K(167936K) From: 4832K(79872K)->29152K(80896K)
[12.369s][info][gc,heap     ] GC(24) ParOldGen: 420114K(420352K)->424930K(424960K)
[12.369s][info][gc,metaspace] GC(24) Metaspace: 17021K(17216K)->17021K(17216K) NonClass: 15239K(15360K)->15239K(15360K) Class: 1782K(1856K)->1782K(1856K)
[12.370s][info][gc          ] GC(24) Pause Young (Allocation Failure) 578M->443M(658M) 36.000ms
[12.370s][info][gc,cpu      ] GC(24) User=0.06s Sys=0.01s Real=0.03s
[12.683s][info][gc,start    ] GC(25) Pause Young (Allocation Failure)
[12.785s][info][gc,heap     ] GC(25) PSYoungGen: 197088K(248832K)->69048K(231936K) Eden: 167936K(167936K)->0K(153600K) From: 29152K(80896K)->69048K(78336K)
[12.785s][info][gc,heap     ] GC(25) ParOldGen: 424930K(424960K)->454154K(454656K)
[12.785s][info][gc,metaspace] GC(25) Metaspace: 17027K(17216K)->17027K(17216K) NonClass: 15244K(15360K)->15244K(15360K) Class: 1782K(1856K)->1782K(1856K)
[12.785s][info][gc          ] GC(25) Pause Young (Allocation Failure) 607M->510M(670M) 102.427ms
[12.785s][info][gc,cpu      ] GC(25) User=0.18s Sys=0.02s Real=0.10s
[13.202s][info][gc,start    ] GC(26) Pause Young (Allocation Failure)
[13.348s][info][gc,heap     ] GC(26) PSYoungGen: 222648K(231936K)->46979K(200704K) Eden: 153600K(153600K)->0K(153600K) From: 69048K(78336K)->46979K(47104K)
[13.348s][info][gc,heap     ] GC(26) ParOldGen: 454154K(454656K)->523378K(523776K)
[13.348s][info][gc,metaspace] GC(26) Metaspace: 17042K(17216K)->17042K(17216K) NonClass: 15260K(15360K)->15260K(15360K) Class: 1782K(1856K)->1782K(1856K)
[13.348s][info][gc          ] GC(26) Pause Young (Allocation Failure) 660M->556M(707M) 146.538ms
[13.348s][info][gc,cpu      ] GC(26) User=0.25s Sys=0.04s Real=0.14s
[13.531s][info][gc,start    ] GC(27) Pause Young (Allocation Failure)
[13.624s][info][gc,heap     ] GC(27) PSYoungGen: 200579K(200704K)->36896K(245760K) Eden: 153600K(153600K)->0K(154624K) From: 46979K(47104K)->36896K(91136K)
[13.624s][info][gc,heap     ] GC(27) ParOldGen: 523378K(523776K)->570944K(571392K)
[13.624s][info][gc,metaspace] GC(27) Metaspace: 17047K(17216K)->17047K(17216K) NonClass: 15264K(15360K)->15264K(15360K) Class: 1782K(1856K)->1782K(1856K)
[13.624s][info][gc          ] GC(27) Pause Young (Allocation Failure) 706M->593M(798M) 93.651ms
[13.624s][info][gc,cpu      ] GC(27) User=0.15s Sys=0.03s Real=0.10s
[13.805s][info][gc,start    ] GC(28) Pause Young (Allocation Failure)
[13.861s][info][gc,heap     ] GC(28) PSYoungGen: 191520K(245760K)->4916K(159744K) Eden: 154624K(154624K)->0K(154624K) From: 36896K(91136K)->4916K(5120K)
[13.861s][info][gc,heap     ] GC(28) ParOldGen: 570944K(571392K)->606229K(606720K)
[13.861s][info][gc,metaspace] GC(28) Metaspace: 17076K(17216K)->17076K(17216K) NonClass: 15290K(15360K)->15290K(15360K) Class: 1785K(1856K)->1785K(1856K)
[13.861s][info][gc          ] GC(28) Pause Young (Allocation Failure) 744M->596M(748M) 56.177ms
[13.861s][info][gc,cpu      ] GC(28) User=0.09s Sys=0.03s Real=0.05s
[14.111s][info][gc,start    ] GC(29) Pause Full (Allocation Failure)
[14.111s][info][gc,phases,start] GC(29) Marking Phase
[14.183s][info][gc,phases      ] GC(29) Marking Phase 72.216ms
[14.183s][info][gc,phases,start] GC(29) Summary Phase
[14.183s][info][gc,phases      ] GC(29) Summary Phase 0.029ms
[14.183s][info][gc,phases,start] GC(29) Forward
[14.208s][info][gc,phases      ] GC(29) Forward 24.925ms
[14.208s][info][gc,phases,start] GC(29) Adjust Pointers
[14.255s][info][gc,phases      ] GC(29) Adjust Pointers 47.155ms
[14.255s][info][gc,phases,start] GC(29) Compaction Phase
[14.279s][info][gc,phases      ] GC(29) Compaction Phase 23.415ms
[14.282s][info][gc,phases,start] GC(29) Post Compact
[14.294s][info][gc,phases      ] GC(29) Post Compact 11.736ms
[14.318s][info][gc,heap        ] GC(29) PSYoungGen: 159540K(159744K)->0K(241152K) Eden: 154624K(154624K)->0K(154624K) From: 4916K(5120K)->0K(86528K)
[14.318s][info][gc,heap        ] GC(29) ParOldGen: 606229K(606720K)->107044K(256512K)
[14.318s][info][gc,metaspace   ] GC(29) Metaspace: 17124K(17280K)->17124K(17280K) NonClass: 15333K(15424K)->15333K(15424K) Class: 1791K(1856K)->1791K(1856K)
[14.318s][info][gc             ] GC(29) Pause Full (Allocation Failure) 747M->104M(486M) 207.675ms
[14.318s][info][gc,cpu         ] GC(29) User=0.28s Sys=0.04s Real=0.21s
[14.567s][info][gc,start       ] GC(30) Pause Young (Allocation Failure)
[14.589s][info][gc,heap        ] GC(30) PSYoungGen: 154624K(241152K)->30832K(241152K) Eden: 154624K(154624K)->0K(154624K) From: 0K(86528K)->30832K(86528K)
[14.589s][info][gc,heap        ] GC(30) ParOldGen: 107044K(256512K)->107044K(256512K)
[14.589s][info][gc,metaspace   ] GC(30) Metaspace: 17144K(17344K)->17144K(17344K) NonClass: 15351K(15488K)->15351K(15488K) Class: 1792K(1856K)->1792K(1856K)
[14.589s][info][gc             ] GC(30) Pause Young (Allocation Failure) 255M->134M(486M) 22.355ms
[14.589s][info][gc,cpu         ] GC(30) User=0.04s Sys=0.00s Real=0.02s
[14.933s][info][gc,start       ] GC(31) Pause Young (Allocation Failure)
[14.982s][info][gc,heap        ] GC(31) PSYoungGen: 185456K(241152K)->42400K(242688K) Eden: 154624K(154624K)->0K(160768K) From: 30832K(86528K)->42400K(81920K)
[14.982s][info][gc,heap        ] GC(31) ParOldGen: 107044K(256512K)->138212K(256512K)
[14.982s][info][gc,metaspace   ] GC(31) Metaspace: 17149K(17344K)->17149K(17344K) NonClass: 15356K(15488K)->15356K(15488K) Class: 1792K(1856K)->1792K(1856K)
[14.982s][info][gc             ] GC(31) Pause Young (Allocation Failure) 285M->176M(487M) 49.681ms
[14.982s][info][gc,cpu         ] GC(31) User=0.10s Sys=0.00s Real=0.05s
[15.133s][info][gc,start       ] GC(32) Pause Young (Allocation Failure)
[15.211s][info][gc,heap        ] GC(32) PSYoungGen: 203168K(242688K)->56608K(242688K) Eden: 160768K(160768K)->0K(160768K) From: 42400K(81920K)->56608K(81920K)
[15.211s][info][gc,heap        ] GC(32) ParOldGen: 138212K(256512K)->181052K(256512K)
[15.211s][info][gc,metaspace   ] GC(32) Metaspace: 17149K(17344K)->17149K(17344K) NonClass: 15356K(15488K)->15356K(15488K) Class: 1792K(1856K)->1792K(1856K)
[15.211s][info][gc             ] GC(32) Pause Young (Allocation Failure) 333M->232M(487M) 78.464ms
[15.211s][info][gc,cpu         ] GC(32) User=0.16s Sys=0.00s Real=0.07s
[15.448s][info][gc,start       ] GC(33) Pause Young (Allocation Failure)
[15.540s][info][gc,heap        ] GC(33) PSYoungGen: 217376K(242688K)->47104K(246784K) Eden: 160768K(160768K)->0K(159744K) From: 56608K(81920K)->47104K(87040K)
[15.540s][info][gc,heap        ] GC(33) ParOldGen: 181052K(256512K)->237828K(256512K)
[15.540s][info][gc,metaspace   ] GC(33) Metaspace: 17151K(17344K)->17151K(17344K) NonClass: 15358K(15488K)->15358K(15488K) Class: 1792K(1856K)->1792K(1856K)
[15.540s][info][gc             ] GC(33) Pause Young (Allocation Failure) 389M->278M(491M) 92.064ms
[15.540s][info][gc,cpu         ] GC(33) User=0.19s Sys=0.00s Real=0.09s
[15.864s][info][gc,start       ] GC(34) Pause Young (Allocation Failure)
[15.994s][info][gc,heap        ] GC(34) PSYoungGen: 206848K(246784K)->53188K(212992K) Eden: 159744K(159744K)->0K(159744K) From: 47104K(87040K)->53188K(53248K)
[15.994s][info][gc,heap        ] GC(34) ParOldGen: 237828K(256512K)->285468K(285696K)
[15.994s][info][gc,metaspace   ] GC(34) Metaspace: 17153K(17344K)->17153K(17344K) NonClass: 15360K(15488K)->15360K(15488K) Class: 1793K(1856K)->1793K(1856K)
[15.994s][info][gc             ] GC(34) Pause Young (Allocation Failure) 434M->330M(487M) 129.993ms
[15.994s][info][gc,cpu         ] GC(34) User=0.23s Sys=0.02s Real=0.13s
[16.138s][info][gc,start       ] GC(35) Pause Young (Allocation Failure)
[16.237s][info][gc,heap        ] GC(35) PSYoungGen: 212932K(212992K)->10496K(245760K) Eden: 159744K(159744K)->0K(156672K) From: 53188K(53248K)->10496K(89088K)
[16.237s][info][gc,heap        ] GC(35) ParOldGen: 285468K(285696K)->338958K(339456K)
[16.237s][info][gc,metaspace   ] GC(35) Metaspace: 17154K(17344K)->17154K(17344K) NonClass: 15361K(15488K)->15361K(15488K) Class: 1793K(1856K)->1793K(1856K)
[16.237s][info][gc             ] GC(35) Pause Young (Allocation Failure) 486M->341M(571M) 99.259ms
[16.237s][info][gc,cpu         ] GC(35) User=0.15s Sys=0.04s Real=0.10s
[16.439s][info][gc,start       ] GC(36) Pause Young (Allocation Failure)
[16.537s][info][gc,heap        ] GC(36) PSYoungGen: 167168K(245760K)->34721K(191488K) Eden: 156672K(156672K)->0K(156672K) From: 10496K(89088K)->34721K(34816K)
[16.537s][info][gc,heap        ] GC(36) ParOldGen: 338958K(339456K)->349462K(349696K)
[16.537s][info][gc,metaspace   ] GC(36) Metaspace: 17156K(17344K)->17156K(17344K) NonClass: 15362K(15488K)->15362K(15488K) Class: 1793K(1856K)->1793K(1856K)
[16.537s][info][gc             ] GC(36) Pause Young (Allocation Failure) 494M->375M(528M) 98.296ms
[16.537s][info][gc,cpu         ] GC(36) User=0.19s Sys=0.01s Real=0.10s
[16.721s][info][gc,start       ] GC(37) Pause Young (Allocation Failure)
[16.827s][info][gc,heap        ] GC(37) PSYoungGen: 191393K(191488K)->12000K(241664K) Eden: 156672K(156672K)->0K(158208K) From: 34721K(34816K)->12000K(83456K)
[16.827s][info][gc,heap        ] GC(37) ParOldGen: 349462K(349696K)->384267K(384512K)
[16.827s][info][gc,metaspace   ] GC(37) Metaspace: 17157K(17344K)->17157K(17344K) NonClass: 15364K(15488K)->15364K(15488K) Class: 1793K(1856K)->1793K(1856K)
[16.827s][info][gc             ] GC(37) Pause Young (Allocation Failure) 528M->386M(611M) 106.314ms
[16.827s][info][gc,cpu         ] GC(37) User=0.18s Sys=0.03s Real=0.11s
[16.986s][info][gc,start       ] GC(38) Pause Young (Allocation Failure)
[17.047s][info][gc,heap        ] GC(38) PSYoungGen: 170208K(241664K)->14464K(240128K) Eden: 158208K(158208K)->0K(158208K) From: 12000K(83456K)->14464K(81920K)
[17.047s][info][gc,heap        ] GC(38) ParOldGen: 384267K(384512K)->396283K(396288K)
[17.047s][info][gc,metaspace   ] GC(38) Metaspace: 17169K(17344K)->17169K(17344K) NonClass: 15371K(15488K)->15371K(15488K) Class: 1798K(1856K)->1798K(1856K)
[17.047s][info][gc             ] GC(38) Pause Young (Allocation Failure) 541M->401M(621M) 60.893ms
[17.047s][info][gc,cpu         ] GC(38) User=0.11s Sys=0.01s Real=0.06s
[17.227s][info][gc,start       ] GC(39) Pause Young (Allocation Failure)
[17.263s][info][gc,heap        ] GC(39) PSYoungGen: 172672K(240128K)->12736K(249856K) Eden: 158208K(158208K)->0K(170496K) From: 14464K(81920K)->12736K(79360K)
[17.263s][info][gc,heap        ] GC(39) ParOldGen: 396283K(396288K)->410747K(411136K)
[17.263s][info][gc,metaspace   ] GC(39) Metaspace: 17170K(17344K)->17170K(17344K) NonClass: 15372K(15488K)->15372K(15488K) Class: 1798K(1856K)->1798K(1856K)
[17.263s][info][gc             ] GC(39) Pause Young (Allocation Failure) 555M->413M(645M) 36.346ms
[17.263s][info][gc,cpu         ] GC(39) User=0.06s Sys=0.01s Real=0.04s
[17.416s][info][gc,start       ] GC(40) Pause Young (Allocation Failure)
[17.453s][info][gc,heap        ] GC(40) PSYoungGen: 183232K(249856K)->8768K(247808K) Eden: 170496K(170496K)->0K(170496K) From: 12736K(79360K)->8768K(77312K)
[17.453s][info][gc,heap        ] GC(40) ParOldGen: 410747K(411136K)->423507K(423936K)
[17.453s][info][gc,metaspace   ] GC(40) Metaspace: 17171K(17344K)->17171K(17344K) NonClass: 15373K(15488K)->15373K(15488K) Class: 1798K(1856K)->1798K(1856K)
[17.453s][info][gc             ] GC(40) Pause Young (Allocation Failure) 580M->422M(656M) 36.630ms
[17.453s][info][gc,cpu         ] GC(40) User=0.07s Sys=0.01s Real=0.04s
[17.675s][info][gc,start       ] GC(41) Pause Young (Allocation Failure)
[17.713s][info][gc,heap        ] GC(41) PSYoungGen: 179264K(247808K)->18848K(251904K) Eden: 170496K(170496K)->0K(180736K) From: 8768K(77312K)->18848K(71168K)
[17.713s][info][gc,heap        ] GC(41) ParOldGen: 423507K(423936K)->432267K(432640K)
[17.713s][info][gc,metaspace   ] GC(41) Metaspace: 17173K(17344K)->17173K(17344K) NonClass: 15375K(15488K)->15375K(15488K) Class: 1798K(1856K)->1798K(1856K)
[17.713s][info][gc             ] GC(41) Pause Young (Allocation Failure) 588M->440M(668M) 37.989ms
[17.713s][info][gc,cpu         ] GC(41) User=0.07s Sys=0.01s Real=0.04s
[18.099s][info][gc,start       ] GC(42) Pause Young (Allocation Failure)
[18.144s][info][gc,heap        ] GC(42) PSYoungGen: 199584K(251904K)->15776K(252416K) Eden: 180736K(180736K)->0K(180736K) From: 18848K(71168K)->15776K(71680K)
[18.144s][info][gc,heap        ] GC(42) ParOldGen: 432267K(432640K)->451144K(451584K)
[18.144s][info][gc,metaspace   ] GC(42) Metaspace: 17175K(17344K)->17175K(17344K) NonClass: 15377K(15488K)->15377K(15488K) Class: 1798K(1856K)->1798K(1856K)
[18.144s][info][gc             ] GC(42) Pause Young (Allocation Failure) 617M->455M(687M) 44.986ms
[18.144s][info][gc,cpu         ] GC(42) User=0.07s Sys=0.01s Real=0.05s
[18.839s][info][gc,start       ] GC(43) Pause Young (Allocation Failure)
[18.873s][info][gc,heap        ] GC(43) PSYoungGen: 196512K(252416K)->7296K(260608K) Eden: 180736K(180736K)->0K(192512K) From: 15776K(71680K)->7296K(68096K)
[18.873s][info][gc,heap        ] GC(43) ParOldGen: 451144K(451584K)->466958K(467456K)
[18.873s][info][gc,metaspace   ] GC(43) Metaspace: 17195K(17344K)->17195K(17344K) NonClass: 15397K(15488K)->15397K(15488K) Class: 1798K(1856K)->1798K(1856K)
[18.873s][info][gc             ] GC(43) Pause Young (Allocation Failure) 632M->463M(711M) 34.012ms
[18.873s][info][gc,cpu         ] GC(43) User=0.05s Sys=0.01s Real=0.04s
[19.461s][info][gc,start       ] GC(44) Pause Young (Allocation Failure)
[19.474s][info][gc,heap        ] GC(44) PSYoungGen: 199808K(260608K)->128K(259584K) Eden: 192512K(192512K)->0K(192512K) From: 7296K(68096K)->128K(67072K)
[19.474s][info][gc,heap        ] GC(44) ParOldGen: 466958K(467456K)->474230K(474624K)
[19.474s][info][gc,metaspace   ] GC(44) Metaspace: 17208K(17344K)->17208K(17344K) NonClass: 15410K(15488K)->15410K(15488K) Class: 1798K(1856K)->1798K(1856K)
[19.474s][info][gc             ] GC(44) Pause Young (Allocation Failure) 651M->463M(717M) 12.758ms
[19.474s][info][gc,cpu         ] GC(44) User=0.02s Sys=0.01s Real=0.02s
[19.976s][info][gc,start       ] GC(45) Pause Young (Allocation Failure)
[19.987s][info][gc,heap        ] GC(45) PSYoungGen: 192640K(259584K)->192K(265216K) Eden: 192512K(192512K)->0K(200192K) From: 128K(67072K)->192K(65024K)
[19.987s][info][gc,heap        ] GC(45) ParOldGen: 474230K(474624K)->474334K(474624K)
[19.987s][info][gc,metaspace   ] GC(45) Metaspace: 17210K(17344K)->17210K(17344K) NonClass: 15412K(15488K)->15412K(15488K) Class: 1798K(1856K)->1798K(1856K)
[19.987s][info][gc             ] GC(45) Pause Young (Allocation Failure) 651M->463M(722M) 10.626ms
[19.987s][info][gc,cpu         ] GC(45) User=0.02s Sys=0.00s Real=0.01s
[20.389s][info][gc,start       ] GC(46) Pause Young (Allocation Failure)
[20.411s][info][gc,heap        ] GC(46) PSYoungGen: 200384K(265216K)->22758K(265216K) Eden: 200192K(200192K)->0K(200192K) From: 192K(65024K)->22758K(65024K)
[20.411s][info][gc,heap        ] GC(46) ParOldGen: 474334K(474624K)->474510K(474624K)
[20.411s][info][gc,metaspace   ] GC(46) Metaspace: 17217K(17408K)->17217K(17408K) NonClass: 15418K(15552K)->15418K(15552K) Class: 1798K(1856K)->1798K(1856K)
[20.411s][info][gc             ] GC(46) Pause Young (Allocation Failure) 658M->485M(722M) 21.649ms
[20.411s][info][gc,cpu         ] GC(46) User=0.04s Sys=0.00s Real=0.02s
[20.784s][info][gc,start       ] GC(47) Pause Young (Allocation Failure)
[20.857s][info][gc,heap        ] GC(47) PSYoungGen: 222950K(265216K)->56448K(252928K) Eden: 200192K(200192K)->0K(190464K) From: 22758K(65024K)->56448K(62464K)
[20.857s][info][gc,heap        ] GC(47) ParOldGen: 474510K(474624K)->497456K(497664K)
[20.857s][info][gc,metaspace   ] GC(47) Metaspace: 17221K(17408K)->17221K(17408K) NonClass: 15423K(15552K)->15423K(15552K) Class: 1798K(1856K)->1798K(1856K)
[20.857s][info][gc             ] GC(47) Pause Young (Allocation Failure) 681M->540M(733M) 73.454ms
[20.857s][info][gc,cpu         ] GC(47) User=0.13s Sys=0.02s Real=0.07s
[21.164s][info][gc,start       ] GC(48) Pause Young (Allocation Failure)
[21.242s][info][gc,heap        ] GC(48) PSYoungGen: 246912K(252928K)->14208K(262144K) Eden: 190464K(190464K)->0K(190464K) From: 56448K(62464K)->14208K(71680K)
[21.242s][info][gc,heap        ] GC(48) ParOldGen: 497456K(497664K)->554548K(555008K)
[21.242s][info][gc,metaspace   ] GC(48) Metaspace: 17233K(17408K)->17233K(17408K) NonClass: 15434K(15552K)->15434K(15552K) Class: 1798K(1856K)->1798K(1856K)
[21.242s][info][gc             ] GC(48) Pause Young (Allocation Failure) 726M->555M(798M) 78.052ms
[21.242s][info][gc,cpu         ] GC(48) User=0.11s Sys=0.05s Real=0.08s
[21.535s][info][gc,start       ] GC(49) Pause Young (Allocation Failure)
[21.613s][info][gc,heap        ] GC(49) PSYoungGen: 204672K(262144K)->43221K(259072K) Eden: 190464K(190464K)->0K(190464K) From: 14208K(71680K)->43221K(68608K)
[21.613s][info][gc,heap        ] GC(49) ParOldGen: 554548K(555008K)->568135K(568320K)
[21.613s][info][gc,metaspace   ] GC(49) Metaspace: 17246K(17408K)->17246K(17408K) NonClass: 15447K(15552K)->15447K(15552K) Class: 1798K(1856K)->1798K(1856K)
[21.613s][info][gc             ] GC(49) Pause Young (Allocation Failure) 741M->597M(808M) 78.603ms
[21.613s][info][gc,cpu         ] GC(49) User=0.15s Sys=0.01s Real=0.08s
[21.801s][info][gc,start       ] GC(50) Pause Young (Allocation Failure)
[21.897s][info][gc,heap        ] GC(50) PSYoungGen: 233685K(259072K)->38176K(228864K) Eden: 190464K(190464K)->0K(190464K) From: 43221K(68608K)->38176K(38400K)
[21.897s][info][gc,heap        ] GC(50) ParOldGen: 568135K(568320K)->611578K(611840K)
[21.897s][info][gc,metaspace   ] GC(50) Metaspace: 17246K(17408K)->17246K(17408K) NonClass: 15448K(15552K)->15448K(15552K) Class: 1798K(1856K)->1798K(1856K)
[21.897s][info][gc             ] GC(50) Pause Young (Allocation Failure) 783M->634M(821M) 96.269ms
[21.897s][info][gc,cpu         ] GC(50) User=0.15s Sys=0.04s Real=0.10s
[22.064s][info][gc,start       ] GC(51) Pause Full (Allocation Failure)
[22.064s][info][gc,phases,start] GC(51) Marking Phase
[22.334s][info][gc,phases      ] GC(51) Marking Phase 270.110ms
[22.334s][info][gc,phases,start] GC(51) Summary Phase
[22.334s][info][gc,phases      ] GC(51) Summary Phase 0.030ms
[22.334s][info][gc,phases,start] GC(51) Forward
[22.415s][info][gc,phases      ] GC(51) Forward 81.185ms
[22.415s][info][gc,phases,start] GC(51) Adjust Pointers
[22.605s][info][gc,phases      ] GC(51) Adjust Pointers 190.120ms
[22.606s][info][gc,phases,start] GC(51) Compaction Phase
[22.712s][info][gc,phases      ] GC(51) Compaction Phase 106.617ms
[22.718s][info][gc,phases,start] GC(51) Post Compact
[22.721s][info][gc,phases      ] GC(51) Post Compact 2.870ms
[22.726s][info][gc,heap        ] GC(51) PSYoungGen: 228640K(228864K)->0K(261632K) Eden: 190464K(190464K)->0K(189440K) From: 38176K(38400K)->0K(72192K)
[22.726s][info][gc,heap        ] GC(51) ParOldGen: 611578K(611840K)->377365K(530944K)
[22.726s][info][gc,metaspace   ] GC(51) Metaspace: 17249K(17472K)->17249K(17472K) NonClass: 15450K(15616K)->15450K(15616K) Class: 1798K(1856K)->1798K(1856K)
[22.726s][info][gc             ] GC(51) Pause Full (Allocation Failure) 820M->368M(774M) 662.417ms
[22.726s][info][gc,cpu         ] GC(51) User=1.23s Sys=0.01s Real=0.66s
[22.931s][info][gc,start       ] GC(52) Pause Young (Allocation Failure)
[22.971s][info][gc,heap        ] GC(52) PSYoungGen: 189440K(261632K)->22688K(212480K) Eden: 189440K(189440K)->0K(189440K) From: 0K(72192K)->22688K(23040K)
[22.971s][info][gc,heap        ] GC(52) ParOldGen: 377365K(530944K)->377365K(530944K)
[22.971s][info][gc,metaspace   ] GC(52) Metaspace: 17249K(17472K)->17249K(17472K) NonClass: 15450K(15616K)->15450K(15616K) Class: 1798K(1856K)->1798K(1856K)
[22.971s][info][gc             ] GC(52) Pause Young (Allocation Failure) 553M->390M(726M) 40.557ms
[22.971s][info][gc,cpu         ] GC(52) User=0.07s Sys=0.01s Real=0.04s
[23.128s][info][gc,start       ] GC(53) Pause Young (Allocation Failure)
[23.166s][info][gc,heap        ] GC(53) PSYoungGen: 212128K(212480K)->8352K(259072K) Eden: 189440K(189440K)->0K(190976K) From: 22688K(23040K)->8352K(68096K)
[23.166s][info][gc,heap        ] GC(53) ParOldGen: 377365K(530944K)->400093K(530944K)
[23.166s][info][gc,metaspace   ] GC(53) Metaspace: 17249K(17472K)->17249K(17472K) NonClass: 15450K(15616K)->15450K(15616K) Class: 1798K(1856K)->1798K(1856K)
[23.166s][info][gc             ] GC(53) Pause Young (Allocation Failure) 575M->398M(771M) 38.729ms
[23.166s][info][gc,cpu         ] GC(53) User=0.08s Sys=0.00s Real=0.04s
[23.354s][info][gc,start       ] GC(54) Pause Young (Allocation Failure)
[23.372s][info][gc,heap        ] GC(54) PSYoungGen: 199328K(259072K)->5152K(257536K) Eden: 190976K(190976K)->0K(190976K) From: 8352K(68096K)->5152K(66560K)
[23.372s][info][gc,heap        ] GC(54) ParOldGen: 400093K(530944K)->408429K(530944K)
[23.372s][info][gc,metaspace   ] GC(54) Metaspace: 17267K(17472K)->17267K(17472K) NonClass: 15469K(15616K)->15469K(15616K) Class: 1798K(1856K)->1798K(1856K)
[23.372s][info][gc             ] GC(54) Pause Young (Allocation Failure) 585M->403M(770M) 18.541ms
[23.372s][info][gc,cpu         ] GC(54) User=0.04s Sys=0.00s Real=0.02s
[23.754s][info][gc,start       ] GC(55) Pause Young (Allocation Failure)
[23.791s][info][gc,heap        ] GC(55) PSYoungGen: 196128K(257536K)->27456K(264704K) Eden: 190976K(190976K)->0K(201728K) From: 5152K(66560K)->27456K(62976K)
[23.791s][info][gc,heap        ] GC(55) ParOldGen: 408429K(530944K)->413573K(530944K)
[23.791s][info][gc,metaspace   ] GC(55) Metaspace: 17269K(17472K)->17269K(17472K) NonClass: 15470K(15616K)->15470K(15616K) Class: 1798K(1856K)->1798K(1856K)
[23.791s][info][gc             ] GC(55) Pause Young (Allocation Failure) 590M->430M(777M) 37.539ms
[23.791s][info][gc,cpu         ] GC(55) User=0.06s Sys=0.00s Real=0.03s
[24.440s][info][gc,start       ] GC(56) Pause Young (Allocation Failure)
[24.488s][info][gc,heap        ] GC(56) PSYoungGen: 229184K(264704K)->16512K(264704K) Eden: 201728K(201728K)->0K(201728K) From: 27456K(62976K)->16512K(62976K)
[24.488s][info][gc,heap        ] GC(56) ParOldGen: 413573K(530944K)->441075K(530944K)
[24.488s][info][gc,metaspace   ] GC(56) Metaspace: 17282K(17472K)->17282K(17472K) NonClass: 15483K(15616K)->15483K(15616K) Class: 1798K(1856K)->1798K(1856K)
[24.488s][info][gc             ] GC(56) Pause Young (Allocation Failure) 627M->446M(777M) 47.744ms
[24.488s][info][gc,cpu         ] GC(56) User=0.10s Sys=0.00s Real=0.05s
[24.859s][info][gc,start       ] GC(57) Pause Young (Allocation Failure)
[24.886s][info][gc,heap        ] GC(57) PSYoungGen: 218240K(264704K)->13120K(268800K) Eden: 201728K(201728K)->0K(209920K) From: 16512K(62976K)->13120K(58880K)
[24.886s][info][gc,heap        ] GC(57) ParOldGen: 441075K(530944K)->457701K(530944K)
[24.886s][info][gc,metaspace   ] GC(57) Metaspace: 17295K(17472K)->17295K(17472K) NonClass: 15496K(15616K)->15496K(15616K) Class: 1799K(1856K)->1799K(1856K)
[24.886s][info][gc             ] GC(57) Pause Young (Allocation Failure) 643M->459M(781M) 27.354ms
[24.886s][info][gc,cpu         ] GC(57) User=0.05s Sys=0.00s Real=0.03s
[25.096s][info][gc,start       ] GC(58) Pause Young (Allocation Failure)
[25.186s][info][gc,heap        ] GC(58) PSYoungGen: 223040K(268800K)->57840K(267776K) Eden: 209920K(209920K)->0K(209920K) From: 13120K(58880K)->57840K(57856K)
[25.186s][info][gc,heap        ] GC(58) ParOldGen: 457701K(530944K)->489365K(530944K)
[25.186s][info][gc,metaspace   ] GC(58) Metaspace: 17313K(17472K)->17313K(17472K) NonClass: 15514K(15616K)->15514K(15616K) Class: 1799K(1856K)->1799K(1856K)
[25.186s][info][gc             ] GC(58) Pause Young (Allocation Failure) 664M->534M(780M) 90.071ms
[25.186s][info][gc,cpu         ] GC(58) User=0.17s Sys=0.00s Real=0.09s
[25.741s][info][gc,start       ] GC(59) Pause Young (Allocation Failure)
[25.813s][info][gc,heap        ] GC(59) PSYoungGen: 267760K(267776K)->5024K(243200K) Eden: 209920K(209920K)->0K(177152K) From: 57840K(57856K)->5024K(66048K)
[25.813s][info][gc,heap        ] GC(59) ParOldGen: 489365K(530944K)->547853K(548352K)
[25.813s][info][gc,metaspace   ] GC(59) Metaspace: 17319K(17472K)->17319K(17472K) NonClass: 15520K(15616K)->15520K(15616K) Class: 1799K(1856K)->1799K(1856K)
[25.813s][info][gc             ] GC(59) Pause Young (Allocation Failure) 739M->539M(773M) 72.294ms
[25.813s][info][gc,cpu         ] GC(59) User=0.14s Sys=0.01s Real=0.08s
[26.198s][info][gc,start       ] GC(60) Pause Young (Allocation Failure)
[26.273s][info][gc,heap        ] GC(60) PSYoungGen: 182176K(243200K)->39711K(255488K) Eden: 177152K(177152K)->0K(177152K) From: 5024K(66048K)->39711K(78336K)
[26.273s][info][gc,heap        ] GC(60) ParOldGen: 547853K(548352K)->552861K(552960K)
[26.273s][info][gc,metaspace   ] GC(60) Metaspace: 17319K(17472K)->17319K(17472K) NonClass: 15520K(15616K)->15520K(15616K) Class: 1799K(1856K)->1799K(1856K)
[26.273s][info][gc             ] GC(60) Pause Young (Allocation Failure) 712M->578M(789M) 74.712ms
[26.273s][info][gc,cpu         ] GC(60) User=0.15s Sys=0.00s Real=0.08s
[26.490s][info][gc,start       ] GC(61) Pause Young (Allocation Failure)
[26.577s][info][gc,heap        ] GC(61) PSYoungGen: 216863K(255488K)->21920K(246272K) Eden: 177152K(177152K)->0K(177152K) From: 39711K(78336K)->21920K(69120K)
[26.577s][info][gc,heap        ] GC(61) ParOldGen: 552861K(552960K)->592668K(592896K)
[26.577s][info][gc,metaspace   ] GC(61) Metaspace: 17319K(17472K)->17319K(17472K) NonClass: 15520K(15616K)->15520K(15616K) Class: 1799K(1856K)->1799K(1856K)
[26.577s][info][gc             ] GC(61) Pause Young (Allocation Failure) 751M->600M(819M) 86.744ms
[26.577s][info][gc,cpu         ] GC(61) User=0.14s Sys=0.04s Real=0.09s
[26.737s][info][gc,start       ] GC(62) Pause Young (Allocation Failure)
[26.773s][info][gc,heap        ] GC(62) PSYoungGen: 199072K(246272K)->1088K(250880K) Eden: 177152K(177152K)->0K(177152K) From: 21920K(69120K)->1088K(73728K)
[26.774s][info][gc,heap        ] GC(62) ParOldGen: 592668K(592896K)->614628K(614912K)
[26.774s][info][gc,metaspace   ] GC(62) Metaspace: 17319K(17472K)->17319K(17472K) NonClass: 15520K(15616K)->15520K(15616K) Class: 1799K(1856K)->1799K(1856K)
[26.774s][info][gc             ] GC(62) Pause Young (Allocation Failure) 773M->601M(845M) 36.968ms
[26.774s][info][gc,cpu         ] GC(62) User=0.06s Sys=0.01s Real=0.04s
[27.046s][info][gc,start       ] GC(63) Pause Full (Allocation Failure)
[27.046s][info][gc,phases,start] GC(63) Marking Phase
[27.401s][info][gc,phases      ] GC(63) Marking Phase 355.425ms
[27.401s][info][gc,phases,start] GC(63) Summary Phase
[27.401s][info][gc,phases      ] GC(63) Summary Phase 0.027ms
[27.401s][info][gc,phases,start] GC(63) Forward
[27.460s][info][gc,phases      ] GC(63) Forward 58.393ms
[27.460s][info][gc,phases,start] GC(63) Adjust Pointers
[27.724s][info][gc,phases      ] GC(63) Adjust Pointers 264.401ms
[27.724s][info][gc,phases,start] GC(63) Compaction Phase
[27.854s][info][gc,phases      ] GC(63) Compaction Phase 129.262ms
[27.860s][info][gc,phases,start] GC(63) Post Compact
[27.862s][info][gc,phases      ] GC(63) Post Compact 2.357ms
[27.863s][info][gc,heap        ] GC(63) PSYoungGen: 178240K(250880K)->0K(259584K) Eden: 177152K(177152K)->0K(186880K) From: 1088K(73728K)->0K(72704K)
[27.863s][info][gc,heap        ] GC(63) ParOldGen: 614628K(614912K)->531451K(667648K)
[27.863s][info][gc,metaspace   ] GC(63) Metaspace: 17319K(17472K)->17319K(17472K) NonClass: 15520K(15616K)->15520K(15616K) Class: 1799K(1856K)->1799K(1856K)
[27.863s][info][gc             ] GC(63) Pause Full (Allocation Failure) 774M->518M(905M) 816.759ms
[27.863s][info][gc,cpu         ] GC(63) User=1.58s Sys=0.00s Real=0.82s
[28.192s][info][gc,start       ] GC(64) Pause Young (Allocation Failure)
[28.272s][info][gc,heap        ] GC(64) PSYoungGen: 186880K(259584K)->32640K(219648K) Eden: 186880K(186880K)->0K(186880K) From: 0K(72704K)->32640K(32768K)
[28.272s][info][gc,heap        ] GC(64) ParOldGen: 531451K(667648K)->531451K(667648K)
[28.272s][info][gc,metaspace   ] GC(64) Metaspace: 17319K(17472K)->17319K(17472K) NonClass: 15520K(15616K)->15520K(15616K) Class: 1799K(1856K)->1799K(1856K)
[28.272s][info][gc             ] GC(64) Pause Young (Allocation Failure) 701M->550M(866M) 79.700ms
[28.272s][info][gc,cpu         ] GC(64) User=0.16s Sys=0.00s Real=0.07s
[28.584s][info][gc,start       ] GC(65) Pause Young (Allocation Failure)
[28.655s][info][gc,heap        ] GC(65) PSYoungGen: 219520K(219648K)->49154K(252928K) Eden: 186880K(186880K)->0K(181248K) From: 32640K(32768K)->49154K(71680K)
[28.655s][info][gc,heap        ] GC(65) ParOldGen: 531451K(667648K)->564147K(667648K)
[28.655s][info][gc,metaspace   ] GC(65) Metaspace: 17330K(17472K)->17330K(17472K) NonClass: 15530K(15616K)->15530K(15616K) Class: 1799K(1856K)->1799K(1856K)
[28.655s][info][gc             ] GC(65) Pause Young (Allocation Failure) 733M->598M(899M) 71.324ms
[28.655s][info][gc,cpu         ] GC(65) User=0.14s Sys=0.00s Real=0.07s
[29.041s][info][gc,start       ] GC(66) Pause Young (Allocation Failure)
[29.094s][info][gc,heap        ] GC(66) PSYoungGen: 230402K(252928K)->31456K(257536K) Eden: 181248K(181248K)->0K(181248K) From: 49154K(71680K)->31456K(76288K)
[29.094s][info][gc,heap        ] GC(66) ParOldGen: 564147K(667648K)->613832K(667648K)
[29.094s][info][gc,metaspace   ] GC(66) Metaspace: 17332K(17472K)->17332K(17472K) NonClass: 15533K(15616K)->15533K(15616K) Class: 1799K(1856K)->1799K(1856K)
[29.094s][info][gc             ] GC(66) Pause Young (Allocation Failure) 775M->630M(903M) 52.992ms
[29.094s][info][gc,cpu         ] GC(66) User=0.11s Sys=0.00s Real=0.06s
[29.457s][info][gc,start       ] GC(67) Pause Full (Allocation Failure)
[29.457s][info][gc,phases,start] GC(67) Marking Phase
[29.795s][info][gc,phases      ] GC(67) Marking Phase 338.032ms
[29.795s][info][gc,phases,start] GC(67) Summary Phase
[29.795s][info][gc,phases      ] GC(67) Summary Phase 0.027ms
[29.795s][info][gc,phases,start] GC(67) Forward
[29.908s][info][gc,phases      ] GC(67) Forward 113.133ms
[29.908s][info][gc,phases,start] GC(67) Adjust Pointers
[30.165s][info][gc,phases      ] GC(67) Adjust Pointers 257.238ms
[30.165s][info][gc,phases,start] GC(67) Compaction Phase
[30.325s][info][gc,phases      ] GC(67) Compaction Phase 159.599ms
[30.336s][info][gc,phases,start] GC(67) Post Compact
[30.338s][info][gc,phases      ] GC(67) Post Compact 2.396ms
[30.339s][info][gc,heap        ] GC(67) PSYoungGen: 212704K(257536K)->0K(256512K) Eden: 181248K(181248K)->0K(184832K) From: 31456K(76288K)->0K(71680K)
[30.339s][info][gc,heap        ] GC(67) ParOldGen: 613832K(667648K)->525094K(667648K)
[30.339s][info][gc,metaspace   ] GC(67) Metaspace: 17345K(17472K)->17345K(17472K) NonClass: 15546K(15616K)->15546K(15616K) Class: 1799K(1856K)->1799K(1856K)
[30.339s][info][gc             ] GC(67) Pause Full (Allocation Failure) 807M->512M(902M) 881.979ms
[30.339s][info][gc,cpu         ] GC(67) User=1.67s Sys=0.00s Real=0.88s
[30.588s][info][gc,start       ] GC(68) Pause Young (Allocation Failure)
[30.616s][info][gc,heap        ] GC(68) PSYoungGen: 184832K(256512K)->26592K(257536K) Eden: 184832K(184832K)->0K(184832K) From: 0K(71680K)->26592K(72704K)
[30.616s][info][gc,heap        ] GC(68) ParOldGen: 525094K(667648K)->525094K(667648K)
[30.616s][info][gc,metaspace   ] GC(68) Metaspace: 17345K(17472K)->17345K(17472K) NonClass: 15546K(15616K)->15546K(15616K) Class: 1799K(1856K)->1799K(1856K)
[30.616s][info][gc             ] GC(68) Pause Young (Allocation Failure) 693M->538M(903M) 27.502ms
[30.616s][info][gc,cpu         ] GC(68) User=0.05s Sys=0.00s Real=0.03s
[30.753s][info][gc,start       ] GC(69) Pause Young (Allocation Failure)
[30.780s][info][gc,heap        ] GC(69) PSYoungGen: 211424K(257536K)->27296K(256000K) Eden: 184832K(184832K)->0K(192512K) From: 26592K(72704K)->27296K(63488K)
[30.780s][info][gc,heap        ] GC(69) ParOldGen: 525094K(667648K)->525094K(667648K)
[30.780s][info][gc,metaspace   ] GC(69) Metaspace: 17345K(17472K)->17345K(17472K) NonClass: 15546K(15616K)->15546K(15616K) Class: 1799K(1856K)->1799K(1856K)
[30.780s][info][gc             ] GC(69) Pause Young (Allocation Failure) 719M->539M(902M) 26.896ms
[30.780s][info][gc,cpu         ] GC(69) User=0.05s Sys=0.00s Real=0.02s
[30.960s][info][gc,start       ] GC(70) Pause Young (Allocation Failure)
[30.992s][info][gc,heap        ] GC(70) PSYoungGen: 219808K(256000K)->31616K(257024K) Eden: 192512K(192512K)->0K(192512K) From: 27296K(63488K)->31616K(64512K)
[30.992s][info][gc,heap        ] GC(70) ParOldGen: 525094K(667648K)->525094K(667648K)
[30.992s][info][gc,metaspace   ] GC(70) Metaspace: 17346K(17472K)->17346K(17472K) NonClass: 15546K(15616K)->15546K(15616K) Class: 1799K(1856K)->1799K(1856K)
[30.992s][info][gc             ] GC(70) Pause Young (Allocation Failure) 727M->543M(903M) 31.951ms
[30.992s][info][gc,cpu         ] GC(70) User=0.06s Sys=0.00s Real=0.04s
[31.316s][info][gc,start       ] GC(71) Pause Young (Allocation Failure)
[31.368s][info][gc,heap        ] GC(71) PSYoungGen: 224128K(257024K)->54944K(258048K) Eden: 192512K(192512K)->0K(195584K) From: 31616K(64512K)->54944K(62464K)
[31.368s][info][gc,heap        ] GC(71) ParOldGen: 525094K(667648K)->525094K(667648K)
[31.368s][info][gc,metaspace   ] GC(71) Metaspace: 17346K(17472K)->17346K(17472K) NonClass: 15546K(15616K)->15546K(15616K) Class: 1799K(1856K)->1799K(1856K)
[31.368s][info][gc             ] GC(71) Pause Young (Allocation Failure) 731M->566M(904M) 52.056ms
[31.368s][info][gc,cpu         ] GC(71) User=0.11s Sys=0.00s Real=0.05s
[31.973s][info][gc,start       ] GC(72) Pause Young (Allocation Failure)
[32.032s][info][gc,heap        ] GC(72) PSYoungGen: 250528K(258048K)->60464K(256512K) Eden: 195584K(195584K)->0K(195584K) From: 54944K(62464K)->60464K(60928K)
[32.032s][info][gc,heap        ] GC(72) ParOldGen: 525094K(667648K)->525094K(667648K)
[32.032s][info][gc,metaspace   ] GC(72) Metaspace: 17347K(17472K)->17347K(17472K) NonClass: 15548K(15616K)->15548K(15616K) Class: 1799K(1856K)->1799K(1856K)
[32.032s][info][gc             ] GC(72) Pause Young (Allocation Failure) 757M->571M(902M) 59.356ms
[32.032s][info][gc,cpu         ] GC(72) User=0.12s Sys=0.00s Real=0.06s
[32.729s][info][gc,start       ] GC(73) Pause Young (Allocation Failure)
[32.819s][info][gc,heap        ] GC(73) PSYoungGen: 256048K(256512K)->60560K(246272K) Eden: 195584K(195584K)->0K(169984K) From: 60464K(60928K)->60560K(76288K)
[32.819s][info][gc,heap        ] GC(73) ParOldGen: 525094K(667648K)->525094K(667648K)
[32.819s][info][gc,metaspace   ] GC(73) Metaspace: 17347K(17472K)->17347K(17472K) NonClass: 15548K(15616K)->15548K(15616K) Class: 1799K(1856K)->1799K(1856K)
[32.819s][info][gc             ] GC(73) Pause Young (Allocation Failure) 762M->571M(892M) 90.186ms
[32.819s][info][gc,cpu         ] GC(73) User=0.18s Sys=0.00s Real=0.09s
[33.282s][info][gc,start       ] GC(74) Pause Young (Allocation Failure)
[33.343s][info][gc,heap        ] GC(74) PSYoungGen: 230544K(246272K)->61072K(231424K) Eden: 169984K(169984K)->0K(169984K) From: 60560K(76288K)->61072K(61440K)
[33.343s][info][gc,heap        ] GC(74) ParOldGen: 525094K(667648K)->525094K(667648K)
[33.343s][info][gc,metaspace   ] GC(74) Metaspace: 17347K(17472K)->17347K(17472K) NonClass: 15548K(15616K)->15548K(15616K) Class: 1799K(1856K)->1799K(1856K)
[33.343s][info][gc             ] GC(74) Pause Young (Allocation Failure) 737M->572M(878M) 61.059ms
[33.343s][info][gc,cpu         ] GC(74) User=0.12s Sys=0.00s Real=0.06s
[33.526s][info][gc,start       ] GC(75) Pause Young (Allocation Failure)
[33.633s][info][gc,heap        ] GC(75) PSYoungGen: 231056K(231424K)->86512K(198144K) Eden: 169984K(169984K)->0K(111616K) From: 61072K(61440K)->86512K(86528K)
[33.633s][info][gc,heap        ] GC(75) ParOldGen: 525094K(667648K)->555870K(667648K)
[33.633s][info][gc,metaspace   ] GC(75) Metaspace: 17347K(17472K)->17347K(17472K) NonClass: 15548K(15616K)->15548K(15616K) Class: 1799K(1856K)->1799K(1856K)
[33.633s][info][gc             ] GC(75) Pause Young (Allocation Failure) 738M->627M(845M) 107.443ms
[33.633s][info][gc,cpu         ] GC(75) User=0.21s Sys=0.00s Real=0.11s
[33.936s][info][gc,start       ] GC(76) Pause Young (Allocation Failure)
[34.040s][info][gc,heap        ] GC(76) PSYoungGen: 198128K(198144K)->81296K(222720K) Eden: 111616K(111616K)->0K(111616K) From: 86512K(86528K)->81296K(111104K)
[34.040s][info][gc,heap        ] GC(76) ParOldGen: 555870K(667648K)->583222K(667648K)
[34.040s][info][gc,metaspace   ] GC(76) Metaspace: 17348K(17472K)->17348K(17472K) NonClass: 15549K(15616K)->15549K(15616K) Class: 1799K(1856K)->1799K(1856K)
[34.040s][info][gc             ] GC(76) Pause Young (Allocation Failure) 736M->648M(869M) 104.385ms
[34.040s][info][gc,cpu         ] GC(76) User=0.21s Sys=0.00s Real=0.10s
[34.203s][info][gc,start       ] GC(77) Pause Young (Allocation Failure)
[34.278s][info][gc,heap        ] GC(77) PSYoungGen: 192912K(222720K)->56288K(222720K) Eden: 111616K(111616K)->0K(111616K) From: 81296K(111104K)->56288K(111104K)
[34.279s][info][gc,heap        ] GC(77) ParOldGen: 583222K(667648K)->610958K(667648K)
[34.279s][info][gc,metaspace   ] GC(77) Metaspace: 17348K(17472K)->17348K(17472K) NonClass: 15549K(15616K)->15549K(15616K) Class: 1799K(1856K)->1799K(1856K)
[34.279s][info][gc             ] GC(77) Pause Young (Allocation Failure) 757M->651M(869M) 75.463ms
[34.279s][info][gc,cpu         ] GC(77) User=0.15s Sys=0.00s Real=0.07s
[34.570s][info][gc,start       ] GC(78) Pause Full (Allocation Failure)
[34.570s][info][gc,phases,start] GC(78) Marking Phase
[35.028s][info][gc,phases      ] GC(78) Marking Phase 457.891ms
[35.028s][info][gc,phases,start] GC(78) Summary Phase
[35.028s][info][gc,phases      ] GC(78) Summary Phase 0.028ms
[35.028s][info][gc,phases,start] GC(78) Forward
[35.113s][info][gc,phases      ] GC(78) Forward 84.742ms
[35.113s][info][gc,phases,start] GC(78) Adjust Pointers
[35.445s][info][gc,phases      ] GC(78) Adjust Pointers 331.594ms
[35.445s][info][gc,phases,start] GC(78) Compaction Phase
[35.667s][info][gc,phases      ] GC(78) Compaction Phase 222.249ms
[35.678s][info][gc,phases,start] GC(78) Post Compact
[35.680s][info][gc,phases      ] GC(78) Post Compact 2.239ms
[35.680s][info][gc,heap        ] GC(78) PSYoungGen: 167904K(222720K)->6565K(222720K) Eden: 111616K(111616K)->0K(111616K) From: 56288K(111104K)->6565K(111104K)
[35.680s][info][gc,heap        ] GC(78) ParOldGen: 610958K(667648K)->667370K(667648K)
[35.680s][info][gc,metaspace   ] GC(78) Metaspace: 17349K(17472K)->17349K(17472K) NonClass: 15550K(15616K)->15550K(15616K) Class: 1799K(1856K)->1799K(1856K)
[35.680s][info][gc             ] GC(78) Pause Full (Allocation Failure) 760M->658M(869M) 1110.079ms
[35.680s][info][gc,cpu         ] GC(78) User=2.12s Sys=0.03s Real=1.11s
[35.808s][info][gc,start       ] GC(79) Pause Full (Allocation Failure)
[35.808s][info][gc,phases,start] GC(79) Marking Phase
[36.307s][info][gc,phases      ] GC(79) Marking Phase 498.859ms
[36.307s][info][gc,phases,start] GC(79) Summary Phase
[36.307s][info][gc,phases      ] GC(79) Summary Phase 0.024ms
[36.307s][info][gc,phases,start] GC(79) Forward
[36.317s][info][gc,phases      ] GC(79) Forward 9.517ms
[36.317s][info][gc,phases,start] GC(79) Adjust Pointers
[36.630s][info][gc,phases      ] GC(79) Adjust Pointers 313.024ms
[36.630s][info][gc,phases,start] GC(79) Compaction Phase
[36.762s][info][gc,phases      ] GC(79) Compaction Phase 132.446ms
[36.763s][info][gc,phases,start] GC(79) Post Compact
[36.765s][info][gc,phases      ] GC(79) Post Compact 2.273ms
[36.765s][info][gc,heap        ] GC(79) PSYoungGen: 118181K(222720K)->23867K(222720K) Eden: 111616K(111616K)->23867K(111616K) From: 6565K(111104K)->0K(111104K)
[36.765s][info][gc,heap        ] GC(79) ParOldGen: 667370K(667648K)->667470K(667648K)
[36.765s][info][gc,metaspace   ] GC(79) Metaspace: 17349K(17472K)->17349K(17472K) NonClass: 15550K(15616K)->15550K(15616K) Class: 1799K(1856K)->1799K(1856K)
[36.765s][info][gc             ] GC(79) Pause Full (Allocation Failure) 767M->675M(869M) 956.814ms
[36.765s][info][gc,cpu         ] GC(79) User=1.81s Sys=0.01s Real=0.96s
[36.863s][info][gc,start       ] GC(80) Pause Full (Allocation Failure)
[36.863s][info][gc,phases,start] GC(80) Marking Phase
[37.341s][info][gc,phases      ] GC(80) Marking Phase 477.501ms
[37.341s][info][gc,phases,start] GC(80) Summary Phase
[37.341s][info][gc,phases      ] GC(80) Summary Phase 0.027ms
[37.341s][info][gc,phases,start] GC(80) Forward
[37.461s][info][gc,phases      ] GC(80) Forward 120.638ms
[37.462s][info][gc,phases,start] GC(80) Adjust Pointers
[37.833s][info][gc,phases      ] GC(80) Adjust Pointers 371.066ms
[37.833s][info][gc,phases,start] GC(80) Compaction Phase
[38.067s][info][gc,phases      ] GC(80) Compaction Phase 233.925ms
[38.079s][info][gc,phases,start] GC(80) Post Compact
[38.081s][info][gc,phases      ] GC(80) Post Compact 2.266ms
[38.081s][info][gc,heap        ] GC(80) PSYoungGen: 111616K(222720K)->4374K(222720K) Eden: 111616K(111616K)->4374K(111616K) From: 0K(111104K)->0K(111104K)
[38.081s][info][gc,heap        ] GC(80) ParOldGen: 667470K(667648K)->667299K(667648K)
[38.081s][info][gc,metaspace   ] GC(80) Metaspace: 17349K(17472K)->17349K(17472K) NonClass: 15550K(15616K)->15550K(15616K) Class: 1799K(1856K)->1799K(1856K)
[38.081s][info][gc             ] GC(80) Pause Full (Allocation Failure) 760M->655M(869M) 1217.758ms
[38.081s][info][gc,cpu         ] GC(80) User=2.40s Sys=0.00s Real=1.21s
[38.147s][info][gc,start       ] GC(81) Pause Full (Allocation Failure)
[38.147s][info][gc,phases,start] GC(81) Marking Phase
[38.615s][info][gc,phases      ] GC(81) Marking Phase 467.957ms
[38.615s][info][gc,phases,start] GC(81) Summary Phase
[38.615s][info][gc,phases      ] GC(81) Summary Phase 0.023ms
[38.615s][info][gc,phases,start] GC(81) Forward
[38.620s][info][gc,phases      ] GC(81) Forward 5.228ms
[38.620s][info][gc,phases,start] GC(81) Adjust Pointers
[38.943s][info][gc,phases      ] GC(81) Adjust Pointers 323.547ms
[38.944s][info][gc,phases,start] GC(81) Compaction Phase
[39.074s][info][gc,phases      ] GC(81) Compaction Phase 130.843ms
[39.074s][info][gc,phases,start] GC(81) Post Compact
[39.077s][info][gc,phases      ] GC(81) Post Compact 2.203ms
[39.077s][info][gc,heap        ] GC(81) PSYoungGen: 111616K(222720K)->6262K(222720K) Eden: 111616K(111616K)->6262K(111616K) From: 0K(111104K)->0K(111104K)
[39.077s][info][gc,heap        ] GC(81) ParOldGen: 667299K(667648K)->667298K(667648K)
[39.077s][info][gc,metaspace   ] GC(81) Metaspace: 17349K(17472K)->17349K(17472K) NonClass: 15550K(15616K)->15550K(15616K) Class: 1799K(1856K)->1799K(1856K)
[39.077s][info][gc             ] GC(81) Pause Full (Allocation Failure) 760M->657M(869M) 930.224ms
[39.077s][info][gc,cpu         ] GC(81) User=1.83s Sys=0.00s Real=0.93s
[39.183s][info][gc,start       ] GC(82) Pause Full (Allocation Failure)
[39.183s][info][gc,phases,start] GC(82) Marking Phase
[39.650s][info][gc,phases      ] GC(82) Marking Phase 467.377ms
[39.650s][info][gc,phases,start] GC(82) Summary Phase
[39.650s][info][gc,phases      ] GC(82) Summary Phase 0.022ms
[39.650s][info][gc,phases,start] GC(82) Forward
[39.653s][info][gc,phases      ] GC(82) Forward 3.188ms
[39.653s][info][gc,phases,start] GC(82) Adjust Pointers
[39.971s][info][gc,phases      ] GC(82) Adjust Pointers 317.685ms
[39.971s][info][gc,phases,start] GC(82) Compaction Phase
[40.099s][info][gc,phases      ] GC(82) Compaction Phase 127.799ms
[40.099s][info][gc,phases,start] GC(82) Post Compact
[40.101s][info][gc,phases      ] GC(82) Post Compact 2.172ms
[40.101s][info][gc,heap        ] GC(82) PSYoungGen: 111616K(222720K)->6841K(222720K) Eden: 111616K(111616K)->6841K(111616K) From: 0K(111104K)->0K(111104K)
[40.101s][info][gc,heap        ] GC(82) ParOldGen: 667298K(667648K)->667298K(667648K)
[40.101s][info][gc,metaspace   ] GC(82) Metaspace: 17349K(17472K)->17349K(17472K) NonClass: 15550K(15616K)->15550K(15616K) Class: 1799K(1856K)->1799K(1856K)
[40.101s][info][gc             ] GC(82) Pause Full (Allocation Failure) 760M->658M(869M) 918.597ms
[40.101s][info][gc,cpu         ] GC(82) User=1.81s Sys=0.00s Real=0.91s
[40.194s][info][gc,start       ] GC(83) Pause Full (Allocation Failure)
[40.194s][info][gc,phases,start] GC(83) Marking Phase
[40.662s][info][gc,phases      ] GC(83) Marking Phase 467.919ms
[40.662s][info][gc,phases,start] GC(83) Summary Phase
[40.662s][info][gc,phases      ] GC(83) Summary Phase 0.022ms
[40.662s][info][gc,phases,start] GC(83) Forward
[40.667s][info][gc,phases      ] GC(83) Forward 5.266ms
[40.667s][info][gc,phases,start] GC(83) Adjust Pointers
[40.995s][info][gc,phases      ] GC(83) Adjust Pointers 327.547ms
[40.995s][info][gc,phases,start] GC(83) Compaction Phase
[41.128s][info][gc,phases      ] GC(83) Compaction Phase 132.935ms
[41.128s][info][gc,phases,start] GC(83) Post Compact
[41.130s][info][gc,phases      ] GC(83) Post Compact 2.241ms
[41.130s][info][gc,heap        ] GC(83) PSYoungGen: 111616K(222720K)->11174K(222720K) Eden: 111616K(111616K)->11174K(111616K) From: 0K(111104K)->0K(111104K)
[41.130s][info][gc,heap        ] GC(83) ParOldGen: 667298K(667648K)->667298K(667648K)
[41.130s][info][gc,metaspace   ] GC(83) Metaspace: 17349K(17472K)->17349K(17472K) NonClass: 15550K(15616K)->15550K(15616K) Class: 1799K(1856K)->1799K(1856K)
[41.130s][info][gc             ] GC(83) Pause Full (Allocation Failure) 760M->662M(869M) 936.315ms
[41.130s][info][gc,cpu         ] GC(83) User=1.85s Sys=0.00s Real=0.93s
[41.245s][info][gc,start       ] GC(84) Pause Full (Allocation Failure)
[41.245s][info][gc,phases,start] GC(84) Marking Phase
[41.733s][info][gc,phases      ] GC(84) Marking Phase 487.817ms
[41.733s][info][gc,phases,start] GC(84) Summary Phase
[41.733s][info][gc,phases      ] GC(84) Summary Phase 0.032ms
[41.733s][info][gc,phases,start] GC(84) Forward
[41.743s][info][gc,phases      ] GC(84) Forward 10.740ms
[41.743s][info][gc,phases,start] GC(84) Adjust Pointers
[42.075s][info][gc,phases      ] GC(84) Adjust Pointers 331.252ms
[42.075s][info][gc,phases,start] GC(84) Compaction Phase
[42.208s][info][gc,phases      ] GC(84) Compaction Phase 133.234ms
[42.208s][info][gc,phases,start] GC(84) Post Compact
[42.211s][info][gc,phases      ] GC(84) Post Compact 2.235ms
[42.211s][info][gc,heap        ] GC(84) PSYoungGen: 111616K(222720K)->11188K(222720K) Eden: 111616K(111616K)->11188K(111616K) From: 0K(111104K)->0K(111104K)
[42.211s][info][gc,heap        ] GC(84) ParOldGen: 667298K(667648K)->667298K(667648K)
[42.211s][info][gc,metaspace   ] GC(84) Metaspace: 17349K(17472K)->17349K(17472K) NonClass: 15550K(15616K)->15550K(15616K) Class: 1799K(1856K)->1799K(1856K)
[42.211s][info][gc             ] GC(84) Pause Full (Allocation Failure) 760M->662M(869M) 965.993ms
[42.211s][info][gc,cpu         ] GC(84) User=1.90s Sys=0.00s Real=0.96s
[42.395s][info][gc,start       ] GC(85) Pause Full (Allocation Failure)
[42.395s][info][gc,phases,start] GC(85) Marking Phase
[42.778s][info][gc,phases      ] GC(85) Marking Phase 383.134ms
[42.778s][info][gc,phases,start] GC(85) Summary Phase
[42.778s][info][gc,phases      ] GC(85) Summary Phase 0.028ms
[42.778s][info][gc,phases,start] GC(85) Forward
[42.888s][info][gc,phases      ] GC(85) Forward 110.001ms
[42.889s][info][gc,phases,start] GC(85) Adjust Pointers
[43.175s][info][gc,phases      ] GC(85) Adjust Pointers 286.689ms
[43.175s][info][gc,phases,start] GC(85) Compaction Phase
[43.314s][info][gc,phases      ] GC(85) Compaction Phase 139.041ms
[43.326s][info][gc,phases,start] GC(85) Post Compact
[43.328s][info][gc,phases      ] GC(85) Post Compact 2.323ms
[43.328s][info][gc,heap        ] GC(85) PSYoungGen: 111616K(222720K)->0K(222720K) Eden: 111616K(111616K)->0K(111616K) From: 0K(111104K)->0K(111104K)
[43.328s][info][gc,heap        ] GC(85) ParOldGen: 667298K(667648K)->556826K(667648K)
[43.328s][info][gc,metaspace   ] GC(85) Metaspace: 17350K(17472K)->17350K(17472K) NonClass: 15551K(15616K)->15551K(15616K) Class: 1799K(1856K)->1799K(1856K)
[43.328s][info][gc             ] GC(85) Pause Full (Allocation Failure) 760M->543M(869M) 933.230ms
[43.328s][info][gc,cpu         ] GC(85) User=1.79s Sys=0.00s Real=0.93s
[43.462s][info][gc,start       ] GC(86) Pause Young (Allocation Failure)
[43.483s][info][gc,heap        ] GC(86) PSYoungGen: 111616K(222720K)->18464K(222720K) Eden: 111616K(111616K)->0K(111616K) From: 0K(111104K)->18464K(111104K)
[43.483s][info][gc,heap        ] GC(86) ParOldGen: 556826K(667648K)->556826K(667648K)
[43.483s][info][gc,metaspace   ] GC(86) Metaspace: 17350K(17472K)->17350K(17472K) NonClass: 15551K(15616K)->15551K(15616K) Class: 1799K(1856K)->1799K(1856K)
[43.483s][info][gc             ] GC(86) Pause Young (Allocation Failure) 652M->561M(869M) 21.522ms
[43.483s][info][gc,cpu         ] GC(86) User=0.04s Sys=0.00s Real=0.03s
[43.846s][info][gc,start       ] GC(87) Pause Young (Allocation Failure)
[43.874s][info][gc,heap        ] GC(87) PSYoungGen: 130080K(222720K)->28172K(140288K) Eden: 111616K(111616K)->0K(111616K) From: 18464K(111104K)->28172K(28672K)
[43.874s][info][gc,heap        ] GC(87) ParOldGen: 556826K(667648K)->556826K(667648K)
[43.874s][info][gc,metaspace   ] GC(87) Metaspace: 17364K(17536K)->17364K(17536K) NonClass: 15563K(15680K)->15563K(15680K) Class: 1800K(1856K)->1800K(1856K)
[43.874s][info][gc             ] GC(87) Pause Young (Allocation Failure) 670M->571M(789M) 28.025ms
[43.874s][info][gc,cpu         ] GC(87) User=0.06s Sys=0.00s Real=0.03s
[44.064s][info][gc,start       ] GC(88) Pause Young (Allocation Failure)
[44.103s][info][gc,heap        ] GC(88) PSYoungGen: 139788K(140288K)->39675K(218624K) Eden: 111616K(111616K)->0K(115712K) From: 28172K(28672K)->39675K(102912K)
[44.103s][info][gc,heap        ] GC(88) ParOldGen: 556826K(667648K)->556826K(667648K)
[44.103s][info][gc,metaspace   ] GC(88) Metaspace: 17389K(17536K)->17389K(17536K) NonClass: 15587K(15680K)->15587K(15680K) Class: 1801K(1856K)->1801K(1856K)
[44.103s][info][gc             ] GC(88) Pause Young (Allocation Failure) 680M->582M(865M) 38.573ms
[44.103s][info][gc,cpu         ] GC(88) User=0.07s Sys=0.00s Real=0.04s
[44.273s][info][gc,start       ] GC(89) Pause Young (Allocation Failure)
[44.313s][info][gc,heap        ] GC(89) PSYoungGen: 155387K(218624K)->42875K(158720K) Eden: 115712K(115712K)->0K(115712K) From: 39675K(102912K)->42875K(43008K)
[44.313s][info][gc,heap        ] GC(89) ParOldGen: 556826K(667648K)->556826K(667648K)
[44.313s][info][gc,metaspace   ] GC(89) Metaspace: 17397K(17600K)->17397K(17600K) NonClass: 15595K(15744K)->15595K(15744K) Class: 1801K(1856K)->1801K(1856K)
[44.313s][info][gc             ] GC(89) Pause Young (Allocation Failure) 695M->585M(807M) 39.700ms
[44.313s][info][gc,cpu         ] GC(89) User=0.07s Sys=0.00s Real=0.04s
[44.616s][info][gc,start       ] GC(90) Pause Young (Allocation Failure)
[44.660s][info][gc,heap        ] GC(90) PSYoungGen: 158587K(158720K)->49755K(210944K) Eden: 115712K(115712K)->0K(119808K) From: 42875K(43008K)->49755K(91136K)
[44.660s][info][gc,heap        ] GC(90) ParOldGen: 556826K(667648K)->556826K(667648K)
[44.660s][info][gc,metaspace   ] GC(90) Metaspace: 17427K(17600K)->17427K(17600K) NonClass: 15622K(15744K)->15622K(15744K) Class: 1805K(1856K)->1805K(1856K)
[44.660s][info][gc             ] GC(90) Pause Young (Allocation Failure) 698M->592M(858M) 43.945ms
[44.660s][info][gc,cpu         ] GC(90) User=0.09s Sys=0.00s Real=0.04s
[44.879s][info][gc,start       ] GC(91) Pause Young (Allocation Failure)
[44.934s][info][gc,heap        ] GC(91) PSYoungGen: 169563K(210944K)->59020K(214528K) Eden: 119808K(119808K)->0K(119808K) From: 49755K(91136K)->59020K(94720K)
[44.934s][info][gc,heap        ] GC(91) ParOldGen: 556826K(667648K)->556826K(667648K)
[44.934s][info][gc,metaspace   ] GC(91) Metaspace: 17434K(17600K)->17434K(17600K) NonClass: 15629K(15744K)->15629K(15744K) Class: 1805K(1856K)->1805K(1856K)
[44.934s][info][gc             ] GC(91) Pause Young (Allocation Failure) 709M->601M(861M) 55.236ms
[44.934s][info][gc,cpu         ] GC(91) User=0.10s Sys=0.00s Real=0.06s
[45.166s][info][gc,start       ] GC(92) Pause Young (Allocation Failure)
[45.224s][info][gc,heap        ] GC(92) PSYoungGen: 178828K(214528K)->62587K(217600K) Eden: 119808K(119808K)->0K(122880K) From: 59020K(94720K)->62587K(94720K)
[45.224s][info][gc,heap        ] GC(92) ParOldGen: 556826K(667648K)->556826K(667648K)
[45.224s][info][gc,metaspace   ] GC(92) Metaspace: 17441K(17600K)->17441K(17600K) NonClass: 15636K(15744K)->15636K(15744K) Class: 1805K(1856K)->1805K(1856K)
[45.224s][info][gc             ] GC(92) Pause Young (Allocation Failure) 718M->604M(864M) 57.518ms
[45.224s][info][gc,cpu         ] GC(92) User=0.11s Sys=0.00s Real=0.06s
[45.555s][info][gc,start       ] GC(93) Pause Young (Allocation Failure)
[45.612s][info][gc,heap        ] GC(93) PSYoungGen: 185467K(217600K)->63084K(219136K) Eden: 122880K(122880K)->0K(122880K) From: 62587K(94720K)->63084K(96256K)
[45.612s][info][gc,heap        ] GC(93) ParOldGen: 556826K(667648K)->556826K(667648K)
[45.612s][info][gc,metaspace   ] GC(93) Metaspace: 17461K(17600K)->17461K(17600K) NonClass: 15655K(15744K)->15655K(15744K) Class: 1805K(1856K)->1805K(1856K)
[45.612s][info][gc             ] GC(93) Pause Young (Allocation Failure) 724M->605M(866M) 57.599ms
[45.612s][info][gc,cpu         ] GC(93) User=0.11s Sys=0.00s Real=0.06s
[45.830s][info][gc,start       ] GC(94) Pause Young (Allocation Failure)
[45.899s][info][gc,heap        ] GC(94) PSYoungGen: 185964K(219136K)->74907K(219648K) Eden: 122880K(122880K)->0K(122880K) From: 63084K(96256K)->74907K(96768K)
[45.899s][info][gc,heap        ] GC(94) ParOldGen: 556826K(667648K)->556826K(667648K)
[45.899s][info][gc,metaspace   ] GC(94) Metaspace: 17463K(17600K)->17463K(17600K) NonClass: 15658K(15744K)->15658K(15744K) Class: 1805K(1856K)->1805K(1856K)
[45.899s][info][gc             ] GC(94) Pause Young (Allocation Failure) 725M->616M(866M) 69.213ms
[45.899s][info][gc,cpu         ] GC(94) User=0.14s Sys=0.00s Real=0.07s
[46.150s][info][gc,start       ] GC(95) Pause Young (Allocation Failure)
[46.221s][info][gc,heap        ] GC(95) PSYoungGen: 197787K(219648K)->79899K(224256K) Eden: 122880K(122880K)->0K(122880K) From: 74907K(96768K)->79899K(101376K)
[46.221s][info][gc,heap        ] GC(95) ParOldGen: 556826K(667648K)->556826K(667648K)
[46.221s][info][gc,metaspace   ] GC(95) Metaspace: 17464K(17600K)->17464K(17600K) NonClass: 15659K(15744K)->15659K(15744K) Class: 1805K(1856K)->1805K(1856K)
[46.221s][info][gc             ] GC(95) Pause Young (Allocation Failure) 736M->621M(871M) 71.242ms
[46.221s][info][gc,cpu         ] GC(95) User=0.14s Sys=0.00s Real=0.07s
[46.383s][info][gc,start       ] GC(96) Pause Young (Allocation Failure)
[46.487s][info][gc,heap        ] GC(96) PSYoungGen: 202779K(224256K)->106988K(218624K) Eden: 122880K(122880K)->0K(111616K) From: 79899K(101376K)->106988K(107008K)
[46.487s][info][gc,heap        ] GC(96) ParOldGen: 556826K(667648K)->558898K(667648K)
[46.487s][info][gc,metaspace   ] GC(96) Metaspace: 17464K(17600K)->17464K(17600K) NonClass: 15659K(15744K)->15659K(15744K) Class: 1805K(1856K)->1805K(1856K)
[46.487s][info][gc             ] GC(96) Pause Young (Allocation Failure) 741M->650M(865M) 104.194ms
[46.487s][info][gc,cpu         ] GC(96) User=0.19s Sys=0.02s Real=0.10s
[46.557s][info][gc,start       ] GC(97) Pause Young (Allocation Failure)
[46.680s][info][gc,heap        ] GC(97) PSYoungGen: 218604K(218624K)->111072K(222720K) Eden: 111616K(111616K)->0K(111616K) From: 106988K(107008K)->111072K(111104K)
[46.680s][info][gc,heap        ] GC(97) ParOldGen: 558898K(667648K)->599035K(667648K)
[46.680s][info][gc,metaspace   ] GC(97) Metaspace: 17464K(17600K)->17464K(17600K) NonClass: 15659K(15744K)->15659K(15744K) Class: 1805K(1856K)->1805K(1856K)
[46.680s][info][gc             ] GC(97) Pause Young (Allocation Failure) 759M->693M(869M) 122.898ms
[46.680s][info][gc,cpu         ] GC(97) User=0.24s Sys=0.00s Real=0.12s
[46.987s][info][gc,start       ] GC(98) Pause Young (Allocation Failure)
[47.092s][info][gc,heap        ] GC(98) PSYoungGen: 222688K(222720K)->97056K(222720K) Eden: 111616K(111616K)->0K(111616K) From: 111072K(111104K)->97056K(111104K)
[47.092s][info][gc,heap        ] GC(98) ParOldGen: 599035K(667648K)->619515K(667648K)
[47.092s][info][gc,metaspace   ] GC(98) Metaspace: 17464K(17600K)->17464K(17600K) NonClass: 15659K(15744K)->15659K(15744K) Class: 1805K(1856K)->1805K(1856K)
[47.092s][info][gc             ] GC(98) Pause Young (Allocation Failure) 802M->699M(869M) 104.706ms
[47.092s][info][gc,cpu         ] GC(98) User=0.21s Sys=0.00s Real=0.11s
[47.313s][info][gc,start       ] GC(99) Pause Full (Allocation Failure)
[47.313s][info][gc,phases,start] GC(99) Marking Phase
[47.675s][info][gc,phases      ] GC(99) Marking Phase 361.920ms
[47.675s][info][gc,phases,start] GC(99) Summary Phase
[47.675s][info][gc,phases      ] GC(99) Summary Phase 0.027ms
[47.675s][info][gc,phases,start] GC(99) Forward
[47.757s][info][gc,phases      ] GC(99) Forward 81.775ms
[47.757s][info][gc,phases,start] GC(99) Adjust Pointers
[47.994s][info][gc,phases      ] GC(99) Adjust Pointers 237.060ms
[47.994s][info][gc,phases,start] GC(99) Compaction Phase
[48.127s][info][gc,phases      ] GC(99) Compaction Phase 133.080ms
[48.134s][info][gc,phases,start] GC(99) Post Compact
[48.137s][info][gc,phases      ] GC(99) Post Compact 2.498ms
[48.137s][info][gc,heap        ] GC(99) PSYoungGen: 208672K(222720K)->0K(222720K) Eden: 111616K(111616K)->0K(111616K) From: 97056K(111104K)->0K(111104K)
[48.137s][info][gc,heap        ] GC(99) ParOldGen: 619515K(667648K)->491861K(667648K)
[48.137s][info][gc,metaspace   ] GC(99) Metaspace: 17465K(17600K)->17465K(17600K) NonClass: 15660K(15744K)->15660K(15744K) Class: 1805K(1856K)->1805K(1856K)
[48.137s][info][gc             ] GC(99) Pause Full (Allocation Failure) 808M->480M(869M) 823.475ms
[48.137s][info][gc,cpu         ] GC(99) User=1.54s Sys=0.00s Real=0.82s
[48.317s][info][gc,start       ] GC(100) Pause Young (Allocation Failure)
[48.350s][info][gc,heap        ] GC(100) PSYoungGen: 111616K(222720K)->25920K(222720K) Eden: 111616K(111616K)->0K(111616K) From: 0K(111104K)->25920K(111104K)
[48.350s][info][gc,heap        ] GC(100) ParOldGen: 491861K(667648K)->491861K(667648K)
[48.350s][info][gc,metaspace   ] GC(100) Metaspace: 17465K(17600K)->17465K(17600K) NonClass: 15660K(15744K)->15660K(15744K) Class: 1805K(1856K)->1805K(1856K)
[48.350s][info][gc             ] GC(100) Pause Young (Allocation Failure) 589M->505M(869M) 33.156ms
[48.350s][info][gc,cpu         ] GC(100) User=0.06s Sys=0.00s Real=0.03s
[48.452s][info][gc,start       ] GC(101) Pause Young (Allocation Failure)
[48.502s][info][gc,heap        ] GC(101) PSYoungGen: 137536K(222720K)->46848K(222720K) Eden: 111616K(111616K)->0K(111616K) From: 25920K(111104K)->46848K(111104K)
[48.502s][info][gc,heap        ] GC(101) ParOldGen: 491861K(667648K)->491861K(667648K)
[48.502s][info][gc,metaspace   ] GC(101) Metaspace: 17465K(17600K)->17465K(17600K) NonClass: 15660K(15744K)->15660K(15744K) Class: 1805K(1856K)->1805K(1856K)
[48.502s][info][gc             ] GC(101) Pause Young (Allocation Failure) 614M->526M(869M) 50.106ms
[48.502s][info][gc,cpu         ] GC(101) User=0.09s Sys=0.01s Real=0.06s
[48.630s][info][gc,start       ] GC(102) Pause Young (Allocation Failure)
[48.686s][info][gc,heap        ] GC(102) PSYoungGen: 158464K(222720K)->51072K(222720K) Eden: 111616K(111616K)->0K(111616K) From: 46848K(111104K)->51072K(111104K)
[48.686s][info][gc,heap        ] GC(102) ParOldGen: 491861K(667648K)->491861K(667648K)
[48.686s][info][gc,metaspace   ] GC(102) Metaspace: 17465K(17600K)->17465K(17600K) NonClass: 15660K(15744K)->15660K(15744K) Class: 1805K(1856K)->1805K(1856K)
[48.686s][info][gc             ] GC(102) Pause Young (Allocation Failure) 635M->530M(869M) 56.726ms
[48.686s][info][gc,cpu         ] GC(102) User=0.11s Sys=0.00s Real=0.06s
[48.786s][info][gc,start       ] GC(103) Pause Young (Allocation Failure)
[48.843s][info][gc,heap        ] GC(103) PSYoungGen: 162688K(222720K)->51744K(222720K) Eden: 111616K(111616K)->0K(111616K) From: 51072K(111104K)->51744K(111104K)
[48.843s][info][gc,heap        ] GC(103) ParOldGen: 491861K(667648K)->491861K(667648K)
[48.843s][info][gc,metaspace   ] GC(103) Metaspace: 17465K(17600K)->17465K(17600K) NonClass: 15660K(15744K)->15660K(15744K) Class: 1805K(1856K)->1805K(1856K)
[48.844s][info][gc             ] GC(103) Pause Young (Allocation Failure) 639M->530M(869M) 57.840ms
[48.844s][info][gc,cpu         ] GC(103) User=0.11s Sys=0.00s Real=0.06s
[49.000s][info][gc,start       ] GC(104) Pause Young (Allocation Failure)
[49.055s][info][gc,heap        ] GC(104) PSYoungGen: 163360K(222720K)->51936K(222720K) Eden: 111616K(111616K)->0K(111616K) From: 51744K(111104K)->51936K(111104K)
[49.055s][info][gc,heap        ] GC(104) ParOldGen: 491861K(667648K)->491861K(667648K)
[49.055s][info][gc,metaspace   ] GC(104) Metaspace: 17465K(17600K)->17465K(17600K) NonClass: 15660K(15744K)->15660K(15744K) Class: 1805K(1856K)->1805K(1856K)
[49.055s][info][gc             ] GC(104) Pause Young (Allocation Failure) 639M->531M(869M) 55.037ms
[49.055s][info][gc,cpu         ] GC(104) User=0.11s Sys=0.00s Real=0.06s
[49.176s][info][gc,start       ] GC(105) Pause Young (Allocation Failure)
[49.237s][info][gc,heap        ] GC(105) PSYoungGen: 163552K(222720K)->30624K(222720K) Eden: 111616K(111616K)->0K(111616K) From: 51936K(111104K)->30624K(111104K)
[49.237s][info][gc,heap        ] GC(105) ParOldGen: 491861K(667648K)->517821K(667648K)
[49.237s][info][gc,metaspace   ] GC(105) Metaspace: 17465K(17600K)->17465K(17600K) NonClass: 15660K(15744K)->15660K(15744K) Class: 1805K(1856K)->1805K(1856K)
[49.237s][info][gc             ] GC(105) Pause Young (Allocation Failure) 640M->535M(869M) 60.778ms
[49.237s][info][gc,cpu         ] GC(105) User=0.11s Sys=0.00s Real=0.06s
[49.381s][info][gc,start       ] GC(106) Pause Young (Allocation Failure)
[49.434s][info][gc,heap        ] GC(106) PSYoungGen: 142240K(222720K)->31232K(222720K) Eden: 111616K(111616K)->0K(111616K) From: 30624K(111104K)->31232K(111104K)
[49.434s][info][gc,heap        ] GC(106) ParOldGen: 517821K(667648K)->543069K(667648K)
[49.434s][info][gc,metaspace   ] GC(106) Metaspace: 17466K(17600K)->17466K(17600K) NonClass: 15660K(15744K)->15660K(15744K) Class: 1805K(1856K)->1805K(1856K)
[49.434s][info][gc             ] GC(106) Pause Young (Allocation Failure) 644M->560M(869M) 52.485ms
[49.434s][info][gc,cpu         ] GC(106) User=0.10s Sys=0.00s Real=0.06s
[49.640s][info][gc,start       ] GC(107) Pause Young (Allocation Failure)
[49.707s][info][gc,heap        ] GC(107) PSYoungGen: 142848K(222720K)->63360K(222720K) Eden: 111616K(111616K)->0K(111616K) From: 31232K(111104K)->63360K(111104K)
[49.707s][info][gc,heap        ] GC(107) ParOldGen: 543069K(667648K)->543949K(667648K)
[49.707s][info][gc,metaspace   ] GC(107) Metaspace: 17466K(17600K)->17466K(17600K) NonClass: 15661K(15744K)->15661K(15744K) Class: 1805K(1856K)->1805K(1856K)
[49.707s][info][gc             ] GC(107) Pause Young (Allocation Failure) 669M->593M(869M) 67.252ms
[49.707s][info][gc,cpu         ] GC(107) User=0.13s Sys=0.00s Real=0.07s
[49.823s][info][gc,start       ] GC(108) Pause Young (Allocation Failure)
[49.889s][info][gc,heap        ] GC(108) PSYoungGen: 174976K(222720K)->46672K(222720K) Eden: 111616K(111616K)->0K(111616K) From: 63360K(111104K)->46672K(111104K)
[49.889s][info][gc,heap        ] GC(108) ParOldGen: 543949K(667648K)->574526K(667648K)
[49.889s][info][gc,metaspace   ] GC(108) Metaspace: 17466K(17600K)->17466K(17600K) NonClass: 15661K(15744K)->15661K(15744K) Class: 1805K(1856K)->1805K(1856K)
[49.889s][info][gc             ] GC(108) Pause Young (Allocation Failure) 702M->606M(869M) 66.228ms
[49.889s][info][gc,cpu         ] GC(108) User=0.12s Sys=0.00s Real=0.06s
[50.117s][info][gc,start       ] GC(109) Pause Young (Allocation Failure)
[50.173s][info][gc,heap        ] GC(109) PSYoungGen: 158288K(222720K)->11072K(222720K) Eden: 111616K(111616K)->0K(111616K) From: 46672K(111104K)->11072K(111104K)
[50.173s][info][gc,heap        ] GC(109) ParOldGen: 574526K(667648K)->621470K(667648K)
[50.173s][info][gc,metaspace   ] GC(109) Metaspace: 17466K(17600K)->17466K(17600K) NonClass: 15661K(15744K)->15661K(15744K) Class: 1805K(1856K)->1805K(1856K)
[50.173s][info][gc             ] GC(109) Pause Young (Allocation Failure) 715M->617M(869M) 56.117ms
[50.173s][info][gc,cpu         ] GC(109) User=0.12s Sys=0.00s Real=0.06s
[50.404s][info][gc,start       ] GC(110) Pause Full (Allocation Failure)
[50.405s][info][gc,phases,start] GC(110) Marking Phase
[50.717s][info][gc,phases      ] GC(110) Marking Phase 312.615ms
[50.717s][info][gc,phases,start] GC(110) Summary Phase
[50.717s][info][gc,phases      ] GC(110) Summary Phase 0.024ms
[50.717s][info][gc,phases,start] GC(110) Forward
[50.821s][info][gc,phases      ] GC(110) Forward 103.625ms
[50.821s][info][gc,phases,start] GC(110) Adjust Pointers
[51.094s][info][gc,phases      ] GC(110) Adjust Pointers 272.969ms
[51.094s][info][gc,phases,start] GC(110) Compaction Phase
[51.226s][info][gc,phases      ] GC(110) Compaction Phase 132.349ms
[51.236s][info][gc,phases,start] GC(110) Post Compact
[51.238s][info][gc,phases      ] GC(110) Post Compact 2.252ms
[51.238s][info][gc,heap        ] GC(110) PSYoungGen: 122688K(222720K)->0K(222720K) Eden: 111616K(111616K)->0K(111616K) From: 11072K(111104K)->0K(111104K)
[51.238s][info][gc,heap        ] GC(110) ParOldGen: 621470K(667648K)->464877K(667648K)
[51.238s][info][gc,metaspace   ] GC(110) Metaspace: 17466K(17600K)->17466K(17600K) NonClass: 15661K(15744K)->15661K(15744K) Class: 1805K(1856K)->1805K(1856K)
[51.238s][info][gc             ] GC(110) Pause Full (Allocation Failure) 726M->453M(869M) 833.619ms
[51.238s][info][gc,cpu         ] GC(110) User=1.56s Sys=0.01s Real=0.83s
[51.350s][info][gc,start       ] GC(111) Pause Young (Allocation Failure)
[51.366s][info][gc,heap        ] GC(111) PSYoungGen: 111616K(222720K)->14336K(222720K) Eden: 111616K(111616K)->0K(111616K) From: 0K(111104K)->14336K(111104K)
[51.366s][info][gc,heap        ] GC(111) ParOldGen: 464877K(667648K)->464877K(667648K)
[51.366s][info][gc,metaspace   ] GC(111) Metaspace: 17466K(17600K)->17466K(17600K) NonClass: 15661K(15744K)->15661K(15744K) Class: 1805K(1856K)->1805K(1856K)
[51.366s][info][gc             ] GC(111) Pause Young (Allocation Failure) 562M->467M(869M) 15.909ms
[51.366s][info][gc,cpu         ] GC(111) User=0.03s Sys=0.00s Real=0.02s
[51.474s][info][gc,start       ] GC(112) Pause Young (Allocation Failure)
[51.491s][info][gc,heap        ] GC(112) PSYoungGen: 125952K(222720K)->1088K(222720K) Eden: 111616K(111616K)->0K(111616K) From: 14336K(111104K)->1088K(111104K)
[51.491s][info][gc,heap        ] GC(112) ParOldGen: 464877K(667648K)->478981K(667648K)
[51.491s][info][gc,metaspace   ] GC(112) Metaspace: 17466K(17600K)->17466K(17600K) NonClass: 15661K(15744K)->15661K(15744K) Class: 1805K(1856K)->1805K(1856K)
[51.491s][info][gc             ] GC(112) Pause Young (Allocation Failure) 576M->468M(869M) 17.006ms
[51.491s][info][gc,cpu         ] GC(112) User=0.04s Sys=0.00s Real=0.01s
[51.699s][info][gc,start       ] GC(113) Pause Young (Allocation Failure)
[51.716s][info][gc,heap        ] GC(113) PSYoungGen: 112704K(222720K)->3488K(222720K) Eden: 111616K(111616K)->0K(111616K) From: 1088K(111104K)->3488K(111104K)
[51.716s][info][gc,heap        ] GC(113) ParOldGen: 478981K(667648K)->480013K(667648K)
[51.716s][info][gc,metaspace   ] GC(113) Metaspace: 17466K(17600K)->17466K(17600K) NonClass: 15661K(15744K)->15661K(15744K) Class: 1805K(1856K)->1805K(1856K)
[51.716s][info][gc             ] GC(113) Pause Young (Allocation Failure) 577M->472M(869M) 16.606ms
[51.716s][info][gc,cpu         ] GC(113) User=0.03s Sys=0.00s Real=0.02s
[51.912s][info][gc,start       ] GC(114) Pause Young (Allocation Failure)
[51.932s][info][gc,heap        ] GC(114) PSYoungGen: 115104K(222720K)->14240K(222720K) Eden: 111616K(111616K)->0K(111616K) From: 3488K(111104K)->14240K(111104K)
[51.932s][info][gc,heap        ] GC(114) ParOldGen: 480013K(667648K)->483477K(667648K)
[51.932s][info][gc,metaspace   ] GC(114) Metaspace: 17466K(17600K)->17466K(17600K) NonClass: 15661K(15744K)->15661K(15744K) Class: 1805K(1856K)->1805K(1856K)
[51.932s][info][gc             ] GC(114) Pause Young (Allocation Failure) 581M->486M(869M) 20.521ms
[51.932s][info][gc,cpu         ] GC(114) User=0.04s Sys=0.00s Real=0.02s
[52.256s][info][gc,start       ] GC(115) Pause Young (Allocation Failure)
[52.272s][info][gc,heap        ] GC(115) PSYoungGen: 125856K(222720K)->96K(222720K) Eden: 111616K(111616K)->0K(111616K) From: 14240K(111104K)->96K(111104K)
[52.272s][info][gc,heap        ] GC(115) ParOldGen: 483477K(667648K)->497709K(667648K)
[52.272s][info][gc,metaspace   ] GC(115) Metaspace: 17468K(17600K)->17468K(17600K) NonClass: 15662K(15744K)->15662K(15744K) Class: 1805K(1856K)->1805K(1856K)
[52.272s][info][gc             ] GC(115) Pause Young (Allocation Failure) 595M->486M(869M) 15.811ms
[52.272s][info][gc,cpu         ] GC(115) User=0.03s Sys=0.00s Real=0.02s
[52.551s][info][gc,start       ] GC(116) Pause Young (Allocation Failure)
[52.554s][info][gc,heap        ] GC(116) PSYoungGen: 111712K(222720K)->64K(221696K) Eden: 111616K(111616K)->0K(111616K) From: 96K(111104K)->64K(110080K)
[52.554s][info][gc,heap        ] GC(116) ParOldGen: 497709K(667648K)->497771K(667648K)
[52.554s][info][gc,metaspace   ] GC(116) Metaspace: 17468K(17600K)->17468K(17600K) NonClass: 15662K(15744K)->15662K(15744K) Class: 1805K(1856K)->1805K(1856K)
[52.554s][info][gc             ] GC(116) Pause Young (Allocation Failure) 595M->486M(868M) 3.279ms
[52.554s][info][gc,cpu         ] GC(116) User=0.00s Sys=0.00s Real=0.01s
[52.820s][info][gc,start       ] GC(117) Pause Young (Allocation Failure)
[52.822s][info][gc,heap        ] GC(117) PSYoungGen: 111680K(221696K)->64K(112128K) Eden: 111616K(111616K)->0K(111616K) From: 64K(110080K)->64K(512K)
[52.822s][info][gc,heap        ] GC(117) ParOldGen: 497771K(667648K)->497771K(667648K)
[52.822s][info][gc,metaspace   ] GC(117) Metaspace: 17468K(17600K)->17468K(17600K) NonClass: 15662K(15744K)->15662K(15744K) Class: 1805K(1856K)->1805K(1856K)
[52.822s][info][gc             ] GC(117) Pause Young (Allocation Failure) 595M->486M(761M) 2.121ms
[52.822s][info][gc,cpu         ] GC(117) User=0.00s Sys=0.00s Real=0.01s
[53.100s][info][gc,start       ] GC(118) Pause Young (Allocation Failure)
[53.113s][info][gc,heap        ] GC(118) PSYoungGen: 111680K(112128K)->128K(215552K) Eden: 111616K(111616K)->0K(114176K) From: 64K(512K)->128K(101376K)
[53.113s][info][gc,heap        ] GC(118) ParOldGen: 497771K(667648K)->497771K(667648K)
[53.113s][info][gc,metaspace   ] GC(118) Metaspace: 17468K(17600K)->17468K(17600K) NonClass: 15662K(15744K)->15662K(15744K) Class: 1805K(1856K)->1805K(1856K)
[53.113s][info][gc             ] GC(118) Pause Young (Allocation Failure) 595M->486M(862M) 13.491ms
[53.113s][info][gc,cpu         ] GC(118) User=0.03s Sys=0.00s Real=0.02s
[53.275s][info][gc,start       ] GC(119) Pause Young (Allocation Failure)
[53.296s][info][gc,heap        ] GC(119) PSYoungGen: 114304K(215552K)->25616K(140288K) Eden: 114176K(114176K)->0K(114176K) From: 128K(101376K)->25616K(26112K)
[53.296s][info][gc,heap        ] GC(119) ParOldGen: 497771K(667648K)->497771K(667648K)
[53.296s][info][gc,metaspace   ] GC(119) Metaspace: 17468K(17600K)->17468K(17600K) NonClass: 15663K(15744K)->15663K(15744K) Class: 1805K(1856K)->1805K(1856K)
[53.296s][info][gc             ] GC(119) Pause Young (Allocation Failure) 597M->511M(789M) 20.841ms
[53.296s][info][gc,cpu         ] GC(119) User=0.04s Sys=0.00s Real=0.02s
[53.423s][info][gc,start       ] GC(120) Pause Young (Allocation Failure)
[53.472s][info][gc,heap        ] GC(120) PSYoungGen: 139792K(140288K)->65760K(205312K) Eden: 114176K(114176K)->0K(109056K) From: 25616K(26112K)->65760K(96256K)
[53.472s][info][gc,heap        ] GC(120) ParOldGen: 497771K(667648K)->497771K(667648K)
[53.472s][info][gc,metaspace   ] GC(120) Metaspace: 17469K(17600K)->17469K(17600K) NonClass: 15664K(15744K)->15664K(15744K) Class: 1805K(1856K)->1805K(1856K)
[53.472s][info][gc             ] GC(120) Pause Young (Allocation Failure) 622M->550M(852M) 48.693ms
[53.472s][info][gc,cpu         ] GC(120) User=0.09s Sys=0.00s Real=0.05s
[53.700s][info][gc,start       ] GC(121) Pause Young (Allocation Failure)
[53.745s][info][gc,heap        ] GC(121) PSYoungGen: 174816K(205312K)->74656K(213504K) Eden: 109056K(109056K)->0K(109056K) From: 65760K(96256K)->74656K(104448K)
[53.745s][info][gc,heap        ] GC(121) ParOldGen: 497771K(667648K)->497771K(667648K)
[53.745s][info][gc,metaspace   ] GC(121) Metaspace: 17469K(17600K)->17469K(17600K) NonClass: 15664K(15744K)->15664K(15744K) Class: 1805K(1856K)->1805K(1856K)
[53.745s][info][gc             ] GC(121) Pause Young (Allocation Failure) 656M->559M(860M) 45.323ms
[53.745s][info][gc,cpu         ] GC(121) User=0.09s Sys=0.00s Real=0.05s
[53.938s][info][gc,start       ] GC(122) Pause Young (Allocation Failure)
[53.984s][info][gc,heap        ] GC(122) PSYoungGen: 183712K(213504K)->76272K(222720K) Eden: 109056K(109056K)->0K(111616K) From: 74656K(104448K)->76272K(111104K)
[53.984s][info][gc,heap        ] GC(122) ParOldGen: 497771K(667648K)->497787K(667648K)
[53.984s][info][gc,metaspace   ] GC(122) Metaspace: 17469K(17600K)->17469K(17600K) NonClass: 15664K(15744K)->15664K(15744K) Class: 1805K(1856K)->1805K(1856K)
[53.985s][info][gc             ] GC(122) Pause Young (Allocation Failure) 665M->560M(869M) 46.224ms
[53.985s][info][gc,cpu         ] GC(122) User=0.09s Sys=0.00s Real=0.05s
[54.177s][info][gc,start       ] GC(123) Pause Young (Allocation Failure)
[54.268s][info][gc,heap        ] GC(123) PSYoungGen: 187888K(222720K)->69280K(222720K) Eden: 111616K(111616K)->0K(111616K) From: 76272K(111104K)->69280K(111104K)
[54.268s][info][gc,heap        ] GC(123) ParOldGen: 497787K(667648K)->523686K(667648K)
[54.268s][info][gc,metaspace   ] GC(123) Metaspace: 17469K(17600K)->17469K(17600K) NonClass: 15664K(15744K)->15664K(15744K) Class: 1805K(1856K)->1805K(1856K)
[54.268s][info][gc             ] GC(123) Pause Young (Allocation Failure) 669M->579M(869M) 91.205ms
[54.268s][info][gc,cpu         ] GC(123) User=0.18s Sys=0.00s Real=0.09s
[54.439s][info][gc,start       ] GC(124) Pause Young (Allocation Failure)
[54.510s][info][gc,heap        ] GC(124) PSYoungGen: 180896K(222720K)->20512K(222720K) Eden: 111616K(111616K)->0K(111616K) From: 69280K(111104K)->20512K(111104K)
[54.510s][info][gc,heap        ] GC(124) ParOldGen: 523686K(667648K)->573293K(667648K)
[54.510s][info][gc,metaspace   ] GC(124) Metaspace: 17469K(17600K)->17469K(17600K) NonClass: 15664K(15744K)->15664K(15744K) Class: 1805K(1856K)->1805K(1856K)
[54.510s][info][gc             ] GC(124) Pause Young (Allocation Failure) 688M->579M(869M) 70.810ms
[54.510s][info][gc,cpu         ] GC(124) User=0.14s Sys=0.00s Real=0.07s
[54.725s][info][gc,start       ] GC(125) Pause Young (Allocation Failure)
[54.765s][info][gc,heap        ] GC(125) PSYoungGen: 132128K(222720K)->4265K(222720K) Eden: 111616K(111616K)->0K(111616K) From: 20512K(111104K)->4265K(111104K)
[54.765s][info][gc,heap        ] GC(125) ParOldGen: 573293K(667648K)->593573K(667648K)
[54.765s][info][gc,metaspace   ] GC(125) Metaspace: 17475K(17600K)->17475K(17600K) NonClass: 15669K(15744K)->15669K(15744K) Class: 1805K(1856K)->1805K(1856K)
[54.765s][info][gc             ] GC(125) Pause Young (Allocation Failure) 688M->583M(869M) 40.434ms
[54.765s][info][gc,cpu         ] GC(125) User=0.08s Sys=0.00s Real=0.04s
[54.862s][info][gc,start       ] GC(126) Pause Young (Allocation Failure)
[54.891s][info][gc,heap        ] GC(126) PSYoungGen: 115881K(222720K)->32832K(220672K) Eden: 111616K(111616K)->0K(111616K) From: 4265K(111104K)->32832K(109056K)
[54.891s][info][gc,heap        ] GC(126) ParOldGen: 593573K(667648K)->597855K(667648K)
[54.891s][info][gc,metaspace   ] GC(126) Metaspace: 17480K(17600K)->17480K(17600K) NonClass: 15674K(15744K)->15674K(15744K) Class: 1805K(1856K)->1805K(1856K)
[54.891s][info][gc             ] GC(126) Pause Young (Allocation Failure) 692M->615M(867M) 29.172ms
[54.891s][info][gc,cpu         ] GC(126) User=0.06s Sys=0.00s Real=0.02s
[54.994s][info][gc,start       ] GC(127) Pause Young (Allocation Failure)
[55.037s][info][gc,heap        ] GC(127) PSYoungGen: 144448K(220672K)->68032K(221696K) Eden: 111616K(111616K)->0K(111616K) From: 32832K(109056K)->68032K(110080K)
[55.037s][info][gc,heap        ] GC(127) ParOldGen: 597855K(667648K)->597855K(667648K)
[55.037s][info][gc,metaspace   ] GC(127) Metaspace: 17482K(17600K)->17482K(17600K) NonClass: 15676K(15744K)->15676K(15744K) Class: 1805K(1856K)->1805K(1856K)
[55.037s][info][gc             ] GC(127) Pause Young (Allocation Failure) 724M->650M(868M) 42.146ms
[55.037s][info][gc,cpu         ] GC(127) User=0.08s Sys=0.00s Real=0.04s
[55.298s][info][gc,start       ] GC(128) Pause Young (Allocation Failure)
[55.342s][info][gc,heap        ] GC(128) PSYoungGen: 179648K(221696K)->2560K(222720K) Eden: 111616K(111616K)->0K(111616K) From: 68032K(110080K)->2560K(111104K)
[55.342s][info][gc,heap        ] GC(128) ParOldGen: 597855K(667648K)->666670K(667648K)
[55.342s][info][gc,metaspace   ] GC(128) Metaspace: 17485K(17600K)->17485K(17600K) NonClass: 15679K(15744K)->15679K(15744K) Class: 1805K(1856K)->1805K(1856K)
[55.342s][info][gc             ] GC(128) Pause Young (Allocation Failure) 759M->653M(869M) 43.462ms
[55.342s][info][gc,cpu         ] GC(128) User=0.09s Sys=0.00s Real=0.04s
[55.497s][info][gc,start       ] GC(129) Pause Full (Allocation Failure)
[55.497s][info][gc,phases,start] GC(129) Marking Phase
[55.803s][info][gc,phases      ] GC(129) Marking Phase 306.307ms
[55.803s][info][gc,phases,start] GC(129) Summary Phase
[55.803s][info][gc,phases      ] GC(129) Summary Phase 0.030ms
[55.803s][info][gc,phases,start] GC(129) Forward
[55.906s][info][gc,phases      ] GC(129) Forward 102.527ms
[55.906s][info][gc,phases,start] GC(129) Adjust Pointers
[56.182s][info][gc,phases      ] GC(129) Adjust Pointers 275.565ms
[56.182s][info][gc,phases,start] GC(129) Compaction Phase
[56.325s][info][gc,phases      ] GC(129) Compaction Phase 142.916ms
[56.333s][info][gc,phases,start] GC(129) Post Compact
[56.336s][info][gc,phases      ] GC(129) Post Compact 2.322ms
[56.336s][info][gc,heap        ] GC(129) PSYoungGen: 114176K(222720K)->0K(222720K) Eden: 111616K(111616K)->0K(111616K) From: 2560K(111104K)->0K(111104K)
[56.336s][info][gc,heap        ] GC(129) ParOldGen: 666670K(667648K)->493504K(667648K)
[56.336s][info][gc,metaspace   ] GC(129) Metaspace: 17485K(17600K)->17485K(17600K) NonClass: 15680K(15744K)->15680K(15744K) Class: 1805K(1856K)->1805K(1856K)
[56.336s][info][gc             ] GC(129) Pause Full (Allocation Failure) 762M->481M(869M) 838.911ms
[56.336s][info][gc,cpu         ] GC(129) User=1.59s Sys=0.00s Real=0.84s
[56.503s][info][gc,start       ] GC(130) Pause Young (Allocation Failure)
[56.536s][info][gc,heap        ] GC(130) PSYoungGen: 111616K(222720K)->18752K(216576K) Eden: 111616K(111616K)->0K(111616K) From: 0K(111104K)->18752K(104960K)
[56.537s][info][gc,heap        ] GC(130) ParOldGen: 493504K(667648K)->493504K(667648K)
[56.537s][info][gc,metaspace   ] GC(130) Metaspace: 17486K(17600K)->17486K(17600K) NonClass: 15680K(15744K)->15680K(15744K) Class: 1805K(1856K)->1805K(1856K)
[56.537s][info][gc             ] GC(130) Pause Young (Allocation Failure) 590M->500M(863M) 33.295ms
[56.537s][info][gc,cpu         ] GC(130) User=0.07s Sys=0.00s Real=0.03s
[56.681s][info][gc,start       ] GC(131) Pause Young (Allocation Failure)
[56.710s][info][gc,heap        ] GC(131) PSYoungGen: 130368K(216576K)->18784K(219648K) Eden: 111616K(111616K)->0K(111616K) From: 18752K(104960K)->18784K(108032K)
[56.710s][info][gc,heap        ] GC(131) ParOldGen: 493504K(667648K)->493504K(667648K)
[56.710s][info][gc,metaspace   ] GC(131) Metaspace: 17486K(17600K)->17486K(17600K) NonClass: 15680K(15744K)->15680K(15744K) Class: 1805K(1856K)->1805K(1856K)
[56.710s][info][gc             ] GC(131) Pause Young (Allocation Failure) 609M->500M(866M) 28.977ms
[56.710s][info][gc,cpu         ] GC(131) User=0.06s Sys=0.00s Real=0.03s
[56.920s][info][gc,start       ] GC(132) Pause Young (Allocation Failure)
[56.952s][info][gc,heap        ] GC(132) PSYoungGen: 130400K(219648K)->18784K(211456K) Eden: 111616K(111616K)->0K(117760K) From: 18784K(108032K)->18784K(93696K)
[56.952s][info][gc,heap        ] GC(132) ParOldGen: 493504K(667648K)->493504K(667648K)
[56.952s][info][gc,metaspace   ] GC(132) Metaspace: 17486K(17600K)->17486K(17600K) NonClass: 15680K(15744K)->15680K(15744K) Class: 1805K(1856K)->1805K(1856K)
[56.952s][info][gc             ] GC(132) Pause Young (Allocation Failure) 609M->500M(858M) 31.378ms
[56.952s][info][gc,cpu         ] GC(132) User=0.06s Sys=0.00s Real=0.04s
[57.100s][info][gc,start       ] GC(133) Pause Young (Allocation Failure)
[57.127s][info][gc,heap        ] GC(133) PSYoungGen: 136544K(211456K)->18784K(216064K) Eden: 117760K(117760K)->0K(117760K) From: 18784K(93696K)->18784K(98304K)
[57.127s][info][gc,heap        ] GC(133) ParOldGen: 493504K(667648K)->493504K(667648K)
[57.127s][info][gc,metaspace   ] GC(133) Metaspace: 17486K(17600K)->17486K(17600K) NonClass: 15680K(15744K)->15680K(15744K) Class: 1805K(1856K)->1805K(1856K)
[57.127s][info][gc             ] GC(133) Pause Young (Allocation Failure) 615M->500M(863M) 27.675ms
[57.127s][info][gc,cpu         ] GC(133) User=0.06s Sys=0.00s Real=0.03s
[57.274s][info][gc,start       ] GC(134) Pause Young (Allocation Failure)
[57.303s][info][gc,heap        ] GC(134) PSYoungGen: 136544K(216064K)->18752K(207872K) Eden: 117760K(117760K)->0K(123904K) From: 18784K(98304K)->18752K(83968K)
[57.303s][info][gc,heap        ] GC(134) ParOldGen: 493504K(667648K)->493504K(667648K)
[57.303s][info][gc,metaspace   ] GC(134) Metaspace: 17486K(17600K)->17486K(17600K) NonClass: 15680K(15744K)->15680K(15744K) Class: 1805K(1856K)->1805K(1856K)
[57.303s][info][gc             ] GC(134) Pause Young (Allocation Failure) 615M->500M(855M) 28.519ms
[57.303s][info][gc,cpu         ] GC(134) User=0.05s Sys=0.01s Real=0.03s
[57.469s][info][gc,start       ] GC(135) Pause Young (Allocation Failure)
[57.504s][info][gc,heap        ] GC(135) PSYoungGen: 142656K(207872K)->18752K(212480K) Eden: 123904K(123904K)->0K(123904K) From: 18752K(83968K)->18752K(88576K)
[57.504s][info][gc,heap        ] GC(135) ParOldGen: 493504K(667648K)->493504K(667648K)
[57.504s][info][gc,metaspace   ] GC(135) Metaspace: 17486K(17600K)->17486K(17600K) NonClass: 15680K(15744K)->15680K(15744K) Class: 1805K(1856K)->1805K(1856K)
[57.504s][info][gc             ] GC(135) Pause Young (Allocation Failure) 621M->500M(859M) 35.258ms
[57.504s][info][gc,cpu         ] GC(135) User=0.07s Sys=0.00s Real=0.04s
[57.656s][info][gc,start       ] GC(136) Pause Young (Allocation Failure)
[57.695s][info][gc,heap        ] GC(136) PSYoungGen: 142656K(212480K)->28416K(204800K) Eden: 123904K(123904K)->0K(131072K) From: 18752K(88576K)->28416K(73728K)
[57.695s][info][gc,heap        ] GC(136) ParOldGen: 493504K(667648K)->493504K(667648K)
[57.695s][info][gc,metaspace   ] GC(136) Metaspace: 17486K(17600K)->17486K(17600K) NonClass: 15680K(15744K)->15680K(15744K) Class: 1805K(1856K)->1805K(1856K)
[57.695s][info][gc             ] GC(136) Pause Young (Allocation Failure) 621M->509M(852M) 39.398ms
[57.695s][info][gc,cpu         ] GC(136) User=0.08s Sys=0.00s Real=0.04s
[57.830s][info][gc,start       ] GC(137) Pause Young (Allocation Failure)
[57.880s][info][gc,heap        ] GC(137) PSYoungGen: 159488K(204800K)->42528K(209920K) Eden: 131072K(131072K)->0K(131072K) From: 28416K(73728K)->42528K(78848K)
[57.880s][info][gc,heap        ] GC(137) ParOldGen: 493504K(667648K)->493504K(667648K)
[57.880s][info][gc,metaspace   ] GC(137) Metaspace: 17488K(17600K)->17488K(17600K) NonClass: 15682K(15744K)->15682K(15744K) Class: 1805K(1856K)->1805K(1856K)
[57.880s][info][gc             ] GC(137) Pause Young (Allocation Failure) 637M->523M(857M) 50.814ms
[57.880s][info][gc,cpu         ] GC(137) User=0.10s Sys=0.00s Real=0.05s
[57.991s][info][gc,start       ] GC(138) Pause Young (Allocation Failure)
[58.053s][info][gc,heap        ] GC(138) PSYoungGen: 173600K(209920K)->56384K(213504K) Eden: 131072K(131072K)->0K(134144K) From: 42528K(78848K)->56384K(79360K)
[58.053s][info][gc,heap        ] GC(138) ParOldGen: 493504K(667648K)->493504K(667648K)
[58.053s][info][gc,metaspace   ] GC(138) Metaspace: 17488K(17600K)->17488K(17600K) NonClass: 15682K(15744K)->15682K(15744K) Class: 1805K(1856K)->1805K(1856K)
[58.053s][info][gc             ] GC(138) Pause Young (Allocation Failure) 651M->537M(860M) 62.669ms
[58.053s][info][gc,cpu         ] GC(138) User=0.12s Sys=0.00s Real=0.07s
[58.161s][info][gc,start       ] GC(139) Pause Young (Allocation Failure)
[58.234s][info][gc,heap        ] GC(139) PSYoungGen: 190528K(213504K)->57856K(218624K) Eden: 134144K(134144K)->0K(134144K) From: 56384K(79360K)->57856K(84480K)
[58.234s][info][gc,heap        ] GC(139) ParOldGen: 493504K(667648K)->493504K(667648K)
[58.234s][info][gc,metaspace   ] GC(139) Metaspace: 17488K(17600K)->17488K(17600K) NonClass: 15682K(15744K)->15682K(15744K) Class: 1805K(1856K)->1805K(1856K)
[58.234s][info][gc             ] GC(139) Pause Young (Allocation Failure) 668M->538M(865M) 73.077ms
[58.235s][info][gc,cpu         ] GC(139) User=0.15s Sys=0.00s Real=0.08s
[58.348s][info][gc,start       ] GC(140) Pause Young (Allocation Failure)
[58.416s][info][gc,heap        ] GC(140) PSYoungGen: 192000K(218624K)->59360K(229888K) Eden: 134144K(134144K)->0K(140800K) From: 57856K(84480K)->59360K(89088K)
[58.416s][info][gc,heap        ] GC(140) ParOldGen: 493504K(667648K)->493504K(667648K)
[58.416s][info][gc,metaspace   ] GC(140) Metaspace: 17488K(17600K)->17488K(17600K) NonClass: 15682K(15744K)->15682K(15744K) Class: 1805K(1856K)->1805K(1856K)
[58.416s][info][gc             ] GC(140) Pause Young (Allocation Failure) 669M->539M(876M) 68.284ms
[58.416s][info][gc,cpu         ] GC(140) User=0.14s Sys=0.00s Real=0.07s
[58.537s][info][gc,start       ] GC(141) Pause Young (Allocation Failure)
[58.603s][info][gc,heap        ] GC(141) PSYoungGen: 200160K(229888K)->61632K(233984K) Eden: 140800K(140800K)->0K(140800K) From: 59360K(89088K)->61632K(93184K)
[58.603s][info][gc,heap        ] GC(141) ParOldGen: 493504K(667648K)->493504K(667648K)
[58.603s][info][gc,metaspace   ] GC(141) Metaspace: 17491K(17600K)->17491K(17600K) NonClass: 15685K(15744K)->15685K(15744K) Class: 1805K(1856K)->1805K(1856K)
[58.603s][info][gc             ] GC(141) Pause Young (Allocation Failure) 677M->542M(880M) 65.851ms
[58.603s][info][gc,cpu         ] GC(141) User=0.13s Sys=0.00s Real=0.07s
[58.732s][info][gc,start       ] GC(142) Pause Young (Allocation Failure)
[58.817s][info][gc,heap        ] GC(142) PSYoungGen: 202432K(233984K)->70464K(225792K) Eden: 140800K(140800K)->0K(129024K) From: 61632K(93184K)->70464K(96768K)
[58.817s][info][gc,heap        ] GC(142) ParOldGen: 493504K(667648K)->493504K(667648K)
[58.817s][info][gc,metaspace   ] GC(142) Metaspace: 17491K(17600K)->17491K(17600K) NonClass: 15685K(15744K)->15685K(15744K) Class: 1805K(1856K)->1805K(1856K)
[58.817s][info][gc             ] GC(142) Pause Young (Allocation Failure) 679M->550M(872M) 84.689ms
[58.817s][info][gc,cpu         ] GC(142) User=0.15s Sys=0.01s Real=0.08s
[58.955s][info][gc,start       ] GC(143) Pause Young (Allocation Failure)
[59.043s][info][gc,heap        ] GC(143) PSYoungGen: 199488K(225792K)->86720K(216064K) Eden: 129024K(129024K)->0K(129024K) From: 70464K(96768K)->86720K(87040K)
[59.043s][info][gc,heap        ] GC(143) ParOldGen: 493504K(667648K)->493504K(667648K)
[59.043s][info][gc,metaspace   ] GC(143) Metaspace: 17491K(17600K)->17491K(17600K) NonClass: 15685K(15744K)->15685K(15744K) Class: 1805K(1856K)->1805K(1856K)
[59.043s][info][gc             ] GC(143) Pause Young (Allocation Failure) 676M->566M(863M) 87.925ms
[59.043s][info][gc,cpu         ] GC(143) User=0.17s Sys=0.00s Real=0.09s
[59.245s][info][gc,start       ] GC(144) Pause Young (Allocation Failure)
[59.335s][info][gc,heap        ] GC(144) PSYoungGen: 215744K(216064K)->67968K(222720K) Eden: 129024K(129024K)->0K(111616K) From: 86720K(87040K)->67968K(111104K)
[59.335s][info][gc,heap        ] GC(144) ParOldGen: 493504K(667648K)->512304K(667648K)
[59.335s][info][gc,metaspace   ] GC(144) Metaspace: 17491K(17600K)->17491K(17600K) NonClass: 15685K(15744K)->15685K(15744K) Class: 1805K(1856K)->1805K(1856K)
[59.335s][info][gc             ] GC(144) Pause Young (Allocation Failure) 692M->566M(869M) 89.669ms
[59.335s][info][gc,cpu         ] GC(144) User=0.18s Sys=0.00s Real=0.09s
[59.534s][info][gc,start       ] GC(145) Pause Young (Allocation Failure)
[59.615s][info][gc,heap        ] GC(145) PSYoungGen: 179584K(222720K)->82544K(222720K) Eden: 111616K(111616K)->0K(111616K) From: 67968K(111104K)->82544K(111104K)
[59.615s][info][gc,heap        ] GC(145) ParOldGen: 512304K(667648K)->512304K(667648K)
[59.615s][info][gc,metaspace   ] GC(145) Metaspace: 17492K(17600K)->17492K(17600K) NonClass: 15686K(15744K)->15686K(15744K) Class: 1805K(1856K)->1805K(1856K)
[59.615s][info][gc             ] GC(145) Pause Young (Allocation Failure) 675M->580M(869M) 80.677ms
[59.615s][info][gc,cpu         ] GC(145) User=0.15s Sys=0.00s Real=0.08s
[59.748s][info][gc,start       ] GC(146) Pause Young (Allocation Failure)
[59.860s][info][gc,heap        ] GC(146) PSYoungGen: 194160K(222720K)->101840K(222720K) Eden: 111616K(111616K)->0K(111616K) From: 82544K(111104K)->101840K(111104K)
[59.860s][info][gc,heap        ] GC(146) ParOldGen: 512304K(667648K)->512304K(667648K)
[59.860s][info][gc,metaspace   ] GC(146) Metaspace: 17492K(17600K)->17492K(17600K) NonClass: 15686K(15744K)->15686K(15744K) Class: 1805K(1856K)->1805K(1856K)
[59.860s][info][gc             ] GC(146) Pause Young (Allocation Failure) 689M->599M(869M) 111.843ms
[59.860s][info][gc,cpu         ] GC(146) User=0.21s Sys=0.01s Real=0.11s
[59.954s][info][gc,start       ] GC(147) Pause Young (Allocation Failure)
[60.051s][info][gc,heap        ] GC(147) PSYoungGen: 213456K(222720K)->82096K(222720K) Eden: 111616K(111616K)->0K(111616K) From: 101840K(111104K)->82096K(111104K)
[60.051s][info][gc,heap        ] GC(147) ParOldGen: 512304K(667648K)->536128K(667648K)
[60.051s][info][gc,metaspace   ] GC(147) Metaspace: 17492K(17600K)->17492K(17600K) NonClass: 15686K(15744K)->15686K(15744K) Class: 1805K(1856K)->1805K(1856K)
[60.051s][info][gc             ] GC(147) Pause Young (Allocation Failure) 708M->603M(869M) 96.576ms
[60.051s][info][gc,cpu         ] GC(147) User=0.19s Sys=0.00s Real=0.09s
[60.171s][info][gc,start       ] GC(148) Pause Young (Allocation Failure)
[60.249s][info][gc,heap        ] GC(148) PSYoungGen: 193712K(222720K)->68160K(222720K) Eden: 111616K(111616K)->0K(111616K) From: 82096K(111104K)->68160K(111104K)
[60.249s][info][gc,heap        ] GC(148) ParOldGen: 536128K(667648K)->551536K(667648K)
[60.249s][info][gc,metaspace   ] GC(148) Metaspace: 17492K(17600K)->17492K(17600K) NonClass: 15686K(15744K)->15686K(15744K) Class: 1805K(1856K)->1805K(1856K)
[60.249s][info][gc             ] GC(148) Pause Young (Allocation Failure) 712M->605M(869M) 78.374ms
[60.249s][info][gc,cpu         ] GC(148) User=0.15s Sys=0.00s Real=0.08s
[60.406s][info][gc,start       ] GC(149) Pause Young (Allocation Failure)
[60.474s][info][gc,heap        ] GC(149) PSYoungGen: 179776K(222720K)->68128K(222720K) Eden: 111616K(111616K)->0K(111616K) From: 68160K(111104K)->68128K(111104K)
[60.474s][info][gc,heap        ] GC(149) ParOldGen: 551536K(667648K)->555320K(667648K)
[60.474s][info][gc,metaspace   ] GC(149) Metaspace: 17506K(17664K)->17506K(17664K) NonClass: 15701K(15808K)->15701K(15808K) Class: 1805K(1856K)->1805K(1856K)
[60.474s][info][gc             ] GC(149) Pause Young (Allocation Failure) 714M->608M(869M) 68.133ms
[60.474s][info][gc,cpu         ] GC(149) User=0.14s Sys=0.00s Real=0.07s
[60.573s][info][gc,start       ] GC(150) Pause Young (Allocation Failure)
[60.645s][info][gc,heap        ] GC(150) PSYoungGen: 179744K(222720K)->43104K(222720K) Eden: 111616K(111616K)->0K(111616K) From: 68128K(111104K)->43104K(111104K)
[60.645s][info][gc,heap        ] GC(150) ParOldGen: 555320K(667648K)->580488K(667648K)
[60.645s][info][gc,metaspace   ] GC(150) Metaspace: 17507K(17664K)->17507K(17664K) NonClass: 15702K(15808K)->15702K(15808K) Class: 1805K(1856K)->1805K(1856K)
[60.645s][info][gc             ] GC(150) Pause Young (Allocation Failure) 717M->608M(869M) 72.218ms
[60.645s][info][gc,cpu         ] GC(150) User=0.13s Sys=0.00s Real=0.07s
[60.807s][info][gc,start       ] GC(151) Pause Young (Allocation Failure)
[60.860s][info][gc,heap        ] GC(151) PSYoungGen: 154720K(222720K)->37632K(222720K) Eden: 111616K(111616K)->0K(111616K) From: 43104K(111104K)->37632K(111104K)
[60.860s][info][gc,heap        ] GC(151) ParOldGen: 580488K(667648K)->595096K(667648K)
[60.860s][info][gc,metaspace   ] GC(151) Metaspace: 17507K(17664K)->17507K(17664K) NonClass: 15702K(15808K)->15702K(15808K) Class: 1805K(1856K)->1805K(1856K)
[60.860s][info][gc             ] GC(151) Pause Young (Allocation Failure) 717M->617M(869M) 52.950ms
[60.860s][info][gc,cpu         ] GC(151) User=0.11s Sys=0.00s Real=0.05s
[61.019s][info][gc,start       ] GC(152) Pause Young (Allocation Failure)
[61.072s][info][gc,heap        ] GC(152) PSYoungGen: 149248K(222720K)->30320K(222720K) Eden: 111616K(111616K)->0K(111616K) From: 37632K(111104K)->30320K(111104K)
[61.072s][info][gc,heap        ] GC(152) ParOldGen: 595096K(667648K)->618496K(667648K)
[61.072s][info][gc,metaspace   ] GC(152) Metaspace: 17507K(17664K)->17507K(17664K) NonClass: 15702K(15808K)->15702K(15808K) Class: 1805K(1856K)->1805K(1856K)
[61.072s][info][gc             ] GC(152) Pause Young (Allocation Failure) 726M->633M(869M) 52.462ms
[61.072s][info][gc,cpu         ] GC(152) User=0.10s Sys=0.00s Real=0.06s
[61.489s][info][gc,start       ] GC(153) Pause Full (Allocation Failure)
[61.489s][info][gc,phases,start] GC(153) Marking Phase
[61.940s][info][gc,phases      ] GC(153) Marking Phase 450.955ms
[61.940s][info][gc,phases,start] GC(153) Summary Phase
[61.940s][info][gc,phases      ] GC(153) Summary Phase 0.030ms
[61.940s][info][gc,phases,start] GC(153) Forward
[61.956s][info][gc,phases      ] GC(153) Forward 15.886ms
[61.956s][info][gc,phases,start] GC(153) Adjust Pointers
[62.270s][info][gc,phases      ] GC(153) Adjust Pointers 314.089ms
[62.270s][info][gc,phases,start] GC(153) Compaction Phase
[62.400s][info][gc,phases      ] GC(153) Compaction Phase 130.008ms
[62.400s][info][gc,phases,start] GC(153) Post Compact
[62.402s][info][gc,phases      ] GC(153) Post Compact 2.210ms
[62.403s][info][gc,heap        ] GC(153) PSYoungGen: 141936K(222720K)->0K(222720K) Eden: 111616K(111616K)->0K(111616K) From: 30320K(111104K)->0K(111104K)
[62.403s][info][gc,heap        ] GC(153) ParOldGen: 618496K(667648K)->648606K(667648K)
[62.403s][info][gc,metaspace   ] GC(153) Metaspace: 17509K(17664K)->17509K(17664K) NonClass: 15704K(15808K)->15704K(15808K) Class: 1805K(1856K)->1805K(1856K)
[62.403s][info][gc             ] GC(153) Pause Full (Allocation Failure) 742M->633M(869M) 913.710ms
[62.403s][info][gc,cpu         ] GC(153) User=1.80s Sys=0.00s Real=0.92s
[62.743s][info][gc,start       ] GC(154) Pause Full (Allocation Failure)
[62.743s][info][gc,phases,start] GC(154) Marking Phase
[63.192s][info][gc,phases      ] GC(154) Marking Phase 449.024ms
[63.192s][info][gc,phases,start] GC(154) Summary Phase
[63.192s][info][gc,phases      ] GC(154) Summary Phase 0.027ms
[63.192s][info][gc,phases,start] GC(154) Forward
[63.199s][info][gc,phases      ] GC(154) Forward 7.147ms
[63.199s][info][gc,phases,start] GC(154) Adjust Pointers
[63.509s][info][gc,phases      ] GC(154) Adjust Pointers 309.268ms
[63.509s][info][gc,phases,start] GC(154) Compaction Phase
[63.631s][info][gc,phases      ] GC(154) Compaction Phase 122.233ms
[63.631s][info][gc,phases,start] GC(154) Post Compact
[63.633s][info][gc,phases      ] GC(154) Post Compact 2.175ms
[63.633s][info][gc,heap        ] GC(154) PSYoungGen: 111616K(222720K)->0K(222720K) Eden: 111616K(111616K)->0K(111616K) From: 0K(111104K)->0K(111104K)
[63.633s][info][gc,heap        ] GC(154) ParOldGen: 648606K(667648K)->648661K(667648K)
[63.633s][info][gc,metaspace   ] GC(154) Metaspace: 17509K(17664K)->17509K(17664K) NonClass: 15704K(15808K)->15704K(15808K) Class: 1805K(1856K)->1805K(1856K)
[63.633s][info][gc             ] GC(154) Pause Full (Allocation Failure) 742M->633M(869M) 890.340ms
[63.633s][info][gc,cpu         ] GC(154) User=1.74s Sys=0.00s Real=0.89s
[64.082s][info][gc,start       ] GC(155) Pause Full (Allocation Failure)
[64.082s][info][gc,phases,start] GC(155) Marking Phase
[64.544s][info][gc,phases      ] GC(155) Marking Phase 461.579ms
[64.544s][info][gc,phases,start] GC(155) Summary Phase
[64.544s][info][gc,phases      ] GC(155) Summary Phase 0.029ms
[64.544s][info][gc,phases,start] GC(155) Forward
[64.544s][info][gc,phases      ] GC(155) Forward 0.484ms
[64.544s][info][gc,phases,start] GC(155) Adjust Pointers
[64.853s][info][gc,phases      ] GC(155) Adjust Pointers 308.575ms
[64.853s][info][gc,phases,start] GC(155) Compaction Phase
[64.978s][info][gc,phases      ] GC(155) Compaction Phase 125.194ms
[64.978s][info][gc,phases,start] GC(155) Post Compact
[64.981s][info][gc,phases      ] GC(155) Post Compact 2.158ms
[64.981s][info][gc,heap        ] GC(155) PSYoungGen: 111616K(222720K)->0K(222720K) Eden: 111616K(111616K)->0K(111616K) From: 0K(111104K)->0K(111104K)
[64.981s][info][gc,heap        ] GC(155) ParOldGen: 648661K(667648K)->648674K(667648K)
[64.981s][info][gc,metaspace   ] GC(155) Metaspace: 17509K(17664K)->17509K(17664K) NonClass: 15704K(15808K)->15704K(15808K) Class: 1805K(1856K)->1805K(1856K)
[64.981s][info][gc             ] GC(155) Pause Full (Allocation Failure) 742M->633M(869M) 898.478ms
[64.981s][info][gc,cpu         ] GC(155) User=1.76s Sys=0.00s Real=0.89s
[65.233s][info][gc,start       ] GC(156) Pause Full (Allocation Failure)
[65.233s][info][gc,phases,start] GC(156) Marking Phase
[65.678s][info][gc,phases      ] GC(156) Marking Phase 444.575ms
[65.678s][info][gc,phases,start] GC(156) Summary Phase
[65.678s][info][gc,phases      ] GC(156) Summary Phase 0.025ms
[65.678s][info][gc,phases,start] GC(156) Forward
[65.678s][info][gc,phases      ] GC(156) Forward 0.404ms
[65.678s][info][gc,phases,start] GC(156) Adjust Pointers
[65.982s][info][gc,phases      ] GC(156) Adjust Pointers 304.200ms
[65.982s][info][gc,phases,start] GC(156) Compaction Phase
[66.108s][info][gc,phases      ] GC(156) Compaction Phase 126.075ms
[66.109s][info][gc,phases,start] GC(156) Post Compact
[66.111s][info][gc,phases      ] GC(156) Post Compact 2.203ms
[66.111s][info][gc,heap        ] GC(156) PSYoungGen: 111616K(222720K)->0K(222720K) Eden: 111616K(111616K)->0K(111616K) From: 0K(111104K)->0K(111104K)
[66.111s][info][gc,heap        ] GC(156) ParOldGen: 648674K(667648K)->648677K(667648K)
[66.111s][info][gc,metaspace   ] GC(156) Metaspace: 17509K(17664K)->17509K(17664K) NonClass: 15704K(15808K)->15704K(15808K) Class: 1805K(1856K)->1805K(1856K)
[66.111s][info][gc             ] GC(156) Pause Full (Allocation Failure) 742M->633M(869M) 877.936ms
[66.111s][info][gc,cpu         ] GC(156) User=1.73s Sys=0.00s Real=0.87s
[66.400s][info][gc,start       ] GC(157) Pause Full (Allocation Failure)
[66.400s][info][gc,phases,start] GC(157) Marking Phase
[66.785s][info][gc,phases      ] GC(157) Marking Phase 384.420ms
[66.785s][info][gc,phases,start] GC(157) Summary Phase
[66.785s][info][gc,phases      ] GC(157) Summary Phase 0.027ms
[66.785s][info][gc,phases,start] GC(157) Forward
[66.867s][info][gc,phases      ] GC(157) Forward 81.948ms
[66.867s][info][gc,phases,start] GC(157) Adjust Pointers
[67.158s][info][gc,phases      ] GC(157) Adjust Pointers 291.189ms
[67.158s][info][gc,phases,start] GC(157) Compaction Phase
[67.300s][info][gc,phases      ] GC(157) Compaction Phase 142.098ms
[67.306s][info][gc,phases,start] GC(157) Post Compact
[67.308s][info][gc,phases      ] GC(157) Post Compact 2.217ms
[67.308s][info][gc,heap        ] GC(157) PSYoungGen: 111616K(222720K)->0K(222720K) Eden: 111616K(111616K)->0K(111616K) From: 0K(111104K)->0K(111104K)
[67.308s][info][gc,heap        ] GC(157) ParOldGen: 648677K(667648K)->553733K(667648K)
[67.308s][info][gc,metaspace   ] GC(157) Metaspace: 17511K(17664K)->17511K(17664K) NonClass: 15705K(15808K)->15705K(15808K) Class: 1805K(1856K)->1805K(1856K)
[67.309s][info][gc             ] GC(157) Pause Full (Allocation Failure) 742M->540M(869M) 908.412ms
[67.309s][info][gc,cpu         ] GC(157) User=1.75s Sys=0.00s Real=0.91s
[67.575s][info][gc,start       ] GC(158) Pause Young (Allocation Failure)
[67.581s][info][gc,heap        ] GC(158) PSYoungGen: 111616K(222720K)->2176K(222720K) Eden: 111616K(111616K)->0K(111616K) From: 0K(111104K)->2176K(111104K)
[67.581s][info][gc,heap        ] GC(158) ParOldGen: 553733K(667648K)->553733K(667648K)
[67.581s][info][gc,metaspace   ] GC(158) Metaspace: 17514K(17664K)->17514K(17664K) NonClass: 15709K(15808K)->15709K(15808K) Class: 1805K(1856K)->1805K(1856K)
[67.581s][info][gc             ] GC(158) Pause Young (Allocation Failure) 649M->542M(869M) 6.078ms
[67.581s][info][gc,cpu         ] GC(158) User=0.01s Sys=0.00s Real=0.00s
[67.715s][info][gc,start       ] GC(159) Pause Young (Allocation Failure)
[67.742s][info][gc,heap        ] GC(159) PSYoungGen: 113792K(222720K)->33360K(222720K) Eden: 111616K(111616K)->0K(111616K) From: 2176K(111104K)->33360K(111104K)
[67.742s][info][gc,heap        ] GC(159) ParOldGen: 553733K(667648K)->553733K(667648K)
[67.742s][info][gc,metaspace   ] GC(159) Metaspace: 17515K(17664K)->17515K(17664K) NonClass: 15709K(15808K)->15709K(15808K) Class: 1805K(1856K)->1805K(1856K)
[67.742s][info][gc             ] GC(159) Pause Young (Allocation Failure) 651M->573M(869M) 26.692ms
[67.742s][info][gc,cpu         ] GC(159) User=0.05s Sys=0.00s Real=0.03s
[67.835s][info][gc,start       ] GC(160) Pause Young (Allocation Failure)
[67.884s][info][gc,heap        ] GC(160) PSYoungGen: 144976K(222720K)->72464K(222720K) Eden: 111616K(111616K)->0K(111616K) From: 33360K(111104K)->72464K(111104K)
[67.884s][info][gc,heap        ] GC(160) ParOldGen: 553733K(667648K)->555917K(667648K)
[67.884s][info][gc,metaspace   ] GC(160) Metaspace: 17515K(17664K)->17515K(17664K) NonClass: 15709K(15808K)->15709K(15808K) Class: 1805K(1856K)->1805K(1856K)
[67.884s][info][gc             ] GC(160) Pause Young (Allocation Failure) 682M->613M(869M) 48.979ms
[67.884s][info][gc,cpu         ] GC(160) User=0.09s Sys=0.00s Real=0.05s
[68.062s][info][gc,start       ] GC(161) Pause Young (Allocation Failure)
[68.114s][info][gc,heap        ] GC(161) PSYoungGen: 184080K(222720K)->3456K(222720K) Eden: 111616K(111616K)->0K(111616K) From: 72464K(111104K)->3456K(111104K)
[68.114s][info][gc,heap        ] GC(161) ParOldGen: 555917K(667648K)->629220K(667648K)
[68.114s][info][gc,metaspace   ] GC(161) Metaspace: 17516K(17664K)->17516K(17664K) NonClass: 15710K(15808K)->15710K(15808K) Class: 1805K(1856K)->1805K(1856K)
[68.114s][info][gc             ] GC(161) Pause Young (Allocation Failure) 722M->617M(869M) 52.063ms
[68.114s][info][gc,cpu         ] GC(161) User=0.10s Sys=0.00s Real=0.05s
[68.329s][info][gc,start       ] GC(162) Pause Full (Allocation Failure)
[68.329s][info][gc,phases,start] GC(162) Marking Phase
[68.657s][info][gc,phases      ] GC(162) Marking Phase 327.626ms
[68.657s][info][gc,phases,start] GC(162) Summary Phase
[68.657s][info][gc,phases      ] GC(162) Summary Phase 0.039ms
[68.657s][info][gc,phases,start] GC(162) Forward
[68.715s][info][gc,phases      ] GC(162) Forward 57.898ms
[68.715s][info][gc,phases,start] GC(162) Adjust Pointers
[68.964s][info][gc,phases      ] GC(162) Adjust Pointers 249.048ms
[68.964s][info][gc,phases,start] GC(162) Compaction Phase
[69.081s][info][gc,phases      ] GC(162) Compaction Phase 117.031ms
[69.087s][info][gc,phases,start] GC(162) Post Compact
[69.089s][info][gc,phases      ] GC(162) Post Compact 2.200ms
[69.089s][info][gc,heap        ] GC(162) PSYoungGen: 115072K(222720K)->0K(222720K) Eden: 111616K(111616K)->0K(111616K) From: 3456K(111104K)->0K(111104K)
[69.089s][info][gc,heap        ] GC(162) ParOldGen: 629220K(667648K)->486516K(667648K)
[69.089s][info][gc,metaspace   ] GC(162) Metaspace: 17520K(17728K)->17520K(17728K) NonClass: 15715K(15872K)->15715K(15872K) Class: 1805K(1856K)->1805K(1856K)
[69.089s][info][gc             ] GC(162) Pause Full (Allocation Failure) 726M->475M(869M) 760.072ms
[69.089s][info][gc,cpu         ] GC(162) User=1.46s Sys=0.00s Real=0.76s
[69.251s][info][gc,start       ] GC(163) Pause Young (Allocation Failure)
[69.254s][info][gc,heap        ] GC(163) PSYoungGen: 111616K(222720K)->1184K(222720K) Eden: 111616K(111616K)->0K(111616K) From: 0K(111104K)->1184K(111104K)
[69.254s][info][gc,heap        ] GC(163) ParOldGen: 486516K(667648K)->486516K(667648K)
[69.254s][info][gc,metaspace   ] GC(163) Metaspace: 17520K(17728K)->17520K(17728K) NonClass: 15715K(15872K)->15715K(15872K) Class: 1805K(1856K)->1805K(1856K)
[69.254s][info][gc             ] GC(163) Pause Young (Allocation Failure) 584M->476M(869M) 3.008ms
[69.254s][info][gc,cpu         ] GC(163) User=0.01s Sys=0.00s Real=0.01s
[69.464s][info][gc,start       ] GC(164) Pause Young (Allocation Failure)
[69.467s][info][gc,heap        ] GC(164) PSYoungGen: 112800K(222720K)->64K(222720K) Eden: 111616K(111616K)->0K(111616K) From: 1184K(111104K)->64K(111104K)
[69.467s][info][gc,heap        ] GC(164) ParOldGen: 486516K(667648K)->487652K(667648K)
[69.467s][info][gc,metaspace   ] GC(164) Metaspace: 17520K(17728K)->17520K(17728K) NonClass: 15715K(15872K)->15715K(15872K) Class: 1805K(1856K)->1805K(1856K)
[69.467s][info][gc             ] GC(164) Pause Young (Allocation Failure) 585M->476M(869M) 3.145ms
[69.467s][info][gc,cpu         ] GC(164) User=0.01s Sys=0.00s Real=0.00s
[69.645s][info][gc,start       ] GC(165) Pause Young (Allocation Failure)
[69.647s][info][gc,heap        ] GC(165) PSYoungGen: 111680K(222720K)->192K(222720K) Eden: 111616K(111616K)->0K(111616K) From: 64K(111104K)->192K(111104K)
[69.647s][info][gc,heap        ] GC(165) ParOldGen: 487652K(667648K)->487668K(667648K)
[69.647s][info][gc,metaspace   ] GC(165) Metaspace: 17523K(17728K)->17523K(17728K) NonClass: 15717K(15872K)->15717K(15872K) Class: 1805K(1856K)->1805K(1856K)
[69.647s][info][gc             ] GC(165) Pause Young (Allocation Failure) 585M->476M(869M) 1.972ms
[69.647s][info][gc,cpu         ] GC(165) User=0.00s Sys=0.00s Real=0.00s
[69.823s][info][gc,start       ] GC(166) Pause Young (Allocation Failure)
[69.827s][info][gc,heap        ] GC(166) PSYoungGen: 111808K(222720K)->2240K(222720K) Eden: 111616K(111616K)->0K(111616K) From: 192K(111104K)->2240K(111104K)
[69.827s][info][gc,heap        ] GC(166) ParOldGen: 487668K(667648K)->487828K(667648K)
[69.827s][info][gc,metaspace   ] GC(166) Metaspace: 17523K(17728K)->17523K(17728K) NonClass: 15717K(15872K)->15717K(15872K) Class: 1805K(1856K)->1805K(1856K)
[69.827s][info][gc             ] GC(166) Pause Young (Allocation Failure) 585M->478M(869M) 3.753ms
[69.827s][info][gc,cpu         ] GC(166) User=0.01s Sys=0.00s Real=0.00s
[70.046s][info][gc,start       ] GC(167) Pause Young (Allocation Failure)
[70.060s][info][gc,heap        ] GC(167) PSYoungGen: 113856K(222720K)->7200K(119296K) Eden: 111616K(111616K)->0K(111616K) From: 2240K(111104K)->7200K(7680K)
[70.060s][info][gc,heap        ] GC(167) ParOldGen: 487828K(667648K)->490036K(667648K)
[70.060s][info][gc,metaspace   ] GC(167) Metaspace: 17524K(17728K)->17524K(17728K) NonClass: 15719K(15872K)->15719K(15872K) Class: 1805K(1856K)->1805K(1856K)
[70.060s][info][gc             ] GC(167) Pause Young (Allocation Failure) 587M->485M(768M) 13.649ms
[70.060s][info][gc,cpu         ] GC(167) User=0.03s Sys=0.00s Real=0.01s
[70.139s][info][gc,start       ] GC(168) Pause Young (Allocation Failure)
[70.168s][info][gc,heap        ] GC(168) PSYoungGen: 118816K(119296K)->36928K(219136K) Eden: 111616K(111616K)->0K(115712K) From: 7200K(7680K)->36928K(103424K)
[70.168s][info][gc,heap        ] GC(168) ParOldGen: 490036K(667648K)->490036K(667648K)
[70.168s][info][gc,metaspace   ] GC(168) Metaspace: 17524K(17728K)->17524K(17728K) NonClass: 15719K(15872K)->15719K(15872K) Class: 1805K(1856K)->1805K(1856K)
[70.168s][info][gc             ] GC(168) Pause Young (Allocation Failure) 594M->514M(866M) 28.915ms
[70.168s][info][gc,cpu         ] GC(168) User=0.05s Sys=0.00s Real=0.03s
[70.247s][info][gc,start       ] GC(169) Pause Young (Allocation Failure)
[70.290s][info][gc,heap        ] GC(169) PSYoungGen: 152640K(219136K)->69968K(220160K) Eden: 115712K(115712K)->0K(115712K) From: 36928K(103424K)->69968K(104448K)
[70.290s][info][gc,heap        ] GC(169) ParOldGen: 490036K(667648K)->490036K(667648K)
[70.290s][info][gc,metaspace   ] GC(169) Metaspace: 17524K(17728K)->17524K(17728K) NonClass: 15719K(15872K)->15719K(15872K) Class: 1805K(1856K)->1805K(1856K)
[70.290s][info][gc             ] GC(169) Pause Young (Allocation Failure) 627M->546M(867M) 43.460ms
[70.290s][info][gc,cpu         ] GC(169) User=0.09s Sys=0.00s Real=0.04s
[70.470s][info][gc,start       ] GC(170) Pause Young (Allocation Failure)
[70.517s][info][gc,heap        ] GC(170) PSYoungGen: 185680K(220160K)->45120K(224768K) Eden: 115712K(115712K)->0K(113664K) From: 69968K(104448K)->45120K(111104K)
[70.517s][info][gc,heap        ] GC(170) ParOldGen: 490036K(667648K)->527484K(667648K)
[70.517s][info][gc,metaspace   ] GC(170) Metaspace: 17524K(17728K)->17524K(17728K) NonClass: 15719K(15872K)->15719K(15872K) Class: 1805K(1856K)->1805K(1856K)
[70.517s][info][gc             ] GC(170) Pause Young (Allocation Failure) 659M->559M(871M) 47.300ms
[70.517s][info][gc,cpu         ] GC(170) User=0.09s Sys=0.00s Real=0.05s
[70.727s][info][gc,start       ] GC(171) Pause Young (Allocation Failure)
[70.760s][info][gc,heap        ] GC(171) PSYoungGen: 158784K(224768K)->45120K(159232K) Eden: 113664K(113664K)->0K(113664K) From: 45120K(111104K)->45120K(45568K)
[70.760s][info][gc,heap        ] GC(171) ParOldGen: 527484K(667648K)->527484K(667648K)
[70.760s][info][gc,metaspace   ] GC(171) Metaspace: 17524K(17728K)->17524K(17728K) NonClass: 15719K(15872K)->15719K(15872K) Class: 1805K(1856K)->1805K(1856K)
[70.761s][info][gc             ] GC(171) Pause Young (Allocation Failure) 670M->559M(807M) 33.169ms
[70.761s][info][gc,cpu         ] GC(171) User=0.06s Sys=0.00s Real=0.03s
[70.931s][info][gc,start       ] GC(172) Pause Young (Allocation Failure)
[70.956s][info][gc,heap        ] GC(172) PSYoungGen: 158784K(159232K)->45184K(221696K) Eden: 113664K(113664K)->0K(116736K) From: 45120K(45568K)->45184K(104960K)
[70.956s][info][gc,heap        ] GC(172) ParOldGen: 527484K(667648K)->527484K(667648K)
[70.956s][info][gc,metaspace   ] GC(172) Metaspace: 17524K(17728K)->17524K(17728K) NonClass: 15719K(15872K)->15719K(15872K) Class: 1805K(1856K)->1805K(1856K)
[70.956s][info][gc             ] GC(172) Pause Young (Allocation Failure) 670M->559M(868M) 25.960ms
[70.956s][info][gc,cpu         ] GC(172) User=0.05s Sys=0.00s Real=0.03s
[71.109s][info][gc,start       ] GC(173) Pause Young (Allocation Failure)
[71.136s][info][gc,heap        ] GC(173) PSYoungGen: 161920K(221696K)->45248K(219136K) Eden: 116736K(116736K)->0K(116736K) From: 45184K(104960K)->45248K(102400K)
[71.136s][info][gc,heap        ] GC(173) ParOldGen: 527484K(667648K)->527484K(667648K)
[71.136s][info][gc,metaspace   ] GC(173) Metaspace: 17524K(17728K)->17524K(17728K) NonClass: 15719K(15872K)->15719K(15872K) Class: 1805K(1856K)->1805K(1856K)
[71.136s][info][gc             ] GC(173) Pause Young (Allocation Failure) 673M->559M(866M) 26.886ms
[71.136s][info][gc,cpu         ] GC(173) User=0.06s Sys=0.00s Real=0.03s
[71.284s][info][gc,start       ] GC(174) Pause Young (Allocation Failure)
[71.312s][info][gc,heap        ] GC(174) PSYoungGen: 161984K(219136K)->45376K(214016K) Eden: 116736K(116736K)->0K(121856K) From: 45248K(102400K)->45376K(92160K)
[71.312s][info][gc,heap        ] GC(174) ParOldGen: 527484K(667648K)->527484K(667648K)
[71.312s][info][gc,metaspace   ] GC(174) Metaspace: 17524K(17728K)->17524K(17728K) NonClass: 15719K(15872K)->15719K(15872K) Class: 1805K(1856K)->1805K(1856K)
[71.312s][info][gc             ] GC(174) Pause Young (Allocation Failure) 673M->559M(861M) 27.486ms
[71.312s][info][gc,cpu         ] GC(174) User=0.05s Sys=0.00s Real=0.02s
[71.444s][info][gc,start       ] GC(175) Pause Young (Allocation Failure)
[71.481s][info][gc,heap        ] GC(175) PSYoungGen: 167232K(214016K)->45472K(217600K) Eden: 121856K(121856K)->0K(121856K) From: 45376K(92160K)->45472K(95744K)
[71.481s][info][gc,heap        ] GC(175) ParOldGen: 527484K(667648K)->527484K(667648K)
[71.481s][info][gc,metaspace   ] GC(175) Metaspace: 17524K(17728K)->17524K(17728K) NonClass: 15719K(15872K)->15719K(15872K) Class: 1805K(1856K)->1805K(1856K)
[71.481s][info][gc             ] GC(175) Pause Young (Allocation Failure) 678M->559M(864M) 37.387ms
[71.481s][info][gc,cpu         ] GC(175) User=0.08s Sys=0.00s Real=0.03s
[71.596s][info][gc,start       ] GC(176) Pause Young (Allocation Failure)
[71.636s][info][gc,heap        ] GC(176) PSYoungGen: 167328K(217600K)->58272K(218624K) Eden: 121856K(121856K)->0K(125952K) From: 45472K(95744K)->58272K(92672K)
[71.636s][info][gc,heap        ] GC(176) ParOldGen: 527484K(667648K)->527484K(667648K)
[71.636s][info][gc,metaspace   ] GC(176) Metaspace: 17524K(17728K)->17524K(17728K) NonClass: 15719K(15872K)->15719K(15872K) Class: 1805K(1856K)->1805K(1856K)
[71.636s][info][gc             ] GC(176) Pause Young (Allocation Failure) 678M->572M(865M) 40.063ms
[71.636s][info][gc,cpu         ] GC(176) User=0.08s Sys=0.01s Real=0.04s
[71.734s][info][gc,start       ] GC(177) Pause Young (Allocation Failure)
[71.788s][info][gc,heap        ] GC(177) PSYoungGen: 184224K(218624K)->72672K(220672K) Eden: 125952K(125952K)->0K(125952K) From: 58272K(92672K)->72672K(94720K)
[71.788s][info][gc,heap        ] GC(177) ParOldGen: 527484K(667648K)->527484K(667648K)
[71.788s][info][gc,metaspace   ] GC(177) Metaspace: 17524K(17728K)->17524K(17728K) NonClass: 15719K(15872K)->15719K(15872K) Class: 1805K(1856K)->1805K(1856K)
[71.788s][info][gc             ] GC(177) Pause Young (Allocation Failure) 695M->586M(867M) 53.590ms
[71.788s][info][gc,cpu         ] GC(177) User=0.11s Sys=0.00s Real=0.05s
[71.914s][info][gc,start       ] GC(178) Pause Young (Allocation Failure)
[71.983s][info][gc,heap        ] GC(178) PSYoungGen: 198624K(220672K)->83552K(215040K) Eden: 125952K(125952K)->0K(113664K) From: 72672K(94720K)->83552K(101376K)
[71.983s][info][gc,heap        ] GC(178) ParOldGen: 527484K(667648K)->527484K(667648K)
[71.983s][info][gc,metaspace   ] GC(178) Metaspace: 17527K(17728K)->17527K(17728K) NonClass: 15722K(15872K)->15722K(15872K) Class: 1805K(1856K)->1805K(1856K)
[71.983s][info][gc             ] GC(178) Pause Young (Allocation Failure) 709M->596M(862M) 69.132ms
[71.983s][info][gc,cpu         ] GC(178) User=0.13s Sys=0.00s Real=0.07s
[72.048s][info][gc,start       ] GC(179) Pause Young (Allocation Failure)
[72.115s][info][gc,heap        ] GC(179) PSYoungGen: 197216K(215040K)->84096K(198144K) Eden: 113664K(113664K)->0K(113664K) From: 83552K(101376K)->84096K(84480K)
[72.115s][info][gc,heap        ] GC(179) ParOldGen: 527484K(667648K)->527484K(667648K)
[72.115s][info][gc,metaspace   ] GC(179) Metaspace: 17527K(17728K)->17527K(17728K) NonClass: 15722K(15872K)->15722K(15872K) Class: 1805K(1856K)->1805K(1856K)
[72.115s][info][gc             ] GC(179) Pause Young (Allocation Failure) 707M->597M(845M) 67.596ms
[72.116s][info][gc,cpu         ] GC(179) User=0.14s Sys=0.00s Real=0.07s
[72.253s][info][gc,start       ] GC(180) Pause Young (Allocation Failure)
[72.328s][info][gc,heap        ] GC(180) PSYoungGen: 197760K(198144K)->40224K(222720K) Eden: 113664K(113664K)->0K(111616K) From: 84096K(84480K)->40224K(111104K)
[72.328s][info][gc,heap        ] GC(180) ParOldGen: 527484K(667648K)->573080K(667648K)
[72.328s][info][gc,metaspace   ] GC(180) Metaspace: 17527K(17728K)->17527K(17728K) NonClass: 15722K(15872K)->15722K(15872K) Class: 1805K(1856K)->1805K(1856K)
[72.328s][info][gc             ] GC(180) Pause Young (Allocation Failure) 708M->598M(869M) 75.458ms
[72.328s][info][gc,cpu         ] GC(180) User=0.15s Sys=0.00s Real=0.07s
[72.454s][info][gc,start       ] GC(181) Pause Young (Allocation Failure)
[72.496s][info][gc,heap        ] GC(181) PSYoungGen: 151840K(222720K)->40448K(152064K) Eden: 111616K(111616K)->0K(111616K) From: 40224K(111104K)->40448K(40448K)
[72.496s][info][gc,heap        ] GC(181) ParOldGen: 573080K(667648K)->573176K(667648K)
[72.496s][info][gc,metaspace   ] GC(181) Metaspace: 17527K(17728K)->17527K(17728K) NonClass: 15722K(15872K)->15722K(15872K) Class: 1805K(1856K)->1805K(1856K)
[72.496s][info][gc             ] GC(181) Pause Young (Allocation Failure) 707M->599M(800M) 42.068ms
[72.496s][info][gc,cpu         ] GC(181) User=0.08s Sys=0.00s Real=0.04s
[72.624s][info][gc,start       ] GC(182) Pause Young (Allocation Failure)
[72.678s][info][gc,heap        ] GC(182) PSYoungGen: 152064K(152064K)->47584K(222208K) Eden: 111616K(111616K)->0K(117248K) From: 40448K(40448K)->47584K(104960K)
[72.678s][info][gc,heap        ] GC(182) ParOldGen: 573176K(667648K)->573176K(667648K)
[72.678s][info][gc,metaspace   ] GC(182) Metaspace: 17527K(17728K)->17527K(17728K) NonClass: 15722K(15872K)->15722K(15872K) Class: 1805K(1856K)->1805K(1856K)
[72.678s][info][gc             ] GC(182) Pause Young (Allocation Failure) 708M->606M(869M) 53.796ms
[72.678s][info][gc,cpu         ] GC(182) User=0.11s Sys=0.00s Real=0.05s
[72.835s][info][gc,start       ] GC(183) Pause Young (Allocation Failure)
[72.927s][info][gc,heap        ] GC(183) PSYoungGen: 164832K(222208K)->48032K(219648K) Eden: 117248K(117248K)->0K(117248K) From: 47584K(104960K)->48032K(102400K)
[72.927s][info][gc,heap        ] GC(183) ParOldGen: 573176K(667648K)->573176K(667648K)
[72.927s][info][gc,metaspace   ] GC(183) Metaspace: 17527K(17728K)->17527K(17728K) NonClass: 15722K(15872K)->15722K(15872K) Class: 1805K(1856K)->1805K(1856K)
[72.927s][info][gc             ] GC(183) Pause Young (Allocation Failure) 720M->606M(866M) 91.698ms
[72.927s][info][gc,cpu         ] GC(183) User=0.18s Sys=0.00s Real=0.09s
[73.039s][info][gc,start       ] GC(184) Pause Young (Allocation Failure)
[73.125s][info][gc,heap        ] GC(184) PSYoungGen: 165280K(219648K)->74283K(218624K) Eden: 117248K(117248K)->0K(121344K) From: 48032K(102400K)->74283K(97280K)
[73.125s][info][gc,heap        ] GC(184) ParOldGen: 573176K(667648K)->573176K(667648K)
[73.125s][info][gc,metaspace   ] GC(184) Metaspace: 17527K(17728K)->17527K(17728K) NonClass: 15722K(15872K)->15722K(15872K) Class: 1805K(1856K)->1805K(1856K)
[73.125s][info][gc             ] GC(184) Pause Young (Allocation Failure) 721M->632M(865M) 86.284ms
[73.125s][info][gc,cpu         ] GC(184) User=0.17s Sys=0.00s Real=0.09s
[73.273s][info][gc,start       ] GC(185) Pause Young (Allocation Failure)
[73.369s][info][gc,heap        ] GC(185) PSYoungGen: 195627K(218624K)->86908K(223232K) Eden: 121344K(121344K)->0K(121344K) From: 74283K(97280K)->86908K(101888K)
[73.369s][info][gc,heap        ] GC(185) ParOldGen: 573176K(667648K)->573176K(667648K)
[73.369s][info][gc,metaspace   ] GC(185) Metaspace: 17527K(17728K)->17527K(17728K) NonClass: 15722K(15872K)->15722K(15872K) Class: 1805K(1856K)->1805K(1856K)
[73.369s][info][gc             ] GC(185) Pause Young (Allocation Failure) 750M->644M(870M) 95.774ms
[73.369s][info][gc,cpu         ] GC(185) User=0.19s Sys=0.00s Real=0.09s
[73.520s][info][gc,start       ] GC(186) Pause Young (Allocation Failure)
[73.645s][info][gc,heap        ] GC(186) PSYoungGen: 208252K(223232K)->90604K(221696K) Eden: 121344K(121344K)->0K(111616K) From: 86908K(101888K)->90604K(110080K)
[73.645s][info][gc,heap        ] GC(186) ParOldGen: 573176K(667648K)->573176K(667648K)
[73.645s][info][gc,metaspace   ] GC(186) Metaspace: 17527K(17728K)->17527K(17728K) NonClass: 15722K(15872K)->15722K(15872K) Class: 1805K(1856K)->1805K(1856K)
[73.645s][info][gc             ] GC(186) Pause Young (Allocation Failure) 763M->648M(868M) 124.700ms
[73.645s][info][gc,cpu         ] GC(186) User=0.25s Sys=0.00s Real=0.13s
[73.862s][info][gc,start       ] GC(187) Pause Young (Allocation Failure)
[73.959s][info][gc,heap        ] GC(187) PSYoungGen: 202220K(221696K)->90428K(222720K) Eden: 111616K(111616K)->0K(111616K) From: 90604K(110080K)->90428K(111104K)
[73.959s][info][gc,heap        ] GC(187) ParOldGen: 573176K(667648K)->573392K(667648K)
[73.959s][info][gc,metaspace   ] GC(187) Metaspace: 17528K(17728K)->17528K(17728K) NonClass: 15722K(15872K)->15722K(15872K) Class: 1805K(1856K)->1805K(1856K)
[73.959s][info][gc             ] GC(187) Pause Young (Allocation Failure) 757M->648M(869M) 97.277ms
[73.959s][info][gc,cpu         ] GC(187) User=0.19s Sys=0.00s Real=0.09s
[74.144s][info][gc,start       ] GC(188) Pause Young (Allocation Failure)
[74.259s][info][gc,heap        ] GC(188) PSYoungGen: 202044K(222720K)->77707K(222720K) Eden: 111616K(111616K)->0K(111616K) From: 90428K(111104K)->77707K(111104K)
[74.259s][info][gc,heap        ] GC(188) ParOldGen: 573392K(667648K)->586312K(667648K)
[74.259s][info][gc,metaspace   ] GC(188) Metaspace: 17528K(17728K)->17528K(17728K) NonClass: 15722K(15872K)->15722K(15872K) Class: 1805K(1856K)->1805K(1856K)
[74.259s][info][gc             ] GC(188) Pause Young (Allocation Failure) 757M->648M(869M) 115.504ms
[74.259s][info][gc,cpu         ] GC(188) User=0.23s Sys=0.00s Real=0.11s
[74.443s][info][gc,start       ] GC(189) Pause Young (Allocation Failure)
[74.531s][info][gc,heap        ] GC(189) PSYoungGen: 189323K(222720K)->52331K(222720K) Eden: 111616K(111616K)->0K(111616K) From: 77707K(111104K)->52331K(111104K)
[74.531s][info][gc,heap        ] GC(189) ParOldGen: 586312K(667648K)->611704K(667648K)
[74.531s][info][gc,metaspace   ] GC(189) Metaspace: 17528K(17728K)->17528K(17728K) NonClass: 15722K(15872K)->15722K(15872K) Class: 1805K(1856K)->1805K(1856K)
[74.531s][info][gc             ] GC(189) Pause Young (Allocation Failure) 757M->648M(869M) 88.330ms
[74.531s][info][gc,cpu         ] GC(189) User=0.17s Sys=0.00s Real=0.08s
[74.718s][info][gc,start       ] GC(190) Pause Young (Allocation Failure)
[74.783s][info][gc,heap        ] GC(190) PSYoungGen: 163947K(222720K)->50635K(222720K) Eden: 111616K(111616K)->0K(111616K) From: 52331K(111104K)->50635K(111104K)
[74.783s][info][gc,heap        ] GC(190) ParOldGen: 611704K(667648K)->613408K(667648K)
[74.783s][info][gc,metaspace   ] GC(190) Metaspace: 17528K(17728K)->17528K(17728K) NonClass: 15722K(15872K)->15722K(15872K) Class: 1805K(1856K)->1805K(1856K)
[74.783s][info][gc             ] GC(190) Pause Young (Allocation Failure) 757M->648M(869M) 64.790ms
[74.783s][info][gc,cpu         ] GC(190) User=0.13s Sys=0.00s Real=0.07s
[74.982s][info][gc,start       ] GC(191) Pause Young (Allocation Failure)
[75.046s][info][gc,heap        ] GC(191) PSYoungGen: 162251K(222720K)->43211K(222720K) Eden: 111616K(111616K)->0K(111616K) From: 50635K(111104K)->43211K(111104K)
[75.046s][info][gc,heap        ] GC(191) ParOldGen: 613408K(667648K)->620896K(667648K)
[75.046s][info][gc,metaspace   ] GC(191) Metaspace: 17532K(17728K)->17532K(17728K) NonClass: 15727K(15872K)->15727K(15872K) Class: 1805K(1856K)->1805K(1856K)
[75.046s][info][gc             ] GC(191) Pause Young (Allocation Failure) 757M->648M(869M) 63.526ms
[75.046s][info][gc,cpu         ] GC(191) User=0.12s Sys=0.01s Real=0.06s
[75.203s][info][gc,start       ] GC(192) Pause Young (Allocation Failure)
[75.268s][info][gc,heap        ] GC(192) PSYoungGen: 154827K(222720K)->26064K(222720K) Eden: 111616K(111616K)->0K(111616K) From: 43211K(111104K)->26064K(111104K)
[75.268s][info][gc,heap        ] GC(192) ParOldGen: 620896K(667648K)->647715K(667648K)
[75.268s][info][gc,metaspace   ] GC(192) Metaspace: 17532K(17728K)->17532K(17728K) NonClass: 15727K(15872K)->15727K(15872K) Class: 1805K(1856K)->1805K(1856K)
[75.268s][info][gc             ] GC(192) Pause Young (Allocation Failure) 757M->657M(869M) 64.747ms
[75.268s][info][gc,cpu         ] GC(192) User=0.13s Sys=0.00s Real=0.06s
[75.386s][info][gc,start       ] GC(193) Pause Full (Allocation Failure)
[75.386s][info][gc,phases,start] GC(193) Marking Phase
[75.654s][info][gc,phases      ] GC(193) Marking Phase 267.631ms
[75.654s][info][gc,phases,start] GC(193) Summary Phase
[75.654s][info][gc,phases      ] GC(193) Summary Phase 0.032ms
[75.654s][info][gc,phases,start] GC(193) Forward
[75.752s][info][gc,phases      ] GC(193) Forward 98.269ms
[75.752s][info][gc,phases,start] GC(193) Adjust Pointers
[75.941s][info][gc,phases      ] GC(193) Adjust Pointers 188.768ms
[75.941s][info][gc,phases,start] GC(193) Compaction Phase
[76.041s][info][gc,phases      ] GC(193) Compaction Phase 99.366ms
[76.052s][info][gc,phases,start] GC(193) Post Compact
[76.055s][info][gc,phases      ] GC(193) Post Compact 2.301ms
[76.061s][info][gc,heap        ] GC(193) PSYoungGen: 137680K(222720K)->0K(222720K) Eden: 111616K(111616K)->0K(111616K) From: 26064K(111104K)->0K(111104K)
[76.061s][info][gc,heap        ] GC(193) ParOldGen: 647715K(667648K)->351930K(587776K)
[76.061s][info][gc,metaspace   ] GC(193) Metaspace: 17532K(17728K)->17532K(17728K) NonClass: 15727K(15872K)->15727K(15872K) Class: 1805K(1856K)->1805K(1856K)
[76.061s][info][gc             ] GC(193) Pause Full (Allocation Failure) 766M->343M(791M) 674.813ms
[76.061s][info][gc,cpu         ] GC(193) User=1.21s Sys=0.00s Real=0.67s
[76.199s][info][gc,start       ] GC(194) Pause Young (Allocation Failure)
[76.220s][info][gc,heap        ] GC(194) PSYoungGen: 111616K(222720K)->16576K(222720K) Eden: 111616K(111616K)->0K(111616K) From: 0K(111104K)->16576K(111104K)
[76.220s][info][gc,heap        ] GC(194) ParOldGen: 351930K(587776K)->351930K(587776K)
[76.220s][info][gc,metaspace   ] GC(194) Metaspace: 17533K(17728K)->17533K(17728K) NonClass: 15728K(15872K)->15728K(15872K) Class: 1805K(1856K)->1805K(1856K)
[76.220s][info][gc             ] GC(194) Pause Young (Allocation Failure) 452M->359M(791M) 20.735ms
[76.220s][info][gc,cpu         ] GC(194) User=0.04s Sys=0.00s Real=0.02s
[76.327s][info][gc,start       ] GC(195) Pause Young (Allocation Failure)
[76.344s][info][gc,heap        ] GC(195) PSYoungGen: 128192K(222720K)->17248K(222720K) Eden: 111616K(111616K)->0K(111616K) From: 16576K(111104K)->17248K(111104K)
[76.344s][info][gc,heap        ] GC(195) ParOldGen: 351930K(587776K)->351930K(587776K)
[76.344s][info][gc,metaspace   ] GC(195) Metaspace: 17533K(17728K)->17533K(17728K) NonClass: 15728K(15872K)->15728K(15872K) Class: 1805K(1856K)->1805K(1856K)
[76.344s][info][gc             ] GC(195) Pause Young (Allocation Failure) 468M->360M(791M) 17.740ms
[76.344s][info][gc,cpu         ] GC(195) User=0.04s Sys=0.00s Real=0.02s
[76.463s][info][gc,start       ] GC(196) Pause Young (Allocation Failure)
[76.486s][info][gc,heap        ] GC(196) PSYoungGen: 128864K(222720K)->18624K(222720K) Eden: 111616K(111616K)->0K(111616K) From: 17248K(111104K)->18624K(111104K)
[76.486s][info][gc,heap        ] GC(196) ParOldGen: 351930K(587776K)->351930K(587776K)
[76.486s][info][gc,metaspace   ] GC(196) Metaspace: 17533K(17728K)->17533K(17728K) NonClass: 15728K(15872K)->15728K(15872K) Class: 1805K(1856K)->1805K(1856K)
[76.486s][info][gc             ] GC(196) Pause Young (Allocation Failure) 469M->361M(791M) 23.081ms
[76.486s][info][gc,cpu         ] GC(196) User=0.05s Sys=0.01s Real=0.02s
[76.607s][info][gc,start       ] GC(197) Pause Young (Allocation Failure)
[76.635s][info][gc,heap        ] GC(197) PSYoungGen: 130240K(222720K)->23872K(135680K) Eden: 111616K(111616K)->0K(111616K) From: 18624K(111104K)->23872K(24064K)
[76.635s][info][gc,heap        ] GC(197) ParOldGen: 351930K(587776K)->351930K(587776K)
[76.635s][info][gc,metaspace   ] GC(197) Metaspace: 17534K(17728K)->17534K(17728K) NonClass: 15728K(15872K)->15728K(15872K) Class: 1805K(1856K)->1805K(1856K)
[76.635s][info][gc             ] GC(197) Pause Young (Allocation Failure) 470M->366M(706M) 27.965ms
[76.635s][info][gc,cpu         ] GC(197) User=0.05s Sys=0.00s Real=0.03s
[76.741s][info][gc,start       ] GC(198) Pause Young (Allocation Failure)
[76.765s][info][gc,heap        ] GC(198) PSYoungGen: 135488K(135680K)->23904K(224256K) Eden: 111616K(111616K)->0K(114688K) From: 23872K(24064K)->23904K(109568K)
[76.765s][info][gc,heap        ] GC(198) ParOldGen: 351930K(587776K)->351930K(587776K)
[76.765s][info][gc,metaspace   ] GC(198) Metaspace: 17534K(17728K)->17534K(17728K) NonClass: 15728K(15872K)->15728K(15872K) Class: 1805K(1856K)->1805K(1856K)
[76.765s][info][gc             ] GC(198) Pause Young (Allocation Failure) 475M->367M(793M) 23.864ms
[76.765s][info][gc,cpu         ] GC(198) User=0.05s Sys=0.00s Real=0.03s
[76.832s][info][gc,start       ] GC(199) Pause Young (Allocation Failure)
[76.862s][info][gc,heap        ] GC(199) PSYoungGen: 138592K(224256K)->23904K(138752K) Eden: 114688K(114688K)->0K(114688K) From: 23904K(109568K)->23904K(24064K)
[76.863s][info][gc,heap        ] GC(199) ParOldGen: 351930K(587776K)->351930K(587776K)
[76.863s][info][gc,metaspace   ] GC(199) Metaspace: 17534K(17728K)->17534K(17728K) NonClass: 15728K(15872K)->15728K(15872K) Class: 1805K(1856K)->1805K(1856K)
[76.863s][info][gc             ] GC(199) Pause Young (Allocation Failure) 479M->367M(709M) 30.816ms
[76.863s][info][gc,cpu         ] GC(199) User=0.06s Sys=0.00s Real=0.03s
[77.046s][info][gc,start       ] GC(200) Pause Young (Allocation Failure)
[77.077s][info][gc,heap        ] GC(200) PSYoungGen: 138592K(138752K)->31456K(219648K) Eden: 114688K(114688K)->0K(121856K) From: 23904K(24064K)->31456K(97792K)
[77.077s][info][gc,heap        ] GC(200) ParOldGen: 351930K(587776K)->351930K(587776K)
[77.077s][info][gc,metaspace   ] GC(200) Metaspace: 17534K(17728K)->17534K(17728K) NonClass: 15728K(15872K)->15728K(15872K) Class: 1805K(1856K)->1805K(1856K)
[77.077s][info][gc             ] GC(200) Pause Young (Allocation Failure) 479M->374M(788M) 30.848ms
[77.077s][info][gc,cpu         ] GC(200) User=0.06s Sys=0.00s Real=0.03s
[77.256s][info][gc,start       ] GC(201) Pause Young (Allocation Failure)
[77.294s][info][gc,heap        ] GC(201) PSYoungGen: 153312K(219648K)->40384K(220160K) Eden: 121856K(121856K)->0K(121856K) From: 31456K(97792K)->40384K(98304K)
[77.295s][info][gc,heap        ] GC(201) ParOldGen: 351930K(587776K)->351930K(587776K)
[77.295s][info][gc,metaspace   ] GC(201) Metaspace: 17534K(17728K)->17534K(17728K) NonClass: 15728K(15872K)->15728K(15872K) Class: 1805K(1856K)->1805K(1856K)
[77.295s][info][gc             ] GC(201) Pause Young (Allocation Failure) 493M->383M(789M) 38.944ms
[77.295s][info][gc,cpu         ] GC(201) User=0.07s Sys=0.00s Real=0.04s
[77.698s][info][gc,start       ] GC(202) Pause Young (Allocation Failure)
[77.739s][info][gc,heap        ] GC(202) PSYoungGen: 162240K(220160K)->40448K(211968K) Eden: 121856K(121856K)->0K(129024K) From: 40384K(98304K)->40448K(82944K)
[77.739s][info][gc,heap        ] GC(202) ParOldGen: 351930K(587776K)->351930K(587776K)
[77.739s][info][gc,metaspace   ] GC(202) Metaspace: 17534K(17728K)->17534K(17728K) NonClass: 15728K(15872K)->15728K(15872K) Class: 1805K(1856K)->1805K(1856K)
[77.739s][info][gc             ] GC(202) Pause Young (Allocation Failure) 502M->383M(781M) 40.808ms
[77.739s][info][gc,cpu         ] GC(202) User=0.08s Sys=0.00s Real=0.04s
[78.080s][info][gc,start       ] GC(203) Pause Young (Allocation Failure)
[78.121s][info][gc,heap        ] GC(203) PSYoungGen: 169472K(211968K)->43024K(217088K) Eden: 129024K(129024K)->0K(129024K) From: 40448K(82944K)->43024K(88064K)
[78.121s][info][gc,heap        ] GC(203) ParOldGen: 351930K(587776K)->351930K(587776K)
[78.121s][info][gc,metaspace   ] GC(203) Metaspace: 17534K(17728K)->17534K(17728K) NonClass: 15729K(15872K)->15729K(15872K) Class: 1805K(1856K)->1805K(1856K)
[78.121s][info][gc             ] GC(203) Pause Young (Allocation Failure) 509M->385M(786M) 40.619ms
[78.121s][info][gc,cpu         ] GC(203) User=0.08s Sys=0.00s Real=0.04s
[78.347s][info][gc,start       ] GC(204) Pause Young (Allocation Failure)
[78.414s][info][gc,heap        ] GC(204) PSYoungGen: 172048K(217088K)->76480K(210944K) Eden: 129024K(129024K)->0K(126464K) From: 43024K(88064K)->76480K(84480K)
[78.414s][info][gc,heap        ] GC(204) ParOldGen: 351930K(587776K)->351930K(587776K)
[78.414s][info][gc,metaspace   ] GC(204) Metaspace: 17536K(17728K)->17536K(17728K) NonClass: 15731K(15872K)->15731K(15872K) Class: 1805K(1856K)->1805K(1856K)
[78.414s][info][gc             ] GC(204) Pause Young (Allocation Failure) 511M->418M(780M) 66.798ms
[78.414s][info][gc,cpu         ] GC(204) User=0.13s Sys=0.00s Real=0.07s
[78.537s][info][gc,start       ] GC(205) Pause Young (Allocation Failure)
[78.626s][info][gc,heap        ] GC(205) PSYoungGen: 202944K(210944K)->93680K(220160K) Eden: 126464K(126464K)->0K(126464K) From: 76480K(84480K)->93680K(93696K)
[78.626s][info][gc,heap        ] GC(205) ParOldGen: 351930K(587776K)->376442K(587776K)
[78.626s][info][gc,metaspace   ] GC(205) Metaspace: 17536K(17728K)->17536K(17728K) NonClass: 15731K(15872K)->15731K(15872K) Class: 1805K(1856K)->1805K(1856K)
[78.626s][info][gc             ] GC(205) Pause Young (Allocation Failure) 541M->459M(789M) 89.457ms
[78.626s][info][gc,cpu         ] GC(205) User=0.18s Sys=0.00s Real=0.09s
[78.732s][info][gc,start       ] GC(206) Pause Young (Allocation Failure)
[78.871s][info][gc,heap        ] GC(206) PSYoungGen: 220144K(220160K)->111088K(222720K) Eden: 126464K(126464K)->0K(111616K) From: 93680K(93696K)->111088K(111104K)
[78.871s][info][gc,heap        ] GC(206) ParOldGen: 376442K(587776K)->410138K(587776K)
[78.871s][info][gc,metaspace   ] GC(206) Metaspace: 17536K(17728K)->17536K(17728K) NonClass: 15731K(15872K)->15731K(15872K) Class: 1805K(1856K)->1805K(1856K)
[78.871s][info][gc             ] GC(206) Pause Young (Allocation Failure) 582M->509M(791M) 139.031ms
[78.871s][info][gc,cpu         ] GC(206) User=0.25s Sys=0.02s Real=0.13s
[79.171s][info][gc,start       ] GC(207) Pause Young (Allocation Failure)
[79.276s][info][gc,heap        ] GC(207) PSYoungGen: 222704K(222720K)->111088K(222720K) Eden: 111616K(111616K)->0K(111616K) From: 111088K(111104K)->111088K(111104K)
[79.277s][info][gc,heap        ] GC(207) ParOldGen: 410138K(587776K)->424746K(587776K)
[79.277s][info][gc,metaspace   ] GC(207) Metaspace: 17545K(17728K)->17545K(17728K) NonClass: 15739K(15872K)->15739K(15872K) Class: 1805K(1856K)->1805K(1856K)
[79.277s][info][gc             ] GC(207) Pause Young (Allocation Failure) 618M->523M(791M) 105.105ms
[79.277s][info][gc,cpu         ] GC(207) User=0.21s Sys=0.00s Real=0.11s
[79.581s][info][gc,start       ] GC(208) Pause Young (Allocation Failure)
[79.684s][info][gc,heap        ] GC(208) PSYoungGen: 222704K(222720K)->111088K(222720K) Eden: 111616K(111616K)->0K(111616K) From: 111088K(111104K)->111088K(111104K)
[79.685s][info][gc,heap        ] GC(208) ParOldGen: 424746K(587776K)->428235K(587776K)
[79.685s][info][gc,metaspace   ] GC(208) Metaspace: 17545K(17728K)->17545K(17728K) NonClass: 15739K(15872K)->15739K(15872K) Class: 1805K(1856K)->1805K(1856K)
[79.685s][info][gc             ] GC(208) Pause Young (Allocation Failure) 632M->526M(791M) 103.485ms
[79.685s][info][gc,cpu         ] GC(208) User=0.21s Sys=0.00s Real=0.11s
[79.825s][info][gc,start       ] GC(209) Pause Young (Allocation Failure)
[79.924s][info][gc,heap        ] GC(209) PSYoungGen: 222704K(222720K)->102240K(222720K) Eden: 111616K(111616K)->0K(111616K) From: 111088K(111104K)->102240K(111104K)
[79.924s][info][gc,heap        ] GC(209) ParOldGen: 428235K(587776K)->444739K(587776K)
[79.924s][info][gc,metaspace   ] GC(209) Metaspace: 17545K(17728K)->17545K(17728K) NonClass: 15739K(15872K)->15739K(15872K) Class: 1805K(1856K)->1805K(1856K)
[79.924s][info][gc             ] GC(209) Pause Young (Allocation Failure) 635M->534M(791M) 98.701ms
[79.924s][info][gc,cpu         ] GC(209) User=0.20s Sys=0.00s Real=0.10s
[80.065s][info][gc,start       ] GC(210) Pause Young (Allocation Failure)
[80.163s][info][gc,heap        ] GC(210) PSYoungGen: 213856K(222720K)->111098K(222720K) Eden: 111616K(111616K)->0K(111616K) From: 102240K(111104K)->111098K(111104K)
[80.163s][info][gc,heap        ] GC(210) ParOldGen: 444739K(587776K)->455811K(587776K)
[80.163s][info][gc,metaspace   ] GC(210) Metaspace: 17546K(17728K)->17546K(17728K) NonClass: 15740K(15872K)->15740K(15872K) Class: 1805K(1856K)->1805K(1856K)
[80.163s][info][gc             ] GC(210) Pause Young (Allocation Failure) 643M->553M(791M) 98.177ms
[80.163s][info][gc,cpu         ] GC(210) User=0.20s Sys=0.00s Real=0.10s
[80.293s][info][gc,start       ] GC(211) Pause Young (Allocation Failure)
[80.481s][info][gc,heap        ] GC(211) PSYoungGen: 222714K(222720K)->111093K(222720K) Eden: 111616K(111616K)->0K(111616K) From: 111098K(111104K)->111093K(111104K)
[80.481s][info][gc,heap        ] GC(211) ParOldGen: 455811K(587776K)->516476K(587776K)
[80.481s][info][gc,metaspace   ] GC(211) Metaspace: 17548K(17728K)->17548K(17728K) NonClass: 15742K(15872K)->15742K(15872K) Class: 1805K(1856K)->1805K(1856K)
[80.481s][info][gc             ] GC(211) Pause Young (Allocation Failure) 662M->612M(791M) 187.668ms
[80.481s][info][gc,cpu         ] GC(211) User=0.37s Sys=0.00s Real=0.18s
[80.664s][info][gc,start       ] GC(212) Pause Young (Allocation Failure)
[80.789s][info][gc,heap        ] GC(212) PSYoungGen: 222709K(222720K)->78197K(222720K) Eden: 111616K(111616K)->0K(111616K) From: 111093K(111104K)->78197K(111104K)
[80.789s][info][gc,heap        ] GC(212) ParOldGen: 516476K(587776K)->565292K(587776K)
[80.789s][info][gc,metaspace   ] GC(212) Metaspace: 17548K(17728K)->17548K(17728K) NonClass: 15742K(15872K)->15742K(15872K) Class: 1805K(1856K)->1805K(1856K)
[80.789s][info][gc             ] GC(212) Pause Young (Allocation Failure) 721M->628M(791M) 124.784ms
[80.789s][info][gc,cpu         ] GC(212) User=0.25s Sys=0.00s Real=0.12s
[80.926s][info][gc,start       ] GC(213) Pause Young (Allocation Failure)
[81.054s][info][gc,heap        ] GC(213) PSYoungGen: 189813K(222720K)->86054K(222720K) Eden: 111616K(111616K)->0K(111616K) From: 78197K(111104K)->86054K(111104K)
[81.054s][info][gc,heap        ] GC(213) ParOldGen: 565292K(587776K)->571724K(587776K)
[81.054s][info][gc,metaspace   ] GC(213) Metaspace: 17548K(17728K)->17548K(17728K) NonClass: 15742K(15872K)->15742K(15872K) Class: 1805K(1856K)->1805K(1856K)
[81.054s][info][gc             ] GC(213) Pause Young (Allocation Failure) 737M->642M(791M) 127.976ms
[81.054s][info][gc,cpu         ] GC(213) User=0.26s Sys=0.00s Real=0.13s
[81.224s][info][gc,start       ] GC(214) Pause Young (Allocation Failure)
[81.344s][info][gc,heap        ] GC(214) PSYoungGen: 197670K(222720K)->29664K(222720K) Eden: 111616K(111616K)->0K(111616K) From: 86054K(111104K)->29664K(111104K)
[81.344s][info][gc,heap        ] GC(214) ParOldGen: 571724K(587776K)->628470K(628736K)
[81.344s][info][gc,metaspace   ] GC(214) Metaspace: 17548K(17728K)->17548K(17728K) NonClass: 15742K(15872K)->15742K(15872K) Class: 1805K(1856K)->1805K(1856K)
[81.344s][info][gc             ] GC(214) Pause Young (Allocation Failure) 751M->642M(831M) 119.775ms
[81.344s][info][gc,cpu         ] GC(214) User=0.21s Sys=0.03s Real=0.12s
[81.486s][info][gc,start       ] GC(215) Pause Full (Allocation Failure)
[81.486s][info][gc,phases,start] GC(215) Marking Phase
[81.808s][info][gc,phases      ] GC(215) Marking Phase 322.256ms
[81.808s][info][gc,phases,start] GC(215) Summary Phase
[81.808s][info][gc,phases      ] GC(215) Summary Phase 0.029ms
[81.808s][info][gc,phases,start] GC(215) Forward
[81.906s][info][gc,phases      ] GC(215) Forward 98.288ms
[81.906s][info][gc,phases,start] GC(215) Adjust Pointers
[82.181s][info][gc,phases      ] GC(215) Adjust Pointers 274.293ms
[82.181s][info][gc,phases,start] GC(215) Compaction Phase
[82.310s][info][gc,phases      ] GC(215) Compaction Phase 129.228ms
[82.324s][info][gc,phases,start] GC(215) Post Compact
[82.327s][info][gc,phases      ] GC(215) Post Compact 2.370ms
[82.327s][info][gc,heap        ] GC(215) PSYoungGen: 141280K(222720K)->0K(222720K) Eden: 111616K(111616K)->0K(111616K) From: 29664K(111104K)->0K(111104K)
[82.327s][info][gc,heap        ] GC(215) ParOldGen: 628470K(628736K)->487171K(667648K)
[82.327s][info][gc,metaspace   ] GC(215) Metaspace: 17548K(17728K)->17548K(17728K) NonClass: 15742K(15872K)->15742K(15872K) Class: 1805K(1856K)->1805K(1856K)
[82.327s][info][gc             ] GC(215) Pause Full (Allocation Failure) 751M->475M(869M) 841.363ms
[82.327s][info][gc,cpu         ] GC(215) User=1.59s Sys=0.00s Real=0.84s
[82.503s][info][gc,start       ] GC(216) Pause Young (Allocation Failure)
[82.504s][info][gc,heap        ] GC(216) PSYoungGen: 111616K(222720K)->64K(222720K) Eden: 111616K(111616K)->0K(111616K) From: 0K(111104K)->64K(111104K)
[82.504s][info][gc,heap        ] GC(216) ParOldGen: 487171K(667648K)->487171K(667648K)
[82.504s][info][gc,metaspace   ] GC(216) Metaspace: 17548K(17728K)->17548K(17728K) NonClass: 15742K(15872K)->15742K(15872K) Class: 1805K(1856K)->1805K(1856K)
[82.504s][info][gc             ] GC(216) Pause Young (Allocation Failure) 584M->475M(869M) 1.605ms
[82.504s][info][gc,cpu         ] GC(216) User=0.01s Sys=0.00s Real=0.00s
[82.644s][info][gc,start       ] GC(217) Pause Young (Allocation Failure)
[82.646s][info][gc,heap        ] GC(217) PSYoungGen: 111680K(222720K)->64K(222720K) Eden: 111616K(111616K)->0K(111616K) From: 64K(111104K)->64K(111104K)
[82.646s][info][gc,heap        ] GC(217) ParOldGen: 487171K(667648K)->487187K(667648K)
[82.646s][info][gc,metaspace   ] GC(217) Metaspace: 17548K(17728K)->17548K(17728K) NonClass: 15742K(15872K)->15742K(15872K) Class: 1805K(1856K)->1805K(1856K)
[82.646s][info][gc             ] GC(217) Pause Young (Allocation Failure) 584M->475M(869M) 1.632ms
[82.646s][info][gc,cpu         ] GC(217) User=0.01s Sys=0.00s Real=0.00s
[82.788s][info][gc,start       ] GC(218) Pause Young (Allocation Failure)
[82.789s][info][gc,heap        ] GC(218) PSYoungGen: 111680K(222720K)->64K(222720K) Eden: 111616K(111616K)->0K(111616K) From: 64K(111104K)->64K(111104K)
[82.789s][info][gc,heap        ] GC(218) ParOldGen: 487187K(667648K)->487187K(667648K)
[82.789s][info][gc,metaspace   ] GC(218) Metaspace: 17548K(17728K)->17548K(17728K) NonClass: 15742K(15872K)->15742K(15872K) Class: 1805K(1856K)->1805K(1856K)
[82.790s][info][gc             ] GC(218) Pause Young (Allocation Failure) 584M->475M(869M) 1.570ms
[82.790s][info][gc,cpu         ] GC(218) User=0.00s Sys=0.00s Real=0.00s
[82.929s][info][gc,start       ] GC(219) Pause Young (Allocation Failure)
[82.930s][info][gc,heap        ] GC(219) PSYoungGen: 111680K(222720K)->64K(222720K) Eden: 111616K(111616K)->0K(111616K) From: 64K(111104K)->64K(111104K)
[82.930s][info][gc,heap        ] GC(219) ParOldGen: 487187K(667648K)->487187K(667648K)
[82.930s][info][gc,metaspace   ] GC(219) Metaspace: 17548K(17728K)->17548K(17728K) NonClass: 15742K(15872K)->15742K(15872K) Class: 1805K(1856K)->1805K(1856K)
[82.930s][info][gc             ] GC(219) Pause Young (Allocation Failure) 584M->475M(869M) 1.599ms
[82.931s][info][gc,cpu         ] GC(219) User=0.00s Sys=0.00s Real=0.00s
[83.076s][info][gc,start       ] GC(220) Pause Young (Allocation Failure)
[83.077s][info][gc,heap        ] GC(220) PSYoungGen: 111680K(222720K)->64K(222720K) Eden: 111616K(111616K)->0K(111616K) From: 64K(111104K)->64K(111104K)
[83.077s][info][gc,heap        ] GC(220) ParOldGen: 487187K(667648K)->487187K(667648K)
[83.077s][info][gc,metaspace   ] GC(220) Metaspace: 17548K(17728K)->17548K(17728K) NonClass: 15742K(15872K)->15742K(15872K) Class: 1805K(1856K)->1805K(1856K)
[83.078s][info][gc             ] GC(220) Pause Young (Allocation Failure) 584M->475M(869M) 1.704ms
[83.078s][info][gc,cpu         ] GC(220) User=0.00s Sys=0.00s Real=0.00s
[83.260s][info][gc,start       ] GC(221) Pause Young (Allocation Failure)
[83.262s][info][gc,heap        ] GC(221) PSYoungGen: 111680K(222720K)->64K(222720K) Eden: 111616K(111616K)->0K(111616K) From: 64K(111104K)->64K(111104K)
[83.262s][info][gc,heap        ] GC(221) ParOldGen: 487187K(667648K)->487187K(667648K)
[83.262s][info][gc,metaspace   ] GC(221) Metaspace: 17548K(17728K)->17548K(17728K) NonClass: 15742K(15872K)->15742K(15872K) Class: 1805K(1856K)->1805K(1856K)
[83.262s][info][gc             ] GC(221) Pause Young (Allocation Failure) 584M->475M(869M) 1.619ms
[83.262s][info][gc,cpu         ] GC(221) User=0.00s Sys=0.00s Real=0.01s
[83.415s][info][gc,start       ] GC(222) Pause Young (Allocation Failure)
[83.416s][info][gc,heap        ] GC(222) PSYoungGen: 111680K(222720K)->64K(222720K) Eden: 111616K(111616K)->0K(111616K) From: 64K(111104K)->64K(111104K)
[83.416s][info][gc,heap        ] GC(222) ParOldGen: 487187K(667648K)->487187K(667648K)
[83.416s][info][gc,metaspace   ] GC(222) Metaspace: 17548K(17728K)->17548K(17728K) NonClass: 15742K(15872K)->15742K(15872K) Class: 1805K(1856K)->1805K(1856K)
[83.416s][info][gc             ] GC(222) Pause Young (Allocation Failure) 584M->475M(869M) 1.683ms
[83.416s][info][gc,cpu         ] GC(222) User=0.01s Sys=0.00s Real=0.00s
[83.562s][info][gc,start       ] GC(223) Pause Young (Allocation Failure)
[83.563s][info][gc,heap        ] GC(223) PSYoungGen: 111680K(222720K)->64K(222720K) Eden: 111616K(111616K)->0K(111616K) From: 64K(111104K)->64K(111104K)
[83.563s][info][gc,heap        ] GC(223) ParOldGen: 487187K(667648K)->487187K(667648K)
[83.563s][info][gc,metaspace   ] GC(223) Metaspace: 17548K(17728K)->17548K(17728K) NonClass: 15742K(15872K)->15742K(15872K) Class: 1805K(1856K)->1805K(1856K)
[83.563s][info][gc             ] GC(223) Pause Young (Allocation Failure) 584M->475M(869M) 1.606ms
[83.563s][info][gc,cpu         ] GC(223) User=0.01s Sys=0.00s Real=0.00s
[83.704s][info][gc,start       ] GC(224) Pause Young (Allocation Failure)
[83.706s][info][gc,heap        ] GC(224) PSYoungGen: 111680K(222720K)->64K(222720K) Eden: 111616K(111616K)->0K(111616K) From: 64K(111104K)->64K(111104K)
[83.706s][info][gc,heap        ] GC(224) ParOldGen: 487187K(667648K)->487187K(667648K)
[83.706s][info][gc,metaspace   ] GC(224) Metaspace: 17548K(17728K)->17548K(17728K) NonClass: 15742K(15872K)->15742K(15872K) Class: 1805K(1856K)->1805K(1856K)
[83.706s][info][gc             ] GC(224) Pause Young (Allocation Failure) 584M->475M(869M) 1.603ms
[83.706s][info][gc,cpu         ] GC(224) User=0.00s Sys=0.00s Real=0.00s
[83.840s][info][gc,start       ] GC(225) Pause Young (Allocation Failure)
[83.846s][info][gc,heap        ] GC(225) PSYoungGen: 111680K(222720K)->4128K(222720K) Eden: 111616K(111616K)->0K(111616K) From: 64K(111104K)->4128K(111104K)
[83.846s][info][gc,heap        ] GC(225) ParOldGen: 487187K(667648K)->487187K(667648K)
[83.846s][info][gc,metaspace   ] GC(225) Metaspace: 17548K(17728K)->17548K(17728K) NonClass: 15742K(15872K)->15742K(15872K) Class: 1805K(1856K)->1805K(1856K)
[83.846s][info][gc             ] GC(225) Pause Young (Allocation Failure) 584M->479M(869M) 6.638ms
[83.846s][info][gc,cpu         ] GC(225) User=0.01s Sys=0.00s Real=0.01s
[83.955s][info][gc,start       ] GC(226) Pause Young (Allocation Failure)
[83.980s][info][gc,heap        ] GC(226) PSYoungGen: 115744K(222720K)->15488K(222720K) Eden: 111616K(111616K)->0K(111616K) From: 4128K(111104K)->15488K(111104K)
[83.980s][info][gc,heap        ] GC(226) ParOldGen: 487187K(667648K)->491331K(667648K)
[83.980s][info][gc,metaspace   ] GC(226) Metaspace: 17548K(17728K)->17548K(17728K) NonClass: 15743K(15872K)->15743K(15872K) Class: 1805K(1856K)->1805K(1856K)
[83.980s][info][gc             ] GC(226) Pause Young (Allocation Failure) 588M->494M(869M) 25.411ms
[83.980s][info][gc,cpu         ] GC(226) User=0.05s Sys=0.00s Real=0.02s
[84.080s][info][gc,start       ] GC(227) Pause Young (Allocation Failure)
[84.107s][info][gc,heap        ] GC(227) PSYoungGen: 127104K(222720K)->10976K(222720K) Eden: 111616K(111616K)->0K(111616K) From: 15488K(111104K)->10976K(111104K)
[84.107s][info][gc,heap        ] GC(227) ParOldGen: 491331K(667648K)->506851K(667648K)
[84.107s][info][gc,metaspace   ] GC(227) Metaspace: 17548K(17728K)->17548K(17728K) NonClass: 15743K(15872K)->15743K(15872K) Class: 1805K(1856K)->1805K(1856K)
[84.107s][info][gc             ] GC(227) Pause Young (Allocation Failure) 603M->505M(869M) 26.635ms
[84.107s][info][gc,cpu         ] GC(227) User=0.06s Sys=0.00s Real=0.03s
[84.188s][info][gc,start       ] GC(228) Pause Young (Allocation Failure)
[84.205s][info][gc,heap        ] GC(228) PSYoungGen: 122592K(222720K)->2816K(222720K) Eden: 111616K(111616K)->0K(111616K) From: 10976K(111104K)->2816K(111104K)
[84.205s][info][gc,heap        ] GC(228) ParOldGen: 506851K(667648K)->517835K(667648K)
[84.205s][info][gc,metaspace   ] GC(228) Metaspace: 17548K(17728K)->17548K(17728K) NonClass: 15743K(15872K)->15743K(15872K) Class: 1805K(1856K)->1805K(1856K)
[84.205s][info][gc             ] GC(228) Pause Young (Allocation Failure) 614M->508M(869M) 16.931ms
[84.205s][info][gc,cpu         ] GC(228) User=0.03s Sys=0.00s Real=0.02s
[84.297s][info][gc,start       ] GC(229) Pause Young (Allocation Failure)
[84.304s][info][gc,heap        ] GC(229) PSYoungGen: 114432K(222720K)->448K(222720K) Eden: 111616K(111616K)->0K(111616K) From: 2816K(111104K)->448K(111104K)
[84.305s][info][gc,heap        ] GC(229) ParOldGen: 517835K(667648K)->520635K(667648K)
[84.305s][info][gc,metaspace   ] GC(229) Metaspace: 17548K(17728K)->17548K(17728K) NonClass: 15743K(15872K)->15743K(15872K) Class: 1805K(1856K)->1805K(1856K)
[84.305s][info][gc             ] GC(229) Pause Young (Allocation Failure) 617M->508M(869M) 7.936ms
[84.305s][info][gc,cpu         ] GC(229) User=0.01s Sys=0.00s Real=0.01s
[84.395s][info][gc,start       ] GC(230) Pause Young (Allocation Failure)
[84.400s][info][gc,heap        ] GC(230) PSYoungGen: 112064K(222720K)->1536K(222720K) Eden: 111616K(111616K)->0K(111616K) From: 448K(111104K)->1536K(111104K)
[84.400s][info][gc,heap        ] GC(230) ParOldGen: 520635K(667648K)->521051K(667648K)
[84.400s][info][gc,metaspace   ] GC(230) Metaspace: 17548K(17728K)->17548K(17728K) NonClass: 15743K(15872K)->15743K(15872K) Class: 1805K(1856K)->1805K(1856K)
[84.400s][info][gc             ] GC(230) Pause Young (Allocation Failure) 617M->510M(869M) 4.652ms
[84.400s][info][gc,cpu         ] GC(230) User=0.01s Sys=0.00s Real=0.00s
[84.543s][info][gc,start       ] GC(231) Pause Young (Allocation Failure)
[84.559s][info][gc,heap        ] GC(231) PSYoungGen: 113152K(222720K)->5760K(117760K) Eden: 111616K(111616K)->0K(111616K) From: 1536K(111104K)->5760K(6144K)
[84.560s][info][gc,heap        ] GC(231) ParOldGen: 521051K(667648K)->522579K(667648K)
[84.560s][info][gc,metaspace   ] GC(231) Metaspace: 17548K(17728K)->17548K(17728K) NonClass: 15743K(15872K)->15743K(15872K) Class: 1805K(1856K)->1805K(1856K)
[84.560s][info][gc             ] GC(231) Pause Young (Allocation Failure) 619M->515M(767M) 16.809ms
[84.560s][info][gc,cpu         ] GC(231) User=0.04s Sys=0.00s Real=0.01s
[84.707s][info][gc,start       ] GC(232) Pause Young (Allocation Failure)
[84.718s][info][gc,heap        ] GC(232) PSYoungGen: 117376K(117760K)->8736K(211456K) Eden: 111616K(111616K)->0K(116224K) From: 5760K(6144K)->8736K(95232K)
[84.718s][info][gc,heap        ] GC(232) ParOldGen: 522579K(667648K)->522579K(667648K)
[84.718s][info][gc,metaspace   ] GC(232) Metaspace: 17548K(17728K)->17548K(17728K) NonClass: 15743K(15872K)->15743K(15872K) Class: 1805K(1856K)->1805K(1856K)
[84.718s][info][gc             ] GC(232) Pause Young (Allocation Failure) 624M->518M(858M) 11.209ms
[84.718s][info][gc,cpu         ] GC(232) User=0.02s Sys=0.00s Real=0.01s
[84.965s][info][gc,start       ] GC(233) Pause Young (Allocation Failure)
[84.975s][info][gc,heap        ] GC(233) PSYoungGen: 124960K(211456K)->8768K(125440K) Eden: 116224K(116224K)->0K(116224K) From: 8736K(95232K)->8768K(9216K)
[84.975s][info][gc,heap        ] GC(233) ParOldGen: 522579K(667648K)->522579K(667648K)
[84.975s][info][gc,metaspace   ] GC(233) Metaspace: 17549K(17728K)->17549K(17728K) NonClass: 15743K(15872K)->15743K(15872K) Class: 1805K(1856K)->1805K(1856K)
[84.975s][info][gc             ] GC(233) Pause Young (Allocation Failure) 632M->518M(774M) 10.634ms
[84.975s][info][gc,cpu         ] GC(233) User=0.02s Sys=0.00s Real=0.01s
[85.168s][info][gc,start       ] GC(234) Pause Young (Allocation Failure)
[85.179s][info][gc,heap        ] GC(234) PSYoungGen: 124992K(125440K)->8896K(199168K) Eden: 116224K(116224K)->0K(120320K) From: 8768K(9216K)->8896K(78848K)
[85.179s][info][gc,heap        ] GC(234) ParOldGen: 522579K(667648K)->522579K(667648K)
[85.179s][info][gc,metaspace   ] GC(234) Metaspace: 17549K(17728K)->17549K(17728K) NonClass: 15743K(15872K)->15743K(15872K) Class: 1805K(1856K)->1805K(1856K)
[85.179s][info][gc             ] GC(234) Pause Young (Allocation Failure) 632M->519M(846M) 11.585ms
[85.179s][info][gc,cpu         ] GC(234) User=0.02s Sys=0.00s Real=0.01s
[85.391s][info][gc,start       ] GC(235) Pause Young (Allocation Failure)
[85.401s][info][gc,heap        ] GC(235) PSYoungGen: 129216K(199168K)->8928K(129536K) Eden: 120320K(120320K)->0K(120320K) From: 8896K(78848K)->8928K(9216K)
[85.401s][info][gc,heap        ] GC(235) ParOldGen: 522579K(667648K)->522579K(667648K)
[85.401s][info][gc,metaspace   ] GC(235) Metaspace: 17549K(17728K)->17549K(17728K) NonClass: 15743K(15872K)->15743K(15872K) Class: 1805K(1856K)->1805K(1856K)
[85.401s][info][gc             ] GC(235) Pause Young (Allocation Failure) 636M->519M(778M) 10.796ms
[85.401s][info][gc,cpu         ] GC(235) User=0.02s Sys=0.00s Real=0.01s
[85.591s][info][gc,start       ] GC(236) Pause Young (Allocation Failure)
[85.603s][info][gc,heap        ] GC(236) PSYoungGen: 129248K(129536K)->8928K(192512K) Eden: 120320K(120320K)->0K(123904K) From: 8928K(9216K)->8928K(68608K)
[85.603s][info][gc,heap        ] GC(236) ParOldGen: 522579K(667648K)->522579K(667648K)
[85.603s][info][gc,metaspace   ] GC(236) Metaspace: 17549K(17728K)->17549K(17728K) NonClass: 15743K(15872K)->15743K(15872K) Class: 1805K(1856K)->1805K(1856K)
[85.603s][info][gc             ] GC(236) Pause Young (Allocation Failure) 636M->519M(840M) 12.464ms
[85.603s][info][gc,cpu         ] GC(236) User=0.02s Sys=0.00s Real=0.02s
[85.808s][info][gc,start       ] GC(237) Pause Young (Allocation Failure)
[85.823s][info][gc,heap        ] GC(237) PSYoungGen: 132832K(192512K)->12416K(136704K) Eden: 123904K(123904K)->0K(123904K) From: 8928K(68608K)->12416K(12800K)
[85.823s][info][gc,heap        ] GC(237) ParOldGen: 522579K(667648K)->522579K(667648K)
[85.823s][info][gc,metaspace   ] GC(237) Metaspace: 17549K(17728K)->17549K(17728K) NonClass: 15743K(15872K)->15743K(15872K) Class: 1805K(1856K)->1805K(1856K)
[85.823s][info][gc             ] GC(237) Pause Young (Allocation Failure) 640M->522M(785M) 14.325ms
[85.823s][info][gc,cpu         ] GC(237) User=0.03s Sys=0.01s Real=0.02s
[85.980s][info][gc,start       ] GC(238) Pause Young (Allocation Failure)
[86.003s][info][gc,heap        ] GC(238) PSYoungGen: 136320K(136704K)->22944K(193536K) Eden: 123904K(123904K)->0K(128512K) From: 12416K(12800K)->22944K(65024K)
[86.003s][info][gc,heap        ] GC(238) ParOldGen: 522579K(667648K)->522579K(667648K)
[86.003s][info][gc,metaspace   ] GC(238) Metaspace: 17549K(17728K)->17549K(17728K) NonClass: 15743K(15872K)->15743K(15872K) Class: 1805K(1856K)->1805K(1856K)
[86.003s][info][gc             ] GC(238) Pause Young (Allocation Failure) 643M->532M(841M) 23.530ms
[86.003s][info][gc,cpu         ] GC(238) User=0.04s Sys=0.00s Real=0.03s
[86.162s][info][gc,start       ] GC(239) Pause Young (Allocation Failure)
[86.192s][info][gc,heap        ] GC(239) PSYoungGen: 151456K(193536K)->32208K(194560K) Eden: 128512K(128512K)->0K(128512K) From: 22944K(65024K)->32208K(66048K)
[86.192s][info][gc,heap        ] GC(239) ParOldGen: 522579K(667648K)->522579K(667648K)
[86.192s][info][gc,metaspace   ] GC(239) Metaspace: 17549K(17728K)->17549K(17728K) NonClass: 15743K(15872K)->15743K(15872K) Class: 1805K(1856K)->1805K(1856K)
[86.192s][info][gc             ] GC(239) Pause Young (Allocation Failure) 658M->541M(842M) 30.200ms
[86.192s][info][gc,cpu         ] GC(239) User=0.06s Sys=0.00s Real=0.03s
[86.282s][info][gc,start       ] GC(240) Pause Young (Allocation Failure)
[86.349s][info][gc,heap        ] GC(240) PSYoungGen: 160720K(194560K)->67056K(183296K) Eden: 128512K(128512K)->0K(116224K) From: 32208K(66048K)->67056K(67072K)
[86.349s][info][gc,heap        ] GC(240) ParOldGen: 522579K(667648K)->534243K(667648K)
[86.349s][info][gc,metaspace   ] GC(240) Metaspace: 17550K(17728K)->17550K(17728K) NonClass: 15744K(15872K)->15744K(15872K) Class: 1805K(1856K)->1805K(1856K)
[86.349s][info][gc             ] GC(240) Pause Young (Allocation Failure) 667M->587M(831M) 67.693ms
[86.349s][info][gc,cpu         ] GC(240) User=0.13s Sys=0.01s Real=0.06s
[86.663s][info][gc,start       ] GC(241) Pause Young (Allocation Failure)
[86.716s][info][gc,heap        ] GC(241) PSYoungGen: 183280K(183296K)->60256K(201216K) Eden: 116224K(116224K)->0K(116224K) From: 67056K(67072K)->60256K(84992K)
[86.716s][info][gc,heap        ] GC(241) ParOldGen: 534243K(667648K)->542971K(667648K)
[86.716s][info][gc,metaspace   ] GC(241) Metaspace: 17558K(17728K)->17558K(17728K) NonClass: 15752K(15872K)->15752K(15872K) Class: 1805K(1856K)->1805K(1856K)
[86.716s][info][gc             ] GC(241) Pause Young (Allocation Failure) 700M->589M(848M) 52.408ms
[86.716s][info][gc,cpu         ] GC(241) User=0.11s Sys=0.00s Real=0.05s
[86.917s][info][gc,start       ] GC(242) Pause Young (Allocation Failure)
[86.992s][info][gc,heap        ] GC(242) PSYoungGen: 176480K(201216K)->72192K(206336K) Eden: 116224K(116224K)->0K(113664K) From: 60256K(84992K)->72192K(92672K)
[86.993s][info][gc,heap        ] GC(242) ParOldGen: 542971K(667648K)->542971K(667648K)
[86.993s][info][gc,metaspace   ] GC(242) Metaspace: 17581K(17728K)->17581K(17728K) NonClass: 15773K(15872K)->15773K(15872K) Class: 1808K(1856K)->1808K(1856K)
[86.993s][info][gc             ] GC(242) Pause Young (Allocation Failure) 702M->600M(853M) 75.310ms
[86.993s][info][gc,cpu         ] GC(242) User=0.14s Sys=0.01s Real=0.08s
[87.135s][info][gc,start       ] GC(243) Pause Young (Allocation Failure)
[87.204s][info][gc,heap        ] GC(243) PSYoungGen: 185856K(206336K)->75216K(216576K) Eden: 113664K(113664K)->0K(113664K) From: 72192K(92672K)->75216K(102912K)
[87.204s][info][gc,heap        ] GC(243) ParOldGen: 542971K(667648K)->542971K(667648K)
[87.204s][info][gc,metaspace   ] GC(243) Metaspace: 17581K(17728K)->17581K(17728K) NonClass: 15773K(15872K)->15773K(15872K) Class: 1808K(1856K)->1808K(1856K)
[87.204s][info][gc             ] GC(243) Pause Young (Allocation Failure) 711M->603M(863M) 69.818ms
[87.204s][info][gc,cpu         ] GC(243) User=0.14s Sys=0.00s Real=0.07s
[87.350s][info][gc,start       ] GC(244) Pause Young (Allocation Failure)
[87.425s][info][gc,heap        ] GC(244) PSYoungGen: 188880K(216576K)->75024K(222720K) Eden: 113664K(113664K)->0K(111616K) From: 75216K(102912K)->75024K(111104K)
[87.425s][info][gc,heap        ] GC(244) ParOldGen: 542971K(667648K)->543153K(667648K)
[87.425s][info][gc,metaspace   ] GC(244) Metaspace: 17581K(17728K)->17581K(17728K) NonClass: 15773K(15872K)->15773K(15872K) Class: 1808K(1856K)->1808K(1856K)
[87.425s][info][gc             ] GC(244) Pause Young (Allocation Failure) 714M->603M(869M) 75.551ms
[87.425s][info][gc,cpu         ] GC(244) User=0.14s Sys=0.01s Real=0.08s
[87.568s][info][gc,start       ] GC(245) Pause Young (Allocation Failure)
[87.638s][info][gc,heap        ] GC(245) PSYoungGen: 186640K(222720K)->74992K(222720K) Eden: 111616K(111616K)->0K(111616K) From: 75024K(111104K)->74992K(111104K)
[87.638s][info][gc,heap        ] GC(245) ParOldGen: 543153K(667648K)->543185K(667648K)
[87.638s][info][gc,metaspace   ] GC(245) Metaspace: 17581K(17728K)->17581K(17728K) NonClass: 15773K(15872K)->15773K(15872K) Class: 1808K(1856K)->1808K(1856K)
[87.638s][info][gc             ] GC(245) Pause Young (Allocation Failure) 712M->603M(869M) 70.259ms
[87.638s][info][gc,cpu         ] GC(245) User=0.14s Sys=0.00s Real=0.07s
[87.779s][info][gc,start       ] GC(246) Pause Young (Allocation Failure)
[87.848s][info][gc,heap        ] GC(246) PSYoungGen: 186608K(222720K)->60976K(222720K) Eden: 111616K(111616K)->0K(111616K) From: 74992K(111104K)->60976K(111104K)
[87.848s][info][gc,heap        ] GC(246) ParOldGen: 543185K(667648K)->557241K(667648K)
[87.848s][info][gc,metaspace   ] GC(246) Metaspace: 17581K(17728K)->17581K(17728K) NonClass: 15773K(15872K)->15773K(15872K) Class: 1808K(1856K)->1808K(1856K)
[87.848s][info][gc             ] GC(246) Pause Young (Allocation Failure) 712M->603M(869M) 68.993ms
[87.848s][info][gc,cpu         ] GC(246) User=0.14s Sys=0.00s Real=0.07s
[87.956s][info][gc,start       ] GC(247) Pause Young (Allocation Failure)
[88.044s][info][gc,heap        ] GC(247) PSYoungGen: 172592K(222720K)->40448K(222720K) Eden: 111616K(111616K)->0K(111616K) From: 60976K(111104K)->40448K(111104K)
[88.044s][info][gc,heap        ] GC(247) ParOldGen: 557241K(667648K)->601852K(667648K)
[88.044s][info][gc,metaspace   ] GC(247) Metaspace: 17581K(17728K)->17581K(17728K) NonClass: 15773K(15872K)->15773K(15872K) Class: 1808K(1856K)->1808K(1856K)
[88.044s][info][gc             ] GC(247) Pause Young (Allocation Failure) 712M->627M(869M) 87.975ms
[88.044s][info][gc,cpu         ] GC(247) User=0.18s Sys=0.00s Real=0.09s
[88.143s][info][gc,start       ] GC(248) Pause Young (Allocation Failure)
[88.208s][info][gc,heap        ] GC(248) PSYoungGen: 152064K(222720K)->42240K(218624K) Eden: 111616K(111616K)->0K(111616K) From: 40448K(111104K)->42240K(107008K)
[88.208s][info][gc,heap        ] GC(248) ParOldGen: 601852K(667648K)->615192K(667648K)
[88.208s][info][gc,metaspace   ] GC(248) Metaspace: 17581K(17728K)->17581K(17728K) NonClass: 15773K(15872K)->15773K(15872K) Class: 1808K(1856K)->1808K(1856K)
[88.208s][info][gc             ] GC(248) Pause Young (Allocation Failure) 736M->642M(865M) 65.275ms
[88.208s][info][gc,cpu         ] GC(248) User=0.12s Sys=0.00s Real=0.06s
[88.312s][info][gc,start       ] GC(249) Pause Young (Allocation Failure)
[88.363s][info][gc,heap        ] GC(249) PSYoungGen: 153856K(218624K)->47104K(220672K) Eden: 111616K(111616K)->0K(111616K) From: 42240K(107008K)->47104K(109056K)
[88.363s][info][gc,heap        ] GC(249) ParOldGen: 615192K(667648K)->618736K(667648K)
[88.363s][info][gc,metaspace   ] GC(249) Metaspace: 17581K(17728K)->17581K(17728K) NonClass: 15773K(15872K)->15773K(15872K) Class: 1808K(1856K)->1808K(1856K)
[88.363s][info][gc             ] GC(249) Pause Young (Allocation Failure) 751M->650M(867M) 51.300ms
[88.363s][info][gc,cpu         ] GC(249) User=0.10s Sys=0.00s Real=0.06s
[88.472s][info][gc,start       ] GC(250) Pause Young (Allocation Failure)
[88.534s][info][gc,heap        ] GC(250) PSYoungGen: 158720K(220672K)->65088K(220160K) Eden: 111616K(111616K)->0K(116224K) From: 47104K(109056K)->65088K(103936K)
[88.534s][info][gc,heap        ] GC(250) ParOldGen: 618736K(667648K)->618736K(667648K)
[88.534s][info][gc,metaspace   ] GC(250) Metaspace: 17581K(17728K)->17581K(17728K) NonClass: 15773K(15872K)->15773K(15872K) Class: 1808K(1856K)->1808K(1856K)
[88.534s][info][gc             ] GC(250) Pause Young (Allocation Failure) 759M->667M(867M) 61.989ms
[88.534s][info][gc,cpu         ] GC(250) User=0.12s Sys=0.00s Real=0.06s
[88.630s][info][gc,start       ] GC(251) Pause Young (Allocation Failure)
[88.704s][info][gc,heap        ] GC(251) PSYoungGen: 181312K(220160K)->78272K(221696K) Eden: 116224K(116224K)->0K(116224K) From: 65088K(103936K)->78272K(105472K)
[88.704s][info][gc,heap        ] GC(251) ParOldGen: 618736K(667648K)->618736K(667648K)
[88.704s][info][gc,metaspace   ] GC(251) Metaspace: 17581K(17728K)->17581K(17728K) NonClass: 15773K(15872K)->15773K(15872K) Class: 1808K(1856K)->1808K(1856K)
[88.704s][info][gc             ] GC(251) Pause Young (Allocation Failure) 781M->680M(868M) 73.796ms
[88.704s][info][gc,cpu         ] GC(251) User=0.15s Sys=0.00s Real=0.08s
[88.770s][info][gc,start       ] GC(252) Pause Young (Allocation Failure)
[88.849s][info][gc,heap        ] GC(252) PSYoungGen: 194496K(221696K)->81600K(222720K) Eden: 116224K(116224K)->0K(111616K) From: 78272K(105472K)->81600K(111104K)
[88.849s][info][gc,heap        ] GC(252) ParOldGen: 618736K(667648K)->618736K(667648K)
[88.849s][info][gc,metaspace   ] GC(252) Metaspace: 17581K(17728K)->17581K(17728K) NonClass: 15773K(15872K)->15773K(15872K) Class: 1808K(1856K)->1808K(1856K)
[88.849s][info][gc             ] GC(252) Pause Young (Allocation Failure) 794M->683M(869M) 78.881ms
[88.849s][info][gc,cpu         ] GC(252) User=0.15s Sys=0.00s Real=0.08s
[88.940s][info][gc,start       ] GC(253) Pause Young (Allocation Failure)
[89.031s][info][gc,heap        ] GC(253) PSYoungGen: 193216K(222720K)->44064K(222720K) Eden: 111616K(111616K)->0K(111616K) From: 81600K(111104K)->44064K(111104K)
[89.031s][info][gc,heap        ] GC(253) ParOldGen: 618736K(667648K)->657512K(667648K)
[89.031s][info][gc,metaspace   ] GC(253) Metaspace: 17581K(17728K)->17581K(17728K) NonClass: 15773K(15872K)->15773K(15872K) Class: 1808K(1856K)->1808K(1856K)
[89.031s][info][gc             ] GC(253) Pause Young (Allocation Failure) 792M->685M(869M) 90.898ms
[89.031s][info][gc,cpu         ] GC(253) User=0.16s Sys=0.03s Real=0.09s
[89.130s][info][gc,start       ] GC(254) Pause Full (Allocation Failure)
[89.130s][info][gc,phases,start] GC(254) Marking Phase
[89.379s][info][gc,phases      ] GC(254) Marking Phase 249.076ms
[89.379s][info][gc,phases,start] GC(254) Summary Phase
[89.379s][info][gc,phases      ] GC(254) Summary Phase 0.027ms
[89.379s][info][gc,phases,start] GC(254) Forward
[89.447s][info][gc,phases      ] GC(254) Forward 68.549ms
[89.447s][info][gc,phases,start] GC(254) Adjust Pointers
[89.644s][info][gc,phases      ] GC(254) Adjust Pointers 196.120ms
[89.644s][info][gc,phases,start] GC(254) Compaction Phase
[89.753s][info][gc,phases      ] GC(254) Compaction Phase 109.762ms
[89.761s][info][gc,phases,start] GC(254) Post Compact
[89.763s][info][gc,phases      ] GC(254) Post Compact 2.349ms
[89.766s][info][gc,heap        ] GC(254) PSYoungGen: 155680K(222720K)->0K(222720K) Eden: 111616K(111616K)->0K(111616K) From: 44064K(111104K)->0K(111104K)
[89.766s][info][gc,heap        ] GC(254) ParOldGen: 657512K(667648K)->389634K(623616K)
[89.766s][info][gc,metaspace   ] GC(254) Metaspace: 17581K(17728K)->17581K(17728K) NonClass: 15773K(15872K)->15773K(15872K) Class: 1808K(1856K)->1808K(1856K)
[89.766s][info][gc             ] GC(254) Pause Full (Allocation Failure) 794M->380M(826M) 636.415ms
[89.766s][info][gc,cpu         ] GC(254) User=1.22s Sys=0.00s Real=0.64s
[89.842s][info][gc,start       ] GC(255) Pause Young (Allocation Failure)
[89.860s][info][gc,heap        ] GC(255) PSYoungGen: 111616K(222720K)->13120K(222720K) Eden: 111616K(111616K)->0K(111616K) From: 0K(111104K)->13120K(111104K)
[89.860s][info][gc,heap        ] GC(255) ParOldGen: 389634K(623616K)->389634K(623616K)
[89.860s][info][gc,metaspace   ] GC(255) Metaspace: 17581K(17728K)->17581K(17728K) NonClass: 15773K(15872K)->15773K(15872K) Class: 1808K(1856K)->1808K(1856K)
[89.860s][info][gc             ] GC(255) Pause Young (Allocation Failure) 489M->393M(826M) 17.917ms
[89.860s][info][gc,cpu         ] GC(255) User=0.03s Sys=0.00s Real=0.01s
[89.930s][info][gc,start       ] GC(256) Pause Young (Allocation Failure)
[89.954s][info][gc,heap        ] GC(256) PSYoungGen: 124736K(222720K)->20640K(222720K) Eden: 111616K(111616K)->0K(111616K) From: 13120K(111104K)->20640K(111104K)
[89.954s][info][gc,heap        ] GC(256) ParOldGen: 389634K(623616K)->389634K(623616K)
[89.954s][info][gc,metaspace   ] GC(256) Metaspace: 17581K(17728K)->17581K(17728K) NonClass: 15773K(15872K)->15773K(15872K) Class: 1808K(1856K)->1808K(1856K)
[89.954s][info][gc             ] GC(256) Pause Young (Allocation Failure) 502M->400M(826M) 24.413ms
[89.954s][info][gc,cpu         ] GC(256) User=0.05s Sys=0.00s Real=0.03s
[90.057s][info][gc,start       ] GC(257) Pause Young (Allocation Failure)
[90.090s][info][gc,heap        ] GC(257) PSYoungGen: 132256K(222720K)->32192K(143872K) Eden: 111616K(111616K)->0K(111616K) From: 20640K(111104K)->32192K(32256K)
[90.090s][info][gc,heap        ] GC(257) ParOldGen: 389634K(623616K)->389634K(623616K)
[90.091s][info][gc,metaspace   ] GC(257) Metaspace: 17581K(17728K)->17581K(17728K) NonClass: 15773K(15872K)->15773K(15872K) Class: 1808K(1856K)->1808K(1856K)
[90.091s][info][gc             ] GC(257) Pause Young (Allocation Failure) 509M->411M(749M) 33.932ms
[90.091s][info][gc,cpu         ] GC(257) User=0.07s Sys=0.00s Real=0.03s
[90.148s][info][gc,start       ] GC(258) Pause Young (Allocation Failure)
[90.181s][info][gc,heap        ] GC(258) PSYoungGen: 143808K(143872K)->20000K(220160K) Eden: 111616K(111616K)->0K(113664K) From: 32192K(32256K)->20000K(106496K)
[90.181s][info][gc,heap        ] GC(258) ParOldGen: 389634K(623616K)->402786K(623616K)
[90.181s][info][gc,metaspace   ] GC(258) Metaspace: 17581K(17728K)->17581K(17728K) NonClass: 15773K(15872K)->15773K(15872K) Class: 1808K(1856K)->1808K(1856K)
[90.181s][info][gc             ] GC(258) Pause Young (Allocation Failure) 520M->412M(824M) 32.748ms
[90.181s][info][gc,cpu         ] GC(258) User=0.07s Sys=0.00s Real=0.03s
[90.244s][info][gc,start       ] GC(259) Pause Young (Allocation Failure)
[90.266s][info][gc,heap        ] GC(259) PSYoungGen: 133664K(220160K)->13184K(218112K) Eden: 113664K(113664K)->0K(113664K) From: 20000K(106496K)->13184K(104448K)
[90.266s][info][gc,heap        ] GC(259) ParOldGen: 402786K(623616K)->410322K(623616K)
[90.266s][info][gc,metaspace   ] GC(259) Metaspace: 17581K(17728K)->17581K(17728K) NonClass: 15773K(15872K)->15773K(15872K) Class: 1808K(1856K)->1808K(1856K)
[90.266s][info][gc             ] GC(259) Pause Young (Allocation Failure) 523M->413M(822M) 22.089ms
[90.266s][info][gc,cpu         ] GC(259) User=0.05s Sys=0.00s Real=0.02s
[90.347s][info][gc,start       ] GC(260) Pause Young (Allocation Failure)
[90.367s][info][gc,heap        ] GC(260) PSYoungGen: 126848K(218112K)->4480K(226304K) Eden: 113664K(113664K)->0K(123392K) From: 13184K(104448K)->4480K(102912K)
[90.367s][info][gc,heap        ] GC(260) ParOldGen: 410322K(623616K)->421914K(623616K)
[90.367s][info][gc,metaspace   ] GC(260) Metaspace: 17582K(17728K)->17582K(17728K) NonClass: 15774K(15872K)->15774K(15872K) Class: 1808K(1856K)->1808K(1856K)
[90.367s][info][gc             ] GC(260) Pause Young (Allocation Failure) 524M->416M(830M) 19.828ms
[90.367s][info][gc,cpu         ] GC(260) User=0.04s Sys=0.00s Real=0.02s
[90.471s][info][gc,start       ] GC(261) Pause Young (Allocation Failure)
[90.478s][info][gc,heap        ] GC(261) PSYoungGen: 127872K(226304K)->4512K(225792K) Eden: 123392K(123392K)->0K(123392K) From: 4480K(102912K)->4512K(102400K)
[90.478s][info][gc,heap        ] GC(261) ParOldGen: 421914K(623616K)->421914K(623616K)
[90.478s][info][gc,metaspace   ] GC(261) Metaspace: 17583K(17728K)->17583K(17728K) NonClass: 15775K(15872K)->15775K(15872K) Class: 1808K(1856K)->1808K(1856K)
[90.478s][info][gc             ] GC(261) Pause Young (Allocation Failure) 536M->416M(829M) 6.821ms
[90.478s][info][gc,cpu         ] GC(261) User=0.02s Sys=0.00s Real=0.01s
[90.589s][info][gc,start       ] GC(262) Pause Young (Allocation Failure)
[90.620s][info][gc,heap        ] GC(262) PSYoungGen: 127904K(225792K)->30816K(221184K) Eden: 123392K(123392K)->0K(130560K) From: 4512K(102400K)->30816K(90624K)
[90.620s][info][gc,heap        ] GC(262) ParOldGen: 421914K(623616K)->421914K(623616K)
[90.620s][info][gc,metaspace   ] GC(262) Metaspace: 17607K(17792K)->17607K(17792K) NonClass: 15798K(15936K)->15798K(15936K) Class: 1808K(1856K)->1808K(1856K)
[90.620s][info][gc             ] GC(262) Pause Young (Allocation Failure) 536M->442M(825M) 31.446ms
[90.620s][info][gc,cpu         ] GC(262) User=0.07s Sys=0.00s Real=0.03s
[91.101s][info][gc,start       ] GC(263) Pause Young (Allocation Failure)
[91.134s][info][gc,heap        ] GC(263) PSYoungGen: 161376K(221184K)->32664K(225280K) Eden: 130560K(130560K)->0K(130560K) From: 30816K(90624K)->32664K(94720K)
[91.134s][info][gc,heap        ] GC(263) ParOldGen: 421914K(623616K)->421914K(623616K)
[91.134s][info][gc,metaspace   ] GC(263) Metaspace: 17608K(17792K)->17608K(17792K) NonClass: 15799K(15936K)->15799K(15936K) Class: 1808K(1856K)->1808K(1856K)
[91.134s][info][gc             ] GC(263) Pause Young (Allocation Failure) 569M->443M(829M) 33.035ms
[91.134s][info][gc,cpu         ] GC(263) User=0.07s Sys=0.00s Real=0.04s
[91.343s][info][gc,start       ] GC(264) Pause Young (Allocation Failure)
[91.382s][info][gc,heap        ] GC(264) PSYoungGen: 163224K(225280K)->40752K(223232K) Eden: 130560K(130560K)->0K(140288K) From: 32664K(94720K)->40752K(82944K)
[91.382s][info][gc,heap        ] GC(264) ParOldGen: 421914K(623616K)->421914K(623616K)
[91.382s][info][gc,metaspace   ] GC(264) Metaspace: 17608K(17792K)->17608K(17792K) NonClass: 15799K(15936K)->15799K(15936K) Class: 1808K(1856K)->1808K(1856K)
[91.382s][info][gc             ] GC(264) Pause Young (Allocation Failure) 571M->451M(827M) 38.895ms
[91.382s][info][gc,cpu         ] GC(264) User=0.08s Sys=0.00s Real=0.04s
[91.677s][info][gc,start       ] GC(265) Pause Young (Allocation Failure)
[91.719s][info][gc,heap        ] GC(265) PSYoungGen: 181040K(223232K)->42288K(226304K) Eden: 140288K(140288K)->0K(140288K) From: 40752K(82944K)->42288K(86016K)
[91.719s][info][gc,heap        ] GC(265) ParOldGen: 421914K(623616K)->421914K(623616K)
[91.719s][info][gc,metaspace   ] GC(265) Metaspace: 17608K(17792K)->17608K(17792K) NonClass: 15799K(15936K)->15799K(15936K) Class: 1808K(1856K)->1808K(1856K)
[91.719s][info][gc             ] GC(265) Pause Young (Allocation Failure) 588M->453M(830M) 41.936ms
[91.719s][info][gc,cpu         ] GC(265) User=0.08s Sys=0.00s Real=0.04s
[91.968s][info][gc,start       ] GC(266) Pause Young (Allocation Failure)
[92.038s][info][gc,heap        ] GC(266) PSYoungGen: 182576K(226304K)->76600K(223744K) Eden: 140288K(140288K)->0K(139776K) From: 42288K(86016K)->76600K(83968K)
[92.038s][info][gc,heap        ] GC(266) ParOldGen: 421914K(623616K)->421914K(623616K)
[92.038s][info][gc,metaspace   ] GC(266) Metaspace: 17615K(17792K)->17615K(17792K) NonClass: 15803K(15936K)->15803K(15936K) Class: 1811K(1856K)->1811K(1856K)
[92.038s][info][gc             ] GC(266) Pause Young (Allocation Failure) 590M->486M(827M) 70.303ms
[92.038s][info][gc,cpu         ] GC(266) User=0.14s Sys=0.00s Real=0.07s
[92.349s][info][gc,start       ] GC(267) Pause Young (Allocation Failure)
[92.458s][info][gc,heap        ] GC(267) PSYoungGen: 216376K(223744K)->94688K(234496K) Eden: 139776K(139776K)->0K(139776K) From: 76600K(83968K)->94688K(94720K)
[92.458s][info][gc,heap        ] GC(267) ParOldGen: 421914K(623616K)->452578K(623616K)
[92.458s][info][gc,metaspace   ] GC(267) Metaspace: 17637K(17792K)->17637K(17792K) NonClass: 15826K(15936K)->15826K(15936K) Class: 1811K(1856K)->1811K(1856K)
[92.459s][info][gc             ] GC(267) Pause Young (Allocation Failure) 623M->534M(838M) 109.545ms
[92.459s][info][gc,cpu         ] GC(267) User=0.22s Sys=0.00s Real=0.11s
[92.718s][info][gc,start       ] GC(268) Pause Young (Allocation Failure)
[92.812s][info][gc,heap        ] GC(268) PSYoungGen: 234464K(234496K)->93440K(210944K) Eden: 139776K(139776K)->0K(111616K) From: 94688K(94720K)->93440K(99328K)
[92.812s][info][gc,heap        ] GC(268) ParOldGen: 452578K(623616K)->454186K(623616K)
[92.812s][info][gc,metaspace   ] GC(268) Metaspace: 17637K(17792K)->17637K(17792K) NonClass: 15826K(15936K)->15826K(15936K) Class: 1811K(1856K)->1811K(1856K)
[92.812s][info][gc             ] GC(268) Pause Young (Allocation Failure) 670M->534M(815M) 94.099ms
[92.812s][info][gc,cpu         ] GC(268) User=0.18s Sys=0.01s Real=0.10s
[93.000s][info][gc,start       ] GC(269) Pause Young (Allocation Failure)
[93.083s][info][gc,heap        ] GC(269) PSYoungGen: 205056K(210944K)->90816K(222720K) Eden: 111616K(111616K)->0K(111616K) From: 93440K(99328K)->90816K(111104K)
[93.083s][info][gc,heap        ] GC(269) ParOldGen: 454186K(623616K)->457114K(623616K)
[93.083s][info][gc,metaspace   ] GC(269) Metaspace: 17637K(17792K)->17637K(17792K) NonClass: 15826K(15936K)->15826K(15936K) Class: 1811K(1856K)->1811K(1856K)
[93.083s][info][gc             ] GC(269) Pause Young (Allocation Failure) 643M->535M(826M) 82.988ms
[93.083s][info][gc,cpu         ] GC(269) User=0.17s Sys=0.00s Real=0.09s
[93.274s][info][gc,start       ] GC(270) Pause Young (Allocation Failure)
[93.355s][info][gc,heap        ] GC(270) PSYoungGen: 202432K(222720K)->62992K(222720K) Eden: 111616K(111616K)->0K(111616K) From: 90816K(111104K)->62992K(111104K)
[93.355s][info][gc,heap        ] GC(270) ParOldGen: 457114K(623616K)->485336K(623616K)
[93.355s][info][gc,metaspace   ] GC(270) Metaspace: 17637K(17792K)->17637K(17792K) NonClass: 15826K(15936K)->15826K(15936K) Class: 1811K(1856K)->1811K(1856K)
[93.355s][info][gc             ] GC(270) Pause Young (Allocation Failure) 644M->535M(826M) 80.895ms
[93.355s][info][gc,cpu         ] GC(270) User=0.16s Sys=0.00s Real=0.08s
[93.558s][info][gc,start       ] GC(271) Pause Young (Allocation Failure)
[93.615s][info][gc,heap        ] GC(271) PSYoungGen: 174608K(222720K)->54073K(222720K) Eden: 111616K(111616K)->0K(111616K) From: 62992K(111104K)->54073K(111104K)
[93.615s][info][gc,heap        ] GC(271) ParOldGen: 485336K(623616K)->495040K(623616K)
[93.615s][info][gc,metaspace   ] GC(271) Metaspace: 17637K(17792K)->17637K(17792K) NonClass: 15826K(15936K)->15826K(15936K) Class: 1811K(1856K)->1811K(1856K)
[93.615s][info][gc             ] GC(271) Pause Young (Allocation Failure) 644M->536M(826M) 57.203ms
[93.615s][info][gc,cpu         ] GC(271) User=0.11s Sys=0.00s Real=0.06s
[93.730s][info][gc,start       ] GC(272) Pause Young (Allocation Failure)
[93.781s][info][gc,heap        ] GC(272) PSYoungGen: 165689K(222720K)->2825K(222720K) Eden: 111616K(111616K)->0K(111616K) From: 54073K(111104K)->2825K(111104K)
[93.781s][info][gc,heap        ] GC(272) ParOldGen: 495040K(623616K)->547851K(623616K)
[93.781s][info][gc,metaspace   ] GC(272) Metaspace: 17639K(17792K)->17639K(17792K) NonClass: 15828K(15936K)->15828K(15936K) Class: 1811K(1856K)->1811K(1856K)
[93.781s][info][gc             ] GC(272) Pause Young (Allocation Failure) 645M->537M(826M) 50.994ms
[93.781s][info][gc,cpu         ] GC(272) User=0.10s Sys=0.00s Real=0.05s
[93.894s][info][gc,start       ] GC(273) Pause Young (Allocation Failure)
[93.903s][info][gc,heap        ] GC(273) PSYoungGen: 114441K(222720K)->3529K(222720K) Eden: 111616K(111616K)->0K(111616K) From: 2825K(111104K)->3529K(111104K)
[93.903s][info][gc,heap        ] GC(273) ParOldGen: 547851K(623616K)->548419K(623616K)
[93.903s][info][gc,metaspace   ] GC(273) Metaspace: 17641K(17792K)->17641K(17792K) NonClass: 15830K(15936K)->15830K(15936K) Class: 1811K(1856K)->1811K(1856K)
[93.903s][info][gc             ] GC(273) Pause Young (Allocation Failure) 646M->539M(826M) 9.077ms
[93.903s][info][gc,cpu         ] GC(273) User=0.02s Sys=0.00s Real=0.01s
[94.156s][info][gc,start       ] GC(274) Pause Young (Allocation Failure)
[94.171s][info][gc,heap        ] GC(274) PSYoungGen: 115145K(222720K)->3712K(222720K) Eden: 111616K(111616K)->0K(111616K) From: 3529K(111104K)->3712K(111104K)
[94.171s][info][gc,heap        ] GC(274) ParOldGen: 548419K(623616K)->549500K(623616K)
[94.171s][info][gc,metaspace   ] GC(274) Metaspace: 17646K(17792K)->17646K(17792K) NonClass: 15834K(15936K)->15834K(15936K) Class: 1811K(1856K)->1811K(1856K)
[94.171s][info][gc             ] GC(274) Pause Young (Allocation Failure) 648M->540M(826M) 15.335ms
[94.171s][info][gc,cpu         ] GC(274) User=0.03s Sys=0.00s Real=0.01s
[94.500s][info][gc,start       ] GC(275) Pause Young (Allocation Failure)
[94.541s][info][gc,heap        ] GC(275) PSYoungGen: 115328K(222720K)->17857K(222720K) Eden: 111616K(111616K)->0K(111616K) From: 3712K(111104K)->17857K(111104K)
[94.541s][info][gc,heap        ] GC(275) ParOldGen: 549500K(623616K)->551924K(623616K)
[94.541s][info][gc,metaspace   ] GC(275) Metaspace: 17667K(17792K)->17667K(17792K) NonClass: 15852K(15936K)->15852K(15936K) Class: 1814K(1856K)->1814K(1856K)
[94.541s][info][gc             ] GC(275) Pause Young (Allocation Failure) 649M->556M(826M) 41.028ms
[94.541s][info][gc,cpu         ] GC(275) User=0.08s Sys=0.00s Real=0.04s
[94.725s][info][gc,start       ] GC(276) Pause Young (Allocation Failure)
[94.769s][info][gc,heap        ] GC(276) PSYoungGen: 129473K(222720K)->10176K(222720K) Eden: 111616K(111616K)->0K(111616K) From: 17857K(111104K)->10176K(111104K)
[94.769s][info][gc,heap        ] GC(276) ParOldGen: 551924K(623616K)->569786K(623616K)
[94.769s][info][gc,metaspace   ] GC(276) Metaspace: 17667K(17792K)->17667K(17792K) NonClass: 15852K(15936K)->15852K(15936K) Class: 1814K(1856K)->1814K(1856K)
[94.769s][info][gc             ] GC(276) Pause Young (Allocation Failure) 665M->566M(826M) 43.764ms
[94.769s][info][gc,cpu         ] GC(276) User=0.09s Sys=0.00s Real=0.04s
[94.926s][info][gc,start       ] GC(277) Pause Young (Allocation Failure)
[94.955s][info][gc,heap        ] GC(277) PSYoungGen: 121792K(222720K)->15328K(222720K) Eden: 111616K(111616K)->0K(111616K) From: 10176K(111104K)->15328K(111104K)
[94.955s][info][gc,heap        ] GC(277) ParOldGen: 569786K(623616K)->579970K(623616K)
[94.955s][info][gc,metaspace   ] GC(277) Metaspace: 17667K(17792K)->17667K(17792K) NonClass: 15852K(15936K)->15852K(15936K) Class: 1814K(1856K)->1814K(1856K)
[94.955s][info][gc             ] GC(277) Pause Young (Allocation Failure) 675M->581M(826M) 28.721ms
[94.955s][info][gc,cpu         ] GC(277) User=0.06s Sys=0.00s Real=0.03s
[95.109s][info][gc,start       ] GC(278) Pause Young (Allocation Failure)
[95.138s][info][gc,heap        ] GC(278) PSYoungGen: 126944K(222720K)->12256K(220672K) Eden: 111616K(111616K)->0K(111616K) From: 15328K(111104K)->12256K(109056K)
[95.138s][info][gc,heap        ] GC(278) ParOldGen: 579970K(623616K)->595306K(623616K)
[95.138s][info][gc,metaspace   ] GC(278) Metaspace: 17674K(17856K)->17674K(17856K) NonClass: 15860K(16000K)->15860K(16000K) Class: 1814K(1856K)->1814K(1856K)
[95.138s][info][gc             ] GC(278) Pause Young (Allocation Failure) 690M->593M(824M) 29.177ms
[95.138s][info][gc,cpu         ] GC(278) User=0.06s Sys=0.00s Real=0.03s
[95.248s][info][gc,start       ] GC(279) Pause Young (Allocation Failure)
[95.266s][info][gc,heap        ] GC(279) PSYoungGen: 123872K(220672K)->14848K(126464K) Eden: 111616K(111616K)->0K(111616K) From: 12256K(109056K)->14848K(14848K)
[95.266s][info][gc,heap        ] GC(279) ParOldGen: 595306K(623616K)->595306K(623616K)
[95.266s][info][gc,metaspace   ] GC(279) Metaspace: 17677K(17856K)->17677K(17856K) NonClass: 15862K(16000K)->15862K(16000K) Class: 1814K(1856K)->1814K(1856K)
[95.266s][info][gc             ] GC(279) Pause Young (Allocation Failure) 702M->595M(732M) 17.861ms
[95.266s][info][gc,cpu         ] GC(279) User=0.03s Sys=0.00s Real=0.02s
[95.441s][info][gc,start       ] GC(280) Pause Young (Allocation Failure)
[95.464s][info][gc,heap        ] GC(280) PSYoungGen: 126464K(126464K)->17248K(219136K) Eden: 111616K(111616K)->0K(119296K) From: 14848K(14848K)->17248K(99840K)
[95.464s][info][gc,heap        ] GC(280) ParOldGen: 595306K(623616K)->595306K(623616K)
[95.464s][info][gc,metaspace   ] GC(280) Metaspace: 17679K(17856K)->17679K(17856K) NonClass: 15864K(16000K)->15864K(16000K) Class: 1814K(1856K)->1814K(1856K)
[95.464s][info][gc             ] GC(280) Pause Young (Allocation Failure) 704M->598M(823M) 23.196ms
[95.464s][info][gc,cpu         ] GC(280) User=0.04s Sys=0.00s Real=0.03s
[95.620s][info][gc,start       ] GC(281) Pause Young (Allocation Failure)
[95.640s][info][gc,heap        ] GC(281) PSYoungGen: 136544K(219136K)->18144K(219648K) Eden: 119296K(119296K)->0K(119296K) From: 17248K(99840K)->18144K(100352K)
[95.640s][info][gc,heap        ] GC(281) ParOldGen: 595306K(623616K)->595306K(623616K)
[95.640s][info][gc,metaspace   ] GC(281) Metaspace: 17682K(17856K)->17682K(17856K) NonClass: 15868K(16000K)->15868K(16000K) Class: 1814K(1856K)->1814K(1856K)
[95.640s][info][gc             ] GC(281) Pause Young (Allocation Failure) 714M->599M(823M) 20.386ms
[95.640s][info][gc,cpu         ] GC(281) User=0.04s Sys=0.00s Real=0.02s
[95.764s][info][gc,start       ] GC(282) Pause Young (Allocation Failure)
[95.794s][info][gc,heap        ] GC(282) PSYoungGen: 137440K(219648K)->18112K(213504K) Eden: 119296K(119296K)->0K(127488K) From: 18144K(100352K)->18112K(86016K)
[95.794s][info][gc,heap        ] GC(282) ParOldGen: 595306K(623616K)->595306K(623616K)
[95.794s][info][gc,metaspace   ] GC(282) Metaspace: 17682K(17856K)->17682K(17856K) NonClass: 15868K(16000K)->15868K(16000K) Class: 1814K(1856K)->1814K(1856K)
[95.794s][info][gc             ] GC(282) Pause Young (Allocation Failure) 715M->599M(817M) 29.747ms
[95.794s][info][gc,cpu         ] GC(282) User=0.06s Sys=0.01s Real=0.03s
[95.907s][info][gc,start       ] GC(283) Pause Young (Allocation Failure)
[95.930s][info][gc,heap        ] GC(283) PSYoungGen: 145600K(213504K)->23072K(217600K) Eden: 127488K(127488K)->0K(127488K) From: 18112K(86016K)->23072K(90112K)
[95.930s][info][gc,heap        ] GC(283) ParOldGen: 595306K(623616K)->595306K(623616K)
[95.930s][info][gc,metaspace   ] GC(283) Metaspace: 17692K(17856K)->17692K(17856K) NonClass: 15873K(16000K)->15873K(16000K) Class: 1818K(1856K)->1818K(1856K)
[95.930s][info][gc             ] GC(283) Pause Young (Allocation Failure) 723M->603M(821M) 23.264ms
[95.930s][info][gc,cpu         ] GC(283) User=0.05s Sys=0.00s Real=0.02s
[96.060s][info][gc,start       ] GC(284) Pause Young (Allocation Failure)
[96.105s][info][gc,heap        ] GC(284) PSYoungGen: 150560K(217600K)->47696K(218624K) Eden: 127488K(127488K)->0K(134144K) From: 23072K(90112K)->47696K(84480K)
[96.105s][info][gc,heap        ] GC(284) ParOldGen: 595306K(623616K)->595306K(623616K)
[96.105s][info][gc,metaspace   ] GC(284) Metaspace: 17692K(17856K)->17692K(17856K) NonClass: 15873K(16000K)->15873K(16000K) Class: 1818K(1856K)->1818K(1856K)
[96.105s][info][gc             ] GC(284) Pause Young (Allocation Failure) 728M->627M(822M) 45.462ms
[96.105s][info][gc,cpu         ] GC(284) User=0.09s Sys=0.00s Real=0.05s
[96.201s][info][gc,start       ] GC(285) Pause Young (Allocation Failure)
[96.248s][info][gc,heap        ] GC(285) PSYoungGen: 181840K(218624K)->48960K(220672K) Eden: 134144K(134144K)->0K(134144K) From: 47696K(84480K)->48960K(86528K)
[96.248s][info][gc,heap        ] GC(285) ParOldGen: 595306K(623616K)->595306K(623616K)
[96.248s][info][gc,metaspace   ] GC(285) Metaspace: 17692K(17856K)->17692K(17856K) NonClass: 15873K(16000K)->15873K(16000K) Class: 1818K(1856K)->1818K(1856K)
[96.248s][info][gc             ] GC(285) Pause Young (Allocation Failure) 758M->629M(824M) 46.703ms
[96.248s][info][gc,cpu         ] GC(285) User=0.10s Sys=0.00s Real=0.05s
[96.407s][info][gc,start       ] GC(286) Pause Young (Allocation Failure)
[96.455s][info][gc,heap        ] GC(286) PSYoungGen: 183104K(220672K)->48976K(232960K) Eden: 134144K(134144K)->0K(144896K) From: 48960K(86528K)->48976K(88064K)
[96.456s][info][gc,heap        ] GC(286) ParOldGen: 595306K(623616K)->595306K(623616K)
[96.456s][info][gc,metaspace   ] GC(286) Metaspace: 17695K(17856K)->17695K(17856K) NonClass: 15877K(16000K)->15877K(16000K) Class: 1818K(1856K)->1818K(1856K)
[96.456s][info][gc             ] GC(286) Pause Young (Allocation Failure) 760M->629M(836M) 48.697ms
[96.456s][info][gc,cpu         ] GC(286) User=0.10s Sys=0.00s Real=0.05s
[96.689s][info][gc,start       ] GC(287) Pause Young (Allocation Failure)
[96.736s][info][gc,heap        ] GC(287) PSYoungGen: 193872K(232960K)->49072K(233984K) Eden: 144896K(144896K)->0K(144896K) From: 48976K(88064K)->49072K(89088K)
[96.736s][info][gc,heap        ] GC(287) ParOldGen: 595306K(623616K)->595306K(623616K)
[96.736s][info][gc,metaspace   ] GC(287) Metaspace: 17702K(17856K)->17702K(17856K) NonClass: 15884K(16000K)->15884K(16000K) Class: 1818K(1856K)->1818K(1856K)
[96.736s][info][gc             ] GC(287) Pause Young (Allocation Failure) 770M->629M(837M) 46.805ms
[96.736s][info][gc,cpu         ] GC(287) User=0.09s Sys=0.00s Real=0.05s
[98.199s][info][gc,start       ] GC(288) Pause Young (Allocation Failure)
[98.247s][info][gc,heap        ] GC(288) PSYoungGen: 193968K(233984K)->49661K(244224K) Eden: 144896K(144896K)->0K(154624K) From: 49072K(89088K)->49661K(89600K)
[98.247s][info][gc,heap        ] GC(288) ParOldGen: 595306K(623616K)->595306K(623616K)
[98.247s][info][gc,metaspace   ] GC(288) Metaspace: 17708K(17856K)->17708K(17856K) NonClass: 15890K(16000K)->15890K(16000K) Class: 1818K(1856K)->1818K(1856K)
[98.247s][info][gc             ] GC(288) Pause Young (Allocation Failure) 770M->629M(847M) 47.276ms
[98.247s][info][gc,cpu         ] GC(288) User=0.09s Sys=0.00s Real=0.05s
[99.075s][info][gc,start       ] GC(289) Pause Young (Allocation Failure)
[99.123s][info][gc,heap        ] GC(289) PSYoungGen: 204285K(244224K)->50077K(244224K) Eden: 154624K(154624K)->0K(154624K) From: 49661K(89600K)->50077K(89600K)
[99.123s][info][gc,heap        ] GC(289) ParOldGen: 595306K(623616K)->595306K(623616K)
[99.123s][info][gc,metaspace   ] GC(289) Metaspace: 17713K(17856K)->17713K(17856K) NonClass: 15895K(16000K)->15895K(16000K) Class: 1818K(1856K)->1818K(1856K)
[99.123s][info][gc             ] GC(289) Pause Young (Allocation Failure) 780M->630M(847M) 48.026ms
[99.123s][info][gc,cpu         ] GC(289) User=0.09s Sys=0.00s Real=0.05s
[100.016s][info][gc,start       ] GC(290) Pause Young (Allocation Failure)
[100.065s][info][gc,heap        ] GC(290) PSYoungGen: 204701K(244224K)->52279K(243200K) Eden: 154624K(154624K)->0K(153600K) From: 50077K(89600K)->52279K(89600K)
[100.065s][info][gc,heap        ] GC(290) ParOldGen: 595306K(623616K)->595314K(623616K)
[100.065s][info][gc,metaspace   ] GC(290) Metaspace: 17858K(17984K)->17858K(17984K) NonClass: 16031K(16128K)->16031K(16128K) Class: 1827K(1856K)->1827K(1856K)
[100.065s][info][gc             ] GC(290) Pause Young (Allocation Failure) 781M->632M(846M) 49.090ms
[100.065s][info][gc,cpu         ] GC(290) User=0.10s Sys=0.00s Real=0.05s
[100.439s][info][gc,start       ] GC(291) Pause Young (Allocation Failure)
[100.489s][info][gc,heap        ] GC(291) PSYoungGen: 205807K(243200K)->52039K(243712K) Eden: 153527K(153600K)->0K(153600K) From: 52279K(89600K)->52039K(90112K)
[100.489s][info][gc,heap        ] GC(291) ParOldGen: 595314K(623616K)->595322K(623616K)
[100.489s][info][gc,metaspace   ] GC(291) Metaspace: 17956K(18112K)->17956K(18112K) NonClass: 16127K(16256K)->16127K(16256K) Class: 1828K(1856K)->1828K(1856K)
[100.489s][info][gc             ] GC(291) Pause Young (Allocation Failure) 782M->632M(847M) 49.888ms
[100.489s][info][gc,cpu         ] GC(291) User=0.10s Sys=0.00s Real=0.05s
[100.841s][info][gc,start       ] GC(292) Pause Young (Allocation Failure)
[100.892s][info][gc,heap        ] GC(292) PSYoungGen: 205639K(243712K)->51885K(241664K) Eden: 153600K(153600K)->0K(153600K) From: 52039K(90112K)->51885K(88064K)
[100.892s][info][gc,heap        ] GC(292) ParOldGen: 595322K(623616K)->595330K(623616K)
[100.892s][info][gc,metaspace   ] GC(292) Metaspace: 17975K(18112K)->17975K(18112K) NonClass: 16147K(16256K)->16147K(16256K) Class: 1828K(1856K)->1828K(1856K)
[100.892s][info][gc             ] GC(292) Pause Young (Allocation Failure) 782M->632M(845M) 50.544ms
[100.892s][info][gc,cpu         ] GC(292) User=0.10s Sys=0.00s Real=0.06s
[101.168s][info][gc,start       ] GC(293) Pause Young (Allocation Failure)
[101.270s][info][gc,heap        ] GC(293) PSYoungGen: 205485K(241664K)->89076K(242688K) Eden: 153600K(153600K)->0K(153600K) From: 51885K(88064K)->89076K(89088K)
[101.270s][info][gc,heap        ] GC(293) ParOldGen: 595330K(623616K)->609394K(623616K)
[101.270s][info][gc,metaspace   ] GC(293) Metaspace: 18102K(18240K)->18102K(18240K) NonClass: 16274K(16384K)->16274K(16384K) Class: 1828K(1856K)->1828K(1856K)
[101.270s][info][gc             ] GC(293) Pause Young (Allocation Failure) 782M->682M(846M) 102.338ms
[101.270s][info][gc,cpu         ] GC(293) User=0.20s Sys=0.00s Real=0.10s
[101.403s][info][gc,start       ] GC(294) Pause Young (Allocation Failure)
[101.534s][info][gc,heap        ] GC(294) PSYoungGen: 242676K(242688K)->91133K(202752K) Eden: 153600K(153600K)->0K(111616K) From: 89076K(89088K)->91133K(91136K)
[101.534s][info][gc,heap        ] GC(294) ParOldGen: 609394K(623616K)->650399K(650752K)
[101.534s][info][gc,metaspace   ] GC(294) Metaspace: 18102K(18240K)->18102K(18240K) NonClass: 16274K(16384K)->16274K(16384K) Class: 1828K(1856K)->1828K(1856K)
[101.534s][info][gc             ] GC(294) Pause Young (Allocation Failure) 832M->724M(833M) 130.871ms
[101.534s][info][gc,cpu         ] GC(294) User=0.23s Sys=0.03s Real=0.13s
[101.661s][info][gc,start       ] GC(295) Pause Full (Allocation Failure)
[101.662s][info][gc,phases,start] GC(295) Marking Phase
[101.777s][info][gc,phases      ] GC(295) Marking Phase 115.105ms
[101.777s][info][gc,phases,start] GC(295) Summary Phase
[101.777s][info][gc,phases      ] GC(295) Summary Phase 0.031ms
[101.777s][info][gc,phases,start] GC(295) Forward
[101.814s][info][gc,phases      ] GC(295) Forward 37.152ms
[101.814s][info][gc,phases,start] GC(295) Adjust Pointers
[101.880s][info][gc,phases      ] GC(295) Adjust Pointers 66.291ms
[101.880s][info][gc,phases,start] GC(295) Compaction Phase
[101.927s][info][gc,phases      ] GC(295) Compaction Phase 46.193ms
[101.927s][info][gc,phases,start] GC(295) Post Compact
[101.930s][info][gc,phases      ] GC(295) Post Compact 2.477ms
[101.950s][info][gc,heap        ] GC(295) PSYoungGen: 202749K(202752K)->0K(222720K) Eden: 111616K(111616K)->0K(111616K) From: 91133K(91136K)->0K(111104K)
[101.950s][info][gc,heap        ] GC(295) ParOldGen: 650399K(650752K)->181299K(408064K)
[101.950s][info][gc,metaspace   ] GC(295) Metaspace: 18102K(18240K)->18102K(18240K) NonClass: 16274K(16384K)->16274K(16384K) Class: 1828K(1856K)->1828K(1856K)
[101.950s][info][gc             ] GC(295) Pause Full (Allocation Failure) 833M->177M(616M) 288.326ms
[101.950s][info][gc,cpu         ] GC(295) User=0.49s Sys=0.02s Real=0.29s
[102.202s][info][gc,start       ] GC(296) Pause Young (Allocation Failure)
[102.253s][info][gc,heap        ] GC(296) PSYoungGen: 111616K(222720K)->42791K(222720K) Eden: 111616K(111616K)->0K(111616K) From: 0K(111104K)->42791K(111104K)
[102.253s][info][gc,heap        ] GC(296) ParOldGen: 181299K(408064K)->181299K(408064K)
[102.253s][info][gc,metaspace   ] GC(296) Metaspace: 18105K(18240K)->18105K(18240K) NonClass: 16277K(16384K)->16277K(16384K) Class: 1828K(1856K)->1828K(1856K)
[102.253s][info][gc             ] GC(296) Pause Young (Allocation Failure) 286M->218M(616M) 50.926ms
[102.253s][info][gc,cpu         ] GC(296) User=0.10s Sys=0.00s Real=0.05s
[102.419s][info][gc,start       ] GC(297) Pause Young (Allocation Failure)
[102.478s][info][gc,heap        ] GC(297) PSYoungGen: 154407K(222720K)->52855K(222720K) Eden: 111616K(111616K)->0K(111616K) From: 42791K(111104K)->52855K(111104K)
[102.478s][info][gc,heap        ] GC(297) ParOldGen: 181299K(408064K)->181299K(408064K)
[102.478s][info][gc,metaspace   ] GC(297) Metaspace: 18120K(18240K)->18120K(18240K) NonClass: 16292K(16384K)->16292K(16384K) Class: 1828K(1856K)->1828K(1856K)
[102.478s][info][gc             ] GC(297) Pause Young (Allocation Failure) 327M->228M(616M) 59.195ms
[102.478s][info][gc,cpu         ] GC(297) User=0.11s Sys=0.00s Real=0.06s
[102.640s][info][gc,start       ] GC(298) Pause Young (Allocation Failure)
[102.720s][info][gc,heap        ] GC(298) PSYoungGen: 164471K(222720K)->72163K(222720K) Eden: 111616K(111616K)->0K(111616K) From: 52855K(111104K)->72163K(111104K)
[102.720s][info][gc,heap        ] GC(298) ParOldGen: 181299K(408064K)->181307K(408064K)
[102.720s][info][gc,metaspace   ] GC(298) Metaspace: 18125K(18240K)->18125K(18240K) NonClass: 16297K(16384K)->16297K(16384K) Class: 1828K(1856K)->1828K(1856K)
[102.720s][info][gc             ] GC(298) Pause Young (Allocation Failure) 337M->247M(616M) 80.539ms
[102.720s][info][gc,cpu         ] GC(298) User=0.16s Sys=0.00s Real=0.08s
[102.838s][info][gc,start       ] GC(299) Pause Young (Allocation Failure)
[102.935s][info][gc,heap        ] GC(299) PSYoungGen: 183779K(222720K)->89193K(222720K) Eden: 111616K(111616K)->0K(111616K) From: 72163K(111104K)->89193K(111104K)
[102.935s][info][gc,heap        ] GC(299) ParOldGen: 181307K(408064K)->181307K(408064K)
[102.935s][info][gc,metaspace   ] GC(299) Metaspace: 18125K(18240K)->18125K(18240K) NonClass: 16297K(16384K)->16297K(16384K) Class: 1828K(1856K)->1828K(1856K)
[102.935s][info][gc             ] GC(299) Pause Young (Allocation Failure) 356M->264M(616M) 97.600ms
[102.935s][info][gc,cpu         ] GC(299) User=0.19s Sys=0.00s Real=0.10s
[103.053s][info][gc,start       ] GC(300) Pause Young (Allocation Failure)
[103.153s][info][gc,heap        ] GC(300) PSYoungGen: 200809K(222720K)->92457K(222720K) Eden: 111616K(111616K)->0K(111616K) From: 89193K(111104K)->92457K(111104K)
[103.153s][info][gc,heap        ] GC(300) ParOldGen: 181307K(408064K)->181307K(408064K)
[103.153s][info][gc,metaspace   ] GC(300) Metaspace: 18137K(18240K)->18137K(18240K) NonClass: 16309K(16384K)->16309K(16384K) Class: 1828K(1856K)->1828K(1856K)
[103.153s][info][gc             ] GC(300) Pause Young (Allocation Failure) 373M->267M(616M) 100.283ms
[103.153s][info][gc,cpu         ] GC(300) User=0.20s Sys=0.00s Real=0.10s
[103.277s][info][gc,start       ] GC(301) Pause Young (Allocation Failure)
[103.400s][info][gc,heap        ] GC(301) PSYoungGen: 204073K(222720K)->101043K(222720K) Eden: 111616K(111616K)->0K(111616K) From: 92457K(111104K)->101043K(111104K)
[103.400s][info][gc,heap        ] GC(301) ParOldGen: 181307K(408064K)->181307K(408064K)
[103.400s][info][gc,metaspace   ] GC(301) Metaspace: 18137K(18240K)->18137K(18240K) NonClass: 16309K(16384K)->16309K(16384K) Class: 1828K(1856K)->1828K(1856K)
[103.400s][info][gc             ] GC(301) Pause Young (Allocation Failure) 376M->275M(616M) 123.189ms
[103.400s][info][gc,cpu         ] GC(301) User=0.24s Sys=0.00s Real=0.12s
[103.507s][info][gc,start       ] GC(302) Pause Young (Allocation Failure)
[103.615s][info][gc,heap        ] GC(302) PSYoungGen: 212659K(222720K)->101113K(222720K) Eden: 111616K(111616K)->0K(111616K) From: 101043K(111104K)->101113K(111104K)
[103.615s][info][gc,heap        ] GC(302) ParOldGen: 181307K(408064K)->181307K(408064K)
[103.615s][info][gc,metaspace   ] GC(302) Metaspace: 18137K(18240K)->18137K(18240K) NonClass: 16309K(16384K)->16309K(16384K) Class: 1828K(1856K)->1828K(1856K)
[103.615s][info][gc             ] GC(302) Pause Young (Allocation Failure) 384M->275M(616M) 107.756ms
[103.615s][info][gc,cpu         ] GC(302) User=0.21s Sys=0.00s Real=0.11s
[103.702s][info][gc,start       ] GC(303) Pause Young (Allocation Failure)
[103.811s][info][gc,heap        ] GC(303) PSYoungGen: 212729K(222720K)->48347K(222720K) Eden: 111616K(111616K)->0K(111616K) From: 101113K(111104K)->48347K(111104K)
[103.811s][info][gc,heap        ] GC(303) ParOldGen: 181307K(408064K)->234589K(408064K)
[103.811s][info][gc,metaspace   ] GC(303) Metaspace: 18137K(18240K)->18137K(18240K) NonClass: 16309K(16384K)->16309K(16384K) Class: 1828K(1856K)->1828K(1856K)
[103.811s][info][gc             ] GC(303) Pause Young (Allocation Failure) 384M->276M(616M) 108.520ms
[103.811s][info][gc,cpu         ] GC(303) User=0.22s Sys=0.00s Real=0.10s
[103.895s][info][gc,start       ] GC(304) Pause Young (Allocation Failure)
[103.971s][info][gc,heap        ] GC(304) PSYoungGen: 159963K(222720K)->35968K(222720K) Eden: 111616K(111616K)->0K(111616K) From: 48347K(111104K)->35968K(111104K)
[103.971s][info][gc,heap        ] GC(304) ParOldGen: 234589K(408064K)->271002K(408064K)
[103.971s][info][gc,metaspace   ] GC(304) Metaspace: 18137K(18240K)->18137K(18240K) NonClass: 16309K(16384K)->16309K(16384K) Class: 1828K(1856K)->1828K(1856K)
[103.971s][info][gc             ] GC(304) Pause Young (Allocation Failure) 385M->299M(616M) 75.883ms
[103.971s][info][gc,cpu         ] GC(304) User=0.16s Sys=0.00s Real=0.07s
[104.017s][info][gc,start       ] GC(305) Pause Young (Allocation Failure)
[104.072s][info][gc,heap        ] GC(305) PSYoungGen: 147584K(222720K)->50528K(222720K) Eden: 111616K(111616K)->0K(111616K) From: 35968K(111104K)->50528K(111104K)
[104.072s][info][gc,heap        ] GC(305) ParOldGen: 271002K(408064K)->282916K(408064K)
[104.072s][info][gc,metaspace   ] GC(305) Metaspace: 18137K(18240K)->18137K(18240K) NonClass: 16309K(16384K)->16309K(16384K) Class: 1828K(1856K)->1828K(1856K)
[104.072s][info][gc             ] GC(305) Pause Young (Allocation Failure) 408M->325M(616M) 55.959ms
[104.073s][info][gc,cpu         ] GC(305) User=0.11s Sys=0.00s Real=0.06s
[104.202s][info][gc,start       ] GC(306) Pause Young (Allocation Failure)
[104.253s][info][gc,heap        ] GC(306) PSYoungGen: 162144K(222720K)->64160K(222720K) Eden: 111616K(111616K)->0K(111616K) From: 50528K(111104K)->64160K(111104K)
[104.253s][info][gc,heap        ] GC(306) ParOldGen: 282916K(408064K)->283052K(408064K)
[104.253s][info][gc,metaspace   ] GC(306) Metaspace: 18137K(18240K)->18137K(18240K) NonClass: 16309K(16384K)->16309K(16384K) Class: 1828K(1856K)->1828K(1856K)
[104.253s][info][gc             ] GC(306) Pause Young (Allocation Failure) 434M->339M(616M) 50.967ms
[104.253s][info][gc,cpu         ] GC(306) User=0.10s Sys=0.00s Real=0.05s
[104.383s][info][gc,start       ] GC(307) Pause Young (Allocation Failure)
[104.450s][info][gc,heap        ] GC(307) PSYoungGen: 175776K(222720K)->28771K(222720K) Eden: 111616K(111616K)->0K(111616K) From: 64160K(111104K)->28771K(111104K)
[104.450s][info][gc,heap        ] GC(307) ParOldGen: 283052K(408064K)->333683K(408064K)
[104.450s][info][gc,metaspace   ] GC(307) Metaspace: 18137K(18240K)->18137K(18240K) NonClass: 16309K(16384K)->16309K(16384K) Class: 1828K(1856K)->1828K(1856K)
[104.450s][info][gc             ] GC(307) Pause Young (Allocation Failure) 448M->353M(616M) 66.553ms
[104.450s][info][gc,cpu         ] GC(307) User=0.13s Sys=0.00s Real=0.06s
[104.504s][info][gc,start       ] GC(308) Pause Young (Allocation Failure)
[104.540s][info][gc,heap        ] GC(308) PSYoungGen: 140387K(222720K)->5824K(222720K) Eden: 111616K(111616K)->0K(111616K) From: 28771K(111104K)->5824K(111104K)
[104.540s][info][gc,heap        ] GC(308) ParOldGen: 333683K(408064K)->362646K(408064K)
[104.540s][info][gc,metaspace   ] GC(308) Metaspace: 18137K(18240K)->18137K(18240K) NonClass: 16309K(16384K)->16309K(16384K) Class: 1828K(1856K)->1828K(1856K)
[104.540s][info][gc             ] GC(308) Pause Young (Allocation Failure) 462M->359M(616M) 35.803ms
[104.540s][info][gc,cpu         ] GC(308) User=0.07s Sys=0.00s Real=0.03s
[104.629s][info][gc,start       ] GC(309) Pause Young (Allocation Failure)
[104.638s][info][gc,heap        ] GC(309) PSYoungGen: 117440K(222720K)->1280K(222720K) Eden: 111616K(111616K)->0K(111616K) From: 5824K(111104K)->1280K(111104K)
[104.638s][info][gc,heap        ] GC(309) ParOldGen: 362646K(408064K)->368454K(408064K)
[104.638s][info][gc,metaspace   ] GC(309) Metaspace: 18137K(18240K)->18137K(18240K) NonClass: 16309K(16384K)->16309K(16384K) Class: 1828K(1856K)->1828K(1856K)
[104.638s][info][gc             ] GC(309) Pause Young (Allocation Failure) 468M->361M(616M) 9.020ms
[104.638s][info][gc,cpu         ] GC(309) User=0.01s Sys=0.00s Real=0.01s
[104.776s][info][gc,start       ] GC(310) Pause Young (Allocation Failure)
[104.781s][info][gc,heap        ] GC(310) PSYoungGen: 112896K(222720K)->1600K(222720K) Eden: 111616K(111616K)->0K(111616K) From: 1280K(111104K)->1600K(111104K)
[104.781s][info][gc,heap        ] GC(310) ParOldGen: 368454K(408064K)->369734K(408064K)
[104.781s][info][gc,metaspace   ] GC(310) Metaspace: 18137K(18240K)->18137K(18240K) NonClass: 16309K(16384K)->16309K(16384K) Class: 1828K(1856K)->1828K(1856K)
[104.781s][info][gc             ] GC(310) Pause Young (Allocation Failure) 470M->362M(616M) 4.820ms
[104.781s][info][gc,cpu         ] GC(310) User=0.01s Sys=0.00s Real=0.00s
[105.109s][info][gc,start       ] GC(311) Pause Young (Allocation Failure)
[105.113s][info][gc,heap        ] GC(311) PSYoungGen: 113216K(222720K)->352K(222720K) Eden: 111616K(111616K)->0K(111616K) From: 1600K(111104K)->352K(111104K)
[105.113s][info][gc,heap        ] GC(311) ParOldGen: 369734K(408064K)->371310K(408064K)
[105.113s][info][gc,metaspace   ] GC(311) Metaspace: 18138K(18240K)->18138K(18240K) NonClass: 16310K(16384K)->16310K(16384K) Class: 1828K(1856K)->1828K(1856K)
[105.113s][info][gc             ] GC(311) Pause Young (Allocation Failure) 471M->362M(616M) 4.262ms
[105.113s][info][gc,cpu         ] GC(311) User=0.00s Sys=0.00s Real=0.01s
[105.287s][info][gc,start       ] GC(312) Pause Young (Allocation Failure)
[105.311s][info][gc,heap        ] GC(312) PSYoungGen: 111968K(222720K)->24384K(222720K) Eden: 111616K(111616K)->0K(111616K) From: 352K(111104K)->24384K(111104K)
[105.311s][info][gc,heap        ] GC(312) ParOldGen: 371310K(408064K)->371651K(408064K)
[105.311s][info][gc,metaspace   ] GC(312) Metaspace: 18138K(18240K)->18138K(18240K) NonClass: 16310K(16384K)->16310K(16384K) Class: 1828K(1856K)->1828K(1856K)
[105.311s][info][gc             ] GC(312) Pause Young (Allocation Failure) 471M->386M(616M) 24.127ms
[105.311s][info][gc,cpu         ] GC(312) User=0.05s Sys=0.00s Real=0.02s
[105.428s][info][gc,start       ] GC(313) Pause Young (Allocation Failure)
[105.482s][info][gc,heap        ] GC(313) PSYoungGen: 136000K(222720K)->39456K(222720K) Eden: 111616K(111616K)->0K(111616K) From: 24384K(111104K)->39456K(111104K)
[105.482s][info][gc,heap        ] GC(313) ParOldGen: 371651K(408064K)->396105K(408064K)
[105.482s][info][gc,metaspace   ] GC(313) Metaspace: 18138K(18240K)->18138K(18240K) NonClass: 16310K(16384K)->16310K(16384K) Class: 1828K(1856K)->1828K(1856K)
[105.482s][info][gc             ] GC(313) Pause Young (Allocation Failure) 495M->425M(616M) 53.795ms
[105.482s][info][gc,cpu         ] GC(313) User=0.10s Sys=0.00s Real=0.06s
[105.646s][info][gc,start       ] GC(314) Pause Young (Allocation Failure)
[105.710s][info][gc,heap        ] GC(314) PSYoungGen: 151072K(222720K)->20128K(221696K) Eden: 111616K(111616K)->0K(111616K) From: 39456K(111104K)->20128K(110080K)
[105.710s][info][gc,heap        ] GC(314) ParOldGen: 396105K(408064K)->435830K(436224K)
[105.710s][info][gc,metaspace   ] GC(314) Metaspace: 18139K(18304K)->18139K(18304K) NonClass: 16311K(16448K)->16311K(16448K) Class: 1828K(1856K)->1828K(1856K)
[105.710s][info][gc             ] GC(314) Pause Young (Allocation Failure) 534M->445M(642M) 63.696ms
[105.710s][info][gc,cpu         ] GC(314) User=0.11s Sys=0.02s Real=0.06s
[105.787s][info][gc,start       ] GC(315) Pause Young (Allocation Failure)
[105.826s][info][gc,heap        ] GC(315) PSYoungGen: 131744K(221696K)->3648K(222208K) Eden: 111616K(111616K)->0K(111616K) From: 20128K(110080K)->3648K(110592K)
[105.826s][info][gc,heap        ] GC(315) ParOldGen: 435830K(436224K)->455918K(456192K)
[105.826s][info][gc,metaspace   ] GC(315) Metaspace: 18139K(18304K)->18139K(18304K) NonClass: 16311K(16448K)->16311K(16448K) Class: 1828K(1856K)->1828K(1856K)
[105.826s][info][gc             ] GC(315) Pause Young (Allocation Failure) 554M->448M(662M) 38.308ms
[105.826s][info][gc,cpu         ] GC(315) User=0.06s Sys=0.00s Real=0.04s
[105.931s][info][gc,start       ] GC(316) Pause Young (Allocation Failure)
[105.940s][info][gc,heap        ] GC(316) PSYoungGen: 115264K(222208K)->864K(220160K) Eden: 111616K(111616K)->0K(114176K) From: 3648K(110592K)->864K(105984K)
[105.941s][info][gc,heap        ] GC(316) ParOldGen: 455918K(456192K)->459550K(459776K)
[105.941s][info][gc,metaspace   ] GC(316) Metaspace: 18139K(18304K)->18139K(18304K) NonClass: 16311K(16448K)->16311K(16448K) Class: 1828K(1856K)->1828K(1856K)
[105.941s][info][gc             ] GC(316) Pause Young (Allocation Failure) 557M->449M(664M) 9.443ms
[105.941s][info][gc,cpu         ] GC(316) User=0.02s Sys=0.01s Real=0.01s
[106.144s][info][gc,start       ] GC(317) Pause Young (Allocation Failure)
[106.148s][info][gc,heap        ] GC(317) PSYoungGen: 115040K(220160K)->2240K(221184K) Eden: 114176K(114176K)->0K(114176K) From: 864K(105984K)->2240K(107008K)
[106.148s][info][gc,heap        ] GC(317) ParOldGen: 459550K(459776K)->459550K(459776K)
[106.148s][info][gc,metaspace   ] GC(317) Metaspace: 18139K(18304K)->18139K(18304K) NonClass: 16311K(16448K)->16311K(16448K) Class: 1828K(1856K)->1828K(1856K)
[106.148s][info][gc             ] GC(317) Pause Young (Allocation Failure) 561M->450M(665M) 4.358ms
[106.148s][info][gc,cpu         ] GC(317) User=0.01s Sys=0.00s Real=0.00s
[106.374s][info][gc,start       ] GC(318) Pause Young (Allocation Failure)
[106.379s][info][gc,heap        ] GC(318) PSYoungGen: 116416K(221184K)->2432K(221696K) Eden: 114176K(114176K)->0K(122368K) From: 2240K(107008K)->2432K(99328K)
[106.379s][info][gc,heap        ] GC(318) ParOldGen: 459550K(459776K)->459550K(459776K)
[106.379s][info][gc,metaspace   ] GC(318) Metaspace: 18139K(18304K)->18139K(18304K) NonClass: 16311K(16448K)->16311K(16448K) Class: 1828K(1856K)->1828K(1856K)
[106.379s][info][gc             ] GC(318) Pause Young (Allocation Failure) 562M->451M(665M) 5.335ms
[106.379s][info][gc,cpu         ] GC(318) User=0.01s Sys=0.00s Real=0.00s
[106.569s][info][gc,start       ] GC(319) Pause Young (Allocation Failure)
[106.615s][info][gc,heap        ] GC(319) PSYoungGen: 124800K(221696K)->47504K(223232K) Eden: 122368K(122368K)->0K(122368K) From: 2432K(99328K)->47504K(100864K)
[106.615s][info][gc,heap        ] GC(319) ParOldGen: 459550K(459776K)->459550K(459776K)
[106.615s][info][gc,metaspace   ] GC(319) Metaspace: 18139K(18304K)->18139K(18304K) NonClass: 16311K(16448K)->16311K(16448K) Class: 1828K(1856K)->1828K(1856K)
[106.615s][info][gc             ] GC(319) Pause Young (Allocation Failure) 570M->495M(667M) 46.223ms
[106.615s][info][gc,cpu         ] GC(319) User=0.09s Sys=0.00s Real=0.05s
[106.785s][info][gc,start       ] GC(320) Pause Young (Allocation Failure)
[106.863s][info][gc,heap        ] GC(320) PSYoungGen: 169872K(223232K)->84968K(212992K) Eden: 122368K(122368K)->0K(111616K) From: 47504K(100864K)->84968K(101376K)
[106.863s][info][gc,heap        ] GC(320) ParOldGen: 459550K(459776K)->459550K(459776K)
[106.863s][info][gc,metaspace   ] GC(320) Metaspace: 18140K(18304K)->18140K(18304K) NonClass: 16311K(16448K)->16311K(16448K) Class: 1828K(1856K)->1828K(1856K)
[106.863s][info][gc             ] GC(320) Pause Young (Allocation Failure) 614M->531M(657M) 77.700ms
[106.863s][info][gc,cpu         ] GC(320) User=0.16s Sys=0.00s Real=0.08s
[106.915s][info][gc,start       ] GC(321) Pause Young (Allocation Failure)
[107.044s][info][gc,heap        ] GC(321) PSYoungGen: 196584K(212992K)->111094K(222720K) Eden: 111616K(111616K)->0K(111616K) From: 84968K(101376K)->111094K(111104K)
[107.044s][info][gc,heap        ] GC(321) ParOldGen: 459550K(459776K)->485068K(485376K)
[107.044s][info][gc,metaspace   ] GC(321) Metaspace: 18140K(18304K)->18140K(18304K) NonClass: 16311K(16448K)->16311K(16448K) Class: 1828K(1856K)->1828K(1856K)
[107.044s][info][gc             ] GC(321) Pause Young (Allocation Failure) 640M->582M(691M) 129.094ms
[107.044s][info][gc,cpu         ] GC(321) User=0.24s Sys=0.02s Real=0.13s
[107.096s][info][gc,start       ] GC(322) Pause Young (Allocation Failure)
[107.257s][info][gc,heap        ] GC(322) PSYoungGen: 222710K(222720K)->111078K(222720K) Eden: 111616K(111616K)->0K(111616K) From: 111094K(111104K)->111078K(111104K)
[107.257s][info][gc,heap        ] GC(322) ParOldGen: 485068K(485376K)->530012K(530432K)
[107.257s][info][gc,metaspace   ] GC(322) Metaspace: 18140K(18304K)->18140K(18304K) NonClass: 16311K(16448K)->16311K(16448K) Class: 1828K(1856K)->1828K(1856K)
[107.257s][info][gc             ] GC(322) Pause Young (Allocation Failure) 691M->626M(735M) 161.128ms
[107.257s][info][gc,cpu         ] GC(322) User=0.28s Sys=0.03s Real=0.16s
[107.348s][info][gc,start       ] GC(323) Pause Young (Allocation Failure)
[107.485s][info][gc,heap        ] GC(323) PSYoungGen: 222694K(222720K)->27488K(222720K) Eden: 111616K(111616K)->0K(111616K) From: 111078K(111104K)->27488K(111104K)
[107.485s][info][gc,heap        ] GC(323) ParOldGen: 530012K(530432K)->614442K(614912K)
[107.485s][info][gc,metaspace   ] GC(323) Metaspace: 18140K(18304K)->18140K(18304K) NonClass: 16311K(16448K)->16311K(16448K) Class: 1828K(1856K)->1828K(1856K)
[107.485s][info][gc             ] GC(323) Pause Young (Allocation Failure) 735M->626M(818M) 137.601ms
[107.485s][info][gc,cpu         ] GC(323) User=0.21s Sys=0.06s Real=0.14s
[107.606s][info][gc,start       ] GC(324) Pause Full (Allocation Failure)
[107.606s][info][gc,phases,start] GC(324) Marking Phase
[107.662s][info][gc,phases      ] GC(324) Marking Phase 56.309ms
[107.662s][info][gc,phases,start] GC(324) Summary Phase
[107.662s][info][gc,phases      ] GC(324) Summary Phase 0.028ms
[107.662s][info][gc,phases,start] GC(324) Forward
[107.681s][info][gc,phases      ] GC(324) Forward 18.798ms
[107.681s][info][gc,phases,start] GC(324) Adjust Pointers
[107.722s][info][gc,phases      ] GC(324) Adjust Pointers 41.209ms
[107.722s][info][gc,phases,start] GC(324) Compaction Phase
[107.743s][info][gc,phases      ] GC(324) Compaction Phase 20.858ms
[107.746s][info][gc,phases,start] GC(324) Post Compact
[107.748s][info][gc,phases      ] GC(324) Post Compact 2.263ms
[107.767s][info][gc,heap        ] GC(324) PSYoungGen: 139104K(222720K)->0K(222720K) Eden: 111616K(111616K)->0K(111616K) From: 27488K(111104K)->0K(111104K)
[107.767s][info][gc,heap        ] GC(324) ParOldGen: 614442K(614912K)->100836K(379904K)
[107.767s][info][gc,metaspace   ] GC(324) Metaspace: 18143K(18304K)->18143K(18304K) NonClass: 16314K(16448K)->16314K(16448K) Class: 1828K(1856K)->1828K(1856K)
[107.767s][info][gc             ] GC(324) Pause Full (Allocation Failure) 735M->98M(588M) 161.128ms
[107.767s][info][gc,cpu         ] GC(324) User=0.24s Sys=0.01s Real=0.16s
[107.896s][info][gc,start       ] GC(325) Pause Young (Allocation Failure)
[107.908s][info][gc,heap        ] GC(325) PSYoungGen: 111616K(222720K)->12864K(222720K) Eden: 111616K(111616K)->0K(111616K) From: 0K(111104K)->12864K(111104K)
[107.908s][info][gc,heap        ] GC(325) ParOldGen: 100836K(379904K)->100836K(379904K)
[107.908s][info][gc,metaspace   ] GC(325) Metaspace: 18143K(18304K)->18143K(18304K) NonClass: 16314K(16448K)->16314K(16448K) Class: 1828K(1856K)->1828K(1856K)
[107.908s][info][gc             ] GC(325) Pause Young (Allocation Failure) 207M->111M(588M) 12.385ms
[107.908s][info][gc,cpu         ] GC(325) User=0.02s Sys=0.00s Real=0.01s
[108.020s][info][gc,start       ] GC(326) Pause Young (Allocation Failure)
[108.042s][info][gc,heap        ] GC(326) PSYoungGen: 124480K(222720K)->14384K(222720K) Eden: 111616K(111616K)->0K(111616K) From: 12864K(111104K)->14384K(111104K)
[108.042s][info][gc,heap        ] GC(326) ParOldGen: 100836K(379904K)->113748K(379904K)
[108.042s][info][gc,metaspace   ] GC(326) Metaspace: 18144K(18304K)->18144K(18304K) NonClass: 16315K(16448K)->16315K(16448K) Class: 1828K(1856K)->1828K(1856K)
[108.042s][info][gc             ] GC(326) Pause Young (Allocation Failure) 220M->125M(588M) 22.043ms
[108.043s][info][gc,cpu         ] GC(326) User=0.05s Sys=0.00s Real=0.03s
[108.156s][info][gc,start       ] GC(327) Pause Young (Allocation Failure)
[108.194s][info][gc,heap        ] GC(327) PSYoungGen: 126000K(222720K)->38592K(222720K) Eden: 111616K(111616K)->0K(111616K) From: 14384K(111104K)->38592K(111104K)
[108.194s][info][gc,heap        ] GC(327) ParOldGen: 113748K(379904K)->128268K(379904K)
[108.194s][info][gc,metaspace   ] GC(327) Metaspace: 18144K(18304K)->18144K(18304K) NonClass: 16316K(16448K)->16316K(16448K) Class: 1828K(1856K)->1828K(1856K)
[108.194s][info][gc             ] GC(327) Pause Young (Allocation Failure) 234M->162M(588M) 37.981ms
[108.194s][info][gc,cpu         ] GC(327) User=0.07s Sys=0.00s Real=0.04s
[108.398s][info][gc,start       ] GC(328) Pause Young (Allocation Failure)
[108.465s][info][gc,heap        ] GC(328) PSYoungGen: 150208K(222720K)->55936K(222720K) Eden: 111616K(111616K)->0K(111616K) From: 38592K(111104K)->55936K(111104K)
[108.465s][info][gc,heap        ] GC(328) ParOldGen: 128268K(379904K)->167308K(379904K)
[108.465s][info][gc,metaspace   ] GC(328) Metaspace: 18149K(18304K)->18149K(18304K) NonClass: 16321K(16448K)->16321K(16448K) Class: 1828K(1856K)->1828K(1856K)
[108.465s][info][gc             ] GC(328) Pause Young (Allocation Failure) 271M->218M(588M) 66.784ms
[108.465s][info][gc,cpu         ] GC(328) User=0.13s Sys=0.00s Real=0.07s
[108.538s][info][gc,start       ] GC(329) Pause Young (Allocation Failure)
[108.608s][info][gc,heap        ] GC(329) PSYoungGen: 167552K(222720K)->20896K(222720K) Eden: 111616K(111616K)->0K(111616K) From: 55936K(111104K)->20896K(111104K)
[108.608s][info][gc,heap        ] GC(329) ParOldGen: 167308K(379904K)->223564K(379904K)
[108.608s][info][gc,metaspace   ] GC(329) Metaspace: 18149K(18304K)->18149K(18304K) NonClass: 16321K(16448K)->16321K(16448K) Class: 1828K(1856K)->1828K(1856K)
[108.608s][info][gc             ] GC(329) Pause Young (Allocation Failure) 327M->238M(588M) 69.743ms
[108.608s][info][gc,cpu         ] GC(329) User=0.14s Sys=0.00s Real=0.07s
[108.708s][info][gc,start       ] GC(330) Pause Young (Allocation Failure)
[108.774s][info][gc,heap        ] GC(330) PSYoungGen: 132512K(222720K)->32304K(222720K) Eden: 111616K(111616K)->0K(111616K) From: 20896K(111104K)->32304K(111104K)
[108.774s][info][gc,heap        ] GC(330) ParOldGen: 223564K(379904K)->244492K(379904K)
[108.774s][info][gc,metaspace   ] GC(330) Metaspace: 18149K(18304K)->18149K(18304K) NonClass: 16321K(16448K)->16321K(16448K) Class: 1828K(1856K)->1828K(1856K)
[108.774s][info][gc             ] GC(330) Pause Young (Allocation Failure) 347M->270M(588M) 66.073ms
[108.774s][info][gc,cpu         ] GC(330) User=0.12s Sys=0.00s Real=0.07s
[108.873s][info][gc,start       ] GC(331) Pause Young (Allocation Failure)
[108.937s][info][gc,heap        ] GC(331) PSYoungGen: 143920K(222720K)->48449K(222720K) Eden: 111616K(111616K)->0K(111616K) From: 32304K(111104K)->48449K(111104K)
[108.937s][info][gc,heap        ] GC(331) ParOldGen: 244492K(379904K)->277205K(379904K)
[108.937s][info][gc,metaspace   ] GC(331) Metaspace: 18150K(18304K)->18150K(18304K) NonClass: 16321K(16448K)->16321K(16448K) Class: 1828K(1856K)->1828K(1856K)
[108.938s][info][gc             ] GC(331) Pause Young (Allocation Failure) 379M->318M(588M) 64.369ms
[108.938s][info][gc,cpu         ] GC(331) User=0.13s Sys=0.00s Real=0.06s
[109.053s][info][gc,start       ] GC(332) Pause Young (Allocation Failure)
[109.109s][info][gc,heap        ] GC(332) PSYoungGen: 160065K(222720K)->15744K(222720K) Eden: 111616K(111616K)->0K(111616K) From: 48449K(111104K)->15744K(111104K)
[109.109s][info][gc,heap        ] GC(332) ParOldGen: 277205K(379904K)->325578K(379904K)
[109.109s][info][gc,metaspace   ] GC(332) Metaspace: 18150K(18304K)->18150K(18304K) NonClass: 16321K(16448K)->16321K(16448K) Class: 1828K(1856K)->1828K(1856K)
[109.109s][info][gc             ] GC(332) Pause Young (Allocation Failure) 427M->333M(588M) 56.590ms
[109.109s][info][gc,cpu         ] GC(332) User=0.11s Sys=0.00s Real=0.05s
[109.179s][info][gc,start       ] GC(333) Pause Young (Allocation Failure)
[109.216s][info][gc,heap        ] GC(333) PSYoungGen: 127360K(222720K)->12224K(222720K) Eden: 111616K(111616K)->0K(111616K) From: 15744K(111104K)->12224K(111104K)
[109.216s][info][gc,heap        ] GC(333) ParOldGen: 325578K(379904K)->341338K(379904K)
[109.216s][info][gc,metaspace   ] GC(333) Metaspace: 18150K(18304K)->18150K(18304K) NonClass: 16321K(16448K)->16321K(16448K) Class: 1828K(1856K)->1828K(1856K)
[109.216s][info][gc             ] GC(333) Pause Young (Allocation Failure) 442M->345M(588M) 37.010ms
[109.216s][info][gc,cpu         ] GC(333) User=0.07s Sys=0.00s Real=0.04s
[109.333s][info][gc,start       ] GC(334) Pause Young (Allocation Failure)
[109.391s][info][gc,heap        ] GC(334) PSYoungGen: 123840K(222720K)->33089K(218624K) Eden: 111616K(111616K)->0K(111616K) From: 12224K(111104K)->33089K(107008K)
[109.391s][info][gc,heap        ] GC(334) ParOldGen: 341338K(379904K)->353570K(379904K)
[109.391s][info][gc,metaspace   ] GC(334) Metaspace: 18150K(18304K)->18150K(18304K) NonClass: 16321K(16448K)->16321K(16448K) Class: 1828K(1856K)->1828K(1856K)
[109.391s][info][gc             ] GC(334) Pause Young (Allocation Failure) 454M->377M(584M) 57.680ms
[109.391s][info][gc,cpu         ] GC(334) User=0.11s Sys=0.00s Real=0.05s
[109.467s][info][gc,start       ] GC(335) Pause Young (Allocation Failure)
[109.523s][info][gc,heap        ] GC(335) PSYoungGen: 144705K(218624K)->12928K(220672K) Eden: 111616K(111616K)->0K(111616K) From: 33089K(107008K)->12928K(109056K)
[109.523s][info][gc,heap        ] GC(335) ParOldGen: 353570K(379904K)->386688K(387072K)
[109.523s][info][gc,metaspace   ] GC(335) Metaspace: 18150K(18304K)->18150K(18304K) NonClass: 16321K(16448K)->16321K(16448K) Class: 1828K(1856K)->1828K(1856K)
[109.523s][info][gc             ] GC(335) Pause Young (Allocation Failure) 486M->390M(593M) 56.118ms
[109.523s][info][gc,cpu         ] GC(335) User=0.11s Sys=0.01s Real=0.06s
[109.586s][info][gc,start       ] GC(336) Pause Young (Allocation Failure)
[109.622s][info][gc,heap        ] GC(336) PSYoungGen: 124544K(220672K)->8992K(221184K) Eden: 111616K(111616K)->0K(119296K) From: 12928K(109056K)->8992K(101888K)
[109.622s][info][gc,heap        ] GC(336) ParOldGen: 386688K(387072K)->399664K(399872K)
[109.622s][info][gc,metaspace   ] GC(336) Metaspace: 18150K(18304K)->18150K(18304K) NonClass: 16321K(16448K)->16321K(16448K) Class: 1828K(1856K)->1828K(1856K)
[109.622s][info][gc             ] GC(336) Pause Young (Allocation Failure) 499M->399M(606M) 36.120ms
[109.622s][info][gc,cpu         ] GC(336) User=0.06s Sys=0.01s Real=0.04s
[109.712s][info][gc,start       ] GC(337) Pause Young (Allocation Failure)
[109.743s][info][gc,heap        ] GC(337) PSYoungGen: 128288K(221184K)->13888K(222208K) Eden: 119296K(119296K)->0K(119296K) From: 8992K(101888K)->13888K(102912K)
[109.744s][info][gc,heap        ] GC(337) ParOldGen: 399664K(399872K)->408632K(409088K)
[109.744s][info][gc,metaspace   ] GC(337) Metaspace: 18150K(18304K)->18150K(18304K) NonClass: 16321K(16448K)->16321K(16448K) Class: 1828K(1856K)->1828K(1856K)
[109.744s][info][gc             ] GC(337) Pause Young (Allocation Failure) 515M->412M(616M) 31.213ms
[109.744s][info][gc,cpu         ] GC(337) User=0.05s Sys=0.01s Real=0.03s
[109.815s][info][gc,start       ] GC(338) Pause Young (Allocation Failure)
[109.847s][info][gc,heap        ] GC(338) PSYoungGen: 133184K(222208K)->6944K(227840K) Eden: 119296K(119296K)->0K(132096K) From: 13888K(102912K)->6944K(95744K)
[109.847s][info][gc,heap        ] GC(338) ParOldGen: 408632K(409088K)->422560K(422912K)
[109.847s][info][gc,metaspace   ] GC(338) Metaspace: 18155K(18304K)->18155K(18304K) NonClass: 16326K(16448K)->16326K(16448K) Class: 1828K(1856K)->1828K(1856K)
[109.847s][info][gc             ] GC(338) Pause Young (Allocation Failure) 529M->419M(635M) 32.057ms
[109.847s][info][gc,cpu         ] GC(338) User=0.05s Sys=0.01s Real=0.03s
[109.934s][info][gc,start       ] GC(339) Pause Young (Allocation Failure)
[109.949s][info][gc,heap        ] GC(339) PSYoungGen: 139040K(227840K)->1088K(227840K) Eden: 132096K(132096K)->0K(132096K) From: 6944K(95744K)->1088K(95744K)
[109.949s][info][gc,heap        ] GC(339) ParOldGen: 422560K(422912K)->429496K(429568K)
[109.949s][info][gc,metaspace   ] GC(339) Metaspace: 18155K(18304K)->18155K(18304K) NonClass: 16326K(16448K)->16326K(16448K) Class: 1828K(1856K)->1828K(1856K)
[109.949s][info][gc             ] GC(339) Pause Young (Allocation Failure) 548M->420M(642M) 15.582ms
[109.949s][info][gc,cpu         ] GC(339) User=0.03s Sys=0.01s Real=0.01s
[110.051s][info][gc,start       ] GC(340) Pause Young (Allocation Failure)
[110.057s][info][gc,heap        ] GC(340) PSYoungGen: 133184K(227840K)->128K(235008K) Eden: 132096K(132096K)->0K(144384K) From: 1088K(95744K)->128K(90624K)
[110.057s][info][gc,heap        ] GC(340) ParOldGen: 429496K(429568K)->430576K(430592K)
[110.057s][info][gc,metaspace   ] GC(340) Metaspace: 18155K(18304K)->18155K(18304K) NonClass: 16327K(16448K)->16327K(16448K) Class: 1828K(1856K)->1828K(1856K)
[110.057s][info][gc             ] GC(340) Pause Young (Allocation Failure) 549M->420M(650M) 6.758ms
[110.057s][info][gc,cpu         ] GC(340) User=0.01s Sys=0.00s Real=0.01s
[110.181s][info][gc,start       ] GC(341) Pause Young (Allocation Failure)
[110.203s][info][gc,heap        ] GC(341) PSYoungGen: 144512K(235008K)->20640K(235520K) Eden: 144384K(144384K)->0K(144384K) From: 128K(90624K)->20640K(91136K)
[110.203s][info][gc,heap        ] GC(341) ParOldGen: 430576K(430592K)->430680K(431104K)
[110.203s][info][gc,metaspace   ] GC(341) Metaspace: 18160K(18304K)->18160K(18304K) NonClass: 16332K(16448K)->16332K(16448K) Class: 1828K(1856K)->1828K(1856K)
[110.203s][info][gc             ] GC(341) Pause Young (Allocation Failure) 561M->440M(651M) 22.708ms
[110.203s][info][gc,cpu         ] GC(341) User=0.05s Sys=0.00s Real=0.03s
[110.455s][info][gc,start       ] GC(342) Pause Young (Allocation Failure)
[110.503s][info][gc,heap        ] GC(342) PSYoungGen: 165024K(235520K)->15104K(237568K) Eden: 144384K(144384K)->0K(157184K) From: 20640K(91136K)->15104K(80384K)
[110.503s][info][gc,heap        ] GC(342) ParOldGen: 430680K(431104K)->451382K(451584K)
[110.503s][info][gc,metaspace   ] GC(342) Metaspace: 18161K(18304K)->18161K(18304K) NonClass: 16333K(16448K)->16333K(16448K) Class: 1828K(1856K)->1828K(1856K)
[110.503s][info][gc             ] GC(342) Pause Young (Allocation Failure) 581M->455M(673M) 47.391ms
[110.503s][info][gc,cpu         ] GC(342) User=0.07s Sys=0.01s Real=0.05s
[110.905s][info][gc,start       ] GC(343) Pause Young (Allocation Failure)
[110.942s][info][gc,heap        ] GC(343) PSYoungGen: 172288K(237568K)->13568K(236544K) Eden: 157184K(157184K)->0K(157184K) From: 15104K(80384K)->13568K(79360K)
[110.942s][info][gc,heap        ] GC(343) ParOldGen: 451382K(451584K)->466507K(466944K)
[110.942s][info][gc,metaspace   ] GC(343) Metaspace: 18171K(18304K)->18171K(18304K) NonClass: 16343K(16448K)->16343K(16448K) Class: 1828K(1856K)->1828K(1856K)
[110.942s][info][gc             ] GC(343) Pause Young (Allocation Failure) 609M->468M(687M) 36.963ms
[110.942s][info][gc,cpu         ] GC(343) User=0.06s Sys=0.01s Real=0.03s
[111.331s][info][gc,start       ] GC(344) Pause Young (Allocation Failure)
[111.353s][info][gc,heap        ] GC(344) PSYoungGen: 170752K(236544K)->128K(241664K) Eden: 157184K(157184K)->0K(171520K) From: 13568K(79360K)->128K(70144K)
[111.353s][info][gc,heap        ] GC(344) ParOldGen: 466507K(466944K)->480083K(480256K)
[111.353s][info][gc,metaspace   ] GC(344) Metaspace: 18181K(18304K)->18181K(18304K) NonClass: 16353K(16448K)->16353K(16448K) Class: 1828K(1856K)->1828K(1856K)
[111.353s][info][gc             ] GC(344) Pause Young (Allocation Failure) 622M->468M(705M) 22.396ms
[111.353s][info][gc,cpu         ] GC(344) User=0.04s Sys=0.01s Real=0.03s
[111.737s][info][gc,start       ] GC(345) Pause Young (Allocation Failure)
[111.739s][info][gc,heap        ] GC(345) PSYoungGen: 171648K(241664K)->128K(244736K) Eden: 171520K(171520K)->0K(171520K) From: 128K(70144K)->128K(73216K)
[111.739s][info][gc,heap        ] GC(345) ParOldGen: 480083K(480256K)->480083K(480256K)
[111.739s][info][gc,metaspace   ] GC(345) Metaspace: 18181K(18304K)->18181K(18304K) NonClass: 16353K(16448K)->16353K(16448K) Class: 1828K(1856K)->1828K(1856K)
[111.740s][info][gc             ] GC(345) Pause Young (Allocation Failure) 636M->468M(708M) 2.219ms
[111.740s][info][gc,cpu         ] GC(345) User=0.00s Sys=0.00s Real=0.00s
[112.096s][info][gc,start       ] GC(346) Pause Young (Allocation Failure)
[112.107s][info][gc,heap        ] GC(346) PSYoungGen: 171648K(244736K)->160K(247808K) Eden: 171520K(171520K)->0K(182784K) From: 128K(73216K)->160K(65024K)
[112.107s][info][gc,heap        ] GC(346) ParOldGen: 480083K(480256K)->480083K(480256K)
[112.107s][info][gc,metaspace   ] GC(346) Metaspace: 18184K(18304K)->18184K(18304K) NonClass: 16356K(16448K)->16356K(16448K) Class: 1828K(1856K)->1828K(1856K)
[112.107s][info][gc             ] GC(346) Pause Young (Allocation Failure) 636M->468M(711M) 10.740ms
[112.107s][info][gc,cpu         ] GC(346) User=0.02s Sys=0.00s Real=0.01s
[112.420s][info][gc,start       ] GC(347) Pause Young (Allocation Failure)
[112.448s][info][gc,heap        ] GC(347) PSYoungGen: 182944K(247808K)->24518K(251392K) Eden: 182784K(182784K)->0K(182784K) From: 160K(65024K)->24518K(68608K)
[112.448s][info][gc,heap        ] GC(347) ParOldGen: 480083K(480256K)->480083K(480256K)
[112.448s][info][gc,metaspace   ] GC(347) Metaspace: 18187K(18304K)->18187K(18304K) NonClass: 16358K(16448K)->16358K(16448K) Class: 1828K(1856K)->1828K(1856K)
[112.448s][info][gc             ] GC(347) Pause Young (Allocation Failure) 647M->492M(714M) 27.699ms
[112.448s][info][gc,cpu         ] GC(347) User=0.06s Sys=0.00s Real=0.03s
[112.592s][info][gc,start       ] GC(348) Pause Young (Allocation Failure)
[112.671s][info][gc,heap        ] GC(348) PSYoungGen: 207302K(251392K)->66550K(225280K) Eden: 182784K(182784K)->0K(158720K) From: 24518K(68608K)->66550K(66560K)
[112.671s][info][gc,heap        ] GC(348) ParOldGen: 480083K(480256K)->500539K(500736K)
[112.671s][info][gc,metaspace   ] GC(348) Metaspace: 18188K(18304K)->18188K(18304K) NonClass: 16360K(16448K)->16360K(16448K) Class: 1828K(1856K)->1828K(1856K)
[112.672s][info][gc             ] GC(348) Pause Young (Allocation Failure) 671M->553M(709M) 79.249ms
[112.672s][info][gc,cpu         ] GC(348) User=0.13s Sys=0.03s Real=0.07s
[112.812s][info][gc,start       ] GC(349) Pause Young (Allocation Failure)
[112.890s][info][gc,heap        ] GC(349) PSYoungGen: 225270K(225280K)->87542K(246272K) Eden: 158720K(158720K)->0K(158720K) From: 66550K(66560K)->87542K(87552K)
[112.890s][info][gc,heap        ] GC(349) ParOldGen: 500539K(500736K)->506155K(506368K)
[112.890s][info][gc,metaspace   ] GC(349) Metaspace: 18189K(18304K)->18189K(18304K) NonClass: 16361K(16448K)->16361K(16448K) Class: 1828K(1856K)->1828K(1856K)
[112.890s][info][gc             ] GC(349) Pause Young (Allocation Failure) 708M->579M(735M) 78.220ms
[112.890s][info][gc,cpu         ] GC(349) User=0.15s Sys=0.01s Real=0.07s
[112.992s][info][gc,start       ] GC(350) Pause Young (Allocation Failure)
[113.085s][info][gc,heap        ] GC(350) PSYoungGen: 246262K(246272K)->87520K(199168K) Eden: 158720K(158720K)->0K(111616K) From: 87542K(87552K)->87520K(87552K)
[113.085s][info][gc,heap        ] GC(350) ParOldGen: 506155K(506368K)->526605K(526848K)
[113.085s][info][gc,metaspace   ] GC(350) Metaspace: 18189K(18304K)->18189K(18304K) NonClass: 16361K(16448K)->16361K(16448K) Class: 1828K(1856K)->1828K(1856K)
[113.085s][info][gc             ] GC(350) Pause Young (Allocation Failure) 734M->599M(709M) 92.856ms
[113.085s][info][gc,cpu         ] GC(350) User=0.17s Sys=0.01s Real=0.09s
[113.166s][info][gc,start       ] GC(351) Pause Young (Allocation Failure)
[113.287s][info][gc,heap        ] GC(351) PSYoungGen: 199136K(199168K)->34444K(222720K) Eden: 111616K(111616K)->0K(111616K) From: 87520K(87552K)->34444K(111104K)
[113.287s][info][gc,heap        ] GC(351) ParOldGen: 526605K(526848K)->594652K(594944K)
[113.287s][info][gc,metaspace   ] GC(351) Metaspace: 18191K(18304K)->18191K(18304K) NonClass: 16363K(16448K)->16363K(16448K) Class: 1828K(1856K)->1828K(1856K)
[113.287s][info][gc             ] GC(351) Pause Young (Allocation Failure) 708M->614M(798M) 120.271ms
[113.287s][info][gc,cpu         ] GC(351) User=0.18s Sys=0.05s Real=0.12s
[113.361s][info][gc,start       ] GC(352) Pause Young (Allocation Failure)
[113.424s][info][gc,heap        ] GC(352) PSYoungGen: 146060K(222720K)->5856K(222720K) Eden: 111616K(111616K)->0K(111616K) From: 34444K(111104K)->5856K(111104K)
[113.424s][info][gc,heap        ] GC(352) ParOldGen: 594652K(594944K)->629296K(629760K)
[113.424s][info][gc,metaspace   ] GC(352) Metaspace: 18191K(18304K)->18191K(18304K) NonClass: 16363K(16448K)->16363K(16448K) Class: 1828K(1856K)->1828K(1856K)
[113.424s][info][gc             ] GC(352) Pause Young (Allocation Failure) 723M->620M(832M) 63.500ms
[113.424s][info][gc,cpu         ] GC(352) User=0.11s Sys=0.02s Real=0.07s
[113.522s][info][gc,start       ] GC(353) Pause Full (Allocation Failure)
[113.522s][info][gc,phases,start] GC(353) Marking Phase
[113.766s][info][gc,phases      ] GC(353) Marking Phase 244.468ms
[113.766s][info][gc,phases,start] GC(353) Summary Phase
[113.766s][info][gc,phases      ] GC(353) Summary Phase 0.030ms
[113.766s][info][gc,phases,start] GC(353) Forward
[113.841s][info][gc,phases      ] GC(353) Forward 74.259ms
[113.841s][info][gc,phases,start] GC(353) Adjust Pointers
[114.033s][info][gc,phases      ] GC(353) Adjust Pointers 192.064ms
[114.033s][info][gc,phases,start] GC(353) Compaction Phase
[114.136s][info][gc,phases      ] GC(353) Compaction Phase 103.301ms
[114.144s][info][gc,phases,start] GC(353) Post Compact
[114.147s][info][gc,phases      ] GC(353) Post Compact 2.196ms
[114.147s][info][gc,heap        ] GC(353) PSYoungGen: 117472K(222720K)->0K(222720K) Eden: 111616K(111616K)->0K(111616K) From: 5856K(111104K)->0K(111104K)
[114.147s][info][gc,heap        ] GC(353) ParOldGen: 629296K(629760K)->364673K(637440K)
[114.147s][info][gc,metaspace   ] GC(353) Metaspace: 18191K(18304K)->18191K(18304K) NonClass: 16363K(16448K)->16363K(16448K) Class: 1828K(1856K)->1828K(1856K)
[114.147s][info][gc             ] GC(353) Pause Full (Allocation Failure) 729M->356M(840M) 625.212ms
[114.147s][info][gc,cpu         ] GC(353) User=1.18s Sys=0.00s Real=0.63s
[114.228s][info][gc,start       ] GC(354) Pause Young (Allocation Failure)
[114.253s][info][gc,heap        ] GC(354) PSYoungGen: 111616K(222720K)->20320K(222720K) Eden: 111616K(111616K)->0K(111616K) From: 0K(111104K)->20320K(111104K)
[114.253s][info][gc,heap        ] GC(354) ParOldGen: 364673K(637440K)->364673K(637440K)
[114.253s][info][gc,metaspace   ] GC(354) Metaspace: 18191K(18304K)->18191K(18304K) NonClass: 16363K(16448K)->16363K(16448K) Class: 1828K(1856K)->1828K(1856K)
[114.253s][info][gc             ] GC(354) Pause Young (Allocation Failure) 465M->375M(840M) 24.578ms
[114.253s][info][gc,cpu         ] GC(354) User=0.05s Sys=0.00s Real=0.03s
[114.319s][info][gc,start       ] GC(355) Pause Young (Allocation Failure)
[114.352s][info][gc,heap        ] GC(355) PSYoungGen: 131936K(222720K)->11136K(122880K) Eden: 111616K(111616K)->0K(111616K) From: 20320K(111104K)->11136K(11264K)
[114.352s][info][gc,heap        ] GC(355) ParOldGen: 364673K(637440K)->385041K(637440K)
[114.352s][info][gc,metaspace   ] GC(355) Metaspace: 18191K(18304K)->18191K(18304K) NonClass: 16363K(16448K)->16363K(16448K) Class: 1828K(1856K)->1828K(1856K)
[114.352s][info][gc             ] GC(355) Pause Young (Allocation Failure) 484M->386M(742M) 33.388ms
[114.352s][info][gc,cpu         ] GC(355) User=0.06s Sys=0.00s Real=0.04s
[114.421s][info][gc,start       ] GC(356) Pause Young (Allocation Failure)
[114.441s][info][gc,heap        ] GC(356) PSYoungGen: 122752K(122880K)->5248K(221696K) Eden: 111616K(111616K)->0K(114688K) From: 11136K(11264K)->5248K(107008K)
[114.441s][info][gc,heap        ] GC(356) ParOldGen: 385041K(637440K)->396185K(637440K)
[114.441s][info][gc,metaspace   ] GC(356) Metaspace: 18206K(18304K)->18206K(18304K) NonClass: 16377K(16448K)->16377K(16448K) Class: 1828K(1856K)->1828K(1856K)
[114.441s][info][gc             ] GC(356) Pause Young (Allocation Failure) 495M->392M(839M) 19.961ms
[114.441s][info][gc,cpu         ] GC(356) User=0.04s Sys=0.00s Real=0.02s
[114.504s][info][gc,start       ] GC(357) Pause Young (Allocation Failure)
[114.516s][info][gc,heap        ] GC(357) PSYoungGen: 119936K(221696K)->4576K(218624K) Eden: 114688K(114688K)->0K(114688K) From: 5248K(107008K)->4576K(103936K)
[114.516s][info][gc,heap        ] GC(357) ParOldGen: 396185K(637440K)->401401K(637440K)
[114.516s][info][gc,metaspace   ] GC(357) Metaspace: 18206K(18304K)->18206K(18304K) NonClass: 16377K(16448K)->16377K(16448K) Class: 1828K(1856K)->1828K(1856K)
[114.516s][info][gc             ] GC(357) Pause Young (Allocation Failure) 504M->396M(836M) 11.968ms
[114.516s][info][gc,cpu         ] GC(357) User=0.02s Sys=0.00s Real=0.01s
[114.619s][info][gc,start       ] GC(358) Pause Young (Allocation Failure)
[114.633s][info][gc,heap        ] GC(358) PSYoungGen: 119264K(218624K)->4928K(224768K) Eden: 114688K(114688K)->0K(126464K) From: 4576K(103936K)->4928K(98304K)
[114.633s][info][gc,heap        ] GC(358) ParOldGen: 401401K(637440K)->405969K(637440K)
[114.633s][info][gc,metaspace   ] GC(358) Metaspace: 18206K(18304K)->18206K(18304K) NonClass: 16377K(16448K)->16377K(16448K) Class: 1828K(1856K)->1828K(1856K)
[114.633s][info][gc             ] GC(358) Pause Young (Allocation Failure) 508M->401M(842M) 14.404ms
[114.633s][info][gc,cpu         ] GC(358) User=0.02s Sys=0.00s Real=0.02s
[114.756s][info][gc,start       ] GC(359) Pause Young (Allocation Failure)
[114.770s][info][gc,heap        ] GC(359) PSYoungGen: 131392K(224768K)->3584K(223232K) Eden: 126464K(126464K)->0K(126464K) From: 4928K(98304K)->3584K(96768K)
[114.770s][info][gc,heap        ] GC(359) ParOldGen: 405969K(637440K)->410881K(637440K)
[114.770s][info][gc,metaspace   ] GC(359) Metaspace: 18210K(18304K)->18210K(18304K) NonClass: 16381K(16448K)->16381K(16448K) Class: 1828K(1856K)->1828K(1856K)
[114.770s][info][gc             ] GC(359) Pause Young (Allocation Failure) 524M->404M(840M) 13.482ms
[114.770s][info][gc,cpu         ] GC(359) User=0.02s Sys=0.00s Real=0.01s
[114.930s][info][gc,start       ] GC(360) Pause Young (Allocation Failure)
[114.944s][info][gc,heap        ] GC(360) PSYoungGen: 130048K(223232K)->7968K(223232K) Eden: 126464K(126464K)->0K(139264K) From: 3584K(96768K)->7968K(83968K)
[114.944s][info][gc,heap        ] GC(360) ParOldGen: 410881K(637440K)->414449K(637440K)
[114.944s][info][gc,metaspace   ] GC(360) Metaspace: 18214K(18304K)->18214K(18304K) NonClass: 16385K(16448K)->16385K(16448K) Class: 1828K(1856K)->1828K(1856K)
[114.944s][info][gc             ] GC(360) Pause Young (Allocation Failure) 528M->412M(840M) 13.993ms
[114.944s][info][gc,cpu         ] GC(360) User=0.03s Sys=0.01s Real=0.02s
[115.078s][info][gc,start       ] GC(361) Pause Young (Allocation Failure)
[115.109s][info][gc,heap        ] GC(361) PSYoungGen: 147232K(223232K)->19648K(227328K) Eden: 139264K(139264K)->0K(139264K) From: 7968K(83968K)->19648K(88064K)
[115.109s][info][gc,heap        ] GC(361) ParOldGen: 414449K(637440K)->422449K(637440K)
[115.109s][info][gc,metaspace   ] GC(361) Metaspace: 18214K(18304K)->18214K(18304K) NonClass: 16385K(16448K)->16385K(16448K) Class: 1828K(1856K)->1828K(1856K)
[115.109s][info][gc             ] GC(361) Pause Young (Allocation Failure) 548M->431M(844M) 31.733ms
[115.109s][info][gc,cpu         ] GC(361) User=0.07s Sys=0.00s Real=0.03s
[115.263s][info][gc,start       ] GC(362) Pause Young (Allocation Failure)
[115.300s][info][gc,heap        ] GC(362) PSYoungGen: 158912K(227328K)->17200K(224256K) Eden: 139264K(139264K)->0K(154112K) From: 19648K(88064K)->17200K(70144K)
[115.301s][info][gc,heap        ] GC(362) ParOldGen: 422449K(637440K)->442119K(637440K)
[115.301s][info][gc,metaspace   ] GC(362) Metaspace: 18214K(18304K)->18214K(18304K) NonClass: 16385K(16448K)->16385K(16448K) Class: 1828K(1856K)->1828K(1856K)
[115.301s][info][gc             ] GC(362) Pause Young (Allocation Failure) 567M->448M(841M) 37.738ms
[115.301s][info][gc,cpu         ] GC(362) User=0.07s Sys=0.00s Real=0.03s
[115.491s][info][gc,start       ] GC(363) Pause Young (Allocation Failure)
[115.533s][info][gc,heap        ] GC(363) PSYoungGen: 171312K(224256K)->36704K(229888K) Eden: 154112K(154112K)->0K(154112K) From: 17200K(70144K)->36704K(75776K)
[115.533s][info][gc,heap        ] GC(363) ParOldGen: 442119K(637440K)->459404K(637440K)
[115.533s][info][gc,metaspace   ] GC(363) Metaspace: 18217K(18304K)->18217K(18304K) NonClass: 16389K(16448K)->16389K(16448K) Class: 1828K(1856K)->1828K(1856K)
[115.533s][info][gc             ] GC(363) Pause Young (Allocation Failure) 599M->484M(847M) 42.396ms
[115.533s][info][gc,cpu         ] GC(363) User=0.08s Sys=0.00s Real=0.05s
[115.731s][info][gc,start       ] GC(364) Pause Young (Allocation Failure)
[115.786s][info][gc,heap        ] GC(364) PSYoungGen: 190816K(229888K)->44544K(243712K) Eden: 154112K(154112K)->0K(167424K) From: 36704K(75776K)->44544K(76288K)
[115.786s][info][gc,heap        ] GC(364) ParOldGen: 459404K(637440K)->496468K(637440K)
[115.786s][info][gc,metaspace   ] GC(364) Metaspace: 18217K(18304K)->18217K(18304K) NonClass: 16389K(16448K)->16389K(16448K) Class: 1828K(1856K)->1828K(1856K)
[115.786s][info][gc             ] GC(364) Pause Young (Allocation Failure) 634M->528M(860M) 54.779ms
[115.786s][info][gc,cpu         ] GC(364) User=0.10s Sys=0.00s Real=0.06s
[116.048s][info][gc,start       ] GC(365) Pause Young (Allocation Failure)
[116.114s][info][gc,heap        ] GC(365) PSYoungGen: 211968K(243712K)->22527K(246784K) Eden: 167424K(167424K)->0K(167424K) From: 44544K(76288K)->22527K(79360K)
[116.115s][info][gc,heap        ] GC(365) ParOldGen: 496468K(637440K)->541552K(637440K)
[116.115s][info][gc,metaspace   ] GC(365) Metaspace: 18218K(18304K)->18218K(18304K) NonClass: 16389K(16448K)->16389K(16448K) Class: 1828K(1856K)->1828K(1856K)
[116.115s][info][gc             ] GC(365) Pause Young (Allocation Failure) 691M->550M(863M) 66.527ms
[116.115s][info][gc,cpu         ] GC(365) User=0.14s Sys=0.00s Real=0.07s
[116.295s][info][gc,start       ] GC(366) Pause Young (Allocation Failure)
[116.364s][info][gc,heap        ] GC(366) PSYoungGen: 189951K(246784K)->35936K(252928K) Eden: 167424K(167424K)->0K(178688K) From: 22527K(79360K)->35936K(74240K)
[116.364s][info][gc,heap        ] GC(366) ParOldGen: 541552K(637440K)->564111K(637440K)
[116.364s][info][gc,metaspace   ] GC(366) Metaspace: 18218K(18304K)->18218K(18304K) NonClass: 16390K(16448K)->16390K(16448K) Class: 1828K(1856K)->1828K(1856K)
[116.364s][info][gc             ] GC(366) Pause Young (Allocation Failure) 714M->585M(869M) 68.946ms
[116.364s][info][gc,cpu         ] GC(366) User=0.14s Sys=0.00s Real=0.07s
[116.515s][info][gc,start       ] GC(367) Pause Young (Allocation Failure)
[116.558s][info][gc,heap        ] GC(367) PSYoungGen: 214624K(252928K)->6496K(252416K) Eden: 178688K(178688K)->0K(178688K) From: 35936K(74240K)->6496K(73728K)
[116.558s][info][gc,heap        ] GC(367) ParOldGen: 564111K(637440K)->600135K(637440K)
[116.558s][info][gc,metaspace   ] GC(367) Metaspace: 18218K(18304K)->18218K(18304K) NonClass: 16390K(16448K)->16390K(16448K) Class: 1828K(1856K)->1828K(1856K)
[116.558s][info][gc             ] GC(367) Pause Young (Allocation Failure) 760M->592M(869M) 42.760ms
[116.558s][info][gc,cpu         ] GC(367) User=0.09s Sys=0.00s Real=0.04s
[116.741s][info][gc,start       ] GC(368) Pause Young (Allocation Failure)
[116.757s][info][gc,heap        ] GC(368) PSYoungGen: 185184K(252416K)->3040K(258560K) Eden: 178688K(178688K)->0K(187392K) From: 6496K(73728K)->3040K(71168K)
[116.757s][info][gc,heap        ] GC(368) ParOldGen: 600135K(637440K)->606607K(637440K)
[116.757s][info][gc,metaspace   ] GC(368) Metaspace: 18218K(18304K)->18218K(18304K) NonClass: 16390K(16448K)->16390K(16448K) Class: 1828K(1856K)->1828K(1856K)
[116.757s][info][gc             ] GC(368) Pause Young (Allocation Failure) 766M->595M(875M) 16.441ms
[116.757s][info][gc,cpu         ] GC(368) User=0.03s Sys=0.00s Real=0.02s
[116.978s][info][gc,start       ] GC(369) Pause Young (Allocation Failure)
[116.995s][info][gc,heap        ] GC(369) PSYoungGen: 190432K(258560K)->11648K(258048K) Eden: 187392K(187392K)->0K(187392K) From: 3040K(71168K)->11648K(70656K)
[116.995s][info][gc,heap        ] GC(369) ParOldGen: 606607K(637440K)->609631K(637440K)
[116.995s][info][gc,metaspace   ] GC(369) Metaspace: 18218K(18304K)->18218K(18304K) NonClass: 16390K(16448K)->16390K(16448K) Class: 1828K(1856K)->1828K(1856K)
[116.995s][info][gc             ] GC(369) Pause Young (Allocation Failure) 778M->606M(874M) 16.762ms
[116.995s][info][gc,cpu         ] GC(369) User=0.03s Sys=0.00s Real=0.02s
[117.310s][info][gc,start       ] GC(370) Pause Young (Allocation Failure)
[117.351s][info][gc,heap        ] GC(370) PSYoungGen: 199040K(258048K)->18864K(259072K) Eden: 187392K(187392K)->0K(196096K) From: 11648K(70656K)->18864K(62976K)
[117.351s][info][gc,heap        ] GC(370) ParOldGen: 609631K(637440K)->621271K(637440K)
[117.351s][info][gc,metaspace   ] GC(370) Metaspace: 18219K(18304K)->18219K(18304K) NonClass: 16390K(16448K)->16390K(16448K) Class: 1828K(1856K)->1828K(1856K)
[117.351s][info][gc             ] GC(370) Pause Young (Allocation Failure) 789M->625M(875M) 41.678ms
[117.351s][info][gc,cpu         ] GC(370) User=0.08s Sys=0.00s Real=0.04s
[117.697s][info][gc,start       ] GC(371) Pause Full (Allocation Failure)
[117.697s][info][gc,phases,start] GC(371) Marking Phase
[118.008s][info][gc,phases      ] GC(371) Marking Phase 311.589ms
[118.008s][info][gc,phases,start] GC(371) Summary Phase
[118.008s][info][gc,phases      ] GC(371) Summary Phase 0.029ms
[118.008s][info][gc,phases,start] GC(371) Forward
[118.118s][info][gc,phases      ] GC(371) Forward 109.219ms
[118.118s][info][gc,phases,start] GC(371) Adjust Pointers
[118.347s][info][gc,phases      ] GC(371) Adjust Pointers 229.173ms
[118.347s][info][gc,phases,start] GC(371) Compaction Phase
[118.480s][info][gc,phases      ] GC(371) Compaction Phase 133.451ms
[118.487s][info][gc,phases,start] GC(371) Post Compact
[118.489s][info][gc,phases      ] GC(371) Post Compact 2.374ms
[118.490s][info][gc,heap        ] GC(371) PSYoungGen: 214960K(259072K)->0K(259072K) Eden: 196096K(196096K)->0K(196096K) From: 18864K(62976K)->0K(62976K)
[118.490s][info][gc,heap        ] GC(371) ParOldGen: 621271K(637440K)->444248K(667648K)
[118.490s][info][gc,metaspace   ] GC(371) Metaspace: 18219K(18304K)->18219K(18304K) NonClass: 16390K(16448K)->16390K(16448K) Class: 1828K(1856K)->1828K(1856K)
[118.490s][info][gc             ] GC(371) Pause Full (Allocation Failure) 816M->433M(905M) 793.129ms
[118.490s][info][gc,cpu         ] GC(371) User=1.48s Sys=0.00s Real=0.79s
[118.728s][info][gc,start       ] GC(372) Pause Young (Allocation Failure)
[118.770s][info][gc,heap        ] GC(372) PSYoungGen: 196096K(259072K)->46432K(260608K) Eden: 196096K(196096K)->0K(197632K) From: 0K(62976K)->46432K(62976K)
[118.770s][info][gc,heap        ] GC(372) ParOldGen: 444248K(667648K)->444248K(667648K)
[118.770s][info][gc,metaspace   ] GC(372) Metaspace: 18221K(18304K)->18221K(18304K) NonClass: 16392K(16448K)->16392K(16448K) Class: 1828K(1856K)->1828K(1856K)
[118.771s][info][gc             ] GC(372) Pause Young (Allocation Failure) 625M->479M(906M) 42.670ms
[118.771s][info][gc,cpu         ] GC(372) User=0.08s Sys=0.00s Real=0.04s
[119.025s][info][gc,start       ] GC(373) Pause Young (Allocation Failure)
[119.108s][info][gc,heap        ] GC(373) PSYoungGen: 244064K(260608K)->68080K(265728K) Eden: 197632K(197632K)->0K(197632K) From: 46432K(62976K)->68080K(68096K)
[119.108s][info][gc,heap        ] GC(373) ParOldGen: 444248K(667648K)->459504K(667648K)
[119.108s][info][gc,metaspace   ] GC(373) Metaspace: 18221K(18304K)->18221K(18304K) NonClass: 16392K(16448K)->16392K(16448K) Class: 1828K(1856K)->1828K(1856K)
[119.108s][info][gc             ] GC(373) Pause Young (Allocation Failure) 672M->515M(911M) 83.346ms
[119.108s][info][gc,cpu         ] GC(373) User=0.16s Sys=0.00s Real=0.08s
[119.320s][info][gc,start       ] GC(374) Pause Young (Allocation Failure)
[119.420s][info][gc,heap        ] GC(374) PSYoungGen: 265712K(265728K)->47904K(226816K) Eden: 197632K(197632K)->0K(158720K) From: 68080K(68096K)->47904K(68096K)
[119.420s][info][gc,heap        ] GC(374) ParOldGen: 459504K(667648K)->506481K(667648K)
[119.420s][info][gc,metaspace   ] GC(374) Metaspace: 18221K(18304K)->18221K(18304K) NonClass: 16392K(16448K)->16392K(16448K) Class: 1828K(1856K)->1828K(1856K)
[119.420s][info][gc             ] GC(374) Pause Young (Allocation Failure) 708M->541M(873M) 99.588ms
[119.420s][info][gc,cpu         ] GC(374) User=0.20s Sys=0.00s Real=0.10s
[119.551s][info][gc,start       ] GC(375) Pause Young (Allocation Failure)
[119.615s][info][gc,heap        ] GC(375) PSYoungGen: 206624K(226816K)->736K(246272K) Eden: 158720K(158720K)->0K(158720K) From: 47904K(68096K)->736K(87552K)
[119.615s][info][gc,heap        ] GC(375) ParOldGen: 506481K(667648K)->554505K(667648K)
[119.615s][info][gc,metaspace   ] GC(375) Metaspace: 18221K(18304K)->18221K(18304K) NonClass: 16392K(16448K)->16392K(16448K) Class: 1828K(1856K)->1828K(1856K)
[119.615s][info][gc             ] GC(375) Pause Young (Allocation Failure) 696M->542M(892M) 63.785ms
[119.615s][info][gc,cpu         ] GC(375) User=0.12s Sys=0.00s Real=0.07s
[119.777s][info][gc,start       ] GC(376) Pause Young (Allocation Failure)
[119.789s][info][gc,heap        ] GC(376) PSYoungGen: 159456K(246272K)->4384K(241664K) Eden: 158720K(158720K)->0K(159232K) From: 736K(87552K)->4384K(82432K)
[119.789s][info][gc,heap        ] GC(376) ParOldGen: 554505K(667648K)->555217K(667648K)
[119.789s][info][gc,metaspace   ] GC(376) Metaspace: 18221K(18304K)->18221K(18304K) NonClass: 16393K(16448K)->16393K(16448K) Class: 1828K(1856K)->1828K(1856K)
[119.789s][info][gc             ] GC(376) Pause Young (Allocation Failure) 697M->546M(888M) 12.432ms
[119.789s][info][gc,cpu         ] GC(376) User=0.02s Sys=0.00s Real=0.01s
[120.004s][info][gc,start       ] GC(377) Pause Young (Allocation Failure)
[120.021s][info][gc,heap        ] GC(377) PSYoungGen: 163616K(241664K)->10400K(244224K) Eden: 159232K(159232K)->0K(159232K) From: 4384K(82432K)->10400K(84992K)
[120.021s][info][gc,heap        ] GC(377) ParOldGen: 555217K(667648K)->559561K(667648K)
[120.021s][info][gc,metaspace   ] GC(377) Metaspace: 18221K(18304K)->18221K(18304K) NonClass: 16393K(16448K)->16393K(16448K) Class: 1828K(1856K)->1828K(1856K)
[120.021s][info][gc             ] GC(377) Pause Young (Allocation Failure) 701M->556M(890M) 17.064ms
[120.021s][info][gc,cpu         ] GC(377) User=0.03s Sys=0.00s Real=0.01s
[120.277s][info][gc,start       ] GC(378) Pause Young (Allocation Failure)
[120.309s][info][gc,heap        ] GC(378) PSYoungGen: 169632K(244224K)->18272K(240640K) Eden: 159232K(159232K)->0K(167424K) From: 10400K(84992K)->18272K(73216K)
[120.309s][info][gc,heap        ] GC(378) ParOldGen: 559561K(667648K)->569969K(667648K)
[120.309s][info][gc,metaspace   ] GC(378) Metaspace: 18221K(18304K)->18221K(18304K) NonClass: 16393K(16448K)->16393K(16448K) Class: 1828K(1856K)->1828K(1856K)
[120.309s][info][gc             ] GC(378) Pause Young (Allocation Failure) 712M->574M(887M) 31.410ms
[120.309s][info][gc,cpu         ] GC(378) User=0.06s Sys=0.00s Real=0.03s
[120.750s][info][gc,start       ] GC(379) Pause Young (Allocation Failure)
[120.769s][info][gc,heap        ] GC(379) PSYoungGen: 185696K(240640K)->18304K(244224K) Eden: 167424K(167424K)->0K(167424K) From: 18272K(73216K)->18304K(76800K)
[120.769s][info][gc,heap        ] GC(379) ParOldGen: 569969K(667648K)->569969K(667648K)
[120.769s][info][gc,metaspace   ] GC(379) Metaspace: 18222K(18304K)->18222K(18304K) NonClass: 16393K(16448K)->16393K(16448K) Class: 1828K(1856K)->1828K(1856K)
[120.769s][info][gc             ] GC(379) Pause Young (Allocation Failure) 737M->574M(890M) 19.133ms
[120.769s][info][gc,cpu         ] GC(379) User=0.03s Sys=0.00s Real=0.02s
[121.188s][info][gc,start       ] GC(380) Pause Young (Allocation Failure)
[121.216s][info][gc,heap        ] GC(380) PSYoungGen: 185728K(244224K)->18368K(243712K) Eden: 167424K(167424K)->0K(180736K) From: 18304K(76800K)->18368K(62976K)
[121.216s][info][gc,heap        ] GC(380) ParOldGen: 569969K(667648K)->569969K(667648K)
[121.216s][info][gc,metaspace   ] GC(380) Metaspace: 18222K(18304K)->18222K(18304K) NonClass: 16393K(16448K)->16393K(16448K) Class: 1828K(1856K)->1828K(1856K)
[121.216s][info][gc             ] GC(380) Pause Young (Allocation Failure) 737M->574M(890M) 28.553ms
[121.216s][info][gc,cpu         ] GC(380) User=0.05s Sys=0.00s Real=0.03s
[121.460s][info][gc,start       ] GC(381) Pause Young (Allocation Failure)
[121.505s][info][gc,heap        ] GC(381) PSYoungGen: 199104K(243712K)->56048K(248832K) Eden: 180736K(180736K)->0K(180736K) From: 18368K(62976K)->56048K(68096K)
[121.505s][info][gc,heap        ] GC(381) ParOldGen: 569969K(667648K)->569969K(667648K)
[121.505s][info][gc,metaspace   ] GC(381) Metaspace: 18225K(18368K)->18225K(18368K) NonClass: 16397K(16512K)->16397K(16512K) Class: 1828K(1856K)->1828K(1856K)
[121.505s][info][gc             ] GC(381) Pause Young (Allocation Failure) 751M->611M(895M) 45.581ms
[121.505s][info][gc,cpu         ] GC(381) User=0.09s Sys=0.00s Real=0.05s
[121.785s][info][gc,start       ] GC(382) Pause Young (Allocation Failure)
[121.864s][info][gc,heap        ] GC(382) PSYoungGen: 236784K(248832K)->76272K(214528K) Eden: 180736K(180736K)->0K(138240K) From: 56048K(68096K)->76272K(76288K)
[121.864s][info][gc,heap        ] GC(382) ParOldGen: 569969K(667648K)->591233K(667648K)
[121.864s][info][gc,metaspace   ] GC(382) Metaspace: 18225K(18368K)->18225K(18368K) NonClass: 16397K(16512K)->16397K(16512K) Class: 1828K(1856K)->1828K(1856K)
[121.864s][info][gc             ] GC(382) Pause Young (Allocation Failure) 787M->651M(861M) 78.991ms
[121.864s][info][gc,cpu         ] GC(382) User=0.15s Sys=0.01s Real=0.08s
[122.056s][info][gc,start       ] GC(383) Pause Young (Allocation Failure)
[122.150s][info][gc,heap        ] GC(383) PSYoungGen: 214512K(214528K)->79168K(217600K) Eden: 138240K(138240K)->0K(138240K) From: 76272K(76288K)->79168K(79360K)
[122.150s][info][gc,heap        ] GC(383) ParOldGen: 591233K(667648K)->609585K(667648K)
[122.150s][info][gc,metaspace   ] GC(383) Metaspace: 18225K(18368K)->18225K(18368K) NonClass: 16397K(16512K)->16397K(16512K) Class: 1828K(1856K)->1828K(1856K)
[122.150s][info][gc             ] GC(383) Pause Young (Allocation Failure) 786M->672M(864M) 94.260ms
[122.150s][info][gc,cpu         ] GC(383) User=0.18s Sys=0.00s Real=0.09s
[122.297s][info][gc,start       ] GC(384) Pause Young (Allocation Failure)
[122.401s][info][gc,heap        ] GC(384) PSYoungGen: 217408K(217600K)->81200K(220160K) Eden: 138240K(138240K)->0K(111616K) From: 79168K(79360K)->81200K(108544K)
[122.401s][info][gc,heap        ] GC(384) ParOldGen: 609585K(667648K)->634857K(667648K)
[122.401s][info][gc,metaspace   ] GC(384) Metaspace: 18225K(18368K)->18225K(18368K) NonClass: 16397K(16512K)->16397K(16512K) Class: 1828K(1856K)->1828K(1856K)
[122.401s][info][gc             ] GC(384) Pause Young (Allocation Failure) 807M->699M(867M) 103.876ms
[122.401s][info][gc,cpu         ] GC(384) User=0.21s Sys=0.00s Real=0.10s
[122.528s][info][gc,start       ] GC(385) Pause Full (Allocation Failure)
[122.528s][info][gc,phases,start] GC(385) Marking Phase
[123.012s][info][gc,phases      ] GC(385) Marking Phase 483.815ms
[123.012s][info][gc,phases,start] GC(385) Summary Phase
[123.012s][info][gc,phases      ] GC(385) Summary Phase 0.027ms
[123.012s][info][gc,phases,start] GC(385) Forward
[123.142s][info][gc,phases      ] GC(385) Forward 130.370ms
[123.142s][info][gc,phases,start] GC(385) Adjust Pointers
[123.526s][info][gc,phases      ] GC(385) Adjust Pointers 383.963ms
[123.526s][info][gc,phases,start] GC(385) Compaction Phase
[123.748s][info][gc,phases      ] GC(385) Compaction Phase 221.408ms
[123.762s][info][gc,phases,start] GC(385) Post Compact
[123.764s][info][gc,phases      ] GC(385) Post Compact 2.357ms
[123.764s][info][gc,heap        ] GC(385) PSYoungGen: 192816K(220160K)->8983K(220160K) Eden: 111616K(111616K)->0K(111616K) From: 81200K(108544K)->8983K(108544K)
[123.764s][info][gc,heap        ] GC(385) ParOldGen: 634857K(667648K)->667437K(667648K)
[123.764s][info][gc,metaspace   ] GC(385) Metaspace: 18225K(18368K)->18225K(18368K) NonClass: 16397K(16512K)->16397K(16512K) Class: 1828K(1856K)->1828K(1856K)
[123.764s][info][gc             ] GC(385) Pause Full (Allocation Failure) 808M->660M(867M) 1236.244ms
[123.764s][info][gc,cpu         ] GC(385) User=2.39s Sys=0.02s Real=1.24s
[123.843s][info][gc,start       ] GC(386) Pause Full (Allocation Failure)
[123.843s][info][gc,phases,start] GC(386) Marking Phase
[124.324s][info][gc,phases      ] GC(386) Marking Phase 481.261ms
[124.324s][info][gc,phases,start] GC(386) Summary Phase
[124.324s][info][gc,phases      ] GC(386) Summary Phase 0.023ms
[124.324s][info][gc,phases,start] GC(386) Forward
[124.341s][info][gc,phases      ] GC(386) Forward 16.369ms
[124.341s][info][gc,phases,start] GC(386) Adjust Pointers
[124.677s][info][gc,phases      ] GC(386) Adjust Pointers 335.641ms
[124.677s][info][gc,phases,start] GC(386) Compaction Phase
[124.811s][info][gc,phases      ] GC(386) Compaction Phase 134.518ms
[124.813s][info][gc,phases,start] GC(386) Post Compact
[124.815s][info][gc,phases      ] GC(386) Post Compact 2.264ms
[124.815s][info][gc,heap        ] GC(386) PSYoungGen: 120599K(220160K)->8983K(220160K) Eden: 111616K(111616K)->0K(111616K) From: 8983K(108544K)->8983K(108544K)
[124.816s][info][gc,heap        ] GC(386) ParOldGen: 667437K(667648K)->667643K(667648K)
[124.816s][info][gc,metaspace   ] GC(386) Metaspace: 18225K(18368K)->18225K(18368K) NonClass: 16397K(16512K)->16397K(16512K) Class: 1828K(1856K)->1828K(1856K)
[124.816s][info][gc             ] GC(386) Pause Full (Allocation Failure) 769M->660M(867M) 972.502ms
[124.816s][info][gc,cpu         ] GC(386) User=1.91s Sys=0.00s Real=0.97s
[124.934s][info][gc,start       ] GC(387) Pause Full (Allocation Failure)
[124.934s][info][gc,phases,start] GC(387) Marking Phase
[125.418s][info][gc,phases      ] GC(387) Marking Phase 483.959ms
[125.418s][info][gc,phases,start] GC(387) Summary Phase
[125.418s][info][gc,phases      ] GC(387) Summary Phase 0.023ms
[125.418s][info][gc,phases,start] GC(387) Forward
[125.421s][info][gc,phases      ] GC(387) Forward 2.585ms
[125.421s][info][gc,phases,start] GC(387) Adjust Pointers
[125.755s][info][gc,phases      ] GC(387) Adjust Pointers 333.812ms
[125.755s][info][gc,phases,start] GC(387) Compaction Phase
[125.886s][info][gc,phases      ] GC(387) Compaction Phase 131.416ms
[125.886s][info][gc,phases,start] GC(387) Post Compact
[125.888s][info][gc,phases      ] GC(387) Post Compact 2.242ms
[125.888s][info][gc,heap        ] GC(387) PSYoungGen: 120599K(220160K)->9656K(222720K) Eden: 111616K(111616K)->9656K(111616K) From: 8983K(108544K)->0K(111104K)
[125.888s][info][gc,heap        ] GC(387) ParOldGen: 667643K(667648K)->667642K(667648K)
[125.888s][info][gc,metaspace   ] GC(387) Metaspace: 18225K(18368K)->18225K(18368K) NonClass: 16397K(16512K)->16397K(16512K) Class: 1828K(1856K)->1828K(1856K)
[125.889s][info][gc             ] GC(387) Pause Full (Allocation Failure) 769M->661M(869M) 954.469ms
[125.889s][info][gc,cpu         ] GC(387) User=1.87s Sys=0.00s Real=0.95s
[125.995s][info][gc,start       ] GC(388) Pause Full (Allocation Failure)
[125.995s][info][gc,phases,start] GC(388) Marking Phase
[126.487s][info][gc,phases      ] GC(388) Marking Phase 492.473ms
[126.487s][info][gc,phases,start] GC(388) Summary Phase
[126.487s][info][gc,phases      ] GC(388) Summary Phase 0.023ms
[126.487s][info][gc,phases,start] GC(388) Forward
[126.497s][info][gc,phases      ] GC(388) Forward 9.274ms
[126.497s][info][gc,phases,start] GC(388) Adjust Pointers
[126.834s][info][gc,phases      ] GC(388) Adjust Pointers 337.364ms
[126.834s][info][gc,phases,start] GC(388) Compaction Phase
[126.968s][info][gc,phases      ] GC(388) Compaction Phase 133.545ms
[126.968s][info][gc,phases,start] GC(388) Post Compact
[126.970s][info][gc,phases      ] GC(388) Post Compact 2.232ms
[126.970s][info][gc,heap        ] GC(388) PSYoungGen: 111616K(222720K)->13825K(220160K) Eden: 111616K(111616K)->13825K(111616K) From: 0K(111104K)->0K(108544K)
[126.970s][info][gc,heap        ] GC(388) ParOldGen: 667642K(667648K)->667642K(667648K)
[126.970s][info][gc,metaspace   ] GC(388) Metaspace: 18225K(18368K)->18225K(18368K) NonClass: 16397K(16512K)->16397K(16512K) Class: 1828K(1856K)->1828K(1856K)
[126.970s][info][gc             ] GC(388) Pause Full (Allocation Failure) 760M->665M(867M) 975.358ms
[126.970s][info][gc,cpu         ] GC(388) User=1.91s Sys=0.00s Real=0.97s
[127.097s][info][gc,start       ] GC(389) Pause Full (Allocation Failure)
[127.097s][info][gc,phases,start] GC(389) Marking Phase
[127.590s][info][gc,phases      ] GC(389) Marking Phase 493.167ms
[127.590s][info][gc,phases,start] GC(389) Summary Phase
[127.590s][info][gc,phases      ] GC(389) Summary Phase 0.022ms
[127.590s][info][gc,phases,start] GC(389) Forward
[127.596s][info][gc,phases      ] GC(389) Forward 6.248ms
[127.596s][info][gc,phases,start] GC(389) Adjust Pointers
[127.934s][info][gc,phases      ] GC(389) Adjust Pointers 337.793ms
[127.934s][info][gc,phases,start] GC(389) Compaction Phase
[128.067s][info][gc,phases      ] GC(389) Compaction Phase 132.976ms
[128.067s][info][gc,phases,start] GC(389) Post Compact
[128.070s][info][gc,phases      ] GC(389) Post Compact 2.230ms
[128.070s][info][gc,heap        ] GC(389) PSYoungGen: 111616K(220160K)->21014K(222720K) Eden: 111616K(111616K)->21014K(111616K) From: 0K(108544K)->0K(111104K)
[128.070s][info][gc,heap        ] GC(389) ParOldGen: 667642K(667648K)->667642K(667648K)
[128.070s][info][gc,metaspace   ] GC(389) Metaspace: 18225K(18368K)->18225K(18368K) NonClass: 16397K(16512K)->16397K(16512K) Class: 1828K(1856K)->1828K(1856K)
[128.070s][info][gc             ] GC(389) Pause Full (Allocation Failure) 760M->672M(869M) 972.861ms
[128.070s][info][gc,cpu         ] GC(389) User=1.91s Sys=0.01s Real=0.97s
[128.232s][info][gc,start       ] GC(390) Pause Full (Allocation Failure)
[128.232s][info][gc,phases,start] GC(390) Marking Phase
[128.731s][info][gc,phases      ] GC(390) Marking Phase 499.148ms
[128.731s][info][gc,phases,start] GC(390) Summary Phase
[128.731s][info][gc,phases      ] GC(390) Summary Phase 0.035ms
[128.731s][info][gc,phases,start] GC(390) Forward
[128.757s][info][gc,phases      ] GC(390) Forward 25.398ms
[128.757s][info][gc,phases,start] GC(390) Adjust Pointers
[129.106s][info][gc,phases      ] GC(390) Adjust Pointers 349.015ms
[129.106s][info][gc,phases,start] GC(390) Compaction Phase
[129.246s][info][gc,phases      ] GC(390) Compaction Phase 140.033ms
[129.248s][info][gc,phases,start] GC(390) Post Compact
[129.251s][info][gc,phases      ] GC(390) Post Compact 3.384ms
[129.251s][info][gc,heap        ] GC(390) PSYoungGen: 111616K(222720K)->26620K(220160K) Eden: 111616K(111616K)->26620K(111616K) From: 0K(111104K)->0K(108544K)
[129.251s][info][gc,heap        ] GC(390) ParOldGen: 667642K(667648K)->667642K(667648K)
[129.251s][info][gc,metaspace   ] GC(390) Metaspace: 18225K(18368K)->18225K(18368K) NonClass: 16397K(16512K)->16397K(16512K) Class: 1828K(1856K)->1828K(1856K)
[129.251s][info][gc             ] GC(390) Pause Full (Allocation Failure) 760M->677M(867M) 1019.090ms
[129.251s][info][gc,cpu         ] GC(390) User=1.99s Sys=0.00s Real=1.01s
[129.353s][info][gc,start       ] GC(391) Pause Full (Allocation Failure)
[129.353s][info][gc,phases,start] GC(391) Marking Phase
[129.865s][info][gc,phases      ] GC(391) Marking Phase 511.944ms
[129.865s][info][gc,phases,start] GC(391) Summary Phase
[129.865s][info][gc,phases      ] GC(391) Summary Phase 0.024ms
[129.865s][info][gc,phases,start] GC(391) Forward
[129.880s][info][gc,phases      ] GC(391) Forward 14.562ms
[129.880s][info][gc,phases,start] GC(391) Adjust Pointers
[130.249s][info][gc,phases      ] GC(391) Adjust Pointers 369.687ms
[130.250s][info][gc,phases,start] GC(391) Compaction Phase
[130.388s][info][gc,phases      ] GC(391) Compaction Phase 138.846ms
[130.388s][info][gc,phases,start] GC(391) Post Compact
[130.391s][info][gc,phases      ] GC(391) Post Compact 2.216ms
[130.391s][info][gc,heap        ] GC(391) PSYoungGen: 111616K(220160K)->42409K(222720K) Eden: 111616K(111616K)->42409K(111616K) From: 0K(108544K)->0K(111104K)
[130.391s][info][gc,heap        ] GC(391) ParOldGen: 667642K(667648K)->667642K(667648K)
[130.391s][info][gc,metaspace   ] GC(391) Metaspace: 18225K(18368K)->18225K(18368K) NonClass: 16397K(16512K)->16397K(16512K) Class: 1828K(1856K)->1828K(1856K)
[130.391s][info][gc             ] GC(391) Pause Full (Allocation Failure) 760M->693M(869M) 1037.685ms
[130.391s][info][gc,cpu         ] GC(391) User=2.02s Sys=0.00s Real=1.03s
[130.614s][info][gc,start       ] GC(392) Pause Full (Allocation Failure)
[130.614s][info][gc,phases,start] GC(392) Marking Phase
[131.012s][info][gc,phases      ] GC(392) Marking Phase 397.834ms
[131.012s][info][gc,phases,start] GC(392) Summary Phase
[131.012s][info][gc,phases      ] GC(392) Summary Phase 0.027ms
[131.012s][info][gc,phases,start] GC(392) Forward
[131.120s][info][gc,phases      ] GC(392) Forward 107.958ms
[131.120s][info][gc,phases,start] GC(392) Adjust Pointers
[131.424s][info][gc,phases      ] GC(392) Adjust Pointers 304.199ms
[131.424s][info][gc,phases,start] GC(392) Compaction Phase
[131.623s][info][gc,phases      ] GC(392) Compaction Phase 198.511ms
[131.633s][info][gc,phases,start] GC(392) Post Compact
[131.635s][info][gc,phases      ] GC(392) Post Compact 2.269ms
[131.635s][info][gc,heap        ] GC(392) PSYoungGen: 111616K(222720K)->0K(220160K) Eden: 111616K(111616K)->0K(111616K) From: 0K(111104K)->0K(108544K)
[131.635s][info][gc,heap        ] GC(392) ParOldGen: 667642K(667648K)->578106K(667648K)
[131.635s][info][gc,metaspace   ] GC(392) Metaspace: 18225K(18368K)->18225K(18368K) NonClass: 16397K(16512K)->16397K(16512K) Class: 1828K(1856K)->1828K(1856K)
[131.635s][info][gc             ] GC(392) Pause Full (Allocation Failure) 760M->564M(867M) 1021.678ms
[131.635s][info][gc,cpu         ] GC(392) User=1.97s Sys=0.00s Real=1.02s
[131.859s][info][gc,start       ] GC(393) Pause Young (Allocation Failure)
[131.865s][info][gc,heap        ] GC(393) PSYoungGen: 111616K(220160K)->4827K(222720K) Eden: 111616K(111616K)->0K(111616K) From: 0K(108544K)->4827K(111104K)
[131.865s][info][gc,heap        ] GC(393) ParOldGen: 578106K(667648K)->578106K(667648K)
[131.865s][info][gc,metaspace   ] GC(393) Metaspace: 18226K(18368K)->18226K(18368K) NonClass: 16398K(16512K)->16398K(16512K) Class: 1828K(1856K)->1828K(1856K)
[131.865s][info][gc             ] GC(393) Pause Young (Allocation Failure) 673M->569M(869M) 6.355ms
[131.865s][info][gc,cpu         ] GC(393) User=0.01s Sys=0.00s Real=0.01s
[132.003s][info][gc,start       ] GC(394) Pause Young (Allocation Failure)
[132.018s][info][gc,heap        ] GC(394) PSYoungGen: 116443K(222720K)->10208K(222720K) Eden: 111616K(111616K)->0K(111616K) From: 4827K(111104K)->10208K(111104K)
[132.018s][info][gc,heap        ] GC(394) ParOldGen: 578106K(667648K)->582694K(667648K)
[132.018s][info][gc,metaspace   ] GC(394) Metaspace: 18230K(18368K)->18230K(18368K) NonClass: 16401K(16512K)->16401K(16512K) Class: 1828K(1856K)->1828K(1856K)
[132.018s][info][gc             ] GC(394) Pause Young (Allocation Failure) 678M->579M(869M) 14.786ms
[132.018s][info][gc,cpu         ] GC(394) User=0.03s Sys=0.00s Real=0.01s
[132.165s][info][gc,start       ] GC(395) Pause Young (Allocation Failure)
[132.172s][info][gc,heap        ] GC(395) PSYoungGen: 121824K(222720K)->4912K(116736K) Eden: 111616K(111616K)->0K(111616K) From: 10208K(111104K)->4912K(5120K)
[132.172s][info][gc,heap        ] GC(395) ParOldGen: 582694K(667648K)->583190K(667648K)
[132.172s][info][gc,metaspace   ] GC(395) Metaspace: 18230K(18368K)->18230K(18368K) NonClass: 16402K(16512K)->16402K(16512K) Class: 1828K(1856K)->1828K(1856K)
[132.172s][info][gc             ] GC(395) Pause Young (Allocation Failure) 688M->574M(766M) 6.597ms
[132.172s][info][gc,cpu         ] GC(395) User=0.01s Sys=0.00s Real=0.01s
[132.334s][info][gc,start       ] GC(396) Pause Young (Allocation Failure)
[132.356s][info][gc,heap        ] GC(396) PSYoungGen: 116528K(116736K)->25808K(216064K) Eden: 111616K(111616K)->0K(115200K) From: 4912K(5120K)->25808K(100864K)
[132.356s][info][gc,heap        ] GC(396) ParOldGen: 583190K(667648K)->583190K(667648K)
[132.356s][info][gc,metaspace   ] GC(396) Metaspace: 18230K(18368K)->18230K(18368K) NonClass: 16402K(16512K)->16402K(16512K) Class: 1828K(1856K)->1828K(1856K)
[132.356s][info][gc             ] GC(396) Pause Young (Allocation Failure) 683M->594M(863M) 22.087ms
[132.356s][info][gc,cpu         ] GC(396) User=0.04s Sys=0.00s Real=0.02s
[132.490s][info][gc,start       ] GC(397) Pause Young (Allocation Failure)
[132.521s][info][gc,heap        ] GC(397) PSYoungGen: 141008K(216064K)->33632K(148992K) Eden: 115200K(115200K)->0K(115200K) From: 25808K(100864K)->33632K(33792K)
[132.521s][info][gc,heap        ] GC(397) ParOldGen: 583190K(667648K)->583190K(667648K)
[132.521s][info][gc,metaspace   ] GC(397) Metaspace: 18230K(18368K)->18230K(18368K) NonClass: 16402K(16512K)->16402K(16512K) Class: 1828K(1856K)->1828K(1856K)
[132.521s][info][gc             ] GC(397) Pause Young (Allocation Failure) 707M->602M(797M) 30.761ms
[132.521s][info][gc,cpu         ] GC(397) User=0.06s Sys=0.00s Real=0.03s
[132.628s][info][gc,start       ] GC(398) Pause Young (Allocation Failure)
[132.660s][info][gc,heap        ] GC(398) PSYoungGen: 148832K(148992K)->36352K(207872K) Eden: 115200K(115200K)->0K(119296K) From: 33632K(33792K)->36352K(88576K)
[132.660s][info][gc,heap        ] GC(398) ParOldGen: 583190K(667648K)->583190K(667648K)
[132.660s][info][gc,metaspace   ] GC(398) Metaspace: 18231K(18368K)->18231K(18368K) NonClass: 16402K(16512K)->16402K(16512K) Class: 1828K(1856K)->1828K(1856K)
[132.660s][info][gc             ] GC(398) Pause Young (Allocation Failure) 714M->605M(855M) 32.594ms
[132.660s][info][gc,cpu         ] GC(398) User=0.06s Sys=0.00s Real=0.03s
[132.892s][info][gc,start       ] GC(399) Pause Young (Allocation Failure)
[132.928s][info][gc,heap        ] GC(399) PSYoungGen: 155648K(207872K)->39648K(211968K) Eden: 119296K(119296K)->0K(119296K) From: 36352K(88576K)->39648K(92672K)
[132.928s][info][gc,heap        ] GC(399) ParOldGen: 583190K(667648K)->583190K(667648K)
[132.928s][info][gc,metaspace   ] GC(399) Metaspace: 18232K(18368K)->18232K(18368K) NonClass: 16404K(16512K)->16404K(16512K) Class: 1828K(1856K)->1828K(1856K)
[132.928s][info][gc             ] GC(399) Pause Young (Allocation Failure) 721M->608M(859M) 35.912ms
[132.928s][info][gc,cpu         ] GC(399) User=0.07s Sys=0.01s Real=0.03s
[133.138s][info][gc,start       ] GC(400) Pause Young (Allocation Failure)
[133.176s][info][gc,heap        ] GC(400) PSYoungGen: 158944K(211968K)->41120K(207360K) Eden: 119296K(119296K)->0K(123392K) From: 39648K(92672K)->41120K(83968K)
[133.176s][info][gc,heap        ] GC(400) ParOldGen: 583190K(667648K)->583190K(667648K)
[133.176s][info][gc,metaspace   ] GC(400) Metaspace: 18232K(18368K)->18232K(18368K) NonClass: 16404K(16512K)->16404K(16512K) Class: 1828K(1856K)->1828K(1856K)
[133.176s][info][gc             ] GC(400) Pause Young (Allocation Failure) 724M->609M(854M) 37.818ms
[133.176s][info][gc,cpu         ] GC(400) User=0.07s Sys=0.00s Real=0.04s
[133.300s][info][gc,start       ] GC(401) Pause Young (Allocation Failure)
[133.365s][info][gc,heap        ] GC(401) PSYoungGen: 164512K(207360K)->56432K(209920K) Eden: 123392K(123392K)->0K(123392K) From: 41120K(83968K)->56432K(86528K)
[133.365s][info][gc,heap        ] GC(401) ParOldGen: 583190K(667648K)->583190K(667648K)
[133.365s][info][gc,metaspace   ] GC(401) Metaspace: 18233K(18368K)->18233K(18368K) NonClass: 16405K(16512K)->16405K(16512K) Class: 1828K(1856K)->1828K(1856K)
[133.365s][info][gc             ] GC(401) Pause Young (Allocation Failure) 730M->624M(857M) 64.717ms
[133.365s][info][gc,cpu         ] GC(401) User=0.10s Sys=0.00s Real=0.07s
[133.520s][info][gc,start       ] GC(402) Pause Young (Allocation Failure)
[133.549s][info][gc,heap        ] GC(402) PSYoungGen: 179824K(209920K)->36432K(207360K) Eden: 123392K(123392K)->0K(128512K) From: 56432K(86528K)->36432K(78848K)
[133.549s][info][gc,heap        ] GC(402) ParOldGen: 583190K(667648K)->583190K(667648K)
[133.549s][info][gc,metaspace   ] GC(402) Metaspace: 18235K(18368K)->18235K(18368K) NonClass: 16406K(16512K)->16406K(16512K) Class: 1828K(1856K)->1828K(1856K)
[133.549s][info][gc             ] GC(402) Pause Young (Allocation Failure) 745M->605M(854M) 29.007ms
[133.549s][info][gc,cpu         ] GC(402) User=0.06s Sys=0.00s Real=0.03s
[133.617s][info][gc,start       ] GC(403) Pause Young (Allocation Failure)
[133.676s][info][gc,heap        ] GC(403) PSYoungGen: 164944K(207360K)->83920K(212992K) Eden: 128512K(128512K)->0K(128512K) From: 36432K(78848K)->83920K(84480K)
[133.676s][info][gc,heap        ] GC(403) ParOldGen: 583190K(667648K)->583190K(667648K)
[133.676s][info][gc,metaspace   ] GC(403) Metaspace: 18235K(18368K)->18235K(18368K) NonClass: 16406K(16512K)->16406K(16512K) Class: 1828K(1856K)->1828K(1856K)
[133.676s][info][gc             ] GC(403) Pause Young (Allocation Failure) 730M->651M(860M) 58.745ms
[133.676s][info][gc,cpu         ] GC(403) User=0.12s Sys=0.00s Real=0.06s
[133.888s][info][gc,start       ] GC(404) Pause Young (Allocation Failure)
[133.962s][info][gc,heap        ] GC(404) PSYoungGen: 212432K(212992K)->94896K(208896K) Eden: 128512K(128512K)->0K(111616K) From: 83920K(84480K)->94896K(97280K)
[133.962s][info][gc,heap        ] GC(404) ParOldGen: 583190K(667648K)->583190K(667648K)
[133.962s][info][gc,metaspace   ] GC(404) Metaspace: 18235K(18368K)->18235K(18368K) NonClass: 16407K(16512K)->16407K(16512K) Class: 1828K(1856K)->1828K(1856K)
[133.962s][info][gc             ] GC(404) Pause Young (Allocation Failure) 776M->662M(856M) 73.967ms
[133.962s][info][gc,cpu         ] GC(404) User=0.13s Sys=0.01s Real=0.08s
[134.126s][info][gc,start       ] GC(405) Pause Young (Allocation Failure)
[134.209s][info][gc,heap        ] GC(405) PSYoungGen: 206512K(208896K)->96864K(222720K) Eden: 111616K(111616K)->0K(111616K) From: 94896K(97280K)->96864K(111104K)
[134.209s][info][gc,heap        ] GC(405) ParOldGen: 583190K(667648K)->583286K(667648K)
[134.209s][info][gc,metaspace   ] GC(405) Metaspace: 18236K(18368K)->18236K(18368K) NonClass: 16407K(16512K)->16407K(16512K) Class: 1828K(1856K)->1828K(1856K)
[134.209s][info][gc             ] GC(405) Pause Young (Allocation Failure) 771M->664M(869M) 83.182ms
[134.209s][info][gc,cpu         ] GC(405) User=0.17s Sys=0.00s Real=0.08s
[134.344s][info][gc,start       ] GC(406) Pause Young (Allocation Failure)
[134.449s][info][gc,heap        ] GC(406) PSYoungGen: 208480K(222720K)->111072K(222720K) Eden: 111616K(111616K)->0K(111616K) From: 96864K(111104K)->111072K(111104K)
[134.449s][info][gc,heap        ] GC(406) ParOldGen: 583286K(667648K)->590166K(667648K)
[134.449s][info][gc,metaspace   ] GC(406) Metaspace: 18236K(18368K)->18236K(18368K) NonClass: 16407K(16512K)->16407K(16512K) Class: 1828K(1856K)->1828K(1856K)
[134.449s][info][gc             ] GC(406) Pause Young (Allocation Failure) 773M->684M(869M) 105.184ms
[134.449s][info][gc,cpu         ] GC(406) User=0.21s Sys=0.01s Real=0.10s
[134.575s][info][gc,start       ] GC(407) Pause Young (Allocation Failure)
[134.696s][info][gc,heap        ] GC(407) PSYoungGen: 222688K(222720K)->111072K(222720K) Eden: 111616K(111616K)->0K(111616K) From: 111072K(111104K)->111072K(111104K)
[134.696s][info][gc,heap        ] GC(407) ParOldGen: 590166K(667648K)->609094K(667648K)
[134.696s][info][gc,metaspace   ] GC(407) Metaspace: 18236K(18368K)->18236K(18368K) NonClass: 16407K(16512K)->16407K(16512K) Class: 1828K(1856K)->1828K(1856K)
[134.696s][info][gc             ] GC(407) Pause Young (Allocation Failure) 793M->703M(869M) 120.771ms
[134.696s][info][gc,cpu         ] GC(407) User=0.24s Sys=0.00s Real=0.12s
[134.784s][info][gc,start       ] GC(408) Pause Young (Allocation Failure)
[134.906s][info][gc,heap        ] GC(408) PSYoungGen: 222688K(222720K)->95200K(222720K) Eden: 111616K(111616K)->0K(111616K) From: 111072K(111104K)->95200K(111104K)
[134.906s][info][gc,heap        ] GC(408) ParOldGen: 609094K(667648K)->629478K(667648K)
[134.906s][info][gc,metaspace   ] GC(408) Metaspace: 18236K(18368K)->18236K(18368K) NonClass: 16407K(16512K)->16407K(16512K) Class: 1828K(1856K)->1828K(1856K)
[134.906s][info][gc             ] GC(408) Pause Young (Allocation Failure) 812M->707M(869M) 121.890ms
[134.906s][info][gc,cpu         ] GC(408) User=0.24s Sys=0.00s Real=0.12s
[135.017s][info][gc,start       ] GC(409) Pause Full (Allocation Failure)
[135.017s][info][gc,phases,start] GC(409) Marking Phase
[135.263s][info][gc,phases      ] GC(409) Marking Phase 246.211ms
[135.263s][info][gc,phases,start] GC(409) Summary Phase
[135.263s][info][gc,phases      ] GC(409) Summary Phase 0.029ms
[135.263s][info][gc,phases,start] GC(409) Forward
[135.358s][info][gc,phases      ] GC(409) Forward 94.563ms
[135.358s][info][gc,phases,start] GC(409) Adjust Pointers
[135.547s][info][gc,phases      ] GC(409) Adjust Pointers 189.429ms
[135.547s][info][gc,phases,start] GC(409) Compaction Phase
[135.650s][info][gc,phases      ] GC(409) Compaction Phase 102.223ms
[135.659s][info][gc,phases,start] GC(409) Post Compact
[135.662s][info][gc,phases      ] GC(409) Post Compact 2.413ms
[135.664s][info][gc,heap        ] GC(409) PSYoungGen: 206816K(222720K)->0K(222720K) Eden: 111616K(111616K)->0K(111616K) From: 95200K(111104K)->0K(111104K)
[135.664s][info][gc,heap        ] GC(409) ParOldGen: 629478K(667648K)->371723K(635392K)
[135.664s][info][gc,metaspace   ] GC(409) Metaspace: 18236K(18368K)->18236K(18368K) NonClass: 16407K(16512K)->16407K(16512K) Class: 1828K(1856K)->1828K(1856K)
[135.664s][info][gc             ] GC(409) Pause Full (Allocation Failure) 816M->363M(838M) 647.210ms
[135.664s][info][gc,cpu         ] GC(409) User=1.17s Sys=0.00s Real=0.65s
[135.763s][info][gc,start       ] GC(410) Pause Young (Allocation Failure)
[135.775s][info][gc,heap        ] GC(410) PSYoungGen: 111616K(222720K)->4768K(222720K) Eden: 111616K(111616K)->0K(111616K) From: 0K(111104K)->4768K(111104K)
[135.775s][info][gc,heap        ] GC(410) ParOldGen: 371723K(635392K)->371723K(635392K)
[135.775s][info][gc,metaspace   ] GC(410) Metaspace: 18236K(18368K)->18236K(18368K) NonClass: 16407K(16512K)->16407K(16512K) Class: 1828K(1856K)->1828K(1856K)
[135.775s][info][gc             ] GC(410) Pause Young (Allocation Failure) 472M->367M(838M) 11.599ms
[135.775s][info][gc,cpu         ] GC(410) User=0.02s Sys=0.00s Real=0.01s
[135.900s][info][gc,start       ] GC(411) Pause Young (Allocation Failure)
[135.906s][info][gc,heap        ] GC(411) PSYoungGen: 116384K(222720K)->4992K(222720K) Eden: 111616K(111616K)->0K(111616K) From: 4768K(111104K)->4992K(111104K)
[135.906s][info][gc,heap        ] GC(411) ParOldGen: 371723K(635392K)->371723K(635392K)
[135.906s][info][gc,metaspace   ] GC(411) Metaspace: 18236K(18368K)->18236K(18368K) NonClass: 16407K(16512K)->16407K(16512K) Class: 1828K(1856K)->1828K(1856K)
[135.906s][info][gc             ] GC(411) Pause Young (Allocation Failure) 476M->367M(838M) 6.788ms
[135.906s][info][gc,cpu         ] GC(411) User=0.01s Sys=0.00s Real=0.01s
[135.968s][info][gc,start       ] GC(412) Pause Young (Allocation Failure)
[136.007s][info][gc,heap        ] GC(412) PSYoungGen: 116608K(222720K)->47696K(222720K) Eden: 111616K(111616K)->0K(111616K) From: 4992K(111104K)->47696K(111104K)
[136.007s][info][gc,heap        ] GC(412) ParOldGen: 371723K(635392K)->371723K(635392K)
[136.007s][info][gc,metaspace   ] GC(412) Metaspace: 18236K(18368K)->18236K(18368K) NonClass: 16407K(16512K)->16407K(16512K) Class: 1828K(1856K)->1828K(1856K)
[136.007s][info][gc             ] GC(412) Pause Young (Allocation Failure) 476M->409M(838M) 38.869ms
[136.007s][info][gc,cpu         ] GC(412) User=0.08s Sys=0.00s Real=0.04s
[136.125s][info][gc,start       ] GC(413) Pause Young (Allocation Failure)
[136.174s][info][gc,heap        ] GC(413) PSYoungGen: 159312K(222720K)->53664K(222720K) Eden: 111616K(111616K)->0K(111616K) From: 47696K(111104K)->53664K(111104K)
[136.174s][info][gc,heap        ] GC(413) ParOldGen: 371723K(635392K)->376699K(635392K)
[136.174s][info][gc,metaspace   ] GC(413) Metaspace: 18236K(18368K)->18236K(18368K) NonClass: 16407K(16512K)->16407K(16512K) Class: 1828K(1856K)->1828K(1856K)
[136.174s][info][gc             ] GC(413) Pause Young (Allocation Failure) 518M->420M(838M) 49.478ms
[136.174s][info][gc,cpu         ] GC(413) User=0.10s Sys=0.00s Real=0.05s
[136.329s][info][gc,start       ] GC(414) Pause Young (Allocation Failure)
[136.440s][info][gc,heap        ] GC(414) PSYoungGen: 165280K(222720K)->29520K(222720K) Eden: 111616K(111616K)->0K(111616K) From: 53664K(111104K)->29520K(111104K)
[136.440s][info][gc,heap        ] GC(414) ParOldGen: 376699K(635392K)->430776K(635392K)
[136.440s][info][gc,metaspace   ] GC(414) Metaspace: 18236K(18368K)->18236K(18368K) NonClass: 16407K(16512K)->16407K(16512K) Class: 1828K(1856K)->1828K(1856K)
[136.440s][info][gc             ] GC(414) Pause Young (Allocation Failure) 529M->449M(838M) 111.039ms
[136.440s][info][gc,cpu         ] GC(414) User=0.22s Sys=0.00s Real=0.11s
[136.649s][info][gc,start       ] GC(415) Pause Young (Allocation Failure)
[136.687s][info][gc,heap        ] GC(415) PSYoungGen: 141136K(222720K)->64K(222720K) Eden: 111616K(111616K)->0K(111616K) From: 29520K(111104K)->64K(111104K)
[136.687s][info][gc,heap        ] GC(415) ParOldGen: 430776K(635392K)->460361K(635392K)
[136.687s][info][gc,metaspace   ] GC(415) Metaspace: 18236K(18368K)->18236K(18368K) NonClass: 16407K(16512K)->16407K(16512K) Class: 1828K(1856K)->1828K(1856K)
[136.687s][info][gc             ] GC(415) Pause Young (Allocation Failure) 558M->449M(838M) 38.412ms
[136.687s][info][gc,cpu         ] GC(415) User=0.08s Sys=0.00s Real=0.04s
[136.891s][info][gc,start       ] GC(416) Pause Young (Allocation Failure)
[136.907s][info][gc,heap        ] GC(416) PSYoungGen: 111680K(222720K)->13824K(222720K) Eden: 111616K(111616K)->0K(111616K) From: 64K(111104K)->13824K(111104K)
[136.907s][info][gc,heap        ] GC(416) ParOldGen: 460361K(635392K)->460377K(635392K)
[136.907s][info][gc,metaspace   ] GC(416) Metaspace: 18240K(18368K)->18240K(18368K) NonClass: 16412K(16512K)->16412K(16512K) Class: 1828K(1856K)->1828K(1856K)
[136.907s][info][gc             ] GC(416) Pause Young (Allocation Failure) 558M->463M(838M) 16.644ms
[136.907s][info][gc,cpu         ] GC(416) User=0.03s Sys=0.00s Real=0.02s
[137.005s][info][gc,start       ] GC(417) Pause Young (Allocation Failure)
[137.029s][info][gc,heap        ] GC(417) PSYoungGen: 125440K(222720K)->8928K(222720K) Eden: 111616K(111616K)->0K(111616K) From: 13824K(111104K)->8928K(111104K)
[137.029s][info][gc,heap        ] GC(417) ParOldGen: 460377K(635392K)->474201K(635392K)
[137.029s][info][gc,metaspace   ] GC(417) Metaspace: 18240K(18368K)->18240K(18368K) NonClass: 16412K(16512K)->16412K(16512K) Class: 1828K(1856K)->1828K(1856K)
[137.029s][info][gc             ] GC(417) Pause Young (Allocation Failure) 572M->471M(838M) 23.589ms
[137.029s][info][gc,cpu         ] GC(417) User=0.04s Sys=0.00s Real=0.02s
[137.154s][info][gc,start       ] GC(418) Pause Young (Allocation Failure)
[137.170s][info][gc,heap        ] GC(418) PSYoungGen: 120544K(222720K)->3008K(222720K) Eden: 111616K(111616K)->0K(111616K) From: 8928K(111104K)->3008K(111104K)
[137.170s][info][gc,heap        ] GC(418) ParOldGen: 474201K(635392K)->482905K(635392K)
[137.170s][info][gc,metaspace   ] GC(418) Metaspace: 18242K(18368K)->18242K(18368K) NonClass: 16414K(16512K)->16414K(16512K) Class: 1828K(1856K)->1828K(1856K)
[137.170s][info][gc             ] GC(418) Pause Young (Allocation Failure) 580M->474M(838M) 15.957ms
[137.170s][info][gc,cpu         ] GC(418) User=0.03s Sys=0.00s Real=0.01s
[137.309s][info][gc,start       ] GC(419) Pause Young (Allocation Failure)
[137.321s][info][gc,heap        ] GC(419) PSYoungGen: 114624K(222720K)->7808K(222720K) Eden: 111616K(111616K)->0K(111616K) From: 3008K(111104K)->7808K(111104K)
[137.321s][info][gc,heap        ] GC(419) ParOldGen: 482905K(635392K)->485913K(635392K)
[137.321s][info][gc,metaspace   ] GC(419) Metaspace: 18242K(18368K)->18242K(18368K) NonClass: 16414K(16512K)->16414K(16512K) Class: 1828K(1856K)->1828K(1856K)
[137.322s][info][gc             ] GC(419) Pause Young (Allocation Failure) 583M->482M(838M) 12.474ms
[137.322s][info][gc,cpu         ] GC(419) User=0.02s Sys=0.00s Real=0.01s
[137.562s][info][gc,start       ] GC(420) Pause Young (Allocation Failure)
[137.580s][info][gc,heap        ] GC(420) PSYoungGen: 119424K(222720K)->7872K(222720K) Eden: 111616K(111616K)->0K(111616K) From: 7808K(111104K)->7872K(111104K)
[137.580s][info][gc,heap        ] GC(420) ParOldGen: 485913K(635392K)->493721K(635392K)
[137.580s][info][gc,metaspace   ] GC(420) Metaspace: 18242K(18368K)->18242K(18368K) NonClass: 16414K(16512K)->16414K(16512K) Class: 1828K(1856K)->1828K(1856K)
[137.580s][info][gc             ] GC(420) Pause Young (Allocation Failure) 591M->489M(838M) 17.611ms
[137.580s][info][gc,cpu         ] GC(420) User=0.04s Sys=0.00s Real=0.01s
[137.836s][info][gc,start       ] GC(421) Pause Young (Allocation Failure)
[137.846s][info][gc,heap        ] GC(421) PSYoungGen: 119488K(222720K)->64K(222720K) Eden: 111616K(111616K)->0K(111616K) From: 7872K(111104K)->64K(111104K)
[137.846s][info][gc,heap        ] GC(421) ParOldGen: 493721K(635392K)->501580K(635392K)
[137.846s][info][gc,metaspace   ] GC(421) Metaspace: 18242K(18368K)->18242K(18368K) NonClass: 16414K(16512K)->16414K(16512K) Class: 1828K(1856K)->1828K(1856K)
[137.846s][info][gc             ] GC(421) Pause Young (Allocation Failure) 598M->489M(838M) 9.630ms
[137.846s][info][gc,cpu         ] GC(421) User=0.02s Sys=0.00s Real=0.01s
[138.067s][info][gc,start       ] GC(422) Pause Young (Allocation Failure)
[138.069s][info][gc,heap        ] GC(422) PSYoungGen: 111680K(222720K)->64K(222720K) Eden: 111616K(111616K)->0K(111616K) From: 64K(111104K)->64K(111104K)
[138.069s][info][gc,heap        ] GC(422) ParOldGen: 501580K(635392K)->501623K(635392K)
[138.069s][info][gc,metaspace   ] GC(422) Metaspace: 18242K(18368K)->18242K(18368K) NonClass: 16414K(16512K)->16414K(16512K) Class: 1828K(1856K)->1828K(1856K)
[138.069s][info][gc             ] GC(422) Pause Young (Allocation Failure) 598M->489M(838M) 1.715ms
[138.069s][info][gc,cpu         ] GC(422) User=0.01s Sys=0.00s Real=0.00s
[138.286s][info][gc,start       ] GC(423) Pause Young (Allocation Failure)
[138.292s][info][gc,heap        ] GC(423) PSYoungGen: 111680K(222720K)->32K(112128K) Eden: 111616K(111616K)->0K(111616K) From: 64K(111104K)->32K(512K)
[138.292s][info][gc,heap        ] GC(423) ParOldGen: 501623K(635392K)->501631K(635392K)
[138.292s][info][gc,metaspace   ] GC(423) Metaspace: 18242K(18368K)->18242K(18368K) NonClass: 16414K(16512K)->16414K(16512K) Class: 1828K(1856K)->1828K(1856K)
[138.292s][info][gc             ] GC(423) Pause Young (Allocation Failure) 598M->489M(730M) 6.433ms
[138.292s][info][gc,cpu         ] GC(423) User=0.01s Sys=0.00s Real=0.01s
[138.504s][info][gc,start       ] GC(424) Pause Young (Allocation Failure)
[138.514s][info][gc,heap        ] GC(424) PSYoungGen: 111648K(112128K)->7072K(214016K) Eden: 111616K(111616K)->0K(114176K) From: 32K(512K)->7072K(99840K)
[138.514s][info][gc,heap        ] GC(424) ParOldGen: 501631K(635392K)->501631K(635392K)
[138.514s][info][gc,metaspace   ] GC(424) Metaspace: 18242K(18368K)->18242K(18368K) NonClass: 16414K(16512K)->16414K(16512K) Class: 1828K(1856K)->1828K(1856K)
[138.514s][info][gc             ] GC(424) Pause Young (Allocation Failure) 598M->496M(829M) 9.688ms
[138.514s][info][gc,cpu         ] GC(424) User=0.01s Sys=0.00s Real=0.01s
[138.573s][info][gc,start       ] GC(425) Pause Young (Allocation Failure)
[138.607s][info][gc,heap        ] GC(425) PSYoungGen: 121248K(214016K)->48112K(217088K) Eden: 114176K(114176K)->0K(114176K) From: 7072K(99840K)->48112K(102912K)
[138.607s][info][gc,heap        ] GC(425) ParOldGen: 501631K(635392K)->501631K(635392K)
[138.607s][info][gc,metaspace   ] GC(425) Metaspace: 18242K(18368K)->18242K(18368K) NonClass: 16414K(16512K)->16414K(16512K) Class: 1828K(1856K)->1828K(1856K)
[138.607s][info][gc             ] GC(425) Pause Young (Allocation Failure) 608M->536M(832M) 34.012ms
[138.607s][info][gc,cpu         ] GC(425) User=0.07s Sys=0.00s Real=0.03s
[138.789s][info][gc,start       ] GC(426) Pause Young (Allocation Failure)
[138.835s][info][gc,heap        ] GC(426) PSYoungGen: 162288K(217088K)->73392K(216064K) Eden: 114176K(114176K)->0K(111616K) From: 48112K(102912K)->73392K(104448K)
[138.835s][info][gc,heap        ] GC(426) ParOldGen: 501631K(635392K)->501631K(635392K)
[138.835s][info][gc,metaspace   ] GC(426) Metaspace: 18243K(18368K)->18243K(18368K) NonClass: 16414K(16512K)->16414K(16512K) Class: 1828K(1856K)->1828K(1856K)
[138.835s][info][gc             ] GC(426) Pause Young (Allocation Failure) 648M->561M(831M) 45.745ms
[138.835s][info][gc,cpu         ] GC(426) User=0.09s Sys=0.00s Real=0.05s
[138.921s][info][gc,start       ] GC(427) Pause Young (Allocation Failure)
[138.966s][info][gc,heap        ] GC(427) PSYoungGen: 185008K(216064K)->68800K(222720K) Eden: 111616K(111616K)->0K(111616K) From: 73392K(104448K)->68800K(111104K)
[138.966s][info][gc,heap        ] GC(427) ParOldGen: 501631K(635392K)->508714K(635392K)
[138.966s][info][gc,metaspace   ] GC(427) Metaspace: 18243K(18368K)->18243K(18368K) NonClass: 16414K(16512K)->16414K(16512K) Class: 1828K(1856K)->1828K(1856K)
[138.966s][info][gc             ] GC(427) Pause Young (Allocation Failure) 670M->563M(838M) 45.275ms
[138.966s][info][gc,cpu         ] GC(427) User=0.09s Sys=0.00s Real=0.05s
[139.147s][info][gc,start       ] GC(428) Pause Young (Allocation Failure)
[139.224s][info][gc,heap        ] GC(428) PSYoungGen: 180416K(222720K)->21408K(222720K) Eden: 111616K(111616K)->0K(111616K) From: 68800K(111104K)->21408K(111104K)
[139.224s][info][gc,heap        ] GC(428) ParOldGen: 508714K(635392K)->575897K(635392K)
[139.224s][info][gc,metaspace   ] GC(428) Metaspace: 18243K(18368K)->18243K(18368K) NonClass: 16414K(16512K)->16414K(16512K) Class: 1828K(1856K)->1828K(1856K)
[139.224s][info][gc             ] GC(428) Pause Young (Allocation Failure) 672M->583M(838M) 76.886ms
[139.224s][info][gc,cpu         ] GC(428) User=0.15s Sys=0.01s Real=0.08s
[139.409s][info][gc,start       ] GC(429) Pause Young (Allocation Failure)
[139.451s][info][gc,heap        ] GC(429) PSYoungGen: 133024K(222720K)->64K(222720K) Eden: 111616K(111616K)->0K(111616K) From: 21408K(111104K)->64K(111104K)
[139.451s][info][gc,heap        ] GC(429) ParOldGen: 575897K(635392K)->597345K(635392K)
[139.451s][info][gc,metaspace   ] GC(429) Metaspace: 18245K(18368K)->18245K(18368K) NonClass: 16417K(16512K)->16417K(16512K) Class: 1828K(1856K)->1828K(1856K)
[139.451s][info][gc             ] GC(429) Pause Young (Allocation Failure) 692M->583M(838M) 42.218ms
[139.451s][info][gc,cpu         ] GC(429) User=0.08s Sys=0.00s Real=0.04s
[139.607s][info][gc,start       ] GC(430) Pause Young (Allocation Failure)
[139.610s][info][gc,heap        ] GC(430) PSYoungGen: 111680K(222720K)->352K(216576K) Eden: 111616K(111616K)->0K(111616K) From: 64K(111104K)->352K(104960K)
[139.610s][info][gc,heap        ] GC(430) ParOldGen: 597345K(635392K)->597369K(635392K)
[139.610s][info][gc,metaspace   ] GC(430) Metaspace: 18245K(18368K)->18245K(18368K) NonClass: 16417K(16512K)->16417K(16512K) Class: 1828K(1856K)->1828K(1856K)
[139.610s][info][gc             ] GC(430) Pause Young (Allocation Failure) 692M->583M(832M) 2.246ms
[139.610s][info][gc,cpu         ] GC(430) User=0.00s Sys=0.00s Real=0.00s
[139.753s][info][gc,start       ] GC(431) Pause Young (Allocation Failure)
[139.763s][info][gc,heap        ] GC(431) PSYoungGen: 111968K(216576K)->12121K(123904K) Eden: 111616K(111616K)->0K(111616K) From: 352K(104960K)->12121K(12288K)
[139.763s][info][gc,heap        ] GC(431) ParOldGen: 597369K(635392K)->597369K(635392K)
[139.763s][info][gc,metaspace   ] GC(431) Metaspace: 18251K(18368K)->18251K(18368K) NonClass: 16423K(16512K)->16423K(16512K) Class: 1828K(1856K)->1828K(1856K)
[139.763s][info][gc             ] GC(431) Pause Young (Allocation Failure) 692M->595M(741M) 10.027ms
[139.763s][info][gc,cpu         ] GC(431) User=0.02s Sys=0.00s Real=0.01s
[139.817s][info][gc,start       ] GC(432) Pause Young (Allocation Failure)
[139.851s][info][gc,heap        ] GC(432) PSYoungGen: 123737K(123904K)->48873K(216576K) Eden: 111616K(111616K)->0K(114688K) From: 12121K(12288K)->48873K(101888K)
[139.851s][info][gc,heap        ] GC(432) ParOldGen: 597369K(635392K)->597369K(635392K)
[139.851s][info][gc,metaspace   ] GC(432) Metaspace: 18251K(18368K)->18251K(18368K) NonClass: 16423K(16512K)->16423K(16512K) Class: 1828K(1856K)->1828K(1856K)
[139.851s][info][gc             ] GC(432) Pause Young (Allocation Failure) 704M->631M(832M) 33.732ms
[139.851s][info][gc,cpu         ] GC(432) User=0.07s Sys=0.00s Real=0.03s
[139.971s][info][gc,start       ] GC(433) Pause Young (Allocation Failure)
[140.017s][info][gc,heap        ] GC(433) PSYoungGen: 163561K(216576K)->73449K(218112K) Eden: 114688K(114688K)->0K(114688K) From: 48873K(101888K)->73449K(103424K)
[140.017s][info][gc,heap        ] GC(433) ParOldGen: 597369K(635392K)->597369K(635392K)
[140.017s][info][gc,metaspace   ] GC(433) Metaspace: 18251K(18368K)->18251K(18368K) NonClass: 16423K(16512K)->16423K(16512K) Class: 1828K(1856K)->1828K(1856K)
[140.017s][info][gc             ] GC(433) Pause Young (Allocation Failure) 743M->655M(833M) 45.831ms
[140.017s][info][gc,cpu         ] GC(433) User=0.09s Sys=0.00s Real=0.05s
[140.113s][info][gc,start       ] GC(434) Pause Young (Allocation Failure)
[140.159s][info][gc,heap        ] GC(434) PSYoungGen: 188137K(218112K)->63584K(222720K) Eden: 114688K(114688K)->0K(111616K) From: 73449K(103424K)->63584K(111104K)
[140.159s][info][gc,heap        ] GC(434) ParOldGen: 597369K(635392K)->609586K(635392K)
[140.159s][info][gc,metaspace   ] GC(434) Metaspace: 18251K(18368K)->18251K(18368K) NonClass: 16423K(16512K)->16423K(16512K) Class: 1828K(1856K)->1828K(1856K)
[140.159s][info][gc             ] GC(434) Pause Young (Allocation Failure) 767M->657M(838M) 46.132ms
[140.159s][info][gc,cpu         ] GC(434) User=0.09s Sys=0.00s Real=0.04s
[140.290s][info][gc,start       ] GC(435) Pause Young (Allocation Failure)
[140.368s][info][gc,promotion   ] GC(435) Promotion failed
[140.368s][info][gc,heap        ] GC(435) PSYoungGen: 175200K(222720K)->175200K(222720K) Eden: 111616K(111616K)->111616K(111616K) From: 63584K(111104K)->63584K(111104K)
[140.368s][info][gc,heap        ] GC(435) ParOldGen: 609586K(635392K)->667642K(667648K)
[140.368s][info][gc,metaspace   ] GC(435) Metaspace: 18251K(18368K)->18251K(18368K) NonClass: 16423K(16512K)->16423K(16512K) Class: 1828K(1856K)->1828K(1856K)
[140.368s][info][gc             ] GC(435) Pause Young (Allocation Failure) 766M->823M(869M) 77.898ms
[140.368s][info][gc,cpu         ] GC(435) User=0.13s Sys=0.03s Real=0.08s
[140.368s][info][gc,start       ] GC(436) Pause Full (Allocation Failure)
[140.368s][info][gc,phases,start] GC(436) Marking Phase
[140.690s][info][gc,phases      ] GC(436) Marking Phase 322.216ms
[140.690s][info][gc,phases,start] GC(436) Summary Phase
[140.690s][info][gc,phases      ] GC(436) Summary Phase 0.026ms
[140.690s][info][gc,phases,start] GC(436) Forward
[140.795s][info][gc,phases      ] GC(436) Forward 104.987ms
[140.795s][info][gc,phases,start] GC(436) Adjust Pointers
[141.053s][info][gc,phases      ] GC(436) Adjust Pointers 258.111ms
[141.053s][info][gc,phases,start] GC(436) Compaction Phase
[141.208s][info][gc,phases      ] GC(436) Compaction Phase 154.671ms
[141.220s][info][gc,phases,start] GC(436) Post Compact
[141.223s][info][gc,phases      ] GC(436) Post Compact 2.480ms
[141.223s][info][gc,heap        ] GC(436) PSYoungGen: 175200K(222720K)->0K(222720K) Eden: 111616K(111616K)->0K(111616K) From: 63584K(111104K)->0K(111104K)
[141.223s][info][gc,heap        ] GC(436) ParOldGen: 667642K(667648K)->506312K(667648K)
[141.223s][info][gc,metaspace   ] GC(436) Metaspace: 18251K(18368K)->18251K(18368K) NonClass: 16423K(16512K)->16423K(16512K) Class: 1828K(1856K)->1828K(1856K)
[141.223s][info][gc             ] GC(436) Pause Full (Allocation Failure) 823M->494M(869M) 855.192ms
[141.223s][info][gc,cpu         ] GC(436) User=1.61s Sys=0.00s Real=0.86s
[141.355s][info][gc,start       ] GC(437) Pause Young (Allocation Failure)
[141.369s][info][gc,heap        ] GC(437) PSYoungGen: 111616K(222720K)->9152K(222720K) Eden: 111616K(111616K)->0K(111616K) From: 0K(111104K)->9152K(111104K)
[141.369s][info][gc,heap        ] GC(437) ParOldGen: 506312K(667648K)->506312K(667648K)
[141.369s][info][gc,metaspace   ] GC(437) Metaspace: 18251K(18368K)->18251K(18368K) NonClass: 16423K(16512K)->16423K(16512K) Class: 1828K(1856K)->1828K(1856K)
[141.369s][info][gc             ] GC(437) Pause Young (Allocation Failure) 603M->503M(869M) 13.567ms
[141.369s][info][gc,cpu         ] GC(437) User=0.02s Sys=0.00s Real=0.01s
[141.507s][info][gc,start       ] GC(438) Pause Young (Allocation Failure)
[141.519s][info][gc,heap        ] GC(438) PSYoungGen: 120768K(222720K)->32K(112128K) Eden: 111616K(111616K)->0K(111616K) From: 9152K(111104K)->32K(512K)
[141.519s][info][gc,heap        ] GC(438) ParOldGen: 506312K(667648K)->515472K(667648K)
[141.519s][info][gc,metaspace   ] GC(438) Metaspace: 18251K(18368K)->18251K(18368K) NonClass: 16423K(16512K)->16423K(16512K) Class: 1828K(1856K)->1828K(1856K)
[141.519s][info][gc             ] GC(438) Pause Young (Allocation Failure) 612M->503M(761M) 12.567ms
[141.519s][info][gc,cpu         ] GC(438) User=0.02s Sys=0.00s Real=0.01s
[141.656s][info][gc,start       ] GC(439) Pause Young (Allocation Failure)
[141.658s][info][gc,heap        ] GC(439) PSYoungGen: 111648K(112128K)->64K(223744K) Eden: 111616K(111616K)->0K(114688K) From: 32K(512K)->64K(109056K)
[141.658s][info][gc,heap        ] GC(439) ParOldGen: 515472K(667648K)->515472K(667648K)
[141.658s][info][gc,metaspace   ] GC(439) Metaspace: 18251K(18368K)->18251K(18368K) NonClass: 16423K(16512K)->16423K(16512K) Class: 1828K(1856K)->1828K(1856K)
[141.658s][info][gc             ] GC(439) Pause Young (Allocation Failure) 612M->503M(870M) 1.745ms
[141.658s][info][gc,cpu         ] GC(439) User=0.01s Sys=0.00s Real=0.00s
[141.794s][info][gc,start       ] GC(440) Pause Young (Allocation Failure)
[141.795s][info][gc,heap        ] GC(440) PSYoungGen: 114752K(223744K)->64K(115200K) Eden: 114688K(114688K)->0K(114688K) From: 64K(109056K)->64K(512K)
[141.795s][info][gc,heap        ] GC(440) ParOldGen: 515472K(667648K)->515472K(667648K)
[141.795s][info][gc,metaspace   ] GC(440) Metaspace: 18251K(18368K)->18251K(18368K) NonClass: 16423K(16512K)->16423K(16512K) Class: 1828K(1856K)->1828K(1856K)
[141.795s][info][gc             ] GC(440) Pause Young (Allocation Failure) 615M->503M(764M) 1.693ms
[141.795s][info][gc,cpu         ] GC(440) User=0.00s Sys=0.00s Real=0.00s
[141.929s][info][gc,start       ] GC(441) Pause Young (Allocation Failure)
[141.931s][info][gc,heap        ] GC(441) PSYoungGen: 114752K(115200K)->64K(214016K) Eden: 114688K(114688K)->0K(118272K) From: 64K(512K)->64K(95744K)
[141.931s][info][gc,heap        ] GC(441) ParOldGen: 515472K(667648K)->515472K(667648K)
[141.931s][info][gc,metaspace   ] GC(441) Metaspace: 18251K(18368K)->18251K(18368K) NonClass: 16423K(16512K)->16423K(16512K) Class: 1828K(1856K)->1828K(1856K)
[141.931s][info][gc             ] GC(441) Pause Young (Allocation Failure) 615M->503M(861M) 1.972ms
[141.931s][info][gc,cpu         ] GC(441) User=0.01s Sys=0.00s Real=0.00s
[142.069s][info][gc,start       ] GC(442) Pause Young (Allocation Failure)
[142.071s][info][gc,heap        ] GC(442) PSYoungGen: 118336K(214016K)->64K(118784K) Eden: 118272K(118272K)->0K(118272K) From: 64K(95744K)->64K(512K)
[142.071s][info][gc,heap        ] GC(442) ParOldGen: 515472K(667648K)->515472K(667648K)
[142.071s][info][gc,metaspace   ] GC(442) Metaspace: 18251K(18368K)->18251K(18368K) NonClass: 16423K(16512K)->16423K(16512K) Class: 1828K(1856K)->1828K(1856K)
[142.071s][info][gc             ] GC(442) Pause Young (Allocation Failure) 618M->503M(768M) 2.069ms
[142.071s][info][gc,cpu         ] GC(442) User=0.01s Sys=0.00s Real=0.00s
[142.205s][info][gc,start       ] GC(443) Pause Young (Allocation Failure)
[142.215s][info][gc,heap        ] GC(443) PSYoungGen: 118336K(118784K)->7040K(205312K) Eden: 118272K(118272K)->0K(121344K) From: 64K(512K)->7040K(83968K)
[142.215s][info][gc,heap        ] GC(443) ParOldGen: 515472K(667648K)->515472K(667648K)
[142.215s][info][gc,metaspace   ] GC(443) Metaspace: 18251K(18368K)->18251K(18368K) NonClass: 16423K(16512K)->16423K(16512K) Class: 1828K(1856K)->1828K(1856K)
[142.215s][info][gc             ] GC(443) Pause Young (Allocation Failure) 618M->510M(852M) 10.096ms
[142.215s][info][gc,cpu         ] GC(443) User=0.02s Sys=0.01s Real=0.01s
[142.321s][info][gc,start       ] GC(444) Pause Young (Allocation Failure)
[142.348s][info][gc,heap        ] GC(444) PSYoungGen: 128384K(205312K)->23488K(144896K) Eden: 121344K(121344K)->0K(121344K) From: 7040K(83968K)->23488K(23552K)
[142.348s][info][gc,heap        ] GC(444) ParOldGen: 515472K(667648K)->515472K(667648K)
[142.348s][info][gc,metaspace   ] GC(444) Metaspace: 18251K(18368K)->18251K(18368K) NonClass: 16423K(16512K)->16423K(16512K) Class: 1828K(1856K)->1828K(1856K)
[142.348s][info][gc             ] GC(444) Pause Young (Allocation Failure) 628M->526M(793M) 27.440ms
[142.348s][info][gc,cpu         ] GC(444) User=0.05s Sys=0.00s Real=0.03s
[142.489s][info][gc,start       ] GC(445) Pause Young (Allocation Failure)
[142.524s][info][gc,heap        ] GC(445) PSYoungGen: 144832K(144896K)->34048K(210432K) Eden: 121344K(121344K)->0K(125952K) From: 23488K(23552K)->34048K(84480K)
[142.524s][info][gc,heap        ] GC(445) ParOldGen: 515472K(667648K)->515472K(667648K)
[142.524s][info][gc,metaspace   ] GC(445) Metaspace: 18251K(18368K)->18251K(18368K) NonClass: 16423K(16512K)->16423K(16512K) Class: 1828K(1856K)->1828K(1856K)
[142.524s][info][gc             ] GC(445) Pause Young (Allocation Failure) 644M->536M(857M) 34.730ms
[142.524s][info][gc,cpu         ] GC(445) User=0.07s Sys=0.00s Real=0.04s
[142.598s][info][gc,start       ] GC(446) Pause Young (Allocation Failure)
[142.635s][info][gc,heap        ] GC(446) PSYoungGen: 160000K(210432K)->37984K(209920K) Eden: 125952K(125952K)->0K(125952K) From: 34048K(84480K)->37984K(83968K)
[142.635s][info][gc,heap        ] GC(446) ParOldGen: 515472K(667648K)->515472K(667648K)
[142.635s][info][gc,metaspace   ] GC(446) Metaspace: 18251K(18368K)->18251K(18368K) NonClass: 16423K(16512K)->16423K(16512K) Class: 1828K(1856K)->1828K(1856K)
[142.635s][info][gc             ] GC(446) Pause Young (Allocation Failure) 659M->540M(857M) 36.888ms
[142.635s][info][gc,cpu         ] GC(446) User=0.07s Sys=0.00s Real=0.04s
[142.748s][info][gc,start       ] GC(447) Pause Young (Allocation Failure)
[142.786s][info][gc,heap        ] GC(447) PSYoungGen: 163936K(209920K)->39232K(216064K) Eden: 125952K(125952K)->0K(132096K) From: 37984K(83968K)->39232K(83968K)
[142.786s][info][gc,heap        ] GC(447) ParOldGen: 515472K(667648K)->515472K(667648K)
[142.786s][info][gc,metaspace   ] GC(447) Metaspace: 18251K(18368K)->18251K(18368K) NonClass: 16423K(16512K)->16423K(16512K) Class: 1828K(1856K)->1828K(1856K)
[142.786s][info][gc             ] GC(447) Pause Young (Allocation Failure) 663M->541M(863M) 38.227ms
[142.786s][info][gc,cpu         ] GC(447) User=0.07s Sys=0.00s Real=0.04s
[142.903s][info][gc,start       ] GC(448) Pause Young (Allocation Failure)
[142.945s][info][gc,heap        ] GC(448) PSYoungGen: 171327K(216064K)->42816K(216576K) Eden: 132095K(132096K)->0K(132096K) From: 39232K(83968K)->42816K(84480K)
[142.945s][info][gc,heap        ] GC(448) ParOldGen: 515472K(667648K)->515472K(667648K)
[142.945s][info][gc,metaspace   ] GC(448) Metaspace: 18255K(18368K)->18255K(18368K) NonClass: 16427K(16512K)->16427K(16512K) Class: 1828K(1856K)->1828K(1856K)
[142.945s][info][gc             ] GC(448) Pause Young (Allocation Failure) 670M->545M(863M) 41.440ms
[142.945s][info][gc,cpu         ] GC(448) User=0.09s Sys=0.00s Real=0.04s
[143.042s][info][gc,start       ] GC(449) Pause Young (Allocation Failure)
[143.084s][info][gc,heap        ] GC(449) PSYoungGen: 174912K(216576K)->42880K(225280K) Eden: 132096K(132096K)->0K(139776K) From: 42816K(84480K)->42880K(85504K)
[143.084s][info][gc,heap        ] GC(449) ParOldGen: 515472K(667648K)->515472K(667648K)
[143.084s][info][gc,metaspace   ] GC(449) Metaspace: 18255K(18368K)->18255K(18368K) NonClass: 16427K(16512K)->16427K(16512K) Class: 1828K(1856K)->1828K(1856K)
[143.084s][info][gc             ] GC(449) Pause Young (Allocation Failure) 674M->545M(872M) 42.191ms
[143.084s][info][gc,cpu         ] GC(449) User=0.08s Sys=0.00s Real=0.04s
[143.231s][info][gc,start       ] GC(450) Pause Young (Allocation Failure)
[143.280s][info][gc,heap        ] GC(450) PSYoungGen: 182656K(225280K)->52224K(225792K) Eden: 139776K(139776K)->0K(139776K) From: 42880K(85504K)->52224K(86016K)
[143.280s][info][gc,heap        ] GC(450) ParOldGen: 515472K(667648K)->515472K(667648K)
[143.280s][info][gc,metaspace   ] GC(450) Metaspace: 18255K(18368K)->18255K(18368K) NonClass: 16427K(16512K)->16427K(16512K) Class: 1828K(1856K)->1828K(1856K)
[143.280s][info][gc             ] GC(450) Pause Young (Allocation Failure) 681M->554M(872M) 49.275ms
[143.280s][info][gc,cpu         ] GC(450) User=0.10s Sys=0.00s Real=0.05s
[143.402s][info][gc,start       ] GC(451) Pause Young (Allocation Failure)
[143.472s][info][gc,heap        ] GC(451) PSYoungGen: 192000K(225792K)->67968K(227840K) Eden: 139776K(139776K)->0K(138240K) From: 52224K(86016K)->67968K(89600K)
[143.472s][info][gc,heap        ] GC(451) ParOldGen: 515472K(667648K)->515472K(667648K)
[143.472s][info][gc,metaspace   ] GC(451) Metaspace: 18255K(18368K)->18255K(18368K) NonClass: 16427K(16512K)->16427K(16512K) Class: 1828K(1856K)->1828K(1856K)
[143.473s][info][gc             ] GC(451) Pause Young (Allocation Failure) 690M->569M(874M) 70.324ms
[143.473s][info][gc,cpu         ] GC(451) User=0.13s Sys=0.00s Real=0.07s
[143.658s][info][gc,start       ] GC(452) Pause Young (Allocation Failure)
[143.743s][info][gc,heap        ] GC(452) PSYoungGen: 206208K(227840K)->90400K(228864K) Eden: 138240K(138240K)->0K(138240K) From: 67968K(89600K)->90400K(90624K)
[143.743s][info][gc,heap        ] GC(452) ParOldGen: 515472K(667648K)->515472K(667648K)
[143.743s][info][gc,metaspace   ] GC(452) Metaspace: 18255K(18368K)->18255K(18368K) NonClass: 16427K(16512K)->16427K(16512K) Class: 1828K(1856K)->1828K(1856K)
[143.743s][info][gc             ] GC(452) Pause Young (Allocation Failure) 704M->591M(875M) 85.214ms
[143.743s][info][gc,cpu         ] GC(452) User=0.17s Sys=0.00s Real=0.09s
[143.909s][info][gc,start       ] GC(453) Pause Young (Allocation Failure)
[144.018s][info][gc,heap        ] GC(453) PSYoungGen: 228640K(228864K)->104944K(216576K) Eden: 138240K(138240K)->0K(111616K) From: 90400K(90624K)->104944K(104960K)
[144.018s][info][gc,heap        ] GC(453) ParOldGen: 515472K(667648K)->516233K(667648K)
[144.018s][info][gc,metaspace   ] GC(453) Metaspace: 18256K(18368K)->18256K(18368K) NonClass: 16428K(16512K)->16428K(16512K) Class: 1828K(1856K)->1828K(1856K)
[144.018s][info][gc             ] GC(453) Pause Young (Allocation Failure) 726M->606M(863M) 109.175ms
[144.018s][info][gc,cpu         ] GC(453) User=0.20s Sys=0.02s Real=0.11s
[144.124s][info][gc,start       ] GC(454) Pause Young (Allocation Failure)
[144.231s][info][gc,heap        ] GC(454) PSYoungGen: 216560K(216576K)->106528K(222720K) Eden: 111616K(111616K)->0K(111616K) From: 104944K(104960K)->106528K(111104K)
[144.231s][info][gc,heap        ] GC(454) ParOldGen: 516233K(667648K)->516233K(667648K)
[144.231s][info][gc,metaspace   ] GC(454) Metaspace: 18256K(18368K)->18256K(18368K) NonClass: 16428K(16512K)->16428K(16512K) Class: 1828K(1856K)->1828K(1856K)
[144.231s][info][gc             ] GC(454) Pause Young (Allocation Failure) 715M->608M(869M) 106.932ms
[144.231s][info][gc,cpu         ] GC(454) User=0.21s Sys=0.00s Real=0.10s
[144.364s][info][gc,start       ] GC(455) Pause Young (Allocation Failure)
[144.466s][info][gc,heap        ] GC(455) PSYoungGen: 218144K(222720K)->103184K(222720K) Eden: 111616K(111616K)->0K(111616K) From: 106528K(111104K)->103184K(111104K)
[144.466s][info][gc,heap        ] GC(455) ParOldGen: 516233K(667648K)->523305K(667648K)
[144.466s][info][gc,metaspace   ] GC(455) Metaspace: 18257K(18368K)->18257K(18368K) NonClass: 16428K(16512K)->16428K(16512K) Class: 1828K(1856K)->1828K(1856K)
[144.466s][info][gc             ] GC(455) Pause Young (Allocation Failure) 717M->611M(869M) 102.333ms
[144.466s][info][gc,cpu         ] GC(455) User=0.21s Sys=0.00s Real=0.10s
[144.569s][info][gc,start       ] GC(456) Pause Young (Allocation Failure)
[144.666s][info][gc,heap        ] GC(456) PSYoungGen: 214800K(222720K)->76256K(222720K) Eden: 111616K(111616K)->0K(111616K) From: 103184K(111104K)->76256K(111104K)
[144.666s][info][gc,heap        ] GC(456) ParOldGen: 523305K(667648K)->550393K(667648K)
[144.666s][info][gc,metaspace   ] GC(456) Metaspace: 18257K(18368K)->18257K(18368K) NonClass: 16428K(16512K)->16428K(16512K) Class: 1828K(1856K)->1828K(1856K)
[144.666s][info][gc             ] GC(456) Pause Young (Allocation Failure) 720M->611M(869M) 96.205ms
[144.666s][info][gc,cpu         ] GC(456) User=0.19s Sys=0.00s Real=0.10s
[144.804s][info][gc,start       ] GC(457) Pause Young (Allocation Failure)
[144.885s][info][gc,heap        ] GC(457) PSYoungGen: 187872K(222720K)->80240K(222720K) Eden: 111616K(111616K)->0K(111616K) From: 76256K(111104K)->80240K(111104K)
[144.885s][info][gc,heap        ] GC(457) ParOldGen: 550393K(667648K)->555601K(667648K)
[144.885s][info][gc,metaspace   ] GC(457) Metaspace: 18257K(18368K)->18257K(18368K) NonClass: 16428K(16512K)->16428K(16512K) Class: 1828K(1856K)->1828K(1856K)
[144.885s][info][gc             ] GC(457) Pause Young (Allocation Failure) 720M->620M(869M) 80.686ms
[144.885s][info][gc,cpu         ] GC(457) User=0.16s Sys=0.00s Real=0.08s
[145.006s][info][gc,start       ] GC(458) Pause Young (Allocation Failure)
[145.097s][info][gc,heap        ] GC(458) PSYoungGen: 191856K(222720K)->92544K(222720K) Eden: 111616K(111616K)->0K(111616K) From: 80240K(111104K)->92544K(111104K)
[145.097s][info][gc,heap        ] GC(458) ParOldGen: 555601K(667648K)->559265K(667648K)
[145.097s][info][gc,metaspace   ] GC(458) Metaspace: 18257K(18368K)->18257K(18368K) NonClass: 16428K(16512K)->16428K(16512K) Class: 1828K(1856K)->1828K(1856K)
[145.097s][info][gc             ] GC(458) Pause Young (Allocation Failure) 729M->636M(869M) 91.047ms
[145.097s][info][gc,cpu         ] GC(458) User=0.18s Sys=0.00s Real=0.09s
[145.458s][info][gc,start       ] GC(459) Pause Young (Allocation Failure)
[145.545s][info][gc,heap        ] GC(459) PSYoungGen: 204160K(222720K)->68240K(222720K) Eden: 111616K(111616K)->0K(111616K) From: 92544K(111104K)->68240K(111104K)
[145.545s][info][gc,heap        ] GC(459) ParOldGen: 559265K(667648K)->583697K(667648K)
[145.545s][info][gc,metaspace   ] GC(459) Metaspace: 18257K(18368K)->18257K(18368K) NonClass: 16429K(16512K)->16429K(16512K) Class: 1828K(1856K)->1828K(1856K)
[145.545s][info][gc             ] GC(459) Pause Young (Allocation Failure) 745M->636M(869M) 87.083ms
[145.545s][info][gc,cpu         ] GC(459) User=0.17s Sys=0.00s Real=0.09s
[145.808s][info][gc,start       ] GC(460) Pause Young (Allocation Failure)
[145.873s][info][gc,heap        ] GC(460) PSYoungGen: 179856K(222720K)->30560K(222720K) Eden: 111616K(111616K)->0K(111616K) From: 68240K(111104K)->30560K(111104K)
[145.873s][info][gc,heap        ] GC(460) ParOldGen: 583697K(667648K)->621561K(667648K)
[145.873s][info][gc,metaspace   ] GC(460) Metaspace: 18257K(18368K)->18257K(18368K) NonClass: 16429K(16512K)->16429K(16512K) Class: 1828K(1856K)->1828K(1856K)
[145.873s][info][gc             ] GC(460) Pause Young (Allocation Failure) 745M->636M(869M) 65.072ms
[145.873s][info][gc,cpu         ] GC(460) User=0.13s Sys=0.00s Real=0.07s
[146.158s][info][gc,start       ] GC(461) Pause Young (Allocation Failure)
[146.189s][info][gc,heap        ] GC(461) PSYoungGen: 142176K(222720K)->25360K(222720K) Eden: 111616K(111616K)->0K(111616K) From: 30560K(111104K)->25360K(111104K)
[146.189s][info][gc,heap        ] GC(461) ParOldGen: 621561K(667648K)->626793K(667648K)
[146.189s][info][gc,metaspace   ] GC(461) Metaspace: 18257K(18368K)->18257K(18368K) NonClass: 16429K(16512K)->16429K(16512K) Class: 1828K(1856K)->1828K(1856K)
[146.189s][info][gc             ] GC(461) Pause Young (Allocation Failure) 745M->636M(869M) 30.628ms
[146.189s][info][gc,cpu         ] GC(461) User=0.06s Sys=0.00s Real=0.03s
[146.445s][info][gc,start       ] GC(462) Pause Full (Allocation Failure)
[146.445s][info][gc,phases,start] GC(462) Marking Phase
[146.905s][info][gc,phases      ] GC(462) Marking Phase 459.864ms
[146.905s][info][gc,phases,start] GC(462) Summary Phase
[146.905s][info][gc,phases      ] GC(462) Summary Phase 0.024ms
[146.905s][info][gc,phases,start] GC(462) Forward
[146.937s][info][gc,phases      ] GC(462) Forward 31.419ms
[146.937s][info][gc,phases,start] GC(462) Adjust Pointers
[147.249s][info][gc,phases      ] GC(462) Adjust Pointers 312.483ms
[147.249s][info][gc,phases,start] GC(462) Compaction Phase
[147.400s][info][gc,phases      ] GC(462) Compaction Phase 150.897ms
[147.400s][info][gc,phases,start] GC(462) Post Compact
[147.402s][info][gc,phases      ] GC(462) Post Compact 2.183ms
[147.402s][info][gc,heap        ] GC(462) PSYoungGen: 136976K(222720K)->0K(222720K) Eden: 111616K(111616K)->0K(111616K) From: 25360K(111104K)->0K(111104K)
[147.402s][info][gc,heap        ] GC(462) ParOldGen: 626793K(667648K)->651006K(667648K)
[147.402s][info][gc,metaspace   ] GC(462) Metaspace: 18257K(18368K)->18257K(18368K) NonClass: 16429K(16512K)->16429K(16512K) Class: 1828K(1856K)->1828K(1856K)
[147.402s][info][gc             ] GC(462) Pause Full (Allocation Failure) 745M->635M(869M) 957.303ms
[147.402s][info][gc,cpu         ] GC(462) User=1.88s Sys=0.00s Real=0.96s
[147.655s][info][gc,start       ] GC(463) Pause Full (Allocation Failure)
[147.655s][info][gc,phases,start] GC(463) Marking Phase
[148.100s][info][gc,phases      ] GC(463) Marking Phase 444.749ms
[148.100s][info][gc,phases,start] GC(463) Summary Phase
[148.100s][info][gc,phases      ] GC(463) Summary Phase 0.025ms
[148.100s][info][gc,phases,start] GC(463) Forward
[148.100s][info][gc,phases      ] GC(463) Forward 0.284ms
[148.100s][info][gc,phases,start] GC(463) Adjust Pointers
[148.403s][info][gc,phases      ] GC(463) Adjust Pointers 302.430ms
[148.403s][info][gc,phases,start] GC(463) Compaction Phase
[148.529s][info][gc,phases      ] GC(463) Compaction Phase 125.603ms
[148.529s][info][gc,phases,start] GC(463) Post Compact
[148.531s][info][gc,phases      ] GC(463) Post Compact 2.154ms
[148.531s][info][gc,heap        ] GC(463) PSYoungGen: 111616K(222720K)->0K(222720K) Eden: 111616K(111616K)->0K(111616K) From: 0K(111104K)->0K(111104K)
[148.531s][info][gc,heap        ] GC(463) ParOldGen: 651006K(667648K)->651009K(667648K)
[148.531s][info][gc,metaspace   ] GC(463) Metaspace: 18257K(18368K)->18257K(18368K) NonClass: 16429K(16512K)->16429K(16512K) Class: 1828K(1856K)->1828K(1856K)
[148.531s][info][gc             ] GC(463) Pause Full (Allocation Failure) 744M->635M(869M) 875.650ms
[148.531s][info][gc,cpu         ] GC(463) User=1.72s Sys=0.00s Real=0.87s
[148.815s][info][gc,start       ] GC(464) Pause Full (Allocation Failure)
[148.815s][info][gc,phases,start] GC(464) Marking Phase
[149.194s][info][gc,phases      ] GC(464) Marking Phase 378.888ms
[149.194s][info][gc,phases,start] GC(464) Summary Phase
[149.194s][info][gc,phases      ] GC(464) Summary Phase 0.028ms
[149.194s][info][gc,phases,start] GC(464) Forward
[149.277s][info][gc,phases      ] GC(464) Forward 83.194ms
[149.277s][info][gc,phases,start] GC(464) Adjust Pointers
[149.559s][info][gc,phases      ] GC(464) Adjust Pointers 281.711ms
[149.559s][info][gc,phases,start] GC(464) Compaction Phase
[149.699s][info][gc,phases      ] GC(464) Compaction Phase 139.971ms
[149.705s][info][gc,phases,start] GC(464) Post Compact
[149.707s][info][gc,phases      ] GC(464) Post Compact 2.219ms
[149.707s][info][gc,heap        ] GC(464) PSYoungGen: 111616K(222720K)->0K(222720K) Eden: 111616K(111616K)->0K(111616K) From: 0K(111104K)->0K(111104K)
[149.707s][info][gc,heap        ] GC(464) ParOldGen: 651009K(667648K)->556299K(667648K)
[149.707s][info][gc,metaspace   ] GC(464) Metaspace: 18257K(18368K)->18257K(18368K) NonClass: 16429K(16512K)->16429K(16512K) Class: 1828K(1856K)->1828K(1856K)
[149.707s][info][gc             ] GC(464) Pause Full (Allocation Failure) 744M->543M(869M) 892.335ms
[149.707s][info][gc,cpu         ] GC(464) User=1.72s Sys=0.00s Real=0.89s
[149.914s][info][gc,start       ] GC(465) Pause Young (Allocation Failure)
[149.917s][info][gc,heap        ] GC(465) PSYoungGen: 111616K(222720K)->2208K(222720K) Eden: 111616K(111616K)->0K(111616K) From: 0K(111104K)->2208K(111104K)
[149.917s][info][gc,heap        ] GC(465) ParOldGen: 556299K(667648K)->556299K(667648K)
[149.917s][info][gc,metaspace   ] GC(465) Metaspace: 18257K(18368K)->18257K(18368K) NonClass: 16429K(16512K)->16429K(16512K) Class: 1828K(1856K)->1828K(1856K)
[149.917s][info][gc             ] GC(465) Pause Young (Allocation Failure) 652M->545M(869M) 3.760ms
[149.917s][info][gc,cpu         ] GC(465) User=0.00s Sys=0.00s Real=0.00s
[150.039s][info][gc,start       ] GC(466) Pause Young (Allocation Failure)
[150.066s][info][gc,heap        ] GC(466) PSYoungGen: 113824K(222720K)->37424K(222720K) Eden: 111616K(111616K)->0K(111616K) From: 2208K(111104K)->37424K(111104K)
[150.066s][info][gc,heap        ] GC(466) ParOldGen: 556299K(667648K)->556299K(667648K)
[150.066s][info][gc,metaspace   ] GC(466) Metaspace: 18257K(18368K)->18257K(18368K) NonClass: 16429K(16512K)->16429K(16512K) Class: 1828K(1856K)->1828K(1856K)
[150.066s][info][gc             ] GC(466) Pause Young (Allocation Failure) 654M->579M(869M) 27.556ms
[150.066s][info][gc,cpu         ] GC(466) User=0.06s Sys=0.00s Real=0.03s
[150.191s][info][gc,start       ] GC(467) Pause Young (Allocation Failure)
[150.273s][info][gc,heap        ] GC(467) PSYoungGen: 149040K(222720K)->74592K(222720K) Eden: 111616K(111616K)->0K(111616K) From: 37424K(111104K)->74592K(111104K)
[150.273s][info][gc,heap        ] GC(467) ParOldGen: 556299K(667648K)->556299K(667648K)
[150.273s][info][gc,metaspace   ] GC(467) Metaspace: 18258K(18368K)->18258K(18368K) NonClass: 16429K(16512K)->16429K(16512K) Class: 1828K(1856K)->1828K(1856K)
[150.273s][info][gc             ] GC(467) Pause Young (Allocation Failure) 688M->616M(869M) 82.799ms
[150.273s][info][gc,cpu         ] GC(467) User=0.17s Sys=0.00s Real=0.09s
[150.443s][info][gc,start       ] GC(468) Pause Young (Allocation Failure)
[150.490s][info][gc,heap        ] GC(468) PSYoungGen: 186208K(222720K)->40256K(222720K) Eden: 111616K(111616K)->0K(111616K) From: 74592K(111104K)->40256K(111104K)
[150.490s][info][gc,heap        ] GC(468) ParOldGen: 556299K(667648K)->594147K(667648K)
[150.490s][info][gc,metaspace   ] GC(468) Metaspace: 18258K(18368K)->18258K(18368K) NonClass: 16429K(16512K)->16429K(16512K) Class: 1828K(1856K)->1828K(1856K)
[150.490s][info][gc             ] GC(468) Pause Young (Allocation Failure) 725M->619M(869M) 47.135ms
[150.490s][info][gc,cpu         ] GC(468) User=0.10s Sys=0.00s Real=0.04s
[150.660s][info][gc,start       ] GC(469) Pause Young (Allocation Failure)
[150.721s][info][gc,heap        ] GC(469) PSYoungGen: 151872K(222720K)->19574K(222720K) Eden: 111616K(111616K)->0K(111616K) From: 40256K(111104K)->19574K(111104K)
[150.721s][info][gc,heap        ] GC(469) ParOldGen: 594147K(667648K)->634803K(667648K)
[150.721s][info][gc,metaspace   ] GC(469) Metaspace: 18258K(18368K)->18258K(18368K) NonClass: 16429K(16512K)->16429K(16512K) Class: 1828K(1856K)->1828K(1856K)
[150.721s][info][gc             ] GC(469) Pause Young (Allocation Failure) 728M->639M(869M) 60.930ms
[150.721s][info][gc,cpu         ] GC(469) User=0.12s Sys=0.00s Real=0.06s
[150.907s][info][gc,start       ] GC(470) Pause Full (Allocation Failure)
[150.907s][info][gc,phases,start] GC(470) Marking Phase
[151.106s][info][gc,phases      ] GC(470) Marking Phase 199.613ms
[151.106s][info][gc,phases,start] GC(470) Summary Phase
[151.107s][info][gc,phases      ] GC(470) Summary Phase 0.025ms
[151.107s][info][gc,phases,start] GC(470) Forward
[151.187s][info][gc,phases      ] GC(470) Forward 80.398ms
[151.187s][info][gc,phases,start] GC(470) Adjust Pointers
[151.343s][info][gc,phases      ] GC(470) Adjust Pointers 156.217ms
[151.343s][info][gc,phases,start] GC(470) Compaction Phase
[151.436s][info][gc,phases      ] GC(470) Compaction Phase 92.584ms
[151.446s][info][gc,phases,start] GC(470) Post Compact
[151.448s][info][gc,phases      ] GC(470) Post Compact 2.238ms
[151.454s][info][gc,heap        ] GC(470) PSYoungGen: 131190K(222720K)->0K(222720K) Eden: 111616K(111616K)->0K(111616K) From: 19574K(111104K)->0K(111104K)
[151.454s][info][gc,heap        ] GC(470) ParOldGen: 634803K(667648K)->316474K(595968K)
[151.454s][info][gc,metaspace   ] GC(470) Metaspace: 18258K(18368K)->18258K(18368K) NonClass: 16429K(16512K)->16429K(16512K) Class: 1828K(1856K)->1828K(1856K)
[151.454s][info][gc             ] GC(470) Pause Full (Allocation Failure) 748M->309M(799M) 547.586ms
[151.454s][info][gc,cpu         ] GC(470) User=0.98s Sys=0.01s Real=0.55s
[151.640s][info][gc,start       ] GC(471) Pause Young (Allocation Failure)
[151.641s][info][gc,heap        ] GC(471) PSYoungGen: 111616K(222720K)->160K(222720K) Eden: 111616K(111616K)->0K(111616K) From: 0K(111104K)->160K(111104K)
[151.641s][info][gc,heap        ] GC(471) ParOldGen: 316474K(595968K)->316474K(595968K)
[151.641s][info][gc,metaspace   ] GC(471) Metaspace: 18258K(18368K)->18258K(18368K) NonClass: 16429K(16512K)->16429K(16512K) Class: 1828K(1856K)->1828K(1856K)
[151.641s][info][gc             ] GC(471) Pause Young (Allocation Failure) 418M->309M(799M) 1.294ms
[151.641s][info][gc,cpu         ] GC(471) User=0.00s Sys=0.00s Real=0.00s
[151.792s][info][gc,start       ] GC(472) Pause Young (Allocation Failure)
[151.796s][info][gc,heap        ] GC(472) PSYoungGen: 111776K(222720K)->2400K(222720K) Eden: 111616K(111616K)->0K(111616K) From: 160K(111104K)->2400K(111104K)
[151.796s][info][gc,heap        ] GC(472) ParOldGen: 316474K(595968K)->316626K(595968K)
[151.796s][info][gc,metaspace   ] GC(472) Metaspace: 18258K(18368K)->18258K(18368K) NonClass: 16429K(16512K)->16429K(16512K) Class: 1828K(1856K)->1828K(1856K)
[151.796s][info][gc             ] GC(472) Pause Young (Allocation Failure) 418M->311M(799M) 3.560ms
[151.796s][info][gc,cpu         ] GC(472) User=0.01s Sys=0.00s Real=0.00s
[151.862s][info][gc,start       ] GC(473) Pause Young (Allocation Failure)
[151.888s][info][gc,heap        ] GC(473) PSYoungGen: 114016K(222720K)->34144K(222720K) Eden: 111616K(111616K)->0K(111616K) From: 2400K(111104K)->34144K(111104K)
[151.888s][info][gc,heap        ] GC(473) ParOldGen: 316626K(595968K)->318994K(595968K)
[151.888s][info][gc,metaspace   ] GC(473) Metaspace: 18258K(18368K)->18258K(18368K) NonClass: 16429K(16512K)->16429K(16512K) Class: 1828K(1856K)->1828K(1856K)
[151.888s][info][gc             ] GC(473) Pause Young (Allocation Failure) 420M->344M(799M) 26.673ms
[151.888s][info][gc,cpu         ] GC(473) User=0.05s Sys=0.00s Real=0.02s
[151.947s][info][gc,start       ] GC(474) Pause Young (Allocation Failure)
[151.993s][info][gc,heap        ] GC(474) PSYoungGen: 145760K(222720K)->37216K(222720K) Eden: 111616K(111616K)->0K(111616K) From: 34144K(111104K)->37216K(111104K)
[151.993s][info][gc,heap        ] GC(474) ParOldGen: 318994K(595968K)->353634K(595968K)
[151.993s][info][gc,metaspace   ] GC(474) Metaspace: 18258K(18368K)->18258K(18368K) NonClass: 16429K(16512K)->16429K(16512K) Class: 1828K(1856K)->1828K(1856K)
[151.993s][info][gc             ] GC(474) Pause Young (Allocation Failure) 453M->381M(799M) 45.753ms
[151.993s][info][gc,cpu         ] GC(474) User=0.09s Sys=0.00s Real=0.05s
[152.123s][info][gc,start       ] GC(475) Pause Young (Allocation Failure)
[152.152s][info][gc,heap        ] GC(475) PSYoungGen: 148832K(222720K)->47712K(214528K) Eden: 111616K(111616K)->0K(111616K) From: 37216K(111104K)->47712K(102912K)
[152.152s][info][gc,heap        ] GC(475) ParOldGen: 353634K(595968K)->353634K(595968K)
[152.152s][info][gc,metaspace   ] GC(475) Metaspace: 18258K(18368K)->18258K(18368K) NonClass: 16429K(16512K)->16429K(16512K) Class: 1828K(1856K)->1828K(1856K)
[152.152s][info][gc             ] GC(475) Pause Young (Allocation Failure) 490M->391M(791M) 29.097ms
[152.152s][info][gc,cpu         ] GC(475) User=0.06s Sys=0.00s Real=0.03s
[152.281s][info][gc,start       ] GC(476) Pause Young (Allocation Failure)
[152.308s][info][gc,heap        ] GC(476) PSYoungGen: 159328K(214528K)->47808K(218624K) Eden: 111616K(111616K)->0K(111616K) From: 47712K(102912K)->47808K(107008K)
[152.309s][info][gc,heap        ] GC(476) ParOldGen: 353634K(595968K)->353634K(595968K)
[152.309s][info][gc,metaspace   ] GC(476) Metaspace: 18258K(18368K)->18258K(18368K) NonClass: 16429K(16512K)->16429K(16512K) Class: 1828K(1856K)->1828K(1856K)
[152.309s][info][gc             ] GC(476) Pause Young (Allocation Failure) 500M->392M(795M) 27.855ms
[152.309s][info][gc,cpu         ] GC(476) User=0.05s Sys=0.00s Real=0.03s
[152.426s][info][gc,start       ] GC(477) Pause Young (Allocation Failure)
[152.454s][info][gc,heap        ] GC(477) PSYoungGen: 159424K(218624K)->47872K(214016K) Eden: 111616K(111616K)->0K(118272K) From: 47808K(107008K)->47872K(95744K)
[152.454s][info][gc,heap        ] GC(477) ParOldGen: 353634K(595968K)->353634K(595968K)
[152.454s][info][gc,metaspace   ] GC(477) Metaspace: 18258K(18368K)->18258K(18368K) NonClass: 16429K(16512K)->16429K(16512K) Class: 1828K(1856K)->1828K(1856K)
[152.454s][info][gc             ] GC(477) Pause Young (Allocation Failure) 501M->392M(791M) 28.608ms
[152.454s][info][gc,cpu         ] GC(477) User=0.05s Sys=0.00s Real=0.03s
[152.573s][info][gc,start       ] GC(478) Pause Young (Allocation Failure)
[152.600s][info][gc,heap        ] GC(478) PSYoungGen: 166144K(214016K)->48000K(218112K) Eden: 118272K(118272K)->0K(118272K) From: 47872K(95744K)->48000K(99840K)
[152.600s][info][gc,heap        ] GC(478) ParOldGen: 353634K(595968K)->353634K(595968K)
[152.600s][info][gc,metaspace   ] GC(478) Metaspace: 18258K(18368K)->18258K(18368K) NonClass: 16429K(16512K)->16429K(16512K) Class: 1828K(1856K)->1828K(1856K)
[152.600s][info][gc             ] GC(478) Pause Young (Allocation Failure) 507M->392M(795M) 27.693ms
[152.600s][info][gc,cpu         ] GC(478) User=0.05s Sys=0.00s Real=0.02s
[152.720s][info][gc,start       ] GC(479) Pause Young (Allocation Failure)
[152.749s][info][gc,heap        ] GC(479) PSYoungGen: 166272K(218112K)->48096K(215040K) Eden: 118272K(118272K)->0K(125440K) From: 48000K(99840K)->48096K(89600K)
[152.749s][info][gc,heap        ] GC(479) ParOldGen: 353634K(595968K)->353634K(595968K)
[152.749s][info][gc,metaspace   ] GC(479) Metaspace: 18258K(18368K)->18258K(18368K) NonClass: 16429K(16512K)->16429K(16512K) Class: 1828K(1856K)->1828K(1856K)
[152.749s][info][gc             ] GC(479) Pause Young (Allocation Failure) 507M->392M(792M) 28.731ms
[152.749s][info][gc,cpu         ] GC(479) User=0.06s Sys=0.00s Real=0.03s
[152.877s][info][gc,start       ] GC(480) Pause Young (Allocation Failure)
[152.905s][info][gc,heap        ] GC(480) PSYoungGen: 173536K(215040K)->48160K(218624K) Eden: 125440K(125440K)->0K(125440K) From: 48096K(89600K)->48160K(93184K)
[152.905s][info][gc,heap        ] GC(480) ParOldGen: 353634K(595968K)->353634K(595968K)
[152.905s][info][gc,metaspace   ] GC(480) Metaspace: 18258K(18368K)->18258K(18368K) NonClass: 16429K(16512K)->16429K(16512K) Class: 1828K(1856K)->1828K(1856K)
[152.905s][info][gc             ] GC(480) Pause Young (Allocation Failure) 514M->392M(795M) 28.178ms
[152.905s][info][gc,cpu         ] GC(480) User=0.05s Sys=0.00s Real=0.03s
[153.033s][info][gc,start       ] GC(481) Pause Young (Allocation Failure)
[153.063s][info][gc,heap        ] GC(481) PSYoungGen: 173600K(218624K)->48288K(217088K) Eden: 125440K(125440K)->0K(132608K) From: 48160K(93184K)->48288K(84480K)
[153.063s][info][gc,heap        ] GC(481) ParOldGen: 353634K(595968K)->353634K(595968K)
[153.063s][info][gc,metaspace   ] GC(481) Metaspace: 18258K(18368K)->18258K(18368K) NonClass: 16429K(16512K)->16429K(16512K) Class: 1828K(1856K)->1828K(1856K)
[153.063s][info][gc             ] GC(481) Pause Young (Allocation Failure) 514M->392M(794M) 29.444ms
[153.063s][info][gc,cpu         ] GC(481) User=0.06s Sys=0.00s Real=0.03s
[153.196s][info][gc,start       ] GC(482) Pause Young (Allocation Failure)
[153.224s][info][gc,heap        ] GC(482) PSYoungGen: 180896K(217088K)->48384K(220160K) Eden: 132608K(132608K)->0K(132608K) From: 48288K(84480K)->48384K(87552K)
[153.224s][info][gc,heap        ] GC(482) ParOldGen: 353634K(595968K)->353634K(595968K)
[153.224s][info][gc,metaspace   ] GC(482) Metaspace: 18258K(18368K)->18258K(18368K) NonClass: 16429K(16512K)->16429K(16512K) Class: 1828K(1856K)->1828K(1856K)
[153.224s][info][gc             ] GC(482) Pause Young (Allocation Failure) 522M->392M(797M) 28.565ms
[153.224s][info][gc,cpu         ] GC(482) User=0.06s Sys=0.00s Real=0.03s
[153.354s][info][gc,start       ] GC(483) Pause Young (Allocation Failure)
[153.384s][info][gc,heap        ] GC(483) PSYoungGen: 180992K(220160K)->48448K(220160K) Eden: 132608K(132608K)->0K(140288K) From: 48384K(87552K)->48448K(79872K)
[153.384s][info][gc,heap        ] GC(483) ParOldGen: 353634K(595968K)->353634K(595968K)
[153.384s][info][gc,metaspace   ] GC(483) Metaspace: 18258K(18368K)->18258K(18368K) NonClass: 16429K(16512K)->16429K(16512K) Class: 1828K(1856K)->1828K(1856K)
[153.384s][info][gc             ] GC(483) Pause Young (Allocation Failure) 522M->392M(797M) 29.798ms
[153.384s][info][gc,cpu         ] GC(483) User=0.06s Sys=0.00s Real=0.03s
[153.533s][info][gc,start       ] GC(484) Pause Young (Allocation Failure)
[153.571s][info][gc,heap        ] GC(484) PSYoungGen: 188736K(220160K)->52000K(222720K) Eden: 140288K(140288K)->0K(140288K) From: 48448K(79872K)->52000K(82432K)
[153.571s][info][gc,heap        ] GC(484) ParOldGen: 353634K(595968K)->353634K(595968K)
[153.571s][info][gc,metaspace   ] GC(484) Metaspace: 18258K(18368K)->18258K(18368K) NonClass: 16429K(16512K)->16429K(16512K) Class: 1828K(1856K)->1828K(1856K)
[153.571s][info][gc             ] GC(484) Pause Young (Allocation Failure) 529M->396M(799M) 37.983ms
[153.571s][info][gc,cpu         ] GC(484) User=0.07s Sys=0.00s Real=0.03s
[153.733s][info][gc,start       ] GC(485) Pause Young (Allocation Failure)
[153.814s][info][gc,heap        ] GC(485) PSYoungGen: 192288K(222720K)->81387K(219648K) Eden: 140288K(140288K)->0K(138240K) From: 52000K(82432K)->81387K(81408K)
[153.814s][info][gc,heap        ] GC(485) ParOldGen: 353634K(595968K)->354482K(595968K)
[153.814s][info][gc,metaspace   ] GC(485) Metaspace: 18258K(18368K)->18258K(18368K) NonClass: 16429K(16512K)->16429K(16512K) Class: 1828K(1856K)->1828K(1856K)
[153.814s][info][gc             ] GC(485) Pause Young (Allocation Failure) 533M->425M(796M) 81.234ms
[153.814s][info][gc,cpu         ] GC(485) User=0.16s Sys=0.01s Real=0.08s
[153.932s][info][gc,start       ] GC(486) Pause Young (Allocation Failure)
[154.029s][info][gc,heap        ] GC(486) PSYoungGen: 219627K(219648K)->54987K(229888K) Eden: 138240K(138240K)->0K(138240K) From: 81387K(81408K)->54987K(91648K)
[154.029s][info][gc,heap        ] GC(486) ParOldGen: 354482K(595968K)->402729K(595968K)
[154.029s][info][gc,metaspace   ] GC(486) Metaspace: 18258K(18368K)->18258K(18368K) NonClass: 16429K(16512K)->16429K(16512K) Class: 1828K(1856K)->1828K(1856K)
[154.029s][info][gc             ] GC(486) Pause Young (Allocation Failure) 560M->446M(806M) 96.839ms
[154.029s][info][gc,cpu         ] GC(486) User=0.20s Sys=0.00s Real=0.09s
[154.137s][info][gc,start       ] GC(487) Pause Young (Allocation Failure)
[154.205s][info][gc,heap        ] GC(487) PSYoungGen: 193227K(229888K)->59019K(238080K) Eden: 138240K(138240K)->0K(148992K) From: 54987K(91648K)->59019K(89088K)
[154.205s][info][gc,heap        ] GC(487) ParOldGen: 402729K(595968K)->402729K(595968K)
[154.205s][info][gc,metaspace   ] GC(487) Metaspace: 18258K(18368K)->18258K(18368K) NonClass: 16429K(16512K)->16429K(16512K) Class: 1828K(1856K)->1828K(1856K)
[154.205s][info][gc             ] GC(487) Pause Young (Allocation Failure) 581M->450M(814M) 68.842ms
[154.205s][info][gc,cpu         ] GC(487) User=0.14s Sys=0.00s Real=0.07s
[154.319s][info][gc,start       ] GC(488) Pause Young (Allocation Failure)
[154.389s][info][gc,heap        ] GC(488) PSYoungGen: 208011K(238080K)->60523K(238080K) Eden: 148992K(148992K)->0K(148992K) From: 59019K(89088K)->60523K(89088K)
[154.389s][info][gc,heap        ] GC(488) ParOldGen: 402729K(595968K)->402729K(595968K)
[154.389s][info][gc,metaspace   ] GC(488) Metaspace: 18258K(18368K)->18258K(18368K) NonClass: 16429K(16512K)->16429K(16512K) Class: 1828K(1856K)->1828K(1856K)
[154.389s][info][gc             ] GC(488) Pause Young (Allocation Failure) 596M->452M(814M) 69.812ms
[154.389s][info][gc,cpu         ] GC(488) User=0.14s Sys=0.00s Real=0.07s
[154.517s][info][gc,start       ] GC(489) Pause Young (Allocation Failure)
[154.590s][info][gc,heap        ] GC(489) PSYoungGen: 209515K(238080K)->64235K(242688K) Eden: 148992K(148992K)->0K(153600K) From: 60523K(89088K)->64235K(89088K)
[154.590s][info][gc,heap        ] GC(489) ParOldGen: 402729K(595968K)->402729K(595968K)
[154.590s][info][gc,metaspace   ] GC(489) Metaspace: 18258K(18368K)->18258K(18368K) NonClass: 16429K(16512K)->16429K(16512K) Class: 1828K(1856K)->1828K(1856K)
[154.590s][info][gc             ] GC(489) Pause Young (Allocation Failure) 597M->456M(819M) 72.871ms
[154.590s][info][gc,cpu         ] GC(489) User=0.14s Sys=0.00s Real=0.07s
[154.703s][info][gc,start       ] GC(490) Pause Young (Allocation Failure)
[154.777s][info][gc,heap        ] GC(490) PSYoungGen: 217835K(242688K)->64267K(218112K) Eden: 153600K(153600K)->0K(153600K) From: 64235K(89088K)->64267K(64512K)
[154.777s][info][gc,heap        ] GC(490) ParOldGen: 402729K(595968K)->402729K(595968K)
[154.777s][info][gc,metaspace   ] GC(490) Metaspace: 18258K(18368K)->18258K(18368K) NonClass: 16429K(16512K)->16429K(16512K) Class: 1828K(1856K)->1828K(1856K)
[154.777s][info][gc             ] GC(490) Pause Young (Allocation Failure) 606M->456M(795M) 73.972ms
[154.777s][info][gc,cpu         ] GC(490) User=0.15s Sys=0.00s Real=0.07s
[154.954s][info][gc,start       ] GC(491) Pause Young (Allocation Failure)
[155.041s][info][gc,heap        ] GC(491) PSYoungGen: 217867K(218112K)->76412K(233984K) Eden: 153600K(153600K)->0K(143360K) From: 64267K(64512K)->76412K(90624K)
[155.041s][info][gc,heap        ] GC(491) ParOldGen: 402729K(595968K)->402801K(595968K)
[155.041s][info][gc,metaspace   ] GC(491) Metaspace: 18258K(18368K)->18258K(18368K) NonClass: 16429K(16512K)->16429K(16512K) Class: 1828K(1856K)->1828K(1856K)
[155.041s][info][gc             ] GC(491) Pause Young (Allocation Failure) 606M->467M(810M) 87.272ms
[155.041s][info][gc,cpu         ] GC(491) User=0.17s Sys=0.01s Real=0.08s
[155.173s][info][gc,start       ] GC(492) Pause Young (Allocation Failure)
[155.267s][info][gc,heap        ] GC(492) PSYoungGen: 219772K(233984K)->89355K(232960K) Eden: 143360K(143360K)->0K(143360K) From: 76412K(90624K)->89355K(89600K)
[155.268s][info][gc,heap        ] GC(492) ParOldGen: 402801K(595968K)->402905K(595968K)
[155.268s][info][gc,metaspace   ] GC(492) Metaspace: 18258K(18368K)->18258K(18368K) NonClass: 16429K(16512K)->16429K(16512K) Class: 1828K(1856K)->1828K(1856K)
[155.268s][info][gc             ] GC(492) Pause Young (Allocation Failure) 607M->480M(809M) 95.002ms
[155.268s][info][gc,cpu         ] GC(492) User=0.19s Sys=0.00s Real=0.09s
[155.542s][info][gc,start       ] GC(493) Pause Young (Allocation Failure)
[155.637s][info][gc,heap        ] GC(493) PSYoungGen: 232715K(232960K)->89259K(214528K) Eden: 143360K(143360K)->0K(113664K) From: 89355K(89600K)->89259K(100864K)
[155.637s][info][gc,heap        ] GC(493) ParOldGen: 402905K(595968K)->403041K(595968K)
[155.637s][info][gc,metaspace   ] GC(493) Metaspace: 18258K(18368K)->18258K(18368K) NonClass: 16429K(16512K)->16429K(16512K) Class: 1828K(1856K)->1828K(1856K)
[155.637s][info][gc             ] GC(493) Pause Young (Allocation Failure) 620M->480M(791M) 94.949ms
[155.637s][info][gc,cpu         ] GC(493) User=0.19s Sys=0.00s Real=0.10s
[155.805s][info][gc,start       ] GC(494) Pause Young (Allocation Failure)
[155.904s][info][gc,heap        ] GC(494) PSYoungGen: 202923K(214528K)->89180K(203264K) Eden: 113664K(113664K)->0K(113664K) From: 89259K(100864K)->89180K(89600K)
[155.904s][info][gc,heap        ] GC(494) ParOldGen: 403041K(595968K)->403137K(595968K)
[155.904s][info][gc,metaspace   ] GC(494) Metaspace: 18259K(18432K)->18259K(18432K) NonClass: 16430K(16576K)->16430K(16576K) Class: 1828K(1856K)->1828K(1856K)
[155.904s][info][gc             ] GC(494) Pause Young (Allocation Failure) 591M->480M(780M) 98.279ms
[155.904s][info][gc,cpu         ] GC(494) User=0.19s Sys=0.00s Real=0.10s
[156.055s][info][gc,start       ] GC(495) Pause Young (Allocation Failure)
[156.169s][info][gc,heap        ] GC(495) PSYoungGen: 202844K(203264K)->102603K(222720K) Eden: 113664K(113664K)->0K(111616K) From: 89180K(89600K)->102603K(111104K)
[156.170s][info][gc,heap        ] GC(495) ParOldGen: 403137K(595968K)->403329K(595968K)
[156.170s][info][gc,metaspace   ] GC(495) Metaspace: 18259K(18432K)->18259K(18432K) NonClass: 16430K(16576K)->16430K(16576K) Class: 1828K(1856K)->1828K(1856K)
[156.170s][info][gc             ] GC(495) Pause Young (Allocation Failure) 591M->494M(799M) 114.940ms
[156.170s][info][gc,cpu         ] GC(495) User=0.23s Sys=0.00s Real=0.11s
[156.292s][info][gc,start       ] GC(496) Pause Young (Allocation Failure)
[156.418s][info][gc,heap        ] GC(496) PSYoungGen: 214219K(222720K)->111104K(222720K) Eden: 111616K(111616K)->0K(111616K) From: 102603K(111104K)->111104K(111104K)
[156.419s][info][gc,heap        ] GC(496) ParOldGen: 403329K(595968K)->416574K(595968K)
[156.419s][info][gc,metaspace   ] GC(496) Metaspace: 18259K(18432K)->18259K(18432K) NonClass: 16430K(16576K)->16430K(16576K) Class: 1828K(1856K)->1828K(1856K)
[156.419s][info][gc             ] GC(496) Pause Young (Allocation Failure) 603M->515M(799M) 126.696ms
[156.419s][info][gc,cpu         ] GC(496) User=0.25s Sys=0.00s Real=0.12s
[156.535s][info][gc,start       ] GC(497) Pause Young (Allocation Failure)
[156.654s][info][gc,heap        ] GC(497) PSYoungGen: 222720K(222720K)->95584K(222720K) Eden: 111616K(111616K)->0K(111616K) From: 111104K(111104K)->95584K(111104K)
[156.654s][info][gc,heap        ] GC(497) ParOldGen: 416574K(595968K)->440994K(595968K)
[156.654s][info][gc,metaspace   ] GC(497) Metaspace: 18259K(18432K)->18259K(18432K) NonClass: 16430K(16576K)->16430K(16576K) Class: 1828K(1856K)->1828K(1856K)
[156.654s][info][gc             ] GC(497) Pause Young (Allocation Failure) 624M->524M(799M) 119.373ms
[156.654s][info][gc,cpu         ] GC(497) User=0.24s Sys=0.01s Real=0.12s
[156.743s][info][gc,start       ] GC(498) Pause Young (Allocation Failure)
[156.832s][info][gc,heap        ] GC(498) PSYoungGen: 207200K(222720K)->71008K(222720K) Eden: 111616K(111616K)->0K(111616K) From: 95584K(111104K)->71008K(111104K)
[156.832s][info][gc,heap        ] GC(498) ParOldGen: 440994K(595968K)->466330K(595968K)
[156.832s][info][gc,metaspace   ] GC(498) Metaspace: 18259K(18432K)->18259K(18432K) NonClass: 16430K(16576K)->16430K(16576K) Class: 1828K(1856K)->1828K(1856K)
[156.832s][info][gc             ] GC(498) Pause Young (Allocation Failure) 633M->524M(799M) 89.017ms
[156.832s][info][gc,cpu         ] GC(498) User=0.17s Sys=0.00s Real=0.09s
[156.948s][info][gc,start       ] GC(499) Pause Young (Allocation Failure)
[157.018s][info][gc,heap        ] GC(499) PSYoungGen: 182624K(222720K)->67744K(222720K) Eden: 111616K(111616K)->0K(111616K) From: 71008K(111104K)->67744K(111104K)
[157.018s][info][gc,heap        ] GC(499) ParOldGen: 466330K(595968K)->471562K(595968K)
[157.018s][info][gc,metaspace   ] GC(499) Metaspace: 18259K(18432K)->18259K(18432K) NonClass: 16430K(16576K)->16430K(16576K) Class: 1828K(1856K)->1828K(1856K)
[157.018s][info][gc             ] GC(499) Pause Young (Allocation Failure) 633M->526M(799M) 69.450ms
[157.018s][info][gc,cpu         ] GC(499) User=0.14s Sys=0.00s Real=0.07s
[157.130s][info][gc,start       ] GC(500) Pause Young (Allocation Failure)
[157.199s][info][gc,heap        ] GC(500) PSYoungGen: 179360K(222720K)->60832K(222720K) Eden: 111616K(111616K)->0K(111616K) From: 67744K(111104K)->60832K(111104K)
[157.199s][info][gc,heap        ] GC(500) ParOldGen: 471562K(595968K)->483098K(595968K)
[157.199s][info][gc,metaspace   ] GC(500) Metaspace: 18259K(18432K)->18259K(18432K) NonClass: 16430K(16576K)->16430K(16576K) Class: 1828K(1856K)->1828K(1856K)
[157.199s][info][gc             ] GC(500) Pause Young (Allocation Failure) 635M->531M(799M) 68.665ms
[157.199s][info][gc,cpu         ] GC(500) User=0.13s Sys=0.00s Real=0.07s
[157.299s][info][gc,start       ] GC(501) Pause Young (Allocation Failure)
[157.357s][info][gc,heap        ] GC(501) PSYoungGen: 172448K(222720K)->47776K(222720K) Eden: 111616K(111616K)->0K(111616K) From: 60832K(111104K)->47776K(111104K)
[157.357s][info][gc,heap        ] GC(501) ParOldGen: 483098K(595968K)->496218K(595968K)
[157.357s][info][gc,metaspace   ] GC(501) Metaspace: 18259K(18432K)->18259K(18432K) NonClass: 16430K(16576K)->16430K(16576K) Class: 1828K(1856K)->1828K(1856K)
[157.357s][info][gc             ] GC(501) Pause Young (Allocation Failure) 640M->531M(799M) 58.005ms
[157.357s][info][gc,cpu         ] GC(501) User=0.11s Sys=0.00s Real=0.06s
[157.430s][info][gc,start       ] GC(502) Pause Young (Allocation Failure)
[157.475s][info][gc,heap        ] GC(502) PSYoungGen: 159392K(222720K)->36512K(222720K) Eden: 111616K(111616K)->0K(111616K) From: 47776K(111104K)->36512K(111104K)
[157.475s][info][gc,heap        ] GC(502) ParOldGen: 496218K(595968K)->507554K(595968K)
[157.475s][info][gc,metaspace   ] GC(502) Metaspace: 18259K(18432K)->18259K(18432K) NonClass: 16430K(16576K)->16430K(16576K) Class: 1828K(1856K)->1828K(1856K)
[157.475s][info][gc             ] GC(502) Pause Young (Allocation Failure) 640M->531M(799M) 45.145ms
[157.475s][info][gc,cpu         ] GC(502) User=0.09s Sys=0.00s Real=0.05s
[157.646s][info][gc,start       ] GC(503) Pause Young (Allocation Failure)
[157.693s][info][gc,heap        ] GC(503) PSYoungGen: 148128K(222720K)->17632K(222720K) Eden: 111616K(111616K)->0K(111616K) From: 36512K(111104K)->17632K(111104K)
[157.693s][info][gc,heap        ] GC(503) ParOldGen: 507554K(595968K)->536882K(595968K)
[157.693s][info][gc,metaspace   ] GC(503) Metaspace: 18259K(18432K)->18259K(18432K) NonClass: 16430K(16576K)->16430K(16576K) Class: 1828K(1856K)->1828K(1856K)
[157.693s][info][gc             ] GC(503) Pause Young (Allocation Failure) 640M->541M(799M) 46.811ms
[157.693s][info][gc,cpu         ] GC(503) User=0.09s Sys=0.00s Real=0.05s
[157.867s][info][gc,start       ] GC(504) Pause Young (Allocation Failure)
[157.892s][info][gc,heap        ] GC(504) PSYoungGen: 129248K(222720K)->21120K(222720K) Eden: 111616K(111616K)->0K(111616K) From: 17632K(111104K)->21120K(111104K)
[157.892s][info][gc,heap        ] GC(504) ParOldGen: 536882K(595968K)->539522K(595968K)
[157.892s][info][gc,metaspace   ] GC(504) Metaspace: 18259K(18432K)->18259K(18432K) NonClass: 16430K(16576K)->16430K(16576K) Class: 1828K(1856K)->1828K(1856K)
[157.892s][info][gc             ] GC(504) Pause Young (Allocation Failure) 650M->547M(799M) 24.966ms
[157.892s][info][gc,cpu         ] GC(504) User=0.05s Sys=0.00s Real=0.03s
[158.234s][info][gc,start       ] GC(505) Pause Young (Allocation Failure)
[158.257s][info][gc,heap        ] GC(505) PSYoungGen: 132736K(222720K)->16576K(222720K) Eden: 111616K(111616K)->0K(111616K) From: 21120K(111104K)->16576K(111104K)
[158.257s][info][gc,heap        ] GC(505) ParOldGen: 539522K(595968K)->544146K(595968K)
[158.257s][info][gc,metaspace   ] GC(505) Metaspace: 18261K(18432K)->18261K(18432K) NonClass: 16432K(16576K)->16432K(16576K) Class: 1828K(1856K)->1828K(1856K)
[158.257s][info][gc             ] GC(505) Pause Young (Allocation Failure) 656M->547M(799M) 22.368ms
[158.257s][info][gc,cpu         ] GC(505) User=0.04s Sys=0.00s Real=0.02s
[158.521s][info][gc,start       ] GC(506) Pause Young (Allocation Failure)
[158.539s][info][gc,heap        ] GC(506) PSYoungGen: 128192K(222720K)->6480K(222720K) Eden: 111616K(111616K)->0K(111616K) From: 16576K(111104K)->6480K(111104K)
[158.539s][info][gc,heap        ] GC(506) ParOldGen: 544146K(595968K)->554530K(595968K)
[158.539s][info][gc,metaspace   ] GC(506) Metaspace: 18261K(18432K)->18261K(18432K) NonClass: 16432K(16576K)->16432K(16576K) Class: 1828K(1856K)->1828K(1856K)
[158.539s][info][gc             ] GC(506) Pause Young (Allocation Failure) 656M->547M(799M) 17.992ms
[158.539s][info][gc,cpu         ] GC(506) User=0.03s Sys=0.00s Real=0.02s
[158.842s][info][gc,start       ] GC(507) Pause Young (Allocation Failure)
[158.851s][info][gc,heap        ] GC(507) PSYoungGen: 118096K(222720K)->256K(222720K) Eden: 111616K(111616K)->0K(111616K) From: 6480K(111104K)->256K(111104K)
[158.851s][info][gc,heap        ] GC(507) ParOldGen: 554530K(595968K)->560746K(595968K)
[158.851s][info][gc,metaspace   ] GC(507) Metaspace: 18261K(18432K)->18261K(18432K) NonClass: 16432K(16576K)->16432K(16576K) Class: 1828K(1856K)->1828K(1856K)
[158.851s][info][gc             ] GC(507) Pause Young (Allocation Failure) 656M->547M(799M) 8.525ms
[158.851s][info][gc,cpu         ] GC(507) User=0.01s Sys=0.00s Real=0.00s
[159.062s][info][gc,start       ] GC(508) Pause Young (Allocation Failure)
[159.067s][info][gc,heap        ] GC(508) PSYoungGen: 111872K(222720K)->2464K(222720K) Eden: 111616K(111616K)->0K(111616K) From: 256K(111104K)->2464K(111104K)
[159.067s][info][gc,heap        ] GC(508) ParOldGen: 560746K(595968K)->560986K(595968K)
[159.067s][info][gc,metaspace   ] GC(508) Metaspace: 18261K(18432K)->18261K(18432K) NonClass: 16432K(16576K)->16432K(16576K) Class: 1828K(1856K)->1828K(1856K)
[159.067s][info][gc             ] GC(508) Pause Young (Allocation Failure) 656M->550M(799M) 5.197ms
[159.067s][info][gc,cpu         ] GC(508) User=0.01s Sys=0.00s Real=0.00s
[159.232s][info][gc,start       ] GC(509) Pause Young (Allocation Failure)
[159.253s][info][gc,heap        ] GC(509) PSYoungGen: 114080K(222720K)->22896K(222720K) Eden: 111616K(111616K)->0K(111616K) From: 2464K(111104K)->22896K(111104K)
[159.253s][info][gc,heap        ] GC(509) ParOldGen: 560986K(595968K)->563418K(595968K)
[159.253s][info][gc,metaspace   ] GC(509) Metaspace: 18262K(18432K)->18262K(18432K) NonClass: 16434K(16576K)->16434K(16576K) Class: 1828K(1856K)->1828K(1856K)
[159.253s][info][gc             ] GC(509) Pause Young (Allocation Failure) 659M->572M(799M) 20.807ms
[159.253s][info][gc,cpu         ] GC(509) User=0.05s Sys=0.00s Real=0.02s
[159.327s][info][gc,start       ] GC(510) Pause Young (Allocation Failure)
[159.373s][info][gc,heap        ] GC(510) PSYoungGen: 134512K(222720K)->43360K(222720K) Eden: 111616K(111616K)->0K(111616K) From: 22896K(111104K)->43360K(111104K)
[159.373s][info][gc,heap        ] GC(510) ParOldGen: 563418K(595968K)->586522K(595968K)
[159.373s][info][gc,metaspace   ] GC(510) Metaspace: 18262K(18432K)->18262K(18432K) NonClass: 16434K(16576K)->16434K(16576K) Class: 1828K(1856K)->1828K(1856K)
[159.373s][info][gc             ] GC(510) Pause Young (Allocation Failure) 681M->615M(799M) 45.490ms
[159.373s][info][gc,cpu         ] GC(510) User=0.09s Sys=0.00s Real=0.05s
[159.446s][info][gc,start       ] GC(511) Pause Young (Allocation Failure)
[159.518s][info][gc,heap        ] GC(511) PSYoungGen: 154976K(222720K)->42496K(221696K) Eden: 111616K(111616K)->0K(111616K) From: 43360K(111104K)->42496K(110080K)
[159.518s][info][gc,heap        ] GC(511) ParOldGen: 586522K(595968K)->630378K(630784K)
[159.518s][info][gc,metaspace   ] GC(511) Metaspace: 18263K(18432K)->18263K(18432K) NonClass: 16435K(16576K)->16435K(16576K) Class: 1828K(1856K)->1828K(1856K)
[159.518s][info][gc             ] GC(511) Pause Young (Allocation Failure) 724M->657M(832M) 72.036ms
[159.518s][info][gc,cpu         ] GC(511) User=0.12s Sys=0.03s Real=0.07s
[159.630s][info][gc,start       ] GC(512) Pause Full (Allocation Failure)
[159.630s][info][gc,phases,start] GC(512) Marking Phase
[159.975s][info][gc,phases      ] GC(512) Marking Phase 344.296ms
[159.975s][info][gc,phases,start] GC(512) Summary Phase
[159.975s][info][gc,phases      ] GC(512) Summary Phase 0.029ms
[159.975s][info][gc,phases,start] GC(512) Forward
[160.089s][info][gc,phases      ] GC(512) Forward 114.480ms
[160.089s][info][gc,phases,start] GC(512) Adjust Pointers
[160.349s][info][gc,phases      ] GC(512) Adjust Pointers 259.650ms
[160.349s][info][gc,phases,start] GC(512) Compaction Phase
[160.502s][info][gc,phases      ] GC(512) Compaction Phase 152.710ms
[160.509s][info][gc,phases,start] GC(512) Post Compact
[160.511s][info][gc,phases      ] GC(512) Post Compact 2.253ms
[160.511s][info][gc,heap        ] GC(512) PSYoungGen: 154112K(221696K)->0K(222208K) Eden: 111616K(111616K)->0K(111616K) From: 42496K(110080K)->0K(110592K)
[160.511s][info][gc,heap        ] GC(512) ParOldGen: 630378K(630784K)->539648K(667648K)
[160.512s][info][gc,metaspace   ] GC(512) Metaspace: 18263K(18432K)->18263K(18432K) NonClass: 16435K(16576K)->16435K(16576K) Class: 1828K(1856K)->1828K(1856K)
[160.512s][info][gc             ] GC(512) Pause Full (Allocation Failure) 766M->527M(869M) 881.213ms
[160.512s][info][gc,cpu         ] GC(512) User=1.67s Sys=0.00s Real=0.88s
[160.704s][info][gc,start       ] GC(513) Pause Young (Allocation Failure)
[160.732s][info][gc,heap        ] GC(513) PSYoungGen: 111616K(222208K)->31686K(210944K) Eden: 111616K(111616K)->0K(112640K) From: 0K(110592K)->31686K(98304K)
[160.732s][info][gc,heap        ] GC(513) ParOldGen: 539648K(667648K)->539648K(667648K)
[160.732s][info][gc,metaspace   ] GC(513) Metaspace: 18263K(18432K)->18263K(18432K) NonClass: 16435K(16576K)->16435K(16576K) Class: 1828K(1856K)->1828K(1856K)
[160.732s][info][gc             ] GC(513) Pause Young (Allocation Failure) 636M->557M(858M) 27.735ms
[160.732s][info][gc,cpu         ] GC(513) User=0.06s Sys=0.00s Real=0.02s
[160.965s][info][gc,start       ] GC(514) Pause Young (Allocation Failure)
[161.014s][info][gc,heap        ] GC(514) PSYoungGen: 144326K(210944K)->65990K(217088K) Eden: 112640K(112640K)->0K(112640K) From: 31686K(98304K)->65990K(104448K)
[161.014s][info][gc,heap        ] GC(514) ParOldGen: 539648K(667648K)->539648K(667648K)
[161.014s][info][gc,metaspace   ] GC(514) Metaspace: 18263K(18432K)->18263K(18432K) NonClass: 16435K(16576K)->16435K(16576K) Class: 1828K(1856K)->1828K(1856K)
[161.014s][info][gc             ] GC(514) Pause Young (Allocation Failure) 667M->591M(864M) 48.818ms
[161.014s][info][gc,cpu         ] GC(514) User=0.09s Sys=0.00s Real=0.05s
[161.123s][info][gc,start       ] GC(515) Pause Young (Allocation Failure)
[161.193s][info][gc,heap        ] GC(515) PSYoungGen: 178302K(217088K)->81397K(219648K) Eden: 112312K(112640K)->0K(111616K) From: 65990K(104448K)->81397K(108032K)
[161.193s][info][gc,heap        ] GC(515) ParOldGen: 539648K(667648K)->539648K(667648K)
[161.194s][info][gc,metaspace   ] GC(515) Metaspace: 18263K(18432K)->18263K(18432K) NonClass: 16435K(16576K)->16435K(16576K) Class: 1828K(1856K)->1828K(1856K)
[161.194s][info][gc             ] GC(515) Pause Young (Allocation Failure) 701M->606M(866M) 70.297ms
[161.194s][info][gc,cpu         ] GC(515) User=0.14s Sys=0.00s Real=0.07s
[161.293s][info][gc,start       ] GC(516) Pause Young (Allocation Failure)
[161.384s][info][gc,heap        ] GC(516) PSYoungGen: 193013K(219648K)->53504K(222720K) Eden: 111616K(111616K)->0K(111616K) From: 81397K(108032K)->53504K(111104K)
[161.385s][info][gc,heap        ] GC(516) ParOldGen: 539648K(667648K)->571614K(667648K)
[161.385s][info][gc,metaspace   ] GC(516) Metaspace: 18263K(18432K)->18263K(18432K) NonClass: 16435K(16576K)->16435K(16576K) Class: 1828K(1856K)->1828K(1856K)
[161.385s][info][gc             ] GC(516) Pause Young (Allocation Failure) 715M->610M(869M) 92.054ms
[161.385s][info][gc,cpu         ] GC(516) User=0.18s Sys=0.00s Real=0.09s
[161.530s][info][gc,start       ] GC(517) Pause Young (Allocation Failure)
[161.628s][info][gc,heap        ] GC(517) PSYoungGen: 165120K(222720K)->28173K(217600K) Eden: 111616K(111616K)->0K(111616K) From: 53504K(111104K)->28173K(105984K)
[161.628s][info][gc,heap        ] GC(517) ParOldGen: 571614K(667648K)->621270K(667648K)
[161.628s][info][gc,metaspace   ] GC(517) Metaspace: 18263K(18432K)->18263K(18432K) NonClass: 16435K(16576K)->16435K(16576K) Class: 1828K(1856K)->1828K(1856K)
[161.628s][info][gc             ] GC(517) Pause Young (Allocation Failure) 719M->634M(864M) 98.726ms
[161.628s][info][gc,cpu         ] GC(517) User=0.19s Sys=0.00s Real=0.10s
[161.771s][info][gc,start       ] GC(518) Pause Full (Allocation Failure)
[161.771s][info][gc,phases,start] GC(518) Marking Phase
[162.076s][info][gc,phases      ] GC(518) Marking Phase 305.230ms
[162.076s][info][gc,phases,start] GC(518) Summary Phase
[162.076s][info][gc,phases      ] GC(518) Summary Phase 0.026ms
[162.077s][info][gc,phases,start] GC(518) Forward
[162.171s][info][gc,phases      ] GC(518) Forward 94.842ms
[162.171s][info][gc,phases,start] GC(518) Adjust Pointers
[162.423s][info][gc,phases      ] GC(518) Adjust Pointers 251.916ms
[162.423s][info][gc,phases,start] GC(518) Compaction Phase
[162.550s][info][gc,phases      ] GC(518) Compaction Phase 126.834ms
[162.565s][info][gc,phases,start] GC(518) Post Compact
[162.567s][info][gc,phases      ] GC(518) Post Compact 2.250ms
[162.568s][info][gc,heap        ] GC(518) PSYoungGen: 139789K(217600K)->0K(220160K) Eden: 111616K(111616K)->0K(111616K) From: 28173K(105984K)->0K(108544K)
[162.568s][info][gc,heap        ] GC(518) ParOldGen: 621270K(667648K)->491361K(667648K)
[162.568s][info][gc,metaspace   ] GC(518) Metaspace: 18263K(18432K)->18263K(18432K) NonClass: 16435K(16576K)->16435K(16576K) Class: 1828K(1856K)->1828K(1856K)
[162.568s][info][gc             ] GC(518) Pause Full (Allocation Failure) 743M->479M(867M) 796.483ms
[162.568s][info][gc,cpu         ] GC(518) User=1.50s Sys=0.00s Real=0.80s
[162.709s][info][gc,start       ] GC(519) Pause Young (Allocation Failure)
[162.710s][info][gc,heap        ] GC(519) PSYoungGen: 111616K(220160K)->64K(222208K) Eden: 111616K(111616K)->0K(113664K) From: 0K(108544K)->64K(108544K)
[162.710s][info][gc,heap        ] GC(519) ParOldGen: 491361K(667648K)->491361K(667648K)
[162.710s][info][gc,metaspace   ] GC(519) Metaspace: 18263K(18432K)->18263K(18432K) NonClass: 16435K(16576K)->16435K(16576K) Class: 1828K(1856K)->1828K(1856K)
[162.710s][info][gc             ] GC(519) Pause Young (Allocation Failure) 588M->479M(869M) 1.614ms
[162.710s][info][gc,cpu         ] GC(519) User=0.00s Sys=0.00s Real=0.00s
[162.870s][info][gc,start       ] GC(520) Pause Young (Allocation Failure)
[162.872s][info][gc,heap        ] GC(520) PSYoungGen: 113728K(222208K)->64K(223744K) Eden: 113664K(113664K)->0K(113664K) From: 64K(108544K)->64K(110080K)
[162.872s][info][gc,heap        ] GC(520) ParOldGen: 491361K(667648K)->491361K(667648K)
[162.872s][info][gc,metaspace   ] GC(520) Metaspace: 18263K(18432K)->18263K(18432K) NonClass: 16435K(16576K)->16435K(16576K) Class: 1828K(1856K)->1828K(1856K)
[162.872s][info][gc             ] GC(520) Pause Young (Allocation Failure) 590M->479M(870M) 1.619ms
[162.872s][info][gc,cpu         ] GC(520) User=0.00s Sys=0.00s Real=0.00s
[163.013s][info][gc,start       ] GC(521) Pause Young (Allocation Failure)
[163.014s][info][gc,heap        ] GC(521) PSYoungGen: 113728K(223744K)->64K(221184K) Eden: 113664K(113664K)->0K(114176K) From: 64K(110080K)->64K(107008K)
[163.014s][info][gc,heap        ] GC(521) ParOldGen: 491361K(667648K)->491361K(667648K)
[163.014s][info][gc,metaspace   ] GC(521) Metaspace: 18263K(18432K)->18263K(18432K) NonClass: 16435K(16576K)->16435K(16576K) Class: 1828K(1856K)->1828K(1856K)
[163.014s][info][gc             ] GC(521) Pause Young (Allocation Failure) 590M->479M(868M) 1.723ms
[163.014s][info][gc,cpu         ] GC(521) User=0.01s Sys=0.00s Real=0.00s
[163.156s][info][gc,start       ] GC(522) Pause Young (Allocation Failure)
[163.158s][info][gc,heap        ] GC(522) PSYoungGen: 114240K(221184K)->64K(222720K) Eden: 114176K(114176K)->0K(114176K) From: 64K(107008K)->64K(108544K)
[163.158s][info][gc,heap        ] GC(522) ParOldGen: 491361K(667648K)->491361K(667648K)
[163.158s][info][gc,metaspace   ] GC(522) Metaspace: 18263K(18432K)->18263K(18432K) NonClass: 16435K(16576K)->16435K(16576K) Class: 1828K(1856K)->1828K(1856K)
[163.158s][info][gc             ] GC(522) Pause Young (Allocation Failure) 591M->479M(869M) 1.619ms
[163.158s][info][gc,cpu         ] GC(522) User=0.00s Sys=0.00s Real=0.00s
[163.298s][info][gc,start       ] GC(523) Pause Young (Allocation Failure)
[163.300s][info][gc,heap        ] GC(523) PSYoungGen: 114240K(222720K)->64K(218624K) Eden: 114176K(114176K)->0K(118272K) From: 64K(108544K)->64K(100352K)
[163.300s][info][gc,heap        ] GC(523) ParOldGen: 491361K(667648K)->491361K(667648K)
[163.300s][info][gc,metaspace   ] GC(523) Metaspace: 18263K(18432K)->18263K(18432K) NonClass: 16435K(16576K)->16435K(16576K) Class: 1828K(1856K)->1828K(1856K)
[163.300s][info][gc             ] GC(523) Pause Young (Allocation Failure) 591M->479M(865M) 1.680ms
[163.300s][info][gc,cpu         ] GC(523) User=0.00s Sys=0.01s Real=0.00s
[163.445s][info][gc,start       ] GC(524) Pause Young (Allocation Failure)
[163.447s][info][gc,heap        ] GC(524) PSYoungGen: 117766K(218624K)->64K(221696K) Eden: 117702K(118272K)->0K(118272K) From: 64K(100352K)->64K(103424K)
[163.447s][info][gc,heap        ] GC(524) ParOldGen: 491361K(667648K)->491361K(667648K)
[163.447s][info][gc,metaspace   ] GC(524) Metaspace: 18263K(18432K)->18263K(18432K) NonClass: 16435K(16576K)->16435K(16576K) Class: 1828K(1856K)->1828K(1856K)
[163.447s][info][gc             ] GC(524) Pause Young (Allocation Failure) 594M->479M(868M) 1.677ms
[163.447s][info][gc,cpu         ] GC(524) User=0.00s Sys=0.00s Real=0.00s
[163.598s][info][gc,start       ] GC(525) Pause Young (Allocation Failure)
[163.600s][info][gc,heap        ] GC(525) PSYoungGen: 118336K(221696K)->64K(214016K) Eden: 118272K(118272K)->0K(121344K) From: 64K(103424K)->64K(92672K)
[163.600s][info][gc,heap        ] GC(525) ParOldGen: 491361K(667648K)->491361K(667648K)
[163.600s][info][gc,metaspace   ] GC(525) Metaspace: 18263K(18432K)->18263K(18432K) NonClass: 16435K(16576K)->16435K(16576K) Class: 1828K(1856K)->1828K(1856K)
[163.600s][info][gc             ] GC(525) Pause Young (Allocation Failure) 595M->479M(861M) 2.129ms
[163.600s][info][gc,cpu         ] GC(525) User=0.00s Sys=0.00s Real=0.00s
[163.750s][info][gc,start       ] GC(526) Pause Young (Allocation Failure)
[163.752s][info][gc,heap        ] GC(526) PSYoungGen: 121408K(214016K)->64K(121856K) Eden: 121344K(121344K)->0K(121344K) From: 64K(92672K)->64K(512K)
[163.752s][info][gc,heap        ] GC(526) ParOldGen: 491361K(667648K)->491361K(667648K)
[163.752s][info][gc,metaspace   ] GC(526) Metaspace: 18263K(18432K)->18263K(18432K) NonClass: 16435K(16576K)->16435K(16576K) Class: 1828K(1856K)->1828K(1856K)
[163.752s][info][gc             ] GC(526) Pause Young (Allocation Failure) 598M->479M(771M) 2.068ms
[163.752s][info][gc,cpu         ] GC(526) User=0.00s Sys=0.00s Real=0.01s
[163.903s][info][gc,start       ] GC(527) Pause Young (Allocation Failure)
[163.906s][info][gc,heap        ] GC(527) PSYoungGen: 121408K(121856K)->64K(207360K) Eden: 121344K(121344K)->0K(123392K) From: 64K(512K)->64K(83968K)
[163.906s][info][gc,heap        ] GC(527) ParOldGen: 491361K(667648K)->491361K(667648K)
[163.906s][info][gc,metaspace   ] GC(527) Metaspace: 18263K(18432K)->18263K(18432K) NonClass: 16435K(16576K)->16435K(16576K) Class: 1828K(1856K)->1828K(1856K)
[163.906s][info][gc             ] GC(527) Pause Young (Allocation Failure) 598M->479M(854M) 2.876ms
[163.906s][info][gc,cpu         ] GC(527) User=0.00s Sys=0.00s Real=0.00s
[164.008s][info][gc,start       ] GC(528) Pause Young (Allocation Failure)
[164.030s][info][gc,heap        ] GC(528) PSYoungGen: 123456K(207360K)->19616K(143360K) Eden: 123392K(123392K)->0K(123392K) From: 64K(83968K)->19616K(19968K)
[164.030s][info][gc,heap        ] GC(528) ParOldGen: 491361K(667648K)->491361K(667648K)
[164.030s][info][gc,metaspace   ] GC(528) Metaspace: 18263K(18432K)->18263K(18432K) NonClass: 16435K(16576K)->16435K(16576K) Class: 1828K(1856K)->1828K(1856K)
[164.030s][info][gc             ] GC(528) Pause Young (Allocation Failure) 600M->499M(792M) 22.057ms
[164.030s][info][gc,cpu         ] GC(528) User=0.04s Sys=0.00s Real=0.02s
[164.135s][info][gc,start       ] GC(529) Pause Young (Allocation Failure)
[164.166s][info][gc,heap        ] GC(529) PSYoungGen: 143008K(143360K)->31264K(209920K) Eden: 123392K(123392K)->0K(129024K) From: 19616K(19968K)->31264K(80896K)
[164.166s][info][gc,heap        ] GC(529) ParOldGen: 491361K(667648K)->491361K(667648K)
[164.166s][info][gc,metaspace   ] GC(529) Metaspace: 18263K(18432K)->18263K(18432K) NonClass: 16435K(16576K)->16435K(16576K) Class: 1828K(1856K)->1828K(1856K)
[164.166s][info][gc             ] GC(529) Pause Young (Allocation Failure) 619M->510M(857M) 31.198ms
[164.166s][info][gc,cpu         ] GC(529) User=0.06s Sys=0.00s Real=0.03s
[164.265s][info][gc,start       ] GC(530) Pause Young (Allocation Failure)
[164.298s][info][gc,heap        ] GC(530) PSYoungGen: 160288K(209920K)->33344K(209920K) Eden: 129024K(129024K)->0K(129024K) From: 31264K(80896K)->33344K(80896K)
[164.298s][info][gc,heap        ] GC(530) ParOldGen: 491361K(667648K)->491361K(667648K)
[164.298s][info][gc,metaspace   ] GC(530) Metaspace: 18263K(18432K)->18263K(18432K) NonClass: 16435K(16576K)->16435K(16576K) Class: 1828K(1856K)->1828K(1856K)
[164.298s][info][gc             ] GC(530) Pause Young (Allocation Failure) 636M->512M(857M) 33.822ms
[164.298s][info][gc,cpu         ] GC(530) User=0.07s Sys=0.00s Real=0.03s
[164.407s][info][gc,start       ] GC(531) Pause Young (Allocation Failure)
[164.441s][info][gc,heap        ] GC(531) PSYoungGen: 162368K(209920K)->35296K(217088K) Eden: 129024K(129024K)->0K(136704K) From: 33344K(80896K)->35296K(80384K)
[164.441s][info][gc,heap        ] GC(531) ParOldGen: 491361K(667648K)->491361K(667648K)
[164.441s][info][gc,metaspace   ] GC(531) Metaspace: 18263K(18432K)->18263K(18432K) NonClass: 16435K(16576K)->16435K(16576K) Class: 1828K(1856K)->1828K(1856K)
[164.441s][info][gc             ] GC(531) Pause Young (Allocation Failure) 638M->514M(864M) 34.126ms
[164.441s][info][gc,cpu         ] GC(531) User=0.07s Sys=0.00s Real=0.03s
[164.569s][info][gc,start       ] GC(532) Pause Young (Allocation Failure)
[164.606s][info][gc,heap        ] GC(532) PSYoungGen: 172000K(217088K)->38656K(216576K) Eden: 136704K(136704K)->0K(136704K) From: 35296K(80384K)->38656K(79872K)
[164.606s][info][gc,heap        ] GC(532) ParOldGen: 491361K(667648K)->491361K(667648K)
[164.606s][info][gc,metaspace   ] GC(532) Metaspace: 18263K(18432K)->18263K(18432K) NonClass: 16435K(16576K)->16435K(16576K) Class: 1828K(1856K)->1828K(1856K)
[164.606s][info][gc             ] GC(532) Pause Young (Allocation Failure) 647M->517M(863M) 36.792ms
[164.606s][info][gc,cpu         ] GC(532) User=0.07s Sys=0.00s Real=0.04s
[164.740s][info][gc,start       ] GC(533) Pause Young (Allocation Failure)
[164.782s][info][gc,heap        ] GC(533) PSYoungGen: 175359K(216576K)->43968K(223744K) Eden: 136703K(136704K)->0K(143360K) From: 38656K(79872K)->43968K(80384K)
[164.782s][info][gc,heap        ] GC(533) ParOldGen: 491361K(667648K)->491361K(667648K)
[164.782s][info][gc,metaspace   ] GC(533) Metaspace: 18263K(18432K)->18263K(18432K) NonClass: 16435K(16576K)->16435K(16576K) Class: 1828K(1856K)->1828K(1856K)
[164.782s][info][gc             ] GC(533) Pause Young (Allocation Failure) 651M->522M(870M) 42.144ms
[164.782s][info][gc,cpu         ] GC(533) User=0.09s Sys=0.00s Real=0.05s
[165.066s][info][gc,start       ] GC(534) Pause Young (Allocation Failure)
[165.108s][info][gc,heap        ] GC(534) PSYoungGen: 187328K(223744K)->44000K(225792K) Eden: 143360K(143360K)->0K(143360K) From: 43968K(80384K)->44000K(82432K)
[165.108s][info][gc,heap        ] GC(534) ParOldGen: 491361K(667648K)->491377K(667648K)
[165.108s][info][gc,metaspace   ] GC(534) Metaspace: 18263K(18432K)->18263K(18432K) NonClass: 16435K(16576K)->16435K(16576K) Class: 1828K(1856K)->1828K(1856K)
[165.108s][info][gc             ] GC(534) Pause Young (Allocation Failure) 662M->522M(872M) 42.317ms
[165.108s][info][gc,cpu         ] GC(534) User=0.08s Sys=0.00s Real=0.04s
[165.343s][info][gc,start       ] GC(535) Pause Young (Allocation Failure)
[165.389s][info][gc,heap        ] GC(535) PSYoungGen: 187360K(225792K)->44160K(235520K) Eden: 143360K(143360K)->0K(152064K) From: 44000K(82432K)->44160K(83456K)
[165.389s][info][gc,heap        ] GC(535) ParOldGen: 491377K(667648K)->491377K(667648K)
[165.389s][info][gc,metaspace   ] GC(535) Metaspace: 18263K(18432K)->18263K(18432K) NonClass: 16435K(16576K)->16435K(16576K) Class: 1828K(1856K)->1828K(1856K)
[165.389s][info][gc             ] GC(535) Pause Young (Allocation Failure) 662M->522M(882M) 45.188ms
[165.389s][info][gc,cpu         ] GC(535) User=0.09s Sys=0.00s Real=0.04s
[165.657s][info][gc,start       ] GC(536) Pause Young (Allocation Failure)
[165.699s][info][gc,heap        ] GC(536) PSYoungGen: 196224K(235520K)->44256K(236032K) Eden: 152064K(152064K)->0K(152064K) From: 44160K(83456K)->44256K(83968K)
[165.699s][info][gc,heap        ] GC(536) ParOldGen: 491377K(667648K)->491377K(667648K)
[165.699s][info][gc,metaspace   ] GC(536) Metaspace: 18263K(18432K)->18263K(18432K) NonClass: 16435K(16576K)->16435K(16576K) Class: 1828K(1856K)->1828K(1856K)
[165.699s][info][gc             ] GC(536) Pause Young (Allocation Failure) 671M->523M(882M) 41.967ms
[165.699s][info][gc,cpu         ] GC(536) User=0.08s Sys=0.00s Real=0.04s
[165.948s][info][gc,start       ] GC(537) Pause Young (Allocation Failure)
[165.991s][info][gc,heap        ] GC(537) PSYoungGen: 196320K(236032K)->44160K(245248K) Eden: 152064K(152064K)->0K(161280K) From: 44256K(83968K)->44160K(83968K)
[165.991s][info][gc,heap        ] GC(537) ParOldGen: 491377K(667648K)->491377K(667648K)
[165.991s][info][gc,metaspace   ] GC(537) Metaspace: 18263K(18432K)->18263K(18432K) NonClass: 16435K(16576K)->16435K(16576K) Class: 1828K(1856K)->1828K(1856K)
[165.991s][info][gc             ] GC(537) Pause Young (Allocation Failure) 671M->522M(891M) 42.542ms
[165.991s][info][gc,cpu         ] GC(537) User=0.08s Sys=0.00s Real=0.04s
[166.184s][info][gc,start       ] GC(538) Pause Young (Allocation Failure)
[166.238s][info][gc,heap        ] GC(538) PSYoungGen: 205440K(245248K)->58176K(245248K) Eden: 161280K(161280K)->0K(161280K) From: 44160K(83968K)->58176K(83968K)
[166.238s][info][gc,heap        ] GC(538) ParOldGen: 491377K(667648K)->491377K(667648K)
[166.238s][info][gc,metaspace   ] GC(538) Metaspace: 18263K(18432K)->18263K(18432K) NonClass: 16435K(16576K)->16435K(16576K) Class: 1828K(1856K)->1828K(1856K)
[166.238s][info][gc             ] GC(538) Pause Young (Allocation Failure) 680M->536M(891M) 53.730ms
[166.238s][info][gc,cpu         ] GC(538) User=0.11s Sys=0.00s Real=0.05s
[166.409s][info][gc,start       ] GC(539) Pause Young (Allocation Failure)
[166.476s][info][gc,heap        ] GC(539) PSYoungGen: 219456K(245248K)->65648K(232960K) Eden: 161280K(161280K)->0K(144384K) From: 58176K(83968K)->65648K(88576K)
[166.476s][info][gc,heap        ] GC(539) ParOldGen: 491377K(667648K)->491377K(667648K)
[166.476s][info][gc,metaspace   ] GC(539) Metaspace: 18263K(18432K)->18263K(18432K) NonClass: 16435K(16576K)->16435K(16576K) Class: 1828K(1856K)->1828K(1856K)
[166.476s][info][gc             ] GC(539) Pause Young (Allocation Failure) 694M->543M(879M) 67.042ms
[166.476s][info][gc,cpu         ] GC(539) User=0.12s Sys=0.01s Real=0.07s
[166.561s][info][gc,start       ] GC(540) Pause Young (Allocation Failure)
[166.653s][info][gc,heap        ] GC(540) PSYoungGen: 210032K(232960K)->94704K(239104K) Eden: 144384K(144384K)->0K(144384K) From: 65648K(88576K)->94704K(94720K)
[166.653s][info][gc,heap        ] GC(540) ParOldGen: 491377K(667648K)->509009K(667648K)
[166.653s][info][gc,metaspace   ] GC(540) Metaspace: 18263K(18432K)->18263K(18432K) NonClass: 16435K(16576K)->16435K(16576K) Class: 1828K(1856K)->1828K(1856K)
[166.653s][info][gc             ] GC(540) Pause Young (Allocation Failure) 684M->589M(885M) 91.953ms
[166.653s][info][gc,cpu         ] GC(540) User=0.18s Sys=0.00s Real=0.10s
[166.893s][info][gc,start       ] GC(541) Pause Young (Allocation Failure)
[166.990s][info][gc,heap        ] GC(541) PSYoungGen: 239088K(239104K)->94704K(206336K) Eden: 144384K(144384K)->0K(111616K) From: 94704K(94720K)->94704K(94720K)
[166.990s][info][gc,heap        ] GC(541) ParOldGen: 509009K(667648K)->514372K(667648K)
[166.990s][info][gc,metaspace   ] GC(541) Metaspace: 18264K(18432K)->18264K(18432K) NonClass: 16436K(16576K)->16436K(16576K) Class: 1828K(1856K)->1828K(1856K)
[166.990s][info][gc             ] GC(541) Pause Young (Allocation Failure) 730M->594M(853M) 96.867ms
[166.990s][info][gc,cpu         ] GC(541) User=0.18s Sys=0.01s Real=0.09s
[167.122s][info][gc,start       ] GC(542) Pause Young (Allocation Failure)
[167.226s][info][gc,heap        ] GC(542) PSYoungGen: 206320K(206336K)->78032K(222720K) Eden: 111616K(111616K)->0K(111616K) From: 94704K(94720K)->78032K(111104K)
[167.226s][info][gc,heap        ] GC(542) ParOldGen: 514372K(667648K)->543476K(667648K)
[167.226s][info][gc,metaspace   ] GC(542) Metaspace: 18264K(18432K)->18264K(18432K) NonClass: 16436K(16576K)->16436K(16576K) Class: 1828K(1856K)->1828K(1856K)
[167.226s][info][gc             ] GC(542) Pause Young (Allocation Failure) 703M->606M(869M) 103.782ms
[167.226s][info][gc,cpu         ] GC(542) User=0.21s Sys=0.00s Real=0.10s
[167.365s][info][gc,start       ] GC(543) Pause Young (Allocation Failure)
[167.443s][info][gc,heap        ] GC(543) PSYoungGen: 189648K(222720K)->74416K(222720K) Eden: 111616K(111616K)->0K(111616K) From: 78032K(111104K)->74416K(111104K)
[167.443s][info][gc,heap        ] GC(543) ParOldGen: 543476K(667648K)->547124K(667648K)
[167.443s][info][gc,metaspace   ] GC(543) Metaspace: 18264K(18432K)->18264K(18432K) NonClass: 16436K(16576K)->16436K(16576K) Class: 1828K(1856K)->1828K(1856K)
[167.443s][info][gc             ] GC(543) Pause Young (Allocation Failure) 715M->606M(869M) 78.313ms
[167.443s][info][gc,cpu         ] GC(543) User=0.16s Sys=0.00s Real=0.08s
[167.582s][info][gc,start       ] GC(544) Pause Young (Allocation Failure)
[167.657s][info][gc,heap        ] GC(544) PSYoungGen: 186032K(222720K)->66288K(222720K) Eden: 111616K(111616K)->0K(111616K) From: 74416K(111104K)->66288K(111104K)
[167.657s][info][gc,heap        ] GC(544) ParOldGen: 547124K(667648K)->555316K(667648K)
[167.657s][info][gc,metaspace   ] GC(544) Metaspace: 18264K(18432K)->18264K(18432K) NonClass: 16436K(16576K)->16436K(16576K) Class: 1828K(1856K)->1828K(1856K)
[167.657s][info][gc             ] GC(544) Pause Young (Allocation Failure) 715M->607M(869M) 74.915ms
[167.657s][info][gc,cpu         ] GC(544) User=0.15s Sys=0.00s Real=0.07s
[167.799s][info][gc,start       ] GC(545) Pause Young (Allocation Failure)
[167.862s][info][gc,heap        ] GC(545) PSYoungGen: 177904K(222720K)->66128K(222720K) Eden: 111616K(111616K)->0K(111616K) From: 66288K(111104K)->66128K(111104K)
[167.862s][info][gc,heap        ] GC(545) ParOldGen: 555316K(667648K)->555497K(667648K)
[167.862s][info][gc,metaspace   ] GC(545) Metaspace: 18264K(18432K)->18264K(18432K) NonClass: 16436K(16576K)->16436K(16576K) Class: 1828K(1856K)->1828K(1856K)
[167.862s][info][gc             ] GC(545) Pause Young (Allocation Failure) 716M->607M(869M) 63.356ms
[167.862s][info][gc,cpu         ] GC(545) User=0.13s Sys=0.00s Real=0.07s
[168.001s][info][gc,start       ] GC(546) Pause Young (Allocation Failure)
[168.064s][info][gc,heap        ] GC(546) PSYoungGen: 177744K(222720K)->66064K(222720K) Eden: 111616K(111616K)->0K(111616K) From: 66128K(111104K)->66064K(111104K)
[168.064s][info][gc,heap        ] GC(546) ParOldGen: 555497K(667648K)->555537K(667648K)
[168.064s][info][gc,metaspace   ] GC(546) Metaspace: 18264K(18432K)->18264K(18432K) NonClass: 16436K(16576K)->16436K(16576K) Class: 1828K(1856K)->1828K(1856K)
[168.064s][info][gc             ] GC(546) Pause Young (Allocation Failure) 716M->607M(869M) 63.000ms
[168.064s][info][gc,cpu         ] GC(546) User=0.12s Sys=0.00s Real=0.07s
[168.209s][info][gc,start       ] GC(547) Pause Young (Allocation Failure)
[168.272s][info][gc,heap        ] GC(547) PSYoungGen: 177680K(222720K)->45792K(222720K) Eden: 111616K(111616K)->0K(111616K) From: 66064K(111104K)->45792K(111104K)
[168.272s][info][gc,heap        ] GC(547) ParOldGen: 555537K(667648K)->575921K(667648K)
[168.272s][info][gc,metaspace   ] GC(547) Metaspace: 18264K(18432K)->18264K(18432K) NonClass: 16436K(16576K)->16436K(16576K) Class: 1828K(1856K)->1828K(1856K)
[168.272s][info][gc             ] GC(547) Pause Young (Allocation Failure) 716M->607M(869M) 62.827ms
[168.272s][info][gc,cpu         ] GC(547) User=0.12s Sys=0.00s Real=0.07s
[168.413s][info][gc,start       ] GC(548) Pause Young (Allocation Failure)
[168.459s][info][gc,heap        ] GC(548) PSYoungGen: 157408K(222720K)->12352K(222720K) Eden: 111616K(111616K)->0K(111616K) From: 45792K(111104K)->12352K(111104K)
[168.459s][info][gc,heap        ] GC(548) ParOldGen: 575921K(667648K)->609685K(667648K)
[168.459s][info][gc,metaspace   ] GC(548) Metaspace: 18264K(18432K)->18264K(18432K) NonClass: 16436K(16576K)->16436K(16576K) Class: 1828K(1856K)->1828K(1856K)
[168.459s][info][gc             ] GC(548) Pause Young (Allocation Failure) 716M->607M(869M) 46.610ms
[168.459s][info][gc,cpu         ] GC(548) User=0.09s Sys=0.00s Real=0.04s
[168.581s][info][gc,start       ] GC(549) Pause Young (Allocation Failure)
[168.612s][info][gc,heap        ] GC(549) PSYoungGen: 123968K(222720K)->11776K(222720K) Eden: 111616K(111616K)->0K(111616K) From: 12352K(111104K)->11776K(111104K)
[168.613s][info][gc,heap        ] GC(549) ParOldGen: 609685K(667648K)->622062K(667648K)
[168.613s][info][gc,metaspace   ] GC(549) Metaspace: 18264K(18432K)->18264K(18432K) NonClass: 16436K(16576K)->16436K(16576K) Class: 1828K(1856K)->1828K(1856K)
[168.613s][info][gc             ] GC(549) Pause Young (Allocation Failure) 716M->618M(869M) 31.529ms
[168.613s][info][gc,cpu         ] GC(549) User=0.06s Sys=0.00s Real=0.04s
[168.718s][info][gc,start       ] GC(550) Pause Young (Allocation Failure)
[168.747s][info][gc,heap        ] GC(550) PSYoungGen: 123392K(222720K)->27360K(222720K) Eden: 111616K(111616K)->0K(111616K) From: 11776K(111104K)->27360K(111104K)
[168.747s][info][gc,heap        ] GC(550) ParOldGen: 622062K(667648K)->622062K(667648K)
[168.747s][info][gc,metaspace   ] GC(550) Metaspace: 18264K(18432K)->18264K(18432K) NonClass: 16436K(16576K)->16436K(16576K) Class: 1828K(1856K)->1828K(1856K)
[168.747s][info][gc             ] GC(550) Pause Young (Allocation Failure) 727M->634M(869M) 29.058ms
[168.747s][info][gc,cpu         ] GC(550) User=0.05s Sys=0.00s Real=0.03s
[168.831s][info][gc,start       ] GC(551) Pause Young (Allocation Failure)
[168.876s][info][gc,heap        ] GC(551) PSYoungGen: 138976K(222720K)->45152K(218624K) Eden: 111616K(111616K)->0K(111616K) From: 27360K(111104K)->45152K(107008K)
[168.876s][info][gc,heap        ] GC(551) ParOldGen: 622062K(667648K)->622062K(667648K)
[168.877s][info][gc,metaspace   ] GC(551) Metaspace: 18264K(18432K)->18264K(18432K) NonClass: 16436K(16576K)->16436K(16576K) Class: 1828K(1856K)->1828K(1856K)
[168.877s][info][gc             ] GC(551) Pause Young (Allocation Failure) 743M->651M(865M) 46.009ms
[168.877s][info][gc,cpu         ] GC(551) User=0.09s Sys=0.00s Real=0.05s
[168.975s][info][gc,start       ] GC(552) Pause Young (Allocation Failure)
[169.038s][info][gc,heap        ] GC(552) PSYoungGen: 156768K(218624K)->65056K(220672K) Eden: 111616K(111616K)->0K(111616K) From: 45152K(107008K)->65056K(109056K)
[169.038s][info][gc,heap        ] GC(552) ParOldGen: 622062K(667648K)->622062K(667648K)
[169.038s][info][gc,metaspace   ] GC(552) Metaspace: 18264K(18432K)->18264K(18432K) NonClass: 16436K(16576K)->16436K(16576K) Class: 1828K(1856K)->1828K(1856K)
[169.038s][info][gc             ] GC(552) Pause Young (Allocation Failure) 760M->671M(867M) 63.441ms
[169.038s][info][gc,cpu         ] GC(552) User=0.12s Sys=0.00s Real=0.06s
[169.134s][info][gc,start       ] GC(553) Pause Young (Allocation Failure)
[169.214s][info][gc,heap        ] GC(553) PSYoungGen: 176672K(220672K)->81568K(221184K) Eden: 111616K(111616K)->0K(111616K) From: 65056K(109056K)->81568K(109568K)
[169.214s][info][gc,heap        ] GC(553) ParOldGen: 622062K(667648K)->622062K(667648K)
[169.214s][info][gc,metaspace   ] GC(553) Metaspace: 18264K(18432K)->18264K(18432K) NonClass: 16436K(16576K)->16436K(16576K) Class: 1828K(1856K)->1828K(1856K)
[169.214s][info][gc             ] GC(553) Pause Young (Allocation Failure) 780M->687M(868M) 79.869ms
[169.214s][info][gc,cpu         ] GC(553) User=0.16s Sys=0.00s Real=0.08s
[169.282s][info][gc,start       ] GC(554) Pause Young (Allocation Failure)
[169.380s][info][gc,heap        ] GC(554) PSYoungGen: 193184K(221184K)->89760K(222720K) Eden: 111616K(111616K)->0K(111616K) From: 81568K(109568K)->89760K(111104K)
[169.380s][info][gc,heap        ] GC(554) ParOldGen: 622062K(667648K)->633894K(667648K)
[169.380s][info][gc,metaspace   ] GC(554) Metaspace: 18264K(18432K)->18264K(18432K) NonClass: 16436K(16576K)->16436K(16576K) Class: 1828K(1856K)->1828K(1856K)
[169.380s][info][gc             ] GC(554) Pause Young (Allocation Failure) 796M->706M(869M) 98.182ms
[169.380s][info][gc,cpu         ] GC(554) User=0.20s Sys=0.00s Real=0.09s
[169.431s][info][gc,start       ] GC(555) Pause Full (Allocation Failure)
[169.431s][info][gc,phases,start] GC(555) Marking Phase
[169.704s][info][gc,phases      ] GC(555) Marking Phase 272.513ms
[169.704s][info][gc,phases,start] GC(555) Summary Phase
[169.704s][info][gc,phases      ] GC(555) Summary Phase 0.028ms
[169.704s][info][gc,phases,start] GC(555) Forward
[169.773s][info][gc,phases      ] GC(555) Forward 69.172ms
[169.773s][info][gc,phases,start] GC(555) Adjust Pointers
[169.988s][info][gc,phases      ] GC(555) Adjust Pointers 214.556ms
[169.988s][info][gc,phases,start] GC(555) Compaction Phase
[170.116s][info][gc,phases      ] GC(555) Compaction Phase 127.614ms
[170.124s][info][gc,phases,start] GC(555) Post Compact
[170.126s][info][gc,phases      ] GC(555) Post Compact 2.364ms
[170.126s][info][gc,heap        ] GC(555) PSYoungGen: 201376K(222720K)->0K(222720K) Eden: 111616K(111616K)->0K(111616K) From: 89760K(111104K)->0K(111104K)
[170.126s][info][gc,heap        ] GC(555) ParOldGen: 633894K(667648K)->416508K(667648K)
[170.126s][info][gc,metaspace   ] GC(555) Metaspace: 18264K(18432K)->18264K(18432K) NonClass: 16436K(16576K)->16436K(16576K) Class: 1828K(1856K)->1828K(1856K)
[170.126s][info][gc             ] GC(555) Pause Full (Allocation Failure) 815M->406M(869M) 694.640ms
[170.126s][info][gc,cpu         ] GC(555) User=1.34s Sys=0.00s Real=0.70s
[170.179s][info][gc,start       ] GC(556) Pause Young (Allocation Failure)
[170.184s][info][gc,heap        ] GC(556) PSYoungGen: 111616K(222720K)->3392K(222720K) Eden: 111616K(111616K)->0K(111616K) From: 0K(111104K)->3392K(111104K)
[170.184s][info][gc,heap        ] GC(556) ParOldGen: 416508K(667648K)->416508K(667648K)
[170.184s][info][gc,metaspace   ] GC(556) Metaspace: 18264K(18432K)->18264K(18432K) NonClass: 16436K(16576K)->16436K(16576K) Class: 1828K(1856K)->1828K(1856K)
[170.184s][info][gc             ] GC(556) Pause Young (Allocation Failure) 515M->410M(869M) 5.015ms
[170.184s][info][gc,cpu         ] GC(556) User=0.01s Sys=0.00s Real=0.01s
[170.258s][info][gc,start       ] GC(557) Pause Young (Allocation Failure)
[170.270s][info][gc,heap        ] GC(557) PSYoungGen: 115008K(222720K)->4160K(222720K) Eden: 111616K(111616K)->0K(111616K) From: 3392K(111104K)->4160K(111104K)
[170.270s][info][gc,heap        ] GC(557) ParOldGen: 416508K(667648K)->416508K(667648K)
[170.270s][info][gc,metaspace   ] GC(557) Metaspace: 18264K(18432K)->18264K(18432K) NonClass: 16436K(16576K)->16436K(16576K) Class: 1828K(1856K)->1828K(1856K)
[170.270s][info][gc             ] GC(557) Pause Young (Allocation Failure) 519M->410M(869M) 11.999ms
[170.270s][info][gc,cpu         ] GC(557) User=0.03s Sys=0.00s Real=0.01s
[170.345s][info][gc,start       ] GC(558) Pause Young (Allocation Failure)
[170.359s][info][gc,heap        ] GC(558) PSYoungGen: 115776K(222720K)->3552K(222720K) Eden: 111616K(111616K)->0K(111616K) From: 4160K(111104K)->3552K(111104K)
[170.359s][info][gc,heap        ] GC(558) ParOldGen: 416508K(667648K)->419892K(667648K)
[170.359s][info][gc,metaspace   ] GC(558) Metaspace: 18264K(18432K)->18264K(18432K) NonClass: 16436K(16576K)->16436K(16576K) Class: 1828K(1856K)->1828K(1856K)
[170.359s][info][gc             ] GC(558) Pause Young (Allocation Failure) 519M->413M(869M) 14.875ms
[170.359s][info][gc,cpu         ] GC(558) User=0.03s Sys=0.00s Real=0.01s
[170.428s][info][gc,start       ] GC(559) Pause Young (Allocation Failure)
[170.438s][info][gc,heap        ] GC(559) PSYoungGen: 115168K(222720K)->1408K(222720K) Eden: 111616K(111616K)->0K(111616K) From: 3552K(111104K)->1408K(111104K)
[170.438s][info][gc,heap        ] GC(559) ParOldGen: 419892K(667648K)->423428K(667648K)
[170.438s][info][gc,metaspace   ] GC(559) Metaspace: 18264K(18432K)->18264K(18432K) NonClass: 16436K(16576K)->16436K(16576K) Class: 1828K(1856K)->1828K(1856K)
[170.438s][info][gc             ] GC(559) Pause Young (Allocation Failure) 522M->414M(869M) 10.067ms
[170.438s][info][gc,cpu         ] GC(559) User=0.02s Sys=0.00s Real=0.01s
[170.496s][info][gc,start       ] GC(560) Pause Young (Allocation Failure)
[170.503s][info][gc,heap        ] GC(560) PSYoungGen: 113024K(222720K)->64K(222720K) Eden: 111616K(111616K)->0K(111616K) From: 1408K(111104K)->64K(111104K)
[170.503s][info][gc,heap        ] GC(560) ParOldGen: 423428K(667648K)->424828K(667648K)
[170.503s][info][gc,metaspace   ] GC(560) Metaspace: 18264K(18432K)->18264K(18432K) NonClass: 16436K(16576K)->16436K(16576K) Class: 1828K(1856K)->1828K(1856K)
[170.503s][info][gc             ] GC(560) Pause Young (Allocation Failure) 523M->414M(869M) 6.593ms
[170.503s][info][gc,cpu         ] GC(560) User=0.02s Sys=0.00s Real=0.01s
[170.588s][info][gc,start       ] GC(561) Pause Young (Allocation Failure)
[170.605s][info][gc,heap        ] GC(561) PSYoungGen: 111680K(222720K)->12800K(222720K) Eden: 111616K(111616K)->0K(111616K) From: 64K(111104K)->12800K(111104K)
[170.605s][info][gc,heap        ] GC(561) ParOldGen: 424828K(667648K)->424868K(667648K)
[170.605s][info][gc,metaspace   ] GC(561) Metaspace: 18264K(18432K)->18264K(18432K) NonClass: 16436K(16576K)->16436K(16576K) Class: 1828K(1856K)->1828K(1856K)
[170.605s][info][gc             ] GC(561) Pause Young (Allocation Failure) 523M->427M(869M) 17.128ms
[170.605s][info][gc,cpu         ] GC(561) User=0.03s Sys=0.00s Real=0.02s
[170.682s][info][gc,start       ] GC(562) Pause Young (Allocation Failure)
[170.699s][info][gc,heap        ] GC(562) PSYoungGen: 124416K(222720K)->1376K(222720K) Eden: 111616K(111616K)->0K(111616K) From: 12800K(111104K)->1376K(111104K)
[170.699s][info][gc,heap        ] GC(562) ParOldGen: 424868K(667648K)->437656K(667648K)
[170.699s][info][gc,metaspace   ] GC(562) Metaspace: 18264K(18432K)->18264K(18432K) NonClass: 16436K(16576K)->16436K(16576K) Class: 1828K(1856K)->1828K(1856K)
[170.699s][info][gc             ] GC(562) Pause Young (Allocation Failure) 536M->428M(869M) 16.794ms
[170.699s][info][gc,cpu         ] GC(562) User=0.03s Sys=0.00s Real=0.01s
[170.829s][info][gc,start       ] GC(563) Pause Young (Allocation Failure)
[170.832s][info][gc,heap        ] GC(563) PSYoungGen: 112992K(222720K)->64K(218624K) Eden: 111616K(111616K)->0K(111616K) From: 1376K(111104K)->64K(107008K)
[170.832s][info][gc,heap        ] GC(563) ParOldGen: 437656K(667648K)->438984K(667648K)
[170.832s][info][gc,metaspace   ] GC(563) Metaspace: 18264K(18432K)->18264K(18432K) NonClass: 16436K(16576K)->16436K(16576K) Class: 1828K(1856K)->1828K(1856K)
[170.832s][info][gc             ] GC(563) Pause Young (Allocation Failure) 537M->428M(865M) 3.507ms
[170.832s][info][gc,cpu         ] GC(563) User=0.01s Sys=0.00s Real=0.01s
[171.004s][info][gc,start       ] GC(564) Pause Young (Allocation Failure)
[171.022s][info][gc,heap        ] GC(564) PSYoungGen: 111680K(218624K)->16160K(128000K) Eden: 111616K(111616K)->0K(111616K) From: 64K(107008K)->16160K(16384K)
[171.022s][info][gc,heap        ] GC(564) ParOldGen: 438984K(667648K)->438984K(667648K)
[171.022s][info][gc,metaspace   ] GC(564) Metaspace: 18265K(18432K)->18265K(18432K) NonClass: 16436K(16576K)->16436K(16576K) Class: 1828K(1856K)->1828K(1856K)
[171.022s][info][gc             ] GC(564) Pause Young (Allocation Failure) 537M->444M(777M) 18.138ms
[171.022s][info][gc,cpu         ] GC(564) User=0.03s Sys=0.00s Real=0.02s
[171.376s][info][gc,start       ] GC(565) Pause Young (Allocation Failure)
[171.396s][info][gc,heap        ] GC(565) PSYoungGen: 127776K(128000K)->18192K(206848K) Eden: 111616K(111616K)->0K(117760K) From: 16160K(16384K)->18192K(89088K)
[171.396s][info][gc,heap        ] GC(565) ParOldGen: 438984K(667648K)->438984K(667648K)
[171.396s][info][gc,metaspace   ] GC(565) Metaspace: 18266K(18432K)->18266K(18432K) NonClass: 16437K(16576K)->16437K(16576K) Class: 1828K(1856K)->1828K(1856K)
[171.396s][info][gc             ] GC(565) Pause Young (Allocation Failure) 553M->446M(854M) 19.943ms
[171.396s][info][gc,cpu         ] GC(565) User=0.03s Sys=0.00s Real=0.02s
[171.544s][info][gc,start       ] GC(566) Pause Young (Allocation Failure)
[171.570s][info][gc,heap        ] GC(566) PSYoungGen: 135952K(206848K)->25880K(213504K) Eden: 117760K(117760K)->0K(117760K) From: 18192K(89088K)->25880K(95744K)
[171.570s][info][gc,heap        ] GC(566) ParOldGen: 438984K(667648K)->438984K(667648K)
[171.570s][info][gc,metaspace   ] GC(566) Metaspace: 18266K(18432K)->18266K(18432K) NonClass: 16437K(16576K)->16437K(16576K) Class: 1828K(1856K)->1828K(1856K)
[171.570s][info][gc             ] GC(566) Pause Young (Allocation Failure) 561M->453M(860M) 26.178ms
[171.570s][info][gc,cpu         ] GC(566) User=0.05s Sys=0.00s Real=0.02s
[171.764s][info][gc,start       ] GC(567) Pause Young (Allocation Failure)
[171.802s][info][gc,heap        ] GC(567) PSYoungGen: 143640K(213504K)->38680K(211968K) Eden: 117760K(117760K)->0K(124928K) From: 25880K(95744K)->38680K(87040K)
[171.802s][info][gc,heap        ] GC(567) ParOldGen: 438984K(667648K)->438984K(667648K)
[171.802s][info][gc,metaspace   ] GC(567) Metaspace: 18266K(18432K)->18266K(18432K) NonClass: 16437K(16576K)->16437K(16576K) Class: 1828K(1856K)->1828K(1856K)
[171.803s][info][gc             ] GC(567) Pause Young (Allocation Failure) 568M->466M(859M) 38.870ms
[171.803s][info][gc,cpu         ] GC(567) User=0.08s Sys=0.00s Real=0.04s
[171.941s][info][gc,start       ] GC(568) Pause Young (Allocation Failure)
[171.999s][info][gc,heap        ] GC(568) PSYoungGen: 163608K(211968K)->67688K(212992K) Eden: 124928K(124928K)->0K(124928K) From: 38680K(87040K)->67688K(88064K)
[172.000s][info][gc,heap        ] GC(568) ParOldGen: 438984K(667648K)->438984K(667648K)
[172.000s][info][gc,metaspace   ] GC(568) Metaspace: 18269K(18432K)->18269K(18432K) NonClass: 16441K(16576K)->16441K(16576K) Class: 1828K(1856K)->1828K(1856K)
[172.000s][info][gc             ] GC(568) Pause Young (Allocation Failure) 588M->494M(860M) 58.534ms
[172.000s][info][gc,cpu         ] GC(568) User=0.12s Sys=0.00s Real=0.06s
[172.157s][info][gc,start       ] GC(569) Pause Young (Allocation Failure)
[172.255s][info][gc,heap        ] GC(569) PSYoungGen: 192616K(212992K)->97272K(208896K) Eden: 124928K(124928K)->0K(111616K) From: 67688K(88064K)->97272K(97280K)
[172.255s][info][gc,heap        ] GC(569) ParOldGen: 438984K(667648K)->451720K(667648K)
[172.255s][info][gc,metaspace   ] GC(569) Metaspace: 18276K(18432K)->18276K(18432K) NonClass: 16448K(16576K)->16448K(16576K) Class: 1828K(1856K)->1828K(1856K)
[172.255s][info][gc             ] GC(569) Pause Young (Allocation Failure) 616M->536M(856M) 97.597ms
[172.255s][info][gc,cpu         ] GC(569) User=0.17s Sys=0.02s Real=0.10s
[172.435s][info][gc,start       ] GC(570) Pause Young (Allocation Failure)
[172.510s][info][gc,heap        ] GC(570) PSYoungGen: 208888K(208896K)->81416K(222720K) Eden: 111616K(111616K)->0K(111616K) From: 97272K(97280K)->81416K(111104K)
[172.510s][info][gc,heap        ] GC(570) ParOldGen: 451720K(667648K)->467872K(667648K)
[172.511s][info][gc,metaspace   ] GC(570) Metaspace: 18276K(18432K)->18276K(18432K) NonClass: 16448K(16576K)->16448K(16576K) Class: 1828K(1856K)->1828K(1856K)
[172.511s][info][gc             ] GC(570) Pause Young (Allocation Failure) 645M->536M(869M) 75.552ms
[172.511s][info][gc,cpu         ] GC(570) User=0.15s Sys=0.00s Real=0.07s
[172.670s][info][gc,start       ] GC(571) Pause Young (Allocation Failure)
[172.730s][info][gc,heap        ] GC(571) PSYoungGen: 193032K(222720K)->71952K(222720K) Eden: 111616K(111616K)->0K(111616K) From: 81416K(111104K)->71952K(111104K)
[172.731s][info][gc,heap        ] GC(571) ParOldGen: 467872K(667648K)->477678K(667648K)
[172.731s][info][gc,metaspace   ] GC(571) Metaspace: 18276K(18432K)->18276K(18432K) NonClass: 16448K(16576K)->16448K(16576K) Class: 1828K(1856K)->1828K(1856K)
[172.731s][info][gc             ] GC(571) Pause Young (Allocation Failure) 645M->536M(869M) 60.721ms
[172.731s][info][gc,cpu         ] GC(571) User=0.12s Sys=0.00s Real=0.06s
[172.869s][info][gc,start       ] GC(572) Pause Young (Allocation Failure)
[172.922s][info][gc,heap        ] GC(572) PSYoungGen: 183568K(222720K)->35072K(222720K) Eden: 111616K(111616K)->0K(111616K) From: 71952K(111104K)->35072K(111104K)
[172.922s][info][gc,heap        ] GC(572) ParOldGen: 477678K(667648K)->515217K(667648K)
[172.922s][info][gc,metaspace   ] GC(572) Metaspace: 18276K(18432K)->18276K(18432K) NonClass: 16448K(16576K)->16448K(16576K) Class: 1828K(1856K)->1828K(1856K)
[172.922s][info][gc             ] GC(572) Pause Young (Allocation Failure) 645M->537M(869M) 53.113ms
[172.922s][info][gc,cpu         ] GC(572) User=0.11s Sys=0.00s Real=0.05s
[173.079s][info][gc,start       ] GC(573) Pause Young (Allocation Failure)
[173.108s][info][gc,heap        ] GC(573) PSYoungGen: 146688K(222720K)->1097K(222720K) Eden: 111616K(111616K)->0K(111616K) From: 35072K(111104K)->1097K(111104K)
[173.108s][info][gc,heap        ] GC(573) ParOldGen: 515217K(667648K)->549913K(667648K)
[173.108s][info][gc,metaspace   ] GC(573) Metaspace: 18276K(18432K)->18276K(18432K) NonClass: 16448K(16576K)->16448K(16576K) Class: 1828K(1856K)->1828K(1856K)
[173.108s][info][gc             ] GC(573) Pause Young (Allocation Failure) 646M->538M(869M) 28.209ms
[173.108s][info][gc,cpu         ] GC(573) User=0.06s Sys=0.00s Real=0.03s
[173.209s][info][gc,start       ] GC(574) Pause Young (Allocation Failure)
[173.215s][info][gc,heap        ] GC(574) PSYoungGen: 112713K(222720K)->1929K(222720K) Eden: 111616K(111616K)->0K(111616K) From: 1097K(111104K)->1929K(111104K)
[173.215s][info][gc,heap        ] GC(574) ParOldGen: 549913K(667648K)->550505K(667648K)
[173.215s][info][gc,metaspace   ] GC(574) Metaspace: 18277K(18432K)->18277K(18432K) NonClass: 16448K(16576K)->16448K(16576K) Class: 1828K(1856K)->1828K(1856K)
[173.216s][info][gc             ] GC(574) Pause Young (Allocation Failure) 647M->539M(869M) 6.682ms
[173.216s][info][gc,cpu         ] GC(574) User=0.02s Sys=0.00s Real=0.01s
[173.304s][info][gc,start       ] GC(575) Pause Young (Allocation Failure)
[173.311s][info][gc,heap        ] GC(575) PSYoungGen: 113545K(222720K)->1024K(222720K) Eden: 111616K(111616K)->0K(111616K) From: 1929K(111104K)->1024K(111104K)
[173.311s][info][gc,heap        ] GC(575) ParOldGen: 550505K(667648K)->552418K(667648K)
[173.311s][info][gc,metaspace   ] GC(575) Metaspace: 18277K(18432K)->18277K(18432K) NonClass: 16448K(16576K)->16448K(16576K) Class: 1828K(1856K)->1828K(1856K)
[173.311s][info][gc             ] GC(575) Pause Young (Allocation Failure) 648M->540M(869M) 7.181ms
[173.311s][info][gc,cpu         ] GC(575) User=0.02s Sys=0.00s Real=0.00s
[173.535s][info][gc,start       ] GC(576) Pause Young (Allocation Failure)
[173.569s][info][gc,heap        ] GC(576) PSYoungGen: 112640K(222720K)->16769K(222720K) Eden: 111616K(111616K)->0K(111616K) From: 1024K(111104K)->16769K(111104K)
[173.569s][info][gc,heap        ] GC(576) ParOldGen: 552418K(667648K)->553434K(667648K)
[173.569s][info][gc,metaspace   ] GC(576) Metaspace: 18284K(18432K)->18284K(18432K) NonClass: 16455K(16576K)->16455K(16576K) Class: 1828K(1856K)->1828K(1856K)
[173.569s][info][gc             ] GC(576) Pause Young (Allocation Failure) 649M->556M(869M) 33.896ms
[173.569s][info][gc,cpu         ] GC(576) User=0.07s Sys=0.00s Real=0.03s
[173.746s][info][gc,start       ] GC(577) Pause Young (Allocation Failure)
[173.784s][info][gc,heap        ] GC(577) PSYoungGen: 128385K(222720K)->10208K(217600K) Eden: 111616K(111616K)->0K(111616K) From: 16769K(111104K)->10208K(105984K)
[173.785s][info][gc,heap        ] GC(577) ParOldGen: 553434K(667648K)->570223K(667648K)
[173.785s][info][gc,metaspace   ] GC(577) Metaspace: 18284K(18432K)->18284K(18432K) NonClass: 16455K(16576K)->16455K(16576K) Class: 1828K(1856K)->1828K(1856K)
[173.785s][info][gc             ] GC(577) Pause Young (Allocation Failure) 665M->566M(864M) 38.511ms
[173.785s][info][gc,cpu         ] GC(577) User=0.08s Sys=0.00s Real=0.04s
[173.909s][info][gc,start       ] GC(578) Pause Young (Allocation Failure)
[173.938s][info][gc,heap        ] GC(578) PSYoungGen: 121824K(217600K)->25952K(220160K) Eden: 111616K(111616K)->0K(111616K) From: 10208K(105984K)->25952K(108544K)
[173.938s][info][gc,heap        ] GC(578) ParOldGen: 570223K(667648K)->570223K(667648K)
[173.938s][info][gc,metaspace   ] GC(578) Metaspace: 18287K(18432K)->18287K(18432K) NonClass: 16458K(16576K)->16458K(16576K) Class: 1828K(1856K)->1828K(1856K)
[173.938s][info][gc             ] GC(578) Pause Young (Allocation Failure) 675M->582M(867M) 29.416ms
[173.938s][info][gc,cpu         ] GC(578) User=0.06s Sys=0.00s Real=0.03s
[174.058s][info][gc,start       ] GC(579) Pause Young (Allocation Failure)
[174.097s][info][gc,heap        ] GC(579) PSYoungGen: 137568K(220160K)->37696K(215040K) Eden: 111616K(111616K)->0K(120320K) From: 25952K(108544K)->37696K(94720K)
[174.097s][info][gc,heap        ] GC(579) ParOldGen: 570223K(667648K)->570223K(667648K)
[174.097s][info][gc,metaspace   ] GC(579) Metaspace: 18289K(18432K)->18289K(18432K) NonClass: 16460K(16576K)->16460K(16576K) Class: 1828K(1856K)->1828K(1856K)
[174.097s][info][gc             ] GC(579) Pause Young (Allocation Failure) 691M->593M(862M) 39.385ms
[174.097s][info][gc,cpu         ] GC(579) User=0.07s Sys=0.00s Real=0.04s
[174.196s][info][gc,start       ] GC(580) Pause Young (Allocation Failure)
[174.237s][info][gc,heap        ] GC(580) PSYoungGen: 158016K(215040K)->40288K(217600K) Eden: 120320K(120320K)->0K(120320K) From: 37696K(94720K)->40288K(97280K)
[174.237s][info][gc,heap        ] GC(580) ParOldGen: 570223K(667648K)->570223K(667648K)
[174.237s][info][gc,metaspace   ] GC(580) Metaspace: 18291K(18496K)->18291K(18496K) NonClass: 16463K(16640K)->16463K(16640K) Class: 1828K(1856K)->1828K(1856K)
[174.237s][info][gc             ] GC(580) Pause Young (Allocation Failure) 711M->596M(864M) 41.026ms
[174.237s][info][gc,cpu         ] GC(580) User=0.08s Sys=0.00s Real=0.04s
[174.389s][info][gc,start       ] GC(581) Pause Young (Allocation Failure)
[174.430s][info][gc,heap        ] GC(581) PSYoungGen: 160608K(217600K)->40672K(219136K) Eden: 120320K(120320K)->0K(130048K) From: 40288K(97280K)->40672K(89088K)
[174.430s][info][gc,heap        ] GC(581) ParOldGen: 570223K(667648K)->570223K(667648K)
[174.430s][info][gc,metaspace   ] GC(581) Metaspace: 18291K(18496K)->18291K(18496K) NonClass: 16463K(16640K)->16463K(16640K) Class: 1828K(1856K)->1828K(1856K)
[174.430s][info][gc             ] GC(581) Pause Young (Allocation Failure) 713M->596M(866M) 40.645ms
[174.430s][info][gc,cpu         ] GC(581) User=0.09s Sys=0.00s Real=0.04s
[174.597s][info][gc,start       ] GC(582) Pause Young (Allocation Failure)
[174.640s][info][gc,heap        ] GC(582) PSYoungGen: 170720K(219136K)->43520K(221696K) Eden: 130048K(130048K)->0K(130048K) From: 40672K(89088K)->43520K(91648K)
[174.640s][info][gc,heap        ] GC(582) ParOldGen: 570223K(667648K)->570231K(667648K)
[174.640s][info][gc,metaspace   ] GC(582) Metaspace: 18296K(18496K)->18296K(18496K) NonClass: 16467K(16640K)->16467K(16640K) Class: 1828K(1856K)->1828K(1856K)
[174.640s][info][gc             ] GC(582) Pause Young (Allocation Failure) 723M->599M(868M) 43.215ms
[174.640s][info][gc,cpu         ] GC(582) User=0.08s Sys=0.00s Real=0.04s
[174.717s][info][gc,start       ] GC(583) Pause Young (Allocation Failure)
[174.761s][info][gc,heap        ] GC(583) PSYoungGen: 173568K(221696K)->43520K(229888K) Eden: 130048K(130048K)->0K(141824K) From: 43520K(91648K)->43520K(88064K)
[174.761s][info][gc,heap        ] GC(583) ParOldGen: 570231K(667648K)->570231K(667648K)
[174.761s][info][gc,metaspace   ] GC(583) Metaspace: 18296K(18496K)->18296K(18496K) NonClass: 16467K(16640K)->16467K(16640K) Class: 1828K(1856K)->1828K(1856K)
[174.762s][info][gc             ] GC(583) Pause Young (Allocation Failure) 726M->599M(876M) 44.646ms
[174.762s][info][gc,cpu         ] GC(583) User=0.08s Sys=0.00s Real=0.04s
[174.944s][info][gc,start       ] GC(584) Pause Young (Allocation Failure)
[174.991s][info][gc,heap        ] GC(584) PSYoungGen: 185344K(229888K)->48992K(230400K) Eden: 141824K(141824K)->0K(141824K) From: 43520K(88064K)->48992K(88576K)
[174.991s][info][gc,heap        ] GC(584) ParOldGen: 570231K(667648K)->570231K(667648K)
[174.991s][info][gc,metaspace   ] GC(584) Metaspace: 18296K(18496K)->18296K(18496K) NonClass: 16467K(16640K)->16467K(16640K) Class: 1828K(1856K)->1828K(1856K)
[174.992s][info][gc             ] GC(584) Pause Young (Allocation Failure) 737M->604M(877M) 47.775ms
[174.992s][info][gc,cpu         ] GC(584) User=0.09s Sys=0.00s Real=0.04s
[175.153s][info][gc,start       ] GC(585) Pause Young (Allocation Failure)
[175.204s][info][gc,heap        ] GC(585) PSYoungGen: 190816K(230400K)->51664K(242176K) Eden: 141824K(141824K)->0K(153600K) From: 48992K(88576K)->51664K(88576K)
[175.204s][info][gc,heap        ] GC(585) ParOldGen: 570231K(667648K)->570231K(667648K)
[175.204s][info][gc,metaspace   ] GC(585) Metaspace: 18300K(18496K)->18300K(18496K) NonClass: 16472K(16640K)->16472K(16640K) Class: 1828K(1856K)->1828K(1856K)
[175.204s][info][gc             ] GC(585) Pause Young (Allocation Failure) 743M->607M(888M) 50.791ms
[175.204s][info][gc,cpu         ] GC(585) User=0.10s Sys=0.00s Real=0.05s
[175.401s][info][gc,start       ] GC(586) Pause Young (Allocation Failure)
[175.473s][info][gc,heap        ] GC(586) PSYoungGen: 205264K(242176K)->74448K(228352K) Eden: 153600K(153600K)->0K(153600K) From: 51664K(88576K)->74448K(74752K)
[175.473s][info][gc,heap        ] GC(586) ParOldGen: 570231K(667648K)->570231K(667648K)
[175.473s][info][gc,metaspace   ] GC(586) Metaspace: 18300K(18496K)->18300K(18496K) NonClass: 16472K(16640K)->16472K(16640K) Class: 1828K(1856K)->1828K(1856K)
[175.473s][info][gc             ] GC(586) Pause Young (Allocation Failure) 757M->629M(875M) 72.057ms
[175.473s][info][gc,cpu         ] GC(586) User=0.14s Sys=0.00s Real=0.08s
[175.712s][info][gc,start       ] GC(587) Pause Young (Allocation Failure)
[175.785s][info][gc,heap        ] GC(587) PSYoungGen: 228048K(228352K)->74544K(221696K) Eden: 153600K(153600K)->0K(123904K) From: 74448K(74752K)->74544K(97792K)
[175.785s][info][gc,heap        ] GC(587) ParOldGen: 570231K(667648K)->570231K(667648K)
[175.785s][info][gc,metaspace   ] GC(587) Metaspace: 18303K(18496K)->18303K(18496K) NonClass: 16475K(16640K)->16475K(16640K) Class: 1828K(1856K)->1828K(1856K)
[175.785s][info][gc             ] GC(587) Pause Young (Allocation Failure) 779M->629M(868M) 73.047ms
[175.785s][info][gc,cpu         ] GC(587) User=0.14s Sys=0.00s Real=0.07s
[175.935s][info][gc,start       ] GC(588) Pause Young (Allocation Failure)
[176.016s][info][gc,heap        ] GC(588) PSYoungGen: 198448K(221696K)->74608K(198656K) Eden: 123904K(123904K)->0K(123904K) From: 74544K(97792K)->74608K(74752K)
[176.016s][info][gc,heap        ] GC(588) ParOldGen: 570231K(667648K)->570231K(667648K)
[176.017s][info][gc,metaspace   ] GC(588) Metaspace: 18303K(18496K)->18303K(18496K) NonClass: 16475K(16640K)->16475K(16640K) Class: 1828K(1856K)->1828K(1856K)
[176.017s][info][gc             ] GC(588) Pause Young (Allocation Failure) 750M->629M(846M) 81.214ms
[176.017s][info][gc,cpu         ] GC(588) User=0.16s Sys=0.00s Real=0.08s
[177.233s][info][gc,start       ] GC(589) Pause Young (Allocation Failure)
[177.305s][info][gc,heap        ] GC(589) PSYoungGen: 198512K(198656K)->75108K(221696K) Eden: 123904K(123904K)->0K(111616K) From: 74608K(74752K)->75108K(110080K)
[177.305s][info][gc,heap        ] GC(589) ParOldGen: 570231K(667648K)->570231K(667648K)
[177.305s][info][gc,metaspace   ] GC(589) Metaspace: 18303K(18496K)->18303K(18496K) NonClass: 16475K(16640K)->16475K(16640K) Class: 1828K(1856K)->1828K(1856K)
[177.305s][info][gc             ] GC(589) Pause Young (Allocation Failure) 750M->630M(868M) 72.536ms
[177.305s][info][gc,cpu         ] GC(589) User=0.15s Sys=0.00s Real=0.07s
[177.917s][info][gc,start       ] GC(590) Pause Young (Allocation Failure)
[177.990s][info][gc,heap        ] GC(590) PSYoungGen: 186724K(221696K)->49245K(161280K) Eden: 111616K(111616K)->0K(111616K) From: 75108K(110080K)->49245K(49664K)
[177.990s][info][gc,heap        ] GC(590) ParOldGen: 570231K(667648K)->596239K(667648K)
[177.990s][info][gc,metaspace   ] GC(590) Metaspace: 18304K(18496K)->18304K(18496K) NonClass: 16476K(16640K)->16476K(16640K) Class: 1828K(1856K)->1828K(1856K)
[177.990s][info][gc             ] GC(590) Pause Young (Allocation Failure) 739M->630M(809M) 73.089ms
[177.990s][info][gc,cpu         ] GC(590) User=0.14s Sys=0.00s Real=0.07s
[178.456s][info][gc,start       ] GC(591) Pause Young (Allocation Failure)
[178.506s][info][gc,heap        ] GC(591) PSYoungGen: 160861K(161280K)->50493K(221696K) Eden: 111616K(111616K)->0K(118272K) From: 49245K(49664K)->50493K(103424K)
[178.506s][info][gc,heap        ] GC(591) ParOldGen: 596239K(667648K)->596239K(667648K)
[178.506s][info][gc,metaspace   ] GC(591) Metaspace: 18305K(18496K)->18305K(18496K) NonClass: 16477K(16640K)->16477K(16640K) Class: 1828K(1856K)->1828K(1856K)
[178.506s][info][gc             ] GC(591) Pause Young (Allocation Failure) 739M->631M(868M) 50.153ms
[178.506s][info][gc,cpu         ] GC(591) User=0.10s Sys=0.00s Real=0.05s
[179.199s][info][gc,start       ] GC(592) Pause Young (Allocation Failure)
[179.254s][info][gc,heap        ] GC(592) PSYoungGen: 168738K(221696K)->51152K(220672K) Eden: 118245K(118272K)->0K(118272K) From: 50493K(103424K)->51152K(102400K)
[179.254s][info][gc,heap        ] GC(592) ParOldGen: 596239K(667648K)->596247K(667648K)
[179.254s][info][gc,metaspace   ] GC(592) Metaspace: 18337K(18496K)->18337K(18496K) NonClass: 16509K(16640K)->16509K(16640K) Class: 1828K(1856K)->1828K(1856K)
[179.254s][info][gc             ] GC(592) Pause Young (Allocation Failure) 747M->632M(867M) 55.010ms
[179.254s][info][gc,cpu         ] GC(592) User=0.11s Sys=0.00s Real=0.06s
[179.558s][info][gc,start       ] GC(593) Pause Young (Allocation Failure)
[179.610s][info][gc,heap        ] GC(593) PSYoungGen: 169335K(220672K)->52005K(216064K) Eden: 118183K(118272K)->0K(125952K) From: 51152K(102400K)->52005K(90112K)
[179.610s][info][gc,heap        ] GC(593) ParOldGen: 596247K(667648K)->596255K(667648K)
[179.610s][info][gc,metaspace   ] GC(593) Metaspace: 18344K(18496K)->18344K(18496K) NonClass: 16516K(16640K)->16516K(16640K) Class: 1828K(1856K)->1828K(1856K)
[179.610s][info][gc             ] GC(593) Pause Young (Allocation Failure) 747M->633M(863M) 51.584ms
[179.610s][info][gc,cpu         ] GC(593) User=0.10s Sys=0.00s Real=0.05s
[179.910s][info][gc,start       ] GC(594) Pause Young (Allocation Failure)
[179.960s][info][gc,heap        ] GC(594) PSYoungGen: 177957K(216064K)->39713K(219648K) Eden: 125952K(125952K)->0K(125952K) From: 52005K(90112K)->39713K(93696K)
[179.960s][info][gc,heap        ] GC(594) ParOldGen: 596255K(667648K)->608039K(667648K)
[179.960s][info][gc,metaspace   ] GC(594) Metaspace: 18420K(18560K)->18420K(18560K) NonClass: 16592K(16704K)->16592K(16704K) Class: 1828K(1856K)->1828K(1856K)
[179.960s][info][gc             ] GC(594) Pause Young (Allocation Failure) 756M->632M(866M) 50.711ms
[179.960s][info][gc,cpu         ] GC(594) User=0.10s Sys=0.00s Real=0.05s
[180.170s][info][gc,start       ] GC(595) Pause Young (Allocation Failure)
[180.230s][info][gc,heap        ] GC(595) PSYoungGen: 165665K(219648K)->60708K(225280K) Eden: 125952K(125952K)->0K(134144K) From: 39713K(93696K)->60708K(91136K)
[180.230s][info][gc,heap        ] GC(595) ParOldGen: 608039K(667648K)->610631K(667648K)
[180.230s][info][gc,metaspace   ] GC(595) Metaspace: 18426K(18560K)->18426K(18560K) NonClass: 16597K(16704K)->16597K(16704K) Class: 1828K(1856K)->1828K(1856K)
[180.230s][info][gc             ] GC(595) Pause Young (Allocation Failure) 755M->655M(872M) 59.281ms
[180.230s][info][gc,cpu         ] GC(595) User=0.12s Sys=0.00s Real=0.06s
[180.385s][info][gc,start       ] GC(596) Pause Young (Allocation Failure)
[180.482s][info][gc,heap        ] GC(596) PSYoungGen: 194852K(225280K)->91124K(225280K) Eden: 134144K(134144K)->0K(134144K) From: 60708K(91136K)->91124K(91136K)
[180.482s][info][gc,heap        ] GC(596) ParOldGen: 610631K(667648K)->630031K(667648K)
[180.482s][info][gc,metaspace   ] GC(596) Metaspace: 18482K(18624K)->18482K(18624K) NonClass: 16654K(16768K)->16654K(16768K) Class: 1828K(1856K)->1828K(1856K)
[180.482s][info][gc             ] GC(596) Pause Young (Allocation Failure) 786M->704M(872M) 97.304ms
[180.482s][info][gc,cpu         ] GC(596) User=0.19s Sys=0.00s Real=0.10s
[180.597s][info][gc,start       ] GC(597) Pause Young (Allocation Failure)
[180.739s][info][gc,heap        ] GC(597) PSYoungGen: 225268K(225280K)->108541K(220160K) Eden: 134144K(134144K)->0K(111616K) From: 91124K(91136K)->108541K(108544K)
[180.739s][info][gc,heap        ] GC(597) ParOldGen: 630031K(667648K)->659252K(667648K)
[180.739s][info][gc,metaspace   ] GC(597) Metaspace: 18482K(18624K)->18482K(18624K) NonClass: 16654K(16768K)->16654K(16768K) Class: 1828K(1856K)->1828K(1856K)
[180.739s][info][gc             ] GC(597) Pause Young (Allocation Failure) 835M->749M(867M) 141.374ms
[180.739s][info][gc,cpu         ] GC(597) User=0.24s Sys=0.04s Real=0.14s
[180.951s][info][gc,start       ] GC(598) Pause Full (Allocation Failure)
[180.951s][info][gc,phases,start] GC(598) Marking Phase
[181.069s][info][gc,phases      ] GC(598) Marking Phase 117.967ms
[181.069s][info][gc,phases,start] GC(598) Summary Phase
[181.070s][info][gc,phases      ] GC(598) Summary Phase 0.027ms
[181.070s][info][gc,phases,start] GC(598) Forward
[181.113s][info][gc,phases      ] GC(598) Forward 43.255ms
[181.113s][info][gc,phases,start] GC(598) Adjust Pointers
[181.187s][info][gc,phases      ] GC(598) Adjust Pointers 74.200ms
[181.187s][info][gc,phases,start] GC(598) Compaction Phase
[181.242s][info][gc,phases      ] GC(598) Compaction Phase 55.125ms
[181.243s][info][gc,phases,start] GC(598) Post Compact
[181.246s][info][gc,phases      ] GC(598) Post Compact 2.531ms
[181.262s][info][gc,heap        ] GC(598) PSYoungGen: 220157K(220160K)->0K(222720K) Eden: 111616K(111616K)->0K(111616K) From: 108541K(108544K)->0K(111104K)
[181.262s][info][gc,heap        ] GC(598) ParOldGen: 659252K(667648K)->204214K(467968K)
[181.262s][info][gc,metaspace   ] GC(598) Metaspace: 18482K(18624K)->18482K(18624K) NonClass: 16654K(16768K)->16654K(16768K) Class: 1828K(1856K)->1828K(1856K)
[181.262s][info][gc             ] GC(598) Pause Full (Allocation Failure) 858M->199M(674M) 310.405ms
[181.262s][info][gc,cpu         ] GC(598) User=0.53s Sys=0.01s Real=0.32s
[181.463s][info][gc,start       ] GC(599) Pause Young (Allocation Failure)
[181.513s][info][gc,heap        ] GC(599) PSYoungGen: 111616K(222720K)->27127K(222720K) Eden: 111616K(111616K)->0K(111616K) From: 0K(111104K)->27127K(111104K)
[181.513s][info][gc,heap        ] GC(599) ParOldGen: 204214K(467968K)->204214K(467968K)
[181.513s][info][gc,metaspace   ] GC(599) Metaspace: 18482K(18624K)->18482K(18624K) NonClass: 16654K(16768K)->16654K(16768K) Class: 1828K(1856K)->1828K(1856K)
[181.513s][info][gc             ] GC(599) Pause Young (Allocation Failure) 308M->225M(674M) 49.822ms
[181.513s][info][gc,cpu         ] GC(599) User=0.09s Sys=0.00s Real=0.05s
[181.688s][info][gc,start       ] GC(600) Pause Young (Allocation Failure)
[181.761s][info][gc,heap        ] GC(600) PSYoungGen: 138743K(222720K)->51017K(222720K) Eden: 111616K(111616K)->0K(111616K) From: 27127K(111104K)->51017K(111104K)
[181.761s][info][gc,heap        ] GC(600) ParOldGen: 204214K(467968K)->204222K(467968K)
[181.761s][info][gc,metaspace   ] GC(600) Metaspace: 18513K(18624K)->18513K(18624K) NonClass: 16684K(16768K)->16684K(16768K) Class: 1828K(1856K)->1828K(1856K)
[181.761s][info][gc             ] GC(600) Pause Young (Allocation Failure) 334M->249M(674M) 72.971ms
[181.761s][info][gc,cpu         ] GC(600) User=0.15s Sys=0.00s Real=0.07s
[181.915s][info][gc,start       ] GC(601) Pause Young (Allocation Failure)
[182.011s][info][gc,heap        ] GC(601) PSYoungGen: 162633K(222720K)->64403K(222720K) Eden: 111616K(111616K)->0K(111616K) From: 51017K(111104K)->64403K(111104K)
[182.011s][info][gc,heap        ] GC(601) ParOldGen: 204222K(467968K)->204222K(467968K)
[182.011s][info][gc,metaspace   ] GC(601) Metaspace: 18513K(18624K)->18513K(18624K) NonClass: 16684K(16768K)->16684K(16768K) Class: 1828K(1856K)->1828K(1856K)
[182.011s][info][gc             ] GC(601) Pause Young (Allocation Failure) 358M->262M(674M) 96.465ms
[182.011s][info][gc,cpu         ] GC(601) User=0.19s Sys=0.00s Real=0.09s
[182.091s][info][gc,start       ] GC(602) Pause Young (Allocation Failure)
[182.180s][info][gc,heap        ] GC(602) PSYoungGen: 176019K(222720K)->67923K(222720K) Eden: 111616K(111616K)->0K(111616K) From: 64403K(111104K)->67923K(111104K)
[182.180s][info][gc,heap        ] GC(602) ParOldGen: 204222K(467968K)->204222K(467968K)
[182.180s][info][gc,metaspace   ] GC(602) Metaspace: 18514K(18624K)->18514K(18624K) NonClass: 16686K(16768K)->16686K(16768K) Class: 1828K(1856K)->1828K(1856K)
[182.180s][info][gc             ] GC(602) Pause Young (Allocation Failure) 371M->265M(674M) 89.064ms
[182.180s][info][gc,cpu         ] GC(602) User=0.18s Sys=0.00s Real=0.09s
[182.336s][info][gc,start       ] GC(603) Pause Young (Allocation Failure)
[182.434s][info][gc,heap        ] GC(603) PSYoungGen: 179539K(222720K)->76521K(222720K) Eden: 111616K(111616K)->0K(111616K) From: 67923K(111104K)->76521K(111104K)
[182.434s][info][gc,heap        ] GC(603) ParOldGen: 204222K(467968K)->204222K(467968K)
[182.434s][info][gc,metaspace   ] GC(603) Metaspace: 18514K(18624K)->18514K(18624K) NonClass: 16686K(16768K)->16686K(16768K) Class: 1828K(1856K)->1828K(1856K)
[182.434s][info][gc             ] GC(603) Pause Young (Allocation Failure) 374M->274M(674M) 97.840ms
[182.434s][info][gc,cpu         ] GC(603) User=0.19s Sys=0.00s Real=0.10s
[182.538s][info][gc,start       ] GC(604) Pause Young (Allocation Failure)
[182.637s][info][gc,heap        ] GC(604) PSYoungGen: 188137K(222720K)->78675K(222720K) Eden: 111616K(111616K)->0K(111616K) From: 76521K(111104K)->78675K(111104K)
[182.637s][info][gc,heap        ] GC(604) ParOldGen: 204222K(467968K)->204222K(467968K)
[182.637s][info][gc,metaspace   ] GC(604) Metaspace: 18514K(18624K)->18514K(18624K) NonClass: 16686K(16768K)->16686K(16768K) Class: 1828K(1856K)->1828K(1856K)
[182.637s][info][gc             ] GC(604) Pause Young (Allocation Failure) 383M->276M(674M) 98.978ms
[182.637s][info][gc,cpu         ] GC(604) User=0.20s Sys=0.00s Real=0.10s
[182.739s][info][gc,start       ] GC(605) Pause Young (Allocation Failure)
[182.839s][info][gc,heap        ] GC(605) PSYoungGen: 190291K(222720K)->78835K(222720K) Eden: 111616K(111616K)->0K(111616K) From: 78675K(111104K)->78835K(111104K)
[182.840s][info][gc,heap        ] GC(605) ParOldGen: 204222K(467968K)->204222K(467968K)
[182.840s][info][gc,metaspace   ] GC(605) Metaspace: 18514K(18624K)->18514K(18624K) NonClass: 16686K(16768K)->16686K(16768K) Class: 1828K(1856K)->1828K(1856K)
[182.840s][info][gc             ] GC(605) Pause Young (Allocation Failure) 385M->276M(674M) 100.136ms
[182.840s][info][gc,cpu         ] GC(605) User=0.20s Sys=0.00s Real=0.10s
[182.953s][info][gc,start       ] GC(606) Pause Young (Allocation Failure)
[183.056s][info][gc,heap        ] GC(606) PSYoungGen: 190451K(222720K)->29984K(222720K) Eden: 111616K(111616K)->0K(111616K) From: 78835K(111104K)->29984K(111104K)
[183.056s][info][gc,heap        ] GC(606) ParOldGen: 204222K(467968K)->255442K(467968K)
[183.056s][info][gc,metaspace   ] GC(606) Metaspace: 18514K(18624K)->18514K(18624K) NonClass: 16686K(16768K)->16686K(16768K) Class: 1828K(1856K)->1828K(1856K)
[183.056s][info][gc             ] GC(606) Pause Young (Allocation Failure) 385M->278M(674M) 103.093ms
[183.056s][info][gc,cpu         ] GC(606) User=0.20s Sys=0.00s Real=0.10s
[183.127s][info][gc,start       ] GC(607) Pause Young (Allocation Failure)
[183.177s][info][gc,heap        ] GC(607) PSYoungGen: 141600K(222720K)->31424K(222720K) Eden: 111616K(111616K)->0K(111616K) From: 29984K(111104K)->31424K(111104K)
[183.177s][info][gc,heap        ] GC(607) ParOldGen: 255442K(467968K)->272386K(467968K)
[183.177s][info][gc,metaspace   ] GC(607) Metaspace: 18514K(18624K)->18514K(18624K) NonClass: 16686K(16768K)->16686K(16768K) Class: 1828K(1856K)->1828K(1856K)
[183.177s][info][gc             ] GC(607) Pause Young (Allocation Failure) 387M->296M(674M) 49.669ms
[183.177s][info][gc,cpu         ] GC(607) User=0.10s Sys=0.00s Real=0.05s
[183.266s][info][gc,start       ] GC(608) Pause Young (Allocation Failure)
[183.320s][info][gc,heap        ] GC(608) PSYoungGen: 143040K(222720K)->48320K(222720K) Eden: 111616K(111616K)->0K(111616K) From: 31424K(111104K)->48320K(111104K)
[183.320s][info][gc,heap        ] GC(608) ParOldGen: 272386K(467968K)->283162K(467968K)
[183.320s][info][gc,metaspace   ] GC(608) Metaspace: 18514K(18624K)->18514K(18624K) NonClass: 16686K(16768K)->16686K(16768K) Class: 1828K(1856K)->1828K(1856K)
[183.320s][info][gc             ] GC(608) Pause Young (Allocation Failure) 405M->323M(674M) 54.059ms
[183.320s][info][gc,cpu         ] GC(608) User=0.11s Sys=0.00s Real=0.05s
[183.469s][info][gc,start       ] GC(609) Pause Young (Allocation Failure)
[183.537s][info][gc,heap        ] GC(609) PSYoungGen: 159936K(222720K)->70531K(222720K) Eden: 111616K(111616K)->0K(111616K) From: 48320K(111104K)->70531K(111104K)
[183.537s][info][gc,heap        ] GC(609) ParOldGen: 283162K(467968K)->285514K(467968K)
[183.537s][info][gc,metaspace   ] GC(609) Metaspace: 18514K(18624K)->18514K(18624K) NonClass: 16686K(16768K)->16686K(16768K) Class: 1828K(1856K)->1828K(1856K)
[183.537s][info][gc             ] GC(609) Pause Young (Allocation Failure) 432M->347M(674M) 67.920ms
[183.537s][info][gc,cpu         ] GC(609) User=0.13s Sys=0.00s Real=0.07s
[183.620s][info][gc,start       ] GC(610) Pause Young (Allocation Failure)
[183.705s][info][gc,heap        ] GC(610) PSYoungGen: 182147K(222720K)->33059K(222720K) Eden: 111616K(111616K)->0K(111616K) From: 70531K(111104K)->33059K(111104K)
[183.705s][info][gc,heap        ] GC(610) ParOldGen: 285514K(467968K)->331726K(467968K)
[183.705s][info][gc,metaspace   ] GC(610) Metaspace: 18514K(18624K)->18514K(18624K) NonClass: 16686K(16768K)->16686K(16768K) Class: 1828K(1856K)->1828K(1856K)
[183.705s][info][gc             ] GC(610) Pause Young (Allocation Failure) 456M->356M(674M) 85.189ms
[183.705s][info][gc,cpu         ] GC(610) User=0.17s Sys=0.00s Real=0.09s
[183.816s][info][gc,start       ] GC(611) Pause Young (Allocation Failure)
[183.855s][info][gc,heap        ] GC(611) PSYoungGen: 144675K(222720K)->4032K(222720K) Eden: 111616K(111616K)->0K(111616K) From: 33059K(111104K)->4032K(111104K)
[183.855s][info][gc,heap        ] GC(611) ParOldGen: 331726K(467968K)->365024K(467968K)
[183.855s][info][gc,metaspace   ] GC(611) Metaspace: 18514K(18624K)->18514K(18624K) NonClass: 16686K(16768K)->16686K(16768K) Class: 1828K(1856K)->1828K(1856K)
[183.855s][info][gc             ] GC(611) Pause Young (Allocation Failure) 465M->360M(674M) 39.374ms
[183.855s][info][gc,cpu         ] GC(611) User=0.08s Sys=0.00s Real=0.04s
[183.955s][info][gc,start       ] GC(612) Pause Young (Allocation Failure)
[183.962s][info][gc,heap        ] GC(612) PSYoungGen: 115648K(222720K)->928K(222720K) Eden: 111616K(111616K)->0K(111616K) From: 4032K(111104K)->928K(111104K)
[183.962s][info][gc,heap        ] GC(612) ParOldGen: 365024K(467968K)->369056K(467968K)
[183.962s][info][gc,metaspace   ] GC(612) Metaspace: 18514K(18624K)->18514K(18624K) NonClass: 16686K(16768K)->16686K(16768K) Class: 1828K(1856K)->1828K(1856K)
[183.962s][info][gc             ] GC(612) Pause Young (Allocation Failure) 469M->361M(674M) 7.080ms
[183.962s][info][gc,cpu         ] GC(612) User=0.01s Sys=0.00s Real=0.01s
[184.245s][info][gc,start       ] GC(613) Pause Young (Allocation Failure)
[184.251s][info][gc,heap        ] GC(613) PSYoungGen: 112544K(222720K)->1856K(222720K) Eden: 111616K(111616K)->0K(111616K) From: 928K(111104K)->1856K(111104K)
[184.251s][info][gc,heap        ] GC(613) ParOldGen: 369056K(467968K)->369984K(467968K)
[184.251s][info][gc,metaspace   ] GC(613) Metaspace: 18514K(18624K)->18514K(18624K) NonClass: 16686K(16768K)->16686K(16768K) Class: 1828K(1856K)->1828K(1856K)
[184.251s][info][gc             ] GC(613) Pause Young (Allocation Failure) 470M->363M(674M) 5.500ms
[184.251s][info][gc,cpu         ] GC(613) User=0.01s Sys=0.00s Real=0.00s
[184.518s][info][gc,start       ] GC(614) Pause Young (Allocation Failure)
[184.523s][info][gc,heap        ] GC(614) PSYoungGen: 113472K(222720K)->352K(222720K) Eden: 111616K(111616K)->0K(111616K) From: 1856K(111104K)->352K(111104K)
[184.523s][info][gc,heap        ] GC(614) ParOldGen: 369984K(467968K)->371720K(467968K)
[184.523s][info][gc,metaspace   ] GC(614) Metaspace: 18514K(18624K)->18514K(18624K) NonClass: 16686K(16768K)->16686K(16768K) Class: 1828K(1856K)->1828K(1856K)
[184.523s][info][gc             ] GC(614) Pause Young (Allocation Failure) 472M->363M(674M) 4.704ms
[184.523s][info][gc,cpu         ] GC(614) User=0.01s Sys=0.00s Real=0.01s
[184.721s][info][gc,start       ] GC(615) Pause Young (Allocation Failure)
[184.752s][info][gc,heap        ] GC(615) PSYoungGen: 111968K(222720K)->31584K(222720K) Eden: 111616K(111616K)->0K(111616K) From: 352K(111104K)->31584K(111104K)
[184.752s][info][gc,heap        ] GC(615) ParOldGen: 371720K(467968K)->372032K(467968K)
[184.752s][info][gc,metaspace   ] GC(615) Metaspace: 18514K(18624K)->18514K(18624K) NonClass: 16686K(16768K)->16686K(16768K) Class: 1828K(1856K)->1828K(1856K)
[184.752s][info][gc             ] GC(615) Pause Young (Allocation Failure) 472M->394M(674M) 30.648ms
[184.752s][info][gc,cpu         ] GC(615) User=0.06s Sys=0.00s Real=0.04s
[184.868s][info][gc,start       ] GC(616) Pause Young (Allocation Failure)
[184.932s][info][gc,heap        ] GC(616) PSYoungGen: 143200K(222720K)->39792K(151552K) Eden: 111616K(111616K)->0K(111616K) From: 31584K(111104K)->39792K(39936K)
[184.932s][info][gc,heap        ] GC(616) ParOldGen: 372032K(467968K)->403701K(467968K)
[184.932s][info][gc,metaspace   ] GC(616) Metaspace: 18517K(18624K)->18517K(18624K) NonClass: 16689K(16768K)->16689K(16768K) Class: 1828K(1856K)->1828K(1856K)
[184.932s][info][gc             ] GC(616) Pause Young (Allocation Failure) 503M->433M(605M) 63.740ms
[184.932s][info][gc,cpu         ] GC(616) User=0.12s Sys=0.00s Real=0.06s
[185.068s][info][gc,start       ] GC(617) Pause Young (Allocation Failure)
[185.112s][info][gc,heap        ] GC(617) PSYoungGen: 151408K(151552K)->52544K(217600K) Eden: 111616K(111616K)->0K(112640K) From: 39792K(39936K)->52544K(104960K)
[185.112s][info][gc,heap        ] GC(617) ParOldGen: 403701K(467968K)->403701K(467968K)
[185.112s][info][gc,metaspace   ] GC(617) Metaspace: 18517K(18624K)->18517K(18624K) NonClass: 16689K(16768K)->16689K(16768K) Class: 1828K(1856K)->1828K(1856K)
[185.112s][info][gc             ] GC(617) Pause Young (Allocation Failure) 542M->445M(669M) 44.206ms
[185.112s][info][gc,cpu         ] GC(617) User=0.09s Sys=0.00s Real=0.05s
[185.219s][info][gc,start       ] GC(618) Pause Young (Allocation Failure)
[185.266s][info][gc,heap        ] GC(618) PSYoungGen: 165184K(217600K)->55728K(216576K) Eden: 112640K(112640K)->0K(112640K) From: 52544K(104960K)->55728K(103936K)
[185.266s][info][gc,heap        ] GC(618) ParOldGen: 403701K(467968K)->403701K(467968K)
[185.266s][info][gc,metaspace   ] GC(618) Metaspace: 18517K(18624K)->18517K(18624K) NonClass: 16689K(16768K)->16689K(16768K) Class: 1828K(1856K)->1828K(1856K)
[185.266s][info][gc             ] GC(618) Pause Young (Allocation Failure) 555M->448M(668M) 46.353ms
[185.266s][info][gc,cpu         ] GC(618) User=0.09s Sys=0.00s Real=0.05s
[185.377s][info][gc,start       ] GC(619) Pause Young (Allocation Failure)
[185.427s][info][gc,heap        ] GC(619) PSYoungGen: 168368K(216576K)->16960K(224256K) Eden: 112640K(112640K)->0K(124416K) From: 55728K(103936K)->16960K(99840K)
[185.427s][info][gc,heap        ] GC(619) ParOldGen: 403701K(467968K)->443602K(467968K)
[185.427s][info][gc,metaspace   ] GC(619) Metaspace: 18517K(18624K)->18517K(18624K) NonClass: 16689K(16768K)->16689K(16768K) Class: 1828K(1856K)->1828K(1856K)
[185.427s][info][gc             ] GC(619) Pause Young (Allocation Failure) 558M->449M(676M) 50.083ms
[185.427s][info][gc,cpu         ] GC(619) User=0.10s Sys=0.00s Real=0.05s
[185.693s][info][gc,start       ] GC(620) Pause Young (Allocation Failure)
[185.721s][info][gc,heap        ] GC(620) PSYoungGen: 141376K(224256K)->5504K(225792K) Eden: 124416K(124416K)->0K(124416K) From: 16960K(99840K)->5504K(101376K)
[185.721s][info][gc,heap        ] GC(620) ParOldGen: 443602K(467968K)->456594K(467968K)
[185.721s][info][gc,metaspace   ] GC(620) Metaspace: 18517K(18624K)->18517K(18624K) NonClass: 16689K(16768K)->16689K(16768K) Class: 1828K(1856K)->1828K(1856K)
[185.721s][info][gc             ] GC(620) Pause Young (Allocation Failure) 571M->451M(677M) 27.603ms
[185.721s][info][gc,cpu         ] GC(620) User=0.06s Sys=0.00s Real=0.02s
[186.019s][info][gc,start       ] GC(621) Pause Young (Allocation Failure)
[186.037s][info][gc,heap        ] GC(621) PSYoungGen: 129920K(225792K)->17440K(224768K) Eden: 124416K(124416K)->0K(131584K) From: 5504K(101376K)->17440K(93184K)
[186.037s][info][gc,heap        ] GC(621) ParOldGen: 456594K(467968K)->456594K(467968K)
[186.037s][info][gc,metaspace   ] GC(621) Metaspace: 18517K(18624K)->18517K(18624K) NonClass: 16689K(16768K)->16689K(16768K) Class: 1828K(1856K)->1828K(1856K)
[186.037s][info][gc             ] GC(621) Pause Young (Allocation Failure) 572M->462M(676M) 18.786ms
[186.037s][info][gc,cpu         ] GC(621) User=0.04s Sys=0.00s Real=0.02s
[186.138s][info][gc,start       ] GC(622) Pause Young (Allocation Failure)
[186.236s][info][gc,heap        ] GC(622) PSYoungGen: 149024K(224768K)->97280K(228864K) Eden: 131584K(131584K)->0K(131584K) From: 17440K(93184K)->97280K(97280K)
[186.236s][info][gc,heap        ] GC(622) ParOldGen: 456594K(467968K)->466618K(467968K)
[186.236s][info][gc,metaspace   ] GC(622) Metaspace: 18517K(18624K)->18517K(18624K) NonClass: 16689K(16768K)->16689K(16768K) Class: 1828K(1856K)->1828K(1856K)
[186.236s][info][gc             ] GC(622) Pause Young (Allocation Failure) 591M->550M(680M) 98.527ms
[186.237s][info][gc,cpu         ] GC(622) User=0.20s Sys=0.00s Real=0.10s
[186.361s][info][gc,start       ] GC(623) Pause Young (Allocation Failure)
[186.523s][info][gc,heap        ] GC(623) PSYoungGen: 228864K(228864K)->104960K(216576K) Eden: 131584K(131584K)->0K(111616K) From: 97280K(97280K)->104960K(104960K)
[186.523s][info][gc,heap        ] GC(623) ParOldGen: 466618K(467968K)->510528K(510976K)
[186.523s][info][gc,metaspace   ] GC(623) Metaspace: 18517K(18624K)->18517K(18624K) NonClass: 16689K(16768K)->16689K(16768K) Class: 1828K(1856K)->1828K(1856K)
[186.523s][info][gc             ] GC(623) Pause Young (Allocation Failure) 679M->601M(710M) 161.418ms
[186.523s][info][gc,cpu         ] GC(623) User=0.27s Sys=0.05s Real=0.17s
[186.630s][info][gc,start       ] GC(624) Pause Young (Allocation Failure)
[186.759s][info][gc,heap        ] GC(624) PSYoungGen: 216576K(216576K)->111088K(222720K) Eden: 111616K(111616K)->0K(111616K) From: 104960K(104960K)->111088K(111104K)
[186.760s][info][gc,heap        ] GC(624) ParOldGen: 510528K(510976K)->529939K(530432K)
[186.760s][info][gc,metaspace   ] GC(624) Metaspace: 18518K(18624K)->18518K(18624K) NonClass: 16690K(16768K)->16690K(16768K) Class: 1828K(1856K)->1828K(1856K)
[186.760s][info][gc             ] GC(624) Pause Young (Allocation Failure) 710M->626M(735M) 129.827ms
[186.760s][info][gc,cpu         ] GC(624) User=0.24s Sys=0.01s Real=0.13s
[186.849s][info][gc,start       ] GC(625) Pause Young (Allocation Failure)
[187.014s][info][gc,heap        ] GC(625) PSYoungGen: 222704K(222720K)->33092K(222720K) Eden: 111616K(111616K)->0K(111616K) From: 111088K(111104K)->33092K(111104K)
[187.014s][info][gc,heap        ] GC(625) ParOldGen: 529939K(530432K)->623598K(623616K)
[187.014s][info][gc,metaspace   ] GC(625) Metaspace: 18518K(18624K)->18518K(18624K) NonClass: 16690K(16768K)->16690K(16768K) Class: 1828K(1856K)->1828K(1856K)
[187.015s][info][gc             ] GC(625) Pause Young (Allocation Failure) 735M->641M(826M) 165.712ms
[187.015s][info][gc,cpu         ] GC(625) User=0.26s Sys=0.06s Real=0.17s
[187.076s][info][gc,start       ] GC(626) Pause Full (Allocation Failure)
[187.076s][info][gc,phases,start] GC(626) Marking Phase
[187.142s][info][gc,phases      ] GC(626) Marking Phase 65.642ms
[187.142s][info][gc,phases,start] GC(626) Summary Phase
[187.142s][info][gc,phases      ] GC(626) Summary Phase 0.028ms
[187.142s][info][gc,phases,start] GC(626) Forward
[187.161s][info][gc,phases      ] GC(626) Forward 19.019ms
[187.161s][info][gc,phases,start] GC(626) Adjust Pointers
[187.210s][info][gc,phases      ] GC(626) Adjust Pointers 49.098ms
[187.210s][info][gc,phases,start] GC(626) Compaction Phase
[187.233s][info][gc,phases      ] GC(626) Compaction Phase 22.685ms
[187.235s][info][gc,phases,start] GC(626) Post Compact
[187.237s][info][gc,phases      ] GC(626) Post Compact 2.283ms
[187.255s][info][gc,heap        ] GC(626) PSYoungGen: 144708K(222720K)->0K(222720K) Eden: 111616K(111616K)->0K(111616K) From: 33092K(111104K)->0K(111104K)
[187.255s][info][gc,heap        ] GC(626) ParOldGen: 623598K(623616K)->113769K(417280K)
[187.255s][info][gc,metaspace   ] GC(626) Metaspace: 18518K(18624K)->18518K(18624K) NonClass: 16690K(16768K)->16690K(16768K) Class: 1828K(1856K)->1828K(1856K)
[187.255s][info][gc             ] GC(626) Pause Full (Allocation Failure) 750M->111M(625M) 179.092ms
[187.255s][info][gc,cpu         ] GC(626) User=0.28s Sys=0.02s Real=0.18s
[187.326s][info][gc,start       ] GC(627) Pause Young (Allocation Failure)
[187.336s][info][gc,heap        ] GC(627) PSYoungGen: 111616K(222720K)->13984K(222720K) Eden: 111616K(111616K)->0K(111616K) From: 0K(111104K)->13984K(111104K)
[187.336s][info][gc,heap        ] GC(627) ParOldGen: 113769K(417280K)->113769K(417280K)
[187.336s][info][gc,metaspace   ] GC(627) Metaspace: 18518K(18624K)->18518K(18624K) NonClass: 16690K(16768K)->16690K(16768K) Class: 1828K(1856K)->1828K(1856K)
[187.336s][info][gc             ] GC(627) Pause Young (Allocation Failure) 220M->124M(625M) 10.275ms
[187.336s][info][gc,cpu         ] GC(627) User=0.02s Sys=0.01s Real=0.01s
[187.391s][info][gc,start       ] GC(628) Pause Young (Allocation Failure)
[187.426s][info][gc,heap        ] GC(628) PSYoungGen: 125600K(222720K)->37824K(222720K) Eden: 111616K(111616K)->0K(111616K) From: 13984K(111104K)->37824K(111104K)
[187.427s][info][gc,heap        ] GC(628) ParOldGen: 113769K(417280K)->127905K(417280K)
[187.427s][info][gc,metaspace   ] GC(628) Metaspace: 18518K(18624K)->18518K(18624K) NonClass: 16690K(16768K)->16690K(16768K) Class: 1828K(1856K)->1828K(1856K)
[187.427s][info][gc             ] GC(628) Pause Young (Allocation Failure) 233M->161M(625M) 35.467ms
[187.427s][info][gc,cpu         ] GC(628) User=0.07s Sys=0.00s Real=0.04s
[187.602s][info][gc,start       ] GC(629) Pause Young (Allocation Failure)
[187.639s][info][gc,heap        ] GC(629) PSYoungGen: 149440K(222720K)->20320K(222720K) Eden: 111616K(111616K)->0K(111616K) From: 37824K(111104K)->20320K(111104K)
[187.639s][info][gc,heap        ] GC(629) ParOldGen: 127905K(417280K)->166153K(417280K)
[187.639s][info][gc,metaspace   ] GC(629) Metaspace: 18518K(18624K)->18518K(18624K) NonClass: 16690K(16768K)->16690K(16768K) Class: 1828K(1856K)->1828K(1856K)
[187.639s][info][gc             ] GC(629) Pause Young (Allocation Failure) 270M->182M(625M) 37.243ms
[187.639s][info][gc,cpu         ] GC(629) User=0.08s Sys=0.00s Real=0.03s
[187.731s][info][gc,start       ] GC(630) Pause Young (Allocation Failure)
[187.751s][info][gc,heap        ] GC(630) PSYoungGen: 131936K(222720K)->2176K(222720K) Eden: 111616K(111616K)->0K(111616K) From: 20320K(111104K)->2176K(111104K)
[187.751s][info][gc,heap        ] GC(630) ParOldGen: 166153K(417280K)->186689K(417280K)
[187.751s][info][gc,metaspace   ] GC(630) Metaspace: 18518K(18624K)->18518K(18624K) NonClass: 16690K(16768K)->16690K(16768K) Class: 1828K(1856K)->1828K(1856K)
[187.751s][info][gc             ] GC(630) Pause Young (Allocation Failure) 291M->184M(625M) 19.994ms
[187.751s][info][gc,cpu         ] GC(630) User=0.04s Sys=0.00s Real=0.02s
[187.926s][info][gc,start       ] GC(631) Pause Young (Allocation Failure)
[187.962s][info][gc,heap        ] GC(631) PSYoungGen: 113792K(222720K)->18977K(222720K) Eden: 111616K(111616K)->0K(111616K) From: 2176K(111104K)->18977K(111104K)
[187.962s][info][gc,heap        ] GC(631) ParOldGen: 186689K(417280K)->188825K(417280K)
[187.962s][info][gc,metaspace   ] GC(631) Metaspace: 18518K(18624K)->18518K(18624K) NonClass: 16690K(16768K)->16690K(16768K) Class: 1828K(1856K)->1828K(1856K)
[187.962s][info][gc             ] GC(631) Pause Young (Allocation Failure) 293M->202M(625M) 36.939ms
[187.962s][info][gc,cpu         ] GC(631) User=0.08s Sys=0.00s Real=0.04s
[188.095s][info][gc,start       ] GC(632) Pause Young (Allocation Failure)
[188.143s][info][gc,heap        ] GC(632) PSYoungGen: 130593K(222720K)->19616K(222720K) Eden: 111616K(111616K)->0K(111616K) From: 18977K(111104K)->19616K(111104K)
[188.143s][info][gc,heap        ] GC(632) ParOldGen: 188825K(417280K)->207783K(417280K)
[188.143s][info][gc,metaspace   ] GC(632) Metaspace: 18518K(18624K)->18518K(18624K) NonClass: 16690K(16768K)->16690K(16768K) Class: 1828K(1856K)->1828K(1856K)
[188.143s][info][gc             ] GC(632) Pause Young (Allocation Failure) 311M->222M(625M) 48.079ms
[188.144s][info][gc,cpu         ] GC(632) User=0.09s Sys=0.00s Real=0.05s
[188.224s][info][gc,start       ] GC(633) Pause Young (Allocation Failure)
[188.299s][info][gc,heap        ] GC(633) PSYoungGen: 131232K(222720K)->62944K(222720K) Eden: 111616K(111616K)->0K(111616K) From: 19616K(111104K)->62944K(111104K)
[188.299s][info][gc,heap        ] GC(633) ParOldGen: 207783K(417280K)->227439K(417280K)
[188.299s][info][gc,metaspace   ] GC(633) Metaspace: 18518K(18624K)->18518K(18624K) NonClass: 16690K(16768K)->16690K(16768K) Class: 1828K(1856K)->1828K(1856K)
[188.299s][info][gc             ] GC(633) Pause Young (Allocation Failure) 331M->283M(625M) 74.687ms
[188.299s][info][gc,cpu         ] GC(633) User=0.15s Sys=0.00s Real=0.07s
[188.372s][info][gc,start       ] GC(634) Pause Young (Allocation Failure)
[188.454s][info][gc,heap        ] GC(634) PSYoungGen: 174560K(222720K)->26864K(222720K) Eden: 111616K(111616K)->0K(111616K) From: 62944K(111104K)->26864K(111104K)
[188.454s][info][gc,heap        ] GC(634) ParOldGen: 227439K(417280K)->290543K(417280K)
[188.454s][info][gc,metaspace   ] GC(634) Metaspace: 18519K(18624K)->18519K(18624K) NonClass: 16691K(16768K)->16691K(16768K) Class: 1828K(1856K)->1828K(1856K)
[188.454s][info][gc             ] GC(634) Pause Young (Allocation Failure) 392M->309M(625M) 81.552ms
[188.454s][info][gc,cpu         ] GC(634) User=0.16s Sys=0.00s Real=0.08s
[188.490s][info][gc,start       ] GC(635) Pause Young (Allocation Failure)
[188.527s][info][gc,heap        ] GC(635) PSYoungGen: 138480K(222720K)->25728K(222720K) Eden: 111616K(111616K)->0K(111616K) From: 26864K(111104K)->25728K(111104K)
[188.527s][info][gc,heap        ] GC(635) ParOldGen: 290543K(417280K)->317671K(417280K)
[188.527s][info][gc,metaspace   ] GC(635) Metaspace: 18519K(18624K)->18519K(18624K) NonClass: 16691K(16768K)->16691K(16768K) Class: 1828K(1856K)->1828K(1856K)
[188.527s][info][gc             ] GC(635) Pause Young (Allocation Failure) 418M->335M(625M) 37.463ms
[188.527s][info][gc,cpu         ] GC(635) User=0.07s Sys=0.00s Real=0.04s
[188.592s][info][gc,start       ] GC(636) Pause Young (Allocation Failure)
[188.627s][info][gc,heap        ] GC(636) PSYoungGen: 137344K(222720K)->24576K(222720K) Eden: 111616K(111616K)->0K(111616K) From: 25728K(111104K)->24576K(111104K)
[188.627s][info][gc,heap        ] GC(636) ParOldGen: 317671K(417280K)->343719K(417280K)
[188.627s][info][gc,metaspace   ] GC(636) Metaspace: 18522K(18624K)->18522K(18624K) NonClass: 16694K(16768K)->16694K(16768K) Class: 1828K(1856K)->1828K(1856K)
[188.627s][info][gc             ] GC(636) Pause Young (Allocation Failure) 444M->359M(625M) 35.716ms
[188.627s][info][gc,cpu         ] GC(636) User=0.07s Sys=0.00s Real=0.04s
[188.727s][info][gc,start       ] GC(637) Pause Young (Allocation Failure)
[188.750s][info][gc,heap        ] GC(637) PSYoungGen: 136192K(222720K)->1568K(222720K) Eden: 111616K(111616K)->0K(111616K) From: 24576K(111104K)->1568K(111104K)
[188.750s][info][gc,heap        ] GC(637) ParOldGen: 343719K(417280K)->368551K(417280K)
[188.750s][info][gc,metaspace   ] GC(637) Metaspace: 18524K(18624K)->18524K(18624K) NonClass: 16695K(16768K)->16695K(16768K) Class: 1828K(1856K)->1828K(1856K)
[188.750s][info][gc             ] GC(637) Pause Young (Allocation Failure) 468M->361M(625M) 23.600ms
[188.750s][info][gc,cpu         ] GC(637) User=0.04s Sys=0.00s Real=0.02s
[188.814s][info][gc,start       ] GC(638) Pause Young (Allocation Failure)
[188.828s][info][gc,heap        ] GC(638) PSYoungGen: 113184K(222720K)->5120K(116736K) Eden: 111616K(111616K)->0K(111616K) From: 1568K(111104K)->5120K(5120K)
[188.828s][info][gc,heap        ] GC(638) ParOldGen: 368551K(417280K)->370103K(417280K)
[188.828s][info][gc,metaspace   ] GC(638) Metaspace: 18524K(18624K)->18524K(18624K) NonClass: 16695K(16768K)->16695K(16768K) Class: 1828K(1856K)->1828K(1856K)
[188.828s][info][gc             ] GC(638) Pause Young (Allocation Failure) 470M->366M(521M) 14.367ms
[188.828s][info][gc,cpu         ] GC(638) User=0.03s Sys=0.00s Real=0.01s
[188.936s][info][gc,start       ] GC(639) Pause Young (Allocation Failure)
[188.969s][info][gc,heap        ] GC(639) PSYoungGen: 116375K(116736K)->11713K(225280K) Eden: 111255K(111616K)->0K(116224K) From: 5120K(5120K)->11713K(109056K)
[188.969s][info][gc,heap        ] GC(639) ParOldGen: 370103K(417280K)->375191K(417280K)
[188.969s][info][gc,metaspace   ] GC(639) Metaspace: 18524K(18624K)->18524K(18624K) NonClass: 16696K(16768K)->16696K(16768K) Class: 1828K(1856K)->1828K(1856K)
[188.969s][info][gc             ] GC(639) Pause Young (Allocation Failure) 475M->377M(627M) 32.714ms
[188.969s][info][gc,cpu         ] GC(639) User=0.06s Sys=0.00s Real=0.03s
[189.092s][info][gc,start       ] GC(640) Pause Young (Allocation Failure)
[189.143s][info][gc,heap        ] GC(640) PSYoungGen: 127937K(225280K)->26944K(143360K) Eden: 116224K(116224K)->0K(116224K) From: 11713K(109056K)->26944K(27136K)
[189.143s][info][gc,heap        ] GC(640) ParOldGen: 375191K(417280K)->386404K(417280K)
[189.143s][info][gc,metaspace   ] GC(640) Metaspace: 18524K(18624K)->18524K(18624K) NonClass: 16696K(16768K)->16696K(16768K) Class: 1828K(1856K)->1828K(1856K)
[189.143s][info][gc             ] GC(640) Pause Young (Allocation Failure) 491M->403M(547M) 50.644ms
[189.143s][info][gc,cpu         ] GC(640) User=0.10s Sys=0.01s Real=0.05s
[189.219s][info][gc,start       ] GC(641) Pause Young (Allocation Failure)
[189.272s][info][gc,heap        ] GC(641) PSYoungGen: 143168K(143360K)->22432K(222208K) Eden: 116224K(116224K)->0K(126464K) From: 26944K(27136K)->22432K(95744K)
[189.272s][info][gc,heap        ] GC(641) ParOldGen: 386404K(417280K)->413402K(417280K)
[189.272s][info][gc,metaspace   ] GC(641) Metaspace: 18524K(18624K)->18524K(18624K) NonClass: 16696K(16768K)->16696K(16768K) Class: 1828K(1856K)->1828K(1856K)
[189.272s][info][gc             ] GC(641) Pause Young (Allocation Failure) 517M->425M(624M) 53.428ms
[189.272s][info][gc,cpu         ] GC(641) User=0.11s Sys=0.00s Real=0.06s
[189.422s][info][gc,start       ] GC(642) Pause Young (Allocation Failure)
[189.471s][info][gc,heap        ] GC(642) PSYoungGen: 148896K(222208K)->15552K(217600K) Eden: 126464K(126464K)->0K(126464K) From: 22432K(95744K)->15552K(91136K)
[189.471s][info][gc,heap        ] GC(642) ParOldGen: 413402K(417280K)->435882K(436224K)
[189.471s][info][gc,metaspace   ] GC(642) Metaspace: 18524K(18624K)->18524K(18624K) NonClass: 16696K(16768K)->16696K(16768K) Class: 1828K(1856K)->1828K(1856K)
[189.471s][info][gc             ] GC(642) Pause Young (Allocation Failure) 549M->440M(638M) 49.775ms
[189.471s][info][gc,cpu         ] GC(642) User=0.09s Sys=0.01s Real=0.05s
[189.601s][info][gc,start       ] GC(643) Pause Young (Allocation Failure)
[189.629s][info][gc,heap        ] GC(643) PSYoungGen: 142016K(217600K)->1248K(225280K) Eden: 126464K(126464K)->0K(141824K) From: 15552K(91136K)->1248K(83456K)
[189.629s][info][gc,heap        ] GC(643) ParOldGen: 435882K(436224K)->451466K(451584K)
[189.629s][info][gc,metaspace   ] GC(643) Metaspace: 18524K(18624K)->18524K(18624K) NonClass: 16696K(16768K)->16696K(16768K) Class: 1828K(1856K)->1828K(1856K)
[189.629s][info][gc             ] GC(643) Pause Young (Allocation Failure) 564M->442M(661M) 28.689ms
[189.629s][info][gc,cpu         ] GC(643) User=0.04s Sys=0.01s Real=0.03s
[189.782s][info][gc,start       ] GC(644) Pause Young (Allocation Failure)
[189.793s][info][gc,heap        ] GC(644) PSYoungGen: 143072K(225280K)->3520K(227328K) Eden: 141824K(141824K)->0K(141824K) From: 1248K(83456K)->3520K(85504K)
[189.794s][info][gc,heap        ] GC(644) ParOldGen: 451466K(451584K)->452698K(453120K)
[189.794s][info][gc,metaspace   ] GC(644) Metaspace: 18524K(18624K)->18524K(18624K) NonClass: 16696K(16768K)->16696K(16768K) Class: 1828K(1856K)->1828K(1856K)
[189.794s][info][gc             ] GC(644) Pause Young (Allocation Failure) 580M->445M(664M) 11.452ms
[189.794s][info][gc,cpu         ] GC(644) User=0.02s Sys=0.00s Real=0.01s
[190.038s][info][gc,start       ] GC(645) Pause Young (Allocation Failure)
[190.055s][info][gc,heap        ] GC(645) PSYoungGen: 145344K(227328K)->9600K(229888K) Eden: 141824K(141824K)->0K(156160K) From: 3520K(85504K)->9600K(73728K)
[190.055s][info][gc,heap        ] GC(645) ParOldGen: 452698K(453120K)->456170K(456192K)
[190.055s][info][gc,metaspace   ] GC(645) Metaspace: 18524K(18624K)->18524K(18624K) NonClass: 16696K(16768K)->16696K(16768K) Class: 1828K(1856K)->1828K(1856K)
[190.056s][info][gc             ] GC(645) Pause Young (Allocation Failure) 584M->454M(670M) 17.227ms
[190.056s][info][gc,cpu         ] GC(645) User=0.03s Sys=0.01s Real=0.02s
[190.394s][info][gc,start       ] GC(646) Pause Young (Allocation Failure)
[190.424s][info][gc,heap        ] GC(646) PSYoungGen: 165760K(229888K)->13440K(235008K) Eden: 156160K(156160K)->0K(156160K) From: 9600K(73728K)->13440K(78848K)
[190.424s][info][gc,heap        ] GC(646) ParOldGen: 456170K(456192K)->465784K(465920K)
[190.425s][info][gc,metaspace   ] GC(646) Metaspace: 18527K(18624K)->18527K(18624K) NonClass: 16699K(16768K)->16699K(16768K) Class: 1828K(1856K)->1828K(1856K)
[190.425s][info][gc             ] GC(646) Pause Young (Allocation Failure) 607M->467M(684M) 30.925ms
[190.425s][info][gc,cpu         ] GC(646) User=0.06s Sys=0.00s Real=0.03s
[190.823s][info][gc,start       ] GC(647) Pause Young (Allocation Failure)
[190.838s][info][gc,heap        ] GC(647) PSYoungGen: 169600K(235008K)->13536K(233472K) Eden: 156160K(156160K)->0K(168960K) From: 13440K(78848K)->13536K(64512K)
[190.838s][info][gc,heap        ] GC(647) ParOldGen: 465784K(465920K)->465784K(465920K)
[190.838s][info][gc,metaspace   ] GC(647) Metaspace: 18527K(18624K)->18527K(18624K) NonClass: 16699K(16768K)->16699K(16768K) Class: 1828K(1856K)->1828K(1856K)
[190.838s][info][gc             ] GC(647) Pause Young (Allocation Failure) 620M->468M(683M) 15.032ms
[190.838s][info][gc,cpu         ] GC(647) User=0.03s Sys=0.00s Real=0.01s
[191.229s][info][gc,start       ] GC(648) Pause Young (Allocation Failure)
[191.252s][info][gc,heap        ] GC(648) PSYoungGen: 182496K(233472K)->13536K(239104K) Eden: 168960K(168960K)->0K(168960K) From: 13536K(64512K)->13536K(70144K)
[191.252s][info][gc,heap        ] GC(648) ParOldGen: 465784K(465920K)->465784K(465920K)
[191.252s][info][gc,metaspace   ] GC(648) Metaspace: 18528K(18624K)->18528K(18624K) NonClass: 16699K(16768K)->16699K(16768K) Class: 1828K(1856K)->1828K(1856K)
[191.252s][info][gc             ] GC(648) Pause Young (Allocation Failure) 633M->468M(688M) 23.644ms
[191.252s][info][gc,cpu         ] GC(648) User=0.04s Sys=0.00s Real=0.03s
[191.542s][info][gc,start       ] GC(649) Pause Young (Allocation Failure)
[191.569s][info][gc,heap        ] GC(649) PSYoungGen: 182496K(239104K)->30454K(245248K) Eden: 168960K(168960K)->0K(180736K) From: 13536K(70144K)->30454K(64512K)
[191.569s][info][gc,heap        ] GC(649) ParOldGen: 465784K(465920K)->465784K(465920K)
[191.569s][info][gc,metaspace   ] GC(649) Metaspace: 18528K(18624K)->18528K(18624K) NonClass: 16699K(16768K)->16699K(16768K) Class: 1828K(1856K)->1828K(1856K)
[191.569s][info][gc             ] GC(649) Pause Young (Allocation Failure) 633M->484M(694M) 27.170ms
[191.569s][info][gc,cpu         ] GC(649) User=0.05s Sys=0.00s Real=0.02s
[191.690s][info][gc,start       ] GC(650) Pause Young (Allocation Failure)
[191.774s][info][gc,heap        ] GC(650) PSYoungGen: 211190K(245248K)->65510K(246272K) Eden: 180736K(180736K)->0K(180736K) From: 30454K(64512K)->65510K(65536K)
[191.774s][info][gc,heap        ] GC(650) ParOldGen: 465784K(465920K)->492200K(492544K)
[191.774s][info][gc,metaspace   ] GC(650) Metaspace: 18528K(18624K)->18528K(18624K) NonClass: 16699K(16768K)->16699K(16768K) Class: 1828K(1856K)->1828K(1856K)
[191.774s][info][gc             ] GC(650) Pause Young (Allocation Failure) 661M->544M(721M) 84.313ms
[191.774s][info][gc,cpu         ] GC(650) User=0.14s Sys=0.02s Real=0.09s
[192.010s][info][gc,start       ] GC(651) Pause Young (Allocation Failure)
[192.087s][info][gc,heap        ] GC(651) PSYoungGen: 246246K(246272K)->56022K(237056K) Eden: 180736K(180736K)->0K(149504K) From: 65510K(65536K)->56022K(87552K)
[192.087s][info][gc,heap        ] GC(651) ParOldGen: 492200K(492544K)->505728K(505856K)
[192.088s][info][gc,metaspace   ] GC(651) Metaspace: 18528K(18624K)->18528K(18624K) NonClass: 16699K(16768K)->16699K(16768K) Class: 1828K(1856K)->1828K(1856K)
[192.088s][info][gc             ] GC(651) Pause Young (Allocation Failure) 721M->548M(725M) 77.715ms
[192.088s][info][gc,cpu         ] GC(651) User=0.14s Sys=0.01s Real=0.08s
[192.278s][info][gc,start       ] GC(652) Pause Young (Allocation Failure)
[192.359s][info][gc,heap        ] GC(652) PSYoungGen: 205526K(237056K)->83548K(233472K) Eden: 149504K(149504K)->0K(149504K) From: 56022K(87552K)->83548K(83968K)
[192.359s][info][gc,heap        ] GC(652) ParOldGen: 505728K(505856K)->505760K(505856K)
[192.359s][info][gc,metaspace   ] GC(652) Metaspace: 18528K(18624K)->18528K(18624K) NonClass: 16699K(16768K)->16699K(16768K) Class: 1828K(1856K)->1828K(1856K)
[192.359s][info][gc             ] GC(652) Pause Young (Allocation Failure) 694M->575M(722M) 80.458ms
[192.359s][info][gc,cpu         ] GC(652) User=0.16s Sys=0.00s Real=0.08s
[192.476s][info][gc,start       ] GC(653) Pause Young (Allocation Failure)
[192.610s][info][gc,heap        ] GC(653) PSYoungGen: 233052K(233472K)->60965K(217088K) Eden: 149504K(149504K)->0K(116736K) From: 83548K(83968K)->60965K(100352K)
[192.610s][info][gc,heap        ] GC(653) ParOldGen: 505760K(505856K)->558330K(558592K)
[192.610s][info][gc,metaspace   ] GC(653) Metaspace: 18530K(18624K)->18530K(18624K) NonClass: 16701K(16768K)->16701K(16768K) Class: 1828K(1856K)->1828K(1856K)
[192.610s][info][gc             ] GC(653) Pause Young (Allocation Failure) 721M->604M(757M) 134.122ms
[192.610s][info][gc,cpu         ] GC(653) User=0.22s Sys=0.05s Real=0.13s
[192.684s][info][gc,start       ] GC(654) Pause Young (Allocation Failure)
[192.797s][info][gc,heap        ] GC(654) PSYoungGen: 177701K(217088K)->64768K(181760K) Eden: 116736K(116736K)->0K(116736K) From: 60965K(100352K)->64768K(65024K)
[192.797s][info][gc,heap        ] GC(654) ParOldGen: 558330K(558592K)->589949K(590336K)
[192.797s][info][gc,metaspace   ] GC(654) Metaspace: 18530K(18624K)->18530K(18624K) NonClass: 16701K(16768K)->16701K(16768K) Class: 1828K(1856K)->1828K(1856K)
[192.797s][info][gc             ] GC(654) Pause Young (Allocation Failure) 718M->639M(754M) 113.139ms
[192.797s][info][gc,cpu         ] GC(654) User=0.20s Sys=0.02s Real=0.11s
[192.880s][info][gc,start       ] GC(655) Pause Young (Allocation Failure)
[192.977s][info][gc,heap        ] GC(655) PSYoungGen: 181504K(181760K)->14624K(225280K) Eden: 116736K(116736K)->0K(114176K) From: 64768K(65024K)->14624K(111104K)
[192.977s][info][gc,heap        ] GC(655) ParOldGen: 589949K(590336K)->655112K(655360K)
[192.977s][info][gc,metaspace   ] GC(655) Metaspace: 18530K(18624K)->18530K(18624K) NonClass: 16701K(16768K)->16701K(16768K) Class: 1828K(1856K)->1828K(1856K)
[192.977s][info][gc             ] GC(655) Pause Young (Allocation Failure) 753M->654M(860M) 96.520ms
[192.977s][info][gc,cpu         ] GC(655) User=0.14s Sys=0.04s Real=0.10s
[193.026s][info][gc,start       ] GC(656) Pause Full (Allocation Failure)
[193.026s][info][gc,phases,start] GC(656) Marking Phase
[193.279s][info][gc,phases      ] GC(656) Marking Phase 253.058ms
[193.279s][info][gc,phases,start] GC(656) Summary Phase
[193.279s][info][gc,phases      ] GC(656) Summary Phase 0.029ms
[193.279s][info][gc,phases,start] GC(656) Forward
[193.350s][info][gc,phases      ] GC(656) Forward 70.811ms
[193.350s][info][gc,phases,start] GC(656) Adjust Pointers
[193.551s][info][gc,phases      ] GC(656) Adjust Pointers 201.385ms
[193.551s][info][gc,phases,start] GC(656) Compaction Phase
[193.662s][info][gc,phases      ] GC(656) Compaction Phase 110.967ms
[193.668s][info][gc,phases,start] GC(656) Post Compact
[193.671s][info][gc,phases      ] GC(656) Post Compact 2.274ms
[193.671s][info][gc,heap        ] GC(656) PSYoungGen: 128800K(225280K)->0K(222720K) Eden: 114176K(114176K)->0K(114176K) From: 14624K(111104K)->0K(108544K)
[193.671s][info][gc,heap        ] GC(656) ParOldGen: 655112K(655360K)->387141K(667648K)
[193.671s][info][gc,metaspace   ] GC(656) Metaspace: 18530K(18624K)->18530K(18624K) NonClass: 16701K(16768K)->16701K(16768K) Class: 1828K(1856K)->1828K(1856K)
[193.671s][info][gc             ] GC(656) Pause Full (Allocation Failure) 765M->378M(869M) 645.092ms
[193.671s][info][gc,cpu         ] GC(656) User=1.23s Sys=0.00s Real=0.64s
[193.732s][info][gc,start       ] GC(657) Pause Young (Allocation Failure)
[193.737s][info][gc,heap        ] GC(657) PSYoungGen: 114176K(222720K)->864K(223232K) Eden: 114176K(114176K)->0K(114688K) From: 0K(108544K)->864K(108544K)
[193.737s][info][gc,heap        ] GC(657) ParOldGen: 387141K(667648K)->387141K(667648K)
[193.737s][info][gc,metaspace   ] GC(657) Metaspace: 18530K(18624K)->18530K(18624K) NonClass: 16701K(16768K)->16701K(16768K) Class: 1828K(1856K)->1828K(1856K)
[193.737s][info][gc             ] GC(657) Pause Young (Allocation Failure) 489M->378M(870M) 5.271ms
[193.737s][info][gc,cpu         ] GC(657) User=0.00s Sys=0.00s Real=0.00s
[193.818s][info][gc,start       ] GC(658) Pause Young (Allocation Failure)
[193.836s][info][gc,heap        ] GC(658) PSYoungGen: 115552K(223232K)->6720K(222720K) Eden: 114688K(114688K)->0K(114688K) From: 864K(108544K)->6720K(108032K)
[193.836s][info][gc,heap        ] GC(658) ParOldGen: 387141K(667648K)->387965K(667648K)
[193.836s][info][gc,metaspace   ] GC(658) Metaspace: 18530K(18624K)->18530K(18624K) NonClass: 16701K(16768K)->16701K(16768K) Class: 1828K(1856K)->1828K(1856K)
[193.836s][info][gc             ] GC(658) Pause Young (Allocation Failure) 490M->385M(869M) 18.566ms
[193.836s][info][gc,cpu         ] GC(658) User=0.04s Sys=0.00s Real=0.02s
[193.922s][info][gc,start       ] GC(659) Pause Young (Allocation Failure)
[193.951s][info][gc,heap        ] GC(659) PSYoungGen: 121408K(222720K)->14976K(219648K) Eden: 114688K(114688K)->0K(120320K) From: 6720K(108032K)->14976K(99328K)
[193.951s][info][gc,heap        ] GC(659) ParOldGen: 387965K(667648K)->394413K(667648K)
[193.951s][info][gc,metaspace   ] GC(659) Metaspace: 18530K(18624K)->18530K(18624K) NonClass: 16701K(16768K)->16701K(16768K) Class: 1828K(1856K)->1828K(1856K)
[193.951s][info][gc             ] GC(659) Pause Young (Allocation Failure) 497M->399M(866M) 29.338ms
[193.951s][info][gc,cpu         ] GC(659) User=0.06s Sys=0.00s Real=0.02s
[194.030s][info][gc,start       ] GC(660) Pause Young (Allocation Failure)
[194.056s][info][gc,heap        ] GC(660) PSYoungGen: 135296K(219648K)->8192K(221184K) Eden: 120320K(120320K)->0K(120320K) From: 14976K(99328K)->8192K(100864K)
[194.056s][info][gc,heap        ] GC(660) ParOldGen: 394413K(667648K)->409413K(667648K)
[194.056s][info][gc,metaspace   ] GC(660) Metaspace: 18530K(18624K)->18530K(18624K) NonClass: 16701K(16768K)->16701K(16768K) Class: 1828K(1856K)->1828K(1856K)
[194.056s][info][gc             ] GC(660) Pause Young (Allocation Failure) 517M->407M(868M) 26.051ms
[194.056s][info][gc,cpu         ] GC(660) User=0.05s Sys=0.00s Real=0.03s
[194.143s][info][gc,start       ] GC(661) Pause Young (Allocation Failure)
[194.162s][info][gc,heap        ] GC(661) PSYoungGen: 128512K(221184K)->8576K(225792K) Eden: 120320K(120320K)->0K(134656K) From: 8192K(100864K)->8576K(91136K)
[194.162s][info][gc,heap        ] GC(661) ParOldGen: 409413K(667648K)->417629K(667648K)
[194.162s][info][gc,metaspace   ] GC(661) Metaspace: 18530K(18624K)->18530K(18624K) NonClass: 16701K(16768K)->16701K(16768K) Class: 1828K(1856K)->1828K(1856K)
[194.162s][info][gc             ] GC(661) Pause Young (Allocation Failure) 525M->416M(872M) 18.856ms
[194.162s][info][gc,cpu         ] GC(661) User=0.04s Sys=0.00s Real=0.02s
[194.265s][info][gc,start       ] GC(662) Pause Young (Allocation Failure)
[194.293s][info][gc,heap        ] GC(662) PSYoungGen: 143232K(225792K)->18400K(228352K) Eden: 134656K(134656K)->0K(134656K) From: 8576K(91136K)->18400K(93696K)
[194.293s][info][gc,heap        ] GC(662) ParOldGen: 417629K(667648K)->426205K(667648K)
[194.293s][info][gc,metaspace   ] GC(662) Metaspace: 18530K(18624K)->18530K(18624K) NonClass: 16701K(16768K)->16701K(16768K) Class: 1828K(1856K)->1828K(1856K)
[194.293s][info][gc             ] GC(662) Pause Young (Allocation Failure) 547M->434M(875M) 28.445ms
[194.293s][info][gc,cpu         ] GC(662) User=0.05s Sys=0.00s Real=0.03s
[194.605s][info][gc,start       ] GC(663) Pause Young (Allocation Failure)
[194.633s][info][gc,heap        ] GC(663) PSYoungGen: 153056K(228352K)->7456K(231936K) Eden: 134656K(134656K)->0K(149504K) From: 18400K(93696K)->7456K(82432K)
[194.633s][info][gc,heap        ] GC(663) ParOldGen: 426205K(667648K)->444626K(667648K)
[194.633s][info][gc,metaspace   ] GC(663) Metaspace: 18530K(18624K)->18530K(18624K) NonClass: 16701K(16768K)->16701K(16768K) Class: 1828K(1856K)->1828K(1856K)
[194.633s][info][gc             ] GC(663) Pause Young (Allocation Failure) 565M->441M(878M) 28.687ms
[194.633s][info][gc,cpu         ] GC(663) User=0.06s Sys=0.00s Real=0.03s
[194.954s][info][gc,start       ] GC(664) Pause Young (Allocation Failure)
[194.974s][info][gc,heap        ] GC(664) PSYoungGen: 156960K(231936K)->8784K(234496K) Eden: 149504K(149504K)->0K(149504K) From: 7456K(82432K)->8784K(84992K)
[194.974s][info][gc,heap        ] GC(664) ParOldGen: 444626K(667648K)->452087K(667648K)
[194.974s][info][gc,metaspace   ] GC(664) Metaspace: 18530K(18624K)->18530K(18624K) NonClass: 16701K(16768K)->16701K(16768K) Class: 1828K(1856K)->1828K(1856K)
[194.974s][info][gc             ] GC(664) Pause Young (Allocation Failure) 587M->450M(881M) 20.351ms
[194.974s][info][gc,cpu         ] GC(664) User=0.04s Sys=0.00s Real=0.02s
[195.142s][info][gc,start       ] GC(665) Pause Young (Allocation Failure)
[195.163s][info][gc,heap        ] GC(665) PSYoungGen: 158288K(234496K)->14112K(235520K) Eden: 149504K(149504K)->0K(163840K) From: 8784K(84992K)->14112K(71680K)
[195.164s][info][gc,heap        ] GC(665) ParOldGen: 452087K(667648K)->460936K(667648K)
[195.164s][info][gc,metaspace   ] GC(665) Metaspace: 18530K(18624K)->18530K(18624K) NonClass: 16701K(16768K)->16701K(16768K) Class: 1828K(1856K)->1828K(1856K)
[195.164s][info][gc             ] GC(665) Pause Young (Allocation Failure) 596M->463M(882M) 21.814ms
[195.164s][info][gc,cpu         ] GC(665) User=0.04s Sys=0.00s Real=0.02s
[195.333s][info][gc,start       ] GC(666) Pause Young (Allocation Failure)
[195.376s][info][gc,heap        ] GC(666) PSYoungGen: 177952K(235520K)->53536K(240640K) Eden: 163840K(163840K)->0K(163840K) From: 14112K(71680K)->53536K(76800K)
[195.376s][info][gc,heap        ] GC(666) ParOldGen: 460936K(667648K)->460936K(667648K)
[195.376s][info][gc,metaspace   ] GC(666) Metaspace: 18530K(18624K)->18530K(18624K) NonClass: 16701K(16768K)->16701K(16768K) Class: 1828K(1856K)->1828K(1856K)
[195.376s][info][gc             ] GC(666) Pause Young (Allocation Failure) 623M->502M(887M) 42.814ms
[195.376s][info][gc,cpu         ] GC(666) User=0.09s Sys=0.00s Real=0.04s
[195.592s][info][gc,start       ] GC(667) Pause Young (Allocation Failure)
[195.667s][info][gc,heap        ] GC(667) PSYoungGen: 217376K(240640K)->79760K(221184K) Eden: 163840K(163840K)->0K(138240K) From: 53536K(76800K)->79760K(82944K)
[195.668s][info][gc,heap        ] GC(667) ParOldGen: 460936K(667648K)->475072K(667648K)
[195.668s][info][gc,metaspace   ] GC(667) Metaspace: 18530K(18624K)->18530K(18624K) NonClass: 16701K(16768K)->16701K(16768K) Class: 1828K(1856K)->1828K(1856K)
[195.668s][info][gc             ] GC(667) Pause Young (Allocation Failure) 662M->541M(868M) 76.060ms
[195.668s][info][gc,cpu         ] GC(667) User=0.14s Sys=0.01s Real=0.08s
[195.839s][info][gc,start       ] GC(668) Pause Young (Allocation Failure)
[195.914s][info][gc,heap        ] GC(668) PSYoungGen: 217535K(221184K)->13471K(236032K) Eden: 137774K(138240K)->0K(138240K) From: 79760K(82944K)->13471K(97792K)
[195.914s][info][gc,heap        ] GC(668) ParOldGen: 475072K(667648K)->555736K(667648K)
[195.914s][info][gc,metaspace   ] GC(668) Metaspace: 18530K(18624K)->18530K(18624K) NonClass: 16701K(16768K)->16701K(16768K) Class: 1828K(1856K)->1828K(1856K)
[195.914s][info][gc             ] GC(668) Pause Young (Allocation Failure) 676M->555M(882M) 74.903ms
[195.914s][info][gc,cpu         ] GC(668) User=0.15s Sys=0.00s Real=0.08s
[196.074s][info][gc,start       ] GC(669) Pause Young (Allocation Failure)
[196.132s][info][gc,heap        ] GC(669) PSYoungGen: 151711K(236032K)->32352K(221696K) Eden: 138240K(138240K)->0K(142336K) From: 13471K(97792K)->32352K(79360K)
[196.132s][info][gc,heap        ] GC(669) ParOldGen: 555736K(667648K)->568710K(667648K)
[196.132s][info][gc,metaspace   ] GC(669) Metaspace: 18530K(18624K)->18530K(18624K) NonClass: 16701K(16768K)->16701K(16768K) Class: 1828K(1856K)->1828K(1856K)
[196.132s][info][gc             ] GC(669) Pause Young (Allocation Failure) 690M->586M(868M) 58.214ms
[196.132s][info][gc,cpu         ] GC(669) User=0.12s Sys=0.00s Real=0.06s
[196.291s][info][gc,start       ] GC(670) Pause Young (Allocation Failure)
[196.344s][info][gc,heap        ] GC(670) PSYoungGen: 174688K(221696K)->18688K(230912K) Eden: 142336K(142336K)->0K(142336K) From: 32352K(79360K)->18688K(88576K)
[196.344s][info][gc,heap        ] GC(670) ParOldGen: 568710K(667648K)->601126K(667648K)
[196.344s][info][gc,metaspace   ] GC(670) Metaspace: 18530K(18624K)->18530K(18624K) NonClass: 16701K(16768K)->16701K(16768K) Class: 1828K(1856K)->1828K(1856K)
[196.344s][info][gc             ] GC(670) Pause Young (Allocation Failure) 725M->605M(877M) 53.041ms
[196.344s][info][gc,cpu         ] GC(670) User=0.10s Sys=0.00s Real=0.06s
[196.449s][info][gc,start       ] GC(671) Pause Young (Allocation Failure)
[196.472s][info][gc,heap        ] GC(671) PSYoungGen: 161024K(230912K)->768K(240640K) Eden: 142336K(142336K)->0K(158720K) From: 18688K(88576K)->768K(81920K)
[196.472s][info][gc,heap        ] GC(671) ParOldGen: 601126K(667648K)->619854K(667648K)
[196.472s][info][gc,metaspace   ] GC(671) Metaspace: 18530K(18624K)->18530K(18624K) NonClass: 16701K(16768K)->16701K(16768K) Class: 1828K(1856K)->1828K(1856K)
[196.472s][info][gc             ] GC(671) Pause Young (Allocation Failure) 744M->606M(887M) 22.770ms
[196.472s][info][gc,cpu         ] GC(671) User=0.05s Sys=0.00s Real=0.02s
[196.653s][info][gc,start       ] GC(672) Pause Full (Allocation Failure)
[196.653s][info][gc,phases,start] GC(672) Marking Phase
[196.909s][info][gc,phases      ] GC(672) Marking Phase 256.242ms
[196.909s][info][gc,phases,start] GC(672) Summary Phase
[196.910s][info][gc,phases      ] GC(672) Summary Phase 0.028ms
[196.910s][info][gc,phases,start] GC(672) Forward
[196.989s][info][gc,phases      ] GC(672) Forward 79.330ms
[196.989s][info][gc,phases,start] GC(672) Adjust Pointers
[197.190s][info][gc,phases      ] GC(672) Adjust Pointers 200.969ms
[197.190s][info][gc,phases,start] GC(672) Compaction Phase
[197.298s][info][gc,phases      ] GC(672) Compaction Phase 108.381ms
[197.305s][info][gc,phases,start] GC(672) Post Compact
[197.307s][info][gc,phases      ] GC(672) Post Compact 2.239ms
[197.307s][info][gc,heap        ] GC(672) PSYoungGen: 159488K(240640K)->0K(242176K) Eden: 158720K(158720K)->0K(158720K) From: 768K(81920K)->0K(83456K)
[197.307s][info][gc,heap        ] GC(672) ParOldGen: 619854K(667648K)->379864K(667136K)
[197.307s][info][gc,metaspace   ] GC(672) Metaspace: 18530K(18624K)->18530K(18624K) NonClass: 16701K(16768K)->16701K(16768K) Class: 1828K(1856K)->1828K(1856K)
[197.307s][info][gc             ] GC(672) Pause Full (Allocation Failure) 761M->370M(888M) 654.180ms
[197.307s][info][gc,cpu         ] GC(672) User=1.23s Sys=0.00s Real=0.65s
[197.486s][info][gc,start       ] GC(673) Pause Young (Allocation Failure)
[197.502s][info][gc,heap        ] GC(673) PSYoungGen: 158720K(242176K)->14976K(242176K) Eden: 158720K(158720K)->0K(166912K) From: 0K(83456K)->14976K(75264K)
[197.502s][info][gc,heap        ] GC(673) ParOldGen: 379864K(667136K)->379864K(667136K)
[197.502s][info][gc,metaspace   ] GC(673) Metaspace: 18530K(18624K)->18530K(18624K) NonClass: 16701K(16768K)->16701K(16768K) Class: 1828K(1856K)->1828K(1856K)
[197.502s][info][gc             ] GC(673) Pause Young (Allocation Failure) 525M->385M(888M) 15.814ms
[197.502s][info][gc,cpu         ] GC(673) User=0.03s Sys=0.00s Real=0.02s
[197.651s][info][gc,start       ] GC(674) Pause Young (Allocation Failure)
[197.702s][info][gc,heap        ] GC(674) PSYoungGen: 181888K(242176K)->46674K(246272K) Eden: 166912K(166912K)->0K(166912K) From: 14976K(75264K)->46674K(79360K)
[197.702s][info][gc,heap        ] GC(674) ParOldGen: 379864K(667136K)->394856K(667136K)
[197.702s][info][gc,metaspace   ] GC(674) Metaspace: 18530K(18624K)->18530K(18624K) NonClass: 16701K(16768K)->16701K(16768K) Class: 1828K(1856K)->1828K(1856K)
[197.702s][info][gc             ] GC(674) Pause Young (Allocation Failure) 548M->431M(892M) 51.379ms
[197.702s][info][gc,cpu         ] GC(674) User=0.10s Sys=0.00s Real=0.06s
[197.881s][info][gc,start       ] GC(675) Pause Young (Allocation Failure)
[197.952s][info][gc,heap        ] GC(675) PSYoungGen: 213586K(246272K)->49408K(246272K) Eden: 166912K(166912K)->0K(163840K) From: 46674K(79360K)->49408K(82432K)
[197.952s][info][gc,heap        ] GC(675) ParOldGen: 394856K(667136K)->441926K(667136K)
[197.952s][info][gc,metaspace   ] GC(675) Metaspace: 18530K(18624K)->18530K(18624K) NonClass: 16701K(16768K)->16701K(16768K) Class: 1828K(1856K)->1828K(1856K)
[197.953s][info][gc             ] GC(675) Pause Young (Allocation Failure) 594M->479M(892M) 71.159ms
[197.953s][info][gc,cpu         ] GC(675) User=0.14s Sys=0.00s Real=0.08s
[198.217s][info][gc,start       ] GC(676) Pause Young (Allocation Failure)
[198.295s][info][gc,heap        ] GC(676) PSYoungGen: 213248K(246272K)->27456K(191488K) Eden: 163840K(163840K)->0K(163840K) From: 49408K(82432K)->27456K(27648K)
[198.295s][info][gc,heap        ] GC(676) ParOldGen: 441926K(667136K)->491898K(667136K)
[198.295s][info][gc,metaspace   ] GC(676) Metaspace: 18530K(18624K)->18530K(18624K) NonClass: 16701K(16768K)->16701K(16768K) Class: 1828K(1856K)->1828K(1856K)
[198.295s][info][gc             ] GC(676) Pause Young (Allocation Failure) 639M->507M(838M) 78.415ms
[198.295s][info][gc,cpu         ] GC(676) User=0.16s Sys=0.00s Real=0.08s
[198.476s][info][gc,start       ] GC(677) Pause Young (Allocation Failure)
[198.547s][info][gc,heap        ] GC(677) PSYoungGen: 191296K(191488K)->33024K(249856K) Eden: 163840K(163840K)->0K(169984K) From: 27456K(27648K)->33024K(79872K)
[198.547s][info][gc,heap        ] GC(677) ParOldGen: 491898K(667136K)->519386K(667136K)
[198.547s][info][gc,metaspace   ] GC(677) Metaspace: 18530K(18624K)->18530K(18624K) NonClass: 16701K(16768K)->16701K(16768K) Class: 1828K(1856K)->1828K(1856K)
[198.547s][info][gc             ] GC(677) Pause Young (Allocation Failure) 667M->539M(895M) 71.583ms
[198.547s][info][gc,cpu         ] GC(677) User=0.14s Sys=0.00s Real=0.07s
[198.740s][info][gc,start       ] GC(678) Pause Young (Allocation Failure)
[198.779s][info][gc,heap        ] GC(678) PSYoungGen: 203008K(249856K)->4416K(246272K) Eden: 169984K(169984K)->0K(169984K) From: 33024K(79872K)->4416K(76288K)
[198.779s][info][gc,heap        ] GC(678) ParOldGen: 519386K(667136K)->552506K(667136K)
[198.779s][info][gc,metaspace   ] GC(678) Metaspace: 18530K(18624K)->18530K(18624K) NonClass: 16701K(16768K)->16701K(16768K) Class: 1828K(1856K)->1828K(1856K)
[198.779s][info][gc             ] GC(678) Pause Young (Allocation Failure) 705M->543M(892M) 38.875ms
[198.779s][info][gc,cpu         ] GC(678) User=0.07s Sys=0.00s Real=0.04s
[198.967s][info][gc,start       ] GC(679) Pause Young (Allocation Failure)
[198.982s][info][gc,heap        ] GC(679) PSYoungGen: 174400K(246272K)->2560K(254464K) Eden: 169984K(169984K)->0K(178688K) From: 4416K(76288K)->2560K(75776K)
[198.982s][info][gc,heap        ] GC(679) ParOldGen: 552506K(667136K)->556898K(667136K)
[198.982s][info][gc,metaspace   ] GC(679) Metaspace: 18530K(18624K)->18530K(18624K) NonClass: 16701K(16768K)->16701K(16768K) Class: 1828K(1856K)->1828K(1856K)
[198.982s][info][gc             ] GC(679) Pause Young (Allocation Failure) 709M->546M(900M) 14.735ms
[198.982s][info][gc,cpu         ] GC(679) User=0.03s Sys=0.00s Real=0.02s
[199.193s][info][gc,start       ] GC(680) Pause Young (Allocation Failure)
[199.210s][info][gc,heap        ] GC(680) PSYoungGen: 181248K(254464K)->12128K(253440K) Eden: 178688K(178688K)->0K(178688K) From: 2560K(75776K)->12128K(74752K)
[199.210s][info][gc,heap        ] GC(680) ParOldGen: 556898K(667136K)->559418K(667136K)
[199.210s][info][gc,metaspace   ] GC(680) Metaspace: 18530K(18624K)->18530K(18624K) NonClass: 16701K(16768K)->16701K(16768K) Class: 1828K(1856K)->1828K(1856K)
[199.210s][info][gc             ] GC(680) Pause Young (Allocation Failure) 720M->558M(899M) 17.110ms
[199.210s][info][gc,cpu         ] GC(680) User=0.03s Sys=0.00s Real=0.01s
[199.519s][info][gc,start       ] GC(681) Pause Young (Allocation Failure)
[199.553s][info][gc,heap        ] GC(681) PSYoungGen: 190816K(253440K)->30928K(256512K) Eden: 178688K(178688K)->0K(184832K) From: 12128K(74752K)->30928K(71680K)
[199.553s][info][gc,heap        ] GC(681) ParOldGen: 559418K(667136K)->559418K(667136K)
[199.553s][info][gc,metaspace   ] GC(681) Metaspace: 18530K(18624K)->18530K(18624K) NonClass: 16701K(16768K)->16701K(16768K) Class: 1828K(1856K)->1828K(1856K)
[199.553s][info][gc             ] GC(681) Pause Young (Allocation Failure) 732M->576M(902M) 33.815ms
[199.553s][info][gc,cpu         ] GC(681) User=0.06s Sys=0.00s Real=0.04s
[200.072s][info][gc,start       ] GC(682) Pause Young (Allocation Failure)
[200.103s][info][gc,heap        ] GC(682) PSYoungGen: 215760K(256512K)->30992K(254976K) Eden: 184832K(184832K)->0K(184832K) From: 30928K(71680K)->30992K(70144K)
[200.103s][info][gc,heap        ] GC(682) ParOldGen: 559418K(667136K)->559418K(667136K)
[200.103s][info][gc,metaspace   ] GC(682) Metaspace: 18530K(18624K)->18530K(18624K) NonClass: 16701K(16768K)->16701K(16768K) Class: 1828K(1856K)->1828K(1856K)
[200.103s][info][gc             ] GC(682) Pause Young (Allocation Failure) 757M->576M(900M) 30.422ms
[200.103s][info][gc,cpu         ] GC(682) User=0.06s Sys=0.00s Real=0.03s
[200.551s][info][gc,start       ] GC(683) Pause Young (Allocation Failure)
[200.582s][info][gc,heap        ] GC(683) PSYoungGen: 215824K(254976K)->31632K(261632K) Eden: 184832K(184832K)->0K(193536K) From: 30992K(70144K)->31632K(68096K)
[200.582s][info][gc,heap        ] GC(683) ParOldGen: 559418K(667136K)->559418K(667136K)
[200.582s][info][gc,metaspace   ] GC(683) Metaspace: 18530K(18624K)->18530K(18624K) NonClass: 16701K(16768K)->16701K(16768K) Class: 1828K(1856K)->1828K(1856K)
[200.583s][info][gc             ] GC(683) Pause Young (Allocation Failure) 757M->577M(907M) 31.756ms
[200.583s][info][gc,cpu         ] GC(683) User=0.07s Sys=0.00s Real=0.04s
[201.027s][info][gc,start       ] GC(684) Pause Young (Allocation Failure)
[201.067s][info][gc,heap        ] GC(684) PSYoungGen: 225168K(261632K)->31104K(260096K) Eden: 193536K(193536K)->0K(193536K) From: 31632K(68096K)->31104K(66560K)
[201.067s][info][gc,heap        ] GC(684) ParOldGen: 559418K(667136K)->559418K(667136K)
[201.067s][info][gc,metaspace   ] GC(684) Metaspace: 18530K(18624K)->18530K(18624K) NonClass: 16701K(16768K)->16701K(16768K) Class: 1828K(1856K)->1828K(1856K)
[201.067s][info][gc             ] GC(684) Pause Young (Allocation Failure) 766M->576M(905M) 40.009ms
[201.067s][info][gc,cpu         ] GC(684) User=0.08s Sys=0.00s Real=0.04s
[201.327s][info][gc,start       ] GC(685) Pause Young (Allocation Failure)
[201.392s][info][gc,heap        ] GC(685) PSYoungGen: 224640K(260096K)->64496K(241664K) Eden: 193536K(193536K)->0K(177152K) From: 31104K(66560K)->64496K(64512K)
[201.392s][info][gc,heap        ] GC(685) ParOldGen: 559418K(667136K)->568194K(667136K)
[201.392s][info][gc,metaspace   ] GC(685) Metaspace: 18530K(18624K)->18530K(18624K) NonClass: 16701K(16768K)->16701K(16768K) Class: 1828K(1856K)->1828K(1856K)
[201.392s][info][gc             ] GC(685) Pause Young (Allocation Failure) 765M->617M(887M) 65.100ms
[201.392s][info][gc,cpu         ] GC(685) User=0.12s Sys=0.00s Real=0.07s
[201.640s][info][gc,start       ] GC(686) Pause Young (Allocation Failure)
[201.721s][info][gc,heap        ] GC(686) PSYoungGen: 241648K(241664K)->70480K(247808K) Eden: 177152K(177152K)->0K(177152K) From: 64496K(64512K)->70480K(70656K)
[201.721s][info][gc,heap        ] GC(686) ParOldGen: 568194K(667136K)->599203K(667136K)
[201.721s][info][gc,metaspace   ] GC(686) Metaspace: 18530K(18624K)->18530K(18624K) NonClass: 16701K(16768K)->16701K(16768K) Class: 1828K(1856K)->1828K(1856K)
[201.722s][info][gc             ] GC(686) Pause Young (Allocation Failure) 790M->653M(893M) 81.317ms
[201.722s][info][gc,cpu         ] GC(686) User=0.16s Sys=0.00s Real=0.08s
[201.954s][info][gc,start       ] GC(687) Pause Young (Allocation Failure)
[202.052s][info][gc,heap        ] GC(687) PSYoungGen: 247632K(247808K)->85984K(203776K) Eden: 177152K(177152K)->0K(117760K) From: 70480K(70656K)->85984K(86016K)
[202.052s][info][gc,heap        ] GC(687) ParOldGen: 599203K(667136K)->615699K(667136K)
[202.052s][info][gc,metaspace   ] GC(687) Metaspace: 18530K(18624K)->18530K(18624K) NonClass: 16701K(16768K)->16701K(16768K) Class: 1828K(1856K)->1828K(1856K)
[202.052s][info][gc             ] GC(687) Pause Young (Allocation Failure) 826M->685M(850M) 98.546ms
[202.052s][info][gc,cpu         ] GC(687) User=0.19s Sys=0.01s Real=0.10s
[202.184s][info][gc,start       ] GC(688) Pause Young (Allocation Failure)
[202.280s][info][gc,heap        ] GC(688) PSYoungGen: 203744K(203776K)->102336K(220160K) Eden: 117760K(117760K)->0K(117760K) From: 85984K(86016K)->102336K(102400K)
[202.280s][info][gc,heap        ] GC(688) ParOldGen: 615699K(667136K)->615731K(667136K)
[202.280s][info][gc,metaspace   ] GC(688) Metaspace: 18530K(18624K)->18530K(18624K) NonClass: 16701K(16768K)->16701K(16768K) Class: 1828K(1856K)->1828K(1856K)
[202.280s][info][gc             ] GC(688) Pause Young (Allocation Failure) 800M->701M(866M) 96.149ms
[202.280s][info][gc,cpu         ] GC(688) User=0.19s Sys=0.00s Real=0.09s
[202.396s][info][gc,start       ] GC(689) Pause Young (Allocation Failure)
[202.510s][info][gc,heap        ] GC(689) PSYoungGen: 220096K(220160K)->84064K(222720K) Eden: 117760K(117760K)->0K(111616K) From: 102336K(102400K)->84064K(111104K)
[202.510s][info][gc,heap        ] GC(689) ParOldGen: 615731K(667136K)->649499K(667136K)
[202.510s][info][gc,metaspace   ] GC(689) Metaspace: 18530K(18624K)->18530K(18624K) NonClass: 16701K(16768K)->16701K(16768K) Class: 1828K(1856K)->1828K(1856K)
[202.510s][info][gc             ] GC(689) Pause Young (Allocation Failure) 816M->716M(869M) 113.203ms
[202.510s][info][gc,cpu         ] GC(689) User=0.22s Sys=0.00s Real=0.11s
[202.595s][info][gc,start       ] GC(690) Pause Full (Allocation Failure)
[202.595s][info][gc,phases,start] GC(690) Marking Phase
[203.085s][info][gc,phases      ] GC(690) Marking Phase 489.489ms
[203.085s][info][gc,phases,start] GC(690) Summary Phase
[203.085s][info][gc,phases      ] GC(690) Summary Phase 0.029ms
[203.085s][info][gc,phases,start] GC(690) Forward
[203.215s][info][gc,phases      ] GC(690) Forward 130.087ms
[203.215s][info][gc,phases,start] GC(690) Adjust Pointers
[203.604s][info][gc,phases      ] GC(690) Adjust Pointers 388.660ms
[203.604s][info][gc,phases,start] GC(690) Compaction Phase
[203.833s][info][gc,phases      ] GC(690) Compaction Phase 229.020ms
[203.847s][info][gc,phases,start] GC(690) Post Compact
[203.849s][info][gc,phases      ] GC(690) Post Compact 2.398ms
[203.849s][info][gc,heap        ] GC(690) PSYoungGen: 195680K(222720K)->9783K(222720K) Eden: 111616K(111616K)->0K(111616K) From: 84064K(111104K)->9783K(111104K)
[203.849s][info][gc,heap        ] GC(690) ParOldGen: 649499K(667136K)->667045K(667648K)
[203.849s][info][gc,metaspace   ] GC(690) Metaspace: 18530K(18624K)->18530K(18624K) NonClass: 16701K(16768K)->16701K(16768K) Class: 1828K(1856K)->1828K(1856K)
[203.849s][info][gc             ] GC(690) Pause Full (Allocation Failure) 825M->660M(869M) 1254.045ms
[203.849s][info][gc,cpu         ] GC(690) User=2.43s Sys=0.01s Real=1.25s
[203.967s][info][gc,start       ] GC(691) Pause Full (Allocation Failure)
[203.967s][info][gc,phases,start] GC(691) Marking Phase
[204.343s][info][gc,phases      ] GC(691) Marking Phase 375.211ms
[204.343s][info][gc,phases,start] GC(691) Summary Phase
[204.343s][info][gc,phases      ] GC(691) Summary Phase 0.028ms
[204.343s][info][gc,phases,start] GC(691) Forward
[204.452s][info][gc,phases      ] GC(691) Forward 108.967ms
[204.452s][info][gc,phases,start] GC(691) Adjust Pointers
[204.742s][info][gc,phases      ] GC(691) Adjust Pointers 290.460ms
[204.742s][info][gc,phases,start] GC(691) Compaction Phase
[204.909s][info][gc,phases      ] GC(691) Compaction Phase 166.467ms
[204.920s][info][gc,phases,start] GC(691) Post Compact
[204.922s][info][gc,phases      ] GC(691) Post Compact 2.330ms
[204.922s][info][gc,heap        ] GC(691) PSYoungGen: 121399K(222720K)->0K(222720K) Eden: 111616K(111616K)->0K(111616K) From: 9783K(111104K)->0K(111104K)
[204.923s][info][gc,heap        ] GC(691) ParOldGen: 667045K(667648K)->545485K(667648K)
[204.923s][info][gc,metaspace   ] GC(691) Metaspace: 18530K(18624K)->18530K(18624K) NonClass: 16701K(16768K)->16701K(16768K) Class: 1828K(1856K)->1828K(1856K)
[204.923s][info][gc             ] GC(691) Pause Full (Allocation Failure) 769M->532M(869M) 955.125ms
[204.923s][info][gc,cpu         ] GC(691) User=1.82s Sys=0.00s Real=0.96s
[205.042s][info][gc,start       ] GC(692) Pause Young (Allocation Failure)
[205.051s][info][gc,heap        ] GC(692) PSYoungGen: 111616K(222720K)->4224K(222720K) Eden: 111616K(111616K)->0K(111616K) From: 0K(111104K)->4224K(111104K)
[205.051s][info][gc,heap        ] GC(692) ParOldGen: 545485K(667648K)->545485K(667648K)
[205.051s][info][gc,metaspace   ] GC(692) Metaspace: 18530K(18624K)->18530K(18624K) NonClass: 16701K(16768K)->16701K(16768K) Class: 1828K(1856K)->1828K(1856K)
[205.051s][info][gc             ] GC(692) Pause Young (Allocation Failure) 641M->536M(869M) 9.545ms
[205.051s][info][gc,cpu         ] GC(692) User=0.02s Sys=0.00s Real=0.01s
[205.172s][info][gc,start       ] GC(693) Pause Young (Allocation Failure)
[205.189s][info][gc,heap        ] GC(693) PSYoungGen: 115840K(222720K)->14336K(222720K) Eden: 111616K(111616K)->0K(111616K) From: 4224K(111104K)->14336K(111104K)
[205.189s][info][gc,heap        ] GC(693) ParOldGen: 545485K(667648K)->545485K(667648K)
[205.189s][info][gc,metaspace   ] GC(693) Metaspace: 18530K(18624K)->18530K(18624K) NonClass: 16701K(16768K)->16701K(16768K) Class: 1828K(1856K)->1828K(1856K)
[205.189s][info][gc             ] GC(693) Pause Young (Allocation Failure) 645M->546M(869M) 16.634ms
[205.189s][info][gc,cpu         ] GC(693) User=0.03s Sys=0.00s Real=0.01s
[205.353s][info][gc,start       ] GC(694) Pause Young (Allocation Failure)
[205.384s][info][gc,heap        ] GC(694) PSYoungGen: 125952K(222720K)->16044K(222720K) Eden: 111616K(111616K)->0K(111616K) From: 14336K(111104K)->16044K(111104K)
[205.384s][info][gc,heap        ] GC(694) ParOldGen: 545485K(667648K)->559829K(667648K)
[205.384s][info][gc,metaspace   ] GC(694) Metaspace: 18530K(18624K)->18530K(18624K) NonClass: 16702K(16768K)->16702K(16768K) Class: 1828K(1856K)->1828K(1856K)
[205.384s][info][gc             ] GC(694) Pause Young (Allocation Failure) 655M->562M(869M) 31.211ms
[205.384s][info][gc,cpu         ] GC(694) User=0.06s Sys=0.01s Real=0.03s
[205.472s][info][gc,start       ] GC(695) Pause Young (Allocation Failure)
[205.506s][info][gc,heap        ] GC(695) PSYoungGen: 127660K(222720K)->17248K(222720K) Eden: 111616K(111616K)->0K(111616K) From: 16044K(111104K)->17248K(111104K)
[205.506s][info][gc,heap        ] GC(695) ParOldGen: 559829K(667648K)->575914K(667648K)
[205.506s][info][gc,metaspace   ] GC(695) Metaspace: 18530K(18624K)->18530K(18624K) NonClass: 16702K(16768K)->16702K(16768K) Class: 1828K(1856K)->1828K(1856K)
[205.506s][info][gc             ] GC(695) Pause Young (Allocation Failure) 671M->579M(869M) 33.790ms
[205.506s][info][gc,cpu         ] GC(695) User=0.07s Sys=0.00s Real=0.03s
[205.651s][info][gc,start       ] GC(696) Pause Young (Allocation Failure)
[205.675s][info][gc,heap        ] GC(696) PSYoungGen: 128864K(222720K)->6448K(222720K) Eden: 111616K(111616K)->0K(111616K) From: 17248K(111104K)->6448K(111104K)
[205.675s][info][gc,heap        ] GC(696) ParOldGen: 575914K(667648K)->593186K(667648K)
[205.675s][info][gc,metaspace   ] GC(696) Metaspace: 18530K(18624K)->18530K(18624K) NonClass: 16702K(16768K)->16702K(16768K) Class: 1828K(1856K)->1828K(1856K)
[205.675s][info][gc             ] GC(696) Pause Young (Allocation Failure) 688M->585M(869M) 24.272ms
[205.675s][info][gc,cpu         ] GC(696) User=0.05s Sys=0.00s Real=0.03s
[205.818s][info][gc,start       ] GC(697) Pause Young (Allocation Failure)
[205.842s][info][gc,heap        ] GC(697) PSYoungGen: 118064K(222720K)->21296K(133120K) Eden: 111616K(111616K)->0K(111616K) From: 6448K(111104K)->21296K(21504K)
[205.842s][info][gc,heap        ] GC(697) ParOldGen: 593186K(667648K)->599666K(667648K)
[205.842s][info][gc,metaspace   ] GC(697) Metaspace: 18535K(18624K)->18535K(18624K) NonClass: 16707K(16768K)->16707K(16768K) Class: 1828K(1856K)->1828K(1856K)
[205.842s][info][gc             ] GC(697) Pause Young (Allocation Failure) 694M->606M(782M) 24.764ms
[205.842s][info][gc,cpu         ] GC(697) User=0.05s Sys=0.00s Real=0.03s
[205.969s][info][gc,start       ] GC(698) Pause Young (Allocation Failure)
[206.003s][info][gc,heap        ] GC(698) PSYoungGen: 132912K(133120K)->37216K(224256K) Eden: 111616K(111616K)->0K(117760K) From: 21296K(21504K)->37216K(106496K)
[206.003s][info][gc,heap        ] GC(698) ParOldGen: 599666K(667648K)->599666K(667648K)
[206.003s][info][gc,metaspace   ] GC(698) Metaspace: 18535K(18624K)->18535K(18624K) NonClass: 16707K(16768K)->16707K(16768K) Class: 1828K(1856K)->1828K(1856K)
[206.003s][info][gc             ] GC(698) Pause Young (Allocation Failure) 715M->621M(871M) 34.738ms
[206.003s][info][gc,cpu         ] GC(698) User=0.07s Sys=0.00s Real=0.04s
[206.128s][info][gc,start       ] GC(699) Pause Young (Allocation Failure)
[206.165s][info][gc,heap        ] GC(699) PSYoungGen: 154976K(224256K)->40288K(222208K) Eden: 117760K(117760K)->0K(117760K) From: 37216K(106496K)->40288K(104448K)
[206.165s][info][gc,heap        ] GC(699) ParOldGen: 599666K(667648K)->599666K(667648K)
[206.165s][info][gc,metaspace   ] GC(699) Metaspace: 18535K(18624K)->18535K(18624K) NonClass: 16707K(16768K)->16707K(16768K) Class: 1828K(1856K)->1828K(1856K)
[206.165s][info][gc             ] GC(699) Pause Young (Allocation Failure) 736M->624M(869M) 36.930ms
[206.165s][info][gc,cpu         ] GC(699) User=0.07s Sys=0.00s Real=0.04s
[206.505s][info][gc,start       ] GC(700) Pause Young (Allocation Failure)
[206.542s][info][gc,heap        ] GC(700) PSYoungGen: 158048K(222208K)->41088K(220672K) Eden: 117760K(117760K)->0K(125952K) From: 40288K(104448K)->41088K(94720K)
[206.542s][info][gc,heap        ] GC(700) ParOldGen: 599666K(667648K)->599666K(667648K)
[206.542s][info][gc,metaspace   ] GC(700) Metaspace: 18538K(18624K)->18538K(18624K) NonClass: 16710K(16768K)->16710K(16768K) Class: 1828K(1856K)->1828K(1856K)
[206.542s][info][gc             ] GC(700) Pause Young (Allocation Failure) 739M->625M(867M) 37.329ms
[206.542s][info][gc,cpu         ] GC(700) User=0.07s Sys=0.00s Real=0.04s
[206.734s][info][gc,start       ] GC(701) Pause Young (Allocation Failure)
[206.778s][info][gc,heap        ] GC(701) PSYoungGen: 167040K(220672K)->49968K(221696K) Eden: 125952K(125952K)->0K(125952K) From: 41088K(94720K)->49968K(95744K)
[206.778s][info][gc,heap        ] GC(701) ParOldGen: 599666K(667648K)->599666K(667648K)
[206.778s][info][gc,metaspace   ] GC(701) Metaspace: 18541K(18624K)->18541K(18624K) NonClass: 16712K(16768K)->16712K(16768K) Class: 1828K(1856K)->1828K(1856K)
[206.778s][info][gc             ] GC(701) Pause Young (Allocation Failure) 748M->634M(868M) 44.562ms
[206.778s][info][gc,cpu         ] GC(701) User=0.09s Sys=0.00s Real=0.04s
[206.926s][info][gc,start       ] GC(702) Pause Young (Allocation Failure)
[206.978s][info][gc,heap        ] GC(702) PSYoungGen: 175920K(221696K)->57888K(228352K) Eden: 125952K(125952K)->0K(133120K) From: 49968K(95744K)->57888K(95232K)
[206.978s][info][gc,heap        ] GC(702) ParOldGen: 599666K(667648K)->599666K(667648K)
[206.978s][info][gc,metaspace   ] GC(702) Metaspace: 18541K(18624K)->18541K(18624K) NonClass: 16712K(16768K)->16712K(16768K) Class: 1828K(1856K)->1828K(1856K)
[206.978s][info][gc             ] GC(702) Pause Young (Allocation Failure) 757M->642M(875M) 51.757ms
[206.978s][info][gc,cpu         ] GC(702) User=0.11s Sys=0.00s Real=0.05s
[207.080s][info][gc,start       ] GC(703) Pause Young (Allocation Failure)
[207.124s][info][gc,heap        ] GC(703) PSYoungGen: 191008K(228352K)->57040K(229888K) Eden: 133120K(133120K)->0K(133120K) From: 57888K(95232K)->57040K(96768K)
[207.124s][info][gc,heap        ] GC(703) ParOldGen: 599666K(667648K)->599666K(667648K)
[207.124s][info][gc,metaspace   ] GC(703) Metaspace: 18541K(18624K)->18541K(18624K) NonClass: 16712K(16768K)->16712K(16768K) Class: 1828K(1856K)->1828K(1856K)
[207.124s][info][gc             ] GC(703) Pause Young (Allocation Failure) 772M->641M(876M) 44.300ms
[207.124s][info][gc,cpu         ] GC(703) User=0.08s Sys=0.00s Real=0.05s
[207.304s][info][gc,start       ] GC(704) Pause Young (Allocation Failure)
[207.374s][info][gc,heap        ] GC(704) PSYoungGen: 190160K(229888K)->94384K(209408K) Eden: 133120K(133120K)->0K(111616K) From: 57040K(96768K)->94384K(97792K)
[207.374s][info][gc,heap        ] GC(704) ParOldGen: 599666K(667648K)->599666K(667648K)
[207.374s][info][gc,metaspace   ] GC(704) Metaspace: 18541K(18624K)->18541K(18624K) NonClass: 16712K(16768K)->16712K(16768K) Class: 1828K(1856K)->1828K(1856K)
[207.374s][info][gc             ] GC(704) Pause Young (Allocation Failure) 771M->677M(856M) 69.932ms
[207.374s][info][gc,cpu         ] GC(704) User=0.13s Sys=0.01s Real=0.07s
[207.498s][info][gc,start       ] GC(705) Pause Young (Allocation Failure)
[207.572s][info][gc,heap        ] GC(705) PSYoungGen: 206000K(209408K)->96064K(222720K) Eden: 111616K(111616K)->0K(111616K) From: 94384K(97792K)->96064K(111104K)
[207.572s][info][gc,heap        ] GC(705) ParOldGen: 599666K(667648K)->601226K(667648K)
[207.572s][info][gc,metaspace   ] GC(705) Metaspace: 18541K(18624K)->18541K(18624K) NonClass: 16712K(16768K)->16712K(16768K) Class: 1828K(1856K)->1828K(1856K)
[207.572s][info][gc             ] GC(705) Pause Young (Allocation Failure) 786M->680M(869M) 74.367ms
[207.572s][info][gc,cpu         ] GC(705) User=0.15s Sys=0.00s Real=0.08s
[207.753s][info][gc,start       ] GC(706) Pause Young (Allocation Failure)
[207.851s][info][gc,heap        ] GC(706) PSYoungGen: 207680K(222720K)->110432K(222720K) Eden: 111616K(111616K)->0K(111616K) From: 96064K(111104K)->110432K(111104K)
[207.851s][info][gc,heap        ] GC(706) ParOldGen: 601226K(667648K)->601434K(667648K)
[207.851s][info][gc,metaspace   ] GC(706) Metaspace: 18541K(18624K)->18541K(18624K) NonClass: 16712K(16768K)->16712K(16768K) Class: 1828K(1856K)->1828K(1856K)
[207.851s][info][gc             ] GC(706) Pause Young (Allocation Failure) 789M->695M(869M) 97.768ms
[207.851s][info][gc,cpu         ] GC(706) User=0.19s Sys=0.00s Real=0.09s
[207.975s][info][gc,start       ] GC(707) Pause Young (Allocation Failure)
[208.093s][info][gc,heap        ] GC(707) PSYoungGen: 222048K(222720K)->111072K(222720K) Eden: 111616K(111616K)->0K(111616K) From: 110432K(111104K)->111072K(111104K)
[208.093s][info][gc,heap        ] GC(707) ParOldGen: 601434K(667648K)->615954K(667648K)
[208.093s][info][gc,metaspace   ] GC(707) Metaspace: 18541K(18624K)->18541K(18624K) NonClass: 16712K(16768K)->16712K(16768K) Class: 1828K(1856K)->1828K(1856K)
[208.093s][info][gc             ] GC(707) Pause Young (Allocation Failure) 804M->709M(869M) 117.876ms
[208.093s][info][gc,cpu         ] GC(707) User=0.23s Sys=0.00s Real=0.12s
[208.216s][info][gc,start       ] GC(708) Pause Young (Allocation Failure)
[208.345s][info][gc,promotion   ] GC(708) Promotion failed
[208.345s][info][gc,heap        ] GC(708) PSYoungGen: 222688K(222720K)->222688K(222720K) Eden: 111616K(111616K)->111616K(111616K) From: 111072K(111104K)->111072K(111104K)
[208.345s][info][gc,heap        ] GC(708) ParOldGen: 615954K(667648K)->667642K(667648K)
[208.345s][info][gc,metaspace   ] GC(708) Metaspace: 18541K(18624K)->18541K(18624K) NonClass: 16712K(16768K)->16712K(16768K) Class: 1828K(1856K)->1828K(1856K)
[208.345s][info][gc             ] GC(708) Pause Young (Allocation Failure) 818M->869M(869M) 128.569ms
[208.345s][info][gc,cpu         ] GC(708) User=0.26s Sys=0.00s Real=0.13s
[208.345s][info][gc,start       ] GC(709) Pause Full (Allocation Failure)
[208.345s][info][gc,phases,start] GC(709) Marking Phase
[208.722s][info][gc,phases      ] GC(709) Marking Phase 377.034ms
[208.722s][info][gc,phases,start] GC(709) Summary Phase
[208.722s][info][gc,phases      ] GC(709) Summary Phase 0.029ms
[208.722s][info][gc,phases,start] GC(709) Forward
[208.811s][info][gc,phases      ] GC(709) Forward 89.168ms
[208.811s][info][gc,phases,start] GC(709) Adjust Pointers
[209.094s][info][gc,phases      ] GC(709) Adjust Pointers 282.681ms
[209.094s][info][gc,phases,start] GC(709) Compaction Phase
[209.228s][info][gc,phases      ] GC(709) Compaction Phase 133.477ms
[209.238s][info][gc,phases,start] GC(709) Post Compact
[209.240s][info][gc,phases      ] GC(709) Post Compact 2.671ms
[209.241s][info][gc,heap        ] GC(709) PSYoungGen: 222688K(222720K)->0K(222720K) Eden: 111616K(111616K)->0K(111616K) From: 111072K(111104K)->0K(111104K)
[209.241s][info][gc,heap        ] GC(709) ParOldGen: 667642K(667648K)->545263K(667648K)
[209.241s][info][gc,metaspace   ] GC(709) Metaspace: 18541K(18624K)->18541K(18624K) NonClass: 16712K(16768K)->16712K(16768K) Class: 1828K(1856K)->1828K(1856K)
[209.241s][info][gc             ] GC(709) Pause Full (Allocation Failure) 869M->532M(869M) 895.607ms
[209.241s][info][gc,cpu         ] GC(709) User=1.68s Sys=0.00s Real=0.89s
[209.325s][info][gc,start       ] GC(710) Pause Young (Allocation Failure)
[209.327s][info][gc,heap        ] GC(710) PSYoungGen: 111616K(222720K)->224K(222720K) Eden: 111616K(111616K)->0K(111616K) From: 0K(111104K)->224K(111104K)
[209.327s][info][gc,heap        ] GC(710) ParOldGen: 545263K(667648K)->545263K(667648K)
[209.327s][info][gc,metaspace   ] GC(710) Metaspace: 18541K(18624K)->18541K(18624K) NonClass: 16712K(16768K)->16712K(16768K) Class: 1828K(1856K)->1828K(1856K)
[209.327s][info][gc             ] GC(710) Pause Young (Allocation Failure) 641M->532M(869M) 1.954ms
[209.327s][info][gc,cpu         ] GC(710) User=0.00s Sys=0.00s Real=0.00s
[209.446s][info][gc,start       ] GC(711) Pause Young (Allocation Failure)
[209.453s][info][gc,heap        ] GC(711) PSYoungGen: 111840K(222720K)->928K(222720K) Eden: 111616K(111616K)->0K(111616K) From: 224K(111104K)->928K(111104K)
[209.453s][info][gc,heap        ] GC(711) ParOldGen: 545263K(667648K)->545263K(667648K)
[209.453s][info][gc,metaspace   ] GC(711) Metaspace: 18541K(18624K)->18541K(18624K) NonClass: 16712K(16768K)->16712K(16768K) Class: 1828K(1856K)->1828K(1856K)
[209.453s][info][gc             ] GC(711) Pause Young (Allocation Failure) 641M->533M(869M) 7.651ms
[209.453s][info][gc,cpu         ] GC(711) User=0.01s Sys=0.00s Real=0.01s
[209.568s][info][gc,start       ] GC(712) Pause Young (Allocation Failure)
[209.579s][info][gc,heap        ] GC(712) PSYoungGen: 112544K(222720K)->4960K(222720K) Eden: 111616K(111616K)->0K(111616K) From: 928K(111104K)->4960K(111104K)
[209.579s][info][gc,heap        ] GC(712) ParOldGen: 545263K(667648K)->545471K(667648K)
[209.579s][info][gc,metaspace   ] GC(712) Metaspace: 18541K(18624K)->18541K(18624K) NonClass: 16712K(16768K)->16712K(16768K) Class: 1828K(1856K)->1828K(1856K)
[209.579s][info][gc             ] GC(712) Pause Young (Allocation Failure) 642M->537M(869M) 10.579ms
[209.579s][info][gc,cpu         ] GC(712) User=0.02s Sys=0.01s Real=0.01s
[209.723s][info][gc,start       ] GC(713) Pause Young (Allocation Failure)
[209.741s][info][gc,heap        ] GC(713) PSYoungGen: 116576K(222720K)->9888K(222720K) Eden: 111616K(111616K)->0K(111616K) From: 4960K(111104K)->9888K(111104K)
[209.741s][info][gc,heap        ] GC(713) ParOldGen: 545471K(667648K)->550431K(667648K)
[209.741s][info][gc,metaspace   ] GC(713) Metaspace: 18541K(18624K)->18541K(18624K) NonClass: 16712K(16768K)->16712K(16768K) Class: 1828K(1856K)->1828K(1856K)
[209.741s][info][gc             ] GC(713) Pause Young (Allocation Failure) 646M->547M(869M) 18.250ms
[209.741s][info][gc,cpu         ] GC(713) User=0.03s Sys=0.00s Real=0.01s
[209.916s][info][gc,start       ] GC(714) Pause Young (Allocation Failure)
[209.949s][info][gc,heap        ] GC(714) PSYoungGen: 121504K(222720K)->15648K(222720K) Eden: 111616K(111616K)->0K(111616K) From: 9888K(111104K)->15648K(111104K)
[209.949s][info][gc,heap        ] GC(714) ParOldGen: 550431K(667648K)->560335K(667648K)
[209.949s][info][gc,metaspace   ] GC(714) Metaspace: 18541K(18624K)->18541K(18624K) NonClass: 16712K(16768K)->16712K(16768K) Class: 1828K(1856K)->1828K(1856K)
[209.949s][info][gc             ] GC(714) Pause Young (Allocation Failure) 656M->562M(869M) 33.610ms
[209.949s][info][gc,cpu         ] GC(714) User=0.07s Sys=0.00s Real=0.03s
[210.209s][info][gc,start       ] GC(715) Pause Young (Allocation Failure)
[210.236s][info][gc,heap        ] GC(715) PSYoungGen: 127264K(222720K)->3680K(222720K) Eden: 111616K(111616K)->0K(111616K) From: 15648K(111104K)->3680K(111104K)
[210.236s][info][gc,heap        ] GC(715) ParOldGen: 560335K(667648K)->576016K(667648K)
[210.236s][info][gc,metaspace   ] GC(715) Metaspace: 18541K(18624K)->18541K(18624K) NonClass: 16712K(16768K)->16712K(16768K) Class: 1828K(1856K)->1828K(1856K)
[210.236s][info][gc             ] GC(715) Pause Young (Allocation Failure) 671M->566M(869M) 26.964ms
[210.236s][info][gc,cpu         ] GC(715) User=0.06s Sys=0.00s Real=0.03s
[210.417s][info][gc,start       ] GC(716) Pause Young (Allocation Failure)
[210.445s][info][gc,heap        ] GC(716) PSYoungGen: 115296K(222720K)->29856K(222720K) Eden: 111616K(111616K)->0K(111616K) From: 3680K(111104K)->29856K(111104K)
[210.445s][info][gc,heap        ] GC(716) ParOldGen: 576016K(667648K)->579664K(667648K)
[210.445s][info][gc,metaspace   ] GC(716) Metaspace: 18543K(18688K)->18543K(18688K) NonClass: 16715K(16832K)->16715K(16832K) Class: 1828K(1856K)->1828K(1856K)
[210.445s][info][gc             ] GC(716) Pause Young (Allocation Failure) 675M->595M(869M) 27.849ms
[210.445s][info][gc,cpu         ] GC(716) User=0.06s Sys=0.00s Real=0.03s
[210.575s][info][gc,start       ] GC(717) Pause Young (Allocation Failure)
[210.606s][info][gc,heap        ] GC(717) PSYoungGen: 141472K(222720K)->13856K(222720K) Eden: 111616K(111616K)->0K(111616K) From: 29856K(111104K)->13856K(111104K)
[210.606s][info][gc,heap        ] GC(717) ParOldGen: 579664K(667648K)->609848K(667648K)
[210.606s][info][gc,metaspace   ] GC(717) Metaspace: 18543K(18688K)->18543K(18688K) NonClass: 16715K(16832K)->16715K(16832K) Class: 1828K(1856K)->1828K(1856K)
[210.606s][info][gc             ] GC(717) Pause Young (Allocation Failure) 704M->609M(869M) 31.015ms
[210.606s][info][gc,cpu         ] GC(717) User=0.06s Sys=0.00s Real=0.03s
[210.780s][info][gc,start       ] GC(718) Pause Young (Allocation Failure)
[210.811s][info][gc,heap        ] GC(718) PSYoungGen: 125472K(222720K)->11232K(222720K) Eden: 111616K(111616K)->0K(111616K) From: 13856K(111104K)->11232K(111104K)
[210.811s][info][gc,heap        ] GC(718) ParOldGen: 609848K(667648K)->623549K(667648K)
[210.811s][info][gc,metaspace   ] GC(718) Metaspace: 18544K(18688K)->18544K(18688K) NonClass: 16715K(16832K)->16715K(16832K) Class: 1828K(1856K)->1828K(1856K)
[210.812s][info][gc             ] GC(718) Pause Young (Allocation Failure) 718M->619M(869M) 31.677ms
[210.812s][info][gc,cpu         ] GC(718) User=0.06s Sys=0.00s Real=0.03s
[211.012s][info][gc,start       ] GC(719) Pause Young (Allocation Failure)
[211.031s][info][gc,heap        ] GC(719) PSYoungGen: 122848K(222720K)->64K(222720K) Eden: 111616K(111616K)->0K(111616K) From: 11232K(111104K)->64K(111104K)
[211.031s][info][gc,heap        ] GC(719) ParOldGen: 623549K(667648K)->634773K(667648K)
[211.031s][info][gc,metaspace   ] GC(719) Metaspace: 18544K(18688K)->18544K(18688K) NonClass: 16715K(16832K)->16715K(16832K) Class: 1828K(1856K)->1828K(1856K)
[211.031s][info][gc             ] GC(719) Pause Young (Allocation Failure) 728M->619M(869M) 19.134ms
[211.031s][info][gc,cpu         ] GC(719) User=0.04s Sys=0.00s Real=0.01s
[211.157s][info][gc,start       ] GC(720) Pause Young (Allocation Failure)
[211.181s][info][gc,heap        ] GC(720) PSYoungGen: 111680K(222720K)->19936K(131584K) Eden: 111616K(111616K)->0K(111616K) From: 64K(111104K)->19936K(19968K)
[211.181s][info][gc,heap        ] GC(720) ParOldGen: 634773K(667648K)->634789K(667648K)
[211.181s][info][gc,metaspace   ] GC(720) Metaspace: 18544K(18688K)->18544K(18688K) NonClass: 16715K(16832K)->16715K(16832K) Class: 1828K(1856K)->1828K(1856K)
[211.181s][info][gc             ] GC(720) Pause Young (Allocation Failure) 728M->639M(780M) 24.238ms
[211.181s][info][gc,cpu         ] GC(720) User=0.04s Sys=0.00s Real=0.02s
[211.281s][info][gc,start       ] GC(721) Pause Young (Allocation Failure)
[211.307s][info][gc,heap        ] GC(721) PSYoungGen: 131552K(131584K)->23328K(221184K) Eden: 111616K(111616K)->0K(119296K) From: 19936K(19968K)->23328K(101888K)
[211.307s][info][gc,heap        ] GC(721) ParOldGen: 634789K(667648K)->634789K(667648K)
[211.307s][info][gc,metaspace   ] GC(721) Metaspace: 18544K(18688K)->18544K(18688K) NonClass: 16715K(16832K)->16715K(16832K) Class: 1828K(1856K)->1828K(1856K)
[211.307s][info][gc             ] GC(721) Pause Young (Allocation Failure) 748M->642M(868M) 25.311ms
[211.307s][info][gc,cpu         ] GC(721) User=0.05s Sys=0.00s Real=0.03s
[211.432s][info][gc,start       ] GC(722) Pause Young (Allocation Failure)
[211.459s][info][gc,heap        ] GC(722) PSYoungGen: 142624K(221184K)->25440K(221184K) Eden: 119296K(119296K)->0K(119296K) From: 23328K(101888K)->25440K(101888K)
[211.459s][info][gc,heap        ] GC(722) ParOldGen: 634789K(667648K)->634789K(667648K)
[211.459s][info][gc,metaspace   ] GC(722) Metaspace: 18544K(18688K)->18544K(18688K) NonClass: 16715K(16832K)->16715K(16832K) Class: 1828K(1856K)->1828K(1856K)
[211.459s][info][gc             ] GC(722) Pause Young (Allocation Failure) 759M->644M(868M) 27.416ms
[211.459s][info][gc,cpu         ] GC(722) User=0.05s Sys=0.00s Real=0.03s
[211.604s][info][gc,start       ] GC(723) Pause Young (Allocation Failure)
[211.646s][info][gc,heap        ] GC(723) PSYoungGen: 144736K(221184K)->40992K(220160K) Eden: 119296K(119296K)->0K(128000K) From: 25440K(101888K)->40992K(92160K)
[211.646s][info][gc,heap        ] GC(723) ParOldGen: 634789K(667648K)->634789K(667648K)
[211.646s][info][gc,metaspace   ] GC(723) Metaspace: 18544K(18688K)->18544K(18688K) NonClass: 16715K(16832K)->16715K(16832K) Class: 1828K(1856K)->1828K(1856K)
[211.646s][info][gc             ] GC(723) Pause Young (Allocation Failure) 761M->659M(867M) 41.473ms
[211.646s][info][gc,cpu         ] GC(723) User=0.08s Sys=0.00s Real=0.04s
[211.991s][info][gc,start       ] GC(724) Pause Young (Allocation Failure)
[212.031s][info][gc,heap        ] GC(724) PSYoungGen: 168992K(220160K)->41024K(221184K) Eden: 128000K(128000K)->0K(128000K) From: 40992K(92160K)->41024K(93184K)
[212.031s][info][gc,heap        ] GC(724) ParOldGen: 634789K(667648K)->634789K(667648K)
[212.031s][info][gc,metaspace   ] GC(724) Metaspace: 18544K(18688K)->18544K(18688K) NonClass: 16715K(16832K)->16715K(16832K) Class: 1828K(1856K)->1828K(1856K)
[212.031s][info][gc             ] GC(724) Pause Young (Allocation Failure) 784M->659M(868M) 40.378ms
[212.031s][info][gc,cpu         ] GC(724) User=0.08s Sys=0.00s Real=0.04s
[212.344s][info][gc,start       ] GC(725) Pause Young (Allocation Failure)
[212.384s][info][gc,heap        ] GC(725) PSYoungGen: 169024K(221184K)->41024K(223232K) Eden: 128000K(128000K)->0K(136192K) From: 41024K(93184K)->41024K(87040K)
[212.384s][info][gc,heap        ] GC(725) ParOldGen: 634789K(667648K)->634789K(667648K)
[212.384s][info][gc,metaspace   ] GC(725) Metaspace: 18544K(18688K)->18544K(18688K) NonClass: 16716K(16832K)->16716K(16832K) Class: 1828K(1856K)->1828K(1856K)
[212.384s][info][gc             ] GC(725) Pause Young (Allocation Failure) 784M->659M(870M) 39.396ms
[212.384s][info][gc,cpu         ] GC(725) User=0.08s Sys=0.00s Real=0.04s
[212.692s][info][gc,start       ] GC(726) Pause Young (Allocation Failure)
[212.731s][info][gc,heap        ] GC(726) PSYoungGen: 177216K(223232K)->41056K(225792K) Eden: 136192K(136192K)->0K(136192K) From: 41024K(87040K)->41056K(89600K)
[212.731s][info][gc,heap        ] GC(726) ParOldGen: 634789K(667648K)->634789K(667648K)
[212.731s][info][gc,metaspace   ] GC(726) Metaspace: 18544K(18688K)->18544K(18688K) NonClass: 16716K(16832K)->16716K(16832K) Class: 1828K(1856K)->1828K(1856K)
[212.731s][info][gc             ] GC(726) Pause Young (Allocation Failure) 792M->660M(872M) 39.678ms
[212.731s][info][gc,cpu         ] GC(726) User=0.08s Sys=0.00s Real=0.04s
[213.018s][info][gc,start       ] GC(727) Pause Young (Allocation Failure)
[213.067s][info][gc,heap        ] GC(727) PSYoungGen: 177248K(225792K)->43952K(230400K) Eden: 136192K(136192K)->0K(144896K) From: 41056K(89600K)->43952K(85504K)
[213.067s][info][gc,heap        ] GC(727) ParOldGen: 634789K(667648K)->634789K(667648K)
[213.067s][info][gc,metaspace   ] GC(727) Metaspace: 18555K(18688K)->18555K(18688K) NonClass: 16727K(16832K)->16727K(16832K) Class: 1828K(1856K)->1828K(1856K)
[213.067s][info][gc             ] GC(727) Pause Young (Allocation Failure) 793M->662M(877M) 48.713ms
[213.067s][info][gc,cpu         ] GC(727) User=0.09s Sys=0.00s Real=0.05s
[213.145s][info][gc,start       ] GC(728) Pause Young (Allocation Failure)
[213.235s][info][gc,heap        ] GC(728) PSYoungGen: 188848K(230400K)->86496K(231424K) Eden: 144896K(144896K)->0K(144896K) From: 43952K(85504K)->86496K(86528K)
[213.235s][info][gc,heap        ] GC(728) ParOldGen: 634789K(667648K)->645389K(667648K)
[213.235s][info][gc,metaspace   ] GC(728) Metaspace: 18555K(18688K)->18555K(18688K) NonClass: 16727K(16832K)->16727K(16832K) Class: 1828K(1856K)->1828K(1856K)
[213.235s][info][gc             ] GC(728) Pause Young (Allocation Failure) 804M->714M(878M) 89.462ms
[213.235s][info][gc,cpu         ] GC(728) User=0.18s Sys=0.00s Real=0.09s
[213.435s][info][gc,start       ] GC(729) Pause Full (Allocation Failure)
[213.435s][info][gc,phases,start] GC(729) Marking Phase
[213.702s][info][gc,phases      ] GC(729) Marking Phase 267.422ms
[213.703s][info][gc,phases,start] GC(729) Summary Phase
[213.703s][info][gc,phases      ] GC(729) Summary Phase 0.038ms
[213.703s][info][gc,phases,start] GC(729) Forward
[213.801s][info][gc,phases      ] GC(729) Forward 98.578ms
[213.801s][info][gc,phases,start] GC(729) Adjust Pointers
[214.000s][info][gc,phases      ] GC(729) Adjust Pointers 198.792ms
[214.000s][info][gc,phases,start] GC(729) Compaction Phase
[214.130s][info][gc,phases      ] GC(729) Compaction Phase 130.124ms
[214.140s][info][gc,phases,start] GC(729) Post Compact
[214.142s][info][gc,phases      ] GC(729) Post Compact 2.582ms
[214.143s][info][gc,heap        ] GC(729) PSYoungGen: 231392K(231424K)->0K(226304K) Eden: 144896K(144896K)->0K(123904K) From: 86496K(86528K)->0K(102400K)
[214.143s][info][gc,heap        ] GC(729) ParOldGen: 645389K(667648K)->400173K(656384K)
[214.143s][info][gc,metaspace   ] GC(729) Metaspace: 18555K(18688K)->18555K(18688K) NonClass: 16727K(16832K)->16727K(16832K) Class: 1828K(1856K)->1828K(1856K)
[214.143s][info][gc             ] GC(729) Pause Full (Allocation Failure) 856M->390M(862M) 708.215ms
[214.143s][info][gc,cpu         ] GC(729) User=1.31s Sys=0.00s Real=0.71s
[214.325s][info][gc,start       ] GC(730) Pause Young (Allocation Failure)
[214.358s][info][gc,heap        ] GC(730) PSYoungGen: 123904K(226304K)->17497K(141824K) Eden: 123904K(123904K)->0K(123904K) From: 0K(102400K)->17497K(17920K)
[214.358s][info][gc,heap        ] GC(730) ParOldGen: 400173K(656384K)->400173K(656384K)
[214.358s][info][gc,metaspace   ] GC(730) Metaspace: 18555K(18688K)->18555K(18688K) NonClass: 16727K(16832K)->16727K(16832K) Class: 1828K(1856K)->1828K(1856K)
[214.358s][info][gc             ] GC(730) Pause Young (Allocation Failure) 511M->407M(779M) 33.287ms
[214.358s][info][gc,cpu         ] GC(730) User=0.07s Sys=0.00s Real=0.03s
[214.421s][info][gc,start       ] GC(731) Pause Young (Allocation Failure)
[214.480s][info][gc,heap        ] GC(731) PSYoungGen: 141401K(141824K)->61561K(225792K) Eden: 123904K(123904K)->0K(123904K) From: 17497K(17920K)->61561K(101888K)
[214.480s][info][gc,heap        ] GC(731) ParOldGen: 400173K(656384K)->400173K(656384K)
[214.480s][info][gc,metaspace   ] GC(731) Metaspace: 18555K(18688K)->18555K(18688K) NonClass: 16727K(16832K)->16727K(16832K) Class: 1828K(1856K)->1828K(1856K)
[214.480s][info][gc             ] GC(731) Pause Young (Allocation Failure) 528M->450M(861M) 59.308ms
[214.480s][info][gc,cpu         ] GC(731) User=0.12s Sys=0.00s Real=0.06s
[214.598s][info][gc,start       ] GC(732) Pause Young (Allocation Failure)
[214.675s][info][gc,heap        ] GC(732) PSYoungGen: 185465K(225792K)->93337K(217600K) Eden: 123904K(123904K)->0K(123904K) From: 61561K(101888K)->93337K(93696K)
[214.675s][info][gc,heap        ] GC(732) ParOldGen: 400173K(656384K)->400173K(656384K)
[214.675s][info][gc,metaspace   ] GC(732) Metaspace: 18556K(18688K)->18556K(18688K) NonClass: 16728K(16832K)->16728K(16832K) Class: 1828K(1856K)->1828K(1856K)
[214.675s][info][gc             ] GC(732) Pause Young (Allocation Failure) 571M->481M(853M) 76.647ms
[214.675s][info][gc,cpu         ] GC(732) User=0.15s Sys=0.00s Real=0.08s
[214.794s][info][gc,start       ] GC(733) Pause Young (Allocation Failure)
[214.871s][info][gc,heap        ] GC(733) PSYoungGen: 217241K(217600K)->95769K(222720K) Eden: 123904K(123904K)->0K(111616K) From: 93337K(93696K)->95769K(111104K)
[214.871s][info][gc,heap        ] GC(733) ParOldGen: 400173K(656384K)->400173K(656384K)
[214.871s][info][gc,metaspace   ] GC(733) Metaspace: 18556K(18688K)->18556K(18688K) NonClass: 16728K(16832K)->16728K(16832K) Class: 1828K(1856K)->1828K(1856K)
[214.871s][info][gc             ] GC(733) Pause Young (Allocation Failure) 602M->484M(858M) 77.006ms
[214.871s][info][gc,cpu         ] GC(733) User=0.15s Sys=0.00s Real=0.07s
[215.008s][info][gc,start       ] GC(734) Pause Young (Allocation Failure)
[215.106s][info][gc,heap        ] GC(734) PSYoungGen: 207385K(222720K)->106809K(222720K) Eden: 111616K(111616K)->0K(111616K) From: 95769K(111104K)->106809K(111104K)
[215.106s][info][gc,heap        ] GC(734) ParOldGen: 400173K(656384K)->400173K(656384K)
[215.106s][info][gc,metaspace   ] GC(734) Metaspace: 18558K(18688K)->18558K(18688K) NonClass: 16730K(16832K)->16730K(16832K) Class: 1828K(1856K)->1828K(1856K)
[215.106s][info][gc             ] GC(734) Pause Young (Allocation Failure) 593M->495M(858M) 98.649ms
[215.106s][info][gc,cpu         ] GC(734) User=0.20s Sys=0.00s Real=0.10s
[215.244s][info][gc,start       ] GC(735) Pause Young (Allocation Failure)
[215.361s][info][gc,heap        ] GC(735) PSYoungGen: 218425K(222720K)->111088K(222720K) Eden: 111616K(111616K)->0K(111616K) From: 106809K(111104K)->111088K(111104K)
[215.361s][info][gc,heap        ] GC(735) ParOldGen: 400173K(656384K)->404519K(656384K)
[215.361s][info][gc,metaspace   ] GC(735) Metaspace: 18558K(18688K)->18558K(18688K) NonClass: 16730K(16832K)->16730K(16832K) Class: 1828K(1856K)->1828K(1856K)
[215.361s][info][gc             ] GC(735) Pause Young (Allocation Failure) 604M->503M(858M) 117.763ms
[215.361s][info][gc,cpu         ] GC(735) User=0.22s Sys=0.02s Real=0.11s
[215.502s][info][gc,start       ] GC(736) Pause Young (Allocation Failure)
[215.608s][info][gc,heap        ] GC(736) PSYoungGen: 222704K(222720K)->53600K(222720K) Eden: 111616K(111616K)->0K(111616K) From: 111088K(111104K)->53600K(111104K)
[215.608s][info][gc,heap        ] GC(736) ParOldGen: 404519K(656384K)->462655K(656384K)
[215.608s][info][gc,metaspace   ] GC(736) Metaspace: 18558K(18688K)->18558K(18688K) NonClass: 16730K(16832K)->16730K(16832K) Class: 1828K(1856K)->1828K(1856K)
[215.609s][info][gc             ] GC(736) Pause Young (Allocation Failure) 612M->504M(858M) 106.572ms
[215.609s][info][gc,cpu         ] GC(736) User=0.21s Sys=0.00s Real=0.10s
[215.751s][info][gc,start       ] GC(737) Pause Young (Allocation Failure)
[215.806s][info][gc,heap        ] GC(737) PSYoungGen: 165216K(222720K)->19328K(222720K) Eden: 111616K(111616K)->0K(111616K) From: 53600K(111104K)->19328K(111104K)
[215.806s][info][gc,heap        ] GC(737) ParOldGen: 462655K(656384K)->497262K(656384K)
[215.806s][info][gc,metaspace   ] GC(737) Metaspace: 18558K(18688K)->18558K(18688K) NonClass: 16730K(16832K)->16730K(16832K) Class: 1828K(1856K)->1828K(1856K)
[215.806s][info][gc             ] GC(737) Pause Young (Allocation Failure) 613M->504M(858M) 55.917ms
[215.807s][info][gc,cpu         ] GC(737) User=0.11s Sys=0.00s Real=0.06s
[215.948s][info][gc,start       ] GC(738) Pause Young (Allocation Failure)
[215.980s][info][gc,heap        ] GC(738) PSYoungGen: 130944K(222720K)->64K(222720K) Eden: 111616K(111616K)->0K(111616K) From: 19328K(111104K)->64K(111104K)
[215.980s][info][gc,heap        ] GC(738) ParOldGen: 497262K(656384K)->516638K(656384K)
[215.980s][info][gc,metaspace   ] GC(738) Metaspace: 18558K(18688K)->18558K(18688K) NonClass: 16730K(16832K)->16730K(16832K) Class: 1828K(1856K)->1828K(1856K)
[215.980s][info][gc             ] GC(738) Pause Young (Allocation Failure) 613M->504M(858M) 31.414ms
[215.980s][info][gc,cpu         ] GC(738) User=0.06s Sys=0.00s Real=0.03s
[216.125s][info][gc,start       ] GC(739) Pause Young (Allocation Failure)
[216.127s][info][gc,heap        ] GC(739) PSYoungGen: 111680K(222720K)->64K(222720K) Eden: 111616K(111616K)->0K(111616K) From: 64K(111104K)->64K(111104K)
[216.127s][info][gc,heap        ] GC(739) ParOldGen: 516638K(656384K)->516654K(656384K)
[216.127s][info][gc,metaspace   ] GC(739) Metaspace: 18558K(18688K)->18558K(18688K) NonClass: 16730K(16832K)->16730K(16832K) Class: 1828K(1856K)->1828K(1856K)
[216.127s][info][gc             ] GC(739) Pause Young (Allocation Failure) 613M->504M(858M) 1.692ms
[216.127s][info][gc,cpu         ] GC(739) User=0.00s Sys=0.00s Real=0.00s
[216.267s][info][gc,start       ] GC(740) Pause Young (Allocation Failure)
[216.268s][info][gc,heap        ] GC(740) PSYoungGen: 111680K(222720K)->64K(222720K) Eden: 111616K(111616K)->0K(111616K) From: 64K(111104K)->64K(111104K)
[216.268s][info][gc,heap        ] GC(740) ParOldGen: 516654K(656384K)->516654K(656384K)
[216.268s][info][gc,metaspace   ] GC(740) Metaspace: 18558K(18688K)->18558K(18688K) NonClass: 16730K(16832K)->16730K(16832K) Class: 1828K(1856K)->1828K(1856K)
[216.269s][info][gc             ] GC(740) Pause Young (Allocation Failure) 613M->504M(858M) 1.634ms
[216.269s][info][gc,cpu         ] GC(740) User=0.00s Sys=0.00s Real=0.00s
[216.411s][info][gc,start       ] GC(741) Pause Young (Allocation Failure)
[216.412s][info][gc,heap        ] GC(741) PSYoungGen: 111680K(222720K)->64K(222720K) Eden: 111616K(111616K)->0K(111616K) From: 64K(111104K)->64K(111104K)
[216.412s][info][gc,heap        ] GC(741) ParOldGen: 516654K(656384K)->516654K(656384K)
[216.412s][info][gc,metaspace   ] GC(741) Metaspace: 18558K(18688K)->18558K(18688K) NonClass: 16730K(16832K)->16730K(16832K) Class: 1828K(1856K)->1828K(1856K)
[216.412s][info][gc             ] GC(741) Pause Young (Allocation Failure) 613M->504M(858M) 1.675ms
[216.412s][info][gc,cpu         ] GC(741) User=0.01s Sys=0.00s Real=0.01s
[216.550s][info][gc,start       ] GC(742) Pause Young (Allocation Failure)
[216.552s][info][gc,heap        ] GC(742) PSYoungGen: 111680K(222720K)->64K(222720K) Eden: 111616K(111616K)->0K(111616K) From: 64K(111104K)->64K(111104K)
[216.552s][info][gc,heap        ] GC(742) ParOldGen: 516654K(656384K)->516654K(656384K)
[216.552s][info][gc,metaspace   ] GC(742) Metaspace: 18558K(18688K)->18558K(18688K) NonClass: 16730K(16832K)->16730K(16832K) Class: 1828K(1856K)->1828K(1856K)
[216.552s][info][gc             ] GC(742) Pause Young (Allocation Failure) 613M->504M(858M) 1.773ms
[216.552s][info][gc,cpu         ] GC(742) User=0.00s Sys=0.00s Real=0.01s
[216.690s][info][gc,start       ] GC(743) Pause Young (Allocation Failure)
[216.691s][info][gc,heap        ] GC(743) PSYoungGen: 111680K(222720K)->64K(222720K) Eden: 111616K(111616K)->0K(111616K) From: 64K(111104K)->64K(111104K)
[216.691s][info][gc,heap        ] GC(743) ParOldGen: 516654K(656384K)->516654K(656384K)
[216.691s][info][gc,metaspace   ] GC(743) Metaspace: 18558K(18688K)->18558K(18688K) NonClass: 16730K(16832K)->16730K(16832K) Class: 1828K(1856K)->1828K(1856K)
[216.691s][info][gc             ] GC(743) Pause Young (Allocation Failure) 613M->504M(858M) 1.689ms
[216.691s][info][gc,cpu         ] GC(743) User=0.00s Sys=0.00s Real=0.00s
[216.829s][info][gc,start       ] GC(744) Pause Young (Allocation Failure)
[216.831s][info][gc,heap        ] GC(744) PSYoungGen: 111680K(222720K)->64K(222720K) Eden: 111616K(111616K)->0K(111616K) From: 64K(111104K)->64K(111104K)
[216.831s][info][gc,heap        ] GC(744) ParOldGen: 516654K(656384K)->516654K(656384K)
[216.831s][info][gc,metaspace   ] GC(744) Metaspace: 18558K(18688K)->18558K(18688K) NonClass: 16730K(16832K)->16730K(16832K) Class: 1828K(1856K)->1828K(1856K)
[216.831s][info][gc             ] GC(744) Pause Young (Allocation Failure) 613M->504M(858M) 1.658ms
[216.831s][info][gc,cpu         ] GC(744) User=0.01s Sys=0.00s Real=0.00s
[216.962s][info][gc,start       ] GC(745) Pause Young (Allocation Failure)
[216.971s][info][gc,heap        ] GC(745) PSYoungGen: 111680K(222720K)->6080K(222720K) Eden: 111616K(111616K)->0K(111616K) From: 64K(111104K)->6080K(111104K)
[216.971s][info][gc,heap        ] GC(745) ParOldGen: 516654K(656384K)->516654K(656384K)
[216.971s][info][gc,metaspace   ] GC(745) Metaspace: 18558K(18688K)->18558K(18688K) NonClass: 16730K(16832K)->16730K(16832K) Class: 1828K(1856K)->1828K(1856K)
[216.971s][info][gc             ] GC(745) Pause Young (Allocation Failure) 613M->510M(858M) 8.702ms
[216.971s][info][gc,cpu         ] GC(745) User=0.02s Sys=0.00s Real=0.00s
[217.070s][info][gc,start       ] GC(746) Pause Young (Allocation Failure)
[217.096s][info][gc,heap        ] GC(746) PSYoungGen: 117696K(222720K)->16416K(222720K) Eden: 111616K(111616K)->0K(111616K) From: 6080K(111104K)->16416K(111104K)
[217.096s][info][gc,heap        ] GC(746) ParOldGen: 516654K(656384K)->522774K(656384K)
[217.096s][info][gc,metaspace   ] GC(746) Metaspace: 18558K(18688K)->18558K(18688K) NonClass: 16730K(16832K)->16730K(16832K) Class: 1828K(1856K)->1828K(1856K)
[217.096s][info][gc             ] GC(746) Pause Young (Allocation Failure) 619M->526M(858M) 26.087ms
[217.096s][info][gc,cpu         ] GC(746) User=0.05s Sys=0.00s Real=0.03s
[217.217s][info][gc,start       ] GC(747) Pause Young (Allocation Failure)
[217.248s][info][gc,heap        ] GC(747) PSYoungGen: 128032K(222720K)->11296K(212480K) Eden: 111616K(111616K)->0K(111616K) From: 16416K(111104K)->11296K(100864K)
[217.248s][info][gc,heap        ] GC(747) ParOldGen: 522774K(656384K)->539198K(656384K)
[217.248s][info][gc,metaspace   ] GC(747) Metaspace: 18558K(18688K)->18558K(18688K) NonClass: 16730K(16832K)->16730K(16832K) Class: 1828K(1856K)->1828K(1856K)
[217.248s][info][gc             ] GC(747) Pause Young (Allocation Failure) 635M->537M(848M) 30.484ms
[217.248s][info][gc,cpu         ] GC(747) User=0.06s Sys=0.00s Real=0.03s
[217.345s][info][gc,start       ] GC(748) Pause Young (Allocation Failure)
[217.368s][info][gc,heap        ] GC(748) PSYoungGen: 122912K(212480K)->15296K(217600K) Eden: 111616K(111616K)->0K(111616K) From: 11296K(100864K)->15296K(105984K)
[217.368s][info][gc,heap        ] GC(748) ParOldGen: 539198K(656384K)->539198K(656384K)
[217.368s][info][gc,metaspace   ] GC(748) Metaspace: 18558K(18688K)->18558K(18688K) NonClass: 16730K(16832K)->16730K(16832K) Class: 1828K(1856K)->1828K(1856K)
[217.368s][info][gc             ] GC(748) Pause Young (Allocation Failure) 646M->541M(853M) 22.817ms
[217.368s][info][gc,cpu         ] GC(748) User=0.04s Sys=0.00s Real=0.02s
[217.459s][info][gc,start       ] GC(749) Pause Young (Allocation Failure)
[217.481s][info][gc,heap        ] GC(749) PSYoungGen: 126912K(217600K)->16672K(205824K) Eden: 111616K(111616K)->0K(119808K) From: 15296K(105984K)->16672K(86016K)
[217.481s][info][gc,heap        ] GC(749) ParOldGen: 539198K(656384K)->539198K(656384K)
[217.482s][info][gc,metaspace   ] GC(749) Metaspace: 18558K(18688K)->18558K(18688K) NonClass: 16730K(16832K)->16730K(16832K) Class: 1828K(1856K)->1828K(1856K)
[217.482s][info][gc             ] GC(749) Pause Young (Allocation Failure) 650M->542M(842M) 22.623ms
[217.482s][info][gc,cpu         ] GC(749) User=0.05s Sys=0.00s Real=0.02s
[217.583s][info][gc,start       ] GC(750) Pause Young (Allocation Failure)
[217.611s][info][gc,heap        ] GC(750) PSYoungGen: 136480K(205824K)->21696K(211968K) Eden: 119808K(119808K)->0K(119808K) From: 16672K(86016K)->21696K(92160K)
[217.611s][info][gc,heap        ] GC(750) ParOldGen: 539198K(656384K)->539198K(656384K)
[217.611s][info][gc,metaspace   ] GC(750) Metaspace: 18558K(18688K)->18558K(18688K) NonClass: 16730K(16832K)->16730K(16832K) Class: 1828K(1856K)->1828K(1856K)
[217.611s][info][gc             ] GC(750) Pause Young (Allocation Failure) 659M->547M(848M) 28.311ms
[217.611s][info][gc,cpu         ] GC(750) User=0.05s Sys=0.00s Real=0.02s
[217.699s][info][gc,start       ] GC(751) Pause Young (Allocation Failure)
[217.743s][info][gc,heap        ] GC(751) PSYoungGen: 141504K(211968K)->38560K(215040K) Eden: 119808K(119808K)->0K(129536K) From: 21696K(92160K)->38560K(85504K)
[217.743s][info][gc,heap        ] GC(751) ParOldGen: 539198K(656384K)->539198K(656384K)
[217.743s][info][gc,metaspace   ] GC(751) Metaspace: 18558K(18688K)->18558K(18688K) NonClass: 16730K(16832K)->16730K(16832K) Class: 1828K(1856K)->1828K(1856K)
[217.743s][info][gc             ] GC(751) Pause Young (Allocation Failure) 664M->564M(851M) 44.067ms
[217.743s][info][gc,cpu         ] GC(751) User=0.08s Sys=0.00s Real=0.05s
[217.824s][info][gc,start       ] GC(752) Pause Young (Allocation Failure)
[217.882s][info][gc,heap        ] GC(752) PSYoungGen: 168096K(215040K)->54176K(214528K) Eden: 129536K(129536K)->0K(129536K) From: 38560K(85504K)->54176K(84992K)
[217.882s][info][gc,heap        ] GC(752) ParOldGen: 539198K(656384K)->539198K(656384K)
[217.882s][info][gc,metaspace   ] GC(752) Metaspace: 18558K(18688K)->18558K(18688K) NonClass: 16730K(16832K)->16730K(16832K) Class: 1828K(1856K)->1828K(1856K)
[217.882s][info][gc             ] GC(752) Pause Young (Allocation Failure) 690M->579M(850M) 58.604ms
[217.882s][info][gc,cpu         ] GC(752) User=0.12s Sys=0.00s Real=0.06s
[217.993s][info][gc,start       ] GC(753) Pause Young (Allocation Failure)
[218.064s][info][gc,heap        ] GC(753) PSYoungGen: 183712K(214528K)->55680K(228864K) Eden: 129536K(129536K)->0K(138240K) From: 54176K(84992K)->55680K(90624K)
[218.064s][info][gc,heap        ] GC(753) ParOldGen: 539198K(656384K)->550518K(656384K)
[218.064s][info][gc,metaspace   ] GC(753) Metaspace: 18558K(18688K)->18558K(18688K) NonClass: 16730K(16832K)->16730K(16832K) Class: 1828K(1856K)->1828K(1856K)
[218.064s][info][gc             ] GC(753) Pause Young (Allocation Failure) 705M->591M(864M) 71.218ms
[218.064s][info][gc,cpu         ] GC(753) User=0.14s Sys=0.00s Real=0.07s
[218.176s][info][gc,start       ] GC(754) Pause Young (Allocation Failure)
[218.239s][info][gc,heap        ] GC(754) PSYoungGen: 193920K(228864K)->58336K(232960K) Eden: 138240K(138240K)->0K(138240K) From: 55680K(90624K)->58336K(94720K)
[218.239s][info][gc,heap        ] GC(754) ParOldGen: 550518K(656384K)->554518K(656384K)
[218.239s][info][gc,metaspace   ] GC(754) Metaspace: 18558K(18688K)->18558K(18688K) NonClass: 16730K(16832K)->16730K(16832K) Class: 1828K(1856K)->1828K(1856K)
[218.239s][info][gc             ] GC(754) Pause Young (Allocation Failure) 726M->598M(868M) 63.559ms
[218.239s][info][gc,cpu         ] GC(754) User=0.13s Sys=0.00s Real=0.06s
[218.330s][info][gc,start       ] GC(755) Pause Young (Allocation Failure)
[218.400s][info][gc,heap        ] GC(755) PSYoungGen: 196576K(232960K)->63184K(225280K) Eden: 138240K(138240K)->0K(125952K) From: 58336K(94720K)->63184K(99328K)
[218.401s][info][gc,heap        ] GC(755) ParOldGen: 554518K(656384K)->560966K(656384K)
[218.401s][info][gc,metaspace   ] GC(755) Metaspace: 18558K(18688K)->18558K(18688K) NonClass: 16730K(16832K)->16730K(16832K) Class: 1828K(1856K)->1828K(1856K)
[218.401s][info][gc             ] GC(755) Pause Young (Allocation Failure) 733M->609M(861M) 70.488ms
[218.401s][info][gc,cpu         ] GC(755) User=0.14s Sys=0.00s Real=0.07s
[218.544s][info][gc,start       ] GC(756) Pause Young (Allocation Failure)
[218.612s][info][gc,heap        ] GC(756) PSYoungGen: 189136K(225280K)->34368K(160768K) Eden: 125952K(125952K)->0K(125952K) From: 63184K(99328K)->34368K(34816K)
[218.612s][info][gc,heap        ] GC(756) ParOldGen: 560966K(656384K)->593566K(656384K)
[218.612s][info][gc,metaspace   ] GC(756) Metaspace: 18564K(18688K)->18564K(18688K) NonClass: 16735K(16832K)->16735K(16832K) Class: 1828K(1856K)->1828K(1856K)
[218.612s][info][gc             ] GC(756) Pause Young (Allocation Failure) 732M->613M(798M) 67.561ms
[218.612s][info][gc,cpu         ] GC(756) User=0.14s Sys=0.00s Real=0.07s
[218.817s][info][gc,start       ] GC(757) Pause Young (Allocation Failure)
[218.862s][info][gc,heap        ] GC(757) PSYoungGen: 160320K(160768K)->24480K(231936K) Eden: 125952K(125952K)->0K(135168K) From: 34368K(34816K)->24480K(96768K)
[218.862s][info][gc,heap        ] GC(757) ParOldGen: 593566K(656384K)->613039K(656384K)
[218.862s][info][gc,metaspace   ] GC(757) Metaspace: 18564K(18688K)->18564K(18688K) NonClass: 16735K(16832K)->16735K(16832K) Class: 1828K(1856K)->1828K(1856K)
[218.862s][info][gc             ] GC(757) Pause Young (Allocation Failure) 736M->622M(867M) 44.694ms
[218.862s][info][gc,cpu         ] GC(757) User=0.09s Sys=0.00s Real=0.05s
[219.028s][info][gc,start       ] GC(758) Pause Young (Allocation Failure)
[219.071s][info][gc,heap        ] GC(758) PSYoungGen: 159648K(231936K)->28864K(227840K) Eden: 135168K(135168K)->0K(135168K) From: 24480K(96768K)->28864K(92672K)
[219.071s][info][gc,heap        ] GC(758) ParOldGen: 613039K(656384K)->624335K(656384K)
[219.071s][info][gc,metaspace   ] GC(758) Metaspace: 18564K(18688K)->18564K(18688K) NonClass: 16735K(16832K)->16735K(16832K) Class: 1828K(1856K)->1828K(1856K)
[219.071s][info][gc             ] GC(758) Pause Young (Allocation Failure) 754M->637M(863M) 42.940ms
[219.071s][info][gc,cpu         ] GC(758) User=0.09s Sys=0.00s Real=0.04s
[219.540s][info][gc,start       ] GC(759) Pause Young (Allocation Failure)
[219.570s][info][gc,heap        ] GC(759) PSYoungGen: 164032K(227840K)->25360K(230400K) Eden: 135168K(135168K)->0K(147456K) From: 28864K(92672K)->25360K(82944K)
[219.570s][info][gc,heap        ] GC(759) ParOldGen: 624335K(656384K)->628031K(656384K)
[219.570s][info][gc,metaspace   ] GC(759) Metaspace: 18564K(18688K)->18564K(18688K) NonClass: 16736K(16832K)->16736K(16832K) Class: 1828K(1856K)->1828K(1856K)
[219.570s][info][gc             ] GC(759) Pause Young (Allocation Failure) 769M->638M(866M) 29.792ms
[219.570s][info][gc,cpu         ] GC(759) User=0.06s Sys=0.00s Real=0.03s
[219.957s][info][gc,start       ] GC(760) Pause Young (Allocation Failure)
[219.983s][info][gc,heap        ] GC(760) PSYoungGen: 172816K(230400K)->25328K(231424K) Eden: 147456K(147456K)->0K(147456K) From: 25360K(82944K)->25328K(83968K)
[219.983s][info][gc,heap        ] GC(760) ParOldGen: 628031K(656384K)->628031K(656384K)
[219.983s][info][gc,metaspace   ] GC(760) Metaspace: 18564K(18688K)->18564K(18688K) NonClass: 16736K(16832K)->16736K(16832K) Class: 1828K(1856K)->1828K(1856K)
[219.983s][info][gc             ] GC(760) Pause Young (Allocation Failure) 782M->638M(867M) 25.934ms
[219.983s][info][gc,cpu         ] GC(760) User=0.05s Sys=0.00s Real=0.03s
[220.332s][info][gc,start       ] GC(761) Pause Young (Allocation Failure)
[220.359s][info][gc,heap        ] GC(761) PSYoungGen: 172784K(231424K)->25344K(229376K) Eden: 147456K(147456K)->0K(158208K) From: 25328K(83968K)->25344K(71168K)
[220.359s][info][gc,heap        ] GC(761) ParOldGen: 628031K(656384K)->628031K(656384K)
[220.359s][info][gc,metaspace   ] GC(761) Metaspace: 18564K(18688K)->18564K(18688K) NonClass: 16736K(16832K)->16736K(16832K) Class: 1828K(1856K)->1828K(1856K)
[220.359s][info][gc             ] GC(761) Pause Young (Allocation Failure) 782M->638M(865M) 26.736ms
[220.359s][info][gc,cpu         ] GC(761) User=0.05s Sys=0.00s Real=0.02s
[220.739s][info][gc,start       ] GC(762) Pause Young (Allocation Failure)
[220.765s][info][gc,heap        ] GC(762) PSYoungGen: 183552K(229376K)->25328K(234496K) Eden: 158208K(158208K)->0K(158208K) From: 25344K(71168K)->25328K(76288K)
[220.765s][info][gc,heap        ] GC(762) ParOldGen: 628031K(656384K)->628031K(656384K)
[220.765s][info][gc,metaspace   ] GC(762) Metaspace: 18564K(18688K)->18564K(18688K) NonClass: 16736K(16832K)->16736K(16832K) Class: 1828K(1856K)->1828K(1856K)
[220.765s][info][gc             ] GC(762) Pause Young (Allocation Failure) 792M->638M(870M) 26.586ms
[220.765s][info][gc,cpu         ] GC(762) User=0.06s Sys=0.00s Real=0.03s
[221.121s][info][gc,start       ] GC(763) Pause Young (Allocation Failure)
[221.147s][info][gc,heap        ] GC(763) PSYoungGen: 183536K(234496K)->25344K(232960K) Eden: 158208K(158208K)->0K(167936K) From: 25328K(76288K)->25344K(65024K)
[221.147s][info][gc,heap        ] GC(763) ParOldGen: 628031K(656384K)->628031K(656384K)
[221.147s][info][gc,metaspace   ] GC(763) Metaspace: 18564K(18688K)->18564K(18688K) NonClass: 16736K(16832K)->16736K(16832K) Class: 1828K(1856K)->1828K(1856K)
[221.147s][info][gc             ] GC(763) Pause Young (Allocation Failure) 792M->638M(868M) 26.714ms
[221.148s][info][gc,cpu         ] GC(763) User=0.06s Sys=0.00s Real=0.03s
[221.536s][info][gc,start       ] GC(764) Pause Young (Allocation Failure)
[221.564s][info][gc,heap        ] GC(764) PSYoungGen: 193280K(232960K)->27680K(237568K) Eden: 167936K(167936K)->0K(167936K) From: 25344K(65024K)->27680K(69632K)
[221.564s][info][gc,heap        ] GC(764) ParOldGen: 628031K(656384K)->628031K(656384K)
[221.564s][info][gc,metaspace   ] GC(764) Metaspace: 18564K(18688K)->18564K(18688K) NonClass: 16736K(16832K)->16736K(16832K) Class: 1828K(1856K)->1828K(1856K)
[221.564s][info][gc             ] GC(764) Pause Young (Allocation Failure) 802M->640M(873M) 27.738ms
[221.564s][info][gc,cpu         ] GC(764) User=0.05s Sys=0.00s Real=0.03s
[221.711s][info][gc,start       ] GC(765) Pause Young (Allocation Failure)
[221.779s][info][gc,heap        ] GC(765) PSYoungGen: 195616K(237568K)->66016K(230400K) Eden: 167936K(167936K)->0K(164352K) From: 27680K(69632K)->66016K(66048K)
[221.779s][info][gc,heap        ] GC(765) ParOldGen: 628031K(656384K)->636679K(656384K)
[221.779s][info][gc,metaspace   ] GC(765) Metaspace: 18564K(18688K)->18564K(18688K) NonClass: 16736K(16832K)->16736K(16832K) Class: 1828K(1856K)->1828K(1856K)
[221.779s][info][gc             ] GC(765) Pause Young (Allocation Failure) 804M->686M(866M) 67.335ms
[221.779s][info][gc,cpu         ] GC(765) User=0.14s Sys=0.00s Real=0.07s
[221.996s][info][gc,start       ] GC(766) Pause Young (Allocation Failure)
[222.075s][info][gc,heap        ] GC(766) PSYoungGen: 230368K(230400K)->69296K(243712K) Eden: 164352K(164352K)->0K(164352K) From: 66016K(66048K)->69296K(79360K)
[222.075s][info][gc,heap        ] GC(766) ParOldGen: 636679K(656384K)->661927K(662016K)
[222.075s][info][gc,metaspace   ] GC(766) Metaspace: 18564K(18688K)->18564K(18688K) NonClass: 16736K(16832K)->16736K(16832K) Class: 1828K(1856K)->1828K(1856K)
[222.075s][info][gc             ] GC(766) Pause Young (Allocation Failure) 846M->714M(884M) 78.971ms
[222.075s][info][gc,cpu         ] GC(766) User=0.16s Sys=0.00s Real=0.08s
[222.279s][info][gc,start       ] GC(767) Pause Full (Allocation Failure)
[222.279s][info][gc,phases,start] GC(767) Marking Phase
[222.488s][info][gc,phases      ] GC(767) Marking Phase 209.308ms
[222.488s][info][gc,phases,start] GC(767) Summary Phase
[222.488s][info][gc,phases      ] GC(767) Summary Phase 0.031ms
[222.488s][info][gc,phases,start] GC(767) Forward
[222.569s][info][gc,phases      ] GC(767) Forward 80.171ms
[222.569s][info][gc,phases,start] GC(767) Adjust Pointers
[222.731s][info][gc,phases      ] GC(767) Adjust Pointers 161.882ms
[222.731s][info][gc,phases,start] GC(767) Compaction Phase
[222.818s][info][gc,phases      ] GC(767) Compaction Phase 86.889ms
[222.827s][info][gc,phases,start] GC(767) Post Compact
[222.829s][info][gc,phases      ] GC(767) Post Compact 2.591ms
[222.836s][info][gc,heap        ] GC(767) PSYoungGen: 233648K(243712K)->0K(246272K) Eden: 164352K(164352K)->0K(158720K) From: 69296K(79360K)->0K(87552K)
[222.836s][info][gc,heap        ] GC(767) ParOldGen: 661927K(662016K)->318349K(583168K)
[222.836s][info][gc,metaspace   ] GC(767) Metaspace: 18565K(18688K)->18565K(18688K) NonClass: 16737K(16832K)->16737K(16832K) Class: 1828K(1856K)->1828K(1856K)
[222.836s][info][gc             ] GC(767) Pause Full (Allocation Failure) 874M->310M(810M) 556.997ms
[222.836s][info][gc,cpu         ] GC(767) User=1.01s Sys=0.01s Real=0.56s
[222.959s][info][gc,start       ] GC(768) Pause Young (Allocation Failure)
[222.987s][info][gc,heap        ] GC(768) PSYoungGen: 158720K(246272K)->39488K(198656K) Eden: 158720K(158720K)->0K(158720K) From: 0K(87552K)->39488K(39936K)
[222.987s][info][gc,heap        ] GC(768) ParOldGen: 318349K(583168K)->318349K(583168K)
[222.987s][info][gc,metaspace   ] GC(768) Metaspace: 18565K(18688K)->18565K(18688K) NonClass: 16737K(16832K)->16737K(16832K) Class: 1828K(1856K)->1828K(1856K)
[222.987s][info][gc             ] GC(768) Pause Young (Allocation Failure) 465M->349M(763M) 28.450ms
[222.987s][info][gc,cpu         ] GC(768) User=0.05s Sys=0.00s Real=0.03s
[223.106s][info][gc,start       ] GC(769) Pause Young (Allocation Failure)
[223.165s][info][gc,heap        ] GC(769) PSYoungGen: 198208K(198656K)->81968K(226816K) Eden: 158720K(158720K)->0K(143360K) From: 39488K(39936K)->81968K(83456K)
[223.165s][info][gc,heap        ] GC(769) ParOldGen: 318349K(583168K)->318349K(583168K)
[223.165s][info][gc,metaspace   ] GC(769) Metaspace: 18566K(18688K)->18566K(18688K) NonClass: 16738K(16832K)->16738K(16832K) Class: 1828K(1856K)->1828K(1856K)
[223.165s][info][gc             ] GC(769) Pause Young (Allocation Failure) 504M->390M(791M) 58.902ms
[223.165s][info][gc,cpu         ] GC(769) User=0.11s Sys=0.01s Real=0.06s
[223.303s][info][gc,start       ] GC(770) Pause Young (Allocation Failure)
[223.348s][info][gc,heap        ] GC(770) PSYoungGen: 225328K(226816K)->82032K(225792K) Eden: 143360K(143360K)->0K(143360K) From: 81968K(83456K)->82032K(82432K)
[223.348s][info][gc,heap        ] GC(770) ParOldGen: 318349K(583168K)->318349K(583168K)
[223.348s][info][gc,metaspace   ] GC(770) Metaspace: 18566K(18688K)->18566K(18688K) NonClass: 16738K(16832K)->16738K(16832K) Class: 1828K(1856K)->1828K(1856K)
[223.348s][info][gc             ] GC(770) Pause Young (Allocation Failure) 530M->390M(790M) 44.568ms
[223.348s][info][gc,cpu         ] GC(770) User=0.09s Sys=0.00s Real=0.04s
[223.483s][info][gc,start       ] GC(771) Pause Young (Allocation Failure)
[223.528s][info][gc,heap        ] GC(771) PSYoungGen: 225392K(225792K)->82128K(216064K) Eden: 143360K(143360K)->0K(111616K) From: 82032K(82432K)->82128K(104448K)
[223.528s][info][gc,heap        ] GC(771) ParOldGen: 318349K(583168K)->318349K(583168K)
[223.528s][info][gc,metaspace   ] GC(771) Metaspace: 18566K(18688K)->18566K(18688K) NonClass: 16738K(16832K)->16738K(16832K) Class: 1828K(1856K)->1828K(1856K)
[223.528s][info][gc             ] GC(771) Pause Young (Allocation Failure) 530M->391M(780M) 44.809ms
[223.528s][info][gc,cpu         ] GC(771) User=0.09s Sys=0.00s Real=0.04s
[223.634s][info][gc,start       ] GC(772) Pause Young (Allocation Failure)
[223.679s][info][gc,heap        ] GC(772) PSYoungGen: 193744K(216064K)->82256K(222720K) Eden: 111616K(111616K)->0K(111616K) From: 82128K(104448K)->82256K(111104K)
[223.679s][info][gc,heap        ] GC(772) ParOldGen: 318349K(583168K)->318349K(583168K)
[223.679s][info][gc,metaspace   ] GC(772) Metaspace: 18566K(18688K)->18566K(18688K) NonClass: 16738K(16832K)->16738K(16832K) Class: 1828K(1856K)->1828K(1856K)
[223.679s][info][gc             ] GC(772) Pause Young (Allocation Failure) 500M->391M(787M) 45.398ms
[223.679s][info][gc,cpu         ] GC(772) User=0.09s Sys=0.00s Real=0.04s
[223.785s][info][gc,start       ] GC(773) Pause Young (Allocation Failure)
[223.830s][info][gc,heap        ] GC(773) PSYoungGen: 193872K(222720K)->82320K(222720K) Eden: 111616K(111616K)->0K(111616K) From: 82256K(111104K)->82320K(111104K)
[223.830s][info][gc,heap        ] GC(773) ParOldGen: 318349K(583168K)->318349K(583168K)
[223.830s][info][gc,metaspace   ] GC(773) Metaspace: 18566K(18688K)->18566K(18688K) NonClass: 16738K(16832K)->16738K(16832K) Class: 1828K(1856K)->1828K(1856K)
[223.830s][info][gc             ] GC(773) Pause Young (Allocation Failure) 500M->391M(787M) 44.999ms
[223.830s][info][gc,cpu         ] GC(773) User=0.09s Sys=0.00s Real=0.04s
[223.935s][info][gc,start       ] GC(774) Pause Young (Allocation Failure)
[223.979s][info][gc,heap        ] GC(774) PSYoungGen: 193936K(222720K)->82416K(222720K) Eden: 111616K(111616K)->0K(111616K) From: 82320K(111104K)->82416K(111104K)
[223.979s][info][gc,heap        ] GC(774) ParOldGen: 318349K(583168K)->318349K(583168K)
[223.979s][info][gc,metaspace   ] GC(774) Metaspace: 18566K(18688K)->18566K(18688K) NonClass: 16738K(16832K)->16738K(16832K) Class: 1828K(1856K)->1828K(1856K)
[223.979s][info][gc             ] GC(774) Pause Young (Allocation Failure) 500M->391M(787M) 44.848ms
[223.979s][info][gc,cpu         ] GC(774) User=0.09s Sys=0.00s Real=0.04s
[224.086s][info][gc,start       ] GC(775) Pause Young (Allocation Failure)
[224.131s][info][gc,heap        ] GC(775) PSYoungGen: 194032K(222720K)->42976K(222720K) Eden: 111616K(111616K)->0K(111616K) From: 82416K(111104K)->42976K(111104K)
[224.131s][info][gc,heap        ] GC(775) ParOldGen: 318349K(583168K)->358429K(583168K)
[224.131s][info][gc,metaspace   ] GC(775) Metaspace: 18566K(18688K)->18566K(18688K) NonClass: 16738K(16832K)->16738K(16832K) Class: 1828K(1856K)->1828K(1856K)
[224.131s][info][gc             ] GC(775) Pause Young (Allocation Failure) 500M->391M(787M) 45.476ms
[224.131s][info][gc,cpu         ] GC(775) User=0.09s Sys=0.00s Real=0.04s
[224.233s][info][gc,start       ] GC(776) Pause Young (Allocation Failure)
[224.262s][info][gc,heap        ] GC(776) PSYoungGen: 154592K(222720K)->576K(222720K) Eden: 111616K(111616K)->0K(111616K) From: 42976K(111104K)->576K(111104K)
[224.262s][info][gc,heap        ] GC(776) ParOldGen: 358429K(583168K)->401430K(583168K)
[224.262s][info][gc,metaspace   ] GC(776) Metaspace: 18566K(18688K)->18566K(18688K) NonClass: 16738K(16832K)->16738K(16832K) Class: 1828K(1856K)->1828K(1856K)
[224.262s][info][gc             ] GC(776) Pause Young (Allocation Failure) 500M->392M(787M) 29.250ms
[224.262s][info][gc,cpu         ] GC(776) User=0.05s Sys=0.00s Real=0.03s
[224.367s][info][gc,start       ] GC(777) Pause Young (Allocation Failure)
[224.369s][info][gc,heap        ] GC(777) PSYoungGen: 112192K(222720K)->448K(222720K) Eden: 111616K(111616K)->0K(111616K) From: 576K(111104K)->448K(111104K)
[224.369s][info][gc,heap        ] GC(777) ParOldGen: 401430K(583168K)->401646K(583168K)
[224.369s][info][gc,metaspace   ] GC(777) Metaspace: 18566K(18688K)->18566K(18688K) NonClass: 16738K(16832K)->16738K(16832K) Class: 1828K(1856K)->1828K(1856K)
[224.369s][info][gc             ] GC(777) Pause Young (Allocation Failure) 501M->392M(787M) 2.393ms
[224.369s][info][gc,cpu         ] GC(777) User=0.00s Sys=0.00s Real=0.00s
[224.474s][info][gc,start       ] GC(778) Pause Young (Allocation Failure)
[224.477s][info][gc,heap        ] GC(778) PSYoungGen: 112064K(222720K)->320K(222720K) Eden: 111616K(111616K)->0K(111616K) From: 448K(111104K)->320K(111104K)
[224.477s][info][gc,heap        ] GC(778) ParOldGen: 401646K(583168K)->401822K(583168K)
[224.477s][info][gc,metaspace   ] GC(778) Metaspace: 18566K(18688K)->18566K(18688K) NonClass: 16738K(16832K)->16738K(16832K) Class: 1828K(1856K)->1828K(1856K)
[224.477s][info][gc             ] GC(778) Pause Young (Allocation Failure) 501M->392M(787M) 3.324ms
[224.477s][info][gc,cpu         ] GC(778) User=0.01s Sys=0.00s Real=0.00s
[224.598s][info][gc,start       ] GC(779) Pause Young (Allocation Failure)
[224.602s][info][gc,heap        ] GC(779) PSYoungGen: 111936K(222720K)->1248K(222720K) Eden: 111616K(111616K)->0K(111616K) From: 320K(111104K)->1248K(111104K)
[224.602s][info][gc,heap        ] GC(779) ParOldGen: 401822K(583168K)->401990K(583168K)
[224.602s][info][gc,metaspace   ] GC(779) Metaspace: 18566K(18688K)->18566K(18688K) NonClass: 16738K(16832K)->16738K(16832K) Class: 1828K(1856K)->1828K(1856K)
[224.602s][info][gc             ] GC(779) Pause Young (Allocation Failure) 501M->393M(787M) 4.292ms
[224.602s][info][gc,cpu         ] GC(779) User=0.00s Sys=0.00s Real=0.01s
[224.692s][info][gc,start       ] GC(780) Pause Young (Allocation Failure)
[224.706s][info][gc,heap        ] GC(780) PSYoungGen: 112864K(222720K)->3680K(222720K) Eden: 111616K(111616K)->0K(111616K) From: 1248K(111104K)->3680K(111104K)
[224.706s][info][gc,heap        ] GC(780) ParOldGen: 401990K(583168K)->402134K(583168K)
[224.706s][info][gc,metaspace   ] GC(780) Metaspace: 18569K(18688K)->18569K(18688K) NonClass: 16741K(16832K)->16741K(16832K) Class: 1828K(1856K)->1828K(1856K)
[224.706s][info][gc             ] GC(780) Pause Young (Allocation Failure) 502M->396M(787M) 14.522ms
[224.706s][info][gc,cpu         ] GC(780) User=0.03s Sys=0.00s Real=0.01s
[224.836s][info][gc,start       ] GC(781) Pause Young (Allocation Failure)
[224.872s][info][gc,heap        ] GC(781) PSYoungGen: 115296K(222720K)->17515K(222720K) Eden: 111616K(111616K)->0K(111616K) From: 3680K(111104K)->17515K(111104K)
[224.872s][info][gc,heap        ] GC(781) ParOldGen: 402134K(583168K)->405806K(583168K)
[224.872s][info][gc,metaspace   ] GC(781) Metaspace: 18569K(18688K)->18569K(18688K) NonClass: 16741K(16832K)->16741K(16832K) Class: 1828K(1856K)->1828K(1856K)
[224.872s][info][gc             ] GC(781) Pause Young (Allocation Failure) 505M->413M(787M) 35.565ms
[224.872s][info][gc,cpu         ] GC(781) User=0.07s Sys=0.00s Real=0.03s
[224.979s][info][gc,start       ] GC(782) Pause Young (Allocation Failure)
[225.016s][info][gc,heap        ] GC(782) PSYoungGen: 129131K(222720K)->11104K(222720K) Eden: 111616K(111616K)->0K(111616K) From: 17515K(111104K)->11104K(111104K)
[225.016s][info][gc,heap        ] GC(782) ParOldGen: 405806K(583168K)->423362K(583168K)
[225.016s][info][gc,metaspace   ] GC(782) Metaspace: 18569K(18688K)->18569K(18688K) NonClass: 16741K(16832K)->16741K(16832K) Class: 1828K(1856K)->1828K(1856K)
[225.016s][info][gc             ] GC(782) Pause Young (Allocation Failure) 522M->424M(787M) 37.741ms
[225.017s][info][gc,cpu         ] GC(782) User=0.08s Sys=0.00s Real=0.04s
[225.109s][info][gc,start       ] GC(783) Pause Young (Allocation Failure)
[225.134s][info][gc,heap        ] GC(783) PSYoungGen: 122720K(222720K)->23744K(208384K) Eden: 111616K(111616K)->0K(111616K) From: 11104K(111104K)->23744K(96768K)
[225.134s][info][gc,heap        ] GC(783) ParOldGen: 423362K(583168K)->423362K(583168K)
[225.134s][info][gc,metaspace   ] GC(783) Metaspace: 18569K(18688K)->18569K(18688K) NonClass: 16741K(16832K)->16741K(16832K) Class: 1828K(1856K)->1828K(1856K)
[225.134s][info][gc             ] GC(783) Pause Young (Allocation Failure) 533M->436M(773M) 25.167ms
[225.134s][info][gc,cpu         ] GC(783) User=0.05s Sys=0.00s Real=0.03s
[225.238s][info][gc,start       ] GC(784) Pause Young (Allocation Failure)
[225.273s][info][gc,heap        ] GC(784) PSYoungGen: 135360K(208384K)->35328K(215552K) Eden: 111616K(111616K)->0K(111616K) From: 23744K(96768K)->35328K(103936K)
[225.273s][info][gc,heap        ] GC(784) ParOldGen: 423362K(583168K)->423362K(583168K)
[225.273s][info][gc,metaspace   ] GC(784) Metaspace: 18569K(18688K)->18569K(18688K) NonClass: 16741K(16832K)->16741K(16832K) Class: 1828K(1856K)->1828K(1856K)
[225.273s][info][gc             ] GC(784) Pause Young (Allocation Failure) 545M->447M(780M) 35.225ms
[225.273s][info][gc,cpu         ] GC(784) User=0.07s Sys=0.00s Real=0.04s
[225.337s][info][gc,start       ] GC(785) Pause Young (Allocation Failure)
[225.377s][info][gc,heap        ] GC(785) PSYoungGen: 146944K(215552K)->27168K(211968K) Eden: 111616K(111616K)->0K(123904K) From: 35328K(103936K)->27168K(88064K)
[225.377s][info][gc,heap        ] GC(785) ParOldGen: 423362K(583168K)->434538K(583168K)
[225.377s][info][gc,metaspace   ] GC(785) Metaspace: 18569K(18688K)->18569K(18688K) NonClass: 16741K(16832K)->16741K(16832K) Class: 1828K(1856K)->1828K(1856K)
[225.377s][info][gc             ] GC(785) Pause Young (Allocation Failure) 556M->450M(776M) 39.958ms
[225.377s][info][gc,cpu         ] GC(785) User=0.08s Sys=0.00s Real=0.04s
[225.478s][info][gc,start       ] GC(786) Pause Young (Allocation Failure)
[225.509s][info][gc,heap        ] GC(786) PSYoungGen: 151072K(211968K)->4192K(216576K) Eden: 123904K(123904K)->0K(123904K) From: 27168K(88064K)->4192K(92672K)
[225.509s][info][gc,heap        ] GC(786) ParOldGen: 434538K(583168K)->458842K(583168K)
[225.509s][info][gc,metaspace   ] GC(786) Metaspace: 18569K(18688K)->18569K(18688K) NonClass: 16741K(16832K)->16741K(16832K) Class: 1828K(1856K)->1828K(1856K)
[225.509s][info][gc             ] GC(786) Pause Young (Allocation Failure) 571M->452M(781M) 30.370ms
[225.509s][info][gc,cpu         ] GC(786) User=0.06s Sys=0.00s Real=0.03s
[225.615s][info][gc,start       ] GC(787) Pause Young (Allocation Failure)
[225.629s][info][gc,heap        ] GC(787) PSYoungGen: 128096K(216576K)->5024K(220672K) Eden: 123904K(123904K)->0K(136192K) From: 4192K(92672K)->5024K(84480K)
[225.629s][info][gc,heap        ] GC(787) ParOldGen: 458842K(583168K)->461770K(583168K)
[225.629s][info][gc,metaspace   ] GC(787) Metaspace: 18569K(18688K)->18569K(18688K) NonClass: 16741K(16832K)->16741K(16832K) Class: 1828K(1856K)->1828K(1856K)
[225.629s][info][gc             ] GC(787) Pause Young (Allocation Failure) 573M->455M(785M) 14.101ms
[225.629s][info][gc,cpu         ] GC(787) User=0.03s Sys=0.00s Real=0.01s
[225.727s][info][gc,start       ] GC(788) Pause Young (Allocation Failure)
[225.734s][info][gc,heap        ] GC(788) PSYoungGen: 141216K(220672K)->3808K(224256K) Eden: 136192K(136192K)->0K(136192K) From: 5024K(84480K)->3808K(88064K)
[225.734s][info][gc,heap        ] GC(788) ParOldGen: 461770K(583168K)->463034K(583168K)
[225.734s][info][gc,metaspace   ] GC(788) Metaspace: 18569K(18688K)->18569K(18688K) NonClass: 16741K(16832K)->16741K(16832K) Class: 1828K(1856K)->1828K(1856K)
[225.734s][info][gc             ] GC(788) Pause Young (Allocation Failure) 588M->455M(788M) 7.238ms
[225.734s][info][gc,cpu         ] GC(788) User=0.02s Sys=0.00s Real=0.01s
[225.851s][info][gc,start       ] GC(789) Pause Young (Allocation Failure)
[225.866s][info][gc,heap        ] GC(789) PSYoungGen: 140000K(224256K)->12736K(223744K) Eden: 136192K(136192K)->0K(147968K) From: 3808K(88064K)->12736K(75776K)
[225.866s][info][gc,heap        ] GC(789) ParOldGen: 463034K(583168K)->463034K(583168K)
[225.866s][info][gc,metaspace   ] GC(789) Metaspace: 18569K(18688K)->18569K(18688K) NonClass: 16741K(16832K)->16741K(16832K) Class: 1828K(1856K)->1828K(1856K)
[225.866s][info][gc             ] GC(789) Pause Young (Allocation Failure) 588M->464M(788M) 14.935ms
[225.866s][info][gc,cpu         ] GC(789) User=0.03s Sys=0.00s Real=0.02s
[226.006s][info][gc,start       ] GC(790) Pause Young (Allocation Failure)
[226.038s][info][gc,heap        ] GC(790) PSYoungGen: 160704K(223744K)->29056K(228864K) Eden: 147968K(147968K)->0K(147968K) From: 12736K(75776K)->29056K(80896K)
[226.038s][info][gc,heap        ] GC(790) ParOldGen: 463034K(583168K)->463034K(583168K)
[226.038s][info][gc,metaspace   ] GC(790) Metaspace: 18569K(18688K)->18569K(18688K) NonClass: 16741K(16832K)->16741K(16832K) Class: 1828K(1856K)->1828K(1856K)
[226.038s][info][gc             ] GC(790) Pause Young (Allocation Failure) 609M->480M(793M) 31.626ms
[226.038s][info][gc,cpu         ] GC(790) User=0.06s Sys=0.00s Real=0.03s
[226.300s][info][gc,start       ] GC(791) Pause Young (Allocation Failure)
[226.331s][info][gc,heap        ] GC(791) PSYoungGen: 177024K(228864K)->29088K(231424K) Eden: 147968K(147968K)->0K(160256K) From: 29056K(80896K)->29088K(71168K)
[226.331s][info][gc,heap        ] GC(791) ParOldGen: 463034K(583168K)->463034K(583168K)
[226.331s][info][gc,metaspace   ] GC(791) Metaspace: 18569K(18688K)->18569K(18688K) NonClass: 16741K(16832K)->16741K(16832K) Class: 1828K(1856K)->1828K(1856K)
[226.331s][info][gc             ] GC(791) Pause Young (Allocation Failure) 625M->480M(795M) 30.657ms
[226.331s][info][gc,cpu         ] GC(791) User=0.06s Sys=0.00s Real=0.03s
[226.585s][info][gc,start       ] GC(792) Pause Young (Allocation Failure)
[226.630s][info][gc,heap        ] GC(792) PSYoungGen: 189344K(231424K)->38848K(235008K) Eden: 160256K(160256K)->0K(160256K) From: 29088K(71168K)->38848K(74752K)
[226.630s][info][gc,heap        ] GC(792) ParOldGen: 463034K(583168K)->463034K(583168K)
[226.630s][info][gc,metaspace   ] GC(792) Metaspace: 18569K(18688K)->18569K(18688K) NonClass: 16741K(16832K)->16741K(16832K) Class: 1828K(1856K)->1828K(1856K)
[226.630s][info][gc             ] GC(792) Pause Young (Allocation Failure) 637M->490M(799M) 45.444ms
[226.630s][info][gc,cpu         ] GC(792) User=0.09s Sys=0.00s Real=0.04s
[226.821s][info][gc,start       ] GC(793) Pause Young (Allocation Failure)
[226.890s][info][gc,heap        ] GC(793) PSYoungGen: 199104K(235008K)->65552K(238080K) Eden: 160256K(160256K)->0K(162816K) From: 38848K(74752K)->65552K(75264K)
[226.890s][info][gc,heap        ] GC(793) ParOldGen: 463034K(583168K)->463034K(583168K)
[226.890s][info][gc,metaspace   ] GC(793) Metaspace: 18569K(18688K)->18569K(18688K) NonClass: 16741K(16832K)->16741K(16832K) Class: 1828K(1856K)->1828K(1856K)
[226.890s][info][gc             ] GC(793) Pause Young (Allocation Failure) 646M->516M(802M) 69.257ms
[226.890s][info][gc,cpu         ] GC(793) User=0.14s Sys=0.00s Real=0.07s
[227.029s][info][gc,start       ] GC(794) Pause Young (Allocation Failure)
[227.100s][info][gc,heap        ] GC(794) PSYoungGen: 228368K(238080K)->73888K(237056K) Eden: 162816K(162816K)->0K(162816K) From: 65552K(75264K)->73888K(74240K)
[227.100s][info][gc,heap        ] GC(794) ParOldGen: 463034K(583168K)->463034K(583168K)
[227.100s][info][gc,metaspace   ] GC(794) Metaspace: 18569K(18688K)->18569K(18688K) NonClass: 16741K(16832K)->16741K(16832K) Class: 1828K(1856K)->1828K(1856K)
[227.100s][info][gc             ] GC(794) Pause Young (Allocation Failure) 675M->524M(801M) 71.337ms
[227.100s][info][gc,cpu         ] GC(794) User=0.14s Sys=0.00s Real=0.07s
[227.269s][info][gc,start       ] GC(795) Pause Young (Allocation Failure)
[227.345s][info][gc,heap        ] GC(795) PSYoungGen: 236704K(237056K)->72128K(221184K) Eden: 162816K(162816K)->0K(124928K) From: 73888K(74240K)->72128K(96256K)
[227.345s][info][gc,heap        ] GC(795) ParOldGen: 463034K(583168K)->466786K(583168K)
[227.345s][info][gc,metaspace   ] GC(795) Metaspace: 18569K(18688K)->18569K(18688K) NonClass: 16741K(16832K)->16741K(16832K) Class: 1828K(1856K)->1828K(1856K)
[227.345s][info][gc             ] GC(795) Pause Young (Allocation Failure) 683M->526M(785M) 75.343ms
[227.345s][info][gc,cpu         ] GC(795) User=0.15s Sys=0.00s Real=0.08s
[227.473s][info][gc,start       ] GC(796) Pause Young (Allocation Failure)
[227.548s][info][gc,heap        ] GC(796) PSYoungGen: 197056K(221184K)->76672K(201728K) Eden: 124928K(124928K)->0K(124928K) From: 72128K(96256K)->76672K(76800K)
[227.548s][info][gc,heap        ] GC(796) ParOldGen: 466786K(583168K)->466858K(583168K)
[227.548s][info][gc,metaspace   ] GC(796) Metaspace: 18571K(18688K)->18571K(18688K) NonClass: 16742K(16832K)->16742K(16832K) Class: 1828K(1856K)->1828K(1856K)
[227.548s][info][gc             ] GC(796) Pause Young (Allocation Failure) 648M->530M(766M) 75.587ms
[227.548s][info][gc,cpu         ] GC(796) User=0.15s Sys=0.00s Real=0.07s
[227.651s][info][gc,start       ] GC(797) Pause Young (Allocation Failure)
[227.724s][info][gc,heap        ] GC(797) PSYoungGen: 201600K(201728K)->51424K(224768K) Eden: 124928K(124928K)->0K(113664K) From: 76672K(76800K)->51424K(111104K)
[227.724s][info][gc,heap        ] GC(797) ParOldGen: 466858K(583168K)->492178K(583168K)
[227.724s][info][gc,metaspace   ] GC(797) Metaspace: 18571K(18688K)->18571K(18688K) NonClass: 16742K(16832K)->16742K(16832K) Class: 1828K(1856K)->1828K(1856K)
[227.724s][info][gc             ] GC(797) Pause Young (Allocation Failure) 652M->530M(789M) 73.037ms
[227.724s][info][gc,cpu         ] GC(797) User=0.14s Sys=0.00s Real=0.08s
[227.888s][info][gc,start       ] GC(798) Pause Young (Allocation Failure)
[227.943s][info][gc,heap        ] GC(798) PSYoungGen: 165088K(224768K)->48768K(162816K) Eden: 113664K(113664K)->0K(113664K) From: 51424K(111104K)->48768K(49152K)
[227.943s][info][gc,heap        ] GC(798) ParOldGen: 492178K(583168K)->501914K(583168K)
[227.943s][info][gc,metaspace   ] GC(798) Metaspace: 18571K(18688K)->18571K(18688K) NonClass: 16742K(16832K)->16742K(16832K) Class: 1828K(1856K)->1828K(1856K)
[227.943s][info][gc             ] GC(798) Pause Young (Allocation Failure) 641M->537M(728M) 54.671ms
[227.943s][info][gc,cpu         ] GC(798) User=0.10s Sys=0.00s Real=0.06s
[228.080s][info][gc,start       ] GC(799) Pause Young (Allocation Failure)
[228.136s][info][gc,heap        ] GC(799) PSYoungGen: 162432K(162816K)->23072K(220672K) Eden: 113664K(113664K)->0K(116224K) From: 48768K(49152K)->23072K(104448K)
[228.136s][info][gc,heap        ] GC(799) ParOldGen: 501914K(583168K)->537162K(583168K)
[228.136s][info][gc,metaspace   ] GC(799) Metaspace: 18571K(18688K)->18571K(18688K) NonClass: 16742K(16832K)->16742K(16832K) Class: 1828K(1856K)->1828K(1856K)
[228.136s][info][gc             ] GC(799) Pause Young (Allocation Failure) 648M->547M(785M) 56.135ms
[228.136s][info][gc,cpu         ] GC(799) User=0.11s Sys=0.00s Real=0.06s
[228.437s][info][gc,start       ] GC(800) Pause Young (Allocation Failure)
[228.462s][info][gc,heap        ] GC(800) PSYoungGen: 139296K(220672K)->16544K(218112K) Eden: 116224K(116224K)->0K(116224K) From: 23072K(104448K)->16544K(101888K)
[228.462s][info][gc,heap        ] GC(800) ParOldGen: 537162K(583168K)->543762K(583168K)
[228.462s][info][gc,metaspace   ] GC(800) Metaspace: 18571K(18688K)->18571K(18688K) NonClass: 16742K(16832K)->16742K(16832K) Class: 1828K(1856K)->1828K(1856K)
[228.462s][info][gc             ] GC(800) Pause Young (Allocation Failure) 660M->547M(782M) 25.007ms
[228.462s][info][gc,cpu         ] GC(800) User=0.04s Sys=0.00s Real=0.03s
[228.775s][info][gc,start       ] GC(801) Pause Young (Allocation Failure)
[228.792s][info][gc,heap        ] GC(801) PSYoungGen: 132768K(218112K)->16640K(223232K) Eden: 116224K(116224K)->0K(127488K) From: 16544K(101888K)->16640K(95744K)
[228.792s][info][gc,heap        ] GC(801) ParOldGen: 543762K(583168K)->543770K(583168K)
[228.792s][info][gc,metaspace   ] GC(801) Metaspace: 18571K(18688K)->18571K(18688K) NonClass: 16742K(16832K)->16742K(16832K) Class: 1828K(1856K)->1828K(1856K)
[228.793s][info][gc             ] GC(801) Pause Young (Allocation Failure) 660M->547M(787M) 17.561ms
[228.793s][info][gc,cpu         ] GC(801) User=0.03s Sys=0.00s Real=0.02s
[229.066s][info][gc,start       ] GC(802) Pause Young (Allocation Failure)
[229.085s][info][gc,heap        ] GC(802) PSYoungGen: 144128K(223232K)->17424K(225280K) Eden: 127488K(127488K)->0K(127488K) From: 16640K(95744K)->17424K(97792K)
[229.085s][info][gc,heap        ] GC(802) ParOldGen: 543770K(583168K)->543770K(583168K)
[229.085s][info][gc,metaspace   ] GC(802) Metaspace: 18571K(18688K)->18571K(18688K) NonClass: 16742K(16832K)->16742K(16832K) Class: 1828K(1856K)->1828K(1856K)
[229.085s][info][gc             ] GC(802) Pause Young (Allocation Failure) 671M->548M(789M) 18.666ms
[229.085s][info][gc,cpu         ] GC(802) User=0.04s Sys=0.00s Real=0.02s
[229.376s][info][gc,start       ] GC(803) Pause Young (Allocation Failure)
[229.394s][info][gc,heap        ] GC(803) PSYoungGen: 144912K(225280K)->16928K(224768K) Eden: 127488K(127488K)->0K(137216K) From: 17424K(97792K)->16928K(87552K)
[229.394s][info][gc,heap        ] GC(803) ParOldGen: 543770K(583168K)->543770K(583168K)
[229.394s][info][gc,metaspace   ] GC(803) Metaspace: 18571K(18688K)->18571K(18688K) NonClass: 16742K(16832K)->16742K(16832K) Class: 1828K(1856K)->1828K(1856K)
[229.394s][info][gc             ] GC(803) Pause Young (Allocation Failure) 672M->547M(789M) 18.338ms
[229.394s][info][gc,cpu         ] GC(803) User=0.04s Sys=0.01s Real=0.02s
[229.680s][info][gc,start       ] GC(804) Pause Young (Allocation Failure)
[229.703s][info][gc,heap        ] GC(804) PSYoungGen: 154144K(224768K)->22592K(228864K) Eden: 137216K(137216K)->0K(137216K) From: 16928K(87552K)->22592K(91648K)
[229.703s][info][gc,heap        ] GC(804) ParOldGen: 543770K(583168K)->543770K(583168K)
[229.703s][info][gc,metaspace   ] GC(804) Metaspace: 18579K(18688K)->18579K(18688K) NonClass: 16750K(16832K)->16750K(16832K) Class: 1828K(1856K)->1828K(1856K)
[229.703s][info][gc             ] GC(804) Pause Young (Allocation Failure) 681M->553M(793M) 22.647ms
[229.703s][info][gc,cpu         ] GC(804) User=0.04s Sys=0.00s Real=0.03s
[229.781s][info][gc,start       ] GC(805) Pause Young (Allocation Failure)
[229.842s][info][gc,heap        ] GC(805) PSYoungGen: 159808K(228864K)->75088K(224256K) Eden: 137216K(137216K)->0K(136704K) From: 22592K(91648K)->75088K(87552K)
[229.842s][info][gc,heap        ] GC(805) ParOldGen: 543770K(583168K)->543770K(583168K)
[229.843s][info][gc,metaspace   ] GC(805) Metaspace: 18579K(18688K)->18579K(18688K) NonClass: 16750K(16832K)->16750K(16832K) Class: 1828K(1856K)->1828K(1856K)
[229.843s][info][gc             ] GC(805) Pause Young (Allocation Failure) 687M->604M(788M) 61.745ms
[229.843s][info][gc,cpu         ] GC(805) User=0.12s Sys=0.00s Real=0.07s
[229.913s][info][gc,start       ] GC(806) Pause Young (Allocation Failure)
[230.006s][info][gc,heap        ] GC(806) PSYoungGen: 211792K(224256K)->97776K(234496K) Eden: 136704K(136704K)->0K(136704K) From: 75088K(87552K)->97776K(97792K)
[230.006s][info][gc,heap        ] GC(806) ParOldGen: 543770K(583168K)->574682K(583168K)
[230.006s][info][gc,metaspace   ] GC(806) Metaspace: 18579K(18688K)->18579K(18688K) NonClass: 16750K(16832K)->16750K(16832K) Class: 1828K(1856K)->1828K(1856K)
[230.006s][info][gc             ] GC(806) Pause Young (Allocation Failure) 737M->656M(798M) 92.494ms
[230.006s][info][gc,cpu         ] GC(806) User=0.18s Sys=0.00s Real=0.09s
[230.170s][info][gc,start       ] GC(807) Pause Young (Allocation Failure)
[230.303s][info][gc,heap        ] GC(807) PSYoungGen: 234480K(234496K)->99302K(210944K) Eden: 136704K(136704K)->0K(111616K) From: 97776K(97792K)->99302K(99328K)
[230.303s][info][gc,heap        ] GC(807) ParOldGen: 574682K(583168K)->617154K(617472K)
[230.303s][info][gc,metaspace   ] GC(807) Metaspace: 18579K(18688K)->18579K(18688K) NonClass: 16750K(16832K)->16750K(16832K) Class: 1828K(1856K)->1828K(1856K)
[230.303s][info][gc             ] GC(807) Pause Young (Allocation Failure) 790M->699M(809M) 132.254ms
[230.303s][info][gc,cpu         ] GC(807) User=0.22s Sys=0.03s Real=0.14s
[230.371s][info][gc,start       ] GC(808) Pause Young (Allocation Failure)
[230.500s][info][gc,heap        ] GC(808) PSYoungGen: 210918K(210944K)->111094K(222720K) Eden: 111616K(111616K)->0K(111616K) From: 99302K(99328K)->111094K(111104K)
[230.500s][info][gc,heap        ] GC(808) ParOldGen: 617154K(617472K)->652419K(652800K)
[230.500s][info][gc,metaspace   ] GC(808) Metaspace: 18579K(18688K)->18579K(18688K) NonClass: 16750K(16832K)->16750K(16832K) Class: 1828K(1856K)->1828K(1856K)
[230.500s][info][gc             ] GC(808) Pause Young (Allocation Failure) 808M->745M(855M) 129.009ms
[230.500s][info][gc,cpu         ] GC(808) User=0.23s Sys=0.03s Real=0.13s
[230.722s][info][gc,start       ] GC(809) Pause Full (Allocation Failure)
[230.722s][info][gc,phases,start] GC(809) Marking Phase
[231.121s][info][gc,phases      ] GC(809) Marking Phase 398.502ms
[231.121s][info][gc,phases,start] GC(809) Summary Phase
[231.121s][info][gc,phases      ] GC(809) Summary Phase 0.042ms
[231.121s][info][gc,phases,start] GC(809) Forward
[231.247s][info][gc,phases      ] GC(809) Forward 126.416ms
[231.247s][info][gc,phases,start] GC(809) Adjust Pointers
[231.549s][info][gc,phases      ] GC(809) Adjust Pointers 301.812ms
[231.549s][info][gc,phases,start] GC(809) Compaction Phase
[231.740s][info][gc,phases      ] GC(809) Compaction Phase 191.032ms
[231.748s][info][gc,phases,start] GC(809) Post Compact
[231.751s][info][gc,phases      ] GC(809) Post Compact 2.573ms
[231.751s][info][gc,heap        ] GC(809) PSYoungGen: 222710K(222720K)->0K(222720K) Eden: 111616K(111616K)->0K(111616K) From: 111094K(111104K)->0K(111104K)
[231.751s][info][gc,heap        ] GC(809) ParOldGen: 652419K(652800K)->618988K(667648K)
[231.751s][info][gc,metaspace   ] GC(809) Metaspace: 18580K(18752K)->18580K(18752K) NonClass: 16752K(16896K)->16752K(16896K) Class: 1828K(1856K)->1828K(1856K)
[231.751s][info][gc             ] GC(809) Pause Full (Allocation Failure) 854M->604M(869M) 1029.144ms
[231.751s][info][gc,cpu         ] GC(809) User=1.96s Sys=0.00s Real=1.02s
[231.884s][info][gc,start       ] GC(810) Pause Full (Allocation Failure)
[231.884s][info][gc,phases,start] GC(810) Marking Phase
[232.286s][info][gc,phases      ] GC(810) Marking Phase 401.494ms
[232.286s][info][gc,phases,start] GC(810) Summary Phase
[232.286s][info][gc,phases      ] GC(810) Summary Phase 0.026ms
[232.286s][info][gc,phases,start] GC(810) Forward
[232.290s][info][gc,phases      ] GC(810) Forward 4.017ms
[232.290s][info][gc,phases,start] GC(810) Adjust Pointers
[232.559s][info][gc,phases      ] GC(810) Adjust Pointers 269.302ms
[232.559s][info][gc,phases,start] GC(810) Compaction Phase
[232.697s][info][gc,phases      ] GC(810) Compaction Phase 137.583ms
[232.697s][info][gc,phases,start] GC(810) Post Compact
[232.699s][info][gc,phases      ] GC(810) Post Compact 2.119ms
[232.699s][info][gc,heap        ] GC(810) PSYoungGen: 111616K(222720K)->0K(222720K) Eden: 111616K(111616K)->0K(111616K) From: 0K(111104K)->0K(111104K)
[232.699s][info][gc,heap        ] GC(810) ParOldGen: 618988K(667648K)->623417K(667648K)
[232.699s][info][gc,metaspace   ] GC(810) Metaspace: 18580K(18752K)->18580K(18752K) NonClass: 16752K(16896K)->16752K(16896K) Class: 1828K(1856K)->1828K(1856K)
[232.699s][info][gc             ] GC(810) Pause Full (Allocation Failure) 713M->608M(869M) 814.963ms
[232.699s][info][gc,cpu         ] GC(810) User=1.58s Sys=0.00s Real=0.81s
[232.794s][info][gc,start       ] GC(811) Pause Full (Allocation Failure)
[232.794s][info][gc,phases,start] GC(811) Marking Phase
[233.194s][info][gc,phases      ] GC(811) Marking Phase 399.644ms
[233.194s][info][gc,phases,start] GC(811) Summary Phase
[233.194s][info][gc,phases      ] GC(811) Summary Phase 0.025ms
[233.194s][info][gc,phases,start] GC(811) Forward
[233.197s][info][gc,phases      ] GC(811) Forward 2.890ms
[233.197s][info][gc,phases,start] GC(811) Adjust Pointers
[233.475s][info][gc,phases      ] GC(811) Adjust Pointers 277.918ms
[233.475s][info][gc,phases,start] GC(811) Compaction Phase
[233.597s][info][gc,phases      ] GC(811) Compaction Phase 122.312ms
[233.597s][info][gc,phases,start] GC(811) Post Compact
[233.599s][info][gc,phases      ] GC(811) Post Compact 2.095ms
[233.599s][info][gc,heap        ] GC(811) PSYoungGen: 111616K(222720K)->0K(222720K) Eden: 111616K(111616K)->0K(111616K) From: 0K(111104K)->0K(111104K)
[233.599s][info][gc,heap        ] GC(811) ParOldGen: 623417K(667648K)->625176K(667648K)
[233.599s][info][gc,metaspace   ] GC(811) Metaspace: 18580K(18752K)->18580K(18752K) NonClass: 16752K(16896K)->16752K(16896K) Class: 1828K(1856K)->1828K(1856K)
[233.599s][info][gc             ] GC(811) Pause Full (Allocation Failure) 717M->610M(869M) 805.311ms
[233.599s][info][gc,cpu         ] GC(811) User=1.58s Sys=0.00s Real=0.80s
[233.731s][info][gc,start       ] GC(812) Pause Full (Allocation Failure)
[233.731s][info][gc,phases,start] GC(812) Marking Phase
[234.025s][info][gc,phases      ] GC(812) Marking Phase 294.351ms
[234.026s][info][gc,phases,start] GC(812) Summary Phase
[234.026s][info][gc,phases      ] GC(812) Summary Phase 0.036ms
[234.026s][info][gc,phases,start] GC(812) Forward
[234.124s][info][gc,phases      ] GC(812) Forward 98.630ms
[234.124s][info][gc,phases,start] GC(812) Adjust Pointers
[234.356s][info][gc,phases      ] GC(812) Adjust Pointers 232.119ms
[234.356s][info][gc,phases,start] GC(812) Compaction Phase
[234.478s][info][gc,phases      ] GC(812) Compaction Phase 121.444ms
[234.487s][info][gc,phases,start] GC(812) Post Compact
[234.489s][info][gc,phases      ] GC(812) Post Compact 2.170ms
[234.489s][info][gc,heap        ] GC(812) PSYoungGen: 111616K(222720K)->0K(222720K) Eden: 111616K(111616K)->0K(111616K) From: 0K(111104K)->0K(111104K)
[234.489s][info][gc,heap        ] GC(812) ParOldGen: 625176K(667648K)->474576K(667648K)
[234.489s][info][gc,metaspace   ] GC(812) Metaspace: 18580K(18752K)->18580K(18752K) NonClass: 16752K(16896K)->16752K(16896K) Class: 1828K(1856K)->1828K(1856K)
[234.489s][info][gc             ] GC(812) Pause Full (Allocation Failure) 719M->463M(869M) 758.304ms
[234.489s][info][gc,cpu         ] GC(812) User=1.42s Sys=0.01s Real=0.76s
[234.629s][info][gc,start       ] GC(813) Pause Young (Allocation Failure)
[234.660s][info][gc,heap        ] GC(813) PSYoungGen: 111616K(222720K)->17728K(222720K) Eden: 111616K(111616K)->0K(111616K) From: 0K(111104K)->17728K(111104K)
[234.660s][info][gc,heap        ] GC(813) ParOldGen: 474576K(667648K)->474576K(667648K)
[234.660s][info][gc,metaspace   ] GC(813) Metaspace: 18580K(18752K)->18580K(18752K) NonClass: 16752K(16896K)->16752K(16896K) Class: 1828K(1856K)->1828K(1856K)
[234.660s][info][gc             ] GC(813) Pause Young (Allocation Failure) 572M->480M(869M) 31.390ms
[234.660s][info][gc,cpu         ] GC(813) User=0.06s Sys=0.00s Real=0.03s
[234.788s][info][gc,start       ] GC(814) Pause Young (Allocation Failure)
[234.814s][info][gc,heap        ] GC(814) PSYoungGen: 129344K(222720K)->17728K(222720K) Eden: 111616K(111616K)->0K(111616K) From: 17728K(111104K)->17728K(111104K)
[234.814s][info][gc,heap        ] GC(814) ParOldGen: 474576K(667648K)->474576K(667648K)
[234.814s][info][gc,metaspace   ] GC(814) Metaspace: 18580K(18752K)->18580K(18752K) NonClass: 16752K(16896K)->16752K(16896K) Class: 1828K(1856K)->1828K(1856K)
[234.814s][info][gc             ] GC(814) Pause Young (Allocation Failure) 589M->480M(869M) 25.681ms
[234.814s][info][gc,cpu         ] GC(814) User=0.05s Sys=0.00s Real=0.03s
[234.944s][info][gc,start       ] GC(815) Pause Young (Allocation Failure)
[234.970s][info][gc,heap        ] GC(815) PSYoungGen: 129344K(222720K)->17728K(222720K) Eden: 111616K(111616K)->0K(111616K) From: 17728K(111104K)->17728K(111104K)
[234.970s][info][gc,heap        ] GC(815) ParOldGen: 474576K(667648K)->474576K(667648K)
[234.970s][info][gc,metaspace   ] GC(815) Metaspace: 18580K(18752K)->18580K(18752K) NonClass: 16752K(16896K)->16752K(16896K) Class: 1828K(1856K)->1828K(1856K)
[234.970s][info][gc             ] GC(815) Pause Young (Allocation Failure) 589M->480M(869M) 26.068ms
[234.970s][info][gc,cpu         ] GC(815) User=0.05s Sys=0.00s Real=0.02s
[235.098s][info][gc,start       ] GC(816) Pause Young (Allocation Failure)
[235.124s][info][gc,heap        ] GC(816) PSYoungGen: 129344K(222720K)->32K(222720K) Eden: 111616K(111616K)->0K(111616K) From: 17728K(111104K)->32K(111104K)
[235.124s][info][gc,heap        ] GC(816) ParOldGen: 474576K(667648K)->492304K(667648K)
[235.124s][info][gc,metaspace   ] GC(816) Metaspace: 18580K(18752K)->18580K(18752K) NonClass: 16752K(16896K)->16752K(16896K) Class: 1828K(1856K)->1828K(1856K)
[235.124s][info][gc             ] GC(816) Pause Young (Allocation Failure) 589M->480M(869M) 26.347ms
[235.124s][info][gc,cpu         ] GC(816) User=0.05s Sys=0.00s Real=0.03s
[235.252s][info][gc,start       ] GC(817) Pause Young (Allocation Failure)
[235.254s][info][gc,heap        ] GC(817) PSYoungGen: 111648K(222720K)->64K(222720K) Eden: 111616K(111616K)->0K(111616K) From: 32K(111104K)->64K(111104K)
[235.254s][info][gc,heap        ] GC(817) ParOldGen: 492304K(667648K)->492304K(667648K)
[235.254s][info][gc,metaspace   ] GC(817) Metaspace: 18580K(18752K)->18580K(18752K) NonClass: 16752K(16896K)->16752K(16896K) Class: 1828K(1856K)->1828K(1856K)
[235.254s][info][gc             ] GC(817) Pause Young (Allocation Failure) 589M->480M(869M) 1.614ms
[235.254s][info][gc,cpu         ] GC(817) User=0.01s Sys=0.00s Real=0.00s
[235.381s][info][gc,start       ] GC(818) Pause Young (Allocation Failure)
[235.383s][info][gc,heap        ] GC(818) PSYoungGen: 111680K(222720K)->64K(222720K) Eden: 111616K(111616K)->0K(111616K) From: 64K(111104K)->64K(111104K)
[235.383s][info][gc,heap        ] GC(818) ParOldGen: 492304K(667648K)->492304K(667648K)
[235.383s][info][gc,metaspace   ] GC(818) Metaspace: 18580K(18752K)->18580K(18752K) NonClass: 16752K(16896K)->16752K(16896K) Class: 1828K(1856K)->1828K(1856K)
[235.383s][info][gc             ] GC(818) Pause Young (Allocation Failure) 589M->480M(869M) 1.641ms
[235.383s][info][gc,cpu         ] GC(818) User=0.00s Sys=0.00s Real=0.01s
[235.510s][info][gc,start       ] GC(819) Pause Young (Allocation Failure)
[235.512s][info][gc,heap        ] GC(819) PSYoungGen: 111680K(222720K)->64K(222720K) Eden: 111616K(111616K)->0K(111616K) From: 64K(111104K)->64K(111104K)
[235.512s][info][gc,heap        ] GC(819) ParOldGen: 492304K(667648K)->492304K(667648K)
[235.512s][info][gc,metaspace   ] GC(819) Metaspace: 18580K(18752K)->18580K(18752K) NonClass: 16752K(16896K)->16752K(16896K) Class: 1828K(1856K)->1828K(1856K)
[235.512s][info][gc             ] GC(819) Pause Young (Allocation Failure) 589M->480M(869M) 1.598ms
[235.512s][info][gc,cpu         ] GC(819) User=0.00s Sys=0.00s Real=0.01s
[235.639s][info][gc,start       ] GC(820) Pause Young (Allocation Failure)
[235.641s][info][gc,heap        ] GC(820) PSYoungGen: 111680K(222720K)->64K(222720K) Eden: 111616K(111616K)->0K(111616K) From: 64K(111104K)->64K(111104K)
[235.641s][info][gc,heap        ] GC(820) ParOldGen: 492304K(667648K)->492304K(667648K)
[235.641s][info][gc,metaspace   ] GC(820) Metaspace: 18580K(18752K)->18580K(18752K) NonClass: 16752K(16896K)->16752K(16896K) Class: 1828K(1856K)->1828K(1856K)
[235.641s][info][gc             ] GC(820) Pause Young (Allocation Failure) 589M->480M(869M) 1.622ms
[235.641s][info][gc,cpu         ] GC(820) User=0.00s Sys=0.00s Real=0.00s
[235.751s][info][gc,start       ] GC(821) Pause Young (Allocation Failure)
[235.763s][info][gc,heap        ] GC(821) PSYoungGen: 111680K(222720K)->10400K(222720K) Eden: 111616K(111616K)->0K(111616K) From: 64K(111104K)->10400K(111104K)
[235.763s][info][gc,heap        ] GC(821) ParOldGen: 492304K(667648K)->492304K(667648K)
[235.763s][info][gc,metaspace   ] GC(821) Metaspace: 18580K(18752K)->18580K(18752K) NonClass: 16752K(16896K)->16752K(16896K) Class: 1828K(1856K)->1828K(1856K)
[235.763s][info][gc             ] GC(821) Pause Young (Allocation Failure) 589M->490M(869M) 12.626ms
[235.763s][info][gc,cpu         ] GC(821) User=0.03s Sys=0.00s Real=0.02s
[235.856s][info][gc,start       ] GC(822) Pause Young (Allocation Failure)
[235.881s][info][gc,heap        ] GC(822) PSYoungGen: 122016K(222720K)->13952K(222720K) Eden: 111616K(111616K)->0K(111616K) From: 10400K(111104K)->13952K(111104K)
[235.881s][info][gc,heap        ] GC(822) ParOldGen: 492304K(667648K)->502704K(667648K)
[235.881s][info][gc,metaspace   ] GC(822) Metaspace: 18580K(18752K)->18580K(18752K) NonClass: 16752K(16896K)->16752K(16896K) Class: 1828K(1856K)->1828K(1856K)
[235.881s][info][gc             ] GC(822) Pause Young (Allocation Failure) 599M->504M(869M) 25.251ms
[235.881s][info][gc,cpu         ] GC(822) User=0.05s Sys=0.00s Real=0.02s
[235.962s][info][gc,start       ] GC(823) Pause Young (Allocation Failure)
[235.985s][info][gc,heap        ] GC(823) PSYoungGen: 125568K(222720K)->7904K(222720K) Eden: 111616K(111616K)->0K(111616K) From: 13952K(111104K)->7904K(111104K)
[235.985s][info][gc,heap        ] GC(823) ParOldGen: 502704K(667648K)->516664K(667648K)
[235.985s][info][gc,metaspace   ] GC(823) Metaspace: 18580K(18752K)->18580K(18752K) NonClass: 16752K(16896K)->16752K(16896K) Class: 1828K(1856K)->1828K(1856K)
[235.985s][info][gc             ] GC(823) Pause Young (Allocation Failure) 613M->512M(869M) 23.149ms
[235.986s][info][gc,cpu         ] GC(823) User=0.05s Sys=0.00s Real=0.02s
[236.069s][info][gc,start       ] GC(824) Pause Young (Allocation Failure)
[236.083s][info][gc,heap        ] GC(824) PSYoungGen: 119520K(222720K)->1216K(222720K) Eden: 111616K(111616K)->0K(111616K) From: 7904K(111104K)->1216K(111104K)
[236.083s][info][gc,heap        ] GC(824) ParOldGen: 516664K(667648K)->524552K(667648K)
[236.083s][info][gc,metaspace   ] GC(824) Metaspace: 18580K(18752K)->18580K(18752K) NonClass: 16752K(16896K)->16752K(16896K) Class: 1828K(1856K)->1828K(1856K)
[236.083s][info][gc             ] GC(824) Pause Young (Allocation Failure) 621M->513M(869M) 13.736ms
[236.083s][info][gc,cpu         ] GC(824) User=0.03s Sys=0.00s Real=0.02s
[236.172s][info][gc,start       ] GC(825) Pause Young (Allocation Failure)
[236.181s][info][gc,heap        ] GC(825) PSYoungGen: 112832K(222720K)->1952K(218624K) Eden: 111616K(111616K)->0K(111616K) From: 1216K(111104K)->1952K(107008K)
[236.181s][info][gc,heap        ] GC(825) ParOldGen: 524552K(667648K)->525752K(667648K)
[236.181s][info][gc,metaspace   ] GC(825) Metaspace: 18580K(18752K)->18580K(18752K) NonClass: 16752K(16896K)->16752K(16896K) Class: 1828K(1856K)->1828K(1856K)
[236.181s][info][gc             ] GC(825) Pause Young (Allocation Failure) 622M->515M(865M) 8.688ms
[236.181s][info][gc,cpu         ] GC(825) User=0.01s Sys=0.00s Real=0.00s
[236.264s][info][gc,start       ] GC(826) Pause Young (Allocation Failure)
[236.269s][info][gc,heap        ] GC(826) PSYoungGen: 113568K(218624K)->1984K(113664K) Eden: 111616K(111616K)->0K(111616K) From: 1952K(107008K)->1984K(2048K)
[236.269s][info][gc,heap        ] GC(826) ParOldGen: 525752K(667648K)->525752K(667648K)
[236.269s][info][gc,metaspace   ] GC(826) Metaspace: 18580K(18752K)->18580K(18752K) NonClass: 16752K(16896K)->16752K(16896K) Class: 1828K(1856K)->1828K(1856K)
[236.269s][info][gc             ] GC(826) Pause Young (Allocation Failure) 624M->515M(763M) 4.877ms
[236.269s][info][gc,cpu         ] GC(826) User=0.01s Sys=0.00s Real=0.00s
[236.375s][info][gc,start       ] GC(827) Pause Young (Allocation Failure)
[236.387s][info][gc,heap        ] GC(827) PSYoungGen: 113600K(113664K)->9600K(205312K) Eden: 111616K(111616K)->0K(115200K) From: 1984K(2048K)->9600K(90112K)
[236.387s][info][gc,heap        ] GC(827) ParOldGen: 525752K(667648K)->525752K(667648K)
[236.387s][info][gc,metaspace   ] GC(827) Metaspace: 18583K(18752K)->18583K(18752K) NonClass: 16755K(16896K)->16755K(16896K) Class: 1828K(1856K)->1828K(1856K)
[236.387s][info][gc             ] GC(827) Pause Young (Allocation Failure) 624M->522M(852M) 12.464ms
[236.387s][info][gc,cpu         ] GC(827) User=0.02s Sys=0.00s Real=0.01s
[236.545s][info][gc,start       ] GC(828) Pause Young (Allocation Failure)
[236.559s][info][gc,heap        ] GC(828) PSYoungGen: 124800K(205312K)->10688K(125952K) Eden: 115200K(115200K)->0K(115200K) From: 9600K(90112K)->10688K(10752K)
[236.559s][info][gc,heap        ] GC(828) ParOldGen: 525752K(667648K)->525752K(667648K)
[236.559s][info][gc,metaspace   ] GC(828) Metaspace: 18583K(18752K)->18583K(18752K) NonClass: 16755K(16896K)->16755K(16896K) Class: 1828K(1856K)->1828K(1856K)
[236.559s][info][gc             ] GC(828) Pause Young (Allocation Failure) 635M->523M(775M) 13.878ms
[236.559s][info][gc,cpu         ] GC(828) User=0.03s Sys=0.00s Real=0.01s
[236.766s][info][gc,start       ] GC(829) Pause Young (Allocation Failure)
[236.780s][info][gc,heap        ] GC(829) PSYoungGen: 125888K(125952K)->10752K(195584K) Eden: 115200K(115200K)->0K(118272K) From: 10688K(10752K)->10752K(77312K)
[236.780s][info][gc,heap        ] GC(829) ParOldGen: 525752K(667648K)->525752K(667648K)
[236.780s][info][gc,metaspace   ] GC(829) Metaspace: 18583K(18752K)->18583K(18752K) NonClass: 16755K(16896K)->16755K(16896K) Class: 1828K(1856K)->1828K(1856K)
[236.780s][info][gc             ] GC(829) Pause Young (Allocation Failure) 636M->523M(843M) 13.734ms
[236.780s][info][gc,cpu         ] GC(829) User=0.02s Sys=0.00s Real=0.01s
[236.969s][info][gc,start       ] GC(830) Pause Young (Allocation Failure)
[236.982s][info][gc,heap        ] GC(830) PSYoungGen: 129024K(195584K)->10848K(129536K) Eden: 118272K(118272K)->0K(118272K) From: 10752K(77312K)->10848K(11264K)
[236.982s][info][gc,heap        ] GC(830) ParOldGen: 525752K(667648K)->525752K(667648K)
[236.982s][info][gc,metaspace   ] GC(830) Metaspace: 18583K(18752K)->18583K(18752K) NonClass: 16755K(16896K)->16755K(16896K) Class: 1828K(1856K)->1828K(1856K)
[236.982s][info][gc             ] GC(830) Pause Young (Allocation Failure) 639M->524M(778M) 13.293ms
[236.982s][info][gc,cpu         ] GC(830) User=0.02s Sys=0.01s Real=0.02s
[237.156s][info][gc,start       ] GC(831) Pause Young (Allocation Failure)
[237.170s][info][gc,heap        ] GC(831) PSYoungGen: 129120K(129536K)->10848K(188928K) Eden: 118272K(118272K)->0K(121344K) From: 10848K(11264K)->10848K(67584K)
[237.170s][info][gc,heap        ] GC(831) ParOldGen: 525752K(667648K)->525752K(667648K)
[237.170s][info][gc,metaspace   ] GC(831) Metaspace: 18583K(18752K)->18583K(18752K) NonClass: 16755K(16896K)->16755K(16896K) Class: 1828K(1856K)->1828K(1856K)
[237.170s][info][gc             ] GC(831) Pause Young (Allocation Failure) 639M->524M(836M) 13.934ms
[237.170s][info][gc,cpu         ] GC(831) User=0.02s Sys=0.00s Real=0.01s
[237.368s][info][gc,start       ] GC(832) Pause Young (Allocation Failure)
[237.381s][info][gc,heap        ] GC(832) PSYoungGen: 132192K(188928K)->10848K(132608K) Eden: 121344K(121344K)->0K(121344K) From: 10848K(67584K)->10848K(11264K)
[237.381s][info][gc,heap        ] GC(832) ParOldGen: 525752K(667648K)->525752K(667648K)
[237.381s][info][gc,metaspace   ] GC(832) Metaspace: 18583K(18752K)->18583K(18752K) NonClass: 16755K(16896K)->16755K(16896K) Class: 1828K(1856K)->1828K(1856K)
[237.381s][info][gc             ] GC(832) Pause Young (Allocation Failure) 642M->524M(781M) 13.517ms
[237.381s][info][gc,cpu         ] GC(832) User=0.03s Sys=0.00s Real=0.01s
[237.526s][info][gc,start       ] GC(833) Pause Young (Allocation Failure)
[237.553s][info][gc,heap        ] GC(833) PSYoungGen: 132192K(132608K)->24832K(189952K) Eden: 121344K(121344K)->0K(124928K) From: 10848K(11264K)->24832K(65024K)
[237.553s][info][gc,heap        ] GC(833) ParOldGen: 525752K(667648K)->525752K(667648K)
[237.553s][info][gc,metaspace   ] GC(833) Metaspace: 18583K(18752K)->18583K(18752K) NonClass: 16755K(16896K)->16755K(16896K) Class: 1828K(1856K)->1828K(1856K)
[237.553s][info][gc             ] GC(833) Pause Young (Allocation Failure) 642M->537M(837M) 27.026ms
[237.553s][info][gc,cpu         ] GC(833) User=0.05s Sys=0.00s Real=0.03s
[237.678s][info][gc,start       ] GC(834) Pause Young (Allocation Failure)
[237.707s][info][gc,heap        ] GC(834) PSYoungGen: 149760K(189952K)->24864K(190976K) Eden: 124928K(124928K)->0K(124928K) From: 24832K(65024K)->24864K(66048K)
[237.707s][info][gc,heap        ] GC(834) ParOldGen: 525752K(667648K)->525752K(667648K)
[237.707s][info][gc,metaspace   ] GC(834) Metaspace: 18583K(18752K)->18583K(18752K) NonClass: 16755K(16896K)->16755K(16896K) Class: 1828K(1856K)->1828K(1856K)
[237.707s][info][gc             ] GC(834) Pause Young (Allocation Failure) 659M->537M(838M) 28.830ms
[237.707s][info][gc,cpu         ] GC(834) User=0.05s Sys=0.00s Real=0.03s
[237.820s][info][gc,start       ] GC(835) Pause Young (Allocation Failure)
[237.863s][info][gc,heap        ] GC(835) PSYoungGen: 149792K(190976K)->50240K(186368K) Eden: 124928K(124928K)->0K(121856K) From: 24864K(66048K)->50240K(64512K)
[237.863s][info][gc,heap        ] GC(835) ParOldGen: 525752K(667648K)->525752K(667648K)
[237.863s][info][gc,metaspace   ] GC(835) Metaspace: 18583K(18752K)->18583K(18752K) NonClass: 16755K(16896K)->16755K(16896K) Class: 1828K(1856K)->1828K(1856K)
[237.864s][info][gc             ] GC(835) Pause Young (Allocation Failure) 659M->562M(834M) 43.976ms
[237.864s][info][gc,cpu         ] GC(835) User=0.09s Sys=0.00s Real=0.05s
[237.983s][info][gc,start       ] GC(836) Pause Young (Allocation Failure)
[238.049s][info][gc,heap        ] GC(836) PSYoungGen: 172096K(186368K)->72160K(194048K) Eden: 121856K(121856K)->0K(121856K) From: 50240K(64512K)->72160K(72192K)
[238.049s][info][gc,heap        ] GC(836) ParOldGen: 525752K(667648K)->535160K(667648K)
[238.050s][info][gc,metaspace   ] GC(836) Metaspace: 18594K(18752K)->18594K(18752K) NonClass: 16766K(16896K)->16766K(16896K) Class: 1828K(1856K)->1828K(1856K)
[238.050s][info][gc             ] GC(836) Pause Young (Allocation Failure) 681M->593M(841M) 66.299ms
[238.050s][info][gc,cpu         ] GC(836) User=0.13s Sys=0.00s Real=0.06s
[238.246s][info][gc,start       ] GC(837) Pause Young (Allocation Failure)
[238.321s][info][gc,heap        ] GC(837) PSYoungGen: 194016K(194048K)->72960K(206848K) Eden: 121856K(121856K)->0K(117248K) From: 72160K(72192K)->72960K(89600K)
[238.321s][info][gc,heap        ] GC(837) ParOldGen: 535160K(667648K)->537096K(667648K)
[238.321s][info][gc,metaspace   ] GC(837) Metaspace: 18594K(18752K)->18594K(18752K) NonClass: 16766K(16896K)->16766K(16896K) Class: 1828K(1856K)->1828K(1856K)
[238.321s][info][gc             ] GC(837) Pause Young (Allocation Failure) 712M->595M(854M) 74.986ms
[238.321s][info][gc,cpu         ] GC(837) User=0.12s Sys=0.03s Real=0.07s
[238.459s][info][gc,start       ] GC(838) Pause Young (Allocation Failure)
[238.539s][info][gc,heap        ] GC(838) PSYoungGen: 190208K(206848K)->85280K(218112K) Eden: 117248K(117248K)->0K(117248K) From: 72960K(89600K)->85280K(100864K)
[238.539s][info][gc,heap        ] GC(838) ParOldGen: 537096K(667648K)->537096K(667648K)
[238.539s][info][gc,metaspace   ] GC(838) Metaspace: 18594K(18752K)->18594K(18752K) NonClass: 16766K(16896K)->16766K(16896K) Class: 1828K(1856K)->1828K(1856K)
[238.539s][info][gc             ] GC(838) Pause Young (Allocation Failure) 710M->607M(865M) 79.949ms
[238.539s][info][gc,cpu         ] GC(838) User=0.16s Sys=0.00s Real=0.08s
[238.691s][info][gc,start       ] GC(839) Pause Young (Allocation Failure)
[238.776s][info][gc,heap        ] GC(839) PSYoungGen: 202528K(218112K)->76608K(222720K) Eden: 117248K(117248K)->0K(111616K) From: 85280K(100864K)->76608K(111104K)
[238.776s][info][gc,heap        ] GC(839) ParOldGen: 537096K(667648K)->545832K(667648K)
[238.776s][info][gc,metaspace   ] GC(839) Metaspace: 18594K(18752K)->18594K(18752K) NonClass: 16766K(16896K)->16766K(16896K) Class: 1828K(1856K)->1828K(1856K)
[238.776s][info][gc             ] GC(839) Pause Young (Allocation Failure) 722M->607M(869M) 84.146ms
[238.776s][info][gc,cpu         ] GC(839) User=0.16s Sys=0.00s Real=0.09s
[238.919s][info][gc,start       ] GC(840) Pause Young (Allocation Failure)
[238.991s][info][gc,heap        ] GC(840) PSYoungGen: 188224K(222720K)->76416K(222720K) Eden: 111616K(111616K)->0K(111616K) From: 76608K(111104K)->76416K(111104K)
[238.991s][info][gc,heap        ] GC(840) ParOldGen: 545832K(667648K)->546014K(667648K)
[238.991s][info][gc,metaspace   ] GC(840) Metaspace: 18594K(18752K)->18594K(18752K) NonClass: 16766K(16896K)->16766K(16896K) Class: 1828K(1856K)->1828K(1856K)
[238.991s][info][gc             ] GC(840) Pause Young (Allocation Failure) 716M->607M(869M) 72.169ms
[238.991s][info][gc,cpu         ] GC(840) User=0.14s Sys=0.00s Real=0.07s
[239.126s][info][gc,start       ] GC(841) Pause Young (Allocation Failure)
[239.194s][info][gc,heap        ] GC(841) PSYoungGen: 188032K(222720K)->76384K(222720K) Eden: 111616K(111616K)->0K(111616K) From: 76416K(111104K)->76384K(111104K)
[239.194s][info][gc,heap        ] GC(841) ParOldGen: 546014K(667648K)->546054K(667648K)
[239.194s][info][gc,metaspace   ] GC(841) Metaspace: 18594K(18752K)->18594K(18752K) NonClass: 16766K(16896K)->16766K(16896K) Class: 1828K(1856K)->1828K(1856K)
[239.194s][info][gc             ] GC(841) Pause Young (Allocation Failure) 716M->607M(869M) 67.328ms
[239.194s][info][gc,cpu         ] GC(841) User=0.13s Sys=0.01s Real=0.07s
[239.330s][info][gc,start       ] GC(842) Pause Young (Allocation Failure)
[239.397s][info][gc,heap        ] GC(842) PSYoungGen: 188000K(222720K)->62400K(222720K) Eden: 111616K(111616K)->0K(111616K) From: 76384K(111104K)->62400K(111104K)
[239.397s][info][gc,heap        ] GC(842) ParOldGen: 546054K(667648K)->560094K(667648K)
[239.397s][info][gc,metaspace   ] GC(842) Metaspace: 18594K(18752K)->18594K(18752K) NonClass: 16766K(16896K)->16766K(16896K) Class: 1828K(1856K)->1828K(1856K)
[239.397s][info][gc             ] GC(842) Pause Young (Allocation Failure) 716M->607M(869M) 66.566ms
[239.397s][info][gc,cpu         ] GC(842) User=0.13s Sys=0.00s Real=0.07s
[239.533s][info][gc,start       ] GC(843) Pause Young (Allocation Failure)
[239.588s][info][gc,heap        ] GC(843) PSYoungGen: 174016K(222720K)->15040K(222720K) Eden: 111616K(111616K)->0K(111616K) From: 62400K(111104K)->15040K(111104K)
[239.588s][info][gc,heap        ] GC(843) ParOldGen: 560094K(667648K)->607937K(667648K)
[239.588s][info][gc,metaspace   ] GC(843) Metaspace: 18594K(18752K)->18594K(18752K) NonClass: 16766K(16896K)->16766K(16896K) Class: 1828K(1856K)->1828K(1856K)
[239.588s][info][gc             ] GC(843) Pause Young (Allocation Failure) 716M->608M(869M) 55.687ms
[239.588s][info][gc,cpu         ] GC(843) User=0.11s Sys=0.00s Real=0.05s
[239.724s][info][gc,start       ] GC(844) Pause Young (Allocation Failure)
[239.748s][info][gc,heap        ] GC(844) PSYoungGen: 126656K(222720K)->32K(222720K) Eden: 111616K(111616K)->0K(111616K) From: 15040K(111104K)->32K(111104K)
[239.748s][info][gc,heap        ] GC(844) ParOldGen: 607937K(667648K)->623001K(667648K)
[239.748s][info][gc,metaspace   ] GC(844) Metaspace: 18594K(18752K)->18594K(18752K) NonClass: 16766K(16896K)->16766K(16896K) Class: 1828K(1856K)->1828K(1856K)
[239.748s][info][gc             ] GC(844) Pause Young (Allocation Failure) 717M->608M(869M) 23.777ms
[239.748s][info][gc,cpu         ] GC(844) User=0.05s Sys=0.00s Real=0.02s
[239.882s][info][gc,start       ] GC(845) Pause Young (Allocation Failure)
[239.884s][info][gc,heap        ] GC(845) PSYoungGen: 111648K(222720K)->64K(222720K) Eden: 111616K(111616K)->0K(111616K) From: 32K(111104K)->64K(111104K)
[239.884s][info][gc,heap        ] GC(845) ParOldGen: 623001K(667648K)->623001K(667648K)
[239.884s][info][gc,metaspace   ] GC(845) Metaspace: 18594K(18752K)->18594K(18752K) NonClass: 16766K(16896K)->16766K(16896K) Class: 1828K(1856K)->1828K(1856K)
[239.884s][info][gc             ] GC(845) Pause Young (Allocation Failure) 717M->608M(869M) 1.971ms
[239.884s][info][gc,cpu         ] GC(845) User=0.01s Sys=0.00s Real=0.00s
[240.013s][info][gc,start       ] GC(846) Pause Young (Allocation Failure)
[240.015s][info][gc,heap        ] GC(846) PSYoungGen: 111680K(222720K)->64K(222720K) Eden: 111616K(111616K)->0K(111616K) From: 64K(111104K)->64K(111104K)
[240.015s][info][gc,heap        ] GC(846) ParOldGen: 623001K(667648K)->623001K(667648K)
[240.015s][info][gc,metaspace   ] GC(846) Metaspace: 18594K(18752K)->18594K(18752K) NonClass: 16766K(16896K)->16766K(16896K) Class: 1828K(1856K)->1828K(1856K)
[240.015s][info][gc             ] GC(846) Pause Young (Allocation Failure) 717M->608M(869M) 1.902ms
[240.015s][info][gc,cpu         ] GC(846) User=0.01s Sys=0.00s Real=0.00s
[240.142s][info][gc,start       ] GC(847) Pause Young (Allocation Failure)
[240.146s][info][gc,heap        ] GC(847) PSYoungGen: 111680K(222720K)->1088K(222720K) Eden: 111616K(111616K)->0K(111616K) From: 64K(111104K)->1088K(111104K)
[240.146s][info][gc,heap        ] GC(847) ParOldGen: 623001K(667648K)->623001K(667648K)
[240.146s][info][gc,metaspace   ] GC(847) Metaspace: 18594K(18752K)->18594K(18752K) NonClass: 16766K(16896K)->16766K(16896K) Class: 1828K(1856K)->1828K(1856K)
[240.146s][info][gc             ] GC(847) Pause Young (Allocation Failure) 717M->609M(869M) 4.093ms
[240.146s][info][gc,cpu         ] GC(847) User=0.01s Sys=0.00s Real=0.00s
[240.239s][info][gc,start       ] GC(848) Pause Young (Allocation Failure)
[240.259s][info][gc,heap        ] GC(848) PSYoungGen: 112704K(222720K)->18368K(222720K) Eden: 111616K(111616K)->0K(111616K) From: 1088K(111104K)->18368K(111104K)
[240.259s][info][gc,heap        ] GC(848) ParOldGen: 623001K(667648K)->623001K(667648K)
[240.259s][info][gc,metaspace   ] GC(848) Metaspace: 18595K(18752K)->18595K(18752K) NonClass: 16767K(16896K)->16767K(16896K) Class: 1828K(1856K)->1828K(1856K)
[240.260s][info][gc             ] GC(848) Pause Young (Allocation Failure) 718M->626M(869M) 20.121ms
[240.260s][info][gc,cpu         ] GC(848) User=0.04s Sys=0.00s Real=0.02s
[240.360s][info][gc,start       ] GC(849) Pause Young (Allocation Failure)
[240.391s][info][gc,heap        ] GC(849) PSYoungGen: 129984K(222720K)->28064K(206336K) Eden: 111616K(111616K)->0K(111616K) From: 18368K(111104K)->28064K(94720K)
[240.391s][info][gc,heap        ] GC(849) ParOldGen: 623001K(667648K)->623001K(667648K)
[240.391s][info][gc,metaspace   ] GC(849) Metaspace: 18597K(18752K)->18597K(18752K) NonClass: 16769K(16896K)->16769K(16896K) Class: 1828K(1856K)->1828K(1856K)
[240.391s][info][gc             ] GC(849) Pause Young (Allocation Failure) 735M->635M(853M) 30.768ms
[240.391s][info][gc,cpu         ] GC(849) User=0.06s Sys=0.00s Real=0.03s
[240.452s][info][gc,start       ] GC(850) Pause Young (Allocation Failure)
[240.501s][info][gc,heap        ] GC(850) PSYoungGen: 139680K(206336K)->47968K(214528K) Eden: 111616K(111616K)->0K(111616K) From: 28064K(94720K)->47968K(102912K)
[240.501s][info][gc,heap        ] GC(850) ParOldGen: 623001K(667648K)->623001K(667648K)
[240.501s][info][gc,metaspace   ] GC(850) Metaspace: 18597K(18752K)->18597K(18752K) NonClass: 16769K(16896K)->16769K(16896K) Class: 1828K(1856K)->1828K(1856K)
[240.501s][info][gc             ] GC(850) Pause Young (Allocation Failure) 744M->655M(861M) 49.212ms
[240.501s][info][gc,cpu         ] GC(850) User=0.10s Sys=0.00s Real=0.04s
[240.578s][info][gc,start       ] GC(851) Pause Young (Allocation Failure)
[240.635s][info][gc,heap        ] GC(851) PSYoungGen: 159584K(214528K)->58720K(218112K) Eden: 111616K(111616K)->0K(115200K) From: 47968K(102912K)->58720K(102912K)
[240.636s][info][gc,heap        ] GC(851) ParOldGen: 623001K(667648K)->623001K(667648K)
[240.636s][info][gc,metaspace   ] GC(851) Metaspace: 18597K(18752K)->18597K(18752K) NonClass: 16769K(16896K)->16769K(16896K) Class: 1828K(1856K)->1828K(1856K)
[240.636s][info][gc             ] GC(851) Pause Young (Allocation Failure) 764M->665M(865M) 57.535ms
[240.636s][info][gc,cpu         ] GC(851) User=0.12s Sys=0.00s Real=0.06s
[240.706s][info][gc,start       ] GC(852) Pause Young (Allocation Failure)
[240.780s][info][gc,heap        ] GC(852) PSYoungGen: 173920K(218112K)->75808K(221184K) Eden: 115200K(115200K)->0K(115200K) From: 58720K(102912K)->75808K(105984K)
[240.780s][info][gc,heap        ] GC(852) ParOldGen: 623001K(667648K)->623001K(667648K)
[240.780s][info][gc,metaspace   ] GC(852) Metaspace: 18599K(18752K)->18599K(18752K) NonClass: 16771K(16896K)->16771K(16896K) Class: 1828K(1856K)->1828K(1856K)
[240.780s][info][gc             ] GC(852) Pause Young (Allocation Failure) 778M->682M(868M) 74.642ms
[240.780s][info][gc,cpu         ] GC(852) User=0.15s Sys=0.00s Real=0.07s
[240.859s][info][gc,start       ] GC(853) Pause Young (Allocation Failure)
[240.939s][info][gc,heap        ] GC(853) PSYoungGen: 191008K(221184K)->61696K(222720K) Eden: 115200K(115200K)->0K(111616K) From: 75808K(105984K)->61696K(111104K)
[240.939s][info][gc,heap        ] GC(853) ParOldGen: 623001K(667648K)->641377K(667648K)
[240.939s][info][gc,metaspace   ] GC(853) Metaspace: 18599K(18752K)->18599K(18752K) NonClass: 16771K(16896K)->16771K(16896K) Class: 1828K(1856K)->1828K(1856K)
[240.939s][info][gc             ] GC(853) Pause Young (Allocation Failure) 794M->686M(869M) 80.414ms
[240.939s][info][gc,cpu         ] GC(853) User=0.16s Sys=0.00s Real=0.08s
[241.028s][info][gc,start       ] GC(854) Pause Full (Allocation Failure)
[241.028s][info][gc,phases,start] GC(854) Marking Phase
[241.299s][info][gc,phases      ] GC(854) Marking Phase 270.837ms
[241.299s][info][gc,phases,start] GC(854) Summary Phase
[241.299s][info][gc,phases      ] GC(854) Summary Phase 0.029ms
[241.299s][info][gc,phases,start] GC(854) Forward
[241.382s][info][gc,phases      ] GC(854) Forward 83.005ms
[241.383s][info][gc,phases,start] GC(854) Adjust Pointers
[241.589s][info][gc,phases      ] GC(854) Adjust Pointers 206.739ms
[241.589s][info][gc,phases,start] GC(854) Compaction Phase
[241.702s][info][gc,phases      ] GC(854) Compaction Phase 112.459ms
[241.712s][info][gc,phases,start] GC(854) Post Compact
[241.714s][info][gc,phases      ] GC(854) Post Compact 2.354ms
[241.714s][info][gc,heap        ] GC(854) PSYoungGen: 173312K(222720K)->0K(222720K) Eden: 111616K(111616K)->0K(111616K) From: 61696K(111104K)->0K(111104K)
[241.714s][info][gc,heap        ] GC(854) ParOldGen: 641377K(667648K)->409164K(667648K)
[241.714s][info][gc,metaspace   ] GC(854) Metaspace: 18601K(18752K)->18601K(18752K) NonClass: 16773K(16896K)->16773K(16896K) Class: 1828K(1856K)->1828K(1856K)
[241.714s][info][gc             ] GC(854) Pause Full (Allocation Failure) 795M->399M(869M) 685.740ms
[241.714s][info][gc,cpu         ] GC(854) User=1.29s Sys=0.00s Real=0.69s
[241.790s][info][gc,start       ] GC(855) Pause Young (Allocation Failure)
[241.811s][info][gc,heap        ] GC(855) PSYoungGen: 111616K(222720K)->18112K(222720K) Eden: 111616K(111616K)->0K(111616K) From: 0K(111104K)->18112K(111104K)
[241.811s][info][gc,heap        ] GC(855) ParOldGen: 409164K(667648K)->409164K(667648K)
[241.811s][info][gc,metaspace   ] GC(855) Metaspace: 18601K(18752K)->18601K(18752K) NonClass: 16773K(16896K)->16773K(16896K) Class: 1828K(1856K)->1828K(1856K)
[241.811s][info][gc             ] GC(855) Pause Young (Allocation Failure) 508M->417M(869M) 20.699ms
[241.811s][info][gc,cpu         ] GC(855) User=0.04s Sys=0.00s Real=0.02s
[241.879s][info][gc,start       ] GC(856) Pause Young (Allocation Failure)
[241.903s][info][gc,heap        ] GC(856) PSYoungGen: 129728K(222720K)->22272K(134144K) Eden: 111616K(111616K)->0K(111616K) From: 18112K(111104K)->22272K(22528K)
[241.903s][info][gc,heap        ] GC(856) ParOldGen: 409164K(667648K)->409164K(667648K)
[241.903s][info][gc,metaspace   ] GC(856) Metaspace: 18603K(18752K)->18603K(18752K) NonClass: 16774K(16896K)->16774K(16896K) Class: 1828K(1856K)->1828K(1856K)
[241.903s][info][gc             ] GC(856) Pause Young (Allocation Failure) 526M->421M(783M) 24.847ms
[241.903s][info][gc,cpu         ] GC(856) User=0.05s Sys=0.00s Real=0.03s
[241.999s][info][gc,start       ] GC(857) Pause Young (Allocation Failure)
[242.027s][info][gc,heap        ] GC(857) PSYoungGen: 133888K(134144K)->24864K(222208K) Eden: 111616K(111616K)->0K(116736K) From: 22272K(22528K)->24864K(105472K)
[242.027s][info][gc,heap        ] GC(857) ParOldGen: 409164K(667648K)->409164K(667648K)
[242.027s][info][gc,metaspace   ] GC(857) Metaspace: 18605K(18752K)->18605K(18752K) NonClass: 16776K(16896K)->16776K(16896K) Class: 1828K(1856K)->1828K(1856K)
[242.027s][info][gc             ] GC(857) Pause Young (Allocation Failure) 530M->423M(869M) 27.341ms
[242.027s][info][gc,cpu         ] GC(857) User=0.05s Sys=0.00s Real=0.03s
[242.166s][info][gc,start       ] GC(858) Pause Young (Allocation Failure)
[242.200s][info][gc,heap        ] GC(858) PSYoungGen: 141600K(222208K)->26176K(218624K) Eden: 116736K(116736K)->0K(116736K) From: 24864K(105472K)->26176K(101888K)
[242.200s][info][gc,heap        ] GC(858) ParOldGen: 409164K(667648K)->409164K(667648K)
[242.200s][info][gc,metaspace   ] GC(858) Metaspace: 18608K(18752K)->18608K(18752K) NonClass: 16780K(16896K)->16780K(16896K) Class: 1828K(1856K)->1828K(1856K)
[242.200s][info][gc             ] GC(858) Pause Young (Allocation Failure) 537M->425M(865M) 33.546ms
[242.200s][info][gc,cpu         ] GC(858) User=0.06s Sys=0.00s Real=0.03s
[242.301s][info][gc,start       ] GC(859) Pause Young (Allocation Failure)
[242.336s][info][gc,heap        ] GC(859) PSYoungGen: 142912K(218624K)->26272K(212992K) Eden: 116736K(116736K)->0K(125440K) From: 26176K(101888K)->26272K(87552K)
[242.336s][info][gc,heap        ] GC(859) ParOldGen: 409164K(667648K)->409164K(667648K)
[242.336s][info][gc,metaspace   ] GC(859) Metaspace: 18608K(18752K)->18608K(18752K) NonClass: 16780K(16896K)->16780K(16896K) Class: 1828K(1856K)->1828K(1856K)
[242.336s][info][gc             ] GC(859) Pause Young (Allocation Failure) 539M->425M(860M) 34.849ms
[242.336s][info][gc,cpu         ] GC(859) User=0.07s Sys=0.00s Real=0.04s
[242.472s][info][gc,start       ] GC(860) Pause Young (Allocation Failure)
[242.506s][info][gc,heap        ] GC(860) PSYoungGen: 151712K(212992K)->29888K(217600K) Eden: 125440K(125440K)->0K(125440K) From: 26272K(87552K)->29888K(92160K)
[242.506s][info][gc,heap        ] GC(860) ParOldGen: 409164K(667648K)->409164K(667648K)
[242.506s][info][gc,metaspace   ] GC(860) Metaspace: 18613K(18816K)->18613K(18816K) NonClass: 16784K(16960K)->16784K(16960K) Class: 1828K(1856K)->1828K(1856K)
[242.506s][info][gc             ] GC(860) Pause Young (Allocation Failure) 547M->428M(864M) 34.529ms
[242.506s][info][gc,cpu         ] GC(860) User=0.07s Sys=0.00s Real=0.03s
[242.637s][info][gc,start       ] GC(861) Pause Young (Allocation Failure)
[242.669s][info][gc,heap        ] GC(861) PSYoungGen: 155328K(217600K)->29920K(211456K) Eden: 125440K(125440K)->0K(134144K) From: 29888K(92160K)->29920K(77312K)
[242.669s][info][gc,heap        ] GC(861) ParOldGen: 409164K(667648K)->409164K(667648K)
[242.669s][info][gc,metaspace   ] GC(861) Metaspace: 18622K(18816K)->18622K(18816K) NonClass: 16794K(16960K)->16794K(16960K) Class: 1828K(1856K)->1828K(1856K)
[242.669s][info][gc             ] GC(861) Pause Young (Allocation Failure) 551M->428M(858M) 32.018ms
[242.669s][info][gc,cpu         ] GC(861) User=0.06s Sys=0.01s Real=0.03s
[242.852s][info][gc,start       ] GC(862) Pause Young (Allocation Failure)
[242.898s][info][gc,heap        ] GC(862) PSYoungGen: 164064K(211456K)->45920K(216064K) Eden: 134144K(134144K)->0K(134144K) From: 29920K(77312K)->45920K(81920K)
[242.898s][info][gc,heap        ] GC(862) ParOldGen: 409164K(667648K)->409164K(667648K)
[242.898s][info][gc,metaspace   ] GC(862) Metaspace: 18640K(18816K)->18640K(18816K) NonClass: 16811K(16960K)->16811K(16960K) Class: 1828K(1856K)->1828K(1856K)
[242.899s][info][gc             ] GC(862) Pause Young (Allocation Failure) 559M->444M(863M) 46.273ms
[242.899s][info][gc,cpu         ] GC(862) User=0.09s Sys=0.00s Real=0.04s
[243.256s][info][gc,start       ] GC(863) Pause Young (Allocation Failure)
[243.317s][info][gc,heap        ] GC(863) PSYoungGen: 180064K(216064K)->59472K(220672K) Eden: 134144K(134144K)->0K(138752K) From: 45920K(81920K)->59472K(81920K)
[243.317s][info][gc,heap        ] GC(863) ParOldGen: 409164K(667648K)->409164K(667648K)
[243.317s][info][gc,metaspace   ] GC(863) Metaspace: 18641K(18816K)->18641K(18816K) NonClass: 16812K(16960K)->16812K(16960K) Class: 1828K(1856K)->1828K(1856K)
[243.317s][info][gc             ] GC(863) Pause Young (Allocation Failure) 575M->457M(867M) 61.014ms
[243.317s][info][gc,cpu         ] GC(863) User=0.12s Sys=0.00s Real=0.06s
[243.416s][info][gc,start       ] GC(864) Pause Young (Allocation Failure)
[243.509s][info][gc,heap        ] GC(864) PSYoungGen: 198224K(220672K)->86512K(225280K) Eden: 138752K(138752K)->0K(138752K) From: 59472K(81920K)->86512K(86528K)
[243.509s][info][gc,heap        ] GC(864) ParOldGen: 409164K(667648K)->426484K(667648K)
[243.509s][info][gc,metaspace   ] GC(864) Metaspace: 18642K(18816K)->18642K(18816K) NonClass: 16814K(16960K)->16814K(16960K) Class: 1828K(1856K)->1828K(1856K)
[243.509s][info][gc             ] GC(864) Pause Young (Allocation Failure) 593M->500M(872M) 93.328ms
[243.509s][info][gc,cpu         ] GC(864) User=0.19s Sys=0.00s Real=0.09s
[243.584s][info][gc,start       ] GC(865) Pause Young (Allocation Failure)
[243.704s][info][gc,heap        ] GC(865) PSYoungGen: 225264K(225280K)->102040K(218112K) Eden: 138752K(138752K)->0K(111616K) From: 86512K(86528K)->102040K(106496K)
[243.704s][info][gc,heap        ] GC(865) ParOldGen: 426484K(667648K)->444620K(667648K)
[243.704s][info][gc,metaspace   ] GC(865) Metaspace: 18642K(18816K)->18642K(18816K) NonClass: 16814K(16960K)->16814K(16960K) Class: 1828K(1856K)->1828K(1856K)
[243.704s][info][gc             ] GC(865) Pause Young (Allocation Failure) 636M->533M(865M) 120.102ms
[243.704s][info][gc,cpu         ] GC(865) User=0.22s Sys=0.02s Real=0.12s
[243.903s][info][gc,start       ] GC(866) Pause Young (Allocation Failure)
[243.997s][info][gc,heap        ] GC(866) PSYoungGen: 213656K(218112K)->97648K(222720K) Eden: 111616K(111616K)->0K(111616K) From: 102040K(106496K)->97648K(111104K)
[243.997s][info][gc,heap        ] GC(866) ParOldGen: 444620K(667648K)->451388K(667648K)
[243.997s][info][gc,metaspace   ] GC(866) Metaspace: 18642K(18816K)->18642K(18816K) NonClass: 16814K(16960K)->16814K(16960K) Class: 1828K(1856K)->1828K(1856K)
[243.997s][info][gc             ] GC(866) Pause Young (Allocation Failure) 642M->536M(869M) 94.144ms
[243.997s][info][gc,cpu         ] GC(866) User=0.18s Sys=0.00s Real=0.09s
[244.144s][info][gc,start       ] GC(867) Pause Young (Allocation Failure)
[244.232s][info][gc,heap        ] GC(867) PSYoungGen: 209264K(222720K)->96336K(222720K) Eden: 111616K(111616K)->0K(111616K) From: 97648K(111104K)->96336K(111104K)
[244.232s][info][gc,heap        ] GC(867) ParOldGen: 451388K(667648K)->452796K(667648K)
[244.232s][info][gc,metaspace   ] GC(867) Metaspace: 18642K(18816K)->18642K(18816K) NonClass: 16814K(16960K)->16814K(16960K) Class: 1828K(1856K)->1828K(1856K)
[244.232s][info][gc             ] GC(867) Pause Young (Allocation Failure) 645M->536M(869M) 87.966ms
[244.232s][info][gc,cpu         ] GC(867) User=0.18s Sys=0.00s Real=0.09s
[244.441s][info][gc,start       ] GC(868) Pause Young (Allocation Failure)
[244.530s][info][gc,heap        ] GC(868) PSYoungGen: 207952K(222720K)->93048K(222720K) Eden: 111616K(111616K)->0K(111616K) From: 96336K(111104K)->93048K(111104K)
[244.530s][info][gc,heap        ] GC(868) ParOldGen: 452796K(667648K)->456482K(667648K)
[244.530s][info][gc,metaspace   ] GC(868) Metaspace: 18642K(18816K)->18642K(18816K) NonClass: 16814K(16960K)->16814K(16960K) Class: 1828K(1856K)->1828K(1856K)
[244.530s][info][gc             ] GC(868) Pause Young (Allocation Failure) 645M->536M(869M) 89.371ms
[244.530s][info][gc,cpu         ] GC(868) User=0.18s Sys=0.00s Real=0.09s
[244.728s][info][gc,start       ] GC(869) Pause Young (Allocation Failure)
[244.813s][info][gc,heap        ] GC(869) PSYoungGen: 204664K(222720K)->63872K(222720K) Eden: 111616K(111616K)->0K(111616K) From: 93048K(111104K)->63872K(111104K)
[244.813s][info][gc,heap        ] GC(869) ParOldGen: 456482K(667648K)->486166K(667648K)
[244.813s][info][gc,metaspace   ] GC(869) Metaspace: 18642K(18816K)->18642K(18816K) NonClass: 16814K(16960K)->16814K(16960K) Class: 1828K(1856K)->1828K(1856K)
[244.813s][info][gc             ] GC(869) Pause Young (Allocation Failure) 645M->537M(869M) 84.986ms
[244.813s][info][gc,cpu         ] GC(869) User=0.17s Sys=0.00s Real=0.09s
[244.941s][info][gc,start       ] GC(870) Pause Young (Allocation Failure)
[245.000s][info][gc,heap        ] GC(870) PSYoungGen: 175488K(222720K)->4480K(222720K) Eden: 111616K(111616K)->0K(111616K) From: 63872K(111104K)->4480K(111104K)
[245.000s][info][gc,heap        ] GC(870) ParOldGen: 486166K(667648K)->547334K(667648K)
[245.000s][info][gc,metaspace   ] GC(870) Metaspace: 18642K(18816K)->18642K(18816K) NonClass: 16814K(16960K)->16814K(16960K) Class: 1828K(1856K)->1828K(1856K)
[245.000s][info][gc             ] GC(870) Pause Young (Allocation Failure) 646M->538M(869M) 59.469ms
[245.000s][info][gc,cpu         ] GC(870) User=0.11s Sys=0.01s Real=0.06s
[245.087s][info][gc,start       ] GC(871) Pause Young (Allocation Failure)
[245.100s][info][gc,heap        ] GC(871) PSYoungGen: 116096K(222720K)->2752K(222720K) Eden: 111616K(111616K)->0K(111616K) From: 4480K(111104K)->2752K(111104K)
[245.100s][info][gc,heap        ] GC(871) ParOldGen: 547334K(667648K)->549798K(667648K)
[245.100s][info][gc,metaspace   ] GC(871) Metaspace: 18642K(18816K)->18642K(18816K) NonClass: 16814K(16960K)->16814K(16960K) Class: 1828K(1856K)->1828K(1856K)
[245.100s][info][gc             ] GC(871) Pause Young (Allocation Failure) 647M->539M(869M) 12.792ms
[245.100s][info][gc,cpu         ] GC(871) User=0.03s Sys=0.00s Real=0.01s
[245.270s][info][gc,start       ] GC(872) Pause Young (Allocation Failure)
[245.287s][info][gc,heap        ] GC(872) PSYoungGen: 114368K(222720K)->3209K(222720K) Eden: 111616K(111616K)->0K(111616K) From: 2752K(111104K)->3209K(111104K)
[245.287s][info][gc,heap        ] GC(872) ParOldGen: 549798K(667648K)->550558K(667648K)
[245.287s][info][gc,metaspace   ] GC(872) Metaspace: 18642K(18816K)->18642K(18816K) NonClass: 16814K(16960K)->16814K(16960K) Class: 1828K(1856K)->1828K(1856K)
[245.287s][info][gc             ] GC(872) Pause Young (Allocation Failure) 648M->540M(869M) 16.836ms
[245.287s][info][gc,cpu         ] GC(872) User=0.04s Sys=0.00s Real=0.02s
[245.543s][info][gc,start       ] GC(873) Pause Young (Allocation Failure)
[245.579s][info][gc,heap        ] GC(873) PSYoungGen: 114825K(222720K)->19498K(222720K) Eden: 111616K(111616K)->0K(111616K) From: 3209K(111104K)->19498K(111104K)
[245.579s][info][gc,heap        ] GC(873) ParOldGen: 550558K(667648K)->552478K(667648K)
[245.579s][info][gc,metaspace   ] GC(873) Metaspace: 18642K(18816K)->18642K(18816K) NonClass: 16814K(16960K)->16814K(16960K) Class: 1828K(1856K)->1828K(1856K)
[245.579s][info][gc             ] GC(873) Pause Young (Allocation Failure) 649M->558M(869M) 35.647ms
[245.579s][info][gc,cpu         ] GC(873) User=0.06s Sys=0.00s Real=0.03s
[245.708s][info][gc,start       ] GC(874) Pause Young (Allocation Failure)
[245.762s][info][gc,heap        ] GC(874) PSYoungGen: 131114K(222720K)->22432K(222720K) Eden: 111616K(111616K)->0K(111616K) From: 19498K(111104K)->22432K(111104K)
[245.762s][info][gc,heap        ] GC(874) ParOldGen: 552478K(667648K)->572008K(667648K)
[245.762s][info][gc,metaspace   ] GC(874) Metaspace: 18642K(18816K)->18642K(18816K) NonClass: 16814K(16960K)->16814K(16960K) Class: 1828K(1856K)->1828K(1856K)
[245.762s][info][gc             ] GC(874) Pause Young (Allocation Failure) 667M->580M(869M) 54.330ms
[245.762s][info][gc,cpu         ] GC(874) User=0.11s Sys=0.00s Real=0.06s
[245.909s][info][gc,start       ] GC(875) Pause Young (Allocation Failure)
[245.947s][info][gc,heap        ] GC(875) PSYoungGen: 134048K(222720K)->13280K(222720K) Eden: 111616K(111616K)->0K(111616K) From: 22432K(111104K)->13280K(111104K)
[245.948s][info][gc,heap        ] GC(875) ParOldGen: 572008K(667648K)->594480K(667648K)
[245.948s][info][gc,metaspace   ] GC(875) Metaspace: 18646K(18816K)->18646K(18816K) NonClass: 16818K(16960K)->16818K(16960K) Class: 1828K(1856K)->1828K(1856K)
[245.948s][info][gc             ] GC(875) Pause Young (Allocation Failure) 689M->593M(869M) 38.957ms
[245.948s][info][gc,cpu         ] GC(875) User=0.08s Sys=0.00s Real=0.04s
[246.032s][info][gc,start       ] GC(876) Pause Young (Allocation Failure)
[246.049s][info][gc,heap        ] GC(876) PSYoungGen: 124896K(222720K)->960K(222720K) Eden: 111616K(111616K)->0K(111616K) From: 13280K(111104K)->960K(111104K)
[246.049s][info][gc,heap        ] GC(876) ParOldGen: 594480K(667648K)->607656K(667648K)
[246.049s][info][gc,metaspace   ] GC(876) Metaspace: 18646K(18816K)->18646K(18816K) NonClass: 16818K(16960K)->16818K(16960K) Class: 1828K(1856K)->1828K(1856K)
[246.049s][info][gc             ] GC(876) Pause Young (Allocation Failure) 702M->594M(869M) 17.109ms
[246.049s][info][gc,cpu         ] GC(876) User=0.03s Sys=0.00s Real=0.01s
[246.185s][info][gc,start       ] GC(877) Pause Young (Allocation Failure)
[246.196s][info][gc,heap        ] GC(877) PSYoungGen: 112576K(222720K)->2304K(222720K) Eden: 111616K(111616K)->0K(111616K) From: 960K(111104K)->2304K(111104K)
[246.196s][info][gc,heap        ] GC(877) ParOldGen: 607656K(667648K)->608608K(667648K)
[246.196s][info][gc,metaspace   ] GC(877) Metaspace: 18646K(18816K)->18646K(18816K) NonClass: 16818K(16960K)->16818K(16960K) Class: 1828K(1856K)->1828K(1856K)
[246.196s][info][gc             ] GC(877) Pause Young (Allocation Failure) 703M->596M(869M) 11.111ms
[246.196s][info][gc,cpu         ] GC(877) User=0.03s Sys=0.00s Real=0.01s
[246.334s][info][gc,start       ] GC(878) Pause Young (Allocation Failure)
[246.344s][info][gc,heap        ] GC(878) PSYoungGen: 113920K(222720K)->2848K(222720K) Eden: 111616K(111616K)->0K(111616K) From: 2304K(111104K)->2848K(111104K)
[246.344s][info][gc,heap        ] GC(878) ParOldGen: 608608K(667648K)->610888K(667648K)
[246.344s][info][gc,metaspace   ] GC(878) Metaspace: 18651K(18816K)->18651K(18816K) NonClass: 16822K(16960K)->16822K(16960K) Class: 1828K(1856K)->1828K(1856K)
[246.344s][info][gc             ] GC(878) Pause Young (Allocation Failure) 705M->599M(869M) 10.746ms
[246.345s][info][gc,cpu         ] GC(878) User=0.02s Sys=0.00s Real=0.01s
[246.428s][info][gc,start       ] GC(879) Pause Young (Allocation Failure)
[246.435s][info][gc,heap        ] GC(879) PSYoungGen: 114464K(222720K)->320K(222720K) Eden: 111616K(111616K)->0K(111616K) From: 2848K(111104K)->320K(111104K)
[246.435s][info][gc,heap        ] GC(879) ParOldGen: 610888K(667648K)->613701K(667648K)
[246.435s][info][gc,metaspace   ] GC(879) Metaspace: 18651K(18816K)->18651K(18816K) NonClass: 16822K(16960K)->16822K(16960K) Class: 1828K(1856K)->1828K(1856K)
[246.435s][info][gc             ] GC(879) Pause Young (Allocation Failure) 708M->599M(869M) 6.750ms
[246.435s][info][gc,cpu         ] GC(879) User=0.01s Sys=0.00s Real=0.01s
[246.497s][info][gc,start       ] GC(880) Pause Young (Allocation Failure)
[246.499s][info][gc,heap        ] GC(880) PSYoungGen: 111936K(222720K)->64K(112128K) Eden: 111616K(111616K)->0K(111616K) From: 320K(111104K)->64K(512K)
[246.499s][info][gc,heap        ] GC(880) ParOldGen: 613701K(667648K)->613781K(667648K)
[246.499s][info][gc,metaspace   ] GC(880) Metaspace: 18651K(18816K)->18651K(18816K) NonClass: 16822K(16960K)->16822K(16960K) Class: 1828K(1856K)->1828K(1856K)
[246.499s][info][gc             ] GC(880) Pause Young (Allocation Failure) 708M->599M(761M) 2.209ms
[246.499s][info][gc,cpu         ] GC(880) User=0.00s Sys=0.00s Real=0.00s
[246.615s][info][gc,start       ] GC(881) Pause Young (Allocation Failure)
[246.623s][info][gc,heap        ] GC(881) PSYoungGen: 111680K(112128K)->5024K(216576K) Eden: 111616K(111616K)->0K(115712K) From: 64K(512K)->5024K(100864K)
[246.623s][info][gc,heap        ] GC(881) ParOldGen: 613781K(667648K)->613781K(667648K)
[246.623s][info][gc,metaspace   ] GC(881) Metaspace: 18651K(18816K)->18651K(18816K) NonClass: 16822K(16960K)->16822K(16960K) Class: 1828K(1856K)->1828K(1856K)
[246.623s][info][gc             ] GC(881) Pause Young (Allocation Failure) 708M->604M(863M) 8.281ms
[246.623s][info][gc,cpu         ] GC(881) User=0.02s Sys=0.00s Real=0.01s
[246.794s][info][gc,start       ] GC(882) Pause Young (Allocation Failure)
[246.806s][info][gc,heap        ] GC(882) PSYoungGen: 120736K(216576K)->8096K(123904K) Eden: 115712K(115712K)->0K(115712K) From: 5024K(100864K)->8096K(8192K)
[246.806s][info][gc,heap        ] GC(882) ParOldGen: 613781K(667648K)->613789K(667648K)
[246.806s][info][gc,metaspace   ] GC(882) Metaspace: 18654K(18816K)->18654K(18816K) NonClass: 16825K(16960K)->16825K(16960K) Class: 1828K(1856K)->1828K(1856K)
[246.806s][info][gc             ] GC(882) Pause Young (Allocation Failure) 717M->607M(773M) 11.901ms
[246.806s][info][gc,cpu         ] GC(882) User=0.02s Sys=0.00s Real=0.01s
[247.138s][info][gc,start       ] GC(883) Pause Young (Allocation Failure)
[247.150s][info][gc,heap        ] GC(883) PSYoungGen: 123808K(123904K)->8224K(204288K) Eden: 115712K(115712K)->0K(119296K) From: 8096K(8192K)->8224K(84992K)
[247.150s][info][gc,heap        ] GC(883) ParOldGen: 613789K(667648K)->613789K(667648K)
[247.150s][info][gc,metaspace   ] GC(883) Metaspace: 18654K(18816K)->18654K(18816K) NonClass: 16826K(16960K)->16826K(16960K) Class: 1828K(1856K)->1828K(1856K)
[247.150s][info][gc             ] GC(883) Pause Young (Allocation Failure) 720M->607M(851M) 12.503ms
[247.150s][info][gc,cpu         ] GC(883) User=0.03s Sys=0.00s Real=0.01s
[247.445s][info][gc,start       ] GC(884) Pause Young (Allocation Failure)
[247.473s][info][gc,heap        ] GC(884) PSYoungGen: 127520K(204288K)->24928K(144384K) Eden: 119296K(119296K)->0K(119296K) From: 8224K(84992K)->24928K(25088K)
[247.473s][info][gc,heap        ] GC(884) ParOldGen: 613789K(667648K)->613789K(667648K)
[247.473s][info][gc,metaspace   ] GC(884) Metaspace: 18657K(18816K)->18657K(18816K) NonClass: 16829K(16960K)->16829K(16960K) Class: 1828K(1856K)->1828K(1856K)
[247.473s][info][gc             ] GC(884) Pause Young (Allocation Failure) 723M->623M(793M) 27.810ms
[247.473s][info][gc,cpu         ] GC(884) User=0.06s Sys=0.00s Real=0.03s
[247.616s][info][gc,start       ] GC(885) Pause Young (Allocation Failure)
[247.650s][info][gc,heap        ] GC(885) PSYoungGen: 144224K(144384K)->31152K(206848K) Eden: 119296K(119296K)->0K(123904K) From: 24928K(25088K)->31152K(82944K)
[247.651s][info][gc,heap        ] GC(885) ParOldGen: 613789K(667648K)->613789K(667648K)
[247.651s][info][gc,metaspace   ] GC(885) Metaspace: 18657K(18816K)->18657K(18816K) NonClass: 16829K(16960K)->16829K(16960K) Class: 1828K(1856K)->1828K(1856K)
[247.651s][info][gc             ] GC(885) Pause Young (Allocation Failure) 740M->629M(854M) 34.215ms
[247.651s][info][gc,cpu         ] GC(885) User=0.07s Sys=0.00s Real=0.03s
[247.881s][info][gc,start       ] GC(886) Pause Young (Allocation Failure)
[247.916s][info][gc,heap        ] GC(886) PSYoungGen: 155056K(206848K)->31184K(207872K) Eden: 123904K(123904K)->0K(123904K) From: 31152K(82944K)->31184K(83968K)
[247.916s][info][gc,heap        ] GC(886) ParOldGen: 613789K(667648K)->613789K(667648K)
[247.916s][info][gc,metaspace   ] GC(886) Metaspace: 18657K(18816K)->18657K(18816K) NonClass: 16829K(16960K)->16829K(16960K) Class: 1828K(1856K)->1828K(1856K)
[247.916s][info][gc             ] GC(886) Pause Young (Allocation Failure) 750M->629M(855M) 35.175ms
[247.916s][info][gc,cpu         ] GC(886) User=0.07s Sys=0.00s Real=0.04s
[248.130s][info][gc,start       ] GC(887) Pause Young (Allocation Failure)
[248.164s][info][gc,heap        ] GC(887) PSYoungGen: 155088K(207872K)->31200K(205312K) Eden: 123904K(123904K)->0K(129024K) From: 31184K(83968K)->31200K(76288K)
[248.164s][info][gc,heap        ] GC(887) ParOldGen: 613789K(667648K)->613789K(667648K)
[248.164s][info][gc,metaspace   ] GC(887) Metaspace: 18657K(18816K)->18657K(18816K) NonClass: 16829K(16960K)->16829K(16960K) Class: 1828K(1856K)->1828K(1856K)
[248.164s][info][gc             ] GC(887) Pause Young (Allocation Failure) 750M->629M(852M) 34.254ms
[248.164s][info][gc,cpu         ] GC(887) User=0.07s Sys=0.00s Real=0.04s
[249.391s][info][gc,start       ] GC(888) Pause Young (Allocation Failure)
[249.424s][info][gc,heap        ] GC(888) PSYoungGen: 160224K(205312K)->31677K(207872K) Eden: 129024K(129024K)->0K(129024K) From: 31200K(76288K)->31677K(78848K)
[249.424s][info][gc,heap        ] GC(888) ParOldGen: 613789K(667648K)->613789K(667648K)
[249.424s][info][gc,metaspace   ] GC(888) Metaspace: 18665K(18816K)->18665K(18816K) NonClass: 16837K(16960K)->16837K(16960K) Class: 1828K(1856K)->1828K(1856K)
[249.424s][info][gc             ] GC(888) Pause Young (Allocation Failure) 755M->630M(855M) 32.985ms
[249.424s][info][gc,cpu         ] GC(888) User=0.06s Sys=0.00s Real=0.04s
[250.056s][info][gc,start       ] GC(889) Pause Young (Allocation Failure)
[250.091s][info][gc,heap        ] GC(889) PSYoungGen: 160701K(207872K)->32157K(205312K) Eden: 129024K(129024K)->0K(133120K) From: 31677K(78848K)->32157K(72192K)
[250.091s][info][gc,heap        ] GC(889) ParOldGen: 613789K(667648K)->613789K(667648K)
[250.091s][info][gc,metaspace   ] GC(889) Metaspace: 18667K(18816K)->18667K(18816K) NonClass: 16839K(16960K)->16839K(16960K) Class: 1828K(1856K)->1828K(1856K)
[250.091s][info][gc             ] GC(889) Pause Young (Allocation Failure) 756M->630M(852M) 34.679ms
[250.091s][info][gc,cpu         ] GC(889) User=0.06s Sys=0.00s Real=0.03s
[250.772s][info][gc,start       ] GC(890) Pause Young (Allocation Failure)
[250.809s][info][gc,heap        ] GC(890) PSYoungGen: 165257K(205312K)->33620K(207872K) Eden: 133100K(133120K)->0K(133120K) From: 32157K(72192K)->33620K(74752K)
[250.809s][info][gc,heap        ] GC(890) ParOldGen: 613789K(667648K)->613797K(667648K)
[250.809s][info][gc,metaspace   ] GC(890) Metaspace: 18683K(18816K)->18683K(18816K) NonClass: 16854K(16960K)->16854K(16960K) Class: 1828K(1856K)->1828K(1856K)
[250.809s][info][gc             ] GC(890) Pause Young (Allocation Failure) 760M->632M(855M) 37.224ms
[250.809s][info][gc,cpu         ] GC(890) User=0.07s Sys=0.00s Real=0.04s
[251.121s][info][gc,start       ] GC(891) Pause Young (Allocation Failure)
[251.157s][info][gc,heap        ] GC(891) PSYoungGen: 166695K(207872K)->33837K(206336K) Eden: 133074K(133120K)->0K(137216K) From: 33620K(74752K)->33837K(69120K)
[251.157s][info][gc,heap        ] GC(891) ParOldGen: 613797K(667648K)->613797K(667648K)
[251.157s][info][gc,metaspace   ] GC(891) Metaspace: 18685K(18816K)->18685K(18816K) NonClass: 16857K(16960K)->16857K(16960K) Class: 1828K(1856K)->1828K(1856K)
[251.157s][info][gc             ] GC(891) Pause Young (Allocation Failure) 762M->632M(853M) 35.362ms
[251.157s][info][gc,cpu         ] GC(891) User=0.07s Sys=0.00s Real=0.04s
[251.473s][info][gc,start       ] GC(892) Pause Young (Allocation Failure)
[251.508s][info][gc,heap        ] GC(892) PSYoungGen: 171053K(206336K)->33897K(208384K) Eden: 137216K(137216K)->0K(137216K) From: 33837K(69120K)->33897K(71168K)
[251.508s][info][gc,heap        ] GC(892) ParOldGen: 613797K(667648K)->613805K(667648K)
[251.508s][info][gc,metaspace   ] GC(892) Metaspace: 18697K(18880K)->18697K(18880K) NonClass: 16868K(17024K)->16868K(17024K) Class: 1828K(1856K)->1828K(1856K)
[251.508s][info][gc             ] GC(892) Pause Young (Allocation Failure) 766M->632M(855M) 35.203ms
[251.508s][info][gc,cpu         ] GC(892) User=0.07s Sys=0.00s Real=0.03s
[251.729s][info][gc,start       ] GC(893) Pause Young (Allocation Failure)
[251.798s][info][gc,heap        ] GC(893) PSYoungGen: 171113K(208384K)->69620K(198144K) Eden: 137216K(137216K)->0K(128512K) From: 33897K(71168K)->69620K(69632K)
[251.798s][info][gc,heap        ] GC(893) ParOldGen: 613805K(667648K)->618909K(667648K)
[251.798s][info][gc,metaspace   ] GC(893) Metaspace: 18700K(18880K)->18700K(18880K) NonClass: 16871K(17024K)->16871K(17024K) Class: 1828K(1856K)->1828K(1856K)
[251.798s][info][gc             ] GC(893) Pause Young (Allocation Failure) 766M->672M(845M) 68.719ms
[251.798s][info][gc,cpu         ] GC(893) User=0.14s Sys=0.00s Real=0.07s
[251.897s][info][gc,start       ] GC(894) Pause Young (Allocation Failure)
[251.989s][info][gc,heap        ] GC(894) PSYoungGen: 198132K(198144K)->82925K(211456K) Eden: 128512K(128512K)->0K(128512K) From: 69620K(69632K)->82925K(82944K)
[251.989s][info][gc,heap        ] GC(894) ParOldGen: 618909K(667648K)->640942K(667648K)
[251.989s][info][gc,metaspace   ] GC(894) Metaspace: 18708K(18880K)->18708K(18880K) NonClass: 16879K(17024K)->16879K(17024K) Class: 1828K(1856K)->1828K(1856K)
[251.989s][info][gc             ] GC(894) Pause Young (Allocation Failure) 797M->706M(858M) 91.767ms
[251.989s][info][gc,cpu         ] GC(894) User=0.18s Sys=0.00s Real=0.09s
[252.125s][info][gc,start       ] GC(895) Pause Full (Allocation Failure)
[252.125s][info][gc,phases,start] GC(895) Marking Phase
[252.226s][info][gc,phases      ] GC(895) Marking Phase 100.252ms
[252.226s][info][gc,phases,start] GC(895) Summary Phase
[252.226s][info][gc,phases      ] GC(895) Summary Phase 0.028ms
[252.226s][info][gc,phases,start] GC(895) Forward
[252.259s][info][gc,phases      ] GC(895) Forward 33.652ms
[252.259s][info][gc,phases,start] GC(895) Adjust Pointers
[252.322s][info][gc,phases      ] GC(895) Adjust Pointers 62.191ms
[252.322s][info][gc,phases,start] GC(895) Compaction Phase
[252.362s][info][gc,phases      ] GC(895) Compaction Phase 40.424ms
[252.363s][info][gc,phases,start] GC(895) Post Compact
[252.365s][info][gc,phases      ] GC(895) Post Compact 2.415ms
[252.386s][info][gc,heap        ] GC(895) PSYoungGen: 211437K(211456K)->0K(228864K) Eden: 128512K(128512K)->0K(123904K) From: 82925K(82944K)->0K(104960K)
[252.386s][info][gc,heap        ] GC(895) ParOldGen: 640942K(667648K)->166118K(426496K)
[252.386s][info][gc,metaspace   ] GC(895) Metaspace: 18708K(18880K)->18708K(18880K) NonClass: 16879K(17024K)->16879K(17024K) Class: 1828K(1856K)->1828K(1856K)
[252.386s][info][gc             ] GC(895) Pause Full (Allocation Failure) 832M->162M(640M) 260.682ms
[252.386s][info][gc,cpu         ] GC(895) User=0.43s Sys=0.03s Real=0.26s
[252.613s][info][gc,start       ] GC(896) Pause Young (Allocation Failure)
[252.656s][info][gc,heap        ] GC(896) PSYoungGen: 123904K(228864K)->51175K(175104K) Eden: 123904K(123904K)->0K(123904K) From: 0K(104960K)->51175K(51200K)
[252.656s][info][gc,heap        ] GC(896) ParOldGen: 166118K(426496K)->166118K(426496K)
[252.656s][info][gc,metaspace   ] GC(896) Metaspace: 18708K(18880K)->18708K(18880K) NonClass: 16879K(17024K)->16879K(17024K) Class: 1828K(1856K)->1828K(1856K)
[252.656s][info][gc             ] GC(896) Pause Young (Allocation Failure) 283M->212M(587M) 43.633ms
[252.656s][info][gc,cpu         ] GC(896) User=0.09s Sys=0.00s Real=0.04s
[252.861s][info][gc,start       ] GC(897) Pause Young (Allocation Failure)
[252.961s][info][gc,heap        ] GC(897) PSYoungGen: 175079K(175104K)->67591K(222720K) Eden: 123904K(123904K)->0K(119808K) From: 51175K(51200K)->67591K(102912K)
[252.961s][info][gc,heap        ] GC(897) ParOldGen: 166118K(426496K)->166118K(426496K)
[252.961s][info][gc,metaspace   ] GC(897) Metaspace: 18708K(18880K)->18708K(18880K) NonClass: 16879K(17024K)->16879K(17024K) Class: 1828K(1856K)->1828K(1856K)
[252.961s][info][gc             ] GC(897) Pause Young (Allocation Failure) 333M->228M(634M) 100.050ms
[252.961s][info][gc,cpu         ] GC(897) User=0.18s Sys=0.01s Real=0.10s
[253.200s][info][gc,start       ] GC(898) Pause Young (Allocation Failure)
[253.288s][info][gc,heap        ] GC(898) PSYoungGen: 187399K(222720K)->83763K(203776K) Eden: 119808K(119808K)->0K(119808K) From: 67591K(102912K)->83763K(83968K)
[253.288s][info][gc,heap        ] GC(898) ParOldGen: 166118K(426496K)->166126K(426496K)
[253.288s][info][gc,metaspace   ] GC(898) Metaspace: 18723K(18880K)->18723K(18880K) NonClass: 16894K(17024K)->16894K(17024K) Class: 1828K(1856K)->1828K(1856K)
[253.288s][info][gc             ] GC(898) Pause Young (Allocation Failure) 345M->244M(615M) 88.160ms
[253.288s][info][gc,cpu         ] GC(898) User=0.17s Sys=0.00s Real=0.09s
[253.524s][info][gc,start       ] GC(899) Pause Young (Allocation Failure)
[253.646s][info][gc,heap        ] GC(899) PSYoungGen: 203571K(203776K)->105001K(222720K) Eden: 119808K(119808K)->0K(111616K) From: 83763K(83968K)->105001K(111104K)
[253.646s][info][gc,heap        ] GC(899) ParOldGen: 166126K(426496K)->166126K(426496K)
[253.646s][info][gc,metaspace   ] GC(899) Metaspace: 18723K(18880K)->18723K(18880K) NonClass: 16894K(17024K)->16894K(17024K) Class: 1828K(1856K)->1828K(1856K)
[253.646s][info][gc             ] GC(899) Pause Young (Allocation Failure) 361M->264M(634M) 122.958ms
[253.646s][info][gc,cpu         ] GC(899) User=0.23s Sys=0.02s Real=0.12s
[253.772s][info][gc,start       ] GC(900) Pause Young (Allocation Failure)
[253.894s][info][gc,heap        ] GC(900) PSYoungGen: 216617K(222720K)->108803K(222720K) Eden: 111616K(111616K)->0K(111616K) From: 105001K(111104K)->108803K(111104K)
[253.894s][info][gc,heap        ] GC(900) ParOldGen: 166126K(426496K)->166126K(426496K)
[253.894s][info][gc,metaspace   ] GC(900) Metaspace: 18723K(18880K)->18723K(18880K) NonClass: 16894K(17024K)->16894K(17024K) Class: 1828K(1856K)->1828K(1856K)
[253.894s][info][gc             ] GC(900) Pause Young (Allocation Failure) 373M->268M(634M) 122.988ms
[253.895s][info][gc,cpu         ] GC(900) User=0.24s Sys=0.00s Real=0.13s
[253.985s][info][gc,start       ] GC(901) Pause Young (Allocation Failure)
[254.112s][info][gc,heap        ] GC(901) PSYoungGen: 220419K(222720K)->111095K(222720K) Eden: 111616K(111616K)->0K(111616K) From: 108803K(111104K)->111095K(111104K)
[254.112s][info][gc,heap        ] GC(901) ParOldGen: 166126K(426496K)->171861K(426496K)
[254.112s][info][gc,metaspace   ] GC(901) Metaspace: 18723K(18880K)->18723K(18880K) NonClass: 16894K(17024K)->16894K(17024K) Class: 1828K(1856K)->1828K(1856K)
[254.112s][info][gc             ] GC(901) Pause Young (Allocation Failure) 377M->276M(634M) 126.972ms
[254.112s][info][gc,cpu         ] GC(901) User=0.25s Sys=0.01s Real=0.13s
[254.216s][info][gc,start       ] GC(902) Pause Young (Allocation Failure)
[254.327s][info][gc,heap        ] GC(902) PSYoungGen: 222711K(222720K)->111095K(222720K) Eden: 111616K(111616K)->0K(111616K) From: 111095K(111104K)->111095K(111104K)
[254.327s][info][gc,heap        ] GC(902) ParOldGen: 171861K(426496K)->171973K(426496K)
[254.327s][info][gc,metaspace   ] GC(902) Metaspace: 18723K(18880K)->18723K(18880K) NonClass: 16894K(17024K)->16894K(17024K) Class: 1828K(1856K)->1828K(1856K)
[254.327s][info][gc             ] GC(902) Pause Young (Allocation Failure) 385M->276M(634M) 110.550ms
[254.327s][info][gc,cpu         ] GC(902) User=0.22s Sys=0.00s Real=0.11s
[254.407s][info][gc,start       ] GC(903) Pause Young (Allocation Failure)
[254.545s][info][gc,heap        ] GC(903) PSYoungGen: 222711K(222720K)->111095K(222720K) Eden: 111616K(111616K)->0K(111616K) From: 111095K(111104K)->111095K(111104K)
[254.545s][info][gc,heap        ] GC(903) ParOldGen: 171973K(426496K)->189773K(426496K)
[254.545s][info][gc,metaspace   ] GC(903) Metaspace: 18723K(18880K)->18723K(18880K) NonClass: 16894K(17024K)->16894K(17024K) Class: 1828K(1856K)->1828K(1856K)
[254.545s][info][gc             ] GC(903) Pause Young (Allocation Failure) 385M->293M(634M) 137.568ms
[254.545s][info][gc,cpu         ] GC(903) User=0.27s Sys=0.00s Real=0.14s
[254.626s][info][gc,start       ] GC(904) Pause Young (Allocation Failure)
[254.764s][info][gc,heap        ] GC(904) PSYoungGen: 222711K(222720K)->84143K(222720K) Eden: 111616K(111616K)->0K(111616K) From: 111095K(111104K)->84143K(111104K)
[254.764s][info][gc,heap        ] GC(904) ParOldGen: 189773K(426496K)->240561K(426496K)
[254.764s][info][gc,metaspace   ] GC(904) Metaspace: 18723K(18880K)->18723K(18880K) NonClass: 16894K(17024K)->16894K(17024K) Class: 1828K(1856K)->1828K(1856K)
[254.765s][info][gc             ] GC(904) Pause Young (Allocation Failure) 402M->317M(634M) 138.402ms
[254.765s][info][gc,cpu         ] GC(904) User=0.27s Sys=0.00s Real=0.14s
[254.823s][info][gc,start       ] GC(905) Pause Young (Allocation Failure)
[254.936s][info][gc,heap        ] GC(905) PSYoungGen: 195759K(222720K)->84896K(222720K) Eden: 111616K(111616K)->0K(111616K) From: 84143K(111104K)->84896K(111104K)
[254.936s][info][gc,heap        ] GC(905) ParOldGen: 240561K(426496K)->262062K(426496K)
[254.936s][info][gc,metaspace   ] GC(905) Metaspace: 18723K(18880K)->18723K(18880K) NonClass: 16894K(17024K)->16894K(17024K) Class: 1828K(1856K)->1828K(1856K)
[254.937s][info][gc             ] GC(905) Pause Young (Allocation Failure) 426M->338M(634M) 113.792ms
[254.937s][info][gc,cpu         ] GC(905) User=0.22s Sys=0.00s Real=0.11s
[255.056s][info][gc,start       ] GC(906) Pause Young (Allocation Failure)
[255.153s][info][gc,heap        ] GC(906) PSYoungGen: 196512K(222720K)->75187K(222720K) Eden: 111616K(111616K)->0K(111616K) From: 84896K(111104K)->75187K(111104K)
[255.154s][info][gc,heap        ] GC(906) ParOldGen: 262062K(426496K)->284854K(426496K)
[255.154s][info][gc,metaspace   ] GC(906) Metaspace: 18723K(18880K)->18723K(18880K) NonClass: 16894K(17024K)->16894K(17024K) Class: 1828K(1856K)->1828K(1856K)
[255.154s][info][gc             ] GC(906) Pause Young (Allocation Failure) 447M->351M(634M) 97.142ms
[255.154s][info][gc,cpu         ] GC(906) User=0.19s Sys=0.00s Real=0.10s
[255.242s][info][gc,start       ] GC(907) Pause Young (Allocation Failure)
[255.317s][info][gc,heap        ] GC(907) PSYoungGen: 186803K(222720K)->71059K(222720K) Eden: 111616K(111616K)->0K(111616K) From: 75187K(111104K)->71059K(111104K)
[255.317s][info][gc,heap        ] GC(907) ParOldGen: 284854K(426496K)->293022K(426496K)
[255.317s][info][gc,metaspace   ] GC(907) Metaspace: 18723K(18880K)->18723K(18880K) NonClass: 16894K(17024K)->16894K(17024K) Class: 1828K(1856K)->1828K(1856K)
[255.317s][info][gc             ] GC(907) Pause Young (Allocation Failure) 460M->355M(634M) 75.178ms
[255.317s][info][gc,cpu         ] GC(907) User=0.15s Sys=0.00s Real=0.07s
[255.382s][info][gc,start       ] GC(908) Pause Young (Allocation Failure)
[255.450s][info][gc,heap        ] GC(908) PSYoungGen: 182675K(222720K)->42115K(222720K) Eden: 111616K(111616K)->0K(111616K) From: 71059K(111104K)->42115K(111104K)
[255.450s][info][gc,heap        ] GC(908) ParOldGen: 293022K(426496K)->325011K(426496K)
[255.450s][info][gc,metaspace   ] GC(908) Metaspace: 18723K(18880K)->18723K(18880K) NonClass: 16894K(17024K)->16894K(17024K) Class: 1828K(1856K)->1828K(1856K)
[255.450s][info][gc             ] GC(908) Pause Young (Allocation Failure) 464M->358M(634M) 68.102ms
[255.450s][info][gc,cpu         ] GC(908) User=0.13s Sys=0.00s Real=0.06s
[255.513s][info][gc,start       ] GC(909) Pause Young (Allocation Failure)
[255.561s][info][gc,heap        ] GC(909) PSYoungGen: 153731K(222720K)->9952K(222720K) Eden: 111616K(111616K)->0K(111616K) From: 42115K(111104K)->9952K(111104K)
[255.561s][info][gc,heap        ] GC(909) ParOldGen: 325011K(426496K)->360565K(426496K)
[255.561s][info][gc,metaspace   ] GC(909) Metaspace: 18723K(18880K)->18723K(18880K) NonClass: 16894K(17024K)->16894K(17024K) Class: 1828K(1856K)->1828K(1856K)
[255.561s][info][gc             ] GC(909) Pause Young (Allocation Failure) 467M->361M(634M) 47.589ms
[255.561s][info][gc,cpu         ] GC(909) User=0.09s Sys=0.00s Real=0.04s
[255.744s][info][gc,start       ] GC(910) Pause Young (Allocation Failure)
[255.759s][info][gc,heap        ] GC(910) PSYoungGen: 121568K(222720K)->4672K(222720K) Eden: 111616K(111616K)->0K(111616K) From: 9952K(111104K)->4672K(111104K)
[255.759s][info][gc,heap        ] GC(910) ParOldGen: 360565K(426496K)->367453K(426496K)
[255.759s][info][gc,metaspace   ] GC(910) Metaspace: 18723K(18880K)->18723K(18880K) NonClass: 16894K(17024K)->16894K(17024K) Class: 1828K(1856K)->1828K(1856K)
[255.759s][info][gc             ] GC(910) Pause Young (Allocation Failure) 470M->363M(634M) 14.188ms
[255.759s][info][gc,cpu         ] GC(910) User=0.03s Sys=0.00s Real=0.01s
[256.122s][info][gc,start       ] GC(911) Pause Young (Allocation Failure)
[256.130s][info][gc,heap        ] GC(911) PSYoungGen: 116288K(222720K)->352K(222720K) Eden: 111616K(111616K)->0K(111616K) From: 4672K(111104K)->352K(111104K)
[256.130s][info][gc,heap        ] GC(911) ParOldGen: 367453K(426496K)->372125K(426496K)
[256.130s][info][gc,metaspace   ] GC(911) Metaspace: 18724K(18880K)->18724K(18880K) NonClass: 16895K(17024K)->16895K(17024K) Class: 1828K(1856K)->1828K(1856K)
[256.130s][info][gc             ] GC(911) Pause Young (Allocation Failure) 472M->363M(634M) 7.964ms
[256.130s][info][gc,cpu         ] GC(911) User=0.01s Sys=0.00s Real=0.00s
[256.319s][info][gc,start       ] GC(912) Pause Young (Allocation Failure)
[256.354s][info][gc,heap        ] GC(912) PSYoungGen: 111968K(222720K)->31648K(222720K) Eden: 111616K(111616K)->0K(111616K) From: 352K(111104K)->31648K(111104K)
[256.354s][info][gc,heap        ] GC(912) ParOldGen: 372125K(426496K)->372458K(426496K)
[256.354s][info][gc,metaspace   ] GC(912) Metaspace: 18724K(18880K)->18724K(18880K) NonClass: 16895K(17024K)->16895K(17024K) Class: 1828K(1856K)->1828K(1856K)
[256.354s][info][gc             ] GC(912) Pause Young (Allocation Failure) 472M->394M(634M) 35.243ms
[256.354s][info][gc,cpu         ] GC(912) User=0.06s Sys=0.00s Real=0.04s
[256.473s][info][gc,start       ] GC(913) Pause Young (Allocation Failure)
[256.536s][info][gc,heap        ] GC(913) PSYoungGen: 143264K(222720K)->38256K(222720K) Eden: 111616K(111616K)->0K(111616K) From: 31648K(111104K)->38256K(111104K)
[256.536s][info][gc,heap        ] GC(913) ParOldGen: 372458K(426496K)->404191K(426496K)
[256.536s][info][gc,metaspace   ] GC(913) Metaspace: 18726K(18880K)->18726K(18880K) NonClass: 16897K(17024K)->16897K(17024K) Class: 1828K(1856K)->1828K(1856K)
[256.536s][info][gc             ] GC(913) Pause Young (Allocation Failure) 503M->432M(634M) 63.357ms
[256.536s][info][gc,cpu         ] GC(913) User=0.13s Sys=0.00s Real=0.06s
[256.714s][info][gc,start       ] GC(914) Pause Young (Allocation Failure)
[256.772s][info][gc,heap        ] GC(914) PSYoungGen: 149872K(222720K)->14400K(222720K) Eden: 111616K(111616K)->0K(111616K) From: 38256K(111104K)->14400K(111104K)
[256.772s][info][gc,heap        ] GC(914) ParOldGen: 404191K(426496K)->442724K(442880K)
[256.772s][info][gc,metaspace   ] GC(914) Metaspace: 18726K(18880K)->18726K(18880K) NonClass: 16897K(17024K)->16897K(17024K) Class: 1828K(1856K)->1828K(1856K)
[256.772s][info][gc             ] GC(914) Pause Young (Allocation Failure) 541M->446M(650M) 57.985ms
[256.772s][info][gc,cpu         ] GC(914) User=0.09s Sys=0.01s Real=0.06s
[256.860s][info][gc,start       ] GC(915) Pause Young (Allocation Failure)
[256.895s][info][gc,heap        ] GC(915) PSYoungGen: 126016K(222720K)->3424K(222720K) Eden: 111616K(111616K)->0K(111616K) From: 14400K(111104K)->3424K(111104K)
[256.895s][info][gc,heap        ] GC(915) ParOldGen: 442724K(442880K)->456972K(457216K)
[256.895s][info][gc,metaspace   ] GC(915) Metaspace: 18726K(18880K)->18726K(18880K) NonClass: 16897K(17024K)->16897K(17024K) Class: 1828K(1856K)->1828K(1856K)
[256.895s][info][gc             ] GC(915) Pause Young (Allocation Failure) 555M->449M(664M) 35.604ms
[256.896s][info][gc,cpu         ] GC(915) User=0.06s Sys=0.01s Real=0.04s
[257.010s][info][gc,start       ] GC(916) Pause Young (Allocation Failure)
[257.019s][info][gc,heap        ] GC(916) PSYoungGen: 115040K(222720K)->832K(222720K) Eden: 111616K(111616K)->0K(111616K) From: 3424K(111104K)->832K(111104K)
[257.019s][info][gc,heap        ] GC(916) ParOldGen: 456972K(457216K)->460364K(460800K)
[257.019s][info][gc,metaspace   ] GC(916) Metaspace: 18726K(18880K)->18726K(18880K) NonClass: 16897K(17024K)->16897K(17024K) Class: 1828K(1856K)->1828K(1856K)
[257.019s][info][gc             ] GC(916) Pause Young (Allocation Failure) 558M->450M(667M) 9.177ms
[257.019s][info][gc,cpu         ] GC(916) User=0.02s Sys=0.00s Real=0.01s
[257.191s][info][gc,start       ] GC(917) Pause Young (Allocation Failure)
[257.196s][info][gc,heap        ] GC(917) PSYoungGen: 112448K(222720K)->1408K(222720K) Eden: 111616K(111616K)->0K(111616K) From: 832K(111104K)->1408K(111104K)
[257.196s][info][gc,heap        ] GC(917) ParOldGen: 460364K(460800K)->461164K(461312K)
[257.196s][info][gc,metaspace   ] GC(917) Metaspace: 18726K(18880K)->18726K(18880K) NonClass: 16897K(17024K)->16897K(17024K) Class: 1828K(1856K)->1828K(1856K)
[257.196s][info][gc             ] GC(917) Pause Young (Allocation Failure) 559M->451M(668M) 5.615ms
[257.196s][info][gc,cpu         ] GC(917) User=0.01s Sys=0.00s Real=0.01s
[257.440s][info][gc,start       ] GC(918) Pause Young (Allocation Failure)
[257.445s][info][gc,heap        ] GC(918) PSYoungGen: 113024K(222720K)->160K(222720K) Eden: 111616K(111616K)->0K(111616K) From: 1408K(111104K)->160K(111104K)
[257.445s][info][gc,heap        ] GC(918) ParOldGen: 461164K(461312K)->462564K(462848K)
[257.445s][info][gc,metaspace   ] GC(918) Metaspace: 18726K(18880K)->18726K(18880K) NonClass: 16897K(17024K)->16897K(17024K) Class: 1828K(1856K)->1828K(1856K)
[257.445s][info][gc             ] GC(918) Pause Young (Allocation Failure) 560M->451M(669M) 4.888ms
[257.445s][info][gc,cpu         ] GC(918) User=0.01s Sys=0.00s Real=0.01s
[257.669s][info][gc,start       ] GC(919) Pause Young (Allocation Failure)
[257.701s][info][gc,heap        ] GC(919) PSYoungGen: 111776K(222720K)->33984K(222720K) Eden: 111616K(111616K)->0K(111616K) From: 160K(111104K)->33984K(111104K)
[257.701s][info][gc,heap        ] GC(919) ParOldGen: 462564K(462848K)->462708K(462848K)
[257.701s][info][gc,metaspace   ] GC(919) Metaspace: 18726K(18880K)->18726K(18880K) NonClass: 16897K(17024K)->16897K(17024K) Class: 1828K(1856K)->1828K(1856K)
[257.701s][info][gc             ] GC(919) Pause Young (Allocation Failure) 560M->485M(669M) 32.026ms
[257.701s][info][gc,cpu         ] GC(919) User=0.06s Sys=0.00s Real=0.03s
[257.785s][info][gc,start       ] GC(920) Pause Young (Allocation Failure)
[257.896s][info][gc,heap        ] GC(920) PSYoungGen: 145600K(222720K)->56947K(222720K) Eden: 111616K(111616K)->0K(111616K) From: 33984K(111104K)->56947K(111104K)
[257.896s][info][gc,heap        ] GC(920) ParOldGen: 462708K(462848K)->496772K(497152K)
[257.896s][info][gc,metaspace   ] GC(920) Metaspace: 18726K(18880K)->18726K(18880K) NonClass: 16897K(17024K)->16897K(17024K) Class: 1828K(1856K)->1828K(1856K)
[257.896s][info][gc             ] GC(920) Pause Young (Allocation Failure) 594M->540M(703M) 110.420ms
[257.896s][info][gc,cpu         ] GC(920) User=0.19s Sys=0.03s Real=0.11s
[257.996s][info][gc,start       ] GC(921) Pause Young (Allocation Failure)
[258.165s][info][gc,heap        ] GC(921) PSYoungGen: 168563K(222720K)->81620K(222720K) Eden: 111616K(111616K)->0K(111616K) From: 56947K(111104K)->81620K(111104K)
[258.165s][info][gc,heap        ] GC(921) ParOldGen: 496772K(497152K)->553974K(553984K)
[258.165s][info][gc,metaspace   ] GC(921) Metaspace: 18726K(18880K)->18726K(18880K) NonClass: 16897K(17024K)->16897K(17024K) Class: 1828K(1856K)->1828K(1856K)
[258.165s][info][gc             ] GC(921) Pause Young (Allocation Failure) 649M->620M(758M) 169.620ms
[258.165s][info][gc,cpu         ] GC(921) User=0.30s Sys=0.03s Real=0.17s
[258.266s][info][gc,start       ] GC(922) Pause Young (Allocation Failure)
[258.409s][info][gc,heap        ] GC(922) PSYoungGen: 193236K(222720K)->6496K(222720K) Eden: 111616K(111616K)->0K(111616K) From: 81620K(111104K)->6496K(111104K)
[258.409s][info][gc,heap        ] GC(922) ParOldGen: 553974K(553984K)->635860K(635904K)
[258.409s][info][gc,metaspace   ] GC(922) Metaspace: 18726K(18880K)->18726K(18880K) NonClass: 16897K(17024K)->16897K(17024K) Class: 1828K(1856K)->1828K(1856K)
[258.409s][info][gc             ] GC(922) Pause Young (Allocation Failure) 729M->627M(838M) 142.940ms
[258.409s][info][gc,cpu         ] GC(922) User=0.22s Sys=0.06s Real=0.14s
[258.498s][info][gc,start       ] GC(923) Pause Full (Allocation Failure)
[258.498s][info][gc,phases,start] GC(923) Marking Phase
[258.783s][info][gc,phases      ] GC(923) Marking Phase 285.495ms
[258.783s][info][gc,phases,start] GC(923) Summary Phase
[258.783s][info][gc,phases      ] GC(923) Summary Phase 0.030ms
[258.783s][info][gc,phases,start] GC(923) Forward
[258.846s][info][gc,phases      ] GC(923) Forward 62.550ms
[258.846s][info][gc,phases,start] GC(923) Adjust Pointers
[259.053s][info][gc,phases      ] GC(923) Adjust Pointers 207.485ms
[259.053s][info][gc,phases,start] GC(923) Compaction Phase
[259.172s][info][gc,phases      ] GC(923) Compaction Phase 118.692ms
[259.180s][info][gc,phases,start] GC(923) Post Compact
[259.182s][info][gc,phases      ] GC(923) Post Compact 2.225ms
[259.182s][info][gc,heap        ] GC(923) PSYoungGen: 118112K(222720K)->0K(222720K) Eden: 111616K(111616K)->0K(111616K) From: 6496K(111104K)->0K(111104K)
[259.182s][info][gc,heap        ] GC(923) ParOldGen: 635860K(635904K)->361582K(667648K)
[259.182s][info][gc,metaspace   ] GC(923) Metaspace: 18726K(18880K)->18726K(18880K) NonClass: 16897K(17024K)->16897K(17024K) Class: 1828K(1856K)->1828K(1856K)
[259.182s][info][gc             ] GC(923) Pause Full (Allocation Failure) 736M->353M(869M) 684.642ms
[259.182s][info][gc,cpu         ] GC(923) User=1.32s Sys=0.00s Real=0.69s
[259.299s][info][gc,start       ] GC(924) Pause Young (Allocation Failure)
[259.304s][info][gc,heap        ] GC(924) PSYoungGen: 111616K(222720K)->4372K(222720K) Eden: 111616K(111616K)->0K(111616K) From: 0K(111104K)->4372K(111104K)
[259.304s][info][gc,heap        ] GC(924) ParOldGen: 361582K(667648K)->361582K(667648K)
[259.304s][info][gc,metaspace   ] GC(924) Metaspace: 18728K(18880K)->18728K(18880K) NonClass: 16899K(17024K)->16899K(17024K) Class: 1828K(1856K)->1828K(1856K)
[259.304s][info][gc             ] GC(924) Pause Young (Allocation Failure) 462M->357M(869M) 5.577ms
[259.304s][info][gc,cpu         ] GC(924) User=0.01s Sys=0.00s Real=0.01s
[259.460s][info][gc,start       ] GC(925) Pause Young (Allocation Failure)
[259.477s][info][gc,heap        ] GC(925) PSYoungGen: 115988K(222720K)->13584K(222720K) Eden: 111616K(111616K)->0K(111616K) From: 4372K(111104K)->13584K(111104K)
[259.477s][info][gc,heap        ] GC(925) ParOldGen: 361582K(667648K)->364509K(667648K)
[259.477s][info][gc,metaspace   ] GC(925) Metaspace: 18730K(18880K)->18730K(18880K) NonClass: 16901K(17024K)->16901K(17024K) Class: 1828K(1856K)->1828K(1856K)
[259.477s][info][gc             ] GC(925) Pause Young (Allocation Failure) 466M->369M(869M) 16.748ms
[259.477s][info][gc,cpu         ] GC(925) User=0.03s Sys=0.00s Real=0.02s
[259.583s][info][gc,start       ] GC(926) Pause Young (Allocation Failure)
[259.607s][info][gc,heap        ] GC(926) PSYoungGen: 125200K(222720K)->13136K(124928K) Eden: 111616K(111616K)->0K(111616K) From: 13584K(111104K)->13136K(13312K)
[259.607s][info][gc,heap        ] GC(926) ParOldGen: 364509K(667648K)->378125K(667648K)
[259.607s][info][gc,metaspace   ] GC(926) Metaspace: 18730K(18880K)->18730K(18880K) NonClass: 16901K(17024K)->16901K(17024K) Class: 1828K(1856K)->1828K(1856K)
[259.607s][info][gc             ] GC(926) Pause Young (Allocation Failure) 478M->382M(774M) 23.657ms
[259.607s][info][gc,cpu         ] GC(926) User=0.05s Sys=0.00s Real=0.02s
[259.666s][info][gc,start       ] GC(927) Pause Young (Allocation Failure)
[259.704s][info][gc,heap        ] GC(927) PSYoungGen: 124752K(124928K)->53600K(220672K) Eden: 111616K(111616K)->0K(110592K) From: 13136K(13312K)->53600K(110080K)
[259.704s][info][gc,heap        ] GC(927) ParOldGen: 378125K(667648K)->378125K(667648K)
[259.704s][info][gc,metaspace   ] GC(927) Metaspace: 18730K(18880K)->18730K(18880K) NonClass: 16901K(17024K)->16901K(17024K) Class: 1828K(1856K)->1828K(1856K)
[259.704s][info][gc             ] GC(927) Pause Young (Allocation Failure) 491M->421M(867M) 38.825ms
[259.704s][info][gc,cpu         ] GC(927) User=0.08s Sys=0.00s Real=0.04s
[259.848s][info][gc,start       ] GC(928) Pause Young (Allocation Failure)
[259.920s][info][gc,heap        ] GC(928) PSYoungGen: 164192K(220672K)->86080K(221696K) Eden: 110592K(110592K)->0K(110592K) From: 53600K(110080K)->86080K(111104K)
[259.920s][info][gc,heap        ] GC(928) ParOldGen: 378125K(667648K)->391358K(667648K)
[259.920s][info][gc,metaspace   ] GC(928) Metaspace: 18730K(18880K)->18730K(18880K) NonClass: 16901K(17024K)->16901K(17024K) Class: 1828K(1856K)->1828K(1856K)
[259.920s][info][gc             ] GC(928) Pause Young (Allocation Failure) 529M->466M(868M) 72.055ms
[259.920s][info][gc,cpu         ] GC(928) User=0.14s Sys=0.00s Real=0.07s
[259.994s][info][gc,start       ] GC(929) Pause Young (Allocation Failure)
[260.090s][info][gc,heap        ] GC(929) PSYoungGen: 196672K(221696K)->31952K(222720K) Eden: 110592K(110592K)->0K(111616K) From: 86080K(111104K)->31952K(111104K)
[260.090s][info][gc,heap        ] GC(929) ParOldGen: 391358K(667648K)->478214K(667648K)
[260.090s][info][gc,metaspace   ] GC(929) Metaspace: 18730K(18880K)->18730K(18880K) NonClass: 16901K(17024K)->16901K(17024K) Class: 1828K(1856K)->1828K(1856K)
[260.090s][info][gc             ] GC(929) Pause Young (Allocation Failure) 574M->498M(869M) 95.704ms
[260.090s][info][gc,cpu         ] GC(929) User=0.19s Sys=0.00s Real=0.09s
[260.132s][info][gc,start       ] GC(930) Pause Young (Allocation Failure)
[260.188s][info][gc,heap        ] GC(930) PSYoungGen: 143568K(222720K)->29120K(140800K) Eden: 111616K(111616K)->0K(111616K) From: 31952K(111104K)->29120K(29184K)
[260.188s][info][gc,heap        ] GC(930) ParOldGen: 478214K(667648K)->510230K(667648K)
[260.188s][info][gc,metaspace   ] GC(930) Metaspace: 18730K(18880K)->18730K(18880K) NonClass: 16901K(17024K)->16901K(17024K) Class: 1828K(1856K)->1828K(1856K)
[260.188s][info][gc             ] GC(930) Pause Young (Allocation Failure) 607M->526M(789M) 56.311ms
[260.188s][info][gc,cpu         ] GC(930) User=0.12s Sys=0.00s Real=0.05s
[260.253s][info][gc,start       ] GC(931) Pause Young (Allocation Failure)
[260.312s][info][gc,heap        ] GC(931) PSYoungGen: 140736K(140800K)->40384K(226304K) Eden: 111616K(111616K)->0K(117248K) From: 29120K(29184K)->40384K(109056K)
[260.312s][info][gc,heap        ] GC(931) ParOldGen: 510230K(667648K)->539742K(667648K)
[260.312s][info][gc,metaspace   ] GC(931) Metaspace: 18730K(18880K)->18730K(18880K) NonClass: 16901K(17024K)->16901K(17024K) Class: 1828K(1856K)->1828K(1856K)
[260.312s][info][gc             ] GC(931) Pause Young (Allocation Failure) 635M->566M(873M) 59.133ms
[260.312s][info][gc,cpu         ] GC(931) User=0.12s Sys=0.00s Real=0.06s
[260.472s][info][gc,start       ] GC(932) Pause Young (Allocation Failure)
[260.534s][info][gc,heap        ] GC(932) PSYoungGen: 157632K(226304K)->21505K(220672K) Eden: 117248K(117248K)->0K(117248K) From: 40384K(109056K)->21505K(103424K)
[260.534s][info][gc,heap        ] GC(932) ParOldGen: 539742K(667648K)->580590K(667648K)
[260.534s][info][gc,metaspace   ] GC(932) Metaspace: 18730K(18880K)->18730K(18880K) NonClass: 16901K(17024K)->16901K(17024K) Class: 1828K(1856K)->1828K(1856K)
[260.534s][info][gc             ] GC(932) Pause Young (Allocation Failure) 681M->587M(867M) 61.985ms
[260.534s][info][gc,cpu         ] GC(932) User=0.12s Sys=0.00s Real=0.06s
[260.612s][info][gc,start       ] GC(933) Pause Young (Allocation Failure)
[260.664s][info][gc,heap        ] GC(933) PSYoungGen: 138753K(220672K)->15232K(223744K) Eden: 117248K(117248K)->0K(124416K) From: 21505K(103424K)->15232K(99328K)
[260.664s][info][gc,heap        ] GC(933) ParOldGen: 580590K(667648K)->602115K(667648K)
[260.664s][info][gc,metaspace   ] GC(933) Metaspace: 18730K(18880K)->18730K(18880K) NonClass: 16901K(17024K)->16901K(17024K) Class: 1828K(1856K)->1828K(1856K)
[260.664s][info][gc             ] GC(933) Pause Young (Allocation Failure) 702M->602M(870M) 52.403ms
[260.664s][info][gc,cpu         ] GC(933) User=0.10s Sys=0.00s Real=0.06s
[260.792s][info][gc,start       ] GC(934) Pause Full (Allocation Failure)
[260.792s][info][gc,phases,start] GC(934) Marking Phase
[260.972s][info][gc,phases      ] GC(934) Marking Phase 179.743ms
[260.972s][info][gc,phases,start] GC(934) Summary Phase
[260.972s][info][gc,phases      ] GC(934) Summary Phase 0.028ms
[260.972s][info][gc,phases,start] GC(934) Forward
[261.042s][info][gc,phases      ] GC(934) Forward 69.785ms
[261.042s][info][gc,phases,start] GC(934) Adjust Pointers
[261.185s][info][gc,phases      ] GC(934) Adjust Pointers 142.964ms
[261.185s][info][gc,phases,start] GC(934) Compaction Phase
[261.267s][info][gc,phases      ] GC(934) Compaction Phase 81.960ms
[261.278s][info][gc,phases,start] GC(934) Post Compact
[261.281s][info][gc,phases      ] GC(934) Post Compact 2.253ms
[261.284s][info][gc,heap        ] GC(934) PSYoungGen: 139648K(223744K)->0K(220672K) Eden: 124416K(124416K)->0K(124416K) From: 15232K(99328K)->0K(96256K)
[261.284s][info][gc,heap        ] GC(934) ParOldGen: 602115K(667648K)->273816K(587776K)
[261.284s][info][gc,metaspace   ] GC(934) Metaspace: 18730K(18880K)->18730K(18880K) NonClass: 16901K(17024K)->16901K(17024K) Class: 1828K(1856K)->1828K(1856K)
[261.284s][info][gc             ] GC(934) Pause Full (Allocation Failure) 724M->267M(789M) 491.862ms
[261.284s][info][gc,cpu         ] GC(934) User=0.88s Sys=0.01s Real=0.49s
[261.368s][info][gc,start       ] GC(935) Pause Young (Allocation Failure)
[261.386s][info][gc,heap        ] GC(935) PSYoungGen: 124416K(220672K)->14496K(226304K) Eden: 124416K(124416K)->0K(137728K) From: 0K(96256K)->14496K(88576K)
[261.386s][info][gc,heap        ] GC(935) ParOldGen: 273816K(587776K)->273816K(587776K)
[261.386s][info][gc,metaspace   ] GC(935) Metaspace: 18730K(18880K)->18730K(18880K) NonClass: 16901K(17024K)->16901K(17024K) Class: 1828K(1856K)->1828K(1856K)
[261.386s][info][gc             ] GC(935) Pause Young (Allocation Failure) 388M->281M(795M) 18.509ms
[261.386s][info][gc,cpu         ] GC(935) User=0.04s Sys=0.00s Real=0.02s
[261.478s][info][gc,start       ] GC(936) Pause Young (Allocation Failure)
[261.511s][info][gc,heap        ] GC(936) PSYoungGen: 152224K(226304K)->12512K(230400K) Eden: 137728K(137728K)->0K(137728K) From: 14496K(88576K)->12512K(92672K)
[261.511s][info][gc,heap        ] GC(936) ParOldGen: 273816K(587776K)->288384K(587776K)
[261.511s][info][gc,metaspace   ] GC(936) Metaspace: 18730K(18880K)->18730K(18880K) NonClass: 16901K(17024K)->16901K(17024K) Class: 1828K(1856K)->1828K(1856K)
[261.511s][info][gc             ] GC(936) Pause Young (Allocation Failure) 416M->293M(799M) 33.306ms
[261.511s][info][gc,cpu         ] GC(936) User=0.07s Sys=0.00s Real=0.03s
[261.613s][info][gc,start       ] GC(937) Pause Young (Allocation Failure)
[261.644s][info][gc,heap        ] GC(937) PSYoungGen: 150240K(230400K)->12064K(234496K) Eden: 137728K(137728K)->0K(151552K) From: 12512K(92672K)->12064K(82944K)
[261.644s][info][gc,heap        ] GC(937) ParOldGen: 288384K(587776K)->300920K(587776K)
[261.644s][info][gc,metaspace   ] GC(937) Metaspace: 18730K(18880K)->18730K(18880K) NonClass: 16901K(17024K)->16901K(17024K) Class: 1828K(1856K)->1828K(1856K)
[261.644s][info][gc             ] GC(937) Pause Young (Allocation Failure) 428M->305M(803M) 31.340ms
[261.644s][info][gc,cpu         ] GC(937) User=0.06s Sys=0.00s Real=0.03s
[261.729s][info][gc,start       ] GC(938) Pause Young (Allocation Failure)
[261.749s][info][gc,heap        ] GC(938) PSYoungGen: 163616K(234496K)->4288K(238080K) Eden: 151552K(151552K)->0K(151552K) From: 12064K(82944K)->4288K(86528K)
[261.749s][info][gc,heap        ] GC(938) ParOldGen: 300920K(587776K)->313000K(587776K)
[261.749s][info][gc,metaspace   ] GC(938) Metaspace: 18730K(18880K)->18730K(18880K) NonClass: 16901K(17024K)->16901K(17024K) Class: 1828K(1856K)->1828K(1856K)
[261.749s][info][gc             ] GC(938) Pause Young (Allocation Failure) 453M->309M(806M) 20.082ms
[261.749s][info][gc,cpu         ] GC(938) User=0.04s Sys=0.00s Real=0.02s
[261.871s][info][gc,start       ] GC(939) Pause Young (Allocation Failure)
[261.882s][info][gc,heap        ] GC(939) PSYoungGen: 155840K(238080K)->1024K(242688K) Eden: 151552K(151552K)->0K(162816K) From: 4288K(86528K)->1024K(79872K)
[261.882s][info][gc,heap        ] GC(939) ParOldGen: 313000K(587776K)->317272K(587776K)
[261.882s][info][gc,metaspace   ] GC(939) Metaspace: 18737K(18880K)->18737K(18880K) NonClass: 16908K(17024K)->16908K(17024K) Class: 1828K(1856K)->1828K(1856K)
[261.882s][info][gc             ] GC(939) Pause Young (Allocation Failure) 457M->310M(811M) 11.092ms
[261.882s][info][gc,cpu         ] GC(939) User=0.02s Sys=0.00s Real=0.02s
[262.005s][info][gc,start       ] GC(940) Pause Young (Allocation Failure)
[262.030s][info][gc,heap        ] GC(940) PSYoungGen: 163840K(242688K)->20160K(245760K) Eden: 162816K(162816K)->0K(162816K) From: 1024K(79872K)->20160K(82944K)
[262.030s][info][gc,heap        ] GC(940) ParOldGen: 317272K(587776K)->317272K(587776K)
[262.030s][info][gc,metaspace   ] GC(940) Metaspace: 18737K(18880K)->18737K(18880K) NonClass: 16908K(17024K)->16908K(17024K) Class: 1828K(1856K)->1828K(1856K)
[262.030s][info][gc             ] GC(940) Pause Young (Allocation Failure) 469M->329M(814M) 24.983ms
[262.030s][info][gc,cpu         ] GC(940) User=0.05s Sys=0.00s Real=0.02s
[262.234s][info][gc,start       ] GC(941) Pause Young (Allocation Failure)
[262.280s][info][gc,heap        ] GC(941) PSYoungGen: 182976K(245760K)->41184K(246784K) Eden: 162816K(162816K)->0K(169472K) From: 20160K(82944K)->41184K(77312K)
[262.280s][info][gc,heap        ] GC(941) ParOldGen: 317272K(587776K)->317272K(587776K)
[262.280s][info][gc,metaspace   ] GC(941) Metaspace: 18737K(18880K)->18737K(18880K) NonClass: 16908K(17024K)->16908K(17024K) Class: 1828K(1856K)->1828K(1856K)
[262.280s][info][gc             ] GC(941) Pause Young (Allocation Failure) 488M->350M(815M) 45.810ms
[262.280s][info][gc,cpu         ] GC(941) User=0.09s Sys=0.00s Real=0.04s
[262.756s][info][gc,start       ] GC(942) Pause Young (Allocation Failure)
[262.806s][info][gc,heap        ] GC(942) PSYoungGen: 210656K(246784K)->49824K(248320K) Eden: 169472K(169472K)->0K(169472K) From: 41184K(77312K)->49824K(78848K)
[262.806s][info][gc,heap        ] GC(942) ParOldGen: 317272K(587776K)->317272K(587776K)
[262.806s][info][gc,metaspace   ] GC(942) Metaspace: 18737K(18880K)->18737K(18880K) NonClass: 16908K(17024K)->16908K(17024K) Class: 1828K(1856K)->1828K(1856K)
[262.806s][info][gc             ] GC(942) Pause Young (Allocation Failure) 515M->358M(816M) 50.692ms
[262.806s][info][gc,cpu         ] GC(942) User=0.10s Sys=0.00s Real=0.05s
[263.260s][info][gc,start       ] GC(943) Pause Young (Allocation Failure)
[263.308s][info][gc,heap        ] GC(943) PSYoungGen: 219296K(248320K)->49856K(245760K) Eden: 169472K(169472K)->0K(162816K) From: 49824K(78848K)->49856K(82944K)
[263.308s][info][gc,heap        ] GC(943) ParOldGen: 317272K(587776K)->317272K(587776K)
[263.308s][info][gc,metaspace   ] GC(943) Metaspace: 18737K(18880K)->18737K(18880K) NonClass: 16908K(17024K)->16908K(17024K) Class: 1828K(1856K)->1828K(1856K)
[263.308s][info][gc             ] GC(943) Pause Young (Allocation Failure) 523M->358M(814M) 48.170ms
[263.308s][info][gc,cpu         ] GC(943) User=0.09s Sys=0.00s Real=0.05s
[263.688s][info][gc,start       ] GC(944) Pause Young (Allocation Failure)
[263.737s][info][gc,heap        ] GC(944) PSYoungGen: 212672K(245760K)->49888K(212992K) Eden: 162816K(162816K)->0K(162816K) From: 49856K(82944K)->49888K(50176K)
[263.738s][info][gc,heap        ] GC(944) ParOldGen: 317272K(587776K)->317272K(587776K)
[263.738s][info][gc,metaspace   ] GC(944) Metaspace: 18737K(18880K)->18737K(18880K) NonClass: 16908K(17024K)->16908K(17024K) Class: 1828K(1856K)->1828K(1856K)
[263.738s][info][gc             ] GC(944) Pause Young (Allocation Failure) 517M->358M(782M) 49.771ms
[263.738s][info][gc,cpu         ] GC(944) User=0.10s Sys=0.00s Real=0.05s
[264.164s][info][gc,start       ] GC(945) Pause Young (Allocation Failure)
[264.229s][info][gc,heap        ] GC(945) PSYoungGen: 212704K(212992K)->49920K(243200K) Eden: 162816K(162816K)->0K(155648K) From: 49888K(50176K)->49920K(87552K)
[264.229s][info][gc,heap        ] GC(945) ParOldGen: 317272K(587776K)->317272K(587776K)
[264.229s][info][gc,metaspace   ] GC(945) Metaspace: 18737K(18880K)->18737K(18880K) NonClass: 16908K(17024K)->16908K(17024K) Class: 1828K(1856K)->1828K(1856K)
[264.229s][info][gc             ] GC(945) Pause Young (Allocation Failure) 517M->358M(811M) 64.742ms
[264.229s][info][gc,cpu         ] GC(945) User=0.13s Sys=0.00s Real=0.06s
[264.501s][info][gc,start       ] GC(946) Pause Young (Allocation Failure)
[264.576s][info][gc,heap        ] GC(946) PSYoungGen: 205568K(243200K)->71814K(227840K) Eden: 155648K(155648K)->0K(155648K) From: 49920K(87552K)->71814K(72192K)
[264.576s][info][gc,heap        ] GC(946) ParOldGen: 317272K(587776K)->317272K(587776K)
[264.576s][info][gc,metaspace   ] GC(946) Metaspace: 18738K(18880K)->18738K(18880K) NonClass: 16909K(17024K)->16909K(17024K) Class: 1828K(1856K)->1828K(1856K)
[264.576s][info][gc             ] GC(946) Pause Young (Allocation Failure) 510M->379M(796M) 74.982ms
[264.576s][info][gc,cpu         ] GC(946) User=0.15s Sys=0.00s Real=0.08s
[264.652s][info][gc,start       ] GC(947) Pause Young (Allocation Failure)
[264.761s][info][gc,heap        ] GC(947) PSYoungGen: 227462K(227840K)->97782K(209408K) Eden: 155648K(155648K)->0K(111616K) From: 71814K(72192K)->97782K(97792K)
[264.761s][info][gc,heap        ] GC(947) ParOldGen: 317272K(587776K)->345336K(587776K)
[264.761s][info][gc,metaspace   ] GC(947) Metaspace: 18738K(18880K)->18738K(18880K) NonClass: 16909K(17024K)->16909K(17024K) Class: 1828K(1856K)->1828K(1856K)
[264.761s][info][gc             ] GC(947) Pause Young (Allocation Failure) 531M->432M(778M) 109.499ms
[264.761s][info][gc,cpu         ] GC(947) User=0.20s Sys=0.01s Real=0.10s
[264.908s][info][gc,start       ] GC(948) Pause Young (Allocation Failure)
[265.032s][info][gc,heap        ] GC(948) PSYoungGen: 209398K(209408K)->97878K(222720K) Eden: 111616K(111616K)->0K(111616K) From: 97782K(97792K)->97878K(111104K)
[265.032s][info][gc,heap        ] GC(948) ParOldGen: 345336K(587776K)->365542K(587776K)
[265.032s][info][gc,metaspace   ] GC(948) Metaspace: 18739K(18880K)->18739K(18880K) NonClass: 16910K(17024K)->16910K(17024K) Class: 1828K(1856K)->1828K(1856K)
[265.032s][info][gc             ] GC(948) Pause Young (Allocation Failure) 541M->452M(791M) 124.009ms
[265.032s][info][gc,cpu         ] GC(948) User=0.22s Sys=0.00s Real=0.13s
[265.092s][info][gc,start       ] GC(949) Pause Young (Allocation Failure)
[265.187s][info][gc,heap        ] GC(949) PSYoungGen: 209494K(222720K)->84790K(222720K) Eden: 111616K(111616K)->0K(111616K) From: 97878K(111104K)->84790K(111104K)
[265.187s][info][gc,heap        ] GC(949) ParOldGen: 365542K(587776K)->395244K(587776K)
[265.187s][info][gc,metaspace   ] GC(949) Metaspace: 18739K(18880K)->18739K(18880K) NonClass: 16910K(17024K)->16910K(17024K) Class: 1828K(1856K)->1828K(1856K)
[265.187s][info][gc             ] GC(949) Pause Young (Allocation Failure) 561M->468M(791M) 94.976ms
[265.187s][info][gc,cpu         ] GC(949) User=0.19s Sys=0.00s Real=0.09s
[265.269s][info][gc,start       ] GC(950) Pause Young (Allocation Failure)
[265.349s][info][gc,heap        ] GC(950) PSYoungGen: 196406K(222720K)->105814K(222720K) Eden: 111616K(111616K)->0K(111616K) From: 84790K(111104K)->105814K(111104K)
[265.349s][info][gc,heap        ] GC(950) ParOldGen: 395244K(587776K)->395364K(587776K)
[265.349s][info][gc,metaspace   ] GC(950) Metaspace: 18739K(18880K)->18739K(18880K) NonClass: 16910K(17024K)->16910K(17024K) Class: 1828K(1856K)->1828K(1856K)
[265.349s][info][gc             ] GC(950) Pause Young (Allocation Failure) 577M->489M(791M) 80.278ms
[265.349s][info][gc,cpu         ] GC(950) User=0.16s Sys=0.00s Real=0.08s
[265.432s][info][gc,start       ] GC(951) Pause Young (Allocation Failure)
[265.545s][info][gc,heap        ] GC(951) PSYoungGen: 217430K(222720K)->99932K(222720K) Eden: 111616K(111616K)->0K(111616K) From: 105814K(111104K)->99932K(111104K)
[265.545s][info][gc,heap        ] GC(951) ParOldGen: 395364K(587776K)->417470K(587776K)
[265.545s][info][gc,metaspace   ] GC(951) Metaspace: 18739K(18880K)->18739K(18880K) NonClass: 16910K(17024K)->16910K(17024K) Class: 1828K(1856K)->1828K(1856K)
[265.545s][info][gc             ] GC(951) Pause Young (Allocation Failure) 598M->505M(791M) 112.240ms
[265.545s][info][gc,cpu         ] GC(951) User=0.22s Sys=0.00s Real=0.11s
[265.611s][info][gc,start       ] GC(952) Pause Young (Allocation Failure)
[265.703s][info][gc,heap        ] GC(952) PSYoungGen: 211548K(222720K)->57455K(222720K) Eden: 111616K(111616K)->0K(111616K) From: 99932K(111104K)->57455K(111104K)
[265.703s][info][gc,heap        ] GC(952) ParOldGen: 417470K(587776K)->464129K(587776K)
[265.703s][info][gc,metaspace   ] GC(952) Metaspace: 18739K(18880K)->18739K(18880K) NonClass: 16910K(17024K)->16910K(17024K) Class: 1828K(1856K)->1828K(1856K)
[265.703s][info][gc             ] GC(952) Pause Young (Allocation Failure) 614M->509M(791M) 91.525ms
[265.703s][info][gc,cpu         ] GC(952) User=0.18s Sys=0.00s Real=0.10s
[265.810s][info][gc,start       ] GC(953) Pause Young (Allocation Failure)
[265.894s][info][gc,heap        ] GC(953) PSYoungGen: 169071K(222720K)->43180K(222720K) Eden: 111616K(111616K)->0K(111616K) From: 57455K(111104K)->43180K(111104K)
[265.894s][info][gc,heap        ] GC(953) ParOldGen: 464129K(587776K)->502185K(587776K)
[265.894s][info][gc,metaspace   ] GC(953) Metaspace: 18739K(18880K)->18739K(18880K) NonClass: 16910K(17024K)->16910K(17024K) Class: 1828K(1856K)->1828K(1856K)
[265.894s][info][gc             ] GC(953) Pause Young (Allocation Failure) 618M->532M(791M) 84.625ms
[265.894s][info][gc,cpu         ] GC(953) User=0.17s Sys=0.00s Real=0.09s
[265.972s][info][gc,start       ] GC(954) Pause Young (Allocation Failure)
[266.048s][info][gc,heap        ] GC(954) PSYoungGen: 154796K(222720K)->47840K(222720K) Eden: 111616K(111616K)->0K(111616K) From: 43180K(111104K)->47840K(111104K)
[266.049s][info][gc,heap        ] GC(954) ParOldGen: 502185K(587776K)->521996K(587776K)
[266.049s][info][gc,metaspace   ] GC(954) Metaspace: 18739K(18880K)->18739K(18880K) NonClass: 16910K(17024K)->16910K(17024K) Class: 1828K(1856K)->1828K(1856K)
[266.049s][info][gc             ] GC(954) Pause Young (Allocation Failure) 641M->556M(791M) 76.402ms
[266.049s][info][gc,cpu         ] GC(954) User=0.15s Sys=0.00s Real=0.07s
[266.124s][info][gc,start       ] GC(955) Pause Young (Allocation Failure)
[266.188s][info][gc,heap        ] GC(955) PSYoungGen: 159456K(222720K)->11200K(222720K) Eden: 111616K(111616K)->0K(111616K) From: 47840K(111104K)->11200K(111104K)
[266.188s][info][gc,heap        ] GC(955) ParOldGen: 521996K(587776K)->569956K(587776K)
[266.188s][info][gc,metaspace   ] GC(955) Metaspace: 18739K(18880K)->18739K(18880K) NonClass: 16910K(17024K)->16910K(17024K) Class: 1828K(1856K)->1828K(1856K)
[266.188s][info][gc             ] GC(955) Pause Young (Allocation Failure) 665M->567M(791M) 64.034ms
[266.188s][info][gc,cpu         ] GC(955) User=0.13s Sys=0.00s Real=0.06s
[266.252s][info][gc,start       ] GC(956) Pause Young (Allocation Failure)
[266.272s][info][gc,heap        ] GC(956) PSYoungGen: 122816K(222720K)->5248K(222720K) Eden: 111616K(111616K)->0K(111616K) From: 11200K(111104K)->5248K(111104K)
[266.272s][info][gc,heap        ] GC(956) ParOldGen: 569956K(587776K)->581148K(587776K)
[266.272s][info][gc,metaspace   ] GC(956) Metaspace: 18739K(18880K)->18739K(18880K) NonClass: 16910K(17024K)->16910K(17024K) Class: 1828K(1856K)->1828K(1856K)
[266.272s][info][gc             ] GC(956) Pause Young (Allocation Failure) 676M->572M(791M) 20.006ms
[266.272s][info][gc,cpu         ] GC(956) User=0.04s Sys=0.00s Real=0.02s
[266.335s][info][gc,start       ] GC(957) Pause Young (Allocation Failure)
[266.344s][info][gc,heap        ] GC(957) PSYoungGen: 116864K(222720K)->864K(222720K) Eden: 111616K(111616K)->0K(111616K) From: 5248K(111104K)->864K(111104K)
[266.344s][info][gc,heap        ] GC(957) ParOldGen: 581148K(587776K)->586372K(587776K)
[266.344s][info][gc,metaspace   ] GC(957) Metaspace: 18739K(18880K)->18739K(18880K) NonClass: 16910K(17024K)->16910K(17024K) Class: 1828K(1856K)->1828K(1856K)
[266.344s][info][gc             ] GC(957) Pause Young (Allocation Failure) 681M->573M(791M) 8.717ms
[266.344s][info][gc,cpu         ] GC(957) User=0.01s Sys=0.00s Real=0.01s
[266.426s][info][gc,start       ] GC(958) Pause Young (Allocation Failure)
[266.441s][info][gc,heap        ] GC(958) PSYoungGen: 112480K(222720K)->8576K(222720K) Eden: 111616K(111616K)->0K(111616K) From: 864K(111104K)->8576K(111104K)
[266.441s][info][gc,heap        ] GC(958) ParOldGen: 586372K(587776K)->587204K(587776K)
[266.441s][info][gc,metaspace   ] GC(958) Metaspace: 18739K(18880K)->18739K(18880K) NonClass: 16910K(17024K)->16910K(17024K) Class: 1828K(1856K)->1828K(1856K)
[266.441s][info][gc             ] GC(958) Pause Young (Allocation Failure) 682M->581M(791M) 15.356ms
[266.441s][info][gc,cpu         ] GC(958) User=0.03s Sys=0.00s Real=0.01s
[266.569s][info][gc,start       ] GC(959) Pause Young (Allocation Failure)
[266.592s][info][gc,heap        ] GC(959) PSYoungGen: 120192K(222720K)->3552K(222720K) Eden: 111616K(111616K)->0K(111616K) From: 8576K(111104K)->3552K(111104K)
[266.592s][info][gc,heap        ] GC(959) ParOldGen: 587204K(587776K)->595788K(595968K)
[266.592s][info][gc,metaspace   ] GC(959) Metaspace: 18739K(18880K)->18739K(18880K) NonClass: 16910K(17024K)->16910K(17024K) Class: 1828K(1856K)->1828K(1856K)
[266.592s][info][gc             ] GC(959) Pause Young (Allocation Failure) 690M->585M(799M) 22.282ms
[266.592s][info][gc,cpu         ] GC(959) User=0.04s Sys=0.01s Real=0.03s
[266.729s][info][gc,start       ] GC(960) Pause Young (Allocation Failure)
[266.740s][info][gc,heap        ] GC(960) PSYoungGen: 115168K(222720K)->2720K(222720K) Eden: 111616K(111616K)->0K(111616K) From: 3552K(111104K)->2720K(111104K)
[266.740s][info][gc,heap        ] GC(960) ParOldGen: 595788K(595968K)->599332K(599552K)
[266.740s][info][gc,metaspace   ] GC(960) Metaspace: 18739K(18880K)->18739K(18880K) NonClass: 16910K(17024K)->16910K(17024K) Class: 1828K(1856K)->1828K(1856K)
[266.740s][info][gc             ] GC(960) Pause Young (Allocation Failure) 694M->587M(803M) 10.501ms
[266.740s][info][gc,cpu         ] GC(960) User=0.02s Sys=0.00s Real=0.01s
[266.861s][info][gc,start       ] GC(961) Pause Young (Allocation Failure)
[266.881s][info][gc,heap        ] GC(961) PSYoungGen: 114336K(222720K)->15488K(222720K) Eden: 111616K(111616K)->0K(111616K) From: 2720K(111104K)->15488K(111104K)
[266.881s][info][gc,heap        ] GC(961) ParOldGen: 599332K(599552K)->602028K(602112K)
[266.881s][info][gc,metaspace   ] GC(961) Metaspace: 18739K(18880K)->18739K(18880K) NonClass: 16910K(17024K)->16910K(17024K) Class: 1828K(1856K)->1828K(1856K)
[266.881s][info][gc             ] GC(961) Pause Young (Allocation Failure) 696M->603M(805M) 20.858ms
[266.881s][info][gc,cpu         ] GC(961) User=0.04s Sys=0.00s Real=0.02s
[267.048s][info][gc,start       ] GC(962) Pause Young (Allocation Failure)
[267.089s][info][gc,heap        ] GC(962) PSYoungGen: 127104K(222720K)->13392K(222720K) Eden: 111616K(111616K)->0K(111616K) From: 15488K(111104K)->13392K(111104K)
[267.089s][info][gc,heap        ] GC(962) ParOldGen: 602028K(602112K)->617538K(617984K)
[267.089s][info][gc,metaspace   ] GC(962) Metaspace: 18747K(18880K)->18747K(18880K) NonClass: 16918K(17024K)->16918K(17024K) Class: 1828K(1856K)->1828K(1856K)
[267.089s][info][gc             ] GC(962) Pause Young (Allocation Failure) 712M->616M(821M) 40.945ms
[267.089s][info][gc,cpu         ] GC(962) User=0.07s Sys=0.01s Real=0.04s
[267.237s][info][gc,start       ] GC(963) Pause Full (Allocation Failure)
[267.237s][info][gc,phases,start] GC(963) Marking Phase
[267.557s][info][gc,phases      ] GC(963) Marking Phase 319.567ms
[267.557s][info][gc,phases,start] GC(963) Summary Phase
[267.557s][info][gc,phases      ] GC(963) Summary Phase 0.035ms
[267.557s][info][gc,phases,start] GC(963) Forward
[267.653s][info][gc,phases      ] GC(963) Forward 95.793ms
[267.653s][info][gc,phases,start] GC(963) Adjust Pointers
[267.893s][info][gc,phases      ] GC(963) Adjust Pointers 240.181ms
[267.893s][info][gc,phases,start] GC(963) Compaction Phase
[268.030s][info][gc,phases      ] GC(963) Compaction Phase 136.684ms
[268.037s][info][gc,phases,start] GC(963) Post Compact
[268.040s][info][gc,phases      ] GC(963) Post Compact 2.155ms
[268.040s][info][gc,heap        ] GC(963) PSYoungGen: 125008K(222720K)->0K(222720K) Eden: 111616K(111616K)->0K(111616K) From: 13392K(111104K)->0K(111104K)
[268.040s][info][gc,heap        ] GC(963) ParOldGen: 617538K(617984K)->458349K(667648K)
[268.040s][info][gc,metaspace   ] GC(963) Metaspace: 18749K(18880K)->18749K(18880K) NonClass: 16920K(17024K)->16920K(17024K) Class: 1828K(1856K)->1828K(1856K)
[268.040s][info][gc             ] GC(963) Pause Full (Allocation Failure) 725M->447M(869M) 802.587ms
[268.040s][info][gc,cpu         ] GC(963) User=1.54s Sys=0.00s Real=0.80s
[268.190s][info][gc,start       ] GC(964) Pause Young (Allocation Failure)
[268.205s][info][gc,heap        ] GC(964) PSYoungGen: 111616K(222720K)->16576K(128512K) Eden: 111616K(111616K)->0K(111616K) From: 0K(111104K)->16576K(16896K)
[268.205s][info][gc,heap        ] GC(964) ParOldGen: 458349K(667648K)->458349K(667648K)
[268.205s][info][gc,metaspace   ] GC(964) Metaspace: 18753K(18880K)->18753K(18880K) NonClass: 16924K(17024K)->16924K(17024K) Class: 1828K(1856K)->1828K(1856K)
[268.205s][info][gc             ] GC(964) Pause Young (Allocation Failure) 556M->463M(777M) 14.906ms
[268.205s][info][gc,cpu         ] GC(964) User=0.03s Sys=0.00s Real=0.02s
[268.263s][info][gc,start       ] GC(965) Pause Young (Allocation Failure)
[268.302s][info][gc,heap        ] GC(965) PSYoungGen: 128192K(128512K)->57248K(220672K) Eden: 111616K(111616K)->0K(110592K) From: 16576K(16896K)->57248K(110080K)
[268.302s][info][gc,heap        ] GC(965) ParOldGen: 458349K(667648K)->458349K(667648K)
[268.302s][info][gc,metaspace   ] GC(965) Metaspace: 18753K(18880K)->18753K(18880K) NonClass: 16924K(17024K)->16924K(17024K) Class: 1828K(1856K)->1828K(1856K)
[268.302s][info][gc             ] GC(965) Pause Young (Allocation Failure) 572M->503M(867M) 39.529ms
[268.302s][info][gc,cpu         ] GC(965) User=0.08s Sys=0.00s Real=0.04s
[268.487s][info][gc,start       ] GC(966) Pause Young (Allocation Failure)
[268.541s][info][gc,heap        ] GC(966) PSYoungGen: 167840K(220672K)->23920K(134656K) Eden: 110592K(110592K)->0K(110592K) From: 57248K(110080K)->23920K(24064K)
[268.541s][info][gc,heap        ] GC(966) ParOldGen: 458349K(667648K)->516157K(667648K)
[268.541s][info][gc,metaspace   ] GC(966) Metaspace: 18753K(18880K)->18753K(18880K) NonClass: 16924K(17024K)->16924K(17024K) Class: 1828K(1856K)->1828K(1856K)
[268.541s][info][gc             ] GC(966) Pause Young (Allocation Failure) 611M->527M(783M) 53.959ms
[268.541s][info][gc,cpu         ] GC(966) User=0.10s Sys=0.00s Real=0.05s
[268.662s][info][gc,start       ] GC(967) Pause Young (Allocation Failure)
[268.690s][info][gc,heap        ] GC(967) PSYoungGen: 134512K(134656K)->2816K(220672K) Eden: 110592K(110592K)->0K(115200K) From: 23920K(24064K)->2816K(105472K)
[268.690s][info][gc,heap        ] GC(967) ParOldGen: 516157K(667648K)->540357K(667648K)
[268.690s][info][gc,metaspace   ] GC(967) Metaspace: 18753K(18880K)->18753K(18880K) NonClass: 16924K(17024K)->16924K(17024K) Class: 1828K(1856K)->1828K(1856K)
[268.690s][info][gc             ] GC(967) Pause Young (Allocation Failure) 635M->530M(867M) 28.169ms
[268.690s][info][gc,cpu         ] GC(967) User=0.06s Sys=0.00s Real=0.02s
[268.843s][info][gc,start       ] GC(968) Pause Young (Allocation Failure)
[268.892s][info][gc,heap        ] GC(968) PSYoungGen: 118016K(220672K)->36520K(218112K) Eden: 115200K(115200K)->0K(115200K) From: 2816K(105472K)->36520K(102912K)
[268.892s][info][gc,heap        ] GC(968) ParOldGen: 540357K(667648K)->540357K(667648K)
[268.892s][info][gc,metaspace   ] GC(968) Metaspace: 18753K(18880K)->18753K(18880K) NonClass: 16924K(17024K)->16924K(17024K) Class: 1828K(1856K)->1828K(1856K)
[268.892s][info][gc             ] GC(968) Pause Young (Allocation Failure) 642M->563M(865M) 49.159ms
[268.892s][info][gc,cpu         ] GC(968) User=0.10s Sys=0.00s Real=0.05s
[269.016s][info][gc,start       ] GC(969) Pause Young (Allocation Failure)
[269.085s][info][gc,heap        ] GC(969) PSYoungGen: 151720K(218112K)->55999K(221184K) Eden: 115200K(115200K)->0K(122368K) From: 36520K(102912K)->55999K(98816K)
[269.085s][info][gc,heap        ] GC(969) ParOldGen: 540357K(667648K)->543173K(667648K)
[269.085s][info][gc,metaspace   ] GC(969) Metaspace: 18753K(18880K)->18753K(18880K) NonClass: 16924K(17024K)->16924K(17024K) Class: 1828K(1856K)->1828K(1856K)
[269.085s][info][gc             ] GC(969) Pause Young (Allocation Failure) 675M->585M(868M) 68.922ms
[269.085s][info][gc,cpu         ] GC(969) User=0.14s Sys=0.00s Real=0.07s
[269.203s][info][gc,start       ] GC(970) Pause Young (Allocation Failure)
[269.271s][info][gc,heap        ] GC(970) PSYoungGen: 178367K(221184K)->27776K(224256K) Eden: 122368K(122368K)->0K(122368K) From: 55999K(98816K)->27776K(101888K)
[269.271s][info][gc,heap        ] GC(970) ParOldGen: 543173K(667648K)->576956K(667648K)
[269.271s][info][gc,metaspace   ] GC(970) Metaspace: 18753K(18880K)->18753K(18880K) NonClass: 16924K(17024K)->16924K(17024K) Class: 1828K(1856K)->1828K(1856K)
[269.271s][info][gc             ] GC(970) Pause Young (Allocation Failure) 704M->590M(871M) 67.918ms
[269.271s][info][gc,cpu         ] GC(970) User=0.13s Sys=0.00s Real=0.06s
[269.383s][info][gc,start       ] GC(971) Pause Young (Allocation Failure)
[269.414s][info][gc,heap        ] GC(971) PSYoungGen: 150144K(224256K)->704K(229376K) Eden: 122368K(122368K)->0K(134144K) From: 27776K(101888K)->704K(95232K)
[269.414s][info][gc,heap        ] GC(971) ParOldGen: 576956K(667648K)->604804K(667648K)
[269.414s][info][gc,metaspace   ] GC(971) Metaspace: 18753K(18880K)->18753K(18880K) NonClass: 16924K(17024K)->16924K(17024K) Class: 1828K(1856K)->1828K(1856K)
[269.414s][info][gc             ] GC(971) Pause Young (Allocation Failure) 710M->591M(876M) 31.326ms
[269.414s][info][gc,cpu         ] GC(971) User=0.06s Sys=0.00s Real=0.03s
[269.566s][info][gc,start       ] GC(972) Pause Young (Allocation Failure)
[269.578s][info][gc,heap        ] GC(972) PSYoungGen: 134848K(229376K)->4352K(228352K) Eden: 134144K(134144K)->0K(134144K) From: 704K(95232K)->4352K(94208K)
[269.578s][info][gc,heap        ] GC(972) ParOldGen: 604804K(667648K)->605476K(667648K)
[269.578s][info][gc,metaspace   ] GC(972) Metaspace: 18753K(18880K)->18753K(18880K) NonClass: 16924K(17024K)->16924K(17024K) Class: 1828K(1856K)->1828K(1856K)
[269.578s][info][gc             ] GC(972) Pause Young (Allocation Failure) 722M->595M(875M) 12.265ms
[269.578s][info][gc,cpu         ] GC(972) User=0.03s Sys=0.00s Real=0.01s
[269.732s][info][gc,start       ] GC(973) Pause Young (Allocation Failure)
[269.745s][info][gc,heap        ] GC(973) PSYoungGen: 138496K(228352K)->5728K(233984K) Eden: 134144K(134144K)->0K(146432K) From: 4352K(94208K)->5728K(87552K)
[269.745s][info][gc,heap        ] GC(973) ParOldGen: 605476K(667648K)->609812K(667648K)
[269.745s][info][gc,metaspace   ] GC(973) Metaspace: 18757K(18880K)->18757K(18880K) NonClass: 16928K(17024K)->16928K(17024K) Class: 1828K(1856K)->1828K(1856K)
[269.745s][info][gc             ] GC(973) Pause Young (Allocation Failure) 726M->601M(880M) 12.596ms
[269.745s][info][gc,cpu         ] GC(973) User=0.03s Sys=0.00s Real=0.01s
[269.951s][info][gc,start       ] GC(974) Pause Young (Allocation Failure)
[269.990s][info][gc,heap        ] GC(974) PSYoungGen: 152160K(233984K)->28608K(235008K) Eden: 146432K(146432K)->0K(146432K) From: 5728K(87552K)->28608K(88576K)
[269.990s][info][gc,heap        ] GC(974) ParOldGen: 609812K(667648K)->609812K(667648K)
[269.990s][info][gc,metaspace   ] GC(974) Metaspace: 18757K(18880K)->18757K(18880K) NonClass: 16928K(17024K)->16928K(17024K) Class: 1828K(1856K)->1828K(1856K)
[269.990s][info][gc             ] GC(974) Pause Young (Allocation Failure) 744M->623M(881M) 39.291ms
[269.990s][info][gc,cpu         ] GC(974) User=0.07s Sys=0.00s Real=0.04s
[270.385s][info][gc,start       ] GC(975) Pause Young (Allocation Failure)
[270.428s][info][gc,heap        ] GC(975) PSYoungGen: 175040K(235008K)->46290K(239616K) Eden: 146432K(146432K)->0K(155648K) From: 28608K(88576K)->46290K(83968K)
[270.428s][info][gc,heap        ] GC(975) ParOldGen: 609812K(667648K)->609812K(667648K)
[270.428s][info][gc,metaspace   ] GC(975) Metaspace: 18763K(18880K)->18763K(18880K) NonClass: 16934K(17024K)->16934K(17024K) Class: 1828K(1856K)->1828K(1856K)
[270.428s][info][gc             ] GC(975) Pause Young (Allocation Failure) 766M->640M(886M) 43.673ms
[270.428s][info][gc,cpu         ] GC(975) User=0.09s Sys=0.00s Real=0.04s
[270.525s][info][gc,start       ] GC(976) Pause Young (Allocation Failure)
[270.611s][info][gc,heap        ] GC(976) PSYoungGen: 201938K(239616K)->85986K(241664K) Eden: 155648K(155648K)->0K(155648K) From: 46290K(83968K)->85986K(86016K)
[270.611s][info][gc,heap        ] GC(976) ParOldGen: 609812K(667648K)->627100K(667648K)
[270.611s][info][gc,metaspace   ] GC(976) Metaspace: 18763K(18880K)->18763K(18880K) NonClass: 16934K(17024K)->16934K(17024K) Class: 1828K(1856K)->1828K(1856K)
[270.611s][info][gc             ] GC(976) Pause Young (Allocation Failure) 792M->696M(888M) 86.473ms
[270.611s][info][gc,cpu         ] GC(976) User=0.16s Sys=0.01s Real=0.08s
[270.855s][info][gc,start       ] GC(977) Pause Full (Allocation Failure)
[270.855s][info][gc,phases,start] GC(977) Marking Phase
[271.179s][info][gc,phases      ] GC(977) Marking Phase 323.878ms
[271.179s][info][gc,phases,start] GC(977) Summary Phase
[271.179s][info][gc,phases      ] GC(977) Summary Phase 0.031ms
[271.179s][info][gc,phases,start] GC(977) Forward
[271.284s][info][gc,phases      ] GC(977) Forward 105.233ms
[271.284s][info][gc,phases,start] GC(977) Adjust Pointers
[271.529s][info][gc,phases      ] GC(977) Adjust Pointers 245.099ms
[271.529s][info][gc,phases,start] GC(977) Compaction Phase
[271.680s][info][gc,phases      ] GC(977) Compaction Phase 150.668ms
[271.687s][info][gc,phases,start] GC(977) Post Compact
[271.689s][info][gc,phases      ] GC(977) Post Compact 2.487ms
[271.689s][info][gc,heap        ] GC(977) PSYoungGen: 241634K(241664K)->0K(208896K) Eden: 155648K(155648K)->0K(116736K) From: 85986K(86016K)->0K(92160K)
[271.689s][info][gc,heap        ] GC(977) ParOldGen: 627100K(667648K)->493456K(667648K)
[271.689s][info][gc,metaspace   ] GC(977) Metaspace: 18763K(18880K)->18763K(18880K) NonClass: 16934K(17024K)->16934K(17024K) Class: 1828K(1856K)->1828K(1856K)
[271.689s][info][gc             ] GC(977) Pause Full (Allocation Failure) 848M->481M(856M) 834.476ms
[271.689s][info][gc,cpu         ] GC(977) User=1.58s Sys=0.00s Real=0.83s
[271.875s][info][gc,start       ] GC(978) Pause Young (Allocation Failure)
[271.923s][info][gc,heap        ] GC(978) PSYoungGen: 116736K(208896K)->31744K(225280K) Eden: 116736K(116736K)->0K(116736K) From: 0K(92160K)->31744K(108544K)
[271.923s][info][gc,heap        ] GC(978) ParOldGen: 493456K(667648K)->493456K(667648K)
[271.923s][info][gc,metaspace   ] GC(978) Metaspace: 18763K(18880K)->18763K(18880K) NonClass: 16934K(17024K)->16934K(17024K) Class: 1828K(1856K)->1828K(1856K)
[271.923s][info][gc             ] GC(978) Pause Young (Allocation Failure) 595M->512M(872M) 48.638ms
[271.923s][info][gc,cpu         ] GC(978) User=0.09s Sys=0.00s Real=0.05s
[272.056s][info][gc,start       ] GC(979) Pause Young (Allocation Failure)
[272.113s][info][gc,heap        ] GC(979) PSYoungGen: 148480K(225280K)->46848K(217600K) Eden: 116736K(116736K)->0K(123904K) From: 31744K(108544K)->46848K(93696K)
[272.113s][info][gc,heap        ] GC(979) ParOldGen: 493456K(667648K)->493456K(667648K)
[272.113s][info][gc,metaspace   ] GC(979) Metaspace: 18763K(18880K)->18763K(18880K) NonClass: 16934K(17024K)->16934K(17024K) Class: 1828K(1856K)->1828K(1856K)
[272.113s][info][gc             ] GC(979) Pause Young (Allocation Failure) 626M->527M(864M) 56.881ms
[272.113s][info][gc,cpu         ] GC(979) User=0.11s Sys=0.01s Real=0.06s
[272.239s][info][gc,start       ] GC(980) Pause Young (Allocation Failure)
[272.309s][info][gc,heap        ] GC(980) PSYoungGen: 170752K(217600K)->61920K(223232K) Eden: 123904K(123904K)->0K(123904K) From: 46848K(93696K)->61920K(99328K)
[272.310s][info][gc,heap        ] GC(980) ParOldGen: 493456K(667648K)->493456K(667648K)
[272.310s][info][gc,metaspace   ] GC(980) Metaspace: 18763K(18880K)->18763K(18880K) NonClass: 16934K(17024K)->16934K(17024K) Class: 1828K(1856K)->1828K(1856K)
[272.310s][info][gc             ] GC(980) Pause Young (Allocation Failure) 648M->542M(870M) 70.522ms
[272.310s][info][gc,cpu         ] GC(980) User=0.14s Sys=0.00s Real=0.07s
[272.412s][info][gc,start       ] GC(981) Pause Young (Allocation Failure)
[272.501s][info][gc,heap        ] GC(981) PSYoungGen: 185824K(223232K)->62592K(225792K) Eden: 123904K(123904K)->0K(122880K) From: 61920K(99328K)->62592K(102912K)
[272.501s][info][gc,heap        ] GC(981) ParOldGen: 493456K(667648K)->493456K(667648K)
[272.501s][info][gc,metaspace   ] GC(981) Metaspace: 18763K(18880K)->18763K(18880K) NonClass: 16934K(17024K)->16934K(17024K) Class: 1828K(1856K)->1828K(1856K)
[272.501s][info][gc             ] GC(981) Pause Young (Allocation Failure) 663M->543M(872M) 88.669ms
[272.501s][info][gc,cpu         ] GC(981) User=0.18s Sys=0.00s Real=0.08s
[272.641s][info][gc,start       ] GC(982) Pause Young (Allocation Failure)
[272.735s][info][gc,heap        ] GC(982) PSYoungGen: 185472K(225792K)->17696K(228352K) Eden: 122880K(122880K)->0K(122880K) From: 62592K(102912K)->17696K(105472K)
[272.735s][info][gc,heap        ] GC(982) ParOldGen: 493456K(667648K)->540392K(667648K)
[272.735s][info][gc,metaspace   ] GC(982) Metaspace: 18763K(18880K)->18763K(18880K) NonClass: 16934K(17024K)->16934K(17024K) Class: 1828K(1856K)->1828K(1856K)
[272.735s][info][gc             ] GC(982) Pause Young (Allocation Failure) 663M->545M(875M) 93.562ms
[272.735s][info][gc,cpu         ] GC(982) User=0.18s Sys=0.00s Real=0.10s
[272.900s][info][gc,start       ] GC(983) Pause Young (Allocation Failure)
[272.923s][info][gc,heap        ] GC(983) PSYoungGen: 140576K(228352K)->4384K(227328K) Eden: 122880K(122880K)->0K(125440K) From: 17696K(105472K)->4384K(101888K)
[272.923s][info][gc,heap        ] GC(983) ParOldGen: 540392K(667648K)->556216K(667648K)
[272.923s][info][gc,metaspace   ] GC(983) Metaspace: 18763K(18880K)->18763K(18880K) NonClass: 16934K(17024K)->16934K(17024K) Class: 1828K(1856K)->1828K(1856K)
[272.923s][info][gc             ] GC(983) Pause Young (Allocation Failure) 665M->547M(874M) 22.563ms
[272.923s][info][gc,cpu         ] GC(983) User=0.04s Sys=0.00s Real=0.03s
[273.134s][info][gc,start       ] GC(984) Pause Young (Allocation Failure)
[273.156s][info][gc,heap        ] GC(984) PSYoungGen: 129824K(227328K)->15456K(227840K) Eden: 125440K(125440K)->0K(125440K) From: 4384K(101888K)->15456K(102400K)
[273.156s][info][gc,heap        ] GC(984) ParOldGen: 556216K(667648K)->560568K(667648K)
[273.156s][info][gc,metaspace   ] GC(984) Metaspace: 18763K(18880K)->18763K(18880K) NonClass: 16934K(17024K)->16934K(17024K) Class: 1828K(1856K)->1828K(1856K)
[273.156s][info][gc             ] GC(984) Pause Young (Allocation Failure) 669M->562M(874M) 21.864ms
[273.156s][info][gc,cpu         ] GC(984) User=0.05s Sys=0.00s Real=0.02s
[273.355s][info][gc,start       ] GC(985) Pause Young (Allocation Failure)
[273.387s][info][gc,heap        ] GC(985) PSYoungGen: 140896K(227840K)->13184K(228352K) Eden: 125440K(125440K)->0K(132608K) From: 15456K(102400K)->13184K(95744K)
[273.387s][info][gc,heap        ] GC(985) ParOldGen: 560568K(667648K)->576073K(667648K)
[273.387s][info][gc,metaspace   ] GC(985) Metaspace: 18763K(18880K)->18763K(18880K) NonClass: 16934K(17024K)->16934K(17024K) Class: 1828K(1856K)->1828K(1856K)
[273.387s][info][gc             ] GC(985) Pause Young (Allocation Failure) 685M->575M(875M) 31.777ms
[273.387s][info][gc,cpu         ] GC(985) User=0.06s Sys=0.00s Real=0.03s
[273.769s][info][gc,start       ] GC(986) Pause Young (Allocation Failure)
[273.783s][info][gc,heap        ] GC(986) PSYoungGen: 145792K(228352K)->13216K(228352K) Eden: 132608K(132608K)->0K(132608K) From: 13184K(95744K)->13216K(95744K)
[273.783s][info][gc,heap        ] GC(986) ParOldGen: 576073K(667648K)->576073K(667648K)
[273.783s][info][gc,metaspace   ] GC(986) Metaspace: 18763K(18880K)->18763K(18880K) NonClass: 16934K(17024K)->16934K(17024K) Class: 1828K(1856K)->1828K(1856K)
[273.783s][info][gc             ] GC(986) Pause Young (Allocation Failure) 704M->575M(875M) 14.323ms
[273.783s][info][gc,cpu         ] GC(986) User=0.03s Sys=0.00s Real=0.02s
[274.091s][info][gc,start       ] GC(987) Pause Young (Allocation Failure)
[274.110s][info][gc,heap        ] GC(987) PSYoungGen: 145824K(228352K)->13248K(228352K) Eden: 132608K(132608K)->0K(142848K) From: 13216K(95744K)->13248K(85504K)
[274.110s][info][gc,heap        ] GC(987) ParOldGen: 576073K(667648K)->576073K(667648K)
[274.110s][info][gc,metaspace   ] GC(987) Metaspace: 18763K(18880K)->18763K(18880K) NonClass: 16934K(17024K)->16934K(17024K) Class: 1828K(1856K)->1828K(1856K)
[274.110s][info][gc             ] GC(987) Pause Young (Allocation Failure) 704M->575M(875M) 19.212ms
[274.110s][info][gc,cpu         ] GC(987) User=0.04s Sys=0.00s Real=0.02s
[274.417s][info][gc,start       ] GC(988) Pause Young (Allocation Failure)
[274.437s][info][gc,heap        ] GC(988) PSYoungGen: 156096K(228352K)->13568K(231424K) Eden: 142848K(142848K)->0K(142848K) From: 13248K(85504K)->13568K(88576K)
[274.437s][info][gc,heap        ] GC(988) ParOldGen: 576073K(667648K)->576073K(667648K)
[274.437s][info][gc,metaspace   ] GC(988) Metaspace: 18763K(18880K)->18763K(18880K) NonClass: 16934K(17024K)->16934K(17024K) Class: 1828K(1856K)->1828K(1856K)
[274.437s][info][gc             ] GC(988) Pause Young (Allocation Failure) 715M->575M(878M) 19.836ms
[274.437s][info][gc,cpu         ] GC(988) User=0.04s Sys=0.00s Real=0.02s
[274.580s][info][gc,start       ] GC(989) Pause Young (Allocation Failure)
[274.634s][info][gc,heap        ] GC(989) PSYoungGen: 156416K(231424K)->61712K(230400K) Eden: 142848K(142848K)->0K(145408K) From: 13568K(88576K)->61712K(84992K)
[274.634s][info][gc,heap        ] GC(989) ParOldGen: 576073K(667648K)->576073K(667648K)
[274.634s][info][gc,metaspace   ] GC(989) Metaspace: 18763K(18880K)->18763K(18880K) NonClass: 16934K(17024K)->16934K(17024K) Class: 1828K(1856K)->1828K(1856K)
[274.634s][info][gc             ] GC(989) Pause Young (Allocation Failure) 715M->622M(877M) 53.774ms
[274.634s][info][gc,cpu         ] GC(989) User=0.11s Sys=0.00s Real=0.06s
[274.840s][info][gc,start       ] GC(990) Pause Young (Allocation Failure)
[274.902s][info][gc,heap        ] GC(990) PSYoungGen: 207120K(230400K)->91952K(237568K) Eden: 145408K(145408K)->0K(145408K) From: 61712K(84992K)->91952K(92160K)
[274.903s][info][gc,heap        ] GC(990) ParOldGen: 576073K(667648K)->576073K(667648K)
[274.903s][info][gc,metaspace   ] GC(990) Metaspace: 18763K(18880K)->18763K(18880K) NonClass: 16935K(17024K)->16935K(17024K) Class: 1828K(1856K)->1828K(1856K)
[274.903s][info][gc             ] GC(990) Pause Young (Allocation Failure) 764M->652M(884M) 62.948ms
[274.903s][info][gc,cpu         ] GC(990) User=0.13s Sys=0.00s Real=0.07s
[275.097s][info][gc,start       ] GC(991) Pause Young (Allocation Failure)
[275.197s][info][gc,heap        ] GC(991) PSYoungGen: 237360K(237568K)->96240K(207872K) Eden: 145408K(145408K)->0K(111616K) From: 91952K(92160K)->96240K(96256K)
[275.197s][info][gc,heap        ] GC(991) ParOldGen: 576073K(667648K)->591769K(667648K)
[275.197s][info][gc,metaspace   ] GC(991) Metaspace: 18765K(18880K)->18765K(18880K) NonClass: 16936K(17024K)->16936K(17024K) Class: 1828K(1856K)->1828K(1856K)
[275.197s][info][gc             ] GC(991) Pause Young (Allocation Failure) 794M->671M(855M) 100.618ms
[275.197s][info][gc,cpu         ] GC(991) User=0.19s Sys=0.01s Real=0.10s
[275.314s][info][gc,start       ] GC(992) Pause Young (Allocation Failure)
[275.415s][info][gc,heap        ] GC(992) PSYoungGen: 207856K(207872K)->111072K(222720K) Eden: 111616K(111616K)->0K(111616K) From: 96240K(96256K)->111072K(111104K)
[275.415s][info][gc,heap        ] GC(992) ParOldGen: 591769K(667648K)->599873K(667648K)
[275.416s][info][gc,metaspace   ] GC(992) Metaspace: 18765K(18880K)->18765K(18880K) NonClass: 16936K(17024K)->16936K(17024K) Class: 1828K(1856K)->1828K(1856K)
[275.416s][info][gc             ] GC(992) Pause Young (Allocation Failure) 780M->694M(869M) 101.600ms
[275.416s][info][gc,cpu         ] GC(992) User=0.21s Sys=0.00s Real=0.10s
[275.551s][info][gc,start       ] GC(993) Pause Young (Allocation Failure)
[275.664s][info][gc,heap        ] GC(993) PSYoungGen: 222688K(222720K)->111088K(222720K) Eden: 111616K(111616K)->0K(111616K) From: 111072K(111104K)->111088K(111104K)
[275.664s][info][gc,heap        ] GC(993) ParOldGen: 599873K(667648K)->616609K(667648K)
[275.664s][info][gc,metaspace   ] GC(993) Metaspace: 18765K(18880K)->18765K(18880K) NonClass: 16936K(17024K)->16936K(17024K) Class: 1828K(1856K)->1828K(1856K)
[275.664s][info][gc             ] GC(993) Pause Young (Allocation Failure) 803M->710M(869M) 113.869ms
[275.665s][info][gc,cpu         ] GC(993) User=0.23s Sys=0.00s Real=0.12s
[275.746s][info][gc,start       ] GC(994) Pause Young (Allocation Failure)
[275.871s][info][gc,promotion   ] GC(994) Promotion failed
[275.872s][info][gc,heap        ] GC(994) PSYoungGen: 222704K(222720K)->222704K(222720K) Eden: 111616K(111616K)->111616K(111616K) From: 111088K(111104K)->111088K(111104K)
[275.872s][info][gc,heap        ] GC(994) ParOldGen: 616609K(667648K)->667645K(667648K)
[275.872s][info][gc,metaspace   ] GC(994) Metaspace: 18765K(18880K)->18765K(18880K) NonClass: 16936K(17024K)->16936K(17024K) Class: 1828K(1856K)->1828K(1856K)
[275.872s][info][gc             ] GC(994) Pause Young (Allocation Failure) 819M->869M(869M) 125.669ms
[275.872s][info][gc,cpu         ] GC(994) User=0.22s Sys=0.03s Real=0.12s
[275.872s][info][gc,start       ] GC(995) Pause Full (Allocation Failure)
[275.872s][info][gc,phases,start] GC(995) Marking Phase
[276.357s][info][gc,phases      ] GC(995) Marking Phase 485.219ms
[276.357s][info][gc,phases,start] GC(995) Summary Phase
[276.357s][info][gc,phases      ] GC(995) Summary Phase 0.029ms
[276.357s][info][gc,phases,start] GC(995) Forward
[276.490s][info][gc,phases      ] GC(995) Forward 133.041ms
[276.490s][info][gc,phases,start] GC(995) Adjust Pointers
[276.884s][info][gc,phases      ] GC(995) Adjust Pointers 394.268ms
[276.884s][info][gc,phases,start] GC(995) Compaction Phase
[277.085s][info][gc,phases      ] GC(995) Compaction Phase 200.367ms
[277.097s][info][gc,phases,start] GC(995) Post Compact
[277.099s][info][gc,phases      ] GC(995) Post Compact 2.640ms
[277.099s][info][gc,heap        ] GC(995) PSYoungGen: 222704K(222720K)->9338K(222720K) Eden: 111616K(111616K)->0K(111616K) From: 111088K(111104K)->9338K(111104K)
[277.099s][info][gc,heap        ] GC(995) ParOldGen: 667645K(667648K)->667202K(667648K)
[277.100s][info][gc,metaspace   ] GC(995) Metaspace: 18765K(18880K)->18765K(18880K) NonClass: 16936K(17024K)->16936K(17024K) Class: 1828K(1856K)->1828K(1856K)
[277.100s][info][gc             ] GC(995) Pause Full (Allocation Failure) 869M->660M(869M) 1227.851ms
[277.100s][info][gc,cpu         ] GC(995) User=2.38s Sys=0.00s Real=1.23s
[277.214s][info][gc,start       ] GC(996) Pause Full (Allocation Failure)
[277.215s][info][gc,phases,start] GC(996) Marking Phase
[277.705s][info][gc,phases      ] GC(996) Marking Phase 490.237ms
[277.705s][info][gc,phases,start] GC(996) Summary Phase
[277.705s][info][gc,phases      ] GC(996) Summary Phase 0.024ms
[277.705s][info][gc,phases,start] GC(996) Forward
[277.708s][info][gc,phases      ] GC(996) Forward 2.646ms
[277.708s][info][gc,phases,start] GC(996) Adjust Pointers
[278.045s][info][gc,phases      ] GC(996) Adjust Pointers 337.429ms
[278.045s][info][gc,phases,start] GC(996) Compaction Phase
[278.182s][info][gc,phases      ] GC(996) Compaction Phase 136.920ms
[278.182s][info][gc,phases,start] GC(996) Post Compact
[278.184s][info][gc,phases      ] GC(996) Post Compact 2.281ms
[278.184s][info][gc,heap        ] GC(996) PSYoungGen: 120954K(222720K)->9585K(222720K) Eden: 111616K(111616K)->9585K(111616K) From: 9338K(111104K)->0K(111104K)
[278.184s][info][gc,heap        ] GC(996) ParOldGen: 667202K(667648K)->667568K(667648K)
[278.184s][info][gc,metaspace   ] GC(996) Metaspace: 18765K(18880K)->18765K(18880K) NonClass: 16936K(17024K)->16936K(17024K) Class: 1828K(1856K)->1828K(1856K)
[278.184s][info][gc             ] GC(996) Pause Full (Allocation Failure) 769M->661M(869M) 969.994ms
[278.184s][info][gc,cpu         ] GC(996) User=1.91s Sys=0.00s Real=0.97s
[278.300s][info][gc,start       ] GC(997) Pause Full (Allocation Failure)
[278.300s][info][gc,phases,start] GC(997) Marking Phase
[278.815s][info][gc,phases      ] GC(997) Marking Phase 514.924ms
[278.815s][info][gc,phases,start] GC(997) Summary Phase
[278.815s][info][gc,phases      ] GC(997) Summary Phase 0.025ms
[278.815s][info][gc,phases,start] GC(997) Forward
[278.842s][info][gc,phases      ] GC(997) Forward 26.346ms
[278.842s][info][gc,phases,start] GC(997) Adjust Pointers
[279.212s][info][gc,phases      ] GC(997) Adjust Pointers 369.792ms
[279.212s][info][gc,phases,start] GC(997) Compaction Phase
[279.349s][info][gc,phases      ] GC(997) Compaction Phase 137.194ms
[279.353s][info][gc,phases,start] GC(997) Post Compact
[279.355s][info][gc,phases      ] GC(997) Post Compact 2.261ms
[279.355s][info][gc,heap        ] GC(997) PSYoungGen: 111616K(222720K)->13909K(222720K) Eden: 111616K(111616K)->13909K(111616K) From: 0K(111104K)->0K(111104K)
[279.355s][info][gc,heap        ] GC(997) ParOldGen: 667568K(667648K)->667568K(667648K)
[279.355s][info][gc,metaspace   ] GC(997) Metaspace: 18765K(18880K)->18765K(18880K) NonClass: 16936K(17024K)->16936K(17024K) Class: 1828K(1856K)->1828K(1856K)
[279.355s][info][gc             ] GC(997) Pause Full (Allocation Failure) 760M->665M(869M) 1054.715ms
[279.355s][info][gc,cpu         ] GC(997) User=2.06s Sys=0.00s Real=1.06s
[279.457s][info][gc,start       ] GC(998) Pause Full (Allocation Failure)
[279.457s][info][gc,phases,start] GC(998) Marking Phase
[279.960s][info][gc,phases      ] GC(998) Marking Phase 503.148ms
[279.960s][info][gc,phases,start] GC(998) Summary Phase
[279.961s][info][gc,phases      ] GC(998) Summary Phase 0.023ms
[279.961s][info][gc,phases,start] GC(998) Forward
[279.968s][info][gc,phases      ] GC(998) Forward 7.311ms
[279.968s][info][gc,phases,start] GC(998) Adjust Pointers
[280.315s][info][gc,phases      ] GC(998) Adjust Pointers 347.462ms
[280.315s][info][gc,phases,start] GC(998) Compaction Phase
[280.448s][info][gc,phases      ] GC(998) Compaction Phase 132.579ms
[280.448s][info][gc,phases,start] GC(998) Post Compact
[280.450s][info][gc,phases      ] GC(998) Post Compact 2.244ms
[280.450s][info][gc,heap        ] GC(998) PSYoungGen: 111616K(222720K)->13923K(222720K) Eden: 111616K(111616K)->13923K(111616K) From: 0K(111104K)->0K(111104K)
[280.450s][info][gc,heap        ] GC(998) ParOldGen: 667568K(667648K)->667568K(667648K)
[280.450s][info][gc,metaspace   ] GC(998) Metaspace: 18765K(18880K)->18765K(18880K) NonClass: 16936K(17024K)->16936K(17024K) Class: 1828K(1856K)->1828K(1856K)
[280.450s][info][gc             ] GC(998) Pause Full (Allocation Failure) 760M->665M(869M) 993.206ms
[280.450s][info][gc,cpu         ] GC(998) User=1.94s Sys=0.00s Real=0.99s
[280.586s][info][gc,start       ] GC(999) Pause Full (Allocation Failure)
[280.586s][info][gc,phases,start] GC(999) Marking Phase
[281.091s][info][gc,phases      ] GC(999) Marking Phase 505.556ms
[281.091s][info][gc,phases,start] GC(999) Summary Phase
[281.091s][info][gc,phases      ] GC(999) Summary Phase 0.025ms
[281.091s][info][gc,phases,start] GC(999) Forward
[281.127s][info][gc,phases      ] GC(999) Forward 35.612ms
[281.127s][info][gc,phases,start] GC(999) Adjust Pointers
[281.490s][info][gc,phases      ] GC(999) Adjust Pointers 362.883ms
[281.490s][info][gc,phases,start] GC(999) Compaction Phase
[281.631s][info][gc,phases      ] GC(999) Compaction Phase 141.389ms
[281.636s][info][gc,phases,start] GC(999) Post Compact
[281.638s][info][gc,phases      ] GC(999) Post Compact 2.306ms
[281.638s][info][gc,heap        ] GC(999) PSYoungGen: 111616K(222720K)->24183K(222720K) Eden: 111616K(111616K)->24183K(111616K) From: 0K(111104K)->0K(111104K)
[281.638s][info][gc,heap        ] GC(999) ParOldGen: 667568K(667648K)->667568K(667648K)
[281.638s][info][gc,metaspace   ] GC(999) Metaspace: 18765K(18880K)->18765K(18880K) NonClass: 16936K(17024K)->16936K(17024K) Class: 1828K(1856K)->1828K(1856K)
[281.638s][info][gc             ] GC(999) Pause Full (Allocation Failure) 760M->675M(869M) 1052.209ms
[281.638s][info][gc,cpu         ] GC(999) User=2.05s Sys=0.00s Real=1.05s
[281.753s][info][gc,start       ] GC(1000) Pause Full (Allocation Failure)
[281.753s][info][gc,phases,start] GC(1000) Marking Phase
[282.278s][info][gc,phases      ] GC(1000) Marking Phase 524.834ms
[282.278s][info][gc,phases,start] GC(1000) Summary Phase
[282.278s][info][gc,phases      ] GC(1000) Summary Phase 0.026ms
[282.278s][info][gc,phases,start] GC(1000) Forward
[282.292s][info][gc,phases      ] GC(1000) Forward 13.482ms
[282.292s][info][gc,phases,start] GC(1000) Adjust Pointers
[282.649s][info][gc,phases      ] GC(1000) Adjust Pointers 356.933ms
[282.649s][info][gc,phases,start] GC(1000) Compaction Phase
[282.790s][info][gc,phases      ] GC(1000) Compaction Phase 140.933ms
[282.790s][info][gc,phases,start] GC(1000) Post Compact
[282.792s][info][gc,phases      ] GC(1000) Post Compact 2.240ms
[282.792s][info][gc,heap        ] GC(1000) PSYoungGen: 111616K(222720K)->40681K(222720K) Eden: 111616K(111616K)->40681K(111616K) From: 0K(111104K)->0K(111104K)
[282.792s][info][gc,heap        ] GC(1000) ParOldGen: 667568K(667648K)->667568K(667648K)
[282.792s][info][gc,metaspace   ] GC(1000) Metaspace: 18765K(18880K)->18765K(18880K) NonClass: 16936K(17024K)->16936K(17024K) Class: 1828K(1856K)->1828K(1856K)
[282.792s][info][gc             ] GC(1000) Pause Full (Allocation Failure) 760M->691M(869M) 1038.892ms
[282.792s][info][gc,cpu         ] GC(1000) User=2.03s Sys=0.01s Real=1.04s
[282.955s][info][gc,start       ] GC(1001) Pause Full (Allocation Failure)
[282.955s][info][gc,phases,start] GC(1001) Marking Phase
[283.381s][info][gc,phases      ] GC(1001) Marking Phase 425.362ms
[283.381s][info][gc,phases,start] GC(1001) Summary Phase
[283.381s][info][gc,phases      ] GC(1001) Summary Phase 0.031ms
[283.381s][info][gc,phases,start] GC(1001) Forward
[283.496s][info][gc,phases      ] GC(1001) Forward 115.391ms
[283.496s][info][gc,phases,start] GC(1001) Adjust Pointers
[283.821s][info][gc,phases      ] GC(1001) Adjust Pointers 324.717ms
[283.821s][info][gc,phases,start] GC(1001) Compaction Phase
[284.015s][info][gc,phases      ] GC(1001) Compaction Phase 194.343ms
[284.025s][info][gc,phases,start] GC(1001) Post Compact
[284.028s][info][gc,phases      ] GC(1001) Post Compact 2.489ms
[284.028s][info][gc,heap        ] GC(1001) PSYoungGen: 111616K(222720K)->0K(222720K) Eden: 111616K(111616K)->0K(111616K) From: 0K(111104K)->0K(111104K)
[284.028s][info][gc,heap        ] GC(1001) ParOldGen: 667568K(667648K)->578261K(667648K)
[284.028s][info][gc,metaspace   ] GC(1001) Metaspace: 18765K(18880K)->18765K(18880K) NonClass: 16936K(17024K)->16936K(17024K) Class: 1828K(1856K)->1828K(1856K)
[284.028s][info][gc             ] GC(1001) Pause Full (Allocation Failure) 760M->564M(869M) 1072.771ms
[284.028s][info][gc,cpu         ] GC(1001) User=2.07s Sys=0.00s Real=1.07s
[284.391s][info][gc,start       ] GC(1002) Pause Young (Allocation Failure)
[284.398s][info][gc,heap        ] GC(1002) PSYoungGen: 111616K(222720K)->4523K(222720K) Eden: 111616K(111616K)->0K(111616K) From: 0K(111104K)->4523K(111104K)
[284.398s][info][gc,heap        ] GC(1002) ParOldGen: 578261K(667648K)->578261K(667648K)
[284.398s][info][gc,metaspace   ] GC(1002) Metaspace: 18767K(18880K)->18767K(18880K) NonClass: 16938K(17024K)->16938K(17024K) Class: 1828K(1856K)->1828K(1856K)
[284.398s][info][gc             ] GC(1002) Pause Young (Allocation Failure) 673M->569M(869M) 6.747ms
[284.398s][info][gc,cpu         ] GC(1002) User=0.01s Sys=0.00s Real=0.01s
[284.529s][info][gc,start       ] GC(1003) Pause Young (Allocation Failure)
[284.544s][info][gc,heap        ] GC(1003) PSYoungGen: 116139K(222720K)->14779K(222720K) Eden: 111616K(111616K)->0K(111616K) From: 4523K(111104K)->14779K(111104K)
[284.544s][info][gc,heap        ] GC(1003) ParOldGen: 578261K(667648K)->578261K(667648K)
[284.544s][info][gc,metaspace   ] GC(1003) Metaspace: 18767K(18880K)->18767K(18880K) NonClass: 16938K(17024K)->16938K(17024K) Class: 1828K(1856K)->1828K(1856K)
[284.544s][info][gc             ] GC(1003) Pause Young (Allocation Failure) 678M->579M(869M) 14.944ms
[284.544s][info][gc,cpu         ] GC(1003) User=0.03s Sys=0.00s Real=0.02s
[284.684s][info][gc,start       ] GC(1004) Pause Young (Allocation Failure)
[284.693s][info][gc,heap        ] GC(1004) PSYoungGen: 126395K(222720K)->5040K(222720K) Eden: 111616K(111616K)->0K(111616K) From: 14779K(111104K)->5040K(111104K)
[284.693s][info][gc,heap        ] GC(1004) ParOldGen: 578261K(667648K)->582777K(667648K)
[284.693s][info][gc,metaspace   ] GC(1004) Metaspace: 18767K(18880K)->18767K(18880K) NonClass: 16938K(17024K)->16938K(17024K) Class: 1828K(1856K)->1828K(1856K)
[284.693s][info][gc             ] GC(1004) Pause Young (Allocation Failure) 688M->574M(869M) 9.955ms
[284.693s][info][gc,cpu         ] GC(1004) User=0.02s Sys=0.00s Real=0.01s
[284.821s][info][gc,start       ] GC(1005) Pause Young (Allocation Failure)
[284.845s][info][gc,heap        ] GC(1005) PSYoungGen: 116656K(222720K)->21296K(222720K) Eden: 111616K(111616K)->0K(111616K) From: 5040K(111104K)->21296K(111104K)
[284.845s][info][gc,heap        ] GC(1005) ParOldGen: 582777K(667648K)->587825K(667648K)
[284.845s][info][gc,metaspace   ] GC(1005) Metaspace: 18767K(18880K)->18767K(18880K) NonClass: 16938K(17024K)->16938K(17024K) Class: 1828K(1856K)->1828K(1856K)
[284.845s][info][gc             ] GC(1005) Pause Young (Allocation Failure) 683M->594M(869M) 23.566ms
[284.845s][info][gc,cpu         ] GC(1005) User=0.04s Sys=0.00s Real=0.03s
[284.987s][info][gc,start       ] GC(1006) Pause Young (Allocation Failure)
[285.021s][info][gc,heap        ] GC(1006) PSYoungGen: 132912K(222720K)->15008K(222720K) Eden: 111616K(111616K)->0K(111616K) From: 21296K(111104K)->15008K(111104K)
[285.022s][info][gc,heap        ] GC(1006) ParOldGen: 587825K(667648K)->609297K(667648K)
[285.022s][info][gc,metaspace   ] GC(1006) Metaspace: 18767K(18880K)->18767K(18880K) NonClass: 16938K(17024K)->16938K(17024K) Class: 1828K(1856K)->1828K(1856K)
[285.022s][info][gc             ] GC(1006) Pause Young (Allocation Failure) 703M->609M(869M) 34.515ms
[285.022s][info][gc,cpu         ] GC(1006) User=0.07s Sys=0.00s Real=0.03s
[285.141s][info][gc,start       ] GC(1007) Pause Young (Allocation Failure)
[285.162s][info][gc,heap        ] GC(1007) PSYoungGen: 126624K(222720K)->1952K(222720K) Eden: 111616K(111616K)->0K(111616K) From: 15008K(111104K)->1952K(111104K)
[285.162s][info][gc,heap        ] GC(1007) ParOldGen: 609297K(667648K)->624313K(667648K)
[285.162s][info][gc,metaspace   ] GC(1007) Metaspace: 18770K(18880K)->18770K(18880K) NonClass: 16941K(17024K)->16941K(17024K) Class: 1828K(1856K)->1828K(1856K)
[285.162s][info][gc             ] GC(1007) Pause Young (Allocation Failure) 718M->611M(869M) 21.679ms
[285.162s][info][gc,cpu         ] GC(1007) User=0.04s Sys=0.00s Real=0.03s
[285.363s][info][gc,start       ] GC(1008) Pause Young (Allocation Failure)
[285.371s][info][gc,heap        ] GC(1008) PSYoungGen: 113568K(222720K)->3296K(222720K) Eden: 111616K(111616K)->0K(111616K) From: 1952K(111104K)->3296K(111104K)
[285.371s][info][gc,heap        ] GC(1008) ParOldGen: 624313K(667648K)->626257K(667648K)
[285.371s][info][gc,metaspace   ] GC(1008) Metaspace: 18770K(18880K)->18770K(18880K) NonClass: 16941K(17024K)->16941K(17024K) Class: 1828K(1856K)->1828K(1856K)
[285.371s][info][gc             ] GC(1008) Pause Young (Allocation Failure) 720M->614M(869M) 8.266ms
[285.371s][info][gc,cpu         ] GC(1008) User=0.01s Sys=0.00s Real=0.00s
[285.640s][info][gc,start       ] GC(1009) Pause Young (Allocation Failure)
[285.647s][info][gc,heap        ] GC(1009) PSYoungGen: 114912K(222720K)->1376K(222720K) Eden: 111616K(111616K)->0K(111616K) From: 3296K(111104K)->1376K(111104K)
[285.647s][info][gc,heap        ] GC(1009) ParOldGen: 626257K(667648K)->629545K(667648K)
[285.647s][info][gc,metaspace   ] GC(1009) Metaspace: 18770K(18880K)->18770K(18880K) NonClass: 16941K(17024K)->16941K(17024K) Class: 1828K(1856K)->1828K(1856K)
[285.647s][info][gc             ] GC(1009) Pause Young (Allocation Failure) 723M->616M(869M) 7.399ms
[285.647s][info][gc,cpu         ] GC(1009) User=0.01s Sys=0.00s Real=0.01s
[285.781s][info][gc,start       ] GC(1010) Pause Young (Allocation Failure)
[285.797s][info][gc,heap        ] GC(1010) PSYoungGen: 112992K(222720K)->13232K(222720K) Eden: 111616K(111616K)->0K(111616K) From: 1376K(111104K)->13232K(111104K)
[285.798s][info][gc,heap        ] GC(1010) ParOldGen: 629545K(667648K)->630886K(667648K)
[285.798s][info][gc,metaspace   ] GC(1010) Metaspace: 18770K(18880K)->18770K(18880K) NonClass: 16941K(17024K)->16941K(17024K) Class: 1828K(1856K)->1828K(1856K)
[285.798s][info][gc             ] GC(1010) Pause Young (Allocation Failure) 725M->629M(869M) 16.782ms
[285.798s][info][gc,cpu         ] GC(1010) User=0.04s Sys=0.00s Real=0.02s
[285.965s][info][gc,start       ] GC(1011) Pause Young (Allocation Failure)
[285.985s][info][gc,heap        ] GC(1011) PSYoungGen: 124848K(222720K)->5872K(222720K) Eden: 111616K(111616K)->0K(111616K) From: 13232K(111104K)->5872K(111104K)
[285.985s][info][gc,heap        ] GC(1011) ParOldGen: 630886K(667648K)->644190K(667648K)
[285.985s][info][gc,metaspace   ] GC(1011) Metaspace: 18770K(18880K)->18770K(18880K) NonClass: 16941K(17024K)->16941K(17024K) Class: 1828K(1856K)->1828K(1856K)
[285.985s][info][gc             ] GC(1011) Pause Young (Allocation Failure) 738M->634M(869M) 20.321ms
[285.985s][info][gc,cpu         ] GC(1011) User=0.04s Sys=0.00s Real=0.02s
[286.048s][info][gc,start       ] GC(1012) Pause Full (Allocation Failure)
[286.048s][info][gc,phases,start] GC(1012) Marking Phase
[286.381s][info][gc,phases      ] GC(1012) Marking Phase 333.132ms
[286.381s][info][gc,phases,start] GC(1012) Summary Phase
[286.381s][info][gc,phases      ] GC(1012) Summary Phase 0.030ms
[286.381s][info][gc,phases,start] GC(1012) Forward
[286.452s][info][gc,phases      ] GC(1012) Forward 70.894ms
[286.452s][info][gc,phases,start] GC(1012) Adjust Pointers
[286.683s][info][gc,phases      ] GC(1012) Adjust Pointers 230.603ms
[286.683s][info][gc,phases,start] GC(1012) Compaction Phase
[286.785s][info][gc,phases      ] GC(1012) Compaction Phase 102.094ms
[286.791s][info][gc,phases,start] GC(1012) Post Compact
[286.794s][info][gc,phases      ] GC(1012) Post Compact 2.236ms
[286.794s][info][gc,heap        ] GC(1012) PSYoungGen: 117488K(222720K)->0K(222720K) Eden: 111616K(111616K)->0K(111616K) From: 5872K(111104K)->0K(111104K)
[286.794s][info][gc,heap        ] GC(1012) ParOldGen: 644190K(667648K)->465044K(667648K)
[286.794s][info][gc,metaspace   ] GC(1012) Metaspace: 18770K(18880K)->18770K(18880K) NonClass: 16941K(17024K)->16941K(17024K) Class: 1828K(1856K)->1828K(1856K)
[286.794s][info][gc             ] GC(1012) Pause Full (Allocation Failure) 743M->454M(869M) 745.827ms
[286.794s][info][gc,cpu         ] GC(1012) User=1.41s Sys=0.00s Real=0.75s
[286.930s][info][gc,start       ] GC(1013) Pause Young (Allocation Failure)
[286.959s][info][gc,heap        ] GC(1013) PSYoungGen: 111616K(222720K)->32208K(222720K) Eden: 111616K(111616K)->0K(111616K) From: 0K(111104K)->32208K(111104K)
[286.959s][info][gc,heap        ] GC(1013) ParOldGen: 465044K(667648K)->465044K(667648K)
[286.959s][info][gc,metaspace   ] GC(1013) Metaspace: 18770K(18880K)->18770K(18880K) NonClass: 16941K(17024K)->16941K(17024K) Class: 1828K(1856K)->1828K(1856K)
[286.959s][info][gc             ] GC(1013) Pause Young (Allocation Failure) 563M->485M(869M) 28.886ms
[286.959s][info][gc,cpu         ] GC(1013) User=0.06s Sys=0.00s Real=0.03s
[287.081s][info][gc,start       ] GC(1014) Pause Young (Allocation Failure)
[287.110s][info][gc,heap        ] GC(1014) PSYoungGen: 143824K(222720K)->35376K(212480K) Eden: 111616K(111616K)->0K(111616K) From: 32208K(111104K)->35376K(100864K)
[287.110s][info][gc,heap        ] GC(1014) ParOldGen: 465044K(667648K)->465044K(667648K)
[287.110s][info][gc,metaspace   ] GC(1014) Metaspace: 18770K(18880K)->18770K(18880K) NonClass: 16941K(17024K)->16941K(17024K) Class: 1828K(1856K)->1828K(1856K)
[287.110s][info][gc             ] GC(1014) Pause Young (Allocation Failure) 594M->488M(859M) 28.328ms
[287.110s][info][gc,cpu         ] GC(1014) User=0.06s Sys=0.00s Real=0.03s
[287.291s][info][gc,start       ] GC(1015) Pause Young (Allocation Failure)
[287.361s][info][gc,heap        ] GC(1015) PSYoungGen: 146992K(212480K)->63920K(217600K) Eden: 111616K(111616K)->0K(111616K) From: 35376K(100864K)->63920K(105984K)
[287.361s][info][gc,heap        ] GC(1015) ParOldGen: 465044K(667648K)->465044K(667648K)
[287.361s][info][gc,metaspace   ] GC(1015) Metaspace: 18770K(18880K)->18770K(18880K) NonClass: 16941K(17024K)->16941K(17024K) Class: 1828K(1856K)->1828K(1856K)
[287.361s][info][gc             ] GC(1015) Pause Young (Allocation Failure) 597M->516M(864M) 69.625ms
[287.361s][info][gc,cpu         ] GC(1015) User=0.13s Sys=0.00s Real=0.07s
[287.487s][info][gc,start       ] GC(1016) Pause Young (Allocation Failure)
[287.570s][info][gc,heap        ] GC(1016) PSYoungGen: 175536K(217600K)->45696K(224768K) Eden: 111616K(111616K)->0K(113664K) From: 63920K(105984K)->45696K(111104K)
[287.570s][info][gc,heap        ] GC(1016) ParOldGen: 465044K(667648K)->500716K(667648K)
[287.570s][info][gc,metaspace   ] GC(1016) Metaspace: 18770K(18880K)->18770K(18880K) NonClass: 16941K(17024K)->16941K(17024K) Class: 1828K(1856K)->1828K(1856K)
[287.570s][info][gc             ] GC(1016) Pause Young (Allocation Failure) 625M->533M(871M) 83.179ms
[287.570s][info][gc,cpu         ] GC(1016) User=0.17s Sys=0.00s Real=0.08s
[287.695s][info][gc,start       ] GC(1017) Pause Young (Allocation Failure)
[287.766s][info][gc,heap        ] GC(1017) PSYoungGen: 159360K(224768K)->60992K(222720K) Eden: 113664K(113664K)->0K(113664K) From: 45696K(111104K)->60992K(109056K)
[287.766s][info][gc,heap        ] GC(1017) ParOldGen: 500716K(667648K)->500716K(667648K)
[287.766s][info][gc,metaspace   ] GC(1017) Metaspace: 18770K(18880K)->18770K(18880K) NonClass: 16941K(17024K)->16941K(17024K) Class: 1828K(1856K)->1828K(1856K)
[287.766s][info][gc             ] GC(1017) Pause Young (Allocation Failure) 644M->548M(869M) 70.593ms
[287.766s][info][gc,cpu         ] GC(1017) User=0.14s Sys=0.00s Real=0.07s
[287.843s][info][gc,start       ] GC(1018) Pause Young (Allocation Failure)
[287.916s][info][gc,heap        ] GC(1018) PSYoungGen: 174656K(222720K)->15520K(219648K) Eden: 113664K(113664K)->0K(113664K) From: 60992K(109056K)->15520K(105984K)
[287.916s][info][gc,heap        ] GC(1018) ParOldGen: 500716K(667648K)->546500K(667648K)
[287.916s][info][gc,metaspace   ] GC(1018) Metaspace: 18770K(18880K)->18770K(18880K) NonClass: 16941K(17024K)->16941K(17024K) Class: 1828K(1856K)->1828K(1856K)
[287.916s][info][gc             ] GC(1018) Pause Young (Allocation Failure) 659M->548M(866M) 73.079ms
[287.916s][info][gc,cpu         ] GC(1018) User=0.14s Sys=0.00s Real=0.07s
[288.035s][info][gc,start       ] GC(1019) Pause Young (Allocation Failure)
[288.064s][info][gc,heap        ] GC(1019) PSYoungGen: 129184K(219648K)->16256K(221184K) Eden: 113664K(113664K)->0K(113664K) From: 15520K(105984K)->16256K(107520K)
[288.064s][info][gc,heap        ] GC(1019) ParOldGen: 546500K(667648K)->546500K(667648K)
[288.064s][info][gc,metaspace   ] GC(1019) Metaspace: 18770K(18880K)->18770K(18880K) NonClass: 16941K(17024K)->16941K(17024K) Class: 1828K(1856K)->1828K(1856K)
[288.064s][info][gc             ] GC(1019) Pause Young (Allocation Failure) 659M->549M(868M) 28.757ms
[288.064s][info][gc,cpu         ] GC(1019) User=0.06s Sys=0.00s Real=0.03s
[288.182s][info][gc,start       ] GC(1020) Pause Young (Allocation Failure)
[288.209s][info][gc,heap        ] GC(1020) PSYoungGen: 129920K(221184K)->20512K(212992K) Eden: 113664K(113664K)->0K(120320K) From: 16256K(107520K)->20512K(92672K)
[288.209s][info][gc,heap        ] GC(1020) ParOldGen: 546500K(667648K)->546500K(667648K)
[288.209s][info][gc,metaspace   ] GC(1020) Metaspace: 18770K(18880K)->18770K(18880K) NonClass: 16941K(17024K)->16941K(17024K) Class: 1828K(1856K)->1828K(1856K)
[288.209s][info][gc             ] GC(1020) Pause Young (Allocation Failure) 660M->553M(860M) 27.026ms
[288.209s][info][gc,cpu         ] GC(1020) User=0.05s Sys=0.00s Real=0.02s
[288.358s][info][gc,start       ] GC(1021) Pause Young (Allocation Failure)
[288.390s][info][gc,heap        ] GC(1021) PSYoungGen: 140832K(212992K)->30656K(218112K) Eden: 120320K(120320K)->0K(120320K) From: 20512K(92672K)->30656K(97792K)
[288.390s][info][gc,heap        ] GC(1021) ParOldGen: 546500K(667648K)->546500K(667648K)
[288.390s][info][gc,metaspace   ] GC(1021) Metaspace: 18770K(18880K)->18770K(18880K) NonClass: 16941K(17024K)->16941K(17024K) Class: 1828K(1856K)->1828K(1856K)
[288.390s][info][gc             ] GC(1021) Pause Young (Allocation Failure) 671M->563M(865M) 32.049ms
[288.390s][info][gc,cpu         ] GC(1021) User=0.06s Sys=0.00s Real=0.03s
[288.538s][info][gc,start       ] GC(1022) Pause Young (Allocation Failure)
[288.592s][info][gc,heap        ] GC(1022) PSYoungGen: 150976K(218112K)->59248K(213504K) Eden: 120320K(120320K)->0K(122368K) From: 30656K(97792K)->59248K(91136K)
[288.592s][info][gc,heap        ] GC(1022) ParOldGen: 546500K(667648K)->546500K(667648K)
[288.592s][info][gc,metaspace   ] GC(1022) Metaspace: 18770K(18880K)->18770K(18880K) NonClass: 16941K(17024K)->16941K(17024K) Class: 1828K(1856K)->1828K(1856K)
[288.592s][info][gc             ] GC(1022) Pause Young (Allocation Failure) 681M->591M(860M) 54.752ms
[288.592s][info][gc,cpu         ] GC(1022) User=0.11s Sys=0.00s Real=0.06s
[288.695s][info][gc,start       ] GC(1023) Pause Young (Allocation Failure)
[288.773s][info][gc,heap        ] GC(1023) PSYoungGen: 181616K(213504K)->92032K(218112K) Eden: 122368K(122368K)->0K(122368K) From: 59248K(91136K)->92032K(95744K)
[288.773s][info][gc,heap        ] GC(1023) ParOldGen: 546500K(667648K)->546500K(667648K)
[288.773s][info][gc,metaspace   ] GC(1023) Metaspace: 18770K(18880K)->18770K(18880K) NonClass: 16941K(17024K)->16941K(17024K) Class: 1828K(1856K)->1828K(1856K)
[288.773s][info][gc             ] GC(1023) Pause Young (Allocation Failure) 711M->623M(865M) 78.772ms
[288.773s][info][gc,cpu         ] GC(1023) User=0.16s Sys=0.00s Real=0.08s
[288.953s][info][gc,start       ] GC(1024) Pause Young (Allocation Failure)
[289.059s][info][gc,heap        ] GC(1024) PSYoungGen: 214400K(218112K)->104128K(222720K) Eden: 122368K(122368K)->0K(111616K) From: 92032K(95744K)->104128K(111104K)
[289.059s][info][gc,heap        ] GC(1024) ParOldGen: 546500K(667648K)->546500K(667648K)
[289.059s][info][gc,metaspace   ] GC(1024) Metaspace: 18770K(18880K)->18770K(18880K) NonClass: 16941K(17024K)->16941K(17024K) Class: 1828K(1856K)->1828K(1856K)
[289.059s][info][gc             ] GC(1024) Pause Young (Allocation Failure) 743M->635M(869M) 106.217ms
[289.059s][info][gc,cpu         ] GC(1024) User=0.21s Sys=0.01s Real=0.10s
[289.280s][info][gc,start       ] GC(1025) Pause Young (Allocation Failure)
[289.379s][info][gc,heap        ] GC(1025) PSYoungGen: 215744K(222720K)->88624K(222720K) Eden: 111616K(111616K)->0K(111616K) From: 104128K(111104K)->88624K(111104K)
[289.379s][info][gc,heap        ] GC(1025) ParOldGen: 546500K(667648K)->562076K(667648K)
[289.379s][info][gc,metaspace   ] GC(1025) Metaspace: 18770K(18880K)->18770K(18880K) NonClass: 16941K(17024K)->16941K(17024K) Class: 1828K(1856K)->1828K(1856K)
[289.379s][info][gc             ] GC(1025) Pause Young (Allocation Failure) 744M->635M(869M) 98.639ms
[289.379s][info][gc,cpu         ] GC(1025) User=0.19s Sys=0.00s Real=0.10s
[289.508s][info][gc,start       ] GC(1026) Pause Young (Allocation Failure)
[289.609s][info][gc,heap        ] GC(1026) PSYoungGen: 200240K(222720K)->103536K(222720K) Eden: 111616K(111616K)->0K(111616K) From: 88624K(111104K)->103536K(111104K)
[289.609s][info][gc,heap        ] GC(1026) ParOldGen: 562076K(667648K)->567044K(667648K)
[289.609s][info][gc,metaspace   ] GC(1026) Metaspace: 18770K(18880K)->18770K(18880K) NonClass: 16941K(17024K)->16941K(17024K) Class: 1828K(1856K)->1828K(1856K)
[289.609s][info][gc             ] GC(1026) Pause Young (Allocation Failure) 744M->654M(869M) 100.713ms
[289.609s][info][gc,cpu         ] GC(1026) User=0.20s Sys=0.00s Real=0.10s
[289.716s][info][gc,start       ] GC(1027) Pause Young (Allocation Failure)
[289.814s][info][gc,heap        ] GC(1027) PSYoungGen: 215152K(222720K)->68192K(222720K) Eden: 111616K(111616K)->0K(111616K) From: 103536K(111104K)->68192K(111104K)
[289.814s][info][gc,heap        ] GC(1027) ParOldGen: 567044K(667648K)->606125K(667648K)
[289.814s][info][gc,metaspace   ] GC(1027) Metaspace: 18770K(18880K)->18770K(18880K) NonClass: 16941K(17024K)->16941K(17024K) Class: 1828K(1856K)->1828K(1856K)
[289.814s][info][gc             ] GC(1027) Pause Young (Allocation Failure) 763M->658M(869M) 98.545ms
[289.814s][info][gc,cpu         ] GC(1027) User=0.19s Sys=0.00s Real=0.10s
[289.947s][info][gc,start       ] GC(1028) Pause Young (Allocation Failure)
[290.018s][info][gc,heap        ] GC(1028) PSYoungGen: 179808K(222720K)->25504K(222720K) Eden: 111616K(111616K)->0K(111616K) From: 68192K(111104K)->25504K(111104K)
[290.019s][info][gc,heap        ] GC(1028) ParOldGen: 606125K(667648K)->651309K(667648K)
[290.019s][info][gc,metaspace   ] GC(1028) Metaspace: 18770K(18880K)->18770K(18880K) NonClass: 16941K(17024K)->16941K(17024K) Class: 1828K(1856K)->1828K(1856K)
[290.019s][info][gc             ] GC(1028) Pause Young (Allocation Failure) 767M->660M(869M) 71.147ms
[290.019s][info][gc,cpu         ] GC(1028) User=0.14s Sys=0.00s Real=0.07s
[290.153s][info][gc,start       ] GC(1029) Pause Full (Allocation Failure)
[290.153s][info][gc,phases,start] GC(1029) Marking Phase
[290.503s][info][gc,phases      ] GC(1029) Marking Phase 350.829ms
[290.503s][info][gc,phases,start] GC(1029) Summary Phase
[290.504s][info][gc,phases      ] GC(1029) Summary Phase 0.026ms
[290.504s][info][gc,phases,start] GC(1029) Forward
[290.614s][info][gc,phases      ] GC(1029) Forward 110.624ms
[290.614s][info][gc,phases,start] GC(1029) Adjust Pointers
[290.882s][info][gc,phases      ] GC(1029) Adjust Pointers 267.931ms
[290.882s][info][gc,phases,start] GC(1029) Compaction Phase
[291.027s][info][gc,phases      ] GC(1029) Compaction Phase 145.164ms
[291.037s][info][gc,phases,start] GC(1029) Post Compact
[291.039s][info][gc,phases      ] GC(1029) Post Compact 2.331ms
[291.039s][info][gc,heap        ] GC(1029) PSYoungGen: 137120K(222720K)->0K(222720K) Eden: 111616K(111616K)->0K(111616K) From: 25504K(111104K)->0K(111104K)
[291.039s][info][gc,heap        ] GC(1029) ParOldGen: 651309K(667648K)->500479K(667648K)
[291.039s][info][gc,metaspace   ] GC(1029) Metaspace: 18770K(18880K)->18770K(18880K) NonClass: 16941K(17024K)->16941K(17024K) Class: 1828K(1856K)->1828K(1856K)
[291.039s][info][gc             ] GC(1029) Pause Full (Allocation Failure) 769M->488M(869M) 886.549ms
[291.039s][info][gc,cpu         ] GC(1029) User=1.68s Sys=0.01s Real=0.88s
[291.339s][info][gc,start       ] GC(1030) Pause Young (Allocation Failure)
[291.341s][info][gc,heap        ] GC(1030) PSYoungGen: 111616K(222720K)->96K(222720K) Eden: 111616K(111616K)->0K(111616K) From: 0K(111104K)->96K(111104K)
[291.341s][info][gc,heap        ] GC(1030) ParOldGen: 500479K(667648K)->500479K(667648K)
[291.341s][info][gc,metaspace   ] GC(1030) Metaspace: 18770K(18880K)->18770K(18880K) NonClass: 16941K(17024K)->16941K(17024K) Class: 1828K(1856K)->1828K(1856K)
[291.341s][info][gc             ] GC(1030) Pause Young (Allocation Failure) 597M->488M(869M) 2.440ms
[291.341s][info][gc,cpu         ] GC(1030) User=0.01s Sys=0.00s Real=0.00s
[291.624s][info][gc,start       ] GC(1031) Pause Young (Allocation Failure)
[291.626s][info][gc,heap        ] GC(1031) PSYoungGen: 111712K(222720K)->96K(222720K) Eden: 111616K(111616K)->0K(111616K) From: 96K(111104K)->96K(111104K)
[291.626s][info][gc,heap        ] GC(1031) ParOldGen: 500479K(667648K)->500479K(667648K)
[291.626s][info][gc,metaspace   ] GC(1031) Metaspace: 18770K(18880K)->18770K(18880K) NonClass: 16941K(17024K)->16941K(17024K) Class: 1828K(1856K)->1828K(1856K)
[291.626s][info][gc             ] GC(1031) Pause Young (Allocation Failure) 597M->488M(869M) 2.069ms
[291.626s][info][gc,cpu         ] GC(1031) User=0.00s Sys=0.00s Real=0.00s
[291.887s][info][gc,start       ] GC(1032) Pause Young (Allocation Failure)
[291.889s][info][gc,heap        ] GC(1032) PSYoungGen: 111712K(222720K)->64K(222720K) Eden: 111616K(111616K)->0K(111616K) From: 96K(111104K)->64K(111104K)
[291.889s][info][gc,heap        ] GC(1032) ParOldGen: 500479K(667648K)->500557K(667648K)
[291.889s][info][gc,metaspace   ] GC(1032) Metaspace: 18770K(18880K)->18770K(18880K) NonClass: 16941K(17024K)->16941K(17024K) Class: 1828K(1856K)->1828K(1856K)
[291.889s][info][gc             ] GC(1032) Pause Young (Allocation Failure) 597M->488M(869M) 1.750ms
[291.889s][info][gc,cpu         ] GC(1032) User=0.00s Sys=0.00s Real=0.00s
[292.139s][info][gc,start       ] GC(1033) Pause Young (Allocation Failure)
[292.146s][info][gc,heap        ] GC(1033) PSYoungGen: 111680K(222720K)->64K(222720K) Eden: 111616K(111616K)->0K(111616K) From: 64K(111104K)->64K(111104K)
[292.146s][info][gc,heap        ] GC(1033) ParOldGen: 500557K(667648K)->500565K(667648K)
[292.146s][info][gc,metaspace   ] GC(1033) Metaspace: 18770K(18880K)->18770K(18880K) NonClass: 16941K(17024K)->16941K(17024K) Class: 1828K(1856K)->1828K(1856K)
[292.146s][info][gc             ] GC(1033) Pause Young (Allocation Failure) 597M->488M(869M) 7.058ms
[292.146s][info][gc,cpu         ] GC(1033) User=0.01s Sys=0.00s Real=0.01s
[292.294s][info][gc,start       ] GC(1034) Pause Young (Allocation Failure)
[292.310s][info][gc,heap        ] GC(1034) PSYoungGen: 111680K(222720K)->19776K(222720K) Eden: 111616K(111616K)->0K(111616K) From: 64K(111104K)->19776K(111104K)
[292.310s][info][gc,heap        ] GC(1034) ParOldGen: 500565K(667648K)->500605K(667648K)
[292.310s][info][gc,metaspace   ] GC(1034) Metaspace: 18770K(18880K)->18770K(18880K) NonClass: 16941K(17024K)->16941K(17024K) Class: 1828K(1856K)->1828K(1856K)
[292.310s][info][gc             ] GC(1034) Pause Young (Allocation Failure) 597M->508M(869M) 15.793ms
[292.310s][info][gc,cpu         ] GC(1034) User=0.03s Sys=0.00s Real=0.01s
[292.372s][info][gc,start       ] GC(1035) Pause Young (Allocation Failure)
[292.414s][info][gc,heap        ] GC(1035) PSYoungGen: 131392K(222720K)->41312K(222720K) Eden: 111616K(111616K)->0K(111616K) From: 19776K(111104K)->41312K(111104K)
[292.415s][info][gc,heap        ] GC(1035) ParOldGen: 500605K(667648K)->520616K(667648K)
[292.415s][info][gc,metaspace   ] GC(1035) Metaspace: 18770K(18880K)->18770K(18880K) NonClass: 16941K(17024K)->16941K(17024K) Class: 1828K(1856K)->1828K(1856K)
[292.415s][info][gc             ] GC(1035) Pause Young (Allocation Failure) 617M->548M(869M) 43.072ms
[292.415s][info][gc,cpu         ] GC(1035) User=0.09s Sys=0.00s Real=0.05s
[292.596s][info][gc,start       ] GC(1036) Pause Young (Allocation Failure)
[292.633s][info][gc,heap        ] GC(1036) PSYoungGen: 152928K(222720K)->13376K(222720K) Eden: 111616K(111616K)->0K(111616K) From: 41312K(111104K)->13376K(111104K)
[292.633s][info][gc,heap        ] GC(1036) ParOldGen: 520616K(667648K)->562391K(667648K)
[292.633s][info][gc,metaspace   ] GC(1036) Metaspace: 18770K(18880K)->18770K(18880K) NonClass: 16941K(17024K)->16941K(17024K) Class: 1828K(1856K)->1828K(1856K)
[292.633s][info][gc             ] GC(1036) Pause Young (Allocation Failure) 657M->562M(869M) 37.500ms
[292.633s][info][gc,cpu         ] GC(1036) User=0.07s Sys=0.00s Real=0.04s
[292.765s][info][gc,start       ] GC(1037) Pause Young (Allocation Failure)
[292.788s][info][gc,heap        ] GC(1037) PSYoungGen: 124992K(222720K)->1856K(222720K) Eden: 111616K(111616K)->0K(111616K) From: 13376K(111104K)->1856K(111104K)
[292.788s][info][gc,heap        ] GC(1037) ParOldGen: 562391K(667648K)->575879K(667648K)
[292.788s][info][gc,metaspace   ] GC(1037) Metaspace: 18770K(18880K)->18770K(18880K) NonClass: 16941K(17024K)->16941K(17024K) Class: 1828K(1856K)->1828K(1856K)
[292.788s][info][gc             ] GC(1037) Pause Young (Allocation Failure) 671M->564M(869M) 23.132ms
[292.788s][info][gc,cpu         ] GC(1037) User=0.05s Sys=0.00s Real=0.02s
[292.954s][info][gc,start       ] GC(1038) Pause Young (Allocation Failure)
[292.986s][info][gc,heap        ] GC(1038) PSYoungGen: 113472K(222720K)->18560K(211456K) Eden: 111616K(111616K)->0K(111616K) From: 1856K(111104K)->18560K(99840K)
[292.986s][info][gc,heap        ] GC(1038) ParOldGen: 575879K(667648K)->577711K(667648K)
[292.986s][info][gc,metaspace   ] GC(1038) Metaspace: 18770K(18880K)->18770K(18880K) NonClass: 16941K(17024K)->16941K(17024K) Class: 1828K(1856K)->1828K(1856K)
[292.986s][info][gc             ] GC(1038) Pause Young (Allocation Failure) 673M->582M(858M) 31.667ms
[292.986s][info][gc,cpu         ] GC(1038) User=0.06s Sys=0.00s Real=0.03s
[293.169s][info][gc,start       ] GC(1039) Pause Young (Allocation Failure)
[293.203s][info][gc,heap        ] GC(1039) PSYoungGen: 130176K(211456K)->18592K(130560K) Eden: 111616K(111616K)->0K(111616K) From: 18560K(99840K)->18592K(18944K)
[293.203s][info][gc,heap        ] GC(1039) ParOldGen: 577711K(667648K)->577711K(667648K)
[293.203s][info][gc,metaspace   ] GC(1039) Metaspace: 18770K(18880K)->18770K(18880K) NonClass: 16941K(17024K)->16941K(17024K) Class: 1828K(1856K)->1828K(1856K)
[293.203s][info][gc             ] GC(1039) Pause Young (Allocation Failure) 691M->582M(779M) 34.089ms
[293.203s][info][gc,cpu         ] GC(1039) User=0.07s Sys=0.00s Real=0.04s
[293.347s][info][gc,start       ] GC(1040) Pause Young (Allocation Failure)
[293.373s][info][gc,heap        ] GC(1040) PSYoungGen: 130208K(130560K)->18880K(205312K) Eden: 111616K(111616K)->0K(117248K) From: 18592K(18944K)->18880K(88064K)
[293.373s][info][gc,heap        ] GC(1040) ParOldGen: 577711K(667648K)->577711K(667648K)
[293.373s][info][gc,metaspace   ] GC(1040) Metaspace: 18770K(18880K)->18770K(18880K) NonClass: 16941K(17024K)->16941K(17024K) Class: 1828K(1856K)->1828K(1856K)
[293.373s][info][gc             ] GC(1040) Pause Young (Allocation Failure) 691M->582M(852M) 25.802ms
[293.373s][info][gc,cpu         ] GC(1040) User=0.05s Sys=0.00s Real=0.03s
[293.500s][info][gc,start       ] GC(1041) Pause Young (Allocation Failure)
[293.543s][info][gc,heap        ] GC(1041) PSYoungGen: 136128K(205312K)->42585K(210944K) Eden: 117248K(117248K)->0K(117248K) From: 18880K(88064K)->42585K(93696K)
[293.543s][info][gc,heap        ] GC(1041) ParOldGen: 577711K(667648K)->577711K(667648K)
[293.543s][info][gc,metaspace   ] GC(1041) Metaspace: 18770K(18880K)->18770K(18880K) NonClass: 16941K(17024K)->16941K(17024K) Class: 1828K(1856K)->1828K(1856K)
[293.543s][info][gc             ] GC(1041) Pause Young (Allocation Failure) 697M->605M(858M) 43.054ms
[293.543s][info][gc,cpu         ] GC(1041) User=0.09s Sys=0.00s Real=0.05s
[293.600s][info][gc,start       ] GC(1042) Pause Young (Allocation Failure)
[293.666s][info][gc,heap        ] GC(1042) PSYoungGen: 159833K(210944K)->81577K(203264K) Eden: 117248K(117248K)->0K(110080K) From: 42585K(93696K)->81577K(93184K)
[293.667s][info][gc,heap        ] GC(1042) ParOldGen: 577711K(667648K)->577711K(667648K)
[293.667s][info][gc,metaspace   ] GC(1042) Metaspace: 18770K(18880K)->18770K(18880K) NonClass: 16941K(17024K)->16941K(17024K) Class: 1828K(1856K)->1828K(1856K)
[293.667s][info][gc             ] GC(1042) Pause Young (Allocation Failure) 720M->643M(850M) 66.540ms
[293.667s][info][gc,cpu         ] GC(1042) User=0.13s Sys=0.00s Real=0.07s
[293.820s][info][gc,start       ] GC(1043) Pause Young (Allocation Failure)
[293.888s][info][gc,heap        ] GC(1043) PSYoungGen: 191657K(203264K)->92777K(216576K) Eden: 110080K(110080K)->0K(110080K) From: 81577K(93184K)->92777K(106496K)
[293.888s][info][gc,heap        ] GC(1043) ParOldGen: 577711K(667648K)->577711K(667648K)
[293.888s][info][gc,metaspace   ] GC(1043) Metaspace: 18770K(18880K)->18770K(18880K) NonClass: 16941K(17024K)->16941K(17024K) Class: 1828K(1856K)->1828K(1856K)
[293.888s][info][gc             ] GC(1043) Pause Young (Allocation Failure) 751M->654M(863M) 68.525ms
[293.888s][info][gc,cpu         ] GC(1043) User=0.13s Sys=0.00s Real=0.07s
[293.964s][info][gc,start       ] GC(1044) Pause Young (Allocation Failure)
[294.033s][info][gc,heap        ] GC(1044) PSYoungGen: 202857K(216576K)->76265K(222720K) Eden: 110080K(110080K)->0K(111616K) From: 92777K(106496K)->76265K(111104K)
[294.033s][info][gc,heap        ] GC(1044) ParOldGen: 577711K(667648K)->596319K(667648K)
[294.033s][info][gc,metaspace   ] GC(1044) Metaspace: 18770K(18880K)->18770K(18880K) NonClass: 16941K(17024K)->16941K(17024K) Class: 1828K(1856K)->1828K(1856K)
[294.033s][info][gc             ] GC(1044) Pause Young (Allocation Failure) 762M->656M(869M) 69.389ms
[294.033s][info][gc,cpu         ] GC(1044) User=0.14s Sys=0.00s Real=0.07s
[294.192s][info][gc,start       ] GC(1045) Pause Young (Allocation Failure)
[294.272s][info][gc,heap        ] GC(1045) PSYoungGen: 187881K(222720K)->71328K(222720K) Eden: 111616K(111616K)->0K(111616K) From: 76265K(111104K)->71328K(111104K)
[294.272s][info][gc,heap        ] GC(1045) ParOldGen: 596319K(667648K)->620617K(667648K)
[294.272s][info][gc,metaspace   ] GC(1045) Metaspace: 18770K(18880K)->18770K(18880K) NonClass: 16941K(17024K)->16941K(17024K) Class: 1828K(1856K)->1828K(1856K)
[294.272s][info][gc             ] GC(1045) Pause Young (Allocation Failure) 765M->675M(869M) 80.371ms
[294.272s][info][gc,cpu         ] GC(1045) User=0.16s Sys=0.00s Real=0.09s
[294.415s][info][gc,start       ] GC(1046) Pause Full (Allocation Failure)
[294.415s][info][gc,phases,start] GC(1046) Marking Phase
[294.757s][info][gc,phases      ] GC(1046) Marking Phase 341.398ms
[294.757s][info][gc,phases,start] GC(1046) Summary Phase
[294.757s][info][gc,phases      ] GC(1046) Summary Phase 0.029ms
[294.757s][info][gc,phases,start] GC(1046) Forward
[294.868s][info][gc,phases      ] GC(1046) Forward 111.147ms
[294.868s][info][gc,phases,start] GC(1046) Adjust Pointers
[295.142s][info][gc,phases      ] GC(1046) Adjust Pointers 273.458ms
[295.142s][info][gc,phases,start] GC(1046) Compaction Phase
[295.300s][info][gc,phases      ] GC(1046) Compaction Phase 158.666ms
[295.312s][info][gc,phases,start] GC(1046) Post Compact
[295.315s][info][gc,phases      ] GC(1046) Post Compact 2.384ms
[295.315s][info][gc,heap        ] GC(1046) PSYoungGen: 182944K(222720K)->0K(222720K) Eden: 111616K(111616K)->0K(111616K) From: 71328K(111104K)->0K(111104K)
[295.315s][info][gc,heap        ] GC(1046) ParOldGen: 620617K(667648K)->514990K(667648K)
[295.315s][info][gc,metaspace   ] GC(1046) Metaspace: 18770K(18880K)->18770K(18880K) NonClass: 16941K(17024K)->16941K(17024K) Class: 1828K(1856K)->1828K(1856K)
[295.315s][info][gc             ] GC(1046) Pause Full (Allocation Failure) 784M->502M(869M) 899.727ms
[295.315s][info][gc,cpu         ] GC(1046) User=1.70s Sys=0.00s Real=0.90s
[295.459s][info][gc,start       ] GC(1047) Pause Young (Allocation Failure)
[295.461s][info][gc,heap        ] GC(1047) PSYoungGen: 111616K(222720K)->64K(222720K) Eden: 111616K(111616K)->0K(111616K) From: 0K(111104K)->64K(111104K)
[295.461s][info][gc,heap        ] GC(1047) ParOldGen: 514990K(667648K)->514990K(667648K)
[295.461s][info][gc,metaspace   ] GC(1047) Metaspace: 18770K(18880K)->18770K(18880K) NonClass: 16941K(17024K)->16941K(17024K) Class: 1828K(1856K)->1828K(1856K)
[295.461s][info][gc             ] GC(1047) Pause Young (Allocation Failure) 611M->502M(869M) 1.710ms
[295.461s][info][gc,cpu         ] GC(1047) User=0.00s Sys=0.00s Real=0.00s
[295.608s][info][gc,start       ] GC(1048) Pause Young (Allocation Failure)
[295.609s][info][gc,heap        ] GC(1048) PSYoungGen: 111680K(222720K)->64K(222720K) Eden: 111616K(111616K)->0K(111616K) From: 64K(111104K)->64K(111104K)
[295.609s][info][gc,heap        ] GC(1048) ParOldGen: 514990K(667648K)->514990K(667648K)
[295.609s][info][gc,metaspace   ] GC(1048) Metaspace: 18770K(18880K)->18770K(18880K) NonClass: 16941K(17024K)->16941K(17024K) Class: 1828K(1856K)->1828K(1856K)
[295.609s][info][gc             ] GC(1048) Pause Young (Allocation Failure) 611M->502M(869M) 1.755ms
[295.609s][info][gc,cpu         ] GC(1048) User=0.00s Sys=0.00s Real=0.00s
[295.754s][info][gc,start       ] GC(1049) Pause Young (Allocation Failure)
[295.756s][info][gc,heap        ] GC(1049) PSYoungGen: 111680K(222720K)->64K(222720K) Eden: 111616K(111616K)->0K(111616K) From: 64K(111104K)->64K(111104K)
[295.756s][info][gc,heap        ] GC(1049) ParOldGen: 514990K(667648K)->514998K(667648K)
[295.756s][info][gc,metaspace   ] GC(1049) Metaspace: 18770K(18880K)->18770K(18880K) NonClass: 16941K(17024K)->16941K(17024K) Class: 1828K(1856K)->1828K(1856K)
[295.756s][info][gc             ] GC(1049) Pause Young (Allocation Failure) 611M->502M(869M) 1.821ms
[295.756s][info][gc,cpu         ] GC(1049) User=0.00s Sys=0.00s Real=0.00s
[295.899s][info][gc,start       ] GC(1050) Pause Young (Allocation Failure)
[295.901s][info][gc,heap        ] GC(1050) PSYoungGen: 111680K(222720K)->64K(222720K) Eden: 111616K(111616K)->0K(111616K) From: 64K(111104K)->64K(111104K)
[295.901s][info][gc,heap        ] GC(1050) ParOldGen: 514998K(667648K)->514998K(667648K)
[295.901s][info][gc,metaspace   ] GC(1050) Metaspace: 18770K(18880K)->18770K(18880K) NonClass: 16941K(17024K)->16941K(17024K) Class: 1828K(1856K)->1828K(1856K)
[295.901s][info][gc             ] GC(1050) Pause Young (Allocation Failure) 611M->502M(869M) 1.853ms
[295.901s][info][gc,cpu         ] GC(1050) User=0.00s Sys=0.00s Real=0.00s
[296.043s][info][gc,start       ] GC(1051) Pause Young (Allocation Failure)
[296.044s][info][gc,heap        ] GC(1051) PSYoungGen: 111680K(222720K)->64K(222720K) Eden: 111616K(111616K)->0K(111616K) From: 64K(111104K)->64K(111104K)
[296.044s][info][gc,heap        ] GC(1051) ParOldGen: 514998K(667648K)->514998K(667648K)
[296.044s][info][gc,metaspace   ] GC(1051) Metaspace: 18770K(18880K)->18770K(18880K) NonClass: 16941K(17024K)->16941K(17024K) Class: 1828K(1856K)->1828K(1856K)
[296.044s][info][gc             ] GC(1051) Pause Young (Allocation Failure) 611M->502M(869M) 1.728ms
[296.044s][info][gc,cpu         ] GC(1051) User=0.01s Sys=0.00s Real=0.00s
[296.161s][info][gc,start       ] GC(1052) Pause Young (Allocation Failure)
[296.178s][info][gc,heap        ] GC(1052) PSYoungGen: 111680K(222720K)->14208K(220672K) Eden: 111616K(111616K)->0K(111616K) From: 64K(111104K)->14208K(109056K)
[296.178s][info][gc,heap        ] GC(1052) ParOldGen: 514998K(667648K)->514998K(667648K)
[296.178s][info][gc,metaspace   ] GC(1052) Metaspace: 18770K(18880K)->18770K(18880K) NonClass: 16941K(17024K)->16941K(17024K) Class: 1828K(1856K)->1828K(1856K)
[296.178s][info][gc             ] GC(1052) Pause Young (Allocation Failure) 611M->516M(867M) 17.309ms
[296.178s][info][gc,cpu         ] GC(1052) User=0.03s Sys=0.00s Real=0.02s
[296.277s][info][gc,start       ] GC(1053) Pause Young (Allocation Failure)
[296.311s][info][gc,heap        ] GC(1053) PSYoungGen: 125824K(220672K)->33664K(145408K) Eden: 111616K(111616K)->0K(111616K) From: 14208K(109056K)->33664K(33792K)
[296.311s][info][gc,heap        ] GC(1053) ParOldGen: 514998K(667648K)->514998K(667648K)
[296.311s][info][gc,metaspace   ] GC(1053) Metaspace: 18770K(18880K)->18770K(18880K) NonClass: 16941K(17024K)->16941K(17024K) Class: 1828K(1856K)->1828K(1856K)
[296.311s][info][gc             ] GC(1053) Pause Young (Allocation Failure) 625M->535M(794M) 34.584ms
[296.311s][info][gc,cpu         ] GC(1053) User=0.06s Sys=0.00s Real=0.03s
[296.412s][info][gc,start       ] GC(1054) Pause Young (Allocation Failure)
[296.449s][info][gc,heap        ] GC(1054) PSYoungGen: 145280K(145408K)->37632K(218112K) Eden: 111616K(111616K)->0K(117760K) From: 33664K(33792K)->37632K(100352K)
[296.449s][info][gc,heap        ] GC(1054) ParOldGen: 514998K(667648K)->514998K(667648K)
[296.449s][info][gc,metaspace   ] GC(1054) Metaspace: 18770K(18880K)->18770K(18880K) NonClass: 16941K(17024K)->16941K(17024K) Class: 1828K(1856K)->1828K(1856K)
[296.449s][info][gc             ] GC(1054) Pause Young (Allocation Failure) 644M->539M(865M) 37.133ms
[296.449s][info][gc,cpu         ] GC(1054) User=0.08s Sys=0.00s Real=0.03s
[296.539s][info][gc,start       ] GC(1055) Pause Young (Allocation Failure)
[296.579s][info][gc,heap        ] GC(1055) PSYoungGen: 155392K(218112K)->39136K(218624K) Eden: 117760K(117760K)->0K(117760K) From: 37632K(100352K)->39136K(100864K)
[296.579s][info][gc,heap        ] GC(1055) ParOldGen: 514998K(667648K)->514998K(667648K)
[296.579s][info][gc,metaspace   ] GC(1055) Metaspace: 18770K(18880K)->18770K(18880K) NonClass: 16941K(17024K)->16941K(17024K) Class: 1828K(1856K)->1828K(1856K)
[296.579s][info][gc             ] GC(1055) Pause Young (Allocation Failure) 654M->541M(865M) 40.476ms
[296.579s][info][gc,cpu         ] GC(1055) User=0.08s Sys=0.00s Real=0.04s
[296.686s][info][gc,start       ] GC(1056) Pause Young (Allocation Failure)
[296.724s][info][gc,heap        ] GC(1056) PSYoungGen: 156896K(218624K)->39232K(217088K) Eden: 117760K(117760K)->0K(125440K) From: 39136K(100864K)->39232K(91648K)
[296.724s][info][gc,heap        ] GC(1056) ParOldGen: 514998K(667648K)->514998K(667648K)
[296.724s][info][gc,metaspace   ] GC(1056) Metaspace: 18770K(18880K)->18770K(18880K) NonClass: 16941K(17024K)->16941K(17024K) Class: 1828K(1856K)->1828K(1856K)
[296.724s][info][gc             ] GC(1056) Pause Young (Allocation Failure) 656M->541M(864M) 38.337ms
[296.724s][info][gc,cpu         ] GC(1056) User=0.07s Sys=0.00s Real=0.04s
[296.829s][info][gc,start       ] GC(1057) Pause Young (Allocation Failure)
[296.870s][info][gc,heap        ] GC(1057) PSYoungGen: 164672K(217088K)->42912K(220160K) Eden: 125440K(125440K)->0K(125440K) From: 39232K(91648K)->42912K(94720K)
[296.870s][info][gc,heap        ] GC(1057) ParOldGen: 514998K(667648K)->514998K(667648K)
[296.870s][info][gc,metaspace   ] GC(1057) Metaspace: 18770K(18880K)->18770K(18880K) NonClass: 16941K(17024K)->16941K(17024K) Class: 1828K(1856K)->1828K(1856K)
[296.870s][info][gc             ] GC(1057) Pause Young (Allocation Failure) 663M->544M(867M) 41.096ms
[296.870s][info][gc,cpu         ] GC(1057) User=0.08s Sys=0.00s Real=0.04s
[296.962s][info][gc,start       ] GC(1058) Pause Young (Allocation Failure)
[297.004s][info][gc,heap        ] GC(1058) PSYoungGen: 168352K(220160K)->42880K(224256K) Eden: 125440K(125440K)->0K(134656K) From: 42912K(94720K)->42880K(89600K)
[297.004s][info][gc,heap        ] GC(1058) ParOldGen: 514998K(667648K)->514998K(667648K)
[297.004s][info][gc,metaspace   ] GC(1058) Metaspace: 18770K(18880K)->18770K(18880K) NonClass: 16941K(17024K)->16941K(17024K) Class: 1828K(1856K)->1828K(1856K)
[297.004s][info][gc             ] GC(1058) Pause Young (Allocation Failure) 667M->544M(871M) 41.373ms
[297.004s][info][gc,cpu         ] GC(1058) User=0.08s Sys=0.00s Real=0.04s
[297.162s][info][gc,start       ] GC(1059) Pause Young (Allocation Failure)
[297.222s][info][gc,heap        ] GC(1059) PSYoungGen: 177536K(224256K)->55824K(225792K) Eden: 134656K(134656K)->0K(134656K) From: 42880K(89600K)->55824K(91136K)
[297.222s][info][gc,heap        ] GC(1059) ParOldGen: 514998K(667648K)->514998K(667648K)
[297.222s][info][gc,metaspace   ] GC(1059) Metaspace: 18770K(18880K)->18770K(18880K) NonClass: 16941K(17024K)->16941K(17024K) Class: 1828K(1856K)->1828K(1856K)
[297.222s][info][gc             ] GC(1059) Pause Young (Allocation Failure) 676M->557M(872M) 60.169ms
[297.222s][info][gc,cpu         ] GC(1059) User=0.10s Sys=0.01s Real=0.06s
[297.353s][info][gc,start       ] GC(1060) Pause Young (Allocation Failure)
[297.419s][info][gc,heap        ] GC(1060) PSYoungGen: 190480K(225792K)->67968K(227328K) Eden: 134656K(134656K)->0K(133120K) From: 55824K(91136K)->67968K(94208K)
[297.419s][info][gc,heap        ] GC(1060) ParOldGen: 514998K(667648K)->514998K(667648K)
[297.419s][info][gc,metaspace   ] GC(1060) Metaspace: 18770K(18880K)->18770K(18880K) NonClass: 16941K(17024K)->16941K(17024K) Class: 1828K(1856K)->1828K(1856K)
[297.419s][info][gc             ] GC(1060) Pause Young (Allocation Failure) 688M->569M(874M) 66.684ms
[297.419s][info][gc,cpu         ] GC(1060) User=0.13s Sys=0.00s Real=0.06s
[297.652s][info][gc,start       ] GC(1061) Pause Young (Allocation Failure)
[297.729s][info][gc,heap        ] GC(1061) PSYoungGen: 201088K(227328K)->81968K(215552K) Eden: 133120K(133120K)->0K(133120K) From: 67968K(94208K)->81968K(82432K)
[297.729s][info][gc,heap        ] GC(1061) ParOldGen: 514998K(667648K)->514998K(667648K)
[297.729s][info][gc,metaspace   ] GC(1061) Metaspace: 18770K(18880K)->18770K(18880K) NonClass: 16941K(17024K)->16941K(17024K) Class: 1828K(1856K)->1828K(1856K)
[297.729s][info][gc             ] GC(1061) Pause Young (Allocation Failure) 699M->582M(862M) 76.738ms
[297.729s][info][gc,cpu         ] GC(1061) User=0.15s Sys=0.00s Real=0.07s
[297.890s][info][gc,start       ] GC(1062) Pause Young (Allocation Failure)
[297.993s][info][gc,heap        ] GC(1062) PSYoungGen: 215088K(215552K)->101952K(222208K) Eden: 133120K(133120K)->0K(111616K) From: 81968K(82432K)->101952K(110592K)
[297.993s][info][gc,heap        ] GC(1062) ParOldGen: 514998K(667648K)->514998K(667648K)
[297.993s][info][gc,metaspace   ] GC(1062) Metaspace: 18770K(18880K)->18770K(18880K) NonClass: 16941K(17024K)->16941K(17024K) Class: 1828K(1856K)->1828K(1856K)
[297.993s][info][gc             ] GC(1062) Pause Young (Allocation Failure) 712M->602M(869M) 102.876ms
[297.993s][info][gc,cpu         ] GC(1062) User=0.19s Sys=0.01s Real=0.11s
[298.066s][info][gc,start       ] GC(1063) Pause Young (Allocation Failure)
[298.165s][info][gc,heap        ] GC(1063) PSYoungGen: 213568K(222208K)->72400K(222720K) Eden: 111616K(111616K)->0K(111616K) From: 101952K(110592K)->72400K(111104K)
[298.165s][info][gc,heap        ] GC(1063) ParOldGen: 514998K(667648K)->548766K(667648K)
[298.165s][info][gc,metaspace   ] GC(1063) Metaspace: 18770K(18880K)->18770K(18880K) NonClass: 16941K(17024K)->16941K(17024K) Class: 1828K(1856K)->1828K(1856K)
[298.165s][info][gc             ] GC(1063) Pause Young (Allocation Failure) 711M->606M(869M) 99.294ms
[298.165s][info][gc,cpu         ] GC(1063) User=0.20s Sys=0.00s Real=0.10s
[298.292s][info][gc,start       ] GC(1064) Pause Young (Allocation Failure)
[298.363s][info][gc,heap        ] GC(1064) PSYoungGen: 184016K(222720K)->68256K(222720K) Eden: 111616K(111616K)->0K(111616K) From: 72400K(111104K)->68256K(111104K)
[298.363s][info][gc,heap        ] GC(1064) ParOldGen: 548766K(667648K)->554230K(667648K)
[298.363s][info][gc,metaspace   ] GC(1064) Metaspace: 18770K(18880K)->18770K(18880K) NonClass: 16941K(17024K)->16941K(17024K) Class: 1828K(1856K)->1828K(1856K)
[298.363s][info][gc             ] GC(1064) Pause Young (Allocation Failure) 715M->607M(869M) 71.031ms
[298.363s][info][gc,cpu         ] GC(1064) User=0.14s Sys=0.00s Real=0.07s
[298.482s][info][gc,start       ] GC(1065) Pause Young (Allocation Failure)
[298.551s][info][gc,heap        ] GC(1065) PSYoungGen: 179872K(222720K)->68128K(222720K) Eden: 111616K(111616K)->0K(111616K) From: 68256K(111104K)->68128K(111104K)
[298.551s][info][gc,heap        ] GC(1065) ParOldGen: 554230K(667648K)->558006K(667648K)
[298.551s][info][gc,metaspace   ] GC(1065) Metaspace: 18770K(18880K)->18770K(18880K) NonClass: 16941K(17024K)->16941K(17024K) Class: 1828K(1856K)->1828K(1856K)
[298.551s][info][gc             ] GC(1065) Pause Young (Allocation Failure) 716M->611M(869M) 69.047ms
[298.552s][info][gc,cpu         ] GC(1065) User=0.13s Sys=0.00s Real=0.06s
[298.644s][info][gc,start       ] GC(1066) Pause Young (Allocation Failure)
[298.710s][info][gc,heap        ] GC(1066) PSYoungGen: 179744K(222720K)->55232K(222720K) Eden: 111616K(111616K)->0K(111616K) From: 68128K(111104K)->55232K(111104K)
[298.710s][info][gc,heap        ] GC(1066) ParOldGen: 558006K(667648K)->571014K(667648K)
[298.710s][info][gc,metaspace   ] GC(1066) Metaspace: 18770K(18880K)->18770K(18880K) NonClass: 16941K(17024K)->16941K(17024K) Class: 1828K(1856K)->1828K(1856K)
[298.710s][info][gc             ] GC(1066) Pause Young (Allocation Failure) 720M->611M(869M) 65.478ms
[298.710s][info][gc,cpu         ] GC(1066) User=0.13s Sys=0.00s Real=0.06s
[298.885s][info][gc,start       ] GC(1067) Pause Young (Allocation Failure)
[298.949s][info][gc,heap        ] GC(1067) PSYoungGen: 166848K(222720K)->41120K(222720K) Eden: 111616K(111616K)->0K(111616K) From: 55232K(111104K)->41120K(111104K)
[298.949s][info][gc,heap        ] GC(1067) ParOldGen: 571014K(667648K)->597222K(667648K)
[298.949s][info][gc,metaspace   ] GC(1067) Metaspace: 18770K(18880K)->18770K(18880K) NonClass: 16941K(17024K)->16941K(17024K) Class: 1828K(1856K)->1828K(1856K)
[298.949s][info][gc             ] GC(1067) Pause Young (Allocation Failure) 720M->623M(869M) 64.466ms
[298.949s][info][gc,cpu         ] GC(1067) User=0.12s Sys=0.01s Real=0.06s
[299.079s][info][gc,start       ] GC(1068) Pause Young (Allocation Failure)
[299.133s][info][gc,heap        ] GC(1068) PSYoungGen: 152736K(222720K)->30160K(222720K) Eden: 111616K(111616K)->0K(111616K) From: 41120K(111104K)->30160K(111104K)
[299.133s][info][gc,heap        ] GC(1068) ParOldGen: 597222K(667648K)->621382K(667648K)
[299.133s][info][gc,metaspace   ] GC(1068) Metaspace: 18770K(18880K)->18770K(18880K) NonClass: 16941K(17024K)->16941K(17024K) Class: 1828K(1856K)->1828K(1856K)
[299.133s][info][gc             ] GC(1068) Pause Young (Allocation Failure) 732M->636M(869M) 54.400ms
[299.133s][info][gc,cpu         ] GC(1068) User=0.11s Sys=0.00s Real=0.06s
[299.474s][info][gc,start       ] GC(1069) Pause Young (Allocation Failure)
[299.505s][info][gc,heap        ] GC(1069) PSYoungGen: 141776K(222720K)->25264K(137216K) Eden: 111616K(111616K)->0K(111616K) From: 30160K(111104K)->25264K(25600K)
[299.505s][info][gc,heap        ] GC(1069) ParOldGen: 621382K(667648K)->626350K(667648K)
[299.505s][info][gc,metaspace   ] GC(1069) Metaspace: 18770K(18880K)->18770K(18880K) NonClass: 16941K(17024K)->16941K(17024K) Class: 1828K(1856K)->1828K(1856K)
[299.505s][info][gc             ] GC(1069) Pause Young (Allocation Failure) 745M->636M(786M) 30.287ms
[299.505s][info][gc,cpu         ] GC(1069) User=0.06s Sys=0.00s Real=0.03s
[299.758s][info][gc,start       ] GC(1070) Pause Full (Allocation Failure)
[299.758s][info][gc,phases,start] GC(1070) Marking Phase
[300.224s][info][gc,phases      ] GC(1070) Marking Phase 466.185ms
[300.225s][info][gc,phases,start] GC(1070) Summary Phase
[300.225s][info][gc,phases      ] GC(1070) Summary Phase 0.032ms
[300.225s][info][gc,phases,start] GC(1070) Forward
[300.252s][info][gc,phases      ] GC(1070) Forward 27.662ms
[300.252s][info][gc,phases,start] GC(1070) Adjust Pointers
[300.564s][info][gc,phases      ] GC(1070) Adjust Pointers 312.192ms
[300.565s][info][gc,phases,start] GC(1070) Compaction Phase
[300.708s][info][gc,phases      ] GC(1070) Compaction Phase 143.660ms
[300.708s][info][gc,phases,start] GC(1070) Post Compact
[300.710s][info][gc,phases      ] GC(1070) Post Compact 2.165ms
[300.711s][info][gc,heap        ] GC(1070) PSYoungGen: 136880K(137216K)->0K(221184K) Eden: 111616K(111616K)->0K(111616K) From: 25264K(25600K)->0K(109568K)
[300.711s][info][gc,heap        ] GC(1070) ParOldGen: 626350K(667648K)->651091K(667648K)
[300.711s][info][gc,metaspace   ] GC(1070) Metaspace: 18770K(18880K)->18770K(18880K) NonClass: 16941K(17024K)->16941K(17024K) Class: 1828K(1856K)->1828K(1856K)
[300.711s][info][gc             ] GC(1070) Pause Full (Allocation Failure) 745M->635M(868M) 952.392ms
[300.711s][info][gc,cpu         ] GC(1070) User=1.87s Sys=0.00s Real=0.95s
[300.989s][info][gc,start       ] GC(1071) Pause Full (Allocation Failure)
[300.989s][info][gc,phases,start] GC(1071) Marking Phase
[301.485s][info][gc,phases      ] GC(1071) Marking Phase 495.826ms
[301.485s][info][gc,phases,start] GC(1071) Summary Phase
[301.485s][info][gc,phases      ] GC(1071) Summary Phase 0.034ms
[301.485s][info][gc,phases,start] GC(1071) Forward
[301.491s][info][gc,phases      ] GC(1071) Forward 5.781ms
[301.491s][info][gc,phases,start] GC(1071) Adjust Pointers
[301.824s][info][gc,phases      ] GC(1071) Adjust Pointers 332.764ms
[301.824s][info][gc,phases,start] GC(1071) Compaction Phase
[301.948s][info][gc,phases      ] GC(1071) Compaction Phase 124.604ms
[301.948s][info][gc,phases,start] GC(1071) Post Compact
[301.951s][info][gc,phases      ] GC(1071) Post Compact 2.183ms
[301.951s][info][gc,heap        ] GC(1071) PSYoungGen: 111616K(221184K)->0K(221184K) Eden: 111616K(111616K)->0K(111616K) From: 0K(109568K)->0K(109568K)
[301.951s][info][gc,heap        ] GC(1071) ParOldGen: 651091K(667648K)->651102K(667648K)
[301.951s][info][gc,metaspace   ] GC(1071) Metaspace: 18770K(18880K)->18770K(18880K) NonClass: 16941K(17024K)->16941K(17024K) Class: 1828K(1856K)->1828K(1856K)
[301.951s][info][gc             ] GC(1071) Pause Full (Allocation Failure) 744M->635M(868M) 961.697ms
[301.951s][info][gc,cpu         ] GC(1071) User=1.88s Sys=0.00s Real=0.96s
[302.222s][info][gc,start       ] GC(1072) Pause Full (Allocation Failure)
[302.222s][info][gc,phases,start] GC(1072) Marking Phase
[302.713s][info][gc,phases      ] GC(1072) Marking Phase 491.336ms
[302.713s][info][gc,phases,start] GC(1072) Summary Phase
[302.713s][info][gc,phases      ] GC(1072) Summary Phase 0.024ms
[302.713s][info][gc,phases,start] GC(1072) Forward
[302.714s][info][gc,phases      ] GC(1072) Forward 0.370ms
[302.714s][info][gc,phases,start] GC(1072) Adjust Pointers
[303.037s][info][gc,phases      ] GC(1072) Adjust Pointers 322.709ms
[303.037s][info][gc,phases,start] GC(1072) Compaction Phase
[303.168s][info][gc,phases      ] GC(1072) Compaction Phase 131.206ms
[303.168s][info][gc,phases,start] GC(1072) Post Compact
[303.170s][info][gc,phases      ] GC(1072) Post Compact 2.178ms
[303.170s][info][gc,heap        ] GC(1072) PSYoungGen: 111616K(221184K)->0K(224256K) Eden: 111616K(111616K)->0K(114688K) From: 0K(109568K)->0K(109568K)
[303.170s][info][gc,heap        ] GC(1072) ParOldGen: 651102K(667648K)->651104K(667648K)
[303.170s][info][gc,metaspace   ] GC(1072) Metaspace: 18770K(18880K)->18770K(18880K) NonClass: 16941K(17024K)->16941K(17024K) Class: 1828K(1856K)->1828K(1856K)
[303.170s][info][gc             ] GC(1072) Pause Full (Allocation Failure) 744M->635M(871M) 948.206ms
[303.170s][info][gc,cpu         ] GC(1072) User=1.86s Sys=0.00s Real=0.94s
[303.476s][info][gc,start       ] GC(1073) Pause Full (Allocation Failure)
[303.476s][info][gc,phases,start] GC(1073) Marking Phase
[303.893s][info][gc,phases      ] GC(1073) Marking Phase 417.066ms
[303.893s][info][gc,phases,start] GC(1073) Summary Phase
[303.894s][info][gc,phases      ] GC(1073) Summary Phase 0.028ms
[303.894s][info][gc,phases,start] GC(1073) Forward
[303.979s][info][gc,phases      ] GC(1073) Forward 85.304ms
[303.979s][info][gc,phases,start] GC(1073) Adjust Pointers
[304.302s][info][gc,phases      ] GC(1073) Adjust Pointers 323.346ms
[304.302s][info][gc,phases,start] GC(1073) Compaction Phase
[304.453s][info][gc,phases      ] GC(1073) Compaction Phase 150.876ms
[304.459s][info][gc,phases,start] GC(1073) Post Compact
[304.462s][info][gc,phases      ] GC(1073) Post Compact 2.329ms
[304.462s][info][gc,heap        ] GC(1073) PSYoungGen: 114688K(224256K)->0K(224256K) Eden: 114688K(114688K)->0K(114688K) From: 0K(109568K)->0K(109568K)
[304.462s][info][gc,heap        ] GC(1073) ParOldGen: 651104K(667648K)->556393K(667648K)
[304.462s][info][gc,metaspace   ] GC(1073) Metaspace: 18770K(18880K)->18770K(18880K) NonClass: 16941K(17024K)->16941K(17024K) Class: 1828K(1856K)->1828K(1856K)
[304.462s][info][gc             ] GC(1073) Pause Full (Allocation Failure) 747M->543M(871M) 985.354ms
[304.462s][info][gc,cpu         ] GC(1073) User=1.88s Sys=0.00s Real=0.98s
[304.686s][info][gc,start       ] GC(1074) Pause Young (Allocation Failure)
[304.690s][info][gc,heap        ] GC(1074) PSYoungGen: 114688K(224256K)->2176K(221184K) Eden: 114688K(114688K)->0K(111616K) From: 0K(109568K)->2176K(109568K)
[304.690s][info][gc,heap        ] GC(1074) ParOldGen: 556393K(667648K)->556393K(667648K)
[304.690s][info][gc,metaspace   ] GC(1074) Metaspace: 18770K(18880K)->18770K(18880K) NonClass: 16941K(17024K)->16941K(17024K) Class: 1828K(1856K)->1828K(1856K)
[304.690s][info][gc             ] GC(1074) Pause Young (Allocation Failure) 655M->545M(868M) 4.194ms
[304.690s][info][gc,cpu         ] GC(1074) User=0.00s Sys=0.00s Real=0.00s
[304.818s][info][gc,start       ] GC(1075) Pause Young (Allocation Failure)
[304.846s][info][gc,heap        ] GC(1075) PSYoungGen: 113792K(221184K)->34704K(146432K) Eden: 111616K(111616K)->0K(111616K) From: 2176K(109568K)->34704K(34816K)
[304.846s][info][gc,heap        ] GC(1075) ParOldGen: 556393K(667648K)->556393K(667648K)
[304.846s][info][gc,metaspace   ] GC(1075) Metaspace: 18770K(18880K)->18770K(18880K) NonClass: 16941K(17024K)->16941K(17024K) Class: 1828K(1856K)->1828K(1856K)
[304.846s][info][gc             ] GC(1075) Pause Young (Allocation Failure) 654M->577M(795M) 28.193ms
[304.846s][info][gc,cpu         ] GC(1075) User=0.05s Sys=0.00s Real=0.03s
[304.923s][info][gc,start       ] GC(1076) Pause Young (Allocation Failure)
[304.976s][info][gc,heap        ] GC(1076) PSYoungGen: 146320K(146432K)->74528K(214016K) Eden: 111616K(111616K)->0K(108032K) From: 34704K(34816K)->74528K(105984K)
[304.976s][info][gc,heap        ] GC(1076) ParOldGen: 556393K(667648K)->556393K(667648K)
[304.976s][info][gc,metaspace   ] GC(1076) Metaspace: 18770K(18880K)->18770K(18880K) NonClass: 16941K(17024K)->16941K(17024K) Class: 1828K(1856K)->1828K(1856K)
[304.976s][info][gc             ] GC(1076) Pause Young (Allocation Failure) 686M->616M(861M) 52.428ms
[304.976s][info][gc,cpu         ] GC(1076) User=0.11s Sys=0.00s Real=0.05s
[305.156s][info][gc,start       ] GC(1077) Pause Young (Allocation Failure)
[305.206s][info][gc,heap        ] GC(1077) PSYoungGen: 182560K(214016K)->77312K(219136K) Eden: 108032K(108032K)->0K(108032K) From: 74528K(105984K)->77312K(111104K)
[305.207s][info][gc,heap        ] GC(1077) ParOldGen: 556393K(667648K)->556393K(667648K)
[305.207s][info][gc,metaspace   ] GC(1077) Metaspace: 18770K(18880K)->18770K(18880K) NonClass: 16941K(17024K)->16941K(17024K) Class: 1828K(1856K)->1828K(1856K)
[305.207s][info][gc             ] GC(1077) Pause Young (Allocation Failure) 721M->618M(866M) 50.820ms
[305.207s][info][gc,cpu         ] GC(1077) User=0.10s Sys=0.00s Real=0.05s
[305.368s][info][gc,start       ] GC(1078) Pause Young (Allocation Failure)
[305.444s][info][gc,heap        ] GC(1078) PSYoungGen: 184623K(219136K)->89702K(222720K) Eden: 107311K(108032K)->0K(111616K) From: 77312K(111104K)->89702K(111104K)
[305.444s][info][gc,heap        ] GC(1078) ParOldGen: 556393K(667648K)->556393K(667648K)
[305.444s][info][gc,metaspace   ] GC(1078) Metaspace: 18770K(18880K)->18770K(18880K) NonClass: 16941K(17024K)->16941K(17024K) Class: 1828K(1856K)->1828K(1856K)
[305.444s][info][gc             ] GC(1078) Pause Young (Allocation Failure) 723M->630M(869M) 75.595ms
[305.444s][info][gc,cpu         ] GC(1078) User=0.15s Sys=0.00s Real=0.08s
[305.610s][info][gc,start       ] GC(1079) Pause Young (Allocation Failure)
[305.697s][info][gc,heap        ] GC(1079) PSYoungGen: 201318K(222720K)->62976K(222720K) Eden: 111616K(111616K)->0K(111616K) From: 89702K(111104K)->62976K(111104K)
[305.697s][info][gc,heap        ] GC(1079) ParOldGen: 556393K(667648K)->591441K(667648K)
[305.697s][info][gc,metaspace   ] GC(1079) Metaspace: 18770K(18880K)->18770K(18880K) NonClass: 16941K(17024K)->16941K(17024K) Class: 1828K(1856K)->1828K(1856K)
[305.697s][info][gc             ] GC(1079) Pause Young (Allocation Failure) 739M->639M(869M) 86.778ms
[305.697s][info][gc,cpu         ] GC(1079) User=0.17s Sys=0.00s Real=0.09s
[305.900s][info][gc,start       ] GC(1080) Pause Young (Allocation Failure)
[305.961s][info][gc,heap        ] GC(1080) PSYoungGen: 174592K(222720K)->20470K(222720K) Eden: 111616K(111616K)->0K(111616K) From: 62976K(111104K)->20470K(111104K)
[305.961s][info][gc,heap        ] GC(1080) ParOldGen: 591441K(667648K)->634601K(667648K)
[305.961s][info][gc,metaspace   ] GC(1080) Metaspace: 18770K(18880K)->18770K(18880K) NonClass: 16941K(17024K)->16941K(17024K) Class: 1828K(1856K)->1828K(1856K)
[305.962s][info][gc             ] GC(1080) Pause Young (Allocation Failure) 748M->639M(869M) 61.188ms
[305.962s][info][gc,cpu         ] GC(1080) User=0.12s Sys=0.00s Real=0.06s
[306.117s][info][gc,start       ] GC(1081) Pause Full (Allocation Failure)
[306.118s][info][gc,phases,start] GC(1081) Marking Phase
[306.323s][info][gc,phases      ] GC(1081) Marking Phase 205.164ms
[306.323s][info][gc,phases,start] GC(1081) Summary Phase
[306.323s][info][gc,phases      ] GC(1081) Summary Phase 0.027ms
[306.323s][info][gc,phases,start] GC(1081) Forward
[306.402s][info][gc,phases      ] GC(1081) Forward 79.338ms
[306.402s][info][gc,phases,start] GC(1081) Adjust Pointers
[306.562s][info][gc,phases      ] GC(1081) Adjust Pointers 159.818ms
[306.562s][info][gc,phases,start] GC(1081) Compaction Phase
[306.658s][info][gc,phases      ] GC(1081) Compaction Phase 96.141ms
[306.668s][info][gc,phases,start] GC(1081) Post Compact
[306.670s][info][gc,phases      ] GC(1081) Post Compact 2.237ms
[306.675s][info][gc,heap        ] GC(1081) PSYoungGen: 132086K(222720K)->0K(222720K) Eden: 111616K(111616K)->0K(111616K) From: 20470K(111104K)->0K(111104K)
[306.675s][info][gc,heap        ] GC(1081) ParOldGen: 634601K(667648K)->318889K(612864K)
[306.675s][info][gc,metaspace   ] GC(1081) Metaspace: 18770K(18880K)->18770K(18880K) NonClass: 16941K(17024K)->16941K(17024K) Class: 1828K(1856K)->1828K(1856K)
[306.675s][info][gc             ] GC(1081) Pause Full (Allocation Failure) 748M->311M(816M) 557.775ms
[306.675s][info][gc,cpu         ] GC(1081) User=1.00s Sys=0.00s Real=0.56s
[306.811s][info][gc,start       ] GC(1082) Pause Young (Allocation Failure)
[306.822s][info][gc,heap        ] GC(1082) PSYoungGen: 111616K(222720K)->14240K(222720K) Eden: 111616K(111616K)->0K(111616K) From: 0K(111104K)->14240K(111104K)
[306.822s][info][gc,heap        ] GC(1082) ParOldGen: 318889K(612864K)->318889K(612864K)
[306.822s][info][gc,metaspace   ] GC(1082) Metaspace: 18770K(18880K)->18770K(18880K) NonClass: 16941K(17024K)->16941K(17024K) Class: 1828K(1856K)->1828K(1856K)
[306.822s][info][gc             ] GC(1082) Pause Young (Allocation Failure) 420M->325M(816M) 11.001ms
[306.822s][info][gc,cpu         ] GC(1082) User=0.02s Sys=0.00s Real=0.02s
[306.877s][info][gc,start       ] GC(1083) Pause Young (Allocation Failure)
[306.911s][info][gc,heap        ] GC(1083) PSYoungGen: 125856K(222720K)->36000K(222720K) Eden: 111616K(111616K)->0K(111616K) From: 14240K(111104K)->36000K(111104K)
[306.911s][info][gc,heap        ] GC(1083) ParOldGen: 318889K(612864K)->333338K(612864K)
[306.911s][info][gc,metaspace   ] GC(1083) Metaspace: 18770K(18880K)->18770K(18880K) NonClass: 16941K(17024K)->16941K(17024K) Class: 1828K(1856K)->1828K(1856K)
[306.911s][info][gc             ] GC(1083) Pause Young (Allocation Failure) 434M->360M(816M) 33.596ms
[306.911s][info][gc,cpu         ] GC(1083) User=0.07s Sys=0.00s Real=0.03s
[307.001s][info][gc,start       ] GC(1084) Pause Young (Allocation Failure)
[307.044s][info][gc,heap        ] GC(1084) PSYoungGen: 147616K(222720K)->31680K(220672K) Eden: 111616K(111616K)->0K(111616K) From: 36000K(111104K)->31680K(109056K)
[307.044s][info][gc,heap        ] GC(1084) ParOldGen: 333338K(612864K)->369826K(612864K)
[307.044s][info][gc,metaspace   ] GC(1084) Metaspace: 18770K(18880K)->18770K(18880K) NonClass: 16941K(17024K)->16941K(17024K) Class: 1828K(1856K)->1828K(1856K)
[307.044s][info][gc             ] GC(1084) Pause Young (Allocation Failure) 469M->392M(814M) 42.541ms
[307.044s][info][gc,cpu         ] GC(1084) User=0.08s Sys=0.00s Real=0.05s
[307.163s][info][gc,start       ] GC(1085) Pause Young (Allocation Failure)
[307.182s][info][gc,heap        ] GC(1085) PSYoungGen: 143296K(220672K)->31840K(143872K) Eden: 111616K(111616K)->0K(111616K) From: 31680K(109056K)->31840K(32256K)
[307.183s][info][gc,heap        ] GC(1085) ParOldGen: 369826K(612864K)->369826K(612864K)
[307.183s][info][gc,metaspace   ] GC(1085) Metaspace: 18770K(18880K)->18770K(18880K) NonClass: 16941K(17024K)->16941K(17024K) Class: 1828K(1856K)->1828K(1856K)
[307.183s][info][gc             ] GC(1085) Pause Young (Allocation Failure) 501M->392M(739M) 19.247ms
[307.183s][info][gc,cpu         ] GC(1085) User=0.04s Sys=0.00s Real=0.02s
[307.294s][info][gc,start       ] GC(1086) Pause Young (Allocation Failure)
[307.314s][info][gc,heap        ] GC(1086) PSYoungGen: 143456K(143872K)->31904K(219136K) Eden: 111616K(111616K)->0K(118272K) From: 31840K(32256K)->31904K(100864K)
[307.314s][info][gc,heap        ] GC(1086) ParOldGen: 369826K(612864K)->369826K(612864K)
[307.314s][info][gc,metaspace   ] GC(1086) Metaspace: 18770K(18880K)->18770K(18880K) NonClass: 16941K(17024K)->16941K(17024K) Class: 1828K(1856K)->1828K(1856K)
[307.314s][info][gc             ] GC(1086) Pause Young (Allocation Failure) 501M->392M(812M) 19.908ms
[307.314s][info][gc,cpu         ] GC(1086) User=0.04s Sys=0.00s Real=0.02s
[307.431s][info][gc,start       ] GC(1087) Pause Young (Allocation Failure)
[307.451s][info][gc,heap        ] GC(1087) PSYoungGen: 150176K(219136K)->32064K(219648K) Eden: 118272K(118272K)->0K(118272K) From: 31904K(100864K)->32064K(101376K)
[307.451s][info][gc,heap        ] GC(1087) ParOldGen: 369826K(612864K)->369826K(612864K)
[307.451s][info][gc,metaspace   ] GC(1087) Metaspace: 18770K(18880K)->18770K(18880K) NonClass: 16941K(17024K)->16941K(17024K) Class: 1828K(1856K)->1828K(1856K)
[307.452s][info][gc             ] GC(1087) Pause Young (Allocation Failure) 507M->392M(813M) 21.018ms
[307.452s][info][gc,cpu         ] GC(1087) User=0.04s Sys=0.00s Real=0.02s
[307.572s][info][gc,start       ] GC(1088) Pause Young (Allocation Failure)
[307.593s][info][gc,heap        ] GC(1088) PSYoungGen: 150336K(219648K)->32160K(214016K) Eden: 118272K(118272K)->0K(124928K) From: 32064K(101376K)->32160K(89088K)
[307.593s][info][gc,heap        ] GC(1088) ParOldGen: 369826K(612864K)->369826K(612864K)
[307.593s][info][gc,metaspace   ] GC(1088) Metaspace: 18770K(18880K)->18770K(18880K) NonClass: 16941K(17024K)->16941K(17024K) Class: 1828K(1856K)->1828K(1856K)
[307.593s][info][gc             ] GC(1088) Pause Young (Allocation Failure) 507M->392M(807M) 21.429ms
[307.594s][info][gc,cpu         ] GC(1088) User=0.04s Sys=0.00s Real=0.02s
[307.729s][info][gc,start       ] GC(1089) Pause Young (Allocation Failure)
[307.750s][info][gc,heap        ] GC(1089) PSYoungGen: 157088K(214016K)->32256K(218112K) Eden: 124928K(124928K)->0K(124928K) From: 32160K(89088K)->32256K(93184K)
[307.750s][info][gc,heap        ] GC(1089) ParOldGen: 369826K(612864K)->369826K(612864K)
[307.750s][info][gc,metaspace   ] GC(1089) Metaspace: 18770K(18880K)->18770K(18880K) NonClass: 16941K(17024K)->16941K(17024K) Class: 1828K(1856K)->1828K(1856K)
[307.750s][info][gc             ] GC(1089) Pause Young (Allocation Failure) 514M->392M(811M) 20.920ms
[307.750s][info][gc,cpu         ] GC(1089) User=0.04s Sys=0.00s Real=0.02s
[307.878s][info][gc,start       ] GC(1090) Pause Young (Allocation Failure)
[307.904s][info][gc,heap        ] GC(1090) PSYoungGen: 157184K(218112K)->32320K(213504K) Eden: 124928K(124928K)->0K(131584K) From: 32256K(93184K)->32320K(81920K)
[307.904s][info][gc,heap        ] GC(1090) ParOldGen: 369826K(612864K)->369826K(612864K)
[307.904s][info][gc,metaspace   ] GC(1090) Metaspace: 18770K(18880K)->18770K(18880K) NonClass: 16941K(17024K)->16941K(17024K) Class: 1828K(1856K)->1828K(1856K)
[307.904s][info][gc             ] GC(1090) Pause Young (Allocation Failure) 514M->392M(807M) 26.304ms
[307.904s][info][gc,cpu         ] GC(1090) User=0.05s Sys=0.01s Real=0.03s
[308.059s][info][gc,start       ] GC(1091) Pause Young (Allocation Failure)
[308.083s][info][gc,heap        ] GC(1091) PSYoungGen: 163904K(213504K)->32416K(217088K) Eden: 131584K(131584K)->0K(131584K) From: 32320K(81920K)->32416K(85504K)
[308.083s][info][gc,heap        ] GC(1091) ParOldGen: 369826K(612864K)->369826K(612864K)
[308.083s][info][gc,metaspace   ] GC(1091) Metaspace: 18770K(18880K)->18770K(18880K) NonClass: 16941K(17024K)->16941K(17024K) Class: 1828K(1856K)->1828K(1856K)
[308.083s][info][gc             ] GC(1091) Pause Young (Allocation Failure) 521M->392M(810M) 24.390ms
[308.083s][info][gc,cpu         ] GC(1091) User=0.05s Sys=0.00s Real=0.03s
[308.238s][info][gc,start       ] GC(1092) Pause Young (Allocation Failure)
[308.262s][info][gc,heap        ] GC(1092) PSYoungGen: 164000K(217088K)->32480K(211968K) Eden: 131584K(131584K)->0K(137728K) From: 32416K(85504K)->32480K(74240K)
[308.262s][info][gc,heap        ] GC(1092) ParOldGen: 369826K(612864K)->369826K(612864K)
[308.262s][info][gc,metaspace   ] GC(1092) Metaspace: 18770K(18880K)->18770K(18880K) NonClass: 16941K(17024K)->16941K(17024K) Class: 1828K(1856K)->1828K(1856K)
[308.262s][info][gc             ] GC(1092) Pause Young (Allocation Failure) 521M->392M(805M) 23.445ms
[308.262s][info][gc,cpu         ] GC(1092) User=0.05s Sys=0.00s Real=0.03s
[308.417s][info][gc,start       ] GC(1093) Pause Young (Allocation Failure)
[308.439s][info][gc,heap        ] GC(1093) PSYoungGen: 170208K(211968K)->32864K(216064K) Eden: 137728K(137728K)->0K(137728K) From: 32480K(74240K)->32864K(78336K)
[308.439s][info][gc,heap        ] GC(1093) ParOldGen: 369826K(612864K)->369826K(612864K)
[308.439s][info][gc,metaspace   ] GC(1093) Metaspace: 18770K(18880K)->18770K(18880K) NonClass: 16941K(17024K)->16941K(17024K) Class: 1828K(1856K)->1828K(1856K)
[308.439s][info][gc             ] GC(1093) Pause Young (Allocation Failure) 527M->393M(809M) 22.167ms
[308.439s][info][gc,cpu         ] GC(1093) User=0.04s Sys=0.00s Real=0.02s
[308.542s][info][gc,start       ] GC(1094) Pause Young (Allocation Failure)
[308.588s][info][gc,heap        ] GC(1094) PSYoungGen: 170592K(216064K)->47392K(219136K) Eden: 137728K(137728K)->0K(143872K) From: 32864K(78336K)->47392K(75264K)
[308.589s][info][gc,heap        ] GC(1094) ParOldGen: 369826K(612864K)->369826K(612864K)
[308.589s][info][gc,metaspace   ] GC(1094) Metaspace: 18770K(18880K)->18770K(18880K) NonClass: 16941K(17024K)->16941K(17024K) Class: 1828K(1856K)->1828K(1856K)
[308.589s][info][gc             ] GC(1094) Pause Young (Allocation Failure) 527M->407M(812M) 46.479ms
[308.589s][info][gc,cpu         ] GC(1094) User=0.09s Sys=0.00s Real=0.04s
[308.725s][info][gc,start       ] GC(1095) Pause Young (Allocation Failure)
[308.815s][info][gc,heap        ] GC(1095) PSYoungGen: 191264K(219136K)->75264K(219136K) Eden: 143872K(143872K)->0K(143872K) From: 47392K(75264K)->75264K(75264K)
[308.815s][info][gc,heap        ] GC(1095) ParOldGen: 369826K(612864K)->382217K(612864K)
[308.815s][info][gc,metaspace   ] GC(1095) Metaspace: 18770K(18880K)->18770K(18880K) NonClass: 16941K(17024K)->16941K(17024K) Class: 1828K(1856K)->1828K(1856K)
[308.815s][info][gc             ] GC(1095) Pause Young (Allocation Failure) 547M->446M(812M) 90.106ms
[308.815s][info][gc,cpu         ] GC(1095) User=0.18s Sys=0.00s Real=0.09s
[308.923s][info][gc,start       ] GC(1096) Pause Young (Allocation Failure)
[309.004s][info][gc,heap        ] GC(1096) PSYoungGen: 219136K(219136K)->48064K(240640K) Eden: 143872K(143872K)->0K(154624K) From: 75264K(75264K)->48064K(86016K)
[309.004s][info][gc,heap        ] GC(1096) ParOldGen: 382217K(612864K)->413870K(612864K)
[309.004s][info][gc,metaspace   ] GC(1096) Metaspace: 18770K(18880K)->18770K(18880K) NonClass: 16941K(17024K)->16941K(17024K) Class: 1828K(1856K)->1828K(1856K)
[309.004s][info][gc             ] GC(1096) Pause Young (Allocation Failure) 587M->451M(833M) 81.037ms
[309.004s][info][gc,cpu         ] GC(1096) User=0.16s Sys=0.00s Real=0.08s
[309.122s][info][gc,start       ] GC(1097) Pause Young (Allocation Failure)
[309.181s][info][gc,heap        ] GC(1097) PSYoungGen: 202688K(240640K)->49504K(241664K) Eden: 154624K(154624K)->0K(154624K) From: 48064K(86016K)->49504K(87040K)
[309.181s][info][gc,heap        ] GC(1097) ParOldGen: 413870K(612864K)->413870K(612864K)
[309.181s][info][gc,metaspace   ] GC(1097) Metaspace: 18770K(18880K)->18770K(18880K) NonClass: 16941K(17024K)->16941K(17024K) Class: 1828K(1856K)->1828K(1856K)
[309.181s][info][gc             ] GC(1097) Pause Young (Allocation Failure) 602M->452M(834M) 59.158ms
[309.181s][info][gc,cpu         ] GC(1097) User=0.11s Sys=0.00s Real=0.06s
[309.308s][info][gc,start       ] GC(1098) Pause Young (Allocation Failure)
[309.374s][info][gc,heap        ] GC(1098) PSYoungGen: 204128K(241664K)->53248K(246272K) Eden: 154624K(154624K)->0K(161280K) From: 49504K(87040K)->53248K(84992K)
[309.374s][info][gc,heap        ] GC(1098) ParOldGen: 413870K(612864K)->413870K(612864K)
[309.374s][info][gc,metaspace   ] GC(1098) Metaspace: 18770K(18880K)->18770K(18880K) NonClass: 16941K(17024K)->16941K(17024K) Class: 1828K(1856K)->1828K(1856K)
[309.374s][info][gc             ] GC(1098) Pause Young (Allocation Failure) 603M->456M(839M) 65.625ms
[309.374s][info][gc,cpu         ] GC(1098) User=0.13s Sys=0.01s Real=0.07s
[309.485s][info][gc,start       ] GC(1099) Pause Young (Allocation Failure)
[309.547s][info][gc,heap        ] GC(1099) PSYoungGen: 214528K(246272K)->53312K(245760K) Eden: 161280K(161280K)->0K(161280K) From: 53248K(84992K)->53312K(84480K)
[309.547s][info][gc,heap        ] GC(1099) ParOldGen: 413870K(612864K)->413870K(612864K)
[309.547s][info][gc,metaspace   ] GC(1099) Metaspace: 18770K(18880K)->18770K(18880K) NonClass: 16941K(17024K)->16941K(17024K) Class: 1828K(1856K)->1828K(1856K)
[309.547s][info][gc             ] GC(1099) Pause Young (Allocation Failure) 613M->456M(838M) 62.642ms
[309.547s][info][gc,cpu         ] GC(1099) User=0.12s Sys=0.00s Real=0.06s
[309.724s][info][gc,start       ] GC(1100) Pause Young (Allocation Failure)
[309.813s][info][gc,heap        ] GC(1100) PSYoungGen: 214592K(245760K)->68240K(241152K) Eden: 161280K(161280K)->0K(157696K) From: 53312K(84480K)->68240K(83456K)
[309.813s][info][gc,heap        ] GC(1100) ParOldGen: 413870K(612864K)->413870K(612864K)
[309.813s][info][gc,metaspace   ] GC(1100) Metaspace: 18770K(18880K)->18770K(18880K) NonClass: 16941K(17024K)->16941K(17024K) Class: 1828K(1856K)->1828K(1856K)
[309.813s][info][gc             ] GC(1100) Pause Young (Allocation Failure) 613M->470M(834M) 88.766ms
[309.813s][info][gc,cpu         ] GC(1100) User=0.17s Sys=0.01s Real=0.09s
[310.040s][info][gc,start       ] GC(1101) Pause Young (Allocation Failure)
[310.127s][info][gc,heap        ] GC(1101) PSYoungGen: 225936K(241152K)->78496K(236544K) Eden: 157696K(157696K)->0K(157696K) From: 68240K(83456K)->78496K(78848K)
[310.127s][info][gc,heap        ] GC(1101) ParOldGen: 413870K(612864K)->413910K(612864K)
[310.127s][info][gc,metaspace   ] GC(1101) Metaspace: 18770K(18880K)->18770K(18880K) NonClass: 16941K(17024K)->16941K(17024K) Class: 1828K(1856K)->1828K(1856K)
[310.127s][info][gc             ] GC(1101) Pause Young (Allocation Failure) 624M->480M(829M) 87.202ms
[310.127s][info][gc,cpu         ] GC(1101) User=0.17s Sys=0.00s Real=0.09s
[310.432s][info][gc,start       ] GC(1102) Pause Young (Allocation Failure)
[310.517s][info][gc,heap        ] GC(1102) PSYoungGen: 236192K(236544K)->78448K(227328K) Eden: 157696K(157696K)->0K(132096K) From: 78496K(78848K)->78448K(95232K)
[310.517s][info][gc,heap        ] GC(1102) ParOldGen: 413910K(612864K)->413990K(612864K)
[310.517s][info][gc,metaspace   ] GC(1102) Metaspace: 18770K(18880K)->18770K(18880K) NonClass: 16941K(17024K)->16941K(17024K) Class: 1828K(1856K)->1828K(1856K)
[310.517s][info][gc             ] GC(1102) Pause Young (Allocation Failure) 634M->480M(820M) 85.036ms
[310.517s][info][gc,cpu         ] GC(1102) User=0.17s Sys=0.00s Real=0.09s
[310.721s][info][gc,start       ] GC(1103) Pause Young (Allocation Failure)
[310.810s][info][gc,heap        ] GC(1103) PSYoungGen: 210544K(227328K)->78416K(210944K) Eden: 132096K(132096K)->0K(132096K) From: 78448K(95232K)->78416K(78848K)
[310.810s][info][gc,heap        ] GC(1103) ParOldGen: 413990K(612864K)->414078K(612864K)
[310.810s][info][gc,metaspace   ] GC(1103) Metaspace: 18770K(18880K)->18770K(18880K) NonClass: 16941K(17024K)->16941K(17024K) Class: 1828K(1856K)->1828K(1856K)
[310.810s][info][gc             ] GC(1103) Pause Young (Allocation Failure) 609M->480M(804M) 89.045ms
[310.810s][info][gc,cpu         ] GC(1103) User=0.17s Sys=0.00s Real=0.09s
[310.972s][info][gc,start       ] GC(1104) Pause Young (Allocation Failure)
[311.103s][info][gc,heap        ] GC(1104) PSYoungGen: 210512K(210944K)->101248K(217088K) Eden: 132096K(132096K)->0K(111616K) From: 78416K(78848K)->101248K(105472K)
[311.103s][info][gc,heap        ] GC(1104) ParOldGen: 414078K(612864K)->414126K(612864K)
[311.103s][info][gc,metaspace   ] GC(1104) Metaspace: 18770K(18880K)->18770K(18880K) NonClass: 16941K(17024K)->16941K(17024K) Class: 1828K(1856K)->1828K(1856K)
[311.103s][info][gc             ] GC(1104) Pause Young (Allocation Failure) 609M->503M(810M) 130.679ms
[311.103s][info][gc,cpu         ] GC(1104) User=0.25s Sys=0.01s Real=0.13s
[311.241s][info][gc,start       ] GC(1105) Pause Young (Allocation Failure)
[311.365s][info][gc,heap        ] GC(1105) PSYoungGen: 212864K(217088K)->111104K(222720K) Eden: 111616K(111616K)->0K(111616K) From: 101248K(105472K)->111104K(111104K)
[311.365s][info][gc,heap        ] GC(1105) ParOldGen: 414126K(612864K)->417846K(612864K)
[311.365s][info][gc,metaspace   ] GC(1105) Metaspace: 18770K(18880K)->18770K(18880K) NonClass: 16941K(17024K)->16941K(17024K) Class: 1828K(1856K)->1828K(1856K)
[311.365s][info][gc             ] GC(1105) Pause Young (Allocation Failure) 612M->516M(816M) 124.647ms
[311.365s][info][gc,cpu         ] GC(1105) User=0.24s Sys=0.00s Real=0.13s
[311.445s][info][gc,start       ] GC(1106) Pause Young (Allocation Failure)
[311.574s][info][gc,heap        ] GC(1106) PSYoungGen: 222720K(222720K)->111104K(222720K) Eden: 111616K(111616K)->0K(111616K) From: 111104K(111104K)->111104K(111104K)
[311.574s][info][gc,heap        ] GC(1106) ParOldGen: 417846K(612864K)->425534K(612864K)
[311.574s][info][gc,metaspace   ] GC(1106) Metaspace: 18770K(18880K)->18770K(18880K) NonClass: 16941K(17024K)->16941K(17024K) Class: 1828K(1856K)->1828K(1856K)
[311.574s][info][gc             ] GC(1106) Pause Young (Allocation Failure) 625M->524M(816M) 128.938ms
[311.574s][info][gc,cpu         ] GC(1106) User=0.26s Sys=0.01s Real=0.13s
[311.677s][info][gc,start       ] GC(1107) Pause Young (Allocation Failure)
[311.789s][info][gc,heap        ] GC(1107) PSYoungGen: 222720K(222720K)->69872K(222720K) Eden: 111616K(111616K)->0K(111616K) From: 111104K(111104K)->69872K(111104K)
[311.789s][info][gc,heap        ] GC(1107) ParOldGen: 425534K(612864K)->467598K(612864K)
[311.789s][info][gc,metaspace   ] GC(1107) Metaspace: 18770K(18880K)->18770K(18880K) NonClass: 16941K(17024K)->16941K(17024K) Class: 1828K(1856K)->1828K(1856K)
[311.789s][info][gc             ] GC(1107) Pause Young (Allocation Failure) 633M->524M(816M) 111.909ms
[311.789s][info][gc,cpu         ] GC(1107) User=0.22s Sys=0.00s Real=0.11s
[311.900s][info][gc,start       ] GC(1108) Pause Young (Allocation Failure)
[311.971s][info][gc,heap        ] GC(1108) PSYoungGen: 181488K(222720K)->67056K(222720K) Eden: 111616K(111616K)->0K(111616K) From: 69872K(111104K)->67056K(111104K)
[311.971s][info][gc,heap        ] GC(1108) ParOldGen: 467598K(612864K)->473110K(612864K)
[311.971s][info][gc,metaspace   ] GC(1108) Metaspace: 18770K(18880K)->18770K(18880K) NonClass: 16941K(17024K)->16941K(17024K) Class: 1828K(1856K)->1828K(1856K)
[311.971s][info][gc             ] GC(1108) Pause Young (Allocation Failure) 633M->527M(816M) 71.755ms
[311.971s][info][gc,cpu         ] GC(1108) User=0.14s Sys=0.00s Real=0.07s
[312.089s][info][gc,start       ] GC(1109) Pause Young (Allocation Failure)
[312.157s][info][gc,heap        ] GC(1109) PSYoungGen: 178672K(222720K)->67104K(222720K) Eden: 111616K(111616K)->0K(111616K) From: 67056K(111104K)->67104K(111104K)
[312.157s][info][gc,heap        ] GC(1109) ParOldGen: 473110K(612864K)->476934K(612864K)
[312.157s][info][gc,metaspace   ] GC(1109) Metaspace: 18770K(18880K)->18770K(18880K) NonClass: 16941K(17024K)->16941K(17024K) Class: 1828K(1856K)->1828K(1856K)
[312.157s][info][gc             ] GC(1109) Pause Young (Allocation Failure) 636M->531M(816M) 68.112ms
[312.157s][info][gc,cpu         ] GC(1109) User=0.13s Sys=0.00s Real=0.07s
[312.243s][info][gc,start       ] GC(1110) Pause Young (Allocation Failure)
[312.309s][info][gc,heap        ] GC(1110) PSYoungGen: 178720K(222720K)->41888K(222720K) Eden: 111616K(111616K)->0K(111616K) From: 67104K(111104K)->41888K(111104K)
[312.309s][info][gc,heap        ] GC(1110) ParOldGen: 476934K(612864K)->502246K(612864K)
[312.309s][info][gc,metaspace   ] GC(1110) Metaspace: 18770K(18880K)->18770K(18880K) NonClass: 16941K(17024K)->16941K(17024K) Class: 1828K(1856K)->1828K(1856K)
[312.309s][info][gc             ] GC(1110) Pause Young (Allocation Failure) 640M->531M(816M) 65.686ms
[312.309s][info][gc,cpu         ] GC(1110) User=0.13s Sys=0.00s Real=0.06s
[312.417s][info][gc,start       ] GC(1111) Pause Young (Allocation Failure)
[312.462s][info][gc,heap        ] GC(1111) PSYoungGen: 153504K(222720K)->48480K(222720K) Eden: 111616K(111616K)->0K(111616K) From: 41888K(111104K)->48480K(111104K)
[312.462s][info][gc,heap        ] GC(1111) ParOldGen: 502246K(612864K)->502342K(612864K)
[312.462s][info][gc,metaspace   ] GC(1111) Metaspace: 18770K(18880K)->18770K(18880K) NonClass: 16941K(17024K)->16941K(17024K) Class: 1828K(1856K)->1828K(1856K)
[312.462s][info][gc             ] GC(1111) Pause Young (Allocation Failure) 640M->537M(816M) 45.601ms
[312.462s][info][gc,cpu         ] GC(1111) User=0.09s Sys=0.00s Real=0.05s
[312.594s][info][gc,start       ] GC(1112) Pause Young (Allocation Failure)
[312.648s][info][gc,heap        ] GC(1112) PSYoungGen: 160096K(222720K)->27648K(222720K) Eden: 111616K(111616K)->0K(111616K) From: 48480K(111104K)->27648K(111104K)
[312.648s][info][gc,heap        ] GC(1112) ParOldGen: 502342K(612864K)->530710K(612864K)
[312.648s][info][gc,metaspace   ] GC(1112) Metaspace: 18770K(18880K)->18770K(18880K) NonClass: 16941K(17024K)->16941K(17024K) Class: 1828K(1856K)->1828K(1856K)
[312.648s][info][gc             ] GC(1112) Pause Young (Allocation Failure) 646M->545M(816M) 53.281ms
[312.648s][info][gc,cpu         ] GC(1112) User=0.11s Sys=0.00s Real=0.05s
[312.843s][info][gc,start       ] GC(1113) Pause Young (Allocation Failure)
[312.874s][info][gc,heap        ] GC(1113) PSYoungGen: 139264K(222720K)->23040K(222720K) Eden: 111616K(111616K)->0K(111616K) From: 27648K(111104K)->23040K(111104K)
[312.874s][info][gc,heap        ] GC(1113) ParOldGen: 530710K(612864K)->537694K(612864K)
[312.874s][info][gc,metaspace   ] GC(1113) Metaspace: 18770K(18880K)->18770K(18880K) NonClass: 16941K(17024K)->16941K(17024K) Class: 1828K(1856K)->1828K(1856K)
[312.874s][info][gc             ] GC(1113) Pause Young (Allocation Failure) 654M->547M(816M) 31.406ms
[312.874s][info][gc,cpu         ] GC(1113) User=0.06s Sys=0.00s Real=0.03s
[313.213s][info][gc,start       ] GC(1114) Pause Young (Allocation Failure)
[313.238s][info][gc,heap        ] GC(1114) PSYoungGen: 134656K(222720K)->16736K(222720K) Eden: 111616K(111616K)->0K(111616K) From: 23040K(111104K)->16736K(111104K)
[313.238s][info][gc,heap        ] GC(1114) ParOldGen: 537694K(612864K)->544246K(612864K)
[313.238s][info][gc,metaspace   ] GC(1114) Metaspace: 18770K(18880K)->18770K(18880K) NonClass: 16941K(17024K)->16941K(17024K) Class: 1828K(1856K)->1828K(1856K)
[313.238s][info][gc             ] GC(1114) Pause Young (Allocation Failure) 656M->547M(816M) 24.338ms
[313.238s][info][gc,cpu         ] GC(1114) User=0.05s Sys=0.00s Real=0.02s
[313.485s][info][gc,start       ] GC(1115) Pause Young (Allocation Failure)
[313.503s][info][gc,heap        ] GC(1115) PSYoungGen: 128352K(222720K)->10080K(222720K) Eden: 111616K(111616K)->0K(111616K) From: 16736K(111104K)->10080K(111104K)
[313.503s][info][gc,heap        ] GC(1115) ParOldGen: 544246K(612864K)->550982K(612864K)
[313.503s][info][gc,metaspace   ] GC(1115) Metaspace: 18770K(18880K)->18770K(18880K) NonClass: 16941K(17024K)->16941K(17024K) Class: 1828K(1856K)->1828K(1856K)
[313.503s][info][gc             ] GC(1115) Pause Young (Allocation Failure) 656M->547M(816M) 17.913ms
[313.503s][info][gc,cpu         ] GC(1115) User=0.04s Sys=0.00s Real=0.02s
[313.753s][info][gc,start       ] GC(1116) Pause Young (Allocation Failure)
[313.765s][info][gc,heap        ] GC(1116) PSYoungGen: 121696K(222720K)->496K(222720K) Eden: 111616K(111616K)->0K(111616K) From: 10080K(111104K)->496K(111104K)
[313.765s][info][gc,heap        ] GC(1116) ParOldGen: 550982K(612864K)->560774K(612864K)
[313.765s][info][gc,metaspace   ] GC(1116) Metaspace: 18771K(18880K)->18771K(18880K) NonClass: 16942K(17024K)->16942K(17024K) Class: 1828K(1856K)->1828K(1856K)
[313.765s][info][gc             ] GC(1116) Pause Young (Allocation Failure) 656M->548M(816M) 12.193ms
[313.765s][info][gc,cpu         ] GC(1116) User=0.03s Sys=0.00s Real=0.01s
[313.936s][info][gc,start       ] GC(1117) Pause Young (Allocation Failure)
[313.944s][info][gc,heap        ] GC(1117) PSYoungGen: 112112K(222720K)->6864K(222720K) Eden: 111616K(111616K)->0K(111616K) From: 496K(111104K)->6864K(111104K)
[313.944s][info][gc,heap        ] GC(1117) ParOldGen: 560774K(612864K)->561055K(612864K)
[313.944s][info][gc,metaspace   ] GC(1117) Metaspace: 18771K(18880K)->18771K(18880K) NonClass: 16942K(17024K)->16942K(17024K) Class: 1828K(1856K)->1828K(1856K)
[313.944s][info][gc             ] GC(1117) Pause Young (Allocation Failure) 657M->554M(816M) 8.444ms
[313.944s][info][gc,cpu         ] GC(1117) User=0.01s Sys=0.00s Real=0.01s
[314.009s][info][gc,start       ] GC(1118) Pause Young (Allocation Failure)
[314.048s][info][gc,heap        ] GC(1118) PSYoungGen: 118480K(222720K)->43776K(222720K) Eden: 111616K(111616K)->0K(111616K) From: 6864K(111104K)->43776K(111104K)
[314.048s][info][gc,heap        ] GC(1118) ParOldGen: 561055K(612864K)->567951K(612864K)
[314.048s][info][gc,metaspace   ] GC(1118) Metaspace: 18771K(18880K)->18771K(18880K) NonClass: 16942K(17024K)->16942K(17024K) Class: 1828K(1856K)->1828K(1856K)
[314.048s][info][gc             ] GC(1118) Pause Young (Allocation Failure) 663M->597M(816M) 39.064ms
[314.048s][info][gc,cpu         ] GC(1118) User=0.08s Sys=0.00s Real=0.04s
[314.111s][info][gc,start       ] GC(1119) Pause Young (Allocation Failure)
[314.168s][info][gc,heap        ] GC(1119) PSYoungGen: 155392K(222720K)->43872K(155648K) Eden: 111616K(111616K)->0K(111616K) From: 43776K(111104K)->43872K(44032K)
[314.168s][info][gc,heap        ] GC(1119) ParOldGen: 567951K(612864K)->612223K(612864K)
[314.168s][info][gc,metaspace   ] GC(1119) Metaspace: 18771K(18880K)->18771K(18880K) NonClass: 16942K(17024K)->16942K(17024K) Class: 1828K(1856K)->1828K(1856K)
[314.168s][info][gc             ] GC(1119) Pause Young (Allocation Failure) 706M->640M(750M) 56.458ms
[314.168s][info][gc,cpu         ] GC(1119) User=0.12s Sys=0.00s Real=0.06s
[314.233s][info][gc,start       ] GC(1120) Pause Young (Allocation Failure)
[314.288s][info][gc,heap        ] GC(1120) PSYoungGen: 155488K(155648K)->87168K(221696K) Eden: 111616K(111616K)->0K(111104K) From: 43872K(44032K)->87168K(110592K)
[314.288s][info][gc,heap        ] GC(1120) ParOldGen: 612223K(612864K)->612223K(612864K)
[314.288s][info][gc,metaspace   ] GC(1120) Metaspace: 18771K(18880K)->18771K(18880K) NonClass: 16942K(17024K)->16942K(17024K) Class: 1828K(1856K)->1828K(1856K)
[314.288s][info][gc             ] GC(1120) Pause Young (Allocation Failure) 749M->682M(815M) 54.939ms
[314.288s][info][gc,cpu         ] GC(1120) User=0.11s Sys=0.00s Real=0.05s
[314.583s][info][gc,start       ] GC(1121) Pause Young (Allocation Failure)
[314.676s][info][gc,promotion   ] GC(1121) Promotion failed
[314.676s][info][gc,heap        ] GC(1121) PSYoungGen: 198272K(221696K)->198272K(221696K) Eden: 111104K(111104K)->111104K(111104K) From: 87168K(110592K)->87168K(110592K)
[314.676s][info][gc,heap        ] GC(1121) ParOldGen: 612223K(612864K)->667647K(667648K)
[314.676s][info][gc,metaspace   ] GC(1121) Metaspace: 18771K(18880K)->18771K(18880K) NonClass: 16942K(17024K)->16942K(17024K) Class: 1828K(1856K)->1828K(1856K)
[314.676s][info][gc             ] GC(1121) Pause Young (Allocation Failure) 791M->845M(868M) 93.422ms
[314.676s][info][gc,cpu         ] GC(1121) User=0.15s Sys=0.04s Real=0.09s
[314.676s][info][gc,start       ] GC(1122) Pause Full (Allocation Failure)
[314.676s][info][gc,phases,start] GC(1122) Marking Phase
[315.022s][info][gc,phases      ] GC(1122) Marking Phase 345.418ms
[315.022s][info][gc,phases,start] GC(1122) Summary Phase
[315.022s][info][gc,phases      ] GC(1122) Summary Phase 0.029ms
[315.022s][info][gc,phases,start] GC(1122) Forward
[315.139s][info][gc,phases      ] GC(1122) Forward 117.643ms
[315.139s][info][gc,phases,start] GC(1122) Adjust Pointers
[315.396s][info][gc,phases      ] GC(1122) Adjust Pointers 256.595ms
[315.396s][info][gc,phases,start] GC(1122) Compaction Phase
[315.550s][info][gc,phases      ] GC(1122) Compaction Phase 153.909ms
[315.559s][info][gc,phases,start] GC(1122) Post Compact
[315.561s][info][gc,phases      ] GC(1122) Post Compact 2.484ms
[315.561s][info][gc,heap        ] GC(1122) PSYoungGen: 198272K(221696K)->0K(222208K) Eden: 111104K(111104K)->0K(111104K) From: 87168K(110592K)->0K(111104K)
[315.561s][info][gc,heap        ] GC(1122) ParOldGen: 667647K(667648K)->543774K(667648K)
[315.561s][info][gc,metaspace   ] GC(1122) Metaspace: 18771K(18880K)->18771K(18880K) NonClass: 16942K(17024K)->16942K(17024K) Class: 1828K(1856K)->1828K(1856K)
[315.561s][info][gc             ] GC(1122) Pause Full (Allocation Failure) 845M->531M(869M) 884.892ms
[315.561s][info][gc,cpu         ] GC(1122) User=1.66s Sys=0.00s Real=0.88s
[315.632s][info][gc,start       ] GC(1123) Pause Young (Allocation Failure)
[315.668s][info][gc,heap        ] GC(1123) PSYoungGen: 111104K(222208K)->46592K(222720K) Eden: 111104K(111104K)->0K(111616K) From: 0K(111104K)->46592K(111104K)
[315.668s][info][gc,heap        ] GC(1123) ParOldGen: 543774K(667648K)->543774K(667648K)
[315.668s][info][gc,metaspace   ] GC(1123) Metaspace: 18771K(18880K)->18771K(18880K) NonClass: 16942K(17024K)->16942K(17024K) Class: 1828K(1856K)->1828K(1856K)
[315.668s][info][gc             ] GC(1123) Pause Young (Allocation Failure) 639M->576M(869M) 35.974ms
[315.668s][info][gc,cpu         ] GC(1123) User=0.07s Sys=0.00s Real=0.03s
[315.817s][info][gc,start       ] GC(1124) Pause Young (Allocation Failure)
[315.873s][info][gc,heap        ] GC(1124) PSYoungGen: 158208K(222720K)->19744K(222720K) Eden: 111616K(111616K)->0K(111616K) From: 46592K(111104K)->19744K(111104K)
[315.873s][info][gc,heap        ] GC(1124) ParOldGen: 543774K(667648K)->590822K(667648K)
[315.873s][info][gc,metaspace   ] GC(1124) Metaspace: 18771K(18880K)->18771K(18880K) NonClass: 16942K(17024K)->16942K(17024K) Class: 1828K(1856K)->1828K(1856K)
[315.873s][info][gc             ] GC(1124) Pause Young (Allocation Failure) 685M->596M(869M) 56.621ms
[315.873s][info][gc,cpu         ] GC(1124) User=0.12s Sys=0.00s Real=0.06s
[315.978s][info][gc,start       ] GC(1125) Pause Young (Allocation Failure)
[316.028s][info][gc,heap        ] GC(1125) PSYoungGen: 131360K(222720K)->32832K(212480K) Eden: 111616K(111616K)->0K(111616K) From: 19744K(111104K)->32832K(100864K)
[316.028s][info][gc,heap        ] GC(1125) ParOldGen: 590822K(667648K)->590822K(667648K)
[316.028s][info][gc,metaspace   ] GC(1125) Metaspace: 18771K(18880K)->18771K(18880K) NonClass: 16942K(17024K)->16942K(17024K) Class: 1828K(1856K)->1828K(1856K)
[316.028s][info][gc             ] GC(1125) Pause Young (Allocation Failure) 705M->609M(859M) 49.761ms
[316.028s][info][gc,cpu         ] GC(1125) User=0.10s Sys=0.00s Real=0.05s
[316.155s][info][gc,start       ] GC(1126) Pause Young (Allocation Failure)
[316.227s][info][gc,heap        ] GC(1126) PSYoungGen: 144448K(212480K)->46062K(217600K) Eden: 111616K(111616K)->0K(111616K) From: 32832K(100864K)->46062K(105984K)
[316.227s][info][gc,heap        ] GC(1126) ParOldGen: 590822K(667648K)->590822K(667648K)
[316.227s][info][gc,metaspace   ] GC(1126) Metaspace: 18771K(18880K)->18771K(18880K) NonClass: 16942K(17024K)->16942K(17024K) Class: 1828K(1856K)->1828K(1856K)
[316.227s][info][gc             ] GC(1126) Pause Young (Allocation Failure) 718M->621M(864M) 71.485ms
[316.227s][info][gc,cpu         ] GC(1126) User=0.14s Sys=0.00s Real=0.07s
[316.371s][info][gc,start       ] GC(1127) Pause Young (Allocation Failure)
[316.472s][info][gc,heap        ] GC(1127) PSYoungGen: 157678K(217600K)->66212K(219648K) Eden: 111616K(111616K)->0K(118272K) From: 46062K(105984K)->66212K(101376K)
[316.472s][info][gc,heap        ] GC(1127) ParOldGen: 590822K(667648K)->590822K(667648K)
[316.472s][info][gc,metaspace   ] GC(1127) Metaspace: 18771K(18880K)->18771K(18880K) NonClass: 16942K(17024K)->16942K(17024K) Class: 1828K(1856K)->1828K(1856K)
[316.472s][info][gc             ] GC(1127) Pause Young (Allocation Failure) 730M->641M(866M) 100.972ms
[316.472s][info][gc,cpu         ] GC(1127) User=0.20s Sys=0.00s Real=0.11s
[316.622s][info][gc,start       ] GC(1128) Pause Young (Allocation Failure)
[316.724s][info][gc,heap        ] GC(1128) PSYoungGen: 184484K(219648K)->66244K(222208K) Eden: 118272K(118272K)->0K(118272K) From: 66212K(101376K)->66244K(103936K)
[316.724s][info][gc,heap        ] GC(1128) ParOldGen: 590822K(667648K)->590822K(667648K)
[316.724s][info][gc,metaspace   ] GC(1128) Metaspace: 18771K(18880K)->18771K(18880K) NonClass: 16942K(17024K)->16942K(17024K) Class: 1828K(1856K)->1828K(1856K)
[316.724s][info][gc             ] GC(1128) Pause Young (Allocation Failure) 757M->641M(869M) 102.728ms
[316.724s][info][gc,cpu         ] GC(1128) User=0.19s Sys=0.00s Real=0.11s
[316.875s][info][gc,start       ] GC(1129) Pause Young (Allocation Failure)
[316.973s][info][gc,heap        ] GC(1129) PSYoungGen: 184516K(222208K)->66244K(225792K) Eden: 118272K(118272K)->0K(119808K) From: 66244K(103936K)->66244K(105984K)
[316.973s][info][gc,heap        ] GC(1129) ParOldGen: 590822K(667648K)->590822K(667648K)
[316.973s][info][gc,metaspace   ] GC(1129) Metaspace: 18771K(18880K)->18771K(18880K) NonClass: 16942K(17024K)->16942K(17024K) Class: 1828K(1856K)->1828K(1856K)
[316.973s][info][gc             ] GC(1129) Pause Young (Allocation Failure) 757M->641M(872M) 98.239ms
[316.973s][info][gc,cpu         ] GC(1129) User=0.20s Sys=0.00s Real=0.10s
[317.124s][info][gc,start       ] GC(1130) Pause Young (Allocation Failure)
[317.221s][info][gc,heap        ] GC(1130) PSYoungGen: 186052K(225792K)->66244K(186368K) Eden: 119808K(119808K)->0K(119808K) From: 66244K(105984K)->66244K(66560K)
[317.221s][info][gc,heap        ] GC(1130) ParOldGen: 590822K(667648K)->590822K(667648K)
[317.221s][info][gc,metaspace   ] GC(1130) Metaspace: 18771K(18880K)->18771K(18880K) NonClass: 16942K(17024K)->16942K(17024K) Class: 1828K(1856K)->1828K(1856K)
[317.221s][info][gc             ] GC(1130) Pause Young (Allocation Failure) 758M->641M(834M) 97.301ms
[317.221s][info][gc,cpu         ] GC(1130) User=0.19s Sys=0.00s Real=0.09s
[317.373s][info][gc,start       ] GC(1131) Pause Young (Allocation Failure)
[317.471s][info][gc,heap        ] GC(1131) PSYoungGen: 186052K(186368K)->66212K(226304K) Eden: 119808K(119808K)->0K(118784K) From: 66244K(66560K)->66212K(107520K)
[317.471s][info][gc,heap        ] GC(1131) ParOldGen: 590822K(667648K)->590822K(667648K)
[317.471s][info][gc,metaspace   ] GC(1131) Metaspace: 18771K(18880K)->18771K(18880K) NonClass: 16942K(17024K)->16942K(17024K) Class: 1828K(1856K)->1828K(1856K)
[317.471s][info][gc             ] GC(1131) Pause Young (Allocation Failure) 758M->641M(873M) 98.003ms
[317.471s][info][gc,cpu         ] GC(1131) User=0.20s Sys=0.00s Real=0.09s
[317.623s][info][gc,start       ] GC(1132) Pause Young (Allocation Failure)
[317.720s][info][gc,heap        ] GC(1132) PSYoungGen: 184996K(226304K)->66212K(226304K) Eden: 118784K(118784K)->0K(118784K) From: 66212K(107520K)->66212K(107520K)
[317.720s][info][gc,heap        ] GC(1132) ParOldGen: 590822K(667648K)->590822K(667648K)
[317.720s][info][gc,metaspace   ] GC(1132) Metaspace: 18771K(18880K)->18771K(18880K) NonClass: 16942K(17024K)->16942K(17024K) Class: 1828K(1856K)->1828K(1856K)
[317.720s][info][gc             ] GC(1132) Pause Young (Allocation Failure) 757M->641M(873M) 96.957ms
[317.720s][info][gc,cpu         ] GC(1132) User=0.19s Sys=0.00s Real=0.09s
[317.872s][info][gc,start       ] GC(1133) Pause Young (Allocation Failure)
[317.970s][info][gc,heap        ] GC(1133) PSYoungGen: 184996K(226304K)->66222K(224256K) Eden: 118784K(118784K)->0K(118784K) From: 66212K(107520K)->66222K(105472K)
[317.970s][info][gc,heap        ] GC(1133) ParOldGen: 590822K(667648K)->590822K(667648K)
[317.970s][info][gc,metaspace   ] GC(1133) Metaspace: 18771K(18880K)->18771K(18880K) NonClass: 16942K(17024K)->16942K(17024K) Class: 1828K(1856K)->1828K(1856K)
[317.970s][info][gc             ] GC(1133) Pause Young (Allocation Failure) 757M->641M(871M) 98.214ms
[317.970s][info][gc,cpu         ] GC(1133) User=0.20s Sys=0.00s Real=0.09s
[318.122s][info][gc,start       ] GC(1134) Pause Young (Allocation Failure)
[318.221s][info][gc,heap        ] GC(1134) PSYoungGen: 185006K(224256K)->46532K(165376K) Eden: 118784K(118784K)->0K(118784K) From: 66222K(105472K)->46532K(46592K)
[318.221s][info][gc,heap        ] GC(1134) ParOldGen: 590822K(667648K)->610682K(667648K)
[318.221s][info][gc,metaspace   ] GC(1134) Metaspace: 18771K(18880K)->18771K(18880K) NonClass: 16942K(17024K)->16942K(17024K) Class: 1828K(1856K)->1828K(1856K)
[318.221s][info][gc             ] GC(1134) Pause Young (Allocation Failure) 757M->641M(813M) 99.773ms
[318.221s][info][gc,cpu         ] GC(1134) User=0.20s Sys=0.00s Real=0.10s
[318.376s][info][gc,start       ] GC(1135) Pause Young (Allocation Failure)
[318.456s][info][gc,heap        ] GC(1135) PSYoungGen: 165316K(165376K)->33966K(226304K) Eden: 118784K(118784K)->0K(123392K) From: 46532K(46592K)->33966K(102912K)
[318.456s][info][gc,heap        ] GC(1135) ParOldGen: 610682K(667648K)->623314K(667648K)
[318.456s][info][gc,metaspace   ] GC(1135) Metaspace: 18771K(18880K)->18771K(18880K) NonClass: 16942K(17024K)->16942K(17024K) Class: 1828K(1856K)->1828K(1856K)
[318.456s][info][gc             ] GC(1135) Pause Young (Allocation Failure) 757M->641M(873M) 80.468ms
[318.456s][info][gc,cpu         ] GC(1135) User=0.15s Sys=0.01s Real=0.08s
[318.623s][info][gc,start       ] GC(1136) Pause Young (Allocation Failure)
[318.681s][info][gc,heap        ] GC(1136) PSYoungGen: 157358K(226304K)->33956K(224768K) Eden: 123392K(123392K)->0K(123392K) From: 33966K(102912K)->33956K(101376K)
[318.681s][info][gc,heap        ] GC(1136) ParOldGen: 623314K(667648K)->623314K(667648K)
[318.681s][info][gc,metaspace   ] GC(1136) Metaspace: 18771K(18880K)->18771K(18880K) NonClass: 16942K(17024K)->16942K(17024K) Class: 1828K(1856K)->1828K(1856K)
[318.681s][info][gc             ] GC(1136) Pause Young (Allocation Failure) 762M->641M(871M) 57.813ms
[318.681s][info][gc,cpu         ] GC(1136) User=0.11s Sys=0.00s Real=0.05s
[318.816s][info][gc,start       ] GC(1137) Pause Young (Allocation Failure)
[318.892s][info][gc,heap        ] GC(1137) PSYoungGen: 157348K(224768K)->49582K(225280K) Eden: 123392K(123392K)->0K(132608K) From: 33956K(101376K)->49582K(92672K)
[318.892s][info][gc,heap        ] GC(1137) ParOldGen: 623314K(667648K)->623314K(667648K)
[318.892s][info][gc,metaspace   ] GC(1137) Metaspace: 18771K(18880K)->18771K(18880K) NonClass: 16942K(17024K)->16942K(17024K) Class: 1828K(1856K)->1828K(1856K)
[318.892s][info][gc             ] GC(1137) Pause Young (Allocation Failure) 762M->657M(872M) 76.312ms
[318.892s][info][gc,cpu         ] GC(1137) User=0.15s Sys=0.00s Real=0.08s
[319.016s][info][gc,start       ] GC(1138) Pause Young (Allocation Failure)
[319.097s][info][gc,heap        ] GC(1138) PSYoungGen: 182190K(225280K)->63620K(227328K) Eden: 132608K(132608K)->0K(132608K) From: 49582K(92672K)->63620K(94720K)
[319.097s][info][gc,heap        ] GC(1138) ParOldGen: 623314K(667648K)->623314K(667648K)
[319.097s][info][gc,metaspace   ] GC(1138) Metaspace: 18771K(18880K)->18771K(18880K) NonClass: 16942K(17024K)->16942K(17024K) Class: 1828K(1856K)->1828K(1856K)
[319.097s][info][gc             ] GC(1138) Pause Young (Allocation Failure) 786M->670M(874M) 80.758ms
[319.097s][info][gc,cpu         ] GC(1138) User=0.16s Sys=0.00s Real=0.08s
[319.192s][info][gc,start       ] GC(1139) Pause Young (Allocation Failure)
[319.276s][info][gc,heap        ] GC(1139) PSYoungGen: 196228K(227328K)->67246K(235520K) Eden: 132608K(132608K)->0K(140288K) From: 63620K(94720K)->67246K(95232K)
[319.276s][info][gc,heap        ] GC(1139) ParOldGen: 623314K(667648K)->623314K(667648K)
[319.276s][info][gc,metaspace   ] GC(1139) Metaspace: 18771K(18880K)->18771K(18880K) NonClass: 16942K(17024K)->16942K(17024K) Class: 1828K(1856K)->1828K(1856K)
[319.276s][info][gc             ] GC(1139) Pause Young (Allocation Failure) 800M->674M(882M) 83.924ms
[319.276s][info][gc,cpu         ] GC(1139) User=0.17s Sys=0.00s Real=0.08s
[319.398s][info][gc,start       ] GC(1140) Pause Young (Allocation Failure)
[319.484s][info][gc,heap        ] GC(1140) PSYoungGen: 207534K(235520K)->55936K(196608K) Eden: 140288K(140288K)->0K(140288K) From: 67246K(95232K)->55936K(56320K)
[319.484s][info][gc,heap        ] GC(1140) ParOldGen: 623314K(667648K)->636594K(667648K)
[319.484s][info][gc,metaspace   ] GC(1140) Metaspace: 18771K(18880K)->18771K(18880K) NonClass: 16942K(17024K)->16942K(17024K) Class: 1828K(1856K)->1828K(1856K)
[319.484s][info][gc             ] GC(1140) Pause Young (Allocation Failure) 811M->676M(844M) 86.180ms
[319.484s][info][gc,cpu         ] GC(1140) User=0.17s Sys=0.00s Real=0.09s
[319.614s][info][gc,start       ] GC(1141) Pause Full (Allocation Failure)
[319.614s][info][gc,phases,start] GC(1141) Marking Phase
[319.948s][info][gc,phases      ] GC(1141) Marking Phase 334.426ms
[319.948s][info][gc,phases,start] GC(1141) Summary Phase
[319.948s][info][gc,phases      ] GC(1141) Summary Phase 0.027ms
[319.948s][info][gc,phases,start] GC(1141) Forward
[320.055s][info][gc,phases      ] GC(1141) Forward 106.584ms
[320.055s][info][gc,phases,start] GC(1141) Adjust Pointers
[320.327s][info][gc,phases      ] GC(1141) Adjust Pointers 272.326ms
[320.327s][info][gc,phases,start] GC(1141) Compaction Phase
[320.478s][info][gc,phases      ] GC(1141) Compaction Phase 150.441ms
[320.493s][info][gc,phases,start] GC(1141) Post Compact
[320.496s][info][gc,phases      ] GC(1141) Post Compact 2.434ms
[320.496s][info][gc,heap        ] GC(1141) PSYoungGen: 196224K(196608K)->0K(235520K) Eden: 140288K(140288K)->0K(141824K) From: 55936K(56320K)->0K(93696K)
[320.496s][info][gc,heap        ] GC(1141) ParOldGen: 636594K(667648K)->530876K(667648K)
[320.496s][info][gc,metaspace   ] GC(1141) Metaspace: 18771K(18880K)->18771K(18880K) NonClass: 16942K(17024K)->16942K(17024K) Class: 1828K(1856K)->1828K(1856K)
[320.496s][info][gc             ] GC(1141) Pause Full (Allocation Failure) 813M->518M(882M) 882.128ms
[320.496s][info][gc,cpu         ] GC(1141) User=1.66s Sys=0.00s Real=0.88s
[320.645s][info][gc,start       ] GC(1142) Pause Young (Allocation Failure)
[320.652s][info][gc,heap        ] GC(1142) PSYoungGen: 141824K(235520K)->4160K(235520K) Eden: 141824K(141824K)->0K(141824K) From: 0K(93696K)->4160K(93696K)
[320.652s][info][gc,heap        ] GC(1142) ParOldGen: 530876K(667648K)->530876K(667648K)
[320.652s][info][gc,metaspace   ] GC(1142) Metaspace: 18771K(18880K)->18771K(18880K) NonClass: 16942K(17024K)->16942K(17024K) Class: 1828K(1856K)->1828K(1856K)
[320.652s][info][gc             ] GC(1142) Pause Young (Allocation Failure) 656M->522M(882M) 6.834ms
[320.652s][info][gc,cpu         ] GC(1142) User=0.01s Sys=0.00s Real=0.01s
[320.924s][info][gc,start       ] GC(1143) Pause Young (Allocation Failure)
[320.930s][info][gc,heap        ] GC(1143) PSYoungGen: 145984K(235520K)->4256K(230912K) Eden: 141824K(141824K)->0K(133120K) From: 4160K(93696K)->4256K(97792K)
[320.930s][info][gc,heap        ] GC(1143) ParOldGen: 530876K(667648K)->530876K(667648K)
[320.930s][info][gc,metaspace   ] GC(1143) Metaspace: 18771K(18880K)->18771K(18880K) NonClass: 16942K(17024K)->16942K(17024K) Class: 1828K(1856K)->1828K(1856K)
[320.930s][info][gc             ] GC(1143) Pause Young (Allocation Failure) 660M->522M(877M) 5.943ms
[320.930s][info][gc,cpu         ] GC(1143) User=0.02s Sys=0.00s Real=0.00s
[321.157s][info][gc,start       ] GC(1144) Pause Young (Allocation Failure)
[321.163s][info][gc,heap        ] GC(1144) PSYoungGen: 137376K(230912K)->4352K(137728K) Eden: 133120K(133120K)->0K(133120K) From: 4256K(97792K)->4352K(4608K)
[321.163s][info][gc,heap        ] GC(1144) ParOldGen: 530876K(667648K)->530876K(667648K)
[321.163s][info][gc,metaspace   ] GC(1144) Metaspace: 18771K(18880K)->18771K(18880K) NonClass: 16942K(17024K)->16942K(17024K) Class: 1828K(1856K)->1828K(1856K)
[321.163s][info][gc             ] GC(1144) Pause Young (Allocation Failure) 652M->522M(786M) 6.002ms
[321.163s][info][gc,cpu         ] GC(1144) User=0.01s Sys=0.00s Real=0.01s
[321.363s][info][gc,start       ] GC(1145) Pause Young (Allocation Failure)
[321.370s][info][gc,heap        ] GC(1145) PSYoungGen: 137472K(137728K)->4352K(232448K) Eden: 133120K(133120K)->0K(130560K) From: 4352K(4608K)->4352K(101888K)
[321.370s][info][gc,heap        ] GC(1145) ParOldGen: 530876K(667648K)->530876K(667648K)
[321.370s][info][gc,metaspace   ] GC(1145) Metaspace: 18771K(18880K)->18771K(18880K) NonClass: 16942K(17024K)->16942K(17024K) Class: 1828K(1856K)->1828K(1856K)
[321.370s][info][gc             ] GC(1145) Pause Young (Allocation Failure) 652M->522M(879M) 7.105ms
[321.370s][info][gc,cpu         ] GC(1145) User=0.01s Sys=0.00s Real=0.00s
[321.600s][info][gc,start       ] GC(1146) Pause Young (Allocation Failure)
[321.607s][info][gc,heap        ] GC(1146) PSYoungGen: 134912K(232448K)->4384K(135168K) Eden: 130560K(130560K)->0K(130560K) From: 4352K(101888K)->4384K(4608K)
[321.607s][info][gc,heap        ] GC(1146) ParOldGen: 530876K(667648K)->530876K(667648K)
[321.607s][info][gc,metaspace   ] GC(1146) Metaspace: 18771K(18880K)->18771K(18880K) NonClass: 16942K(17024K)->16942K(17024K) Class: 1828K(1856K)->1828K(1856K)
[321.607s][info][gc             ] GC(1146) Pause Young (Allocation Failure) 650M->522M(784M) 6.764ms
[321.607s][info][gc,cpu         ] GC(1146) User=0.01s Sys=0.00s Real=0.01s
[321.744s][info][gc,start       ] GC(1147) Pause Young (Allocation Failure)
[321.764s][info][gc,heap        ] GC(1147) PSYoungGen: 134944K(135168K)->18368K(233472K) Eden: 130560K(130560K)->0K(134656K) From: 4384K(4608K)->18368K(98816K)
[321.764s][info][gc,heap        ] GC(1147) ParOldGen: 530876K(667648K)->530876K(667648K)
[321.764s][info][gc,metaspace   ] GC(1147) Metaspace: 18771K(18880K)->18771K(18880K) NonClass: 16942K(17024K)->16942K(17024K) Class: 1828K(1856K)->1828K(1856K)
[321.764s][info][gc             ] GC(1147) Pause Young (Allocation Failure) 650M->536M(880M) 19.891ms
[321.764s][info][gc,cpu         ] GC(1147) User=0.04s Sys=0.00s Real=0.02s
[321.919s][info][gc,start       ] GC(1148) Pause Young (Allocation Failure)
[321.943s][info][gc,heap        ] GC(1148) PSYoungGen: 153024K(233472K)->23680K(158720K) Eden: 134656K(134656K)->0K(134656K) From: 18368K(98816K)->23680K(24064K)
[321.943s][info][gc,heap        ] GC(1148) ParOldGen: 530876K(667648K)->530876K(667648K)
[321.943s][info][gc,metaspace   ] GC(1148) Metaspace: 18771K(18880K)->18771K(18880K) NonClass: 16942K(17024K)->16942K(17024K) Class: 1828K(1856K)->1828K(1856K)
[321.943s][info][gc             ] GC(1148) Pause Young (Allocation Failure) 667M->541M(807M) 23.979ms
[321.943s][info][gc,cpu         ] GC(1148) User=0.05s Sys=0.00s Real=0.03s
[322.020s][info][gc,start       ] GC(1149) Pause Young (Allocation Failure)
[322.078s][info][gc,heap        ] GC(1149) PSYoungGen: 158336K(158720K)->68208K(221696K) Eden: 134656K(134656K)->0K(130560K) From: 23680K(24064K)->68208K(91136K)
[322.078s][info][gc,heap        ] GC(1149) ParOldGen: 530876K(667648K)->530876K(667648K)
[322.078s][info][gc,metaspace   ] GC(1149) Metaspace: 18771K(18880K)->18771K(18880K) NonClass: 16942K(17024K)->16942K(17024K) Class: 1828K(1856K)->1828K(1856K)
[322.078s][info][gc             ] GC(1149) Pause Young (Allocation Failure) 673M->585M(868M) 57.376ms
[322.078s][info][gc,cpu         ] GC(1149) User=0.11s Sys=0.00s Real=0.06s
[322.289s][info][gc,start       ] GC(1150) Pause Young (Allocation Failure)
[322.346s][info][gc,heap        ] GC(1150) PSYoungGen: 198768K(221696K)->77456K(208384K) Eden: 130560K(130560K)->0K(130560K) From: 68208K(91136K)->77456K(77824K)
[322.346s][info][gc,heap        ] GC(1150) ParOldGen: 530876K(667648K)->530876K(667648K)
[322.346s][info][gc,metaspace   ] GC(1150) Metaspace: 18771K(18880K)->18771K(18880K) NonClass: 16942K(17024K)->16942K(17024K) Class: 1828K(1856K)->1828K(1856K)
[322.346s][info][gc             ] GC(1150) Pause Young (Allocation Failure) 712M->594M(855M) 56.803ms
[322.346s][info][gc,cpu         ] GC(1150) User=0.11s Sys=0.00s Real=0.06s
[322.510s][info][gc,start       ] GC(1151) Pause Young (Allocation Failure)
[322.585s][info][gc,heap        ] GC(1151) PSYoungGen: 208016K(208384K)->89984K(220160K) Eden: 130560K(130560K)->0K(111616K) From: 77456K(77824K)->89984K(108544K)
[322.585s][info][gc,heap        ] GC(1151) ParOldGen: 530876K(667648K)->530876K(667648K)
[322.585s][info][gc,metaspace   ] GC(1151) Metaspace: 18771K(18880K)->18771K(18880K) NonClass: 16942K(17024K)->16942K(17024K) Class: 1828K(1856K)->1828K(1856K)
[322.585s][info][gc             ] GC(1151) Pause Young (Allocation Failure) 721M->606M(867M) 74.503ms
[322.585s][info][gc,cpu         ] GC(1151) User=0.15s Sys=0.00s Real=0.08s
[322.724s][info][gc,start       ] GC(1152) Pause Young (Allocation Failure)
[322.799s][info][gc,heap        ] GC(1152) PSYoungGen: 201600K(220160K)->89984K(222720K) Eden: 111616K(111616K)->0K(111616K) From: 89984K(108544K)->89984K(111104K)
[322.799s][info][gc,heap        ] GC(1152) ParOldGen: 530876K(667648K)->530876K(667648K)
[322.799s][info][gc,metaspace   ] GC(1152) Metaspace: 18771K(18880K)->18771K(18880K) NonClass: 16942K(17024K)->16942K(17024K) Class: 1828K(1856K)->1828K(1856K)
[322.799s][info][gc             ] GC(1152) Pause Young (Allocation Failure) 715M->606M(869M) 75.035ms
[322.799s][info][gc,cpu         ] GC(1152) User=0.15s Sys=0.00s Real=0.07s
[322.941s][info][gc,start       ] GC(1153) Pause Young (Allocation Failure)
[323.017s][info][gc,heap        ] GC(1153) PSYoungGen: 201600K(222720K)->89984K(222720K) Eden: 111616K(111616K)->0K(111616K) From: 89984K(111104K)->89984K(111104K)
[323.017s][info][gc,heap        ] GC(1153) ParOldGen: 530876K(667648K)->530876K(667648K)
[323.017s][info][gc,metaspace   ] GC(1153) Metaspace: 18771K(18880K)->18771K(18880K) NonClass: 16942K(17024K)->16942K(17024K) Class: 1828K(1856K)->1828K(1856K)
[323.017s][info][gc             ] GC(1153) Pause Young (Allocation Failure) 715M->606M(869M) 75.974ms
[323.017s][info][gc,cpu         ] GC(1153) User=0.15s Sys=0.00s Real=0.08s
[323.158s][info][gc,start       ] GC(1154) Pause Young (Allocation Failure)
[323.233s][info][gc,heap        ] GC(1154) PSYoungGen: 201600K(222720K)->85888K(222720K) Eden: 111616K(111616K)->0K(111616K) From: 89984K(111104K)->85888K(111104K)
[323.233s][info][gc,heap        ] GC(1154) ParOldGen: 530876K(667648K)->534996K(667648K)
[323.233s][info][gc,metaspace   ] GC(1154) Metaspace: 18771K(18880K)->18771K(18880K) NonClass: 16942K(17024K)->16942K(17024K) Class: 1828K(1856K)->1828K(1856K)
[323.233s][info][gc             ] GC(1154) Pause Young (Allocation Failure) 715M->606M(869M) 75.336ms
[323.233s][info][gc,cpu         ] GC(1154) User=0.15s Sys=0.00s Real=0.08s
[323.375s][info][gc,start       ] GC(1155) Pause Young (Allocation Failure)
[323.446s][info][gc,heap        ] GC(1155) PSYoungGen: 197504K(222720K)->85664K(222720K) Eden: 111616K(111616K)->0K(111616K) From: 85888K(111104K)->85664K(111104K)
[323.446s][info][gc,heap        ] GC(1155) ParOldGen: 534996K(667648K)->535186K(667648K)
[323.446s][info][gc,metaspace   ] GC(1155) Metaspace: 18771K(18880K)->18771K(18880K) NonClass: 16942K(17024K)->16942K(17024K) Class: 1828K(1856K)->1828K(1856K)
[323.446s][info][gc             ] GC(1155) Pause Young (Allocation Failure) 715M->606M(869M) 71.393ms
[323.446s][info][gc,cpu         ] GC(1155) User=0.14s Sys=0.00s Real=0.07s
[323.585s][info][gc,start       ] GC(1156) Pause Young (Allocation Failure)
[323.656s][info][gc,heap        ] GC(1156) PSYoungGen: 197280K(222720K)->85664K(222720K) Eden: 111616K(111616K)->0K(111616K) From: 85664K(111104K)->85664K(111104K)
[323.656s][info][gc,heap        ] GC(1156) ParOldGen: 535186K(667648K)->535226K(667648K)
[323.656s][info][gc,metaspace   ] GC(1156) Metaspace: 18771K(18880K)->18771K(18880K) NonClass: 16942K(17024K)->16942K(17024K) Class: 1828K(1856K)->1828K(1856K)
[323.656s][info][gc             ] GC(1156) Pause Young (Allocation Failure) 715M->606M(869M) 70.845ms
[323.656s][info][gc,cpu         ] GC(1156) User=0.14s Sys=0.00s Real=0.07s
[323.797s][info][gc,start       ] GC(1157) Pause Young (Allocation Failure)
[323.867s][info][gc,heap        ] GC(1157) PSYoungGen: 197280K(222720K)->66336K(222720K) Eden: 111616K(111616K)->0K(111616K) From: 85664K(111104K)->66336K(111104K)
[323.867s][info][gc,heap        ] GC(1157) ParOldGen: 535226K(667648K)->554645K(667648K)
[323.867s][info][gc,metaspace   ] GC(1157) Metaspace: 18771K(18880K)->18771K(18880K) NonClass: 16942K(17024K)->16942K(17024K) Class: 1828K(1856K)->1828K(1856K)
[323.867s][info][gc             ] GC(1157) Pause Young (Allocation Failure) 715M->606M(869M) 70.303ms
[323.867s][info][gc,cpu         ] GC(1157) User=0.14s Sys=0.00s Real=0.07s
[324.010s][info][gc,start       ] GC(1158) Pause Young (Allocation Failure)
[324.066s][info][gc,heap        ] GC(1158) PSYoungGen: 177952K(222720K)->12544K(222720K) Eden: 111616K(111616K)->0K(111616K) From: 66336K(111104K)->12544K(111104K)
[324.067s][info][gc,heap        ] GC(1158) ParOldGen: 554645K(667648K)->609009K(667648K)
[324.067s][info][gc,metaspace   ] GC(1158) Metaspace: 18771K(18880K)->18771K(18880K) NonClass: 16942K(17024K)->16942K(17024K) Class: 1828K(1856K)->1828K(1856K)
[324.067s][info][gc             ] GC(1158) Pause Young (Allocation Failure) 715M->606M(869M) 56.306ms
[324.067s][info][gc,cpu         ] GC(1158) User=0.11s Sys=0.00s Real=0.06s
[324.231s][info][gc,start       ] GC(1159) Pause Young (Allocation Failure)
[324.251s][info][gc,heap        ] GC(1159) PSYoungGen: 124160K(222720K)->64K(222720K) Eden: 111616K(111616K)->0K(111616K) From: 12544K(111104K)->64K(111104K)
[324.251s][info][gc,heap        ] GC(1159) ParOldGen: 609009K(667648K)->621569K(667648K)
[324.251s][info][gc,metaspace   ] GC(1159) Metaspace: 18771K(18880K)->18771K(18880K) NonClass: 16942K(17024K)->16942K(17024K) Class: 1828K(1856K)->1828K(1856K)
[324.251s][info][gc             ] GC(1159) Pause Young (Allocation Failure) 715M->607M(869M) 19.740ms
[324.251s][info][gc,cpu         ] GC(1159) User=0.04s Sys=0.00s Real=0.02s
[324.380s][info][gc,start       ] GC(1160) Pause Young (Allocation Failure)
[324.390s][info][gc,heap        ] GC(1160) PSYoungGen: 111680K(222720K)->4320K(222720K) Eden: 111616K(111616K)->0K(111616K) From: 64K(111104K)->4320K(111104K)
[324.390s][info][gc,heap        ] GC(1160) ParOldGen: 621569K(667648K)->621569K(667648K)
[324.390s][info][gc,metaspace   ] GC(1160) Metaspace: 18771K(18880K)->18771K(18880K) NonClass: 16942K(17024K)->16942K(17024K) Class: 1828K(1856K)->1828K(1856K)
[324.390s][info][gc             ] GC(1160) Pause Young (Allocation Failure) 716M->611M(869M) 10.861ms
[324.390s][info][gc,cpu         ] GC(1160) User=0.02s Sys=0.00s Real=0.01s
[324.468s][info][gc,start       ] GC(1161) Pause Young (Allocation Failure)
[324.508s][info][gc,heap        ] GC(1161) PSYoungGen: 115936K(222720K)->38176K(222720K) Eden: 111616K(111616K)->0K(111616K) From: 4320K(111104K)->38176K(111104K)
[324.508s][info][gc,heap        ] GC(1161) ParOldGen: 621569K(667648K)->621569K(667648K)
[324.508s][info][gc,metaspace   ] GC(1161) Metaspace: 18771K(18880K)->18771K(18880K) NonClass: 16942K(17024K)->16942K(17024K) Class: 1828K(1856K)->1828K(1856K)
[324.508s][info][gc             ] GC(1161) Pause Young (Allocation Failure) 720M->644M(869M) 40.693ms
[324.508s][info][gc,cpu         ] GC(1161) User=0.08s Sys=0.00s Real=0.04s
[324.594s][info][gc,start       ] GC(1162) Pause Young (Allocation Failure)
[324.652s][info][gc,heap        ] GC(1162) PSYoungGen: 149792K(222720K)->58272K(222720K) Eden: 111616K(111616K)->0K(111616K) From: 38176K(111104K)->58272K(111104K)
[324.652s][info][gc,heap        ] GC(1162) ParOldGen: 621569K(667648K)->621569K(667648K)
[324.652s][info][gc,metaspace   ] GC(1162) Metaspace: 18771K(18880K)->18771K(18880K) NonClass: 16942K(17024K)->16942K(17024K) Class: 1828K(1856K)->1828K(1856K)
[324.652s][info][gc             ] GC(1162) Pause Young (Allocation Failure) 753M->663M(869M) 57.615ms
[324.652s][info][gc,cpu         ] GC(1162) User=0.12s Sys=0.00s Real=0.06s
[324.706s][info][gc,start       ] GC(1163) Pause Young (Allocation Failure)
[324.777s][info][gc,heap        ] GC(1163) PSYoungGen: 169888K(222720K)->68672K(222720K) Eden: 111616K(111616K)->0K(111616K) From: 58272K(111104K)->68672K(111104K)
[324.777s][info][gc,heap        ] GC(1163) ParOldGen: 621569K(667648K)->625865K(667648K)
[324.777s][info][gc,metaspace   ] GC(1163) Metaspace: 18771K(18880K)->18771K(18880K) NonClass: 16942K(17024K)->16942K(17024K) Class: 1828K(1856K)->1828K(1856K)
[324.777s][info][gc             ] GC(1163) Pause Young (Allocation Failure) 772M->678M(869M) 71.386ms
[324.777s][info][gc,cpu         ] GC(1163) User=0.15s Sys=0.00s Real=0.07s
[324.854s][info][gc,start       ] GC(1164) Pause Young (Allocation Failure)
[324.934s][info][gc,promotion   ] GC(1164) Promotion failed
[324.934s][info][gc,heap        ] GC(1164) PSYoungGen: 180288K(222720K)->180288K(222720K) Eden: 111616K(111616K)->111616K(111616K) From: 68672K(111104K)->68672K(111104K)
[324.934s][info][gc,heap        ] GC(1164) ParOldGen: 625865K(667648K)->667641K(667648K)
[324.934s][info][gc,metaspace   ] GC(1164) Metaspace: 18771K(18880K)->18771K(18880K) NonClass: 16942K(17024K)->16942K(17024K) Class: 1828K(1856K)->1828K(1856K)
[324.934s][info][gc             ] GC(1164) Pause Young (Allocation Failure) 787M->828M(869M) 80.235ms
[324.934s][info][gc,cpu         ] GC(1164) User=0.16s Sys=0.00s Real=0.08s
[324.934s][info][gc,start       ] GC(1165) Pause Full (Allocation Failure)
[324.934s][info][gc,phases,start] GC(1165) Marking Phase
[325.181s][info][gc,phases      ] GC(1165) Marking Phase 247.122ms
[325.182s][info][gc,phases,start] GC(1165) Summary Phase
[325.182s][info][gc,phases      ] GC(1165) Summary Phase 0.037ms
[325.182s][info][gc,phases,start] GC(1165) Forward
[325.248s][info][gc,phases      ] GC(1165) Forward 66.584ms
[325.248s][info][gc,phases,start] GC(1165) Adjust Pointers
[325.450s][info][gc,phases      ] GC(1165) Adjust Pointers 201.287ms
[325.450s][info][gc,phases,start] GC(1165) Compaction Phase
[325.561s][info][gc,phases      ] GC(1165) Compaction Phase 111.866ms
[325.572s][info][gc,phases,start] GC(1165) Post Compact
[325.574s][info][gc,phases      ] GC(1165) Post Compact 2.494ms
[325.574s][info][gc,heap        ] GC(1165) PSYoungGen: 180288K(222720K)->0K(222720K) Eden: 111616K(111616K)->0K(111616K) From: 68672K(111104K)->0K(111104K)
[325.574s][info][gc,heap        ] GC(1165) ParOldGen: 667641K(667648K)->389491K(667648K)
[325.574s][info][gc,metaspace   ] GC(1165) Metaspace: 18771K(18880K)->18771K(18880K) NonClass: 16942K(17024K)->16942K(17024K) Class: 1828K(1856K)->1828K(1856K)
[325.575s][info][gc             ] GC(1165) Pause Full (Allocation Failure) 828M->380M(869M) 640.165ms
[325.575s][info][gc,cpu         ] GC(1165) User=1.22s Sys=0.00s Real=0.64s
[325.651s][info][gc,start       ] GC(1166) Pause Young (Allocation Failure)
[325.675s][info][gc,heap        ] GC(1166) PSYoungGen: 111616K(222720K)->15104K(222720K) Eden: 111616K(111616K)->0K(111616K) From: 0K(111104K)->15104K(111104K)
[325.676s][info][gc,heap        ] GC(1166) ParOldGen: 389491K(667648K)->389491K(667648K)
[325.676s][info][gc,metaspace   ] GC(1166) Metaspace: 18771K(18880K)->18771K(18880K) NonClass: 16942K(17024K)->16942K(17024K) Class: 1828K(1856K)->1828K(1856K)
[325.676s][info][gc             ] GC(1166) Pause Young (Allocation Failure) 489M->395M(869M) 24.337ms
[325.676s][info][gc,cpu         ] GC(1166) User=0.05s Sys=0.00s Real=0.03s
[325.754s][info][gc,start       ] GC(1167) Pause Young (Allocation Failure)
[325.782s][info][gc,heap        ] GC(1167) PSYoungGen: 126720K(222720K)->11584K(222720K) Eden: 111616K(111616K)->0K(111616K) From: 15104K(111104K)->11584K(111104K)
[325.782s][info][gc,heap        ] GC(1167) ParOldGen: 389491K(667648K)->404627K(667648K)
[325.782s][info][gc,metaspace   ] GC(1167) Metaspace: 18771K(18880K)->18771K(18880K) NonClass: 16942K(17024K)->16942K(17024K) Class: 1828K(1856K)->1828K(1856K)
[325.782s][info][gc             ] GC(1167) Pause Young (Allocation Failure) 504M->406M(869M) 28.259ms
[325.782s][info][gc,cpu         ] GC(1167) User=0.06s Sys=0.00s Real=0.03s
[325.831s][info][gc,start       ] GC(1168) Pause Young (Allocation Failure)
[325.849s][info][gc,heap        ] GC(1168) PSYoungGen: 123200K(222720K)->3648K(222720K) Eden: 111616K(111616K)->0K(111616K) From: 11584K(111104K)->3648K(111104K)
[325.849s][info][gc,heap        ] GC(1168) ParOldGen: 404627K(667648K)->416211K(667648K)
[325.849s][info][gc,metaspace   ] GC(1168) Metaspace: 18771K(18880K)->18771K(18880K) NonClass: 16942K(17024K)->16942K(17024K) Class: 1828K(1856K)->1828K(1856K)
[325.849s][info][gc             ] GC(1168) Pause Young (Allocation Failure) 515M->410M(869M) 18.014ms
[325.849s][info][gc,cpu         ] GC(1168) User=0.03s Sys=0.00s Real=0.02s
[325.909s][info][gc,start       ] GC(1169) Pause Young (Allocation Failure)
[325.921s][info][gc,heap        ] GC(1169) PSYoungGen: 115264K(222720K)->6912K(222720K) Eden: 111616K(111616K)->0K(111616K) From: 3648K(111104K)->6912K(111104K)
[325.921s][info][gc,heap        ] GC(1169) ParOldGen: 416211K(667648K)->419827K(667648K)
[325.921s][info][gc,metaspace   ] GC(1169) Metaspace: 18771K(18880K)->18771K(18880K) NonClass: 16942K(17024K)->16942K(17024K) Class: 1828K(1856K)->1828K(1856K)
[325.921s][info][gc             ] GC(1169) Pause Young (Allocation Failure) 519M->416M(869M) 12.665ms
[325.921s][info][gc,cpu         ] GC(1169) User=0.02s Sys=0.00s Real=0.01s
[325.992s][info][gc,start       ] GC(1170) Pause Young (Allocation Failure)
[326.009s][info][gc,heap        ] GC(1170) PSYoungGen: 118528K(222720K)->7424K(222720K) Eden: 111616K(111616K)->0K(111616K) From: 6912K(111104K)->7424K(111104K)
[326.009s][info][gc,heap        ] GC(1170) ParOldGen: 419827K(667648K)->426731K(667648K)
[326.009s][info][gc,metaspace   ] GC(1170) Metaspace: 18771K(18880K)->18771K(18880K) NonClass: 16942K(17024K)->16942K(17024K) Class: 1828K(1856K)->1828K(1856K)
[326.009s][info][gc             ] GC(1170) Pause Young (Allocation Failure) 525M->423M(869M) 16.937ms
[326.009s][info][gc,cpu         ] GC(1170) User=0.04s Sys=0.00s Real=0.01s
[326.114s][info][gc,start       ] GC(1171) Pause Young (Allocation Failure)
[326.129s][info][gc,heap        ] GC(1171) PSYoungGen: 119040K(222720K)->64K(222720K) Eden: 111616K(111616K)->0K(111616K) From: 7424K(111104K)->64K(111104K)
[326.129s][info][gc,heap        ] GC(1171) ParOldGen: 426731K(667648K)->434138K(667648K)
[326.129s][info][gc,metaspace   ] GC(1171) Metaspace: 18771K(18880K)->18771K(18880K) NonClass: 16942K(17024K)->16942K(17024K) Class: 1828K(1856K)->1828K(1856K)
[326.129s][info][gc             ] GC(1171) Pause Young (Allocation Failure) 532M->424M(869M) 14.767ms
[326.129s][info][gc,cpu         ] GC(1171) User=0.03s Sys=0.00s Real=0.01s
[326.255s][info][gc,start       ] GC(1172) Pause Young (Allocation Failure)
[326.263s][info][gc,heap        ] GC(1172) PSYoungGen: 111680K(222720K)->1376K(219648K) Eden: 111616K(111616K)->0K(111616K) From: 64K(111104K)->1376K(108032K)
[326.263s][info][gc,heap        ] GC(1172) ParOldGen: 434138K(667648K)->434146K(667648K)
[326.263s][info][gc,metaspace   ] GC(1172) Metaspace: 18771K(18880K)->18771K(18880K) NonClass: 16942K(17024K)->16942K(17024K) Class: 1828K(1856K)->1828K(1856K)
[326.263s][info][gc             ] GC(1172) Pause Young (Allocation Failure) 533M->425M(866M) 8.804ms
[326.263s][info][gc,cpu         ] GC(1172) User=0.02s Sys=0.00s Real=0.01s
[326.389s][info][gc,start       ] GC(1173) Pause Young (Allocation Failure)
[326.399s][info][gc,heap        ] GC(1173) PSYoungGen: 112992K(219648K)->4960K(221184K) Eden: 111616K(111616K)->0K(111616K) From: 1376K(108032K)->4960K(109568K)
[326.399s][info][gc,heap        ] GC(1173) ParOldGen: 434146K(667648K)->434146K(667648K)
[326.399s][info][gc,metaspace   ] GC(1173) Metaspace: 18771K(18880K)->18771K(18880K) NonClass: 16942K(17024K)->16942K(17024K) Class: 1828K(1856K)->1828K(1856K)
[326.399s][info][gc             ] GC(1173) Pause Young (Allocation Failure) 534M->428M(868M) 10.056ms
[326.399s][info][gc,cpu         ] GC(1173) User=0.02s Sys=0.00s Real=0.01s
[326.495s][info][gc,start       ] GC(1174) Pause Young (Allocation Failure)
[326.503s][info][gc,heap        ] GC(1174) PSYoungGen: 116576K(221184K)->5088K(216064K) Eden: 111616K(111616K)->0K(118784K) From: 4960K(109568K)->5088K(97280K)
[326.503s][info][gc,heap        ] GC(1174) ParOldGen: 434146K(667648K)->434154K(667648K)
[326.503s][info][gc,metaspace   ] GC(1174) Metaspace: 18771K(18880K)->18771K(18880K) NonClass: 16942K(17024K)->16942K(17024K) Class: 1828K(1856K)->1828K(1856K)
[326.503s][info][gc             ] GC(1174) Pause Young (Allocation Failure) 537M->428M(863M) 7.956ms
[326.503s][info][gc,cpu         ] GC(1174) User=0.01s Sys=0.00s Real=0.01s
[326.689s][info][gc,start       ] GC(1175) Pause Young (Allocation Failure)
[326.697s][info][gc,heap        ] GC(1175) PSYoungGen: 123872K(216064K)->5120K(218624K) Eden: 118784K(118784K)->0K(118784K) From: 5088K(97280K)->5120K(99840K)
[326.697s][info][gc,heap        ] GC(1175) ParOldGen: 434154K(667648K)->434154K(667648K)
[326.697s][info][gc,metaspace   ] GC(1175) Metaspace: 18771K(18880K)->18771K(18880K) NonClass: 16942K(17024K)->16942K(17024K) Class: 1828K(1856K)->1828K(1856K)
[326.697s][info][gc             ] GC(1175) Pause Young (Allocation Failure) 544M->428M(865M) 8.411ms
[326.697s][info][gc,cpu         ] GC(1175) User=0.02s Sys=0.00s Real=0.01s
[326.843s][info][gc,start       ] GC(1176) Pause Young (Allocation Failure)
[326.868s][info][gc,heap        ] GC(1176) PSYoungGen: 123904K(218624K)->21792K(207360K) Eden: 118784K(118784K)->0K(125952K) From: 5120K(99840K)->21792K(81408K)
[326.868s][info][gc,heap        ] GC(1176) ParOldGen: 434154K(667648K)->434154K(667648K)
[326.868s][info][gc,metaspace   ] GC(1176) Metaspace: 18771K(18880K)->18771K(18880K) NonClass: 16942K(17024K)->16942K(17024K) Class: 1828K(1856K)->1828K(1856K)
[326.868s][info][gc             ] GC(1176) Pause Young (Allocation Failure) 544M->445M(854M) 24.785ms
[326.868s][info][gc,cpu         ] GC(1176) User=0.05s Sys=0.00s Real=0.02s
[327.159s][info][gc,start       ] GC(1177) Pause Young (Allocation Failure)
[327.194s][info][gc,heap        ] GC(1177) PSYoungGen: 147744K(207360K)->34648K(214016K) Eden: 125952K(125952K)->0K(125952K) From: 21792K(81408K)->34648K(88064K)
[327.194s][info][gc,heap        ] GC(1177) ParOldGen: 434154K(667648K)->434154K(667648K)
[327.194s][info][gc,metaspace   ] GC(1177) Metaspace: 18771K(18880K)->18771K(18880K) NonClass: 16942K(17024K)->16942K(17024K) Class: 1828K(1856K)->1828K(1856K)
[327.194s][info][gc             ] GC(1177) Pause Young (Allocation Failure) 568M->457M(861M) 34.938ms
[327.194s][info][gc,cpu         ] GC(1177) User=0.07s Sys=0.00s Real=0.04s
[327.313s][info][gc,start       ] GC(1178) Pause Young (Allocation Failure)
[327.363s][info][gc,heap        ] GC(1178) PSYoungGen: 160600K(214016K)->51936K(215040K) Eden: 125952K(125952K)->0K(128512K) From: 34648K(88064K)->51936K(86528K)
[327.363s][info][gc,heap        ] GC(1178) ParOldGen: 434154K(667648K)->434154K(667648K)
[327.363s][info][gc,metaspace   ] GC(1178) Metaspace: 18771K(18880K)->18771K(18880K) NonClass: 16942K(17024K)->16942K(17024K) Class: 1828K(1856K)->1828K(1856K)
[327.363s][info][gc             ] GC(1178) Pause Young (Allocation Failure) 580M->474M(862M) 49.911ms
[327.363s][info][gc,cpu         ] GC(1178) User=0.10s Sys=0.00s Real=0.05s
[327.450s][info][gc,start       ] GC(1179) Pause Young (Allocation Failure)
[327.538s][info][gc,heap        ] GC(1179) PSYoungGen: 180448K(215040K)->91104K(219648K) Eden: 128512K(128512K)->0K(128512K) From: 51936K(86528K)->91104K(91136K)
[327.538s][info][gc,heap        ] GC(1179) ParOldGen: 434154K(667648K)->445626K(667648K)
[327.539s][info][gc,metaspace   ] GC(1179) Metaspace: 18771K(18880K)->18771K(18880K) NonClass: 16942K(17024K)->16942K(17024K) Class: 1828K(1856K)->1828K(1856K)
[327.539s][info][gc             ] GC(1179) Pause Young (Allocation Failure) 600M->524M(866M) 88.172ms
[327.539s][info][gc,cpu         ] GC(1179) User=0.18s Sys=0.00s Real=0.09s
[327.700s][info][gc,start       ] GC(1180) Pause Young (Allocation Failure)
[327.791s][info][gc,heap        ] GC(1180) PSYoungGen: 219616K(219648K)->98520K(222720K) Eden: 128512K(128512K)->0K(111616K) From: 91104K(91136K)->98520K(111104K)
[327.791s][info][gc,heap        ] GC(1180) ParOldGen: 445626K(667648K)->450490K(667648K)
[327.791s][info][gc,metaspace   ] GC(1180) Metaspace: 18771K(18880K)->18771K(18880K) NonClass: 16942K(17024K)->16942K(17024K) Class: 1828K(1856K)->1828K(1856K)
[327.791s][info][gc             ] GC(1180) Pause Young (Allocation Failure) 649M->536M(869M) 91.409ms
[327.791s][info][gc,cpu         ] GC(1180) User=0.16s Sys=0.02s Real=0.09s
[327.975s][info][gc,start       ] GC(1181) Pause Young (Allocation Failure)
[328.051s][info][gc,heap        ] GC(1181) PSYoungGen: 210136K(222720K)->98456K(222720K) Eden: 111616K(111616K)->0K(111616K) From: 98520K(111104K)->98456K(111104K)
[328.052s][info][gc,heap        ] GC(1181) ParOldGen: 450490K(667648K)->450736K(667648K)
[328.052s][info][gc,metaspace   ] GC(1181) Metaspace: 18771K(18880K)->18771K(18880K) NonClass: 16942K(17024K)->16942K(17024K) Class: 1828K(1856K)->1828K(1856K)
[328.052s][info][gc             ] GC(1181) Pause Young (Allocation Failure) 645M->536M(869M) 76.629ms
[328.052s][info][gc,cpu         ] GC(1181) User=0.15s Sys=0.00s Real=0.07s
[328.232s][info][gc,start       ] GC(1182) Pause Young (Allocation Failure)
[328.308s][info][gc,heap        ] GC(1182) PSYoungGen: 210072K(222720K)->69344K(222720K) Eden: 111616K(111616K)->0K(111616K) From: 98456K(111104K)->69344K(111104K)
[328.308s][info][gc,heap        ] GC(1182) ParOldGen: 450736K(667648K)->480369K(667648K)
[328.308s][info][gc,metaspace   ] GC(1182) Metaspace: 18771K(18880K)->18771K(18880K) NonClass: 16942K(17024K)->16942K(17024K) Class: 1828K(1856K)->1828K(1856K)
[328.308s][info][gc             ] GC(1182) Pause Young (Allocation Failure) 645M->536M(869M) 76.291ms
[328.308s][info][gc,cpu         ] GC(1182) User=0.15s Sys=0.00s Real=0.07s
[328.462s][info][gc,start       ] GC(1183) Pause Young (Allocation Failure)
[328.515s][info][gc,heap        ] GC(1183) PSYoungGen: 180960K(222720K)->13152K(222720K) Eden: 111616K(111616K)->0K(111616K) From: 69344K(111104K)->13152K(111104K)
[328.515s][info][gc,heap        ] GC(1183) ParOldGen: 480369K(667648K)->537364K(667648K)
[328.515s][info][gc,metaspace   ] GC(1183) Metaspace: 18771K(18880K)->18771K(18880K) NonClass: 16942K(17024K)->16942K(17024K) Class: 1828K(1856K)->1828K(1856K)
[328.515s][info][gc             ] GC(1183) Pause Young (Allocation Failure) 645M->537M(869M) 53.102ms
[328.515s][info][gc,cpu         ] GC(1183) User=0.11s Sys=0.00s Real=0.05s
[328.634s][info][gc,start       ] GC(1184) Pause Young (Allocation Failure)
[328.651s][info][gc,heap        ] GC(1184) PSYoungGen: 124768K(222720K)->1728K(222720K) Eden: 111616K(111616K)->0K(111616K) From: 13152K(111104K)->1728K(111104K)
[328.651s][info][gc,heap        ] GC(1184) ParOldGen: 537364K(667648K)->549904K(667648K)
[328.651s][info][gc,metaspace   ] GC(1184) Metaspace: 18772K(18880K)->18772K(18880K) NonClass: 16943K(17024K)->16943K(17024K) Class: 1828K(1856K)->1828K(1856K)
[328.651s][info][gc             ] GC(1184) Pause Young (Allocation Failure) 646M->538M(869M) 16.444ms
[328.651s][info][gc,cpu         ] GC(1184) User=0.03s Sys=0.00s Real=0.01s
[328.738s][info][gc,start       ] GC(1185) Pause Young (Allocation Failure)
[328.745s][info][gc,heap        ] GC(1185) PSYoungGen: 113344K(222720K)->2052K(222720K) Eden: 111616K(111616K)->0K(111616K) From: 1728K(111104K)->2052K(111104K)
[328.745s][info][gc,heap        ] GC(1185) ParOldGen: 549904K(667648K)->550608K(667648K)
[328.745s][info][gc,metaspace   ] GC(1185) Metaspace: 18772K(18880K)->18772K(18880K) NonClass: 16943K(17024K)->16943K(17024K) Class: 1828K(1856K)->1828K(1856K)
[328.745s][info][gc             ] GC(1185) Pause Young (Allocation Failure) 647M->539M(869M) 7.102ms
[328.745s][info][gc,cpu         ] GC(1185) User=0.02s Sys=0.00s Real=0.01s
[328.912s][info][gc,start       ] GC(1186) Pause Young (Allocation Failure)
[328.928s][info][gc,heap        ] GC(1186) PSYoungGen: 113668K(222720K)->1380K(222720K) Eden: 111616K(111616K)->0K(111616K) From: 2052K(111104K)->1380K(111104K)
[328.928s][info][gc,heap        ] GC(1186) ParOldGen: 550608K(667648K)->552620K(667648K)
[328.928s][info][gc,metaspace   ] GC(1186) Metaspace: 18778K(18880K)->18778K(18880K) NonClass: 16949K(17024K)->16949K(17024K) Class: 1828K(1856K)->1828K(1856K)
[328.928s][info][gc             ] GC(1186) Pause Young (Allocation Failure) 648M->541M(869M) 15.379ms
[328.928s][info][gc,cpu         ] GC(1186) User=0.03s Sys=0.00s Real=0.01s
[329.157s][info][gc,start       ] GC(1187) Pause Young (Allocation Failure)
[329.187s][info][gc,heap        ] GC(1187) PSYoungGen: 112996K(222720K)->16161K(222720K) Eden: 111616K(111616K)->0K(111616K) From: 1380K(111104K)->16161K(111104K)
[329.187s][info][gc,heap        ] GC(1187) ParOldGen: 552620K(667648K)->553993K(667648K)
[329.187s][info][gc,metaspace   ] GC(1187) Metaspace: 18778K(18880K)->18778K(18880K) NonClass: 16949K(17024K)->16949K(17024K) Class: 1828K(1856K)->1828K(1856K)
[329.187s][info][gc             ] GC(1187) Pause Young (Allocation Failure) 650M->556M(869M) 29.498ms
[329.187s][info][gc,cpu         ] GC(1187) User=0.06s Sys=0.00s Real=0.03s
[329.300s][info][gc,start       ] GC(1188) Pause Young (Allocation Failure)
[329.344s][info][gc,heap        ] GC(1188) PSYoungGen: 127777K(222720K)->19616K(222720K) Eden: 111616K(111616K)->0K(111616K) From: 16161K(111104K)->19616K(111104K)
[329.344s][info][gc,heap        ] GC(1188) ParOldGen: 553993K(667648K)->570190K(667648K)
[329.344s][info][gc,metaspace   ] GC(1188) Metaspace: 18778K(18880K)->18778K(18880K) NonClass: 16949K(17024K)->16949K(17024K) Class: 1828K(1856K)->1828K(1856K)
[329.345s][info][gc             ] GC(1188) Pause Young (Allocation Failure) 665M->575M(869M) 44.548ms
[329.345s][info][gc,cpu         ] GC(1188) User=0.08s Sys=0.00s Real=0.05s
[329.526s][info][gc,start       ] GC(1189) Pause Young (Allocation Failure)
[329.562s][info][gc,heap        ] GC(1189) PSYoungGen: 131232K(222720K)->14880K(126976K) Eden: 111616K(111616K)->0K(111616K) From: 19616K(111104K)->14880K(15360K)
[329.562s][info][gc,heap        ] GC(1189) ParOldGen: 570190K(667648K)->589798K(667648K)
[329.562s][info][gc,metaspace   ] GC(1189) Metaspace: 18778K(18880K)->18778K(18880K) NonClass: 16949K(17024K)->16949K(17024K) Class: 1828K(1856K)->1828K(1856K)
[329.562s][info][gc             ] GC(1189) Pause Young (Allocation Failure) 684M->590M(776M) 35.586ms
[329.562s][info][gc,cpu         ] GC(1189) User=0.07s Sys=0.00s Real=0.04s
[329.653s][info][gc,start       ] GC(1190) Pause Young (Allocation Failure)
[329.673s][info][gc,heap        ] GC(1190) PSYoungGen: 126496K(126976K)->18848K(223232K) Eden: 111616K(111616K)->0K(117760K) From: 14880K(15360K)->18848K(105472K)
[329.673s][info][gc,heap        ] GC(1190) ParOldGen: 589798K(667648K)->589798K(667648K)
[329.673s][info][gc,metaspace   ] GC(1190) Metaspace: 18778K(18880K)->18778K(18880K) NonClass: 16949K(17024K)->16949K(17024K) Class: 1828K(1856K)->1828K(1856K)
[329.673s][info][gc             ] GC(1190) Pause Young (Allocation Failure) 699M->594M(870M) 20.095ms
[329.673s][info][gc,cpu         ] GC(1190) User=0.04s Sys=0.00s Real=0.02s
[329.798s][info][gc,start       ] GC(1191) Pause Young (Allocation Failure)
[329.824s][info][gc,heap        ] GC(1191) PSYoungGen: 136608K(223232K)->21088K(220672K) Eden: 117760K(117760K)->0K(117760K) From: 18848K(105472K)->21088K(102912K)
[329.824s][info][gc,heap        ] GC(1191) ParOldGen: 589798K(667648K)->589798K(667648K)
[329.824s][info][gc,metaspace   ] GC(1191) Metaspace: 18778K(18880K)->18778K(18880K) NonClass: 16949K(17024K)->16949K(17024K) Class: 1828K(1856K)->1828K(1856K)
[329.824s][info][gc             ] GC(1191) Pause Young (Allocation Failure) 709M->596M(867M) 26.358ms
[329.824s][info][gc,cpu         ] GC(1191) User=0.06s Sys=0.00s Real=0.03s
[329.954s][info][gc,start       ] GC(1192) Pause Young (Allocation Failure)
[329.982s][info][gc,heap        ] GC(1192) PSYoungGen: 138848K(220672K)->23904K(212480K) Eden: 117760K(117760K)->0K(126976K) From: 21088K(102912K)->23904K(85504K)
[329.982s][info][gc,heap        ] GC(1192) ParOldGen: 589798K(667648K)->589798K(667648K)
[329.982s][info][gc,metaspace   ] GC(1192) Metaspace: 18778K(18880K)->18778K(18880K) NonClass: 16949K(17024K)->16949K(17024K) Class: 1828K(1856K)->1828K(1856K)
[329.982s][info][gc             ] GC(1192) Pause Young (Allocation Failure) 711M->599M(859M) 27.572ms
[329.982s][info][gc,cpu         ] GC(1192) User=0.06s Sys=0.00s Real=0.03s
[330.075s][info][gc,start       ] GC(1193) Pause Young (Allocation Failure)
[330.100s][info][gc,heap        ] GC(1193) PSYoungGen: 150880K(212480K)->24000K(217088K) Eden: 126976K(126976K)->0K(126976K) From: 23904K(85504K)->24000K(90112K)
[330.100s][info][gc,heap        ] GC(1193) ParOldGen: 589798K(667648K)->589798K(667648K)
[330.100s][info][gc,metaspace   ] GC(1193) Metaspace: 18778K(18880K)->18778K(18880K) NonClass: 16949K(17024K)->16949K(17024K) Class: 1828K(1856K)->1828K(1856K)
[330.100s][info][gc             ] GC(1193) Pause Young (Allocation Failure) 723M->599M(864M) 25.891ms
[330.100s][info][gc,cpu         ] GC(1193) User=0.05s Sys=0.00s Real=0.02s
[330.173s][info][gc,start       ] GC(1194) Pause Young (Allocation Failure)
[330.199s][info][gc,heap        ] GC(1194) PSYoungGen: 150976K(217088K)->24000K(211968K) Eden: 126976K(126976K)->0K(137728K) From: 24000K(90112K)->24000K(74240K)
[330.199s][info][gc,heap        ] GC(1194) ParOldGen: 589798K(667648K)->589798K(667648K)
[330.199s][info][gc,metaspace   ] GC(1194) Metaspace: 18778K(18880K)->18778K(18880K) NonClass: 16949K(17024K)->16949K(17024K) Class: 1828K(1856K)->1828K(1856K)
[330.199s][info][gc             ] GC(1194) Pause Young (Allocation Failure) 723M->599M(859M) 26.247ms
[330.200s][info][gc,cpu         ] GC(1194) User=0.05s Sys=0.00s Real=0.02s
[330.422s][info][gc,start       ] GC(1195) Pause Young (Allocation Failure)
[330.455s][info][gc,heap        ] GC(1195) PSYoungGen: 161728K(211968K)->31936K(216576K) Eden: 137728K(137728K)->0K(137728K) From: 24000K(74240K)->31936K(78848K)
[330.455s][info][gc,heap        ] GC(1195) ParOldGen: 589798K(667648K)->589798K(667648K)
[330.455s][info][gc,metaspace   ] GC(1195) Metaspace: 18778K(18880K)->18778K(18880K) NonClass: 16949K(17024K)->16949K(17024K) Class: 1828K(1856K)->1828K(1856K)
[330.455s][info][gc             ] GC(1195) Pause Young (Allocation Failure) 733M->607M(863M) 32.731ms
[330.455s][info][gc,cpu         ] GC(1195) User=0.06s Sys=0.00s Real=0.03s
[330.671s][info][gc,start       ] GC(1196) Pause Young (Allocation Failure)
[330.706s][info][gc,heap        ] GC(1196) PSYoungGen: 169664K(216576K)->32128K(217088K) Eden: 137728K(137728K)->0K(147968K) From: 31936K(78848K)->32128K(69120K)
[330.706s][info][gc,heap        ] GC(1196) ParOldGen: 589798K(667648K)->589798K(667648K)
[330.706s][info][gc,metaspace   ] GC(1196) Metaspace: 18778K(18880K)->18778K(18880K) NonClass: 16949K(17024K)->16949K(17024K) Class: 1828K(1856K)->1828K(1856K)
[330.706s][info][gc             ] GC(1196) Pause Young (Allocation Failure) 741M->607M(864M) 34.537ms
[330.706s][info][gc,cpu         ] GC(1196) User=0.07s Sys=0.01s Real=0.04s
[331.006s][info][gc,start       ] GC(1197) Pause Young (Allocation Failure)
[331.060s][info][gc,heap        ] GC(1197) PSYoungGen: 180096K(217088K)->55008K(220672K) Eden: 147968K(147968K)->0K(147968K) From: 32128K(69120K)->55008K(72704K)
[331.060s][info][gc,heap        ] GC(1197) ParOldGen: 589798K(667648K)->589798K(667648K)
[331.060s][info][gc,metaspace   ] GC(1197) Metaspace: 18779K(18880K)->18779K(18880K) NonClass: 16950K(17024K)->16950K(17024K) Class: 1828K(1856K)->1828K(1856K)
[331.060s][info][gc             ] GC(1197) Pause Young (Allocation Failure) 751M->629M(867M) 54.018ms
[331.060s][info][gc,cpu         ] GC(1197) User=0.10s Sys=0.00s Real=0.05s
[331.235s][info][gc,start       ] GC(1198) Pause Young (Allocation Failure)
[331.292s][info][gc,heap        ] GC(1198) PSYoungGen: 202976K(220672K)->55048K(232448K) Eden: 147968K(147968K)->0K(154112K) From: 55008K(72704K)->55048K(78336K)
[331.292s][info][gc,heap        ] GC(1198) ParOldGen: 589798K(667648K)->589798K(667648K)
[331.292s][info][gc,metaspace   ] GC(1198) Metaspace: 18779K(18880K)->18779K(18880K) NonClass: 16950K(17024K)->16950K(17024K) Class: 1828K(1856K)->1828K(1856K)
[331.292s][info][gc             ] GC(1198) Pause Young (Allocation Failure) 774M->629M(879M) 56.736ms
[331.292s][info][gc,cpu         ] GC(1198) User=0.11s Sys=0.00s Real=0.05s
[331.496s][info][gc,start       ] GC(1199) Pause Young (Allocation Failure)
[331.552s][info][gc,heap        ] GC(1199) PSYoungGen: 209160K(232448K)->55112K(237056K) Eden: 154112K(154112K)->0K(154112K) From: 55048K(78336K)->55112K(82944K)
[331.552s][info][gc,heap        ] GC(1199) ParOldGen: 589798K(667648K)->589798K(667648K)
[331.552s][info][gc,metaspace   ] GC(1199) Metaspace: 18779K(18880K)->18779K(18880K) NonClass: 16950K(17024K)->16950K(17024K) Class: 1828K(1856K)->1828K(1856K)
[331.552s][info][gc             ] GC(1199) Pause Young (Allocation Failure) 780M->629M(883M) 56.314ms
[331.552s][info][gc,cpu         ] GC(1199) User=0.11s Sys=0.00s Real=0.06s
[332.908s][info][gc,start       ] GC(1200) Pause Young (Allocation Failure)
[332.967s][info][gc,heap        ] GC(1200) PSYoungGen: 209224K(237056K)->55604K(242176K) Eden: 154112K(154112K)->0K(155648K) From: 55112K(82944K)->55604K(86528K)
[332.967s][info][gc,heap        ] GC(1200) ParOldGen: 589798K(667648K)->589798K(667648K)
[332.967s][info][gc,metaspace   ] GC(1200) Metaspace: 18779K(18880K)->18779K(18880K) NonClass: 16950K(17024K)->16950K(17024K) Class: 1828K(1856K)->1828K(1856K)
[332.967s][info][gc             ] GC(1200) Pause Young (Allocation Failure) 780M->630M(888M) 59.113ms
[332.967s][info][gc,cpu         ] GC(1200) User=0.11s Sys=0.00s Real=0.06s
[333.634s][info][gc,start       ] GC(1201) Pause Young (Allocation Failure)
[333.692s][info][gc,heap        ] GC(1201) PSYoungGen: 211252K(242176K)->56564K(212480K) Eden: 155648K(155648K)->0K(155648K) From: 55604K(86528K)->56564K(56832K)
[333.692s][info][gc,heap        ] GC(1201) ParOldGen: 589798K(667648K)->589798K(667648K)
[333.692s][info][gc,metaspace   ] GC(1201) Metaspace: 18779K(18880K)->18779K(18880K) NonClass: 16950K(17024K)->16950K(17024K) Class: 1828K(1856K)->1828K(1856K)
[333.692s][info][gc             ] GC(1201) Pause Young (Allocation Failure) 782M->631M(859M) 57.678ms
[333.692s][info][gc,cpu         ] GC(1201) User=0.11s Sys=0.00s Real=0.06s
[334.401s][info][gc,start       ] GC(1202) Pause Young (Allocation Failure)
[334.458s][info][gc,heap        ] GC(1202) PSYoungGen: 212212K(212480K)->57891K(239616K) Eden: 155648K(155648K)->0K(148480K) From: 56564K(56832K)->57891K(91136K)
[334.458s][info][gc,heap        ] GC(1202) ParOldGen: 589798K(667648K)->589806K(667648K)
[334.458s][info][gc,metaspace   ] GC(1202) Metaspace: 18794K(18944K)->18794K(18944K) NonClass: 16965K(17088K)->16965K(17088K) Class: 1828K(1856K)->1828K(1856K)
[334.458s][info][gc             ] GC(1202) Pause Young (Allocation Failure) 783M->632M(886M) 56.936ms
[334.458s][info][gc,cpu         ] GC(1202) User=0.12s Sys=0.00s Real=0.06s
[334.799s][info][gc,start       ] GC(1203) Pause Young (Allocation Failure)
[334.859s][info][gc,heap        ] GC(1203) PSYoungGen: 206371K(239616K)->57801K(206336K) Eden: 148480K(148480K)->0K(148480K) From: 57891K(91136K)->57801K(57856K)
[334.859s][info][gc,heap        ] GC(1203) ParOldGen: 589806K(667648K)->589806K(667648K)
[334.859s][info][gc,metaspace   ] GC(1203) Metaspace: 18795K(18944K)->18795K(18944K) NonClass: 16966K(17088K)->16966K(17088K) Class: 1828K(1856K)->1828K(1856K)
[334.859s][info][gc             ] GC(1203) Pause Young (Allocation Failure) 777M->632M(853M) 60.053ms
[334.859s][info][gc,cpu         ] GC(1203) User=0.12s Sys=0.00s Real=0.06s
[335.189s][info][gc,start       ] GC(1204) Pause Young (Allocation Failure)
[335.253s][info][gc,heap        ] GC(1204) PSYoungGen: 206281K(206336K)->51293K(241664K) Eden: 148480K(148480K)->0K(147456K) From: 57801K(57856K)->51293K(94208K)
[335.253s][info][gc,heap        ] GC(1204) ParOldGen: 589806K(667648K)->604718K(667648K)
[335.253s][info][gc,metaspace   ] GC(1204) Metaspace: 18800K(18944K)->18800K(18944K) NonClass: 16971K(17088K)->16971K(17088K) Class: 1828K(1856K)->1828K(1856K)
[335.253s][info][gc             ] GC(1204) Pause Young (Allocation Failure) 777M->640M(888M) 63.894ms
[335.253s][info][gc,cpu         ] GC(1204) User=0.12s Sys=0.00s Real=0.07s
[335.381s][info][gc,start       ] GC(1205) Pause Young (Allocation Failure)
[335.477s][info][gc,heap        ] GC(1205) PSYoungGen: 198749K(241664K)->92157K(239616K) Eden: 147456K(147456K)->0K(147456K) From: 51293K(94208K)->92157K(92160K)
[335.477s][info][gc,heap        ] GC(1205) ParOldGen: 604718K(667648K)->617766K(667648K)
[335.477s][info][gc,metaspace   ] GC(1205) Metaspace: 18817K(19008K)->18817K(19008K) NonClass: 16987K(17152K)->16987K(17152K) Class: 1829K(1856K)->1829K(1856K)
[335.477s][info][gc             ] GC(1205) Pause Young (Allocation Failure) 784M->693M(886M) 95.579ms
[335.477s][info][gc,cpu         ] GC(1205) User=0.19s Sys=0.00s Real=0.10s
[335.565s][info][gc,start       ] GC(1206) Pause Young (Allocation Failure)
[335.699s][info][gc,heap        ] GC(1206) PSYoungGen: 239613K(239616K)->94180K(205824K) Eden: 147456K(147456K)->0K(111616K) From: 92157K(92160K)->94180K(94208K)
[335.699s][info][gc,heap        ] GC(1206) ParOldGen: 617766K(667648K)->666779K(667648K)
[335.699s][info][gc,metaspace   ] GC(1206) Metaspace: 18817K(19008K)->18817K(19008K) NonClass: 16987K(17152K)->16987K(17152K) Class: 1829K(1856K)->1829K(1856K)
[335.699s][info][gc             ] GC(1206) Pause Young (Allocation Failure) 837M->743M(853M) 133.593ms
[335.699s][info][gc,cpu         ] GC(1206) User=0.24s Sys=0.01s Real=0.13s
[335.799s][info][gc,start       ] GC(1207) Pause Full (Allocation Failure)
[335.799s][info][gc,phases,start] GC(1207) Marking Phase
[335.914s][info][gc,phases      ] GC(1207) Marking Phase 115.208ms
[335.914s][info][gc,phases,start] GC(1207) Summary Phase
[335.914s][info][gc,phases      ] GC(1207) Summary Phase 0.028ms
[335.914s][info][gc,phases,start] GC(1207) Forward
[335.956s][info][gc,phases      ] GC(1207) Forward 42.088ms
[335.956s][info][gc,phases,start] GC(1207) Adjust Pointers
[336.029s][info][gc,phases      ] GC(1207) Adjust Pointers 72.864ms
[336.029s][info][gc,phases,start] GC(1207) Compaction Phase
[336.079s][info][gc,phases      ] GC(1207) Compaction Phase 49.139ms
[336.079s][info][gc,phases,start] GC(1207) Post Compact
[336.082s][info][gc,phases      ] GC(1207) Post Compact 2.508ms
[336.097s][info][gc,heap        ] GC(1207) PSYoungGen: 205796K(205824K)->0K(222720K) Eden: 111616K(111616K)->0K(111616K) From: 94180K(94208K)->0K(111104K)
[336.097s][info][gc,heap        ] GC(1207) ParOldGen: 666779K(667648K)->199508K(483328K)
[336.097s][info][gc,metaspace   ] GC(1207) Metaspace: 18817K(19008K)->18817K(19008K) NonClass: 16987K(17152K)->16987K(17152K) Class: 1829K(1856K)->1829K(1856K)
[336.097s][info][gc             ] GC(1207) Pause Full (Allocation Failure) 852M->194M(689M) 298.519ms
[336.097s][info][gc,cpu         ] GC(1207) User=0.51s Sys=0.01s Real=0.30s
[336.272s][info][gc,start       ] GC(1208) Pause Young (Allocation Failure)
[336.311s][info][gc,heap        ] GC(1208) PSYoungGen: 111616K(222720K)->30007K(222720K) Eden: 111616K(111616K)->0K(111616K) From: 0K(111104K)->30007K(111104K)
[336.311s][info][gc,heap        ] GC(1208) ParOldGen: 199508K(483328K)->199508K(483328K)
[336.311s][info][gc,metaspace   ] GC(1208) Metaspace: 18817K(19008K)->18817K(19008K) NonClass: 16987K(17152K)->16987K(17152K) Class: 1829K(1856K)->1829K(1856K)
[336.311s][info][gc             ] GC(1208) Pause Young (Allocation Failure) 303M->224M(689M) 39.002ms
[336.311s][info][gc,cpu         ] GC(1208) User=0.07s Sys=0.00s Real=0.03s
[336.440s][info][gc,start       ] GC(1209) Pause Young (Allocation Failure)
[336.492s][info][gc,heap        ] GC(1209) PSYoungGen: 141623K(222720K)->36474K(222720K) Eden: 111616K(111616K)->0K(111616K) From: 30007K(111104K)->36474K(111104K)
[336.492s][info][gc,heap        ] GC(1209) ParOldGen: 199508K(483328K)->199508K(483328K)
[336.492s][info][gc,metaspace   ] GC(1209) Metaspace: 18826K(19008K)->18826K(19008K) NonClass: 16997K(17152K)->16997K(17152K) Class: 1829K(1856K)->1829K(1856K)
[336.492s][info][gc             ] GC(1209) Pause Young (Allocation Failure) 333M->230M(689M) 51.869ms
[336.492s][info][gc,cpu         ] GC(1209) User=0.10s Sys=0.00s Real=0.06s
[336.657s][info][gc,start       ] GC(1210) Pause Young (Allocation Failure)
[336.741s][info][gc,heap        ] GC(1210) PSYoungGen: 148090K(222720K)->62505K(222720K) Eden: 111616K(111616K)->0K(111616K) From: 36474K(111104K)->62505K(111104K)
[336.741s][info][gc,heap        ] GC(1210) ParOldGen: 199508K(483328K)->199508K(483328K)
[336.741s][info][gc,metaspace   ] GC(1210) Metaspace: 18826K(19008K)->18826K(19008K) NonClass: 16997K(17152K)->16997K(17152K) Class: 1829K(1856K)->1829K(1856K)
[336.741s][info][gc             ] GC(1210) Pause Young (Allocation Failure) 339M->255M(689M) 83.915ms
[336.741s][info][gc,cpu         ] GC(1210) User=0.17s Sys=0.00s Real=0.08s
[336.852s][info][gc,start       ] GC(1211) Pause Young (Allocation Failure)
[336.942s][info][gc,heap        ] GC(1211) PSYoungGen: 174121K(222720K)->71955K(222720K) Eden: 111616K(111616K)->0K(111616K) From: 62505K(111104K)->71955K(111104K)
[336.942s][info][gc,heap        ] GC(1211) ParOldGen: 199508K(483328K)->199508K(483328K)
[336.942s][info][gc,metaspace   ] GC(1211) Metaspace: 18826K(19008K)->18826K(19008K) NonClass: 16997K(17152K)->16997K(17152K) Class: 1829K(1856K)->1829K(1856K)
[336.942s][info][gc             ] GC(1211) Pause Young (Allocation Failure) 364M->265M(689M) 89.850ms
[336.942s][info][gc,cpu         ] GC(1211) User=0.18s Sys=0.00s Real=0.09s
[337.074s][info][gc,start       ] GC(1212) Pause Young (Allocation Failure)
[337.172s][info][gc,heap        ] GC(1212) PSYoungGen: 183571K(222720K)->78579K(222720K) Eden: 111616K(111616K)->0K(111616K) From: 71955K(111104K)->78579K(111104K)
[337.172s][info][gc,heap        ] GC(1212) ParOldGen: 199508K(483328K)->199508K(483328K)
[337.172s][info][gc,metaspace   ] GC(1212) Metaspace: 18826K(19008K)->18826K(19008K) NonClass: 16997K(17152K)->16997K(17152K) Class: 1829K(1856K)->1829K(1856K)
[337.172s][info][gc             ] GC(1212) Pause Young (Allocation Failure) 374M->271M(689M) 98.658ms
[337.172s][info][gc,cpu         ] GC(1212) User=0.19s Sys=0.00s Real=0.10s
[337.267s][info][gc,start       ] GC(1213) Pause Young (Allocation Failure)
[337.370s][info][gc,heap        ] GC(1213) PSYoungGen: 190195K(222720K)->83337K(222720K) Eden: 111616K(111616K)->0K(111616K) From: 78579K(111104K)->83337K(111104K)
[337.370s][info][gc,heap        ] GC(1213) ParOldGen: 199508K(483328K)->199508K(483328K)
[337.370s][info][gc,metaspace   ] GC(1213) Metaspace: 18826K(19008K)->18826K(19008K) NonClass: 16997K(17152K)->16997K(17152K) Class: 1829K(1856K)->1829K(1856K)
[337.370s][info][gc             ] GC(1213) Pause Young (Allocation Failure) 380M->276M(689M) 102.865ms
[337.370s][info][gc,cpu         ] GC(1213) User=0.21s Sys=0.00s Real=0.10s
[337.478s][info][gc,start       ] GC(1214) Pause Young (Allocation Failure)
[337.581s][info][gc,heap        ] GC(1214) PSYoungGen: 194953K(222720K)->83465K(222720K) Eden: 111616K(111616K)->0K(111616K) From: 83337K(111104K)->83465K(111104K)
[337.581s][info][gc,heap        ] GC(1214) ParOldGen: 199508K(483328K)->199508K(483328K)
[337.581s][info][gc,metaspace   ] GC(1214) Metaspace: 18826K(19008K)->18826K(19008K) NonClass: 16997K(17152K)->16997K(17152K) Class: 1829K(1856K)->1829K(1856K)
[337.581s][info][gc             ] GC(1214) Pause Young (Allocation Failure) 385M->276M(689M) 103.218ms
[337.581s][info][gc,cpu         ] GC(1214) User=0.21s Sys=0.00s Real=0.10s
[337.684s][info][gc,start       ] GC(1215) Pause Young (Allocation Failure)
[337.795s][info][gc,heap        ] GC(1215) PSYoungGen: 195081K(222720K)->57266K(222720K) Eden: 111616K(111616K)->0K(111616K) From: 83465K(111104K)->57266K(111104K)
[337.795s][info][gc,heap        ] GC(1215) ParOldGen: 199508K(483328K)->236133K(483328K)
[337.795s][info][gc,metaspace   ] GC(1215) Metaspace: 18826K(19008K)->18826K(19008K) NonClass: 16997K(17152K)->16997K(17152K) Class: 1829K(1856K)->1829K(1856K)
[337.795s][info][gc             ] GC(1215) Pause Young (Allocation Failure) 385M->286M(689M) 111.203ms
[337.795s][info][gc,cpu         ] GC(1215) User=0.22s Sys=0.00s Real=0.11s
[337.862s][info][gc,start       ] GC(1216) Pause Young (Allocation Failure)
[337.943s][info][gc,heap        ] GC(1216) PSYoungGen: 168882K(222720K)->40880K(222720K) Eden: 111616K(111616K)->0K(111616K) From: 57266K(111104K)->40880K(111104K)
[337.943s][info][gc,heap        ] GC(1216) ParOldGen: 236133K(483328K)->271810K(483328K)
[337.943s][info][gc,metaspace   ] GC(1216) Metaspace: 18826K(19008K)->18826K(19008K) NonClass: 16997K(17152K)->16997K(17152K) Class: 1829K(1856K)->1829K(1856K)
[337.943s][info][gc             ] GC(1216) Pause Young (Allocation Failure) 395M->305M(689M) 80.947ms
[337.943s][info][gc,cpu         ] GC(1216) User=0.16s Sys=0.00s Real=0.09s
[337.993s][info][gc,start       ] GC(1217) Pause Young (Allocation Failure)
[338.057s][info][gc,heap        ] GC(1217) PSYoungGen: 152496K(222720K)->59232K(222720K) Eden: 111616K(111616K)->0K(111616K) From: 40880K(111104K)->59232K(111104K)
[338.057s][info][gc,heap        ] GC(1217) ParOldGen: 271810K(483328K)->283243K(483328K)
[338.057s][info][gc,metaspace   ] GC(1217) Metaspace: 18826K(19008K)->18826K(19008K) NonClass: 16997K(17152K)->16997K(17152K) Class: 1829K(1856K)->1829K(1856K)
[338.057s][info][gc             ] GC(1217) Pause Young (Allocation Failure) 414M->334M(689M) 63.162ms
[338.057s][info][gc,cpu         ] GC(1217) User=0.13s Sys=0.00s Real=0.06s
[338.194s][info][gc,start       ] GC(1218) Pause Young (Allocation Failure)
[338.259s][info][gc,heap        ] GC(1218) PSYoungGen: 170848K(222720K)->63731K(222720K) Eden: 111616K(111616K)->0K(111616K) From: 59232K(111104K)->63731K(111104K)
[338.259s][info][gc,heap        ] GC(1218) ParOldGen: 283243K(483328K)->293539K(483328K)
[338.259s][info][gc,metaspace   ] GC(1218) Metaspace: 18826K(19008K)->18826K(19008K) NonClass: 16997K(17152K)->16997K(17152K) Class: 1829K(1856K)->1829K(1856K)
[338.259s][info][gc             ] GC(1218) Pause Young (Allocation Failure) 443M->348M(689M) 64.777ms
[338.259s][info][gc,cpu         ] GC(1218) User=0.13s Sys=0.00s Real=0.06s
[338.336s][info][gc,start       ] GC(1219) Pause Young (Allocation Failure)
[338.397s][info][gc,heap        ] GC(1219) PSYoungGen: 175347K(222720K)->22659K(222720K) Eden: 111616K(111616K)->0K(111616K) From: 63731K(111104K)->22659K(111104K)
[338.397s][info][gc,heap        ] GC(1219) ParOldGen: 293539K(483328K)->342794K(483328K)
[338.397s][info][gc,metaspace   ] GC(1219) Metaspace: 18832K(19008K)->18832K(19008K) NonClass: 17002K(17152K)->17002K(17152K) Class: 1829K(1856K)->1829K(1856K)
[338.397s][info][gc             ] GC(1219) Pause Young (Allocation Failure) 457M->356M(689M) 61.552ms
[338.397s][info][gc,cpu         ] GC(1219) User=0.12s Sys=0.00s Real=0.06s
[338.455s][info][gc,start       ] GC(1220) Pause Young (Allocation Failure)
[338.487s][info][gc,heap        ] GC(1220) PSYoungGen: 134275K(222720K)->3488K(222720K) Eden: 111616K(111616K)->0K(111616K) From: 22659K(111104K)->3488K(111104K)
[338.487s][info][gc,heap        ] GC(1220) ParOldGen: 342794K(483328K)->365533K(483328K)
[338.487s][info][gc,metaspace   ] GC(1220) Metaspace: 18834K(19008K)->18834K(19008K) NonClass: 17005K(17152K)->17005K(17152K) Class: 1829K(1856K)->1829K(1856K)
[338.487s][info][gc             ] GC(1220) Pause Young (Allocation Failure) 465M->360M(689M) 31.875ms
[338.487s][info][gc,cpu         ] GC(1220) User=0.06s Sys=0.00s Real=0.03s
[338.591s][info][gc,start       ] GC(1221) Pause Young (Allocation Failure)
[338.598s][info][gc,heap        ] GC(1221) PSYoungGen: 115104K(222720K)->1024K(222720K) Eden: 111616K(111616K)->0K(111616K) From: 3488K(111104K)->1024K(111104K)
[338.598s][info][gc,heap        ] GC(1221) ParOldGen: 365533K(483328K)->369005K(483328K)
[338.598s][info][gc,metaspace   ] GC(1221) Metaspace: 18834K(19008K)->18834K(19008K) NonClass: 17005K(17152K)->17005K(17152K) Class: 1829K(1856K)->1829K(1856K)
[338.598s][info][gc             ] GC(1221) Pause Young (Allocation Failure) 469M->361M(689M) 6.854ms
[338.598s][info][gc,cpu         ] GC(1221) User=0.01s Sys=0.00s Real=0.01s
[338.849s][info][gc,start       ] GC(1222) Pause Young (Allocation Failure)
[338.854s][info][gc,heap        ] GC(1222) PSYoungGen: 112640K(222720K)->1824K(222720K) Eden: 111616K(111616K)->0K(111616K) From: 1024K(111104K)->1824K(111104K)
[338.854s][info][gc,heap        ] GC(1222) ParOldGen: 369005K(483328K)->370013K(483328K)
[338.854s][info][gc,metaspace   ] GC(1222) Metaspace: 18834K(19008K)->18834K(19008K) NonClass: 17005K(17152K)->17005K(17152K) Class: 1829K(1856K)->1829K(1856K)
[338.855s][info][gc             ] GC(1222) Pause Young (Allocation Failure) 470M->363M(689M) 5.418ms
[338.855s][info][gc,cpu         ] GC(1222) User=0.01s Sys=0.00s Real=0.01s
[339.105s][info][gc,start       ] GC(1223) Pause Young (Allocation Failure)
[339.110s][info][gc,heap        ] GC(1223) PSYoungGen: 113440K(222720K)->544K(222720K) Eden: 111616K(111616K)->0K(111616K) From: 1824K(111104K)->544K(111104K)
[339.110s][info][gc,heap        ] GC(1223) ParOldGen: 370013K(483328K)->371669K(483328K)
[339.110s][info][gc,metaspace   ] GC(1223) Metaspace: 18834K(19008K)->18834K(19008K) NonClass: 17005K(17152K)->17005K(17152K) Class: 1829K(1856K)->1829K(1856K)
[339.110s][info][gc             ] GC(1223) Pause Young (Allocation Failure) 472M->363M(689M) 4.803ms
[339.110s][info][gc,cpu         ] GC(1223) User=0.01s Sys=0.00s Real=0.00s
[339.276s][info][gc,start       ] GC(1224) Pause Young (Allocation Failure)
[339.310s][info][gc,heap        ] GC(1224) PSYoungGen: 112160K(222720K)->35104K(222720K) Eden: 111616K(111616K)->0K(111616K) From: 544K(111104K)->35104K(111104K)
[339.310s][info][gc,heap        ] GC(1224) ParOldGen: 371669K(483328K)->371938K(483328K)
[339.310s][info][gc,metaspace   ] GC(1224) Metaspace: 18834K(19008K)->18834K(19008K) NonClass: 17005K(17152K)->17005K(17152K) Class: 1829K(1856K)->1829K(1856K)
[339.310s][info][gc             ] GC(1224) Pause Young (Allocation Failure) 472M->397M(689M) 33.384ms
[339.310s][info][gc,cpu         ] GC(1224) User=0.07s Sys=0.00s Real=0.03s
[339.457s][info][gc,start       ] GC(1225) Pause Young (Allocation Failure)
[339.525s][info][gc,heap        ] GC(1225) PSYoungGen: 146720K(222720K)->72352K(222720K) Eden: 111616K(111616K)->0K(111616K) From: 35104K(111104K)->72352K(111104K)
[339.525s][info][gc,heap        ] GC(1225) ParOldGen: 371938K(483328K)->371938K(483328K)
[339.525s][info][gc,metaspace   ] GC(1225) Metaspace: 18834K(19008K)->18834K(19008K) NonClass: 17005K(17152K)->17005K(17152K) Class: 1829K(1856K)->1829K(1856K)
[339.525s][info][gc             ] GC(1225) Pause Young (Allocation Failure) 506M->433M(689M) 67.727ms
[339.525s][info][gc,cpu         ] GC(1225) User=0.13s Sys=0.00s Real=0.07s
[339.630s][info][gc,start       ] GC(1226) Pause Young (Allocation Failure)
[339.706s][info][gc,heap        ] GC(1226) PSYoungGen: 183968K(222720K)->12416K(222720K) Eden: 111616K(111616K)->0K(111616K) From: 72352K(111104K)->12416K(111104K)
[339.706s][info][gc,heap        ] GC(1226) ParOldGen: 371938K(483328K)->444948K(483328K)
[339.706s][info][gc,metaspace   ] GC(1226) Metaspace: 18834K(19008K)->18834K(19008K) NonClass: 17005K(17152K)->17005K(17152K) Class: 1829K(1856K)->1829K(1856K)
[339.706s][info][gc             ] GC(1226) Pause Young (Allocation Failure) 542M->446M(689M) 76.409ms
[339.706s][info][gc,cpu         ] GC(1226) User=0.15s Sys=0.00s Real=0.08s
[339.797s][info][gc,start       ] GC(1227) Pause Young (Allocation Failure)
[339.816s][info][gc,heap        ] GC(1227) PSYoungGen: 124032K(222720K)->2848K(222720K) Eden: 111616K(111616K)->0K(111616K) From: 12416K(111104K)->2848K(111104K)
[339.816s][info][gc,heap        ] GC(1227) ParOldGen: 444948K(483328K)->457188K(483328K)
[339.816s][info][gc,metaspace   ] GC(1227) Metaspace: 18834K(19008K)->18834K(19008K) NonClass: 17005K(17152K)->17005K(17152K) Class: 1829K(1856K)->1829K(1856K)
[339.816s][info][gc             ] GC(1227) Pause Young (Allocation Failure) 555M->449M(689M) 19.035ms
[339.816s][info][gc,cpu         ] GC(1227) User=0.04s Sys=0.00s Real=0.02s
[339.940s][info][gc,start       ] GC(1228) Pause Young (Allocation Failure)
[339.947s][info][gc,heap        ] GC(1228) PSYoungGen: 114464K(222720K)->1248K(221696K) Eden: 111616K(111616K)->0K(111616K) From: 2848K(111104K)->1248K(110080K)
[339.947s][info][gc,heap        ] GC(1228) ParOldGen: 457188K(483328K)->460036K(483328K)
[339.947s][info][gc,metaspace   ] GC(1228) Metaspace: 18834K(19008K)->18834K(19008K) NonClass: 17005K(17152K)->17005K(17152K) Class: 1829K(1856K)->1829K(1856K)
[339.947s][info][gc             ] GC(1228) Pause Young (Allocation Failure) 558M->450M(688M) 7.070ms
[339.947s][info][gc,cpu         ] GC(1228) User=0.01s Sys=0.00s Real=0.01s
[340.144s][info][gc,start       ] GC(1229) Pause Young (Allocation Failure)
[340.149s][info][gc,heap        ] GC(1229) PSYoungGen: 112864K(221696K)->2272K(114176K) Eden: 111616K(111616K)->0K(111616K) From: 1248K(110080K)->2272K(2560K)
[340.149s][info][gc,heap        ] GC(1229) ParOldGen: 460036K(483328K)->460036K(483328K)
[340.149s][info][gc,metaspace   ] GC(1229) Metaspace: 18834K(19008K)->18834K(19008K) NonClass: 17005K(17152K)->17005K(17152K) Class: 1829K(1856K)->1829K(1856K)
[340.149s][info][gc             ] GC(1229) Pause Young (Allocation Failure) 559M->451M(583M) 5.398ms
[340.149s][info][gc,cpu         ] GC(1229) User=0.01s Sys=0.00s Real=0.00s
[340.430s][info][gc,start       ] GC(1230) Pause Young (Allocation Failure)
[340.435s][info][gc,heap        ] GC(1230) PSYoungGen: 113888K(114176K)->2400K(223744K) Eden: 111616K(111616K)->0K(116736K) From: 2272K(2560K)->2400K(107008K)
[340.435s][info][gc,heap        ] GC(1230) ParOldGen: 460036K(483328K)->460036K(483328K)
[340.435s][info][gc,metaspace   ] GC(1230) Metaspace: 18834K(19008K)->18834K(19008K) NonClass: 17005K(17152K)->17005K(17152K) Class: 1829K(1856K)->1829K(1856K)
[340.435s][info][gc             ] GC(1230) Pause Young (Allocation Failure) 560M->451M(690M) 5.088ms
[340.435s][info][gc,cpu         ] GC(1230) User=0.00s Sys=0.01s Real=0.01s
[340.590s][info][gc,start       ] GC(1231) Pause Young (Allocation Failure)
[340.639s][info][gc,heap        ] GC(1231) PSYoungGen: 119136K(223744K)->52320K(220672K) Eden: 116736K(116736K)->0K(116736K) From: 2400K(107008K)->52320K(103936K)
[340.639s][info][gc,heap        ] GC(1231) ParOldGen: 460036K(483328K)->460036K(483328K)
[340.639s][info][gc,metaspace   ] GC(1231) Metaspace: 18835K(19008K)->18835K(19008K) NonClass: 17005K(17152K)->17005K(17152K) Class: 1829K(1856K)->1829K(1856K)
[340.639s][info][gc             ] GC(1231) Pause Young (Allocation Failure) 565M->500M(687M) 48.998ms
[340.639s][info][gc,cpu         ] GC(1231) User=0.10s Sys=0.00s Real=0.05s
[340.695s][info][gc,start       ] GC(1232) Pause Young (Allocation Failure)
[340.818s][info][gc,heap        ] GC(1232) PSYoungGen: 169056K(220672K)->105984K(217600K) Eden: 116736K(116736K)->0K(111616K) From: 52320K(103936K)->105984K(105984K)
[340.818s][info][gc,heap        ] GC(1232) ParOldGen: 460036K(483328K)->486268K(486400K)
[340.818s][info][gc,metaspace   ] GC(1232) Metaspace: 18835K(19008K)->18835K(19008K) NonClass: 17005K(17152K)->17005K(17152K) Class: 1829K(1856K)->1829K(1856K)
[340.818s][info][gc             ] GC(1232) Pause Young (Allocation Failure) 614M->578M(687M) 123.398ms
[340.818s][info][gc,cpu         ] GC(1232) User=0.24s Sys=0.00s Real=0.12s
[340.930s][info][gc,start       ] GC(1233) Pause Young (Allocation Failure)
[341.097s][info][gc,heap        ] GC(1233) PSYoungGen: 217600K(217600K)->111104K(222720K) Eden: 111616K(111616K)->0K(111616K) From: 105984K(105984K)->111104K(111104K)
[341.097s][info][gc,heap        ] GC(1233) ParOldGen: 486268K(486400K)->528507K(528896K)
[341.097s][info][gc,metaspace   ] GC(1233) Metaspace: 18835K(19008K)->18835K(19008K) NonClass: 17005K(17152K)->17005K(17152K) Class: 1829K(1856K)->1829K(1856K)
[341.097s][info][gc             ] GC(1233) Pause Young (Allocation Failure) 687M->624M(734M) 166.834ms
[341.097s][info][gc,cpu         ] GC(1233) User=0.30s Sys=0.04s Real=0.17s
[341.189s][info][gc,start       ] GC(1234) Pause Young (Allocation Failure)
[341.310s][info][gc,heap        ] GC(1234) PSYoungGen: 222720K(222720K)->96104K(222720K) Eden: 111616K(111616K)->0K(111616K) From: 111104K(111104K)->96104K(111104K)
[341.310s][info][gc,heap        ] GC(1234) ParOldGen: 528507K(528896K)->549099K(549376K)
[341.310s][info][gc,metaspace   ] GC(1234) Metaspace: 18835K(19008K)->18835K(19008K) NonClass: 17005K(17152K)->17005K(17152K) Class: 1829K(1856K)->1829K(1856K)
[341.310s][info][gc             ] GC(1234) Pause Young (Allocation Failure) 733M->630M(754M) 121.239ms
[341.310s][info][gc,cpu         ] GC(1234) User=0.23s Sys=0.01s Real=0.12s
[341.374s][info][gc,start       ] GC(1235) Pause Young (Allocation Failure)
[341.517s][info][gc,heap        ] GC(1235) PSYoungGen: 207720K(222720K)->10100K(222720K) Eden: 111616K(111616K)->0K(111616K) From: 96104K(111104K)->10100K(111104K)
[341.517s][info][gc,heap        ] GC(1235) ParOldGen: 549099K(549376K)->640180K(640512K)
[341.517s][info][gc,metaspace   ] GC(1235) Metaspace: 18835K(19008K)->18835K(19008K) NonClass: 17005K(17152K)->17005K(17152K) Class: 1829K(1856K)->1829K(1856K)
[341.517s][info][gc             ] GC(1235) Pause Young (Allocation Failure) 739M->635M(843M) 142.928ms
[341.517s][info][gc,cpu         ] GC(1235) User=0.22s Sys=0.06s Real=0.14s
[341.603s][info][gc,start       ] GC(1236) Pause Full (Allocation Failure)
[341.603s][info][gc,phases,start] GC(1236) Marking Phase
[341.668s][info][gc,phases      ] GC(1236) Marking Phase 64.998ms
[341.668s][info][gc,phases,start] GC(1236) Summary Phase
[341.668s][info][gc,phases      ] GC(1236) Summary Phase 0.030ms
[341.668s][info][gc,phases,start] GC(1236) Forward
[341.690s][info][gc,phases      ] GC(1236) Forward 21.764ms
[341.690s][info][gc,phases,start] GC(1236) Adjust Pointers
[341.738s][info][gc,phases      ] GC(1236) Adjust Pointers 48.665ms
[341.739s][info][gc,phases,start] GC(1236) Compaction Phase
[341.762s][info][gc,phases      ] GC(1236) Compaction Phase 23.761ms
[341.765s][info][gc,phases,start] GC(1236) Post Compact
[341.768s][info][gc,phases      ] GC(1236) Post Compact 2.208ms
[341.785s][info][gc,heap        ] GC(1236) PSYoungGen: 121716K(222720K)->0K(222720K) Eden: 111616K(111616K)->0K(111616K) From: 10100K(111104K)->0K(111104K)
[341.785s][info][gc,heap        ] GC(1236) ParOldGen: 640180K(640512K)->112424K(435712K)
[341.785s][info][gc,metaspace   ] GC(1236) Metaspace: 18835K(19008K)->18835K(19008K) NonClass: 17005K(17152K)->17005K(17152K) Class: 1829K(1856K)->1829K(1856K)
[341.785s][info][gc             ] GC(1236) Pause Full (Allocation Failure) 744M->109M(643M) 181.888ms
[341.785s][info][gc,cpu         ] GC(1236) User=0.29s Sys=0.02s Real=0.18s
[341.878s][info][gc,start       ] GC(1237) Pause Young (Allocation Failure)
[341.883s][info][gc,heap        ] GC(1237) PSYoungGen: 111616K(222720K)->4192K(222720K) Eden: 111616K(111616K)->0K(111616K) From: 0K(111104K)->4192K(111104K)
[341.883s][info][gc,heap        ] GC(1237) ParOldGen: 112424K(435712K)->112424K(435712K)
[341.883s][info][gc,metaspace   ] GC(1237) Metaspace: 18835K(19008K)->18835K(19008K) NonClass: 17005K(17152K)->17005K(17152K) Class: 1829K(1856K)->1829K(1856K)
[341.883s][info][gc             ] GC(1237) Pause Young (Allocation Failure) 218M->113M(643M) 4.907ms
[341.883s][info][gc,cpu         ] GC(1237) User=0.01s Sys=0.00s Real=0.01s
[341.947s][info][gc,start       ] GC(1238) Pause Young (Allocation Failure)
[341.983s][info][gc,heap        ] GC(1238) PSYoungGen: 115808K(222720K)->44992K(222720K) Eden: 111616K(111616K)->0K(111616K) From: 4192K(111104K)->44992K(111104K)
[341.983s][info][gc,heap        ] GC(1238) ParOldGen: 112424K(435712K)->116568K(435712K)
[341.983s][info][gc,metaspace   ] GC(1238) Metaspace: 18835K(19008K)->18835K(19008K) NonClass: 17005K(17152K)->17005K(17152K) Class: 1829K(1856K)->1829K(1856K)
[341.983s][info][gc             ] GC(1238) Pause Young (Allocation Failure) 222M->157M(643M) 35.617ms
[341.983s][info][gc,cpu         ] GC(1238) User=0.07s Sys=0.00s Real=0.04s
[342.113s][info][gc,start       ] GC(1239) Pause Young (Allocation Failure)
[342.157s][info][gc,heap        ] GC(1239) PSYoungGen: 156608K(222720K)->25248K(222720K) Eden: 111616K(111616K)->0K(111616K) From: 44992K(111104K)->25248K(111104K)
[342.157s][info][gc,heap        ] GC(1239) ParOldGen: 116568K(435712K)->162064K(435712K)
[342.157s][info][gc,metaspace   ] GC(1239) Metaspace: 18835K(19008K)->18835K(19008K) NonClass: 17005K(17152K)->17005K(17152K) Class: 1829K(1856K)->1829K(1856K)
[342.157s][info][gc             ] GC(1239) Pause Young (Allocation Failure) 266M->182M(643M) 43.428ms
[342.157s][info][gc,cpu         ] GC(1239) User=0.08s Sys=0.00s Real=0.04s
[342.252s][info][gc,start       ] GC(1240) Pause Young (Allocation Failure)
[342.274s][info][gc,heap        ] GC(1240) PSYoungGen: 136864K(222720K)->2240K(222720K) Eden: 111616K(111616K)->0K(111616K) From: 25248K(111104K)->2240K(111104K)
[342.274s][info][gc,heap        ] GC(1240) ParOldGen: 162064K(435712K)->187600K(435712K)
[342.274s][info][gc,metaspace   ] GC(1240) Metaspace: 18835K(19008K)->18835K(19008K) NonClass: 17005K(17152K)->17005K(17152K) Class: 1829K(1856K)->1829K(1856K)
[342.274s][info][gc             ] GC(1240) Pause Young (Allocation Failure) 291M->185M(643M) 22.068ms
[342.274s][info][gc,cpu         ] GC(1240) User=0.04s Sys=0.00s Real=0.02s
[342.425s][info][gc,start       ] GC(1241) Pause Young (Allocation Failure)
[342.490s][info][gc,heap        ] GC(1241) PSYoungGen: 113856K(222720K)->45569K(222720K) Eden: 111616K(111616K)->0K(111616K) From: 2240K(111104K)->45569K(111104K)
[342.490s][info][gc,heap        ] GC(1241) ParOldGen: 187600K(435712K)->189832K(435712K)
[342.490s][info][gc,metaspace   ] GC(1241) Metaspace: 18835K(19008K)->18835K(19008K) NonClass: 17005K(17152K)->17005K(17152K) Class: 1829K(1856K)->1829K(1856K)
[342.490s][info][gc             ] GC(1241) Pause Young (Allocation Failure) 294M->229M(643M) 65.116ms
[342.490s][info][gc,cpu         ] GC(1241) User=0.13s Sys=0.00s Real=0.06s
[342.583s][info][gc,start       ] GC(1242) Pause Young (Allocation Failure)
[342.677s][info][gc,heap        ] GC(1242) PSYoungGen: 157185K(222720K)->43440K(222720K) Eden: 111616K(111616K)->0K(111616K) From: 45569K(111104K)->43440K(111104K)
[342.677s][info][gc,heap        ] GC(1242) ParOldGen: 189832K(435712K)->235485K(435712K)
[342.677s][info][gc,metaspace   ] GC(1242) Metaspace: 18835K(19008K)->18835K(19008K) NonClass: 17005K(17152K)->17005K(17152K) Class: 1829K(1856K)->1829K(1856K)
[342.677s][info][gc             ] GC(1242) Pause Young (Allocation Failure) 338M->272M(643M) 93.847ms
[342.677s][info][gc,cpu         ] GC(1242) User=0.19s Sys=0.00s Real=0.09s
[342.726s][info][gc,start       ] GC(1243) Pause Young (Allocation Failure)
[342.795s][info][gc,heap        ] GC(1243) PSYoungGen: 155056K(222720K)->40096K(222720K) Eden: 111616K(111616K)->0K(111616K) From: 43440K(111104K)->40096K(111104K)
[342.795s][info][gc,heap        ] GC(1243) ParOldGen: 235485K(435712K)->279181K(435712K)
[342.795s][info][gc,metaspace   ] GC(1243) Metaspace: 18835K(19008K)->18835K(19008K) NonClass: 17005K(17152K)->17005K(17152K) Class: 1829K(1856K)->1829K(1856K)
[342.795s][info][gc             ] GC(1243) Pause Young (Allocation Failure) 381M->311M(643M) 69.583ms
[342.795s][info][gc,cpu         ] GC(1243) User=0.13s Sys=0.00s Real=0.07s
[342.855s][info][gc,start       ] GC(1244) Pause Young (Allocation Failure)
[342.909s][info][gc,heap        ] GC(1244) PSYoungGen: 151712K(222720K)->35968K(222720K) Eden: 111616K(111616K)->0K(111616K) From: 40096K(111104K)->35968K(111104K)
[342.909s][info][gc,heap        ] GC(1244) ParOldGen: 279181K(435712K)->319757K(435712K)
[342.909s][info][gc,metaspace   ] GC(1244) Metaspace: 18835K(19008K)->18835K(19008K) NonClass: 17005K(17152K)->17005K(17152K) Class: 1829K(1856K)->1829K(1856K)
[342.909s][info][gc             ] GC(1244) Pause Young (Allocation Failure) 420M->347M(643M) 54.554ms
[342.909s][info][gc,cpu         ] GC(1244) User=0.11s Sys=0.00s Real=0.05s
[343.024s][info][gc,start       ] GC(1245) Pause Young (Allocation Failure)
[343.067s][info][gc,heap        ] GC(1245) PSYoungGen: 147584K(222720K)->13664K(125440K) Eden: 111616K(111616K)->0K(111616K) From: 35968K(111104K)->13664K(13824K)
[343.067s][info][gc,heap        ] GC(1245) ParOldGen: 319757K(435712K)->356069K(435712K)
[343.067s][info][gc,metaspace   ] GC(1245) Metaspace: 18835K(19008K)->18835K(19008K) NonClass: 17005K(17152K)->17005K(17152K) Class: 1829K(1856K)->1829K(1856K)
[343.067s][info][gc             ] GC(1245) Pause Young (Allocation Failure) 456M->361M(548M) 43.233ms
[343.067s][info][gc,cpu         ] GC(1245) User=0.08s Sys=0.00s Real=0.04s
[343.113s][info][gc,start       ] GC(1246) Pause Young (Allocation Failure)
[343.134s][info][gc,heap        ] GC(1246) PSYoungGen: 125280K(125440K)->1920K(221696K) Eden: 111616K(111616K)->0K(112640K) From: 13664K(13824K)->1920K(109056K)
[343.134s][info][gc,heap        ] GC(1246) ParOldGen: 356069K(435712K)->369773K(435712K)
[343.134s][info][gc,metaspace   ] GC(1246) Metaspace: 18835K(19008K)->18835K(19008K) NonClass: 17005K(17152K)->17005K(17152K) Class: 1829K(1856K)->1829K(1856K)
[343.134s][info][gc             ] GC(1246) Pause Young (Allocation Failure) 470M->362M(642M) 20.457ms
[343.134s][info][gc,cpu         ] GC(1246) User=0.04s Sys=0.00s Real=0.02s
[343.219s][info][gc,start       ] GC(1247) Pause Young (Allocation Failure)
[343.237s][info][gc,heap        ] GC(1247) PSYoungGen: 114560K(221696K)->1792K(220672K) Eden: 112640K(112640K)->0K(112640K) From: 1920K(109056K)->1792K(108032K)
[343.237s][info][gc,heap        ] GC(1247) ParOldGen: 369773K(435712K)->371685K(435712K)
[343.237s][info][gc,metaspace   ] GC(1247) Metaspace: 18835K(19008K)->18835K(19008K) NonClass: 17005K(17152K)->17005K(17152K) Class: 1829K(1856K)->1829K(1856K)
[343.237s][info][gc             ] GC(1247) Pause Young (Allocation Failure) 472M->364M(641M) 18.512ms
[343.237s][info][gc,cpu         ] GC(1247) User=0.04s Sys=0.00s Real=0.02s
[343.331s][info][gc,start       ] GC(1248) Pause Young (Allocation Failure)
[343.369s][info][gc,heap        ] GC(1248) PSYoungGen: 114432K(220672K)->20769K(216576K) Eden: 112640K(112640K)->0K(119808K) From: 1792K(108032K)->20769K(96768K)
[343.369s][info][gc,heap        ] GC(1248) ParOldGen: 371685K(435712K)->373429K(435712K)
[343.369s][info][gc,metaspace   ] GC(1248) Metaspace: 18835K(19008K)->18835K(19008K) NonClass: 17005K(17152K)->17005K(17152K) Class: 1829K(1856K)->1829K(1856K)
[343.369s][info][gc             ] GC(1248) Pause Young (Allocation Failure) 474M->384M(637M) 37.952ms
[343.369s][info][gc,cpu         ] GC(1248) User=0.08s Sys=0.00s Real=0.04s
[343.458s][info][gc,start       ] GC(1249) Pause Young (Allocation Failure)
[343.496s][info][gc,heap        ] GC(1249) PSYoungGen: 140577K(216576K)->11648K(219648K) Eden: 119808K(119808K)->0K(119808K) From: 20769K(96768K)->11648K(99840K)
[343.496s][info][gc,heap        ] GC(1249) ParOldGen: 373429K(435712K)->394234K(435712K)
[343.496s][info][gc,metaspace   ] GC(1249) Metaspace: 18835K(19008K)->18835K(19008K) NonClass: 17005K(17152K)->17005K(17152K) Class: 1829K(1856K)->1829K(1856K)
[343.496s][info][gc             ] GC(1249) Pause Young (Allocation Failure) 501M->396M(640M) 38.356ms
[343.496s][info][gc,cpu         ] GC(1249) User=0.08s Sys=0.00s Real=0.04s
[343.597s][info][gc,start       ] GC(1250) Pause Young (Allocation Failure)
[343.630s][info][gc,heap        ] GC(1250) PSYoungGen: 131456K(219648K)->19264K(220160K) Eden: 119808K(119808K)->0K(135168K) From: 11648K(99840K)->19264K(84992K)
[343.630s][info][gc,heap        ] GC(1250) ParOldGen: 394234K(435712K)->405914K(435712K)
[343.630s][info][gc,metaspace   ] GC(1250) Metaspace: 18835K(19008K)->18835K(19008K) NonClass: 17005K(17152K)->17005K(17152K) Class: 1829K(1856K)->1829K(1856K)
[343.630s][info][gc             ] GC(1250) Pause Young (Allocation Failure) 513M->415M(640M) 33.175ms
[343.630s][info][gc,cpu         ] GC(1250) User=0.06s Sys=0.00s Real=0.03s
[343.729s][info][gc,start       ] GC(1251) Pause Young (Allocation Failure)
[343.772s][info][gc,heap        ] GC(1251) PSYoungGen: 154432K(220160K)->23936K(225792K) Eden: 135168K(135168K)->0K(135168K) From: 19264K(84992K)->23936K(90624K)
[343.772s][info][gc,heap        ] GC(1251) ParOldGen: 405914K(435712K)->425218K(435712K)
[343.772s][info][gc,metaspace   ] GC(1251) Metaspace: 18835K(19008K)->18835K(19008K) NonClass: 17005K(17152K)->17005K(17152K) Class: 1829K(1856K)->1829K(1856K)
[343.772s][info][gc             ] GC(1251) Pause Young (Allocation Failure) 547M->438M(646M) 43.356ms
[343.772s][info][gc,cpu         ] GC(1251) User=0.08s Sys=0.00s Real=0.05s
[343.865s][info][gc,start       ] GC(1252) Pause Young (Allocation Failure)
[343.904s][info][gc,heap        ] GC(1252) PSYoungGen: 159104K(225792K)->4608K(232960K) Eden: 135168K(135168K)->0K(152064K) From: 23936K(90624K)->4608K(80896K)
[343.904s][info][gc,heap        ] GC(1252) ParOldGen: 425218K(435712K)->449208K(449536K)
[343.904s][info][gc,metaspace   ] GC(1252) Metaspace: 18835K(19008K)->18835K(19008K) NonClass: 17005K(17152K)->17005K(17152K) Class: 1829K(1856K)->1829K(1856K)
[343.904s][info][gc             ] GC(1252) Pause Young (Allocation Failure) 570M->443M(666M) 38.178ms
[343.904s][info][gc,cpu         ] GC(1252) User=0.06s Sys=0.01s Real=0.04s
[344.083s][info][gc,start       ] GC(1253) Pause Young (Allocation Failure)
[344.099s][info][gc,heap        ] GC(1253) PSYoungGen: 156672K(232960K)->3488K(235008K) Eden: 152064K(152064K)->0K(152064K) From: 4608K(80896K)->3488K(82944K)
[344.099s][info][gc,heap        ] GC(1253) ParOldGen: 449208K(449536K)->453800K(454144K)
[344.099s][info][gc,metaspace   ] GC(1253) Metaspace: 18835K(19008K)->18835K(19008K) NonClass: 17005K(17152K)->17005K(17152K) Class: 1829K(1856K)->1829K(1856K)
[344.099s][info][gc             ] GC(1253) Pause Young (Allocation Failure) 591M->446M(673M) 16.174ms
[344.099s][info][gc,cpu         ] GC(1253) User=0.02s Sys=0.01s Real=0.01s
[344.325s][info][gc,start       ] GC(1254) Pause Young (Allocation Failure)
[344.349s][info][gc,heap        ] GC(1254) PSYoungGen: 155552K(235008K)->11712K(240128K) Eden: 152064K(152064K)->0K(168448K) From: 3488K(82944K)->11712K(71680K)
[344.349s][info][gc,heap        ] GC(1254) ParOldGen: 453800K(454144K)->457264K(457728K)
[344.349s][info][gc,metaspace   ] GC(1254) Metaspace: 18835K(19008K)->18835K(19008K) NonClass: 17005K(17152K)->17005K(17152K) Class: 1829K(1856K)->1829K(1856K)
[344.349s][info][gc             ] GC(1254) Pause Young (Allocation Failure) 595M->457M(681M) 23.770ms
[344.349s][info][gc,cpu         ] GC(1254) User=0.05s Sys=0.00s Real=0.02s
[344.761s][info][gc,start       ] GC(1255) Pause Young (Allocation Failure)
[344.793s][info][gc,heap        ] GC(1255) PSYoungGen: 180160K(240128K)->11328K(245248K) Eden: 168448K(168448K)->0K(168448K) From: 11712K(71680K)->11328K(76800K)
[344.793s][info][gc,heap        ] GC(1255) ParOldGen: 457264K(457728K)->468997K(469504K)
[344.793s][info][gc,metaspace   ] GC(1255) Metaspace: 18835K(19008K)->18835K(19008K) NonClass: 17005K(17152K)->17005K(17152K) Class: 1829K(1856K)->1829K(1856K)
[344.794s][info][gc             ] GC(1255) Pause Young (Allocation Failure) 622M->469M(698M) 32.949ms
[344.794s][info][gc,cpu         ] GC(1255) User=0.06s Sys=0.01s Real=0.04s
[345.202s][info][gc,start       ] GC(1256) Pause Young (Allocation Failure)
[345.221s][info][gc,heap        ] GC(1256) PSYoungGen: 179776K(245248K)->128K(250880K) Eden: 168448K(168448K)->0K(183296K) From: 11328K(76800K)->128K(67584K)
[345.221s][info][gc,heap        ] GC(1256) ParOldGen: 468997K(469504K)->480333K(480768K)
[345.221s][info][gc,metaspace   ] GC(1256) Metaspace: 18835K(19008K)->18835K(19008K) NonClass: 17005K(17152K)->17005K(17152K) Class: 1829K(1856K)->1829K(1856K)
[345.221s][info][gc             ] GC(1256) Pause Young (Allocation Failure) 633M->469M(714M) 18.598ms
[345.221s][info][gc,cpu         ] GC(1256) User=0.02s Sys=0.01s Real=0.01s
[345.643s][info][gc,start       ] GC(1257) Pause Young (Allocation Failure)
[345.654s][info][gc,heap        ] GC(1257) PSYoungGen: 183424K(250880K)->160K(254464K) Eden: 183296K(183296K)->0K(183296K) From: 128K(67584K)->160K(71168K)
[345.654s][info][gc,heap        ] GC(1257) ParOldGen: 480333K(480768K)->480333K(480768K)
[345.654s][info][gc,metaspace   ] GC(1257) Metaspace: 18835K(19008K)->18835K(19008K) NonClass: 17005K(17152K)->17005K(17152K) Class: 1829K(1856K)->1829K(1856K)
[345.654s][info][gc             ] GC(1257) Pause Young (Allocation Failure) 648M->469M(718M) 10.452ms
[345.654s][info][gc,cpu         ] GC(1257) User=0.02s Sys=0.00s Real=0.01s
[345.957s][info][gc,start       ] GC(1258) Pause Young (Allocation Failure)
[345.975s][info][gc,heap        ] GC(1258) PSYoungGen: 183456K(254464K)->22086K(255488K) Eden: 183296K(183296K)->0K(194048K) From: 160K(71168K)->22086K(61440K)
[345.975s][info][gc,heap        ] GC(1258) ParOldGen: 480333K(480768K)->480333K(480768K)
[345.975s][info][gc,metaspace   ] GC(1258) Metaspace: 18835K(19008K)->18835K(19008K) NonClass: 17005K(17152K)->17005K(17152K) Class: 1829K(1856K)->1829K(1856K)
[345.975s][info][gc             ] GC(1258) Pause Young (Allocation Failure) 648M->490M(719M) 18.530ms
[345.975s][info][gc,cpu         ] GC(1258) User=0.04s Sys=0.00s Real=0.02s
[346.196s][info][gc,start       ] GC(1259) Pause Young (Allocation Failure)
[346.264s][info][gc,heap        ] GC(1259) PSYoungGen: 216134K(255488K)->65510K(259584K) Eden: 194048K(194048K)->0K(194048K) From: 22086K(61440K)->65510K(65536K)
[346.264s][info][gc,heap        ] GC(1259) ParOldGen: 480333K(480768K)->494301K(494592K)
[346.264s][info][gc,metaspace   ] GC(1259) Metaspace: 18835K(19008K)->18835K(19008K) NonClass: 17006K(17152K)->17006K(17152K) Class: 1829K(1856K)->1829K(1856K)
[346.264s][info][gc             ] GC(1259) Pause Young (Allocation Failure) 680M->546M(736M) 68.122ms
[346.264s][info][gc,cpu         ] GC(1259) User=0.13s Sys=0.01s Real=0.07s
[346.487s][info][gc,start       ] GC(1260) Pause Young (Allocation Failure)
[346.588s][info][gc,heap        ] GC(1260) PSYoungGen: 259558K(259584K)->74208K(204288K) Eden: 194048K(194048K)->0K(130048K) From: 65510K(65536K)->74208K(74240K)
[346.588s][info][gc,heap        ] GC(1260) ParOldGen: 494301K(494592K)->508040K(508416K)
[346.588s][info][gc,metaspace   ] GC(1260) Metaspace: 18835K(19008K)->18835K(19008K) NonClass: 17006K(17152K)->17006K(17152K) Class: 1829K(1856K)->1829K(1856K)
[346.588s][info][gc             ] GC(1260) Pause Young (Allocation Failure) 736M->568M(696M) 100.535ms
[346.588s][info][gc,cpu         ] GC(1260) User=0.18s Sys=0.02s Real=0.10s
[346.737s][info][gc,start       ] GC(1261) Pause Young (Allocation Failure)
[346.852s][info][gc,heap        ] GC(1261) PSYoungGen: 204256K(204288K)->32960K(231936K) Eden: 130048K(130048K)->0K(130048K) From: 74208K(74240K)->32960K(101888K)
[346.852s][info][gc,heap        ] GC(1261) ParOldGen: 508040K(508416K)->572067K(572416K)
[346.852s][info][gc,metaspace   ] GC(1261) Metaspace: 18835K(19008K)->18835K(19008K) NonClass: 17006K(17152K)->17006K(17152K) Class: 1829K(1856K)->1829K(1856K)
[346.852s][info][gc             ] GC(1261) Pause Young (Allocation Failure) 695M->590M(785M) 115.368ms
[346.852s][info][gc,cpu         ] GC(1261) User=0.18s Sys=0.04s Real=0.12s
[346.947s][info][gc,start       ] GC(1262) Pause Young (Allocation Failure)
[347.022s][info][gc,heap        ] GC(1262) PSYoungGen: 163008K(231936K)->18144K(216576K) Eden: 130048K(130048K)->0K(136192K) From: 32960K(101888K)->18144K(80384K)
[347.022s][info][gc,heap        ] GC(1262) ParOldGen: 572067K(572416K)->604454K(604672K)
[347.022s][info][gc,metaspace   ] GC(1262) Metaspace: 18835K(19008K)->18835K(19008K) NonClass: 17006K(17152K)->17006K(17152K) Class: 1829K(1856K)->1829K(1856K)
[347.022s][info][gc             ] GC(1262) Pause Young (Allocation Failure) 717M->608M(802M) 74.422ms
[347.022s][info][gc,cpu         ] GC(1262) User=0.13s Sys=0.03s Real=0.07s
[347.117s][info][gc,start       ] GC(1263) Pause Young (Allocation Failure)
[347.180s][info][gc,heap        ] GC(1263) PSYoungGen: 154336K(216576K)->43648K(227328K) Eden: 136192K(136192K)->0K(136192K) From: 18144K(80384K)->43648K(91136K)
[347.180s][info][gc,heap        ] GC(1263) ParOldGen: 604454K(604672K)->622622K(623104K)
[347.180s][info][gc,metaspace   ] GC(1263) Metaspace: 18836K(19008K)->18836K(19008K) NonClass: 17007K(17152K)->17007K(17152K) Class: 1829K(1856K)->1829K(1856K)
[347.180s][info][gc             ] GC(1263) Pause Young (Allocation Failure) 741M->650M(830M) 63.091ms
[347.180s][info][gc,cpu         ] GC(1263) User=0.11s Sys=0.01s Real=0.06s
[347.249s][info][gc,start       ] GC(1264) Pause Full (Allocation Failure)
[347.249s][info][gc,phases,start] GC(1264) Marking Phase
[347.506s][info][gc,phases      ] GC(1264) Marking Phase 256.789ms
[347.506s][info][gc,phases,start] GC(1264) Summary Phase
[347.506s][info][gc,phases      ] GC(1264) Summary Phase 0.033ms
[347.506s][info][gc,phases,start] GC(1264) Forward
[347.577s][info][gc,phases      ] GC(1264) Forward 70.605ms
[347.577s][info][gc,phases,start] GC(1264) Adjust Pointers
[347.776s][info][gc,phases      ] GC(1264) Adjust Pointers 199.380ms
[347.776s][info][gc,phases,start] GC(1264) Compaction Phase
[347.892s][info][gc,phases      ] GC(1264) Compaction Phase 116.326ms
[347.898s][info][gc,phases,start] GC(1264) Post Compact
[347.901s][info][gc,phases      ] GC(1264) Post Compact 2.300ms
[347.901s][info][gc,heap        ] GC(1264) PSYoungGen: 179840K(227328K)->0K(242176K) Eden: 136192K(136192K)->0K(152064K) From: 43648K(91136K)->0K(90112K)
[347.901s][info][gc,heap        ] GC(1264) ParOldGen: 622622K(623104K)->384978K(667648K)
[347.901s][info][gc,metaspace   ] GC(1264) Metaspace: 18836K(19008K)->18836K(19008K) NonClass: 17007K(17152K)->17007K(17152K) Class: 1829K(1856K)->1829K(1856K)
[347.901s][info][gc             ] GC(1264) Pause Full (Allocation Failure) 783M->375M(888M) 652.154ms
[347.901s][info][gc,cpu         ] GC(1264) User=1.25s Sys=0.00s Real=0.65s
[347.978s][info][gc,start       ] GC(1265) Pause Young (Allocation Failure)
[347.983s][info][gc,heap        ] GC(1265) PSYoungGen: 152064K(242176K)->1216K(242688K) Eden: 152064K(152064K)->0K(152064K) From: 0K(90112K)->1216K(90624K)
[347.983s][info][gc,heap        ] GC(1265) ParOldGen: 384978K(667648K)->384978K(667648K)
[347.983s][info][gc,metaspace   ] GC(1265) Metaspace: 18836K(19008K)->18836K(19008K) NonClass: 17007K(17152K)->17007K(17152K) Class: 1829K(1856K)->1829K(1856K)
[347.983s][info][gc             ] GC(1265) Pause Young (Allocation Failure) 524M->377M(889M) 5.037ms
[347.983s][info][gc,cpu         ] GC(1265) User=0.01s Sys=0.00s Real=0.01s
[348.084s][info][gc,start       ] GC(1266) Pause Young (Allocation Failure)
[348.107s][info][gc,heap        ] GC(1266) PSYoungGen: 153280K(242688K)->10208K(237568K) Eden: 152064K(152064K)->0K(153600K) From: 1216K(90624K)->10208K(83968K)
[348.107s][info][gc,heap        ] GC(1266) ParOldGen: 384978K(667648K)->386186K(667648K)
[348.107s][info][gc,metaspace   ] GC(1266) Metaspace: 18836K(19008K)->18836K(19008K) NonClass: 17007K(17152K)->17007K(17152K) Class: 1829K(1856K)->1829K(1856K)
[348.107s][info][gc             ] GC(1266) Pause Young (Allocation Failure) 525M->387M(884M) 23.054ms
[348.107s][info][gc,cpu         ] GC(1266) User=0.04s Sys=0.00s Real=0.02s
[348.218s][info][gc,start       ] GC(1267) Pause Young (Allocation Failure)
[348.250s][info][gc,heap        ] GC(1267) PSYoungGen: 163808K(237568K)->15200K(240128K) Eden: 153600K(153600K)->0K(153600K) From: 10208K(83968K)->15200K(86528K)
[348.250s][info][gc,heap        ] GC(1267) ParOldGen: 386186K(667648K)->396418K(667648K)
[348.250s][info][gc,metaspace   ] GC(1267) Metaspace: 18837K(19008K)->18837K(19008K) NonClass: 17008K(17152K)->17008K(17152K) Class: 1829K(1856K)->1829K(1856K)
[348.250s][info][gc             ] GC(1267) Pause Young (Allocation Failure) 537M->401M(886M) 32.089ms
[348.250s][info][gc,cpu         ] GC(1267) User=0.07s Sys=0.00s Real=0.03s
[348.364s][info][gc,start       ] GC(1268) Pause Young (Allocation Failure)
[348.393s][info][gc,heap        ] GC(1268) PSYoungGen: 168800K(240128K)->12768K(242176K) Eden: 153600K(153600K)->0K(165376K) From: 15200K(86528K)->12768K(76800K)
[348.393s][info][gc,heap        ] GC(1268) ParOldGen: 396418K(667648K)->411626K(667648K)
[348.393s][info][gc,metaspace   ] GC(1268) Metaspace: 18838K(19008K)->18838K(19008K) NonClass: 17008K(17152K)->17008K(17152K) Class: 1829K(1856K)->1829K(1856K)
[348.393s][info][gc             ] GC(1268) Pause Young (Allocation Failure) 551M->414M(888M) 29.364ms
[348.393s][info][gc,cpu         ] GC(1268) User=0.06s Sys=0.00s Real=0.03s
[348.515s][info][gc,start       ] GC(1269) Pause Young (Allocation Failure)
[348.550s][info][gc,heap        ] GC(1269) PSYoungGen: 178144K(242176K)->19008K(243712K) Eden: 165376K(165376K)->0K(165376K) From: 12768K(76800K)->19008K(78336K)
[348.550s][info][gc,heap        ] GC(1269) ParOldGen: 411626K(667648K)->424426K(667648K)
[348.550s][info][gc,metaspace   ] GC(1269) Metaspace: 18838K(19008K)->18838K(19008K) NonClass: 17008K(17152K)->17008K(17152K) Class: 1829K(1856K)->1829K(1856K)
[348.550s][info][gc             ] GC(1269) Pause Young (Allocation Failure) 575M->433M(890M) 34.817ms
[348.550s][info][gc,cpu         ] GC(1269) User=0.07s Sys=0.00s Real=0.03s
[349.009s][info][gc,start       ] GC(1270) Pause Young (Allocation Failure)
[349.038s][info][gc,heap        ] GC(1270) PSYoungGen: 184384K(243712K)->6880K(252928K) Eden: 165376K(165376K)->0K(181248K) From: 19008K(78336K)->6880K(71680K)
[349.038s][info][gc,heap        ] GC(1270) ParOldGen: 424426K(667648K)->443464K(667648K)
[349.038s][info][gc,metaspace   ] GC(1270) Metaspace: 18848K(19008K)->18848K(19008K) NonClass: 17018K(17152K)->17018K(17152K) Class: 1829K(1856K)->1829K(1856K)
[349.038s][info][gc             ] GC(1270) Pause Young (Allocation Failure) 594M->439M(899M) 29.300ms
[349.038s][info][gc,cpu         ] GC(1270) User=0.06s Sys=0.00s Real=0.03s
[349.370s][info][gc,start       ] GC(1271) Pause Young (Allocation Failure)
[349.397s][info][gc,heap        ] GC(1271) PSYoungGen: 188128K(252928K)->15952K(252416K) Eden: 181248K(181248K)->0K(181248K) From: 6880K(71680K)->15952K(71168K)
[349.397s][info][gc,heap        ] GC(1271) ParOldGen: 443464K(667648K)->450309K(667648K)
[349.397s][info][gc,metaspace   ] GC(1271) Metaspace: 18848K(19008K)->18848K(19008K) NonClass: 17018K(17152K)->17018K(17152K) Class: 1829K(1856K)->1829K(1856K)
[349.397s][info][gc             ] GC(1271) Pause Young (Allocation Failure) 616M->455M(898M) 26.814ms
[349.397s][info][gc,cpu         ] GC(1271) User=0.05s Sys=0.00s Real=0.03s
[349.633s][info][gc,start       ] GC(1272) Pause Young (Allocation Failure)
[349.660s][info][gc,heap        ] GC(1272) PSYoungGen: 197200K(252416K)->14000K(259584K) Eden: 181248K(181248K)->0K(194048K) From: 15952K(71168K)->14000K(65536K)
[349.660s][info][gc,heap        ] GC(1272) ParOldGen: 450309K(667648K)->466322K(667648K)
[349.660s][info][gc,metaspace   ] GC(1272) Metaspace: 18850K(19008K)->18850K(19008K) NonClass: 17021K(17152K)->17021K(17152K) Class: 1829K(1856K)->1829K(1856K)
[349.660s][info][gc             ] GC(1272) Pause Young (Allocation Failure) 632M->469M(905M) 27.438ms
[349.660s][info][gc,cpu         ] GC(1272) User=0.06s Sys=0.00s Real=0.02s
[349.767s][info][gc,start       ] GC(1273) Pause Young (Allocation Failure)
[349.838s][info][gc,heap        ] GC(1273) PSYoungGen: 208048K(259584K)->63984K(258048K) Eden: 194048K(194048K)->0K(194048K) From: 14000K(65536K)->63984K(64000K)
[349.838s][info][gc,heap        ] GC(1273) ParOldGen: 466322K(667648K)->487538K(667648K)
[349.838s][info][gc,metaspace   ] GC(1273) Metaspace: 18850K(19008K)->18850K(19008K) NonClass: 17021K(17152K)->17021K(17152K) Class: 1829K(1856K)->1829K(1856K)
[349.838s][info][gc             ] GC(1273) Pause Young (Allocation Failure) 658M->538M(904M) 70.810ms
[349.838s][info][gc,cpu         ] GC(1273) User=0.14s Sys=0.00s Real=0.07s
[350.194s][info][gc,start       ] GC(1274) Pause Young (Allocation Failure)
[350.262s][info][gc,heap        ] GC(1274) PSYoungGen: 258032K(258048K)->10847K(248832K) Eden: 194048K(194048K)->0K(173056K) From: 63984K(64000K)->10847K(75776K)
[350.262s][info][gc,heap        ] GC(1274) ParOldGen: 487538K(667648K)->552170K(667648K)
[350.262s][info][gc,metaspace   ] GC(1274) Metaspace: 18851K(19008K)->18851K(19008K) NonClass: 17021K(17152K)->17021K(17152K) Class: 1829K(1856K)->1829K(1856K)
[350.262s][info][gc             ] GC(1274) Pause Young (Allocation Failure) 728M->549M(895M) 68.166ms
[350.262s][info][gc,cpu         ] GC(1274) User=0.13s Sys=0.00s Real=0.07s
[350.460s][info][gc,start       ] GC(1275) Pause Young (Allocation Failure)
[350.525s][info][gc,heap        ] GC(1275) PSYoungGen: 183903K(248832K)->40704K(214016K) Eden: 173056K(173056K)->0K(173056K) From: 10847K(75776K)->40704K(40960K)
[350.525s][info][gc,heap        ] GC(1275) ParOldGen: 552170K(667648K)->562513K(667648K)
[350.525s][info][gc,metaspace   ] GC(1275) Metaspace: 18851K(19008K)->18851K(19008K) NonClass: 17021K(17152K)->17021K(17152K) Class: 1829K(1856K)->1829K(1856K)
[350.525s][info][gc             ] GC(1275) Pause Young (Allocation Failure) 718M->589M(861M) 65.085ms
[350.525s][info][gc,cpu         ] GC(1275) User=0.13s Sys=0.00s Real=0.07s
[350.695s][info][gc,start       ] GC(1276) Pause Young (Allocation Failure)
[350.755s][info][gc,heap        ] GC(1276) PSYoungGen: 213760K(214016K)->15392K(256512K) Eden: 173056K(173056K)->0K(175616K) From: 40704K(40960K)->15392K(80896K)
[350.755s][info][gc,heap        ] GC(1276) ParOldGen: 562513K(667648K)->602785K(667648K)
[350.755s][info][gc,metaspace   ] GC(1276) Metaspace: 18851K(19008K)->18851K(19008K) NonClass: 17021K(17152K)->17021K(17152K) Class: 1829K(1856K)->1829K(1856K)
[350.755s][info][gc             ] GC(1276) Pause Young (Allocation Failure) 758M->603M(902M) 59.817ms
[350.755s][info][gc,cpu         ] GC(1276) User=0.12s Sys=0.00s Real=0.06s
[350.934s][info][gc,start       ] GC(1277) Pause Young (Allocation Failure)
[350.965s][info][gc,heap        ] GC(1277) PSYoungGen: 191008K(256512K)->864K(176640K) Eden: 175616K(175616K)->0K(175616K) From: 15392K(80896K)->864K(1024K)
[350.965s][info][gc,heap        ] GC(1277) ParOldGen: 602785K(667648K)->618201K(667648K)
[350.965s][info][gc,metaspace   ] GC(1277) Metaspace: 18851K(19008K)->18851K(19008K) NonClass: 17021K(17152K)->17021K(17152K) Class: 1829K(1856K)->1829K(1856K)
[350.965s][info][gc             ] GC(1277) Pause Young (Allocation Failure) 775M->604M(824M) 30.954ms
[350.965s][info][gc,cpu         ] GC(1277) User=0.06s Sys=0.00s Real=0.03s
[351.134s][info][gc,start       ] GC(1278) Pause Full (Allocation Failure)
[351.134s][info][gc,phases,start] GC(1278) Marking Phase
[351.396s][info][gc,phases      ] GC(1278) Marking Phase 262.499ms
[351.397s][info][gc,phases,start] GC(1278) Summary Phase
[351.397s][info][gc,phases      ] GC(1278) Summary Phase 0.040ms
[351.397s][info][gc,phases,start] GC(1278) Forward
[351.474s][info][gc,phases      ] GC(1278) Forward 77.019ms
[351.474s][info][gc,phases,start] GC(1278) Adjust Pointers
[351.681s][info][gc,phases      ] GC(1278) Adjust Pointers 207.538ms
[351.681s][info][gc,phases,start] GC(1278) Compaction Phase
[351.797s][info][gc,phases      ] GC(1278) Compaction Phase 116.061ms
[351.804s][info][gc,phases,start] GC(1278) Post Compact
[351.806s][info][gc,phases      ] GC(1278) Post Compact 2.333ms
[351.807s][info][gc,heap        ] GC(1278) PSYoungGen: 176480K(176640K)->0K(251904K) Eden: 175616K(175616K)->0K(175616K) From: 864K(1024K)->0K(76288K)
[351.807s][info][gc,heap        ] GC(1278) ParOldGen: 618201K(667648K)->385501K(667648K)
[351.807s][info][gc,metaspace   ] GC(1278) Metaspace: 18851K(19008K)->18851K(19008K) NonClass: 17021K(17152K)->17021K(17152K) Class: 1829K(1856K)->1829K(1856K)
[351.807s][info][gc             ] GC(1278) Pause Full (Allocation Failure) 776M->376M(898M) 672.737ms
[351.807s][info][gc,cpu         ] GC(1278) User=1.28s Sys=0.00s Real=0.67s
[351.928s][info][gc,start       ] GC(1279) Pause Young (Allocation Failure)
[351.972s][info][gc,heap        ] GC(1279) PSYoungGen: 175616K(251904K)->56802K(232448K) Eden: 175616K(175616K)->0K(175616K) From: 0K(76288K)->56802K(56832K)
[351.972s][info][gc,heap        ] GC(1279) ParOldGen: 385501K(667648K)->385501K(667648K)
[351.972s][info][gc,metaspace   ] GC(1279) Metaspace: 18851K(19008K)->18851K(19008K) NonClass: 17021K(17152K)->17021K(17152K) Class: 1829K(1856K)->1829K(1856K)
[351.972s][info][gc             ] GC(1279) Pause Young (Allocation Failure) 547M->431M(879M) 44.051ms
[351.972s][info][gc,cpu         ] GC(1279) User=0.09s Sys=0.00s Real=0.04s
[352.177s][info][gc,start       ] GC(1280) Pause Young (Allocation Failure)
[352.257s][info][gc,heap        ] GC(1280) PSYoungGen: 232418K(232448K)->49504K(244224K) Eden: 175616K(175616K)->0K(160768K) From: 56802K(56832K)->49504K(83456K)
[352.257s][info][gc,heap        ] GC(1280) ParOldGen: 385501K(667648K)->442875K(667648K)
[352.257s][info][gc,metaspace   ] GC(1280) Metaspace: 18851K(19008K)->18851K(19008K) NonClass: 17021K(17152K)->17021K(17152K) Class: 1829K(1856K)->1829K(1856K)
[352.257s][info][gc             ] GC(1280) Pause Young (Allocation Failure) 603M->480M(890M) 80.023ms
[352.257s][info][gc,cpu         ] GC(1280) User=0.15s Sys=0.00s Real=0.08s
[352.493s][info][gc,start       ] GC(1281) Pause Young (Allocation Failure)
[352.577s][info][gc,heap        ] GC(1281) PSYoungGen: 210272K(244224K)->25728K(186880K) Eden: 160768K(160768K)->0K(160768K) From: 49504K(83456K)->25728K(26112K)
[352.577s][info][gc,heap        ] GC(1281) ParOldGen: 442875K(667648K)->492820K(667648K)
[352.577s][info][gc,metaspace   ] GC(1281) Metaspace: 18851K(19008K)->18851K(19008K) NonClass: 17021K(17152K)->17021K(17152K) Class: 1829K(1856K)->1829K(1856K)
[352.577s][info][gc             ] GC(1281) Pause Young (Allocation Failure) 637M->506M(834M) 83.577ms
[352.577s][info][gc,cpu         ] GC(1281) User=0.17s Sys=0.00s Real=0.08s
[352.769s][info][gc,start       ] GC(1282) Pause Young (Allocation Failure)
[352.840s][info][gc,heap        ] GC(1282) PSYoungGen: 186496K(186880K)->34496K(248320K) Eden: 160768K(160768K)->0K(166912K) From: 25728K(26112K)->34496K(81408K)
[352.840s][info][gc,heap        ] GC(1282) ParOldGen: 492820K(667648K)->518612K(667648K)
[352.840s][info][gc,metaspace   ] GC(1282) Metaspace: 18851K(19008K)->18851K(19008K) NonClass: 17021K(17152K)->17021K(17152K) Class: 1829K(1856K)->1829K(1856K)
[352.840s][info][gc             ] GC(1282) Pause Young (Allocation Failure) 663M->540M(894M) 71.316ms
[352.840s][info][gc,cpu         ] GC(1282) User=0.14s Sys=0.00s Real=0.07s
[352.976s][info][gc,start       ] GC(1283) Pause Young (Allocation Failure)
[353.015s][info][gc,heap        ] GC(1283) PSYoungGen: 201408K(248320K)->4416K(245248K) Eden: 166912K(166912K)->0K(166912K) From: 34496K(81408K)->4416K(78336K)
[353.015s][info][gc,heap        ] GC(1283) ParOldGen: 518612K(667648K)->552980K(667648K)
[353.015s][info][gc,metaspace   ] GC(1283) Metaspace: 18851K(19008K)->18851K(19008K) NonClass: 17021K(17152K)->17021K(17152K) Class: 1829K(1856K)->1829K(1856K)
[353.015s][info][gc             ] GC(1283) Pause Young (Allocation Failure) 703M->544M(891M) 39.112ms
[353.015s][info][gc,cpu         ] GC(1283) User=0.08s Sys=0.00s Real=0.04s
[353.198s][info][gc,start       ] GC(1284) Pause Young (Allocation Failure)
[353.213s][info][gc,heap        ] GC(1284) PSYoungGen: 171328K(245248K)->3648K(252416K) Eden: 166912K(166912K)->0K(175104K) From: 4416K(78336K)->3648K(77312K)
[353.213s][info][gc,heap        ] GC(1284) ParOldGen: 552980K(667648K)->557364K(667648K)
[353.213s][info][gc,metaspace   ] GC(1284) Metaspace: 18851K(19008K)->18851K(19008K) NonClass: 17021K(17152K)->17021K(17152K) Class: 1829K(1856K)->1829K(1856K)
[353.213s][info][gc             ] GC(1284) Pause Young (Allocation Failure) 707M->547M(898M) 15.650ms
[353.213s][info][gc,cpu         ] GC(1284) User=0.03s Sys=0.00s Real=0.02s
[353.438s][info][gc,start       ] GC(1285) Pause Young (Allocation Failure)
[353.458s][info][gc,heap        ] GC(1285) PSYoungGen: 178752K(252416K)->11008K(251392K) Eden: 175104K(175104K)->0K(175104K) From: 3648K(77312K)->11008K(76288K)
[353.458s][info][gc,heap        ] GC(1285) ParOldGen: 557364K(667648K)->561004K(667648K)
[353.458s][info][gc,metaspace   ] GC(1285) Metaspace: 18851K(19008K)->18851K(19008K) NonClass: 17021K(17152K)->17021K(17152K) Class: 1829K(1856K)->1829K(1856K)
[353.458s][info][gc             ] GC(1285) Pause Young (Allocation Failure) 718M->558M(897M) 20.386ms
[353.458s][info][gc,cpu         ] GC(1285) User=0.04s Sys=0.00s Real=0.02s
[353.764s][info][gc,start       ] GC(1286) Pause Young (Allocation Failure)
[353.796s][info][gc,heap        ] GC(1286) PSYoungGen: 186112K(251392K)->18848K(253440K) Eden: 175104K(175104K)->0K(184320K) From: 11008K(76288K)->18848K(69120K)
[353.796s][info][gc,heap        ] GC(1286) ParOldGen: 561004K(667648K)->572036K(667648K)
[353.796s][info][gc,metaspace   ] GC(1286) Metaspace: 18851K(19008K)->18851K(19008K) NonClass: 17021K(17152K)->17021K(17152K) Class: 1829K(1856K)->1829K(1856K)
[353.796s][info][gc             ] GC(1286) Pause Young (Allocation Failure) 729M->577M(899M) 32.018ms
[353.796s][info][gc,cpu         ] GC(1286) User=0.07s Sys=0.00s Real=0.03s
[354.305s][info][gc,start       ] GC(1287) Pause Young (Allocation Failure)
[354.324s][info][gc,heap        ] GC(1287) PSYoungGen: 203168K(253440K)->18896K(253440K) Eden: 184320K(184320K)->0K(184320K) From: 18848K(69120K)->18896K(69120K)
[354.324s][info][gc,heap        ] GC(1287) ParOldGen: 572036K(667648K)->572036K(667648K)
[354.324s][info][gc,metaspace   ] GC(1287) Metaspace: 18851K(19008K)->18851K(19008K) NonClass: 17021K(17152K)->17021K(17152K) Class: 1829K(1856K)->1829K(1856K)
[354.324s][info][gc             ] GC(1287) Pause Young (Allocation Failure) 757M->577M(899M) 19.320ms
[354.324s][info][gc,cpu         ] GC(1287) User=0.04s Sys=0.00s Real=0.02s
[354.777s][info][gc,start       ] GC(1288) Pause Young (Allocation Failure)
[354.797s][info][gc,heap        ] GC(1288) PSYoungGen: 203216K(253440K)->18896K(258560K) Eden: 184320K(184320K)->0K(198144K) From: 18896K(69120K)->18896K(60416K)
[354.797s][info][gc,heap        ] GC(1288) ParOldGen: 572036K(667648K)->572036K(667648K)
[354.797s][info][gc,metaspace   ] GC(1288) Metaspace: 18851K(19008K)->18851K(19008K) NonClass: 17021K(17152K)->17021K(17152K) Class: 1829K(1856K)->1829K(1856K)
[354.797s][info][gc             ] GC(1288) Pause Young (Allocation Failure) 757M->577M(904M) 19.889ms
[354.797s][info][gc,cpu         ] GC(1288) User=0.04s Sys=0.00s Real=0.02s
[355.256s][info][gc,start       ] GC(1289) Pause Young (Allocation Failure)
[355.285s][info][gc,heap        ] GC(1289) PSYoungGen: 217040K(258560K)->18912K(259584K) Eden: 198144K(198144K)->0K(198144K) From: 18896K(60416K)->18912K(61440K)
[355.285s][info][gc,heap        ] GC(1289) ParOldGen: 572036K(667648K)->572036K(667648K)
[355.285s][info][gc,metaspace   ] GC(1289) Metaspace: 18851K(19008K)->18851K(19008K) NonClass: 17021K(17152K)->17021K(17152K) Class: 1829K(1856K)->1829K(1856K)
[355.285s][info][gc             ] GC(1289) Pause Young (Allocation Failure) 770M->577M(905M) 28.784ms
[355.285s][info][gc,cpu         ] GC(1289) User=0.06s Sys=0.00s Real=0.03s
[355.607s][info][gc,start       ] GC(1290) Pause Young (Allocation Failure)
[355.644s][info][gc,heap        ] GC(1290) PSYoungGen: 217056K(259584K)->44528K(264704K) Eden: 198144K(198144K)->0K(206848K) From: 18912K(61440K)->44528K(57856K)
[355.644s][info][gc,heap        ] GC(1290) ParOldGen: 572036K(667648K)->572036K(667648K)
[355.644s][info][gc,metaspace   ] GC(1290) Metaspace: 18851K(19008K)->18851K(19008K) NonClass: 17021K(17152K)->17021K(17152K) Class: 1829K(1856K)->1829K(1856K)
[355.644s][info][gc             ] GC(1290) Pause Young (Allocation Failure) 770M->602M(910M) 37.357ms
[355.644s][info][gc,cpu         ] GC(1290) User=0.07s Sys=0.00s Real=0.04s
[355.883s][info][gc,start       ] GC(1291) Pause Young (Allocation Failure)
[355.959s][info][gc,heap        ] GC(1291) PSYoungGen: 251376K(264704K)->62960K(269824K) Eden: 206848K(206848K)->0K(206848K) From: 44528K(57856K)->62960K(62976K)
[355.959s][info][gc,heap        ] GC(1291) ParOldGen: 572036K(667648K)->607180K(667648K)
[355.959s][info][gc,metaspace   ] GC(1291) Metaspace: 18851K(19008K)->18851K(19008K) NonClass: 17021K(17152K)->17021K(17152K) Class: 1829K(1856K)->1829K(1856K)
[355.959s][info][gc             ] GC(1291) Pause Young (Allocation Failure) 804M->654M(915M) 76.028ms
[355.959s][info][gc,cpu         ] GC(1291) User=0.15s Sys=0.00s Real=0.07s
[356.225s][info][gc,start       ] GC(1292) Pause Young (Allocation Failure)
[356.342s][info][gc,heap        ] GC(1292) PSYoungGen: 269808K(269824K)->63984K(185856K) Eden: 206848K(206848K)->0K(121856K) From: 62960K(62976K)->63984K(64000K)
[356.342s][info][gc,heap        ] GC(1292) ParOldGen: 607180K(667648K)->642204K(667648K)
[356.342s][info][gc,metaspace   ] GC(1292) Metaspace: 18851K(19008K)->18851K(19008K) NonClass: 17021K(17152K)->17021K(17152K) Class: 1829K(1856K)->1829K(1856K)
[356.342s][info][gc             ] GC(1292) Pause Young (Allocation Failure) 856M->689M(833M) 117.839ms
[356.342s][info][gc,cpu         ] GC(1292) User=0.20s Sys=0.03s Real=0.12s
[356.467s][info][gc,start       ] GC(1293) Pause Full (Allocation Failure)
[356.467s][info][gc,phases,start] GC(1293) Marking Phase
[356.948s][info][gc,phases      ] GC(1293) Marking Phase 480.607ms
[356.948s][info][gc,phases,start] GC(1293) Summary Phase
[356.948s][info][gc,phases      ] GC(1293) Summary Phase 0.028ms
[356.948s][info][gc,phases,start] GC(1293) Forward
[357.071s][info][gc,phases      ] GC(1293) Forward 123.725ms
[357.071s][info][gc,phases,start] GC(1293) Adjust Pointers
[357.455s][info][gc,phases      ] GC(1293) Adjust Pointers 384.031ms
[357.456s][info][gc,phases,start] GC(1293) Compaction Phase
[357.668s][info][gc,phases      ] GC(1293) Compaction Phase 212.644ms
[357.679s][info][gc,phases,start] GC(1293) Post Compact
[357.681s][info][gc,phases      ] GC(1293) Post Compact 2.505ms
[357.681s][info][gc,heap        ] GC(1293) PSYoungGen: 185840K(185856K)->31672K(185856K) Eden: 121856K(121856K)->0K(121856K) From: 63984K(64000K)->31672K(64000K)
[357.681s][info][gc,heap        ] GC(1293) ParOldGen: 642204K(667648K)->667286K(667648K)
[357.681s][info][gc,metaspace   ] GC(1293) Metaspace: 18851K(19008K)->18851K(19008K) NonClass: 17021K(17152K)->17021K(17152K) Class: 1829K(1856K)->1829K(1856K)
[357.681s][info][gc             ] GC(1293) Pause Full (Allocation Failure) 808M->682M(833M) 1214.326ms
[357.681s][info][gc,cpu         ] GC(1293) User=2.36s Sys=0.01s Real=1.21s
[357.817s][info][gc,start       ] GC(1294) Pause Full (Allocation Failure)
[357.817s][info][gc,phases,start] GC(1294) Marking Phase
[358.197s][info][gc,phases      ] GC(1294) Marking Phase 379.780ms
[358.197s][info][gc,phases,start] GC(1294) Summary Phase
[358.197s][info][gc,phases      ] GC(1294) Summary Phase 0.029ms
[358.197s][info][gc,phases,start] GC(1294) Forward
[358.311s][info][gc,phases      ] GC(1294) Forward 113.669ms
[358.311s][info][gc,phases,start] GC(1294) Adjust Pointers
[358.602s][info][gc,phases      ] GC(1294) Adjust Pointers 291.098ms
[358.602s][info][gc,phases,start] GC(1294) Compaction Phase
[358.776s][info][gc,phases      ] GC(1294) Compaction Phase 173.974ms
[358.786s][info][gc,phases,start] GC(1294) Post Compact
[358.789s][info][metaspace      ] ChkMgr @0x00007f062803aa80 (non-class-space): : reclaiming memory...
[358.789s][info][metaspace      ] ChkMgr @0x00007f062803aa80 (non-class-space): nothing reclaimed.
[358.789s][info][metaspace      ] ChkMgr @0x00007f062803a890 (class-space): : reclaiming memory...
[358.789s][info][metaspace      ] ChkMgr @0x00007f062803a890 (class-space): nothing reclaimed.
[358.789s][info][gc,phases      ] GC(1294) Post Compact 2.508ms
[358.789s][info][gc,heap        ] GC(1294) PSYoungGen: 153528K(185856K)->0K(227840K) Eden: 121856K(121856K)->0K(121856K) From: 31672K(64000K)->0K(105984K)
[358.789s][info][gc,heap        ] GC(1294) ParOldGen: 667286K(667648K)->544196K(667648K)
[358.789s][info][gc,metaspace   ] GC(1294) Metaspace: 18851K(19008K)->18828K(19008K) NonClass: 17021K(17152K)->16998K(17152K) Class: 1829K(1856K)->1829K(1856K)
[358.789s][info][gc             ] GC(1294) Pause Full (Allocation Failure) 801M->531M(874M) 972.019ms
[358.789s][info][gc,cpu         ] GC(1294) User=1.85s Sys=0.00s Real=0.97s
[358.900s][info][gc,start       ] GC(1295) Pause Young (Allocation Failure)
[358.908s][info][gc,heap        ] GC(1295) PSYoungGen: 121856K(227840K)->704K(226816K) Eden: 121856K(121856K)->0K(121856K) From: 0K(105984K)->704K(104960K)
[358.908s][info][gc,heap        ] GC(1295) ParOldGen: 544196K(667648K)->544196K(667648K)
[358.908s][info][gc,metaspace   ] GC(1295) Metaspace: 18828K(19008K)->18828K(19008K) NonClass: 16998K(17152K)->16998K(17152K) Class: 1829K(1856K)->1829K(1856K)
[358.908s][info][gc             ] GC(1295) Pause Young (Allocation Failure) 650M->532M(873M) 8.406ms
[358.908s][info][gc,cpu         ] GC(1295) User=0.02s Sys=0.00s Real=0.01s
[359.024s][info][gc,start       ] GC(1296) Pause Young (Allocation Failure)
[359.033s][info][gc,heap        ] GC(1296) PSYoungGen: 122560K(226816K)->2688K(227328K) Eden: 121856K(121856K)->0K(121856K) From: 704K(104960K)->2688K(105472K)
[359.033s][info][gc,heap        ] GC(1296) ParOldGen: 544196K(667648K)->544196K(667648K)
[359.033s][info][gc,metaspace   ] GC(1296) Metaspace: 18828K(19008K)->18828K(19008K) NonClass: 16998K(17152K)->16998K(17152K) Class: 1829K(1856K)->1829K(1856K)
[359.033s][info][gc             ] GC(1296) Pause Young (Allocation Failure) 651M->534M(874M) 8.641ms
[359.033s][info][gc,cpu         ] GC(1296) User=0.02s Sys=0.00s Real=0.01s
[359.167s][info][gc,start       ] GC(1297) Pause Young (Allocation Failure)
[359.176s][info][gc,heap        ] GC(1297) PSYoungGen: 124544K(227328K)->5707K(223232K) Eden: 121856K(121856K)->0K(124416K) From: 2688K(105472K)->5707K(98816K)
[359.176s][info][gc,heap        ] GC(1297) ParOldGen: 544196K(667648K)->544196K(667648K)
[359.176s][info][gc,metaspace   ] GC(1297) Metaspace: 18828K(19008K)->18828K(19008K) NonClass: 16998K(17152K)->16998K(17152K) Class: 1829K(1856K)->1829K(1856K)
[359.176s][info][gc             ] GC(1297) Pause Young (Allocation Failure) 653M->537M(870M) 8.909ms
[359.176s][info][gc,cpu         ] GC(1297) User=0.02s Sys=0.00s Real=0.01s
[359.292s][info][gc,start       ] GC(1298) Pause Young (Allocation Failure)
[359.320s][info][gc,heap        ] GC(1298) PSYoungGen: 130123K(223232K)->26203K(225280K) Eden: 124416K(124416K)->0K(124416K) From: 5707K(98816K)->26203K(100864K)
[359.320s][info][gc,heap        ] GC(1298) ParOldGen: 544196K(667648K)->544196K(667648K)
[359.320s][info][gc,metaspace   ] GC(1298) Metaspace: 18829K(19008K)->18829K(19008K) NonClass: 16999K(17152K)->16999K(17152K) Class: 1829K(1856K)->1829K(1856K)
[359.320s][info][gc             ] GC(1298) Pause Young (Allocation Failure) 658M->557M(872M) 27.681ms
[359.320s][info][gc,cpu         ] GC(1298) User=0.05s Sys=0.00s Real=0.02s
[359.440s][info][gc,start       ] GC(1299) Pause Young (Allocation Failure)
[359.483s][info][gc,heap        ] GC(1299) PSYoungGen: 150619K(225280K)->45419K(225792K) Eden: 124416K(124416K)->0K(131584K) From: 26203K(100864K)->45419K(94208K)
[359.483s][info][gc,heap        ] GC(1299) ParOldGen: 544196K(667648K)->544196K(667648K)
[359.483s][info][gc,metaspace   ] GC(1299) Metaspace: 18830K(19008K)->18830K(19008K) NonClass: 17001K(17152K)->17001K(17152K) Class: 1829K(1856K)->1829K(1856K)
[359.483s][info][gc             ] GC(1299) Pause Young (Allocation Failure) 678M->575M(872M) 43.059ms
[359.483s][info][gc,cpu         ] GC(1299) User=0.09s Sys=0.00s Real=0.05s
[359.593s][info][gc,start       ] GC(1300) Pause Young (Allocation Failure)
[359.647s][info][gc,heap        ] GC(1300) PSYoungGen: 177003K(225792K)->56460K(225280K) Eden: 131584K(131584K)->0K(131584K) From: 45419K(94208K)->56460K(93696K)
[359.647s][info][gc,heap        ] GC(1300) ParOldGen: 544196K(667648K)->544196K(667648K)
[359.647s][info][gc,metaspace   ] GC(1300) Metaspace: 18832K(19008K)->18832K(19008K) NonClass: 17003K(17152K)->17003K(17152K) Class: 1829K(1856K)->1829K(1856K)
[359.647s][info][gc             ] GC(1300) Pause Young (Allocation Failure) 704M->586M(872M) 54.004ms
[359.647s][info][gc,cpu         ] GC(1300) User=0.10s Sys=0.00s Real=0.05s
[359.826s][info][gc,start       ] GC(1301) Pause Young (Allocation Failure)
[359.892s][info][gc,heap        ] GC(1301) PSYoungGen: 188044K(225280K)->69452K(222208K) Eden: 131584K(131584K)->0K(124928K) From: 56460K(93696K)->69452K(97280K)
[359.892s][info][gc,heap        ] GC(1301) ParOldGen: 544196K(667648K)->544196K(667648K)
[359.892s][info][gc,metaspace   ] GC(1301) Metaspace: 18832K(19008K)->18832K(19008K) NonClass: 17003K(17152K)->17003K(17152K) Class: 1829K(1856K)->1829K(1856K)
[359.892s][info][gc             ] GC(1301) Pause Young (Allocation Failure) 715M->599M(869M) 66.831ms
[359.892s][info][gc,cpu         ] GC(1301) User=0.13s Sys=0.00s Real=0.07s
[360.041s][info][gc,start       ] GC(1302) Pause Young (Allocation Failure)
[360.111s][info][gc,heap        ] GC(1302) PSYoungGen: 194380K(222208K)->75003K(200192K) Eden: 124928K(124928K)->0K(124928K) From: 69452K(97280K)->75003K(75264K)
[360.111s][info][gc,heap        ] GC(1302) ParOldGen: 544196K(667648K)->544196K(667648K)
[360.111s][info][gc,metaspace   ] GC(1302) Metaspace: 18832K(19008K)->18832K(19008K) NonClass: 17003K(17152K)->17003K(17152K) Class: 1829K(1856K)->1829K(1856K)
[360.111s][info][gc             ] GC(1302) Pause Young (Allocation Failure) 721M->604M(847M) 69.612ms
[360.111s][info][gc,cpu         ] GC(1302) User=0.14s Sys=0.00s Real=0.07s
[360.363s][info][gc,start       ] GC(1303) Pause Young (Allocation Failure)
[360.437s][info][gc,heap        ] GC(1303) PSYoungGen: 199931K(200192K)->78283K(222720K) Eden: 124928K(124928K)->0K(111616K) From: 75003K(75264K)->78283K(111104K)
[360.437s][info][gc,heap        ] GC(1303) ParOldGen: 544196K(667648K)->544196K(667648K)
[360.437s][info][gc,metaspace   ] GC(1303) Metaspace: 18832K(19008K)->18832K(19008K) NonClass: 17003K(17152K)->17003K(17152K) Class: 1829K(1856K)->1829K(1856K)
[360.437s][info][gc             ] GC(1303) Pause Young (Allocation Failure) 726M->607M(869M) 74.191ms
[360.437s][info][gc,cpu         ] GC(1303) User=0.15s Sys=0.00s Real=0.07s
[360.672s][info][gc,start       ] GC(1304) Pause Young (Allocation Failure)
[360.748s][info][gc,heap        ] GC(1304) PSYoungGen: 189899K(222720K)->81180K(222720K) Eden: 111616K(111616K)->0K(111616K) From: 78283K(111104K)->81180K(111104K)
[360.748s][info][gc,heap        ] GC(1304) ParOldGen: 544196K(667648K)->544884K(667648K)
[360.748s][info][gc,metaspace   ] GC(1304) Metaspace: 18832K(19008K)->18832K(19008K) NonClass: 17003K(17152K)->17003K(17152K) Class: 1829K(1856K)->1829K(1856K)
[360.748s][info][gc             ] GC(1304) Pause Young (Allocation Failure) 716M->611M(869M) 76.178ms
[360.748s][info][gc,cpu         ] GC(1304) User=0.16s Sys=0.00s Real=0.07s
[360.857s][info][gc,start       ] GC(1305) Pause Young (Allocation Failure)
[360.943s][info][gc,heap        ] GC(1305) PSYoungGen: 192796K(222720K)->89456K(222720K) Eden: 111616K(111616K)->0K(111616K) From: 81180K(111104K)->89456K(111104K)
[360.943s][info][gc,heap        ] GC(1305) ParOldGen: 544884K(667648K)->549888K(667648K)
[360.943s][info][gc,metaspace   ] GC(1305) Metaspace: 18832K(19008K)->18832K(19008K) NonClass: 17003K(17152K)->17003K(17152K) Class: 1829K(1856K)->1829K(1856K)
[360.943s][info][gc             ] GC(1305) Pause Young (Allocation Failure) 720M->624M(869M) 86.515ms
[360.943s][info][gc,cpu         ] GC(1305) User=0.17s Sys=0.00s Real=0.09s
[361.073s][info][gc,start       ] GC(1306) Pause Young (Allocation Failure)
[361.131s][info][gc,heap        ] GC(1306) PSYoungGen: 201072K(222720K)->43152K(222720K) Eden: 111616K(111616K)->0K(111616K) From: 89456K(111104K)->43152K(111104K)
[361.131s][info][gc,heap        ] GC(1306) ParOldGen: 549888K(667648K)->573225K(667648K)
[361.131s][info][gc,metaspace   ] GC(1306) Metaspace: 18832K(19008K)->18832K(19008K) NonClass: 17003K(17152K)->17003K(17152K) Class: 1829K(1856K)->1829K(1856K)
[361.131s][info][gc             ] GC(1306) Pause Young (Allocation Failure) 733M->601M(869M) 57.902ms
[361.131s][info][gc,cpu         ] GC(1306) User=0.11s Sys=0.00s Real=0.05s
[361.190s][info][gc,start       ] GC(1307) Pause Young (Allocation Failure)
[361.256s][info][gc,heap        ] GC(1307) PSYoungGen: 154768K(222720K)->74688K(222720K) Eden: 111616K(111616K)->0K(111616K) From: 43152K(111104K)->74688K(111104K)
[361.256s][info][gc,heap        ] GC(1307) ParOldGen: 573225K(667648K)->583105K(667648K)
[361.257s][info][gc,metaspace   ] GC(1307) Metaspace: 18832K(19008K)->18832K(19008K) NonClass: 17003K(17152K)->17003K(17152K) Class: 1829K(1856K)->1829K(1856K)
[361.257s][info][gc             ] GC(1307) Pause Young (Allocation Failure) 710M->642M(869M) 66.341ms
[361.257s][info][gc,cpu         ] GC(1307) User=0.13s Sys=0.00s Real=0.07s
[361.452s][info][gc,start       ] GC(1308) Pause Young (Allocation Failure)
[361.514s][info][gc,heap        ] GC(1308) PSYoungGen: 186304K(222720K)->93856K(222720K) Eden: 111616K(111616K)->0K(111616K) From: 74688K(111104K)->93856K(111104K)
[361.514s][info][gc,heap        ] GC(1308) ParOldGen: 583105K(667648K)->583329K(667648K)
[361.514s][info][gc,metaspace   ] GC(1308) Metaspace: 18832K(19008K)->18832K(19008K) NonClass: 17003K(17152K)->17003K(17152K) Class: 1829K(1856K)->1829K(1856K)
[361.514s][info][gc             ] GC(1308) Pause Young (Allocation Failure) 751M->661M(869M) 61.835ms
[361.514s][info][gc,cpu         ] GC(1308) User=0.12s Sys=0.00s Real=0.06s
[361.649s][info][gc,start       ] GC(1309) Pause Young (Allocation Failure)
[361.700s][info][gc,heap        ] GC(1309) PSYoungGen: 205472K(222720K)->80208K(222720K) Eden: 111616K(111616K)->0K(111616K) From: 93856K(111104K)->80208K(111104K)
[361.700s][info][gc,heap        ] GC(1309) ParOldGen: 583329K(667648K)->583489K(667648K)
[361.700s][info][gc,metaspace   ] GC(1309) Metaspace: 18832K(19008K)->18832K(19008K) NonClass: 17003K(17152K)->17003K(17152K) Class: 1829K(1856K)->1829K(1856K)
[361.700s][info][gc             ] GC(1309) Pause Young (Allocation Failure) 770M->648M(869M) 51.021ms
[361.700s][info][gc,cpu         ] GC(1309) User=0.10s Sys=0.01s Real=0.05s
[361.841s][info][gc,start       ] GC(1310) Pause Young (Allocation Failure)
[361.939s][info][gc,heap        ] GC(1310) PSYoungGen: 191824K(222720K)->56256K(222720K) Eden: 111616K(111616K)->0K(111616K) From: 80208K(111104K)->56256K(111104K)
[361.939s][info][gc,heap        ] GC(1310) ParOldGen: 583489K(667648K)->642593K(667648K)
[361.939s][info][gc,metaspace   ] GC(1310) Metaspace: 18832K(19008K)->18832K(19008K) NonClass: 17003K(17152K)->17003K(17152K) Class: 1829K(1856K)->1829K(1856K)
[361.939s][info][gc             ] GC(1310) Pause Young (Allocation Failure) 757M->682M(869M) 97.957ms
[361.939s][info][gc,cpu         ] GC(1310) User=0.20s Sys=0.00s Real=0.10s
[362.062s][info][gc,start       ] GC(1311) Pause Full (Allocation Failure)
[362.062s][info][gc,phases,start] GC(1311) Marking Phase
[362.436s][info][gc,phases      ] GC(1311) Marking Phase 373.716ms
[362.436s][info][gc,phases,start] GC(1311) Summary Phase
[362.436s][info][gc,phases      ] GC(1311) Summary Phase 0.029ms
[362.436s][info][gc,phases,start] GC(1311) Forward
[362.524s][info][gc,phases      ] GC(1311) Forward 88.041ms
[362.524s][info][gc,phases,start] GC(1311) Adjust Pointers
[362.809s][info][gc,phases      ] GC(1311) Adjust Pointers 285.119ms
[362.809s][info][gc,phases,start] GC(1311) Compaction Phase
[362.959s][info][gc,phases      ] GC(1311) Compaction Phase 149.672ms
[362.966s][info][gc,phases,start] GC(1311) Post Compact
[362.968s][info][gc,phases      ] GC(1311) Post Compact 2.381ms
[362.968s][info][gc,heap        ] GC(1311) PSYoungGen: 167872K(222720K)->0K(222720K) Eden: 111616K(111616K)->0K(111616K) From: 56256K(111104K)->0K(111104K)
[362.968s][info][gc,heap        ] GC(1311) ParOldGen: 642593K(667648K)->540766K(667648K)
[362.968s][info][gc,metaspace   ] GC(1311) Metaspace: 18832K(19008K)->18832K(19008K) NonClass: 17003K(17152K)->17003K(17152K) Class: 1829K(1856K)->1829K(1856K)
[362.969s][info][gc             ] GC(1311) Pause Full (Allocation Failure) 791M->528M(869M) 906.803ms
[362.969s][info][gc,cpu         ] GC(1311) User=1.72s Sys=0.00s Real=0.90s
[363.074s][info][gc,start       ] GC(1312) Pause Young (Allocation Failure)
[363.083s][info][gc,heap        ] GC(1312) PSYoungGen: 111616K(222720K)->4256K(222720K) Eden: 111616K(111616K)->0K(111616K) From: 0K(111104K)->4256K(111104K)
[363.083s][info][gc,heap        ] GC(1312) ParOldGen: 540766K(667648K)->540766K(667648K)
[363.083s][info][gc,metaspace   ] GC(1312) Metaspace: 18832K(19008K)->18832K(19008K) NonClass: 17003K(17152K)->17003K(17152K) Class: 1829K(1856K)->1829K(1856K)
[363.083s][info][gc             ] GC(1312) Pause Young (Allocation Failure) 637M->532M(869M) 9.089ms
[363.083s][info][gc,cpu         ] GC(1312) User=0.02s Sys=0.00s Real=0.01s
[363.180s][info][gc,start       ] GC(1313) Pause Young (Allocation Failure)
[363.190s][info][gc,heap        ] GC(1313) PSYoungGen: 115872K(222720K)->672K(222720K) Eden: 111616K(111616K)->0K(111616K) From: 4256K(111104K)->672K(111104K)
[363.190s][info][gc,heap        ] GC(1313) ParOldGen: 540766K(667648K)->545022K(667648K)
[363.190s][info][gc,metaspace   ] GC(1313) Metaspace: 18832K(19008K)->18832K(19008K) NonClass: 17003K(17152K)->17003K(17152K) Class: 1829K(1856K)->1829K(1856K)
[363.190s][info][gc             ] GC(1313) Pause Young (Allocation Failure) 641M->532M(869M) 9.812ms
[363.190s][info][gc,cpu         ] GC(1313) User=0.02s Sys=0.00s Real=0.01s
[363.301s][info][gc,start       ] GC(1314) Pause Young (Allocation Failure)
[363.308s][info][gc,heap        ] GC(1314) PSYoungGen: 112288K(222720K)->576K(222720K) Eden: 111616K(111616K)->0K(111616K) From: 672K(111104K)->576K(111104K)
[363.308s][info][gc,heap        ] GC(1314) ParOldGen: 545022K(667648K)->545678K(667648K)
[363.308s][info][gc,metaspace   ] GC(1314) Metaspace: 18832K(19008K)->18832K(19008K) NonClass: 17003K(17152K)->17003K(17152K) Class: 1829K(1856K)->1829K(1856K)
[363.308s][info][gc             ] GC(1314) Pause Young (Allocation Failure) 641M->533M(869M) 6.759ms
[363.308s][info][gc,cpu         ] GC(1314) User=0.01s Sys=0.00s Real=0.01s
[363.427s][info][gc,start       ] GC(1315) Pause Young (Allocation Failure)
[363.434s][info][gc,heap        ] GC(1315) PSYoungGen: 112192K(222720K)->3936K(222720K) Eden: 111616K(111616K)->0K(111616K) From: 576K(111104K)->3936K(111104K)
[363.434s][info][gc,heap        ] GC(1315) ParOldGen: 545678K(667648K)->546214K(667648K)
[363.434s][info][gc,metaspace   ] GC(1315) Metaspace: 18832K(19008K)->18832K(19008K) NonClass: 17003K(17152K)->17003K(17152K) Class: 1829K(1856K)->1829K(1856K)
[363.434s][info][gc             ] GC(1315) Pause Young (Allocation Failure) 642M->537M(869M) 7.570ms
[363.434s][info][gc,cpu         ] GC(1315) User=0.01s Sys=0.00s Real=0.01s
[363.619s][info][gc,start       ] GC(1316) Pause Young (Allocation Failure)
[363.635s][info][gc,heap        ] GC(1316) PSYoungGen: 115552K(222720K)->10640K(222720K) Eden: 111616K(111616K)->0K(111616K) From: 3936K(111104K)->10640K(111104K)
[363.635s][info][gc,heap        ] GC(1316) ParOldGen: 546214K(667648K)->550134K(667648K)
[363.635s][info][gc,metaspace   ] GC(1316) Metaspace: 18832K(19008K)->18832K(19008K) NonClass: 17003K(17152K)->17003K(17152K) Class: 1829K(1856K)->1829K(1856K)
[363.635s][info][gc             ] GC(1316) Pause Young (Allocation Failure) 646M->547M(869M) 16.526ms
[363.635s][info][gc,cpu         ] GC(1316) User=0.03s Sys=0.00s Real=0.02s
[363.766s][info][gc,start       ] GC(1317) Pause Young (Allocation Failure)
[363.797s][info][gc,heap        ] GC(1317) PSYoungGen: 122256K(222720K)->18208K(222720K) Eden: 111616K(111616K)->0K(111616K) From: 10640K(111104K)->18208K(111104K)
[363.797s][info][gc,heap        ] GC(1317) ParOldGen: 550134K(667648K)->560782K(667648K)
[363.797s][info][gc,metaspace   ] GC(1317) Metaspace: 18832K(19008K)->18832K(19008K) NonClass: 17003K(17152K)->17003K(17152K) Class: 1829K(1856K)->1829K(1856K)
[363.797s][info][gc             ] GC(1317) Pause Young (Allocation Failure) 656M->565M(869M) 31.335ms
[363.797s][info][gc,cpu         ] GC(1317) User=0.06s Sys=0.00s Real=0.03s
[364.156s][info][gc,start       ] GC(1318) Pause Young (Allocation Failure)
[364.185s][info][gc,heap        ] GC(1318) PSYoungGen: 129824K(222720K)->96K(222720K) Eden: 111616K(111616K)->0K(111616K) From: 18208K(111104K)->96K(111104K)
[364.185s][info][gc,heap        ] GC(1318) ParOldGen: 560782K(667648K)->579030K(667648K)
[364.186s][info][gc,metaspace   ] GC(1318) Metaspace: 18832K(19008K)->18832K(19008K) NonClass: 17003K(17152K)->17003K(17152K) Class: 1829K(1856K)->1829K(1856K)
[364.186s][info][gc             ] GC(1318) Pause Young (Allocation Failure) 674M->565M(869M) 29.377ms
[364.186s][info][gc,cpu         ] GC(1318) User=0.05s Sys=0.00s Real=0.03s
[364.410s][info][gc,start       ] GC(1319) Pause Young (Allocation Failure)
[364.414s][info][gc,heap        ] GC(1319) PSYoungGen: 111712K(222720K)->544K(222720K) Eden: 111616K(111616K)->0K(111616K) From: 96K(111104K)->544K(111104K)
[364.414s][info][gc,heap        ] GC(1319) ParOldGen: 579030K(667648K)->579094K(667648K)
[364.414s][info][gc,metaspace   ] GC(1319) Metaspace: 18832K(19008K)->18832K(19008K) NonClass: 17003K(17152K)->17003K(17152K) Class: 1829K(1856K)->1829K(1856K)
[364.414s][info][gc             ] GC(1319) Pause Young (Allocation Failure) 674M->566M(869M) 4.569ms
[364.414s][info][gc,cpu         ] GC(1319) User=0.01s Sys=0.00s Real=0.01s
[364.486s][info][gc,start       ] GC(1320) Pause Young (Allocation Failure)
[364.516s][info][gc,heap        ] GC(1320) PSYoungGen: 112160K(222720K)->41088K(153088K) Eden: 111616K(111616K)->0K(111616K) From: 544K(111104K)->41088K(41472K)
[364.516s][info][gc,heap        ] GC(1320) ParOldGen: 579094K(667648K)->579630K(667648K)
[364.516s][info][gc,metaspace   ] GC(1320) Metaspace: 18832K(19008K)->18832K(19008K) NonClass: 17003K(17152K)->17003K(17152K) Class: 1829K(1856K)->1829K(1856K)
[364.516s][info][gc             ] GC(1320) Pause Young (Allocation Failure) 675M->606M(801M) 30.459ms
[364.516s][info][gc,cpu         ] GC(1320) User=0.06s Sys=0.00s Real=0.03s
[364.683s][info][gc,start       ] GC(1321) Pause Young (Allocation Failure)
[364.721s][info][gc,heap        ] GC(1321) PSYoungGen: 152704K(153088K)->48928K(223232K) Eden: 111616K(111616K)->0K(112640K) From: 41088K(41472K)->48928K(110592K)
[364.721s][info][gc,heap        ] GC(1321) ParOldGen: 579630K(667648K)->579630K(667648K)
[364.721s][info][gc,metaspace   ] GC(1321) Metaspace: 18832K(19008K)->18832K(19008K) NonClass: 17003K(17152K)->17003K(17152K) Class: 1829K(1856K)->1829K(1856K)
[364.721s][info][gc             ] GC(1321) Pause Young (Allocation Failure) 715M->613M(870M) 37.803ms
[364.721s][info][gc,cpu         ] GC(1321) User=0.07s Sys=0.00s Real=0.03s
[364.882s][info][gc,start       ] GC(1322) Pause Young (Allocation Failure)
[364.927s][info][gc,heap        ] GC(1322) PSYoungGen: 161568K(223232K)->54352K(222208K) Eden: 112640K(112640K)->0K(112640K) From: 48928K(110592K)->54352K(109568K)
[364.927s][info][gc,heap        ] GC(1322) ParOldGen: 579630K(667648K)->579630K(667648K)
[364.927s][info][gc,metaspace   ] GC(1322) Metaspace: 18832K(19008K)->18832K(19008K) NonClass: 17003K(17152K)->17003K(17152K) Class: 1829K(1856K)->1829K(1856K)
[364.927s][info][gc             ] GC(1322) Pause Young (Allocation Failure) 723M->619M(869M) 45.173ms
[364.927s][info][gc,cpu         ] GC(1322) User=0.09s Sys=0.00s Real=0.04s
[365.085s][info][gc,start       ] GC(1323) Pause Young (Allocation Failure)
[365.136s][info][gc,heap        ] GC(1323) PSYoungGen: 166992K(222208K)->60880K(222208K) Eden: 112640K(112640K)->0K(111616K) From: 54352K(109568K)->60880K(110592K)
[365.136s][info][gc,heap        ] GC(1323) ParOldGen: 579630K(667648K)->579630K(667648K)
[365.136s][info][gc,metaspace   ] GC(1323) Metaspace: 18832K(19008K)->18832K(19008K) NonClass: 17003K(17152K)->17003K(17152K) Class: 1829K(1856K)->1829K(1856K)
[365.136s][info][gc             ] GC(1323) Pause Young (Allocation Failure) 729M->625M(869M) 51.456ms
[365.136s][info][gc,cpu         ] GC(1323) User=0.11s Sys=0.00s Real=0.05s
[365.259s][info][gc,start       ] GC(1324) Pause Young (Allocation Failure)
[365.328s][info][gc,heap        ] GC(1324) PSYoungGen: 172496K(222208K)->27968K(139776K) Eden: 111616K(111616K)->0K(111616K) From: 60880K(110592K)->27968K(28160K)
[365.328s][info][gc,heap        ] GC(1324) ParOldGen: 579630K(667648K)->628811K(667648K)
[365.328s][info][gc,metaspace   ] GC(1324) Metaspace: 18832K(19008K)->18832K(19008K) NonClass: 17003K(17152K)->17003K(17152K) Class: 1829K(1856K)->1829K(1856K)
[365.328s][info][gc             ] GC(1324) Pause Young (Allocation Failure) 734M->641M(788M) 68.576ms
[365.328s][info][gc,cpu         ] GC(1324) User=0.14s Sys=0.00s Real=0.07s
[365.427s][info][gc,start       ] GC(1325) Pause Full (Allocation Failure)
[365.427s][info][gc,phases,start] GC(1325) Marking Phase
[365.757s][info][gc,phases      ] GC(1325) Marking Phase 329.766ms
[365.757s][info][gc,phases,start] GC(1325) Summary Phase
[365.757s][info][gc,phases      ] GC(1325) Summary Phase 0.027ms
[365.757s][info][gc,phases,start] GC(1325) Forward
[365.864s][info][gc,phases      ] GC(1325) Forward 107.834ms
[365.865s][info][gc,phases,start] GC(1325) Adjust Pointers
[366.121s][info][gc,phases      ] GC(1325) Adjust Pointers 255.973ms
[366.121s][info][gc,phases,start] GC(1325) Compaction Phase
[366.269s][info][gc,phases      ] GC(1325) Compaction Phase 148.647ms
[366.279s][info][gc,phases,start] GC(1325) Post Compact
[366.282s][info][gc,phases      ] GC(1325) Post Compact 2.292ms
[366.282s][info][gc,heap        ] GC(1325) PSYoungGen: 139584K(139776K)->0K(218624K) Eden: 111616K(111616K)->0K(112128K) From: 27968K(28160K)->0K(106496K)
[366.282s][info][gc,heap        ] GC(1325) ParOldGen: 628811K(667648K)->482467K(667648K)
[366.282s][info][gc,metaspace   ] GC(1325) Metaspace: 18832K(19008K)->18832K(19008K) NonClass: 17003K(17152K)->17003K(17152K) Class: 1829K(1856K)->1829K(1856K)
[366.282s][info][gc             ] GC(1325) Pause Full (Allocation Failure) 750M->471M(865M) 855.077ms
[366.282s][info][gc,cpu         ] GC(1325) User=1.61s Sys=0.00s Real=0.86s
[366.416s][info][gc,start       ] GC(1326) Pause Young (Allocation Failure)
[366.422s][info][gc,heap        ] GC(1326) PSYoungGen: 112128K(218624K)->2112K(218624K) Eden: 112128K(112128K)->0K(112128K) From: 0K(106496K)->2112K(106496K)
[366.422s][info][gc,heap        ] GC(1326) ParOldGen: 482467K(667648K)->482467K(667648K)
[366.422s][info][gc,metaspace   ] GC(1326) Metaspace: 18832K(19008K)->18832K(19008K) NonClass: 17003K(17152K)->17003K(17152K) Class: 1829K(1856K)->1829K(1856K)
[366.422s][info][gc             ] GC(1326) Pause Young (Allocation Failure) 580M->473M(865M) 6.455ms
[366.422s][info][gc,cpu         ] GC(1326) User=0.01s Sys=0.00s Real=0.01s
[366.572s][info][gc,start       ] GC(1327) Pause Young (Allocation Failure)
[366.592s][info][gc,heap        ] GC(1327) PSYoungGen: 114240K(218624K)->17664K(215040K) Eden: 112128K(112128K)->0K(120320K) From: 2112K(106496K)->17664K(94720K)
[366.592s][info][gc,heap        ] GC(1327) ParOldGen: 482467K(667648K)->482467K(667648K)
[366.592s][info][gc,metaspace   ] GC(1327) Metaspace: 18832K(19008K)->18832K(19008K) NonClass: 17003K(17152K)->17003K(17152K) Class: 1829K(1856K)->1829K(1856K)
[366.592s][info][gc             ] GC(1327) Pause Young (Allocation Failure) 582M->488M(862M) 19.906ms
[366.592s][info][gc,cpu         ] GC(1327) User=0.03s Sys=0.00s Real=0.02s
[366.904s][info][gc,start       ] GC(1328) Pause Young (Allocation Failure)
[366.922s][info][gc,heap        ] GC(1328) PSYoungGen: 137984K(215040K)->17728K(220672K) Eden: 120320K(120320K)->0K(120320K) From: 17664K(94720K)->17728K(100352K)
[366.922s][info][gc,heap        ] GC(1328) ParOldGen: 482467K(667648K)->482467K(667648K)
[366.922s][info][gc,metaspace   ] GC(1328) Metaspace: 18832K(19008K)->18832K(19008K) NonClass: 17003K(17152K)->17003K(17152K) Class: 1829K(1856K)->1829K(1856K)
[366.922s][info][gc             ] GC(1328) Pause Young (Allocation Failure) 605M->488M(867M) 18.488ms
[366.922s][info][gc,cpu         ] GC(1328) User=0.04s Sys=0.00s Real=0.02s
[367.204s][info][gc,start       ] GC(1329) Pause Young (Allocation Failure)
[367.224s][info][gc,heap        ] GC(1329) PSYoungGen: 138048K(220672K)->17728K(213504K) Eden: 120320K(120320K)->0K(127488K) From: 17728K(100352K)->17728K(86016K)
[367.224s][info][gc,heap        ] GC(1329) ParOldGen: 482467K(667648K)->482467K(667648K)
[367.224s][info][gc,metaspace   ] GC(1329) Metaspace: 18832K(19008K)->18832K(19008K) NonClass: 17003K(17152K)->17003K(17152K) Class: 1829K(1856K)->1829K(1856K)
[367.224s][info][gc             ] GC(1329) Pause Young (Allocation Failure) 605M->488M(860M) 19.375ms
[367.224s][info][gc,cpu         ] GC(1329) User=0.04s Sys=0.00s Real=0.02s
[367.484s][info][gc,start       ] GC(1330) Pause Young (Allocation Failure)
[367.502s][info][gc,heap        ] GC(1330) PSYoungGen: 145216K(213504K)->17728K(218624K) Eden: 127488K(127488K)->0K(127488K) From: 17728K(86016K)->17728K(91136K)
[367.502s][info][gc,heap        ] GC(1330) ParOldGen: 482467K(667648K)->482467K(667648K)
[367.502s][info][gc,metaspace   ] GC(1330) Metaspace: 18832K(19008K)->18832K(19008K) NonClass: 17003K(17152K)->17003K(17152K) Class: 1829K(1856K)->1829K(1856K)
[367.502s][info][gc             ] GC(1330) Pause Young (Allocation Failure) 612M->488M(865M) 18.552ms
[367.502s][info][gc,cpu         ] GC(1330) User=0.04s Sys=0.00s Real=0.02s
[367.770s][info][gc,start       ] GC(1331) Pause Young (Allocation Failure)
[367.804s][info][gc,heap        ] GC(1331) PSYoungGen: 145216K(218624K)->18480K(212480K) Eden: 127488K(127488K)->0K(134144K) From: 17728K(91136K)->18480K(78336K)
[367.805s][info][gc,heap        ] GC(1331) ParOldGen: 482467K(667648K)->482467K(667648K)
[367.805s][info][gc,metaspace   ] GC(1331) Metaspace: 18832K(19008K)->18832K(19008K) NonClass: 17003K(17152K)->17003K(17152K) Class: 1829K(1856K)->1829K(1856K)
[367.805s][info][gc             ] GC(1331) Pause Young (Allocation Failure) 612M->489M(859M) 34.478ms
[367.805s][info][gc,cpu         ] GC(1331) User=0.06s Sys=0.00s Real=0.04s
[367.879s][info][gc,start       ] GC(1332) Pause Young (Allocation Failure)
[367.928s][info][gc,heap        ] GC(1332) PSYoungGen: 152624K(212480K)->61664K(216576K) Eden: 134144K(134144K)->0K(134144K) From: 18480K(78336K)->61664K(82432K)
[367.928s][info][gc,heap        ] GC(1332) ParOldGen: 482467K(667648K)->482467K(667648K)
[367.928s][info][gc,metaspace   ] GC(1332) Metaspace: 18832K(19008K)->18832K(19008K) NonClass: 17003K(17152K)->17003K(17152K) Class: 1829K(1856K)->1829K(1856K)
[367.928s][info][gc             ] GC(1332) Pause Young (Allocation Failure) 620M->531M(863M) 49.590ms
[367.928s][info][gc,cpu         ] GC(1332) User=0.09s Sys=0.00s Real=0.05s
[368.065s][info][gc,start       ] GC(1333) Pause Young (Allocation Failure)
[368.152s][info][gc,heap        ] GC(1333) PSYoungGen: 195808K(216576K)->89577K(201216K) Eden: 134144K(134144K)->0K(111616K) From: 61664K(82432K)->89577K(89600K)
[368.152s][info][gc,heap        ] GC(1333) ParOldGen: 482467K(667648K)->500299K(667648K)
[368.152s][info][gc,metaspace   ] GC(1333) Metaspace: 18832K(19008K)->18832K(19008K) NonClass: 17003K(17152K)->17003K(17152K) Class: 1829K(1856K)->1829K(1856K)
[368.152s][info][gc             ] GC(1333) Pause Young (Allocation Failure) 662M->576M(848M) 87.373ms
[368.152s][info][gc,cpu         ] GC(1333) User=0.16s Sys=0.02s Real=0.09s
[368.202s][info][gc,start       ] GC(1334) Pause Young (Allocation Failure)
[368.292s][info][gc,heap        ] GC(1334) PSYoungGen: 201193K(201216K)->111097K(222720K) Eden: 111616K(111616K)->0K(111616K) From: 89577K(89600K)->111097K(111104K)
[368.292s][info][gc,heap        ] GC(1334) ParOldGen: 500299K(667648K)->514723K(667648K)
[368.292s][info][gc,metaspace   ] GC(1334) Metaspace: 18832K(19008K)->18832K(19008K) NonClass: 17003K(17152K)->17003K(17152K) Class: 1829K(1856K)->1829K(1856K)
[368.292s][info][gc             ] GC(1334) Pause Young (Allocation Failure) 685M->611M(869M) 90.077ms
[368.292s][info][gc,cpu         ] GC(1334) User=0.18s Sys=0.00s Real=0.09s
[368.348s][info][gc,start       ] GC(1335) Pause Young (Allocation Failure)
[368.450s][info][gc,heap        ] GC(1335) PSYoungGen: 222713K(222720K)->111097K(222720K) Eden: 111615K(111616K)->0K(111616K) From: 111097K(111104K)->111097K(111104K)
[368.450s][info][gc,heap        ] GC(1335) ParOldGen: 514723K(667648K)->537939K(667648K)
[368.450s][info][gc,metaspace   ] GC(1335) Metaspace: 18832K(19008K)->18832K(19008K) NonClass: 17003K(17152K)->17003K(17152K) Class: 1829K(1856K)->1829K(1856K)
[368.450s][info][gc             ] GC(1335) Pause Young (Allocation Failure) 720M->633M(869M) 101.808ms
[368.450s][info][gc,cpu         ] GC(1335) User=0.19s Sys=0.01s Real=0.10s
[368.591s][info][gc,start       ] GC(1336) Pause Young (Allocation Failure)
[368.709s][info][gc,heap        ] GC(1336) PSYoungGen: 222713K(222720K)->111088K(222720K) Eden: 111616K(111616K)->0K(111616K) From: 111097K(111104K)->111088K(111104K)
[368.709s][info][gc,heap        ] GC(1336) ParOldGen: 537939K(667648K)->556778K(667648K)
[368.709s][info][gc,metaspace   ] GC(1336) Metaspace: 18833K(19008K)->18833K(19008K) NonClass: 17004K(17152K)->17004K(17152K) Class: 1829K(1856K)->1829K(1856K)
[368.709s][info][gc             ] GC(1336) Pause Young (Allocation Failure) 742M->652M(869M) 117.900ms
[368.709s][info][gc,cpu         ] GC(1336) User=0.24s Sys=0.00s Real=0.12s
[368.816s][info][gc,start       ] GC(1337) Pause Young (Allocation Failure)
[368.921s][info][gc,heap        ] GC(1337) PSYoungGen: 222704K(222720K)->111072K(222720K) Eden: 111616K(111616K)->0K(111616K) From: 111088K(111104K)->111072K(111104K)
[368.921s][info][gc,heap        ] GC(1337) ParOldGen: 556778K(667648K)->561469K(667648K)
[368.921s][info][gc,metaspace   ] GC(1337) Metaspace: 18833K(19008K)->18833K(19008K) NonClass: 17004K(17152K)->17004K(17152K) Class: 1829K(1856K)->1829K(1856K)
[368.921s][info][gc             ] GC(1337) Pause Young (Allocation Failure) 761M->656M(869M) 104.850ms
[368.921s][info][gc,cpu         ] GC(1337) User=0.21s Sys=0.00s Real=0.10s
[369.066s][info][gc,start       ] GC(1338) Pause Young (Allocation Failure)
[369.208s][info][gc,heap        ] GC(1338) PSYoungGen: 222688K(222720K)->100464K(222720K) Eden: 111616K(111616K)->0K(111616K) From: 111072K(111104K)->100464K(111104K)
[369.208s][info][gc,heap        ] GC(1338) ParOldGen: 561469K(667648K)->591069K(667648K)
[369.208s][info][gc,metaspace   ] GC(1338) Metaspace: 18833K(19008K)->18833K(19008K) NonClass: 17004K(17152K)->17004K(17152K) Class: 1829K(1856K)->1829K(1856K)
[369.209s][info][gc             ] GC(1338) Pause Young (Allocation Failure) 765M->675M(869M) 142.073ms
[369.209s][info][gc,cpu         ] GC(1338) User=0.27s Sys=0.00s Real=0.14s
[369.353s][info][gc,start       ] GC(1339) Pause Young (Allocation Failure)
[369.465s][info][gc,heap        ] GC(1339) PSYoungGen: 212080K(222720K)->45056K(222720K) Eden: 111616K(111616K)->0K(111616K) From: 100464K(111104K)->45056K(111104K)
[369.465s][info][gc,heap        ] GC(1339) ParOldGen: 591069K(667648K)->647116K(667648K)
[369.465s][info][gc,metaspace   ] GC(1339) Metaspace: 18833K(19008K)->18833K(19008K) NonClass: 17004K(17152K)->17004K(17152K) Class: 1829K(1856K)->1829K(1856K)
[369.465s][info][gc             ] GC(1339) Pause Young (Allocation Failure) 784M->675M(869M) 112.612ms
[369.465s][info][gc,cpu         ] GC(1339) User=0.22s Sys=0.00s Real=0.11s
[369.607s][info][gc,start       ] GC(1340) Pause Full (Allocation Failure)
[369.607s][info][gc,phases,start] GC(1340) Marking Phase
[369.941s][info][gc,phases      ] GC(1340) Marking Phase 333.348ms
[369.941s][info][gc,phases,start] GC(1340) Summary Phase
[369.941s][info][gc,phases      ] GC(1340) Summary Phase 0.028ms
[369.941s][info][gc,phases,start] GC(1340) Forward
[370.059s][info][gc,phases      ] GC(1340) Forward 118.392ms
[370.059s][info][gc,phases,start] GC(1340) Adjust Pointers
[370.338s][info][gc,phases      ] GC(1340) Adjust Pointers 278.592ms
[370.338s][info][gc,phases,start] GC(1340) Compaction Phase
[370.487s][info][gc,phases      ] GC(1340) Compaction Phase 149.291ms
[370.502s][info][gc,phases,start] GC(1340) Post Compact
[370.504s][info][gc,phases      ] GC(1340) Post Compact 2.374ms
[370.504s][info][gc,heap        ] GC(1340) PSYoungGen: 156672K(222720K)->0K(222720K) Eden: 111616K(111616K)->0K(111616K) From: 45056K(111104K)->0K(111104K)
[370.504s][info][gc,heap        ] GC(1340) ParOldGen: 647116K(667648K)->481430K(667648K)
[370.504s][info][gc,metaspace   ] GC(1340) Metaspace: 18833K(19008K)->18833K(19008K) NonClass: 17004K(17152K)->17004K(17152K) Class: 1829K(1856K)->1829K(1856K)
[370.504s][info][gc             ] GC(1340) Pause Full (Allocation Failure) 784M->470M(869M) 897.380ms
[370.504s][info][gc,cpu         ] GC(1340) User=1.68s Sys=0.01s Real=0.90s
[370.644s][info][gc,start       ] GC(1341) Pause Young (Allocation Failure)
[370.646s][info][gc,heap        ] GC(1341) PSYoungGen: 111616K(222720K)->64K(222720K) Eden: 111616K(111616K)->0K(111616K) From: 0K(111104K)->64K(111104K)
[370.646s][info][gc,heap        ] GC(1341) ParOldGen: 481430K(667648K)->481430K(667648K)
[370.646s][info][gc,metaspace   ] GC(1341) Metaspace: 18833K(19008K)->18833K(19008K) NonClass: 17004K(17152K)->17004K(17152K) Class: 1829K(1856K)->1829K(1856K)
[370.646s][info][gc             ] GC(1341) Pause Young (Allocation Failure) 579M->470M(869M) 1.656ms
[370.646s][info][gc,cpu         ] GC(1341) User=0.00s Sys=0.00s Real=0.00s
[370.785s][info][gc,start       ] GC(1342) Pause Young (Allocation Failure)
[370.787s][info][gc,heap        ] GC(1342) PSYoungGen: 111680K(222720K)->64K(222720K) Eden: 111616K(111616K)->0K(111616K) From: 64K(111104K)->64K(111104K)
[370.787s][info][gc,heap        ] GC(1342) ParOldGen: 481430K(667648K)->481430K(667648K)
[370.787s][info][gc,metaspace   ] GC(1342) Metaspace: 18833K(19008K)->18833K(19008K) NonClass: 17004K(17152K)->17004K(17152K) Class: 1829K(1856K)->1829K(1856K)
[370.787s][info][gc             ] GC(1342) Pause Young (Allocation Failure) 579M->470M(869M) 1.677ms
[370.787s][info][gc,cpu         ] GC(1342) User=0.00s Sys=0.00s Real=0.00s
[370.926s][info][gc,start       ] GC(1343) Pause Young (Allocation Failure)
[370.928s][info][gc,heap        ] GC(1343) PSYoungGen: 111680K(222720K)->64K(222720K) Eden: 111616K(111616K)->0K(111616K) From: 64K(111104K)->64K(111104K)
[370.928s][info][gc,heap        ] GC(1343) ParOldGen: 481430K(667648K)->481438K(667648K)
[370.928s][info][gc,metaspace   ] GC(1343) Metaspace: 18833K(19008K)->18833K(19008K) NonClass: 17004K(17152K)->17004K(17152K) Class: 1829K(1856K)->1829K(1856K)
[370.928s][info][gc             ] GC(1343) Pause Young (Allocation Failure) 579M->470M(869M) 1.697ms
[370.928s][info][gc,cpu         ] GC(1343) User=0.00s Sys=0.00s Real=0.00s
[371.066s][info][gc,start       ] GC(1344) Pause Young (Allocation Failure)
[371.067s][info][gc,heap        ] GC(1344) PSYoungGen: 111680K(222720K)->64K(222720K) Eden: 111616K(111616K)->0K(111616K) From: 64K(111104K)->64K(111104K)
[371.067s][info][gc,heap        ] GC(1344) ParOldGen: 481438K(667648K)->481438K(667648K)
[371.067s][info][gc,metaspace   ] GC(1344) Metaspace: 18833K(19008K)->18833K(19008K) NonClass: 17004K(17152K)->17004K(17152K) Class: 1829K(1856K)->1829K(1856K)
[371.067s][info][gc             ] GC(1344) Pause Young (Allocation Failure) 579M->470M(869M) 1.595ms
[371.067s][info][gc,cpu         ] GC(1344) User=0.00s Sys=0.00s Real=0.00s
[371.206s][info][gc,start       ] GC(1345) Pause Young (Allocation Failure)
[371.207s][info][gc,heap        ] GC(1345) PSYoungGen: 111680K(222720K)->64K(222720K) Eden: 111616K(111616K)->0K(111616K) From: 64K(111104K)->64K(111104K)
[371.207s][info][gc,heap        ] GC(1345) ParOldGen: 481438K(667648K)->481438K(667648K)
[371.207s][info][gc,metaspace   ] GC(1345) Metaspace: 18833K(19008K)->18833K(19008K) NonClass: 17004K(17152K)->17004K(17152K) Class: 1829K(1856K)->1829K(1856K)
[371.207s][info][gc             ] GC(1345) Pause Young (Allocation Failure) 579M->470M(869M) 1.646ms
[371.207s][info][gc,cpu         ] GC(1345) User=0.01s Sys=0.00s Real=0.00s
[371.346s][info][gc,start       ] GC(1346) Pause Young (Allocation Failure)
[371.349s][info][gc,heap        ] GC(1346) PSYoungGen: 111680K(222720K)->64K(222720K) Eden: 111616K(111616K)->0K(111616K) From: 64K(111104K)->64K(111104K)
[371.349s][info][gc,heap        ] GC(1346) ParOldGen: 481438K(667648K)->481438K(667648K)
[371.349s][info][gc,metaspace   ] GC(1346) Metaspace: 18833K(19008K)->18833K(19008K) NonClass: 17004K(17152K)->17004K(17152K) Class: 1829K(1856K)->1829K(1856K)
[371.349s][info][gc             ] GC(1346) Pause Young (Allocation Failure) 579M->470M(869M) 2.429ms
[371.349s][info][gc,cpu         ] GC(1346) User=0.01s Sys=0.00s Real=0.00s
[371.487s][info][gc,start       ] GC(1347) Pause Young (Allocation Failure)
[371.489s][info][gc,heap        ] GC(1347) PSYoungGen: 111680K(222720K)->64K(222720K) Eden: 111616K(111616K)->0K(111616K) From: 64K(111104K)->64K(111104K)
[371.489s][info][gc,heap        ] GC(1347) ParOldGen: 481438K(667648K)->481438K(667648K)
[371.489s][info][gc,metaspace   ] GC(1347) Metaspace: 18833K(19008K)->18833K(19008K) NonClass: 17004K(17152K)->17004K(17152K) Class: 1829K(1856K)->1829K(1856K)
[371.489s][info][gc             ] GC(1347) Pause Young (Allocation Failure) 579M->470M(869M) 1.646ms
[371.489s][info][gc,cpu         ] GC(1347) User=0.00s Sys=0.00s Real=0.00s
[371.627s][info][gc,start       ] GC(1348) Pause Young (Allocation Failure)
[371.629s][info][gc,heap        ] GC(1348) PSYoungGen: 111680K(222720K)->64K(222720K) Eden: 111616K(111616K)->0K(111616K) From: 64K(111104K)->64K(111104K)
[371.629s][info][gc,heap        ] GC(1348) ParOldGen: 481438K(667648K)->481438K(667648K)
[371.629s][info][gc,metaspace   ] GC(1348) Metaspace: 18833K(19008K)->18833K(19008K) NonClass: 17004K(17152K)->17004K(17152K) Class: 1829K(1856K)->1829K(1856K)
[371.629s][info][gc             ] GC(1348) Pause Young (Allocation Failure) 579M->470M(869M) 1.630ms
[371.629s][info][gc,cpu         ] GC(1348) User=0.00s Sys=0.00s Real=0.00s
[371.768s][info][gc,start       ] GC(1349) Pause Young (Allocation Failure)
[371.769s][info][gc,heap        ] GC(1349) PSYoungGen: 111680K(222720K)->64K(222720K) Eden: 111616K(111616K)->0K(111616K) From: 64K(111104K)->64K(111104K)
[371.769s][info][gc,heap        ] GC(1349) ParOldGen: 481438K(667648K)->481438K(667648K)
[371.769s][info][gc,metaspace   ] GC(1349) Metaspace: 18833K(19008K)->18833K(19008K) NonClass: 17004K(17152K)->17004K(17152K) Class: 1829K(1856K)->1829K(1856K)
[371.769s][info][gc             ] GC(1349) Pause Young (Allocation Failure) 579M->470M(869M) 1.705ms
[371.769s][info][gc,cpu         ] GC(1349) User=0.00s Sys=0.00s Real=0.00s
[371.908s][info][gc,start       ] GC(1350) Pause Young (Allocation Failure)
[371.911s][info][gc,heap        ] GC(1350) PSYoungGen: 111680K(222720K)->32K(222720K) Eden: 111616K(111616K)->0K(111616K) From: 64K(111104K)->32K(111104K)
[371.911s][info][gc,heap        ] GC(1350) ParOldGen: 481438K(667648K)->481438K(667648K)
[371.911s][info][gc,metaspace   ] GC(1350) Metaspace: 18833K(19008K)->18833K(19008K) NonClass: 17004K(17152K)->17004K(17152K) Class: 1829K(1856K)->1829K(1856K)
[371.911s][info][gc             ] GC(1350) Pause Young (Allocation Failure) 579M->470M(869M) 3.192ms
[371.911s][info][gc,cpu         ] GC(1350) User=0.00s Sys=0.00s Real=0.00s
[372.012s][info][gc,start       ] GC(1351) Pause Young (Allocation Failure)
[372.034s][info][gc,heap        ] GC(1351) PSYoungGen: 111648K(222720K)->18944K(222720K) Eden: 111616K(111616K)->0K(111616K) From: 32K(111104K)->18944K(111104K)
[372.034s][info][gc,heap        ] GC(1351) ParOldGen: 481438K(667648K)->481438K(667648K)
[372.034s][info][gc,metaspace   ] GC(1351) Metaspace: 18833K(19008K)->18833K(19008K) NonClass: 17004K(17152K)->17004K(17152K) Class: 1829K(1856K)->1829K(1856K)
[372.034s][info][gc             ] GC(1351) Pause Young (Allocation Failure) 579M->488M(869M) 21.985ms
[372.034s][info][gc,cpu         ] GC(1351) User=0.04s Sys=0.00s Real=0.03s
[372.139s][info][gc,start       ] GC(1352) Pause Young (Allocation Failure)
[372.174s][info][gc,heap        ] GC(1352) PSYoungGen: 130560K(222720K)->14784K(222720K) Eden: 111616K(111616K)->0K(111616K) From: 18944K(111104K)->14784K(111104K)
[372.174s][info][gc,heap        ] GC(1352) ParOldGen: 481438K(667648K)->500414K(667648K)
[372.174s][info][gc,metaspace   ] GC(1352) Metaspace: 18833K(19008K)->18833K(19008K) NonClass: 17004K(17152K)->17004K(17152K) Class: 1829K(1856K)->1829K(1856K)
[372.174s][info][gc             ] GC(1352) Pause Young (Allocation Failure) 597M->503M(869M) 34.666ms
[372.174s][info][gc,cpu         ] GC(1352) User=0.07s Sys=0.00s Real=0.04s
[372.249s][info][gc,start       ] GC(1353) Pause Young (Allocation Failure)
[372.283s][info][gc,heap        ] GC(1353) PSYoungGen: 126400K(222720K)->16288K(215552K) Eden: 111616K(111616K)->0K(111616K) From: 14784K(111104K)->16288K(103936K)
[372.283s][info][gc,heap        ] GC(1353) ParOldGen: 500414K(667648K)->515206K(667648K)
[372.283s][info][gc,metaspace   ] GC(1353) Metaspace: 18833K(19008K)->18833K(19008K) NonClass: 17004K(17152K)->17004K(17152K) Class: 1829K(1856K)->1829K(1856K)
[372.283s][info][gc             ] GC(1353) Pause Young (Allocation Failure) 612M->519M(862M) 33.857ms
[372.283s][info][gc,cpu         ] GC(1353) User=0.06s Sys=0.00s Real=0.04s
[372.345s][info][gc,start       ] GC(1354) Pause Young (Allocation Failure)
[372.373s][info][gc,heap        ] GC(1354) PSYoungGen: 127904K(215552K)->25856K(219136K) Eden: 111616K(111616K)->0K(111616K) From: 16288K(103936K)->25856K(107520K)
[372.374s][info][gc,heap        ] GC(1354) ParOldGen: 515206K(667648K)->515206K(667648K)
[372.374s][info][gc,metaspace   ] GC(1354) Metaspace: 18833K(19008K)->18833K(19008K) NonClass: 17004K(17152K)->17004K(17152K) Class: 1829K(1856K)->1829K(1856K)
[372.374s][info][gc             ] GC(1354) Pause Young (Allocation Failure) 628M->528M(866M) 28.203ms
[372.374s][info][gc,cpu         ] GC(1354) User=0.05s Sys=0.00s Real=0.03s
[372.458s][info][gc,start       ] GC(1355) Pause Young (Allocation Failure)
[372.502s][info][gc,heap        ] GC(1355) PSYoungGen: 137472K(219136K)->39296K(220672K) Eden: 111616K(111616K)->0K(122368K) From: 25856K(107520K)->39296K(98304K)
[372.502s][info][gc,heap        ] GC(1355) ParOldGen: 515206K(667648K)->515206K(667648K)
[372.502s][info][gc,metaspace   ] GC(1355) Metaspace: 18833K(19008K)->18833K(19008K) NonClass: 17004K(17152K)->17004K(17152K) Class: 1829K(1856K)->1829K(1856K)
[372.502s][info][gc             ] GC(1355) Pause Young (Allocation Failure) 637M->541M(867M) 44.052ms
[372.502s][info][gc,cpu         ] GC(1355) User=0.09s Sys=0.00s Real=0.05s
[372.579s][info][gc,start       ] GC(1356) Pause Young (Allocation Failure)
[372.630s][info][gc,heap        ] GC(1356) PSYoungGen: 161664K(220672K)->46848K(221184K) Eden: 122368K(122368K)->0K(122368K) From: 39296K(98304K)->46848K(98816K)
[372.630s][info][gc,heap        ] GC(1356) ParOldGen: 515206K(667648K)->515206K(667648K)
[372.630s][info][gc,metaspace   ] GC(1356) Metaspace: 18833K(19008K)->18833K(19008K) NonClass: 17004K(17152K)->17004K(17152K) Class: 1829K(1856K)->1829K(1856K)
[372.630s][info][gc             ] GC(1356) Pause Young (Allocation Failure) 661M->548M(868M) 50.641ms
[372.630s][info][gc,cpu         ] GC(1356) User=0.10s Sys=0.00s Real=0.05s
[372.696s][info][gc,start       ] GC(1357) Pause Young (Allocation Failure)
[372.743s][info][gc,heap        ] GC(1357) PSYoungGen: 169216K(221184K)->31008K(224768K) Eden: 122368K(122368K)->0K(135168K) From: 46848K(98816K)->31008K(89600K)
[372.743s][info][gc,heap        ] GC(1357) ParOldGen: 515206K(667648K)->531526K(667648K)
[372.743s][info][gc,metaspace   ] GC(1357) Metaspace: 18833K(19008K)->18833K(19008K) NonClass: 17004K(17152K)->17004K(17152K) Class: 1829K(1856K)->1829K(1856K)
[372.743s][info][gc             ] GC(1357) Pause Young (Allocation Failure) 668M->549M(871M) 47.328ms
[372.743s][info][gc,cpu         ] GC(1357) User=0.10s Sys=0.00s Real=0.05s
[372.827s][info][gc,start       ] GC(1358) Pause Young (Allocation Failure)
[372.862s][info][gc,heap        ] GC(1358) PSYoungGen: 166176K(224768K)->9152K(229376K) Eden: 135168K(135168K)->0K(135168K) From: 31008K(89600K)->9152K(94208K)
[372.862s][info][gc,heap        ] GC(1358) ParOldGen: 531526K(667648K)->554646K(667648K)
[372.862s][info][gc,metaspace   ] GC(1358) Metaspace: 18833K(19008K)->18833K(19008K) NonClass: 17004K(17152K)->17004K(17152K) Class: 1829K(1856K)->1829K(1856K)
[372.862s][info][gc             ] GC(1358) Pause Young (Allocation Failure) 681M->550M(876M) 34.994ms
[372.862s][info][gc,cpu         ] GC(1358) User=0.07s Sys=0.00s Real=0.04s
[372.975s][info][gc,start       ] GC(1359) Pause Young (Allocation Failure)
[373.004s][info][gc,heap        ] GC(1359) PSYoungGen: 144320K(229376K)->14240K(229888K) Eden: 135168K(135168K)->0K(148992K) From: 9152K(94208K)->14240K(80896K)
[373.005s][info][gc,heap        ] GC(1359) ParOldGen: 554646K(667648K)->562206K(667648K)
[373.005s][info][gc,metaspace   ] GC(1359) Metaspace: 18833K(19008K)->18833K(19008K) NonClass: 17004K(17152K)->17004K(17152K) Class: 1829K(1856K)->1829K(1856K)
[373.005s][info][gc             ] GC(1359) Pause Young (Allocation Failure) 682M->562M(876M) 29.324ms
[373.005s][info][gc,cpu         ] GC(1359) User=0.06s Sys=0.00s Real=0.03s
[373.108s][info][gc,start       ] GC(1360) Pause Young (Allocation Failure)
[373.137s][info][gc,heap        ] GC(1360) PSYoungGen: 163232K(229888K)->28048K(235008K) Eden: 148992K(148992K)->0K(148992K) From: 14240K(80896K)->28048K(86016K)
[373.137s][info][gc,heap        ] GC(1360) ParOldGen: 562206K(667648K)->562622K(667648K)
[373.137s][info][gc,metaspace   ] GC(1360) Metaspace: 18833K(19008K)->18833K(19008K) NonClass: 17004K(17152K)->17004K(17152K) Class: 1829K(1856K)->1829K(1856K)
[373.138s][info][gc             ] GC(1360) Pause Young (Allocation Failure) 708M->576M(881M) 29.764ms
[373.138s][info][gc,cpu         ] GC(1360) User=0.06s Sys=0.00s Real=0.03s
[373.292s][info][gc,start       ] GC(1361) Pause Young (Allocation Failure)
[373.333s][info][gc,heap        ] GC(1361) PSYoungGen: 177040K(235008K)->38176K(243200K) Eden: 148992K(148992K)->0K(163328K) From: 28048K(86016K)->38176K(79872K)
[373.333s][info][gc,heap        ] GC(1361) ParOldGen: 562622K(667648K)->563806K(667648K)
[373.333s][info][gc,metaspace   ] GC(1361) Metaspace: 18833K(19008K)->18833K(19008K) NonClass: 17004K(17152K)->17004K(17152K) Class: 1829K(1856K)->1829K(1856K)
[373.333s][info][gc             ] GC(1361) Pause Young (Allocation Failure) 722M->587M(889M) 41.341ms
[373.333s][info][gc,cpu         ] GC(1361) User=0.08s Sys=0.00s Real=0.04s
[373.728s][info][gc,start       ] GC(1362) Pause Young (Allocation Failure)
[373.783s][info][gc,heap        ] GC(1362) PSYoungGen: 201504K(243200K)->54160K(244224K) Eden: 163328K(163328K)->0K(163328K) From: 38176K(79872K)->54160K(80896K)
[373.784s][info][gc,heap        ] GC(1362) ParOldGen: 563806K(667648K)->563806K(667648K)
[373.784s][info][gc,metaspace   ] GC(1362) Metaspace: 18833K(19008K)->18833K(19008K) NonClass: 17004K(17152K)->17004K(17152K) Class: 1829K(1856K)->1829K(1856K)
[373.784s][info][gc             ] GC(1362) Pause Young (Allocation Failure) 747M->603M(890M) 55.715ms
[373.784s][info][gc,cpu         ] GC(1362) User=0.11s Sys=0.00s Real=0.06s
[374.253s][info][gc,start       ] GC(1363) Pause Young (Allocation Failure)
[374.306s][info][gc,heap        ] GC(1363) PSYoungGen: 217488K(244224K)->54208K(240128K) Eden: 163328K(163328K)->0K(154624K) From: 54160K(80896K)->54208K(85504K)
[374.306s][info][gc,heap        ] GC(1363) ParOldGen: 563806K(667648K)->563806K(667648K)
[374.306s][info][gc,metaspace   ] GC(1363) Metaspace: 18833K(19008K)->18833K(19008K) NonClass: 17004K(17152K)->17004K(17152K) Class: 1829K(1856K)->1829K(1856K)
[374.306s][info][gc             ] GC(1363) Pause Young (Allocation Failure) 762M->603M(886M) 53.319ms
[374.306s][info][gc,cpu         ] GC(1363) User=0.11s Sys=0.00s Real=0.05s
[374.705s][info][gc,start       ] GC(1364) Pause Young (Allocation Failure)
[374.758s][info][gc,heap        ] GC(1364) PSYoungGen: 208832K(240128K)->54192K(208896K) Eden: 154624K(154624K)->0K(154624K) From: 54208K(85504K)->54192K(54272K)
[374.758s][info][gc,heap        ] GC(1364) ParOldGen: 563806K(667648K)->563806K(667648K)
[374.758s][info][gc,metaspace   ] GC(1364) Metaspace: 18833K(19008K)->18833K(19008K) NonClass: 17004K(17152K)->17004K(17152K) Class: 1829K(1856K)->1829K(1856K)
[374.758s][info][gc             ] GC(1364) Pause Young (Allocation Failure) 754M->603M(856M) 52.976ms
[374.758s][info][gc,cpu         ] GC(1364) User=0.11s Sys=0.00s Real=0.05s
[375.139s][info][gc,start       ] GC(1365) Pause Young (Allocation Failure)
[375.194s][info][gc,heap        ] GC(1365) PSYoungGen: 208816K(208896K)->54209K(237568K) Eden: 154624K(154624K)->0K(145408K) From: 54192K(54272K)->54209K(92160K)
[375.194s][info][gc,heap        ] GC(1365) ParOldGen: 563806K(667648K)->563806K(667648K)
[375.194s][info][gc,metaspace   ] GC(1365) Metaspace: 18833K(19008K)->18833K(19008K) NonClass: 17004K(17152K)->17004K(17152K) Class: 1829K(1856K)->1829K(1856K)
[375.194s][info][gc             ] GC(1365) Pause Young (Allocation Failure) 754M->603M(884M) 54.678ms
[375.194s][info][gc,cpu         ] GC(1365) User=0.10s Sys=0.00s Real=0.06s
[375.541s][info][gc,start       ] GC(1366) Pause Young (Allocation Failure)
[375.596s][info][gc,heap        ] GC(1366) PSYoungGen: 199617K(237568K)->54209K(199680K) Eden: 145408K(145408K)->0K(145408K) From: 54209K(92160K)->54209K(54272K)
[375.596s][info][gc,heap        ] GC(1366) ParOldGen: 563806K(667648K)->563806K(667648K)
[375.596s][info][gc,metaspace   ] GC(1366) Metaspace: 18833K(19008K)->18833K(19008K) NonClass: 17004K(17152K)->17004K(17152K) Class: 1829K(1856K)->1829K(1856K)
[375.596s][info][gc             ] GC(1366) Pause Young (Allocation Failure) 745M->603M(847M) 55.228ms
[375.596s][info][gc,cpu         ] GC(1366) User=0.11s Sys=0.00s Real=0.06s
[375.929s][info][gc,start       ] GC(1367) Pause Young (Allocation Failure)
[375.984s][info][gc,heap        ] GC(1367) PSYoungGen: 199617K(199680K)->54241K(237568K) Eden: 145408K(145408K)->0K(142336K) From: 54209K(54272K)->54241K(95232K)
[375.984s][info][gc,heap        ] GC(1367) ParOldGen: 563806K(667648K)->563806K(667648K)
[375.984s][info][gc,metaspace   ] GC(1367) Metaspace: 18833K(19008K)->18833K(19008K) NonClass: 17004K(17152K)->17004K(17152K) Class: 1829K(1856K)->1829K(1856K)
[375.984s][info][gc             ] GC(1367) Pause Young (Allocation Failure) 745M->603M(884M) 54.729ms
[375.984s][info][gc,cpu         ] GC(1367) User=0.11s Sys=0.00s Real=0.06s
[376.342s][info][gc,start       ] GC(1368) Pause Young (Allocation Failure)
[376.397s][info][gc,heap        ] GC(1368) PSYoungGen: 196577K(237568K)->54384K(238080K) Eden: 142336K(142336K)->0K(142336K) From: 54241K(95232K)->54384K(95744K)
[376.397s][info][gc,heap        ] GC(1368) ParOldGen: 563806K(667648K)->563806K(667648K)
[376.397s][info][gc,metaspace   ] GC(1368) Metaspace: 18833K(19008K)->18833K(19008K) NonClass: 17004K(17152K)->17004K(17152K) Class: 1829K(1856K)->1829K(1856K)
[376.397s][info][gc             ] GC(1368) Pause Young (Allocation Failure) 742M->603M(884M) 55.268ms
[376.397s][info][gc,cpu         ] GC(1368) User=0.11s Sys=0.00s Real=0.05s
[376.626s][info][gc,start       ] GC(1369) Pause Young (Allocation Failure)
[376.697s][info][gc,heap        ] GC(1369) PSYoungGen: 196720K(238080K)->78000K(221696K) Eden: 142336K(142336K)->0K(125952K) From: 54384K(95744K)->78000K(95744K)
[376.697s][info][gc,heap        ] GC(1369) ParOldGen: 563806K(667648K)->563806K(667648K)
[376.697s][info][gc,metaspace   ] GC(1369) Metaspace: 18833K(19008K)->18833K(19008K) NonClass: 17004K(17152K)->17004K(17152K) Class: 1829K(1856K)->1829K(1856K)
[376.697s][info][gc             ] GC(1369) Pause Young (Allocation Failure) 742M->626M(868M) 70.309ms
[376.697s][info][gc,cpu         ] GC(1369) User=0.14s Sys=0.00s Real=0.07s
[376.761s][info][gc,start       ] GC(1370) Pause Young (Allocation Failure)
[376.860s][info][gc,heap        ] GC(1370) PSYoungGen: 203952K(221696K)->103904K(229888K) Eden: 125952K(125952K)->0K(125952K) From: 78000K(95744K)->103904K(103936K)
[376.860s][info][gc,heap        ] GC(1370) ParOldGen: 563806K(667648K)->582150K(667648K)
[376.860s][info][gc,metaspace   ] GC(1370) Metaspace: 18833K(19008K)->18833K(19008K) NonClass: 17004K(17152K)->17004K(17152K) Class: 1829K(1856K)->1829K(1856K)
[376.860s][info][gc             ] GC(1370) Pause Young (Allocation Failure) 749M->669M(876M) 99.000ms
[376.860s][info][gc,cpu         ] GC(1370) User=0.20s Sys=0.00s Real=0.10s
[377.022s][info][gc,start       ] GC(1371) Pause Young (Allocation Failure)
[377.131s][info][gc,heap        ] GC(1371) PSYoungGen: 229856K(229888K)->99888K(215552K) Eden: 125952K(125952K)->0K(111616K) From: 103904K(103936K)->99888K(103936K)
[377.131s][info][gc,heap        ] GC(1371) ParOldGen: 582150K(667648K)->609094K(667648K)
[377.131s][info][gc,metaspace   ] GC(1371) Metaspace: 18833K(19008K)->18833K(19008K) NonClass: 17004K(17152K)->17004K(17152K) Class: 1829K(1856K)->1829K(1856K)
[377.131s][info][gc             ] GC(1371) Pause Young (Allocation Failure) 792M->692M(862M) 108.792ms
[377.131s][info][gc,cpu         ] GC(1371) User=0.21s Sys=0.00s Real=0.10s
[377.173s][info][gc,start       ] GC(1372) Pause Young (Allocation Failure)
[377.268s][info][gc,heap        ] GC(1372) PSYoungGen: 211504K(215552K)->100496K(222720K) Eden: 111616K(111616K)->0K(111616K) From: 99888K(103936K)->100496K(111104K)
[377.268s][info][gc,heap        ] GC(1372) ParOldGen: 609094K(667648K)->636359K(667648K)
[377.268s][info][gc,metaspace   ] GC(1372) Metaspace: 18833K(19008K)->18833K(19008K) NonClass: 17004K(17152K)->17004K(17152K) Class: 1829K(1856K)->1829K(1856K)
[377.268s][info][gc             ] GC(1372) Pause Young (Allocation Failure) 801M->719M(869M) 95.625ms
[377.268s][info][gc,cpu         ] GC(1372) User=0.19s Sys=0.00s Real=0.09s
[377.319s][info][gc,start       ] GC(1373) Pause Full (Allocation Failure)
[377.319s][info][gc,phases,start] GC(1373) Marking Phase
[377.791s][info][gc,phases      ] GC(1373) Marking Phase 471.946ms
[377.791s][info][gc,phases,start] GC(1373) Summary Phase
[377.792s][info][gc,phases      ] GC(1373) Summary Phase 0.030ms
[377.792s][info][gc,phases,start] GC(1373) Forward
[377.977s][info][gc,phases      ] GC(1373) Forward 185.472ms
[377.977s][info][gc,phases,start] GC(1373) Adjust Pointers
[378.261s][info][gc,phases      ] GC(1373) Adjust Pointers 284.016ms
[378.261s][info][gc,phases,start] GC(1373) Compaction Phase
[378.428s][info][gc,phases      ] GC(1373) Compaction Phase 167.254ms
[378.435s][info][gc,phases,start] GC(1373) Post Compact
[378.437s][info][gc,phases      ] GC(1373) Post Compact 2.469ms
[378.437s][info][gc,heap        ] GC(1373) PSYoungGen: 212112K(222720K)->0K(222720K) Eden: 111616K(111616K)->0K(111616K) From: 100496K(111104K)->0K(111104K)
[378.437s][info][gc,heap        ] GC(1373) ParOldGen: 636359K(667648K)->534197K(667648K)
[378.437s][info][gc,metaspace   ] GC(1373) Metaspace: 18833K(19008K)->18833K(19008K) NonClass: 17004K(17152K)->17004K(17152K) Class: 1829K(1856K)->1829K(1856K)
[378.437s][info][gc             ] GC(1373) Pause Full (Allocation Failure) 828M->521M(869M) 1117.761ms
[378.437s][info][gc,cpu         ] GC(1373) User=1.73s Sys=0.01s Real=1.12s
[378.573s][info][gc,start       ] GC(1374) Pause Young (Allocation Failure)
[378.614s][info][gc,heap        ] GC(1374) PSYoungGen: 111616K(222720K)->29238K(222720K) Eden: 111616K(111616K)->0K(111616K) From: 0K(111104K)->29238K(111104K)
[378.614s][info][gc,heap        ] GC(1374) ParOldGen: 534197K(667648K)->534197K(667648K)
[378.614s][info][gc,metaspace   ] GC(1374) Metaspace: 18833K(19008K)->18833K(19008K) NonClass: 17004K(17152K)->17004K(17152K) Class: 1829K(1856K)->1829K(1856K)
[378.614s][info][gc             ] GC(1374) Pause Young (Allocation Failure) 630M->550M(869M) 40.570ms
[378.614s][info][gc,cpu         ] GC(1374) User=0.08s Sys=0.00s Real=0.04s
[378.727s][info][gc,start       ] GC(1375) Pause Young (Allocation Failure)
[378.762s][info][gc,heap        ] GC(1375) PSYoungGen: 140854K(222720K)->29302K(222720K) Eden: 111616K(111616K)->0K(111616K) From: 29238K(111104K)->29302K(111104K)
[378.762s][info][gc,heap        ] GC(1375) ParOldGen: 534197K(667648K)->534197K(667648K)
[378.762s][info][gc,metaspace   ] GC(1375) Metaspace: 18833K(19008K)->18833K(19008K) NonClass: 17004K(17152K)->17004K(17152K) Class: 1829K(1856K)->1829K(1856K)
[378.762s][info][gc             ] GC(1375) Pause Young (Allocation Failure) 659M->550M(869M) 35.277ms
[378.762s][info][gc,cpu         ] GC(1375) User=0.07s Sys=0.00s Real=0.04s
[378.872s][info][gc,start       ] GC(1376) Pause Young (Allocation Failure)
[378.907s][info][gc,heap        ] GC(1376) PSYoungGen: 140918K(222720K)->29408K(222720K) Eden: 111616K(111616K)->0K(111616K) From: 29302K(111104K)->29408K(111104K)
[378.907s][info][gc,heap        ] GC(1376) ParOldGen: 534197K(667648K)->534197K(667648K)
[378.907s][info][gc,metaspace   ] GC(1376) Metaspace: 18833K(19008K)->18833K(19008K) NonClass: 17004K(17152K)->17004K(17152K) Class: 1829K(1856K)->1829K(1856K)
[378.907s][info][gc             ] GC(1376) Pause Young (Allocation Failure) 659M->550M(869M) 35.365ms
[378.907s][info][gc,cpu         ] GC(1376) User=0.07s Sys=0.00s Real=0.03s
[379.020s][info][gc,start       ] GC(1377) Pause Young (Allocation Failure)
[379.055s][info][gc,heap        ] GC(1377) PSYoungGen: 141024K(222720K)->29526K(222720K) Eden: 111616K(111616K)->0K(111616K) From: 29408K(111104K)->29526K(111104K)
[379.055s][info][gc,heap        ] GC(1377) ParOldGen: 534197K(667648K)->534197K(667648K)
[379.055s][info][gc,metaspace   ] GC(1377) Metaspace: 18833K(19008K)->18833K(19008K) NonClass: 17004K(17152K)->17004K(17152K) Class: 1829K(1856K)->1829K(1856K)
[379.055s][info][gc             ] GC(1377) Pause Young (Allocation Failure) 659M->550M(869M) 35.826ms
[379.055s][info][gc,cpu         ] GC(1377) User=0.07s Sys=0.00s Real=0.04s
[379.168s][info][gc,start       ] GC(1378) Pause Young (Allocation Failure)
[379.203s][info][gc,heap        ] GC(1378) PSYoungGen: 141142K(222720K)->29590K(222720K) Eden: 111616K(111616K)->0K(111616K) From: 29526K(111104K)->29590K(111104K)
[379.204s][info][gc,heap        ] GC(1378) ParOldGen: 534197K(667648K)->534197K(667648K)
[379.204s][info][gc,metaspace   ] GC(1378) Metaspace: 18833K(19008K)->18833K(19008K) NonClass: 17004K(17152K)->17004K(17152K) Class: 1829K(1856K)->1829K(1856K)
[379.204s][info][gc             ] GC(1378) Pause Young (Allocation Failure) 659M->550M(869M) 35.999ms
[379.204s][info][gc,cpu         ] GC(1378) User=0.07s Sys=0.00s Real=0.04s
[379.316s][info][gc,start       ] GC(1379) Pause Young (Allocation Failure)
[379.353s][info][gc,heap        ] GC(1379) PSYoungGen: 141206K(222720K)->384K(222720K) Eden: 111616K(111616K)->0K(111616K) From: 29590K(111104K)->384K(111104K)
[379.353s][info][gc,heap        ] GC(1379) ParOldGen: 534197K(667648K)->563603K(667648K)
[379.353s][info][gc,metaspace   ] GC(1379) Metaspace: 18833K(19008K)->18833K(19008K) NonClass: 17004K(17152K)->17004K(17152K) Class: 1829K(1856K)->1829K(1856K)
[379.353s][info][gc             ] GC(1379) Pause Young (Allocation Failure) 659M->550M(869M) 37.471ms
[379.353s][info][gc,cpu         ] GC(1379) User=0.07s Sys=0.00s Real=0.04s
[379.466s][info][gc,start       ] GC(1380) Pause Young (Allocation Failure)
[379.469s][info][gc,heap        ] GC(1380) PSYoungGen: 112000K(222720K)->288K(222720K) Eden: 111616K(111616K)->0K(111616K) From: 384K(111104K)->288K(111104K)
[379.469s][info][gc,heap        ] GC(1380) ParOldGen: 563603K(667648K)->563835K(667648K)
[379.469s][info][gc,metaspace   ] GC(1380) Metaspace: 18833K(19008K)->18833K(19008K) NonClass: 17004K(17152K)->17004K(17152K) Class: 1829K(1856K)->1829K(1856K)
[379.469s][info][gc             ] GC(1380) Pause Young (Allocation Failure) 659M->550M(869M) 2.637ms
[379.469s][info][gc,cpu         ] GC(1380) User=0.00s Sys=0.00s Real=0.00s
[379.578s][info][gc,start       ] GC(1381) Pause Young (Allocation Failure)
[379.580s][info][gc,heap        ] GC(1381) PSYoungGen: 111904K(222720K)->224K(222720K) Eden: 111616K(111616K)->0K(111616K) From: 288K(111104K)->224K(111104K)
[379.580s][info][gc,heap        ] GC(1381) ParOldGen: 563835K(667648K)->564003K(667648K)
[379.580s][info][gc,metaspace   ] GC(1381) Metaspace: 18833K(19008K)->18833K(19008K) NonClass: 17004K(17152K)->17004K(17152K) Class: 1829K(1856K)->1829K(1856K)
[379.580s][info][gc             ] GC(1381) Pause Young (Allocation Failure) 659M->551M(869M) 2.536ms
[379.580s][info][gc,cpu         ] GC(1381) User=0.00s Sys=0.00s Real=0.00s
[379.693s][info][gc,start       ] GC(1382) Pause Young (Allocation Failure)
[379.695s][info][gc,heap        ] GC(1382) PSYoungGen: 111840K(222720K)->128K(222720K) Eden: 111616K(111616K)->0K(111616K) From: 224K(111104K)->128K(111104K)
[379.695s][info][gc,heap        ] GC(1382) ParOldGen: 564003K(667648K)->564195K(667648K)
[379.695s][info][gc,metaspace   ] GC(1382) Metaspace: 18833K(19008K)->18833K(19008K) NonClass: 17004K(17152K)->17004K(17152K) Class: 1829K(1856K)->1829K(1856K)
[379.695s][info][gc             ] GC(1382) Pause Young (Allocation Failure) 660M->551M(869M) 2.394ms
[379.695s][info][gc,cpu         ] GC(1382) User=0.01s Sys=0.00s Real=0.00s
[379.824s][info][gc,start       ] GC(1383) Pause Young (Allocation Failure)
[379.826s][info][gc,heap        ] GC(1383) PSYoungGen: 111744K(222720K)->352K(222720K) Eden: 111616K(111616K)->0K(111616K) From: 128K(111104K)->352K(111104K)
[379.826s][info][gc,heap        ] GC(1383) ParOldGen: 564195K(667648K)->564275K(667648K)
[379.826s][info][gc,metaspace   ] GC(1383) Metaspace: 18833K(19008K)->18833K(19008K) NonClass: 17004K(17152K)->17004K(17152K) Class: 1829K(1856K)->1829K(1856K)
[379.826s][info][gc             ] GC(1383) Pause Young (Allocation Failure) 660M->551M(869M) 2.862ms
[379.826s][info][gc,cpu         ] GC(1383) User=0.01s Sys=0.00s Real=0.00s
[379.922s][info][gc,start       ] GC(1384) Pause Young (Allocation Failure)
[379.936s][info][gc,heap        ] GC(1384) PSYoungGen: 111968K(222720K)->3360K(222720K) Eden: 111616K(111616K)->0K(111616K) From: 352K(111104K)->3360K(111104K)
[379.937s][info][gc,heap        ] GC(1384) ParOldGen: 564275K(667648K)->564603K(667648K)
[379.937s][info][gc,metaspace   ] GC(1384) Metaspace: 18834K(19008K)->18834K(19008K) NonClass: 17005K(17152K)->17005K(17152K) Class: 1829K(1856K)->1829K(1856K)
[379.937s][info][gc             ] GC(1384) Pause Young (Allocation Failure) 660M->554M(869M) 14.517ms
[379.937s][info][gc,cpu         ] GC(1384) User=0.02s Sys=0.00s Real=0.01s
[380.079s][info][gc,start       ] GC(1385) Pause Young (Allocation Failure)
[380.116s][info][gc,heap        ] GC(1385) PSYoungGen: 114976K(222720K)->17547K(211456K) Eden: 111616K(111616K)->0K(111616K) From: 3360K(111104K)->17547K(99840K)
[380.117s][info][gc,heap        ] GC(1385) ParOldGen: 564603K(667648K)->567947K(667648K)
[380.117s][info][gc,metaspace   ] GC(1385) Metaspace: 18834K(19008K)->18834K(19008K) NonClass: 17005K(17152K)->17005K(17152K) Class: 1829K(1856K)->1829K(1856K)
[380.117s][info][gc             ] GC(1385) Pause Young (Allocation Failure) 663M->571M(858M) 37.095ms
[380.117s][info][gc,cpu         ] GC(1385) User=0.07s Sys=0.00s Real=0.04s
[380.251s][info][gc,start       ] GC(1386) Pause Young (Allocation Failure)
[380.279s][info][gc,heap        ] GC(1386) PSYoungGen: 129163K(211456K)->17515K(217088K) Eden: 111616K(111616K)->0K(111616K) From: 17547K(99840K)->17515K(105472K)
[380.279s][info][gc,heap        ] GC(1386) ParOldGen: 567947K(667648K)->567947K(667648K)
[380.279s][info][gc,metaspace   ] GC(1386) Metaspace: 18834K(19008K)->18834K(19008K) NonClass: 17005K(17152K)->17005K(17152K) Class: 1829K(1856K)->1829K(1856K)
[380.279s][info][gc             ] GC(1386) Pause Young (Allocation Failure) 680M->571M(864M) 27.329ms
[380.279s][info][gc,cpu         ] GC(1386) User=0.05s Sys=0.00s Real=0.03s
[380.414s][info][gc,start       ] GC(1387) Pause Young (Allocation Failure)
[380.441s][info][gc,heap        ] GC(1387) PSYoungGen: 129131K(217088K)->17547K(207360K) Eden: 111616K(111616K)->0K(120320K) From: 17515K(105472K)->17547K(87040K)
[380.441s][info][gc,heap        ] GC(1387) ParOldGen: 567947K(667648K)->567947K(667648K)
[380.441s][info][gc,metaspace   ] GC(1387) Metaspace: 18834K(19008K)->18834K(19008K) NonClass: 17005K(17152K)->17005K(17152K) Class: 1829K(1856K)->1829K(1856K)
[380.441s][info][gc             ] GC(1387) Pause Young (Allocation Failure) 680M->571M(854M) 27.518ms
[380.441s][info][gc,cpu         ] GC(1387) User=0.05s Sys=0.00s Real=0.02s
[380.581s][info][gc,start       ] GC(1388) Pause Young (Allocation Failure)
[380.606s][info][gc,heap        ] GC(1388) PSYoungGen: 137867K(207360K)->17515K(212992K) Eden: 120320K(120320K)->0K(120320K) From: 17547K(87040K)->17515K(92672K)
[380.606s][info][gc,heap        ] GC(1388) ParOldGen: 567947K(667648K)->567947K(667648K)
[380.606s][info][gc,metaspace   ] GC(1388) Metaspace: 18834K(19008K)->18834K(19008K) NonClass: 17005K(17152K)->17005K(17152K) Class: 1829K(1856K)->1829K(1856K)
[380.606s][info][gc             ] GC(1388) Pause Young (Allocation Failure) 689M->571M(860M) 25.867ms
[380.606s][info][gc,cpu         ] GC(1388) User=0.05s Sys=0.00s Real=0.03s
[380.748s][info][gc,start       ] GC(1389) Pause Young (Allocation Failure)
[380.775s][info][gc,heap        ] GC(1389) PSYoungGen: 137835K(212992K)->17547K(205824K) Eden: 120320K(120320K)->0K(129536K) From: 17515K(92672K)->17547K(76288K)
[380.775s][info][gc,heap        ] GC(1389) ParOldGen: 567947K(667648K)->567947K(667648K)
[380.775s][info][gc,metaspace   ] GC(1389) Metaspace: 18834K(19008K)->18834K(19008K) NonClass: 17005K(17152K)->17005K(17152K) Class: 1829K(1856K)->1829K(1856K)
[380.775s][info][gc             ] GC(1389) Pause Young (Allocation Failure) 689M->571M(853M) 27.129ms
[380.775s][info][gc,cpu         ] GC(1389) User=0.05s Sys=0.00s Real=0.03s
[380.927s][info][gc,start       ] GC(1390) Pause Young (Allocation Failure)
[380.952s][info][gc,heap        ] GC(1390) PSYoungGen: 147083K(205824K)->17547K(210944K) Eden: 129536K(129536K)->0K(129536K) From: 17547K(76288K)->17547K(81408K)
[380.952s][info][gc,heap        ] GC(1390) ParOldGen: 567947K(667648K)->567947K(667648K)
[380.952s][info][gc,metaspace   ] GC(1390) Metaspace: 18834K(19008K)->18834K(19008K) NonClass: 17005K(17152K)->17005K(17152K) Class: 1829K(1856K)->1829K(1856K)
[380.952s][info][gc             ] GC(1390) Pause Young (Allocation Failure) 698M->571M(858M) 25.644ms
[380.952s][info][gc,cpu         ] GC(1390) User=0.05s Sys=0.00s Real=0.03s
[381.076s][info][gc,start       ] GC(1391) Pause Young (Allocation Failure)
[381.121s][info][gc,heap        ] GC(1391) PSYoungGen: 147083K(210944K)->34059K(216064K) Eden: 129536K(129536K)->0K(140800K) From: 17547K(81408K)->34059K(75264K)
[381.121s][info][gc,heap        ] GC(1391) ParOldGen: 567947K(667648K)->567947K(667648K)
[381.121s][info][gc,metaspace   ] GC(1391) Metaspace: 18834K(19008K)->18834K(19008K) NonClass: 17005K(17152K)->17005K(17152K) Class: 1829K(1856K)->1829K(1856K)
[381.121s][info][gc             ] GC(1391) Pause Young (Allocation Failure) 698M->587M(863M) 45.224ms
[381.121s][info][gc,cpu         ] GC(1391) User=0.09s Sys=0.00s Real=0.04s
[381.253s][info][gc,start       ] GC(1392) Pause Young (Allocation Failure)
[381.313s][info][gc,heap        ] GC(1392) PSYoungGen: 174859K(216064K)->51531K(216064K) Eden: 140800K(140800K)->0K(140800K) From: 34059K(75264K)->51531K(75264K)
[381.313s][info][gc,heap        ] GC(1392) ParOldGen: 567947K(667648K)->567947K(667648K)
[381.313s][info][gc,metaspace   ] GC(1392) Metaspace: 18834K(19008K)->18834K(19008K) NonClass: 17005K(17152K)->17005K(17152K) Class: 1829K(1856K)->1829K(1856K)
[381.313s][info][gc             ] GC(1392) Pause Young (Allocation Failure) 725M->604M(863M) 59.741ms
[381.313s][info][gc,cpu         ] GC(1392) User=0.12s Sys=0.00s Real=0.06s
[381.401s][info][gc,start       ] GC(1393) Pause Young (Allocation Failure)
[381.464s][info][gc,heap        ] GC(1393) PSYoungGen: 192331K(216064K)->55755K(229888K) Eden: 140800K(140800K)->0K(148992K) From: 51531K(75264K)->55755K(80896K)
[381.464s][info][gc,heap        ] GC(1393) ParOldGen: 567947K(667648K)->567947K(667648K)
[381.464s][info][gc,metaspace   ] GC(1393) Metaspace: 18834K(19008K)->18834K(19008K) NonClass: 17005K(17152K)->17005K(17152K) Class: 1829K(1856K)->1829K(1856K)
[381.464s][info][gc             ] GC(1393) Pause Young (Allocation Failure) 742M->609M(876M) 63.421ms
[381.464s][info][gc,cpu         ] GC(1393) User=0.12s Sys=0.01s Real=0.07s
[381.589s][info][gc,start       ] GC(1394) Pause Young (Allocation Failure)
[381.653s][info][gc,heap        ] GC(1394) PSYoungGen: 204747K(229888K)->39584K(235008K) Eden: 148992K(148992K)->0K(148992K) From: 55755K(80896K)->39584K(86016K)
[381.653s][info][gc,heap        ] GC(1394) ParOldGen: 567947K(667648K)->585515K(667648K)
[381.653s][info][gc,metaspace   ] GC(1394) Metaspace: 18834K(19008K)->18834K(19008K) NonClass: 17005K(17152K)->17005K(17152K) Class: 1829K(1856K)->1829K(1856K)
[381.653s][info][gc             ] GC(1394) Pause Young (Allocation Failure) 754M->610M(881M) 63.634ms
[381.653s][info][gc,cpu         ] GC(1394) User=0.13s Sys=0.00s Real=0.07s
[381.776s][info][gc,start       ] GC(1395) Pause Young (Allocation Failure)
[381.819s][info][gc,heap        ] GC(1395) PSYoungGen: 188576K(235008K)->43232K(245248K) Eden: 148992K(148992K)->0K(163328K) From: 39584K(86016K)->43232K(81920K)
[381.819s][info][gc,heap        ] GC(1395) ParOldGen: 585515K(667648K)->585515K(667648K)
[381.819s][info][gc,metaspace   ] GC(1395) Metaspace: 18834K(19008K)->18834K(19008K) NonClass: 17005K(17152K)->17005K(17152K) Class: 1829K(1856K)->1829K(1856K)
[381.819s][info][gc             ] GC(1395) Pause Young (Allocation Failure) 755M->614M(891M) 42.469ms
[381.819s][info][gc,cpu         ] GC(1395) User=0.09s Sys=0.00s Real=0.04s
[381.930s][info][gc,start       ] GC(1396) Pause Young (Allocation Failure)
[381.987s][info][gc,heap        ] GC(1396) PSYoungGen: 206560K(245248K)->52896K(247296K) Eden: 163328K(163328K)->0K(163328K) From: 43232K(81920K)->52896K(83968K)
[381.987s][info][gc,heap        ] GC(1396) ParOldGen: 585515K(667648K)->585515K(667648K)
[381.987s][info][gc,metaspace   ] GC(1396) Metaspace: 18834K(19008K)->18834K(19008K) NonClass: 17005K(17152K)->17005K(17152K) Class: 1829K(1856K)->1829K(1856K)
[381.987s][info][gc             ] GC(1396) Pause Young (Allocation Failure) 773M->623M(893M) 56.277ms
[381.987s][info][gc,cpu         ] GC(1396) User=0.11s Sys=0.00s Real=0.06s
[382.137s][info][gc,start       ] GC(1397) Pause Young (Allocation Failure)
[382.227s][info][gc,heap        ] GC(1397) PSYoungGen: 216224K(247296K)->66976K(232960K) Eden: 163328K(163328K)->0K(146432K) From: 52896K(83968K)->66976K(86528K)
[382.227s][info][gc,heap        ] GC(1397) ParOldGen: 585515K(667648K)->602091K(667648K)
[382.227s][info][gc,metaspace   ] GC(1397) Metaspace: 18834K(19008K)->18834K(19008K) NonClass: 17005K(17152K)->17005K(17152K) Class: 1829K(1856K)->1829K(1856K)
[382.227s][info][gc             ] GC(1397) Pause Young (Allocation Failure) 782M->653M(879M) 89.570ms
[382.227s][info][gc,cpu         ] GC(1397) User=0.16s Sys=0.01s Real=0.09s
[382.323s][info][gc,start       ] GC(1398) Pause Young (Allocation Failure)
[382.415s][info][gc,heap        ] GC(1398) PSYoungGen: 213408K(232960K)->74304K(221184K) Eden: 146432K(146432K)->0K(146432K) From: 66976K(86528K)->74304K(74752K)
[382.415s][info][gc,heap        ] GC(1398) ParOldGen: 602091K(667648K)->623851K(667648K)
[382.415s][info][gc,metaspace   ] GC(1398) Metaspace: 18834K(19008K)->18834K(19008K) NonClass: 17005K(17152K)->17005K(17152K) Class: 1829K(1856K)->1829K(1856K)
[382.415s][info][gc             ] GC(1398) Pause Young (Allocation Failure) 796M->681M(868M) 92.504ms
[382.415s][info][gc,cpu         ] GC(1398) User=0.19s Sys=0.00s Real=0.09s
[382.529s][info][gc,start       ] GC(1399) Pause Young (Allocation Failure)
[382.600s][info][gc,heap        ] GC(1399) PSYoungGen: 220736K(221184K)->70080K(222720K) Eden: 146432K(146432K)->0K(120832K) From: 74304K(74752K)->70080K(101888K)
[382.600s][info][gc,heap        ] GC(1399) ParOldGen: 623851K(667648K)->628851K(667648K)
[382.600s][info][gc,metaspace   ] GC(1399) Metaspace: 18834K(19008K)->18834K(19008K) NonClass: 17005K(17152K)->17005K(17152K) Class: 1829K(1856K)->1829K(1856K)
[382.600s][info][gc             ] GC(1399) Pause Young (Allocation Failure) 824M->682M(869M) 70.931ms
[382.600s][info][gc,cpu         ] GC(1399) User=0.14s Sys=0.00s Real=0.07s
[382.752s][info][gc,start       ] GC(1400) Pause Young (Allocation Failure)
[382.822s][info][gc,promotion   ] GC(1400) Promotion failed
[382.822s][info][gc,heap        ] GC(1400) PSYoungGen: 190912K(222720K)->190912K(222720K) Eden: 120832K(120832K)->120832K(120832K) From: 70080K(101888K)->70080K(101888K)
[382.822s][info][gc,heap        ] GC(1400) ParOldGen: 628851K(667648K)->667643K(667648K)
[382.822s][info][gc,metaspace   ] GC(1400) Metaspace: 18834K(19008K)->18834K(19008K) NonClass: 17005K(17152K)->17005K(17152K) Class: 1829K(1856K)->1829K(1856K)
[382.822s][info][gc             ] GC(1400) Pause Young (Allocation Failure) 800M->838M(869M) 70.026ms
[382.822s][info][gc,cpu         ] GC(1400) User=0.14s Sys=0.00s Real=0.07s
[382.822s][info][gc,start       ] GC(1401) Pause Full (Allocation Failure)
[382.822s][info][gc,phases,start] GC(1401) Marking Phase
[383.078s][info][gc,phases      ] GC(1401) Marking Phase 255.809ms
[383.078s][info][gc,phases,start] GC(1401) Summary Phase
[383.078s][info][gc,phases      ] GC(1401) Summary Phase 0.029ms
[383.078s][info][gc,phases,start] GC(1401) Forward
[383.177s][info][gc,phases      ] GC(1401) Forward 98.450ms
[383.177s][info][gc,phases,start] GC(1401) Adjust Pointers
[383.377s][info][gc,phases      ] GC(1401) Adjust Pointers 200.278ms
[383.377s][info][gc,phases,start] GC(1401) Compaction Phase
[383.482s][info][gc,phases      ] GC(1401) Compaction Phase 105.308ms
[383.493s][info][gc,phases,start] GC(1401) Post Compact
[383.495s][info][gc,phases      ] GC(1401) Post Compact 2.587ms
[383.497s][info][gc,heap        ] GC(1401) PSYoungGen: 190912K(222720K)->0K(227328K) Eden: 120832K(120832K)->0K(120832K) From: 70080K(101888K)->0K(106496K)
[383.497s][info][gc,heap        ] GC(1401) ParOldGen: 667643K(667648K)->372914K(646144K)
[383.497s][info][gc,metaspace   ] GC(1401) Metaspace: 18834K(19008K)->18834K(19008K) NonClass: 17005K(17152K)->17005K(17152K) Class: 1829K(1856K)->1829K(1856K)
[383.497s][info][gc             ] GC(1401) Pause Full (Allocation Failure) 838M->364M(853M) 675.182ms
[383.497s][info][gc,cpu         ] GC(1401) User=1.22s Sys=0.00s Real=0.67s
[383.649s][info][gc,start       ] GC(1402) Pause Young (Allocation Failure)
[383.657s][info][gc,heap        ] GC(1402) PSYoungGen: 120832K(227328K)->4640K(226304K) Eden: 120832K(120832K)->0K(119808K) From: 0K(106496K)->4640K(106496K)
[383.657s][info][gc,heap        ] GC(1402) ParOldGen: 372914K(646144K)->372914K(646144K)
[383.657s][info][gc,metaspace   ] GC(1402) Metaspace: 18834K(19008K)->18834K(19008K) NonClass: 17005K(17152K)->17005K(17152K) Class: 1829K(1856K)->1829K(1856K)
[383.657s][info][gc             ] GC(1402) Pause Young (Allocation Failure) 482M->368M(852M) 7.897ms
[383.657s][info][gc,cpu         ] GC(1402) User=0.01s Sys=0.00s Real=0.01s
[383.729s][info][gc,start       ] GC(1403) Pause Young (Allocation Failure)
[383.736s][info][gc,heap        ] GC(1403) PSYoungGen: 124448K(226304K)->4768K(124928K) Eden: 119808K(119808K)->0K(119808K) From: 4640K(106496K)->4768K(5120K)
[383.736s][info][gc,heap        ] GC(1403) ParOldGen: 372914K(646144K)->372914K(646144K)
[383.736s][info][gc,metaspace   ] GC(1403) Metaspace: 18834K(19008K)->18834K(19008K) NonClass: 17005K(17152K)->17005K(17152K) Class: 1829K(1856K)->1829K(1856K)
[383.736s][info][gc             ] GC(1403) Pause Young (Allocation Failure) 485M->368M(753M) 7.480ms
[383.736s][info][gc,cpu         ] GC(1403) User=0.01s Sys=0.00s Real=0.01s
[383.889s][info][gc,start       ] GC(1404) Pause Young (Allocation Failure)
[383.903s][info][gc,heap        ] GC(1404) PSYoungGen: 124576K(124928K)->7488K(228352K) Eden: 119808K(119808K)->0K(122368K) From: 4768K(5120K)->7488K(105984K)
[383.903s][info][gc,heap        ] GC(1404) ParOldGen: 372914K(646144K)->377562K(646144K)
[383.903s][info][gc,metaspace   ] GC(1404) Metaspace: 18834K(19008K)->18834K(19008K) NonClass: 17005K(17152K)->17005K(17152K) Class: 1829K(1856K)->1829K(1856K)
[383.903s][info][gc             ] GC(1404) Pause Young (Allocation Failure) 485M->376M(854M) 14.578ms
[383.903s][info][gc,cpu         ] GC(1404) User=0.03s Sys=0.00s Real=0.02s
[384.093s][info][gc,start       ] GC(1405) Pause Young (Allocation Failure)
[384.110s][info][gc,heap        ] GC(1405) PSYoungGen: 129856K(228352K)->16576K(139264K) Eden: 122368K(122368K)->0K(122368K) From: 7488K(105984K)->16576K(16896K)
[384.110s][info][gc,heap        ] GC(1405) ParOldGen: 377562K(646144K)->377562K(646144K)
[384.110s][info][gc,metaspace   ] GC(1405) Metaspace: 18834K(19008K)->18834K(19008K) NonClass: 17005K(17152K)->17005K(17152K) Class: 1829K(1856K)->1829K(1856K)
[384.110s][info][gc             ] GC(1405) Pause Young (Allocation Failure) 495M->384M(767M) 17.416ms
[384.110s][info][gc,cpu         ] GC(1405) User=0.03s Sys=0.00s Real=0.01s
[384.484s][info][gc,start       ] GC(1406) Pause Young (Allocation Failure)
[384.507s][info][gc,heap        ] GC(1406) PSYoungGen: 138944K(139264K)->16640K(227840K) Eden: 122368K(122368K)->0K(128000K) From: 16576K(16896K)->16640K(99840K)
[384.507s][info][gc,heap        ] GC(1406) ParOldGen: 377562K(646144K)->377562K(646144K)
[384.507s][info][gc,metaspace   ] GC(1406) Metaspace: 18834K(19008K)->18834K(19008K) NonClass: 17005K(17152K)->17005K(17152K) Class: 1829K(1856K)->1829K(1856K)
[384.507s][info][gc             ] GC(1406) Pause Young (Allocation Failure) 504M->384M(853M) 22.829ms
[384.507s][info][gc,cpu         ] GC(1406) User=0.05s Sys=0.00s Real=0.02s
[384.828s][info][gc,start       ] GC(1407) Pause Young (Allocation Failure)
[384.846s][info][gc,heap        ] GC(1407) PSYoungGen: 144640K(227840K)->16816K(223744K) Eden: 128000K(128000K)->0K(128000K) From: 16640K(99840K)->16816K(95744K)
[384.846s][info][gc,heap        ] GC(1407) ParOldGen: 377562K(646144K)->377562K(646144K)
[384.846s][info][gc,metaspace   ] GC(1407) Metaspace: 18834K(19008K)->18834K(19008K) NonClass: 17005K(17152K)->17005K(17152K) Class: 1829K(1856K)->1829K(1856K)
[384.846s][info][gc             ] GC(1407) Pause Young (Allocation Failure) 509M->385M(849M) 17.671ms
[384.846s][info][gc,cpu         ] GC(1407) User=0.04s Sys=0.00s Real=0.02s
[385.142s][info][gc,start       ] GC(1408) Pause Young (Allocation Failure)
[385.159s][info][gc,heap        ] GC(1408) PSYoungGen: 144816K(223744K)->16832K(217600K) Eden: 128000K(128000K)->0K(136192K) From: 16816K(95744K)->16832K(81408K)
[385.159s][info][gc,heap        ] GC(1408) ParOldGen: 377562K(646144K)->377562K(646144K)
[385.159s][info][gc,metaspace   ] GC(1408) Metaspace: 18834K(19008K)->18834K(19008K) NonClass: 17005K(17152K)->17005K(17152K) Class: 1829K(1856K)->1829K(1856K)
[385.159s][info][gc             ] GC(1408) Pause Young (Allocation Failure) 510M->385M(843M) 17.697ms
[385.159s][info][gc,cpu         ] GC(1408) User=0.03s Sys=0.00s Real=0.02s
[385.456s][info][gc,start       ] GC(1409) Pause Young (Allocation Failure)
[385.474s][info][gc,heap        ] GC(1409) PSYoungGen: 153024K(217600K)->16864K(223232K) Eden: 136192K(136192K)->0K(136192K) From: 16832K(81408K)->16864K(87040K)
[385.474s][info][gc,heap        ] GC(1409) ParOldGen: 377562K(646144K)->377562K(646144K)
[385.474s][info][gc,metaspace   ] GC(1409) Metaspace: 18834K(19008K)->18834K(19008K) NonClass: 17005K(17152K)->17005K(17152K) Class: 1829K(1856K)->1829K(1856K)
[385.474s][info][gc             ] GC(1409) Pause Young (Allocation Failure) 518M->385M(849M) 18.365ms
[385.474s][info][gc,cpu         ] GC(1409) User=0.04s Sys=0.00s Real=0.02s
[385.754s][info][gc,start       ] GC(1410) Pause Young (Allocation Failure)
[385.778s][info][gc,heap        ] GC(1410) PSYoungGen: 153056K(223232K)->22464K(218112K) Eden: 136192K(136192K)->0K(144384K) From: 16864K(87040K)->22464K(73728K)
[385.778s][info][gc,heap        ] GC(1410) ParOldGen: 377562K(646144K)->377562K(646144K)
[385.778s][info][gc,metaspace   ] GC(1410) Metaspace: 18834K(19008K)->18834K(19008K) NonClass: 17005K(17152K)->17005K(17152K) Class: 1829K(1856K)->1829K(1856K)
[385.778s][info][gc             ] GC(1410) Pause Young (Allocation Failure) 518M->390M(844M) 24.169ms
[385.778s][info][gc,cpu         ] GC(1410) User=0.05s Sys=0.00s Real=0.02s
[385.942s][info][gc,start       ] GC(1411) Pause Young (Allocation Failure)
[385.992s][info][gc,heap        ] GC(1411) PSYoungGen: 166848K(218112K)->59424K(222720K) Eden: 144384K(144384K)->0K(144384K) From: 22464K(73728K)->59424K(78336K)
[385.992s][info][gc,heap        ] GC(1411) ParOldGen: 377562K(646144K)->377562K(646144K)
[385.992s][info][gc,metaspace   ] GC(1411) Metaspace: 18834K(19008K)->18834K(19008K) NonClass: 17005K(17152K)->17005K(17152K) Class: 1829K(1856K)->1829K(1856K)
[385.992s][info][gc             ] GC(1411) Pause Young (Allocation Failure) 531M->426M(848M) 50.177ms
[385.992s][info][gc,cpu         ] GC(1411) User=0.10s Sys=0.00s Real=0.05s
[386.081s][info][gc,start       ] GC(1412) Pause Young (Allocation Failure)
[386.180s][info][gc,heap        ] GC(1412) PSYoungGen: 203808K(222720K)->85488K(197120K) Eden: 144384K(144384K)->0K(111616K) From: 59424K(78336K)->85488K(85504K)
[386.181s][info][gc,heap        ] GC(1412) ParOldGen: 377562K(646144K)->409698K(646144K)
[386.181s][info][gc,metaspace   ] GC(1412) Metaspace: 18834K(19008K)->18834K(19008K) NonClass: 17005K(17152K)->17005K(17152K) Class: 1829K(1856K)->1829K(1856K)
[386.181s][info][gc             ] GC(1412) Pause Young (Allocation Failure) 567M->483M(823M) 99.489ms
[386.181s][info][gc,cpu         ] GC(1412) User=0.18s Sys=0.02s Real=0.10s
[386.248s][info][gc,start       ] GC(1413) Pause Young (Allocation Failure)
[386.347s][info][gc,heap        ] GC(1413) PSYoungGen: 197104K(197120K)->111088K(222720K) Eden: 111616K(111616K)->0K(111616K) From: 85488K(85504K)->111088K(111104K)
[386.347s][info][gc,heap        ] GC(1413) ParOldGen: 409698K(646144K)->428034K(646144K)
[386.347s][info][gc,metaspace   ] GC(1413) Metaspace: 18834K(19008K)->18834K(19008K) NonClass: 17005K(17152K)->17005K(17152K) Class: 1829K(1856K)->1829K(1856K)
[386.347s][info][gc             ] GC(1413) Pause Young (Allocation Failure) 592M->526M(848M) 98.622ms
[386.347s][info][gc,cpu         ] GC(1413) User=0.19s Sys=0.00s Real=0.10s
[386.665s][info][gc,start       ] GC(1414) Pause Young (Allocation Failure)
[386.769s][info][gc,heap        ] GC(1414) PSYoungGen: 222704K(222720K)->111088K(222720K) Eden: 111616K(111616K)->0K(111616K) From: 111088K(111104K)->111088K(111104K)
[386.769s][info][gc,heap        ] GC(1414) ParOldGen: 428034K(646144K)->439920K(646144K)
[386.769s][info][gc,metaspace   ] GC(1414) Metaspace: 18834K(19008K)->18834K(19008K) NonClass: 17005K(17152K)->17005K(17152K) Class: 1829K(1856K)->1829K(1856K)
[386.769s][info][gc             ] GC(1414) Pause Young (Allocation Failure) 635M->538M(848M) 104.117ms
[386.769s][info][gc,cpu         ] GC(1414) User=0.21s Sys=0.00s Real=0.10s
[386.839s][info][gc,start       ] GC(1415) Pause Young (Allocation Failure)
[386.955s][info][gc,heap        ] GC(1415) PSYoungGen: 222704K(222720K)->111088K(222720K) Eden: 111616K(111616K)->0K(111616K) From: 111088K(111104K)->111088K(111104K)
[386.955s][info][gc,heap        ] GC(1415) ParOldGen: 439920K(646144K)->486937K(646144K)
[386.955s][info][gc,metaspace   ] GC(1415) Metaspace: 18834K(19008K)->18834K(19008K) NonClass: 17005K(17152K)->17005K(17152K) Class: 1829K(1856K)->1829K(1856K)
[386.955s][info][gc             ] GC(1415) Pause Young (Allocation Failure) 647M->584M(848M) 116.095ms
[386.955s][info][gc,cpu         ] GC(1415) User=0.24s Sys=0.00s Real=0.12s
[387.103s][info][gc,start       ] GC(1416) Pause Young (Allocation Failure)
[387.213s][info][gc,heap        ] GC(1416) PSYoungGen: 222704K(222720K)->111104K(222720K) Eden: 111616K(111616K)->0K(111616K) From: 111088K(111104K)->111104K(111104K)
[387.213s][info][gc,heap        ] GC(1416) ParOldGen: 486937K(646144K)->501913K(646144K)
[387.213s][info][gc,metaspace   ] GC(1416) Metaspace: 18834K(19008K)->18834K(19008K) NonClass: 17005K(17152K)->17005K(17152K) Class: 1829K(1856K)->1829K(1856K)
[387.213s][info][gc             ] GC(1416) Pause Young (Allocation Failure) 693M->598M(848M) 110.564ms
[387.213s][info][gc,cpu         ] GC(1416) User=0.22s Sys=0.00s Real=0.11s
[387.313s][info][gc,start       ] GC(1417) Pause Young (Allocation Failure)
[387.442s][info][gc,heap        ] GC(1417) PSYoungGen: 222720K(222720K)->65312K(222720K) Eden: 111616K(111616K)->0K(111616K) From: 111104K(111104K)->65312K(111104K)
[387.442s][info][gc,heap        ] GC(1417) ParOldGen: 501913K(646144K)->563830K(646144K)
[387.442s][info][gc,metaspace   ] GC(1417) Metaspace: 18834K(19008K)->18834K(19008K) NonClass: 17005K(17152K)->17005K(17152K) Class: 1829K(1856K)->1829K(1856K)
[387.442s][info][gc             ] GC(1417) Pause Young (Allocation Failure) 707M->614M(848M) 128.841ms
[387.442s][info][gc,cpu         ] GC(1417) User=0.26s Sys=0.00s Real=0.13s
[387.589s][info][gc,start       ] GC(1418) Pause Young (Allocation Failure)
[387.692s][info][gc,heap        ] GC(1418) PSYoungGen: 176928K(222720K)->43918K(222720K) Eden: 111616K(111616K)->0K(111616K) From: 65312K(111104K)->43918K(111104K)
[387.692s][info][gc,heap        ] GC(1418) ParOldGen: 563830K(646144K)->601666K(646144K)
[387.692s][info][gc,metaspace   ] GC(1418) Metaspace: 18834K(19008K)->18834K(19008K) NonClass: 17005K(17152K)->17005K(17152K) Class: 1829K(1856K)->1829K(1856K)
[387.692s][info][gc             ] GC(1418) Pause Young (Allocation Failure) 723M->630M(848M) 103.181ms
[387.692s][info][gc,cpu         ] GC(1418) User=0.20s Sys=0.01s Real=0.11s
[387.839s][info][gc,start       ] GC(1419) Pause Young (Allocation Failure)
[387.934s][info][gc,heap        ] GC(1419) PSYoungGen: 155534K(222720K)->45847K(222720K) Eden: 111616K(111616K)->0K(111616K) From: 43918K(111104K)->45847K(111104K)
[387.935s][info][gc,heap        ] GC(1419) ParOldGen: 601666K(646144K)->614090K(646144K)
[387.935s][info][gc,metaspace   ] GC(1419) Metaspace: 18834K(19008K)->18834K(19008K) NonClass: 17005K(17152K)->17005K(17152K) Class: 1829K(1856K)->1829K(1856K)
[387.935s][info][gc             ] GC(1419) Pause Young (Allocation Failure) 739M->644M(848M) 95.666ms
[387.935s][info][gc,cpu         ] GC(1419) User=0.19s Sys=0.00s Real=0.10s
[388.081s][info][gc,start       ] GC(1420) Pause Full (Allocation Failure)
[388.081s][info][gc,phases,start] GC(1420) Marking Phase
[388.387s][info][gc,phases      ] GC(1420) Marking Phase 305.204ms
[388.387s][info][gc,phases,start] GC(1420) Summary Phase
[388.387s][info][gc,phases      ] GC(1420) Summary Phase 0.043ms
[388.387s][info][gc,phases,start] GC(1420) Forward
[388.479s][info][gc,phases      ] GC(1420) Forward 92.013ms
[388.479s][info][gc,phases,start] GC(1420) Adjust Pointers
[388.765s][info][gc,phases      ] GC(1420) Adjust Pointers 286.408ms
[388.765s][info][gc,phases,start] GC(1420) Compaction Phase
[388.907s][info][gc,phases      ] GC(1420) Compaction Phase 141.948ms
[388.922s][info][gc,phases,start] GC(1420) Post Compact
[388.925s][info][gc,phases      ] GC(1420) Post Compact 2.313ms
[388.925s][info][gc,heap        ] GC(1420) PSYoungGen: 157463K(222720K)->0K(222720K) Eden: 111616K(111616K)->0K(111616K) From: 45847K(111104K)->0K(111104K)
[388.925s][info][gc,heap        ] GC(1420) ParOldGen: 614090K(646144K)->489475K(667648K)
[388.925s][info][gc,metaspace   ] GC(1420) Metaspace: 18834K(19008K)->18834K(19008K) NonClass: 17005K(17152K)->17005K(17152K) Class: 1829K(1856K)->1829K(1856K)
[388.925s][info][gc             ] GC(1420) Pause Full (Allocation Failure) 753M->478M(869M) 843.492ms
[388.925s][info][gc,cpu         ] GC(1420) User=1.60s Sys=0.00s Real=0.85s
[389.073s][info][gc,start       ] GC(1421) Pause Young (Allocation Failure)
[389.075s][info][gc,heap        ] GC(1421) PSYoungGen: 111616K(222720K)->64K(222720K) Eden: 111616K(111616K)->0K(111616K) From: 0K(111104K)->64K(111104K)
[389.075s][info][gc,heap        ] GC(1421) ParOldGen: 489475K(667648K)->489475K(667648K)
[389.075s][info][gc,metaspace   ] GC(1421) Metaspace: 18834K(19008K)->18834K(19008K) NonClass: 17005K(17152K)->17005K(17152K) Class: 1829K(1856K)->1829K(1856K)
[389.075s][info][gc             ] GC(1421) Pause Young (Allocation Failure) 587M->478M(869M) 1.680ms
[389.075s][info][gc,cpu         ] GC(1421) User=0.01s Sys=0.00s Real=0.00s
[389.218s][info][gc,start       ] GC(1422) Pause Young (Allocation Failure)
[389.220s][info][gc,heap        ] GC(1422) PSYoungGen: 111680K(222720K)->64K(222720K) Eden: 111616K(111616K)->0K(111616K) From: 64K(111104K)->64K(111104K)
[389.220s][info][gc,heap        ] GC(1422) ParOldGen: 489475K(667648K)->489483K(667648K)
[389.220s][info][gc,metaspace   ] GC(1422) Metaspace: 18834K(19008K)->18834K(19008K) NonClass: 17005K(17152K)->17005K(17152K) Class: 1829K(1856K)->1829K(1856K)
[389.220s][info][gc             ] GC(1422) Pause Young (Allocation Failure) 587M->478M(869M) 1.668ms
[389.220s][info][gc,cpu         ] GC(1422) User=0.00s Sys=0.00s Real=0.00s
[389.363s][info][gc,start       ] GC(1423) Pause Young (Allocation Failure)
[389.365s][info][gc,heap        ] GC(1423) PSYoungGen: 111680K(222720K)->64K(222720K) Eden: 111616K(111616K)->0K(111616K) From: 64K(111104K)->64K(111104K)
[389.365s][info][gc,heap        ] GC(1423) ParOldGen: 489483K(667648K)->489483K(667648K)
[389.365s][info][gc,metaspace   ] GC(1423) Metaspace: 18834K(19008K)->18834K(19008K) NonClass: 17005K(17152K)->17005K(17152K) Class: 1829K(1856K)->1829K(1856K)
[389.365s][info][gc             ] GC(1423) Pause Young (Allocation Failure) 587M->478M(869M) 1.689ms
[389.365s][info][gc,cpu         ] GC(1423) User=0.00s Sys=0.00s Real=0.00s
[389.509s][info][gc,start       ] GC(1424) Pause Young (Allocation Failure)
[389.511s][info][gc,heap        ] GC(1424) PSYoungGen: 111680K(222720K)->64K(222720K) Eden: 111616K(111616K)->0K(111616K) From: 64K(111104K)->64K(111104K)
[389.511s][info][gc,heap        ] GC(1424) ParOldGen: 489483K(667648K)->489483K(667648K)
[389.511s][info][gc,metaspace   ] GC(1424) Metaspace: 18834K(19008K)->18834K(19008K) NonClass: 17005K(17152K)->17005K(17152K) Class: 1829K(1856K)->1829K(1856K)
[389.511s][info][gc             ] GC(1424) Pause Young (Allocation Failure) 587M->478M(869M) 1.704ms
[389.511s][info][gc,cpu         ] GC(1424) User=0.01s Sys=0.00s Real=0.00s
[389.657s][info][gc,start       ] GC(1425) Pause Young (Allocation Failure)
[389.660s][info][gc,heap        ] GC(1425) PSYoungGen: 111680K(222720K)->32K(222720K) Eden: 111616K(111616K)->0K(111616K) From: 64K(111104K)->32K(111104K)
[389.660s][info][gc,heap        ] GC(1425) ParOldGen: 489483K(667648K)->489483K(667648K)
[389.660s][info][gc,metaspace   ] GC(1425) Metaspace: 18834K(19008K)->18834K(19008K) NonClass: 17005K(17152K)->17005K(17152K) Class: 1829K(1856K)->1829K(1856K)
[389.660s][info][gc             ] GC(1425) Pause Young (Allocation Failure) 587M->478M(869M) 2.615ms
[389.660s][info][gc,cpu         ] GC(1425) User=0.00s Sys=0.00s Real=0.00s
[389.807s][info][gc,start       ] GC(1426) Pause Young (Allocation Failure)
[389.809s][info][gc,heap        ] GC(1426) PSYoungGen: 111648K(222720K)->64K(222720K) Eden: 111616K(111616K)->0K(111616K) From: 32K(111104K)->64K(111104K)
[389.809s][info][gc,heap        ] GC(1426) ParOldGen: 489483K(667648K)->489483K(667648K)
[389.809s][info][gc,metaspace   ] GC(1426) Metaspace: 18834K(19008K)->18834K(19008K) NonClass: 17005K(17152K)->17005K(17152K) Class: 1829K(1856K)->1829K(1856K)
[389.809s][info][gc             ] GC(1426) Pause Young (Allocation Failure) 587M->478M(869M) 1.755ms
[389.809s][info][gc,cpu         ] GC(1426) User=0.01s Sys=0.00s Real=0.00s
[389.982s][info][gc,start       ] GC(1427) Pause Young (Allocation Failure)
[389.984s][info][gc,heap        ] GC(1427) PSYoungGen: 111680K(222720K)->64K(222720K) Eden: 111616K(111616K)->0K(111616K) From: 64K(111104K)->64K(111104K)
[389.984s][info][gc,heap        ] GC(1427) ParOldGen: 489483K(667648K)->489483K(667648K)
[389.984s][info][gc,metaspace   ] GC(1427) Metaspace: 18834K(19008K)->18834K(19008K) NonClass: 17005K(17152K)->17005K(17152K) Class: 1829K(1856K)->1829K(1856K)
[389.984s][info][gc             ] GC(1427) Pause Young (Allocation Failure) 587M->478M(869M) 1.658ms
[389.984s][info][gc,cpu         ] GC(1427) User=0.00s Sys=0.00s Real=0.00s
[390.129s][info][gc,start       ] GC(1428) Pause Young (Allocation Failure)
[390.131s][info][gc,heap        ] GC(1428) PSYoungGen: 111680K(222720K)->64K(222720K) Eden: 111616K(111616K)->0K(111616K) From: 64K(111104K)->64K(111104K)
[390.131s][info][gc,heap        ] GC(1428) ParOldGen: 489483K(667648K)->489483K(667648K)
[390.131s][info][gc,metaspace   ] GC(1428) Metaspace: 18834K(19008K)->18834K(19008K) NonClass: 17005K(17152K)->17005K(17152K) Class: 1829K(1856K)->1829K(1856K)
[390.131s][info][gc             ] GC(1428) Pause Young (Allocation Failure) 587M->478M(869M) 1.652ms
[390.131s][info][gc,cpu         ] GC(1428) User=0.01s Sys=0.00s Real=0.00s
[390.261s][info][gc,start       ] GC(1429) Pause Young (Allocation Failure)
[390.272s][info][gc,heap        ] GC(1429) PSYoungGen: 111680K(222720K)->8704K(222720K) Eden: 111616K(111616K)->0K(111616K) From: 64K(111104K)->8704K(111104K)
[390.272s][info][gc,heap        ] GC(1429) ParOldGen: 489483K(667648K)->489483K(667648K)
[390.272s][info][gc,metaspace   ] GC(1429) Metaspace: 18834K(19008K)->18834K(19008K) NonClass: 17005K(17152K)->17005K(17152K) Class: 1829K(1856K)->1829K(1856K)
[390.272s][info][gc             ] GC(1429) Pause Young (Allocation Failure) 587M->486M(869M) 11.650ms
[390.272s][info][gc,cpu         ] GC(1429) User=0.03s Sys=0.00s Real=0.02s
[390.385s][info][gc,start       ] GC(1430) Pause Young (Allocation Failure)
[390.407s][info][gc,heap        ] GC(1430) PSYoungGen: 120320K(222720K)->11136K(222720K) Eden: 111616K(111616K)->0K(111616K) From: 8704K(111104K)->11136K(111104K)
[390.407s][info][gc,heap        ] GC(1430) ParOldGen: 489483K(667648K)->498211K(667648K)
[390.407s][info][gc,metaspace   ] GC(1430) Metaspace: 18834K(19008K)->18834K(19008K) NonClass: 17005K(17152K)->17005K(17152K) Class: 1829K(1856K)->1829K(1856K)
[390.407s][info][gc             ] GC(1430) Pause Young (Allocation Failure) 595M->497M(869M) 21.933ms
[390.407s][info][gc,cpu         ] GC(1430) User=0.04s Sys=0.00s Real=0.02s
[390.504s][info][gc,start       ] GC(1431) Pause Young (Allocation Failure)
[390.528s][info][gc,heap        ] GC(1431) PSYoungGen: 122752K(222720K)->11520K(222720K) Eden: 111616K(111616K)->0K(111616K) From: 11136K(111104K)->11520K(111104K)
[390.528s][info][gc,heap        ] GC(1431) ParOldGen: 498211K(667648K)->509371K(667648K)
[390.528s][info][gc,metaspace   ] GC(1431) Metaspace: 18834K(19008K)->18834K(19008K) NonClass: 17005K(17152K)->17005K(17152K) Class: 1829K(1856K)->1829K(1856K)
[390.528s][info][gc             ] GC(1431) Pause Young (Allocation Failure) 606M->508M(869M) 24.308ms
[390.528s][info][gc,cpu         ] GC(1431) User=0.04s Sys=0.00s Real=0.02s
[390.615s][info][gc,start       ] GC(1432) Pause Young (Allocation Failure)
[390.632s][info][gc,heap        ] GC(1432) PSYoungGen: 123136K(222720K)->2080K(222720K) Eden: 111616K(111616K)->0K(111616K) From: 11520K(111104K)->2080K(111104K)
[390.632s][info][gc,heap        ] GC(1432) ParOldGen: 509371K(667648K)->520883K(667648K)
[390.632s][info][gc,metaspace   ] GC(1432) Metaspace: 18834K(19008K)->18834K(19008K) NonClass: 17005K(17152K)->17005K(17152K) Class: 1829K(1856K)->1829K(1856K)
[390.632s][info][gc             ] GC(1432) Pause Young (Allocation Failure) 617M->510M(869M) 17.862ms
[390.632s][info][gc,cpu         ] GC(1432) User=0.03s Sys=0.00s Real=0.02s
[390.723s][info][gc,start       ] GC(1433) Pause Young (Allocation Failure)
[390.732s][info][gc,heap        ] GC(1433) PSYoungGen: 113696K(222720K)->544K(112640K) Eden: 111616K(111616K)->0K(111616K) From: 2080K(111104K)->544K(1024K)
[390.732s][info][gc,heap        ] GC(1433) ParOldGen: 520883K(667648K)->522939K(667648K)
[390.732s][info][gc,metaspace   ] GC(1433) Metaspace: 18834K(19008K)->18834K(19008K) NonClass: 17005K(17152K)->17005K(17152K) Class: 1829K(1856K)->1829K(1856K)
[390.732s][info][gc             ] GC(1433) Pause Young (Allocation Failure) 619M->511M(762M) 8.410ms
[390.732s][info][gc,cpu         ] GC(1433) User=0.02s Sys=0.00s Real=0.01s
[390.826s][info][gc,start       ] GC(1434) Pause Young (Allocation Failure)
[390.831s][info][gc,heap        ] GC(1434) PSYoungGen: 112160K(112640K)->1952K(220160K) Eden: 111616K(111616K)->0K(117248K) From: 544K(1024K)->1952K(102912K)
[390.831s][info][gc,heap        ] GC(1434) ParOldGen: 522939K(667648K)->522939K(667648K)
[390.831s][info][gc,metaspace   ] GC(1434) Metaspace: 18834K(19008K)->18834K(19008K) NonClass: 17005K(17152K)->17005K(17152K) Class: 1829K(1856K)->1829K(1856K)
[390.831s][info][gc             ] GC(1434) Pause Young (Allocation Failure) 620M->512M(867M) 4.643ms
[390.831s][info][gc,cpu         ] GC(1434) User=0.01s Sys=0.00s Real=0.00s
[390.955s][info][gc,start       ] GC(1435) Pause Young (Allocation Failure)
[390.967s][info][gc,heap        ] GC(1435) PSYoungGen: 119200K(220160K)->8768K(218112K) Eden: 117248K(117248K)->0K(117248K) From: 1952K(102912K)->8768K(100864K)
[390.967s][info][gc,heap        ] GC(1435) ParOldGen: 522939K(667648K)->522939K(667648K)
[390.967s][info][gc,metaspace   ] GC(1435) Metaspace: 18834K(19008K)->18834K(19008K) NonClass: 17005K(17152K)->17005K(17152K) Class: 1829K(1856K)->1829K(1856K)
[390.967s][info][gc             ] GC(1435) Pause Young (Allocation Failure) 627M->519M(865M) 11.272ms
[390.967s][info][gc,cpu         ] GC(1435) User=0.02s Sys=0.00s Real=0.01s
[391.117s][info][gc,start       ] GC(1436) Pause Young (Allocation Failure)
[391.131s][info][gc,heap        ] GC(1436) PSYoungGen: 126016K(218112K)->10656K(204800K) Eden: 117248K(117248K)->0K(124416K) From: 8768K(100864K)->10656K(80384K)
[391.131s][info][gc,heap        ] GC(1436) ParOldGen: 522939K(667648K)->522939K(667648K)
[391.131s][info][gc,metaspace   ] GC(1436) Metaspace: 18834K(19008K)->18834K(19008K) NonClass: 17005K(17152K)->17005K(17152K) Class: 1829K(1856K)->1829K(1856K)
[391.131s][info][gc             ] GC(1436) Pause Young (Allocation Failure) 633M->521M(852M) 13.905ms
[391.131s][info][gc,cpu         ] GC(1436) User=0.02s Sys=0.00s Real=0.01s
[391.387s][info][gc,start       ] GC(1437) Pause Young (Allocation Failure)
[391.400s][info][gc,heap        ] GC(1437) PSYoungGen: 135072K(204800K)->10720K(211968K) Eden: 124416K(124416K)->0K(124416K) From: 10656K(80384K)->10720K(87552K)
[391.400s][info][gc,heap        ] GC(1437) ParOldGen: 522939K(667648K)->522939K(667648K)
[391.400s][info][gc,metaspace   ] GC(1437) Metaspace: 18834K(19008K)->18834K(19008K) NonClass: 17005K(17152K)->17005K(17152K) Class: 1829K(1856K)->1829K(1856K)
[391.400s][info][gc             ] GC(1437) Pause Young (Allocation Failure) 642M->521M(859M) 13.052ms
[391.400s][info][gc,cpu         ] GC(1437) User=0.03s Sys=0.00s Real=0.01s
[391.627s][info][gc,start       ] GC(1438) Pause Young (Allocation Failure)
[391.641s][info][gc,heap        ] GC(1438) PSYoungGen: 135136K(211968K)->10848K(200192K) Eden: 124416K(124416K)->0K(131072K) From: 10720K(87552K)->10848K(69120K)
[391.641s][info][gc,heap        ] GC(1438) ParOldGen: 522939K(667648K)->522939K(667648K)
[391.641s][info][gc,metaspace   ] GC(1438) Metaspace: 18834K(19008K)->18834K(19008K) NonClass: 17005K(17152K)->17005K(17152K) Class: 1829K(1856K)->1829K(1856K)
[391.641s][info][gc             ] GC(1438) Pause Young (Allocation Failure) 642M->521M(847M) 14.121ms
[391.641s][info][gc,cpu         ] GC(1438) User=0.03s Sys=0.01s Real=0.01s
[391.853s][info][gc,start       ] GC(1439) Pause Young (Allocation Failure)
[391.867s][info][gc,heap        ] GC(1439) PSYoungGen: 141920K(200192K)->10816K(206336K) Eden: 131072K(131072K)->0K(131072K) From: 10848K(69120K)->10816K(75264K)
[391.867s][info][gc,heap        ] GC(1439) ParOldGen: 522939K(667648K)->522939K(667648K)
[391.867s][info][gc,metaspace   ] GC(1439) Metaspace: 18834K(19008K)->18834K(19008K) NonClass: 17005K(17152K)->17005K(17152K) Class: 1829K(1856K)->1829K(1856K)
[391.867s][info][gc             ] GC(1439) Pause Young (Allocation Failure) 649M->521M(853M) 13.628ms
[391.867s][info][gc,cpu         ] GC(1439) User=0.02s Sys=0.00s Real=0.01s
[392.100s][info][gc,start       ] GC(1440) Pause Young (Allocation Failure)
[392.115s][info][gc,heap        ] GC(1440) PSYoungGen: 141888K(206336K)->10848K(197120K) Eden: 131072K(131072K)->0K(137728K) From: 10816K(75264K)->10848K(59392K)
[392.115s][info][gc,heap        ] GC(1440) ParOldGen: 522939K(667648K)->522939K(667648K)
[392.115s][info][gc,metaspace   ] GC(1440) Metaspace: 18834K(19008K)->18834K(19008K) NonClass: 17005K(17152K)->17005K(17152K) Class: 1829K(1856K)->1829K(1856K)
[392.115s][info][gc             ] GC(1440) Pause Young (Allocation Failure) 649M->521M(844M) 14.526ms
[392.115s][info][gc,cpu         ] GC(1440) User=0.02s Sys=0.00s Real=0.02s
[392.285s][info][gc,start       ] GC(1441) Pause Young (Allocation Failure)
[392.311s][info][gc,heap        ] GC(1441) PSYoungGen: 148576K(197120K)->24832K(202752K) Eden: 137728K(137728K)->0K(137728K) From: 10848K(59392K)->24832K(65024K)
[392.311s][info][gc,heap        ] GC(1441) ParOldGen: 522939K(667648K)->522939K(667648K)
[392.311s][info][gc,metaspace   ] GC(1441) Metaspace: 18834K(19008K)->18834K(19008K) NonClass: 17005K(17152K)->17005K(17152K) Class: 1829K(1856K)->1829K(1856K)
[392.311s][info][gc             ] GC(1441) Pause Young (Allocation Failure) 655M->534M(850M) 25.906ms
[392.311s][info][gc,cpu         ] GC(1441) User=0.05s Sys=0.00s Real=0.02s
[392.457s][info][gc,start       ] GC(1442) Pause Young (Allocation Failure)
[392.484s][info][gc,heap        ] GC(1442) PSYoungGen: 162560K(202752K)->24832K(209920K) Eden: 137728K(137728K)->0K(146944K) From: 24832K(65024K)->24832K(62976K)
[392.484s][info][gc,heap        ] GC(1442) ParOldGen: 522939K(667648K)->522939K(667648K)
[392.484s][info][gc,metaspace   ] GC(1442) Metaspace: 18834K(19008K)->18834K(19008K) NonClass: 17005K(17152K)->17005K(17152K) Class: 1829K(1856K)->1829K(1856K)
[392.484s][info][gc             ] GC(1442) Pause Young (Allocation Failure) 669M->534M(857M) 26.713ms
[392.484s][info][gc,cpu         ] GC(1442) User=0.05s Sys=0.00s Real=0.03s
[392.593s][info][gc,start       ] GC(1443) Pause Young (Allocation Failure)
[392.651s][info][gc,heap        ] GC(1443) PSYoungGen: 171776K(209920K)->62960K(209920K) Eden: 146944K(146944K)->0K(146944K) From: 24832K(62976K)->62960K(62976K)
[392.651s][info][gc,heap        ] GC(1443) ParOldGen: 522939K(667648K)->527763K(667648K)
[392.651s][info][gc,metaspace   ] GC(1443) Metaspace: 18834K(19008K)->18834K(19008K) NonClass: 17005K(17152K)->17005K(17152K) Class: 1829K(1856K)->1829K(1856K)
[392.651s][info][gc             ] GC(1443) Pause Young (Allocation Failure) 678M->576M(857M) 58.065ms
[392.651s][info][gc,cpu         ] GC(1443) User=0.11s Sys=0.00s Real=0.05s
[392.862s][info][gc,start       ] GC(1444) Pause Young (Allocation Failure)
[392.945s][info][gc,heap        ] GC(1444) PSYoungGen: 209904K(209920K)->77216K(222720K) Eden: 146944K(146944K)->0K(145408K) From: 62960K(62976K)->77216K(77312K)
[392.945s][info][gc,heap        ] GC(1444) ParOldGen: 527763K(667648K)->529691K(667648K)
[392.945s][info][gc,metaspace   ] GC(1444) Metaspace: 18834K(19008K)->18834K(19008K) NonClass: 17005K(17152K)->17005K(17152K) Class: 1829K(1856K)->1829K(1856K)
[392.945s][info][gc             ] GC(1444) Pause Young (Allocation Failure) 720M->592M(869M) 83.699ms
[392.945s][info][gc,cpu         ] GC(1444) User=0.13s Sys=0.04s Real=0.09s
[393.137s][info][gc,start       ] GC(1445) Pause Young (Allocation Failure)
[393.216s][info][gc,heap        ] GC(1445) PSYoungGen: 222624K(222720K)->83008K(228864K) Eden: 145408K(145408K)->0K(145408K) From: 77216K(77312K)->83008K(83456K)
[393.216s][info][gc,heap        ] GC(1445) ParOldGen: 529691K(667648K)->536531K(667648K)
[393.216s][info][gc,metaspace   ] GC(1445) Metaspace: 18834K(19008K)->18834K(19008K) NonClass: 17005K(17152K)->17005K(17152K) Class: 1829K(1856K)->1829K(1856K)
[393.216s][info][gc             ] GC(1445) Pause Young (Allocation Failure) 734M->605M(875M) 78.725ms
[393.216s][info][gc,cpu         ] GC(1445) User=0.16s Sys=0.00s Real=0.08s
[393.403s][info][gc,start       ] GC(1446) Pause Young (Allocation Failure)
[393.475s][info][gc,heap        ] GC(1446) PSYoungGen: 228416K(228864K)->81136K(216576K) Eden: 145408K(145408K)->0K(111616K) From: 83008K(83456K)->81136K(104960K)
[393.475s][info][gc,heap        ] GC(1446) ParOldGen: 536531K(667648K)->538427K(667648K)
[393.475s][info][gc,metaspace   ] GC(1446) Metaspace: 18834K(19008K)->18834K(19008K) NonClass: 17005K(17152K)->17005K(17152K) Class: 1829K(1856K)->1829K(1856K)
[393.475s][info][gc             ] GC(1446) Pause Young (Allocation Failure) 747M->605M(863M) 72.203ms
[393.475s][info][gc,cpu         ] GC(1446) User=0.14s Sys=0.00s Real=0.07s
[393.618s][info][gc,start       ] GC(1447) Pause Young (Allocation Failure)
[393.689s][info][gc,heap        ] GC(1447) PSYoungGen: 192752K(216576K)->80944K(222720K) Eden: 111616K(111616K)->0K(111616K) From: 81136K(104960K)->80944K(111104K)
[393.689s][info][gc,heap        ] GC(1447) ParOldGen: 538427K(667648K)->538617K(667648K)
[393.689s][info][gc,metaspace   ] GC(1447) Metaspace: 18834K(19008K)->18834K(19008K) NonClass: 17005K(17152K)->17005K(17152K) Class: 1829K(1856K)->1829K(1856K)
[393.689s][info][gc             ] GC(1447) Pause Young (Allocation Failure) 714M->605M(869M) 70.693ms
[393.689s][info][gc,cpu         ] GC(1447) User=0.14s Sys=0.00s Real=0.07s
[393.832s][info][gc,start       ] GC(1448) Pause Young (Allocation Failure)
[393.903s][info][gc,heap        ] GC(1448) PSYoungGen: 192560K(222720K)->80880K(222720K) Eden: 111616K(111616K)->0K(111616K) From: 80944K(111104K)->80880K(111104K)
[393.903s][info][gc,heap        ] GC(1448) ParOldGen: 538617K(667648K)->538665K(667648K)
[393.903s][info][gc,metaspace   ] GC(1448) Metaspace: 18834K(19008K)->18834K(19008K) NonClass: 17005K(17152K)->17005K(17152K) Class: 1829K(1856K)->1829K(1856K)
[393.903s][info][gc             ] GC(1448) Pause Young (Allocation Failure) 714M->605M(869M) 71.113ms
[393.903s][info][gc,cpu         ] GC(1448) User=0.14s Sys=0.00s Real=0.08s
[394.071s][info][gc,start       ] GC(1449) Pause Young (Allocation Failure)
[394.153s][info][gc,heap        ] GC(1449) PSYoungGen: 192496K(222720K)->66896K(222720K) Eden: 111616K(111616K)->0K(111616K) From: 80880K(111104K)->66896K(111104K)
[394.153s][info][gc,heap        ] GC(1449) ParOldGen: 538665K(667648K)->552721K(667648K)
[394.153s][info][gc,metaspace   ] GC(1449) Metaspace: 18834K(19008K)->18834K(19008K) NonClass: 17005K(17152K)->17005K(17152K) Class: 1829K(1856K)->1829K(1856K)
[394.153s][info][gc             ] GC(1449) Pause Young (Allocation Failure) 714M->605M(869M) 82.028ms
[394.153s][info][gc,cpu         ] GC(1449) User=0.17s Sys=0.00s Real=0.09s
[394.306s][info][gc,start       ] GC(1450) Pause Young (Allocation Failure)
[394.364s][info][gc,heap        ] GC(1450) PSYoungGen: 178512K(222720K)->12672K(222720K) Eden: 111616K(111616K)->0K(111616K) From: 66896K(111104K)->12672K(111104K)
[394.364s][info][gc,heap        ] GC(1450) ParOldGen: 552721K(667648K)->607520K(667648K)
[394.364s][info][gc,metaspace   ] GC(1450) Metaspace: 18834K(19008K)->18834K(19008K) NonClass: 17005K(17152K)->17005K(17152K) Class: 1829K(1856K)->1829K(1856K)
[394.364s][info][gc             ] GC(1450) Pause Young (Allocation Failure) 714M->605M(869M) 58.048ms
[394.365s][info][gc,cpu         ] GC(1450) User=0.11s Sys=0.00s Real=0.06s
[394.508s][info][gc,start       ] GC(1451) Pause Young (Allocation Failure)
[394.529s][info][gc,heap        ] GC(1451) PSYoungGen: 124288K(222720K)->32K(222720K) Eden: 111616K(111616K)->0K(111616K) From: 12672K(111104K)->32K(111104K)
[394.529s][info][gc,heap        ] GC(1451) ParOldGen: 607520K(667648K)->620188K(667648K)
[394.529s][info][gc,metaspace   ] GC(1451) Metaspace: 18834K(19008K)->18834K(19008K) NonClass: 17005K(17152K)->17005K(17152K) Class: 1829K(1856K)->1829K(1856K)
[394.529s][info][gc             ] GC(1451) Pause Young (Allocation Failure) 714M->605M(869M) 21.222ms
[394.529s][info][gc,cpu         ] GC(1451) User=0.04s Sys=0.00s Real=0.02s
[394.669s][info][gc,start       ] GC(1452) Pause Young (Allocation Failure)
[394.671s][info][gc,heap        ] GC(1452) PSYoungGen: 111648K(222720K)->64K(222720K) Eden: 111616K(111616K)->0K(111616K) From: 32K(111104K)->64K(111104K)
[394.671s][info][gc,heap        ] GC(1452) ParOldGen: 620188K(667648K)->620188K(667648K)
[394.671s][info][gc,metaspace   ] GC(1452) Metaspace: 18834K(19008K)->18834K(19008K) NonClass: 17005K(17152K)->17005K(17152K) Class: 1829K(1856K)->1829K(1856K)
[394.671s][info][gc             ] GC(1452) Pause Young (Allocation Failure) 714M->605M(869M) 1.991ms
[394.671s][info][gc,cpu         ] GC(1452) User=0.00s Sys=0.00s Real=0.00s
[394.778s][info][gc,start       ] GC(1453) Pause Young (Allocation Failure)
[394.803s][info][gc,heap        ] GC(1453) PSYoungGen: 111680K(222720K)->19616K(222720K) Eden: 111616K(111616K)->0K(111616K) From: 64K(111104K)->19616K(111104K)
[394.803s][info][gc,heap        ] GC(1453) ParOldGen: 620188K(667648K)->620188K(667648K)
[394.803s][info][gc,metaspace   ] GC(1453) Metaspace: 18834K(19008K)->18834K(19008K) NonClass: 17005K(17152K)->17005K(17152K) Class: 1829K(1856K)->1829K(1856K)
[394.803s][info][gc             ] GC(1453) Pause Young (Allocation Failure) 714M->624M(869M) 24.566ms
[394.803s][info][gc,cpu         ] GC(1453) User=0.05s Sys=0.00s Real=0.03s
[394.908s][info][gc,start       ] GC(1454) Pause Young (Allocation Failure)
[394.942s][info][gc,heap        ] GC(1454) PSYoungGen: 131232K(222720K)->32544K(222720K) Eden: 111616K(111616K)->0K(111616K) From: 19616K(111104K)->32544K(111104K)
[394.942s][info][gc,heap        ] GC(1454) ParOldGen: 620188K(667648K)->620188K(667648K)
[394.942s][info][gc,metaspace   ] GC(1454) Metaspace: 18834K(19008K)->18834K(19008K) NonClass: 17005K(17152K)->17005K(17152K) Class: 1829K(1856K)->1829K(1856K)
[394.942s][info][gc             ] GC(1454) Pause Young (Allocation Failure) 733M->637M(869M) 33.725ms
[394.942s][info][gc,cpu         ] GC(1454) User=0.07s Sys=0.00s Real=0.04s
[395.017s][info][gc,start       ] GC(1455) Pause Young (Allocation Failure)
[395.078s][info][gc,heap        ] GC(1455) PSYoungGen: 144160K(222720K)->38944K(151040K) Eden: 111616K(111616K)->0K(111616K) From: 32544K(111104K)->38944K(39424K)
[395.078s][info][gc,heap        ] GC(1455) ParOldGen: 620188K(667648K)->639844K(667648K)
[395.078s][info][gc,metaspace   ] GC(1455) Metaspace: 18834K(19008K)->18834K(19008K) NonClass: 17005K(17152K)->17005K(17152K) Class: 1829K(1856K)->1829K(1856K)
[395.078s][info][gc             ] GC(1455) Pause Young (Allocation Failure) 746M->662M(799M) 60.692ms
[395.078s][info][gc,cpu         ] GC(1455) User=0.12s Sys=0.00s Real=0.06s
[395.160s][info][gc,start       ] GC(1456) Pause Full (Allocation Failure)
[395.160s][info][gc,phases,start] GC(1456) Marking Phase
[395.532s][info][gc,phases      ] GC(1456) Marking Phase 372.551ms
[395.533s][info][gc,phases,start] GC(1456) Summary Phase
[395.533s][info][gc,phases      ] GC(1456) Summary Phase 0.030ms
[395.533s][info][gc,phases,start] GC(1456) Forward
[395.588s][info][gc,phases      ] GC(1456) Forward 55.807ms
[395.588s][info][gc,phases,start] GC(1456) Adjust Pointers
[395.880s][info][gc,phases      ] GC(1456) Adjust Pointers 291.845ms
[395.880s][info][gc,phases,start] GC(1456) Compaction Phase
[396.024s][info][gc,phases      ] GC(1456) Compaction Phase 143.779ms
[396.031s][info][gc,phases,start] GC(1456) Post Compact
[396.033s][info][gc,phases      ] GC(1456) Post Compact 2.315ms
[396.033s][info][gc,heap        ] GC(1456) PSYoungGen: 150560K(151040K)->0K(217088K) Eden: 111616K(111616K)->0K(111616K) From: 38944K(39424K)->0K(105472K)
[396.033s][info][gc,heap        ] GC(1456) ParOldGen: 639844K(667648K)->567556K(667648K)
[396.033s][info][gc,metaspace   ] GC(1456) Metaspace: 18834K(19008K)->18834K(19008K) NonClass: 17005K(17152K)->17005K(17152K) Class: 1829K(1856K)->1829K(1856K)
[396.033s][info][gc             ] GC(1456) Pause Full (Allocation Failure) 771M->554M(864M) 873.459ms
[396.033s][info][gc,cpu         ] GC(1456) User=1.71s Sys=0.00s Real=0.88s
[396.110s][info][gc,start       ] GC(1457) Pause Young (Allocation Failure)
[396.129s][info][gc,heap        ] GC(1457) PSYoungGen: 111616K(217088K)->9888K(217088K) Eden: 111616K(111616K)->0K(111616K) From: 0K(105472K)->9888K(105472K)
[396.129s][info][gc,heap        ] GC(1457) ParOldGen: 567556K(667648K)->567556K(667648K)
[396.129s][info][gc,metaspace   ] GC(1457) Metaspace: 18834K(19008K)->18834K(19008K) NonClass: 17005K(17152K)->17005K(17152K) Class: 1829K(1856K)->1829K(1856K)
[396.129s][info][gc             ] GC(1457) Pause Young (Allocation Failure) 663M->563M(864M) 18.977ms
[396.129s][info][gc,cpu         ] GC(1457) User=0.04s Sys=0.00s Real=0.02s
[396.203s][info][gc,start       ] GC(1458) Pause Young (Allocation Failure)
[396.229s][info][gc,heap        ] GC(1458) PSYoungGen: 121504K(217088K)->11776K(220160K) Eden: 111616K(111616K)->0K(123904K) From: 9888K(105472K)->11776K(96256K)
[396.229s][info][gc,heap        ] GC(1458) ParOldGen: 567556K(667648K)->577476K(667648K)
[396.229s][info][gc,metaspace   ] GC(1458) Metaspace: 18834K(19008K)->18834K(19008K) NonClass: 17005K(17152K)->17005K(17152K) Class: 1829K(1856K)->1829K(1856K)
[396.229s][info][gc             ] GC(1458) Pause Young (Allocation Failure) 672M->575M(867M) 26.499ms
[396.229s][info][gc,cpu         ] GC(1458) User=0.05s Sys=0.00s Real=0.02s
[396.289s][info][gc,start       ] GC(1459) Pause Young (Allocation Failure)
[396.309s][info][gc,heap        ] GC(1459) PSYoungGen: 135680K(220160K)->4032K(222720K) Eden: 123904K(123904K)->0K(123904K) From: 11776K(96256K)->4032K(98816K)
[396.309s][info][gc,heap        ] GC(1459) ParOldGen: 577476K(667648K)->589260K(667648K)
[396.309s][info][gc,metaspace   ] GC(1459) Metaspace: 18834K(19008K)->18834K(19008K) NonClass: 17005K(17152K)->17005K(17152K) Class: 1829K(1856K)->1829K(1856K)
[396.309s][info][gc             ] GC(1459) Pause Young (Allocation Failure) 696M->579M(869M) 20.169ms
[396.309s][info][gc,cpu         ] GC(1459) User=0.04s Sys=0.00s Real=0.02s
[396.375s][info][gc,start       ] GC(1460) Pause Young (Allocation Failure)
[396.389s][info][gc,heap        ] GC(1460) PSYoungGen: 127936K(222720K)->5760K(227328K) Eden: 123904K(123904K)->0K(137728K) From: 4032K(98816K)->5760K(89600K)
[396.389s][info][gc,heap        ] GC(1460) ParOldGen: 589260K(667648K)->593276K(667648K)
[396.389s][info][gc,metaspace   ] GC(1460) Metaspace: 18834K(19008K)->18834K(19008K) NonClass: 17005K(17152K)->17005K(17152K) Class: 1829K(1856K)->1829K(1856K)
[396.389s][info][gc             ] GC(1460) Pause Young (Allocation Failure) 700M->584M(874M) 13.864ms
[396.389s][info][gc,cpu         ] GC(1460) User=0.03s Sys=0.00s Real=0.01s
[396.472s][info][gc,start       ] GC(1461) Pause Young (Allocation Failure)
[396.484s][info][gc,heap        ] GC(1461) PSYoungGen: 143488K(227328K)->224K(230912K) Eden: 137728K(137728K)->0K(137728K) From: 5760K(89600K)->224K(93184K)
[396.484s][info][gc,heap        ] GC(1461) ParOldGen: 593276K(667648K)->599028K(667648K)
[396.484s][info][gc,metaspace   ] GC(1461) Metaspace: 18834K(19008K)->18834K(19008K) NonClass: 17005K(17152K)->17005K(17152K) Class: 1829K(1856K)->1829K(1856K)
[396.484s][info][gc             ] GC(1461) Pause Young (Allocation Failure) 719M->585M(877M) 12.230ms
[396.484s][info][gc,cpu         ] GC(1461) User=0.03s Sys=0.00s Real=0.01s
[396.585s][info][gc,start       ] GC(1462) Pause Young (Allocation Failure)
[396.598s][info][gc,heap        ] GC(1462) PSYoungGen: 137952K(230912K)->6784K(231424K) Eden: 137728K(137728K)->0K(150016K) From: 224K(93184K)->6784K(81408K)
[396.598s][info][gc,heap        ] GC(1462) ParOldGen: 599028K(667648K)->599220K(667648K)
[396.598s][info][gc,metaspace   ] GC(1462) Metaspace: 18834K(19008K)->18834K(19008K) NonClass: 17005K(17152K)->17005K(17152K) Class: 1829K(1856K)->1829K(1856K)
[396.599s][info][gc             ] GC(1462) Pause Young (Allocation Failure) 719M->591M(878M) 13.077ms
[396.599s][info][gc,cpu         ] GC(1462) User=0.02s Sys=0.00s Real=0.01s
[396.705s][info][gc,start       ] GC(1463) Pause Young (Allocation Failure)
[396.725s][info][gc,heap        ] GC(1463) PSYoungGen: 156800K(231424K)->5184K(236544K) Eden: 150016K(150016K)->0K(150016K) From: 6784K(81408K)->5184K(86528K)
[396.725s][info][gc,heap        ] GC(1463) ParOldGen: 599220K(667648K)->606003K(667648K)
[396.725s][info][gc,metaspace   ] GC(1463) Metaspace: 18834K(19008K)->18834K(19008K) NonClass: 17005K(17152K)->17005K(17152K) Class: 1829K(1856K)->1829K(1856K)
[396.725s][info][gc             ] GC(1463) Pause Young (Allocation Failure) 738M->596M(883M) 19.688ms
[396.725s][info][gc,cpu         ] GC(1463) User=0.03s Sys=0.00s Real=0.02s
[396.889s][info][gc,start       ] GC(1464) Pause Young (Allocation Failure)
[396.903s][info][gc,heap        ] GC(1464) PSYoungGen: 155200K(236544K)->3552K(238592K) Eden: 150016K(150016K)->0K(163840K) From: 5184K(86528K)->3552K(74752K)
[396.903s][info][gc,heap        ] GC(1464) ParOldGen: 606003K(667648K)->611155K(667648K)
[396.903s][info][gc,metaspace   ] GC(1464) Metaspace: 18834K(19008K)->18834K(19008K) NonClass: 17005K(17152K)->17005K(17152K) Class: 1829K(1856K)->1829K(1856K)
[396.903s][info][gc             ] GC(1464) Pause Young (Allocation Failure) 743M->600M(885M) 13.587ms
[396.903s][info][gc,cpu         ] GC(1464) User=0.03s Sys=0.00s Real=0.02s
[397.144s][info][gc,start       ] GC(1465) Pause Young (Allocation Failure)
[397.152s][info][gc,heap        ] GC(1465) PSYoungGen: 167392K(238592K)->5504K(243200K) Eden: 163840K(163840K)->0K(163840K) From: 3552K(74752K)->5504K(79360K)
[397.152s][info][gc,heap        ] GC(1465) ParOldGen: 611155K(667648K)->611155K(667648K)
[397.153s][info][gc,metaspace   ] GC(1465) Metaspace: 18834K(19008K)->18834K(19008K) NonClass: 17005K(17152K)->17005K(17152K) Class: 1829K(1856K)->1829K(1856K)
[397.153s][info][gc             ] GC(1465) Pause Young (Allocation Failure) 760M->602M(889M) 8.844ms
[397.153s][info][gc,cpu         ] GC(1465) User=0.02s Sys=0.01s Real=0.01s
[397.531s][info][gc,start       ] GC(1466) Pause Young (Allocation Failure)
[397.554s][info][gc,heap        ] GC(1466) PSYoungGen: 169344K(243200K)->21176K(241664K) Eden: 163840K(163840K)->0K(175616K) From: 5504K(79360K)->21176K(66048K)
[397.554s][info][gc,heap        ] GC(1466) ParOldGen: 611155K(667648K)->611155K(667648K)
[397.555s][info][gc,metaspace   ] GC(1466) Metaspace: 18834K(19008K)->18834K(19008K) NonClass: 17005K(17152K)->17005K(17152K) Class: 1829K(1856K)->1829K(1856K)
[397.555s][info][gc             ] GC(1466) Pause Young (Allocation Failure) 762M->617M(888M) 23.845ms
[397.555s][info][gc,cpu         ] GC(1466) User=0.05s Sys=0.00s Real=0.03s
[397.812s][info][gc,start       ] GC(1467) Pause Young (Allocation Failure)
[397.844s][info][gc,heap        ] GC(1467) PSYoungGen: 196792K(241664K)->30800K(246784K) Eden: 175616K(175616K)->0K(175616K) From: 21176K(66048K)->30800K(71168K)
[397.844s][info][gc,heap        ] GC(1467) ParOldGen: 611155K(667648K)->611155K(667648K)
[397.844s][info][gc,metaspace   ] GC(1467) Metaspace: 18834K(19008K)->18834K(19008K) NonClass: 17005K(17152K)->17005K(17152K) Class: 1829K(1856K)->1829K(1856K)
[397.844s][info][gc             ] GC(1467) Pause Young (Allocation Failure) 789M->626M(893M) 32.435ms
[397.844s][info][gc,cpu         ] GC(1467) User=0.06s Sys=0.00s Real=0.04s
[398.045s][info][gc,start       ] GC(1468) Pause Young (Allocation Failure)
[398.118s][info][gc,heap        ] GC(1468) PSYoungGen: 206416K(246784K)->70640K(231424K) Eden: 175616K(175616K)->0K(160768K) From: 30800K(71168K)->70640K(70656K)
[398.118s][info][gc,heap        ] GC(1468) ParOldGen: 611155K(667648K)->616059K(667648K)
[398.118s][info][gc,metaspace   ] GC(1468) Metaspace: 18834K(19008K)->18834K(19008K) NonClass: 17005K(17152K)->17005K(17152K) Class: 1829K(1856K)->1829K(1856K)
[398.118s][info][gc             ] GC(1468) Pause Young (Allocation Failure) 798M->670M(878M) 73.663ms
[398.118s][info][gc,cpu         ] GC(1468) User=0.13s Sys=0.01s Real=0.07s
[398.340s][info][gc,start       ] GC(1469) Pause Young (Allocation Failure)
[398.430s][info][gc,heap        ] GC(1469) PSYoungGen: 231408K(231424K)->86512K(247296K) Eden: 160768K(160768K)->0K(160768K) From: 70640K(70656K)->86512K(86528K)
[398.430s][info][gc,heap        ] GC(1469) ParOldGen: 616059K(667648K)->638345K(667648K)
[398.430s][info][gc,metaspace   ] GC(1469) Metaspace: 18834K(19008K)->18834K(19008K) NonClass: 17005K(17152K)->17005K(17152K) Class: 1829K(1856K)->1829K(1856K)
[398.430s][info][gc             ] GC(1469) Pause Young (Allocation Failure) 827M->707M(893M) 89.852ms
[398.430s][info][gc,cpu         ] GC(1469) User=0.18s Sys=0.00s Real=0.09s
[398.684s][info][gc,start       ] GC(1470) Pause Young (Allocation Failure)
[398.767s][info][gc,heap        ] GC(1470) PSYoungGen: 247280K(247296K)->61600K(198144K) Eden: 160768K(160768K)->0K(111616K) From: 86512K(86528K)->61600K(86528K)
[398.767s][info][gc,heap        ] GC(1470) ParOldGen: 638345K(667648K)->663753K(667648K)
[398.767s][info][gc,metaspace   ] GC(1470) Metaspace: 18834K(19008K)->18834K(19008K) NonClass: 17005K(17152K)->17005K(17152K) Class: 1829K(1856K)->1829K(1856K)
[398.767s][info][gc             ] GC(1470) Pause Young (Allocation Failure) 864M->708M(845M) 82.993ms
[398.767s][info][gc,cpu         ] GC(1470) User=0.15s Sys=0.02s Real=0.08s
[398.900s][info][gc,start       ] GC(1471) Pause Full (Allocation Failure)
[398.900s][info][gc,phases,start] GC(1471) Marking Phase
[399.394s][info][gc,phases      ] GC(1471) Marking Phase 494.341ms
[399.395s][info][gc,phases,start] GC(1471) Summary Phase
[399.395s][info][gc,phases      ] GC(1471) Summary Phase 0.037ms
[399.395s][info][gc,phases,start] GC(1471) Forward
[399.523s][info][gc,phases      ] GC(1471) Forward 128.450ms
[399.523s][info][gc,phases,start] GC(1471) Adjust Pointers
[399.909s][info][gc,phases      ] GC(1471) Adjust Pointers 385.511ms
[399.909s][info][gc,phases,start] GC(1471) Compaction Phase
[400.109s][info][gc,phases      ] GC(1471) Compaction Phase 200.539ms
[400.123s][info][gc,phases,start] GC(1471) Post Compact
[400.126s][info][gc,phases      ] GC(1471) Post Compact 2.449ms
[400.126s][info][gc,heap        ] GC(1471) PSYoungGen: 173216K(198144K)->23589K(198144K) Eden: 111616K(111616K)->0K(111616K) From: 61600K(86528K)->23589K(86528K)
[400.126s][info][gc,heap        ] GC(1471) ParOldGen: 663753K(667648K)->667598K(667648K)
[400.126s][info][gc,metaspace   ] GC(1471) Metaspace: 18834K(19008K)->18834K(19008K) NonClass: 17005K(17152K)->17005K(17152K) Class: 1829K(1856K)->1829K(1856K)
[400.126s][info][gc             ] GC(1471) Pause Full (Allocation Failure) 817M->674M(845M) 1225.675ms
[400.126s][info][gc,cpu         ] GC(1471) User=2.37s Sys=0.00s Real=1.23s
[400.284s][info][gc,start       ] GC(1472) Pause Full (Allocation Failure)
[400.284s][info][gc,phases,start] GC(1472) Marking Phase
[400.765s][info][gc,phases      ] GC(1472) Marking Phase 481.468ms
[400.765s][info][gc,phases,start] GC(1472) Summary Phase
[400.765s][info][gc,phases      ] GC(1472) Summary Phase 0.026ms
[400.765s][info][gc,phases,start] GC(1472) Forward
[400.891s][info][gc,phases      ] GC(1472) Forward 125.089ms
[400.891s][info][gc,phases,start] GC(1472) Adjust Pointers
[401.290s][info][gc,phases      ] GC(1472) Adjust Pointers 399.530ms
[401.290s][info][gc,phases,start] GC(1472) Compaction Phase
[401.460s][info][gc,phases      ] GC(1472) Compaction Phase 170.150ms
[401.477s][info][gc,phases,start] GC(1472) Post Compact
[401.479s][info][gc,phases      ] GC(1472) Post Compact 2.324ms
[401.479s][info][gc,heap        ] GC(1472) PSYoungGen: 135205K(198144K)->23901K(222720K) Eden: 111616K(111616K)->23901K(111616K) From: 23589K(86528K)->0K(111104K)
[401.479s][info][gc,heap        ] GC(1472) ParOldGen: 667598K(667648K)->667647K(667648K)
[401.479s][info][gc,metaspace   ] GC(1472) Metaspace: 18834K(19008K)->18834K(19008K) NonClass: 17005K(17152K)->17005K(17152K) Class: 1829K(1856K)->1829K(1856K)
[401.479s][info][gc             ] GC(1472) Pause Full (Allocation Failure) 783M->675M(869M) 1195.156ms
[401.479s][info][gc,cpu         ] GC(1472) User=2.33s Sys=0.01s Real=1.19s
[401.585s][info][gc,start       ] GC(1473) Pause Full (Allocation Failure)
[401.585s][info][gc,phases,start] GC(1473) Marking Phase
[402.072s][info][gc,phases      ] GC(1473) Marking Phase 487.311ms
[402.072s][info][gc,phases,start] GC(1473) Summary Phase
[402.072s][info][gc,phases      ] GC(1473) Summary Phase 0.026ms
[402.072s][info][gc,phases,start] GC(1473) Forward
[402.119s][info][gc,phases      ] GC(1473) Forward 46.892ms
[402.119s][info][gc,phases,start] GC(1473) Adjust Pointers
[402.471s][info][gc,phases      ] GC(1473) Adjust Pointers 352.084ms
[402.471s][info][gc,phases,start] GC(1473) Compaction Phase
[402.622s][info][gc,phases      ] GC(1473) Compaction Phase 150.692ms
[402.622s][info][gc,phases,start] GC(1473) Post Compact
[402.625s][info][gc,phases      ] GC(1473) Post Compact 2.345ms
[402.625s][info][gc,heap        ] GC(1473) PSYoungGen: 111616K(222720K)->25067K(198144K) Eden: 111616K(111616K)->25067K(111616K) From: 0K(111104K)->0K(86528K)
[402.625s][info][gc,heap        ] GC(1473) ParOldGen: 667647K(667648K)->667646K(667648K)
[402.625s][info][gc,metaspace   ] GC(1473) Metaspace: 18835K(19008K)->18835K(19008K) NonClass: 17005K(17152K)->17005K(17152K) Class: 1829K(1856K)->1829K(1856K)
[402.625s][info][gc             ] GC(1473) Pause Full (Allocation Failure) 760M->676M(845M) 1039.837ms
[402.625s][info][gc,cpu         ] GC(1473) User=2.03s Sys=0.00s Real=1.04s
[402.712s][info][gc,start       ] GC(1474) Pause Full (Allocation Failure)
[402.712s][info][gc,phases,start] GC(1474) Marking Phase
[403.203s][info][gc,phases      ] GC(1474) Marking Phase 491.293ms
[403.203s][info][gc,phases,start] GC(1474) Summary Phase
[403.203s][info][gc,phases      ] GC(1474) Summary Phase 0.027ms
[403.203s][info][gc,phases,start] GC(1474) Forward
[403.325s][info][gc,phases      ] GC(1474) Forward 122.174ms
[403.325s][info][gc,phases,start] GC(1474) Adjust Pointers
[403.724s][info][gc,phases      ] GC(1474) Adjust Pointers 398.581ms
[403.724s][info][gc,phases,start] GC(1474) Compaction Phase
[403.890s][info][gc,phases      ] GC(1474) Compaction Phase 166.047ms
[403.906s][info][gc,phases,start] GC(1474) Post Compact
[403.909s][info][gc,phases      ] GC(1474) Post Compact 2.323ms
[403.909s][info][gc,heap        ] GC(1474) PSYoungGen: 111616K(198144K)->25784K(222720K) Eden: 111616K(111616K)->25784K(111616K) From: 0K(86528K)->0K(111104K)
[403.909s][info][gc,heap        ] GC(1474) ParOldGen: 667646K(667648K)->667643K(667648K)
[403.909s][info][gc,metaspace   ] GC(1474) Metaspace: 18835K(19008K)->18835K(19008K) NonClass: 17005K(17152K)->17005K(17152K) Class: 1829K(1856K)->1829K(1856K)
[403.909s][info][gc             ] GC(1474) Pause Full (Allocation Failure) 760M->677M(869M) 1196.990ms
[403.909s][info][gc,cpu         ] GC(1474) User=2.33s Sys=0.00s Real=1.20s
[403.978s][info][gc,start       ] GC(1475) Pause Full (Allocation Failure)
[403.978s][info][gc,phases,start] GC(1475) Marking Phase
[404.469s][info][gc,phases      ] GC(1475) Marking Phase 490.936ms
[404.469s][info][gc,phases,start] GC(1475) Summary Phase
[404.469s][info][gc,phases      ] GC(1475) Summary Phase 0.026ms
[404.469s][info][gc,phases,start] GC(1475) Forward
[404.480s][info][gc,phases      ] GC(1475) Forward 10.940ms
[404.480s][info][gc,phases,start] GC(1475) Adjust Pointers
[404.826s][info][gc,phases      ] GC(1475) Adjust Pointers 345.994ms
[404.826s][info][gc,phases,start] GC(1475) Compaction Phase
[404.960s][info][gc,phases      ] GC(1475) Compaction Phase 134.319ms
[404.961s][info][gc,phases,start] GC(1475) Post Compact
[404.963s][info][gc,phases      ] GC(1475) Post Compact 2.243ms
[404.963s][info][gc,heap        ] GC(1475) PSYoungGen: 111616K(222720K)->26612K(198144K) Eden: 111616K(111616K)->26612K(111616K) From: 0K(111104K)->0K(86528K)
[404.963s][info][gc,heap        ] GC(1475) ParOldGen: 667643K(667648K)->667643K(667648K)
[404.963s][info][gc,metaspace   ] GC(1475) Metaspace: 18835K(19008K)->18835K(19008K) NonClass: 17005K(17152K)->17005K(17152K) Class: 1829K(1856K)->1829K(1856K)
[404.963s][info][gc             ] GC(1475) Pause Full (Allocation Failure) 760M->677M(845M) 984.908ms
[404.963s][info][gc,cpu         ] GC(1475) User=1.92s Sys=0.00s Real=0.99s
[405.153s][info][gc,start       ] GC(1476) Pause Full (Allocation Failure)
[405.153s][info][gc,phases,start] GC(1476) Marking Phase
[405.660s][info][gc,phases      ] GC(1476) Marking Phase 507.067ms
[405.660s][info][gc,phases,start] GC(1476) Summary Phase
[405.661s][info][gc,phases      ] GC(1476) Summary Phase 0.030ms
[405.661s][info][gc,phases,start] GC(1476) Forward
[405.789s][info][gc,phases      ] GC(1476) Forward 128.459ms
[405.789s][info][gc,phases,start] GC(1476) Adjust Pointers
[406.194s][info][gc,phases      ] GC(1476) Adjust Pointers 405.320ms
[406.194s][info][gc,phases,start] GC(1476) Compaction Phase
[406.384s][info][gc,phases      ] GC(1476) Compaction Phase 189.494ms
[406.401s][info][gc,phases,start] GC(1476) Post Compact
[406.403s][info][gc,phases      ] GC(1476) Post Compact 2.320ms
[406.403s][info][gc,heap        ] GC(1476) PSYoungGen: 111616K(198144K)->42421K(222720K) Eden: 111616K(111616K)->42421K(111616K) From: 0K(86528K)->0K(111104K)
[406.403s][info][gc,heap        ] GC(1476) ParOldGen: 667643K(667648K)->667562K(667648K)
[406.403s][info][gc,metaspace   ] GC(1476) Metaspace: 18838K(19008K)->18838K(19008K) NonClass: 17008K(17152K)->17008K(17152K) Class: 1829K(1856K)->1829K(1856K)
[406.403s][info][gc             ] GC(1476) Pause Full (Allocation Failure) 760M->693M(869M) 1250.234ms
[406.404s][info][gc,cpu         ] GC(1476) User=2.44s Sys=0.00s Real=1.25s
[406.516s][info][gc,start       ] GC(1477) Pause Full (Allocation Failure)
[406.516s][info][gc,phases,start] GC(1477) Marking Phase
[407.019s][info][gc,phases      ] GC(1477) Marking Phase 502.664ms
[407.019s][info][gc,phases,start] GC(1477) Summary Phase
[407.019s][info][gc,phases      ] GC(1477) Summary Phase 0.024ms
[407.019s][info][gc,phases,start] GC(1477) Forward
[407.036s][info][gc,phases      ] GC(1477) Forward 16.948ms
[407.036s][info][gc,phases,start] GC(1477) Adjust Pointers
[407.388s][info][gc,phases      ] GC(1477) Adjust Pointers 352.531ms
[407.389s][info][gc,phases,start] GC(1477) Compaction Phase
[407.525s][info][gc,phases      ] GC(1477) Compaction Phase 136.845ms
[407.526s][info][gc,phases,start] GC(1477) Post Compact
[407.528s][info][gc,phases      ] GC(1477) Post Compact 2.248ms
[407.528s][info][gc,heap        ] GC(1477) PSYoungGen: 111616K(222720K)->43265K(198144K) Eden: 111616K(111616K)->43265K(111616K) From: 0K(111104K)->0K(86528K)
[407.528s][info][gc,heap        ] GC(1477) ParOldGen: 667562K(667648K)->667562K(667648K)
[407.528s][info][gc,metaspace   ] GC(1477) Metaspace: 18838K(19008K)->18838K(19008K) NonClass: 17008K(17152K)->17008K(17152K) Class: 1829K(1856K)->1829K(1856K)
[407.528s][info][gc             ] GC(1477) Pause Full (Allocation Failure) 760M->694M(845M) 1011.727ms
[407.528s][info][gc,cpu         ] GC(1477) User=1.97s Sys=0.00s Real=1.01s
[407.624s][info][gc,start       ] GC(1478) Pause Full (Allocation Failure)
[407.624s][info][gc,phases,start] GC(1478) Marking Phase
[408.132s][info][gc,phases      ] GC(1478) Marking Phase 507.663ms
[408.132s][info][gc,phases,start] GC(1478) Summary Phase
[408.132s][info][gc,phases      ] GC(1478) Summary Phase 0.023ms
[408.132s][info][gc,phases,start] GC(1478) Forward
[408.149s][info][gc,phases      ] GC(1478) Forward 16.986ms
[408.149s][info][gc,phases,start] GC(1478) Adjust Pointers
[408.510s][info][gc,phases      ] GC(1478) Adjust Pointers 360.959ms
[408.510s][info][gc,phases,start] GC(1478) Compaction Phase
[408.653s][info][gc,phases      ] GC(1478) Compaction Phase 143.264ms
[408.653s][info][gc,phases,start] GC(1478) Post Compact
[408.656s][info][gc,phases      ] GC(1478) Post Compact 2.236ms
[408.656s][info][gc,heap        ] GC(1478) PSYoungGen: 111616K(198144K)->54864K(222720K) Eden: 111616K(111616K)->54864K(111616K) From: 0K(86528K)->0K(111104K)
[408.656s][info][gc,heap        ] GC(1478) ParOldGen: 667562K(667648K)->667562K(667648K)
[408.656s][info][gc,metaspace   ] GC(1478) Metaspace: 18838K(19008K)->18838K(19008K) NonClass: 17008K(17152K)->17008K(17152K) Class: 1829K(1856K)->1829K(1856K)
[408.656s][info][gc             ] GC(1478) Pause Full (Allocation Failure) 760M->705M(869M) 1031.628ms
[408.656s][info][gc,cpu         ] GC(1478) User=2.02s Sys=0.00s Real=1.03s
[408.726s][info][gc,start       ] GC(1479) Pause Full (Allocation Failure)
[408.726s][info][gc,phases,start] GC(1479) Marking Phase
[409.251s][info][gc,phases      ] GC(1479) Marking Phase 525.091ms
[409.251s][info][gc,phases,start] GC(1479) Summary Phase
[409.251s][info][gc,phases      ] GC(1479) Summary Phase 0.024ms
[409.251s][info][gc,phases,start] GC(1479) Forward
[409.274s][info][gc,phases      ] GC(1479) Forward 22.802ms
[409.274s][info][gc,phases,start] GC(1479) Adjust Pointers
[409.644s][info][gc,phases      ] GC(1479) Adjust Pointers 369.590ms
[409.644s][info][gc,phases,start] GC(1479) Compaction Phase
[409.787s][info][gc,phases      ] GC(1479) Compaction Phase 143.292ms
[409.787s][info][gc,phases,start] GC(1479) Post Compact
[409.789s][info][gc,phases      ] GC(1479) Post Compact 2.233ms
[409.789s][info][gc,heap        ] GC(1479) PSYoungGen: 111616K(222720K)->63133K(198144K) Eden: 111616K(111616K)->63133K(111616K) From: 0K(111104K)->0K(86528K)
[409.789s][info][gc,heap        ] GC(1479) ParOldGen: 667562K(667648K)->667562K(667648K)
[409.790s][info][gc,metaspace   ] GC(1479) Metaspace: 18838K(19008K)->18838K(19008K) NonClass: 17008K(17152K)->17008K(17152K) Class: 1829K(1856K)->1829K(1856K)
[409.790s][info][gc             ] GC(1479) Pause Full (Allocation Failure) 760M->713M(845M) 1063.489ms
[409.790s][info][gc,cpu         ] GC(1479) User=2.07s Sys=0.00s Real=1.06s
[409.839s][info][gc,start       ] GC(1480) Pause Full (Allocation Failure)
[409.839s][info][gc,phases,start] GC(1480) Marking Phase
[410.364s][info][gc,phases      ] GC(1480) Marking Phase 525.162ms
[410.364s][info][gc,phases,start] GC(1480) Summary Phase
[410.364s][info][gc,phases      ] GC(1480) Summary Phase 0.024ms
[410.364s][info][gc,phases,start] GC(1480) Forward
[410.387s][info][gc,phases      ] GC(1480) Forward 22.729ms
[410.387s][info][gc,phases,start] GC(1480) Adjust Pointers
[410.753s][info][gc,phases      ] GC(1480) Adjust Pointers 366.491ms
[410.753s][info][gc,phases,start] GC(1480) Compaction Phase
[410.898s][info][gc,phases      ] GC(1480) Compaction Phase 144.111ms
[410.898s][info][gc,phases,start] GC(1480) Post Compact
[410.900s][info][gc,phases      ] GC(1480) Post Compact 2.236ms
[410.900s][info][gc,heap        ] GC(1480) PSYoungGen: 111616K(198144K)->69147K(222720K) Eden: 111616K(111616K)->69147K(111616K) From: 0K(86528K)->0K(111104K)
[410.900s][info][gc,heap        ] GC(1480) ParOldGen: 667562K(667648K)->667562K(667648K)
[410.900s][info][gc,metaspace   ] GC(1480) Metaspace: 18838K(19008K)->18838K(19008K) NonClass: 17008K(17152K)->17008K(17152K) Class: 1829K(1856K)->1829K(1856K)
[410.900s][info][gc             ] GC(1480) Pause Full (Allocation Failure) 760M->719M(869M) 1061.216ms
[410.900s][info][gc,cpu         ] GC(1480) User=2.07s Sys=0.00s Real=1.06s
[410.940s][info][gc,start       ] GC(1481) Pause Full (Allocation Failure)
[410.940s][info][gc,phases,start] GC(1481) Marking Phase
[411.468s][info][gc,phases      ] GC(1481) Marking Phase 528.232ms
[411.468s][info][gc,phases,start] GC(1481) Summary Phase
[411.468s][info][gc,phases      ] GC(1481) Summary Phase 0.026ms
[411.468s][info][gc,phases,start] GC(1481) Forward
[411.491s][info][gc,phases      ] GC(1481) Forward 22.803ms
[411.491s][info][gc,phases,start] GC(1481) Adjust Pointers
[411.868s][info][gc,phases      ] GC(1481) Adjust Pointers 376.986ms
[411.868s][info][gc,phases,start] GC(1481) Compaction Phase
[412.016s][info][gc,phases      ] GC(1481) Compaction Phase 147.595ms
[412.016s][info][gc,phases,start] GC(1481) Post Compact
[412.018s][info][gc,phases      ] GC(1481) Post Compact 2.258ms
[412.018s][info][gc,heap        ] GC(1481) PSYoungGen: 111616K(222720K)->76956K(198144K) Eden: 111616K(111616K)->76956K(111616K) From: 0K(111104K)->0K(86528K)
[412.018s][info][gc,heap        ] GC(1481) ParOldGen: 667562K(667648K)->667562K(667648K)
[412.018s][info][gc,metaspace   ] GC(1481) Metaspace: 18838K(19008K)->18838K(19008K) NonClass: 17008K(17152K)->17008K(17152K) Class: 1829K(1856K)->1829K(1856K)
[412.018s][info][gc             ] GC(1481) Pause Full (Allocation Failure) 760M->727M(845M) 1078.378ms
[412.018s][info][gc,cpu         ] GC(1481) User=2.11s Sys=0.00s Real=1.08s
[412.066s][info][gc,start       ] GC(1482) Pause Full (Allocation Failure)
[412.066s][info][gc,phases,start] GC(1482) Marking Phase
[412.601s][info][gc,phases      ] GC(1482) Marking Phase 534.680ms
[412.601s][info][gc,phases,start] GC(1482) Summary Phase
[412.601s][info][gc,phases      ] GC(1482) Summary Phase 0.046ms
[412.601s][info][gc,phases,start] GC(1482) Forward
[412.624s][info][gc,phases      ] GC(1482) Forward 22.746ms
[412.624s][info][gc,phases,start] GC(1482) Adjust Pointers
[413.006s][info][gc,phases      ] GC(1482) Adjust Pointers 382.171ms
[413.006s][info][gc,phases,start] GC(1482) Compaction Phase
[413.155s][info][gc,phases      ] GC(1482) Compaction Phase 149.155ms
[413.155s][info][gc,phases,start] GC(1482) Post Compact
[413.158s][info][gc,phases      ] GC(1482) Post Compact 2.241ms
[413.158s][info][gc,heap        ] GC(1482) PSYoungGen: 111616K(198144K)->77654K(222720K) Eden: 111616K(111616K)->77654K(111616K) From: 0K(86528K)->0K(111104K)
[413.158s][info][gc,heap        ] GC(1482) ParOldGen: 667562K(667648K)->667562K(667648K)
[413.158s][info][gc,metaspace   ] GC(1482) Metaspace: 18838K(19008K)->18838K(19008K) NonClass: 17008K(17152K)->17008K(17152K) Class: 1829K(1856K)->1829K(1856K)
[413.158s][info][gc             ] GC(1482) Pause Full (Allocation Failure) 760M->727M(869M) 1091.557ms
[413.158s][info][gc,cpu         ] GC(1482) User=2.13s Sys=0.00s Real=1.09s
[413.185s][info][gc,start       ] GC(1483) Pause Full (Allocation Failure)
[413.185s][info][gc,phases,start] GC(1483) Marking Phase
[413.722s][info][gc,phases      ] GC(1483) Marking Phase 536.331ms
[413.722s][info][gc,phases,start] GC(1483) Summary Phase
[413.722s][info][gc,phases      ] GC(1483) Summary Phase 0.024ms
[413.722s][info][gc,phases,start] GC(1483) Forward
[413.744s][info][gc,phases      ] GC(1483) Forward 22.604ms
[413.745s][info][gc,phases,start] GC(1483) Adjust Pointers
[414.118s][info][gc,phases      ] GC(1483) Adjust Pointers 373.038ms
[414.118s][info][gc,phases,start] GC(1483) Compaction Phase
[414.263s][info][gc,phases      ] GC(1483) Compaction Phase 145.482ms
[414.263s][info][gc,phases,start] GC(1483) Post Compact
[414.265s][info][gc,phases      ] GC(1483) Post Compact 2.232ms
[414.265s][info][gc,heap        ] GC(1483) PSYoungGen: 111616K(222720K)->80938K(198144K) Eden: 111616K(111616K)->80938K(111616K) From: 0K(111104K)->0K(86528K)
[414.265s][info][gc,heap        ] GC(1483) ParOldGen: 667562K(667648K)->667562K(667648K)
[414.266s][info][gc,metaspace   ] GC(1483) Metaspace: 18838K(19008K)->18838K(19008K) NonClass: 17008K(17152K)->17008K(17152K) Class: 1829K(1856K)->1829K(1856K)
[414.266s][info][gc             ] GC(1483) Pause Full (Allocation Failure) 760M->730M(845M) 1080.135ms
[414.266s][info][gc,cpu         ] GC(1483) User=2.11s Sys=0.01s Real=1.08s
[414.284s][info][gc,start       ] GC(1484) Pause Full (Allocation Failure)
[414.284s][info][gc,phases,start] GC(1484) Marking Phase
[414.820s][info][gc,phases      ] GC(1484) Marking Phase 536.599ms
[414.820s][info][gc,phases,start] GC(1484) Summary Phase
[414.820s][info][gc,phases      ] GC(1484) Summary Phase 0.026ms
[414.820s][info][gc,phases,start] GC(1484) Forward
[414.843s][info][gc,phases      ] GC(1484) Forward 22.562ms
[414.843s][info][gc,phases,start] GC(1484) Adjust Pointers
[415.217s][info][gc,phases      ] GC(1484) Adjust Pointers 373.710ms
[415.217s][info][gc,phases,start] GC(1484) Compaction Phase
[415.367s][info][gc,phases      ] GC(1484) Compaction Phase 150.018ms
[415.367s][info][gc,phases,start] GC(1484) Post Compact
[415.369s][info][gc,phases      ] GC(1484) Post Compact 2.235ms
[415.369s][info][gc,heap        ] GC(1484) PSYoungGen: 111616K(198144K)->81284K(222720K) Eden: 111616K(111616K)->81284K(111616K) From: 0K(86528K)->0K(111104K)
[415.369s][info][gc,heap        ] GC(1484) ParOldGen: 667562K(667648K)->667562K(667648K)
[415.369s][info][gc,metaspace   ] GC(1484) Metaspace: 18838K(19008K)->18838K(19008K) NonClass: 17008K(17152K)->17008K(17152K) Class: 1829K(1856K)->1829K(1856K)
[415.369s][info][gc             ] GC(1484) Pause Full (Allocation Failure) 760M->731M(869M) 1085.601ms
[415.369s][info][gc,cpu         ] GC(1484) User=2.12s Sys=0.00s Real=1.08s
[415.388s][info][gc,start       ] GC(1485) Pause Full (Allocation Failure)
[415.388s][info][gc,phases,start] GC(1485) Marking Phase
[415.924s][info][gc,phases      ] GC(1485) Marking Phase 536.626ms
[415.924s][info][gc,phases,start] GC(1485) Summary Phase
[415.924s][info][gc,phases      ] GC(1485) Summary Phase 0.025ms
[415.924s][info][gc,phases,start] GC(1485) Forward
[415.947s][info][gc,phases      ] GC(1485) Forward 22.623ms
[415.947s][info][gc,phases,start] GC(1485) Adjust Pointers
[416.321s][info][gc,phases      ] GC(1485) Adjust Pointers 373.778ms
[416.321s][info][gc,phases,start] GC(1485) Compaction Phase
[416.466s][info][gc,phases      ] GC(1485) Compaction Phase 145.084ms
[416.466s][info][gc,phases,start] GC(1485) Post Compact
[416.468s][info][gc,phases      ] GC(1485) Post Compact 2.275ms
[416.468s][info][gc,heap        ] GC(1485) PSYoungGen: 111616K(222720K)->81541K(198144K) Eden: 111616K(111616K)->81541K(111616K) From: 0K(111104K)->0K(86528K)
[416.468s][info][gc,heap        ] GC(1485) ParOldGen: 667562K(667648K)->667562K(667648K)
[416.468s][info][gc,metaspace   ] GC(1485) Metaspace: 18838K(19008K)->18838K(19008K) NonClass: 17008K(17152K)->17008K(17152K) Class: 1829K(1856K)->1829K(1856K)
[416.468s][info][gc             ] GC(1485) Pause Full (Allocation Failure) 760M->731M(845M) 1080.849ms
[416.468s][info][gc,cpu         ] GC(1485) User=2.11s Sys=0.00s Real=1.08s
[416.499s][info][gc,start       ] GC(1486) Pause Full (Allocation Failure)
[416.499s][info][gc,phases,start] GC(1486) Marking Phase
[417.035s][info][gc,phases      ] GC(1486) Marking Phase 535.792ms
[417.035s][info][gc,phases,start] GC(1486) Summary Phase
[417.035s][info][gc,phases      ] GC(1486) Summary Phase 0.024ms
[417.035s][info][gc,phases,start] GC(1486) Forward
[417.058s][info][gc,phases      ] GC(1486) Forward 22.820ms
[417.058s][info][gc,phases,start] GC(1486) Adjust Pointers
[417.432s][info][gc,phases      ] GC(1486) Adjust Pointers 374.156ms
[417.432s][info][gc,phases,start] GC(1486) Compaction Phase
[417.579s][info][gc,phases      ] GC(1486) Compaction Phase 146.688ms
[417.579s][info][gc,phases,start] GC(1486) Post Compact
[417.581s][info][gc,phases      ] GC(1486) Post Compact 2.244ms
[417.582s][info][gc,heap        ] GC(1486) PSYoungGen: 111616K(198144K)->81535K(222720K) Eden: 111616K(111616K)->81535K(111616K) From: 0K(86528K)->0K(111104K)
[417.582s][info][gc,heap        ] GC(1486) ParOldGen: 667562K(667648K)->667562K(667648K)
[417.582s][info][gc,metaspace   ] GC(1486) Metaspace: 18838K(19008K)->18838K(19008K) NonClass: 17008K(17152K)->17008K(17152K) Class: 1829K(1856K)->1829K(1856K)
[417.582s][info][gc             ] GC(1486) Pause Full (Allocation Failure) 760M->731M(869M) 1082.190ms
[417.582s][info][gc,cpu         ] GC(1486) User=2.12s Sys=0.00s Real=1.08s
[417.611s][info][gc,start       ] GC(1487) Pause Full (Allocation Failure)
[417.611s][info][gc,phases,start] GC(1487) Marking Phase
[418.147s][info][gc,phases      ] GC(1487) Marking Phase 536.010ms
[418.147s][info][gc,phases,start] GC(1487) Summary Phase
[418.147s][info][gc,phases      ] GC(1487) Summary Phase 0.026ms
[418.147s][info][gc,phases,start] GC(1487) Forward
[418.170s][info][gc,phases      ] GC(1487) Forward 23.041ms
[418.170s][info][gc,phases,start] GC(1487) Adjust Pointers
[418.544s][info][gc,phases      ] GC(1487) Adjust Pointers 374.540ms
[418.544s][info][gc,phases,start] GC(1487) Compaction Phase
[418.693s][info][gc,phases      ] GC(1487) Compaction Phase 148.947ms
[418.694s][info][gc,phases,start] GC(1487) Post Compact
[418.696s][info][gc,phases      ] GC(1487) Post Compact 2.242ms
[418.696s][info][gc,heap        ] GC(1487) PSYoungGen: 111616K(222720K)->83455K(198144K) Eden: 111616K(111616K)->83455K(111616K) From: 0K(111104K)->0K(86528K)
[418.696s][info][gc,heap        ] GC(1487) ParOldGen: 667562K(667648K)->667562K(667648K)
[418.696s][info][gc,metaspace   ] GC(1487) Metaspace: 18838K(19008K)->18838K(19008K) NonClass: 17008K(17152K)->17008K(17152K) Class: 1829K(1856K)->1829K(1856K)
[418.696s][info][gc             ] GC(1487) Pause Full (Allocation Failure) 760M->733M(845M) 1085.270ms
[418.696s][info][gc,cpu         ] GC(1487) User=2.13s Sys=0.00s Real=1.09s
[418.723s][info][gc,start       ] GC(1488) Pause Full (Allocation Failure)
[418.723s][info][gc,phases,start] GC(1488) Marking Phase
[419.261s][info][gc,phases      ] GC(1488) Marking Phase 537.875ms
[419.261s][info][gc,phases,start] GC(1488) Summary Phase
[419.261s][info][gc,phases      ] GC(1488) Summary Phase 0.023ms
[419.261s][info][gc,phases,start] GC(1488) Forward
[419.284s][info][gc,phases      ] GC(1488) Forward 22.629ms
[419.284s][info][gc,phases,start] GC(1488) Adjust Pointers
[419.661s][info][gc,phases      ] GC(1488) Adjust Pointers 377.649ms
[419.661s][info][gc,phases,start] GC(1488) Compaction Phase
[419.807s][info][gc,phases      ] GC(1488) Compaction Phase 145.988ms
[419.807s][info][gc,phases,start] GC(1488) Post Compact
[419.810s][info][gc,phases      ] GC(1488) Post Compact 2.239ms
[419.810s][info][gc,heap        ] GC(1488) PSYoungGen: 111616K(198144K)->83479K(222720K) Eden: 111616K(111616K)->83479K(111616K) From: 0K(86528K)->0K(111104K)
[419.810s][info][gc,heap        ] GC(1488) ParOldGen: 667562K(667648K)->667562K(667648K)
[419.810s][info][gc,metaspace   ] GC(1488) Metaspace: 18838K(19008K)->18838K(19008K) NonClass: 17008K(17152K)->17008K(17152K) Class: 1829K(1856K)->1829K(1856K)
[419.810s][info][gc             ] GC(1488) Pause Full (Allocation Failure) 760M->733M(869M) 1086.864ms
[419.810s][info][gc,cpu         ] GC(1488) User=2.12s Sys=0.00s Real=1.08s
[419.837s][info][gc,start       ] GC(1489) Pause Full (Allocation Failure)
[419.837s][info][gc,phases,start] GC(1489) Marking Phase
[420.377s][info][gc,phases      ] GC(1489) Marking Phase 539.218ms
[420.377s][info][gc,phases,start] GC(1489) Summary Phase
[420.377s][info][gc,phases      ] GC(1489) Summary Phase 0.024ms
[420.377s][info][gc,phases,start] GC(1489) Forward
[420.399s][info][gc,phases      ] GC(1489) Forward 22.647ms
[420.399s][info][gc,phases,start] GC(1489) Adjust Pointers
[420.772s][info][gc,phases      ] GC(1489) Adjust Pointers 372.156ms
[420.772s][info][gc,phases,start] GC(1489) Compaction Phase
[420.917s][info][gc,phases      ] GC(1489) Compaction Phase 145.489ms
[420.917s][info][gc,phases,start] GC(1489) Post Compact
[420.919s][info][gc,phases      ] GC(1489) Post Compact 2.231ms
[420.919s][info][gc,heap        ] GC(1489) PSYoungGen: 111616K(222720K)->83476K(198144K) Eden: 111616K(111616K)->83476K(111616K) From: 0K(111104K)->0K(86528K)
[420.919s][info][gc,heap        ] GC(1489) ParOldGen: 667562K(667648K)->667562K(667648K)
[420.919s][info][gc,metaspace   ] GC(1489) Metaspace: 18838K(19008K)->18838K(19008K) NonClass: 17008K(17152K)->17008K(17152K) Class: 1829K(1856K)->1829K(1856K)
[420.919s][info][gc             ] GC(1489) Pause Full (Allocation Failure) 760M->733M(845M) 1082.197ms
[420.919s][info][gc,cpu         ] GC(1489) User=2.12s Sys=0.00s Real=1.08s
[420.951s][info][gc,start       ] GC(1490) Pause Full (Allocation Failure)
[420.951s][info][gc,phases,start] GC(1490) Marking Phase
[421.488s][info][gc,phases      ] GC(1490) Marking Phase 537.663ms
[421.488s][info][gc,phases,start] GC(1490) Summary Phase
[421.488s][info][gc,phases      ] GC(1490) Summary Phase 0.025ms
[421.488s][info][gc,phases,start] GC(1490) Forward
[421.511s][info][gc,phases      ] GC(1490) Forward 22.684ms
[421.511s][info][gc,phases,start] GC(1490) Adjust Pointers
[421.884s][info][gc,phases      ] GC(1490) Adjust Pointers 372.816ms
[421.884s][info][gc,phases,start] GC(1490) Compaction Phase
[422.029s][info][gc,phases      ] GC(1490) Compaction Phase 145.328ms
[422.029s][info][gc,phases,start] GC(1490) Post Compact
[422.032s][info][gc,phases      ] GC(1490) Post Compact 2.236ms
[422.032s][info][gc,heap        ] GC(1490) PSYoungGen: 111616K(198144K)->83825K(222720K) Eden: 111616K(111616K)->83825K(111616K) From: 0K(86528K)->0K(111104K)
[422.032s][info][gc,heap        ] GC(1490) ParOldGen: 667562K(667648K)->667562K(667648K)
[422.032s][info][gc,metaspace   ] GC(1490) Metaspace: 18838K(19008K)->18838K(19008K) NonClass: 17008K(17152K)->17008K(17152K) Class: 1829K(1856K)->1829K(1856K)
[422.032s][info][gc             ] GC(1490) Pause Full (Allocation Failure) 760M->733M(869M) 1081.238ms
[422.032s][info][gc,cpu         ] GC(1490) User=2.11s Sys=0.00s Real=1.09s
[422.062s][info][gc,start       ] GC(1491) Pause Full (Allocation Failure)
[422.062s][info][gc,phases,start] GC(1491) Marking Phase
[422.599s][info][gc,phases      ] GC(1491) Marking Phase 537.542ms
[422.599s][info][gc,phases,start] GC(1491) Summary Phase
[422.599s][info][gc,phases      ] GC(1491) Summary Phase 0.023ms
[422.599s][info][gc,phases,start] GC(1491) Forward
[422.622s][info][gc,phases      ] GC(1491) Forward 22.647ms
[422.622s][info][gc,phases,start] GC(1491) Adjust Pointers
[422.989s][info][gc,phases      ] GC(1491) Adjust Pointers 366.591ms
[422.989s][info][gc,phases,start] GC(1491) Compaction Phase
[423.133s][info][gc,phases      ] GC(1491) Compaction Phase 144.522ms
[423.133s][info][gc,phases,start] GC(1491) Post Compact
[423.136s][info][gc,phases      ] GC(1491) Post Compact 2.229ms
[423.136s][info][gc,heap        ] GC(1491) PSYoungGen: 111616K(222720K)->83826K(198144K) Eden: 111616K(111616K)->83826K(111616K) From: 0K(111104K)->0K(86528K)
[423.136s][info][gc,heap        ] GC(1491) ParOldGen: 667562K(667648K)->667562K(667648K)
[423.136s][info][gc,metaspace   ] GC(1491) Metaspace: 18838K(19008K)->18838K(19008K) NonClass: 17008K(17152K)->17008K(17152K) Class: 1829K(1856K)->1829K(1856K)
[423.136s][info][gc             ] GC(1491) Pause Full (Allocation Failure) 760M->733M(845M) 1074.004ms
[423.136s][info][gc,cpu         ] GC(1491) User=2.10s Sys=0.01s Real=1.07s
[423.179s][info][gc,start       ] GC(1492) Pause Full (Allocation Failure)
[423.179s][info][gc,phases,start] GC(1492) Marking Phase
[423.709s][info][gc,phases      ] GC(1492) Marking Phase 529.610ms
[423.709s][info][gc,phases,start] GC(1492) Summary Phase
[423.709s][info][gc,phases      ] GC(1492) Summary Phase 0.026ms
[423.709s][info][gc,phases,start] GC(1492) Forward
[423.845s][info][gc,phases      ] GC(1492) Forward 135.441ms
[423.845s][info][gc,phases,start] GC(1492) Adjust Pointers
[424.266s][info][gc,phases      ] GC(1492) Adjust Pointers 421.451ms
[424.266s][info][gc,phases,start] GC(1492) Compaction Phase
[424.444s][info][gc,phases      ] GC(1492) Compaction Phase 177.496ms
[424.461s][info][gc,phases,start] GC(1492) Post Compact
[424.464s][info][gc,phases      ] GC(1492) Post Compact 2.270ms
[424.464s][info][gc,heap        ] GC(1492) PSYoungGen: 111616K(198144K)->86373K(222720K) Eden: 111616K(111616K)->86373K(111616K) From: 0K(86528K)->0K(111104K)
[424.464s][info][gc,heap        ] GC(1492) ParOldGen: 667562K(667648K)->667561K(667648K)
[424.464s][info][gc,metaspace   ] GC(1492) Metaspace: 18840K(19008K)->18840K(19008K) NonClass: 17011K(17152K)->17011K(17152K) Class: 1829K(1856K)->1829K(1856K)
[424.464s][info][gc             ] GC(1492) Pause Full (Allocation Failure) 760M->736M(869M) 1284.330ms
[424.464s][info][gc,cpu         ] GC(1492) User=2.52s Sys=0.00s Real=1.29s
[424.508s][info][gc,start       ] GC(1493) Pause Full (Allocation Failure)
[424.508s][info][gc,phases,start] GC(1493) Marking Phase
[425.043s][info][gc,phases      ] GC(1493) Marking Phase 534.956ms
[425.043s][info][gc,phases,start] GC(1493) Summary Phase
[425.043s][info][gc,phases      ] GC(1493) Summary Phase 0.023ms
[425.043s][info][gc,phases,start] GC(1493) Forward
[425.066s][info][gc,phases      ] GC(1493) Forward 22.385ms
[425.066s][info][gc,phases,start] GC(1493) Adjust Pointers
[425.438s][info][gc,phases      ] GC(1493) Adjust Pointers 372.129ms
[425.438s][info][gc,phases,start] GC(1493) Compaction Phase
[425.584s][info][gc,phases      ] GC(1493) Compaction Phase 146.023ms
[425.584s][info][gc,phases,start] GC(1493) Post Compact
[425.586s][info][gc,phases      ] GC(1493) Post Compact 2.216ms
[425.586s][info][gc,heap        ] GC(1493) PSYoungGen: 111616K(222720K)->86616K(198144K) Eden: 111616K(111616K)->86616K(111616K) From: 0K(111104K)->0K(86528K)
[425.587s][info][gc,heap        ] GC(1493) ParOldGen: 667561K(667648K)->667561K(667648K)
[425.587s][info][gc,metaspace   ] GC(1493) Metaspace: 18840K(19008K)->18840K(19008K) NonClass: 17011K(17152K)->17011K(17152K) Class: 1829K(1856K)->1829K(1856K)
[425.587s][info][gc             ] GC(1493) Pause Full (Allocation Failure) 760M->736M(845M) 1078.162ms
[425.587s][info][gc,cpu         ] GC(1493) User=2.11s Sys=0.00s Real=1.08s
[425.609s][info][gc,start       ] GC(1494) Pause Full (Allocation Failure)
[425.609s][info][gc,phases,start] GC(1494) Marking Phase
[426.025s][info][gc,phases      ] GC(1494) Marking Phase 415.551ms
[426.025s][info][gc,phases,start] GC(1494) Summary Phase
[426.025s][info][gc,phases      ] GC(1494) Summary Phase 0.027ms
[426.025s][info][gc,phases,start] GC(1494) Forward
[426.150s][info][gc,phases      ] GC(1494) Forward 124.900ms
[426.150s][info][gc,phases,start] GC(1494) Adjust Pointers
[426.475s][info][gc,phases      ] GC(1494) Adjust Pointers 324.758ms
[426.475s][info][gc,phases,start] GC(1494) Compaction Phase
[426.651s][info][gc,phases      ] GC(1494) Compaction Phase 175.911ms
[426.663s][info][gc,phases,start] GC(1494) Post Compact
[426.665s][info][gc,phases      ] GC(1494) Post Compact 2.251ms
[426.666s][info][gc,heap        ] GC(1494) PSYoungGen: 111616K(198144K)->0K(222720K) Eden: 111616K(111616K)->0K(111616K) From: 0K(86528K)->0K(111104K)
[426.666s][info][gc,heap        ] GC(1494) ParOldGen: 667561K(667648K)->611145K(667648K)
[426.666s][info][gc,metaspace   ] GC(1494) Metaspace: 18840K(19008K)->18840K(19008K) NonClass: 17011K(17152K)->17011K(17152K) Class: 1829K(1856K)->1829K(1856K)
[426.666s][info][gc             ] GC(1494) Pause Full (Allocation Failure) 760M->596M(869M) 1056.392ms
[426.666s][info][gc,cpu         ] GC(1494) User=2.02s Sys=0.00s Real=1.06s
[426.759s][info][gc,start       ] GC(1495) Pause Young (Allocation Failure)
[426.761s][info][gc,heap        ] GC(1495) PSYoungGen: 111616K(222720K)->128K(222720K) Eden: 111616K(111616K)->0K(111616K) From: 0K(111104K)->128K(111104K)
[426.761s][info][gc,heap        ] GC(1495) ParOldGen: 611145K(667648K)->611145K(667648K)
[426.761s][info][gc,metaspace   ] GC(1495) Metaspace: 18840K(19008K)->18840K(19008K) NonClass: 17011K(17152K)->17011K(17152K) Class: 1829K(1856K)->1829K(1856K)
[426.761s][info][gc             ] GC(1495) Pause Young (Allocation Failure) 705M->596M(869M) 2.071ms
[426.761s][info][gc,cpu         ] GC(1495) User=0.00s Sys=0.00s Real=0.00s
[426.850s][info][gc,start       ] GC(1496) Pause Young (Allocation Failure)
[426.852s][info][gc,heap        ] GC(1496) PSYoungGen: 111744K(222720K)->64K(112128K) Eden: 111616K(111616K)->0K(111616K) From: 128K(111104K)->64K(512K)
[426.852s][info][gc,heap        ] GC(1496) ParOldGen: 611145K(667648K)->611233K(667648K)
[426.852s][info][gc,metaspace   ] GC(1496) Metaspace: 18840K(19008K)->18840K(19008K) NonClass: 17011K(17152K)->17011K(17152K) Class: 1829K(1856K)->1829K(1856K)
[426.852s][info][gc             ] GC(1496) Pause Young (Allocation Failure) 705M->596M(761M) 2.380ms
[426.852s][info][gc,cpu         ] GC(1496) User=0.00s Sys=0.00s Real=0.01s
[427.055s][info][gc,start       ] GC(1497) Pause Young (Allocation Failure)
[427.064s][info][gc,heap        ] GC(1497) PSYoungGen: 111680K(112128K)->6272K(218624K) Eden: 111616K(111616K)->0K(114176K) From: 64K(512K)->6272K(104448K)
[427.064s][info][gc,heap        ] GC(1497) ParOldGen: 611233K(667648K)->611233K(667648K)
[427.064s][info][gc,metaspace   ] GC(1497) Metaspace: 18840K(19008K)->18840K(19008K) NonClass: 17011K(17152K)->17011K(17152K) Class: 1829K(1856K)->1829K(1856K)
[427.064s][info][gc             ] GC(1497) Pause Young (Allocation Failure) 705M->603M(865M) 8.984ms
[427.064s][info][gc,cpu         ] GC(1497) User=0.02s Sys=0.00s Real=0.01s
[427.177s][info][gc,start       ] GC(1498) Pause Young (Allocation Failure)
[427.188s][info][gc,heap        ] GC(1498) PSYoungGen: 120448K(218624K)->8160K(122368K) Eden: 114176K(114176K)->0K(114176K) From: 6272K(104448K)->8160K(8192K)
[427.188s][info][gc,heap        ] GC(1498) ParOldGen: 611233K(667648K)->611233K(667648K)
[427.188s][info][gc,metaspace   ] GC(1498) Metaspace: 18841K(19008K)->18841K(19008K) NonClass: 17012K(17152K)->17012K(17152K) Class: 1829K(1856K)->1829K(1856K)
[427.188s][info][gc             ] GC(1498) Pause Young (Allocation Failure) 714M->604M(771M) 10.748ms
[427.188s][info][gc,cpu         ] GC(1498) User=0.02s Sys=0.00s Real=0.01s
[427.330s][info][gc,start       ] GC(1499) Pause Young (Allocation Failure)
[427.361s][info][gc,heap        ] GC(1499) PSYoungGen: 122336K(122368K)->29744K(207360K) Eden: 114176K(114176K)->0K(117248K) From: 8160K(8192K)->29744K(90112K)
[427.361s][info][gc,heap        ] GC(1499) ParOldGen: 611233K(667648K)->611233K(667648K)
[427.361s][info][gc,metaspace   ] GC(1499) Metaspace: 18841K(19008K)->18841K(19008K) NonClass: 17012K(17152K)->17012K(17152K) Class: 1829K(1856K)->1829K(1856K)
[427.361s][info][gc             ] GC(1499) Pause Young (Allocation Failure) 716M->625M(854M) 31.158ms
[427.361s][info][gc,cpu         ] GC(1499) User=0.06s Sys=0.00s Real=0.03s
[427.557s][info][gc,start       ] GC(1500) Pause Young (Allocation Failure)
[427.589s][info][gc,heap        ] GC(1500) PSYoungGen: 146992K(207360K)->31008K(148480K) Eden: 117248K(117248K)->0K(117248K) From: 29744K(90112K)->31008K(31232K)
[427.589s][info][gc,heap        ] GC(1500) ParOldGen: 611233K(667648K)->611233K(667648K)
[427.589s][info][gc,metaspace   ] GC(1500) Metaspace: 18841K(19008K)->18841K(19008K) NonClass: 17012K(17152K)->17012K(17152K) Class: 1829K(1856K)->1829K(1856K)
[427.589s][info][gc             ] GC(1500) Pause Young (Allocation Failure) 740M->627M(797M) 32.358ms
[427.589s][info][gc,cpu         ] GC(1500) User=0.06s Sys=0.00s Real=0.03s
[427.746s][info][gc,start       ] GC(1501) Pause Young (Allocation Failure)
[427.778s][info][gc,heap        ] GC(1501) PSYoungGen: 148256K(148480K)->31120K(202752K) Eden: 117248K(117248K)->0K(120832K) From: 31008K(31232K)->31120K(81920K)
[427.778s][info][gc,heap        ] GC(1501) ParOldGen: 611233K(667648K)->611233K(667648K)
[427.778s][info][gc,metaspace   ] GC(1501) Metaspace: 18841K(19008K)->18841K(19008K) NonClass: 17012K(17152K)->17012K(17152K) Class: 1829K(1856K)->1829K(1856K)
[427.778s][info][gc             ] GC(1501) Pause Young (Allocation Failure) 741M->627M(850M) 32.490ms
[427.778s][info][gc,cpu         ] GC(1501) User=0.06s Sys=0.00s Real=0.03s
[427.910s][info][gc,start       ] GC(1502) Pause Young (Allocation Failure)
[427.943s][info][gc,heap        ] GC(1502) PSYoungGen: 151952K(202752K)->31160K(206848K) Eden: 120832K(120832K)->0K(120832K) From: 31120K(81920K)->31160K(86016K)
[427.943s][info][gc,heap        ] GC(1502) ParOldGen: 611233K(667648K)->611233K(667648K)
[427.943s][info][gc,metaspace   ] GC(1502) Metaspace: 18841K(19008K)->18841K(19008K) NonClass: 17012K(17152K)->17012K(17152K) Class: 1829K(1856K)->1829K(1856K)
[427.943s][info][gc             ] GC(1502) Pause Young (Allocation Failure) 745M->627M(854M) 32.339ms
[427.943s][info][gc,cpu         ] GC(1502) User=0.06s Sys=0.00s Real=0.04s
[429.198s][info][gc,start       ] GC(1503) Pause Young (Allocation Failure)
[429.231s][info][gc,heap        ] GC(1503) PSYoungGen: 151992K(206848K)->31636K(197632K) Eden: 120832K(120832K)->0K(123904K) From: 31160K(86016K)->31636K(73728K)
[429.231s][info][gc,heap        ] GC(1503) ParOldGen: 611233K(667648K)->611233K(667648K)
[429.231s][info][gc,metaspace   ] GC(1503) Metaspace: 18841K(19008K)->18841K(19008K) NonClass: 17012K(17152K)->17012K(17152K) Class: 1829K(1856K)->1829K(1856K)
[429.231s][info][gc             ] GC(1503) Pause Young (Allocation Failure) 745M->627M(845M) 32.250ms
[429.231s][info][gc,cpu         ] GC(1503) User=0.06s Sys=0.00s Real=0.03s
[430.017s][info][gc,start       ] GC(1504) Pause Young (Allocation Failure)
[430.051s][info][gc,heap        ] GC(1504) PSYoungGen: 155540K(197632K)->32013K(156160K) Eden: 123904K(123904K)->0K(123904K) From: 31636K(73728K)->32013K(32256K)
[430.051s][info][gc,heap        ] GC(1504) ParOldGen: 611233K(667648K)->611233K(667648K)
[430.051s][info][gc,metaspace   ] GC(1504) Metaspace: 18842K(19008K)->18842K(19008K) NonClass: 17012K(17152K)->17012K(17152K) Class: 1829K(1856K)->1829K(1856K)
[430.051s][info][gc             ] GC(1504) Pause Young (Allocation Failure) 748M->628M(804M) 34.367ms
[430.051s][info][gc,cpu         ] GC(1504) User=0.07s Sys=0.00s Real=0.03s
[430.556s][info][gc,start       ] GC(1505) Pause Young (Allocation Failure)
[430.592s][info][gc,heap        ] GC(1505) PSYoungGen: 155917K(156160K)->33229K(196096K) Eden: 123904K(123904K)->0K(126464K) From: 32013K(32256K)->33229K(69632K)
[430.592s][info][gc,heap        ] GC(1505) ParOldGen: 611233K(667648K)->611233K(667648K)
[430.592s][info][gc,metaspace   ] GC(1505) Metaspace: 18842K(19008K)->18842K(19008K) NonClass: 17012K(17152K)->17012K(17152K) Class: 1829K(1856K)->1829K(1856K)
[430.592s][info][gc             ] GC(1505) Pause Young (Allocation Failure) 749M->629M(843M) 35.793ms
[430.592s][info][gc,cpu         ] GC(1505) User=0.07s Sys=0.00s Real=0.04s
[431.043s][info][gc,start       ] GC(1506) Pause Young (Allocation Failure)
[431.077s][info][gc,heap        ] GC(1506) PSYoungGen: 159693K(196096K)->34263K(198656K) Eden: 126464K(126464K)->0K(126464K) From: 33229K(69632K)->34263K(72192K)
[431.077s][info][gc,heap        ] GC(1506) ParOldGen: 611233K(667648K)->611233K(667648K)
[431.077s][info][gc,metaspace   ] GC(1506) Metaspace: 18851K(19008K)->18851K(19008K) NonClass: 17022K(17152K)->17022K(17152K) Class: 1829K(1856K)->1829K(1856K)
[431.077s][info][gc             ] GC(1506) Pause Young (Allocation Failure) 752M->630M(846M) 34.350ms
[431.077s][info][gc,cpu         ] GC(1506) User=0.07s Sys=0.00s Real=0.03s
[431.369s][info][gc,start       ] GC(1507) Pause Young (Allocation Failure)
[431.403s][info][gc,heap        ] GC(1507) PSYoungGen: 160727K(198656K)->33757K(194048K) Eden: 126464K(126464K)->0K(129024K) From: 34263K(72192K)->33757K(65024K)
[431.403s][info][gc,heap        ] GC(1507) ParOldGen: 611233K(667648K)->611233K(667648K)
[431.403s][info][gc,metaspace   ] GC(1507) Metaspace: 18852K(19008K)->18852K(19008K) NonClass: 17022K(17152K)->17022K(17152K) Class: 1829K(1856K)->1829K(1856K)
[431.404s][info][gc             ] GC(1507) Pause Young (Allocation Failure) 753M->629M(841M) 34.838ms
[431.404s][info][gc,cpu         ] GC(1507) User=0.06s Sys=0.00s Real=0.04s
[431.708s][info][gc,start       ] GC(1508) Pause Young (Allocation Failure)
[431.742s][info][gc,heap        ] GC(1508) PSYoungGen: 162781K(194048K)->34173K(196608K) Eden: 129024K(129024K)->0K(129024K) From: 33757K(65024K)->34173K(67584K)
[431.742s][info][gc,heap        ] GC(1508) ParOldGen: 611233K(667648K)->611233K(667648K)
[431.742s][info][gc,metaspace   ] GC(1508) Metaspace: 18852K(19008K)->18852K(19008K) NonClass: 17022K(17152K)->17022K(17152K) Class: 1829K(1856K)->1829K(1856K)
[431.742s][info][gc             ] GC(1508) Pause Young (Allocation Failure) 755M->630M(844M) 33.889ms
[431.742s][info][gc,cpu         ] GC(1508) User=0.07s Sys=0.00s Real=0.04s
[431.853s][info][gc,start       ] GC(1509) Pause Young (Allocation Failure)
[431.926s][info][gc,heap        ] GC(1509) PSYoungGen: 163197K(196608K)->65517K(182272K) Eden: 129024K(129024K)->0K(116736K) From: 34173K(67584K)->65517K(65536K)
[431.926s][info][gc,heap        ] GC(1509) ParOldGen: 611233K(667648K)->625105K(667648K)
[431.926s][info][gc,metaspace   ] GC(1509) Metaspace: 18857K(19008K)->18857K(19008K) NonClass: 17028K(17152K)->17028K(17152K) Class: 1829K(1856K)->1829K(1856K)
[431.926s][info][gc             ] GC(1509) Pause Young (Allocation Failure) 756M->674M(830M) 73.300ms
[431.926s][info][gc,cpu         ] GC(1509) User=0.14s Sys=0.00s Real=0.07s
[432.024s][info][gc,start       ] GC(1510) Pause Young (Allocation Failure)
[432.119s][info][gc,heap        ] GC(1510) PSYoungGen: 182253K(182272K)->80381K(197120K) Eden: 116736K(116736K)->0K(116736K) From: 65517K(65536K)->80381K(80384K)
[432.119s][info][gc,heap        ] GC(1510) ParOldGen: 625105K(667648K)->644873K(667648K)
[432.119s][info][gc,metaspace   ] GC(1510) Metaspace: 18857K(19008K)->18857K(19008K) NonClass: 17028K(17152K)->17028K(17152K) Class: 1829K(1856K)->1829K(1856K)
[432.119s][info][gc             ] GC(1510) Pause Young (Allocation Failure) 788M->708M(844M) 95.240ms
[432.119s][info][gc,cpu         ] GC(1510) User=0.18s Sys=0.00s Real=0.09s
[432.217s][info][gc,start       ] GC(1511) Pause Full (Allocation Failure)
[432.217s][info][gc,phases,start] GC(1511) Marking Phase
[432.316s][info][gc,phases      ] GC(1511) Marking Phase 98.412ms
[432.316s][info][gc,phases,start] GC(1511) Summary Phase
[432.316s][info][gc,phases      ] GC(1511) Summary Phase 0.028ms
[432.316s][info][gc,phases,start] GC(1511) Forward
[432.350s][info][gc,phases      ] GC(1511) Forward 34.567ms
[432.350s][info][gc,phases,start] GC(1511) Adjust Pointers
[432.414s][info][gc,phases      ] GC(1511) Adjust Pointers 63.672ms
[432.414s][info][gc,phases,start] GC(1511) Compaction Phase
[432.457s][info][gc,phases      ] GC(1511) Compaction Phase 42.491ms
[432.457s][info][gc,phases,start] GC(1511) Post Compact
[432.460s][info][gc,phases      ] GC(1511) Post Compact 2.384ms
[432.481s][info][gc,heap        ] GC(1511) PSYoungGen: 197117K(197120K)->0K(222720K) Eden: 116736K(116736K)->0K(122880K) From: 80381K(80384K)->0K(99840K)
[432.481s][info][gc,heap        ] GC(1511) ParOldGen: 644873K(667648K)->170126K(439296K)
[432.481s][info][gc,metaspace   ] GC(1511) Metaspace: 18857K(19008K)->18857K(19008K) NonClass: 17028K(17152K)->17028K(17152K) Class: 1829K(1856K)->1829K(1856K)
[432.481s][info][gc             ] GC(1511) Pause Full (Allocation Failure) 822M->166M(646M) 263.835ms
[432.481s][info][gc,cpu         ] GC(1511) User=0.44s Sys=0.02s Real=0.26s
[432.680s][info][gc,start       ] GC(1512) Pause Young (Allocation Failure)
[432.725s][info][gc,heap        ] GC(1512) PSYoungGen: 122880K(222720K)->49767K(222720K) Eden: 122880K(122880K)->0K(122880K) From: 0K(99840K)->49767K(99840K)
[432.725s][info][gc,heap        ] GC(1512) ParOldGen: 170126K(439296K)->170126K(439296K)
[432.725s][info][gc,metaspace   ] GC(1512) Metaspace: 18864K(19008K)->18864K(19008K) NonClass: 17035K(17152K)->17035K(17152K) Class: 1829K(1856K)->1829K(1856K)
[432.725s][info][gc             ] GC(1512) Pause Young (Allocation Failure) 286M->214M(646M) 45.428ms
[432.725s][info][gc,cpu         ] GC(1512) User=0.09s Sys=0.00s Real=0.05s
[432.865s][info][gc,start       ] GC(1513) Pause Young (Allocation Failure)
[432.946s][info][gc,heap        ] GC(1513) PSYoungGen: 172647K(222720K)->64183K(223232K) Eden: 122880K(122880K)->0K(125952K) From: 49767K(99840K)->64183K(97280K)
[432.946s][info][gc,heap        ] GC(1513) ParOldGen: 170126K(439296K)->170126K(439296K)
[432.946s][info][gc,metaspace   ] GC(1513) Metaspace: 18871K(19008K)->18871K(19008K) NonClass: 17041K(17152K)->17041K(17152K) Class: 1829K(1856K)->1829K(1856K)
[432.946s][info][gc             ] GC(1513) Pause Young (Allocation Failure) 334M->228M(647M) 81.041ms
[432.946s][info][gc,cpu         ] GC(1513) User=0.14s Sys=0.02s Real=0.08s
[433.112s][info][gc,start       ] GC(1514) Pause Young (Allocation Failure)
[433.210s][info][gc,heap        ] GC(1514) PSYoungGen: 190135K(223232K)->87395K(213504K) Eden: 125952K(125952K)->0K(125952K) From: 64183K(97280K)->87395K(87552K)
[433.210s][info][gc,heap        ] GC(1514) ParOldGen: 170126K(439296K)->170126K(439296K)
[433.210s][info][gc,metaspace   ] GC(1514) Metaspace: 18873K(19008K)->18873K(19008K) NonClass: 17044K(17152K)->17044K(17152K) Class: 1829K(1856K)->1829K(1856K)
[433.210s][info][gc             ] GC(1514) Pause Young (Allocation Failure) 351M->251M(637M) 98.460ms
[433.210s][info][gc,cpu         ] GC(1514) User=0.20s Sys=0.00s Real=0.09s
[433.379s][info][gc,start       ] GC(1515) Pause Young (Allocation Failure)
[433.503s][info][gc,heap        ] GC(1515) PSYoungGen: 213347K(213504K)->101267K(222208K) Eden: 125952K(125952K)->0K(111616K) From: 87395K(87552K)->101267K(110592K)
[433.503s][info][gc,heap        ] GC(1515) ParOldGen: 170126K(439296K)->170126K(439296K)
[433.503s][info][gc,metaspace   ] GC(1515) Metaspace: 18873K(19008K)->18873K(19008K) NonClass: 17044K(17152K)->17044K(17152K) Class: 1829K(1856K)->1829K(1856K)
[433.503s][info][gc             ] GC(1515) Pause Young (Allocation Failure) 374M->265M(646M) 124.905ms
[433.503s][info][gc,cpu         ] GC(1515) User=0.23s Sys=0.02s Real=0.13s
[433.625s][info][gc,start       ] GC(1516) Pause Young (Allocation Failure)
[433.737s][info][gc,heap        ] GC(1516) PSYoungGen: 212883K(222208K)->105635K(222720K) Eden: 111616K(111616K)->0K(111616K) From: 101267K(110592K)->105635K(111104K)
[433.737s][info][gc,heap        ] GC(1516) ParOldGen: 170126K(439296K)->170126K(439296K)
[433.738s][info][gc,metaspace   ] GC(1516) Metaspace: 18873K(19008K)->18873K(19008K) NonClass: 17044K(17152K)->17044K(17152K) Class: 1829K(1856K)->1829K(1856K)
[433.738s][info][gc             ] GC(1516) Pause Young (Allocation Failure) 374M->269M(646M) 112.693ms
[433.738s][info][gc,cpu         ] GC(1516) User=0.22s Sys=0.00s Real=0.11s
[433.827s][info][gc,start       ] GC(1517) Pause Young (Allocation Failure)
[433.953s][info][gc,heap        ] GC(1517) PSYoungGen: 217251K(222720K)->111075K(222720K) Eden: 111616K(111616K)->0K(111616K) From: 105635K(111104K)->111075K(111104K)
[433.954s][info][gc,heap        ] GC(1517) ParOldGen: 170126K(439296K)->171918K(439296K)
[433.954s][info][gc,metaspace   ] GC(1517) Metaspace: 18873K(19008K)->18873K(19008K) NonClass: 17044K(17152K)->17044K(17152K) Class: 1829K(1856K)->1829K(1856K)
[433.954s][info][gc             ] GC(1517) Pause Young (Allocation Failure) 378M->276M(646M) 126.359ms
[433.954s][info][gc,cpu         ] GC(1517) User=0.24s Sys=0.01s Real=0.13s
[434.057s][info][gc,start       ] GC(1518) Pause Young (Allocation Failure)
[434.175s][info][gc,heap        ] GC(1518) PSYoungGen: 222691K(222720K)->111091K(222720K) Eden: 111616K(111616K)->0K(111616K) From: 111075K(111104K)->111091K(111104K)
[434.175s][info][gc,heap        ] GC(1518) ParOldGen: 171918K(439296K)->172006K(439296K)
[434.175s][info][gc,metaspace   ] GC(1518) Metaspace: 18873K(19008K)->18873K(19008K) NonClass: 17044K(17152K)->17044K(17152K) Class: 1829K(1856K)->1829K(1856K)
[434.175s][info][gc             ] GC(1518) Pause Young (Allocation Failure) 385M->276M(646M) 117.479ms
[434.175s][info][gc,cpu         ] GC(1518) User=0.23s Sys=0.00s Real=0.12s
[434.265s][info][gc,start       ] GC(1519) Pause Young (Allocation Failure)
[434.399s][info][gc,heap        ] GC(1519) PSYoungGen: 222707K(222720K)->111091K(222720K) Eden: 111616K(111616K)->0K(111616K) From: 111091K(111104K)->111091K(111104K)
[434.399s][info][gc,heap        ] GC(1519) ParOldGen: 172006K(439296K)->181002K(439296K)
[434.399s][info][gc,metaspace   ] GC(1519) Metaspace: 18873K(19008K)->18873K(19008K) NonClass: 17044K(17152K)->17044K(17152K) Class: 1829K(1856K)->1829K(1856K)
[434.399s][info][gc             ] GC(1519) Pause Young (Allocation Failure) 385M->285M(646M) 133.853ms
[434.399s][info][gc,cpu         ] GC(1519) User=0.26s Sys=0.00s Real=0.13s
[434.485s][info][gc,start       ] GC(1520) Pause Young (Allocation Failure)
[434.625s][info][gc,heap        ] GC(1520) PSYoungGen: 222707K(222720K)->111090K(222720K) Eden: 111616K(111616K)->0K(111616K) From: 111091K(111104K)->111090K(111104K)
[434.625s][info][gc,heap        ] GC(1520) ParOldGen: 181002K(439296K)->210392K(439296K)
[434.625s][info][gc,metaspace   ] GC(1520) Metaspace: 18873K(19008K)->18873K(19008K) NonClass: 17044K(17152K)->17044K(17152K) Class: 1829K(1856K)->1829K(1856K)
[434.625s][info][gc             ] GC(1520) Pause Young (Allocation Failure) 394M->313M(646M) 140.180ms
[434.625s][info][gc,cpu         ] GC(1520) User=0.28s Sys=0.00s Real=0.14s
[434.677s][info][gc,start       ] GC(1521) Pause Young (Allocation Failure)
[434.813s][info][gc,heap        ] GC(1521) PSYoungGen: 222706K(222720K)->88082K(222720K) Eden: 111616K(111616K)->0K(111616K) From: 111090K(111104K)->88082K(111104K)
[434.813s][info][gc,heap        ] GC(1521) ParOldGen: 210392K(439296K)->258892K(439296K)
[434.813s][info][gc,metaspace   ] GC(1521) Metaspace: 18873K(19008K)->18873K(19008K) NonClass: 17044K(17152K)->17044K(17152K) Class: 1829K(1856K)->1829K(1856K)
[434.813s][info][gc             ] GC(1521) Pause Young (Allocation Failure) 422M->338M(646M) 135.324ms
[434.813s][info][gc,cpu         ] GC(1521) User=0.27s Sys=0.00s Real=0.14s
[434.935s][info][gc,start       ] GC(1522) Pause Young (Allocation Failure)
[435.047s][info][gc,heap        ] GC(1522) PSYoungGen: 199698K(222720K)->76259K(222720K) Eden: 111616K(111616K)->0K(111616K) From: 88082K(111104K)->76259K(111104K)
[435.048s][info][gc,heap        ] GC(1522) ParOldGen: 258892K(439296K)->283844K(439296K)
[435.048s][info][gc,metaspace   ] GC(1522) Metaspace: 18873K(19008K)->18873K(19008K) NonClass: 17044K(17152K)->17044K(17152K) Class: 1829K(1856K)->1829K(1856K)
[435.048s][info][gc             ] GC(1522) Pause Young (Allocation Failure) 447M->351M(646M) 112.657ms
[435.048s][info][gc,cpu         ] GC(1522) User=0.23s Sys=0.00s Real=0.11s
[435.142s][info][gc,start       ] GC(1523) Pause Young (Allocation Failure)
[435.219s][info][gc,heap        ] GC(1523) PSYoungGen: 187875K(222720K)->68675K(222720K) Eden: 111616K(111616K)->0K(111616K) From: 76259K(111104K)->68675K(111104K)
[435.219s][info][gc,heap        ] GC(1523) ParOldGen: 283844K(439296K)->296860K(439296K)
[435.219s][info][gc,metaspace   ] GC(1523) Metaspace: 18873K(19008K)->18873K(19008K) NonClass: 17044K(17152K)->17044K(17152K) Class: 1829K(1856K)->1829K(1856K)
[435.219s][info][gc             ] GC(1523) Pause Young (Allocation Failure) 460M->356M(646M) 76.784ms
[435.219s][info][gc,cpu         ] GC(1523) User=0.15s Sys=0.00s Real=0.07s
[435.277s][info][gc,start       ] GC(1524) Pause Young (Allocation Failure)
[435.343s][info][gc,heap        ] GC(1524) PSYoungGen: 180291K(222720K)->65923K(222720K) Eden: 111616K(111616K)->0K(111616K) From: 68675K(111104K)->65923K(111104K)
[435.344s][info][gc,heap        ] GC(1524) ParOldGen: 296860K(439296K)->301684K(439296K)
[435.344s][info][gc,metaspace   ] GC(1524) Metaspace: 18873K(19008K)->18873K(19008K) NonClass: 17044K(17152K)->17044K(17152K) Class: 1829K(1856K)->1829K(1856K)
[435.344s][info][gc             ] GC(1524) Pause Young (Allocation Failure) 465M->358M(646M) 66.290ms
[435.344s][info][gc,cpu         ] GC(1524) User=0.13s Sys=0.00s Real=0.07s
[435.417s][info][gc,start       ] GC(1525) Pause Young (Allocation Failure)
[435.481s][info][gc,heap        ] GC(1525) PSYoungGen: 177539K(222720K)->48003K(222720K) Eden: 111616K(111616K)->0K(111616K) From: 65923K(111104K)->48003K(111104K)
[435.481s][info][gc,heap        ] GC(1525) ParOldGen: 301684K(439296K)->322217K(439296K)
[435.481s][info][gc,metaspace   ] GC(1525) Metaspace: 18873K(19008K)->18873K(19008K) NonClass: 17044K(17152K)->17044K(17152K) Class: 1829K(1856K)->1829K(1856K)
[435.481s][info][gc             ] GC(1525) Pause Young (Allocation Failure) 467M->361M(646M) 63.487ms
[435.481s][info][gc,cpu         ] GC(1525) User=0.12s Sys=0.00s Real=0.06s
[435.693s][info][gc,start       ] GC(1526) Pause Young (Allocation Failure)
[435.741s][info][gc,heap        ] GC(1526) PSYoungGen: 159619K(222720K)->11680K(222720K) Eden: 111616K(111616K)->0K(111616K) From: 48003K(111104K)->11680K(111104K)
[435.741s][info][gc,heap        ] GC(1526) ParOldGen: 322217K(439296K)->360580K(439296K)
[435.741s][info][gc,metaspace   ] GC(1526) Metaspace: 18873K(19008K)->18873K(19008K) NonClass: 17044K(17152K)->17044K(17152K) Class: 1829K(1856K)->1829K(1856K)
[435.741s][info][gc             ] GC(1526) Pause Young (Allocation Failure) 470M->363M(646M) 47.118ms
[435.741s][info][gc,cpu         ] GC(1526) User=0.09s Sys=0.00s Real=0.04s
[436.053s][info][gc,start       ] GC(1527) Pause Young (Allocation Failure)
[436.067s][info][gc,heap        ] GC(1527) PSYoungGen: 123296K(222720K)->4448K(222720K) Eden: 111616K(111616K)->0K(111616K) From: 11680K(111104K)->4448K(111104K)
[436.067s][info][gc,heap        ] GC(1527) ParOldGen: 360580K(439296K)->368092K(439296K)
[436.067s][info][gc,metaspace   ] GC(1527) Metaspace: 18874K(19008K)->18874K(19008K) NonClass: 17044K(17152K)->17044K(17152K) Class: 1829K(1856K)->1829K(1856K)
[436.067s][info][gc             ] GC(1527) Pause Young (Allocation Failure) 472M->363M(646M) 14.525ms
[436.067s][info][gc,cpu         ] GC(1527) User=0.03s Sys=0.00s Real=0.01s
[436.240s][info][gc,start       ] GC(1528) Pause Young (Allocation Failure)
[436.276s][info][gc,heap        ] GC(1528) PSYoungGen: 116064K(222720K)->32992K(222720K) Eden: 111616K(111616K)->0K(111616K) From: 4448K(111104K)->32992K(111104K)
[436.276s][info][gc,heap        ] GC(1528) ParOldGen: 368092K(439296K)->372268K(439296K)
[436.276s][info][gc,metaspace   ] GC(1528) Metaspace: 18876K(19008K)->18876K(19008K) NonClass: 17046K(17152K)->17046K(17152K) Class: 1829K(1856K)->1829K(1856K)
[436.276s][info][gc             ] GC(1528) Pause Young (Allocation Failure) 472M->395M(646M) 36.011ms
[436.276s][info][gc,cpu         ] GC(1528) User=0.07s Sys=0.00s Real=0.04s
[436.408s][info][gc,start       ] GC(1529) Pause Young (Allocation Failure)
[436.472s][info][gc,heap        ] GC(1529) PSYoungGen: 144608K(222720K)->39328K(222720K) Eden: 111616K(111616K)->0K(111616K) From: 32992K(111104K)->39328K(111104K)
[436.472s][info][gc,heap        ] GC(1529) ParOldGen: 372268K(439296K)->405323K(439296K)
[436.472s][info][gc,metaspace   ] GC(1529) Metaspace: 18877K(19008K)->18877K(19008K) NonClass: 17048K(17152K)->17048K(17152K) Class: 1829K(1856K)->1829K(1856K)
[436.472s][info][gc             ] GC(1529) Pause Young (Allocation Failure) 504M->434M(646M) 64.621ms
[436.472s][info][gc,cpu         ] GC(1529) User=0.13s Sys=0.00s Real=0.07s
[436.608s][info][gc,start       ] GC(1530) Pause Young (Allocation Failure)
[436.658s][info][gc,heap        ] GC(1530) PSYoungGen: 150944K(222720K)->15360K(222720K) Eden: 111616K(111616K)->0K(111616K) From: 39328K(111104K)->15360K(111104K)
[436.658s][info][gc,heap        ] GC(1530) ParOldGen: 405323K(439296K)->445007K(445440K)
[436.659s][info][gc,metaspace   ] GC(1530) Metaspace: 18877K(19008K)->18877K(19008K) NonClass: 17048K(17152K)->17048K(17152K) Class: 1829K(1856K)->1829K(1856K)
[436.659s][info][gc             ] GC(1530) Pause Young (Allocation Failure) 543M->449M(652M) 50.789ms
[436.659s][info][gc,cpu         ] GC(1530) User=0.10s Sys=0.01s Real=0.05s
[436.728s][info][gc,start       ] GC(1531) Pause Young (Allocation Failure)
[436.758s][info][gc,heap        ] GC(1531) PSYoungGen: 126976K(222720K)->192K(222720K) Eden: 111616K(111616K)->0K(111616K) From: 15360K(111104K)->192K(111104K)
[436.758s][info][gc,heap        ] GC(1531) ParOldGen: 445007K(445440K)->460295K(460800K)
[436.758s][info][gc,metaspace   ] GC(1531) Metaspace: 18877K(19008K)->18877K(19008K) NonClass: 17048K(17152K)->17048K(17152K) Class: 1829K(1856K)->1829K(1856K)
[436.758s][info][gc             ] GC(1531) Pause Young (Allocation Failure) 558M->449M(667M) 29.943ms
[436.758s][info][gc,cpu         ] GC(1531) User=0.05s Sys=0.01s Real=0.03s
[436.888s][info][gc,start       ] GC(1532) Pause Young (Allocation Failure)
[436.892s][info][gc,heap        ] GC(1532) PSYoungGen: 111808K(222720K)->1248K(222720K) Eden: 111616K(111616K)->0K(111616K) From: 192K(111104K)->1248K(111104K)
[436.892s][info][gc,heap        ] GC(1532) ParOldGen: 460295K(460800K)->460463K(460800K)
[436.892s][info][gc,metaspace   ] GC(1532) Metaspace: 18878K(19008K)->18878K(19008K) NonClass: 17048K(17152K)->17048K(17152K) Class: 1829K(1856K)->1829K(1856K)
[436.892s][info][gc             ] GC(1532) Pause Young (Allocation Failure) 558M->450M(667M) 4.322ms
[436.892s][info][gc,cpu         ] GC(1532) User=0.00s Sys=0.00s Real=0.01s
[437.106s][info][gc,start       ] GC(1533) Pause Young (Allocation Failure)
[437.111s][info][gc,heap        ] GC(1533) PSYoungGen: 112864K(222720K)->1056K(222720K) Eden: 111616K(111616K)->0K(111616K) From: 1248K(111104K)->1056K(111104K)
[437.111s][info][gc,heap        ] GC(1533) ParOldGen: 460463K(460800K)->461663K(461824K)
[437.111s][info][gc,metaspace   ] GC(1533) Metaspace: 18879K(19008K)->18879K(19008K) NonClass: 17049K(17152K)->17049K(17152K) Class: 1829K(1856K)->1829K(1856K)
[437.111s][info][gc             ] GC(1533) Pause Young (Allocation Failure) 559M->451M(668M) 5.800ms
[437.111s][info][gc,cpu         ] GC(1533) User=0.01s Sys=0.00s Real=0.00s
[437.397s][info][gc,start       ] GC(1534) Pause Young (Allocation Failure)
[437.402s][info][gc,heap        ] GC(1534) PSYoungGen: 112672K(222720K)->160K(222720K) Eden: 111616K(111616K)->0K(111616K) From: 1056K(111104K)->160K(111104K)
[437.402s][info][gc,heap        ] GC(1534) ParOldGen: 461663K(461824K)->462671K(462848K)
[437.402s][info][gc,metaspace   ] GC(1534) Metaspace: 18882K(19008K)->18882K(19008K) NonClass: 17053K(17152K)->17053K(17152K) Class: 1829K(1856K)->1829K(1856K)
[437.402s][info][gc             ] GC(1534) Pause Young (Allocation Failure) 560M->451M(669M) 4.459ms
[437.402s][info][gc,cpu         ] GC(1534) User=0.01s Sys=0.00s Real=0.01s
[437.581s][info][gc,start       ] GC(1535) Pause Young (Allocation Failure)
[437.615s][info][gc,heap        ] GC(1535) PSYoungGen: 111776K(222720K)->37168K(222720K) Eden: 111616K(111616K)->0K(111616K) From: 160K(111104K)->37168K(111104K)
[437.615s][info][gc,heap        ] GC(1535) ParOldGen: 462671K(462848K)->462807K(462848K)
[437.615s][info][gc,metaspace   ] GC(1535) Metaspace: 18882K(19008K)->18882K(19008K) NonClass: 17053K(17152K)->17053K(17152K) Class: 1829K(1856K)->1829K(1856K)
[437.615s][info][gc             ] GC(1535) Pause Young (Allocation Failure) 560M->488M(669M) 34.589ms
[437.615s][info][gc,cpu         ] GC(1535) User=0.07s Sys=0.00s Real=0.04s
[437.678s][info][gc,start       ] GC(1536) Pause Young (Allocation Failure)
[437.790s][info][gc,heap        ] GC(1536) PSYoungGen: 148784K(222720K)->68419K(222720K) Eden: 111616K(111616K)->0K(111616K) From: 37168K(111104K)->68419K(111104K)
[437.790s][info][gc,heap        ] GC(1536) ParOldGen: 462807K(462848K)->500068K(500224K)
[437.790s][info][gc,metaspace   ] GC(1536) Metaspace: 18882K(19008K)->18882K(19008K) NonClass: 17053K(17152K)->17053K(17152K) Class: 1829K(1856K)->1829K(1856K)
[437.790s][info][gc             ] GC(1536) Pause Young (Allocation Failure) 597M->555M(706M) 111.616ms
[437.790s][info][gc,cpu         ] GC(1536) User=0.19s Sys=0.03s Real=0.11s
[437.885s][info][gc,start       ] GC(1537) Pause Young (Allocation Failure)
[438.040s][info][gc,heap        ] GC(1537) PSYoungGen: 180035K(222720K)->71860K(222720K) Eden: 111616K(111616K)->0K(111616K) From: 68419K(111104K)->71860K(111104K)
[438.040s][info][gc,heap        ] GC(1537) ParOldGen: 500068K(500224K)->568737K(568832K)
[438.040s][info][gc,metaspace   ] GC(1537) Metaspace: 18882K(19008K)->18882K(19008K) NonClass: 17053K(17152K)->17053K(17152K) Class: 1829K(1856K)->1829K(1856K)
[438.040s][info][gc             ] GC(1537) Pause Young (Allocation Failure) 664M->625M(773M) 155.013ms
[438.040s][info][gc,cpu         ] GC(1537) User=0.26s Sys=0.05s Real=0.15s
[438.133s][info][gc,start       ] GC(1538) Pause Young (Allocation Failure)
[438.243s][info][gc,heap        ] GC(1538) PSYoungGen: 183476K(222720K)->1632K(222720K) Eden: 111616K(111616K)->0K(111616K) From: 71860K(111104K)->1632K(111104K)
[438.243s][info][gc,heap        ] GC(1538) ParOldGen: 568737K(568832K)->640831K(641024K)
[438.243s][info][gc,metaspace   ] GC(1538) Metaspace: 18883K(19008K)->18883K(19008K) NonClass: 17053K(17152K)->17053K(17152K) Class: 1829K(1856K)->1829K(1856K)
[438.243s][info][gc             ] GC(1538) Pause Young (Allocation Failure) 734M->627M(843M) 109.384ms
[438.243s][info][gc,cpu         ] GC(1538) User=0.17s Sys=0.05s Real=0.11s
[438.317s][info][gc,start       ] GC(1539) Pause Full (Allocation Failure)
[438.317s][info][gc,phases,start] GC(1539) Marking Phase
[438.376s][info][gc,phases      ] GC(1539) Marking Phase 58.762ms
[438.376s][info][gc,phases,start] GC(1539) Summary Phase
[438.376s][info][gc,phases      ] GC(1539) Summary Phase 0.031ms
[438.376s][info][gc,phases,start] GC(1539) Forward
[438.393s][info][gc,phases      ] GC(1539) Forward 17.250ms
[438.393s][info][gc,phases,start] GC(1539) Adjust Pointers
[438.436s][info][gc,phases      ] GC(1539) Adjust Pointers 43.054ms
[438.436s][info][gc,phases,start] GC(1539) Compaction Phase
[438.457s][info][gc,phases      ] GC(1539) Compaction Phase 20.782ms
[438.460s][info][gc,phases,start] GC(1539) Post Compact
[438.462s][info][gc,phases      ] GC(1539) Post Compact 2.234ms
[438.480s][info][gc,heap        ] GC(1539) PSYoungGen: 113248K(222720K)->0K(222720K) Eden: 111616K(111616K)->0K(111616K) From: 1632K(111104K)->0K(111104K)
[438.481s][info][gc,heap        ] GC(1539) ParOldGen: 640831K(641024K)->100762K(422912K)
[438.481s][info][gc,metaspace   ] GC(1539) Metaspace: 18887K(19008K)->18887K(19008K) NonClass: 17058K(17152K)->17058K(17152K) Class: 1829K(1856K)->1829K(1856K)
[438.481s][info][gc             ] GC(1539) Pause Full (Allocation Failure) 736M->98M(630M) 163.640ms
[438.481s][info][gc,cpu         ] GC(1539) User=0.25s Sys=0.02s Real=0.16s
[438.575s][info][gc,start       ] GC(1540) Pause Young (Allocation Failure)
[438.583s][info][gc,heap        ] GC(1540) PSYoungGen: 111616K(222720K)->7456K(222720K) Eden: 111616K(111616K)->0K(111616K) From: 0K(111104K)->7456K(111104K)
[438.583s][info][gc,heap        ] GC(1540) ParOldGen: 100762K(422912K)->100762K(422912K)
[438.583s][info][gc,metaspace   ] GC(1540) Metaspace: 18888K(19008K)->18888K(19008K) NonClass: 17059K(17152K)->17059K(17152K) Class: 1829K(1856K)->1829K(1856K)
[438.583s][info][gc             ] GC(1540) Pause Young (Allocation Failure) 207M->105M(630M) 7.623ms
[438.583s][info][gc,cpu         ] GC(1540) User=0.02s Sys=0.00s Real=0.01s
[438.673s][info][gc,start       ] GC(1541) Pause Young (Allocation Failure)
[438.690s][info][gc,heap        ] GC(1541) PSYoungGen: 119072K(222720K)->11344K(222720K) Eden: 111616K(111616K)->0K(111616K) From: 7456K(111104K)->11344K(111104K)
[438.690s][info][gc,heap        ] GC(1541) ParOldGen: 100762K(422912K)->108242K(422912K)
[438.690s][info][gc,metaspace   ] GC(1541) Metaspace: 18889K(19008K)->18889K(19008K) NonClass: 17060K(17152K)->17060K(17152K) Class: 1829K(1856K)->1829K(1856K)
[438.690s][info][gc             ] GC(1541) Pause Young (Allocation Failure) 214M->116M(630M) 17.029ms
[438.690s][info][gc,cpu         ] GC(1541) User=0.03s Sys=0.00s Real=0.01s
[438.793s][info][gc,start       ] GC(1542) Pause Young (Allocation Failure)
[438.828s][info][gc,heap        ] GC(1542) PSYoungGen: 122960K(222720K)->32768K(222720K) Eden: 111616K(111616K)->0K(111616K) From: 11344K(111104K)->32768K(111104K)
[438.828s][info][gc,heap        ] GC(1542) ParOldGen: 108242K(422912K)->119610K(422912K)
[438.828s][info][gc,metaspace   ] GC(1542) Metaspace: 18889K(19008K)->18889K(19008K) NonClass: 17060K(17152K)->17060K(17152K) Class: 1829K(1856K)->1829K(1856K)
[438.828s][info][gc             ] GC(1542) Pause Young (Allocation Failure) 225M->148M(630M) 35.416ms
[438.828s][info][gc,cpu         ] GC(1542) User=0.07s Sys=0.00s Real=0.03s
[438.907s][info][gc,start       ] GC(1543) Pause Young (Allocation Failure)
[438.954s][info][gc,heap        ] GC(1543) PSYoungGen: 144384K(222720K)->38016K(215552K) Eden: 111616K(111616K)->0K(111616K) From: 32768K(111104K)->38016K(103936K)
[438.954s][info][gc,heap        ] GC(1543) ParOldGen: 119610K(422912K)->152754K(422912K)
[438.955s][info][gc,metaspace   ] GC(1543) Metaspace: 18889K(19008K)->18889K(19008K) NonClass: 17060K(17152K)->17060K(17152K) Class: 1829K(1856K)->1829K(1856K)
[438.955s][info][gc             ] GC(1543) Pause Young (Allocation Failure) 257M->186M(623M) 47.511ms
[438.955s][info][gc,cpu         ] GC(1543) User=0.09s Sys=0.00s Real=0.05s
[439.105s][info][gc,start       ] GC(1544) Pause Young (Allocation Failure)
[439.133s][info][gc,heap        ] GC(1544) PSYoungGen: 149632K(215552K)->40800K(219136K) Eden: 111616K(111616K)->0K(111616K) From: 38016K(103936K)->40800K(107520K)
[439.133s][info][gc,heap        ] GC(1544) ParOldGen: 152754K(422912K)->152754K(422912K)
[439.133s][info][gc,metaspace   ] GC(1544) Metaspace: 18889K(19008K)->18889K(19008K) NonClass: 17060K(17152K)->17060K(17152K) Class: 1829K(1856K)->1829K(1856K)
[439.133s][info][gc             ] GC(1544) Pause Young (Allocation Failure) 295M->189M(627M) 27.584ms
[439.133s][info][gc,cpu         ] GC(1544) User=0.06s Sys=0.00s Real=0.03s
[439.296s][info][gc,start       ] GC(1545) Pause Young (Allocation Failure)
[439.362s][info][gc,heap        ] GC(1545) PSYoungGen: 152416K(219136K)->70913K(215040K) Eden: 111616K(111616K)->0K(112128K) From: 40800K(107520K)->70913K(102912K)
[439.362s][info][gc,heap        ] GC(1545) ParOldGen: 152754K(422912K)->152754K(422912K)
[439.362s][info][gc,metaspace   ] GC(1545) Metaspace: 18889K(19008K)->18889K(19008K) NonClass: 17060K(17152K)->17060K(17152K) Class: 1829K(1856K)->1829K(1856K)
[439.362s][info][gc             ] GC(1545) Pause Young (Allocation Failure) 298M->218M(623M) 65.786ms
[439.362s][info][gc,cpu         ] GC(1545) User=0.13s Sys=0.00s Real=0.06s
[439.458s][info][gc,start       ] GC(1546) Pause Young (Allocation Failure)
[439.572s][info][gc,heap        ] GC(1546) PSYoungGen: 183041K(215040K)->109537K(221696K) Eden: 112128K(112128K)->0K(112128K) From: 70913K(102912K)->109537K(109568K)
[439.572s][info][gc,heap        ] GC(1546) ParOldGen: 152754K(422912K)->163930K(422912K)
[439.572s][info][gc,metaspace   ] GC(1546) Metaspace: 18889K(19008K)->18889K(19008K) NonClass: 17060K(17152K)->17060K(17152K) Class: 1829K(1856K)->1829K(1856K)
[439.572s][info][gc             ] GC(1546) Pause Young (Allocation Failure) 327M->267M(629M) 114.025ms
[439.572s][info][gc,cpu         ] GC(1546) User=0.22s Sys=0.00s Real=0.12s
[439.618s][info][gc,start       ] GC(1547) Pause Young (Allocation Failure)
[439.752s][info][gc,heap        ] GC(1547) PSYoungGen: 221665K(221696K)->111073K(222720K) Eden: 112128K(112128K)->0K(111616K) From: 109537K(109568K)->111073K(111104K)
[439.752s][info][gc,heap        ] GC(1547) ParOldGen: 163930K(422912K)->205706K(422912K)
[439.752s][info][gc,metaspace   ] GC(1547) Metaspace: 18889K(19008K)->18889K(19008K) NonClass: 17060K(17152K)->17060K(17152K) Class: 1829K(1856K)->1829K(1856K)
[439.752s][info][gc             ] GC(1547) Pause Young (Allocation Failure) 376M->309M(630M) 134.408ms
[439.752s][info][gc,cpu         ] GC(1547) User=0.26s Sys=0.01s Real=0.14s
[439.806s][info][gc,start       ] GC(1548) Pause Young (Allocation Failure)
[439.934s][info][gc,heap        ] GC(1548) PSYoungGen: 222689K(222720K)->80928K(222720K) Eden: 111616K(111616K)->0K(111616K) From: 111073K(111104K)->80928K(111104K)
[439.934s][info][gc,heap        ] GC(1548) ParOldGen: 205706K(422912K)->274968K(422912K)
[439.934s][info][gc,metaspace   ] GC(1548) Metaspace: 18889K(19008K)->18889K(19008K) NonClass: 17060K(17152K)->17060K(17152K) Class: 1829K(1856K)->1829K(1856K)
[439.935s][info][gc             ] GC(1548) Pause Young (Allocation Failure) 418M->347M(630M) 128.500ms
[439.935s][info][gc,cpu         ] GC(1548) User=0.25s Sys=0.00s Real=0.13s
[440.060s][info][gc,start       ] GC(1549) Pause Young (Allocation Failure)
[440.130s][info][gc,heap        ] GC(1549) PSYoungGen: 192544K(222720K)->14208K(222720K) Eden: 111616K(111616K)->0K(111616K) From: 80928K(111104K)->14208K(111104K)
[440.130s][info][gc,heap        ] GC(1549) ParOldGen: 274968K(422912K)->356688K(422912K)
[440.130s][info][gc,metaspace   ] GC(1549) Metaspace: 18889K(19008K)->18889K(19008K) NonClass: 17060K(17152K)->17060K(17152K) Class: 1829K(1856K)->1829K(1856K)
[440.130s][info][gc             ] GC(1549) Pause Young (Allocation Failure) 456M->362M(630M) 70.106ms
[440.130s][info][gc,cpu         ] GC(1549) User=0.14s Sys=0.00s Real=0.07s
[440.179s][info][gc,start       ] GC(1550) Pause Young (Allocation Failure)
[440.203s][info][gc,heap        ] GC(1550) PSYoungGen: 125824K(222720K)->5056K(222720K) Eden: 111616K(111616K)->0K(111616K) From: 14208K(111104K)->5056K(111104K)
[440.203s][info][gc,heap        ] GC(1550) ParOldGen: 356688K(422912K)->370896K(422912K)
[440.203s][info][gc,metaspace   ] GC(1550) Metaspace: 18889K(19008K)->18889K(19008K) NonClass: 17060K(17152K)->17060K(17152K) Class: 1829K(1856K)->1829K(1856K)
[440.203s][info][gc             ] GC(1550) Pause Young (Allocation Failure) 471M->367M(630M) 24.602ms
[440.203s][info][gc,cpu         ] GC(1550) User=0.05s Sys=0.00s Real=0.03s
[440.279s][info][gc,start       ] GC(1551) Pause Young (Allocation Failure)
[440.299s][info][gc,heap        ] GC(1551) PSYoungGen: 116672K(222720K)->1888K(222720K) Eden: 111616K(111616K)->0K(111616K) From: 5056K(111104K)->1888K(111104K)
[440.299s][info][gc,heap        ] GC(1551) ParOldGen: 370896K(422912K)->375960K(422912K)
[440.299s][info][gc,metaspace   ] GC(1551) Metaspace: 18889K(19008K)->18889K(19008K) NonClass: 17060K(17152K)->17060K(17152K) Class: 1829K(1856K)->1829K(1856K)
[440.299s][info][gc             ] GC(1551) Pause Young (Allocation Failure) 476M->368M(630M) 20.571ms
[440.299s][info][gc,cpu         ] GC(1551) User=0.04s Sys=0.00s Real=0.02s
[440.396s][info][gc,start       ] GC(1552) Pause Young (Allocation Failure)
[440.431s][info][gc,heap        ] GC(1552) PSYoungGen: 113504K(222720K)->18209K(222720K) Eden: 111616K(111616K)->0K(111616K) From: 1888K(111104K)->18209K(111104K)
[440.431s][info][gc,heap        ] GC(1552) ParOldGen: 375960K(422912K)->377808K(422912K)
[440.431s][info][gc,metaspace   ] GC(1552) Metaspace: 18889K(19008K)->18889K(19008K) NonClass: 17060K(17152K)->17060K(17152K) Class: 1829K(1856K)->1829K(1856K)
[440.431s][info][gc             ] GC(1552) Pause Young (Allocation Failure) 477M->386M(630M) 35.325ms
[440.431s][info][gc,cpu         ] GC(1552) User=0.07s Sys=0.00s Real=0.03s
[440.516s][info][gc,start       ] GC(1553) Pause Young (Allocation Failure)
[440.556s][info][gc,heap        ] GC(1553) PSYoungGen: 129825K(222720K)->14176K(222720K) Eden: 111616K(111616K)->0K(111616K) From: 18209K(111104K)->14176K(111104K)
[440.556s][info][gc,heap        ] GC(1553) ParOldGen: 377808K(422912K)->396037K(422912K)
[440.556s][info][gc,metaspace   ] GC(1553) Metaspace: 18889K(19008K)->18889K(19008K) NonClass: 17060K(17152K)->17060K(17152K) Class: 1829K(1856K)->1829K(1856K)
[440.556s][info][gc             ] GC(1553) Pause Young (Allocation Failure) 495M->400M(630M) 40.532ms
[440.556s][info][gc,cpu         ] GC(1553) User=0.08s Sys=0.00s Real=0.04s
[440.637s][info][gc,start       ] GC(1554) Pause Young (Allocation Failure)
[440.665s][info][gc,heap        ] GC(1554) PSYoungGen: 125792K(222720K)->11552K(222720K) Eden: 111616K(111616K)->0K(111616K) From: 14176K(111104K)->11552K(111104K)
[440.665s][info][gc,heap        ] GC(1554) ParOldGen: 396037K(422912K)->410285K(422912K)
[440.665s][info][gc,metaspace   ] GC(1554) Metaspace: 18889K(19008K)->18889K(19008K) NonClass: 17060K(17152K)->17060K(17152K) Class: 1829K(1856K)->1829K(1856K)
[440.665s][info][gc             ] GC(1554) Pause Young (Allocation Failure) 509M->411M(630M) 28.383ms
[440.665s][info][gc,cpu         ] GC(1554) User=0.06s Sys=0.00s Real=0.03s
[440.767s][info][gc,start       ] GC(1555) Pause Young (Allocation Failure)
[440.799s][info][gc,heap        ] GC(1555) PSYoungGen: 123168K(222720K)->19392K(222720K) Eden: 111616K(111616K)->0K(111616K) From: 11552K(111104K)->19392K(111104K)
[440.799s][info][gc,heap        ] GC(1555) ParOldGen: 410285K(422912K)->421853K(422912K)
[440.799s][info][gc,metaspace   ] GC(1555) Metaspace: 18889K(19008K)->18889K(19008K) NonClass: 17060K(17152K)->17060K(17152K) Class: 1829K(1856K)->1829K(1856K)
[440.799s][info][gc             ] GC(1555) Pause Young (Allocation Failure) 520M->430M(630M) 31.661ms
[440.799s][info][gc,cpu         ] GC(1555) User=0.07s Sys=0.00s Real=0.03s
[440.852s][info][gc,start       ] GC(1556) Pause Young (Allocation Failure)
[440.892s][info][gc,heap        ] GC(1556) PSYoungGen: 131008K(222720K)->11872K(222720K) Eden: 111616K(111616K)->0K(111616K) From: 19392K(111104K)->11872K(111104K)
[440.892s][info][gc,heap        ] GC(1556) ParOldGen: 421853K(422912K)->441285K(441344K)
[440.892s][info][gc,metaspace   ] GC(1556) Metaspace: 18889K(19008K)->18889K(19008K) NonClass: 17060K(17152K)->17060K(17152K) Class: 1829K(1856K)->1829K(1856K)
[440.892s][info][gc             ] GC(1556) Pause Young (Allocation Failure) 539M->442M(648M) 40.540ms
[440.892s][info][gc,cpu         ] GC(1556) User=0.07s Sys=0.01s Real=0.04s
[440.987s][info][gc,start       ] GC(1557) Pause Young (Allocation Failure)
[441.016s][info][gc,heap        ] GC(1557) PSYoungGen: 123488K(222720K)->5024K(222720K) Eden: 111616K(111616K)->0K(111616K) From: 11872K(111104K)->5024K(111104K)
[441.016s][info][gc,heap        ] GC(1557) ParOldGen: 441285K(441344K)->453162K(453632K)
[441.016s][info][gc,metaspace   ] GC(1557) Metaspace: 18889K(19008K)->18889K(19008K) NonClass: 17060K(17152K)->17060K(17152K) Class: 1829K(1856K)->1829K(1856K)
[441.016s][info][gc             ] GC(1557) Pause Young (Allocation Failure) 551M->447M(660M) 29.076ms
[441.016s][info][gc,cpu         ] GC(1557) User=0.05s Sys=0.01s Real=0.03s
[441.146s][info][gc,start       ] GC(1558) Pause Young (Allocation Failure)
[441.163s][info][gc,heap        ] GC(1558) PSYoungGen: 116640K(222720K)->3488K(222720K) Eden: 111616K(111616K)->0K(111616K) From: 5024K(111104K)->3488K(111104K)
[441.163s][info][gc,heap        ] GC(1558) ParOldGen: 453162K(453632K)->458178K(458240K)
[441.163s][info][gc,metaspace   ] GC(1558) Metaspace: 18889K(19008K)->18889K(19008K) NonClass: 17060K(17152K)->17060K(17152K) Class: 1829K(1856K)->1829K(1856K)
[441.163s][info][gc             ] GC(1558) Pause Young (Allocation Failure) 556M->450M(665M) 16.757ms
[441.163s][info][gc,cpu         ] GC(1558) User=0.02s Sys=0.00s Real=0.02s
[441.327s][info][gc,start       ] GC(1559) Pause Young (Allocation Failure)
[441.342s][info][gc,heap        ] GC(1559) PSYoungGen: 115104K(222720K)->7520K(220672K) Eden: 111616K(111616K)->0K(111616K) From: 3488K(111104K)->7520K(109056K)
[441.342s][info][gc,heap        ] GC(1559) ParOldGen: 458178K(458240K)->461642K(461824K)
[441.342s][info][gc,metaspace   ] GC(1559) Metaspace: 18889K(19008K)->18889K(19008K) NonClass: 17060K(17152K)->17060K(17152K) Class: 1829K(1856K)->1829K(1856K)
[441.342s][info][gc             ] GC(1559) Pause Young (Allocation Failure) 559M->458M(666M) 15.284ms
[441.342s][info][gc,cpu         ] GC(1559) User=0.02s Sys=0.01s Real=0.02s
[441.485s][info][gc,start       ] GC(1560) Pause Young (Allocation Failure)
[441.511s][info][gc,heap        ] GC(1560) PSYoungGen: 119136K(220672K)->22944K(134656K) Eden: 111616K(111616K)->0K(111616K) From: 7520K(109056K)->22944K(23040K)
[441.511s][info][gc,heap        ] GC(1560) ParOldGen: 461642K(461824K)->461642K(461824K)
[441.511s][info][gc,metaspace   ] GC(1560) Metaspace: 18889K(19008K)->18889K(19008K) NonClass: 17060K(17152K)->17060K(17152K) Class: 1829K(1856K)->1829K(1856K)
[441.511s][info][gc             ] GC(1560) Pause Young (Allocation Failure) 567M->473M(582M) 25.814ms
[441.511s][info][gc,cpu         ] GC(1560) User=0.04s Sys=0.00s Real=0.02s
[441.895s][info][gc,start       ] GC(1561) Pause Young (Allocation Failure)
[441.919s][info][gc,heap        ] GC(1561) PSYoungGen: 134560K(134656K)->23040K(206336K) Eden: 111616K(111616K)->0K(116736K) From: 22944K(23040K)->23040K(89600K)
[441.919s][info][gc,heap        ] GC(1561) ParOldGen: 461642K(461824K)->461642K(461824K)
[441.919s][info][gc,metaspace   ] GC(1561) Metaspace: 18889K(19008K)->18889K(19008K) NonClass: 17060K(17152K)->17060K(17152K) Class: 1829K(1856K)->1829K(1856K)
[441.919s][info][gc             ] GC(1561) Pause Young (Allocation Failure) 582M->473M(652M) 24.833ms
[441.919s][info][gc,cpu         ] GC(1561) User=0.04s Sys=0.00s Real=0.02s
[442.221s][info][gc,start       ] GC(1562) Pause Young (Allocation Failure)
[442.246s][info][gc,heap        ] GC(1562) PSYoungGen: 139776K(206336K)->23104K(140288K) Eden: 116736K(116736K)->0K(116736K) From: 23040K(89600K)->23104K(23552K)
[442.246s][info][gc,heap        ] GC(1562) ParOldGen: 461642K(461824K)->461642K(461824K)
[442.246s][info][gc,metaspace   ] GC(1562) Metaspace: 18890K(19008K)->18890K(19008K) NonClass: 17060K(17152K)->17060K(17152K) Class: 1829K(1856K)->1829K(1856K)
[442.246s][info][gc             ] GC(1562) Pause Young (Allocation Failure) 587M->473M(588M) 24.921ms
[442.246s][info][gc,cpu         ] GC(1562) User=0.05s Sys=0.00s Real=0.03s
[442.520s][info][gc,start       ] GC(1563) Pause Young (Allocation Failure)
[442.546s][info][gc,heap        ] GC(1563) PSYoungGen: 139840K(140288K)->23104K(196608K) Eden: 116736K(116736K)->0K(121344K) From: 23104K(23552K)->23104K(75264K)
[442.546s][info][gc,heap        ] GC(1563) ParOldGen: 461642K(461824K)->461642K(461824K)
[442.546s][info][gc,metaspace   ] GC(1563) Metaspace: 18890K(19008K)->18890K(19008K) NonClass: 17060K(17152K)->17060K(17152K) Class: 1829K(1856K)->1829K(1856K)
[442.546s][info][gc             ] GC(1563) Pause Young (Allocation Failure) 587M->473M(643M) 26.260ms
[442.546s][info][gc,cpu         ] GC(1563) User=0.05s Sys=0.01s Real=0.03s
[442.813s][info][gc,start       ] GC(1564) Pause Young (Allocation Failure)
[442.837s][info][gc,heap        ] GC(1564) PSYoungGen: 144448K(196608K)->23104K(144896K) Eden: 121344K(121344K)->0K(121344K) From: 23104K(75264K)->23104K(23552K)
[442.837s][info][gc,heap        ] GC(1564) ParOldGen: 461642K(461824K)->461642K(461824K)
[442.837s][info][gc,metaspace   ] GC(1564) Metaspace: 18890K(19008K)->18890K(19008K) NonClass: 17060K(17152K)->17060K(17152K) Class: 1829K(1856K)->1829K(1856K)
[442.837s][info][gc             ] GC(1564) Pause Young (Allocation Failure) 591M->473M(592M) 24.799ms
[442.838s][info][gc,cpu         ] GC(1564) User=0.04s Sys=0.00s Real=0.02s
[443.135s][info][gc,start       ] GC(1565) Pause Young (Allocation Failure)
[443.170s][info][gc,heap        ] GC(1565) PSYoungGen: 144448K(144896K)->23168K(190976K) Eden: 121344K(121344K)->0K(125440K) From: 23104K(23552K)->23168K(65536K)
[443.170s][info][gc,heap        ] GC(1565) ParOldGen: 461642K(461824K)->461642K(461824K)
[443.170s][info][gc,metaspace   ] GC(1565) Metaspace: 18890K(19008K)->18890K(19008K) NonClass: 17060K(17152K)->17060K(17152K) Class: 1829K(1856K)->1829K(1856K)
[443.170s][info][gc             ] GC(1565) Pause Young (Allocation Failure) 591M->473M(637M) 34.639ms
[443.170s][info][gc,cpu         ] GC(1565) User=0.07s Sys=0.00s Real=0.03s
[443.346s][info][gc,start       ] GC(1566) Pause Young (Allocation Failure)
[443.395s][info][gc,heap        ] GC(1566) PSYoungGen: 148608K(190976K)->46838K(196608K) Eden: 125440K(125440K)->0K(125440K) From: 23168K(65536K)->46838K(71168K)
[443.395s][info][gc,heap        ] GC(1566) ParOldGen: 461642K(461824K)->461642K(461824K)
[443.395s][info][gc,metaspace   ] GC(1566) Metaspace: 18890K(19008K)->18890K(19008K) NonClass: 17061K(17152K)->17061K(17152K) Class: 1829K(1856K)->1829K(1856K)
[443.395s][info][gc             ] GC(1566) Pause Young (Allocation Failure) 595M->496M(643M) 48.995ms
[443.395s][info][gc,cpu         ] GC(1566) User=0.09s Sys=0.00s Real=0.05s
[443.463s][info][gc,start       ] GC(1567) Pause Young (Allocation Failure)
[443.554s][info][gc,heap        ] GC(1567) PSYoungGen: 172278K(196608K)->75238K(185856K) Eden: 125440K(125440K)->0K(110592K) From: 46838K(71168K)->75238K(75264K)
[443.554s][info][gc,heap        ] GC(1567) ParOldGen: 461642K(461824K)->480602K(480768K)
[443.554s][info][gc,metaspace   ] GC(1567) Metaspace: 18890K(19008K)->18890K(19008K) NonClass: 17061K(17152K)->17061K(17152K) Class: 1829K(1856K)->1829K(1856K)
[443.554s][info][gc             ] GC(1567) Pause Young (Allocation Failure) 619M->542M(651M) 91.254ms
[443.554s][info][gc,cpu         ] GC(1567) User=0.15s Sys=0.03s Real=0.09s
[443.714s][info][gc,start       ] GC(1568) Pause Young (Allocation Failure)
[443.802s][info][gc,heap        ] GC(1568) PSYoungGen: 185830K(185856K)->66102K(205824K) Eden: 110592K(110592K)->0K(110592K) From: 75238K(75264K)->66102K(95232K)
[443.802s][info][gc,heap        ] GC(1568) ParOldGen: 480602K(480768K)->503536K(503808K)
[443.802s][info][gc,metaspace   ] GC(1568) Metaspace: 18890K(19008K)->18890K(19008K) NonClass: 17061K(17152K)->17061K(17152K) Class: 1829K(1856K)->1829K(1856K)
[443.802s][info][gc             ] GC(1568) Pause Young (Allocation Failure) 650M->556M(693M) 87.654ms
[443.802s][info][gc,cpu         ] GC(1568) User=0.16s Sys=0.01s Real=0.08s
[443.866s][info][gc,start       ] GC(1569) Pause Young (Allocation Failure)
[443.934s][info][gc,heap        ] GC(1569) PSYoungGen: 176694K(205824K)->77558K(210944K) Eden: 110592K(110592K)->0K(109568K) From: 66102K(95232K)->77558K(101376K)
[443.934s][info][gc,heap        ] GC(1569) ParOldGen: 503536K(503808K)->503536K(503808K)
[443.934s][info][gc,metaspace   ] GC(1569) Metaspace: 18890K(19008K)->18890K(19008K) NonClass: 17061K(17152K)->17061K(17152K) Class: 1829K(1856K)->1829K(1856K)
[443.934s][info][gc             ] GC(1569) Pause Young (Allocation Failure) 664M->567M(698M) 67.594ms
[443.934s][info][gc,cpu         ] GC(1569) User=0.12s Sys=0.02s Real=0.07s
[444.036s][info][gc,start       ] GC(1570) Pause Young (Allocation Failure)
[444.115s][info][gc,heap        ] GC(1570) PSYoungGen: 187126K(210944K)->95587K(219648K) Eden: 109568K(109568K)->0K(109568K) From: 77558K(101376K)->95587K(110080K)
[444.115s][info][gc,heap        ] GC(1570) ParOldGen: 503536K(503808K)->503536K(503808K)
[444.115s][info][gc,metaspace   ] GC(1570) Metaspace: 18890K(19008K)->18890K(19008K) NonClass: 17061K(17152K)->17061K(17152K) Class: 1829K(1856K)->1829K(1856K)
[444.115s][info][gc             ] GC(1570) Pause Young (Allocation Failure) 674M->585M(706M) 78.466ms
[444.115s][info][gc,cpu         ] GC(1570) User=0.16s Sys=0.00s Real=0.08s
[444.207s][info][gc,start       ] GC(1571) Pause Young (Allocation Failure)
[444.356s][info][gc,heap        ] GC(1571) PSYoungGen: 205155K(219648K)->111078K(222720K) Eden: 109568K(109568K)->0K(111616K) From: 95587K(110080K)->111078K(111104K)
[444.356s][info][gc,heap        ] GC(1571) ParOldGen: 503536K(503808K)->526636K(526848K)
[444.356s][info][gc,metaspace   ] GC(1571) Metaspace: 18890K(19008K)->18890K(19008K) NonClass: 17061K(17152K)->17061K(17152K) Class: 1829K(1856K)->1829K(1856K)
[444.356s][info][gc             ] GC(1571) Pause Young (Allocation Failure) 692M->622M(732M) 148.595ms
[444.356s][info][gc,cpu         ] GC(1571) User=0.25s Sys=0.04s Real=0.15s
[444.434s][info][gc,start       ] GC(1572) Pause Young (Allocation Failure)
[444.540s][info][gc,heap        ] GC(1572) PSYoungGen: 222694K(222720K)->111088K(222720K) Eden: 111616K(111616K)->0K(111616K) From: 111078K(111104K)->111088K(111104K)
[444.540s][info][gc,heap        ] GC(1572) ParOldGen: 526636K(526848K)->529868K(529920K)
[444.540s][info][gc,metaspace   ] GC(1572) Metaspace: 18890K(19008K)->18890K(19008K) NonClass: 17061K(17152K)->17061K(17152K) Class: 1829K(1856K)->1829K(1856K)
[444.540s][info][gc             ] GC(1572) Pause Young (Allocation Failure) 731M->625M(735M) 106.657ms
[444.540s][info][gc,cpu         ] GC(1572) User=0.21s Sys=0.00s Real=0.10s
[444.606s][info][gc,start       ] GC(1573) Pause Young (Allocation Failure)
[444.743s][info][gc,heap        ] GC(1573) PSYoungGen: 222704K(222720K)->100464K(222720K) Eden: 111616K(111616K)->0K(111616K) From: 111088K(111104K)->100464K(111104K)
[444.743s][info][gc,heap        ] GC(1573) ParOldGen: 529868K(529920K)->551183K(551424K)
[444.743s][info][gc,metaspace   ] GC(1573) Metaspace: 18890K(19008K)->18890K(19008K) NonClass: 17061K(17152K)->17061K(17152K) Class: 1829K(1856K)->1829K(1856K)
[444.743s][info][gc             ] GC(1573) Pause Young (Allocation Failure) 734M->636M(756M) 136.959ms
[444.743s][info][gc,cpu         ] GC(1573) User=0.26s Sys=0.02s Real=0.14s
[444.845s][info][gc,start       ] GC(1574) Pause Young (Allocation Failure)
[444.994s][info][gc,heap        ] GC(1574) PSYoungGen: 212080K(222720K)->81680K(222720K) Eden: 111616K(111616K)->0K(111616K) From: 100464K(111104K)->81680K(111104K)
[444.994s][info][gc,heap        ] GC(1574) ParOldGen: 551183K(551424K)->591074K(591360K)
[444.994s][info][gc,metaspace   ] GC(1574) Metaspace: 18890K(19008K)->18890K(19008K) NonClass: 17061K(17152K)->17061K(17152K) Class: 1829K(1856K)->1829K(1856K)
[444.994s][info][gc             ] GC(1574) Pause Young (Allocation Failure) 745M->656M(795M) 149.098ms
[444.994s][info][gc,cpu         ] GC(1574) User=0.26s Sys=0.03s Real=0.15s
[445.087s][info][gc,start       ] GC(1575) Pause Young (Allocation Failure)
[445.220s][info][gc,heap        ] GC(1575) PSYoungGen: 193296K(222720K)->85248K(222720K) Eden: 111616K(111616K)->0K(111616K) From: 81680K(111104K)->85248K(111104K)
[445.220s][info][gc,heap        ] GC(1575) ParOldGen: 591074K(591360K)->610600K(610816K)
[445.220s][info][gc,metaspace   ] GC(1575) Metaspace: 18890K(19008K)->18890K(19008K) NonClass: 17061K(17152K)->17061K(17152K) Class: 1829K(1856K)->1829K(1856K)
[445.221s][info][gc             ] GC(1575) Pause Young (Allocation Failure) 765M->679M(814M) 133.094ms
[445.221s][info][gc,cpu         ] GC(1575) User=0.25s Sys=0.01s Real=0.13s
[445.280s][info][gc,start       ] GC(1576) Pause Young (Allocation Failure)
[445.394s][info][gc,heap        ] GC(1576) PSYoungGen: 196864K(222720K)->60096K(222720K) Eden: 111616K(111616K)->0K(111616K) From: 85248K(111104K)->60096K(111104K)
[445.394s][info][gc,heap        ] GC(1576) ParOldGen: 610600K(610816K)->641928K(642048K)
[445.394s][info][gc,metaspace   ] GC(1576) Metaspace: 18890K(19008K)->18890K(19008K) NonClass: 17061K(17152K)->17061K(17152K) Class: 1829K(1856K)->1829K(1856K)
[445.394s][info][gc             ] GC(1576) Pause Young (Allocation Failure) 788M->685M(844M) 113.247ms
[445.394s][info][gc,cpu         ] GC(1576) User=0.20s Sys=0.02s Real=0.12s
[445.461s][info][gc,start       ] GC(1577) Pause Full (Allocation Failure)
[445.461s][info][gc,phases,start] GC(1577) Marking Phase
[445.734s][info][gc,phases      ] GC(1577) Marking Phase 273.360ms
[445.734s][info][gc,phases,start] GC(1577) Summary Phase
[445.734s][info][gc,phases      ] GC(1577) Summary Phase 0.030ms
[445.734s][info][gc,phases,start] GC(1577) Forward
[445.812s][info][gc,phases      ] GC(1577) Forward 77.728ms
[445.812s][info][gc,phases,start] GC(1577) Adjust Pointers
[446.033s][info][gc,phases      ] GC(1577) Adjust Pointers 221.176ms
[446.033s][info][gc,phases,start] GC(1577) Compaction Phase
[446.158s][info][gc,phases      ] GC(1577) Compaction Phase 124.860ms
[446.167s][info][gc,phases,start] GC(1577) Post Compact
[446.169s][info][gc,phases      ] GC(1577) Post Compact 2.406ms
[446.169s][info][gc,heap        ] GC(1577) PSYoungGen: 171712K(222720K)->0K(222720K) Eden: 111616K(111616K)->0K(111616K) From: 60096K(111104K)->0K(111104K)
[446.169s][info][gc,heap        ] GC(1577) ParOldGen: 641928K(642048K)->401181K(667648K)
[446.169s][info][gc,metaspace   ] GC(1577) Metaspace: 18890K(19008K)->18890K(19008K) NonClass: 17061K(17152K)->17061K(17152K) Class: 1829K(1856K)->1829K(1856K)
[446.169s][info][gc             ] GC(1577) Pause Full (Allocation Failure) 794M->391M(869M) 708.504ms
[446.169s][info][gc,cpu         ] GC(1577) User=1.35s Sys=0.01s Real=0.71s
[446.243s][info][gc,start       ] GC(1578) Pause Young (Allocation Failure)
[446.252s][info][gc,heap        ] GC(1578) PSYoungGen: 111616K(222720K)->1664K(222720K) Eden: 111616K(111616K)->0K(111616K) From: 0K(111104K)->1664K(111104K)
[446.252s][info][gc,heap        ] GC(1578) ParOldGen: 401181K(667648K)->401181K(667648K)
[446.252s][info][gc,metaspace   ] GC(1578) Metaspace: 18890K(19008K)->18890K(19008K) NonClass: 17061K(17152K)->17061K(17152K) Class: 1829K(1856K)->1829K(1856K)
[446.252s][info][gc             ] GC(1578) Pause Young (Allocation Failure) 500M->393M(869M) 9.011ms
[446.252s][info][gc,cpu         ] GC(1578) User=0.02s Sys=0.00s Real=0.01s
[446.340s][info][gc,start       ] GC(1579) Pause Young (Allocation Failure)
[446.357s][info][gc,heap        ] GC(1579) PSYoungGen: 113280K(222720K)->11808K(222720K) Eden: 111616K(111616K)->0K(111616K) From: 1664K(111104K)->11808K(111104K)
[446.357s][info][gc,heap        ] GC(1579) ParOldGen: 401181K(667648K)->401181K(667648K)
[446.357s][info][gc,metaspace   ] GC(1579) Metaspace: 18890K(19008K)->18890K(19008K) NonClass: 17061K(17152K)->17061K(17152K) Class: 1829K(1856K)->1829K(1856K)
[446.357s][info][gc             ] GC(1579) Pause Young (Allocation Failure) 502M->403M(869M) 17.284ms
[446.357s][info][gc,cpu         ] GC(1579) User=0.03s Sys=0.00s Real=0.02s
[446.476s][info][gc,start       ] GC(1580) Pause Young (Allocation Failure)
[446.492s][info][gc,heap        ] GC(1580) PSYoungGen: 123424K(222720K)->1504K(222720K) Eden: 111616K(111616K)->0K(111616K) From: 11808K(111104K)->1504K(111104K)
[446.492s][info][gc,heap        ] GC(1580) ParOldGen: 401181K(667648K)->412997K(667648K)
[446.492s][info][gc,metaspace   ] GC(1580) Metaspace: 18890K(19008K)->18890K(19008K) NonClass: 17061K(17152K)->17061K(17152K) Class: 1829K(1856K)->1829K(1856K)
[446.492s][info][gc             ] GC(1580) Pause Young (Allocation Failure) 512M->404M(869M) 16.412ms
[446.492s][info][gc,cpu         ] GC(1580) User=0.03s Sys=0.00s Real=0.02s
[446.652s][info][gc,start       ] GC(1581) Pause Young (Allocation Failure)
[446.671s][info][gc,heap        ] GC(1581) PSYoungGen: 113120K(222720K)->16992K(222720K) Eden: 111616K(111616K)->0K(111616K) From: 1504K(111104K)->16992K(111104K)
[446.671s][info][gc,heap        ] GC(1581) ParOldGen: 412997K(667648K)->414485K(667648K)
[446.671s][info][gc,metaspace   ] GC(1581) Metaspace: 18890K(19008K)->18890K(19008K) NonClass: 17061K(17152K)->17061K(17152K) Class: 1829K(1856K)->1829K(1856K)
[446.671s][info][gc             ] GC(1581) Pause Young (Allocation Failure) 513M->421M(869M) 19.539ms
[446.671s][info][gc,cpu         ] GC(1581) User=0.04s Sys=0.00s Real=0.02s
[446.880s][info][gc,start       ] GC(1582) Pause Young (Allocation Failure)
[446.906s][info][gc,heap        ] GC(1582) PSYoungGen: 128608K(222720K)->7168K(222720K) Eden: 111616K(111616K)->0K(111616K) From: 16992K(111104K)->7168K(111104K)
[446.906s][info][gc,heap        ] GC(1582) ParOldGen: 414485K(667648K)->431496K(667648K)
[446.906s][info][gc,metaspace   ] GC(1582) Metaspace: 18891K(19008K)->18891K(19008K) NonClass: 17062K(17152K)->17062K(17152K) Class: 1829K(1856K)->1829K(1856K)
[446.906s][info][gc             ] GC(1582) Pause Young (Allocation Failure) 530M->428M(869M) 26.462ms
[446.907s][info][gc,cpu         ] GC(1582) User=0.05s Sys=0.00s Real=0.03s
[447.167s][info][gc,start       ] GC(1583) Pause Young (Allocation Failure)
[447.192s][info][gc,heap        ] GC(1583) PSYoungGen: 118784K(222720K)->13568K(222720K) Eden: 111616K(111616K)->0K(111616K) From: 7168K(111104K)->13568K(111104K)
[447.192s][info][gc,heap        ] GC(1583) ParOldGen: 431496K(667648K)->438672K(667648K)
[447.192s][info][gc,metaspace   ] GC(1583) Metaspace: 18891K(19008K)->18891K(19008K) NonClass: 17062K(17152K)->17062K(17152K) Class: 1829K(1856K)->1829K(1856K)
[447.192s][info][gc             ] GC(1583) Pause Young (Allocation Failure) 537M->441M(869M) 25.175ms
[447.192s][info][gc,cpu         ] GC(1583) User=0.04s Sys=0.00s Real=0.03s
[447.334s][info][gc,start       ] GC(1584) Pause Young (Allocation Failure)
[447.356s][info][gc,heap        ] GC(1584) PSYoungGen: 125184K(222720K)->7872K(222720K) Eden: 111616K(111616K)->0K(111616K) From: 13568K(111104K)->7872K(111104K)
[447.356s][info][gc,heap        ] GC(1584) ParOldGen: 438672K(667648K)->452293K(667648K)
[447.356s][info][gc,metaspace   ] GC(1584) Metaspace: 18891K(19008K)->18891K(19008K) NonClass: 17062K(17152K)->17062K(17152K) Class: 1829K(1856K)->1829K(1856K)
[447.356s][info][gc             ] GC(1584) Pause Young (Allocation Failure) 550M->449M(869M) 22.086ms
[447.356s][info][gc,cpu         ] GC(1584) User=0.04s Sys=0.00s Real=0.02s
[447.522s][info][gc,start       ] GC(1585) Pause Young (Allocation Failure)
[447.543s][info][gc,heap        ] GC(1585) PSYoungGen: 119488K(222720K)->13712K(222720K) Eden: 111616K(111616K)->0K(111616K) From: 7872K(111104K)->13712K(111104K)
[447.543s][info][gc,heap        ] GC(1585) ParOldGen: 452293K(667648K)->460173K(667648K)
[447.543s][info][gc,metaspace   ] GC(1585) Metaspace: 18891K(19008K)->18891K(19008K) NonClass: 17062K(17152K)->17062K(17152K) Class: 1829K(1856K)->1829K(1856K)
[447.543s][info][gc             ] GC(1585) Pause Young (Allocation Failure) 558M->462M(869M) 21.133ms
[447.543s][info][gc,cpu         ] GC(1585) User=0.04s Sys=0.00s Real=0.02s
[447.615s][info][gc,start       ] GC(1586) Pause Young (Allocation Failure)
[447.655s][info][gc,heap        ] GC(1586) PSYoungGen: 125328K(222720K)->41088K(222720K) Eden: 111616K(111616K)->0K(111616K) From: 13712K(111104K)->41088K(111104K)
[447.655s][info][gc,heap        ] GC(1586) ParOldGen: 460173K(667648K)->473989K(667648K)
[447.655s][info][gc,metaspace   ] GC(1586) Metaspace: 18891K(19008K)->18891K(19008K) NonClass: 17062K(17152K)->17062K(17152K) Class: 1829K(1856K)->1829K(1856K)
[447.655s][info][gc             ] GC(1586) Pause Young (Allocation Failure) 571M->503M(869M) 39.658ms
[447.655s][info][gc,cpu         ] GC(1586) User=0.08s Sys=0.00s Real=0.04s
[447.845s][info][gc,start       ] GC(1587) Pause Young (Allocation Failure)
[447.888s][info][gc,heap        ] GC(1587) PSYoungGen: 152704K(222720K)->25856K(222720K) Eden: 111616K(111616K)->0K(111616K) From: 41088K(111104K)->25856K(111104K)
[447.888s][info][gc,heap        ] GC(1587) ParOldGen: 473989K(667648K)->515517K(667648K)
[447.888s][info][gc,metaspace   ] GC(1587) Metaspace: 18891K(19008K)->18891K(19008K) NonClass: 17062K(17152K)->17062K(17152K) Class: 1829K(1856K)->1829K(1856K)
[447.888s][info][gc             ] GC(1587) Pause Young (Allocation Failure) 612M->528M(869M) 43.516ms
[447.888s][info][gc,cpu         ] GC(1587) User=0.08s Sys=0.00s Real=0.04s
[447.997s][info][gc,start       ] GC(1588) Pause Young (Allocation Failure)
[448.024s][info][gc,heap        ] GC(1588) PSYoungGen: 137472K(222720K)->3040K(222720K) Eden: 111616K(111616K)->0K(111616K) From: 25856K(111104K)->3040K(111104K)
[448.024s][info][gc,heap        ] GC(1588) ParOldGen: 515517K(667648K)->541677K(667648K)
[448.024s][info][gc,metaspace   ] GC(1588) Metaspace: 18891K(19008K)->18891K(19008K) NonClass: 17062K(17152K)->17062K(17152K) Class: 1829K(1856K)->1829K(1856K)
[448.024s][info][gc             ] GC(1588) Pause Young (Allocation Failure) 637M->531M(869M) 26.772ms
[448.024s][info][gc,cpu         ] GC(1588) User=0.05s Sys=0.00s Real=0.03s
[448.193s][info][gc,start       ] GC(1589) Pause Young (Allocation Failure)
[448.251s][info][gc,heap        ] GC(1589) PSYoungGen: 114656K(222720K)->31615K(210432K) Eden: 111616K(111616K)->0K(111616K) From: 3040K(111104K)->31615K(98816K)
[448.251s][info][gc,heap        ] GC(1589) ParOldGen: 541677K(667648K)->544709K(667648K)
[448.251s][info][gc,metaspace   ] GC(1589) Metaspace: 18891K(19008K)->18891K(19008K) NonClass: 17062K(17152K)->17062K(17152K) Class: 1829K(1856K)->1829K(1856K)
[448.251s][info][gc             ] GC(1589) Pause Young (Allocation Failure) 640M->562M(857M) 57.643ms
[448.251s][info][gc,cpu         ] GC(1589) User=0.10s Sys=0.00s Real=0.05s
[448.375s][info][gc,start       ] GC(1590) Pause Young (Allocation Failure)
[448.431s][info][gc,heap        ] GC(1590) PSYoungGen: 143231K(210432K)->46495K(216576K) Eden: 111616K(111616K)->0K(111616K) From: 31615K(98816K)->46495K(104960K)
[448.431s][info][gc,heap        ] GC(1590) ParOldGen: 544709K(667648K)->544709K(667648K)
[448.431s][info][gc,metaspace   ] GC(1590) Metaspace: 18891K(19008K)->18891K(19008K) NonClass: 17062K(17152K)->17062K(17152K) Class: 1829K(1856K)->1829K(1856K)
[448.431s][info][gc             ] GC(1590) Pause Young (Allocation Failure) 671M->577M(863M) 56.636ms
[448.431s][info][gc,cpu         ] GC(1590) User=0.11s Sys=0.00s Real=0.05s
[448.554s][info][gc,start       ] GC(1591) Pause Young (Allocation Failure)
[448.625s][info][gc,heap        ] GC(1591) PSYoungGen: 158111K(216576K)->61631K(218624K) Eden: 111616K(111616K)->0K(115712K) From: 46495K(104960K)->61631K(102912K)
[448.625s][info][gc,heap        ] GC(1591) ParOldGen: 544709K(667648K)->544709K(667648K)
[448.625s][info][gc,metaspace   ] GC(1591) Metaspace: 18891K(19008K)->18891K(19008K) NonClass: 17062K(17152K)->17062K(17152K) Class: 1829K(1856K)->1829K(1856K)
[448.625s][info][gc             ] GC(1591) Pause Young (Allocation Failure) 686M->592M(865M) 70.804ms
[448.625s][info][gc,cpu         ] GC(1591) User=0.14s Sys=0.00s Real=0.07s
[448.705s][info][gc,start       ] GC(1592) Pause Young (Allocation Failure)
[448.776s][info][gc,heap        ] GC(1592) PSYoungGen: 177343K(218624K)->61823K(222720K) Eden: 115712K(115712K)->0K(115712K) From: 61631K(102912K)->61823K(107008K)
[448.776s][info][gc,heap        ] GC(1592) ParOldGen: 544709K(667648K)->544709K(667648K)
[448.776s][info][gc,metaspace   ] GC(1592) Metaspace: 18891K(19008K)->18891K(19008K) NonClass: 17062K(17152K)->17062K(17152K) Class: 1829K(1856K)->1829K(1856K)
[448.776s][info][gc             ] GC(1592) Pause Young (Allocation Failure) 705M->592M(869M) 71.118ms
[448.776s][info][gc,cpu         ] GC(1592) User=0.14s Sys=0.00s Real=0.07s
[448.900s][info][gc,start       ] GC(1593) Pause Young (Allocation Failure)
[448.971s][info][gc,heap        ] GC(1593) PSYoungGen: 177535K(222720K)->62504K(221184K) Eden: 115712K(115712K)->0K(111616K) From: 61823K(107008K)->62504K(109568K)
[448.971s][info][gc,heap        ] GC(1593) ParOldGen: 544709K(667648K)->544709K(667648K)
[448.971s][info][gc,metaspace   ] GC(1593) Metaspace: 18891K(19008K)->18891K(19008K) NonClass: 17062K(17152K)->17062K(17152K) Class: 1829K(1856K)->1829K(1856K)
[448.971s][info][gc             ] GC(1593) Pause Young (Allocation Failure) 705M->592M(868M) 71.714ms
[448.971s][info][gc,cpu         ] GC(1593) User=0.14s Sys=0.00s Real=0.07s
[449.093s][info][gc,start       ] GC(1594) Pause Young (Allocation Failure)
[449.178s][info][gc,heap        ] GC(1594) PSYoungGen: 174120K(221184K)->66623K(222720K) Eden: 111616K(111616K)->0K(111616K) From: 62504K(109568K)->66623K(111104K)
[449.178s][info][gc,heap        ] GC(1594) ParOldGen: 544709K(667648K)->544709K(667648K)
[449.178s][info][gc,metaspace   ] GC(1594) Metaspace: 18891K(19008K)->18891K(19008K) NonClass: 17062K(17152K)->17062K(17152K) Class: 1829K(1856K)->1829K(1856K)
[449.178s][info][gc             ] GC(1594) Pause Young (Allocation Failure) 701M->597M(869M) 85.082ms
[449.178s][info][gc,cpu         ] GC(1594) User=0.17s Sys=0.00s Real=0.08s
[449.337s][info][gc,start       ] GC(1595) Pause Young (Allocation Failure)
[449.425s][info][gc,heap        ] GC(1595) PSYoungGen: 178239K(222720K)->29984K(218624K) Eden: 111616K(111616K)->0K(111616K) From: 66623K(111104K)->29984K(107008K)
[449.425s][info][gc,heap        ] GC(1595) ParOldGen: 544709K(667648K)->591308K(667648K)
[449.425s][info][gc,metaspace   ] GC(1595) Metaspace: 18891K(19008K)->18891K(19008K) NonClass: 17062K(17152K)->17062K(17152K) Class: 1829K(1856K)->1829K(1856K)
[449.425s][info][gc             ] GC(1595) Pause Young (Allocation Failure) 706M->606M(865M) 88.397ms
[449.425s][info][gc,cpu         ] GC(1595) User=0.17s Sys=0.00s Real=0.09s
[449.578s][info][gc,start       ] GC(1596) Pause Young (Allocation Failure)
[449.628s][info][gc,heap        ] GC(1596) PSYoungGen: 141600K(218624K)->49682K(220672K) Eden: 111616K(111616K)->0K(111616K) From: 29984K(107008K)->49682K(109056K)
[449.628s][info][gc,heap        ] GC(1596) ParOldGen: 591308K(667648K)->591308K(667648K)
[449.628s][info][gc,metaspace   ] GC(1596) Metaspace: 18891K(19008K)->18891K(19008K) NonClass: 17062K(17152K)->17062K(17152K) Class: 1829K(1856K)->1829K(1856K)
[449.628s][info][gc             ] GC(1596) Pause Young (Allocation Failure) 715M->625M(867M) 50.179ms
[449.628s][info][gc,cpu         ] GC(1596) User=0.10s Sys=0.00s Real=0.05s
[449.677s][info][gc,start       ] GC(1597) Pause Young (Allocation Failure)
[449.757s][info][gc,heap        ] GC(1597) PSYoungGen: 161298K(220672K)->88914K(216576K) Eden: 111616K(111616K)->0K(111616K) From: 49682K(109056K)->88914K(104960K)
[449.757s][info][gc,heap        ] GC(1597) ParOldGen: 591308K(667648K)->591308K(667648K)
[449.757s][info][gc,metaspace   ] GC(1597) Metaspace: 18891K(19008K)->18891K(19008K) NonClass: 17062K(17152K)->17062K(17152K) Class: 1829K(1856K)->1829K(1856K)
[449.757s][info][gc             ] GC(1597) Pause Young (Allocation Failure) 734M->664M(863M) 79.619ms
[449.757s][info][gc,cpu         ] GC(1597) User=0.16s Sys=0.00s Real=0.08s
[449.838s][info][gc,start       ] GC(1598) Pause Young (Allocation Failure)
[449.941s][info][gc,heap        ] GC(1598) PSYoungGen: 200530K(216576K)->111090K(222720K) Eden: 111616K(111616K)->0K(111616K) From: 88914K(104960K)->111090K(111104K)
[449.941s][info][gc,heap        ] GC(1598) ParOldGen: 591308K(667648K)->610428K(667648K)
[449.941s][info][gc,metaspace   ] GC(1598) Metaspace: 18891K(19008K)->18891K(19008K) NonClass: 17062K(17152K)->17062K(17152K) Class: 1829K(1856K)->1829K(1856K)
[449.941s][info][gc             ] GC(1598) Pause Young (Allocation Failure) 773M->704M(869M) 102.838ms
[449.941s][info][gc,cpu         ] GC(1598) User=0.21s Sys=0.00s Real=0.10s
[450.158s][info][gc,start       ] GC(1599) Pause Young (Allocation Failure)
[450.249s][info][gc,heap        ] GC(1599) PSYoungGen: 222706K(222720K)->110322K(222720K) Eden: 111616K(111616K)->0K(111616K) From: 111090K(111104K)->110322K(111104K)
[450.249s][info][gc,heap        ] GC(1599) ParOldGen: 610428K(667648K)->615276K(667648K)
[450.249s][info][gc,metaspace   ] GC(1599) Metaspace: 18891K(19008K)->18891K(19008K) NonClass: 17062K(17152K)->17062K(17152K) Class: 1829K(1856K)->1829K(1856K)
[450.249s][info][gc             ] GC(1599) Pause Young (Allocation Failure) 813M->708M(869M) 91.635ms
[450.250s][info][gc,cpu         ] GC(1599) User=0.17s Sys=0.00s Real=0.09s
[450.433s][info][gc,start       ] GC(1600) Pause Young (Allocation Failure)
[450.562s][info][gc,heap        ] GC(1600) PSYoungGen: 221938K(222720K)->111088K(222720K) Eden: 111616K(111616K)->0K(111616K) From: 110322K(111104K)->111088K(111104K)
[450.563s][info][gc,heap        ] GC(1600) ParOldGen: 615276K(667648K)->647442K(667648K)
[450.563s][info][gc,metaspace   ] GC(1600) Metaspace: 18891K(19008K)->18891K(19008K) NonClass: 17062K(17152K)->17062K(17152K) Class: 1829K(1856K)->1829K(1856K)
[450.563s][info][gc             ] GC(1600) Pause Young (Allocation Failure) 817M->740M(869M) 129.676ms
[450.563s][info][gc,cpu         ] GC(1600) User=0.25s Sys=0.01s Real=0.13s
[450.692s][info][gc,start       ] GC(1601) Pause Full (Allocation Failure)
[450.692s][info][gc,phases,start] GC(1601) Marking Phase
[451.063s][info][gc,phases      ] GC(1601) Marking Phase 370.380ms
[451.063s][info][gc,phases,start] GC(1601) Summary Phase
[451.063s][info][gc,phases      ] GC(1601) Summary Phase 0.030ms
[451.063s][info][gc,phases,start] GC(1601) Forward
[451.183s][info][gc,phases      ] GC(1601) Forward 120.309ms
[451.183s][info][gc,phases,start] GC(1601) Adjust Pointers
[451.482s][info][gc,phases      ] GC(1601) Adjust Pointers 298.467ms
[451.482s][info][gc,phases,start] GC(1601) Compaction Phase
[451.651s][info][gc,phases      ] GC(1601) Compaction Phase 169.137ms
[451.660s][info][gc,phases,start] GC(1601) Post Compact
[451.663s][info][gc,phases      ] GC(1601) Post Compact 2.559ms
[451.663s][info][gc,heap        ] GC(1601) PSYoungGen: 222704K(222720K)->0K(222720K) Eden: 111616K(111616K)->0K(111616K) From: 111088K(111104K)->0K(111104K)
[451.663s][info][gc,heap        ] GC(1601) ParOldGen: 647442K(667648K)->539696K(667648K)
[451.663s][info][gc,metaspace   ] GC(1601) Metaspace: 18891K(19008K)->18891K(19008K) NonClass: 17062K(17152K)->17062K(17152K) Class: 1829K(1856K)->1829K(1856K)
[451.663s][info][gc             ] GC(1601) Pause Full (Allocation Failure) 849M->527M(869M) 970.512ms
[451.663s][info][gc,cpu         ] GC(1601) User=1.84s Sys=0.00s Real=0.97s
[451.787s][info][gc,start       ] GC(1602) Pause Young (Allocation Failure)
[451.807s][info][gc,heap        ] GC(1602) PSYoungGen: 111616K(222720K)->15136K(222720K) Eden: 111616K(111616K)->0K(111616K) From: 0K(111104K)->15136K(111104K)
[451.807s][info][gc,heap        ] GC(1602) ParOldGen: 539696K(667648K)->539696K(667648K)
[451.807s][info][gc,metaspace   ] GC(1602) Metaspace: 18891K(19008K)->18891K(19008K) NonClass: 17062K(17152K)->17062K(17152K) Class: 1829K(1856K)->1829K(1856K)
[451.807s][info][gc             ] GC(1602) Pause Young (Allocation Failure) 636M->541M(869M) 19.468ms
[451.807s][info][gc,cpu         ] GC(1602) User=0.04s Sys=0.00s Real=0.02s
[451.896s][info][gc,start       ] GC(1603) Pause Young (Allocation Failure)
[451.913s][info][gc,heap        ] GC(1603) PSYoungGen: 126752K(222720K)->15840K(222720K) Eden: 111616K(111616K)->0K(111616K) From: 15136K(111104K)->15840K(111104K)
[451.913s][info][gc,heap        ] GC(1603) ParOldGen: 539696K(667648K)->539696K(667648K)
[451.913s][info][gc,metaspace   ] GC(1603) Metaspace: 18891K(19008K)->18891K(19008K) NonClass: 17062K(17152K)->17062K(17152K) Class: 1829K(1856K)->1829K(1856K)
[451.913s][info][gc             ] GC(1603) Pause Young (Allocation Failure) 650M->542M(869M) 17.517ms
[451.913s][info][gc,cpu         ] GC(1603) User=0.03s Sys=0.00s Real=0.02s
[452.031s][info][gc,start       ] GC(1604) Pause Young (Allocation Failure)
[452.052s][info][gc,heap        ] GC(1604) PSYoungGen: 127456K(222720K)->192K(222720K) Eden: 111616K(111616K)->0K(111616K) From: 15840K(111104K)->192K(111104K)
[452.052s][info][gc,heap        ] GC(1604) ParOldGen: 539696K(667648K)->555560K(667648K)
[452.052s][info][gc,metaspace   ] GC(1604) Metaspace: 18891K(19008K)->18891K(19008K) NonClass: 17062K(17152K)->17062K(17152K) Class: 1829K(1856K)->1829K(1856K)
[452.052s][info][gc             ] GC(1604) Pause Young (Allocation Failure) 651M->542M(869M) 21.237ms
[452.052s][info][gc,cpu         ] GC(1604) User=0.04s Sys=0.00s Real=0.03s
[452.168s][info][gc,start       ] GC(1605) Pause Young (Allocation Failure)
[452.177s][info][gc,heap        ] GC(1605) PSYoungGen: 111808K(222720K)->4192K(222720K) Eden: 111616K(111616K)->0K(111616K) From: 192K(111104K)->4192K(111104K)
[452.177s][info][gc,heap        ] GC(1605) ParOldGen: 555560K(667648K)->555736K(667648K)
[452.177s][info][gc,metaspace   ] GC(1605) Metaspace: 18891K(19008K)->18891K(19008K) NonClass: 17062K(17152K)->17062K(17152K) Class: 1829K(1856K)->1829K(1856K)
[452.177s][info][gc             ] GC(1605) Pause Young (Allocation Failure) 651M->546M(869M) 8.830ms
[452.177s][info][gc,cpu         ] GC(1605) User=0.01s Sys=0.00s Real=0.01s
[452.328s][info][gc,start       ] GC(1606) Pause Young (Allocation Failure)
[452.344s][info][gc,heap        ] GC(1606) PSYoungGen: 115808K(222720K)->9792K(222720K) Eden: 111616K(111616K)->0K(111616K) From: 4192K(111104K)->9792K(111104K)
[452.344s][info][gc,heap        ] GC(1606) ParOldGen: 555736K(667648K)->559912K(667648K)
[452.344s][info][gc,metaspace   ] GC(1606) Metaspace: 18891K(19008K)->18891K(19008K) NonClass: 17062K(17152K)->17062K(17152K) Class: 1829K(1856K)->1829K(1856K)
[452.344s][info][gc             ] GC(1606) Pause Young (Allocation Failure) 655M->556M(869M) 16.246ms
[452.344s][info][gc,cpu         ] GC(1606) User=0.04s Sys=0.00s Real=0.02s
[452.515s][info][gc,start       ] GC(1607) Pause Young (Allocation Failure)
[452.544s][info][gc,heap        ] GC(1607) PSYoungGen: 121408K(222720K)->17824K(222720K) Eden: 111616K(111616K)->0K(111616K) From: 9792K(111104K)->17824K(111104K)
[452.544s][info][gc,heap        ] GC(1607) ParOldGen: 559912K(667648K)->569744K(667648K)
[452.544s][info][gc,metaspace   ] GC(1607) Metaspace: 18891K(19008K)->18891K(19008K) NonClass: 17062K(17152K)->17062K(17152K) Class: 1829K(1856K)->1829K(1856K)
[452.544s][info][gc             ] GC(1607) Pause Young (Allocation Failure) 665M->573M(869M) 29.442ms
[452.545s][info][gc,cpu         ] GC(1607) User=0.06s Sys=0.00s Real=0.03s
[452.864s][info][gc,start       ] GC(1608) Pause Young (Allocation Failure)
[452.887s][info][gc,heap        ] GC(1608) PSYoungGen: 129440K(222720K)->1056K(222720K) Eden: 111616K(111616K)->0K(111616K) From: 17824K(111104K)->1056K(111104K)
[452.887s][info][gc,heap        ] GC(1608) ParOldGen: 569744K(667648K)->587624K(667648K)
[452.887s][info][gc,metaspace   ] GC(1608) Metaspace: 18891K(19008K)->18891K(19008K) NonClass: 17062K(17152K)->17062K(17152K) Class: 1829K(1856K)->1829K(1856K)
[452.887s][info][gc             ] GC(1608) Pause Young (Allocation Failure) 682M->574M(869M) 22.606ms
[452.887s][info][gc,cpu         ] GC(1608) User=0.04s Sys=0.00s Real=0.02s
[453.164s][info][gc,start       ] GC(1609) Pause Young (Allocation Failure)
[453.167s][info][gc,heap        ] GC(1609) PSYoungGen: 112672K(222720K)->64K(222720K) Eden: 111616K(111616K)->0K(111616K) From: 1056K(111104K)->64K(111104K)
[453.167s][info][gc,heap        ] GC(1609) ParOldGen: 587624K(667648K)->588648K(667648K)
[453.167s][info][gc,metaspace   ] GC(1609) Metaspace: 18891K(19008K)->18891K(19008K) NonClass: 17062K(17152K)->17062K(17152K) Class: 1829K(1856K)->1829K(1856K)
[453.167s][info][gc             ] GC(1609) Pause Young (Allocation Failure) 683M->574M(869M) 3.050ms
[453.167s][info][gc,cpu         ] GC(1609) User=0.01s Sys=0.00s Real=0.00s
[453.459s][info][gc,start       ] GC(1610) Pause Young (Allocation Failure)
[453.461s][info][gc,heap        ] GC(1610) PSYoungGen: 111680K(222720K)->64K(222720K) Eden: 111616K(111616K)->0K(111616K) From: 64K(111104K)->64K(111104K)
[453.461s][info][gc,heap        ] GC(1610) ParOldGen: 588648K(667648K)->588664K(667648K)
[453.461s][info][gc,metaspace   ] GC(1610) Metaspace: 18891K(19008K)->18891K(19008K) NonClass: 17062K(17152K)->17062K(17152K) Class: 1829K(1856K)->1829K(1856K)
[453.461s][info][gc             ] GC(1610) Pause Young (Allocation Failure) 683M->574M(869M) 2.084ms
[453.461s][info][gc,cpu         ] GC(1610) User=0.00s Sys=0.00s Real=0.00s
[453.705s][info][gc,start       ] GC(1611) Pause Young (Allocation Failure)
[453.707s][info][gc,heap        ] GC(1611) PSYoungGen: 111680K(222720K)->64K(222720K) Eden: 111616K(111616K)->0K(111616K) From: 64K(111104K)->64K(111104K)
[453.707s][info][gc,heap        ] GC(1611) ParOldGen: 588664K(667648K)->588688K(667648K)
[453.707s][info][gc,metaspace   ] GC(1611) Metaspace: 18891K(19008K)->18891K(19008K) NonClass: 17062K(17152K)->17062K(17152K) Class: 1829K(1856K)->1829K(1856K)
[453.707s][info][gc             ] GC(1611) Pause Young (Allocation Failure) 683M->574M(869M) 2.489ms
[453.707s][info][gc,cpu         ] GC(1611) User=0.00s Sys=0.00s Real=0.00s
[453.974s][info][gc,start       ] GC(1612) Pause Young (Allocation Failure)
[453.985s][info][gc,heap        ] GC(1612) PSYoungGen: 111680K(222720K)->64K(222720K) Eden: 111616K(111616K)->0K(111616K) From: 64K(111104K)->64K(111104K)
[453.985s][info][gc,heap        ] GC(1612) ParOldGen: 588688K(667648K)->588704K(667648K)
[453.985s][info][gc,metaspace   ] GC(1612) Metaspace: 18891K(19008K)->18891K(19008K) NonClass: 17062K(17152K)->17062K(17152K) Class: 1829K(1856K)->1829K(1856K)
[453.985s][info][gc             ] GC(1612) Pause Young (Allocation Failure) 683M->574M(869M) 11.018ms
[453.985s][info][gc,cpu         ] GC(1612) User=0.02s Sys=0.00s Real=0.01s
[454.182s][info][gc,start       ] GC(1613) Pause Young (Allocation Failure)
[454.192s][info][gc,heap        ] GC(1613) PSYoungGen: 111680K(222720K)->10848K(222720K) Eden: 111616K(111616K)->0K(111616K) From: 64K(111104K)->10848K(111104K)
[454.192s][info][gc,heap        ] GC(1613) ParOldGen: 588704K(667648K)->588728K(667648K)
[454.192s][info][gc,metaspace   ] GC(1613) Metaspace: 18891K(19008K)->18891K(19008K) NonClass: 17062K(17152K)->17062K(17152K) Class: 1829K(1856K)->1829K(1856K)
[454.192s][info][gc             ] GC(1613) Pause Young (Allocation Failure) 683M->585M(869M) 9.256ms
[454.192s][info][gc,cpu         ] GC(1613) User=0.02s Sys=0.00s Real=0.00s
[454.254s][info][gc,start       ] GC(1614) Pause Young (Allocation Failure)
[454.291s][info][gc,heap        ] GC(1614) PSYoungGen: 122464K(222720K)->41216K(222720K) Eden: 111616K(111616K)->0K(111616K) From: 10848K(111104K)->41216K(111104K)
[454.291s][info][gc,heap        ] GC(1614) ParOldGen: 588728K(667648K)->599657K(667648K)
[454.291s][info][gc,metaspace   ] GC(1614) Metaspace: 18891K(19008K)->18891K(19008K) NonClass: 17062K(17152K)->17062K(17152K) Class: 1829K(1856K)->1829K(1856K)
[454.291s][info][gc             ] GC(1614) Pause Young (Allocation Failure) 694M->625M(869M) 37.638ms
[454.291s][info][gc,cpu         ] GC(1614) User=0.08s Sys=0.00s Real=0.03s
[454.483s][info][gc,start       ] GC(1615) Pause Young (Allocation Failure)
[454.530s][info][gc,heap        ] GC(1615) PSYoungGen: 152832K(222720K)->25936K(215552K) Eden: 111616K(111616K)->0K(111616K) From: 41216K(111104K)->25936K(103936K)
[454.530s][info][gc,heap        ] GC(1615) ParOldGen: 599657K(667648K)->641321K(667648K)
[454.530s][info][gc,metaspace   ] GC(1615) Metaspace: 18891K(19008K)->18891K(19008K) NonClass: 17062K(17152K)->17062K(17152K) Class: 1829K(1856K)->1829K(1856K)
[454.530s][info][gc             ] GC(1615) Pause Young (Allocation Failure) 734M->651M(862M) 47.711ms
[454.530s][info][gc,cpu         ] GC(1615) User=0.09s Sys=0.00s Real=0.04s
[454.649s][info][gc,start       ] GC(1616) Pause Full (Allocation Failure)
[454.649s][info][gc,phases,start] GC(1616) Marking Phase
[455.100s][info][gc,phases      ] GC(1616) Marking Phase 450.805ms
[455.100s][info][gc,phases,start] GC(1616) Summary Phase
[455.100s][info][gc,phases      ] GC(1616) Summary Phase 0.028ms
[455.100s][info][gc,phases,start] GC(1616) Forward
[455.182s][info][gc,phases      ] GC(1616) Forward 82.490ms
[455.182s][info][gc,phases,start] GC(1616) Adjust Pointers
[455.519s][info][gc,phases      ] GC(1616) Adjust Pointers 336.515ms
[455.519s][info][gc,phases,start] GC(1616) Compaction Phase
[455.689s][info][gc,phases      ] GC(1616) Compaction Phase 170.091ms
[455.695s][info][gc,phases,start] GC(1616) Post Compact
[455.698s][info][gc,phases      ] GC(1616) Post Compact 2.307ms
[455.698s][info][gc,heap        ] GC(1616) PSYoungGen: 137552K(215552K)->0K(219136K) Eden: 111616K(111616K)->0K(111616K) From: 25936K(103936K)->0K(107520K)
[455.698s][info][gc,heap        ] GC(1616) ParOldGen: 641321K(667648K)->647738K(667648K)
[455.698s][info][gc,metaspace   ] GC(1616) Metaspace: 18892K(19008K)->18892K(19008K) NonClass: 17063K(17152K)->17063K(17152K) Class: 1829K(1856K)->1829K(1856K)
[455.698s][info][gc             ] GC(1616) Pause Full (Allocation Failure) 760M->632M(866M) 1049.093ms
[455.698s][info][gc,cpu         ] GC(1616) User=2.05s Sys=0.00s Real=1.05s
[455.866s][info][gc,start       ] GC(1617) Pause Full (Allocation Failure)
[455.866s][info][gc,phases,start] GC(1617) Marking Phase
[456.339s][info][gc,phases      ] GC(1617) Marking Phase 473.632ms
[456.339s][info][gc,phases,start] GC(1617) Summary Phase
[456.339s][info][gc,phases      ] GC(1617) Summary Phase 0.025ms
[456.339s][info][gc,phases,start] GC(1617) Forward
[456.350s][info][gc,phases      ] GC(1617) Forward 10.161ms
[456.350s][info][gc,phases,start] GC(1617) Adjust Pointers
[456.669s][info][gc,phases      ] GC(1617) Adjust Pointers 319.466ms
[456.669s][info][gc,phases,start] GC(1617) Compaction Phase
[456.807s][info][gc,phases      ] GC(1617) Compaction Phase 137.665ms
[456.807s][info][gc,phases,start] GC(1617) Post Compact
[456.809s][info][gc,phases      ] GC(1617) Post Compact 2.170ms
[456.809s][info][gc,heap        ] GC(1617) PSYoungGen: 111616K(219136K)->14051K(217600K) Eden: 111616K(111616K)->14051K(111616K) From: 0K(107520K)->0K(105984K)
[456.809s][info][gc,heap        ] GC(1617) ParOldGen: 647738K(667648K)->667548K(667648K)
[456.809s][info][gc,metaspace   ] GC(1617) Metaspace: 18892K(19008K)->18892K(19008K) NonClass: 17063K(17152K)->17063K(17152K) Class: 1829K(1856K)->1829K(1856K)
[456.809s][info][gc             ] GC(1617) Pause Full (Allocation Failure) 741M->665M(864M) 943.608ms
[456.809s][info][gc,cpu         ] GC(1617) User=1.84s Sys=0.01s Real=0.94s
[456.916s][info][gc,start       ] GC(1618) Pause Full (Allocation Failure)
[456.916s][info][gc,phases,start] GC(1618) Marking Phase
[457.397s][info][gc,phases      ] GC(1618) Marking Phase 480.595ms
[457.397s][info][gc,phases,start] GC(1618) Summary Phase
[457.397s][info][gc,phases      ] GC(1618) Summary Phase 0.026ms
[457.397s][info][gc,phases,start] GC(1618) Forward
[457.406s][info][gc,phases      ] GC(1618) Forward 9.334ms
[457.406s][info][gc,phases,start] GC(1618) Adjust Pointers
[457.730s][info][gc,phases      ] GC(1618) Adjust Pointers 324.427ms
[457.730s][info][gc,phases,start] GC(1618) Compaction Phase
[457.861s][info][gc,phases      ] GC(1618) Compaction Phase 130.609ms
[457.861s][info][gc,phases,start] GC(1618) Post Compact
[457.863s][info][gc,phases      ] GC(1618) Post Compact 2.208ms
[457.863s][info][gc,heap        ] GC(1618) PSYoungGen: 111616K(217600K)->26593K(219136K) Eden: 111616K(111616K)->26593K(111616K) From: 0K(105984K)->0K(107520K)
[457.863s][info][gc,heap        ] GC(1618) ParOldGen: 667548K(667648K)->667548K(667648K)
[457.863s][info][gc,metaspace   ] GC(1618) Metaspace: 18892K(19008K)->18892K(19008K) NonClass: 17063K(17152K)->17063K(17152K) Class: 1829K(1856K)->1829K(1856K)
[457.864s][info][gc             ] GC(1618) Pause Full (Allocation Failure) 760M->677M(866M) 947.650ms
[457.864s][info][gc,cpu         ] GC(1618) User=1.86s Sys=0.00s Real=0.95s
[457.957s][info][gc,start       ] GC(1619) Pause Full (Allocation Failure)
[457.957s][info][gc,phases,start] GC(1619) Marking Phase
[458.443s][info][gc,phases      ] GC(1619) Marking Phase 485.818ms
[458.443s][info][gc,phases,start] GC(1619) Summary Phase
[458.443s][info][gc,phases      ] GC(1619) Summary Phase 0.027ms
[458.443s][info][gc,phases,start] GC(1619) Forward
[458.561s][info][gc,phases      ] GC(1619) Forward 117.432ms
[458.561s][info][gc,phases,start] GC(1619) Adjust Pointers
[458.949s][info][gc,phases      ] GC(1619) Adjust Pointers 388.369ms
[458.949s][info][gc,phases,start] GC(1619) Compaction Phase
[459.188s][info][gc,phases      ] GC(1619) Compaction Phase 239.199ms
[459.201s][info][gc,phases,start] GC(1619) Post Compact
[459.203s][info][gc,phases      ] GC(1619) Post Compact 2.270ms
[459.203s][info][gc,heap        ] GC(1619) PSYoungGen: 111616K(219136K)->7276K(216576K) Eden: 111616K(111616K)->7276K(111616K) From: 0K(107520K)->0K(104960K)
[459.203s][info][gc,heap        ] GC(1619) ParOldGen: 667548K(667648K)->667541K(667648K)
[459.203s][info][gc,metaspace   ] GC(1619) Metaspace: 18892K(19008K)->18892K(19008K) NonClass: 17063K(17152K)->17063K(17152K) Class: 1829K(1856K)->1829K(1856K)
[459.203s][info][gc             ] GC(1619) Pause Full (Allocation Failure) 760M->659M(863M) 1246.017ms
[459.203s][info][gc,cpu         ] GC(1619) User=2.45s Sys=0.01s Real=1.25s
[459.269s][info][gc,start       ] GC(1620) Pause Full (Allocation Failure)
[459.269s][info][gc,phases,start] GC(1620) Marking Phase
[459.766s][info][gc,phases      ] GC(1620) Marking Phase 496.958ms
[459.766s][info][gc,phases,start] GC(1620) Summary Phase
[459.766s][info][gc,phases      ] GC(1620) Summary Phase 0.022ms
[459.766s][info][gc,phases,start] GC(1620) Forward
[459.771s][info][gc,phases      ] GC(1620) Forward 4.510ms
[459.771s][info][gc,phases,start] GC(1620) Adjust Pointers
[460.101s][info][gc,phases      ] GC(1620) Adjust Pointers 330.386ms
[460.101s][info][gc,phases,start] GC(1620) Compaction Phase
[460.234s][info][gc,phases      ] GC(1620) Compaction Phase 132.341ms
[460.234s][info][gc,phases,start] GC(1620) Post Compact
[460.236s][info][gc,phases      ] GC(1620) Post Compact 2.196ms
[460.236s][info][gc,heap        ] GC(1620) PSYoungGen: 111616K(216576K)->8827K(219136K) Eden: 111616K(111616K)->8827K(111616K) From: 0K(104960K)->0K(107520K)
[460.236s][info][gc,heap        ] GC(1620) ParOldGen: 667541K(667648K)->667541K(667648K)
[460.236s][info][gc,metaspace   ] GC(1620) Metaspace: 18892K(19008K)->18892K(19008K) NonClass: 17063K(17152K)->17063K(17152K) Class: 1829K(1856K)->1829K(1856K)
[460.236s][info][gc             ] GC(1620) Pause Full (Allocation Failure) 760M->660M(866M) 966.847ms
[460.236s][info][gc,cpu         ] GC(1620) User=1.89s Sys=0.00s Real=0.97s
[460.333s][info][gc,start       ] GC(1621) Pause Full (Allocation Failure)
[460.333s][info][gc,phases,start] GC(1621) Marking Phase
[460.827s][info][gc,phases      ] GC(1621) Marking Phase 493.648ms
[460.827s][info][gc,phases,start] GC(1621) Summary Phase
[460.827s][info][gc,phases      ] GC(1621) Summary Phase 0.024ms
[460.827s][info][gc,phases,start] GC(1621) Forward
[460.853s][info][gc,phases      ] GC(1621) Forward 26.338ms
[460.853s][info][gc,phases,start] GC(1621) Adjust Pointers
[461.198s][info][gc,phases      ] GC(1621) Adjust Pointers 344.506ms
[461.198s][info][gc,phases,start] GC(1621) Compaction Phase
[461.336s][info][gc,phases      ] GC(1621) Compaction Phase 137.989ms
[461.340s][info][gc,phases,start] GC(1621) Post Compact
[461.343s][info][gc,phases      ] GC(1621) Post Compact 2.234ms
[461.343s][info][gc,heap        ] GC(1621) PSYoungGen: 111616K(219136K)->10186K(216064K) Eden: 111616K(111616K)->10186K(111616K) From: 0K(107520K)->0K(104448K)
[461.343s][info][gc,heap        ] GC(1621) ParOldGen: 667541K(667648K)->667541K(667648K)
[461.343s][info][gc,metaspace   ] GC(1621) Metaspace: 18892K(19008K)->18892K(19008K) NonClass: 17063K(17152K)->17063K(17152K) Class: 1829K(1856K)->1829K(1856K)
[461.343s][info][gc             ] GC(1621) Pause Full (Allocation Failure) 760M->661M(863M) 1009.886ms
[461.343s][info][gc,cpu         ] GC(1621) User=1.97s Sys=0.00s Real=1.01s
[461.435s][info][gc,start       ] GC(1622) Pause Full (Allocation Failure)
[461.435s][info][gc,phases,start] GC(1622) Marking Phase
[461.934s][info][gc,phases      ] GC(1622) Marking Phase 499.284ms
[461.934s][info][gc,phases,start] GC(1622) Summary Phase
[461.934s][info][gc,phases      ] GC(1622) Summary Phase 0.025ms
[461.934s][info][gc,phases,start] GC(1622) Forward
[461.939s][info][gc,phases      ] GC(1622) Forward 4.638ms
[461.939s][info][gc,phases,start] GC(1622) Adjust Pointers
[462.273s][info][gc,phases      ] GC(1622) Adjust Pointers 334.168ms
[462.273s][info][gc,phases,start] GC(1622) Compaction Phase
[462.407s][info][gc,phases      ] GC(1622) Compaction Phase 134.180ms
[462.408s][info][gc,phases,start] GC(1622) Post Compact
[462.410s][info][gc,phases      ] GC(1622) Post Compact 2.219ms
[462.410s][info][gc,heap        ] GC(1622) PSYoungGen: 111616K(216064K)->13734K(219136K) Eden: 111616K(111616K)->13734K(111616K) From: 0K(104448K)->0K(107520K)
[462.410s][info][gc,heap        ] GC(1622) ParOldGen: 667541K(667648K)->667541K(667648K)
[462.410s][info][gc,metaspace   ] GC(1622) Metaspace: 18892K(19008K)->18892K(19008K) NonClass: 17063K(17152K)->17063K(17152K) Class: 1829K(1856K)->1829K(1856K)
[462.410s][info][gc             ] GC(1622) Pause Full (Allocation Failure) 760M->665M(866M) 975.013ms
[462.410s][info][gc,cpu         ] GC(1622) User=1.91s Sys=0.00s Real=0.97s
[462.521s][info][gc,start       ] GC(1623) Pause Full (Allocation Failure)
[462.521s][info][gc,phases,start] GC(1623) Marking Phase
[462.903s][info][gc,phases      ] GC(1623) Marking Phase 382.134ms
[462.904s][info][gc,phases,start] GC(1623) Summary Phase
[462.904s][info][gc,phases      ] GC(1623) Summary Phase 0.027ms
[462.904s][info][gc,phases,start] GC(1623) Forward
[463.011s][info][gc,phases      ] GC(1623) Forward 107.321ms
[463.011s][info][gc,phases,start] GC(1623) Adjust Pointers
[463.298s][info][gc,phases      ] GC(1623) Adjust Pointers 287.268ms
[463.298s][info][gc,phases,start] GC(1623) Compaction Phase
[463.448s][info][gc,phases      ] GC(1623) Compaction Phase 149.826ms
[463.460s][info][gc,phases,start] GC(1623) Post Compact
[463.462s][info][gc,phases      ] GC(1623) Post Compact 2.261ms
[463.462s][info][gc,heap        ] GC(1623) PSYoungGen: 111616K(219136K)->0K(219136K) Eden: 111616K(111616K)->0K(115200K) From: 0K(107520K)->0K(103936K)
[463.462s][info][gc,heap        ] GC(1623) ParOldGen: 667541K(667648K)->549020K(667648K)
[463.462s][info][gc,metaspace   ] GC(1623) Metaspace: 18892K(19008K)->18892K(19008K) NonClass: 17063K(17152K)->17063K(17152K) Class: 1829K(1856K)->1829K(1856K)
[463.462s][info][gc             ] GC(1623) Pause Full (Allocation Failure) 760M->536M(866M) 940.905ms
[463.462s][info][gc,cpu         ] GC(1623) User=1.78s Sys=0.00s Real=0.95s
[463.669s][info][gc,start       ] GC(1624) Pause Young (Allocation Failure)
[463.688s][info][gc,heap        ] GC(1624) PSYoungGen: 115200K(219136K)->10720K(125952K) Eden: 115200K(115200K)->0K(115200K) From: 0K(103936K)->10720K(10752K)
[463.689s][info][gc,heap        ] GC(1624) ParOldGen: 549020K(667648K)->549020K(667648K)
[463.689s][info][gc,metaspace   ] GC(1624) Metaspace: 18892K(19008K)->18892K(19008K) NonClass: 17063K(17152K)->17063K(17152K) Class: 1829K(1856K)->1829K(1856K)
[463.689s][info][gc             ] GC(1624) Pause Young (Allocation Failure) 648M->546M(775M) 19.553ms
[463.689s][info][gc,cpu         ] GC(1624) User=0.04s Sys=0.00s Real=0.02s
[463.781s][info][gc,start       ] GC(1625) Pause Young (Allocation Failure)
[463.813s][info][gc,heap        ] GC(1625) PSYoungGen: 125920K(125952K)->28976K(209920K) Eden: 115200K(115200K)->0K(118784K) From: 10720K(10752K)->28976K(91136K)
[463.813s][info][gc,heap        ] GC(1625) ParOldGen: 549020K(667648K)->549020K(667648K)
[463.813s][info][gc,metaspace   ] GC(1625) Metaspace: 18892K(19008K)->18892K(19008K) NonClass: 17063K(17152K)->17063K(17152K) Class: 1829K(1856K)->1829K(1856K)
[463.813s][info][gc             ] GC(1625) Pause Young (Allocation Failure) 659M->564M(857M) 32.013ms
[463.813s][info][gc,cpu         ] GC(1625) User=0.06s Sys=0.01s Real=0.04s
[464.026s][info][gc,start       ] GC(1626) Pause Young (Allocation Failure)
[464.066s][info][gc,heap        ] GC(1626) PSYoungGen: 147760K(209920K)->42204K(215040K) Eden: 118784K(118784K)->0K(118784K) From: 28976K(91136K)->42204K(96256K)
[464.066s][info][gc,heap        ] GC(1626) ParOldGen: 549020K(667648K)->549020K(667648K)
[464.066s][info][gc,metaspace   ] GC(1626) Metaspace: 18906K(19072K)->18906K(19072K) NonClass: 17077K(17216K)->17077K(17216K) Class: 1829K(1856K)->1829K(1856K)
[464.066s][info][gc             ] GC(1626) Pause Young (Allocation Failure) 680M->577M(862M) 40.620ms
[464.066s][info][gc,cpu         ] GC(1626) User=0.08s Sys=0.00s Real=0.04s
[464.230s][info][gc,start       ] GC(1627) Pause Young (Allocation Failure)
[464.268s][info][gc,heap        ] GC(1627) PSYoungGen: 160988K(215040K)->38555K(213504K) Eden: 118784K(118784K)->0K(122880K) From: 42204K(96256K)->38555K(90624K)
[464.268s][info][gc,heap        ] GC(1627) ParOldGen: 549020K(667648K)->549020K(667648K)
[464.268s][info][gc,metaspace   ] GC(1627) Metaspace: 18908K(19072K)->18908K(19072K) NonClass: 17079K(17216K)->17079K(17216K) Class: 1829K(1856K)->1829K(1856K)
[464.268s][info][gc             ] GC(1627) Pause Young (Allocation Failure) 693M->573M(860M) 37.456ms
[464.268s][info][gc,cpu         ] GC(1627) User=0.07s Sys=0.00s Real=0.04s
[464.392s][info][gc,start       ] GC(1628) Pause Young (Allocation Failure)
[464.444s][info][gc,heap        ] GC(1628) PSYoungGen: 161435K(213504K)->59708K(216064K) Eden: 122880K(122880K)->0K(122880K) From: 38555K(90624K)->59708K(93184K)
[464.444s][info][gc,heap        ] GC(1628) ParOldGen: 549020K(667648K)->549020K(667648K)
[464.444s][info][gc,metaspace   ] GC(1628) Metaspace: 18908K(19072K)->18908K(19072K) NonClass: 17079K(17216K)->17079K(17216K) Class: 1829K(1856K)->1829K(1856K)
[464.444s][info][gc             ] GC(1628) Pause Young (Allocation Failure) 693M->594M(863M) 52.526ms
[464.444s][info][gc,cpu         ] GC(1628) User=0.10s Sys=0.00s Real=0.06s
[464.566s][info][gc,start       ] GC(1629) Pause Young (Allocation Failure)
[464.629s][info][gc,heap        ] GC(1629) PSYoungGen: 182588K(216064K)->68875K(219648K) Eden: 122880K(122880K)->0K(120832K) From: 59708K(93184K)->68875K(98816K)
[464.629s][info][gc,heap        ] GC(1629) ParOldGen: 549020K(667648K)->549020K(667648K)
[464.629s][info][gc,metaspace   ] GC(1629) Metaspace: 18908K(19072K)->18908K(19072K) NonClass: 17079K(17216K)->17079K(17216K) Class: 1829K(1856K)->1829K(1856K)
[464.629s][info][gc             ] GC(1629) Pause Young (Allocation Failure) 714M->603M(866M) 62.849ms
[464.629s][info][gc,cpu         ] GC(1629) User=0.12s Sys=0.00s Real=0.06s
[464.754s][info][gc,start       ] GC(1630) Pause Young (Allocation Failure)
[464.820s][info][gc,heap        ] GC(1630) PSYoungGen: 189707K(219648K)->73259K(194560K) Eden: 120832K(120832K)->0K(120832K) From: 68875K(98816K)->73259K(73728K)
[464.820s][info][gc,heap        ] GC(1630) ParOldGen: 549020K(667648K)->549020K(667648K)
[464.820s][info][gc,metaspace   ] GC(1630) Metaspace: 18908K(19072K)->18908K(19072K) NonClass: 17079K(17216K)->17079K(17216K) Class: 1829K(1856K)->1829K(1856K)
[464.820s][info][gc             ] GC(1630) Pause Young (Allocation Failure) 721M->607M(842M) 66.201ms
[464.820s][info][gc,cpu         ] GC(1630) User=0.13s Sys=0.00s Real=0.06s
[465.087s][info][gc,start       ] GC(1631) Pause Young (Allocation Failure)
[465.154s][info][gc,heap        ] GC(1631) PSYoungGen: 194091K(194560K)->62635K(222720K) Eden: 120832K(120832K)->0K(111616K) From: 73259K(73728K)->62635K(111104K)
[465.154s][info][gc,heap        ] GC(1631) ParOldGen: 549020K(667648K)->559740K(667648K)
[465.154s][info][gc,metaspace   ] GC(1631) Metaspace: 18909K(19072K)->18909K(19072K) NonClass: 17079K(17216K)->17079K(17216K) Class: 1829K(1856K)->1829K(1856K)
[465.154s][info][gc             ] GC(1631) Pause Young (Allocation Failure) 725M->607M(869M) 66.851ms
[465.154s][info][gc,cpu         ] GC(1631) User=0.14s Sys=0.00s Real=0.07s
[465.330s][info][gc,start       ] GC(1632) Pause Young (Allocation Failure)
[465.394s][info][gc,heap        ] GC(1632) PSYoungGen: 174251K(222720K)->48576K(160256K) Eden: 111616K(111616K)->0K(111616K) From: 62635K(111104K)->48576K(48640K)
[465.394s][info][gc,heap        ] GC(1632) ParOldGen: 559740K(667648K)->582752K(667648K)
[465.394s][info][gc,metaspace   ] GC(1632) Metaspace: 18909K(19072K)->18909K(19072K) NonClass: 17079K(17216K)->17079K(17216K) Class: 1829K(1856K)->1829K(1856K)
[465.394s][info][gc             ] GC(1632) Pause Young (Allocation Failure) 716M->616M(808M) 64.238ms
[465.394s][info][gc,cpu         ] GC(1632) User=0.13s Sys=0.00s Real=0.07s
[465.517s][info][gc,start       ] GC(1633) Pause Young (Allocation Failure)
[465.567s][info][gc,heap        ] GC(1633) PSYoungGen: 160192K(160256K)->56512K(223744K) Eden: 111616K(111616K)->0K(113152K) From: 48576K(48640K)->56512K(110592K)
[465.567s][info][gc,heap        ] GC(1633) ParOldGen: 582752K(667648K)->582752K(667648K)
[465.567s][info][gc,metaspace   ] GC(1633) Metaspace: 18909K(19072K)->18909K(19072K) NonClass: 17079K(17216K)->17079K(17216K) Class: 1829K(1856K)->1829K(1856K)
[465.567s][info][gc             ] GC(1633) Pause Young (Allocation Failure) 725M->624M(870M) 50.010ms
[465.567s][info][gc,cpu         ] GC(1633) User=0.10s Sys=0.00s Real=0.05s
[465.672s][info][gc,start       ] GC(1634) Pause Young (Allocation Failure)
[465.707s][info][gc,heap        ] GC(1634) PSYoungGen: 169664K(223744K)->43504K(156672K) Eden: 113152K(113152K)->0K(113152K) From: 56512K(110592K)->43504K(43520K)
[465.707s][info][gc,heap        ] GC(1634) ParOldGen: 582752K(667648K)->582752K(667648K)
[465.707s][info][gc,metaspace   ] GC(1634) Metaspace: 18909K(19072K)->18909K(19072K) NonClass: 17079K(17216K)->17079K(17216K) Class: 1829K(1856K)->1829K(1856K)
[465.707s][info][gc             ] GC(1634) Pause Young (Allocation Failure) 734M->611M(805M) 34.763ms
[465.707s][info][gc,cpu         ] GC(1634) User=0.07s Sys=0.00s Real=0.03s
[465.766s][info][gc,start       ] GC(1635) Pause Young (Allocation Failure)
[465.826s][info][gc,heap        ] GC(1635) PSYoungGen: 156656K(156672K)->85456K(207872K) Eden: 113152K(113152K)->0K(105472K) From: 43504K(43520K)->85456K(102400K)
[465.826s][info][gc,heap        ] GC(1635) ParOldGen: 582752K(667648K)->582752K(667648K)
[465.826s][info][gc,metaspace   ] GC(1635) Metaspace: 18909K(19072K)->18909K(19072K) NonClass: 17079K(17216K)->17079K(17216K) Class: 1829K(1856K)->1829K(1856K)
[465.826s][info][gc             ] GC(1635) Pause Young (Allocation Failure) 722M->652M(855M) 60.578ms
[465.826s][info][gc,cpu         ] GC(1635) User=0.12s Sys=0.00s Real=0.06s
[466.017s][info][gc,start       ] GC(1636) Pause Young (Allocation Failure)
[466.079s][info][gc,heap        ] GC(1636) PSYoungGen: 190928K(207872K)->94432K(216576K) Eden: 105472K(105472K)->0K(105472K) From: 85456K(102400K)->94432K(111104K)
[466.079s][info][gc,heap        ] GC(1636) ParOldGen: 582752K(667648K)->582920K(667648K)
[466.079s][info][gc,metaspace   ] GC(1636) Metaspace: 18909K(19072K)->18909K(19072K) NonClass: 17079K(17216K)->17079K(17216K) Class: 1829K(1856K)->1829K(1856K)
[466.079s][info][gc             ] GC(1636) Pause Young (Allocation Failure) 755M->661M(863M) 61.472ms
[466.079s][info][gc,cpu         ] GC(1636) User=0.13s Sys=0.00s Real=0.06s
[466.228s][info][gc,start       ] GC(1637) Pause Young (Allocation Failure)
[466.294s][info][gc,heap        ] GC(1637) PSYoungGen: 199904K(216576K)->89072K(222720K) Eden: 105472K(105472K)->0K(111616K) From: 94432K(111104K)->89072K(111104K)
[466.294s][info][gc,heap        ] GC(1637) ParOldGen: 582920K(667648K)->583072K(667648K)
[466.294s][info][gc,metaspace   ] GC(1637) Metaspace: 18909K(19072K)->18909K(19072K) NonClass: 17079K(17216K)->17079K(17216K) Class: 1829K(1856K)->1829K(1856K)
[466.294s][info][gc             ] GC(1637) Pause Young (Allocation Failure) 764M->656M(869M) 66.345ms
[466.294s][info][gc,cpu         ] GC(1637) User=0.13s Sys=0.01s Real=0.07s
[466.426s][info][gc,start       ] GC(1638) Pause Young (Allocation Failure)
[466.530s][info][gc,heap        ] GC(1638) PSYoungGen: 200688K(222720K)->111088K(222720K) Eden: 111616K(111616K)->0K(111616K) From: 89072K(111104K)->111088K(111104K)
[466.530s][info][gc,heap        ] GC(1638) ParOldGen: 583072K(667648K)->588645K(667648K)
[466.530s][info][gc,metaspace   ] GC(1638) Metaspace: 18909K(19072K)->18909K(19072K) NonClass: 17079K(17216K)->17079K(17216K) Class: 1829K(1856K)->1829K(1856K)
[466.530s][info][gc             ] GC(1638) Pause Young (Allocation Failure) 765M->683M(869M) 104.264ms
[466.530s][info][gc,cpu         ] GC(1638) User=0.21s Sys=0.00s Real=0.10s
[466.656s][info][gc,start       ] GC(1639) Pause Young (Allocation Failure)
[466.780s][info][gc,heap        ] GC(1639) PSYoungGen: 222704K(222720K)->104000K(222720K) Eden: 111616K(111616K)->0K(111616K) From: 111088K(111104K)->104000K(111104K)
[466.780s][info][gc,heap        ] GC(1639) ParOldGen: 588645K(667648K)->616093K(667648K)
[466.780s][info][gc,metaspace   ] GC(1639) Metaspace: 18909K(19072K)->18909K(19072K) NonClass: 17079K(17216K)->17079K(17216K) Class: 1829K(1856K)->1829K(1856K)
[466.780s][info][gc             ] GC(1639) Pause Young (Allocation Failure) 792M->703M(869M) 124.232ms
[466.780s][info][gc,cpu         ] GC(1639) User=0.24s Sys=0.00s Real=0.12s
[466.875s][info][gc,start       ] GC(1640) Pause Young (Allocation Failure)
[466.973s][info][gc,promotion   ] GC(1640) Promotion failed
[466.973s][info][gc,heap        ] GC(1640) PSYoungGen: 215616K(222720K)->215616K(222720K) Eden: 111616K(111616K)->111616K(111616K) From: 104000K(111104K)->104000K(111104K)
[466.973s][info][gc,heap        ] GC(1640) ParOldGen: 616093K(667648K)->667642K(667648K)
[466.973s][info][gc,metaspace   ] GC(1640) Metaspace: 18909K(19072K)->18909K(19072K) NonClass: 17079K(17216K)->17079K(17216K) Class: 1829K(1856K)->1829K(1856K)
[466.973s][info][gc             ] GC(1640) Pause Young (Allocation Failure) 812M->862M(869M) 98.691ms
[466.973s][info][gc,cpu         ] GC(1640) User=0.20s Sys=0.00s Real=0.10s
[466.973s][info][gc,start       ] GC(1641) Pause Full (Allocation Failure)
[466.973s][info][gc,phases,start] GC(1641) Marking Phase
[467.357s][info][gc,phases      ] GC(1641) Marking Phase 383.351ms
[467.357s][info][gc,phases,start] GC(1641) Summary Phase
[467.357s][info][gc,phases      ] GC(1641) Summary Phase 0.029ms
[467.357s][info][gc,phases,start] GC(1641) Forward
[467.447s][info][gc,phases      ] GC(1641) Forward 90.329ms
[467.447s][info][gc,phases,start] GC(1641) Adjust Pointers
[467.718s][info][gc,phases      ] GC(1641) Adjust Pointers 270.977ms
[467.718s][info][gc,phases,start] GC(1641) Compaction Phase
[467.854s][info][gc,phases      ] GC(1641) Compaction Phase 135.790ms
[467.864s][info][gc,phases,start] GC(1641) Post Compact
[467.867s][info][gc,phases      ] GC(1641) Post Compact 2.676ms
[467.867s][info][gc,heap        ] GC(1641) PSYoungGen: 215616K(222720K)->0K(222720K) Eden: 111616K(111616K)->0K(111616K) From: 104000K(111104K)->0K(111104K)
[467.867s][info][gc,heap        ] GC(1641) ParOldGen: 667642K(667648K)->544687K(667648K)
[467.867s][info][gc,metaspace   ] GC(1641) Metaspace: 18909K(19072K)->18909K(19072K) NonClass: 17079K(17216K)->17079K(17216K) Class: 1829K(1856K)->1829K(1856K)
[467.867s][info][gc             ] GC(1641) Pause Full (Allocation Failure) 862M->531M(869M) 893.430ms
[467.867s][info][gc,cpu         ] GC(1641) User=1.69s Sys=0.00s Real=0.89s
[467.971s][info][gc,start       ] GC(1642) Pause Young (Allocation Failure)
[467.978s][info][gc,heap        ] GC(1642) PSYoungGen: 111616K(222720K)->672K(222720K) Eden: 111616K(111616K)->0K(111616K) From: 0K(111104K)->672K(111104K)
[467.978s][info][gc,heap        ] GC(1642) ParOldGen: 544687K(667648K)->544687K(667648K)
[467.978s][info][gc,metaspace   ] GC(1642) Metaspace: 18909K(19072K)->18909K(19072K) NonClass: 17079K(17216K)->17079K(17216K) Class: 1829K(1856K)->1829K(1856K)
[467.978s][info][gc             ] GC(1642) Pause Young (Allocation Failure) 640M->532M(869M) 7.067ms
[467.978s][info][gc,cpu         ] GC(1642) User=0.01s Sys=0.01s Real=0.01s
[468.091s][info][gc,start       ] GC(1643) Pause Young (Allocation Failure)
[468.103s][info][gc,heap        ] GC(1643) PSYoungGen: 112288K(222720K)->4992K(222720K) Eden: 111616K(111616K)->0K(111616K) From: 672K(111104K)->4992K(111104K)
[468.103s][info][gc,heap        ] GC(1643) ParOldGen: 544687K(667648K)->544687K(667648K)
[468.103s][info][gc,metaspace   ] GC(1643) Metaspace: 18909K(19072K)->18909K(19072K) NonClass: 17079K(17216K)->17079K(17216K) Class: 1829K(1856K)->1829K(1856K)
[468.103s][info][gc             ] GC(1643) Pause Young (Allocation Failure) 641M->536M(869M) 12.571ms
[468.103s][info][gc,cpu         ] GC(1643) User=0.02s Sys=0.00s Real=0.02s
[468.216s][info][gc,start       ] GC(1644) Pause Young (Allocation Failure)
[468.223s][info][gc,heap        ] GC(1644) PSYoungGen: 116608K(222720K)->4512K(222720K) Eden: 111616K(111616K)->0K(111616K) From: 4992K(111104K)->4512K(111104K)
[468.223s][info][gc,heap        ] GC(1644) ParOldGen: 544687K(667648K)->545335K(667648K)
[468.223s][info][gc,metaspace   ] GC(1644) Metaspace: 18909K(19072K)->18909K(19072K) NonClass: 17079K(17216K)->17079K(17216K) Class: 1829K(1856K)->1829K(1856K)
[468.223s][info][gc             ] GC(1644) Pause Young (Allocation Failure) 645M->536M(869M) 7.831ms
[468.223s][info][gc,cpu         ] GC(1644) User=0.01s Sys=0.00s Real=0.01s
[468.423s][info][gc,start       ] GC(1645) Pause Young (Allocation Failure)
[468.450s][info][gc,heap        ] GC(1645) PSYoungGen: 116128K(222720K)->10672K(222720K) Eden: 111616K(111616K)->0K(111616K) From: 4512K(111104K)->10672K(111104K)
[468.450s][info][gc,heap        ] GC(1645) ParOldGen: 545335K(667648K)->549807K(667648K)
[468.450s][info][gc,metaspace   ] GC(1645) Metaspace: 18909K(19072K)->18909K(19072K) NonClass: 17079K(17216K)->17079K(17216K) Class: 1829K(1856K)->1829K(1856K)
[468.450s][info][gc             ] GC(1645) Pause Young (Allocation Failure) 645M->547M(869M) 26.690ms
[468.450s][info][gc,cpu         ] GC(1645) User=0.05s Sys=0.00s Real=0.02s
[468.587s][info][gc,start       ] GC(1646) Pause Young (Allocation Failure)
[468.618s][info][gc,heap        ] GC(1646) PSYoungGen: 122288K(222720K)->18176K(222720K) Eden: 111616K(111616K)->0K(111616K) From: 10672K(111104K)->18176K(111104K)
[468.618s][info][gc,heap        ] GC(1646) ParOldGen: 549807K(667648K)->560503K(667648K)
[468.618s][info][gc,metaspace   ] GC(1646) Metaspace: 18909K(19072K)->18909K(19072K) NonClass: 17079K(17216K)->17079K(17216K) Class: 1829K(1856K)->1829K(1856K)
[468.618s][info][gc             ] GC(1646) Pause Young (Allocation Failure) 656M->565M(869M) 31.595ms
[468.618s][info][gc,cpu         ] GC(1646) User=0.06s Sys=0.00s Real=0.03s
[468.808s][info][gc,start       ] GC(1647) Pause Young (Allocation Failure)
[468.840s][info][gc,heap        ] GC(1647) PSYoungGen: 129792K(222720K)->18784K(222720K) Eden: 111616K(111616K)->0K(111616K) From: 18176K(111104K)->18784K(111104K)
[468.840s][info][gc,heap        ] GC(1647) ParOldGen: 560503K(667648K)->578703K(667648K)
[468.840s][info][gc,metaspace   ] GC(1647) Metaspace: 18909K(19072K)->18909K(19072K) NonClass: 17079K(17216K)->17079K(17216K) Class: 1829K(1856K)->1829K(1856K)
[468.840s][info][gc             ] GC(1647) Pause Young (Allocation Failure) 674M->583M(869M) 32.789ms
[468.840s][info][gc,cpu         ] GC(1647) User=0.06s Sys=0.00s Real=0.03s
[468.973s][info][gc,start       ] GC(1648) Pause Young (Allocation Failure)
[469.005s][info][gc,heap        ] GC(1648) PSYoungGen: 130400K(222720K)->24864K(222720K) Eden: 111616K(111616K)->0K(111616K) From: 18784K(111104K)->24864K(111104K)
[469.005s][info][gc,heap        ] GC(1648) ParOldGen: 578703K(667648K)->597672K(667648K)
[469.005s][info][gc,metaspace   ] GC(1648) Metaspace: 18909K(19072K)->18909K(19072K) NonClass: 17079K(17216K)->17079K(17216K) Class: 1829K(1856K)->1829K(1856K)
[469.005s][info][gc             ] GC(1648) Pause Young (Allocation Failure) 692M->607M(869M) 31.327ms
[469.005s][info][gc,cpu         ] GC(1648) User=0.06s Sys=0.00s Real=0.03s
[469.159s][info][gc,start       ] GC(1649) Pause Young (Allocation Failure)
[469.195s][info][gc,heap        ] GC(1649) PSYoungGen: 136480K(222720K)->11584K(222720K) Eden: 111616K(111616K)->0K(111616K) From: 24864K(111104K)->11584K(111104K)
[469.195s][info][gc,heap        ] GC(1649) ParOldGen: 597672K(667648K)->622784K(667648K)
[469.195s][info][gc,metaspace   ] GC(1649) Metaspace: 18909K(19072K)->18909K(19072K) NonClass: 17079K(17216K)->17079K(17216K) Class: 1829K(1856K)->1829K(1856K)
[469.195s][info][gc             ] GC(1649) Pause Young (Allocation Failure) 716M->619M(869M) 35.829ms
[469.195s][info][gc,cpu         ] GC(1649) User=0.07s Sys=0.00s Real=0.04s
[469.368s][info][gc,start       ] GC(1650) Pause Young (Allocation Failure)
[469.386s][info][gc,heap        ] GC(1650) PSYoungGen: 123200K(222720K)->64K(222720K) Eden: 111616K(111616K)->0K(111616K) From: 11584K(111104K)->64K(111104K)
[469.386s][info][gc,heap        ] GC(1650) ParOldGen: 622784K(667648K)->634128K(667648K)
[469.386s][info][gc,metaspace   ] GC(1650) Metaspace: 18909K(19072K)->18909K(19072K) NonClass: 17079K(17216K)->17079K(17216K) Class: 1829K(1856K)->1829K(1856K)
[469.386s][info][gc             ] GC(1650) Pause Young (Allocation Failure) 728M->619M(869M) 17.350ms
[469.386s][info][gc,cpu         ] GC(1650) User=0.03s Sys=0.00s Real=0.02s
[469.522s][info][gc,start       ] GC(1651) Pause Full (Allocation Failure)
[469.522s][info][gc,phases,start] GC(1651) Marking Phase
[469.853s][info][gc,phases      ] GC(1651) Marking Phase 331.495ms
[469.853s][info][gc,phases,start] GC(1651) Summary Phase
[469.853s][info][gc,phases      ] GC(1651) Summary Phase 0.027ms
[469.853s][info][gc,phases,start] GC(1651) Forward
[469.967s][info][gc,phases      ] GC(1651) Forward 113.337ms
[469.967s][info][gc,phases,start] GC(1651) Adjust Pointers
[470.213s][info][gc,phases      ] GC(1651) Adjust Pointers 246.030ms
[470.213s][info][gc,phases,start] GC(1651) Compaction Phase
[470.359s][info][gc,phases      ] GC(1651) Compaction Phase 146.182ms
[470.368s][info][gc,phases,start] GC(1651) Post Compact
[470.371s][info][gc,phases      ] GC(1651) Post Compact 2.206ms
[470.371s][info][gc,heap        ] GC(1651) PSYoungGen: 111680K(222720K)->0K(222720K) Eden: 111616K(111616K)->0K(111616K) From: 64K(111104K)->0K(111104K)
[470.371s][info][gc,heap        ] GC(1651) ParOldGen: 634128K(667648K)->478925K(667648K)
[470.371s][info][gc,metaspace   ] GC(1651) Metaspace: 18909K(19072K)->18909K(19072K) NonClass: 17079K(17216K)->17079K(17216K) Class: 1829K(1856K)->1829K(1856K)
[470.371s][info][gc             ] GC(1651) Pause Full (Allocation Failure) 728M->467M(869M) 848.917ms
[470.371s][info][gc,cpu         ] GC(1651) User=1.59s Sys=0.00s Real=0.84s
[470.471s][info][gc,start       ] GC(1652) Pause Young (Allocation Failure)
[470.479s][info][gc,heap        ] GC(1652) PSYoungGen: 111616K(222720K)->3392K(222720K) Eden: 111616K(111616K)->0K(111616K) From: 0K(111104K)->3392K(111104K)
[470.479s][info][gc,heap        ] GC(1652) ParOldGen: 478925K(667648K)->478925K(667648K)
[470.479s][info][gc,metaspace   ] GC(1652) Metaspace: 18909K(19072K)->18909K(19072K) NonClass: 17079K(17216K)->17079K(17216K) Class: 1829K(1856K)->1829K(1856K)
[470.479s][info][gc             ] GC(1652) Pause Young (Allocation Failure) 576M->471M(869M) 7.308ms
[470.479s][info][gc,cpu         ] GC(1652) User=0.01s Sys=0.00s Real=0.01s
[470.587s][info][gc,start       ] GC(1653) Pause Young (Allocation Failure)
[470.596s][info][gc,heap        ] GC(1653) PSYoungGen: 115008K(222720K)->2176K(222720K) Eden: 111616K(111616K)->0K(111616K) From: 3392K(111104K)->2176K(111104K)
[470.596s][info][gc,heap        ] GC(1653) ParOldGen: 478925K(667648K)->482325K(667648K)
[470.596s][info][gc,metaspace   ] GC(1653) Metaspace: 18909K(19072K)->18909K(19072K) NonClass: 17079K(17216K)->17079K(17216K) Class: 1829K(1856K)->1829K(1856K)
[470.596s][info][gc             ] GC(1653) Pause Young (Allocation Failure) 580M->473M(869M) 9.532ms
[470.597s][info][gc,cpu         ] GC(1653) User=0.02s Sys=0.00s Real=0.01s
[470.731s][info][gc,start       ] GC(1654) Pause Young (Allocation Failure)
[470.746s][info][gc,heap        ] GC(1654) PSYoungGen: 113792K(222720K)->11808K(217600K) Eden: 111616K(111616K)->0K(111616K) From: 2176K(111104K)->11808K(105984K)
[470.747s][info][gc,heap        ] GC(1654) ParOldGen: 482325K(667648K)->484477K(667648K)
[470.747s][info][gc,metaspace   ] GC(1654) Metaspace: 18909K(19072K)->18909K(19072K) NonClass: 17079K(17216K)->17079K(17216K) Class: 1829K(1856K)->1829K(1856K)
[470.747s][info][gc             ] GC(1654) Pause Young (Allocation Failure) 582M->484M(864M) 15.382ms
[470.747s][info][gc,cpu         ] GC(1654) User=0.03s Sys=0.00s Real=0.02s
[471.012s][info][gc,start       ] GC(1655) Pause Young (Allocation Failure)
[471.029s][info][gc,heap        ] GC(1655) PSYoungGen: 123424K(217600K)->15680K(127488K) Eden: 111616K(111616K)->0K(111616K) From: 11808K(105984K)->15680K(15872K)
[471.029s][info][gc,heap        ] GC(1655) ParOldGen: 484477K(667648K)->484477K(667648K)
[471.029s][info][gc,metaspace   ] GC(1655) Metaspace: 18912K(19072K)->18912K(19072K) NonClass: 17083K(17216K)->17083K(17216K) Class: 1829K(1856K)->1829K(1856K)
[471.029s][info][gc             ] GC(1655) Pause Young (Allocation Failure) 593M->488M(776M) 17.667ms
[471.029s][info][gc,cpu         ] GC(1655) User=0.03s Sys=0.01s Real=0.02s
[471.288s][info][gc,start       ] GC(1656) Pause Young (Allocation Failure)
[471.305s][info][gc,heap        ] GC(1656) PSYoungGen: 127296K(127488K)->15648K(202752K) Eden: 111616K(111616K)->0K(114688K) From: 15680K(15872K)->15648K(88064K)
[471.305s][info][gc,heap        ] GC(1656) ParOldGen: 484477K(667648K)->484477K(667648K)
[471.305s][info][gc,metaspace   ] GC(1656) Metaspace: 18912K(19072K)->18912K(19072K) NonClass: 17083K(17216K)->17083K(17216K) Class: 1829K(1856K)->1829K(1856K)
[471.305s][info][gc             ] GC(1656) Pause Young (Allocation Failure) 597M->488M(850M) 17.138ms
[471.305s][info][gc,cpu         ] GC(1656) User=0.03s Sys=0.00s Real=0.02s
[471.553s][info][gc,start       ] GC(1657) Pause Young (Allocation Failure)
[471.571s][info][gc,heap        ] GC(1657) PSYoungGen: 130336K(202752K)->15648K(130560K) Eden: 114688K(114688K)->0K(114688K) From: 15648K(88064K)->15648K(15872K)
[471.571s][info][gc,heap        ] GC(1657) ParOldGen: 484477K(667648K)->484477K(667648K)
[471.571s][info][gc,metaspace   ] GC(1657) Metaspace: 18912K(19072K)->18912K(19072K) NonClass: 17083K(17216K)->17083K(17216K) Class: 1829K(1856K)->1829K(1856K)
[471.571s][info][gc             ] GC(1657) Pause Young (Allocation Failure) 600M->488M(779M) 17.401ms
[471.571s][info][gc,cpu         ] GC(1657) User=0.03s Sys=0.00s Real=0.01s
[471.819s][info][gc,start       ] GC(1658) Pause Young (Allocation Failure)
[471.841s][info][gc,heap        ] GC(1658) PSYoungGen: 130336K(130560K)->15680K(196096K) Eden: 114688K(114688K)->0K(117760K) From: 15648K(15872K)->15680K(78336K)
[471.841s][info][gc,heap        ] GC(1658) ParOldGen: 484477K(667648K)->484477K(667648K)
[471.841s][info][gc,metaspace   ] GC(1658) Metaspace: 18912K(19072K)->18912K(19072K) NonClass: 17083K(17216K)->17083K(17216K) Class: 1829K(1856K)->1829K(1856K)
[471.841s][info][gc             ] GC(1658) Pause Young (Allocation Failure) 600M->488M(843M) 22.596ms
[471.842s][info][gc,cpu         ] GC(1658) User=0.05s Sys=0.00s Real=0.02s
[472.014s][info][gc,start       ] GC(1659) Pause Young (Allocation Failure)
[472.041s][info][gc,heap        ] GC(1659) PSYoungGen: 133440K(196096K)->31248K(201728K) Eden: 117760K(117760K)->0K(117760K) From: 15680K(78336K)->31248K(83968K)
[472.041s][info][gc,heap        ] GC(1659) ParOldGen: 484477K(667648K)->484477K(667648K)
[472.041s][info][gc,metaspace   ] GC(1659) Metaspace: 18912K(19072K)->18912K(19072K) NonClass: 17083K(17216K)->17083K(17216K) Class: 1829K(1856K)->1829K(1856K)
[472.041s][info][gc             ] GC(1659) Pause Young (Allocation Failure) 603M->503M(849M) 27.052ms
[472.041s][info][gc,cpu         ] GC(1659) User=0.05s Sys=0.00s Real=0.02s
[472.101s][info][gc,start       ] GC(1660) Pause Young (Allocation Failure)
[472.160s][info][gc,heap        ] GC(1660) PSYoungGen: 149008K(201728K)->71808K(190464K) Eden: 117760K(117760K)->0K(109056K) From: 31248K(83968K)->71808K(81408K)
[472.160s][info][gc,heap        ] GC(1660) ParOldGen: 484477K(667648K)->484477K(667648K)
[472.160s][info][gc,metaspace   ] GC(1660) Metaspace: 18912K(19072K)->18912K(19072K) NonClass: 17083K(17216K)->17083K(17216K) Class: 1829K(1856K)->1829K(1856K)
[472.160s][info][gc             ] GC(1660) Pause Young (Allocation Failure) 618M->543M(838M) 58.861ms
[472.160s][info][gc,cpu         ] GC(1660) User=0.11s Sys=0.00s Real=0.06s
[472.332s][info][gc,start       ] GC(1661) Pause Young (Allocation Failure)
[472.400s][info][gc,heap        ] GC(1661) PSYoungGen: 180864K(190464K)->89616K(202752K) Eden: 109056K(109056K)->0K(109056K) From: 71808K(81408K)->89616K(93696K)
[472.400s][info][gc,heap        ] GC(1661) ParOldGen: 484477K(667648K)->484477K(667648K)
[472.400s][info][gc,metaspace   ] GC(1661) Metaspace: 18912K(19072K)->18912K(19072K) NonClass: 17083K(17216K)->17083K(17216K) Class: 1829K(1856K)->1829K(1856K)
[472.400s][info][gc             ] GC(1661) Pause Young (Allocation Failure) 649M->560M(850M) 67.851ms
[472.400s][info][gc,cpu         ] GC(1661) User=0.13s Sys=0.00s Real=0.06s
[472.518s][info][gc,start       ] GC(1662) Pause Young (Allocation Failure)
[472.598s][info][gc,heap        ] GC(1662) PSYoungGen: 198672K(202752K)->91760K(221696K) Eden: 109056K(109056K)->0K(111616K) From: 89616K(93696K)->91760K(110080K)
[472.598s][info][gc,heap        ] GC(1662) ParOldGen: 484477K(667648K)->484477K(667648K)
[472.598s][info][gc,metaspace   ] GC(1662) Metaspace: 18912K(19072K)->18912K(19072K) NonClass: 17083K(17216K)->17083K(17216K) Class: 1829K(1856K)->1829K(1856K)
[472.598s][info][gc             ] GC(1662) Pause Young (Allocation Failure) 667M->562M(868M) 79.407ms
[472.598s][info][gc,cpu         ] GC(1662) User=0.14s Sys=0.02s Real=0.08s
[472.758s][info][gc,start       ] GC(1663) Pause Young (Allocation Failure)
[472.854s][info][gc,heap        ] GC(1663) PSYoungGen: 203376K(221696K)->95088K(222720K) Eden: 111616K(111616K)->0K(111616K) From: 91760K(110080K)->95088K(111104K)
[472.854s][info][gc,heap        ] GC(1663) ParOldGen: 484477K(667648K)->500104K(667648K)
[472.854s][info][gc,metaspace   ] GC(1663) Metaspace: 18912K(19072K)->18912K(19072K) NonClass: 17083K(17216K)->17083K(17216K) Class: 1829K(1856K)->1829K(1856K)
[472.854s][info][gc             ] GC(1663) Pause Young (Allocation Failure) 671M->581M(869M) 95.952ms
[472.854s][info][gc,cpu         ] GC(1663) User=0.19s Sys=0.00s Real=0.10s
[473.000s][info][gc,start       ] GC(1664) Pause Young (Allocation Failure)
[473.099s][info][gc,heap        ] GC(1664) PSYoungGen: 206704K(222720K)->109705K(222720K) Eden: 111616K(111616K)->0K(111616K) From: 95088K(111104K)->109705K(111104K)
[473.099s][info][gc,heap        ] GC(1664) ParOldGen: 500104K(667648K)->500147K(667648K)
[473.099s][info][gc,metaspace   ] GC(1664) Metaspace: 18912K(19072K)->18912K(19072K) NonClass: 17083K(17216K)->17083K(17216K) Class: 1829K(1856K)->1829K(1856K)
[473.099s][info][gc             ] GC(1664) Pause Young (Allocation Failure) 690M->595M(869M) 99.300ms
[473.099s][info][gc,cpu         ] GC(1664) User=0.19s Sys=0.01s Real=0.10s
[473.155s][info][gc,start       ] GC(1665) Pause Young (Allocation Failure)
[473.268s][info][gc,heap        ] GC(1665) PSYoungGen: 221321K(222720K)->111081K(222720K) Eden: 111616K(111616K)->0K(111616K) From: 109705K(111104K)->111081K(111104K)
[473.268s][info][gc,heap        ] GC(1665) ParOldGen: 500147K(667648K)->536438K(667648K)
[473.268s][info][gc,metaspace   ] GC(1665) Metaspace: 18912K(19072K)->18912K(19072K) NonClass: 17083K(17216K)->17083K(17216K) Class: 1829K(1856K)->1829K(1856K)
[473.268s][info][gc             ] GC(1665) Pause Young (Allocation Failure) 704M->632M(869M) 112.655ms
[473.268s][info][gc,cpu         ] GC(1665) User=0.22s Sys=0.00s Real=0.11s
[473.401s][info][gc,start       ] GC(1666) Pause Young (Allocation Failure)
[473.515s][info][gc,heap        ] GC(1666) PSYoungGen: 222697K(222720K)->74025K(222720K) Eden: 111616K(111616K)->0K(111616K) From: 111081K(111104K)->74025K(111104K)
[473.515s][info][gc,heap        ] GC(1666) ParOldGen: 536438K(667648K)->595661K(667648K)
[473.515s][info][gc,metaspace   ] GC(1666) Metaspace: 18912K(19072K)->18912K(19072K) NonClass: 17083K(17216K)->17083K(17216K) Class: 1829K(1856K)->1829K(1856K)
[473.515s][info][gc             ] GC(1666) Pause Young (Allocation Failure) 741M->653M(869M) 114.315ms
[473.515s][info][gc,cpu         ] GC(1666) User=0.23s Sys=0.00s Real=0.12s
[473.604s][info][gc,start       ] GC(1667) Pause Young (Allocation Failure)
[473.680s][info][gc,heap        ] GC(1667) PSYoungGen: 185641K(222720K)->55129K(222720K) Eden: 111616K(111616K)->0K(111616K) From: 74025K(111104K)->55129K(111104K)
[473.680s][info][gc,heap        ] GC(1667) ParOldGen: 595661K(667648K)->616781K(667648K)
[473.680s][info][gc,metaspace   ] GC(1667) Metaspace: 18912K(19072K)->18912K(19072K) NonClass: 17083K(17216K)->17083K(17216K) Class: 1829K(1856K)->1829K(1856K)
[473.680s][info][gc             ] GC(1667) Pause Young (Allocation Failure) 762M->656M(869M) 75.732ms
[473.680s][info][gc,cpu         ] GC(1667) User=0.15s Sys=0.00s Real=0.07s
[473.812s][info][gc,start       ] GC(1668) Pause Full (Allocation Failure)
[473.812s][info][gc,phases,start] GC(1668) Marking Phase
[474.138s][info][gc,phases      ] GC(1668) Marking Phase 325.930ms
[474.138s][info][gc,phases,start] GC(1668) Summary Phase
[474.138s][info][gc,phases      ] GC(1668) Summary Phase 0.027ms
[474.138s][info][gc,phases,start] GC(1668) Forward
[474.250s][info][gc,phases      ] GC(1668) Forward 111.792ms
[474.250s][info][gc,phases,start] GC(1668) Adjust Pointers
[474.508s][info][gc,phases      ] GC(1668) Adjust Pointers 257.557ms
[474.508s][info][gc,phases,start] GC(1668) Compaction Phase
[474.661s][info][gc,phases      ] GC(1668) Compaction Phase 152.973ms
[474.674s][info][gc,phases,start] GC(1668) Post Compact
[474.676s][info][gc,phases      ] GC(1668) Post Compact 2.335ms
[474.676s][info][gc,heap        ] GC(1668) PSYoungGen: 165868K(222720K)->0K(222720K) Eden: 110739K(111616K)->0K(111616K) From: 55129K(111104K)->0K(111104K)
[474.676s][info][gc,heap        ] GC(1668) ParOldGen: 616781K(667648K)->506729K(667648K)
[474.676s][info][gc,metaspace   ] GC(1668) Metaspace: 18912K(19072K)->18912K(19072K) NonClass: 17083K(17216K)->17083K(17216K) Class: 1829K(1856K)->1829K(1856K)
[474.676s][info][gc             ] GC(1668) Pause Full (Allocation Failure) 764M->494M(869M) 863.926ms
[474.676s][info][gc,cpu         ] GC(1668) User=1.62s Sys=0.00s Real=0.86s
[474.803s][info][gc,start       ] GC(1669) Pause Young (Allocation Failure)
[474.817s][info][gc,heap        ] GC(1669) PSYoungGen: 111616K(222720K)->8320K(222720K) Eden: 111616K(111616K)->0K(111616K) From: 0K(111104K)->8320K(111104K)
[474.817s][info][gc,heap        ] GC(1669) ParOldGen: 506729K(667648K)->506729K(667648K)
[474.817s][info][gc,metaspace   ] GC(1669) Metaspace: 18912K(19072K)->18912K(19072K) NonClass: 17083K(17216K)->17083K(17216K) Class: 1829K(1856K)->1829K(1856K)
[474.817s][info][gc             ] GC(1669) Pause Young (Allocation Failure) 603M->502M(869M) 14.164ms
[474.817s][info][gc,cpu         ] GC(1669) User=0.03s Sys=0.00s Real=0.01s
[474.946s][info][gc,start       ] GC(1670) Pause Young (Allocation Failure)
[474.958s][info][gc,heap        ] GC(1670) PSYoungGen: 119936K(222720K)->8352K(222720K) Eden: 111616K(111616K)->0K(111616K) From: 8320K(111104K)->8352K(111104K)
[474.958s][info][gc,heap        ] GC(1670) ParOldGen: 506729K(667648K)->506729K(667648K)
[474.958s][info][gc,metaspace   ] GC(1670) Metaspace: 18912K(19072K)->18912K(19072K) NonClass: 17083K(17216K)->17083K(17216K) Class: 1829K(1856K)->1829K(1856K)
[474.958s][info][gc             ] GC(1670) Pause Young (Allocation Failure) 611M->503M(869M) 12.534ms
[474.958s][info][gc,cpu         ] GC(1670) User=0.03s Sys=0.00s Real=0.01s
[475.085s][info][gc,start       ] GC(1671) Pause Young (Allocation Failure)
[475.098s][info][gc,heap        ] GC(1671) PSYoungGen: 119968K(222720K)->32K(222720K) Eden: 111616K(111616K)->0K(111616K) From: 8352K(111104K)->32K(111104K)
[475.098s][info][gc,heap        ] GC(1671) ParOldGen: 506729K(667648K)->515057K(667648K)
[475.098s][info][gc,metaspace   ] GC(1671) Metaspace: 18912K(19072K)->18912K(19072K) NonClass: 17083K(17216K)->17083K(17216K) Class: 1829K(1856K)->1829K(1856K)
[475.098s][info][gc             ] GC(1671) Pause Young (Allocation Failure) 612M->503M(869M) 12.431ms
[475.098s][info][gc,cpu         ] GC(1671) User=0.02s Sys=0.00s Real=0.01s
[475.227s][info][gc,start       ] GC(1672) Pause Young (Allocation Failure)
[475.229s][info][gc,heap        ] GC(1672) PSYoungGen: 111648K(222720K)->64K(222720K) Eden: 111616K(111616K)->0K(111616K) From: 32K(111104K)->64K(111104K)
[475.229s][info][gc,heap        ] GC(1672) ParOldGen: 515057K(667648K)->515057K(667648K)
[475.229s][info][gc,metaspace   ] GC(1672) Metaspace: 18912K(19072K)->18912K(19072K) NonClass: 17083K(17216K)->17083K(17216K) Class: 1829K(1856K)->1829K(1856K)
[475.229s][info][gc             ] GC(1672) Pause Young (Allocation Failure) 612M->503M(869M) 1.687ms
[475.229s][info][gc,cpu         ] GC(1672) User=0.00s Sys=0.01s Real=0.00s
[475.356s][info][gc,start       ] GC(1673) Pause Young (Allocation Failure)
[475.358s][info][gc,heap        ] GC(1673) PSYoungGen: 111680K(222720K)->64K(222720K) Eden: 111616K(111616K)->0K(111616K) From: 64K(111104K)->64K(111104K)
[475.358s][info][gc,heap        ] GC(1673) ParOldGen: 515057K(667648K)->515057K(667648K)
[475.358s][info][gc,metaspace   ] GC(1673) Metaspace: 18912K(19072K)->18912K(19072K) NonClass: 17083K(17216K)->17083K(17216K) Class: 1829K(1856K)->1829K(1856K)
[475.358s][info][gc             ] GC(1673) Pause Young (Allocation Failure) 612M->503M(869M) 1.646ms
[475.358s][info][gc,cpu         ] GC(1673) User=0.00s Sys=0.00s Real=0.00s
[475.488s][info][gc,start       ] GC(1674) Pause Young (Allocation Failure)
[475.490s][info][gc,heap        ] GC(1674) PSYoungGen: 111680K(222720K)->64K(222720K) Eden: 111616K(111616K)->0K(111616K) From: 64K(111104K)->64K(111104K)
[475.490s][info][gc,heap        ] GC(1674) ParOldGen: 515057K(667648K)->515057K(667648K)
[475.490s][info][gc,metaspace   ] GC(1674) Metaspace: 18912K(19072K)->18912K(19072K) NonClass: 17083K(17216K)->17083K(17216K) Class: 1829K(1856K)->1829K(1856K)
[475.490s][info][gc             ] GC(1674) Pause Young (Allocation Failure) 612M->503M(869M) 1.693ms
[475.490s][info][gc,cpu         ] GC(1674) User=0.00s Sys=0.00s Real=0.00s
[475.622s][info][gc,start       ] GC(1675) Pause Young (Allocation Failure)
[475.624s][info][gc,heap        ] GC(1675) PSYoungGen: 111680K(222720K)->64K(222720K) Eden: 111616K(111616K)->0K(111616K) From: 64K(111104K)->64K(111104K)
[475.624s][info][gc,heap        ] GC(1675) ParOldGen: 515057K(667648K)->515057K(667648K)
[475.624s][info][gc,metaspace   ] GC(1675) Metaspace: 18912K(19072K)->18912K(19072K) NonClass: 17083K(17216K)->17083K(17216K) Class: 1829K(1856K)->1829K(1856K)
[475.624s][info][gc             ] GC(1675) Pause Young (Allocation Failure) 612M->503M(869M) 1.685ms
[475.624s][info][gc,cpu         ] GC(1675) User=0.00s Sys=0.00s Real=0.00s
[475.752s][info][gc,start       ] GC(1676) Pause Young (Allocation Failure)
[475.754s][info][gc,heap        ] GC(1676) PSYoungGen: 111680K(222720K)->64K(222720K) Eden: 111616K(111616K)->0K(111616K) From: 64K(111104K)->64K(111104K)
[475.754s][info][gc,heap        ] GC(1676) ParOldGen: 515057K(667648K)->515057K(667648K)
[475.754s][info][gc,metaspace   ] GC(1676) Metaspace: 18912K(19072K)->18912K(19072K) NonClass: 17083K(17216K)->17083K(17216K) Class: 1829K(1856K)->1829K(1856K)
[475.754s][info][gc             ] GC(1676) Pause Young (Allocation Failure) 612M->503M(869M) 1.697ms
[475.754s][info][gc,cpu         ] GC(1676) User=0.00s Sys=0.00s Real=0.00s
[475.884s][info][gc,start       ] GC(1677) Pause Young (Allocation Failure)
[475.886s][info][gc,heap        ] GC(1677) PSYoungGen: 111680K(222720K)->64K(222720K) Eden: 111616K(111616K)->0K(111616K) From: 64K(111104K)->64K(111104K)
[475.886s][info][gc,heap        ] GC(1677) ParOldGen: 515057K(667648K)->515057K(667648K)
[475.886s][info][gc,metaspace   ] GC(1677) Metaspace: 18912K(19072K)->18912K(19072K) NonClass: 17083K(17216K)->17083K(17216K) Class: 1829K(1856K)->1829K(1856K)
[475.886s][info][gc             ] GC(1677) Pause Young (Allocation Failure) 612M->503M(869M) 1.664ms
[475.886s][info][gc,cpu         ] GC(1677) User=0.00s Sys=0.00s Real=0.00s
[476.003s][info][gc,start       ] GC(1678) Pause Young (Allocation Failure)
[476.015s][info][gc,heap        ] GC(1678) PSYoungGen: 111680K(222720K)->9888K(222720K) Eden: 111616K(111616K)->0K(111616K) From: 64K(111104K)->9888K(111104K)
[476.015s][info][gc,heap        ] GC(1678) ParOldGen: 515057K(667648K)->515057K(667648K)
[476.015s][info][gc,metaspace   ] GC(1678) Metaspace: 18912K(19072K)->18912K(19072K) NonClass: 17083K(17216K)->17083K(17216K) Class: 1829K(1856K)->1829K(1856K)
[476.015s][info][gc             ] GC(1678) Pause Young (Allocation Failure) 612M->512M(869M) 12.179ms
[476.015s][info][gc,cpu         ] GC(1678) User=0.03s Sys=0.00s Real=0.01s
[476.109s][info][gc,start       ] GC(1679) Pause Young (Allocation Failure)
[476.135s][info][gc,heap        ] GC(1679) PSYoungGen: 121504K(222720K)->13504K(222720K) Eden: 111616K(111616K)->0K(111616K) From: 9888K(111104K)->13504K(111104K)
[476.135s][info][gc,heap        ] GC(1679) ParOldGen: 515057K(667648K)->524985K(667648K)
[476.135s][info][gc,metaspace   ] GC(1679) Metaspace: 18912K(19072K)->18912K(19072K) NonClass: 17083K(17216K)->17083K(17216K) Class: 1829K(1856K)->1829K(1856K)
[476.135s][info][gc             ] GC(1679) Pause Young (Allocation Failure) 621M->525M(869M) 25.715ms
[476.135s][info][gc,cpu         ] GC(1679) User=0.05s Sys=0.00s Real=0.03s
[476.245s][info][gc,start       ] GC(1680) Pause Young (Allocation Failure)
[476.270s][info][gc,heap        ] GC(1680) PSYoungGen: 125120K(222720K)->10432K(209408K) Eden: 111616K(111616K)->0K(111616K) From: 13504K(111104K)->10432K(97792K)
[476.270s][info][gc,heap        ] GC(1680) ParOldGen: 524985K(667648K)->538497K(667648K)
[476.270s][info][gc,metaspace   ] GC(1680) Metaspace: 18912K(19072K)->18912K(19072K) NonClass: 17083K(17216K)->17083K(17216K) Class: 1829K(1856K)->1829K(1856K)
[476.270s][info][gc             ] GC(1680) Pause Young (Allocation Failure) 634M->536M(856M) 25.893ms
[476.270s][info][gc,cpu         ] GC(1680) User=0.05s Sys=0.00s Real=0.02s
[476.336s][info][gc,start       ] GC(1681) Pause Young (Allocation Failure)
[476.352s][info][gc,heap        ] GC(1681) PSYoungGen: 122048K(209408K)->14528K(126464K) Eden: 111616K(111616K)->0K(111616K) From: 10432K(97792K)->14528K(14848K)
[476.352s][info][gc,heap        ] GC(1681) ParOldGen: 538497K(667648K)->538497K(667648K)
[476.352s][info][gc,metaspace   ] GC(1681) Metaspace: 18912K(19072K)->18912K(19072K) NonClass: 17083K(17216K)->17083K(17216K) Class: 1829K(1856K)->1829K(1856K)
[476.352s][info][gc             ] GC(1681) Pause Young (Allocation Failure) 645M->540M(775M) 16.029ms
[476.352s][info][gc,cpu         ] GC(1681) User=0.03s Sys=0.00s Real=0.02s
[476.444s][info][gc,start       ] GC(1682) Pause Young (Allocation Failure)
[476.465s][info][gc,heap        ] GC(1682) PSYoungGen: 126144K(126464K)->15808K(201728K) Eden: 111616K(111616K)->0K(117248K) From: 14528K(14848K)->15808K(84480K)
[476.465s][info][gc,heap        ] GC(1682) ParOldGen: 538497K(667648K)->538497K(667648K)
[476.465s][info][gc,metaspace   ] GC(1682) Metaspace: 18912K(19072K)->18912K(19072K) NonClass: 17083K(17216K)->17083K(17216K) Class: 1829K(1856K)->1829K(1856K)
[476.466s][info][gc             ] GC(1682) Pause Young (Allocation Failure) 649M->541M(849M) 21.163ms
[476.466s][info][gc,cpu         ] GC(1682) User=0.04s Sys=0.00s Real=0.02s
[476.561s][info][gc,start       ] GC(1683) Pause Young (Allocation Failure)
[476.582s][info][gc,heap        ] GC(1683) PSYoungGen: 133056K(201728K)->16416K(134144K) Eden: 117248K(117248K)->0K(117248K) From: 15808K(84480K)->16416K(16896K)
[476.582s][info][gc,heap        ] GC(1683) ParOldGen: 538497K(667648K)->538497K(667648K)
[476.582s][info][gc,metaspace   ] GC(1683) Metaspace: 18912K(19072K)->18912K(19072K) NonClass: 17083K(17216K)->17083K(17216K) Class: 1829K(1856K)->1829K(1856K)
[476.582s][info][gc             ] GC(1683) Pause Young (Allocation Failure) 655M->541M(783M) 21.354ms
[476.582s][info][gc,cpu         ] GC(1683) User=0.04s Sys=0.00s Real=0.03s
[476.664s][info][gc,start       ] GC(1684) Pause Young (Allocation Failure)
[476.701s][info][gc,heap        ] GC(1684) PSYoungGen: 133664K(134144K)->32128K(205824K) Eden: 117248K(117248K)->0K(123904K) From: 16416K(16896K)->32128K(81920K)
[476.702s][info][gc,heap        ] GC(1684) ParOldGen: 538497K(667648K)->538497K(667648K)
[476.702s][info][gc,metaspace   ] GC(1684) Metaspace: 18912K(19072K)->18912K(19072K) NonClass: 17083K(17216K)->17083K(17216K) Class: 1829K(1856K)->1829K(1856K)
[476.702s][info][gc             ] GC(1684) Pause Young (Allocation Failure) 656M->557M(853M) 37.204ms
[476.702s][info][gc,cpu         ] GC(1684) User=0.07s Sys=0.00s Real=0.03s
[476.773s][info][gc,start       ] GC(1685) Pause Young (Allocation Failure)
[476.818s][info][gc,heap        ] GC(1685) PSYoungGen: 156032K(205824K)->43072K(206336K) Eden: 123904K(123904K)->0K(123904K) From: 32128K(81920K)->43072K(82432K)
[476.818s][info][gc,heap        ] GC(1685) ParOldGen: 538497K(667648K)->538497K(667648K)
[476.818s][info][gc,metaspace   ] GC(1685) Metaspace: 18912K(19072K)->18912K(19072K) NonClass: 17083K(17216K)->17083K(17216K) Class: 1829K(1856K)->1829K(1856K)
[476.818s][info][gc             ] GC(1685) Pause Young (Allocation Failure) 678M->567M(853M) 44.703ms
[476.818s][info][gc,cpu         ] GC(1685) User=0.09s Sys=0.01s Real=0.04s
[476.923s][info][gc,start       ] GC(1686) Pause Young (Allocation Failure)
[476.984s][info][gc,heap        ] GC(1686) PSYoungGen: 166976K(206336K)->62208K(208384K) Eden: 123904K(123904K)->0K(123904K) From: 43072K(82432K)->62208K(84480K)
[476.984s][info][gc,heap        ] GC(1686) ParOldGen: 538497K(667648K)->538497K(667648K)
[476.984s][info][gc,metaspace   ] GC(1686) Metaspace: 18912K(19072K)->18912K(19072K) NonClass: 17083K(17216K)->17083K(17216K) Class: 1829K(1856K)->1829K(1856K)
[476.984s][info][gc             ] GC(1686) Pause Young (Allocation Failure) 688M->586M(855M) 60.887ms
[476.984s][info][gc,cpu         ] GC(1686) User=0.12s Sys=0.00s Real=0.06s
[477.062s][info][gc,start       ] GC(1687) Pause Young (Allocation Failure)
[477.130s][info][gc,heap        ] GC(1687) PSYoungGen: 186112K(208384K)->70816K(216576K) Eden: 123904K(123904K)->0K(123904K) From: 62208K(84480K)->70816K(92672K)
[477.130s][info][gc,heap        ] GC(1687) ParOldGen: 538497K(667648K)->538497K(667648K)
[477.130s][info][gc,metaspace   ] GC(1687) Metaspace: 18912K(19072K)->18912K(19072K) NonClass: 17083K(17216K)->17083K(17216K) Class: 1829K(1856K)->1829K(1856K)
[477.130s][info][gc             ] GC(1687) Pause Young (Allocation Failure) 707M->595M(863M) 68.065ms
[477.130s][info][gc,cpu         ] GC(1687) User=0.13s Sys=0.00s Real=0.06s
[477.203s][info][gc,start       ] GC(1688) Pause Young (Allocation Failure)
[477.295s][info][gc,heap        ] GC(1688) PSYoungGen: 194720K(216576K)->83872K(214016K) Eden: 123904K(123904K)->0K(111616K) From: 70816K(92672K)->83872K(102400K)
[477.295s][info][gc,heap        ] GC(1688) ParOldGen: 538497K(667648K)->538497K(667648K)
[477.295s][info][gc,metaspace   ] GC(1688) Metaspace: 18912K(19072K)->18912K(19072K) NonClass: 17083K(17216K)->17083K(17216K) Class: 1829K(1856K)->1829K(1856K)
[477.295s][info][gc             ] GC(1688) Pause Young (Allocation Failure) 716M->607M(861M) 92.211ms
[477.295s][info][gc,cpu         ] GC(1688) User=0.16s Sys=0.01s Real=0.09s
[477.416s][info][gc,start       ] GC(1689) Pause Young (Allocation Failure)
[477.499s][info][gc,heap        ] GC(1689) PSYoungGen: 195488K(214016K)->73056K(222720K) Eden: 111616K(111616K)->0K(111616K) From: 83872K(102400K)->73056K(111104K)
[477.499s][info][gc,heap        ] GC(1689) ParOldGen: 538497K(667648K)->553057K(667648K)
[477.499s][info][gc,metaspace   ] GC(1689) Metaspace: 18912K(19072K)->18912K(19072K) NonClass: 17083K(17216K)->17083K(17216K) Class: 1829K(1856K)->1829K(1856K)
[477.499s][info][gc             ] GC(1689) Pause Young (Allocation Failure) 716M->611M(869M) 83.088ms
[477.499s][info][gc,cpu         ] GC(1689) User=0.17s Sys=0.01s Real=0.08s
[477.619s][info][gc,start       ] GC(1690) Pause Young (Allocation Failure)
[477.688s][info][gc,heap        ] GC(1690) PSYoungGen: 184672K(222720K)->71264K(222720K) Eden: 111616K(111616K)->0K(111616K) From: 73056K(111104K)->71264K(111104K)
[477.688s][info][gc,heap        ] GC(1690) ParOldGen: 553057K(667648K)->554929K(667648K)
[477.688s][info][gc,metaspace   ] GC(1690) Metaspace: 18912K(19072K)->18912K(19072K) NonClass: 17083K(17216K)->17083K(17216K) Class: 1829K(1856K)->1829K(1856K)
[477.688s][info][gc             ] GC(1690) Pause Young (Allocation Failure) 720M->611M(869M) 69.872ms
[477.688s][info][gc,cpu         ] GC(1690) User=0.14s Sys=0.00s Real=0.07s
[477.874s][info][gc,start       ] GC(1691) Pause Young (Allocation Failure)
[477.951s][info][gc,heap        ] GC(1691) PSYoungGen: 182880K(222720K)->54512K(222720K) Eden: 111616K(111616K)->0K(111616K) From: 71264K(111104K)->54512K(111104K)
[477.951s][info][gc,heap        ] GC(1691) ParOldGen: 554929K(667648K)->581689K(667648K)
[477.951s][info][gc,metaspace   ] GC(1691) Metaspace: 18912K(19072K)->18912K(19072K) NonClass: 17083K(17216K)->17083K(17216K) Class: 1829K(1856K)->1829K(1856K)
[477.952s][info][gc             ] GC(1691) Pause Young (Allocation Failure) 720M->621M(869M) 77.335ms
[477.952s][info][gc,cpu         ] GC(1691) User=0.15s Sys=0.00s Real=0.07s
[478.053s][info][gc,start       ] GC(1692) Pause Young (Allocation Failure)
[478.122s][info][gc,heap        ] GC(1692) PSYoungGen: 166128K(222720K)->42032K(222720K) Eden: 111616K(111616K)->0K(111616K) From: 54512K(111104K)->42032K(111104K)
[478.122s][info][gc,heap        ] GC(1692) ParOldGen: 581689K(667648K)->609545K(667648K)
[478.122s][info][gc,metaspace   ] GC(1692) Metaspace: 18912K(19072K)->18912K(19072K) NonClass: 17083K(17216K)->17083K(17216K) Class: 1829K(1856K)->1829K(1856K)
[478.122s][info][gc             ] GC(1692) Pause Young (Allocation Failure) 730M->636M(869M) 68.916ms
[478.122s][info][gc,cpu         ] GC(1692) User=0.14s Sys=0.00s Real=0.06s
[478.513s][info][gc,start       ] GC(1693) Pause Young (Allocation Failure)
[478.555s][info][gc,heap        ] GC(1693) PSYoungGen: 153648K(222720K)->25360K(137216K) Eden: 111616K(111616K)->0K(111616K) From: 42032K(111104K)->25360K(25600K)
[478.555s][info][gc,heap        ] GC(1693) ParOldGen: 609545K(667648K)->626353K(667648K)
[478.555s][info][gc,metaspace   ] GC(1693) Metaspace: 18912K(19072K)->18912K(19072K) NonClass: 17083K(17216K)->17083K(17216K) Class: 1829K(1856K)->1829K(1856K)
[478.555s][info][gc             ] GC(1693) Pause Young (Allocation Failure) 745M->636M(786M) 42.796ms
[478.555s][info][gc,cpu         ] GC(1693) User=0.08s Sys=0.00s Real=0.04s
[478.825s][info][gc,start       ] GC(1694) Pause Full (Allocation Failure)
[478.825s][info][gc,phases,start] GC(1694) Marking Phase
[479.290s][info][gc,phases      ] GC(1694) Marking Phase 464.302ms
[479.290s][info][gc,phases,start] GC(1694) Summary Phase
[479.290s][info][gc,phases      ] GC(1694) Summary Phase 0.027ms
[479.290s][info][gc,phases,start] GC(1694) Forward
[479.332s][info][gc,phases      ] GC(1694) Forward 41.891ms
[479.332s][info][gc,phases,start] GC(1694) Adjust Pointers
[479.653s][info][gc,phases      ] GC(1694) Adjust Pointers 320.975ms
[479.653s][info][gc,phases,start] GC(1694) Compaction Phase
[479.809s][info][gc,phases      ] GC(1694) Compaction Phase 155.831ms
[479.812s][info][gc,phases,start] GC(1694) Post Compact
[479.815s][info][gc,phases      ] GC(1694) Post Compact 2.291ms
[479.815s][info][gc,heap        ] GC(1694) PSYoungGen: 136976K(137216K)->0K(220672K) Eden: 111616K(111616K)->0K(111616K) From: 25360K(25600K)->0K(109056K)
[479.815s][info][gc,heap        ] GC(1694) ParOldGen: 626353K(667648K)->650762K(667648K)
[479.815s][info][gc,metaspace   ] GC(1694) Metaspace: 18912K(19072K)->18912K(19072K) NonClass: 17083K(17216K)->17083K(17216K) Class: 1829K(1856K)->1829K(1856K)
[479.815s][info][gc             ] GC(1694) Pause Full (Allocation Failure) 745M->635M(867M) 989.710ms
[479.815s][info][gc,cpu         ] GC(1694) User=1.92s Sys=0.00s Real=0.99s
[480.096s][info][gc,start       ] GC(1695) Pause Full (Allocation Failure)
[480.096s][info][gc,phases,start] GC(1695) Marking Phase
[480.541s][info][gc,phases      ] GC(1695) Marking Phase 445.633ms
[480.541s][info][gc,phases,start] GC(1695) Summary Phase
[480.542s][info][gc,phases      ] GC(1695) Summary Phase 0.027ms
[480.542s][info][gc,phases,start] GC(1695) Forward
[480.542s][info][gc,phases      ] GC(1695) Forward 0.306ms
[480.542s][info][gc,phases,start] GC(1695) Adjust Pointers
[480.845s][info][gc,phases      ] GC(1695) Adjust Pointers 303.300ms
[480.845s][info][gc,phases,start] GC(1695) Compaction Phase
[480.972s][info][gc,phases      ] GC(1695) Compaction Phase 126.399ms
[480.972s][info][gc,phases,start] GC(1695) Post Compact
[480.974s][info][gc,phases      ] GC(1695) Post Compact 2.165ms
[480.974s][info][gc,heap        ] GC(1695) PSYoungGen: 111616K(220672K)->0K(220672K) Eden: 111616K(111616K)->0K(111616K) From: 0K(109056K)->0K(109056K)
[480.974s][info][gc,heap        ] GC(1695) ParOldGen: 650762K(667648K)->650774K(667648K)
[480.974s][info][gc,metaspace   ] GC(1695) Metaspace: 18912K(19072K)->18912K(19072K) NonClass: 17083K(17216K)->17083K(17216K) Class: 1829K(1856K)->1829K(1856K)
[480.974s][info][gc             ] GC(1695) Pause Full (Allocation Failure) 744M->635M(867M) 878.323ms
[480.974s][info][gc,cpu         ] GC(1695) User=1.72s Sys=0.00s Real=0.88s
[481.235s][info][gc,start       ] GC(1696) Pause Full (Allocation Failure)
[481.236s][info][gc,phases,start] GC(1696) Marking Phase
[481.690s][info][gc,phases      ] GC(1696) Marking Phase 454.871ms
[481.690s][info][gc,phases,start] GC(1696) Summary Phase
[481.690s][info][gc,phases      ] GC(1696) Summary Phase 0.027ms
[481.690s][info][gc,phases,start] GC(1696) Forward
[481.691s][info][gc,phases      ] GC(1696) Forward 0.322ms
[481.691s][info][gc,phases,start] GC(1696) Adjust Pointers
[481.997s][info][gc,phases      ] GC(1696) Adjust Pointers 305.738ms
[481.997s][info][gc,phases,start] GC(1696) Compaction Phase
[482.125s][info][gc,phases      ] GC(1696) Compaction Phase 128.042ms
[482.125s][info][gc,phases,start] GC(1696) Post Compact
[482.127s][info][gc,phases      ] GC(1696) Post Compact 2.207ms
[482.127s][info][gc,heap        ] GC(1696) PSYoungGen: 111616K(220672K)->0K(224768K) Eden: 111616K(111616K)->0K(115712K) From: 0K(109056K)->0K(109056K)
[482.127s][info][gc,heap        ] GC(1696) ParOldGen: 650774K(667648K)->650777K(667648K)
[482.127s][info][gc,metaspace   ] GC(1696) Metaspace: 18912K(19072K)->18912K(19072K) NonClass: 17083K(17216K)->17083K(17216K) Class: 1829K(1856K)->1829K(1856K)
[482.127s][info][gc             ] GC(1696) Pause Full (Allocation Failure) 744M->635M(871M) 891.648ms
[482.127s][info][gc,cpu         ] GC(1696) User=1.75s Sys=0.00s Real=0.89s
[482.407s][info][gc,start       ] GC(1697) Pause Full (Allocation Failure)
[482.407s][info][gc,phases,start] GC(1697) Marking Phase
[482.862s][info][gc,phases      ] GC(1697) Marking Phase 454.517ms
[482.862s][info][gc,phases,start] GC(1697) Summary Phase
[482.862s][info][gc,phases      ] GC(1697) Summary Phase 0.025ms
[482.862s][info][gc,phases,start] GC(1697) Forward
[482.862s][info][gc,phases      ] GC(1697) Forward 0.299ms
[482.862s][info][gc,phases,start] GC(1697) Adjust Pointers
[483.171s][info][gc,phases      ] GC(1697) Adjust Pointers 309.409ms
[483.172s][info][gc,phases,start] GC(1697) Compaction Phase
[483.299s][info][gc,phases      ] GC(1697) Compaction Phase 127.068ms
[483.299s][info][gc,phases,start] GC(1697) Post Compact
[483.301s][info][gc,phases      ] GC(1697) Post Compact 2.231ms
[483.301s][info][gc,heap        ] GC(1697) PSYoungGen: 115712K(224768K)->0K(224768K) Eden: 115712K(115712K)->0K(115712K) From: 0K(109056K)->0K(109056K)
[483.301s][info][gc,heap        ] GC(1697) ParOldGen: 650777K(667648K)->650780K(667648K)
[483.301s][info][gc,metaspace   ] GC(1697) Metaspace: 18912K(19072K)->18912K(19072K) NonClass: 17083K(17216K)->17083K(17216K) Class: 1829K(1856K)->1829K(1856K)
[483.301s][info][gc             ] GC(1697) Pause Full (Allocation Failure) 748M->635M(871M) 893.938ms
[483.301s][info][gc,cpu         ] GC(1697) User=1.75s Sys=0.00s Real=0.89s
[483.576s][info][gc,start       ] GC(1698) Pause Full (Allocation Failure)
[483.576s][info][gc,phases,start] GC(1698) Marking Phase
[484.026s][info][gc,phases      ] GC(1698) Marking Phase 449.836ms
[484.026s][info][gc,phases,start] GC(1698) Summary Phase
[484.026s][info][gc,phases      ] GC(1698) Summary Phase 0.024ms
[484.026s][info][gc,phases,start] GC(1698) Forward
[484.027s][info][gc,phases      ] GC(1698) Forward 0.308ms
[484.027s][info][gc,phases,start] GC(1698) Adjust Pointers
[484.333s][info][gc,phases      ] GC(1698) Adjust Pointers 306.833ms
[484.333s][info][gc,phases,start] GC(1698) Compaction Phase
[484.461s][info][gc,phases      ] GC(1698) Compaction Phase 127.195ms
[484.461s][info][gc,phases,start] GC(1698) Post Compact
[484.463s][info][gc,phases      ] GC(1698) Post Compact 2.175ms
[484.463s][info][gc,heap        ] GC(1698) PSYoungGen: 115712K(224768K)->0K(224768K) Eden: 115712K(115712K)->0K(115712K) From: 0K(109056K)->0K(109056K)
[484.463s][info][gc,heap        ] GC(1698) ParOldGen: 650780K(667648K)->650783K(667648K)
[484.463s][info][gc,metaspace   ] GC(1698) Metaspace: 18912K(19072K)->18912K(19072K) NonClass: 17083K(17216K)->17083K(17216K) Class: 1829K(1856K)->1829K(1856K)
[484.463s][info][gc             ] GC(1698) Pause Full (Allocation Failure) 748M->635M(871M) 886.783ms
[484.463s][info][gc,cpu         ] GC(1698) User=1.73s Sys=0.00s Real=0.89s
[484.738s][info][gc,start       ] GC(1699) Pause Full (Allocation Failure)
[484.738s][info][gc,phases,start] GC(1699) Marking Phase
[485.128s][info][gc,phases      ] GC(1699) Marking Phase 390.224ms
[485.128s][info][gc,phases,start] GC(1699) Summary Phase
[485.128s][info][gc,phases      ] GC(1699) Summary Phase 0.025ms
[485.128s][info][gc,phases,start] GC(1699) Forward
[485.208s][info][gc,phases      ] GC(1699) Forward 80.234ms
[485.208s][info][gc,phases,start] GC(1699) Adjust Pointers
[485.501s][info][gc,phases      ] GC(1699) Adjust Pointers 292.350ms
[485.501s][info][gc,phases,start] GC(1699) Compaction Phase
[485.652s][info][gc,phases      ] GC(1699) Compaction Phase 151.344ms
[485.660s][info][gc,phases,start] GC(1699) Post Compact
[485.662s][info][gc,phases      ] GC(1699) Post Compact 2.271ms
[485.662s][info][gc,heap        ] GC(1699) PSYoungGen: 115712K(224768K)->0K(224768K) Eden: 115712K(115712K)->0K(115712K) From: 0K(109056K)->0K(109056K)
[485.662s][info][gc,heap        ] GC(1699) ParOldGen: 650783K(667648K)->555745K(667648K)
[485.662s][info][gc,metaspace   ] GC(1699) Metaspace: 18912K(19072K)->18912K(19072K) NonClass: 17083K(17216K)->17083K(17216K) Class: 1829K(1856K)->1829K(1856K)
[485.662s][info][gc             ] GC(1699) Pause Full (Allocation Failure) 748M->542M(871M) 924.298ms
[485.662s][info][gc,cpu         ] GC(1699) User=1.76s Sys=0.00s Real=0.93s
[485.918s][info][gc,start       ] GC(1700) Pause Young (Allocation Failure)
[485.922s][info][gc,heap        ] GC(1700) PSYoungGen: 115712K(224768K)->2368K(223744K) Eden: 115712K(115712K)->0K(114688K) From: 0K(109056K)->2368K(109056K)
[485.922s][info][gc,heap        ] GC(1700) ParOldGen: 555745K(667648K)->555745K(667648K)
[485.922s][info][gc,metaspace   ] GC(1700) Metaspace: 18912K(19072K)->18912K(19072K) NonClass: 17083K(17216K)->17083K(17216K) Class: 1829K(1856K)->1829K(1856K)
[485.922s][info][gc             ] GC(1700) Pause Young (Allocation Failure) 655M->545M(870M) 4.070ms
[485.922s][info][gc,cpu         ] GC(1700) User=0.01s Sys=0.00s Real=0.01s
[486.060s][info][gc,start       ] GC(1701) Pause Young (Allocation Failure)
[486.079s][info][gc,heap        ] GC(1701) PSYoungGen: 117056K(223744K)->23056K(138240K) Eden: 114688K(114688K)->0K(114688K) From: 2368K(109056K)->23056K(23552K)
[486.079s][info][gc,heap        ] GC(1701) ParOldGen: 555745K(667648K)->555745K(667648K)
[486.079s][info][gc,metaspace   ] GC(1701) Metaspace: 18912K(19072K)->18912K(19072K) NonClass: 17083K(17216K)->17083K(17216K) Class: 1829K(1856K)->1829K(1856K)
[486.079s][info][gc             ] GC(1701) Pause Young (Allocation Failure) 657M->565M(787M) 18.706ms
[486.079s][info][gc,cpu         ] GC(1701) User=0.03s Sys=0.00s Real=0.02s
[486.145s][info][gc,start       ] GC(1702) Pause Young (Allocation Failure)
[486.192s][info][gc,heap        ] GC(1702) PSYoungGen: 137744K(138240K)->66560K(216064K) Eden: 114688K(114688K)->0K(111104K) From: 23056K(23552K)->66560K(104960K)
[486.192s][info][gc,heap        ] GC(1702) ParOldGen: 555745K(667648K)->555745K(667648K)
[486.192s][info][gc,metaspace   ] GC(1702) Metaspace: 18912K(19072K)->18912K(19072K) NonClass: 17083K(17216K)->17083K(17216K) Class: 1829K(1856K)->1829K(1856K)
[486.192s][info][gc             ] GC(1702) Pause Young (Allocation Failure) 677M->607M(863M) 46.322ms
[486.192s][info][gc,cpu         ] GC(1702) User=0.09s Sys=0.00s Real=0.04s
[486.382s][info][gc,start       ] GC(1703) Pause Young (Allocation Failure)
[486.431s][info][gc,heap        ] GC(1703) PSYoungGen: 177664K(216064K)->77584K(220160K) Eden: 111104K(111104K)->0K(111104K) From: 66560K(104960K)->77584K(109056K)
[486.431s][info][gc,heap        ] GC(1703) ParOldGen: 555745K(667648K)->555745K(667648K)
[486.431s][info][gc,metaspace   ] GC(1703) Metaspace: 18912K(19072K)->18912K(19072K) NonClass: 17083K(17216K)->17083K(17216K) Class: 1829K(1856K)->1829K(1856K)
[486.431s][info][gc             ] GC(1703) Pause Young (Allocation Failure) 716M->618M(867M) 49.054ms
[486.431s][info][gc,cpu         ] GC(1703) User=0.10s Sys=0.00s Real=0.04s
[486.544s][info][gc,start       ] GC(1704) Pause Young (Allocation Failure)
[486.598s][info][gc,heap        ] GC(1704) PSYoungGen: 188688K(220160K)->81392K(222720K) Eden: 111104K(111104K)->0K(111616K) From: 77584K(109056K)->81392K(111104K)
[486.598s][info][gc,heap        ] GC(1704) ParOldGen: 555745K(667648K)->555745K(667648K)
[486.598s][info][gc,metaspace   ] GC(1704) Metaspace: 18912K(19072K)->18912K(19072K) NonClass: 17083K(17216K)->17083K(17216K) Class: 1829K(1856K)->1829K(1856K)
[486.598s][info][gc             ] GC(1704) Pause Young (Allocation Failure) 726M->622M(869M) 53.844ms
[486.598s][info][gc,cpu         ] GC(1704) User=0.10s Sys=0.00s Real=0.05s
[486.716s][info][gc,start       ] GC(1705) Pause Young (Allocation Failure)
[486.817s][info][gc,heap        ] GC(1705) PSYoungGen: 193008K(222720K)->111072K(222720K) Eden: 111616K(111616K)->0K(111616K) From: 81392K(111104K)->111072K(111104K)
[486.817s][info][gc,heap        ] GC(1705) ParOldGen: 555745K(667648K)->563208K(667648K)
[486.817s][info][gc,metaspace   ] GC(1705) Metaspace: 18912K(19072K)->18912K(19072K) NonClass: 17083K(17216K)->17083K(17216K) Class: 1829K(1856K)->1829K(1856K)
[486.817s][info][gc             ] GC(1705) Pause Young (Allocation Failure) 731M->658M(869M) 100.900ms
[486.817s][info][gc,cpu         ] GC(1705) User=0.21s Sys=0.00s Real=0.10s
[486.874s][info][gc,start       ] GC(1706) Pause Young (Allocation Failure)
[486.994s][info][gc,heap        ] GC(1706) PSYoungGen: 222688K(222720K)->111072K(222720K) Eden: 111616K(111616K)->0K(111616K) From: 111072K(111104K)->111072K(111104K)
[486.994s][info][gc,heap        ] GC(1706) ParOldGen: 563208K(667648K)->600248K(667648K)
[486.994s][info][gc,metaspace   ] GC(1706) Metaspace: 18912K(19072K)->18912K(19072K) NonClass: 17083K(17216K)->17083K(17216K) Class: 1829K(1856K)->1829K(1856K)
[486.994s][info][gc             ] GC(1706) Pause Young (Allocation Failure) 767M->694M(869M) 119.459ms
[486.994s][info][gc,cpu         ] GC(1706) User=0.22s Sys=0.02s Real=0.12s
[487.120s][info][gc,start       ] GC(1707) Pause Young (Allocation Failure)
[487.227s][info][gc,heap        ] GC(1707) PSYoungGen: 222688K(222720K)->83712K(222720K) Eden: 111616K(111616K)->0K(111616K) From: 111072K(111104K)->83712K(111104K)
[487.227s][info][gc,heap        ] GC(1707) ParOldGen: 600248K(667648K)->655247K(667648K)
[487.227s][info][gc,metaspace   ] GC(1707) Metaspace: 18912K(19072K)->18912K(19072K) NonClass: 17083K(17216K)->17083K(17216K) Class: 1829K(1856K)->1829K(1856K)
[487.227s][info][gc             ] GC(1707) Pause Young (Allocation Failure) 803M->721M(869M) 107.439ms
[487.227s][info][gc,cpu         ] GC(1707) User=0.21s Sys=0.00s Real=0.11s
[487.345s][info][gc,start       ] GC(1708) Pause Full (Allocation Failure)
[487.345s][info][gc,phases,start] GC(1708) Marking Phase
[487.591s][info][gc,phases      ] GC(1708) Marking Phase 245.480ms
[487.591s][info][gc,phases,start] GC(1708) Summary Phase
[487.591s][info][gc,phases      ] GC(1708) Summary Phase 0.031ms
[487.591s][info][gc,phases,start] GC(1708) Forward
[487.684s][info][gc,phases      ] GC(1708) Forward 92.666ms
[487.684s][info][gc,phases,start] GC(1708) Adjust Pointers
[487.877s][info][gc,phases      ] GC(1708) Adjust Pointers 193.254ms
[487.877s][info][gc,phases,start] GC(1708) Compaction Phase
[487.991s][info][gc,phases      ] GC(1708) Compaction Phase 113.972ms
[488.000s][info][gc,phases,start] GC(1708) Post Compact
[488.003s][info][gc,phases      ] GC(1708) Post Compact 2.619ms
[488.003s][info][gc,heap        ] GC(1708) PSYoungGen: 195328K(222720K)->0K(222720K) Eden: 111616K(111616K)->0K(111616K) From: 83712K(111104K)->0K(111104K)
[488.003s][info][gc,heap        ] GC(1708) ParOldGen: 655247K(667648K)->400055K(667648K)
[488.003s][info][gc,metaspace   ] GC(1708) Metaspace: 18912K(19072K)->18912K(19072K) NonClass: 17083K(17216K)->17083K(17216K) Class: 1829K(1856K)->1829K(1856K)
[488.003s][info][gc             ] GC(1708) Pause Full (Allocation Failure) 830M->390M(869M) 657.942ms
[488.003s][info][gc,cpu         ] GC(1708) User=1.21s Sys=0.00s Real=0.66s
[488.122s][info][gc,start       ] GC(1709) Pause Young (Allocation Failure)
[488.123s][info][gc,heap        ] GC(1709) PSYoungGen: 111616K(222720K)->128K(222720K) Eden: 111616K(111616K)->0K(111616K) From: 0K(111104K)->128K(111104K)
[488.123s][info][gc,heap        ] GC(1709) ParOldGen: 400055K(667648K)->400055K(667648K)
[488.123s][info][gc,metaspace   ] GC(1709) Metaspace: 18912K(19072K)->18912K(19072K) NonClass: 17083K(17216K)->17083K(17216K) Class: 1829K(1856K)->1829K(1856K)
[488.123s][info][gc             ] GC(1709) Pause Young (Allocation Failure) 499M->390M(869M) 1.757ms
[488.123s][info][gc,cpu         ] GC(1709) User=0.01s Sys=0.00s Real=0.01s
[488.235s][info][gc,start       ] GC(1710) Pause Young (Allocation Failure)
[488.237s][info][gc,heap        ] GC(1710) PSYoungGen: 111744K(222720K)->224K(222720K) Eden: 111616K(111616K)->0K(111616K) From: 128K(111104K)->224K(111104K)
[488.237s][info][gc,heap        ] GC(1710) ParOldGen: 400055K(667648K)->400055K(667648K)
[488.237s][info][gc,metaspace   ] GC(1710) Metaspace: 18912K(19072K)->18912K(19072K) NonClass: 17083K(17216K)->17083K(17216K) Class: 1829K(1856K)->1829K(1856K)
[488.237s][info][gc             ] GC(1710) Pause Young (Allocation Failure) 499M->390M(869M) 1.997ms
[488.237s][info][gc,cpu         ] GC(1710) User=0.00s Sys=0.00s Real=0.00s
[488.353s][info][gc,start       ] GC(1711) Pause Young (Allocation Failure)
[488.355s][info][gc,heap        ] GC(1711) PSYoungGen: 111840K(222720K)->128K(222720K) Eden: 111616K(111616K)->0K(111616K) From: 224K(111104K)->128K(111104K)
[488.355s][info][gc,heap        ] GC(1711) ParOldGen: 400055K(667648K)->400255K(667648K)
[488.355s][info][gc,metaspace   ] GC(1711) Metaspace: 18912K(19072K)->18912K(19072K) NonClass: 17083K(17216K)->17083K(17216K) Class: 1829K(1856K)->1829K(1856K)
[488.355s][info][gc             ] GC(1711) Pause Young (Allocation Failure) 499M->390M(869M) 2.063ms
[488.355s][info][gc,cpu         ] GC(1711) User=0.00s Sys=0.00s Real=0.00s
[488.469s][info][gc,start       ] GC(1712) Pause Young (Allocation Failure)
[488.471s][info][gc,heap        ] GC(1712) PSYoungGen: 111744K(222720K)->128K(222720K) Eden: 111616K(111616K)->0K(111616K) From: 128K(111104K)->128K(111104K)
[488.471s][info][gc,heap        ] GC(1712) ParOldGen: 400255K(667648K)->400367K(667648K)
[488.471s][info][gc,metaspace   ] GC(1712) Metaspace: 18912K(19072K)->18912K(19072K) NonClass: 17083K(17216K)->17083K(17216K) Class: 1829K(1856K)->1829K(1856K)
[488.471s][info][gc             ] GC(1712) Pause Young (Allocation Failure) 499M->391M(869M) 1.827ms
[488.471s][info][gc,cpu         ] GC(1712) User=0.00s Sys=0.00s Real=0.00s
[488.587s][info][gc,start       ] GC(1713) Pause Young (Allocation Failure)
[488.588s][info][gc,heap        ] GC(1713) PSYoungGen: 111744K(222720K)->128K(222720K) Eden: 111616K(111616K)->0K(111616K) From: 128K(111104K)->128K(111104K)
[488.588s][info][gc,heap        ] GC(1713) ParOldGen: 400367K(667648K)->400447K(667648K)
[488.589s][info][gc,metaspace   ] GC(1713) Metaspace: 18912K(19072K)->18912K(19072K) NonClass: 17083K(17216K)->17083K(17216K) Class: 1829K(1856K)->1829K(1856K)
[488.589s][info][gc             ] GC(1713) Pause Young (Allocation Failure) 500M->391M(869M) 1.975ms
[488.589s][info][gc,cpu         ] GC(1713) User=0.00s Sys=0.00s Real=0.00s
[488.701s][info][gc,start       ] GC(1714) Pause Young (Allocation Failure)
[488.703s][info][gc,heap        ] GC(1714) PSYoungGen: 111744K(222720K)->128K(222720K) Eden: 111616K(111616K)->0K(111616K) From: 128K(111104K)->128K(111104K)
[488.703s][info][gc,heap        ] GC(1714) ParOldGen: 400447K(667648K)->400527K(667648K)
[488.703s][info][gc,metaspace   ] GC(1714) Metaspace: 18912K(19072K)->18912K(19072K) NonClass: 17083K(17216K)->17083K(17216K) Class: 1829K(1856K)->1829K(1856K)
[488.703s][info][gc             ] GC(1714) Pause Young (Allocation Failure) 500M->391M(869M) 1.930ms
[488.703s][info][gc,cpu         ] GC(1714) User=0.00s Sys=0.00s Real=0.01s
[488.818s][info][gc,start       ] GC(1715) Pause Young (Allocation Failure)
[488.820s][info][gc,heap        ] GC(1715) PSYoungGen: 111744K(222720K)->128K(222720K) Eden: 111616K(111616K)->0K(111616K) From: 128K(111104K)->128K(111104K)
[488.820s][info][gc,heap        ] GC(1715) ParOldGen: 400527K(667648K)->400639K(667648K)
[488.820s][info][gc,metaspace   ] GC(1715) Metaspace: 18912K(19072K)->18912K(19072K) NonClass: 17083K(17216K)->17083K(17216K) Class: 1829K(1856K)->1829K(1856K)
[488.820s][info][gc             ] GC(1715) Pause Young (Allocation Failure) 500M->391M(869M) 1.874ms
[488.820s][info][gc,cpu         ] GC(1715) User=0.00s Sys=0.00s Real=0.00s
[488.932s][info][gc,start       ] GC(1716) Pause Young (Allocation Failure)
[488.933s][info][gc,heap        ] GC(1716) PSYoungGen: 111744K(222720K)->96K(222720K) Eden: 111616K(111616K)->0K(111616K) From: 128K(111104K)->96K(111104K)
[488.933s][info][gc,heap        ] GC(1716) ParOldGen: 400639K(667648K)->400735K(667648K)
[488.933s][info][gc,metaspace   ] GC(1716) Metaspace: 18912K(19072K)->18912K(19072K) NonClass: 17083K(17216K)->17083K(17216K) Class: 1829K(1856K)->1829K(1856K)
[488.933s][info][gc             ] GC(1716) Pause Young (Allocation Failure) 500M->391M(869M) 1.824ms
[488.933s][info][gc,cpu         ] GC(1716) User=0.00s Sys=0.00s Real=0.01s
[489.063s][info][gc,start       ] GC(1717) Pause Young (Allocation Failure)
[489.073s][info][gc,heap        ] GC(1717) PSYoungGen: 111712K(222720K)->3552K(222720K) Eden: 111616K(111616K)->0K(111616K) From: 96K(111104K)->3552K(111104K)
[489.073s][info][gc,heap        ] GC(1717) ParOldGen: 400735K(667648K)->400799K(667648K)
[489.073s][info][gc,metaspace   ] GC(1717) Metaspace: 18912K(19072K)->18912K(19072K) NonClass: 17083K(17216K)->17083K(17216K) Class: 1829K(1856K)->1829K(1856K)
[489.073s][info][gc             ] GC(1717) Pause Young (Allocation Failure) 500M->394M(869M) 10.480ms
[489.073s][info][gc,cpu         ] GC(1717) User=0.02s Sys=0.00s Real=0.01s
[489.241s][info][gc,start       ] GC(1718) Pause Young (Allocation Failure)
[489.279s][info][gc,heap        ] GC(1718) PSYoungGen: 115168K(222720K)->16683K(222720K) Eden: 111616K(111616K)->0K(111616K) From: 3552K(111104K)->16683K(111104K)
[489.279s][info][gc,heap        ] GC(1718) ParOldGen: 400799K(667648K)->404359K(667648K)
[489.279s][info][gc,metaspace   ] GC(1718) Metaspace: 18912K(19072K)->18912K(19072K) NonClass: 17083K(17216K)->17083K(17216K) Class: 1829K(1856K)->1829K(1856K)
[489.279s][info][gc             ] GC(1718) Pause Young (Allocation Failure) 503M->411M(869M) 37.666ms
[489.279s][info][gc,cpu         ] GC(1718) User=0.08s Sys=0.00s Real=0.04s
[489.411s][info][gc,start       ] GC(1719) Pause Young (Allocation Failure)
[489.441s][info][gc,heap        ] GC(1719) PSYoungGen: 128299K(222720K)->992K(222720K) Eden: 111616K(111616K)->0K(111616K) From: 16683K(111104K)->992K(111104K)
[489.441s][info][gc,heap        ] GC(1719) ParOldGen: 404359K(667648K)->421058K(667648K)
[489.441s][info][gc,metaspace   ] GC(1719) Metaspace: 18912K(19072K)->18912K(19072K) NonClass: 17083K(17216K)->17083K(17216K) Class: 1829K(1856K)->1829K(1856K)
[489.441s][info][gc             ] GC(1719) Pause Young (Allocation Failure) 520M->412M(869M) 29.193ms
[489.441s][info][gc,cpu         ] GC(1719) User=0.06s Sys=0.00s Real=0.03s
[489.575s][info][gc,start       ] GC(1720) Pause Young (Allocation Failure)
[489.578s][info][gc,heap        ] GC(1720) PSYoungGen: 112608K(222720K)->64K(222720K) Eden: 111616K(111616K)->0K(111616K) From: 992K(111104K)->64K(111104K)
[489.578s][info][gc,heap        ] GC(1720) ParOldGen: 421058K(667648K)->421994K(667648K)
[489.578s][info][gc,metaspace   ] GC(1720) Metaspace: 18912K(19072K)->18912K(19072K) NonClass: 17083K(17216K)->17083K(17216K) Class: 1829K(1856K)->1829K(1856K)
[489.578s][info][gc             ] GC(1720) Pause Young (Allocation Failure) 521M->412M(869M) 3.307ms
[489.578s][info][gc,cpu         ] GC(1720) User=0.01s Sys=0.00s Real=0.00s
[489.714s][info][gc,start       ] GC(1721) Pause Young (Allocation Failure)
[489.717s][info][gc,heap        ] GC(1721) PSYoungGen: 111680K(222720K)->64K(112128K) Eden: 111616K(111616K)->0K(111616K) From: 64K(111104K)->64K(512K)
[489.717s][info][gc,heap        ] GC(1721) ParOldGen: 421994K(667648K)->421994K(667648K)
[489.717s][info][gc,metaspace   ] GC(1721) Metaspace: 18912K(19072K)->18912K(19072K) NonClass: 17083K(17216K)->17083K(17216K) Class: 1829K(1856K)->1829K(1856K)
[489.717s][info][gc             ] GC(1721) Pause Young (Allocation Failure) 521M->412M(761M) 2.446ms
[489.717s][info][gc,cpu         ] GC(1721) User=0.00s Sys=0.00s Real=0.00s
[489.857s][info][gc,start       ] GC(1722) Pause Young (Allocation Failure)
[489.859s][info][gc,heap        ] GC(1722) PSYoungGen: 111680K(112128K)->64K(210432K) Eden: 111616K(111616K)->0K(113664K) From: 64K(512K)->64K(96768K)
[489.859s][info][gc,heap        ] GC(1722) ParOldGen: 421994K(667648K)->421994K(667648K)
[489.859s][info][gc,metaspace   ] GC(1722) Metaspace: 18912K(19072K)->18912K(19072K) NonClass: 17083K(17216K)->17083K(17216K) Class: 1829K(1856K)->1829K(1856K)
[489.859s][info][gc             ] GC(1722) Pause Young (Allocation Failure) 521M->412M(857M) 2.274ms
[489.859s][info][gc,cpu         ] GC(1722) User=0.00s Sys=0.00s Real=0.00s
[489.967s][info][gc,start       ] GC(1723) Pause Young (Allocation Failure)
[489.985s][info][gc,heap        ] GC(1723) PSYoungGen: 113728K(210432K)->14208K(128000K) Eden: 113664K(113664K)->0K(113664K) From: 64K(96768K)->14208K(14336K)
[489.985s][info][gc,heap        ] GC(1723) ParOldGen: 421994K(667648K)->421994K(667648K)
[489.985s][info][gc,metaspace   ] GC(1723) Metaspace: 18912K(19072K)->18912K(19072K) NonClass: 17083K(17216K)->17083K(17216K) Class: 1829K(1856K)->1829K(1856K)
[489.985s][info][gc             ] GC(1723) Pause Young (Allocation Failure) 523M->425M(777M) 17.641ms
[489.985s][info][gc,cpu         ] GC(1723) User=0.03s Sys=0.00s Real=0.02s
[490.079s][info][gc,start       ] GC(1724) Pause Young (Allocation Failure)
[490.113s][info][gc,heap        ] GC(1724) PSYoungGen: 127872K(128000K)->33888K(209408K) Eden: 113664K(113664K)->0K(117760K) From: 14208K(14336K)->33888K(91648K)
[490.113s][info][gc,heap        ] GC(1724) ParOldGen: 421994K(667648K)->421994K(667648K)
[490.113s][info][gc,metaspace   ] GC(1724) Metaspace: 18912K(19072K)->18912K(19072K) NonClass: 17083K(17216K)->17083K(17216K) Class: 1829K(1856K)->1829K(1856K)
[490.113s][info][gc             ] GC(1724) Pause Young (Allocation Failure) 536M->445M(856M) 34.363ms
[490.113s][info][gc,cpu         ] GC(1724) User=0.06s Sys=0.00s Real=0.04s
[490.213s][info][gc,start       ] GC(1725) Pause Young (Allocation Failure)
[490.250s][info][gc,heap        ] GC(1725) PSYoungGen: 151648K(209408K)->37984K(209408K) Eden: 117760K(117760K)->0K(117760K) From: 33888K(91648K)->37984K(91648K)
[490.250s][info][gc,heap        ] GC(1725) ParOldGen: 421994K(667648K)->421994K(667648K)
[490.250s][info][gc,metaspace   ] GC(1725) Metaspace: 18912K(19072K)->18912K(19072K) NonClass: 17083K(17216K)->17083K(17216K) Class: 1829K(1856K)->1829K(1856K)
[490.250s][info][gc             ] GC(1725) Pause Young (Allocation Failure) 560M->449M(856M) 37.098ms
[490.250s][info][gc,cpu         ] GC(1725) User=0.07s Sys=0.00s Real=0.03s
[490.326s][info][gc,start       ] GC(1726) Pause Young (Allocation Failure)
[490.365s][info][gc,heap        ] GC(1726) PSYoungGen: 155744K(209408K)->39488K(214528K) Eden: 117760K(117760K)->0K(122880K) From: 37984K(91648K)->39488K(91648K)
[490.365s][info][gc,heap        ] GC(1726) ParOldGen: 421994K(667648K)->421994K(667648K)
[490.365s][info][gc,metaspace   ] GC(1726) Metaspace: 18912K(19072K)->18912K(19072K) NonClass: 17083K(17216K)->17083K(17216K) Class: 1829K(1856K)->1829K(1856K)
[490.365s][info][gc             ] GC(1726) Pause Young (Allocation Failure) 564M->450M(861M) 38.663ms
[490.365s][info][gc,cpu         ] GC(1726) User=0.07s Sys=0.00s Real=0.04s
[490.467s][info][gc,start       ] GC(1727) Pause Young (Allocation Failure)
[490.505s][info][gc,heap        ] GC(1727) PSYoungGen: 162368K(214528K)->39584K(214528K) Eden: 122880K(122880K)->0K(122880K) From: 39488K(91648K)->39584K(91648K)
[490.505s][info][gc,heap        ] GC(1727) ParOldGen: 421994K(667648K)->421994K(667648K)
[490.505s][info][gc,metaspace   ] GC(1727) Metaspace: 18912K(19072K)->18912K(19072K) NonClass: 17083K(17216K)->17083K(17216K) Class: 1829K(1856K)->1829K(1856K)
[490.505s][info][gc             ] GC(1727) Pause Young (Allocation Failure) 570M->450M(861M) 38.456ms
[490.505s][info][gc,cpu         ] GC(1727) User=0.07s Sys=0.00s Real=0.04s
[490.604s][info][gc,start       ] GC(1728) Pause Young (Allocation Failure)
[490.646s][info][gc,heap        ] GC(1728) PSYoungGen: 162464K(214528K)->43232K(220672K) Eden: 122880K(122880K)->0K(129536K) From: 39584K(91648K)->43232K(91136K)
[490.646s][info][gc,heap        ] GC(1728) ParOldGen: 421994K(667648K)->421994K(667648K)
[490.646s][info][gc,metaspace   ] GC(1728) Metaspace: 18912K(19072K)->18912K(19072K) NonClass: 17083K(17216K)->17083K(17216K) Class: 1829K(1856K)->1829K(1856K)
[490.646s][info][gc             ] GC(1728) Pause Young (Allocation Failure) 570M->454M(867M) 42.039ms
[490.646s][info][gc,cpu         ] GC(1728) User=0.08s Sys=0.00s Real=0.04s
[490.735s][info][gc,start       ] GC(1729) Pause Young (Allocation Failure)
[490.777s][info][gc,heap        ] GC(1729) PSYoungGen: 172768K(220672K)->43296K(221184K) Eden: 129536K(129536K)->0K(129536K) From: 43232K(91136K)->43296K(91648K)
[490.777s][info][gc,heap        ] GC(1729) ParOldGen: 421994K(667648K)->421994K(667648K)
[490.777s][info][gc,metaspace   ] GC(1729) Metaspace: 18914K(19072K)->18914K(19072K) NonClass: 17085K(17216K)->17085K(17216K) Class: 1829K(1856K)->1829K(1856K)
[490.777s][info][gc             ] GC(1729) Pause Young (Allocation Failure) 580M->454M(868M) 41.968ms
[490.777s][info][gc,cpu         ] GC(1729) User=0.08s Sys=0.00s Real=0.04s
[490.910s][info][gc,start       ] GC(1730) Pause Young (Allocation Failure)
[490.960s][info][gc,heap        ] GC(1730) PSYoungGen: 172832K(221184K)->52704K(226304K) Eden: 129536K(129536K)->0K(134656K) From: 43296K(91648K)->52704K(91648K)
[490.960s][info][gc,heap        ] GC(1730) ParOldGen: 421994K(667648K)->421994K(667648K)
[490.960s][info][gc,metaspace   ] GC(1730) Metaspace: 18914K(19072K)->18914K(19072K) NonClass: 17085K(17216K)->17085K(17216K) Class: 1829K(1856K)->1829K(1856K)
[490.960s][info][gc             ] GC(1730) Pause Young (Allocation Failure) 580M->463M(873M) 49.860ms
[490.960s][info][gc,cpu         ] GC(1730) User=0.09s Sys=0.00s Real=0.05s
[491.056s][info][gc,start       ] GC(1731) Pause Young (Allocation Failure)
[491.132s][info][gc,heap        ] GC(1731) PSYoungGen: 187360K(226304K)->78144K(212992K) Eden: 134656K(134656K)->0K(134656K) From: 52704K(91648K)->78144K(78336K)
[491.132s][info][gc,heap        ] GC(1731) ParOldGen: 421994K(667648K)->421994K(667648K)
[491.132s][info][gc,metaspace   ] GC(1731) Metaspace: 18914K(19072K)->18914K(19072K) NonClass: 17085K(17216K)->17085K(17216K) Class: 1829K(1856K)->1829K(1856K)
[491.132s][info][gc             ] GC(1731) Pause Young (Allocation Failure) 595M->488M(860M) 76.221ms
[491.132s][info][gc,cpu         ] GC(1731) User=0.16s Sys=0.00s Real=0.08s
[491.274s][info][gc,start       ] GC(1732) Pause Young (Allocation Failure)
[491.388s][info][gc,heap        ] GC(1732) PSYoungGen: 212800K(212992K)->96576K(217600K) Eden: 134656K(134656K)->0K(111616K) From: 78144K(78336K)->96576K(105984K)
[491.388s][info][gc,heap        ] GC(1732) ParOldGen: 421994K(667648K)->421994K(667648K)
[491.388s][info][gc,metaspace   ] GC(1732) Metaspace: 18914K(19072K)->18914K(19072K) NonClass: 17085K(17216K)->17085K(17216K) Class: 1829K(1856K)->1829K(1856K)
[491.388s][info][gc             ] GC(1732) Pause Young (Allocation Failure) 619M->506M(864M) 113.454ms
[491.388s][info][gc,cpu         ] GC(1732) User=0.20s Sys=0.02s Real=0.11s
[491.525s][info][gc,start       ] GC(1733) Pause Young (Allocation Failure)
[491.629s][info][gc,heap        ] GC(1733) PSYoungGen: 208192K(217600K)->111104K(222720K) Eden: 111616K(111616K)->0K(111616K) From: 96576K(105984K)->111104K(111104K)
[491.629s][info][gc,heap        ] GC(1733) ParOldGen: 421994K(667648K)->423490K(667648K)
[491.629s][info][gc,metaspace   ] GC(1733) Metaspace: 18914K(19072K)->18914K(19072K) NonClass: 17085K(17216K)->17085K(17216K) Class: 1829K(1856K)->1829K(1856K)
[491.629s][info][gc             ] GC(1733) Pause Young (Allocation Failure) 615M->522M(869M) 103.874ms
[491.629s][info][gc,cpu         ] GC(1733) User=0.20s Sys=0.00s Real=0.10s
[491.741s][info][gc,start       ] GC(1734) Pause Young (Allocation Failure)
[491.849s][info][gc,heap        ] GC(1734) PSYoungGen: 222720K(222720K)->77984K(222720K) Eden: 111616K(111616K)->0K(111616K) From: 111104K(111104K)->77984K(111104K)
[491.849s][info][gc,heap        ] GC(1734) ParOldGen: 423490K(667648K)->457450K(667648K)
[491.850s][info][gc,metaspace   ] GC(1734) Metaspace: 18914K(19072K)->18914K(19072K) NonClass: 17085K(17216K)->17085K(17216K) Class: 1829K(1856K)->1829K(1856K)
[491.850s][info][gc             ] GC(1734) Pause Young (Allocation Failure) 631M->522M(869M) 108.302ms
[491.850s][info][gc,cpu         ] GC(1734) User=0.21s Sys=0.00s Real=0.11s
[491.961s][info][gc,start       ] GC(1735) Pause Young (Allocation Failure)
[492.038s][info][gc,heap        ] GC(1735) PSYoungGen: 189600K(222720K)->74416K(222720K) Eden: 111616K(111616K)->0K(111616K) From: 77984K(111104K)->74416K(111104K)
[492.038s][info][gc,heap        ] GC(1735) ParOldGen: 457450K(667648K)->463082K(667648K)
[492.038s][info][gc,metaspace   ] GC(1735) Metaspace: 18914K(19072K)->18914K(19072K) NonClass: 17085K(17216K)->17085K(17216K) Class: 1829K(1856K)->1829K(1856K)
[492.038s][info][gc             ] GC(1735) Pause Young (Allocation Failure) 631M->524M(869M) 77.307ms
[492.038s][info][gc,cpu         ] GC(1735) User=0.15s Sys=0.00s Real=0.08s
[492.149s][info][gc,start       ] GC(1736) Pause Young (Allocation Failure)
[492.224s][info][gc,heap        ] GC(1736) PSYoungGen: 186032K(222720K)->75168K(222720K) Eden: 111616K(111616K)->0K(111616K) From: 74416K(111104K)->75168K(111104K)
[492.224s][info][gc,heap        ] GC(1736) ParOldGen: 463082K(667648K)->466834K(667648K)
[492.224s][info][gc,metaspace   ] GC(1736) Metaspace: 18914K(19072K)->18914K(19072K) NonClass: 17085K(17216K)->17085K(17216K) Class: 1829K(1856K)->1829K(1856K)
[492.224s][info][gc             ] GC(1736) Pause Young (Allocation Failure) 633M->529M(869M) 74.758ms
[492.224s][info][gc,cpu         ] GC(1736) User=0.15s Sys=0.00s Real=0.08s
[492.326s][info][gc,start       ] GC(1737) Pause Young (Allocation Failure)
[492.397s][info][gc,heap        ] GC(1737) PSYoungGen: 186784K(222720K)->65792K(222720K) Eden: 111616K(111616K)->0K(111616K) From: 75168K(111104K)->65792K(111104K)
[492.397s][info][gc,heap        ] GC(1737) ParOldGen: 466834K(667648K)->476346K(667648K)
[492.397s][info][gc,metaspace   ] GC(1737) Metaspace: 18914K(19072K)->18914K(19072K) NonClass: 17085K(17216K)->17085K(17216K) Class: 1829K(1856K)->1829K(1856K)
[492.397s][info][gc             ] GC(1737) Pause Young (Allocation Failure) 638M->529M(869M) 70.554ms
[492.397s][info][gc,cpu         ] GC(1737) User=0.14s Sys=0.00s Real=0.07s
[492.505s][info][gc,start       ] GC(1738) Pause Young (Allocation Failure)
[492.569s][info][gc,heap        ] GC(1738) PSYoungGen: 177408K(222720K)->23808K(222720K) Eden: 111616K(111616K)->0K(111616K) From: 65792K(111104K)->23808K(111104K)
[492.569s][info][gc,heap        ] GC(1738) ParOldGen: 476346K(667648K)->519123K(667648K)
[492.569s][info][gc,metaspace   ] GC(1738) Metaspace: 18914K(19072K)->18914K(19072K) NonClass: 17085K(17216K)->17085K(17216K) Class: 1829K(1856K)->1829K(1856K)
[492.569s][info][gc             ] GC(1738) Pause Young (Allocation Failure) 638M->530M(869M) 64.013ms
[492.569s][info][gc,cpu         ] GC(1738) User=0.13s Sys=0.00s Real=0.06s
[492.710s][info][gc,start       ] GC(1739) Pause Young (Allocation Failure)
[492.749s][info][gc,heap        ] GC(1739) PSYoungGen: 135424K(222720K)->19840K(222720K) Eden: 111616K(111616K)->0K(111616K) From: 23808K(111104K)->19840K(111104K)
[492.749s][info][gc,heap        ] GC(1739) ParOldGen: 519123K(667648K)->535683K(667648K)
[492.749s][info][gc,metaspace   ] GC(1739) Metaspace: 18914K(19072K)->18914K(19072K) NonClass: 17085K(17216K)->17085K(17216K) Class: 1829K(1856K)->1829K(1856K)
[492.749s][info][gc             ] GC(1739) Pause Young (Allocation Failure) 639M->542M(869M) 38.622ms
[492.749s][info][gc,cpu         ] GC(1739) User=0.07s Sys=0.00s Real=0.04s
[492.931s][info][gc,start       ] GC(1740) Pause Young (Allocation Failure)
[492.956s][info][gc,heap        ] GC(1740) PSYoungGen: 131456K(222720K)->16544K(222720K) Eden: 111616K(111616K)->0K(111616K) From: 19840K(111104K)->16544K(111104K)
[492.956s][info][gc,heap        ] GC(1740) ParOldGen: 535683K(667648K)->542267K(667648K)
[492.956s][info][gc,metaspace   ] GC(1740) Metaspace: 18914K(19072K)->18914K(19072K) NonClass: 17085K(17216K)->17085K(17216K) Class: 1829K(1856K)->1829K(1856K)
[492.956s][info][gc             ] GC(1740) Pause Young (Allocation Failure) 651M->545M(869M) 24.652ms
[492.956s][info][gc,cpu         ] GC(1740) User=0.04s Sys=0.00s Real=0.03s
[493.299s][info][gc,start       ] GC(1741) Pause Young (Allocation Failure)
[493.317s][info][gc,heap        ] GC(1741) PSYoungGen: 128160K(222720K)->15968K(222720K) Eden: 111616K(111616K)->0K(111616K) From: 16544K(111104K)->15968K(111104K)
[493.317s][info][gc,heap        ] GC(1741) ParOldGen: 542267K(667648K)->543011K(667648K)
[493.317s][info][gc,metaspace   ] GC(1741) Metaspace: 18915K(19072K)->18915K(19072K) NonClass: 17085K(17216K)->17085K(17216K) Class: 1829K(1856K)->1829K(1856K)
[493.317s][info][gc             ] GC(1741) Pause Young (Allocation Failure) 654M->545M(869M) 17.970ms
[493.317s][info][gc,cpu         ] GC(1741) User=0.03s Sys=0.00s Real=0.02s
[493.582s][info][gc,start       ] GC(1742) Pause Young (Allocation Failure)
[493.600s][info][gc,heap        ] GC(1742) PSYoungGen: 127584K(222720K)->304K(222720K) Eden: 111616K(111616K)->0K(111616K) From: 15968K(111104K)->304K(111104K)
[493.600s][info][gc,heap        ] GC(1742) ParOldGen: 543011K(667648K)->558827K(667648K)
[493.600s][info][gc,metaspace   ] GC(1742) Metaspace: 18915K(19072K)->18915K(19072K) NonClass: 17085K(17216K)->17085K(17216K) Class: 1829K(1856K)->1829K(1856K)
[493.600s][info][gc             ] GC(1742) Pause Young (Allocation Failure) 654M->546M(869M) 18.137ms
[493.600s][info][gc,cpu         ] GC(1742) User=0.03s Sys=0.00s Real=0.01s
[493.849s][info][gc,start       ] GC(1743) Pause Young (Allocation Failure)
[493.851s][info][gc,heap        ] GC(1743) PSYoungGen: 111920K(222720K)->64K(222720K) Eden: 111616K(111616K)->0K(111616K) From: 304K(111104K)->64K(111104K)
[493.851s][info][gc,heap        ] GC(1743) ParOldGen: 558827K(667648K)->559108K(667648K)
[493.851s][info][gc,metaspace   ] GC(1743) Metaspace: 18915K(19072K)->18915K(19072K) NonClass: 17085K(17216K)->17085K(17216K) Class: 1829K(1856K)->1829K(1856K)
[493.851s][info][gc             ] GC(1743) Pause Young (Allocation Failure) 655M->546M(869M) 2.522ms
[493.851s][info][gc,cpu         ] GC(1743) User=0.00s Sys=0.00s Real=0.00s
[494.079s][info][gc,start       ] GC(1744) Pause Young (Allocation Failure)
[494.082s][info][gc,heap        ] GC(1744) PSYoungGen: 111680K(222720K)->64K(222720K) Eden: 111616K(111616K)->0K(111616K) From: 64K(111104K)->64K(111104K)
[494.082s][info][gc,heap        ] GC(1744) ParOldGen: 559108K(667648K)->559140K(667648K)
[494.082s][info][gc,metaspace   ] GC(1744) Metaspace: 18915K(19072K)->18915K(19072K) NonClass: 17085K(17216K)->17085K(17216K) Class: 1829K(1856K)->1829K(1856K)
[494.082s][info][gc             ] GC(1744) Pause Young (Allocation Failure) 655M->546M(869M) 2.755ms
[494.082s][info][gc,cpu         ] GC(1744) User=0.00s Sys=0.00s Real=0.01s
[494.354s][info][gc,start       ] GC(1745) Pause Young (Allocation Failure)
[494.357s][info][gc,heap        ] GC(1745) PSYoungGen: 111680K(222720K)->96K(222720K) Eden: 111616K(111616K)->0K(111616K) From: 64K(111104K)->96K(111104K)
[494.357s][info][gc,heap        ] GC(1745) ParOldGen: 559140K(667648K)->559172K(667648K)
[494.357s][info][gc,metaspace   ] GC(1745) Metaspace: 18915K(19072K)->18915K(19072K) NonClass: 17085K(17216K)->17085K(17216K) Class: 1829K(1856K)->1829K(1856K)
[494.357s][info][gc             ] GC(1745) Pause Young (Allocation Failure) 655M->546M(869M) 2.579ms
[494.357s][info][gc,cpu         ] GC(1745) User=0.01s Sys=0.00s Real=0.00s
[494.561s][info][gc,start       ] GC(1746) Pause Young (Allocation Failure)
[494.576s][info][gc,heap        ] GC(1746) PSYoungGen: 111712K(222720K)->16352K(220672K) Eden: 111616K(111616K)->0K(111616K) From: 96K(111104K)->16352K(109056K)
[494.576s][info][gc,heap        ] GC(1746) ParOldGen: 559172K(667648K)->559244K(667648K)
[494.576s][info][gc,metaspace   ] GC(1746) Metaspace: 18915K(19072K)->18915K(19072K) NonClass: 17085K(17216K)->17085K(17216K) Class: 1829K(1856K)->1829K(1856K)
[494.576s][info][gc             ] GC(1746) Pause Young (Allocation Failure) 655M->562M(867M) 15.020ms
[494.576s][info][gc,cpu         ] GC(1746) User=0.03s Sys=0.00s Real=0.02s
[494.639s][info][gc,start       ] GC(1747) Pause Young (Allocation Failure)
[494.682s][info][gc,heap        ] GC(1747) PSYoungGen: 127968K(220672K)->58432K(221696K) Eden: 111616K(111616K)->0K(111616K) From: 16352K(109056K)->58432K(110080K)
[494.682s][info][gc,heap        ] GC(1747) ParOldGen: 559244K(667648K)->559244K(667648K)
[494.682s][info][gc,metaspace   ] GC(1747) Metaspace: 18915K(19072K)->18915K(19072K) NonClass: 17085K(17216K)->17085K(17216K) Class: 1829K(1856K)->1829K(1856K)
[494.682s][info][gc             ] GC(1747) Pause Young (Allocation Failure) 671M->603M(868M) 43.604ms
[494.682s][info][gc,cpu         ] GC(1747) User=0.08s Sys=0.00s Real=0.05s
[494.738s][info][gc,start       ] GC(1748) Pause Young (Allocation Failure)
[494.804s][info][gc,heap        ] GC(1748) PSYoungGen: 170048K(221696K)->40064K(219648K) Eden: 111616K(111616K)->0K(112640K) From: 58432K(110080K)->40064K(107008K)
[494.804s][info][gc,heap        ] GC(1748) ParOldGen: 559244K(667648K)->618300K(667648K)
[494.804s][info][gc,metaspace   ] GC(1748) Metaspace: 18915K(19072K)->18915K(19072K) NonClass: 17085K(17216K)->17085K(17216K) Class: 1829K(1856K)->1829K(1856K)
[494.804s][info][gc             ] GC(1748) Pause Young (Allocation Failure) 712M->642M(866M) 66.583ms
[494.804s][info][gc,cpu         ] GC(1748) User=0.13s Sys=0.00s Real=0.07s
[494.862s][info][gc,start       ] GC(1749) Pause Young (Allocation Failure)
[494.913s][info][gc,heap        ] GC(1749) PSYoungGen: 152704K(219648K)->78016K(221184K) Eden: 112640K(112640K)->0K(112640K) From: 40064K(107008K)->78016K(108544K)
[494.913s][info][gc,heap        ] GC(1749) ParOldGen: 618300K(667648K)->618300K(667648K)
[494.913s][info][gc,metaspace   ] GC(1749) Metaspace: 18915K(19072K)->18915K(19072K) NonClass: 17085K(17216K)->17085K(17216K) Class: 1829K(1856K)->1829K(1856K)
[494.913s][info][gc             ] GC(1749) Pause Young (Allocation Failure) 752M->679M(868M) 51.323ms
[494.913s][info][gc,cpu         ] GC(1749) User=0.10s Sys=0.00s Real=0.05s
[495.032s][info][gc,start       ] GC(1750) Pause Young (Allocation Failure)
[495.120s][info][gc,promotion   ] GC(1750) Promotion failed
[495.120s][info][gc,heap        ] GC(1750) PSYoungGen: 190656K(221184K)->190656K(221184K) Eden: 112640K(112640K)->112640K(112640K) From: 78016K(108544K)->78016K(108544K)
[495.120s][info][gc,heap        ] GC(1750) ParOldGen: 618300K(667648K)->667644K(667648K)
[495.120s][info][gc,metaspace   ] GC(1750) Metaspace: 18915K(19072K)->18915K(19072K) NonClass: 17085K(17216K)->17085K(17216K) Class: 1829K(1856K)->1829K(1856K)
[495.120s][info][gc             ] GC(1750) Pause Young (Allocation Failure) 789M->838M(868M) 88.218ms
[495.120s][info][gc,cpu         ] GC(1750) User=0.18s Sys=0.00s Real=0.08s
[495.120s][info][gc,start       ] GC(1751) Pause Full (Allocation Failure)
[495.120s][info][gc,phases,start] GC(1751) Marking Phase
[495.480s][info][gc,phases      ] GC(1751) Marking Phase 360.108ms
[495.480s][info][gc,phases,start] GC(1751) Summary Phase
[495.480s][info][gc,phases      ] GC(1751) Summary Phase 0.029ms
[495.480s][info][gc,phases,start] GC(1751) Forward
[495.604s][info][gc,phases      ] GC(1751) Forward 123.676ms
[495.604s][info][gc,phases,start] GC(1751) Adjust Pointers
[495.879s][info][gc,phases      ] GC(1751) Adjust Pointers 275.054ms
[495.879s][info][gc,phases,start] GC(1751) Compaction Phase
[496.045s][info][gc,phases      ] GC(1751) Compaction Phase 165.880ms
[496.055s][info][gc,phases,start] GC(1751) Post Compact
[496.057s][info][gc,phases      ] GC(1751) Post Compact 2.633ms
[496.057s][info][gc,heap        ] GC(1751) PSYoungGen: 190656K(221184K)->0K(222720K) Eden: 112640K(112640K)->0K(111616K) From: 78016K(108544K)->0K(111104K)
[496.057s][info][gc,heap        ] GC(1751) ParOldGen: 667644K(667648K)->577351K(667648K)
[496.057s][info][gc,metaspace   ] GC(1751) Metaspace: 18915K(19072K)->18915K(19072K) NonClass: 17085K(17216K)->17085K(17216K) Class: 1829K(1856K)->1829K(1856K)
[496.058s][info][gc             ] GC(1751) Pause Full (Allocation Failure) 838M->563M(869M) 937.515ms
[496.058s][info][gc,cpu         ] GC(1751) User=1.75s Sys=0.00s Real=0.94s
[496.230s][info][gc,start       ] GC(1752) Pause Young (Allocation Failure)
[496.260s][info][gc,heap        ] GC(1752) PSYoungGen: 111616K(222720K)->30080K(222720K) Eden: 111616K(111616K)->0K(111616K) From: 0K(111104K)->30080K(111104K)
[496.260s][info][gc,heap        ] GC(1752) ParOldGen: 577351K(667648K)->577351K(667648K)
[496.260s][info][gc,metaspace   ] GC(1752) Metaspace: 18915K(19072K)->18915K(19072K) NonClass: 17085K(17216K)->17085K(17216K) Class: 1829K(1856K)->1829K(1856K)
[496.260s][info][gc             ] GC(1752) Pause Young (Allocation Failure) 672M->593M(869M) 29.845ms
[496.260s][info][gc,cpu         ] GC(1752) User=0.06s Sys=0.00s Real=0.03s
[496.428s][info][gc,start       ] GC(1753) Pause Young (Allocation Failure)
[496.478s][info][gc,heap        ] GC(1753) PSYoungGen: 141696K(222720K)->45440K(215552K) Eden: 111616K(111616K)->0K(111616K) From: 30080K(111104K)->45440K(103936K)
[496.478s][info][gc,heap        ] GC(1753) ParOldGen: 577351K(667648K)->577351K(667648K)
[496.478s][info][gc,metaspace   ] GC(1753) Metaspace: 18915K(19072K)->18915K(19072K) NonClass: 17085K(17216K)->17085K(17216K) Class: 1829K(1856K)->1829K(1856K)
[496.478s][info][gc             ] GC(1753) Pause Young (Allocation Failure) 702M->608M(862M) 50.349ms
[496.478s][info][gc,cpu         ] GC(1753) User=0.10s Sys=0.00s Real=0.05s
[496.575s][info][gc,start       ] GC(1754) Pause Young (Allocation Failure)
[496.634s][info][gc,heap        ] GC(1754) PSYoungGen: 157056K(215552K)->48512K(219136K) Eden: 111616K(111616K)->0K(111616K) From: 45440K(103936K)->48512K(107520K)
[496.634s][info][gc,heap        ] GC(1754) ParOldGen: 577351K(667648K)->577351K(667648K)
[496.634s][info][gc,metaspace   ] GC(1754) Metaspace: 18915K(19072K)->18915K(19072K) NonClass: 17085K(17216K)->17085K(17216K) Class: 1829K(1856K)->1829K(1856K)
[496.634s][info][gc             ] GC(1754) Pause Young (Allocation Failure) 717M->611M(866M) 59.462ms
[496.634s][info][gc,cpu         ] GC(1754) User=0.12s Sys=0.00s Real=0.06s
[496.758s][info][gc,start       ] GC(1755) Pause Young (Allocation Failure)
[496.834s][info][gc,heap        ] GC(1755) PSYoungGen: 160128K(219136K)->54679K(224768K) Eden: 111616K(111616K)->0K(120320K) From: 48512K(107520K)->54679K(104448K)
[496.834s][info][gc,heap        ] GC(1755) ParOldGen: 577351K(667648K)->577351K(667648K)
[496.834s][info][gc,metaspace   ] GC(1755) Metaspace: 18915K(19072K)->18915K(19072K) NonClass: 17085K(17216K)->17085K(17216K) Class: 1829K(1856K)->1829K(1856K)
[496.834s][info][gc             ] GC(1755) Pause Young (Allocation Failure) 720M->617M(871M) 75.796ms
[496.834s][info][gc,cpu         ] GC(1755) User=0.15s Sys=0.00s Real=0.08s
[496.998s][info][gc,start       ] GC(1756) Pause Young (Allocation Failure)
[497.109s][info][gc,heap        ] GC(1756) PSYoungGen: 174999K(224768K)->78958K(199680K) Eden: 120320K(120320K)->0K(120320K) From: 54679K(104448K)->78958K(79360K)
[497.109s][info][gc,heap        ] GC(1756) ParOldGen: 577351K(667648K)->577351K(667648K)
[497.109s][info][gc,metaspace   ] GC(1756) Metaspace: 18915K(19072K)->18915K(19072K) NonClass: 17085K(17216K)->17085K(17216K) Class: 1829K(1856K)->1829K(1856K)
[497.109s][info][gc             ] GC(1756) Pause Young (Allocation Failure) 734M->640M(847M) 110.336ms
[497.109s][info][gc,cpu         ] GC(1756) User=0.22s Sys=0.01s Real=0.11s
[497.264s][info][gc,start       ] GC(1757) Pause Young (Allocation Failure)
[497.375s][info][gc,heap        ] GC(1757) PSYoungGen: 199278K(199680K)->33582K(226816K) Eden: 120320K(120320K)->0K(115712K) From: 78958K(79360K)->33582K(111104K)
[497.375s][info][gc,heap        ] GC(1757) ParOldGen: 577351K(667648K)->623143K(667648K)
[497.375s][info][gc,metaspace   ] GC(1757) Metaspace: 18915K(19072K)->18915K(19072K) NonClass: 17085K(17216K)->17085K(17216K) Class: 1829K(1856K)->1829K(1856K)
[497.375s][info][gc             ] GC(1757) Pause Young (Allocation Failure) 758M->641M(873M) 110.519ms
[497.375s][info][gc,cpu         ] GC(1757) User=0.22s Sys=0.00s Real=0.11s
[497.526s][info][gc,start       ] GC(1758) Pause Full (Allocation Failure)
[497.526s][info][gc,phases,start] GC(1758) Marking Phase
[497.840s][info][gc,phases      ] GC(1758) Marking Phase 313.477ms
[497.840s][info][gc,phases,start] GC(1758) Summary Phase
[497.840s][info][gc,phases      ] GC(1758) Summary Phase 0.025ms
[497.840s][info][gc,phases,start] GC(1758) Forward
[497.939s][info][gc,phases      ] GC(1758) Forward 98.840ms
[497.939s][info][gc,phases,start] GC(1758) Adjust Pointers
[498.204s][info][gc,phases      ] GC(1758) Adjust Pointers 265.026ms
[498.204s][info][gc,phases,start] GC(1758) Compaction Phase
[498.339s][info][gc,phases      ] GC(1758) Compaction Phase 135.395ms
[498.354s][info][gc,phases,start] GC(1758) Post Compact
[498.357s][info][gc,phases      ] GC(1758) Post Compact 2.267ms
[498.357s][info][gc,heap        ] GC(1758) PSYoungGen: 149294K(226816K)->0K(222720K) Eden: 115712K(115712K)->0K(115712K) From: 33582K(111104K)->0K(107008K)
[498.357s][info][gc,heap        ] GC(1758) ParOldGen: 623143K(667648K)->491011K(667648K)
[498.357s][info][gc,metaspace   ] GC(1758) Metaspace: 18915K(19072K)->18915K(19072K) NonClass: 17085K(17216K)->17085K(17216K) Class: 1829K(1856K)->1829K(1856K)
[498.357s][info][gc             ] GC(1758) Pause Full (Allocation Failure) 754M->479M(869M) 830.503ms
[498.357s][info][gc,cpu         ] GC(1758) User=1.56s Sys=0.00s Real=0.83s
[498.511s][info][gc,start       ] GC(1759) Pause Young (Allocation Failure)
[498.512s][info][gc,heap        ] GC(1759) PSYoungGen: 115712K(222720K)->64K(221696K) Eden: 115712K(115712K)->0K(114688K) From: 0K(107008K)->64K(107008K)
[498.512s][info][gc,heap        ] GC(1759) ParOldGen: 491011K(667648K)->491011K(667648K)
[498.512s][info][gc,metaspace   ] GC(1759) Metaspace: 18915K(19072K)->18915K(19072K) NonClass: 17085K(17216K)->17085K(17216K) Class: 1829K(1856K)->1829K(1856K)
[498.512s][info][gc             ] GC(1759) Pause Young (Allocation Failure) 592M->479M(868M) 1.752ms
[498.512s][info][gc,cpu         ] GC(1759) User=0.01s Sys=0.00s Real=0.01s
[498.660s][info][gc,start       ] GC(1760) Pause Young (Allocation Failure)
[498.662s][info][gc,heap        ] GC(1760) PSYoungGen: 114752K(221696K)->64K(222720K) Eden: 114688K(114688K)->0K(114688K) From: 64K(107008K)->64K(108032K)
[498.662s][info][gc,heap        ] GC(1760) ParOldGen: 491011K(667648K)->491011K(667648K)
[498.662s][info][gc,metaspace   ] GC(1760) Metaspace: 18915K(19072K)->18915K(19072K) NonClass: 17085K(17216K)->17085K(17216K) Class: 1829K(1856K)->1829K(1856K)
[498.662s][info][gc             ] GC(1760) Pause Young (Allocation Failure) 591M->479M(869M) 1.722ms
[498.662s][info][gc,cpu         ] GC(1760) User=0.00s Sys=0.00s Real=0.01s
[498.808s][info][gc,start       ] GC(1761) Pause Young (Allocation Failure)
[498.810s][info][gc,heap        ] GC(1761) PSYoungGen: 114752K(222720K)->64K(222208K) Eden: 114688K(114688K)->0K(118272K) From: 64K(108032K)->64K(103936K)
[498.810s][info][gc,heap        ] GC(1761) ParOldGen: 491011K(667648K)->491011K(667648K)
[498.810s][info][gc,metaspace   ] GC(1761) Metaspace: 18915K(19072K)->18915K(19072K) NonClass: 17085K(17216K)->17085K(17216K) Class: 1829K(1856K)->1829K(1856K)
[498.810s][info][gc             ] GC(1761) Pause Young (Allocation Failure) 591M->479M(869M) 1.950ms
[498.810s][info][gc,cpu         ] GC(1761) User=0.01s Sys=0.00s Real=0.00s
[498.968s][info][gc,start       ] GC(1762) Pause Young (Allocation Failure)
[498.970s][info][gc,heap        ] GC(1762) PSYoungGen: 118336K(222208K)->64K(224256K) Eden: 118272K(118272K)->0K(118272K) From: 64K(103936K)->64K(105984K)
[498.970s][info][gc,heap        ] GC(1762) ParOldGen: 491011K(667648K)->491011K(667648K)
[498.970s][info][gc,metaspace   ] GC(1762) Metaspace: 18915K(19072K)->18915K(19072K) NonClass: 17085K(17216K)->17085K(17216K) Class: 1829K(1856K)->1829K(1856K)
[498.970s][info][gc             ] GC(1762) Pause Young (Allocation Failure) 595M->479M(871M) 1.777ms
[498.970s][info][gc,cpu         ] GC(1762) User=0.00s Sys=0.00s Real=0.00s
[499.120s][info][gc,start       ] GC(1763) Pause Young (Allocation Failure)
[499.121s][info][gc,heap        ] GC(1763) PSYoungGen: 118336K(224256K)->64K(220160K) Eden: 118272K(118272K)->0K(122880K) From: 64K(105984K)->64K(97280K)
[499.121s][info][gc,heap        ] GC(1763) ParOldGen: 491011K(667648K)->491011K(667648K)
[499.121s][info][gc,metaspace   ] GC(1763) Metaspace: 18915K(19072K)->18915K(19072K) NonClass: 17085K(17216K)->17085K(17216K) Class: 1829K(1856K)->1829K(1856K)
[499.121s][info][gc             ] GC(1763) Pause Young (Allocation Failure) 595M->479M(867M) 1.728ms
[499.121s][info][gc,cpu         ] GC(1763) User=0.00s Sys=0.00s Real=0.00s
[499.281s][info][gc,start       ] GC(1764) Pause Young (Allocation Failure)
[499.283s][info][gc,heap        ] GC(1764) PSYoungGen: 122944K(220160K)->64K(223744K) Eden: 122880K(122880K)->0K(122880K) From: 64K(97280K)->64K(100864K)
[499.283s][info][gc,heap        ] GC(1764) ParOldGen: 491011K(667648K)->491011K(667648K)
[499.283s][info][gc,metaspace   ] GC(1764) Metaspace: 18915K(19072K)->18915K(19072K) NonClass: 17085K(17216K)->17085K(17216K) Class: 1829K(1856K)->1829K(1856K)
[499.283s][info][gc             ] GC(1764) Pause Young (Allocation Failure) 599M->479M(870M) 1.950ms
[499.283s][info][gc,cpu         ] GC(1764) User=0.00s Sys=0.00s Real=0.01s
[499.391s][info][gc,start       ] GC(1765) Pause Young (Allocation Failure)
[499.414s][info][gc,heap        ] GC(1765) PSYoungGen: 122944K(223744K)->19104K(211968K) Eden: 122880K(122880K)->0K(127488K) From: 64K(100864K)->19104K(84480K)
[499.414s][info][gc,heap        ] GC(1765) ParOldGen: 491011K(667648K)->491011K(667648K)
[499.414s][info][gc,metaspace   ] GC(1765) Metaspace: 18915K(19072K)->18915K(19072K) NonClass: 17085K(17216K)->17085K(17216K) Class: 1829K(1856K)->1829K(1856K)
[499.414s][info][gc             ] GC(1765) Pause Young (Allocation Failure) 599M->498M(859M) 23.100ms
[499.414s][info][gc,cpu         ] GC(1765) User=0.04s Sys=0.01s Real=0.03s
[499.523s][info][gc,start       ] GC(1766) Pause Young (Allocation Failure)
[499.554s][info][gc,heap        ] GC(1766) PSYoungGen: 146592K(211968K)->31328K(218112K) Eden: 127488K(127488K)->0K(127488K) From: 19104K(84480K)->31328K(90624K)
[499.554s][info][gc,heap        ] GC(1766) ParOldGen: 491011K(667648K)->491011K(667648K)
[499.554s][info][gc,metaspace   ] GC(1766) Metaspace: 18915K(19072K)->18915K(19072K) NonClass: 17085K(17216K)->17085K(17216K) Class: 1829K(1856K)->1829K(1856K)
[499.554s][info][gc             ] GC(1766) Pause Young (Allocation Failure) 622M->510M(865M) 31.335ms
[499.554s][info][gc,cpu         ] GC(1766) User=0.06s Sys=0.00s Real=0.03s
[499.651s][info][gc,start       ] GC(1767) Pause Young (Allocation Failure)
[499.684s][info][gc,heap        ] GC(1767) PSYoungGen: 158816K(218112K)->33344K(217600K) Eden: 127488K(127488K)->0K(134656K) From: 31328K(90624K)->33344K(82944K)
[499.684s][info][gc,heap        ] GC(1767) ParOldGen: 491011K(667648K)->491011K(667648K)
[499.684s][info][gc,metaspace   ] GC(1767) Metaspace: 18915K(19072K)->18915K(19072K) NonClass: 17085K(17216K)->17085K(17216K) Class: 1829K(1856K)->1829K(1856K)
[499.684s][info][gc             ] GC(1767) Pause Young (Allocation Failure) 634M->512M(864M) 33.181ms
[499.684s][info][gc,cpu         ] GC(1767) User=0.07s Sys=0.00s Real=0.04s
[499.795s][info][gc,start       ] GC(1768) Pause Young (Allocation Failure)
[499.829s][info][gc,heap        ] GC(1768) PSYoungGen: 168000K(217600K)->35264K(219136K) Eden: 134656K(134656K)->0K(134656K) From: 33344K(82944K)->35264K(84480K)
[499.829s][info][gc,heap        ] GC(1768) ParOldGen: 491011K(667648K)->491011K(667648K)
[499.830s][info][gc,metaspace   ] GC(1768) Metaspace: 18915K(19072K)->18915K(19072K) NonClass: 17085K(17216K)->17085K(17216K) Class: 1829K(1856K)->1829K(1856K)
[499.830s][info][gc             ] GC(1768) Pause Young (Allocation Failure) 643M->513M(866M) 34.136ms
[499.830s][info][gc,cpu         ] GC(1768) User=0.07s Sys=0.00s Real=0.03s
[499.958s][info][gc,start       ] GC(1769) Pause Young (Allocation Failure)
[499.997s][info][gc,heap        ] GC(1769) PSYoungGen: 169920K(219136K)->40288K(224768K) Eden: 134656K(134656K)->0K(142848K) From: 35264K(84480K)->40288K(81920K)
[499.997s][info][gc,heap        ] GC(1769) ParOldGen: 491011K(667648K)->491011K(667648K)
[499.997s][info][gc,metaspace   ] GC(1769) Metaspace: 18915K(19072K)->18915K(19072K) NonClass: 17085K(17216K)->17085K(17216K) Class: 1829K(1856K)->1829K(1856K)
[499.997s][info][gc             ] GC(1769) Pause Young (Allocation Failure) 645M->518M(871M) 38.714ms
[499.997s][info][gc,cpu         ] GC(1769) User=0.08s Sys=0.00s Real=0.04s
[500.153s][info][gc,start       ] GC(1770) Pause Young (Allocation Failure)
[500.195s][info][gc,heap        ] GC(1770) PSYoungGen: 183136K(224768K)->44000K(225280K) Eden: 142848K(142848K)->0K(142848K) From: 40288K(81920K)->44000K(82432K)
[500.195s][info][gc,heap        ] GC(1770) ParOldGen: 491011K(667648K)->491011K(667648K)
[500.195s][info][gc,metaspace   ] GC(1770) Metaspace: 18915K(19072K)->18915K(19072K) NonClass: 17085K(17216K)->17085K(17216K) Class: 1829K(1856K)->1829K(1856K)
[500.195s][info][gc             ] GC(1770) Pause Young (Allocation Failure) 658M->522M(872M) 42.061ms
[500.195s][info][gc,cpu         ] GC(1770) User=0.08s Sys=0.00s Real=0.04s
[500.452s][info][gc,start       ] GC(1771) Pause Young (Allocation Failure)
[500.494s][info][gc,heap        ] GC(1771) PSYoungGen: 186848K(225280K)->44032K(234496K) Eden: 142848K(142848K)->0K(151552K) From: 44000K(82432K)->44032K(82944K)
[500.494s][info][gc,heap        ] GC(1771) ParOldGen: 491011K(667648K)->491011K(667648K)
[500.494s][info][gc,metaspace   ] GC(1771) Metaspace: 18915K(19072K)->18915K(19072K) NonClass: 17085K(17216K)->17085K(17216K) Class: 1829K(1856K)->1829K(1856K)
[500.494s][info][gc             ] GC(1771) Pause Young (Allocation Failure) 661M->522M(881M) 41.567ms
[500.494s][info][gc,cpu         ] GC(1771) User=0.08s Sys=0.00s Real=0.04s
[500.742s][info][gc,start       ] GC(1772) Pause Young (Allocation Failure)
[500.783s][info][gc,heap        ] GC(1772) PSYoungGen: 195584K(234496K)->44160K(235008K) Eden: 151552K(151552K)->0K(151552K) From: 44032K(82944K)->44160K(83456K)
[500.783s][info][gc,heap        ] GC(1772) ParOldGen: 491011K(667648K)->491011K(667648K)
[500.783s][info][gc,metaspace   ] GC(1772) Metaspace: 18915K(19072K)->18915K(19072K) NonClass: 17085K(17216K)->17085K(17216K) Class: 1829K(1856K)->1829K(1856K)
[500.783s][info][gc             ] GC(1772) Pause Young (Allocation Failure) 670M->522M(881M) 41.184ms
[500.783s][info][gc,cpu         ] GC(1772) User=0.09s Sys=0.00s Real=0.04s
[501.027s][info][gc,start       ] GC(1773) Pause Young (Allocation Failure)
[501.069s][info][gc,heap        ] GC(1773) PSYoungGen: 195712K(235008K)->44160K(242688K) Eden: 151552K(151552K)->0K(160256K) From: 44160K(83456K)->44160K(82432K)
[501.069s][info][gc,heap        ] GC(1773) ParOldGen: 491011K(667648K)->491011K(667648K)
[501.069s][info][gc,metaspace   ] GC(1773) Metaspace: 18915K(19072K)->18915K(19072K) NonClass: 17085K(17216K)->17085K(17216K) Class: 1829K(1856K)->1829K(1856K)
[501.069s][info][gc             ] GC(1773) Pause Young (Allocation Failure) 670M->522M(889M) 42.671ms
[501.069s][info][gc,cpu         ] GC(1773) User=0.08s Sys=0.00s Real=0.04s
[501.286s][info][gc,start       ] GC(1774) Pause Young (Allocation Failure)
[501.339s][info][gc,heap        ] GC(1774) PSYoungGen: 204416K(242688K)->58176K(243200K) Eden: 160256K(160256K)->0K(160256K) From: 44160K(82432K)->58176K(82944K)
[501.339s][info][gc,heap        ] GC(1774) ParOldGen: 491011K(667648K)->491019K(667648K)
[501.339s][info][gc,metaspace   ] GC(1774) Metaspace: 18915K(19072K)->18915K(19072K) NonClass: 17085K(17216K)->17085K(17216K) Class: 1829K(1856K)->1829K(1856K)
[501.339s][info][gc             ] GC(1774) Pause Young (Allocation Failure) 679M->536M(889M) 53.016ms
[501.339s][info][gc,cpu         ] GC(1774) User=0.11s Sys=0.00s Real=0.05s
[501.513s][info][gc,start       ] GC(1775) Pause Young (Allocation Failure)
[501.567s][info][gc,heap        ] GC(1775) PSYoungGen: 218432K(243200K)->58272K(240128K) Eden: 160256K(160256K)->0K(152576K) From: 58176K(82944K)->58272K(87552K)
[501.567s][info][gc,heap        ] GC(1775) ParOldGen: 491019K(667648K)->491019K(667648K)
[501.567s][info][gc,metaspace   ] GC(1775) Metaspace: 18915K(19072K)->18915K(19072K) NonClass: 17085K(17216K)->17085K(17216K) Class: 1829K(1856K)->1829K(1856K)
[501.567s][info][gc             ] GC(1775) Pause Young (Allocation Failure) 692M->536M(886M) 54.099ms
[501.567s][info][gc,cpu         ] GC(1775) User=0.11s Sys=0.00s Real=0.05s
[501.660s][info][gc,start       ] GC(1776) Pause Young (Allocation Failure)
[501.749s][info][gc,heap        ] GC(1776) PSYoungGen: 210848K(240128K)->90592K(243200K) Eden: 152576K(152576K)->0K(152576K) From: 58272K(87552K)->90592K(90624K)
[501.749s][info][gc,heap        ] GC(1776) ParOldGen: 491019K(667648K)->507067K(667648K)
[501.749s][info][gc,metaspace   ] GC(1776) Metaspace: 18915K(19072K)->18915K(19072K) NonClass: 17086K(17216K)->17086K(17216K) Class: 1829K(1856K)->1829K(1856K)
[501.749s][info][gc             ] GC(1776) Pause Young (Allocation Failure) 685M->583M(889M) 88.730ms
[501.749s][info][gc,cpu         ] GC(1776) User=0.17s Sys=0.00s Real=0.09s
[501.989s][info][gc,start       ] GC(1777) Pause Young (Allocation Failure)
[502.092s][info][gc,heap        ] GC(1777) PSYoungGen: 243168K(243200K)->90608K(202240K) Eden: 152576K(152576K)->0K(111616K) From: 90592K(90624K)->90608K(90624K)
[502.092s][info][gc,heap        ] GC(1777) ParOldGen: 507067K(667648K)->518156K(667648K)
[502.092s][info][gc,metaspace   ] GC(1777) Metaspace: 18917K(19072K)->18917K(19072K) NonClass: 17087K(17216K)->17087K(17216K) Class: 1829K(1856K)->1829K(1856K)
[502.092s][info][gc             ] GC(1777) Pause Young (Allocation Failure) 732M->594M(849M) 103.250ms
[502.092s][info][gc,cpu         ] GC(1777) User=0.18s Sys=0.03s Real=0.11s
[502.229s][info][gc,start       ] GC(1778) Pause Young (Allocation Failure)
[502.331s][info][gc,heap        ] GC(1778) PSYoungGen: 202224K(202240K)->83952K(222720K) Eden: 111616K(111616K)->0K(111616K) From: 90608K(90624K)->83952K(111104K)
[502.331s][info][gc,heap        ] GC(1778) ParOldGen: 518156K(667648K)->537308K(667648K)
[502.331s][info][gc,metaspace   ] GC(1778) Metaspace: 18917K(19072K)->18917K(19072K) NonClass: 17087K(17216K)->17087K(17216K) Class: 1829K(1856K)->1829K(1856K)
[502.331s][info][gc             ] GC(1778) Pause Young (Allocation Failure) 703M->606M(869M) 102.481ms
[502.331s][info][gc,cpu         ] GC(1778) User=0.21s Sys=0.00s Real=0.10s
[502.472s][info][gc,start       ] GC(1779) Pause Young (Allocation Failure)
[502.563s][info][gc,heap        ] GC(1779) PSYoungGen: 195568K(222720K)->69696K(222720K) Eden: 111616K(111616K)->0K(111616K) From: 83952K(111104K)->69696K(111104K)
[502.563s][info][gc,heap        ] GC(1779) ParOldGen: 537308K(667648K)->551596K(667648K)
[502.563s][info][gc,metaspace   ] GC(1779) Metaspace: 18917K(19072K)->18917K(19072K) NonClass: 17087K(17216K)->17087K(17216K) Class: 1829K(1856K)->1829K(1856K)
[502.563s][info][gc             ] GC(1779) Pause Young (Allocation Failure) 715M->606M(869M) 91.376ms
[502.563s][info][gc,cpu         ] GC(1779) User=0.19s Sys=0.00s Real=0.09s
[502.705s][info][gc,start       ] GC(1780) Pause Young (Allocation Failure)
[502.784s][info][gc,heap        ] GC(1780) PSYoungGen: 181312K(222720K)->62784K(222720K) Eden: 111616K(111616K)->0K(111616K) From: 69696K(111104K)->62784K(111104K)
[502.784s][info][gc,heap        ] GC(1780) ParOldGen: 551596K(667648K)->558540K(667648K)
[502.784s][info][gc,metaspace   ] GC(1780) Metaspace: 18917K(19072K)->18917K(19072K) NonClass: 17087K(17216K)->17087K(17216K) Class: 1829K(1856K)->1829K(1856K)
[502.784s][info][gc             ] GC(1780) Pause Young (Allocation Failure) 715M->606M(869M) 78.697ms
[502.784s][info][gc,cpu         ] GC(1780) User=0.15s Sys=0.00s Real=0.08s
[502.926s][info][gc,start       ] GC(1781) Pause Young (Allocation Failure)
[502.996s][info][gc,heap        ] GC(1781) PSYoungGen: 174400K(222720K)->59136K(222720K) Eden: 111616K(111616K)->0K(111616K) From: 62784K(111104K)->59136K(111104K)
[502.996s][info][gc,heap        ] GC(1781) ParOldGen: 558540K(667648K)->562188K(667648K)
[502.996s][info][gc,metaspace   ] GC(1781) Metaspace: 18917K(19072K)->18917K(19072K) NonClass: 17087K(17216K)->17087K(17216K) Class: 1829K(1856K)->1829K(1856K)
[502.996s][info][gc             ] GC(1781) Pause Young (Allocation Failure) 715M->606M(869M) 70.033ms
[502.996s][info][gc,cpu         ] GC(1781) User=0.13s Sys=0.00s Real=0.07s
[503.138s][info][gc,start       ] GC(1782) Pause Young (Allocation Failure)
[503.204s][info][gc,heap        ] GC(1782) PSYoungGen: 170752K(222720K)->59040K(222720K) Eden: 111616K(111616K)->0K(111616K) From: 59136K(111104K)->59040K(111104K)
[503.204s][info][gc,heap        ] GC(1782) ParOldGen: 562188K(667648K)->562300K(667648K)
[503.204s][info][gc,metaspace   ] GC(1782) Metaspace: 18917K(19072K)->18917K(19072K) NonClass: 17087K(17216K)->17087K(17216K) Class: 1829K(1856K)->1829K(1856K)
[503.204s][info][gc             ] GC(1782) Pause Young (Allocation Failure) 715M->606M(869M) 66.369ms
[503.204s][info][gc,cpu         ] GC(1782) User=0.13s Sys=0.00s Real=0.07s
[503.345s][info][gc,start       ] GC(1783) Pause Young (Allocation Failure)
[503.412s][info][gc,heap        ] GC(1783) PSYoungGen: 170656K(222720K)->45056K(219648K) Eden: 111616K(111616K)->0K(111616K) From: 59040K(111104K)->45056K(108032K)
[503.412s][info][gc,heap        ] GC(1783) ParOldGen: 562300K(667648K)->576364K(667648K)
[503.412s][info][gc,metaspace   ] GC(1783) Metaspace: 18917K(19072K)->18917K(19072K) NonClass: 17087K(17216K)->17087K(17216K) Class: 1829K(1856K)->1829K(1856K)
[503.412s][info][gc             ] GC(1783) Pause Young (Allocation Failure) 715M->606M(866M) 66.276ms
[503.412s][info][gc,cpu         ] GC(1783) User=0.13s Sys=0.00s Real=0.07s
[503.555s][info][gc,start       ] GC(1784) Pause Young (Allocation Failure)
[503.602s][info][gc,heap        ] GC(1784) PSYoungGen: 156672K(219648K)->45024K(221184K) Eden: 111616K(111616K)->0K(111616K) From: 45056K(108032K)->45024K(109568K)
[503.602s][info][gc,heap        ] GC(1784) ParOldGen: 576364K(667648K)->576364K(667648K)
[503.602s][info][gc,metaspace   ] GC(1784) Metaspace: 18917K(19072K)->18917K(19072K) NonClass: 17087K(17216K)->17087K(17216K) Class: 1829K(1856K)->1829K(1856K)
[503.602s][info][gc             ] GC(1784) Pause Young (Allocation Failure) 715M->606M(868M) 46.618ms
[503.602s][info][gc,cpu         ] GC(1784) User=0.10s Sys=0.00s Real=0.05s
[503.742s][info][gc,start       ] GC(1785) Pause Young (Allocation Failure)
[503.789s][info][gc,heap        ] GC(1785) PSYoungGen: 156640K(221184K)->45056K(219136K) Eden: 111616K(111616K)->0K(118272K) From: 45024K(109568K)->45056K(100864K)
[503.789s][info][gc,heap        ] GC(1785) ParOldGen: 576364K(667648K)->576364K(667648K)
[503.789s][info][gc,metaspace   ] GC(1785) Metaspace: 18917K(19072K)->18917K(19072K) NonClass: 17087K(17216K)->17087K(17216K) Class: 1829K(1856K)->1829K(1856K)
[503.789s][info][gc             ] GC(1785) Pause Young (Allocation Failure) 715M->606M(866M) 47.130ms
[503.789s][info][gc,cpu         ] GC(1785) User=0.10s Sys=0.00s Real=0.04s
[503.937s][info][gc,start       ] GC(1786) Pause Young (Allocation Failure)
[503.983s][info][gc,heap        ] GC(1786) PSYoungGen: 163328K(219136K)->45056K(220672K) Eden: 118272K(118272K)->0K(118272K) From: 45056K(100864K)->45056K(102400K)
[503.983s][info][gc,heap        ] GC(1786) ParOldGen: 576364K(667648K)->576364K(667648K)
[503.983s][info][gc,metaspace   ] GC(1786) Metaspace: 18917K(19072K)->18917K(19072K) NonClass: 17087K(17216K)->17087K(17216K) Class: 1829K(1856K)->1829K(1856K)
[503.983s][info][gc             ] GC(1786) Pause Young (Allocation Failure) 722M->606M(867M) 46.467ms
[503.983s][info][gc,cpu         ] GC(1786) User=0.09s Sys=0.00s Real=0.05s
[504.121s][info][gc,start       ] GC(1787) Pause Young (Allocation Failure)
[504.179s][info][gc,heap        ] GC(1787) PSYoungGen: 163328K(220672K)->54400K(219136K) Eden: 118272K(118272K)->0K(128000K) From: 45056K(102400K)->54400K(91136K)
[504.179s][info][gc,heap        ] GC(1787) ParOldGen: 576364K(667648K)->576364K(667648K)
[504.179s][info][gc,metaspace   ] GC(1787) Metaspace: 18917K(19072K)->18917K(19072K) NonClass: 17087K(17216K)->17087K(17216K) Class: 1829K(1856K)->1829K(1856K)
[504.179s][info][gc             ] GC(1787) Pause Young (Allocation Failure) 722M->615M(866M) 58.033ms
[504.179s][info][gc,cpu         ] GC(1787) User=0.12s Sys=0.00s Real=0.06s
[504.297s][info][gc,start       ] GC(1788) Pause Young (Allocation Failure)
[504.366s][info][gc,heap        ] GC(1788) PSYoungGen: 182400K(219136K)->68224K(223232K) Eden: 128000K(128000K)->0K(128000K) From: 54400K(91136K)->68224K(95232K)
[504.366s][info][gc,heap        ] GC(1788) ParOldGen: 576364K(667648K)->576364K(667648K)
[504.366s][info][gc,metaspace   ] GC(1788) Metaspace: 18917K(19072K)->18917K(19072K) NonClass: 17087K(17216K)->17087K(17216K) Class: 1829K(1856K)->1829K(1856K)
[504.366s][info][gc             ] GC(1788) Pause Young (Allocation Failure) 740M->629M(870M) 69.436ms
[504.366s][info][gc,cpu         ] GC(1788) User=0.14s Sys=0.00s Real=0.07s
[504.459s][info][gc,start       ] GC(1789) Pause Young (Allocation Failure)
[504.536s][info][gc,heap        ] GC(1789) PSYoungGen: 196224K(223232K)->73280K(231936K) Eden: 128000K(128000K)->0K(135168K) From: 68224K(95232K)->73280K(96768K)
[504.536s][info][gc,heap        ] GC(1789) ParOldGen: 576364K(667648K)->576364K(667648K)
[504.536s][info][gc,metaspace   ] GC(1789) Metaspace: 18917K(19072K)->18917K(19072K) NonClass: 17087K(17216K)->17087K(17216K) Class: 1829K(1856K)->1829K(1856K)
[504.536s][info][gc             ] GC(1789) Pause Young (Allocation Failure) 754M->634M(878M) 76.431ms
[504.536s][info][gc,cpu         ] GC(1789) User=0.15s Sys=0.00s Real=0.08s
[504.627s][info][gc,start       ] GC(1790) Pause Young (Allocation Failure)
[504.729s][info][gc,heap        ] GC(1790) PSYoungGen: 208448K(231936K)->93600K(228864K) Eden: 135168K(135168K)->0K(135168K) From: 73280K(96768K)->93600K(93696K)
[504.729s][info][gc,heap        ] GC(1790) ParOldGen: 576364K(667648K)->576364K(667648K)
[504.729s][info][gc,metaspace   ] GC(1790) Metaspace: 18917K(19072K)->18917K(19072K) NonClass: 17087K(17216K)->17087K(17216K) Class: 1829K(1856K)->1829K(1856K)
[504.729s][info][gc             ] GC(1790) Pause Young (Allocation Failure) 766M->654M(875M) 101.870ms
[504.729s][info][gc,cpu         ] GC(1790) User=0.20s Sys=0.00s Real=0.10s
[504.818s][info][gc,start       ] GC(1791) Pause Young (Allocation Failure)
[504.934s][info][gc,heap        ] GC(1791) PSYoungGen: 228768K(228864K)->86112K(216576K) Eden: 135168K(135168K)->0K(111616K) From: 93600K(93696K)->86112K(104960K)
[504.934s][info][gc,heap        ] GC(1791) ParOldGen: 576364K(667648K)->599900K(667648K)
[504.934s][info][gc,metaspace   ] GC(1791) Metaspace: 18917K(19072K)->18917K(19072K) NonClass: 17087K(17216K)->17087K(17216K) Class: 1829K(1856K)->1829K(1856K)
[504.934s][info][gc             ] GC(1791) Pause Young (Allocation Failure) 786M->669M(863M) 115.260ms
[504.934s][info][gc,cpu         ] GC(1791) User=0.23s Sys=0.00s Real=0.12s
[504.997s][info][gc,start       ] GC(1792) Pause Young (Allocation Failure)
[505.098s][info][gc,heap        ] GC(1792) PSYoungGen: 197728K(216576K)->76800K(222720K) Eden: 111616K(111616K)->0K(111616K) From: 86112K(104960K)->76800K(111104K)
[505.098s][info][gc,heap        ] GC(1792) ParOldGen: 599900K(667648K)->621721K(667648K)
[505.098s][info][gc,metaspace   ] GC(1792) Metaspace: 18917K(19072K)->18917K(19072K) NonClass: 17087K(17216K)->17087K(17216K) Class: 1829K(1856K)->1829K(1856K)
[505.098s][info][gc             ] GC(1792) Pause Young (Allocation Failure) 778M->682M(869M) 101.277ms
[505.098s][info][gc,cpu         ] GC(1792) User=0.20s Sys=0.00s Real=0.10s
[505.181s][info][gc,start       ] GC(1793) Pause Young (Allocation Failure)
[505.268s][info][gc,heap        ] GC(1793) PSYoungGen: 188416K(222720K)->91936K(222720K) Eden: 111616K(111616K)->0K(111616K) From: 76800K(111104K)->91936K(111104K)
[505.268s][info][gc,heap        ] GC(1793) ParOldGen: 621721K(667648K)->621721K(667648K)
[505.268s][info][gc,metaspace   ] GC(1793) Metaspace: 18917K(19072K)->18917K(19072K) NonClass: 17087K(17216K)->17087K(17216K) Class: 1829K(1856K)->1829K(1856K)
[505.268s][info][gc             ] GC(1793) Pause Young (Allocation Failure) 791M->696M(869M) 86.922ms
[505.268s][info][gc,cpu         ] GC(1793) User=0.18s Sys=0.00s Real=0.09s
[505.352s][info][gc,start       ] GC(1794) Pause Young (Allocation Failure)
[505.453s][info][gc,heap        ] GC(1794) PSYoungGen: 203552K(222720K)->107488K(222720K) Eden: 111616K(111616K)->0K(111616K) From: 91936K(111104K)->107488K(111104K)
[505.453s][info][gc,heap        ] GC(1794) ParOldGen: 621721K(667648K)->621721K(667648K)
[505.453s][info][gc,metaspace   ] GC(1794) Metaspace: 18917K(19072K)->18917K(19072K) NonClass: 17087K(17216K)->17087K(17216K) Class: 1829K(1856K)->1829K(1856K)
[505.453s][info][gc             ] GC(1794) Pause Young (Allocation Failure) 805M->712M(869M) 101.302ms
[505.453s][info][gc,cpu         ] GC(1794) User=0.20s Sys=0.00s Real=0.10s
[505.555s][info][gc,start       ] GC(1795) Pause Young (Allocation Failure)
[505.675s][info][gc,heap        ] GC(1795) PSYoungGen: 219104K(222720K)->111104K(222720K) Eden: 111616K(111616K)->0K(111616K) From: 107488K(111104K)->111104K(111104K)
[505.675s][info][gc,heap        ] GC(1795) ParOldGen: 621721K(667648K)->631697K(667648K)
[505.675s][info][gc,metaspace   ] GC(1795) Metaspace: 18917K(19072K)->18917K(19072K) NonClass: 17087K(17216K)->17087K(17216K) Class: 1829K(1856K)->1829K(1856K)
[505.675s][info][gc             ] GC(1795) Pause Young (Allocation Failure) 821M->725M(869M) 119.652ms
[505.675s][info][gc,cpu         ] GC(1795) User=0.22s Sys=0.02s Real=0.12s
[505.758s][info][gc,start       ] GC(1796) Pause Full (Allocation Failure)
[505.758s][info][gc,phases,start] GC(1796) Marking Phase
[506.162s][info][gc,phases      ] GC(1796) Marking Phase 404.221ms
[506.162s][info][gc,phases,start] GC(1796) Summary Phase
[506.162s][info][gc,phases      ] GC(1796) Summary Phase 0.028ms
[506.162s][info][gc,phases,start] GC(1796) Forward
[506.210s][info][gc,phases      ] GC(1796) Forward 47.319ms
[506.210s][info][gc,phases,start] GC(1796) Adjust Pointers
[506.507s][info][gc,phases      ] GC(1796) Adjust Pointers 297.430ms
[506.507s][info][gc,phases,start] GC(1796) Compaction Phase
[506.652s][info][gc,phases      ] GC(1796) Compaction Phase 145.089ms
[506.656s][info][gc,phases,start] GC(1796) Post Compact
[506.658s][info][gc,phases      ] GC(1796) Post Compact 2.460ms
[506.658s][info][gc,heap        ] GC(1796) PSYoungGen: 222720K(222720K)->0K(222720K) Eden: 111616K(111616K)->0K(111616K) From: 111104K(111104K)->0K(111104K)
[506.658s][info][gc,heap        ] GC(1796) ParOldGen: 631697K(667648K)->609574K(667648K)
[506.658s][info][gc,metaspace   ] GC(1796) Metaspace: 18917K(19072K)->18917K(19072K) NonClass: 17087K(17216K)->17087K(17216K) Class: 1829K(1856K)->1829K(1856K)
[506.658s][info][gc             ] GC(1796) Pause Full (Allocation Failure) 834M->595M(869M) 900.290ms
[506.658s][info][gc,cpu         ] GC(1796) User=1.76s Sys=0.00s Real=0.90s
[506.778s][info][gc,start       ] GC(1797) Pause Young (Allocation Failure)
[506.786s][info][gc,heap        ] GC(1797) PSYoungGen: 111616K(222720K)->256K(222720K) Eden: 111616K(111616K)->0K(111616K) From: 0K(111104K)->256K(111104K)
[506.786s][info][gc,heap        ] GC(1797) ParOldGen: 609574K(667648K)->609574K(667648K)
[506.786s][info][gc,metaspace   ] GC(1797) Metaspace: 18917K(19072K)->18917K(19072K) NonClass: 17087K(17216K)->17087K(17216K) Class: 1829K(1856K)->1829K(1856K)
[506.786s][info][gc             ] GC(1797) Pause Young (Allocation Failure) 704M->595M(869M) 8.210ms
[506.786s][info][gc,cpu         ] GC(1797) User=0.01s Sys=0.00s Real=0.01s
[506.896s][info][gc,start       ] GC(1798) Pause Young (Allocation Failure)
[506.904s][info][gc,heap        ] GC(1798) PSYoungGen: 111872K(222720K)->1664K(222720K) Eden: 111616K(111616K)->0K(111616K) From: 256K(111104K)->1664K(111104K)
[506.904s][info][gc,heap        ] GC(1798) ParOldGen: 609574K(667648K)->609574K(667648K)
[506.904s][info][gc,metaspace   ] GC(1798) Metaspace: 18917K(19072K)->18917K(19072K) NonClass: 17087K(17216K)->17087K(17216K) Class: 1829K(1856K)->1829K(1856K)
[506.904s][info][gc             ] GC(1798) Pause Young (Allocation Failure) 704M->596M(869M) 8.551ms
[506.904s][info][gc,cpu         ] GC(1798) User=0.02s Sys=0.00s Real=0.01s
[507.003s][info][gc,start       ] GC(1799) Pause Young (Allocation Failure)
[507.013s][info][gc,heap        ] GC(1799) PSYoungGen: 113280K(222720K)->1664K(222720K) Eden: 111616K(111616K)->0K(111616K) From: 1664K(111104K)->1664K(111104K)
[507.013s][info][gc,heap        ] GC(1799) ParOldGen: 609574K(667648K)->609574K(667648K)
[507.013s][info][gc,metaspace   ] GC(1799) Metaspace: 18918K(19072K)->18918K(19072K) NonClass: 17088K(17216K)->17088K(17216K) Class: 1829K(1856K)->1829K(1856K)
[507.013s][info][gc             ] GC(1799) Pause Young (Allocation Failure) 705M->596M(869M) 9.529ms
[507.013s][info][gc,cpu         ] GC(1799) User=0.01s Sys=0.00s Real=0.01s
[507.125s][info][gc,start       ] GC(1800) Pause Young (Allocation Failure)
[507.135s][info][gc,heap        ] GC(1800) PSYoungGen: 113280K(222720K)->5472K(222720K) Eden: 111616K(111616K)->0K(111616K) From: 1664K(111104K)->5472K(111104K)
[507.135s][info][gc,heap        ] GC(1800) ParOldGen: 609574K(667648K)->609574K(667648K)
[507.135s][info][gc,metaspace   ] GC(1800) Metaspace: 18918K(19072K)->18918K(19072K) NonClass: 17088K(17216K)->17088K(17216K) Class: 1829K(1856K)->1829K(1856K)
[507.135s][info][gc             ] GC(1800) Pause Young (Allocation Failure) 705M->600M(869M) 9.201ms
[507.135s][info][gc,cpu         ] GC(1800) User=0.02s Sys=0.00s Real=0.01s
[507.243s][info][gc,start       ] GC(1801) Pause Young (Allocation Failure)
[507.251s][info][gc,heap        ] GC(1801) PSYoungGen: 117088K(222720K)->5216K(222720K) Eden: 111616K(111616K)->0K(111616K) From: 5472K(111104K)->5216K(111104K)
[507.251s][info][gc,heap        ] GC(1801) ParOldGen: 609574K(667648K)->609574K(667648K)
[507.251s][info][gc,metaspace   ] GC(1801) Metaspace: 18918K(19072K)->18918K(19072K) NonClass: 17088K(17216K)->17088K(17216K) Class: 1829K(1856K)->1829K(1856K)
[507.251s][info][gc             ] GC(1801) Pause Young (Allocation Failure) 709M->600M(869M) 8.376ms
[507.251s][info][gc,cpu         ] GC(1801) User=0.02s Sys=0.00s Real=0.00s
[507.414s][info][gc,start       ] GC(1802) Pause Young (Allocation Failure)
[507.437s][info][gc,heap        ] GC(1802) PSYoungGen: 116832K(222720K)->20896K(222720K) Eden: 111616K(111616K)->0K(111616K) From: 5216K(111104K)->20896K(111104K)
[507.437s][info][gc,heap        ] GC(1802) ParOldGen: 609574K(667648K)->609710K(667648K)
[507.437s][info][gc,metaspace   ] GC(1802) Metaspace: 18918K(19072K)->18918K(19072K) NonClass: 17088K(17216K)->17088K(17216K) Class: 1829K(1856K)->1829K(1856K)
[507.437s][info][gc             ] GC(1802) Pause Young (Allocation Failure) 709M->615M(869M) 23.466ms
[507.437s][info][gc,cpu         ] GC(1802) User=0.04s Sys=0.00s Real=0.02s
[507.577s][info][gc,start       ] GC(1803) Pause Young (Allocation Failure)
[507.612s][info][gc,heap        ] GC(1803) PSYoungGen: 132512K(222720K)->32272K(222720K) Eden: 111616K(111616K)->0K(111616K) From: 20896K(111104K)->32272K(111104K)
[507.612s][info][gc,heap        ] GC(1803) ParOldGen: 609710K(667648K)->611236K(667648K)
[507.612s][info][gc,metaspace   ] GC(1803) Metaspace: 18918K(19072K)->18918K(19072K) NonClass: 17088K(17216K)->17088K(17216K) Class: 1829K(1856K)->1829K(1856K)
[507.612s][info][gc             ] GC(1803) Pause Young (Allocation Failure) 724M->628M(869M) 35.624ms
[507.612s][info][gc,cpu         ] GC(1803) User=0.07s Sys=0.00s Real=0.04s
[507.756s][info][gc,start       ] GC(1804) Pause Young (Allocation Failure)
[507.824s][info][gc,heap        ] GC(1804) PSYoungGen: 143888K(222720K)->74680K(222720K) Eden: 111616K(111616K)->0K(111616K) From: 32272K(111104K)->74680K(111104K)
[507.824s][info][gc,heap        ] GC(1804) ParOldGen: 611236K(667648K)->614780K(667648K)
[507.824s][info][gc,metaspace   ] GC(1804) Metaspace: 18919K(19072K)->18919K(19072K) NonClass: 17090K(17216K)->17090K(17216K) Class: 1829K(1856K)->1829K(1856K)
[507.824s][info][gc             ] GC(1804) Pause Young (Allocation Failure) 737M->673M(869M) 67.985ms
[507.824s][info][gc,cpu         ] GC(1804) User=0.14s Sys=0.00s Real=0.07s
[507.915s][info][gc,start       ] GC(1805) Pause Young (Allocation Failure)
[507.994s][info][gc,heap        ] GC(1805) PSYoungGen: 186296K(222720K)->76640K(222720K) Eden: 111616K(111616K)->0K(111616K) From: 74680K(111104K)->76640K(111104K)
[507.994s][info][gc,heap        ] GC(1805) ParOldGen: 614780K(667648K)->643612K(667648K)
[507.994s][info][gc,metaspace   ] GC(1805) Metaspace: 18920K(19072K)->18920K(19072K) NonClass: 17090K(17216K)->17090K(17216K) Class: 1829K(1856K)->1829K(1856K)
[507.994s][info][gc             ] GC(1805) Pause Young (Allocation Failure) 782M->703M(869M) 78.912ms
[507.994s][info][gc,cpu         ] GC(1805) User=0.15s Sys=0.00s Real=0.08s
[508.064s][info][gc,start       ] GC(1806) Pause Full (Allocation Failure)
[508.064s][info][gc,phases,start] GC(1806) Marking Phase
[508.546s][info][gc,phases      ] GC(1806) Marking Phase 481.347ms
[508.546s][info][gc,phases,start] GC(1806) Summary Phase
[508.546s][info][gc,phases      ] GC(1806) Summary Phase 0.028ms
[508.546s][info][gc,phases,start] GC(1806) Forward
[508.670s][info][gc,phases      ] GC(1806) Forward 124.350ms
[508.670s][info][gc,phases,start] GC(1806) Adjust Pointers
[509.044s][info][gc,phases      ] GC(1806) Adjust Pointers 374.242ms
[509.044s][info][gc,phases,start] GC(1806) Compaction Phase
[509.238s][info][gc,phases      ] GC(1806) Compaction Phase 193.885ms
[509.251s][info][gc,phases,start] GC(1806) Post Compact
[509.253s][info][gc,phases      ] GC(1806) Post Compact 2.498ms
[509.253s][info][gc,heap        ] GC(1806) PSYoungGen: 188256K(222720K)->23269K(222720K) Eden: 111616K(111616K)->0K(111616K) From: 76640K(111104K)->23269K(111104K)
[509.253s][info][gc,heap        ] GC(1806) ParOldGen: 643612K(667648K)->667198K(667648K)
[509.253s][info][gc,metaspace   ] GC(1806) Metaspace: 18920K(19072K)->18920K(19072K) NonClass: 17090K(17216K)->17090K(17216K) Class: 1829K(1856K)->1829K(1856K)
[509.253s][info][gc             ] GC(1806) Pause Full (Allocation Failure) 812M->674M(869M) 1189.092ms
[509.253s][info][gc,cpu         ] GC(1806) User=2.32s Sys=0.01s Real=1.19s
[509.397s][info][gc,start       ] GC(1807) Pause Full (Allocation Failure)
[509.397s][info][gc,phases,start] GC(1807) Marking Phase
[509.877s][info][gc,phases      ] GC(1807) Marking Phase 479.575ms
[509.877s][info][gc,phases,start] GC(1807) Summary Phase
[509.877s][info][gc,phases      ] GC(1807) Summary Phase 0.028ms
[509.877s][info][gc,phases,start] GC(1807) Forward
[509.892s][info][gc,phases      ] GC(1807) Forward 14.883ms
[509.892s][info][gc,phases,start] GC(1807) Adjust Pointers
[510.222s][info][gc,phases      ] GC(1807) Adjust Pointers 329.627ms
[510.222s][info][gc,phases,start] GC(1807) Compaction Phase
[510.355s][info][gc,phases      ] GC(1807) Compaction Phase 132.877ms
[510.355s][info][gc,phases,start] GC(1807) Post Compact
[510.357s][info][gc,phases      ] GC(1807) Post Compact 2.263ms
[510.357s][info][gc,heap        ] GC(1807) PSYoungGen: 134885K(222720K)->23269K(222720K) Eden: 111616K(111616K)->0K(111616K) From: 23269K(111104K)->23269K(111104K)
[510.357s][info][gc,heap        ] GC(1807) ParOldGen: 667198K(667648K)->667351K(667648K)
[510.357s][info][gc,metaspace   ] GC(1807) Metaspace: 18920K(19072K)->18920K(19072K) NonClass: 17090K(17216K)->17090K(17216K) Class: 1829K(1856K)->1829K(1856K)
[510.357s][info][gc             ] GC(1807) Pause Full (Allocation Failure) 783M->674M(869M) 959.707ms
[510.357s][info][gc,cpu         ] GC(1807) User=1.88s Sys=0.00s Real=0.96s
[510.486s][info][gc,start       ] GC(1808) Pause Full (Allocation Failure)
[510.486s][info][gc,phases,start] GC(1808) Marking Phase
[510.963s][info][gc,phases      ] GC(1808) Marking Phase 476.596ms
[510.963s][info][gc,phases,start] GC(1808) Summary Phase
[510.963s][info][gc,phases      ] GC(1808) Summary Phase 0.024ms
[510.963s][info][gc,phases,start] GC(1808) Forward
[510.978s][info][gc,phases      ] GC(1808) Forward 14.918ms
[510.978s][info][gc,phases,start] GC(1808) Adjust Pointers
[511.309s][info][gc,phases      ] GC(1808) Adjust Pointers 331.455ms
[511.309s][info][gc,phases,start] GC(1808) Compaction Phase
[511.443s][info][gc,phases      ] GC(1808) Compaction Phase 133.537ms
[511.443s][info][gc,phases,start] GC(1808) Post Compact
[511.445s][info][gc,phases      ] GC(1808) Post Compact 2.245ms
[511.445s][info][gc,heap        ] GC(1808) PSYoungGen: 134885K(222720K)->23269K(222720K) Eden: 111616K(111616K)->0K(111616K) From: 23269K(111104K)->23269K(111104K)
[511.445s][info][gc,heap        ] GC(1808) ParOldGen: 667351K(667648K)->667552K(667648K)
[511.445s][info][gc,metaspace   ] GC(1808) Metaspace: 18920K(19072K)->18920K(19072K) NonClass: 17090K(17216K)->17090K(17216K) Class: 1829K(1856K)->1829K(1856K)
[511.445s][info][gc             ] GC(1808) Pause Full (Allocation Failure) 783M->674M(869M) 959.195ms
[511.445s][info][gc,cpu         ] GC(1808) User=1.89s Sys=0.00s Real=0.96s
[511.629s][info][gc,start       ] GC(1809) Pause Full (Allocation Failure)
[511.629s][info][gc,phases,start] GC(1809) Marking Phase
[512.113s][info][gc,phases      ] GC(1809) Marking Phase 484.054ms
[512.113s][info][gc,phases,start] GC(1809) Summary Phase
[512.113s][info][gc,phases      ] GC(1809) Summary Phase 0.026ms
[512.113s][info][gc,phases,start] GC(1809) Forward
[512.127s][info][gc,phases      ] GC(1809) Forward 13.854ms
[512.127s][info][gc,phases,start] GC(1809) Adjust Pointers
[512.460s][info][gc,phases      ] GC(1809) Adjust Pointers 332.490ms
[512.460s][info][gc,phases,start] GC(1809) Compaction Phase
[512.595s][info][gc,phases      ] GC(1809) Compaction Phase 135.613ms
[512.596s][info][gc,phases,start] GC(1809) Post Compact
[512.598s][info][gc,phases      ] GC(1809) Post Compact 2.297ms
[512.598s][info][gc,heap        ] GC(1809) PSYoungGen: 134885K(222720K)->23566K(222720K) Eden: 111616K(111616K)->23566K(111616K) From: 23269K(111104K)->0K(111104K)
[512.598s][info][gc,heap        ] GC(1809) ParOldGen: 667552K(667648K)->667647K(667648K)
[512.598s][info][gc,metaspace   ] GC(1809) Metaspace: 18920K(19072K)->18920K(19072K) NonClass: 17090K(17216K)->17090K(17216K) Class: 1829K(1856K)->1829K(1856K)
[512.598s][info][gc             ] GC(1809) Pause Full (Allocation Failure) 783M->675M(869M) 968.747ms
[512.598s][info][gc,cpu         ] GC(1809) User=1.90s Sys=0.00s Real=0.97s
[512.748s][info][gc,start       ] GC(1810) Pause Full (Allocation Failure)
[512.748s][info][gc,phases,start] GC(1810) Marking Phase
[513.229s][info][gc,phases      ] GC(1810) Marking Phase 480.839ms
[513.229s][info][gc,phases,start] GC(1810) Summary Phase
[513.229s][info][gc,phases      ] GC(1810) Summary Phase 0.025ms
[513.229s][info][gc,phases,start] GC(1810) Forward
[513.246s][info][gc,phases      ] GC(1810) Forward 17.127ms
[513.246s][info][gc,phases,start] GC(1810) Adjust Pointers
[513.578s][info][gc,phases      ] GC(1810) Adjust Pointers 331.384ms
[513.578s][info][gc,phases,start] GC(1810) Compaction Phase
[513.711s][info][gc,phases      ] GC(1810) Compaction Phase 132.996ms
[513.711s][info][gc,phases,start] GC(1810) Post Compact
[513.713s][info][gc,phases      ] GC(1810) Post Compact 2.223ms
[513.713s][info][gc,heap        ] GC(1810) PSYoungGen: 111616K(222720K)->24038K(222720K) Eden: 111616K(111616K)->24038K(111616K) From: 0K(111104K)->0K(111104K)
[513.713s][info][gc,heap        ] GC(1810) ParOldGen: 667647K(667648K)->667645K(667648K)
[513.713s][info][gc,metaspace   ] GC(1810) Metaspace: 18921K(19072K)->18921K(19072K) NonClass: 17091K(17216K)->17091K(17216K) Class: 1829K(1856K)->1829K(1856K)
[513.713s][info][gc             ] GC(1810) Pause Full (Allocation Failure) 760M->675M(869M) 965.069ms
[513.713s][info][gc,cpu         ] GC(1810) User=1.88s Sys=0.00s Real=0.97s
[513.790s][info][gc,start       ] GC(1811) Pause Full (Allocation Failure)
[513.790s][info][gc,phases,start] GC(1811) Marking Phase
[514.268s][info][gc,phases      ] GC(1811) Marking Phase 477.607ms
[514.268s][info][gc,phases,start] GC(1811) Summary Phase
[514.268s][info][gc,phases      ] GC(1811) Summary Phase 0.023ms
[514.268s][info][gc,phases,start] GC(1811) Forward
[514.278s][info][gc,phases      ] GC(1811) Forward 10.597ms
[514.279s][info][gc,phases,start] GC(1811) Adjust Pointers
[514.608s][info][gc,phases      ] GC(1811) Adjust Pointers 329.899ms
[514.609s][info][gc,phases,start] GC(1811) Compaction Phase
[514.741s][info][gc,phases      ] GC(1811) Compaction Phase 132.855ms
[514.741s][info][gc,phases,start] GC(1811) Post Compact
[514.744s][info][gc,phases      ] GC(1811) Post Compact 2.208ms
[514.744s][info][gc,heap        ] GC(1811) PSYoungGen: 111616K(222720K)->25004K(222720K) Eden: 111616K(111616K)->25004K(111616K) From: 0K(111104K)->0K(111104K)
[514.744s][info][gc,heap        ] GC(1811) ParOldGen: 667645K(667648K)->667645K(667648K)
[514.744s][info][gc,metaspace   ] GC(1811) Metaspace: 18921K(19072K)->18921K(19072K) NonClass: 17091K(17216K)->17091K(17216K) Class: 1829K(1856K)->1829K(1856K)
[514.744s][info][gc             ] GC(1811) Pause Full (Allocation Failure) 760M->676M(869M) 953.632ms
[514.744s][info][gc,cpu         ] GC(1811) User=1.86s Sys=0.00s Real=0.96s
[514.811s][info][gc,start       ] GC(1812) Pause Full (Allocation Failure)
[514.812s][info][gc,phases,start] GC(1812) Marking Phase
[515.289s][info][gc,phases      ] GC(1812) Marking Phase 477.700ms
[515.289s][info][gc,phases,start] GC(1812) Summary Phase
[515.289s][info][gc,phases      ] GC(1812) Summary Phase 0.022ms
[515.289s][info][gc,phases,start] GC(1812) Forward
[515.300s][info][gc,phases      ] GC(1812) Forward 10.704ms
[515.300s][info][gc,phases,start] GC(1812) Adjust Pointers
[515.629s][info][gc,phases      ] GC(1812) Adjust Pointers 328.918ms
[515.629s][info][gc,phases,start] GC(1812) Compaction Phase
[515.762s][info][gc,phases      ] GC(1812) Compaction Phase 133.268ms
[515.762s][info][gc,phases,start] GC(1812) Post Compact
[515.765s][info][gc,phases      ] GC(1812) Post Compact 2.214ms
[515.765s][info][gc,heap        ] GC(1812) PSYoungGen: 111616K(222720K)->25647K(222720K) Eden: 111616K(111616K)->25647K(111616K) From: 0K(111104K)->0K(111104K)
[515.765s][info][gc,heap        ] GC(1812) ParOldGen: 667645K(667648K)->667645K(667648K)
[515.765s][info][gc,metaspace   ] GC(1812) Metaspace: 18922K(19072K)->18922K(19072K) NonClass: 17092K(17216K)->17092K(17216K) Class: 1829K(1856K)->1829K(1856K)
[515.765s][info][gc             ] GC(1812) Pause Full (Allocation Failure) 760M->677M(869M) 953.248ms
[515.765s][info][gc,cpu         ] GC(1812) User=1.86s Sys=0.00s Real=0.96s
[515.842s][info][gc,start       ] GC(1813) Pause Full (Allocation Failure)
[515.842s][info][gc,phases,start] GC(1813) Marking Phase
[516.326s][info][gc,phases      ] GC(1813) Marking Phase 484.157ms
[516.326s][info][gc,phases,start] GC(1813) Summary Phase
[516.326s][info][gc,phases      ] GC(1813) Summary Phase 0.026ms
[516.326s][info][gc,phases,start] GC(1813) Forward
[516.337s][info][gc,phases      ] GC(1813) Forward 11.021ms
[516.337s][info][gc,phases,start] GC(1813) Adjust Pointers
[516.672s][info][gc,phases      ] GC(1813) Adjust Pointers 335.151ms
[516.672s][info][gc,phases,start] GC(1813) Compaction Phase
[516.806s][info][gc,phases      ] GC(1813) Compaction Phase 134.221ms
[516.806s][info][gc,phases,start] GC(1813) Post Compact
[516.809s][info][gc,phases      ] GC(1813) Post Compact 2.207ms
[516.809s][info][gc,heap        ] GC(1813) PSYoungGen: 111616K(222720K)->26640K(222720K) Eden: 111616K(111616K)->26640K(111616K) From: 0K(111104K)->0K(111104K)
[516.809s][info][gc,heap        ] GC(1813) ParOldGen: 667645K(667648K)->667645K(667648K)
[516.809s][info][gc,metaspace   ] GC(1813) Metaspace: 18922K(19072K)->18922K(19072K) NonClass: 17092K(17216K)->17092K(17216K) Class: 1829K(1856K)->1829K(1856K)
[516.809s][info][gc             ] GC(1813) Pause Full (Allocation Failure) 760M->678M(869M) 967.237ms
[516.809s][info][gc,cpu         ] GC(1813) User=1.89s Sys=0.00s Real=0.97s
[516.989s][info][gc,start       ] GC(1814) Pause Full (Allocation Failure)
[516.989s][info][gc,phases,start] GC(1814) Marking Phase
[517.525s][info][gc,phases      ] GC(1814) Marking Phase 535.421ms
[517.525s][info][gc,phases,start] GC(1814) Summary Phase
[517.525s][info][gc,phases      ] GC(1814) Summary Phase 0.028ms
[517.525s][info][gc,phases,start] GC(1814) Forward
[517.652s][info][gc,phases      ] GC(1814) Forward 127.552ms
[517.652s][info][gc,phases,start] GC(1814) Adjust Pointers
[518.044s][info][gc,phases      ] GC(1814) Adjust Pointers 391.668ms
[518.044s][info][gc,phases,start] GC(1814) Compaction Phase
[518.234s][info][gc,phases      ] GC(1814) Compaction Phase 189.457ms
[518.250s][info][gc,phases,start] GC(1814) Post Compact
[518.252s][info][gc,phases      ] GC(1814) Post Compact 2.270ms
[518.252s][info][gc,heap        ] GC(1814) PSYoungGen: 111616K(222720K)->43130K(222720K) Eden: 111616K(111616K)->43130K(111616K) From: 0K(111104K)->0K(111104K)
[518.252s][info][gc,heap        ] GC(1814) ParOldGen: 667645K(667648K)->667515K(667648K)
[518.252s][info][gc,metaspace   ] GC(1814) Metaspace: 18922K(19072K)->18922K(19072K) NonClass: 17092K(17216K)->17092K(17216K) Class: 1829K(1856K)->1829K(1856K)
[518.252s][info][gc             ] GC(1814) Pause Full (Allocation Failure) 760M->693M(869M) 1263.264ms
[518.252s][info][gc,cpu         ] GC(1814) User=2.47s Sys=0.00s Real=1.27s
[518.395s][info][gc,start       ] GC(1815) Pause Full (Allocation Failure)
[518.395s][info][gc,phases,start] GC(1815) Marking Phase
[518.914s][info][gc,phases      ] GC(1815) Marking Phase 518.901ms
[518.914s][info][gc,phases,start] GC(1815) Summary Phase
[518.914s][info][gc,phases      ] GC(1815) Summary Phase 0.027ms
[518.914s][info][gc,phases,start] GC(1815) Forward
[518.975s][info][gc,phases      ] GC(1815) Forward 60.368ms
[518.975s][info][gc,phases,start] GC(1815) Adjust Pointers
[519.349s][info][gc,phases      ] GC(1815) Adjust Pointers 374.850ms
[519.349s][info][gc,phases,start] GC(1815) Compaction Phase
[519.503s][info][gc,phases      ] GC(1815) Compaction Phase 153.317ms
[519.506s][info][gc,phases,start] GC(1815) Post Compact
[519.508s][info][gc,phases      ] GC(1815) Post Compact 2.283ms
[519.508s][info][gc,heap        ] GC(1815) PSYoungGen: 111616K(222720K)->46753K(222720K) Eden: 111616K(111616K)->46753K(111616K) From: 0K(111104K)->0K(111104K)
[519.508s][info][gc,heap        ] GC(1815) ParOldGen: 667515K(667648K)->667515K(667648K)
[519.508s][info][gc,metaspace   ] GC(1815) Metaspace: 18922K(19072K)->18922K(19072K) NonClass: 17092K(17216K)->17092K(17216K) Class: 1829K(1856K)->1829K(1856K)
[519.508s][info][gc             ] GC(1815) Pause Full (Allocation Failure) 760M->697M(869M) 1112.989ms
[519.508s][info][gc,cpu         ] GC(1815) User=2.16s Sys=0.00s Real=1.11s
[519.590s][info][gc,start       ] GC(1816) Pause Full (Allocation Failure)
[519.591s][info][gc,phases,start] GC(1816) Marking Phase
[520.099s][info][gc,phases      ] GC(1816) Marking Phase 508.761ms
[520.099s][info][gc,phases,start] GC(1816) Summary Phase
[520.099s][info][gc,phases      ] GC(1816) Summary Phase 0.025ms
[520.099s][info][gc,phases,start] GC(1816) Forward
[520.194s][info][gc,phases      ] GC(1816) Forward 94.756ms
[520.194s][info][gc,phases,start] GC(1816) Adjust Pointers
[520.580s][info][gc,phases      ] GC(1816) Adjust Pointers 385.871ms
[520.580s][info][gc,phases,start] GC(1816) Compaction Phase
[520.755s][info][gc,phases      ] GC(1816) Compaction Phase 175.088ms
[520.770s][info][gc,phases,start] GC(1816) Post Compact
[520.773s][info][gc,phases      ] GC(1816) Post Compact 2.269ms
[520.773s][info][gc,heap        ] GC(1816) PSYoungGen: 111616K(222720K)->57959K(222720K) Eden: 111616K(111616K)->57959K(111616K) From: 0K(111104K)->0K(111104K)
[520.773s][info][gc,heap        ] GC(1816) ParOldGen: 667515K(667648K)->667515K(667648K)
[520.773s][info][gc,metaspace   ] GC(1816) Metaspace: 18922K(19072K)->18922K(19072K) NonClass: 17092K(17216K)->17092K(17216K) Class: 1829K(1856K)->1829K(1856K)
[520.773s][info][gc             ] GC(1816) Pause Full (Allocation Failure) 760M->708M(869M) 1182.089ms
[520.773s][info][gc,cpu         ] GC(1816) User=2.31s Sys=0.00s Real=1.19s
[520.823s][info][gc,start       ] GC(1817) Pause Full (Allocation Failure)
[520.823s][info][gc,phases,start] GC(1817) Marking Phase
[521.364s][info][gc,phases      ] GC(1817) Marking Phase 541.011ms
[521.364s][info][gc,phases,start] GC(1817) Summary Phase
[521.364s][info][gc,phases      ] GC(1817) Summary Phase 0.024ms
[521.364s][info][gc,phases,start] GC(1817) Forward
[521.387s][info][gc,phases      ] GC(1817) Forward 22.862ms
[521.387s][info][gc,phases,start] GC(1817) Adjust Pointers
[521.757s][info][gc,phases      ] GC(1817) Adjust Pointers 369.436ms
[521.757s][info][gc,phases,start] GC(1817) Compaction Phase
[521.903s][info][gc,phases      ] GC(1817) Compaction Phase 146.581ms
[521.903s][info][gc,phases,start] GC(1817) Post Compact
[521.906s][info][gc,phases      ] GC(1817) Post Compact 2.236ms
[521.906s][info][gc,heap        ] GC(1817) PSYoungGen: 111616K(222720K)->68838K(222720K) Eden: 111616K(111616K)->68838K(111616K) From: 0K(111104K)->0K(111104K)
[521.906s][info][gc,heap        ] GC(1817) ParOldGen: 667515K(667648K)->667515K(667648K)
[521.906s][info][gc,metaspace   ] GC(1817) Metaspace: 18922K(19072K)->18922K(19072K) NonClass: 17092K(17216K)->17092K(17216K) Class: 1829K(1856K)->1829K(1856K)
[521.906s][info][gc             ] GC(1817) Pause Full (Allocation Failure) 760M->719M(869M) 1082.588ms
[521.906s][info][gc,cpu         ] GC(1817) User=2.12s Sys=0.00s Real=1.08s
[521.955s][info][gc,start       ] GC(1818) Pause Full (Allocation Failure)
[521.955s][info][gc,phases,start] GC(1818) Marking Phase
[522.487s][info][gc,phases      ] GC(1818) Marking Phase 531.960ms
[522.487s][info][gc,phases,start] GC(1818) Summary Phase
[522.487s][info][gc,phases      ] GC(1818) Summary Phase 0.024ms
[522.487s][info][gc,phases,start] GC(1818) Forward
[522.510s][info][gc,phases      ] GC(1818) Forward 22.839ms
[522.510s][info][gc,phases,start] GC(1818) Adjust Pointers
[522.875s][info][gc,phases      ] GC(1818) Adjust Pointers 365.106ms
[522.875s][info][gc,phases,start] GC(1818) Compaction Phase
[523.022s][info][gc,phases      ] GC(1818) Compaction Phase 146.348ms
[523.022s][info][gc,phases,start] GC(1818) Post Compact
[523.024s][info][gc,phases      ] GC(1818) Post Compact 2.231ms
[523.024s][info][gc,heap        ] GC(1818) PSYoungGen: 111616K(222720K)->75281K(222720K) Eden: 111616K(111616K)->75281K(111616K) From: 0K(111104K)->0K(111104K)
[523.024s][info][gc,heap        ] GC(1818) ParOldGen: 667515K(667648K)->667515K(667648K)
[523.024s][info][gc,metaspace   ] GC(1818) Metaspace: 18922K(19072K)->18922K(19072K) NonClass: 17092K(17216K)->17092K(17216K) Class: 1829K(1856K)->1829K(1856K)
[523.024s][info][gc             ] GC(1818) Pause Full (Allocation Failure) 760M->725M(869M) 1068.951ms
[523.024s][info][gc,cpu         ] GC(1818) User=2.08s Sys=0.00s Real=1.07s
[523.082s][info][gc,start       ] GC(1819) Pause Full (Allocation Failure)
[523.083s][info][gc,phases,start] GC(1819) Marking Phase
[523.620s][info][gc,phases      ] GC(1819) Marking Phase 537.294ms
[523.620s][info][gc,phases,start] GC(1819) Summary Phase
[523.620s][info][gc,phases      ] GC(1819) Summary Phase 0.023ms
[523.620s][info][gc,phases,start] GC(1819) Forward
[523.642s][info][gc,phases      ] GC(1819) Forward 22.343ms
[523.642s][info][gc,phases,start] GC(1819) Adjust Pointers
[524.009s][info][gc,phases      ] GC(1819) Adjust Pointers 366.755ms
[524.009s][info][gc,phases,start] GC(1819) Compaction Phase
[524.162s][info][gc,phases      ] GC(1819) Compaction Phase 152.652ms
[524.162s][info][gc,phases,start] GC(1819) Post Compact
[524.164s][info][gc,phases      ] GC(1819) Post Compact 2.210ms
[524.164s][info][gc,heap        ] GC(1819) PSYoungGen: 111616K(222720K)->77643K(222720K) Eden: 111616K(111616K)->77643K(111616K) From: 0K(111104K)->0K(111104K)
[524.164s][info][gc,heap        ] GC(1819) ParOldGen: 667515K(667648K)->667515K(667648K)
[524.164s][info][gc,metaspace   ] GC(1819) Metaspace: 18922K(19072K)->18922K(19072K) NonClass: 17092K(17216K)->17092K(17216K) Class: 1829K(1856K)->1829K(1856K)
[524.164s][info][gc             ] GC(1819) Pause Full (Allocation Failure) 760M->727M(869M) 1081.696ms
[524.164s][info][gc,cpu         ] GC(1819) User=2.11s Sys=0.00s Real=1.08s
[524.194s][info][gc,start       ] GC(1820) Pause Full (Allocation Failure)
[524.194s][info][gc,phases,start] GC(1820) Marking Phase
[524.732s][info][gc,phases      ] GC(1820) Marking Phase 538.097ms
[524.732s][info][gc,phases,start] GC(1820) Summary Phase
[524.732s][info][gc,phases      ] GC(1820) Summary Phase 0.023ms
[524.732s][info][gc,phases,start] GC(1820) Forward
[524.755s][info][gc,phases      ] GC(1820) Forward 22.796ms
[524.755s][info][gc,phases,start] GC(1820) Adjust Pointers
[525.119s][info][gc,phases      ] GC(1820) Adjust Pointers 364.466ms
[525.119s][info][gc,phases,start] GC(1820) Compaction Phase
[525.264s][info][gc,phases      ] GC(1820) Compaction Phase 145.174ms
[525.265s][info][gc,phases,start] GC(1820) Post Compact
[525.267s][info][gc,phases      ] GC(1820) Post Compact 2.224ms
[525.267s][info][gc,heap        ] GC(1820) PSYoungGen: 111616K(222720K)->80898K(222720K) Eden: 111616K(111616K)->80898K(111616K) From: 0K(111104K)->0K(111104K)
[525.267s][info][gc,heap        ] GC(1820) ParOldGen: 667515K(667648K)->667515K(667648K)
[525.267s][info][gc,metaspace   ] GC(1820) Metaspace: 18922K(19072K)->18922K(19072K) NonClass: 17092K(17216K)->17092K(17216K) Class: 1829K(1856K)->1829K(1856K)
[525.267s][info][gc             ] GC(1820) Pause Full (Allocation Failure) 760M->730M(869M) 1073.212ms
[525.267s][info][gc,cpu         ] GC(1820) User=2.09s Sys=0.00s Real=1.07s
[525.288s][info][gc,start       ] GC(1821) Pause Full (Allocation Failure)
[525.288s][info][gc,phases,start] GC(1821) Marking Phase
[525.822s][info][gc,phases      ] GC(1821) Marking Phase 533.864ms
[525.822s][info][gc,phases,start] GC(1821) Summary Phase
[525.822s][info][gc,phases      ] GC(1821) Summary Phase 0.023ms
[525.822s][info][gc,phases,start] GC(1821) Forward
[525.844s][info][gc,phases      ] GC(1821) Forward 22.287ms
[525.844s][info][gc,phases,start] GC(1821) Adjust Pointers
[526.207s][info][gc,phases      ] GC(1821) Adjust Pointers 362.581ms
[526.207s][info][gc,phases,start] GC(1821) Compaction Phase
[526.351s][info][gc,phases      ] GC(1821) Compaction Phase 144.113ms
[526.351s][info][gc,phases,start] GC(1821) Post Compact
[526.353s][info][gc,phases      ] GC(1821) Post Compact 2.224ms
[526.353s][info][gc,heap        ] GC(1821) PSYoungGen: 111616K(222720K)->81011K(222720K) Eden: 111616K(111616K)->81011K(111616K) From: 0K(111104K)->0K(111104K)
[526.353s][info][gc,heap        ] GC(1821) ParOldGen: 667515K(667648K)->667515K(667648K)
[526.353s][info][gc,metaspace   ] GC(1821) Metaspace: 18922K(19072K)->18922K(19072K) NonClass: 17092K(17216K)->17092K(17216K) Class: 1829K(1856K)->1829K(1856K)
[526.353s][info][gc             ] GC(1821) Pause Full (Allocation Failure) 760M->730M(869M) 1065.478ms
[526.353s][info][gc,cpu         ] GC(1821) User=2.08s Sys=0.00s Real=1.07s
[526.376s][info][gc,start       ] GC(1822) Pause Full (Allocation Failure)
[526.376s][info][gc,phases,start] GC(1822) Marking Phase
[526.908s][info][gc,phases      ] GC(1822) Marking Phase 531.544ms
[526.908s][info][gc,phases,start] GC(1822) Summary Phase
[526.908s][info][gc,phases      ] GC(1822) Summary Phase 0.022ms
[526.908s][info][gc,phases,start] GC(1822) Forward
[526.931s][info][gc,phases      ] GC(1822) Forward 22.628ms
[526.931s][info][gc,phases,start] GC(1822) Adjust Pointers
[527.294s][info][gc,phases      ] GC(1822) Adjust Pointers 363.603ms
[527.294s][info][gc,phases,start] GC(1822) Compaction Phase
[527.439s][info][gc,phases      ] GC(1822) Compaction Phase 144.624ms
[527.439s][info][gc,phases,start] GC(1822) Post Compact
[527.441s][info][gc,phases      ] GC(1822) Post Compact 2.222ms
[527.441s][info][gc,heap        ] GC(1822) PSYoungGen: 111616K(222720K)->81431K(222720K) Eden: 111616K(111616K)->81431K(111616K) From: 0K(111104K)->0K(111104K)
[527.441s][info][gc,heap        ] GC(1822) ParOldGen: 667515K(667648K)->667515K(667648K)
[527.441s][info][gc,metaspace   ] GC(1822) Metaspace: 18923K(19072K)->18923K(19072K) NonClass: 17093K(17216K)->17093K(17216K) Class: 1829K(1856K)->1829K(1856K)
[527.441s][info][gc             ] GC(1822) Pause Full (Allocation Failure) 760M->731M(869M) 1065.038ms
[527.441s][info][gc,cpu         ] GC(1822) User=2.08s Sys=0.00s Real=1.06s
[527.463s][info][gc,start       ] GC(1823) Pause Full (Allocation Failure)
[527.463s][info][gc,phases,start] GC(1823) Marking Phase
[527.997s][info][gc,phases      ] GC(1823) Marking Phase 533.975ms
[527.997s][info][gc,phases,start] GC(1823) Summary Phase
[527.997s][info][gc,phases      ] GC(1823) Summary Phase 0.022ms
[527.997s][info][gc,phases,start] GC(1823) Forward
[528.021s][info][gc,phases      ] GC(1823) Forward 23.756ms
[528.021s][info][gc,phases,start] GC(1823) Adjust Pointers
[528.387s][info][gc,phases      ] GC(1823) Adjust Pointers 365.322ms
[528.387s][info][gc,phases,start] GC(1823) Compaction Phase
[528.531s][info][gc,phases      ] GC(1823) Compaction Phase 144.696ms
[528.531s][info][gc,phases,start] GC(1823) Post Compact
[528.534s][info][gc,phases      ] GC(1823) Post Compact 2.215ms
[528.534s][info][gc,heap        ] GC(1823) PSYoungGen: 111616K(222720K)->81682K(222720K) Eden: 111616K(111616K)->81682K(111616K) From: 0K(111104K)->0K(111104K)
[528.534s][info][gc,heap        ] GC(1823) ParOldGen: 667515K(667648K)->667515K(667648K)
[528.534s][info][gc,metaspace   ] GC(1823) Metaspace: 18923K(19072K)->18923K(19072K) NonClass: 17093K(17216K)->17093K(17216K) Class: 1829K(1856K)->1829K(1856K)
[528.534s][info][gc             ] GC(1823) Pause Full (Allocation Failure) 760M->731M(869M) 1070.410ms
[528.534s][info][gc,cpu         ] GC(1823) User=2.08s Sys=0.00s Real=1.07s
[528.565s][info][gc,start       ] GC(1824) Pause Full (Allocation Failure)
[528.565s][info][gc,phases,start] GC(1824) Marking Phase
[529.098s][info][gc,phases      ] GC(1824) Marking Phase 533.243ms
[529.098s][info][gc,phases,start] GC(1824) Summary Phase
[529.098s][info][gc,phases      ] GC(1824) Summary Phase 0.024ms
[529.098s][info][gc,phases,start] GC(1824) Forward
[529.121s][info][gc,phases      ] GC(1824) Forward 22.829ms
[529.121s][info][gc,phases,start] GC(1824) Adjust Pointers
[529.487s][info][gc,phases      ] GC(1824) Adjust Pointers 365.563ms
[529.487s][info][gc,phases,start] GC(1824) Compaction Phase
[529.634s][info][gc,phases      ] GC(1824) Compaction Phase 147.238ms
[529.634s][info][gc,phases,start] GC(1824) Post Compact
[529.636s][info][gc,phases      ] GC(1824) Post Compact 2.253ms
[529.636s][info][gc,heap        ] GC(1824) PSYoungGen: 111616K(222720K)->83523K(222720K) Eden: 111616K(111616K)->83523K(111616K) From: 0K(111104K)->0K(111104K)
[529.636s][info][gc,heap        ] GC(1824) ParOldGen: 667515K(667648K)->667515K(667648K)
[529.636s][info][gc,metaspace   ] GC(1824) Metaspace: 18923K(19072K)->18923K(19072K) NonClass: 17093K(17216K)->17093K(17216K) Class: 1829K(1856K)->1829K(1856K)
[529.636s][info][gc             ] GC(1824) Pause Full (Allocation Failure) 760M->733M(869M) 1071.589ms
[529.636s][info][gc,cpu         ] GC(1824) User=2.09s Sys=0.00s Real=1.07s
[529.670s][info][gc,start       ] GC(1825) Pause Full (Allocation Failure)
[529.670s][info][gc,phases,start] GC(1825) Marking Phase
[530.201s][info][gc,phases      ] GC(1825) Marking Phase 531.100ms
[530.201s][info][gc,phases,start] GC(1825) Summary Phase
[530.201s][info][gc,phases      ] GC(1825) Summary Phase 0.023ms
[530.201s][info][gc,phases,start] GC(1825) Forward
[530.223s][info][gc,phases      ] GC(1825) Forward 22.538ms
[530.224s][info][gc,phases,start] GC(1825) Adjust Pointers
[530.587s][info][gc,phases      ] GC(1825) Adjust Pointers 363.386ms
[530.587s][info][gc,phases,start] GC(1825) Compaction Phase
[530.733s][info][gc,phases      ] GC(1825) Compaction Phase 145.944ms
[530.733s][info][gc,phases,start] GC(1825) Post Compact
[530.735s][info][gc,phases      ] GC(1825) Post Compact 2.233ms
[530.735s][info][gc,heap        ] GC(1825) PSYoungGen: 111616K(222720K)->83498K(222720K) Eden: 111616K(111616K)->83498K(111616K) From: 0K(111104K)->0K(111104K)
[530.735s][info][gc,heap        ] GC(1825) ParOldGen: 667515K(667648K)->667515K(667648K)
[530.735s][info][gc,metaspace   ] GC(1825) Metaspace: 18923K(19072K)->18923K(19072K) NonClass: 17093K(17216K)->17093K(17216K) Class: 1829K(1856K)->1829K(1856K)
[530.735s][info][gc             ] GC(1825) Pause Full (Allocation Failure) 760M->733M(869M) 1065.674ms
[530.735s][info][gc,cpu         ] GC(1825) User=2.08s Sys=0.00s Real=1.07s
[530.770s][info][gc,start       ] GC(1826) Pause Full (Allocation Failure)
[530.770s][info][gc,phases,start] GC(1826) Marking Phase
[531.305s][info][gc,phases      ] GC(1826) Marking Phase 534.767ms
[531.305s][info][gc,phases,start] GC(1826) Summary Phase
[531.305s][info][gc,phases      ] GC(1826) Summary Phase 0.023ms
[531.305s][info][gc,phases,start] GC(1826) Forward
[531.328s][info][gc,phases      ] GC(1826) Forward 22.345ms
[531.328s][info][gc,phases,start] GC(1826) Adjust Pointers
[531.694s][info][gc,phases      ] GC(1826) Adjust Pointers 366.559ms
[531.694s][info][gc,phases,start] GC(1826) Compaction Phase
[531.840s][info][gc,phases      ] GC(1826) Compaction Phase 145.613ms
[531.840s][info][gc,phases,start] GC(1826) Post Compact
[531.842s][info][gc,phases      ] GC(1826) Post Compact 2.258ms
[531.842s][info][gc,heap        ] GC(1826) PSYoungGen: 111616K(222720K)->83843K(222720K) Eden: 111616K(111616K)->83843K(111616K) From: 0K(111104K)->0K(111104K)
[531.842s][info][gc,heap        ] GC(1826) ParOldGen: 667515K(667648K)->667515K(667648K)
[531.842s][info][gc,metaspace   ] GC(1826) Metaspace: 18923K(19072K)->18923K(19072K) NonClass: 17093K(17216K)->17093K(17216K) Class: 1829K(1856K)->1829K(1856K)
[531.842s][info][gc             ] GC(1826) Pause Full (Allocation Failure) 760M->733M(869M) 1071.984ms
[531.842s][info][gc,cpu         ] GC(1826) User=2.10s Sys=0.00s Real=1.08s
[531.870s][info][gc,start       ] GC(1827) Pause Full (Allocation Failure)
[531.870s][info][gc,phases,start] GC(1827) Marking Phase
[532.400s][info][gc,phases      ] GC(1827) Marking Phase 529.935ms
[532.400s][info][gc,phases,start] GC(1827) Summary Phase
[532.400s][info][gc,phases      ] GC(1827) Summary Phase 0.022ms
[532.400s][info][gc,phases,start] GC(1827) Forward
[532.423s][info][gc,phases      ] GC(1827) Forward 22.606ms
[532.423s][info][gc,phases,start] GC(1827) Adjust Pointers
[532.783s][info][gc,phases      ] GC(1827) Adjust Pointers 360.296ms
[532.783s][info][gc,phases,start] GC(1827) Compaction Phase
[532.928s][info][gc,phases      ] GC(1827) Compaction Phase 144.921ms
[532.928s][info][gc,phases,start] GC(1827) Post Compact
[532.930s][info][gc,phases      ] GC(1827) Post Compact 2.269ms
[532.930s][info][gc,heap        ] GC(1827) PSYoungGen: 111616K(222720K)->83844K(222720K) Eden: 111616K(111616K)->83844K(111616K) From: 0K(111104K)->0K(111104K)
[532.930s][info][gc,heap        ] GC(1827) ParOldGen: 667515K(667648K)->667515K(667648K)
[532.930s][info][gc,metaspace   ] GC(1827) Metaspace: 18923K(19072K)->18923K(19072K) NonClass: 17093K(17216K)->17093K(17216K) Class: 1829K(1856K)->1829K(1856K)
[532.931s][info][gc             ] GC(1827) Pause Full (Allocation Failure) 760M->733M(869M) 1060.433ms
[532.931s][info][gc,cpu         ] GC(1827) User=2.07s Sys=0.01s Real=1.06s
[532.959s][info][gc,start       ] GC(1828) Pause Full (Allocation Failure)
[532.959s][info][gc,phases,start] GC(1828) Marking Phase
[533.493s][info][gc,phases      ] GC(1828) Marking Phase 533.840ms
[533.493s][info][gc,phases,start] GC(1828) Summary Phase
[533.493s][info][gc,phases      ] GC(1828) Summary Phase 0.023ms
[533.493s][info][gc,phases,start] GC(1828) Forward
[533.516s][info][gc,phases      ] GC(1828) Forward 22.227ms
[533.516s][info][gc,phases,start] GC(1828) Adjust Pointers
[533.878s][info][gc,phases      ] GC(1828) Adjust Pointers 362.141ms
[533.878s][info][gc,phases,start] GC(1828) Compaction Phase
[534.025s][info][gc,phases      ] GC(1828) Compaction Phase 146.721ms
[534.025s][info][gc,phases,start] GC(1828) Post Compact
[534.027s][info][gc,phases      ] GC(1828) Post Compact 2.247ms
[534.027s][info][gc,heap        ] GC(1828) PSYoungGen: 111616K(222720K)->83896K(222720K) Eden: 111616K(111616K)->83896K(111616K) From: 0K(111104K)->0K(111104K)
[534.027s][info][gc,heap        ] GC(1828) ParOldGen: 667515K(667648K)->667515K(667648K)
[534.027s][info][gc,metaspace   ] GC(1828) Metaspace: 18923K(19072K)->18923K(19072K) NonClass: 17093K(17216K)->17093K(17216K) Class: 1829K(1856K)->1829K(1856K)
[534.027s][info][gc             ] GC(1828) Pause Full (Allocation Failure) 760M->733M(869M) 1067.634ms
[534.027s][info][gc,cpu         ] GC(1828) User=2.09s Sys=0.00s Real=1.07s
[534.092s][info][gc,start       ] GC(1829) Pause Full (Allocation Failure)
[534.092s][info][gc,phases,start] GC(1829) Marking Phase
[534.633s][info][gc,phases      ] GC(1829) Marking Phase 541.674ms
[534.633s][info][gc,phases,start] GC(1829) Summary Phase
[534.633s][info][gc,phases      ] GC(1829) Summary Phase 0.023ms
[534.633s][info][gc,phases,start] GC(1829) Forward
[534.656s][info][gc,phases      ] GC(1829) Forward 22.922ms
[534.656s][info][gc,phases,start] GC(1829) Adjust Pointers
[535.030s][info][gc,phases      ] GC(1829) Adjust Pointers 373.175ms
[535.030s][info][gc,phases,start] GC(1829) Compaction Phase
[535.176s][info][gc,phases      ] GC(1829) Compaction Phase 146.526ms
[535.176s][info][gc,phases,start] GC(1829) Post Compact
[535.179s][info][gc,phases      ] GC(1829) Post Compact 2.240ms
[535.179s][info][gc,heap        ] GC(1829) PSYoungGen: 111616K(222720K)->86408K(222720K) Eden: 111616K(111616K)->86408K(111616K) From: 0K(111104K)->0K(111104K)
[535.179s][info][gc,heap        ] GC(1829) ParOldGen: 667515K(667648K)->667515K(667648K)
[535.179s][info][gc,metaspace   ] GC(1829) Metaspace: 18925K(19072K)->18925K(19072K) NonClass: 17096K(17216K)->17096K(17216K) Class: 1829K(1856K)->1829K(1856K)
[535.179s][info][gc             ] GC(1829) Pause Full (Allocation Failure) 760M->736M(869M) 1087.073ms
[535.179s][info][gc,cpu         ] GC(1829) User=2.12s Sys=0.00s Real=1.09s
[535.206s][info][gc,start       ] GC(1830) Pause Full (Allocation Failure)
[535.206s][info][gc,phases,start] GC(1830) Marking Phase
[535.748s][info][gc,phases      ] GC(1830) Marking Phase 542.472ms
[535.748s][info][gc,phases,start] GC(1830) Summary Phase
[535.748s][info][gc,phases      ] GC(1830) Summary Phase 0.024ms
[535.748s][info][gc,phases,start] GC(1830) Forward
[535.772s][info][gc,phases      ] GC(1830) Forward 23.380ms
[535.772s][info][gc,phases,start] GC(1830) Adjust Pointers
[536.144s][info][gc,phases      ] GC(1830) Adjust Pointers 372.123ms
[536.144s][info][gc,phases,start] GC(1830) Compaction Phase
[536.290s][info][gc,phases      ] GC(1830) Compaction Phase 146.040ms
[536.290s][info][gc,phases,start] GC(1830) Post Compact
[536.292s][info][gc,phases      ] GC(1830) Post Compact 2.281ms
[536.292s][info][gc,heap        ] GC(1830) PSYoungGen: 111616K(222720K)->86639K(222720K) Eden: 111616K(111616K)->86639K(111616K) From: 0K(111104K)->0K(111104K)
[536.292s][info][gc,heap        ] GC(1830) ParOldGen: 667515K(667648K)->667515K(667648K)
[536.293s][info][gc,metaspace   ] GC(1830) Metaspace: 18925K(19072K)->18925K(19072K) NonClass: 17096K(17216K)->17096K(17216K) Class: 1829K(1856K)->1829K(1856K)
[536.293s][info][gc             ] GC(1830) Pause Full (Allocation Failure) 760M->736M(869M) 1086.905ms
[536.293s][info][gc,cpu         ] GC(1830) User=2.13s Sys=0.00s Real=1.09s
[536.316s][info][gc,start       ] GC(1831) Pause Full (Allocation Failure)
[536.316s][info][gc,phases,start] GC(1831) Marking Phase
[536.851s][info][gc,phases      ] GC(1831) Marking Phase 534.868ms
[536.851s][info][gc,phases,start] GC(1831) Summary Phase
[536.851s][info][gc,phases      ] GC(1831) Summary Phase 0.026ms
[536.851s][info][gc,phases,start] GC(1831) Forward
[536.873s][info][gc,phases      ] GC(1831) Forward 22.571ms
[536.873s][info][gc,phases,start] GC(1831) Adjust Pointers
[537.249s][info][gc,phases      ] GC(1831) Adjust Pointers 376.038ms
[537.250s][info][gc,phases,start] GC(1831) Compaction Phase
[537.395s][info][gc,phases      ] GC(1831) Compaction Phase 145.595ms
[537.395s][info][gc,phases,start] GC(1831) Post Compact
[537.397s][info][gc,phases      ] GC(1831) Post Compact 2.232ms
[537.397s][info][gc,heap        ] GC(1831) PSYoungGen: 111616K(222720K)->86642K(222720K) Eden: 111616K(111616K)->86642K(111616K) From: 0K(111104K)->0K(111104K)
[537.397s][info][gc,heap        ] GC(1831) ParOldGen: 667515K(667648K)->667515K(667648K)
[537.397s][info][gc,metaspace   ] GC(1831) Metaspace: 18925K(19072K)->18925K(19072K) NonClass: 17096K(17216K)->17096K(17216K) Class: 1829K(1856K)->1829K(1856K)
[537.398s][info][gc             ] GC(1831) Pause Full (Allocation Failure) 760M->736M(869M) 1081.834ms
[537.398s][info][gc,cpu         ] GC(1831) User=2.11s Sys=0.00s Real=1.08s
[537.429s][info][gc,start       ] GC(1832) Pause Full (Allocation Failure)
[537.429s][info][gc,phases,start] GC(1832) Marking Phase
[537.968s][info][gc,phases      ] GC(1832) Marking Phase 539.113ms
[537.968s][info][gc,phases,start] GC(1832) Summary Phase
[537.968s][info][gc,phases      ] GC(1832) Summary Phase 0.024ms
[537.968s][info][gc,phases,start] GC(1832) Forward
[537.991s][info][gc,phases      ] GC(1832) Forward 22.805ms
[537.991s][info][gc,phases,start] GC(1832) Adjust Pointers
[538.361s][info][gc,phases      ] GC(1832) Adjust Pointers 370.246ms
[538.361s][info][gc,phases,start] GC(1832) Compaction Phase
[538.507s][info][gc,phases      ] GC(1832) Compaction Phase 145.898ms
[538.507s][info][gc,phases,start] GC(1832) Post Compact
[538.509s][info][gc,phases      ] GC(1832) Post Compact 2.259ms
[538.509s][info][gc,heap        ] GC(1832) PSYoungGen: 111616K(222720K)->86720K(222720K) Eden: 111616K(111616K)->86720K(111616K) From: 0K(111104K)->0K(111104K)
[538.509s][info][gc,heap        ] GC(1832) ParOldGen: 667515K(667648K)->667515K(667648K)
[538.509s][info][gc,metaspace   ] GC(1832) Metaspace: 18925K(19072K)->18925K(19072K) NonClass: 17096K(17216K)->17096K(17216K) Class: 1829K(1856K)->1829K(1856K)
[538.509s][info][gc             ] GC(1832) Pause Full (Allocation Failure) 760M->736M(869M) 1080.816ms
[538.509s][info][gc,cpu         ] GC(1832) User=2.12s Sys=0.00s Real=1.08s
[538.528s][info][gc,start       ] GC(1833) Pause Full (Allocation Failure)
[538.528s][info][gc,phases,start] GC(1833) Marking Phase
[539.067s][info][gc,phases      ] GC(1833) Marking Phase 538.336ms
[539.067s][info][gc,phases,start] GC(1833) Summary Phase
[539.067s][info][gc,phases      ] GC(1833) Summary Phase 0.028ms
[539.067s][info][gc,phases,start] GC(1833) Forward
[539.199s][info][gc,phases      ] GC(1833) Forward 132.589ms
[539.200s][info][gc,phases,start] GC(1833) Adjust Pointers
[539.626s][info][gc,phases      ] GC(1833) Adjust Pointers 426.393ms
[539.626s][info][gc,phases,start] GC(1833) Compaction Phase
[539.800s][info][gc,phases      ] GC(1833) Compaction Phase 174.353ms
[539.818s][info][gc,phases,start] GC(1833) Post Compact
[539.820s][info][gc,phases      ] GC(1833) Post Compact 2.306ms
[539.820s][info][gc,heap        ] GC(1833) PSYoungGen: 111616K(222720K)->86721K(222720K) Eden: 111616K(111616K)->86721K(111616K) From: 0K(111104K)->0K(111104K)
[539.820s][info][gc,heap        ] GC(1833) ParOldGen: 667515K(667648K)->667515K(667648K)
[539.820s][info][gc,metaspace   ] GC(1833) Metaspace: 18925K(19072K)->18925K(19072K) NonClass: 17096K(17216K)->17096K(17216K) Class: 1829K(1856K)->1829K(1856K)
[539.820s][info][gc             ] GC(1833) Pause Full (Allocation Failure) 760M->736M(869M) 1291.764ms
[539.820s][info][gc,cpu         ] GC(1833) User=2.52s Sys=0.01s Real=1.29s
[539.834s][info][gc,start       ] GC(1834) Pause Full (Allocation Failure)
[539.834s][info][gc,phases,start] GC(1834) Marking Phase
[540.374s][info][gc,phases      ] GC(1834) Marking Phase 540.496ms
[540.374s][info][gc,phases,start] GC(1834) Summary Phase
[540.374s][info][gc,phases      ] GC(1834) Summary Phase 0.024ms
[540.374s][info][gc,phases,start] GC(1834) Forward
[540.397s][info][gc,phases      ] GC(1834) Forward 22.871ms
[540.397s][info][gc,phases,start] GC(1834) Adjust Pointers
[540.781s][info][gc,phases      ] GC(1834) Adjust Pointers 383.302ms
[540.781s][info][gc,phases,start] GC(1834) Compaction Phase
[540.930s][info][gc,phases      ] GC(1834) Compaction Phase 148.756ms
[540.930s][info][gc,phases,start] GC(1834) Post Compact
[540.932s][info][gc,phases      ] GC(1834) Post Compact 2.234ms
[540.932s][info][gc,heap        ] GC(1834) PSYoungGen: 111616K(222720K)->86719K(222720K) Eden: 111616K(111616K)->86719K(111616K) From: 0K(111104K)->0K(111104K)
[540.932s][info][gc,heap        ] GC(1834) ParOldGen: 667515K(667648K)->667515K(667648K)
[540.932s][info][gc,metaspace   ] GC(1834) Metaspace: 18925K(19072K)->18925K(19072K) NonClass: 17096K(17216K)->17096K(17216K) Class: 1829K(1856K)->1829K(1856K)
[540.932s][info][gc             ] GC(1834) Pause Full (Allocation Failure) 760M->736M(869M) 1098.150ms
[540.932s][info][gc,cpu         ] GC(1834) User=2.15s Sys=0.00s Real=1.10s
[540.945s][info][gc,start       ] GC(1835) Pause Full (Allocation Failure)
[540.945s][info][gc,phases,start] GC(1835) Marking Phase
[541.497s][info][gc,phases      ] GC(1835) Marking Phase 551.707ms
[541.497s][info][gc,phases,start] GC(1835) Summary Phase
[541.497s][info][gc,phases      ] GC(1835) Summary Phase 0.025ms
[541.497s][info][gc,phases,start] GC(1835) Forward
[541.520s][info][gc,phases      ] GC(1835) Forward 22.866ms
[541.520s][info][gc,phases,start] GC(1835) Adjust Pointers
[541.901s][info][gc,phases      ] GC(1835) Adjust Pointers 380.471ms
[541.901s][info][gc,phases,start] GC(1835) Compaction Phase
[542.050s][info][gc,phases      ] GC(1835) Compaction Phase 149.492ms
[542.050s][info][gc,phases,start] GC(1835) Post Compact
[542.053s][info][gc,phases      ] GC(1835) Post Compact 2.282ms
[542.053s][info][gc,heap        ] GC(1835) PSYoungGen: 111616K(222720K)->86719K(222720K) Eden: 111616K(111616K)->86719K(111616K) From: 0K(111104K)->0K(111104K)
[542.053s][info][gc,heap        ] GC(1835) ParOldGen: 667515K(667648K)->667515K(667648K)
[542.053s][info][gc,metaspace   ] GC(1835) Metaspace: 18925K(19072K)->18925K(19072K) NonClass: 17096K(17216K)->17096K(17216K) Class: 1829K(1856K)->1829K(1856K)
[542.053s][info][gc             ] GC(1835) Pause Full (Allocation Failure) 760M->736M(869M) 1107.286ms
[542.053s][info][gc,cpu         ] GC(1835) User=2.17s Sys=0.00s Real=1.11s
[542.068s][info][gc,start       ] GC(1836) Pause Full (Allocation Failure)
[542.068s][info][gc,phases,start] GC(1836) Marking Phase
[542.621s][info][gc,phases      ] GC(1836) Marking Phase 552.759ms
[542.621s][info][gc,phases,start] GC(1836) Summary Phase
[542.621s][info][gc,phases      ] GC(1836) Summary Phase 0.026ms
[542.621s][info][gc,phases,start] GC(1836) Forward
[542.644s][info][gc,phases      ] GC(1836) Forward 23.428ms
[542.644s][info][gc,phases,start] GC(1836) Adjust Pointers
[543.019s][info][gc,phases      ] GC(1836) Adjust Pointers 374.106ms
[543.019s][info][gc,phases,start] GC(1836) Compaction Phase
[543.165s][info][gc,phases      ] GC(1836) Compaction Phase 146.300ms
[543.165s][info][gc,phases,start] GC(1836) Post Compact
[543.167s][info][gc,phases      ] GC(1836) Post Compact 2.277ms
[543.167s][info][gc,heap        ] GC(1836) PSYoungGen: 111616K(222720K)->86719K(222720K) Eden: 111616K(111616K)->86719K(111616K) From: 0K(111104K)->0K(111104K)
[543.167s][info][gc,heap        ] GC(1836) ParOldGen: 667515K(667648K)->667515K(667648K)
[543.167s][info][gc,metaspace   ] GC(1836) Metaspace: 18925K(19072K)->18925K(19072K) NonClass: 17096K(17216K)->17096K(17216K) Class: 1829K(1856K)->1829K(1856K)
[543.167s][info][gc             ] GC(1836) Pause Full (Allocation Failure) 760M->736M(869M) 1099.333ms
[543.167s][info][gc,cpu         ] GC(1836) User=2.15s Sys=0.00s Real=1.10s
[543.181s][info][gc,start       ] GC(1837) Pause Full (Allocation Failure)
[543.182s][info][gc,phases,start] GC(1837) Marking Phase
[543.727s][info][gc,phases      ] GC(1837) Marking Phase 545.096ms
[543.727s][info][gc,phases,start] GC(1837) Summary Phase
[543.727s][info][gc,phases      ] GC(1837) Summary Phase 0.035ms
[543.727s][info][gc,phases,start] GC(1837) Forward
[543.750s][info][gc,phases      ] GC(1837) Forward 22.842ms
[543.750s][info][gc,phases,start] GC(1837) Adjust Pointers
[544.122s][info][gc,phases      ] GC(1837) Adjust Pointers 372.200ms
[544.122s][info][gc,phases,start] GC(1837) Compaction Phase
[544.268s][info][gc,phases      ] GC(1837) Compaction Phase 145.986ms
[544.268s][info][gc,phases,start] GC(1837) Post Compact
[544.270s][info][gc,phases      ] GC(1837) Post Compact 2.237ms
[544.270s][info][gc,heap        ] GC(1837) PSYoungGen: 111616K(222720K)->86719K(222720K) Eden: 111616K(111616K)->86719K(111616K) From: 0K(111104K)->0K(111104K)
[544.270s][info][gc,heap        ] GC(1837) ParOldGen: 667515K(667648K)->667515K(667648K)
[544.270s][info][gc,metaspace   ] GC(1837) Metaspace: 18925K(19072K)->18925K(19072K) NonClass: 17096K(17216K)->17096K(17216K) Class: 1829K(1856K)->1829K(1856K)
[544.270s][info][gc             ] GC(1837) Pause Full (Allocation Failure) 760M->736M(869M) 1088.813ms
[544.270s][info][gc,cpu         ] GC(1837) User=2.13s Sys=0.00s Real=1.09s
[544.284s][info][gc,start       ] GC(1838) Pause Full (Allocation Failure)
[544.284s][info][gc,phases,start] GC(1838) Marking Phase
[544.820s][info][gc,phases      ] GC(1838) Marking Phase 535.584ms
[544.820s][info][gc,phases,start] GC(1838) Summary Phase
[544.820s][info][gc,phases      ] GC(1838) Summary Phase 0.028ms
[544.820s][info][gc,phases,start] GC(1838) Forward
[544.843s][info][gc,phases      ] GC(1838) Forward 22.879ms
[544.843s][info][gc,phases,start] GC(1838) Adjust Pointers
[545.223s][info][gc,phases      ] GC(1838) Adjust Pointers 380.222ms
[545.223s][info][gc,phases,start] GC(1838) Compaction Phase
[545.369s][info][gc,phases      ] GC(1838) Compaction Phase 145.770ms
[545.369s][info][gc,phases,start] GC(1838) Post Compact
[545.371s][info][gc,phases      ] GC(1838) Post Compact 2.229ms
[545.371s][info][gc,heap        ] GC(1838) PSYoungGen: 111616K(222720K)->86719K(222720K) Eden: 111616K(111616K)->86719K(111616K) From: 0K(111104K)->0K(111104K)
[545.371s][info][gc,heap        ] GC(1838) ParOldGen: 667515K(667648K)->667515K(667648K)
[545.371s][info][gc,metaspace   ] GC(1838) Metaspace: 18925K(19072K)->18925K(19072K) NonClass: 17096K(17216K)->17096K(17216K) Class: 1829K(1856K)->1829K(1856K)
[545.371s][info][gc             ] GC(1838) Pause Full (Allocation Failure) 760M->736M(869M) 1087.167ms
[545.371s][info][gc,cpu         ] GC(1838) User=2.12s Sys=0.01s Real=1.08s
[545.385s][info][gc,start       ] GC(1839) Pause Full (Allocation Failure)
[545.385s][info][gc,phases,start] GC(1839) Marking Phase
[545.934s][info][gc,phases      ] GC(1839) Marking Phase 548.483ms
[545.934s][info][gc,phases,start] GC(1839) Summary Phase
[545.934s][info][gc,phases      ] GC(1839) Summary Phase 0.024ms
[545.934s][info][gc,phases,start] GC(1839) Forward
[545.957s][info][gc,phases      ] GC(1839) Forward 23.340ms
[545.957s][info][gc,phases,start] GC(1839) Adjust Pointers
[546.329s][info][gc,phases      ] GC(1839) Adjust Pointers 371.563ms
[546.329s][info][gc,phases,start] GC(1839) Compaction Phase
[546.476s][info][gc,phases      ] GC(1839) Compaction Phase 146.969ms
[546.476s][info][gc,phases,start] GC(1839) Post Compact
[546.478s][info][gc,phases      ] GC(1839) Post Compact 2.227ms
[546.478s][info][gc,heap        ] GC(1839) PSYoungGen: 111616K(222720K)->86719K(222720K) Eden: 111616K(111616K)->86719K(111616K) From: 0K(111104K)->0K(111104K)
[546.478s][info][gc,heap        ] GC(1839) ParOldGen: 667515K(667648K)->667515K(667648K)
[546.478s][info][gc,metaspace   ] GC(1839) Metaspace: 18925K(19072K)->18925K(19072K) NonClass: 17096K(17216K)->17096K(17216K) Class: 1829K(1856K)->1829K(1856K)
[546.478s][info][gc             ] GC(1839) Pause Full (Allocation Failure) 760M->736M(869M) 1093.031ms
[546.478s][info][gc,cpu         ] GC(1839) User=2.14s Sys=0.00s Real=1.09s
[546.492s][info][gc,start       ] GC(1840) Pause Full (Allocation Failure)
[546.492s][info][gc,phases,start] GC(1840) Marking Phase
[547.030s][info][gc,phases      ] GC(1840) Marking Phase 537.872ms
[547.030s][info][gc,phases,start] GC(1840) Summary Phase
[547.030s][info][gc,phases      ] GC(1840) Summary Phase 0.034ms
[547.030s][info][gc,phases,start] GC(1840) Forward
[547.053s][info][gc,phases      ] GC(1840) Forward 22.798ms
[547.053s][info][gc,phases,start] GC(1840) Adjust Pointers
[547.421s][info][gc,phases      ] GC(1840) Adjust Pointers 368.409ms
[547.421s][info][gc,phases,start] GC(1840) Compaction Phase
[547.568s][info][gc,phases      ] GC(1840) Compaction Phase 147.352ms
[547.568s][info][gc,phases,start] GC(1840) Post Compact
[547.571s][info][gc,phases      ] GC(1840) Post Compact 2.234ms
[547.571s][info][gc,heap        ] GC(1840) PSYoungGen: 111616K(222720K)->86782K(222720K) Eden: 111616K(111616K)->86782K(111616K) From: 0K(111104K)->0K(111104K)
[547.571s][info][gc,heap        ] GC(1840) ParOldGen: 667515K(667648K)->667515K(667648K)
[547.571s][info][gc,metaspace   ] GC(1840) Metaspace: 18925K(19072K)->18925K(19072K) NonClass: 17096K(17216K)->17096K(17216K) Class: 1829K(1856K)->1829K(1856K)
[547.571s][info][gc             ] GC(1840) Pause Full (Allocation Failure) 760M->736M(869M) 1079.107ms
[547.571s][info][gc,cpu         ] GC(1840) User=2.11s Sys=0.00s Real=1.08s
[547.584s][info][gc,start       ] GC(1841) Pause Full (Allocation Failure)
[547.584s][info][gc,phases,start] GC(1841) Marking Phase
[548.121s][info][gc,phases      ] GC(1841) Marking Phase 537.422ms
[548.121s][info][gc,phases,start] GC(1841) Summary Phase
[548.121s][info][gc,phases      ] GC(1841) Summary Phase 0.023ms
[548.121s][info][gc,phases,start] GC(1841) Forward
[548.144s][info][gc,phases      ] GC(1841) Forward 22.717ms
[548.144s][info][gc,phases,start] GC(1841) Adjust Pointers
[548.514s][info][gc,phases      ] GC(1841) Adjust Pointers 370.049ms
[548.514s][info][gc,phases,start] GC(1841) Compaction Phase
[548.661s][info][gc,phases      ] GC(1841) Compaction Phase 147.087ms
[548.661s][info][gc,phases,start] GC(1841) Post Compact
[548.664s][info][gc,phases      ] GC(1841) Post Compact 2.231ms
[548.664s][info][gc,heap        ] GC(1841) PSYoungGen: 111616K(222720K)->86981K(222720K) Eden: 111616K(111616K)->86981K(111616K) From: 0K(111104K)->0K(111104K)
[548.664s][info][gc,heap        ] GC(1841) ParOldGen: 667515K(667648K)->667515K(667648K)
[548.664s][info][gc,metaspace   ] GC(1841) Metaspace: 18925K(19072K)->18925K(19072K) NonClass: 17096K(17216K)->17096K(17216K) Class: 1829K(1856K)->1829K(1856K)
[548.664s][info][gc             ] GC(1841) Pause Full (Allocation Failure) 760M->736M(869M) 1079.973ms
[548.664s][info][gc,cpu         ] GC(1841) User=2.11s Sys=0.00s Real=1.08s
[548.688s][info][gc,start       ] GC(1842) Pause Full (Allocation Failure)
[548.688s][info][gc,phases,start] GC(1842) Marking Phase
[549.231s][info][gc,phases      ] GC(1842) Marking Phase 543.065ms
[549.231s][info][gc,phases,start] GC(1842) Summary Phase
[549.231s][info][gc,phases      ] GC(1842) Summary Phase 0.025ms
[549.231s][info][gc,phases,start] GC(1842) Forward
[549.253s][info][gc,phases      ] GC(1842) Forward 22.585ms
[549.253s][info][gc,phases,start] GC(1842) Adjust Pointers
[549.629s][info][gc,phases      ] GC(1842) Adjust Pointers 375.363ms
[549.629s][info][gc,phases,start] GC(1842) Compaction Phase
[549.775s][info][gc,phases      ] GC(1842) Compaction Phase 145.897ms
[549.775s][info][gc,phases,start] GC(1842) Post Compact
[549.777s][info][gc,phases      ] GC(1842) Post Compact 2.230ms
[549.777s][info][gc,heap        ] GC(1842) PSYoungGen: 111616K(222720K)->87346K(222720K) Eden: 111616K(111616K)->87346K(111616K) From: 0K(111104K)->0K(111104K)
[549.777s][info][gc,heap        ] GC(1842) ParOldGen: 667515K(667648K)->667515K(667648K)
[549.777s][info][gc,metaspace   ] GC(1842) Metaspace: 18925K(19072K)->18925K(19072K) NonClass: 17096K(17216K)->17096K(17216K) Class: 1829K(1856K)->1829K(1856K)
[549.777s][info][gc             ] GC(1842) Pause Full (Allocation Failure) 760M->737M(869M) 1089.637ms
[549.777s][info][gc,cpu         ] GC(1842) User=2.13s Sys=0.00s Real=1.09s
[549.819s][info][gc,start       ] GC(1843) Pause Full (Allocation Failure)
[549.819s][info][gc,phases,start] GC(1843) Marking Phase
[550.358s][info][gc,phases      ] GC(1843) Marking Phase 538.457ms
[550.358s][info][gc,phases,start] GC(1843) Summary Phase
[550.358s][info][gc,phases      ] GC(1843) Summary Phase 0.024ms
[550.358s][info][gc,phases,start] GC(1843) Forward
[550.381s][info][gc,phases      ] GC(1843) Forward 22.790ms
[550.381s][info][gc,phases,start] GC(1843) Adjust Pointers
[550.751s][info][gc,phases      ] GC(1843) Adjust Pointers 370.142ms
[550.751s][info][gc,phases,start] GC(1843) Compaction Phase
[550.899s][info][gc,phases      ] GC(1843) Compaction Phase 148.038ms
[550.899s][info][gc,phases,start] GC(1843) Post Compact
[550.901s][info][gc,phases      ] GC(1843) Post Compact 2.229ms
[550.901s][info][gc,heap        ] GC(1843) PSYoungGen: 111616K(222720K)->89999K(222720K) Eden: 111616K(111616K)->89999K(111616K) From: 0K(111104K)->0K(111104K)
[550.901s][info][gc,heap        ] GC(1843) ParOldGen: 667515K(667648K)->667515K(667648K)
[550.901s][info][gc,metaspace   ] GC(1843) Metaspace: 18925K(19072K)->18925K(19072K) NonClass: 17096K(17216K)->17096K(17216K) Class: 1829K(1856K)->1829K(1856K)
[550.901s][info][gc             ] GC(1843) Pause Full (Allocation Failure) 760M->739M(869M) 1082.134ms
[550.901s][info][gc,cpu         ] GC(1843) User=2.12s Sys=0.00s Real=1.08s
[550.923s][info][gc,start       ] GC(1844) Pause Full (Allocation Failure)
[550.923s][info][gc,phases,start] GC(1844) Marking Phase
[551.466s][info][gc,phases      ] GC(1844) Marking Phase 542.871ms
[551.466s][info][gc,phases,start] GC(1844) Summary Phase
[551.466s][info][gc,phases      ] GC(1844) Summary Phase 0.026ms
[551.466s][info][gc,phases,start] GC(1844) Forward
[551.489s][info][gc,phases      ] GC(1844) Forward 22.928ms
[551.489s][info][gc,phases,start] GC(1844) Adjust Pointers
[551.859s][info][gc,phases      ] GC(1844) Adjust Pointers 369.702ms
[551.859s][info][gc,phases,start] GC(1844) Compaction Phase
[552.011s][info][gc,phases      ] GC(1844) Compaction Phase 151.654ms
[552.011s][info][gc,phases,start] GC(1844) Post Compact
[552.013s][info][gc,phases      ] GC(1844) Post Compact 2.247ms
[552.013s][info][gc,heap        ] GC(1844) PSYoungGen: 111616K(222720K)->91661K(222720K) Eden: 111616K(111616K)->91661K(111616K) From: 0K(111104K)->0K(111104K)
[552.013s][info][gc,heap        ] GC(1844) ParOldGen: 667515K(667648K)->667515K(667648K)
[552.013s][info][gc,metaspace   ] GC(1844) Metaspace: 18925K(19072K)->18925K(19072K) NonClass: 17096K(17216K)->17096K(17216K) Class: 1829K(1856K)->1829K(1856K)
[552.013s][info][gc             ] GC(1844) Pause Full (Allocation Failure) 760M->741M(869M) 1089.856ms
[552.013s][info][gc,cpu         ] GC(1844) User=2.13s Sys=0.01s Real=1.09s
[552.034s][info][gc,start       ] GC(1845) Pause Full (Allocation Failure)
[552.034s][info][gc,phases,start] GC(1845) Marking Phase
[552.592s][info][gc,phases      ] GC(1845) Marking Phase 558.223ms
[552.592s][info][gc,phases,start] GC(1845) Summary Phase
[552.592s][info][gc,phases      ] GC(1845) Summary Phase 0.025ms
[552.592s][info][gc,phases,start] GC(1845) Forward
[552.615s][info][gc,phases      ] GC(1845) Forward 22.888ms
[552.615s][info][gc,phases,start] GC(1845) Adjust Pointers
[552.993s][info][gc,phases      ] GC(1845) Adjust Pointers 377.706ms
[552.993s][info][gc,phases,start] GC(1845) Compaction Phase
[553.146s][info][gc,phases      ] GC(1845) Compaction Phase 152.995ms
[553.146s][info][gc,phases,start] GC(1845) Post Compact
[553.148s][info][gc,phases      ] GC(1845) Post Compact 2.295ms
[553.148s][info][gc,heap        ] GC(1845) PSYoungGen: 111616K(222720K)->91750K(222720K) Eden: 111616K(111616K)->91750K(111616K) From: 0K(111104K)->0K(111104K)
[553.148s][info][gc,heap        ] GC(1845) ParOldGen: 667515K(667648K)->667515K(667648K)
[553.148s][info][gc,metaspace   ] GC(1845) Metaspace: 18925K(19072K)->18925K(19072K) NonClass: 17096K(17216K)->17096K(17216K) Class: 1829K(1856K)->1829K(1856K)
[553.149s][info][gc             ] GC(1845) Pause Full (Allocation Failure) 760M->741M(869M) 1114.581ms
[553.149s][info][gc,cpu         ] GC(1845) User=2.19s Sys=0.00s Real=1.11s
[553.206s][info][gc,start       ] GC(1846) Pause Full (Allocation Failure)
[553.206s][info][gc,phases,start] GC(1846) Marking Phase
[553.769s][info][gc,phases      ] GC(1846) Marking Phase 562.989ms
[553.769s][info][gc,phases,start] GC(1846) Summary Phase
[553.769s][info][gc,phases      ] GC(1846) Summary Phase 0.026ms
[553.769s][info][gc,phases,start] GC(1846) Forward
[553.877s][info][gc,phases      ] GC(1846) Forward 108.156ms
[553.877s][info][gc,phases,start] GC(1846) Adjust Pointers
[554.284s][info][gc,phases      ] GC(1846) Adjust Pointers 407.057ms
[554.285s][info][gc,phases,start] GC(1846) Compaction Phase
[554.454s][info][gc,phases      ] GC(1846) Compaction Phase 169.270ms
[554.468s][info][gc,phases,start] GC(1846) Post Compact
[554.470s][info][gc,phases      ] GC(1846) Post Compact 2.269ms
[554.470s][info][gc,heap        ] GC(1846) PSYoungGen: 111615K(222720K)->92176K(222720K) Eden: 111615K(111616K)->92176K(111616K) From: 0K(111104K)->0K(111104K)
[554.470s][info][gc,heap        ] GC(1846) ParOldGen: 667515K(667648K)->667515K(667648K)
[554.470s][info][gc,metaspace   ] GC(1846) Metaspace: 18925K(19072K)->18925K(19072K) NonClass: 17096K(17216K)->17096K(17216K) Class: 1829K(1856K)->1829K(1856K)
[554.470s][info][gc             ] GC(1846) Pause Full (Allocation Failure) 760M->741M(869M) 1263.780ms
[554.470s][info][gc,cpu         ] GC(1846) User=2.47s Sys=0.00s Real=1.26s
[554.495s][info][gc,start       ] GC(1847) Pause Full (Allocation Failure)
[554.495s][info][gc,phases,start] GC(1847) Marking Phase
[555.042s][info][gc,phases      ] GC(1847) Marking Phase 547.099ms
[555.042s][info][gc,phases,start] GC(1847) Summary Phase
[555.042s][info][gc,phases      ] GC(1847) Summary Phase 0.024ms
[555.042s][info][gc,phases,start] GC(1847) Forward
[555.065s][info][gc,phases      ] GC(1847) Forward 22.720ms
[555.065s][info][gc,phases,start] GC(1847) Adjust Pointers
[555.436s][info][gc,phases      ] GC(1847) Adjust Pointers 370.863ms
[555.436s][info][gc,phases,start] GC(1847) Compaction Phase
[555.584s][info][gc,phases      ] GC(1847) Compaction Phase 147.823ms
[555.584s][info][gc,phases,start] GC(1847) Post Compact
[555.586s][info][gc,phases      ] GC(1847) Post Compact 2.218ms
[555.586s][info][gc,heap        ] GC(1847) PSYoungGen: 111616K(222720K)->93234K(222720K) Eden: 111616K(111616K)->93234K(111616K) From: 0K(111104K)->0K(111104K)
[555.586s][info][gc,heap        ] GC(1847) ParOldGen: 667515K(667648K)->667515K(667648K)
[555.586s][info][gc,metaspace   ] GC(1847) Metaspace: 18925K(19072K)->18925K(19072K) NonClass: 17096K(17216K)->17096K(17216K) Class: 1829K(1856K)->1829K(1856K)
[555.586s][info][gc             ] GC(1847) Pause Full (Allocation Failure) 760M->742M(869M) 1091.168ms
[555.586s][info][gc,cpu         ] GC(1847) User=2.14s Sys=0.00s Real=1.09s
[555.603s][info][gc,start       ] GC(1848) Pause Full (Allocation Failure)
[555.604s][info][gc,phases,start] GC(1848) Marking Phase
[556.154s][info][gc,phases      ] GC(1848) Marking Phase 550.494ms
[556.154s][info][gc,phases,start] GC(1848) Summary Phase
[556.154s][info][gc,phases      ] GC(1848) Summary Phase 0.025ms
[556.154s][info][gc,phases,start] GC(1848) Forward
[556.177s][info][gc,phases      ] GC(1848) Forward 23.069ms
[556.177s][info][gc,phases,start] GC(1848) Adjust Pointers
[556.548s][info][gc,phases      ] GC(1848) Adjust Pointers 370.849ms
[556.548s][info][gc,phases,start] GC(1848) Compaction Phase
[556.697s][info][gc,phases      ] GC(1848) Compaction Phase 148.464ms
[556.697s][info][gc,phases,start] GC(1848) Post Compact
[556.699s][info][gc,phases      ] GC(1848) Post Compact 2.222ms
[556.699s][info][gc,heap        ] GC(1848) PSYoungGen: 111616K(222720K)->93981K(222720K) Eden: 111616K(111616K)->93981K(111616K) From: 0K(111104K)->0K(111104K)
[556.699s][info][gc,heap        ] GC(1848) ParOldGen: 667515K(667648K)->667515K(667648K)
[556.699s][info][gc,metaspace   ] GC(1848) Metaspace: 18925K(19072K)->18925K(19072K) NonClass: 17096K(17216K)->17096K(17216K) Class: 1829K(1856K)->1829K(1856K)
[556.699s][info][gc             ] GC(1848) Pause Full (Allocation Failure) 760M->743M(869M) 1095.576ms
[556.699s][info][gc,cpu         ] GC(1848) User=2.14s Sys=0.00s Real=1.09s
[556.717s][info][gc,start       ] GC(1849) Pause Full (Allocation Failure)
[556.717s][info][gc,phases,start] GC(1849) Marking Phase
[557.267s][info][gc,phases      ] GC(1849) Marking Phase 550.565ms
[557.267s][info][gc,phases,start] GC(1849) Summary Phase
[557.267s][info][gc,phases      ] GC(1849) Summary Phase 0.023ms
[557.267s][info][gc,phases,start] GC(1849) Forward
[557.290s][info][gc,phases      ] GC(1849) Forward 22.689ms
[557.290s][info][gc,phases,start] GC(1849) Adjust Pointers
[557.666s][info][gc,phases      ] GC(1849) Adjust Pointers 375.755ms
[557.666s][info][gc,phases,start] GC(1849) Compaction Phase
[557.820s][info][gc,phases      ] GC(1849) Compaction Phase 153.753ms
[557.820s][info][gc,phases,start] GC(1849) Post Compact
[557.822s][info][gc,phases      ] GC(1849) Post Compact 2.235ms
[557.822s][info][gc,heap        ] GC(1849) PSYoungGen: 111616K(222720K)->94690K(222720K) Eden: 111616K(111616K)->94690K(111616K) From: 0K(111104K)->0K(111104K)
[557.822s][info][gc,heap        ] GC(1849) ParOldGen: 667515K(667648K)->667515K(667648K)
[557.822s][info][gc,metaspace   ] GC(1849) Metaspace: 18925K(19072K)->18925K(19072K) NonClass: 17096K(17216K)->17096K(17216K) Class: 1829K(1856K)->1829K(1856K)
[557.822s][info][gc             ] GC(1849) Pause Full (Allocation Failure) 760M->744M(869M) 1105.440ms
[557.822s][info][gc,cpu         ] GC(1849) User=2.15s Sys=0.00s Real=1.11s
[557.842s][info][gc,start       ] GC(1850) Pause Full (Allocation Failure)
[557.842s][info][gc,phases,start] GC(1850) Marking Phase
[558.396s][info][gc,phases      ] GC(1850) Marking Phase 553.997ms
[558.396s][info][gc,phases,start] GC(1850) Summary Phase
[558.396s][info][gc,phases      ] GC(1850) Summary Phase 0.023ms
[558.396s][info][gc,phases,start] GC(1850) Forward
[558.419s][info][gc,phases      ] GC(1850) Forward 23.139ms
[558.419s][info][gc,phases,start] GC(1850) Adjust Pointers
[558.794s][info][gc,phases      ] GC(1850) Adjust Pointers 374.104ms
[558.794s][info][gc,phases,start] GC(1850) Compaction Phase
[558.942s][info][gc,phases      ] GC(1850) Compaction Phase 148.643ms
[558.942s][info][gc,phases,start] GC(1850) Post Compact
[558.945s][info][gc,phases      ] GC(1850) Post Compact 2.238ms
[558.945s][info][gc,heap        ] GC(1850) PSYoungGen: 111616K(222720K)->94713K(222720K) Eden: 111616K(111616K)->94713K(111616K) From: 0K(111104K)->0K(111104K)
[558.945s][info][gc,heap        ] GC(1850) ParOldGen: 667515K(667648K)->667515K(667648K)
[558.945s][info][gc,metaspace   ] GC(1850) Metaspace: 18925K(19072K)->18925K(19072K) NonClass: 17096K(17216K)->17096K(17216K) Class: 1829K(1856K)->1829K(1856K)
[558.945s][info][gc             ] GC(1850) Pause Full (Allocation Failure) 760M->744M(869M) 1102.528ms
[558.945s][info][gc,cpu         ] GC(1850) User=2.16s Sys=0.01s Real=1.10s
[558.964s][info][gc,start       ] GC(1851) Pause Full (Allocation Failure)
[558.965s][info][gc,phases,start] GC(1851) Marking Phase
[559.520s][info][gc,phases      ] GC(1851) Marking Phase 555.665ms
[559.520s][info][gc,phases,start] GC(1851) Summary Phase
[559.520s][info][gc,phases      ] GC(1851) Summary Phase 0.024ms
[559.520s][info][gc,phases,start] GC(1851) Forward
[559.545s][info][gc,phases      ] GC(1851) Forward 24.197ms
[559.545s][info][gc,phases,start] GC(1851) Adjust Pointers
[559.924s][info][gc,phases      ] GC(1851) Adjust Pointers 379.252ms
[559.924s][info][gc,phases,start] GC(1851) Compaction Phase
[560.075s][info][gc,phases      ] GC(1851) Compaction Phase 151.089ms
[560.075s][info][gc,phases,start] GC(1851) Post Compact
[560.077s][info][gc,phases      ] GC(1851) Post Compact 2.214ms
[560.077s][info][gc,heap        ] GC(1851) PSYoungGen: 111616K(222720K)->94747K(222720K) Eden: 111616K(111616K)->94747K(111616K) From: 0K(111104K)->0K(111104K)
[560.077s][info][gc,heap        ] GC(1851) ParOldGen: 667515K(667648K)->667515K(667648K)
[560.077s][info][gc,metaspace   ] GC(1851) Metaspace: 18925K(19072K)->18925K(19072K) NonClass: 17096K(17216K)->17096K(17216K) Class: 1829K(1856K)->1829K(1856K)
[560.077s][info][gc             ] GC(1851) Pause Full (Allocation Failure) 760M->744M(869M) 1112.903ms
[560.077s][info][gc,cpu         ] GC(1851) User=2.18s Sys=0.00s Real=1.11s
[560.096s][info][gc,start       ] GC(1852) Pause Full (Allocation Failure)
[560.096s][info][gc,phases,start] GC(1852) Marking Phase
[560.541s][info][gc,phases      ] GC(1852) Marking Phase 445.326ms
[560.541s][info][gc,phases,start] GC(1852) Summary Phase
[560.541s][info][gc,phases      ] GC(1852) Summary Phase 0.028ms
[560.541s][info][gc,phases,start] GC(1852) Forward
[560.676s][info][gc,phases      ] GC(1852) Forward 135.226ms
[560.677s][info][gc,phases,start] GC(1852) Adjust Pointers
[561.010s][info][gc,phases      ] GC(1852) Adjust Pointers 333.080ms
[561.010s][info][gc,phases,start] GC(1852) Compaction Phase
[561.195s][info][gc,phases      ] GC(1852) Compaction Phase 185.719ms
[561.208s][info][gc,phases,start] GC(1852) Post Compact
[561.211s][info][gc,phases      ] GC(1852) Post Compact 2.286ms
[561.211s][info][gc,heap        ] GC(1852) PSYoungGen: 111616K(222720K)->0K(222720K) Eden: 111616K(111616K)->0K(111616K) From: 0K(111104K)->0K(111104K)
[561.211s][info][gc,heap        ] GC(1852) ParOldGen: 667515K(667648K)->619733K(667648K)
[561.211s][info][gc,metaspace   ] GC(1852) Metaspace: 18925K(19072K)->18925K(19072K) NonClass: 17096K(17216K)->17096K(17216K) Class: 1829K(1856K)->1829K(1856K)
[561.211s][info][gc             ] GC(1852) Pause Full (Allocation Failure) 760M->605M(869M) 1115.069ms
[561.211s][info][gc,cpu         ] GC(1852) User=2.12s Sys=0.00s Real=1.11s
[561.502s][info][gc,start       ] GC(1853) Pause Young (Allocation Failure)
[561.505s][info][gc,heap        ] GC(1853) PSYoungGen: 111616K(222720K)->160K(222720K) Eden: 111616K(111616K)->0K(111616K) From: 0K(111104K)->160K(111104K)
[561.505s][info][gc,heap        ] GC(1853) ParOldGen: 619733K(667648K)->619733K(667648K)
[561.505s][info][gc,metaspace   ] GC(1853) Metaspace: 18925K(19072K)->18925K(19072K) NonClass: 17096K(17216K)->17096K(17216K) Class: 1829K(1856K)->1829K(1856K)
[561.505s][info][gc             ] GC(1853) Pause Young (Allocation Failure) 714M->605M(869M) 2.971ms
[561.505s][info][gc,cpu         ] GC(1853) User=0.01s Sys=0.00s Real=0.00s
[561.768s][info][gc,start       ] GC(1854) Pause Young (Allocation Failure)
[561.778s][info][gc,heap        ] GC(1854) PSYoungGen: 111776K(222720K)->7968K(222720K) Eden: 111616K(111616K)->0K(111616K) From: 160K(111104K)->7968K(111104K)
[561.778s][info][gc,heap        ] GC(1854) ParOldGen: 619733K(667648K)->619869K(667648K)
[561.778s][info][gc,metaspace   ] GC(1854) Metaspace: 18926K(19072K)->18926K(19072K) NonClass: 17097K(17216K)->17097K(17216K) Class: 1829K(1856K)->1829K(1856K)
[561.778s][info][gc             ] GC(1854) Pause Young (Allocation Failure) 714M->613M(869M) 9.868ms
[561.778s][info][gc,cpu         ] GC(1854) User=0.02s Sys=0.00s Real=0.01s
[561.901s][info][gc,start       ] GC(1855) Pause Young (Allocation Failure)
[561.925s][info][gc,heap        ] GC(1855) PSYoungGen: 119584K(222720K)->15128K(222720K) Eden: 111616K(111616K)->0K(111616K) From: 7968K(111104K)->15128K(111104K)
[561.925s][info][gc,heap        ] GC(1855) ParOldGen: 619869K(667648K)->627773K(667648K)
[561.925s][info][gc,metaspace   ] GC(1855) Metaspace: 18926K(19072K)->18926K(19072K) NonClass: 17097K(17216K)->17097K(17216K) Class: 1829K(1856K)->1829K(1856K)
[561.925s][info][gc             ] GC(1855) Pause Young (Allocation Failure) 722M->627M(869M) 24.171ms
[561.925s][info][gc,cpu         ] GC(1855) User=0.05s Sys=0.00s Real=0.03s
[562.098s][info][gc,start       ] GC(1856) Pause Young (Allocation Failure)
[562.116s][info][gc,heap        ] GC(1856) PSYoungGen: 126744K(222720K)->64K(222720K) Eden: 111616K(111616K)->0K(111616K) From: 15128K(111104K)->64K(111104K)
[562.117s][info][gc,heap        ] GC(1856) ParOldGen: 627773K(667648K)->642910K(667648K)
[562.117s][info][gc,metaspace   ] GC(1856) Metaspace: 18926K(19072K)->18926K(19072K) NonClass: 17097K(17216K)->17097K(17216K) Class: 1829K(1856K)->1829K(1856K)
[562.117s][info][gc             ] GC(1856) Pause Young (Allocation Failure) 736M->627M(869M) 18.414ms
[562.117s][info][gc,cpu         ] GC(1856) User=0.03s Sys=0.00s Real=0.02s
[562.304s][info][gc,start       ] GC(1857) Pause Full (Allocation Failure)
[562.304s][info][gc,phases,start] GC(1857) Marking Phase
[562.750s][info][gc,phases      ] GC(1857) Marking Phase 445.276ms
[562.750s][info][gc,phases,start] GC(1857) Summary Phase
[562.750s][info][gc,phases      ] GC(1857) Summary Phase 0.025ms
[562.750s][info][gc,phases,start] GC(1857) Forward
[562.755s][info][gc,phases      ] GC(1857) Forward 4.879ms
[562.755s][info][gc,phases,start] GC(1857) Adjust Pointers
[563.054s][info][gc,phases      ] GC(1857) Adjust Pointers 299.020ms
[563.054s][info][gc,phases,start] GC(1857) Compaction Phase
[563.179s][info][gc,phases      ] GC(1857) Compaction Phase 125.157ms
[563.179s][info][gc,phases,start] GC(1857) Post Compact
[563.181s][info][gc,phases      ] GC(1857) Post Compact 2.172ms
[563.181s][info][gc,heap        ] GC(1857) PSYoungGen: 111680K(222720K)->0K(222720K) Eden: 111616K(111616K)->0K(111616K) From: 64K(111104K)->0K(111104K)
[563.181s][info][gc,heap        ] GC(1857) ParOldGen: 642910K(667648K)->642798K(667648K)
[563.181s][info][gc,metaspace   ] GC(1857) Metaspace: 18926K(19072K)->18926K(19072K) NonClass: 17097K(17216K)->17097K(17216K) Class: 1829K(1856K)->1829K(1856K)
[563.181s][info][gc             ] GC(1857) Pause Full (Allocation Failure) 736M->627M(869M) 876.958ms
[563.181s][info][gc,cpu         ] GC(1857) User=1.72s Sys=0.00s Real=0.87s
[564.031s][info][gc,start       ] GC(1858) Pause Full (Allocation Failure)
[564.031s][info][gc,phases,start] GC(1858) Marking Phase
[564.485s][info][gc,phases      ] GC(1858) Marking Phase 453.914ms
[564.485s][info][gc,phases,start] GC(1858) Summary Phase
[564.485s][info][gc,phases      ] GC(1858) Summary Phase 0.024ms
[564.485s][info][gc,phases,start] GC(1858) Forward
[564.490s][info][gc,phases      ] GC(1858) Forward 4.333ms
[564.490s][info][gc,phases,start] GC(1858) Adjust Pointers
[564.796s][info][gc,phases      ] GC(1858) Adjust Pointers 306.149ms
[564.796s][info][gc,phases,start] GC(1858) Compaction Phase
[564.926s][info][gc,phases      ] GC(1858) Compaction Phase 129.683ms
[564.926s][info][gc,phases,start] GC(1858) Post Compact
[564.928s][info][gc,phases      ] GC(1858) Post Compact 2.161ms
[564.928s][info][gc,heap        ] GC(1858) PSYoungGen: 111616K(222720K)->0K(222720K) Eden: 111616K(111616K)->0K(111616K) From: 0K(111104K)->0K(111104K)
[564.928s][info][gc,heap        ] GC(1858) ParOldGen: 642798K(667648K)->643274K(667648K)
[564.928s][info][gc,metaspace   ] GC(1858) Metaspace: 18926K(19072K)->18926K(19072K) NonClass: 17097K(17216K)->17097K(17216K) Class: 1829K(1856K)->1829K(1856K)
[564.928s][info][gc             ] GC(1858) Pause Full (Allocation Failure) 736M->628M(869M) 896.719ms
[564.928s][info][gc,cpu         ] GC(1858) User=1.75s Sys=0.00s Real=0.90s
[565.617s][info][gc,start       ] GC(1859) Pause Full (Allocation Failure)
[565.617s][info][gc,phases,start] GC(1859) Marking Phase
[565.985s][info][gc,phases      ] GC(1859) Marking Phase 367.906ms
[565.985s][info][gc,phases,start] GC(1859) Summary Phase
[565.985s][info][gc,phases      ] GC(1859) Summary Phase 0.028ms
[565.985s][info][gc,phases,start] GC(1859) Forward
[566.057s][info][gc,phases      ] GC(1859) Forward 71.649ms
[566.057s][info][gc,phases,start] GC(1859) Adjust Pointers
[566.318s][info][gc,phases      ] GC(1859) Adjust Pointers 261.009ms
[566.318s][info][gc,phases,start] GC(1859) Compaction Phase
[566.455s][info][gc,phases      ] GC(1859) Compaction Phase 136.634ms
[566.460s][info][gc,phases,start] GC(1859) Post Compact
[566.462s][info][gc,phases      ] GC(1859) Post Compact 2.183ms
[566.462s][info][gc,heap        ] GC(1859) PSYoungGen: 111616K(222720K)->0K(222720K) Eden: 111616K(111616K)->0K(111616K) From: 0K(111104K)->0K(111104K)
[566.462s][info][gc,heap        ] GC(1859) ParOldGen: 643274K(667648K)->518081K(667648K)
[566.462s][info][gc,metaspace   ] GC(1859) Metaspace: 18929K(19072K)->18929K(19072K) NonClass: 17099K(17216K)->17099K(17216K) Class: 1829K(1856K)->1829K(1856K)
[566.462s][info][gc             ] GC(1859) Pause Full (Allocation Failure) 737M->505M(869M) 845.229ms
[566.462s][info][gc,cpu         ] GC(1859) User=1.62s Sys=0.00s Real=0.85s
[566.841s][info][gc,start       ] GC(1860) Pause Young (Allocation Failure)
[566.845s][info][gc,heap        ] GC(1860) PSYoungGen: 111616K(222720K)->1440K(222720K) Eden: 111616K(111616K)->0K(111616K) From: 0K(111104K)->1440K(111104K)
[566.845s][info][gc,heap        ] GC(1860) ParOldGen: 518081K(667648K)->518081K(667648K)
[566.845s][info][gc,metaspace   ] GC(1860) Metaspace: 18930K(19072K)->18930K(19072K) NonClass: 17100K(17216K)->17100K(17216K) Class: 1829K(1856K)->1829K(1856K)
[566.845s][info][gc             ] GC(1860) Pause Young (Allocation Failure) 614M->507M(869M) 3.675ms
[566.845s][info][gc,cpu         ] GC(1860) User=0.01s Sys=0.00s Real=0.01s
[567.405s][info][gc,start       ] GC(1861) Pause Young (Allocation Failure)
[567.409s][info][gc,heap        ] GC(1861) PSYoungGen: 113005K(222720K)->564K(222720K) Eden: 111565K(111616K)->0K(111616K) From: 1440K(111104K)->564K(111104K)
[567.409s][info][gc,heap        ] GC(1861) ParOldGen: 518081K(667648K)->519513K(667648K)
[567.409s][info][gc,metaspace   ] GC(1861) Metaspace: 18934K(19072K)->18934K(19072K) NonClass: 17104K(17216K)->17104K(17216K) Class: 1829K(1856K)->1829K(1856K)
[567.409s][info][gc             ] GC(1861) Pause Young (Allocation Failure) 616M->507M(869M) 4.055ms
[567.409s][info][gc,cpu         ] GC(1861) User=0.00s Sys=0.00s Real=0.00s
[567.668s][info][gc,start       ] GC(1862) Pause Young (Allocation Failure)
[567.671s][info][gc,heap        ] GC(1862) PSYoungGen: 112105K(222720K)->1189K(222720K) Eden: 111540K(111616K)->0K(111616K) From: 564K(111104K)->1189K(111104K)
[567.671s][info][gc,heap        ] GC(1862) ParOldGen: 519513K(667648K)->519754K(667648K)
[567.671s][info][gc,metaspace   ] GC(1862) Metaspace: 18935K(19072K)->18935K(19072K) NonClass: 17105K(17216K)->17105K(17216K) Class: 1829K(1856K)->1829K(1856K)
[567.671s][info][gc             ] GC(1862) Pause Young (Allocation Failure) 616M->508M(869M) 2.448ms
[567.671s][info][gc,cpu         ] GC(1862) User=0.00s Sys=0.00s Real=0.00s
[567.926s][info][gc,start       ] GC(1863) Pause Young (Allocation Failure)
[567.928s][info][gc,heap        ] GC(1863) PSYoungGen: 112805K(222720K)->810K(112640K) Eden: 111616K(111616K)->0K(111616K) From: 1189K(111104K)->810K(1024K)
[567.928s][info][gc,heap        ] GC(1863) ParOldGen: 519754K(667648K)->519890K(667648K)
[567.928s][info][gc,metaspace   ] GC(1863) Metaspace: 18935K(19072K)->18935K(19072K) NonClass: 17105K(17216K)->17105K(17216K) Class: 1829K(1856K)->1829K(1856K)
[567.929s][info][gc             ] GC(1863) Pause Young (Allocation Failure) 617M->508M(762M) 2.302ms
[567.929s][info][gc,cpu         ] GC(1863) User=0.01s Sys=0.00s Real=0.00s
[568.134s][info][gc,start       ] GC(1864) Pause Young (Allocation Failure)
[568.146s][info][gc,heap        ] GC(1864) PSYoungGen: 112426K(112640K)->13984K(210432K) Eden: 111616K(111616K)->0K(113152K) From: 810K(1024K)->13984K(97280K)
[568.146s][info][gc,heap        ] GC(1864) ParOldGen: 519890K(667648K)->519890K(667648K)
[568.146s][info][gc,metaspace   ] GC(1864) Metaspace: 18940K(19072K)->18940K(19072K) NonClass: 17111K(17216K)->17111K(17216K) Class: 1829K(1856K)->1829K(1856K)
[568.147s][info][gc             ] GC(1864) Pause Young (Allocation Failure) 617M->521M(857M) 12.940ms
[568.147s][info][gc,cpu         ] GC(1864) User=0.02s Sys=0.00s Real=0.01s
[568.232s][info][gc,start       ] GC(1865) Pause Young (Allocation Failure)
[568.273s][info][gc,heap        ] GC(1865) PSYoungGen: 127136K(210432K)->51488K(216064K) Eden: 113152K(113152K)->0K(113152K) From: 13984K(97280K)->51488K(102912K)
[568.273s][info][gc,heap        ] GC(1865) ParOldGen: 519890K(667648K)->519890K(667648K)
[568.273s][info][gc,metaspace   ] GC(1865) Metaspace: 18940K(19072K)->18940K(19072K) NonClass: 17111K(17216K)->17111K(17216K) Class: 1829K(1856K)->1829K(1856K)
[568.273s][info][gc             ] GC(1865) Pause Young (Allocation Failure) 631M->557M(863M) 41.356ms
[568.273s][info][gc,cpu         ] GC(1865) User=0.08s Sys=0.00s Real=0.05s
[568.363s][info][gc,start       ] GC(1866) Pause Young (Allocation Failure)
[568.426s][info][gc,heap        ] GC(1866) PSYoungGen: 164640K(216064K)->88768K(217600K) Eden: 113152K(113152K)->0K(111616K) From: 51488K(102912K)->88768K(105984K)
[568.426s][info][gc,heap        ] GC(1866) ParOldGen: 519890K(667648K)->519890K(667648K)
[568.426s][info][gc,metaspace   ] GC(1866) Metaspace: 18940K(19072K)->18940K(19072K) NonClass: 17111K(17216K)->17111K(17216K) Class: 1829K(1856K)->1829K(1856K)
[568.426s][info][gc             ] GC(1866) Pause Young (Allocation Failure) 668M->594M(864M) 62.819ms
[568.426s][info][gc,cpu         ] GC(1866) User=0.12s Sys=0.00s Real=0.06s
[568.502s][info][gc,start       ] GC(1867) Pause Young (Allocation Failure)
[568.590s][info][gc,heap        ] GC(1867) PSYoungGen: 200384K(217600K)->111072K(222720K) Eden: 111616K(111616K)->0K(111616K) From: 88768K(105984K)->111072K(111104K)
[568.590s][info][gc,heap        ] GC(1867) ParOldGen: 519890K(667648K)->539766K(667648K)
[568.590s][info][gc,metaspace   ] GC(1867) Metaspace: 18940K(19072K)->18940K(19072K) NonClass: 17111K(17216K)->17111K(17216K) Class: 1829K(1856K)->1829K(1856K)
[568.590s][info][gc             ] GC(1867) Pause Young (Allocation Failure) 703M->635M(869M) 88.240ms
[568.590s][info][gc,cpu         ] GC(1867) User=0.18s Sys=0.00s Real=0.08s
[568.745s][info][gc,start       ] GC(1868) Pause Young (Allocation Failure)
[568.853s][info][gc,heap        ] GC(1868) PSYoungGen: 222688K(222720K)->80887K(222720K) Eden: 111616K(111616K)->0K(111616K) From: 111072K(111104K)->80887K(111104K)
[568.853s][info][gc,heap        ] GC(1868) ParOldGen: 539766K(667648K)->614982K(667648K)
[568.853s][info][gc,metaspace   ] GC(1868) Metaspace: 18940K(19072K)->18940K(19072K) NonClass: 17111K(17216K)->17111K(17216K) Class: 1829K(1856K)->1829K(1856K)
[568.853s][info][gc             ] GC(1868) Pause Young (Allocation Failure) 744M->679M(869M) 108.185ms
[568.853s][info][gc,cpu         ] GC(1868) User=0.22s Sys=0.00s Real=0.11s
[568.965s][info][gc,start       ] GC(1869) Pause Young (Allocation Failure)
[569.051s][info][gc,promotion   ] GC(1869) Promotion failed
[569.051s][info][gc,heap        ] GC(1869) PSYoungGen: 192503K(222720K)->192503K(222720K) Eden: 111616K(111616K)->111616K(111616K) From: 80887K(111104K)->80887K(111104K)
[569.051s][info][gc,heap        ] GC(1869) ParOldGen: 614982K(667648K)->667646K(667648K)
[569.051s][info][gc,metaspace   ] GC(1869) Metaspace: 18940K(19072K)->18940K(19072K) NonClass: 17111K(17216K)->17111K(17216K) Class: 1829K(1856K)->1829K(1856K)
[569.051s][info][gc             ] GC(1869) Pause Young (Allocation Failure) 788M->839M(869M) 86.465ms
[569.052s][info][gc,cpu         ] GC(1869) User=0.17s Sys=0.00s Real=0.08s
[569.052s][info][gc,start       ] GC(1870) Pause Full (Allocation Failure)
[569.052s][info][gc,phases,start] GC(1870) Marking Phase
[569.182s][info][gc,phases      ] GC(1870) Marking Phase 130.896ms
[569.183s][info][gc,phases,start] GC(1870) Summary Phase
[569.183s][info][gc,phases      ] GC(1870) Summary Phase 0.035ms
[569.183s][info][gc,phases,start] GC(1870) Forward
[569.241s][info][gc,phases      ] GC(1870) Forward 58.154ms
[569.241s][info][gc,phases,start] GC(1870) Adjust Pointers
[569.332s][info][gc,phases      ] GC(1870) Adjust Pointers 91.087ms
[569.332s][info][gc,phases,start] GC(1870) Compaction Phase
[569.392s][info][gc,phases      ] GC(1870) Compaction Phase 60.190ms
[569.395s][info][gc,phases,start] GC(1870) Post Compact
[569.397s][info][gc,phases      ] GC(1870) Post Compact 2.505ms
[569.410s][info][gc,heap        ] GC(1870) PSYoungGen: 192503K(222720K)->0K(222720K) Eden: 111616K(111616K)->0K(111616K) From: 80887K(111104K)->0K(111104K)
[569.410s][info][gc,heap        ] GC(1870) ParOldGen: 667646K(667648K)->232845K(523776K)
[569.410s][info][gc,metaspace   ] GC(1870) Metaspace: 18940K(19072K)->18940K(19072K) NonClass: 17111K(17216K)->17111K(17216K) Class: 1829K(1856K)->1829K(1856K)
[569.410s][info][gc             ] GC(1870) Pause Full (Allocation Failure) 839M->227M(729M) 358.559ms
[569.410s][info][gc,cpu         ] GC(1870) User=0.60s Sys=0.01s Real=0.36s
[569.534s][info][gc,start       ] GC(1871) Pause Young (Allocation Failure)
[569.550s][info][gc,heap        ] GC(1871) PSYoungGen: 111616K(222720K)->3715K(222720K) Eden: 111616K(111616K)->0K(111616K) From: 0K(111104K)->3715K(111104K)
[569.550s][info][gc,heap        ] GC(1871) ParOldGen: 232845K(523776K)->232845K(523776K)
[569.550s][info][gc,metaspace   ] GC(1871) Metaspace: 18941K(19072K)->18941K(19072K) NonClass: 17111K(17216K)->17111K(17216K) Class: 1829K(1856K)->1829K(1856K)
[569.550s][info][gc             ] GC(1871) Pause Young (Allocation Failure) 336M->231M(729M) 16.158ms
[569.550s][info][gc,cpu         ] GC(1871) User=0.03s Sys=0.00s Real=0.01s
[569.777s][info][gc,start       ] GC(1872) Pause Young (Allocation Failure)
[569.830s][info][gc,heap        ] GC(1872) PSYoungGen: 115331K(222720K)->31419K(222720K) Eden: 111616K(111616K)->0K(111616K) From: 3715K(111104K)->31419K(111104K)
[569.831s][info][gc,heap        ] GC(1872) ParOldGen: 232845K(523776K)->236269K(523776K)
[569.831s][info][gc,metaspace   ] GC(1872) Metaspace: 18941K(19072K)->18941K(19072K) NonClass: 17111K(17216K)->17111K(17216K) Class: 1829K(1856K)->1829K(1856K)
[569.831s][info][gc             ] GC(1872) Pause Young (Allocation Failure) 340M->261M(729M) 53.108ms
[569.831s][info][gc,cpu         ] GC(1872) User=0.11s Sys=0.00s Real=0.05s
[569.989s][info][gc,start       ] GC(1873) Pause Young (Allocation Failure)
[570.041s][info][gc,heap        ] GC(1873) PSYoungGen: 143035K(222720K)->5120K(222720K) Eden: 111616K(111616K)->0K(111616K) From: 31419K(111104K)->5120K(111104K)
[570.041s][info][gc,heap        ] GC(1873) ParOldGen: 236269K(523776K)->267738K(523776K)
[570.041s][info][gc,metaspace   ] GC(1873) Metaspace: 18941K(19072K)->18941K(19072K) NonClass: 17111K(17216K)->17111K(17216K) Class: 1829K(1856K)->1829K(1856K)
[570.041s][info][gc             ] GC(1873) Pause Young (Allocation Failure) 370M->266M(729M) 52.297ms
[570.041s][info][gc,cpu         ] GC(1873) User=0.10s Sys=0.00s Real=0.05s
[570.182s][info][gc,start       ] GC(1874) Pause Young (Allocation Failure)
[570.198s][info][gc,heap        ] GC(1874) PSYoungGen: 116736K(222720K)->8800K(222720K) Eden: 111616K(111616K)->0K(111616K) From: 5120K(111104K)->8800K(111104K)
[570.198s][info][gc,heap        ] GC(1874) ParOldGen: 267738K(523776K)->272786K(523776K)
[570.198s][info][gc,metaspace   ] GC(1874) Metaspace: 18941K(19072K)->18941K(19072K) NonClass: 17111K(17216K)->17111K(17216K) Class: 1829K(1856K)->1829K(1856K)
[570.198s][info][gc             ] GC(1874) Pause Young (Allocation Failure) 375M->274M(729M) 15.893ms
[570.198s][info][gc,cpu         ] GC(1874) User=0.03s Sys=0.00s Real=0.01s
[570.296s][info][gc,start       ] GC(1875) Pause Young (Allocation Failure)
[570.309s][info][gc,heap        ] GC(1875) PSYoungGen: 120416K(222720K)->1344K(222720K) Eden: 111616K(111616K)->0K(111616K) From: 8800K(111104K)->1344K(111104K)
[570.309s][info][gc,heap        ] GC(1875) ParOldGen: 272786K(523776K)->281578K(523776K)
[570.309s][info][gc,metaspace   ] GC(1875) Metaspace: 18941K(19072K)->18941K(19072K) NonClass: 17111K(17216K)->17111K(17216K) Class: 1829K(1856K)->1829K(1856K)
[570.309s][info][gc             ] GC(1875) Pause Young (Allocation Failure) 383M->276M(729M) 13.452ms
[570.309s][info][gc,cpu         ] GC(1875) User=0.02s Sys=0.00s Real=0.01s
[570.389s][info][gc,start       ] GC(1876) Pause Young (Allocation Failure)
[570.411s][info][gc,heap        ] GC(1876) PSYoungGen: 112960K(222720K)->21760K(222720K) Eden: 111616K(111616K)->0K(111616K) From: 1344K(111104K)->21760K(111104K)
[570.411s][info][gc,heap        ] GC(1876) ParOldGen: 281578K(523776K)->282890K(523776K)
[570.411s][info][gc,metaspace   ] GC(1876) Metaspace: 18941K(19072K)->18941K(19072K) NonClass: 17111K(17216K)->17111K(17216K) Class: 1829K(1856K)->1829K(1856K)
[570.412s][info][gc             ] GC(1876) Pause Young (Allocation Failure) 385M->297M(729M) 22.710ms
[570.412s][info][gc,cpu         ] GC(1876) User=0.05s Sys=0.00s Real=0.02s
[570.475s][info][gc,start       ] GC(1877) Pause Young (Allocation Failure)
[570.513s][info][gc,heap        ] GC(1877) PSYoungGen: 133376K(222720K)->20272K(222720K) Eden: 111616K(111616K)->0K(111616K) From: 21760K(111104K)->20272K(111104K)
[570.513s][info][gc,heap        ] GC(1877) ParOldGen: 282890K(523776K)->304706K(523776K)
[570.513s][info][gc,metaspace   ] GC(1877) Metaspace: 18946K(19072K)->18946K(19072K) NonClass: 17117K(17216K)->17117K(17216K) Class: 1829K(1856K)->1829K(1856K)
[570.513s][info][gc             ] GC(1877) Pause Young (Allocation Failure) 406M->317M(729M) 38.127ms
[570.513s][info][gc,cpu         ] GC(1877) User=0.08s Sys=0.00s Real=0.04s
[570.598s][info][gc,start       ] GC(1878) Pause Young (Allocation Failure)
[570.630s][info][gc,heap        ] GC(1878) PSYoungGen: 131888K(222720K)->22144K(134144K) Eden: 111616K(111616K)->0K(111616K) From: 20272K(111104K)->22144K(22528K)
[570.630s][info][gc,heap        ] GC(1878) ParOldGen: 304706K(523776K)->325094K(523776K)
[570.630s][info][gc,metaspace   ] GC(1878) Metaspace: 18946K(19072K)->18946K(19072K) NonClass: 17117K(17216K)->17117K(17216K) Class: 1829K(1856K)->1829K(1856K)
[570.630s][info][gc             ] GC(1878) Pause Young (Allocation Failure) 426M->339M(642M) 31.988ms
[570.630s][info][gc,cpu         ] GC(1878) User=0.06s Sys=0.00s Real=0.03s
[570.714s][info][gc,start       ] GC(1879) Pause Young (Allocation Failure)
[570.747s][info][gc,heap        ] GC(1879) PSYoungGen: 133760K(134144K)->34371K(217600K) Eden: 111616K(111616K)->0K(117248K) From: 22144K(22528K)->34371K(100352K)
[570.747s][info][gc,heap        ] GC(1879) ParOldGen: 325094K(523776K)->325094K(523776K)
[570.747s][info][gc,metaspace   ] GC(1879) Metaspace: 18946K(19072K)->18946K(19072K) NonClass: 17117K(17216K)->17117K(17216K) Class: 1829K(1856K)->1829K(1856K)
[570.747s][info][gc             ] GC(1879) Pause Young (Allocation Failure) 448M->351M(724M) 33.440ms
[570.747s][info][gc,cpu         ] GC(1879) User=0.06s Sys=0.00s Real=0.03s
[570.831s][info][gc,start       ] GC(1880) Pause Young (Allocation Failure)
[570.871s][info][gc,heap        ] GC(1880) PSYoungGen: 151619K(217600K)->38371K(216064K) Eden: 117248K(117248K)->0K(117248K) From: 34371K(100352K)->38371K(98816K)
[570.871s][info][gc,heap        ] GC(1880) ParOldGen: 325094K(523776K)->325094K(523776K)
[570.871s][info][gc,metaspace   ] GC(1880) Metaspace: 18946K(19072K)->18946K(19072K) NonClass: 17117K(17216K)->17117K(17216K) Class: 1829K(1856K)->1829K(1856K)
[570.871s][info][gc             ] GC(1880) Pause Young (Allocation Failure) 465M->354M(722M) 39.752ms
[570.871s][info][gc,cpu         ] GC(1880) User=0.08s Sys=0.00s Real=0.04s
[570.960s][info][gc,start       ] GC(1881) Pause Young (Allocation Failure)
[571.001s][info][gc,heap        ] GC(1881) PSYoungGen: 155619K(216064K)->40867K(216064K) Eden: 117248K(117248K)->0K(125440K) From: 38371K(98816K)->40867K(90624K)
[571.001s][info][gc,heap        ] GC(1881) ParOldGen: 325094K(523776K)->325094K(523776K)
[571.001s][info][gc,metaspace   ] GC(1881) Metaspace: 18946K(19072K)->18946K(19072K) NonClass: 17117K(17216K)->17117K(17216K) Class: 1829K(1856K)->1829K(1856K)
[571.001s][info][gc             ] GC(1881) Pause Young (Allocation Failure) 469M->357M(722M) 40.954ms
[571.001s][info][gc,cpu         ] GC(1881) User=0.08s Sys=0.00s Real=0.04s
[571.064s][info][gc,start       ] GC(1882) Pause Young (Allocation Failure)
[571.106s][info][gc,heap        ] GC(1882) PSYoungGen: 166307K(216064K)->43555K(218624K) Eden: 125440K(125440K)->0K(125440K) From: 40867K(90624K)->43555K(93184K)
[571.106s][info][gc,heap        ] GC(1882) ParOldGen: 325094K(523776K)->325094K(523776K)
[571.106s][info][gc,metaspace   ] GC(1882) Metaspace: 18946K(19072K)->18946K(19072K) NonClass: 17117K(17216K)->17117K(17216K) Class: 1829K(1856K)->1829K(1856K)
[571.106s][info][gc             ] GC(1882) Pause Young (Allocation Failure) 479M->360M(725M) 41.683ms
[571.106s][info][gc,cpu         ] GC(1882) User=0.08s Sys=0.00s Real=0.04s
[571.296s][info][gc,start       ] GC(1883) Pause Young (Allocation Failure)
[571.340s][info][gc,heap        ] GC(1883) PSYoungGen: 168995K(218624K)->45923K(224256K) Eden: 125440K(125440K)->0K(134144K) From: 43555K(93184K)->45923K(90112K)
[571.340s][info][gc,heap        ] GC(1883) ParOldGen: 325094K(523776K)->325094K(523776K)
[571.340s][info][gc,metaspace   ] GC(1883) Metaspace: 18946K(19072K)->18946K(19072K) NonClass: 17117K(17216K)->17117K(17216K) Class: 1829K(1856K)->1829K(1856K)
[571.340s][info][gc             ] GC(1883) Pause Young (Allocation Failure) 482M->362M(730M) 43.614ms
[571.340s][info][gc,cpu         ] GC(1883) User=0.08s Sys=0.00s Real=0.04s
[571.667s][info][gc,start       ] GC(1884) Pause Young (Allocation Failure)
[571.713s][info][gc,heap        ] GC(1884) PSYoungGen: 180067K(224256K)->48931K(225280K) Eden: 134144K(134144K)->0K(134144K) From: 45923K(90112K)->48931K(91136K)
[571.713s][info][gc,heap        ] GC(1884) ParOldGen: 325094K(523776K)->325094K(523776K)
[571.713s][info][gc,metaspace   ] GC(1884) Metaspace: 18947K(19072K)->18947K(19072K) NonClass: 17118K(17216K)->17118K(17216K) Class: 1829K(1856K)->1829K(1856K)
[571.713s][info][gc             ] GC(1884) Pause Young (Allocation Failure) 493M->365M(731M) 45.874ms
[571.713s][info][gc,cpu         ] GC(1884) User=0.09s Sys=0.00s Real=0.05s
[571.844s][info][gc,start       ] GC(1885) Pause Young (Allocation Failure)
[571.947s][info][gc,heap        ] GC(1885) PSYoungGen: 183075K(225280K)->91107K(204800K) Eden: 134144K(134144K)->0K(113664K) From: 48931K(91136K)->91107K(91136K)
[571.947s][info][gc,heap        ] GC(1885) ParOldGen: 325094K(523776K)->336142K(523776K)
[571.947s][info][gc,metaspace   ] GC(1885) Metaspace: 18949K(19072K)->18949K(19072K) NonClass: 17120K(17216K)->17120K(17216K) Class: 1829K(1856K)->1829K(1856K)
[571.947s][info][gc             ] GC(1885) Pause Young (Allocation Failure) 496M->417M(711M) 102.502ms
[571.947s][info][gc,cpu         ] GC(1885) User=0.20s Sys=0.01s Real=0.10s
[572.107s][info][gc,start       ] GC(1886) Pause Young (Allocation Failure)
[572.221s][info][gc,heap        ] GC(1886) PSYoungGen: 204771K(204800K)->87888K(201728K) Eden: 113664K(113664K)->0K(113664K) From: 91107K(91136K)->87888K(88064K)
[572.221s][info][gc,heap        ] GC(1886) ParOldGen: 336142K(523776K)->367169K(523776K)
[572.221s][info][gc,metaspace   ] GC(1886) Metaspace: 18949K(19072K)->18949K(19072K) NonClass: 17120K(17216K)->17120K(17216K) Class: 1829K(1856K)->1829K(1856K)
[572.221s][info][gc             ] GC(1886) Pause Young (Allocation Failure) 528M->444M(708M) 114.472ms
[572.221s][info][gc,cpu         ] GC(1886) User=0.23s Sys=0.00s Real=0.11s
[572.323s][info][gc,start       ] GC(1887) Pause Young (Allocation Failure)
[572.402s][info][gc,heap        ] GC(1887) PSYoungGen: 201552K(201728K)->86176K(222720K) Eden: 113664K(113664K)->0K(111616K) From: 87888K(88064K)->86176K(111104K)
[572.402s][info][gc,heap        ] GC(1887) ParOldGen: 367169K(523776K)->372873K(523776K)
[572.402s][info][gc,metaspace   ] GC(1887) Metaspace: 18949K(19072K)->18949K(19072K) NonClass: 17120K(17216K)->17120K(17216K) Class: 1829K(1856K)->1829K(1856K)
[572.402s][info][gc             ] GC(1887) Pause Young (Allocation Failure) 555M->448M(729M) 79.004ms
[572.402s][info][gc,cpu         ] GC(1887) User=0.16s Sys=0.00s Real=0.08s
[572.466s][info][gc,start       ] GC(1888) Pause Young (Allocation Failure)
[572.538s][info][gc,heap        ] GC(1888) PSYoungGen: 197792K(222720K)->82192K(222720K) Eden: 111616K(111616K)->0K(111616K) From: 86176K(111104K)->82192K(111104K)
[572.538s][info][gc,heap        ] GC(1888) ParOldGen: 372873K(523776K)->377657K(523776K)
[572.538s][info][gc,metaspace   ] GC(1888) Metaspace: 18950K(19072K)->18950K(19072K) NonClass: 17121K(17216K)->17121K(17216K) Class: 1829K(1856K)->1829K(1856K)
[572.538s][info][gc             ] GC(1888) Pause Young (Allocation Failure) 557M->449M(729M) 72.204ms
[572.538s][info][gc,cpu         ] GC(1888) User=0.15s Sys=0.00s Real=0.07s
[572.694s][info][gc,start       ] GC(1889) Pause Young (Allocation Failure)
[572.765s][info][gc,heap        ] GC(1889) PSYoungGen: 193808K(222720K)->33600K(222720K) Eden: 111616K(111616K)->0K(111616K) From: 82192K(111104K)->33600K(111104K)
[572.765s][info][gc,heap        ] GC(1889) ParOldGen: 377657K(523776K)->427857K(523776K)
[572.765s][info][gc,metaspace   ] GC(1889) Metaspace: 18950K(19072K)->18950K(19072K) NonClass: 17121K(17216K)->17121K(17216K) Class: 1829K(1856K)->1829K(1856K)
[572.765s][info][gc             ] GC(1889) Pause Young (Allocation Failure) 558M->450M(729M) 70.907ms
[572.765s][info][gc,cpu         ] GC(1889) User=0.15s Sys=0.00s Real=0.07s
[572.975s][info][gc,start       ] GC(1890) Pause Young (Allocation Failure)
[573.011s][info][gc,heap        ] GC(1890) PSYoungGen: 145216K(222720K)->2400K(222720K) Eden: 111616K(111616K)->0K(111616K) From: 33600K(111104K)->2400K(111104K)
[573.011s][info][gc,heap        ] GC(1890) ParOldGen: 427857K(523776K)->459566K(523776K)
[573.011s][info][gc,metaspace   ] GC(1890) Metaspace: 18950K(19072K)->18950K(19072K) NonClass: 17121K(17216K)->17121K(17216K) Class: 1829K(1856K)->1829K(1856K)
[573.011s][info][gc             ] GC(1890) Pause Young (Allocation Failure) 559M->451M(729M) 36.328ms
[573.011s][info][gc,cpu         ] GC(1890) User=0.07s Sys=0.00s Real=0.03s
[573.228s][info][gc,start       ] GC(1891) Pause Young (Allocation Failure)
[573.255s][info][gc,heap        ] GC(1891) PSYoungGen: 114016K(222720K)->25024K(222720K) Eden: 111616K(111616K)->0K(111616K) From: 2400K(111104K)->25024K(111104K)
[573.255s][info][gc,heap        ] GC(1891) ParOldGen: 459566K(523776K)->461734K(523776K)
[573.255s][info][gc,metaspace   ] GC(1891) Metaspace: 18950K(19072K)->18950K(19072K) NonClass: 17121K(17216K)->17121K(17216K) Class: 1829K(1856K)->1829K(1856K)
[573.255s][info][gc             ] GC(1891) Pause Young (Allocation Failure) 560M->475M(729M) 27.142ms
[573.255s][info][gc,cpu         ] GC(1891) User=0.06s Sys=0.00s Real=0.03s
[573.379s][info][gc,start       ] GC(1892) Pause Young (Allocation Failure)
[573.440s][info][gc,heap        ] GC(1892) PSYoungGen: 136640K(222720K)->42227K(222720K) Eden: 111616K(111616K)->0K(111616K) From: 25024K(111104K)->42227K(111104K)
[573.440s][info][gc,heap        ] GC(1892) ParOldGen: 461734K(523776K)->486814K(523776K)
[573.440s][info][gc,metaspace   ] GC(1892) Metaspace: 18951K(19072K)->18951K(19072K) NonClass: 17122K(17216K)->17122K(17216K) Class: 1829K(1856K)->1829K(1856K)
[573.440s][info][gc             ] GC(1892) Pause Young (Allocation Failure) 584M->516M(729M) 61.255ms
[573.440s][info][gc,cpu         ] GC(1892) User=0.12s Sys=0.00s Real=0.06s
[573.565s][info][gc,start       ] GC(1893) Pause Young (Allocation Failure)
[573.650s][info][gc,heap        ] GC(1893) PSYoungGen: 153843K(222720K)->50484K(222720K) Eden: 111616K(111616K)->0K(111616K) From: 42227K(111104K)->50484K(111104K)
[573.650s][info][gc,heap        ] GC(1893) ParOldGen: 486814K(523776K)->529228K(529408K)
[573.650s][info][gc,metaspace   ] GC(1893) Metaspace: 18951K(19072K)->18951K(19072K) NonClass: 17122K(17216K)->17122K(17216K) Class: 1829K(1856K)->1829K(1856K)
[573.650s][info][gc             ] GC(1893) Pause Young (Allocation Failure) 625M->566M(734M) 84.978ms
[573.650s][info][gc,cpu         ] GC(1893) User=0.17s Sys=0.00s Real=0.08s
[573.704s][info][gc,start       ] GC(1894) Pause Young (Allocation Failure)
[573.825s][info][gc,heap        ] GC(1894) PSYoungGen: 162100K(222720K)->52736K(164352K) Eden: 111616K(111616K)->0K(111616K) From: 50484K(111104K)->52736K(52736K)
[573.825s][info][gc,heap        ] GC(1894) ParOldGen: 529228K(529408K)->579954K(580096K)
[573.825s][info][gc,metaspace   ] GC(1894) Metaspace: 18951K(19072K)->18951K(19072K) NonClass: 17122K(17216K)->17122K(17216K) Class: 1829K(1856K)->1829K(1856K)
[573.825s][info][gc             ] GC(1894) Pause Young (Allocation Failure) 675M->617M(727M) 121.707ms
[573.825s][info][gc,cpu         ] GC(1894) User=0.20s Sys=0.04s Real=0.12s
[573.899s][info][gc,start       ] GC(1895) Pause Young (Allocation Failure)
[573.957s][info][gc,heap        ] GC(1895) PSYoungGen: 164352K(164352K)->61664K(219136K) Eden: 111616K(111616K)->0K(111616K) From: 52736K(52736K)->61664K(107520K)
[573.957s][info][gc,heap        ] GC(1895) ParOldGen: 579954K(580096K)->579954K(580096K)
[573.957s][info][gc,metaspace   ] GC(1895) Metaspace: 18951K(19072K)->18951K(19072K) NonClass: 17122K(17216K)->17122K(17216K) Class: 1829K(1856K)->1829K(1856K)
[573.957s][info][gc             ] GC(1895) Pause Young (Allocation Failure) 726M->626M(780M) 58.142ms
[573.957s][info][gc,cpu         ] GC(1895) User=0.11s Sys=0.00s Real=0.06s
[574.062s][info][gc,start       ] GC(1896) Pause Young (Allocation Failure)
[574.122s][info][gc,heap        ] GC(1896) PSYoungGen: 173280K(219136K)->65464K(219136K) Eden: 111616K(111616K)->0K(111616K) From: 61664K(107520K)->65464K(107520K)
[574.122s][info][gc,heap        ] GC(1896) ParOldGen: 579954K(580096K)->579954K(580096K)
[574.122s][info][gc,metaspace   ] GC(1896) Metaspace: 18953K(19072K)->18953K(19072K) NonClass: 17124K(17216K)->17124K(17216K) Class: 1829K(1856K)->1829K(1856K)
[574.122s][info][gc             ] GC(1896) Pause Young (Allocation Failure) 735M->630M(780M) 60.375ms
[574.122s][info][gc,cpu         ] GC(1896) User=0.12s Sys=0.00s Real=0.07s
[574.235s][info][gc,start       ] GC(1897) Pause Young (Allocation Failure)
[574.300s][info][gc,heap        ] GC(1897) PSYoungGen: 177080K(219136K)->70148K(221696K) Eden: 111616K(111616K)->0K(113664K) From: 65464K(107520K)->70148K(108032K)
[574.300s][info][gc,heap        ] GC(1897) ParOldGen: 579954K(580096K)->579954K(580096K)
[574.300s][info][gc,metaspace   ] GC(1897) Metaspace: 18953K(19072K)->18953K(19072K) NonClass: 17124K(17216K)->17124K(17216K) Class: 1829K(1856K)->1829K(1856K)
[574.300s][info][gc             ] GC(1897) Pause Young (Allocation Failure) 739M->634M(783M) 65.025ms
[574.300s][info][gc,cpu         ] GC(1897) User=0.13s Sys=0.00s Real=0.06s
[574.442s][info][gc,start       ] GC(1898) Pause Young (Allocation Failure)
[574.516s][info][gc,heap        ] GC(1898) PSYoungGen: 183812K(221696K)->81972K(196096K) Eden: 113664K(113664K)->0K(113664K) From: 70148K(108032K)->81972K(82432K)
[574.516s][info][gc,heap        ] GC(1898) ParOldGen: 579954K(580096K)->579954K(580096K)
[574.516s][info][gc,metaspace   ] GC(1898) Metaspace: 18953K(19072K)->18953K(19072K) NonClass: 17124K(17216K)->17124K(17216K) Class: 1829K(1856K)->1829K(1856K)
[574.516s][info][gc             ] GC(1898) Pause Young (Allocation Failure) 745M->646M(758M) 74.167ms
[574.516s][info][gc,cpu         ] GC(1898) User=0.15s Sys=0.00s Real=0.07s
[574.579s][info][gc,start       ] GC(1899) Pause Young (Allocation Failure)
[574.712s][info][gc,heap        ] GC(1899) PSYoungGen: 195636K(196096K)->60340K(222720K) Eden: 113664K(113664K)->0K(111616K) From: 81972K(82432K)->60340K(111104K)
[574.712s][info][gc,heap        ] GC(1899) ParOldGen: 579954K(580096K)->641810K(642048K)
[574.712s][info][gc,metaspace   ] GC(1899) Metaspace: 18953K(19072K)->18953K(19072K) NonClass: 17124K(17216K)->17124K(17216K) Class: 1829K(1856K)->1829K(1856K)
[574.712s][info][gc             ] GC(1899) Pause Young (Allocation Failure) 757M->685M(844M) 132.470ms
[574.712s][info][gc,cpu         ] GC(1899) User=0.21s Sys=0.05s Real=0.14s
[574.841s][info][gc,start       ] GC(1900) Pause Full (Allocation Failure)
[574.841s][info][gc,phases,start] GC(1900) Marking Phase
[574.942s][info][gc,phases      ] GC(1900) Marking Phase 100.899ms
[574.942s][info][gc,phases,start] GC(1900) Summary Phase
[574.942s][info][gc,phases      ] GC(1900) Summary Phase 0.029ms
[574.942s][info][gc,phases,start] GC(1900) Forward
[574.973s][info][gc,phases      ] GC(1900) Forward 30.694ms
[574.973s][info][gc,phases,start] GC(1900) Adjust Pointers
[575.044s][info][gc,phases      ] GC(1900) Adjust Pointers 71.426ms
[575.044s][info][gc,phases,start] GC(1900) Compaction Phase
[575.089s][info][gc,phases      ] GC(1900) Compaction Phase 44.632ms
[575.092s][info][gc,phases,start] GC(1900) Post Compact
[575.094s][info][gc,phases      ] GC(1900) Post Compact 2.354ms
[575.107s][info][gc,heap        ] GC(1900) PSYoungGen: 171956K(222720K)->0K(222720K) Eden: 111616K(111616K)->0K(111616K) From: 60340K(111104K)->0K(111104K)
[575.107s][info][gc,heap        ] GC(1900) ParOldGen: 641810K(642048K)->178004K(489984K)
[575.107s][info][gc,metaspace   ] GC(1900) Metaspace: 18956K(19072K)->18956K(19072K) NonClass: 17126K(17216K)->17126K(17216K) Class: 1829K(1856K)->1829K(1856K)
[575.107s][info][gc             ] GC(1900) Pause Full (Allocation Failure) 794M->173M(696M) 265.905ms
[575.107s][info][gc,cpu         ] GC(1900) User=0.46s Sys=0.01s Real=0.27s
[575.194s][info][gc,start       ] GC(1901) Pause Young (Allocation Failure)
[575.218s][info][gc,heap        ] GC(1901) PSYoungGen: 111616K(222720K)->24000K(222720K) Eden: 111616K(111616K)->0K(111616K) From: 0K(111104K)->24000K(111104K)
[575.218s][info][gc,heap        ] GC(1901) ParOldGen: 178004K(489984K)->178004K(489984K)
[575.218s][info][gc,metaspace   ] GC(1901) Metaspace: 18956K(19072K)->18956K(19072K) NonClass: 17126K(17216K)->17126K(17216K) Class: 1829K(1856K)->1829K(1856K)
[575.219s][info][gc             ] GC(1901) Pause Young (Allocation Failure) 282M->197M(696M) 24.327ms
[575.219s][info][gc,cpu         ] GC(1901) User=0.04s Sys=0.00s Real=0.02s
[575.296s][info][gc,start       ] GC(1902) Pause Young (Allocation Failure)
[575.358s][info][gc,heap        ] GC(1902) PSYoungGen: 135616K(222720K)->62160K(174080K) Eden: 111616K(111616K)->0K(111616K) From: 24000K(111104K)->62160K(62464K)
[575.358s][info][gc,heap        ] GC(1902) ParOldGen: 178004K(489984K)->178004K(489984K)
[575.358s][info][gc,metaspace   ] GC(1902) Metaspace: 18956K(19072K)->18956K(19072K) NonClass: 17126K(17216K)->17126K(17216K) Class: 1829K(1856K)->1829K(1856K)
[575.358s][info][gc             ] GC(1902) Pause Young (Allocation Failure) 306M->234M(648M) 62.318ms
[575.358s][info][gc,cpu         ] GC(1902) User=0.12s Sys=0.00s Real=0.06s
[575.413s][info][gc,start       ] GC(1903) Pause Young (Allocation Failure)
[575.516s][info][gc,heap        ] GC(1903) PSYoungGen: 173776K(174080K)->109041K(218624K) Eden: 111616K(111616K)->0K(109568K) From: 62160K(62464K)->109041K(109056K)
[575.516s][info][gc,heap        ] GC(1903) ParOldGen: 178004K(489984K)->182092K(489984K)
[575.516s][info][gc,metaspace   ] GC(1903) Metaspace: 18956K(19072K)->18956K(19072K) NonClass: 17126K(17216K)->17126K(17216K) Class: 1829K(1856K)->1829K(1856K)
[575.516s][info][gc             ] GC(1903) Pause Young (Allocation Failure) 343M->284M(692M) 103.144ms
[575.516s][info][gc,cpu         ] GC(1903) User=0.20s Sys=0.00s Real=0.10s
[575.610s][info][gc,start       ] GC(1904) Pause Young (Allocation Failure)
[575.732s][info][gc,heap        ] GC(1904) PSYoungGen: 218609K(218624K)->111089K(220672K) Eden: 109568K(109568K)->0K(109568K) From: 109041K(109056K)->111089K(111104K)
[575.732s][info][gc,heap        ] GC(1904) ParOldGen: 182092K(489984K)->214020K(489984K)
[575.732s][info][gc,metaspace   ] GC(1904) Metaspace: 18956K(19072K)->18956K(19072K) NonClass: 17126K(17216K)->17126K(17216K) Class: 1829K(1856K)->1829K(1856K)
[575.732s][info][gc             ] GC(1904) Pause Young (Allocation Failure) 391M->317M(694M) 122.399ms
[575.732s][info][gc,cpu         ] GC(1904) User=0.25s Sys=0.00s Real=0.13s
[575.816s][info][gc,start       ] GC(1905) Pause Young (Allocation Failure)
[575.948s][info][gc,heap        ] GC(1905) PSYoungGen: 220657K(220672K)->70465K(222720K) Eden: 109568K(109568K)->0K(111616K) From: 111089K(111104K)->70465K(111104K)
[575.948s][info][gc,heap        ] GC(1905) ParOldGen: 214020K(489984K)->272700K(489984K)
[575.948s][info][gc,metaspace   ] GC(1905) Metaspace: 18956K(19072K)->18956K(19072K) NonClass: 17126K(17216K)->17126K(17216K) Class: 1829K(1856K)->1829K(1856K)
[575.948s][info][gc             ] GC(1905) Pause Young (Allocation Failure) 424M->335M(696M) 131.317ms
[575.948s][info][gc,cpu         ] GC(1905) User=0.25s Sys=0.00s Real=0.13s
[576.016s][info][gc,start       ] GC(1906) Pause Young (Allocation Failure)
[576.095s][info][gc,heap        ] GC(1906) PSYoungGen: 182081K(222720K)->27360K(222720K) Eden: 111616K(111616K)->0K(111616K) From: 70465K(111104K)->27360K(111104K)
[576.095s][info][gc,heap        ] GC(1906) ParOldGen: 272700K(489984K)->325713K(489984K)
[576.095s][info][gc,metaspace   ] GC(1906) Metaspace: 18956K(19072K)->18956K(19072K) NonClass: 17126K(17216K)->17126K(17216K) Class: 1829K(1856K)->1829K(1856K)
[576.095s][info][gc             ] GC(1906) Pause Young (Allocation Failure) 444M->344M(696M) 79.276ms
[576.095s][info][gc,cpu         ] GC(1906) User=0.15s Sys=0.00s Real=0.08s
[576.199s][info][gc,start       ] GC(1907) Pause Young (Allocation Failure)
[576.264s][info][gc,heap        ] GC(1907) PSYoungGen: 138976K(222720K)->23489K(222720K) Eden: 111616K(111616K)->0K(111616K) From: 27360K(111104K)->23489K(111104K)
[576.265s][info][gc,heap        ] GC(1907) ParOldGen: 325713K(489984K)->353145K(489984K)
[576.265s][info][gc,metaspace   ] GC(1907) Metaspace: 18956K(19072K)->18956K(19072K) NonClass: 17126K(17216K)->17126K(17216K) Class: 1829K(1856K)->1829K(1856K)
[576.265s][info][gc             ] GC(1907) Pause Young (Allocation Failure) 453M->367M(696M) 65.625ms
[576.265s][info][gc,cpu         ] GC(1907) User=0.13s Sys=0.00s Real=0.07s
[576.337s][info][gc,start       ] GC(1908) Pause Young (Allocation Failure)
[576.375s][info][gc,heap        ] GC(1908) PSYoungGen: 135105K(222720K)->5376K(222720K) Eden: 111616K(111616K)->0K(111616K) From: 23489K(111104K)->5376K(111104K)
[576.375s][info][gc,heap        ] GC(1908) ParOldGen: 353145K(489984K)->376686K(489984K)
[576.375s][info][gc,metaspace   ] GC(1908) Metaspace: 18956K(19072K)->18956K(19072K) NonClass: 17126K(17216K)->17126K(17216K) Class: 1829K(1856K)->1829K(1856K)
[576.375s][info][gc             ] GC(1908) Pause Young (Allocation Failure) 476M->373M(696M) 38.272ms
[576.375s][info][gc,cpu         ] GC(1908) User=0.08s Sys=0.00s Real=0.04s
[576.454s][info][gc,start       ] GC(1909) Pause Young (Allocation Failure)
[576.480s][info][gc,heap        ] GC(1909) PSYoungGen: 116992K(222720K)->13696K(222720K) Eden: 111616K(111616K)->0K(111616K) From: 5376K(111104K)->13696K(111104K)
[576.480s][info][gc,heap        ] GC(1909) ParOldGen: 376686K(489984K)->382022K(489984K)
[576.480s][info][gc,metaspace   ] GC(1909) Metaspace: 18956K(19072K)->18956K(19072K) NonClass: 17126K(17216K)->17126K(17216K) Class: 1829K(1856K)->1829K(1856K)
[576.480s][info][gc             ] GC(1909) Pause Young (Allocation Failure) 482M->386M(696M) 25.935ms
[576.480s][info][gc,cpu         ] GC(1909) User=0.05s Sys=0.00s Real=0.02s
[576.558s][info][gc,start       ] GC(1910) Pause Young (Allocation Failure)
[576.590s][info][gc,heap        ] GC(1910) PSYoungGen: 125312K(222720K)->13504K(222720K) Eden: 111616K(111616K)->0K(111616K) From: 13696K(111104K)->13504K(111104K)
[576.590s][info][gc,heap        ] GC(1910) ParOldGen: 382022K(489984K)->395734K(489984K)
[576.590s][info][gc,metaspace   ] GC(1910) Metaspace: 18956K(19072K)->18956K(19072K) NonClass: 17126K(17216K)->17126K(17216K) Class: 1829K(1856K)->1829K(1856K)
[576.590s][info][gc             ] GC(1910) Pause Young (Allocation Failure) 495M->399M(696M) 32.363ms
[576.590s][info][gc,cpu         ] GC(1910) User=0.06s Sys=0.00s Real=0.03s
[576.663s][info][gc,start       ] GC(1911) Pause Young (Allocation Failure)
[576.689s][info][gc,heap        ] GC(1911) PSYoungGen: 125120K(222720K)->10368K(222720K) Eden: 111616K(111616K)->0K(111616K) From: 13504K(111104K)->10368K(111104K)
[576.689s][info][gc,heap        ] GC(1911) ParOldGen: 395734K(489984K)->409270K(489984K)
[576.689s][info][gc,metaspace   ] GC(1911) Metaspace: 18956K(19072K)->18956K(19072K) NonClass: 17126K(17216K)->17126K(17216K) Class: 1829K(1856K)->1829K(1856K)
[576.689s][info][gc             ] GC(1911) Pause Young (Allocation Failure) 508M->409M(696M) 25.731ms
[576.689s][info][gc,cpu         ] GC(1911) User=0.05s Sys=0.00s Real=0.02s
[576.750s][info][gc,start       ] GC(1912) Pause Young (Allocation Failure)
[576.763s][info][gc,heap        ] GC(1912) PSYoungGen: 121984K(222720K)->1248K(222720K) Eden: 111616K(111616K)->0K(111616K) From: 10368K(111104K)->1248K(111104K)
[576.763s][info][gc,heap        ] GC(1912) ParOldGen: 409270K(489984K)->419630K(489984K)
[576.763s][info][gc,metaspace   ] GC(1912) Metaspace: 18956K(19072K)->18956K(19072K) NonClass: 17126K(17216K)->17126K(17216K) Class: 1829K(1856K)->1829K(1856K)
[576.763s][info][gc             ] GC(1912) Pause Young (Allocation Failure) 518M->411M(696M) 12.855ms
[576.763s][info][gc,cpu         ] GC(1912) User=0.02s Sys=0.00s Real=0.02s
[576.856s][info][gc,start       ] GC(1913) Pause Young (Allocation Failure)
[576.873s][info][gc,heap        ] GC(1913) PSYoungGen: 112864K(222720K)->9152K(222720K) Eden: 111616K(111616K)->0K(111616K) From: 1248K(111104K)->9152K(111104K)
[576.873s][info][gc,heap        ] GC(1913) ParOldGen: 419630K(489984K)->420862K(489984K)
[576.873s][info][gc,metaspace   ] GC(1913) Metaspace: 18956K(19072K)->18956K(19072K) NonClass: 17126K(17216K)->17126K(17216K) Class: 1829K(1856K)->1829K(1856K)
[576.873s][info][gc             ] GC(1913) Pause Young (Allocation Failure) 520M->419M(696M) 16.846ms
[576.873s][info][gc,cpu         ] GC(1913) User=0.03s Sys=0.00s Real=0.02s
[576.933s][info][gc,start       ] GC(1914) Pause Young (Allocation Failure)
[576.960s][info][gc,heap        ] GC(1914) PSYoungGen: 120768K(222720K)->14304K(222720K) Eden: 111616K(111616K)->0K(111616K) From: 9152K(111104K)->14304K(111104K)
[576.960s][info][gc,heap        ] GC(1914) ParOldGen: 420862K(489984K)->430036K(489984K)
[576.960s][info][gc,metaspace   ] GC(1914) Metaspace: 18956K(19072K)->18956K(19072K) NonClass: 17126K(17216K)->17126K(17216K) Class: 1829K(1856K)->1829K(1856K)
[576.960s][info][gc             ] GC(1914) Pause Young (Allocation Failure) 528M->433M(696M) 26.744ms
[576.960s][info][gc,cpu         ] GC(1914) User=0.05s Sys=0.00s Real=0.02s
[577.077s][info][gc,start       ] GC(1915) Pause Young (Allocation Failure)
[577.099s][info][gc,heap        ] GC(1915) PSYoungGen: 125920K(222720K)->3392K(222720K) Eden: 111616K(111616K)->0K(111616K) From: 14304K(111104K)->3392K(111104K)
[577.099s][info][gc,heap        ] GC(1915) ParOldGen: 430036K(489984K)->444348K(489984K)
[577.099s][info][gc,metaspace   ] GC(1915) Metaspace: 18956K(19072K)->18956K(19072K) NonClass: 17126K(17216K)->17126K(17216K) Class: 1829K(1856K)->1829K(1856K)
[577.099s][info][gc             ] GC(1915) Pause Young (Allocation Failure) 542M->437M(696M) 21.843ms
[577.099s][info][gc,cpu         ] GC(1915) User=0.05s Sys=0.00s Real=0.02s
[577.277s][info][gc,start       ] GC(1916) Pause Young (Allocation Failure)
[577.299s][info][gc,heap        ] GC(1916) PSYoungGen: 115008K(222720K)->17216K(222720K) Eden: 111616K(111616K)->0K(111616K) From: 3392K(111104K)->17216K(111104K)
[577.299s][info][gc,heap        ] GC(1916) ParOldGen: 444348K(489984K)->447740K(489984K)
[577.299s][info][gc,metaspace   ] GC(1916) Metaspace: 18956K(19072K)->18956K(19072K) NonClass: 17126K(17216K)->17126K(17216K) Class: 1829K(1856K)->1829K(1856K)
[577.299s][info][gc             ] GC(1916) Pause Young (Allocation Failure) 546M->454M(696M) 21.653ms
[577.299s][info][gc,cpu         ] GC(1916) User=0.04s Sys=0.00s Real=0.02s
[577.533s][info][gc,start       ] GC(1917) Pause Young (Allocation Failure)
[577.559s][info][gc,heap        ] GC(1917) PSYoungGen: 128832K(222720K)->5824K(216576K) Eden: 111616K(111616K)->0K(111616K) From: 17216K(111104K)->5824K(104960K)
[577.559s][info][gc,heap        ] GC(1917) ParOldGen: 447740K(489984K)->464985K(489984K)
[577.559s][info][gc,metaspace   ] GC(1917) Metaspace: 18956K(19072K)->18956K(19072K) NonClass: 17126K(17216K)->17126K(17216K) Class: 1829K(1856K)->1829K(1856K)
[577.559s][info][gc             ] GC(1917) Pause Young (Allocation Failure) 563M->459M(690M) 25.126ms
[577.559s][info][gc,cpu         ] GC(1917) User=0.05s Sys=0.00s Real=0.02s
[577.872s][info][gc,start       ] GC(1918) Pause Young (Allocation Failure)
[577.879s][info][gc,heap        ] GC(1918) PSYoungGen: 117440K(216576K)->5920K(219648K) Eden: 111616K(111616K)->0K(111616K) From: 5824K(104960K)->5920K(108032K)
[577.879s][info][gc,heap        ] GC(1918) ParOldGen: 464985K(489984K)->464985K(489984K)
[577.879s][info][gc,metaspace   ] GC(1918) Metaspace: 18956K(19072K)->18956K(19072K) NonClass: 17126K(17216K)->17126K(17216K) Class: 1829K(1856K)->1829K(1856K)
[577.879s][info][gc             ] GC(1918) Pause Young (Allocation Failure) 568M->459M(693M) 7.860ms
[577.879s][info][gc,cpu         ] GC(1918) User=0.01s Sys=0.00s Real=0.01s
[578.166s][info][gc,start       ] GC(1919) Pause Young (Allocation Failure)
[578.175s][info][gc,heap        ] GC(1919) PSYoungGen: 117536K(219648K)->5920K(210432K) Eden: 111616K(111616K)->0K(116736K) From: 5920K(108032K)->5920K(93696K)
[578.175s][info][gc,heap        ] GC(1919) ParOldGen: 464985K(489984K)->464985K(489984K)
[578.175s][info][gc,metaspace   ] GC(1919) Metaspace: 18956K(19072K)->18956K(19072K) NonClass: 17126K(17216K)->17126K(17216K) Class: 1829K(1856K)->1829K(1856K)
[578.175s][info][gc             ] GC(1919) Pause Young (Allocation Failure) 568M->459M(684M) 8.704ms
[578.175s][info][gc,cpu         ] GC(1919) User=0.02s Sys=0.01s Real=0.01s
[578.434s][info][gc,start       ] GC(1920) Pause Young (Allocation Failure)
[578.443s][info][gc,heap        ] GC(1920) PSYoungGen: 122656K(210432K)->5952K(215552K) Eden: 116736K(116736K)->0K(116736K) From: 5920K(93696K)->5952K(98816K)
[578.443s][info][gc,heap        ] GC(1920) ParOldGen: 464985K(489984K)->464985K(489984K)
[578.443s][info][gc,metaspace   ] GC(1920) Metaspace: 18956K(19072K)->18956K(19072K) NonClass: 17126K(17216K)->17126K(17216K) Class: 1829K(1856K)->1829K(1856K)
[578.443s][info][gc             ] GC(1920) Pause Young (Allocation Failure) 573M->459M(689M) 8.445ms
[578.443s][info][gc,cpu         ] GC(1920) User=0.02s Sys=0.00s Real=0.01s
[578.692s][info][gc,start       ] GC(1921) Pause Young (Allocation Failure)
[578.707s][info][gc,heap        ] GC(1921) PSYoungGen: 122688K(215552K)->5920K(205312K) Eden: 116736K(116736K)->0K(120832K) From: 5952K(98816K)->5920K(84480K)
[578.707s][info][gc,heap        ] GC(1921) ParOldGen: 464985K(489984K)->464985K(489984K)
[578.707s][info][gc,metaspace   ] GC(1921) Metaspace: 18956K(19072K)->18956K(19072K) NonClass: 17126K(17216K)->17126K(17216K) Class: 1829K(1856K)->1829K(1856K)
[578.707s][info][gc             ] GC(1921) Pause Young (Allocation Failure) 573M->459M(679M) 14.485ms
[578.707s][info][gc,cpu         ] GC(1921) User=0.02s Sys=0.00s Real=0.01s
[578.936s][info][gc,start       ] GC(1922) Pause Young (Allocation Failure)
[578.951s][info][gc,heap        ] GC(1922) PSYoungGen: 126752K(205312K)->10784K(132096K) Eden: 120832K(120832K)->0K(120832K) From: 5920K(84480K)->10784K(11264K)
[578.951s][info][gc,heap        ] GC(1922) ParOldGen: 464985K(489984K)->464985K(489984K)
[578.951s][info][gc,metaspace   ] GC(1922) Metaspace: 18956K(19072K)->18956K(19072K) NonClass: 17126K(17216K)->17126K(17216K) Class: 1829K(1856K)->1829K(1856K)
[578.951s][info][gc             ] GC(1922) Pause Young (Allocation Failure) 577M->464M(607M) 15.759ms
[578.951s][info][gc,cpu         ] GC(1922) User=0.02s Sys=0.00s Real=0.01s
[579.078s][info][gc,start       ] GC(1923) Pause Young (Allocation Failure)
[579.121s][info][gc,heap        ] GC(1923) PSYoungGen: 131616K(132096K)->43494K(206336K) Eden: 120832K(120832K)->0K(122368K) From: 10784K(11264K)->43494K(83968K)
[579.121s][info][gc,heap        ] GC(1923) ParOldGen: 464985K(489984K)->464985K(489984K)
[579.121s][info][gc,metaspace   ] GC(1923) Metaspace: 18956K(19072K)->18956K(19072K) NonClass: 17126K(17216K)->17126K(17216K) Class: 1829K(1856K)->1829K(1856K)
[579.121s][info][gc             ] GC(1923) Pause Young (Allocation Failure) 582M->496M(680M) 42.622ms
[579.121s][info][gc,cpu         ] GC(1923) User=0.09s Sys=0.00s Real=0.04s
[579.234s][info][gc,start       ] GC(1924) Pause Young (Allocation Failure)
[579.293s][info][gc,heap        ] GC(1924) PSYoungGen: 165862K(206336K)->84326K(208896K) Eden: 122368K(122368K)->0K(122368K) From: 43494K(83968K)->84326K(86528K)
[579.293s][info][gc,heap        ] GC(1924) ParOldGen: 464985K(489984K)->464985K(489984K)
[579.293s][info][gc,metaspace   ] GC(1924) Metaspace: 18956K(19072K)->18956K(19072K) NonClass: 17126K(17216K)->17126K(17216K) Class: 1829K(1856K)->1829K(1856K)
[579.294s][info][gc             ] GC(1924) Pause Young (Allocation Failure) 616M->536M(682M) 59.580ms
[579.294s][info][gc,cpu         ] GC(1924) User=0.12s Sys=0.00s Real=0.06s
[579.414s][info][gc,start       ] GC(1925) Pause Young (Allocation Failure)
[579.487s][info][gc,heap        ] GC(1925) PSYoungGen: 206694K(208896K)->91590K(215040K) Eden: 122368K(122368K)->0K(111616K) From: 84326K(86528K)->91590K(103424K)
[579.488s][info][gc,heap        ] GC(1925) ParOldGen: 464985K(489984K)->464985K(489984K)
[579.488s][info][gc,metaspace   ] GC(1925) Metaspace: 18956K(19072K)->18956K(19072K) NonClass: 17126K(17216K)->17126K(17216K) Class: 1829K(1856K)->1829K(1856K)
[579.488s][info][gc             ] GC(1925) Pause Young (Allocation Failure) 655M->543M(688M) 73.644ms
[579.488s][info][gc,cpu         ] GC(1925) User=0.12s Sys=0.02s Real=0.07s
[579.567s][info][gc,start       ] GC(1926) Pause Young (Allocation Failure)
[579.637s][info][gc,heap        ] GC(1926) PSYoungGen: 203206K(215040K)->96982K(222720K) Eden: 111616K(111616K)->0K(111616K) From: 91590K(103424K)->96982K(111104K)
[579.637s][info][gc,heap        ] GC(1926) ParOldGen: 464985K(489984K)->470889K(489984K)
[579.637s][info][gc,metaspace   ] GC(1926) Metaspace: 18956K(19072K)->18956K(19072K) NonClass: 17126K(17216K)->17126K(17216K) Class: 1829K(1856K)->1829K(1856K)
[579.637s][info][gc             ] GC(1926) Pause Young (Allocation Failure) 652M->554M(696M) 70.208ms
[579.637s][info][gc,cpu         ] GC(1926) User=0.14s Sys=0.00s Real=0.07s
[579.738s][info][gc,start       ] GC(1927) Pause Young (Allocation Failure)
[579.866s][info][gc,heap        ] GC(1927) PSYoungGen: 208598K(222720K)->111084K(222720K) Eden: 111616K(111616K)->0K(111616K) From: 96982K(111104K)->111084K(111104K)
[579.866s][info][gc,heap        ] GC(1927) ParOldGen: 470889K(489984K)->498295K(498688K)
[579.866s][info][gc,metaspace   ] GC(1927) Metaspace: 18956K(19072K)->18956K(19072K) NonClass: 17126K(17216K)->17126K(17216K) Class: 1829K(1856K)->1829K(1856K)
[579.866s][info][gc             ] GC(1927) Pause Young (Allocation Failure) 663M->595M(704M) 128.417ms
[579.866s][info][gc,cpu         ] GC(1927) User=0.24s Sys=0.02s Real=0.13s
[579.962s][info][gc,start       ] GC(1928) Pause Young (Allocation Failure)
[580.083s][info][gc,heap        ] GC(1928) PSYoungGen: 222700K(222720K)->111084K(222720K) Eden: 111616K(111616K)->0K(111616K) From: 111084K(111104K)->111084K(111104K)
[580.083s][info][gc,heap        ] GC(1928) ParOldGen: 498295K(498688K)->512629K(513024K)
[580.083s][info][gc,metaspace   ] GC(1928) Metaspace: 18956K(19072K)->18956K(19072K) NonClass: 17126K(17216K)->17126K(17216K) Class: 1829K(1856K)->1829K(1856K)
[580.083s][info][gc             ] GC(1928) Pause Young (Allocation Failure) 704M->609M(718M) 121.169ms
[580.083s][info][gc,cpu         ] GC(1928) User=0.23s Sys=0.01s Real=0.12s
[580.148s][info][gc,start       ] GC(1929) Pause Young (Allocation Failure)
[580.293s][info][gc,heap        ] GC(1929) PSYoungGen: 222700K(222720K)->50956K(222720K) Eden: 111616K(111616K)->0K(111616K) From: 111084K(111104K)->50956K(111104K)
[580.293s][info][gc,heap        ] GC(1929) ParOldGen: 512629K(513024K)->586833K(587264K)
[580.293s][info][gc,metaspace   ] GC(1929) Metaspace: 18956K(19072K)->18956K(19072K) NonClass: 17126K(17216K)->17126K(17216K) Class: 1829K(1856K)->1829K(1856K)
[580.293s][info][gc             ] GC(1929) Pause Young (Allocation Failure) 718M->622M(791M) 144.921ms
[580.293s][info][gc,cpu         ] GC(1929) User=0.23s Sys=0.05s Real=0.15s
[580.354s][info][gc,start       ] GC(1930) Pause Young (Allocation Failure)
[580.431s][info][gc,heap        ] GC(1930) PSYoungGen: 162572K(222720K)->43340K(222720K) Eden: 111616K(111616K)->0K(111616K) From: 50956K(111104K)->43340K(111104K)
[580.431s][info][gc,heap        ] GC(1930) ParOldGen: 586833K(587264K)->603161K(603648K)
[580.431s][info][gc,metaspace   ] GC(1930) Metaspace: 18956K(19072K)->18956K(19072K) NonClass: 17126K(17216K)->17126K(17216K) Class: 1829K(1856K)->1829K(1856K)
[580.431s][info][gc             ] GC(1930) Pause Young (Allocation Failure) 731M->631M(807M) 77.093ms
[580.431s][info][gc,cpu         ] GC(1930) User=0.14s Sys=0.01s Real=0.07s
[580.540s][info][gc,start       ] GC(1931) Pause Young (Allocation Failure)
[580.627s][info][gc,heap        ] GC(1931) PSYoungGen: 154956K(222720K)->43296K(222720K) Eden: 111616K(111616K)->0K(111616K) From: 43340K(111104K)->43296K(111104K)
[580.627s][info][gc,heap        ] GC(1931) ParOldGen: 603161K(603648K)->624902K(625152K)
[580.627s][info][gc,metaspace   ] GC(1931) Metaspace: 18956K(19072K)->18956K(19072K) NonClass: 17126K(17216K)->17126K(17216K) Class: 1829K(1856K)->1829K(1856K)
[580.627s][info][gc             ] GC(1931) Pause Young (Allocation Failure) 740M->652M(828M) 86.644ms
[580.627s][info][gc,cpu         ] GC(1931) User=0.15s Sys=0.02s Real=0.09s
[580.692s][info][gc,start       ] GC(1932) Pause Full (Allocation Failure)
[580.692s][info][gc,phases,start] GC(1932) Marking Phase
[580.958s][info][gc,phases      ] GC(1932) Marking Phase 266.144ms
[580.958s][info][gc,phases,start] GC(1932) Summary Phase
[580.958s][info][gc,phases      ] GC(1932) Summary Phase 0.032ms
[580.958s][info][gc,phases,start] GC(1932) Forward
[581.037s][info][gc,phases      ] GC(1932) Forward 79.013ms
[581.037s][info][gc,phases,start] GC(1932) Adjust Pointers
[581.255s][info][gc,phases      ] GC(1932) Adjust Pointers 217.296ms
[581.255s][info][gc,phases,start] GC(1932) Compaction Phase
[581.371s][info][gc,phases      ] GC(1932) Compaction Phase 115.898ms
[581.379s][info][gc,phases,start] GC(1932) Post Compact
[581.381s][info][gc,phases      ] GC(1932) Post Compact 2.284ms
[581.382s][info][gc,heap        ] GC(1932) PSYoungGen: 154912K(222720K)->0K(222720K) Eden: 111616K(111616K)->0K(111616K) From: 43296K(111104K)->0K(111104K)
[581.382s][info][gc,heap        ] GC(1932) ParOldGen: 624902K(625152K)->394537K(667648K)
[581.382s][info][gc,metaspace   ] GC(1932) Metaspace: 18956K(19072K)->18956K(19072K) NonClass: 17126K(17216K)->17126K(17216K) Class: 1829K(1856K)->1829K(1856K)
[581.382s][info][gc             ] GC(1932) Pause Full (Allocation Failure) 761M->385M(869M) 689.840ms
[581.382s][info][gc,cpu         ] GC(1932) User=1.31s Sys=0.00s Real=0.68s
[581.443s][info][gc,start       ] GC(1933) Pause Young (Allocation Failure)
[581.451s][info][gc,heap        ] GC(1933) PSYoungGen: 111616K(222720K)->4992K(222720K) Eden: 111616K(111616K)->0K(111616K) From: 0K(111104K)->4992K(111104K)
[581.451s][info][gc,heap        ] GC(1933) ParOldGen: 394537K(667648K)->394537K(667648K)
[581.451s][info][gc,metaspace   ] GC(1933) Metaspace: 18956K(19072K)->18956K(19072K) NonClass: 17126K(17216K)->17126K(17216K) Class: 1829K(1856K)->1829K(1856K)
[581.451s][info][gc             ] GC(1933) Pause Young (Allocation Failure) 494M->390M(869M) 7.662ms
[581.451s][info][gc,cpu         ] GC(1933) User=0.02s Sys=0.00s Real=0.00s
[581.521s][info][gc,start       ] GC(1934) Pause Young (Allocation Failure)
[581.534s][info][gc,heap        ] GC(1934) PSYoungGen: 116608K(222720K)->1056K(222720K) Eden: 111616K(111616K)->0K(111616K) From: 4992K(111104K)->1056K(111104K)
[581.534s][info][gc,heap        ] GC(1934) ParOldGen: 394537K(667648K)->399521K(667648K)
[581.534s][info][gc,metaspace   ] GC(1934) Metaspace: 18956K(19072K)->18956K(19072K) NonClass: 17126K(17216K)->17126K(17216K) Class: 1829K(1856K)->1829K(1856K)
[581.534s][info][gc             ] GC(1934) Pause Young (Allocation Failure) 499M->391M(869M) 12.908ms
[581.534s][info][gc,cpu         ] GC(1934) User=0.02s Sys=0.00s Real=0.02s
[581.603s][info][gc,start       ] GC(1935) Pause Young (Allocation Failure)
[581.613s][info][gc,heap        ] GC(1935) PSYoungGen: 112672K(222720K)->1696K(222720K) Eden: 111616K(111616K)->0K(111616K) From: 1056K(111104K)->1696K(111104K)
[581.613s][info][gc,heap        ] GC(1935) ParOldGen: 399521K(667648K)->400545K(667648K)
[581.613s][info][gc,metaspace   ] GC(1935) Metaspace: 18956K(19072K)->18956K(19072K) NonClass: 17126K(17216K)->17126K(17216K) Class: 1829K(1856K)->1829K(1856K)
[581.613s][info][gc             ] GC(1935) Pause Young (Allocation Failure) 500M->392M(869M) 9.193ms
[581.613s][info][gc,cpu         ] GC(1935) User=0.02s Sys=0.00s Real=0.01s
[581.688s][info][gc,start       ] GC(1936) Pause Young (Allocation Failure)
[581.704s][info][gc,heap        ] GC(1936) PSYoungGen: 113312K(222720K)->11584K(222720K) Eden: 111616K(111616K)->0K(111616K) From: 1696K(111104K)->11584K(111104K)
[581.704s][info][gc,heap        ] GC(1936) ParOldGen: 400545K(667648K)->402225K(667648K)
[581.704s][info][gc,metaspace   ] GC(1936) Metaspace: 18956K(19072K)->18956K(19072K) NonClass: 17126K(17216K)->17126K(17216K) Class: 1829K(1856K)->1829K(1856K)
[581.704s][info][gc             ] GC(1936) Pause Young (Allocation Failure) 501M->404M(869M) 15.950ms
[581.704s][info][gc,cpu         ] GC(1936) User=0.03s Sys=0.00s Real=0.02s
[581.865s][info][gc,start       ] GC(1937) Pause Young (Allocation Failure)
[581.886s][info][gc,heap        ] GC(1937) PSYoungGen: 123200K(222720K)->8000K(222720K) Eden: 111616K(111616K)->0K(111616K) From: 11584K(111104K)->8000K(111104K)
[581.886s][info][gc,heap        ] GC(1937) ParOldGen: 402225K(667648K)->413809K(667648K)
[581.886s][info][gc,metaspace   ] GC(1937) Metaspace: 18956K(19072K)->18956K(19072K) NonClass: 17126K(17216K)->17126K(17216K) Class: 1829K(1856K)->1829K(1856K)
[581.886s][info][gc             ] GC(1937) Pause Young (Allocation Failure) 513M->411M(869M) 21.586ms
[581.886s][info][gc,cpu         ] GC(1937) User=0.04s Sys=0.00s Real=0.02s
[582.019s][info][gc,start       ] GC(1938) Pause Young (Allocation Failure)
[582.044s][info][gc,heap        ] GC(1938) PSYoungGen: 119616K(222720K)->16160K(222720K) Eden: 111616K(111616K)->0K(111616K) From: 8000K(111104K)->16160K(111104K)
[582.044s][info][gc,heap        ] GC(1938) ParOldGen: 413809K(667648K)->421817K(667648K)
[582.044s][info][gc,metaspace   ] GC(1938) Metaspace: 18956K(19072K)->18956K(19072K) NonClass: 17126K(17216K)->17126K(17216K) Class: 1829K(1856K)->1829K(1856K)
[582.045s][info][gc             ] GC(1938) Pause Young (Allocation Failure) 520M->427M(869M) 25.894ms
[582.045s][info][gc,cpu         ] GC(1938) User=0.05s Sys=0.01s Real=0.03s
[582.393s][info][gc,start       ] GC(1939) Pause Young (Allocation Failure)
[582.417s][info][gc,heap        ] GC(1939) PSYoungGen: 127776K(222720K)->2400K(222720K) Eden: 111616K(111616K)->0K(111616K) From: 16160K(111104K)->2400K(111104K)
[582.417s][info][gc,heap        ] GC(1939) ParOldGen: 421817K(667648K)->438016K(667648K)
[582.417s][info][gc,metaspace   ] GC(1939) Metaspace: 18956K(19072K)->18956K(19072K) NonClass: 17126K(17216K)->17126K(17216K) Class: 1829K(1856K)->1829K(1856K)
[582.417s][info][gc             ] GC(1939) Pause Young (Allocation Failure) 536M->430M(869M) 23.516ms
[582.417s][info][gc,cpu         ] GC(1939) User=0.04s Sys=0.00s Real=0.02s
[582.560s][info][gc,start       ] GC(1940) Pause Young (Allocation Failure)
[582.578s][info][gc,heap        ] GC(1940) PSYoungGen: 114016K(222720K)->15120K(222720K) Eden: 111616K(111616K)->0K(111616K) From: 2400K(111104K)->15120K(111104K)
[582.578s][info][gc,heap        ] GC(1940) ParOldGen: 438016K(667648K)->440392K(667648K)
[582.578s][info][gc,metaspace   ] GC(1940) Metaspace: 18956K(19072K)->18956K(19072K) NonClass: 17126K(17216K)->17126K(17216K) Class: 1829K(1856K)->1829K(1856K)
[582.578s][info][gc             ] GC(1940) Pause Young (Allocation Failure) 539M->444M(869M) 17.655ms
[582.578s][info][gc,cpu         ] GC(1940) User=0.03s Sys=0.00s Real=0.02s
[582.710s][info][gc,start       ] GC(1941) Pause Young (Allocation Failure)
[582.731s][info][gc,heap        ] GC(1941) PSYoungGen: 126736K(222720K)->6976K(221696K) Eden: 111616K(111616K)->0K(111616K) From: 15120K(111104K)->6976K(110080K)
[582.731s][info][gc,heap        ] GC(1941) ParOldGen: 440392K(667648K)->455525K(667648K)
[582.731s][info][gc,metaspace   ] GC(1941) Metaspace: 18956K(19072K)->18956K(19072K) NonClass: 17126K(17216K)->17126K(17216K) Class: 1829K(1856K)->1829K(1856K)
[582.731s][info][gc             ] GC(1941) Pause Young (Allocation Failure) 553M->451M(868M) 21.035ms
[582.731s][info][gc,cpu         ] GC(1941) User=0.04s Sys=0.00s Real=0.02s
[582.839s][info][gc,start       ] GC(1942) Pause Young (Allocation Failure)
[582.869s][info][gc,heap        ] GC(1942) PSYoungGen: 118592K(221696K)->37520K(149504K) Eden: 111616K(111616K)->0K(111616K) From: 6976K(110080K)->37520K(37888K)
[582.869s][info][gc,heap        ] GC(1942) ParOldGen: 455525K(667648K)->455525K(667648K)
[582.869s][info][gc,metaspace   ] GC(1942) Metaspace: 18956K(19072K)->18956K(19072K) NonClass: 17126K(17216K)->17126K(17216K) Class: 1829K(1856K)->1829K(1856K)
[582.869s][info][gc             ] GC(1942) Pause Young (Allocation Failure) 560M->481M(798M) 30.312ms
[582.869s][info][gc,cpu         ] GC(1942) User=0.06s Sys=0.00s Real=0.03s
[582.928s][info][gc,start       ] GC(1943) Pause Young (Allocation Failure)
[582.982s][info][gc,heap        ] GC(1943) PSYoungGen: 149136K(149504K)->78976K(215040K) Eden: 111616K(111616K)->0K(108544K) From: 37520K(37888K)->78976K(106496K)
[582.982s][info][gc,heap        ] GC(1943) ParOldGen: 455525K(667648K)->455525K(667648K)
[582.982s][info][gc,metaspace   ] GC(1943) Metaspace: 18956K(19072K)->18956K(19072K) NonClass: 17126K(17216K)->17126K(17216K) Class: 1829K(1856K)->1829K(1856K)
[582.982s][info][gc             ] GC(1943) Pause Young (Allocation Failure) 590M->521M(862M) 54.260ms
[582.982s][info][gc,cpu         ] GC(1943) User=0.11s Sys=0.00s Real=0.06s
[583.186s][info][gc,start       ] GC(1944) Pause Young (Allocation Failure)
[583.241s][info][gc,heap        ] GC(1944) PSYoungGen: 187520K(215040K)->48736K(219648K) Eden: 108544K(108544K)->0K(108544K) From: 78976K(106496K)->48736K(111104K)
[583.241s][info][gc,heap        ] GC(1944) ParOldGen: 455525K(667648K)->493333K(667648K)
[583.241s][info][gc,metaspace   ] GC(1944) Metaspace: 18956K(19072K)->18956K(19072K) NonClass: 17126K(17216K)->17126K(17216K) Class: 1829K(1856K)->1829K(1856K)
[583.241s][info][gc             ] GC(1944) Pause Young (Allocation Failure) 627M->529M(866M) 54.329ms
[583.241s][info][gc,cpu         ] GC(1944) User=0.11s Sys=0.00s Real=0.05s
[583.397s][info][gc,start       ] GC(1945) Pause Young (Allocation Failure)
[583.459s][info][gc,heap        ] GC(1945) PSYoungGen: 157280K(219648K)->15039K(221696K) Eden: 108544K(108544K)->0K(111616K) From: 48736K(111104K)->15039K(110080K)
[583.459s][info][gc,heap        ] GC(1945) ParOldGen: 493333K(667648K)->542629K(667648K)
[583.459s][info][gc,metaspace   ] GC(1945) Metaspace: 18956K(19072K)->18956K(19072K) NonClass: 17126K(17216K)->17126K(17216K) Class: 1829K(1856K)->1829K(1856K)
[583.459s][info][gc             ] GC(1945) Pause Young (Allocation Failure) 635M->544M(868M) 61.267ms
[583.459s][info][gc,cpu         ] GC(1945) User=0.12s Sys=0.00s Real=0.06s
[583.593s][info][gc,start       ] GC(1946) Pause Young (Allocation Failure)
[583.645s][info][gc,heap        ] GC(1946) PSYoungGen: 126655K(221696K)->40031K(152064K) Eden: 111616K(111616K)->0K(111616K) From: 15039K(110080K)->40031K(40448K)
[583.645s][info][gc,heap        ] GC(1946) ParOldGen: 542629K(667648K)->542629K(667648K)
[583.645s][info][gc,metaspace   ] GC(1946) Metaspace: 18956K(19072K)->18956K(19072K) NonClass: 17126K(17216K)->17126K(17216K) Class: 1829K(1856K)->1829K(1856K)
[583.645s][info][gc             ] GC(1946) Pause Young (Allocation Failure) 653M->569M(800M) 51.371ms
[583.645s][info][gc,cpu         ] GC(1946) User=0.10s Sys=0.00s Real=0.05s
[583.776s][info][gc,start       ] GC(1947) Pause Young (Allocation Failure)
[583.848s][info][gc,heap        ] GC(1947) PSYoungGen: 151647K(152064K)->58847K(216064K) Eden: 111616K(111616K)->0K(110592K) From: 40031K(40448K)->58847K(105472K)
[583.848s][info][gc,heap        ] GC(1947) ParOldGen: 542629K(667648K)->542629K(667648K)
[583.848s][info][gc,metaspace   ] GC(1947) Metaspace: 18956K(19072K)->18956K(19072K) NonClass: 17126K(17216K)->17126K(17216K) Class: 1829K(1856K)->1829K(1856K)
[583.848s][info][gc             ] GC(1947) Pause Young (Allocation Failure) 678M->587M(863M) 71.440ms
[583.848s][info][gc,cpu         ] GC(1947) User=0.14s Sys=0.00s Real=0.07s
[583.941s][info][gc,start       ] GC(1948) Pause Young (Allocation Failure)
[584.014s][info][gc,heap        ] GC(1948) PSYoungGen: 169439K(216064K)->63080K(218624K) Eden: 110592K(110592K)->0K(110592K) From: 58847K(105472K)->63080K(108032K)
[584.014s][info][gc,heap        ] GC(1948) ParOldGen: 542629K(667648K)->542629K(667648K)
[584.014s][info][gc,metaspace   ] GC(1948) Metaspace: 18956K(19072K)->18956K(19072K) NonClass: 17126K(17216K)->17126K(17216K) Class: 1829K(1856K)->1829K(1856K)
[584.014s][info][gc             ] GC(1948) Pause Young (Allocation Failure) 695M->591M(865M) 73.017ms
[584.014s][info][gc,cpu         ] GC(1948) User=0.14s Sys=0.00s Real=0.08s
[584.115s][info][gc,start       ] GC(1949) Pause Young (Allocation Failure)
[584.190s][info][gc,heap        ] GC(1949) PSYoungGen: 173672K(218624K)->64351K(222720K) Eden: 110592K(110592K)->0K(111616K) From: 63080K(108032K)->64351K(111104K)
[584.190s][info][gc,heap        ] GC(1949) ParOldGen: 542629K(667648K)->542629K(667648K)
[584.190s][info][gc,metaspace   ] GC(1949) Metaspace: 18956K(19072K)->18956K(19072K) NonClass: 17126K(17216K)->17126K(17216K) Class: 1829K(1856K)->1829K(1856K)
[584.190s][info][gc             ] GC(1949) Pause Young (Allocation Failure) 699M->592M(869M) 75.200ms
[584.190s][info][gc,cpu         ] GC(1949) User=0.15s Sys=0.00s Real=0.07s
[584.298s][info][gc,start       ] GC(1950) Pause Young (Allocation Failure)
[584.375s][info][gc,heap        ] GC(1950) PSYoungGen: 175967K(222720K)->24960K(136704K) Eden: 111616K(111616K)->0K(111616K) From: 64351K(111104K)->24960K(25088K)
[584.375s][info][gc,heap        ] GC(1950) ParOldGen: 542629K(667648K)->582732K(667648K)
[584.375s][info][gc,metaspace   ] GC(1950) Metaspace: 18956K(19072K)->18956K(19072K) NonClass: 17126K(17216K)->17126K(17216K) Class: 1829K(1856K)->1829K(1856K)
[584.375s][info][gc             ] GC(1950) Pause Young (Allocation Failure) 701M->593M(785M) 76.988ms
[584.375s][info][gc,cpu         ] GC(1950) User=0.16s Sys=0.00s Real=0.08s
[584.509s][info][gc,start       ] GC(1951) Pause Young (Allocation Failure)
[584.548s][info][gc,heap        ] GC(1951) PSYoungGen: 136576K(136704K)->9216K(222720K) Eden: 111616K(111616K)->0K(113664K) From: 24960K(25088K)->9216K(109056K)
[584.548s][info][gc,heap        ] GC(1951) ParOldGen: 582732K(667648K)->601628K(667648K)
[584.548s][info][gc,metaspace   ] GC(1951) Metaspace: 18956K(19072K)->18956K(19072K) NonClass: 17126K(17216K)->17126K(17216K) Class: 1829K(1856K)->1829K(1856K)
[584.548s][info][gc             ] GC(1951) Pause Young (Allocation Failure) 702M->596M(869M) 39.611ms
[584.548s][info][gc,cpu         ] GC(1951) User=0.08s Sys=0.00s Real=0.04s
[584.747s][info][gc,start       ] GC(1952) Pause Young (Allocation Failure)
[584.774s][info][gc,heap        ] GC(1952) PSYoungGen: 122880K(222720K)->20544K(134656K) Eden: 113664K(113664K)->0K(113664K) From: 9216K(109056K)->20544K(20992K)
[584.774s][info][gc,heap        ] GC(1952) ParOldGen: 601628K(667648K)->605868K(667648K)
[584.774s][info][gc,metaspace   ] GC(1952) Metaspace: 18956K(19072K)->18956K(19072K) NonClass: 17126K(17216K)->17126K(17216K) Class: 1829K(1856K)->1829K(1856K)
[584.774s][info][gc             ] GC(1952) Pause Young (Allocation Failure) 707M->611M(783M) 27.218ms
[584.774s][info][gc,cpu         ] GC(1952) User=0.05s Sys=0.00s Real=0.03s
[584.894s][info][gc,start       ] GC(1953) Pause Young (Allocation Failure)
[584.936s][info][gc,heap        ] GC(1953) PSYoungGen: 134208K(134656K)->40690K(222208K) Eden: 113664K(113664K)->0K(121856K) From: 20544K(20992K)->40690K(100352K)
[584.937s][info][gc,heap        ] GC(1953) ParOldGen: 605868K(667648K)->605868K(667648K)
[584.937s][info][gc,metaspace   ] GC(1953) Metaspace: 18956K(19072K)->18956K(19072K) NonClass: 17126K(17216K)->17126K(17216K) Class: 1829K(1856K)->1829K(1856K)
[584.937s][info][gc             ] GC(1953) Pause Young (Allocation Failure) 722M->631M(869M) 42.671ms
[584.937s][info][gc,cpu         ] GC(1953) User=0.08s Sys=0.00s Real=0.04s
[585.004s][info][gc,start       ] GC(1954) Pause Young (Allocation Failure)
[585.076s][info][gc,heap        ] GC(1954) PSYoungGen: 162546K(222208K)->87058K(220160K) Eden: 121856K(121856K)->0K(121856K) From: 40690K(100352K)->87058K(98304K)
[585.076s][info][gc,heap        ] GC(1954) ParOldGen: 605868K(667648K)->605868K(667648K)
[585.076s][info][gc,metaspace   ] GC(1954) Metaspace: 18956K(19072K)->18956K(19072K) NonClass: 17126K(17216K)->17126K(17216K) Class: 1829K(1856K)->1829K(1856K)
[585.076s][info][gc             ] GC(1954) Pause Young (Allocation Failure) 750M->676M(867M) 71.786ms
[585.076s][info][gc,cpu         ] GC(1954) User=0.14s Sys=0.00s Real=0.07s
[585.299s][info][gc,start       ] GC(1955) Pause Young (Allocation Failure)
[585.394s][info][gc,heap        ] GC(1955) PSYoungGen: 208914K(220160K)->111074K(222720K) Eden: 121856K(121856K)->0K(111616K) From: 87058K(98304K)->111074K(111104K)
[585.394s][info][gc,heap        ] GC(1955) ParOldGen: 605868K(667648K)->612036K(667648K)
[585.394s][info][gc,metaspace   ] GC(1955) Metaspace: 18956K(19072K)->18956K(19072K) NonClass: 17126K(17216K)->17126K(17216K) Class: 1829K(1856K)->1829K(1856K)
[585.394s][info][gc             ] GC(1955) Pause Young (Allocation Failure) 795M->706M(869M) 94.787ms
[585.394s][info][gc,cpu         ] GC(1955) User=0.17s Sys=0.01s Real=0.10s
[585.553s][info][gc,start       ] GC(1956) Pause Young (Allocation Failure)
[585.661s][info][gc,heap        ] GC(1956) PSYoungGen: 222690K(222720K)->111090K(222720K) Eden: 111616K(111616K)->0K(111616K) From: 111074K(111104K)->111090K(111104K)
[585.661s][info][gc,heap        ] GC(1956) ParOldGen: 612036K(667648K)->624668K(667648K)
[585.661s][info][gc,metaspace   ] GC(1956) Metaspace: 18956K(19072K)->18956K(19072K) NonClass: 17126K(17216K)->17126K(17216K) Class: 1829K(1856K)->1829K(1856K)
[585.661s][info][gc             ] GC(1956) Pause Young (Allocation Failure) 815M->718M(869M) 108.145ms
[585.661s][info][gc,cpu         ] GC(1956) User=0.21s Sys=0.00s Real=0.10s
[585.792s][info][gc,start       ] GC(1957) Pause Full (Allocation Failure)
[585.792s][info][gc,phases,start] GC(1957) Marking Phase
[586.155s][info][gc,phases      ] GC(1957) Marking Phase 362.450ms
[586.155s][info][gc,phases,start] GC(1957) Summary Phase
[586.155s][info][gc,phases      ] GC(1957) Summary Phase 0.031ms
[586.155s][info][gc,phases,start] GC(1957) Forward
[586.270s][info][gc,phases      ] GC(1957) Forward 114.689ms
[586.270s][info][gc,phases,start] GC(1957) Adjust Pointers
[586.554s][info][gc,phases      ] GC(1957) Adjust Pointers 283.679ms
[586.554s][info][gc,phases,start] GC(1957) Compaction Phase
[586.711s][info][gc,phases      ] GC(1957) Compaction Phase 157.305ms
[586.721s][info][gc,phases,start] GC(1957) Post Compact
[586.723s][info][gc,phases      ] GC(1957) Post Compact 2.461ms
[586.723s][info][gc,heap        ] GC(1957) PSYoungGen: 222706K(222720K)->0K(222720K) Eden: 111616K(111616K)->0K(111616K) From: 111090K(111104K)->0K(111104K)
[586.723s][info][gc,heap        ] GC(1957) ParOldGen: 624668K(667648K)->530157K(667648K)
[586.723s][info][gc,metaspace   ] GC(1957) Metaspace: 18956K(19072K)->18956K(19072K) NonClass: 17126K(17216K)->17126K(17216K) Class: 1829K(1856K)->1829K(1856K)
[586.723s][info][gc             ] GC(1957) Pause Full (Allocation Failure) 827M->517M(869M) 930.659ms
[586.723s][info][gc,cpu         ] GC(1957) User=1.77s Sys=0.01s Real=0.93s
[586.856s][info][gc,start       ] GC(1958) Pause Young (Allocation Failure)
[586.879s][info][gc,heap        ] GC(1958) PSYoungGen: 111616K(222720K)->20768K(222720K) Eden: 111616K(111616K)->0K(111616K) From: 0K(111104K)->20768K(111104K)
[586.879s][info][gc,heap        ] GC(1958) ParOldGen: 530157K(667648K)->530157K(667648K)
[586.879s][info][gc,metaspace   ] GC(1958) Metaspace: 18956K(19072K)->18956K(19072K) NonClass: 17126K(17216K)->17126K(17216K) Class: 1829K(1856K)->1829K(1856K)
[586.879s][info][gc             ] GC(1958) Pause Young (Allocation Failure) 626M->538M(869M) 23.406ms
[586.879s][info][gc,cpu         ] GC(1958) User=0.05s Sys=0.00s Real=0.02s
[586.980s][info][gc,start       ] GC(1959) Pause Young (Allocation Failure)
[587.007s][info][gc,heap        ] GC(1959) PSYoungGen: 132384K(222720K)->25024K(222720K) Eden: 111616K(111616K)->0K(111616K) From: 20768K(111104K)->25024K(111104K)
[587.007s][info][gc,heap        ] GC(1959) ParOldGen: 530157K(667648K)->530157K(667648K)
[587.007s][info][gc,metaspace   ] GC(1959) Metaspace: 18956K(19072K)->18956K(19072K) NonClass: 17126K(17216K)->17126K(17216K) Class: 1829K(1856K)->1829K(1856K)
[587.007s][info][gc             ] GC(1959) Pause Young (Allocation Failure) 647M->542M(869M) 27.348ms
[587.007s][info][gc,cpu         ] GC(1959) User=0.05s Sys=0.00s Real=0.03s
[587.121s][info][gc,start       ] GC(1960) Pause Young (Allocation Failure)
[587.150s][info][gc,heap        ] GC(1960) PSYoungGen: 136640K(222720K)->4896K(222720K) Eden: 111616K(111616K)->0K(111616K) From: 25024K(111104K)->4896K(111104K)
[587.150s][info][gc,heap        ] GC(1960) ParOldGen: 530157K(667648K)->550989K(667648K)
[587.150s][info][gc,metaspace   ] GC(1960) Metaspace: 18956K(19072K)->18956K(19072K) NonClass: 17126K(17216K)->17126K(17216K) Class: 1829K(1856K)->1829K(1856K)
[587.150s][info][gc             ] GC(1960) Pause Young (Allocation Failure) 651M->542M(869M) 28.966ms
[587.150s][info][gc,cpu         ] GC(1960) User=0.05s Sys=0.00s Real=0.03s
[587.269s][info][gc,start       ] GC(1961) Pause Young (Allocation Failure)
[587.286s][info][gc,heap        ] GC(1961) PSYoungGen: 116512K(222720K)->4352K(222720K) Eden: 111616K(111616K)->0K(111616K) From: 4896K(111104K)->4352K(111104K)
[587.286s][info][gc,heap        ] GC(1961) ParOldGen: 550989K(667648K)->555869K(667648K)
[587.286s][info][gc,metaspace   ] GC(1961) Metaspace: 18956K(19072K)->18956K(19072K) NonClass: 17126K(17216K)->17126K(17216K) Class: 1829K(1856K)->1829K(1856K)
[587.286s][info][gc             ] GC(1961) Pause Young (Allocation Failure) 651M->547M(869M) 16.864ms
[587.286s][info][gc,cpu         ] GC(1961) User=0.03s Sys=0.00s Real=0.02s
[587.416s][info][gc,start       ] GC(1962) Pause Young (Allocation Failure)
[587.423s][info][gc,heap        ] GC(1962) PSYoungGen: 115968K(222720K)->64K(222720K) Eden: 111616K(111616K)->0K(111616K) From: 4352K(111104K)->64K(111104K)
[587.423s][info][gc,heap        ] GC(1962) ParOldGen: 555869K(667648K)->560197K(667648K)
[587.423s][info][gc,metaspace   ] GC(1962) Metaspace: 18956K(19072K)->18956K(19072K) NonClass: 17126K(17216K)->17126K(17216K) Class: 1829K(1856K)->1829K(1856K)
[587.423s][info][gc             ] GC(1962) Pause Young (Allocation Failure) 656M->547M(869M) 6.949ms
[587.423s][info][gc,cpu         ] GC(1962) User=0.01s Sys=0.00s Real=0.01s
[587.635s][info][gc,start       ] GC(1963) Pause Young (Allocation Failure)
[587.649s][info][gc,heap        ] GC(1963) PSYoungGen: 111680K(222720K)->12160K(222720K) Eden: 111616K(111616K)->0K(111616K) From: 64K(111104K)->12160K(111104K)
[587.650s][info][gc,heap        ] GC(1963) ParOldGen: 560197K(667648K)->560221K(667648K)
[587.650s][info][gc,metaspace   ] GC(1963) Metaspace: 18956K(19072K)->18956K(19072K) NonClass: 17126K(17216K)->17126K(17216K) Class: 1829K(1856K)->1829K(1856K)
[587.650s][info][gc             ] GC(1963) Pause Young (Allocation Failure) 656M->558M(869M) 14.132ms
[587.650s][info][gc,cpu         ] GC(1963) User=0.03s Sys=0.00s Real=0.01s
[587.805s][info][gc,start       ] GC(1964) Pause Young (Allocation Failure)
[587.835s][info][gc,heap        ] GC(1964) PSYoungGen: 123776K(222720K)->16512K(222720K) Eden: 111616K(111616K)->0K(111616K) From: 12160K(111104K)->16512K(111104K)
[587.835s][info][gc,heap        ] GC(1964) ParOldGen: 560221K(667648K)->572390K(667648K)
[587.835s][info][gc,metaspace   ] GC(1964) Metaspace: 18956K(19072K)->18956K(19072K) NonClass: 17126K(17216K)->17126K(17216K) Class: 1829K(1856K)->1829K(1856K)
[587.835s][info][gc             ] GC(1964) Pause Young (Allocation Failure) 667M->575M(869M) 30.720ms
[587.835s][info][gc,cpu         ] GC(1964) User=0.06s Sys=0.01s Real=0.03s
[588.196s][info][gc,start       ] GC(1965) Pause Young (Allocation Failure)
[588.214s][info][gc,heap        ] GC(1965) PSYoungGen: 128128K(222720K)->64K(222720K) Eden: 111616K(111616K)->0K(111616K) From: 16512K(111104K)->64K(111104K)
[588.214s][info][gc,heap        ] GC(1965) ParOldGen: 572390K(667648K)->588918K(667648K)
[588.214s][info][gc,metaspace   ] GC(1965) Metaspace: 18956K(19072K)->18956K(19072K) NonClass: 17126K(17216K)->17126K(17216K) Class: 1829K(1856K)->1829K(1856K)
[588.214s][info][gc             ] GC(1965) Pause Young (Allocation Failure) 684M->575M(869M) 18.458ms
[588.214s][info][gc,cpu         ] GC(1965) User=0.03s Sys=0.00s Real=0.02s
[588.484s][info][gc,start       ] GC(1966) Pause Young (Allocation Failure)
[588.486s][info][gc,heap        ] GC(1966) PSYoungGen: 111680K(222720K)->64K(222720K) Eden: 111616K(111616K)->0K(111616K) From: 64K(111104K)->64K(111104K)
[588.486s][info][gc,heap        ] GC(1966) ParOldGen: 588918K(667648K)->588958K(667648K)
[588.486s][info][gc,metaspace   ] GC(1966) Metaspace: 18956K(19072K)->18956K(19072K) NonClass: 17126K(17216K)->17126K(17216K) Class: 1829K(1856K)->1829K(1856K)
[588.486s][info][gc             ] GC(1966) Pause Young (Allocation Failure) 684M->575M(869M) 2.077ms
[588.486s][info][gc,cpu         ] GC(1966) User=0.00s Sys=0.00s Real=0.00s
[588.760s][info][gc,start       ] GC(1967) Pause Young (Allocation Failure)
[588.762s][info][gc,heap        ] GC(1967) PSYoungGen: 111680K(222720K)->64K(222720K) Eden: 111616K(111616K)->0K(111616K) From: 64K(111104K)->64K(111104K)
[588.762s][info][gc,heap        ] GC(1967) ParOldGen: 588958K(667648K)->588974K(667648K)
[588.762s][info][gc,metaspace   ] GC(1967) Metaspace: 18956K(19072K)->18956K(19072K) NonClass: 17126K(17216K)->17126K(17216K) Class: 1829K(1856K)->1829K(1856K)
[588.762s][info][gc             ] GC(1967) Pause Young (Allocation Failure) 684M->575M(869M) 2.207ms
[588.762s][info][gc,cpu         ] GC(1967) User=0.00s Sys=0.00s Real=0.01s
[589.023s][info][gc,start       ] GC(1968) Pause Young (Allocation Failure)
[589.036s][info][gc,heap        ] GC(1968) PSYoungGen: 111680K(222720K)->64K(112128K) Eden: 111616K(111616K)->0K(111616K) From: 64K(111104K)->64K(512K)
[589.036s][info][gc,heap        ] GC(1968) ParOldGen: 588974K(667648K)->588990K(667648K)
[589.036s][info][gc,metaspace   ] GC(1968) Metaspace: 18956K(19072K)->18956K(19072K) NonClass: 17126K(17216K)->17126K(17216K) Class: 1829K(1856K)->1829K(1856K)
[589.036s][info][gc             ] GC(1968) Pause Young (Allocation Failure) 684M->575M(761M) 12.405ms
[589.036s][info][gc,cpu         ] GC(1968) User=0.02s Sys=0.00s Real=0.01s
[589.260s][info][gc,start       ] GC(1969) Pause Young (Allocation Failure)
[589.263s][info][gc,heap        ] GC(1969) PSYoungGen: 111680K(112128K)->352K(215552K) Eden: 111616K(111616K)->0K(115200K) From: 64K(512K)->352K(100352K)
[589.263s][info][gc,heap        ] GC(1969) ParOldGen: 588990K(667648K)->588990K(667648K)
[589.263s][info][gc,metaspace   ] GC(1969) Metaspace: 18956K(19072K)->18956K(19072K) NonClass: 17126K(17216K)->17126K(17216K) Class: 1829K(1856K)->1829K(1856K)
[589.263s][info][gc             ] GC(1969) Pause Young (Allocation Failure) 684M->575M(862M) 2.996ms
[589.263s][info][gc,cpu         ] GC(1969) User=0.00s Sys=0.00s Real=0.01s
[589.404s][info][gc,start       ] GC(1970) Pause Young (Allocation Failure)
[589.429s][info][gc,heap        ] GC(1970) PSYoungGen: 115552K(215552K)->32224K(217088K) Eden: 115200K(115200K)->0K(115200K) From: 352K(100352K)->32224K(101888K)
[589.429s][info][gc,heap        ] GC(1970) ParOldGen: 588990K(667648K)->588990K(667648K)
[589.429s][info][gc,metaspace   ] GC(1970) Metaspace: 18957K(19072K)->18957K(19072K) NonClass: 17128K(17216K)->17128K(17216K) Class: 1829K(1856K)->1829K(1856K)
[589.429s][info][gc             ] GC(1970) Pause Young (Allocation Failure) 688M->606M(864M) 24.956ms
[589.429s][info][gc,cpu         ] GC(1970) User=0.05s Sys=0.00s Real=0.02s
[589.490s][info][gc,start       ] GC(1971) Pause Young (Allocation Failure)
[589.539s][info][gc,heap        ] GC(1971) PSYoungGen: 147424K(217088K)->74800K(205824K) Eden: 115200K(115200K)->0K(107520K) From: 32224K(101888K)->74800K(98304K)
[589.539s][info][gc,heap        ] GC(1971) ParOldGen: 588990K(667648K)->588990K(667648K)
[589.539s][info][gc,metaspace   ] GC(1971) Metaspace: 18957K(19072K)->18957K(19072K) NonClass: 17128K(17216K)->17128K(17216K) Class: 1829K(1856K)->1829K(1856K)
[589.540s][info][gc             ] GC(1971) Pause Young (Allocation Failure) 719M->648M(853M) 49.591ms
[589.540s][info][gc,cpu         ] GC(1971) User=0.10s Sys=0.00s Real=0.05s
[589.745s][info][gc,start       ] GC(1972) Pause Young (Allocation Failure)
[589.793s][info][gc,heap        ] GC(1972) PSYoungGen: 182320K(205824K)->79504K(218112K) Eden: 107520K(107520K)->0K(107520K) From: 74800K(98304K)->79504K(110592K)
[589.793s][info][gc,heap        ] GC(1972) ParOldGen: 588990K(667648K)->588990K(667648K)
[589.793s][info][gc,metaspace   ] GC(1972) Metaspace: 18957K(19072K)->18957K(19072K) NonClass: 17128K(17216K)->17128K(17216K) Class: 1829K(1856K)->1829K(1856K)
[589.793s][info][gc             ] GC(1972) Pause Young (Allocation Failure) 753M->652M(865M) 47.854ms
[589.793s][info][gc,cpu         ] GC(1972) User=0.10s Sys=0.00s Real=0.05s
[589.964s][info][gc,start       ] GC(1973) Pause Young (Allocation Failure)
[590.047s][info][gc,heap        ] GC(1973) PSYoungGen: 187024K(218112K)->97136K(222720K) Eden: 107520K(107520K)->0K(111616K) From: 79504K(110592K)->97136K(111104K)
[590.047s][info][gc,heap        ] GC(1973) ParOldGen: 588990K(667648K)->589334K(667648K)
[590.047s][info][gc,metaspace   ] GC(1973) Metaspace: 18957K(19072K)->18957K(19072K) NonClass: 17128K(17216K)->17128K(17216K) Class: 1829K(1856K)->1829K(1856K)
[590.047s][info][gc             ] GC(1973) Pause Young (Allocation Failure) 757M->670M(869M) 83.320ms
[590.047s][info][gc,cpu         ] GC(1973) User=0.16s Sys=0.01s Real=0.08s
[590.175s][info][gc,start       ] GC(1974) Pause Young (Allocation Failure)
[590.297s][info][gc,heap        ] GC(1974) PSYoungGen: 208752K(222720K)->45824K(222720K) Eden: 111616K(111616K)->0K(111616K) From: 97136K(111104K)->45824K(111104K)
[590.297s][info][gc,heap        ] GC(1974) ParOldGen: 589334K(667648K)->664694K(667648K)
[590.297s][info][gc,metaspace   ] GC(1974) Metaspace: 18957K(19072K)->18957K(19072K) NonClass: 17128K(17216K)->17128K(17216K) Class: 1829K(1856K)->1829K(1856K)
[590.297s][info][gc             ] GC(1974) Pause Young (Allocation Failure) 779M->693M(869M) 122.080ms
[590.297s][info][gc,cpu         ] GC(1974) User=0.22s Sys=0.02s Real=0.12s
[590.436s][info][gc,start       ] GC(1975) Pause Full (Allocation Failure)
[590.436s][info][gc,phases,start] GC(1975) Marking Phase
[590.929s][info][gc,phases      ] GC(1975) Marking Phase 492.991ms
[590.929s][info][gc,phases,start] GC(1975) Summary Phase
[590.929s][info][gc,phases      ] GC(1975) Summary Phase 0.030ms
[590.929s][info][gc,phases,start] GC(1975) Forward
[591.058s][info][gc,phases      ] GC(1975) Forward 128.774ms
[591.058s][info][gc,phases,start] GC(1975) Adjust Pointers
[591.449s][info][gc,phases      ] GC(1975) Adjust Pointers 391.229ms
[591.449s][info][gc,phases,start] GC(1975) Compaction Phase
[591.649s][info][gc,phases      ] GC(1975) Compaction Phase 199.174ms
[591.660s][info][gc,phases,start] GC(1975) Post Compact
[591.663s][info][gc,phases      ] GC(1975) Post Compact 2.385ms
[591.663s][info][gc,heap        ] GC(1975) PSYoungGen: 157440K(222720K)->4825K(222720K) Eden: 111616K(111616K)->0K(111616K) From: 45824K(111104K)->4825K(111104K)
[591.663s][info][gc,heap        ] GC(1975) ParOldGen: 664694K(667648K)->667256K(667648K)
[591.663s][info][gc,metaspace   ] GC(1975) Metaspace: 18957K(19072K)->18957K(19072K) NonClass: 17128K(17216K)->17128K(17216K) Class: 1829K(1856K)->1829K(1856K)
[591.663s][info][gc             ] GC(1975) Pause Full (Allocation Failure) 802M->656M(869M) 1226.854ms
[591.663s][info][gc,cpu         ] GC(1975) User=2.39s Sys=0.00s Real=1.23s
[591.746s][info][gc,start       ] GC(1976) Pause Full (Allocation Failure)
[591.746s][info][gc,phases,start] GC(1976) Marking Phase
[592.232s][info][gc,phases      ] GC(1976) Marking Phase 486.364ms
[592.232s][info][gc,phases,start] GC(1976) Summary Phase
[592.232s][info][gc,phases      ] GC(1976) Summary Phase 0.024ms
[592.232s][info][gc,phases,start] GC(1976) Forward
[592.245s][info][gc,phases      ] GC(1976) Forward 12.958ms
[592.245s][info][gc,phases,start] GC(1976) Adjust Pointers
[592.590s][info][gc,phases      ] GC(1976) Adjust Pointers 345.077ms
[592.590s][info][gc,phases,start] GC(1976) Compaction Phase
[592.727s][info][gc,phases      ] GC(1976) Compaction Phase 137.141ms
[592.728s][info][gc,phases,start] GC(1976) Post Compact
[592.730s][info][gc,phases      ] GC(1976) Post Compact 2.251ms
[592.730s][info][gc,heap        ] GC(1976) PSYoungGen: 116441K(222720K)->8710K(222720K) Eden: 111616K(111616K)->8710K(111616K) From: 4825K(111104K)->0K(111104K)
[592.730s][info][gc,heap        ] GC(1976) ParOldGen: 667256K(667648K)->667620K(667648K)
[592.730s][info][gc,metaspace   ] GC(1976) Metaspace: 18957K(19072K)->18957K(19072K) NonClass: 17128K(17216K)->17128K(17216K) Class: 1829K(1856K)->1829K(1856K)
[592.730s][info][gc             ] GC(1976) Pause Full (Allocation Failure) 765M->660M(869M) 984.423ms
[592.730s][info][gc,cpu         ] GC(1976) User=1.92s Sys=0.00s Real=0.98s
[592.828s][info][gc,start       ] GC(1977) Pause Full (Allocation Failure)
[592.828s][info][gc,phases,start] GC(1977) Marking Phase
[593.331s][info][gc,phases      ] GC(1977) Marking Phase 502.936ms
[593.331s][info][gc,phases,start] GC(1977) Summary Phase
[593.331s][info][gc,phases      ] GC(1977) Summary Phase 0.023ms
[593.331s][info][gc,phases,start] GC(1977) Forward
[593.358s][info][gc,phases      ] GC(1977) Forward 26.602ms
[593.358s][info][gc,phases,start] GC(1977) Adjust Pointers
[593.707s][info][gc,phases      ] GC(1977) Adjust Pointers 348.993ms
[593.707s][info][gc,phases,start] GC(1977) Compaction Phase
[593.845s][info][gc,phases      ] GC(1977) Compaction Phase 138.760ms
[593.851s][info][gc,phases,start] GC(1977) Post Compact
[593.853s][info][gc,phases      ] GC(1977) Post Compact 2.285ms
[593.853s][info][gc,heap        ] GC(1977) PSYoungGen: 111616K(222720K)->9327K(222720K) Eden: 111616K(111616K)->9327K(111616K) From: 0K(111104K)->0K(111104K)
[593.853s][info][gc,heap        ] GC(1977) ParOldGen: 667620K(667648K)->667620K(667648K)
[593.853s][info][gc,metaspace   ] GC(1977) Metaspace: 18957K(19072K)->18957K(19072K) NonClass: 17128K(17216K)->17128K(17216K) Class: 1829K(1856K)->1829K(1856K)
[593.853s][info][gc             ] GC(1977) Pause Full (Allocation Failure) 760M->661M(869M) 1025.270ms
[593.853s][info][gc,cpu         ] GC(1977) User=2.00s Sys=0.00s Real=1.03s
[593.953s][info][gc,start       ] GC(1978) Pause Full (Allocation Failure)
[593.953s][info][gc,phases,start] GC(1978) Marking Phase
[594.447s][info][gc,phases      ] GC(1978) Marking Phase 494.574ms
[594.448s][info][gc,phases,start] GC(1978) Summary Phase
[594.448s][info][gc,phases      ] GC(1978) Summary Phase 0.024ms
[594.448s][info][gc,phases,start] GC(1978) Forward
[594.452s][info][gc,phases      ] GC(1978) Forward 4.517ms
[594.452s][info][gc,phases,start] GC(1978) Adjust Pointers
[594.793s][info][gc,phases      ] GC(1978) Adjust Pointers 340.473ms
[594.793s][info][gc,phases,start] GC(1978) Compaction Phase
[594.924s][info][gc,phases      ] GC(1978) Compaction Phase 131.481ms
[594.924s][info][gc,phases,start] GC(1978) Post Compact
[594.926s][info][gc,phases      ] GC(1978) Post Compact 2.240ms
[594.927s][info][gc,heap        ] GC(1978) PSYoungGen: 111616K(222720K)->9503K(222720K) Eden: 111616K(111616K)->9503K(111616K) From: 0K(111104K)->0K(111104K)
[594.927s][info][gc,heap        ] GC(1978) ParOldGen: 667620K(667648K)->667620K(667648K)
[594.927s][info][gc,metaspace   ] GC(1978) Metaspace: 18957K(19072K)->18957K(19072K) NonClass: 17128K(17216K)->17128K(17216K) Class: 1829K(1856K)->1829K(1856K)
[594.927s][info][gc             ] GC(1978) Pause Full (Allocation Failure) 760M->661M(869M) 973.722ms
[594.927s][info][gc,cpu         ] GC(1978) User=1.90s Sys=0.01s Real=0.97s
[595.036s][info][gc,start       ] GC(1979) Pause Full (Allocation Failure)
[595.036s][info][gc,phases,start] GC(1979) Marking Phase
[595.409s][info][gc,phases      ] GC(1979) Marking Phase 372.760ms
[595.409s][info][gc,phases,start] GC(1979) Summary Phase
[595.409s][info][gc,phases      ] GC(1979) Summary Phase 0.027ms
[595.409s][info][gc,phases,start] GC(1979) Forward
[595.518s][info][gc,phases      ] GC(1979) Forward 109.648ms
[595.518s][info][gc,phases,start] GC(1979) Adjust Pointers
[595.811s][info][gc,phases      ] GC(1979) Adjust Pointers 293.058ms
[595.811s][info][gc,phases,start] GC(1979) Compaction Phase
[595.961s][info][gc,phases      ] GC(1979) Compaction Phase 149.333ms
[595.972s][info][gc,phases,start] GC(1979) Post Compact
[595.974s][info][gc,phases      ] GC(1979) Post Compact 2.288ms
[595.975s][info][gc,heap        ] GC(1979) PSYoungGen: 111616K(222720K)->0K(222720K) Eden: 111616K(111616K)->0K(111616K) From: 0K(111104K)->0K(111104K)
[595.975s][info][gc,heap        ] GC(1979) ParOldGen: 667620K(667648K)->549152K(667648K)
[595.975s][info][gc,metaspace   ] GC(1979) Metaspace: 18957K(19072K)->18957K(19072K) NonClass: 17128K(17216K)->17128K(17216K) Class: 1829K(1856K)->1829K(1856K)
[595.975s][info][gc             ] GC(1979) Pause Full (Allocation Failure) 760M->536M(869M) 938.916ms
[595.975s][info][gc,cpu         ] GC(1979) User=1.80s Sys=0.00s Real=0.94s
[596.147s][info][gc,start       ] GC(1980) Pause Young (Allocation Failure)
[596.161s][info][gc,heap        ] GC(1980) PSYoungGen: 111616K(222720K)->10304K(222720K) Eden: 111616K(111616K)->0K(111616K) From: 0K(111104K)->10304K(111104K)
[596.161s][info][gc,heap        ] GC(1980) ParOldGen: 549152K(667648K)->549152K(667648K)
[596.161s][info][gc,metaspace   ] GC(1980) Metaspace: 18957K(19072K)->18957K(19072K) NonClass: 17128K(17216K)->17128K(17216K) Class: 1829K(1856K)->1829K(1856K)
[596.161s][info][gc             ] GC(1980) Pause Young (Allocation Failure) 645M->546M(869M) 13.778ms
[596.161s][info][gc,cpu         ] GC(1980) User=0.03s Sys=0.00s Real=0.01s
[596.270s][info][gc,start       ] GC(1981) Pause Young (Allocation Failure)
[596.299s][info][gc,heap        ] GC(1981) PSYoungGen: 121920K(222720K)->16896K(222720K) Eden: 111616K(111616K)->0K(111616K) From: 10304K(111104K)->16896K(111104K)
[596.299s][info][gc,heap        ] GC(1981) ParOldGen: 549152K(667648K)->559488K(667648K)
[596.299s][info][gc,metaspace   ] GC(1981) Metaspace: 18957K(19072K)->18957K(19072K) NonClass: 17128K(17216K)->17128K(17216K) Class: 1829K(1856K)->1829K(1856K)
[596.299s][info][gc             ] GC(1981) Pause Young (Allocation Failure) 655M->562M(869M) 29.730ms
[596.299s][info][gc,cpu         ] GC(1981) User=0.06s Sys=0.00s Real=0.03s
[596.497s][info][gc,start       ] GC(1982) Pause Young (Allocation Failure)
[596.531s][info][gc,heap        ] GC(1982) PSYoungGen: 128512K(222720K)->13547K(222720K) Eden: 111616K(111616K)->0K(111616K) From: 16896K(111104K)->13547K(111104K)
[596.531s][info][gc,heap        ] GC(1982) ParOldGen: 559488K(667648K)->576409K(667648K)
[596.531s][info][gc,metaspace   ] GC(1982) Metaspace: 18957K(19072K)->18957K(19072K) NonClass: 17128K(17216K)->17128K(17216K) Class: 1829K(1856K)->1829K(1856K)
[596.531s][info][gc             ] GC(1982) Pause Young (Allocation Failure) 671M->576M(869M) 33.871ms
[596.531s][info][gc,cpu         ] GC(1982) User=0.07s Sys=0.00s Real=0.03s
[596.703s][info][gc,start       ] GC(1983) Pause Young (Allocation Failure)
[596.714s][info][gc,heap        ] GC(1983) PSYoungGen: 125163K(222720K)->3296K(222720K) Eden: 111616K(111616K)->0K(111616K) From: 13547K(111104K)->3296K(111104K)
[596.714s][info][gc,heap        ] GC(1983) ParOldGen: 576409K(667648K)->582893K(667648K)
[596.714s][info][gc,metaspace   ] GC(1983) Metaspace: 18963K(19072K)->18963K(19072K) NonClass: 17133K(17216K)->17133K(17216K) Class: 1829K(1856K)->1829K(1856K)
[596.714s][info][gc             ] GC(1983) Pause Young (Allocation Failure) 685M->572M(869M) 10.799ms
[596.714s][info][gc,cpu         ] GC(1983) User=0.02s Sys=0.00s Real=0.01s
[596.830s][info][gc,start       ] GC(1984) Pause Young (Allocation Failure)
[596.853s][info][gc,heap        ] GC(1984) PSYoungGen: 114912K(222720K)->22352K(209408K) Eden: 111616K(111616K)->0K(111616K) From: 3296K(111104K)->22352K(97792K)
[596.853s][info][gc,heap        ] GC(1984) ParOldGen: 582893K(667648K)->586205K(667648K)
[596.853s][info][gc,metaspace   ] GC(1984) Metaspace: 18963K(19072K)->18963K(19072K) NonClass: 17133K(17216K)->17133K(17216K) Class: 1829K(1856K)->1829K(1856K)
[596.853s][info][gc             ] GC(1984) Pause Young (Allocation Failure) 681M->594M(856M) 23.381ms
[596.853s][info][gc,cpu         ] GC(1984) User=0.05s Sys=0.00s Real=0.03s
[596.977s][info][gc,start       ] GC(1985) Pause Young (Allocation Failure)
[597.010s][info][gc,heap        ] GC(1985) PSYoungGen: 133968K(209408K)->34848K(146944K) Eden: 111616K(111616K)->0K(111616K) From: 22352K(97792K)->34848K(35328K)
[597.010s][info][gc,heap        ] GC(1985) ParOldGen: 586205K(667648K)->586205K(667648K)
[597.010s][info][gc,metaspace   ] GC(1985) Metaspace: 18963K(19072K)->18963K(19072K) NonClass: 17134K(17216K)->17134K(17216K) Class: 1829K(1856K)->1829K(1856K)
[597.010s][info][gc             ] GC(1985) Pause Young (Allocation Failure) 703M->606M(795M) 33.376ms
[597.010s][info][gc,cpu         ] GC(1985) User=0.06s Sys=0.00s Real=0.03s
[597.126s][info][gc,start       ] GC(1986) Pause Young (Allocation Failure)
[597.163s][info][gc,heap        ] GC(1986) PSYoungGen: 146464K(146944K)->39424K(210432K) Eden: 111616K(111616K)->0K(116736K) From: 34848K(35328K)->39424K(93696K)
[597.164s][info][gc,heap        ] GC(1986) ParOldGen: 586205K(667648K)->586205K(667648K)
[597.164s][info][gc,metaspace   ] GC(1986) Metaspace: 18963K(19072K)->18963K(19072K) NonClass: 17134K(17216K)->17134K(17216K) Class: 1829K(1856K)->1829K(1856K)
[597.164s][info][gc             ] GC(1986) Pause Young (Allocation Failure) 715M->610M(857M) 37.123ms
[597.164s][info][gc,cpu         ] GC(1986) User=0.08s Sys=0.00s Real=0.04s
[597.386s][info][gc,start       ] GC(1987) Pause Young (Allocation Failure)
[597.425s][info][gc,heap        ] GC(1987) PSYoungGen: 156160K(210432K)->42704K(212992K) Eden: 116736K(116736K)->0K(116736K) From: 39424K(93696K)->42704K(96256K)
[597.425s][info][gc,heap        ] GC(1987) ParOldGen: 586205K(667648K)->586205K(667648K)
[597.425s][info][gc,metaspace   ] GC(1987) Metaspace: 18963K(19072K)->18963K(19072K) NonClass: 17134K(17216K)->17134K(17216K) Class: 1829K(1856K)->1829K(1856K)
[597.425s][info][gc             ] GC(1987) Pause Young (Allocation Failure) 724M->614M(860M) 39.588ms
[597.425s][info][gc,cpu         ] GC(1987) User=0.08s Sys=0.00s Real=0.04s
[597.679s][info][gc,start       ] GC(1988) Pause Young (Allocation Failure)
[597.721s][info][gc,heap        ] GC(1988) PSYoungGen: 159440K(212992K)->44032K(211968K) Eden: 116736K(116736K)->0K(121344K) From: 42704K(96256K)->44032K(90624K)
[597.721s][info][gc,heap        ] GC(1988) ParOldGen: 586205K(667648K)->586205K(667648K)
[597.721s][info][gc,metaspace   ] GC(1988) Metaspace: 18963K(19072K)->18963K(19072K) NonClass: 17134K(17216K)->17134K(17216K) Class: 1829K(1856K)->1829K(1856K)
[597.721s][info][gc             ] GC(1988) Pause Young (Allocation Failure) 728M->615M(859M) 41.794ms
[597.721s][info][gc,cpu         ] GC(1988) User=0.08s Sys=0.01s Real=0.04s
[597.842s][info][gc,start       ] GC(1989) Pause Young (Allocation Failure)
[597.896s][info][gc,heap        ] GC(1989) PSYoungGen: 165376K(211968K)->59488K(214016K) Eden: 121344K(121344K)->0K(121344K) From: 44032K(90624K)->59488K(92672K)
[597.896s][info][gc,heap        ] GC(1989) ParOldGen: 586205K(667648K)->586205K(667648K)
[597.896s][info][gc,metaspace   ] GC(1989) Metaspace: 18963K(19072K)->18963K(19072K) NonClass: 17134K(17216K)->17134K(17216K) Class: 1829K(1856K)->1829K(1856K)
[597.896s][info][gc             ] GC(1989) Pause Young (Allocation Failure) 733M->630M(861M) 54.239ms
[597.896s][info][gc,cpu         ] GC(1989) User=0.11s Sys=0.00s Real=0.06s
[598.054s][info][gc,start       ] GC(1990) Pause Young (Allocation Failure)
[598.086s][info][gc,heap        ] GC(1990) PSYoungGen: 180832K(214016K)->36480K(212480K) Eden: 121344K(121344K)->0K(126976K) From: 59488K(92672K)->36480K(85504K)
[598.086s][info][gc,heap        ] GC(1990) ParOldGen: 586205K(667648K)->586205K(667648K)
[598.086s][info][gc,metaspace   ] GC(1990) Metaspace: 18963K(19072K)->18963K(19072K) NonClass: 17134K(17216K)->17134K(17216K) Class: 1829K(1856K)->1829K(1856K)
[598.086s][info][gc             ] GC(1990) Pause Young (Allocation Failure) 749M->608M(859M) 32.686ms
[598.086s][info][gc,cpu         ] GC(1990) User=0.07s Sys=0.00s Real=0.03s
[598.155s][info][gc,start       ] GC(1991) Pause Young (Allocation Failure)
[598.215s][info][gc,heap        ] GC(1991) PSYoungGen: 163456K(212480K)->83760K(218112K) Eden: 126976K(126976K)->0K(126976K) From: 36480K(85504K)->83760K(91136K)
[598.216s][info][gc,heap        ] GC(1991) ParOldGen: 586205K(667648K)->586205K(667648K)
[598.216s][info][gc,metaspace   ] GC(1991) Metaspace: 18963K(19072K)->18963K(19072K) NonClass: 17134K(17216K)->17134K(17216K) Class: 1829K(1856K)->1829K(1856K)
[598.216s][info][gc             ] GC(1991) Pause Young (Allocation Failure) 732M->654M(865M) 60.707ms
[598.216s][info][gc,cpu         ] GC(1991) User=0.12s Sys=0.00s Real=0.06s
[598.431s][info][gc,start       ] GC(1992) Pause Young (Allocation Failure)
[598.506s][info][gc,heap        ] GC(1992) PSYoungGen: 210736K(218112K)->97856K(215040K) Eden: 126976K(126976K)->0K(111616K) From: 83760K(91136K)->97856K(103424K)
[598.506s][info][gc,heap        ] GC(1992) ParOldGen: 586205K(667648K)->586205K(667648K)
[598.506s][info][gc,metaspace   ] GC(1992) Metaspace: 18963K(19072K)->18963K(19072K) NonClass: 17134K(17216K)->17134K(17216K) Class: 1829K(1856K)->1829K(1856K)
[598.506s][info][gc             ] GC(1992) Pause Young (Allocation Failure) 778M->668M(862M) 74.790ms
[598.506s][info][gc,cpu         ] GC(1992) User=0.14s Sys=0.01s Real=0.08s
[598.666s][info][gc,start       ] GC(1993) Pause Young (Allocation Failure)
[598.747s][info][gc,heap        ] GC(1993) PSYoungGen: 209472K(215040K)->96736K(222720K) Eden: 111616K(111616K)->0K(111616K) From: 97856K(103424K)->96736K(111104K)
[598.747s][info][gc,heap        ] GC(1993) ParOldGen: 586205K(667648K)->589405K(667648K)
[598.747s][info][gc,metaspace   ] GC(1993) Metaspace: 18963K(19072K)->18963K(19072K) NonClass: 17134K(17216K)->17134K(17216K) Class: 1829K(1856K)->1829K(1856K)
[598.747s][info][gc             ] GC(1993) Pause Young (Allocation Failure) 777M->670M(869M) 81.266ms
[598.747s][info][gc,cpu         ] GC(1993) User=0.16s Sys=0.00s Real=0.08s
[598.873s][info][gc,start       ] GC(1994) Pause Young (Allocation Failure)
[598.981s][info][gc,heap        ] GC(1994) PSYoungGen: 208352K(222720K)->111072K(222720K) Eden: 111616K(111616K)->0K(111616K) From: 96736K(111104K)->111072K(111104K)
[598.981s][info][gc,heap        ] GC(1994) ParOldGen: 589405K(667648K)->597597K(667648K)
[598.981s][info][gc,metaspace   ] GC(1994) Metaspace: 18963K(19072K)->18963K(19072K) NonClass: 17134K(17216K)->17134K(17216K) Class: 1829K(1856K)->1829K(1856K)
[598.981s][info][gc             ] GC(1994) Pause Young (Allocation Failure) 779M->692M(869M) 108.604ms
[598.982s][info][gc,cpu         ] GC(1994) User=0.21s Sys=0.01s Real=0.10s
[599.115s][info][gc,start       ] GC(1995) Pause Young (Allocation Failure)
[599.237s][info][gc,heap        ] GC(1995) PSYoungGen: 222688K(222720K)->111072K(222720K) Eden: 111616K(111616K)->0K(111616K) From: 111072K(111104K)->111072K(111104K)
[599.237s][info][gc,heap        ] GC(1995) ParOldGen: 597597K(667648K)->615209K(667648K)
[599.237s][info][gc,metaspace   ] GC(1995) Metaspace: 18963K(19072K)->18963K(19072K) NonClass: 17134K(17216K)->17134K(17216K) Class: 1829K(1856K)->1829K(1856K)
[599.237s][info][gc             ] GC(1995) Pause Young (Allocation Failure) 801M->709M(869M) 122.234ms
[599.237s][info][gc,cpu         ] GC(1995) User=0.24s Sys=0.00s Real=0.12s
[599.327s][info][gc,start       ] GC(1996) Pause Young (Allocation Failure)
[599.436s][info][gc,promotion   ] GC(1996) Promotion failed
[599.436s][info][gc,heap        ] GC(1996) PSYoungGen: 222688K(222720K)->222688K(222720K) Eden: 111616K(111616K)->111616K(111616K) From: 111072K(111104K)->111072K(111104K)
[599.436s][info][gc,heap        ] GC(1996) ParOldGen: 615209K(667648K)->667642K(667648K)
[599.436s][info][gc,metaspace   ] GC(1996) Metaspace: 18963K(19072K)->18963K(19072K) NonClass: 17134K(17216K)->17134K(17216K) Class: 1829K(1856K)->1829K(1856K)
[599.436s][info][gc             ] GC(1996) Pause Young (Allocation Failure) 818M->869M(869M) 109.423ms
[599.436s][info][gc,cpu         ] GC(1996) User=0.22s Sys=0.00s Real=0.11s
[599.436s][info][gc,start       ] GC(1997) Pause Full (Allocation Failure)
[599.436s][info][gc,phases,start] GC(1997) Marking Phase
[599.814s][info][gc,phases      ] GC(1997) Marking Phase 378.227ms
[599.815s][info][gc,phases,start] GC(1997) Summary Phase
[599.815s][info][gc,phases      ] GC(1997) Summary Phase 0.029ms
[599.815s][info][gc,phases,start] GC(1997) Forward
[599.908s][info][gc,phases      ] GC(1997) Forward 93.111ms
[599.908s][info][gc,phases,start] GC(1997) Adjust Pointers
[600.192s][info][gc,phases      ] GC(1997) Adjust Pointers 284.467ms
[600.192s][info][gc,phases,start] GC(1997) Compaction Phase
[600.327s][info][gc,phases      ] GC(1997) Compaction Phase 134.585ms
[600.336s][info][gc,phases,start] GC(1997) Post Compact
[600.339s][info][gc,phases      ] GC(1997) Post Compact 2.682ms
[600.339s][info][gc,heap        ] GC(1997) PSYoungGen: 222688K(222720K)->0K(222720K) Eden: 111616K(111616K)->0K(111616K) From: 111072K(111104K)->0K(111104K)
[600.339s][info][gc,heap        ] GC(1997) ParOldGen: 667642K(667648K)->544854K(667648K)
[600.339s][info][gc,metaspace   ] GC(1997) Metaspace: 18963K(19072K)->18963K(19072K) NonClass: 17134K(17216K)->17134K(17216K) Class: 1829K(1856K)->1829K(1856K)
[600.339s][info][gc             ] GC(1997) Pause Full (Allocation Failure) 869M->532M(869M) 902.809ms
[600.339s][info][gc,cpu         ] GC(1997) User=1.69s Sys=0.00s Real=0.90s
[600.451s][info][gc,start       ] GC(1998) Pause Young (Allocation Failure)
[600.459s][info][gc,heap        ] GC(1998) PSYoungGen: 111616K(222720K)->640K(222720K) Eden: 111616K(111616K)->0K(111616K) From: 0K(111104K)->640K(111104K)
[600.459s][info][gc,heap        ] GC(1998) ParOldGen: 544854K(667648K)->544854K(667648K)
[600.459s][info][gc,metaspace   ] GC(1998) Metaspace: 18963K(19072K)->18963K(19072K) NonClass: 17134K(17216K)->17134K(17216K) Class: 1829K(1856K)->1829K(1856K)
[600.459s][info][gc             ] GC(1998) Pause Young (Allocation Failure) 641M->532M(869M) 7.395ms
[600.459s][info][gc,cpu         ] GC(1998) User=0.02s Sys=0.00s Real=0.01s
[600.578s][info][gc,start       ] GC(1999) Pause Young (Allocation Failure)
[600.591s][info][gc,heap        ] GC(1999) PSYoungGen: 112256K(222720K)->5088K(222720K) Eden: 111616K(111616K)->0K(111616K) From: 640K(111104K)->5088K(111104K)
[600.591s][info][gc,heap        ] GC(1999) ParOldGen: 544854K(667648K)->544854K(667648K)
[600.591s][info][gc,metaspace   ] GC(1999) Metaspace: 18963K(19072K)->18963K(19072K) NonClass: 17134K(17216K)->17134K(17216K) Class: 1829K(1856K)->1829K(1856K)
[600.591s][info][gc             ] GC(1999) Pause Young (Allocation Failure) 641M->537M(869M) 12.535ms
[600.591s][info][gc,cpu         ] GC(1999) User=0.02s Sys=0.00s Real=0.01s
[600.712s][info][gc,start       ] GC(2000) Pause Young (Allocation Failure)
[600.719s][info][gc,heap        ] GC(2000) PSYoungGen: 116704K(222720K)->5088K(222720K) Eden: 111616K(111616K)->0K(111616K) From: 5088K(111104K)->5088K(111104K)
[600.719s][info][gc,heap        ] GC(2000) ParOldGen: 544854K(667648K)->544854K(667648K)
[600.719s][info][gc,metaspace   ] GC(2000) Metaspace: 18963K(19072K)->18963K(19072K) NonClass: 17134K(17216K)->17134K(17216K) Class: 1829K(1856K)->1829K(1856K)
[600.719s][info][gc             ] GC(2000) Pause Young (Allocation Failure) 646M->537M(869M) 7.437ms
[600.719s][info][gc,cpu         ] GC(2000) User=0.02s Sys=0.00s Real=0.00s
[600.923s][info][gc,start       ] GC(2001) Pause Young (Allocation Failure)
[600.953s][info][gc,heap        ] GC(2001) PSYoungGen: 116704K(222720K)->12064K(222720K) Eden: 111616K(111616K)->0K(111616K) From: 5088K(111104K)->12064K(111104K)
[600.953s][info][gc,heap        ] GC(2001) ParOldGen: 544854K(667648K)->549910K(667648K)
[600.953s][info][gc,metaspace   ] GC(2001) Metaspace: 18963K(19072K)->18963K(19072K) NonClass: 17134K(17216K)->17134K(17216K) Class: 1829K(1856K)->1829K(1856K)
[600.953s][info][gc             ] GC(2001) Pause Young (Allocation Failure) 646M->548M(869M) 30.513ms
[600.953s][info][gc,cpu         ] GC(2001) User=0.06s Sys=0.00s Real=0.03s
[601.128s][info][gc,start       ] GC(2002) Pause Young (Allocation Failure)
[601.160s][info][gc,heap        ] GC(2002) PSYoungGen: 123680K(222720K)->16800K(222720K) Eden: 111616K(111616K)->0K(111616K) From: 12064K(111104K)->16800K(111104K)
[601.160s][info][gc,heap        ] GC(2002) ParOldGen: 549910K(667648K)->561991K(667648K)
[601.160s][info][gc,metaspace   ] GC(2002) Metaspace: 18963K(19072K)->18963K(19072K) NonClass: 17134K(17216K)->17134K(17216K) Class: 1829K(1856K)->1829K(1856K)
[601.160s][info][gc             ] GC(2002) Pause Young (Allocation Failure) 657M->565M(869M) 32.228ms
[601.160s][info][gc,cpu         ] GC(2002) User=0.07s Sys=0.00s Real=0.03s
[601.385s][info][gc,start       ] GC(2003) Pause Young (Allocation Failure)
[601.416s][info][gc,heap        ] GC(2003) PSYoungGen: 128416K(222720K)->17680K(222720K) Eden: 111616K(111616K)->0K(111616K) From: 16800K(111104K)->17680K(111104K)
[601.416s][info][gc,heap        ] GC(2003) ParOldGen: 561991K(667648K)->578831K(667648K)
[601.416s][info][gc,metaspace   ] GC(2003) Metaspace: 18969K(19072K)->18969K(19072K) NonClass: 17140K(17216K)->17140K(17216K) Class: 1829K(1856K)->1829K(1856K)
[601.416s][info][gc             ] GC(2003) Pause Young (Allocation Failure) 674M->582M(869M) 30.898ms
[601.416s][info][gc,cpu         ] GC(2003) User=0.06s Sys=0.00s Real=0.03s
[601.535s][info][gc,start       ] GC(2004) Pause Young (Allocation Failure)
[601.567s][info][gc,heap        ] GC(2004) PSYoungGen: 129296K(222720K)->25536K(222720K) Eden: 111616K(111616K)->0K(111616K) From: 17680K(111104K)->25536K(111104K)
[601.567s][info][gc,heap        ] GC(2004) ParOldGen: 578831K(667648K)->596687K(667648K)
[601.567s][info][gc,metaspace   ] GC(2004) Metaspace: 18969K(19072K)->18969K(19072K) NonClass: 17140K(17216K)->17140K(17216K) Class: 1829K(1856K)->1829K(1856K)
[601.567s][info][gc             ] GC(2004) Pause Young (Allocation Failure) 691M->607M(869M) 31.439ms
[601.567s][info][gc,cpu         ] GC(2004) User=0.06s Sys=0.00s Real=0.03s
[601.706s][info][gc,start       ] GC(2005) Pause Young (Allocation Failure)
[601.742s][info][gc,heap        ] GC(2005) PSYoungGen: 137152K(222720K)->11776K(222720K) Eden: 111616K(111616K)->0K(111616K) From: 25536K(111104K)->11776K(111104K)
[601.742s][info][gc,heap        ] GC(2005) ParOldGen: 596687K(667648K)->622508K(667648K)
[601.743s][info][gc,metaspace   ] GC(2005) Metaspace: 18969K(19072K)->18969K(19072K) NonClass: 17140K(17216K)->17140K(17216K) Class: 1829K(1856K)->1829K(1856K)
[601.743s][info][gc             ] GC(2005) Pause Young (Allocation Failure) 716M->619M(869M) 37.039ms
[601.743s][info][gc,cpu         ] GC(2005) User=0.07s Sys=0.00s Real=0.04s
[601.924s][info][gc,start       ] GC(2006) Pause Young (Allocation Failure)
[601.941s][info][gc,heap        ] GC(2006) PSYoungGen: 123392K(222720K)->64K(222720K) Eden: 111616K(111616K)->0K(111616K) From: 11776K(111104K)->64K(111104K)
[601.941s][info][gc,heap        ] GC(2006) ParOldGen: 622508K(667648K)->634284K(667648K)
[601.941s][info][gc,metaspace   ] GC(2006) Metaspace: 18969K(19072K)->18969K(19072K) NonClass: 17140K(17216K)->17140K(17216K) Class: 1829K(1856K)->1829K(1856K)
[601.941s][info][gc             ] GC(2006) Pause Young (Allocation Failure) 728M->619M(869M) 17.224ms
[601.941s][info][gc,cpu         ] GC(2006) User=0.03s Sys=0.00s Real=0.01s
[602.081s][info][gc,start       ] GC(2007) Pause Full (Allocation Failure)
[602.081s][info][gc,phases,start] GC(2007) Marking Phase
[602.403s][info][gc,phases      ] GC(2007) Marking Phase 322.398ms
[602.403s][info][gc,phases,start] GC(2007) Summary Phase
[602.403s][info][gc,phases      ] GC(2007) Summary Phase 0.026ms
[602.403s][info][gc,phases,start] GC(2007) Forward
[602.513s][info][gc,phases      ] GC(2007) Forward 109.463ms
[602.513s][info][gc,phases,start] GC(2007) Adjust Pointers
[602.762s][info][gc,phases      ] GC(2007) Adjust Pointers 249.399ms
[602.762s][info][gc,phases,start] GC(2007) Compaction Phase
[602.890s][info][gc,phases      ] GC(2007) Compaction Phase 127.504ms
[602.899s][info][gc,phases,start] GC(2007) Post Compact
[602.901s][info][gc,phases      ] GC(2007) Post Compact 2.202ms
[602.901s][info][gc,heap        ] GC(2007) PSYoungGen: 111680K(222720K)->0K(222720K) Eden: 111616K(111616K)->0K(111616K) From: 64K(111104K)->0K(111104K)
[602.901s][info][gc,heap        ] GC(2007) ParOldGen: 634284K(667648K)->472687K(667648K)
[602.901s][info][gc,metaspace   ] GC(2007) Metaspace: 18969K(19072K)->18969K(19072K) NonClass: 17140K(17216K)->17140K(17216K) Class: 1829K(1856K)->1829K(1856K)
[602.901s][info][gc             ] GC(2007) Pause Full (Allocation Failure) 728M->461M(869M) 820.398ms
[602.901s][info][gc,cpu         ] GC(2007) User=1.54s Sys=0.01s Real=0.82s
[602.998s][info][gc,start       ] GC(2008) Pause Young (Allocation Failure)
[603.010s][info][gc,heap        ] GC(2008) PSYoungGen: 111616K(222720K)->8704K(222720K) Eden: 111616K(111616K)->0K(111616K) From: 0K(111104K)->8704K(111104K)
[603.010s][info][gc,heap        ] GC(2008) ParOldGen: 472687K(667648K)->472687K(667648K)
[603.010s][info][gc,metaspace   ] GC(2008) Metaspace: 18969K(19072K)->18969K(19072K) NonClass: 17140K(17216K)->17140K(17216K) Class: 1829K(1856K)->1829K(1856K)
[603.010s][info][gc             ] GC(2008) Pause Young (Allocation Failure) 570M->470M(869M) 11.717ms
[603.010s][info][gc,cpu         ] GC(2008) User=0.02s Sys=0.00s Real=0.01s
[603.127s][info][gc,start       ] GC(2009) Pause Young (Allocation Failure)
[603.142s][info][gc,heap        ] GC(2009) PSYoungGen: 120320K(222720K)->3104K(222720K) Eden: 111616K(111616K)->0K(111616K) From: 8704K(111104K)->3104K(111104K)
[603.142s][info][gc,heap        ] GC(2009) ParOldGen: 472687K(667648K)->481423K(667648K)
[603.142s][info][gc,metaspace   ] GC(2009) Metaspace: 18969K(19072K)->18969K(19072K) NonClass: 17140K(17216K)->17140K(17216K) Class: 1829K(1856K)->1829K(1856K)
[603.142s][info][gc             ] GC(2009) Pause Young (Allocation Failure) 579M->473M(869M) 15.233ms
[603.142s][info][gc,cpu         ] GC(2009) User=0.03s Sys=0.00s Real=0.02s
[603.273s][info][gc,start       ] GC(2010) Pause Young (Allocation Failure)
[603.284s][info][gc,heap        ] GC(2010) PSYoungGen: 114720K(222720K)->5888K(222720K) Eden: 111616K(111616K)->0K(111616K) From: 3104K(111104K)->5888K(111104K)
[603.284s][info][gc,heap        ] GC(2010) ParOldGen: 481423K(667648K)->484511K(667648K)
[603.284s][info][gc,metaspace   ] GC(2010) Metaspace: 18969K(19072K)->18969K(19072K) NonClass: 17140K(17216K)->17140K(17216K) Class: 1829K(1856K)->1829K(1856K)
[603.284s][info][gc             ] GC(2010) Pause Young (Allocation Failure) 582M->478M(869M) 10.807ms
[603.284s][info][gc,cpu         ] GC(2010) User=0.02s Sys=0.00s Real=0.01s
[603.525s][info][gc,start       ] GC(2011) Pause Young (Allocation Failure)
[603.543s][info][gc,heap        ] GC(2011) PSYoungGen: 117504K(222720K)->15616K(208384K) Eden: 111616K(111616K)->0K(111616K) From: 5888K(111104K)->15616K(96768K)
[603.543s][info][gc,heap        ] GC(2011) ParOldGen: 484511K(667648K)->484511K(667648K)
[603.543s][info][gc,metaspace   ] GC(2011) Metaspace: 18969K(19072K)->18969K(19072K) NonClass: 17140K(17216K)->17140K(17216K) Class: 1829K(1856K)->1829K(1856K)
[603.543s][info][gc             ] GC(2011) Pause Young (Allocation Failure) 587M->488M(855M) 18.395ms
[603.543s][info][gc,cpu         ] GC(2011) User=0.03s Sys=0.00s Real=0.02s
[603.819s][info][gc,start       ] GC(2012) Pause Young (Allocation Failure)
[603.836s][info][gc,heap        ] GC(2012) PSYoungGen: 127232K(208384K)->15648K(127488K) Eden: 111616K(111616K)->0K(111616K) From: 15616K(96768K)->15648K(15872K)
[603.836s][info][gc,heap        ] GC(2012) ParOldGen: 484511K(667648K)->484511K(667648K)
[603.836s][info][gc,metaspace   ] GC(2012) Metaspace: 18969K(19072K)->18969K(19072K) NonClass: 17140K(17216K)->17140K(17216K) Class: 1829K(1856K)->1829K(1856K)
[603.836s][info][gc             ] GC(2012) Pause Young (Allocation Failure) 597M->488M(776M) 16.798ms
[603.836s][info][gc,cpu         ] GC(2012) User=0.03s Sys=0.00s Real=0.02s
[604.104s][info][gc,start       ] GC(2013) Pause Young (Allocation Failure)
[604.123s][info][gc,heap        ] GC(2013) PSYoungGen: 127264K(127488K)->15648K(199168K) Eden: 111616K(111616K)->0K(114688K) From: 15648K(15872K)->15648K(84480K)
[604.123s][info][gc,heap        ] GC(2013) ParOldGen: 484511K(667648K)->484511K(667648K)
[604.123s][info][gc,metaspace   ] GC(2013) Metaspace: 18969K(19072K)->18969K(19072K) NonClass: 17140K(17216K)->17140K(17216K) Class: 1829K(1856K)->1829K(1856K)
[604.123s][info][gc             ] GC(2013) Pause Young (Allocation Failure) 597M->488M(846M) 19.042ms
[604.123s][info][gc,cpu         ] GC(2013) User=0.04s Sys=0.00s Real=0.02s
[604.405s][info][gc,start       ] GC(2014) Pause Young (Allocation Failure)
[604.423s][info][gc,heap        ] GC(2014) PSYoungGen: 130336K(199168K)->15840K(130560K) Eden: 114688K(114688K)->0K(114688K) From: 15648K(84480K)->15840K(15872K)
[604.423s][info][gc,heap        ] GC(2014) ParOldGen: 484511K(667648K)->484511K(667648K)
[604.423s][info][gc,metaspace   ] GC(2014) Metaspace: 18969K(19072K)->18969K(19072K) NonClass: 17140K(17216K)->17140K(17216K) Class: 1829K(1856K)->1829K(1856K)
[604.423s][info][gc             ] GC(2014) Pause Young (Allocation Failure) 600M->488M(779M) 18.243ms
[604.423s][info][gc,cpu         ] GC(2014) User=0.03s Sys=0.00s Real=0.02s
[604.684s][info][gc,start       ] GC(2015) Pause Young (Allocation Failure)
[604.712s][info][gc,heap        ] GC(2015) PSYoungGen: 130528K(130560K)->15712K(193024K) Eden: 114688K(114688K)->0K(117760K) From: 15840K(15872K)->15712K(75264K)
[604.712s][info][gc,heap        ] GC(2015) ParOldGen: 484511K(667648K)->484511K(667648K)
[604.712s][info][gc,metaspace   ] GC(2015) Metaspace: 18969K(19072K)->18969K(19072K) NonClass: 17140K(17216K)->17140K(17216K) Class: 1829K(1856K)->1829K(1856K)
[604.712s][info][gc             ] GC(2015) Pause Young (Allocation Failure) 600M->488M(840M) 28.221ms
[604.712s][info][gc,cpu         ] GC(2015) User=0.05s Sys=0.00s Real=0.03s
[604.857s][info][gc,start       ] GC(2016) Pause Young (Allocation Failure)
[604.899s][info][gc,heap        ] GC(2016) PSYoungGen: 133472K(193024K)->44064K(198144K) Eden: 117760K(117760K)->0K(117760K) From: 15712K(75264K)->44064K(80384K)
[604.899s][info][gc,heap        ] GC(2016) ParOldGen: 484511K(667648K)->484511K(667648K)
[604.899s][info][gc,metaspace   ] GC(2016) Metaspace: 18971K(19072K)->18971K(19072K) NonClass: 17141K(17216K)->17141K(17216K) Class: 1829K(1856K)->1829K(1856K)
[604.899s][info][gc             ] GC(2016) Pause Young (Allocation Failure) 603M->516M(845M) 41.592ms
[604.899s][info][gc,cpu         ] GC(2016) User=0.08s Sys=0.00s Real=0.04s
[604.966s][info][gc,start       ] GC(2017) Pause Young (Allocation Failure)
[605.034s][info][gc,heap        ] GC(2017) PSYoungGen: 161824K(198144K)->82928K(187392K) Eden: 117760K(117760K)->0K(104448K) From: 44064K(80384K)->82928K(82944K)
[605.034s][info][gc,heap        ] GC(2017) ParOldGen: 484511K(667648K)->489143K(667648K)
[605.034s][info][gc,metaspace   ] GC(2017) Metaspace: 18971K(19072K)->18971K(19072K) NonClass: 17141K(17216K)->17141K(17216K) Class: 1829K(1856K)->1829K(1856K)
[605.034s][info][gc             ] GC(2017) Pause Young (Allocation Failure) 631M->558M(835M) 68.042ms
[605.034s][info][gc,cpu         ] GC(2017) User=0.13s Sys=0.00s Real=0.07s
[605.202s][info][gc,start       ] GC(2018) Pause Young (Allocation Failure)
[605.261s][info][gc,heap        ] GC(2018) PSYoungGen: 187376K(187392K)->70681K(205312K) Eden: 104448K(104448K)->0K(104448K) From: 82928K(82944K)->70681K(100864K)
[605.261s][info][gc,heap        ] GC(2018) ParOldGen: 489143K(667648K)->504770K(667648K)
[605.261s][info][gc,metaspace   ] GC(2018) Metaspace: 18971K(19072K)->18971K(19072K) NonClass: 17141K(17216K)->17141K(17216K) Class: 1829K(1856K)->1829K(1856K)
[605.261s][info][gc             ] GC(2018) Pause Young (Allocation Failure) 660M->561M(852M) 59.776ms
[605.261s][info][gc,cpu         ] GC(2018) User=0.12s Sys=0.00s Real=0.06s
[605.311s][info][gc,start       ] GC(2019) Pause Young (Allocation Failure)
[605.381s][info][gc,heap        ] GC(2019) PSYoungGen: 175129K(205312K)->92553K(217088K) Eden: 104448K(104448K)->0K(108544K) From: 70681K(100864K)->92553K(108544K)
[605.381s][info][gc,heap        ] GC(2019) ParOldGen: 504770K(667648K)->504770K(667648K)
[605.381s][info][gc,metaspace   ] GC(2019) Metaspace: 18971K(19072K)->18971K(19072K) NonClass: 17142K(17216K)->17142K(17216K) Class: 1829K(1856K)->1829K(1856K)
[605.381s][info][gc             ] GC(2019) Pause Young (Allocation Failure) 663M->583M(864M) 69.372ms
[605.381s][info][gc,cpu         ] GC(2019) User=0.12s Sys=0.02s Real=0.07s
[605.436s][info][gc,start       ] GC(2020) Pause Young (Allocation Failure)
[605.520s][info][gc,heap        ] GC(2020) PSYoungGen: 201097K(217088K)->111081K(219648K) Eden: 108544K(108544K)->0K(108544K) From: 92553K(108544K)->111081K(111104K)
[605.520s][info][gc,heap        ] GC(2020) ParOldGen: 504770K(667648K)->524637K(667648K)
[605.520s][info][gc,metaspace   ] GC(2020) Metaspace: 18971K(19072K)->18971K(19072K) NonClass: 17142K(17216K)->17142K(17216K) Class: 1829K(1856K)->1829K(1856K)
[605.520s][info][gc             ] GC(2020) Pause Young (Allocation Failure) 689M->620M(866M) 84.304ms
[605.521s][info][gc,cpu         ] GC(2020) User=0.17s Sys=0.00s Real=0.08s
[605.670s][info][gc,start       ] GC(2021) Pause Young (Allocation Failure)
[605.800s][info][gc,heap        ] GC(2021) PSYoungGen: 219625K(219648K)->111072K(222720K) Eden: 108544K(108544K)->0K(111616K) From: 111081K(111104K)->111072K(111104K)
[605.800s][info][gc,heap        ] GC(2021) ParOldGen: 524637K(667648K)->558597K(667648K)
[605.801s][info][gc,metaspace   ] GC(2021) Metaspace: 18971K(19072K)->18971K(19072K) NonClass: 17142K(17216K)->17142K(17216K) Class: 1829K(1856K)->1829K(1856K)
[605.801s][info][gc             ] GC(2021) Pause Young (Allocation Failure) 726M->653M(869M) 131.034ms
[605.801s][info][gc,cpu         ] GC(2021) User=0.25s Sys=0.01s Real=0.13s
[605.877s][info][gc,start       ] GC(2022) Pause Young (Allocation Failure)
[605.987s][info][gc,heap        ] GC(2022) PSYoungGen: 222688K(222720K)->46160K(222720K) Eden: 111616K(111616K)->0K(111616K) From: 111072K(111104K)->46160K(111104K)
[605.987s][info][gc,heap        ] GC(2022) ParOldGen: 558597K(667648K)->626536K(667648K)
[605.987s][info][gc,metaspace   ] GC(2022) Metaspace: 18971K(19072K)->18971K(19072K) NonClass: 17142K(17216K)->17142K(17216K) Class: 1829K(1856K)->1829K(1856K)
[605.987s][info][gc             ] GC(2022) Pause Young (Allocation Failure) 762M->656M(869M) 110.090ms
[605.987s][info][gc,cpu         ] GC(2022) User=0.22s Sys=0.00s Real=0.11s
[606.135s][info][gc,start       ] GC(2023) Pause Full (Allocation Failure)
[606.135s][info][gc,phases,start] GC(2023) Marking Phase
[606.469s][info][gc,phases      ] GC(2023) Marking Phase 333.946ms
[606.469s][info][gc,phases,start] GC(2023) Summary Phase
[606.469s][info][gc,phases      ] GC(2023) Summary Phase 0.027ms
[606.469s][info][gc,phases,start] GC(2023) Forward
[606.581s][info][gc,phases      ] GC(2023) Forward 111.722ms
[606.581s][info][gc,phases,start] GC(2023) Adjust Pointers
[606.848s][info][gc,phases      ] GC(2023) Adjust Pointers 267.424ms
[606.848s][info][gc,phases,start] GC(2023) Compaction Phase
[606.990s][info][gc,phases      ] GC(2023) Compaction Phase 142.292ms
[607.005s][info][gc,phases,start] GC(2023) Post Compact
[607.007s][info][gc,phases      ] GC(2023) Post Compact 2.307ms
[607.007s][info][gc,heap        ] GC(2023) PSYoungGen: 157776K(222720K)->0K(222720K) Eden: 111616K(111616K)->0K(111616K) From: 46160K(111104K)->0K(111104K)
[607.007s][info][gc,heap        ] GC(2023) ParOldGen: 626536K(667648K)->512179K(667648K)
[607.007s][info][gc,metaspace   ] GC(2023) Metaspace: 18971K(19072K)->18971K(19072K) NonClass: 17142K(17216K)->17142K(17216K) Class: 1829K(1856K)->1829K(1856K)
[607.008s][info][gc             ] GC(2023) Pause Full (Allocation Failure) 765M->500M(869M) 872.759ms
[607.008s][info][gc,cpu         ] GC(2023) User=1.64s Sys=0.01s Real=0.87s
[607.131s][info][gc,start       ] GC(2024) Pause Young (Allocation Failure)
[607.136s][info][gc,heap        ] GC(2024) PSYoungGen: 111616K(222720K)->2496K(222720K) Eden: 111616K(111616K)->0K(111616K) From: 0K(111104K)->2496K(111104K)
[607.136s][info][gc,heap        ] GC(2024) ParOldGen: 512179K(667648K)->512179K(667648K)
[607.136s][info][gc,metaspace   ] GC(2024) Metaspace: 18971K(19072K)->18971K(19072K) NonClass: 17142K(17216K)->17142K(17216K) Class: 1829K(1856K)->1829K(1856K)
[607.136s][info][gc             ] GC(2024) Pause Young (Allocation Failure) 609M->502M(869M) 4.444ms
[607.136s][info][gc,cpu         ] GC(2024) User=0.01s Sys=0.00s Real=0.01s
[607.262s][info][gc,start       ] GC(2025) Pause Young (Allocation Failure)
[607.266s][info][gc,heap        ] GC(2025) PSYoungGen: 114112K(222720K)->2496K(222720K) Eden: 111616K(111616K)->0K(111616K) From: 2496K(111104K)->2496K(111104K)
[607.266s][info][gc,heap        ] GC(2025) ParOldGen: 512179K(667648K)->512179K(667648K)
[607.266s][info][gc,metaspace   ] GC(2025) Metaspace: 18971K(19072K)->18971K(19072K) NonClass: 17142K(17216K)->17142K(17216K) Class: 1829K(1856K)->1829K(1856K)
[607.266s][info][gc             ] GC(2025) Pause Young (Allocation Failure) 611M->502M(869M) 4.354ms
[607.266s][info][gc,cpu         ] GC(2025) User=0.01s Sys=0.00s Real=0.00s
[607.393s][info][gc,start       ] GC(2026) Pause Young (Allocation Failure)
[607.397s][info][gc,heap        ] GC(2026) PSYoungGen: 114112K(222720K)->64K(222720K) Eden: 111616K(111616K)->0K(111616K) From: 2496K(111104K)->64K(111104K)
[607.397s][info][gc,heap        ] GC(2026) ParOldGen: 512179K(667648K)->514667K(667648K)
[607.397s][info][gc,metaspace   ] GC(2026) Metaspace: 18971K(19072K)->18971K(19072K) NonClass: 17142K(17216K)->17142K(17216K) Class: 1829K(1856K)->1829K(1856K)
[607.397s][info][gc             ] GC(2026) Pause Young (Allocation Failure) 611M->502M(869M) 4.366ms
[607.397s][info][gc,cpu         ] GC(2026) User=0.01s Sys=0.00s Real=0.00s
[607.523s][info][gc,start       ] GC(2027) Pause Young (Allocation Failure)
[607.525s][info][gc,heap        ] GC(2027) PSYoungGen: 111680K(222720K)->64K(222720K) Eden: 111616K(111616K)->0K(111616K) From: 64K(111104K)->64K(111104K)
[607.525s][info][gc,heap        ] GC(2027) ParOldGen: 514667K(667648K)->514667K(667648K)
[607.525s][info][gc,metaspace   ] GC(2027) Metaspace: 18971K(19072K)->18971K(19072K) NonClass: 17142K(17216K)->17142K(17216K) Class: 1829K(1856K)->1829K(1856K)
[607.525s][info][gc             ] GC(2027) Pause Young (Allocation Failure) 611M->502M(869M) 1.735ms
[607.525s][info][gc,cpu         ] GC(2027) User=0.00s Sys=0.00s Real=0.00s
[607.651s][info][gc,start       ] GC(2028) Pause Young (Allocation Failure)
[607.652s][info][gc,heap        ] GC(2028) PSYoungGen: 111680K(222720K)->64K(222720K) Eden: 111616K(111616K)->0K(111616K) From: 64K(111104K)->64K(111104K)
[607.652s][info][gc,heap        ] GC(2028) ParOldGen: 514667K(667648K)->514667K(667648K)
[607.653s][info][gc,metaspace   ] GC(2028) Metaspace: 18971K(19072K)->18971K(19072K) NonClass: 17142K(17216K)->17142K(17216K) Class: 1829K(1856K)->1829K(1856K)
[607.653s][info][gc             ] GC(2028) Pause Young (Allocation Failure) 611M->502M(869M) 1.703ms
[607.653s][info][gc,cpu         ] GC(2028) User=0.01s Sys=0.00s Real=0.01s
[607.779s][info][gc,start       ] GC(2029) Pause Young (Allocation Failure)
[607.781s][info][gc,heap        ] GC(2029) PSYoungGen: 111680K(222720K)->64K(222720K) Eden: 111616K(111616K)->0K(111616K) From: 64K(111104K)->64K(111104K)
[607.781s][info][gc,heap        ] GC(2029) ParOldGen: 514667K(667648K)->514667K(667648K)
[607.781s][info][gc,metaspace   ] GC(2029) Metaspace: 18971K(19072K)->18971K(19072K) NonClass: 17142K(17216K)->17142K(17216K) Class: 1829K(1856K)->1829K(1856K)
[607.781s][info][gc             ] GC(2029) Pause Young (Allocation Failure) 611M->502M(869M) 1.706ms
[607.781s][info][gc,cpu         ] GC(2029) User=0.00s Sys=0.00s Real=0.00s
[607.907s][info][gc,start       ] GC(2030) Pause Young (Allocation Failure)
[607.908s][info][gc,heap        ] GC(2030) PSYoungGen: 111680K(222720K)->64K(222720K) Eden: 111616K(111616K)->0K(111616K) From: 64K(111104K)->64K(111104K)
[607.908s][info][gc,heap        ] GC(2030) ParOldGen: 514667K(667648K)->514667K(667648K)
[607.908s][info][gc,metaspace   ] GC(2030) Metaspace: 18971K(19072K)->18971K(19072K) NonClass: 17142K(17216K)->17142K(17216K) Class: 1829K(1856K)->1829K(1856K)
[607.908s][info][gc             ] GC(2030) Pause Young (Allocation Failure) 611M->502M(869M) 1.713ms
[607.908s][info][gc,cpu         ] GC(2030) User=0.01s Sys=0.00s Real=0.00s
[608.036s][info][gc,start       ] GC(2031) Pause Young (Allocation Failure)
[608.037s][info][gc,heap        ] GC(2031) PSYoungGen: 111680K(222720K)->64K(222720K) Eden: 111616K(111616K)->0K(111616K) From: 64K(111104K)->64K(111104K)
[608.038s][info][gc,heap        ] GC(2031) ParOldGen: 514667K(667648K)->514667K(667648K)
[608.038s][info][gc,metaspace   ] GC(2031) Metaspace: 18971K(19072K)->18971K(19072K) NonClass: 17142K(17216K)->17142K(17216K) Class: 1829K(1856K)->1829K(1856K)
[608.038s][info][gc             ] GC(2031) Pause Young (Allocation Failure) 611M->502M(869M) 1.688ms
[608.038s][info][gc,cpu         ] GC(2031) User=0.00s Sys=0.00s Real=0.00s
[608.164s][info][gc,start       ] GC(2032) Pause Young (Allocation Failure)
[608.166s][info][gc,heap        ] GC(2032) PSYoungGen: 111680K(222720K)->64K(222720K) Eden: 111616K(111616K)->0K(111616K) From: 64K(111104K)->64K(111104K)
[608.166s][info][gc,heap        ] GC(2032) ParOldGen: 514667K(667648K)->514667K(667648K)
[608.166s][info][gc,metaspace   ] GC(2032) Metaspace: 18971K(19072K)->18971K(19072K) NonClass: 17142K(17216K)->17142K(17216K) Class: 1829K(1856K)->1829K(1856K)
[608.166s][info][gc             ] GC(2032) Pause Young (Allocation Failure) 611M->502M(869M) 1.706ms
[608.166s][info][gc,cpu         ] GC(2032) User=0.00s Sys=0.00s Real=0.00s
[608.292s][info][gc,start       ] GC(2033) Pause Young (Allocation Failure)
[608.294s][info][gc,heap        ] GC(2033) PSYoungGen: 111680K(222720K)->64K(222720K) Eden: 111616K(111616K)->0K(111616K) From: 64K(111104K)->64K(111104K)
[608.294s][info][gc,heap        ] GC(2033) ParOldGen: 514667K(667648K)->514667K(667648K)
[608.294s][info][gc,metaspace   ] GC(2033) Metaspace: 18971K(19072K)->18971K(19072K) NonClass: 17142K(17216K)->17142K(17216K) Class: 1829K(1856K)->1829K(1856K)
[608.294s][info][gc             ] GC(2033) Pause Young (Allocation Failure) 611M->502M(869M) 1.710ms
[608.294s][info][gc,cpu         ] GC(2033) User=0.01s Sys=0.00s Real=0.00s
[608.420s][info][gc,start       ] GC(2034) Pause Young (Allocation Failure)
[608.422s][info][gc,heap        ] GC(2034) PSYoungGen: 111680K(222720K)->64K(222720K) Eden: 111616K(111616K)->0K(111616K) From: 64K(111104K)->64K(111104K)
[608.422s][info][gc,heap        ] GC(2034) ParOldGen: 514667K(667648K)->514667K(667648K)
[608.422s][info][gc,metaspace   ] GC(2034) Metaspace: 18971K(19072K)->18971K(19072K) NonClass: 17142K(17216K)->17142K(17216K) Class: 1829K(1856K)->1829K(1856K)
[608.422s][info][gc             ] GC(2034) Pause Young (Allocation Failure) 611M->502M(869M) 1.711ms
[608.422s][info][gc,cpu         ] GC(2034) User=0.00s Sys=0.00s Real=0.01s
[608.548s][info][gc,start       ] GC(2035) Pause Young (Allocation Failure)
[608.551s][info][gc,heap        ] GC(2035) PSYoungGen: 111680K(222720K)->64K(210432K) Eden: 111616K(111616K)->0K(111616K) From: 64K(111104K)->64K(98816K)
[608.551s][info][gc,heap        ] GC(2035) ParOldGen: 514667K(667648K)->514667K(667648K)
[608.551s][info][gc,metaspace   ] GC(2035) Metaspace: 18971K(19072K)->18971K(19072K) NonClass: 17142K(17216K)->17142K(17216K) Class: 1829K(1856K)->1829K(1856K)
[608.551s][info][gc             ] GC(2035) Pause Young (Allocation Failure) 611M->502M(857M) 2.613ms
[608.551s][info][gc,cpu         ] GC(2035) User=0.01s Sys=0.00s Real=0.00s
[608.663s][info][gc,start       ] GC(2036) Pause Young (Allocation Failure)
[608.677s][info][gc,heap        ] GC(2036) PSYoungGen: 111680K(210432K)->10880K(122880K) Eden: 111616K(111616K)->0K(111616K) From: 64K(98816K)->10880K(11264K)
[608.678s][info][gc,heap        ] GC(2036) ParOldGen: 514667K(667648K)->514667K(667648K)
[608.678s][info][gc,metaspace   ] GC(2036) Metaspace: 18971K(19072K)->18971K(19072K) NonClass: 17142K(17216K)->17142K(17216K) Class: 1829K(1856K)->1829K(1856K)
[608.678s][info][gc             ] GC(2036) Pause Young (Allocation Failure) 611M->513M(772M) 14.516ms
[608.678s][info][gc,cpu         ] GC(2036) User=0.03s Sys=0.00s Real=0.01s
[608.763s][info][gc,start       ] GC(2037) Pause Young (Allocation Failure)
[608.799s][info][gc,heap        ] GC(2037) PSYoungGen: 122496K(122880K)->33568K(211968K) Eden: 111616K(111616K)->0K(115712K) From: 10880K(11264K)->33568K(96256K)
[608.799s][info][gc,heap        ] GC(2037) ParOldGen: 514667K(667648K)->514667K(667648K)
[608.799s][info][gc,metaspace   ] GC(2037) Metaspace: 18971K(19072K)->18971K(19072K) NonClass: 17142K(17216K)->17142K(17216K) Class: 1829K(1856K)->1829K(1856K)
[608.799s][info][gc             ] GC(2037) Pause Young (Allocation Failure) 622M->535M(859M) 36.132ms
[608.799s][info][gc,cpu         ] GC(2037) User=0.08s Sys=0.00s Real=0.03s
[608.884s][info][gc,start       ] GC(2038) Pause Young (Allocation Failure)
[608.942s][info][gc,heap        ] GC(2038) PSYoungGen: 149280K(211968K)->57408K(211456K) Eden: 115712K(115712K)->0K(115712K) From: 33568K(96256K)->57408K(95744K)
[608.942s][info][gc,heap        ] GC(2038) ParOldGen: 514667K(667648K)->514667K(667648K)
[608.942s][info][gc,metaspace   ] GC(2038) Metaspace: 18971K(19072K)->18971K(19072K) NonClass: 17142K(17216K)->17142K(17216K) Class: 1829K(1856K)->1829K(1856K)
[608.942s][info][gc             ] GC(2038) Pause Young (Allocation Failure) 648M->558M(858M) 57.817ms
[608.942s][info][gc,cpu         ] GC(2038) User=0.12s Sys=0.00s Real=0.06s
[609.024s][info][gc,start       ] GC(2039) Pause Young (Allocation Failure)
[609.094s][info][gc,heap        ] GC(2039) PSYoungGen: 173120K(211456K)->71424K(214016K) Eden: 115712K(115712K)->0K(111616K) From: 57408K(95744K)->71424K(102400K)
[609.094s][info][gc,heap        ] GC(2039) ParOldGen: 514667K(667648K)->514667K(667648K)
[609.094s][info][gc,metaspace   ] GC(2039) Metaspace: 18971K(19072K)->18971K(19072K) NonClass: 17142K(17216K)->17142K(17216K) Class: 1829K(1856K)->1829K(1856K)
[609.094s][info][gc             ] GC(2039) Pause Young (Allocation Failure) 671M->572M(861M) 69.392ms
[609.094s][info][gc,cpu         ] GC(2039) User=0.14s Sys=0.00s Real=0.07s
[609.138s][info][gc,start       ] GC(2040) Pause Young (Allocation Failure)
[609.211s][info][gc,heap        ] GC(2040) PSYoungGen: 183040K(214016K)->75712K(222720K) Eden: 111616K(111616K)->0K(111616K) From: 71424K(102400K)->75712K(111104K)
[609.211s][info][gc,heap        ] GC(2040) ParOldGen: 514667K(667648K)->514667K(667648K)
[609.211s][info][gc,metaspace   ] GC(2040) Metaspace: 18971K(19072K)->18971K(19072K) NonClass: 17142K(17216K)->17142K(17216K) Class: 1829K(1856K)->1829K(1856K)
[609.211s][info][gc             ] GC(2040) Pause Young (Allocation Failure) 681M->576M(869M) 72.873ms
[609.211s][info][gc,cpu         ] GC(2040) User=0.14s Sys=0.00s Real=0.07s
[609.275s][info][gc,start       ] GC(2041) Pause Young (Allocation Failure)
[609.351s][info][gc,heap        ] GC(2041) PSYoungGen: 187328K(222720K)->44800K(222720K) Eden: 111616K(111616K)->0K(111616K) From: 75712K(111104K)->44800K(111104K)
[609.351s][info][gc,heap        ] GC(2041) ParOldGen: 514667K(667648K)->548299K(667648K)
[609.351s][info][gc,metaspace   ] GC(2041) Metaspace: 18971K(19072K)->18971K(19072K) NonClass: 17142K(17216K)->17142K(17216K) Class: 1829K(1856K)->1829K(1856K)
[609.351s][info][gc             ] GC(2041) Pause Young (Allocation Failure) 685M->579M(869M) 76.248ms
[609.351s][info][gc,cpu         ] GC(2041) User=0.15s Sys=0.00s Real=0.07s
[609.428s][info][gc,start       ] GC(2042) Pause Young (Allocation Failure)
[609.479s][info][gc,heap        ] GC(2042) PSYoungGen: 156416K(222720K)->7168K(222720K) Eden: 111616K(111616K)->0K(111616K) From: 44800K(111104K)->7168K(111104K)
[609.479s][info][gc,heap        ] GC(2042) ParOldGen: 548299K(667648K)->586315K(667648K)
[609.479s][info][gc,metaspace   ] GC(2042) Metaspace: 18971K(19072K)->18971K(19072K) NonClass: 17142K(17216K)->17142K(17216K) Class: 1829K(1856K)->1829K(1856K)
[609.479s][info][gc             ] GC(2042) Pause Young (Allocation Failure) 688M->579M(869M) 50.161ms
[609.479s][info][gc,cpu         ] GC(2042) User=0.10s Sys=0.00s Real=0.05s
[609.557s][info][gc,start       ] GC(2043) Pause Young (Allocation Failure)
[609.582s][info][gc,heap        ] GC(2043) PSYoungGen: 118784K(222720K)->7424K(219648K) Eden: 111616K(111616K)->0K(111616K) From: 7168K(111104K)->7424K(108032K)
[609.582s][info][gc,heap        ] GC(2043) ParOldGen: 586315K(667648K)->593235K(667648K)
[609.582s][info][gc,metaspace   ] GC(2043) Metaspace: 18971K(19072K)->18971K(19072K) NonClass: 17142K(17216K)->17142K(17216K) Class: 1829K(1856K)->1829K(1856K)
[609.582s][info][gc             ] GC(2043) Pause Young (Allocation Failure) 688M->586M(866M) 24.943ms
[609.582s][info][gc,cpu         ] GC(2043) User=0.05s Sys=0.00s Real=0.03s
[609.649s][info][gc,start       ] GC(2044) Pause Young (Allocation Failure)
[609.660s][info][gc,heap        ] GC(2044) PSYoungGen: 119040K(219648K)->7552K(221184K) Eden: 111616K(111616K)->0K(111616K) From: 7424K(108032K)->7552K(109568K)
[609.660s][info][gc,heap        ] GC(2044) ParOldGen: 593235K(667648K)->593235K(667648K)
[609.660s][info][gc,metaspace   ] GC(2044) Metaspace: 18971K(19072K)->18971K(19072K) NonClass: 17142K(17216K)->17142K(17216K) Class: 1829K(1856K)->1829K(1856K)
[609.660s][info][gc             ] GC(2044) Pause Young (Allocation Failure) 695M->586M(868M) 10.352ms
[609.660s][info][gc,cpu         ] GC(2044) User=0.02s Sys=0.00s Real=0.01s
[609.710s][info][gc,start       ] GC(2045) Pause Young (Allocation Failure)
[609.721s][info][gc,heap        ] GC(2045) PSYoungGen: 119168K(221184K)->7552K(218112K) Eden: 111616K(111616K)->0K(119296K) From: 7552K(109568K)->7552K(98816K)
[609.721s][info][gc,heap        ] GC(2045) ParOldGen: 593235K(667648K)->593235K(667648K)
[609.721s][info][gc,metaspace   ] GC(2045) Metaspace: 18971K(19072K)->18971K(19072K) NonClass: 17142K(17216K)->17142K(17216K) Class: 1829K(1856K)->1829K(1856K)
[609.721s][info][gc             ] GC(2045) Pause Young (Allocation Failure) 695M->586M(865M) 10.931ms
[609.721s][info][gc,cpu         ] GC(2045) User=0.02s Sys=0.00s Real=0.01s
[609.826s][info][gc,start       ] GC(2046) Pause Young (Allocation Failure)
[609.854s][info][gc,heap        ] GC(2046) PSYoungGen: 126848K(218112K)->25248K(219648K) Eden: 119296K(119296K)->0K(119296K) From: 7552K(98816K)->25248K(100352K)
[609.854s][info][gc,heap        ] GC(2046) ParOldGen: 593235K(667648K)->593235K(667648K)
[609.854s][info][gc,metaspace   ] GC(2046) Metaspace: 18971K(19072K)->18971K(19072K) NonClass: 17142K(17216K)->17142K(17216K) Class: 1829K(1856K)->1829K(1856K)
[609.854s][info][gc             ] GC(2046) Pause Young (Allocation Failure) 703M->603M(866M) 27.526ms
[609.854s][info][gc,cpu         ] GC(2046) User=0.05s Sys=0.01s Real=0.03s
[609.972s][info][gc,start       ] GC(2047) Pause Young (Allocation Failure)
[610.022s][info][gc,heap        ] GC(2047) PSYoungGen: 144544K(219648K)->50000K(219136K) Eden: 119296K(119296K)->0K(125952K) From: 25248K(100352K)->50000K(93184K)
[610.022s][info][gc,heap        ] GC(2047) ParOldGen: 593235K(667648K)->593235K(667648K)
[610.022s][info][gc,metaspace   ] GC(2047) Metaspace: 18971K(19072K)->18971K(19072K) NonClass: 17142K(17216K)->17142K(17216K) Class: 1829K(1856K)->1829K(1856K)
[610.022s][info][gc             ] GC(2047) Pause Young (Allocation Failure) 720M->628M(866M) 50.327ms
[610.022s][info][gc,cpu         ] GC(2047) User=0.10s Sys=0.00s Real=0.05s
[610.189s][info][gc,start       ] GC(2048) Pause Young (Allocation Failure)
[610.251s][info][gc,heap        ] GC(2048) PSYoungGen: 175952K(219136K)->57776K(221696K) Eden: 125952K(125952K)->0K(125952K) From: 50000K(93184K)->57776K(95744K)
[610.251s][info][gc,heap        ] GC(2048) ParOldGen: 593235K(667648K)->593235K(667648K)
[610.251s][info][gc,metaspace   ] GC(2048) Metaspace: 18971K(19072K)->18971K(19072K) NonClass: 17142K(17216K)->17142K(17216K) Class: 1829K(1856K)->1829K(1856K)
[610.251s][info][gc             ] GC(2048) Pause Young (Allocation Failure) 751M->635M(868M) 62.477ms
[610.251s][info][gc,cpu         ] GC(2048) User=0.13s Sys=0.00s Real=0.06s
[610.738s][info][gc,start       ] GC(2049) Pause Young (Allocation Failure)
[610.795s][info][gc,heap        ] GC(2049) PSYoungGen: 183728K(221696K)->57888K(226304K) Eden: 125952K(125952K)->0K(125952K) From: 57776K(95744K)->57888K(100352K)
[610.795s][info][gc,heap        ] GC(2049) ParOldGen: 593235K(667648K)->593235K(667648K)
[610.795s][info][gc,metaspace   ] GC(2049) Metaspace: 18971K(19072K)->18971K(19072K) NonClass: 17142K(17216K)->17142K(17216K) Class: 1829K(1856K)->1829K(1856K)
[610.795s][info][gc             ] GC(2049) Pause Young (Allocation Failure) 758M->635M(873M) 56.771ms
[610.795s][info][gc,cpu         ] GC(2049) User=0.12s Sys=0.00s Real=0.06s
[611.148s][info][gc,start       ] GC(2050) Pause Young (Allocation Failure)
[611.207s][info][gc,heap        ] GC(2050) PSYoungGen: 183840K(226304K)->57952K(184320K) Eden: 125952K(125952K)->0K(125952K) From: 57888K(100352K)->57952K(58368K)
[611.207s][info][gc,heap        ] GC(2050) ParOldGen: 593235K(667648K)->593235K(667648K)
[611.207s][info][gc,metaspace   ] GC(2050) Metaspace: 18971K(19072K)->18971K(19072K) NonClass: 17142K(17216K)->17142K(17216K) Class: 1829K(1856K)->1829K(1856K)
[611.207s][info][gc             ] GC(2050) Pause Young (Allocation Failure) 758M->635M(832M) 59.436ms
[611.207s][info][gc,cpu         ] GC(2050) User=0.11s Sys=0.00s Real=0.06s
[611.510s][info][gc,start       ] GC(2051) Pause Young (Allocation Failure)
[611.568s][info][gc,heap        ] GC(2051) PSYoungGen: 183904K(184320K)->57936K(224768K) Eden: 125952K(125952K)->0K(118784K) From: 57952K(58368K)->57936K(105984K)
[611.568s][info][gc,heap        ] GC(2051) ParOldGen: 593235K(667648K)->593235K(667648K)
[611.568s][info][gc,metaspace   ] GC(2051) Metaspace: 18971K(19072K)->18971K(19072K) NonClass: 17142K(17216K)->17142K(17216K) Class: 1829K(1856K)->1829K(1856K)
[611.568s][info][gc             ] GC(2051) Pause Young (Allocation Failure) 758M->635M(871M) 58.648ms
[611.568s][info][gc,cpu         ] GC(2051) User=0.12s Sys=0.00s Real=0.06s
[611.854s][info][gc,start       ] GC(2052) Pause Young (Allocation Failure)
[611.913s][info][gc,heap        ] GC(2052) PSYoungGen: 176720K(224768K)->57984K(177152K) Eden: 118784K(118784K)->0K(118784K) From: 57936K(105984K)->57984K(58368K)
[611.913s][info][gc,heap        ] GC(2052) ParOldGen: 593235K(667648K)->593235K(667648K)
[611.913s][info][gc,metaspace   ] GC(2052) Metaspace: 18971K(19072K)->18971K(19072K) NonClass: 17142K(17216K)->17142K(17216K) Class: 1829K(1856K)->1829K(1856K)
[611.913s][info][gc             ] GC(2052) Pause Young (Allocation Failure) 751M->635M(825M) 59.012ms
[611.913s][info][gc,cpu         ] GC(2052) User=0.12s Sys=0.00s Real=0.06s
[612.198s][info][gc,start       ] GC(2053) Pause Young (Allocation Failure)
[612.257s][info][gc,heap        ] GC(2053) PSYoungGen: 176768K(177152K)->57968K(225792K) Eden: 118784K(118784K)->0K(117760K) From: 57984K(58368K)->57968K(108032K)
[612.257s][info][gc,heap        ] GC(2053) ParOldGen: 593235K(667648K)->593235K(667648K)
[612.257s][info][gc,metaspace   ] GC(2053) Metaspace: 18971K(19072K)->18971K(19072K) NonClass: 17142K(17216K)->17142K(17216K) Class: 1829K(1856K)->1829K(1856K)
[612.257s][info][gc             ] GC(2053) Pause Young (Allocation Failure) 751M->635M(872M) 59.231ms
[612.257s][info][gc,cpu         ] GC(2053) User=0.11s Sys=0.00s Real=0.06s
[612.540s][info][gc,start       ] GC(2054) Pause Young (Allocation Failure)
[612.599s][info][gc,heap        ] GC(2054) PSYoungGen: 175728K(225792K)->57952K(176128K) Eden: 117760K(117760K)->0K(117760K) From: 57968K(108032K)->57952K(58368K)
[612.599s][info][gc,heap        ] GC(2054) ParOldGen: 593235K(667648K)->593235K(667648K)
[612.599s][info][gc,metaspace   ] GC(2054) Metaspace: 18971K(19072K)->18971K(19072K) NonClass: 17142K(17216K)->17142K(17216K) Class: 1829K(1856K)->1829K(1856K)
[612.599s][info][gc             ] GC(2054) Pause Young (Allocation Failure) 750M->635M(824M) 58.802ms
[612.599s][info][gc,cpu         ] GC(2054) User=0.11s Sys=0.00s Real=0.06s
[612.853s][info][gc,start       ] GC(2055) Pause Young (Allocation Failure)
[612.912s][info][gc,heap        ] GC(2055) PSYoungGen: 175712K(176128K)->57984K(226304K) Eden: 117760K(117760K)->0K(118784K) From: 57952K(58368K)->57984K(107520K)
[612.912s][info][gc,heap        ] GC(2055) ParOldGen: 593235K(667648K)->593235K(667648K)
[612.912s][info][gc,metaspace   ] GC(2055) Metaspace: 18971K(19072K)->18971K(19072K) NonClass: 17142K(17216K)->17142K(17216K) Class: 1829K(1856K)->1829K(1856K)
[612.912s][info][gc             ] GC(2055) Pause Young (Allocation Failure) 750M->635M(873M) 58.777ms
[612.912s][info][gc,cpu         ] GC(2055) User=0.11s Sys=0.00s Real=0.06s
[613.231s][info][gc,start       ] GC(2056) Pause Young (Allocation Failure)
[613.287s][info][gc,heap        ] GC(2056) PSYoungGen: 176768K(226304K)->58128K(225280K) Eden: 118784K(118784K)->0K(118784K) From: 57984K(107520K)->58128K(106496K)
[613.287s][info][gc,heap        ] GC(2056) ParOldGen: 593235K(667648K)->593235K(667648K)
[613.287s][info][gc,metaspace   ] GC(2056) Metaspace: 18971K(19072K)->18971K(19072K) NonClass: 17142K(17216K)->17142K(17216K) Class: 1829K(1856K)->1829K(1856K)
[613.287s][info][gc             ] GC(2056) Pause Young (Allocation Failure) 751M->636M(872M) 56.962ms
[613.287s][info][gc,cpu         ] GC(2056) User=0.11s Sys=0.00s Real=0.06s
[613.478s][info][gc,start       ] GC(2057) Pause Young (Allocation Failure)
[613.544s][info][gc,heap        ] GC(2057) PSYoungGen: 176912K(225280K)->70816K(222208K) Eden: 118784K(118784K)->0K(116736K) From: 58128K(106496K)->70816K(105472K)
[613.544s][info][gc,heap        ] GC(2057) ParOldGen: 593235K(667648K)->593459K(667648K)
[613.544s][info][gc,metaspace   ] GC(2057) Metaspace: 18972K(19136K)->18972K(19136K) NonClass: 17143K(17280K)->17143K(17280K) Class: 1829K(1856K)->1829K(1856K)
[613.545s][info][gc             ] GC(2057) Pause Young (Allocation Failure) 752M->648M(869M) 66.428ms
[613.545s][info][gc,cpu         ] GC(2057) User=0.13s Sys=0.00s Real=0.07s
[613.599s][info][gc,start       ] GC(2058) Pause Young (Allocation Failure)
[613.692s][info][gc,heap        ] GC(2058) PSYoungGen: 187552K(222208K)->103712K(220672K) Eden: 116736K(116736K)->0K(116736K) From: 70816K(105472K)->103712K(103936K)
[613.692s][info][gc,heap        ] GC(2058) ParOldGen: 593459K(667648K)->600659K(667648K)
[613.692s][info][gc,metaspace   ] GC(2058) Metaspace: 18972K(19136K)->18972K(19136K) NonClass: 17143K(17280K)->17143K(17280K) Class: 1829K(1856K)->1829K(1856K)
[613.693s][info][gc             ] GC(2058) Pause Young (Allocation Failure) 762M->687M(867M) 93.280ms
[613.693s][info][gc,cpu         ] GC(2058) User=0.18s Sys=0.00s Real=0.10s
[613.818s][info][gc,start       ] GC(2059) Pause Young (Allocation Failure)
[613.938s][info][gc,heap        ] GC(2059) PSYoungGen: 220448K(220672K)->111072K(222720K) Eden: 116736K(116736K)->0K(111616K) From: 103712K(103936K)->111072K(111104K)
[613.938s][info][gc,heap        ] GC(2059) ParOldGen: 600659K(667648K)->630827K(667648K)
[613.938s][info][gc,metaspace   ] GC(2059) Metaspace: 18972K(19136K)->18972K(19136K) NonClass: 17143K(17280K)->17143K(17280K) Class: 1829K(1856K)->1829K(1856K)
[613.938s][info][gc             ] GC(2059) Pause Young (Allocation Failure) 801M->724M(869M) 119.641ms
[613.938s][info][gc,cpu         ] GC(2059) User=0.22s Sys=0.01s Real=0.12s
[613.990s][info][gc,start       ] GC(2060) Pause Full (Allocation Failure)
[613.990s][info][gc,phases,start] GC(2060) Marking Phase
[614.323s][info][gc,phases      ] GC(2060) Marking Phase 332.442ms
[614.323s][info][gc,phases,start] GC(2060) Summary Phase
[614.323s][info][gc,phases      ] GC(2060) Summary Phase 0.029ms
[614.323s][info][gc,phases,start] GC(2060) Forward
[614.448s][info][gc,phases      ] GC(2060) Forward 124.951ms
[614.448s][info][gc,phases,start] GC(2060) Adjust Pointers
[614.696s][info][gc,phases      ] GC(2060) Adjust Pointers 248.120ms
[614.696s][info][gc,phases,start] GC(2060) Compaction Phase
[614.860s][info][gc,phases      ] GC(2060) Compaction Phase 163.942ms
[614.870s][info][gc,phases,start] GC(2060) Post Compact
[614.872s][info][gc,phases      ] GC(2060) Post Compact 2.489ms
[614.872s][info][gc,heap        ] GC(2060) PSYoungGen: 222688K(222720K)->0K(222720K) Eden: 111616K(111616K)->0K(111616K) From: 111072K(111104K)->0K(111104K)
[614.872s][info][gc,heap        ] GC(2060) ParOldGen: 630827K(667648K)->506852K(667648K)
[614.872s][info][gc,metaspace   ] GC(2060) Metaspace: 18972K(19136K)->18972K(19136K) NonClass: 17143K(17280K)->17143K(17280K) Class: 1829K(1856K)->1829K(1856K)
[614.872s][info][gc             ] GC(2060) Pause Full (Allocation Failure) 833M->494M(869M) 881.931ms
[614.872s][info][gc,cpu         ] GC(2060) User=1.63s Sys=0.00s Real=0.89s
[614.916s][info][gc,start       ] GC(2061) Pause Young (Allocation Failure)
[614.938s][info][gc,heap        ] GC(2061) PSYoungGen: 111616K(222720K)->28544K(222720K) Eden: 111616K(111616K)->0K(111616K) From: 0K(111104K)->28544K(111104K)
[614.938s][info][gc,heap        ] GC(2061) ParOldGen: 506852K(667648K)->506852K(667648K)
[614.938s][info][gc,metaspace   ] GC(2061) Metaspace: 18972K(19136K)->18972K(19136K) NonClass: 17143K(17280K)->17143K(17280K) Class: 1829K(1856K)->1829K(1856K)
[614.938s][info][gc             ] GC(2061) Pause Young (Allocation Failure) 603M->522M(869M) 22.848ms
[614.938s][info][gc,cpu         ] GC(2061) User=0.04s Sys=0.00s Real=0.02s
[615.065s][info][gc,start       ] GC(2062) Pause Young (Allocation Failure)
[615.110s][info][gc,heap        ] GC(2062) PSYoungGen: 140160K(222720K)->46304K(222720K) Eden: 111616K(111616K)->0K(111616K) From: 28544K(111104K)->46304K(111104K)
[615.110s][info][gc,heap        ] GC(2062) ParOldGen: 506852K(667648K)->506852K(667648K)
[615.110s][info][gc,metaspace   ] GC(2062) Metaspace: 18972K(19136K)->18972K(19136K) NonClass: 17143K(17280K)->17143K(17280K) Class: 1829K(1856K)->1829K(1856K)
[615.110s][info][gc             ] GC(2062) Pause Young (Allocation Failure) 631M->540M(869M) 45.711ms
[615.110s][info][gc,cpu         ] GC(2062) User=0.09s Sys=0.00s Real=0.04s
[615.218s][info][gc,start       ] GC(2063) Pause Young (Allocation Failure)
[615.271s][info][gc,heap        ] GC(2063) PSYoungGen: 157920K(222720K)->56832K(222720K) Eden: 111616K(111616K)->0K(111616K) From: 46304K(111104K)->56832K(111104K)
[615.271s][info][gc,heap        ] GC(2063) ParOldGen: 506852K(667648K)->506852K(667648K)
[615.271s][info][gc,metaspace   ] GC(2063) Metaspace: 18972K(19136K)->18972K(19136K) NonClass: 17143K(17280K)->17143K(17280K) Class: 1829K(1856K)->1829K(1856K)
[615.271s][info][gc             ] GC(2063) Pause Young (Allocation Failure) 649M->550M(869M) 52.428ms
[615.271s][info][gc,cpu         ] GC(2063) User=0.11s Sys=0.00s Real=0.05s
[615.386s][info][gc,start       ] GC(2064) Pause Young (Allocation Failure)
[615.438s][info][gc,heap        ] GC(2064) PSYoungGen: 168448K(222720K)->56928K(222720K) Eden: 111616K(111616K)->0K(111616K) From: 56832K(111104K)->56928K(111104K)
[615.439s][info][gc,heap        ] GC(2064) ParOldGen: 506852K(667648K)->506852K(667648K)
[615.439s][info][gc,metaspace   ] GC(2064) Metaspace: 18972K(19136K)->18972K(19136K) NonClass: 17143K(17280K)->17143K(17280K) Class: 1829K(1856K)->1829K(1856K)
[615.439s][info][gc             ] GC(2064) Pause Young (Allocation Failure) 659M->550M(869M) 52.584ms
[615.439s][info][gc,cpu         ] GC(2064) User=0.10s Sys=0.00s Real=0.05s
[615.548s][info][gc,start       ] GC(2065) Pause Young (Allocation Failure)
[615.601s][info][gc,heap        ] GC(2065) PSYoungGen: 168544K(222720K)->57088K(222720K) Eden: 111616K(111616K)->0K(111616K) From: 56928K(111104K)->57088K(111104K)
[615.601s][info][gc,heap        ] GC(2065) ParOldGen: 506852K(667648K)->506852K(667648K)
[615.601s][info][gc,metaspace   ] GC(2065) Metaspace: 18972K(19136K)->18972K(19136K) NonClass: 17143K(17280K)->17143K(17280K) Class: 1829K(1856K)->1829K(1856K)
[615.601s][info][gc             ] GC(2065) Pause Young (Allocation Failure) 659M->550M(869M) 52.633ms
[615.601s][info][gc,cpu         ] GC(2065) User=0.10s Sys=0.00s Real=0.05s
[615.711s][info][gc,start       ] GC(2066) Pause Young (Allocation Failure)
[615.764s][info][gc,heap        ] GC(2066) PSYoungGen: 168704K(222720K)->57152K(222720K) Eden: 111616K(111616K)->0K(111616K) From: 57088K(111104K)->57152K(111104K)
[615.764s][info][gc,heap        ] GC(2066) ParOldGen: 506852K(667648K)->506852K(667648K)
[615.764s][info][gc,metaspace   ] GC(2066) Metaspace: 18972K(19136K)->18972K(19136K) NonClass: 17143K(17280K)->17143K(17280K) Class: 1829K(1856K)->1829K(1856K)
[615.764s][info][gc             ] GC(2066) Pause Young (Allocation Failure) 659M->550M(869M) 52.686ms
[615.764s][info][gc,cpu         ] GC(2066) User=0.11s Sys=0.00s Real=0.06s
[615.876s][info][gc,start       ] GC(2067) Pause Young (Allocation Failure)
[615.930s][info][gc,heap        ] GC(2067) PSYoungGen: 168768K(222720K)->57216K(213504K) Eden: 111616K(111616K)->0K(111616K) From: 57152K(111104K)->57216K(101888K)
[615.930s][info][gc,heap        ] GC(2067) ParOldGen: 506852K(667648K)->506852K(667648K)
[615.930s][info][gc,metaspace   ] GC(2067) Metaspace: 18972K(19136K)->18972K(19136K) NonClass: 17143K(17280K)->17143K(17280K) Class: 1829K(1856K)->1829K(1856K)
[615.930s][info][gc             ] GC(2067) Pause Young (Allocation Failure) 659M->550M(860M) 53.378ms
[615.930s][info][gc,cpu         ] GC(2067) User=0.10s Sys=0.00s Real=0.05s
[616.040s][info][gc,start       ] GC(2068) Pause Young (Allocation Failure)
[616.093s][info][gc,heap        ] GC(2068) PSYoungGen: 168832K(213504K)->57312K(218112K) Eden: 111616K(111616K)->0K(111616K) From: 57216K(101888K)->57312K(106496K)
[616.093s][info][gc,heap        ] GC(2068) ParOldGen: 506852K(667648K)->506852K(667648K)
[616.093s][info][gc,metaspace   ] GC(2068) Metaspace: 18972K(19136K)->18972K(19136K) NonClass: 17143K(17280K)->17143K(17280K) Class: 1829K(1856K)->1829K(1856K)
[616.093s][info][gc             ] GC(2068) Pause Young (Allocation Failure) 659M->550M(865M) 52.392ms
[616.093s][info][gc,cpu         ] GC(2068) User=0.10s Sys=0.00s Real=0.06s
[616.201s][info][gc,start       ] GC(2069) Pause Young (Allocation Failure)
[616.255s][info][gc,heap        ] GC(2069) PSYoungGen: 168928K(218112K)->57408K(215040K) Eden: 111616K(111616K)->0K(122368K) From: 57312K(106496K)->57408K(92672K)
[616.255s][info][gc,heap        ] GC(2069) ParOldGen: 506852K(667648K)->506852K(667648K)
[616.255s][info][gc,metaspace   ] GC(2069) Metaspace: 18972K(19136K)->18972K(19136K) NonClass: 17143K(17280K)->17143K(17280K) Class: 1829K(1856K)->1829K(1856K)
[616.255s][info][gc             ] GC(2069) Pause Young (Allocation Failure) 659M->551M(862M) 53.811ms
[616.255s][info][gc,cpu         ] GC(2069) User=0.10s Sys=0.00s Real=0.06s
[616.376s][info][gc,start       ] GC(2070) Pause Young (Allocation Failure)
[616.428s][info][gc,heap        ] GC(2070) PSYoungGen: 179776K(215040K)->57472K(219648K) Eden: 122368K(122368K)->0K(122368K) From: 57408K(92672K)->57472K(97280K)
[616.428s][info][gc,heap        ] GC(2070) ParOldGen: 506852K(667648K)->506852K(667648K)
[616.428s][info][gc,metaspace   ] GC(2070) Metaspace: 18972K(19136K)->18972K(19136K) NonClass: 17143K(17280K)->17143K(17280K) Class: 1829K(1856K)->1829K(1856K)
[616.428s][info][gc             ] GC(2070) Pause Young (Allocation Failure) 670M->551M(866M) 52.373ms
[616.428s][info][gc,cpu         ] GC(2070) User=0.11s Sys=0.00s Real=0.05s
[616.566s][info][gc,start       ] GC(2071) Pause Young (Allocation Failure)
[616.621s][info][gc,heap        ] GC(2071) PSYoungGen: 179840K(219648K)->58144K(221184K) Eden: 122368K(122368K)->0K(134144K) From: 57472K(97280K)->58144K(87040K)
[616.621s][info][gc,heap        ] GC(2071) ParOldGen: 506852K(667648K)->506852K(667648K)
[616.621s][info][gc,metaspace   ] GC(2071) Metaspace: 18972K(19136K)->18972K(19136K) NonClass: 17143K(17280K)->17143K(17280K) Class: 1829K(1856K)->1829K(1856K)
[616.621s][info][gc             ] GC(2071) Pause Young (Allocation Failure) 670M->551M(868M) 55.586ms
[616.621s][info][gc,cpu         ] GC(2071) User=0.11s Sys=0.00s Real=0.05s
[616.747s][info][gc,start       ] GC(2072) Pause Young (Allocation Failure)
[616.810s][info][gc,heap        ] GC(2072) PSYoungGen: 192288K(221184K)->61280K(224256K) Eden: 134144K(134144K)->0K(134144K) From: 58144K(87040K)->61280K(90112K)
[616.810s][info][gc,heap        ] GC(2072) ParOldGen: 506852K(667648K)->506852K(667648K)
[616.810s][info][gc,metaspace   ] GC(2072) Metaspace: 18972K(19136K)->18972K(19136K) NonClass: 17143K(17280K)->17143K(17280K) Class: 1829K(1856K)->1829K(1856K)
[616.810s][info][gc             ] GC(2072) Pause Young (Allocation Failure) 682M->554M(871M) 63.259ms
[616.810s][info][gc,cpu         ] GC(2072) User=0.13s Sys=0.00s Real=0.06s
[616.970s][info][gc,start       ] GC(2073) Pause Young (Allocation Failure)
[617.060s][info][gc,heap        ] GC(2073) PSYoungGen: 195424K(224256K)->78712K(230400K) Eden: 134144K(134144K)->0K(142336K) From: 61280K(90112K)->78712K(88064K)
[617.060s][info][gc,heap        ] GC(2073) ParOldGen: 506852K(667648K)->506852K(667648K)
[617.060s][info][gc,metaspace   ] GC(2073) Metaspace: 18972K(19136K)->18972K(19136K) NonClass: 17143K(17280K)->17143K(17280K) Class: 1829K(1856K)->1829K(1856K)
[617.060s][info][gc             ] GC(2073) Pause Young (Allocation Failure) 685M->571M(877M) 90.104ms
[617.060s][info][gc,cpu         ] GC(2073) User=0.18s Sys=0.00s Real=0.09s
[617.228s][info][gc,start       ] GC(2074) Pause Young (Allocation Failure)
[617.318s][info][gc,heap        ] GC(2074) PSYoungGen: 221048K(230400K)->78712K(235008K) Eden: 142336K(142336K)->0K(142336K) From: 78712K(88064K)->78712K(92672K)
[617.318s][info][gc,heap        ] GC(2074) ParOldGen: 506852K(667648K)->506852K(667648K)
[617.318s][info][gc,metaspace   ] GC(2074) Metaspace: 18972K(19136K)->18972K(19136K) NonClass: 17143K(17280K)->17143K(17280K) Class: 1829K(1856K)->1829K(1856K)
[617.318s][info][gc             ] GC(2074) Pause Young (Allocation Failure) 710M->571M(881M) 89.311ms
[617.318s][info][gc,cpu         ] GC(2074) User=0.17s Sys=0.00s Real=0.09s
[617.484s][info][gc,start       ] GC(2075) Pause Young (Allocation Failure)
[617.575s][info][gc,heap        ] GC(2075) PSYoungGen: 221048K(235008K)->50200K(238592K) Eden: 142336K(142336K)->0K(141824K) From: 78712K(92672K)->50200K(96768K)
[617.575s][info][gc,heap        ] GC(2075) ParOldGen: 506852K(667648K)->535672K(667648K)
[617.575s][info][gc,metaspace   ] GC(2075) Metaspace: 18972K(19136K)->18972K(19136K) NonClass: 17143K(17280K)->17143K(17280K) Class: 1829K(1856K)->1829K(1856K)
[617.575s][info][gc             ] GC(2075) Pause Young (Allocation Failure) 710M->572M(885M) 91.348ms
[617.575s][info][gc,cpu         ] GC(2075) User=0.18s Sys=0.00s Real=0.09s
[617.738s][info][gc,start       ] GC(2076) Pause Young (Allocation Failure)
[617.808s][info][gc,heap        ] GC(2076) PSYoungGen: 192024K(238592K)->32930K(237056K) Eden: 141824K(141824K)->0K(141824K) From: 50200K(96768K)->32930K(95232K)
[617.808s][info][gc,heap        ] GC(2076) ParOldGen: 535672K(667648K)->553036K(667648K)
[617.808s][info][gc,metaspace   ] GC(2076) Metaspace: 18972K(19136K)->18972K(19136K) NonClass: 17143K(17280K)->17143K(17280K) Class: 1829K(1856K)->1829K(1856K)
[617.808s][info][gc             ] GC(2076) Pause Young (Allocation Failure) 710M->572M(883M) 69.398ms
[617.808s][info][gc,cpu         ] GC(2076) User=0.13s Sys=0.00s Real=0.07s
[617.986s][info][gc,start       ] GC(2077) Pause Young (Allocation Failure)
[618.035s][info][gc,heap        ] GC(2077) PSYoungGen: 174754K(237056K)->32930K(236544K) Eden: 141824K(141824K)->0K(140288K) From: 32930K(95232K)->32930K(96256K)
[618.035s][info][gc,heap        ] GC(2077) ParOldGen: 553036K(667648K)->553036K(667648K)
[618.035s][info][gc,metaspace   ] GC(2077) Metaspace: 18972K(19136K)->18972K(19136K) NonClass: 17143K(17280K)->17143K(17280K) Class: 1829K(1856K)->1829K(1856K)
[618.035s][info][gc             ] GC(2077) Pause Young (Allocation Failure) 710M->572M(883M) 49.013ms
[618.035s][info][gc,cpu         ] GC(2077) User=0.10s Sys=0.00s Real=0.05s
[618.168s][info][gc,start       ] GC(2078) Pause Young (Allocation Failure)
[618.238s][info][gc,heap        ] GC(2078) PSYoungGen: 173218K(236544K)->39906K(180224K) Eden: 140288K(140288K)->0K(140288K) From: 32930K(96256K)->39906K(39936K)
[618.238s][info][gc,heap        ] GC(2078) ParOldGen: 553036K(667648K)->564132K(667648K)
[618.238s][info][gc,metaspace   ] GC(2078) Metaspace: 18972K(19136K)->18972K(19136K) NonClass: 17143K(17280K)->17143K(17280K) Class: 1829K(1856K)->1829K(1856K)
[618.238s][info][gc             ] GC(2078) Pause Young (Allocation Failure) 709M->589M(828M) 70.232ms
[618.238s][info][gc,cpu         ] GC(2078) User=0.14s Sys=0.00s Real=0.07s
[618.373s][info][gc,start       ] GC(2079) Pause Young (Allocation Failure)
[618.445s][info][gc,heap        ] GC(2079) PSYoungGen: 180194K(180224K)->55810K(239104K) Eden: 140288K(140288K)->0K(143872K) From: 39906K(39936K)->55810K(95232K)
[618.445s][info][gc,heap        ] GC(2079) ParOldGen: 564132K(667648K)->564228K(667648K)
[618.445s][info][gc,metaspace   ] GC(2079) Metaspace: 18972K(19136K)->18972K(19136K) NonClass: 17143K(17280K)->17143K(17280K) Class: 1829K(1856K)->1829K(1856K)
[618.445s][info][gc             ] GC(2079) Pause Young (Allocation Failure) 726M->605M(885M) 72.322ms
[618.445s][info][gc,cpu         ] GC(2079) User=0.14s Sys=0.00s Real=0.07s
[618.534s][info][gc,start       ] GC(2080) Pause Young (Allocation Failure)
[618.609s][info][gc,heap        ] GC(2080) PSYoungGen: 199682K(239104K)->59992K(236032K) Eden: 143872K(143872K)->0K(143872K) From: 55810K(95232K)->59992K(92160K)
[618.609s][info][gc,heap        ] GC(2080) ParOldGen: 564228K(667648K)->564356K(667648K)
[618.609s][info][gc,metaspace   ] GC(2080) Metaspace: 18973K(19136K)->18973K(19136K) NonClass: 17144K(17280K)->17144K(17280K) Class: 1829K(1856K)->1829K(1856K)
[618.609s][info][gc             ] GC(2080) Pause Young (Allocation Failure) 746M->609M(882M) 74.532ms
[618.609s][info][gc,cpu         ] GC(2080) User=0.14s Sys=0.00s Real=0.07s
[618.735s][info][gc,start       ] GC(2081) Pause Young (Allocation Failure)
[618.811s][info][gc,heap        ] GC(2081) PSYoungGen: 203864K(236032K)->61144K(238592K) Eden: 143872K(143872K)->0K(147968K) From: 59992K(92160K)->61144K(90624K)
[618.811s][info][gc,heap        ] GC(2081) ParOldGen: 564356K(667648K)->564452K(667648K)
[618.811s][info][gc,metaspace   ] GC(2081) Metaspace: 18973K(19136K)->18973K(19136K) NonClass: 17144K(17280K)->17144K(17280K) Class: 1829K(1856K)->1829K(1856K)
[618.811s][info][gc             ] GC(2081) Pause Young (Allocation Failure) 750M->610M(885M) 76.189ms
[618.811s][info][gc,cpu         ] GC(2081) User=0.15s Sys=0.00s Real=0.07s
[618.936s][info][gc,start       ] GC(2082) Pause Young (Allocation Failure)
[619.017s][info][gc,heap        ] GC(2082) PSYoungGen: 209112K(238592K)->64706K(237056K) Eden: 147968K(147968K)->0K(147968K) From: 61144K(90624K)->64706K(89088K)
[619.017s][info][gc,heap        ] GC(2082) ParOldGen: 564452K(667648K)->564532K(667648K)
[619.017s][info][gc,metaspace   ] GC(2082) Metaspace: 18973K(19136K)->18973K(19136K) NonClass: 17144K(17280K)->17144K(17280K) Class: 1829K(1856K)->1829K(1856K)
[619.017s][info][gc             ] GC(2082) Pause Young (Allocation Failure) 755M->614M(883M) 80.276ms
[619.017s][info][gc,cpu         ] GC(2082) User=0.16s Sys=0.00s Real=0.08s
[619.110s][info][gc,start       ] GC(2083) Pause Young (Allocation Failure)
[619.199s][info][gc,heap        ] GC(2083) PSYoungGen: 212674K(237056K)->74328K(237568K) Eden: 147968K(147968K)->0K(148480K) From: 64706K(89088K)->74328K(89088K)
[619.199s][info][gc,heap        ] GC(2083) ParOldGen: 564532K(667648K)->564620K(667648K)
[619.199s][info][gc,metaspace   ] GC(2083) Metaspace: 18973K(19136K)->18973K(19136K) NonClass: 17144K(17280K)->17144K(17280K) Class: 1829K(1856K)->1829K(1856K)
[619.199s][info][gc             ] GC(2083) Pause Young (Allocation Failure) 758M->623M(884M) 89.069ms
[619.199s][info][gc,cpu         ] GC(2083) User=0.17s Sys=0.00s Real=0.09s
[619.330s][info][gc,start       ] GC(2084) Pause Young (Allocation Failure)
[619.440s][info][gc,heap        ] GC(2084) PSYoungGen: 222808K(237568K)->92642K(241152K) Eden: 148480K(148480K)->0K(148480K) From: 74328K(89088K)->92642K(92672K)
[619.440s][info][gc,heap        ] GC(2084) ParOldGen: 564620K(667648K)->574068K(667648K)
[619.440s][info][gc,metaspace   ] GC(2084) Metaspace: 18973K(19136K)->18973K(19136K) NonClass: 17144K(17280K)->17144K(17280K) Class: 1829K(1856K)->1829K(1856K)
[619.440s][info][gc             ] GC(2084) Pause Young (Allocation Failure) 768M->651M(887M) 110.417ms
[619.440s][info][gc,cpu         ] GC(2084) User=0.22s Sys=0.00s Real=0.11s
[619.547s][info][gc,start       ] GC(2085) Pause Young (Allocation Failure)
[619.690s][info][gc,heap        ] GC(2085) PSYoungGen: 241122K(241152K)->92642K(204288K) Eden: 148480K(148480K)->0K(111616K) From: 92642K(92672K)->92642K(92672K)
[619.690s][info][gc,heap        ] GC(2085) ParOldGen: 574068K(667648K)->605981K(667648K)
[619.691s][info][gc,metaspace   ] GC(2085) Metaspace: 18973K(19136K)->18973K(19136K) NonClass: 17144K(17280K)->17144K(17280K) Class: 1829K(1856K)->1829K(1856K)
[619.691s][info][gc             ] GC(2085) Pause Young (Allocation Failure) 796M->682M(851M) 143.647ms
[619.691s][info][gc,cpu         ] GC(2085) User=0.28s Sys=0.01s Real=0.14s
[619.766s][info][gc,start       ] GC(2086) Pause Young (Allocation Failure)
[619.859s][info][gc,heap        ] GC(2086) PSYoungGen: 204258K(204288K)->79680K(222720K) Eden: 111616K(111616K)->0K(111616K) From: 92642K(92672K)->79680K(111104K)
[619.859s][info][gc,heap        ] GC(2086) ParOldGen: 605981K(667648K)->619697K(667648K)
[619.859s][info][gc,metaspace   ] GC(2086) Metaspace: 18973K(19136K)->18973K(19136K) NonClass: 17144K(17280K)->17144K(17280K) Class: 1829K(1856K)->1829K(1856K)
[619.859s][info][gc             ] GC(2086) Pause Young (Allocation Failure) 791M->682M(869M) 92.625ms
[619.859s][info][gc,cpu         ] GC(2086) User=0.18s Sys=0.00s Real=0.09s
[619.994s][info][gc,start       ] GC(2087) Pause Young (Allocation Failure)
[620.072s][info][gc,heap        ] GC(2087) PSYoungGen: 191296K(222720K)->81728K(222720K) Eden: 111616K(111616K)->0K(111616K) From: 79680K(111104K)->81728K(111104K)
[620.072s][info][gc,heap        ] GC(2087) ParOldGen: 619697K(667648K)->619697K(667648K)
[620.072s][info][gc,metaspace   ] GC(2087) Metaspace: 18973K(19136K)->18973K(19136K) NonClass: 17144K(17280K)->17144K(17280K) Class: 1829K(1856K)->1829K(1856K)
[620.072s][info][gc             ] GC(2087) Pause Young (Allocation Failure) 791M->684M(869M) 78.000ms
[620.072s][info][gc,cpu         ] GC(2087) User=0.15s Sys=0.00s Real=0.08s
[620.209s][info][gc,start       ] GC(2088) Pause Young (Allocation Failure)
[620.291s][info][gc,heap        ] GC(2088) PSYoungGen: 193344K(222720K)->76960K(222720K) Eden: 111616K(111616K)->0K(111616K) From: 81728K(111104K)->76960K(111104K)
[620.291s][info][gc,heap        ] GC(2088) ParOldGen: 619697K(667648K)->629097K(667648K)
[620.291s][info][gc,metaspace   ] GC(2088) Metaspace: 18973K(19136K)->18973K(19136K) NonClass: 17144K(17280K)->17144K(17280K) Class: 1829K(1856K)->1829K(1856K)
[620.291s][info][gc             ] GC(2088) Pause Young (Allocation Failure) 793M->689M(869M) 81.537ms
[620.291s][info][gc,cpu         ] GC(2088) User=0.17s Sys=0.00s Real=0.08s
[620.393s][info][gc,start       ] GC(2089) Pause Young (Allocation Failure)
[620.466s][info][gc,heap        ] GC(2089) PSYoungGen: 188576K(222720K)->66592K(222720K) Eden: 111616K(111616K)->0K(111616K) From: 76960K(111104K)->66592K(111104K)
[620.466s][info][gc,heap        ] GC(2089) ParOldGen: 629097K(667648K)->639601K(667648K)
[620.466s][info][gc,metaspace   ] GC(2089) Metaspace: 18973K(19136K)->18973K(19136K) NonClass: 17144K(17280K)->17144K(17280K) Class: 1829K(1856K)->1829K(1856K)
[620.466s][info][gc             ] GC(2089) Pause Young (Allocation Failure) 798M->689M(869M) 73.086ms
[620.466s][info][gc,cpu         ] GC(2089) User=0.14s Sys=0.00s Real=0.07s
[620.528s][info][gc,start       ] GC(2090) Pause Full (Allocation Failure)
[620.528s][info][gc,phases,start] GC(2090) Marking Phase
[620.782s][info][gc,phases      ] GC(2090) Marking Phase 253.401ms
[620.782s][info][gc,phases,start] GC(2090) Summary Phase
[620.782s][info][gc,phases      ] GC(2090) Summary Phase 0.026ms
[620.782s][info][gc,phases,start] GC(2090) Forward
[620.875s][info][gc,phases      ] GC(2090) Forward 92.698ms
[620.875s][info][gc,phases,start] GC(2090) Adjust Pointers
[621.076s][info][gc,phases      ] GC(2090) Adjust Pointers 200.914ms
[621.076s][info][gc,phases,start] GC(2090) Compaction Phase
[621.175s][info][gc,phases      ] GC(2090) Compaction Phase 99.428ms
[621.185s][info][gc,phases,start] GC(2090) Post Compact
[621.188s][info][gc,phases      ] GC(2090) Post Compact 2.378ms
[621.189s][info][gc,heap        ] GC(2090) PSYoungGen: 178208K(222720K)->0K(222720K) Eden: 111616K(111616K)->0K(111616K) From: 66592K(111104K)->0K(111104K)
[621.189s][info][gc,heap        ] GC(2090) ParOldGen: 639601K(667648K)->377722K(650240K)
[621.189s][info][gc,metaspace   ] GC(2090) Metaspace: 18973K(19136K)->18973K(19136K) NonClass: 17144K(17280K)->17144K(17280K) Class: 1829K(1856K)->1829K(1856K)
[621.189s][info][gc             ] GC(2090) Pause Full (Allocation Failure) 798M->368M(852M) 660.948ms
[621.189s][info][gc,cpu         ] GC(2090) User=1.20s Sys=0.00s Real=0.66s
[621.373s][info][gc,start       ] GC(2091) Pause Young (Allocation Failure)
[621.385s][info][gc,heap        ] GC(2091) PSYoungGen: 111616K(222720K)->9728K(222720K) Eden: 111616K(111616K)->0K(111616K) From: 0K(111104K)->9728K(111104K)
[621.385s][info][gc,heap        ] GC(2091) ParOldGen: 377722K(650240K)->377722K(650240K)
[621.385s][info][gc,metaspace   ] GC(2091) Metaspace: 18973K(19136K)->18973K(19136K) NonClass: 17144K(17280K)->17144K(17280K) Class: 1829K(1856K)->1829K(1856K)
[621.385s][info][gc             ] GC(2091) Pause Young (Allocation Failure) 477M->378M(852M) 11.695ms
[621.385s][info][gc,cpu         ] GC(2091) User=0.02s Sys=0.00s Real=0.01s
[621.554s][info][gc,start       ] GC(2092) Pause Young (Allocation Failure)
[621.571s][info][gc,heap        ] GC(2092) PSYoungGen: 121344K(222720K)->16576K(222720K) Eden: 111616K(111616K)->0K(111616K) From: 9728K(111104K)->16576K(111104K)
[621.571s][info][gc,heap        ] GC(2092) ParOldGen: 377722K(650240K)->377722K(650240K)
[621.571s][info][gc,metaspace   ] GC(2092) Metaspace: 18973K(19136K)->18973K(19136K) NonClass: 17144K(17280K)->17144K(17280K) Class: 1829K(1856K)->1829K(1856K)
[621.571s][info][gc             ] GC(2092) Pause Young (Allocation Failure) 487M->385M(852M) 17.106ms
[621.571s][info][gc,cpu         ] GC(2092) User=0.03s Sys=0.00s Real=0.01s
[621.907s][info][gc,start       ] GC(2093) Pause Young (Allocation Failure)
[621.924s][info][gc,heap        ] GC(2093) PSYoungGen: 128192K(222720K)->16640K(222720K) Eden: 111616K(111616K)->0K(111616K) From: 16576K(111104K)->16640K(111104K)
[621.924s][info][gc,heap        ] GC(2093) ParOldGen: 377722K(650240K)->377722K(650240K)
[621.924s][info][gc,metaspace   ] GC(2093) Metaspace: 18973K(19136K)->18973K(19136K) NonClass: 17144K(17280K)->17144K(17280K) Class: 1829K(1856K)->1829K(1856K)
[621.925s][info][gc             ] GC(2093) Pause Young (Allocation Failure) 494M->385M(852M) 17.407ms
[621.925s][info][gc,cpu         ] GC(2093) User=0.03s Sys=0.00s Real=0.02s
[622.188s][info][gc,start       ] GC(2094) Pause Young (Allocation Failure)
[622.205s][info][gc,heap        ] GC(2094) PSYoungGen: 128256K(222720K)->16800K(222720K) Eden: 111616K(111616K)->0K(111616K) From: 16640K(111104K)->16800K(111104K)
[622.206s][info][gc,heap        ] GC(2094) ParOldGen: 377722K(650240K)->377722K(650240K)
[622.206s][info][gc,metaspace   ] GC(2094) Metaspace: 18973K(19136K)->18973K(19136K) NonClass: 17144K(17280K)->17144K(17280K) Class: 1829K(1856K)->1829K(1856K)
[622.206s][info][gc             ] GC(2094) Pause Young (Allocation Failure) 494M->385M(852M) 17.627ms
[622.206s][info][gc,cpu         ] GC(2094) User=0.03s Sys=0.00s Real=0.02s
[622.460s][info][gc,start       ] GC(2095) Pause Young (Allocation Failure)
[622.477s][info][gc,heap        ] GC(2095) PSYoungGen: 128416K(222720K)->7168K(222720K) Eden: 111616K(111616K)->0K(111616K) From: 16800K(111104K)->7168K(111104K)
[622.477s][info][gc,heap        ] GC(2095) ParOldGen: 377722K(650240K)->387442K(650240K)
[622.477s][info][gc,metaspace   ] GC(2095) Metaspace: 18973K(19136K)->18973K(19136K) NonClass: 17144K(17280K)->17144K(17280K) Class: 1829K(1856K)->1829K(1856K)
[622.477s][info][gc             ] GC(2095) Pause Young (Allocation Failure) 494M->385M(852M) 17.277ms
[622.477s][info][gc,cpu         ] GC(2095) User=0.04s Sys=0.00s Real=0.02s
[622.693s][info][gc,start       ] GC(2096) Pause Young (Allocation Failure)
[622.702s][info][gc,heap        ] GC(2096) PSYoungGen: 118784K(222720K)->288K(222720K) Eden: 111616K(111616K)->0K(111616K) From: 7168K(111104K)->288K(111104K)
[622.702s][info][gc,heap        ] GC(2096) ParOldGen: 387442K(650240K)->394378K(650240K)
[622.702s][info][gc,metaspace   ] GC(2096) Metaspace: 18973K(19136K)->18973K(19136K) NonClass: 17144K(17280K)->17144K(17280K) Class: 1829K(1856K)->1829K(1856K)
[622.702s][info][gc             ] GC(2096) Pause Young (Allocation Failure) 494M->385M(852M) 9.328ms
[622.702s][info][gc,cpu         ] GC(2096) User=0.02s Sys=0.00s Real=0.01s
[623.008s][info][gc,start       ] GC(2097) Pause Young (Allocation Failure)
[623.011s][info][gc,heap        ] GC(2097) PSYoungGen: 111904K(222720K)->128K(222720K) Eden: 111616K(111616K)->0K(111616K) From: 288K(111104K)->128K(111104K)
[623.011s][info][gc,heap        ] GC(2097) ParOldGen: 394378K(650240K)->394603K(650240K)
[623.011s][info][gc,metaspace   ] GC(2097) Metaspace: 18973K(19136K)->18973K(19136K) NonClass: 17144K(17280K)->17144K(17280K) Class: 1829K(1856K)->1829K(1856K)
[623.011s][info][gc             ] GC(2097) Pause Young (Allocation Failure) 494M->385M(852M) 2.496ms
[623.011s][info][gc,cpu         ] GC(2097) User=0.01s Sys=0.00s Real=0.00s
[623.198s][info][gc,start       ] GC(2098) Pause Young (Allocation Failure)
[623.205s][info][gc,heap        ] GC(2098) PSYoungGen: 111744K(222720K)->5632K(222720K) Eden: 111616K(111616K)->0K(111616K) From: 128K(111104K)->5632K(111104K)
[623.205s][info][gc,heap        ] GC(2098) ParOldGen: 394603K(650240K)->394691K(650240K)
[623.205s][info][gc,metaspace   ] GC(2098) Metaspace: 18973K(19136K)->18973K(19136K) NonClass: 17144K(17280K)->17144K(17280K) Class: 1829K(1856K)->1829K(1856K)
[623.205s][info][gc             ] GC(2098) Pause Young (Allocation Failure) 494M->390M(852M) 7.479ms
[623.205s][info][gc,cpu         ] GC(2098) User=0.01s Sys=0.00s Real=0.01s
[623.352s][info][gc,start       ] GC(2099) Pause Young (Allocation Failure)
[623.384s][info][gc,heap        ] GC(2099) PSYoungGen: 117248K(222720K)->33264K(222720K) Eden: 111616K(111616K)->0K(111616K) From: 5632K(111104K)->33264K(111104K)
[623.384s][info][gc,heap        ] GC(2099) ParOldGen: 394691K(650240K)->400307K(650240K)
[623.384s][info][gc,metaspace   ] GC(2099) Metaspace: 18977K(19136K)->18977K(19136K) NonClass: 17148K(17280K)->17148K(17280K) Class: 1829K(1856K)->1829K(1856K)
[623.384s][info][gc             ] GC(2099) Pause Young (Allocation Failure) 499M->423M(852M) 31.559ms
[623.384s][info][gc,cpu         ] GC(2099) User=0.07s Sys=0.00s Real=0.03s
[623.447s][info][gc,start       ] GC(2100) Pause Young (Allocation Failure)
[623.499s][info][gc,heap        ] GC(2100) PSYoungGen: 144880K(222720K)->44000K(155648K) Eden: 111616K(111616K)->0K(111616K) From: 33264K(111104K)->44000K(44032K)
[623.499s][info][gc,heap        ] GC(2100) ParOldGen: 400307K(650240K)->433931K(650240K)
[623.499s][info][gc,metaspace   ] GC(2100) Metaspace: 18977K(19136K)->18977K(19136K) NonClass: 17148K(17280K)->17148K(17280K) Class: 1829K(1856K)->1829K(1856K)
[623.499s][info][gc             ] GC(2100) Pause Young (Allocation Failure) 532M->466M(787M) 52.500ms
[623.499s][info][gc,cpu         ] GC(2100) User=0.10s Sys=0.00s Real=0.05s
[623.565s][info][gc,start       ] GC(2101) Pause Young (Allocation Failure)
[623.621s][info][gc,heap        ] GC(2101) PSYoungGen: 155616K(155648K)->87328K(217600K) Eden: 111616K(111616K)->0K(109056K) From: 44000K(44032K)->87328K(108544K)
[623.621s][info][gc,heap        ] GC(2101) ParOldGen: 433931K(650240K)->433931K(650240K)
[623.621s][info][gc,metaspace   ] GC(2101) Metaspace: 18977K(19136K)->18977K(19136K) NonClass: 17148K(17280K)->17148K(17280K) Class: 1829K(1856K)->1829K(1856K)
[623.621s][info][gc             ] GC(2101) Pause Young (Allocation Failure) 575M->509M(847M) 55.989ms
[623.621s][info][gc,cpu         ] GC(2101) User=0.12s Sys=0.00s Real=0.05s
[623.779s][info][gc,start       ] GC(2102) Pause Young (Allocation Failure)
[623.848s][info][gc,heap        ] GC(2102) PSYoungGen: 196384K(217600K)->21824K(220160K) Eden: 109056K(109056K)->0K(109056K) From: 87328K(108544K)->21824K(111104K)
[623.848s][info][gc,heap        ] GC(2102) ParOldGen: 433931K(650240K)->522320K(650240K)
[623.848s][info][gc,metaspace   ] GC(2102) Metaspace: 18982K(19136K)->18982K(19136K) NonClass: 17152K(17280K)->17152K(17280K) Class: 1829K(1856K)->1829K(1856K)
[623.849s][info][gc             ] GC(2102) Pause Young (Allocation Failure) 615M->531M(850M) 69.676ms
[623.849s][info][gc,cpu         ] GC(2102) User=0.14s Sys=0.00s Real=0.07s
[623.976s][info][gc,start       ] GC(2103) Pause Young (Allocation Failure)
[624.028s][info][gc,heap        ] GC(2103) PSYoungGen: 130880K(220160K)->44021K(220672K) Eden: 109056K(109056K)->0K(111616K) From: 21824K(111104K)->44021K(109056K)
[624.028s][info][gc,heap        ] GC(2103) ParOldGen: 522320K(650240K)->544368K(650240K)
[624.028s][info][gc,metaspace   ] GC(2103) Metaspace: 18982K(19136K)->18982K(19136K) NonClass: 17153K(17280K)->17153K(17280K) Class: 1829K(1856K)->1829K(1856K)
[624.028s][info][gc             ] GC(2103) Pause Young (Allocation Failure) 637M->574M(850M) 51.702ms
[624.028s][info][gc,cpu         ] GC(2103) User=0.10s Sys=0.00s Real=0.05s
[624.209s][info][gc,start       ] GC(2104) Pause Young (Allocation Failure)
[624.261s][info][gc,heap        ] GC(2104) PSYoungGen: 155637K(220672K)->23168K(135168K) Eden: 111616K(111616K)->0K(111616K) From: 44021K(109056K)->23168K(23552K)
[624.261s][info][gc,heap        ] GC(2104) ParOldGen: 544368K(650240K)->588798K(650240K)
[624.261s][info][gc,metaspace   ] GC(2104) Metaspace: 18993K(19136K)->18993K(19136K) NonClass: 17164K(17280K)->17164K(17280K) Class: 1829K(1856K)->1829K(1856K)
[624.261s][info][gc             ] GC(2104) Pause Young (Allocation Failure) 683M->597M(767M) 52.106ms
[624.261s][info][gc,cpu         ] GC(2104) User=0.10s Sys=0.00s Real=0.05s
[624.355s][info][gc,start       ] GC(2105) Pause Young (Allocation Failure)
[624.407s][info][gc,heap        ] GC(2105) PSYoungGen: 134784K(135168K)->40384K(222720K) Eden: 111616K(111616K)->0K(120320K) From: 23168K(23552K)->40384K(102400K)
[624.407s][info][gc,heap        ] GC(2105) ParOldGen: 588798K(650240K)->588798K(650240K)
[624.407s][info][gc,metaspace   ] GC(2105) Metaspace: 18996K(19136K)->18996K(19136K) NonClass: 17167K(17280K)->17167K(17280K) Class: 1829K(1856K)->1829K(1856K)
[624.407s][info][gc             ] GC(2105) Pause Young (Allocation Failure) 706M->614M(852M) 51.649ms
[624.407s][info][gc,cpu         ] GC(2105) User=0.10s Sys=0.00s Real=0.05s
[624.528s][info][gc,start       ] GC(2106) Pause Young (Allocation Failure)
[624.597s][info][gc,heap        ] GC(2106) PSYoungGen: 160704K(222720K)->18048K(220160K) Eden: 120320K(120320K)->0K(120320K) From: 40384K(102400K)->18048K(99840K)
[624.597s][info][gc,heap        ] GC(2106) ParOldGen: 588798K(650240K)->612134K(650240K)
[624.597s][info][gc,metaspace   ] GC(2106) Metaspace: 18996K(19136K)->18996K(19136K) NonClass: 17167K(17280K)->17167K(17280K) Class: 1829K(1856K)->1829K(1856K)
[624.597s][info][gc             ] GC(2106) Pause Young (Allocation Failure) 731M->615M(850M) 69.312ms
[624.597s][info][gc,cpu         ] GC(2106) User=0.14s Sys=0.00s Real=0.07s
[624.765s][info][gc,start       ] GC(2107) Pause Full (Allocation Failure)
[624.765s][info][gc,phases,start] GC(2107) Marking Phase
[625.085s][info][gc,phases      ] GC(2107) Marking Phase 319.487ms
[625.085s][info][gc,phases,start] GC(2107) Summary Phase
[625.085s][info][gc,phases      ] GC(2107) Summary Phase 0.032ms
[625.085s][info][gc,phases,start] GC(2107) Forward
[625.181s][info][gc,phases      ] GC(2107) Forward 95.910ms
[625.181s][info][gc,phases,start] GC(2107) Adjust Pointers
[625.434s][info][gc,phases      ] GC(2107) Adjust Pointers 253.409ms
[625.434s][info][gc,phases,start] GC(2107) Compaction Phase
[625.574s][info][gc,phases      ] GC(2107) Compaction Phase 139.785ms
[625.590s][info][gc,phases,start] GC(2107) Post Compact
[625.592s][info][gc,phases      ] GC(2107) Post Compact 2.265ms
[625.592s][info][gc,heap        ] GC(2107) PSYoungGen: 138368K(220160K)->0K(228864K) Eden: 120320K(120320K)->0K(131584K) From: 18048K(99840K)->0K(97280K)
[625.592s][info][gc,heap        ] GC(2107) ParOldGen: 612134K(650240K)->490426K(667648K)
[625.592s][info][gc,metaspace   ] GC(2107) Metaspace: 18996K(19136K)->18996K(19136K) NonClass: 17167K(17280K)->17167K(17280K) Class: 1829K(1856K)->1829K(1856K)
[625.592s][info][gc             ] GC(2107) Pause Full (Allocation Failure) 732M->478M(875M) 826.695ms
[625.592s][info][gc,cpu         ] GC(2107) User=1.56s Sys=0.01s Real=0.83s
[625.751s][info][gc,start       ] GC(2108) Pause Young (Allocation Failure)
[625.752s][info][gc,heap        ] GC(2108) PSYoungGen: 131584K(228864K)->64K(228864K) Eden: 131584K(131584K)->0K(131584K) From: 0K(97280K)->64K(97280K)
[625.752s][info][gc,heap        ] GC(2108) ParOldGen: 490426K(667648K)->490426K(667648K)
[625.752s][info][gc,metaspace   ] GC(2108) Metaspace: 18996K(19136K)->18996K(19136K) NonClass: 17167K(17280K)->17167K(17280K) Class: 1829K(1856K)->1829K(1856K)
[625.752s][info][gc             ] GC(2108) Pause Young (Allocation Failure) 607M->478M(875M) 1.714ms
[625.752s][info][gc,cpu         ] GC(2108) User=0.00s Sys=0.00s Real=0.01s
[625.908s][info][gc,start       ] GC(2109) Pause Young (Allocation Failure)
[625.909s][info][gc,heap        ] GC(2109) PSYoungGen: 131648K(228864K)->64K(234496K) Eden: 131584K(131584K)->0K(139264K) From: 64K(97280K)->64K(95232K)
[625.909s][info][gc,heap        ] GC(2109) ParOldGen: 490426K(667648K)->490426K(667648K)
[625.909s][info][gc,metaspace   ] GC(2109) Metaspace: 18996K(19136K)->18996K(19136K) NonClass: 17167K(17280K)->17167K(17280K) Class: 1829K(1856K)->1829K(1856K)
[625.909s][info][gc             ] GC(2109) Pause Young (Allocation Failure) 607M->478M(881M) 1.693ms
[625.909s][info][gc,cpu         ] GC(2109) User=0.01s Sys=0.00s Real=0.00s
[626.073s][info][gc,start       ] GC(2110) Pause Young (Allocation Failure)
[626.075s][info][gc,heap        ] GC(2110) PSYoungGen: 139328K(234496K)->64K(235520K) Eden: 139264K(139264K)->0K(139264K) From: 64K(95232K)->64K(96256K)
[626.075s][info][gc,heap        ] GC(2110) ParOldGen: 490426K(667648K)->490426K(667648K)
[626.075s][info][gc,metaspace   ] GC(2110) Metaspace: 18996K(19136K)->18996K(19136K) NonClass: 17167K(17280K)->17167K(17280K) Class: 1829K(1856K)->1829K(1856K)
[626.075s][info][gc             ] GC(2110) Pause Young (Allocation Failure) 614M->478M(882M) 1.698ms
[626.075s][info][gc,cpu         ] GC(2110) User=0.00s Sys=0.00s Real=0.00s
[626.239s][info][gc,start       ] GC(2111) Pause Young (Allocation Failure)
[626.240s][info][gc,heap        ] GC(2111) PSYoungGen: 139328K(235520K)->64K(232960K) Eden: 139264K(139264K)->0K(142848K) From: 64K(96256K)->64K(90112K)
[626.240s][info][gc,heap        ] GC(2111) ParOldGen: 490426K(667648K)->490426K(667648K)
[626.240s][info][gc,metaspace   ] GC(2111) Metaspace: 18996K(19136K)->18996K(19136K) NonClass: 17167K(17280K)->17167K(17280K) Class: 1829K(1856K)->1829K(1856K)
[626.240s][info][gc             ] GC(2111) Pause Young (Allocation Failure) 614M->478M(879M) 1.743ms
[626.240s][info][gc,cpu         ] GC(2111) User=0.00s Sys=0.00s Real=0.00s
[626.409s][info][gc,start       ] GC(2112) Pause Young (Allocation Failure)
[626.411s][info][gc,heap        ] GC(2112) PSYoungGen: 142912K(232960K)->64K(235008K) Eden: 142848K(142848K)->0K(142848K) From: 64K(90112K)->64K(92160K)
[626.411s][info][gc,heap        ] GC(2112) ParOldGen: 490426K(667648K)->490426K(667648K)
[626.411s][info][gc,metaspace   ] GC(2112) Metaspace: 18996K(19136K)->18996K(19136K) NonClass: 17167K(17280K)->17167K(17280K) Class: 1829K(1856K)->1829K(1856K)
[626.411s][info][gc             ] GC(2112) Pause Young (Allocation Failure) 618M->478M(881M) 1.746ms
[626.411s][info][gc,cpu         ] GC(2112) User=0.00s Sys=0.00s Real=0.00s
[626.579s][info][gc,start       ] GC(2113) Pause Young (Allocation Failure)
[626.581s][info][gc,heap        ] GC(2113) PSYoungGen: 142912K(235008K)->64K(230912K) Eden: 142848K(142848K)->0K(148480K) From: 64K(92160K)->64K(82432K)
[626.581s][info][gc,heap        ] GC(2113) ParOldGen: 490426K(667648K)->490426K(667648K)
[626.581s][info][gc,metaspace   ] GC(2113) Metaspace: 18996K(19136K)->18996K(19136K) NonClass: 17167K(17280K)->17167K(17280K) Class: 1829K(1856K)->1829K(1856K)
[626.581s][info][gc             ] GC(2113) Pause Young (Allocation Failure) 618M->478M(877M) 1.851ms
[626.581s][info][gc,cpu         ] GC(2113) User=0.00s Sys=0.00s Real=0.00s
[626.757s][info][gc,start       ] GC(2114) Pause Young (Allocation Failure)
[626.759s][info][gc,heap        ] GC(2114) PSYoungGen: 148544K(230912K)->64K(235008K) Eden: 148480K(148480K)->0K(148480K) From: 64K(82432K)->64K(86528K)
[626.759s][info][gc,heap        ] GC(2114) ParOldGen: 490426K(667648K)->490426K(667648K)
[626.759s][info][gc,metaspace   ] GC(2114) Metaspace: 18996K(19136K)->18996K(19136K) NonClass: 17167K(17280K)->17167K(17280K) Class: 1829K(1856K)->1829K(1856K)
[626.759s][info][gc             ] GC(2114) Pause Young (Allocation Failure) 623M->478M(881M) 1.988ms
[626.759s][info][gc,cpu         ] GC(2114) User=0.00s Sys=0.00s Real=0.00s
[626.935s][info][gc,start       ] GC(2115) Pause Young (Allocation Failure)
[626.938s][info][gc,heap        ] GC(2115) PSYoungGen: 148544K(235008K)->64K(227840K) Eden: 148480K(148480K)->0K(152576K) From: 64K(86528K)->64K(75264K)
[626.938s][info][gc,heap        ] GC(2115) ParOldGen: 490426K(667648K)->490426K(667648K)
[626.938s][info][gc,metaspace   ] GC(2115) Metaspace: 18996K(19136K)->18996K(19136K) NonClass: 17167K(17280K)->17167K(17280K) Class: 1829K(1856K)->1829K(1856K)
[626.938s][info][gc             ] GC(2115) Pause Young (Allocation Failure) 623M->478M(874M) 2.458ms
[626.938s][info][gc,cpu         ] GC(2115) User=0.01s Sys=0.00s Real=0.00s
[627.087s][info][gc,start       ] GC(2116) Pause Young (Allocation Failure)
[627.105s][info][gc,heap        ] GC(2116) PSYoungGen: 152640K(227840K)->14848K(167424K) Eden: 152576K(152576K)->0K(152576K) From: 64K(75264K)->14848K(14848K)
[627.105s][info][gc,heap        ] GC(2116) ParOldGen: 490426K(667648K)->490426K(667648K)
[627.105s][info][gc,metaspace   ] GC(2116) Metaspace: 18997K(19136K)->18997K(19136K) NonClass: 17168K(17280K)->17168K(17280K) Class: 1829K(1856K)->1829K(1856K)
[627.105s][info][gc             ] GC(2116) Pause Young (Allocation Failure) 627M->493M(815M) 18.082ms
[627.105s][info][gc,cpu         ] GC(2116) User=0.04s Sys=0.00s Real=0.02s
[627.236s][info][gc,start       ] GC(2117) Pause Young (Allocation Failure)
[627.267s][info][gc,heap        ] GC(2117) PSYoungGen: 167424K(167424K)->29792K(231936K) Eden: 152576K(152576K)->0K(158720K) From: 14848K(14848K)->29792K(73216K)
[627.267s][info][gc,heap        ] GC(2117) ParOldGen: 490426K(667648K)->490426K(667648K)
[627.267s][info][gc,metaspace   ] GC(2117) Metaspace: 18997K(19136K)->18997K(19136K) NonClass: 17168K(17280K)->17168K(17280K) Class: 1829K(1856K)->1829K(1856K)
[627.267s][info][gc             ] GC(2117) Pause Young (Allocation Failure) 642M->508M(878M) 30.432ms
[627.267s][info][gc,cpu         ] GC(2117) User=0.06s Sys=0.00s Real=0.03s
[627.380s][info][gc,start       ] GC(2118) Pause Young (Allocation Failure)
[627.412s][info][gc,heap        ] GC(2118) PSYoungGen: 188512K(231936K)->33376K(231424K) Eden: 158720K(158720K)->0K(158720K) From: 29792K(73216K)->33376K(72704K)
[627.412s][info][gc,heap        ] GC(2118) ParOldGen: 490426K(667648K)->490426K(667648K)
[627.412s][info][gc,metaspace   ] GC(2118) Metaspace: 18997K(19136K)->18997K(19136K) NonClass: 17168K(17280K)->17168K(17280K) Class: 1829K(1856K)->1829K(1856K)
[627.412s][info][gc             ] GC(2118) Pause Young (Allocation Failure) 663M->511M(878M) 32.837ms
[627.412s][info][gc,cpu         ] GC(2118) User=0.07s Sys=0.00s Real=0.04s
[627.539s][info][gc,start       ] GC(2119) Pause Young (Allocation Failure)
[627.577s][info][gc,heap        ] GC(2119) PSYoungGen: 192096K(231424K)->35296K(241664K) Eden: 158720K(158720K)->0K(168448K) From: 33376K(72704K)->35296K(73216K)
[627.577s][info][gc,heap        ] GC(2119) ParOldGen: 490426K(667648K)->490426K(667648K)
[627.577s][info][gc,metaspace   ] GC(2119) Metaspace: 18997K(19136K)->18997K(19136K) NonClass: 17168K(17280K)->17168K(17280K) Class: 1829K(1856K)->1829K(1856K)
[627.577s][info][gc             ] GC(2119) Pause Young (Allocation Failure) 666M->513M(888M) 38.463ms
[627.577s][info][gc,cpu         ] GC(2119) User=0.07s Sys=0.00s Real=0.04s
[627.743s][info][gc,start       ] GC(2120) Pause Young (Allocation Failure)
[627.784s][info][gc,heap        ] GC(2120) PSYoungGen: 203744K(241664K)->41216K(242176K) Eden: 168448K(168448K)->0K(168448K) From: 35296K(73216K)->41216K(73728K)
[627.784s][info][gc,heap        ] GC(2120) ParOldGen: 490426K(667648K)->490426K(667648K)
[627.784s][info][gc,metaspace   ] GC(2120) Metaspace: 18998K(19136K)->18998K(19136K) NonClass: 17168K(17280K)->17168K(17280K) Class: 1829K(1856K)->1829K(1856K)
[627.784s][info][gc             ] GC(2120) Pause Young (Allocation Failure) 677M->519M(888M) 40.836ms
[627.784s][info][gc,cpu         ] GC(2120) User=0.08s Sys=0.00s Real=0.04s
[627.991s][info][gc,start       ] GC(2121) Pause Young (Allocation Failure)
[628.033s][info][gc,heap        ] GC(2121) PSYoungGen: 209664K(242176K)->43968K(252416K) Eden: 168448K(168448K)->0K(176128K) From: 41216K(73728K)->43968K(76288K)
[628.033s][info][gc,heap        ] GC(2121) ParOldGen: 490426K(667648K)->490426K(667648K)
[628.033s][info][gc,metaspace   ] GC(2121) Metaspace: 19001K(19200K)->19001K(19200K) NonClass: 17172K(17344K)->17172K(17344K) Class: 1829K(1856K)->1829K(1856K)
[628.033s][info][gc             ] GC(2121) Pause Young (Allocation Failure) 683M->521M(898M) 41.889ms
[628.033s][info][gc,cpu         ] GC(2121) User=0.08s Sys=0.00s Real=0.05s
[628.329s][info][gc,start       ] GC(2122) Pause Young (Allocation Failure)
[628.370s][info][gc,heap        ] GC(2122) PSYoungGen: 220096K(252416K)->44128K(220672K) Eden: 176128K(176128K)->0K(176128K) From: 43968K(76288K)->44128K(44544K)
[628.371s][info][gc,heap        ] GC(2122) ParOldGen: 490426K(667648K)->490426K(667648K)
[628.371s][info][gc,metaspace   ] GC(2122) Metaspace: 19003K(19200K)->19003K(19200K) NonClass: 17174K(17344K)->17174K(17344K) Class: 1829K(1856K)->1829K(1856K)
[628.371s][info][gc             ] GC(2122) Pause Young (Allocation Failure) 693M->522M(867M) 41.702ms
[628.371s][info][gc,cpu         ] GC(2122) User=0.08s Sys=0.00s Real=0.04s
[628.651s][info][gc,start       ] GC(2123) Pause Young (Allocation Failure)
[628.693s][info][gc,heap        ] GC(2123) PSYoungGen: 220256K(220672K)->44160K(250880K) Eden: 176128K(176128K)->0K(169984K) From: 44128K(44544K)->44160K(80896K)
[628.693s][info][gc,heap        ] GC(2123) ParOldGen: 490426K(667648K)->490434K(667648K)
[628.693s][info][gc,metaspace   ] GC(2123) Metaspace: 19004K(19200K)->19004K(19200K) NonClass: 17174K(17344K)->17174K(17344K) Class: 1829K(1856K)->1829K(1856K)
[628.693s][info][gc             ] GC(2123) Pause Young (Allocation Failure) 694M->522M(897M) 41.364ms
[628.693s][info][gc,cpu         ] GC(2123) User=0.08s Sys=0.01s Real=0.05s
[628.940s][info][gc,start       ] GC(2124) Pause Young (Allocation Failure)
[628.982s][info][gc,heap        ] GC(2124) PSYoungGen: 214144K(250880K)->44160K(214528K) Eden: 169984K(169984K)->0K(169984K) From: 44160K(80896K)->44160K(44544K)
[628.982s][info][gc,heap        ] GC(2124) ParOldGen: 490434K(667648K)->490434K(667648K)
[628.982s][info][gc,metaspace   ] GC(2124) Metaspace: 19007K(19200K)->19007K(19200K) NonClass: 17178K(17344K)->17178K(17344K) Class: 1829K(1856K)->1829K(1856K)
[628.982s][info][gc             ] GC(2124) Pause Young (Allocation Failure) 688M->522M(861M) 41.920ms
[628.982s][info][gc,cpu         ] GC(2124) User=0.08s Sys=0.00s Real=0.05s
[629.206s][info][gc,start       ] GC(2125) Pause Young (Allocation Failure)
[629.261s][info][gc,heap        ] GC(2125) PSYoungGen: 214144K(214528K)->58176K(241152K) Eden: 169984K(169984K)->0K(158720K) From: 44160K(44544K)->58176K(82432K)
[629.261s][info][gc,heap        ] GC(2125) ParOldGen: 490434K(667648K)->490434K(667648K)
[629.261s][info][gc,metaspace   ] GC(2125) Metaspace: 19013K(19200K)->19013K(19200K) NonClass: 17183K(17344K)->17183K(17344K) Class: 1829K(1856K)->1829K(1856K)
[629.261s][info][gc             ] GC(2125) Pause Young (Allocation Failure) 688M->535M(887M) 55.836ms
[629.261s][info][gc,cpu         ] GC(2125) User=0.10s Sys=0.00s Real=0.05s
[629.410s][info][gc,start       ] GC(2126) Pause Young (Allocation Failure)
[629.464s][info][gc,heap        ] GC(2126) PSYoungGen: 216896K(241152K)->58176K(217088K) Eden: 158720K(158720K)->0K(158720K) From: 58176K(82432K)->58176K(58368K)
[629.464s][info][gc,heap        ] GC(2126) ParOldGen: 490434K(667648K)->490434K(667648K)
[629.464s][info][gc,metaspace   ] GC(2126) Metaspace: 19013K(19200K)->19013K(19200K) NonClass: 17183K(17344K)->17183K(17344K) Class: 1829K(1856K)->1829K(1856K)
[629.464s][info][gc             ] GC(2126) Pause Young (Allocation Failure) 690M->535M(864M) 53.765ms
[629.464s][info][gc,cpu         ] GC(2126) User=0.11s Sys=0.00s Real=0.06s
[629.594s][info][gc,start       ] GC(2127) Pause Young (Allocation Failure)
[629.688s][info][gc,heap        ] GC(2127) PSYoungGen: 216896K(217088K)->91616K(208384K) Eden: 158720K(158720K)->0K(116736K) From: 58176K(58368K)->91616K(91648K)
[629.688s][info][gc,heap        ] GC(2127) ParOldGen: 490434K(667648K)->494858K(667648K)
[629.688s][info][gc,metaspace   ] GC(2127) Metaspace: 19021K(19200K)->19021K(19200K) NonClass: 17192K(17344K)->17192K(17344K) Class: 1829K(1856K)->1829K(1856K)
[629.688s][info][gc             ] GC(2127) Pause Young (Allocation Failure) 690M->572M(855M) 94.127ms
[629.688s][info][gc,cpu         ] GC(2127) User=0.16s Sys=0.02s Real=0.09s
[629.824s][info][gc,start       ] GC(2128) Pause Young (Allocation Failure)
[629.915s][info][gc,heap        ] GC(2128) PSYoungGen: 208352K(208384K)->108512K(225280K) Eden: 116736K(116736K)->0K(116736K) From: 91616K(91648K)->108512K(108544K)
[629.915s][info][gc,heap        ] GC(2128) ParOldGen: 494858K(667648K)->497202K(667648K)
[629.915s][info][gc,metaspace   ] GC(2128) Metaspace: 19021K(19200K)->19021K(19200K) NonClass: 17192K(17344K)->17192K(17344K) Class: 1829K(1856K)->1829K(1856K)
[629.915s][info][gc             ] GC(2128) Pause Young (Allocation Failure) 686M->591M(872M) 91.620ms
[629.916s][info][gc,cpu         ] GC(2128) User=0.18s Sys=0.00s Real=0.09s
[630.073s][info][gc,start       ] GC(2129) Pause Young (Allocation Failure)
[630.183s][info][gc,heap        ] GC(2129) PSYoungGen: 225248K(225280K)->108176K(220160K) Eden: 116736K(116736K)->0K(111616K) From: 108512K(108544K)->108176K(108544K)
[630.183s][info][gc,heap        ] GC(2129) ParOldGen: 497202K(667648K)->512074K(667648K)
[630.183s][info][gc,metaspace   ] GC(2129) Metaspace: 19021K(19200K)->19021K(19200K) NonClass: 17192K(17344K)->17192K(17344K) Class: 1829K(1856K)->1829K(1856K)
[630.183s][info][gc             ] GC(2129) Pause Young (Allocation Failure) 705M->605M(867M) 109.280ms
[630.183s][info][gc,cpu         ] GC(2129) User=0.21s Sys=0.00s Real=0.11s
[630.313s][info][gc,start       ] GC(2130) Pause Young (Allocation Failure)
[630.408s][info][gc,heap        ] GC(2130) PSYoungGen: 219792K(220160K)->89824K(222720K) Eden: 111616K(111616K)->0K(111616K) From: 108176K(108544K)->89824K(111104K)
[630.408s][info][gc,heap        ] GC(2130) ParOldGen: 512074K(667648K)->530642K(667648K)
[630.408s][info][gc,metaspace   ] GC(2130) Metaspace: 19021K(19200K)->19021K(19200K) NonClass: 17192K(17344K)->17192K(17344K) Class: 1829K(1856K)->1829K(1856K)
[630.408s][info][gc             ] GC(2130) Pause Young (Allocation Failure) 714M->605M(869M) 95.200ms
[630.408s][info][gc,cpu         ] GC(2130) User=0.19s Sys=0.00s Real=0.09s
[630.539s][info][gc,start       ] GC(2131) Pause Young (Allocation Failure)
[630.620s][info][gc,heap        ] GC(2131) PSYoungGen: 201440K(222720K)->81968K(222720K) Eden: 111616K(111616K)->0K(111616K) From: 89824K(111104K)->81968K(111104K)
[630.620s][info][gc,heap        ] GC(2131) ParOldGen: 530642K(667648K)->538530K(667648K)
[630.620s][info][gc,metaspace   ] GC(2131) Metaspace: 19021K(19200K)->19021K(19200K) NonClass: 17192K(17344K)->17192K(17344K) Class: 1829K(1856K)->1829K(1856K)
[630.620s][info][gc             ] GC(2131) Pause Young (Allocation Failure) 714M->605M(869M) 81.599ms
[630.620s][info][gc,cpu         ] GC(2131) User=0.16s Sys=0.00s Real=0.08s
[630.752s][info][gc,start       ] GC(2132) Pause Young (Allocation Failure)
[630.825s][info][gc,heap        ] GC(2132) PSYoungGen: 193584K(222720K)->79056K(222720K) Eden: 111616K(111616K)->0K(111616K) From: 81968K(111104K)->79056K(111104K)
[630.826s][info][gc,heap        ] GC(2132) ParOldGen: 538530K(667648K)->541455K(667648K)
[630.826s][info][gc,metaspace   ] GC(2132) Metaspace: 19021K(19200K)->19021K(19200K) NonClass: 17192K(17344K)->17192K(17344K) Class: 1829K(1856K)->1829K(1856K)
[630.826s][info][gc             ] GC(2132) Pause Young (Allocation Failure) 714M->605M(869M) 73.696ms
[630.826s][info][gc,cpu         ] GC(2132) User=0.15s Sys=0.00s Real=0.07s
[630.933s][info][gc,start       ] GC(2133) Pause Young (Allocation Failure)
[631.032s][info][gc,heap        ] GC(2133) PSYoungGen: 190672K(222720K)->98560K(222720K) Eden: 111616K(111616K)->0K(111616K) From: 79056K(111104K)->98560K(111104K)
[631.032s][info][gc,heap        ] GC(2133) ParOldGen: 541455K(667648K)->541503K(667648K)
[631.032s][info][gc,metaspace   ] GC(2133) Metaspace: 19021K(19200K)->19021K(19200K) NonClass: 17192K(17344K)->17192K(17344K) Class: 1829K(1856K)->1829K(1856K)
[631.032s][info][gc             ] GC(2133) Pause Young (Allocation Failure) 714M->625M(869M) 99.055ms
[631.032s][info][gc,cpu         ] GC(2133) User=0.19s Sys=0.00s Real=0.10s
[631.136s][info][gc,start       ] GC(2134) Pause Young (Allocation Failure)
[631.238s][info][gc,heap        ] GC(2134) PSYoungGen: 210176K(222720K)->97744K(222720K) Eden: 111616K(111616K)->0K(111616K) From: 98560K(111104K)->97744K(111104K)
[631.238s][info][gc,heap        ] GC(2134) ParOldGen: 541503K(667648K)->555575K(667648K)
[631.238s][info][gc,metaspace   ] GC(2134) Metaspace: 19021K(19200K)->19021K(19200K) NonClass: 17192K(17344K)->17192K(17344K) Class: 1829K(1856K)->1829K(1856K)
[631.238s][info][gc             ] GC(2134) Pause Young (Allocation Failure) 734M->638M(869M) 102.677ms
[631.238s][info][gc,cpu         ] GC(2134) User=0.20s Sys=0.00s Real=0.10s
[631.328s][info][gc,start       ] GC(2135) Pause Young (Allocation Failure)
[631.434s][info][gc,heap        ] GC(2135) PSYoungGen: 209360K(222720K)->61184K(222720K) Eden: 111616K(111616K)->0K(111616K) From: 97744K(111104K)->61184K(111104K)
[631.434s][info][gc,heap        ] GC(2135) ParOldGen: 555575K(667648K)->606474K(667648K)
[631.434s][info][gc,metaspace   ] GC(2135) Metaspace: 19021K(19200K)->19021K(19200K) NonClass: 17192K(17344K)->17192K(17344K) Class: 1829K(1856K)->1829K(1856K)
[631.434s][info][gc             ] GC(2135) Pause Young (Allocation Failure) 747M->652M(869M) 105.813ms
[631.434s][info][gc,cpu         ] GC(2135) User=0.21s Sys=0.00s Real=0.11s
[631.537s][info][gc,start       ] GC(2136) Pause Young (Allocation Failure)
[631.624s][info][gc,heap        ] GC(2136) PSYoungGen: 172800K(222720K)->65056K(222720K) Eden: 111616K(111616K)->0K(111616K) From: 61184K(111104K)->65056K(111104K)
[631.624s][info][gc,heap        ] GC(2136) ParOldGen: 606474K(667648K)->621122K(667648K)
[631.624s][info][gc,metaspace   ] GC(2136) Metaspace: 19021K(19200K)->19021K(19200K) NonClass: 17192K(17344K)->17192K(17344K) Class: 1829K(1856K)->1829K(1856K)
[631.624s][info][gc             ] GC(2136) Pause Young (Allocation Failure) 761M->670M(869M) 87.299ms
[631.624s][info][gc,cpu         ] GC(2136) User=0.18s Sys=0.00s Real=0.09s
[631.730s][info][gc,start       ] GC(2137) Pause Young (Allocation Failure)
[631.805s][info][gc,heap        ] GC(2137) PSYoungGen: 176672K(222720K)->77056K(222720K) Eden: 111616K(111616K)->0K(111616K) From: 65056K(111104K)->77056K(111104K)
[631.805s][info][gc,heap        ] GC(2137) ParOldGen: 621122K(667648K)->621122K(667648K)
[631.805s][info][gc,metaspace   ] GC(2137) Metaspace: 19021K(19200K)->19021K(19200K) NonClass: 17192K(17344K)->17192K(17344K) Class: 1829K(1856K)->1829K(1856K)
[631.805s][info][gc             ] GC(2137) Pause Young (Allocation Failure) 779M->681M(869M) 74.689ms
[631.805s][info][gc,cpu         ] GC(2137) User=0.15s Sys=0.00s Real=0.08s
[631.865s][info][gc,start       ] GC(2138) Pause Young (Allocation Failure)
[631.945s][info][gc,heap        ] GC(2138) PSYoungGen: 188672K(222720K)->47552K(222720K) Eden: 111616K(111616K)->0K(111616K) From: 77056K(111104K)->47552K(111104K)
[631.945s][info][gc,heap        ] GC(2138) ParOldGen: 621122K(667648K)->653970K(667648K)
[631.945s][info][gc,metaspace   ] GC(2138) Metaspace: 19021K(19200K)->19021K(19200K) NonClass: 17192K(17344K)->17192K(17344K) Class: 1829K(1856K)->1829K(1856K)
[631.945s][info][gc             ] GC(2138) Pause Young (Allocation Failure) 790M->685M(869M) 79.656ms
[631.945s][info][gc,cpu         ] GC(2138) User=0.16s Sys=0.00s Real=0.08s
[632.024s][info][gc,start       ] GC(2139) Pause Full (Allocation Failure)
[632.024s][info][gc,phases,start] GC(2139) Marking Phase
[632.404s][info][gc,phases      ] GC(2139) Marking Phase 379.944ms
[632.404s][info][gc,phases,start] GC(2139) Summary Phase
[632.404s][info][gc,phases      ] GC(2139) Summary Phase 0.028ms
[632.404s][info][gc,phases,start] GC(2139) Forward
[632.451s][info][gc,phases      ] GC(2139) Forward 46.593ms
[632.451s][info][gc,phases,start] GC(2139) Adjust Pointers
[632.726s][info][gc,phases      ] GC(2139) Adjust Pointers 274.611ms
[632.726s][info][gc,phases,start] GC(2139) Compaction Phase
[632.855s][info][gc,phases      ] GC(2139) Compaction Phase 129.029ms
[632.859s][info][gc,phases,start] GC(2139) Post Compact
[632.861s][info][gc,phases      ] GC(2139) Post Compact 2.388ms
[632.861s][info][gc,heap        ] GC(2139) PSYoungGen: 159168K(222720K)->0K(222720K) Eden: 111616K(111616K)->0K(111616K) From: 47552K(111104K)->0K(111104K)
[632.861s][info][gc,heap        ] GC(2139) ParOldGen: 653970K(667648K)->567438K(667648K)
[632.861s][info][gc,metaspace   ] GC(2139) Metaspace: 19021K(19200K)->19021K(19200K) NonClass: 17192K(17344K)->17192K(17344K) Class: 1829K(1856K)->1829K(1856K)
[632.861s][info][gc             ] GC(2139) Pause Full (Allocation Failure) 794M->554M(869M) 836.827ms
[632.861s][info][gc,cpu         ] GC(2139) User=1.61s Sys=0.00s Real=0.83s
[632.956s][info][gc,start       ] GC(2140) Pause Young (Allocation Failure)
[632.964s][info][gc,heap        ] GC(2140) PSYoungGen: 111616K(222720K)->64K(222720K) Eden: 111616K(111616K)->0K(111616K) From: 0K(111104K)->64K(111104K)
[632.965s][info][gc,heap        ] GC(2140) ParOldGen: 567438K(667648K)->567438K(667648K)
[632.965s][info][gc,metaspace   ] GC(2140) Metaspace: 19021K(19200K)->19021K(19200K) NonClass: 17192K(17344K)->17192K(17344K) Class: 1829K(1856K)->1829K(1856K)
[632.965s][info][gc             ] GC(2140) Pause Young (Allocation Failure) 663M->554M(869M) 8.255ms
[632.965s][info][gc,cpu         ] GC(2140) User=0.02s Sys=0.00s Real=0.01s
[633.055s][info][gc,start       ] GC(2141) Pause Young (Allocation Failure)
[633.062s][info][gc,heap        ] GC(2141) PSYoungGen: 111680K(222720K)->1312K(222720K) Eden: 111616K(111616K)->0K(111616K) From: 64K(111104K)->1312K(111104K)
[633.062s][info][gc,heap        ] GC(2141) ParOldGen: 567438K(667648K)->567438K(667648K)
[633.062s][info][gc,metaspace   ] GC(2141) Metaspace: 19021K(19200K)->19021K(19200K) NonClass: 17192K(17344K)->17192K(17344K) Class: 1829K(1856K)->1829K(1856K)
[633.062s][info][gc             ] GC(2141) Pause Young (Allocation Failure) 663M->555M(869M) 6.735ms
[633.062s][info][gc,cpu         ] GC(2141) User=0.01s Sys=0.00s Real=0.01s
[633.148s][info][gc,start       ] GC(2142) Pause Young (Allocation Failure)
[633.156s][info][gc,heap        ] GC(2142) PSYoungGen: 112928K(222720K)->64K(222720K) Eden: 111616K(111616K)->0K(111616K) From: 1312K(111104K)->64K(111104K)
[633.156s][info][gc,heap        ] GC(2142) ParOldGen: 567438K(667648K)->568742K(667648K)
[633.156s][info][gc,metaspace   ] GC(2142) Metaspace: 19021K(19200K)->19021K(19200K) NonClass: 17192K(17344K)->17192K(17344K) Class: 1829K(1856K)->1829K(1856K)
[633.156s][info][gc             ] GC(2142) Pause Young (Allocation Failure) 664M->555M(869M) 8.199ms
[633.156s][info][gc,cpu         ] GC(2142) User=0.02s Sys=0.00s Real=0.01s
[633.248s][info][gc,start       ] GC(2143) Pause Young (Allocation Failure)
[633.266s][info][gc,heap        ] GC(2143) PSYoungGen: 111680K(222720K)->12896K(222720K) Eden: 111616K(111616K)->0K(111616K) From: 64K(111104K)->12896K(111104K)
[633.266s][info][gc,heap        ] GC(2143) ParOldGen: 568742K(667648K)->568742K(667648K)
[633.266s][info][gc,metaspace   ] GC(2143) Metaspace: 19021K(19200K)->19021K(19200K) NonClass: 17192K(17344K)->17192K(17344K) Class: 1829K(1856K)->1829K(1856K)
[633.266s][info][gc             ] GC(2143) Pause Young (Allocation Failure) 664M->568M(869M) 18.328ms
[633.266s][info][gc,cpu         ] GC(2143) User=0.03s Sys=0.00s Real=0.02s
[633.327s][info][gc,start       ] GC(2144) Pause Young (Allocation Failure)
[633.350s][info][gc,heap        ] GC(2144) PSYoungGen: 124512K(222720K)->7232K(222720K) Eden: 111616K(111616K)->0K(111616K) From: 12896K(111104K)->7232K(111104K)
[633.350s][info][gc,heap        ] GC(2144) ParOldGen: 568742K(667648K)->581662K(667648K)
[633.350s][info][gc,metaspace   ] GC(2144) Metaspace: 19021K(19200K)->19021K(19200K) NonClass: 17192K(17344K)->17192K(17344K) Class: 1829K(1856K)->1829K(1856K)
[633.350s][info][gc             ] GC(2144) Pause Young (Allocation Failure) 677M->575M(869M) 22.722ms
[633.350s][info][gc,cpu         ] GC(2144) User=0.04s Sys=0.00s Real=0.02s
[633.439s][info][gc,start       ] GC(2145) Pause Young (Allocation Failure)
[633.457s][info][gc,heap        ] GC(2145) PSYoungGen: 118848K(222720K)->9216K(222720K) Eden: 111616K(111616K)->0K(111616K) From: 7232K(111104K)->9216K(111104K)
[633.457s][info][gc,heap        ] GC(2145) ParOldGen: 581662K(667648K)->588910K(667648K)
[633.457s][info][gc,metaspace   ] GC(2145) Metaspace: 19021K(19200K)->19021K(19200K) NonClass: 17192K(17344K)->17192K(17344K) Class: 1829K(1856K)->1829K(1856K)
[633.457s][info][gc             ] GC(2145) Pause Young (Allocation Failure) 684M->584M(869M) 18.462ms
[633.457s][info][gc,cpu         ] GC(2145) User=0.03s Sys=0.01s Real=0.02s
[633.529s][info][gc,start       ] GC(2146) Pause Young (Allocation Failure)
[633.543s][info][gc,heap        ] GC(2146) PSYoungGen: 120832K(222720K)->2560K(222720K) Eden: 111616K(111616K)->0K(111616K) From: 9216K(111104K)->2560K(111104K)
[633.543s][info][gc,heap        ] GC(2146) ParOldGen: 588910K(667648K)->598118K(667648K)
[633.543s][info][gc,metaspace   ] GC(2146) Metaspace: 19021K(19200K)->19021K(19200K) NonClass: 17192K(17344K)->17192K(17344K) Class: 1829K(1856K)->1829K(1856K)
[633.543s][info][gc             ] GC(2146) Pause Young (Allocation Failure) 693M->586M(869M) 14.478ms
[633.543s][info][gc,cpu         ] GC(2146) User=0.03s Sys=0.00s Real=0.02s
[633.629s][info][gc,start       ] GC(2147) Pause Young (Allocation Failure)
[633.653s][info][gc,heap        ] GC(2147) PSYoungGen: 114176K(222720K)->16672K(222720K) Eden: 111616K(111616K)->0K(111616K) From: 2560K(111104K)->16672K(111104K)
[633.653s][info][gc,heap        ] GC(2147) ParOldGen: 598118K(667648K)->600670K(667648K)
[633.653s][info][gc,metaspace   ] GC(2147) Metaspace: 19021K(19200K)->19021K(19200K) NonClass: 17192K(17344K)->17192K(17344K) Class: 1829K(1856K)->1829K(1856K)
[633.653s][info][gc             ] GC(2147) Pause Young (Allocation Failure) 695M->602M(869M) 23.333ms
[633.653s][info][gc,cpu         ] GC(2147) User=0.05s Sys=0.00s Real=0.03s
[633.741s][info][gc,start       ] GC(2148) Pause Young (Allocation Failure)
[633.765s][info][gc,heap        ] GC(2148) PSYoungGen: 128288K(222720K)->3392K(222720K) Eden: 111616K(111616K)->0K(111616K) From: 16672K(111104K)->3392K(111104K)
[633.765s][info][gc,heap        ] GC(2148) ParOldGen: 600670K(667648K)->617382K(667648K)
[633.765s][info][gc,metaspace   ] GC(2148) Metaspace: 19021K(19200K)->19021K(19200K) NonClass: 17192K(17344K)->17192K(17344K) Class: 1829K(1856K)->1829K(1856K)
[633.765s][info][gc             ] GC(2148) Pause Young (Allocation Failure) 711M->606M(869M) 24.328ms
[633.765s][info][gc,cpu         ] GC(2148) User=0.05s Sys=0.00s Real=0.03s
[633.905s][info][gc,start       ] GC(2149) Pause Young (Allocation Failure)
[633.915s][info][gc,heap        ] GC(2149) PSYoungGen: 115008K(222720K)->4312K(222720K) Eden: 111616K(111616K)->0K(111616K) From: 3392K(111104K)->4312K(111104K)
[633.915s][info][gc,heap        ] GC(2149) ParOldGen: 617382K(667648K)->620742K(667648K)
[633.915s][info][gc,metaspace   ] GC(2149) Metaspace: 19021K(19200K)->19021K(19200K) NonClass: 17192K(17344K)->17192K(17344K) Class: 1829K(1856K)->1829K(1856K)
[633.915s][info][gc             ] GC(2149) Pause Young (Allocation Failure) 715M->610M(869M) 10.248ms
[633.915s][info][gc,cpu         ] GC(2149) User=0.02s Sys=0.00s Real=0.01s
[634.025s][info][gc,start       ] GC(2150) Pause Young (Allocation Failure)
[634.042s][info][gc,heap        ] GC(2150) PSYoungGen: 115928K(222720K)->9856K(121856K) Eden: 111616K(111616K)->0K(111616K) From: 4312K(111104K)->9856K(10240K)
[634.042s][info][gc,heap        ] GC(2150) ParOldGen: 620742K(667648K)->625071K(667648K)
[634.042s][info][gc,metaspace   ] GC(2150) Metaspace: 19021K(19200K)->19021K(19200K) NonClass: 17192K(17344K)->17192K(17344K) Class: 1829K(1856K)->1829K(1856K)
[634.042s][info][gc             ] GC(2150) Pause Young (Allocation Failure) 719M->620M(771M) 17.127ms
[634.042s][info][gc,cpu         ] GC(2150) User=0.03s Sys=0.00s Real=0.02s
[634.137s][info][gc,start       ] GC(2151) Pause Young (Allocation Failure)
[634.155s][info][gc,heap        ] GC(2151) PSYoungGen: 121472K(121856K)->16672K(222208K) Eden: 111616K(111616K)->0K(118272K) From: 9856K(10240K)->16672K(103936K)
[634.156s][info][gc,heap        ] GC(2151) ParOldGen: 625071K(667648K)->625071K(667648K)
[634.156s][info][gc,metaspace   ] GC(2151) Metaspace: 19021K(19200K)->19021K(19200K) NonClass: 17192K(17344K)->17192K(17344K) Class: 1829K(1856K)->1829K(1856K)
[634.156s][info][gc             ] GC(2151) Pause Young (Allocation Failure) 729M->626M(869M) 18.901ms
[634.156s][info][gc,cpu         ] GC(2151) User=0.03s Sys=0.00s Real=0.02s
[634.615s][info][gc,start       ] GC(2152) Pause Young (Allocation Failure)
[634.634s][info][gc,heap        ] GC(2152) PSYoungGen: 134944K(222208K)->16960K(219136K) Eden: 118272K(118272K)->0K(118272K) From: 16672K(103936K)->16960K(100864K)
[634.634s][info][gc,heap        ] GC(2152) ParOldGen: 625071K(667648K)->625071K(667648K)
[634.634s][info][gc,metaspace   ] GC(2152) Metaspace: 19021K(19200K)->19021K(19200K) NonClass: 17192K(17344K)->17192K(17344K) Class: 1829K(1856K)->1829K(1856K)
[634.634s][info][gc             ] GC(2152) Pause Young (Allocation Failure) 742M->626M(866M) 19.343ms
[634.634s][info][gc,cpu         ] GC(2152) User=0.04s Sys=0.00s Real=0.02s
[634.976s][info][gc,start       ] GC(2153) Pause Young (Allocation Failure)
[634.997s][info][gc,heap        ] GC(2153) PSYoungGen: 135232K(219136K)->17088K(207872K) Eden: 118272K(118272K)->0K(126464K) From: 16960K(100864K)->17088K(81408K)
[634.997s][info][gc,heap        ] GC(2153) ParOldGen: 625071K(667648K)->625071K(667648K)
[634.997s][info][gc,metaspace   ] GC(2153) Metaspace: 19021K(19200K)->19021K(19200K) NonClass: 17192K(17344K)->17192K(17344K) Class: 1829K(1856K)->1829K(1856K)
[634.997s][info][gc             ] GC(2153) Pause Young (Allocation Failure) 742M->627M(855M) 20.453ms
[634.997s][info][gc,cpu         ] GC(2153) User=0.03s Sys=0.00s Real=0.02s
[635.291s][info][gc,start       ] GC(2154) Pause Young (Allocation Failure)
[635.323s][info][gc,heap        ] GC(2154) PSYoungGen: 143552K(207872K)->29257K(215040K) Eden: 126464K(126464K)->0K(126464K) From: 17088K(81408K)->29257K(88576K)
[635.323s][info][gc,heap        ] GC(2154) ParOldGen: 625071K(667648K)->625071K(667648K)
[635.323s][info][gc,metaspace   ] GC(2154) Metaspace: 19021K(19200K)->19021K(19200K) NonClass: 17192K(17344K)->17192K(17344K) Class: 1829K(1856K)->1829K(1856K)
[635.323s][info][gc             ] GC(2154) Pause Young (Allocation Failure) 750M->638M(862M) 31.541ms
[635.323s][info][gc,cpu         ] GC(2154) User=0.06s Sys=0.00s Real=0.04s
[635.436s][info][gc,start       ] GC(2155) Pause Young (Allocation Failure)
[635.503s][info][gc,heap        ] GC(2155) PSYoungGen: 155721K(215040K)->76489K(205824K) Eden: 126464K(126464K)->0K(121344K) From: 29257K(88576K)->76489K(84480K)
[635.504s][info][gc,heap        ] GC(2155) ParOldGen: 625071K(667648K)->625071K(667648K)
[635.504s][info][gc,metaspace   ] GC(2155) Metaspace: 19021K(19200K)->19021K(19200K) NonClass: 17192K(17344K)->17192K(17344K) Class: 1829K(1856K)->1829K(1856K)
[635.504s][info][gc             ] GC(2155) Pause Young (Allocation Failure) 762M->685M(853M) 67.400ms
[635.504s][info][gc,cpu         ] GC(2155) User=0.13s Sys=0.00s Real=0.07s
[635.653s][info][gc,start       ] GC(2156) Pause Young (Allocation Failure)
[635.731s][info][gc,heap        ] GC(2156) PSYoungGen: 197833K(205824K)->97769K(219136K) Eden: 121344K(121344K)->0K(121344K) From: 76489K(84480K)->97769K(97792K)
[635.731s][info][gc,heap        ] GC(2156) ParOldGen: 625071K(667648K)->627359K(667648K)
[635.731s][info][gc,metaspace   ] GC(2156) Metaspace: 19021K(19200K)->19021K(19200K) NonClass: 17192K(17344K)->17192K(17344K) Class: 1829K(1856K)->1829K(1856K)
[635.731s][info][gc             ] GC(2156) Pause Young (Allocation Failure) 803M->708M(866M) 77.474ms
[635.731s][info][gc,cpu         ] GC(2156) User=0.15s Sys=0.00s Real=0.07s
[635.882s][info][gc,start       ] GC(2157) Pause Young (Allocation Failure)
[635.955s][info][gc,heap        ] GC(2157) PSYoungGen: 219113K(219136K)->81337K(222720K) Eden: 121344K(121344K)->0K(111616K) From: 97769K(97792K)->81337K(111104K)
[635.955s][info][gc,heap        ] GC(2157) ParOldGen: 627359K(667648K)->644031K(667648K)
[635.955s][info][gc,metaspace   ] GC(2157) Metaspace: 19021K(19200K)->19021K(19200K) NonClass: 17192K(17344K)->17192K(17344K) Class: 1829K(1856K)->1829K(1856K)
[635.955s][info][gc             ] GC(2157) Pause Young (Allocation Failure) 826M->708M(869M) 72.381ms
[635.955s][info][gc,cpu         ] GC(2157) User=0.14s Sys=0.00s Real=0.07s
[636.104s][info][gc,start       ] GC(2158) Pause Full (Allocation Failure)
[636.104s][info][gc,phases,start] GC(2158) Marking Phase
[636.590s][info][gc,phases      ] GC(2158) Marking Phase 485.820ms
[636.590s][info][gc,phases,start] GC(2158) Summary Phase
[636.590s][info][gc,phases      ] GC(2158) Summary Phase 0.028ms
[636.590s][info][gc,phases,start] GC(2158) Forward
[636.724s][info][gc,phases      ] GC(2158) Forward 133.678ms
[636.724s][info][gc,phases,start] GC(2158) Adjust Pointers
[637.105s][info][gc,phases      ] GC(2158) Adjust Pointers 380.922ms
[637.105s][info][gc,phases,start] GC(2158) Compaction Phase
[637.347s][info][gc,phases      ] GC(2158) Compaction Phase 242.024ms
[637.360s][info][gc,phases,start] GC(2158) Post Compact
[637.362s][info][gc,phases      ] GC(2158) Post Compact 2.417ms
[637.362s][info][gc,heap        ] GC(2158) PSYoungGen: 192953K(222720K)->23864K(222720K) Eden: 111616K(111616K)->0K(111616K) From: 81337K(111104K)->23864K(111104K)
[637.362s][info][gc,heap        ] GC(2158) ParOldGen: 644031K(667648K)->667645K(667648K)
[637.362s][info][gc,metaspace   ] GC(2158) Metaspace: 19021K(19200K)->19021K(19200K) NonClass: 17192K(17344K)->17192K(17344K) Class: 1829K(1856K)->1829K(1856K)
[637.362s][info][gc             ] GC(2158) Pause Full (Allocation Failure) 817M->675M(869M) 1258.300ms
[637.362s][info][gc,cpu         ] GC(2158) User=2.45s Sys=0.01s Real=1.26s
[637.507s][info][gc,start       ] GC(2159) Pause Full (Allocation Failure)
[637.507s][info][gc,phases,start] GC(2159) Marking Phase
[637.996s][info][gc,phases      ] GC(2159) Marking Phase 489.342ms
[637.996s][info][gc,phases,start] GC(2159) Summary Phase
[637.996s][info][gc,phases      ] GC(2159) Summary Phase 0.027ms
[637.996s][info][gc,phases,start] GC(2159) Forward
[638.015s][info][gc,phases      ] GC(2159) Forward 18.769ms
[638.015s][info][gc,phases,start] GC(2159) Adjust Pointers
[638.343s][info][gc,phases      ] GC(2159) Adjust Pointers 327.538ms
[638.343s][info][gc,phases,start] GC(2159) Compaction Phase
[638.482s][info][gc,phases      ] GC(2159) Compaction Phase 139.468ms
[638.482s][info][gc,phases,start] GC(2159) Post Compact
[638.485s][info][gc,phases      ] GC(2159) Post Compact 2.299ms
[638.485s][info][gc,heap        ] GC(2159) PSYoungGen: 135480K(222720K)->24124K(222720K) Eden: 111616K(111616K)->24124K(111616K) From: 23864K(111104K)->0K(111104K)
[638.485s][info][gc,heap        ] GC(2159) ParOldGen: 667645K(667648K)->667646K(667648K)
[638.485s][info][gc,metaspace   ] GC(2159) Metaspace: 19021K(19200K)->19021K(19200K) NonClass: 17192K(17344K)->17192K(17344K) Class: 1829K(1856K)->1829K(1856K)
[638.485s][info][gc             ] GC(2159) Pause Full (Allocation Failure) 784M->675M(869M) 977.890ms
[638.485s][info][gc,cpu         ] GC(2159) User=1.91s Sys=0.00s Real=0.98s
[638.586s][info][gc,start       ] GC(2160) Pause Full (Allocation Failure)
[638.586s][info][gc,phases,start] GC(2160) Marking Phase
[639.076s][info][gc,phases      ] GC(2160) Marking Phase 489.617ms
[639.076s][info][gc,phases,start] GC(2160) Summary Phase
[639.076s][info][gc,phases      ] GC(2160) Summary Phase 0.025ms
[639.076s][info][gc,phases,start] GC(2160) Forward
[639.198s][info][gc,phases      ] GC(2160) Forward 122.607ms
[639.199s][info][gc,phases,start] GC(2160) Adjust Pointers
[639.574s][info][gc,phases      ] GC(2160) Adjust Pointers 375.172ms
[639.574s][info][gc,phases,start] GC(2160) Compaction Phase
[639.742s][info][gc,phases      ] GC(2160) Compaction Phase 168.415ms
[639.759s][info][gc,phases,start] GC(2160) Post Compact
[639.761s][info][gc,phases      ] GC(2160) Post Compact 2.297ms
[639.761s][info][gc,heap        ] GC(2160) PSYoungGen: 111616K(222720K)->24653K(222720K) Eden: 111616K(111616K)->24653K(111616K) From: 0K(111104K)->0K(111104K)
[639.761s][info][gc,heap        ] GC(2160) ParOldGen: 667646K(667648K)->667645K(667648K)
[639.761s][info][gc,metaspace   ] GC(2160) Metaspace: 19021K(19200K)->19021K(19200K) NonClass: 17192K(17344K)->17192K(17344K) Class: 1829K(1856K)->1829K(1856K)
[639.761s][info][gc             ] GC(2160) Pause Full (Allocation Failure) 760M->676M(869M) 1175.098ms
[639.761s][info][gc,cpu         ] GC(2160) User=2.29s Sys=0.01s Real=1.17s
[639.860s][info][gc,start       ] GC(2161) Pause Full (Allocation Failure)
[639.860s][info][gc,phases,start] GC(2161) Marking Phase
[640.346s][info][gc,phases      ] GC(2161) Marking Phase 486.142ms
[640.346s][info][gc,phases,start] GC(2161) Summary Phase
[640.346s][info][gc,phases      ] GC(2161) Summary Phase 0.023ms
[640.346s][info][gc,phases,start] GC(2161) Forward
[640.368s][info][gc,phases      ] GC(2161) Forward 22.132ms
[640.368s][info][gc,phases,start] GC(2161) Adjust Pointers
[640.701s][info][gc,phases      ] GC(2161) Adjust Pointers 332.537ms
[640.701s][info][gc,phases,start] GC(2161) Compaction Phase
[640.836s][info][gc,phases      ] GC(2161) Compaction Phase 135.567ms
[640.836s][info][gc,phases,start] GC(2161) Post Compact
[640.839s][info][gc,phases      ] GC(2161) Post Compact 2.220ms
[640.839s][info][gc,heap        ] GC(2161) PSYoungGen: 111616K(222720K)->24674K(222720K) Eden: 111616K(111616K)->24674K(111616K) From: 0K(111104K)->0K(111104K)
[640.839s][info][gc,heap        ] GC(2161) ParOldGen: 667645K(667648K)->667644K(667648K)
[640.839s][info][gc,metaspace   ] GC(2161) Metaspace: 19022K(19200K)->19022K(19200K) NonClass: 17192K(17344K)->17192K(17344K) Class: 1829K(1856K)->1829K(1856K)
[640.839s][info][gc             ] GC(2161) Pause Full (Allocation Failure) 760M->676M(869M) 979.115ms
[640.839s][info][gc,cpu         ] GC(2161) User=1.91s Sys=0.00s Real=0.98s
[640.903s][info][gc,start       ] GC(2162) Pause Full (Allocation Failure)
[640.904s][info][gc,phases,start] GC(2162) Marking Phase
[641.398s][info][gc,phases      ] GC(2162) Marking Phase 494.008ms
[641.398s][info][gc,phases,start] GC(2162) Summary Phase
[641.398s][info][gc,phases      ] GC(2162) Summary Phase 0.023ms
[641.398s][info][gc,phases,start] GC(2162) Forward
[641.408s][info][gc,phases      ] GC(2162) Forward 10.524ms
[641.408s][info][gc,phases,start] GC(2162) Adjust Pointers
[641.738s][info][gc,phases      ] GC(2162) Adjust Pointers 330.186ms
[641.738s][info][gc,phases,start] GC(2162) Compaction Phase
[641.873s][info][gc,phases      ] GC(2162) Compaction Phase 134.740ms
[641.873s][info][gc,phases,start] GC(2162) Post Compact
[641.876s][info][gc,phases      ] GC(2162) Post Compact 2.239ms
[641.876s][info][gc,heap        ] GC(2162) PSYoungGen: 111616K(222720K)->25615K(222720K) Eden: 111616K(111616K)->25615K(111616K) From: 0K(111104K)->0K(111104K)
[641.876s][info][gc,heap        ] GC(2162) ParOldGen: 667644K(667648K)->667644K(667648K)
[641.876s][info][gc,metaspace   ] GC(2162) Metaspace: 19022K(19200K)->19022K(19200K) NonClass: 17192K(17344K)->17192K(17344K) Class: 1829K(1856K)->1829K(1856K)
[641.876s][info][gc             ] GC(2162) Pause Full (Allocation Failure) 760M->677M(869M) 972.135ms
[641.876s][info][gc,cpu         ] GC(2162) User=1.90s Sys=0.00s Real=0.97s
[641.944s][info][gc,start       ] GC(2163) Pause Full (Allocation Failure)
[641.944s][info][gc,phases,start] GC(2163) Marking Phase
[642.438s][info][gc,phases      ] GC(2163) Marking Phase 494.122ms
[642.438s][info][gc,phases,start] GC(2163) Summary Phase
[642.438s][info][gc,phases      ] GC(2163) Summary Phase 0.023ms
[642.438s][info][gc,phases,start] GC(2163) Forward
[642.449s][info][gc,phases      ] GC(2163) Forward 10.887ms
[642.449s][info][gc,phases,start] GC(2163) Adjust Pointers
[642.778s][info][gc,phases      ] GC(2163) Adjust Pointers 328.801ms
[642.778s][info][gc,phases,start] GC(2163) Compaction Phase
[642.911s][info][gc,phases      ] GC(2163) Compaction Phase 133.333ms
[642.911s][info][gc,phases,start] GC(2163) Post Compact
[642.913s][info][gc,phases      ] GC(2163) Post Compact 2.224ms
[642.913s][info][gc,heap        ] GC(2163) PSYoungGen: 111616K(222720K)->26316K(222720K) Eden: 111616K(111616K)->26316K(111616K) From: 0K(111104K)->0K(111104K)
[642.913s][info][gc,heap        ] GC(2163) ParOldGen: 667644K(667648K)->667644K(667648K)
[642.913s][info][gc,metaspace   ] GC(2163) Metaspace: 19022K(19200K)->19022K(19200K) NonClass: 17192K(17344K)->17192K(17344K) Class: 1829K(1856K)->1829K(1856K)
[642.914s][info][gc             ] GC(2163) Pause Full (Allocation Failure) 760M->677M(869M) 969.876ms
[642.914s][info][gc,cpu         ] GC(2163) User=1.89s Sys=0.00s Real=0.97s
[643.014s][info][gc,start       ] GC(2164) Pause Full (Allocation Failure)
[643.015s][info][gc,phases,start] GC(2164) Marking Phase
[643.384s][info][gc,phases      ] GC(2164) Marking Phase 369.810ms
[643.384s][info][gc,phases,start] GC(2164) Summary Phase
[643.384s][info][gc,phases      ] GC(2164) Summary Phase 0.027ms
[643.384s][info][gc,phases,start] GC(2164) Forward
[643.498s][info][gc,phases      ] GC(2164) Forward 113.386ms
[643.498s][info][gc,phases,start] GC(2164) Adjust Pointers
[643.776s][info][gc,phases      ] GC(2164) Adjust Pointers 278.150ms
[643.776s][info][gc,phases,start] GC(2164) Compaction Phase
[643.962s][info][gc,phases      ] GC(2164) Compaction Phase 186.026ms
[643.973s][info][gc,phases,start] GC(2164) Post Compact
[643.975s][info][gc,phases      ] GC(2164) Post Compact 2.247ms
[643.975s][info][gc,heap        ] GC(2164) PSYoungGen: 111616K(222720K)->0K(222720K) Eden: 111616K(111616K)->0K(111616K) From: 0K(111104K)->0K(111104K)
[643.975s][info][gc,heap        ] GC(2164) ParOldGen: 667644K(667648K)->552218K(667648K)
[643.975s][info][gc,metaspace   ] GC(2164) Metaspace: 19022K(19200K)->19022K(19200K) NonClass: 17192K(17344K)->17192K(17344K) Class: 1829K(1856K)->1829K(1856K)
[643.975s][info][gc             ] GC(2164) Pause Full (Allocation Failure) 760M->539M(869M) 960.590ms
[643.975s][info][gc,cpu         ] GC(2164) User=1.82s Sys=0.01s Real=0.96s
[644.228s][info][gc,start       ] GC(2165) Pause Young (Allocation Failure)
[644.256s][info][gc,heap        ] GC(2165) PSYoungGen: 111616K(222720K)->16429K(222720K) Eden: 111616K(111616K)->0K(111616K) From: 0K(111104K)->16429K(111104K)
[644.256s][info][gc,heap        ] GC(2165) ParOldGen: 552218K(667648K)->552218K(667648K)
[644.256s][info][gc,metaspace   ] GC(2165) Metaspace: 19022K(19200K)->19022K(19200K) NonClass: 17192K(17344K)->17192K(17344K) Class: 1829K(1856K)->1829K(1856K)
[644.256s][info][gc             ] GC(2165) Pause Young (Allocation Failure) 648M->555M(869M) 27.675ms
[644.256s][info][gc,cpu         ] GC(2165) User=0.05s Sys=0.00s Real=0.03s
[644.401s][info][gc,start       ] GC(2166) Pause Young (Allocation Failure)
[644.443s][info][gc,heap        ] GC(2166) PSYoungGen: 128045K(222720K)->33965K(222720K) Eden: 111616K(111616K)->0K(111616K) From: 16429K(111104K)->33965K(111104K)
[644.443s][info][gc,heap        ] GC(2166) ParOldGen: 552218K(667648K)->552218K(667648K)
[644.443s][info][gc,metaspace   ] GC(2166) Metaspace: 19022K(19200K)->19022K(19200K) NonClass: 17192K(17344K)->17192K(17344K) Class: 1829K(1856K)->1829K(1856K)
[644.443s][info][gc             ] GC(2166) Pause Young (Allocation Failure) 664M->572M(869M) 42.044ms
[644.443s][info][gc,cpu         ] GC(2166) User=0.08s Sys=0.00s Real=0.05s
[644.543s][info][gc,start       ] GC(2167) Pause Young (Allocation Failure)
[644.605s][info][gc,heap        ] GC(2167) PSYoungGen: 145581K(222720K)->54733K(222720K) Eden: 111616K(111616K)->0K(111616K) From: 33965K(111104K)->54733K(111104K)
[644.605s][info][gc,heap        ] GC(2167) ParOldGen: 552218K(667648K)->552218K(667648K)
[644.605s][info][gc,metaspace   ] GC(2167) Metaspace: 19022K(19200K)->19022K(19200K) NonClass: 17192K(17344K)->17192K(17344K) Class: 1829K(1856K)->1829K(1856K)
[644.605s][info][gc             ] GC(2167) Pause Young (Allocation Failure) 681M->592M(869M) 61.630ms
[644.605s][info][gc,cpu         ] GC(2167) User=0.12s Sys=0.00s Real=0.06s
[644.697s][info][gc,start       ] GC(2168) Pause Young (Allocation Failure)
[644.781s][info][gc,heap        ] GC(2168) PSYoungGen: 166349K(222720K)->42912K(213504K) Eden: 111616K(111616K)->0K(111616K) From: 54733K(111104K)->42912K(101888K)
[644.781s][info][gc,heap        ] GC(2168) ParOldGen: 552218K(667648K)->586254K(667648K)
[644.781s][info][gc,metaspace   ] GC(2168) Metaspace: 19022K(19200K)->19022K(19200K) NonClass: 17192K(17344K)->17192K(17344K) Class: 1829K(1856K)->1829K(1856K)
[644.781s][info][gc             ] GC(2168) Pause Young (Allocation Failure) 701M->614M(860M) 84.900ms
[644.781s][info][gc,cpu         ] GC(2168) User=0.17s Sys=0.00s Real=0.08s
[644.848s][info][gc,start       ] GC(2169) Pause Young (Allocation Failure)
[644.891s][info][gc,heap        ] GC(2169) PSYoungGen: 154528K(213504K)->43552K(218112K) Eden: 111616K(111616K)->0K(111616K) From: 42912K(101888K)->43552K(106496K)
[644.891s][info][gc,heap        ] GC(2169) ParOldGen: 586254K(667648K)->586254K(667648K)
[644.891s][info][gc,metaspace   ] GC(2169) Metaspace: 19022K(19200K)->19022K(19200K) NonClass: 17192K(17344K)->17192K(17344K) Class: 1829K(1856K)->1829K(1856K)
[644.891s][info][gc             ] GC(2169) Pause Young (Allocation Failure) 723M->615M(865M) 43.362ms
[644.891s][info][gc,cpu         ] GC(2169) User=0.09s Sys=0.00s Real=0.04s
[644.989s][info][gc,start       ] GC(2170) Pause Young (Allocation Failure)
[645.042s][info][gc,heap        ] GC(2170) PSYoungGen: 155168K(218112K)->45824K(212480K) Eden: 111616K(111616K)->0K(119296K) From: 43552K(106496K)->45824K(93184K)
[645.042s][info][gc,heap        ] GC(2170) ParOldGen: 586254K(667648K)->586254K(667648K)
[645.042s][info][gc,metaspace   ] GC(2170) Metaspace: 19022K(19200K)->19022K(19200K) NonClass: 17192K(17344K)->17192K(17344K) Class: 1829K(1856K)->1829K(1856K)
[645.042s][info][gc             ] GC(2170) Pause Young (Allocation Failure) 724M->617M(859M) 52.725ms
[645.042s][info][gc,cpu         ] GC(2170) User=0.10s Sys=0.00s Real=0.06s
[645.138s][info][gc,start       ] GC(2171) Pause Young (Allocation Failure)
[645.191s][info][gc,heap        ] GC(2171) PSYoungGen: 165120K(212480K)->48384K(216576K) Eden: 119296K(119296K)->0K(119296K) From: 45824K(93184K)->48384K(97280K)
[645.191s][info][gc,heap        ] GC(2171) ParOldGen: 586254K(667648K)->586254K(667648K)
[645.191s][info][gc,metaspace   ] GC(2171) Metaspace: 19022K(19200K)->19022K(19200K) NonClass: 17192K(17344K)->17192K(17344K) Class: 1829K(1856K)->1829K(1856K)
[645.191s][info][gc             ] GC(2171) Pause Young (Allocation Failure) 733M->619M(863M) 52.568ms
[645.191s][info][gc,cpu         ] GC(2171) User=0.10s Sys=0.00s Real=0.05s
[645.295s][info][gc,start       ] GC(2172) Pause Young (Allocation Failure)
[645.346s][info][gc,heap        ] GC(2172) PSYoungGen: 167680K(216576K)->48672K(216576K) Eden: 119296K(119296K)->0K(127488K) From: 48384K(97280K)->48672K(89088K)
[645.346s][info][gc,heap        ] GC(2172) ParOldGen: 586254K(667648K)->586254K(667648K)
[645.346s][info][gc,metaspace   ] GC(2172) Metaspace: 19022K(19200K)->19022K(19200K) NonClass: 17192K(17344K)->17192K(17344K) Class: 1829K(1856K)->1829K(1856K)
[645.346s][info][gc             ] GC(2172) Pause Young (Allocation Failure) 736M->620M(863M) 51.024ms
[645.346s][info][gc,cpu         ] GC(2172) User=0.10s Sys=0.00s Real=0.05s
[645.412s][info][gc,start       ] GC(2173) Pause Young (Allocation Failure)
[645.462s][info][gc,heap        ] GC(2173) PSYoungGen: 176160K(216576K)->48672K(219136K) Eden: 127488K(127488K)->0K(127488K) From: 48672K(89088K)->48672K(91648K)
[645.462s][info][gc,heap        ] GC(2173) ParOldGen: 586254K(667648K)->586254K(667648K)
[645.462s][info][gc,metaspace   ] GC(2173) Metaspace: 19022K(19200K)->19022K(19200K) NonClass: 17192K(17344K)->17192K(17344K) Class: 1829K(1856K)->1829K(1856K)
[645.462s][info][gc             ] GC(2173) Pause Young (Allocation Failure) 744M->620M(866M) 49.428ms
[645.462s][info][gc,cpu         ] GC(2173) User=0.10s Sys=0.00s Real=0.05s
[645.521s][info][gc,start       ] GC(2174) Pause Young (Allocation Failure)
[645.572s][info][gc,heap        ] GC(2174) PSYoungGen: 176160K(219136K)->48704K(223744K) Eden: 127488K(127488K)->0K(137728K) From: 48672K(91648K)->48704K(86016K)
[645.572s][info][gc,heap        ] GC(2174) ParOldGen: 586254K(667648K)->586254K(667648K)
[645.572s][info][gc,metaspace   ] GC(2174) Metaspace: 19022K(19200K)->19022K(19200K) NonClass: 17192K(17344K)->17192K(17344K) Class: 1829K(1856K)->1829K(1856K)
[645.572s][info][gc             ] GC(2174) Pause Young (Allocation Failure) 744M->620M(870M) 50.508ms
[645.572s][info][gc,cpu         ] GC(2174) User=0.10s Sys=0.00s Real=0.06s
[645.796s][info][gc,start       ] GC(2175) Pause Young (Allocation Failure)
[645.853s][info][gc,heap        ] GC(2175) PSYoungGen: 186432K(223744K)->56888K(224768K) Eden: 137728K(137728K)->0K(137728K) From: 48704K(86016K)->56888K(87040K)
[645.853s][info][gc,heap        ] GC(2175) ParOldGen: 586254K(667648K)->586254K(667648K)
[645.853s][info][gc,metaspace   ] GC(2175) Metaspace: 19022K(19200K)->19022K(19200K) NonClass: 17192K(17344K)->17192K(17344K) Class: 1829K(1856K)->1829K(1856K)
[645.853s][info][gc             ] GC(2175) Pause Young (Allocation Failure) 754M->628M(871M) 56.513ms
[645.853s][info][gc,cpu         ] GC(2175) User=0.11s Sys=0.00s Real=0.06s
[646.340s][info][gc,start       ] GC(2176) Pause Young (Allocation Failure)
[646.397s][info][gc,heap        ] GC(2176) PSYoungGen: 194616K(224768K)->57364K(232960K) Eden: 137728K(137728K)->0K(145920K) From: 56888K(87040K)->57364K(87040K)
[646.397s][info][gc,heap        ] GC(2176) ParOldGen: 586254K(667648K)->586254K(667648K)
[646.397s][info][gc,metaspace   ] GC(2176) Metaspace: 19025K(19200K)->19025K(19200K) NonClass: 17196K(17344K)->17196K(17344K) Class: 1829K(1856K)->1829K(1856K)
[646.397s][info][gc             ] GC(2176) Pause Young (Allocation Failure) 762M->628M(879M) 57.337ms
[646.397s][info][gc,cpu         ] GC(2176) User=0.11s Sys=0.00s Real=0.06s
[648.052s][info][gc,start       ] GC(2177) Pause Young (Allocation Failure)
[648.109s][info][gc,heap        ] GC(2177) PSYoungGen: 203284K(232960K)->57460K(233984K) Eden: 145920K(145920K)->0K(145920K) From: 57364K(87040K)->57460K(88064K)
[648.109s][info][gc,heap        ] GC(2177) ParOldGen: 586254K(667648K)->586254K(667648K)
[648.109s][info][gc,metaspace   ] GC(2177) Metaspace: 19025K(19200K)->19025K(19200K) NonClass: 17196K(17344K)->17196K(17344K) Class: 1829K(1856K)->1829K(1856K)
[648.109s][info][gc             ] GC(2177) Pause Young (Allocation Failure) 771M->628M(880M) 57.140ms
[648.109s][info][gc,cpu         ] GC(2177) User=0.11s Sys=0.00s Real=0.05s
[648.849s][info][gc,start       ] GC(2178) Pause Young (Allocation Failure)
[648.907s][info][gc,heap        ] GC(2178) PSYoungGen: 203380K(233984K)->57981K(238592K) Eden: 145920K(145920K)->0K(151552K) From: 57460K(88064K)->57981K(87040K)
[648.907s][info][gc,heap        ] GC(2178) ParOldGen: 586254K(667648K)->586254K(667648K)
[648.907s][info][gc,metaspace   ] GC(2178) Metaspace: 19025K(19200K)->19025K(19200K) NonClass: 17196K(17344K)->17196K(17344K) Class: 1829K(1856K)->1829K(1856K)
[648.907s][info][gc             ] GC(2178) Pause Young (Allocation Failure) 771M->629M(885M) 58.209ms
[648.907s][info][gc,cpu         ] GC(2178) User=0.11s Sys=0.00s Real=0.06s
[649.593s][info][gc,start       ] GC(2179) Pause Young (Allocation Failure)
[649.654s][info][gc,heap        ] GC(2179) PSYoungGen: 209533K(238592K)->59188K(239616K) Eden: 151552K(151552K)->0K(151552K) From: 57981K(87040K)->59188K(88064K)
[649.654s][info][gc,heap        ] GC(2179) ParOldGen: 586254K(667648K)->586262K(667648K)
[649.654s][info][gc,metaspace   ] GC(2179) Metaspace: 19027K(19200K)->19027K(19200K) NonClass: 17198K(17344K)->17198K(17344K) Class: 1829K(1856K)->1829K(1856K)
[649.654s][info][gc             ] GC(2179) Pause Young (Allocation Failure) 777M->630M(886M) 60.520ms
[649.654s][info][gc,cpu         ] GC(2179) User=0.12s Sys=0.00s Real=0.06s
[650.004s][info][gc,start       ] GC(2180) Pause Young (Allocation Failure)
[650.065s][info][gc,heap        ] GC(2180) PSYoungGen: 210740K(239616K)->59648K(244736K) Eden: 151552K(151552K)->0K(156672K) From: 59188K(88064K)->59648K(88064K)
[650.065s][info][gc,heap        ] GC(2180) ParOldGen: 586262K(667648K)->586262K(667648K)
[650.065s][info][gc,metaspace   ] GC(2180) Metaspace: 19028K(19200K)->19028K(19200K) NonClass: 17198K(17344K)->17198K(17344K) Class: 1829K(1856K)->1829K(1856K)
[650.065s][info][gc             ] GC(2180) Pause Young (Allocation Failure) 778M->630M(891M) 61.287ms
[650.065s][info][gc,cpu         ] GC(2180) User=0.12s Sys=0.00s Real=0.06s
[650.439s][info][gc,start       ] GC(2181) Pause Young (Allocation Failure)
[650.500s][info][gc,heap        ] GC(2181) PSYoungGen: 216320K(244736K)->61124K(244736K) Eden: 156672K(156672K)->0K(156672K) From: 59648K(88064K)->61124K(88064K)
[650.501s][info][gc,heap        ] GC(2181) ParOldGen: 586262K(667648K)->586262K(667648K)
[650.501s][info][gc,metaspace   ] GC(2181) Metaspace: 19031K(19200K)->19031K(19200K) NonClass: 17202K(17344K)->17202K(17344K) Class: 1829K(1856K)->1829K(1856K)
[650.501s][info][gc             ] GC(2181) Pause Young (Allocation Failure) 783M->632M(891M) 61.274ms
[650.501s][info][gc,cpu         ] GC(2181) User=0.12s Sys=0.00s Real=0.06s
[650.627s][info][gc,start       ] GC(2182) Pause Young (Allocation Failure)
[650.758s][info][gc,heap        ] GC(2182) PSYoungGen: 217796K(244736K)->88045K(199680K) Eden: 156672K(156672K)->0K(111616K) From: 61124K(88064K)->88045K(88064K)
[650.758s][info][gc,heap        ] GC(2182) ParOldGen: 586262K(667648K)->622502K(667648K)
[650.758s][info][gc,metaspace   ] GC(2182) Metaspace: 19033K(19200K)->19033K(19200K) NonClass: 17204K(17344K)->17204K(17344K) Class: 1829K(1856K)->1829K(1856K)
[650.758s][info][gc             ] GC(2182) Pause Young (Allocation Failure) 785M->693M(847M) 130.433ms
[650.758s][info][gc,cpu         ] GC(2182) User=0.24s Sys=0.02s Real=0.13s
[650.815s][info][gc,start       ] GC(2183) Pause Young (Allocation Failure)
[650.918s][info][gc,heap        ] GC(2183) PSYoungGen: 199661K(199680K)->98573K(222720K) Eden: 111616K(111616K)->0K(111616K) From: 88045K(88064K)->98573K(111104K)
[650.918s][info][gc,heap        ] GC(2183) ParOldGen: 622502K(667648K)->645334K(667648K)
[650.918s][info][gc,metaspace   ] GC(2183) Metaspace: 19033K(19200K)->19033K(19200K) NonClass: 17204K(17344K)->17204K(17344K) Class: 1829K(1856K)->1829K(1856K)
[650.918s][info][gc             ] GC(2183) Pause Young (Allocation Failure) 802M->726M(869M) 103.369ms
[650.918s][info][gc,cpu         ] GC(2183) User=0.20s Sys=0.00s Real=0.10s
[651.028s][info][gc,start       ] GC(2184) Pause Full (Allocation Failure)
[651.028s][info][gc,phases,start] GC(2184) Marking Phase
[651.136s][info][gc,phases      ] GC(2184) Marking Phase 107.924ms
[651.136s][info][gc,phases,start] GC(2184) Summary Phase
[651.136s][info][gc,phases      ] GC(2184) Summary Phase 0.028ms
[651.136s][info][gc,phases,start] GC(2184) Forward
[651.165s][info][gc,phases      ] GC(2184) Forward 28.792ms
[651.165s][info][gc,phases,start] GC(2184) Adjust Pointers
[651.232s][info][gc,phases      ] GC(2184) Adjust Pointers 67.176ms
[651.232s][info][gc,phases,start] GC(2184) Compaction Phase
[651.276s][info][gc,phases      ] GC(2184) Compaction Phase 43.421ms
[651.276s][info][gc,phases,start] GC(2184) Post Compact
[651.279s][info][gc,phases      ] GC(2184) Post Compact 2.484ms
[651.297s][info][gc,heap        ] GC(2184) PSYoungGen: 210189K(222720K)->0K(222720K) Eden: 111616K(111616K)->0K(111616K) From: 98573K(111104K)->0K(111104K)
[651.297s][info][gc,heap        ] GC(2184) ParOldGen: 645334K(667648K)->182141K(461824K)
[651.297s][info][gc,metaspace   ] GC(2184) Metaspace: 19033K(19200K)->19033K(19200K) NonClass: 17204K(17344K)->17204K(17344K) Class: 1829K(1856K)->1829K(1856K)
[651.297s][info][gc             ] GC(2184) Pause Full (Allocation Failure) 835M->177M(668M) 269.037ms
[651.297s][info][gc,cpu         ] GC(2184) User=0.47s Sys=0.02s Real=0.27s
[651.478s][info][gc,start       ] GC(2185) Pause Young (Allocation Failure)
[651.524s][info][gc,heap        ] GC(2185) PSYoungGen: 111616K(222720K)->42295K(222720K) Eden: 111616K(111616K)->0K(111616K) From: 0K(111104K)->42295K(111104K)
[651.524s][info][gc,heap        ] GC(2185) ParOldGen: 182141K(461824K)->182141K(461824K)
[651.524s][info][gc,metaspace   ] GC(2185) Metaspace: 19033K(19200K)->19033K(19200K) NonClass: 17204K(17344K)->17204K(17344K) Class: 1829K(1856K)->1829K(1856K)
[651.525s][info][gc             ] GC(2185) Pause Young (Allocation Failure) 286M->219M(668M) 46.114ms
[651.525s][info][gc,cpu         ] GC(2185) User=0.09s Sys=0.00s Real=0.05s
[651.645s][info][gc,start       ] GC(2186) Pause Young (Allocation Failure)
[651.711s][info][gc,heap        ] GC(2186) PSYoungGen: 153911K(222720K)->52775K(222720K) Eden: 111616K(111616K)->0K(111616K) From: 42295K(111104K)->52775K(111104K)
[651.711s][info][gc,heap        ] GC(2186) ParOldGen: 182141K(461824K)->182149K(461824K)
[651.711s][info][gc,metaspace   ] GC(2186) Metaspace: 19040K(19200K)->19040K(19200K) NonClass: 17210K(17344K)->17210K(17344K) Class: 1829K(1856K)->1829K(1856K)
[651.711s][info][gc             ] GC(2186) Pause Young (Allocation Failure) 328M->229M(668M) 66.427ms
[651.711s][info][gc,cpu         ] GC(2186) User=0.12s Sys=0.00s Real=0.06s
[651.877s][info][gc,start       ] GC(2187) Pause Young (Allocation Failure)
[651.958s][info][gc,heap        ] GC(2187) PSYoungGen: 164391K(222720K)->69177K(222720K) Eden: 111616K(111616K)->0K(111616K) From: 52775K(111104K)->69177K(111104K)
[651.958s][info][gc,heap        ] GC(2187) ParOldGen: 182149K(461824K)->182149K(461824K)
[651.958s][info][gc,metaspace   ] GC(2187) Metaspace: 19044K(19200K)->19044K(19200K) NonClass: 17214K(17344K)->17214K(17344K) Class: 1829K(1856K)->1829K(1856K)
[651.958s][info][gc             ] GC(2187) Pause Young (Allocation Failure) 338M->245M(668M) 80.301ms
[651.958s][info][gc,cpu         ] GC(2187) User=0.16s Sys=0.00s Real=0.08s
[652.118s][info][gc,start       ] GC(2188) Pause Young (Allocation Failure)
[652.220s][info][gc,heap        ] GC(2188) PSYoungGen: 180793K(222720K)->88889K(222720K) Eden: 111616K(111616K)->0K(111616K) From: 69177K(111104K)->88889K(111104K)
[652.220s][info][gc,heap        ] GC(2188) ParOldGen: 182149K(461824K)->182149K(461824K)
[652.220s][info][gc,metaspace   ] GC(2188) Metaspace: 19044K(19200K)->19044K(19200K) NonClass: 17214K(17344K)->17214K(17344K) Class: 1829K(1856K)->1829K(1856K)
[652.220s][info][gc             ] GC(2188) Pause Young (Allocation Failure) 354M->264M(668M) 101.720ms
[652.220s][info][gc,cpu         ] GC(2188) User=0.20s Sys=0.00s Real=0.10s
[652.324s][info][gc,start       ] GC(2189) Pause Young (Allocation Failure)
[652.425s][info][gc,heap        ] GC(2189) PSYoungGen: 200505K(222720K)->92313K(222720K) Eden: 111616K(111616K)->0K(111616K) From: 88889K(111104K)->92313K(111104K)
[652.425s][info][gc,heap        ] GC(2189) ParOldGen: 182149K(461824K)->182149K(461824K)
[652.425s][info][gc,metaspace   ] GC(2189) Metaspace: 19044K(19200K)->19044K(19200K) NonClass: 17214K(17344K)->17214K(17344K) Class: 1829K(1856K)->1829K(1856K)
[652.425s][info][gc             ] GC(2189) Pause Young (Allocation Failure) 373M->268M(668M) 101.153ms
[652.425s][info][gc,cpu         ] GC(2189) User=0.21s Sys=0.00s Real=0.10s
[652.527s][info][gc,start       ] GC(2190) Pause Young (Allocation Failure)
[652.638s][info][gc,heap        ] GC(2190) PSYoungGen: 203929K(222720K)->100585K(222720K) Eden: 111616K(111616K)->0K(111616K) From: 92313K(111104K)->100585K(111104K)
[652.638s][info][gc,heap        ] GC(2190) ParOldGen: 182149K(461824K)->182149K(461824K)
[652.638s][info][gc,metaspace   ] GC(2190) Metaspace: 19044K(19200K)->19044K(19200K) NonClass: 17214K(17344K)->17214K(17344K) Class: 1829K(1856K)->1829K(1856K)
[652.638s][info][gc             ] GC(2190) Pause Young (Allocation Failure) 377M->276M(668M) 110.323ms
[652.638s][info][gc,cpu         ] GC(2190) User=0.22s Sys=0.00s Real=0.11s
[652.739s][info][gc,start       ] GC(2191) Pause Young (Allocation Failure)
[652.848s][info][gc,heap        ] GC(2191) PSYoungGen: 212201K(222720K)->100867K(222720K) Eden: 111616K(111616K)->0K(111616K) From: 100585K(111104K)->100867K(111104K)
[652.848s][info][gc,heap        ] GC(2191) ParOldGen: 182149K(461824K)->182149K(461824K)
[652.848s][info][gc,metaspace   ] GC(2191) Metaspace: 19044K(19200K)->19044K(19200K) NonClass: 17214K(17344K)->17214K(17344K) Class: 1829K(1856K)->1829K(1856K)
[652.848s][info][gc             ] GC(2191) Pause Young (Allocation Failure) 385M->276M(668M) 109.389ms
[652.848s][info][gc,cpu         ] GC(2191) User=0.21s Sys=0.00s Real=0.11s
[652.942s][info][gc,start       ] GC(2192) Pause Young (Allocation Failure)
[653.063s][info][gc,heap        ] GC(2192) PSYoungGen: 212483K(222720K)->55739K(222720K) Eden: 111616K(111616K)->0K(111616K) From: 100867K(111104K)->55739K(111104K)
[653.063s][info][gc,heap        ] GC(2192) ParOldGen: 182149K(461824K)->235363K(461824K)
[653.063s][info][gc,metaspace   ] GC(2192) Metaspace: 19044K(19200K)->19044K(19200K) NonClass: 17214K(17344K)->17214K(17344K) Class: 1829K(1856K)->1829K(1856K)
[653.063s][info][gc             ] GC(2192) Pause Young (Allocation Failure) 385M->284M(668M) 120.537ms
[653.063s][info][gc,cpu         ] GC(2192) User=0.24s Sys=0.00s Real=0.12s
[653.142s][info][gc,start       ] GC(2193) Pause Young (Allocation Failure)
[653.227s][info][gc,heap        ] GC(2193) PSYoungGen: 167355K(222720K)->47408K(222720K) Eden: 111616K(111616K)->0K(111616K) From: 55739K(111104K)->47408K(111104K)
[653.227s][info][gc,heap        ] GC(2193) ParOldGen: 235363K(461824K)->271578K(461824K)
[653.227s][info][gc,metaspace   ] GC(2193) Metaspace: 19044K(19200K)->19044K(19200K) NonClass: 17214K(17344K)->17214K(17344K) Class: 1829K(1856K)->1829K(1856K)
[653.228s][info][gc             ] GC(2193) Pause Young (Allocation Failure) 393M->311M(668M) 85.557ms
[653.228s][info][gc,cpu         ] GC(2193) User=0.17s Sys=0.01s Real=0.08s
[653.274s][info][gc,start       ] GC(2194) Pause Young (Allocation Failure)
[653.338s][info][gc,heap        ] GC(2194) PSYoungGen: 159024K(222720K)->63056K(222720K) Eden: 111616K(111616K)->0K(111616K) From: 47408K(111104K)->63056K(111104K)
[653.338s][info][gc,heap        ] GC(2194) ParOldGen: 271578K(461824K)->283300K(461824K)
[653.338s][info][gc,metaspace   ] GC(2194) Metaspace: 19044K(19200K)->19044K(19200K) NonClass: 17214K(17344K)->17214K(17344K) Class: 1829K(1856K)->1829K(1856K)
[653.338s][info][gc             ] GC(2194) Pause Young (Allocation Failure) 420M->338M(668M) 63.908ms
[653.338s][info][gc,cpu         ] GC(2194) User=0.13s Sys=0.00s Real=0.06s
[653.459s][info][gc,start       ] GC(2195) Pause Young (Allocation Failure)
[653.523s][info][gc,heap        ] GC(2195) PSYoungGen: 174672K(222720K)->66243K(222720K) Eden: 111616K(111616K)->0K(111616K) From: 63056K(111104K)->66243K(111104K)
[653.523s][info][gc,heap        ] GC(2195) ParOldGen: 283300K(461824K)->291244K(461824K)
[653.523s][info][gc,metaspace   ] GC(2195) Metaspace: 19044K(19200K)->19044K(19200K) NonClass: 17214K(17344K)->17214K(17344K) Class: 1829K(1856K)->1829K(1856K)
[653.523s][info][gc             ] GC(2195) Pause Young (Allocation Failure) 447M->349M(668M) 64.311ms
[653.523s][info][gc,cpu         ] GC(2195) User=0.12s Sys=0.00s Real=0.07s
[653.611s][info][gc,start       ] GC(2196) Pause Young (Allocation Failure)
[653.676s][info][gc,heap        ] GC(2196) PSYoungGen: 177859K(222720K)->17315K(222720K) Eden: 111616K(111616K)->0K(111616K) From: 66243K(111104K)->17315K(111104K)
[653.676s][info][gc,heap        ] GC(2196) ParOldGen: 291244K(461824K)->346715K(461824K)
[653.676s][info][gc,metaspace   ] GC(2196) Metaspace: 19044K(19200K)->19044K(19200K) NonClass: 17214K(17344K)->17214K(17344K) Class: 1829K(1856K)->1829K(1856K)
[653.676s][info][gc             ] GC(2196) Pause Young (Allocation Failure) 458M->355M(668M) 64.575ms
[653.676s][info][gc,cpu         ] GC(2196) User=0.13s Sys=0.00s Real=0.07s
[653.740s][info][gc,start       ] GC(2197) Pause Young (Allocation Failure)
[653.768s][info][gc,heap        ] GC(2197) PSYoungGen: 128931K(222720K)->3200K(222720K) Eden: 111616K(111616K)->0K(111616K) From: 17315K(111104K)->3200K(111104K)
[653.768s][info][gc,heap        ] GC(2197) ParOldGen: 346715K(461824K)->364067K(461824K)
[653.768s][info][gc,metaspace   ] GC(2197) Metaspace: 19044K(19200K)->19044K(19200K) NonClass: 17214K(17344K)->17214K(17344K) Class: 1829K(1856K)->1829K(1856K)
[653.768s][info][gc             ] GC(2197) Pause Young (Allocation Failure) 464M->358M(668M) 27.865ms
[653.768s][info][gc,cpu         ] GC(2197) User=0.06s Sys=0.00s Real=0.03s
[653.824s][info][gc,start       ] GC(2198) Pause Young (Allocation Failure)
[653.832s][info][gc,heap        ] GC(2198) PSYoungGen: 114816K(222720K)->3072K(222720K) Eden: 111616K(111616K)->0K(111616K) From: 3200K(111104K)->3072K(111104K)
[653.832s][info][gc,heap        ] GC(2198) ParOldGen: 364067K(461824K)->367259K(461824K)
[653.833s][info][gc,metaspace   ] GC(2198) Metaspace: 19044K(19200K)->19044K(19200K) NonClass: 17214K(17344K)->17214K(17344K) Class: 1829K(1856K)->1829K(1856K)
[653.833s][info][gc             ] GC(2198) Pause Young (Allocation Failure) 467M->361M(668M) 8.296ms
[653.833s][info][gc,cpu         ] GC(2198) User=0.02s Sys=0.00s Real=0.01s
[653.984s][info][gc,start       ] GC(2199) Pause Young (Allocation Failure)
[653.991s][info][gc,heap        ] GC(2199) PSYoungGen: 114688K(222720K)->1568K(222720K) Eden: 111616K(111616K)->0K(111616K) From: 3072K(111104K)->1568K(111104K)
[653.991s][info][gc,heap        ] GC(2199) ParOldGen: 367259K(461824K)->370323K(461824K)
[653.991s][info][gc,metaspace   ] GC(2199) Metaspace: 19044K(19200K)->19044K(19200K) NonClass: 17214K(17344K)->17214K(17344K) Class: 1829K(1856K)->1829K(1856K)
[653.991s][info][gc             ] GC(2199) Pause Young (Allocation Failure) 470M->363M(668M) 6.741ms
[653.991s][info][gc,cpu         ] GC(2199) User=0.01s Sys=0.00s Real=0.00s
[654.318s][info][gc,start       ] GC(2200) Pause Young (Allocation Failure)
[654.323s][info][gc,heap        ] GC(2200) PSYoungGen: 113184K(222720K)->352K(222720K) Eden: 111616K(111616K)->0K(111616K) From: 1568K(111104K)->352K(111104K)
[654.323s][info][gc,heap        ] GC(2200) ParOldGen: 370323K(461824K)->371891K(461824K)
[654.323s][info][gc,metaspace   ] GC(2200) Metaspace: 19044K(19200K)->19044K(19200K) NonClass: 17214K(17344K)->17214K(17344K) Class: 1829K(1856K)->1829K(1856K)
[654.323s][info][gc             ] GC(2200) Pause Young (Allocation Failure) 472M->363M(668M) 4.436ms
[654.323s][info][gc,cpu         ] GC(2200) User=0.01s Sys=0.00s Real=0.01s
[654.500s][info][gc,start       ] GC(2201) Pause Young (Allocation Failure)
[654.531s][info][gc,heap        ] GC(2201) PSYoungGen: 111968K(222720K)->31392K(222720K) Eden: 111616K(111616K)->0K(111616K) From: 352K(111104K)->31392K(111104K)
[654.531s][info][gc,heap        ] GC(2201) ParOldGen: 371891K(461824K)->372235K(461824K)
[654.531s][info][gc,metaspace   ] GC(2201) Metaspace: 19044K(19200K)->19044K(19200K) NonClass: 17214K(17344K)->17214K(17344K) Class: 1829K(1856K)->1829K(1856K)
[654.531s][info][gc             ] GC(2201) Pause Young (Allocation Failure) 472M->394M(668M) 30.680ms
[654.531s][info][gc,cpu         ] GC(2201) User=0.06s Sys=0.00s Real=0.03s
[654.639s][info][gc,start       ] GC(2202) Pause Young (Allocation Failure)
[654.701s][info][gc,heap        ] GC(2202) PSYoungGen: 143008K(222720K)->38128K(222720K) Eden: 111616K(111616K)->0K(111616K) From: 31392K(111104K)->38128K(111104K)
[654.701s][info][gc,heap        ] GC(2202) ParOldGen: 372235K(461824K)->403658K(461824K)
[654.701s][info][gc,metaspace   ] GC(2202) Metaspace: 19044K(19200K)->19044K(19200K) NonClass: 17214K(17344K)->17214K(17344K) Class: 1829K(1856K)->1829K(1856K)
[654.701s][info][gc             ] GC(2202) Pause Young (Allocation Failure) 503M->431M(668M) 61.693ms
[654.701s][info][gc,cpu         ] GC(2202) User=0.12s Sys=0.00s Real=0.06s
[654.880s][info][gc,start       ] GC(2203) Pause Young (Allocation Failure)
[654.927s][info][gc,heap        ] GC(2203) PSYoungGen: 149744K(222720K)->15520K(222720K) Eden: 111616K(111616K)->0K(111616K) From: 38128K(111104K)->15520K(111104K)
[654.927s][info][gc,heap        ] GC(2203) ParOldGen: 403658K(461824K)->442032K(461824K)
[654.927s][info][gc,metaspace   ] GC(2203) Metaspace: 19044K(19200K)->19044K(19200K) NonClass: 17214K(17344K)->17214K(17344K) Class: 1829K(1856K)->1829K(1856K)
[654.927s][info][gc             ] GC(2203) Pause Young (Allocation Failure) 540M->446M(668M) 47.093ms
[654.927s][info][gc,cpu         ] GC(2203) User=0.09s Sys=0.00s Real=0.05s
[655.000s][info][gc,start       ] GC(2204) Pause Young (Allocation Failure)
[655.026s][info][gc,heap        ] GC(2204) PSYoungGen: 127136K(222720K)->2688K(221696K) Eden: 111616K(111616K)->0K(111616K) From: 15520K(111104K)->2688K(110080K)
[655.026s][info][gc,heap        ] GC(2204) ParOldGen: 442032K(461824K)->457608K(461824K)
[655.026s][info][gc,metaspace   ] GC(2204) Metaspace: 19044K(19200K)->19044K(19200K) NonClass: 17214K(17344K)->17214K(17344K) Class: 1829K(1856K)->1829K(1856K)
[655.026s][info][gc             ] GC(2204) Pause Young (Allocation Failure) 555M->449M(667M) 26.146ms
[655.026s][info][gc,cpu         ] GC(2204) User=0.05s Sys=0.00s Real=0.03s
[655.131s][info][gc,start       ] GC(2205) Pause Young (Allocation Failure)
[655.138s][info][gc,heap        ] GC(2205) PSYoungGen: 114304K(221696K)->3328K(115200K) Eden: 111616K(111616K)->0K(111616K) From: 2688K(110080K)->3328K(3584K)
[655.138s][info][gc,heap        ] GC(2205) ParOldGen: 457608K(461824K)->457608K(461824K)
[655.138s][info][gc,metaspace   ] GC(2205) Metaspace: 19044K(19200K)->19044K(19200K) NonClass: 17214K(17344K)->17214K(17344K) Class: 1829K(1856K)->1829K(1856K)
[655.138s][info][gc             ] GC(2205) Pause Young (Allocation Failure) 558M->450M(563M) 6.581ms
[655.138s][info][gc,cpu         ] GC(2205) User=0.01s Sys=0.00s Real=0.01s
[655.344s][info][gc,start       ] GC(2206) Pause Young (Allocation Failure)
[655.352s][info][gc,heap        ] GC(2206) PSYoungGen: 114944K(115200K)->4704K(221696K) Eden: 111616K(111616K)->0K(116224K) From: 3328K(3584K)->4704K(105472K)
[655.352s][info][gc,heap        ] GC(2206) ParOldGen: 457608K(461824K)->457608K(461824K)
[655.352s][info][gc,metaspace   ] GC(2206) Metaspace: 19044K(19200K)->19044K(19200K) NonClass: 17214K(17344K)->17214K(17344K) Class: 1829K(1856K)->1829K(1856K)
[655.352s][info][gc             ] GC(2206) Pause Young (Allocation Failure) 559M->451M(667M) 7.789ms
[655.352s][info][gc,cpu         ] GC(2206) User=0.01s Sys=0.00s Real=0.01s
[655.627s][info][gc,start       ] GC(2207) Pause Young (Allocation Failure)
[655.635s][info][gc,heap        ] GC(2207) PSYoungGen: 120928K(221696K)->4896K(221696K) Eden: 116224K(116224K)->0K(116224K) From: 4704K(105472K)->4896K(105472K)
[655.635s][info][gc,heap        ] GC(2207) ParOldGen: 457608K(461824K)->457608K(461824K)
[655.635s][info][gc,metaspace   ] GC(2207) Metaspace: 19044K(19200K)->19044K(19200K) NonClass: 17214K(17344K)->17214K(17344K) Class: 1829K(1856K)->1829K(1856K)
[655.636s][info][gc             ] GC(2207) Pause Young (Allocation Failure) 564M->451M(667M) 8.262ms
[655.636s][info][gc,cpu         ] GC(2207) User=0.01s Sys=0.00s Real=0.01s
[655.848s][info][gc,start       ] GC(2208) Pause Young (Allocation Failure)
[655.886s][info][gc,heap        ] GC(2208) PSYoungGen: 121120K(221696K)->38784K(216064K) Eden: 116224K(116224K)->0K(120320K) From: 4896K(105472K)->38784K(95744K)
[655.886s][info][gc,heap        ] GC(2208) ParOldGen: 457608K(461824K)->457608K(461824K)
[655.886s][info][gc,metaspace   ] GC(2208) Metaspace: 19044K(19200K)->19044K(19200K) NonClass: 17214K(17344K)->17214K(17344K) Class: 1829K(1856K)->1829K(1856K)
[655.886s][info][gc             ] GC(2208) Pause Young (Allocation Failure) 565M->484M(662M) 38.110ms
[655.886s][info][gc,cpu         ] GC(2208) User=0.07s Sys=0.00s Real=0.04s
[655.972s][info][gc,start       ] GC(2209) Pause Young (Allocation Failure)
[656.075s][info][gc,heap        ] GC(2209) PSYoungGen: 159104K(216064K)->98787K(219136K) Eden: 120320K(120320K)->0K(120320K) From: 38784K(95744K)->98787K(98816K)
[656.075s][info][gc,heap        ] GC(2209) ParOldGen: 457608K(461824K)->468452K(468480K)
[656.075s][info][gc,metaspace   ] GC(2209) Metaspace: 19044K(19200K)->19044K(19200K) NonClass: 17214K(17344K)->17214K(17344K) Class: 1829K(1856K)->1829K(1856K)
[656.075s][info][gc             ] GC(2209) Pause Young (Allocation Failure) 602M->553M(671M) 103.063ms
[656.075s][info][gc,cpu         ] GC(2209) User=0.20s Sys=0.01s Real=0.10s
[656.177s][info][gc,start       ] GC(2210) Pause Young (Allocation Failure)
[656.365s][info][gc,heap        ] GC(2210) PSYoungGen: 219107K(219136K)->111080K(222720K) Eden: 120320K(120320K)->0K(111616K) From: 98787K(98816K)->111080K(111104K)
[656.365s][info][gc,heap        ] GC(2210) ParOldGen: 468452K(468480K)->524243K(524288K)
[656.365s][info][gc,metaspace   ] GC(2210) Metaspace: 19044K(19200K)->19044K(19200K) NonClass: 17214K(17344K)->17214K(17344K) Class: 1829K(1856K)->1829K(1856K)
[656.365s][info][gc             ] GC(2210) Pause Young (Allocation Failure) 671M->620M(729M) 187.577ms
[656.365s][info][gc,cpu         ] GC(2210) User=0.32s Sys=0.05s Real=0.19s
[656.464s][info][gc,start       ] GC(2211) Pause Young (Allocation Failure)
[656.571s][info][gc,heap        ] GC(2211) PSYoungGen: 222696K(222720K)->111080K(222720K) Eden: 111616K(111616K)->0K(111616K) From: 111080K(111104K)->111080K(111104K)
[656.572s][info][gc,heap        ] GC(2211) ParOldGen: 524243K(524288K)->530805K(530944K)
[656.572s][info][gc,metaspace   ] GC(2211) Metaspace: 19044K(19200K)->19044K(19200K) NonClass: 17214K(17344K)->17214K(17344K) Class: 1829K(1856K)->1829K(1856K)
[656.572s][info][gc             ] GC(2211) Pause Young (Allocation Failure) 729M->626M(736M) 107.364ms
[656.572s][info][gc,cpu         ] GC(2211) User=0.20s Sys=0.01s Real=0.10s
[656.637s][info][gc,start       ] GC(2212) Pause Young (Allocation Failure)
[656.775s][info][gc,heap        ] GC(2212) PSYoungGen: 222696K(222720K)->59033K(222720K) Eden: 111616K(111616K)->0K(111616K) From: 111080K(111104K)->59033K(111104K)
[656.775s][info][gc,heap        ] GC(2212) ParOldGen: 530805K(530944K)->589281K(589312K)
[656.775s][info][gc,metaspace   ] GC(2212) Metaspace: 19044K(19200K)->19044K(19200K) NonClass: 17214K(17344K)->17214K(17344K) Class: 1829K(1856K)->1829K(1856K)
[656.775s][info][gc             ] GC(2212) Pause Young (Allocation Failure) 735M->633M(793M) 137.915ms
[656.775s][info][gc,cpu         ] GC(2212) User=0.24s Sys=0.04s Real=0.14s
[656.854s][info][gc,start       ] GC(2213) Pause Young (Allocation Failure)
[656.940s][info][gc,heap        ] GC(2213) PSYoungGen: 170649K(222720K)->13220K(222720K) Eden: 111616K(111616K)->0K(111616K) From: 59033K(111104K)->13220K(111104K)
[656.940s][info][gc,heap        ] GC(2213) ParOldGen: 589281K(589312K)->642499K(642560K)
[656.940s][info][gc,metaspace   ] GC(2213) Metaspace: 19044K(19200K)->19044K(19200K) NonClass: 17214K(17344K)->17214K(17344K) Class: 1829K(1856K)->1829K(1856K)
[656.940s][info][gc             ] GC(2213) Pause Young (Allocation Failure) 742M->640M(845M) 86.211ms
[656.940s][info][gc,cpu         ] GC(2213) User=0.13s Sys=0.04s Real=0.08s
[657.018s][info][gc,start       ] GC(2214) Pause Full (Allocation Failure)
[657.018s][info][gc,phases,start] GC(2214) Marking Phase
[657.087s][info][gc,phases      ] GC(2214) Marking Phase 68.740ms
[657.087s][info][gc,phases,start] GC(2214) Summary Phase
[657.087s][info][gc,phases      ] GC(2214) Summary Phase 0.030ms
[657.087s][info][gc,phases,start] GC(2214) Forward
[657.107s][info][gc,phases      ] GC(2214) Forward 19.704ms
[657.107s][info][gc,phases,start] GC(2214) Adjust Pointers
[657.159s][info][gc,phases      ] GC(2214) Adjust Pointers 51.595ms
[657.159s][info][gc,phases,start] GC(2214) Compaction Phase
[657.184s][info][gc,phases      ] GC(2214) Compaction Phase 25.436ms
[657.187s][info][gc,phases,start] GC(2214) Post Compact
[657.190s][info][gc,phases      ] GC(2214) Post Compact 2.251ms
[657.207s][info][gc,heap        ] GC(2214) PSYoungGen: 124836K(222720K)->0K(222720K) Eden: 111616K(111616K)->0K(111616K) From: 13220K(111104K)->0K(111104K)
[657.207s][info][gc,heap        ] GC(2214) ParOldGen: 642499K(642560K)->115470K(429568K)
[657.207s][info][gc,metaspace   ] GC(2214) Metaspace: 19044K(19200K)->19044K(19200K) NonClass: 17214K(17344K)->17214K(17344K) Class: 1829K(1856K)->1829K(1856K)
[657.207s][info][gc             ] GC(2214) Pause Full (Allocation Failure) 749M->112M(637M) 188.680ms
[657.207s][info][gc,cpu         ] GC(2214) User=0.30s Sys=0.02s Real=0.19s
[657.301s][info][gc,start       ] GC(2215) Pause Young (Allocation Failure)
[657.328s][info][gc,heap        ] GC(2215) PSYoungGen: 111616K(222720K)->37328K(222720K) Eden: 111616K(111616K)->0K(111616K) From: 0K(111104K)->37328K(111104K)
[657.328s][info][gc,heap        ] GC(2215) ParOldGen: 115470K(429568K)->115470K(429568K)
[657.328s][info][gc,metaspace   ] GC(2215) Metaspace: 19044K(19200K)->19044K(19200K) NonClass: 17214K(17344K)->17214K(17344K) Class: 1829K(1856K)->1829K(1856K)
[657.328s][info][gc             ] GC(2215) Pause Young (Allocation Failure) 221M->149M(637M) 26.575ms
[657.328s][info][gc,cpu         ] GC(2215) User=0.06s Sys=0.00s Real=0.03s
[657.440s][info][gc,start       ] GC(2216) Pause Young (Allocation Failure)
[657.486s][info][gc,heap        ] GC(2216) PSYoungGen: 148944K(222720K)->33600K(222720K) Eden: 111616K(111616K)->0K(111616K) From: 37328K(111104K)->33600K(111104K)
[657.486s][info][gc,heap        ] GC(2216) ParOldGen: 115470K(429568K)->153238K(429568K)
[657.486s][info][gc,metaspace   ] GC(2216) Metaspace: 19044K(19200K)->19044K(19200K) NonClass: 17214K(17344K)->17214K(17344K) Class: 1829K(1856K)->1829K(1856K)
[657.486s][info][gc             ] GC(2216) Pause Young (Allocation Failure) 258M->182M(637M) 46.118ms
[657.486s][info][gc,cpu         ] GC(2216) User=0.09s Sys=0.00s Real=0.05s
[657.604s][info][gc,start       ] GC(2217) Pause Young (Allocation Failure)
[657.632s][info][gc,heap        ] GC(2217) PSYoungGen: 145216K(222720K)->2464K(222720K) Eden: 111616K(111616K)->0K(111616K) From: 33600K(111104K)->2464K(111104K)
[657.632s][info][gc,heap        ] GC(2217) ParOldGen: 153238K(429568K)->187198K(429568K)
[657.632s][info][gc,metaspace   ] GC(2217) Metaspace: 19044K(19200K)->19044K(19200K) NonClass: 17214K(17344K)->17214K(17344K) Class: 1829K(1856K)->1829K(1856K)
[657.632s][info][gc             ] GC(2217) Pause Young (Allocation Failure) 291M->185M(637M) 27.274ms
[657.632s][info][gc,cpu         ] GC(2217) User=0.06s Sys=0.00s Real=0.03s
[657.791s][info][gc,start       ] GC(2218) Pause Young (Allocation Failure)
[657.832s][info][gc,heap        ] GC(2218) PSYoungGen: 114080K(222720K)->24609K(222720K) Eden: 111616K(111616K)->0K(111616K) From: 2464K(111104K)->24609K(111104K)
[657.832s][info][gc,heap        ] GC(2218) ParOldGen: 187198K(429568K)->189646K(429568K)
[657.832s][info][gc,metaspace   ] GC(2218) Metaspace: 19044K(19200K)->19044K(19200K) NonClass: 17214K(17344K)->17214K(17344K) Class: 1829K(1856K)->1829K(1856K)
[657.832s][info][gc             ] GC(2218) Pause Young (Allocation Failure) 294M->209M(637M) 41.245ms
[657.832s][info][gc,cpu         ] GC(2218) User=0.08s Sys=0.00s Real=0.05s
[657.913s][info][gc,start       ] GC(2219) Pause Young (Allocation Failure)
[657.995s][info][gc,heap        ] GC(2219) PSYoungGen: 136225K(222720K)->55936K(222720K) Eden: 111616K(111616K)->0K(111616K) From: 24609K(111104K)->55936K(111104K)
[657.995s][info][gc,heap        ] GC(2219) ParOldGen: 189646K(429568K)->214291K(429568K)
[657.995s][info][gc,metaspace   ] GC(2219) Metaspace: 19044K(19200K)->19044K(19200K) NonClass: 17214K(17344K)->17214K(17344K) Class: 1829K(1856K)->1829K(1856K)
[657.995s][info][gc             ] GC(2219) Pause Young (Allocation Failure) 318M->263M(637M) 82.357ms
[657.995s][info][gc,cpu         ] GC(2219) User=0.17s Sys=0.00s Real=0.08s
[658.045s][info][gc,start       ] GC(2220) Pause Young (Allocation Failure)
[658.128s][info][gc,heap        ] GC(2220) PSYoungGen: 167552K(222720K)->39456K(222720K) Eden: 111616K(111616K)->0K(111616K) From: 55936K(111104K)->39456K(111104K)
[658.128s][info][gc,heap        ] GC(2220) ParOldGen: 214291K(429568K)->270411K(429568K)
[658.128s][info][gc,metaspace   ] GC(2220) Metaspace: 19044K(19200K)->19044K(19200K) NonClass: 17214K(17344K)->17214K(17344K) Class: 1829K(1856K)->1829K(1856K)
[658.128s][info][gc             ] GC(2220) Pause Young (Allocation Failure) 372M->302M(637M) 82.926ms
[658.128s][info][gc,cpu         ] GC(2220) User=0.16s Sys=0.00s Real=0.08s
[658.172s][info][gc,start       ] GC(2221) Pause Young (Allocation Failure)
[658.227s][info][gc,heap        ] GC(2221) PSYoungGen: 151072K(222720K)->39200K(222720K) Eden: 111616K(111616K)->0K(111616K) From: 39456K(111104K)->39200K(111104K)
[658.227s][info][gc,heap        ] GC(2221) ParOldGen: 270411K(429568K)->310347K(429568K)
[658.227s][info][gc,metaspace   ] GC(2221) Metaspace: 19044K(19200K)->19044K(19200K) NonClass: 17214K(17344K)->17214K(17344K) Class: 1829K(1856K)->1829K(1856K)
[658.227s][info][gc             ] GC(2221) Pause Young (Allocation Failure) 411M->341M(637M) 55.532ms
[658.227s][info][gc,cpu         ] GC(2221) User=0.11s Sys=0.00s Real=0.06s
[658.355s][info][gc,start       ] GC(2222) Pause Young (Allocation Failure)
[658.402s][info][gc,heap        ] GC(2222) PSYoungGen: 150816K(222720K)->19488K(222720K) Eden: 111616K(111616K)->0K(111616K) From: 39200K(111104K)->19488K(111104K)
[658.402s][info][gc,heap        ] GC(2222) ParOldGen: 310347K(429568K)->349963K(429568K)
[658.402s][info][gc,metaspace   ] GC(2222) Metaspace: 19044K(19200K)->19044K(19200K) NonClass: 17214K(17344K)->17214K(17344K) Class: 1829K(1856K)->1829K(1856K)
[658.403s][info][gc             ] GC(2222) Pause Young (Allocation Failure) 450M->360M(637M) 47.499ms
[658.403s][info][gc,cpu         ] GC(2222) User=0.09s Sys=0.00s Real=0.05s
[658.447s][info][gc,start       ] GC(2223) Pause Young (Allocation Failure)
[658.471s][info][gc,heap        ] GC(2223) PSYoungGen: 131104K(222720K)->1792K(222720K) Eden: 111616K(111616K)->0K(111616K) From: 19488K(111104K)->1792K(111104K)
[658.471s][info][gc,heap        ] GC(2223) ParOldGen: 349963K(429568K)->369547K(429568K)
[658.471s][info][gc,metaspace   ] GC(2223) Metaspace: 19044K(19200K)->19044K(19200K) NonClass: 17214K(17344K)->17214K(17344K) Class: 1829K(1856K)->1829K(1856K)
[658.471s][info][gc             ] GC(2223) Pause Young (Allocation Failure) 469M->362M(637M) 23.956ms
[658.471s][info][gc,cpu         ] GC(2223) User=0.05s Sys=0.00s Real=0.02s
[658.541s][info][gc,start       ] GC(2224) Pause Young (Allocation Failure)
[658.554s][info][gc,heap        ] GC(2224) PSYoungGen: 113408K(222720K)->1952K(222720K) Eden: 111616K(111616K)->0K(111616K) From: 1792K(111104K)->1952K(111104K)
[658.554s][info][gc,heap        ] GC(2224) ParOldGen: 369547K(429568K)->371331K(429568K)
[658.554s][info][gc,metaspace   ] GC(2224) Metaspace: 19044K(19200K)->19044K(19200K) NonClass: 17214K(17344K)->17214K(17344K) Class: 1829K(1856K)->1829K(1856K)
[658.554s][info][gc             ] GC(2224) Pause Young (Allocation Failure) 471M->364M(637M) 13.343ms
[658.554s][info][gc,cpu         ] GC(2224) User=0.02s Sys=0.00s Real=0.02s
[658.653s][info][gc,start       ] GC(2225) Pause Young (Allocation Failure)
[658.689s][info][gc,heap        ] GC(2225) PSYoungGen: 113568K(222720K)->20289K(132096K) Eden: 111616K(111616K)->0K(111616K) From: 1952K(111104K)->20289K(20480K)
[658.689s][info][gc,heap        ] GC(2225) ParOldGen: 371331K(429568K)->371331K(429568K)
[658.689s][info][gc,metaspace   ] GC(2225) Metaspace: 19044K(19200K)->19044K(19200K) NonClass: 17214K(17344K)->17214K(17344K) Class: 1829K(1856K)->1829K(1856K)
[658.689s][info][gc             ] GC(2225) Pause Young (Allocation Failure) 473M->382M(548M) 36.688ms
[658.689s][info][gc,cpu         ] GC(2225) User=0.07s Sys=0.00s Real=0.03s
[658.774s][info][gc,start       ] GC(2226) Pause Young (Allocation Failure)
[658.818s][info][gc,heap        ] GC(2226) PSYoungGen: 131905K(132096K)->31745K(219648K) Eden: 111616K(111616K)->0K(118784K) From: 20289K(20480K)->31745K(100864K)
[658.818s][info][gc,heap        ] GC(2226) ParOldGen: 371331K(429568K)->371331K(429568K)
[658.818s][info][gc,metaspace   ] GC(2226) Metaspace: 19044K(19200K)->19044K(19200K) NonClass: 17214K(17344K)->17214K(17344K) Class: 1829K(1856K)->1829K(1856K)
[658.818s][info][gc             ] GC(2226) Pause Young (Allocation Failure) 491M->393M(634M) 44.439ms
[658.818s][info][gc,cpu         ] GC(2226) User=0.08s Sys=0.00s Real=0.04s
[658.918s][info][gc,start       ] GC(2227) Pause Young (Allocation Failure)
[658.974s][info][gc,heap        ] GC(2227) PSYoungGen: 150529K(219648K)->45985K(217088K) Eden: 118784K(118784K)->0K(118784K) From: 31745K(100864K)->45985K(98304K)
[658.974s][info][gc,heap        ] GC(2227) ParOldGen: 371331K(429568K)->371331K(429568K)
[658.974s][info][gc,metaspace   ] GC(2227) Metaspace: 19044K(19200K)->19044K(19200K) NonClass: 17214K(17344K)->17214K(17344K) Class: 1829K(1856K)->1829K(1856K)
[658.974s][info][gc             ] GC(2227) Pause Young (Allocation Failure) 509M->407M(631M) 55.682ms
[658.974s][info][gc,cpu         ] GC(2227) User=0.11s Sys=0.00s Real=0.06s
[659.074s][info][gc,start       ] GC(2228) Pause Young (Allocation Failure)
[659.151s][info][gc,heap        ] GC(2228) PSYoungGen: 164769K(217088K)->68609K(219136K) Eden: 118784K(118784K)->0K(122368K) From: 45985K(98304K)->68609K(96768K)
[659.151s][info][gc,heap        ] GC(2228) ParOldGen: 371331K(429568K)->371331K(429568K)
[659.151s][info][gc,metaspace   ] GC(2228) Metaspace: 19044K(19200K)->19044K(19200K) NonClass: 17214K(17344K)->17214K(17344K) Class: 1829K(1856K)->1829K(1856K)
[659.151s][info][gc             ] GC(2228) Pause Young (Allocation Failure) 523M->429M(633M) 76.955ms
[659.151s][info][gc,cpu         ] GC(2228) User=0.15s Sys=0.00s Real=0.07s
[659.209s][info][gc,start       ] GC(2229) Pause Young (Allocation Failure)
[659.300s][info][gc,heap        ] GC(2229) PSYoungGen: 190977K(219136K)->81441K(204288K) Eden: 122368K(122368K)->0K(122368K) From: 68609K(96768K)->81441K(81920K)
[659.300s][info][gc,heap        ] GC(2229) ParOldGen: 371331K(429568K)->371331K(429568K)
[659.300s][info][gc,metaspace   ] GC(2229) Metaspace: 19044K(19200K)->19044K(19200K) NonClass: 17214K(17344K)->17214K(17344K) Class: 1829K(1856K)->1829K(1856K)
[659.300s][info][gc             ] GC(2229) Pause Young (Allocation Failure) 549M->442M(619M) 90.603ms
[659.300s][info][gc,cpu         ] GC(2229) User=0.18s Sys=0.01s Real=0.09s
[659.425s][info][gc,start       ] GC(2230) Pause Young (Allocation Failure)
[659.516s][info][gc,heap        ] GC(2230) PSYoungGen: 203809K(204288K)->61984K(222720K) Eden: 122368K(122368K)->0K(111616K) From: 81441K(81920K)->61984K(111104K)
[659.516s][info][gc,heap        ] GC(2230) ParOldGen: 371331K(429568K)->391648K(429568K)
[659.516s][info][gc,metaspace   ] GC(2230) Metaspace: 19044K(19200K)->19044K(19200K) NonClass: 17214K(17344K)->17214K(17344K) Class: 1829K(1856K)->1829K(1856K)
[659.516s][info][gc             ] GC(2230) Pause Young (Allocation Failure) 561M->443M(637M) 90.402ms
[659.516s][info][gc,cpu         ] GC(2230) User=0.18s Sys=0.00s Real=0.09s
[659.651s][info][gc,start       ] GC(2231) Pause Young (Allocation Failure)
[659.714s][info][gc,heap        ] GC(2231) PSYoungGen: 173600K(222720K)->39712K(151552K) Eden: 111616K(111616K)->0K(111616K) From: 61984K(111104K)->39712K(39936K)
[659.714s][info][gc,heap        ] GC(2231) ParOldGen: 391648K(429568K)->417400K(429568K)
[659.714s][info][gc,metaspace   ] GC(2231) Metaspace: 19044K(19200K)->19044K(19200K) NonClass: 17214K(17344K)->17214K(17344K) Class: 1829K(1856K)->1829K(1856K)
[659.714s][info][gc             ] GC(2231) Pause Young (Allocation Failure) 552M->446M(567M) 62.972ms
[659.714s][info][gc,cpu         ] GC(2231) User=0.13s Sys=0.00s Real=0.07s
[659.886s][info][gc,start       ] GC(2232) Pause Young (Allocation Failure)
[659.933s][info][gc,heap        ] GC(2232) PSYoungGen: 151328K(151552K)->47840K(223744K) Eden: 111616K(111616K)->0K(116224K) From: 39712K(39936K)->47840K(107520K)
[659.933s][info][gc,heap        ] GC(2232) ParOldGen: 417400K(429568K)->417400K(429568K)
[659.933s][info][gc,metaspace   ] GC(2232) Metaspace: 19044K(19200K)->19044K(19200K) NonClass: 17214K(17344K)->17214K(17344K) Class: 1829K(1856K)->1829K(1856K)
[659.933s][info][gc             ] GC(2232) Pause Young (Allocation Failure) 555M->454M(638M) 46.746ms
[659.933s][info][gc,cpu         ] GC(2232) User=0.09s Sys=0.00s Real=0.05s
[660.100s][info][gc,start       ] GC(2233) Pause Young (Allocation Failure)
[660.162s][info][gc,heap        ] GC(2233) PSYoungGen: 164064K(223744K)->62624K(219136K) Eden: 116224K(116224K)->0K(116224K) From: 47840K(107520K)->62624K(102912K)
[660.162s][info][gc,heap        ] GC(2233) ParOldGen: 417400K(429568K)->417400K(429568K)
[660.162s][info][gc,metaspace   ] GC(2233) Metaspace: 19044K(19200K)->19044K(19200K) NonClass: 17214K(17344K)->17214K(17344K) Class: 1829K(1856K)->1829K(1856K)
[660.162s][info][gc             ] GC(2233) Pause Young (Allocation Failure) 567M->468M(633M) 62.094ms
[660.162s][info][gc,cpu         ] GC(2233) User=0.12s Sys=0.00s Real=0.07s
[660.507s][info][gc,start       ] GC(2234) Pause Young (Allocation Failure)
[660.566s][info][gc,heap        ] GC(2234) PSYoungGen: 178848K(219136K)->62720K(226304K) Eden: 116224K(116224K)->0K(122368K) From: 62624K(102912K)->62720K(103936K)
[660.566s][info][gc,heap        ] GC(2234) ParOldGen: 417400K(429568K)->417400K(429568K)
[660.566s][info][gc,metaspace   ] GC(2234) Metaspace: 19044K(19200K)->19044K(19200K) NonClass: 17214K(17344K)->17214K(17344K) Class: 1829K(1856K)->1829K(1856K)
[660.566s][info][gc             ] GC(2234) Pause Young (Allocation Failure) 582M->468M(640M) 59.157ms
[660.566s][info][gc,cpu         ] GC(2234) User=0.12s Sys=0.00s Real=0.06s
[660.862s][info][gc,start       ] GC(2235) Pause Young (Allocation Failure)
[660.923s][info][gc,heap        ] GC(2235) PSYoungGen: 185088K(226304K)->62752K(227328K) Eden: 122368K(122368K)->0K(122368K) From: 62720K(103936K)->62752K(104960K)
[660.923s][info][gc,heap        ] GC(2235) ParOldGen: 417400K(429568K)->417400K(429568K)
[660.923s][info][gc,metaspace   ] GC(2235) Metaspace: 19044K(19200K)->19044K(19200K) NonClass: 17214K(17344K)->17214K(17344K) Class: 1829K(1856K)->1829K(1856K)
[660.923s][info][gc             ] GC(2235) Pause Young (Allocation Failure) 588M->468M(641M) 60.832ms
[660.923s][info][gc,cpu         ] GC(2235) User=0.12s Sys=0.00s Real=0.06s
[661.184s][info][gc,start       ] GC(2236) Pause Young (Allocation Failure)
[661.247s][info][gc,heap        ] GC(2236) PSYoungGen: 185120K(227328K)->62752K(227840K) Eden: 122368K(122368K)->0K(123904K) From: 62752K(104960K)->62752K(103936K)
[661.247s][info][gc,heap        ] GC(2236) ParOldGen: 417400K(429568K)->417400K(429568K)
[661.247s][info][gc,metaspace   ] GC(2236) Metaspace: 19044K(19200K)->19044K(19200K) NonClass: 17214K(17344K)->17214K(17344K) Class: 1829K(1856K)->1829K(1856K)
[661.247s][info][gc             ] GC(2236) Pause Young (Allocation Failure) 588M->468M(642M) 63.137ms
[661.247s][info][gc,cpu         ] GC(2236) User=0.13s Sys=0.00s Real=0.06s
[661.560s][info][gc,start       ] GC(2237) Pause Young (Allocation Failure)
[661.629s][info][gc,heap        ] GC(2237) PSYoungGen: 186656K(227840K)->62816K(228352K) Eden: 123904K(123904K)->0K(123904K) From: 62752K(103936K)->62816K(104448K)
[661.629s][info][gc,heap        ] GC(2237) ParOldGen: 417400K(429568K)->417400K(429568K)
[661.629s][info][gc,metaspace   ] GC(2237) Metaspace: 19044K(19200K)->19044K(19200K) NonClass: 17214K(17344K)->17214K(17344K) Class: 1829K(1856K)->1829K(1856K)
[661.629s][info][gc             ] GC(2237) Pause Young (Allocation Failure) 589M->468M(642M) 69.139ms
[661.629s][info][gc,cpu         ] GC(2237) User=0.14s Sys=0.00s Real=0.07s
[661.821s][info][gc,start       ] GC(2238) Pause Young (Allocation Failure)
[661.890s][info][gc,heap        ] GC(2238) PSYoungGen: 186720K(228352K)->74630K(223744K) Eden: 123904K(123904K)->0K(119808K) From: 62816K(104448K)->74630K(103936K)
[661.890s][info][gc,heap        ] GC(2238) ParOldGen: 417400K(429568K)->417400K(429568K)
[661.890s][info][gc,metaspace   ] GC(2238) Metaspace: 19044K(19200K)->19044K(19200K) NonClass: 17214K(17344K)->17214K(17344K) Class: 1829K(1856K)->1829K(1856K)
[661.890s][info][gc             ] GC(2238) Pause Young (Allocation Failure) 589M->480M(638M) 69.299ms
[661.890s][info][gc,cpu         ] GC(2238) User=0.13s Sys=0.00s Real=0.07s
[661.955s][info][gc,start       ] GC(2239) Pause Young (Allocation Failure)
[662.066s][info][gc,heap        ] GC(2239) PSYoungGen: 194438K(223744K)->106998K(226816K) Eden: 119808K(119808K)->0K(119808K) From: 74630K(103936K)->106998K(107008K)
[662.066s][info][gc,heap        ] GC(2239) ParOldGen: 417400K(429568K)->430984K(431104K)
[662.066s][info][gc,metaspace   ] GC(2239) Metaspace: 19044K(19200K)->19044K(19200K) NonClass: 17214K(17344K)->17214K(17344K) Class: 1829K(1856K)->1829K(1856K)
[662.066s][info][gc             ] GC(2239) Pause Young (Allocation Failure) 597M->525M(642M) 110.883ms
[662.066s][info][gc,cpu         ] GC(2239) User=0.22s Sys=0.00s Real=0.11s
[662.248s][info][gc,start       ] GC(2240) Pause Young (Allocation Failure)
[662.385s][info][gc,heap        ] GC(2240) PSYoungGen: 226806K(226816K)->93478K(218624K) Eden: 119808K(119808K)->0K(111616K) From: 106998K(107008K)->93478K(107008K)
[662.385s][info][gc,heap        ] GC(2240) ParOldGen: 430984K(431104K)->466558K(466944K)
[662.385s][info][gc,metaspace   ] GC(2240) Metaspace: 19044K(19200K)->19044K(19200K) NonClass: 17214K(17344K)->17214K(17344K) Class: 1829K(1856K)->1829K(1856K)
[662.385s][info][gc             ] GC(2240) Pause Young (Allocation Failure) 642M->546M(669M) 137.179ms
[662.385s][info][gc,cpu         ] GC(2240) User=0.24s Sys=0.03s Real=0.14s
[662.475s][info][gc,start       ] GC(2241) Pause Young (Allocation Failure)
[662.555s][info][gc,heap        ] GC(2241) PSYoungGen: 205094K(218624K)->94182K(222720K) Eden: 111616K(111616K)->0K(111616K) From: 93478K(107008K)->94182K(111104K)
[662.555s][info][gc,heap        ] GC(2241) ParOldGen: 466558K(466944K)->470782K(471040K)
[662.555s][info][gc,metaspace   ] GC(2241) Metaspace: 19044K(19200K)->19044K(19200K) NonClass: 17214K(17344K)->17214K(17344K) Class: 1829K(1856K)->1829K(1856K)
[662.555s][info][gc             ] GC(2241) Pause Young (Allocation Failure) 655M->551M(677M) 80.568ms
[662.555s][info][gc,cpu         ] GC(2241) User=0.16s Sys=0.00s Real=0.08s
[662.699s][info][gc,start       ] GC(2242) Pause Young (Allocation Failure)
[662.835s][info][gc,heap        ] GC(2242) PSYoungGen: 205798K(222720K)->98787K(222720K) Eden: 111616K(111616K)->0K(111616K) From: 94182K(111104K)->98787K(111104K)
[662.835s][info][gc,heap        ] GC(2242) ParOldGen: 470782K(471040K)->493772K(494080K)
[662.835s][info][gc,metaspace   ] GC(2242) Metaspace: 19044K(19200K)->19044K(19200K) NonClass: 17214K(17344K)->17214K(17344K) Class: 1829K(1856K)->1829K(1856K)
[662.835s][info][gc             ] GC(2242) Pause Young (Allocation Failure) 660M->578M(700M) 136.605ms
[662.835s][info][gc,cpu         ] GC(2242) User=0.25s Sys=0.02s Real=0.14s
[662.952s][info][gc,start       ] GC(2243) Pause Young (Allocation Failure)
[663.052s][info][gc,heap        ] GC(2243) PSYoungGen: 210403K(222720K)->110931K(222720K) Eden: 111616K(111616K)->0K(111616K) From: 98787K(111104K)->110931K(111104K)
[663.052s][info][gc,heap        ] GC(2243) ParOldGen: 493772K(494080K)->493924K(494080K)
[663.052s][info][gc,metaspace   ] GC(2243) Metaspace: 19044K(19200K)->19044K(19200K) NonClass: 17214K(17344K)->17214K(17344K) Class: 1829K(1856K)->1829K(1856K)
[663.052s][info][gc             ] GC(2243) Pause Young (Allocation Failure) 687M->590M(700M) 99.875ms
[663.052s][info][gc,cpu         ] GC(2243) User=0.20s Sys=0.00s Real=0.10s
[663.113s][info][gc,start       ] GC(2244) Pause Young (Allocation Failure)
[663.278s][info][gc,heap        ] GC(2244) PSYoungGen: 222547K(222720K)->111072K(222720K) Eden: 111616K(111616K)->0K(111616K) From: 110931K(111104K)->111072K(111104K)
[663.278s][info][gc,heap        ] GC(2244) ParOldGen: 493924K(494080K)->535207K(535552K)
[663.278s][info][gc,metaspace   ] GC(2244) Metaspace: 19044K(19200K)->19044K(19200K) NonClass: 17214K(17344K)->17214K(17344K) Class: 1829K(1856K)->1829K(1856K)
[663.278s][info][gc             ] GC(2244) Pause Young (Allocation Failure) 699M->631M(740M) 165.622ms
[663.278s][info][gc,cpu         ] GC(2244) User=0.28s Sys=0.04s Real=0.16s
[663.357s][info][gc,start       ] GC(2245) Pause Young (Allocation Failure)
[663.504s][info][gc,heap        ] GC(2245) PSYoungGen: 222688K(222720K)->80400K(222720K) Eden: 111616K(111616K)->0K(111616K) From: 111072K(111104K)->80400K(111104K)
[663.504s][info][gc,heap        ] GC(2245) ParOldGen: 535207K(535552K)->577226K(577536K)
[663.504s][info][gc,metaspace   ] GC(2245) Metaspace: 19044K(19200K)->19044K(19200K) NonClass: 17214K(17344K)->17214K(17344K) Class: 1829K(1856K)->1829K(1856K)
[663.504s][info][gc             ] GC(2245) Pause Young (Allocation Failure) 740M->642M(781M) 146.880ms
[663.504s][info][gc,cpu         ] GC(2245) User=0.26s Sys=0.03s Real=0.15s
[663.573s][info][gc,start       ] GC(2246) Pause Young (Allocation Failure)
[663.685s][info][gc,heap        ] GC(2246) PSYoungGen: 192016K(222720K)->64352K(222720K) Eden: 111616K(111616K)->0K(111616K) From: 80400K(111104K)->64352K(111104K)
[663.685s][info][gc,heap        ] GC(2246) ParOldGen: 577226K(577536K)->602774K(603136K)
[663.685s][info][gc,metaspace   ] GC(2246) Metaspace: 19044K(19200K)->19044K(19200K) NonClass: 17214K(17344K)->17214K(17344K) Class: 1829K(1856K)->1829K(1856K)
[663.685s][info][gc             ] GC(2246) Pause Young (Allocation Failure) 751M->651M(806M) 111.956ms
[663.685s][info][gc,cpu         ] GC(2246) User=0.19s Sys=0.03s Real=0.11s
[663.736s][info][gc,start       ] GC(2247) Pause Young (Allocation Failure)
[663.835s][info][gc,heap        ] GC(2247) PSYoungGen: 175968K(222720K)->39552K(222720K) Eden: 111616K(111616K)->0K(111616K) From: 64352K(111104K)->39552K(111104K)
[663.835s][info][gc,heap        ] GC(2247) ParOldGen: 602774K(603136K)->632008K(632320K)
[663.835s][info][gc,metaspace   ] GC(2247) Metaspace: 19044K(19200K)->19044K(19200K) NonClass: 17214K(17344K)->17214K(17344K) Class: 1829K(1856K)->1829K(1856K)
[663.835s][info][gc             ] GC(2247) Pause Young (Allocation Failure) 760M->655M(835M) 98.300ms
[663.835s][info][gc,cpu         ] GC(2247) User=0.17s Sys=0.01s Real=0.10s
[663.908s][info][gc,start       ] GC(2248) Pause Full (Allocation Failure)
[663.908s][info][gc,phases,start] GC(2248) Marking Phase
[664.165s][info][gc,phases      ] GC(2248) Marking Phase 257.471ms
[664.166s][info][gc,phases,start] GC(2248) Summary Phase
[664.166s][info][gc,phases      ] GC(2248) Summary Phase 0.033ms
[664.166s][info][gc,phases,start] GC(2248) Forward
[664.239s][info][gc,phases      ] GC(2248) Forward 73.357ms
[664.239s][info][gc,phases,start] GC(2248) Adjust Pointers
[664.440s][info][gc,phases      ] GC(2248) Adjust Pointers 201.138ms
[664.440s][info][gc,phases,start] GC(2248) Compaction Phase
[664.565s][info][gc,phases      ] GC(2248) Compaction Phase 124.850ms
[664.573s][info][gc,phases,start] GC(2248) Post Compact
[664.575s][info][gc,phases      ] GC(2248) Post Compact 2.337ms
[664.576s][info][gc,heap        ] GC(2248) PSYoungGen: 151168K(222720K)->0K(222720K) Eden: 111616K(111616K)->0K(111616K) From: 39552K(111104K)->0K(111104K)
[664.576s][info][gc,heap        ] GC(2248) ParOldGen: 632008K(632320K)->384595K(667648K)
[664.576s][info][gc,metaspace   ] GC(2248) Metaspace: 19044K(19200K)->19044K(19200K) NonClass: 17214K(17344K)->17214K(17344K) Class: 1829K(1856K)->1829K(1856K)
[664.576s][info][gc             ] GC(2248) Pause Full (Allocation Failure) 764M->375M(869M) 667.756ms
[664.576s][info][gc,cpu         ] GC(2248) User=1.27s Sys=0.00s Real=0.67s
[664.656s][info][gc,start       ] GC(2249) Pause Young (Allocation Failure)
[664.673s][info][gc,heap        ] GC(2249) PSYoungGen: 111616K(222720K)->11680K(222720K) Eden: 111616K(111616K)->0K(111616K) From: 0K(111104K)->11680K(111104K)
[664.673s][info][gc,heap        ] GC(2249) ParOldGen: 384595K(667648K)->384595K(667648K)
[664.673s][info][gc,metaspace   ] GC(2249) Metaspace: 19044K(19200K)->19044K(19200K) NonClass: 17214K(17344K)->17214K(17344K) Class: 1829K(1856K)->1829K(1856K)
[664.673s][info][gc             ] GC(2249) Pause Young (Allocation Failure) 484M->386M(869M) 17.085ms
[664.673s][info][gc,cpu         ] GC(2249) User=0.03s Sys=0.01s Real=0.02s
[664.739s][info][gc,start       ] GC(2250) Pause Young (Allocation Failure)
[664.761s][info][gc,heap        ] GC(2250) PSYoungGen: 123296K(222720K)->17152K(222720K) Eden: 111616K(111616K)->0K(111616K) From: 11680K(111104K)->17152K(111104K)
[664.761s][info][gc,heap        ] GC(2250) ParOldGen: 384595K(667648K)->384595K(667648K)
[664.761s][info][gc,metaspace   ] GC(2250) Metaspace: 19044K(19200K)->19044K(19200K) NonClass: 17214K(17344K)->17214K(17344K) Class: 1829K(1856K)->1829K(1856K)
[664.761s][info][gc             ] GC(2250) Pause Young (Allocation Failure) 495M->392M(869M) 21.824ms
[664.761s][info][gc,cpu         ] GC(2250) User=0.05s Sys=0.00s Real=0.02s
[664.831s][info][gc,start       ] GC(2251) Pause Young (Allocation Failure)
[664.855s][info][gc,heap        ] GC(2251) PSYoungGen: 128768K(222720K)->2944K(222720K) Eden: 111616K(111616K)->0K(111616K) From: 17152K(111104K)->2944K(111104K)
[664.855s][info][gc,heap        ] GC(2251) ParOldGen: 384595K(667648K)->401763K(667648K)
[664.855s][info][gc,metaspace   ] GC(2251) Metaspace: 19044K(19200K)->19044K(19200K) NonClass: 17214K(17344K)->17214K(17344K) Class: 1829K(1856K)->1829K(1856K)
[664.855s][info][gc             ] GC(2251) Pause Young (Allocation Failure) 501M->395M(869M) 23.771ms
[664.855s][info][gc,cpu         ] GC(2251) User=0.04s Sys=0.00s Real=0.03s
[664.945s][info][gc,start       ] GC(2252) Pause Young (Allocation Failure)
[664.954s][info][gc,heap        ] GC(2252) PSYoungGen: 114560K(222720K)->2784K(222720K) Eden: 111616K(111616K)->0K(111616K) From: 2944K(111104K)->2784K(111104K)
[664.954s][info][gc,heap        ] GC(2252) ParOldGen: 401763K(667648K)->404699K(667648K)
[664.954s][info][gc,metaspace   ] GC(2252) Metaspace: 19044K(19200K)->19044K(19200K) NonClass: 17214K(17344K)->17214K(17344K) Class: 1829K(1856K)->1829K(1856K)
[664.954s][info][gc             ] GC(2252) Pause Young (Allocation Failure) 504M->397M(869M) 8.910ms
[664.954s][info][gc,cpu         ] GC(2252) User=0.02s Sys=0.00s Real=0.01s
[665.081s][info][gc,start       ] GC(2253) Pause Young (Allocation Failure)
[665.103s][info][gc,heap        ] GC(2253) PSYoungGen: 114400K(222720K)->17376K(222720K) Eden: 111616K(111616K)->0K(111616K) From: 2784K(111104K)->17376K(111104K)
[665.103s][info][gc,heap        ] GC(2253) ParOldGen: 404699K(667648K)->407475K(667648K)
[665.103s][info][gc,metaspace   ] GC(2253) Metaspace: 19044K(19200K)->19044K(19200K) NonClass: 17214K(17344K)->17214K(17344K) Class: 1829K(1856K)->1829K(1856K)
[665.103s][info][gc             ] GC(2253) Pause Young (Allocation Failure) 506M->414M(869M) 21.772ms
[665.103s][info][gc,cpu         ] GC(2253) User=0.04s Sys=0.00s Real=0.03s
[665.265s][info][gc,start       ] GC(2254) Pause Young (Allocation Failure)
[665.298s][info][gc,heap        ] GC(2254) PSYoungGen: 128992K(222720K)->13664K(222720K) Eden: 111616K(111616K)->0K(111616K) From: 17376K(111104K)->13664K(111104K)
[665.298s][info][gc,heap        ] GC(2254) ParOldGen: 407475K(667648K)->424873K(667648K)
[665.298s][info][gc,metaspace   ] GC(2254) Metaspace: 19044K(19200K)->19044K(19200K) NonClass: 17214K(17344K)->17214K(17344K) Class: 1829K(1856K)->1829K(1856K)
[665.298s][info][gc             ] GC(2254) Pause Young (Allocation Failure) 523M->428M(869M) 32.848ms
[665.298s][info][gc,cpu         ] GC(2254) User=0.06s Sys=0.00s Real=0.03s
[665.615s][info][gc,start       ] GC(2255) Pause Young (Allocation Failure)
[665.635s][info][gc,heap        ] GC(2255) PSYoungGen: 125280K(222720K)->1280K(222720K) Eden: 111616K(111616K)->0K(111616K) From: 13664K(111104K)->1280K(111104K)
[665.635s][info][gc,heap        ] GC(2255) ParOldGen: 424873K(667648K)->438546K(667648K)
[665.635s][info][gc,metaspace   ] GC(2255) Metaspace: 19044K(19200K)->19044K(19200K) NonClass: 17214K(17344K)->17214K(17344K) Class: 1829K(1856K)->1829K(1856K)
[665.635s][info][gc             ] GC(2255) Pause Young (Allocation Failure) 537M->429M(869M) 20.473ms
[665.635s][info][gc,cpu         ] GC(2255) User=0.04s Sys=0.00s Real=0.02s
[665.772s][info][gc,start       ] GC(2256) Pause Young (Allocation Failure)
[665.788s][info][gc,heap        ] GC(2256) PSYoungGen: 112896K(222720K)->14832K(222720K) Eden: 111616K(111616K)->0K(111616K) From: 1280K(111104K)->14832K(111104K)
[665.788s][info][gc,heap        ] GC(2256) ParOldGen: 438546K(667648K)->439802K(667648K)
[665.788s][info][gc,metaspace   ] GC(2256) Metaspace: 19044K(19200K)->19044K(19200K) NonClass: 17214K(17344K)->17214K(17344K) Class: 1829K(1856K)->1829K(1856K)
[665.788s][info][gc             ] GC(2256) Pause Young (Allocation Failure) 538M->443M(869M) 16.053ms
[665.788s][info][gc,cpu         ] GC(2256) User=0.03s Sys=0.00s Real=0.01s
[665.910s][info][gc,start       ] GC(2257) Pause Young (Allocation Failure)
[665.932s][info][gc,heap        ] GC(2257) PSYoungGen: 126448K(222720K)->8288K(222720K) Eden: 111616K(111616K)->0K(111616K) From: 14832K(111104K)->8288K(111104K)
[665.932s][info][gc,heap        ] GC(2257) ParOldGen: 439802K(667648K)->454723K(667648K)
[665.932s][info][gc,metaspace   ] GC(2257) Metaspace: 19044K(19200K)->19044K(19200K) NonClass: 17214K(17344K)->17214K(17344K) Class: 1829K(1856K)->1829K(1856K)
[665.932s][info][gc             ] GC(2257) Pause Young (Allocation Failure) 552M->452M(869M) 21.507ms
[665.932s][info][gc,cpu         ] GC(2257) User=0.04s Sys=0.00s Real=0.03s
[666.040s][info][gc,start       ] GC(2258) Pause Young (Allocation Failure)
[666.071s][info][gc,heap        ] GC(2258) PSYoungGen: 119904K(222720K)->30768K(222720K) Eden: 111616K(111616K)->0K(111616K) From: 8288K(111104K)->30768K(111104K)
[666.071s][info][gc,heap        ] GC(2258) ParOldGen: 454723K(667648K)->463011K(667648K)
[666.071s][info][gc,metaspace   ] GC(2258) Metaspace: 19044K(19200K)->19044K(19200K) NonClass: 17214K(17344K)->17214K(17344K) Class: 1829K(1856K)->1829K(1856K)
[666.071s][info][gc             ] GC(2258) Pause Young (Allocation Failure) 561M->482M(869M) 31.627ms
[666.071s][info][gc,cpu         ] GC(2258) User=0.06s Sys=0.00s Real=0.03s
[666.131s][info][gc,start       ] GC(2259) Pause Young (Allocation Failure)
[666.178s][info][gc,heap        ] GC(2259) PSYoungGen: 142384K(222720K)->42176K(222720K) Eden: 111616K(111616K)->0K(111616K) From: 30768K(111104K)->42176K(111104K)
[666.178s][info][gc,heap        ] GC(2259) ParOldGen: 463011K(667648K)->494091K(667648K)
[666.178s][info][gc,metaspace   ] GC(2259) Metaspace: 19044K(19200K)->19044K(19200K) NonClass: 17214K(17344K)->17214K(17344K) Class: 1829K(1856K)->1829K(1856K)
[666.178s][info][gc             ] GC(2259) Pause Young (Allocation Failure) 591M->523M(869M) 47.624ms
[666.178s][info][gc,cpu         ] GC(2259) User=0.09s Sys=0.00s Real=0.05s
[666.385s][info][gc,start       ] GC(2260) Pause Young (Allocation Failure)
[666.423s][info][gc,heap        ] GC(2260) PSYoungGen: 153792K(222720K)->6432K(222720K) Eden: 111616K(111616K)->0K(111616K) From: 42176K(111104K)->6432K(111104K)
[666.423s][info][gc,heap        ] GC(2260) ParOldGen: 494091K(667648K)->536779K(667648K)
[666.423s][info][gc,metaspace   ] GC(2260) Metaspace: 19044K(19200K)->19044K(19200K) NonClass: 17214K(17344K)->17214K(17344K) Class: 1829K(1856K)->1829K(1856K)
[666.423s][info][gc             ] GC(2260) Pause Young (Allocation Failure) 632M->530M(869M) 38.284ms
[666.423s][info][gc,cpu         ] GC(2260) User=0.07s Sys=0.00s Real=0.04s
[666.586s][info][gc,start       ] GC(2261) Pause Young (Allocation Failure)
[666.627s][info][gc,heap        ] GC(2261) PSYoungGen: 118048K(222720K)->18184K(222720K) Eden: 111616K(111616K)->0K(111616K) From: 6432K(111104K)->18184K(111104K)
[666.627s][info][gc,heap        ] GC(2261) ParOldGen: 536779K(667648K)->543247K(667648K)
[666.627s][info][gc,metaspace   ] GC(2261) Metaspace: 19044K(19200K)->19044K(19200K) NonClass: 17214K(17344K)->17214K(17344K) Class: 1829K(1856K)->1829K(1856K)
[666.627s][info][gc             ] GC(2261) Pause Young (Allocation Failure) 639M->548M(869M) 41.462ms
[666.627s][info][gc,cpu         ] GC(2261) User=0.09s Sys=0.00s Real=0.04s
[666.750s][info][gc,start       ] GC(2262) Pause Young (Allocation Failure)
[666.803s][info][gc,heap        ] GC(2262) PSYoungGen: 129800K(222720K)->41087K(213504K) Eden: 111616K(111616K)->0K(111616K) From: 18184K(111104K)->41087K(101888K)
[666.803s][info][gc,heap        ] GC(2262) ParOldGen: 543247K(667648K)->543247K(667648K)
[666.803s][info][gc,metaspace   ] GC(2262) Metaspace: 19044K(19200K)->19044K(19200K) NonClass: 17214K(17344K)->17214K(17344K) Class: 1829K(1856K)->1829K(1856K)
[666.803s][info][gc             ] GC(2262) Pause Young (Allocation Failure) 657M->570M(860M) 52.601ms
[666.803s][info][gc,cpu         ] GC(2262) User=0.10s Sys=0.00s Real=0.06s
[666.946s][info][gc,start       ] GC(2263) Pause Young (Allocation Failure)
[667.015s][info][gc,heap        ] GC(2263) PSYoungGen: 152703K(213504K)->58847K(218112K) Eden: 111616K(111616K)->0K(111616K) From: 41087K(101888K)->58847K(106496K)
[667.015s][info][gc,heap        ] GC(2263) ParOldGen: 543247K(667648K)->543247K(667648K)
[667.015s][info][gc,metaspace   ] GC(2263) Metaspace: 19044K(19200K)->19044K(19200K) NonClass: 17214K(17344K)->17214K(17344K) Class: 1829K(1856K)->1829K(1856K)
[667.015s][info][gc             ] GC(2263) Pause Young (Allocation Failure) 679M->587M(865M) 69.230ms
[667.015s][info][gc,cpu         ] GC(2263) User=0.13s Sys=0.00s Real=0.07s
[667.100s][info][gc,start       ] GC(2264) Pause Young (Allocation Failure)
[667.174s][info][gc,heap        ] GC(2264) PSYoungGen: 170463K(218112K)->63071K(220672K) Eden: 111616K(111616K)->0K(111616K) From: 58847K(106496K)->63071K(109056K)
[667.174s][info][gc,heap        ] GC(2264) ParOldGen: 543247K(667648K)->543247K(667648K)
[667.174s][info][gc,metaspace   ] GC(2264) Metaspace: 19044K(19200K)->19044K(19200K) NonClass: 17214K(17344K)->17214K(17344K) Class: 1829K(1856K)->1829K(1856K)
[667.174s][info][gc             ] GC(2264) Pause Young (Allocation Failure) 696M->592M(867M) 74.190ms
[667.174s][info][gc,cpu         ] GC(2264) User=0.15s Sys=0.00s Real=0.08s
[667.272s][info][gc,start       ] GC(2265) Pause Young (Allocation Failure)
[667.347s][info][gc,heap        ] GC(2265) PSYoungGen: 174687K(220672K)->22624K(134656K) Eden: 111616K(111616K)->0K(111616K) From: 63071K(109056K)->22624K(23040K)
[667.347s][info][gc,heap        ] GC(2265) ParOldGen: 543247K(667648K)->584446K(667648K)
[667.347s][info][gc,metaspace   ] GC(2265) Metaspace: 19044K(19200K)->19044K(19200K) NonClass: 17214K(17344K)->17214K(17344K) Class: 1829K(1856K)->1829K(1856K)
[667.347s][info][gc             ] GC(2265) Pause Young (Allocation Failure) 701M->592M(783M) 74.679ms
[667.347s][info][gc,cpu         ] GC(2265) User=0.15s Sys=0.00s Real=0.07s
[667.472s][info][gc,start       ] GC(2266) Pause Young (Allocation Failure)
[667.507s][info][gc,heap        ] GC(2266) PSYoungGen: 134240K(134656K)->9216K(223744K) Eden: 111616K(111616K)->0K(116224K) From: 22624K(23040K)->9216K(107520K)
[667.507s][info][gc,heap        ] GC(2266) ParOldGen: 584446K(667648K)->602246K(667648K)
[667.507s][info][gc,metaspace   ] GC(2266) Metaspace: 19044K(19200K)->19044K(19200K) NonClass: 17214K(17344K)->17214K(17344K) Class: 1829K(1856K)->1829K(1856K)
[667.507s][info][gc             ] GC(2266) Pause Young (Allocation Failure) 701M->597M(870M) 35.447ms
[667.507s][info][gc,cpu         ] GC(2266) User=0.07s Sys=0.00s Real=0.03s
[667.661s][info][gc,start       ] GC(2267) Pause Young (Allocation Failure)
[667.679s][info][gc,heap        ] GC(2267) PSYoungGen: 125440K(223744K)->9248K(221184K) Eden: 116224K(116224K)->0K(116224K) From: 9216K(107520K)->9248K(104960K)
[667.679s][info][gc,heap        ] GC(2267) ParOldGen: 602246K(667648K)->602246K(667648K)
[667.679s][info][gc,metaspace   ] GC(2267) Metaspace: 19044K(19200K)->19044K(19200K) NonClass: 17214K(17344K)->17214K(17344K) Class: 1829K(1856K)->1829K(1856K)
[667.679s][info][gc             ] GC(2267) Pause Young (Allocation Failure) 710M->597M(868M) 17.922ms
[667.679s][info][gc,cpu         ] GC(2267) User=0.04s Sys=0.00s Real=0.02s
[667.839s][info][gc,start       ] GC(2268) Pause Young (Allocation Failure)
[667.867s][info][gc,heap        ] GC(2268) PSYoungGen: 125472K(221184K)->24976K(219136K) Eden: 116224K(116224K)->0K(125440K) From: 9248K(104960K)->24976K(93696K)
[667.867s][info][gc,heap        ] GC(2268) ParOldGen: 602246K(667648K)->602246K(667648K)
[667.867s][info][gc,metaspace   ] GC(2268) Metaspace: 19044K(19200K)->19044K(19200K) NonClass: 17214K(17344K)->17214K(17344K) Class: 1829K(1856K)->1829K(1856K)
[667.867s][info][gc             ] GC(2268) Pause Young (Allocation Failure) 710M->612M(866M) 28.169ms
[667.867s][info][gc,cpu         ] GC(2268) User=0.06s Sys=0.00s Real=0.03s
[667.944s][info][gc,start       ] GC(2269) Pause Young (Allocation Failure)
[668.006s][info][gc,heap        ] GC(2269) PSYoungGen: 150416K(219136K)->68098K(221184K) Eden: 125440K(125440K)->0K(125440K) From: 24976K(93696K)->68098K(95744K)
[668.006s][info][gc,heap        ] GC(2269) ParOldGen: 602246K(667648K)->602246K(667648K)
[668.006s][info][gc,metaspace   ] GC(2269) Metaspace: 19044K(19200K)->19044K(19200K) NonClass: 17214K(17344K)->17214K(17344K) Class: 1829K(1856K)->1829K(1856K)
[668.006s][info][gc             ] GC(2269) Pause Young (Allocation Failure) 735M->654M(868M) 62.087ms
[668.006s][info][gc,cpu         ] GC(2269) User=0.12s Sys=0.00s Real=0.06s
[668.068s][info][gc,start       ] GC(2270) Pause Young (Allocation Failure)
[668.167s][info][gc,heap        ] GC(2270) PSYoungGen: 193538K(221184K)->103410K(215040K) Eden: 125440K(125440K)->0K(111616K) From: 68098K(95744K)->103410K(103424K)
[668.167s][info][gc,heap        ] GC(2270) ParOldGen: 602246K(667648K)->612190K(667648K)
[668.167s][info][gc,metaspace   ] GC(2270) Metaspace: 19044K(19200K)->19044K(19200K) NonClass: 17214K(17344K)->17214K(17344K) Class: 1829K(1856K)->1829K(1856K)
[668.167s][info][gc             ] GC(2270) Pause Young (Allocation Failure) 777M->698M(862M) 98.767ms
[668.167s][info][gc,cpu         ] GC(2270) User=0.18s Sys=0.00s Real=0.10s
[668.390s][info][gc,start       ] GC(2271) Pause Young (Allocation Failure)
[668.478s][info][gc,heap        ] GC(2271) PSYoungGen: 215026K(215040K)->107842K(222720K) Eden: 111616K(111616K)->0K(111616K) From: 103410K(103424K)->107842K(111104K)
[668.478s][info][gc,heap        ] GC(2271) ParOldGen: 612190K(667648K)->617078K(667648K)
[668.478s][info][gc,metaspace   ] GC(2271) Metaspace: 19044K(19200K)->19044K(19200K) NonClass: 17214K(17344K)->17214K(17344K) Class: 1829K(1856K)->1829K(1856K)
[668.478s][info][gc             ] GC(2271) Pause Young (Allocation Failure) 807M->707M(869M) 87.869ms
[668.478s][info][gc,cpu         ] GC(2271) User=0.17s Sys=0.00s Real=0.09s
[668.673s][info][gc,start       ] GC(2272) Pause Young (Allocation Failure)
[668.805s][info][gc,heap        ] GC(2272) PSYoungGen: 219458K(222720K)->111088K(222720K) Eden: 111616K(111616K)->0K(111616K) From: 107842K(111104K)->111088K(111104K)
[668.805s][info][gc,heap        ] GC(2272) ParOldGen: 617078K(667648K)->640984K(667648K)
[668.805s][info][gc,metaspace   ] GC(2272) Metaspace: 19044K(19200K)->19044K(19200K) NonClass: 17214K(17344K)->17214K(17344K) Class: 1829K(1856K)->1829K(1856K)
[668.805s][info][gc             ] GC(2272) Pause Young (Allocation Failure) 816M->734M(869M) 131.999ms
[668.805s][info][gc,cpu         ] GC(2272) User=0.25s Sys=0.00s Real=0.13s
[668.921s][info][gc,start       ] GC(2273) Pause Full (Allocation Failure)
[668.921s][info][gc,phases,start] GC(2273) Marking Phase
[669.287s][info][gc,phases      ] GC(2273) Marking Phase 365.957ms
[669.287s][info][gc,phases,start] GC(2273) Summary Phase
[669.287s][info][gc,phases      ] GC(2273) Summary Phase 0.032ms
[669.287s][info][gc,phases,start] GC(2273) Forward
[669.407s][info][gc,phases      ] GC(2273) Forward 119.628ms
[669.407s][info][gc,phases,start] GC(2273) Adjust Pointers
[669.698s][info][gc,phases      ] GC(2273) Adjust Pointers 290.906ms
[669.698s][info][gc,phases,start] GC(2273) Compaction Phase
[669.860s][info][gc,phases      ] GC(2273) Compaction Phase 161.787ms
[669.869s][info][gc,phases,start] GC(2273) Post Compact
[669.871s][info][gc,phases      ] GC(2273) Post Compact 2.490ms
[669.871s][info][gc,heap        ] GC(2273) PSYoungGen: 222704K(222720K)->0K(222720K) Eden: 111616K(111616K)->0K(111616K) From: 111088K(111104K)->0K(111104K)
[669.871s][info][gc,heap        ] GC(2273) ParOldGen: 640984K(667648K)->539431K(667648K)
[669.872s][info][gc,metaspace   ] GC(2273) Metaspace: 19044K(19200K)->19044K(19200K) NonClass: 17214K(17344K)->17214K(17344K) Class: 1829K(1856K)->1829K(1856K)
[669.872s][info][gc             ] GC(2273) Pause Full (Allocation Failure) 843M->526M(869M) 950.582ms
[669.872s][info][gc,cpu         ] GC(2273) User=1.81s Sys=0.00s Real=0.95s
[670.002s][info][gc,start       ] GC(2274) Pause Young (Allocation Failure)
[670.022s][info][gc,heap        ] GC(2274) PSYoungGen: 111616K(222720K)->15392K(222720K) Eden: 111616K(111616K)->0K(111616K) From: 0K(111104K)->15392K(111104K)
[670.022s][info][gc,heap        ] GC(2274) ParOldGen: 539431K(667648K)->539431K(667648K)
[670.022s][info][gc,metaspace   ] GC(2274) Metaspace: 19044K(19200K)->19044K(19200K) NonClass: 17214K(17344K)->17214K(17344K) Class: 1829K(1856K)->1829K(1856K)
[670.022s][info][gc             ] GC(2274) Pause Young (Allocation Failure) 635M->541M(869M) 19.194ms
[670.022s][info][gc,cpu         ] GC(2274) User=0.04s Sys=0.00s Real=0.01s
[670.101s][info][gc,start       ] GC(2275) Pause Young (Allocation Failure)
[670.117s][info][gc,heap        ] GC(2275) PSYoungGen: 127008K(222720K)->15616K(222720K) Eden: 111616K(111616K)->0K(111616K) From: 15392K(111104K)->15616K(111104K)
[670.117s][info][gc,heap        ] GC(2275) ParOldGen: 539431K(667648K)->539431K(667648K)
[670.117s][info][gc,metaspace   ] GC(2275) Metaspace: 19044K(19200K)->19044K(19200K) NonClass: 17214K(17344K)->17214K(17344K) Class: 1829K(1856K)->1829K(1856K)
[670.118s][info][gc             ] GC(2275) Pause Young (Allocation Failure) 650M->542M(869M) 16.369ms
[670.118s][info][gc,cpu         ] GC(2275) User=0.03s Sys=0.00s Real=0.02s
[670.244s][info][gc,start       ] GC(2276) Pause Young (Allocation Failure)
[670.266s][info][gc,heap        ] GC(2276) PSYoungGen: 127232K(222720K)->896K(222720K) Eden: 111616K(111616K)->0K(111616K) From: 15616K(111104K)->896K(111104K)
[670.266s][info][gc,heap        ] GC(2276) ParOldGen: 539431K(667648K)->554839K(667648K)
[670.266s][info][gc,metaspace   ] GC(2276) Metaspace: 19044K(19200K)->19044K(19200K) NonClass: 17214K(17344K)->17214K(17344K) Class: 1829K(1856K)->1829K(1856K)
[670.266s][info][gc             ] GC(2276) Pause Young (Allocation Failure) 651M->542M(869M) 21.315ms
[670.266s][info][gc,cpu         ] GC(2276) User=0.05s Sys=0.00s Real=0.02s
[670.376s][info][gc,start       ] GC(2277) Pause Young (Allocation Failure)
[670.386s][info][gc,heap        ] GC(2277) PSYoungGen: 112512K(222720K)->4192K(222720K) Eden: 111616K(111616K)->0K(111616K) From: 896K(111104K)->4192K(111104K)
[670.386s][info][gc,heap        ] GC(2277) ParOldGen: 554839K(667648K)->555727K(667648K)
[670.386s][info][gc,metaspace   ] GC(2277) Metaspace: 19044K(19200K)->19044K(19200K) NonClass: 17214K(17344K)->17214K(17344K) Class: 1829K(1856K)->1829K(1856K)
[670.386s][info][gc             ] GC(2277) Pause Young (Allocation Failure) 651M->546M(869M) 9.998ms
[670.386s][info][gc,cpu         ] GC(2277) User=0.02s Sys=0.00s Real=0.01s
[670.532s][info][gc,start       ] GC(2278) Pause Young (Allocation Failure)
[670.548s][info][gc,heap        ] GC(2278) PSYoungGen: 115808K(222720K)->9792K(222720K) Eden: 111616K(111616K)->0K(111616K) From: 4192K(111104K)->9792K(111104K)
[670.548s][info][gc,heap        ] GC(2278) ParOldGen: 555727K(667648K)->559903K(667648K)
[670.548s][info][gc,metaspace   ] GC(2278) Metaspace: 19044K(19200K)->19044K(19200K) NonClass: 17214K(17344K)->17214K(17344K) Class: 1829K(1856K)->1829K(1856K)
[670.548s][info][gc             ] GC(2278) Pause Young (Allocation Failure) 655M->556M(869M) 15.895ms
[670.548s][info][gc,cpu         ] GC(2278) User=0.03s Sys=0.01s Real=0.01s
[670.715s][info][gc,start       ] GC(2279) Pause Young (Allocation Failure)
[670.741s][info][gc,heap        ] GC(2279) PSYoungGen: 121408K(222720K)->15568K(222720K) Eden: 111616K(111616K)->0K(111616K) From: 9792K(111104K)->15568K(111104K)
[670.741s][info][gc,heap        ] GC(2279) ParOldGen: 559903K(667648K)->569735K(667648K)
[670.741s][info][gc,metaspace   ] GC(2279) Metaspace: 19044K(19200K)->19044K(19200K) NonClass: 17214K(17344K)->17214K(17344K) Class: 1829K(1856K)->1829K(1856K)
[670.742s][info][gc             ] GC(2279) Pause Young (Allocation Failure) 665M->571M(869M) 26.318ms
[670.742s][info][gc,cpu         ] GC(2279) User=0.05s Sys=0.00s Real=0.02s
[671.032s][info][gc,start       ] GC(2280) Pause Young (Allocation Failure)
[671.054s][info][gc,heap        ] GC(2280) PSYoungGen: 127184K(222720K)->3328K(222720K) Eden: 111616K(111616K)->0K(111616K) From: 15568K(111104K)->3328K(111104K)
[671.054s][info][gc,heap        ] GC(2280) ParOldGen: 569735K(667648K)->585311K(667648K)
[671.054s][info][gc,metaspace   ] GC(2280) Metaspace: 19044K(19200K)->19044K(19200K) NonClass: 17214K(17344K)->17214K(17344K) Class: 1829K(1856K)->1829K(1856K)
[671.054s][info][gc             ] GC(2280) Pause Young (Allocation Failure) 680M->574M(869M) 22.158ms
[671.054s][info][gc,cpu         ] GC(2280) User=0.05s Sys=0.00s Real=0.03s
[671.350s][info][gc,start       ] GC(2281) Pause Young (Allocation Failure)
[671.355s][info][gc,heap        ] GC(2281) PSYoungGen: 114944K(222720K)->64K(222720K) Eden: 111616K(111616K)->0K(111616K) From: 3328K(111104K)->64K(111104K)
[671.355s][info][gc,heap        ] GC(2281) ParOldGen: 585311K(667648K)->588631K(667648K)
[671.355s][info][gc,metaspace   ] GC(2281) Metaspace: 19044K(19200K)->19044K(19200K) NonClass: 17214K(17344K)->17214K(17344K) Class: 1829K(1856K)->1829K(1856K)
[671.355s][info][gc             ] GC(2281) Pause Young (Allocation Failure) 683M->574M(869M) 5.218ms
[671.355s][info][gc,cpu         ] GC(2281) User=0.01s Sys=0.00s Real=0.01s
[671.648s][info][gc,start       ] GC(2282) Pause Young (Allocation Failure)
[671.650s][info][gc,heap        ] GC(2282) PSYoungGen: 111680K(222720K)->64K(222720K) Eden: 111616K(111616K)->0K(111616K) From: 64K(111104K)->64K(111104K)
[671.650s][info][gc,heap        ] GC(2282) ParOldGen: 588631K(667648K)->588663K(667648K)
[671.650s][info][gc,metaspace   ] GC(2282) Metaspace: 19044K(19200K)->19044K(19200K) NonClass: 17214K(17344K)->17214K(17344K) Class: 1829K(1856K)->1829K(1856K)
[671.650s][info][gc             ] GC(2282) Pause Young (Allocation Failure) 683M->574M(869M) 2.129ms
[671.650s][info][gc,cpu         ] GC(2282) User=0.00s Sys=0.00s Real=0.00s
[671.891s][info][gc,start       ] GC(2283) Pause Young (Allocation Failure)
[671.893s][info][gc,heap        ] GC(2283) PSYoungGen: 111680K(222720K)->64K(222720K) Eden: 111616K(111616K)->0K(111616K) From: 64K(111104K)->64K(111104K)
[671.893s][info][gc,heap        ] GC(2283) ParOldGen: 588663K(667648K)->588687K(667648K)
[671.893s][info][gc,metaspace   ] GC(2283) Metaspace: 19044K(19200K)->19044K(19200K) NonClass: 17214K(17344K)->17214K(17344K) Class: 1829K(1856K)->1829K(1856K)
[671.893s][info][gc             ] GC(2283) Pause Young (Allocation Failure) 683M->574M(869M) 2.369ms
[671.893s][info][gc,cpu         ] GC(2283) User=0.00s Sys=0.00s Real=0.01s
[672.168s][info][gc,start       ] GC(2284) Pause Young (Allocation Failure)
[672.179s][info][gc,heap        ] GC(2284) PSYoungGen: 111680K(222720K)->64K(222720K) Eden: 111616K(111616K)->0K(111616K) From: 64K(111104K)->64K(111104K)
[672.179s][info][gc,heap        ] GC(2284) ParOldGen: 588687K(667648K)->588703K(667648K)
[672.179s][info][gc,metaspace   ] GC(2284) Metaspace: 19044K(19200K)->19044K(19200K) NonClass: 17214K(17344K)->17214K(17344K) Class: 1829K(1856K)->1829K(1856K)
[672.179s][info][gc             ] GC(2284) Pause Young (Allocation Failure) 683M->574M(869M) 11.022ms
[672.179s][info][gc,cpu         ] GC(2284) User=0.02s Sys=0.00s Real=0.01s
[672.396s][info][gc,start       ] GC(2285) Pause Young (Allocation Failure)
[672.399s][info][gc,heap        ] GC(2285) PSYoungGen: 111680K(222720K)->320K(112128K) Eden: 111616K(111616K)->0K(111616K) From: 64K(111104K)->320K(512K)
[672.399s][info][gc,heap        ] GC(2285) ParOldGen: 588703K(667648K)->588727K(667648K)
[672.399s][info][gc,metaspace   ] GC(2285) Metaspace: 19044K(19200K)->19044K(19200K) NonClass: 17214K(17344K)->17214K(17344K) Class: 1829K(1856K)->1829K(1856K)
[672.399s][info][gc             ] GC(2285) Pause Young (Allocation Failure) 683M->575M(761M) 2.992ms
[672.399s][info][gc,cpu         ] GC(2285) User=0.01s Sys=0.00s Real=0.00s
[672.538s][info][gc,start       ] GC(2286) Pause Young (Allocation Failure)
[672.567s][info][gc,heap        ] GC(2286) PSYoungGen: 111936K(112128K)->35088K(220160K) Eden: 111616K(111616K)->0K(114176K) From: 320K(512K)->35088K(105984K)
[672.567s][info][gc,heap        ] GC(2286) ParOldGen: 588727K(667648K)->588727K(667648K)
[672.567s][info][gc,metaspace   ] GC(2286) Metaspace: 19044K(19200K)->19044K(19200K) NonClass: 17214K(17344K)->17214K(17344K) Class: 1829K(1856K)->1829K(1856K)
[672.567s][info][gc             ] GC(2286) Pause Young (Allocation Failure) 684M->609M(867M) 28.830ms
[672.567s][info][gc,cpu         ] GC(2286) User=0.06s Sys=0.00s Real=0.03s
[672.634s][info][gc,start       ] GC(2287) Pause Young (Allocation Failure)
[672.684s][info][gc,heap        ] GC(2287) PSYoungGen: 149264K(220160K)->76608K(218112K) Eden: 114176K(114176K)->0K(114176K) From: 35088K(105984K)->76608K(103936K)
[672.684s][info][gc,heap        ] GC(2287) ParOldGen: 588727K(667648K)->588727K(667648K)
[672.684s][info][gc,metaspace   ] GC(2287) Metaspace: 19044K(19200K)->19044K(19200K) NonClass: 17214K(17344K)->17214K(17344K) Class: 1829K(1856K)->1829K(1856K)
[672.684s][info][gc             ] GC(2287) Pause Young (Allocation Failure) 720M->649M(865M) 49.953ms
[672.684s][info][gc,cpu         ] GC(2287) User=0.10s Sys=0.00s Real=0.05s
[672.891s][info][gc,start       ] GC(2288) Pause Young (Allocation Failure)
[672.938s][info][gc,heap        ] GC(2288) PSYoungGen: 190784K(218112K)->44832K(222720K) Eden: 114176K(114176K)->0K(111616K) From: 76608K(103936K)->44832K(111104K)
[672.939s][info][gc,heap        ] GC(2288) ParOldGen: 588727K(667648K)->624192K(667648K)
[672.939s][info][gc,metaspace   ] GC(2288) Metaspace: 19044K(19200K)->19044K(19200K) NonClass: 17214K(17344K)->17214K(17344K) Class: 1829K(1856K)->1829K(1856K)
[672.939s][info][gc             ] GC(2288) Pause Young (Allocation Failure) 761M->653M(869M) 47.671ms
[672.939s][info][gc,cpu         ] GC(2288) User=0.09s Sys=0.00s Real=0.05s
[673.112s][info][gc,start       ] GC(2289) Pause Young (Allocation Failure)
[673.190s][info][gc,promotion   ] GC(2289) Promotion failed
[673.190s][info][gc,heap        ] GC(2289) PSYoungGen: 156448K(222720K)->156448K(222720K) Eden: 111616K(111616K)->111616K(111616K) From: 44832K(111104K)->44832K(111104K)
[673.190s][info][gc,heap        ] GC(2289) ParOldGen: 624192K(667648K)->667644K(667648K)
[673.190s][info][gc,metaspace   ] GC(2289) Metaspace: 19044K(19200K)->19044K(19200K) NonClass: 17214K(17344K)->17214K(17344K) Class: 1829K(1856K)->1829K(1856K)
[673.190s][info][gc             ] GC(2289) Pause Young (Allocation Failure) 762M->804M(869M) 78.267ms
[673.190s][info][gc,cpu         ] GC(2289) User=0.14s Sys=0.01s Real=0.07s
[673.190s][info][gc,start       ] GC(2290) Pause Full (Allocation Failure)
[673.190s][info][gc,phases,start] GC(2290) Marking Phase
[673.630s][info][gc,phases      ] GC(2290) Marking Phase 439.749ms
[673.630s][info][gc,phases,start] GC(2290) Summary Phase
[673.630s][info][gc,phases      ] GC(2290) Summary Phase 0.027ms
[673.630s][info][gc,phases,start] GC(2290) Forward
[673.711s][info][gc,phases      ] GC(2290) Forward 81.221ms
[673.711s][info][gc,phases,start] GC(2290) Adjust Pointers
[674.062s][info][gc,phases      ] GC(2290) Adjust Pointers 350.759ms
[674.062s][info][gc,phases,start] GC(2290) Compaction Phase
[674.231s][info][gc,phases      ] GC(2290) Compaction Phase 168.886ms
[674.242s][info][gc,phases,start] GC(2290) Post Compact
[674.244s][info][gc,phases      ] GC(2290) Post Compact 2.485ms
[674.244s][info][gc,heap        ] GC(2290) PSYoungGen: 156448K(222720K)->0K(222720K) Eden: 111616K(111616K)->0K(111616K) From: 44832K(111104K)->0K(111104K)
[674.244s][info][gc,heap        ] GC(2290) ParOldGen: 667644K(667648K)->667017K(667648K)
[674.244s][info][gc,metaspace   ] GC(2290) Metaspace: 19044K(19200K)->19044K(19200K) NonClass: 17214K(17344K)->17214K(17344K) Class: 1829K(1856K)->1829K(1856K)
[674.245s][info][gc             ] GC(2290) Pause Full (Allocation Failure) 804M->651M(869M) 1054.275ms
[674.245s][info][gc,cpu         ] GC(2290) User=2.07s Sys=0.00s Real=1.06s
[674.361s][info][gc,start       ] GC(2291) Pause Full (Allocation Failure)
[674.361s][info][gc,phases,start] GC(2291) Marking Phase
[674.832s][info][gc,phases      ] GC(2291) Marking Phase 471.701ms
[674.832s][info][gc,phases,start] GC(2291) Summary Phase
[674.832s][info][gc,phases      ] GC(2291) Summary Phase 0.026ms
[674.832s][info][gc,phases,start] GC(2291) Forward
[674.841s][info][gc,phases      ] GC(2291) Forward 9.051ms
[674.842s][info][gc,phases,start] GC(2291) Adjust Pointers
[675.182s][info][gc,phases      ] GC(2291) Adjust Pointers 340.638ms
[675.182s][info][gc,phases,start] GC(2291) Compaction Phase
[675.314s][info][gc,phases      ] GC(2291) Compaction Phase 132.120ms
[675.314s][info][gc,phases,start] GC(2291) Post Compact
[675.317s][info][gc,phases      ] GC(2291) Post Compact 2.270ms
[675.317s][info][gc,heap        ] GC(2291) PSYoungGen: 111616K(222720K)->23646K(222720K) Eden: 111616K(111616K)->23646K(111616K) From: 0K(111104K)->0K(111104K)
[675.317s][info][gc,heap        ] GC(2291) ParOldGen: 667017K(667648K)->667546K(667648K)
[675.317s][info][gc,metaspace   ] GC(2291) Metaspace: 19044K(19200K)->19044K(19200K) NonClass: 17214K(17344K)->17214K(17344K) Class: 1829K(1856K)->1829K(1856K)
[675.317s][info][gc             ] GC(2291) Pause Full (Allocation Failure) 760M->674M(869M) 956.257ms
[675.317s][info][gc,cpu         ] GC(2291) User=1.87s Sys=0.01s Real=0.96s
[675.425s][info][gc,start       ] GC(2292) Pause Full (Allocation Failure)
[675.425s][info][gc,phases,start] GC(2292) Marking Phase
[675.906s][info][gc,phases      ] GC(2292) Marking Phase 481.221ms
[675.906s][info][gc,phases,start] GC(2292) Summary Phase
[675.906s][info][gc,phases      ] GC(2292) Summary Phase 0.027ms
[675.906s][info][gc,phases,start] GC(2292) Forward
[676.027s][info][gc,phases      ] GC(2292) Forward 120.222ms
[676.027s][info][gc,phases,start] GC(2292) Adjust Pointers
[676.418s][info][gc,phases      ] GC(2292) Adjust Pointers 391.342ms
[676.418s][info][gc,phases,start] GC(2292) Compaction Phase
[676.654s][info][gc,phases      ] GC(2292) Compaction Phase 235.699ms
[676.666s][info][gc,phases,start] GC(2292) Post Compact
[676.668s][info][gc,phases      ] GC(2292) Post Compact 2.332ms
[676.668s][info][gc,heap        ] GC(2292) PSYoungGen: 111616K(222720K)->4705K(222720K) Eden: 111616K(111616K)->4705K(111616K) From: 0K(111104K)->0K(111104K)
[676.668s][info][gc,heap        ] GC(2292) ParOldGen: 667546K(667648K)->667378K(667648K)
[676.668s][info][gc,metaspace   ] GC(2292) Metaspace: 19044K(19200K)->19044K(19200K) NonClass: 17214K(17344K)->17214K(17344K) Class: 1829K(1856K)->1829K(1856K)
[676.668s][info][gc             ] GC(2292) Pause Full (Allocation Failure) 760M->656M(869M) 1243.371ms
[676.668s][info][gc,cpu         ] GC(2292) User=2.43s Sys=0.00s Real=1.24s
[676.746s][info][gc,start       ] GC(2293) Pause Full (Allocation Failure)
[676.746s][info][gc,phases,start] GC(2293) Marking Phase
[677.222s][info][gc,phases      ] GC(2293) Marking Phase 476.249ms
[677.222s][info][gc,phases,start] GC(2293) Summary Phase
[677.222s][info][gc,phases      ] GC(2293) Summary Phase 0.023ms
[677.222s][info][gc,phases,start] GC(2293) Forward
[677.248s][info][gc,phases      ] GC(2293) Forward 25.318ms
[677.248s][info][gc,phases,start] GC(2293) Adjust Pointers
[677.591s][info][gc,phases      ] GC(2293) Adjust Pointers 343.028ms
[677.591s][info][gc,phases,start] GC(2293) Compaction Phase
[677.725s][info][gc,phases      ] GC(2293) Compaction Phase 134.735ms
[677.731s][info][gc,phases,start] GC(2293) Post Compact
[677.733s][info][gc,phases      ] GC(2293) Post Compact 2.289ms
[677.733s][info][gc,heap        ] GC(2293) PSYoungGen: 111616K(222720K)->9535K(222720K) Eden: 111616K(111616K)->9535K(111616K) From: 0K(111104K)->0K(111104K)
[677.733s][info][gc,heap        ] GC(2293) ParOldGen: 667378K(667648K)->667378K(667648K)
[677.733s][info][gc,metaspace   ] GC(2293) Metaspace: 19044K(19200K)->19044K(19200K) NonClass: 17214K(17344K)->17214K(17344K) Class: 1829K(1856K)->1829K(1856K)
[677.733s][info][gc             ] GC(2293) Pause Full (Allocation Failure) 760M->661M(869M) 987.319ms
[677.733s][info][gc,cpu         ] GC(2293) User=1.93s Sys=0.00s Real=0.99s
[677.818s][info][gc,start       ] GC(2294) Pause Full (Allocation Failure)
[677.818s][info][gc,phases,start] GC(2294) Marking Phase
[678.296s][info][gc,phases      ] GC(2294) Marking Phase 477.978ms
[678.296s][info][gc,phases,start] GC(2294) Summary Phase
[678.296s][info][gc,phases      ] GC(2294) Summary Phase 0.024ms
[678.296s][info][gc,phases,start] GC(2294) Forward
[678.300s][info][gc,phases      ] GC(2294) Forward 4.115ms
[678.300s][info][gc,phases,start] GC(2294) Adjust Pointers
[678.633s][info][gc,phases      ] GC(2294) Adjust Pointers 332.827ms
[678.633s][info][gc,phases,start] GC(2294) Compaction Phase
[678.763s][info][gc,phases      ] GC(2294) Compaction Phase 129.287ms
[678.763s][info][gc,phases,start] GC(2294) Post Compact
[678.765s][info][gc,phases      ] GC(2294) Post Compact 2.233ms
[678.765s][info][gc,heap        ] GC(2294) PSYoungGen: 111616K(222720K)->9580K(222720K) Eden: 111616K(111616K)->9580K(111616K) From: 0K(111104K)->0K(111104K)
[678.765s][info][gc,heap        ] GC(2294) ParOldGen: 667378K(667648K)->667378K(667648K)
[678.765s][info][gc,metaspace   ] GC(2294) Metaspace: 19044K(19200K)->19044K(19200K) NonClass: 17214K(17344K)->17214K(17344K) Class: 1829K(1856K)->1829K(1856K)
[678.765s][info][gc             ] GC(2294) Pause Full (Allocation Failure) 760M->661M(869M) 946.878ms
[678.765s][info][gc,cpu         ] GC(2294) User=1.85s Sys=0.00s Real=0.95s
[678.875s][info][gc,start       ] GC(2295) Pause Full (Allocation Failure)
[678.875s][info][gc,phases,start] GC(2295) Marking Phase
[679.351s][info][gc,phases      ] GC(2295) Marking Phase 476.641ms
[679.351s][info][gc,phases,start] GC(2295) Summary Phase
[679.351s][info][gc,phases      ] GC(2295) Summary Phase 0.024ms
[679.351s][info][gc,phases,start] GC(2295) Forward
[679.356s][info][gc,phases      ] GC(2295) Forward 4.489ms
[679.356s][info][gc,phases,start] GC(2295) Adjust Pointers
[679.709s][info][gc,phases      ] GC(2295) Adjust Pointers 353.402ms
[679.709s][info][gc,phases,start] GC(2295) Compaction Phase
[679.841s][info][gc,phases      ] GC(2295) Compaction Phase 131.469ms
[679.841s][info][gc,phases,start] GC(2295) Post Compact
[679.843s][info][gc,phases      ] GC(2295) Post Compact 2.250ms
[679.843s][info][gc,heap        ] GC(2295) PSYoungGen: 111616K(222720K)->9746K(222720K) Eden: 111616K(111616K)->9746K(111616K) From: 0K(111104K)->0K(111104K)
[679.843s][info][gc,heap        ] GC(2295) ParOldGen: 667378K(667648K)->667378K(667648K)
[679.843s][info][gc,metaspace   ] GC(2295) Metaspace: 19044K(19200K)->19044K(19200K) NonClass: 17214K(17344K)->17214K(17344K) Class: 1829K(1856K)->1829K(1856K)
[679.843s][info][gc             ] GC(2295) Pause Full (Allocation Failure) 760M->661M(869M) 968.704ms
[679.843s][info][gc,cpu         ] GC(2295) User=1.87s Sys=0.01s Real=0.97s
[679.948s][info][gc,start       ] GC(2296) Pause Full (Allocation Failure)
[679.948s][info][gc,phases,start] GC(2296) Marking Phase
[680.319s][info][gc,phases      ] GC(2296) Marking Phase 370.957ms
[680.319s][info][gc,phases,start] GC(2296) Summary Phase
[680.319s][info][gc,phases      ] GC(2296) Summary Phase 0.028ms
[680.319s][info][gc,phases,start] GC(2296) Forward
[680.426s][info][gc,phases      ] GC(2296) Forward 106.808ms
[680.426s][info][gc,phases,start] GC(2296) Adjust Pointers
[680.721s][info][gc,phases      ] GC(2296) Adjust Pointers 295.254ms
[680.721s][info][gc,phases,start] GC(2296) Compaction Phase
[680.879s][info][gc,phases      ] GC(2296) Compaction Phase 157.511ms
[680.890s][info][gc,phases,start] GC(2296) Post Compact
[680.892s][info][gc,phases      ] GC(2296) Post Compact 2.354ms
[680.892s][info][gc,heap        ] GC(2296) PSYoungGen: 111616K(222720K)->0K(222720K) Eden: 111616K(111616K)->0K(111616K) From: 0K(111104K)->0K(111104K)
[680.892s][info][gc,heap        ] GC(2296) ParOldGen: 667378K(667648K)->549008K(667648K)
[680.892s][info][gc,metaspace   ] GC(2296) Metaspace: 19044K(19200K)->19044K(19200K) NonClass: 17214K(17344K)->17214K(17344K) Class: 1829K(1856K)->1829K(1856K)
[680.892s][info][gc             ] GC(2296) Pause Full (Allocation Failure) 760M->536M(869M) 944.600ms
[680.892s][info][gc,cpu         ] GC(2296) User=1.80s Sys=0.00s Real=0.95s
[681.039s][info][gc,start       ] GC(2297) Pause Young (Allocation Failure)
[681.050s][info][gc,heap        ] GC(2297) PSYoungGen: 111616K(222720K)->9920K(217600K) Eden: 111616K(111616K)->0K(111616K) From: 0K(111104K)->9920K(105984K)
[681.050s][info][gc,heap        ] GC(2297) ParOldGen: 549008K(667648K)->549008K(667648K)
[681.050s][info][gc,metaspace   ] GC(2297) Metaspace: 19044K(19200K)->19044K(19200K) NonClass: 17214K(17344K)->17214K(17344K) Class: 1829K(1856K)->1829K(1856K)
[681.050s][info][gc             ] GC(2297) Pause Young (Allocation Failure) 645M->545M(864M) 11.669ms
[681.050s][info][gc,cpu         ] GC(2297) User=0.03s Sys=0.00s Real=0.01s
[681.207s][info][gc,start       ] GC(2298) Pause Young (Allocation Failure)
[681.237s][info][gc,heap        ] GC(2298) PSYoungGen: 121536K(217600K)->29291K(141312K) Eden: 111616K(111616K)->0K(111616K) From: 9920K(105984K)->29291K(29696K)
[681.237s][info][gc,heap        ] GC(2298) ParOldGen: 549008K(667648K)->549008K(667648K)
[681.237s][info][gc,metaspace   ] GC(2298) Metaspace: 19044K(19200K)->19044K(19200K) NonClass: 17214K(17344K)->17214K(17344K) Class: 1829K(1856K)->1829K(1856K)
[681.237s][info][gc             ] GC(2298) Pause Young (Allocation Failure) 654M->564M(790M) 29.851ms
[681.237s][info][gc,cpu         ] GC(2298) User=0.06s Sys=0.00s Real=0.03s
[681.365s][info][gc,start       ] GC(2299) Pause Young (Allocation Failure)
[681.407s][info][gc,heap        ] GC(2299) PSYoungGen: 140907K(141312K)->42172K(214016K) Eden: 111616K(111616K)->0K(115712K) From: 29291K(29696K)->42172K(98304K)
[681.407s][info][gc,heap        ] GC(2299) ParOldGen: 549008K(667648K)->549008K(667648K)
[681.407s][info][gc,metaspace   ] GC(2299) Metaspace: 19044K(19200K)->19044K(19200K) NonClass: 17214K(17344K)->17214K(17344K) Class: 1829K(1856K)->1829K(1856K)
[681.407s][info][gc             ] GC(2299) Pause Young (Allocation Failure) 673M->577M(861M) 42.016ms
[681.407s][info][gc,cpu         ] GC(2299) User=0.08s Sys=0.00s Real=0.04s
[681.561s][info][gc,start       ] GC(2300) Pause Young (Allocation Failure)
[681.598s][info][gc,heap        ] GC(2300) PSYoungGen: 157884K(214016K)->38139K(215552K) Eden: 115712K(115712K)->0K(115712K) From: 42172K(98304K)->38139K(99840K)
[681.598s][info][gc,heap        ] GC(2300) ParOldGen: 549008K(667648K)->549008K(667648K)
[681.598s][info][gc,metaspace   ] GC(2300) Metaspace: 19044K(19200K)->19044K(19200K) NonClass: 17214K(17344K)->17214K(17344K) Class: 1829K(1856K)->1829K(1856K)
[681.598s][info][gc             ] GC(2300) Pause Young (Allocation Failure) 690M->573M(862M) 36.385ms
[681.598s][info][gc,cpu         ] GC(2300) User=0.07s Sys=0.01s Real=0.04s
[681.731s][info][gc,start       ] GC(2301) Pause Young (Allocation Failure)
[681.783s][info][gc,heap        ] GC(2301) PSYoungGen: 153851K(215552K)->59595K(211968K) Eden: 115712K(115712K)->0K(115712K) From: 38139K(99840K)->59595K(96256K)
[681.783s][info][gc,heap        ] GC(2301) ParOldGen: 549008K(667648K)->549008K(667648K)
[681.783s][info][gc,metaspace   ] GC(2301) Metaspace: 19044K(19200K)->19044K(19200K) NonClass: 17214K(17344K)->17214K(17344K) Class: 1829K(1856K)->1829K(1856K)
[681.783s][info][gc             ] GC(2301) Pause Young (Allocation Failure) 686M->594M(859M) 51.935ms
[681.783s][info][gc,cpu         ] GC(2301) User=0.10s Sys=0.00s Real=0.06s
[681.898s][info][gc,start       ] GC(2302) Pause Young (Allocation Failure)
[681.962s][info][gc,heap        ] GC(2302) PSYoungGen: 175307K(211968K)->69083K(216576K) Eden: 115712K(115712K)->0K(115712K) From: 59595K(96256K)->69083K(100864K)
[681.962s][info][gc,heap        ] GC(2302) ParOldGen: 549008K(667648K)->549008K(667648K)
[681.962s][info][gc,metaspace   ] GC(2302) Metaspace: 19044K(19200K)->19044K(19200K) NonClass: 17214K(17344K)->17214K(17344K) Class: 1829K(1856K)->1829K(1856K)
[681.962s][info][gc             ] GC(2302) Pause Young (Allocation Failure) 707M->603M(863M) 64.085ms
[681.962s][info][gc,cpu         ] GC(2302) User=0.13s Sys=0.00s Real=0.07s
[682.081s][info][gc,start       ] GC(2303) Pause Young (Allocation Failure)
[682.147s][info][gc,heap        ] GC(2303) PSYoungGen: 184795K(216576K)->72060K(219648K) Eden: 115712K(115712K)->0K(111616K) From: 69083K(100864K)->72060K(108032K)
[682.147s][info][gc,heap        ] GC(2303) ParOldGen: 549008K(667648K)->549008K(667648K)
[682.147s][info][gc,metaspace   ] GC(2303) Metaspace: 19044K(19200K)->19044K(19200K) NonClass: 17214K(17344K)->17214K(17344K) Class: 1829K(1856K)->1829K(1856K)
[682.148s][info][gc             ] GC(2303) Pause Young (Allocation Failure) 716M->606M(866M) 66.955ms
[682.148s][info][gc,cpu         ] GC(2303) User=0.14s Sys=0.00s Real=0.07s
[682.416s][info][gc,start       ] GC(2304) Pause Young (Allocation Failure)
[682.484s][info][gc,heap        ] GC(2304) PSYoungGen: 183676K(219648K)->44048K(222720K) Eden: 111616K(111616K)->0K(111616K) From: 72060K(108032K)->44048K(111104K)
[682.484s][info][gc,heap        ] GC(2304) ParOldGen: 549008K(667648K)->578357K(667648K)
[682.484s][info][gc,metaspace   ] GC(2304) Metaspace: 19044K(19200K)->19044K(19200K) NonClass: 17214K(17344K)->17214K(17344K) Class: 1829K(1856K)->1829K(1856K)
[682.484s][info][gc             ] GC(2304) Pause Young (Allocation Failure) 715M->607M(869M) 67.883ms
[682.484s][info][gc,cpu         ] GC(2304) User=0.13s Sys=0.00s Real=0.07s
[682.660s][info][gc,start       ] GC(2305) Pause Young (Allocation Failure)
[682.711s][info][gc,heap        ] GC(2305) PSYoungGen: 155664K(222720K)->52704K(217088K) Eden: 111616K(111616K)->0K(114176K) From: 44048K(111104K)->52704K(102912K)
[682.711s][info][gc,heap        ] GC(2305) ParOldGen: 578357K(667648K)->578357K(667648K)
[682.711s][info][gc,metaspace   ] GC(2305) Metaspace: 19044K(19200K)->19044K(19200K) NonClass: 17214K(17344K)->17214K(17344K) Class: 1829K(1856K)->1829K(1856K)
[682.711s][info][gc             ] GC(2305) Pause Young (Allocation Failure) 716M->616M(864M) 51.770ms
[682.711s][info][gc,cpu         ] GC(2305) User=0.10s Sys=0.00s Real=0.05s
[682.830s][info][gc,start       ] GC(2306) Pause Young (Allocation Failure)
[682.883s][info][gc,heap        ] GC(2306) PSYoungGen: 166880K(217088K)->60848K(220160K) Eden: 114176K(114176K)->0K(114176K) From: 52704K(102912K)->60848K(105984K)
[682.883s][info][gc,heap        ] GC(2306) ParOldGen: 578357K(667648K)->578357K(667648K)
[682.883s][info][gc,metaspace   ] GC(2306) Metaspace: 19044K(19200K)->19044K(19200K) NonClass: 17214K(17344K)->17214K(17344K) Class: 1829K(1856K)->1829K(1856K)
[682.883s][info][gc             ] GC(2306) Pause Young (Allocation Failure) 727M->624M(867M) 52.920ms
[682.883s][info][gc,cpu         ] GC(2306) User=0.10s Sys=0.00s Real=0.06s
[682.993s][info][gc,start       ] GC(2307) Pause Young (Allocation Failure)
[683.033s][info][gc,heap        ] GC(2307) PSYoungGen: 175024K(220160K)->47136K(217600K) Eden: 114176K(114176K)->0K(120320K) From: 60848K(105984K)->47136K(97280K)
[683.033s][info][gc,heap        ] GC(2307) ParOldGen: 578357K(667648K)->578357K(667648K)
[683.033s][info][gc,metaspace   ] GC(2307) Metaspace: 19044K(19200K)->19044K(19200K) NonClass: 17214K(17344K)->17214K(17344K) Class: 1829K(1856K)->1829K(1856K)
[683.033s][info][gc             ] GC(2307) Pause Young (Allocation Failure) 735M->610M(864M) 40.582ms
[683.033s][info][gc,cpu         ] GC(2307) User=0.08s Sys=0.00s Real=0.04s
[683.097s][info][gc,start       ] GC(2308) Pause Young (Allocation Failure)
[683.162s][info][gc,heap        ] GC(2308) PSYoungGen: 167456K(217600K)->92720K(222208K) Eden: 120320K(120320K)->0K(120320K) From: 47136K(97280K)->92720K(101888K)
[683.162s][info][gc,heap        ] GC(2308) ParOldGen: 578357K(667648K)->578357K(667648K)
[683.162s][info][gc,metaspace   ] GC(2308) Metaspace: 19044K(19200K)->19044K(19200K) NonClass: 17214K(17344K)->17214K(17344K) Class: 1829K(1856K)->1829K(1856K)
[683.162s][info][gc             ] GC(2308) Pause Young (Allocation Failure) 728M->655M(869M) 64.503ms
[683.162s][info][gc,cpu         ] GC(2308) User=0.12s Sys=0.00s Real=0.07s
[683.369s][info][gc,start       ] GC(2309) Pause Young (Allocation Failure)
[683.436s][info][gc,heap        ] GC(2309) PSYoungGen: 213040K(222208K)->95136K(222720K) Eden: 120320K(120320K)->0K(111616K) From: 92720K(101888K)->95136K(111104K)
[683.436s][info][gc,heap        ] GC(2309) ParOldGen: 578357K(667648K)->582821K(667648K)
[683.436s][info][gc,metaspace   ] GC(2309) Metaspace: 19044K(19200K)->19044K(19200K) NonClass: 17214K(17344K)->17214K(17344K) Class: 1829K(1856K)->1829K(1856K)
[683.436s][info][gc             ] GC(2309) Pause Young (Allocation Failure) 772M->662M(869M) 66.935ms
[683.436s][info][gc,cpu         ] GC(2309) User=0.13s Sys=0.01s Real=0.07s
[683.602s][info][gc,start       ] GC(2310) Pause Young (Allocation Failure)
[683.686s][info][gc,heap        ] GC(2310) PSYoungGen: 206752K(222720K)->99376K(222720K) Eden: 111616K(111616K)->0K(111616K) From: 95136K(111104K)->99376K(111104K)
[683.686s][info][gc,heap        ] GC(2310) ParOldGen: 582821K(667648K)->582901K(667648K)
[683.686s][info][gc,metaspace   ] GC(2310) Metaspace: 19044K(19200K)->19044K(19200K) NonClass: 17214K(17344K)->17214K(17344K) Class: 1829K(1856K)->1829K(1856K)
[683.686s][info][gc             ] GC(2310) Pause Young (Allocation Failure) 771M->666M(869M) 83.598ms
[683.686s][info][gc,cpu         ] GC(2310) User=0.17s Sys=0.00s Real=0.08s
[683.806s][info][gc,start       ] GC(2311) Pause Young (Allocation Failure)
[683.925s][info][gc,heap        ] GC(2311) PSYoungGen: 210992K(222720K)->111088K(222720K) Eden: 111616K(111616K)->0K(111616K) From: 99376K(111104K)->111088K(111104K)
[683.925s][info][gc,heap        ] GC(2311) ParOldGen: 582901K(667648K)->594053K(667648K)
[683.925s][info][gc,metaspace   ] GC(2311) Metaspace: 19044K(19200K)->19044K(19200K) NonClass: 17214K(17344K)->17214K(17344K) Class: 1829K(1856K)->1829K(1856K)
[683.925s][info][gc             ] GC(2311) Pause Young (Allocation Failure) 775M->688M(869M) 118.913ms
[683.925s][info][gc,cpu         ] GC(2311) User=0.23s Sys=0.01s Real=0.12s
[684.060s][info][gc,start       ] GC(2312) Pause Young (Allocation Failure)
[684.194s][info][gc,heap        ] GC(2312) PSYoungGen: 222704K(222720K)->111072K(222720K) Eden: 111616K(111616K)->0K(111616K) From: 111088K(111104K)->111072K(111104K)
[684.194s][info][gc,heap        ] GC(2312) ParOldGen: 594053K(667648K)->610221K(667648K)
[684.194s][info][gc,metaspace   ] GC(2312) Metaspace: 19044K(19200K)->19044K(19200K) NonClass: 17214K(17344K)->17214K(17344K) Class: 1829K(1856K)->1829K(1856K)
[684.194s][info][gc             ] GC(2312) Pause Young (Allocation Failure) 797M->704M(869M) 133.661ms
[684.194s][info][gc,cpu         ] GC(2312) User=0.26s Sys=0.00s Real=0.14s
[684.272s][info][gc,start       ] GC(2313) Pause Young (Allocation Failure)
[684.383s][info][gc,promotion   ] GC(2313) Promotion failed
[684.383s][info][gc,heap        ] GC(2313) PSYoungGen: 222688K(222720K)->222688K(222720K) Eden: 111616K(111616K)->111616K(111616K) From: 111072K(111104K)->111072K(111104K)
[684.383s][info][gc,heap        ] GC(2313) ParOldGen: 610221K(667648K)->667645K(667648K)
[684.383s][info][gc,metaspace   ] GC(2313) Metaspace: 19044K(19200K)->19044K(19200K) NonClass: 17214K(17344K)->17214K(17344K) Class: 1829K(1856K)->1829K(1856K)
[684.383s][info][gc             ] GC(2313) Pause Young (Allocation Failure) 813M->869M(869M) 111.122ms
[684.383s][info][gc,cpu         ] GC(2313) User=0.22s Sys=0.00s Real=0.12s
[684.383s][info][gc,start       ] GC(2314) Pause Full (Allocation Failure)
[684.383s][info][gc,phases,start] GC(2314) Marking Phase
[684.755s][info][gc,phases      ] GC(2314) Marking Phase 372.437ms
[684.755s][info][gc,phases,start] GC(2314) Summary Phase
[684.755s][info][gc,phases      ] GC(2314) Summary Phase 0.030ms
[684.755s][info][gc,phases,start] GC(2314) Forward
[684.850s][info][gc,phases      ] GC(2314) Forward 94.565ms
[684.850s][info][gc,phases,start] GC(2314) Adjust Pointers
[685.141s][info][gc,phases      ] GC(2314) Adjust Pointers 291.170ms
[685.141s][info][gc,phases,start] GC(2314) Compaction Phase
[685.292s][info][gc,phases      ] GC(2314) Compaction Phase 151.292ms
[685.302s][info][gc,phases,start] GC(2314) Post Compact
[685.305s][info][gc,phases      ] GC(2314) Post Compact 2.662ms
[685.305s][info][gc,heap        ] GC(2314) PSYoungGen: 222688K(222720K)->0K(222720K) Eden: 111616K(111616K)->0K(111616K) From: 111072K(111104K)->0K(111104K)
[685.305s][info][gc,heap        ] GC(2314) ParOldGen: 667645K(667648K)->544978K(667648K)
[685.305s][info][gc,metaspace   ] GC(2314) Metaspace: 19044K(19200K)->19044K(19200K) NonClass: 17214K(17344K)->17214K(17344K) Class: 1829K(1856K)->1829K(1856K)
[685.305s][info][gc             ] GC(2314) Pause Full (Allocation Failure) 869M->532M(869M) 921.970ms
[685.305s][info][gc,cpu         ] GC(2314) User=1.74s Sys=0.00s Real=0.92s
[685.428s][info][gc,start       ] GC(2315) Pause Young (Allocation Failure)
[685.435s][info][gc,heap        ] GC(2315) PSYoungGen: 111616K(222720K)->800K(222720K) Eden: 111616K(111616K)->0K(111616K) From: 0K(111104K)->800K(111104K)
[685.435s][info][gc,heap        ] GC(2315) ParOldGen: 544978K(667648K)->544978K(667648K)
[685.435s][info][gc,metaspace   ] GC(2315) Metaspace: 19044K(19200K)->19044K(19200K) NonClass: 17214K(17344K)->17214K(17344K) Class: 1829K(1856K)->1829K(1856K)
[685.435s][info][gc             ] GC(2315) Pause Young (Allocation Failure) 641M->532M(869M) 7.640ms
[685.435s][info][gc,cpu         ] GC(2315) User=0.02s Sys=0.00s Real=0.01s
[685.554s][info][gc,start       ] GC(2316) Pause Young (Allocation Failure)
[685.566s][info][gc,heap        ] GC(2316) PSYoungGen: 112416K(222720K)->5056K(222720K) Eden: 111616K(111616K)->0K(111616K) From: 800K(111104K)->5056K(111104K)
[685.566s][info][gc,heap        ] GC(2316) ParOldGen: 544978K(667648K)->544978K(667648K)
[685.566s][info][gc,metaspace   ] GC(2316) Metaspace: 19044K(19200K)->19044K(19200K) NonClass: 17214K(17344K)->17214K(17344K) Class: 1829K(1856K)->1829K(1856K)
[685.566s][info][gc             ] GC(2316) Pause Young (Allocation Failure) 641M->537M(869M) 12.217ms
[685.566s][info][gc,cpu         ] GC(2316) User=0.03s Sys=0.00s Real=0.01s
[685.711s][info][gc,start       ] GC(2317) Pause Young (Allocation Failure)
[685.725s][info][gc,heap        ] GC(2317) PSYoungGen: 116672K(222720K)->10976K(222720K) Eden: 111616K(111616K)->0K(111616K) From: 5056K(111104K)->10976K(111104K)
[685.725s][info][gc,heap        ] GC(2317) ParOldGen: 544978K(667648K)->544978K(667648K)
[685.725s][info][gc,metaspace   ] GC(2317) Metaspace: 19044K(19200K)->19044K(19200K) NonClass: 17214K(17344K)->17214K(17344K) Class: 1829K(1856K)->1829K(1856K)
[685.725s][info][gc             ] GC(2317) Pause Young (Allocation Failure) 646M->542M(869M) 13.595ms
[685.725s][info][gc,cpu         ] GC(2317) User=0.03s Sys=0.00s Real=0.02s
[685.899s][info][gc,start       ] GC(2318) Pause Young (Allocation Failure)
[685.923s][info][gc,heap        ] GC(2318) PSYoungGen: 122592K(222720K)->16832K(222720K) Eden: 111616K(111616K)->0K(111616K) From: 10976K(111104K)->16832K(111104K)
[685.923s][info][gc,heap        ] GC(2318) ParOldGen: 544978K(667648K)->550018K(667648K)
[685.923s][info][gc,metaspace   ] GC(2318) Metaspace: 19044K(19200K)->19044K(19200K) NonClass: 17214K(17344K)->17214K(17344K) Class: 1829K(1856K)->1829K(1856K)
[685.923s][info][gc             ] GC(2318) Pause Young (Allocation Failure) 651M->553M(869M) 24.435ms
[685.923s][info][gc,cpu         ] GC(2318) User=0.04s Sys=0.00s Real=0.03s
[686.119s][info][gc,start       ] GC(2319) Pause Young (Allocation Failure)
[686.161s][info][gc,heap        ] GC(2319) PSYoungGen: 128448K(222720K)->12032K(222720K) Eden: 111616K(111616K)->0K(111616K) From: 16832K(111104K)->12032K(111104K)
[686.161s][info][gc,heap        ] GC(2319) ParOldGen: 550018K(667648K)->566874K(667648K)
[686.161s][info][gc,metaspace   ] GC(2319) Metaspace: 19044K(19200K)->19044K(19200K) NonClass: 17214K(17344K)->17214K(17344K) Class: 1829K(1856K)->1829K(1856K)
[686.161s][info][gc             ] GC(2319) Pause Young (Allocation Failure) 662M->565M(869M) 41.669ms
[686.161s][info][gc,cpu         ] GC(2319) User=0.08s Sys=0.00s Real=0.04s
[686.485s][info][gc,start       ] GC(2320) Pause Young (Allocation Failure)
[686.501s][info][gc,heap        ] GC(2320) PSYoungGen: 123648K(222720K)->3232K(222720K) Eden: 111616K(111616K)->0K(111616K) From: 12032K(111104K)->3232K(111104K)
[686.501s][info][gc,heap        ] GC(2320) ParOldGen: 566874K(667648K)->578914K(667648K)
[686.501s][info][gc,metaspace   ] GC(2320) Metaspace: 19044K(19200K)->19044K(19200K) NonClass: 17214K(17344K)->17214K(17344K) Class: 1829K(1856K)->1829K(1856K)
[686.501s][info][gc             ] GC(2320) Pause Young (Allocation Failure) 674M->568M(869M) 16.308ms
[686.501s][info][gc,cpu         ] GC(2320) User=0.03s Sys=0.00s Real=0.01s
[686.580s][info][gc,start       ] GC(2321) Pause Young (Allocation Failure)
[686.610s][info][gc,heap        ] GC(2321) PSYoungGen: 114848K(222720K)->38848K(222720K) Eden: 111616K(111616K)->0K(111616K) From: 3232K(111104K)->38848K(111104K)
[686.610s][info][gc,heap        ] GC(2321) ParOldGen: 578914K(667648K)->581939K(667648K)
[686.610s][info][gc,metaspace   ] GC(2321) Metaspace: 19044K(19200K)->19044K(19200K) NonClass: 17214K(17344K)->17214K(17344K) Class: 1829K(1856K)->1829K(1856K)
[686.610s][info][gc             ] GC(2321) Pause Young (Allocation Failure) 677M->606M(869M) 30.177ms
[686.610s][info][gc,cpu         ] GC(2321) User=0.06s Sys=0.00s Real=0.03s
[686.755s][info][gc,start       ] GC(2322) Pause Young (Allocation Failure)
[686.791s][info][gc,heap        ] GC(2322) PSYoungGen: 150464K(222720K)->6272K(222720K) Eden: 111616K(111616K)->0K(111616K) From: 38848K(111104K)->6272K(111104K)
[686.791s][info][gc,heap        ] GC(2322) ParOldGen: 581939K(667648K)->621267K(667648K)
[686.791s][info][gc,metaspace   ] GC(2322) Metaspace: 19044K(19200K)->19044K(19200K) NonClass: 17214K(17344K)->17214K(17344K) Class: 1829K(1856K)->1829K(1856K)
[686.791s][info][gc             ] GC(2322) Pause Young (Allocation Failure) 715M->612M(869M) 35.867ms
[686.791s][info][gc,cpu         ] GC(2322) User=0.07s Sys=0.00s Real=0.03s
[686.965s][info][gc,start       ] GC(2323) Pause Young (Allocation Failure)
[686.985s][info][gc,heap        ] GC(2323) PSYoungGen: 117888K(222720K)->7168K(222720K) Eden: 111616K(111616K)->0K(111616K) From: 6272K(111104K)->7168K(111104K)
[686.985s][info][gc,heap        ] GC(2323) ParOldGen: 621267K(667648K)->627267K(667648K)
[686.985s][info][gc,metaspace   ] GC(2323) Metaspace: 19044K(19200K)->19044K(19200K) NonClass: 17214K(17344K)->17214K(17344K) Class: 1829K(1856K)->1829K(1856K)
[686.985s][info][gc             ] GC(2323) Pause Young (Allocation Failure) 721M->619M(869M) 20.178ms
[686.985s][info][gc,cpu         ] GC(2323) User=0.04s Sys=0.00s Real=0.02s
[687.138s][info][gc,start       ] GC(2324) Pause Young (Allocation Failure)
[687.156s][info][gc,heap        ] GC(2324) PSYoungGen: 118784K(222720K)->7360K(222720K) Eden: 111616K(111616K)->0K(111616K) From: 7168K(111104K)->7360K(111104K)
[687.156s][info][gc,heap        ] GC(2324) ParOldGen: 627267K(667648K)->634411K(667648K)
[687.156s][info][gc,metaspace   ] GC(2324) Metaspace: 19044K(19200K)->19044K(19200K) NonClass: 17214K(17344K)->17214K(17344K) Class: 1829K(1856K)->1829K(1856K)
[687.156s][info][gc             ] GC(2324) Pause Young (Allocation Failure) 728M->626M(869M) 17.663ms
[687.156s][info][gc,cpu         ] GC(2324) User=0.04s Sys=0.00s Real=0.02s
[687.272s][info][gc,start       ] GC(2325) Pause Full (Allocation Failure)
[687.272s][info][gc,phases,start] GC(2325) Marking Phase
[687.602s][info][gc,phases      ] GC(2325) Marking Phase 329.410ms
[687.602s][info][gc,phases,start] GC(2325) Summary Phase
[687.602s][info][gc,phases      ] GC(2325) Summary Phase 0.029ms
[687.602s][info][gc,phases,start] GC(2325) Forward
[687.711s][info][gc,phases      ] GC(2325) Forward 109.449ms
[687.711s][info][gc,phases,start] GC(2325) Adjust Pointers
[687.971s][info][gc,phases      ] GC(2325) Adjust Pointers 259.538ms
[687.971s][info][gc,phases,start] GC(2325) Compaction Phase
[688.118s][info][gc,phases      ] GC(2325) Compaction Phase 147.211ms
[688.128s][info][gc,phases,start] GC(2325) Post Compact
[688.130s][info][gc,phases      ] GC(2325) Post Compact 2.260ms
[688.130s][info][gc,heap        ] GC(2325) PSYoungGen: 118976K(222720K)->0K(222720K) Eden: 111616K(111616K)->0K(111616K) From: 7360K(111104K)->0K(111104K)
[688.130s][info][gc,heap        ] GC(2325) ParOldGen: 634411K(667648K)->481312K(667648K)
[688.130s][info][gc,metaspace   ] GC(2325) Metaspace: 19044K(19200K)->19044K(19200K) NonClass: 17214K(17344K)->17214K(17344K) Class: 1829K(1856K)->1829K(1856K)
[688.130s][info][gc             ] GC(2325) Pause Full (Allocation Failure) 735M->470M(869M) 857.667ms
[688.130s][info][gc,cpu         ] GC(2325) User=1.62s Sys=0.00s Real=0.85s
[688.229s][info][gc,start       ] GC(2326) Pause Young (Allocation Failure)
[688.234s][info][gc,heap        ] GC(2326) PSYoungGen: 111616K(222720K)->1088K(222720K) Eden: 111616K(111616K)->0K(111616K) From: 0K(111104K)->1088K(111104K)
[688.234s][info][gc,heap        ] GC(2326) ParOldGen: 481312K(667648K)->481312K(667648K)
[688.234s][info][gc,metaspace   ] GC(2326) Metaspace: 19044K(19200K)->19044K(19200K) NonClass: 17214K(17344K)->17214K(17344K) Class: 1829K(1856K)->1829K(1856K)
[688.234s][info][gc             ] GC(2326) Pause Young (Allocation Failure) 579M->471M(869M) 4.545ms
[688.234s][info][gc,cpu         ] GC(2326) User=0.01s Sys=0.00s Real=0.01s
[688.362s][info][gc,start       ] GC(2327) Pause Young (Allocation Failure)
[688.370s][info][gc,heap        ] GC(2327) PSYoungGen: 112704K(222720K)->2944K(222720K) Eden: 111616K(111616K)->0K(111616K) From: 1088K(111104K)->2944K(111104K)
[688.370s][info][gc,heap        ] GC(2327) ParOldGen: 481312K(667648K)->482376K(667648K)
[688.370s][info][gc,metaspace   ] GC(2327) Metaspace: 19044K(19200K)->19044K(19200K) NonClass: 17214K(17344K)->17214K(17344K) Class: 1829K(1856K)->1829K(1856K)
[688.370s][info][gc             ] GC(2327) Pause Young (Allocation Failure) 580M->473M(869M) 7.385ms
[688.370s][info][gc,cpu         ] GC(2327) User=0.01s Sys=0.00s Real=0.00s
[688.523s][info][gc,start       ] GC(2328) Pause Young (Allocation Failure)
[688.543s][info][gc,heap        ] GC(2328) PSYoungGen: 114560K(222720K)->14784K(221696K) Eden: 111616K(111616K)->0K(111616K) From: 2944K(111104K)->14784K(110080K)
[688.543s][info][gc,heap        ] GC(2328) ParOldGen: 482376K(667648K)->485280K(667648K)
[688.543s][info][gc,metaspace   ] GC(2328) Metaspace: 19044K(19200K)->19044K(19200K) NonClass: 17214K(17344K)->17214K(17344K) Class: 1829K(1856K)->1829K(1856K)
[688.543s][info][gc             ] GC(2328) Pause Young (Allocation Failure) 582M->488M(868M) 19.750ms
[688.543s][info][gc,cpu         ] GC(2328) User=0.03s Sys=0.00s Real=0.02s
[688.843s][info][gc,start       ] GC(2329) Pause Young (Allocation Failure)
[688.860s][info][gc,heap        ] GC(2329) PSYoungGen: 126400K(221696K)->14816K(126464K) Eden: 111616K(111616K)->0K(111616K) From: 14784K(110080K)->14816K(14848K)
[688.860s][info][gc,heap        ] GC(2329) ParOldGen: 485280K(667648K)->485280K(667648K)
[688.860s][info][gc,metaspace   ] GC(2329) Metaspace: 19044K(19200K)->19044K(19200K) NonClass: 17214K(17344K)->17214K(17344K) Class: 1829K(1856K)->1829K(1856K)
[688.860s][info][gc             ] GC(2329) Pause Young (Allocation Failure) 597M->488M(775M) 16.463ms
[688.860s][info][gc,cpu         ] GC(2329) User=0.03s Sys=0.00s Real=0.01s
[689.139s][info][gc,start       ] GC(2330) Pause Young (Allocation Failure)
[689.155s][info][gc,heap        ] GC(2330) PSYoungGen: 126432K(126464K)->14816K(206848K) Eden: 111616K(111616K)->0K(114688K) From: 14816K(14848K)->14816K(92160K)
[689.156s][info][gc,heap        ] GC(2330) ParOldGen: 485280K(667648K)->485280K(667648K)
[689.156s][info][gc,metaspace   ] GC(2330) Metaspace: 19044K(19200K)->19044K(19200K) NonClass: 17214K(17344K)->17214K(17344K) Class: 1829K(1856K)->1829K(1856K)
[689.156s][info][gc             ] GC(2330) Pause Young (Allocation Failure) 597M->488M(854M) 16.664ms
[689.156s][info][gc,cpu         ] GC(2330) User=0.03s Sys=0.00s Real=0.02s
[689.410s][info][gc,start       ] GC(2331) Pause Young (Allocation Failure)
[689.427s][info][gc,heap        ] GC(2331) PSYoungGen: 129504K(206848K)->14816K(129536K) Eden: 114688K(114688K)->0K(114688K) From: 14816K(92160K)->14816K(14848K)
[689.427s][info][gc,heap        ] GC(2331) ParOldGen: 485280K(667648K)->485280K(667648K)
[689.427s][info][gc,metaspace   ] GC(2331) Metaspace: 19044K(19200K)->19044K(19200K) NonClass: 17214K(17344K)->17214K(17344K) Class: 1829K(1856K)->1829K(1856K)
[689.427s][info][gc             ] GC(2331) Pause Young (Allocation Failure) 600M->488M(778M) 17.244ms
[689.427s][info][gc,cpu         ] GC(2331) User=0.04s Sys=0.00s Real=0.02s
[689.666s][info][gc,start       ] GC(2332) Pause Young (Allocation Failure)
[689.692s][info][gc,heap        ] GC(2332) PSYoungGen: 129504K(129536K)->14848K(198144K) Eden: 114688K(114688K)->0K(117760K) From: 14816K(14848K)->14848K(80384K)
[689.692s][info][gc,heap        ] GC(2332) ParOldGen: 485280K(667648K)->485280K(667648K)
[689.692s][info][gc,metaspace   ] GC(2332) Metaspace: 19044K(19200K)->19044K(19200K) NonClass: 17214K(17344K)->17214K(17344K) Class: 1829K(1856K)->1829K(1856K)
[689.692s][info][gc             ] GC(2332) Pause Young (Allocation Failure) 600M->488M(845M) 25.779ms
[689.692s][info][gc,cpu         ] GC(2332) User=0.04s Sys=0.01s Real=0.03s
[689.816s][info][gc,start       ] GC(2333) Pause Young (Allocation Failure)
[689.856s][info][gc,heap        ] GC(2333) PSYoungGen: 132608K(198144K)->40384K(203776K) Eden: 117760K(117760K)->0K(117760K) From: 14848K(80384K)->40384K(86016K)
[689.856s][info][gc,heap        ] GC(2333) ParOldGen: 485280K(667648K)->485280K(667648K)
[689.856s][info][gc,metaspace   ] GC(2333) Metaspace: 19044K(19200K)->19044K(19200K) NonClass: 17214K(17344K)->17214K(17344K) Class: 1829K(1856K)->1829K(1856K)
[689.856s][info][gc             ] GC(2333) Pause Young (Allocation Failure) 603M->513M(851M) 39.322ms
[689.856s][info][gc,cpu         ] GC(2333) User=0.08s Sys=0.00s Real=0.04s
[689.921s][info][gc,start       ] GC(2334) Pause Young (Allocation Failure)
[689.983s][info][gc,heap        ] GC(2334) PSYoungGen: 158144K(203776K)->85152K(192000K) Eden: 117760K(117760K)->0K(105472K) From: 40384K(86016K)->85152K(86528K)
[689.983s][info][gc,heap        ] GC(2334) ParOldGen: 485280K(667648K)->485280K(667648K)
[689.983s][info][gc,metaspace   ] GC(2334) Metaspace: 19044K(19200K)->19044K(19200K) NonClass: 17214K(17344K)->17214K(17344K) Class: 1829K(1856K)->1829K(1856K)
[689.983s][info][gc             ] GC(2334) Pause Young (Allocation Failure) 628M->557M(839M) 62.138ms
[689.983s][info][gc,cpu         ] GC(2334) User=0.12s Sys=0.00s Real=0.07s
[690.142s][info][gc,start       ] GC(2335) Pause Young (Allocation Failure)
[690.200s][info][gc,heap        ] GC(2335) PSYoungGen: 190624K(192000K)->89801K(208384K) Eden: 105472K(105472K)->0K(105472K) From: 85152K(86528K)->89801K(102912K)
[690.200s][info][gc,heap        ] GC(2335) ParOldGen: 485280K(667648K)->485280K(667648K)
[690.200s][info][gc,metaspace   ] GC(2335) Metaspace: 19044K(19200K)->19044K(19200K) NonClass: 17214K(17344K)->17214K(17344K) Class: 1829K(1856K)->1829K(1856K)
[690.200s][info][gc             ] GC(2335) Pause Young (Allocation Failure) 660M->561M(855M) 58.330ms
[690.200s][info][gc,cpu         ] GC(2335) User=0.12s Sys=0.00s Real=0.06s
[690.266s][info][gc,start       ] GC(2336) Pause Young (Allocation Failure)
[690.347s][info][gc,heap        ] GC(2336) PSYoungGen: 195273K(208384K)->92953K(222720K) Eden: 105472K(105472K)->0K(111616K) From: 89801K(102912K)->92953K(111104K)
[690.348s][info][gc,heap        ] GC(2336) ParOldGen: 485280K(667648K)->500125K(667648K)
[690.348s][info][gc,metaspace   ] GC(2336) Metaspace: 19044K(19200K)->19044K(19200K) NonClass: 17214K(17344K)->17214K(17344K) Class: 1829K(1856K)->1829K(1856K)
[690.348s][info][gc             ] GC(2336) Pause Young (Allocation Failure) 664M->579M(869M) 81.534ms
[690.348s][info][gc,cpu         ] GC(2336) User=0.14s Sys=0.02s Real=0.08s
[690.406s][info][gc,start       ] GC(2337) Pause Young (Allocation Failure)
[690.492s][info][gc,heap        ] GC(2337) PSYoungGen: 204569K(222720K)->111081K(222720K) Eden: 111616K(111616K)->0K(111616K) From: 92953K(111104K)->111081K(111104K)
[690.492s][info][gc,heap        ] GC(2337) ParOldGen: 500125K(667648K)->522013K(667648K)
[690.492s][info][gc,metaspace   ] GC(2337) Metaspace: 19044K(19200K)->19044K(19200K) NonClass: 17214K(17344K)->17214K(17344K) Class: 1829K(1856K)->1829K(1856K)
[690.492s][info][gc             ] GC(2337) Pause Young (Allocation Failure) 688M->618M(869M) 85.570ms
[690.492s][info][gc,cpu         ] GC(2337) User=0.17s Sys=0.00s Real=0.09s
[690.632s][info][gc,start       ] GC(2338) Pause Young (Allocation Failure)
[690.761s][info][gc,heap        ] GC(2338) PSYoungGen: 222697K(222720K)->111072K(222720K) Eden: 111616K(111616K)->0K(111616K) From: 111081K(111104K)->111072K(111104K)
[690.761s][info][gc,heap        ] GC(2338) ParOldGen: 522013K(667648K)->558329K(667648K)
[690.761s][info][gc,metaspace   ] GC(2338) Metaspace: 19044K(19200K)->19044K(19200K) NonClass: 17214K(17344K)->17214K(17344K) Class: 1829K(1856K)->1829K(1856K)
[690.761s][info][gc             ] GC(2338) Pause Young (Allocation Failure) 727M->653M(869M) 128.769ms
[690.761s][info][gc,cpu         ] GC(2338) User=0.24s Sys=0.01s Real=0.12s
[690.838s][info][gc,start       ] GC(2339) Pause Young (Allocation Failure)
[690.937s][info][gc,heap        ] GC(2339) PSYoungGen: 222688K(222720K)->64080K(222720K) Eden: 111616K(111616K)->0K(111616K) From: 111072K(111104K)->64080K(111104K)
[690.937s][info][gc,heap        ] GC(2339) ParOldGen: 558329K(667648K)->608176K(667648K)
[690.937s][info][gc,metaspace   ] GC(2339) Metaspace: 19044K(19200K)->19044K(19200K) NonClass: 17214K(17344K)->17214K(17344K) Class: 1829K(1856K)->1829K(1856K)
[690.937s][info][gc             ] GC(2339) Pause Young (Allocation Failure) 762M->656M(869M) 98.556ms
[690.937s][info][gc,cpu         ] GC(2339) User=0.20s Sys=0.00s Real=0.10s
[691.079s][info][gc,start       ] GC(2340) Pause Young (Allocation Failure)
[691.173s][info][gc,heap        ] GC(2340) PSYoungGen: 175696K(222720K)->53600K(222720K) Eden: 111616K(111616K)->0K(111616K) From: 64080K(111104K)->53600K(111104K)
[691.173s][info][gc,heap        ] GC(2340) ParOldGen: 608176K(667648K)->634976K(667648K)
[691.173s][info][gc,metaspace   ] GC(2340) Metaspace: 19044K(19200K)->19044K(19200K) NonClass: 17214K(17344K)->17214K(17344K) Class: 1829K(1856K)->1829K(1856K)
[691.173s][info][gc             ] GC(2340) Pause Young (Allocation Failure) 765M->672M(869M) 93.876ms
[691.173s][info][gc,cpu         ] GC(2340) User=0.19s Sys=0.00s Real=0.10s
[691.309s][info][gc,start       ] GC(2341) Pause Full (Allocation Failure)
[691.309s][info][gc,phases,start] GC(2341) Marking Phase
[691.642s][info][gc,phases      ] GC(2341) Marking Phase 333.322ms
[691.642s][info][gc,phases,start] GC(2341) Summary Phase
[691.642s][info][gc,phases      ] GC(2341) Summary Phase 0.028ms
[691.642s][info][gc,phases,start] GC(2341) Forward
[691.749s][info][gc,phases      ] GC(2341) Forward 107.336ms
[691.749s][info][gc,phases,start] GC(2341) Adjust Pointers
[692.023s][info][gc,phases      ] GC(2341) Adjust Pointers 273.503ms
[692.023s][info][gc,phases,start] GC(2341) Compaction Phase
[692.178s][info][gc,phases      ] GC(2341) Compaction Phase 154.764ms
[692.192s][info][gc,phases,start] GC(2341) Post Compact
[692.194s][info][gc,phases      ] GC(2341) Post Compact 2.367ms
[692.194s][info][gc,heap        ] GC(2341) PSYoungGen: 165216K(222720K)->0K(222720K) Eden: 111616K(111616K)->0K(111616K) From: 53600K(111104K)->0K(111104K)
[692.194s][info][gc,heap        ] GC(2341) ParOldGen: 634976K(667648K)->514485K(667648K)
[692.194s][info][gc,metaspace   ] GC(2341) Metaspace: 19044K(19200K)->19044K(19200K) NonClass: 17214K(17344K)->17214K(17344K) Class: 1829K(1856K)->1829K(1856K)
[692.194s][info][gc             ] GC(2341) Pause Full (Allocation Failure) 781M->502M(869M) 885.694ms
[692.194s][info][gc,cpu         ] GC(2341) User=1.67s Sys=0.00s Real=0.89s
[692.338s][info][gc,start       ] GC(2342) Pause Young (Allocation Failure)
[692.340s][info][gc,heap        ] GC(2342) PSYoungGen: 111616K(222720K)->64K(222720K) Eden: 111616K(111616K)->0K(111616K) From: 0K(111104K)->64K(111104K)
[692.340s][info][gc,heap        ] GC(2342) ParOldGen: 514485K(667648K)->514485K(667648K)
[692.340s][info][gc,metaspace   ] GC(2342) Metaspace: 19044K(19200K)->19044K(19200K) NonClass: 17214K(17344K)->17214K(17344K) Class: 1829K(1856K)->1829K(1856K)
[692.340s][info][gc             ] GC(2342) Pause Young (Allocation Failure) 611M->502M(869M) 1.749ms
[692.340s][info][gc,cpu         ] GC(2342) User=0.00s Sys=0.00s Real=0.00s
[692.476s][info][gc,start       ] GC(2343) Pause Young (Allocation Failure)
[692.478s][info][gc,heap        ] GC(2343) PSYoungGen: 111680K(222720K)->64K(222720K) Eden: 111616K(111616K)->0K(111616K) From: 64K(111104K)->64K(111104K)
[692.478s][info][gc,heap        ] GC(2343) ParOldGen: 514485K(667648K)->514493K(667648K)
[692.478s][info][gc,metaspace   ] GC(2343) Metaspace: 19044K(19200K)->19044K(19200K) NonClass: 17214K(17344K)->17214K(17344K) Class: 1829K(1856K)->1829K(1856K)
[692.478s][info][gc             ] GC(2343) Pause Young (Allocation Failure) 611M->502M(869M) 1.734ms
[692.478s][info][gc,cpu         ] GC(2343) User=0.00s Sys=0.00s Real=0.00s
[692.612s][info][gc,start       ] GC(2344) Pause Young (Allocation Failure)
[692.614s][info][gc,heap        ] GC(2344) PSYoungGen: 111680K(222720K)->64K(222720K) Eden: 111616K(111616K)->0K(111616K) From: 64K(111104K)->64K(111104K)
[692.614s][info][gc,heap        ] GC(2344) ParOldGen: 514493K(667648K)->514493K(667648K)
[692.614s][info][gc,metaspace   ] GC(2344) Metaspace: 19044K(19200K)->19044K(19200K) NonClass: 17214K(17344K)->17214K(17344K) Class: 1829K(1856K)->1829K(1856K)
[692.614s][info][gc             ] GC(2344) Pause Young (Allocation Failure) 611M->502M(869M) 1.696ms
[692.614s][info][gc,cpu         ] GC(2344) User=0.00s Sys=0.00s Real=0.00s
[692.749s][info][gc,start       ] GC(2345) Pause Young (Allocation Failure)
[692.751s][info][gc,heap        ] GC(2345) PSYoungGen: 111680K(222720K)->64K(222720K) Eden: 111616K(111616K)->0K(111616K) From: 64K(111104K)->64K(111104K)
[692.751s][info][gc,heap        ] GC(2345) ParOldGen: 514493K(667648K)->514493K(667648K)
[692.751s][info][gc,metaspace   ] GC(2345) Metaspace: 19044K(19200K)->19044K(19200K) NonClass: 17214K(17344K)->17214K(17344K) Class: 1829K(1856K)->1829K(1856K)
[692.751s][info][gc             ] GC(2345) Pause Young (Allocation Failure) 611M->502M(869M) 2.337ms
[692.751s][info][gc,cpu         ] GC(2345) User=0.01s Sys=0.00s Real=0.00s
[692.885s][info][gc,start       ] GC(2346) Pause Young (Allocation Failure)
[692.886s][info][gc,heap        ] GC(2346) PSYoungGen: 111680K(222720K)->64K(222720K) Eden: 111616K(111616K)->0K(111616K) From: 64K(111104K)->64K(111104K)
[692.886s][info][gc,heap        ] GC(2346) ParOldGen: 514493K(667648K)->514493K(667648K)
[692.886s][info][gc,metaspace   ] GC(2346) Metaspace: 19044K(19200K)->19044K(19200K) NonClass: 17214K(17344K)->17214K(17344K) Class: 1829K(1856K)->1829K(1856K)
[692.886s][info][gc             ] GC(2346) Pause Young (Allocation Failure) 611M->502M(869M) 1.735ms
[692.886s][info][gc,cpu         ] GC(2346) User=0.00s Sys=0.00s Real=0.00s
[693.021s][info][gc,start       ] GC(2347) Pause Young (Allocation Failure)
[693.022s][info][gc,heap        ] GC(2347) PSYoungGen: 111680K(222720K)->64K(222720K) Eden: 111616K(111616K)->0K(111616K) From: 64K(111104K)->64K(111104K)
[693.022s][info][gc,heap        ] GC(2347) ParOldGen: 514493K(667648K)->514493K(667648K)
[693.022s][info][gc,metaspace   ] GC(2347) Metaspace: 19044K(19200K)->19044K(19200K) NonClass: 17214K(17344K)->17214K(17344K) Class: 1829K(1856K)->1829K(1856K)
[693.022s][info][gc             ] GC(2347) Pause Young (Allocation Failure) 611M->502M(869M) 1.661ms
[693.022s][info][gc,cpu         ] GC(2347) User=0.00s Sys=0.00s Real=0.01s
[693.158s][info][gc,start       ] GC(2348) Pause Young (Allocation Failure)
[693.160s][info][gc,heap        ] GC(2348) PSYoungGen: 111680K(222720K)->64K(222720K) Eden: 111616K(111616K)->0K(111616K) From: 64K(111104K)->64K(111104K)
[693.160s][info][gc,heap        ] GC(2348) ParOldGen: 514493K(667648K)->514493K(667648K)
[693.160s][info][gc,metaspace   ] GC(2348) Metaspace: 19044K(19200K)->19044K(19200K) NonClass: 17214K(17344K)->17214K(17344K) Class: 1829K(1856K)->1829K(1856K)
[693.160s][info][gc             ] GC(2348) Pause Young (Allocation Failure) 611M->502M(869M) 1.716ms
[693.160s][info][gc,cpu         ] GC(2348) User=0.01s Sys=0.00s Real=0.00s
[693.293s][info][gc,start       ] GC(2349) Pause Young (Allocation Failure)
[693.295s][info][gc,heap        ] GC(2349) PSYoungGen: 111680K(222720K)->64K(222720K) Eden: 111616K(111616K)->0K(111616K) From: 64K(111104K)->64K(111104K)
[693.295s][info][gc,heap        ] GC(2349) ParOldGen: 514493K(667648K)->514493K(667648K)
[693.295s][info][gc,metaspace   ] GC(2349) Metaspace: 19044K(19200K)->19044K(19200K) NonClass: 17214K(17344K)->17214K(17344K) Class: 1829K(1856K)->1829K(1856K)
[693.295s][info][gc             ] GC(2349) Pause Young (Allocation Failure) 611M->502M(869M) 1.720ms
[693.295s][info][gc,cpu         ] GC(2349) User=0.00s Sys=0.00s Real=0.00s
[693.430s][info][gc,start       ] GC(2350) Pause Young (Allocation Failure)
[693.431s][info][gc,heap        ] GC(2350) PSYoungGen: 111680K(222720K)->64K(222720K) Eden: 111616K(111616K)->0K(111616K) From: 64K(111104K)->64K(111104K)
[693.431s][info][gc,heap        ] GC(2350) ParOldGen: 514493K(667648K)->514493K(667648K)
[693.431s][info][gc,metaspace   ] GC(2350) Metaspace: 19044K(19200K)->19044K(19200K) NonClass: 17214K(17344K)->17214K(17344K) Class: 1829K(1856K)->1829K(1856K)
[693.431s][info][gc             ] GC(2350) Pause Young (Allocation Failure) 611M->502M(869M) 1.655ms
[693.431s][info][gc,cpu         ] GC(2350) User=0.01s Sys=0.00s Real=0.00s
[693.564s][info][gc,start       ] GC(2351) Pause Young (Allocation Failure)
[693.566s][info][gc,heap        ] GC(2351) PSYoungGen: 111680K(222720K)->64K(222720K) Eden: 111616K(111616K)->0K(111616K) From: 64K(111104K)->64K(111104K)
[693.566s][info][gc,heap        ] GC(2351) ParOldGen: 514493K(667648K)->514493K(667648K)
[693.566s][info][gc,metaspace   ] GC(2351) Metaspace: 19044K(19200K)->19044K(19200K) NonClass: 17214K(17344K)->17214K(17344K) Class: 1829K(1856K)->1829K(1856K)
[693.566s][info][gc             ] GC(2351) Pause Young (Allocation Failure) 611M->502M(869M) 1.719ms
[693.566s][info][gc,cpu         ] GC(2351) User=0.00s Sys=0.00s Real=0.00s
[693.683s][info][gc,start       ] GC(2352) Pause Young (Allocation Failure)
[693.697s][info][gc,heap        ] GC(2352) PSYoungGen: 111680K(222720K)->11008K(221696K) Eden: 111616K(111616K)->0K(111616K) From: 64K(111104K)->11008K(110080K)
[693.697s][info][gc,heap        ] GC(2352) ParOldGen: 514493K(667648K)->514493K(667648K)
[693.697s][info][gc,metaspace   ] GC(2352) Metaspace: 19044K(19200K)->19044K(19200K) NonClass: 17214K(17344K)->17214K(17344K) Class: 1829K(1856K)->1829K(1856K)
[693.697s][info][gc             ] GC(2352) Pause Young (Allocation Failure) 611M->513M(868M) 13.706ms
[693.697s][info][gc,cpu         ] GC(2352) User=0.02s Sys=0.00s Real=0.01s
[693.795s][info][gc,start       ] GC(2353) Pause Young (Allocation Failure)
[693.821s][info][gc,heap        ] GC(2353) PSYoungGen: 122624K(221696K)->23552K(135168K) Eden: 111616K(111616K)->0K(111616K) From: 11008K(110080K)->23552K(23552K)
[693.821s][info][gc,heap        ] GC(2353) ParOldGen: 514493K(667648K)->514493K(667648K)
[693.821s][info][gc,metaspace   ] GC(2353) Metaspace: 19044K(19200K)->19044K(19200K) NonClass: 17214K(17344K)->17214K(17344K) Class: 1829K(1856K)->1829K(1856K)
[693.821s][info][gc             ] GC(2353) Pause Young (Allocation Failure) 622M->525M(784M) 26.048ms
[693.821s][info][gc,cpu         ] GC(2353) User=0.05s Sys=0.00s Real=0.02s
[693.930s][info][gc,start       ] GC(2354) Pause Young (Allocation Failure)
[693.966s][info][gc,heap        ] GC(2354) PSYoungGen: 135168K(135168K)->36512K(217600K) Eden: 111616K(111616K)->0K(115200K) From: 23552K(23552K)->36512K(102400K)
[693.966s][info][gc,heap        ] GC(2354) ParOldGen: 514493K(667648K)->514493K(667648K)
[693.966s][info][gc,metaspace   ] GC(2354) Metaspace: 19044K(19200K)->19044K(19200K) NonClass: 17214K(17344K)->17214K(17344K) Class: 1829K(1856K)->1829K(1856K)
[693.966s][info][gc             ] GC(2354) Pause Young (Allocation Failure) 634M->538M(864M) 36.352ms
[693.966s][info][gc,cpu         ] GC(2354) User=0.07s Sys=0.00s Real=0.04s
[694.034s][info][gc,start       ] GC(2355) Pause Young (Allocation Failure)
[694.071s][info][gc,heap        ] GC(2355) PSYoungGen: 151712K(217600K)->38016K(216064K) Eden: 115200K(115200K)->0K(115200K) From: 36512K(102400K)->38016K(100864K)
[694.071s][info][gc,heap        ] GC(2355) ParOldGen: 514493K(667648K)->514493K(667648K)
[694.071s][info][gc,metaspace   ] GC(2355) Metaspace: 19044K(19200K)->19044K(19200K) NonClass: 17214K(17344K)->17214K(17344K) Class: 1829K(1856K)->1829K(1856K)
[694.071s][info][gc             ] GC(2355) Pause Young (Allocation Failure) 650M->539M(863M) 37.424ms
[694.071s][info][gc,cpu         ] GC(2355) User=0.07s Sys=0.00s Real=0.03s
[694.158s][info][gc,start       ] GC(2356) Pause Young (Allocation Failure)
[694.211s][info][gc,heap        ] GC(2356) PSYoungGen: 153216K(216064K)->51712K(217600K) Eden: 115200K(115200K)->0K(118784K) From: 38016K(100864K)->51712K(98816K)
[694.211s][info][gc,heap        ] GC(2356) ParOldGen: 514493K(667648K)->514493K(667648K)
[694.211s][info][gc,metaspace   ] GC(2356) Metaspace: 19044K(19200K)->19044K(19200K) NonClass: 17214K(17344K)->17214K(17344K) Class: 1829K(1856K)->1829K(1856K)
[694.211s][info][gc             ] GC(2356) Pause Young (Allocation Failure) 652M->552M(864M) 52.850ms
[694.211s][info][gc,cpu         ] GC(2356) User=0.11s Sys=0.00s Real=0.05s
[694.291s][info][gc,start       ] GC(2357) Pause Young (Allocation Failure)
[694.353s][info][gc,heap        ] GC(2357) PSYoungGen: 170496K(217600K)->62848K(220672K) Eden: 118784K(118784K)->0K(118784K) From: 51712K(98816K)->62848K(101888K)
[694.353s][info][gc,heap        ] GC(2357) ParOldGen: 514493K(667648K)->514493K(667648K)
[694.353s][info][gc,metaspace   ] GC(2357) Metaspace: 19044K(19200K)->19044K(19200K) NonClass: 17214K(17344K)->17214K(17344K) Class: 1829K(1856K)->1829K(1856K)
[694.353s][info][gc             ] GC(2357) Pause Young (Allocation Failure) 668M->563M(867M) 61.829ms
[694.353s][info][gc,cpu         ] GC(2357) User=0.12s Sys=0.00s Real=0.07s
[694.442s][info][gc,start       ] GC(2358) Pause Young (Allocation Failure)
[694.517s][info][gc,heap        ] GC(2358) PSYoungGen: 181632K(220672K)->76640K(219648K) Eden: 118784K(118784K)->0K(111616K) From: 62848K(101888K)->76640K(108032K)
[694.517s][info][gc,heap        ] GC(2358) ParOldGen: 514493K(667648K)->514493K(667648K)
[694.517s][info][gc,metaspace   ] GC(2358) Metaspace: 19044K(19200K)->19044K(19200K) NonClass: 17214K(17344K)->17214K(17344K) Class: 1829K(1856K)->1829K(1856K)
[694.517s][info][gc             ] GC(2358) Pause Young (Allocation Failure) 679M->577M(866M) 75.012ms
[694.517s][info][gc,cpu         ] GC(2358) User=0.15s Sys=0.00s Real=0.07s
[694.574s][info][gc,start       ] GC(2359) Pause Young (Allocation Failure)
[694.653s][info][gc,heap        ] GC(2359) PSYoungGen: 188256K(219648K)->57120K(222720K) Eden: 111616K(111616K)->0K(111616K) From: 76640K(108032K)->57120K(111104K)
[694.653s][info][gc,heap        ] GC(2359) ParOldGen: 514493K(667648K)->538077K(667648K)
[694.653s][info][gc,metaspace   ] GC(2359) Metaspace: 19044K(19200K)->19044K(19200K) NonClass: 17214K(17344K)->17214K(17344K) Class: 1829K(1856K)->1829K(1856K)
[694.653s][info][gc             ] GC(2359) Pause Young (Allocation Failure) 686M->581M(869M) 79.513ms
[694.653s][info][gc,cpu         ] GC(2359) User=0.15s Sys=0.00s Real=0.08s
[694.716s][info][gc,start       ] GC(2360) Pause Young (Allocation Failure)
[694.772s][info][gc,heap        ] GC(2360) PSYoungGen: 168736K(222720K)->44000K(222720K) Eden: 111616K(111616K)->0K(111616K) From: 57120K(111104K)->44000K(111104K)
[694.772s][info][gc,heap        ] GC(2360) ParOldGen: 538077K(667648K)->552605K(667648K)
[694.772s][info][gc,metaspace   ] GC(2360) Metaspace: 19044K(19200K)->19044K(19200K) NonClass: 17214K(17344K)->17214K(17344K) Class: 1829K(1856K)->1829K(1856K)
[694.772s][info][gc             ] GC(2360) Pause Young (Allocation Failure) 690M->582M(869M) 56.554ms
[694.772s][info][gc,cpu         ] GC(2360) User=0.11s Sys=0.00s Real=0.06s
[694.861s][info][gc,start       ] GC(2361) Pause Young (Allocation Failure)
[694.914s][info][gc,heap        ] GC(2361) PSYoungGen: 155616K(222720K)->28736K(140800K) Eden: 111616K(111616K)->0K(111616K) From: 44000K(111104K)->28736K(29184K)
[694.914s][info][gc,heap        ] GC(2361) ParOldGen: 552605K(667648K)->577525K(667648K)
[694.914s][info][gc,metaspace   ] GC(2361) Metaspace: 19044K(19200K)->19044K(19200K) NonClass: 17214K(17344K)->17214K(17344K) Class: 1829K(1856K)->1829K(1856K)
[694.914s][info][gc             ] GC(2361) Pause Young (Allocation Failure) 691M->592M(789M) 53.239ms
[694.914s][info][gc,cpu         ] GC(2361) User=0.10s Sys=0.00s Real=0.06s
[694.992s][info][gc,start       ] GC(2362) Pause Young (Allocation Failure)
[695.042s][info][gc,heap        ] GC(2362) PSYoungGen: 140352K(140800K)->47024K(220672K) Eden: 111616K(111616K)->0K(114688K) From: 28736K(29184K)->47024K(105984K)
[695.042s][info][gc,heap        ] GC(2362) ParOldGen: 577525K(667648K)->577525K(667648K)
[695.042s][info][gc,metaspace   ] GC(2362) Metaspace: 19044K(19200K)->19044K(19200K) NonClass: 17214K(17344K)->17214K(17344K) Class: 1829K(1856K)->1829K(1856K)
[695.042s][info][gc             ] GC(2362) Pause Young (Allocation Failure) 701M->609M(867M) 49.692ms
[695.042s][info][gc,cpu         ] GC(2362) User=0.09s Sys=0.00s Real=0.05s
[695.136s][info][gc,start       ] GC(2363) Pause Young (Allocation Failure)
[695.183s][info][gc,heap        ] GC(2363) PSYoungGen: 161712K(220672K)->48144K(217600K) Eden: 114688K(114688K)->0K(114688K) From: 47024K(105984K)->48144K(102912K)
[695.183s][info][gc,heap        ] GC(2363) ParOldGen: 577525K(667648K)->577525K(667648K)
[695.183s][info][gc,metaspace   ] GC(2363) Metaspace: 19044K(19200K)->19044K(19200K) NonClass: 17214K(17344K)->17214K(17344K) Class: 1829K(1856K)->1829K(1856K)
[695.183s][info][gc             ] GC(2363) Pause Young (Allocation Failure) 721M->611M(864M) 47.747ms
[695.183s][info][gc,cpu         ] GC(2363) User=0.09s Sys=0.00s Real=0.05s
[695.302s][info][gc,start       ] GC(2364) Pause Young (Allocation Failure)
[695.356s][info][gc,heap        ] GC(2364) PSYoungGen: 162832K(217600K)->56992K(224768K) Eden: 114688K(114688K)->0K(124416K) From: 48144K(102912K)->56992K(100352K)
[695.356s][info][gc,heap        ] GC(2364) ParOldGen: 577525K(667648K)->577525K(667648K)
[695.356s][info][gc,metaspace   ] GC(2364) Metaspace: 19044K(19200K)->19044K(19200K) NonClass: 17214K(17344K)->17214K(17344K) Class: 1829K(1856K)->1829K(1856K)
[695.356s][info][gc             ] GC(2364) Pause Young (Allocation Failure) 723M->619M(871M) 54.201ms
[695.356s][info][gc,cpu         ] GC(2364) User=0.11s Sys=0.00s Real=0.05s
[695.548s][info][gc,start       ] GC(2365) Pause Young (Allocation Failure)
[695.620s][info][gc,heap        ] GC(2365) PSYoungGen: 181408K(224768K)->73296K(225280K) Eden: 124416K(124416K)->0K(124416K) From: 56992K(100352K)->73296K(100864K)
[695.621s][info][gc,heap        ] GC(2365) ParOldGen: 577525K(667648K)->577525K(667648K)
[695.621s][info][gc,metaspace   ] GC(2365) Metaspace: 19044K(19200K)->19044K(19200K) NonClass: 17214K(17344K)->17214K(17344K) Class: 1829K(1856K)->1829K(1856K)
[695.621s][info][gc             ] GC(2365) Pause Young (Allocation Failure) 741M->635M(872M) 72.449ms
[695.621s][info][gc,cpu         ] GC(2365) User=0.14s Sys=0.00s Real=0.07s
[696.013s][info][gc,start       ] GC(2366) Pause Young (Allocation Failure)
[696.083s][info][gc,heap        ] GC(2366) PSYoungGen: 197712K(225280K)->73472K(218624K) Eden: 124416K(124416K)->0K(111616K) From: 73296K(100864K)->73472K(107008K)
[696.083s][info][gc,heap        ] GC(2366) ParOldGen: 577525K(667648K)->577525K(667648K)
[696.083s][info][gc,metaspace   ] GC(2366) Metaspace: 19044K(19200K)->19044K(19200K) NonClass: 17214K(17344K)->17214K(17344K) Class: 1829K(1856K)->1829K(1856K)
[696.083s][info][gc             ] GC(2366) Pause Young (Allocation Failure) 757M->635M(865M) 70.401ms
[696.083s][info][gc,cpu         ] GC(2366) User=0.14s Sys=0.00s Real=0.07s
[696.369s][info][gc,start       ] GC(2367) Pause Young (Allocation Failure)
[696.439s][info][gc,heap        ] GC(2367) PSYoungGen: 185088K(218624K)->55712K(222720K) Eden: 111616K(111616K)->0K(111616K) From: 73472K(107008K)->55712K(111104K)
[696.439s][info][gc,heap        ] GC(2367) ParOldGen: 577525K(667648K)->595357K(667648K)
[696.439s][info][gc,metaspace   ] GC(2367) Metaspace: 19044K(19200K)->19044K(19200K) NonClass: 17214K(17344K)->17214K(17344K) Class: 1829K(1856K)->1829K(1856K)
[696.439s][info][gc             ] GC(2367) Pause Young (Allocation Failure) 744M->635M(869M) 70.356ms
[696.439s][info][gc,cpu         ] GC(2367) User=0.14s Sys=0.00s Real=0.07s
[696.700s][info][gc,start       ] GC(2368) Pause Young (Allocation Failure)
[696.753s][info][gc,heap        ] GC(2368) PSYoungGen: 167328K(222720K)->55680K(215040K) Eden: 111616K(111616K)->0K(114176K) From: 55712K(111104K)->55680K(100864K)
[696.753s][info][gc,heap        ] GC(2368) ParOldGen: 595357K(667648K)->595357K(667648K)
[696.753s][info][gc,metaspace   ] GC(2368) Metaspace: 19044K(19200K)->19044K(19200K) NonClass: 17214K(17344K)->17214K(17344K) Class: 1829K(1856K)->1829K(1856K)
[696.753s][info][gc             ] GC(2368) Pause Young (Allocation Failure) 744M->635M(862M) 53.631ms
[696.753s][info][gc,cpu         ] GC(2368) User=0.10s Sys=0.00s Real=0.06s
[697.010s][info][gc,start       ] GC(2369) Pause Young (Allocation Failure)
[697.064s][info][gc,heap        ] GC(2369) PSYoungGen: 169856K(215040K)->55696K(219648K) Eden: 114176K(114176K)->0K(114176K) From: 55680K(100864K)->55696K(105472K)
[697.064s][info][gc,heap        ] GC(2369) ParOldGen: 595357K(667648K)->595357K(667648K)
[697.064s][info][gc,metaspace   ] GC(2369) Metaspace: 19044K(19200K)->19044K(19200K) NonClass: 17214K(17344K)->17214K(17344K) Class: 1829K(1856K)->1829K(1856K)
[697.064s][info][gc             ] GC(2369) Pause Young (Allocation Failure) 747M->635M(866M) 53.554ms
[697.064s][info][gc,cpu         ] GC(2369) User=0.11s Sys=0.00s Real=0.06s
[697.325s][info][gc,start       ] GC(2370) Pause Young (Allocation Failure)
[697.379s][info][gc,heap        ] GC(2370) PSYoungGen: 169872K(219648K)->55696K(217088K) Eden: 114176K(114176K)->0K(121344K) From: 55696K(105472K)->55696K(95744K)
[697.379s][info][gc,heap        ] GC(2370) ParOldGen: 595357K(667648K)->595357K(667648K)
[697.379s][info][gc,metaspace   ] GC(2370) Metaspace: 19044K(19200K)->19044K(19200K) NonClass: 17214K(17344K)->17214K(17344K) Class: 1829K(1856K)->1829K(1856K)
[697.379s][info][gc             ] GC(2370) Pause Young (Allocation Failure) 747M->635M(864M) 53.790ms
[697.379s][info][gc,cpu         ] GC(2370) User=0.11s Sys=0.00s Real=0.05s
[697.655s][info][gc,start       ] GC(2371) Pause Young (Allocation Failure)
[697.709s][info][gc,heap        ] GC(2371) PSYoungGen: 177040K(217088K)->55664K(220672K) Eden: 121344K(121344K)->0K(121344K) From: 55696K(95744K)->55664K(99328K)
[697.709s][info][gc,heap        ] GC(2371) ParOldGen: 595357K(667648K)->595357K(667648K)
[697.709s][info][gc,metaspace   ] GC(2371) Metaspace: 19044K(19200K)->19044K(19200K) NonClass: 17214K(17344K)->17214K(17344K) Class: 1829K(1856K)->1829K(1856K)
[697.709s][info][gc             ] GC(2371) Pause Young (Allocation Failure) 754M->635M(867M) 53.569ms
[697.709s][info][gc,cpu         ] GC(2371) User=0.11s Sys=0.00s Real=0.05s
[697.967s][info][gc,start       ] GC(2372) Pause Young (Allocation Failure)
[698.024s][info][gc,heap        ] GC(2372) PSYoungGen: 177008K(220672K)->55712K(219648K) Eden: 121344K(121344K)->0K(128512K) From: 55664K(99328K)->55712K(91136K)
[698.024s][info][gc,heap        ] GC(2372) ParOldGen: 595357K(667648K)->595357K(667648K)
[698.024s][info][gc,metaspace   ] GC(2372) Metaspace: 19044K(19200K)->19044K(19200K) NonClass: 17214K(17344K)->17214K(17344K) Class: 1829K(1856K)->1829K(1856K)
[698.024s][info][gc             ] GC(2372) Pause Young (Allocation Failure) 754M->635M(866M) 56.769ms
[698.024s][info][gc,cpu         ] GC(2372) User=0.11s Sys=0.00s Real=0.06s
[698.329s][info][gc,start       ] GC(2373) Pause Young (Allocation Failure)
[698.384s][info][gc,heap        ] GC(2373) PSYoungGen: 184224K(219648K)->55856K(222720K) Eden: 128512K(128512K)->0K(128512K) From: 55712K(91136K)->55856K(94208K)
[698.384s][info][gc,heap        ] GC(2373) ParOldGen: 595357K(667648K)->595357K(667648K)
[698.384s][info][gc,metaspace   ] GC(2373) Metaspace: 19044K(19200K)->19044K(19200K) NonClass: 17214K(17344K)->17214K(17344K) Class: 1829K(1856K)->1829K(1856K)
[698.384s][info][gc             ] GC(2373) Pause Young (Allocation Failure) 761M->635M(869M) 55.235ms
[698.384s][info][gc,cpu         ] GC(2373) User=0.11s Sys=0.00s Real=0.06s
[698.591s][info][gc,start       ] GC(2374) Pause Young (Allocation Failure)
[698.658s][info][gc,heap        ] GC(2374) PSYoungGen: 184368K(222720K)->75376K(223232K) Eden: 128512K(128512K)->0K(131584K) From: 55856K(94208K)->75376K(91648K)
[698.658s][info][gc,heap        ] GC(2374) ParOldGen: 595357K(667648K)->595357K(667648K)
[698.658s][info][gc,metaspace   ] GC(2374) Metaspace: 19044K(19200K)->19044K(19200K) NonClass: 17214K(17344K)->17214K(17344K) Class: 1829K(1856K)->1829K(1856K)
[698.658s][info][gc             ] GC(2374) Pause Young (Allocation Failure) 761M->655M(870M) 67.488ms
[698.658s][info][gc,cpu         ] GC(2374) User=0.13s Sys=0.00s Real=0.07s
[698.729s][info][gc,start       ] GC(2375) Pause Young (Allocation Failure)
[698.832s][info][gc,heap        ] GC(2375) PSYoungGen: 206960K(223232K)->96224K(227840K) Eden: 131584K(131584K)->0K(131584K) From: 75376K(91648K)->96224K(96256K)
[698.832s][info][gc,heap        ] GC(2375) ParOldGen: 595357K(667648K)->623901K(667648K)
[698.832s][info][gc,metaspace   ] GC(2375) Metaspace: 19044K(19200K)->19044K(19200K) NonClass: 17214K(17344K)->17214K(17344K) Class: 1829K(1856K)->1829K(1856K)
[698.832s][info][gc             ] GC(2375) Pause Young (Allocation Failure) 783M->703M(874M) 103.404ms
[698.833s][info][gc,cpu         ] GC(2375) User=0.21s Sys=0.00s Real=0.11s
[699.010s][info][gc,start       ] GC(2376) Pause Full (Allocation Failure)
[699.010s][info][gc,phases,start] GC(2376) Marking Phase
[699.311s][info][gc,phases      ] GC(2376) Marking Phase 300.529ms
[699.311s][info][gc,phases,start] GC(2376) Summary Phase
[699.311s][info][gc,phases      ] GC(2376) Summary Phase 0.027ms
[699.311s][info][gc,phases,start] GC(2376) Forward
[699.423s][info][gc,phases      ] GC(2376) Forward 111.684ms
[699.423s][info][gc,phases,start] GC(2376) Adjust Pointers
[699.655s][info][gc,phases      ] GC(2376) Adjust Pointers 231.894ms
[699.655s][info][gc,phases,start] GC(2376) Compaction Phase
[699.795s][info][gc,phases      ] GC(2376) Compaction Phase 140.532ms
[699.805s][info][gc,phases,start] GC(2376) Post Compact
[699.807s][info][gc,phases      ] GC(2376) Post Compact 2.538ms
[699.807s][info][gc,heap        ] GC(2376) PSYoungGen: 227808K(227840K)->0K(217600K) Eden: 131584K(131584K)->0K(111616K) From: 96224K(96256K)->0K(105984K)
[699.807s][info][gc,heap        ] GC(2376) ParOldGen: 623901K(667648K)->461791K(667648K)
[699.807s][info][gc,metaspace   ] GC(2376) Metaspace: 19044K(19200K)->19044K(19200K) NonClass: 17214K(17344K)->17214K(17344K) Class: 1829K(1856K)->1829K(1856K)
[699.807s][info][gc             ] GC(2376) Pause Full (Allocation Failure) 831M->450M(864M) 797.270ms
[699.807s][info][gc,cpu         ] GC(2376) User=1.47s Sys=0.00s Real=0.80s
[699.863s][info][gc,start       ] GC(2377) Pause Young (Allocation Failure)
[699.884s][info][gc,heap        ] GC(2377) PSYoungGen: 111616K(217600K)->24848K(222720K) Eden: 111616K(111616K)->0K(111616K) From: 0K(105984K)->24848K(111104K)
[699.884s][info][gc,heap        ] GC(2377) ParOldGen: 461791K(667648K)->461791K(667648K)
[699.884s][info][gc,metaspace   ] GC(2377) Metaspace: 19044K(19200K)->19044K(19200K) NonClass: 17214K(17344K)->17214K(17344K) Class: 1829K(1856K)->1829K(1856K)
[699.884s][info][gc             ] GC(2377) Pause Young (Allocation Failure) 559M->475M(869M) 20.789ms
[699.884s][info][gc,cpu         ] GC(2377) User=0.04s Sys=0.00s Real=0.02s
[699.962s][info][gc,start       ] GC(2378) Pause Young (Allocation Failure)
[700.014s][info][gc,heap        ] GC(2378) PSYoungGen: 136464K(222720K)->63136K(222720K) Eden: 111616K(111616K)->0K(111616K) From: 24848K(111104K)->63136K(111104K)
[700.014s][info][gc,heap        ] GC(2378) ParOldGen: 461791K(667648K)->461799K(667648K)
[700.014s][info][gc,metaspace   ] GC(2378) Metaspace: 19055K(19200K)->19055K(19200K) NonClass: 17226K(17344K)->17226K(17344K) Class: 1829K(1856K)->1829K(1856K)
[700.014s][info][gc             ] GC(2378) Pause Young (Allocation Failure) 584M->512M(869M) 52.118ms
[700.014s][info][gc,cpu         ] GC(2378) User=0.10s Sys=0.00s Real=0.05s
[700.181s][info][gc,start       ] GC(2379) Pause Young (Allocation Failure)
[700.258s][info][gc,heap        ] GC(2379) PSYoungGen: 174752K(222720K)->102182K(222720K) Eden: 111616K(111616K)->0K(111616K) From: 63136K(111104K)->102182K(111104K)
[700.258s][info][gc,heap        ] GC(2379) ParOldGen: 461799K(667648K)->461799K(667648K)
[700.258s][info][gc,metaspace   ] GC(2379) Metaspace: 19055K(19200K)->19055K(19200K) NonClass: 17226K(17344K)->17226K(17344K) Class: 1829K(1856K)->1829K(1856K)
[700.258s][info][gc             ] GC(2379) Pause Young (Allocation Failure) 621M->550M(869M) 76.984ms
[700.258s][info][gc,cpu         ] GC(2379) User=0.16s Sys=0.00s Real=0.08s
[700.374s][info][gc,start       ] GC(2380) Pause Young (Allocation Failure)
[700.450s][info][gc,heap        ] GC(2380) PSYoungGen: 213798K(222720K)->102262K(222720K) Eden: 111616K(111616K)->0K(111616K) From: 102182K(111104K)->102262K(111104K)
[700.450s][info][gc,heap        ] GC(2380) ParOldGen: 461799K(667648K)->461799K(667648K)
[700.450s][info][gc,metaspace   ] GC(2380) Metaspace: 19055K(19200K)->19055K(19200K) NonClass: 17226K(17344K)->17226K(17344K) Class: 1829K(1856K)->1829K(1856K)
[700.450s][info][gc             ] GC(2380) Pause Young (Allocation Failure) 659M->550M(869M) 75.342ms
[700.450s][info][gc,cpu         ] GC(2380) User=0.14s Sys=0.01s Real=0.07s
[700.562s][info][gc,start       ] GC(2381) Pause Young (Allocation Failure)
[700.633s][info][gc,heap        ] GC(2381) PSYoungGen: 213878K(222720K)->102326K(222720K) Eden: 111616K(111616K)->0K(111616K) From: 102262K(111104K)->102326K(111104K)
[700.633s][info][gc,heap        ] GC(2381) ParOldGen: 461799K(667648K)->461799K(667648K)
[700.633s][info][gc,metaspace   ] GC(2381) Metaspace: 19055K(19200K)->19055K(19200K) NonClass: 17226K(17344K)->17226K(17344K) Class: 1829K(1856K)->1829K(1856K)
[700.633s][info][gc             ] GC(2381) Pause Young (Allocation Failure) 659M->550M(869M) 71.612ms
[700.633s][info][gc,cpu         ] GC(2381) User=0.14s Sys=0.00s Real=0.07s
[700.745s][info][gc,start       ] GC(2382) Pause Young (Allocation Failure)
[700.817s][info][gc,heap        ] GC(2382) PSYoungGen: 213942K(222720K)->102454K(222720K) Eden: 111616K(111616K)->0K(111616K) From: 102326K(111104K)->102454K(111104K)
[700.817s][info][gc,heap        ] GC(2382) ParOldGen: 461799K(667648K)->461799K(667648K)
[700.818s][info][gc,metaspace   ] GC(2382) Metaspace: 19055K(19200K)->19055K(19200K) NonClass: 17226K(17344K)->17226K(17344K) Class: 1829K(1856K)->1829K(1856K)
[700.818s][info][gc             ] GC(2382) Pause Young (Allocation Failure) 659M->551M(869M) 72.378ms
[700.818s][info][gc,cpu         ] GC(2382) User=0.15s Sys=0.00s Real=0.07s
[700.928s][info][gc,start       ] GC(2383) Pause Young (Allocation Failure)
[701.004s][info][gc,heap        ] GC(2383) PSYoungGen: 214070K(222720K)->102528K(222720K) Eden: 111616K(111616K)->0K(111616K) From: 102454K(111104K)->102528K(111104K)
[701.004s][info][gc,heap        ] GC(2383) ParOldGen: 461799K(667648K)->461799K(667648K)
[701.004s][info][gc,metaspace   ] GC(2383) Metaspace: 19055K(19200K)->19055K(19200K) NonClass: 17226K(17344K)->17226K(17344K) Class: 1829K(1856K)->1829K(1856K)
[701.004s][info][gc             ] GC(2383) Pause Young (Allocation Failure) 660M->551M(869M) 75.685ms
[701.004s][info][gc,cpu         ] GC(2383) User=0.15s Sys=0.00s Real=0.08s
[701.123s][info][gc,start       ] GC(2384) Pause Young (Allocation Failure)
[701.198s][info][gc,heap        ] GC(2384) PSYoungGen: 214144K(222720K)->77760K(222720K) Eden: 111616K(111616K)->0K(111616K) From: 102528K(111104K)->77760K(111104K)
[701.198s][info][gc,heap        ] GC(2384) ParOldGen: 461799K(667648K)->486983K(667648K)
[701.198s][info][gc,metaspace   ] GC(2384) Metaspace: 19055K(19200K)->19055K(19200K) NonClass: 17226K(17344K)->17226K(17344K) Class: 1829K(1856K)->1829K(1856K)
[701.198s][info][gc             ] GC(2384) Pause Young (Allocation Failure) 660M->551M(869M) 74.820ms
[701.198s][info][gc,cpu         ] GC(2384) User=0.15s Sys=0.00s Real=0.07s
[701.314s][info][gc,start       ] GC(2385) Pause Young (Allocation Failure)
[701.377s][info][gc,heap        ] GC(2385) PSYoungGen: 189376K(222720K)->512K(222720K) Eden: 111616K(111616K)->0K(111616K) From: 77760K(111104K)->512K(111104K)
[701.377s][info][gc,heap        ] GC(2385) ParOldGen: 486983K(667648K)->565081K(667648K)
[701.377s][info][gc,metaspace   ] GC(2385) Metaspace: 19055K(19200K)->19055K(19200K) NonClass: 17226K(17344K)->17226K(17344K) Class: 1829K(1856K)->1829K(1856K)
[701.377s][info][gc             ] GC(2385) Pause Young (Allocation Failure) 660M->552M(869M) 63.644ms
[701.377s][info][gc,cpu         ] GC(2385) User=0.12s Sys=0.00s Real=0.06s
[701.493s][info][gc,start       ] GC(2386) Pause Young (Allocation Failure)
[701.496s][info][gc,heap        ] GC(2386) PSYoungGen: 112128K(222720K)->512K(222720K) Eden: 111616K(111616K)->0K(111616K) From: 512K(111104K)->512K(111104K)
[701.496s][info][gc,heap        ] GC(2386) ParOldGen: 565081K(667648K)->565217K(667648K)
[701.496s][info][gc,metaspace   ] GC(2386) Metaspace: 19055K(19200K)->19055K(19200K) NonClass: 17226K(17344K)->17226K(17344K) Class: 1829K(1856K)->1829K(1856K)
[701.496s][info][gc             ] GC(2386) Pause Young (Allocation Failure) 661M->552M(869M) 2.820ms
[701.496s][info][gc,cpu         ] GC(2386) User=0.01s Sys=0.00s Real=0.00s
[701.611s][info][gc,start       ] GC(2387) Pause Young (Allocation Failure)
[701.614s][info][gc,heap        ] GC(2387) PSYoungGen: 112128K(222720K)->352K(222720K) Eden: 111616K(111616K)->0K(111616K) From: 512K(111104K)->352K(111104K)
[701.614s][info][gc,heap        ] GC(2387) ParOldGen: 565217K(667648K)->565449K(667648K)
[701.614s][info][gc,metaspace   ] GC(2387) Metaspace: 19055K(19200K)->19055K(19200K) NonClass: 17226K(17344K)->17226K(17344K) Class: 1829K(1856K)->1829K(1856K)
[701.614s][info][gc             ] GC(2387) Pause Young (Allocation Failure) 661M->552M(869M) 3.033ms
[701.614s][info][gc,cpu         ] GC(2387) User=0.00s Sys=0.00s Real=0.01s
[701.727s][info][gc,start       ] GC(2388) Pause Young (Allocation Failure)
[701.730s][info][gc,heap        ] GC(2388) PSYoungGen: 111968K(222720K)->288K(222720K) Eden: 111616K(111616K)->0K(111616K) From: 352K(111104K)->288K(111104K)
[701.730s][info][gc,heap        ] GC(2388) ParOldGen: 565449K(667648K)->565601K(667648K)
[701.730s][info][gc,metaspace   ] GC(2388) Metaspace: 19055K(19200K)->19055K(19200K) NonClass: 17226K(17344K)->17226K(17344K) Class: 1829K(1856K)->1829K(1856K)
[701.730s][info][gc             ] GC(2388) Pause Young (Allocation Failure) 661M->552M(869M) 2.630ms
[701.730s][info][gc,cpu         ] GC(2388) User=0.00s Sys=0.00s Real=0.00s
[701.851s][info][gc,start       ] GC(2389) Pause Young (Allocation Failure)
[701.859s][info][gc,heap        ] GC(2389) PSYoungGen: 111904K(222720K)->2848K(222720K) Eden: 111616K(111616K)->0K(111616K) From: 288K(111104K)->2848K(111104K)
[701.859s][info][gc,heap        ] GC(2389) ParOldGen: 565601K(667648K)->565809K(667648K)
[701.859s][info][gc,metaspace   ] GC(2389) Metaspace: 19055K(19200K)->19055K(19200K) NonClass: 17226K(17344K)->17226K(17344K) Class: 1829K(1856K)->1829K(1856K)
[701.859s][info][gc             ] GC(2389) Pause Young (Allocation Failure) 661M->555M(869M) 7.948ms
[701.859s][info][gc,cpu         ] GC(2389) User=0.02s Sys=0.00s Real=0.01s
[701.975s][info][gc,start       ] GC(2390) Pause Young (Allocation Failure)
[701.998s][info][gc,heap        ] GC(2390) PSYoungGen: 114464K(222720K)->5739K(222720K) Eden: 111616K(111616K)->0K(111616K) From: 2848K(111104K)->5739K(111104K)
[701.998s][info][gc,heap        ] GC(2390) ParOldGen: 565809K(667648K)->568625K(667648K)
[701.998s][info][gc,metaspace   ] GC(2390) Metaspace: 19057K(19200K)->19057K(19200K) NonClass: 17227K(17344K)->17227K(17344K) Class: 1829K(1856K)->1829K(1856K)
[701.998s][info][gc             ] GC(2390) Pause Young (Allocation Failure) 664M->560M(869M) 22.869ms
[701.998s][info][gc,cpu         ] GC(2390) User=0.05s Sys=0.00s Real=0.02s
[702.124s][info][gc,start       ] GC(2391) Pause Young (Allocation Failure)
[702.155s][info][gc,heap        ] GC(2391) PSYoungGen: 117355K(222720K)->12960K(222720K) Eden: 111616K(111616K)->0K(111616K) From: 5739K(111104K)->12960K(111104K)
[702.155s][info][gc,heap        ] GC(2391) ParOldGen: 568625K(667648K)->574125K(667648K)
[702.155s][info][gc,metaspace   ] GC(2391) Metaspace: 19057K(19200K)->19057K(19200K) NonClass: 17227K(17344K)->17227K(17344K) Class: 1829K(1856K)->1829K(1856K)
[702.155s][info][gc             ] GC(2391) Pause Young (Allocation Failure) 669M->573M(869M) 30.881ms
[702.155s][info][gc,cpu         ] GC(2391) User=0.06s Sys=0.00s Real=0.03s
[702.283s][info][gc,start       ] GC(2392) Pause Young (Allocation Failure)
[702.300s][info][gc,heap        ] GC(2392) PSYoungGen: 124576K(222720K)->32K(222720K) Eden: 111616K(111616K)->0K(111616K) From: 12960K(111104K)->32K(111104K)
[702.300s][info][gc,heap        ] GC(2392) ParOldGen: 574125K(667648K)->587077K(667648K)
[702.300s][info][gc,metaspace   ] GC(2392) Metaspace: 19057K(19200K)->19057K(19200K) NonClass: 17227K(17344K)->17227K(17344K) Class: 1829K(1856K)->1829K(1856K)
[702.300s][info][gc             ] GC(2392) Pause Young (Allocation Failure) 682M->573M(869M) 17.352ms
[702.301s][info][gc,cpu         ] GC(2392) User=0.03s Sys=0.00s Real=0.01s
[702.428s][info][gc,start       ] GC(2393) Pause Young (Allocation Failure)
[702.430s][info][gc,heap        ] GC(2393) PSYoungGen: 111648K(222720K)->64K(222720K) Eden: 111616K(111616K)->0K(111616K) From: 32K(111104K)->64K(111104K)
[702.430s][info][gc,heap        ] GC(2393) ParOldGen: 587077K(667648K)->587077K(667648K)
[702.430s][info][gc,metaspace   ] GC(2393) Metaspace: 19057K(19200K)->19057K(19200K) NonClass: 17227K(17344K)->17227K(17344K) Class: 1829K(1856K)->1829K(1856K)
[702.430s][info][gc             ] GC(2393) Pause Young (Allocation Failure) 682M->573M(869M) 1.865ms
[702.430s][info][gc,cpu         ] GC(2393) User=0.00s Sys=0.00s Real=0.00s
[702.555s][info][gc,start       ] GC(2394) Pause Young (Allocation Failure)
[702.557s][info][gc,heap        ] GC(2394) PSYoungGen: 111680K(222720K)->64K(222720K) Eden: 111616K(111616K)->0K(111616K) From: 64K(111104K)->64K(111104K)
[702.557s][info][gc,heap        ] GC(2394) ParOldGen: 587077K(667648K)->587077K(667648K)
[702.557s][info][gc,metaspace   ] GC(2394) Metaspace: 19057K(19200K)->19057K(19200K) NonClass: 17227K(17344K)->17227K(17344K) Class: 1829K(1856K)->1829K(1856K)
[702.557s][info][gc             ] GC(2394) Pause Young (Allocation Failure) 682M->573M(869M) 1.846ms
[702.557s][info][gc,cpu         ] GC(2394) User=0.00s Sys=0.00s Real=0.00s
[702.685s][info][gc,start       ] GC(2395) Pause Young (Allocation Failure)
[702.687s][info][gc,heap        ] GC(2395) PSYoungGen: 111680K(222720K)->64K(222720K) Eden: 111616K(111616K)->0K(111616K) From: 64K(111104K)->64K(111104K)
[702.687s][info][gc,heap        ] GC(2395) ParOldGen: 587077K(667648K)->587077K(667648K)
[702.687s][info][gc,metaspace   ] GC(2395) Metaspace: 19057K(19200K)->19057K(19200K) NonClass: 17227K(17344K)->17227K(17344K) Class: 1829K(1856K)->1829K(1856K)
[702.687s][info][gc             ] GC(2395) Pause Young (Allocation Failure) 682M->573M(869M) 1.855ms
[702.687s][info][gc,cpu         ] GC(2395) User=0.01s Sys=0.00s Real=0.00s
[702.787s][info][gc,start       ] GC(2396) Pause Young (Allocation Failure)
[702.806s][info][gc,heap        ] GC(2396) PSYoungGen: 111680K(222720K)->15840K(222720K) Eden: 111616K(111616K)->0K(111616K) From: 64K(111104K)->15840K(111104K)
[702.806s][info][gc,heap        ] GC(2396) ParOldGen: 587077K(667648K)->587077K(667648K)
[702.806s][info][gc,metaspace   ] GC(2396) Metaspace: 19057K(19200K)->19057K(19200K) NonClass: 17227K(17344K)->17227K(17344K) Class: 1829K(1856K)->1829K(1856K)
[702.806s][info][gc             ] GC(2396) Pause Young (Allocation Failure) 682M->588M(869M) 18.880ms
[702.806s][info][gc,cpu         ] GC(2396) User=0.03s Sys=0.00s Real=0.02s
[702.901s][info][gc,start       ] GC(2397) Pause Young (Allocation Failure)
[702.937s][info][gc,heap        ] GC(2397) PSYoungGen: 127456K(222720K)->18176K(130048K) Eden: 111616K(111616K)->0K(111616K) From: 15840K(111104K)->18176K(18432K)
[702.937s][info][gc,heap        ] GC(2397) ParOldGen: 587077K(667648K)->602949K(667648K)
[702.937s][info][gc,metaspace   ] GC(2397) Metaspace: 19057K(19200K)->19057K(19200K) NonClass: 17227K(17344K)->17227K(17344K) Class: 1829K(1856K)->1829K(1856K)
[702.937s][info][gc             ] GC(2397) Pause Young (Allocation Failure) 697M->606M(779M) 35.682ms
[702.937s][info][gc,cpu         ] GC(2397) User=0.07s Sys=0.00s Real=0.04s
[703.030s][info][gc,start       ] GC(2398) Pause Young (Allocation Failure)
[703.054s][info][gc,heap        ] GC(2398) PSYoungGen: 129792K(130048K)->22176K(216064K) Eden: 111616K(111616K)->0K(118272K) From: 18176K(18432K)->22176K(97792K)
[703.054s][info][gc,heap        ] GC(2398) ParOldGen: 602949K(667648K)->602949K(667648K)
[703.054s][info][gc,metaspace   ] GC(2398) Metaspace: 19057K(19200K)->19057K(19200K) NonClass: 17227K(17344K)->17227K(17344K) Class: 1829K(1856K)->1829K(1856K)
[703.054s][info][gc             ] GC(2398) Pause Young (Allocation Failure) 715M->610M(863M) 24.163ms
[703.054s][info][gc,cpu         ] GC(2398) User=0.04s Sys=0.00s Real=0.03s
[703.132s][info][gc,start       ] GC(2399) Pause Young (Allocation Failure)
[703.157s][info][gc,heap        ] GC(2399) PSYoungGen: 140448K(216064K)->23680K(217600K) Eden: 118272K(118272K)->0K(118272K) From: 22176K(97792K)->23680K(99328K)
[703.157s][info][gc,heap        ] GC(2399) ParOldGen: 602949K(667648K)->602949K(667648K)
[703.157s][info][gc,metaspace   ] GC(2399) Metaspace: 19057K(19200K)->19057K(19200K) NonClass: 17227K(17344K)->17227K(17344K) Class: 1829K(1856K)->1829K(1856K)
[703.157s][info][gc             ] GC(2399) Pause Young (Allocation Failure) 725M->611M(864M) 25.220ms
[703.157s][info][gc,cpu         ] GC(2399) User=0.05s Sys=0.00s Real=0.03s
[703.258s][info][gc,start       ] GC(2400) Pause Young (Allocation Failure)
[703.285s][info][gc,heap        ] GC(2400) PSYoungGen: 141952K(217600K)->23776K(205312K) Eden: 118272K(118272K)->0K(126464K) From: 23680K(99328K)->23776K(78848K)
[703.285s][info][gc,heap        ] GC(2400) ParOldGen: 602949K(667648K)->602949K(667648K)
[703.285s][info][gc,metaspace   ] GC(2400) Metaspace: 19057K(19200K)->19057K(19200K) NonClass: 17227K(17344K)->17227K(17344K) Class: 1829K(1856K)->1829K(1856K)
[703.285s][info][gc             ] GC(2400) Pause Young (Allocation Failure) 727M->612M(852M) 27.217ms
[703.285s][info][gc,cpu         ] GC(2400) User=0.05s Sys=0.00s Real=0.03s
[703.390s][info][gc,start       ] GC(2401) Pause Young (Allocation Failure)
[703.419s][info][gc,heap        ] GC(2401) PSYoungGen: 150240K(205312K)->27424K(211456K) Eden: 126464K(126464K)->0K(126464K) From: 23776K(78848K)->27424K(84992K)
[703.419s][info][gc,heap        ] GC(2401) ParOldGen: 602949K(667648K)->602949K(667648K)
[703.419s][info][gc,metaspace   ] GC(2401) Metaspace: 19057K(19200K)->19057K(19200K) NonClass: 17227K(17344K)->17227K(17344K) Class: 1829K(1856K)->1829K(1856K)
[703.419s][info][gc             ] GC(2401) Pause Young (Allocation Failure) 735M->615M(858M) 28.711ms
[703.419s][info][gc,cpu         ] GC(2401) User=0.05s Sys=0.00s Real=0.03s
[703.508s][info][gc,start       ] GC(2402) Pause Young (Allocation Failure)
[703.538s][info][gc,heap        ] GC(2402) PSYoungGen: 153888K(211456K)->27488K(207360K) Eden: 126464K(126464K)->0K(135680K) From: 27424K(84992K)->27488K(71680K)
[703.538s][info][gc,heap        ] GC(2402) ParOldGen: 602949K(667648K)->602949K(667648K)
[703.538s][info][gc,metaspace   ] GC(2402) Metaspace: 19057K(19200K)->19057K(19200K) NonClass: 17227K(17344K)->17227K(17344K) Class: 1829K(1856K)->1829K(1856K)
[703.538s][info][gc             ] GC(2402) Pause Young (Allocation Failure) 739M->615M(854M) 30.140ms
[703.538s][info][gc,cpu         ] GC(2402) User=0.06s Sys=0.00s Real=0.03s
[703.666s][info][gc,start       ] GC(2403) Pause Young (Allocation Failure)
[703.713s][info][gc,heap        ] GC(2403) PSYoungGen: 163168K(207360K)->45408K(211456K) Eden: 135680K(135680K)->0K(135680K) From: 27488K(71680K)->45408K(75776K)
[703.713s][info][gc,heap        ] GC(2403) ParOldGen: 602949K(667648K)->602949K(667648K)
[703.713s][info][gc,metaspace   ] GC(2403) Metaspace: 19057K(19200K)->19057K(19200K) NonClass: 17227K(17344K)->17227K(17344K) Class: 1829K(1856K)->1829K(1856K)
[703.713s][info][gc             ] GC(2403) Pause Young (Allocation Failure) 748M->633M(858M) 47.772ms
[703.713s][info][gc,cpu         ] GC(2403) User=0.10s Sys=0.00s Real=0.05s
[703.809s][info][gc,start       ] GC(2404) Pause Young (Allocation Failure)
[703.889s][info][gc,heap        ] GC(2404) PSYoungGen: 181088K(211456K)->74992K(212480K) Eden: 135680K(135680K)->0K(133632K) From: 45408K(75776K)->74992K(78848K)
[703.889s][info][gc,heap        ] GC(2404) ParOldGen: 602949K(667648K)->602949K(667648K)
[703.889s][info][gc,metaspace   ] GC(2404) Metaspace: 19057K(19200K)->19057K(19200K) NonClass: 17227K(17344K)->17227K(17344K) Class: 1829K(1856K)->1829K(1856K)
[703.889s][info][gc             ] GC(2404) Pause Young (Allocation Failure) 765M->662M(859M) 79.358ms
[703.889s][info][gc,cpu         ] GC(2404) User=0.15s Sys=0.01s Real=0.08s
[704.035s][info][gc,start       ] GC(2405) Pause Young (Allocation Failure)
[704.123s][info][gc,heap        ] GC(2405) PSYoungGen: 208624K(212480K)->90624K(224768K) Eden: 133632K(133632K)->0K(133632K) From: 74992K(78848K)->90624K(91136K)
[704.123s][info][gc,heap        ] GC(2405) ParOldGen: 602949K(667648K)->602949K(667648K)
[704.123s][info][gc,metaspace   ] GC(2405) Metaspace: 19057K(19200K)->19057K(19200K) NonClass: 17227K(17344K)->17227K(17344K) Class: 1829K(1856K)->1829K(1856K)
[704.123s][info][gc             ] GC(2405) Pause Young (Allocation Failure) 792M->677M(871M) 88.800ms
[704.123s][info][gc,cpu         ] GC(2405) User=0.17s Sys=0.00s Real=0.09s
[704.234s][info][gc,start       ] GC(2406) Pause Young (Allocation Failure)
[704.334s][info][gc,heap        ] GC(2406) PSYoungGen: 224256K(224768K)->97440K(219136K) Eden: 133632K(133632K)->0K(111616K) From: 90624K(91136K)->97440K(107520K)
[704.335s][info][gc,heap        ] GC(2406) ParOldGen: 602949K(667648K)->602949K(667648K)
[704.335s][info][gc,metaspace   ] GC(2406) Metaspace: 19057K(19200K)->19057K(19200K) NonClass: 17227K(17344K)->17227K(17344K) Class: 1829K(1856K)->1829K(1856K)
[704.335s][info][gc             ] GC(2406) Pause Young (Allocation Failure) 807M->683M(866M) 101.032ms
[704.335s][info][gc,cpu         ] GC(2406) User=0.19s Sys=0.01s Real=0.10s
[704.467s][info][gc,start       ] GC(2407) Pause Young (Allocation Failure)
[704.560s][info][gc,heap        ] GC(2407) PSYoungGen: 209056K(219136K)->77296K(222720K) Eden: 111616K(111616K)->0K(111616K) From: 97440K(107520K)->77296K(111104K)
[704.560s][info][gc,heap        ] GC(2407) ParOldGen: 602949K(667648K)->625165K(667648K)
[704.560s][info][gc,metaspace   ] GC(2407) Metaspace: 19057K(19200K)->19057K(19200K) NonClass: 17227K(17344K)->17227K(17344K) Class: 1829K(1856K)->1829K(1856K)
[704.560s][info][gc             ] GC(2407) Pause Young (Allocation Failure) 792M->685M(869M) 93.310ms
[704.560s][info][gc,cpu         ] GC(2407) User=0.19s Sys=0.00s Real=0.09s
[704.670s][info][gc,start       ] GC(2408) Pause Full (Allocation Failure)
[704.671s][info][gc,phases,start] GC(2408) Marking Phase
[704.921s][info][gc,phases      ] GC(2408) Marking Phase 250.392ms
[704.921s][info][gc,phases,start] GC(2408) Summary Phase
[704.921s][info][gc,phases      ] GC(2408) Summary Phase 0.028ms
[704.921s][info][gc,phases,start] GC(2408) Forward
[705.012s][info][gc,phases      ] GC(2408) Forward 90.899ms
[705.012s][info][gc,phases,start] GC(2408) Adjust Pointers
[705.209s][info][gc,phases      ] GC(2408) Adjust Pointers 196.594ms
[705.209s][info][gc,phases,start] GC(2408) Compaction Phase
[705.320s][info][gc,phases      ] GC(2408) Compaction Phase 111.078ms
[705.331s][info][gc,phases,start] GC(2408) Post Compact
[705.333s][info][gc,phases      ] GC(2408) Post Compact 2.400ms
[705.334s][info][gc,heap        ] GC(2408) PSYoungGen: 188912K(222720K)->0K(222720K) Eden: 111616K(111616K)->0K(111616K) From: 77296K(111104K)->0K(111104K)
[705.334s][info][gc,heap        ] GC(2408) ParOldGen: 625165K(667648K)->377746K(658944K)
[705.334s][info][gc,metaspace   ] GC(2408) Metaspace: 19057K(19200K)->19057K(19200K) NonClass: 17227K(17344K)->17227K(17344K) Class: 1829K(1856K)->1829K(1856K)
[705.334s][info][gc             ] GC(2408) Pause Full (Allocation Failure) 794M->368M(861M) 663.410ms
[705.334s][info][gc,cpu         ] GC(2408) User=1.22s Sys=0.01s Real=0.67s
[705.438s][info][gc,start       ] GC(2409) Pause Young (Allocation Failure)
[705.440s][info][gc,heap        ] GC(2409) PSYoungGen: 111616K(222720K)->128K(222720K) Eden: 111616K(111616K)->0K(111616K) From: 0K(111104K)->128K(111104K)
[705.440s][info][gc,heap        ] GC(2409) ParOldGen: 377746K(658944K)->377746K(658944K)
[705.440s][info][gc,metaspace   ] GC(2409) Metaspace: 19057K(19200K)->19057K(19200K) NonClass: 17227K(17344K)->17227K(17344K) Class: 1829K(1856K)->1829K(1856K)
[705.440s][info][gc             ] GC(2409) Pause Young (Allocation Failure) 477M->369M(861M) 1.919ms
[705.440s][info][gc,cpu         ] GC(2409) User=0.01s Sys=0.00s Real=0.00s
[705.507s][info][gc,start       ] GC(2410) Pause Young (Allocation Failure)
[705.509s][info][gc,heap        ] GC(2410) PSYoungGen: 111744K(222720K)->128K(222720K) Eden: 111616K(111616K)->0K(111616K) From: 128K(111104K)->128K(111104K)
[705.509s][info][gc,heap        ] GC(2410) ParOldGen: 377746K(658944K)->377746K(658944K)
[705.509s][info][gc,metaspace   ] GC(2410) Metaspace: 19057K(19200K)->19057K(19200K) NonClass: 17227K(17344K)->17227K(17344K) Class: 1829K(1856K)->1829K(1856K)
[705.509s][info][gc             ] GC(2410) Pause Young (Allocation Failure) 478M->369M(861M) 1.677ms
[705.509s][info][gc,cpu         ] GC(2410) User=0.00s Sys=0.00s Real=0.00s
[705.686s][info][gc,start       ] GC(2411) Pause Young (Allocation Failure)
[705.697s][info][gc,heap        ] GC(2411) PSYoungGen: 111744K(222720K)->9984K(222720K) Eden: 111616K(111616K)->0K(111616K) From: 128K(111104K)->9984K(111104K)
[705.697s][info][gc,heap        ] GC(2411) ParOldGen: 377746K(658944K)->377746K(658944K)
[705.697s][info][gc,metaspace   ] GC(2411) Metaspace: 19057K(19200K)->19057K(19200K) NonClass: 17227K(17344K)->17227K(17344K) Class: 1829K(1856K)->1829K(1856K)
[705.697s][info][gc             ] GC(2411) Pause Young (Allocation Failure) 478M->378M(861M) 11.279ms
[705.697s][info][gc,cpu         ] GC(2411) User=0.03s Sys=0.00s Real=0.01s
[705.848s][info][gc,start       ] GC(2412) Pause Young (Allocation Failure)
[705.866s][info][gc,heap        ] GC(2412) PSYoungGen: 121600K(222720K)->16608K(222720K) Eden: 111616K(111616K)->0K(111616K) From: 9984K(111104K)->16608K(111104K)
[705.866s][info][gc,heap        ] GC(2412) ParOldGen: 377746K(658944K)->377746K(658944K)
[705.866s][info][gc,metaspace   ] GC(2412) Metaspace: 19057K(19200K)->19057K(19200K) NonClass: 17227K(17344K)->17227K(17344K) Class: 1829K(1856K)->1829K(1856K)
[705.866s][info][gc             ] GC(2412) Pause Young (Allocation Failure) 487M->385M(861M) 17.721ms
[705.866s][info][gc,cpu         ] GC(2412) User=0.04s Sys=0.00s Real=0.02s
[706.207s][info][gc,start       ] GC(2413) Pause Young (Allocation Failure)
[706.224s][info][gc,heap        ] GC(2413) PSYoungGen: 128224K(222720K)->16608K(128512K) Eden: 111616K(111616K)->0K(111616K) From: 16608K(111104K)->16608K(16896K)
[706.224s][info][gc,heap        ] GC(2413) ParOldGen: 377746K(658944K)->377842K(658944K)
[706.224s][info][gc,metaspace   ] GC(2413) Metaspace: 19057K(19200K)->19057K(19200K) NonClass: 17227K(17344K)->17227K(17344K) Class: 1829K(1856K)->1829K(1856K)
[706.224s][info][gc             ] GC(2413) Pause Young (Allocation Failure) 494M->385M(769M) 17.110ms
[706.224s][info][gc,cpu         ] GC(2413) User=0.03s Sys=0.00s Real=0.02s
[706.484s][info][gc,start       ] GC(2414) Pause Young (Allocation Failure)
[706.502s][info][gc,heap        ] GC(2414) PSYoungGen: 128224K(128512K)->16752K(223232K) Eden: 111616K(111616K)->0K(116736K) From: 16608K(16896K)->16752K(106496K)
[706.502s][info][gc,heap        ] GC(2414) ParOldGen: 377842K(658944K)->377842K(658944K)
[706.502s][info][gc,metaspace   ] GC(2414) Metaspace: 19057K(19200K)->19057K(19200K) NonClass: 17227K(17344K)->17227K(17344K) Class: 1829K(1856K)->1829K(1856K)
[706.502s][info][gc             ] GC(2414) Pause Young (Allocation Failure) 494M->385M(861M) 17.996ms
[706.502s][info][gc,cpu         ] GC(2414) User=0.03s Sys=0.00s Real=0.02s
[706.774s][info][gc,start       ] GC(2415) Pause Young (Allocation Failure)
[706.792s][info][gc,heap        ] GC(2415) PSYoungGen: 133488K(223232K)->16800K(222208K) Eden: 116736K(116736K)->0K(116736K) From: 16752K(106496K)->16800K(105472K)
[706.792s][info][gc,heap        ] GC(2415) ParOldGen: 377842K(658944K)->377842K(658944K)
[706.792s][info][gc,metaspace   ] GC(2415) Metaspace: 19057K(19200K)->19057K(19200K) NonClass: 17227K(17344K)->17227K(17344K) Class: 1829K(1856K)->1829K(1856K)
[706.792s][info][gc             ] GC(2415) Pause Young (Allocation Failure) 499M->385M(860M) 17.922ms
[706.792s][info][gc,cpu         ] GC(2415) User=0.04s Sys=0.00s Real=0.02s
[707.018s][info][gc,start       ] GC(2416) Pause Young (Allocation Failure)
[707.038s][info][gc,heap        ] GC(2416) PSYoungGen: 133536K(222208K)->16832K(212992K) Eden: 116736K(116736K)->0K(122368K) From: 16800K(105472K)->16832K(90624K)
[707.038s][info][gc,heap        ] GC(2416) ParOldGen: 377842K(658944K)->377842K(658944K)
[707.038s][info][gc,metaspace   ] GC(2416) Metaspace: 19057K(19200K)->19057K(19200K) NonClass: 17227K(17344K)->17227K(17344K) Class: 1829K(1856K)->1829K(1856K)
[707.038s][info][gc             ] GC(2416) Pause Young (Allocation Failure) 499M->385M(851M) 19.842ms
[707.038s][info][gc,cpu         ] GC(2416) User=0.03s Sys=0.00s Real=0.02s
[707.332s][info][gc,start       ] GC(2417) Pause Young (Allocation Failure)
[707.351s][info][gc,heap        ] GC(2417) PSYoungGen: 139200K(212992K)->16864K(217600K) Eden: 122368K(122368K)->0K(122368K) From: 16832K(90624K)->16864K(95232K)
[707.351s][info][gc,heap        ] GC(2417) ParOldGen: 377842K(658944K)->377842K(658944K)
[707.351s][info][gc,metaspace   ] GC(2417) Metaspace: 19057K(19200K)->19057K(19200K) NonClass: 17227K(17344K)->17227K(17344K) Class: 1829K(1856K)->1829K(1856K)
[707.351s][info][gc             ] GC(2417) Pause Young (Allocation Failure) 504M->385M(856M) 18.323ms
[707.351s][info][gc,cpu         ] GC(2417) User=0.04s Sys=0.00s Real=0.01s
[707.589s][info][gc,start       ] GC(2418) Pause Young (Allocation Failure)
[707.620s][info][gc,heap        ] GC(2418) PSYoungGen: 139232K(217600K)->32528K(209920K) Eden: 122368K(122368K)->0K(128000K) From: 16864K(95232K)->32528K(81920K)
[707.620s][info][gc,heap        ] GC(2418) ParOldGen: 377842K(658944K)->377842K(658944K)
[707.620s][info][gc,metaspace   ] GC(2418) Metaspace: 19057K(19200K)->19057K(19200K) NonClass: 17227K(17344K)->17227K(17344K) Class: 1829K(1856K)->1829K(1856K)
[707.620s][info][gc             ] GC(2418) Pause Young (Allocation Failure) 504M->400M(848M) 31.053ms
[707.620s][info][gc,cpu         ] GC(2418) User=0.06s Sys=0.00s Real=0.03s
[707.694s][info][gc,start       ] GC(2419) Pause Young (Allocation Failure)
[707.759s][info][gc,heap        ] GC(2419) PSYoungGen: 160528K(209920K)->81936K(214016K) Eden: 128000K(128000K)->0K(128000K) From: 32528K(81920K)->81936K(86016K)
[707.759s][info][gc,heap        ] GC(2419) ParOldGen: 377842K(658944K)->377842K(658944K)
[707.759s][info][gc,metaspace   ] GC(2419) Metaspace: 19057K(19200K)->19057K(19200K) NonClass: 17227K(17344K)->17227K(17344K) Class: 1829K(1856K)->1829K(1856K)
[707.759s][info][gc             ] GC(2419) Pause Young (Allocation Failure) 525M->449M(852M) 64.126ms
[707.759s][info][gc,cpu         ] GC(2419) User=0.13s Sys=0.00s Real=0.06s
[707.827s][info][gc,start       ] GC(2420) Pause Young (Allocation Failure)
[707.932s][info][gc,heap        ] GC(2420) PSYoungGen: 209936K(214016K)->100320K(211968K) Eden: 128000K(128000K)->0K(111616K) From: 81936K(86016K)->100320K(100352K)
[707.932s][info][gc,heap        ] GC(2420) ParOldGen: 377842K(658944K)->406290K(658944K)
[707.932s][info][gc,metaspace   ] GC(2420) Metaspace: 19057K(19200K)->19057K(19200K) NonClass: 17227K(17344K)->17227K(17344K) Class: 1829K(1856K)->1829K(1856K)
[707.932s][info][gc             ] GC(2420) Pause Young (Allocation Failure) 574M->494M(850M) 105.210ms
[707.933s][info][gc,cpu         ] GC(2420) User=0.18s Sys=0.02s Real=0.11s
[708.010s][info][gc,start       ] GC(2421) Pause Young (Allocation Failure)
[708.109s][info][gc,heap        ] GC(2421) PSYoungGen: 211936K(211968K)->111088K(222720K) Eden: 111616K(111616K)->0K(111616K) From: 100320K(100352K)->111088K(111104K)
[708.109s][info][gc,heap        ] GC(2421) ParOldGen: 406290K(658944K)->430978K(658944K)
[708.109s][info][gc,metaspace   ] GC(2421) Metaspace: 19057K(19200K)->19057K(19200K) NonClass: 17227K(17344K)->17227K(17344K) Class: 1829K(1856K)->1829K(1856K)
[708.109s][info][gc             ] GC(2421) Pause Young (Allocation Failure) 603M->529M(861M) 99.361ms
[708.109s][info][gc,cpu         ] GC(2421) User=0.20s Sys=0.00s Real=0.10s
[708.247s][info][gc,start       ] GC(2422) Pause Young (Allocation Failure)
[708.373s][info][gc,heap        ] GC(2422) PSYoungGen: 222704K(222720K)->111104K(222720K) Eden: 111616K(111616K)->0K(111616K) From: 111088K(111104K)->111104K(111104K)
[708.373s][info][gc,heap        ] GC(2422) ParOldGen: 430978K(658944K)->474729K(658944K)
[708.373s][info][gc,metaspace   ] GC(2422) Metaspace: 19057K(19200K)->19057K(19200K) NonClass: 17227K(17344K)->17227K(17344K) Class: 1829K(1856K)->1829K(1856K)
[708.373s][info][gc             ] GC(2422) Pause Young (Allocation Failure) 638M->572M(861M) 125.783ms
[708.373s][info][gc,cpu         ] GC(2422) User=0.25s Sys=0.00s Real=0.13s
[708.560s][info][gc,start       ] GC(2423) Pause Young (Allocation Failure)
[708.675s][info][gc,heap        ] GC(2423) PSYoungGen: 222720K(222720K)->111104K(222720K) Eden: 111616K(111616K)->0K(111616K) From: 111104K(111104K)->111104K(111104K)
[708.675s][info][gc,heap        ] GC(2423) ParOldGen: 474729K(658944K)->499529K(658944K)
[708.675s][info][gc,metaspace   ] GC(2423) Metaspace: 19057K(19200K)->19057K(19200K) NonClass: 17227K(17344K)->17227K(17344K) Class: 1829K(1856K)->1829K(1856K)
[708.675s][info][gc             ] GC(2423) Pause Young (Allocation Failure) 681M->596M(861M) 115.151ms
[708.675s][info][gc,cpu         ] GC(2423) User=0.23s Sys=0.00s Real=0.12s
[708.826s][info][gc,start       ] GC(2424) Pause Young (Allocation Failure)
[708.943s][info][gc,heap        ] GC(2424) PSYoungGen: 222720K(222720K)->111072K(222720K) Eden: 111616K(111616K)->0K(111616K) From: 111104K(111104K)->111072K(111104K)
[708.943s][info][gc,heap        ] GC(2424) ParOldGen: 499529K(658944K)->515521K(658944K)
[708.943s][info][gc,metaspace   ] GC(2424) Metaspace: 19057K(19200K)->19057K(19200K) NonClass: 17227K(17344K)->17227K(17344K) Class: 1829K(1856K)->1829K(1856K)
[708.943s][info][gc             ] GC(2424) Pause Young (Allocation Failure) 705M->611M(861M) 116.566ms
[708.943s][info][gc,cpu         ] GC(2424) User=0.23s Sys=0.00s Real=0.12s
[709.040s][info][gc,start       ] GC(2425) Pause Young (Allocation Failure)
[709.175s][info][gc,heap        ] GC(2425) PSYoungGen: 222688K(222720K)->82560K(222720K) Eden: 111616K(111616K)->0K(111616K) From: 111072K(111104K)->82560K(111104K)
[709.175s][info][gc,heap        ] GC(2425) ParOldGen: 515521K(658944K)->546641K(658944K)
[709.175s][info][gc,metaspace   ] GC(2425) Metaspace: 19057K(19200K)->19057K(19200K) NonClass: 17227K(17344K)->17227K(17344K) Class: 1829K(1856K)->1829K(1856K)
[709.175s][info][gc             ] GC(2425) Pause Young (Allocation Failure) 720M->614M(861M) 134.784ms
[709.175s][info][gc,cpu         ] GC(2425) User=0.27s Sys=0.00s Real=0.14s
[709.308s][info][gc,start       ] GC(2426) Pause Young (Allocation Failure)
[709.413s][info][gc,heap        ] GC(2426) PSYoungGen: 194176K(222720K)->56686K(222720K) Eden: 111616K(111616K)->0K(111616K) From: 82560K(111104K)->56686K(111104K)
[709.413s][info][gc,heap        ] GC(2426) ParOldGen: 546641K(658944K)->585462K(658944K)
[709.413s][info][gc,metaspace   ] GC(2426) Metaspace: 19057K(19200K)->19057K(19200K) NonClass: 17227K(17344K)->17227K(17344K) Class: 1829K(1856K)->1829K(1856K)
[709.413s][info][gc             ] GC(2426) Pause Young (Allocation Failure) 723M->627M(861M) 105.191ms
[709.413s][info][gc,cpu         ] GC(2426) User=0.21s Sys=0.00s Real=0.11s
[709.559s][info][gc,start       ] GC(2427) Pause Young (Allocation Failure)
[709.668s][info][gc,heap        ] GC(2427) PSYoungGen: 168302K(222720K)->46999K(222720K) Eden: 111616K(111616K)->0K(111616K) From: 56686K(111104K)->46999K(111104K)
[709.668s][info][gc,heap        ] GC(2427) ParOldGen: 585462K(658944K)->613166K(658944K)
[709.668s][info][gc,metaspace   ] GC(2427) Metaspace: 19057K(19200K)->19057K(19200K) NonClass: 17227K(17344K)->17227K(17344K) Class: 1829K(1856K)->1829K(1856K)
[709.668s][info][gc             ] GC(2427) Pause Young (Allocation Failure) 736M->644M(861M) 109.044ms
[709.669s][info][gc,cpu         ] GC(2427) User=0.21s Sys=0.00s Real=0.11s
[709.814s][info][gc,start       ] GC(2428) Pause Full (Allocation Failure)
[709.814s][info][gc,phases,start] GC(2428) Marking Phase
[710.115s][info][gc,phases      ] GC(2428) Marking Phase 301.596ms
[710.115s][info][gc,phases,start] GC(2428) Summary Phase
[710.115s][info][gc,phases      ] GC(2428) Summary Phase 0.026ms
[710.115s][info][gc,phases,start] GC(2428) Forward
[710.210s][info][gc,phases      ] GC(2428) Forward 94.510ms
[710.210s][info][gc,phases,start] GC(2428) Adjust Pointers
[710.459s][info][gc,phases      ] GC(2428) Adjust Pointers 249.574ms
[710.460s][info][gc,phases,start] GC(2428) Compaction Phase
[710.594s][info][gc,phases      ] GC(2428) Compaction Phase 134.558ms
[710.609s][info][gc,phases,start] GC(2428) Post Compact
[710.611s][info][gc,phases      ] GC(2428) Post Compact 2.280ms
[710.612s][info][gc,heap        ] GC(2428) PSYoungGen: 158615K(222720K)->0K(222720K) Eden: 111616K(111616K)->0K(111616K) From: 46999K(111104K)->0K(111104K)
[710.612s][info][gc,heap        ] GC(2428) ParOldGen: 613166K(658944K)->490282K(667648K)
[710.612s][info][gc,metaspace   ] GC(2428) Metaspace: 19057K(19200K)->19057K(19200K) NonClass: 17227K(17344K)->17227K(17344K) Class: 1829K(1856K)->1829K(1856K)
[710.612s][info][gc             ] GC(2428) Pause Full (Allocation Failure) 753M->478M(869M) 798.013ms
[710.612s][info][gc,cpu         ] GC(2428) User=1.51s Sys=0.00s Real=0.79s
[710.750s][info][gc,start       ] GC(2429) Pause Young (Allocation Failure)
[710.752s][info][gc,heap        ] GC(2429) PSYoungGen: 111616K(222720K)->64K(222720K) Eden: 111616K(111616K)->0K(111616K) From: 0K(111104K)->64K(111104K)
[710.752s][info][gc,heap        ] GC(2429) ParOldGen: 490282K(667648K)->490282K(667648K)
[710.752s][info][gc,metaspace   ] GC(2429) Metaspace: 19057K(19200K)->19057K(19200K) NonClass: 17227K(17344K)->17227K(17344K) Class: 1829K(1856K)->1829K(1856K)
[710.752s][info][gc             ] GC(2429) Pause Young (Allocation Failure) 587M->478M(869M) 1.611ms
[710.752s][info][gc,cpu         ] GC(2429) User=0.00s Sys=0.01s Real=0.01s
[710.889s][info][gc,start       ] GC(2430) Pause Young (Allocation Failure)
[710.891s][info][gc,heap        ] GC(2430) PSYoungGen: 111680K(222720K)->64K(222720K) Eden: 111616K(111616K)->0K(111616K) From: 64K(111104K)->64K(111104K)
[710.891s][info][gc,heap        ] GC(2430) ParOldGen: 490282K(667648K)->490282K(667648K)
[710.891s][info][gc,metaspace   ] GC(2430) Metaspace: 19057K(19200K)->19057K(19200K) NonClass: 17227K(17344K)->17227K(17344K) Class: 1829K(1856K)->1829K(1856K)
[710.891s][info][gc             ] GC(2430) Pause Young (Allocation Failure) 587M->478M(869M) 1.658ms
[710.891s][info][gc,cpu         ] GC(2430) User=0.00s Sys=0.00s Real=0.00s
[711.031s][info][gc,start       ] GC(2431) Pause Young (Allocation Failure)
[711.033s][info][gc,heap        ] GC(2431) PSYoungGen: 111680K(222720K)->64K(222720K) Eden: 111616K(111616K)->0K(111616K) From: 64K(111104K)->64K(111104K)
[711.033s][info][gc,heap        ] GC(2431) ParOldGen: 490282K(667648K)->490290K(667648K)
[711.033s][info][gc,metaspace   ] GC(2431) Metaspace: 19057K(19200K)->19057K(19200K) NonClass: 17227K(17344K)->17227K(17344K) Class: 1829K(1856K)->1829K(1856K)
[711.033s][info][gc             ] GC(2431) Pause Young (Allocation Failure) 587M->478M(869M) 1.668ms
[711.033s][info][gc,cpu         ] GC(2431) User=0.00s Sys=0.00s Real=0.01s
[711.172s][info][gc,start       ] GC(2432) Pause Young (Allocation Failure)
[711.173s][info][gc,heap        ] GC(2432) PSYoungGen: 111680K(222720K)->64K(222720K) Eden: 111616K(111616K)->0K(111616K) From: 64K(111104K)->64K(111104K)
[711.173s][info][gc,heap        ] GC(2432) ParOldGen: 490290K(667648K)->490290K(667648K)
[711.173s][info][gc,metaspace   ] GC(2432) Metaspace: 19057K(19200K)->19057K(19200K) NonClass: 17227K(17344K)->17227K(17344K) Class: 1829K(1856K)->1829K(1856K)
[711.173s][info][gc             ] GC(2432) Pause Young (Allocation Failure) 587M->478M(869M) 1.588ms
[711.173s][info][gc,cpu         ] GC(2432) User=0.00s Sys=0.00s Real=0.00s
[711.308s][info][gc,start       ] GC(2433) Pause Young (Allocation Failure)
[711.309s][info][gc,heap        ] GC(2433) PSYoungGen: 111680K(222720K)->64K(222720K) Eden: 111616K(111616K)->0K(111616K) From: 64K(111104K)->64K(111104K)
[711.309s][info][gc,heap        ] GC(2433) ParOldGen: 490290K(667648K)->490290K(667648K)
[711.309s][info][gc,metaspace   ] GC(2433) Metaspace: 19057K(19200K)->19057K(19200K) NonClass: 17227K(17344K)->17227K(17344K) Class: 1829K(1856K)->1829K(1856K)
[711.309s][info][gc             ] GC(2433) Pause Young (Allocation Failure) 587M->478M(869M) 1.573ms
[711.309s][info][gc,cpu         ] GC(2433) User=0.00s Sys=0.00s Real=0.00s
[711.443s][info][gc,start       ] GC(2434) Pause Young (Allocation Failure)
[711.444s][info][gc,heap        ] GC(2434) PSYoungGen: 111680K(222720K)->64K(222720K) Eden: 111616K(111616K)->0K(111616K) From: 64K(111104K)->64K(111104K)
[711.444s][info][gc,heap        ] GC(2434) ParOldGen: 490290K(667648K)->490298K(667648K)
[711.444s][info][gc,metaspace   ] GC(2434) Metaspace: 19057K(19200K)->19057K(19200K) NonClass: 17227K(17344K)->17227K(17344K) Class: 1829K(1856K)->1829K(1856K)
[711.444s][info][gc             ] GC(2434) Pause Young (Allocation Failure) 587M->478M(869M) 1.618ms
[711.444s][info][gc,cpu         ] GC(2434) User=0.01s Sys=0.00s Real=0.00s
[711.611s][info][gc,start       ] GC(2435) Pause Young (Allocation Failure)
[711.613s][info][gc,heap        ] GC(2435) PSYoungGen: 111680K(222720K)->64K(222720K) Eden: 111616K(111616K)->0K(111616K) From: 64K(111104K)->64K(111104K)
[711.613s][info][gc,heap        ] GC(2435) ParOldGen: 490298K(667648K)->490298K(667648K)
[711.613s][info][gc,metaspace   ] GC(2435) Metaspace: 19057K(19200K)->19057K(19200K) NonClass: 17227K(17344K)->17227K(17344K) Class: 1829K(1856K)->1829K(1856K)
[711.613s][info][gc             ] GC(2435) Pause Young (Allocation Failure) 587M->478M(869M) 1.622ms
[711.613s][info][gc,cpu         ] GC(2435) User=0.00s Sys=0.00s Real=0.01s
[711.723s][info][gc,start       ] GC(2436) Pause Young (Allocation Failure)
[711.739s][info][gc,heap        ] GC(2436) PSYoungGen: 111680K(222720K)->13216K(222720K) Eden: 111616K(111616K)->0K(111616K) From: 64K(111104K)->13216K(111104K)
[711.739s][info][gc,heap        ] GC(2436) ParOldGen: 490298K(667648K)->490298K(667648K)
[711.739s][info][gc,metaspace   ] GC(2436) Metaspace: 19057K(19200K)->19057K(19200K) NonClass: 17227K(17344K)->17227K(17344K) Class: 1829K(1856K)->1829K(1856K)
[711.739s][info][gc             ] GC(2436) Pause Young (Allocation Failure) 587M->491M(869M) 15.424ms
[711.739s][info][gc,cpu         ] GC(2436) User=0.03s Sys=0.00s Real=0.01s
[711.838s][info][gc,start       ] GC(2437) Pause Young (Allocation Failure)
[711.864s][info][gc,heap        ] GC(2437) PSYoungGen: 124832K(222720K)->12416K(222720K) Eden: 111616K(111616K)->0K(111616K) From: 13216K(111104K)->12416K(111104K)
[711.864s][info][gc,heap        ] GC(2437) ParOldGen: 490298K(667648K)->503530K(667648K)
[711.864s][info][gc,metaspace   ] GC(2437) Metaspace: 19057K(19200K)->19057K(19200K) NonClass: 17227K(17344K)->17227K(17344K) Class: 1829K(1856K)->1829K(1856K)
[711.864s][info][gc             ] GC(2437) Pause Young (Allocation Failure) 600M->503M(869M) 26.099ms
[711.864s][info][gc,cpu         ] GC(2437) User=0.05s Sys=0.00s Real=0.03s
[711.935s][info][gc,start       ] GC(2438) Pause Young (Allocation Failure)
[711.956s][info][gc,heap        ] GC(2438) PSYoungGen: 124032K(222720K)->7488K(222720K) Eden: 111616K(111616K)->0K(111616K) From: 12416K(111104K)->7488K(111104K)
[711.956s][info][gc,heap        ] GC(2438) ParOldGen: 503530K(667648K)->515970K(667648K)
[711.956s][info][gc,metaspace   ] GC(2438) Metaspace: 19057K(19200K)->19057K(19200K) NonClass: 17227K(17344K)->17227K(17344K) Class: 1829K(1856K)->1829K(1856K)
[711.956s][info][gc             ] GC(2438) Pause Young (Allocation Failure) 612M->511M(869M) 20.933ms
[711.956s][info][gc,cpu         ] GC(2438) User=0.04s Sys=0.00s Real=0.02s
[712.049s][info][gc,start       ] GC(2439) Pause Young (Allocation Failure)
[712.063s][info][gc,heap        ] GC(2439) PSYoungGen: 119104K(222720K)->768K(222720K) Eden: 111616K(111616K)->0K(111616K) From: 7488K(111104K)->768K(111104K)
[712.063s][info][gc,heap        ] GC(2439) ParOldGen: 515970K(667648K)->523442K(667648K)
[712.063s][info][gc,metaspace   ] GC(2439) Metaspace: 19057K(19200K)->19057K(19200K) NonClass: 17227K(17344K)->17227K(17344K) Class: 1829K(1856K)->1829K(1856K)
[712.063s][info][gc             ] GC(2439) Pause Young (Allocation Failure) 620M->511M(869M) 14.336ms
[712.063s][info][gc,cpu         ] GC(2439) User=0.02s Sys=0.00s Real=0.02s
[712.155s][info][gc,start       ] GC(2440) Pause Young (Allocation Failure)
[712.162s][info][gc,heap        ] GC(2440) PSYoungGen: 112384K(222720K)->1568K(222720K) Eden: 111616K(111616K)->0K(111616K) From: 768K(111104K)->1568K(111104K)
[712.162s][info][gc,heap        ] GC(2440) ParOldGen: 523442K(667648K)->524170K(667648K)
[712.162s][info][gc,metaspace   ] GC(2440) Metaspace: 19057K(19200K)->19057K(19200K) NonClass: 17227K(17344K)->17227K(17344K) Class: 1829K(1856K)->1829K(1856K)
[712.162s][info][gc             ] GC(2440) Pause Young (Allocation Failure) 620M->513M(869M) 6.825ms
[712.162s][info][gc,cpu         ] GC(2440) User=0.01s Sys=0.00s Real=0.01s
[712.275s][info][gc,start       ] GC(2441) Pause Young (Allocation Failure)
[712.280s][info][gc,heap        ] GC(2441) PSYoungGen: 113184K(222720K)->1184K(222720K) Eden: 111616K(111616K)->0K(111616K) From: 1568K(111104K)->1184K(111104K)
[712.280s][info][gc,heap        ] GC(2441) ParOldGen: 524170K(667648K)->525698K(667648K)
[712.280s][info][gc,metaspace   ] GC(2441) Metaspace: 19057K(19200K)->19057K(19200K) NonClass: 17227K(17344K)->17227K(17344K) Class: 1829K(1856K)->1829K(1856K)
[712.280s][info][gc             ] GC(2441) Pause Young (Allocation Failure) 622M->514M(869M) 4.744ms
[712.280s][info][gc,cpu         ] GC(2441) User=0.01s Sys=0.00s Real=0.00s
[712.371s][info][gc,start       ] GC(2442) Pause Young (Allocation Failure)
[712.381s][info][gc,heap        ] GC(2442) PSYoungGen: 112800K(222720K)->7616K(216576K) Eden: 111616K(111616K)->0K(111616K) From: 1184K(111104K)->7616K(104960K)
[712.381s][info][gc,heap        ] GC(2442) ParOldGen: 525698K(667648K)->526842K(667648K)
[712.381s][info][gc,metaspace   ] GC(2442) Metaspace: 19057K(19200K)->19057K(19200K) NonClass: 17227K(17344K)->17227K(17344K) Class: 1829K(1856K)->1829K(1856K)
[712.381s][info][gc             ] GC(2442) Pause Young (Allocation Failure) 623M->521M(863M) 10.658ms
[712.381s][info][gc,cpu         ] GC(2442) User=0.02s Sys=0.00s Real=0.01s
[712.591s][info][gc,start       ] GC(2443) Pause Young (Allocation Failure)
[712.601s][info][gc,heap        ] GC(2443) PSYoungGen: 119232K(216576K)->7616K(119296K) Eden: 111616K(111616K)->0K(111616K) From: 7616K(104960K)->7616K(7680K)
[712.601s][info][gc,heap        ] GC(2443) ParOldGen: 526842K(667648K)->526842K(667648K)
[712.601s][info][gc,metaspace   ] GC(2443) Metaspace: 19057K(19200K)->19057K(19200K) NonClass: 17227K(17344K)->17227K(17344K) Class: 1829K(1856K)->1829K(1856K)
[712.601s][info][gc             ] GC(2443) Pause Young (Allocation Failure) 630M->521M(768M) 10.111ms
[712.601s][info][gc,cpu         ] GC(2443) User=0.02s Sys=0.00s Real=0.01s
[712.790s][info][gc,start       ] GC(2444) Pause Young (Allocation Failure)
[712.800s][info][gc,heap        ] GC(2444) PSYoungGen: 119232K(119296K)->7744K(204288K) Eden: 111616K(111616K)->0K(116736K) From: 7616K(7680K)->7744K(87552K)
[712.800s][info][gc,heap        ] GC(2444) ParOldGen: 526842K(667648K)->526842K(667648K)
[712.800s][info][gc,metaspace   ] GC(2444) Metaspace: 19057K(19200K)->19057K(19200K) NonClass: 17227K(17344K)->17227K(17344K) Class: 1829K(1856K)->1829K(1856K)
[712.800s][info][gc             ] GC(2444) Pause Young (Allocation Failure) 630M->522M(851M) 10.363ms
[712.800s][info][gc,cpu         ] GC(2444) User=0.02s Sys=0.00s Real=0.01s
[713.003s][info][gc,start       ] GC(2445) Pause Young (Allocation Failure)
[713.012s][info][gc,heap        ] GC(2445) PSYoungGen: 124480K(204288K)->7776K(124928K) Eden: 116736K(116736K)->0K(116736K) From: 7744K(87552K)->7776K(8192K)
[713.012s][info][gc,heap        ] GC(2445) ParOldGen: 526842K(667648K)->526842K(667648K)
[713.012s][info][gc,metaspace   ] GC(2445) Metaspace: 19057K(19200K)->19057K(19200K) NonClass: 17227K(17344K)->17227K(17344K) Class: 1829K(1856K)->1829K(1856K)
[713.012s][info][gc             ] GC(2445) Pause Young (Allocation Failure) 636M->522M(774M) 9.750ms
[713.012s][info][gc,cpu         ] GC(2445) User=0.02s Sys=0.00s Real=0.01s
[713.189s][info][gc,start       ] GC(2446) Pause Young (Allocation Failure)
[713.200s][info][gc,heap        ] GC(2446) PSYoungGen: 124512K(124928K)->7776K(198144K) Eden: 116736K(116736K)->0K(121344K) From: 7776K(8192K)->7776K(76800K)
[713.200s][info][gc,heap        ] GC(2446) ParOldGen: 526842K(667648K)->526842K(667648K)
[713.200s][info][gc,metaspace   ] GC(2446) Metaspace: 19057K(19200K)->19057K(19200K) NonClass: 17227K(17344K)->17227K(17344K) Class: 1829K(1856K)->1829K(1856K)
[713.200s][info][gc             ] GC(2446) Pause Young (Allocation Failure) 636M->522M(845M) 11.126ms
[713.200s][info][gc,cpu         ] GC(2446) User=0.02s Sys=0.00s Real=0.01s
[713.429s][info][gc,start       ] GC(2447) Pause Young (Allocation Failure)
[713.439s][info][gc,heap        ] GC(2447) PSYoungGen: 129120K(198144K)->7808K(129536K) Eden: 121344K(121344K)->0K(121344K) From: 7776K(76800K)->7808K(8192K)
[713.439s][info][gc,heap        ] GC(2447) ParOldGen: 526842K(667648K)->526842K(667648K)
[713.439s][info][gc,metaspace   ] GC(2447) Metaspace: 19057K(19200K)->19057K(19200K) NonClass: 17227K(17344K)->17227K(17344K) Class: 1829K(1856K)->1829K(1856K)
[713.440s][info][gc             ] GC(2447) Pause Young (Allocation Failure) 640M->522M(778M) 10.658ms
[713.440s][info][gc,cpu         ] GC(2447) User=0.02s Sys=0.00s Real=0.01s
[713.582s][info][gc,start       ] GC(2448) Pause Young (Allocation Failure)
[713.605s][info][gc,heap        ] GC(2448) PSYoungGen: 129152K(129536K)->21792K(198144K) Eden: 121344K(121344K)->0K(126976K) From: 7808K(8192K)->21792K(71168K)
[713.605s][info][gc,heap        ] GC(2448) ParOldGen: 526842K(667648K)->526842K(667648K)
[713.605s][info][gc,metaspace   ] GC(2448) Metaspace: 19057K(19200K)->19057K(19200K) NonClass: 17227K(17344K)->17227K(17344K) Class: 1829K(1856K)->1829K(1856K)
[713.605s][info][gc             ] GC(2448) Pause Young (Allocation Failure) 640M->535M(845M) 23.353ms
[713.605s][info][gc,cpu         ] GC(2448) User=0.04s Sys=0.00s Real=0.02s
[713.732s][info][gc,start       ] GC(2449) Pause Young (Allocation Failure)
[713.755s][info][gc,heap        ] GC(2449) PSYoungGen: 148768K(198144K)->21792K(200704K) Eden: 126976K(126976K)->0K(126976K) From: 21792K(71168K)->21792K(73728K)
[713.755s][info][gc,heap        ] GC(2449) ParOldGen: 526842K(667648K)->526842K(667648K)
[713.755s][info][gc,metaspace   ] GC(2449) Metaspace: 19057K(19200K)->19057K(19200K) NonClass: 17227K(17344K)->17227K(17344K) Class: 1829K(1856K)->1829K(1856K)
[713.755s][info][gc             ] GC(2449) Pause Young (Allocation Failure) 659M->535M(848M) 23.307ms
[713.755s][info][gc,cpu         ] GC(2449) User=0.05s Sys=0.00s Real=0.02s
[713.863s][info][gc,start       ] GC(2450) Pause Young (Allocation Failure)
[713.909s][info][gc,heap        ] GC(2450) PSYoungGen: 148768K(200704K)->54496K(194560K) Eden: 126976K(126976K)->0K(124416K) From: 21792K(73728K)->54496K(70144K)
[713.909s][info][gc,heap        ] GC(2450) ParOldGen: 526842K(667648K)->526842K(667648K)
[713.910s][info][gc,metaspace   ] GC(2450) Metaspace: 19057K(19200K)->19057K(19200K) NonClass: 17227K(17344K)->17227K(17344K) Class: 1829K(1856K)->1829K(1856K)
[713.910s][info][gc             ] GC(2450) Pause Young (Allocation Failure) 659M->567M(842M) 46.510ms
[713.910s][info][gc,cpu         ] GC(2450) User=0.09s Sys=0.00s Real=0.04s
[714.053s][info][gc,start       ] GC(2451) Pause Young (Allocation Failure)
[714.111s][info][gc,heap        ] GC(2451) PSYoungGen: 178912K(194560K)->78848K(203776K) Eden: 124416K(124416K)->0K(124416K) From: 54496K(70144K)->78848K(79360K)
[714.111s][info][gc,heap        ] GC(2451) ParOldGen: 526842K(667648K)->526842K(667648K)
[714.111s][info][gc,metaspace   ] GC(2451) Metaspace: 19057K(19200K)->19057K(19200K) NonClass: 17227K(17344K)->17227K(17344K) Class: 1829K(1856K)->1829K(1856K)
[714.112s][info][gc             ] GC(2451) Pause Young (Allocation Failure) 689M->591M(851M) 58.992ms
[714.112s][info][gc,cpu         ] GC(2451) User=0.12s Sys=0.00s Real=0.05s
[714.283s][info][gc,start       ] GC(2452) Pause Young (Allocation Failure)
[714.384s][info][gc,heap        ] GC(2452) PSYoungGen: 203264K(203776K)->93424K(206848K) Eden: 124416K(124416K)->0K(111616K) From: 78848K(79360K)->93424K(95232K)
[714.384s][info][gc,heap        ] GC(2452) ParOldGen: 526842K(667648K)->526842K(667648K)
[714.384s][info][gc,metaspace   ] GC(2452) Metaspace: 19057K(19200K)->19057K(19200K) NonClass: 17227K(17344K)->17227K(17344K) Class: 1829K(1856K)->1829K(1856K)
[714.384s][info][gc             ] GC(2452) Pause Young (Allocation Failure) 712M->605M(854M) 100.773ms
[714.384s][info][gc,cpu         ] GC(2452) User=0.16s Sys=0.04s Real=0.10s
[714.520s][info][gc,start       ] GC(2453) Pause Young (Allocation Failure)
[714.597s][info][gc,heap        ] GC(2453) PSYoungGen: 205040K(206848K)->85872K(222720K) Eden: 111616K(111616K)->0K(111616K) From: 93424K(95232K)->85872K(111104K)
[714.597s][info][gc,heap        ] GC(2453) ParOldGen: 526842K(667648K)->534442K(667648K)
[714.597s][info][gc,metaspace   ] GC(2453) Metaspace: 19057K(19200K)->19057K(19200K) NonClass: 17227K(17344K)->17227K(17344K) Class: 1829K(1856K)->1829K(1856K)
[714.597s][info][gc             ] GC(2453) Pause Young (Allocation Failure) 714M->605M(869M) 77.296ms
[714.597s][info][gc,cpu         ] GC(2453) User=0.15s Sys=0.00s Real=0.08s
[714.736s][info][gc,start       ] GC(2454) Pause Young (Allocation Failure)
[714.807s][info][gc,heap        ] GC(2454) PSYoungGen: 197488K(222720K)->85680K(222720K) Eden: 111616K(111616K)->0K(111616K) From: 85872K(111104K)->85680K(111104K)
[714.807s][info][gc,heap        ] GC(2454) ParOldGen: 534442K(667648K)->534624K(667648K)
[714.807s][info][gc,metaspace   ] GC(2454) Metaspace: 19057K(19200K)->19057K(19200K) NonClass: 17227K(17344K)->17227K(17344K) Class: 1829K(1856K)->1829K(1856K)
[714.807s][info][gc             ] GC(2454) Pause Young (Allocation Failure) 714M->605M(869M) 70.893ms
[714.807s][info][gc,cpu         ] GC(2454) User=0.14s Sys=0.00s Real=0.07s
[714.947s][info][gc,start       ] GC(2455) Pause Young (Allocation Failure)
[715.016s][info][gc,heap        ] GC(2455) PSYoungGen: 197296K(222720K)->85680K(222720K) Eden: 111616K(111616K)->0K(111616K) From: 85680K(111104K)->85680K(111104K)
[715.016s][info][gc,heap        ] GC(2455) ParOldGen: 534624K(667648K)->534656K(667648K)
[715.016s][info][gc,metaspace   ] GC(2455) Metaspace: 19057K(19200K)->19057K(19200K) NonClass: 17227K(17344K)->17227K(17344K) Class: 1829K(1856K)->1829K(1856K)
[715.016s][info][gc             ] GC(2455) Pause Young (Allocation Failure) 714M->605M(869M) 69.233ms
[715.016s][info][gc,cpu         ] GC(2455) User=0.14s Sys=0.00s Real=0.07s
[715.154s][info][gc,start       ] GC(2456) Pause Young (Allocation Failure)
[715.223s][info][gc,heap        ] GC(2456) PSYoungGen: 197296K(222720K)->71696K(222720K) Eden: 111616K(111616K)->0K(111616K) From: 85680K(111104K)->71696K(111104K)
[715.223s][info][gc,heap        ] GC(2456) ParOldGen: 534656K(667648K)->548704K(667648K)
[715.223s][info][gc,metaspace   ] GC(2456) Metaspace: 19057K(19200K)->19057K(19200K) NonClass: 17227K(17344K)->17227K(17344K) Class: 1829K(1856K)->1829K(1856K)
[715.223s][info][gc             ] GC(2456) Pause Young (Allocation Failure) 714M->605M(869M) 69.252ms
[715.223s][info][gc,cpu         ] GC(2456) User=0.14s Sys=0.00s Real=0.07s
[715.360s][info][gc,start       ] GC(2457) Pause Young (Allocation Failure)
[715.417s][info][gc,heap        ] GC(2457) PSYoungGen: 183312K(222720K)->14624K(222720K) Eden: 111616K(111616K)->0K(111616K) From: 71696K(111104K)->14624K(111104K)
[715.417s][info][gc,heap        ] GC(2457) ParOldGen: 548704K(667648K)->606331K(667648K)
[715.417s][info][gc,metaspace   ] GC(2457) Metaspace: 19057K(19200K)->19057K(19200K) NonClass: 17227K(17344K)->17227K(17344K) Class: 1829K(1856K)->1829K(1856K)
[715.417s][info][gc             ] GC(2457) Pause Young (Allocation Failure) 714M->606M(869M) 57.019ms
[715.417s][info][gc,cpu         ] GC(2457) User=0.11s Sys=0.00s Real=0.06s
[715.552s][info][gc,start       ] GC(2458) Pause Young (Allocation Failure)
[715.575s][info][gc,heap        ] GC(2458) PSYoungGen: 126240K(222720K)->64K(222720K) Eden: 111616K(111616K)->0K(111616K) From: 14624K(111104K)->64K(111104K)
[715.575s][info][gc,heap        ] GC(2458) ParOldGen: 606331K(667648K)->620983K(667648K)
[715.575s][info][gc,metaspace   ] GC(2458) Metaspace: 19057K(19200K)->19057K(19200K) NonClass: 17227K(17344K)->17227K(17344K) Class: 1829K(1856K)->1829K(1856K)
[715.575s][info][gc             ] GC(2458) Pause Young (Allocation Failure) 715M->606M(869M) 23.118ms
[715.575s][info][gc,cpu         ] GC(2458) User=0.04s Sys=0.00s Real=0.02s
[715.706s][info][gc,start       ] GC(2459) Pause Young (Allocation Failure)
[715.708s][info][gc,heap        ] GC(2459) PSYoungGen: 111680K(222720K)->64K(222720K) Eden: 111616K(111616K)->0K(111616K) From: 64K(111104K)->64K(111104K)
[715.708s][info][gc,heap        ] GC(2459) ParOldGen: 620983K(667648K)->620983K(667648K)
[715.708s][info][gc,metaspace   ] GC(2459) Metaspace: 19057K(19200K)->19057K(19200K) NonClass: 17227K(17344K)->17227K(17344K) Class: 1829K(1856K)->1829K(1856K)
[715.708s][info][gc             ] GC(2459) Pause Young (Allocation Failure) 715M->606M(869M) 1.927ms
[715.708s][info][gc,cpu         ] GC(2459) User=0.01s Sys=0.00s Real=0.00s
[715.835s][info][gc,start       ] GC(2460) Pause Young (Allocation Failure)
[715.837s][info][gc,heap        ] GC(2460) PSYoungGen: 111680K(222720K)->64K(222720K) Eden: 111616K(111616K)->0K(111616K) From: 64K(111104K)->64K(111104K)
[715.837s][info][gc,heap        ] GC(2460) ParOldGen: 620983K(667648K)->620983K(667648K)
[715.837s][info][gc,metaspace   ] GC(2460) Metaspace: 19057K(19200K)->19057K(19200K) NonClass: 17227K(17344K)->17227K(17344K) Class: 1829K(1856K)->1829K(1856K)
[715.837s][info][gc             ] GC(2460) Pause Young (Allocation Failure) 715M->606M(869M) 1.948ms
[715.837s][info][gc,cpu         ] GC(2460) User=0.00s Sys=0.00s Real=0.00s
[715.964s][info][gc,start       ] GC(2461) Pause Young (Allocation Failure)
[715.966s][info][gc,heap        ] GC(2461) PSYoungGen: 111680K(222720K)->64K(222720K) Eden: 111616K(111616K)->0K(111616K) From: 64K(111104K)->64K(111104K)
[715.966s][info][gc,heap        ] GC(2461) ParOldGen: 620983K(667648K)->620983K(667648K)
[715.966s][info][gc,metaspace   ] GC(2461) Metaspace: 19057K(19200K)->19057K(19200K) NonClass: 17227K(17344K)->17227K(17344K) Class: 1829K(1856K)->1829K(1856K)
[715.966s][info][gc             ] GC(2461) Pause Young (Allocation Failure) 715M->606M(869M) 1.921ms
[715.966s][info][gc,cpu         ] GC(2461) User=0.01s Sys=0.00s Real=0.00s
[716.061s][info][gc,start       ] GC(2462) Pause Young (Allocation Failure)
[716.079s][info][gc,heap        ] GC(2462) PSYoungGen: 111680K(222720K)->15776K(222720K) Eden: 111616K(111616K)->0K(111616K) From: 64K(111104K)->15776K(111104K)
[716.079s][info][gc,heap        ] GC(2462) ParOldGen: 620983K(667648K)->620983K(667648K)
[716.079s][info][gc,metaspace   ] GC(2462) Metaspace: 19057K(19200K)->19057K(19200K) NonClass: 17227K(17344K)->17227K(17344K) Class: 1829K(1856K)->1829K(1856K)
[716.079s][info][gc             ] GC(2462) Pause Young (Allocation Failure) 715M->621M(869M) 18.270ms
[716.079s][info][gc,cpu         ] GC(2462) User=0.03s Sys=0.00s Real=0.02s
[716.173s][info][gc,start       ] GC(2463) Pause Young (Allocation Failure)
[716.200s][info][gc,heap        ] GC(2463) PSYoungGen: 127392K(222720K)->10752K(222720K) Eden: 111616K(111616K)->0K(111616K) From: 15776K(111104K)->10752K(111104K)
[716.201s][info][gc,heap        ] GC(2463) ParOldGen: 620983K(667648K)->636767K(667648K)
[716.201s][info][gc,metaspace   ] GC(2463) Metaspace: 19057K(19200K)->19057K(19200K) NonClass: 17227K(17344K)->17227K(17344K) Class: 1829K(1856K)->1829K(1856K)
[716.201s][info][gc             ] GC(2463) Pause Young (Allocation Failure) 730M->632M(869M) 27.102ms
[716.201s][info][gc,cpu         ] GC(2463) User=0.05s Sys=0.00s Real=0.02s
[716.271s][info][gc,start       ] GC(2464) Pause Full (Allocation Failure)
[716.271s][info][gc,phases,start] GC(2464) Marking Phase
[716.589s][info][gc,phases      ] GC(2464) Marking Phase 317.921ms
[716.589s][info][gc,phases,start] GC(2464) Summary Phase
[716.589s][info][gc,phases      ] GC(2464) Summary Phase 0.026ms
[716.589s][info][gc,phases,start] GC(2464) Forward
[716.632s][info][gc,phases      ] GC(2464) Forward 42.925ms
[716.632s][info][gc,phases,start] GC(2464) Adjust Pointers
[716.885s][info][gc,phases      ] GC(2464) Adjust Pointers 252.790ms
[716.885s][info][gc,phases,start] GC(2464) Compaction Phase
[717.006s][info][gc,phases      ] GC(2464) Compaction Phase 121.424ms
[717.013s][info][gc,phases,start] GC(2464) Post Compact
[717.015s][info][gc,phases      ] GC(2464) Post Compact 2.243ms
[717.015s][info][gc,heap        ] GC(2464) PSYoungGen: 122368K(222720K)->0K(222720K) Eden: 111616K(111616K)->0K(111616K) From: 10752K(111104K)->0K(111104K)
[717.015s][info][gc,heap        ] GC(2464) ParOldGen: 636767K(667648K)->516514K(667648K)
[717.015s][info][gc,metaspace   ] GC(2464) Metaspace: 19057K(19200K)->19057K(19200K) NonClass: 17227K(17344K)->17227K(17344K) Class: 1829K(1856K)->1829K(1856K)
[717.015s][info][gc             ] GC(2464) Pause Full (Allocation Failure) 741M->504M(869M) 744.175ms
[717.015s][info][gc,cpu         ] GC(2464) User=1.45s Sys=0.00s Real=0.75s
[717.089s][info][gc,start       ] GC(2465) Pause Young (Allocation Failure)
[717.116s][info][gc,heap        ] GC(2465) PSYoungGen: 111616K(222720K)->20576K(132608K) Eden: 111616K(111616K)->0K(111616K) From: 0K(111104K)->20576K(20992K)
[717.116s][info][gc,heap        ] GC(2465) ParOldGen: 516514K(667648K)->516514K(667648K)
[717.116s][info][gc,metaspace   ] GC(2465) Metaspace: 19057K(19200K)->19057K(19200K) NonClass: 17227K(17344K)->17227K(17344K) Class: 1829K(1856K)->1829K(1856K)
[717.116s][info][gc             ] GC(2465) Pause Young (Allocation Failure) 613M->524M(781M) 27.225ms
[717.116s][info][gc,cpu         ] GC(2465) User=0.05s Sys=0.00s Real=0.03s
[717.203s][info][gc,start       ] GC(2466) Pause Young (Allocation Failure)
[717.239s][info][gc,heap        ] GC(2466) PSYoungGen: 132192K(132608K)->33216K(221184K) Eden: 111616K(111616K)->0K(116736K) From: 20576K(20992K)->33216K(104448K)
[717.239s][info][gc,heap        ] GC(2466) ParOldGen: 516514K(667648K)->516514K(667648K)
[717.239s][info][gc,metaspace   ] GC(2466) Metaspace: 19057K(19200K)->19057K(19200K) NonClass: 17227K(17344K)->17227K(17344K) Class: 1829K(1856K)->1829K(1856K)
[717.239s][info][gc             ] GC(2466) Pause Young (Allocation Failure) 633M->536M(868M) 35.683ms
[717.239s][info][gc,cpu         ] GC(2466) User=0.07s Sys=0.00s Real=0.03s
[717.307s][info][gc,start       ] GC(2467) Pause Young (Allocation Failure)
[717.353s][info][gc,heap        ] GC(2467) PSYoungGen: 149952K(221184K)->46048K(217088K) Eden: 116736K(116736K)->0K(116736K) From: 33216K(104448K)->46048K(100352K)
[717.353s][info][gc,heap        ] GC(2467) ParOldGen: 516514K(667648K)->516514K(667648K)
[717.353s][info][gc,metaspace   ] GC(2467) Metaspace: 19057K(19200K)->19057K(19200K) NonClass: 17227K(17344K)->17227K(17344K) Class: 1829K(1856K)->1829K(1856K)
[717.353s][info][gc             ] GC(2467) Pause Young (Allocation Failure) 650M->549M(864M) 46.085ms
[717.353s][info][gc,cpu         ] GC(2467) User=0.09s Sys=0.00s Real=0.05s
[717.435s][info][gc,start       ] GC(2468) Pause Young (Allocation Failure)
[717.497s][info][gc,heap        ] GC(2468) PSYoungGen: 162784K(217088K)->43840K(226816K) Eden: 116736K(116736K)->0K(129536K) From: 46048K(100352K)->43840K(97280K)
[717.497s][info][gc,heap        ] GC(2468) ParOldGen: 516514K(667648K)->537130K(667648K)
[717.497s][info][gc,metaspace   ] GC(2468) Metaspace: 19057K(19200K)->19057K(19200K) NonClass: 17227K(17344K)->17227K(17344K) Class: 1829K(1856K)->1829K(1856K)
[717.497s][info][gc             ] GC(2468) Pause Young (Allocation Failure) 663M->567M(873M) 61.792ms
[717.497s][info][gc,cpu         ] GC(2468) User=0.12s Sys=0.00s Real=0.06s
[717.604s][info][gc,start       ] GC(2469) Pause Young (Allocation Failure)
[717.659s][info][gc,heap        ] GC(2469) PSYoungGen: 173376K(226816K)->30976K(227840K) Eden: 129536K(129536K)->0K(129536K) From: 43840K(97280K)->30976K(98304K)
[717.659s][info][gc,heap        ] GC(2469) ParOldGen: 537130K(667648K)->562786K(667648K)
[717.660s][info][gc,metaspace   ] GC(2469) Metaspace: 19057K(19200K)->19057K(19200K) NonClass: 17227K(17344K)->17227K(17344K) Class: 1829K(1856K)->1829K(1856K)
[717.660s][info][gc             ] GC(2469) Pause Young (Allocation Failure) 693M->579M(874M) 55.395ms
[717.660s][info][gc,cpu         ] GC(2469) User=0.11s Sys=0.00s Real=0.05s
[717.751s][info][gc,start       ] GC(2470) Pause Young (Allocation Failure)
[717.800s][info][gc,heap        ] GC(2470) PSYoungGen: 160512K(227840K)->12896K(231936K) Eden: 129536K(129536K)->0K(141824K) From: 30976K(98304K)->12896K(90112K)
[717.800s][info][gc,heap        ] GC(2470) ParOldGen: 562786K(667648K)->593854K(667648K)
[717.800s][info][gc,metaspace   ] GC(2470) Metaspace: 19057K(19200K)->19057K(19200K) NonClass: 17227K(17344K)->17227K(17344K) Class: 1829K(1856K)->1829K(1856K)
[717.800s][info][gc             ] GC(2470) Pause Young (Allocation Failure) 706M->592M(878M) 49.630ms
[717.800s][info][gc,cpu         ] GC(2470) User=0.10s Sys=0.00s Real=0.05s
[717.939s][info][gc,start       ] GC(2471) Pause Young (Allocation Failure)
[717.961s][info][gc,heap        ] GC(2471) PSYoungGen: 154720K(231936K)->3328K(230400K) Eden: 141824K(141824K)->0K(141824K) From: 12896K(90112K)->3328K(88576K)
[717.961s][info][gc,heap        ] GC(2471) ParOldGen: 593854K(667648K)->606766K(667648K)
[717.961s][info][gc,metaspace   ] GC(2471) Metaspace: 19057K(19200K)->19057K(19200K) NonClass: 17227K(17344K)->17227K(17344K) Class: 1829K(1856K)->1829K(1856K)
[717.961s][info][gc             ] GC(2471) Pause Young (Allocation Failure) 731M->595M(877M) 21.797ms
[717.961s][info][gc,cpu         ] GC(2471) User=0.04s Sys=0.00s Real=0.02s
[718.100s][info][gc,start       ] GC(2472) Pause Young (Allocation Failure)
[718.113s][info][gc,heap        ] GC(2472) PSYoungGen: 145152K(230400K)->1504K(240128K) Eden: 141824K(141824K)->0K(155648K) From: 3328K(88576K)->1504K(84480K)
[718.113s][info][gc,heap        ] GC(2472) ParOldGen: 606766K(667648K)->610102K(667648K)
[718.113s][info][gc,metaspace   ] GC(2472) Metaspace: 19057K(19200K)->19057K(19200K) NonClass: 17227K(17344K)->17227K(17344K) Class: 1829K(1856K)->1829K(1856K)
[718.113s][info][gc             ] GC(2472) Pause Young (Allocation Failure) 734M->597M(886M) 12.874ms
[718.113s][info][gc,cpu         ] GC(2472) User=0.03s Sys=0.00s Real=0.02s
[718.279s][info][gc,start       ] GC(2473) Pause Young (Allocation Failure)
[718.293s][info][gc,heap        ] GC(2473) PSYoungGen: 157152K(240128K)->3584K(241152K) Eden: 155648K(155648K)->0K(155648K) From: 1504K(84480K)->3584K(85504K)
[718.293s][info][gc,heap        ] GC(2473) ParOldGen: 610102K(667648K)->611580K(667648K)
[718.293s][info][gc,metaspace   ] GC(2473) Metaspace: 19057K(19200K)->19057K(19200K) NonClass: 17227K(17344K)->17227K(17344K) Class: 1829K(1856K)->1829K(1856K)
[718.293s][info][gc             ] GC(2473) Pause Young (Allocation Failure) 749M->600M(887M) 13.792ms
[718.293s][info][gc,cpu         ] GC(2473) User=0.02s Sys=0.00s Real=0.02s
[718.412s][info][gc,start       ] GC(2474) Pause Young (Allocation Failure)
[718.418s][info][gc,heap        ] GC(2474) PSYoungGen: 159232K(241152K)->3616K(244224K) Eden: 155648K(155648K)->0K(165888K) From: 3584K(85504K)->3616K(78336K)
[718.418s][info][gc,heap        ] GC(2474) ParOldGen: 611580K(667648K)->611580K(667648K)
[718.418s][info][gc,metaspace   ] GC(2474) Metaspace: 19057K(19200K)->19057K(19200K) NonClass: 17227K(17344K)->17227K(17344K) Class: 1829K(1856K)->1829K(1856K)
[718.418s][info][gc             ] GC(2474) Pause Young (Allocation Failure) 752M->600M(890M) 6.590ms
[718.418s][info][gc,cpu         ] GC(2474) User=0.01s Sys=0.01s Real=0.01s
[718.648s][info][gc,start       ] GC(2475) Pause Young (Allocation Failure)
[718.670s][info][gc,heap        ] GC(2475) PSYoungGen: 169504K(244224K)->19744K(245248K) Eden: 165888K(165888K)->0K(165888K) From: 3616K(78336K)->19744K(79360K)
[718.670s][info][gc,heap        ] GC(2475) ParOldGen: 611580K(667648K)->611580K(667648K)
[718.670s][info][gc,metaspace   ] GC(2475) Metaspace: 19057K(19200K)->19057K(19200K) NonClass: 17227K(17344K)->17227K(17344K) Class: 1829K(1856K)->1829K(1856K)
[718.670s][info][gc             ] GC(2475) Pause Young (Allocation Failure) 762M->616M(891M) 22.295ms
[718.670s][info][gc,cpu         ] GC(2475) User=0.04s Sys=0.00s Real=0.02s
[718.916s][info][gc,start       ] GC(2476) Pause Young (Allocation Failure)
[718.972s][info][gc,heap        ] GC(2476) PSYoungGen: 185632K(245248K)->60496K(240128K) Eden: 165888K(165888K)->0K(166400K) From: 19744K(79360K)->60496K(73728K)
[718.972s][info][gc,heap        ] GC(2476) ParOldGen: 611580K(667648K)->611580K(667648K)
[718.972s][info][gc,metaspace   ] GC(2476) Metaspace: 19057K(19200K)->19057K(19200K) NonClass: 17227K(17344K)->17227K(17344K) Class: 1829K(1856K)->1829K(1856K)
[718.972s][info][gc             ] GC(2476) Pause Young (Allocation Failure) 778M->656M(886M) 55.544ms
[718.972s][info][gc,cpu         ] GC(2476) User=0.11s Sys=0.00s Real=0.06s
[719.120s][info][gc,start       ] GC(2477) Pause Young (Allocation Failure)
[719.205s][info][gc,heap        ] GC(2477) PSYoungGen: 226896K(240128K)->83424K(249856K) Eden: 166400K(166400K)->0K(166400K) From: 60496K(73728K)->83424K(83456K)
[719.205s][info][gc,heap        ] GC(2477) ParOldGen: 611580K(667648K)->635684K(667648K)
[719.205s][info][gc,metaspace   ] GC(2477) Metaspace: 19057K(19200K)->19057K(19200K) NonClass: 17228K(17344K)->17228K(17344K) Class: 1829K(1856K)->1829K(1856K)
[719.205s][info][gc             ] GC(2477) Pause Young (Allocation Failure) 818M->702M(896M) 84.349ms
[719.205s][info][gc,cpu         ] GC(2477) User=0.17s Sys=0.00s Real=0.09s
[719.330s][info][gc,start       ] GC(2478) Pause Full (Allocation Failure)
[719.330s][info][gc,phases,start] GC(2478) Marking Phase
[719.809s][info][gc,phases      ] GC(2478) Marking Phase 478.622ms
[719.809s][info][gc,phases,start] GC(2478) Summary Phase
[719.809s][info][gc,phases      ] GC(2478) Summary Phase 0.029ms
[719.809s][info][gc,phases,start] GC(2478) Forward
[719.933s][info][gc,phases      ] GC(2478) Forward 124.239ms
[719.933s][info][gc,phases,start] GC(2478) Adjust Pointers
[720.303s][info][gc,phases      ] GC(2478) Adjust Pointers 370.133ms
[720.303s][info][gc,phases,start] GC(2478) Compaction Phase
[720.556s][info][gc,phases      ] GC(2478) Compaction Phase 252.979ms
[720.570s][info][gc,phases,start] GC(2478) Post Compact
[720.572s][info][gc,phases      ] GC(2478) Post Compact 2.575ms
[720.572s][info][gc,heap        ] GC(2478) PSYoungGen: 249824K(249856K)->22945K(189440K) Eden: 166400K(166400K)->0K(166400K) From: 83424K(83456K)->22945K(23040K)
[720.572s][info][gc,heap        ] GC(2478) ParOldGen: 635684K(667648K)->667629K(667648K)
[720.572s][info][gc,metaspace   ] GC(2478) Metaspace: 19057K(19200K)->19057K(19200K) NonClass: 17228K(17344K)->17228K(17344K) Class: 1829K(1856K)->1829K(1856K)
[720.573s][info][gc             ] GC(2478) Pause Full (Allocation Failure) 864M->674M(837M) 1242.658ms
[720.573s][info][gc,cpu         ] GC(2478) User=2.42s Sys=0.01s Real=1.25s
[720.781s][info][gc,start       ] GC(2479) Pause Full (Allocation Failure)
[720.781s][info][gc,phases,start] GC(2479) Marking Phase
[721.253s][info][gc,phases      ] GC(2479) Marking Phase 472.082ms
[721.253s][info][gc,phases,start] GC(2479) Summary Phase
[721.253s][info][gc,phases      ] GC(2479) Summary Phase 0.024ms
[721.253s][info][gc,phases,start] GC(2479) Forward
[721.270s][info][gc,phases      ] GC(2479) Forward 17.113ms
[721.270s][info][gc,phases,start] GC(2479) Adjust Pointers
[721.600s][info][gc,phases      ] GC(2479) Adjust Pointers 330.040ms
[721.601s][info][gc,phases,start] GC(2479) Compaction Phase
[721.736s][info][gc,phases      ] GC(2479) Compaction Phase 135.839ms
[721.736s][info][gc,phases,start] GC(2479) Post Compact
[721.739s][info][gc,phases      ] GC(2479) Post Compact 2.424ms
[721.739s][info][gc,heap        ] GC(2479) PSYoungGen: 189345K(189440K)->23247K(274944K) Eden: 166400K(166400K)->23247K(166400K) From: 22945K(23040K)->0K(108544K)
[721.739s][info][gc,heap        ] GC(2479) ParOldGen: 667629K(667648K)->667646K(667648K)
[721.739s][info][gc,metaspace   ] GC(2479) Metaspace: 19057K(19200K)->19057K(19200K) NonClass: 17228K(17344K)->17228K(17344K) Class: 1829K(1856K)->1829K(1856K)
[721.739s][info][gc             ] GC(2479) Pause Full (Allocation Failure) 836M->674M(920M) 957.933ms
[721.739s][info][gc,cpu         ] GC(2479) User=1.88s Sys=0.00s Real=0.96s
[721.970s][info][gc,start       ] GC(2480) Pause Full (Allocation Failure)
[721.970s][info][gc,phases,start] GC(2480) Marking Phase
[722.448s][info][gc,phases      ] GC(2480) Marking Phase 478.660ms
[722.448s][info][gc,phases,start] GC(2480) Summary Phase
[722.448s][info][gc,phases      ] GC(2480) Summary Phase 0.026ms
[722.448s][info][gc,phases,start] GC(2480) Forward
[722.469s][info][gc,phases      ] GC(2480) Forward 20.373ms
[722.469s][info][gc,phases,start] GC(2480) Adjust Pointers
[722.803s][info][gc,phases      ] GC(2480) Adjust Pointers 334.285ms
[722.803s][info][gc,phases,start] GC(2480) Compaction Phase
[722.938s][info][gc,phases      ] GC(2480) Compaction Phase 134.485ms
[722.938s][info][gc,phases,start] GC(2480) Post Compact
[722.940s][info][gc,phases      ] GC(2480) Post Compact 2.398ms
[722.940s][info][gc,heap        ] GC(2480) PSYoungGen: 166400K(274944K)->23657K(189440K) Eden: 166400K(166400K)->23657K(166400K) From: 0K(108544K)->0K(23040K)
[722.940s][info][gc,heap        ] GC(2480) ParOldGen: 667646K(667648K)->667646K(667648K)
[722.940s][info][gc,metaspace   ] GC(2480) Metaspace: 19057K(19200K)->19057K(19200K) NonClass: 17228K(17344K)->17228K(17344K) Class: 1829K(1856K)->1829K(1856K)
[722.940s][info][gc             ] GC(2480) Pause Full (Allocation Failure) 814M->675M(837M) 970.668ms
[722.940s][info][gc,cpu         ] GC(2480) User=1.89s Sys=0.00s Real=0.97s
[723.107s][info][gc,start       ] GC(2481) Pause Full (Allocation Failure)
[723.107s][info][gc,phases,start] GC(2481) Marking Phase
[723.588s][info][gc,phases      ] GC(2481) Marking Phase 481.224ms
[723.588s][info][gc,phases,start] GC(2481) Summary Phase
[723.588s][info][gc,phases      ] GC(2481) Summary Phase 0.026ms
[723.588s][info][gc,phases,start] GC(2481) Forward
[723.609s][info][gc,phases      ] GC(2481) Forward 21.450ms
[723.609s][info][gc,phases,start] GC(2481) Adjust Pointers
[723.949s][info][gc,phases      ] GC(2481) Adjust Pointers 339.091ms
[723.949s][info][gc,phases,start] GC(2481) Compaction Phase
[724.086s][info][gc,phases      ] GC(2481) Compaction Phase 137.486ms
[724.086s][info][gc,phases,start] GC(2481) Post Compact
[724.089s][info][gc,phases      ] GC(2481) Post Compact 2.394ms
[724.089s][info][gc,heap        ] GC(2481) PSYoungGen: 166400K(189440K)->25199K(274944K) Eden: 166400K(166400K)->25199K(166400K) From: 0K(23040K)->0K(108544K)
[724.089s][info][gc,heap        ] GC(2481) ParOldGen: 667646K(667648K)->667645K(667648K)
[724.089s][info][gc,metaspace   ] GC(2481) Metaspace: 19057K(19200K)->19057K(19200K) NonClass: 17228K(17344K)->17228K(17344K) Class: 1829K(1856K)->1829K(1856K)
[724.089s][info][gc             ] GC(2481) Pause Full (Allocation Failure) 814M->676M(920M) 982.107ms
[724.089s][info][gc,cpu         ] GC(2481) User=1.92s Sys=0.00s Real=0.98s
[724.212s][info][gc,start       ] GC(2482) Pause Full (Allocation Failure)
[724.212s][info][gc,phases,start] GC(2482) Marking Phase
[724.697s][info][gc,phases      ] GC(2482) Marking Phase 485.845ms
[724.698s][info][gc,phases,start] GC(2482) Summary Phase
[724.698s][info][gc,phases      ] GC(2482) Summary Phase 0.025ms
[724.698s][info][gc,phases,start] GC(2482) Forward
[724.709s][info][gc,phases      ] GC(2482) Forward 11.184ms
[724.709s][info][gc,phases,start] GC(2482) Adjust Pointers
[725.042s][info][gc,phases      ] GC(2482) Adjust Pointers 333.387ms
[725.042s][info][gc,phases,start] GC(2482) Compaction Phase
[725.177s][info][gc,phases      ] GC(2482) Compaction Phase 134.583ms
[725.177s][info][gc,phases,start] GC(2482) Post Compact
[725.179s][info][gc,phases      ] GC(2482) Post Compact 2.348ms
[725.179s][info][gc,heap        ] GC(2482) PSYoungGen: 166400K(274944K)->26454K(189440K) Eden: 166400K(166400K)->26454K(166400K) From: 0K(108544K)->0K(23040K)
[725.179s][info][gc,heap        ] GC(2482) ParOldGen: 667645K(667648K)->667645K(667648K)
[725.179s][info][gc,metaspace   ] GC(2482) Metaspace: 19057K(19200K)->19057K(19200K) NonClass: 17228K(17344K)->17228K(17344K) Class: 1829K(1856K)->1829K(1856K)
[725.179s][info][gc             ] GC(2482) Pause Full (Allocation Failure) 814M->677M(837M) 967.826ms
[725.179s][info][gc,cpu         ] GC(2482) User=1.88s Sys=0.01s Real=0.97s
[725.512s][info][gc,start       ] GC(2483) Pause Full (Allocation Failure)
[725.512s][info][gc,phases,start] GC(2483) Marking Phase
[726.019s][info][gc,phases      ] GC(2483) Marking Phase 506.598ms
[726.019s][info][gc,phases,start] GC(2483) Summary Phase
[726.019s][info][gc,phases      ] GC(2483) Summary Phase 0.029ms
[726.019s][info][gc,phases,start] GC(2483) Forward
[726.144s][info][gc,phases      ] GC(2483) Forward 125.209ms
[726.144s][info][gc,phases,start] GC(2483) Adjust Pointers
[726.550s][info][gc,phases      ] GC(2483) Adjust Pointers 405.492ms
[726.550s][info][gc,phases,start] GC(2483) Compaction Phase
[726.739s][info][gc,phases      ] GC(2483) Compaction Phase 188.861ms
[726.755s][info][gc,phases,start] GC(2483) Post Compact
[726.758s][info][gc,phases      ] GC(2483) Post Compact 2.420ms
[726.758s][info][gc,heap        ] GC(2483) PSYoungGen: 166400K(189440K)->43180K(274944K) Eden: 166400K(166400K)->43180K(166400K) From: 0K(23040K)->0K(108544K)
[726.758s][info][gc,heap        ] GC(2483) ParOldGen: 667645K(667648K)->667515K(667648K)
[726.758s][info][gc,metaspace   ] GC(2483) Metaspace: 19060K(19200K)->19060K(19200K) NonClass: 17231K(17344K)->17231K(17344K) Class: 1829K(1856K)->1829K(1856K)
[726.758s][info][gc             ] GC(2483) Pause Full (Allocation Failure) 814M->694M(920M) 1245.842ms
[726.758s][info][gc,cpu         ] GC(2483) User=2.44s Sys=0.00s Real=1.24s
[726.918s][info][gc,start       ] GC(2484) Pause Full (Allocation Failure)
[726.919s][info][gc,phases,start] GC(2484) Marking Phase
[727.469s][info][gc,phases      ] GC(2484) Marking Phase 550.044ms
[727.469s][info][gc,phases,start] GC(2484) Summary Phase
[727.469s][info][gc,phases      ] GC(2484) Summary Phase 0.030ms
[727.469s][info][gc,phases,start] GC(2484) Forward
[727.563s][info][gc,phases      ] GC(2484) Forward 94.257ms
[727.563s][info][gc,phases,start] GC(2484) Adjust Pointers
[727.996s][info][gc,phases      ] GC(2484) Adjust Pointers 433.342ms
[727.996s][info][gc,phases,start] GC(2484) Compaction Phase
[728.175s][info][gc,phases      ] GC(2484) Compaction Phase 178.276ms
[728.185s][info][gc,phases,start] GC(2484) Post Compact
[728.187s][info][gc,phases      ] GC(2484) Post Compact 2.510ms
[728.187s][info][gc,heap        ] GC(2484) PSYoungGen: 166400K(274944K)->65696K(189440K) Eden: 166400K(166400K)->65696K(166400K) From: 0K(108544K)->0K(23040K)
[728.187s][info][gc,heap        ] GC(2484) ParOldGen: 667515K(667648K)->667515K(667648K)
[728.187s][info][gc,metaspace   ] GC(2484) Metaspace: 19060K(19200K)->19060K(19200K) NonClass: 17231K(17344K)->17231K(17344K) Class: 1829K(1856K)->1829K(1856K)
[728.187s][info][gc             ] GC(2484) Pause Full (Allocation Failure) 814M->716M(837M) 1268.660ms
[728.187s][info][gc,cpu         ] GC(2484) User=2.48s Sys=0.00s Real=1.27s
[728.316s][info][gc,start       ] GC(2485) Pause Full (Allocation Failure)
[728.316s][info][gc,phases,start] GC(2485) Marking Phase
[728.864s][info][gc,phases      ] GC(2485) Marking Phase 548.009ms
[728.864s][info][gc,phases,start] GC(2485) Summary Phase
[728.864s][info][gc,phases      ] GC(2485) Summary Phase 0.027ms
[728.864s][info][gc,phases,start] GC(2485) Forward
[728.896s][info][gc,phases      ] GC(2485) Forward 31.283ms
[728.896s][info][gc,phases,start] GC(2485) Adjust Pointers
[729.284s][info][gc,phases      ] GC(2485) Adjust Pointers 388.470ms
[729.284s][info][gc,phases,start] GC(2485) Compaction Phase
[729.436s][info][gc,phases      ] GC(2485) Compaction Phase 151.504ms
[729.436s][info][gc,phases,start] GC(2485) Post Compact
[729.438s][info][gc,phases      ] GC(2485) Post Compact 2.370ms
[729.438s][info][gc,heap        ] GC(2485) PSYoungGen: 166400K(189440K)->77663K(274944K) Eden: 166400K(166400K)->77663K(166400K) From: 0K(23040K)->0K(108544K)
[729.438s][info][gc,heap        ] GC(2485) ParOldGen: 667515K(667648K)->667515K(667648K)
[729.438s][info][gc,metaspace   ] GC(2485) Metaspace: 19060K(19200K)->19060K(19200K) NonClass: 17231K(17344K)->17231K(17344K) Class: 1829K(1856K)->1829K(1856K)
[729.438s][info][gc             ] GC(2485) Pause Full (Allocation Failure) 814M->727M(920M) 1122.118ms
[729.438s][info][gc,cpu         ] GC(2485) User=2.18s Sys=0.00s Real=1.12s
[729.504s][info][gc,start       ] GC(2486) Pause Full (Allocation Failure)
[729.504s][info][gc,phases,start] GC(2486) Marking Phase
[730.039s][info][gc,phases      ] GC(2486) Marking Phase 535.137ms
[730.039s][info][gc,phases,start] GC(2486) Summary Phase
[730.039s][info][gc,phases      ] GC(2486) Summary Phase 0.028ms
[730.039s][info][gc,phases,start] GC(2486) Forward
[730.071s][info][gc,phases      ] GC(2486) Forward 32.526ms
[730.071s][info][gc,phases,start] GC(2486) Adjust Pointers
[730.440s][info][gc,phases      ] GC(2486) Adjust Pointers 368.565ms
[730.440s][info][gc,phases,start] GC(2486) Compaction Phase
[730.586s][info][gc,phases      ] GC(2486) Compaction Phase 145.798ms
[730.586s][info][gc,phases,start] GC(2486) Post Compact
[730.588s][info][gc,phases      ] GC(2486) Post Compact 2.381ms
[730.588s][info][gc,heap        ] GC(2486) PSYoungGen: 166400K(274944K)->81065K(189440K) Eden: 166400K(166400K)->81065K(166400K) From: 0K(108544K)->0K(23040K)
[730.588s][info][gc,heap        ] GC(2486) ParOldGen: 667515K(667648K)->667515K(667648K)
[730.588s][info][gc,metaspace   ] GC(2486) Metaspace: 19060K(19200K)->19060K(19200K) NonClass: 17231K(17344K)->17231K(17344K) Class: 1829K(1856K)->1829K(1856K)
[730.588s][info][gc             ] GC(2486) Pause Full (Allocation Failure) 814M->731M(837M) 1084.860ms
[730.588s][info][gc,cpu         ] GC(2486) User=2.09s Sys=0.00s Real=1.08s
[730.680s][info][gc,start       ] GC(2487) Pause Full (Allocation Failure)
[730.680s][info][gc,phases,start] GC(2487) Marking Phase
[731.228s][info][gc,phases      ] GC(2487) Marking Phase 548.029ms
[731.228s][info][gc,phases,start] GC(2487) Summary Phase
[731.228s][info][gc,phases      ] GC(2487) Summary Phase 0.025ms
[731.228s][info][gc,phases,start] GC(2487) Forward
[731.262s][info][gc,phases      ] GC(2487) Forward 33.616ms
[731.262s][info][gc,phases,start] GC(2487) Adjust Pointers
[731.638s][info][gc,phases      ] GC(2487) Adjust Pointers 375.878ms
[731.638s][info][gc,phases,start] GC(2487) Compaction Phase
[731.786s][info][gc,phases      ] GC(2487) Compaction Phase 148.050ms
[731.786s][info][gc,phases,start] GC(2487) Post Compact
[731.789s][info][gc,phases      ] GC(2487) Post Compact 2.386ms
[731.789s][info][gc,heap        ] GC(2487) PSYoungGen: 166400K(189440K)->83600K(274944K) Eden: 166400K(166400K)->83600K(166400K) From: 0K(23040K)->0K(108544K)
[731.789s][info][gc,heap        ] GC(2487) ParOldGen: 667515K(667648K)->667515K(667648K)
[731.789s][info][gc,metaspace   ] GC(2487) Metaspace: 19060K(19200K)->19060K(19200K) NonClass: 17231K(17344K)->17231K(17344K) Class: 1829K(1856K)->1829K(1856K)
[731.789s][info][gc             ] GC(2487) Pause Full (Allocation Failure) 814M->733M(920M) 1108.433ms
[731.789s][info][gc,cpu         ] GC(2487) User=2.15s Sys=0.00s Real=1.11s
[731.868s][info][gc,start       ] GC(2488) Pause Full (Allocation Failure)
[731.868s][info][gc,phases,start] GC(2488) Marking Phase
[732.409s][info][gc,phases      ] GC(2488) Marking Phase 540.883ms
[732.409s][info][gc,phases,start] GC(2488) Summary Phase
[732.409s][info][gc,phases      ] GC(2488) Summary Phase 0.024ms
[732.409s][info][gc,phases,start] GC(2488) Forward
[732.443s][info][gc,phases      ] GC(2488) Forward 34.599ms
[732.443s][info][gc,phases,start] GC(2488) Adjust Pointers
[732.813s][info][gc,phases      ] GC(2488) Adjust Pointers 369.984ms
[732.813s][info][gc,phases,start] GC(2488) Compaction Phase
[732.961s][info][gc,phases      ] GC(2488) Compaction Phase 148.003ms
[732.961s][info][gc,phases,start] GC(2488) Post Compact
[732.964s][info][gc,phases      ] GC(2488) Post Compact 2.450ms
[732.964s][info][gc,heap        ] GC(2488) PSYoungGen: 166400K(274944K)->83848K(189440K) Eden: 166400K(166400K)->83848K(166400K) From: 0K(108544K)->0K(23040K)
[732.964s][info][gc,heap        ] GC(2488) ParOldGen: 667515K(667648K)->667515K(667648K)
[732.964s][info][gc,metaspace   ] GC(2488) Metaspace: 19060K(19200K)->19060K(19200K) NonClass: 17231K(17344K)->17231K(17344K) Class: 1829K(1856K)->1829K(1856K)
[732.964s][info][gc             ] GC(2488) Pause Full (Allocation Failure) 814M->733M(837M) 1096.444ms
[732.964s][info][gc,cpu         ] GC(2488) User=2.12s Sys=0.00s Real=1.10s
[733.084s][info][gc,start       ] GC(2489) Pause Full (Allocation Failure)
[733.084s][info][gc,phases,start] GC(2489) Marking Phase
[733.634s][info][gc,phases      ] GC(2489) Marking Phase 550.113ms
[733.634s][info][gc,phases,start] GC(2489) Summary Phase
[733.634s][info][gc,phases      ] GC(2489) Summary Phase 0.027ms
[733.634s][info][gc,phases,start] GC(2489) Forward
[733.668s][info][gc,phases      ] GC(2489) Forward 34.403ms
[733.668s][info][gc,phases,start] GC(2489) Adjust Pointers
[734.041s][info][gc,phases      ] GC(2489) Adjust Pointers 372.761ms
[734.041s][info][gc,phases,start] GC(2489) Compaction Phase
[734.189s][info][gc,phases      ] GC(2489) Compaction Phase 147.948ms
[734.189s][info][gc,phases,start] GC(2489) Post Compact
[734.192s][info][gc,phases      ] GC(2489) Post Compact 2.390ms
[734.192s][info][gc,heap        ] GC(2489) PSYoungGen: 166400K(189440K)->86640K(274944K) Eden: 166400K(166400K)->86640K(166400K) From: 0K(23040K)->0K(108544K)
[734.192s][info][gc,heap        ] GC(2489) ParOldGen: 667515K(667648K)->667515K(667648K)
[734.192s][info][gc,metaspace   ] GC(2489) Metaspace: 19061K(19200K)->19061K(19200K) NonClass: 17231K(17344K)->17231K(17344K) Class: 1829K(1856K)->1829K(1856K)
[734.192s][info][gc             ] GC(2489) Pause Full (Allocation Failure) 814M->736M(920M) 1108.189ms
[734.192s][info][gc,cpu         ] GC(2489) User=2.14s Sys=0.01s Real=1.11s
[734.264s][info][gc,start       ] GC(2490) Pause Full (Allocation Failure)
[734.264s][info][gc,phases,start] GC(2490) Marking Phase
[734.814s][info][gc,phases      ] GC(2490) Marking Phase 550.782ms
[734.814s][info][gc,phases,start] GC(2490) Summary Phase
[734.815s][info][gc,phases      ] GC(2490) Summary Phase 0.029ms
[734.815s][info][gc,phases,start] GC(2490) Forward
[734.960s][info][gc,phases      ] GC(2490) Forward 145.660ms
[734.960s][info][gc,phases,start] GC(2490) Adjust Pointers
[735.395s][info][gc,phases      ] GC(2490) Adjust Pointers 434.399ms
[735.395s][info][gc,phases,start] GC(2490) Compaction Phase
[735.575s][info][gc,phases      ] GC(2490) Compaction Phase 180.063ms
[735.592s][info][gc,phases,start] GC(2490) Post Compact
[735.594s][info][gc,phases      ] GC(2490) Post Compact 2.450ms
[735.595s][info][gc,heap        ] GC(2490) PSYoungGen: 166400K(274944K)->86719K(189440K) Eden: 166400K(166400K)->86719K(166400K) From: 0K(108544K)->0K(23040K)
[735.595s][info][gc,heap        ] GC(2490) ParOldGen: 667515K(667648K)->667515K(667648K)
[735.595s][info][gc,metaspace   ] GC(2490) Metaspace: 19061K(19200K)->19061K(19200K) NonClass: 17231K(17344K)->17231K(17344K) Class: 1829K(1856K)->1829K(1856K)
[735.595s][info][gc             ] GC(2490) Pause Full (Allocation Failure) 814M->736M(837M) 1331.076ms
[735.595s][info][gc,cpu         ] GC(2490) User=2.58s Sys=0.00s Real=1.33s
[735.642s][info][gc,start       ] GC(2491) Pause Full (Allocation Failure)
[735.642s][info][gc,phases,start] GC(2491) Marking Phase
[736.216s][info][gc,phases      ] GC(2491) Marking Phase 573.482ms
[736.216s][info][gc,phases,start] GC(2491) Summary Phase
[736.216s][info][gc,phases      ] GC(2491) Summary Phase 0.028ms
[736.216s][info][gc,phases,start] GC(2491) Forward
[736.251s][info][gc,phases      ] GC(2491) Forward 35.668ms
[736.251s][info][gc,phases,start] GC(2491) Adjust Pointers
[736.649s][info][gc,phases      ] GC(2491) Adjust Pointers 397.665ms
[736.649s][info][gc,phases,start] GC(2491) Compaction Phase
[736.806s][info][gc,phases      ] GC(2491) Compaction Phase 156.589ms
[736.806s][info][gc,phases,start] GC(2491) Post Compact
[736.808s][info][gc,phases      ] GC(2491) Post Compact 2.394ms
[736.808s][info][gc,heap        ] GC(2491) PSYoungGen: 166400K(189440K)->86721K(274944K) Eden: 166400K(166400K)->86721K(166400K) From: 0K(23040K)->0K(108544K)
[736.808s][info][gc,heap        ] GC(2491) ParOldGen: 667515K(667648K)->667515K(667648K)
[736.808s][info][gc,metaspace   ] GC(2491) Metaspace: 19061K(19200K)->19061K(19200K) NonClass: 17231K(17344K)->17231K(17344K) Class: 1829K(1856K)->1829K(1856K)
[736.808s][info][gc             ] GC(2491) Pause Full (Allocation Failure) 814M->736M(920M) 1166.366ms
[736.808s][info][gc,cpu         ] GC(2491) User=2.26s Sys=0.00s Real=1.16s
[736.850s][info][gc,start       ] GC(2492) Pause Full (Allocation Failure)
[736.850s][info][gc,phases,start] GC(2492) Marking Phase
[737.397s][info][gc,phases      ] GC(2492) Marking Phase 547.368ms
[737.397s][info][gc,phases,start] GC(2492) Summary Phase
[737.397s][info][gc,phases      ] GC(2492) Summary Phase 0.027ms
[737.397s][info][gc,phases,start] GC(2492) Forward
[737.432s][info][gc,phases      ] GC(2492) Forward 34.853ms
[737.432s][info][gc,phases,start] GC(2492) Adjust Pointers
[737.801s][info][gc,phases      ] GC(2492) Adjust Pointers 368.880ms
[737.801s][info][gc,phases,start] GC(2492) Compaction Phase
[737.947s][info][gc,phases      ] GC(2492) Compaction Phase 146.132ms
[737.948s][info][gc,phases,start] GC(2492) Post Compact
[737.950s][info][gc,phases      ] GC(2492) Post Compact 2.395ms
[737.950s][info][gc,heap        ] GC(2492) PSYoungGen: 166400K(274944K)->86720K(189440K) Eden: 166400K(166400K)->86720K(166400K) From: 0K(108544K)->0K(23040K)
[737.950s][info][gc,heap        ] GC(2492) ParOldGen: 667515K(667648K)->667515K(667648K)
[737.950s][info][gc,metaspace   ] GC(2492) Metaspace: 19061K(19200K)->19061K(19200K) NonClass: 17231K(17344K)->17231K(17344K) Class: 1829K(1856K)->1829K(1856K)
[737.950s][info][gc             ] GC(2492) Pause Full (Allocation Failure) 814M->736M(837M) 1100.169ms
[737.950s][info][gc,cpu         ] GC(2492) User=2.13s Sys=0.00s Real=1.10s
[738.048s][info][gc,start       ] GC(2493) Pause Full (Allocation Failure)
[738.048s][info][gc,phases,start] GC(2493) Marking Phase
[738.590s][info][gc,phases      ] GC(2493) Marking Phase 542.454ms
[738.590s][info][gc,phases,start] GC(2493) Summary Phase
[738.590s][info][gc,phases      ] GC(2493) Summary Phase 0.026ms
[738.591s][info][gc,phases,start] GC(2493) Forward
[738.625s][info][gc,phases      ] GC(2493) Forward 34.692ms
[738.625s][info][gc,phases,start] GC(2493) Adjust Pointers
[738.996s][info][gc,phases      ] GC(2493) Adjust Pointers 371.015ms
[738.996s][info][gc,phases,start] GC(2493) Compaction Phase
[739.151s][info][gc,phases      ] GC(2493) Compaction Phase 154.415ms
[739.151s][info][gc,phases,start] GC(2493) Post Compact
[739.153s][info][gc,phases      ] GC(2493) Post Compact 2.407ms
[739.153s][info][gc,heap        ] GC(2493) PSYoungGen: 166400K(189440K)->92023K(274944K) Eden: 166400K(166400K)->92023K(166400K) From: 0K(23040K)->0K(108544K)
[739.153s][info][gc,heap        ] GC(2493) ParOldGen: 667515K(667648K)->667515K(667648K)
[739.153s][info][gc,metaspace   ] GC(2493) Metaspace: 19061K(19200K)->19061K(19200K) NonClass: 17231K(17344K)->17231K(17344K) Class: 1829K(1856K)->1829K(1856K)
[739.153s][info][gc             ] GC(2493) Pause Full (Allocation Failure) 814M->741M(920M) 1105.515ms
[739.153s][info][gc,cpu         ] GC(2493) User=2.13s Sys=0.00s Real=1.11s
[739.266s][info][gc,start       ] GC(2494) Pause Full (Allocation Failure)
[739.266s][info][gc,phases,start] GC(2494) Marking Phase
[739.812s][info][gc,phases      ] GC(2494) Marking Phase 546.102ms
[739.812s][info][gc,phases,start] GC(2494) Summary Phase
[739.812s][info][gc,phases      ] GC(2494) Summary Phase 0.030ms
[739.812s][info][gc,phases,start] GC(2494) Forward
[739.846s][info][gc,phases      ] GC(2494) Forward 33.949ms
[739.846s][info][gc,phases,start] GC(2494) Adjust Pointers
[740.229s][info][gc,phases      ] GC(2494) Adjust Pointers 382.671ms
[740.229s][info][gc,phases,start] GC(2494) Compaction Phase
[740.387s][info][gc,phases      ] GC(2494) Compaction Phase 158.361ms
[740.387s][info][gc,phases,start] GC(2494) Post Compact
[740.390s][info][gc,phases      ] GC(2494) Post Compact 2.461ms
[740.390s][info][gc,heap        ] GC(2494) PSYoungGen: 166400K(274944K)->93983K(189440K) Eden: 166400K(166400K)->93983K(166400K) From: 0K(108544K)->0K(23040K)
[740.390s][info][gc,heap        ] GC(2494) ParOldGen: 667515K(667648K)->667515K(667648K)
[740.390s][info][gc,metaspace   ] GC(2494) Metaspace: 19061K(19200K)->19061K(19200K) NonClass: 17231K(17344K)->17231K(17344K) Class: 1829K(1856K)->1829K(1856K)
[740.390s][info][gc             ] GC(2494) Pause Full (Allocation Failure) 814M->743M(837M) 1124.094ms
[740.390s][info][gc,cpu         ] GC(2494) User=2.18s Sys=0.01s Real=1.12s
[740.461s][info][gc,start       ] GC(2495) Pause Full (Allocation Failure)
[740.461s][info][gc,phases,start] GC(2495) Marking Phase
[741.018s][info][gc,phases      ] GC(2495) Marking Phase 556.903ms
[741.018s][info][gc,phases,start] GC(2495) Summary Phase
[741.018s][info][gc,phases      ] GC(2495) Summary Phase 0.027ms
[741.018s][info][gc,phases,start] GC(2495) Forward
[741.053s][info][gc,phases      ] GC(2495) Forward 35.162ms
[741.053s][info][gc,phases,start] GC(2495) Adjust Pointers
[741.426s][info][gc,phases      ] GC(2495) Adjust Pointers 372.951ms
[741.426s][info][gc,phases,start] GC(2495) Compaction Phase
[741.575s][info][gc,phases      ] GC(2495) Compaction Phase 148.703ms
[741.575s][info][gc,phases,start] GC(2495) Post Compact
[741.578s][info][gc,phases      ] GC(2495) Post Compact 2.390ms
[741.578s][info][gc,heap        ] GC(2495) PSYoungGen: 166400K(189440K)->94763K(274944K) Eden: 166400K(166400K)->94763K(166400K) From: 0K(23040K)->0K(108544K)
[741.578s][info][gc,heap        ] GC(2495) ParOldGen: 667515K(667648K)->667515K(667648K)
[741.578s][info][gc,metaspace   ] GC(2495) Metaspace: 19061K(19200K)->19061K(19200K) NonClass: 17231K(17344K)->17231K(17344K) Class: 1829K(1856K)->1829K(1856K)
[741.578s][info][gc             ] GC(2495) Pause Full (Allocation Failure) 814M->744M(920M) 1116.607ms
[741.578s][info][gc,cpu         ] GC(2495) User=2.16s Sys=0.00s Real=1.12s
[741.703s][info][gc,start       ] GC(2496) Pause Full (Allocation Failure)
[741.703s][info][gc,phases,start] GC(2496) Marking Phase
[742.136s][info][gc,phases      ] GC(2496) Marking Phase 432.231ms
[742.136s][info][gc,phases,start] GC(2496) Summary Phase
[742.136s][info][gc,phases      ] GC(2496) Summary Phase 0.045ms
[742.136s][info][gc,phases,start] GC(2496) Forward
[742.251s][info][gc,phases      ] GC(2496) Forward 115.341ms
[742.251s][info][gc,phases,start] GC(2496) Adjust Pointers
[742.576s][info][gc,phases      ] GC(2496) Adjust Pointers 325.118ms
[742.576s][info][gc,phases,start] GC(2496) Compaction Phase
[742.756s][info][gc,phases      ] GC(2496) Compaction Phase 179.694ms
[742.769s][info][gc,phases,start] GC(2496) Post Compact
[742.772s][info][gc,phases      ] GC(2496) Post Compact 2.456ms
[742.772s][info][gc,heap        ] GC(2496) PSYoungGen: 166400K(274944K)->0K(189440K) Eden: 166400K(166400K)->0K(166400K) From: 0K(108544K)->0K(23040K)
[742.772s][info][gc,heap        ] GC(2496) ParOldGen: 667515K(667648K)->619292K(667648K)
[742.772s][info][gc,metaspace   ] GC(2496) Metaspace: 19061K(19200K)->19061K(19200K) NonClass: 17231K(17344K)->17231K(17344K) Class: 1829K(1856K)->1829K(1856K)
[742.772s][info][gc             ] GC(2496) Pause Full (Allocation Failure) 814M->604M(837M) 1068.409ms
[742.772s][info][gc,cpu         ] GC(2496) User=2.05s Sys=0.00s Real=1.07s
[743.265s][info][gc,start       ] GC(2497) Pause Young (Allocation Failure)
[743.267s][info][gc,heap        ] GC(2497) PSYoungGen: 166400K(189440K)->256K(227840K) Eden: 166400K(166400K)->0K(119296K) From: 0K(23040K)->256K(108544K)
[743.267s][info][gc,heap        ] GC(2497) ParOldGen: 619292K(667648K)->619292K(667648K)
[743.267s][info][gc,metaspace   ] GC(2497) Metaspace: 19061K(19200K)->19061K(19200K) NonClass: 17231K(17344K)->17231K(17344K) Class: 1829K(1856K)->1829K(1856K)
[743.267s][info][gc             ] GC(2497) Pause Young (Allocation Failure) 767M->605M(874M) 2.335ms
[743.267s][info][gc,cpu         ] GC(2497) User=0.00s Sys=0.00s Real=0.00s
[743.410s][info][gc,start       ] GC(2498) Pause Young (Allocation Failure)
[743.434s][info][gc,heap        ] GC(2498) PSYoungGen: 119552K(227840K)->23104K(142848K) Eden: 119296K(119296K)->0K(119296K) From: 256K(108544K)->23104K(23552K)
[743.434s][info][gc,heap        ] GC(2498) ParOldGen: 619292K(667648K)->619292K(667648K)
[743.434s][info][gc,metaspace   ] GC(2498) Metaspace: 19061K(19200K)->19061K(19200K) NonClass: 17231K(17344K)->17231K(17344K) Class: 1829K(1856K)->1829K(1856K)
[743.434s][info][gc             ] GC(2498) Pause Young (Allocation Failure) 721M->627M(791M) 24.435ms
[743.434s][info][gc,cpu         ] GC(2498) User=0.05s Sys=0.00s Real=0.03s
[743.621s][info][gc,start       ] GC(2499) Pause Young (Allocation Failure)
[743.647s][info][gc,heap        ] GC(2499) PSYoungGen: 142400K(142848K)->23064K(213504K) Eden: 119296K(119296K)->0K(122880K) From: 23104K(23552K)->23064K(90624K)
[743.647s][info][gc,heap        ] GC(2499) ParOldGen: 619292K(667648K)->619292K(667648K)
[743.647s][info][gc,metaspace   ] GC(2499) Metaspace: 19061K(19200K)->19061K(19200K) NonClass: 17231K(17344K)->17231K(17344K) Class: 1829K(1856K)->1829K(1856K)
[743.647s][info][gc             ] GC(2499) Pause Young (Allocation Failure) 743M->627M(860M) 26.202ms
[743.647s][info][gc,cpu         ] GC(2499) User=0.05s Sys=0.00s Real=0.03s
[743.855s][info][gc,start       ] GC(2500) Pause Young (Allocation Failure)
[743.881s][info][gc,heap        ] GC(2500) PSYoungGen: 145944K(213504K)->23064K(146432K) Eden: 122880K(122880K)->0K(122880K) From: 23064K(90624K)->23064K(23552K)
[743.881s][info][gc,heap        ] GC(2500) ParOldGen: 619292K(667648K)->619292K(667648K)
[743.881s][info][gc,metaspace   ] GC(2500) Metaspace: 19061K(19200K)->19061K(19200K) NonClass: 17231K(17344K)->17231K(17344K) Class: 1829K(1856K)->1829K(1856K)
[743.881s][info][gc             ] GC(2500) Pause Young (Allocation Failure) 747M->627M(795M) 26.802ms
[743.881s][info][gc,cpu         ] GC(2500) User=0.05s Sys=0.01s Real=0.02s
[744.881s][info][gc,start       ] GC(2501) Pause Young (Allocation Failure)
[744.906s][info][gc,heap        ] GC(2501) PSYoungGen: 145944K(146432K)->23549K(202752K) Eden: 122880K(122880K)->0K(125952K) From: 23064K(23552K)->23549K(76800K)
[744.906s][info][gc,heap        ] GC(2501) ParOldGen: 619292K(667648K)->619292K(667648K)
[744.906s][info][gc,metaspace   ] GC(2501) Metaspace: 19061K(19200K)->19061K(19200K) NonClass: 17231K(17344K)->17231K(17344K) Class: 1829K(1856K)->1829K(1856K)
[744.906s][info][gc             ] GC(2501) Pause Young (Allocation Failure) 747M->627M(850M) 24.976ms
[744.906s][info][gc,cpu         ] GC(2501) User=0.04s Sys=0.00s Real=0.03s
[745.456s][info][gc,start       ] GC(2502) Pause Young (Allocation Failure)
[745.483s][info][gc,heap        ] GC(2502) PSYoungGen: 149501K(202752K)->24061K(150016K) Eden: 125952K(125952K)->0K(125952K) From: 23549K(76800K)->24061K(24064K)
[745.483s][info][gc,heap        ] GC(2502) ParOldGen: 619292K(667648K)->619292K(667648K)
[745.483s][info][gc,metaspace   ] GC(2502) Metaspace: 19061K(19200K)->19061K(19200K) NonClass: 17231K(17344K)->17231K(17344K) Class: 1829K(1856K)->1829K(1856K)
[745.483s][info][gc             ] GC(2502) Pause Young (Allocation Failure) 750M->628M(798M) 26.472ms
[745.483s][info][gc,cpu         ] GC(2502) User=0.05s Sys=0.00s Real=0.03s
[746.110s][info][gc,start       ] GC(2503) Pause Young (Allocation Failure)
[746.138s][info][gc,heap        ] GC(2503) PSYoungGen: 149994K(150016K)->25496K(195584K) Eden: 125933K(125952K)->0K(128000K) From: 24061K(24064K)->25496K(67584K)
[746.138s][info][gc,heap        ] GC(2503) ParOldGen: 619292K(667648K)->619300K(667648K)
[746.138s][info][gc,metaspace   ] GC(2503) Metaspace: 19075K(19200K)->19075K(19200K) NonClass: 17246K(17344K)->17246K(17344K) Class: 1829K(1856K)->1829K(1856K)
[746.138s][info][gc             ] GC(2503) Pause Young (Allocation Failure) 751M->629M(843M) 27.716ms
[746.138s][info][gc,cpu         ] GC(2503) User=0.05s Sys=0.00s Real=0.03s
[746.441s][info][gc,start       ] GC(2504) Pause Young (Allocation Failure)
[746.469s][info][gc,heap        ] GC(2504) PSYoungGen: 153395K(195584K)->25712K(154112K) Eden: 127898K(128000K)->0K(128000K) From: 25496K(67584K)->25712K(26112K)
[746.469s][info][gc,heap        ] GC(2504) ParOldGen: 619300K(667648K)->619300K(667648K)
[746.469s][info][gc,metaspace   ] GC(2504) Metaspace: 19075K(19200K)->19075K(19200K) NonClass: 17246K(17344K)->17246K(17344K) Class: 1829K(1856K)->1829K(1856K)
[746.469s][info][gc             ] GC(2504) Pause Young (Allocation Failure) 754M->629M(802M) 27.715ms
[746.469s][info][gc,cpu         ] GC(2504) User=0.06s Sys=0.00s Real=0.03s
[746.756s][info][gc,start       ] GC(2505) Pause Young (Allocation Failure)
[746.784s][info][gc,heap        ] GC(2505) PSYoungGen: 153712K(154112K)->25869K(190976K) Eden: 128000K(128000K)->0K(130560K) From: 25712K(26112K)->25869K(60416K)
[746.784s][info][gc,heap        ] GC(2505) ParOldGen: 619300K(667648K)->619300K(667648K)
[746.784s][info][gc,metaspace   ] GC(2505) Metaspace: 19075K(19200K)->19075K(19200K) NonClass: 17246K(17344K)->17246K(17344K) Class: 1829K(1856K)->1829K(1856K)
[746.784s][info][gc             ] GC(2505) Pause Young (Allocation Failure) 754M->630M(838M) 28.055ms
[746.784s][info][gc,cpu         ] GC(2505) User=0.06s Sys=0.00s Real=0.03s
[747.021s][info][gc,start       ] GC(2506) Pause Young (Allocation Failure)
[747.062s][info][gc,heap        ] GC(2506) PSYoungGen: 156429K(190976K)->43597K(194560K) Eden: 130560K(130560K)->0K(130560K) From: 25869K(60416K)->43597K(64000K)
[747.062s][info][gc,heap        ] GC(2506) ParOldGen: 619300K(667648K)->619308K(667648K)
[747.062s][info][gc,metaspace   ] GC(2506) Metaspace: 19077K(19200K)->19077K(19200K) NonClass: 17247K(17344K)->17247K(17344K) Class: 1829K(1856K)->1829K(1856K)
[747.062s][info][gc             ] GC(2506) Pause Young (Allocation Failure) 757M->647M(842M) 40.817ms
[747.062s][info][gc,cpu         ] GC(2506) User=0.08s Sys=0.00s Real=0.04s
[747.158s][info][gc,start       ] GC(2507) Pause Young (Allocation Failure)
[747.249s][info][gc,heap        ] GC(2507) PSYoungGen: 174157K(194560K)->66557K(176128K) Eden: 130560K(130560K)->0K(109568K) From: 43597K(64000K)->66557K(66560K)
[747.249s][info][gc,heap        ] GC(2507) ParOldGen: 619308K(667648K)->653964K(667648K)
[747.249s][info][gc,metaspace   ] GC(2507) Metaspace: 19077K(19200K)->19077K(19200K) NonClass: 17248K(17344K)->17248K(17344K) Class: 1829K(1856K)->1829K(1856K)
[747.249s][info][gc             ] GC(2507) Pause Young (Allocation Failure) 774M->703M(824M) 91.122ms
[747.249s][info][gc,cpu         ] GC(2507) User=0.18s Sys=0.01s Real=0.09s
[747.305s][info][gc,start       ] GC(2508) Pause Full (Allocation Failure)
[747.305s][info][gc,phases,start] GC(2508) Marking Phase
[747.391s][info][gc,phases      ] GC(2508) Marking Phase 85.741ms
[747.391s][info][gc,phases,start] GC(2508) Summary Phase
[747.391s][info][gc,phases      ] GC(2508) Summary Phase 0.029ms
[747.391s][info][gc,phases,start] GC(2508) Forward
[747.424s][info][gc,phases      ] GC(2508) Forward 33.077ms
[747.424s][info][gc,phases,start] GC(2508) Adjust Pointers
[747.480s][info][gc,phases      ] GC(2508) Adjust Pointers 55.943ms
[747.480s][info][gc,phases,start] GC(2508) Compaction Phase
[747.516s][info][gc,phases      ] GC(2508) Compaction Phase 35.989ms
[747.517s][info][gc,phases,start] GC(2508) Post Compact
[747.519s][info][gc,phases      ] GC(2508) Post Compact 2.400ms
[747.540s][info][gc,heap        ] GC(2508) PSYoungGen: 176125K(176128K)->0K(199680K) Eden: 109568K(109568K)->0K(109568K) From: 66557K(66560K)->0K(90112K)
[747.540s][info][gc,heap        ] GC(2508) ParOldGen: 653964K(667648K)->150962K(430592K)
[747.540s][info][gc,metaspace   ] GC(2508) Metaspace: 19077K(19200K)->19077K(19200K) NonClass: 17248K(17344K)->17248K(17344K) Class: 1829K(1856K)->1829K(1856K)
[747.540s][info][gc             ] GC(2508) Pause Full (Allocation Failure) 810M->147M(615M) 235.188ms
[747.540s][info][gc,cpu         ] GC(2508) User=0.38s Sys=0.02s Real=0.23s
[747.676s][info][gc,start       ] GC(2509) Pause Young (Allocation Failure)
[747.703s][info][gc,heap        ] GC(2509) PSYoungGen: 109568K(199680K)->31712K(193536K) Eden: 109568K(109568K)->0K(114176K) From: 0K(90112K)->31712K(79360K)
[747.703s][info][gc,heap        ] GC(2509) ParOldGen: 150962K(430592K)->150962K(430592K)
[747.703s][info][gc,metaspace   ] GC(2509) Metaspace: 19077K(19200K)->19077K(19200K) NonClass: 17248K(17344K)->17248K(17344K) Class: 1829K(1856K)->1829K(1856K)
[747.703s][info][gc             ] GC(2509) Pause Young (Allocation Failure) 254M->178M(609M) 27.074ms
[747.703s][info][gc,cpu         ] GC(2509) User=0.05s Sys=0.00s Real=0.03s
[747.875s][info][gc,start       ] GC(2510) Pause Young (Allocation Failure)
[747.944s][info][gc,heap        ] GC(2510) PSYoungGen: 145888K(193536K)->75351K(199168K) Eden: 114176K(114176K)->0K(114176K) From: 31712K(79360K)->75351K(84992K)
[747.944s][info][gc,heap        ] GC(2510) ParOldGen: 150962K(430592K)->150962K(430592K)
[747.944s][info][gc,metaspace   ] GC(2510) Metaspace: 19077K(19200K)->19077K(19200K) NonClass: 17248K(17344K)->17248K(17344K) Class: 1829K(1856K)->1829K(1856K)
[747.944s][info][gc             ] GC(2510) Pause Young (Allocation Failure) 289M->221M(615M) 69.188ms
[747.944s][info][gc,cpu         ] GC(2510) User=0.14s Sys=0.00s Real=0.07s
[748.063s][info][gc,start       ] GC(2511) Pause Young (Allocation Failure)
[748.154s][info][gc,heap        ] GC(2511) PSYoungGen: 189527K(199168K)->84618K(203264K) Eden: 114176K(114176K)->0K(108032K) From: 75351K(84992K)->84618K(95232K)
[748.154s][info][gc,heap        ] GC(2511) ParOldGen: 150962K(430592K)->150962K(430592K)
[748.154s][info][gc,metaspace   ] GC(2511) Metaspace: 19079K(19200K)->19079K(19200K) NonClass: 17249K(17344K)->17249K(17344K) Class: 1829K(1856K)->1829K(1856K)
[748.154s][info][gc             ] GC(2511) Pause Young (Allocation Failure) 332M->230M(619M) 91.361ms
[748.154s][info][gc,cpu         ] GC(2511) User=0.17s Sys=0.02s Real=0.09s
[748.261s][info][gc,start       ] GC(2512) Pause Young (Allocation Failure)
[748.372s][info][gc,heap        ] GC(2512) PSYoungGen: 192650K(203264K)->106489K(214528K) Eden: 108032K(108032K)->0K(108032K) From: 84618K(95232K)->106489K(106496K)
[748.372s][info][gc,heap        ] GC(2512) ParOldGen: 150962K(430592K)->151058K(430592K)
[748.372s][info][gc,metaspace   ] GC(2512) Metaspace: 19079K(19200K)->19079K(19200K) NonClass: 17249K(17344K)->17249K(17344K) Class: 1829K(1856K)->1829K(1856K)
[748.372s][info][gc             ] GC(2512) Pause Young (Allocation Failure) 335M->251M(630M) 110.197ms
[748.372s][info][gc,cpu         ] GC(2512) User=0.22s Sys=0.00s Real=0.11s
[748.471s][info][gc,start       ] GC(2513) Pause Young (Allocation Failure)
[748.606s][info][gc,heap        ] GC(2513) PSYoungGen: 214521K(214528K)->111072K(222720K) Eden: 108032K(108032K)->0K(111616K) From: 106489K(106496K)->111072K(111104K)
[748.606s][info][gc,heap        ] GC(2513) ParOldGen: 151058K(430592K)->160052K(430592K)
[748.606s][info][gc,metaspace   ] GC(2513) Metaspace: 19079K(19200K)->19079K(19200K) NonClass: 17249K(17344K)->17249K(17344K) Class: 1829K(1856K)->1829K(1856K)
[748.606s][info][gc             ] GC(2513) Pause Young (Allocation Failure) 357M->264M(638M) 134.884ms
[748.606s][info][gc,cpu         ] GC(2513) User=0.24s Sys=0.03s Real=0.14s
[748.717s][info][gc,start       ] GC(2514) Pause Young (Allocation Failure)
[748.830s][info][gc,heap        ] GC(2514) PSYoungGen: 222688K(222720K)->111088K(222720K) Eden: 111616K(111616K)->0K(111616K) From: 111072K(111104K)->111088K(111104K)
[748.830s][info][gc,heap        ] GC(2514) ParOldGen: 160052K(430592K)->163524K(430592K)
[748.830s][info][gc,metaspace   ] GC(2514) Metaspace: 19079K(19200K)->19079K(19200K) NonClass: 17249K(17344K)->17249K(17344K) Class: 1829K(1856K)->1829K(1856K)
[748.830s][info][gc             ] GC(2514) Pause Young (Allocation Failure) 373M->268M(638M) 112.925ms
[748.830s][info][gc,cpu         ] GC(2514) User=0.22s Sys=0.00s Real=0.11s
[748.922s][info][gc,start       ] GC(2515) Pause Young (Allocation Failure)
[749.040s][info][gc,heap        ] GC(2515) PSYoungGen: 222704K(222720K)->111088K(222720K) Eden: 111616K(111616K)->0K(111616K) From: 111088K(111104K)->111088K(111104K)
[749.040s][info][gc,heap        ] GC(2515) ParOldGen: 163524K(430592K)->171739K(430592K)
[749.040s][info][gc,metaspace   ] GC(2515) Metaspace: 19079K(19200K)->19079K(19200K) NonClass: 17249K(17344K)->17249K(17344K) Class: 1829K(1856K)->1829K(1856K)
[749.040s][info][gc             ] GC(2515) Pause Young (Allocation Failure) 377M->276M(638M) 118.203ms
[749.040s][info][gc,cpu         ] GC(2515) User=0.23s Sys=0.00s Real=0.11s
[749.140s][info][gc,start       ] GC(2516) Pause Young (Allocation Failure)
[749.244s][info][gc,heap        ] GC(2516) PSYoungGen: 222704K(222720K)->111088K(222720K) Eden: 111616K(111616K)->0K(111616K) From: 111088K(111104K)->111088K(111104K)
[749.244s][info][gc,heap        ] GC(2516) ParOldGen: 171739K(430592K)->172016K(430592K)
[749.244s][info][gc,metaspace   ] GC(2516) Metaspace: 19079K(19200K)->19079K(19200K) NonClass: 17249K(17344K)->17249K(17344K) Class: 1829K(1856K)->1829K(1856K)
[749.244s][info][gc             ] GC(2516) Pause Young (Allocation Failure) 385M->276M(638M) 104.475ms
[749.244s][info][gc,cpu         ] GC(2516) User=0.20s Sys=0.00s Real=0.11s
[749.323s][info][gc,start       ] GC(2517) Pause Young (Allocation Failure)
[749.451s][info][gc,heap        ] GC(2517) PSYoungGen: 222704K(222720K)->111088K(222720K) Eden: 111616K(111616K)->0K(111616K) From: 111088K(111104K)->111088K(111104K)
[749.451s][info][gc,heap        ] GC(2517) ParOldGen: 172016K(430592K)->193832K(430592K)
[749.451s][info][gc,metaspace   ] GC(2517) Metaspace: 19079K(19200K)->19079K(19200K) NonClass: 17249K(17344K)->17249K(17344K) Class: 1829K(1856K)->1829K(1856K)
[749.451s][info][gc             ] GC(2517) Pause Young (Allocation Failure) 385M->297M(638M) 128.411ms
[749.451s][info][gc,cpu         ] GC(2517) User=0.25s Sys=0.00s Real=0.12s
[749.523s][info][gc,start       ] GC(2518) Pause Young (Allocation Failure)
[749.653s][info][gc,heap        ] GC(2518) PSYoungGen: 222704K(222720K)->109088K(222720K) Eden: 111616K(111616K)->0K(111616K) From: 111088K(111104K)->109088K(111104K)
[749.653s][info][gc,heap        ] GC(2518) ParOldGen: 193832K(430592K)->219837K(430592K)
[749.653s][info][gc,metaspace   ] GC(2518) Metaspace: 19079K(19200K)->19079K(19200K) NonClass: 17249K(17344K)->17249K(17344K) Class: 1829K(1856K)->1829K(1856K)
[749.653s][info][gc             ] GC(2518) Pause Young (Allocation Failure) 406M->321M(638M) 129.915ms
[749.653s][info][gc,cpu         ] GC(2518) User=0.25s Sys=0.00s Real=0.13s
[749.726s][info][gc,start       ] GC(2519) Pause Young (Allocation Failure)
[749.850s][info][gc,heap        ] GC(2519) PSYoungGen: 220704K(222720K)->85888K(222720K) Eden: 111616K(111616K)->0K(111616K) From: 109088K(111104K)->85888K(111104K)
[749.850s][info][gc,heap        ] GC(2519) ParOldGen: 219837K(430592K)->261405K(430592K)
[749.850s][info][gc,metaspace   ] GC(2519) Metaspace: 19079K(19200K)->19079K(19200K) NonClass: 17249K(17344K)->17249K(17344K) Class: 1829K(1856K)->1829K(1856K)
[749.850s][info][gc             ] GC(2519) Pause Young (Allocation Failure) 430M->339M(638M) 124.530ms
[749.850s][info][gc,cpu         ] GC(2519) User=0.24s Sys=0.00s Real=0.12s
[749.952s][info][gc,start       ] GC(2520) Pause Young (Allocation Failure)
[750.041s][info][gc,heap        ] GC(2520) PSYoungGen: 197504K(222720K)->74115K(222720K) Eden: 111616K(111616K)->0K(111616K) From: 85888K(111104K)->74115K(111104K)
[750.041s][info][gc,heap        ] GC(2520) ParOldGen: 261405K(430592K)->286205K(430592K)
[750.041s][info][gc,metaspace   ] GC(2520) Metaspace: 19079K(19200K)->19079K(19200K) NonClass: 17249K(17344K)->17249K(17344K) Class: 1829K(1856K)->1829K(1856K)
[750.041s][info][gc             ] GC(2520) Pause Young (Allocation Failure) 448M->351M(638M) 89.043ms
[750.041s][info][gc,cpu         ] GC(2520) User=0.18s Sys=0.00s Real=0.08s
[750.122s][info][gc,start       ] GC(2521) Pause Young (Allocation Failure)
[750.190s][info][gc,heap        ] GC(2521) PSYoungGen: 185731K(222720K)->67235K(222720K) Eden: 111616K(111616K)->0K(111616K) From: 74115K(111104K)->67235K(111104K)
[750.190s][info][gc,heap        ] GC(2521) ParOldGen: 286205K(430592K)->297069K(430592K)
[750.190s][info][gc,metaspace   ] GC(2521) Metaspace: 19079K(19200K)->19079K(19200K) NonClass: 17249K(17344K)->17249K(17344K) Class: 1829K(1856K)->1829K(1856K)
[750.190s][info][gc             ] GC(2521) Pause Young (Allocation Failure) 460M->355M(638M) 68.219ms
[750.190s][info][gc,cpu         ] GC(2521) User=0.13s Sys=0.00s Real=0.07s
[750.273s][info][gc,start       ] GC(2522) Pause Young (Allocation Failure)
[750.330s][info][gc,heap        ] GC(2522) PSYoungGen: 178851K(222720K)->61139K(222720K) Eden: 111616K(111616K)->0K(111616K) From: 67235K(111104K)->61139K(111104K)
[750.330s][info][gc,heap        ] GC(2522) ParOldGen: 297069K(430592K)->305757K(430592K)
[750.330s][info][gc,metaspace   ] GC(2522) Metaspace: 19079K(19200K)->19079K(19200K) NonClass: 17249K(17344K)->17249K(17344K) Class: 1829K(1856K)->1829K(1856K)
[750.330s][info][gc             ] GC(2522) Pause Young (Allocation Failure) 464M->358M(638M) 57.384ms
[750.330s][info][gc,cpu         ] GC(2522) User=0.11s Sys=0.00s Real=0.05s
[750.388s][info][gc,start       ] GC(2523) Pause Young (Allocation Failure)
[750.441s][info][gc,heap        ] GC(2523) PSYoungGen: 172755K(222720K)->21923K(222720K) Eden: 111616K(111616K)->0K(111616K) From: 61139K(111104K)->21923K(111104K)
[750.441s][info][gc,heap        ] GC(2523) ParOldGen: 305757K(430592K)->347795K(430592K)
[750.441s][info][gc,metaspace   ] GC(2523) Metaspace: 19079K(19200K)->19079K(19200K) NonClass: 17249K(17344K)->17249K(17344K) Class: 1829K(1856K)->1829K(1856K)
[750.441s][info][gc             ] GC(2523) Pause Young (Allocation Failure) 467M->361M(638M) 53.907ms
[750.441s][info][gc,cpu         ] GC(2523) User=0.11s Sys=0.00s Real=0.05s
[750.600s][info][gc,start       ] GC(2524) Pause Young (Allocation Failure)
[750.631s][info][gc,heap        ] GC(2524) PSYoungGen: 133539K(222720K)->7552K(222720K) Eden: 111616K(111616K)->0K(111616K) From: 21923K(111104K)->7552K(111104K)
[750.631s][info][gc,heap        ] GC(2524) ParOldGen: 347795K(430592K)->364743K(430592K)
[750.631s][info][gc,metaspace   ] GC(2524) Metaspace: 19079K(19200K)->19079K(19200K) NonClass: 17249K(17344K)->17249K(17344K) Class: 1829K(1856K)->1829K(1856K)
[750.631s][info][gc             ] GC(2524) Pause Young (Allocation Failure) 470M->363M(638M) 31.426ms
[750.631s][info][gc,cpu         ] GC(2524) User=0.06s Sys=0.00s Real=0.03s
[750.910s][info][gc,start       ] GC(2525) Pause Young (Allocation Failure)
[750.921s][info][gc,heap        ] GC(2525) PSYoungGen: 119168K(222720K)->2848K(222720K) Eden: 111616K(111616K)->0K(111616K) From: 7552K(111104K)->2848K(111104K)
[750.921s][info][gc,heap        ] GC(2525) ParOldGen: 364743K(430592K)->369767K(430592K)
[750.921s][info][gc,metaspace   ] GC(2525) Metaspace: 19079K(19200K)->19079K(19200K) NonClass: 17249K(17344K)->17249K(17344K) Class: 1829K(1856K)->1829K(1856K)
[750.921s][info][gc             ] GC(2525) Pause Young (Allocation Failure) 472M->363M(638M) 10.753ms
[750.921s][info][gc,cpu         ] GC(2525) User=0.02s Sys=0.00s Real=0.01s
[751.075s][info][gc,start       ] GC(2526) Pause Young (Allocation Failure)
[751.115s][info][gc,heap        ] GC(2526) PSYoungGen: 114464K(222720K)->37968K(222720K) Eden: 111616K(111616K)->0K(111616K) From: 2848K(111104K)->37968K(111104K)
[751.115s][info][gc,heap        ] GC(2526) ParOldGen: 369767K(430592K)->372611K(430592K)
[751.115s][info][gc,metaspace   ] GC(2526) Metaspace: 19079K(19200K)->19079K(19200K) NonClass: 17249K(17344K)->17249K(17344K) Class: 1829K(1856K)->1829K(1856K)
[751.115s][info][gc             ] GC(2526) Pause Young (Allocation Failure) 472M->400M(638M) 39.511ms
[751.115s][info][gc,cpu         ] GC(2526) User=0.07s Sys=0.00s Real=0.04s
[751.256s][info][gc,start       ] GC(2527) Pause Young (Allocation Failure)
[751.319s][info][gc,heap        ] GC(2527) PSYoungGen: 149584K(222720K)->34496K(222720K) Eden: 111616K(111616K)->0K(111616K) From: 37968K(111104K)->34496K(111104K)
[751.319s][info][gc,heap        ] GC(2527) ParOldGen: 372611K(430592K)->410523K(430592K)
[751.319s][info][gc,metaspace   ] GC(2527) Metaspace: 19079K(19200K)->19079K(19200K) NonClass: 17249K(17344K)->17249K(17344K) Class: 1829K(1856K)->1829K(1856K)
[751.319s][info][gc             ] GC(2527) Pause Young (Allocation Failure) 509M->434M(638M) 63.260ms
[751.319s][info][gc,cpu         ] GC(2527) User=0.12s Sys=0.01s Real=0.06s
[751.443s][info][gc,start       ] GC(2528) Pause Young (Allocation Failure)
[751.495s][info][gc,heap        ] GC(2528) PSYoungGen: 146112K(222720K)->15104K(222720K) Eden: 111616K(111616K)->0K(111616K) From: 34496K(111104K)->15104K(111104K)
[751.495s][info][gc,heap        ] GC(2528) ParOldGen: 410523K(430592K)->445459K(445952K)
[751.495s][info][gc,metaspace   ] GC(2528) Metaspace: 19079K(19200K)->19079K(19200K) NonClass: 17249K(17344K)->17249K(17344K) Class: 1829K(1856K)->1829K(1856K)
[751.495s][info][gc             ] GC(2528) Pause Young (Allocation Failure) 543M->449M(653M) 52.677ms
[751.495s][info][gc,cpu         ] GC(2528) User=0.09s Sys=0.01s Real=0.05s
[751.599s][info][gc,start       ] GC(2529) Pause Young (Allocation Failure)
[751.625s][info][gc,heap        ] GC(2529) PSYoungGen: 126720K(222720K)->896K(222720K) Eden: 111616K(111616K)->0K(111616K) From: 15104K(111104K)->896K(111104K)
[751.626s][info][gc,heap        ] GC(2529) ParOldGen: 445459K(445952K)->460593K(460800K)
[751.626s][info][gc,metaspace   ] GC(2529) Metaspace: 19079K(19200K)->19079K(19200K) NonClass: 17249K(17344K)->17249K(17344K) Class: 1829K(1856K)->1829K(1856K)
[751.626s][info][gc             ] GC(2529) Pause Young (Allocation Failure) 558M->450M(667M) 26.962ms
[751.626s][info][gc,cpu         ] GC(2529) User=0.04s Sys=0.01s Real=0.03s
[751.720s][info][gc,start       ] GC(2530) Pause Young (Allocation Failure)
[751.724s][info][gc,heap        ] GC(2530) PSYoungGen: 112512K(222720K)->640K(222720K) Eden: 111616K(111616K)->0K(111616K) From: 896K(111104K)->640K(111104K)
[751.724s][info][gc,heap        ] GC(2530) ParOldGen: 460593K(460800K)->461449K(461824K)
[751.724s][info][gc,metaspace   ] GC(2530) Metaspace: 19079K(19200K)->19079K(19200K) NonClass: 17249K(17344K)->17249K(17344K) Class: 1829K(1856K)->1829K(1856K)
[751.724s][info][gc             ] GC(2530) Pause Young (Allocation Failure) 559M->451M(668M) 3.937ms
[751.724s][info][gc,cpu         ] GC(2530) User=0.00s Sys=0.00s Real=0.01s
[751.967s][info][gc,start       ] GC(2531) Pause Young (Allocation Failure)
[751.972s][info][gc,heap        ] GC(2531) PSYoungGen: 112256K(222720K)->928K(222720K) Eden: 111616K(111616K)->0K(111616K) From: 640K(111104K)->928K(111104K)
[751.972s][info][gc,heap        ] GC(2531) ParOldGen: 461449K(461824K)->462049K(462336K)
[751.972s][info][gc,metaspace   ] GC(2531) Metaspace: 19079K(19200K)->19079K(19200K) NonClass: 17249K(17344K)->17249K(17344K) Class: 1829K(1856K)->1829K(1856K)
[751.972s][info][gc             ] GC(2531) Pause Young (Allocation Failure) 560M->452M(669M) 4.586ms
[751.972s][info][gc,cpu         ] GC(2531) User=0.01s Sys=0.00s Real=0.00s
[752.212s][info][gc,start       ] GC(2532) Pause Young (Allocation Failure)
[752.217s][info][gc,heap        ] GC(2532) PSYoungGen: 112544K(222720K)->64K(222720K) Eden: 111616K(111616K)->0K(111616K) From: 928K(111104K)->64K(111104K)
[752.217s][info][gc,heap        ] GC(2532) ParOldGen: 462049K(462336K)->462977K(463360K)
[752.217s][info][gc,metaspace   ] GC(2532) Metaspace: 19079K(19200K)->19079K(19200K) NonClass: 17249K(17344K)->17249K(17344K) Class: 1829K(1856K)->1829K(1856K)
[752.217s][info][gc             ] GC(2532) Pause Young (Allocation Failure) 561M->452M(670M) 4.767ms
[752.217s][info][gc,cpu         ] GC(2532) User=0.01s Sys=0.00s Real=0.00s
[752.410s][info][gc,start       ] GC(2533) Pause Young (Allocation Failure)
[752.446s][info][gc,heap        ] GC(2533) PSYoungGen: 111680K(222720K)->37968K(222720K) Eden: 111616K(111616K)->0K(111616K) From: 64K(111104K)->37968K(111104K)
[752.446s][info][gc,heap        ] GC(2533) ParOldGen: 462977K(463360K)->463041K(463360K)
[752.446s][info][gc,metaspace   ] GC(2533) Metaspace: 19079K(19200K)->19079K(19200K) NonClass: 17249K(17344K)->17249K(17344K) Class: 1829K(1856K)->1829K(1856K)
[752.446s][info][gc             ] GC(2533) Pause Young (Allocation Failure) 561M->489M(670M) 35.966ms
[752.446s][info][gc,cpu         ] GC(2533) User=0.07s Sys=0.00s Real=0.04s
[752.597s][info][gc,start       ] GC(2534) Pause Young (Allocation Failure)
[752.682s][info][gc,heap        ] GC(2534) PSYoungGen: 149471K(222720K)->36309K(222720K) Eden: 111503K(111616K)->0K(111616K) From: 37968K(111104K)->36309K(111104K)
[752.682s][info][gc,heap        ] GC(2534) ParOldGen: 463041K(463360K)->501089K(501248K)
[752.682s][info][gc,metaspace   ] GC(2534) Metaspace: 19079K(19200K)->19079K(19200K) NonClass: 17249K(17344K)->17249K(17344K) Class: 1829K(1856K)->1829K(1856K)
[752.682s][info][gc             ] GC(2534) Pause Young (Allocation Failure) 598M->524M(707M) 85.002ms
[752.682s][info][gc,cpu         ] GC(2534) User=0.14s Sys=0.03s Real=0.09s
[752.751s][info][gc,start       ] GC(2535) Pause Young (Allocation Failure)
[752.854s][info][gc,heap        ] GC(2535) PSYoungGen: 147925K(222720K)->59650K(222720K) Eden: 111616K(111616K)->0K(111616K) From: 36309K(111104K)->59650K(111104K)
[752.854s][info][gc,heap        ] GC(2535) ParOldGen: 501089K(501248K)->538048K(538112K)
[752.854s][info][gc,metaspace   ] GC(2535) Metaspace: 19079K(19200K)->19079K(19200K) NonClass: 17249K(17344K)->17249K(17344K) Class: 1829K(1856K)->1829K(1856K)
[752.854s][info][gc             ] GC(2535) Pause Young (Allocation Failure) 633M->583M(743M) 102.678ms
[752.854s][info][gc,cpu         ] GC(2535) User=0.17s Sys=0.03s Real=0.11s
[752.912s][info][gc,start       ] GC(2536) Pause Young (Allocation Failure)
[753.038s][info][gc,heap        ] GC(2536) PSYoungGen: 171266K(222720K)->45056K(222720K) Eden: 111616K(111616K)->0K(111616K) From: 59650K(111104K)->45056K(111104K)
[753.039s][info][gc,heap        ] GC(2536) ParOldGen: 538048K(538112K)->597876K(598016K)
[753.039s][info][gc,metaspace   ] GC(2536) Metaspace: 19079K(19200K)->19079K(19200K) NonClass: 17249K(17344K)->17249K(17344K) Class: 1829K(1856K)->1829K(1856K)
[753.039s][info][gc             ] GC(2536) Pause Young (Allocation Failure) 692M->627M(801M) 126.510ms
[753.039s][info][gc,cpu         ] GC(2536) User=0.21s Sys=0.04s Real=0.12s
[753.111s][info][gc,start       ] GC(2537) Pause Young (Allocation Failure)
[753.177s][info][gc,heap        ] GC(2537) PSYoungGen: 156672K(222720K)->224K(222720K) Eden: 111616K(111616K)->0K(111616K) From: 45056K(111104K)->224K(111104K)
[753.177s][info][gc,heap        ] GC(2537) ParOldGen: 597876K(598016K)->643076K(643584K)
[753.177s][info][gc,metaspace   ] GC(2537) Metaspace: 19079K(19200K)->19079K(19200K) NonClass: 17249K(17344K)->17249K(17344K) Class: 1829K(1856K)->1829K(1856K)
[753.177s][info][gc             ] GC(2537) Pause Young (Allocation Failure) 736M->628M(846M) 65.831ms
[753.177s][info][gc,cpu         ] GC(2537) User=0.08s Sys=0.05s Real=0.07s
[753.282s][info][gc,start       ] GC(2538) Pause Full (Allocation Failure)
[753.282s][info][gc,phases,start] GC(2538) Marking Phase
[753.343s][info][gc,phases      ] GC(2538) Marking Phase 61.683ms
[753.343s][info][gc,phases,start] GC(2538) Summary Phase
[753.343s][info][gc,phases      ] GC(2538) Summary Phase 0.055ms
[753.343s][info][gc,phases,start] GC(2538) Forward
[753.364s][info][gc,phases      ] GC(2538) Forward 20.643ms
[753.364s][info][gc,phases,start] GC(2538) Adjust Pointers
[753.409s][info][gc,phases      ] GC(2538) Adjust Pointers 44.461ms
[753.409s][info][gc,phases,start] GC(2538) Compaction Phase
[753.430s][info][gc,phases      ] GC(2538) Compaction Phase 20.955ms
[753.433s][info][gc,phases,start] GC(2538) Post Compact
[753.435s][info][gc,phases      ] GC(2538) Post Compact 2.248ms
[753.452s][info][gc,heap        ] GC(2538) PSYoungGen: 111840K(222720K)->0K(222720K) Eden: 111616K(111616K)->0K(111616K) From: 224K(111104K)->0K(111104K)
[753.452s][info][gc,heap        ] GC(2538) ParOldGen: 643076K(643584K)->101711K(413696K)
[753.452s][info][gc,metaspace   ] GC(2538) Metaspace: 19079K(19200K)->19079K(19200K) NonClass: 17250K(17344K)->17250K(17344K) Class: 1829K(1856K)->1829K(1856K)
[753.452s][info][gc             ] GC(2538) Pause Full (Allocation Failure) 737M->99M(621M) 170.794ms
[753.452s][info][gc,cpu         ] GC(2538) User=0.26s Sys=0.02s Real=0.18s
[753.598s][info][gc,start       ] GC(2539) Pause Young (Allocation Failure)
[753.613s][info][gc,heap        ] GC(2539) PSYoungGen: 111616K(222720K)->15696K(218624K) Eden: 111616K(111616K)->0K(111616K) From: 0K(111104K)->15696K(107008K)
[753.613s][info][gc,heap        ] GC(2539) ParOldGen: 101711K(413696K)->101711K(413696K)
[753.613s][info][gc,metaspace   ] GC(2539) Metaspace: 19081K(19200K)->19081K(19200K) NonClass: 17252K(17344K)->17252K(17344K) Class: 1829K(1856K)->1829K(1856K)
[753.613s][info][gc             ] GC(2539) Pause Young (Allocation Failure) 208M->114M(617M) 15.498ms
[753.613s][info][gc,cpu         ] GC(2539) User=0.03s Sys=0.00s Real=0.02s
[753.720s][info][gc,start       ] GC(2540) Pause Young (Allocation Failure)
[753.745s][info][gc,heap        ] GC(2540) PSYoungGen: 127312K(218624K)->29888K(141824K) Eden: 111616K(111616K)->0K(111616K) From: 15696K(107008K)->29888K(30208K)
[753.745s][info][gc,heap        ] GC(2540) ParOldGen: 101711K(413696K)->101711K(413696K)
[753.745s][info][gc,metaspace   ] GC(2540) Metaspace: 19081K(19200K)->19081K(19200K) NonClass: 17252K(17344K)->17252K(17344K) Class: 1829K(1856K)->1829K(1856K)
[753.745s][info][gc             ] GC(2540) Pause Young (Allocation Failure) 223M->128M(542M) 25.182ms
[753.745s][info][gc,cpu         ] GC(2540) User=0.04s Sys=0.00s Real=0.03s
[753.804s][info][gc,start       ] GC(2541) Pause Young (Allocation Failure)
[753.855s][info][gc,heap        ] GC(2541) PSYoungGen: 141504K(141824K)->71296K(212480K) Eden: 111616K(111616K)->0K(110592K) From: 29888K(30208K)->71296K(101888K)
[753.855s][info][gc,heap        ] GC(2541) ParOldGen: 101711K(413696K)->101711K(413696K)
[753.855s][info][gc,metaspace   ] GC(2541) Metaspace: 19081K(19200K)->19081K(19200K) NonClass: 17252K(17344K)->17252K(17344K) Class: 1829K(1856K)->1829K(1856K)
[753.855s][info][gc             ] GC(2541) Pause Young (Allocation Failure) 237M->168M(611M) 51.086ms
[753.855s][info][gc,cpu         ] GC(2541) User=0.10s Sys=0.00s Real=0.05s
[754.015s][info][gc,start       ] GC(2542) Pause Young (Allocation Failure)
[754.074s][info][gc,heap        ] GC(2542) PSYoungGen: 181888K(212480K)->90512K(219648K) Eden: 110592K(110592K)->0K(110592K) From: 71296K(101888K)->90512K(109056K)
[754.074s][info][gc,heap        ] GC(2542) ParOldGen: 101711K(413696K)->101711K(413696K)
[754.074s][info][gc,metaspace   ] GC(2542) Metaspace: 19081K(19200K)->19081K(19200K) NonClass: 17252K(17344K)->17252K(17344K) Class: 1829K(1856K)->1829K(1856K)
[754.074s][info][gc             ] GC(2542) Pause Young (Allocation Failure) 276M->187M(618M) 59.293ms
[754.074s][info][gc,cpu         ] GC(2542) User=0.11s Sys=0.00s Real=0.06s
[754.133s][info][gc,start       ] GC(2543) Pause Young (Allocation Failure)
[754.223s][info][gc,heap        ] GC(2543) PSYoungGen: 201104K(219648K)->99840K(222720K) Eden: 110592K(110592K)->0K(111616K) From: 90512K(109056K)->99840K(111104K)
[754.223s][info][gc,heap        ] GC(2543) ParOldGen: 101711K(413696K)->131799K(413696K)
[754.223s][info][gc,metaspace   ] GC(2543) Metaspace: 19081K(19200K)->19081K(19200K) NonClass: 17252K(17344K)->17252K(17344K) Class: 1829K(1856K)->1829K(1856K)
[754.223s][info][gc             ] GC(2543) Pause Young (Allocation Failure) 295M->226M(621M) 89.407ms
[754.223s][info][gc,cpu         ] GC(2543) User=0.18s Sys=0.00s Real=0.09s
[754.304s][info][gc,start       ] GC(2544) Pause Young (Allocation Failure)
[754.402s][info][gc,heap        ] GC(2544) PSYoungGen: 211456K(222720K)->73672K(222720K) Eden: 111616K(111616K)->0K(111616K) From: 99840K(111104K)->73672K(111104K)
[754.402s][info][gc,heap        ] GC(2544) ParOldGen: 131799K(413696K)->193167K(413696K)
[754.402s][info][gc,metaspace   ] GC(2544) Metaspace: 19084K(19200K)->19084K(19200K) NonClass: 17254K(17344K)->17254K(17344K) Class: 1829K(1856K)->1829K(1856K)
[754.402s][info][gc             ] GC(2544) Pause Young (Allocation Failure) 335M->260M(621M) 98.279ms
[754.402s][info][gc,cpu         ] GC(2544) User=0.19s Sys=0.00s Real=0.10s
[754.459s][info][gc,start       ] GC(2545) Pause Young (Allocation Failure)
[754.571s][info][gc,heap        ] GC(2545) PSYoungGen: 185288K(222720K)->53313K(222720K) Eden: 111616K(111616K)->0K(111616K) From: 73672K(111104K)->53313K(111104K)
[754.571s][info][gc,heap        ] GC(2545) ParOldGen: 193167K(413696K)->267149K(413696K)
[754.571s][info][gc,metaspace   ] GC(2545) Metaspace: 19084K(19200K)->19084K(19200K) NonClass: 17254K(17344K)->17254K(17344K) Class: 1829K(1856K)->1829K(1856K)
[754.571s][info][gc             ] GC(2545) Pause Young (Allocation Failure) 369M->312M(621M) 112.280ms
[754.571s][info][gc,cpu         ] GC(2545) User=0.23s Sys=0.00s Real=0.11s
[754.682s][info][gc,start       ] GC(2546) Pause Young (Allocation Failure)
[754.749s][info][gc,heap        ] GC(2546) PSYoungGen: 164929K(222720K)->29152K(222720K) Eden: 111616K(111616K)->0K(111616K) From: 53313K(111104K)->29152K(111104K)
[754.749s][info][gc,heap        ] GC(2546) ParOldGen: 267149K(413696K)->320948K(413696K)
[754.749s][info][gc,metaspace   ] GC(2546) Metaspace: 19084K(19200K)->19084K(19200K) NonClass: 17254K(17344K)->17254K(17344K) Class: 1829K(1856K)->1829K(1856K)
[754.749s][info][gc             ] GC(2546) Pause Young (Allocation Failure) 421M->341M(621M) 66.906ms
[754.749s][info][gc,cpu         ] GC(2546) User=0.14s Sys=0.00s Real=0.06s
[754.818s][info][gc,start       ] GC(2547) Pause Young (Allocation Failure)
[754.859s][info][gc,heap        ] GC(2547) PSYoungGen: 140768K(222720K)->13024K(222720K) Eden: 111616K(111616K)->0K(111616K) From: 29152K(111104K)->13024K(111104K)
[754.859s][info][gc,heap        ] GC(2547) ParOldGen: 320948K(413696K)->350292K(413696K)
[754.859s][info][gc,metaspace   ] GC(2547) Metaspace: 19084K(19200K)->19084K(19200K) NonClass: 17254K(17344K)->17254K(17344K) Class: 1829K(1856K)->1829K(1856K)
[754.859s][info][gc             ] GC(2547) Pause Young (Allocation Failure) 450M->354M(621M) 40.938ms
[754.859s][info][gc,cpu         ] GC(2547) User=0.08s Sys=0.00s Real=0.04s
[754.950s][info][gc,start       ] GC(2548) Pause Young (Allocation Failure)
[754.983s][info][gc,heap        ] GC(2548) PSYoungGen: 124640K(222720K)->10336K(222720K) Eden: 111616K(111616K)->0K(111616K) From: 13024K(111104K)->10336K(111104K)
[754.983s][info][gc,heap        ] GC(2548) ParOldGen: 350292K(413696K)->363348K(413696K)
[754.983s][info][gc,metaspace   ] GC(2548) Metaspace: 19084K(19200K)->19084K(19200K) NonClass: 17254K(17344K)->17254K(17344K) Class: 1829K(1856K)->1829K(1856K)
[754.983s][info][gc             ] GC(2548) Pause Young (Allocation Failure) 463M->364M(621M) 33.577ms
[754.983s][info][gc,cpu         ] GC(2548) User=0.07s Sys=0.00s Real=0.04s
[755.059s][info][gc,start       ] GC(2549) Pause Young (Allocation Failure)
[755.099s][info][gc,heap        ] GC(2549) PSYoungGen: 121952K(222720K)->19265K(222720K) Eden: 111616K(111616K)->0K(111616K) From: 10336K(111104K)->19265K(111104K)
[755.100s][info][gc,heap        ] GC(2549) ParOldGen: 363348K(413696K)->373692K(413696K)
[755.100s][info][gc,metaspace   ] GC(2549) Metaspace: 19084K(19200K)->19084K(19200K) NonClass: 17254K(17344K)->17254K(17344K) Class: 1829K(1856K)->1829K(1856K)
[755.100s][info][gc             ] GC(2549) Pause Young (Allocation Failure) 473M->383M(621M) 40.436ms
[755.100s][info][gc,cpu         ] GC(2549) User=0.08s Sys=0.00s Real=0.04s
[755.185s][info][gc,start       ] GC(2550) Pause Young (Allocation Failure)
[755.219s][info][gc,heap        ] GC(2550) PSYoungGen: 130881K(222720K)->6976K(222720K) Eden: 111616K(111616K)->0K(111616K) From: 19265K(111104K)->6976K(111104K)
[755.219s][info][gc,heap        ] GC(2550) ParOldGen: 373692K(413696K)->392970K(413696K)
[755.219s][info][gc,metaspace   ] GC(2550) Metaspace: 19084K(19200K)->19084K(19200K) NonClass: 17254K(17344K)->17254K(17344K) Class: 1829K(1856K)->1829K(1856K)
[755.219s][info][gc             ] GC(2550) Pause Young (Allocation Failure) 492M->390M(621M) 34.731ms
[755.219s][info][gc,cpu         ] GC(2550) User=0.07s Sys=0.00s Real=0.03s
[755.292s][info][gc,start       ] GC(2551) Pause Young (Allocation Failure)
[755.317s][info][gc,heap        ] GC(2551) PSYoungGen: 118592K(222720K)->13184K(221696K) Eden: 111616K(111616K)->0K(111616K) From: 6976K(111104K)->13184K(110080K)
[755.317s][info][gc,heap        ] GC(2551) ParOldGen: 392970K(413696K)->399946K(413696K)
[755.317s][info][gc,metaspace   ] GC(2551) Metaspace: 19084K(19200K)->19084K(19200K) NonClass: 17254K(17344K)->17254K(17344K) Class: 1829K(1856K)->1829K(1856K)
[755.317s][info][gc             ] GC(2551) Pause Young (Allocation Failure) 499M->403M(620M) 24.543ms
[755.317s][info][gc,cpu         ] GC(2551) User=0.05s Sys=0.00s Real=0.02s
[755.391s][info][gc,start       ] GC(2552) Pause Young (Allocation Failure)
[755.424s][info][gc,heap        ] GC(2552) PSYoungGen: 124800K(221696K)->31040K(142848K) Eden: 111616K(111616K)->0K(111616K) From: 13184K(110080K)->31040K(31232K)
[755.424s][info][gc,heap        ] GC(2552) ParOldGen: 399946K(413696K)->399946K(413696K)
[755.425s][info][gc,metaspace   ] GC(2552) Metaspace: 19084K(19200K)->19084K(19200K) NonClass: 17254K(17344K)->17254K(17344K) Class: 1829K(1856K)->1829K(1856K)
[755.425s][info][gc             ] GC(2552) Pause Young (Allocation Failure) 512M->420M(543M) 33.503ms
[755.425s][info][gc,cpu         ] GC(2552) User=0.06s Sys=0.00s Real=0.04s
[755.504s][info][gc,start       ] GC(2553) Pause Young (Allocation Failure)
[755.538s][info][gc,heap        ] GC(2553) PSYoungGen: 142656K(142848K)->34496K(217088K) Eden: 111616K(111616K)->0K(119808K) From: 31040K(31232K)->34496K(97280K)
[755.538s][info][gc,heap        ] GC(2553) ParOldGen: 399946K(413696K)->399946K(413696K)
[755.538s][info][gc,metaspace   ] GC(2553) Metaspace: 19084K(19200K)->19084K(19200K) NonClass: 17254K(17344K)->17254K(17344K) Class: 1829K(1856K)->1829K(1856K)
[755.538s][info][gc             ] GC(2553) Pause Young (Allocation Failure) 529M->424M(616M) 34.671ms
[755.538s][info][gc,cpu         ] GC(2553) User=0.07s Sys=0.00s Real=0.03s
[755.606s][info][gc,start       ] GC(2554) Pause Young (Allocation Failure)
[755.646s][info][gc,heap        ] GC(2554) PSYoungGen: 154304K(217088K)->42720K(216576K) Eden: 119808K(119808K)->0K(119808K) From: 34496K(97280K)->42720K(96768K)
[755.646s][info][gc,heap        ] GC(2554) ParOldGen: 399946K(413696K)->399946K(413696K)
[755.646s][info][gc,metaspace   ] GC(2554) Metaspace: 19084K(19200K)->19084K(19200K) NonClass: 17254K(17344K)->17254K(17344K) Class: 1829K(1856K)->1829K(1856K)
[755.646s][info][gc             ] GC(2554) Pause Young (Allocation Failure) 541M->432M(615M) 40.324ms
[755.646s][info][gc,cpu         ] GC(2554) User=0.08s Sys=0.00s Real=0.04s
[755.730s][info][gc,start       ] GC(2555) Pause Young (Allocation Failure)
[755.783s][info][gc,heap        ] GC(2555) PSYoungGen: 162528K(216576K)->55264K(222208K) Eden: 119808K(119808K)->0K(128000K) From: 42720K(96768K)->55264K(94208K)
[755.783s][info][gc,heap        ] GC(2555) ParOldGen: 399946K(413696K)->399946K(413696K)
[755.783s][info][gc,metaspace   ] GC(2555) Metaspace: 19084K(19200K)->19084K(19200K) NonClass: 17254K(17344K)->17254K(17344K) Class: 1829K(1856K)->1829K(1856K)
[755.783s][info][gc             ] GC(2555) Pause Young (Allocation Failure) 549M->444M(621M) 52.944ms
[755.783s][info][gc,cpu         ] GC(2555) User=0.11s Sys=0.00s Real=0.06s
[755.897s][info][gc,start       ] GC(2556) Pause Young (Allocation Failure)
[755.957s][info][gc,heap        ] GC(2556) PSYoungGen: 183264K(222208K)->62016K(223744K) Eden: 128000K(128000K)->0K(128000K) From: 55264K(94208K)->62016K(95744K)
[755.958s][info][gc,heap        ] GC(2556) ParOldGen: 399946K(413696K)->399946K(413696K)
[755.958s][info][gc,metaspace   ] GC(2556) Metaspace: 19084K(19200K)->19084K(19200K) NonClass: 17254K(17344K)->17254K(17344K) Class: 1829K(1856K)->1829K(1856K)
[755.958s][info][gc             ] GC(2556) Pause Young (Allocation Failure) 569M->451M(622M) 60.316ms
[755.958s][info][gc,cpu         ] GC(2556) User=0.12s Sys=0.00s Real=0.06s
[756.159s][info][gc,start       ] GC(2557) Pause Young (Allocation Failure)
[756.227s][info][gc,heap        ] GC(2557) PSYoungGen: 190016K(223744K)->72512K(221184K) Eden: 128000K(128000K)->0K(121856K) From: 62016K(95744K)->72512K(99328K)
[756.227s][info][gc,heap        ] GC(2557) ParOldGen: 399946K(413696K)->399946K(413696K)
[756.227s][info][gc,metaspace   ] GC(2557) Metaspace: 19084K(19200K)->19084K(19200K) NonClass: 17254K(17344K)->17254K(17344K) Class: 1829K(1856K)->1829K(1856K)
[756.227s][info][gc             ] GC(2557) Pause Young (Allocation Failure) 576M->461M(620M) 67.348ms
[756.227s][info][gc,cpu         ] GC(2557) User=0.13s Sys=0.00s Real=0.07s
[756.396s][info][gc,start       ] GC(2558) Pause Young (Allocation Failure)
[756.478s][info][gc,heap        ] GC(2558) PSYoungGen: 194368K(221184K)->84896K(206848K) Eden: 121856K(121856K)->0K(121856K) From: 72512K(99328K)->84896K(84992K)
[756.478s][info][gc,heap        ] GC(2558) ParOldGen: 399946K(413696K)->399946K(413696K)
[756.478s][info][gc,metaspace   ] GC(2558) Metaspace: 19084K(19200K)->19084K(19200K) NonClass: 17254K(17344K)->17254K(17344K) Class: 1829K(1856K)->1829K(1856K)
[756.478s][info][gc             ] GC(2558) Pause Young (Allocation Failure) 580M->473M(606M) 81.968ms
[756.478s][info][gc,cpu         ] GC(2558) User=0.16s Sys=0.00s Real=0.08s
[756.839s][info][gc,start       ] GC(2559) Pause Young (Allocation Failure)
[756.927s][info][gc,heap        ] GC(2559) PSYoungGen: 206752K(206848K)->54048K(222720K) Eden: 121856K(121856K)->0K(111616K) From: 84896K(84992K)->54048K(111104K)
[756.927s][info][gc,heap        ] GC(2559) ParOldGen: 399946K(413696K)->431066K(431104K)
[756.927s][info][gc,metaspace   ] GC(2559) Metaspace: 19084K(19200K)->19084K(19200K) NonClass: 17254K(17344K)->17254K(17344K) Class: 1829K(1856K)->1829K(1856K)
[756.927s][info][gc             ] GC(2559) Pause Young (Allocation Failure) 592M->473M(638M) 88.539ms
[756.927s][info][gc,cpu         ] GC(2559) User=0.16s Sys=0.02s Real=0.09s
[757.206s][info][gc,start       ] GC(2560) Pause Young (Allocation Failure)
[757.259s][info][gc,heap        ] GC(2560) PSYoungGen: 165664K(222720K)->54048K(165888K) Eden: 111616K(111616K)->0K(111616K) From: 54048K(111104K)->54048K(54272K)
[757.259s][info][gc,heap        ] GC(2560) ParOldGen: 431066K(431104K)->431066K(431104K)
[757.259s][info][gc,metaspace   ] GC(2560) Metaspace: 19084K(19200K)->19084K(19200K) NonClass: 17254K(17344K)->17254K(17344K) Class: 1829K(1856K)->1829K(1856K)
[757.259s][info][gc             ] GC(2560) Pause Young (Allocation Failure) 582M->473M(583M) 52.521ms
[757.259s][info][gc,cpu         ] GC(2560) User=0.11s Sys=0.00s Real=0.05s
[757.496s][info][gc,start       ] GC(2561) Pause Young (Allocation Failure)
[757.550s][info][gc,heap        ] GC(2561) PSYoungGen: 165664K(165888K)->54048K(222208K) Eden: 111616K(111616K)->0K(115200K) From: 54048K(54272K)->54048K(107008K)
[757.550s][info][gc,heap        ] GC(2561) ParOldGen: 431066K(431104K)->431066K(431104K)
[757.550s][info][gc,metaspace   ] GC(2561) Metaspace: 19084K(19200K)->19084K(19200K) NonClass: 17254K(17344K)->17254K(17344K) Class: 1829K(1856K)->1829K(1856K)
[757.550s][info][gc             ] GC(2561) Pause Young (Allocation Failure) 582M->473M(638M) 53.867ms
[757.550s][info][gc,cpu         ] GC(2561) User=0.11s Sys=0.00s Real=0.05s
[757.799s][info][gc,start       ] GC(2562) Pause Young (Allocation Failure)
[757.854s][info][gc,heap        ] GC(2562) PSYoungGen: 169248K(222208K)->54080K(218624K) Eden: 115200K(115200K)->0K(115200K) From: 54048K(107008K)->54080K(103424K)
[757.854s][info][gc,heap        ] GC(2562) ParOldGen: 431066K(431104K)->431066K(431104K)
[757.854s][info][gc,metaspace   ] GC(2562) Metaspace: 19084K(19200K)->19084K(19200K) NonClass: 17254K(17344K)->17254K(17344K) Class: 1829K(1856K)->1829K(1856K)
[757.854s][info][gc             ] GC(2562) Pause Young (Allocation Failure) 586M->473M(634M) 54.245ms
[757.854s][info][gc,cpu         ] GC(2562) User=0.11s Sys=0.00s Real=0.06s
[758.083s][info][gc,start       ] GC(2563) Pause Young (Allocation Failure)
[758.148s][info][gc,heap        ] GC(2563) PSYoungGen: 169280K(218624K)->57696K(218624K) Eden: 115200K(115200K)->0K(122368K) From: 54080K(103424K)->57696K(96256K)
[758.148s][info][gc,heap        ] GC(2563) ParOldGen: 431066K(431104K)->431066K(431104K)
[758.148s][info][gc,metaspace   ] GC(2563) Metaspace: 19084K(19200K)->19084K(19200K) NonClass: 17254K(17344K)->17254K(17344K) Class: 1829K(1856K)->1829K(1856K)
[758.148s][info][gc             ] GC(2563) Pause Young (Allocation Failure) 586M->477M(634M) 64.820ms
[758.148s][info][gc,cpu         ] GC(2563) User=0.13s Sys=0.00s Real=0.06s
[758.307s][info][gc,start       ] GC(2564) Pause Young (Allocation Failure)
[758.391s][info][gc,heap        ] GC(2564) PSYoungGen: 180064K(218624K)->84822K(220672K) Eden: 122368K(122368K)->0K(122368K) From: 57696K(96256K)->84822K(98304K)
[758.391s][info][gc,heap        ] GC(2564) ParOldGen: 431066K(431104K)->431066K(431104K)
[758.391s][info][gc,metaspace   ] GC(2564) Metaspace: 19085K(19200K)->19085K(19200K) NonClass: 17256K(17344K)->17256K(17344K) Class: 1829K(1856K)->1829K(1856K)
[758.391s][info][gc             ] GC(2564) Pause Young (Allocation Failure) 596M->503M(636M) 83.390ms
[758.391s][info][gc,cpu         ] GC(2564) User=0.17s Sys=0.00s Real=0.08s
[758.457s][info][gc,start       ] GC(2565) Pause Young (Allocation Failure)
[758.588s][info][gc,heap        ] GC(2565) PSYoungGen: 207190K(220672K)->106470K(218112K) Eden: 122368K(122368K)->0K(111616K) From: 84822K(98304K)->106470K(106496K)
[758.588s][info][gc,heap        ] GC(2565) ParOldGen: 431066K(431104K)->456066K(456192K)
[758.588s][info][gc,metaspace   ] GC(2565) Metaspace: 19085K(19200K)->19085K(19200K) NonClass: 17256K(17344K)->17256K(17344K) Class: 1829K(1856K)->1829K(1856K)
[758.588s][info][gc             ] GC(2565) Pause Young (Allocation Failure) 623M->549M(658M) 130.948ms
[758.588s][info][gc,cpu         ] GC(2565) User=0.23s Sys=0.03s Real=0.13s
[758.754s][info][gc,start       ] GC(2566) Pause Young (Allocation Failure)
[758.857s][info][gc,heap        ] GC(2566) PSYoungGen: 218086K(218112K)->102470K(222720K) Eden: 111616K(111616K)->0K(111616K) From: 106470K(106496K)->102470K(111104K)
[758.857s][info][gc,heap        ] GC(2566) ParOldGen: 456066K(456192K)->467794K(467968K)
[758.857s][info][gc,metaspace   ] GC(2566) Metaspace: 19085K(19200K)->19085K(19200K) NonClass: 17256K(17344K)->17256K(17344K) Class: 1829K(1856K)->1829K(1856K)
[758.857s][info][gc             ] GC(2566) Pause Young (Allocation Failure) 658M->556M(674M) 103.106ms
[758.857s][info][gc,cpu         ] GC(2566) User=0.20s Sys=0.00s Real=0.10s
[758.942s][info][gc,start       ] GC(2567) Pause Young (Allocation Failure)
[759.049s][info][gc,heap        ] GC(2567) PSYoungGen: 214086K(222720K)->94886K(222720K) Eden: 111616K(111616K)->0K(111616K) From: 102470K(111104K)->94886K(111104K)
[759.049s][info][gc,heap        ] GC(2567) ParOldGen: 467794K(467968K)->487127K(487424K)
[759.049s][info][gc,metaspace   ] GC(2567) Metaspace: 19085K(19200K)->19085K(19200K) NonClass: 17256K(17344K)->17256K(17344K) Class: 1829K(1856K)->1829K(1856K)
[759.049s][info][gc             ] GC(2567) Pause Young (Allocation Failure) 665M->568M(693M) 107.054ms
[759.049s][info][gc,cpu         ] GC(2567) User=0.20s Sys=0.02s Real=0.10s
[759.154s][info][gc,start       ] GC(2568) Pause Young (Allocation Failure)
[759.275s][info][gc,heap        ] GC(2568) PSYoungGen: 206502K(222720K)->98963K(222720K) Eden: 111616K(111616K)->0K(111616K) From: 94886K(111104K)->98963K(111104K)
[759.275s][info][gc,heap        ] GC(2568) ParOldGen: 487127K(487424K)->510125K(510464K)
[759.275s][info][gc,metaspace   ] GC(2568) Metaspace: 19085K(19200K)->19085K(19200K) NonClass: 17256K(17344K)->17256K(17344K) Class: 1829K(1856K)->1829K(1856K)
[759.275s][info][gc             ] GC(2568) Pause Young (Allocation Failure) 677M->594M(716M) 121.585ms
[759.275s][info][gc,cpu         ] GC(2568) User=0.22s Sys=0.01s Real=0.12s
[759.369s][info][gc,start       ] GC(2569) Pause Young (Allocation Failure)
[759.491s][info][gc,heap        ] GC(2569) PSYoungGen: 210579K(222720K)->111093K(222720K) Eden: 111616K(111616K)->0K(111616K) From: 98963K(111104K)->111093K(111104K)
[759.491s][info][gc,heap        ] GC(2569) ParOldGen: 510125K(510464K)->527137K(527360K)
[759.491s][info][gc,metaspace   ] GC(2569) Metaspace: 19085K(19200K)->19085K(19200K) NonClass: 17256K(17344K)->17256K(17344K) Class: 1829K(1856K)->1829K(1856K)
[759.491s][info][gc             ] GC(2569) Pause Young (Allocation Failure) 703M->623M(732M) 122.053ms
[759.491s][info][gc,cpu         ] GC(2569) User=0.23s Sys=0.01s Real=0.12s
[759.562s][info][gc,start       ] GC(2570) Pause Young (Allocation Failure)
[759.689s][info][gc,heap        ] GC(2570) PSYoungGen: 222709K(222720K)->111093K(222720K) Eden: 111616K(111616K)->0K(111616K) From: 111093K(111104K)->111093K(111104K)
[759.689s][info][gc,heap        ] GC(2570) ParOldGen: 527137K(527360K)->538721K(539136K)
[759.689s][info][gc,metaspace   ] GC(2570) Metaspace: 19085K(19200K)->19085K(19200K) NonClass: 17256K(17344K)->17256K(17344K) Class: 1829K(1856K)->1829K(1856K)
[759.689s][info][gc             ] GC(2570) Pause Young (Allocation Failure) 732M->634M(744M) 127.084ms
[759.689s][info][gc,cpu         ] GC(2570) User=0.24s Sys=0.01s Real=0.12s
[759.753s][info][gc,start       ] GC(2571) Pause Young (Allocation Failure)
[759.882s][info][gc,heap        ] GC(2571) PSYoungGen: 222709K(222720K)->88847K(222720K) Eden: 111616K(111616K)->0K(111616K) From: 111093K(111104K)->88847K(111104K)
[759.883s][info][gc,heap        ] GC(2571) ParOldGen: 538721K(539136K)->567468K(567808K)
[759.883s][info][gc,metaspace   ] GC(2571) Metaspace: 19085K(19200K)->19085K(19200K) NonClass: 17256K(17344K)->17256K(17344K) Class: 1829K(1856K)->1829K(1856K)
[759.883s][info][gc             ] GC(2571) Pause Young (Allocation Failure) 743M->640M(772M) 129.569ms
[759.883s][info][gc,cpu         ] GC(2571) User=0.24s Sys=0.02s Real=0.13s
[759.972s][info][gc,start       ] GC(2572) Pause Young (Allocation Failure)
[760.100s][info][gc,heap        ] GC(2572) PSYoungGen: 200463K(222720K)->75637K(222720K) Eden: 111616K(111616K)->0K(111616K) From: 88847K(111104K)->75637K(111104K)
[760.100s][info][gc,heap        ] GC(2572) ParOldGen: 567468K(567808K)->594384K(594432K)
[760.100s][info][gc,metaspace   ] GC(2572) Metaspace: 19085K(19200K)->19085K(19200K) NonClass: 17256K(17344K)->17256K(17344K) Class: 1829K(1856K)->1829K(1856K)
[760.100s][info][gc             ] GC(2572) Pause Young (Allocation Failure) 749M->654M(798M) 128.188ms
[760.100s][info][gc,cpu         ] GC(2572) User=0.23s Sys=0.02s Real=0.12s
[760.188s][info][gc,start       ] GC(2573) Pause Young (Allocation Failure)
[760.300s][info][gc,heap        ] GC(2573) PSYoungGen: 187253K(222720K)->78208K(222720K) Eden: 111616K(111616K)->0K(111616K) From: 75637K(111104K)->78208K(111104K)
[760.300s][info][gc,heap        ] GC(2573) ParOldGen: 594384K(594432K)->606177K(606208K)
[760.300s][info][gc,metaspace   ] GC(2573) Metaspace: 19085K(19200K)->19085K(19200K) NonClass: 17256K(17344K)->17256K(17344K) Class: 1829K(1856K)->1829K(1856K)
[760.300s][info][gc             ] GC(2573) Pause Young (Allocation Failure) 763M->668M(809M) 111.707ms
[760.300s][info][gc,cpu         ] GC(2573) User=0.22s Sys=0.00s Real=0.11s
[760.358s][info][gc,start       ] GC(2574) Pause Young (Allocation Failure)
[760.458s][info][gc,heap        ] GC(2574) PSYoungGen: 189824K(222720K)->52096K(222720K) Eden: 111616K(111616K)->0K(111616K) From: 78208K(111104K)->52096K(111104K)
[760.458s][info][gc,heap        ] GC(2574) ParOldGen: 606177K(606208K)->638441K(638464K)
[760.458s][info][gc,metaspace   ] GC(2574) Metaspace: 19085K(19200K)->19085K(19200K) NonClass: 17256K(17344K)->17256K(17344K) Class: 1829K(1856K)->1829K(1856K)
[760.458s][info][gc             ] GC(2574) Pause Young (Allocation Failure) 777M->674M(841M) 100.824ms
[760.458s][info][gc,cpu         ] GC(2574) User=0.18s Sys=0.03s Real=0.10s
[760.526s][info][gc,start       ] GC(2575) Pause Full (Allocation Failure)
[760.526s][info][gc,phases,start] GC(2575) Marking Phase
[760.795s][info][gc,phases      ] GC(2575) Marking Phase 269.014ms
[760.795s][info][gc,phases,start] GC(2575) Summary Phase
[760.795s][info][gc,phases      ] GC(2575) Summary Phase 0.033ms
[760.795s][info][gc,phases,start] GC(2575) Forward
[760.877s][info][gc,phases      ] GC(2575) Forward 81.723ms
[760.877s][info][gc,phases,start] GC(2575) Adjust Pointers
[761.091s][info][gc,phases      ] GC(2575) Adjust Pointers 214.267ms
[761.091s][info][gc,phases,start] GC(2575) Compaction Phase
[761.207s][info][gc,phases      ] GC(2575) Compaction Phase 115.612ms
[761.215s][info][gc,phases,start] GC(2575) Post Compact
[761.218s][info][gc,phases      ] GC(2575) Post Compact 2.359ms
[761.218s][info][gc,heap        ] GC(2575) PSYoungGen: 163712K(222720K)->0K(222720K) Eden: 111616K(111616K)->0K(111616K) From: 52096K(111104K)->0K(111104K)
[761.218s][info][gc,heap        ] GC(2575) ParOldGen: 638441K(638464K)->401001K(667648K)
[761.218s][info][gc,metaspace   ] GC(2575) Metaspace: 19085K(19200K)->19085K(19200K) NonClass: 17256K(17344K)->17256K(17344K) Class: 1829K(1856K)->1829K(1856K)
[761.218s][info][gc             ] GC(2575) Pause Full (Allocation Failure) 783M->391M(869M) 692.133ms
[761.218s][info][gc,cpu         ] GC(2575) User=1.31s Sys=0.00s Real=0.69s
[761.289s][info][gc,start       ] GC(2576) Pause Young (Allocation Failure)
[761.297s][info][gc,heap        ] GC(2576) PSYoungGen: 111616K(222720K)->1664K(222720K) Eden: 111616K(111616K)->0K(111616K) From: 0K(111104K)->1664K(111104K)
[761.297s][info][gc,heap        ] GC(2576) ParOldGen: 401001K(667648K)->401001K(667648K)
[761.297s][info][gc,metaspace   ] GC(2576) Metaspace: 19085K(19200K)->19085K(19200K) NonClass: 17256K(17344K)->17256K(17344K) Class: 1829K(1856K)->1829K(1856K)
[761.297s][info][gc             ] GC(2576) Pause Young (Allocation Failure) 500M->393M(869M) 8.312ms
[761.297s][info][gc,cpu         ] GC(2576) User=0.02s Sys=0.00s Real=0.01s
[761.379s][info][gc,start       ] GC(2577) Pause Young (Allocation Failure)
[761.395s][info][gc,heap        ] GC(2577) PSYoungGen: 113280K(222720K)->12288K(222720K) Eden: 111616K(111616K)->0K(111616K) From: 1664K(111104K)->12288K(111104K)
[761.395s][info][gc,heap        ] GC(2577) ParOldGen: 401001K(667648K)->401001K(667648K)
[761.395s][info][gc,metaspace   ] GC(2577) Metaspace: 19085K(19200K)->19085K(19200K) NonClass: 17256K(17344K)->17256K(17344K) Class: 1829K(1856K)->1829K(1856K)
[761.395s][info][gc             ] GC(2577) Pause Young (Allocation Failure) 502M->403M(869M) 15.897ms
[761.395s][info][gc,cpu         ] GC(2577) User=0.03s Sys=0.00s Real=0.02s
[761.530s][info][gc,start       ] GC(2578) Pause Young (Allocation Failure)
[761.547s][info][gc,heap        ] GC(2578) PSYoungGen: 123904K(222720K)->2112K(222720K) Eden: 111616K(111616K)->0K(111616K) From: 12288K(111104K)->2112K(111104K)
[761.547s][info][gc,heap        ] GC(2578) ParOldGen: 401001K(667648K)->413305K(667648K)
[761.547s][info][gc,metaspace   ] GC(2578) Metaspace: 19085K(19200K)->19085K(19200K) NonClass: 17256K(17344K)->17256K(17344K) Class: 1829K(1856K)->1829K(1856K)
[761.547s][info][gc             ] GC(2578) Pause Young (Allocation Failure) 512M->405M(869M) 16.896ms
[761.547s][info][gc,cpu         ] GC(2578) User=0.03s Sys=0.00s Real=0.02s
[761.669s][info][gc,start       ] GC(2579) Pause Young (Allocation Failure)
[761.687s][info][gc,heap        ] GC(2579) PSYoungGen: 113728K(222720K)->16416K(222720K) Eden: 111616K(111616K)->0K(111616K) From: 2112K(111104K)->16416K(111104K)
[761.687s][info][gc,heap        ] GC(2579) ParOldGen: 413305K(667648K)->415409K(667648K)
[761.687s][info][gc,metaspace   ] GC(2579) Metaspace: 19085K(19200K)->19085K(19200K) NonClass: 17256K(17344K)->17256K(17344K) Class: 1829K(1856K)->1829K(1856K)
[761.687s][info][gc             ] GC(2579) Pause Young (Allocation Failure) 514M->421M(869M) 18.807ms
[761.687s][info][gc,cpu         ] GC(2579) User=0.04s Sys=0.00s Real=0.02s
[761.854s][info][gc,start       ] GC(2580) Pause Young (Allocation Failure)
[761.882s][info][gc,heap        ] GC(2580) PSYoungGen: 128032K(222720K)->6656K(222720K) Eden: 111616K(111616K)->0K(111616K) From: 16416K(111104K)->6656K(111104K)
[761.882s][info][gc,heap        ] GC(2580) ParOldGen: 415409K(667648K)->431851K(667648K)
[761.882s][info][gc,metaspace   ] GC(2580) Metaspace: 19085K(19200K)->19085K(19200K) NonClass: 17256K(17344K)->17256K(17344K) Class: 1829K(1856K)->1829K(1856K)
[761.882s][info][gc             ] GC(2580) Pause Young (Allocation Failure) 530M->428M(869M) 28.138ms
[761.882s][info][gc,cpu         ] GC(2580) User=0.05s Sys=0.00s Real=0.03s
[762.094s][info][gc,start       ] GC(2581) Pause Young (Allocation Failure)
[762.119s][info][gc,heap        ] GC(2581) PSYoungGen: 118272K(222720K)->17360K(222720K) Eden: 111616K(111616K)->0K(111616K) From: 6656K(111104K)->17360K(111104K)
[762.119s][info][gc,heap        ] GC(2581) ParOldGen: 431851K(667648K)->438483K(667648K)
[762.119s][info][gc,metaspace   ] GC(2581) Metaspace: 19085K(19200K)->19085K(19200K) NonClass: 17256K(17344K)->17256K(17344K) Class: 1829K(1856K)->1829K(1856K)
[762.119s][info][gc             ] GC(2581) Pause Young (Allocation Failure) 537M->445M(869M) 24.513ms
[762.119s][info][gc,cpu         ] GC(2581) User=0.05s Sys=0.00s Real=0.02s
[762.233s][info][gc,start       ] GC(2582) Pause Young (Allocation Failure)
[762.255s][info][gc,heap        ] GC(2582) PSYoungGen: 128976K(222720K)->6912K(222720K) Eden: 111616K(111616K)->0K(111616K) From: 17360K(111104K)->6912K(111104K)
[762.255s][info][gc,heap        ] GC(2582) ParOldGen: 438483K(667648K)->455963K(667648K)
[762.255s][info][gc,metaspace   ] GC(2582) Metaspace: 19085K(19200K)->19085K(19200K) NonClass: 17256K(17344K)->17256K(17344K) Class: 1829K(1856K)->1829K(1856K)
[762.255s][info][gc             ] GC(2582) Pause Young (Allocation Failure) 554M->452M(869M) 22.109ms
[762.255s][info][gc,cpu         ] GC(2582) User=0.04s Sys=0.00s Real=0.02s
[762.360s][info][gc,start       ] GC(2583) Pause Young (Allocation Failure)
[762.388s][info][gc,heap        ] GC(2583) PSYoungGen: 118528K(222720K)->28176K(222720K) Eden: 111616K(111616K)->0K(111616K) From: 6912K(111104K)->28176K(111104K)
[762.388s][info][gc,heap        ] GC(2583) ParOldGen: 455963K(667648K)->462827K(667648K)
[762.388s][info][gc,metaspace   ] GC(2583) Metaspace: 19085K(19200K)->19085K(19200K) NonClass: 17256K(17344K)->17256K(17344K) Class: 1829K(1856K)->1829K(1856K)
[762.388s][info][gc             ] GC(2583) Pause Young (Allocation Failure) 561M->479M(869M) 28.216ms
[762.388s][info][gc,cpu         ] GC(2583) User=0.05s Sys=0.00s Real=0.03s
[762.453s][info][gc,start       ] GC(2584) Pause Young (Allocation Failure)
[762.499s][info][gc,heap        ] GC(2584) PSYoungGen: 139792K(222720K)->42080K(222720K) Eden: 111616K(111616K)->0K(111616K) From: 28176K(111104K)->42080K(111104K)
[762.499s][info][gc,heap        ] GC(2584) ParOldGen: 462827K(667648K)->491308K(667648K)
[762.499s][info][gc,metaspace   ] GC(2584) Metaspace: 19085K(19200K)->19085K(19200K) NonClass: 17256K(17344K)->17256K(17344K) Class: 1829K(1856K)->1829K(1856K)
[762.499s][info][gc             ] GC(2584) Pause Young (Allocation Failure) 588M->520M(869M) 46.521ms
[762.499s][info][gc,cpu         ] GC(2584) User=0.09s Sys=0.00s Real=0.04s
[762.707s][info][gc,start       ] GC(2585) Pause Young (Allocation Failure)
[762.742s][info][gc,heap        ] GC(2585) PSYoungGen: 153696K(222720K)->9216K(222720K) Eden: 111616K(111616K)->0K(111616K) From: 42080K(111104K)->9216K(111104K)
[762.743s][info][gc,heap        ] GC(2585) ParOldGen: 491308K(667648K)->533908K(667648K)
[762.743s][info][gc,metaspace   ] GC(2585) Metaspace: 19085K(19200K)->19085K(19200K) NonClass: 17256K(17344K)->17256K(17344K) Class: 1829K(1856K)->1829K(1856K)
[762.743s][info][gc             ] GC(2585) Pause Young (Allocation Failure) 629M->530M(869M) 35.405ms
[762.743s][info][gc,cpu         ] GC(2585) User=0.07s Sys=0.00s Real=0.04s
[762.899s][info][gc,start       ] GC(2586) Pause Young (Allocation Failure)
[762.940s][info][gc,heap        ] GC(2586) PSYoungGen: 120832K(222720K)->16904K(222720K) Eden: 111616K(111616K)->0K(111616K) From: 9216K(111104K)->16904K(111104K)
[762.940s][info][gc,heap        ] GC(2586) ParOldGen: 533908K(667648K)->543164K(667648K)
[762.940s][info][gc,metaspace   ] GC(2586) Metaspace: 19085K(19200K)->19085K(19200K) NonClass: 17256K(17344K)->17256K(17344K) Class: 1829K(1856K)->1829K(1856K)
[762.940s][info][gc             ] GC(2586) Pause Young (Allocation Failure) 639M->546M(869M) 40.585ms
[762.940s][info][gc,cpu         ] GC(2586) User=0.08s Sys=0.00s Real=0.04s
[763.063s][info][gc,start       ] GC(2587) Pause Young (Allocation Failure)
[763.114s][info][gc,heap        ] GC(2587) PSYoungGen: 128520K(222720K)->23456K(222720K) Eden: 111616K(111616K)->0K(111616K) From: 16904K(111104K)->23456K(111104K)
[763.114s][info][gc,heap        ] GC(2587) ParOldGen: 543164K(667648K)->560058K(667648K)
[763.114s][info][gc,metaspace   ] GC(2587) Metaspace: 19085K(19200K)->19085K(19200K) NonClass: 17256K(17344K)->17256K(17344K) Class: 1829K(1856K)->1829K(1856K)
[763.114s][info][gc             ] GC(2587) Pause Young (Allocation Failure) 655M->569M(869M) 51.579ms
[763.114s][info][gc,cpu         ] GC(2587) User=0.10s Sys=0.00s Real=0.05s
[763.240s][info][gc,start       ] GC(2588) Pause Young (Allocation Failure)
[763.284s][info][gc,heap        ] GC(2588) PSYoungGen: 135072K(222720K)->18528K(130560K) Eden: 111616K(111616K)->0K(111616K) From: 23456K(111104K)->18528K(18944K)
[763.284s][info][gc,heap        ] GC(2588) ParOldGen: 560058K(667648K)->583570K(667648K)
[763.284s][info][gc,metaspace   ] GC(2588) Metaspace: 19085K(19200K)->19085K(19200K) NonClass: 17256K(17344K)->17256K(17344K) Class: 1829K(1856K)->1829K(1856K)
[763.284s][info][gc             ] GC(2588) Pause Young (Allocation Failure) 678M->587M(779M) 44.024ms
[763.284s][info][gc,cpu         ] GC(2588) User=0.09s Sys=0.00s Real=0.05s
[763.366s][info][gc,start       ] GC(2589) Pause Young (Allocation Failure)
[763.390s][info][gc,heap        ] GC(2589) PSYoungGen: 130144K(130560K)->22784K(221696K) Eden: 111616K(111616K)->0K(117760K) From: 18528K(18944K)->22784K(103936K)
[763.390s][info][gc,heap        ] GC(2589) ParOldGen: 583570K(667648K)->583570K(667648K)
[763.390s][info][gc,metaspace   ] GC(2589) Metaspace: 19085K(19200K)->19085K(19200K) NonClass: 17256K(17344K)->17256K(17344K) Class: 1829K(1856K)->1829K(1856K)
[763.390s][info][gc             ] GC(2589) Pause Young (Allocation Failure) 696M->592M(868M) 23.685ms
[763.390s][info][gc,cpu         ] GC(2589) User=0.04s Sys=0.00s Real=0.02s
[763.501s][info][gc,start       ] GC(2590) Pause Young (Allocation Failure)
[763.528s][info][gc,heap        ] GC(2590) PSYoungGen: 140544K(221696K)->23424K(219648K) Eden: 117760K(117760K)->0K(117760K) From: 22784K(103936K)->23424K(101888K)
[763.528s][info][gc,heap        ] GC(2590) ParOldGen: 583570K(667648K)->583570K(667648K)
[763.528s][info][gc,metaspace   ] GC(2590) Metaspace: 19085K(19200K)->19085K(19200K) NonClass: 17256K(17344K)->17256K(17344K) Class: 1829K(1856K)->1829K(1856K)
[763.528s][info][gc             ] GC(2590) Pause Young (Allocation Failure) 707M->592M(866M) 26.148ms
[763.528s][info][gc,cpu         ] GC(2590) User=0.06s Sys=0.00s Real=0.03s
[763.646s][info][gc,start       ] GC(2591) Pause Young (Allocation Failure)
[763.678s][info][gc,heap        ] GC(2591) PSYoungGen: 141184K(219648K)->27744K(210432K) Eden: 117760K(117760K)->0K(125952K) From: 23424K(101888K)->27744K(84480K)
[763.678s][info][gc,heap        ] GC(2591) ParOldGen: 583570K(667648K)->583570K(667648K)
[763.678s][info][gc,metaspace   ] GC(2591) Metaspace: 19085K(19200K)->19085K(19200K) NonClass: 17256K(17344K)->17256K(17344K) Class: 1829K(1856K)->1829K(1856K)
[763.678s][info][gc             ] GC(2591) Pause Young (Allocation Failure) 707M->596M(857M) 31.769ms
[763.678s][info][gc,cpu         ] GC(2591) User=0.06s Sys=0.00s Real=0.03s
[763.830s][info][gc,start       ] GC(2592) Pause Young (Allocation Failure)
[763.861s][info][gc,heap        ] GC(2592) PSYoungGen: 153696K(210432K)->29152K(216576K) Eden: 125952K(125952K)->0K(125952K) From: 27744K(84480K)->29152K(90624K)
[763.862s][info][gc,heap        ] GC(2592) ParOldGen: 583570K(667648K)->583570K(667648K)
[763.862s][info][gc,metaspace   ] GC(2592) Metaspace: 19085K(19200K)->19085K(19200K) NonClass: 17256K(17344K)->17256K(17344K) Class: 1829K(1856K)->1829K(1856K)
[763.862s][info][gc             ] GC(2592) Pause Young (Allocation Failure) 719M->598M(863M) 31.334ms
[763.862s][info][gc,cpu         ] GC(2592) User=0.06s Sys=0.00s Real=0.03s
[764.057s][info][gc,start       ] GC(2593) Pause Young (Allocation Failure)
[764.111s][info][gc,heap        ] GC(2593) PSYoungGen: 155104K(216576K)->47728K(218624K) Eden: 125952K(125952K)->0K(133632K) From: 29152K(90624K)->47728K(84992K)
[764.111s][info][gc,heap        ] GC(2593) ParOldGen: 583570K(667648K)->583570K(667648K)
[764.111s][info][gc,metaspace   ] GC(2593) Metaspace: 19085K(19200K)->19085K(19200K) NonClass: 17256K(17344K)->17256K(17344K) Class: 1829K(1856K)->1829K(1856K)
[764.111s][info][gc             ] GC(2593) Pause Young (Allocation Failure) 721M->616M(865M) 53.544ms
[764.111s][info][gc,cpu         ] GC(2593) User=0.11s Sys=0.00s Real=0.05s
[764.272s][info][gc,start       ] GC(2594) Pause Young (Allocation Failure)
[764.339s][info][gc,heap        ] GC(2594) PSYoungGen: 181360K(218624K)->73026K(219648K) Eden: 133632K(133632K)->0K(133632K) From: 47728K(84992K)->73026K(86016K)
[764.339s][info][gc,heap        ] GC(2594) ParOldGen: 583570K(667648K)->583570K(667648K)
[764.339s][info][gc,metaspace   ] GC(2594) Metaspace: 19085K(19200K)->19085K(19200K) NonClass: 17256K(17344K)->17256K(17344K) Class: 1829K(1856K)->1829K(1856K)
[764.339s][info][gc             ] GC(2594) Pause Young (Allocation Failure) 747M->641M(866M) 67.671ms
[764.339s][info][gc,cpu         ] GC(2594) User=0.13s Sys=0.00s Real=0.07s
[764.415s][info][gc,start       ] GC(2595) Pause Young (Allocation Failure)
[764.531s][info][gc,heap        ] GC(2595) PSYoungGen: 206658K(219648K)->95730K(207360K) Eden: 133632K(133632K)->0K(111616K) From: 73026K(86016K)->95730K(95744K)
[764.531s][info][gc,heap        ] GC(2595) ParOldGen: 583570K(667648K)->614930K(667648K)
[764.531s][info][gc,metaspace   ] GC(2595) Metaspace: 19085K(19200K)->19085K(19200K) NonClass: 17256K(17344K)->17256K(17344K) Class: 1829K(1856K)->1829K(1856K)
[764.531s][info][gc             ] GC(2595) Pause Young (Allocation Failure) 771M->694M(854M) 116.044ms
[764.531s][info][gc,cpu         ] GC(2595) User=0.21s Sys=0.02s Real=0.11s
[764.747s][info][gc,start       ] GC(2596) Pause Young (Allocation Failure)
[764.850s][info][gc,heap        ] GC(2596) PSYoungGen: 207346K(207360K)->87058K(222720K) Eden: 111616K(111616K)->0K(111616K) From: 95730K(95744K)->87058K(111104K)
[764.850s][info][gc,heap        ] GC(2596) ParOldGen: 614930K(667648K)->637746K(667648K)
[764.850s][info][gc,metaspace   ] GC(2596) Metaspace: 19085K(19200K)->19085K(19200K) NonClass: 17256K(17344K)->17256K(17344K) Class: 1829K(1856K)->1829K(1856K)
[764.850s][info][gc             ] GC(2596) Pause Young (Allocation Failure) 803M->707M(869M) 102.985ms
[764.850s][info][gc,cpu         ] GC(2596) User=0.20s Sys=0.00s Real=0.10s
[765.009s][info][gc,start       ] GC(2597) Pause Full (Allocation Failure)
[765.009s][info][gc,phases,start] GC(2597) Marking Phase
[765.346s][info][gc,phases      ] GC(2597) Marking Phase 336.781ms
[765.346s][info][gc,phases,start] GC(2597) Summary Phase
[765.346s][info][gc,phases      ] GC(2597) Summary Phase 0.031ms
[765.346s][info][gc,phases,start] GC(2597) Forward
[765.453s][info][gc,phases      ] GC(2597) Forward 106.786ms
[765.453s][info][gc,phases,start] GC(2597) Adjust Pointers
[765.712s][info][gc,phases      ] GC(2597) Adjust Pointers 258.720ms
[765.712s][info][gc,phases,start] GC(2597) Compaction Phase
[765.860s][info][gc,phases      ] GC(2597) Compaction Phase 148.195ms
[765.873s][info][gc,phases,start] GC(2597) Post Compact
[765.875s][info][gc,phases      ] GC(2597) Post Compact 2.467ms
[765.875s][info][gc,heap        ] GC(2597) PSYoungGen: 198674K(222720K)->0K(222720K) Eden: 111616K(111616K)->0K(111616K) From: 87058K(111104K)->0K(111104K)
[765.875s][info][gc,heap        ] GC(2597) ParOldGen: 637746K(667648K)->510024K(667648K)
[765.875s][info][gc,metaspace   ] GC(2597) Metaspace: 19085K(19200K)->19085K(19200K) NonClass: 17256K(17344K)->17256K(17344K) Class: 1829K(1856K)->1829K(1856K)
[765.875s][info][gc             ] GC(2597) Pause Full (Allocation Failure) 816M->498M(869M) 866.079ms
[765.875s][info][gc,cpu         ] GC(2597) User=1.63s Sys=0.00s Real=0.87s
[765.999s][info][gc,start       ] GC(2598) Pause Young (Allocation Failure)
[766.026s][info][gc,heap        ] GC(2598) PSYoungGen: 111616K(222720K)->24800K(222720K) Eden: 111616K(111616K)->0K(111616K) From: 0K(111104K)->24800K(111104K)
[766.026s][info][gc,heap        ] GC(2598) ParOldGen: 510024K(667648K)->510024K(667648K)
[766.026s][info][gc,metaspace   ] GC(2598) Metaspace: 19085K(19200K)->19085K(19200K) NonClass: 17256K(17344K)->17256K(17344K) Class: 1829K(1856K)->1829K(1856K)
[766.026s][info][gc             ] GC(2598) Pause Young (Allocation Failure) 607M->522M(869M) 26.840ms
[766.026s][info][gc,cpu         ] GC(2598) User=0.05s Sys=0.00s Real=0.03s
[766.162s][info][gc,start       ] GC(2599) Pause Young (Allocation Failure)
[766.202s][info][gc,heap        ] GC(2599) PSYoungGen: 136416K(222720K)->41408K(222720K) Eden: 111616K(111616K)->0K(111616K) From: 24800K(111104K)->41408K(111104K)
[766.202s][info][gc,heap        ] GC(2599) ParOldGen: 510024K(667648K)->510024K(667648K)
[766.202s][info][gc,metaspace   ] GC(2599) Metaspace: 19085K(19200K)->19085K(19200K) NonClass: 17256K(17344K)->17256K(17344K) Class: 1829K(1856K)->1829K(1856K)
[766.202s][info][gc             ] GC(2599) Pause Young (Allocation Failure) 631M->538M(869M) 39.903ms
[766.202s][info][gc,cpu         ] GC(2599) User=0.08s Sys=0.00s Real=0.04s
[766.271s][info][gc,start       ] GC(2600) Pause Young (Allocation Failure)
[766.313s][info][gc,heap        ] GC(2600) PSYoungGen: 153024K(222720K)->44960K(222720K) Eden: 111616K(111616K)->0K(111616K) From: 41408K(111104K)->44960K(111104K)
[766.313s][info][gc,heap        ] GC(2600) ParOldGen: 510024K(667648K)->510024K(667648K)
[766.313s][info][gc,metaspace   ] GC(2600) Metaspace: 19085K(19200K)->19085K(19200K) NonClass: 17256K(17344K)->17256K(17344K) Class: 1829K(1856K)->1829K(1856K)
[766.313s][info][gc             ] GC(2600) Pause Young (Allocation Failure) 647M->541M(869M) 42.572ms
[766.313s][info][gc,cpu         ] GC(2600) User=0.09s Sys=0.00s Real=0.05s
[766.421s][info][gc,start       ] GC(2601) Pause Young (Allocation Failure)
[766.466s][info][gc,heap        ] GC(2601) PSYoungGen: 156576K(222720K)->20800K(221696K) Eden: 111616K(111616K)->0K(111616K) From: 44960K(111104K)->20800K(110080K)
[766.466s][info][gc,heap        ] GC(2601) ParOldGen: 510024K(667648K)->534864K(667648K)
[766.466s][info][gc,metaspace   ] GC(2601) Metaspace: 19085K(19200K)->19085K(19200K) NonClass: 17256K(17344K)->17256K(17344K) Class: 1829K(1856K)->1829K(1856K)
[766.466s][info][gc             ] GC(2601) Pause Young (Allocation Failure) 650M->542M(868M) 44.748ms
[766.466s][info][gc,cpu         ] GC(2601) User=0.09s Sys=0.00s Real=0.05s
[766.577s][info][gc,start       ] GC(2602) Pause Young (Allocation Failure)
[766.606s][info][gc,heap        ] GC(2602) PSYoungGen: 132416K(221696K)->25088K(136704K) Eden: 111616K(111616K)->0K(111616K) From: 20800K(110080K)->25088K(25088K)
[766.606s][info][gc,heap        ] GC(2602) ParOldGen: 534864K(667648K)->534864K(667648K)
[766.606s][info][gc,metaspace   ] GC(2602) Metaspace: 19085K(19200K)->19085K(19200K) NonClass: 17256K(17344K)->17256K(17344K) Class: 1829K(1856K)->1829K(1856K)
[766.606s][info][gc             ] GC(2602) Pause Young (Allocation Failure) 651M->546M(785M) 28.867ms
[766.606s][info][gc,cpu         ] GC(2602) User=0.06s Sys=0.00s Real=0.03s
[766.737s][info][gc,start       ] GC(2603) Pause Young (Allocation Failure)
[766.763s][info][gc,heap        ] GC(2603) PSYoungGen: 136704K(136704K)->26208K(223744K) Eden: 111616K(111616K)->0K(116736K) From: 25088K(25088K)->26208K(107008K)
[766.763s][info][gc,heap        ] GC(2603) ParOldGen: 534864K(667648K)->534864K(667648K)
[766.763s][info][gc,metaspace   ] GC(2603) Metaspace: 19085K(19200K)->19085K(19200K) NonClass: 17256K(17344K)->17256K(17344K) Class: 1829K(1856K)->1829K(1856K)
[766.763s][info][gc             ] GC(2603) Pause Young (Allocation Failure) 655M->547M(870M) 26.593ms
[766.764s][info][gc,cpu         ] GC(2603) User=0.05s Sys=0.00s Real=0.03s
[766.943s][info][gc,start       ] GC(2604) Pause Young (Allocation Failure)
[766.984s][info][gc,heap        ] GC(2604) PSYoungGen: 142944K(223744K)->42000K(220160K) Eden: 116736K(116736K)->0K(116736K) From: 26208K(107008K)->42000K(103424K)
[766.984s][info][gc,heap        ] GC(2604) ParOldGen: 534864K(667648K)->534864K(667648K)
[766.984s][info][gc,metaspace   ] GC(2604) Metaspace: 19085K(19200K)->19085K(19200K) NonClass: 17256K(17344K)->17256K(17344K) Class: 1829K(1856K)->1829K(1856K)
[766.984s][info][gc             ] GC(2604) Pause Young (Allocation Failure) 661M->563M(867M) 41.234ms
[766.984s][info][gc,cpu         ] GC(2604) User=0.08s Sys=0.00s Real=0.04s
[767.161s][info][gc,start       ] GC(2605) Pause Young (Allocation Failure)
[767.215s][info][gc,heap        ] GC(2605) PSYoungGen: 158736K(220160K)->53696K(222208K) Eden: 116736K(116736K)->0K(124416K) From: 42000K(103424K)->53696K(97792K)
[767.215s][info][gc,heap        ] GC(2605) ParOldGen: 534864K(667648K)->534864K(667648K)
[767.215s][info][gc,metaspace   ] GC(2605) Metaspace: 19085K(19200K)->19085K(19200K) NonClass: 17256K(17344K)->17256K(17344K) Class: 1829K(1856K)->1829K(1856K)
[767.215s][info][gc             ] GC(2605) Pause Young (Allocation Failure) 677M->574M(869M) 53.244ms
[767.215s][info][gc,cpu         ] GC(2605) User=0.10s Sys=0.00s Real=0.06s
[767.563s][info][gc,start       ] GC(2606) Pause Young (Allocation Failure)
[767.614s][info][gc,heap        ] GC(2606) PSYoungGen: 178112K(222208K)->53952K(221184K) Eden: 124416K(124416K)->0K(124416K) From: 53696K(97792K)->53952K(96768K)
[767.614s][info][gc,heap        ] GC(2606) ParOldGen: 534864K(667648K)->534864K(667648K)
[767.614s][info][gc,metaspace   ] GC(2606) Metaspace: 19085K(19200K)->19085K(19200K) NonClass: 17256K(17344K)->17256K(17344K) Class: 1829K(1856K)->1829K(1856K)
[767.615s][info][gc             ] GC(2606) Pause Young (Allocation Failure) 696M->575M(868M) 51.402ms
[767.615s][info][gc,cpu         ] GC(2606) User=0.10s Sys=0.00s Real=0.05s
[767.901s][info][gc,start       ] GC(2607) Pause Young (Allocation Failure)
[767.954s][info][gc,heap        ] GC(2607) PSYoungGen: 178368K(221184K)->54000K(226304K) Eden: 124416K(124416K)->0K(133120K) From: 53952K(96768K)->54000K(93184K)
[767.954s][info][gc,heap        ] GC(2607) ParOldGen: 534864K(667648K)->534864K(667648K)
[767.954s][info][gc,metaspace   ] GC(2607) Metaspace: 19085K(19200K)->19085K(19200K) NonClass: 17256K(17344K)->17256K(17344K) Class: 1829K(1856K)->1829K(1856K)
[767.954s][info][gc             ] GC(2607) Pause Young (Allocation Failure) 696M->575M(873M) 52.907ms
[767.954s][info][gc,cpu         ] GC(2607) User=0.11s Sys=0.00s Real=0.06s
[768.235s][info][gc,start       ] GC(2608) Pause Young (Allocation Failure)
[768.296s][info][gc,heap        ] GC(2608) PSYoungGen: 187120K(226304K)->53744K(227840K) Eden: 133120K(133120K)->0K(133120K) From: 54000K(93184K)->53744K(94720K)
[768.296s][info][gc,heap        ] GC(2608) ParOldGen: 534864K(667648K)->534864K(667648K)
[768.296s][info][gc,metaspace   ] GC(2608) Metaspace: 19085K(19200K)->19085K(19200K) NonClass: 17256K(17344K)->17256K(17344K) Class: 1829K(1856K)->1829K(1856K)
[768.296s][info][gc             ] GC(2608) Pause Young (Allocation Failure) 705M->574M(874M) 61.193ms
[768.296s][info][gc,cpu         ] GC(2608) User=0.13s Sys=0.00s Real=0.06s
[768.560s][info][gc,start       ] GC(2609) Pause Young (Allocation Failure)
[768.612s][info][gc,heap        ] GC(2609) PSYoungGen: 186864K(227840K)->54208K(232448K) Eden: 133120K(133120K)->0K(142336K) From: 53744K(94720K)->54208K(90112K)
[768.612s][info][gc,heap        ] GC(2609) ParOldGen: 534864K(667648K)->534864K(667648K)
[768.612s][info][gc,metaspace   ] GC(2609) Metaspace: 19085K(19200K)->19085K(19200K) NonClass: 17256K(17344K)->17256K(17344K) Class: 1829K(1856K)->1829K(1856K)
[768.612s][info][gc             ] GC(2609) Pause Young (Allocation Failure) 704M->575M(879M) 51.897ms
[768.612s][info][gc,cpu         ] GC(2609) User=0.10s Sys=0.00s Real=0.06s
[768.730s][info][gc,start       ] GC(2610) Pause Young (Allocation Failure)
[768.818s][info][gc,heap        ] GC(2610) PSYoungGen: 196544K(232448K)->91632K(233984K) Eden: 142336K(142336K)->0K(142336K) From: 54208K(90112K)->91632K(91648K)
[768.818s][info][gc,heap        ] GC(2610) ParOldGen: 534864K(667648K)->545408K(667648K)
[768.818s][info][gc,metaspace   ] GC(2610) Metaspace: 19085K(19200K)->19085K(19200K) NonClass: 17256K(17344K)->17256K(17344K) Class: 1829K(1856K)->1829K(1856K)
[768.819s][info][gc             ] GC(2610) Pause Young (Allocation Failure) 714M->622M(880M) 88.913ms
[768.819s][info][gc,cpu         ] GC(2610) User=0.18s Sys=0.00s Real=0.09s
[769.024s][info][gc,start       ] GC(2611) Pause Young (Allocation Failure)
[769.128s][info][gc,heap        ] GC(2611) PSYoungGen: 233968K(233984K)->99808K(211456K) Eden: 142336K(142336K)->0K(111616K) From: 91632K(91648K)->99808K(99840K)
[769.129s][info][gc,heap        ] GC(2611) ParOldGen: 545408K(667648K)->567704K(667648K)
[769.129s][info][gc,metaspace   ] GC(2611) Metaspace: 19085K(19200K)->19085K(19200K) NonClass: 17256K(17344K)->17256K(17344K) Class: 1829K(1856K)->1829K(1856K)
[769.129s][info][gc             ] GC(2611) Pause Young (Allocation Failure) 761M->651M(858M) 104.361ms
[769.129s][info][gc,cpu         ] GC(2611) User=0.20s Sys=0.01s Real=0.10s
[769.260s][info][gc,start       ] GC(2612) Pause Young (Allocation Failure)
[769.338s][info][gc,heap        ] GC(2612) PSYoungGen: 211424K(211456K)->97248K(222720K) Eden: 111616K(111616K)->0K(111616K) From: 99808K(99840K)->97248K(111104K)
[769.338s][info][gc,heap        ] GC(2612) ParOldGen: 567704K(667648K)->572616K(667648K)
[769.338s][info][gc,metaspace   ] GC(2612) Metaspace: 19085K(19200K)->19085K(19200K) NonClass: 17256K(17344K)->17256K(17344K) Class: 1829K(1856K)->1829K(1856K)
[769.338s][info][gc             ] GC(2612) Pause Young (Allocation Failure) 760M->654M(869M) 78.558ms
[769.338s][info][gc,cpu         ] GC(2612) User=0.15s Sys=0.00s Real=0.08s
[769.480s][info][gc,start       ] GC(2613) Pause Young (Allocation Failure)
[769.601s][info][gc,heap        ] GC(2613) PSYoungGen: 208864K(222720K)->111072K(222720K) Eden: 111616K(111616K)->0K(111616K) From: 97248K(111104K)->111072K(111104K)
[769.601s][info][gc,heap        ] GC(2613) ParOldGen: 572616K(667648K)->594112K(667648K)
[769.601s][info][gc,metaspace   ] GC(2613) Metaspace: 19085K(19200K)->19085K(19200K) NonClass: 17256K(17344K)->17256K(17344K) Class: 1829K(1856K)->1829K(1856K)
[769.601s][info][gc             ] GC(2613) Pause Young (Allocation Failure) 763M->688M(869M) 120.460ms
[769.601s][info][gc,cpu         ] GC(2613) User=0.24s Sys=0.00s Real=0.12s
[769.726s][info][gc,start       ] GC(2614) Pause Young (Allocation Failure)
[769.855s][info][gc,heap        ] GC(2614) PSYoungGen: 222688K(222720K)->111088K(222720K) Eden: 111616K(111616K)->0K(111616K) From: 111072K(111104K)->111088K(111104K)
[769.855s][info][gc,heap        ] GC(2614) ParOldGen: 594112K(667648K)->616216K(667648K)
[769.855s][info][gc,metaspace   ] GC(2614) Metaspace: 19085K(19200K)->19085K(19200K) NonClass: 17256K(17344K)->17256K(17344K) Class: 1829K(1856K)->1829K(1856K)
[769.855s][info][gc             ] GC(2614) Pause Young (Allocation Failure) 797M->710M(869M) 128.778ms
[769.855s][info][gc,cpu         ] GC(2614) User=0.25s Sys=0.00s Real=0.13s
[769.970s][info][gc,start       ] GC(2615) Pause Young (Allocation Failure)
[770.081s][info][gc,heap        ] GC(2615) PSYoungGen: 222704K(222720K)->111088K(222720K) Eden: 111616K(111616K)->0K(111616K) From: 111088K(111104K)->111088K(111104K)
[770.081s][info][gc,heap        ] GC(2615) ParOldGen: 616216K(667648K)->620441K(667648K)
[770.081s][info][gc,metaspace   ] GC(2615) Metaspace: 19085K(19200K)->19085K(19200K) NonClass: 17256K(17344K)->17256K(17344K) Class: 1829K(1856K)->1829K(1856K)
[770.081s][info][gc             ] GC(2615) Pause Young (Allocation Failure) 819M->714M(869M) 110.846ms
[770.081s][info][gc,cpu         ] GC(2615) User=0.22s Sys=0.00s Real=0.11s
[770.175s][info][gc,start       ] GC(2616) Pause Young (Allocation Failure)
[770.291s][info][gc,heap        ] GC(2616) PSYoungGen: 222704K(222720K)->76464K(222720K) Eden: 111616K(111616K)->0K(111616K) From: 111088K(111104K)->76464K(111104K)
[770.291s][info][gc,heap        ] GC(2616) ParOldGen: 620441K(667648K)->656217K(667648K)
[770.291s][info][gc,metaspace   ] GC(2616) Metaspace: 19085K(19200K)->19085K(19200K) NonClass: 17256K(17344K)->17256K(17344K) Class: 1829K(1856K)->1829K(1856K)
[770.291s][info][gc             ] GC(2616) Pause Young (Allocation Failure) 823M->715M(869M) 116.270ms
[770.291s][info][gc,cpu         ] GC(2616) User=0.22s Sys=0.01s Real=0.11s
[770.395s][info][gc,start       ] GC(2617) Pause Full (Allocation Failure)
[770.395s][info][gc,phases,start] GC(2617) Marking Phase
[770.884s][info][gc,phases      ] GC(2617) Marking Phase 489.126ms
[770.884s][info][gc,phases,start] GC(2617) Summary Phase
[770.884s][info][gc,phases      ] GC(2617) Summary Phase 0.030ms
[770.884s][info][gc,phases,start] GC(2617) Forward
[771.017s][info][gc,phases      ] GC(2617) Forward 133.402ms
[771.018s][info][gc,phases,start] GC(2617) Adjust Pointers
[771.394s][info][gc,phases      ] GC(2617) Adjust Pointers 376.565ms
[771.394s][info][gc,phases,start] GC(2617) Compaction Phase
[771.628s][info][gc,phases      ] GC(2617) Compaction Phase 233.776ms
[771.642s][info][gc,phases,start] GC(2617) Post Compact
[771.645s][info][gc,phases      ] GC(2617) Post Compact 2.491ms
[771.645s][info][gc,heap        ] GC(2617) PSYoungGen: 188080K(222720K)->9837K(222720K) Eden: 111616K(111616K)->0K(111616K) From: 76464K(111104K)->9837K(111104K)
[771.645s][info][gc,heap        ] GC(2617) ParOldGen: 656217K(667648K)->667291K(667648K)
[771.645s][info][gc,metaspace   ] GC(2617) Metaspace: 19085K(19200K)->19085K(19200K) NonClass: 17256K(17344K)->17256K(17344K) Class: 1829K(1856K)->1829K(1856K)
[771.645s][info][gc             ] GC(2617) Pause Full (Allocation Failure) 824M->661M(869M) 1249.993ms
[771.645s][info][gc,cpu         ] GC(2617) User=2.43s Sys=0.01s Real=1.25s
[771.767s][info][gc,start       ] GC(2618) Pause Full (Allocation Failure)
[771.767s][info][gc,phases,start] GC(2618) Marking Phase
[772.151s][info][gc,phases      ] GC(2618) Marking Phase 383.532ms
[772.151s][info][gc,phases,start] GC(2618) Summary Phase
[772.151s][info][gc,phases      ] GC(2618) Summary Phase 0.029ms
[772.151s][info][gc,phases,start] GC(2618) Forward
[772.262s][info][gc,phases      ] GC(2618) Forward 111.382ms
[772.262s][info][gc,phases,start] GC(2618) Adjust Pointers
[772.561s][info][gc,phases      ] GC(2618) Adjust Pointers 298.503ms
[772.561s][info][gc,phases,start] GC(2618) Compaction Phase
[772.702s][info][gc,phases      ] GC(2618) Compaction Phase 141.465ms
[772.712s][info][gc,phases,start] GC(2618) Post Compact
[772.714s][info][gc,phases      ] GC(2618) Post Compact 2.351ms
[772.714s][info][gc,heap        ] GC(2618) PSYoungGen: 121453K(222720K)->0K(222720K) Eden: 111616K(111616K)->0K(111616K) From: 9837K(111104K)->0K(111104K)
[772.714s][info][gc,heap        ] GC(2618) ParOldGen: 667291K(667648K)->549115K(667648K)
[772.714s][info][gc,metaspace   ] GC(2618) Metaspace: 19085K(19200K)->19085K(19200K) NonClass: 17256K(17344K)->17256K(17344K) Class: 1829K(1856K)->1829K(1856K)
[772.714s][info][gc             ] GC(2618) Pause Full (Allocation Failure) 770M->536M(869M) 947.296ms
[772.714s][info][gc,cpu         ] GC(2618) User=1.81s Sys=0.00s Real=0.95s
[772.878s][info][gc,start       ] GC(2619) Pause Young (Allocation Failure)
[772.899s][info][gc,heap        ] GC(2619) PSYoungGen: 111616K(222720K)->10080K(222720K) Eden: 111616K(111616K)->0K(111616K) From: 0K(111104K)->10080K(111104K)
[772.899s][info][gc,heap        ] GC(2619) ParOldGen: 549115K(667648K)->549115K(667648K)
[772.899s][info][gc,metaspace   ] GC(2619) Metaspace: 19085K(19200K)->19085K(19200K) NonClass: 17256K(17344K)->17256K(17344K) Class: 1829K(1856K)->1829K(1856K)
[772.899s][info][gc             ] GC(2619) Pause Young (Allocation Failure) 645M->546M(869M) 20.456ms
[772.899s][info][gc,cpu         ] GC(2619) User=0.04s Sys=0.00s Real=0.02s
[773.036s][info][gc,start       ] GC(2620) Pause Young (Allocation Failure)
[773.065s][info][gc,heap        ] GC(2620) PSYoungGen: 121696K(222720K)->26736K(222720K) Eden: 111616K(111616K)->0K(111616K) From: 10080K(111104K)->26736K(111104K)
[773.065s][info][gc,heap        ] GC(2620) ParOldGen: 549115K(667648K)->549115K(667648K)
[773.065s][info][gc,metaspace   ] GC(2620) Metaspace: 19085K(19200K)->19085K(19200K) NonClass: 17256K(17344K)->17256K(17344K) Class: 1829K(1856K)->1829K(1856K)
[773.065s][info][gc             ] GC(2620) Pause Young (Allocation Failure) 655M->562M(869M) 29.041ms
[773.065s][info][gc,cpu         ] GC(2620) User=0.05s Sys=0.00s Real=0.03s
[773.255s][info][gc,start       ] GC(2621) Pause Young (Allocation Failure)
[773.303s][info][gc,heap        ] GC(2621) PSYoungGen: 138352K(222720K)->38619K(222720K) Eden: 111616K(111616K)->0K(111616K) From: 26736K(111104K)->38619K(111104K)
[773.303s][info][gc,heap        ] GC(2621) ParOldGen: 549115K(667648K)->549115K(667648K)
[773.303s][info][gc,metaspace   ] GC(2621) Metaspace: 19085K(19200K)->19085K(19200K) NonClass: 17256K(17344K)->17256K(17344K) Class: 1829K(1856K)->1829K(1856K)
[773.303s][info][gc             ] GC(2621) Pause Young (Allocation Failure) 671M->573M(869M) 48.057ms
[773.303s][info][gc,cpu         ] GC(2621) User=0.08s Sys=0.00s Real=0.05s
[773.472s][info][gc,start       ] GC(2622) Pause Young (Allocation Failure)
[773.513s][info][gc,heap        ] GC(2622) PSYoungGen: 150235K(222720K)->12795K(222720K) Eden: 111616K(111616K)->0K(111616K) From: 38619K(111104K)->12795K(111104K)
[773.513s][info][gc,heap        ] GC(2622) ParOldGen: 549115K(667648K)->575899K(667648K)
[773.513s][info][gc,metaspace   ] GC(2622) Metaspace: 19086K(19200K)->19086K(19200K) NonClass: 17256K(17344K)->17256K(17344K) Class: 1829K(1856K)->1829K(1856K)
[773.513s][info][gc             ] GC(2622) Pause Young (Allocation Failure) 682M->574M(869M) 40.802ms
[773.513s][info][gc,cpu         ] GC(2622) User=0.08s Sys=0.00s Real=0.04s
[773.633s][info][gc,start       ] GC(2623) Pause Young (Allocation Failure)
[773.661s][info][gc,heap        ] GC(2623) PSYoungGen: 124411K(222720K)->25408K(222720K) Eden: 111616K(111616K)->0K(111616K) From: 12795K(111104K)->25408K(111104K)
[773.661s][info][gc,heap        ] GC(2623) ParOldGen: 575899K(667648K)->582943K(667648K)
[773.661s][info][gc,metaspace   ] GC(2623) Metaspace: 19086K(19200K)->19086K(19200K) NonClass: 17256K(17344K)->17256K(17344K) Class: 1829K(1856K)->1829K(1856K)
[773.661s][info][gc             ] GC(2623) Pause Young (Allocation Failure) 683M->594M(869M) 27.839ms
[773.661s][info][gc,cpu         ] GC(2623) User=0.05s Sys=0.00s Real=0.02s
[773.783s][info][gc,start       ] GC(2624) Pause Young (Allocation Failure)
[773.812s][info][gc,heap        ] GC(2624) PSYoungGen: 137024K(222720K)->10592K(222720K) Eden: 111616K(111616K)->0K(111616K) From: 25408K(111104K)->10592K(111104K)
[773.812s][info][gc,heap        ] GC(2624) ParOldGen: 582943K(667648K)->602271K(667648K)
[773.812s][info][gc,metaspace   ] GC(2624) Metaspace: 19086K(19200K)->19086K(19200K) NonClass: 17256K(17344K)->17256K(17344K) Class: 1829K(1856K)->1829K(1856K)
[773.812s][info][gc             ] GC(2624) Pause Young (Allocation Failure) 703M->598M(869M) 28.676ms
[773.812s][info][gc,cpu         ] GC(2624) User=0.06s Sys=0.00s Real=0.03s
[773.932s][info][gc,start       ] GC(2625) Pause Young (Allocation Failure)
[773.953s][info][gc,heap        ] GC(2625) PSYoungGen: 122208K(222720K)->6560K(222720K) Eden: 111616K(111616K)->0K(111616K) From: 10592K(111104K)->6560K(111104K)
[773.953s][info][gc,heap        ] GC(2625) ParOldGen: 602271K(667648K)->612871K(667648K)
[773.953s][info][gc,metaspace   ] GC(2625) Metaspace: 19086K(19200K)->19086K(19200K) NonClass: 17256K(17344K)->17256K(17344K) Class: 1829K(1856K)->1829K(1856K)
[773.953s][info][gc             ] GC(2625) Pause Young (Allocation Failure) 707M->604M(869M) 21.617ms
[773.953s][info][gc,cpu         ] GC(2625) User=0.04s Sys=0.00s Real=0.03s
[774.126s][info][gc,start       ] GC(2626) Pause Young (Allocation Failure)
[774.138s][info][gc,heap        ] GC(2626) PSYoungGen: 118176K(222720K)->3360K(222720K) Eden: 111616K(111616K)->0K(111616K) From: 6560K(111104K)->3360K(111104K)
[774.138s][info][gc,heap        ] GC(2626) ParOldGen: 612871K(667648K)->619439K(667648K)
[774.138s][info][gc,metaspace   ] GC(2626) Metaspace: 19086K(19200K)->19086K(19200K) NonClass: 17256K(17344K)->17256K(17344K) Class: 1829K(1856K)->1829K(1856K)
[774.138s][info][gc             ] GC(2626) Pause Young (Allocation Failure) 713M->608M(869M) 12.282ms
[774.138s][info][gc,cpu         ] GC(2626) User=0.03s Sys=0.00s Real=0.01s
[774.384s][info][gc,start       ] GC(2627) Pause Young (Allocation Failure)
[774.390s][info][gc,heap        ] GC(2627) PSYoungGen: 114976K(222720K)->256K(222720K) Eden: 111616K(111616K)->0K(111616K) From: 3360K(111104K)->256K(111104K)
[774.390s][info][gc,heap        ] GC(2627) ParOldGen: 619439K(667648K)->622775K(667648K)
[774.390s][info][gc,metaspace   ] GC(2627) Metaspace: 19087K(19200K)->19087K(19200K) NonClass: 17257K(17344K)->17257K(17344K) Class: 1829K(1856K)->1829K(1856K)
[774.390s][info][gc             ] GC(2627) Pause Young (Allocation Failure) 717M->608M(869M) 6.097ms
[774.390s][info][gc,cpu         ] GC(2627) User=0.02s Sys=0.00s Real=0.00s
[774.518s][info][gc,start       ] GC(2628) Pause Young (Allocation Failure)
[774.533s][info][gc,heap        ] GC(2628) PSYoungGen: 111872K(222720K)->14224K(222720K) Eden: 111616K(111616K)->0K(111616K) From: 256K(111104K)->14224K(111104K)
[774.533s][info][gc,heap        ] GC(2628) ParOldGen: 622775K(667648K)->622983K(667648K)
[774.533s][info][gc,metaspace   ] GC(2628) Metaspace: 19087K(19200K)->19087K(19200K) NonClass: 17257K(17344K)->17257K(17344K) Class: 1829K(1856K)->1829K(1856K)
[774.533s][info][gc             ] GC(2628) Pause Young (Allocation Failure) 717M->622M(869M) 15.263ms
[774.533s][info][gc,cpu         ] GC(2628) User=0.03s Sys=0.00s Real=0.02s
[774.684s][info][gc,start       ] GC(2629) Pause Young (Allocation Failure)
[774.701s][info][gc,heap        ] GC(2629) PSYoungGen: 125840K(222720K)->3232K(222720K) Eden: 111616K(111616K)->0K(111616K) From: 14224K(111104K)->3232K(111104K)
[774.701s][info][gc,heap        ] GC(2629) ParOldGen: 622983K(667648K)->637271K(667648K)
[774.701s][info][gc,metaspace   ] GC(2629) Metaspace: 19087K(19200K)->19087K(19200K) NonClass: 17257K(17344K)->17257K(17344K) Class: 1829K(1856K)->1829K(1856K)
[774.701s][info][gc             ] GC(2629) Pause Young (Allocation Failure) 731M->625M(869M) 17.100ms
[774.701s][info][gc,cpu         ] GC(2629) User=0.03s Sys=0.00s Real=0.01s
[774.766s][info][gc,start       ] GC(2630) Pause Full (Allocation Failure)
[774.766s][info][gc,phases,start] GC(2630) Marking Phase
[775.081s][info][gc,phases      ] GC(2630) Marking Phase 314.964ms
[775.081s][info][gc,phases,start] GC(2630) Summary Phase
[775.081s][info][gc,phases      ] GC(2630) Summary Phase 0.027ms
[775.081s][info][gc,phases,start] GC(2630) Forward
[775.155s][info][gc,phases      ] GC(2630) Forward 73.932ms
[775.155s][info][gc,phases,start] GC(2630) Adjust Pointers
[775.379s][info][gc,phases      ] GC(2630) Adjust Pointers 223.690ms
[775.379s][info][gc,phases,start] GC(2630) Compaction Phase
[775.505s][info][gc,phases      ] GC(2630) Compaction Phase 126.450ms
[775.511s][info][gc,phases,start] GC(2630) Post Compact
[775.513s][info][gc,phases      ] GC(2630) Post Compact 2.262ms
[775.513s][info][gc,heap        ] GC(2630) PSYoungGen: 114848K(222720K)->0K(222720K) Eden: 111616K(111616K)->0K(111616K) From: 3232K(111104K)->0K(111104K)
[775.513s][info][gc,heap        ] GC(2630) ParOldGen: 637271K(667648K)->460718K(667648K)
[775.513s][info][gc,metaspace   ] GC(2630) Metaspace: 19087K(19200K)->19087K(19200K) NonClass: 17257K(17344K)->17257K(17344K) Class: 1829K(1856K)->1829K(1856K)
[775.513s][info][gc             ] GC(2630) Pause Full (Allocation Failure) 734M->449M(869M) 747.214ms
[775.513s][info][gc,cpu         ] GC(2630) User=1.41s Sys=0.01s Real=0.75s
[775.618s][info][gc,start       ] GC(2631) Pause Young (Allocation Failure)
[775.644s][info][gc,heap        ] GC(2631) PSYoungGen: 111616K(222720K)->35840K(222720K) Eden: 111616K(111616K)->0K(111616K) From: 0K(111104K)->35840K(111104K)
[775.644s][info][gc,heap        ] GC(2631) ParOldGen: 460718K(667648K)->460718K(667648K)
[775.644s][info][gc,metaspace   ] GC(2631) Metaspace: 19087K(19200K)->19087K(19200K) NonClass: 17257K(17344K)->17257K(17344K) Class: 1829K(1856K)->1829K(1856K)
[775.644s][info][gc             ] GC(2631) Pause Young (Allocation Failure) 558M->484M(869M) 26.829ms
[775.644s][info][gc,cpu         ] GC(2631) User=0.05s Sys=0.00s Real=0.03s
[775.780s][info][gc,start       ] GC(2632) Pause Young (Allocation Failure)
[775.811s][info][gc,heap        ] GC(2632) PSYoungGen: 147456K(222720K)->3200K(222720K) Eden: 111616K(111616K)->0K(111616K) From: 35840K(111104K)->3200K(111104K)
[775.811s][info][gc,heap        ] GC(2632) ParOldGen: 460718K(667648K)->497022K(667648K)
[775.811s][info][gc,metaspace   ] GC(2632) Metaspace: 19087K(19200K)->19087K(19200K) NonClass: 17257K(17344K)->17257K(17344K) Class: 1829K(1856K)->1829K(1856K)
[775.811s][info][gc             ] GC(2632) Pause Young (Allocation Failure) 593M->488M(869M) 30.300ms
[775.811s][info][gc,cpu         ] GC(2632) User=0.06s Sys=0.00s Real=0.03s
[775.985s][info][gc,start       ] GC(2633) Pause Young (Allocation Failure)
[776.029s][info][gc,heap        ] GC(2633) PSYoungGen: 114816K(222720K)->24672K(222720K) Eden: 111616K(111616K)->0K(111616K) From: 3200K(111104K)->24672K(111104K)
[776.029s][info][gc,heap        ] GC(2633) ParOldGen: 497022K(667648K)->500206K(667648K)
[776.029s][info][gc,metaspace   ] GC(2633) Metaspace: 19087K(19200K)->19087K(19200K) NonClass: 17257K(17344K)->17257K(17344K) Class: 1829K(1856K)->1829K(1856K)
[776.029s][info][gc             ] GC(2633) Pause Young (Allocation Failure) 597M->512M(869M) 44.197ms
[776.029s][info][gc,cpu         ] GC(2633) User=0.09s Sys=0.00s Real=0.04s
[776.148s][info][gc,start       ] GC(2634) Pause Young (Allocation Failure)
[776.204s][info][gc,heap        ] GC(2634) PSYoungGen: 136288K(222720K)->21216K(213504K) Eden: 111616K(111616K)->0K(111616K) From: 24672K(111104K)->21216K(101888K)
[776.204s][info][gc,heap        ] GC(2634) ParOldGen: 500206K(667648K)->524942K(667648K)
[776.204s][info][gc,metaspace   ] GC(2634) Metaspace: 19087K(19200K)->19087K(19200K) NonClass: 17257K(17344K)->17257K(17344K) Class: 1829K(1856K)->1829K(1856K)
[776.204s][info][gc             ] GC(2634) Pause Young (Allocation Failure) 621M->533M(860M) 56.103ms
[776.204s][info][gc,cpu         ] GC(2634) User=0.11s Sys=0.00s Real=0.06s
[776.335s][info][gc,start       ] GC(2635) Pause Young (Allocation Failure)
[776.371s][info][gc,heap        ] GC(2635) PSYoungGen: 132832K(213504K)->36672K(218112K) Eden: 111616K(111616K)->0K(111616K) From: 21216K(101888K)->36672K(106496K)
[776.371s][info][gc,heap        ] GC(2635) ParOldGen: 524942K(667648K)->524942K(667648K)
[776.371s][info][gc,metaspace   ] GC(2635) Metaspace: 19087K(19200K)->19087K(19200K) NonClass: 17257K(17344K)->17257K(17344K) Class: 1829K(1856K)->1829K(1856K)
[776.371s][info][gc             ] GC(2635) Pause Young (Allocation Failure) 642M->548M(865M) 35.808ms
[776.371s][info][gc,cpu         ] GC(2635) User=0.07s Sys=0.00s Real=0.03s
[776.445s][info][gc,start       ] GC(2636) Pause Young (Allocation Failure)
[776.481s][info][gc,heap        ] GC(2636) PSYoungGen: 148288K(218112K)->36864K(214016K) Eden: 111616K(111616K)->0K(119808K) From: 36672K(106496K)->36864K(94208K)
[776.481s][info][gc,heap        ] GC(2636) ParOldGen: 524942K(667648K)->524942K(667648K)
[776.481s][info][gc,metaspace   ] GC(2636) Metaspace: 19087K(19200K)->19087K(19200K) NonClass: 17257K(17344K)->17257K(17344K) Class: 1829K(1856K)->1829K(1856K)
[776.481s][info][gc             ] GC(2636) Pause Young (Allocation Failure) 657M->548M(861M) 35.745ms
[776.481s][info][gc,cpu         ] GC(2636) User=0.07s Sys=0.00s Real=0.03s
[776.608s][info][gc,start       ] GC(2637) Pause Young (Allocation Failure)
[776.645s][info][gc,heap        ] GC(2637) PSYoungGen: 156672K(214016K)->37568K(217088K) Eden: 119808K(119808K)->0K(119808K) From: 36864K(94208K)->37568K(97280K)
[776.645s][info][gc,heap        ] GC(2637) ParOldGen: 524942K(667648K)->524942K(667648K)
[776.645s][info][gc,metaspace   ] GC(2637) Metaspace: 19087K(19200K)->19087K(19200K) NonClass: 17257K(17344K)->17257K(17344K) Class: 1829K(1856K)->1829K(1856K)
[776.645s][info][gc             ] GC(2637) Pause Young (Allocation Failure) 665M->549M(864M) 36.639ms
[776.645s][info][gc,cpu         ] GC(2637) User=0.08s Sys=0.00s Real=0.04s
[776.765s][info][gc,start       ] GC(2638) Pause Young (Allocation Failure)
[776.805s][info][gc,heap        ] GC(2638) PSYoungGen: 157376K(217088K)->41824K(217600K) Eden: 119808K(119808K)->0K(128512K) From: 37568K(97280K)->41824K(89088K)
[776.805s][info][gc,heap        ] GC(2638) ParOldGen: 524942K(667648K)->524942K(667648K)
[776.805s][info][gc,metaspace   ] GC(2638) Metaspace: 19087K(19200K)->19087K(19200K) NonClass: 17257K(17344K)->17257K(17344K) Class: 1829K(1856K)->1829K(1856K)
[776.805s][info][gc             ] GC(2638) Pause Young (Allocation Failure) 666M->553M(864M) 40.579ms
[776.805s][info][gc,cpu         ] GC(2638) User=0.08s Sys=0.00s Real=0.04s
[776.971s][info][gc,start       ] GC(2639) Pause Young (Allocation Failure)
[777.021s][info][gc,heap        ] GC(2639) PSYoungGen: 170336K(217600K)->51680K(219648K) Eden: 128512K(128512K)->0K(128512K) From: 41824K(89088K)->51680K(91136K)
[777.021s][info][gc,heap        ] GC(2639) ParOldGen: 524942K(667648K)->524942K(667648K)
[777.021s][info][gc,metaspace   ] GC(2639) Metaspace: 19087K(19200K)->19087K(19200K) NonClass: 17257K(17344K)->17257K(17344K) Class: 1829K(1856K)->1829K(1856K)
[777.021s][info][gc             ] GC(2639) Pause Young (Allocation Failure) 678M->563M(866M) 50.020ms
[777.021s][info][gc,cpu         ] GC(2639) User=0.10s Sys=0.00s Real=0.05s
[777.229s][info][gc,start       ] GC(2640) Pause Young (Allocation Failure)
[777.307s][info][gc,heap        ] GC(2640) PSYoungGen: 180192K(219648K)->70592K(222720K) Eden: 128512K(128512K)->0K(130560K) From: 51680K(91136K)->70592K(92160K)
[777.307s][info][gc,heap        ] GC(2640) ParOldGen: 524942K(667648K)->524942K(667648K)
[777.307s][info][gc,metaspace   ] GC(2640) Metaspace: 19087K(19200K)->19087K(19200K) NonClass: 17257K(17344K)->17257K(17344K) Class: 1829K(1856K)->1829K(1856K)
[777.308s][info][gc             ] GC(2640) Pause Young (Allocation Failure) 688M->581M(869M) 78.136ms
[777.308s][info][gc,cpu         ] GC(2640) User=0.16s Sys=0.00s Real=0.08s
[777.607s][info][gc,start       ] GC(2641) Pause Young (Allocation Failure)
[777.684s][info][gc,heap        ] GC(2641) PSYoungGen: 201152K(222720K)->87680K(218624K) Eden: 130560K(130560K)->0K(130560K) From: 70592K(92160K)->87680K(88064K)
[777.684s][info][gc,heap        ] GC(2641) ParOldGen: 524942K(667648K)->524942K(667648K)
[777.684s][info][gc,metaspace   ] GC(2641) Metaspace: 19087K(19200K)->19087K(19200K) NonClass: 17257K(17344K)->17257K(17344K) Class: 1829K(1856K)->1829K(1856K)
[777.684s][info][gc             ] GC(2641) Pause Young (Allocation Failure) 709M->598M(865M) 77.279ms
[777.684s][info][gc,cpu         ] GC(2641) User=0.15s Sys=0.00s Real=0.08s
[777.824s][info][gc,start       ] GC(2642) Pause Young (Allocation Failure)
[777.920s][info][gc,heap        ] GC(2642) PSYoungGen: 218240K(218624K)->77728K(222720K) Eden: 130560K(130560K)->0K(111616K) From: 87680K(88064K)->77728K(111104K)
[777.921s][info][gc,heap        ] GC(2642) ParOldGen: 524942K(667648K)->561702K(667648K)
[777.921s][info][gc,metaspace   ] GC(2642) Metaspace: 19087K(19200K)->19087K(19200K) NonClass: 17257K(17344K)->17257K(17344K) Class: 1829K(1856K)->1829K(1856K)
[777.921s][info][gc             ] GC(2642) Pause Young (Allocation Failure) 725M->624M(869M) 96.556ms
[777.921s][info][gc,cpu         ] GC(2642) User=0.19s Sys=0.00s Real=0.09s
[778.078s][info][gc,start       ] GC(2643) Pause Young (Allocation Failure)
[778.156s][info][gc,heap        ] GC(2643) PSYoungGen: 189344K(222720K)->87904K(222720K) Eden: 111616K(111616K)->0K(111616K) From: 77728K(111104K)->87904K(111104K)
[778.156s][info][gc,heap        ] GC(2643) ParOldGen: 561702K(667648K)->562606K(667648K)
[778.156s][info][gc,metaspace   ] GC(2643) Metaspace: 19087K(19200K)->19087K(19200K) NonClass: 17257K(17344K)->17257K(17344K) Class: 1829K(1856K)->1829K(1856K)
[778.156s][info][gc             ] GC(2643) Pause Young (Allocation Failure) 733M->635M(869M) 77.706ms
[778.156s][info][gc,cpu         ] GC(2643) User=0.15s Sys=0.00s Real=0.08s
[778.344s][info][gc,start       ] GC(2644) Pause Young (Allocation Failure)
[778.421s][info][gc,heap        ] GC(2644) PSYoungGen: 199520K(222720K)->73840K(222720K) Eden: 111616K(111616K)->0K(111616K) From: 87904K(111104K)->73840K(111104K)
[778.421s][info][gc,heap        ] GC(2644) ParOldGen: 562606K(667648K)->576766K(667648K)
[778.421s][info][gc,metaspace   ] GC(2644) Metaspace: 19087K(19200K)->19087K(19200K) NonClass: 17257K(17344K)->17257K(17344K) Class: 1829K(1856K)->1829K(1856K)
[778.421s][info][gc             ] GC(2644) Pause Young (Allocation Failure) 744M->635M(869M) 77.205ms
[778.421s][info][gc,cpu         ] GC(2644) User=0.15s Sys=0.00s Real=0.07s
[778.562s][info][gc,start       ] GC(2645) Pause Young (Allocation Failure)
[778.644s][info][gc,heap        ] GC(2645) PSYoungGen: 185456K(222720K)->57728K(222720K) Eden: 111616K(111616K)->0K(111616K) From: 73840K(111104K)->57728K(111104K)
[778.644s][info][gc,heap        ] GC(2645) ParOldGen: 576766K(667648K)->613031K(667648K)
[778.644s][info][gc,metaspace   ] GC(2645) Metaspace: 19087K(19200K)->19087K(19200K) NonClass: 17257K(17344K)->17257K(17344K) Class: 1829K(1856K)->1829K(1856K)
[778.644s][info][gc             ] GC(2645) Pause Young (Allocation Failure) 744M->655M(869M) 82.309ms
[778.644s][info][gc,cpu         ] GC(2645) User=0.16s Sys=0.00s Real=0.08s
[778.739s][info][gc,start       ] GC(2646) Pause Young (Allocation Failure)
[778.799s][info][gc,heap        ] GC(2646) PSYoungGen: 169344K(222720K)->23296K(222720K) Eden: 111616K(111616K)->0K(111616K) From: 57728K(111104K)->23296K(111104K)
[778.799s][info][gc,heap        ] GC(2646) ParOldGen: 613031K(667648K)->651172K(667648K)
[778.799s][info][gc,metaspace   ] GC(2646) Metaspace: 19087K(19200K)->19087K(19200K) NonClass: 17257K(17344K)->17257K(17344K) Class: 1829K(1856K)->1829K(1856K)
[778.799s][info][gc             ] GC(2646) Pause Young (Allocation Failure) 764M->658M(869M) 60.491ms
[778.799s][info][gc,cpu         ] GC(2646) User=0.12s Sys=0.00s Real=0.06s
[778.913s][info][gc,start       ] GC(2647) Pause Full (Allocation Failure)
[778.913s][info][gc,phases,start] GC(2647) Marking Phase
[779.255s][info][gc,phases      ] GC(2647) Marking Phase 341.738ms
[779.255s][info][gc,phases,start] GC(2647) Summary Phase
[779.255s][info][gc,phases      ] GC(2647) Summary Phase 0.028ms
[779.255s][info][gc,phases,start] GC(2647) Forward
[779.362s][info][gc,phases      ] GC(2647) Forward 107.348ms
[779.362s][info][gc,phases,start] GC(2647) Adjust Pointers
[779.615s][info][gc,phases      ] GC(2647) Adjust Pointers 252.368ms
[779.615s][info][gc,phases,start] GC(2647) Compaction Phase
[779.761s][info][gc,phases      ] GC(2647) Compaction Phase 146.008ms
[779.770s][info][gc,phases,start] GC(2647) Post Compact
[779.773s][info][gc,phases      ] GC(2647) Post Compact 2.377ms
[779.773s][info][gc,heap        ] GC(2647) PSYoungGen: 134912K(222720K)->0K(222720K) Eden: 111616K(111616K)->0K(111616K) From: 23296K(111104K)->0K(111104K)
[779.773s][info][gc,heap        ] GC(2647) ParOldGen: 651172K(667648K)->484444K(667648K)
[779.773s][info][gc,metaspace   ] GC(2647) Metaspace: 19087K(19200K)->19087K(19200K) NonClass: 17257K(17344K)->17257K(17344K) Class: 1829K(1856K)->1829K(1856K)
[779.773s][info][gc             ] GC(2647) Pause Full (Allocation Failure) 767M->473M(869M) 859.769ms
[779.773s][info][gc,cpu         ] GC(2647) User=1.60s Sys=0.01s Real=0.86s
[779.913s][info][gc,start       ] GC(2648) Pause Young (Allocation Failure)
[779.927s][info][gc,heap        ] GC(2648) PSYoungGen: 111616K(222720K)->13056K(222720K) Eden: 111616K(111616K)->0K(111616K) From: 0K(111104K)->13056K(111104K)
[779.927s][info][gc,heap        ] GC(2648) ParOldGen: 484444K(667648K)->484444K(667648K)
[779.927s][info][gc,metaspace   ] GC(2648) Metaspace: 19087K(19200K)->19087K(19200K) NonClass: 17257K(17344K)->17257K(17344K) Class: 1829K(1856K)->1829K(1856K)
[779.927s][info][gc             ] GC(2648) Pause Young (Allocation Failure) 582M->485M(869M) 14.173ms
[779.927s][info][gc,cpu         ] GC(2648) User=0.02s Sys=0.00s Real=0.01s
[780.212s][info][gc,start       ] GC(2649) Pause Young (Allocation Failure)
[780.230s][info][gc,heap        ] GC(2649) PSYoungGen: 124672K(222720K)->2624K(222720K) Eden: 111616K(111616K)->0K(111616K) From: 13056K(111104K)->2624K(111104K)
[780.230s][info][gc,heap        ] GC(2649) ParOldGen: 484444K(667648K)->497499K(667648K)
[780.230s][info][gc,metaspace   ] GC(2649) Metaspace: 19087K(19200K)->19087K(19200K) NonClass: 17257K(17344K)->17257K(17344K) Class: 1829K(1856K)->1829K(1856K)
[780.230s][info][gc             ] GC(2649) Pause Young (Allocation Failure) 594M->488M(869M) 17.552ms
[780.230s][info][gc,cpu         ] GC(2649) User=0.04s Sys=0.00s Real=0.01s
[780.502s][info][gc,start       ] GC(2650) Pause Young (Allocation Failure)
[780.506s][info][gc,heap        ] GC(2650) PSYoungGen: 114240K(222720K)->64K(222720K) Eden: 111616K(111616K)->0K(111616K) From: 2624K(111104K)->64K(111104K)
[780.506s][info][gc,heap        ] GC(2650) ParOldGen: 497499K(667648K)->500094K(667648K)
[780.506s][info][gc,metaspace   ] GC(2650) Metaspace: 19087K(19200K)->19087K(19200K) NonClass: 17257K(17344K)->17257K(17344K) Class: 1829K(1856K)->1829K(1856K)
[780.506s][info][gc             ] GC(2650) Pause Young (Allocation Failure) 597M->488M(869M) 4.589ms
[780.506s][info][gc,cpu         ] GC(2650) User=0.00s Sys=0.00s Real=0.01s
[780.768s][info][gc,start       ] GC(2651) Pause Young (Allocation Failure)
[780.770s][info][gc,heap        ] GC(2651) PSYoungGen: 111680K(222720K)->64K(222720K) Eden: 111616K(111616K)->0K(111616K) From: 64K(111104K)->64K(111104K)
[780.770s][info][gc,heap        ] GC(2651) ParOldGen: 500094K(667648K)->500137K(667648K)
[780.770s][info][gc,metaspace   ] GC(2651) Metaspace: 19087K(19200K)->19087K(19200K) NonClass: 17257K(17344K)->17257K(17344K) Class: 1829K(1856K)->1829K(1856K)
[780.770s][info][gc             ] GC(2651) Pause Young (Allocation Failure) 597M->488M(869M) 1.747ms
[780.770s][info][gc,cpu         ] GC(2651) User=0.01s Sys=0.00s Real=0.00s
[781.027s][info][gc,start       ] GC(2652) Pause Young (Allocation Failure)
[781.034s][info][gc,heap        ] GC(2652) PSYoungGen: 111680K(222720K)->64K(222720K) Eden: 111616K(111616K)->0K(111616K) From: 64K(111104K)->64K(111104K)
[781.034s][info][gc,heap        ] GC(2652) ParOldGen: 500137K(667648K)->500153K(667648K)
[781.034s][info][gc,metaspace   ] GC(2652) Metaspace: 19087K(19200K)->19087K(19200K) NonClass: 17257K(17344K)->17257K(17344K) Class: 1829K(1856K)->1829K(1856K)
[781.034s][info][gc             ] GC(2652) Pause Young (Allocation Failure) 597M->488M(869M) 7.207ms
[781.034s][info][gc,cpu         ] GC(2652) User=0.01s Sys=0.00s Real=0.01s
[781.197s][info][gc,start       ] GC(2653) Pause Young (Allocation Failure)
[781.209s][info][gc,heap        ] GC(2653) PSYoungGen: 111680K(222720K)->14656K(126464K) Eden: 111616K(111616K)->0K(111616K) From: 64K(111104K)->14656K(14848K)
[781.209s][info][gc,heap        ] GC(2653) ParOldGen: 500153K(667648K)->500193K(667648K)
[781.209s][info][gc,metaspace   ] GC(2653) Metaspace: 19087K(19200K)->19087K(19200K) NonClass: 17257K(17344K)->17257K(17344K) Class: 1829K(1856K)->1829K(1856K)
[781.209s][info][gc             ] GC(2653) Pause Young (Allocation Failure) 597M->502M(775M) 12.113ms
[781.209s][info][gc,cpu         ] GC(2653) User=0.02s Sys=0.00s Real=0.01s
[781.271s][info][gc,start       ] GC(2654) Pause Young (Allocation Failure)
[781.307s][info][gc,heap        ] GC(2654) PSYoungGen: 126272K(126464K)->52464K(220672K) Eden: 111616K(111616K)->0K(111104K) From: 14656K(14848K)->52464K(109568K)
[781.307s][info][gc,heap        ] GC(2654) ParOldGen: 500193K(667648K)->500193K(667648K)
[781.307s][info][gc,metaspace   ] GC(2654) Metaspace: 19087K(19200K)->19087K(19200K) NonClass: 17257K(17344K)->17257K(17344K) Class: 1829K(1856K)->1829K(1856K)
[781.307s][info][gc             ] GC(2654) Pause Young (Allocation Failure) 611M->539M(867M) 36.200ms
[781.307s][info][gc,cpu         ] GC(2654) User=0.07s Sys=0.00s Real=0.04s
[781.484s][info][gc,start       ] GC(2655) Pause Young (Allocation Failure)
[781.540s][info][gc,heap        ] GC(2655) PSYoungGen: 163568K(220672K)->73872K(221184K) Eden: 111104K(111104K)->0K(111104K) From: 52464K(109568K)->73872K(110080K)
[781.540s][info][gc,heap        ] GC(2655) ParOldGen: 500193K(667648K)->500193K(667648K)
[781.540s][info][gc,metaspace   ] GC(2655) Metaspace: 19087K(19200K)->19087K(19200K) NonClass: 17257K(17344K)->17257K(17344K) Class: 1829K(1856K)->1829K(1856K)
[781.540s][info][gc             ] GC(2655) Pause Young (Allocation Failure) 648M->560M(868M) 55.648ms
[781.540s][info][gc,cpu         ] GC(2655) User=0.11s Sys=0.00s Real=0.05s
[781.666s][info][gc,start       ] GC(2656) Pause Young (Allocation Failure)
[781.714s][info][gc,heap        ] GC(2656) PSYoungGen: 184976K(221184K)->23744K(222720K) Eden: 111104K(111104K)->0K(111616K) From: 73872K(110080K)->23744K(111104K)
[781.714s][info][gc,heap        ] GC(2656) ParOldGen: 500193K(667648K)->553275K(667648K)
[781.714s][info][gc,metaspace   ] GC(2656) Metaspace: 19087K(19200K)->19087K(19200K) NonClass: 17257K(17344K)->17257K(17344K) Class: 1829K(1856K)->1829K(1856K)
[781.714s][info][gc             ] GC(2656) Pause Young (Allocation Failure) 669M->563M(869M) 48.062ms
[781.714s][info][gc,cpu         ] GC(2656) User=0.10s Sys=0.00s Real=0.05s
[781.859s][info][gc,start       ] GC(2657) Pause Young (Allocation Failure)
[781.908s][info][gc,heap        ] GC(2657) PSYoungGen: 135360K(222720K)->18944K(131072K) Eden: 111616K(111616K)->0K(111616K) From: 23744K(111104K)->18944K(19456K)
[781.908s][info][gc,heap        ] GC(2657) ParOldGen: 553275K(667648K)->577195K(667648K)
[781.908s][info][gc,metaspace   ] GC(2657) Metaspace: 19087K(19200K)->19087K(19200K) NonClass: 17257K(17344K)->17257K(17344K) Class: 1829K(1856K)->1829K(1856K)
[781.908s][info][gc             ] GC(2657) Pause Young (Allocation Failure) 672M->582M(780M) 48.620ms
[781.908s][info][gc,cpu         ] GC(2657) User=0.09s Sys=0.00s Real=0.05s
[782.034s][info][gc,start       ] GC(2658) Pause Young (Allocation Failure)
[782.075s][info][gc,heap        ] GC(2658) PSYoungGen: 130560K(131072K)->39769K(222208K) Eden: 111616K(111616K)->0K(116224K) From: 18944K(19456K)->39769K(105984K)
[782.075s][info][gc,heap        ] GC(2658) ParOldGen: 577195K(667648K)->577195K(667648K)
[782.075s][info][gc,metaspace   ] GC(2658) Metaspace: 19087K(19200K)->19087K(19200K) NonClass: 17257K(17344K)->17257K(17344K) Class: 1829K(1856K)->1829K(1856K)
[782.075s][info][gc             ] GC(2658) Pause Young (Allocation Failure) 691M->602M(869M) 40.488ms
[782.075s][info][gc,cpu         ] GC(2658) User=0.08s Sys=0.00s Real=0.04s
[782.131s][info][gc,start       ] GC(2659) Pause Young (Allocation Failure)
[782.196s][info][gc,heap        ] GC(2659) PSYoungGen: 155993K(222208K)->78553K(218112K) Eden: 116224K(116224K)->0K(116224K) From: 39769K(105984K)->78553K(101888K)
[782.196s][info][gc,heap        ] GC(2659) ParOldGen: 577195K(667648K)->577195K(667648K)
[782.196s][info][gc,metaspace   ] GC(2659) Metaspace: 19087K(19200K)->19087K(19200K) NonClass: 17257K(17344K)->17257K(17344K) Class: 1829K(1856K)->1829K(1856K)
[782.196s][info][gc             ] GC(2659) Pause Young (Allocation Failure) 716M->640M(865M) 64.683ms
[782.196s][info][gc,cpu         ] GC(2659) User=0.13s Sys=0.00s Real=0.07s
[782.355s][info][gc,start       ] GC(2660) Pause Young (Allocation Failure)
[782.424s][info][gc,heap        ] GC(2660) PSYoungGen: 194777K(218112K)->53024K(223744K) Eden: 116224K(116224K)->0K(112640K) From: 78553K(101888K)->53024K(111104K)
[782.424s][info][gc,heap        ] GC(2660) ParOldGen: 577195K(667648K)->617212K(667648K)
[782.424s][info][gc,metaspace   ] GC(2660) Metaspace: 19087K(19200K)->19087K(19200K) NonClass: 17257K(17344K)->17257K(17344K) Class: 1829K(1856K)->1829K(1856K)
[782.424s][info][gc             ] GC(2660) Pause Young (Allocation Failure) 753M->654M(870M) 69.335ms
[782.424s][info][gc,cpu         ] GC(2660) User=0.14s Sys=0.00s Real=0.07s
[782.500s][info][gc,start       ] GC(2661) Pause Full (Allocation Failure)
[782.500s][info][gc,phases,start] GC(2661) Marking Phase
[782.820s][info][gc,phases      ] GC(2661) Marking Phase 320.429ms
[782.820s][info][gc,phases,start] GC(2661) Summary Phase
[782.820s][info][gc,phases      ] GC(2661) Summary Phase 0.027ms
[782.820s][info][gc,phases,start] GC(2661) Forward
[782.931s][info][gc,phases      ] GC(2661) Forward 110.292ms
[782.931s][info][gc,phases,start] GC(2661) Adjust Pointers
[783.177s][info][gc,phases      ] GC(2661) Adjust Pointers 246.253ms
[783.177s][info][gc,phases,start] GC(2661) Compaction Phase
[783.327s][info][gc,phases      ] GC(2661) Compaction Phase 149.692ms
[783.336s][info][gc,phases,start] GC(2661) Post Compact
[783.338s][info][gc,phases      ] GC(2661) Post Compact 2.311ms
[783.338s][info][gc,heap        ] GC(2661) PSYoungGen: 165664K(223744K)->0K(222720K) Eden: 112640K(112640K)->0K(112640K) From: 53024K(111104K)->0K(110080K)
[783.338s][info][gc,heap        ] GC(2661) ParOldGen: 617212K(667648K)->495405K(667648K)
[783.338s][info][gc,metaspace   ] GC(2661) Metaspace: 19087K(19200K)->19087K(19200K) NonClass: 17257K(17344K)->17257K(17344K) Class: 1829K(1856K)->1829K(1856K)
[783.338s][info][gc             ] GC(2661) Pause Full (Allocation Failure) 764M->483M(869M) 838.448ms
[783.338s][info][gc,cpu         ] GC(2661) User=1.57s Sys=0.01s Real=0.84s
[783.484s][info][gc,start       ] GC(2662) Pause Young (Allocation Failure)
[783.519s][info][gc,heap        ] GC(2662) PSYoungGen: 112640K(222720K)->19136K(217600K) Eden: 112640K(112640K)->0K(113664K) From: 0K(110080K)->19136K(103936K)
[783.519s][info][gc,heap        ] GC(2662) ParOldGen: 495405K(667648K)->495405K(667648K)
[783.519s][info][gc,metaspace   ] GC(2662) Metaspace: 19087K(19200K)->19087K(19200K) NonClass: 17257K(17344K)->17257K(17344K) Class: 1829K(1856K)->1829K(1856K)
[783.519s][info][gc             ] GC(2662) Pause Young (Allocation Failure) 593M->502M(864M) 35.161ms
[783.519s][info][gc,cpu         ] GC(2662) User=0.07s Sys=0.00s Real=0.03s
[783.656s][info][gc,start       ] GC(2663) Pause Young (Allocation Failure)
[783.684s][info][gc,heap        ] GC(2663) PSYoungGen: 132800K(217600K)->19136K(220160K) Eden: 113664K(113664K)->0K(113664K) From: 19136K(103936K)->19136K(106496K)
[783.684s][info][gc,heap        ] GC(2663) ParOldGen: 495405K(667648K)->495405K(667648K)
[783.684s][info][gc,metaspace   ] GC(2663) Metaspace: 19087K(19200K)->19087K(19200K) NonClass: 17257K(17344K)->17257K(17344K) Class: 1829K(1856K)->1829K(1856K)
[783.684s][info][gc             ] GC(2663) Pause Young (Allocation Failure) 613M->502M(867M) 28.106ms
[783.684s][info][gc,cpu         ] GC(2663) User=0.06s Sys=0.00s Real=0.03s
[783.822s][info][gc,start       ] GC(2664) Pause Young (Allocation Failure)
[783.851s][info][gc,heap        ] GC(2664) PSYoungGen: 132800K(220160K)->19136K(218112K) Eden: 113664K(113664K)->0K(122880K) From: 19136K(106496K)->19136K(95232K)
[783.851s][info][gc,heap        ] GC(2664) ParOldGen: 495405K(667648K)->495405K(667648K)
[783.851s][info][gc,metaspace   ] GC(2664) Metaspace: 19087K(19200K)->19087K(19200K) NonClass: 17257K(17344K)->17257K(17344K) Class: 1829K(1856K)->1829K(1856K)
[783.851s][info][gc             ] GC(2664) Pause Young (Allocation Failure) 613M->502M(865M) 28.484ms
[783.851s][info][gc,cpu         ] GC(2664) User=0.06s Sys=0.00s Real=0.02s
[783.999s][info][gc,start       ] GC(2665) Pause Young (Allocation Failure)
[784.027s][info][gc,heap        ] GC(2665) PSYoungGen: 142016K(218112K)->19136K(221696K) Eden: 122880K(122880K)->0K(122880K) From: 19136K(95232K)->19136K(98816K)
[784.027s][info][gc,heap        ] GC(2665) ParOldGen: 495405K(667648K)->495405K(667648K)
[784.027s][info][gc,metaspace   ] GC(2665) Metaspace: 19087K(19200K)->19087K(19200K) NonClass: 17257K(17344K)->17257K(17344K) Class: 1829K(1856K)->1829K(1856K)
[784.027s][info][gc             ] GC(2665) Pause Young (Allocation Failure) 622M->502M(868M) 27.981ms
[784.027s][info][gc,cpu         ] GC(2665) User=0.05s Sys=0.00s Real=0.03s
[784.175s][info][gc,start       ] GC(2666) Pause Young (Allocation Failure)
[784.204s][info][gc,heap        ] GC(2666) PSYoungGen: 142016K(221696K)->19136K(219648K) Eden: 122880K(122880K)->0K(132096K) From: 19136K(98816K)->19136K(87552K)
[784.204s][info][gc,heap        ] GC(2666) ParOldGen: 495405K(667648K)->495405K(667648K)
[784.204s][info][gc,metaspace   ] GC(2666) Metaspace: 19087K(19200K)->19087K(19200K) NonClass: 17257K(17344K)->17257K(17344K) Class: 1829K(1856K)->1829K(1856K)
[784.204s][info][gc             ] GC(2666) Pause Young (Allocation Failure) 622M->502M(866M) 28.496ms
[784.204s][info][gc,cpu         ] GC(2666) User=0.05s Sys=0.00s Real=0.03s
[784.362s][info][gc,start       ] GC(2667) Pause Young (Allocation Failure)
[784.390s][info][gc,heap        ] GC(2667) PSYoungGen: 151232K(219648K)->19168K(223232K) Eden: 132096K(132096K)->0K(132096K) From: 19136K(87552K)->19168K(91136K)
[784.390s][info][gc,heap        ] GC(2667) ParOldGen: 495405K(667648K)->495405K(667648K)
[784.390s][info][gc,metaspace   ] GC(2667) Metaspace: 19087K(19200K)->19087K(19200K) NonClass: 17257K(17344K)->17257K(17344K) Class: 1829K(1856K)->1829K(1856K)
[784.390s][info][gc             ] GC(2667) Pause Young (Allocation Failure) 631M->502M(870M) 27.934ms
[784.390s][info][gc,cpu         ] GC(2667) User=0.05s Sys=0.00s Real=0.02s
[784.550s][info][gc,start       ] GC(2668) Pause Young (Allocation Failure)
[784.578s][info][gc,heap        ] GC(2668) PSYoungGen: 151264K(223232K)->19136K(220672K) Eden: 132096K(132096K)->0K(141312K) From: 19168K(91136K)->19136K(79360K)
[784.578s][info][gc,heap        ] GC(2668) ParOldGen: 495405K(667648K)->495405K(667648K)
[784.578s][info][gc,metaspace   ] GC(2668) Metaspace: 19087K(19200K)->19087K(19200K) NonClass: 17257K(17344K)->17257K(17344K) Class: 1829K(1856K)->1829K(1856K)
[784.578s][info][gc             ] GC(2668) Pause Young (Allocation Failure) 631M->502M(867M) 28.771ms
[784.578s][info][gc,cpu         ] GC(2668) User=0.06s Sys=0.00s Real=0.03s
[784.750s][info][gc,start       ] GC(2669) Pause Young (Allocation Failure)
[784.778s][info][gc,heap        ] GC(2669) PSYoungGen: 160448K(220672K)->19136K(224768K) Eden: 141312K(141312K)->0K(141312K) From: 19136K(79360K)->19136K(83456K)
[784.778s][info][gc,heap        ] GC(2669) ParOldGen: 495405K(667648K)->495405K(667648K)
[784.778s][info][gc,metaspace   ] GC(2669) Metaspace: 19087K(19200K)->19087K(19200K) NonClass: 17257K(17344K)->17257K(17344K) Class: 1829K(1856K)->1829K(1856K)
[784.779s][info][gc             ] GC(2669) Pause Young (Allocation Failure) 640M->502M(871M) 28.458ms
[784.779s][info][gc,cpu         ] GC(2669) User=0.05s Sys=0.00s Real=0.03s
[784.949s][info][gc,start       ] GC(2670) Pause Young (Allocation Failure)
[784.978s][info][gc,heap        ] GC(2670) PSYoungGen: 160448K(224768K)->19136K(223232K) Eden: 141312K(141312K)->0K(151040K) From: 19136K(83456K)->19136K(72192K)
[784.978s][info][gc,heap        ] GC(2670) ParOldGen: 495405K(667648K)->495405K(667648K)
[784.978s][info][gc,metaspace   ] GC(2670) Metaspace: 19087K(19200K)->19087K(19200K) NonClass: 17257K(17344K)->17257K(17344K) Class: 1829K(1856K)->1829K(1856K)
[784.978s][info][gc             ] GC(2670) Pause Young (Allocation Failure) 640M->502M(870M) 29.164ms
[784.978s][info][gc,cpu         ] GC(2670) User=0.05s Sys=0.00s Real=0.03s
[785.109s][info][gc,start       ] GC(2671) Pause Young (Allocation Failure)
[785.165s][info][gc,heap        ] GC(2671) PSYoungGen: 170176K(223232K)->42656K(226816K) Eden: 151040K(151040K)->0K(151040K) From: 19136K(72192K)->42656K(75776K)
[785.165s][info][gc,heap        ] GC(2671) ParOldGen: 495405K(667648K)->495405K(667648K)
[785.165s][info][gc,metaspace   ] GC(2671) Metaspace: 19087K(19200K)->19087K(19200K) NonClass: 17257K(17344K)->17257K(17344K) Class: 1829K(1856K)->1829K(1856K)
[785.165s][info][gc             ] GC(2671) Pause Young (Allocation Failure) 649M->525M(873M) 55.975ms
[785.165s][info][gc,cpu         ] GC(2671) User=0.11s Sys=0.00s Real=0.06s
[785.299s][info][gc,start       ] GC(2672) Pause Young (Allocation Failure)
[785.367s][info][gc,heap        ] GC(2672) PSYoungGen: 193696K(226816K)->56736K(233472K) Eden: 151040K(151040K)->0K(156672K) From: 42656K(75776K)->56736K(76800K)
[785.367s][info][gc,heap        ] GC(2672) ParOldGen: 495405K(667648K)->495405K(667648K)
[785.367s][info][gc,metaspace   ] GC(2672) Metaspace: 19087K(19200K)->19087K(19200K) NonClass: 17257K(17344K)->17257K(17344K) Class: 1829K(1856K)->1829K(1856K)
[785.367s][info][gc             ] GC(2672) Pause Young (Allocation Failure) 672M->539M(880M) 68.044ms
[785.367s][info][gc,cpu         ] GC(2672) User=0.13s Sys=0.00s Real=0.07s
[785.482s][info][gc,start       ] GC(2673) Pause Young (Allocation Failure)
[785.551s][info][gc,heap        ] GC(2673) PSYoungGen: 213408K(233472K)->58240K(239104K) Eden: 156672K(156672K)->0K(156672K) From: 56736K(76800K)->58240K(82432K)
[785.551s][info][gc,heap        ] GC(2673) ParOldGen: 495405K(667648K)->495405K(667648K)
[785.551s][info][gc,metaspace   ] GC(2673) Metaspace: 19087K(19200K)->19087K(19200K) NonClass: 17257K(17344K)->17257K(17344K) Class: 1829K(1856K)->1829K(1856K)
[785.551s][info][gc             ] GC(2673) Pause Young (Allocation Failure) 692M->540M(885M) 68.478ms
[785.551s][info][gc,cpu         ] GC(2673) User=0.14s Sys=0.00s Real=0.06s
[785.691s][info][gc,start       ] GC(2674) Pause Young (Allocation Failure)
[785.765s][info][gc,heap        ] GC(2674) PSYoungGen: 214912K(239104K)->61920K(236544K) Eden: 156672K(156672K)->0K(149504K) From: 58240K(82432K)->61920K(87040K)
[785.765s][info][gc,heap        ] GC(2674) ParOldGen: 495405K(667648K)->495405K(667648K)
[785.765s][info][gc,metaspace   ] GC(2674) Metaspace: 19087K(19200K)->19087K(19200K) NonClass: 17257K(17344K)->17257K(17344K) Class: 1829K(1856K)->1829K(1856K)
[785.765s][info][gc             ] GC(2674) Pause Young (Allocation Failure) 693M->544M(883M) 74.235ms
[785.765s][info][gc,cpu         ] GC(2674) User=0.14s Sys=0.00s Real=0.08s
[785.873s][info][gc,start       ] GC(2675) Pause Young (Allocation Failure)
[785.945s][info][gc,heap        ] GC(2675) PSYoungGen: 211424K(236544K)->61984K(211968K) Eden: 149504K(149504K)->0K(149504K) From: 61920K(87040K)->61984K(62464K)
[785.945s][info][gc,heap        ] GC(2675) ParOldGen: 495405K(667648K)->495405K(667648K)
[785.945s][info][gc,metaspace   ] GC(2675) Metaspace: 19087K(19200K)->19087K(19200K) NonClass: 17257K(17344K)->17257K(17344K) Class: 1829K(1856K)->1829K(1856K)
[785.945s][info][gc             ] GC(2675) Pause Young (Allocation Failure) 690M->544M(859M) 71.813ms
[785.945s][info][gc,cpu         ] GC(2675) User=0.14s Sys=0.00s Real=0.07s
[786.078s][info][gc,start       ] GC(2676) Pause Young (Allocation Failure)
[786.176s][info][gc,heap        ] GC(2676) PSYoungGen: 211488K(211968K)->85056K(215552K) Eden: 149504K(149504K)->0K(119808K) From: 61984K(62464K)->85056K(95744K)
[786.177s][info][gc,heap        ] GC(2676) ParOldGen: 495405K(667648K)->495405K(667648K)
[786.177s][info][gc,metaspace   ] GC(2676) Metaspace: 19087K(19200K)->19087K(19200K) NonClass: 17257K(17344K)->17257K(17344K) Class: 1829K(1856K)->1829K(1856K)
[786.177s][info][gc             ] GC(2676) Pause Young (Allocation Failure) 690M->566M(862M) 98.712ms
[786.177s][info][gc,cpu         ] GC(2676) User=0.19s Sys=0.01s Real=0.10s
[786.266s][info][gc,start       ] GC(2677) Pause Young (Allocation Failure)
[786.384s][info][gc,heap        ] GC(2677) PSYoungGen: 204864K(215552K)->93536K(213504K) Eden: 119808K(119808K)->0K(119808K) From: 85056K(95744K)->93536K(93696K)
[786.384s][info][gc,heap        ] GC(2677) ParOldGen: 495405K(667648K)->514573K(667648K)
[786.384s][info][gc,metaspace   ] GC(2677) Metaspace: 19087K(19200K)->19087K(19200K) NonClass: 17257K(17344K)->17257K(17344K) Class: 1829K(1856K)->1829K(1856K)
[786.384s][info][gc             ] GC(2677) Pause Young (Allocation Failure) 683M->593M(860M) 118.335ms
[786.384s][info][gc,cpu         ] GC(2677) User=0.23s Sys=0.00s Real=0.12s
[786.489s][info][gc,start       ] GC(2678) Pause Young (Allocation Failure)
[786.590s][info][gc,heap        ] GC(2678) PSYoungGen: 213344K(213504K)->105664K(222720K) Eden: 119808K(119808K)->0K(111616K) From: 93536K(93696K)->105664K(111104K)
[786.590s][info][gc,heap        ] GC(2678) ParOldGen: 514573K(667648K)->514573K(667648K)
[786.590s][info][gc,metaspace   ] GC(2678) Metaspace: 19087K(19200K)->19087K(19200K) NonClass: 17257K(17344K)->17257K(17344K) Class: 1829K(1856K)->1829K(1856K)
[786.590s][info][gc             ] GC(2678) Pause Young (Allocation Failure) 710M->605M(869M) 101.389ms
[786.590s][info][gc,cpu         ] GC(2678) User=0.20s Sys=0.00s Real=0.10s
[786.681s][info][gc,start       ] GC(2679) Pause Young (Allocation Failure)
[786.780s][info][gc,heap        ] GC(2679) PSYoungGen: 217280K(222720K)->107168K(222720K) Eden: 111616K(111616K)->0K(111616K) From: 105664K(111104K)->107168K(111104K)
[786.780s][info][gc,heap        ] GC(2679) ParOldGen: 514573K(667648K)->514573K(667648K)
[786.780s][info][gc,metaspace   ] GC(2679) Metaspace: 19087K(19200K)->19087K(19200K) NonClass: 17257K(17344K)->17257K(17344K) Class: 1829K(1856K)->1829K(1856K)
[786.780s][info][gc             ] GC(2679) Pause Young (Allocation Failure) 714M->607M(869M) 99.358ms
[786.780s][info][gc,cpu         ] GC(2679) User=0.19s Sys=0.00s Real=0.10s
[786.937s][info][gc,start       ] GC(2680) Pause Young (Allocation Failure)
[787.042s][info][gc,heap        ] GC(2680) PSYoungGen: 218784K(222720K)->110896K(222720K) Eden: 111616K(111616K)->0K(111616K) From: 107168K(111104K)->110896K(111104K)
[787.042s][info][gc,heap        ] GC(2680) ParOldGen: 514573K(667648K)->514573K(667648K)
[787.042s][info][gc,metaspace   ] GC(2680) Metaspace: 19087K(19200K)->19087K(19200K) NonClass: 17257K(17344K)->17257K(17344K) Class: 1829K(1856K)->1829K(1856K)
[787.042s][info][gc             ] GC(2680) Pause Young (Allocation Failure) 716M->610M(869M) 105.372ms
[787.042s][info][gc,cpu         ] GC(2680) User=0.21s Sys=0.01s Real=0.11s
[787.154s][info][gc,start       ] GC(2681) Pause Young (Allocation Failure)
[787.255s][info][gc,heap        ] GC(2681) PSYoungGen: 222512K(222720K)->111040K(222720K) Eden: 111616K(111616K)->0K(111616K) From: 110896K(111104K)->111040K(111104K)
[787.255s][info][gc,heap        ] GC(2681) ParOldGen: 514573K(667648K)->514573K(667648K)
[787.255s][info][gc,metaspace   ] GC(2681) Metaspace: 19087K(19200K)->19087K(19200K) NonClass: 17257K(17344K)->17257K(17344K) Class: 1829K(1856K)->1829K(1856K)
[787.255s][info][gc             ] GC(2681) Pause Young (Allocation Failure) 719M->610M(869M) 101.360ms
[787.255s][info][gc,cpu         ] GC(2681) User=0.20s Sys=0.00s Real=0.10s
[787.371s][info][gc,start       ] GC(2682) Pause Young (Allocation Failure)
[787.482s][info][gc,heap        ] GC(2682) PSYoungGen: 222656K(222720K)->82256K(222720K) Eden: 111616K(111616K)->0K(111616K) From: 111040K(111104K)->82256K(111104K)
[787.482s][info][gc,heap        ] GC(2682) ParOldGen: 514573K(667648K)->552301K(667648K)
[787.482s][info][gc,metaspace   ] GC(2682) Metaspace: 19087K(19200K)->19087K(19200K) NonClass: 17257K(17344K)->17257K(17344K) Class: 1829K(1856K)->1829K(1856K)
[787.482s][info][gc             ] GC(2682) Pause Young (Allocation Failure) 719M->619M(869M) 110.923ms
[787.482s][info][gc,cpu         ] GC(2682) User=0.22s Sys=0.00s Real=0.12s
[787.623s][info][gc,start       ] GC(2683) Pause Young (Allocation Failure)
[787.714s][info][gc,heap        ] GC(2683) PSYoungGen: 193872K(222720K)->93376K(222720K) Eden: 111616K(111616K)->0K(111616K) From: 82256K(111104K)->93376K(111104K)
[787.714s][info][gc,heap        ] GC(2683) ParOldGen: 552301K(667648K)->557509K(667648K)
[787.714s][info][gc,metaspace   ] GC(2683) Metaspace: 19087K(19200K)->19087K(19200K) NonClass: 17257K(17344K)->17257K(17344K) Class: 1829K(1856K)->1829K(1856K)
[787.714s][info][gc             ] GC(2683) Pause Young (Allocation Failure) 728M->635M(869M) 91.312ms
[787.714s][info][gc,cpu         ] GC(2683) User=0.18s Sys=0.00s Real=0.09s
[788.057s][info][gc,start       ] GC(2684) Pause Young (Allocation Failure)
[788.145s][info][gc,heap        ] GC(2684) PSYoungGen: 204992K(222720K)->70288K(222720K) Eden: 111616K(111616K)->0K(111616K) From: 93376K(111104K)->70288K(111104K)
[788.145s][info][gc,heap        ] GC(2684) ParOldGen: 557509K(667648K)->580741K(667648K)
[788.145s][info][gc,metaspace   ] GC(2684) Metaspace: 19087K(19200K)->19087K(19200K) NonClass: 17257K(17344K)->17257K(17344K) Class: 1829K(1856K)->1829K(1856K)
[788.145s][info][gc             ] GC(2684) Pause Young (Allocation Failure) 744M->635M(869M) 88.663ms
[788.145s][info][gc,cpu         ] GC(2684) User=0.18s Sys=0.00s Real=0.09s
[788.404s][info][gc,start       ] GC(2685) Pause Young (Allocation Failure)
[788.472s][info][gc,heap        ] GC(2685) PSYoungGen: 181904K(222720K)->30624K(222720K) Eden: 111616K(111616K)->0K(111616K) From: 70288K(111104K)->30624K(111104K)
[788.472s][info][gc,heap        ] GC(2685) ParOldGen: 580741K(667648K)->620574K(667648K)
[788.472s][info][gc,metaspace   ] GC(2685) Metaspace: 19087K(19200K)->19087K(19200K) NonClass: 17257K(17344K)->17257K(17344K) Class: 1829K(1856K)->1829K(1856K)
[788.472s][info][gc             ] GC(2685) Pause Young (Allocation Failure) 744M->635M(869M) 68.257ms
[788.472s][info][gc,cpu         ] GC(2685) User=0.14s Sys=0.00s Real=0.07s
[788.750s][info][gc,start       ] GC(2686) Pause Full (Allocation Failure)
[788.750s][info][gc,phases,start] GC(2686) Marking Phase
[789.208s][info][gc,phases      ] GC(2686) Marking Phase 457.743ms
[789.208s][info][gc,phases,start] GC(2686) Summary Phase
[789.208s][info][gc,phases      ] GC(2686) Summary Phase 0.025ms
[789.208s][info][gc,phases,start] GC(2686) Forward
[789.226s][info][gc,phases      ] GC(2686) Forward 18.176ms
[789.226s][info][gc,phases,start] GC(2686) Adjust Pointers
[789.540s][info][gc,phases      ] GC(2686) Adjust Pointers 313.492ms
[789.540s][info][gc,phases,start] GC(2686) Compaction Phase
[789.671s][info][gc,phases      ] GC(2686) Compaction Phase 130.971ms
[789.671s][info][gc,phases,start] GC(2686) Post Compact
[789.673s][info][gc,phases      ] GC(2686) Post Compact 2.200ms
[789.673s][info][gc,heap        ] GC(2686) PSYoungGen: 142240K(222720K)->0K(222720K) Eden: 111616K(111616K)->0K(111616K) From: 30624K(111104K)->0K(111104K)
[789.673s][info][gc,heap        ] GC(2686) ParOldGen: 620574K(667648K)->650893K(667648K)
[789.673s][info][gc,metaspace   ] GC(2686) Metaspace: 19087K(19200K)->19087K(19200K) NonClass: 17257K(17344K)->17257K(17344K) Class: 1829K(1856K)->1829K(1856K)
[789.673s][info][gc             ] GC(2686) Pause Full (Allocation Failure) 744M->635M(869M) 923.073ms
[789.673s][info][gc,cpu         ] GC(2686) User=1.81s Sys=0.00s Real=0.93s
[789.940s][info][gc,start       ] GC(2687) Pause Full (Allocation Failure)
[789.940s][info][gc,phases,start] GC(2687) Marking Phase
[790.397s][info][gc,phases      ] GC(2687) Marking Phase 456.441ms
[790.397s][info][gc,phases,start] GC(2687) Summary Phase
[790.397s][info][gc,phases      ] GC(2687) Summary Phase 0.025ms
[790.397s][info][gc,phases,start] GC(2687) Forward
[790.403s][info][gc,phases      ] GC(2687) Forward 6.437ms
[790.403s][info][gc,phases,start] GC(2687) Adjust Pointers
[790.711s][info][gc,phases      ] GC(2687) Adjust Pointers 307.318ms
[790.711s][info][gc,phases,start] GC(2687) Compaction Phase
[790.831s][info][gc,phases      ] GC(2687) Compaction Phase 120.678ms
[790.832s][info][gc,phases,start] GC(2687) Post Compact
[790.834s][info][gc,phases      ] GC(2687) Post Compact 2.260ms
[790.834s][info][gc,heap        ] GC(2687) PSYoungGen: 111616K(222720K)->0K(222720K) Eden: 111616K(111616K)->0K(111616K) From: 0K(111104K)->0K(111104K)
[790.834s][info][gc,heap        ] GC(2687) ParOldGen: 650893K(667648K)->650896K(667648K)
[790.834s][info][gc,metaspace   ] GC(2687) Metaspace: 19087K(19200K)->19087K(19200K) NonClass: 17257K(17344K)->17257K(17344K) Class: 1829K(1856K)->1829K(1856K)
[790.834s][info][gc             ] GC(2687) Pause Full (Allocation Failure) 744M->635M(869M) 893.640ms
[790.834s][info][gc,cpu         ] GC(2687) User=1.75s Sys=0.00s Real=0.90s
[791.104s][info][gc,start       ] GC(2688) Pause Full (Allocation Failure)
[791.104s][info][gc,phases,start] GC(2688) Marking Phase
[791.557s][info][gc,phases      ] GC(2688) Marking Phase 453.150ms
[791.557s][info][gc,phases,start] GC(2688) Summary Phase
[791.557s][info][gc,phases      ] GC(2688) Summary Phase 0.025ms
[791.557s][info][gc,phases,start] GC(2688) Forward
[791.557s][info][gc,phases      ] GC(2688) Forward 0.326ms
[791.557s][info][gc,phases,start] GC(2688) Adjust Pointers
[791.858s][info][gc,phases      ] GC(2688) Adjust Pointers 300.361ms
[791.858s][info][gc,phases,start] GC(2688) Compaction Phase
[791.981s][info][gc,phases      ] GC(2688) Compaction Phase 123.455ms
[791.981s][info][gc,phases,start] GC(2688) Post Compact
[791.984s][info][gc,phases      ] GC(2688) Post Compact 2.168ms
[791.984s][info][gc,heap        ] GC(2688) PSYoungGen: 111616K(222720K)->0K(222720K) Eden: 111616K(111616K)->0K(111616K) From: 0K(111104K)->0K(111104K)
[791.984s][info][gc,heap        ] GC(2688) ParOldGen: 650896K(667648K)->650899K(667648K)
[791.984s][info][gc,metaspace   ] GC(2688) Metaspace: 19087K(19200K)->19087K(19200K) NonClass: 17257K(17344K)->17257K(17344K) Class: 1829K(1856K)->1829K(1856K)
[791.984s][info][gc             ] GC(2688) Pause Full (Allocation Failure) 744M->635M(869M) 879.867ms
[791.984s][info][gc,cpu         ] GC(2688) User=1.73s Sys=0.00s Real=0.88s
[792.224s][info][gc,start       ] GC(2689) Pause Full (Allocation Failure)
[792.224s][info][gc,phases,start] GC(2689) Marking Phase
[792.678s][info][gc,phases      ] GC(2689) Marking Phase 453.545ms
[792.678s][info][gc,phases,start] GC(2689) Summary Phase
[792.678s][info][gc,phases      ] GC(2689) Summary Phase 0.024ms
[792.678s][info][gc,phases,start] GC(2689) Forward
[792.679s][info][gc,phases      ] GC(2689) Forward 1.174ms
[792.679s][info][gc,phases,start] GC(2689) Adjust Pointers
[792.989s][info][gc,phases      ] GC(2689) Adjust Pointers 309.792ms
[792.989s][info][gc,phases,start] GC(2689) Compaction Phase
[793.115s][info][gc,phases      ] GC(2689) Compaction Phase 126.178ms
[793.115s][info][gc,phases,start] GC(2689) Post Compact
[793.117s][info][gc,phases      ] GC(2689) Post Compact 2.217ms
[793.117s][info][gc,heap        ] GC(2689) PSYoungGen: 111616K(222720K)->0K(222720K) Eden: 111616K(111616K)->0K(111616K) From: 0K(111104K)->0K(111104K)
[793.117s][info][gc,heap        ] GC(2689) ParOldGen: 650899K(667648K)->651468K(667648K)
[793.117s][info][gc,metaspace   ] GC(2689) Metaspace: 19087K(19200K)->19087K(19200K) NonClass: 17257K(17344K)->17257K(17344K) Class: 1829K(1856K)->1829K(1856K)
[793.117s][info][gc             ] GC(2689) Pause Full (Allocation Failure) 744M->636M(869M) 893.309ms
[793.117s][info][gc,cpu         ] GC(2689) User=1.75s Sys=0.00s Real=0.89s
[793.396s][info][gc,start       ] GC(2690) Pause Full (Allocation Failure)
[793.396s][info][gc,phases,start] GC(2690) Marking Phase
[793.781s][info][gc,phases      ] GC(2690) Marking Phase 384.703ms
[793.781s][info][gc,phases,start] GC(2690) Summary Phase
[793.781s][info][gc,phases      ] GC(2690) Summary Phase 0.027ms
[793.781s][info][gc,phases,start] GC(2690) Forward
[793.864s][info][gc,phases      ] GC(2690) Forward 83.478ms
[793.865s][info][gc,phases,start] GC(2690) Adjust Pointers
[794.149s][info][gc,phases      ] GC(2690) Adjust Pointers 284.271ms
[794.149s][info][gc,phases,start] GC(2690) Compaction Phase
[794.298s][info][gc,phases      ] GC(2690) Compaction Phase 149.092ms
[794.304s][info][gc,phases,start] GC(2690) Post Compact
[794.307s][info][gc,phases      ] GC(2690) Post Compact 2.270ms
[794.307s][info][gc,heap        ] GC(2690) PSYoungGen: 111616K(222720K)->0K(222720K) Eden: 111616K(111616K)->0K(111616K) From: 0K(111104K)->0K(111104K)
[794.307s][info][gc,heap        ] GC(2690) ParOldGen: 651468K(667648K)->555732K(667648K)
[794.307s][info][gc,metaspace   ] GC(2690) Metaspace: 19087K(19200K)->19087K(19200K) NonClass: 17257K(17344K)->17257K(17344K) Class: 1829K(1856K)->1829K(1856K)
[794.307s][info][gc             ] GC(2690) Pause Full (Allocation Failure) 745M->542M(869M) 910.758ms
[794.307s][info][gc,cpu         ] GC(2690) User=1.75s Sys=0.00s Real=0.91s
[794.517s][info][gc,start       ] GC(2691) Pause Young (Allocation Failure)
[794.521s][info][gc,heap        ] GC(2691) PSYoungGen: 111616K(222720K)->2368K(222720K) Eden: 111616K(111616K)->0K(111616K) From: 0K(111104K)->2368K(111104K)
[794.522s][info][gc,heap        ] GC(2691) ParOldGen: 555732K(667648K)->555732K(667648K)
[794.522s][info][gc,metaspace   ] GC(2691) Metaspace: 19087K(19200K)->19087K(19200K) NonClass: 17257K(17344K)->17257K(17344K) Class: 1829K(1856K)->1829K(1856K)
[794.522s][info][gc             ] GC(2691) Pause Young (Allocation Failure) 651M->545M(869M) 4.052ms
[794.522s][info][gc,cpu         ] GC(2691) User=0.01s Sys=0.00s Real=0.00s
[794.650s][info][gc,start       ] GC(2692) Pause Young (Allocation Failure)
[794.672s][info][gc,heap        ] GC(2692) PSYoungGen: 113984K(222720K)->27744K(222720K) Eden: 111616K(111616K)->0K(111616K) From: 2368K(111104K)->27744K(111104K)
[794.672s][info][gc,heap        ] GC(2692) ParOldGen: 555732K(667648K)->555732K(667648K)
[794.672s][info][gc,metaspace   ] GC(2692) Metaspace: 19087K(19200K)->19087K(19200K) NonClass: 17257K(17344K)->17257K(17344K) Class: 1829K(1856K)->1829K(1856K)
[794.672s][info][gc             ] GC(2692) Pause Young (Allocation Failure) 654M->569M(869M) 21.458ms
[794.672s][info][gc,cpu         ] GC(2692) User=0.05s Sys=0.00s Real=0.02s
[794.734s][info][gc,start       ] GC(2693) Pause Young (Allocation Failure)
[794.778s][info][gc,heap        ] GC(2693) PSYoungGen: 139360K(222720K)->65984K(222720K) Eden: 111616K(111616K)->0K(111616K) From: 27744K(111104K)->65984K(111104K)
[794.778s][info][gc,heap        ] GC(2693) ParOldGen: 555732K(667648K)->555732K(667648K)
[794.778s][info][gc,metaspace   ] GC(2693) Metaspace: 19087K(19200K)->19087K(19200K) NonClass: 17257K(17344K)->17257K(17344K) Class: 1829K(1856K)->1829K(1856K)
[794.778s][info][gc             ] GC(2693) Pause Young (Allocation Failure) 678M->607M(869M) 43.444ms
[794.778s][info][gc,cpu         ] GC(2693) User=0.08s Sys=0.00s Real=0.04s
[794.968s][info][gc,start       ] GC(2694) Pause Young (Allocation Failure)
[795.015s][info][gc,heap        ] GC(2694) PSYoungGen: 177600K(222720K)->75264K(222720K) Eden: 111616K(111616K)->0K(111616K) From: 65984K(111104K)->75264K(111104K)
[795.015s][info][gc,heap        ] GC(2694) ParOldGen: 555732K(667648K)->558068K(667648K)
[795.015s][info][gc,metaspace   ] GC(2694) Metaspace: 19087K(19200K)->19087K(19200K) NonClass: 17257K(17344K)->17257K(17344K) Class: 1829K(1856K)->1829K(1856K)
[795.015s][info][gc             ] GC(2694) Pause Young (Allocation Failure) 716M->618M(869M) 47.376ms
[795.015s][info][gc,cpu         ] GC(2694) User=0.09s Sys=0.00s Real=0.05s
[795.145s][info][gc,start       ] GC(2695) Pause Young (Allocation Failure)
[795.198s][info][gc,heap        ] GC(2695) PSYoungGen: 186880K(222720K)->15734K(222720K) Eden: 111616K(111616K)->0K(111616K) From: 75264K(111104K)->15734K(111104K)
[795.198s][info][gc,heap        ] GC(2695) ParOldGen: 558068K(667648K)->622475K(667648K)
[795.198s][info][gc,metaspace   ] GC(2695) Metaspace: 19087K(19200K)->19087K(19200K) NonClass: 17257K(17344K)->17257K(17344K) Class: 1829K(1856K)->1829K(1856K)
[795.198s][info][gc             ] GC(2695) Pause Young (Allocation Failure) 727M->623M(869M) 53.638ms
[795.198s][info][gc,cpu         ] GC(2695) User=0.10s Sys=0.00s Real=0.05s
[795.332s][info][gc,start       ] GC(2696) Pause Full (Allocation Failure)
[795.332s][info][gc,phases,start] GC(2696) Marking Phase
[795.537s][info][gc,phases      ] GC(2696) Marking Phase 204.966ms
[795.537s][info][gc,phases,start] GC(2696) Summary Phase
[795.537s][info][gc,phases      ] GC(2696) Summary Phase 0.027ms
[795.537s][info][gc,phases,start] GC(2696) Forward
[795.616s][info][gc,phases      ] GC(2696) Forward 78.872ms
[795.616s][info][gc,phases,start] GC(2696) Adjust Pointers
[795.775s][info][gc,phases      ] GC(2696) Adjust Pointers 159.469ms
[795.775s][info][gc,phases,start] GC(2696) Compaction Phase
[795.863s][info][gc,phases      ] GC(2696) Compaction Phase 87.671ms
[795.873s][info][gc,phases,start] GC(2696) Post Compact
[795.875s][info][gc,phases      ] GC(2696) Post Compact 2.214ms
[795.878s][info][gc,heap        ] GC(2696) PSYoungGen: 127350K(222720K)->0K(222720K) Eden: 111616K(111616K)->0K(111616K) From: 15734K(111104K)->0K(111104K)
[795.878s][info][gc,heap        ] GC(2696) ParOldGen: 622475K(667648K)->325790K(634368K)
[795.878s][info][gc,metaspace   ] GC(2696) Metaspace: 19087K(19200K)->19087K(19200K) NonClass: 17257K(17344K)->17257K(17344K) Class: 1829K(1856K)->1829K(1856K)
[795.878s][info][gc             ] GC(2696) Pause Full (Allocation Failure) 732M->318M(837M) 546.433ms
[795.878s][info][gc,cpu         ] GC(2696) User=0.98s Sys=0.01s Real=0.55s
[795.931s][info][gc,start       ] GC(2697) Pause Young (Allocation Failure)
[795.955s][info][gc,heap        ] GC(2697) PSYoungGen: 111616K(222720K)->34688K(222720K) Eden: 111616K(111616K)->0K(111616K) From: 0K(111104K)->34688K(111104K)
[795.955s][info][gc,heap        ] GC(2697) ParOldGen: 325790K(634368K)->325790K(634368K)
[795.955s][info][gc,metaspace   ] GC(2697) Metaspace: 19087K(19200K)->19087K(19200K) NonClass: 17257K(17344K)->17257K(17344K) Class: 1829K(1856K)->1829K(1856K)
[795.955s][info][gc             ] GC(2697) Pause Young (Allocation Failure) 427M->352M(837M) 24.342ms
[795.955s][info][gc,cpu         ] GC(2697) User=0.05s Sys=0.00s Real=0.03s
[796.013s][info][gc,start       ] GC(2698) Pause Young (Allocation Failure)
[796.055s][info][gc,heap        ] GC(2698) PSYoungGen: 146304K(222720K)->35456K(222720K) Eden: 111616K(111616K)->0K(111616K) From: 34688K(111104K)->35456K(111104K)
[796.055s][info][gc,heap        ] GC(2698) ParOldGen: 325790K(634368K)->360990K(634368K)
[796.055s][info][gc,metaspace   ] GC(2698) Metaspace: 19087K(19200K)->19087K(19200K) NonClass: 17257K(17344K)->17257K(17344K) Class: 1829K(1856K)->1829K(1856K)
[796.055s][info][gc             ] GC(2698) Pause Young (Allocation Failure) 461M->387M(837M) 42.776ms
[796.055s][info][gc,cpu         ] GC(2698) User=0.09s Sys=0.00s Real=0.04s
[796.183s][info][gc,start       ] GC(2699) Pause Young (Allocation Failure)
[796.208s][info][gc,heap        ] GC(2699) PSYoungGen: 147072K(222720K)->4384K(222720K) Eden: 111616K(111616K)->0K(111616K) From: 35456K(111104K)->4384K(111104K)
[796.208s][info][gc,heap        ] GC(2699) ParOldGen: 360990K(634368K)->396858K(634368K)
[796.208s][info][gc,metaspace   ] GC(2699) Metaspace: 19087K(19200K)->19087K(19200K) NonClass: 17257K(17344K)->17257K(17344K) Class: 1829K(1856K)->1829K(1856K)
[796.208s][info][gc             ] GC(2699) Pause Young (Allocation Failure) 496M->391M(837M) 25.192ms
[796.208s][info][gc,cpu         ] GC(2699) User=0.05s Sys=0.00s Real=0.02s
[796.313s][info][gc,start       ] GC(2700) Pause Young (Allocation Failure)
[796.319s][info][gc,heap        ] GC(2700) PSYoungGen: 116000K(222720K)->128K(222720K) Eden: 111616K(111616K)->0K(111616K) From: 4384K(111104K)->128K(111104K)
[796.319s][info][gc,heap        ] GC(2700) ParOldGen: 396858K(634368K)->401258K(634368K)
[796.319s][info][gc,metaspace   ] GC(2700) Metaspace: 19087K(19200K)->19087K(19200K) NonClass: 17257K(17344K)->17257K(17344K) Class: 1829K(1856K)->1829K(1856K)
[796.319s][info][gc             ] GC(2700) Pause Young (Allocation Failure) 500M->391M(837M) 6.264ms
[796.319s][info][gc,cpu         ] GC(2700) User=0.01s Sys=0.00s Real=0.00s
[796.420s][info][gc,start       ] GC(2701) Pause Young (Allocation Failure)
[796.422s][info][gc,heap        ] GC(2701) PSYoungGen: 111744K(222720K)->128K(222720K) Eden: 111616K(111616K)->0K(111616K) From: 128K(111104K)->128K(111104K)
[796.422s][info][gc,heap        ] GC(2701) ParOldGen: 401258K(634368K)->401322K(634368K)
[796.422s][info][gc,metaspace   ] GC(2701) Metaspace: 19087K(19200K)->19087K(19200K) NonClass: 17257K(17344K)->17257K(17344K) Class: 1829K(1856K)->1829K(1856K)
[796.422s][info][gc             ] GC(2701) Pause Young (Allocation Failure) 500M->392M(837M) 1.816ms
[796.422s][info][gc,cpu         ] GC(2701) User=0.00s Sys=0.00s Real=0.01s
[796.523s][info][gc,start       ] GC(2702) Pause Young (Allocation Failure)
[796.525s][info][gc,heap        ] GC(2702) PSYoungGen: 111744K(222720K)->160K(222720K) Eden: 111616K(111616K)->0K(111616K) From: 128K(111104K)->160K(111104K)
[796.525s][info][gc,heap        ] GC(2702) ParOldGen: 401322K(634368K)->401418K(634368K)
[796.525s][info][gc,metaspace   ] GC(2702) Metaspace: 19087K(19200K)->19087K(19200K) NonClass: 17257K(17344K)->17257K(17344K) Class: 1829K(1856K)->1829K(1856K)
[796.525s][info][gc             ] GC(2702) Pause Young (Allocation Failure) 501M->392M(837M) 1.892ms
[796.525s][info][gc,cpu         ] GC(2702) User=0.00s Sys=0.00s Real=0.00s
[796.626s][info][gc,start       ] GC(2703) Pause Young (Allocation Failure)
[796.627s][info][gc,heap        ] GC(2703) PSYoungGen: 111776K(222720K)->128K(222720K) Eden: 111616K(111616K)->0K(111616K) From: 160K(111104K)->128K(111104K)
[796.627s][info][gc,heap        ] GC(2703) ParOldGen: 401418K(634368K)->401538K(634368K)
[796.627s][info][gc,metaspace   ] GC(2703) Metaspace: 19087K(19200K)->19087K(19200K) NonClass: 17257K(17344K)->17257K(17344K) Class: 1829K(1856K)->1829K(1856K)
[796.628s][info][gc             ] GC(2703) Pause Young (Allocation Failure) 501M->392M(837M) 1.870ms
[796.628s][info][gc,cpu         ] GC(2703) User=0.01s Sys=0.00s Real=0.00s
[796.730s][info][gc,start       ] GC(2704) Pause Young (Allocation Failure)
[796.732s][info][gc,heap        ] GC(2704) PSYoungGen: 111744K(222720K)->96K(222720K) Eden: 111616K(111616K)->0K(111616K) From: 128K(111104K)->96K(111104K)
[796.732s][info][gc,heap        ] GC(2704) ParOldGen: 401538K(634368K)->401634K(634368K)
[796.732s][info][gc,metaspace   ] GC(2704) Metaspace: 19087K(19200K)->19087K(19200K) NonClass: 17257K(17344K)->17257K(17344K) Class: 1829K(1856K)->1829K(1856K)
[796.732s][info][gc             ] GC(2704) Pause Young (Allocation Failure) 501M->392M(837M) 1.823ms
[796.732s][info][gc,cpu         ] GC(2704) User=0.00s Sys=0.00s Real=0.01s
[796.836s][info][gc,start       ] GC(2705) Pause Young (Allocation Failure)
[796.838s][info][gc,heap        ] GC(2705) PSYoungGen: 111712K(222720K)->96K(222720K) Eden: 111616K(111616K)->0K(111616K) From: 96K(111104K)->96K(111104K)
[796.838s][info][gc,heap        ] GC(2705) ParOldGen: 401634K(634368K)->401714K(634368K)
[796.838s][info][gc,metaspace   ] GC(2705) Metaspace: 19087K(19200K)->19087K(19200K) NonClass: 17257K(17344K)->17257K(17344K) Class: 1829K(1856K)->1829K(1856K)
[796.838s][info][gc             ] GC(2705) Pause Young (Allocation Failure) 501M->392M(837M) 1.858ms
[796.838s][info][gc,cpu         ] GC(2705) User=0.00s Sys=0.00s Real=0.00s
[796.938s][info][gc,start       ] GC(2706) Pause Young (Allocation Failure)
[796.940s][info][gc,heap        ] GC(2706) PSYoungGen: 111712K(222720K)->128K(221696K) Eden: 111616K(111616K)->0K(111616K) From: 96K(111104K)->128K(110080K)
[796.940s][info][gc,heap        ] GC(2706) ParOldGen: 401714K(634368K)->401778K(634368K)
[796.940s][info][gc,metaspace   ] GC(2706) Metaspace: 19087K(19200K)->19087K(19200K) NonClass: 17257K(17344K)->17257K(17344K) Class: 1829K(1856K)->1829K(1856K)
[796.940s][info][gc             ] GC(2706) Pause Young (Allocation Failure) 501M->392M(836M) 1.966ms
[796.940s][info][gc,cpu         ] GC(2706) User=0.00s Sys=0.00s Real=0.00s
[797.042s][info][gc,start       ] GC(2707) Pause Young (Allocation Failure)
[797.044s][info][gc,heap        ] GC(2707) PSYoungGen: 111744K(221696K)->224K(112128K) Eden: 111616K(111616K)->0K(111616K) From: 128K(110080K)->224K(512K)
[797.045s][info][gc,heap        ] GC(2707) ParOldGen: 401778K(634368K)->401778K(634368K)
[797.045s][info][gc,metaspace   ] GC(2707) Metaspace: 19087K(19200K)->19087K(19200K) NonClass: 17257K(17344K)->17257K(17344K) Class: 1829K(1856K)->1829K(1856K)
[797.045s][info][gc             ] GC(2707) Pause Young (Allocation Failure) 501M->392M(729M) 2.880ms
[797.045s][info][gc,cpu         ] GC(2707) User=0.01s Sys=0.01s Real=0.01s
[797.144s][info][gc,start       ] GC(2708) Pause Young (Allocation Failure)
[797.147s][info][gc,heap        ] GC(2708) PSYoungGen: 111840K(112128K)->256K(209408K) Eden: 111616K(111616K)->0K(113152K) From: 224K(512K)->256K(96256K)
[797.147s][info][gc,heap        ] GC(2708) ParOldGen: 401778K(634368K)->401778K(634368K)
[797.147s][info][gc,metaspace   ] GC(2708) Metaspace: 19087K(19200K)->19087K(19200K) NonClass: 17257K(17344K)->17257K(17344K) Class: 1829K(1856K)->1829K(1856K)
[797.147s][info][gc             ] GC(2708) Pause Young (Allocation Failure) 501M->392M(824M) 2.866ms
[797.147s][info][gc,cpu         ] GC(2708) User=0.01s Sys=0.00s Real=0.00s
[797.266s][info][gc,start       ] GC(2709) Pause Young (Allocation Failure)
[797.273s][info][gc,heap        ] GC(2709) PSYoungGen: 113408K(209408K)->2400K(115712K) Eden: 113152K(113152K)->0K(113152K) From: 256K(96256K)->2400K(2560K)
[797.273s][info][gc,heap        ] GC(2709) ParOldGen: 401778K(634368K)->401778K(634368K)
[797.273s][info][gc,metaspace   ] GC(2709) Metaspace: 19087K(19200K)->19087K(19200K) NonClass: 17257K(17344K)->17257K(17344K) Class: 1829K(1856K)->1829K(1856K)
[797.273s][info][gc             ] GC(2709) Pause Young (Allocation Failure) 503M->394M(732M) 7.259ms
[797.273s][info][gc,cpu         ] GC(2709) User=0.01s Sys=0.00s Real=0.01s
[797.378s][info][gc,start       ] GC(2710) Pause Young (Allocation Failure)
[797.396s][info][gc,heap        ] GC(2710) PSYoungGen: 115552K(115712K)->4064K(200704K) Eden: 113152K(113152K)->0K(115712K) From: 2400K(2560K)->4064K(84992K)
[797.396s][info][gc,heap        ] GC(2710) ParOldGen: 401778K(634368K)->401778K(634368K)
[797.396s][info][gc,metaspace   ] GC(2710) Metaspace: 19087K(19200K)->19087K(19200K) NonClass: 17257K(17344K)->17257K(17344K) Class: 1829K(1856K)->1829K(1856K)
[797.396s][info][gc             ] GC(2710) Pause Young (Allocation Failure) 505M->396M(815M) 17.948ms
[797.396s][info][gc,cpu         ] GC(2710) User=0.03s Sys=0.00s Real=0.02s
[797.522s][info][gc,start       ] GC(2711) Pause Young (Allocation Failure)
[797.555s][info][gc,heap        ] GC(2711) PSYoungGen: 119776K(200704K)->21419K(137216K) Eden: 115712K(115712K)->0K(115712K) From: 4064K(84992K)->21419K(21504K)
[797.555s][info][gc,heap        ] GC(2711) ParOldGen: 401778K(634368K)->401778K(634368K)
[797.556s][info][gc,metaspace   ] GC(2711) Metaspace: 19087K(19200K)->19087K(19200K) NonClass: 17257K(17344K)->17257K(17344K) Class: 1829K(1856K)->1829K(1856K)
[797.556s][info][gc             ] GC(2711) Pause Young (Allocation Failure) 509M->413M(753M) 34.015ms
[797.556s][info][gc,cpu         ] GC(2711) User=0.07s Sys=0.00s Real=0.04s
[797.670s][info][gc,start       ] GC(2712) Pause Young (Allocation Failure)
[797.714s][info][gc,heap        ] GC(2712) PSYoungGen: 137131K(137216K)->29771K(202240K) Eden: 115712K(115712K)->0K(120832K) From: 21419K(21504K)->29771K(81408K)
[797.714s][info][gc,heap        ] GC(2712) ParOldGen: 401778K(634368K)->401778K(634368K)
[797.714s][info][gc,metaspace   ] GC(2712) Metaspace: 19087K(19200K)->19087K(19200K) NonClass: 17257K(17344K)->17257K(17344K) Class: 1829K(1856K)->1829K(1856K)
[797.714s][info][gc             ] GC(2712) Pause Young (Allocation Failure) 526M->421M(817M) 43.663ms
[797.714s][info][gc,cpu         ] GC(2712) User=0.08s Sys=0.00s Real=0.05s
[797.816s][info][gc,start       ] GC(2713) Pause Young (Allocation Failure)
[797.874s][info][gc,heap        ] GC(2713) PSYoungGen: 150603K(202240K)->45099K(203264K) Eden: 120832K(120832K)->0K(120832K) From: 29771K(81408K)->45099K(82432K)
[797.874s][info][gc,heap        ] GC(2713) ParOldGen: 401778K(634368K)->401778K(634368K)
[797.874s][info][gc,metaspace   ] GC(2713) Metaspace: 19087K(19200K)->19087K(19200K) NonClass: 17257K(17344K)->17257K(17344K) Class: 1829K(1856K)->1829K(1856K)
[797.874s][info][gc             ] GC(2713) Pause Young (Allocation Failure) 539M->436M(818M) 58.267ms
[797.874s][info][gc,cpu         ] GC(2713) User=0.12s Sys=0.00s Real=0.06s
[797.987s][info][gc,start       ] GC(2714) Pause Young (Allocation Failure)
[798.057s][info][gc,heap        ] GC(2714) PSYoungGen: 165931K(203264K)->58411K(206848K) Eden: 120832K(120832K)->0K(120320K) From: 45099K(82432K)->58411K(86528K)
[798.057s][info][gc,heap        ] GC(2714) ParOldGen: 401778K(634368K)->401778K(634368K)
[798.057s][info][gc,metaspace   ] GC(2714) Metaspace: 19087K(19200K)->19087K(19200K) NonClass: 17257K(17344K)->17257K(17344K) Class: 1829K(1856K)->1829K(1856K)
[798.057s][info][gc             ] GC(2714) Pause Young (Allocation Failure) 554M->449M(821M) 70.155ms
[798.057s][info][gc,cpu         ] GC(2714) User=0.13s Sys=0.00s Real=0.07s
[798.125s][info][gc,start       ] GC(2715) Pause Young (Allocation Failure)
[798.195s][info][gc,heap        ] GC(2715) PSYoungGen: 178731K(206848K)->59723K(214016K) Eden: 120320K(120320K)->0K(120320K) From: 58411K(86528K)->59723K(93696K)
[798.195s][info][gc,heap        ] GC(2715) ParOldGen: 401778K(634368K)->401778K(634368K)
[798.195s][info][gc,metaspace   ] GC(2715) Metaspace: 19087K(19200K)->19087K(19200K) NonClass: 17257K(17344K)->17257K(17344K) Class: 1829K(1856K)->1829K(1856K)
[798.195s][info][gc             ] GC(2715) Pause Young (Allocation Failure) 566M->450M(828M) 70.410ms
[798.195s][info][gc,cpu         ] GC(2715) User=0.14s Sys=0.00s Real=0.07s
[798.298s][info][gc,start       ] GC(2716) Pause Young (Allocation Failure)
[798.371s][info][gc,heap        ] GC(2716) PSYoungGen: 180043K(214016K)->60843K(223744K) Eden: 120320K(120320K)->0K(123904K) From: 59723K(93696K)->60843K(99840K)
[798.371s][info][gc,heap        ] GC(2716) ParOldGen: 401778K(634368K)->401778K(634368K)
[798.371s][info][gc,metaspace   ] GC(2716) Metaspace: 19087K(19200K)->19087K(19200K) NonClass: 17257K(17344K)->17257K(17344K) Class: 1829K(1856K)->1829K(1856K)
[798.371s][info][gc             ] GC(2716) Pause Young (Allocation Failure) 568M->451M(838M) 73.647ms
[798.371s][info][gc,cpu         ] GC(2716) User=0.14s Sys=0.00s Real=0.07s
[798.477s][info][gc,start       ] GC(2717) Pause Young (Allocation Failure)
[798.550s][info][gc,heap        ] GC(2717) PSYoungGen: 184747K(223744K)->64555K(188928K) Eden: 123904K(123904K)->0K(123904K) From: 60843K(99840K)->64555K(65024K)
[798.550s][info][gc,heap        ] GC(2717) ParOldGen: 401778K(634368K)->401778K(634368K)
[798.550s][info][gc,metaspace   ] GC(2717) Metaspace: 19087K(19200K)->19087K(19200K) NonClass: 17257K(17344K)->17257K(17344K) Class: 1829K(1856K)->1829K(1856K)
[798.550s][info][gc             ] GC(2717) Pause Young (Allocation Failure) 572M->455M(804M) 73.619ms
[798.550s][info][gc,cpu         ] GC(2717) User=0.15s Sys=0.01s Real=0.07s
[798.639s][info][gc,start       ] GC(2718) Pause Young (Allocation Failure)
[798.713s][info][gc,heap        ] GC(2718) PSYoungGen: 188459K(188928K)->64651K(221696K) Eden: 123904K(123904K)->0K(111616K) From: 64555K(65024K)->64651K(110080K)
[798.713s][info][gc,heap        ] GC(2718) ParOldGen: 401778K(634368K)->401778K(634368K)
[798.713s][info][gc,metaspace   ] GC(2718) Metaspace: 19087K(19200K)->19087K(19200K) NonClass: 17257K(17344K)->17257K(17344K) Class: 1829K(1856K)->1829K(1856K)
[798.713s][info][gc             ] GC(2718) Pause Young (Allocation Failure) 576M->455M(836M) 74.095ms
[798.713s][info][gc,cpu         ] GC(2718) User=0.15s Sys=0.00s Real=0.08s
[798.804s][info][gc,start       ] GC(2719) Pause Young (Allocation Failure)
[798.885s][info][gc,heap        ] GC(2719) PSYoungGen: 176267K(221696K)->72907K(222720K) Eden: 111616K(111616K)->0K(111616K) From: 64651K(110080K)->72907K(111104K)
[798.885s][info][gc,heap        ] GC(2719) ParOldGen: 401778K(634368K)->401970K(634368K)
[798.885s][info][gc,metaspace   ] GC(2719) Metaspace: 19087K(19200K)->19087K(19200K) NonClass: 17257K(17344K)->17257K(17344K) Class: 1829K(1856K)->1829K(1856K)
[798.885s][info][gc             ] GC(2719) Pause Young (Allocation Failure) 564M->463M(837M) 81.046ms
[798.885s][info][gc,cpu         ] GC(2719) User=0.16s Sys=0.00s Real=0.08s
[799.007s][info][gc,start       ] GC(2720) Pause Young (Allocation Failure)
[799.103s][info][gc,heap        ] GC(2720) PSYoungGen: 184523K(222720K)->79244K(222720K) Eden: 111616K(111616K)->0K(111616K) From: 72907K(111104K)->79244K(111104K)
[799.103s][info][gc,heap        ] GC(2720) ParOldGen: 401970K(634368K)->404146K(634368K)
[799.103s][info][gc,metaspace   ] GC(2720) Metaspace: 19087K(19200K)->19087K(19200K) NonClass: 17257K(17344K)->17257K(17344K) Class: 1829K(1856K)->1829K(1856K)
[799.103s][info][gc             ] GC(2720) Pause Young (Allocation Failure) 572M->472M(837M) 96.574ms
[799.103s][info][gc,cpu         ] GC(2720) User=0.18s Sys=0.01s Real=0.10s
[799.209s][info][gc,start       ] GC(2721) Pause Young (Allocation Failure)
[799.306s][info][gc,heap        ] GC(2721) PSYoungGen: 190860K(222720K)->68512K(222720K) Eden: 111616K(111616K)->0K(111616K) From: 79244K(111104K)->68512K(111104K)
[799.306s][info][gc,heap        ] GC(2721) ParOldGen: 404146K(634368K)->423238K(634368K)
[799.306s][info][gc,metaspace   ] GC(2721) Metaspace: 19087K(19200K)->19087K(19200K) NonClass: 17257K(17344K)->17257K(17344K) Class: 1829K(1856K)->1829K(1856K)
[799.306s][info][gc             ] GC(2721) Pause Young (Allocation Failure) 581M->480M(837M) 97.672ms
[799.307s][info][gc,cpu         ] GC(2721) User=0.19s Sys=0.00s Real=0.10s
[799.510s][info][gc,start       ] GC(2722) Pause Young (Allocation Failure)
[799.574s][info][gc,heap        ] GC(2722) PSYoungGen: 180128K(222720K)->44864K(222720K) Eden: 111616K(111616K)->0K(111616K) From: 68512K(111104K)->44864K(111104K)
[799.574s][info][gc,heap        ] GC(2722) ParOldGen: 423238K(634368K)->447006K(634368K)
[799.574s][info][gc,metaspace   ] GC(2722) Metaspace: 19087K(19200K)->19087K(19200K) NonClass: 17257K(17344K)->17257K(17344K) Class: 1829K(1856K)->1829K(1856K)
[799.574s][info][gc             ] GC(2722) Pause Young (Allocation Failure) 589M->480M(837M) 64.279ms
[799.574s][info][gc,cpu         ] GC(2722) User=0.12s Sys=0.00s Real=0.07s
[799.748s][info][gc,start       ] GC(2723) Pause Young (Allocation Failure)
[799.804s][info][gc,heap        ] GC(2723) PSYoungGen: 156480K(222720K)->39888K(222720K) Eden: 111616K(111616K)->0K(111616K) From: 44864K(111104K)->39888K(111104K)
[799.804s][info][gc,heap        ] GC(2723) ParOldGen: 447006K(634368K)->461702K(634368K)
[799.804s][info][gc,metaspace   ] GC(2723) Metaspace: 19087K(19200K)->19087K(19200K) NonClass: 17257K(17344K)->17257K(17344K) Class: 1829K(1856K)->1829K(1856K)
[799.804s][info][gc             ] GC(2723) Pause Young (Allocation Failure) 589M->489M(837M) 56.194ms
[799.804s][info][gc,cpu         ] GC(2723) User=0.11s Sys=0.00s Real=0.06s
[799.922s][info][gc,start       ] GC(2724) Pause Young (Allocation Failure)
[799.980s][info][gc,heap        ] GC(2724) PSYoungGen: 151504K(222720K)->53456K(218624K) Eden: 111616K(111616K)->0K(111616K) From: 39888K(111104K)->53456K(107008K)
[799.980s][info][gc,heap        ] GC(2724) ParOldGen: 461702K(634368K)->466582K(634368K)
[799.980s][info][gc,metaspace   ] GC(2724) Metaspace: 19087K(19200K)->19087K(19200K) NonClass: 17257K(17344K)->17257K(17344K) Class: 1829K(1856K)->1829K(1856K)
[799.980s][info][gc             ] GC(2724) Pause Young (Allocation Failure) 598M->507M(833M) 57.725ms
[799.980s][info][gc,cpu         ] GC(2724) User=0.12s Sys=0.00s Real=0.05s
[800.110s][info][gc,start       ] GC(2725) Pause Young (Allocation Failure)
[800.177s][info][gc,heap        ] GC(2725) PSYoungGen: 165072K(218624K)->69472K(220672K) Eden: 111616K(111616K)->0K(111616K) From: 53456K(107008K)->69472K(109056K)
[800.177s][info][gc,heap        ] GC(2725) ParOldGen: 466582K(634368K)->466582K(634368K)
[800.177s][info][gc,metaspace   ] GC(2725) Metaspace: 19087K(19200K)->19087K(19200K) NonClass: 17257K(17344K)->17257K(17344K) Class: 1829K(1856K)->1829K(1856K)
[800.177s][info][gc             ] GC(2725) Pause Young (Allocation Failure) 616M->523M(835M) 66.886ms
[800.177s][info][gc,cpu         ] GC(2725) User=0.14s Sys=0.00s Real=0.07s
[800.262s][info][gc,start       ] GC(2726) Pause Young (Allocation Failure)
[800.328s][info][gc,heap        ] GC(2726) PSYoungGen: 181088K(220672K)->70128K(222720K) Eden: 111616K(111616K)->0K(111616K) From: 69472K(109056K)->70128K(111104K)
[800.328s][info][gc,heap        ] GC(2726) ParOldGen: 466582K(634368K)->466582K(634368K)
[800.328s][info][gc,metaspace   ] GC(2726) Metaspace: 19087K(19200K)->19087K(19200K) NonClass: 17257K(17344K)->17257K(17344K) Class: 1829K(1856K)->1829K(1856K)
[800.328s][info][gc             ] GC(2726) Pause Young (Allocation Failure) 632M->524M(837M) 65.488ms
[800.328s][info][gc,cpu         ] GC(2726) User=0.13s Sys=0.00s Real=0.06s
[800.453s][info][gc,start       ] GC(2727) Pause Young (Allocation Failure)
[800.521s][info][gc,heap        ] GC(2727) PSYoungGen: 181744K(222720K)->63600K(222720K) Eden: 111616K(111616K)->0K(111616K) From: 70128K(111104K)->63600K(111104K)
[800.521s][info][gc,heap        ] GC(2727) ParOldGen: 466582K(634368K)->475142K(634368K)
[800.521s][info][gc,metaspace   ] GC(2727) Metaspace: 19087K(19200K)->19087K(19200K) NonClass: 17257K(17344K)->17257K(17344K) Class: 1829K(1856K)->1829K(1856K)
[800.521s][info][gc             ] GC(2727) Pause Young (Allocation Failure) 633M->526M(837M) 67.869ms
[800.521s][info][gc,cpu         ] GC(2727) User=0.14s Sys=0.00s Real=0.06s
[800.633s][info][gc,start       ] GC(2728) Pause Young (Allocation Failure)
