[0.002s][info][metaspace]  - commit_granule_bytes: 65536.
[0.002s][info][metaspace]  - commit_granule_words: 8192.
[0.002s][info][metaspace]  - virtual_space_node_default_size: 8388608.
[0.002s][info][metaspace]  - enlarge_chunks_in_place: 1.
[0.004s][info][gc,init  ] CardTable entry size: 512
[0.005s][info][gc       ] Using Parallel
[0.005s][info][gc,init  ] Version: 24-internal-adhoc.root.jdk (release)
[0.005s][info][gc,init  ] CPUs: 2 total, 2 available
[0.005s][info][gc,init  ] Memory: 3908M
[0.005s][info][gc,init  ] Large Page Support: Disabled
[0.005s][info][gc,init  ] NUMA Support: Disabled
[0.005s][info][gc,init  ] Compressed Oops: Enabled (32-bit)
[0.006s][info][gc,init  ] Alignments: Space 512K, Generation 512K, Heap 2M
[0.006s][info][gc,init  ] Heap Min Capacity: 256M
[0.006s][info][gc,init  ] Heap Initial Capacity: 256M
[0.006s][info][gc,init  ] Heap Max Capacity: 978M
[0.006s][info][gc,init  ] Pre-touch: Disabled
[0.006s][info][gc,init  ] Parallel Workers: 2
[0.020s][info][gc,metaspace] CDS archive(s) mapped at: [0x00007fe4e6000000-0x00007fe4e6dc0000-0x00007fe4e6dc0000), size 14417920, SharedBaseAddress: 0x00007fe4e6000000, ArchiveRelocationMode: 1.
[0.020s][info][gc,metaspace] Compressed class space mapped at: 0x00007fe4e7000000-0x00007fe527000000, reserved size: 1073741824
[0.020s][info][gc,metaspace] UseCompressedClassPointers 1, UseCompactObjectHeaders 0
[0.020s][info][gc,metaspace] Narrow klass pointer bits 32, Max shift 3
[0.020s][info][gc,metaspace] Narrow klass base: 0x00007fe4e6000000, Narrow klass shift: 0
[0.020s][info][gc,metaspace] Encoding Range: [0x00007fe4e6000000 - 0x00007fe5e6000000), (4294967296 bytes)
[0.020s][info][gc,metaspace] Klass Range:    [0x00007fe4e6000000 - 0x00007fe527000000), (1090519040 bytes)
[0.020s][info][gc,metaspace] Klass ID Range:  [8 - 1090519033) (1090519025)
[0.182s][info][gc,heap,exit] Heap
[0.182s][info][gc,heap,exit]  PSYoungGen      total 76288K, used 10486K [0x00000000eba00000, 0x00000000f0f00000, 0x0000000100000000)
[0.182s][info][gc,heap,exit]   eden space 65536K, 16% used [0x00000000eba00000,0x00000000ec43d890,0x00000000efa00000)
[0.182s][info][gc,heap,exit]   from space 10752K, 0% used [0x00000000f0480000,0x00000000f0480000,0x00000000f0f00000)
[0.182s][info][gc,heap,exit]   to   space 10752K, 0% used [0x00000000efa00000,0x00000000efa00000,0x00000000f0480000)
[0.182s][info][gc,heap,exit]  ParOldGen       total 175104K, used 1157K [0x00000000c2e00000, 0x00000000cd900000, 0x00000000eba00000)
[0.182s][info][gc,heap,exit]   object space 175104K, 0% used [0x00000000c2e00000,0x00000000c2f21430,0x00000000cd900000)
[0.182s][info][gc,heap,exit]  Metaspace       used 1574K, committed 1728K, reserved 1114112K
[0.182s][info][gc,heap,exit]   class space    used 135K, committed 192K, reserved 1048576K
