[0.002s][info][metaspace]  - commit_granule_bytes: 65536.
[0.002s][info][metaspace]  - commit_granule_words: 8192.
[0.002s][info][metaspace]  - virtual_space_node_default_size: 8388608.
[0.002s][info][metaspace]  - enlarge_chunks_in_place: 1.
[0.004s][info][gc,init  ] CardTable entry size: 512
[0.005s][info][gc       ] Using Parallel
[0.005s][info][gc,init  ] Version: 24-internal-adhoc.root.jdk (release)
[0.005s][info][gc,init  ] CPUs: 2 total, 2 available
[0.005s][info][gc,init  ] Memory: 3908M
[0.005s][info][gc,init  ] Large Page Support: Disabled
[0.005s][info][gc,init  ] NUMA Support: Disabled
[0.005s][info][gc,init  ] Compressed Oops: Enabled (32-bit)
[0.005s][info][gc,init  ] Alignments: Space 512K, Generation 512K, Heap 2M
[0.005s][info][gc,init  ] Heap Min Capacity: 256M
[0.005s][info][gc,init  ] Heap Initial Capacity: 256M
[0.005s][info][gc,init  ] Heap Max Capacity: 978M
[0.005s][info][gc,init  ] Pre-touch: Disabled
[0.005s][info][gc,init  ] Parallel Workers: 2
[0.023s][info][gc,metaspace] CDS archive(s) mapped at: [0x00007f8ae1000000-0x00007f8ae1e7b000-0x00007f8ae1e7b000), size 15183872, SharedBaseAddress: 0x00007f8ae1000000, ArchiveRelocationMode: 1.
[0.023s][info][gc,metaspace] Compressed class space mapped at: 0x00007f8ae2000000-0x00007f8b22000000, reserved size: 1073741824
[0.023s][info][gc,metaspace] UseCompressedClassPointers 1, UseCompactObjectHeaders 1
[0.023s][info][gc,metaspace] Narrow klass pointer bits 22, Max shift 10
[0.023s][info][gc,metaspace] Narrow klass base: 0x00007f8ae1000000, Narrow klass shift: 10
[0.023s][info][gc,metaspace] Encoding Range: [0x00007f8ae1000000 - 0x00007f8be1000000), (4294967296 bytes)
[0.023s][info][gc,metaspace] Klass Range:    [0x00007f8ae1000000 - 0x00007f8b22000000), (1090519040 bytes)
[0.023s][info][gc,metaspace] Klass ID Range:  [1 - 1064960) (1064959)
[1.970s][info][gc,start    ] GC(0) Pause Young (Allocation Failure)
[2.025s][info][gc,heap     ] GC(0) PSYoungGen: 65536K(76288K)->10751K(76288K) Eden: 65536K(65536K)->0K(65536K) From: 0K(10752K)->10751K(10752K)
[2.025s][info][gc,heap     ] GC(0) ParOldGen: 1088K(175104K)->34173K(175104K)
[2.025s][info][gc,metaspace] GC(0) Metaspace: 8086K(8256K)->8086K(8256K) NonClass: 6948K(7040K)->6948K(7040K) Class: 1137K(1216K)->1137K(1216K)
[2.025s][info][gc          ] GC(0) Pause Young (Allocation Failure) 65M->43M(245M) 54.384ms
[2.025s][info][gc,cpu      ] GC(0) User=0.08s Sys=0.03s Real=0.06s
[2.234s][info][gc,start    ] GC(1) Pause Young (Allocation Failure)
[2.306s][info][gc,heap     ] GC(1) PSYoungGen: 76287K(76288K)->10737K(141824K) Eden: 65536K(65536K)->0K(131072K) From: 10751K(10752K)->10737K(10752K)
[2.306s][info][gc,heap     ] GC(1) ParOldGen: 34173K(175104K)->77745K(175104K)
[2.306s][info][gc,metaspace] GC(1) Metaspace: 9071K(9152K)->9071K(9152K) NonClass: 7816K(7872K)->7816K(7872K) Class: 1255K(1280K)->1255K(1280K)
[2.307s][info][gc          ] GC(1) Pause Young (Allocation Failure) 107M->86M(309M) 72.130ms
[2.307s][info][gc,cpu      ] GC(1) User=0.09s Sys=0.05s Real=0.07s
[2.546s][info][gc,start    ] GC(2) Pause Young (Allocation Failure)
[2.691s][info][gc,heap     ] GC(2) PSYoungGen: 141809K(141824K)->10736K(141824K) Eden: 131072K(131072K)->0K(131072K) From: 10737K(10752K)->10736K(10752K)
[2.691s][info][gc,heap     ] GC(2) ParOldGen: 77745K(175104K)->173268K(175104K)
[2.691s][info][gc,metaspace] GC(2) Metaspace: 9090K(9216K)->9090K(9216K) NonClass: 7829K(7872K)->7829K(7872K) Class: 1260K(1344K)->1260K(1344K)
[2.691s][info][gc          ] GC(2) Pause Young (Allocation Failure) 214M->179M(309M) 145.303ms
[2.691s][info][gc,cpu      ] GC(2) User=0.20s Sys=0.07s Real=0.14s
[2.839s][info][gc,start    ] GC(3) Pause Young (Allocation Failure)
[3.051s][info][gc,heap     ] GC(3) PSYoungGen: 141808K(141824K)->10720K(272896K) Eden: 131072K(131072K)->0K(262144K) From: 10736K(10752K)->10720K(10752K)
[3.051s][info][gc,heap     ] GC(3) ParOldGen: 173268K(175104K)->262841K(263168K)
[3.051s][info][gc,metaspace] GC(3) Metaspace: 9093K(9216K)->9093K(9216K) NonClass: 7830K(7872K)->7830K(7872K) Class: 1262K(1344K)->1262K(1344K)
[3.051s][info][gc          ] GC(3) Pause Young (Allocation Failure) 307M->267M(523M) 212.695ms
[3.052s][info][gc,cpu      ] GC(3) User=0.34s Sys=0.07s Real=0.21s
[4.490s][info][gc,start    ] GC(4) Pause Young (Allocation Failure)
[4.715s][info][gc,heap     ] GC(4) PSYoungGen: 272864K(272896K)->10720K(272896K) Eden: 262144K(262144K)->0K(262144K) From: 10720K(10752K)->10720K(10752K)
[4.715s][info][gc,heap     ] GC(4) ParOldGen: 262841K(263168K)->379776K(379904K)
[4.715s][info][gc,metaspace] GC(4) Metaspace: 12246K(12416K)->12246K(12416K) NonClass: 10632K(10688K)->10632K(10688K) Class: 1613K(1728K)->1613K(1728K)
[4.715s][info][gc          ] GC(4) Pause Young (Allocation Failure) 523M->381M(637M) 224.352ms
[4.715s][info][gc,cpu      ] GC(4) User=0.37s Sys=0.08s Real=0.23s
[6.232s][info][gc,start    ] GC(5) Pause Young (Allocation Failure)
[6.406s][info][gc,heap     ] GC(5) PSYoungGen: 272864K(272896K)->60921K(172544K) Eden: 262144K(262144K)->0K(111616K) From: 10720K(10752K)->60921K(60928K)
[6.406s][info][gc,heap     ] GC(5) ParOldGen: 379776K(379904K)->436664K(436736K)
[6.406s][info][gc,metaspace] GC(5) Metaspace: 15448K(15680K)->15448K(15680K) NonClass: 13466K(13632K)->13466K(13632K) Class: 1982K(2048K)->1982K(2048K)
[6.406s][info][gc          ] GC(5) Pause Young (Allocation Failure) 637M->485M(595M) 174.156ms
[6.406s][info][gc,cpu      ] GC(5) User=0.26s Sys=0.08s Real=0.18s
[6.695s][info][gc,start    ] GC(6) Pause Young (Allocation Failure)
[6.900s][info][gc,heap     ] GC(6) PSYoungGen: 144498K(172544K)->74400K(222720K) Eden: 83577K(111616K)->0K(111616K) From: 60921K(60928K)->74400K(111104K)
[6.900s][info][gc,heap     ] GC(6) ParOldGen: 436664K(436736K)->439249K(439296K)
[6.900s][info][gc,metaspace] GC(6) Metaspace: 15532K(15744K)->15532K(15744K) NonClass: 13536K(13696K)->13536K(13696K) Class: 1995K(2048K)->1995K(2048K)
[6.900s][info][gc          ] GC(6) Pause Young (Allocation Failure) 567M->501M(646M) 205.286ms
[6.900s][info][gc,cpu      ] GC(6) User=0.40s Sys=0.01s Real=0.20s
[10.371s][info][gc,start    ] GC(7) Pause Young (Allocation Failure)
[10.470s][info][gc,heap     ] GC(7) PSYoungGen: 186016K(222720K)->111098K(222720K) Eden: 111616K(111616K)->0K(111616K) From: 74400K(111104K)->111098K(111104K)
[10.470s][info][gc,heap     ] GC(7) ParOldGen: 439249K(439296K)->479648K(479744K)
[10.470s][info][gc,metaspace] GC(7) Metaspace: 16490K(16704K)->16490K(16704K) NonClass: 14371K(14528K)->14371K(14528K) Class: 2119K(2176K)->2119K(2176K)
[10.470s][info][gc          ] GC(7) Pause Young (Allocation Failure) 610M->576M(686M) 98.445ms
[10.470s][info][gc,cpu      ] GC(7) User=0.16s Sys=0.04s Real=0.10s
[15.235s][info][gc,start    ] GC(8) Pause Young (Allocation Failure)
[15.328s][info][gc,heap     ] GC(8) PSYoungGen: 222714K(222720K)->91836K(222720K) Eden: 111616K(111616K)->0K(111616K) From: 111098K(111104K)->91836K(111104K)
[15.328s][info][gc,heap     ] GC(8) ParOldGen: 479648K(479744K)->534470K(534528K)
[15.328s][info][gc,metaspace] GC(8) Metaspace: 16758K(16960K)->16758K(16960K) NonClass: 14604K(14720K)->14604K(14720K) Class: 2153K(2240K)->2153K(2240K)
[15.328s][info][gc          ] GC(8) Pause Young (Allocation Failure) 685M->611M(739M) 93.402ms
[15.328s][info][gc,cpu      ] GC(8) User=0.14s Sys=0.05s Real=0.09s
[15.813s][info][gc,start    ] GC(9) Pause Young (Allocation Failure)
[15.994s][info][gc,heap     ] GC(9) PSYoungGen: 203452K(222720K)->111073K(222720K) Eden: 111616K(111616K)->0K(111616K) From: 91836K(111104K)->111073K(111104K)
[15.994s][info][gc,heap     ] GC(9) ParOldGen: 534470K(534528K)->612893K(613376K)
[15.994s][info][gc,metaspace] GC(9) Metaspace: 16834K(17088K)->16834K(17088K) NonClass: 14677K(14848K)->14677K(14848K) Class: 2156K(2240K)->2156K(2240K)
[15.994s][info][gc          ] GC(9) Pause Young (Allocation Failure) 720M->706M(816M) 181.109ms
[15.994s][info][gc,cpu      ] GC(9) User=0.31s Sys=0.06s Real=0.19s
[16.417s][info][gc,start    ] GC(10) Pause Full (Allocation Failure)
[16.417s][info][gc,phases,start] GC(10) Marking Phase
[16.717s][info][gc,phases      ] GC(10) Marking Phase 300.203ms
[16.718s][info][gc,phases,start] GC(10) Summary Phase
[16.718s][info][gc,phases      ] GC(10) Summary Phase 0.045ms
[16.718s][info][gc,phases,start] GC(10) Forward
[16.825s][info][gc,phases      ] GC(10) Forward 107.580ms
[16.825s][info][gc,phases,start] GC(10) Adjust Pointers
[17.010s][info][gc,phases      ] GC(10) Adjust Pointers 184.508ms
[17.010s][info][gc,phases,start] GC(10) Compaction Phase
[17.169s][info][gc,phases      ] GC(10) Compaction Phase 158.804ms
[17.169s][info][gc,phases,start] GC(10) Post Compact
[17.174s][info][gc,phases      ] GC(10) Post Compact 4.884ms
[17.174s][info][gc,heap        ] GC(10) PSYoungGen: 222689K(222720K)->73039K(222720K) Eden: 111616K(111616K)->0K(111616K) From: 111073K(111104K)->73039K(111104K)
[17.174s][info][gc,heap        ] GC(10) ParOldGen: 612893K(613376K)->612923K(667648K)
[17.174s][info][gc,metaspace   ] GC(10) Metaspace: 16915K(17216K)->16915K(17216K) NonClass: 14759K(14976K)->14759K(14976K) Class: 2156K(2240K)->2156K(2240K)
[17.174s][info][gc             ] GC(10) Pause Full (Allocation Failure) 815M->669M(869M) 757.086ms
[17.174s][info][gc,cpu         ] GC(10) User=1.42s Sys=0.03s Real=0.76s
[17.475s][info][gc,start       ] GC(11) Pause Full (Allocation Failure)
[17.475s][info][gc,phases,start] GC(11) Marking Phase
[17.770s][info][gc,phases      ] GC(11) Marking Phase 294.582ms
[17.770s][info][gc,phases,start] GC(11) Summary Phase
[17.770s][info][gc,phases      ] GC(11) Summary Phase 0.026ms
[17.770s][info][gc,phases,start] GC(11) Forward
[17.860s][info][gc,phases      ] GC(11) Forward 90.576ms
[17.861s][info][gc,phases,start] GC(11) Adjust Pointers
[18.050s][info][gc,phases      ] GC(11) Adjust Pointers 189.705ms
[18.050s][info][gc,phases,start] GC(11) Compaction Phase
[18.217s][info][gc,phases      ] GC(11) Compaction Phase 166.979ms
[18.218s][info][gc,phases,start] GC(11) Post Compact
[18.220s][info][gc,phases      ] GC(11) Post Compact 2.504ms
[18.220s][info][gc,heap        ] GC(11) PSYoungGen: 184655K(222720K)->41807K(222720K) Eden: 111616K(111616K)->0K(111616K) From: 73039K(111104K)->41807K(111104K)
[18.220s][info][gc,heap        ] GC(11) ParOldGen: 612923K(667648K)->667516K(667648K)
[18.220s][info][gc,metaspace   ] GC(11) Metaspace: 16915K(17216K)->16915K(17216K) NonClass: 14759K(14976K)->14759K(14976K) Class: 2156K(2240K)->2156K(2240K)
[18.220s][info][gc             ] GC(11) Pause Full (Allocation Failure) 778M->692M(869M) 745.226ms
[18.220s][info][gc,cpu         ] GC(11) User=1.37s Sys=0.03s Real=0.74s
[18.590s][info][gc,start       ] GC(12) Pause Full (Allocation Failure)
[18.590s][info][gc,phases,start] GC(12) Marking Phase
[18.948s][info][gc,phases      ] GC(12) Marking Phase 357.437ms
[18.948s][info][gc,phases,start] GC(12) Summary Phase
[18.948s][info][gc,phases      ] GC(12) Summary Phase 0.024ms
[18.948s][info][gc,phases,start] GC(12) Forward
[18.983s][info][gc,phases      ] GC(12) Forward 35.091ms
[18.983s][info][gc,phases,start] GC(12) Adjust Pointers
[19.162s][info][gc,phases      ] GC(12) Adjust Pointers 179.295ms
[19.162s][info][gc,phases,start] GC(12) Compaction Phase
[19.262s][info][gc,phases      ] GC(12) Compaction Phase 100.147ms
[19.263s][info][gc,phases,start] GC(12) Post Compact
[19.265s][info][gc,phases      ] GC(12) Post Compact 2.580ms
[19.265s][info][gc,heap        ] GC(12) PSYoungGen: 153423K(222720K)->65260K(222720K) Eden: 111616K(111616K)->65260K(111616K) From: 41807K(111104K)->0K(111104K)
[19.265s][info][gc,heap        ] GC(12) ParOldGen: 667516K(667648K)->667549K(667648K)
[19.265s][info][gc,metaspace   ] GC(12) Metaspace: 16915K(17216K)->16915K(17216K) NonClass: 14759K(14976K)->14759K(14976K) Class: 2156K(2240K)->2156K(2240K)
[19.265s][info][gc             ] GC(12) Pause Full (Allocation Failure) 801M->715M(869M) 675.057ms
[19.265s][info][gc,cpu         ] GC(12) User=1.28s Sys=0.01s Real=0.68s
[19.383s][info][gc,start       ] GC(13) Pause Full (Allocation Failure)
[19.383s][info][gc,phases,start] GC(13) Marking Phase
[19.701s][info][gc,phases      ] GC(13) Marking Phase 318.397ms
[19.701s][info][gc,phases,start] GC(13) Summary Phase
[19.701s][info][gc,phases      ] GC(13) Summary Phase 0.022ms
[19.701s][info][gc,phases,start] GC(13) Forward
[19.727s][info][gc,phases      ] GC(13) Forward 25.815ms
[19.727s][info][gc,phases,start] GC(13) Adjust Pointers
[19.900s][info][gc,phases      ] GC(13) Adjust Pointers 172.413ms
[19.900s][info][gc,phases,start] GC(13) Compaction Phase
[20.008s][info][gc,phases      ] GC(13) Compaction Phase 108.639ms
[20.008s][info][gc,phases,start] GC(13) Post Compact
[20.011s][info][gc,phases      ] GC(13) Post Compact 2.320ms
[20.011s][info][gc,heap        ] GC(13) PSYoungGen: 111616K(222720K)->75052K(222720K) Eden: 111616K(111616K)->75052K(111616K) From: 0K(111104K)->0K(111104K)
[20.011s][info][gc,heap        ] GC(13) ParOldGen: 667549K(667648K)->667549K(667648K)
[20.011s][info][gc,metaspace   ] GC(13) Metaspace: 16915K(17216K)->16915K(17216K) NonClass: 14759K(14976K)->14759K(14976K) Class: 2156K(2240K)->2156K(2240K)
[20.011s][info][gc             ] GC(13) Pause Full (Allocation Failure) 760M->725M(869M) 628.067ms
[20.011s][info][gc,cpu         ] GC(13) User=1.22s Sys=0.00s Real=0.63s
[20.085s][info][gc,start       ] GC(14) Pause Full (Allocation Failure)
[20.085s][info][gc,phases,start] GC(14) Marking Phase
[20.410s][info][gc,phases      ] GC(14) Marking Phase 325.557ms
[20.410s][info][gc,phases,start] GC(14) Summary Phase
[20.410s][info][gc,phases      ] GC(14) Summary Phase 0.025ms
[20.411s][info][gc,phases,start] GC(14) Forward
[20.433s][info][gc,phases      ] GC(14) Forward 22.132ms
[20.433s][info][gc,phases,start] GC(14) Adjust Pointers
[20.605s][info][gc,phases      ] GC(14) Adjust Pointers 172.657ms
[20.605s][info][gc,phases,start] GC(14) Compaction Phase
[20.696s][info][gc,phases      ] GC(14) Compaction Phase 90.410ms
[20.696s][info][gc,phases,start] GC(14) Post Compact
[20.698s][info][gc,phases      ] GC(14) Post Compact 2.226ms
[20.698s][info][gc,heap        ] GC(14) PSYoungGen: 111616K(222720K)->82755K(222720K) Eden: 111616K(111616K)->82755K(111616K) From: 0K(111104K)->0K(111104K)
[20.698s][info][gc,heap        ] GC(14) ParOldGen: 667549K(667648K)->667549K(667648K)
[20.698s][info][gc,metaspace   ] GC(14) Metaspace: 16915K(17216K)->16915K(17216K) NonClass: 14759K(14976K)->14759K(14976K) Class: 2156K(2240K)->2156K(2240K)
[20.698s][info][gc             ] GC(14) Pause Full (Allocation Failure) 760M->732M(869M) 613.434ms
[20.698s][info][gc,cpu         ] GC(14) User=1.20s Sys=0.00s Real=0.61s
[20.756s][info][gc,start       ] GC(15) Pause Full (Allocation Failure)
[20.756s][info][gc,phases,start] GC(15) Marking Phase
[21.084s][info][gc,phases      ] GC(15) Marking Phase 328.069ms
[21.084s][info][gc,phases,start] GC(15) Summary Phase
[21.084s][info][gc,phases      ] GC(15) Summary Phase 0.023ms
[21.084s][info][gc,phases,start] GC(15) Forward
[21.105s][info][gc,phases      ] GC(15) Forward 21.379ms
[21.105s][info][gc,phases,start] GC(15) Adjust Pointers
[21.281s][info][gc,phases      ] GC(15) Adjust Pointers 175.918ms
[21.281s][info][gc,phases,start] GC(15) Compaction Phase
[21.373s][info][gc,phases      ] GC(15) Compaction Phase 92.113ms
[21.373s][info][gc,phases,start] GC(15) Post Compact
[21.376s][info][gc,phases      ] GC(15) Post Compact 2.243ms
[21.376s][info][gc,heap        ] GC(15) PSYoungGen: 111616K(222720K)->88873K(222720K) Eden: 111616K(111616K)->88873K(111616K) From: 0K(111104K)->0K(111104K)
[21.376s][info][gc,heap        ] GC(15) ParOldGen: 667549K(667648K)->667549K(667648K)
[21.376s][info][gc,metaspace   ] GC(15) Metaspace: 16915K(17216K)->16915K(17216K) NonClass: 14759K(14976K)->14759K(14976K) Class: 2156K(2240K)->2156K(2240K)
[21.376s][info][gc             ] GC(15) Pause Full (Allocation Failure) 760M->738M(869M) 620.145ms
[21.376s][info][gc,cpu         ] GC(15) User=1.21s Sys=0.01s Real=0.62s
[21.417s][info][gc,start       ] GC(16) Pause Full (Allocation Failure)
[21.417s][info][gc,phases,start] GC(16) Marking Phase
[21.750s][info][gc,phases      ] GC(16) Marking Phase 333.101ms
[21.750s][info][gc,phases,start] GC(16) Summary Phase
[21.750s][info][gc,phases      ] GC(16) Summary Phase 0.022ms
[21.750s][info][gc,phases,start] GC(16) Forward
[21.772s][info][gc,phases      ] GC(16) Forward 21.607ms
[21.772s][info][gc,phases,start] GC(16) Adjust Pointers
[21.947s][info][gc,phases      ] GC(16) Adjust Pointers 175.282ms
[21.947s][info][gc,phases,start] GC(16) Compaction Phase
[22.038s][info][gc,phases      ] GC(16) Compaction Phase 90.966ms
[22.039s][info][gc,phases,start] GC(16) Post Compact
[22.041s][info][gc,phases      ] GC(16) Post Compact 2.273ms
[22.041s][info][gc,heap        ] GC(16) PSYoungGen: 111616K(222720K)->93666K(222720K) Eden: 111616K(111616K)->93666K(111616K) From: 0K(111104K)->0K(111104K)
[22.041s][info][gc,heap        ] GC(16) ParOldGen: 667549K(667648K)->667549K(667648K)
[22.041s][info][gc,metaspace   ] GC(16) Metaspace: 16915K(17216K)->16915K(17216K) NonClass: 14759K(14976K)->14759K(14976K) Class: 2156K(2240K)->2156K(2240K)
[22.041s][info][gc             ] GC(16) Pause Full (Allocation Failure) 760M->743M(869M) 623.684ms
[22.041s][info][gc,cpu         ] GC(16) User=1.22s Sys=0.00s Real=0.62s
[22.074s][info][gc,start       ] GC(17) Pause Full (Allocation Failure)
[22.074s][info][gc,phases,start] GC(17) Marking Phase
[22.406s][info][gc,phases      ] GC(17) Marking Phase 332.485ms
[22.406s][info][gc,phases,start] GC(17) Summary Phase
[22.407s][info][gc,phases      ] GC(17) Summary Phase 0.023ms
[22.407s][info][gc,phases,start] GC(17) Forward
[22.428s][info][gc,phases      ] GC(17) Forward 21.836ms
[22.428s][info][gc,phases,start] GC(17) Adjust Pointers
[22.606s][info][gc,phases      ] GC(17) Adjust Pointers 177.136ms
[22.606s][info][gc,phases,start] GC(17) Compaction Phase
[22.697s][info][gc,phases      ] GC(17) Compaction Phase 91.660ms
[22.697s][info][gc,phases,start] GC(17) Post Compact
[22.700s][info][gc,phases      ] GC(17) Post Compact 2.257ms
[22.700s][info][gc,heap        ] GC(17) PSYoungGen: 111616K(222720K)->97475K(222720K) Eden: 111616K(111616K)->97475K(111616K) From: 0K(111104K)->0K(111104K)
[22.700s][info][gc,heap        ] GC(17) ParOldGen: 667549K(667648K)->667549K(667648K)
[22.700s][info][gc,metaspace   ] GC(17) Metaspace: 16915K(17216K)->16915K(17216K) NonClass: 14759K(14976K)->14759K(14976K) Class: 2156K(2240K)->2156K(2240K)
[22.700s][info][gc             ] GC(17) Pause Full (Allocation Failure) 760M->747M(869M) 625.819ms
[22.700s][info][gc,cpu         ] GC(17) User=1.22s Sys=0.00s Real=0.62s
[22.726s][info][gc,start       ] GC(18) Pause Full (Allocation Failure)
[22.726s][info][gc,phases,start] GC(18) Marking Phase
[23.081s][info][gc,phases      ] GC(18) Marking Phase 354.684ms
[23.081s][info][gc,phases,start] GC(18) Summary Phase
[23.081s][info][gc,phases      ] GC(18) Summary Phase 0.023ms
[23.081s][info][gc,phases,start] GC(18) Forward
[23.102s][info][gc,phases      ] GC(18) Forward 21.524ms
[23.102s][info][gc,phases,start] GC(18) Adjust Pointers
[23.279s][info][gc,phases      ] GC(18) Adjust Pointers 176.437ms
[23.279s][info][gc,phases,start] GC(18) Compaction Phase
[23.372s][info][gc,phases      ] GC(18) Compaction Phase 92.887ms
[23.372s][info][gc,phases,start] GC(18) Post Compact
[23.374s][info][gc,phases      ] GC(18) Post Compact 2.249ms
[23.374s][info][gc,heap        ] GC(18) PSYoungGen: 111616K(222720K)->100454K(222720K) Eden: 111616K(111616K)->100454K(111616K) From: 0K(111104K)->0K(111104K)
[23.374s][info][gc,heap        ] GC(18) ParOldGen: 667549K(667648K)->667549K(667648K)
[23.374s][info][gc,metaspace   ] GC(18) Metaspace: 16915K(17216K)->16915K(17216K) NonClass: 14759K(14976K)->14759K(14976K) Class: 2156K(2240K)->2156K(2240K)
[23.374s][info][gc             ] GC(18) Pause Full (Allocation Failure) 760M->750M(869M) 648.190ms
[23.374s][info][gc,cpu         ] GC(18) User=1.27s Sys=0.00s Real=0.65s
[23.398s][info][gc,start       ] GC(19) Pause Full (Allocation Failure)
[23.398s][info][gc,phases,start] GC(19) Marking Phase
[23.729s][info][gc,phases      ] GC(19) Marking Phase 331.037ms
[23.729s][info][gc,phases,start] GC(19) Summary Phase
[23.729s][info][gc,phases      ] GC(19) Summary Phase 0.023ms
[23.729s][info][gc,phases,start] GC(19) Forward
[23.750s][info][gc,phases      ] GC(19) Forward 21.202ms
[23.750s][info][gc,phases,start] GC(19) Adjust Pointers
[23.927s][info][gc,phases      ] GC(19) Adjust Pointers 176.737ms
[23.927s][info][gc,phases,start] GC(19) Compaction Phase
[24.019s][info][gc,phases      ] GC(19) Compaction Phase 92.169ms
[24.019s][info][gc,phases,start] GC(19) Post Compact
[24.022s][info][gc,phases      ] GC(19) Post Compact 2.240ms
[24.022s][info][gc,heap        ] GC(19) PSYoungGen: 111616K(222720K)->102829K(222720K) Eden: 111616K(111616K)->102829K(111616K) From: 0K(111104K)->0K(111104K)
[24.022s][info][gc,heap        ] GC(19) ParOldGen: 667549K(667648K)->667549K(667648K)
[24.022s][info][gc,metaspace   ] GC(19) Metaspace: 16915K(17216K)->16915K(17216K) NonClass: 14759K(14976K)->14759K(14976K) Class: 2156K(2240K)->2156K(2240K)
[24.022s][info][gc             ] GC(19) Pause Full (Allocation Failure) 760M->752M(869M) 623.806ms
[24.022s][info][gc,cpu         ] GC(19) User=1.22s Sys=0.00s Real=0.62s
[24.038s][info][gc,start       ] GC(20) Pause Full (Allocation Failure)
[24.038s][info][gc,phases,start] GC(20) Marking Phase
[24.371s][info][gc,phases      ] GC(20) Marking Phase 332.434ms
[24.371s][info][gc,phases,start] GC(20) Summary Phase
[24.371s][info][gc,phases      ] GC(20) Summary Phase 0.023ms
[24.371s][info][gc,phases,start] GC(20) Forward
[24.392s][info][gc,phases      ] GC(20) Forward 21.471ms
[24.392s][info][gc,phases,start] GC(20) Adjust Pointers
[24.569s][info][gc,phases      ] GC(20) Adjust Pointers 176.559ms
[24.569s][info][gc,phases,start] GC(20) Compaction Phase
[24.661s][info][gc,phases      ] GC(20) Compaction Phase 92.186ms
[24.661s][info][gc,phases,start] GC(20) Post Compact
[24.664s][info][gc,phases      ] GC(20) Post Compact 2.264ms
[24.664s][info][gc,heap        ] GC(20) PSYoungGen: 111616K(222720K)->104681K(222720K) Eden: 111616K(111616K)->104681K(111616K) From: 0K(111104K)->0K(111104K)
[24.664s][info][gc,heap        ] GC(20) ParOldGen: 667549K(667648K)->667549K(667648K)
[24.664s][info][gc,metaspace   ] GC(20) Metaspace: 16915K(17216K)->16915K(17216K) NonClass: 14759K(14976K)->14759K(14976K) Class: 2156K(2240K)->2156K(2240K)
[24.664s][info][gc             ] GC(20) Pause Full (Allocation Failure) 760M->754M(869M) 625.301ms
[24.664s][info][gc,cpu         ] GC(20) User=1.22s Sys=0.00s Real=0.62s
[24.679s][info][gc,start       ] GC(21) Pause Full (Allocation Failure)
[24.679s][info][gc,phases,start] GC(21) Marking Phase
[25.028s][info][gc,phases      ] GC(21) Marking Phase 349.564ms
[25.029s][info][gc,phases,start] GC(21) Summary Phase
[25.029s][info][gc,phases      ] GC(21) Summary Phase 0.023ms
[25.029s][info][gc,phases,start] GC(21) Forward
[25.052s][info][gc,phases      ] GC(21) Forward 22.975ms
[25.052s][info][gc,phases,start] GC(21) Adjust Pointers
[25.230s][info][gc,phases      ] GC(21) Adjust Pointers 178.860ms
[25.231s][info][gc,phases,start] GC(21) Compaction Phase
[25.338s][info][gc,phases      ] GC(21) Compaction Phase 107.189ms
[25.338s][info][gc,phases,start] GC(21) Post Compact
[25.340s][info][gc,phases      ] GC(21) Post Compact 2.231ms
[25.340s][info][gc,heap        ] GC(21) PSYoungGen: 111616K(222720K)->106172K(222720K) Eden: 111616K(111616K)->106172K(111616K) From: 0K(111104K)->0K(111104K)
[25.340s][info][gc,heap        ] GC(21) ParOldGen: 667549K(667648K)->667549K(667648K)
[25.340s][info][gc,metaspace   ] GC(21) Metaspace: 16915K(17216K)->16915K(17216K) NonClass: 14759K(14976K)->14759K(14976K) Class: 2156K(2240K)->2156K(2240K)
[25.340s][info][gc             ] GC(21) Pause Full (Allocation Failure) 760M->755M(869M) 661.274ms
[25.340s][info][gc,cpu         ] GC(21) User=1.29s Sys=0.00s Real=0.66s
[25.352s][info][gc,start       ] GC(22) Pause Full (Allocation Failure)
[25.352s][info][gc,phases,start] GC(22) Marking Phase
[25.695s][info][gc,phases      ] GC(22) Marking Phase 343.134ms
[25.695s][info][gc,phases,start] GC(22) Summary Phase
[25.695s][info][gc,phases      ] GC(22) Summary Phase 0.022ms
[25.695s][info][gc,phases,start] GC(22) Forward
[25.717s][info][gc,phases      ] GC(22) Forward 21.818ms
[25.717s][info][gc,phases,start] GC(22) Adjust Pointers
[25.897s][info][gc,phases      ] GC(22) Adjust Pointers 180.381ms
[25.897s][info][gc,phases,start] GC(22) Compaction Phase
[25.990s][info][gc,phases      ] GC(22) Compaction Phase 92.702ms
[25.990s][info][gc,phases,start] GC(22) Post Compact
[25.992s][info][gc,phases      ] GC(22) Post Compact 2.212ms
[25.992s][info][gc,heap        ] GC(22) PSYoungGen: 111616K(222720K)->107353K(222720K) Eden: 111616K(111616K)->107353K(111616K) From: 0K(111104K)->0K(111104K)
[25.993s][info][gc,heap        ] GC(22) ParOldGen: 667549K(667648K)->667549K(667648K)
[25.993s][info][gc,metaspace   ] GC(22) Metaspace: 16915K(17216K)->16915K(17216K) NonClass: 14759K(14976K)->14759K(14976K) Class: 2156K(2240K)->2156K(2240K)
[25.993s][info][gc             ] GC(22) Pause Full (Allocation Failure) 760M->756M(869M) 640.700ms
[25.993s][info][gc,cpu         ] GC(22) User=1.25s Sys=0.00s Real=0.64s
[26.004s][info][gc,start       ] GC(23) Pause Full (Allocation Failure)
[26.004s][info][gc,phases,start] GC(23) Marking Phase
[26.342s][info][gc,phases      ] GC(23) Marking Phase 337.939ms
[26.342s][info][gc,phases,start] GC(23) Summary Phase
[26.342s][info][gc,phases      ] GC(23) Summary Phase 0.023ms
[26.342s][info][gc,phases,start] GC(23) Forward
[26.364s][info][gc,phases      ] GC(23) Forward 22.048ms
[26.364s][info][gc,phases,start] GC(23) Adjust Pointers
[26.540s][info][gc,phases      ] GC(23) Adjust Pointers 176.646ms
[26.541s][info][gc,phases,start] GC(23) Compaction Phase
[26.633s][info][gc,phases      ] GC(23) Compaction Phase 92.662ms
[26.633s][info][gc,phases,start] GC(23) Post Compact
[26.636s][info][gc,phases      ] GC(23) Post Compact 2.236ms
[26.636s][info][gc,heap        ] GC(23) PSYoungGen: 111616K(222720K)->108217K(222720K) Eden: 111616K(111616K)->108217K(111616K) From: 0K(111104K)->0K(111104K)
[26.636s][info][gc,heap        ] GC(23) ParOldGen: 667549K(667648K)->667549K(667648K)
[26.636s][info][gc,metaspace   ] GC(23) Metaspace: 16915K(17216K)->16915K(17216K) NonClass: 14759K(14976K)->14759K(14976K) Class: 2156K(2240K)->2156K(2240K)
[26.636s][info][gc             ] GC(23) Pause Full (Allocation Failure) 760M->757M(869M) 631.939ms
[26.636s][info][gc,cpu         ] GC(23) User=1.24s Sys=0.00s Real=0.64s
[26.645s][info][gc,start       ] GC(24) Pause Full (Allocation Failure)
[26.645s][info][gc,phases,start] GC(24) Marking Phase
[26.984s][info][gc,phases      ] GC(24) Marking Phase 338.717ms
[26.984s][info][gc,phases,start] GC(24) Summary Phase
[26.984s][info][gc,phases      ] GC(24) Summary Phase 0.023ms
[26.984s][info][gc,phases,start] GC(24) Forward
[27.005s][info][gc,phases      ] GC(24) Forward 21.542ms
[27.005s][info][gc,phases,start] GC(24) Adjust Pointers
[27.188s][info][gc,phases      ] GC(24) Adjust Pointers 182.756ms
[27.188s][info][gc,phases,start] GC(24) Compaction Phase
[27.281s][info][gc,phases      ] GC(24) Compaction Phase 92.962ms
[27.281s][info][gc,phases,start] GC(24) Post Compact
[27.284s][info][gc,phases      ] GC(24) Post Compact 2.249ms
[27.284s][info][gc,heap        ] GC(24) PSYoungGen: 111616K(222720K)->108938K(222720K) Eden: 111616K(111616K)->108938K(111616K) From: 0K(111104K)->0K(111104K)
[27.284s][info][gc,heap        ] GC(24) ParOldGen: 667549K(667648K)->667549K(667648K)
[27.284s][info][gc,metaspace   ] GC(24) Metaspace: 16915K(17216K)->16915K(17216K) NonClass: 14759K(14976K)->14759K(14976K) Class: 2156K(2240K)->2156K(2240K)
[27.284s][info][gc             ] GC(24) Pause Full (Allocation Failure) 760M->758M(869M) 638.638ms
[27.284s][info][gc,cpu         ] GC(24) User=1.25s Sys=0.00s Real=0.63s
[27.292s][info][gc,start       ] GC(25) Pause Full (Allocation Failure)
[27.292s][info][gc,phases,start] GC(25) Marking Phase
[27.631s][info][gc,phases      ] GC(25) Marking Phase 339.599ms
[27.632s][info][gc,phases,start] GC(25) Summary Phase
[27.632s][info][gc,phases      ] GC(25) Summary Phase 0.023ms
[27.632s][info][gc,phases,start] GC(25) Forward
[27.653s][info][gc,phases      ] GC(25) Forward 21.652ms
[27.653s][info][gc,phases,start] GC(25) Adjust Pointers
[27.834s][info][gc,phases      ] GC(25) Adjust Pointers 180.680ms
[27.834s][info][gc,phases,start] GC(25) Compaction Phase
[27.928s][info][gc,phases      ] GC(25) Compaction Phase 93.781ms
[27.928s][info][gc,phases,start] GC(25) Post Compact
[27.930s][info][gc,phases      ] GC(25) Post Compact 2.247ms
[27.930s][info][gc,heap        ] GC(25) PSYoungGen: 111616K(222720K)->109479K(222720K) Eden: 111616K(111616K)->109479K(111616K) From: 0K(111104K)->0K(111104K)
[27.930s][info][gc,heap        ] GC(25) ParOldGen: 667549K(667648K)->667549K(667648K)
[27.930s][info][gc,metaspace   ] GC(25) Metaspace: 16915K(17216K)->16915K(17216K) NonClass: 14759K(14976K)->14759K(14976K) Class: 2156K(2240K)->2156K(2240K)
[27.930s][info][gc             ] GC(25) Pause Full (Allocation Failure) 760M->758M(869M) 638.378ms
[27.930s][info][gc,cpu         ] GC(25) User=1.25s Sys=0.00s Real=0.64s
[27.935s][info][gc,start       ] GC(26) Pause Full (Allocation Failure)
[27.935s][info][gc,phases,start] GC(26) Marking Phase
[28.272s][info][gc,phases      ] GC(26) Marking Phase 337.187ms
[28.272s][info][gc,phases,start] GC(26) Summary Phase
[28.272s][info][gc,phases      ] GC(26) Summary Phase 0.024ms
[28.272s][info][gc,phases,start] GC(26) Forward
[28.294s][info][gc,phases      ] GC(26) Forward 21.607ms
[28.294s][info][gc,phases,start] GC(26) Adjust Pointers
[28.481s][info][gc,phases      ] GC(26) Adjust Pointers 187.216ms
[28.481s][info][gc,phases,start] GC(26) Compaction Phase
[28.575s][info][gc,phases      ] GC(26) Compaction Phase 94.057ms
[28.575s][info][gc,phases,start] GC(26) Post Compact
[28.578s][info][gc,phases      ] GC(26) Post Compact 2.270ms
[28.578s][info][gc,heap        ] GC(26) PSYoungGen: 111616K(222720K)->109930K(222720K) Eden: 111616K(111616K)->109930K(111616K) From: 0K(111104K)->0K(111104K)
[28.578s][info][gc,heap        ] GC(26) ParOldGen: 667549K(667648K)->667549K(667648K)
[28.578s][info][gc,metaspace   ] GC(26) Metaspace: 16915K(17216K)->16915K(17216K) NonClass: 14759K(14976K)->14759K(14976K) Class: 2156K(2240K)->2156K(2240K)
[28.578s][info][gc             ] GC(26) Pause Full (Allocation Failure) 760M->759M(869M) 642.698ms
[28.578s][info][gc,cpu         ] GC(26) User=1.25s Sys=0.00s Real=0.64s
[28.582s][info][gc,start       ] GC(27) Pause Full (Allocation Failure)
[28.582s][info][gc,phases,start] GC(27) Marking Phase
[28.924s][info][gc,phases      ] GC(27) Marking Phase 342.432ms
[28.924s][info][gc,phases,start] GC(27) Summary Phase
[28.924s][info][gc,phases      ] GC(27) Summary Phase 0.023ms
[28.924s][info][gc,phases,start] GC(27) Forward
[28.946s][info][gc,phases      ] GC(27) Forward 21.703ms
[28.946s][info][gc,phases,start] GC(27) Adjust Pointers
[29.129s][info][gc,phases      ] GC(27) Adjust Pointers 182.550ms
[29.129s][info][gc,phases,start] GC(27) Compaction Phase
[29.221s][info][gc,phases      ] GC(27) Compaction Phase 92.732ms
[29.221s][info][gc,phases,start] GC(27) Post Compact
[29.224s][info][gc,phases      ] GC(27) Post Compact 2.236ms
[29.224s][info][gc,heap        ] GC(27) PSYoungGen: 111616K(222720K)->110296K(222720K) Eden: 111616K(111616K)->110296K(111616K) From: 0K(111104K)->0K(111104K)
[29.224s][info][gc,heap        ] GC(27) ParOldGen: 667549K(667648K)->667549K(667648K)
[29.224s][info][gc,metaspace   ] GC(27) Metaspace: 16915K(17216K)->16915K(17216K) NonClass: 14759K(14976K)->14759K(14976K) Class: 2156K(2240K)->2156K(2240K)
[29.224s][info][gc             ] GC(27) Pause Full (Allocation Failure) 760M->759M(869M) 642.036ms
[29.224s][info][gc,cpu         ] GC(27) User=1.26s Sys=0.00s Real=0.64s
[29.227s][info][gc,start       ] GC(28) Pause Full (Allocation Failure)
[29.227s][info][gc,phases,start] GC(28) Marking Phase
[29.569s][info][gc,phases      ] GC(28) Marking Phase 341.617ms
[29.569s][info][gc,phases,start] GC(28) Summary Phase
[29.569s][info][gc,phases      ] GC(28) Summary Phase 0.022ms
[29.569s][info][gc,phases,start] GC(28) Forward
[29.592s][info][gc,phases      ] GC(28) Forward 23.509ms
[29.592s][info][gc,phases,start] GC(28) Adjust Pointers
[29.775s][info][gc,phases      ] GC(28) Adjust Pointers 182.197ms
[29.775s][info][gc,phases,start] GC(28) Compaction Phase
[29.867s][info][gc,phases      ] GC(28) Compaction Phase 92.521ms
[29.867s][info][gc,phases,start] GC(28) Post Compact
[29.869s][info][gc,phases      ] GC(28) Post Compact 2.241ms
[29.869s][info][gc,heap        ] GC(28) PSYoungGen: 111616K(222720K)->110589K(222720K) Eden: 111616K(111616K)->110589K(111616K) From: 0K(111104K)->0K(111104K)
[29.869s][info][gc,heap        ] GC(28) ParOldGen: 667549K(667648K)->667549K(667648K)
[29.869s][info][gc,metaspace   ] GC(28) Metaspace: 16915K(17216K)->16915K(17216K) NonClass: 14759K(14976K)->14759K(14976K) Class: 2156K(2240K)->2156K(2240K)
[29.869s][info][gc             ] GC(28) Pause Full (Allocation Failure) 760M->759M(869M) 642.481ms
[29.870s][info][gc,cpu         ] GC(28) User=1.26s Sys=0.00s Real=0.64s
[29.872s][info][gc,start       ] GC(29) Pause Full (Allocation Failure)
[29.872s][info][gc,phases,start] GC(29) Marking Phase
[30.218s][info][gc,phases      ] GC(29) Marking Phase 345.375ms
[30.218s][info][gc,phases,start] GC(29) Summary Phase
[30.218s][info][gc,phases      ] GC(29) Summary Phase 0.022ms
[30.218s][info][gc,phases,start] GC(29) Forward
[30.239s][info][gc,phases      ] GC(29) Forward 21.441ms
[30.239s][info][gc,phases,start] GC(29) Adjust Pointers
[30.422s][info][gc,phases      ] GC(29) Adjust Pointers 182.413ms
[30.422s][info][gc,phases,start] GC(29) Compaction Phase
[30.515s][info][gc,phases      ] GC(29) Compaction Phase 92.778ms
[30.515s][info][gc,phases,start] GC(29) Post Compact
[30.517s][info][gc,phases      ] GC(29) Post Compact 2.248ms
[30.517s][info][gc,heap        ] GC(29) PSYoungGen: 111616K(222720K)->110802K(222720K) Eden: 111616K(111616K)->110802K(111616K) From: 0K(111104K)->0K(111104K)
[30.517s][info][gc,heap        ] GC(29) ParOldGen: 667549K(667648K)->667549K(667648K)
[30.517s][info][gc,metaspace   ] GC(29) Metaspace: 16915K(17216K)->16915K(17216K) NonClass: 14759K(14976K)->14759K(14976K) Class: 2156K(2240K)->2156K(2240K)
[30.517s][info][gc             ] GC(29) Pause Full (Allocation Failure) 760M->760M(869M) 644.689ms
[30.517s][info][gc,cpu         ] GC(29) User=1.27s Sys=0.00s Real=0.65s
[30.519s][info][gc,start       ] GC(30) Pause Full (Allocation Failure)
[30.520s][info][gc,phases,start] GC(30) Marking Phase
[30.858s][info][gc,phases      ] GC(30) Marking Phase 338.837ms
[30.858s][info][gc,phases,start] GC(30) Summary Phase
[30.858s][info][gc,phases      ] GC(30) Summary Phase 0.023ms
[30.858s][info][gc,phases,start] GC(30) Forward
[30.880s][info][gc,phases      ] GC(30) Forward 21.551ms
[30.880s][info][gc,phases,start] GC(30) Adjust Pointers
[31.061s][info][gc,phases      ] GC(30) Adjust Pointers 180.451ms
[31.061s][info][gc,phases,start] GC(30) Compaction Phase
[31.154s][info][gc,phases      ] GC(30) Compaction Phase 93.046ms
[31.154s][info][gc,phases,start] GC(30) Post Compact
[31.156s][info][gc,phases      ] GC(30) Post Compact 2.288ms
[31.156s][info][gc,heap        ] GC(30) PSYoungGen: 111616K(222720K)->110974K(222720K) Eden: 111616K(111616K)->110974K(111616K) From: 0K(111104K)->0K(111104K)
[31.156s][info][gc,heap        ] GC(30) ParOldGen: 667549K(667648K)->667549K(667648K)
[31.156s][info][gc,metaspace   ] GC(30) Metaspace: 16915K(17216K)->16915K(17216K) NonClass: 14759K(14976K)->14759K(14976K) Class: 2156K(2240K)->2156K(2240K)
[31.156s][info][gc             ] GC(30) Pause Full (Allocation Failure) 760M->760M(869M) 636.553ms
[31.156s][info][gc,cpu         ] GC(30) User=1.25s Sys=0.00s Real=0.64s
[31.158s][info][gc,start       ] GC(31) Pause Full (Allocation Failure)
[31.158s][info][gc,phases,start] GC(31) Marking Phase
[31.499s][info][gc,phases      ] GC(31) Marking Phase 340.350ms
[31.499s][info][gc,phases,start] GC(31) Summary Phase
[31.499s][info][gc,phases      ] GC(31) Summary Phase 0.022ms
[31.499s][info][gc,phases,start] GC(31) Forward
[31.520s][info][gc,phases      ] GC(31) Forward 21.442ms
[31.520s][info][gc,phases,start] GC(31) Adjust Pointers
[31.703s][info][gc,phases      ] GC(31) Adjust Pointers 183.269ms
[31.703s][info][gc,phases,start] GC(31) Compaction Phase
[31.796s][info][gc,phases      ] GC(31) Compaction Phase 92.748ms
[31.796s][info][gc,phases,start] GC(31) Post Compact
[31.799s][info][gc,phases      ] GC(31) Post Compact 2.282ms
[31.799s][info][gc,heap        ] GC(31) PSYoungGen: 111616K(222720K)->111106K(222720K) Eden: 111616K(111616K)->111106K(111616K) From: 0K(111104K)->0K(111104K)
[31.799s][info][gc,heap        ] GC(31) ParOldGen: 667549K(667648K)->667549K(667648K)
[31.799s][info][gc,metaspace   ] GC(31) Metaspace: 16915K(17216K)->16915K(17216K) NonClass: 14759K(14976K)->14759K(14976K) Class: 2156K(2240K)->2156K(2240K)
[31.799s][info][gc             ] GC(31) Pause Full (Allocation Failure) 760M->760M(869M) 640.467ms
[31.799s][info][gc,cpu         ] GC(31) User=1.26s Sys=0.00s Real=0.64s
[31.801s][info][gc,start       ] GC(32) Pause Full (Allocation Failure)
[31.801s][info][gc,phases,start] GC(32) Marking Phase
[32.141s][info][gc,phases      ] GC(32) Marking Phase 340.686ms
[32.141s][info][gc,phases,start] GC(32) Summary Phase
[32.141s][info][gc,phases      ] GC(32) Summary Phase 0.022ms
[32.141s][info][gc,phases,start] GC(32) Forward
[32.163s][info][gc,phases      ] GC(32) Forward 21.792ms
[32.163s][info][gc,phases,start] GC(32) Adjust Pointers
[32.346s][info][gc,phases      ] GC(32) Adjust Pointers 182.383ms
[32.346s][info][gc,phases,start] GC(32) Compaction Phase
[32.439s][info][gc,phases      ] GC(32) Compaction Phase 93.187ms
[32.439s][info][gc,phases,start] GC(32) Post Compact
[32.441s][info][gc,phases      ] GC(32) Post Compact 2.236ms
[32.441s][info][gc,heap        ] GC(32) PSYoungGen: 111616K(222720K)->111207K(222720K) Eden: 111616K(111616K)->111207K(111616K) From: 0K(111104K)->0K(111104K)
[32.441s][info][gc,heap        ] GC(32) ParOldGen: 667549K(667648K)->667549K(667648K)
[32.441s][info][gc,metaspace   ] GC(32) Metaspace: 16915K(17216K)->16915K(17216K) NonClass: 14759K(14976K)->14759K(14976K) Class: 2156K(2240K)->2156K(2240K)
[32.441s][info][gc             ] GC(32) Pause Full (Allocation Failure) 760M->760M(869M) 640.670ms
[32.441s][info][gc,cpu         ] GC(32) User=1.26s Sys=0.00s Real=0.64s
[32.443s][info][gc,start       ] GC(33) Pause Full (Allocation Failure)
[32.443s][info][gc,phases,start] GC(33) Marking Phase
[32.781s][info][gc,phases      ] GC(33) Marking Phase 338.105ms
[32.781s][info][gc,phases,start] GC(33) Summary Phase
[32.781s][info][gc,phases      ] GC(33) Summary Phase 0.022ms
[32.781s][info][gc,phases,start] GC(33) Forward
[32.803s][info][gc,phases      ] GC(33) Forward 22.090ms
[32.803s][info][gc,phases,start] GC(33) Adjust Pointers
[32.985s][info][gc,phases      ] GC(33) Adjust Pointers 181.751ms
[32.985s][info][gc,phases,start] GC(33) Compaction Phase
[33.079s][info][gc,phases      ] GC(33) Compaction Phase 93.310ms
[33.079s][info][gc,phases,start] GC(33) Post Compact
[33.081s][info][gc,phases      ] GC(33) Post Compact 2.260ms
[33.081s][info][gc,heap        ] GC(33) PSYoungGen: 111616K(222720K)->111288K(222720K) Eden: 111616K(111616K)->111288K(111616K) From: 0K(111104K)->0K(111104K)
[33.081s][info][gc,heap        ] GC(33) ParOldGen: 667549K(667648K)->667549K(667648K)
[33.081s][info][gc,metaspace   ] GC(33) Metaspace: 16915K(17216K)->16915K(17216K) NonClass: 14759K(14976K)->14759K(14976K) Class: 2156K(2240K)->2156K(2240K)
[33.081s][info][gc             ] GC(33) Pause Full (Allocation Failure) 760M->760M(869M) 637.920ms
[33.081s][info][gc,cpu         ] GC(33) User=1.25s Sys=0.00s Real=0.64s
[33.082s][info][gc,start       ] GC(34) Pause Full (Allocation Failure)
[33.083s][info][gc,phases,start] GC(34) Marking Phase
[33.422s][info][gc,phases      ] GC(34) Marking Phase 339.349ms
[33.422s][info][gc,phases,start] GC(34) Summary Phase
[33.422s][info][gc,phases      ] GC(34) Summary Phase 0.023ms
[33.422s][info][gc,phases,start] GC(34) Forward
[33.443s][info][gc,phases      ] GC(34) Forward 21.491ms
[33.443s][info][gc,phases,start] GC(34) Adjust Pointers
[33.625s][info][gc,phases      ] GC(34) Adjust Pointers 181.003ms
[33.625s][info][gc,phases,start] GC(34) Compaction Phase
[33.717s][info][gc,phases      ] GC(34) Compaction Phase 92.695ms
[33.717s][info][gc,phases,start] GC(34) Post Compact
[33.720s][info][gc,phases      ] GC(34) Post Compact 2.241ms
[33.720s][info][gc,heap        ] GC(34) PSYoungGen: 111616K(222720K)->111353K(222720K) Eden: 111616K(111616K)->111353K(111616K) From: 0K(111104K)->0K(111104K)
[33.720s][info][gc,heap        ] GC(34) ParOldGen: 667549K(667648K)->667549K(667648K)
[33.720s][info][gc,metaspace   ] GC(34) Metaspace: 16915K(17216K)->16915K(17216K) NonClass: 14759K(14976K)->14759K(14976K) Class: 2156K(2240K)->2156K(2240K)
[33.720s][info][gc             ] GC(34) Pause Full (Allocation Failure) 760M->760M(869M) 637.184ms
[33.720s][info][gc,cpu         ] GC(34) User=1.24s Sys=0.00s Real=0.64s
[33.721s][info][gc,start       ] GC(35) Pause Full (Allocation Failure)
[33.721s][info][gc,phases,start] GC(35) Marking Phase
[34.061s][info][gc,phases      ] GC(35) Marking Phase 339.837ms
[34.061s][info][gc,phases,start] GC(35) Summary Phase
[34.061s][info][gc,phases      ] GC(35) Summary Phase 0.022ms
[34.061s][info][gc,phases,start] GC(35) Forward
[34.083s][info][gc,phases      ] GC(35) Forward 21.452ms
[34.083s][info][gc,phases,start] GC(35) Adjust Pointers
[34.264s][info][gc,phases      ] GC(35) Adjust Pointers 181.054ms
[34.264s][info][gc,phases,start] GC(35) Compaction Phase
[34.356s][info][gc,phases      ] GC(35) Compaction Phase 92.216ms
[34.356s][info][gc,phases,start] GC(35) Post Compact
[34.358s][info][gc,phases      ] GC(35) Post Compact 2.271ms
[34.358s][info][gc,heap        ] GC(35) PSYoungGen: 111616K(222720K)->111407K(222720K) Eden: 111616K(111616K)->111407K(111616K) From: 0K(111104K)->0K(111104K)
[34.358s][info][gc,heap        ] GC(35) ParOldGen: 667549K(667648K)->667549K(667648K)
[34.358s][info][gc,metaspace   ] GC(35) Metaspace: 16915K(17216K)->16915K(17216K) NonClass: 14759K(14976K)->14759K(14976K) Class: 2156K(2240K)->2156K(2240K)
[34.358s][info][gc             ] GC(35) Pause Full (Allocation Failure) 760M->760M(869M) 637.244ms
[34.358s][info][gc,cpu         ] GC(35) User=1.25s Sys=0.00s Real=0.64s
[34.360s][info][gc,start       ] GC(36) Pause Full (Allocation Failure)
[34.360s][info][gc,phases,start] GC(36) Marking Phase
[34.702s][info][gc,phases      ] GC(36) Marking Phase 341.738ms
[34.702s][info][gc,phases,start] GC(36) Summary Phase
[34.702s][info][gc,phases      ] GC(36) Summary Phase 0.022ms
[34.702s][info][gc,phases,start] GC(36) Forward
[34.723s][info][gc,phases      ] GC(36) Forward 21.739ms
[34.723s][info][gc,phases,start] GC(36) Adjust Pointers
[34.905s][info][gc,phases      ] GC(36) Adjust Pointers 181.189ms
[34.905s][info][gc,phases,start] GC(36) Compaction Phase
[34.998s][info][gc,phases      ] GC(36) Compaction Phase 93.045ms
[34.998s][info][gc,phases,start] GC(36) Post Compact
[35.000s][info][gc,phases      ] GC(36) Post Compact 2.243ms
[35.000s][info][gc,heap        ] GC(36) PSYoungGen: 111616K(222720K)->111446K(222720K) Eden: 111616K(111616K)->111446K(111616K) From: 0K(111104K)->0K(111104K)
[35.000s][info][gc,heap        ] GC(36) ParOldGen: 667549K(667648K)->667549K(667648K)
[35.000s][info][gc,metaspace   ] GC(36) Metaspace: 16915K(17216K)->16915K(17216K) NonClass: 14759K(14976K)->14759K(14976K) Class: 2156K(2240K)->2156K(2240K)
[35.000s][info][gc             ] GC(36) Pause Full (Allocation Failure) 760M->760M(869M) 640.367ms
[35.000s][info][gc,cpu         ] GC(36) User=1.25s Sys=0.00s Real=0.64s
[35.001s][info][gc,start       ] GC(37) Pause Full (Allocation Failure)
[35.002s][info][gc,phases,start] GC(37) Marking Phase
[35.340s][info][gc,phases      ] GC(37) Marking Phase 338.871ms
[35.340s][info][gc,phases,start] GC(37) Summary Phase
[35.340s][info][gc,phases      ] GC(37) Summary Phase 0.031ms
[35.340s][info][gc,phases,start] GC(37) Forward
[35.362s][info][gc,phases      ] GC(37) Forward 21.547ms
[35.362s][info][gc,phases,start] GC(37) Adjust Pointers
[35.544s][info][gc,phases      ] GC(37) Adjust Pointers 182.051ms
[35.544s][info][gc,phases,start] GC(37) Compaction Phase
[35.643s][info][gc,phases      ] GC(37) Compaction Phase 98.404ms
[35.643s][info][gc,phases,start] GC(37) Post Compact
[35.645s][info][gc,phases      ] GC(37) Post Compact 2.248ms
[35.645s][info][gc,heap        ] GC(37) PSYoungGen: 111616K(222720K)->111479K(222720K) Eden: 111616K(111616K)->111479K(111616K) From: 0K(111104K)->0K(111104K)
[35.645s][info][gc,heap        ] GC(37) ParOldGen: 667549K(667648K)->667549K(667648K)
[35.645s][info][gc,metaspace   ] GC(37) Metaspace: 16915K(17216K)->16915K(17216K) NonClass: 14759K(14976K)->14759K(14976K) Class: 2156K(2240K)->2156K(2240K)
[35.645s][info][gc             ] GC(37) Pause Full (Allocation Failure) 760M->760M(869M) 643.537ms
[35.645s][info][gc,cpu         ] GC(37) User=1.26s Sys=0.00s Real=0.65s
[35.646s][info][gc,start       ] GC(38) Pause Full (Allocation Failure)
[35.646s][info][gc,phases,start] GC(38) Marking Phase
[35.990s][info][gc,phases      ] GC(38) Marking Phase 343.493ms
[35.990s][info][gc,phases,start] GC(38) Summary Phase
[35.990s][info][gc,phases      ] GC(38) Summary Phase 0.022ms
[35.990s][info][gc,phases,start] GC(38) Forward
[36.011s][info][gc,phases      ] GC(38) Forward 21.500ms
[36.011s][info][gc,phases,start] GC(38) Adjust Pointers
[36.193s][info][gc,phases      ] GC(38) Adjust Pointers 182.012ms
[36.194s][info][gc,phases,start] GC(38) Compaction Phase
[36.286s][info][gc,phases      ] GC(38) Compaction Phase 92.897ms
[36.287s][info][gc,phases,start] GC(38) Post Compact
[36.289s][info][gc,phases      ] GC(38) Post Compact 2.259ms
[36.289s][info][gc,heap        ] GC(38) PSYoungGen: 111616K(222720K)->111504K(222720K) Eden: 111616K(111616K)->111504K(111616K) From: 0K(111104K)->0K(111104K)
[36.289s][info][gc,heap        ] GC(38) ParOldGen: 667549K(667648K)->667549K(667648K)
[36.289s][info][gc,metaspace   ] GC(38) Metaspace: 16915K(17216K)->16915K(17216K) NonClass: 14759K(14976K)->14759K(14976K) Class: 2156K(2240K)->2156K(2240K)
[36.289s][info][gc             ] GC(38) Pause Full (Allocation Failure) 760M->760M(869M) 642.623ms
[36.289s][info][gc,cpu         ] GC(38) User=1.26s Sys=0.00s Real=0.64s
[36.290s][info][gc,start       ] GC(39) Pause Full (Allocation Failure)
[36.290s][info][gc,phases,start] GC(39) Marking Phase
[36.634s][info][gc,phases      ] GC(39) Marking Phase 344.289ms
[36.634s][info][gc,phases,start] GC(39) Summary Phase
[36.635s][info][gc,phases      ] GC(39) Summary Phase 0.026ms
[36.635s][info][gc,phases,start] GC(39) Forward
[36.656s][info][gc,phases      ] GC(39) Forward 21.919ms
[36.656s][info][gc,phases,start] GC(39) Adjust Pointers
[36.837s][info][gc,phases      ] GC(39) Adjust Pointers 180.048ms
[36.837s][info][gc,phases,start] GC(39) Compaction Phase
[36.931s][info][gc,phases      ] GC(39) Compaction Phase 94.122ms
[36.931s][info][gc,phases,start] GC(39) Post Compact
[36.933s][info][gc,phases      ] GC(39) Post Compact 2.238ms
[36.933s][info][gc,heap        ] GC(39) PSYoungGen: 111616K(222720K)->111525K(222720K) Eden: 111616K(111616K)->111525K(111616K) From: 0K(111104K)->0K(111104K)
[36.933s][info][gc,heap        ] GC(39) ParOldGen: 667549K(667648K)->667549K(667648K)
[36.933s][info][gc,metaspace   ] GC(39) Metaspace: 16915K(17216K)->16915K(17216K) NonClass: 14759K(14976K)->14759K(14976K) Class: 2156K(2240K)->2156K(2240K)
[36.933s][info][gc             ] GC(39) Pause Full (Allocation Failure) 760M->760M(869M) 643.051ms
[36.933s][info][gc,cpu         ] GC(39) User=1.26s Sys=0.00s Real=0.64s
[36.934s][info][gc,start       ] GC(40) Pause Full (Allocation Failure)
[36.934s][info][gc,phases,start] GC(40) Marking Phase
[37.278s][info][gc,phases      ] GC(40) Marking Phase 344.072ms
[37.278s][info][gc,phases,start] GC(40) Summary Phase
[37.278s][info][gc,phases      ] GC(40) Summary Phase 0.032ms
[37.278s][info][gc,phases,start] GC(40) Forward
[37.300s][info][gc,phases      ] GC(40) Forward 21.824ms
[37.300s][info][gc,phases,start] GC(40) Adjust Pointers
[37.481s][info][gc,phases      ] GC(40) Adjust Pointers 180.817ms
[37.481s][info][gc,phases,start] GC(40) Compaction Phase
[37.575s][info][gc,phases      ] GC(40) Compaction Phase 93.854ms
[37.575s][info][gc,phases,start] GC(40) Post Compact
[37.577s][info][gc,phases      ] GC(40) Post Compact 2.272ms
[37.577s][info][gc,heap        ] GC(40) PSYoungGen: 111616K(222720K)->111541K(222720K) Eden: 111616K(111616K)->111541K(111616K) From: 0K(111104K)->0K(111104K)
[37.578s][info][gc,heap        ] GC(40) ParOldGen: 667549K(667648K)->667549K(667648K)
[37.578s][info][gc,metaspace   ] GC(40) Metaspace: 16915K(17216K)->16915K(17216K) NonClass: 14759K(14976K)->14759K(14976K) Class: 2156K(2240K)->2156K(2240K)
[37.578s][info][gc             ] GC(40) Pause Full (Allocation Failure) 760M->760M(869M) 643.262ms
[37.578s][info][gc,cpu         ] GC(40) User=1.26s Sys=0.00s Real=0.64s
[37.579s][info][gc,start       ] GC(41) Pause Full (Allocation Failure)
[37.579s][info][gc,phases,start] GC(41) Marking Phase
[37.921s][info][gc,phases      ] GC(41) Marking Phase 342.503ms
[37.921s][info][gc,phases,start] GC(41) Summary Phase
[37.921s][info][gc,phases      ] GC(41) Summary Phase 0.022ms
[37.921s][info][gc,phases,start] GC(41) Forward
[37.943s][info][gc,phases      ] GC(41) Forward 21.519ms
[37.943s][info][gc,phases,start] GC(41) Adjust Pointers
[38.122s][info][gc,phases      ] GC(41) Adjust Pointers 179.106ms
[38.122s][info][gc,phases,start] GC(41) Compaction Phase
[38.215s][info][gc,phases      ] GC(41) Compaction Phase 92.920ms
[38.215s][info][gc,phases,start] GC(41) Post Compact
[38.217s][info][gc,phases      ] GC(41) Post Compact 2.256ms
[38.217s][info][gc,heap        ] GC(41) PSYoungGen: 111615K(222720K)->111556K(222720K) Eden: 111615K(111616K)->111556K(111616K) From: 0K(111104K)->0K(111104K)
[38.217s][info][gc,heap        ] GC(41) ParOldGen: 667549K(667648K)->667549K(667648K)
[38.217s][info][gc,metaspace   ] GC(41) Metaspace: 16915K(17216K)->16915K(17216K) NonClass: 14759K(14976K)->14759K(14976K) Class: 2156K(2240K)->2156K(2240K)
[38.217s][info][gc             ] GC(41) Pause Full (Allocation Failure) 760M->760M(869M) 638.688ms
[38.217s][info][gc,cpu         ] GC(41) User=1.26s Sys=0.00s Real=0.64s
[38.219s][info][gc,start       ] GC(42) Pause Full (Allocation Failure)
[38.219s][info][gc,phases,start] GC(42) Marking Phase
[38.560s][info][gc,phases      ] GC(42) Marking Phase 341.187ms
[38.560s][info][gc,phases,start] GC(42) Summary Phase
[38.560s][info][gc,phases      ] GC(42) Summary Phase 0.024ms
[38.560s][info][gc,phases,start] GC(42) Forward
[38.581s][info][gc,phases      ] GC(42) Forward 21.545ms
[38.581s][info][gc,phases,start] GC(42) Adjust Pointers
[38.760s][info][gc,phases      ] GC(42) Adjust Pointers 178.823ms
[38.760s][info][gc,phases,start] GC(42) Compaction Phase
[38.853s][info][gc,phases      ] GC(42) Compaction Phase 92.970ms
[38.853s][info][gc,phases,start] GC(42) Post Compact
[38.856s][info][gc,phases      ] GC(42) Post Compact 2.244ms
[38.856s][info][gc,heap        ] GC(42) PSYoungGen: 111616K(222720K)->111566K(222720K) Eden: 111616K(111616K)->111566K(111616K) From: 0K(111104K)->0K(111104K)
[38.856s][info][gc,heap        ] GC(42) ParOldGen: 667549K(667648K)->667549K(667648K)
[38.856s][info][gc,metaspace   ] GC(42) Metaspace: 16915K(17216K)->16915K(17216K) NonClass: 14759K(14976K)->14759K(14976K) Class: 2156K(2240K)->2156K(2240K)
[38.856s][info][gc             ] GC(42) Pause Full (Allocation Failure) 760M->760M(869M) 637.163ms
[38.856s][info][gc,cpu         ] GC(42) User=1.24s Sys=0.00s Real=0.64s
[38.857s][info][gc,start       ] GC(43) Pause Full (Allocation Failure)
[38.857s][info][gc,phases,start] GC(43) Marking Phase
[39.193s][info][gc,phases      ] GC(43) Marking Phase 336.358ms
[39.193s][info][gc,phases,start] GC(43) Summary Phase
[39.193s][info][gc,phases      ] GC(43) Summary Phase 0.021ms
[39.193s][info][gc,phases,start] GC(43) Forward
[39.215s][info][gc,phases      ] GC(43) Forward 21.548ms
[39.215s][info][gc,phases,start] GC(43) Adjust Pointers
[39.395s][info][gc,phases      ] GC(43) Adjust Pointers 179.634ms
[39.395s][info][gc,phases,start] GC(43) Compaction Phase
[39.488s][info][gc,phases      ] GC(43) Compaction Phase 93.007ms
[39.488s][info][gc,phases,start] GC(43) Post Compact
[39.490s][info][gc,phases      ] GC(43) Post Compact 2.255ms
[39.490s][info][gc,heap        ] GC(43) PSYoungGen: 111615K(222720K)->111574K(222720K) Eden: 111615K(111616K)->111574K(111616K) From: 0K(111104K)->0K(111104K)
[39.490s][info][gc,heap        ] GC(43) ParOldGen: 667549K(667648K)->667549K(667648K)
[39.490s][info][gc,metaspace   ] GC(43) Metaspace: 16915K(17216K)->16915K(17216K) NonClass: 14759K(14976K)->14759K(14976K) Class: 2156K(2240K)->2156K(2240K)
[39.490s][info][gc             ] GC(43) Pause Full (Allocation Failure) 760M->760M(869M) 633.206ms
[39.490s][info][gc,cpu         ] GC(43) User=1.25s Sys=0.00s Real=0.63s
[39.491s][info][gc,start       ] GC(44) Pause Full (Allocation Failure)
[39.491s][info][gc,phases,start] GC(44) Marking Phase
[39.830s][info][gc,phases      ] GC(44) Marking Phase 338.410ms
[39.830s][info][gc,phases,start] GC(44) Summary Phase
[39.830s][info][gc,phases      ] GC(44) Summary Phase 0.021ms
[39.830s][info][gc,phases,start] GC(44) Forward
[39.851s][info][gc,phases      ] GC(44) Forward 21.579ms
[39.851s][info][gc,phases,start] GC(44) Adjust Pointers
[40.032s][info][gc,phases      ] GC(44) Adjust Pointers 180.300ms
[40.032s][info][gc,phases,start] GC(44) Compaction Phase
[40.129s][info][gc,phases      ] GC(44) Compaction Phase 97.279ms
[40.129s][info][gc,phases,start] GC(44) Post Compact
[40.131s][info][gc,phases      ] GC(44) Post Compact 2.239ms
[40.131s][info][gc,heap        ] GC(44) PSYoungGen: 111615K(222720K)->111582K(222720K) Eden: 111615K(111616K)->111582K(111616K) From: 0K(111104K)->0K(111104K)
[40.131s][info][gc,heap        ] GC(44) ParOldGen: 667549K(667648K)->667549K(667648K)
[40.131s][info][gc,metaspace   ] GC(44) Metaspace: 16915K(17216K)->16915K(17216K) NonClass: 14759K(14976K)->14759K(14976K) Class: 2156K(2240K)->2156K(2240K)
[40.131s][info][gc             ] GC(44) Pause Full (Allocation Failure) 760M->760M(869M) 640.187ms
[40.131s][info][gc,cpu         ] GC(44) User=1.25s Sys=0.00s Real=0.64s
[40.132s][info][gc,start       ] GC(45) Pause Full (Allocation Failure)
[40.132s][info][gc,phases,start] GC(45) Marking Phase
[40.474s][info][gc,phases      ] GC(45) Marking Phase 341.625ms
[40.474s][info][gc,phases,start] GC(45) Summary Phase
[40.474s][info][gc,phases      ] GC(45) Summary Phase 0.022ms
[40.474s][info][gc,phases,start] GC(45) Forward
[40.496s][info][gc,phases      ] GC(45) Forward 21.643ms
[40.496s][info][gc,phases,start] GC(45) Adjust Pointers
[40.678s][info][gc,phases      ] GC(45) Adjust Pointers 181.667ms
[40.678s][info][gc,phases,start] GC(45) Compaction Phase
[40.771s][info][gc,phases      ] GC(45) Compaction Phase 93.867ms
[40.772s][info][gc,phases,start] GC(45) Post Compact
[40.774s][info][gc,phases      ] GC(45) Post Compact 2.293ms
[40.774s][info][gc,heap        ] GC(45) PSYoungGen: 111616K(222720K)->111588K(222720K) Eden: 111616K(111616K)->111588K(111616K) From: 0K(111104K)->0K(111104K)
[40.774s][info][gc,heap        ] GC(45) ParOldGen: 667549K(667648K)->667549K(667648K)
[40.774s][info][gc,metaspace   ] GC(45) Metaspace: 16915K(17216K)->16915K(17216K) NonClass: 14759K(14976K)->14759K(14976K) Class: 2156K(2240K)->2156K(2240K)
[40.774s][info][gc             ] GC(45) Pause Full (Allocation Failure) 760M->760M(869M) 641.500ms
[40.774s][info][gc,cpu         ] GC(45) User=1.26s Sys=0.01s Real=0.65s
[40.775s][info][gc,start       ] GC(46) Pause Full (Allocation Failure)
[40.775s][info][gc,phases,start] GC(46) Marking Phase
[41.117s][info][gc,phases      ] GC(46) Marking Phase 341.823ms
[41.117s][info][gc,phases,start] GC(46) Summary Phase
[41.117s][info][gc,phases      ] GC(46) Summary Phase 0.023ms
[41.117s][info][gc,phases,start] GC(46) Forward
[41.138s][info][gc,phases      ] GC(46) Forward 21.602ms
[41.139s][info][gc,phases,start] GC(46) Adjust Pointers
[41.319s][info][gc,phases      ] GC(46) Adjust Pointers 180.973ms
[41.320s][info][gc,phases,start] GC(46) Compaction Phase
[41.412s][info][gc,phases      ] GC(46) Compaction Phase 92.835ms
[41.412s][info][gc,phases,start] GC(46) Post Compact
[41.415s][info][gc,phases      ] GC(46) Post Compact 2.243ms
[41.415s][info][gc,heap        ] GC(46) PSYoungGen: 111615K(222720K)->111592K(222720K) Eden: 111615K(111616K)->111592K(111616K) From: 0K(111104K)->0K(111104K)
[41.415s][info][gc,heap        ] GC(46) ParOldGen: 667549K(667648K)->667549K(667648K)
[41.415s][info][gc,metaspace   ] GC(46) Metaspace: 16915K(17216K)->16915K(17216K) NonClass: 14759K(14976K)->14759K(14976K) Class: 2156K(2240K)->2156K(2240K)
[41.415s][info][gc             ] GC(46) Pause Full (Allocation Failure) 760M->760M(869M) 639.879ms
[41.415s][info][gc,cpu         ] GC(46) User=1.26s Sys=0.00s Real=0.64s
[41.416s][info][gc,start       ] GC(47) Pause Full (Allocation Failure)
[41.416s][info][gc,phases,start] GC(47) Marking Phase
[41.756s][info][gc,phases      ] GC(47) Marking Phase 339.856ms
[41.756s][info][gc,phases,start] GC(47) Summary Phase
[41.756s][info][gc,phases      ] GC(47) Summary Phase 0.023ms
[41.756s][info][gc,phases,start] GC(47) Forward
[41.777s][info][gc,phases      ] GC(47) Forward 21.485ms
[41.777s][info][gc,phases,start] GC(47) Adjust Pointers
[41.958s][info][gc,phases      ] GC(47) Adjust Pointers 180.993ms
[41.959s][info][gc,phases,start] GC(47) Compaction Phase
[42.053s][info][gc,phases      ] GC(47) Compaction Phase 94.485ms
[42.053s][info][gc,phases,start] GC(47) Post Compact
[42.055s][info][gc,phases      ] GC(47) Post Compact 2.237ms
[42.055s][info][gc,heap        ] GC(47) PSYoungGen: 111616K(222720K)->111595K(222720K) Eden: 111616K(111616K)->111595K(111616K) From: 0K(111104K)->0K(111104K)
[42.055s][info][gc,heap        ] GC(47) ParOldGen: 667549K(667648K)->667549K(667648K)
[42.055s][info][gc,metaspace   ] GC(47) Metaspace: 16915K(17216K)->16915K(17216K) NonClass: 14759K(14976K)->14759K(14976K) Class: 2156K(2240K)->2156K(2240K)
[42.055s][info][gc             ] GC(47) Pause Full (Allocation Failure) 760M->760M(869M) 639.444ms
[42.055s][info][gc,cpu         ] GC(47) User=1.26s Sys=0.00s Real=0.64s
[42.058s][info][gc,start       ] GC(48) Pause Full (Allocation Failure)
[42.058s][info][gc,phases,start] GC(48) Marking Phase
[42.397s][info][gc,phases      ] GC(48) Marking Phase 338.726ms
[42.397s][info][gc,phases,start] GC(48) Summary Phase
[42.397s][info][gc,phases      ] GC(48) Summary Phase 0.023ms
[42.397s][info][gc,phases,start] GC(48) Forward
[42.418s][info][gc,phases      ] GC(48) Forward 21.760ms
[42.418s][info][gc,phases,start] GC(48) Adjust Pointers
[42.600s][info][gc,phases      ] GC(48) Adjust Pointers 181.864ms
[42.600s][info][gc,phases,start] GC(48) Compaction Phase
[42.694s][info][gc,phases      ] GC(48) Compaction Phase 93.467ms
[42.694s][info][gc,phases,start] GC(48) Post Compact
[42.696s][info][gc,phases      ] GC(48) Post Compact 2.252ms
[42.696s][info][gc,heap        ] GC(48) PSYoungGen: 111616K(222720K)->111598K(222720K) Eden: 111616K(111616K)->111598K(111616K) From: 0K(111104K)->0K(111104K)
[42.696s][info][gc,heap        ] GC(48) ParOldGen: 667549K(667648K)->667549K(667648K)
[42.696s][info][gc,metaspace   ] GC(48) Metaspace: 16915K(17216K)->16915K(17216K) NonClass: 14759K(14976K)->14759K(14976K) Class: 2156K(2240K)->2156K(2240K)
[42.696s][info][gc             ] GC(48) Pause Full (Allocation Failure) 760M->760M(869M) 638.490ms
[42.696s][info][gc,cpu         ] GC(48) User=1.26s Sys=0.00s Real=0.64s
[42.700s][info][gc,start       ] GC(49) Pause Full (Allocation Failure)
[42.700s][info][gc,phases,start] GC(49) Marking Phase
[43.041s][info][gc,phases      ] GC(49) Marking Phase 341.035ms
[43.041s][info][gc,phases,start] GC(49) Summary Phase
[43.041s][info][gc,phases      ] GC(49) Summary Phase 0.022ms
[43.041s][info][gc,phases,start] GC(49) Forward
[43.063s][info][gc,phases      ] GC(49) Forward 21.511ms
[43.063s][info][gc,phases,start] GC(49) Adjust Pointers
[43.240s][info][gc,phases      ] GC(49) Adjust Pointers 177.661ms
[43.240s][info][gc,phases,start] GC(49) Compaction Phase
[43.332s][info][gc,phases      ] GC(49) Compaction Phase 91.345ms
[43.332s][info][gc,phases,start] GC(49) Post Compact
[43.334s][info][gc,phases      ] GC(49) Post Compact 2.271ms
[43.334s][info][gc,heap        ] GC(49) PSYoungGen: 111615K(222720K)->111601K(222720K) Eden: 111615K(111616K)->111601K(111616K) From: 0K(111104K)->0K(111104K)
[43.334s][info][gc,heap        ] GC(49) ParOldGen: 667549K(667648K)->667549K(667648K)
[43.334s][info][gc,metaspace   ] GC(49) Metaspace: 16915K(17216K)->16915K(17216K) NonClass: 14759K(14976K)->14759K(14976K) Class: 2156K(2240K)->2156K(2240K)
[43.334s][info][gc             ] GC(49) Pause Full (Allocation Failure) 760M->760M(869M) 634.219ms
[43.334s][info][gc,cpu         ] GC(49) User=1.25s Sys=0.00s Real=0.64s
[43.337s][info][gc,start       ] GC(50) Pause Full (Allocation Failure)
[43.337s][info][gc,phases,start] GC(50) Marking Phase
[43.677s][info][gc,phases      ] GC(50) Marking Phase 340.521ms
[43.677s][info][gc,phases,start] GC(50) Summary Phase
[43.677s][info][gc,phases      ] GC(50) Summary Phase 0.021ms
[43.677s][info][gc,phases,start] GC(50) Forward
[43.698s][info][gc,phases      ] GC(50) Forward 21.048ms
[43.698s][info][gc,phases,start] GC(50) Adjust Pointers
[43.875s][info][gc,phases      ] GC(50) Adjust Pointers 176.578ms
[43.875s][info][gc,phases,start] GC(50) Compaction Phase
[43.967s][info][gc,phases      ] GC(50) Compaction Phase 91.500ms
[43.967s][info][gc,phases,start] GC(50) Post Compact
[43.969s][info][gc,phases      ] GC(50) Post Compact 2.243ms
[43.969s][info][gc,heap        ] GC(50) PSYoungGen: 111615K(222720K)->111603K(222720K) Eden: 111615K(111616K)->111603K(111616K) From: 0K(111104K)->0K(111104K)
[43.969s][info][gc,heap        ] GC(50) ParOldGen: 667549K(667648K)->667549K(667648K)
[43.969s][info][gc,metaspace   ] GC(50) Metaspace: 16915K(17216K)->16915K(17216K) NonClass: 14759K(14976K)->14759K(14976K) Class: 2156K(2240K)->2156K(2240K)
[43.969s][info][gc             ] GC(50) Pause Full (Allocation Failure) 760M->760M(869M) 632.270ms
[43.969s][info][gc,cpu         ] GC(50) User=1.24s Sys=0.00s Real=0.63s
[43.970s][info][gc,start       ] GC(51) Pause Full (Allocation Failure)
[43.970s][info][gc,phases,start] GC(51) Marking Phase
[44.306s][info][gc,phases      ] GC(51) Marking Phase 335.646ms
[44.306s][info][gc,phases,start] GC(51) Summary Phase
[44.306s][info][gc,phases      ] GC(51) Summary Phase 0.022ms
[44.306s][info][gc,phases,start] GC(51) Forward
[44.327s][info][gc,phases      ] GC(51) Forward 21.221ms
[44.327s][info][gc,phases,start] GC(51) Adjust Pointers
[44.505s][info][gc,phases      ] GC(51) Adjust Pointers 177.676ms
[44.505s][info][gc,phases,start] GC(51) Compaction Phase
[44.596s][info][gc,phases      ] GC(51) Compaction Phase 91.637ms
[44.596s][info][gc,phases,start] GC(51) Post Compact
[44.599s][info][gc,phases      ] GC(51) Post Compact 2.229ms
[44.599s][info][gc,heap        ] GC(51) PSYoungGen: 111615K(222720K)->111606K(222720K) Eden: 111615K(111616K)->111606K(111616K) From: 0K(111104K)->0K(111104K)
[44.599s][info][gc,heap        ] GC(51) ParOldGen: 667549K(667648K)->667549K(667648K)
[44.599s][info][gc,metaspace   ] GC(51) Metaspace: 16915K(17216K)->16915K(17216K) NonClass: 14759K(14976K)->14759K(14976K) Class: 2156K(2240K)->2156K(2240K)
[44.599s][info][gc             ] GC(51) Pause Full (Allocation Failure) 760M->760M(869M) 628.775ms
[44.599s][info][gc,cpu         ] GC(51) User=1.24s Sys=0.00s Real=0.63s
[44.600s][info][gc,start       ] GC(52) Pause Full (Allocation Failure)
[44.600s][info][gc,phases,start] GC(52) Marking Phase
[44.932s][info][gc,phases      ] GC(52) Marking Phase 331.781ms
[44.932s][info][gc,phases,start] GC(52) Summary Phase
[44.932s][info][gc,phases      ] GC(52) Summary Phase 0.022ms
[44.932s][info][gc,phases,start] GC(52) Forward
[44.954s][info][gc,phases      ] GC(52) Forward 22.779ms
[44.954s][info][gc,phases,start] GC(52) Adjust Pointers
[45.132s][info][gc,phases      ] GC(52) Adjust Pointers 177.103ms
[45.132s][info][gc,phases,start] GC(52) Compaction Phase
[45.223s][info][gc,phases      ] GC(52) Compaction Phase 91.548ms
[45.223s][info][gc,phases,start] GC(52) Post Compact
[45.225s][info][gc,phases      ] GC(52) Post Compact 2.241ms
[45.226s][info][gc,heap        ] GC(52) PSYoungGen: 111615K(222720K)->111608K(222720K) Eden: 111615K(111616K)->111608K(111616K) From: 0K(111104K)->0K(111104K)
[45.226s][info][gc,heap        ] GC(52) ParOldGen: 667549K(667648K)->667549K(667648K)
[45.226s][info][gc,metaspace   ] GC(52) Metaspace: 16915K(17216K)->16915K(17216K) NonClass: 14759K(14976K)->14759K(14976K) Class: 2156K(2240K)->2156K(2240K)
[45.226s][info][gc             ] GC(52) Pause Full (Allocation Failure) 760M->760M(869M) 625.889ms
[45.226s][info][gc,cpu         ] GC(52) User=1.22s Sys=0.00s Real=0.63s
[45.226s][info][gc,start       ] GC(53) Pause Full (Allocation Failure)
[45.226s][info][gc,phases,start] GC(53) Marking Phase
[45.564s][info][gc,phases      ] GC(53) Marking Phase 337.598ms
[45.564s][info][gc,phases,start] GC(53) Summary Phase
[45.564s][info][gc,phases      ] GC(53) Summary Phase 0.034ms
[45.564s][info][gc,phases,start] GC(53) Forward
[45.585s][info][gc,phases      ] GC(53) Forward 21.588ms
[45.585s][info][gc,phases,start] GC(53) Adjust Pointers
[45.767s][info][gc,phases      ] GC(53) Adjust Pointers 181.626ms
[45.767s][info][gc,phases,start] GC(53) Compaction Phase
[45.860s][info][gc,phases      ] GC(53) Compaction Phase 92.919ms
[45.860s][info][gc,phases,start] GC(53) Post Compact
[45.862s][info][gc,phases      ] GC(53) Post Compact 2.246ms
[45.862s][info][gc,heap        ] GC(53) PSYoungGen: 111616K(222720K)->111609K(222720K) Eden: 111616K(111616K)->111609K(111616K) From: 0K(111104K)->0K(111104K)
[45.862s][info][gc,heap        ] GC(53) ParOldGen: 667549K(667648K)->667549K(667648K)
[45.862s][info][gc,metaspace   ] GC(53) Metaspace: 16915K(17216K)->16915K(17216K) NonClass: 14759K(14976K)->14759K(14976K) Class: 2156K(2240K)->2156K(2240K)
[45.862s][info][gc             ] GC(53) Pause Full (Allocation Failure) 760M->760M(869M) 636.396ms
[45.862s][info][gc,cpu         ] GC(53) User=1.25s Sys=0.00s Real=0.63s
[45.863s][info][gc,start       ] GC(54) Pause Full (Allocation Failure)
[45.863s][info][gc,phases,start] GC(54) Marking Phase
[46.202s][info][gc,phases      ] GC(54) Marking Phase 338.820ms
[46.202s][info][gc,phases,start] GC(54) Summary Phase
[46.202s][info][gc,phases      ] GC(54) Summary Phase 0.024ms
[46.202s][info][gc,phases,start] GC(54) Forward
[46.224s][info][gc,phases      ] GC(54) Forward 21.430ms
[46.224s][info][gc,phases,start] GC(54) Adjust Pointers
[46.405s][info][gc,phases      ] GC(54) Adjust Pointers 181.433ms
[46.405s][info][gc,phases,start] GC(54) Compaction Phase
[46.498s][info][gc,phases      ] GC(54) Compaction Phase 93.257ms
[46.498s][info][gc,phases,start] GC(54) Post Compact
[46.501s][info][gc,phases      ] GC(54) Post Compact 2.238ms
[46.501s][info][gc,heap        ] GC(54) PSYoungGen: 111616K(222720K)->111610K(222720K) Eden: 111616K(111616K)->111610K(111616K) From: 0K(111104K)->0K(111104K)
[46.501s][info][gc,heap        ] GC(54) ParOldGen: 667549K(667648K)->667549K(667648K)
[46.501s][info][gc,metaspace   ] GC(54) Metaspace: 16915K(17216K)->16915K(17216K) NonClass: 14759K(14976K)->14759K(14976K) Class: 2156K(2240K)->2156K(2240K)
[46.501s][info][gc             ] GC(54) Pause Full (Allocation Failure) 760M->760M(869M) 637.592ms
[46.501s][info][gc,cpu         ] GC(54) User=1.25s Sys=0.00s Real=0.64s
[46.501s][info][gc,start       ] GC(55) Pause Full (Allocation Failure)
[46.501s][info][gc,phases,start] GC(55) Marking Phase
[46.843s][info][gc,phases      ] GC(55) Marking Phase 341.162ms
[46.843s][info][gc,phases,start] GC(55) Summary Phase
[46.843s][info][gc,phases      ] GC(55) Summary Phase 0.022ms
[46.843s][info][gc,phases,start] GC(55) Forward
[46.866s][info][gc,phases      ] GC(55) Forward 23.355ms
[46.866s][info][gc,phases,start] GC(55) Adjust Pointers
[47.045s][info][gc,phases      ] GC(55) Adjust Pointers 178.680ms
[47.045s][info][gc,phases,start] GC(55) Compaction Phase
[47.138s][info][gc,phases      ] GC(55) Compaction Phase 93.664ms
[47.139s][info][gc,phases,start] GC(55) Post Compact
[47.141s][info][gc,phases      ] GC(55) Post Compact 2.281ms
[47.141s][info][gc,heap        ] GC(55) PSYoungGen: 111615K(222720K)->111611K(222720K) Eden: 111615K(111616K)->111611K(111616K) From: 0K(111104K)->0K(111104K)
[47.141s][info][gc,heap        ] GC(55) ParOldGen: 667549K(667648K)->667549K(667648K)
[47.141s][info][gc,metaspace   ] GC(55) Metaspace: 16915K(17216K)->16915K(17216K) NonClass: 14759K(14976K)->14759K(14976K) Class: 2156K(2240K)->2156K(2240K)
[47.141s][info][gc             ] GC(55) Pause Full (Allocation Failure) 760M->760M(869M) 639.559ms
[47.141s][info][gc,cpu         ] GC(55) User=1.25s Sys=0.00s Real=0.64s
[47.141s][info][gc,start       ] GC(56) Pause Full (Allocation Failure)
[47.141s][info][gc,phases,start] GC(56) Marking Phase
[47.486s][info][gc,phases      ] GC(56) Marking Phase 344.609ms
[47.486s][info][gc,phases,start] GC(56) Summary Phase
[47.486s][info][gc,phases      ] GC(56) Summary Phase 0.028ms
[47.486s][info][gc,phases,start] GC(56) Forward
[47.588s][info][gc,phases      ] GC(56) Forward 102.305ms
[47.588s][info][gc,phases,start] GC(56) Adjust Pointers
[47.802s][info][gc,phases      ] GC(56) Adjust Pointers 213.791ms
[47.802s][info][gc,phases,start] GC(56) Compaction Phase
[47.966s][info][gc,phases      ] GC(56) Compaction Phase 163.558ms
[47.966s][info][gc,phases,start] GC(56) Post Compact
[47.969s][info][metaspace      ] ChkMgr @0x00007f8b4003ec00 (non-class-space): : reclaiming memory...
[47.969s][info][metaspace      ] ChkMgr @0x00007f8b4003ec00 (non-class-space): nothing reclaimed.
[47.969s][info][metaspace      ] ChkMgr @0x00007f8b4003ea10 (class-space): : reclaiming memory...
[47.969s][info][metaspace      ] ChkMgr @0x00007f8b4003ea10 (class-space): nothing reclaimed.
[47.969s][info][gc,phases      ] GC(56) Post Compact 2.468ms
[47.969s][info][gc,heap        ] GC(56) PSYoungGen: 111616K(222720K)->69116K(222720K) Eden: 111616K(111616K)->69116K(111616K) From: 0K(111104K)->0K(111104K)
[47.969s][info][gc,heap        ] GC(56) ParOldGen: 667549K(667648K)->667494K(667648K)
[47.969s][info][gc,metaspace   ] GC(56) Metaspace: 16915K(17216K)->16815K(17216K) NonClass: 14759K(14976K)->14659K(14976K) Class: 2156K(2240K)->2156K(2240K)
[47.969s][info][gc             ] GC(56) Pause Full (Allocation Failure) 760M->719M(869M) 827.486ms
[47.969s][info][gc,cpu         ] GC(56) User=1.62s Sys=0.01s Real=0.83s
[48.026s][info][gc,start       ] GC(57) Pause Full (Allocation Failure)
[48.027s][info][gc,phases,start] GC(57) Marking Phase
[48.236s][info][gc,phases      ] GC(57) Marking Phase 209.746ms
[48.236s][info][gc,phases,start] GC(57) Summary Phase
[48.236s][info][gc,phases      ] GC(57) Summary Phase 0.025ms
[48.236s][info][gc,phases,start] GC(57) Forward
[48.329s][info][gc,phases      ] GC(57) Forward 93.049ms
[48.329s][info][gc,phases,start] GC(57) Adjust Pointers
[48.454s][info][gc,phases      ] GC(57) Adjust Pointers 124.650ms
[48.454s][info][gc,phases,start] GC(57) Compaction Phase
[48.557s][info][gc,phases      ] GC(57) Compaction Phase 102.753ms
[48.557s][info][gc,phases,start] GC(57) Post Compact
[48.559s][info][gc,phases      ] GC(57) Post Compact 2.269ms
[48.573s][info][gc,heap        ] GC(57) PSYoungGen: 111616K(222720K)->0K(222720K) Eden: 111616K(111616K)->0K(111616K) From: 0K(111104K)->0K(111104K)
[48.573s][info][gc,heap        ] GC(57) ParOldGen: 667494K(667648K)->292596K(487424K)
[48.573s][info][gc,metaspace   ] GC(57) Metaspace: 16815K(17216K)->16815K(17216K) NonClass: 14659K(14976K)->14659K(14976K) Class: 2156K(2240K)->2156K(2240K)
[48.573s][info][gc             ] GC(57) Pause Full (Allocation Failure) 760M->285M(693M) 546.620ms
[48.573s][info][gc,cpu         ] GC(57) User=0.97s Sys=0.01s Real=0.54s
[48.757s][info][gc,start       ] GC(58) Pause Young (Allocation Failure)
[48.789s][info][gc,heap        ] GC(58) PSYoungGen: 111616K(222720K)->30966K(222720K) Eden: 111616K(111616K)->0K(111616K) From: 0K(111104K)->30966K(111104K)
[48.789s][info][gc,heap        ] GC(58) ParOldGen: 292596K(487424K)->292596K(487424K)
[48.789s][info][gc,metaspace   ] GC(58) Metaspace: 16816K(17216K)->16816K(17216K) NonClass: 14659K(14976K)->14659K(14976K) Class: 2157K(2240K)->2157K(2240K)
[48.789s][info][gc             ] GC(58) Pause Young (Allocation Failure) 394M->315M(693M) 32.351ms
[48.789s][info][gc,cpu         ] GC(58) User=0.06s Sys=0.00s Real=0.03s
[49.143s][info][gc,start       ] GC(59) Pause Young (Allocation Failure)
[49.188s][info][gc,heap        ] GC(59) PSYoungGen: 142582K(222720K)->17076K(222720K) Eden: 111616K(111616K)->0K(111616K) From: 30966K(111104K)->17076K(111104K)
[49.188s][info][gc,heap        ] GC(59) ParOldGen: 292596K(487424K)->324296K(487424K)
[49.188s][info][gc,metaspace   ] GC(59) Metaspace: 16816K(17216K)->16816K(17216K) NonClass: 14659K(14976K)->14659K(14976K) Class: 2157K(2240K)->2157K(2240K)
[49.188s][info][gc             ] GC(59) Pause Young (Allocation Failure) 424M->333M(693M) 45.477ms
[49.188s][info][gc,cpu         ] GC(59) User=0.10s Sys=0.00s Real=0.05s
[49.449s][info][gc,start       ] GC(60) Pause Young (Allocation Failure)
[49.477s][info][gc,heap        ] GC(60) PSYoungGen: 128692K(222720K)->1024K(222720K) Eden: 111616K(111616K)->0K(111616K) From: 17076K(111104K)->1024K(111104K)
[49.477s][info][gc,heap        ] GC(60) ParOldGen: 324296K(487424K)->346214K(487424K)
[49.477s][info][gc,metaspace   ] GC(60) Metaspace: 16816K(17216K)->16816K(17216K) NonClass: 14659K(14976K)->14659K(14976K) Class: 2157K(2240K)->2157K(2240K)
[49.477s][info][gc             ] GC(60) Pause Young (Allocation Failure) 442M->339M(693M) 28.237ms
[49.477s][info][gc,cpu         ] GC(60) User=0.06s Sys=0.00s Real=0.03s
[50.192s][info][gc,start       ] GC(61) Pause Young (Allocation Failure)
[50.239s][info][gc,heap        ] GC(61) PSYoungGen: 112640K(222720K)->28585K(222720K) Eden: 111616K(111616K)->0K(111616K) From: 1024K(111104K)->28585K(111104K)
[50.239s][info][gc,heap        ] GC(61) ParOldGen: 346214K(487424K)->347206K(487424K)
[50.239s][info][gc,metaspace   ] GC(61) Metaspace: 16919K(17216K)->16919K(17216K) NonClass: 14733K(14976K)->14733K(14976K) Class: 2186K(2240K)->2186K(2240K)
[50.239s][info][gc             ] GC(61) Pause Young (Allocation Failure) 448M->366M(693M) 47.031ms
[50.239s][info][gc,cpu         ] GC(61) User=0.09s Sys=0.01s Real=0.05s
[50.826s][info][gc,start       ] GC(62) Pause Young (Allocation Failure)
[50.918s][info][gc,heap        ] GC(62) PSYoungGen: 140201K(222720K)->64352K(222720K) Eden: 111616K(111616K)->0K(111616K) From: 28585K(111104K)->64352K(111104K)
[50.918s][info][gc,heap        ] GC(62) ParOldGen: 347206K(487424K)->375703K(487424K)
[50.918s][info][gc,metaspace   ] GC(62) Metaspace: 17051K(17280K)->17051K(17280K) NonClass: 14854K(15040K)->14854K(15040K) Class: 2196K(2240K)->2196K(2240K)
[50.918s][info][gc             ] GC(62) Pause Young (Allocation Failure) 475M->429M(693M) 91.635ms
[50.918s][info][gc,cpu         ] GC(62) User=0.18s Sys=0.00s Real=0.09s
[51.255s][info][gc,start       ] GC(63) Pause Young (Allocation Failure)
[51.344s][info][gc,heap        ] GC(63) PSYoungGen: 174177K(222720K)->48156K(222720K) Eden: 109825K(111616K)->0K(111616K) From: 64352K(111104K)->48156K(111104K)
[51.344s][info][gc,heap        ] GC(63) ParOldGen: 375703K(487424K)->440328K(487424K)
[51.344s][info][gc,metaspace   ] GC(63) Metaspace: 17079K(17344K)->17079K(17344K) NonClass: 14881K(15104K)->14881K(15104K) Class: 2198K(2240K)->2198K(2240K)
[51.344s][info][gc             ] GC(63) Pause Young (Allocation Failure) 536M->477M(693M) 88.873ms
[51.344s][info][gc,cpu         ] GC(63) User=0.18s Sys=0.00s Real=0.09s
[51.775s][info][gc,start       ] GC(64) Pause Young (Allocation Failure)
[51.818s][info][gc,heap        ] GC(64) PSYoungGen: 150795K(222720K)->37890K(222720K) Eden: 102639K(111616K)->0K(111616K) From: 48156K(111104K)->37890K(111104K)
[51.818s][info][gc,heap        ] GC(64) ParOldGen: 440328K(487424K)->489270K(489472K)
[51.818s][info][gc,metaspace   ] GC(64) Metaspace: 17243K(17536K)->17243K(17536K) NonClass: 15035K(15232K)->15035K(15232K) Class: 2208K(2304K)->2208K(2304K)
[51.818s][info][gc             ] GC(64) Pause Young (Allocation Failure) 577M->514M(695M) 43.056ms
[51.818s][info][gc,cpu         ] GC(64) User=0.09s Sys=0.01s Real=0.04s
[53.460s][info][gc,start       ] GC(65) Pause Young (Allocation Failure)
[53.503s][info][gc,heap        ] GC(65) PSYoungGen: 149506K(222720K)->40081K(222720K) Eden: 111616K(111616K)->0K(111616K) From: 37890K(111104K)->40081K(111104K)
[53.503s][info][gc,heap        ] GC(65) ParOldGen: 489270K(489472K)->527045K(527872K)
[53.503s][info][gc,metaspace   ] GC(65) Metaspace: 17280K(17536K)->17280K(17536K) NonClass: 15071K(15232K)->15071K(15232K) Class: 2209K(2304K)->2209K(2304K)
[53.503s][info][gc             ] GC(65) Pause Young (Allocation Failure) 623M->553M(733M) 43.721ms
[53.503s][info][gc,cpu         ] GC(65) User=0.07s Sys=0.03s Real=0.04s
[55.593s][info][gc,start       ] GC(66) Pause Young (Allocation Failure)
[55.640s][info][gc,heap        ] GC(66) PSYoungGen: 147307K(222720K)->56341K(222720K) Eden: 107225K(111616K)->0K(111616K) From: 40081K(111104K)->56341K(111104K)
[55.640s][info][gc,heap        ] GC(66) ParOldGen: 527045K(527872K)->567020K(567296K)
[55.640s][info][gc,metaspace   ] GC(66) Metaspace: 17297K(17536K)->17297K(17536K) NonClass: 15088K(15232K)->15088K(15232K) Class: 2209K(2304K)->2209K(2304K)
[55.640s][info][gc             ] GC(66) Pause Young (Allocation Failure) 658M->608M(771M) 47.063ms
[55.640s][info][gc,cpu         ] GC(66) User=0.06s Sys=0.03s Real=0.05s
[56.440s][info][gc,start       ] GC(67) Pause Young (Allocation Failure)
[56.475s][info][gc,heap        ] GC(67) PSYoungGen: 166270K(222720K)->31330K(222720K) Eden: 109928K(111616K)->0K(111616K) From: 56341K(111104K)->31330K(111104K)
[56.475s][info][gc,heap        ] GC(67) ParOldGen: 567020K(567296K)->617028K(617984K)
[56.475s][info][gc,metaspace   ] GC(67) Metaspace: 17316K(17600K)->17316K(17600K) NonClass: 15106K(15296K)->15106K(15296K) Class: 2209K(2304K)->2209K(2304K)
[56.475s][info][gc             ] GC(67) Pause Young (Allocation Failure) 716M->633M(821M) 35.754ms
[56.475s][info][gc,cpu         ] GC(67) User=0.03s Sys=0.03s Real=0.04s
[57.081s][info][gc,start       ] GC(68) Pause Full (Allocation Failure)
[57.081s][info][gc,phases,start] GC(68) Marking Phase
[57.379s][info][gc,phases      ] GC(68) Marking Phase 297.472ms
[57.379s][info][gc,phases,start] GC(68) Summary Phase
[57.379s][info][gc,phases      ] GC(68) Summary Phase 0.028ms
[57.379s][info][gc,phases,start] GC(68) Forward
[57.492s][info][gc,phases      ] GC(68) Forward 113.291ms
[57.492s][info][gc,phases,start] GC(68) Adjust Pointers
[57.688s][info][gc,phases      ] GC(68) Adjust Pointers 196.151ms
[57.688s][info][gc,phases,start] GC(68) Compaction Phase
[57.849s][info][gc,phases      ] GC(68) Compaction Phase 160.646ms
[57.849s][info][gc,phases,start] GC(68) Post Compact
[57.851s][info][gc,phases      ] GC(68) Post Compact 2.182ms
[57.852s][info][gc,heap        ] GC(68) PSYoungGen: 134060K(222720K)->0K(222720K) Eden: 102730K(111616K)->0K(111616K) From: 31330K(111104K)->0K(111104K)
[57.852s][info][gc,heap        ] GC(68) ParOldGen: 617028K(617984K)->571127K(667648K)
[57.852s][info][gc,metaspace   ] GC(68) Metaspace: 17317K(17600K)->17317K(17600K) NonClass: 15107K(15296K)->15107K(15296K) Class: 2209K(2304K)->2209K(2304K)
[57.852s][info][gc             ] GC(68) Pause Full (Allocation Failure) 733M->557M(869M) 770.461ms
[57.852s][info][gc,cpu         ] GC(68) User=1.46s Sys=0.00s Real=0.77s
[58.354s][info][gc,start       ] GC(69) Pause Full (Allocation Failure)
[58.354s][info][gc,phases,start] GC(69) Marking Phase
[58.373s][info][gc,phases      ] GC(69) Marking Phase 18.130ms
[58.373s][info][gc,phases,start] GC(69) Summary Phase
[58.373s][info][gc,phases      ] GC(69) Summary Phase 0.025ms
[58.373s][info][gc,phases,start] GC(69) Forward
[58.374s][info][gc,phases      ] GC(69) Forward 1.071ms
[58.374s][info][gc,phases,start] GC(69) Adjust Pointers
[58.381s][info][gc,phases      ] GC(69) Adjust Pointers 7.633ms
[58.381s][info][gc,phases,start] GC(69) Compaction Phase
[58.406s][info][gc,phases      ] GC(69) Compaction Phase 24.830ms
[58.406s][info][gc,phases,start] GC(69) Post Compact
[58.408s][info][gc,phases      ] GC(69) Post Compact 2.176ms
[58.426s][info][gc,heap        ] GC(69) PSYoungGen: 110954K(222720K)->0K(222720K) Eden: 110954K(111616K)->0K(111616K) From: 0K(111104K)->0K(111104K)
[58.426s][info][gc,heap        ] GC(69) ParOldGen: 571127K(667648K)->219721K(394240K)
[58.427s][info][gc,metaspace   ] GC(69) Metaspace: 17317K(17600K)->17317K(17600K) NonClass: 15107K(15296K)->15107K(15296K) Class: 2209K(2304K)->2209K(2304K)
[58.427s][info][gc             ] GC(69) Pause Full (Allocation Failure) 666M->214M(602M) 72.180ms
[58.427s][info][gc,cpu         ] GC(69) User=0.09s Sys=0.02s Real=0.07s
[58.888s][info][gc,start       ] GC(70) Pause Young (Allocation Failure)
[58.903s][info][gc,heap        ] GC(70) PSYoungGen: 111616K(222720K)->44666K(222720K) Eden: 111616K(111616K)->0K(111616K) From: 0K(111104K)->44666K(111104K)
[58.903s][info][gc,heap        ] GC(70) ParOldGen: 219721K(394240K)->219721K(394240K)
[58.903s][info][gc,metaspace   ] GC(70) Metaspace: 17317K(17600K)->17317K(17600K) NonClass: 15107K(15296K)->15107K(15296K) Class: 2209K(2304K)->2209K(2304K)
[58.903s][info][gc             ] GC(70) Pause Young (Allocation Failure) 323M->258M(602M) 15.149ms
[58.903s][info][gc,cpu         ] GC(70) User=0.02s Sys=0.00s Real=0.01s
[58.996s][info][gc,start       ] GC(71) Pause Young (Allocation Failure)
[59.031s][info][gc,heap        ] GC(71) PSYoungGen: 156282K(222720K)->57176K(222720K) Eden: 111616K(111616K)->0K(111616K) From: 44666K(111104K)->57176K(111104K)
[59.031s][info][gc,heap        ] GC(71) ParOldGen: 219721K(394240K)->264283K(394240K)
[59.031s][info][gc,metaspace   ] GC(71) Metaspace: 17317K(17600K)->17317K(17600K) NonClass: 15107K(15296K)->15107K(15296K) Class: 2209K(2304K)->2209K(2304K)
[59.031s][info][gc             ] GC(71) Pause Young (Allocation Failure) 367M->313M(602M) 35.342ms
[59.031s][info][gc,cpu         ] GC(71) User=0.07s Sys=0.00s Real=0.03s
[59.125s][info][gc,start       ] GC(72) Pause Young (Allocation Failure)
[59.175s][info][gc,heap        ] GC(72) PSYoungGen: 168792K(222720K)->57708K(222720K) Eden: 111616K(111616K)->0K(111616K) From: 57176K(111104K)->57708K(111104K)
[59.175s][info][gc,heap        ] GC(72) ParOldGen: 264283K(394240K)->321565K(394240K)
[59.175s][info][gc,metaspace   ] GC(72) Metaspace: 17317K(17600K)->17317K(17600K) NonClass: 15107K(15296K)->15107K(15296K) Class: 2209K(2304K)->2209K(2304K)
[59.175s][info][gc             ] GC(72) Pause Young (Allocation Failure) 422M->370M(602M) 49.357ms
[59.175s][info][gc,cpu         ] GC(72) User=0.10s Sys=0.00s Real=0.05s
[59.265s][info][gc,start       ] GC(73) Pause Young (Allocation Failure)
[59.314s][info][gc,heap        ] GC(73) PSYoungGen: 169324K(222720K)->54163K(222720K) Eden: 111616K(111616K)->0K(111616K) From: 57708K(111104K)->54163K(111104K)
[59.314s][info][gc,heap        ] GC(73) ParOldGen: 321565K(394240K)->379355K(394240K)
[59.314s][info][gc,metaspace   ] GC(73) Metaspace: 17317K(17600K)->17317K(17600K) NonClass: 15107K(15296K)->15107K(15296K) Class: 2209K(2304K)->2209K(2304K)
[59.314s][info][gc             ] GC(73) Pause Young (Allocation Failure) 479M->423M(602M) 49.805ms
[59.314s][info][gc,cpu         ] GC(73) User=0.10s Sys=0.00s Real=0.05s
[59.620s][info][gc,start       ] GC(74) Pause Young (Allocation Failure)
[59.678s][info][gc,heap        ] GC(74) PSYoungGen: 144364K(222720K)->75014K(222720K) Eden: 90201K(111616K)->0K(111616K) From: 54163K(111104K)->75014K(111104K)
[59.678s][info][gc,heap        ] GC(74) ParOldGen: 379355K(394240K)->433691K(434176K)
[59.678s][info][gc,metaspace   ] GC(74) Metaspace: 17317K(17600K)->17317K(17600K) NonClass: 15107K(15296K)->15107K(15296K) Class: 2209K(2304K)->2209K(2304K)
[59.678s][info][gc             ] GC(74) Pause Young (Allocation Failure) 511M->496M(641M) 58.218ms
[59.678s][info][gc,cpu         ] GC(74) User=0.08s Sys=0.03s Real=0.06s
[61.317s][info][gc,start       ] GC(75) Pause Young (Allocation Failure)
[61.384s][info][gc,heap        ] GC(75) PSYoungGen: 186630K(222720K)->34147K(222720K) Eden: 111616K(111616K)->0K(111616K) From: 75014K(111104K)->34147K(111104K)
[61.384s][info][gc,heap        ] GC(75) ParOldGen: 433691K(434176K)->477972K(478208K)
[61.384s][info][gc,metaspace   ] GC(75) Metaspace: 17358K(17600K)->17358K(17600K) NonClass: 15140K(15296K)->15140K(15296K) Class: 2218K(2304K)->2218K(2304K)
[61.384s][info][gc             ] GC(75) Pause Young (Allocation Failure) 605M->500M(684M) 66.696ms
[61.384s][info][gc,cpu         ] GC(75) User=0.10s Sys=0.03s Real=0.07s
[61.825s][info][gc,start       ] GC(76) Pause Young (Allocation Failure)
[61.916s][info][gc,heap        ] GC(76) PSYoungGen: 145763K(222720K)->57945K(222720K) Eden: 111616K(111616K)->0K(111616K) From: 34147K(111104K)->57945K(111104K)
[61.916s][info][gc,heap        ] GC(76) ParOldGen: 477972K(478208K)->511512K(512000K)
[61.916s][info][gc,metaspace   ] GC(76) Metaspace: 17470K(17792K)->17470K(17792K) NonClass: 15248K(15424K)->15248K(15424K) Class: 2222K(2368K)->2222K(2368K)
[61.916s][info][gc             ] GC(76) Pause Young (Allocation Failure) 609M->556M(717M) 91.544ms
[61.916s][info][gc,cpu         ] GC(76) User=0.16s Sys=0.03s Real=0.09s
[62.197s][info][gc,start       ] GC(77) Pause Young (Allocation Failure)
[62.293s][info][gc,heap        ] GC(77) PSYoungGen: 169561K(222720K)->70749K(222720K) Eden: 111616K(111616K)->0K(111616K) From: 57945K(111104K)->70749K(111104K)
[62.293s][info][gc,heap        ] GC(77) ParOldGen: 511512K(512000K)->569420K(569856K)
[62.293s][info][gc,metaspace   ] GC(77) Metaspace: 17607K(17920K)->17607K(17920K) NonClass: 15373K(15552K)->15373K(15552K) Class: 2233K(2368K)->2233K(2368K)
[62.293s][info][gc             ] GC(77) Pause Young (Allocation Failure) 665M->625M(774M) 96.378ms
[62.293s][info][gc,cpu         ] GC(77) User=0.15s Sys=0.03s Real=0.09s
[64.939s][info][gc,start       ] GC(78) Pause Young (Allocation Failure)
[65.008s][info][gc,heap        ] GC(78) PSYoungGen: 182365K(222720K)->51454K(222720K) Eden: 111616K(111616K)->0K(111616K) From: 70749K(111104K)->51454K(111104K)
[65.008s][info][gc,heap        ] GC(78) ParOldGen: 569420K(569856K)->637883K(637952K)
[65.008s][info][gc,metaspace   ] GC(78) Metaspace: 17619K(17920K)->17619K(17920K) NonClass: 15385K(15552K)->15385K(15552K) Class: 2233K(2368K)->2233K(2368K)
[65.008s][info][gc             ] GC(78) Pause Young (Allocation Failure) 734M->673M(840M) 68.948ms
[65.008s][info][gc,cpu         ] GC(78) User=0.10s Sys=0.04s Real=0.07s
[65.154s][info][gc,start       ] GC(79) Pause Full (Allocation Failure)
[65.154s][info][gc,phases,start] GC(79) Marking Phase
[65.315s][info][gc,phases      ] GC(79) Marking Phase 160.802ms
[65.315s][info][gc,phases,start] GC(79) Summary Phase
[65.315s][info][gc,phases      ] GC(79) Summary Phase 0.027ms
[65.315s][info][gc,phases,start] GC(79) Forward
[65.385s][info][gc,phases      ] GC(79) Forward 70.048ms
[65.385s][info][gc,phases,start] GC(79) Adjust Pointers
[65.490s][info][gc,phases      ] GC(79) Adjust Pointers 105.101ms
[65.490s][info][gc,phases,start] GC(79) Compaction Phase
[65.603s][info][gc,phases      ] GC(79) Compaction Phase 112.179ms
[65.603s][info][gc,phases,start] GC(79) Post Compact
[65.605s][info][gc,phases      ] GC(79) Post Compact 2.261ms
[65.605s][info][gc,heap        ] GC(79) PSYoungGen: 163070K(222720K)->15123K(222720K) Eden: 111616K(111616K)->0K(111616K) From: 51454K(111104K)->15123K(111104K)
[65.605s][info][gc,heap        ] GC(79) ParOldGen: 637883K(637952K)->637456K(667648K)
[65.605s][info][gc,metaspace   ] GC(79) Metaspace: 17619K(17920K)->17619K(17920K) NonClass: 15385K(15552K)->15385K(15552K) Class: 2233K(2368K)->2233K(2368K)
[65.605s][info][gc             ] GC(79) Pause Full (Allocation Failure) 782M->637M(869M) 451.058ms
[65.605s][info][gc,cpu         ] GC(79) User=0.84s Sys=0.00s Real=0.45s
[65.728s][info][gc,start       ] GC(80) Pause Full (Allocation Failure)
[65.728s][info][gc,phases,start] GC(80) Marking Phase
[65.812s][info][gc,phases      ] GC(80) Marking Phase 84.137ms
[65.812s][info][gc,phases,start] GC(80) Summary Phase
[65.812s][info][gc,phases      ] GC(80) Summary Phase 0.024ms
[65.812s][info][gc,phases,start] GC(80) Forward
[65.856s][info][gc,phases      ] GC(80) Forward 43.991ms
[65.856s][info][gc,phases,start] GC(80) Adjust Pointers
[65.912s][info][gc,phases      ] GC(80) Adjust Pointers 55.800ms
[65.912s][info][gc,phases,start] GC(80) Compaction Phase
[65.981s][info][gc,phases      ] GC(80) Compaction Phase 69.013ms
[65.981s][info][gc,phases,start] GC(80) Post Compact
[65.983s][info][gc,phases      ] GC(80) Post Compact 2.296ms
[65.985s][info][gc,heap        ] GC(80) PSYoungGen: 126739K(222720K)->0K(222720K) Eden: 111616K(111616K)->0K(111616K) From: 15123K(111104K)->0K(111104K)
[65.985s][info][gc,heap        ] GC(80) ParOldGen: 637456K(667648K)->437366K(617984K)
[65.985s][info][gc,metaspace   ] GC(80) Metaspace: 17619K(17920K)->17619K(17920K) NonClass: 15385K(15552K)->15385K(15552K) Class: 2233K(2368K)->2233K(2368K)
[65.985s][info][gc             ] GC(80) Pause Full (Allocation Failure) 746M->427M(821M) 257.145ms
[65.985s][info][gc,cpu         ] GC(80) User=0.46s Sys=0.00s Real=0.26s
[66.102s][info][gc,start       ] GC(81) Pause Young (Allocation Failure)
[66.135s][info][gc,heap        ] GC(81) PSYoungGen: 111616K(222720K)->76886K(222720K) Eden: 111616K(111616K)->0K(111616K) From: 0K(111104K)->76886K(111104K)
[66.135s][info][gc,heap        ] GC(81) ParOldGen: 437366K(617984K)->437366K(617984K)
[66.135s][info][gc,metaspace   ] GC(81) Metaspace: 17619K(17920K)->17619K(17920K) NonClass: 15385K(15552K)->15385K(15552K) Class: 2233K(2368K)->2233K(2368K)
[66.135s][info][gc             ] GC(81) Pause Young (Allocation Failure) 536M->502M(821M) 33.129ms
[66.135s][info][gc,cpu         ] GC(81) User=0.07s Sys=0.00s Real=0.04s
[66.495s][info][gc,start       ] GC(82) Pause Young (Allocation Failure)
[66.555s][info][gc,heap        ] GC(82) PSYoungGen: 188502K(222720K)->103042K(222720K) Eden: 111616K(111616K)->0K(111616K) From: 76886K(111104K)->103042K(111104K)
[66.555s][info][gc,heap        ] GC(82) ParOldGen: 437366K(617984K)->513017K(617984K)
[66.555s][info][gc,metaspace   ] GC(82) Metaspace: 17623K(17920K)->17623K(17920K) NonClass: 15387K(15552K)->15387K(15552K) Class: 2235K(2368K)->2235K(2368K)
[66.555s][info][gc             ] GC(82) Pause Young (Allocation Failure) 611M->601M(821M) 60.559ms
[66.555s][info][gc,cpu         ] GC(82) User=0.12s Sys=0.00s Real=0.06s
[67.504s][info][gc,start       ] GC(83) Pause Young (Allocation Failure)
[67.545s][info][gc,heap        ] GC(83) PSYoungGen: 214658K(222720K)->97162K(222720K) Eden: 111616K(111616K)->0K(111616K) From: 103042K(111104K)->97162K(111104K)
[67.545s][info][gc,heap        ] GC(83) ParOldGen: 513017K(617984K)->609228K(617984K)
[67.545s][info][gc,metaspace   ] GC(83) Metaspace: 17675K(17920K)->17675K(17920K) NonClass: 15417K(15552K)->15417K(15552K) Class: 2258K(2368K)->2258K(2368K)
[67.545s][info][gc             ] GC(83) Pause Young (Allocation Failure) 710M->689M(821M) 41.427ms
[67.545s][info][gc,cpu         ] GC(83) User=0.08s Sys=0.00s Real=0.04s
[67.618s][info][gc,start       ] GC(84) Pause Full (Allocation Failure)
[67.618s][info][gc,phases,start] GC(84) Marking Phase
[67.735s][info][gc,phases      ] GC(84) Marking Phase 117.657ms
[67.735s][info][gc,phases,start] GC(84) Summary Phase
[67.735s][info][gc,phases      ] GC(84) Summary Phase 0.028ms
[67.735s][info][gc,phases,start] GC(84) Forward
[67.782s][info][gc,phases      ] GC(84) Forward 46.247ms
[67.782s][info][gc,phases,start] GC(84) Adjust Pointers
[67.863s][info][gc,phases      ] GC(84) Adjust Pointers 80.940ms
[67.863s][info][gc,phases,start] GC(84) Compaction Phase
[67.968s][info][gc,phases      ] GC(84) Compaction Phase 104.882ms
[67.968s][info][gc,phases,start] GC(84) Post Compact
[67.970s][info][gc,phases      ] GC(84) Post Compact 2.333ms
[67.970s][info][gc,heap        ] GC(84) PSYoungGen: 199210K(222720K)->70336K(222720K) Eden: 102047K(111616K)->0K(111616K) From: 97162K(111104K)->70336K(111104K)
[67.970s][info][gc,heap        ] GC(84) ParOldGen: 609228K(617984K)->617470K(667648K)
[67.970s][info][gc,metaspace   ] GC(84) Metaspace: 17761K(17984K)->17761K(17984K) NonClass: 15481K(15616K)->15481K(15616K) Class: 2280K(2368K)->2280K(2368K)
[67.970s][info][gc             ] GC(84) Pause Full (Allocation Failure) 789M->671M(869M) 352.769ms
[67.970s][info][gc,cpu         ] GC(84) User=0.67s Sys=0.00s Real=0.35s
[68.665s][info][gc,start       ] GC(85) Pause Full (Allocation Failure)
[68.665s][info][gc,phases,start] GC(85) Marking Phase
[68.713s][info][gc,phases      ] GC(85) Marking Phase 47.824ms
[68.713s][info][gc,phases,start] GC(85) Summary Phase
[68.713s][info][gc,phases      ] GC(85) Summary Phase 0.026ms
[68.713s][info][gc,phases,start] GC(85) Forward
[68.723s][info][gc,phases      ] GC(85) Forward 9.582ms
[68.723s][info][gc,phases,start] GC(85) Adjust Pointers
[68.752s][info][gc,phases      ] GC(85) Adjust Pointers 29.074ms
[68.752s][info][gc,phases,start] GC(85) Compaction Phase
[68.804s][info][gc,phases      ] GC(85) Compaction Phase 51.834ms
[68.804s][info][gc,phases,start] GC(85) Post Compact
[68.806s][info][gc,phases      ] GC(85) Post Compact 2.316ms
[68.806s][info][gc,heap        ] GC(85) PSYoungGen: 181952K(222720K)->0K(222720K) Eden: 111616K(111616K)->0K(111616K) From: 70336K(111104K)->0K(111104K)
[68.806s][info][gc,heap        ] GC(85) ParOldGen: 617470K(667648K)->557979K(667648K)
[68.806s][info][gc,metaspace   ] GC(85) Metaspace: 17921K(18240K)->17921K(18240K) NonClass: 15619K(15808K)->15619K(15808K) Class: 2302K(2432K)->2302K(2432K)
[68.806s][info][gc             ] GC(85) Pause Full (Allocation Failure) 780M->544M(869M) 141.076ms
[68.806s][info][gc,cpu         ] GC(85) User=0.26s Sys=0.00s Real=0.14s
[69.657s][info][gc,start       ] GC(86) Pause Young (Allocation Failure)
[69.732s][info][gc,heap        ] GC(86) PSYoungGen: 111616K(222720K)->81398K(222720K) Eden: 111616K(111616K)->0K(111616K) From: 0K(111104K)->81398K(111104K)
[69.732s][info][gc,heap        ] GC(86) ParOldGen: 557979K(667648K)->557987K(667648K)
[69.732s][info][gc,metaspace   ] GC(86) Metaspace: 18049K(18368K)->18049K(18368K) NonClass: 15742K(15936K)->15742K(15936K) Class: 2306K(2432K)->2306K(2432K)
[69.732s][info][gc             ] GC(86) Pause Young (Allocation Failure) 653M->624M(869M) 74.749ms
[69.732s][info][gc,cpu         ] GC(86) User=0.15s Sys=0.00s Real=0.07s
[69.888s][info][gc,start       ] GC(87) Pause Young (Allocation Failure)
[70.050s][info][gc,heap        ] GC(87) PSYoungGen: 193014K(222720K)->96128K(222720K) Eden: 111616K(111616K)->0K(111616K) From: 81398K(111104K)->96128K(111104K)
[70.050s][info][gc,heap        ] GC(87) ParOldGen: 557987K(667648K)->639510K(667648K)
[70.050s][info][gc,metaspace   ] GC(87) Metaspace: 18049K(18368K)->18049K(18368K) NonClass: 15742K(15936K)->15742K(15936K) Class: 2306K(2432K)->2306K(2432K)
[70.050s][info][gc             ] GC(87) Pause Young (Allocation Failure) 733M->718M(869M) 162.116ms
[70.050s][info][gc,cpu         ] GC(87) User=0.28s Sys=0.01s Real=0.16s
[70.178s][info][gc,start       ] GC(88) Pause Full (Allocation Failure)
[70.178s][info][gc,phases,start] GC(88) Marking Phase
[70.376s][info][gc,phases      ] GC(88) Marking Phase 198.254ms
[70.376s][info][gc,phases,start] GC(88) Summary Phase
[70.376s][info][gc,phases      ] GC(88) Summary Phase 0.028ms
[70.376s][info][gc,phases,start] GC(88) Forward
[70.453s][info][gc,phases      ] GC(88) Forward 77.117ms
[70.453s][info][gc,phases,start] GC(88) Adjust Pointers
[70.582s][info][gc,phases      ] GC(88) Adjust Pointers 128.396ms
[70.582s][info][gc,phases,start] GC(88) Compaction Phase
[70.729s][info][gc,phases      ] GC(88) Compaction Phase 147.572ms
[70.730s][info][gc,phases,start] GC(88) Post Compact
[70.732s][info][gc,phases      ] GC(88) Post Compact 2.397ms
[70.732s][info][gc,heap        ] GC(88) PSYoungGen: 207744K(222720K)->46213K(222720K) Eden: 111616K(111616K)->0K(111616K) From: 96128K(111104K)->46213K(111104K)
[70.732s][info][gc,heap        ] GC(88) ParOldGen: 639510K(667648K)->667291K(667648K)
[70.732s][info][gc,metaspace   ] GC(88) Metaspace: 18049K(18368K)->18049K(18368K) NonClass: 15742K(15936K)->15742K(15936K) Class: 2306K(2432K)->2306K(2432K)
[70.732s][info][gc             ] GC(88) Pause Full (Allocation Failure) 827M->696M(869M) 554.367ms
[70.732s][info][gc,cpu         ] GC(88) User=1.04s Sys=0.02s Real=0.55s
[70.868s][info][gc,start       ] GC(89) Pause Full (Allocation Failure)
[70.868s][info][gc,phases,start] GC(89) Marking Phase
[71.130s][info][gc,phases      ] GC(89) Marking Phase 262.169ms
[71.130s][info][gc,phases,start] GC(89) Summary Phase
[71.130s][info][gc,phases      ] GC(89) Summary Phase 0.025ms
[71.130s][info][gc,phases,start] GC(89) Forward
[71.225s][info][gc,phases      ] GC(89) Forward 94.688ms
[71.225s][info][gc,phases,start] GC(89) Adjust Pointers
[71.382s][info][gc,phases      ] GC(89) Adjust Pointers 156.619ms
[71.382s][info][gc,phases,start] GC(89) Compaction Phase
[71.502s][info][gc,phases      ] GC(89) Compaction Phase 120.063ms
[71.502s][info][gc,phases,start] GC(89) Post Compact
[71.504s][info][gc,phases      ] GC(89) Post Compact 2.363ms
[71.504s][info][gc,heap        ] GC(89) PSYoungGen: 157829K(222720K)->134924K(222720K) Eden: 111616K(111616K)->111238K(111616K) From: 46213K(111104K)->23685K(111104K)
[71.504s][info][gc,heap        ] GC(89) ParOldGen: 667291K(667648K)->667345K(667648K)
[71.504s][info][gc,metaspace   ] GC(89) Metaspace: 18050K(18368K)->18050K(18368K) NonClass: 15743K(15936K)->15743K(15936K) Class: 2306K(2432K)->2306K(2432K)
[71.504s][info][gc             ] GC(89) Pause Full (Allocation Failure) 805M->783M(869M) 636.408ms
[71.504s][info][gc,cpu         ] GC(89) User=1.20s Sys=0.01s Real=0.64s
[71.505s][info][gc,start       ] GC(90) Pause Full (Allocation Failure)
[71.505s][info][gc,phases,start] GC(90) Marking Phase
[71.762s][info][gc,phases      ] GC(90) Marking Phase 256.528ms
[71.762s][info][gc,phases,start] GC(90) Summary Phase
[71.762s][info][gc,phases      ] GC(90) Summary Phase 0.023ms
[71.762s][info][gc,phases,start] GC(90) Forward
[71.785s][info][gc,phases      ] GC(90) Forward 23.313ms
[71.785s][info][gc,phases,start] GC(90) Adjust Pointers
[71.920s][info][gc,phases      ] GC(90) Adjust Pointers 134.173ms
[71.920s][info][gc,phases,start] GC(90) Compaction Phase
[71.996s][info][gc,phases      ] GC(90) Compaction Phase 76.045ms
[71.996s][info][gc,phases,start] GC(90) Post Compact
[71.998s][info][gc,phases      ] GC(90) Post Compact 2.304ms
[71.998s][info][gc,heap        ] GC(90) PSYoungGen: 135301K(222720K)->134902K(222720K) Eden: 111616K(111616K)->111216K(111616K) From: 23685K(111104K)->23685K(111104K)
[71.998s][info][gc,heap        ] GC(90) ParOldGen: 667345K(667648K)->667345K(667648K)
[71.998s][info][gc,metaspace   ] GC(90) Metaspace: 18050K(18368K)->18050K(18368K) NonClass: 15743K(15936K)->15743K(15936K) Class: 2306K(2432K)->2306K(2432K)
[71.998s][info][gc             ] GC(90) Pause Full (Allocation Failure) 783M->783M(869M) 492.815ms
[71.998s][info][gc,cpu         ] GC(90) User=0.96s Sys=0.00s Real=0.49s
[72.001s][info][gc,start       ] GC(91) Pause Full (Allocation Failure)
[72.001s][info][gc,phases,start] GC(91) Marking Phase
[72.258s][info][gc,phases      ] GC(91) Marking Phase 256.587ms
[72.258s][info][gc,phases,start] GC(91) Summary Phase
[72.258s][info][gc,phases      ] GC(91) Summary Phase 0.025ms
[72.258s][info][gc,phases,start] GC(91) Forward
[72.291s][info][gc,phases      ] GC(91) Forward 33.520ms
[72.291s][info][gc,phases,start] GC(91) Adjust Pointers
[72.429s][info][gc,phases      ] GC(91) Adjust Pointers 137.069ms
[72.429s][info][gc,phases,start] GC(91) Compaction Phase
[72.503s][info][gc,phases      ] GC(91) Compaction Phase 74.074ms
[72.503s][info][gc,phases,start] GC(91) Post Compact
[72.505s][info][gc,phases      ] GC(91) Post Compact 2.296ms
[72.505s][info][gc,heap        ] GC(91) PSYoungGen: 135301K(222720K)->134902K(222720K) Eden: 111616K(111616K)->111216K(111616K) From: 23685K(111104K)->23685K(111104K)
[72.505s][info][gc,heap        ] GC(91) ParOldGen: 667345K(667648K)->667345K(667648K)
[72.505s][info][gc,metaspace   ] GC(91) Metaspace: 18050K(18368K)->18050K(18368K) NonClass: 15743K(15936K)->15743K(15936K) Class: 2306K(2432K)->2306K(2432K)
[72.505s][info][gc             ] GC(91) Pause Full (Allocation Failure) 783M->783M(869M) 503.967ms
[72.505s][info][gc,cpu         ] GC(91) User=0.99s Sys=0.00s Real=0.51s
[72.509s][info][gc,start       ] GC(92) Pause Full (Allocation Failure)
[72.509s][info][gc,phases,start] GC(92) Marking Phase
[72.766s][info][gc,phases      ] GC(92) Marking Phase 256.950ms
[72.766s][info][gc,phases,start] GC(92) Summary Phase
[72.766s][info][gc,phases      ] GC(92) Summary Phase 0.024ms
[72.766s][info][gc,phases,start] GC(92) Forward
[72.789s][info][gc,phases      ] GC(92) Forward 23.501ms
[72.789s][info][gc,phases,start] GC(92) Adjust Pointers
[72.922s][info][gc,phases      ] GC(92) Adjust Pointers 133.056ms
[72.922s][info][gc,phases,start] GC(92) Compaction Phase
[72.998s][info][gc,phases      ] GC(92) Compaction Phase 75.665ms
[72.998s][info][gc,phases,start] GC(92) Post Compact
[73.000s][info][gc,phases      ] GC(92) Post Compact 2.294ms
[73.000s][info][gc,heap        ] GC(92) PSYoungGen: 135301K(222720K)->135162K(222720K) Eden: 111616K(111616K)->111476K(111616K) From: 23685K(111104K)->23685K(111104K)
[73.000s][info][gc,heap        ] GC(92) ParOldGen: 667345K(667648K)->667345K(667648K)
[73.000s][info][gc,metaspace   ] GC(92) Metaspace: 18050K(18368K)->18050K(18368K) NonClass: 15743K(15936K)->15743K(15936K) Class: 2306K(2432K)->2306K(2432K)
[73.000s][info][gc             ] GC(92) Pause Full (Allocation Failure) 783M->783M(869M) 491.912ms
[73.000s][info][gc,cpu         ] GC(92) User=0.96s Sys=0.00s Real=0.49s
[73.002s][info][gc,start       ] GC(93) Pause Full (Allocation Failure)
[73.002s][info][gc,phases,start] GC(93) Marking Phase
[73.257s][info][gc,phases      ] GC(93) Marking Phase 255.458ms
[73.257s][info][gc,phases,start] GC(93) Summary Phase
[73.257s][info][gc,phases      ] GC(93) Summary Phase 0.026ms
[73.257s][info][gc,phases,start] GC(93) Forward
[73.336s][info][gc,phases      ] GC(93) Forward 79.161ms
[73.336s][info][gc,phases,start] GC(93) Adjust Pointers
[73.483s][info][gc,phases      ] GC(93) Adjust Pointers 146.852ms
[73.483s][info][gc,phases,start] GC(93) Compaction Phase
[73.573s][info][gc,phases      ] GC(93) Compaction Phase 89.842ms
[73.573s][info][gc,phases,start] GC(93) Post Compact
[73.576s][info][gc,phases      ] GC(93) Post Compact 2.280ms
[73.576s][info][gc,heap        ] GC(93) PSYoungGen: 135301K(222720K)->135205K(222720K) Eden: 111616K(111616K)->111519K(111616K) From: 23685K(111104K)->23685K(111104K)
[73.576s][info][gc,heap        ] GC(93) ParOldGen: 667345K(667648K)->667344K(667648K)
[73.576s][info][gc,metaspace   ] GC(93) Metaspace: 18050K(18368K)->18050K(18368K) NonClass: 15743K(15936K)->15743K(15936K) Class: 2306K(2432K)->2306K(2432K)
[73.576s][info][gc             ] GC(93) Pause Full (Allocation Failure) 783M->783M(869M) 574.045ms
[73.576s][info][gc,cpu         ] GC(93) User=1.10s Sys=0.00s Real=0.58s
[73.576s][info][gc,start       ] GC(94) Pause Full (Allocation Failure)
[73.576s][info][gc,phases,start] GC(94) Marking Phase
[73.833s][info][gc,phases      ] GC(94) Marking Phase 257.382ms
[73.833s][info][gc,phases,start] GC(94) Summary Phase
[73.833s][info][gc,phases      ] GC(94) Summary Phase 0.023ms
[73.833s][info][gc,phases,start] GC(94) Forward
[73.855s][info][gc,phases      ] GC(94) Forward 21.886ms
[73.855s][info][gc,phases,start] GC(94) Adjust Pointers
[73.987s][info][gc,phases      ] GC(94) Adjust Pointers 132.081ms
[73.988s][info][gc,phases,start] GC(94) Compaction Phase
[74.063s][info][gc,phases      ] GC(94) Compaction Phase 75.944ms
[74.064s][info][gc,phases,start] GC(94) Post Compact
[74.066s][info][gc,phases      ] GC(94) Post Compact 2.301ms
[74.066s][info][gc,heap        ] GC(94) PSYoungGen: 135301K(222720K)->135208K(222720K) Eden: 111616K(111616K)->111522K(111616K) From: 23685K(111104K)->23685K(111104K)
[74.066s][info][gc,heap        ] GC(94) ParOldGen: 667344K(667648K)->667344K(667648K)
[74.066s][info][gc,metaspace   ] GC(94) Metaspace: 18050K(18368K)->18050K(18368K) NonClass: 15743K(15936K)->15743K(15936K) Class: 2306K(2432K)->2306K(2432K)
[74.066s][info][gc             ] GC(94) Pause Full (Allocation Failure) 783M->783M(869M) 489.956ms
[74.066s][info][gc,cpu         ] GC(94) User=0.96s Sys=0.00s Real=0.49s
[74.066s][info][gc,start       ] GC(95) Pause Full (Allocation Failure)
[74.066s][info][gc,phases,start] GC(95) Marking Phase
[74.324s][info][gc,phases      ] GC(95) Marking Phase 257.501ms
[74.324s][info][gc,phases,start] GC(95) Summary Phase
[74.324s][info][gc,phases      ] GC(95) Summary Phase 0.025ms
[74.324s][info][gc,phases,start] GC(95) Forward
[74.346s][info][gc,phases      ] GC(95) Forward 22.309ms
[74.346s][info][gc,phases,start] GC(95) Adjust Pointers
[74.478s][info][gc,phases      ] GC(95) Adjust Pointers 131.972ms
[74.478s][info][gc,phases,start] GC(95) Compaction Phase
[74.555s][info][gc,phases      ] GC(95) Compaction Phase 76.465ms
[74.555s][info][gc,phases,start] GC(95) Post Compact
[74.557s][info][gc,phases      ] GC(95) Post Compact 2.303ms
[74.557s][info][gc,heap        ] GC(95) PSYoungGen: 135301K(222720K)->135213K(222720K) Eden: 111616K(111616K)->111527K(111616K) From: 23685K(111104K)->23685K(111104K)
[74.557s][info][gc,heap        ] GC(95) ParOldGen: 667344K(667648K)->667344K(667648K)
[74.557s][info][gc,metaspace   ] GC(95) Metaspace: 18050K(18368K)->18050K(18368K) NonClass: 15743K(15936K)->15743K(15936K) Class: 2306K(2432K)->2306K(2432K)
[74.557s][info][gc             ] GC(95) Pause Full (Allocation Failure) 783M->783M(869M) 490.966ms
[74.557s][info][gc,cpu         ] GC(95) User=0.96s Sys=0.00s Real=0.49s
[74.558s][info][gc,start       ] GC(96) Pause Full (Allocation Failure)
[74.558s][info][gc,phases,start] GC(96) Marking Phase
[74.817s][info][gc,phases      ] GC(96) Marking Phase 258.712ms
[74.817s][info][gc,phases,start] GC(96) Summary Phase
[74.817s][info][gc,phases      ] GC(96) Summary Phase 0.025ms
[74.817s][info][gc,phases,start] GC(96) Forward
[74.839s][info][gc,phases      ] GC(96) Forward 22.401ms
[74.839s][info][gc,phases,start] GC(96) Adjust Pointers
[74.972s][info][gc,phases      ] GC(96) Adjust Pointers 132.524ms
[74.972s][info][gc,phases,start] GC(96) Compaction Phase
[75.047s][info][gc,phases      ] GC(96) Compaction Phase 75.143ms
[75.047s][info][gc,phases,start] GC(96) Post Compact
[75.049s][info][gc,phases      ] GC(96) Post Compact 2.290ms
[75.049s][info][gc,heap        ] GC(96) PSYoungGen: 135301K(222720K)->135252K(222720K) Eden: 111616K(111616K)->111567K(111616K) From: 23685K(111104K)->23685K(111104K)
[75.049s][info][gc,heap        ] GC(96) ParOldGen: 667344K(667648K)->667344K(667648K)
[75.049s][info][gc,metaspace   ] GC(96) Metaspace: 18050K(18368K)->18050K(18368K) NonClass: 15743K(15936K)->15743K(15936K) Class: 2306K(2432K)->2306K(2432K)
[75.049s][info][gc             ] GC(96) Pause Full (Allocation Failure) 783M->783M(869M) 491.475ms
[75.049s][info][gc,cpu         ] GC(96) User=0.96s Sys=0.00s Real=0.49s
[75.050s][info][gc,start       ] GC(97) Pause Full (Allocation Failure)
[75.050s][info][gc,phases,start] GC(97) Marking Phase
[75.305s][info][gc,phases      ] GC(97) Marking Phase 255.081ms
[75.305s][info][gc,phases,start] GC(97) Summary Phase
[75.305s][info][gc,phases      ] GC(97) Summary Phase 0.024ms
[75.305s][info][gc,phases,start] GC(97) Forward
[75.327s][info][gc,phases      ] GC(97) Forward 22.187ms
[75.327s][info][gc,phases,start] GC(97) Adjust Pointers
[75.459s][info][gc,phases      ] GC(97) Adjust Pointers 132.135ms
[75.459s][info][gc,phases,start] GC(97) Compaction Phase
[75.534s][info][gc,phases      ] GC(97) Compaction Phase 75.067ms
[75.534s][info][gc,phases,start] GC(97) Post Compact
[75.537s][info][gc,phases      ] GC(97) Post Compact 2.275ms
[75.537s][info][gc,heap        ] GC(97) PSYoungGen: 135301K(222720K)->135275K(222720K) Eden: 111616K(111616K)->111589K(111616K) From: 23685K(111104K)->23685K(111104K)
[75.537s][info][gc,heap        ] GC(97) ParOldGen: 667344K(667648K)->667344K(667648K)
[75.537s][info][gc,metaspace   ] GC(97) Metaspace: 18050K(18368K)->18050K(18368K) NonClass: 15743K(15936K)->15743K(15936K) Class: 2306K(2432K)->2306K(2432K)
[75.537s][info][gc             ] GC(97) Pause Full (Allocation Failure) 783M->783M(869M) 487.156ms
[75.537s][info][gc,cpu         ] GC(97) User=0.95s Sys=0.00s Real=0.49s
[75.537s][info][gc,start       ] GC(98) Pause Full (Allocation Failure)
[75.537s][info][gc,phases,start] GC(98) Marking Phase
[75.791s][info][gc,phases      ] GC(98) Marking Phase 253.724ms
[75.791s][info][gc,phases,start] GC(98) Summary Phase
[75.791s][info][gc,phases      ] GC(98) Summary Phase 0.024ms
[75.791s][info][gc,phases,start] GC(98) Forward
[75.813s][info][gc,phases      ] GC(98) Forward 22.159ms
[75.813s][info][gc,phases,start] GC(98) Adjust Pointers
[75.945s][info][gc,phases      ] GC(98) Adjust Pointers 131.581ms
[75.945s][info][gc,phases,start] GC(98) Compaction Phase
[76.020s][info][gc,phases      ] GC(98) Compaction Phase 75.283ms
[76.020s][info][gc,phases,start] GC(98) Post Compact
[76.023s][info][gc,phases      ] GC(98) Post Compact 2.386ms
[76.023s][info][gc,heap        ] GC(98) PSYoungGen: 135301K(222720K)->135294K(222720K) Eden: 111616K(111616K)->111608K(111616K) From: 23685K(111104K)->23685K(111104K)
[76.023s][info][gc,heap        ] GC(98) ParOldGen: 667344K(667648K)->667344K(667648K)
[76.023s][info][gc,metaspace   ] GC(98) Metaspace: 18050K(18368K)->18050K(18368K) NonClass: 15743K(15936K)->15743K(15936K) Class: 2306K(2432K)->2306K(2432K)
[76.023s][info][gc             ] GC(98) Pause Full (Allocation Failure) 783M->783M(869M) 485.503ms
[76.023s][info][gc,cpu         ] GC(98) User=0.95s Sys=0.00s Real=0.48s
[76.023s][info][gc,start       ] GC(99) Pause Full (Allocation Failure)
[76.023s][info][gc,phases,start] GC(99) Marking Phase
[76.279s][info][gc,phases      ] GC(99) Marking Phase 255.969ms
[76.279s][info][gc,phases,start] GC(99) Summary Phase
[76.279s][info][gc,phases      ] GC(99) Summary Phase 0.023ms
[76.279s][info][gc,phases,start] GC(99) Forward
[76.302s][info][gc,phases      ] GC(99) Forward 22.663ms
[76.302s][info][gc,phases,start] GC(99) Adjust Pointers
[76.435s][info][gc,phases      ] GC(99) Adjust Pointers 133.507ms
[76.435s][info][gc,phases,start] GC(99) Compaction Phase
[76.512s][info][gc,phases      ] GC(99) Compaction Phase 76.481ms
[76.512s][info][gc,phases,start] GC(99) Post Compact
[76.514s][info][gc,phases      ] GC(99) Post Compact 2.282ms
[76.514s][info][gc,heap        ] GC(99) PSYoungGen: 135301K(222720K)->135295K(222720K) Eden: 111616K(111616K)->111609K(111616K) From: 23685K(111104K)->23685K(111104K)
[76.514s][info][gc,heap        ] GC(99) ParOldGen: 667344K(667648K)->667344K(667648K)
[76.514s][info][gc,metaspace   ] GC(99) Metaspace: 18050K(18368K)->18050K(18368K) NonClass: 15743K(15936K)->15743K(15936K) Class: 2306K(2432K)->2306K(2432K)
[76.514s][info][gc             ] GC(99) Pause Full (Allocation Failure) 783M->783M(869M) 491.307ms
[76.514s][info][gc,cpu         ] GC(99) User=0.96s Sys=0.00s Real=0.50s
[76.515s][info][gc,start       ] GC(100) Pause Full (Allocation Failure)
[76.515s][info][gc,phases,start] GC(100) Marking Phase
[76.766s][info][gc,phases      ] GC(100) Marking Phase 251.417ms
[76.766s][info][gc,phases,start] GC(100) Summary Phase
[76.766s][info][gc,phases      ] GC(100) Summary Phase 0.023ms
[76.766s][info][gc,phases,start] GC(100) Forward
[76.789s][info][gc,phases      ] GC(100) Forward 23.168ms
[76.790s][info][gc,phases,start] GC(100) Adjust Pointers
[76.923s][info][gc,phases      ] GC(100) Adjust Pointers 133.344ms
[76.923s][info][gc,phases,start] GC(100) Compaction Phase
[76.998s][info][gc,phases      ] GC(100) Compaction Phase 75.079ms
[76.998s][info][gc,phases,start] GC(100) Post Compact
[77.000s][info][gc,phases      ] GC(100) Post Compact 2.287ms
[77.000s][info][gc,heap        ] GC(100) PSYoungGen: 135301K(222720K)->135298K(222720K) Eden: 111616K(111616K)->111613K(111616K) From: 23685K(111104K)->23685K(111104K)
[77.000s][info][gc,heap        ] GC(100) ParOldGen: 667344K(667648K)->667344K(667648K)
[77.000s][info][gc,metaspace   ] GC(100) Metaspace: 18050K(18368K)->18050K(18368K) NonClass: 15743K(15936K)->15743K(15936K) Class: 2306K(2432K)->2306K(2432K)
[77.000s][info][gc             ] GC(100) Pause Full (Allocation Failure) 783M->783M(869M) 485.719ms
[77.000s][info][gc,cpu         ] GC(100) User=0.94s Sys=0.00s Real=0.48s
[77.003s][info][gc,start       ] GC(101) Pause Full (Allocation Failure)
[77.003s][info][gc,phases,start] GC(101) Marking Phase
[77.257s][info][gc,phases      ] GC(101) Marking Phase 254.308ms
[77.257s][info][gc,phases,start] GC(101) Summary Phase
[77.257s][info][gc,phases      ] GC(101) Summary Phase 0.023ms
[77.257s][info][gc,phases,start] GC(101) Forward
[77.282s][info][gc,phases      ] GC(101) Forward 24.406ms
[77.282s][info][gc,phases,start] GC(101) Adjust Pointers
[77.413s][info][gc,phases      ] GC(101) Adjust Pointers 131.330ms
[77.413s][info][gc,phases,start] GC(101) Compaction Phase
[77.489s][info][gc,phases      ] GC(101) Compaction Phase 75.884ms
[77.489s][info][gc,phases,start] GC(101) Post Compact
[77.492s][info][gc,phases      ] GC(101) Post Compact 2.339ms
[77.492s][info][gc,heap        ] GC(101) PSYoungGen: 135299K(222720K)->135299K(222720K) Eden: 111613K(111616K)->111613K(111616K) From: 23685K(111104K)->23685K(111104K)
[77.492s][info][gc,heap        ] GC(101) ParOldGen: 667344K(667648K)->667344K(667648K)
[77.492s][info][gc,metaspace   ] GC(101) Metaspace: 18050K(18368K)->18050K(18368K) NonClass: 15743K(15936K)->15743K(15936K) Class: 2306K(2432K)->2306K(2432K)
[77.492s][info][gc             ] GC(101) Pause Full (Allocation Failure) 783M->783M(869M) 488.659ms
[77.492s][info][gc,cpu         ] GC(101) User=0.95s Sys=0.00s Real=0.49s
[77.494s][info][gc,start       ] GC(102) Pause Full (Allocation Failure)
[77.494s][info][gc,phases,start] GC(102) Marking Phase
[77.747s][info][gc,phases      ] GC(102) Marking Phase 253.488ms
[77.747s][info][gc,phases,start] GC(102) Summary Phase
[77.747s][info][gc,phases      ] GC(102) Summary Phase 0.023ms
[77.747s][info][gc,phases,start] GC(102) Forward
[77.769s][info][gc,phases      ] GC(102) Forward 21.650ms
[77.769s][info][gc,phases,start] GC(102) Adjust Pointers
[77.901s][info][gc,phases      ] GC(102) Adjust Pointers 132.192ms
[77.901s][info][gc,phases,start] GC(102) Compaction Phase
[77.976s][info][gc,phases      ] GC(102) Compaction Phase 74.861ms
[77.976s][info][gc,phases,start] GC(102) Post Compact
[77.979s][info][gc,phases      ] GC(102) Post Compact 2.285ms
[77.979s][info][gc,heap        ] GC(102) PSYoungGen: 135301K(222720K)->135299K(222720K) Eden: 111616K(111616K)->111613K(111616K) From: 23685K(111104K)->23685K(111104K)
[77.979s][info][gc,heap        ] GC(102) ParOldGen: 667350K(667648K)->667350K(667648K)
[77.979s][info][gc,metaspace   ] GC(102) Metaspace: 18050K(18368K)->18050K(18368K) NonClass: 15743K(15936K)->15743K(15936K) Class: 2306K(2432K)->2306K(2432K)
[77.979s][info][gc             ] GC(102) Pause Full (Allocation Failure) 783M->783M(869M) 484.851ms
[77.979s][info][gc,cpu         ] GC(102) User=0.94s Sys=0.00s Real=0.48s
[77.981s][info][gc,start       ] GC(103) Pause Full (Allocation Failure)
[77.981s][info][gc,phases,start] GC(103) Marking Phase
[78.236s][info][gc,phases      ] GC(103) Marking Phase 254.458ms
[78.236s][info][gc,phases,start] GC(103) Summary Phase
[78.236s][info][gc,phases      ] GC(103) Summary Phase 0.025ms
[78.236s][info][gc,phases,start] GC(103) Forward
[78.257s][info][gc,phases      ] GC(103) Forward 21.787ms
[78.258s][info][gc,phases,start] GC(103) Adjust Pointers
[78.390s][info][gc,phases      ] GC(103) Adjust Pointers 132.731ms
[78.390s][info][gc,phases,start] GC(103) Compaction Phase
[78.465s][info][gc,phases      ] GC(103) Compaction Phase 75.173ms
[78.466s][info][gc,phases,start] GC(103) Post Compact
[78.468s][info][gc,phases      ] GC(103) Post Compact 2.283ms
[78.468s][info][gc,heap        ] GC(103) PSYoungGen: 135301K(222720K)->135299K(222720K) Eden: 111616K(111616K)->111614K(111616K) From: 23685K(111104K)->23685K(111104K)
[78.468s][info][gc,heap        ] GC(103) ParOldGen: 667352K(667648K)->667352K(667648K)
[78.468s][info][gc,metaspace   ] GC(103) Metaspace: 18050K(18368K)->18050K(18368K) NonClass: 15743K(15936K)->15743K(15936K) Class: 2306K(2432K)->2306K(2432K)
[78.468s][info][gc             ] GC(103) Pause Full (Allocation Failure) 783M->783M(869M) 486.798ms
[78.468s][info][gc,cpu         ] GC(103) User=0.94s Sys=0.01s Real=0.49s
[78.468s][info][gc,start       ] GC(104) Pause Full (Allocation Failure)
[78.468s][info][gc,phases,start] GC(104) Marking Phase
[78.720s][info][gc,phases      ] GC(104) Marking Phase 251.671ms
[78.720s][info][gc,phases,start] GC(104) Summary Phase
[78.720s][info][gc,phases      ] GC(104) Summary Phase 0.023ms
[78.720s][info][gc,phases,start] GC(104) Forward
[78.742s][info][gc,phases      ] GC(104) Forward 21.944ms
[78.742s][info][gc,phases,start] GC(104) Adjust Pointers
[78.873s][info][gc,phases      ] GC(104) Adjust Pointers 130.849ms
[78.873s][info][gc,phases,start] GC(104) Compaction Phase
[78.948s][info][gc,phases      ] GC(104) Compaction Phase 75.595ms
[78.949s][info][gc,phases,start] GC(104) Post Compact
[78.951s][info][gc,phases      ] GC(104) Post Compact 2.309ms
[78.951s][info][gc,heap        ] GC(104) PSYoungGen: 135301K(222720K)->135300K(222720K) Eden: 111616K(111616K)->111614K(111616K) From: 23685K(111104K)->23685K(111104K)
[78.951s][info][gc,heap        ] GC(104) ParOldGen: 667359K(667648K)->667359K(667648K)
[78.951s][info][gc,metaspace   ] GC(104) Metaspace: 18050K(18368K)->18050K(18368K) NonClass: 15743K(15936K)->15743K(15936K) Class: 2306K(2432K)->2306K(2432K)
[78.951s][info][gc             ] GC(104) Pause Full (Allocation Failure) 783M->783M(869M) 482.706ms
[78.951s][info][gc,cpu         ] GC(104) User=0.95s Sys=0.00s Real=0.48s
[78.951s][info][gc,start       ] GC(105) Pause Full (Allocation Failure)
[78.951s][info][gc,phases,start] GC(105) Marking Phase
[79.203s][info][gc,phases      ] GC(105) Marking Phase 252.171ms
[79.203s][info][gc,phases,start] GC(105) Summary Phase
[79.203s][info][gc,phases      ] GC(105) Summary Phase 0.023ms
[79.203s][info][gc,phases,start] GC(105) Forward
[79.228s][info][gc,phases      ] GC(105) Forward 24.424ms
[79.228s][info][gc,phases,start] GC(105) Adjust Pointers
[79.358s][info][gc,phases      ] GC(105) Adjust Pointers 130.574ms
[79.359s][info][gc,phases,start] GC(105) Compaction Phase
[79.434s][info][gc,phases      ] GC(105) Compaction Phase 75.473ms
[79.434s][info][gc,phases,start] GC(105) Post Compact
[79.436s][info][gc,phases      ] GC(105) Post Compact 2.301ms
[79.436s][info][gc,heap        ] GC(105) PSYoungGen: 135301K(222720K)->135300K(222720K) Eden: 111615K(111616K)->111614K(111616K) From: 23685K(111104K)->23685K(111104K)
[79.436s][info][gc,heap        ] GC(105) ParOldGen: 667359K(667648K)->667359K(667648K)
[79.436s][info][gc,metaspace   ] GC(105) Metaspace: 18050K(18368K)->18050K(18368K) NonClass: 15743K(15936K)->15743K(15936K) Class: 2306K(2432K)->2306K(2432K)
[79.436s][info][gc             ] GC(105) Pause Full (Allocation Failure) 783M->783M(869M) 485.296ms
[79.436s][info][gc,cpu         ] GC(105) User=0.94s Sys=0.00s Real=0.49s
[79.437s][info][gc,start       ] GC(106) Pause Full (Allocation Failure)
[79.437s][info][gc,phases,start] GC(106) Marking Phase
[79.688s][info][gc,phases      ] GC(106) Marking Phase 251.861ms
[79.689s][info][gc,phases,start] GC(106) Summary Phase
[79.689s][info][gc,phases      ] GC(106) Summary Phase 0.026ms
[79.689s][info][gc,phases,start] GC(106) Forward
[79.710s][info][gc,phases      ] GC(106) Forward 21.869ms
[79.710s][info][gc,phases,start] GC(106) Adjust Pointers
[79.841s][info][gc,phases      ] GC(106) Adjust Pointers 130.553ms
[79.841s][info][gc,phases,start] GC(106) Compaction Phase
[79.916s][info][gc,phases      ] GC(106) Compaction Phase 74.764ms
[79.916s][info][gc,phases,start] GC(106) Post Compact
[79.918s][info][gc,phases      ] GC(106) Post Compact 2.268ms
[79.918s][info][gc,heap        ] GC(106) PSYoungGen: 135301K(222720K)->135301K(222720K) Eden: 111615K(111616K)->111615K(111616K) From: 23685K(111104K)->23685K(111104K)
[79.918s][info][gc,heap        ] GC(106) ParOldGen: 667359K(667648K)->667359K(667648K)
[79.918s][info][gc,metaspace   ] GC(106) Metaspace: 18050K(18368K)->18050K(18368K) NonClass: 15743K(15936K)->15743K(15936K) Class: 2306K(2432K)->2306K(2432K)
[79.918s][info][gc             ] GC(106) Pause Full (Allocation Failure) 783M->783M(869M) 481.687ms
[79.918s][info][gc,cpu         ] GC(106) User=0.94s Sys=0.00s Real=0.48s
[79.919s][info][gc,start       ] GC(107) Pause Full (Allocation Failure)
[79.919s][info][gc,phases,start] GC(107) Marking Phase
[80.172s][info][gc,phases      ] GC(107) Marking Phase 253.807ms
[80.172s][info][gc,phases,start] GC(107) Summary Phase
[80.172s][info][gc,phases      ] GC(107) Summary Phase 0.024ms
[80.172s][info][gc,phases,start] GC(107) Forward
[80.197s][info][gc,phases      ] GC(107) Forward 24.437ms
[80.197s][info][gc,phases,start] GC(107) Adjust Pointers
[80.327s][info][gc,phases      ] GC(107) Adjust Pointers 130.012ms
[80.327s][info][gc,phases,start] GC(107) Compaction Phase
[80.403s][info][gc,phases      ] GC(107) Compaction Phase 75.558ms
[80.403s][info][gc,phases,start] GC(107) Post Compact
[80.405s][info][gc,phases      ] GC(107) Post Compact 2.384ms
[80.405s][info][gc,heap        ] GC(107) PSYoungGen: 135301K(222720K)->135301K(222720K) Eden: 111615K(111616K)->111615K(111616K) From: 23685K(111104K)->23685K(111104K)
[80.405s][info][gc,heap        ] GC(107) ParOldGen: 667359K(667648K)->667359K(667648K)
[80.405s][info][gc,metaspace   ] GC(107) Metaspace: 18050K(18368K)->18050K(18368K) NonClass: 15743K(15936K)->15743K(15936K) Class: 2306K(2432K)->2306K(2432K)
[80.405s][info][gc             ] GC(107) Pause Full (Allocation Failure) 783M->783M(869M) 486.555ms
[80.405s][info][gc,cpu         ] GC(107) User=0.95s Sys=0.00s Real=0.49s
[80.405s][info][gc,start       ] GC(108) Pause Full (Allocation Failure)
[80.405s][info][gc,phases,start] GC(108) Marking Phase
[80.657s][info][gc,phases      ] GC(108) Marking Phase 252.005ms
[80.657s][info][gc,phases,start] GC(108) Summary Phase
[80.657s][info][gc,phases      ] GC(108) Summary Phase 0.024ms
[80.657s][info][gc,phases,start] GC(108) Forward
[80.680s][info][gc,phases      ] GC(108) Forward 22.223ms
[80.680s][info][gc,phases,start] GC(108) Adjust Pointers
[80.809s][info][gc,phases      ] GC(108) Adjust Pointers 129.137ms
[80.809s][info][gc,phases,start] GC(108) Compaction Phase
[80.884s][info][gc,phases      ] GC(108) Compaction Phase 75.218ms
[80.884s][info][gc,phases,start] GC(108) Post Compact
[80.886s][info][gc,phases      ] GC(108) Post Compact 2.291ms
[80.886s][info][gc,heap        ] GC(108) PSYoungGen: 135301K(222720K)->135301K(222720K) Eden: 111615K(111616K)->111615K(111616K) From: 23685K(111104K)->23685K(111104K)
[80.886s][info][gc,heap        ] GC(108) ParOldGen: 667360K(667648K)->667360K(667648K)
[80.886s][info][gc,metaspace   ] GC(108) Metaspace: 18050K(18368K)->18050K(18368K) NonClass: 15743K(15936K)->15743K(15936K) Class: 2306K(2432K)->2306K(2432K)
[80.886s][info][gc             ] GC(108) Pause Full (Allocation Failure) 783M->783M(869M) 481.254ms
[80.886s][info][gc,cpu         ] GC(108) User=0.94s Sys=0.00s Real=0.48s
[80.889s][info][gc,start       ] GC(109) Pause Full (Allocation Failure)
[80.889s][info][gc,phases,start] GC(109) Marking Phase
[81.142s][info][gc,phases      ] GC(109) Marking Phase 252.587ms
[81.142s][info][gc,phases,start] GC(109) Summary Phase
[81.142s][info][gc,phases      ] GC(109) Summary Phase 0.024ms
[81.142s][info][gc,phases,start] GC(109) Forward
[81.165s][info][gc,phases      ] GC(109) Forward 22.994ms
[81.165s][info][gc,phases,start] GC(109) Adjust Pointers
[81.299s][info][gc,phases      ] GC(109) Adjust Pointers 134.760ms
[81.300s][info][gc,phases,start] GC(109) Compaction Phase
[81.375s][info][gc,phases      ] GC(109) Compaction Phase 75.589ms
[81.375s][info][gc,phases,start] GC(109) Post Compact
[81.377s][info][gc,phases      ] GC(109) Post Compact 2.303ms
[81.378s][info][gc,heap        ] GC(109) PSYoungGen: 135301K(222720K)->135301K(222720K) Eden: 111616K(111616K)->111615K(111616K) From: 23685K(111104K)->23685K(111104K)
[81.378s][info][gc,heap        ] GC(109) ParOldGen: 667360K(667648K)->667359K(667648K)
[81.378s][info][gc,metaspace   ] GC(109) Metaspace: 18050K(18368K)->18050K(18368K) NonClass: 15743K(15936K)->15743K(15936K) Class: 2306K(2432K)->2306K(2432K)
[81.378s][info][gc             ] GC(109) Pause Full (Allocation Failure) 783M->783M(869M) 488.615ms
[81.378s][info][gc,cpu         ] GC(109) User=0.95s Sys=0.00s Real=0.49s
[81.378s][info][gc,start       ] GC(110) Pause Full (Allocation Failure)
[81.378s][info][gc,phases,start] GC(110) Marking Phase
[81.633s][info][gc,phases      ] GC(110) Marking Phase 255.491ms
[81.633s][info][gc,phases,start] GC(110) Summary Phase
[81.633s][info][gc,phases      ] GC(110) Summary Phase 0.023ms
[81.633s][info][gc,phases,start] GC(110) Forward
[81.655s][info][gc,phases      ] GC(110) Forward 22.076ms
[81.655s][info][gc,phases,start] GC(110) Adjust Pointers
[81.786s][info][gc,phases      ] GC(110) Adjust Pointers 130.890ms
[81.786s][info][gc,phases,start] GC(110) Compaction Phase
[81.861s][info][gc,phases      ] GC(110) Compaction Phase 74.815ms
[81.861s][info][gc,phases,start] GC(110) Post Compact
[81.864s][info][gc,phases      ] GC(110) Post Compact 2.315ms
[81.864s][info][gc,heap        ] GC(110) PSYoungGen: 135301K(222720K)->135301K(222720K) Eden: 111615K(111616K)->111615K(111616K) From: 23685K(111104K)->23685K(111104K)
[81.864s][info][gc,heap        ] GC(110) ParOldGen: 667359K(667648K)->667359K(667648K)
[81.864s][info][gc,metaspace   ] GC(110) Metaspace: 18050K(18368K)->18050K(18368K) NonClass: 15743K(15936K)->15743K(15936K) Class: 2306K(2432K)->2306K(2432K)
[81.864s][info][gc             ] GC(110) Pause Full (Allocation Failure) 783M->783M(869M) 485.937ms
[81.864s][info][gc,cpu         ] GC(110) User=0.95s Sys=0.00s Real=0.48s
[81.864s][info][gc,start       ] GC(111) Pause Full (Allocation Failure)
[81.864s][info][gc,phases,start] GC(111) Marking Phase
[82.117s][info][gc,phases      ] GC(111) Marking Phase 252.723ms
[82.117s][info][gc,phases,start] GC(111) Summary Phase
[82.117s][info][gc,phases      ] GC(111) Summary Phase 0.023ms
[82.117s][info][gc,phases,start] GC(111) Forward
[82.139s][info][gc,phases      ] GC(111) Forward 21.993ms
[82.139s][info][gc,phases,start] GC(111) Adjust Pointers
[82.269s][info][gc,phases      ] GC(111) Adjust Pointers 130.631ms
[82.270s][info][gc,phases,start] GC(111) Compaction Phase
[82.344s][info][gc,phases      ] GC(111) Compaction Phase 74.777ms
[82.344s][info][gc,phases,start] GC(111) Post Compact
[82.347s][info][gc,phases      ] GC(111) Post Compact 2.260ms
[82.347s][info][gc,heap        ] GC(111) PSYoungGen: 135301K(222720K)->135301K(222720K) Eden: 111615K(111616K)->111615K(111616K) From: 23685K(111104K)->23685K(111104K)
[82.347s][info][gc,heap        ] GC(111) ParOldGen: 667360K(667648K)->667360K(667648K)
[82.347s][info][gc,metaspace   ] GC(111) Metaspace: 18050K(18368K)->18050K(18368K) NonClass: 15743K(15936K)->15743K(15936K) Class: 2306K(2432K)->2306K(2432K)
[82.347s][info][gc             ] GC(111) Pause Full (Allocation Failure) 783M->783M(869M) 482.776ms
[82.347s][info][gc,cpu         ] GC(111) User=0.94s Sys=0.00s Real=0.48s
[82.347s][info][gc,start       ] GC(112) Pause Full (Allocation Failure)
[82.347s][info][gc,phases,start] GC(112) Marking Phase
[82.600s][info][gc,phases      ] GC(112) Marking Phase 252.923ms
[82.600s][info][gc,phases,start] GC(112) Summary Phase
[82.600s][info][gc,phases      ] GC(112) Summary Phase 0.026ms
[82.600s][info][gc,phases,start] GC(112) Forward
[82.622s][info][gc,phases      ] GC(112) Forward 21.721ms
[82.622s][info][gc,phases,start] GC(112) Adjust Pointers
[82.753s][info][gc,phases      ] GC(112) Adjust Pointers 131.279ms
[82.753s][info][gc,phases,start] GC(112) Compaction Phase
[82.828s][info][gc,phases      ] GC(112) Compaction Phase 74.906ms
[82.828s][info][gc,phases,start] GC(112) Post Compact
[82.830s][info][gc,phases      ] GC(112) Post Compact 2.312ms
[82.830s][info][gc,heap        ] GC(112) PSYoungGen: 135301K(222720K)->135301K(222720K) Eden: 111615K(111616K)->111615K(111616K) From: 23685K(111104K)->23685K(111104K)
[82.830s][info][gc,heap        ] GC(112) ParOldGen: 667360K(667648K)->667360K(667648K)
[82.831s][info][gc,metaspace   ] GC(112) Metaspace: 18050K(18368K)->18050K(18368K) NonClass: 15743K(15936K)->15743K(15936K) Class: 2306K(2432K)->2306K(2432K)
[82.831s][info][gc             ] GC(112) Pause Full (Allocation Failure) 783M->783M(869M) 483.538ms
[82.831s][info][gc,cpu         ] GC(112) User=0.95s Sys=0.00s Real=0.48s
[82.831s][info][gc,start       ] GC(113) Pause Full (Allocation Failure)
[82.831s][info][gc,phases,start] GC(113) Marking Phase
[83.085s][info][gc,phases      ] GC(113) Marking Phase 253.961ms
[83.085s][info][gc,phases,start] GC(113) Summary Phase
[83.085s][info][gc,phases      ] GC(113) Summary Phase 0.023ms
[83.085s][info][gc,phases,start] GC(113) Forward
[83.107s][info][gc,phases      ] GC(113) Forward 21.879ms
[83.107s][info][gc,phases,start] GC(113) Adjust Pointers
[83.237s][info][gc,phases      ] GC(113) Adjust Pointers 130.261ms
[83.237s][info][gc,phases,start] GC(113) Compaction Phase
[83.312s][info][gc,phases      ] GC(113) Compaction Phase 75.086ms
[83.312s][info][gc,phases,start] GC(113) Post Compact
[83.315s][info][gc,phases      ] GC(113) Post Compact 2.303ms
[83.315s][info][gc,heap        ] GC(113) PSYoungGen: 135301K(222720K)->135301K(222720K) Eden: 111616K(111616K)->111615K(111616K) From: 23685K(111104K)->23685K(111104K)
[83.315s][info][gc,heap        ] GC(113) ParOldGen: 667361K(667648K)->667361K(667648K)
[83.315s][info][gc,metaspace   ] GC(113) Metaspace: 18050K(18368K)->18050K(18368K) NonClass: 15743K(15936K)->15743K(15936K) Class: 2306K(2432K)->2306K(2432K)
[83.315s][info][gc             ] GC(113) Pause Full (Allocation Failure) 783M->783M(869M) 483.854ms
[83.315s][info][gc,cpu         ] GC(113) User=0.94s Sys=0.00s Real=0.49s
[83.315s][info][gc,start       ] GC(114) Pause Full (Allocation Failure)
[83.315s][info][gc,phases,start] GC(114) Marking Phase
[83.566s][info][gc,phases      ] GC(114) Marking Phase 251.299ms
[83.566s][info][gc,phases,start] GC(114) Summary Phase
[83.566s][info][gc,phases      ] GC(114) Summary Phase 0.022ms
[83.566s][info][gc,phases,start] GC(114) Forward
[83.588s][info][gc,phases      ] GC(114) Forward 22.124ms
[83.588s][info][gc,phases,start] GC(114) Adjust Pointers
[83.718s][info][gc,phases      ] GC(114) Adjust Pointers 129.871ms
[83.718s][info][gc,phases,start] GC(114) Compaction Phase
[83.793s][info][gc,phases      ] GC(114) Compaction Phase 74.677ms
[83.793s][info][gc,phases,start] GC(114) Post Compact
[83.795s][info][gc,phases      ] GC(114) Post Compact 2.246ms
[83.795s][info][gc,heap        ] GC(114) PSYoungGen: 135301K(222720K)->135301K(222720K) Eden: 111616K(111616K)->111616K(111616K) From: 23685K(111104K)->23685K(111104K)
[83.795s][info][gc,heap        ] GC(114) ParOldGen: 667361K(667648K)->667361K(667648K)
[83.795s][info][gc,metaspace   ] GC(114) Metaspace: 18050K(18368K)->18050K(18368K) NonClass: 15743K(15936K)->15743K(15936K) Class: 2306K(2432K)->2306K(2432K)
[83.795s][info][gc             ] GC(114) Pause Full (Allocation Failure) 783M->783M(869M) 480.593ms
[83.795s][info][gc,cpu         ] GC(114) User=0.94s Sys=0.00s Real=0.48s
[83.797s][info][gc,start       ] GC(115) Pause Full (Allocation Failure)
[83.797s][info][gc,phases,start] GC(115) Marking Phase
[84.049s][info][gc,phases      ] GC(115) Marking Phase 252.781ms
[84.049s][info][gc,phases,start] GC(115) Summary Phase
[84.049s][info][gc,phases      ] GC(115) Summary Phase 0.024ms
[84.049s][info][gc,phases,start] GC(115) Forward
[84.071s][info][gc,phases      ] GC(115) Forward 21.828ms
[84.071s][info][gc,phases,start] GC(115) Adjust Pointers
[84.202s][info][gc,phases      ] GC(115) Adjust Pointers 130.876ms
[84.202s][info][gc,phases,start] GC(115) Compaction Phase
[84.277s][info][gc,phases      ] GC(115) Compaction Phase 74.536ms
[84.277s][info][gc,phases,start] GC(115) Post Compact
[84.279s][info][gc,phases      ] GC(115) Post Compact 2.302ms
[84.279s][info][gc,heap        ] GC(115) PSYoungGen: 135301K(222720K)->135301K(222720K) Eden: 111616K(111616K)->111616K(111616K) From: 23685K(111104K)->23685K(111104K)
[84.279s][info][gc,heap        ] GC(115) ParOldGen: 667361K(667648K)->667361K(667648K)
[84.279s][info][gc,metaspace   ] GC(115) Metaspace: 18050K(18368K)->18050K(18368K) NonClass: 15743K(15936K)->15743K(15936K) Class: 2306K(2432K)->2306K(2432K)
[84.279s][info][gc             ] GC(115) Pause Full (Allocation Failure) 783M->783M(869M) 482.721ms
[84.279s][info][gc,cpu         ] GC(115) User=0.94s Sys=0.00s Real=0.48s
[84.279s][info][gc,start       ] GC(116) Pause Full (Allocation Failure)
[84.279s][info][gc,phases,start] GC(116) Marking Phase
[84.533s][info][gc,phases      ] GC(116) Marking Phase 253.751ms
[84.533s][info][gc,phases,start] GC(116) Summary Phase
[84.533s][info][gc,phases      ] GC(116) Summary Phase 0.023ms
[84.533s][info][gc,phases,start] GC(116) Forward
[84.558s][info][gc,phases      ] GC(116) Forward 24.514ms
[84.558s][info][gc,phases,start] GC(116) Adjust Pointers
[84.688s][info][gc,phases      ] GC(116) Adjust Pointers 130.036ms
[84.688s][info][gc,phases,start] GC(116) Compaction Phase
[84.762s][info][gc,phases      ] GC(116) Compaction Phase 74.463ms
[84.763s][info][gc,phases,start] GC(116) Post Compact
[84.765s][info][gc,phases      ] GC(116) Post Compact 2.294ms
[84.765s][info][gc,heap        ] GC(116) PSYoungGen: 135301K(222720K)->135301K(222720K) Eden: 111616K(111616K)->111615K(111616K) From: 23685K(111104K)->23685K(111104K)
[84.765s][info][gc,heap        ] GC(116) ParOldGen: 667361K(667648K)->667361K(667648K)
[84.765s][info][gc,metaspace   ] GC(116) Metaspace: 18050K(18368K)->18050K(18368K) NonClass: 15743K(15936K)->15743K(15936K) Class: 2306K(2432K)->2306K(2432K)
[84.765s][info][gc             ] GC(116) Pause Full (Allocation Failure) 783M->783M(869M) 485.436ms
[84.765s][info][gc,cpu         ] GC(116) User=0.95s Sys=0.00s Real=0.49s
[84.765s][info][gc,start       ] GC(117) Pause Full (Allocation Failure)
[84.765s][info][gc,phases,start] GC(117) Marking Phase
[85.018s][info][gc,phases      ] GC(117) Marking Phase 252.423ms
[85.018s][info][gc,phases,start] GC(117) Summary Phase
[85.018s][info][gc,phases      ] GC(117) Summary Phase 0.024ms
[85.018s][info][gc,phases,start] GC(117) Forward
[85.040s][info][gc,phases      ] GC(117) Forward 22.050ms
[85.040s][info][gc,phases,start] GC(117) Adjust Pointers
[85.171s][info][gc,phases      ] GC(117) Adjust Pointers 131.583ms
[85.171s][info][gc,phases,start] GC(117) Compaction Phase
[85.247s][info][gc,phases      ] GC(117) Compaction Phase 75.230ms
[85.247s][info][gc,phases,start] GC(117) Post Compact
[85.249s][info][gc,phases      ] GC(117) Post Compact 2.317ms
[85.249s][info][gc,heap        ] GC(117) PSYoungGen: 135301K(222720K)->135301K(222720K) Eden: 111615K(111616K)->111615K(111616K) From: 23685K(111104K)->23685K(111104K)
[85.249s][info][gc,heap        ] GC(117) ParOldGen: 667361K(667648K)->667360K(667648K)
[85.249s][info][gc,metaspace   ] GC(117) Metaspace: 18050K(18368K)->18050K(18368K) NonClass: 15743K(15936K)->15743K(15936K) Class: 2306K(2432K)->2306K(2432K)
[85.249s][info][gc             ] GC(117) Pause Full (Allocation Failure) 783M->783M(869M) 483.958ms
[85.249s][info][gc,cpu         ] GC(117) User=0.94s Sys=0.00s Real=0.48s
[85.249s][info][gc,start       ] GC(118) Pause Full (Allocation Failure)
[85.249s][info][gc,phases,start] GC(118) Marking Phase
[85.502s][info][gc,phases      ] GC(118) Marking Phase 252.257ms
[85.502s][info][gc,phases,start] GC(118) Summary Phase
[85.502s][info][gc,phases      ] GC(118) Summary Phase 0.024ms
[85.502s][info][gc,phases,start] GC(118) Forward
[85.525s][info][gc,phases      ] GC(118) Forward 23.624ms
[85.525s][info][gc,phases,start] GC(118) Adjust Pointers
[85.655s][info][gc,phases      ] GC(118) Adjust Pointers 130.162ms
[85.656s][info][gc,phases,start] GC(118) Compaction Phase
[85.732s][info][gc,phases      ] GC(118) Compaction Phase 76.441ms
[85.732s][info][gc,phases,start] GC(118) Post Compact
[85.734s][info][gc,phases      ] GC(118) Post Compact 2.269ms
[85.734s][info][gc,heap        ] GC(118) PSYoungGen: 135301K(222720K)->135301K(222720K) Eden: 111615K(111616K)->111615K(111616K) From: 23685K(111104K)->23685K(111104K)
[85.734s][info][gc,heap        ] GC(118) ParOldGen: 667360K(667648K)->667360K(667648K)
[85.734s][info][gc,metaspace   ] GC(118) Metaspace: 18050K(18368K)->18050K(18368K) NonClass: 15743K(15936K)->15743K(15936K) Class: 2306K(2432K)->2306K(2432K)
[85.734s][info][gc             ] GC(118) Pause Full (Allocation Failure) 783M->783M(869M) 485.139ms
[85.734s][info][gc,cpu         ] GC(118) User=0.95s Sys=0.01s Real=0.49s
[85.735s][info][gc,start       ] GC(119) Pause Full (Allocation Failure)
[85.735s][info][gc,phases,start] GC(119) Marking Phase
[85.987s][info][gc,phases      ] GC(119) Marking Phase 252.405ms
[85.987s][info][gc,phases,start] GC(119) Summary Phase
[85.987s][info][gc,phases      ] GC(119) Summary Phase 0.023ms
[85.987s][info][gc,phases,start] GC(119) Forward
[86.009s][info][gc,phases      ] GC(119) Forward 21.886ms
[86.009s][info][gc,phases,start] GC(119) Adjust Pointers
[86.140s][info][gc,phases      ] GC(119) Adjust Pointers 130.936ms
[86.140s][info][gc,phases,start] GC(119) Compaction Phase
[86.215s][info][gc,phases      ] GC(119) Compaction Phase 75.315ms
[86.216s][info][gc,phases,start] GC(119) Post Compact
[86.218s][info][gc,phases      ] GC(119) Post Compact 2.283ms
[86.218s][info][gc,heap        ] GC(119) PSYoungGen: 135301K(222720K)->135301K(222720K) Eden: 111615K(111616K)->111615K(111616K) From: 23685K(111104K)->23685K(111104K)
[86.218s][info][gc,heap        ] GC(119) ParOldGen: 667360K(667648K)->667360K(667648K)
[86.218s][info][gc,metaspace   ] GC(119) Metaspace: 18050K(18368K)->18050K(18368K) NonClass: 15743K(15936K)->15743K(15936K) Class: 2306K(2432K)->2306K(2432K)
[86.218s][info][gc             ] GC(119) Pause Full (Allocation Failure) 783M->783M(869M) 483.231ms
[86.218s][info][gc,cpu         ] GC(119) User=0.94s Sys=0.00s Real=0.48s
[86.220s][info][gc,start       ] GC(120) Pause Full (Allocation Failure)
[86.220s][info][gc,phases,start] GC(120) Marking Phase
[86.477s][info][gc,phases      ] GC(120) Marking Phase 256.929ms
[86.477s][info][gc,phases,start] GC(120) Summary Phase
[86.477s][info][gc,phases      ] GC(120) Summary Phase 0.022ms
[86.477s][info][gc,phases,start] GC(120) Forward
[86.499s][info][gc,phases      ] GC(120) Forward 21.848ms
[86.499s][info][gc,phases,start] GC(120) Adjust Pointers
[86.631s][info][gc,phases      ] GC(120) Adjust Pointers 132.555ms
[86.631s][info][gc,phases,start] GC(120) Compaction Phase
[86.706s][info][gc,phases      ] GC(120) Compaction Phase 75.047ms
[86.707s][info][gc,phases,start] GC(120) Post Compact
[86.709s][info][gc,phases      ] GC(120) Post Compact 2.320ms
[86.709s][info][gc,heap        ] GC(120) PSYoungGen: 135301K(222720K)->135301K(222720K) Eden: 111615K(111616K)->111615K(111616K) From: 23685K(111104K)->23685K(111104K)
[86.709s][info][gc,heap        ] GC(120) ParOldGen: 667361K(667648K)->667361K(667648K)
[86.709s][info][gc,metaspace   ] GC(120) Metaspace: 18050K(18368K)->18050K(18368K) NonClass: 15743K(15936K)->15743K(15936K) Class: 2306K(2432K)->2306K(2432K)
[86.709s][info][gc             ] GC(120) Pause Full (Allocation Failure) 783M->783M(869M) 489.085ms
[86.709s][info][gc,cpu         ] GC(120) User=0.96s Sys=0.00s Real=0.49s
[86.711s][info][gc,start       ] GC(121) Pause Full (Allocation Failure)
[86.711s][info][gc,phases,start] GC(121) Marking Phase
[86.965s][info][gc,phases      ] GC(121) Marking Phase 254.172ms
[86.965s][info][gc,phases,start] GC(121) Summary Phase
[86.965s][info][gc,phases      ] GC(121) Summary Phase 0.023ms
[86.965s][info][gc,phases,start] GC(121) Forward
[86.987s][info][gc,phases      ] GC(121) Forward 21.923ms
[86.987s][info][gc,phases,start] GC(121) Adjust Pointers
[87.119s][info][gc,phases      ] GC(121) Adjust Pointers 132.073ms
[87.119s][info][gc,phases,start] GC(121) Compaction Phase
[87.195s][info][gc,phases      ] GC(121) Compaction Phase 75.977ms
[87.195s][info][gc,phases,start] GC(121) Post Compact
[87.198s][info][gc,phases      ] GC(121) Post Compact 2.276ms
[87.198s][info][gc,heap        ] GC(121) PSYoungGen: 135301K(222720K)->135301K(222720K) Eden: 111615K(111616K)->111615K(111616K) From: 23685K(111104K)->23685K(111104K)
[87.198s][info][gc,heap        ] GC(121) ParOldGen: 667361K(667648K)->667360K(667648K)
[87.198s][info][gc,metaspace   ] GC(121) Metaspace: 18050K(18368K)->18050K(18368K) NonClass: 15743K(15936K)->15743K(15936K) Class: 2306K(2432K)->2306K(2432K)
[87.198s][info][gc             ] GC(121) Pause Full (Allocation Failure) 783M->783M(869M) 486.816ms
[87.198s][info][gc,cpu         ] GC(121) User=0.95s Sys=0.00s Real=0.49s
[87.199s][info][gc,start       ] GC(122) Pause Full (Allocation Failure)
[87.199s][info][gc,phases,start] GC(122) Marking Phase
[87.455s][info][gc,phases      ] GC(122) Marking Phase 255.996ms
[87.455s][info][gc,phases,start] GC(122) Summary Phase
[87.455s][info][gc,phases      ] GC(122) Summary Phase 0.023ms
[87.455s][info][gc,phases,start] GC(122) Forward
[87.480s][info][gc,phases      ] GC(122) Forward 24.386ms
[87.480s][info][gc,phases,start] GC(122) Adjust Pointers
[87.610s][info][gc,phases      ] GC(122) Adjust Pointers 130.592ms
[87.610s][info][gc,phases,start] GC(122) Compaction Phase
[87.685s][info][gc,phases      ] GC(122) Compaction Phase 75.064ms
[87.685s][info][gc,phases,start] GC(122) Post Compact
[87.688s][info][gc,phases      ] GC(122) Post Compact 2.304ms
[87.688s][info][gc,heap        ] GC(122) PSYoungGen: 135301K(222720K)->135301K(222720K) Eden: 111616K(111616K)->111616K(111616K) From: 23685K(111104K)->23685K(111104K)
[87.688s][info][gc,heap        ] GC(122) ParOldGen: 667360K(667648K)->667360K(667648K)
[87.688s][info][gc,metaspace   ] GC(122) Metaspace: 18050K(18368K)->18050K(18368K) NonClass: 15743K(15936K)->15743K(15936K) Class: 2306K(2432K)->2306K(2432K)
[87.688s][info][gc             ] GC(122) Pause Full (Allocation Failure) 783M->783M(869M) 488.730ms
[87.688s][info][gc,cpu         ] GC(122) User=0.95s Sys=0.00s Real=0.49s
[87.688s][info][gc,start       ] GC(123) Pause Full (Allocation Failure)
[87.688s][info][gc,phases,start] GC(123) Marking Phase
[87.942s][info][gc,phases      ] GC(123) Marking Phase 253.546ms
[87.942s][info][gc,phases,start] GC(123) Summary Phase
[87.942s][info][gc,phases      ] GC(123) Summary Phase 0.023ms
[87.942s][info][gc,phases,start] GC(123) Forward
[87.966s][info][gc,phases      ] GC(123) Forward 24.199ms
[87.966s][info][gc,phases,start] GC(123) Adjust Pointers
[88.096s][info][gc,phases      ] GC(123) Adjust Pointers 129.964ms
[88.096s][info][gc,phases,start] GC(123) Compaction Phase
[88.171s][info][gc,phases      ] GC(123) Compaction Phase 75.011ms
[88.171s][info][gc,phases,start] GC(123) Post Compact
[88.173s][info][gc,phases      ] GC(123) Post Compact 2.288ms
[88.173s][info][gc,heap        ] GC(123) PSYoungGen: 135301K(222720K)->135301K(222720K) Eden: 111616K(111616K)->111616K(111616K) From: 23685K(111104K)->23685K(111104K)
[88.173s][info][gc,heap        ] GC(123) ParOldGen: 667360K(667648K)->667360K(667648K)
[88.173s][info][gc,metaspace   ] GC(123) Metaspace: 18050K(18368K)->18050K(18368K) NonClass: 15743K(15936K)->15743K(15936K) Class: 2306K(2432K)->2306K(2432K)
[88.173s][info][gc             ] GC(123) Pause Full (Allocation Failure) 783M->783M(869M) 485.373ms
[88.173s][info][gc,cpu         ] GC(123) User=0.95s Sys=0.00s Real=0.48s
[88.174s][info][gc,start       ] GC(124) Pause Full (Allocation Failure)
[88.174s][info][gc,phases,start] GC(124) Marking Phase
[88.427s][info][gc,phases      ] GC(124) Marking Phase 253.196ms
[88.427s][info][gc,phases,start] GC(124) Summary Phase
[88.427s][info][gc,phases      ] GC(124) Summary Phase 0.025ms
[88.427s][info][gc,phases,start] GC(124) Forward
[88.449s][info][gc,phases      ] GC(124) Forward 21.827ms
[88.449s][info][gc,phases,start] GC(124) Adjust Pointers
[88.579s][info][gc,phases      ] GC(124) Adjust Pointers 129.998ms
[88.579s][info][gc,phases,start] GC(124) Compaction Phase
[88.654s][info][gc,phases      ] GC(124) Compaction Phase 74.870ms
[88.654s][info][gc,phases,start] GC(124) Post Compact
[88.656s][info][gc,phases      ] GC(124) Post Compact 2.266ms
[88.656s][info][gc,heap        ] GC(124) PSYoungGen: 135301K(222720K)->135301K(222720K) Eden: 111616K(111616K)->111616K(111616K) From: 23685K(111104K)->23685K(111104K)
[88.656s][info][gc,heap        ] GC(124) ParOldGen: 667361K(667648K)->667361K(667648K)
[88.656s][info][gc,metaspace   ] GC(124) Metaspace: 18050K(18368K)->18050K(18368K) NonClass: 15743K(15936K)->15743K(15936K) Class: 2306K(2432K)->2306K(2432K)
[88.656s][info][gc             ] GC(124) Pause Full (Allocation Failure) 783M->783M(869M) 482.567ms
[88.656s][info][gc,cpu         ] GC(124) User=0.94s Sys=0.00s Real=0.49s
[88.657s][info][gc,start       ] GC(125) Pause Full (Allocation Failure)
[88.657s][info][gc,phases,start] GC(125) Marking Phase
[88.909s][info][gc,phases      ] GC(125) Marking Phase 252.351ms
[88.909s][info][gc,phases,start] GC(125) Summary Phase
[88.909s][info][gc,phases      ] GC(125) Summary Phase 0.023ms
[88.909s][info][gc,phases,start] GC(125) Forward
[88.934s][info][gc,phases      ] GC(125) Forward 24.634ms
[88.934s][info][gc,phases,start] GC(125) Adjust Pointers
[89.066s][info][gc,phases      ] GC(125) Adjust Pointers 131.686ms
[89.066s][info][gc,phases,start] GC(125) Compaction Phase
[89.141s][info][gc,phases      ] GC(125) Compaction Phase 75.188ms
[89.141s][info][gc,phases,start] GC(125) Post Compact
[89.143s][info][gc,phases      ] GC(125) Post Compact 2.262ms
[89.143s][info][gc,heap        ] GC(125) PSYoungGen: 135301K(222720K)->135301K(222720K) Eden: 111616K(111616K)->111615K(111616K) From: 23685K(111104K)->23685K(111104K)
[89.143s][info][gc,heap        ] GC(125) ParOldGen: 667361K(667648K)->667361K(667648K)
[89.143s][info][gc,metaspace   ] GC(125) Metaspace: 18050K(18368K)->18050K(18368K) NonClass: 15743K(15936K)->15743K(15936K) Class: 2306K(2432K)->2306K(2432K)
[89.143s][info][gc             ] GC(125) Pause Full (Allocation Failure) 783M->783M(869M) 486.537ms
[89.144s][info][gc,cpu         ] GC(125) User=0.94s Sys=0.00s Real=0.48s
[89.144s][info][gc,start       ] GC(126) Pause Full (Allocation Failure)
[89.144s][info][gc,phases,start] GC(126) Marking Phase
[89.395s][info][gc,phases      ] GC(126) Marking Phase 250.889ms
[89.395s][info][gc,phases,start] GC(126) Summary Phase
[89.395s][info][gc,phases      ] GC(126) Summary Phase 0.022ms
[89.395s][info][gc,phases,start] GC(126) Forward
[89.417s][info][gc,phases      ] GC(126) Forward 21.789ms
[89.417s][info][gc,phases,start] GC(126) Adjust Pointers
[89.547s][info][gc,phases      ] GC(126) Adjust Pointers 130.274ms
[89.547s][info][gc,phases,start] GC(126) Compaction Phase
[89.622s][info][gc,phases      ] GC(126) Compaction Phase 74.789ms
[89.622s][info][gc,phases,start] GC(126) Post Compact
[89.624s][info][gc,phases      ] GC(126) Post Compact 2.249ms
[89.624s][info][gc,heap        ] GC(126) PSYoungGen: 135301K(222720K)->135301K(222720K) Eden: 111615K(111616K)->111615K(111616K) From: 23685K(111104K)->23685K(111104K)
[89.624s][info][gc,heap        ] GC(126) ParOldGen: 667361K(667648K)->667361K(667648K)
[89.624s][info][gc,metaspace   ] GC(126) Metaspace: 18050K(18368K)->18050K(18368K) NonClass: 15743K(15936K)->15743K(15936K) Class: 2306K(2432K)->2306K(2432K)
[89.624s][info][gc             ] GC(126) Pause Full (Allocation Failure) 783M->783M(869M) 480.414ms
[89.624s][info][gc,cpu         ] GC(126) User=0.94s Sys=0.01s Real=0.49s
[89.624s][info][gc,start       ] GC(127) Pause Full (Allocation Failure)
[89.624s][info][gc,phases,start] GC(127) Marking Phase
[89.878s][info][gc,phases      ] GC(127) Marking Phase 253.935ms
[89.878s][info][gc,phases,start] GC(127) Summary Phase
[89.878s][info][gc,phases      ] GC(127) Summary Phase 0.023ms
[89.878s][info][gc,phases,start] GC(127) Forward
[89.900s][info][gc,phases      ] GC(127) Forward 21.877ms
[89.900s][info][gc,phases,start] GC(127) Adjust Pointers
[90.031s][info][gc,phases      ] GC(127) Adjust Pointers 130.727ms
[90.031s][info][gc,phases,start] GC(127) Compaction Phase
[90.107s][info][gc,phases      ] GC(127) Compaction Phase 75.533ms
[90.107s][info][gc,phases,start] GC(127) Post Compact
[90.109s][info][gc,phases      ] GC(127) Post Compact 2.312ms
[90.109s][info][gc,heap        ] GC(127) PSYoungGen: 135301K(222720K)->135301K(222720K) Eden: 111615K(111616K)->111615K(111616K) From: 23685K(111104K)->23685K(111104K)
[90.109s][info][gc,heap        ] GC(127) ParOldGen: 667361K(667648K)->667361K(667648K)
[90.109s][info][gc,metaspace   ] GC(127) Metaspace: 18050K(18368K)->18050K(18368K) NonClass: 15743K(15936K)->15743K(15936K) Class: 2306K(2432K)->2306K(2432K)
[90.109s][info][gc             ] GC(127) Pause Full (Allocation Failure) 783M->783M(869M) 484.750ms
[90.109s][info][gc,cpu         ] GC(127) User=0.94s Sys=0.00s Real=0.48s
[90.109s][info][gc,start       ] GC(128) Pause Full (Allocation Failure)
[90.109s][info][gc,phases,start] GC(128) Marking Phase
[90.361s][info][gc,phases      ] GC(128) Marking Phase 252.197ms
[90.362s][info][gc,phases,start] GC(128) Summary Phase
[90.362s][info][gc,phases      ] GC(128) Summary Phase 0.023ms
[90.362s][info][gc,phases,start] GC(128) Forward
[90.386s][info][gc,phases      ] GC(128) Forward 24.086ms
[90.386s][info][gc,phases,start] GC(128) Adjust Pointers
[90.515s][info][gc,phases      ] GC(128) Adjust Pointers 129.436ms
[90.515s][info][gc,phases,start] GC(128) Compaction Phase
[90.590s][info][gc,phases      ] GC(128) Compaction Phase 74.986ms
[90.590s][info][gc,phases,start] GC(128) Post Compact
[90.593s][info][gc,phases      ] GC(128) Post Compact 2.304ms
[90.593s][info][gc,heap        ] GC(128) PSYoungGen: 135301K(222720K)->135301K(222720K) Eden: 111615K(111616K)->111615K(111616K) From: 23685K(111104K)->23685K(111104K)
[90.593s][info][gc,heap        ] GC(128) ParOldGen: 667361K(667648K)->667361K(667648K)
[90.593s][info][gc,metaspace   ] GC(128) Metaspace: 18050K(18368K)->18050K(18368K) NonClass: 15743K(15936K)->15743K(15936K) Class: 2306K(2432K)->2306K(2432K)
[90.593s][info][gc             ] GC(128) Pause Full (Allocation Failure) 783M->783M(869M) 483.384ms
[90.593s][info][gc,cpu         ] GC(128) User=0.94s Sys=0.00s Real=0.48s
[90.593s][info][gc,start       ] GC(129) Pause Full (Allocation Failure)
[90.593s][info][gc,phases,start] GC(129) Marking Phase
[90.837s][info][gc,phases      ] GC(129) Marking Phase 244.191ms
[90.837s][info][gc,phases,start] GC(129) Summary Phase
[90.837s][info][gc,phases      ] GC(129) Summary Phase 0.024ms
[90.837s][info][gc,phases,start] GC(129) Forward
[90.946s][info][gc,phases      ] GC(129) Forward 108.834ms
[90.946s][info][gc,phases,start] GC(129) Adjust Pointers
[91.087s][info][gc,phases      ] GC(129) Adjust Pointers 140.902ms
[91.087s][info][gc,phases,start] GC(129) Compaction Phase
[91.202s][info][gc,phases      ] GC(129) Compaction Phase 115.041ms
[91.202s][info][gc,phases,start] GC(129) Post Compact
[91.205s][info][metaspace      ] ChkMgr @0x00007f8b4003ec00 (non-class-space): : reclaiming memory...
[91.205s][info][metaspace      ] ChkMgr @0x00007f8b4003ec00 (non-class-space): nothing reclaimed.
[91.205s][info][metaspace      ] ChkMgr @0x00007f8b4003ea10 (class-space): : reclaiming memory...
[91.205s][info][metaspace      ] ChkMgr @0x00007f8b4003ea10 (class-space): nothing reclaimed.
[91.205s][info][gc,phases      ] GC(129) Post Compact 2.338ms
[91.205s][info][gc,heap        ] GC(129) PSYoungGen: 135301K(222720K)->0K(222720K) Eden: 111615K(111616K)->0K(111616K) From: 23685K(111104K)->0K(111104K)
[91.205s][info][gc,heap        ] GC(129) ParOldGen: 667361K(667648K)->461884K(667648K)
[91.205s][info][gc,metaspace   ] GC(129) Metaspace: 18050K(18368K)->18046K(18368K) NonClass: 15743K(15936K)->15740K(15936K) Class: 2306K(2432K)->2306K(2432K)
[91.205s][info][gc             ] GC(129) Pause Full (Allocation Failure) 783M->451M(869M) 611.787ms
[91.205s][info][gc,cpu         ] GC(129) User=1.12s Sys=0.00s Real=0.62s
[91.329s][info][gc,start       ] GC(130) Pause Young (Allocation Failure)
[91.357s][info][gc,heap        ] GC(130) PSYoungGen: 111616K(222720K)->3996K(222720K) Eden: 111616K(111616K)->0K(111616K) From: 0K(111104K)->3996K(111104K)
[91.357s][info][gc,heap        ] GC(130) ParOldGen: 461884K(667648K)->461884K(667648K)
[91.357s][info][gc,metaspace   ] GC(130) Metaspace: 18046K(18368K)->18046K(18368K) NonClass: 15740K(15936K)->15740K(15936K) Class: 2306K(2432K)->2306K(2432K)
[91.357s][info][gc             ] GC(130) Pause Young (Allocation Failure) 560M->454M(869M) 27.789ms
[91.357s][info][gc,cpu         ] GC(130) User=0.06s Sys=0.00s Real=0.03s
[92.370s][info][gc,start       ] GC(131) Pause Young (Allocation Failure)
[92.415s][info][gc,heap        ] GC(131) PSYoungGen: 115612K(222720K)->25400K(222720K) Eden: 111616K(111616K)->0K(111616K) From: 3996K(111104K)->25400K(111104K)
[92.415s][info][gc,heap        ] GC(131) ParOldGen: 461884K(667648K)->465886K(667648K)
[92.415s][info][gc,metaspace   ] GC(131) Metaspace: 18062K(18368K)->18062K(18368K) NonClass: 15755K(15936K)->15755K(15936K) Class: 2306K(2432K)->2306K(2432K)
[92.415s][info][gc             ] GC(131) Pause Young (Allocation Failure) 563M->479M(869M) 45.397ms
[92.415s][info][gc,cpu         ] GC(131) User=0.09s Sys=0.00s Real=0.05s
[92.557s][info][gc,start       ] GC(132) Pause Young (Allocation Failure)
[92.699s][info][gc,heap        ] GC(132) PSYoungGen: 137016K(222720K)->110368K(222720K) Eden: 111616K(111616K)->0K(111616K) From: 25400K(111104K)->110368K(111104K)
[92.699s][info][gc,heap        ] GC(132) ParOldGen: 465886K(667648K)->491860K(667648K)
[92.699s][info][gc,metaspace   ] GC(132) Metaspace: 18062K(18368K)->18062K(18368K) NonClass: 15755K(15936K)->15755K(15936K) Class: 2306K(2432K)->2306K(2432K)
[92.699s][info][gc             ] GC(132) Pause Young (Allocation Failure) 588M->588M(869M) 141.649ms
[92.699s][info][gc,cpu         ] GC(132) User=0.28s Sys=0.00s Real=0.14s
[92.840s][info][gc,start       ] GC(133) Pause Young (Allocation Failure)
[93.052s][info][gc,heap        ] GC(133) PSYoungGen: 221984K(222720K)->110400K(222720K) Eden: 111616K(111616K)->0K(111616K) From: 110368K(111104K)->110400K(111104K)
[93.052s][info][gc,heap        ] GC(133) ParOldGen: 491860K(667648K)->602500K(667648K)
[93.052s][info][gc,metaspace   ] GC(133) Metaspace: 18062K(18368K)->18062K(18368K) NonClass: 15755K(15936K)->15755K(15936K) Class: 2306K(2432K)->2306K(2432K)
[93.052s][info][gc             ] GC(133) Pause Young (Allocation Failure) 697M->696M(869M) 212.468ms
[93.052s][info][gc,cpu         ] GC(133) User=0.42s Sys=0.00s Real=0.21s
[93.193s][info][gc,start       ] GC(134) Pause Full (Allocation Failure)
[93.193s][info][gc,phases,start] GC(134) Marking Phase
[93.697s][info][gc,phases      ] GC(134) Marking Phase 504.364ms
[93.697s][info][gc,phases,start] GC(134) Summary Phase
[93.697s][info][gc,phases      ] GC(134) Summary Phase 0.028ms
[93.697s][info][gc,phases,start] GC(134) Forward
[93.858s][info][gc,phases      ] GC(134) Forward 161.433ms
[93.859s][info][gc,phases,start] GC(134) Adjust Pointers
[94.149s][info][gc,phases      ] GC(134) Adjust Pointers 290.084ms
[94.149s][info][gc,phases,start] GC(134) Compaction Phase
[94.381s][info][gc,phases      ] GC(134) Compaction Phase 232.299ms
[94.381s][info][gc,phases,start] GC(134) Post Compact
[94.384s][info][gc,phases      ] GC(134) Post Compact 2.372ms
[94.384s][info][gc,heap        ] GC(134) PSYoungGen: 222016K(222720K)->32511K(222720K) Eden: 111616K(111616K)->0K(111616K) From: 110400K(111104K)->32511K(111104K)
[94.384s][info][gc,heap        ] GC(134) ParOldGen: 602500K(667648K)->667420K(667648K)
[94.384s][info][gc,metaspace   ] GC(134) Metaspace: 18062K(18368K)->18062K(18368K) NonClass: 15755K(15936K)->15755K(15936K) Class: 2306K(2432K)->2306K(2432K)
[94.384s][info][gc             ] GC(134) Pause Full (Allocation Failure) 805M->683M(869M) 1191.060ms
[94.384s][info][gc,cpu         ] GC(134) User=2.32s Sys=0.00s Real=1.19s
[94.528s][info][gc,start       ] GC(135) Pause Full (Allocation Failure)
[94.528s][info][gc,phases,start] GC(135) Marking Phase
[95.121s][info][gc,phases      ] GC(135) Marking Phase 592.710ms
[95.121s][info][gc,phases,start] GC(135) Summary Phase
[95.121s][info][gc,phases      ] GC(135) Summary Phase 0.026ms
[95.121s][info][gc,phases,start] GC(135) Forward
[95.307s][info][gc,phases      ] GC(135) Forward 186.059ms
[95.307s][info][gc,phases,start] GC(135) Adjust Pointers
[95.647s][info][gc,phases      ] GC(135) Adjust Pointers 340.212ms
[95.648s][info][gc,phases,start] GC(135) Compaction Phase
[95.923s][info][gc,phases      ] GC(135) Compaction Phase 275.115ms
[95.923s][info][gc,phases,start] GC(135) Post Compact
[95.925s][info][gc,phases      ] GC(135) Post Compact 2.313ms
[95.925s][info][gc,heap        ] GC(135) PSYoungGen: 144127K(222720K)->109922K(222720K) Eden: 111616K(111616K)->109922K(111616K) From: 32511K(111104K)->0K(111104K)
[95.925s][info][gc,heap        ] GC(135) ParOldGen: 667420K(667648K)->667278K(667648K)
[95.925s][info][gc,metaspace   ] GC(135) Metaspace: 18062K(18368K)->18062K(18368K) NonClass: 15755K(15936K)->15755K(15936K) Class: 2306K(2432K)->2306K(2432K)
[95.925s][info][gc             ] GC(135) Pause Full (Allocation Failure) 792M->758M(869M) 1396.946ms
[95.925s][info][gc,cpu         ] GC(135) User=2.73s Sys=0.00s Real=1.40s
[95.928s][info][gc,start       ] GC(136) Pause Full (Allocation Failure)
[95.928s][info][gc,phases,start] GC(136) Marking Phase
[96.525s][info][gc,phases      ] GC(136) Marking Phase 596.508ms
[96.525s][info][gc,phases,start] GC(136) Summary Phase
[96.525s][info][gc,phases      ] GC(136) Summary Phase 0.022ms
[96.525s][info][gc,phases,start] GC(136) Forward
[96.547s][info][gc,phases      ] GC(136) Forward 22.344ms
[96.547s][info][gc,phases,start] GC(136) Adjust Pointers
[96.844s][info][gc,phases      ] GC(136) Adjust Pointers 296.658ms
[96.844s][info][gc,phases,start] GC(136) Compaction Phase
[96.991s][info][gc,phases      ] GC(136) Compaction Phase 146.811ms
[96.991s][info][gc,phases,start] GC(136) Post Compact
[96.993s][info][gc,phases      ] GC(136) Post Compact 2.226ms
[96.993s][info][gc,heap        ] GC(136) PSYoungGen: 111616K(222720K)->111595K(222720K) Eden: 111616K(111616K)->111595K(111616K) From: 0K(111104K)->0K(111104K)
[96.993s][info][gc,heap        ] GC(136) ParOldGen: 667278K(667648K)->667278K(667648K)
[96.993s][info][gc,metaspace   ] GC(136) Metaspace: 18062K(18368K)->18062K(18368K) NonClass: 15755K(15936K)->15755K(15936K) Class: 2306K(2432K)->2306K(2432K)
[96.993s][info][gc             ] GC(136) Pause Full (Allocation Failure) 760M->760M(869M) 1064.938ms
[96.993s][info][gc,cpu         ] GC(136) User=2.10s Sys=0.00s Real=1.06s
[96.993s][info][gc,start       ] GC(137) Pause Full (Allocation Failure)
[96.993s][info][gc,phases,start] GC(137) Marking Phase
[97.602s][info][gc,phases      ] GC(137) Marking Phase 608.497ms
[97.602s][info][gc,phases,start] GC(137) Summary Phase
[97.602s][info][gc,phases      ] GC(137) Summary Phase 0.023ms
[97.602s][info][gc,phases,start] GC(137) Forward
[97.624s][info][gc,phases      ] GC(137) Forward 22.230ms
[97.624s][info][gc,phases,start] GC(137) Adjust Pointers
[97.919s][info][gc,phases      ] GC(137) Adjust Pointers 295.111ms
[97.919s][info][gc,phases,start] GC(137) Compaction Phase
[98.067s][info][gc,phases      ] GC(137) Compaction Phase 147.538ms
[98.067s][info][gc,phases,start] GC(137) Post Compact
[98.069s][info][gc,phases      ] GC(137) Post Compact 2.218ms
[98.069s][info][gc,heap        ] GC(137) PSYoungGen: 111616K(222720K)->111615K(222720K) Eden: 111616K(111616K)->111615K(111616K) From: 0K(111104K)->0K(111104K)
[98.069s][info][gc,heap        ] GC(137) ParOldGen: 667278K(667648K)->667278K(667648K)
[98.069s][info][gc,metaspace   ] GC(137) Metaspace: 18062K(18368K)->18062K(18368K) NonClass: 15755K(15936K)->15755K(15936K) Class: 2306K(2432K)->2306K(2432K)
[98.069s][info][gc             ] GC(137) Pause Full (Allocation Failure) 760M->760M(869M) 1075.968ms
[98.069s][info][gc,cpu         ] GC(137) User=2.12s Sys=0.00s Real=1.08s
[98.070s][info][gc,start       ] GC(138) Pause Full (Allocation Failure)
[98.070s][info][gc,phases,start] GC(138) Marking Phase
[98.664s][info][gc,phases      ] GC(138) Marking Phase 594.183ms
[98.664s][info][gc,phases,start] GC(138) Summary Phase
[98.664s][info][gc,phases      ] GC(138) Summary Phase 0.023ms
[98.664s][info][gc,phases,start] GC(138) Forward
[98.686s][info][gc,phases      ] GC(138) Forward 22.308ms
[98.686s][info][gc,phases,start] GC(138) Adjust Pointers
[98.981s][info][gc,phases      ] GC(138) Adjust Pointers 294.343ms
[98.981s][info][gc,phases,start] GC(138) Compaction Phase
[99.128s][info][gc,phases      ] GC(138) Compaction Phase 147.011ms
[99.128s][info][gc,phases,start] GC(138) Post Compact
[99.130s][info][gc,phases      ] GC(138) Post Compact 2.212ms
[99.130s][info][gc,heap        ] GC(138) PSYoungGen: 111615K(222720K)->111615K(222720K) Eden: 111615K(111616K)->111615K(111616K) From: 0K(111104K)->0K(111104K)
[99.130s][info][gc,heap        ] GC(138) ParOldGen: 667278K(667648K)->667278K(667648K)
[99.130s][info][gc,metaspace   ] GC(138) Metaspace: 18062K(18368K)->18062K(18368K) NonClass: 15755K(15936K)->15755K(15936K) Class: 2306K(2432K)->2306K(2432K)
[99.130s][info][gc             ] GC(138) Pause Full (Allocation Failure) 760M->760M(869M) 1060.427ms
[99.130s][info][gc,cpu         ] GC(138) User=2.10s Sys=0.00s Real=1.06s
[99.130s][info][gc,start       ] GC(139) Pause Full (Allocation Failure)
[99.130s][info][gc,phases,start] GC(139) Marking Phase
[99.723s][info][gc,phases      ] GC(139) Marking Phase 592.761ms
[99.723s][info][gc,phases,start] GC(139) Summary Phase
[99.723s][info][gc,phases      ] GC(139) Summary Phase 0.022ms
[99.723s][info][gc,phases,start] GC(139) Forward
[99.745s][info][gc,phases      ] GC(139) Forward 22.259ms
[99.745s][info][gc,phases,start] GC(139) Adjust Pointers
[100.041s][info][gc,phases      ] GC(139) Adjust Pointers 295.700ms
[100.041s][info][gc,phases,start] GC(139) Compaction Phase
[100.188s][info][gc,phases      ] GC(139) Compaction Phase 146.644ms
[100.188s][info][gc,phases,start] GC(139) Post Compact
[100.190s][info][gc,phases      ] GC(139) Post Compact 2.244ms
[100.190s][info][gc,heap        ] GC(139) PSYoungGen: 111616K(222720K)->111616K(222720K) Eden: 111616K(111616K)->111616K(111616K) From: 0K(111104K)->0K(111104K)
[100.190s][info][gc,heap        ] GC(139) ParOldGen: 667278K(667648K)->667278K(667648K)
[100.190s][info][gc,metaspace   ] GC(139) Metaspace: 18062K(18368K)->18062K(18368K) NonClass: 15755K(15936K)->15755K(15936K) Class: 2306K(2432K)->2306K(2432K)
[100.190s][info][gc             ] GC(139) Pause Full (Allocation Failure) 760M->760M(869M) 1059.971ms
[100.190s][info][gc,cpu         ] GC(139) User=2.09s Sys=0.00s Real=1.06s
[100.190s][info][gc,start       ] GC(140) Pause Full (Allocation Failure)
[100.190s][info][gc,phases,start] GC(140) Marking Phase
[100.787s][info][gc,phases      ] GC(140) Marking Phase 596.402ms
[100.787s][info][gc,phases,start] GC(140) Summary Phase
[100.787s][info][gc,phases      ] GC(140) Summary Phase 0.022ms
[100.787s][info][gc,phases,start] GC(140) Forward
[100.809s][info][gc,phases      ] GC(140) Forward 22.357ms
[100.809s][info][gc,phases,start] GC(140) Adjust Pointers
[101.105s][info][gc,phases      ] GC(140) Adjust Pointers 295.587ms
[101.105s][info][gc,phases,start] GC(140) Compaction Phase
[101.252s][info][gc,phases      ] GC(140) Compaction Phase 147.018ms
[101.252s][info][gc,phases,start] GC(140) Post Compact
[101.254s][info][gc,phases      ] GC(140) Post Compact 2.207ms
[101.254s][info][gc,heap        ] GC(140) PSYoungGen: 111616K(222720K)->111616K(222720K) Eden: 111616K(111616K)->111616K(111616K) From: 0K(111104K)->0K(111104K)
[101.254s][info][gc,heap        ] GC(140) ParOldGen: 667278K(667648K)->667278K(667648K)
[101.254s][info][gc,metaspace   ] GC(140) Metaspace: 18062K(18368K)->18062K(18368K) NonClass: 15755K(15936K)->15755K(15936K) Class: 2306K(2432K)->2306K(2432K)
[101.254s][info][gc             ] GC(140) Pause Full (Allocation Failure) 760M->760M(869M) 1063.968ms
[101.254s][info][gc,cpu         ] GC(140) User=2.10s Sys=0.00s Real=1.07s
[101.254s][info][gc,start       ] GC(141) Pause Full (Allocation Failure)
[101.254s][info][gc,phases,start] GC(141) Marking Phase
[101.850s][info][gc,phases      ] GC(141) Marking Phase 595.686ms
[101.850s][info][gc,phases,start] GC(141) Summary Phase
[101.850s][info][gc,phases      ] GC(141) Summary Phase 0.022ms
[101.850s][info][gc,phases,start] GC(141) Forward
[101.872s][info][gc,phases      ] GC(141) Forward 22.299ms
[101.872s][info][gc,phases,start] GC(141) Adjust Pointers
[102.170s][info][gc,phases      ] GC(141) Adjust Pointers 297.062ms
[102.170s][info][gc,phases,start] GC(141) Compaction Phase
[102.316s][info][gc,phases      ] GC(141) Compaction Phase 146.856ms
[102.317s][info][gc,phases,start] GC(141) Post Compact
[102.319s][info][gc,phases      ] GC(141) Post Compact 2.220ms
[102.319s][info][gc,heap        ] GC(141) PSYoungGen: 111616K(222720K)->111616K(222720K) Eden: 111616K(111616K)->111616K(111616K) From: 0K(111104K)->0K(111104K)
[102.319s][info][gc,heap        ] GC(141) ParOldGen: 667278K(667648K)->667278K(667648K)
[102.319s][info][gc,metaspace   ] GC(141) Metaspace: 18062K(18368K)->18062K(18368K) NonClass: 15755K(15936K)->15755K(15936K) Class: 2306K(2432K)->2306K(2432K)
[102.319s][info][gc             ] GC(141) Pause Full (Allocation Failure) 760M->760M(869M) 1064.507ms
[102.319s][info][gc,cpu         ] GC(141) User=2.10s Sys=0.00s Real=1.06s
[102.319s][info][gc,start       ] GC(142) Pause Full (Allocation Failure)
[102.319s][info][gc,phases,start] GC(142) Marking Phase
[102.913s][info][gc,phases      ] GC(142) Marking Phase 593.635ms
[102.913s][info][gc,phases,start] GC(142) Summary Phase
[102.913s][info][gc,phases      ] GC(142) Summary Phase 0.023ms
[102.913s][info][gc,phases,start] GC(142) Forward
[102.937s][info][gc,phases      ] GC(142) Forward 24.459ms
[102.937s][info][gc,phases,start] GC(142) Adjust Pointers
[103.233s][info][gc,phases      ] GC(142) Adjust Pointers 295.552ms
[103.233s][info][gc,phases,start] GC(142) Compaction Phase
[103.379s][info][gc,phases      ] GC(142) Compaction Phase 146.610ms
[103.380s][info][gc,phases,start] GC(142) Post Compact
[103.382s][info][gc,phases      ] GC(142) Post Compact 2.215ms
[103.382s][info][gc,heap        ] GC(142) PSYoungGen: 111616K(222720K)->111616K(222720K) Eden: 111616K(111616K)->111616K(111616K) From: 0K(111104K)->0K(111104K)
[103.382s][info][gc,heap        ] GC(142) ParOldGen: 667278K(667648K)->667278K(667648K)
[103.382s][info][gc,metaspace   ] GC(142) Metaspace: 18062K(18368K)->18062K(18368K) NonClass: 15755K(15936K)->15755K(15936K) Class: 2306K(2432K)->2306K(2432K)
[103.382s][info][gc             ] GC(142) Pause Full (Allocation Failure) 760M->760M(869M) 1062.882ms
[103.382s][info][gc,cpu         ] GC(142) User=2.10s Sys=0.00s Real=1.06s
[103.382s][info][gc,start       ] GC(143) Pause Full (Allocation Failure)
[103.382s][info][gc,phases,start] GC(143) Marking Phase
[103.976s][info][gc,phases      ] GC(143) Marking Phase 593.782ms
[103.976s][info][gc,phases,start] GC(143) Summary Phase
[103.976s][info][gc,phases      ] GC(143) Summary Phase 0.023ms
[103.976s][info][gc,phases,start] GC(143) Forward
[103.998s][info][gc,phases      ] GC(143) Forward 22.422ms
[103.998s][info][gc,phases,start] GC(143) Adjust Pointers
[104.297s][info][gc,phases      ] GC(143) Adjust Pointers 298.166ms
[104.297s][info][gc,phases,start] GC(143) Compaction Phase
[104.444s][info][gc,phases      ] GC(143) Compaction Phase 147.730ms
[104.444s][info][gc,phases,start] GC(143) Post Compact
[104.447s][info][gc,phases      ] GC(143) Post Compact 2.234ms
[104.447s][info][gc,heap        ] GC(143) PSYoungGen: 111616K(222720K)->111616K(222720K) Eden: 111616K(111616K)->111616K(111616K) From: 0K(111104K)->0K(111104K)
[104.447s][info][gc,heap        ] GC(143) ParOldGen: 667278K(667648K)->667278K(667648K)
[104.447s][info][gc,metaspace   ] GC(143) Metaspace: 18062K(18368K)->18062K(18368K) NonClass: 15755K(15936K)->15755K(15936K) Class: 2306K(2432K)->2306K(2432K)
[104.447s][info][gc             ] GC(143) Pause Full (Allocation Failure) 760M->760M(869M) 1064.695ms
[104.447s][info][gc,cpu         ] GC(143) User=2.10s Sys=0.00s Real=1.07s
[104.447s][info][gc,start       ] GC(144) Pause Full (Allocation Failure)
[104.447s][info][gc,phases,start] GC(144) Marking Phase
[105.041s][info][gc,phases      ] GC(144) Marking Phase 594.495ms
[105.041s][info][gc,phases,start] GC(144) Summary Phase
[105.041s][info][gc,phases      ] GC(144) Summary Phase 0.023ms
[105.041s][info][gc,phases,start] GC(144) Forward
[105.066s][info][gc,phases      ] GC(144) Forward 24.901ms
[105.066s][info][gc,phases,start] GC(144) Adjust Pointers
[105.361s][info][gc,phases      ] GC(144) Adjust Pointers 294.609ms
[105.361s][info][gc,phases,start] GC(144) Compaction Phase
[105.508s][info][gc,phases      ] GC(144) Compaction Phase 147.080ms
[105.508s][info][gc,phases,start] GC(144) Post Compact
[105.510s][info][gc,phases      ] GC(144) Post Compact 2.220ms
[105.510s][info][gc,heap        ] GC(144) PSYoungGen: 111616K(222720K)->111616K(222720K) Eden: 111616K(111616K)->111616K(111616K) From: 0K(111104K)->0K(111104K)
[105.510s][info][gc,heap        ] GC(144) ParOldGen: 667278K(667648K)->667278K(667648K)
[105.510s][info][gc,metaspace   ] GC(144) Metaspace: 18062K(18368K)->18062K(18368K) NonClass: 15755K(15936K)->15755K(15936K) Class: 2306K(2432K)->2306K(2432K)
[105.511s][info][gc             ] GC(144) Pause Full (Allocation Failure) 760M->760M(869M) 1063.696ms
[105.511s][info][gc,cpu         ] GC(144) User=2.09s Sys=0.00s Real=1.06s
[105.511s][info][gc,start       ] GC(145) Pause Full (Allocation Failure)
[105.511s][info][gc,phases,start] GC(145) Marking Phase
[106.105s][info][gc,phases      ] GC(145) Marking Phase 594.147ms
[106.105s][info][gc,phases,start] GC(145) Summary Phase
[106.105s][info][gc,phases      ] GC(145) Summary Phase 0.024ms
[106.105s][info][gc,phases,start] GC(145) Forward
[106.127s][info][gc,phases      ] GC(145) Forward 22.181ms
[106.127s][info][gc,phases,start] GC(145) Adjust Pointers
[106.427s][info][gc,phases      ] GC(145) Adjust Pointers 299.673ms
[106.427s][info][gc,phases,start] GC(145) Compaction Phase
[106.574s][info][gc,phases      ] GC(145) Compaction Phase 147.143ms
[106.574s][info][gc,phases,start] GC(145) Post Compact
[106.576s][info][gc,phases      ] GC(145) Post Compact 2.234ms
[106.576s][info][gc,heap        ] GC(145) PSYoungGen: 111616K(222720K)->111616K(222720K) Eden: 111616K(111616K)->111616K(111616K) From: 0K(111104K)->0K(111104K)
[106.576s][info][gc,heap        ] GC(145) ParOldGen: 667278K(667648K)->667278K(667648K)
[106.576s][info][gc,metaspace   ] GC(145) Metaspace: 18062K(18368K)->18062K(18368K) NonClass: 15755K(15936K)->15755K(15936K) Class: 2306K(2432K)->2306K(2432K)
[106.576s][info][gc             ] GC(145) Pause Full (Allocation Failure) 760M->760M(869M) 1065.778ms
[106.576s][info][gc,cpu         ] GC(145) User=2.10s Sys=0.00s Real=1.07s
[106.577s][info][gc,start       ] GC(146) Pause Full (Allocation Failure)
[106.577s][info][gc,phases,start] GC(146) Marking Phase
[107.172s][info][gc,phases      ] GC(146) Marking Phase 595.838ms
[107.172s][info][gc,phases,start] GC(146) Summary Phase
[107.172s][info][gc,phases      ] GC(146) Summary Phase 0.024ms
[107.172s][info][gc,phases,start] GC(146) Forward
[107.198s][info][gc,phases      ] GC(146) Forward 25.121ms
[107.198s][info][gc,phases,start] GC(146) Adjust Pointers
[107.493s][info][gc,phases      ] GC(146) Adjust Pointers 295.005ms
[107.493s][info][gc,phases,start] GC(146) Compaction Phase
[107.639s][info][gc,phases      ] GC(146) Compaction Phase 146.515ms
[107.639s][info][gc,phases,start] GC(146) Post Compact
[107.642s][info][gc,phases      ] GC(146) Post Compact 2.231ms
[107.642s][info][gc,heap        ] GC(146) PSYoungGen: 111616K(222720K)->111616K(222720K) Eden: 111616K(111616K)->111616K(111616K) From: 0K(111104K)->0K(111104K)
[107.642s][info][gc,heap        ] GC(146) ParOldGen: 667278K(667648K)->667278K(667648K)
[107.642s][info][gc,metaspace   ] GC(146) Metaspace: 18062K(18368K)->18062K(18368K) NonClass: 15755K(15936K)->15755K(15936K) Class: 2306K(2432K)->2306K(2432K)
[107.642s][info][gc             ] GC(146) Pause Full (Allocation Failure) 760M->760M(869M) 1065.086ms
[107.642s][info][gc,cpu         ] GC(146) User=2.10s Sys=0.00s Real=1.06s
[107.642s][info][gc,start       ] GC(147) Pause Full (Allocation Failure)
[107.642s][info][gc,phases,start] GC(147) Marking Phase
[108.229s][info][gc,phases      ] GC(147) Marking Phase 586.851ms
[108.229s][info][gc,phases,start] GC(147) Summary Phase
[108.229s][info][gc,phases      ] GC(147) Summary Phase 0.022ms
[108.229s][info][gc,phases,start] GC(147) Forward
[108.251s][info][gc,phases      ] GC(147) Forward 22.480ms
[108.251s][info][gc,phases,start] GC(147) Adjust Pointers
[108.548s][info][gc,phases      ] GC(147) Adjust Pointers 297.249ms
[108.549s][info][gc,phases,start] GC(147) Compaction Phase
[108.695s][info][gc,phases      ] GC(147) Compaction Phase 146.444ms
[108.695s][info][gc,phases,start] GC(147) Post Compact
[108.697s][info][gc,phases      ] GC(147) Post Compact 2.205ms
[108.697s][info][gc,heap        ] GC(147) PSYoungGen: 111616K(222720K)->111616K(222720K) Eden: 111616K(111616K)->111616K(111616K) From: 0K(111104K)->0K(111104K)
[108.697s][info][gc,heap        ] GC(147) ParOldGen: 667278K(667648K)->667278K(667648K)
[108.697s][info][gc,metaspace   ] GC(147) Metaspace: 18062K(18368K)->18062K(18368K) NonClass: 15755K(15936K)->15755K(15936K) Class: 2306K(2432K)->2306K(2432K)
[108.697s][info][gc             ] GC(147) Pause Full (Allocation Failure) 760M->760M(869M) 1055.591ms
[108.697s][info][gc,cpu         ] GC(147) User=2.08s Sys=0.01s Real=1.06s
[108.697s][info][gc,start       ] GC(148) Pause Full (Allocation Failure)
[108.698s][info][gc,phases,start] GC(148) Marking Phase
[109.289s][info][gc,phases      ] GC(148) Marking Phase 591.171ms
[109.289s][info][gc,phases,start] GC(148) Summary Phase
[109.289s][info][gc,phases      ] GC(148) Summary Phase 0.058ms
[109.289s][info][gc,phases,start] GC(148) Forward
[109.311s][info][gc,phases      ] GC(148) Forward 22.562ms
[109.311s][info][gc,phases,start] GC(148) Adjust Pointers
[109.607s][info][gc,phases      ] GC(148) Adjust Pointers 295.730ms
[109.607s][info][gc,phases,start] GC(148) Compaction Phase
[109.753s][info][gc,phases      ] GC(148) Compaction Phase 146.055ms
[109.753s][info][gc,phases,start] GC(148) Post Compact
[109.756s][info][gc,phases      ] GC(148) Post Compact 2.232ms
[109.756s][info][gc,heap        ] GC(148) PSYoungGen: 111616K(222720K)->111616K(222720K) Eden: 111616K(111616K)->111616K(111616K) From: 0K(111104K)->0K(111104K)
[109.756s][info][gc,heap        ] GC(148) ParOldGen: 667278K(667648K)->667278K(667648K)
[109.756s][info][gc,metaspace   ] GC(148) Metaspace: 18062K(18368K)->18062K(18368K) NonClass: 15755K(15936K)->15755K(15936K) Class: 2306K(2432K)->2306K(2432K)
[109.756s][info][gc             ] GC(148) Pause Full (Allocation Failure) 760M->760M(869M) 1058.146ms
[109.756s][info][gc,cpu         ] GC(148) User=2.09s Sys=0.00s Real=1.06s
[109.756s][info][gc,start       ] GC(149) Pause Full (Allocation Failure)
[109.756s][info][gc,phases,start] GC(149) Marking Phase
[110.354s][info][gc,phases      ] GC(149) Marking Phase 598.298ms
[110.354s][info][gc,phases,start] GC(149) Summary Phase
[110.354s][info][gc,phases      ] GC(149) Summary Phase 0.021ms
[110.354s][info][gc,phases,start] GC(149) Forward
[110.377s][info][gc,phases      ] GC(149) Forward 22.573ms
[110.377s][info][gc,phases,start] GC(149) Adjust Pointers
[110.673s][info][gc,phases      ] GC(149) Adjust Pointers 296.220ms
[110.673s][info][gc,phases,start] GC(149) Compaction Phase
[110.819s][info][gc,phases      ] GC(149) Compaction Phase 146.067ms
[110.819s][info][gc,phases,start] GC(149) Post Compact
[110.821s][info][gc,phases      ] GC(149) Post Compact 2.206ms
[110.821s][info][gc,heap        ] GC(149) PSYoungGen: 111616K(222720K)->111616K(222720K) Eden: 111616K(111616K)->111616K(111616K) From: 0K(111104K)->0K(111104K)
[110.821s][info][gc,heap        ] GC(149) ParOldGen: 667279K(667648K)->667279K(667648K)
[110.821s][info][gc,metaspace   ] GC(149) Metaspace: 18062K(18368K)->18062K(18368K) NonClass: 15755K(15936K)->15755K(15936K) Class: 2306K(2432K)->2306K(2432K)
[110.822s][info][gc             ] GC(149) Pause Full (Allocation Failure) 760M->760M(869M) 1065.760ms
[110.822s][info][gc,cpu         ] GC(149) User=2.10s Sys=0.00s Real=1.06s
[110.822s][info][gc,start       ] GC(150) Pause Full (Allocation Failure)
[110.822s][info][gc,phases,start] GC(150) Marking Phase
[111.412s][info][gc,phases      ] GC(150) Marking Phase 590.298ms
[111.412s][info][gc,phases,start] GC(150) Summary Phase
[111.412s][info][gc,phases      ] GC(150) Summary Phase 0.023ms
[111.412s][info][gc,phases,start] GC(150) Forward
[111.434s][info][gc,phases      ] GC(150) Forward 22.190ms
[111.434s][info][gc,phases,start] GC(150) Adjust Pointers
[111.730s][info][gc,phases      ] GC(150) Adjust Pointers 295.860ms
[111.730s][info][gc,phases,start] GC(150) Compaction Phase
[111.876s][info][gc,phases      ] GC(150) Compaction Phase 146.078ms
[111.876s][info][gc,phases,start] GC(150) Post Compact
[111.879s][info][gc,phases      ] GC(150) Post Compact 2.223ms
[111.879s][info][gc,heap        ] GC(150) PSYoungGen: 111616K(222720K)->111616K(222720K) Eden: 111616K(111616K)->111616K(111616K) From: 0K(111104K)->0K(111104K)
[111.879s][info][gc,heap        ] GC(150) ParOldGen: 667279K(667648K)->667279K(667648K)
[111.879s][info][gc,metaspace   ] GC(150) Metaspace: 18062K(18368K)->18062K(18368K) NonClass: 15755K(15936K)->15755K(15936K) Class: 2306K(2432K)->2306K(2432K)
[111.879s][info][gc             ] GC(150) Pause Full (Allocation Failure) 760M->760M(869M) 1057.017ms
[111.879s][info][gc,cpu         ] GC(150) User=2.09s Sys=0.00s Real=1.06s
[111.879s][info][gc,start       ] GC(151) Pause Full (Allocation Failure)
[111.879s][info][gc,phases,start] GC(151) Marking Phase
[112.476s][info][gc,phases      ] GC(151) Marking Phase 597.086ms
[112.476s][info][gc,phases,start] GC(151) Summary Phase
[112.476s][info][gc,phases      ] GC(151) Summary Phase 0.023ms
[112.476s][info][gc,phases,start] GC(151) Forward
[112.498s][info][gc,phases      ] GC(151) Forward 22.331ms
[112.498s][info][gc,phases,start] GC(151) Adjust Pointers
[112.793s][info][gc,phases      ] GC(151) Adjust Pointers 294.682ms
[112.793s][info][gc,phases,start] GC(151) Compaction Phase
[112.940s][info][gc,phases      ] GC(151) Compaction Phase 146.636ms
[112.940s][info][gc,phases,start] GC(151) Post Compact
[112.942s][info][gc,phases      ] GC(151) Post Compact 2.254ms
[112.942s][info][gc,heap        ] GC(151) PSYoungGen: 111616K(222720K)->111616K(222720K) Eden: 111616K(111616K)->111616K(111616K) From: 0K(111104K)->0K(111104K)
[112.942s][info][gc,heap        ] GC(151) ParOldGen: 667279K(667648K)->667279K(667648K)
[112.942s][info][gc,metaspace   ] GC(151) Metaspace: 18062K(18368K)->18062K(18368K) NonClass: 15755K(15936K)->15755K(15936K) Class: 2306K(2432K)->2306K(2432K)
[112.942s][info][gc             ] GC(151) Pause Full (Allocation Failure) 760M->760M(869M) 1063.388ms
[112.942s][info][gc,cpu         ] GC(151) User=2.10s Sys=0.00s Real=1.06s
[112.942s][info][gc,start       ] GC(152) Pause Full (Allocation Failure)
[112.942s][info][gc,phases,start] GC(152) Marking Phase
[113.542s][info][gc,phases      ] GC(152) Marking Phase 600.102ms
[113.542s][info][gc,phases,start] GC(152) Summary Phase
[113.542s][info][gc,phases      ] GC(152) Summary Phase 0.032ms
[113.542s][info][gc,phases,start] GC(152) Forward
[113.566s][info][gc,phases      ] GC(152) Forward 23.987ms
[113.566s][info][gc,phases,start] GC(152) Adjust Pointers
[113.865s][info][gc,phases      ] GC(152) Adjust Pointers 298.261ms
[113.865s][info][gc,phases,start] GC(152) Compaction Phase
[114.012s][info][gc,phases      ] GC(152) Compaction Phase 147.389ms
[114.012s][info][gc,phases,start] GC(152) Post Compact
[114.015s][info][gc,phases      ] GC(152) Post Compact 2.221ms
[114.015s][info][gc,heap        ] GC(152) PSYoungGen: 111616K(222720K)->111616K(222720K) Eden: 111616K(111616K)->111616K(111616K) From: 0K(111104K)->0K(111104K)
[114.015s][info][gc,heap        ] GC(152) ParOldGen: 667279K(667648K)->667279K(667648K)
[114.015s][info][gc,metaspace   ] GC(152) Metaspace: 18062K(18368K)->18062K(18368K) NonClass: 15755K(15936K)->15755K(15936K) Class: 2306K(2432K)->2306K(2432K)
[114.015s][info][gc             ] GC(152) Pause Full (Allocation Failure) 760M->760M(869M) 1072.340ms
[114.015s][info][gc,cpu         ] GC(152) User=2.11s Sys=0.00s Real=1.08s
[114.015s][info][gc,start       ] GC(153) Pause Full (Allocation Failure)
[114.015s][info][gc,phases,start] GC(153) Marking Phase
[114.605s][info][gc,phases      ] GC(153) Marking Phase 589.829ms
[114.605s][info][gc,phases,start] GC(153) Summary Phase
[114.605s][info][gc,phases      ] GC(153) Summary Phase 0.023ms
[114.605s][info][gc,phases,start] GC(153) Forward
[114.627s][info][gc,phases      ] GC(153) Forward 22.269ms
[114.627s][info][gc,phases,start] GC(153) Adjust Pointers
[114.921s][info][gc,phases      ] GC(153) Adjust Pointers 294.198ms
[114.921s][info][gc,phases,start] GC(153) Compaction Phase
[115.068s][info][gc,phases      ] GC(153) Compaction Phase 146.538ms
[115.068s][info][gc,phases,start] GC(153) Post Compact
[115.070s][info][gc,phases      ] GC(153) Post Compact 2.240ms
[115.070s][info][gc,heap        ] GC(153) PSYoungGen: 111616K(222720K)->111616K(222720K) Eden: 111616K(111616K)->111616K(111616K) From: 0K(111104K)->0K(111104K)
[115.070s][info][gc,heap        ] GC(153) ParOldGen: 667279K(667648K)->667279K(667648K)
[115.070s][info][gc,metaspace   ] GC(153) Metaspace: 18062K(18368K)->18062K(18368K) NonClass: 15755K(15936K)->15755K(15936K) Class: 2306K(2432K)->2306K(2432K)
[115.070s][info][gc             ] GC(153) Pause Full (Allocation Failure) 760M->760M(869M) 1055.429ms
[115.070s][info][gc,cpu         ] GC(153) User=2.08s Sys=0.00s Real=1.05s
[115.070s][info][gc,start       ] GC(154) Pause Full (Allocation Failure)
[115.070s][info][gc,phases,start] GC(154) Marking Phase
[115.658s][info][gc,phases      ] GC(154) Marking Phase 587.873ms
[115.658s][info][gc,phases,start] GC(154) Summary Phase
[115.658s][info][gc,phases      ] GC(154) Summary Phase 0.022ms
[115.658s][info][gc,phases,start] GC(154) Forward
[115.682s][info][gc,phases      ] GC(154) Forward 23.255ms
[115.682s][info][gc,phases,start] GC(154) Adjust Pointers
[115.976s][info][gc,phases      ] GC(154) Adjust Pointers 293.995ms
[115.976s][info][gc,phases,start] GC(154) Compaction Phase
[116.122s][info][gc,phases      ] GC(154) Compaction Phase 146.710ms
[116.122s][info][gc,phases,start] GC(154) Post Compact
[116.125s][info][gc,phases      ] GC(154) Post Compact 2.225ms
[116.125s][info][gc,heap        ] GC(154) PSYoungGen: 111616K(222720K)->111616K(222720K) Eden: 111616K(111616K)->111616K(111616K) From: 0K(111104K)->0K(111104K)
[116.125s][info][gc,heap        ] GC(154) ParOldGen: 667279K(667648K)->667279K(667648K)
[116.125s][info][gc,metaspace   ] GC(154) Metaspace: 18062K(18368K)->18062K(18368K) NonClass: 15755K(15936K)->15755K(15936K) Class: 2306K(2432K)->2306K(2432K)
[116.125s][info][gc             ] GC(154) Pause Full (Allocation Failure) 760M->760M(869M) 1054.427ms
[116.125s][info][gc,cpu         ] GC(154) User=2.08s Sys=0.00s Real=1.06s
[116.125s][info][gc,start       ] GC(155) Pause Full (Allocation Failure)
[116.125s][info][gc,phases,start] GC(155) Marking Phase
[116.717s][info][gc,phases      ] GC(155) Marking Phase 591.820ms
[116.717s][info][gc,phases,start] GC(155) Summary Phase
[116.717s][info][gc,phases      ] GC(155) Summary Phase 0.024ms
[116.717s][info][gc,phases,start] GC(155) Forward
[116.739s][info][gc,phases      ] GC(155) Forward 22.470ms
[116.739s][info][gc,phases,start] GC(155) Adjust Pointers
[117.033s][info][gc,phases      ] GC(155) Adjust Pointers 294.206ms
[117.034s][info][gc,phases,start] GC(155) Compaction Phase
[117.183s][info][gc,phases      ] GC(155) Compaction Phase 149.896ms
[117.184s][info][gc,phases,start] GC(155) Post Compact
[117.186s][info][gc,phases      ] GC(155) Post Compact 2.216ms
[117.186s][info][gc,heap        ] GC(155) PSYoungGen: 111616K(222720K)->111616K(222720K) Eden: 111616K(111616K)->111616K(111616K) From: 0K(111104K)->0K(111104K)
[117.186s][info][gc,heap        ] GC(155) ParOldGen: 667279K(667648K)->667279K(667648K)
[117.186s][info][gc,metaspace   ] GC(155) Metaspace: 18062K(18368K)->18062K(18368K) NonClass: 15755K(15936K)->15755K(15936K) Class: 2306K(2432K)->2306K(2432K)
[117.186s][info][gc             ] GC(155) Pause Full (Allocation Failure) 760M->760M(869M) 1061.027ms
[117.186s][info][gc,cpu         ] GC(155) User=2.09s Sys=0.00s Real=1.06s
[117.186s][info][gc,start       ] GC(156) Pause Full (Allocation Failure)
[117.186s][info][gc,phases,start] GC(156) Marking Phase
[117.790s][info][gc,phases      ] GC(156) Marking Phase 604.007ms
[117.790s][info][gc,phases,start] GC(156) Summary Phase
[117.790s][info][gc,phases      ] GC(156) Summary Phase 0.024ms
[117.790s][info][gc,phases,start] GC(156) Forward
[117.813s][info][gc,phases      ] GC(156) Forward 22.767ms
[117.813s][info][gc,phases,start] GC(156) Adjust Pointers
[118.115s][info][gc,phases      ] GC(156) Adjust Pointers 301.904ms
[118.115s][info][gc,phases,start] GC(156) Compaction Phase
[118.266s][info][gc,phases      ] GC(156) Compaction Phase 151.319ms
[118.266s][info][gc,phases,start] GC(156) Post Compact
[118.269s][info][gc,phases      ] GC(156) Post Compact 2.222ms
[118.269s][info][gc,heap        ] GC(156) PSYoungGen: 111616K(222720K)->111616K(222720K) Eden: 111616K(111616K)->111616K(111616K) From: 0K(111104K)->0K(111104K)
[118.269s][info][gc,heap        ] GC(156) ParOldGen: 667279K(667648K)->667279K(667648K)
[118.269s][info][gc,metaspace   ] GC(156) Metaspace: 18062K(18368K)->18062K(18368K) NonClass: 15755K(15936K)->15755K(15936K) Class: 2306K(2432K)->2306K(2432K)
[118.269s][info][gc             ] GC(156) Pause Full (Allocation Failure) 760M->760M(869M) 1082.591ms
[118.269s][info][gc,cpu         ] GC(156) User=2.14s Sys=0.00s Real=1.08s
[118.269s][info][gc,start       ] GC(157) Pause Full (Allocation Failure)
[118.269s][info][gc,phases,start] GC(157) Marking Phase
[118.875s][info][gc,phases      ] GC(157) Marking Phase 606.558ms
[118.875s][info][gc,phases,start] GC(157) Summary Phase
[118.875s][info][gc,phases      ] GC(157) Summary Phase 0.022ms
[118.875s][info][gc,phases,start] GC(157) Forward
[118.901s][info][gc,phases      ] GC(157) Forward 25.334ms
[118.901s][info][gc,phases,start] GC(157) Adjust Pointers
[119.202s][info][gc,phases      ] GC(157) Adjust Pointers 301.014ms
[119.202s][info][gc,phases,start] GC(157) Compaction Phase
[119.352s][info][gc,phases      ] GC(157) Compaction Phase 150.528ms
[119.352s][info][gc,phases,start] GC(157) Post Compact
[119.355s][info][gc,phases      ] GC(157) Post Compact 2.217ms
[119.355s][info][gc,heap        ] GC(157) PSYoungGen: 111616K(222720K)->111616K(222720K) Eden: 111616K(111616K)->111616K(111616K) From: 0K(111104K)->0K(111104K)
[119.355s][info][gc,heap        ] GC(157) ParOldGen: 667279K(667648K)->667279K(667648K)
[119.355s][info][gc,metaspace   ] GC(157) Metaspace: 18062K(18368K)->18062K(18368K) NonClass: 15755K(15936K)->15755K(15936K) Class: 2306K(2432K)->2306K(2432K)
[119.355s][info][gc             ] GC(157) Pause Full (Allocation Failure) 760M->760M(869M) 1086.090ms
[119.355s][info][gc,cpu         ] GC(157) User=2.14s Sys=0.01s Real=1.09s
[119.355s][info][gc,start       ] GC(158) Pause Full (Allocation Failure)
[119.355s][info][gc,phases,start] GC(158) Marking Phase
[119.961s][info][gc,phases      ] GC(158) Marking Phase 605.907ms
[119.961s][info][gc,phases,start] GC(158) Summary Phase
[119.961s][info][gc,phases      ] GC(158) Summary Phase 0.023ms
[119.961s][info][gc,phases,start] GC(158) Forward
[119.984s][info][gc,phases      ] GC(158) Forward 23.293ms
[119.984s][info][gc,phases,start] GC(158) Adjust Pointers
[120.288s][info][gc,phases      ] GC(158) Adjust Pointers 304.078ms
[120.288s][info][gc,phases,start] GC(158) Compaction Phase
[120.439s][info][gc,phases      ] GC(158) Compaction Phase 150.205ms
[120.439s][info][gc,phases,start] GC(158) Post Compact
[120.441s][info][gc,phases      ] GC(158) Post Compact 2.232ms
[120.441s][info][gc,heap        ] GC(158) PSYoungGen: 111616K(222720K)->111616K(222720K) Eden: 111616K(111616K)->111616K(111616K) From: 0K(111104K)->0K(111104K)
[120.441s][info][gc,heap        ] GC(158) ParOldGen: 667279K(667648K)->667279K(667648K)
[120.441s][info][gc,metaspace   ] GC(158) Metaspace: 18062K(18368K)->18062K(18368K) NonClass: 15755K(15936K)->15755K(15936K) Class: 2306K(2432K)->2306K(2432K)
[120.441s][info][gc             ] GC(158) Pause Full (Allocation Failure) 760M->760M(869M) 1086.105ms
[120.441s][info][gc,cpu         ] GC(158) User=2.14s Sys=0.00s Real=1.08s
[120.441s][info][gc,start       ] GC(159) Pause Full (Allocation Failure)
[120.441s][info][gc,phases,start] GC(159) Marking Phase
[121.034s][info][gc,phases      ] GC(159) Marking Phase 592.978ms
[121.034s][info][gc,phases,start] GC(159) Summary Phase
[121.034s][info][gc,phases      ] GC(159) Summary Phase 0.023ms
[121.034s][info][gc,phases,start] GC(159) Forward
[121.058s][info][gc,phases      ] GC(159) Forward 23.806ms
[121.058s][info][gc,phases,start] GC(159) Adjust Pointers
[121.360s][info][gc,phases      ] GC(159) Adjust Pointers 301.905ms
[121.360s][info][gc,phases,start] GC(159) Compaction Phase
[121.514s][info][gc,phases      ] GC(159) Compaction Phase 153.786ms
[121.514s][info][gc,phases,start] GC(159) Post Compact
[121.516s][info][gc,phases      ] GC(159) Post Compact 2.232ms
[121.516s][info][gc,heap        ] GC(159) PSYoungGen: 111616K(222720K)->111616K(222720K) Eden: 111616K(111616K)->111616K(111616K) From: 0K(111104K)->0K(111104K)
[121.516s][info][gc,heap        ] GC(159) ParOldGen: 667279K(667648K)->667279K(667648K)
[121.516s][info][gc,metaspace   ] GC(159) Metaspace: 18062K(18368K)->18062K(18368K) NonClass: 15755K(15936K)->15755K(15936K) Class: 2306K(2432K)->2306K(2432K)
[121.516s][info][gc             ] GC(159) Pause Full (Allocation Failure) 760M->760M(869M) 1075.088ms
[121.516s][info][gc,cpu         ] GC(159) User=2.12s Sys=0.00s Real=1.08s
[121.517s][info][gc,start       ] GC(160) Pause Full (Allocation Failure)
[121.517s][info][gc,phases,start] GC(160) Marking Phase
[122.120s][info][gc,phases      ] GC(160) Marking Phase 603.504ms
[122.120s][info][gc,phases,start] GC(160) Summary Phase
[122.120s][info][gc,phases      ] GC(160) Summary Phase 0.024ms
[122.120s][info][gc,phases,start] GC(160) Forward
[122.144s][info][gc,phases      ] GC(160) Forward 23.378ms
[122.144s][info][gc,phases,start] GC(160) Adjust Pointers
[122.450s][info][gc,phases      ] GC(160) Adjust Pointers 306.600ms
[122.450s][info][gc,phases,start] GC(160) Compaction Phase
[122.601s][info][gc,phases      ] GC(160) Compaction Phase 150.564ms
[122.601s][info][gc,phases,start] GC(160) Post Compact
[122.603s][info][gc,phases      ] GC(160) Post Compact 2.218ms
[122.603s][info][gc,heap        ] GC(160) PSYoungGen: 111616K(222720K)->111616K(222720K) Eden: 111616K(111616K)->111616K(111616K) From: 0K(111104K)->0K(111104K)
[122.603s][info][gc,heap        ] GC(160) ParOldGen: 667279K(667648K)->667279K(667648K)
[122.603s][info][gc,metaspace   ] GC(160) Metaspace: 18062K(18368K)->18062K(18368K) NonClass: 15755K(15936K)->15755K(15936K) Class: 2306K(2432K)->2306K(2432K)
[122.603s][info][gc             ] GC(160) Pause Full (Allocation Failure) 760M->760M(869M) 1086.693ms
[122.603s][info][gc,cpu         ] GC(160) User=2.15s Sys=0.00s Real=1.08s
[122.603s][info][gc,start       ] GC(161) Pause Full (Allocation Failure)
[122.603s][info][gc,phases,start] GC(161) Marking Phase
[123.208s][info][gc,phases      ] GC(161) Marking Phase 604.992ms
[123.208s][info][gc,phases,start] GC(161) Summary Phase
[123.208s][info][gc,phases      ] GC(161) Summary Phase 0.022ms
[123.208s][info][gc,phases,start] GC(161) Forward
[123.234s][info][gc,phases      ] GC(161) Forward 25.538ms
[123.234s][info][gc,phases,start] GC(161) Adjust Pointers
[123.537s][info][gc,phases      ] GC(161) Adjust Pointers 303.189ms
[123.537s][info][gc,phases,start] GC(161) Compaction Phase
[123.690s][info][gc,phases      ] GC(161) Compaction Phase 153.176ms
[123.691s][info][gc,phases,start] GC(161) Post Compact
[123.693s][info][gc,phases      ] GC(161) Post Compact 2.224ms
[123.693s][info][gc,heap        ] GC(161) PSYoungGen: 111616K(222720K)->111616K(222720K) Eden: 111616K(111616K)->111616K(111616K) From: 0K(111104K)->0K(111104K)
[123.693s][info][gc,heap        ] GC(161) ParOldGen: 667279K(667648K)->667279K(667648K)
[123.693s][info][gc,metaspace   ] GC(161) Metaspace: 18062K(18368K)->18062K(18368K) NonClass: 15755K(15936K)->15755K(15936K) Class: 2306K(2432K)->2306K(2432K)
[123.693s][info][gc             ] GC(161) Pause Full (Allocation Failure) 760M->760M(869M) 1089.520ms
[123.693s][info][gc,cpu         ] GC(161) User=2.14s Sys=0.00s Real=1.09s
[123.693s][info][gc,start       ] GC(162) Pause Full (Allocation Failure)
[123.693s][info][gc,phases,start] GC(162) Marking Phase
[124.292s][info][gc,phases      ] GC(162) Marking Phase 598.965ms
[124.292s][info][gc,phases,start] GC(162) Summary Phase
[124.292s][info][gc,phases      ] GC(162) Summary Phase 0.023ms
[124.292s][info][gc,phases,start] GC(162) Forward
[124.315s][info][gc,phases      ] GC(162) Forward 22.911ms
[124.315s][info][gc,phases,start] GC(162) Adjust Pointers
[124.616s][info][gc,phases      ] GC(162) Adjust Pointers 301.128ms
[124.616s][info][gc,phases,start] GC(162) Compaction Phase
[124.767s][info][gc,phases      ] GC(162) Compaction Phase 150.981ms
[124.767s][info][gc,phases,start] GC(162) Post Compact
[124.770s][info][gc,phases      ] GC(162) Post Compact 2.229ms
[124.770s][info][gc,heap        ] GC(162) PSYoungGen: 111616K(222720K)->111616K(222720K) Eden: 111616K(111616K)->111616K(111616K) From: 0K(111104K)->0K(111104K)
[124.770s][info][gc,heap        ] GC(162) ParOldGen: 667279K(667648K)->667279K(667648K)
[124.770s][info][gc,metaspace   ] GC(162) Metaspace: 18062K(18368K)->18062K(18368K) NonClass: 15755K(15936K)->15755K(15936K) Class: 2306K(2432K)->2306K(2432K)
[124.770s][info][gc             ] GC(162) Pause Full (Allocation Failure) 760M->760M(869M) 1076.605ms
[124.770s][info][gc,cpu         ] GC(162) User=2.12s Sys=0.00s Real=1.08s
[124.770s][info][gc,start       ] GC(163) Pause Full (Allocation Failure)
[124.770s][info][gc,phases,start] GC(163) Marking Phase
[125.378s][info][gc,phases      ] GC(163) Marking Phase 607.872ms
[125.378s][info][gc,phases,start] GC(163) Summary Phase
[125.378s][info][gc,phases      ] GC(163) Summary Phase 0.024ms
[125.378s][info][gc,phases,start] GC(163) Forward
[125.403s][info][gc,phases      ] GC(163) Forward 25.293ms
[125.403s][info][gc,phases,start] GC(163) Adjust Pointers
[125.705s][info][gc,phases      ] GC(163) Adjust Pointers 301.509ms
[125.705s][info][gc,phases,start] GC(163) Compaction Phase
[125.855s][info][gc,phases      ] GC(163) Compaction Phase 150.299ms
[125.855s][info][gc,phases,start] GC(163) Post Compact
[125.857s][info][gc,phases      ] GC(163) Post Compact 2.220ms
[125.857s][info][gc,heap        ] GC(163) PSYoungGen: 111616K(222720K)->111616K(222720K) Eden: 111616K(111616K)->111616K(111616K) From: 0K(111104K)->0K(111104K)
[125.857s][info][gc,heap        ] GC(163) ParOldGen: 667279K(667648K)->667279K(667648K)
[125.857s][info][gc,metaspace   ] GC(163) Metaspace: 18062K(18368K)->18062K(18368K) NonClass: 15755K(15936K)->15755K(15936K) Class: 2306K(2432K)->2306K(2432K)
[125.857s][info][gc             ] GC(163) Pause Full (Allocation Failure) 760M->760M(869M) 1087.602ms
[125.857s][info][gc,cpu         ] GC(163) User=2.14s Sys=0.00s Real=1.09s
[125.857s][info][gc,start       ] GC(164) Pause Full (Allocation Failure)
[125.857s][info][gc,phases,start] GC(164) Marking Phase
[126.459s][info][gc,phases      ] GC(164) Marking Phase 601.548ms
[126.459s][info][gc,phases,start] GC(164) Summary Phase
[126.459s][info][gc,phases      ] GC(164) Summary Phase 0.022ms
[126.459s][info][gc,phases,start] GC(164) Forward
[126.481s][info][gc,phases      ] GC(164) Forward 22.218ms
[126.481s][info][gc,phases,start] GC(164) Adjust Pointers
[126.775s][info][gc,phases      ] GC(164) Adjust Pointers 294.052ms
[126.775s][info][gc,phases,start] GC(164) Compaction Phase
[126.922s][info][gc,phases      ] GC(164) Compaction Phase 146.167ms
[126.922s][info][gc,phases,start] GC(164) Post Compact
[126.924s][info][gc,phases      ] GC(164) Post Compact 2.236ms
[126.924s][info][gc,heap        ] GC(164) PSYoungGen: 111616K(222720K)->111616K(222720K) Eden: 111616K(111616K)->111616K(111616K) From: 0K(111104K)->0K(111104K)
[126.924s][info][gc,heap        ] GC(164) ParOldGen: 667279K(667648K)->667279K(667648K)
[126.924s][info][gc,metaspace   ] GC(164) Metaspace: 18062K(18368K)->18062K(18368K) NonClass: 15755K(15936K)->15755K(15936K) Class: 2306K(2432K)->2306K(2432K)
[126.924s][info][gc             ] GC(164) Pause Full (Allocation Failure) 760M->760M(869M) 1066.589ms
[126.924s][info][gc,cpu         ] GC(164) User=2.11s Sys=0.00s Real=1.07s
[126.924s][info][gc,start       ] GC(165) Pause Full (Allocation Failure)
[126.924s][info][gc,phases,start] GC(165) Marking Phase
[127.517s][info][gc,phases      ] GC(165) Marking Phase 592.644ms
[127.517s][info][gc,phases,start] GC(165) Summary Phase
[127.517s][info][gc,phases      ] GC(165) Summary Phase 0.023ms
[127.517s][info][gc,phases,start] GC(165) Forward
[127.540s][info][gc,phases      ] GC(165) Forward 22.990ms
[127.540s][info][gc,phases,start] GC(165) Adjust Pointers
[127.839s][info][gc,phases      ] GC(165) Adjust Pointers 299.172ms
[127.839s][info][gc,phases,start] GC(165) Compaction Phase
[127.989s][info][gc,phases      ] GC(165) Compaction Phase 149.945ms
[127.989s][info][gc,phases,start] GC(165) Post Compact
[127.991s][info][gc,phases      ] GC(165) Post Compact 2.221ms
[127.992s][info][gc,heap        ] GC(165) PSYoungGen: 111616K(222720K)->111616K(222720K) Eden: 111616K(111616K)->111616K(111616K) From: 0K(111104K)->0K(111104K)
[127.992s][info][gc,heap        ] GC(165) ParOldGen: 667279K(667648K)->667279K(667648K)
[127.992s][info][gc,metaspace   ] GC(165) Metaspace: 18062K(18368K)->18062K(18368K) NonClass: 15755K(15936K)->15755K(15936K) Class: 2306K(2432K)->2306K(2432K)
[127.992s][info][gc             ] GC(165) Pause Full (Allocation Failure) 760M->760M(869M) 1067.369ms
[127.992s][info][gc,cpu         ] GC(165) User=2.11s Sys=0.00s Real=1.06s
[127.992s][info][gc,start       ] GC(166) Pause Full (Allocation Failure)
[127.992s][info][gc,phases,start] GC(166) Marking Phase
[128.591s][info][gc,phases      ] GC(166) Marking Phase 598.867ms
[128.591s][info][gc,phases,start] GC(166) Summary Phase
[128.591s][info][gc,phases      ] GC(166) Summary Phase 0.022ms
[128.591s][info][gc,phases,start] GC(166) Forward
[128.613s][info][gc,phases      ] GC(166) Forward 22.691ms
[128.613s][info][gc,phases,start] GC(166) Adjust Pointers
[128.913s][info][gc,phases      ] GC(166) Adjust Pointers 300.048ms
[128.914s][info][gc,phases,start] GC(166) Compaction Phase
[129.063s][info][gc,phases      ] GC(166) Compaction Phase 149.322ms
[129.063s][info][gc,phases,start] GC(166) Post Compact
[129.065s][info][gc,phases      ] GC(166) Post Compact 2.212ms
[129.065s][info][gc,heap        ] GC(166) PSYoungGen: 111616K(222720K)->111616K(222720K) Eden: 111616K(111616K)->111616K(111616K) From: 0K(111104K)->0K(111104K)
[129.065s][info][gc,heap        ] GC(166) ParOldGen: 667279K(667648K)->667279K(667648K)
[129.065s][info][gc,metaspace   ] GC(166) Metaspace: 18062K(18368K)->18062K(18368K) NonClass: 15755K(15936K)->15755K(15936K) Class: 2306K(2432K)->2306K(2432K)
[129.065s][info][gc             ] GC(166) Pause Full (Allocation Failure) 760M->760M(869M) 1073.515ms
[129.065s][info][gc,cpu         ] GC(166) User=2.11s Sys=0.00s Real=1.08s
[129.065s][info][gc,start       ] GC(167) Pause Full (Allocation Failure)
[129.065s][info][gc,phases,start] GC(167) Marking Phase
[129.674s][info][gc,phases      ] GC(167) Marking Phase 609.030ms
[129.674s][info][gc,phases,start] GC(167) Summary Phase
[129.674s][info][gc,phases      ] GC(167) Summary Phase 0.023ms
[129.674s][info][gc,phases,start] GC(167) Forward
[129.700s][info][gc,phases      ] GC(167) Forward 25.485ms
[129.700s][info][gc,phases,start] GC(167) Adjust Pointers
[130.000s][info][gc,phases      ] GC(167) Adjust Pointers 300.209ms
[130.000s][info][gc,phases,start] GC(167) Compaction Phase
[130.151s][info][gc,phases      ] GC(167) Compaction Phase 150.623ms
[130.151s][info][gc,phases,start] GC(167) Post Compact
[130.153s][info][gc,phases      ] GC(167) Post Compact 2.288ms
[130.153s][info][gc,heap        ] GC(167) PSYoungGen: 111616K(222720K)->111616K(222720K) Eden: 111616K(111616K)->111616K(111616K) From: 0K(111104K)->0K(111104K)
[130.153s][info][gc,heap        ] GC(167) ParOldGen: 667279K(667648K)->667279K(667648K)
[130.153s][info][gc,metaspace   ] GC(167) Metaspace: 18062K(18368K)->18062K(18368K) NonClass: 15755K(15936K)->15755K(15936K) Class: 2306K(2432K)->2306K(2432K)
[130.153s][info][gc             ] GC(167) Pause Full (Allocation Failure) 760M->760M(869M) 1088.040ms
[130.153s][info][gc,cpu         ] GC(167) User=2.15s Sys=0.00s Real=1.08s
[130.154s][info][gc,start       ] GC(168) Pause Full (Allocation Failure)
[130.154s][info][gc,phases,start] GC(168) Marking Phase
[130.756s][info][gc,phases      ] GC(168) Marking Phase 601.894ms
[130.756s][info][gc,phases,start] GC(168) Summary Phase
[130.756s][info][gc,phases      ] GC(168) Summary Phase 0.024ms
[130.756s][info][gc,phases,start] GC(168) Forward
[130.779s][info][gc,phases      ] GC(168) Forward 23.680ms
[130.779s][info][gc,phases,start] GC(168) Adjust Pointers
[131.077s][info][gc,phases      ] GC(168) Adjust Pointers 297.537ms
[131.077s][info][gc,phases,start] GC(168) Compaction Phase
[131.227s][info][gc,phases      ] GC(168) Compaction Phase 150.118ms
[131.227s][info][gc,phases,start] GC(168) Post Compact
[131.229s][info][gc,phases      ] GC(168) Post Compact 2.217ms
[131.229s][info][gc,heap        ] GC(168) PSYoungGen: 111616K(222720K)->111616K(222720K) Eden: 111616K(111616K)->111616K(111616K) From: 0K(111104K)->0K(111104K)
[131.229s][info][gc,heap        ] GC(168) ParOldGen: 667279K(667648K)->667279K(667648K)
[131.229s][info][gc,metaspace   ] GC(168) Metaspace: 18062K(18368K)->18062K(18368K) NonClass: 15755K(15936K)->15755K(15936K) Class: 2306K(2432K)->2306K(2432K)
[131.229s][info][gc             ] GC(168) Pause Full (Allocation Failure) 760M->760M(869M) 1075.852ms
[131.230s][info][gc,cpu         ] GC(168) User=2.12s Sys=0.00s Real=1.08s
[131.230s][info][gc,start       ] GC(169) Pause Full (Allocation Failure)
[131.230s][info][gc,phases,start] GC(169) Marking Phase
[131.824s][info][gc,phases      ] GC(169) Marking Phase 594.079ms
[131.824s][info][gc,phases,start] GC(169) Summary Phase
[131.824s][info][gc,phases      ] GC(169) Summary Phase 0.037ms
[131.824s][info][gc,phases,start] GC(169) Forward
[131.943s][info][gc,phases      ] GC(169) Forward 119.326ms
[131.943s][info][gc,phases,start] GC(169) Adjust Pointers
[132.269s][info][gc,phases      ] GC(169) Adjust Pointers 325.911ms
[132.269s][info][gc,phases,start] GC(169) Compaction Phase
[132.549s][info][gc,phases      ] GC(169) Compaction Phase 279.613ms
[132.549s][info][gc,phases,start] GC(169) Post Compact
[132.551s][info][gc,phases      ] GC(169) Post Compact 2.233ms
[132.551s][info][gc,heap        ] GC(169) PSYoungGen: 111616K(222720K)->111104K(222720K) Eden: 111616K(111616K)->111104K(111616K) From: 0K(111104K)->0K(111104K)
[132.551s][info][gc,heap        ] GC(169) ParOldGen: 667279K(667648K)->667379K(667648K)
[132.551s][info][gc,metaspace   ] GC(169) Metaspace: 18062K(18368K)->18062K(18368K) NonClass: 15755K(15936K)->15755K(15936K) Class: 2306K(2432K)->2306K(2432K)
[132.551s][info][gc             ] GC(169) Pause Full (Allocation Failure) 760M->760M(869M) 1321.577ms
[132.551s][info][gc,cpu         ] GC(169) User=2.60s Sys=0.01s Real=1.32s
[132.552s][info][gc,start       ] GC(170) Pause Full (Allocation Failure)
[132.552s][info][gc,phases,start] GC(170) Marking Phase
[132.773s][info][gc,phases      ] GC(170) Marking Phase 221.020ms
[132.773s][info][gc,phases,start] GC(170) Summary Phase
[132.773s][info][gc,phases      ] GC(170) Summary Phase 0.025ms
[132.773s][info][gc,phases,start] GC(170) Forward
[132.774s][info][gc,phases      ] GC(170) Forward 0.655ms
[132.774s][info][gc,phases,start] GC(170) Adjust Pointers
[132.890s][info][gc,phases      ] GC(170) Adjust Pointers 115.643ms
[132.890s][info][gc,phases,start] GC(170) Compaction Phase
[132.954s][info][gc,phases      ] GC(170) Compaction Phase 64.360ms
[132.954s][info][gc,phases,start] GC(170) Post Compact
[132.956s][info][gc,phases      ] GC(170) Post Compact 2.185ms
[132.964s][info][gc,heap        ] GC(170) PSYoungGen: 111616K(222720K)->0K(222720K) Eden: 111616K(111616K)->0K(111616K) From: 0K(111104K)->0K(111104K)
[132.964s][info][gc,heap        ] GC(170) ParOldGen: 667379K(667648K)->359936K(578048K)
[132.964s][info][gc,metaspace   ] GC(170) Metaspace: 18071K(18368K)->18071K(18368K) NonClass: 15761K(15936K)->15761K(15936K) Class: 2309K(2432K)->2309K(2432K)
[132.964s][info][gc             ] GC(170) Pause Full (Allocation Failure) 760M->351M(782M) 411.871ms
[132.964s][info][gc,cpu         ] GC(170) User=0.79s Sys=0.00s Real=0.42s
[132.968s][info][gc,heap,exit   ] Heap
[132.968s][info][gc,heap,exit   ]  PSYoungGen      total 222720K, used 3921K [0x00000000eba00000, 0x0000000100000000, 0x0000000100000000)
[132.968s][info][gc,heap,exit   ]   eden space 111616K, 3% used [0x00000000eba00000,0x00000000ebdd4760,0x00000000f2700000)
[132.968s][info][gc,heap,exit   ]   from space 111104K, 0% used [0x00000000f2700000,0x00000000f2700000,0x00000000f9380000)
[132.968s][info][gc,heap,exit   ]   to   space 111104K, 0% used [0x00000000f9380000,0x00000000f9380000,0x0000000100000000)
[132.968s][info][gc,heap,exit   ]  ParOldGen       total 578048K, used 359936K [0x00000000c2e00000, 0x00000000e6280000, 0x00000000eba00000)
[132.968s][info][gc,heap,exit   ]   object space 578048K, 62% used [0x00000000c2e00000,0x00000000d8d80220,0x00000000e6280000)
[132.968s][info][gc,heap,exit   ]  Metaspace       used 18084K, committed 18368K, reserved 1114112K
[132.968s][info][gc,heap,exit   ]   class space    used 2311K, committed 2432K, reserved 1048576K
