[0.003s][info][metaspace]  - commit_granule_bytes: 65536.
[0.003s][info][metaspace]  - commit_granule_words: 8192.
[0.003s][info][metaspace]  - virtual_space_node_default_size: 8388608.
[0.003s][info][metaspace]  - enlarge_chunks_in_place: 1.
[0.006s][info][gc,init  ] CardTable entry size: 512
[0.006s][info][gc       ] Using Parallel
[0.007s][info][gc,init  ] Version: 24-internal-adhoc.root.jdk (release)
[0.007s][info][gc,init  ] CPUs: 2 total, 2 available
[0.007s][info][gc,init  ] Memory: 3908M
[0.007s][info][gc,init  ] Large Page Support: Disabled
[0.007s][info][gc,init  ] NUMA Support: Disabled
[0.007s][info][gc,init  ] Compressed Oops: Enabled (32-bit)
[0.007s][info][gc,init  ] Alignments: Space 512K, Generation 512K, Heap 2M
[0.007s][info][gc,init  ] Heap Min Capacity: 256M
[0.007s][info][gc,init  ] Heap Initial Capacity: 256M
[0.007s][info][gc,init  ] Heap Max Capacity: 978M
[0.007s][info][gc,init  ] Pre-touch: Disabled
[0.007s][info][gc,init  ] Parallel Workers: 2
[0.062s][info][gc,metaspace] CDS archive(s) mapped at: [0x00007f139d000000-0x00007f139de7b000-0x00007f139de7b000), size 15183872, SharedBaseAddress: 0x00007f139d000000, ArchiveRelocationMode: 1.
[0.062s][info][gc,metaspace] Compressed class space mapped at: 0x00007f139e000000-0x00007f13de000000, reserved size: 1073741824
[0.062s][info][gc,metaspace] UseCompressedClassPointers 1, UseCompactObjectHeaders 1
[0.062s][info][gc,metaspace] Narrow klass pointer bits 22, Max shift 10
[0.062s][info][gc,metaspace] Narrow klass base: 0x00007f139d000000, Narrow klass shift: 10
[0.062s][info][gc,metaspace] Encoding Range: [0x00007f139d000000 - 0x00007f149d000000), (4294967296 bytes)
[0.062s][info][gc,metaspace] Klass Range:    [0x00007f139d000000 - 0x00007f13de000000), (1090519040 bytes)
[0.062s][info][gc,metaspace] Klass ID Range:  [1 - 1064960) (1064959)
[1.892s][info][gc,start    ] GC(0) Pause Young (Allocation Failure)
[1.900s][info][gc,heap     ] GC(0) PSYoungGen: 65536K(76288K)->3851K(76288K) Eden: 65536K(65536K)->0K(65536K) From: 0K(10752K)->3851K(10752K)
[1.900s][info][gc,heap     ] GC(0) ParOldGen: 1088K(175104K)->1096K(175104K)
[1.900s][info][gc,metaspace] GC(0) Metaspace: 8323K(8512K)->8323K(8512K) NonClass: 7184K(7296K)->7184K(7296K) Class: 1138K(1216K)->1138K(1216K)
[1.900s][info][gc          ] GC(0) Pause Young (Allocation Failure) 65M->4M(245M) 7.570ms
[1.900s][info][gc,cpu      ] GC(0) User=0.01s Sys=0.00s Real=0.01s
[4.557s][info][gc,start    ] GC(1) Pause Young (Allocation Failure)
[4.570s][info][gc,heap     ] GC(1) PSYoungGen: 69387K(76288K)->7984K(76288K) Eden: 65536K(65536K)->0K(65536K) From: 3851K(10752K)->7984K(10752K)
[4.570s][info][gc,heap     ] GC(1) ParOldGen: 1096K(175104K)->1104K(175104K)
[4.570s][info][gc,metaspace] GC(1) Metaspace: 20934K(21312K)->20934K(21312K) NonClass: 18454K(18688K)->18454K(18688K) Class: 2480K(2624K)->2480K(2624K)
[4.570s][info][gc          ] GC(1) Pause Young (Allocation Failure) 68M->8M(245M) 13.384ms
[4.570s][info][gc,cpu      ] GC(1) User=0.02s Sys=0.00s Real=0.01s
[6.012s][info][metaspace   ] ChkMgr @0x00007f13fc03ef30 (non-class-space): failed to commit 687 words on chunk @0x00007f13fc6841f8, f, base 0x00007f13952c0000, level lv10.
[6.012s][info][metaspace   ] Arena @0x00007f13fc4d9d50 (non-class arena): failed to allocate new chunk for requested word size 687.
[6.012s][info][metaspace   ] Arena @0x00007f13fc4d9d50 (non-class arena): allocation failed, returned null.
[6.012s][info][metaspace   ] ChkMgr @0x00007f13fc03ef30 (non-class-space): failed to commit 687 words on chunk @0x00007f13fc6841f8, f, base 0x00007f13952c0000, level lv10.
[6.012s][info][metaspace   ] Arena @0x00007f13fc4d9d50 (non-class arena): failed to allocate new chunk for requested word size 687.
[6.012s][info][metaspace   ] Arena @0x00007f13fc4d9d50 (non-class arena): allocation failed, returned null.
[6.012s][info][metaspace   ] ChkMgr @0x00007f13fc03ef30 (non-class-space): failed to commit 687 words on chunk @0x00007f13fc6841f8, f, base 0x00007f13952c0000, level lv10.
[6.012s][info][metaspace   ] Arena @0x00007f13fc4d9d50 (non-class arena): failed to allocate new chunk for requested word size 687.
[6.012s][info][metaspace   ] Arena @0x00007f13fc4d9d50 (non-class arena): allocation failed, returned null.
[6.012s][info][gc,start    ] GC(2) Pause Full (Metadata GC Threshold)
[6.012s][info][gc,phases,start] GC(2) Marking Phase
[6.025s][info][gc,phases      ] GC(2) Marking Phase 13.533ms
[6.025s][info][gc,phases,start] GC(2) Summary Phase
[6.025s][info][gc,phases      ] GC(2) Summary Phase 0.010ms
[6.025s][info][gc,phases,start] GC(2) Forward
[6.027s][info][gc,phases      ] GC(2) Forward 2.025ms
[6.027s][info][gc,phases,start] GC(2) Adjust Pointers
[6.034s][info][gc,phases      ] GC(2) Adjust Pointers 6.782ms
[6.034s][info][gc,phases,start] GC(2) Compaction Phase
[6.041s][info][gc,phases      ] GC(2) Compaction Phase 7.043ms
[6.041s][info][gc,phases,start] GC(2) Post Compact
[6.043s][info][gc,phases      ] GC(2) Post Compact 1.563ms
[6.043s][info][gc,heap        ] GC(2) PSYoungGen: 16435K(76288K)->0K(76288K) Eden: 8450K(65536K)->0K(65536K) From: 7984K(10752K)->0K(10752K)
[6.043s][info][gc,heap        ] GC(2) ParOldGen: 1104K(175104K)->9147K(175104K)
[6.043s][info][gc,metaspace   ] GC(2) Metaspace: 21120K(21504K)->21120K(21504K) NonClass: 18616K(18816K)->18616K(18816K) Class: 2504K(2688K)->2504K(2688K)
[6.043s][info][gc             ] GC(2) Pause Full (Metadata GC Threshold) 17M->8M(245M) 31.287ms
[6.043s][info][gc,cpu         ] GC(2) User=0.04s Sys=0.00s Real=0.04s
[6.969s][info][gc,start       ] GC(3) Pause Young (Allocation Failure)
[6.977s][info][gc,heap        ] GC(3) PSYoungGen: 65536K(76288K)->3034K(76288K) Eden: 65536K(65536K)->0K(65536K) From: 0K(10752K)->3034K(10752K)
[6.977s][info][gc,heap        ] GC(3) ParOldGen: 9147K(175104K)->9155K(175104K)
[6.977s][info][gc,metaspace   ] GC(3) Metaspace: 24134K(24512K)->24134K(24512K) NonClass: 21334K(21568K)->21334K(21568K) Class: 2800K(2944K)->2800K(2944K)
[6.977s][info][gc             ] GC(3) Pause Young (Allocation Failure) 72M->11M(245M) 7.302ms
[6.977s][info][gc,cpu         ] GC(3) User=0.01s Sys=0.00s Real=0.01s
[7.457s][info][gc,start       ] GC(4) Pause Young (Allocation Failure)
[7.462s][info][gc,heap        ] GC(4) PSYoungGen: 68570K(76288K)->4166K(76288K) Eden: 65536K(65536K)->0K(65536K) From: 3034K(10752K)->4166K(10752K)
[7.462s][info][gc,heap        ] GC(4) ParOldGen: 9155K(175104K)->9163K(175104K)
[7.462s][info][gc,metaspace   ] GC(4) Metaspace: 24466K(24896K)->24466K(24896K) NonClass: 21650K(21888K)->21650K(21888K) Class: 2815K(3008K)->2815K(3008K)
[7.462s][info][gc             ] GC(4) Pause Young (Allocation Failure) 75M->13M(245M) 5.292ms
[7.462s][info][gc,cpu         ] GC(4) User=0.02s Sys=0.00s Real=0.00s
[8.079s][info][gc,start       ] GC(5) Pause Young (Allocation Failure)
[8.089s][info][gc,heap        ] GC(5) PSYoungGen: 69702K(76288K)->5462K(76288K) Eden: 65536K(65536K)->0K(65536K) From: 4166K(10752K)->5462K(10752K)
[8.089s][info][gc,heap        ] GC(5) ParOldGen: 9163K(175104K)->9171K(175104K)
[8.089s][info][gc,metaspace   ] GC(5) Metaspace: 25863K(26304K)->25863K(26304K) NonClass: 22862K(23104K)->22862K(23104K) Class: 3001K(3200K)->3001K(3200K)
[8.089s][info][gc             ] GC(5) Pause Young (Allocation Failure) 77M->14M(245M) 10.774ms
[8.089s][info][gc,cpu         ] GC(5) User=0.02s Sys=0.00s Real=0.01s
[8.419s][info][gc,start       ] GC(6) Pause Young (Allocation Failure)
[8.426s][info][gc,heap        ] GC(6) PSYoungGen: 69625K(76288K)->6022K(78848K) Eden: 64162K(65536K)->0K(70656K) From: 5462K(10752K)->6022K(8192K)
[8.426s][info][gc,heap        ] GC(6) ParOldGen: 9171K(175104K)->9179K(175104K)
[8.426s][info][gc,metaspace   ] GC(6) Metaspace: 26031K(26432K)->26031K(26432K) NonClass: 23026K(23232K)->23026K(23232K) Class: 3004K(3200K)->3004K(3200K)
[8.426s][info][gc             ] GC(6) Pause Young (Allocation Failure) 76M->14M(248M) 7.741ms
[8.426s][info][gc,cpu         ] GC(6) User=0.01s Sys=0.00s Real=0.01s
[8.561s][info][gc,start       ] GC(7) Pause Young (Allocation Failure)
[8.569s][info][gc,heap        ] GC(7) PSYoungGen: 76678K(78848K)->6022K(78848K) Eden: 70656K(70656K)->0K(70656K) From: 6022K(8192K)->6022K(8192K)
[8.569s][info][gc,heap        ] GC(7) ParOldGen: 9179K(175104K)->9187K(175104K)
[8.569s][info][gc,metaspace   ] GC(7) Metaspace: 26053K(26432K)->26053K(26432K) NonClass: 23048K(23232K)->23048K(23232K) Class: 3004K(3200K)->3004K(3200K)
[8.569s][info][gc             ] GC(7) Pause Young (Allocation Failure) 83M->14M(248M) 8.394ms
[8.569s][info][gc,cpu         ] GC(7) User=0.01s Sys=0.00s Real=0.01s
[8.895s][info][gc,start       ] GC(8) Pause Young (Allocation Failure)
[8.904s][info][gc,heap        ] GC(8) PSYoungGen: 76678K(78848K)->3366K(149504K) Eden: 70656K(70656K)->0K(141312K) From: 6022K(8192K)->3366K(8192K)
[8.904s][info][gc,heap        ] GC(8) ParOldGen: 9187K(175104K)->12217K(175104K)
[8.904s][info][gc,metaspace   ] GC(8) Metaspace: 26278K(26688K)->26278K(26688K) NonClass: 23257K(23488K)->23257K(23488K) Class: 3021K(3200K)->3021K(3200K)
[8.904s][info][gc             ] GC(8) Pause Young (Allocation Failure) 83M->15M(317M) 9.062ms
[8.904s][info][gc,cpu         ] GC(8) User=0.01s Sys=0.01s Real=0.01s
[10.673s][info][gc,start       ] GC(9) Pause Young (Allocation Failure)
[10.688s][info][gc,heap        ] GC(9) PSYoungGen: 144678K(149504K)->3919K(149504K) Eden: 141312K(141312K)->0K(141312K) From: 3366K(8192K)->3919K(8192K)
[10.688s][info][gc,heap        ] GC(9) ParOldGen: 12217K(175104K)->14730K(175104K)
[10.688s][info][gc,metaspace   ] GC(9) Metaspace: 28350K(28736K)->28350K(28736K) NonClass: 25138K(25344K)->25138K(25344K) Class: 3212K(3392K)->3212K(3392K)
[10.688s][info][gc             ] GC(9) Pause Young (Allocation Failure) 153M->18M(317M) 15.252ms
[10.688s][info][gc,cpu         ] GC(9) User=0.02s Sys=0.00s Real=0.02s
[12.040s][info][gc,start       ] GC(10) Pause Young (Allocation Failure)
[12.068s][info][gc,heap        ] GC(10) PSYoungGen: 145231K(149504K)->8185K(231424K) Eden: 141312K(141312K)->0K(223232K) From: 3919K(8192K)->8185K(8192K)
[12.068s][info][gc,heap        ] GC(10) ParOldGen: 14730K(175104K)->20300K(175104K)
[12.068s][info][gc,metaspace   ] GC(10) Metaspace: 28535K(28992K)->28535K(28992K) NonClass: 25296K(25536K)->25296K(25536K) Class: 3238K(3456K)->3238K(3456K)
[12.068s][info][gc             ] GC(10) Pause Young (Allocation Failure) 156M->27M(397M) 27.517ms
[12.068s][info][gc,cpu         ] GC(10) User=0.05s Sys=0.01s Real=0.03s
[13.429s][info][gc,start       ] GC(11) Pause Young (Allocation Failure)
[13.483s][info][gc,heap        ] GC(11) PSYoungGen: 231417K(231424K)->11250K(234496K) Eden: 223232K(223232K)->0K(223232K) From: 8185K(8192K)->11250K(11264K)
[13.483s][info][gc,heap        ] GC(11) ParOldGen: 20300K(175104K)->46445K(175104K)
[13.483s][info][gc,metaspace   ] GC(11) Metaspace: 28625K(29056K)->28625K(29056K) NonClass: 25368K(25600K)->25368K(25600K) Class: 3256K(3456K)->3256K(3456K)
[13.484s][info][gc             ] GC(11) Pause Young (Allocation Failure) 245M->56M(400M) 54.619ms
[13.484s][info][gc,cpu         ] GC(11) User=0.08s Sys=0.03s Real=0.06s
[14.224s][info][gc,start       ] GC(12) Pause Young (Allocation Failure)
[14.291s][info][gc,heap        ] GC(12) PSYoungGen: 234482K(234496K)->22520K(291840K) Eden: 223232K(223232K)->0K(269312K) From: 11250K(11264K)->22520K(22528K)
[14.291s][info][gc,heap        ] GC(12) ParOldGen: 46445K(175104K)->63302K(175104K)
[14.291s][info][gc,metaspace   ] GC(12) Metaspace: 28681K(29120K)->28681K(29120K) NonClass: 25419K(25664K)->25419K(25664K) Class: 3262K(3456K)->3262K(3456K)
[14.291s][info][gc             ] GC(12) Pause Young (Allocation Failure) 274M->83M(456M) 67.105ms
[14.291s][info][gc,cpu         ] GC(12) User=0.10s Sys=0.04s Real=0.06s
[15.151s][info][gc,start       ] GC(13) Pause Young (Allocation Failure)
[15.231s][info][gc,heap        ] GC(13) PSYoungGen: 291832K(291840K)->32230K(301568K) Eden: 269312K(269312K)->0K(269312K) From: 22520K(22528K)->32230K(32256K)
[15.231s][info][gc,heap        ] GC(13) ParOldGen: 63302K(175104K)->85470K(175104K)
[15.231s][info][gc,metaspace   ] GC(13) Metaspace: 28682K(29120K)->28682K(29120K) NonClass: 25420K(25664K)->25420K(25664K) Class: 3262K(3456K)->3262K(3456K)
[15.232s][info][gc             ] GC(13) Pause Young (Allocation Failure) 346M->114M(465M) 80.361ms
[15.232s][info][gc,cpu         ] GC(13) User=0.10s Sys=0.05s Real=0.08s
[17.765s][info][gc,start       ] GC(14) Pause Young (Allocation Failure)
[17.862s][info][gc,heap        ] GC(14) PSYoungGen: 301542K(301568K)->23076K(274944K) Eden: 269312K(269312K)->0K(242688K) From: 32230K(32256K)->23076K(32256K)
[17.862s][info][gc,heap        ] GC(14) ParOldGen: 85470K(175104K)->117871K(175104K)
[17.862s][info][gc,metaspace   ] GC(14) Metaspace: 28702K(29120K)->28702K(29120K) NonClass: 25438K(25664K)->25438K(25664K) Class: 3263K(3456K)->3263K(3456K)
[17.862s][info][gc             ] GC(14) Pause Young (Allocation Failure) 377M->137M(439M) 96.784ms
[17.862s][info][gc,cpu         ] GC(14) User=0.15s Sys=0.04s Real=0.09s
[19.852s][info][gc,start       ] GC(15) Pause Young (Allocation Failure)
[19.921s][info][gc,heap        ] GC(15) PSYoungGen: 265764K(274944K)->22057K(288256K) Eden: 242688K(242688K)->0K(242688K) From: 23076K(32256K)->22057K(45568K)
[19.921s][info][gc,heap        ] GC(15) ParOldGen: 117871K(175104K)->140833K(175104K)
[19.921s][info][gc,metaspace   ] GC(15) Metaspace: 28734K(29120K)->28734K(29120K) NonClass: 25470K(25664K)->25470K(25664K) Class: 3263K(3456K)->3263K(3456K)
[19.921s][info][gc             ] GC(15) Pause Young (Allocation Failure) 374M->159M(452M) 69.406ms
[19.921s][info][gc,cpu         ] GC(15) User=0.12s Sys=0.01s Real=0.07s
[21.522s][info][gc,start       ] GC(16) Pause Young (Allocation Failure)
[21.573s][info][gc,heap        ] GC(16) PSYoungGen: 264745K(288256K)->29684K(285184K) Eden: 242688K(242688K)->0K(240640K) From: 22057K(45568K)->29684K(44544K)
[21.573s][info][gc,heap        ] GC(16) ParOldGen: 140833K(175104K)->162895K(175104K)
[21.573s][info][gc,metaspace   ] GC(16) Metaspace: 28815K(29184K)->28815K(29184K) NonClass: 25545K(25728K)->25545K(25728K) Class: 3270K(3456K)->3270K(3456K)
[21.573s][info][gc             ] GC(16) Pause Young (Allocation Failure) 396M->188M(449M) 51.037ms
[21.573s][info][gc,cpu         ] GC(16) User=0.08s Sys=0.02s Real=0.05s
[22.227s][info][gc,start       ] GC(17) Pause Young (Allocation Failure)
[22.293s][info][gc,heap        ] GC(17) PSYoungGen: 270324K(285184K)->30156K(270848K) Eden: 240640K(240640K)->0K(240640K) From: 29684K(44544K)->30156K(30208K)
[22.293s][info][gc,heap        ] GC(17) ParOldGen: 162895K(175104K)->192605K(193024K)
[22.293s][info][gc,metaspace   ] GC(17) Metaspace: 28816K(29184K)->28816K(29184K) NonClass: 25546K(25728K)->25546K(25728K) Class: 3270K(3456K)->3270K(3456K)
[22.293s][info][gc             ] GC(17) Pause Young (Allocation Failure) 423M->217M(453M) 65.852ms
[22.293s][info][gc,cpu         ] GC(17) User=0.10s Sys=0.03s Real=0.07s
[22.912s][info][gc,start       ] GC(18) Pause Young (Allocation Failure)
[22.983s][info][gc,heap        ] GC(18) PSYoungGen: 270796K(270848K)->29368K(284672K) Eden: 240640K(240640K)->0K(236544K) From: 30156K(30208K)->29368K(48128K)
[22.983s][info][gc,heap        ] GC(18) ParOldGen: 192605K(193024K)->222091K(222208K)
[22.983s][info][gc,metaspace   ] GC(18) Metaspace: 28817K(29184K)->28817K(29184K) NonClass: 25547K(25728K)->25547K(25728K) Class: 3270K(3456K)->3270K(3456K)
[22.983s][info][gc             ] GC(18) Pause Young (Allocation Failure) 452M->245M(495M) 71.041ms
[22.983s][info][gc,cpu         ] GC(18) User=0.11s Sys=0.02s Real=0.08s
[24.570s][info][gc,start       ] GC(19) Pause Young (Allocation Failure)
[24.635s][info][gc,heap        ] GC(19) PSYoungGen: 265912K(284672K)->24346K(261120K) Eden: 236544K(236544K)->0K(236544K) From: 29368K(48128K)->24346K(24576K)
[24.635s][info][gc,heap        ] GC(19) ParOldGen: 222091K(222208K)->249724K(249856K)
[24.635s][info][gc,metaspace   ] GC(19) Metaspace: 28817K(29184K)->28817K(29184K) NonClass: 25547K(25728K)->25547K(25728K) Class: 3270K(3456K)->3270K(3456K)
[24.635s][info][gc             ] GC(19) Pause Young (Allocation Failure) 476M->267M(499M) 64.298ms
[24.635s][info][gc,cpu         ] GC(19) User=0.10s Sys=0.03s Real=0.07s
[25.790s][info][gc,start       ] GC(20) Pause Young (Allocation Failure)
[25.825s][info][gc,heap        ] GC(20) PSYoungGen: 260890K(261120K)->8599K(284160K) Eden: 236544K(236544K)->0K(237056K) From: 24346K(24576K)->8599K(47104K)
[25.825s][info][gc,heap        ] GC(20) ParOldGen: 249724K(249856K)->272849K(272896K)
[25.825s][info][gc,metaspace   ] GC(20) Metaspace: 28905K(29312K)->28905K(29312K) NonClass: 25635K(25856K)->25635K(25856K) Class: 3270K(3456K)->3270K(3456K)
[25.825s][info][gc             ] GC(20) Pause Young (Allocation Failure) 498M->274M(544M) 34.852ms
[25.825s][info][gc,cpu         ] GC(20) User=0.05s Sys=0.02s Real=0.04s
[27.291s][info][gc,start       ] GC(21) Pause Young (Allocation Failure)
[27.299s][info][gc,heap        ] GC(21) PSYoungGen: 245655K(284160K)->1654K(284160K) Eden: 237056K(237056K)->0K(237056K) From: 8599K(47104K)->1654K(47104K)
[27.299s][info][gc,heap        ] GC(21) ParOldGen: 272849K(272896K)->278215K(278528K)
[27.299s][info][gc,metaspace   ] GC(21) Metaspace: 28912K(29312K)->28912K(29312K) NonClass: 25642K(25856K)->25642K(25856K) Class: 3270K(3456K)->3270K(3456K)
[27.299s][info][gc             ] GC(21) Pause Young (Allocation Failure) 506M->273M(549M) 8.313ms
[27.299s][info][gc,cpu         ] GC(21) User=0.01s Sys=0.00s Real=0.01s
[28.766s][info][gc,start       ] GC(22) Pause Young (Allocation Failure)
[28.792s][info][gc,heap        ] GC(22) PSYoungGen: 238710K(284160K)->24732K(286720K) Eden: 237056K(237056K)->0K(239616K) From: 1654K(47104K)->24732K(47104K)
[28.793s][info][gc,heap        ] GC(22) ParOldGen: 278215K(278528K)->279769K(280064K)
[28.793s][info][gc,metaspace   ] GC(22) Metaspace: 28916K(29312K)->28916K(29312K) NonClass: 25646K(25856K)->25646K(25856K) Class: 3270K(3456K)->3270K(3456K)
[28.793s][info][gc             ] GC(22) Pause Young (Allocation Failure) 504M->297M(553M) 26.399ms
[28.793s][info][gc,cpu         ] GC(22) User=0.05s Sys=0.00s Real=0.02s
[30.197s][info][gc,start       ] GC(23) Pause Young (Allocation Failure)
[30.249s][info][gc,heap        ] GC(23) PSYoungGen: 264348K(286720K)->20575K(260608K) Eden: 239616K(239616K)->0K(239616K) From: 24732K(47104K)->20575K(20992K)
[30.249s][info][gc,heap        ] GC(23) ParOldGen: 279769K(280064K)->304114K(304128K)
[30.249s][info][gc,metaspace   ] GC(23) Metaspace: 28921K(29312K)->28921K(29312K) NonClass: 25651K(25856K)->25651K(25856K) Class: 3270K(3456K)->3270K(3456K)
[30.249s][info][gc             ] GC(23) Pause Young (Allocation Failure) 531M->317M(551M) 52.031ms
[30.249s][info][gc,cpu         ] GC(23) User=0.08s Sys=0.02s Real=0.05s
[33.893s][info][gc,start       ] GC(24) Pause Young (Allocation Failure)
[33.931s][info][gc,heap        ] GC(24) PSYoungGen: 260087K(260608K)->9997K(285184K) Eden: 239512K(239616K)->0K(240640K) From: 20575K(20992K)->9997K(44544K)
[33.931s][info][gc,heap        ] GC(24) ParOldGen: 304114K(304128K)->324697K(325120K)
[33.931s][info][gc,metaspace   ] GC(24) Metaspace: 33649K(34112K)->33649K(34112K) NonClass: 30060K(30336K)->30060K(30336K) Class: 3589K(3776K)->3589K(3776K)
[33.931s][info][gc             ] GC(24) Pause Young (Allocation Failure) 550M->326M(596M) 38.494ms
[33.931s][info][gc,cpu         ] GC(24) User=0.07s Sys=0.02s Real=0.04s
[36.547s][info][gc,start       ] GC(25) Pause Young (Allocation Failure)
[36.586s][info][gc,heap        ] GC(25) PSYoungGen: 250637K(285184K)->10997K(284160K) Eden: 240640K(240640K)->0K(240640K) From: 9997K(44544K)->10997K(43520K)
[36.586s][info][gc,heap        ] GC(25) ParOldGen: 324697K(325120K)->331231K(331264K)
[36.586s][info][gc,metaspace   ] GC(25) Metaspace: 34045K(34432K)->34045K(34432K) NonClass: 30455K(30656K)->30455K(30656K) Class: 3590K(3776K)->3590K(3776K)
[36.586s][info][gc             ] GC(25) Pause Young (Allocation Failure) 561M->334M(601M) 39.374ms
[36.586s][info][gc,cpu         ] GC(25) User=0.08s Sys=0.01s Real=0.04s
[39.182s][info][gc,start       ] GC(26) Pause Young (Allocation Failure)
[39.192s][info][gc,heap        ] GC(26) PSYoungGen: 251637K(284160K)->5431K(288768K) Eden: 240640K(240640K)->0K(246272K) From: 10997K(43520K)->5431K(42496K)
[39.192s][info][gc,heap        ] GC(26) ParOldGen: 331231K(331264K)->332415K(332800K)
[39.192s][info][gc,metaspace   ] GC(26) Metaspace: 34185K(34560K)->34185K(34560K) NonClass: 30593K(30784K)->30593K(30784K) Class: 3592K(3776K)->3592K(3776K)
[39.192s][info][gc             ] GC(26) Pause Young (Allocation Failure) 569M->329M(607M) 10.546ms
[39.192s][info][gc,cpu         ] GC(26) User=0.01s Sys=0.00s Real=0.01s
[41.053s][info][gc,start       ] GC(27) Pause Young (Allocation Failure)
[41.065s][info][gc,heap        ] GC(27) PSYoungGen: 251703K(288768K)->8815K(288256K) Eden: 246272K(246272K)->0K(246272K) From: 5431K(42496K)->8815K(41984K)
[41.065s][info][gc,heap        ] GC(27) ParOldGen: 332415K(332800K)->334006K(334336K)
[41.065s][info][gc,metaspace   ] GC(27) Metaspace: 34224K(34624K)->34224K(34624K) NonClass: 30632K(30848K)->30632K(30848K) Class: 3592K(3776K)->3592K(3776K)
[41.065s][info][gc             ] GC(27) Pause Young (Allocation Failure) 570M->334M(608M) 11.964ms
[41.065s][info][gc,cpu         ] GC(27) User=0.02s Sys=0.01s Real=0.01s
[42.878s][info][gc,start       ] GC(28) Pause Young (Allocation Failure)
[42.904s][info][gc,heap        ] GC(28) PSYoungGen: 255087K(288256K)->23731K(289280K) Eden: 246272K(246272K)->0K(248832K) From: 8815K(41984K)->23731K(40448K)
[42.905s][info][gc,heap        ] GC(28) ParOldGen: 334006K(334336K)->335172K(335360K)
[42.905s][info][gc,metaspace   ] GC(28) Metaspace: 34264K(34688K)->34264K(34688K) NonClass: 30672K(30912K)->30672K(30912K) Class: 3592K(3776K)->3592K(3776K)
[42.905s][info][gc             ] GC(28) Pause Young (Allocation Failure) 575M->350M(610M) 26.962ms
[42.905s][info][gc,cpu         ] GC(28) User=0.05s Sys=0.00s Real=0.03s
[43.004s][info][gc,start       ] GC(29) Pause Full (CodeCache GC Threshold)
[43.004s][info][gc,phases,start] GC(29) Marking Phase
[43.080s][info][gc,phases      ] GC(29) Marking Phase 75.348ms
[43.080s][info][gc,phases,start] GC(29) Summary Phase
[43.080s][info][gc,phases      ] GC(29) Summary Phase 0.019ms
[43.080s][info][gc,phases,start] GC(29) Forward
[43.091s][info][gc,phases      ] GC(29) Forward 11.055ms
[43.091s][info][gc,phases,start] GC(29) Adjust Pointers
[43.132s][info][gc,phases      ] GC(29) Adjust Pointers 41.523ms
[43.132s][info][gc,phases,start] GC(29) Compaction Phase
[43.151s][info][gc,phases      ] GC(29) Compaction Phase 18.379ms
[43.151s][info][gc,phases,start] GC(29) Post Compact
[43.158s][info][gc,phases      ] GC(29) Post Compact 6.692ms
[43.158s][info][gc,heap        ] GC(29) PSYoungGen: 40144K(289280K)->0K(289280K) Eden: 16412K(248832K)->0K(248832K) From: 23731K(40448K)->0K(40448K)
[43.158s][info][gc,heap        ] GC(29) ParOldGen: 335172K(335360K)->71360K(335360K)
[43.158s][info][gc,metaspace   ] GC(29) Metaspace: 34267K(34688K)->34267K(34688K) NonClass: 30675K(30912K)->30675K(30912K) Class: 3592K(3776K)->3592K(3776K)
[43.158s][info][gc             ] GC(29) Pause Full (CodeCache GC Threshold) 366M->69M(610M) 153.485ms
[43.158s][info][gc,cpu         ] GC(29) User=0.22s Sys=0.01s Real=0.15s
[45.272s][info][gc,start       ] GC(30) Pause Young (Allocation Failure)
[45.347s][info][gc,heap        ] GC(30) PSYoungGen: 248832K(289280K)->40941K(289792K) Eden: 248832K(248832K)->0K(248832K) From: 0K(40448K)->40941K(40960K)
[45.347s][info][gc,heap        ] GC(30) ParOldGen: 71360K(335360K)->103323K(335360K)
[45.347s][info][gc,metaspace   ] GC(30) Metaspace: 34302K(34752K)->34302K(34752K) NonClass: 30710K(30976K)->30710K(30976K) Class: 3592K(3776K)->3592K(3776K)
[45.347s][info][gc             ] GC(30) Pause Young (Allocation Failure) 312M->140M(610M) 75.015ms
[45.347s][info][gc,cpu         ] GC(30) User=0.14s Sys=0.01s Real=0.08s
[47.267s][info][gc,start       ] GC(31) Pause Young (Allocation Failure)
[47.320s][info][gc,heap        ] GC(31) PSYoungGen: 289773K(289792K)->11340K(262144K) Eden: 248832K(248832K)->0K(218112K) From: 40941K(40960K)->11340K(44032K)
[47.320s][info][gc,heap        ] GC(31) ParOldGen: 103323K(335360K)->142191K(335360K)
[47.320s][info][gc,metaspace   ] GC(31) Metaspace: 34329K(34752K)->34329K(34752K) NonClass: 30737K(30976K)->30737K(30976K) Class: 3592K(3776K)->3592K(3776K)
[47.320s][info][gc             ] GC(31) Pause Young (Allocation Failure) 383M->149M(583M) 53.209ms
[47.320s][info][gc,cpu         ] GC(31) User=0.11s Sys=0.00s Real=0.05s
[48.834s][info][gc,start       ] GC(32) Pause Young (Allocation Failure)
[48.853s][info][gc,heap        ] GC(32) PSYoungGen: 229452K(262144K)->10661K(275968K) Eden: 218112K(218112K)->0K(218112K) From: 11340K(44032K)->10661K(57856K)
[48.853s][info][gc,heap        ] GC(32) ParOldGen: 142191K(335360K)->150356K(335360K)
[48.853s][info][gc,metaspace   ] GC(32) Metaspace: 34339K(34816K)->34339K(34816K) NonClass: 30747K(31040K)->30747K(31040K) Class: 3592K(3776K)->3592K(3776K)
[48.853s][info][gc             ] GC(32) Pause Young (Allocation Failure) 362M->157M(597M) 19.265ms
[48.853s][info][gc,cpu         ] GC(32) User=0.04s Sys=0.00s Real=0.02s
[50.401s][info][gc,start       ] GC(33) Pause Young (Allocation Failure)
[50.428s][info][gc,heap        ] GC(33) PSYoungGen: 228773K(275968K)->12469K(268800K) Eden: 218112K(218112K)->0K(220160K) From: 10661K(57856K)->12469K(48640K)
[50.428s][info][gc,heap        ] GC(33) ParOldGen: 150356K(335360K)->151403K(335360K)
[50.428s][info][gc,metaspace   ] GC(33) Metaspace: 34374K(34816K)->34374K(34816K) NonClass: 30781K(31040K)->30781K(31040K) Class: 3593K(3776K)->3593K(3776K)
[50.428s][info][gc             ] GC(33) Pause Young (Allocation Failure) 370M->160M(590M) 27.281ms
[50.428s][info][gc,cpu         ] GC(33) User=0.05s Sys=0.00s Real=0.03s
[51.660s][info][gc,start       ] GC(34) Pause Young (Allocation Failure)
[51.678s][info][gc,heap        ] GC(34) PSYoungGen: 232629K(268800K)->19550K(273408K) Eden: 220160K(220160K)->0K(220160K) From: 12469K(48640K)->19550K(53248K)
[51.678s][info][gc,heap        ] GC(34) ParOldGen: 151403K(335360K)->152379K(335360K)
[51.678s][info][gc,metaspace   ] GC(34) Metaspace: 34401K(34816K)->34401K(34816K) NonClass: 30808K(31040K)->30808K(31040K) Class: 3593K(3776K)->3593K(3776K)
[51.678s][info][gc             ] GC(34) Pause Young (Allocation Failure) 375M->167M(594M) 18.053ms
[51.679s][info][gc,cpu         ] GC(34) User=0.04s Sys=0.00s Real=0.02s
[52.950s][info][gc,start       ] GC(35) Pause Young (Allocation Failure)
[52.993s][info][gc,heap        ] GC(35) PSYoungGen: 239710K(273408K)->29839K(280576K) Eden: 220160K(220160K)->0K(230400K) From: 19550K(53248K)->29839K(50176K)
[52.993s][info][gc,heap        ] GC(35) ParOldGen: 152379K(335360K)->165970K(335360K)
[52.993s][info][gc,metaspace   ] GC(35) Metaspace: 34405K(34816K)->34405K(34816K) NonClass: 30812K(31040K)->30812K(31040K) Class: 3593K(3776K)->3593K(3776K)
[52.993s][info][gc             ] GC(35) Pause Young (Allocation Failure) 382M->191M(601M) 42.839ms
[52.993s][info][gc,cpu         ] GC(35) User=0.08s Sys=0.00s Real=0.05s
[54.557s][info][gc,start       ] GC(36) Pause Young (Allocation Failure)
[54.626s][info][gc,heap        ] GC(36) PSYoungGen: 260239K(280576K)->43590K(274432K) Eden: 230400K(230400K)->0K(230400K) From: 29839K(50176K)->43590K(44032K)
[54.626s][info][gc,heap        ] GC(36) ParOldGen: 165970K(335360K)->188552K(335360K)
[54.626s][info][gc,metaspace   ] GC(36) Metaspace: 34415K(34880K)->34415K(34880K) NonClass: 30822K(31104K)->30822K(31104K) Class: 3593K(3776K)->3593K(3776K)
[54.626s][info][gc             ] GC(36) Pause Young (Allocation Failure) 416M->226M(595M) 69.229ms
[54.626s][info][gc,cpu         ] GC(36) User=0.14s Sys=0.00s Real=0.07s
[56.069s][info][gc,start       ] GC(37) Pause Young (Allocation Failure)
[56.116s][info][gc,heap        ] GC(37) PSYoungGen: 273990K(274432K)->10116K(278528K) Eden: 230400K(230400K)->0K(221696K) From: 43590K(44032K)->10116K(56832K)
[56.116s][info][gc,heap        ] GC(37) ParOldGen: 188552K(335360K)->222430K(335360K)
[56.116s][info][gc,metaspace   ] GC(37) Metaspace: 34427K(34880K)->34427K(34880K) NonClass: 30834K(31104K)->30834K(31104K) Class: 3593K(3776K)->3593K(3776K)
[56.116s][info][gc             ] GC(37) Pause Young (Allocation Failure) 451M->227M(599M) 46.644ms
[56.116s][info][gc,cpu         ] GC(37) User=0.09s Sys=0.00s Real=0.05s
[57.691s][info][gc,start       ] GC(38) Pause Young (Allocation Failure)
[57.706s][info][gc,heap        ] GC(38) PSYoungGen: 231812K(278528K)->13396K(235520K) Eden: 221696K(221696K)->0K(221696K) From: 10116K(56832K)->13396K(13824K)
[57.706s][info][gc,heap        ] GC(38) ParOldGen: 222430K(335360K)->223506K(335360K)
[57.706s][info][gc,metaspace   ] GC(38) Metaspace: 35342K(35712K)->35342K(35712K) NonClass: 31665K(31872K)->31665K(31872K) Class: 3677K(3840K)->3677K(3840K)
[57.706s][info][gc             ] GC(38) Pause Young (Allocation Failure) 443M->231M(557M) 14.521ms
[57.706s][info][gc,cpu         ] GC(38) User=0.03s Sys=0.00s Real=0.02s
[58.707s][info][gc,start       ] GC(39) Pause Young (Allocation Failure)
[58.718s][info][gc,heap        ] GC(39) PSYoungGen: 235092K(235520K)->6474K(275456K) Eden: 221696K(221696K)->0K(222208K) From: 13396K(13824K)->6474K(53248K)
[58.718s][info][gc,heap        ] GC(39) ParOldGen: 223506K(335360K)->233224K(335360K)
[58.718s][info][gc,metaspace   ] GC(39) Metaspace: 35406K(35776K)->35406K(35776K) NonClass: 31729K(31936K)->31729K(31936K) Class: 3677K(3840K)->3677K(3840K)
[58.718s][info][gc             ] GC(39) Pause Young (Allocation Failure) 447M->234M(596M) 11.371ms
[58.718s][info][gc,cpu         ] GC(39) User=0.02s Sys=0.00s Real=0.01s
[59.673s][info][gc,start       ] GC(40) Pause Young (Allocation Failure)
[59.690s][info][gc,heap        ] GC(40) PSYoungGen: 228682K(275456K)->26493K(274944K) Eden: 222208K(222208K)->0K(222208K) From: 6474K(53248K)->26493K(52736K)
[59.690s][info][gc,heap        ] GC(40) ParOldGen: 233224K(335360K)->233604K(335360K)
[59.690s][info][gc,metaspace   ] GC(40) Metaspace: 35432K(35840K)->35432K(35840K) NonClass: 31754K(32000K)->31754K(32000K) Class: 3677K(3840K)->3677K(3840K)
[59.690s][info][gc             ] GC(40) Pause Young (Allocation Failure) 451M->254M(596M) 17.621ms
[59.690s][info][gc,cpu         ] GC(40) User=0.04s Sys=0.00s Real=0.02s
[60.621s][info][gc,start       ] GC(41) Pause Young (Allocation Failure)
[60.634s][info][gc,heap        ] GC(41) PSYoungGen: 248701K(274944K)->7422K(280064K) Eden: 222208K(222208K)->0K(228864K) From: 26493K(52736K)->7422K(51200K)
[60.634s][info][gc,heap        ] GC(41) ParOldGen: 233604K(335360K)->234228K(335360K)
[60.634s][info][gc,metaspace   ] GC(41) Metaspace: 35440K(35840K)->35440K(35840K) NonClass: 31763K(32000K)->31763K(32000K) Class: 3677K(3840K)->3677K(3840K)
[60.634s][info][gc             ] GC(41) Pause Young (Allocation Failure) 471M->235M(601M) 13.829ms
[60.634s][info][gc,cpu         ] GC(41) User=0.03s Sys=0.00s Real=0.02s
[61.525s][info][gc,start       ] GC(42) Pause Young (Allocation Failure)
[61.559s][info][gc,heap        ] GC(42) PSYoungGen: 236286K(280064K)->50262K(279552K) Eden: 228864K(228864K)->0K(228864K) From: 7422K(51200K)->50262K(50688K)
[61.559s][info][gc,heap        ] GC(42) ParOldGen: 234228K(335360K)->234904K(335360K)
[61.559s][info][gc,metaspace   ] GC(42) Metaspace: 35448K(35840K)->35448K(35840K) NonClass: 31771K(32000K)->31771K(32000K) Class: 3677K(3840K)->3677K(3840K)
[61.559s][info][gc             ] GC(42) Pause Young (Allocation Failure) 459M->278M(600M) 33.976ms
[61.559s][info][gc,cpu         ] GC(42) User=0.06s Sys=0.00s Real=0.03s
[62.475s][info][gc,start       ] GC(43) Pause Young (Allocation Failure)
[62.489s][info][gc,heap        ] GC(43) PSYoungGen: 279126K(279552K)->20534K(276480K) Eden: 228864K(228864K)->0K(222208K) From: 50262K(50688K)->20534K(54272K)
[62.490s][info][gc,heap        ] GC(43) ParOldGen: 234904K(335360K)->236099K(335360K)
[62.490s][info][gc,metaspace   ] GC(43) Metaspace: 35450K(35840K)->35450K(35840K) NonClass: 31772K(32000K)->31772K(32000K) Class: 3677K(3840K)->3677K(3840K)
[62.490s][info][gc             ] GC(43) Pause Young (Allocation Failure) 501M->250M(597M) 14.450ms
[62.490s][info][gc,cpu         ] GC(43) User=0.03s Sys=0.00s Real=0.01s
[63.357s][info][gc,start       ] GC(44) Pause Young (Allocation Failure)
[63.375s][info][gc,heap        ] GC(44) PSYoungGen: 242742K(276480K)->6896K(278016K) Eden: 222208K(222208K)->0K(222208K) From: 20534K(54272K)->6896K(55808K)
[63.375s][info][gc,heap        ] GC(44) ParOldGen: 236099K(335360K)->252650K(335360K)
[63.375s][info][gc,metaspace   ] GC(44) Metaspace: 35459K(35840K)->35459K(35840K) NonClass: 31780K(32000K)->31780K(32000K) Class: 3679K(3840K)->3679K(3840K)
[63.375s][info][gc             ] GC(44) Pause Young (Allocation Failure) 467M->253M(599M) 17.420ms
[63.375s][info][gc,cpu         ] GC(44) User=0.04s Sys=0.00s Real=0.02s
[64.306s][info][gc,start       ] GC(45) Pause Young (Allocation Failure)
[64.345s][info][gc,heap        ] GC(45) PSYoungGen: 229104K(278016K)->29231K(277504K) Eden: 222208K(222208K)->0K(223232K) From: 6896K(55808K)->29231K(54272K)
[64.345s][info][gc,heap        ] GC(45) ParOldGen: 252650K(335360K)->258899K(335360K)
[64.345s][info][gc,metaspace   ] GC(45) Metaspace: 35463K(35840K)->35463K(35840K) NonClass: 31784K(32000K)->31784K(32000K) Class: 3679K(3840K)->3679K(3840K)
[64.346s][info][gc             ] GC(45) Pause Young (Allocation Failure) 470M->281M(598M) 39.093ms
[64.346s][info][gc,cpu         ] GC(45) User=0.07s Sys=0.00s Real=0.04s
[65.201s][info][gc,start       ] GC(46) Pause Young (Allocation Failure)
[65.208s][info][gc,heap        ] GC(46) PSYoungGen: 252463K(277504K)->7304K(278016K) Eden: 223232K(223232K)->0K(223232K) From: 29231K(54272K)->7304K(54784K)
[65.209s][info][gc,heap        ] GC(46) ParOldGen: 258899K(335360K)->259872K(335360K)
[65.209s][info][gc,metaspace   ] GC(46) Metaspace: 35472K(35840K)->35472K(35840K) NonClass: 31793K(32000K)->31793K(32000K) Class: 3679K(3840K)->3679K(3840K)
[65.209s][info][gc             ] GC(46) Pause Young (Allocation Failure) 499M->260M(599M) 7.162ms
[65.209s][info][gc,cpu         ] GC(46) User=0.01s Sys=0.00s Real=0.01s
[66.030s][info][gc,start       ] GC(47) Pause Young (Allocation Failure)
[66.045s][info][gc,heap        ] GC(47) PSYoungGen: 230536K(278016K)->22313K(274432K) Eden: 223232K(223232K)->0K(225280K) From: 7304K(54784K)->22313K(49152K)
[66.045s][info][gc,heap        ] GC(47) ParOldGen: 259872K(335360K)->260700K(335360K)
[66.045s][info][gc,metaspace   ] GC(47) Metaspace: 35472K(35840K)->35472K(35840K) NonClass: 31793K(32000K)->31793K(32000K) Class: 3679K(3840K)->3679K(3840K)
[66.045s][info][gc             ] GC(47) Pause Young (Allocation Failure) 478M->276M(595M) 15.856ms
[66.045s][info][gc,cpu         ] GC(47) User=0.02s Sys=0.00s Real=0.02s
[66.868s][info][gc,start       ] GC(48) Pause Young (Allocation Failure)
[66.879s][info][gc,heap        ] GC(48) PSYoungGen: 247593K(274432K)->14642K(276480K) Eden: 225280K(225280K)->0K(225280K) From: 22313K(49152K)->14642K(51200K)
[66.879s][info][gc,heap        ] GC(48) ParOldGen: 260700K(335360K)->261288K(335360K)
[66.879s][info][gc,metaspace   ] GC(48) Metaspace: 35525K(35968K)->35525K(35968K) NonClass: 31846K(32128K)->31846K(32128K) Class: 3679K(3840K)->3679K(3840K)
[66.879s][info][gc             ] GC(48) Pause Young (Allocation Failure) 496M->269M(597M) 10.505ms
[66.879s][info][gc,cpu         ] GC(48) User=0.02s Sys=0.00s Real=0.01s
[67.650s][info][gc,start       ] GC(49) Pause Young (Allocation Failure)
[67.666s][info][gc,heap        ] GC(49) PSYoungGen: 239922K(276480K)->8089K(280576K) Eden: 225280K(225280K)->0K(233472K) From: 14642K(51200K)->8089K(47104K)
[67.666s][info][gc,heap        ] GC(49) ParOldGen: 261288K(335360K)->275685K(335360K)
[67.666s][info][gc,metaspace   ] GC(49) Metaspace: 35568K(36032K)->35568K(36032K) NonClass: 31883K(32192K)->31883K(32192K) Class: 3684K(3840K)->3684K(3840K)
[67.666s][info][gc             ] GC(49) Pause Young (Allocation Failure) 489M->277M(601M) 15.381ms
[67.666s][info][gc,cpu         ] GC(49) User=0.03s Sys=0.00s Real=0.02s
[68.375s][info][gc,start       ] GC(50) Pause Young (Allocation Failure)
[68.380s][info][gc,heap        ] GC(50) PSYoungGen: 241561K(280576K)->792K(281600K) Eden: 233472K(233472K)->0K(233472K) From: 8089K(47104K)->792K(48128K)
[68.380s][info][gc,heap        ] GC(50) ParOldGen: 275685K(335360K)->282168K(335360K)
[68.380s][info][gc,metaspace   ] GC(50) Metaspace: 35578K(36032K)->35578K(36032K) NonClass: 31893K(32192K)->31893K(32192K) Class: 3684K(3840K)->3684K(3840K)
[68.380s][info][gc             ] GC(50) Pause Young (Allocation Failure) 505M->276M(602M) 5.234ms
[68.380s][info][gc,cpu         ] GC(50) User=0.01s Sys=0.00s Real=0.00s
[69.017s][info][gc,start       ] GC(51) Pause Young (Allocation Failure)
[69.022s][info][gc,heap        ] GC(51) PSYoungGen: 234264K(281600K)->4574K(283648K) Eden: 233472K(233472K)->0K(237568K) From: 792K(48128K)->4574K(46080K)
[69.022s][info][gc,heap        ] GC(51) ParOldGen: 282168K(335360K)->282200K(335360K)
[69.022s][info][gc,metaspace   ] GC(51) Metaspace: 35975K(36416K)->35975K(36416K) NonClass: 32190K(32448K)->32190K(32448K) Class: 3784K(3968K)->3784K(3968K)
[69.022s][info][gc             ] GC(51) Pause Young (Allocation Failure) 504M->280M(604M) 5.040ms
[69.022s][info][gc,cpu         ] GC(51) User=0.01s Sys=0.00s Real=0.00s
[69.674s][info][gc,start       ] GC(52) Pause Young (Allocation Failure)
[69.686s][info][gc,heap        ] GC(52) PSYoungGen: 242142K(283648K)->14218K(284672K) Eden: 237568K(237568K)->0K(237568K) From: 4574K(46080K)->14218K(47104K)
[69.686s][info][gc,heap        ] GC(52) ParOldGen: 282200K(335360K)->284269K(335360K)
[69.687s][info][gc,metaspace   ] GC(52) Metaspace: 36186K(36608K)->36186K(36608K) NonClass: 32375K(32640K)->32375K(32640K) Class: 3810K(3968K)->3810K(3968K)
[69.687s][info][gc             ] GC(52) Pause Young (Allocation Failure) 512M->291M(605M) 12.238ms
[69.687s][info][gc,cpu         ] GC(52) User=0.03s Sys=0.00s Real=0.01s
[70.210s][info][gc,start       ] GC(53) Pause Young (Allocation Failure)
[70.224s][info][gc,heap        ] GC(53) PSYoungGen: 251786K(284672K)->5034K(285696K) Eden: 237568K(237568K)->0K(241664K) From: 14218K(47104K)->5034K(44032K)
[70.224s][info][gc,heap        ] GC(53) ParOldGen: 284269K(335360K)->290321K(335360K)
[70.224s][info][gc,metaspace   ] GC(53) Metaspace: 36582K(36992K)->36582K(36992K) NonClass: 32733K(32960K)->32733K(32960K) Class: 3848K(4032K)->3848K(4032K)
[70.224s][info][gc             ] GC(53) Pause Young (Allocation Failure) 523M->288M(606M) 14.577ms
[70.224s][info][gc,cpu         ] GC(53) User=0.03s Sys=0.00s Real=0.02s
[70.737s][info][gc,start       ] GC(54) Pause Young (Allocation Failure)
[70.744s][info][gc,heap        ] GC(54) PSYoungGen: 245685K(285696K)->2072K(284672K) Eden: 240651K(241664K)->0K(241664K) From: 5034K(44032K)->2072K(43008K)
[70.744s][info][gc,heap        ] GC(54) ParOldGen: 290321K(335360K)->295316K(335360K)
[70.744s][info][gc,metaspace   ] GC(54) Metaspace: 38093K(38464K)->38093K(38464K) NonClass: 34088K(34304K)->34088K(34304K) Class: 4005K(4160K)->4005K(4160K)
[70.745s][info][gc             ] GC(54) Pause Young (Allocation Failure) 523M->290M(605M) 7.641ms
[70.745s][info][gc,cpu         ] GC(54) User=0.01s Sys=0.00s Real=0.01s
[71.276s][info][gc,start       ] GC(55) Pause Young (Allocation Failure)
[71.284s][info][gc,heap        ] GC(55) PSYoungGen: 243388K(284672K)->4273K(289792K) Eden: 241315K(241664K)->0K(247808K) From: 2072K(43008K)->4273K(41984K)
[71.284s][info][gc,heap        ] GC(55) ParOldGen: 295316K(335360K)->297365K(335360K)
[71.284s][info][gc,metaspace   ] GC(55) Metaspace: 38301K(38720K)->38301K(38720K) NonClass: 34295K(34560K)->34295K(34560K) Class: 4005K(4160K)->4005K(4160K)
[71.284s][info][gc             ] GC(55) Pause Young (Allocation Failure) 526M->294M(610M) 7.761ms
[71.284s][info][gc,cpu         ] GC(55) User=0.01s Sys=0.00s Real=0.01s
[71.683s][info][gc,start       ] GC(56) Pause Young (Allocation Failure)
[71.694s][info][gc,heap        ] GC(56) PSYoungGen: 250609K(289792K)->4267K(288768K) Eden: 246336K(247808K)->0K(247808K) From: 4273K(41984K)->4267K(40960K)
[71.694s][info][gc,heap        ] GC(56) ParOldGen: 297365K(335360K)->301682K(335360K)
[71.694s][info][gc,metaspace   ] GC(56) Metaspace: 38337K(38784K)->38337K(38784K) NonClass: 34332K(34624K)->34332K(34624K) Class: 4005K(4160K)->4005K(4160K)
[71.694s][info][gc             ] GC(56) Pause Young (Allocation Failure) 535M->298M(609M) 10.402ms
[71.694s][info][gc,cpu         ] GC(56) User=0.02s Sys=0.00s Real=0.01s
[72.204s][info][gc,start       ] GC(57) Pause Young (Allocation Failure)
[72.218s][info][gc,heap        ] GC(57) PSYoungGen: 252075K(288768K)->12035K(290304K) Eden: 247808K(247808K)->0K(253440K) From: 4267K(40960K)->12035K(36864K)
[72.218s][info][gc,heap        ] GC(57) ParOldGen: 301682K(335360K)->305958K(335360K)
[72.218s][info][gc,metaspace   ] GC(57) Metaspace: 38413K(38848K)->38413K(38848K) NonClass: 34405K(34688K)->34405K(34688K) Class: 4008K(4160K)->4008K(4160K)
[72.218s][info][gc             ] GC(57) Pause Young (Allocation Failure) 540M->310M(611M) 14.243ms
[72.218s][info][gc,cpu         ] GC(57) User=0.02s Sys=0.00s Real=0.01s
[72.618s][info][gc,start       ] GC(58) Pause Young (Allocation Failure)
[72.637s][info][gc,heap        ] GC(58) PSYoungGen: 264254K(290304K)->4617K(290304K) Eden: 252219K(253440K)->0K(253440K) From: 12035K(36864K)->4617K(36864K)
[72.637s][info][gc,heap        ] GC(58) ParOldGen: 305958K(335360K)->314421K(335360K)
[72.637s][info][gc,metaspace   ] GC(58) Metaspace: 38424K(38848K)->38424K(38848K) NonClass: 34416K(34688K)->34416K(34688K) Class: 4008K(4160K)->4008K(4160K)
[72.637s][info][gc             ] GC(58) Pause Young (Allocation Failure) 556M->311M(611M) 19.277ms
[72.637s][info][gc,cpu         ] GC(58) User=0.04s Sys=0.00s Real=0.02s
[74.427s][info][gc,start       ] GC(59) Pause Young (Allocation Failure)
[74.457s][info][gc,heap        ] GC(59) PSYoungGen: 258057K(290304K)->11887K(294400K) Eden: 253440K(253440K)->0K(261632K) From: 4617K(36864K)->11887K(32768K)
[74.457s][info][gc,heap        ] GC(59) ParOldGen: 314421K(335360K)->318950K(335360K)
[74.458s][info][gc,metaspace   ] GC(59) Metaspace: 39293K(39744K)->39293K(39744K) NonClass: 35174K(35456K)->35174K(35456K) Class: 4118K(4288K)->4118K(4288K)
[74.458s][info][gc             ] GC(59) Pause Young (Allocation Failure) 559M->323M(615M) 30.141ms
[74.458s][info][gc,cpu         ] GC(59) User=0.06s Sys=0.00s Real=0.03s
[75.570s][info][gc,start       ] GC(60) Pause Young (Allocation Failure)
[75.585s][info][gc,heap        ] GC(60) PSYoungGen: 273519K(294400K)->4433K(294912K) Eden: 261632K(261632K)->0K(261632K) From: 11887K(32768K)->4433K(33280K)
[75.585s][info][gc,heap        ] GC(60) ParOldGen: 318950K(335360K)->330967K(335360K)
[75.585s][info][gc,metaspace   ] GC(60) Metaspace: 39433K(39808K)->39433K(39808K) NonClass: 35301K(35520K)->35301K(35520K) Class: 4131K(4288K)->4131K(4288K)
[75.585s][info][gc             ] GC(60) Pause Young (Allocation Failure) 578M->327M(615M) 15.015ms
[75.585s][info][gc,cpu         ] GC(60) User=0.03s Sys=0.00s Real=0.02s
[76.383s][info][gc,start       ] GC(61) Pause Young (Allocation Failure)
[76.388s][info][gc,heap        ] GC(61) PSYoungGen: 266065K(294912K)->3812K(299008K) Eden: 261632K(261632K)->0K(268288K) From: 4433K(33280K)->3812K(30720K)
[76.388s][info][gc,heap        ] GC(61) ParOldGen: 330967K(335360K)->331232K(335360K)
[76.388s][info][gc,metaspace   ] GC(61) Metaspace: 39472K(39872K)->39472K(39872K) NonClass: 35339K(35584K)->35339K(35584K) Class: 4132K(4288K)->4132K(4288K)
[76.388s][info][gc             ] GC(61) Pause Young (Allocation Failure) 583M->327M(619M) 5.463ms
[76.388s][info][gc,cpu         ] GC(61) User=0.01s Sys=0.00s Real=0.01s
[77.157s][info][gc,start       ] GC(62) Pause Young (Allocation Failure)
[77.159s][info][gc,heap        ] GC(62) PSYoungGen: 272100K(299008K)->519K(299520K) Eden: 268288K(268288K)->0K(268288K) From: 3812K(30720K)->519K(31232K)
[77.159s][info][gc,heap        ] GC(62) ParOldGen: 331232K(335360K)->331260K(335360K)
[77.159s][info][gc,metaspace   ] GC(62) Metaspace: 39672K(40128K)->39672K(40128K) NonClass: 35441K(35712K)->35441K(35712K) Class: 4231K(4416K)->4231K(4416K)
[77.159s][info][gc             ] GC(62) Pause Young (Allocation Failure) 589M->324M(620M) 2.165ms
[77.159s][info][gc,cpu         ] GC(62) User=0.00s Sys=0.00s Real=0.00s
[79.122s][info][gc,start       ] GC(63) Pause Young (Allocation Failure)
[79.129s][info][gc,heap        ] GC(63) PSYoungGen: 268807K(299520K)->7665K(298496K) Eden: 268288K(268288K)->0K(271872K) From: 519K(31232K)->7665K(26624K)
[79.129s][info][gc,heap        ] GC(63) ParOldGen: 331260K(335360K)->331649K(335360K)
[79.129s][info][gc,metaspace   ] GC(63) Metaspace: 40392K(40832K)->40392K(40832K) NonClass: 36095K(36352K)->36095K(36352K) Class: 4296K(4480K)->4296K(4480K)
[79.129s][info][gc             ] GC(63) Pause Young (Allocation Failure) 586M->331M(619M) 7.513ms
[79.129s][info][gc,cpu         ] GC(63) User=0.02s Sys=0.00s Real=0.01s
[81.166s][info][gc,start       ] GC(64) Pause Young (Allocation Failure)
[81.173s][info][gc,heap        ] GC(64) PSYoungGen: 279335K(298496K)->5076K(266240K) Eden: 271669K(271872K)->0K(261120K) From: 7665K(26624K)->5076K(5120K)
[81.173s][info][gc,heap        ] GC(64) ParOldGen: 331649K(335360K)->331833K(335360K)
[81.173s][info][gc,metaspace   ] GC(64) Metaspace: 40689K(41152K)->40689K(41152K) NonClass: 36371K(36672K)->36371K(36672K) Class: 4317K(4480K)->4317K(4480K)
[81.173s][info][gc             ] GC(64) Pause Young (Allocation Failure) 596M->329M(587M) 7.710ms
[81.173s][info][gc,cpu         ] GC(64) User=0.01s Sys=0.00s Real=0.01s
[82.497s][info][gc,start       ] GC(65) Pause Young (Allocation Failure)
[82.534s][info][gc,heap        ] GC(65) PSYoungGen: 266196K(266240K)->26523K(283136K) Eden: 261120K(261120K)->0K(256000K) From: 5076K(5120K)->26523K(27136K)
[82.534s][info][gc,heap        ] GC(65) ParOldGen: 331833K(335360K)->334859K(335360K)
[82.534s][info][gc,metaspace   ] GC(65) Metaspace: 40942K(41344K)->40942K(41344K) NonClass: 36602K(36864K)->36602K(36864K) Class: 4340K(4480K)->4340K(4480K)
[82.534s][info][gc             ] GC(65) Pause Young (Allocation Failure) 584M->352M(604M) 36.568ms
[82.534s][info][gc,cpu         ] GC(65) User=0.07s Sys=0.00s Real=0.04s
[83.502s][info][gc,start       ] GC(66) Pause Young (Allocation Failure)
[83.576s][info][gc,heap        ] GC(66) PSYoungGen: 282523K(283136K)->29496K(288256K) Eden: 256000K(256000K)->0K(256000K) From: 26523K(27136K)->29496K(32256K)
[83.576s][info][gc,heap        ] GC(66) ParOldGen: 334859K(335360K)->360391K(360448K)
[83.576s][info][gc,metaspace   ] GC(66) Metaspace: 40954K(41408K)->40954K(41408K) NonClass: 36614K(36928K)->36614K(36928K) Class: 4340K(4480K)->4340K(4480K)
[83.576s][info][gc             ] GC(66) Pause Young (Allocation Failure) 602M->380M(633M) 74.166ms
[83.576s][info][gc,cpu         ] GC(66) User=0.13s Sys=0.02s Real=0.08s
[84.395s][info][gc,start       ] GC(67) Pause Young (Allocation Failure)
[84.467s][info][gc,heap        ] GC(67) PSYoungGen: 285496K(288256K)->28736K(288768K) Eden: 256000K(256000K)->0K(251904K) From: 29496K(32256K)->28736K(36864K)
[84.467s][info][gc,heap        ] GC(67) ParOldGen: 360391K(360448K)->388413K(388608K)
[84.467s][info][gc,metaspace   ] GC(67) Metaspace: 40968K(41408K)->40968K(41408K) NonClass: 36628K(36928K)->36628K(36928K) Class: 4340K(4480K)->4340K(4480K)
[84.467s][info][gc             ] GC(67) Pause Young (Allocation Failure) 630M->407M(661M) 72.650ms
[84.467s][info][gc,cpu         ] GC(67) User=0.11s Sys=0.03s Real=0.07s
[88.826s][info][gc,start       ] GC(68) Pause Young (Allocation Failure)
[88.901s][info][gc,heap        ] GC(68) PSYoungGen: 280640K(288768K)->14702K(292864K) Eden: 251904K(251904K)->0K(251904K) From: 28736K(36864K)->14702K(40960K)
[88.901s][info][gc,heap        ] GC(68) ParOldGen: 388413K(388608K)->417262K(417280K)
[88.901s][info][gc,metaspace   ] GC(68) Metaspace: 41138K(41600K)->41138K(41600K) NonClass: 36798K(37120K)->36798K(37120K) Class: 4340K(4480K)->4340K(4480K)
[88.901s][info][gc             ] GC(68) Pause Young (Allocation Failure) 653M->421M(693M) 75.056ms
[88.901s][info][gc,cpu         ] GC(68) User=0.13s Sys=0.01s Real=0.07s
[89.221s][info][gc,start       ] GC(69) Pause Full (CodeCache GC Threshold)
[89.221s][info][gc,phases,start] GC(69) Marking Phase
[89.310s][info][gc,phases      ] GC(69) Marking Phase 88.613ms
[89.310s][info][gc,phases,start] GC(69) Summary Phase
[89.310s][info][gc,phases      ] GC(69) Summary Phase 0.027ms
[89.310s][info][gc,phases,start] GC(69) Forward
[89.317s][info][gc,phases      ] GC(69) Forward 6.697ms
[89.317s][info][gc,phases,start] GC(69) Adjust Pointers
[89.350s][info][gc,phases      ] GC(69) Adjust Pointers 33.769ms
[89.351s][info][gc,phases,start] GC(69) Compaction Phase
[89.356s][info][gc,phases      ] GC(69) Compaction Phase 5.514ms
[89.356s][info][gc,phases,start] GC(69) Post Compact
[89.361s][info][gc,phases      ] GC(69) Post Compact 4.862ms
[89.361s][info][gc,heap        ] GC(69) PSYoungGen: 86244K(292864K)->0K(292864K) Eden: 71542K(251904K)->0K(251904K) From: 14702K(40960K)->0K(40960K)
[89.361s][info][gc,heap        ] GC(69) ParOldGen: 417262K(417280K)->37652K(417280K)
[89.361s][info][gc,metaspace   ] GC(69) Metaspace: 41180K(41600K)->41180K(41600K) NonClass: 36840K(37120K)->36840K(37120K) Class: 4340K(4480K)->4340K(4480K)
[89.361s][info][gc             ] GC(69) Pause Full (CodeCache GC Threshold) 491M->36M(693M) 140.218ms
[89.361s][info][gc,cpu         ] GC(69) User=0.18s Sys=0.01s Real=0.14s
[90.138s][info][gc,start       ] GC(70) Pause Young (Allocation Failure)
[90.167s][info][gc,heap        ] GC(70) PSYoungGen: 251904K(292864K)->29504K(288256K) Eden: 251904K(251904K)->0K(249856K) From: 0K(40960K)->29504K(38400K)
[90.167s][info][gc,heap        ] GC(70) ParOldGen: 37652K(417280K)->37660K(417280K)
[90.167s][info][gc,metaspace   ] GC(70) Metaspace: 41201K(41664K)->41201K(41664K) NonClass: 36860K(37184K)->36860K(37184K) Class: 4340K(4480K)->4340K(4480K)
[90.167s][info][gc             ] GC(70) Pause Young (Allocation Failure) 282M->65M(689M) 28.902ms
[90.167s][info][gc,cpu         ] GC(70) User=0.06s Sys=0.00s Real=0.03s
[90.851s][info][gc,start       ] GC(71) Pause Young (Allocation Failure)
[90.919s][info][gc,heap        ] GC(71) PSYoungGen: 279360K(288256K)->30616K(280576K) Eden: 249856K(249856K)->0K(249856K) From: 29504K(38400K)->30616K(30720K)
[90.919s][info][gc,heap        ] GC(71) ParOldGen: 37660K(417280K)->66457K(417280K)
[90.919s][info][gc,metaspace   ] GC(71) Metaspace: 41201K(41664K)->41201K(41664K) NonClass: 36861K(37184K)->36861K(37184K) Class: 4340K(4480K)->4340K(4480K)
[90.919s][info][gc             ] GC(71) Pause Young (Allocation Failure) 309M->94M(681M) 67.880ms
[90.919s][info][gc,cpu         ] GC(71) User=0.13s Sys=0.00s Real=0.07s
[91.980s][info][gc,start       ] GC(72) Pause Young (Allocation Failure)
[92.065s][info][gc,heap        ] GC(72) PSYoungGen: 280472K(280576K)->45043K(251904K) Eden: 249856K(249856K)->0K(206848K) From: 30616K(30720K)->45043K(45056K)
[92.065s][info][gc,heap        ] GC(72) ParOldGen: 66457K(417280K)->95929K(417280K)
[92.065s][info][gc,metaspace   ] GC(72) Metaspace: 41202K(41664K)->41202K(41664K) NonClass: 36861K(37184K)->36861K(37184K) Class: 4340K(4480K)->4340K(4480K)
[92.065s][info][gc             ] GC(72) Pause Young (Allocation Failure) 338M->137M(653M) 85.048ms
[92.065s][info][gc,cpu         ] GC(72) User=0.16s Sys=0.00s Real=0.09s
[93.725s][info][gc,start       ] GC(73) Pause Young (Allocation Failure)
[93.755s][info][gc,heap        ] GC(73) PSYoungGen: 251891K(251904K)->10244K(270336K) Eden: 206848K(206848K)->0K(206848K) From: 45043K(45056K)->10244K(63488K)
[93.755s][info][gc,heap        ] GC(73) ParOldGen: 95929K(417280K)->123562K(417280K)
[93.755s][info][gc,metaspace   ] GC(73) Metaspace: 41205K(41664K)->41205K(41664K) NonClass: 36865K(37184K)->36865K(37184K) Class: 4340K(4480K)->4340K(4480K)
[93.755s][info][gc             ] GC(73) Pause Young (Allocation Failure) 339M->130M(671M) 30.382ms
[93.755s][info][gc,cpu         ] GC(73) User=0.06s Sys=0.00s Real=0.03s
[95.212s][info][gc,start       ] GC(74) Pause Young (Allocation Failure)
[95.220s][info][gc,heap        ] GC(74) PSYoungGen: 217092K(270336K)->1804K(267264K) Eden: 206848K(206848K)->0K(208896K) From: 10244K(63488K)->1804K(58368K)
[95.220s][info][gc,heap        ] GC(74) ParOldGen: 123562K(417280K)->132179K(417280K)
[95.220s][info][gc,metaspace   ] GC(74) Metaspace: 41211K(41664K)->41211K(41664K) NonClass: 36870K(37184K)->36870K(37184K) Class: 4341K(4480K)->4341K(4480K)
[95.220s][info][gc             ] GC(74) Pause Young (Allocation Failure) 332M->130M(668M) 8.396ms
[95.220s][info][gc,cpu         ] GC(74) User=0.02s Sys=0.00s Real=0.01s
[96.584s][info][gc,start       ] GC(75) Pause Young (Allocation Failure)
[96.609s][info][gc,heap        ] GC(75) PSYoungGen: 210700K(267264K)->19591K(269824K) Eden: 208896K(208896K)->0K(208896K) From: 1804K(58368K)->19591K(60928K)
[96.609s][info][gc,heap        ] GC(75) ParOldGen: 132179K(417280K)->133934K(417280K)
[96.609s][info][gc,metaspace   ] GC(75) Metaspace: 41211K(41664K)->41211K(41664K) NonClass: 36870K(37184K)->36870K(37184K) Class: 4341K(4480K)->4341K(4480K)
[96.609s][info][gc             ] GC(75) Pause Young (Allocation Failure) 334M->149M(671M) 24.947ms
[96.609s][info][gc,cpu         ] GC(75) User=0.05s Sys=0.00s Real=0.02s
[98.027s][info][gc,start       ] GC(76) Pause Young (Allocation Failure)
[98.062s][info][gc,heap        ] GC(76) PSYoungGen: 228487K(269824K)->19650K(267264K) Eden: 208896K(208896K)->0K(216064K) From: 19591K(60928K)->19650K(51200K)
[98.062s][info][gc,heap        ] GC(76) ParOldGen: 133934K(417280K)->153568K(417280K)
[98.062s][info][gc,metaspace   ] GC(76) Metaspace: 41213K(41664K)->41213K(41664K) NonClass: 36871K(37184K)->36871K(37184K) Class: 4341K(4480K)->4341K(4480K)
[98.062s][info][gc             ] GC(76) Pause Young (Allocation Failure) 353M->169M(668M) 34.549ms
[98.062s][info][gc,cpu         ] GC(76) User=0.07s Sys=0.00s Real=0.03s
[99.200s][info][gc,start       ] GC(77) Pause Young (Allocation Failure)
[99.239s][info][gc,heap        ] GC(77) PSYoungGen: 235714K(267264K)->27564K(269312K) Eden: 216064K(216064K)->0K(216064K) From: 19650K(51200K)->27564K(53248K)
[99.239s][info][gc,heap        ] GC(77) ParOldGen: 153568K(417280K)->173272K(417280K)
[99.239s][info][gc,metaspace   ] GC(77) Metaspace: 41219K(41664K)->41219K(41664K) NonClass: 36877K(37184K)->36877K(37184K) Class: 4341K(4480K)->4341K(4480K)
[99.239s][info][gc             ] GC(77) Pause Young (Allocation Failure) 380M->196M(670M) 39.153ms
[99.239s][info][gc,cpu         ] GC(77) User=0.08s Sys=0.00s Real=0.04s
[99.830s][info][gc,start       ] GC(78) Pause Young (Allocation Failure)
[99.879s][info][gc,heap        ] GC(78) PSYoungGen: 243628K(269312K)->26700K(278016K) Eden: 216064K(216064K)->0K(227840K) From: 27564K(53248K)->26700K(50176K)
[99.879s][info][gc,heap        ] GC(78) ParOldGen: 173272K(417280K)->200787K(417280K)
[99.879s][info][gc,metaspace   ] GC(78) Metaspace: 41219K(41664K)->41219K(41664K) NonClass: 36877K(37184K)->36877K(37184K) Class: 4341K(4480K)->4341K(4480K)
[99.879s][info][gc             ] GC(78) Pause Young (Allocation Failure) 407M->222M(679M) 49.122ms
[99.879s][info][gc,cpu         ] GC(78) User=0.10s Sys=0.00s Real=0.05s
[100.471s][info][gc,start       ] GC(79) Pause Young (Allocation Failure)
[100.524s][info][gc,heap        ] GC(79) PSYoungGen: 254540K(278016K)->27896K(279552K) Eden: 227840K(227840K)->0K(227840K) From: 26700K(50176K)->27896K(51712K)
[100.524s][info][gc,heap        ] GC(79) ParOldGen: 200787K(417280K)->226771K(417280K)
[100.524s][info][gc,metaspace   ] GC(79) Metaspace: 41219K(41664K)->41219K(41664K) NonClass: 36877K(37184K)->36877K(37184K) Class: 4341K(4480K)->4341K(4480K)
[100.524s][info][gc             ] GC(79) Pause Young (Allocation Failure) 444M->248M(680M) 52.862ms
[100.524s][info][gc,cpu         ] GC(79) User=0.10s Sys=0.00s Real=0.06s
[101.544s][info][gc,start       ] GC(80) Pause Young (Allocation Failure)
[101.623s][info][gc,heap        ] GC(80) PSYoungGen: 255736K(279552K)->46241K(269824K) Eden: 227840K(227840K)->0K(218112K) From: 27896K(51712K)->46241K(51712K)
[101.623s][info][gc,heap        ] GC(80) ParOldGen: 226771K(417280K)->252924K(417280K)
[101.623s][info][gc,metaspace   ] GC(80) Metaspace: 41219K(41664K)->41219K(41664K) NonClass: 36877K(37184K)->36877K(37184K) Class: 4341K(4480K)->4341K(4480K)
[101.623s][info][gc             ] GC(80) Pause Young (Allocation Failure) 471M->292M(671M) 78.676ms
[101.623s][info][gc,cpu         ] GC(80) User=0.14s Sys=0.01s Real=0.07s
[103.082s][info][gc,start       ] GC(81) Pause Young (Allocation Failure)
[103.106s][info][gc,heap        ] GC(81) PSYoungGen: 264353K(269824K)->7155K(275968K) Eden: 218112K(218112K)->0K(218112K) From: 46241K(51712K)->7155K(57856K)
[103.106s][info][gc,heap        ] GC(81) ParOldGen: 252924K(417280K)->277921K(417280K)
[103.106s][info][gc,metaspace   ] GC(81) Metaspace: 41221K(41664K)->41221K(41664K) NonClass: 36880K(37184K)->36880K(37184K) Class: 4341K(4480K)->4341K(4480K)
[103.106s][info][gc             ] GC(81) Pause Young (Allocation Failure) 505M->278M(677M) 24.042ms
[103.106s][info][gc,cpu         ] GC(81) User=0.04s Sys=0.00s Real=0.03s
[104.398s][info][gc,start       ] GC(82) Pause Young (Allocation Failure)
[104.405s][info][gc,heap        ] GC(82) PSYoungGen: 225267K(275968K)->1757K(275456K) Eden: 218112K(218112K)->0K(218624K) From: 7155K(57856K)->1757K(56832K)
[104.405s][info][gc,heap        ] GC(82) ParOldGen: 277921K(417280K)->283638K(417280K)
[104.405s][info][gc,metaspace   ] GC(82) Metaspace: 41222K(41664K)->41222K(41664K) NonClass: 36880K(37184K)->36880K(37184K) Class: 4341K(4480K)->4341K(4480K)
[104.405s][info][gc             ] GC(82) Pause Young (Allocation Failure) 491M->278M(676M) 7.456ms
[104.405s][info][gc,cpu         ] GC(82) User=0.01s Sys=0.00s Real=0.01s
[105.784s][info][gc,start       ] GC(83) Pause Young (Allocation Failure)
[105.812s][info][gc,heap        ] GC(83) PSYoungGen: 220381K(275456K)->24244K(243200K) Eden: 218624K(218624K)->0K(218624K) From: 1757K(56832K)->24244K(24576K)
[105.812s][info][gc,heap        ] GC(83) ParOldGen: 283638K(417280K)->285189K(417280K)
[105.812s][info][gc,metaspace   ] GC(83) Metaspace: 41222K(41664K)->41222K(41664K) NonClass: 36880K(37184K)->36880K(37184K) Class: 4341K(4480K)->4341K(4480K)
[105.812s][info][gc             ] GC(83) Pause Young (Allocation Failure) 492M->302M(645M) 27.814ms
[105.812s][info][gc,cpu         ] GC(83) User=0.06s Sys=0.00s Real=0.02s
[107.216s][info][gc,start       ] GC(84) Pause Young (Allocation Failure)
[107.253s][info][gc,heap        ] GC(84) PSYoungGen: 242868K(243200K)->22002K(276992K) Eden: 218624K(218624K)->0K(222208K) From: 24244K(24576K)->22002K(54784K)
[107.253s][info][gc,heap        ] GC(84) ParOldGen: 285189K(417280K)->306002K(417280K)
[107.253s][info][gc,metaspace   ] GC(84) Metaspace: 41223K(41664K)->41223K(41664K) NonClass: 36881K(37184K)->36881K(37184K) Class: 4341K(4480K)->4341K(4480K)
[107.254s][info][gc             ] GC(84) Pause Young (Allocation Failure) 515M->320M(678M) 37.768ms
[107.254s][info][gc,cpu         ] GC(84) User=0.07s Sys=0.00s Real=0.04s
[108.752s][info][gc,start       ] GC(85) Pause Young (Allocation Failure)
[108.805s][info][gc,heap        ] GC(85) PSYoungGen: 244210K(276992K)->20512K(274432K) Eden: 222208K(222208K)->0K(222208K) From: 22002K(54784K)->20512K(52224K)
[108.805s][info][gc,heap        ] GC(85) ParOldGen: 306002K(417280K)->328095K(417280K)
[108.805s][info][gc,metaspace   ] GC(85) Metaspace: 41248K(41664K)->41248K(41664K) NonClass: 36907K(37184K)->36907K(37184K) Class: 4341K(4480K)->4341K(4480K)
[108.805s][info][gc             ] GC(85) Pause Young (Allocation Failure) 537M->340M(675M) 52.886ms
[108.805s][info][gc,cpu         ] GC(85) User=0.10s Sys=0.00s Real=0.06s
[110.553s][info][gc,start       ] GC(86) Pause Young (Allocation Failure)
[110.581s][info][gc,heap        ] GC(86) PSYoungGen: 242720K(274432K)->960K(275456K) Eden: 222208K(222208K)->0K(226304K) From: 20512K(52224K)->960K(49152K)
[110.582s][info][gc,heap        ] GC(86) ParOldGen: 328095K(417280K)->342261K(417280K)
[110.582s][info][gc,metaspace   ] GC(86) Metaspace: 41253K(41664K)->41253K(41664K) NonClass: 36912K(37184K)->36912K(37184K) Class: 4341K(4480K)->4341K(4480K)
[110.582s][info][gc             ] GC(86) Pause Young (Allocation Failure) 557M->335M(676M) 28.632ms
[110.582s][info][gc,cpu         ] GC(86) User=0.03s Sys=0.00s Real=0.03s
[111.908s][info][gc,start       ] GC(87) Pause Young (Allocation Failure)
[111.926s][info][gc,heap        ] GC(87) PSYoungGen: 227264K(275456K)->20618K(275968K) Eden: 226304K(226304K)->0K(226304K) From: 960K(49152K)->20618K(49664K)
[111.926s][info][gc,heap        ] GC(87) ParOldGen: 342261K(417280K)->343137K(417280K)
[111.926s][info][gc,metaspace   ] GC(87) Metaspace: 41270K(41664K)->41270K(41664K) NonClass: 36928K(37184K)->36928K(37184K) Class: 4341K(4480K)->4341K(4480K)
[111.926s][info][gc             ] GC(87) Pause Young (Allocation Failure) 556M->355M(677M) 18.465ms
[111.926s][info][gc,cpu         ] GC(87) User=0.03s Sys=0.00s Real=0.02s
[113.307s][info][gc,start       ] GC(88) Pause Young (Allocation Failure)
[113.314s][info][gc,heap        ] GC(88) PSYoungGen: 246922K(275968K)->3460K(282112K) Eden: 226304K(226304K)->0K(235008K) From: 20618K(49664K)->3460K(47104K)
[113.314s][info][gc,heap        ] GC(88) ParOldGen: 343137K(417280K)->344041K(417280K)
[113.314s][info][gc,metaspace   ] GC(88) Metaspace: 41285K(41664K)->41285K(41664K) NonClass: 36944K(37184K)->36944K(37184K) Class: 4341K(4480K)->4341K(4480K)
[113.314s][info][gc             ] GC(88) Pause Young (Allocation Failure) 576M->339M(683M) 6.087ms
[113.314s][info][gc,cpu         ] GC(88) User=0.01s Sys=0.00s Real=0.01s
[114.489s][info][gc,start       ] GC(89) Pause Young (Allocation Failure)
[114.494s][info][gc,heap        ] GC(89) PSYoungGen: 238468K(282112K)->3684K(282112K) Eden: 235008K(235008K)->0K(235008K) From: 3460K(47104K)->3684K(47104K)
[114.494s][info][gc,heap        ] GC(89) ParOldGen: 344041K(417280K)->345193K(417280K)
[114.494s][info][gc,metaspace   ] GC(89) Metaspace: 41294K(41728K)->41294K(41728K) NonClass: 36952K(37248K)->36952K(37248K) Class: 4341K(4480K)->4341K(4480K)
[114.494s][info][gc             ] GC(89) Pause Young (Allocation Failure) 568M->340M(683M) 4.360ms
[114.494s][info][gc,cpu         ] GC(89) User=0.01s Sys=0.00s Real=0.01s
[115.737s][info][gc,start       ] GC(90) Pause Young (Allocation Failure)
[115.767s][info][gc,heap        ] GC(90) PSYoungGen: 238692K(282112K)->27674K(285184K) Eden: 235008K(235008K)->0K(238592K) From: 3684K(47104K)->27674K(46592K)
[115.767s][info][gc,heap        ] GC(90) ParOldGen: 345193K(417280K)->346281K(417280K)
[115.767s][info][gc,metaspace   ] GC(90) Metaspace: 41309K(41728K)->41309K(41728K) NonClass: 36968K(37248K)->36968K(37248K) Class: 4341K(4480K)->4341K(4480K)
[115.767s][info][gc             ] GC(90) Pause Young (Allocation Failure) 570M->365M(686M) 30.040ms
[115.767s][info][gc,cpu         ] GC(90) User=0.06s Sys=0.00s Real=0.03s
[117.112s][info][gc,start       ] GC(91) Pause Young (Allocation Failure)
[117.116s][info][gc,heap        ] GC(91) PSYoungGen: 266266K(285184K)->4146K(286208K) Eden: 238592K(238592K)->0K(238592K) From: 27674K(46592K)->4146K(47616K)
[117.116s][info][gc,heap        ] GC(91) ParOldGen: 346281K(417280K)->347017K(417280K)
[117.116s][info][gc,metaspace   ] GC(91) Metaspace: 41312K(41728K)->41312K(41728K) NonClass: 36971K(37248K)->36971K(37248K) Class: 4341K(4480K)->4341K(4480K)
[117.116s][info][gc             ] GC(91) Pause Young (Allocation Failure) 598M->342M(687M) 4.682ms
[117.116s][info][gc,cpu         ] GC(91) User=0.01s Sys=0.00s Real=0.01s
[118.309s][info][gc,start       ] GC(92) Pause Young (Allocation Failure)
[118.317s][info][gc,heap        ] GC(92) PSYoungGen: 242738K(286208K)->7220K(282624K) Eden: 238592K(238592K)->0K(239104K) From: 4146K(47616K)->7220K(43520K)
[118.317s][info][gc,heap        ] GC(92) ParOldGen: 347017K(417280K)->348121K(417280K)
[118.317s][info][gc,metaspace   ] GC(92) Metaspace: 41317K(41728K)->41317K(41728K) NonClass: 36975K(37248K)->36975K(37248K) Class: 4341K(4480K)->4341K(4480K)
[118.317s][info][gc             ] GC(92) Pause Young (Allocation Failure) 575M->347M(683M) 8.425ms
[118.317s][info][gc,cpu         ] GC(92) User=0.01s Sys=0.00s Real=0.01s
[119.595s][info][gc,start       ] GC(93) Pause Young (Allocation Failure)
[119.607s][info][gc,heap        ] GC(93) PSYoungGen: 246324K(282624K)->7959K(284672K) Eden: 239104K(239104K)->0K(239104K) From: 7220K(43520K)->7959K(45568K)
[119.607s][info][gc,heap        ] GC(93) ParOldGen: 348121K(417280K)->349045K(417280K)
[119.607s][info][gc,metaspace   ] GC(93) Metaspace: 41324K(41728K)->41324K(41728K) NonClass: 36982K(37248K)->36982K(37248K) Class: 4341K(4480K)->4341K(4480K)
[119.607s][info][gc             ] GC(93) Pause Young (Allocation Failure) 580M->348M(685M) 12.113ms
[119.607s][info][gc,cpu         ] GC(93) User=0.02s Sys=0.00s Real=0.01s
[120.654s][info][gc,start       ] GC(94) Pause Young (Allocation Failure)
[120.669s][info][gc,heap        ] GC(94) PSYoungGen: 247063K(284672K)->13368K(283136K) Eden: 239104K(239104K)->0K(244736K) From: 7959K(45568K)->13368K(38400K)
[120.670s][info][gc,heap        ] GC(94) ParOldGen: 349045K(417280K)->350081K(417280K)
[120.670s][info][gc,metaspace   ] GC(94) Metaspace: 41334K(41728K)->41334K(41728K) NonClass: 36992K(37248K)->36992K(37248K) Class: 4341K(4480K)->4341K(4480K)
[120.670s][info][gc             ] GC(94) Pause Young (Allocation Failure) 582M->354M(684M) 15.866ms
[120.670s][info][gc,cpu         ] GC(94) User=0.03s Sys=0.00s Real=0.01s
[121.622s][info][gc,start       ] GC(95) Pause Young (Allocation Failure)
[121.671s][info][gc,heap        ] GC(95) PSYoungGen: 258104K(283136K)->38405K(285696K) Eden: 244736K(244736K)->0K(244736K) From: 13368K(38400K)->38405K(40960K)
[121.671s][info][gc,heap        ] GC(95) ParOldGen: 350081K(417280K)->351049K(417280K)
[121.671s][info][gc,metaspace   ] GC(95) Metaspace: 41345K(41728K)->41345K(41728K) NonClass: 37003K(37248K)->37003K(37248K) Class: 4341K(4480K)->4341K(4480K)
[121.671s][info][gc             ] GC(95) Pause Young (Allocation Failure) 593M->380M(686M) 49.225ms
[121.671s][info][gc,cpu         ] GC(95) User=0.09s Sys=0.00s Real=0.05s
[123.025s][info][gc,start       ] GC(96) Pause Young (Allocation Failure)
[123.066s][info][gc,heap        ] GC(96) PSYoungGen: 283141K(285696K)->19642K(288768K) Eden: 244736K(244736K)->0K(241664K) From: 38405K(40960K)->19642K(47104K)
[123.066s][info][gc,heap        ] GC(96) ParOldGen: 351049K(417280K)->371506K(417280K)
[123.066s][info][gc,metaspace   ] GC(96) Metaspace: 41345K(41728K)->41345K(41728K) NonClass: 37003K(37248K)->37003K(37248K) Class: 4341K(4480K)->4341K(4480K)
[123.066s][info][gc             ] GC(96) Pause Young (Allocation Failure) 619M->381M(689M) 41.678ms
[123.066s][info][gc,cpu         ] GC(96) User=0.08s Sys=0.00s Real=0.04s
[124.164s][info][gc,start       ] GC(97) Pause Young (Allocation Failure)
[124.213s][info][gc,heap        ] GC(97) PSYoungGen: 261306K(288768K)->29121K(286720K) Eden: 241664K(241664K)->0K(241664K) From: 19642K(47104K)->29121K(45056K)
[124.213s][info][gc,heap        ] GC(97) ParOldGen: 371506K(417280K)->390770K(417280K)
[124.213s][info][gc,metaspace   ] GC(97) Metaspace: 41363K(41792K)->41363K(41792K) NonClass: 37021K(37312K)->37021K(37312K) Class: 4341K(4480K)->4341K(4480K)
[124.213s][info][gc             ] GC(97) Pause Young (Allocation Failure) 617M->410M(687M) 48.998ms
[124.213s][info][gc,cpu         ] GC(97) User=0.09s Sys=0.00s Real=0.04s
[125.140s][info][gc,start       ] GC(98) Pause Young (Allocation Failure)
[125.193s][info][gc,heap        ] GC(98) PSYoungGen: 270785K(286720K)->43888K(273408K) Eden: 241664K(241664K)->0K(226304K) From: 29121K(45056K)->43888K(47104K)
[125.193s][info][gc,heap        ] GC(98) ParOldGen: 390770K(417280K)->410452K(417280K)
[125.193s][info][gc,metaspace   ] GC(98) Metaspace: 41386K(41792K)->41386K(41792K) NonClass: 37045K(37312K)->37045K(37312K) Class: 4341K(4480K)->4341K(4480K)
[125.193s][info][gc             ] GC(98) Pause Young (Allocation Failure) 646M->443M(674M) 53.070ms
[125.193s][info][gc,cpu         ] GC(98) User=0.10s Sys=0.00s Real=0.06s
[126.183s][info][gc,start       ] GC(99) Pause Young (Allocation Failure)
[126.216s][info][gc,heap        ] GC(99) PSYoungGen: 270192K(273408K)->30259K(280064K) Eden: 226304K(226304K)->0K(226304K) From: 43888K(47104K)->30259K(53760K)
[126.216s][info][gc,heap        ] GC(99) ParOldGen: 410452K(417280K)->420513K(420864K)
[126.216s][info][gc,metaspace   ] GC(99) Metaspace: 41393K(41792K)->41393K(41792K) NonClass: 37051K(37312K)->37051K(37312K) Class: 4341K(4480K)->4341K(4480K)
[126.216s][info][gc             ] GC(99) Pause Young (Allocation Failure) 664M->440M(684M) 33.229ms
[126.216s][info][gc,cpu         ] GC(99) User=0.07s Sys=0.01s Real=0.04s
[127.081s][info][gc,start       ] GC(100) Pause Young (Allocation Failure)
[127.107s][info][gc,heap        ] GC(100) PSYoungGen: 256563K(280064K)->39223K(272896K) Eden: 226304K(226304K)->0K(219136K) From: 30259K(53760K)->39223K(53760K)
[127.107s][info][gc,heap        ] GC(100) ParOldGen: 420513K(420864K)->421005K(421376K)
[127.107s][info][gc,metaspace   ] GC(100) Metaspace: 41395K(41792K)->41395K(41792K) NonClass: 37054K(37312K)->37054K(37312K) Class: 4341K(4480K)->4341K(4480K)
[127.107s][info][gc             ] GC(100) Pause Young (Allocation Failure) 661M->449M(678M) 25.912ms
[127.107s][info][gc,cpu         ] GC(100) User=0.06s Sys=0.00s Real=0.03s
[127.947s][info][gc,start       ] GC(101) Pause Young (Allocation Failure)
[127.952s][info][gc,heap        ] GC(101) PSYoungGen: 258359K(272896K)->1702K(276480K) Eden: 219136K(219136K)->0K(219136K) From: 39223K(53760K)->1702K(57344K)
[127.952s][info][gc,heap        ] GC(101) ParOldGen: 421005K(421376K)->421772K(421888K)
[127.952s][info][gc,metaspace   ] GC(101) Metaspace: 41396K(41792K)->41396K(41792K) NonClass: 37054K(37312K)->37054K(37312K) Class: 4341K(4480K)->4341K(4480K)
[127.952s][info][gc             ] GC(101) Pause Young (Allocation Failure) 663M->413M(682M) 4.423ms
[127.952s][info][gc,cpu         ] GC(101) User=0.01s Sys=0.00s Real=0.00s
[128.752s][info][gc,start       ] GC(102) Pause Young (Allocation Failure)
[128.790s][info][gc,heap        ] GC(102) PSYoungGen: 220838K(276480K)->57318K(254976K) Eden: 219136K(219136K)->0K(197632K) From: 1702K(57344K)->57318K(57344K)
[128.790s][info][gc,heap        ] GC(102) ParOldGen: 421772K(421888K)->424160K(424448K)
[128.790s][info][gc,metaspace   ] GC(102) Metaspace: 41396K(41792K)->41396K(41792K) NonClass: 37054K(37312K)->37054K(37312K) Class: 4341K(4480K)->4341K(4480K)
[128.790s][info][gc             ] GC(102) Pause Young (Allocation Failure) 627M->470M(663M) 37.756ms
[128.790s][info][gc,cpu         ] GC(102) User=0.07s Sys=0.01s Real=0.04s
[129.523s][info][gc,start       ] GC(103) Pause Young (Allocation Failure)
[129.616s][info][gc,heap        ] GC(103) PSYoungGen: 254950K(254976K)->54942K(252928K) Eden: 197632K(197632K)->0K(197632K) From: 57318K(57344K)->54942K(55296K)
[129.616s][info][gc,heap        ] GC(103) ParOldGen: 424160K(424448K)->480597K(480768K)
[129.616s][info][gc,metaspace   ] GC(103) Metaspace: 41396K(41792K)->41396K(41792K) NonClass: 37055K(37312K)->37055K(37312K) Class: 4341K(4480K)->4341K(4480K)
[129.616s][info][gc             ] GC(103) Pause Young (Allocation Failure) 663M->522M(716M) 93.550ms
[129.616s][info][gc,cpu         ] GC(103) User=0.14s Sys=0.04s Real=0.10s
[130.382s][info][gc,start       ] GC(104) Pause Young (Allocation Failure)
[130.464s][info][gc,heap        ] GC(104) PSYoungGen: 252574K(252928K)->56362K(246784K) Eden: 197632K(197632K)->0K(172032K) From: 54942K(55296K)->56362K(74752K)
[130.464s][info][gc,heap        ] GC(104) ParOldGen: 480597K(480768K)->516668K(517120K)
[130.464s][info][gc,metaspace   ] GC(104) Metaspace: 41396K(41792K)->41396K(41792K) NonClass: 37055K(37312K)->37055K(37312K) Class: 4341K(4480K)->4341K(4480K)
[130.464s][info][gc             ] GC(104) Pause Young (Allocation Failure) 715M->559M(746M) 81.318ms
[130.464s][info][gc,cpu         ] GC(104) User=0.13s Sys=0.03s Real=0.09s
[131.117s][info][gc,start       ] GC(105) Pause Young (Allocation Failure)
[131.193s][info][gc,heap        ] GC(105) PSYoungGen: 228394K(246784K)->18845K(252928K) Eden: 172032K(172032K)->0K(172032K) From: 56362K(74752K)->18845K(80896K)
[131.193s][info][gc,heap        ] GC(105) ParOldGen: 516668K(517120K)->568940K(569344K)
[131.193s][info][gc,metaspace   ] GC(105) Metaspace: 41399K(41792K)->41399K(41792K) NonClass: 37058K(37312K)->37058K(37312K) Class: 4341K(4480K)->4341K(4480K)
[131.193s][info][gc             ] GC(105) Pause Young (Allocation Failure) 727M->574M(803M) 76.493ms
[131.193s][info][gc,cpu         ] GC(105) User=0.11s Sys=0.05s Real=0.08s
[131.848s][info][gc,start       ] GC(106) Pause Young (Allocation Failure)
[131.872s][info][gc,heap        ] GC(106) PSYoungGen: 190877K(252928K)->29123K(240640K) Eden: 172032K(172032K)->0K(175104K) From: 18845K(80896K)->29123K(65536K)
[131.872s][info][gc,heap        ] GC(106) ParOldGen: 568940K(569344K)->569699K(569856K)
[131.872s][info][gc,metaspace   ] GC(106) Metaspace: 41402K(41792K)->41402K(41792K) NonClass: 37060K(37312K)->37060K(37312K) Class: 4341K(4480K)->4341K(4480K)
[131.872s][info][gc             ] GC(106) Pause Young (Allocation Failure) 742M->584M(791M) 23.995ms
[131.872s][info][gc,cpu         ] GC(106) User=0.05s Sys=0.00s Real=0.02s
[132.511s][info][gc,start       ] GC(107) Pause Young (Allocation Failure)
[132.524s][info][gc,heap        ] GC(107) PSYoungGen: 204227K(240640K)->16080K(248320K) Eden: 175104K(175104K)->0K(175104K) From: 29123K(65536K)->16080K(73216K)
[132.524s][info][gc,heap        ] GC(107) ParOldGen: 569699K(569856K)->570519K(570880K)
[132.524s][info][gc,metaspace   ] GC(107) Metaspace: 41408K(41792K)->41408K(41792K) NonClass: 37067K(37312K)->37067K(37312K) Class: 4341K(4480K)->4341K(4480K)
[132.524s][info][gc             ] GC(107) Pause Young (Allocation Failure) 755M->572M(800M) 13.143ms
[132.524s][info][gc,cpu         ] GC(107) User=0.02s Sys=0.00s Real=0.02s
[133.156s][info][gc,start       ] GC(108) Pause Young (Allocation Failure)
[133.165s][info][gc,heap        ] GC(108) PSYoungGen: 191184K(248320K)->7576K(256512K) Eden: 175104K(175104K)->0K(189440K) From: 16080K(73216K)->7576K(67072K)
[133.165s][info][gc,heap        ] GC(108) ParOldGen: 570519K(570880K)->571241K(571392K)
[133.165s][info][gc,metaspace   ] GC(108) Metaspace: 41408K(41792K)->41408K(41792K) NonClass: 37067K(37312K)->37067K(37312K) Class: 4341K(4480K)->4341K(4480K)
[133.165s][info][gc             ] GC(108) Pause Young (Allocation Failure) 743M->565M(808M) 8.639ms
[133.165s][info][gc,cpu         ] GC(108) User=0.01s Sys=0.00s Real=0.01s
[133.855s][info][gc,start       ] GC(109) Pause Young (Allocation Failure)
[133.873s][info][gc,heap        ] GC(109) PSYoungGen: 197016K(256512K)->23130K(259584K) Eden: 189440K(189440K)->0K(189440K) From: 7576K(67072K)->23130K(70144K)
[133.873s][info][gc,heap        ] GC(109) ParOldGen: 571241K(571392K)->571668K(571904K)
[133.873s][info][gc,metaspace   ] GC(109) Metaspace: 41411K(41792K)->41411K(41792K) NonClass: 37070K(37312K)->37070K(37312K) Class: 4341K(4480K)->4341K(4480K)
[133.873s][info][gc             ] GC(109) Pause Young (Allocation Failure) 750M->580M(812M) 18.010ms
[133.873s][info][gc,cpu         ] GC(109) User=0.04s Sys=0.00s Real=0.02s
[134.508s][info][gc,start       ] GC(110) Pause Young (Allocation Failure)
[134.524s][info][gc,heap        ] GC(110) PSYoungGen: 212570K(259584K)->21606K(257024K) Eden: 189440K(189440K)->0K(197120K) From: 23130K(70144K)->21606K(59904K)
[134.524s][info][gc,heap        ] GC(110) ParOldGen: 571668K(571904K)->572105K(572416K)
[134.524s][info][gc,metaspace   ] GC(110) Metaspace: 41411K(41792K)->41411K(41792K) NonClass: 37070K(37312K)->37070K(37312K) Class: 4341K(4480K)->4341K(4480K)
[134.524s][info][gc             ] GC(110) Pause Young (Allocation Failure) 765M->579M(810M) 15.491ms
[134.524s][info][gc,cpu         ] GC(110) User=0.03s Sys=0.01s Real=0.02s
[135.171s][info][gc,start       ] GC(111) Pause Young (Allocation Failure)
[135.195s][info][gc,heap        ] GC(111) PSYoungGen: 218726K(257024K)->1142K(260096K) Eden: 197120K(197120K)->0K(197120K) From: 21606K(59904K)->1142K(62976K)
[135.195s][info][gc,heap        ] GC(111) ParOldGen: 572105K(572416K)->592847K(592896K)
[135.195s][info][gc,metaspace   ] GC(111) Metaspace: 41411K(41792K)->41411K(41792K) NonClass: 37070K(37312K)->37070K(37312K) Class: 4341K(4480K)->4341K(4480K)
[135.195s][info][gc             ] GC(111) Pause Young (Allocation Failure) 772M->580M(833M) 23.824ms
[135.195s][info][gc,cpu         ] GC(111) User=0.03s Sys=0.02s Real=0.03s
[135.807s][info][gc,start       ] GC(112) Pause Young (Allocation Failure)
[135.811s][info][gc,heap        ] GC(112) PSYoungGen: 198262K(260096K)->1240K(270336K) Eden: 197120K(197120K)->0K(206848K) From: 1142K(62976K)->1240K(63488K)
[135.811s][info][gc,heap        ] GC(112) ParOldGen: 592847K(592896K)->593087K(593408K)
[135.811s][info][gc,metaspace   ] GC(112) Metaspace: 41411K(41792K)->41411K(41792K) NonClass: 37070K(37312K)->37070K(37312K) Class: 4341K(4480K)->4341K(4480K)
[135.811s][info][gc             ] GC(112) Pause Young (Allocation Failure) 772M->580M(843M) 3.697ms
[135.811s][info][gc,cpu         ] GC(112) User=0.01s Sys=0.00s Real=0.00s
[136.288s][info][gc,start       ] GC(113) Pause Young (Allocation Failure)
[136.293s][info][gc,heap        ] GC(113) PSYoungGen: 208088K(270336K)->3294K(210432K) Eden: 206848K(206848K)->0K(206848K) From: 1240K(63488K)->3294K(3584K)
[136.293s][info][gc,heap        ] GC(113) ParOldGen: 593087K(593408K)->593583K(593920K)
[136.293s][info][gc,metaspace   ] GC(113) Metaspace: 41429K(41792K)->41429K(41792K) NonClass: 37087K(37312K)->37087K(37312K) Class: 4341K(4480K)->4341K(4480K)
[136.293s][info][gc             ] GC(113) Pause Young (Allocation Failure) 782M->582M(785M) 5.503ms
[136.293s][info][gc,cpu         ] GC(113) User=0.00s Sys=0.00s Real=0.01s
[136.664s][info][gc,start       ] GC(114) Pause Young (Allocation Failure)
[136.671s][info][gc,heap        ] GC(114) PSYoungGen: 210142K(210432K)->3470K(270336K) Eden: 206848K(206848K)->0K(208384K) From: 3294K(3584K)->3470K(61952K)
[136.671s][info][gc,heap        ] GC(114) ParOldGen: 593583K(593920K)->595241K(595456K)
[136.671s][info][gc,metaspace   ] GC(114) Metaspace: 41440K(41792K)->41440K(41792K) NonClass: 37098K(37312K)->37098K(37312K) Class: 4341K(4480K)->4341K(4480K)
[136.671s][info][gc             ] GC(114) Pause Young (Allocation Failure) 784M->584M(845M) 6.972ms
[136.671s][info][gc,cpu         ] GC(114) User=0.01s Sys=0.00s Real=0.00s
[137.067s][info][gc,start       ] GC(115) Pause Young (Allocation Failure)
[137.076s][info][gc,heap        ] GC(115) PSYoungGen: 211130K(270336K)->10154K(268800K) Eden: 207659K(208384K)->0K(208384K) From: 3470K(61952K)->10154K(60416K)
[137.076s][info][gc,heap        ] GC(115) ParOldGen: 595241K(595456K)->595493K(595968K)
[137.076s][info][gc,metaspace   ] GC(115) Metaspace: 41471K(41856K)->41471K(41856K) NonClass: 37129K(37376K)->37129K(37376K) Class: 4341K(4480K)->4341K(4480K)
[137.076s][info][gc             ] GC(115) Pause Young (Allocation Failure) 787M->591M(844M) 8.759ms
[137.076s][info][gc,cpu         ] GC(115) User=0.01s Sys=0.00s Real=0.01s
[137.376s][info][gc,start       ] GC(116) Pause Young (Allocation Failure)
[137.392s][info][gc,heap        ] GC(116) PSYoungGen: 218538K(268800K)->2140K(270336K) Eden: 208384K(208384K)->0K(212992K) From: 10154K(60416K)->2140K(57344K)
[137.392s][info][gc,heap        ] GC(116) ParOldGen: 595493K(595968K)->605429K(605696K)
[137.392s][info][gc,metaspace   ] GC(116) Metaspace: 41471K(41856K)->41471K(41856K) NonClass: 37129K(37376K)->37129K(37376K) Class: 4341K(4480K)->4341K(4480K)
[137.392s][info][gc             ] GC(116) Pause Young (Allocation Failure) 794M->593M(855M) 16.065ms
[137.392s][info][gc,cpu         ] GC(116) User=0.02s Sys=0.01s Real=0.01s
[137.687s][info][gc,start       ] GC(117) Pause Young (Allocation Failure)
[137.695s][info][gc,heap        ] GC(117) PSYoungGen: 213871K(270336K)->2308K(268800K) Eden: 211731K(212992K)->0K(212992K) From: 2140K(57344K)->2308K(55808K)
[137.695s][info][gc,heap        ] GC(117) ParOldGen: 605429K(605696K)->607562K(607744K)
[137.695s][info][gc,metaspace   ] GC(117) Metaspace: 41473K(41856K)->41473K(41856K) NonClass: 37131K(37376K)->37131K(37376K) Class: 4341K(4480K)->4341K(4480K)
[137.695s][info][gc             ] GC(117) Pause Young (Allocation Failure) 800M->595M(856M) 8.367ms
[137.695s][info][gc,cpu         ] GC(117) User=0.01s Sys=0.00s Real=0.01s
[138.007s][info][gc,start       ] GC(118) Pause Young (Allocation Failure)
[138.017s][info][gc,heap        ] GC(118) PSYoungGen: 213882K(268800K)->3952K(275456K) Eden: 211574K(212992K)->0K(223232K) From: 2308K(55808K)->3952K(52224K)
[138.017s][info][gc,heap        ] GC(118) ParOldGen: 607562K(607744K)->609865K(610304K)
[138.017s][info][gc,metaspace   ] GC(118) Metaspace: 41487K(41856K)->41487K(41856K) NonClass: 37146K(37376K)->37146K(37376K) Class: 4341K(4480K)->4341K(4480K)
[138.018s][info][gc             ] GC(118) Pause Young (Allocation Failure) 802M->599M(865M) 10.024ms
[138.018s][info][gc,cpu         ] GC(118) User=0.02s Sys=0.00s Real=0.01s
[138.343s][info][gc,start       ] GC(119) Pause Young (Allocation Failure)
[138.355s][info][gc,heap        ] GC(119) PSYoungGen: 227005K(275456K)->4372K(274944K) Eden: 223053K(223232K)->0K(223232K) From: 3952K(52224K)->4372K(51712K)
[138.355s][info][gc,heap        ] GC(119) ParOldGen: 609865K(610304K)->613810K(613888K)
[138.355s][info][gc,metaspace   ] GC(119) Metaspace: 41494K(41856K)->41494K(41856K) NonClass: 37152K(37376K)->37152K(37376K) Class: 4341K(4480K)->4341K(4480K)
[138.355s][info][gc             ] GC(119) Pause Young (Allocation Failure) 817M->603M(868M) 12.071ms
[138.355s][info][gc,cpu         ] GC(119) User=0.02s Sys=0.00s Real=0.02s
[138.718s][info][gc,start       ] GC(120) Pause Young (Allocation Failure)
[138.735s][info][gc,heap        ] GC(120) PSYoungGen: 227604K(274944K)->8501K(278528K) Eden: 223232K(223232K)->0K(232448K) From: 4372K(51712K)->8501K(46080K)
[138.735s][info][gc,heap        ] GC(120) ParOldGen: 613810K(613888K)->618151K(618496K)
[138.735s][info][gc,metaspace   ] GC(120) Metaspace: 41499K(41856K)->41499K(41856K) NonClass: 37157K(37376K)->37157K(37376K) Class: 4341K(4480K)->4341K(4480K)
[138.735s][info][gc             ] GC(120) Pause Young (Allocation Failure) 821M->611M(876M) 17.224ms
[138.735s][info][gc,cpu         ] GC(120) User=0.04s Sys=0.00s Real=0.02s
[139.074s][info][gc,start       ] GC(121) Pause Young (Allocation Failure)
[139.094s][info][gc,heap        ] GC(121) PSYoungGen: 240949K(278528K)->4468K(279040K) Eden: 232448K(232448K)->0K(232448K) From: 8501K(46080K)->4468K(46592K)
[139.094s][info][gc,heap        ] GC(121) ParOldGen: 618151K(618496K)->626779K(627200K)
[139.094s][info][gc,metaspace   ] GC(121) Metaspace: 41500K(41856K)->41500K(41856K) NonClass: 37159K(37376K)->37159K(37376K) Class: 4341K(4480K)->4341K(4480K)
[139.094s][info][gc             ] GC(121) Pause Young (Allocation Failure) 838M->616M(885M) 20.185ms
[139.094s][info][gc,cpu         ] GC(121) User=0.03s Sys=0.01s Real=0.02s
[139.756s][info][gc,start       ] GC(122) Pause Young (Allocation Failure)
[139.775s][info][gc,heap        ] GC(122) PSYoungGen: 236916K(279040K)->11002K(283136K) Eden: 232448K(232448K)->0K(243200K) From: 4468K(46592K)->11002K(39936K)
[139.775s][info][gc,heap        ] GC(122) ParOldGen: 626779K(627200K)->631088K(631296K)
[139.775s][info][gc,metaspace   ] GC(122) Metaspace: 41543K(41920K)->41543K(41920K) NonClass: 37201K(37440K)->37201K(37440K) Class: 4341K(4480K)->4341K(4480K)
[139.775s][info][gc             ] GC(122) Pause Young (Allocation Failure) 843M->627M(893M) 18.163ms
[139.775s][info][gc,cpu         ] GC(122) User=0.03s Sys=0.00s Real=0.02s
[140.453s][info][gc,start       ] GC(123) Pause Young (Allocation Failure)
[140.476s][info][gc,heap        ] GC(123) PSYoungGen: 254202K(283136K)->3182K(284160K) Eden: 243200K(243200K)->0K(243200K) From: 11002K(39936K)->3182K(40960K)
[140.476s][info][gc,heap        ] GC(123) ParOldGen: 631088K(631296K)->641846K(642048K)
[140.476s][info][gc,metaspace   ] GC(123) Metaspace: 41552K(41920K)->41552K(41920K) NonClass: 37210K(37440K)->37210K(37440K) Class: 4341K(4480K)->4341K(4480K)
[140.476s][info][gc             ] GC(123) Pause Young (Allocation Failure) 864M->629M(904M) 23.158ms
[140.476s][info][gc,cpu         ] GC(123) User=0.04s Sys=0.01s Real=0.03s
[141.155s][info][gc,start       ] GC(124) Pause Full (Allocation Failure)
[141.155s][info][gc,phases,start] GC(124) Marking Phase
[141.259s][info][gc,phases      ] GC(124) Marking Phase 104.112ms
[141.259s][info][gc,phases,start] GC(124) Summary Phase
[141.259s][info][gc,phases      ] GC(124) Summary Phase 0.029ms
[141.259s][info][gc,phases,start] GC(124) Forward
[141.271s][info][gc,phases      ] GC(124) Forward 11.845ms
[141.271s][info][gc,phases,start] GC(124) Adjust Pointers
[141.310s][info][gc,phases      ] GC(124) Adjust Pointers 39.186ms
[141.310s][info][gc,phases,start] GC(124) Compaction Phase
[141.324s][info][gc,phases      ] GC(124) Compaction Phase 14.236ms
[141.324s][info][gc,phases,start] GC(124) Post Compact
[141.335s][info][gc,phases      ] GC(124) Post Compact 10.580ms
[141.376s][info][gc,heap        ] GC(124) PSYoungGen: 246382K(284160K)->0K(292352K) Eden: 243200K(243200K)->0K(252928K) From: 3182K(40960K)->0K(39424K)
[141.376s][info][gc,heap        ] GC(124) ParOldGen: 641846K(642048K)->76514K(176128K)
[141.376s][info][gc,metaspace   ] GC(124) Metaspace: 41558K(41920K)->41558K(41920K) NonClass: 37217K(37440K)->37217K(37440K) Class: 4341K(4480K)->4341K(4480K)
[141.376s][info][gc             ] GC(124) Pause Full (Allocation Failure) 867M->74M(457M) 221.821ms
[141.376s][info][gc,cpu         ] GC(124) User=0.28s Sys=0.05s Real=0.22s
[142.090s][info][gc,start       ] GC(125) Pause Young (Allocation Failure)
[142.097s][info][gc,heap        ] GC(125) PSYoungGen: 252928K(292352K)->5080K(292352K) Eden: 252928K(252928K)->0K(252928K) From: 0K(39424K)->5080K(39424K)
[142.097s][info][gc,heap        ] GC(125) ParOldGen: 76514K(176128K)->76514K(176128K)
[142.097s][info][gc,metaspace   ] GC(125) Metaspace: 41558K(41920K)->41558K(41920K) NonClass: 37217K(37440K)->37217K(37440K) Class: 4341K(4480K)->4341K(4480K)
[142.097s][info][gc             ] GC(125) Pause Young (Allocation Failure) 321M->79M(457M) 7.296ms
[142.097s][info][gc,cpu         ] GC(125) User=0.01s Sys=0.00s Real=0.01s
[142.945s][info][gc,start       ] GC(126) Pause Young (Allocation Failure)
[142.951s][info][gc,heap        ] GC(126) PSYoungGen: 258008K(292352K)->7621K(291328K) Eden: 252928K(252928K)->0K(257024K) From: 5080K(39424K)->7621K(34304K)
[142.951s][info][gc,heap        ] GC(126) ParOldGen: 76514K(176128K)->77714K(176128K)
[142.951s][info][gc,metaspace   ] GC(126) Metaspace: 41564K(41920K)->41564K(41920K) NonClass: 37222K(37440K)->37222K(37440K) Class: 4341K(4480K)->4341K(4480K)
[142.951s][info][gc             ] GC(126) Pause Young (Allocation Failure) 326M->83M(456M) 6.219ms
[142.951s][info][gc,cpu         ] GC(126) User=0.02s Sys=0.00s Real=0.00s
[144.349s][info][gc,start       ] GC(127) Pause Young (Allocation Failure)
[144.355s][info][gc,heap        ] GC(127) PSYoungGen: 264645K(291328K)->2898K(291840K) Eden: 257024K(257024K)->0K(257024K) From: 7621K(34304K)->2898K(34816K)
[144.355s][info][gc,heap        ] GC(127) ParOldGen: 77714K(176128K)->77858K(176128K)
[144.355s][info][gc,metaspace   ] GC(127) Metaspace: 41615K(42048K)->41615K(42048K) NonClass: 37274K(37568K)->37274K(37568K) Class: 4341K(4480K)->4341K(4480K)
[144.355s][info][gc             ] GC(127) Pause Young (Allocation Failure) 334M->78M(457M) 5.973ms
[144.355s][info][gc,cpu         ] GC(127) User=0.01s Sys=0.00s Real=0.01s
[145.392s][info][gc,start       ] GC(128) Pause Young (Allocation Failure)
[145.414s][info][gc,heap        ] GC(128) PSYoungGen: 259922K(291840K)->21178K(295936K) Eden: 257024K(257024K)->0K(262144K) From: 2898K(34816K)->21178K(33792K)
[145.414s][info][gc,heap        ] GC(128) ParOldGen: 77858K(176128K)->80709K(176128K)
[145.414s][info][gc,metaspace   ] GC(128) Metaspace: 41690K(42112K)->41690K(42112K) NonClass: 37349K(37632K)->37349K(37632K) Class: 4341K(4480K)->4341K(4480K)
[145.414s][info][gc             ] GC(128) Pause Young (Allocation Failure) 329M->99M(461M) 21.718ms
[145.414s][info][gc,cpu         ] GC(128) User=0.05s Sys=0.00s Real=0.03s
[146.169s][info][gc,start       ] GC(129) Pause Young (Allocation Failure)
[146.217s][info][gc,heap        ] GC(129) PSYoungGen: 283322K(295936K)->29484K(291840K) Eden: 262144K(262144K)->0K(262144K) From: 21178K(33792K)->29484K(29696K)
[146.217s][info][gc,heap        ] GC(129) ParOldGen: 80709K(176128K)->101449K(176128K)
[146.217s][info][gc,metaspace   ] GC(129) Metaspace: 41690K(42112K)->41690K(42112K) NonClass: 37349K(37632K)->37349K(37632K) Class: 4341K(4480K)->4341K(4480K)
[146.217s][info][gc             ] GC(129) Pause Young (Allocation Failure) 355M->127M(457M) 48.366ms
[146.217s][info][gc,cpu         ] GC(129) User=0.09s Sys=0.01s Real=0.05s
[146.863s][info][gc,start       ] GC(130) Pause Young (Allocation Failure)
[146.918s][info][gc,heap        ] GC(130) PSYoungGen: 291628K(291840K)->29912K(286208K) Eden: 262144K(262144K)->0K(245760K) From: 29484K(29696K)->29912K(40448K)
[146.918s][info][gc,heap        ] GC(130) ParOldGen: 101449K(176128K)->129273K(176128K)
[146.918s][info][gc,metaspace   ] GC(130) Metaspace: 41692K(42112K)->41692K(42112K) NonClass: 37350K(37632K)->37350K(37632K) Class: 4341K(4480K)->4341K(4480K)
[146.918s][info][gc             ] GC(130) Pause Young (Allocation Failure) 383M->155M(451M) 54.848ms
[146.918s][info][gc,cpu         ] GC(130) User=0.11s Sys=0.00s Real=0.05s
[150.571s][info][gc,start       ] GC(131) Pause Young (Allocation Failure)
[150.619s][info][gc,heap        ] GC(131) PSYoungGen: 275672K(286208K)->16751K(289792K) Eden: 245760K(245760K)->0K(245760K) From: 29912K(40448K)->16751K(44032K)
[150.619s][info][gc,heap        ] GC(131) ParOldGen: 129273K(176128K)->159130K(176128K)
[150.619s][info][gc,metaspace   ] GC(131) Metaspace: 41728K(42112K)->41728K(42112K) NonClass: 37386K(37632K)->37386K(37632K) Class: 4341K(4480K)->4341K(4480K)
[150.619s][info][gc             ] GC(131) Pause Young (Allocation Failure) 395M->171M(455M) 48.487ms
[150.619s][info][gc,cpu         ] GC(131) User=0.09s Sys=0.00s Real=0.05s
[151.424s][info][gc,start       ] GC(132) Pause Young (Allocation Failure)
[151.471s][info][gc,heap        ] GC(132) PSYoungGen: 262511K(289792K)->14490K(283136K) Eden: 245760K(245760K)->0K(247808K) From: 16751K(44032K)->14490K(35328K)
[151.471s][info][gc,heap        ] GC(132) ParOldGen: 159130K(176128K)->175695K(176128K)
[151.471s][info][gc,metaspace   ] GC(132) Metaspace: 41751K(42112K)->41751K(42112K) NonClass: 37410K(37632K)->37410K(37632K) Class: 4341K(4480K)->4341K(4480K)
[151.471s][info][gc             ] GC(132) Pause Young (Allocation Failure) 411M->185M(448M) 47.105ms
[151.471s][info][gc,cpu         ] GC(132) User=0.09s Sys=0.00s Real=0.04s
[152.155s][info][gc,start       ] GC(133) Pause Young (Allocation Failure)
[152.206s][info][gc,heap        ] GC(133) PSYoungGen: 262298K(283136K)->31020K(287232K) Eden: 247808K(247808K)->0K(247808K) From: 14490K(35328K)->31020K(39424K)
[152.206s][info][gc,heap        ] GC(133) ParOldGen: 175695K(176128K)->189763K(189952K)
[152.206s][info][gc,metaspace   ] GC(133) Metaspace: 41751K(42112K)->41751K(42112K) NonClass: 37410K(37632K)->37410K(37632K) Class: 4341K(4480K)->4341K(4480K)
[152.207s][info][gc             ] GC(133) Pause Young (Allocation Failure) 427M->215M(466M) 51.030ms
[152.207s][info][gc,cpu         ] GC(133) User=0.09s Sys=0.01s Real=0.05s
[152.892s][info][gc,start       ] GC(134) Pause Young (Allocation Failure)
[152.967s][info][gc,heap        ] GC(134) PSYoungGen: 278828K(287232K)->31320K(284672K) Eden: 247808K(247808K)->0K(241664K) From: 31020K(39424K)->31320K(43008K)
[152.967s][info][gc,heap        ] GC(134) ParOldGen: 189763K(189952K)->219227K(219648K)
[152.967s][info][gc,metaspace   ] GC(134) Metaspace: 41751K(42112K)->41751K(42112K) NonClass: 37410K(37632K)->37410K(37632K) Class: 4341K(4480K)->4341K(4480K)
[152.967s][info][gc             ] GC(134) Pause Young (Allocation Failure) 457M->244M(492M) 75.089ms
[152.967s][info][gc,cpu         ] GC(134) User=0.12s Sys=0.02s Real=0.08s
[154.670s][info][gc,start       ] GC(135) Pause Young (Allocation Failure)
[154.728s][info][gc,heap        ] GC(135) PSYoungGen: 272984K(284672K)->16230K(287744K) Eden: 241664K(241664K)->0K(241664K) From: 31320K(43008K)->16230K(46080K)
[154.729s][info][gc,heap        ] GC(135) ParOldGen: 219227K(219648K)->250548K(250880K)
[154.729s][info][gc,metaspace   ] GC(135) Metaspace: 41752K(42112K)->41752K(42112K) NonClass: 37410K(37632K)->37410K(37632K) Class: 4341K(4480K)->4341K(4480K)
[154.729s][info][gc             ] GC(135) Pause Young (Allocation Failure) 480M->260M(526M) 58.557ms
[154.729s][info][gc,cpu         ] GC(135) User=0.09s Sys=0.02s Real=0.06s
[156.107s][info][gc,start       ] GC(136) Pause Young (Allocation Failure)
[156.132s][info][gc,heap        ] GC(136) PSYoungGen: 257894K(287744K)->7089K(285184K) Eden: 241664K(241664K)->0K(244224K) From: 16230K(46080K)->7089K(40960K)
[156.132s][info][gc,heap        ] GC(136) ParOldGen: 250548K(250880K)->264929K(265216K)
[156.132s][info][gc,metaspace   ] GC(136) Metaspace: 41752K(42112K)->41752K(42112K) NonClass: 37410K(37632K)->37410K(37632K) Class: 4341K(4480K)->4341K(4480K)
[156.132s][info][gc             ] GC(136) Pause Young (Allocation Failure) 496M->265M(537M) 24.410ms
[156.132s][info][gc,cpu         ] GC(136) User=0.04s Sys=0.01s Real=0.02s
[157.706s][info][gc,start       ] GC(137) Pause Young (Allocation Failure)
[157.739s][info][gc,heap        ] GC(137) PSYoungGen: 251313K(285184K)->25543K(286720K) Eden: 244224K(244224K)->0K(244224K) From: 7089K(40960K)->25543K(42496K)
[157.739s][info][gc,heap        ] GC(137) ParOldGen: 264929K(265216K)->271934K(272384K)
[157.739s][info][gc,metaspace   ] GC(137) Metaspace: 41753K(42112K)->41753K(42112K) NonClass: 37412K(37632K)->37412K(37632K) Class: 4341K(4480K)->4341K(4480K)
[157.739s][info][gc             ] GC(137) Pause Young (Allocation Failure) 504M->290M(546M) 33.200ms
[157.739s][info][gc,cpu         ] GC(137) User=0.06s Sys=0.01s Real=0.03s
[159.320s][info][gc,start       ] GC(138) Pause Young (Allocation Failure)
[159.374s][info][gc,heap        ] GC(138) PSYoungGen: 269767K(286720K)->22663K(290816K) Eden: 244224K(244224K)->0K(247296K) From: 25543K(42496K)->22663K(43520K)
[159.374s][info][gc,heap        ] GC(138) ParOldGen: 271934K(272384K)->297555K(297984K)
[159.374s][info][gc,metaspace   ] GC(138) Metaspace: 41753K(42112K)->41753K(42112K) NonClass: 37412K(37632K)->37412K(37632K) Class: 4341K(4480K)->4341K(4480K)
[159.374s][info][gc             ] GC(138) Pause Young (Allocation Failure) 529M->312M(575M) 54.152ms
[159.374s][info][gc,cpu         ] GC(138) User=0.08s Sys=0.02s Real=0.06s
[160.544s][info][gc,start       ] GC(139) Pause Young (Allocation Failure)
[160.602s][info][gc,heap        ] GC(139) PSYoungGen: 269959K(290816K)->31442K(279040K) Eden: 247296K(247296K)->0K(247296K) From: 22663K(43520K)->31442K(31744K)
[160.602s][info][gc,heap        ] GC(139) ParOldGen: 297555K(297984K)->320167K(320512K)
[160.602s][info][gc,metaspace   ] GC(139) Metaspace: 41753K(42112K)->41753K(42112K) NonClass: 37412K(37632K)->37412K(37632K) Class: 4341K(4480K)->4341K(4480K)
[160.602s][info][gc             ] GC(139) Pause Young (Allocation Failure) 554M->343M(585M) 57.539ms
[160.602s][info][gc,cpu         ] GC(139) User=0.09s Sys=0.02s Real=0.05s
[161.298s][info][gc,start       ] GC(140) Pause Young (Allocation Failure)
[161.370s][info][gc,heap        ] GC(140) PSYoungGen: 278738K(279040K)->31020K(285184K) Eden: 247296K(247296K)->0K(239616K) From: 31442K(31744K)->31020K(45568K)
[161.370s][info][gc,heap        ] GC(140) ParOldGen: 320167K(320512K)->351284K(351744K)
[161.370s][info][gc,metaspace   ] GC(140) Metaspace: 41753K(42112K)->41753K(42112K) NonClass: 37412K(37632K)->37412K(37632K) Class: 4341K(4480K)->4341K(4480K)
[161.370s][info][gc             ] GC(140) Pause Young (Allocation Failure) 584M->373M(622M) 71.507ms
[161.370s][info][gc,cpu         ] GC(140) User=0.12s Sys=0.02s Real=0.07s
[162.037s][info][gc,start       ] GC(141) Pause Young (Allocation Failure)
[162.111s][info][gc,heap        ] GC(141) PSYoungGen: 270636K(285184K)->30616K(270336K) Eden: 239616K(239616K)->0K(239616K) From: 31020K(45568K)->30616K(30720K)
[162.111s][info][gc,heap        ] GC(141) ParOldGen: 351284K(351744K)->380756K(380928K)
[162.111s][info][gc,metaspace   ] GC(141) Metaspace: 41753K(42112K)->41753K(42112K) NonClass: 37412K(37632K)->37412K(37632K) Class: 4341K(4480K)->4341K(4480K)
[162.111s][info][gc             ] GC(141) Pause Young (Allocation Failure) 607M->401M(636M) 74.015ms
[162.111s][info][gc,cpu         ] GC(141) User=0.13s Sys=0.02s Real=0.07s
[163.763s][info][gc,start       ] GC(142) Pause Young (Allocation Failure)
[163.817s][info][gc,heap        ] GC(142) PSYoungGen: 270232K(270336K)->14320K(286720K) Eden: 239616K(239616K)->0K(238080K) From: 30616K(30720K)->14320K(48640K)
[163.817s][info][gc,heap        ] GC(142) ParOldGen: 380756K(380928K)->411349K(411648K)
[163.817s][info][gc,metaspace   ] GC(142) Metaspace: 41753K(42112K)->41753K(42112K) NonClass: 37412K(37632K)->37412K(37632K) Class: 4341K(4480K)->4341K(4480K)
[163.817s][info][gc             ] GC(142) Pause Young (Allocation Failure) 635M->415M(682M) 54.644ms
[163.818s][info][gc,cpu         ] GC(142) User=0.08s Sys=0.02s Real=0.06s
[164.928s][info][gc,start       ] GC(143) Pause Young (Allocation Failure)
[164.956s][info][gc,heap        ] GC(143) PSYoungGen: 252400K(286720K)->11374K(249856K) Eden: 238080K(238080K)->0K(238080K) From: 14320K(48640K)->11374K(11776K)
[164.956s][info][gc,heap        ] GC(143) ParOldGen: 411349K(411648K)->425201K(425472K)
[164.956s][info][gc,metaspace   ] GC(143) Metaspace: 41754K(42112K)->41754K(42112K) NonClass: 37412K(37632K)->37412K(37632K) Class: 4341K(4480K)->4341K(4480K)
[164.956s][info][gc             ] GC(143) Pause Young (Allocation Failure) 648M->426M(659M) 27.586ms
[164.956s][info][gc,cpu         ] GC(143) User=0.04s Sys=0.02s Real=0.03s
[166.415s][info][gc,start       ] GC(144) Pause Young (Allocation Failure)
[166.445s][info][gc,heap        ] GC(144) PSYoungGen: 249454K(249856K)->17123K(286208K) Eden: 238080K(238080K)->0K(240128K) From: 11374K(11776K)->17123K(46080K)
[166.445s][info][gc,heap        ] GC(144) ParOldGen: 425201K(425472K)->436047K(436224K)
[166.445s][info][gc,metaspace   ] GC(144) Metaspace: 41755K(42176K)->41755K(42176K) NonClass: 37413K(37696K)->37413K(37696K) Class: 4341K(4480K)->4341K(4480K)
[166.445s][info][gc             ] GC(144) Pause Young (Allocation Failure) 658M->442M(705M) 30.373ms
[166.445s][info][gc,cpu         ] GC(144) User=0.06s Sys=0.01s Real=0.03s
[167.888s][info][gc,start       ] GC(145) Pause Young (Allocation Failure)
[167.933s][info][gc,heap        ] GC(145) PSYoungGen: 257251K(286208K)->22685K(284160K) Eden: 240128K(240128K)->0K(240128K) From: 17123K(46080K)->22685K(44032K)
[167.933s][info][gc,heap        ] GC(145) ParOldGen: 436047K(436224K)->452935K(453120K)
[167.933s][info][gc,metaspace   ] GC(145) Metaspace: 41755K(42176K)->41755K(42176K) NonClass: 37413K(37696K)->37413K(37696K) Class: 4341K(4480K)->4341K(4480K)
[167.933s][info][gc             ] GC(145) Pause Young (Allocation Failure) 677M->464M(720M) 45.456ms
[167.933s][info][gc,cpu         ] GC(145) User=0.08s Sys=0.01s Real=0.05s
[169.256s][info][gc,start       ] GC(146) Pause Young (Allocation Failure)
[169.309s][info][gc,heap        ] GC(146) PSYoungGen: 262813K(284160K)->29704K(284672K) Eden: 240128K(240128K)->0K(242176K) From: 22685K(44032K)->29704K(42496K)
[169.309s][info][gc,heap        ] GC(146) ParOldGen: 452935K(453120K)->475636K(475648K)
[169.309s][info][gc,metaspace   ] GC(146) Metaspace: 41766K(42176K)->41766K(42176K) NonClass: 37424K(37696K)->37424K(37696K) Class: 4341K(4480K)->4341K(4480K)
[169.309s][info][gc             ] GC(146) Pause Young (Allocation Failure) 698M->493M(742M) 52.714ms
[169.309s][info][gc,cpu         ] GC(146) User=0.09s Sys=0.01s Real=0.05s
[170.403s][info][gc,start       ] GC(147) Pause Young (Allocation Failure)
[170.447s][info][gc,heap        ] GC(147) PSYoungGen: 271880K(284672K)->14777K(286208K) Eden: 242176K(242176K)->0K(242176K) From: 29704K(42496K)->14777K(44032K)
[170.447s][info][gc,heap        ] GC(147) ParOldGen: 475636K(475648K)->496488K(496640K)
[170.447s][info][gc,metaspace   ] GC(147) Metaspace: 41770K(42176K)->41770K(42176K) NonClass: 37429K(37696K)->37429K(37696K) Class: 4341K(4480K)->4341K(4480K)
[170.447s][info][gc             ] GC(147) Pause Young (Allocation Failure) 729M->499M(764M) 44.042ms
[170.447s][info][gc,cpu         ] GC(147) User=0.07s Sys=0.02s Real=0.05s
[171.390s][info][gc,start       ] GC(148) Pause Young (Allocation Failure)
[171.408s][info][gc,heap        ] GC(148) PSYoungGen: 256953K(286208K)->19684K(285696K) Eden: 242176K(242176K)->0K(247296K) From: 14777K(44032K)->19684K(38400K)
[171.408s][info][gc,heap        ] GC(148) ParOldGen: 496488K(496640K)->497336K(497664K)
[171.408s][info][gc,metaspace   ] GC(148) Metaspace: 41774K(42176K)->41774K(42176K) NonClass: 37432K(37696K)->37432K(37696K) Class: 4341K(4480K)->4341K(4480K)
[171.408s][info][gc             ] GC(148) Pause Young (Allocation Failure) 735M->504M(765M) 18.007ms
[171.408s][info][gc,cpu         ] GC(148) User=0.04s Sys=0.00s Real=0.02s
[172.405s][info][gc,start       ] GC(149) Pause Young (Allocation Failure)
[172.412s][info][gc,heap        ] GC(149) PSYoungGen: 266980K(285696K)->3954K(287744K) Eden: 247296K(247296K)->0K(247296K) From: 19684K(38400K)->3954K(40448K)
[172.412s][info][gc,heap        ] GC(149) ParOldGen: 497336K(497664K)->498336K(498688K)
[172.412s][info][gc,metaspace   ] GC(149) Metaspace: 41778K(42176K)->41778K(42176K) NonClass: 37437K(37696K)->37437K(37696K) Class: 4341K(4480K)->4341K(4480K)
[172.412s][info][gc             ] GC(149) Pause Young (Allocation Failure) 746M->490M(768M) 6.844ms
[172.412s][info][gc,cpu         ] GC(149) User=0.01s Sys=0.01s Real=0.00s
[173.311s][info][gc,start       ] GC(150) Pause Young (Allocation Failure)
[173.315s][info][gc,heap        ] GC(150) PSYoungGen: 251250K(287744K)->1315K(291328K) Eden: 247296K(247296K)->0K(249856K) From: 3954K(40448K)->1315K(41472K)
[173.315s][info][gc,heap        ] GC(150) ParOldGen: 498336K(498688K)->499592K(499712K)
[173.315s][info][gc,metaspace   ] GC(150) Metaspace: 41778K(42176K)->41778K(42176K) NonClass: 37437K(37696K)->37437K(37696K) Class: 4341K(4480K)->4341K(4480K)
[173.315s][info][gc             ] GC(150) Pause Young (Allocation Failure) 732M->489M(772M) 4.902ms
[173.315s][info][gc,cpu         ] GC(150) User=0.01s Sys=0.01s Real=0.01s
[174.342s][info][gc,start       ] GC(151) Pause Young (Allocation Failure)
[174.372s][info][gc,heap        ] GC(151) PSYoungGen: 251171K(291328K)->27406K(277504K) Eden: 249856K(249856K)->0K(249856K) From: 1315K(41472K)->27406K(27648K)
[174.372s][info][gc,heap        ] GC(151) ParOldGen: 499592K(499712K)->500736K(501248K)
[174.372s][info][gc,metaspace   ] GC(151) Metaspace: 41780K(42176K)->41780K(42176K) NonClass: 37438K(37696K)->37438K(37696K) Class: 4341K(4480K)->4341K(4480K)
[174.372s][info][gc             ] GC(151) Pause Young (Allocation Failure) 733M->515M(760M) 29.742ms
[174.372s][info][gc,cpu         ] GC(151) User=0.05s Sys=0.00s Real=0.03s
[175.416s][info][gc,start       ] GC(152) Pause Young (Allocation Failure)
[175.428s][info][gc,heap        ] GC(152) PSYoungGen: 277262K(277504K)->11758K(291840K) Eden: 249856K(249856K)->0K(248320K) From: 27406K(27648K)->11758K(43520K)
[175.428s][info][gc,heap        ] GC(152) ParOldGen: 500736K(501248K)->501472K(501760K)
[175.428s][info][gc,metaspace   ] GC(152) Metaspace: 41780K(42176K)->41780K(42176K) NonClass: 37438K(37696K)->37438K(37696K) Class: 4341K(4480K)->4341K(4480K)
[175.428s][info][gc             ] GC(152) Pause Young (Allocation Failure) 759M->501M(775M) 11.797ms
[175.428s][info][gc,cpu         ] GC(152) User=0.02s Sys=0.00s Real=0.01s
[176.350s][info][gc,start       ] GC(153) Pause Young (Allocation Failure)
[176.363s][info][gc,heap        ] GC(153) PSYoungGen: 260078K(291840K)->11717K(260096K) Eden: 248320K(248320K)->0K(248320K) From: 11758K(43520K)->11717K(11776K)
[176.363s][info][gc,heap        ] GC(153) ParOldGen: 501472K(501760K)->502632K(502784K)
[176.363s][info][gc,metaspace   ] GC(153) Metaspace: 41780K(42176K)->41780K(42176K) NonClass: 37438K(37696K)->37438K(37696K) Class: 4341K(4480K)->4341K(4480K)
[176.363s][info][gc             ] GC(153) Pause Young (Allocation Failure) 743M->502M(745M) 12.298ms
[176.363s][info][gc,cpu         ] GC(153) User=0.02s Sys=0.00s Real=0.01s
[177.365s][info][gc,start       ] GC(154) Pause Young (Allocation Failure)
[177.379s][info][gc,heap        ] GC(154) PSYoungGen: 260037K(260096K)->8980K(289792K) Eden: 248320K(248320K)->0K(249344K) From: 11717K(11776K)->8980K(40448K)
[177.379s][info][gc,heap        ] GC(154) ParOldGen: 502632K(502784K)->503544K(503808K)
[177.379s][info][gc,metaspace   ] GC(154) Metaspace: 41780K(42176K)->41780K(42176K) NonClass: 37438K(37696K)->37438K(37696K) Class: 4341K(4480K)->4341K(4480K)
[177.379s][info][gc             ] GC(154) Pause Young (Allocation Failure) 744M->500M(775M) 14.871ms
[177.379s][info][gc,cpu         ] GC(154) User=0.03s Sys=0.00s Real=0.01s
[178.594s][info][gc,start       ] GC(155) Pause Young (Allocation Failure)
[178.616s][info][gc,heap        ] GC(155) PSYoungGen: 258324K(289792K)->8389K(288768K) Eden: 249344K(249344K)->0K(249344K) From: 8980K(40448K)->8389K(39424K)
[178.616s][info][gc,heap        ] GC(155) ParOldGen: 503544K(503808K)->504644K(504832K)
[178.616s][info][gc,metaspace   ] GC(155) Metaspace: 41780K(42176K)->41780K(42176K) NonClass: 37438K(37696K)->37438K(37696K) Class: 4341K(4480K)->4341K(4480K)
[178.616s][info][gc             ] GC(155) Pause Young (Allocation Failure) 744M->501M(775M) 21.919ms
[178.616s][info][gc,cpu         ] GC(155) User=0.02s Sys=0.00s Real=0.02s
[179.522s][info][gc,start       ] GC(156) Pause Young (Allocation Failure)
[179.579s][info][gc,heap        ] GC(156) PSYoungGen: 257733K(288768K)->38376K(279040K) Eden: 249344K(249344K)->0K(240640K) From: 8389K(39424K)->38376K(38400K)
[179.579s][info][gc,heap        ] GC(156) ParOldGen: 504644K(504832K)->509652K(509952K)
[179.579s][info][gc,metaspace   ] GC(156) Metaspace: 41780K(42176K)->41780K(42176K) NonClass: 37439K(37696K)->37439K(37696K) Class: 4341K(4480K)->4341K(4480K)
[179.579s][info][gc             ] GC(156) Pause Young (Allocation Failure) 744M->535M(770M) 57.201ms
[179.579s][info][gc,cpu         ] GC(156) User=0.08s Sys=0.01s Real=0.06s
[180.884s][info][gc,start       ] GC(157) Pause Young (Allocation Failure)
[180.936s][info][gc,heap        ] GC(157) PSYoungGen: 279016K(279040K)->15606K(287232K) Eden: 240640K(240640K)->0K(240640K) From: 38376K(38400K)->15606K(46592K)
[180.936s][info][gc,heap        ] GC(157) ParOldGen: 509652K(509952K)->528992K(529408K)
[180.936s][info][gc,metaspace   ] GC(157) Metaspace: 41781K(42176K)->41781K(42176K) NonClass: 37440K(37696K)->37440K(37696K) Class: 4341K(4480K)->4341K(4480K)
[180.936s][info][gc             ] GC(157) Pause Young (Allocation Failure) 770M->531M(797M) 51.660ms
[180.936s][info][gc,cpu         ] GC(157) User=0.08s Sys=0.02s Real=0.05s
[182.111s][info][gc,start       ] GC(158) Pause Young (Allocation Failure)
[182.137s][info][gc,heap        ] GC(158) PSYoungGen: 256246K(287232K)->1232K(284672K) Eden: 240640K(240640K)->0K(243200K) From: 15606K(46592K)->1232K(41472K)
[182.137s][info][gc,heap        ] GC(158) ParOldGen: 528992K(529408K)->544559K(544768K)
[182.137s][info][gc,metaspace   ] GC(158) Metaspace: 41782K(42176K)->41782K(42176K) NonClass: 37441K(37696K)->37441K(37696K) Class: 4341K(4480K)->4341K(4480K)
[182.137s][info][gc             ] GC(158) Pause Young (Allocation Failure) 766M->532M(810M) 26.792ms
[182.137s][info][gc,cpu         ] GC(158) User=0.03s Sys=0.02s Real=0.03s
[182.930s][info][gc,start       ] GC(159) Pause Young (Allocation Failure)
[182.945s][info][gc,heap        ] GC(159) PSYoungGen: 244432K(284672K)->11517K(287232K) Eden: 243200K(243200K)->0K(243200K) From: 1232K(41472K)->11517K(44032K)
[182.945s][info][gc,heap        ] GC(159) ParOldGen: 544559K(544768K)->545652K(545792K)
[182.945s][info][gc,metaspace   ] GC(159) Metaspace: 41789K(42176K)->41789K(42176K) NonClass: 37447K(37696K)->37447K(37696K) Class: 4341K(4480K)->4341K(4480K)
[182.945s][info][gc             ] GC(159) Pause Young (Allocation Failure) 770M->544M(813M) 15.725ms
[182.945s][info][gc,cpu         ] GC(159) User=0.03s Sys=0.00s Real=0.02s
[183.770s][info][gc,start       ] GC(160) Pause Young (Allocation Failure)
[183.787s][info][gc,heap        ] GC(160) PSYoungGen: 254717K(287232K)->9261K(284672K) Eden: 243200K(243200K)->0K(247296K) From: 11517K(44032K)->9261K(37376K)
[183.787s][info][gc,heap        ] GC(160) ParOldGen: 545652K(545792K)->555383K(555520K)
[183.787s][info][gc,metaspace   ] GC(160) Metaspace: 41789K(42176K)->41789K(42176K) NonClass: 37448K(37696K)->37448K(37696K) Class: 4341K(4480K)->4341K(4480K)
[183.787s][info][gc             ] GC(160) Pause Young (Allocation Failure) 781M->551M(820M) 17.530ms
[183.787s][info][gc,cpu         ] GC(160) User=0.02s Sys=0.01s Real=0.02s
[184.664s][info][gc,start       ] GC(161) Pause Young (Allocation Failure)
[184.686s][info][gc,heap        ] GC(161) PSYoungGen: 256557K(284672K)->33041K(287744K) Eden: 247296K(247296K)->0K(247296K) From: 9261K(37376K)->33041K(40448K)
[184.686s][info][gc,heap        ] GC(161) ParOldGen: 555383K(555520K)->555824K(556032K)
[184.686s][info][gc,metaspace   ] GC(161) Metaspace: 41795K(42176K)->41795K(42176K) NonClass: 37454K(37696K)->37454K(37696K) Class: 4341K(4480K)->4341K(4480K)
[184.686s][info][gc             ] GC(161) Pause Young (Allocation Failure) 792M->575M(824M) 21.942ms
[184.686s][info][gc,cpu         ] GC(161) User=0.04s Sys=0.00s Real=0.02s
[185.580s][info][gc,start       ] GC(162) Pause Young (Allocation Failure)
[185.613s][info][gc,heap        ] GC(162) PSYoungGen: 280337K(287744K)->44438K(274432K) Eden: 247296K(247296K)->0K(229376K) From: 33041K(40448K)->44438K(45056K)
[185.613s][info][gc,heap        ] GC(162) ParOldGen: 555824K(556032K)->556608K(557056K)
[185.613s][info][gc,metaspace   ] GC(162) Metaspace: 41796K(42176K)->41796K(42176K) NonClass: 37454K(37696K)->37454K(37696K) Class: 4341K(4480K)->4341K(4480K)
[185.613s][info][gc             ] GC(162) Pause Young (Allocation Failure) 816M->586M(812M) 32.565ms
[185.613s][info][gc,cpu         ] GC(162) User=0.06s Sys=0.01s Real=0.03s
[186.481s][info][gc,start       ] GC(163) Pause Young (Allocation Failure)
[186.496s][info][gc,heap        ] GC(163) PSYoungGen: 273814K(274432K)->15607K(281600K) Eden: 229376K(229376K)->0K(229376K) From: 44438K(45056K)->15607K(52224K)
[186.496s][info][gc,heap        ] GC(163) ParOldGen: 556608K(557056K)->558270K(558592K)
[186.496s][info][gc,metaspace   ] GC(163) Metaspace: 41796K(42176K)->41796K(42176K) NonClass: 37454K(37696K)->37454K(37696K) Class: 4341K(4480K)->4341K(4480K)
[186.496s][info][gc             ] GC(163) Pause Young (Allocation Failure) 810M->560M(820M) 14.754ms
[186.496s][info][gc,cpu         ] GC(163) User=0.03s Sys=0.01s Real=0.02s
[187.342s][info][gc,start       ] GC(164) Pause Young (Allocation Failure)
[187.449s][info][gc,heap        ] GC(164) PSYoungGen: 244983K(281600K)->49661K(227840K) Eden: 229376K(229376K)->0K(178176K) From: 15607K(52224K)->49661K(49664K)
[187.449s][info][gc,heap        ] GC(164) ParOldGen: 558270K(558592K)->611830K(611840K)
[187.449s][info][gc,metaspace   ] GC(164) Metaspace: 41796K(42176K)->41796K(42176K) NonClass: 37454K(37696K)->37454K(37696K) Class: 4341K(4480K)->4341K(4480K)
[187.449s][info][gc             ] GC(164) Pause Young (Allocation Failure) 784M->645M(820M) 107.620ms
[187.449s][info][gc,cpu         ] GC(164) User=0.16s Sys=0.05s Real=0.11s
[188.099s][info][gc,start       ] GC(165) Pause Young (Allocation Failure)
[188.167s][info][gc,heap        ] GC(165) PSYoungGen: 227837K(227840K)->20725K(256000K) Eden: 178176K(178176K)->0K(178176K) From: 49661K(49664K)->20725K(77824K)
[188.167s][info][gc,heap        ] GC(165) ParOldGen: 611830K(611840K)->651369K(651776K)
[188.167s][info][gc,metaspace   ] GC(165) Metaspace: 41798K(42176K)->41798K(42176K) NonClass: 37457K(37696K)->37457K(37696K) Class: 4341K(4480K)->4341K(4480K)
[188.167s][info][gc             ] GC(165) Pause Young (Allocation Failure) 819M->656M(886M) 67.278ms
[188.167s][info][gc,cpu         ] GC(165) User=0.11s Sys=0.03s Real=0.07s
[188.839s][info][gc,start       ] GC(166) Pause Full (Allocation Failure)
[188.839s][info][gc,phases,start] GC(166) Marking Phase
[188.920s][info][gc,phases      ] GC(166) Marking Phase 81.304ms
[188.920s][info][gc,phases,start] GC(166) Summary Phase
[188.920s][info][gc,phases      ] GC(166) Summary Phase 0.030ms
[188.920s][info][gc,phases,start] GC(166) Forward
[188.938s][info][gc,phases      ] GC(166) Forward 17.714ms
[188.938s][info][gc,phases,start] GC(166) Adjust Pointers
[188.983s][info][gc,phases      ] GC(166) Adjust Pointers 44.954ms
[188.983s][info][gc,phases,start] GC(166) Compaction Phase
[189.004s][info][gc,phases      ] GC(166) Compaction Phase 20.753ms
[189.004s][info][gc,phases,start] GC(166) Post Compact
[189.007s][info][gc,phases      ] GC(166) Post Compact 2.950ms
[189.043s][info][gc,heap        ] GC(166) PSYoungGen: 198901K(256000K)->0K(251904K) Eden: 178176K(178176K)->0K(182272K) From: 20725K(77824K)->0K(69632K)
[189.043s][info][gc,heap        ] GC(166) ParOldGen: 651369K(651776K)->102116K(229376K)
[189.043s][info][gc,metaspace   ] GC(166) Metaspace: 41798K(42176K)->41798K(42176K) NonClass: 37457K(37696K)->37457K(37696K) Class: 4341K(4480K)->4341K(4480K)
[189.043s][info][gc             ] GC(166) Pause Full (Allocation Failure) 830M->99M(470M) 204.634ms
[189.043s][info][gc,cpu         ] GC(166) User=0.26s Sys=0.04s Real=0.21s
[189.698s][info][gc,start       ] GC(167) Pause Young (Allocation Failure)
[189.722s][info][gc,heap        ] GC(167) PSYoungGen: 182272K(251904K)->36294K(256000K) Eden: 182272K(182272K)->0K(182272K) From: 0K(69632K)->36294K(73728K)
[189.722s][info][gc,heap        ] GC(167) ParOldGen: 102116K(229376K)->102116K(229376K)
[189.722s][info][gc,metaspace   ] GC(167) Metaspace: 41798K(42176K)->41798K(42176K) NonClass: 37457K(37696K)->37457K(37696K) Class: 4341K(4480K)->4341K(4480K)
[189.722s][info][gc             ] GC(167) Pause Young (Allocation Failure) 277M->135M(474M) 24.571ms
[189.722s][info][gc,cpu         ] GC(167) User=0.05s Sys=0.00s Real=0.02s
[190.356s][info][gc,start       ] GC(168) Pause Young (Allocation Failure)
[190.374s][info][gc,heap        ] GC(168) PSYoungGen: 218566K(256000K)->2622K(259072K) Eden: 182272K(182272K)->0K(187392K) From: 36294K(73728K)->2622K(71680K)
[190.374s][info][gc,heap        ] GC(168) ParOldGen: 102116K(229376K)->123670K(229376K)
[190.374s][info][gc,metaspace   ] GC(168) Metaspace: 41798K(42176K)->41798K(42176K) NonClass: 37457K(37696K)->37457K(37696K) Class: 4341K(4480K)->4341K(4480K)
[190.374s][info][gc             ] GC(168) Pause Young (Allocation Failure) 313M->123M(477M) 17.688ms
[190.374s][info][gc,cpu         ] GC(168) User=0.03s Sys=0.00s Real=0.02s
[191.031s][info][gc,start       ] GC(169) Pause Young (Allocation Failure)
[191.047s][info][gc,heap        ] GC(169) PSYoungGen: 190014K(259072K)->23844K(211456K) Eden: 187392K(187392K)->0K(187392K) From: 2622K(71680K)->23844K(24064K)
[191.047s][info][gc,heap        ] GC(169) ParOldGen: 123670K(229376K)->124106K(229376K)
[191.047s][info][gc,metaspace   ] GC(169) Metaspace: 41798K(42176K)->41798K(42176K) NonClass: 37457K(37696K)->37457K(37696K) Class: 4341K(4480K)->4341K(4480K)
[191.047s][info][gc             ] GC(169) Pause Young (Allocation Failure) 306M->144M(430M) 15.990ms
[191.047s][info][gc,cpu         ] GC(169) User=0.03s Sys=0.00s Real=0.02s
[191.648s][info][gc,start       ] GC(170) Pause Young (Allocation Failure)
[191.662s][info][gc,heap        ] GC(170) PSYoungGen: 211236K(211456K)->21566K(261120K) Eden: 187392K(187392K)->0K(193024K) From: 23844K(24064K)->21566K(68096K)
[191.662s][info][gc,heap        ] GC(170) ParOldGen: 124106K(229376K)->124534K(229376K)
[191.662s][info][gc,metaspace   ] GC(170) Metaspace: 41800K(42176K)->41800K(42176K) NonClass: 37459K(37696K)->37459K(37696K) Class: 4341K(4480K)->4341K(4480K)
[191.662s][info][gc             ] GC(170) Pause Young (Allocation Failure) 327M->142M(479M) 13.568ms
[191.662s][info][gc,cpu         ] GC(170) User=0.03s Sys=0.00s Real=0.01s
[192.270s][info][gc,start       ] GC(171) Pause Young (Allocation Failure)
[192.283s][info][gc,heap        ] GC(171) PSYoungGen: 214590K(261120K)->1496K(257536K) Eden: 193024K(193024K)->0K(193024K) From: 21566K(68096K)->1496K(64512K)
[192.283s][info][gc,heap        ] GC(171) ParOldGen: 124534K(229376K)->145281K(229376K)
[192.283s][info][gc,metaspace   ] GC(171) Metaspace: 41800K(42176K)->41800K(42176K) NonClass: 37459K(37696K)->37459K(37696K) Class: 4341K(4480K)->4341K(4480K)
[192.283s][info][gc             ] GC(171) Pause Young (Allocation Failure) 331M->143M(475M) 13.411ms
[192.283s][info][gc,cpu         ] GC(171) User=0.03s Sys=0.00s Real=0.02s
[192.874s][info][gc,start       ] GC(172) Pause Young (Allocation Failure)
[192.877s][info][gc,heap        ] GC(172) PSYoungGen: 194520K(257536K)->1197K(266240K) Eden: 193024K(193024K)->0K(201728K) From: 1496K(64512K)->1197K(64512K)
[192.877s][info][gc,heap        ] GC(172) ParOldGen: 145281K(229376K)->145506K(229376K)
[192.877s][info][gc,metaspace   ] GC(172) Metaspace: 41800K(42176K)->41800K(42176K) NonClass: 37459K(37696K)->37459K(37696K) Class: 4341K(4480K)->4341K(4480K)
[192.877s][info][gc             ] GC(172) Pause Young (Allocation Failure) 331M->143M(484M) 2.493ms
[192.877s][info][gc,cpu         ] GC(172) User=0.00s Sys=0.00s Real=0.00s
[193.334s][info][gc,start       ] GC(173) Pause Young (Allocation Failure)
[193.340s][info][gc,heap        ] GC(173) PSYoungGen: 202925K(266240K)->4935K(265728K) Eden: 201728K(201728K)->0K(201728K) From: 1197K(64512K)->4935K(64000K)
[193.340s][info][gc,heap        ] GC(173) ParOldGen: 145506K(229376K)->145986K(229376K)
[193.340s][info][gc,metaspace   ] GC(173) Metaspace: 41804K(42176K)->41804K(42176K) NonClass: 37462K(37696K)->37462K(37696K) Class: 4341K(4480K)->4341K(4480K)
[193.340s][info][gc             ] GC(173) Pause Young (Allocation Failure) 340M->147M(483M) 5.472ms
[193.340s][info][gc,cpu         ] GC(173) User=0.01s Sys=0.00s Real=0.00s
[193.704s][info][gc,start       ] GC(174) Pause Young (Allocation Failure)
[193.707s][info][gc,heap        ] GC(174) PSYoungGen: 206663K(265728K)->1806K(268288K) Eden: 201728K(201728K)->0K(206336K) From: 4935K(64000K)->1806K(61952K)
[193.707s][info][gc,heap        ] GC(174) ParOldGen: 145986K(229376K)->147673K(229376K)
[193.708s][info][gc,metaspace   ] GC(174) Metaspace: 41804K(42176K)->41804K(42176K) NonClass: 37462K(37696K)->37462K(37696K) Class: 4341K(4480K)->4341K(4480K)
[193.708s][info][gc             ] GC(174) Pause Young (Allocation Failure) 344M->145M(486M) 4.341ms
[193.708s][info][gc,cpu         ] GC(174) User=0.01s Sys=0.00s Real=0.00s
[194.117s][info][gc,start       ] GC(175) Pause Young (Allocation Failure)
[194.125s][info][gc,heap        ] GC(175) PSYoungGen: 208142K(268288K)->10221K(267264K) Eden: 206336K(206336K)->0K(206336K) From: 1806K(61952K)->10221K(60928K)
[194.125s][info][gc,heap        ] GC(175) ParOldGen: 147673K(229376K)->147926K(229376K)
[194.125s][info][gc,metaspace   ] GC(175) Metaspace: 41832K(42176K)->41832K(42176K) NonClass: 37490K(37696K)->37490K(37696K) Class: 4341K(4480K)->4341K(4480K)
[194.125s][info][gc             ] GC(175) Pause Young (Allocation Failure) 347M->154M(485M) 7.905ms
[194.125s][info][gc,cpu         ] GC(175) User=0.01s Sys=0.00s Real=0.01s
[194.405s][info][gc,start       ] GC(176) Pause Young (Allocation Failure)
[194.413s][info][gc,heap        ] GC(176) PSYoungGen: 215941K(267264K)->2108K(270848K) Eden: 205719K(206336K)->0K(212992K) From: 10221K(60928K)->2108K(57856K)
[194.413s][info][gc,heap        ] GC(176) ParOldGen: 147926K(229376K)->157875K(229376K)
[194.413s][info][gc,metaspace   ] GC(176) Metaspace: 41836K(42240K)->41836K(42240K) NonClass: 37493K(37760K)->37493K(37760K) Class: 4342K(4480K)->4342K(4480K)
[194.413s][info][gc             ] GC(176) Pause Young (Allocation Failure) 355M->156M(488M) 8.060ms
[194.413s][info][gc,cpu         ] GC(176) User=0.02s Sys=0.00s Real=0.00s
[194.694s][info][gc,start       ] GC(177) Pause Young (Allocation Failure)
[194.700s][info][gc,heap        ] GC(177) PSYoungGen: 213651K(270848K)->2340K(268800K) Eden: 211542K(212992K)->0K(212992K) From: 2108K(57856K)->2340K(55808K)
[194.700s][info][gc,heap        ] GC(177) ParOldGen: 157875K(229376K)->159963K(229376K)
[194.700s][info][gc,metaspace   ] GC(177) Metaspace: 41836K(42240K)->41836K(42240K) NonClass: 37494K(37760K)->37494K(37760K) Class: 4342K(4480K)->4342K(4480K)
[194.700s][info][gc             ] GC(177) Pause Young (Allocation Failure) 362M->158M(486M) 5.486ms
[194.700s][info][gc,cpu         ] GC(177) User=0.01s Sys=0.00s Real=0.00s
[195.004s][info][gc,start       ] GC(178) Pause Young (Allocation Failure)
[195.014s][info][gc,heap        ] GC(178) PSYoungGen: 215222K(268800K)->3992K(275456K) Eden: 212882K(212992K)->0K(222720K) From: 2340K(55808K)->3992K(52736K)
[195.014s][info][gc,heap        ] GC(178) ParOldGen: 159963K(229376K)->162294K(229376K)
[195.014s][info][gc,metaspace   ] GC(178) Metaspace: 41838K(42240K)->41838K(42240K) NonClass: 37495K(37760K)->37495K(37760K) Class: 4342K(4480K)->4342K(4480K)
[195.015s][info][gc             ] GC(178) Pause Young (Allocation Failure) 366M->162M(493M) 10.814ms
[195.015s][info][gc,cpu         ] GC(178) User=0.03s Sys=0.00s Real=0.01s
[195.328s][info][gc,start       ] GC(179) Pause Young (Allocation Failure)
[195.341s][info][gc,heap        ] GC(179) PSYoungGen: 226712K(275456K)->4396K(274432K) Eden: 222720K(222720K)->0K(222720K) From: 3992K(52736K)->4396K(51712K)
[195.341s][info][gc,heap        ] GC(179) ParOldGen: 162294K(229376K)->166233K(229376K)
[195.341s][info][gc,metaspace   ] GC(179) Metaspace: 41838K(42240K)->41838K(42240K) NonClass: 37495K(37760K)->37495K(37760K) Class: 4342K(4480K)->4342K(4480K)
[195.341s][info][gc             ] GC(179) Pause Young (Allocation Failure) 379M->166M(492M) 12.912ms
[195.341s][info][gc,cpu         ] GC(179) User=0.03s Sys=0.00s Real=0.01s
[195.666s][info][gc,start       ] GC(180) Pause Young (Allocation Failure)
[195.678s][info][gc,heap        ] GC(180) PSYoungGen: 227063K(274432K)->7077K(279552K) Eden: 222667K(222720K)->0K(231936K) From: 4396K(51712K)->7077K(47616K)
[195.678s][info][gc,heap        ] GC(180) ParOldGen: 166233K(229376K)->170589K(229376K)
[195.678s][info][gc,metaspace   ] GC(180) Metaspace: 41840K(42240K)->41840K(42240K) NonClass: 37498K(37760K)->37498K(37760K) Class: 4342K(4480K)->4342K(4480K)
[195.678s][info][gc             ] GC(180) Pause Young (Allocation Failure) 384M->173M(497M) 11.892ms
[195.678s][info][gc,cpu         ] GC(180) User=0.02s Sys=0.00s Real=0.01s
[195.997s][info][gc,start       ] GC(181) Pause Young (Allocation Failure)
[196.009s][info][gc,heap        ] GC(181) PSYoungGen: 238929K(279552K)->8106K(278528K) Eden: 231851K(231936K)->0K(231936K) From: 7077K(47616K)->8106K(46592K)
[196.009s][info][gc,heap        ] GC(181) ParOldGen: 170589K(229376K)->177757K(229376K)
[196.009s][info][gc,metaspace   ] GC(181) Metaspace: 41862K(42240K)->41862K(42240K) NonClass: 37520K(37760K)->37520K(37760K) Class: 4342K(4480K)->4342K(4480K)
[196.009s][info][gc             ] GC(181) Pause Young (Allocation Failure) 399M->181M(496M) 12.107ms
[196.009s][info][gc,cpu         ] GC(181) User=0.02s Sys=0.00s Real=0.01s
[196.568s][info][gc,start       ] GC(182) Pause Young (Allocation Failure)
[196.596s][info][gc,heap        ] GC(182) PSYoungGen: 240042K(278528K)->12833K(284672K) Eden: 231936K(231936K)->0K(242176K) From: 8106K(46592K)->12833K(42496K)
[196.596s][info][gc,heap        ] GC(182) ParOldGen: 177757K(229376K)->182048K(229376K)
[196.596s][info][gc,metaspace   ] GC(182) Metaspace: 41938K(42304K)->41938K(42304K) NonClass: 37596K(37824K)->37596K(37824K) Class: 4342K(4480K)->4342K(4480K)
[196.596s][info][gc             ] GC(182) Pause Young (Allocation Failure) 408M->190M(502M) 28.200ms
[196.596s][info][gc,cpu         ] GC(182) User=0.06s Sys=0.00s Real=0.03s
[197.204s][info][gc,start       ] GC(183) Pause Young (Allocation Failure)
[197.218s][info][gc,heap        ] GC(183) PSYoungGen: 255009K(284672K)->4776K(283136K) Eden: 242176K(242176K)->0K(242176K) From: 12833K(42496K)->4776K(40960K)
[197.218s][info][gc,heap        ] GC(183) ParOldGen: 182048K(229376K)->194269K(229376K)
[197.218s][info][gc,metaspace   ] GC(183) Metaspace: 41948K(42304K)->41948K(42304K) NonClass: 37606K(37824K)->37606K(37824K) Class: 4342K(4480K)->4342K(4480K)
[197.218s][info][gc             ] GC(183) Pause Young (Allocation Failure) 426M->194M(500M) 13.371ms
[197.218s][info][gc,cpu         ] GC(183) User=0.03s Sys=0.00s Real=0.01s
[197.875s][info][gc,start       ] GC(184) Pause Young (Allocation Failure)
[197.879s][info][gc,heap        ] GC(184) PSYoungGen: 246952K(283136K)->2972K(290816K) Eden: 242176K(242176K)->0K(251904K) From: 4776K(40960K)->2972K(38912K)
[197.879s][info][gc,heap        ] GC(184) ParOldGen: 194269K(229376K)->194446K(229376K)
[197.879s][info][gc,metaspace   ] GC(184) Metaspace: 41951K(42304K)->41951K(42304K) NonClass: 37608K(37824K)->37608K(37824K) Class: 4342K(4480K)->4342K(4480K)
[197.879s][info][gc             ] GC(184) Pause Young (Allocation Failure) 430M->192M(508M) 3.923ms
[197.879s][info][gc,cpu         ] GC(184) User=0.01s Sys=0.00s Real=0.00s
[198.552s][info][gc,start       ] GC(185) Pause Young (Allocation Failure)
[198.557s][info][gc,heap        ] GC(185) PSYoungGen: 254876K(290816K)->4184K(289280K) Eden: 251904K(251904K)->0K(251904K) From: 2972K(38912K)->4184K(37376K)
[198.557s][info][gc,heap        ] GC(185) ParOldGen: 194446K(229376K)->194454K(229376K)
[198.557s][info][gc,metaspace   ] GC(185) Metaspace: 41966K(42368K)->41966K(42368K) NonClass: 37624K(37888K)->37624K(37888K) Class: 4342K(4480K)->4342K(4480K)
[198.557s][info][gc             ] GC(185) Pause Young (Allocation Failure) 438M->193M(506M) 5.281ms
[198.557s][info][gc,cpu         ] GC(185) User=0.01s Sys=0.00s Real=0.01s
[199.275s][info][gc,start       ] GC(186) Pause Young (Allocation Failure)
[199.286s][info][gc,heap        ] GC(186) PSYoungGen: 256088K(289280K)->6834K(294400K) Eden: 251904K(251904K)->0K(259584K) From: 4184K(37376K)->6834K(34816K)
[199.286s][info][gc,heap        ] GC(186) ParOldGen: 194454K(229376K)->194502K(229376K)
[199.286s][info][gc,metaspace   ] GC(186) Metaspace: 41972K(42368K)->41972K(42368K) NonClass: 37630K(37888K)->37630K(37888K) Class: 4342K(4480K)->4342K(4480K)
[199.286s][info][gc             ] GC(186) Pause Young (Allocation Failure) 439M->196M(511M) 11.214ms
[199.286s][info][gc,cpu         ] GC(186) User=0.02s Sys=0.00s Real=0.01s
[200.582s][info][gc,start       ] GC(187) Pause Young (Allocation Failure)
[200.588s][info][gc,heap        ] GC(187) PSYoungGen: 266418K(294400K)->3346K(293376K) Eden: 259584K(259584K)->0K(259584K) From: 6834K(34816K)->3346K(33792K)
[200.588s][info][gc,heap        ] GC(187) ParOldGen: 194502K(229376K)->194630K(229376K)
[200.588s][info][gc,metaspace   ] GC(187) Metaspace: 42002K(42432K)->42002K(42432K) NonClass: 37660K(37952K)->37660K(37952K) Class: 4342K(4480K)->4342K(4480K)
[200.588s][info][gc             ] GC(187) Pause Young (Allocation Failure) 450M->193M(510M) 5.887ms
[200.588s][info][gc,cpu         ] GC(187) User=0.01s Sys=0.00s Real=0.01s
[201.668s][info][gc,start       ] GC(188) Pause Young (Allocation Failure)
[201.690s][info][gc,heap        ] GC(188) PSYoungGen: 262930K(293376K)->21914K(294912K) Eden: 259584K(259584K)->0K(262656K) From: 3346K(33792K)->21914K(32256K)
[201.690s][info][gc,heap        ] GC(188) ParOldGen: 194630K(229376K)->197464K(229376K)
[201.690s][info][gc,metaspace   ] GC(188) Metaspace: 42083K(42496K)->42083K(42496K) NonClass: 37740K(38016K)->37740K(38016K) Class: 4342K(4480K)->4342K(4480K)
[201.690s][info][gc             ] GC(188) Pause Young (Allocation Failure) 446M->214M(512M) 22.185ms
[201.690s][info][gc,cpu         ] GC(188) User=0.05s Sys=0.00s Real=0.02s
[202.405s][info][gc,start       ] GC(189) Pause Young (Allocation Failure)
[202.454s][info][gc,heap        ] GC(189) PSYoungGen: 284553K(294912K)->30136K(292864K) Eden: 262638K(262656K)->0K(262656K) From: 21914K(32256K)->30136K(30208K)
[202.454s][info][gc,heap        ] GC(189) ParOldGen: 197464K(229376K)->218965K(229376K)
[202.454s][info][gc,metaspace   ] GC(189) Metaspace: 42083K(42496K)->42083K(42496K) NonClass: 37740K(38016K)->37740K(38016K) Class: 4342K(4480K)->4342K(4480K)
[202.454s][info][gc             ] GC(189) Pause Young (Allocation Failure) 470M->243M(510M) 49.517ms
[202.454s][info][gc,cpu         ] GC(189) User=0.10s Sys=0.00s Real=0.05s
[203.287s][info][gc,start       ] GC(190) Pause Young (Allocation Failure)
[203.351s][info][gc,heap        ] GC(190) PSYoungGen: 292792K(292864K)->29504K(286720K) Eden: 262656K(262656K)->0K(246784K) From: 30136K(30208K)->29504K(39936K)
[203.351s][info][gc,heap        ] GC(190) ParOldGen: 218965K(229376K)->247645K(247808K)
[203.351s][info][gc,metaspace   ] GC(190) Metaspace: 42084K(42496K)->42084K(42496K) NonClass: 37741K(38016K)->37741K(38016K) Class: 4342K(4480K)->4342K(4480K)
[203.351s][info][gc             ] GC(190) Pause Young (Allocation Failure) 499M->270M(522M) 63.753ms
[203.351s][info][gc,cpu         ] GC(190) User=0.11s Sys=0.01s Real=0.06s
[207.235s][info][gc,start       ] GC(191) Pause Young (Allocation Failure)
[207.296s][info][gc,heap        ] GC(191) PSYoungGen: 276288K(286720K)->17068K(290304K) Eden: 246784K(246784K)->0K(246784K) From: 29504K(39936K)->17068K(43520K)
[207.296s][info][gc,heap        ] GC(191) ParOldGen: 247645K(247808K)->277334K(277504K)
[207.296s][info][gc,metaspace   ] GC(191) Metaspace: 42114K(42496K)->42114K(42496K) NonClass: 37771K(38016K)->37771K(38016K) Class: 4342K(4480K)->4342K(4480K)
[207.296s][info][gc             ] GC(191) Pause Young (Allocation Failure) 511M->287M(554M) 60.575ms
[207.296s][info][gc,cpu         ] GC(191) User=0.09s Sys=0.02s Real=0.06s
[208.037s][info][gc,start       ] GC(192) Pause Young (Allocation Failure)
[208.075s][info][gc,heap        ] GC(192) PSYoungGen: 263852K(290304K)->18074K(285696K) Eden: 246784K(246784K)->0K(248320K) From: 17068K(43520K)->18074K(37376K)
[208.075s][info][gc,heap        ] GC(192) ParOldGen: 277334K(277504K)->293218K(293376K)
[208.075s][info][gc,metaspace   ] GC(192) Metaspace: 42146K(42560K)->42146K(42560K) NonClass: 37803K(38080K)->37803K(38080K) Class: 4342K(4480K)->4342K(4480K)
[208.075s][info][gc             ] GC(192) Pause Young (Allocation Failure) 528M->303M(565M) 37.860ms
[208.075s][info][gc,cpu         ] GC(192) User=0.06s Sys=0.02s Real=0.04s
[208.754s][info][gc,start       ] GC(193) Pause Young (Allocation Failure)
[208.813s][info][gc,heap        ] GC(193) PSYoungGen: 266394K(285696K)->30904K(288768K) Eden: 248320K(248320K)->0K(248320K) From: 18074K(37376K)->30904K(40448K)
[208.813s][info][gc,heap        ] GC(193) ParOldGen: 293218K(293376K)->310922K(311296K)
[208.813s][info][gc,metaspace   ] GC(193) Metaspace: 42146K(42560K)->42146K(42560K) NonClass: 37803K(38080K)->37803K(38080K) Class: 4342K(4480K)->4342K(4480K)
[208.813s][info][gc             ] GC(193) Pause Young (Allocation Failure) 546M->333M(586M) 59.496ms
[208.813s][info][gc,cpu         ] GC(193) User=0.09s Sys=0.02s Real=0.06s
[209.519s][info][gc,start       ] GC(194) Pause Young (Allocation Failure)
[209.590s][info][gc,heap        ] GC(194) PSYoungGen: 279224K(288768K)->30944K(283648K) Eden: 248320K(248320K)->0K(239616K) From: 30904K(40448K)->30944K(44032K)
[209.590s][info][gc,heap        ] GC(194) ParOldGen: 310922K(311296K)->340402K(340480K)
[209.590s][info][gc,metaspace   ] GC(194) Metaspace: 42146K(42560K)->42146K(42560K) NonClass: 37803K(38080K)->37803K(38080K) Class: 4342K(4480K)->4342K(4480K)
[209.590s][info][gc             ] GC(194) Pause Young (Allocation Failure) 576M->362M(609M) 71.866ms
[209.590s][info][gc,cpu         ] GC(194) User=0.13s Sys=0.02s Real=0.07s
[211.283s][info][gc,start       ] GC(195) Pause Young (Allocation Failure)
[211.344s][info][gc,heap        ] GC(195) PSYoungGen: 270560K(283648K)->21004K(286720K) Eden: 239616K(239616K)->0K(239616K) From: 30944K(44032K)->21004K(47104K)
[211.344s][info][gc,heap        ] GC(195) ParOldGen: 340402K(340480K)->371563K(371712K)
[211.344s][info][gc,metaspace   ] GC(195) Metaspace: 42146K(42560K)->42146K(42560K) NonClass: 37803K(38080K)->37803K(38080K) Class: 4342K(4480K)->4342K(4480K)
[211.344s][info][gc             ] GC(195) Pause Young (Allocation Failure) 596M->383M(643M) 61.115ms
[211.344s][info][gc,cpu         ] GC(195) User=0.09s Sys=0.03s Real=0.07s
[212.746s][info][gc,start       ] GC(196) Pause Young (Allocation Failure)
[212.769s][info][gc,heap        ] GC(196) PSYoungGen: 260620K(286720K)->2109K(285696K) Eden: 239616K(239616K)->0K(241664K) From: 21004K(47104K)->2109K(44032K)
[212.769s][info][gc,heap        ] GC(196) ParOldGen: 371563K(371712K)->387273K(387584K)
[212.769s][info][gc,metaspace   ] GC(196) Metaspace: 42146K(42560K)->42146K(42560K) NonClass: 37804K(38080K)->37804K(38080K) Class: 4342K(4480K)->4342K(4480K)
[212.769s][info][gc             ] GC(196) Pause Young (Allocation Failure) 617M->380M(657M) 22.145ms
[212.769s][info][gc,cpu         ] GC(196) User=0.03s Sys=0.02s Real=0.02s
[214.245s][info][gc,start       ] GC(197) Pause Young (Allocation Failure)
[214.273s][info][gc,heap        ] GC(197) PSYoungGen: 243773K(285696K)->24423K(286720K) Eden: 241664K(241664K)->0K(241664K) From: 2109K(44032K)->24423K(45056K)
[214.273s][info][gc,heap        ] GC(197) ParOldGen: 387273K(387584K)->389225K(389632K)
[214.273s][info][gc,metaspace   ] GC(197) Metaspace: 42153K(42560K)->42153K(42560K) NonClass: 37811K(38080K)->37811K(38080K) Class: 4342K(4480K)->4342K(4480K)
[214.273s][info][gc             ] GC(197) Pause Young (Allocation Failure) 616M->403M(660M) 27.850ms
[214.273s][info][gc,cpu         ] GC(197) User=0.05s Sys=0.00s Real=0.02s
[215.929s][info][gc,start       ] GC(198) Pause Young (Allocation Failure)
[215.990s][info][gc,heap        ] GC(198) PSYoungGen: 266087K(286720K)->22726K(287232K) Eden: 241664K(241664K)->0K(243200K) From: 24423K(45056K)->22726K(44032K)
[215.990s][info][gc,heap        ] GC(198) ParOldGen: 389225K(389632K)->413749K(414208K)
[215.990s][info][gc,metaspace   ] GC(198) Metaspace: 42153K(42560K)->42153K(42560K) NonClass: 37811K(38080K)->37811K(38080K) Class: 4342K(4480K)->4342K(4480K)
[215.990s][info][gc             ] GC(198) Pause Young (Allocation Failure) 639M->426M(685M) 61.185ms
[215.990s][info][gc,cpu         ] GC(198) User=0.09s Sys=0.02s Real=0.06s
[217.054s][info][gc,start       ] GC(199) Pause Young (Allocation Failure)
[217.111s][info][gc,heap        ] GC(199) PSYoungGen: 265926K(287232K)->31783K(275456K) Eden: 243200K(243200K)->0K(243200K) From: 22726K(44032K)->31783K(32256K)
[217.111s][info][gc,heap        ] GC(199) ParOldGen: 413749K(414208K)->436437K(436736K)
[217.111s][info][gc,metaspace   ] GC(199) Metaspace: 42153K(42560K)->42153K(42560K) NonClass: 37811K(38080K)->37811K(38080K) Class: 4342K(4480K)->4342K(4480K)
[217.111s][info][gc             ] GC(199) Pause Young (Allocation Failure) 663M->457M(695M) 57.299ms
[217.111s][info][gc,cpu         ] GC(199) User=0.09s Sys=0.01s Real=0.05s
[217.782s][info][gc,start       ] GC(200) Pause Young (Allocation Failure)
[217.856s][info][gc,heap        ] GC(200) PSYoungGen: 274983K(275456K)->30456K(283648K) Eden: 243200K(243200K)->0K(236544K) From: 31783K(32256K)->30456K(47104K)
[217.856s][info][gc,heap        ] GC(200) ParOldGen: 436437K(436736K)->467927K(467968K)
[217.856s][info][gc,metaspace   ] GC(200) Metaspace: 42153K(42560K)->42153K(42560K) NonClass: 37811K(38080K)->37811K(38080K) Class: 4342K(4480K)->4342K(4480K)
[217.856s][info][gc             ] GC(200) Pause Young (Allocation Failure) 694M->486M(734M) 73.200ms
[217.856s][info][gc,cpu         ] GC(200) User=0.12s Sys=0.02s Real=0.08s
[218.513s][info][gc,start       ] GC(201) Pause Young (Allocation Failure)
[218.583s][info][gc,heap        ] GC(201) PSYoungGen: 267000K(283648K)->29760K(266752K) Eden: 236544K(236544K)->0K(236544K) From: 30456K(47104K)->29760K(30208K)
[218.583s][info][gc,heap        ] GC(201) ParOldGen: 467927K(467968K)->496943K(497152K)
[218.583s][info][gc,metaspace   ] GC(201) Metaspace: 42154K(42560K)->42154K(42560K) NonClass: 37811K(38080K)->37811K(38080K) Class: 4342K(4480K)->4342K(4480K)
[218.583s][info][gc             ] GC(201) Pause Young (Allocation Failure) 717M->514M(746M) 70.412ms
[218.583s][info][gc,cpu         ] GC(201) User=0.11s Sys=0.02s Real=0.08s
[220.265s][info][gc,start       ] GC(202) Pause Young (Allocation Failure)
[220.322s][info][gc,heap        ] GC(202) PSYoungGen: 266295K(266752K)->15021K(286208K) Eden: 236535K(236544K)->0K(237056K) From: 29760K(30208K)->15021K(49152K)
[220.322s][info][gc,heap        ] GC(202) ParOldGen: 496943K(497152K)->526920K(527360K)
[220.322s][info][gc,metaspace   ] GC(202) Metaspace: 42154K(42560K)->42154K(42560K) NonClass: 37811K(38080K)->37811K(38080K) Class: 4342K(4480K)->4342K(4480K)
[220.322s][info][gc             ] GC(202) Pause Young (Allocation Failure) 745M->529M(794M) 57.339ms
[220.322s][info][gc,cpu         ] GC(202) User=0.09s Sys=0.02s Real=0.05s
[221.454s][info][gc,start       ] GC(203) Pause Young (Allocation Failure)
[221.482s][info][gc,heap        ] GC(203) PSYoungGen: 252077K(286208K)->10542K(247808K) Eden: 237056K(237056K)->0K(237056K) From: 15021K(49152K)->10542K(10752K)
[221.482s][info][gc,heap        ] GC(203) ParOldGen: 526920K(527360K)->540848K(541184K)
[221.482s][info][gc,metaspace   ] GC(203) Metaspace: 42154K(42560K)->42154K(42560K) NonClass: 37811K(38080K)->37811K(38080K) Class: 4342K(4480K)->4342K(4480K)
[221.482s][info][gc             ] GC(203) Pause Young (Allocation Failure) 760M->538M(770M) 27.635ms
[221.482s][info][gc,cpu         ] GC(203) User=0.05s Sys=0.02s Real=0.02s
[222.913s][info][gc,start       ] GC(204) Pause Young (Allocation Failure)
[222.950s][info][gc,heap        ] GC(204) PSYoungGen: 247598K(247808K)->26025K(284160K) Eden: 237056K(237056K)->0K(237568K) From: 10542K(10752K)->26025K(46592K)
[222.951s][info][gc,heap        ] GC(204) ParOldGen: 540848K(541184K)->551459K(551936K)
[222.951s][info][gc,metaspace   ] GC(204) Metaspace: 42154K(42560K)->42154K(42560K) NonClass: 37811K(38080K)->37811K(38080K) Class: 4342K(4480K)->4342K(4480K)
[222.951s][info][gc             ] GC(204) Pause Young (Allocation Failure) 769M->563M(816M) 37.770ms
[222.951s][info][gc,cpu         ] GC(204) User=0.07s Sys=0.00s Real=0.04s
[224.372s][info][gc,start       ] GC(205) Pause Young (Allocation Failure)
[224.425s][info][gc,heap        ] GC(205) PSYoungGen: 263593K(284160K)->22512K(283648K) Eden: 237568K(237568K)->0K(237568K) From: 26025K(46592K)->22512K(46080K)
[224.425s][info][gc,heap        ] GC(205) ParOldGen: 551459K(551936K)->577036K(577536K)
[224.425s][info][gc,metaspace   ] GC(205) Metaspace: 42155K(42560K)->42155K(42560K) NonClass: 37812K(38080K)->37812K(38080K) Class: 4342K(4480K)->4342K(4480K)
[224.425s][info][gc             ] GC(205) Pause Young (Allocation Failure) 795M->585M(841M) 52.823ms
[224.425s][info][gc,cpu         ] GC(205) User=0.08s Sys=0.02s Real=0.06s
[225.661s][info][gc,start       ] GC(206) Pause Young (Allocation Failure)
[225.712s][info][gc,heap        ] GC(206) PSYoungGen: 260080K(283648K)->27849K(285184K) Eden: 237568K(237568K)->0K(240640K) From: 22512K(46080K)->27849K(44544K)
[225.712s][info][gc,heap        ] GC(206) ParOldGen: 577036K(577536K)->599658K(600064K)
[225.712s][info][gc,metaspace   ] GC(206) Metaspace: 42160K(42560K)->42160K(42560K) NonClass: 37817K(38080K)->37817K(38080K) Class: 4342K(4480K)->4342K(4480K)
[225.712s][info][gc             ] GC(206) Pause Young (Allocation Failure) 817M->612M(864M) 51.484ms
[225.712s][info][gc,cpu         ] GC(206) User=0.08s Sys=0.02s Real=0.05s
[226.692s][info][gc,start       ] GC(207) Pause Young (Allocation Failure)
[226.726s][info][gc,heap        ] GC(207) PSYoungGen: 268489K(285184K)->13333K(285696K) Eden: 240640K(240640K)->0K(240640K) From: 27849K(44544K)->13333K(45056K)
[226.726s][info][gc,heap        ] GC(207) ParOldGen: 599658K(600064K)->619570K(620032K)
[226.726s][info][gc,metaspace   ] GC(207) Metaspace: 42172K(42560K)->42172K(42560K) NonClass: 37830K(38080K)->37830K(38080K) Class: 4342K(4480K)->4342K(4480K)
[226.726s][info][gc             ] GC(207) Pause Young (Allocation Failure) 847M->618M(884M) 34.401ms
[226.726s][info][gc,cpu         ] GC(207) User=0.05s Sys=0.02s Real=0.04s
[227.651s][info][gc,start       ] GC(208) Pause Young (Allocation Failure)
[227.681s][info][gc,heap        ] GC(208) PSYoungGen: 253973K(285696K)->22714K(286208K) Eden: 240640K(240640K)->0K(244736K) From: 13333K(45056K)->22714K(41472K)
[227.681s][info][gc,heap        ] GC(208) ParOldGen: 619570K(620032K)->620370K(620544K)
[227.681s][info][gc,metaspace   ] GC(208) Metaspace: 42173K(42560K)->42173K(42560K) NonClass: 37831K(38080K)->37831K(38080K) Class: 4342K(4480K)->4342K(4480K)
[227.681s][info][gc             ] GC(208) Pause Young (Allocation Failure) 853M->628M(885M) 30.644ms
[227.681s][info][gc,cpu         ] GC(208) User=0.05s Sys=0.00s Real=0.03s
[228.649s][info][gc,start       ] GC(209) Pause Young (Allocation Failure)
[228.655s][info][gc,heap        ] GC(209) PSYoungGen: 267450K(286208K)->3904K(287232K) Eden: 244736K(244736K)->0K(244736K) From: 22714K(41472K)->3904K(42496K)
[228.655s][info][gc,heap        ] GC(209) ParOldGen: 620370K(620544K)->621354K(621568K)
[228.655s][info][gc,metaspace   ] GC(209) Metaspace: 42184K(42560K)->42184K(42560K) NonClass: 37841K(38080K)->37841K(38080K) Class: 4342K(4480K)->4342K(4480K)
[228.655s][info][gc             ] GC(209) Pause Young (Allocation Failure) 867M->610M(887M) 5.698ms
[228.655s][info][gc,cpu         ] GC(209) User=0.01s Sys=0.00s Real=0.01s
[229.527s][info][gc,start       ] GC(210) Pause Young (Allocation Failure)
[229.540s][info][gc,heap        ] GC(210) PSYoungGen: 248323K(287232K)->1499K(289792K) Eden: 244419K(244736K)->0K(246784K) From: 3904K(42496K)->1499K(43008K)
[229.540s][info][gc,heap        ] GC(210) ParOldGen: 621354K(621568K)->622618K(623104K)
[229.540s][info][gc,metaspace   ] GC(210) Metaspace: 42187K(42560K)->42187K(42560K) NonClass: 37844K(38080K)->37844K(38080K) Class: 4342K(4480K)->4342K(4480K)
[229.540s][info][gc             ] GC(210) Pause Young (Allocation Failure) 849M->609M(891M) 12.629ms
[229.540s][info][gc,cpu         ] GC(210) User=0.01s Sys=0.00s Real=0.01s
[230.527s][info][gc,start       ] GC(211) Pause Young (Allocation Failure)
[230.554s][info][gc,heap        ] GC(211) PSYoungGen: 248283K(289792K)->26021K(272896K) Eden: 246784K(246784K)->0K(246784K) From: 1499K(43008K)->26021K(26112K)
[230.554s][info][gc,heap        ] GC(211) ParOldGen: 622618K(623104K)->623770K(624128K)
[230.554s][info][gc,metaspace   ] GC(211) Metaspace: 42187K(42560K)->42187K(42560K) NonClass: 37845K(38080K)->37845K(38080K) Class: 4342K(4480K)->4342K(4480K)
[230.554s][info][gc             ] GC(211) Pause Young (Allocation Failure) 850M->634M(876M) 26.774ms
[230.554s][info][gc,cpu         ] GC(211) User=0.04s Sys=0.00s Real=0.03s
[231.566s][info][gc,start       ] GC(212) Pause Young (Allocation Failure)
[231.577s][info][gc,heap        ] GC(212) PSYoungGen: 272805K(272896K)->10971K(290816K) Eden: 246784K(246784K)->0K(246272K) From: 26021K(26112K)->10971K(44544K)
[231.577s][info][gc,heap        ] GC(212) ParOldGen: 623770K(624128K)->624506K(624640K)
[231.577s][info][gc,metaspace   ] GC(212) Metaspace: 42189K(42560K)->42189K(42560K) NonClass: 37846K(38080K)->37846K(38080K) Class: 4342K(4480K)->4342K(4480K)
[231.577s][info][gc             ] GC(212) Pause Young (Allocation Failure) 875M->620M(894M) 11.284ms
[231.577s][info][gc,cpu         ] GC(212) User=0.02s Sys=0.00s Real=0.01s
[232.467s][info][gc,start       ] GC(213) Pause Young (Allocation Failure)
[232.476s][info][gc,heap        ] GC(213) PSYoungGen: 257243K(290816K)->8117K(254464K) Eden: 246272K(246272K)->0K(246272K) From: 10971K(44544K)->8117K(8192K)
[232.476s][info][gc,heap        ] GC(213) ParOldGen: 624506K(624640K)->625650K(625664K)
[232.476s][info][gc,metaspace   ] GC(213) Metaspace: 42189K(42560K)->42189K(42560K) NonClass: 37847K(38080K)->37847K(38080K) Class: 4342K(4480K)->4342K(4480K)
[232.476s][info][gc             ] GC(213) Pause Young (Allocation Failure) 861M->618M(859M) 8.923ms
[232.476s][info][gc,cpu         ] GC(213) User=0.02s Sys=0.00s Real=0.01s
[233.388s][info][gc,start       ] GC(214) Pause Young (Allocation Failure)
[233.397s][info][gc,heap        ] GC(214) PSYoungGen: 254387K(254464K)->7310K(289280K) Eden: 246269K(246272K)->0K(247296K) From: 8117K(8192K)->7310K(41984K)
[233.397s][info][gc,heap        ] GC(214) ParOldGen: 625650K(625664K)->626558K(626688K)
[233.397s][info][gc,metaspace   ] GC(214) Metaspace: 42189K(42560K)->42189K(42560K) NonClass: 37847K(38080K)->37847K(38080K) Class: 4342K(4480K)->4342K(4480K)
[233.397s][info][gc             ] GC(214) Pause Young (Allocation Failure) 859M->619M(894M) 8.845ms
[233.397s][info][gc,cpu         ] GC(214) User=0.02s Sys=0.00s Real=0.01s
[234.359s][info][gc,start       ] GC(215) Pause Young (Allocation Failure)
[234.371s][info][gc,heap        ] GC(215) PSYoungGen: 254606K(289280K)->5109K(288256K) Eden: 247296K(247296K)->0K(247296K) From: 7310K(41984K)->5109K(40960K)
[234.371s][info][gc,heap        ] GC(215) ParOldGen: 626558K(626688K)->627594K(627712K)
[234.371s][info][gc,metaspace   ] GC(215) Metaspace: 42189K(42560K)->42189K(42560K) NonClass: 37847K(38080K)->37847K(38080K) Class: 4342K(4480K)->4342K(4480K)
[234.371s][info][gc             ] GC(215) Pause Young (Allocation Failure) 860M->617M(894M) 12.176ms
[234.371s][info][gc,cpu         ] GC(215) User=0.01s Sys=0.00s Real=0.01s
[235.234s][info][gc,start       ] GC(216) Pause Young (Allocation Failure)
[235.274s][info][gc,heap        ] GC(216) PSYoungGen: 252405K(288256K)->40085K(280064K) Eden: 247296K(247296K)->0K(239616K) From: 5109K(40960K)->40085K(40448K)
[235.274s][info][gc,heap        ] GC(216) ParOldGen: 627594K(627712K)->628730K(628736K)
[235.274s][info][gc,metaspace   ] GC(216) Metaspace: 42189K(42560K)->42189K(42560K) NonClass: 37847K(38080K)->37847K(38080K) Class: 4342K(4480K)->4342K(4480K)
[235.274s][info][gc             ] GC(216) Pause Young (Allocation Failure) 859M->653M(887M) 40.196ms
[235.274s][info][gc,cpu         ] GC(216) User=0.07s Sys=0.01s Real=0.04s
[236.482s][info][gc,start       ] GC(217) Pause Young (Allocation Failure)
[236.531s][info][gc,heap        ] GC(217) PSYoungGen: 279701K(280064K)->18050K(286720K) Eden: 239616K(239616K)->0K(239616K) From: 40085K(40448K)->18050K(47104K)
[236.531s][info][gc,heap        ] GC(217) ParOldGen: 628730K(628736K)->649586K(649728K)
[236.531s][info][gc,metaspace   ] GC(217) Metaspace: 42189K(42560K)->42189K(42560K) NonClass: 37847K(38080K)->37847K(38080K) Class: 4342K(4480K)->4342K(4480K)
[236.531s][info][gc             ] GC(217) Pause Young (Allocation Failure) 887M->651M(914M) 49.653ms
[236.531s][info][gc,cpu         ] GC(217) User=0.08s Sys=0.02s Real=0.05s
[237.478s][info][gc,start       ] GC(218) Pause Full (Allocation Failure)
[237.478s][info][gc,phases,start] GC(218) Marking Phase
[237.553s][info][gc,phases      ] GC(218) Marking Phase 74.842ms
[237.553s][info][gc,phases,start] GC(218) Summary Phase
[237.553s][info][gc,phases      ] GC(218) Summary Phase 0.045ms
[237.553s][info][gc,phases,start] GC(218) Forward
[237.570s][info][gc,phases      ] GC(218) Forward 17.117ms
[237.570s][info][gc,phases,start] GC(218) Adjust Pointers
[237.614s][info][gc,phases      ] GC(218) Adjust Pointers 43.977ms
[237.614s][info][gc,phases,start] GC(218) Compaction Phase
[237.631s][info][gc,phases      ] GC(218) Compaction Phase 17.230ms
[237.632s][info][gc,phases,start] GC(218) Post Compact
[237.634s][info][gc,phases      ] GC(218) Post Compact 2.893ms
[237.674s][info][gc,heap        ] GC(218) PSYoungGen: 257666K(286720K)->0K(284160K) Eden: 239616K(239616K)->0K(242176K) From: 18050K(47104K)->0K(41984K)
[237.674s][info][gc,heap        ] GC(218) ParOldGen: 649586K(649728K)->84870K(204288K)
[237.674s][info][gc,metaspace   ] GC(218) Metaspace: 42189K(42560K)->42189K(42560K) NonClass: 37847K(38080K)->37847K(38080K) Class: 4342K(4480K)->4342K(4480K)
[237.674s][info][gc             ] GC(218) Pause Full (Allocation Failure) 885M->82M(477M) 195.816ms
[237.674s][info][gc,cpu         ] GC(218) User=0.23s Sys=0.04s Real=0.20s
[238.444s][info][gc,start       ] GC(219) Pause Young (Allocation Failure)
[238.464s][info][gc,heap        ] GC(219) PSYoungGen: 242176K(284160K)->24450K(286720K) Eden: 242176K(242176K)->0K(242176K) From: 0K(41984K)->24450K(44544K)
[238.464s][info][gc,heap        ] GC(219) ParOldGen: 84870K(204288K)->84870K(204288K)
[238.464s][info][gc,metaspace   ] GC(219) Metaspace: 42203K(42624K)->42203K(42624K) NonClass: 37860K(38144K)->37860K(38144K) Class: 4342K(4480K)->4342K(4480K)
[238.464s][info][gc             ] GC(219) Pause Young (Allocation Failure) 319M->106M(479M) 19.881ms
[238.464s][info][gc,cpu         ] GC(219) User=0.04s Sys=0.00s Real=0.02s
[239.284s][info][gc,start       ] GC(220) Pause Young (Allocation Failure)
[239.299s][info][gc,heap        ] GC(220) PSYoungGen: 266626K(286720K)->4348K(288256K) Eden: 242176K(242176K)->0K(244736K) From: 24450K(44544K)->4348K(43520K)
[239.299s][info][gc,heap        ] GC(220) ParOldGen: 84870K(204288K)->98246K(204288K)
[239.299s][info][gc,metaspace   ] GC(220) Metaspace: 42204K(42624K)->42204K(42624K) NonClass: 37861K(38144K)->37861K(38144K) Class: 4342K(4480K)->4342K(4480K)
[239.299s][info][gc             ] GC(220) Pause Young (Allocation Failure) 343M->100M(481M) 14.980ms
[239.299s][info][gc,cpu         ] GC(220) User=0.03s Sys=0.00s Real=0.01s
[240.169s][info][gc,start       ] GC(221) Pause Young (Allocation Failure)
[240.174s][info][gc,heap        ] GC(221) PSYoungGen: 249084K(288256K)->6653K(288768K) Eden: 244736K(244736K)->0K(244736K) From: 4348K(43520K)->6653K(44032K)
[240.174s][info][gc,heap        ] GC(221) ParOldGen: 98246K(204288K)->98628K(204288K)
[240.174s][info][gc,metaspace   ] GC(221) Metaspace: 42205K(42624K)->42205K(42624K) NonClass: 37863K(38144K)->37863K(38144K) Class: 4342K(4480K)->4342K(4480K)
[240.175s][info][gc             ] GC(221) Pause Young (Allocation Failure) 339M->102M(481M) 6.006ms
[240.175s][info][gc,cpu         ] GC(221) User=0.01s Sys=0.00s Real=0.01s
[241.048s][info][gc,start       ] GC(222) Pause Young (Allocation Failure)
[241.059s][info][gc,heap        ] GC(222) PSYoungGen: 251389K(288768K)->14120K(285184K) Eden: 244736K(244736K)->0K(246784K) From: 6653K(44032K)->14120K(38400K)
[241.059s][info][gc,heap        ] GC(222) ParOldGen: 98628K(204288K)->99409K(204288K)
[241.059s][info][gc,metaspace   ] GC(222) Metaspace: 42207K(42624K)->42207K(42624K) NonClass: 37864K(38144K)->37864K(38144K) Class: 4343K(4480K)->4343K(4480K)
[241.059s][info][gc             ] GC(222) Pause Young (Allocation Failure) 341M->110M(478M) 11.678ms
[241.059s][info][gc,cpu         ] GC(222) User=0.02s Sys=0.00s Real=0.01s
[241.972s][info][gc,start       ] GC(223) Pause Young (Allocation Failure)
[242.002s][info][gc,heap        ] GC(223) PSYoungGen: 260904K(285184K)->40417K(287232K) Eden: 246784K(246784K)->0K(246784K) From: 14120K(38400K)->40417K(40448K)
[242.002s][info][gc,heap        ] GC(223) ParOldGen: 99409K(204288K)->110290K(204288K)
[242.002s][info][gc,metaspace   ] GC(223) Metaspace: 42209K(42624K)->42209K(42624K) NonClass: 37865K(38144K)->37865K(38144K) Class: 4343K(4480K)->4343K(4480K)
[242.002s][info][gc             ] GC(223) Pause Young (Allocation Failure) 351M->147M(480M) 29.717ms
[242.002s][info][gc,cpu         ] GC(223) User=0.06s Sys=0.00s Real=0.03s
[242.942s][info][gc,start       ] GC(224) Pause Young (Allocation Failure)
[243.032s][info][gc,heap        ] GC(224) PSYoungGen: 287201K(287232K)->46583K(193024K) Eden: 246784K(246784K)->0K(146432K) From: 40417K(40448K)->46583K(46592K)
[243.032s][info][gc,heap        ] GC(224) ParOldGen: 110290K(204288K)->205230K(205312K)
[243.032s][info][gc,metaspace   ] GC(224) Metaspace: 42210K(42624K)->42210K(42624K) NonClass: 37867K(38144K)->37867K(38144K) Class: 4343K(4480K)->4343K(4480K)
[243.032s][info][gc             ] GC(224) Pause Young (Allocation Failure) 388M->245M(389M) 90.607ms
[243.032s][info][gc,cpu         ] GC(224) User=0.18s Sys=0.00s Real=0.09s
[243.547s][info][gc,start       ] GC(225) Pause Young (Allocation Failure)
[243.603s][info][gc,heap        ] GC(225) PSYoungGen: 193015K(193024K)->19684K(240128K) Eden: 146432K(146432K)->0K(146432K) From: 46583K(46592K)->19684K(93696K)
[243.603s][info][gc,heap        ] GC(225) ParOldGen: 205230K(205312K)->241889K(242176K)
[243.603s][info][gc,metaspace   ] GC(225) Metaspace: 42210K(42624K)->42210K(42624K) NonClass: 37867K(38144K)->37867K(38144K) Class: 4343K(4480K)->4343K(4480K)
[243.603s][info][gc             ] GC(225) Pause Young (Allocation Failure) 388M->255M(471M) 56.621ms
[243.603s][info][gc,cpu         ] GC(225) User=0.09s Sys=0.02s Real=0.06s
[244.136s][info][gc,start       ] GC(226) Pause Young (Allocation Failure)
[244.150s][info][gc,heap        ] GC(226) PSYoungGen: 166116K(240128K)->6069K(232448K) Eden: 146432K(146432K)->0K(151040K) From: 19684K(93696K)->6069K(81408K)
[244.150s][info][gc,heap        ] GC(226) ParOldGen: 241889K(242176K)->251708K(251904K)
[244.150s][info][gc,metaspace   ] GC(226) Metaspace: 42210K(42624K)->42210K(42624K) NonClass: 37867K(38144K)->37867K(38144K) Class: 4343K(4480K)->4343K(4480K)
[244.151s][info][gc             ] GC(226) Pause Young (Allocation Failure) 398M->251M(473M) 14.422ms
[244.151s][info][gc,cpu         ] GC(226) User=0.02s Sys=0.01s Real=0.01s
[244.710s][info][gc,start       ] GC(227) Pause Young (Allocation Failure)
[244.724s][info][gc,heap        ] GC(227) PSYoungGen: 157109K(232448K)->20365K(238592K) Eden: 151040K(151040K)->0K(151040K) From: 6069K(81408K)->20365K(87552K)
[244.724s][info][gc,heap        ] GC(227) ParOldGen: 251708K(251904K)->252245K(252416K)
[244.724s][info][gc,metaspace   ] GC(227) Metaspace: 42210K(42624K)->42210K(42624K) NonClass: 37867K(38144K)->37867K(38144K) Class: 4343K(4480K)->4343K(4480K)
[244.724s][info][gc             ] GC(227) Pause Young (Allocation Failure) 399M->266M(479M) 13.660ms
[244.724s][info][gc,cpu         ] GC(227) User=0.03s Sys=0.00s Real=0.02s
[245.215s][info][gc,start       ] GC(228) Pause Young (Allocation Failure)
[245.221s][info][gc,heap        ] GC(228) PSYoungGen: 171405K(238592K)->6361K(240640K) Eden: 151040K(151040K)->0K(163328K) From: 20365K(87552K)->6361K(77312K)
[245.221s][info][gc,heap        ] GC(228) ParOldGen: 252245K(252416K)->252854K(252928K)
[245.221s][info][gc,metaspace   ] GC(228) Metaspace: 42210K(42624K)->42210K(42624K) NonClass: 37867K(38144K)->37867K(38144K) Class: 4343K(4480K)->4343K(4480K)
[245.221s][info][gc             ] GC(228) Pause Young (Allocation Failure) 413M->253M(482M) 6.364ms
[245.221s][info][gc,cpu         ] GC(228) User=0.01s Sys=0.00s Real=0.00s
[245.785s][info][gc,start       ] GC(229) Pause Young (Allocation Failure)
[245.795s][info][gc,heap        ] GC(229) PSYoungGen: 169689K(240640K)->14481K(244224K) Eden: 163328K(163328K)->0K(163328K) From: 6361K(77312K)->14481K(80896K)
[245.795s][info][gc,heap        ] GC(229) ParOldGen: 252854K(252928K)->253592K(253952K)
[245.795s][info][gc,metaspace   ] GC(229) Metaspace: 42210K(42624K)->42210K(42624K) NonClass: 37867K(38144K)->37867K(38144K) Class: 4343K(4480K)->4343K(4480K)
[245.795s][info][gc             ] GC(229) Pause Young (Allocation Failure) 412M->261M(486M) 10.604ms
[245.795s][info][gc,cpu         ] GC(229) User=0.02s Sys=0.00s Real=0.01s
[246.361s][info][gc,start       ] GC(230) Pause Young (Allocation Failure)
[246.378s][info][gc,heap        ] GC(230) PSYoungGen: 177809K(244224K)->27515K(246272K) Eden: 163328K(163328K)->0K(176128K) From: 14481K(80896K)->27515K(70144K)
[246.379s][info][gc,heap        ] GC(230) ParOldGen: 253592K(253952K)->253993K(254464K)
[246.379s][info][gc,metaspace   ] GC(230) Metaspace: 42210K(42624K)->42210K(42624K) NonClass: 37867K(38144K)->37867K(38144K) Class: 4343K(4480K)->4343K(4480K)
[246.379s][info][gc             ] GC(230) Pause Young (Allocation Failure) 421M->274M(489M) 17.631ms
[246.379s][info][gc,cpu         ] GC(230) User=0.04s Sys=0.00s Real=0.02s
[246.932s][info][gc,start       ] GC(231) Pause Young (Allocation Failure)
[246.946s][info][gc,heap        ] GC(231) PSYoungGen: 203643K(246272K)->21534K(249344K) Eden: 176128K(176128K)->0K(176128K) From: 27515K(70144K)->21534K(73216K)
[246.946s][info][gc,heap        ] GC(231) ParOldGen: 253993K(254464K)->254339K(254464K)
[246.946s][info][gc,metaspace   ] GC(231) Metaspace: 42210K(42624K)->42210K(42624K) NonClass: 37867K(38144K)->37867K(38144K) Class: 4343K(4480K)->4343K(4480K)
[246.946s][info][gc             ] GC(231) Pause Young (Allocation Failure) 446M->269M(492M) 13.809ms
[246.946s][info][gc,cpu         ] GC(231) User=0.03s Sys=0.01s Real=0.02s
[247.499s][info][gc,start       ] GC(232) Pause Young (Allocation Failure)
[247.522s][info][gc,heap        ] GC(232) PSYoungGen: 197662K(249344K)->1102K(259584K) Eden: 176128K(176128K)->0K(190976K) From: 21534K(73216K)->1102K(68608K)
[247.522s][info][gc,heap        ] GC(232) ParOldGen: 254339K(254464K)->275080K(275456K)
[247.522s][info][gc,metaspace   ] GC(232) Metaspace: 42210K(42624K)->42210K(42624K) NonClass: 37867K(38144K)->37867K(38144K) Class: 4343K(4480K)->4343K(4480K)
[247.522s][info][gc             ] GC(232) Pause Young (Allocation Failure) 441M->269M(522M) 22.607ms
[247.522s][info][gc,cpu         ] GC(232) User=0.03s Sys=0.02s Real=0.02s
[248.093s][info][gc,start       ] GC(233) Pause Young (Allocation Failure)
[248.095s][info][gc,heap        ] GC(233) PSYoungGen: 192078K(259584K)->1385K(259072K) Eden: 190976K(190976K)->0K(190976K) From: 1102K(68608K)->1385K(68096K)
[248.095s][info][gc,heap        ] GC(233) ParOldGen: 275080K(275456K)->275264K(275456K)
[248.095s][info][gc,metaspace   ] GC(233) Metaspace: 42210K(42624K)->42210K(42624K) NonClass: 37867K(38144K)->37867K(38144K) Class: 4343K(4480K)->4343K(4480K)
[248.095s][info][gc             ] GC(233) Pause Young (Allocation Failure) 456M->270M(522M) 2.900ms
[248.095s][info][gc,cpu         ] GC(233) User=0.00s Sys=0.00s Real=0.01s
[248.541s][info][gc,start       ] GC(234) Pause Young (Allocation Failure)
[248.546s][info][gc,heap        ] GC(234) PSYoungGen: 192361K(259072K)->3100K(263168K) Eden: 190976K(190976K)->0K(198656K) From: 1385K(68096K)->3100K(64512K)
[248.546s][info][gc,heap        ] GC(234) ParOldGen: 275264K(275456K)->275728K(275968K)
[248.546s][info][gc,metaspace   ] GC(234) Metaspace: 42213K(42624K)->42213K(42624K) NonClass: 37869K(38144K)->37869K(38144K) Class: 4343K(4480K)->4343K(4480K)
[248.546s][info][gc             ] GC(234) Pause Young (Allocation Failure) 456M->272M(526M) 4.660ms
[248.546s][info][gc,cpu         ] GC(234) User=0.01s Sys=0.00s Real=0.01s
[248.891s][info][gc,start       ] GC(235) Pause Young (Allocation Failure)
[248.896s][info][gc,heap        ] GC(235) PSYoungGen: 201756K(263168K)->2222K(263680K) Eden: 198656K(198656K)->0K(198656K) From: 3100K(64512K)->2222K(65024K)
[248.896s][info][gc,heap        ] GC(235) ParOldGen: 275728K(275968K)->277435K(277504K)
[248.896s][info][gc,metaspace   ] GC(235) Metaspace: 42213K(42624K)->42213K(42624K) NonClass: 37869K(38144K)->37869K(38144K) Class: 4343K(4480K)->4343K(4480K)
[248.896s][info][gc             ] GC(235) Pause Young (Allocation Failure) 466M->273M(528M) 4.697ms
[248.896s][info][gc,cpu         ] GC(235) User=0.00s Sys=0.00s Real=0.01s
[249.287s][info][gc,start       ] GC(236) Pause Young (Allocation Failure)
[249.294s][info][gc,heap        ] GC(236) PSYoungGen: 199344K(263680K)->10099K(263168K) Eden: 197121K(198656K)->0K(205824K) From: 2222K(65024K)->10099K(57344K)
[249.294s][info][gc,heap        ] GC(236) ParOldGen: 277435K(277504K)->277688K(278016K)
[249.294s][info][gc,metaspace   ] GC(236) Metaspace: 42215K(42624K)->42215K(42624K) NonClass: 37872K(38144K)->37872K(38144K) Class: 4343K(4480K)->4343K(4480K)
[249.294s][info][gc             ] GC(236) Pause Young (Allocation Failure) 465M->281M(528M) 7.754ms
[249.294s][info][gc,cpu         ] GC(236) User=0.01s Sys=0.00s Real=0.01s
[249.554s][info][gc,start       ] GC(237) Pause Young (Allocation Failure)
[249.566s][info][gc,heap        ] GC(237) PSYoungGen: 214699K(263168K)->1404K(265216K) Eden: 204600K(205824K)->0K(205824K) From: 10099K(57344K)->1404K(59392K)
[249.566s][info][gc,heap        ] GC(237) ParOldGen: 277688K(278016K)->287581K(287744K)
[249.566s][info][gc,metaspace   ] GC(237) Metaspace: 42215K(42624K)->42215K(42624K) NonClass: 37872K(38144K)->37872K(38144K) Class: 4343K(4480K)->4343K(4480K)
[249.566s][info][gc             ] GC(237) Pause Young (Allocation Failure) 480M->282M(540M) 11.968ms
[249.566s][info][gc,cpu         ] GC(237) User=0.01s Sys=0.00s Real=0.01s
[249.834s][info][gc,start       ] GC(238) Pause Young (Allocation Failure)
[249.840s][info][gc,heap        ] GC(238) PSYoungGen: 206349K(265216K)->2225K(270336K) Eden: 204944K(205824K)->0K(217088K) From: 1404K(59392K)->2225K(53248K)
[249.840s][info][gc,heap        ] GC(238) ParOldGen: 287581K(287744K)->288930K(289280K)
[249.840s][info][gc,metaspace   ] GC(238) Metaspace: 42215K(42624K)->42215K(42624K) NonClass: 37872K(38144K)->37872K(38144K) Class: 4343K(4480K)->4343K(4480K)
[249.840s][info][gc             ] GC(238) Pause Young (Allocation Failure) 482M->284M(546M) 5.762ms
[249.840s][info][gc,cpu         ] GC(238) User=0.01s Sys=0.00s Real=0.00s
[250.137s][info][gc,start       ] GC(239) Pause Young (Allocation Failure)
[250.146s][info][gc,heap        ] GC(239) PSYoungGen: 219313K(270336K)->4841K(272384K) Eden: 217088K(217088K)->0K(217088K) From: 2225K(53248K)->4841K(55296K)
[250.146s][info][gc,heap        ] GC(239) ParOldGen: 288930K(289280K)->291106K(291328K)
[250.146s][info][gc,metaspace   ] GC(239) Metaspace: 42215K(42624K)->42215K(42624K) NonClass: 37872K(38144K)->37872K(38144K) Class: 4343K(4480K)->4343K(4480K)
[250.146s][info][gc             ] GC(239) Pause Young (Allocation Failure) 496M->289M(550M) 8.745ms
[250.146s][info][gc,cpu         ] GC(239) User=0.01s Sys=0.00s Real=0.01s
[250.426s][info][gc,start       ] GC(240) Pause Young (Allocation Failure)
[250.436s][info][gc,heap        ] GC(240) PSYoungGen: 221164K(272384K)->1790K(273920K) Eden: 216323K(217088K)->0K(225792K) From: 4841K(55296K)->1790K(48128K)
[250.436s][info][gc,heap        ] GC(240) ParOldGen: 291106K(291328K)->295927K(295936K)
[250.436s][info][gc,metaspace   ] GC(240) Metaspace: 42215K(42624K)->42215K(42624K) NonClass: 37872K(38144K)->37872K(38144K) Class: 4343K(4480K)->4343K(4480K)
[250.436s][info][gc             ] GC(240) Pause Young (Allocation Failure) 500M->290M(556M) 9.622ms
[250.436s][info][gc,cpu         ] GC(240) User=0.01s Sys=0.01s Real=0.01s
[250.757s][info][gc,start       ] GC(241) Pause Young (Allocation Failure)
[250.768s][info][gc,heap        ] GC(241) PSYoungGen: 227323K(273920K)->6824K(275968K) Eden: 225532K(225792K)->0K(225792K) From: 1790K(48128K)->6824K(50176K)
[250.768s][info][gc,heap        ] GC(241) ParOldGen: 295927K(295936K)->297620K(297984K)
[250.768s][info][gc,metaspace   ] GC(241) Metaspace: 42215K(42624K)->42215K(42624K) NonClass: 37872K(38144K)->37872K(38144K) Class: 4343K(4480K)->4343K(4480K)
[250.768s][info][gc             ] GC(241) Pause Young (Allocation Failure) 510M->297M(560M) 10.619ms
[250.768s][info][gc,cpu         ] GC(241) User=0.02s Sys=0.00s Real=0.01s
[251.081s][info][gc,start       ] GC(242) Pause Young (Allocation Failure)
[251.097s][info][gc,heap        ] GC(242) PSYoungGen: 231300K(275968K)->4877K(279552K) Eden: 224476K(225792K)->0K(236544K) From: 6824K(50176K)->4877K(43008K)
[251.097s][info][gc,heap        ] GC(242) ParOldGen: 297620K(297984K)->304566K(304640K)
[251.097s][info][gc,metaspace   ] GC(242) Metaspace: 42215K(42624K)->42215K(42624K) NonClass: 37872K(38144K)->37872K(38144K) Class: 4343K(4480K)->4343K(4480K)
[251.097s][info][gc             ] GC(242) Pause Young (Allocation Failure) 516M->302M(570M) 15.739ms
[251.097s][info][gc,cpu         ] GC(242) User=0.02s Sys=0.01s Real=0.02s
[251.596s][info][gc,start       ] GC(243) Pause Young (Allocation Failure)
[251.616s][info][gc,heap        ] GC(243) PSYoungGen: 241421K(279552K)->14814K(281088K) Eden: 236544K(236544K)->0K(236544K) From: 4877K(43008K)->14814K(44544K)
[251.616s][info][gc,heap        ] GC(243) ParOldGen: 304566K(304640K)->309321K(309760K)
[251.616s][info][gc,metaspace   ] GC(243) Metaspace: 42223K(42624K)->42223K(42624K) NonClass: 37879K(38144K)->37879K(38144K) Class: 4343K(4480K)->4343K(4480K)
[251.616s][info][gc             ] GC(243) Pause Young (Allocation Failure) 533M->316M(577M) 20.536ms
[251.616s][info][gc,cpu         ] GC(243) User=0.04s Sys=0.00s Real=0.02s
[252.220s][info][gc,start       ] GC(244) Pause Young (Allocation Failure)
[252.239s][info][gc,heap        ] GC(244) PSYoungGen: 251358K(281088K)->1624K(286208K) Eden: 236544K(236544K)->0K(246272K) From: 14814K(44544K)->1624K(39936K)
[252.239s][info][gc,heap        ] GC(244) ParOldGen: 309321K(309760K)->323367K(323584K)
[252.239s][info][gc,metaspace   ] GC(244) Metaspace: 42244K(42624K)->42244K(42624K) NonClass: 37900K(38144K)->37900K(38144K) Class: 4343K(4480K)->4343K(4480K)
[252.240s][info][gc             ] GC(244) Pause Young (Allocation Failure) 547M->317M(595M) 19.777ms
[252.240s][info][gc,cpu         ] GC(244) User=0.03s Sys=0.01s Real=0.02s
[252.849s][info][gc,start       ] GC(245) Pause Young (Allocation Failure)
[252.854s][info][gc,heap        ] GC(245) PSYoungGen: 247896K(286208K)->2961K(287744K) Eden: 246272K(246272K)->0K(246272K) From: 1624K(39936K)->2961K(41472K)
[252.854s][info][gc,heap        ] GC(245) ParOldGen: 323367K(323584K)->324015K(324096K)
[252.854s][info][gc,metaspace   ] GC(245) Metaspace: 42244K(42624K)->42244K(42624K) NonClass: 37901K(38144K)->37901K(38144K) Class: 4343K(4480K)->4343K(4480K)
[252.854s][info][gc             ] GC(245) Pause Young (Allocation Failure) 557M->319M(597M) 4.789ms
[252.854s][info][gc,cpu         ] GC(245) User=0.01s Sys=0.00s Real=0.01s
[253.450s][info][gc,start       ] GC(246) Pause Young (Allocation Failure)
[253.455s][info][gc,heap        ] GC(246) PSYoungGen: 249233K(287744K)->3748K(288768K) Eden: 246272K(246272K)->0K(252928K) From: 2961K(41472K)->3748K(35840K)
[253.455s][info][gc,heap        ] GC(246) ParOldGen: 324015K(324096K)->324023K(324096K)
[253.455s][info][gc,metaspace   ] GC(246) Metaspace: 42257K(42624K)->42257K(42624K) NonClass: 37913K(38144K)->37913K(38144K) Class: 4343K(4480K)->4343K(4480K)
[253.455s][info][gc             ] GC(246) Pause Young (Allocation Failure) 559M->320M(598M) 4.542ms
[253.455s][info][gc,cpu         ] GC(246) User=0.01s Sys=0.00s Real=0.01s
[254.138s][info][gc,start       ] GC(247) Pause Young (Allocation Failure)
[254.146s][info][gc,heap        ] GC(247) PSYoungGen: 256676K(288768K)->4633K(290304K) Eden: 252928K(252928K)->0K(252928K) From: 3748K(35840K)->4633K(37376K)
[254.146s][info][gc,heap        ] GC(247) ParOldGen: 324023K(324096K)->324055K(324096K)
[254.146s][info][gc,metaspace   ] GC(247) Metaspace: 42324K(42688K)->42324K(42688K) NonClass: 37980K(38208K)->37980K(38208K) Class: 4343K(4480K)->4343K(4480K)
[254.146s][info][gc             ] GC(247) Pause Young (Allocation Failure) 567M->320M(600M) 7.999ms
[254.146s][info][gc,cpu         ] GC(247) User=0.02s Sys=0.00s Real=0.01s
[254.991s][info][gc,start       ] GC(248) Pause Young (Allocation Failure)
[254.995s][info][gc,heap        ] GC(248) PSYoungGen: 257561K(290304K)->416K(295424K) Eden: 252928K(252928K)->0K(261632K) From: 4633K(37376K)->416K(33792K)
[254.995s][info][gc,heap        ] GC(248) ParOldGen: 324055K(324096K)->324159K(324608K)
[254.995s][info][gc,metaspace   ] GC(248) Metaspace: 42441K(42816K)->42441K(42816K) NonClass: 38097K(38336K)->38097K(38336K) Class: 4343K(4480K)->4343K(4480K)
[254.995s][info][gc             ] GC(248) Pause Young (Allocation Failure) 567M->316M(605M) 4.526ms
[254.995s][info][gc,cpu         ] GC(248) User=0.00s Sys=0.00s Real=0.01s
[256.380s][info][gc,start       ] GC(249) Pause Young (Allocation Failure)
[256.395s][info][gc,heap        ] GC(249) PSYoungGen: 262048K(295424K)->15468K(295424K) Eden: 261632K(261632K)->0K(261632K) From: 416K(33792K)->15468K(33792K)
[256.395s][info][gc,heap        ] GC(249) ParOldGen: 324159K(324608K)->324431K(324608K)
[256.395s][info][gc,metaspace   ] GC(249) Metaspace: 42502K(42880K)->42502K(42880K) NonClass: 38159K(38400K)->38159K(38400K) Class: 4343K(4480K)->4343K(4480K)
[256.395s][info][gc             ] GC(249) Pause Young (Allocation Failure) 572M->331M(605M) 15.294ms
[256.395s][info][gc,cpu         ] GC(249) User=0.03s Sys=0.00s Real=0.02s
[257.058s][info][gc,start       ] GC(250) Pause Young (Allocation Failure)
[257.110s][info][gc,heap        ] GC(250) PSYoungGen: 277100K(295424K)->29741K(289280K) Eden: 261632K(261632K)->0K(254976K) From: 15468K(33792K)->29741K(34304K)
[257.110s][info][gc,heap        ] GC(250) ParOldGen: 324431K(324608K)->339679K(339968K)
[257.110s][info][gc,metaspace   ] GC(250) Metaspace: 42502K(42880K)->42502K(42880K) NonClass: 38159K(38400K)->38159K(38400K) Class: 4343K(4480K)->4343K(4480K)
[257.110s][info][gc             ] GC(250) Pause Young (Allocation Failure) 587M->360M(614M) 52.127ms
[257.110s][info][gc,cpu         ] GC(250) User=0.09s Sys=0.02s Real=0.05s
[257.694s][info][gc,start       ] GC(251) Pause Young (Allocation Failure)
[257.762s][info][gc,heap        ] GC(251) PSYoungGen: 284717K(289280K)->26712K(282112K) Eden: 254976K(254976K)->0K(254976K) From: 29741K(34304K)->26712K(27136K)
[257.762s][info][gc,heap        ] GC(251) ParOldGen: 339679K(339968K)->369543K(369664K)
[257.762s][info][gc,metaspace   ] GC(251) Metaspace: 42502K(42880K)->42502K(42880K) NonClass: 38159K(38400K)->38159K(38400K) Class: 4343K(4480K)->4343K(4480K)
[257.762s][info][gc             ] GC(251) Pause Young (Allocation Failure) 609M->386M(636M) 68.188ms
[257.762s][info][gc,cpu         ] GC(251) User=0.11s Sys=0.03s Real=0.06s
[261.321s][info][gc,start       ] GC(252) Pause Young (Allocation Failure)
[261.384s][info][gc,heap        ] GC(252) PSYoungGen: 281688K(282112K)->23983K(288256K) Eden: 254976K(254976K)->0K(245760K) From: 26712K(27136K)->23983K(42496K)
[261.384s][info][gc,heap        ] GC(252) ParOldGen: 369543K(369664K)->396208K(396288K)
[261.384s][info][gc,metaspace   ] GC(252) Metaspace: 42516K(42880K)->42516K(42880K) NonClass: 38173K(38400K)->38173K(38400K) Class: 4343K(4480K)->4343K(4480K)
[261.384s][info][gc             ] GC(252) Pause Young (Allocation Failure) 635M->410M(668M) 63.183ms
[261.384s][info][gc,cpu         ] GC(252) User=0.10s Sys=0.02s Real=0.07s
[262.224s][info][gc,start       ] GC(253) Pause Young (Allocation Failure)
[262.264s][info][gc,heap        ] GC(253) PSYoungGen: 269743K(288256K)->11692K(257536K) Eden: 245760K(245760K)->0K(245760K) From: 23983K(42496K)->11692K(11776K)
[262.264s][info][gc,heap        ] GC(253) ParOldGen: 396208K(396288K)->420144K(420352K)
[262.264s][info][gc,metaspace   ] GC(253) Metaspace: 42536K(42944K)->42536K(42944K) NonClass: 38193K(38464K)->38193K(38464K) Class: 4343K(4480K)->4343K(4480K)
[262.264s][info][gc             ] GC(253) Pause Young (Allocation Failure) 650M->421M(662M) 39.547ms
[262.264s][info][gc,cpu         ] GC(253) User=0.06s Sys=0.02s Real=0.04s
[262.933s][info][gc,start       ] GC(254) Pause Young (Allocation Failure)
[262.980s][info][gc,heap        ] GC(254) PSYoungGen: 257452K(257536K)->30796K(285184K) Eden: 245760K(245760K)->0K(243712K) From: 11692K(11776K)->30796K(41472K)
[262.980s][info][gc,heap        ] GC(254) ParOldGen: 420144K(420352K)->431605K(431616K)
[262.980s][info][gc,metaspace   ] GC(254) Metaspace: 42536K(42944K)->42536K(42944K) NonClass: 38193K(38464K)->38193K(38464K) Class: 4343K(4480K)->4343K(4480K)
[262.980s][info][gc             ] GC(254) Pause Young (Allocation Failure) 661M->451M(700M) 46.136ms
[262.980s][info][gc,cpu         ] GC(254) User=0.08s Sys=0.01s Real=0.04s
[263.562s][info][gc,start       ] GC(255) Pause Young (Allocation Failure)
[263.632s][info][gc,heap        ] GC(255) PSYoungGen: 273643K(285184K)->27736K(271872K) Eden: 242847K(243712K)->0K(243712K) From: 30796K(41472K)->27736K(28160K)
[263.632s][info][gc,heap        ] GC(255) ParOldGen: 431605K(431616K)->462597K(462848K)
[263.632s][info][gc,metaspace   ] GC(255) Metaspace: 42536K(42944K)->42536K(42944K) NonClass: 38193K(38464K)->38193K(38464K) Class: 4343K(4480K)->4343K(4480K)
[263.632s][info][gc             ] GC(255) Pause Young (Allocation Failure) 688M->478M(717M) 70.653ms
[263.632s][info][gc,cpu         ] GC(255) User=0.12s Sys=0.02s Real=0.07s
[265.232s][info][gc,start       ] GC(256) Pause Young (Allocation Failure)
[265.295s][info][gc,heap        ] GC(256) PSYoungGen: 271448K(271872K)->23368K(287232K) Eden: 243712K(243712K)->0K(240640K) From: 27736K(28160K)->23368K(46592K)
[265.295s][info][gc,heap        ] GC(256) ParOldGen: 462597K(462848K)->490294K(490496K)
[265.295s][info][gc,metaspace   ] GC(256) Metaspace: 42536K(42944K)->42536K(42944K) NonClass: 38193K(38464K)->38193K(38464K) Class: 4343K(4480K)->4343K(4480K)
[265.295s][info][gc             ] GC(256) Pause Young (Allocation Failure) 716M->501M(759M) 62.989ms
[265.295s][info][gc,cpu         ] GC(256) User=0.09s Sys=0.02s Real=0.07s
[266.446s][info][gc,start       ] GC(257) Pause Young (Allocation Failure)
[266.484s][info][gc,heap        ] GC(257) PSYoungGen: 264008K(287232K)->13550K(254464K) Eden: 240640K(240640K)->0K(240640K) From: 23368K(46592K)->13550K(13824K)
[266.485s][info][gc,heap        ] GC(257) ParOldGen: 490294K(490496K)->512106K(512512K)
[266.485s][info][gc,metaspace   ] GC(257) Metaspace: 42536K(42944K)->42536K(42944K) NonClass: 38193K(38464K)->38193K(38464K) Class: 4343K(4480K)->4343K(4480K)
[266.485s][info][gc             ] GC(257) Pause Young (Allocation Failure) 736M->513M(749M) 38.093ms
[266.485s][info][gc,cpu         ] GC(257) User=0.05s Sys=0.01s Real=0.04s
[267.979s][info][gc,start       ] GC(258) Pause Young (Allocation Failure)
[268.021s][info][gc,heap        ] GC(258) PSYoungGen: 254190K(254464K)->25018K(284160K) Eden: 240640K(240640K)->0K(240128K) From: 13550K(13824K)->25018K(44032K)
[268.021s][info][gc,heap        ] GC(258) ParOldGen: 512106K(512512K)->525565K(525824K)
[268.021s][info][gc,metaspace   ] GC(258) Metaspace: 42537K(42944K)->42537K(42944K) NonClass: 38193K(38464K)->38193K(38464K) Class: 4343K(4480K)->4343K(4480K)
[268.021s][info][gc             ] GC(258) Pause Young (Allocation Failure) 748M->537M(791M) 41.241ms
[268.021s][info][gc,cpu         ] GC(258) User=0.07s Sys=0.01s Real=0.04s
[269.585s][info][gc,start       ] GC(259) Pause Young (Allocation Failure)
[269.639s][info][gc,heap        ] GC(259) PSYoungGen: 265146K(284160K)->21892K(284672K) Eden: 240128K(240128K)->0K(240128K) From: 25018K(44032K)->21892K(44544K)
[269.639s][info][gc,heap        ] GC(259) ParOldGen: 525565K(525824K)->550547K(550912K)
[269.639s][info][gc,metaspace   ] GC(259) Metaspace: 42537K(42944K)->42537K(42944K) NonClass: 38193K(38464K)->38193K(38464K) Class: 4343K(4480K)->4343K(4480K)
[269.639s][info][gc             ] GC(259) Pause Young (Allocation Failure) 772M->559M(816M) 54.384ms
[269.639s][info][gc,cpu         ] GC(259) User=0.08s Sys=0.02s Real=0.05s
[270.952s][info][gc,start       ] GC(260) Pause Young (Allocation Failure)
[271.003s][info][gc,heap        ] GC(260) PSYoungGen: 262020K(284672K)->28950K(287232K) Eden: 240128K(240128K)->0K(243712K) From: 21892K(44544K)->28950K(43520K)
[271.003s][info][gc,heap        ] GC(260) ParOldGen: 550547K(550912K)->572388K(572416K)
[271.003s][info][gc,metaspace   ] GC(260) Metaspace: 42537K(42944K)->42537K(42944K) NonClass: 38193K(38464K)->38193K(38464K) Class: 4343K(4480K)->4343K(4480K)
[271.003s][info][gc             ] GC(260) Pause Young (Allocation Failure) 793M->587M(839M) 51.512ms
[271.003s][info][gc,cpu         ] GC(260) User=0.08s Sys=0.02s Real=0.06s
[271.667s][info][gc,start       ] GC(261) Pause Young (Allocation Failure)
[271.735s][info][gc,heap        ] GC(261) PSYoungGen: 272662K(287232K)->31116K(274944K) Eden: 243712K(243712K)->0K(243712K) From: 28950K(43520K)->31116K(31232K)
[271.735s][info][gc,heap        ] GC(261) ParOldGen: 572388K(572416K)->601246K(601600K)
[271.735s][info][gc,metaspace   ] GC(261) Metaspace: 42537K(42944K)->42537K(42944K) NonClass: 38193K(38464K)->38193K(38464K) Class: 4343K(4480K)->4343K(4480K)
[271.735s][info][gc             ] GC(261) Pause Young (Allocation Failure) 825M->617M(856M) 67.464ms
[271.735s][info][gc,cpu         ] GC(261) User=0.11s Sys=0.02s Real=0.07s
[272.334s][info][gc,start       ] GC(262) Pause Young (Allocation Failure)
[272.408s][info][gc,heap        ] GC(262) PSYoungGen: 274828K(274944K)->28152K(286720K) Eden: 243712K(243712K)->0K(239616K) From: 31116K(31232K)->28152K(47104K)
[272.409s][info][gc,heap        ] GC(262) ParOldGen: 601246K(601600K)->632561K(632832K)
[272.409s][info][gc,metaspace   ] GC(262) Metaspace: 42537K(42944K)->42537K(42944K) NonClass: 38193K(38464K)->38193K(38464K) Class: 4343K(4480K)->4343K(4480K)
[272.409s][info][gc             ] GC(262) Pause Young (Allocation Failure) 855M->645M(898M) 74.875ms
[272.409s][info][gc,cpu         ] GC(262) User=0.12s Sys=0.03s Real=0.07s
[274.014s][info][gc,start       ] GC(263) Pause Full (Allocation Failure)
[274.014s][info][gc,phases,start] GC(263) Marking Phase
[274.068s][info][gc,phases      ] GC(263) Marking Phase 53.936ms
[274.068s][info][gc,phases,start] GC(263) Summary Phase
[274.068s][info][gc,phases      ] GC(263) Summary Phase 0.027ms
[274.068s][info][gc,phases,start] GC(263) Forward
[274.074s][info][gc,phases      ] GC(263) Forward 5.671ms
[274.074s][info][gc,phases,start] GC(263) Adjust Pointers
[274.097s][info][gc,phases      ] GC(263) Adjust Pointers 23.703ms
[274.097s][info][gc,phases,start] GC(263) Compaction Phase
[274.103s][info][gc,phases      ] GC(263) Compaction Phase 5.372ms
[274.103s][info][gc,phases,start] GC(263) Post Compact
[274.106s][info][gc,phases      ] GC(263) Post Compact 3.161ms
[274.146s][info][gc,heap        ] GC(263) PSYoungGen: 267768K(286720K)->0K(286720K) Eden: 239616K(239616K)->0K(239616K) From: 28152K(47104K)->0K(47104K)
[274.146s][info][gc,heap        ] GC(263) ParOldGen: 632561K(632832K)->53562K(183808K)
[274.146s][info][gc,metaspace   ] GC(263) Metaspace: 42537K(42944K)->42537K(42944K) NonClass: 38193K(38464K)->38193K(38464K) Class: 4343K(4480K)->4343K(4480K)
[274.146s][info][gc             ] GC(263) Pause Full (Allocation Failure) 879M->52M(459M) 132.686ms
[274.146s][info][gc,cpu         ] GC(263) User=0.12s Sys=0.04s Real=0.13s
[275.231s][info][gc,start       ] GC(264) Pause Young (Allocation Failure)
[275.239s][info][gc,heap        ] GC(264) PSYoungGen: 239616K(286720K)->9538K(285696K) Eden: 239616K(239616K)->0K(239616K) From: 0K(47104K)->9538K(46080K)
[275.239s][info][gc,heap        ] GC(264) ParOldGen: 53562K(183808K)->53562K(183808K)
[275.239s][info][gc,metaspace   ] GC(264) Metaspace: 42537K(42944K)->42537K(42944K) NonClass: 38193K(38464K)->38193K(38464K) Class: 4343K(4480K)->4343K(4480K)
[275.239s][info][gc             ] GC(264) Pause Young (Allocation Failure) 286M->61M(458M) 8.122ms
[275.239s][info][gc,cpu         ] GC(264) User=0.01s Sys=0.00s Real=0.01s
[276.662s][info][gc,start       ] GC(265) Pause Young (Allocation Failure)
[276.665s][info][gc,heap        ] GC(265) PSYoungGen: 249154K(285696K)->416K(286208K) Eden: 239616K(239616K)->0K(239616K) From: 9538K(46080K)->416K(46592K)
[276.665s][info][gc,heap        ] GC(265) ParOldGen: 53562K(183808K)->58834K(183808K)
[276.665s][info][gc,metaspace   ] GC(265) Metaspace: 42537K(42944K)->42537K(42944K) NonClass: 38193K(38464K)->38193K(38464K) Class: 4343K(4480K)->4343K(4480K)
[276.665s][info][gc             ] GC(265) Pause Young (Allocation Failure) 295M->57M(459M) 3.690ms
[276.665s][info][gc,cpu         ] GC(265) User=0.01s Sys=0.00s Real=0.01s
[278.194s][info][gc,start       ] GC(266) Pause Young (Allocation Failure)
[278.217s][info][gc,heap        ] GC(266) PSYoungGen: 240032K(286208K)->23236K(285696K) Eden: 239616K(239616K)->0K(240128K) From: 416K(46592K)->23236K(45568K)
[278.217s][info][gc,heap        ] GC(266) ParOldGen: 58834K(183808K)->59184K(183808K)
[278.217s][info][gc,metaspace   ] GC(266) Metaspace: 42537K(42944K)->42537K(42944K) NonClass: 38193K(38464K)->38193K(38464K) Class: 4343K(4480K)->4343K(4480K)
[278.217s][info][gc             ] GC(266) Pause Young (Allocation Failure) 291M->80M(458M) 23.488ms
[278.217s][info][gc,cpu         ] GC(266) User=0.04s Sys=0.00s Real=0.02s
[279.612s][info][gc,start       ] GC(267) Pause Young (Allocation Failure)
[279.653s][info][gc,heap        ] GC(267) PSYoungGen: 263364K(285696K)->24487K(286208K) Eden: 240128K(240128K)->0K(240128K) From: 23236K(45568K)->24487K(46080K)
[279.653s][info][gc,heap        ] GC(267) ParOldGen: 59184K(183808K)->82511K(183808K)
[279.653s][info][gc,metaspace   ] GC(267) Metaspace: 42537K(42944K)->42537K(42944K) NonClass: 38193K(38464K)->38193K(38464K) Class: 4343K(4480K)->4343K(4480K)
[279.653s][info][gc             ] GC(267) Pause Young (Allocation Failure) 314M->104M(459M) 40.970ms
[279.653s][info][gc,cpu         ] GC(267) User=0.08s Sys=0.00s Real=0.05s
[280.630s][info][gc,start       ] GC(268) Pause Young (Allocation Failure)
[280.659s][info][gc,heap        ] GC(268) PSYoungGen: 264615K(286208K)->13845K(284672K) Eden: 240128K(240128K)->0K(242176K) From: 24487K(46080K)->13845K(42496K)
[280.659s][info][gc,heap        ] GC(268) ParOldGen: 82511K(183808K)->107091K(183808K)
[280.659s][info][gc,metaspace   ] GC(268) Metaspace: 42552K(43008K)->42552K(43008K) NonClass: 38209K(38528K)->38209K(38528K) Class: 4343K(4480K)->4343K(4480K)
[280.659s][info][gc             ] GC(268) Pause Young (Allocation Failure) 338M->118M(457M) 28.729ms
[280.659s][info][gc,cpu         ] GC(268) User=0.05s Sys=0.00s Real=0.03s
[281.807s][info][gc,start       ] GC(269) Pause Young (Allocation Failure)
[281.814s][info][gc,heap        ] GC(269) PSYoungGen: 256021K(284672K)->7693K(286208K) Eden: 242176K(242176K)->0K(242176K) From: 13845K(42496K)->7693K(44032K)
[281.814s][info][gc,heap        ] GC(269) ParOldGen: 107091K(183808K)->107975K(183808K)
[281.814s][info][gc,metaspace   ] GC(269) Metaspace: 42552K(43008K)->42552K(43008K) NonClass: 38209K(38528K)->38209K(38528K) Class: 4343K(4480K)->4343K(4480K)
[281.814s][info][gc             ] GC(269) Pause Young (Allocation Failure) 354M->112M(459M) 7.058ms
[281.814s][info][gc,cpu         ] GC(269) User=0.01s Sys=0.00s Real=0.01s
[282.872s][info][gc,start       ] GC(270) Pause Young (Allocation Failure)
[282.879s][info][gc,heap        ] GC(270) PSYoungGen: 249869K(286208K)->6050K(287232K) Eden: 242176K(242176K)->0K(246272K) From: 7693K(44032K)->6050K(40960K)
[282.879s][info][gc,heap        ] GC(270) ParOldGen: 107975K(183808K)->109095K(183808K)
[282.879s][info][gc,metaspace   ] GC(270) Metaspace: 42552K(43008K)->42552K(43008K) NonClass: 38209K(38528K)->38209K(38528K) Class: 4343K(4480K)->4343K(4480K)
[282.879s][info][gc             ] GC(270) Pause Young (Allocation Failure) 349M->112M(460M) 6.448ms
[282.879s][info][gc,cpu         ] GC(270) User=0.01s Sys=0.00s Real=0.01s
[283.751s][info][gc,start       ] GC(271) Pause Young (Allocation Failure)
[283.754s][info][gc,heap        ] GC(271) PSYoungGen: 252102K(287232K)->1404K(288768K) Eden: 246052K(246272K)->0K(246272K) From: 6050K(40960K)->1404K(42496K)
[283.754s][info][gc,heap        ] GC(271) ParOldGen: 109095K(183808K)->110279K(183808K)
[283.754s][info][gc,metaspace   ] GC(271) Metaspace: 42553K(43008K)->42553K(43008K) NonClass: 38210K(38528K)->38210K(38528K) Class: 4343K(4480K)->4343K(4480K)
[283.754s][info][gc             ] GC(271) Pause Young (Allocation Failure) 352M->109M(461M) 3.689ms
[283.754s][info][gc,cpu         ] GC(271) User=0.01s Sys=0.00s Real=0.01s
[284.668s][info][gc,start       ] GC(272) Pause Young (Allocation Failure)
[284.705s][info][gc,heap        ] GC(272) PSYoungGen: 247676K(288768K)->26796K(287232K) Eden: 246272K(246272K)->0K(244736K) From: 1404K(42496K)->26796K(42496K)
[284.705s][info][gc,heap        ] GC(272) ParOldGen: 110279K(183808K)->111367K(183808K)
[284.705s][info][gc,metaspace   ] GC(272) Metaspace: 42562K(43008K)->42562K(43008K) NonClass: 38217K(38528K)->38217K(38528K) Class: 4345K(4480K)->4345K(4480K)
[284.705s][info][gc             ] GC(272) Pause Young (Allocation Failure) 349M->134M(460M) 36.320ms
[284.705s][info][gc,cpu         ] GC(272) User=0.07s Sys=0.00s Real=0.04s
[285.747s][info][gc,start       ] GC(273) Pause Young (Allocation Failure)
[285.755s][info][gc,heap        ] GC(273) PSYoungGen: 271532K(287232K)->9407K(289280K) Eden: 244736K(244736K)->0K(244736K) From: 26796K(42496K)->9407K(44544K)
[285.755s][info][gc,heap        ] GC(273) ParOldGen: 111367K(183808K)->112119K(183808K)
[285.755s][info][gc,metaspace   ] GC(273) Metaspace: 42562K(43008K)->42562K(43008K) NonClass: 38217K(38528K)->38217K(38528K) Class: 4345K(4480K)->4345K(4480K)
[285.755s][info][gc             ] GC(273) Pause Young (Allocation Failure) 373M->118M(462M) 8.923ms
[285.755s][info][gc,cpu         ] GC(273) User=0.02s Sys=0.00s Real=0.01s
[286.628s][info][gc,start       ] GC(274) Pause Young (Allocation Failure)
[286.633s][info][gc,heap        ] GC(274) PSYoungGen: 254143K(289280K)->5579K(287232K) Eden: 244736K(244736K)->0K(246784K) From: 9407K(44544K)->5579K(40448K)
[286.633s][info][gc,heap        ] GC(274) ParOldGen: 112119K(183808K)->113159K(183808K)
[286.633s][info][gc,metaspace   ] GC(274) Metaspace: 42563K(43008K)->42563K(43008K) NonClass: 38218K(38528K)->38218K(38528K) Class: 4345K(4480K)->4345K(4480K)
[286.633s][info][gc             ] GC(274) Pause Young (Allocation Failure) 357M->115M(460M) 5.565ms
[286.633s][info][gc,cpu         ] GC(274) User=0.01s Sys=0.00s Real=0.01s
[287.561s][info][gc,start       ] GC(275) Pause Young (Allocation Failure)
[287.566s][info][gc,heap        ] GC(275) PSYoungGen: 252363K(287232K)->5371K(288256K) Eden: 246784K(246784K)->0K(246784K) From: 5579K(40448K)->5371K(41472K)
[287.566s][info][gc,heap        ] GC(275) ParOldGen: 113159K(183808K)->114192K(183808K)
[287.566s][info][gc,metaspace   ] GC(275) Metaspace: 42563K(43008K)->42563K(43008K) NonClass: 38218K(38528K)->38218K(38528K) Class: 4345K(4480K)->4345K(4480K)
[287.566s][info][gc             ] GC(275) Pause Young (Allocation Failure) 356M->116M(461M) 5.204ms
[287.566s][info][gc,cpu         ] GC(275) User=0.01s Sys=0.00s Real=0.01s
[288.480s][info][gc,start       ] GC(276) Pause Young (Allocation Failure)
[288.493s][info][gc,heap        ] GC(276) PSYoungGen: 252155K(288256K)->11874K(287232K) Eden: 246784K(246784K)->0K(251904K) From: 5371K(41472K)->11874K(35328K)
[288.493s][info][gc,heap        ] GC(276) ParOldGen: 114192K(183808K)->115228K(183808K)
[288.493s][info][gc,metaspace   ] GC(276) Metaspace: 42563K(43008K)->42563K(43008K) NonClass: 38218K(38528K)->38218K(38528K) Class: 4345K(4480K)->4345K(4480K)
[288.493s][info][gc             ] GC(276) Pause Young (Allocation Failure) 357M->124M(460M) 13.653ms
[288.493s][info][gc,cpu         ] GC(276) User=0.02s Sys=0.00s Real=0.02s
[289.332s][info][gc,start       ] GC(277) Pause Young (Allocation Failure)
[289.364s][info][gc,heap        ] GC(277) PSYoungGen: 263778K(287232K)->37877K(289792K) Eden: 251904K(251904K)->0K(251904K) From: 11874K(35328K)->37877K(37888K)
[289.364s][info][gc,heap        ] GC(277) ParOldGen: 115228K(183808K)->116500K(183808K)
[289.364s][info][gc,metaspace   ] GC(277) Metaspace: 42563K(43008K)->42563K(43008K) NonClass: 38218K(38528K)->38218K(38528K) Class: 4345K(4480K)->4345K(4480K)
[289.364s][info][gc             ] GC(277) Pause Young (Allocation Failure) 370M->150M(462M) 32.554ms
[289.364s][info][gc,cpu         ] GC(277) User=0.06s Sys=0.00s Real=0.04s
[290.691s][info][gc,start       ] GC(278) Pause Young (Allocation Failure)
[290.753s][info][gc,heap        ] GC(278) PSYoungGen: 289781K(289792K)->19777K(290304K) Eden: 251904K(251904K)->0K(246272K) From: 37877K(37888K)->19777K(44032K)
[290.753s][info][gc,heap        ] GC(278) ParOldGen: 116500K(183808K)->136705K(183808K)
[290.753s][info][gc,metaspace   ] GC(278) Metaspace: 42565K(43008K)->42565K(43008K) NonClass: 38219K(38528K)->38219K(38528K) Class: 4345K(4480K)->4345K(4480K)
[290.753s][info][gc             ] GC(278) Pause Young (Allocation Failure) 396M->152M(463M) 61.747ms
[290.753s][info][gc,cpu         ] GC(278) User=0.08s Sys=0.00s Real=0.06s
[291.742s][info][gc,start       ] GC(279) Pause Young (Allocation Failure)
[291.789s][info][gc,heap        ] GC(279) PSYoungGen: 266049K(290304K)->28778K(275456K) Eden: 246272K(246272K)->0K(246272K) From: 19777K(44032K)->28778K(29184K)
[291.789s][info][gc,heap        ] GC(279) ParOldGen: 136705K(183808K)->156264K(183808K)
[291.789s][info][gc,metaspace   ] GC(279) Metaspace: 42565K(43008K)->42565K(43008K) NonClass: 38219K(38528K)->38219K(38528K) Class: 4345K(4480K)->4345K(4480K)
[291.789s][info][gc             ] GC(279) Pause Young (Allocation Failure) 393M->180M(448M) 46.621ms
[291.789s][info][gc,cpu         ] GC(279) User=0.09s Sys=0.01s Real=0.05s
[292.710s][info][gc,start       ] GC(280) Pause Young (Allocation Failure)
[292.755s][info][gc,heap        ] GC(280) PSYoungGen: 275050K(275456K)->41836K(275968K) Eden: 246272K(246272K)->0K(230400K) From: 28778K(29184K)->41836K(45568K)
[292.755s][info][gc,heap        ] GC(280) ParOldGen: 156264K(183808K)->174128K(183808K)
[292.755s][info][gc,metaspace   ] GC(280) Metaspace: 42568K(43008K)->42568K(43008K) NonClass: 38223K(38528K)->38223K(38528K) Class: 4345K(4480K)->4345K(4480K)
[292.755s][info][gc             ] GC(280) Pause Young (Allocation Failure) 421M->210M(449M) 44.283ms
[292.755s][info][gc,cpu         ] GC(280) User=0.08s Sys=0.00s Real=0.05s
[293.561s][info][gc,start       ] GC(281) Pause Young (Allocation Failure)
[293.585s][info][gc,heap        ] GC(281) PSYoungGen: 272236K(275968K)->30583K(261120K) Eden: 230400K(230400K)->0K(230400K) From: 41836K(45568K)->30583K(30720K)
[293.585s][info][gc,heap        ] GC(281) ParOldGen: 174128K(183808K)->184134K(184320K)
[293.585s][info][gc,metaspace   ] GC(281) Metaspace: 42568K(43008K)->42568K(43008K) NonClass: 38223K(38528K)->38223K(38528K) Class: 4345K(4480K)->4345K(4480K)
[293.585s][info][gc             ] GC(281) Pause Young (Allocation Failure) 435M->209M(435M) 24.002ms
[293.585s][info][gc,cpu         ] GC(281) User=0.04s Sys=0.00s Real=0.03s
[294.408s][info][gc,start       ] GC(282) Pause Young (Allocation Failure)
[294.446s][info][gc,heap        ] GC(282) PSYoungGen: 260983K(261120K)->52724K(261632K) Eden: 230400K(230400K)->0K(208896K) From: 30583K(30720K)->52724K(52736K)
[294.446s][info][gc,heap        ] GC(282) ParOldGen: 184134K(184320K)->188087K(188416K)
[294.446s][info][gc,metaspace   ] GC(282) Metaspace: 42568K(43008K)->42568K(43008K) NonClass: 38223K(38528K)->38223K(38528K) Class: 4345K(4480K)->4345K(4480K)
[294.446s][info][gc             ] GC(282) Pause Young (Allocation Failure) 434M->235M(439M) 38.722ms
[294.446s][info][gc,cpu         ] GC(282) User=0.07s Sys=0.00s Real=0.04s
[295.278s][info][gc,start       ] GC(283) Pause Young (Allocation Failure)
[295.304s][info][gc,heap        ] GC(283) PSYoungGen: 261620K(261632K)->21946K(271360K) Eden: 208896K(208896K)->0K(208896K) From: 52724K(52736K)->21946K(62464K)
[295.304s][info][gc,heap        ] GC(283) ParOldGen: 188087K(188416K)->199570K(199680K)
[295.304s][info][gc,metaspace   ] GC(283) Metaspace: 42569K(43008K)->42569K(43008K) NonClass: 38224K(38528K)->38224K(38528K) Class: 4345K(4480K)->4345K(4480K)
[295.305s][info][gc             ] GC(283) Pause Young (Allocation Failure) 439M->216M(460M) 26.982ms
[295.305s][info][gc,cpu         ] GC(283) User=0.05s Sys=0.01s Real=0.03s
[296.110s][info][gc,start       ] GC(284) Pause Young (Allocation Failure)
[296.127s][info][gc,heap        ] GC(284) PSYoungGen: 230842K(271360K)->5212K(267264K) Eden: 208896K(208896K)->0K(211968K) From: 21946K(62464K)->5212K(55296K)
[296.127s][info][gc,heap        ] GC(284) ParOldGen: 199570K(199680K)->210865K(210944K)
[296.127s][info][gc,metaspace   ] GC(284) Metaspace: 42569K(43008K)->42569K(43008K) NonClass: 38224K(38528K)->38224K(38528K) Class: 4345K(4480K)->4345K(4480K)
[296.127s][info][gc             ] GC(284) Pause Young (Allocation Failure) 420M->211M(467M) 17.399ms
[296.127s][info][gc,cpu         ] GC(284) User=0.03s Sys=0.01s Real=0.02s
[296.891s][info][gc,start       ] GC(285) Pause Young (Allocation Failure)
[296.934s][info][gc,heap        ] GC(285) PSYoungGen: 217180K(267264K)->58862K(270848K) Eden: 211968K(211968K)->0K(211968K) From: 5212K(55296K)->58862K(58880K)
[296.934s][info][gc,heap        ] GC(285) ParOldGen: 210865K(210944K)->215862K(216064K)
[296.934s][info][gc,metaspace   ] GC(285) Metaspace: 42569K(43008K)->42569K(43008K) NonClass: 38224K(38528K)->38224K(38528K) Class: 4345K(4480K)->4345K(4480K)
[296.935s][info][gc             ] GC(285) Pause Young (Allocation Failure) 418M->268M(475M) 43.174ms
[296.935s][info][gc,cpu         ] GC(285) User=0.08s Sys=0.01s Real=0.05s
[297.712s][info][gc,start       ] GC(286) Pause Young (Allocation Failure)
[297.790s][info][gc,heap        ] GC(286) PSYoungGen: 270830K(270848K)->42629K(252416K) Eden: 211968K(211968K)->0K(189440K) From: 58862K(58880K)->42629K(62976K)
[297.790s][info][gc,heap        ] GC(286) ParOldGen: 215862K(216064K)->260263K(260608K)
[297.790s][info][gc,metaspace   ] GC(286) Metaspace: 42569K(43008K)->42569K(43008K) NonClass: 38224K(38528K)->38224K(38528K) Class: 4345K(4480K)->4345K(4480K)
[297.790s][info][gc             ] GC(286) Pause Young (Allocation Failure) 475M->295M(501M) 77.767ms
[297.790s][info][gc,cpu         ] GC(286) User=0.11s Sys=0.04s Real=0.08s
[298.474s][info][gc,start       ] GC(287) Pause Young (Allocation Failure)
[298.543s][info][gc,heap        ] GC(287) PSYoungGen: 232069K(252416K)->31965K(261632K) Eden: 189440K(189440K)->0K(189440K) From: 42629K(62976K)->31965K(72192K)
[298.543s][info][gc,heap        ] GC(287) ParOldGen: 260263K(260608K)->301083K(301568K)
[298.543s][info][gc,metaspace   ] GC(287) Metaspace: 42570K(43008K)->42570K(43008K) NonClass: 38225K(38528K)->38225K(38528K) Class: 4345K(4480K)->4345K(4480K)
[298.543s][info][gc             ] GC(287) Pause Young (Allocation Failure) 480M->325M(550M) 68.563ms
[298.543s][info][gc,cpu         ] GC(287) User=0.11s Sys=0.02s Real=0.06s
[299.245s][info][gc,start       ] GC(288) Pause Young (Allocation Failure)
[299.259s][info][gc,heap        ] GC(288) PSYoungGen: 221405K(261632K)->19777K(253440K) Eden: 189440K(189440K)->0K(192512K) From: 31965K(72192K)->19777K(60928K)
[299.259s][info][gc,heap        ] GC(288) ParOldGen: 301083K(301568K)->301929K(302080K)
[299.259s][info][gc,metaspace   ] GC(288) Metaspace: 42570K(43008K)->42570K(43008K) NonClass: 38225K(38528K)->38225K(38528K) Class: 4345K(4480K)->4345K(4480K)
[299.259s][info][gc             ] GC(288) Pause Young (Allocation Failure) 510M->314M(542M) 14.027ms
[299.259s][info][gc,cpu         ] GC(288) User=0.03s Sys=0.00s Real=0.01s
[299.945s][info][gc,start       ] GC(289) Pause Young (Allocation Failure)
[299.964s][info][gc,heap        ] GC(289) PSYoungGen: 212289K(253440K)->23607K(259072K) Eden: 192512K(192512K)->0K(192512K) From: 19777K(60928K)->23607K(66560K)
[299.964s][info][gc,heap        ] GC(289) ParOldGen: 301929K(302080K)->302604K(303104K)
[299.964s][info][gc,metaspace   ] GC(289) Metaspace: 42570K(43008K)->42570K(43008K) NonClass: 38225K(38528K)->38225K(38528K) Class: 4345K(4480K)->4345K(4480K)
[299.964s][info][gc             ] GC(289) Pause Young (Allocation Failure) 502M->318M(549M) 19.032ms
[299.964s][info][gc,cpu         ] GC(289) User=0.04s Sys=0.00s Real=0.02s
[300.631s][info][gc,start       ] GC(290) Pause Young (Allocation Failure)
[300.657s][info][gc,heap        ] GC(290) PSYoungGen: 216119K(259072K)->34343K(262656K) Eden: 192512K(192512K)->0K(203776K) From: 23607K(66560K)->34343K(58880K)
[300.657s][info][gc,heap        ] GC(290) ParOldGen: 302604K(303104K)->303536K(303616K)
[300.657s][info][gc,metaspace   ] GC(290) Metaspace: 42570K(43008K)->42570K(43008K) NonClass: 38225K(38528K)->38225K(38528K) Class: 4345K(4480K)->4345K(4480K)
[300.657s][info][gc             ] GC(290) Pause Young (Allocation Failure) 506M->329M(553M) 25.786ms
[300.657s][info][gc,cpu         ] GC(290) User=0.05s Sys=0.00s Real=0.03s
[301.349s][info][gc,start       ] GC(291) Pause Young (Allocation Failure)
[301.359s][info][gc,heap        ] GC(291) PSYoungGen: 238119K(262656K)->14072K(266240K) Eden: 203776K(203776K)->0K(203776K) From: 34343K(58880K)->14072K(62464K)
[301.360s][info][gc,heap        ] GC(291) ParOldGen: 303536K(303616K)->303945K(304128K)
[301.360s][info][gc,metaspace   ] GC(291) Metaspace: 42572K(43008K)->42572K(43008K) NonClass: 38226K(38528K)->38226K(38528K) Class: 4345K(4480K)->4345K(4480K)
[301.360s][info][gc             ] GC(291) Pause Young (Allocation Failure) 528M->310M(557M) 10.616ms
[301.360s][info][gc,cpu         ] GC(291) User=0.02s Sys=0.00s Real=0.01s
[301.974s][info][gc,start       ] GC(292) Pause Young (Allocation Failure)
[301.997s][info][gc,heap        ] GC(292) PSYoungGen: 217848K(266240K)->8161K(269312K) Eden: 203776K(203776K)->0K(209920K) From: 14072K(62464K)->8161K(59392K)
[301.997s][info][gc,heap        ] GC(292) ParOldGen: 303945K(304128K)->317800K(317952K)
[301.997s][info][gc,metaspace   ] GC(292) Metaspace: 42572K(43008K)->42572K(43008K) NonClass: 38226K(38528K)->38226K(38528K) Class: 4345K(4480K)->4345K(4480K)
[301.997s][info][gc             ] GC(292) Pause Young (Allocation Failure) 509M->318M(573M) 22.886ms
[301.997s][info][gc,cpu         ] GC(292) User=0.03s Sys=0.01s Real=0.02s
[302.641s][info][gc,start       ] GC(293) Pause Young (Allocation Failure)
[302.653s][info][gc,heap        ] GC(293) PSYoungGen: 218081K(269312K)->1322K(270848K) Eden: 209920K(209920K)->0K(209920K) From: 8161K(59392K)->1322K(60928K)
[302.653s][info][gc,heap        ] GC(293) ParOldGen: 317800K(317952K)->324822K(325120K)
[302.653s][info][gc,metaspace   ] GC(293) Metaspace: 42582K(43008K)->42582K(43008K) NonClass: 38235K(38528K)->38235K(38528K) Class: 4347K(4480K)->4347K(4480K)
[302.653s][info][gc             ] GC(293) Pause Young (Allocation Failure) 523M->318M(582M) 12.818ms
[302.653s][info][gc,cpu         ] GC(293) User=0.01s Sys=0.00s Real=0.02s
[303.165s][info][gc,start       ] GC(294) Pause Young (Allocation Failure)
[303.171s][info][gc,heap        ] GC(294) PSYoungGen: 211242K(270848K)->4700K(271360K) Eden: 209920K(209920K)->0K(211456K) From: 1322K(60928K)->4700K(59904K)
[303.171s][info][gc,heap        ] GC(294) ParOldGen: 324822K(325120K)->324902K(325120K)
[303.171s][info][gc,metaspace   ] GC(294) Metaspace: 42582K(43008K)->42582K(43008K) NonClass: 38235K(38528K)->38235K(38528K) Class: 4347K(4480K)->4347K(4480K)
[303.171s][info][gc             ] GC(294) Pause Young (Allocation Failure) 523M->321M(582M) 6.226ms
[303.171s][info][gc,cpu         ] GC(294) User=0.01s Sys=0.00s Real=0.00s
[303.541s][info][gc,start       ] GC(295) Pause Young (Allocation Failure)
[303.547s][info][gc,heap        ] GC(295) PSYoungGen: 216156K(271360K)->3374K(271872K) Eden: 211456K(211456K)->0K(211456K) From: 4700K(59904K)->3374K(60416K)
[303.547s][info][gc,heap        ] GC(295) ParOldGen: 324902K(325120K)->326653K(326656K)
[303.547s][info][gc,metaspace   ] GC(295) Metaspace: 42582K(43008K)->42582K(43008K) NonClass: 38235K(38528K)->38235K(38528K) Class: 4347K(4480K)->4347K(4480K)
[303.547s][info][gc             ] GC(295) Pause Young (Allocation Failure) 528M->322M(584M) 5.905ms
[303.547s][info][gc,cpu         ] GC(295) User=0.00s Sys=0.00s Real=0.01s
[303.935s][info][gc,start       ] GC(296) Pause Young (Allocation Failure)
[303.943s][info][gc,heap        ] GC(296) PSYoungGen: 214830K(271872K)->10176K(268800K) Eden: 211456K(211456K)->0K(214016K) From: 3374K(60416K)->10176K(54784K)
[303.943s][info][gc,heap        ] GC(296) ParOldGen: 326653K(326656K)->326905K(327168K)
[303.943s][info][gc,metaspace   ] GC(296) Metaspace: 42584K(43008K)->42584K(43008K) NonClass: 38236K(38528K)->38236K(38528K) Class: 4347K(4480K)->4347K(4480K)
[303.943s][info][gc             ] GC(296) Pause Young (Allocation Failure) 528M->329M(582M) 7.918ms
[303.943s][info][gc,cpu         ] GC(296) User=0.01s Sys=0.00s Real=0.00s
[304.211s][info][gc,start       ] GC(297) Pause Young (Allocation Failure)
[304.223s][info][gc,heap        ] GC(297) PSYoungGen: 224192K(268800K)->1436K(270848K) Eden: 214016K(214016K)->0K(214016K) From: 10176K(54784K)->1436K(56832K)
[304.223s][info][gc,heap        ] GC(297) ParOldGen: 326905K(327168K)->336858K(336896K)
[304.223s][info][gc,metaspace   ] GC(297) Metaspace: 42584K(43008K)->42584K(43008K) NonClass: 38236K(38528K)->38236K(38528K) Class: 4347K(4480K)->4347K(4480K)
[304.223s][info][gc             ] GC(297) Pause Young (Allocation Failure) 538M->330M(593M) 12.328ms
[304.223s][info][gc,cpu         ] GC(297) User=0.02s Sys=0.01s Real=0.01s
[304.503s][info][gc,start       ] GC(298) Pause Young (Allocation Failure)
[304.509s][info][gc,heap        ] GC(298) PSYoungGen: 214365K(270848K)->2993K(272896K) Eden: 212928K(214016K)->0K(221184K) From: 1436K(56832K)->2993K(51712K)
[304.509s][info][gc,heap        ] GC(298) ParOldGen: 336858K(336896K)->338258K(338432K)
[304.509s][info][gc,metaspace   ] GC(298) Metaspace: 42584K(43008K)->42584K(43008K) NonClass: 38236K(38528K)->38236K(38528K) Class: 4347K(4480K)->4347K(4480K)
[304.509s][info][gc             ] GC(298) Pause Young (Allocation Failure) 538M->333M(597M) 6.749ms
[304.509s][info][gc,cpu         ] GC(298) User=0.01s Sys=0.00s Real=0.01s
[304.801s][info][gc,start       ] GC(299) Pause Young (Allocation Failure)
[304.811s][info][gc,heap        ] GC(299) PSYoungGen: 224177K(272896K)->3982K(275456K) Eden: 221184K(221184K)->0K(221184K) From: 2993K(51712K)->3982K(54272K)
[304.811s][info][gc,heap        ] GC(299) ParOldGen: 338258K(338432K)->341273K(341504K)
[304.811s][info][gc,metaspace   ] GC(299) Metaspace: 42584K(43008K)->42584K(43008K) NonClass: 38236K(38528K)->38236K(38528K) Class: 4347K(4480K)->4347K(4480K)
[304.811s][info][gc             ] GC(299) Pause Young (Allocation Failure) 549M->337M(602M) 9.436ms
[304.811s][info][gc,cpu         ] GC(299) User=0.02s Sys=0.00s Real=0.01s
[305.114s][info][gc,start       ] GC(300) Pause Young (Allocation Failure)
[305.125s][info][gc,heap        ] GC(300) PSYoungGen: 225166K(275456K)->4396K(274944K) Eden: 221184K(221184K)->0K(227328K) From: 3982K(54272K)->4396K(47616K)
[305.125s][info][gc,heap        ] GC(300) ParOldGen: 341273K(341504K)->345214K(345600K)
[305.125s][info][gc,metaspace   ] GC(300) Metaspace: 42584K(43008K)->42584K(43008K) NonClass: 38236K(38528K)->38236K(38528K) Class: 4347K(4480K)->4347K(4480K)
[305.125s][info][gc             ] GC(300) Pause Young (Allocation Failure) 553M->341M(606M) 10.820ms
[305.125s][info][gc,cpu         ] GC(300) User=0.02s Sys=0.01s Real=0.01s
[305.455s][info][gc,start       ] GC(301) Pause Young (Allocation Failure)
[305.470s][info][gc,heap        ] GC(301) PSYoungGen: 231724K(274944K)->7025K(277504K) Eden: 227328K(227328K)->0K(227328K) From: 4396K(47616K)->7025K(50176K)
[305.470s][info][gc,heap        ] GC(301) ParOldGen: 345214K(345600K)->349556K(349696K)
[305.470s][info][gc,metaspace   ] GC(301) Metaspace: 42584K(43008K)->42584K(43008K) NonClass: 38236K(38528K)->38236K(38528K) Class: 4347K(4480K)->4347K(4480K)
[305.470s][info][gc             ] GC(301) Pause Young (Allocation Failure) 563M->348M(612M) 14.778ms
[305.470s][info][gc,cpu         ] GC(301) User=0.03s Sys=0.00s Real=0.01s
[305.795s][info][gc,start       ] GC(302) Pause Young (Allocation Failure)
[305.814s][info][gc,heap        ] GC(302) PSYoungGen: 234353K(277504K)->4337K(279552K) Eden: 227328K(227328K)->0K(236032K) From: 7025K(50176K)->4337K(43520K)
[305.814s][info][gc,heap        ] GC(302) ParOldGen: 349556K(349696K)->356740K(356864K)
[305.814s][info][gc,metaspace   ] GC(302) Metaspace: 42584K(43008K)->42584K(43008K) NonClass: 38236K(38528K)->38236K(38528K) Class: 4347K(4480K)->4347K(4480K)
[305.814s][info][gc             ] GC(302) Pause Young (Allocation Failure) 570M->352M(621M) 18.427ms
[305.814s][info][gc,cpu         ] GC(302) User=0.03s Sys=0.00s Real=0.02s
[306.367s][info][gc,start       ] GC(303) Pause Young (Allocation Failure)
[306.384s][info][gc,heap        ] GC(303) PSYoungGen: 240369K(279552K)->13323K(281600K) Eden: 236032K(236032K)->0K(236032K) From: 4337K(43520K)->13323K(45568K)
[306.384s][info][gc,heap        ] GC(303) ParOldGen: 356740K(356864K)->361003K(361472K)
[306.384s][info][gc,metaspace   ] GC(303) Metaspace: 42595K(43008K)->42595K(43008K) NonClass: 38248K(38528K)->38248K(38528K) Class: 4347K(4480K)->4347K(4480K)
[306.384s][info][gc             ] GC(303) Pause Young (Allocation Failure) 583M->365M(628M) 17.578ms
[306.384s][info][gc,cpu         ] GC(303) User=0.03s Sys=0.01s Real=0.02s
[306.997s][info][gc,start       ] GC(304) Pause Young (Allocation Failure)
[307.014s][info][gc,heap        ] GC(304) PSYoungGen: 249355K(281600K)->1915K(287232K) Eden: 236031K(236032K)->0K(245760K) From: 13323K(45568K)->1915K(41472K)
[307.014s][info][gc,heap        ] GC(304) ParOldGen: 361003K(361472K)->373255K(373760K)
[307.014s][info][gc,metaspace   ] GC(304) Metaspace: 42675K(43136K)->42675K(43136K) NonClass: 38328K(38656K)->38328K(38656K) Class: 4347K(4480K)->4347K(4480K)
[307.014s][info][gc             ] GC(304) Pause Young (Allocation Failure) 596M->366M(645M) 16.668ms
[307.014s][info][gc,cpu         ] GC(304) User=0.02s Sys=0.02s Real=0.02s
[307.604s][info][gc,start       ] GC(305) Pause Young (Allocation Failure)
[307.608s][info][gc,heap        ] GC(305) PSYoungGen: 247675K(287232K)->3473K(287232K) Eden: 245760K(245760K)->0K(245760K) From: 1915K(41472K)->3473K(41472K)
[307.608s][info][gc,heap        ] GC(305) ParOldGen: 373255K(373760K)->373440K(373760K)
[307.608s][info][gc,metaspace   ] GC(305) Metaspace: 42676K(43136K)->42676K(43136K) NonClass: 38329K(38656K)->38329K(38656K) Class: 4347K(4480K)->4347K(4480K)
[307.609s][info][gc             ] GC(305) Pause Young (Allocation Failure) 606M->368M(645M) 4.793ms
[307.609s][info][gc,cpu         ] GC(305) User=0.00s Sys=0.00s Real=0.00s
[308.203s][info][gc,start       ] GC(306) Pause Young (Allocation Failure)
[308.208s][info][gc,heap        ] GC(306) PSYoungGen: 249233K(287232K)->3331K(290816K) Eden: 245760K(245760K)->0K(252416K) From: 3473K(41472K)->3331K(38400K)
[308.208s][info][gc,heap        ] GC(306) ParOldGen: 373440K(373760K)->373448K(373760K)
[308.208s][info][gc,metaspace   ] GC(306) Metaspace: 42677K(43136K)->42677K(43136K) NonClass: 38329K(38656K)->38329K(38656K) Class: 4347K(4480K)->4347K(4480K)
[308.208s][info][gc             ] GC(306) Pause Young (Allocation Failure) 608M->367M(649M) 4.382ms
[308.208s][info][gc,cpu         ] GC(306) User=0.01s Sys=0.00s Real=0.00s
[308.870s][info][gc,start       ] GC(307) Pause Young (Allocation Failure)
[308.878s][info][gc,heap        ] GC(307) PSYoungGen: 255747K(290816K)->6850K(290304K) Eden: 252416K(252416K)->0K(252416K) From: 3331K(38400K)->6850K(37888K)
[308.878s][info][gc,heap        ] GC(307) ParOldGen: 373448K(373760K)->373504K(373760K)
[308.878s][info][gc,metaspace   ] GC(307) Metaspace: 42736K(43200K)->42736K(43200K) NonClass: 38389K(38720K)->38389K(38720K) Class: 4347K(4480K)->4347K(4480K)
[308.878s][info][gc             ] GC(307) Pause Young (Allocation Failure) 614M->371M(648M) 7.735ms
[308.878s][info][gc,cpu         ] GC(307) User=0.01s Sys=0.00s Real=0.01s
[309.902s][info][gc,start       ] GC(308) Pause Young (Allocation Failure)
[309.907s][info][gc,heap        ] GC(308) PSYoungGen: 259266K(290304K)->2994K(294400K) Eden: 252416K(252416K)->0K(259072K) From: 6850K(37888K)->2994K(35328K)
[309.907s][info][gc,heap        ] GC(308) ParOldGen: 373504K(373760K)->373624K(373760K)
[309.907s][info][gc,metaspace   ] GC(308) Metaspace: 42753K(43200K)->42753K(43200K) NonClass: 38406K(38720K)->38406K(38720K) Class: 4347K(4480K)->4347K(4480K)
[309.907s][info][gc             ] GC(308) Pause Young (Allocation Failure) 617M->367M(652M) 4.952ms
[309.907s][info][gc,cpu         ] GC(308) User=0.01s Sys=0.00s Real=0.01s
[311.132s][info][gc,start       ] GC(309) Pause Young (Allocation Failure)
[311.153s][info][gc,heap        ] GC(309) PSYoungGen: 262066K(294400K)->19108K(292864K) Eden: 259072K(259072K)->0K(259072K) From: 2994K(35328K)->19108K(33792K)
[311.153s][info][gc,heap        ] GC(309) ParOldGen: 373624K(373760K)->376403K(376832K)
[311.153s][info][gc,metaspace   ] GC(309) Metaspace: 42774K(43200K)->42774K(43200K) NonClass: 38427K(38720K)->38427K(38720K) Class: 4347K(4480K)->4347K(4480K)
[311.153s][info][gc             ] GC(309) Pause Young (Allocation Failure) 620M->386M(654M) 20.531ms
[311.153s][info][gc,cpu         ] GC(309) User=0.04s Sys=0.00s Real=0.02s
[311.799s][info][gc,start       ] GC(310) Pause Young (Allocation Failure)
[311.856s][info][gc,heap        ] GC(310) PSYoungGen: 278180K(292864K)->30124K(288256K) Eden: 259072K(259072K)->0K(252928K) From: 19108K(33792K)->30124K(35328K)
[311.856s][info][gc,heap        ] GC(310) ParOldGen: 376403K(376832K)->394842K(395264K)
[311.856s][info][gc,metaspace   ] GC(310) Metaspace: 42774K(43200K)->42774K(43200K) NonClass: 38427K(38720K)->38427K(38720K) Class: 4347K(4480K)->4347K(4480K)
[311.856s][info][gc             ] GC(310) Pause Young (Allocation Failure) 639M->415M(667M) 56.637ms
[311.856s][info][gc,cpu         ] GC(310) User=0.09s Sys=0.02s Real=0.06s
[312.494s][info][gc,start       ] GC(311) Pause Young (Allocation Failure)
[312.564s][info][gc,heap        ] GC(311) PSYoungGen: 283052K(288256K)->30040K(283136K) Eden: 252928K(252928K)->0K(252928K) From: 30124K(35328K)->30040K(30208K)
[312.564s][info][gc,heap        ] GC(311) ParOldGen: 394842K(395264K)->423402K(423424K)
[312.564s][info][gc,metaspace   ] GC(311) Metaspace: 42774K(43200K)->42774K(43200K) NonClass: 38427K(38720K)->38427K(38720K) Class: 4347K(4480K)->4347K(4480K)
[312.564s][info][gc             ] GC(311) Pause Young (Allocation Failure) 662M->442M(690M) 69.668ms
[312.564s][info][gc,cpu         ] GC(311) User=0.13s Sys=0.02s Real=0.07s
[316.522s][info][gc,start       ] GC(312) Pause Young (Allocation Failure)
[316.581s][info][gc,heap        ] GC(312) PSYoungGen: 282968K(283136K)->17007K(291328K) Eden: 252928K(252928K)->0K(247296K) From: 30040K(30208K)->17007K(44032K)
[316.581s][info][gc,heap        ] GC(312) ParOldGen: 423402K(423424K)->453395K(453632K)
[316.581s][info][gc,metaspace   ] GC(312) Metaspace: 42778K(43200K)->42778K(43200K) NonClass: 38431K(38720K)->38431K(38720K) Class: 4347K(4480K)->4347K(4480K)
[316.581s][info][gc             ] GC(312) Pause Young (Allocation Failure) 689M->459M(727M) 59.113ms
[316.581s][info][gc,cpu         ] GC(312) User=0.10s Sys=0.02s Real=0.06s
[317.450s][info][gc,start       ] GC(313) Pause Young (Allocation Failure)
[317.479s][info][gc,heap        ] GC(313) PSYoungGen: 264303K(291328K)->7928K(255488K) Eden: 247296K(247296K)->0K(247296K) From: 17007K(44032K)->7928K(8192K)
[317.479s][info][gc,heap        ] GC(313) ParOldGen: 453395K(453632K)->470348K(470528K)
[317.480s][info][gc,metaspace   ] GC(313) Metaspace: 42789K(43200K)->42789K(43200K) NonClass: 38442K(38720K)->38442K(38720K) Class: 4347K(4480K)->4347K(4480K)
[317.480s][info][gc             ] GC(313) Pause Young (Allocation Failure) 700M->467M(709M) 29.692ms
[317.480s][info][gc,cpu         ] GC(313) User=0.04s Sys=0.02s Real=0.03s
[318.133s][info][gc,start       ] GC(314) Pause Young (Allocation Failure)
[318.172s][info][gc,heap        ] GC(314) PSYoungGen: 255224K(255488K)->30412K(284160K) Eden: 247296K(247296K)->0K(243712K) From: 7928K(8192K)->30412K(40448K)
[318.172s][info][gc,heap        ] GC(314) ParOldGen: 470348K(470528K)->476285K(476672K)
[318.172s][info][gc,metaspace   ] GC(314) Metaspace: 42789K(43200K)->42789K(43200K) NonClass: 38442K(38720K)->38442K(38720K) Class: 4347K(4480K)->4347K(4480K)
[318.173s][info][gc             ] GC(314) Pause Young (Allocation Failure) 708M->494M(743M) 39.132ms
[318.173s][info][gc,cpu         ] GC(314) User=0.07s Sys=0.00s Real=0.03s
[318.825s][info][gc,start       ] GC(315) Pause Young (Allocation Failure)
[318.925s][info][gc,heap        ] GC(315) PSYoungGen: 274124K(284160K)->29816K(273920K) Eden: 243712K(243712K)->0K(243712K) From: 30412K(40448K)->29816K(30208K)
[318.925s][info][gc,heap        ] GC(315) ParOldGen: 476285K(476672K)->505993K(506368K)
[318.925s][info][gc,metaspace   ] GC(315) Metaspace: 42789K(43200K)->42789K(43200K) NonClass: 38442K(38720K)->38442K(38720K) Class: 4347K(4480K)->4347K(4480K)
[318.926s][info][gc             ] GC(315) Pause Young (Allocation Failure) 732M->523M(762M) 100.717ms
[318.926s][info][gc,cpu         ] GC(315) User=0.18s Sys=0.02s Real=0.10s
[320.509s][info][gc,start       ] GC(316) Pause Young (Allocation Failure)
[320.574s][info][gc,heap        ] GC(316) PSYoungGen: 273528K(273920K)->25052K(286720K) Eden: 243712K(243712K)->0K(239616K) From: 29816K(30208K)->25052K(47104K)
[320.574s][info][gc,heap        ] GC(316) ParOldGen: 505993K(506368K)->534042K(534528K)
[320.574s][info][gc,metaspace   ] GC(316) Metaspace: 42789K(43200K)->42789K(43200K) NonClass: 38442K(38720K)->38442K(38720K) Class: 4347K(4480K)->4347K(4480K)
[320.574s][info][gc             ] GC(316) Pause Young (Allocation Failure) 761M->545M(802M) 65.231ms
[320.574s][info][gc,cpu         ] GC(316) User=0.10s Sys=0.03s Real=0.07s
[321.633s][info][gc,start       ] GC(317) Pause Young (Allocation Failure)
[321.673s][info][gc,heap        ] GC(317) PSYoungGen: 264668K(286720K)->13243K(252928K) Eden: 239616K(239616K)->0K(239616K) From: 25052K(47104K)->13243K(13312K)
[321.673s][info][gc,heap        ] GC(317) ParOldGen: 534042K(534528K)->558778K(559104K)
[321.673s][info][gc,metaspace   ] GC(317) Metaspace: 42789K(43200K)->42789K(43200K) NonClass: 38442K(38720K)->38442K(38720K) Class: 4347K(4480K)->4347K(4480K)
[321.673s][info][gc             ] GC(317) Pause Young (Allocation Failure) 779M->558M(793M) 40.425ms
[321.673s][info][gc,cpu         ] GC(317) User=0.07s Sys=0.02s Real=0.05s
[323.122s][info][gc,start       ] GC(318) Pause Young (Allocation Failure)
[323.134s][info][gc,heap        ] GC(318) PSYoungGen: 252859K(252928K)->1014K(284160K) Eden: 239616K(239616K)->0K(239616K) From: 13243K(13312K)->1014K(44544K)
[323.134s][info][gc,heap        ] GC(318) ParOldGen: 558778K(559104K)->566502K(566784K)
[323.134s][info][gc,metaspace   ] GC(318) Metaspace: 42790K(43200K)->42790K(43200K) NonClass: 38443K(38720K)->38443K(38720K) Class: 4347K(4480K)->4347K(4480K)
[323.134s][info][gc             ] GC(318) Pause Young (Allocation Failure) 792M->554M(831M) 11.305ms
[323.134s][info][gc,cpu         ] GC(318) User=0.02s Sys=0.01s Real=0.02s
[324.575s][info][gc,start       ] GC(319) Pause Young (Allocation Failure)
[324.600s][info][gc,heap        ] GC(319) PSYoungGen: 240630K(284160K)->22012K(284160K) Eden: 239616K(239616K)->0K(239616K) From: 1014K(44544K)->22012K(44544K)
[324.600s][info][gc,heap        ] GC(319) ParOldGen: 566502K(566784K)->567395K(567808K)
[324.600s][info][gc,metaspace   ] GC(319) Metaspace: 42790K(43200K)->42790K(43200K) NonClass: 38443K(38720K)->38443K(38720K) Class: 4347K(4480K)->4347K(4480K)
[324.600s][info][gc             ] GC(319) Pause Young (Allocation Failure) 788M->575M(832M) 25.061ms
[324.600s][info][gc,cpu         ] GC(319) User=0.04s Sys=0.00s Real=0.02s
[326.002s][info][gc,start       ] GC(320) Pause Young (Allocation Failure)
[326.051s][info][gc,heap        ] GC(320) PSYoungGen: 261628K(284160K)->22039K(287232K) Eden: 239616K(239616K)->0K(244736K) From: 22012K(44544K)->22039K(42496K)
[326.051s][info][gc,heap        ] GC(320) ParOldGen: 567395K(567808K)->589432K(589824K)
[326.051s][info][gc,metaspace   ] GC(320) Metaspace: 42790K(43200K)->42790K(43200K) NonClass: 38443K(38720K)->38443K(38720K) Class: 4347K(4480K)->4347K(4480K)
[326.051s][info][gc             ] GC(320) Pause Young (Allocation Failure) 809M->597M(856M) 48.731ms
[326.051s][info][gc,cpu         ] GC(320) User=0.08s Sys=0.02s Real=0.05s
[326.704s][info][gc,start       ] GC(321) Pause Young (Allocation Failure)
[326.764s][info][gc,heap        ] GC(321) PSYoungGen: 266775K(287232K)->36310K(281088K) Eden: 244736K(244736K)->0K(244736K) From: 22039K(42496K)->36310K(36352K)
[326.764s][info][gc,heap        ] GC(321) ParOldGen: 589432K(589824K)->610842K(611328K)
[326.764s][info][gc,metaspace   ] GC(321) Metaspace: 42790K(43200K)->42790K(43200K) NonClass: 38443K(38720K)->38443K(38720K) Class: 4347K(4480K)->4347K(4480K)
[326.764s][info][gc             ] GC(321) Pause Young (Allocation Failure) 836M->631M(871M) 59.779ms
[326.764s][info][gc,cpu         ] GC(321) User=0.10s Sys=0.02s Real=0.06s
[327.386s][info][gc,start       ] GC(322) Pause Young (Allocation Failure)
[327.469s][info][gc,heap        ] GC(322) PSYoungGen: 281046K(281088K)->30104K(282624K) Eden: 244736K(244736K)->0K(234496K) From: 36310K(36352K)->30104K(48128K)
[327.469s][info][gc,heap        ] GC(322) ParOldGen: 610842K(611328K)->646472K(646656K)
[327.469s][info][gc,metaspace   ] GC(322) Metaspace: 42790K(43200K)->42790K(43200K) NonClass: 38443K(38720K)->38443K(38720K) Class: 4347K(4480K)->4347K(4480K)
[327.469s][info][gc             ] GC(322) Pause Young (Allocation Failure) 870M->660M(907M) 82.817ms
[327.469s][info][gc,cpu         ] GC(322) User=0.14s Sys=0.02s Real=0.08s
[328.349s][info][gc,start       ] GC(323) Pause Full (Allocation Failure)
[328.349s][info][gc,phases,start] GC(323) Marking Phase
[328.471s][info][gc,phases      ] GC(323) Marking Phase 121.307ms
[328.471s][info][gc,phases,start] GC(323) Summary Phase
[328.471s][info][gc,phases      ] GC(323) Summary Phase 0.031ms
[328.471s][info][gc,phases,start] GC(323) Forward
[328.505s][info][gc,phases      ] GC(323) Forward 34.748ms
[328.505s][info][gc,phases,start] GC(323) Adjust Pointers
[328.596s][info][gc,phases      ] GC(323) Adjust Pointers 90.943ms
[328.596s][info][gc,phases,start] GC(323) Compaction Phase
[328.637s][info][gc,phases      ] GC(323) Compaction Phase 40.544ms
[328.637s][info][gc,phases,start] GC(323) Post Compact
[328.640s][info][gc,phases      ] GC(323) Post Compact 2.671ms
[328.671s][info][gc,heap        ] GC(323) PSYoungGen: 264600K(282624K)->0K(284160K) Eden: 234496K(234496K)->0K(234496K) From: 30104K(48128K)->0K(49664K)
[328.671s][info][gc,heap        ] GC(323) ParOldGen: 646472K(646656K)->153828K(286720K)
[328.671s][info][gc,metaspace   ] GC(323) Metaspace: 42790K(43200K)->42790K(43200K) NonClass: 38443K(38720K)->38443K(38720K) Class: 4347K(4480K)->4347K(4480K)
[328.671s][info][gc             ] GC(323) Pause Full (Allocation Failure) 889M->150M(557M) 321.804ms
[328.671s][info][gc,cpu         ] GC(323) User=0.51s Sys=0.03s Real=0.32s
[330.281s][info][gc,start       ] GC(324) Pause Young (Allocation Failure)
[330.303s][info][gc,heap        ] GC(324) PSYoungGen: 234496K(284160K)->26716K(283136K) Eden: 234496K(234496K)->0K(234496K) From: 0K(49664K)->26716K(48640K)
[330.303s][info][gc,heap        ] GC(324) ParOldGen: 153828K(286720K)->153828K(286720K)
[330.303s][info][gc,metaspace   ] GC(324) Metaspace: 42795K(43200K)->42795K(43200K) NonClass: 38447K(38720K)->38447K(38720K) Class: 4347K(4480K)->4347K(4480K)
[330.304s][info][gc             ] GC(324) Pause Young (Allocation Failure) 379M->176M(556M) 22.307ms
[330.304s][info][gc,cpu         ] GC(324) User=0.04s Sys=0.00s Real=0.03s
[331.646s][info][gc,start       ] GC(325) Pause Young (Allocation Failure)
[331.666s][info][gc,heap        ] GC(325) PSYoungGen: 261212K(283136K)->539K(283648K) Eden: 234496K(234496K)->0K(234496K) From: 26716K(48640K)->539K(49152K)
[331.666s][info][gc,heap        ] GC(325) ParOldGen: 153828K(286720K)->179586K(286720K)
[331.666s][info][gc,metaspace   ] GC(325) Metaspace: 42795K(43200K)->42795K(43200K) NonClass: 38447K(38720K)->38447K(38720K) Class: 4347K(4480K)->4347K(4480K)
[331.666s][info][gc             ] GC(325) Pause Young (Allocation Failure) 405M->175M(557M) 19.431ms
[331.666s][info][gc,cpu         ] GC(325) User=0.04s Sys=0.00s Real=0.02s
[333.059s][info][gc,start       ] GC(326) Pause Young (Allocation Failure)
[333.081s][info][gc,heap        ] GC(326) PSYoungGen: 235035K(283648K)->21356K(281088K) Eden: 234496K(234496K)->0K(235008K) From: 539K(49152K)->21356K(46080K)
[333.081s][info][gc,heap        ] GC(326) ParOldGen: 179586K(286720K)->180018K(286720K)
[333.081s][info][gc,metaspace   ] GC(326) Metaspace: 42795K(43200K)->42795K(43200K) NonClass: 38447K(38720K)->38447K(38720K) Class: 4347K(4480K)->4347K(4480K)
[333.081s][info][gc             ] GC(326) Pause Young (Allocation Failure) 404M->196M(554M) 22.085ms
[333.081s][info][gc,cpu         ] GC(326) User=0.04s Sys=0.00s Real=0.02s
[334.458s][info][gc,start       ] GC(327) Pause Young (Allocation Failure)
[334.497s][info][gc,heap        ] GC(327) PSYoungGen: 256364K(281088K)->23422K(282624K) Eden: 235008K(235008K)->0K(235008K) From: 21356K(46080K)->23422K(47616K)
[334.497s][info][gc,heap        ] GC(327) ParOldGen: 180018K(286720K)->201534K(286720K)
[334.497s][info][gc,metaspace   ] GC(327) Metaspace: 42795K(43200K)->42795K(43200K) NonClass: 38448K(38720K)->38448K(38720K) Class: 4347K(4480K)->4347K(4480K)
[334.497s][info][gc             ] GC(327) Pause Young (Allocation Failure) 426M->219M(556M) 38.775ms
[334.497s][info][gc,cpu         ] GC(327) User=0.08s Sys=0.00s Real=0.04s
[335.594s][info][gc,start       ] GC(328) Pause Young (Allocation Failure)
[335.623s][info][gc,heap        ] GC(328) PSYoungGen: 258430K(282624K)->14465K(281600K) Eden: 235008K(235008K)->0K(239616K) From: 23422K(47616K)->14465K(41984K)
[335.623s][info][gc,heap        ] GC(328) ParOldGen: 201534K(286720K)->224970K(286720K)
[335.623s][info][gc,metaspace   ] GC(328) Metaspace: 42796K(43200K)->42796K(43200K) NonClass: 38449K(38720K)->38449K(38720K) Class: 4347K(4480K)->4347K(4480K)
[335.623s][info][gc             ] GC(328) Pause Young (Allocation Failure) 449M->233M(555M) 29.160ms
[335.623s][info][gc,cpu         ] GC(328) User=0.06s Sys=0.00s Real=0.03s
[336.733s][info][gc,start       ] GC(329) Pause Young (Allocation Failure)
[336.744s][info][gc,heap        ] GC(329) PSYoungGen: 254081K(281600K)->6778K(284160K) Eden: 239616K(239616K)->0K(239616K) From: 14465K(41984K)->6778K(44544K)
[336.744s][info][gc,heap        ] GC(329) ParOldGen: 224970K(286720K)->234733K(286720K)
[336.744s][info][gc,metaspace   ] GC(329) Metaspace: 42796K(43200K)->42796K(43200K) NonClass: 38449K(38720K)->38449K(38720K) Class: 4347K(4480K)->4347K(4480K)
[336.744s][info][gc             ] GC(329) Pause Young (Allocation Failure) 467M->235M(557M) 11.226ms
[336.745s][info][gc,cpu         ] GC(329) User=0.03s Sys=0.00s Real=0.01s
[337.874s][info][gc,start       ] GC(330) Pause Young (Allocation Failure)
[337.895s][info][gc,heap        ] GC(330) PSYoungGen: 246394K(284160K)->20125K(285696K) Eden: 239616K(239616K)->0K(245248K) From: 6778K(44544K)->20125K(40448K)
[337.895s][info][gc,heap        ] GC(330) ParOldGen: 234733K(286720K)->235577K(286720K)
[337.895s][info][gc,metaspace   ] GC(330) Metaspace: 42796K(43200K)->42796K(43200K) NonClass: 38449K(38720K)->38449K(38720K) Class: 4347K(4480K)->4347K(4480K)
[337.895s][info][gc             ] GC(330) Pause Young (Allocation Failure) 469M->249M(559M) 20.979ms
[337.895s][info][gc,cpu         ] GC(330) User=0.05s Sys=0.00s Real=0.02s
[338.679s][info][gc,start       ] GC(331) Pause Young (Allocation Failure)
[338.685s][info][gc,heap        ] GC(331) PSYoungGen: 265373K(285696K)->5748K(287744K) Eden: 245248K(245248K)->0K(245248K) From: 20125K(40448K)->5748K(42496K)
[338.685s][info][gc,heap        ] GC(331) ParOldGen: 235577K(286720K)->236913K(286720K)
[338.685s][info][gc,metaspace   ] GC(331) Metaspace: 42796K(43200K)->42796K(43200K) NonClass: 38449K(38720K)->38449K(38720K) Class: 4347K(4480K)->4347K(4480K)
[338.685s][info][gc             ] GC(331) Pause Young (Allocation Failure) 489M->236M(561M) 6.323ms
[338.685s][info][gc,cpu         ] GC(331) User=0.02s Sys=0.00s Real=0.01s
[339.622s][info][gc,start       ] GC(332) Pause Young (Allocation Failure)
[339.639s][info][gc,heap        ] GC(332) PSYoungGen: 250996K(287744K)->10899K(287744K) Eden: 245248K(245248K)->0K(249344K) From: 5748K(42496K)->10899K(38400K)
[339.639s][info][gc,heap        ] GC(332) ParOldGen: 236913K(286720K)->237849K(286720K)
[339.639s][info][gc,metaspace   ] GC(332) Metaspace: 42797K(43200K)->42797K(43200K) NonClass: 38450K(38720K)->38450K(38720K) Class: 4347K(4480K)->4347K(4480K)
[339.639s][info][gc             ] GC(332) Pause Young (Allocation Failure) 476M->242M(561M) 17.215ms
[339.639s][info][gc,cpu         ] GC(332) User=0.04s Sys=0.00s Real=0.02s
[340.744s][info][gc,start       ] GC(333) Pause Young (Allocation Failure)
[340.768s][info][gc,heap        ] GC(333) PSYoungGen: 260243K(287744K)->19214K(289792K) Eden: 249344K(249344K)->0K(249344K) From: 10899K(38400K)->19214K(40448K)
[340.768s][info][gc,heap        ] GC(333) ParOldGen: 237849K(286720K)->242749K(286720K)
[340.768s][info][gc,metaspace   ] GC(333) Metaspace: 42797K(43200K)->42797K(43200K) NonClass: 38450K(38720K)->38450K(38720K) Class: 4347K(4480K)->4347K(4480K)
[340.768s][info][gc             ] GC(333) Pause Young (Allocation Failure) 486M->255M(563M) 24.565ms
[340.768s][info][gc,cpu         ] GC(333) User=0.05s Sys=0.00s Real=0.02s
[341.646s][info][gc,start       ] GC(334) Pause Young (Allocation Failure)
[341.664s][info][gc,heap        ] GC(334) PSYoungGen: 268558K(289792K)->4521K(291328K) Eden: 249344K(249344K)->0K(253952K) From: 19214K(40448K)->4521K(37376K)
[341.664s][info][gc,heap        ] GC(334) ParOldGen: 242749K(286720K)->256711K(286720K)
[341.664s][info][gc,metaspace   ] GC(334) Metaspace: 42797K(43200K)->42797K(43200K) NonClass: 38450K(38720K)->38450K(38720K) Class: 4347K(4480K)->4347K(4480K)
[341.664s][info][gc             ] GC(334) Pause Young (Allocation Failure) 499M->255M(564M) 17.472ms
[341.664s][info][gc,cpu         ] GC(334) User=0.03s Sys=0.00s Real=0.02s
[342.657s][info][gc,start       ] GC(335) Pause Young (Allocation Failure)
[342.669s][info][gc,heap        ] GC(335) PSYoungGen: 258473K(291328K)->9367K(292864K) Eden: 253952K(253952K)->0K(253952K) From: 4521K(37376K)->9367K(38912K)
[342.669s][info][gc,heap        ] GC(335) ParOldGen: 256711K(286720K)->260761K(286720K)
[342.669s][info][gc,metaspace   ] GC(335) Metaspace: 42797K(43200K)->42797K(43200K) NonClass: 38450K(38720K)->38450K(38720K) Class: 4347K(4480K)->4347K(4480K)
[342.669s][info][gc             ] GC(335) Pause Young (Allocation Failure) 503M->263M(566M) 12.061ms
[342.669s][info][gc,cpu         ] GC(335) User=0.02s Sys=0.00s Real=0.01s
[343.600s][info][gc,start       ] GC(336) Pause Young (Allocation Failure)
[343.604s][info][gc,heap        ] GC(336) PSYoungGen: 263319K(292864K)->1152K(294400K) Eden: 253952K(253952K)->0K(257024K) From: 9367K(38912K)->1152K(37376K)
[343.604s][info][gc,heap        ] GC(336) ParOldGen: 260761K(286720K)->261797K(286720K)
[343.604s][info][gc,metaspace   ] GC(336) Metaspace: 42797K(43200K)->42797K(43200K) NonClass: 38450K(38720K)->38450K(38720K) Class: 4347K(4480K)->4347K(4480K)
[343.604s][info][gc             ] GC(336) Pause Young (Allocation Failure) 511M->256M(567M) 3.517ms
[343.604s][info][gc,cpu         ] GC(336) User=0.01s Sys=0.00s Real=0.01s
[344.485s][info][gc,start       ] GC(337) Pause Young (Allocation Failure)
[344.507s][info][gc,heap        ] GC(337) PSYoungGen: 258176K(294400K)->27426K(284672K) Eden: 257024K(257024K)->0K(257024K) From: 1152K(37376K)->27426K(27648K)
[344.507s][info][gc,heap        ] GC(337) ParOldGen: 261797K(286720K)->262869K(286720K)
[344.507s][info][gc,metaspace   ] GC(337) Metaspace: 42797K(43200K)->42797K(43200K) NonClass: 38450K(38720K)->38450K(38720K) Class: 4347K(4480K)->4347K(4480K)
[344.507s][info][gc             ] GC(337) Pause Young (Allocation Failure) 507M->283M(558M) 22.321ms
[344.507s][info][gc,cpu         ] GC(337) User=0.05s Sys=0.00s Real=0.02s
[345.656s][info][gc,start       ] GC(338) Pause Young (Allocation Failure)
[345.697s][info][gc,heap        ] GC(338) PSYoungGen: 284450K(284672K)->26071K(290304K) Eden: 257024K(257024K)->0K(249856K) From: 27426K(27648K)->26071K(40448K)
[345.697s][info][gc,heap        ] GC(338) ParOldGen: 262869K(286720K)->278178K(286720K)
[345.697s][info][gc,metaspace   ] GC(338) Metaspace: 42797K(43200K)->42797K(43200K) NonClass: 38450K(38720K)->38450K(38720K) Class: 4347K(4480K)->4347K(4480K)
[345.697s][info][gc             ] GC(338) Pause Young (Allocation Failure) 534M->297M(563M) 41.128ms
[345.697s][info][gc,cpu         ] GC(338) User=0.08s Sys=0.00s Real=0.04s
[346.769s][info][gc,start       ] GC(339) Pause Young (Allocation Failure)
[346.835s][info][gc,heap        ] GC(339) PSYoungGen: 275927K(290304K)->34378K(284672K) Eden: 249856K(249856K)->0K(249856K) From: 26071K(40448K)->34378K(34816K)
[346.836s][info][gc,heap        ] GC(339) ParOldGen: 278178K(286720K)->303725K(304128K)
[346.836s][info][gc,metaspace   ] GC(339) Metaspace: 42797K(43200K)->42797K(43200K) NonClass: 38450K(38720K)->38450K(38720K) Class: 4347K(4480K)->4347K(4480K)
[346.836s][info][gc             ] GC(339) Pause Young (Allocation Failure) 541M->330M(575M) 67.047ms
[346.836s][info][gc,cpu         ] GC(339) User=0.12s Sys=0.02s Real=0.07s
[347.656s][info][gc,start       ] GC(340) Pause Young (Allocation Failure)
[347.722s][info][gc,heap        ] GC(340) PSYoungGen: 284234K(284672K)->37603K(278016K) Eden: 249856K(249856K)->0K(231424K) From: 34378K(34816K)->37603K(46592K)
[347.722s][info][gc,heap        ] GC(340) ParOldGen: 303725K(304128K)->332794K(332800K)
[347.722s][info][gc,metaspace   ] GC(340) Metaspace: 42797K(43200K)->42797K(43200K) NonClass: 38450K(38720K)->38450K(38720K) Class: 4347K(4480K)->4347K(4480K)
[347.722s][info][gc             ] GC(340) Pause Young (Allocation Failure) 574M->361M(596M) 65.777ms
[347.722s][info][gc,cpu         ] GC(340) User=0.12s Sys=0.02s Real=0.06s
[348.501s][info][gc,start       ] GC(341) Pause Young (Allocation Failure)
[348.529s][info][gc,heap        ] GC(341) PSYoungGen: 269027K(278016K)->24077K(282624K) Eden: 231424K(231424K)->0K(231424K) From: 37603K(46592K)->24077K(51200K)
[348.529s][info][gc,heap        ] GC(341) ParOldGen: 332794K(332800K)->342866K(343040K)
[348.529s][info][gc,metaspace   ] GC(341) Metaspace: 42798K(43200K)->42798K(43200K) NonClass: 38450K(38720K)->38450K(38720K) Class: 4347K(4480K)->4347K(4480K)
[348.529s][info][gc             ] GC(341) Pause Young (Allocation Failure) 587M->358M(611M) 27.765ms
[348.529s][info][gc,cpu         ] GC(341) User=0.04s Sys=0.00s Real=0.03s
[349.339s][info][gc,start       ] GC(342) Pause Young (Allocation Failure)
[349.361s][info][gc,heap        ] GC(342) PSYoungGen: 255501K(282624K)->31494K(282112K) Eden: 231424K(231424K)->0K(232448K) From: 24077K(51200K)->31494K(49664K)
[349.361s][info][gc,heap        ] GC(342) ParOldGen: 342866K(343040K)->343358K(343552K)
[349.361s][info][gc,metaspace   ] GC(342) Metaspace: 42798K(43200K)->42798K(43200K) NonClass: 38450K(38720K)->38450K(38720K) Class: 4347K(4480K)->4347K(4480K)
[349.361s][info][gc             ] GC(342) Pause Young (Allocation Failure) 584M->366M(611M) 22.298ms
[349.361s][info][gc,cpu         ] GC(342) User=0.05s Sys=0.00s Real=0.02s
[350.224s][info][gc,start       ] GC(343) Pause Young (Allocation Failure)
[350.229s][info][gc,heap        ] GC(343) PSYoungGen: 263942K(282112K)->1344K(233984K) Eden: 232448K(232448K)->0K(232448K) From: 31494K(49664K)->1344K(1536K)
[350.229s][info][gc,heap        ] GC(343) ParOldGen: 343358K(343552K)->344093K(344576K)
[350.229s][info][gc,metaspace   ] GC(343) Metaspace: 42798K(43200K)->42798K(43200K) NonClass: 38450K(38720K)->38450K(38720K) Class: 4347K(4480K)->4347K(4480K)
[350.229s][info][gc             ] GC(343) Pause Young (Allocation Failure) 593M->337M(565M) 4.293ms
[350.229s][info][gc,cpu         ] GC(343) User=0.01s Sys=0.00s Real=0.00s
[351.074s][info][gc,start       ] GC(344) Pause Young (Allocation Failure)
[351.086s][info][gc,heap        ] GC(344) PSYoungGen: 233792K(233984K)->13099K(284672K) Eden: 232448K(232448K)->0K(233472K) From: 1344K(1536K)->13099K(51200K)
[351.086s][info][gc,heap        ] GC(344) ParOldGen: 344093K(344576K)->344719K(345088K)
[351.086s][info][gc,metaspace   ] GC(344) Metaspace: 42798K(43200K)->42798K(43200K) NonClass: 38450K(38720K)->38450K(38720K) Class: 4347K(4480K)->4347K(4480K)
[351.086s][info][gc             ] GC(344) Pause Young (Allocation Failure) 564M->349M(615M) 12.378ms
[351.086s][info][gc,cpu         ] GC(344) User=0.02s Sys=0.00s Real=0.01s
[351.979s][info][gc,start       ] GC(345) Pause Young (Allocation Failure)
[352.024s][info][gc,heap        ] GC(345) PSYoungGen: 246571K(284672K)->49148K(282624K) Eden: 233472K(233472K)->0K(233472K) From: 13099K(51200K)->49148K(49152K)
[352.024s][info][gc,heap        ] GC(345) ParOldGen: 344719K(345088K)->358370K(358400K)
[352.024s][info][gc,metaspace   ] GC(345) Metaspace: 42798K(43200K)->42798K(43200K) NonClass: 38450K(38720K)->38450K(38720K) Class: 4347K(4480K)->4347K(4480K)
[352.025s][info][gc             ] GC(345) Pause Young (Allocation Failure) 577M->397M(626M) 45.037ms
[352.025s][info][gc,cpu         ] GC(345) User=0.08s Sys=0.01s Real=0.05s
[352.881s][info][gc,start       ] GC(346) Pause Young (Allocation Failure)
[352.956s][info][gc,heap        ] GC(346) PSYoungGen: 282620K(282624K)->40397K(254976K) Eden: 233472K(233472K)->0K(203776K) From: 49148K(49152K)->40397K(51200K)
[352.956s][info][gc,heap        ] GC(346) ParOldGen: 358370K(358400K)->400695K(400896K)
[352.956s][info][gc,metaspace   ] GC(346) Metaspace: 42798K(43200K)->42798K(43200K) NonClass: 38450K(38720K)->38450K(38720K) Class: 4347K(4480K)->4347K(4480K)
[352.956s][info][gc             ] GC(346) Pause Young (Allocation Failure) 625M->430M(640M) 74.928ms
[352.956s][info][gc,cpu         ] GC(346) User=0.12s Sys=0.03s Real=0.08s
[353.712s][info][gc,start       ] GC(347) Pause Young (Allocation Failure)
[353.754s][info][gc,heap        ] GC(347) PSYoungGen: 244173K(254976K)->11430K(268800K) Eden: 203776K(203776K)->0K(203776K) From: 40397K(51200K)->11430K(65024K)
[353.754s][info][gc,heap        ] GC(347) ParOldGen: 400695K(400896K)->427638K(428032K)
[353.754s][info][gc,metaspace   ] GC(347) Metaspace: 42798K(43200K)->42798K(43200K) NonClass: 38450K(38720K)->38450K(38720K) Class: 4347K(4480K)->4347K(4480K)
[353.754s][info][gc             ] GC(347) Pause Young (Allocation Failure) 629M->428M(680M) 41.679ms
[353.754s][info][gc,cpu         ] GC(347) User=0.06s Sys=0.02s Real=0.05s
[354.506s][info][gc,start       ] GC(348) Pause Young (Allocation Failure)
[354.511s][info][gc,heap        ] GC(348) PSYoungGen: 215206K(268800K)->2833K(266752K) Eden: 203776K(203776K)->0K(205824K) From: 11430K(65024K)->2833K(60928K)
[354.511s][info][gc,heap        ] GC(348) ParOldGen: 427638K(428032K)->428454K(428544K)
[354.511s][info][gc,metaspace   ] GC(348) Metaspace: 42798K(43200K)->42798K(43200K) NonClass: 38450K(38720K)->38450K(38720K) Class: 4347K(4480K)->4347K(4480K)
[354.511s][info][gc             ] GC(348) Pause Young (Allocation Failure) 627M->421M(679M) 5.449ms
[354.511s][info][gc,cpu         ] GC(348) User=0.00s Sys=0.00s Real=0.00s
[355.246s][info][gc,start       ] GC(349) Pause Young (Allocation Failure)
[355.252s][info][gc,heap        ] GC(349) PSYoungGen: 208657K(266752K)->3881K(268800K) Eden: 205824K(205824K)->0K(205824K) From: 2833K(60928K)->3881K(62976K)
[355.252s][info][gc,heap        ] GC(349) ParOldGen: 428454K(428544K)->429497K(429568K)
[355.252s][info][gc,metaspace   ] GC(349) Metaspace: 42798K(43200K)->42798K(43200K) NonClass: 38450K(38720K)->38450K(38720K) Class: 4347K(4480K)->4347K(4480K)
[355.252s][info][gc             ] GC(349) Pause Young (Allocation Failure) 622M->423M(682M) 5.732ms
[355.252s][info][gc,cpu         ] GC(349) User=0.01s Sys=0.00s Real=0.00s
[355.973s][info][gc,start       ] GC(350) Pause Young (Allocation Failure)
[355.992s][info][gc,heap        ] GC(350) PSYoungGen: 209705K(268800K)->28242K(268288K) Eden: 205824K(205824K)->0K(209408K) From: 3881K(62976K)->28242K(58880K)
[355.992s][info][gc,heap        ] GC(350) ParOldGen: 429497K(429568K)->429957K(430080K)
[355.992s][info][gc,metaspace   ] GC(350) Metaspace: 42798K(43200K)->42798K(43200K) NonClass: 38450K(38720K)->38450K(38720K) Class: 4347K(4480K)->4347K(4480K)
[355.992s][info][gc             ] GC(350) Pause Young (Allocation Failure) 624M->447M(682M) 18.967ms
[355.992s][info][gc,cpu         ] GC(350) User=0.03s Sys=0.00s Real=0.02s
[356.646s][info][gc,start       ] GC(351) Pause Young (Allocation Failure)
[356.661s][info][gc,heap        ] GC(351) PSYoungGen: 237650K(268288K)->21847K(269824K) Eden: 209408K(209408K)->0K(209408K) From: 28242K(58880K)->21847K(60416K)
[356.661s][info][gc,heap        ] GC(351) ParOldGen: 429957K(430080K)->430377K(430592K)
[356.661s][info][gc,metaspace   ] GC(351) Metaspace: 42798K(43200K)->42798K(43200K) NonClass: 38450K(38720K)->38450K(38720K) Class: 4347K(4480K)->4347K(4480K)
[356.661s][info][gc             ] GC(351) Pause Young (Allocation Failure) 651M->441M(684M) 15.312ms
[356.661s][info][gc,cpu         ] GC(351) User=0.03s Sys=0.00s Real=0.01s
[357.355s][info][gc,start       ] GC(352) Pause Young (Allocation Failure)
[357.377s][info][gc,heap        ] GC(352) PSYoungGen: 231255K(269824K)->1704K(272384K) Eden: 209408K(209408K)->0K(215040K) From: 21847K(60416K)->1704K(57344K)
[357.377s][info][gc,heap        ] GC(352) ParOldGen: 430377K(430592K)->451104K(451584K)
[357.377s][info][gc,metaspace   ] GC(352) Metaspace: 42798K(43200K)->42798K(43200K) NonClass: 38450K(38720K)->38450K(38720K) Class: 4347K(4480K)->4347K(4480K)
[357.377s][info][gc             ] GC(352) Pause Young (Allocation Failure) 646M->442M(707M) 22.743ms
[357.377s][info][gc,cpu         ] GC(352) User=0.03s Sys=0.01s Real=0.02s
[358.025s][info][gc,start       ] GC(353) Pause Young (Allocation Failure)
[358.031s][info][gc,heap        ] GC(353) PSYoungGen: 216744K(272384K)->5031K(271872K) Eden: 215040K(215040K)->0K(215040K) From: 1704K(57344K)->5031K(56832K)
[358.031s][info][gc,heap        ] GC(353) ParOldGen: 451104K(451584K)->451120K(451584K)
[358.031s][info][gc,metaspace   ] GC(353) Metaspace: 42798K(43200K)->42798K(43200K) NonClass: 38450K(38720K)->38450K(38720K) Class: 4347K(4480K)->4347K(4480K)
[358.031s][info][gc             ] GC(353) Pause Young (Allocation Failure) 652M->445M(706M) 6.238ms
[358.031s][info][gc,cpu         ] GC(353) User=0.01s Sys=0.00s Real=0.00s
[358.437s][info][gc,start       ] GC(354) Pause Young (Allocation Failure)
[358.443s][info][gc,heap        ] GC(354) PSYoungGen: 220071K(271872K)->1486K(275968K) Eden: 215040K(215040K)->0K(220672K) From: 5031K(56832K)->1486K(55296K)
[358.443s][info][gc,heap        ] GC(354) ParOldGen: 451120K(451584K)->453095K(453120K)
[358.443s][info][gc,metaspace   ] GC(354) Metaspace: 42798K(43200K)->42798K(43200K) NonClass: 38450K(38720K)->38450K(38720K) Class: 4347K(4480K)->4347K(4480K)
[358.443s][info][gc             ] GC(354) Pause Young (Allocation Failure) 655M->443M(712M) 5.371ms
[358.443s][info][gc,cpu         ] GC(354) User=0.01s Sys=0.00s Real=0.00s
[358.915s][info][gc,start       ] GC(355) Pause Young (Allocation Failure)
[358.923s][info][gc,heap        ] GC(355) PSYoungGen: 222158K(275968K)->10198K(274944K) Eden: 220672K(220672K)->0K(220672K) From: 1486K(55296K)->10198K(54272K)
[358.923s][info][gc,heap        ] GC(355) ParOldGen: 453095K(453120K)->453127K(453632K)
[358.923s][info][gc,metaspace   ] GC(355) Metaspace: 42798K(43200K)->42798K(43200K) NonClass: 38450K(38720K)->38450K(38720K) Class: 4347K(4480K)->4347K(4480K)
[358.923s][info][gc             ] GC(355) Pause Young (Allocation Failure) 659M->452M(711M) 8.359ms
[358.923s][info][gc,cpu         ] GC(355) User=0.01s Sys=0.00s Real=0.01s
[359.205s][info][gc,start       ] GC(356) Pause Young (Allocation Failure)
[359.218s][info][gc,heap        ] GC(356) PSYoungGen: 230870K(274944K)->1088K(276480K) Eden: 220672K(220672K)->0K(225280K) From: 10198K(54272K)->1088K(51200K)
[359.218s][info][gc,heap        ] GC(356) ParOldGen: 453127K(453632K)->463203K(463360K)
[359.218s][info][gc,metaspace   ] GC(356) Metaspace: 42798K(43200K)->42798K(43200K) NonClass: 38450K(38720K)->38450K(38720K) Class: 4347K(4480K)->4347K(4480K)
[359.218s][info][gc             ] GC(356) Pause Young (Allocation Failure) 667M->453M(722M) 12.560ms
[359.218s][info][gc,cpu         ] GC(356) User=0.01s Sys=0.01s Real=0.01s
[359.526s][info][gc,start       ] GC(357) Pause Young (Allocation Failure)
[359.532s][info][gc,heap        ] GC(357) PSYoungGen: 226263K(276480K)->2529K(275456K) Eden: 225175K(225280K)->0K(225280K) From: 1088K(51200K)->2529K(50176K)
[359.532s][info][gc,heap        ] GC(357) ParOldGen: 463203K(463360K)->464283K(464384K)
[359.532s][info][gc,metaspace   ] GC(357) Metaspace: 42798K(43200K)->42798K(43200K) NonClass: 38450K(38720K)->38450K(38720K) Class: 4347K(4480K)->4347K(4480K)
[359.532s][info][gc             ] GC(357) Pause Young (Allocation Failure) 673M->455M(722M) 6.288ms
[359.532s][info][gc,cpu         ] GC(357) User=0.01s Sys=0.00s Real=0.00s
[359.839s][info][gc,start       ] GC(358) Pause Young (Allocation Failure)
[359.848s][info][gc,heap        ] GC(358) PSYoungGen: 226282K(275456K)->3606K(281600K) Eden: 223753K(225280K)->0K(234496K) From: 2529K(50176K)->3606K(47104K)
[359.848s][info][gc,heap        ] GC(358) ParOldGen: 464283K(464384K)->466763K(466944K)
[359.848s][info][gc,metaspace   ] GC(358) Metaspace: 42798K(43200K)->42798K(43200K) NonClass: 38450K(38720K)->38450K(38720K) Class: 4347K(4480K)->4347K(4480K)
[359.848s][info][gc             ] GC(358) Pause Young (Allocation Failure) 674M->459M(731M) 8.828ms
[359.848s][info][gc,cpu         ] GC(358) User=0.01s Sys=0.00s Real=0.01s
[360.166s][info][gc,start       ] GC(359) Pause Young (Allocation Failure)
[360.177s][info][gc,heap        ] GC(359) PSYoungGen: 238102K(281600K)->4283K(281088K) Eden: 234496K(234496K)->0K(234496K) From: 3606K(47104K)->4283K(46592K)
[360.177s][info][gc,heap        ] GC(359) ParOldGen: 466763K(466944K)->470426K(470528K)
[360.177s][info][gc,metaspace   ] GC(359) Metaspace: 42798K(43200K)->42798K(43200K) NonClass: 38450K(38720K)->38450K(38720K) Class: 4347K(4480K)->4347K(4480K)
[360.177s][info][gc             ] GC(359) Pause Young (Allocation Failure) 688M->463M(734M) 11.021ms
[360.177s][info][gc,cpu         ] GC(359) User=0.02s Sys=0.00s Real=0.01s
[360.514s][info][gc,start       ] GC(360) Pause Young (Allocation Failure)
[360.529s][info][gc,heap        ] GC(360) PSYoungGen: 237770K(281088K)->6477K(284672K) Eden: 233487K(234496K)->0K(242688K) From: 4283K(46592K)->6477K(41984K)
[360.529s][info][gc,heap        ] GC(360) ParOldGen: 470426K(470528K)->474701K(475136K)
[360.529s][info][gc,metaspace   ] GC(360) Metaspace: 42798K(43200K)->42798K(43200K) NonClass: 38450K(38720K)->38450K(38720K) Class: 4347K(4480K)->4347K(4480K)
[360.529s][info][gc             ] GC(360) Pause Young (Allocation Failure) 691M->469M(742M) 14.573ms
[360.529s][info][gc,cpu         ] GC(360) User=0.02s Sys=0.01s Real=0.01s
[360.878s][info][gc,start       ] GC(361) Pause Young (Allocation Failure)
[360.895s][info][gc,heap        ] GC(361) PSYoungGen: 249124K(284672K)->5207K(284672K) Eden: 242646K(242688K)->0K(242688K) From: 6477K(41984K)->5207K(41984K)
[360.895s][info][gc,heap        ] GC(361) ParOldGen: 474701K(475136K)->481222K(481280K)
[360.895s][info][gc,metaspace   ] GC(361) Metaspace: 42798K(43200K)->42798K(43200K) NonClass: 38450K(38720K)->38450K(38720K) Class: 4347K(4480K)->4347K(4480K)
[360.895s][info][gc             ] GC(361) Pause Young (Allocation Failure) 706M->475M(748M) 16.267ms
[360.895s][info][gc,cpu         ] GC(361) User=0.03s Sys=0.00s Real=0.02s
[361.447s][info][gc,start       ] GC(362) Pause Young (Allocation Failure)
[361.468s][info][gc,heap        ] GC(362) PSYoungGen: 247895K(284672K)->14204K(290304K) Eden: 242688K(242688K)->0K(250880K) From: 5207K(41984K)->14204K(39424K)
[361.468s][info][gc,heap        ] GC(362) ParOldGen: 481222K(481280K)->486222K(486400K)
[361.468s][info][gc,metaspace   ] GC(362) Metaspace: 42798K(43200K)->42798K(43200K) NonClass: 38450K(38720K)->38450K(38720K) Class: 4347K(4480K)->4347K(4480K)
[361.468s][info][gc             ] GC(362) Pause Young (Allocation Failure) 712M->488M(758M) 20.691ms
[361.468s][info][gc,cpu         ] GC(362) User=0.04s Sys=0.00s Real=0.02s
[362.116s][info][gc,start       ] GC(363) Pause Young (Allocation Failure)
[362.137s][info][gc,heap        ] GC(363) PSYoungGen: 265084K(290304K)->3851K(289280K) Eden: 250880K(250880K)->0K(250880K) From: 14204K(39424K)->3851K(38400K)
[362.137s][info][gc,heap        ] GC(363) ParOldGen: 486222K(486400K)->499512K(499712K)
[362.137s][info][gc,metaspace   ] GC(363) Metaspace: 42836K(43200K)->42836K(43200K) NonClass: 38489K(38720K)->38489K(38720K) Class: 4347K(4480K)->4347K(4480K)
[362.137s][info][gc             ] GC(363) Pause Young (Allocation Failure) 733M->491M(770M) 21.071ms
[362.137s][info][gc,cpu         ] GC(363) User=0.03s Sys=0.01s Real=0.02s
[362.769s][info][gc,start       ] GC(364) Pause Young (Allocation Failure)
[362.771s][info][gc,heap        ] GC(364) PSYoungGen: 254731K(289280K)->1056K(293376K) Eden: 250880K(250880K)->0K(257024K) From: 3851K(38400K)->1056K(36352K)
[362.772s][info][gc,heap        ] GC(364) ParOldGen: 499512K(499712K)->499697K(499712K)
[362.772s][info][gc,metaspace   ] GC(364) Metaspace: 42839K(43200K)->42839K(43200K) NonClass: 38492K(38720K)->38492K(38720K) Class: 4347K(4480K)->4347K(4480K)
[362.772s][info][gc             ] GC(364) Pause Young (Allocation Failure) 736M->489M(774M) 2.908ms
[362.772s][info][gc,cpu         ] GC(364) User=0.01s Sys=0.00s Real=0.00s
[363.415s][info][gc,start       ] GC(365) Pause Young (Allocation Failure)
[363.419s][info][gc,heap        ] GC(365) PSYoungGen: 258080K(293376K)->1952K(292352K) Eden: 257024K(257024K)->0K(257024K) From: 1056K(36352K)->1952K(35328K)
[363.419s][info][gc,heap        ] GC(365) ParOldGen: 499697K(499712K)->499697K(499712K)
[363.419s][info][gc,metaspace   ] GC(365) Metaspace: 42854K(43264K)->42854K(43264K) NonClass: 38507K(38784K)->38507K(38784K) Class: 4347K(4480K)->4347K(4480K)
[363.419s][info][gc             ] GC(365) Pause Young (Allocation Failure) 740M->489M(773M) 4.584ms
[363.419s][info][gc,cpu         ] GC(365) User=0.00s Sys=0.00s Real=0.00s
[364.131s][info][gc,start       ] GC(366) Pause Young (Allocation Failure)
[364.135s][info][gc,heap        ] GC(366) PSYoungGen: 258976K(292352K)->5061K(296448K) Eden: 257024K(257024K)->0K(264192K) From: 1952K(35328K)->5061K(32256K)
[364.135s][info][gc,heap        ] GC(366) ParOldGen: 499697K(499712K)->499745K(500224K)
[364.135s][info][gc,metaspace   ] GC(366) Metaspace: 42858K(43264K)->42858K(43264K) NonClass: 38510K(38784K)->38510K(38784K) Class: 4347K(4480K)->4347K(4480K)
[364.135s][info][gc             ] GC(366) Pause Young (Allocation Failure) 740M->492M(778M) 4.419ms
[364.135s][info][gc,cpu         ] GC(366) User=0.01s Sys=0.00s Real=0.01s
[365.376s][info][gc,start       ] GC(367) Pause Young (Allocation Failure)
[365.381s][info][gc,heap        ] GC(367) PSYoungGen: 269253K(296448K)->2898K(295936K) Eden: 264192K(264192K)->0K(264192K) From: 5061K(32256K)->2898K(31744K)
[365.381s][info][gc,heap        ] GC(367) ParOldGen: 499745K(500224K)->499881K(500224K)
[365.381s][info][gc,metaspace   ] GC(367) Metaspace: 42868K(43264K)->42868K(43264K) NonClass: 38520K(38784K)->38520K(38784K) Class: 4347K(4480K)->4347K(4480K)
[365.381s][info][gc             ] GC(367) Pause Young (Allocation Failure) 750M->490M(777M) 5.676ms
[365.381s][info][gc,cpu         ] GC(367) User=0.01s Sys=0.00s Real=0.00s
[366.431s][info][gc,start       ] GC(368) Pause Young (Allocation Failure)
[366.457s][info][gc,heap        ] GC(368) PSYoungGen: 267090K(295936K)->23290K(296448K) Eden: 264192K(264192K)->0K(266240K) From: 2898K(31744K)->23290K(30208K)
[366.457s][info][gc,heap        ] GC(368) ParOldGen: 499881K(500224K)->502731K(502784K)
[366.457s][info][gc,metaspace   ] GC(368) Metaspace: 42898K(43264K)->42898K(43264K) NonClass: 38550K(38784K)->38550K(38784K) Class: 4347K(4480K)->4347K(4480K)
[366.457s][info][gc             ] GC(368) Pause Young (Allocation Failure) 748M->513M(780M) 25.777ms
[366.457s][info][gc,cpu         ] GC(368) User=0.05s Sys=0.00s Real=0.03s
[367.117s][info][gc,start       ] GC(369) Pause Young (Allocation Failure)
[367.182s][info][gc,heap        ] GC(369) PSYoungGen: 289530K(296448K)->30104K(296448K) Eden: 266240K(266240K)->0K(266240K) From: 23290K(30208K)->30104K(30208K)
[367.182s][info][gc,heap        ] GC(369) ParOldGen: 502731K(502784K)->525643K(525824K)
[367.182s][info][gc,metaspace   ] GC(369) Metaspace: 42898K(43264K)->42898K(43264K) NonClass: 38550K(38784K)->38550K(38784K) Class: 4347K(4480K)->4347K(4480K)
[367.182s][info][gc             ] GC(369) Pause Young (Allocation Failure) 773M->542M(803M) 65.139ms
[367.182s][info][gc,cpu         ] GC(369) User=0.12s Sys=0.01s Real=0.06s
[367.863s][info][gc,start       ] GC(370) Pause Young (Allocation Failure)
[367.934s][info][gc,heap        ] GC(370) PSYoungGen: 296344K(296448K)->30016K(284160K) Eden: 266240K(266240K)->0K(246784K) From: 30104K(30208K)->30016K(37376K)
[367.934s][info][gc,heap        ] GC(370) ParOldGen: 525643K(525824K)->554299K(554496K)
[367.934s][info][gc,metaspace   ] GC(370) Metaspace: 42898K(43264K)->42898K(43264K) NonClass: 38550K(38784K)->38550K(38784K) Class: 4347K(4480K)->4347K(4480K)
[367.934s][info][gc             ] GC(370) Pause Young (Allocation Failure) 802M->570M(819M) 70.591ms
[367.934s][info][gc,cpu         ] GC(370) User=0.11s Sys=0.04s Real=0.07s
[371.714s][info][gc,start       ] GC(371) Pause Young (Allocation Failure)
[371.772s][info][gc,heap        ] GC(371) PSYoungGen: 276794K(284160K)->13168K(290304K) Eden: 246778K(246784K)->0K(246784K) From: 30016K(37376K)->13168K(43520K)
[371.772s][info][gc,heap        ] GC(371) ParOldGen: 554299K(554496K)->584500K(584704K)
[371.772s][info][gc,metaspace   ] GC(371) Metaspace: 42909K(43264K)->42909K(43264K) NonClass: 38562K(38784K)->38562K(38784K) Class: 4347K(4480K)->4347K(4480K)
[371.772s][info][gc             ] GC(371) Pause Young (Allocation Failure) 811M->583M(854M) 57.959ms
[371.772s][info][gc,cpu         ] GC(371) User=0.09s Sys=0.02s Real=0.05s
[372.504s][info][gc,start       ] GC(372) Pause Young (Allocation Failure)
[372.538s][info][gc,heap        ] GC(372) PSYoungGen: 259952K(290304K)->19050K(286208K) Eden: 246784K(246784K)->0K(249856K) From: 13168K(43520K)->19050K(36352K)
[372.538s][info][gc,heap        ] GC(372) ParOldGen: 584500K(584704K)->597442K(597504K)
[372.538s][info][gc,metaspace   ] GC(372) Metaspace: 42920K(43328K)->42920K(43328K) NonClass: 38572K(38848K)->38572K(38848K) Class: 4348K(4480K)->4348K(4480K)
[372.538s][info][gc             ] GC(372) Pause Young (Allocation Failure) 824M->602M(863M) 34.127ms
[372.538s][info][gc,cpu         ] GC(372) User=0.06s Sys=0.00s Real=0.03s
[373.202s][info][gc,start       ] GC(373) Pause Young (Allocation Failure)
[373.261s][info][gc,heap        ] GC(373) PSYoungGen: 268906K(286208K)->31160K(289792K) Eden: 249856K(249856K)->0K(249856K) From: 19050K(36352K)->31160K(39936K)
[373.261s][info][gc,heap        ] GC(373) ParOldGen: 597442K(597504K)->615679K(615936K)
[373.261s][info][gc,metaspace   ] GC(373) Metaspace: 42920K(43328K)->42920K(43328K) NonClass: 38572K(38848K)->38572K(38848K) Class: 4348K(4480K)->4348K(4480K)
[373.261s][info][gc             ] GC(373) Pause Young (Allocation Failure) 846M->631M(884M) 58.749ms
[373.261s][info][gc,cpu         ] GC(373) User=0.11s Sys=0.01s Real=0.06s
[373.923s][info][gc,start       ] GC(374) Pause Young (Allocation Failure)
[373.995s][info][gc,heap        ] GC(374) PSYoungGen: 281016K(289792K)->31288K(283648K) Eden: 249856K(249856K)->0K(239616K) From: 31160K(39936K)->31288K(44032K)
[373.996s][info][gc,heap        ] GC(374) ParOldGen: 615679K(615936K)->645407K(645632K)
[373.996s][info][gc,metaspace   ] GC(374) Metaspace: 42920K(43328K)->42920K(43328K) NonClass: 38572K(38848K)->38572K(38848K) Class: 4348K(4480K)->4348K(4480K)
[373.996s][info][gc             ] GC(374) Pause Young (Allocation Failure) 875M->660M(907M) 72.181ms
[373.996s][info][gc,cpu         ] GC(374) User=0.12s Sys=0.03s Real=0.07s
[375.668s][info][gc,start       ] GC(375) Pause Full (Allocation Failure)
[375.668s][info][gc,phases,start] GC(375) Marking Phase
[375.719s][info][gc,phases      ] GC(375) Marking Phase 51.242ms
[375.719s][info][gc,phases,start] GC(375) Summary Phase
[375.719s][info][gc,phases      ] GC(375) Summary Phase 0.030ms
[375.719s][info][gc,phases,start] GC(375) Forward
[375.726s][info][gc,phases      ] GC(375) Forward 6.631ms
[375.726s][info][gc,phases,start] GC(375) Adjust Pointers
[375.752s][info][gc,phases      ] GC(375) Adjust Pointers 25.854ms
[375.752s][info][gc,phases,start] GC(375) Compaction Phase
[375.759s][info][gc,phases      ] GC(375) Compaction Phase 6.985ms
[375.759s][info][gc,phases,start] GC(375) Post Compact
[375.762s][info][gc,phases      ] GC(375) Post Compact 2.921ms
[375.803s][info][gc,heap        ] GC(375) PSYoungGen: 270904K(283648K)->0K(286720K) Eden: 239616K(239616K)->0K(239616K) From: 31288K(44032K)->0K(47104K)
[375.803s][info][gc,heap        ] GC(375) ParOldGen: 645407K(645632K)->58473K(187392K)
[375.803s][info][gc,metaspace   ] GC(375) Metaspace: 42920K(43328K)->42920K(43328K) NonClass: 38572K(38848K)->38572K(38848K) Class: 4348K(4480K)->4348K(4480K)
[375.803s][info][gc             ] GC(375) Pause Full (Allocation Failure) 894M->57M(463M) 134.942ms
[375.803s][info][gc,cpu         ] GC(375) User=0.13s Sys=0.04s Real=0.13s
[377.214s][info][gc,start       ] GC(376) Pause Young (Allocation Failure)
[377.235s][info][gc,heap        ] GC(376) PSYoungGen: 239616K(286720K)->21118K(283648K) Eden: 239616K(239616K)->0K(239616K) From: 0K(47104K)->21118K(44032K)
[377.235s][info][gc,heap        ] GC(376) ParOldGen: 58473K(187392K)->58473K(187392K)
[377.235s][info][gc,metaspace   ] GC(376) Metaspace: 42920K(43328K)->42920K(43328K) NonClass: 38572K(38848K)->38572K(38848K) Class: 4348K(4480K)->4348K(4480K)
[377.235s][info][gc             ] GC(376) Pause Young (Allocation Failure) 291M->77M(460M) 21.125ms
[377.235s][info][gc,cpu         ] GC(376) User=0.04s Sys=0.00s Real=0.02s
[378.716s][info][gc,start       ] GC(377) Pause Young (Allocation Failure)
[378.755s][info][gc,heap        ] GC(377) PSYoungGen: 260734K(283648K)->23225K(285184K) Eden: 239616K(239616K)->0K(239616K) From: 21118K(44032K)->23225K(45568K)
[378.755s][info][gc,heap        ] GC(377) ParOldGen: 58473K(187392K)->79346K(187392K)
[378.755s][info][gc,metaspace   ] GC(377) Metaspace: 42920K(43328K)->42920K(43328K) NonClass: 38572K(38848K)->38572K(38848K) Class: 4348K(4480K)->4348K(4480K)
[378.755s][info][gc             ] GC(377) Pause Young (Allocation Failure) 311M->100M(461M) 38.866ms
[378.755s][info][gc,cpu         ] GC(377) User=0.07s Sys=0.00s Real=0.04s
[380.272s][info][gc,start       ] GC(378) Pause Young (Allocation Failure)
[380.313s][info][gc,heap        ] GC(378) PSYoungGen: 262841K(285184K)->23039K(285696K) Eden: 239616K(239616K)->0K(243200K) From: 23225K(45568K)->23039K(42496K)
[380.313s][info][gc,heap        ] GC(378) ParOldGen: 79346K(187392K)->102706K(187392K)
[380.313s][info][gc,metaspace   ] GC(378) Metaspace: 42920K(43328K)->42920K(43328K) NonClass: 38572K(38848K)->38572K(38848K) Class: 4348K(4480K)->4348K(4480K)
[380.313s][info][gc             ] GC(378) Pause Young (Allocation Failure) 334M->122M(462M) 41.112ms
[380.313s][info][gc,cpu         ] GC(378) User=0.08s Sys=0.00s Real=0.05s
[381.371s][info][gc,start       ] GC(379) Pause Young (Allocation Failure)
[381.417s][info][gc,heap        ] GC(379) PSYoungGen: 266239K(285696K)->31982K(287232K) Eden: 243200K(243200K)->0K(243200K) From: 23039K(42496K)->31982K(44032K)
[381.417s][info][gc,heap        ] GC(379) ParOldGen: 102706K(187392K)->125175K(187392K)
[381.417s][info][gc,metaspace   ] GC(379) Metaspace: 42920K(43328K)->42920K(43328K) NonClass: 38572K(38848K)->38572K(38848K) Class: 4348K(4480K)->4348K(4480K)
[381.417s][info][gc             ] GC(379) Pause Young (Allocation Failure) 360M->153M(463M) 46.332ms
[381.417s][info][gc,cpu         ] GC(379) User=0.10s Sys=0.00s Real=0.05s
[382.082s][info][gc,start       ] GC(380) Pause Young (Allocation Failure)
[382.139s][info][gc,heap        ] GC(380) PSYoungGen: 275182K(287232K)->30424K(284160K) Eden: 243200K(243200K)->0K(237568K) From: 31982K(44032K)->30424K(46592K)
[382.139s][info][gc,heap        ] GC(380) ParOldGen: 125175K(187392K)->156871K(187392K)
[382.139s][info][gc,metaspace   ] GC(380) Metaspace: 42920K(43328K)->42920K(43328K) NonClass: 38572K(38848K)->38572K(38848K) Class: 4348K(4480K)->4348K(4480K)
[382.139s][info][gc             ] GC(380) Pause Young (Allocation Failure) 390M->182M(460M) 56.531ms
[382.139s][info][gc,cpu         ] GC(380) User=0.11s Sys=0.00s Real=0.06s
[382.797s][info][gc,start       ] GC(381) Pause Young (Allocation Failure)
[382.852s][info][gc,heap        ] GC(381) PSYoungGen: 267992K(284160K)->29856K(267776K) Eden: 237568K(237568K)->0K(237568K) From: 30424K(46592K)->29856K(30208K)
[382.852s][info][gc,heap        ] GC(381) ParOldGen: 156871K(187392K)->185855K(187392K)
[382.852s][info][gc,metaspace   ] GC(381) Metaspace: 42920K(43328K)->42920K(43328K) NonClass: 38572K(38848K)->38572K(38848K) Class: 4348K(4480K)->4348K(4480K)
[382.852s][info][gc             ] GC(381) Pause Young (Allocation Failure) 414M->210M(444M) 54.816ms
[382.852s][info][gc,cpu         ] GC(381) User=0.11s Sys=0.00s Real=0.05s
[384.553s][info][gc,start       ] GC(382) Pause Young (Allocation Failure)
[384.607s][info][gc,heap        ] GC(382) PSYoungGen: 267424K(267776K)->15210K(286720K) Eden: 237568K(237568K)->0K(238080K) From: 29856K(30208K)->15210K(48640K)
[384.607s][info][gc,heap        ] GC(382) ParOldGen: 185855K(187392K)->215904K(216064K)
[384.607s][info][gc,metaspace   ] GC(382) Metaspace: 42920K(43328K)->42920K(43328K) NonClass: 38572K(38848K)->38572K(38848K) Class: 4348K(4480K)->4348K(4480K)
[384.607s][info][gc             ] GC(382) Pause Young (Allocation Failure) 442M->225M(491M) 54.520ms
[384.607s][info][gc,cpu         ] GC(382) User=0.09s Sys=0.02s Real=0.06s
[385.769s][info][gc,start       ] GC(383) Pause Young (Allocation Failure)
[385.798s][info][gc,heap        ] GC(383) PSYoungGen: 253290K(286720K)->12848K(251392K) Eden: 238080K(238080K)->0K(238080K) From: 15210K(48640K)->12848K(13312K)
[385.798s][info][gc,heap        ] GC(383) ParOldGen: 215904K(216064K)->229332K(229376K)
[385.798s][info][gc,metaspace   ] GC(383) Metaspace: 42920K(43328K)->42920K(43328K) NonClass: 38572K(38848K)->38572K(38848K) Class: 4348K(4480K)->4348K(4480K)
[385.798s][info][gc             ] GC(383) Pause Young (Allocation Failure) 458M->236M(469M) 29.393ms
[385.798s][info][gc,cpu         ] GC(383) User=0.04s Sys=0.02s Real=0.03s
[387.267s][info][gc,start       ] GC(384) Pause Young (Allocation Failure)
[387.306s][info][gc,heap        ] GC(384) PSYoungGen: 250928K(251392K)->26199K(284672K) Eden: 238080K(238080K)->0K(238592K) From: 12848K(13312K)->26199K(46080K)
[387.306s][info][gc,heap        ] GC(384) ParOldGen: 229332K(229376K)->240039K(240128K)
[387.306s][info][gc,metaspace   ] GC(384) Metaspace: 42920K(43328K)->42920K(43328K) NonClass: 38572K(38848K)->38572K(38848K) Class: 4348K(4480K)->4348K(4480K)
[387.306s][info][gc             ] GC(384) Pause Young (Allocation Failure) 469M->259M(512M) 39.583ms
[387.306s][info][gc,cpu         ] GC(384) User=0.07s Sys=0.00s Real=0.04s
[388.813s][info][gc,start       ] GC(385) Pause Young (Allocation Failure)
[388.872s][info][gc,heap        ] GC(385) PSYoungGen: 264791K(284672K)->22927K(284160K) Eden: 238592K(238592K)->0K(238592K) From: 26199K(46080K)->22927K(45568K)
[388.872s][info][gc,heap        ] GC(385) ParOldGen: 240039K(240128K)->266172K(266240K)
[388.872s][info][gc,metaspace   ] GC(385) Metaspace: 42920K(43328K)->42920K(43328K) NonClass: 38572K(38848K)->38572K(38848K) Class: 4348K(4480K)->4348K(4480K)
[388.872s][info][gc             ] GC(385) Pause Young (Allocation Failure) 492M->282M(537M) 58.682ms
[388.872s][info][gc,cpu         ] GC(385) User=0.09s Sys=0.02s Real=0.05s
[390.274s][info][gc,start       ] GC(386) Pause Young (Allocation Failure)
[390.328s][info][gc,heap        ] GC(386) PSYoungGen: 261519K(284160K)->28609K(285696K) Eden: 238592K(238592K)->0K(241664K) From: 22927K(45568K)->28609K(44032K)
[390.328s][info][gc,heap        ] GC(386) ParOldGen: 266172K(266240K)->289179K(289280K)
[390.328s][info][gc,metaspace   ] GC(386) Metaspace: 42926K(43328K)->42926K(43328K) NonClass: 38578K(38848K)->38578K(38848K) Class: 4348K(4480K)->4348K(4480K)
[390.328s][info][gc             ] GC(386) Pause Young (Allocation Failure) 515M->310M(561M) 53.707ms
[390.328s][info][gc,cpu         ] GC(386) User=0.09s Sys=0.02s Real=0.05s
[391.347s][info][gc,start       ] GC(387) Pause Young (Allocation Failure)
[391.380s][info][gc,heap        ] GC(387) PSYoungGen: 270273K(285696K)->13222K(286208K) Eden: 241664K(241664K)->0K(241664K) From: 28609K(44032K)->13222K(44544K)
[391.380s][info][gc,heap        ] GC(387) ParOldGen: 289179K(289280K)->308127K(308224K)
[391.380s][info][gc,metaspace   ] GC(387) Metaspace: 42942K(43328K)->42942K(43328K) NonClass: 38594K(38848K)->38594K(38848K) Class: 4348K(4480K)->4348K(4480K)
[391.380s][info][gc             ] GC(387) Pause Young (Allocation Failure) 546M->313M(580M) 33.130ms
[391.380s][info][gc,cpu         ] GC(387) User=0.05s Sys=0.01s Real=0.03s
[392.325s][info][gc,start       ] GC(388) Pause Young (Allocation Failure)
[392.346s][info][gc,heap        ] GC(388) PSYoungGen: 254886K(286208K)->21744K(285696K) Eden: 241664K(241664K)->0K(245760K) From: 13222K(44544K)->21744K(39936K)
[392.346s][info][gc,heap        ] GC(388) ParOldGen: 308127K(308224K)->308931K(309248K)
[392.346s][info][gc,metaspace   ] GC(388) Metaspace: 42943K(43328K)->42943K(43328K) NonClass: 38595K(38848K)->38595K(38848K) Class: 4348K(4480K)->4348K(4480K)
[392.346s][info][gc             ] GC(388) Pause Young (Allocation Failure) 549M->322M(581M) 20.969ms
[392.346s][info][gc,cpu         ] GC(388) User=0.04s Sys=0.00s Real=0.02s
[393.319s][info][gc,start       ] GC(389) Pause Young (Allocation Failure)
[393.329s][info][gc,heap        ] GC(389) PSYoungGen: 267504K(285696K)->8729K(287232K) Eden: 245760K(245760K)->0K(245760K) From: 21744K(39936K)->8729K(41472K)
[393.329s][info][gc,heap        ] GC(389) ParOldGen: 308931K(309248K)->310204K(310272K)
[393.329s][info][gc,metaspace   ] GC(389) Metaspace: 42944K(43328K)->42944K(43328K) NonClass: 38595K(38848K)->38595K(38848K) Class: 4348K(4480K)->4348K(4480K)
[393.329s][info][gc             ] GC(389) Pause Young (Allocation Failure) 562M->311M(583M) 9.467ms
[393.329s][info][gc,cpu         ] GC(389) User=0.02s Sys=0.00s Real=0.01s
[394.195s][info][gc,start       ] GC(390) Pause Young (Allocation Failure)
[394.202s][info][gc,heap        ] GC(390) PSYoungGen: 254489K(287232K)->5892K(291328K) Eden: 245760K(245760K)->0K(249856K) From: 8729K(41472K)->5892K(41472K)
[394.202s][info][gc,heap        ] GC(390) ParOldGen: 310204K(310272K)->311340K(311808K)
[394.202s][info][gc,metaspace   ] GC(390) Metaspace: 42944K(43328K)->42944K(43328K) NonClass: 38596K(38848K)->38596K(38848K) Class: 4348K(4480K)->4348K(4480K)
[394.202s][info][gc             ] GC(390) Pause Young (Allocation Failure) 551M->309M(589M) 7.577ms
[394.202s][info][gc,cpu         ] GC(390) User=0.01s Sys=0.00s Real=0.00s
[395.223s][info][gc,start       ] GC(391) Pause Young (Allocation Failure)
[395.244s][info][gc,heap        ] GC(391) PSYoungGen: 255748K(291328K)->22194K(272384K) Eden: 249856K(249856K)->0K(249856K) From: 5892K(41472K)->22194K(22528K)
[395.245s][info][gc,heap        ] GC(391) ParOldGen: 311340K(311808K)->312524K(312832K)
[395.245s][info][gc,metaspace   ] GC(391) Metaspace: 42944K(43328K)->42944K(43328K) NonClass: 38596K(38848K)->38596K(38848K) Class: 4348K(4480K)->4348K(4480K)
[395.245s][info][gc             ] GC(391) Pause Young (Allocation Failure) 553M->326M(571M) 21.818ms
[395.245s][info][gc,cpu         ] GC(391) User=0.04s Sys=0.00s Real=0.03s
[396.350s][info][gc,start       ] GC(392) Pause Young (Allocation Failure)
[396.363s][info][gc,heap        ] GC(392) PSYoungGen: 272050K(272384K)->12354K(292352K) Eden: 249856K(249856K)->0K(251392K) From: 22194K(22528K)->12354K(40960K)
[396.363s][info][gc,heap        ] GC(392) ParOldGen: 312524K(312832K)->313300K(313344K)
[396.363s][info][gc,metaspace   ] GC(392) Metaspace: 42944K(43328K)->42944K(43328K) NonClass: 38596K(38848K)->38596K(38848K) Class: 4348K(4480K)->4348K(4480K)
[396.363s][info][gc             ] GC(392) Pause Young (Allocation Failure) 570M->318M(591M) 12.978ms
[396.363s][info][gc,cpu         ] GC(392) User=0.03s Sys=0.00s Real=0.02s
[397.348s][info][gc,start       ] GC(393) Pause Young (Allocation Failure)
[397.364s][info][gc,heap        ] GC(393) PSYoungGen: 263746K(292352K)->13645K(291328K) Eden: 251392K(251392K)->0K(251392K) From: 12354K(40960K)->13645K(39936K)
[397.364s][info][gc,heap        ] GC(393) ParOldGen: 313300K(313344K)->314436K(314880K)
[397.364s][info][gc,metaspace   ] GC(393) Metaspace: 42945K(43328K)->42945K(43328K) NonClass: 38597K(38848K)->38597K(38848K) Class: 4348K(4480K)->4348K(4480K)
[397.364s][info][gc             ] GC(393) Pause Young (Allocation Failure) 563M->320M(592M) 15.466ms
[397.364s][info][gc,cpu         ] GC(393) User=0.03s Sys=0.01s Real=0.02s
[398.343s][info][gc,start       ] GC(394) Pause Young (Allocation Failure)
[398.348s][info][gc,heap        ] GC(394) PSYoungGen: 265037K(291328K)->1424K(290304K) Eden: 251392K(251392K)->0K(251904K) From: 13645K(39936K)->1424K(38400K)
[398.348s][info][gc,heap        ] GC(394) ParOldGen: 314436K(314880K)->315364K(315392K)
[398.348s][info][gc,metaspace   ] GC(394) Metaspace: 42945K(43328K)->42945K(43328K) NonClass: 38597K(38848K)->38597K(38848K) Class: 4348K(4480K)->4348K(4480K)
[398.348s][info][gc             ] GC(394) Pause Young (Allocation Failure) 565M->309M(591M) 4.355ms
[398.348s][info][gc,cpu         ] GC(394) User=0.01s Sys=0.00s Real=0.00s
[399.340s][info][gc,start       ] GC(395) Pause Young (Allocation Failure)
[399.345s][info][gc,heap        ] GC(395) PSYoungGen: 253328K(290304K)->3941K(291328K) Eden: 251904K(251904K)->0K(251904K) From: 1424K(38400K)->3941K(39424K)
[399.345s][info][gc,heap        ] GC(395) ParOldGen: 315364K(315392K)->316540K(316928K)
[399.345s][info][gc,metaspace   ] GC(395) Metaspace: 42945K(43328K)->42945K(43328K) NonClass: 38597K(38848K)->38597K(38848K) Class: 4348K(4480K)->4348K(4480K)
[399.345s][info][gc             ] GC(395) Pause Young (Allocation Failure) 555M->312M(594M) 5.111ms
[399.345s][info][gc,cpu         ] GC(395) User=0.01s Sys=0.00s Real=0.01s
[400.269s][info][gc,start       ] GC(396) Pause Young (Allocation Failure)
[400.332s][info][gc,heap        ] GC(396) PSYoungGen: 255845K(291328K)->38886K(277504K) Eden: 251904K(251904K)->0K(238592K) From: 3941K(39424K)->38886K(38912K)
[400.332s][info][gc,heap        ] GC(396) ParOldGen: 316540K(316928K)->321952K(322048K)
[400.332s][info][gc,metaspace   ] GC(396) Metaspace: 42945K(43328K)->42945K(43328K) NonClass: 38597K(38848K)->38597K(38848K) Class: 4348K(4480K)->4348K(4480K)
[400.332s][info][gc             ] GC(396) Pause Young (Allocation Failure) 558M->352M(585M) 63.472ms
[400.332s][info][gc,cpu         ] GC(396) User=0.09s Sys=0.01s Real=0.06s
[401.593s][info][gc,start       ] GC(397) Pause Young (Allocation Failure)
[401.638s][info][gc,heap        ] GC(397) PSYoungGen: 277478K(277504K)->20209K(286208K) Eden: 238592K(238592K)->0K(238592K) From: 38886K(38912K)->20209K(47616K)
[401.638s][info][gc,heap        ] GC(397) ParOldGen: 321952K(322048K)->337373K(337408K)
[401.638s][info][gc,metaspace   ] GC(397) Metaspace: 42945K(43328K)->42945K(43328K) NonClass: 38597K(38848K)->38597K(38848K) Class: 4348K(4480K)->4348K(4480K)
[401.638s][info][gc             ] GC(397) Pause Young (Allocation Failure) 585M->349M(609M) 44.858ms
[401.638s][info][gc,cpu         ] GC(397) User=0.08s Sys=0.01s Real=0.04s
[402.557s][info][gc,start       ] GC(398) Pause Young (Allocation Failure)
[402.583s][info][gc,heap        ] GC(398) PSYoungGen: 258801K(286208K)->5922K(282112K) Eden: 238592K(238592K)->0K(240640K) From: 20209K(47616K)->5922K(41472K)
[402.583s][info][gc,heap        ] GC(398) ParOldGen: 337373K(337408K)->351432K(351744K)
[402.583s][info][gc,metaspace   ] GC(398) Metaspace: 42945K(43328K)->42945K(43328K) NonClass: 38597K(38848K)->38597K(38848K) Class: 4348K(4480K)->4348K(4480K)
[402.583s][info][gc             ] GC(398) Pause Young (Allocation Failure) 582M->348M(619M) 26.121ms
[402.583s][info][gc,cpu         ] GC(398) User=0.04s Sys=0.01s Real=0.02s
[403.353s][info][gc,start       ] GC(399) Pause Young (Allocation Failure)
[403.365s][info][gc,heap        ] GC(399) PSYoungGen: 246562K(282112K)->13308K(285184K) Eden: 240640K(240640K)->0K(240640K) From: 5922K(41472K)->13308K(44544K)
[403.365s][info][gc,heap        ] GC(399) ParOldGen: 351432K(351744K)->352312K(352768K)
[403.365s][info][gc,metaspace   ] GC(399) Metaspace: 42954K(43328K)->42954K(43328K) NonClass: 38605K(38848K)->38605K(38848K) Class: 4348K(4480K)->4348K(4480K)
[403.365s][info][gc             ] GC(399) Pause Young (Allocation Failure) 583M->357M(623M) 12.861ms
[403.365s][info][gc,cpu         ] GC(399) User=0.03s Sys=0.00s Real=0.02s
[404.167s][info][gc,start       ] GC(400) Pause Young (Allocation Failure)
[404.181s][info][gc,heap        ] GC(400) PSYoungGen: 253948K(285184K)->2819K(288256K) Eden: 240640K(240640K)->0K(246784K) From: 13308K(44544K)->2819K(41472K)
[404.181s][info][gc,heap        ] GC(400) ParOldGen: 352312K(352768K)->362044K(362496K)
[404.181s][info][gc,metaspace   ] GC(400) Metaspace: 42954K(43328K)->42954K(43328K) NonClass: 38605K(38848K)->38605K(38848K) Class: 4348K(4480K)->4348K(4480K)
[404.181s][info][gc             ] GC(400) Pause Young (Allocation Failure) 592M->356M(635M) 14.021ms
[404.181s][info][gc,cpu         ] GC(400) User=0.02s Sys=0.01s Real=0.01s
[405.059s][info][gc,start       ] GC(401) Pause Young (Allocation Failure)
[405.082s][info][gc,heap        ] GC(401) PSYoungGen: 249603K(288256K)->37058K(284160K) Eden: 246784K(246784K)->0K(246784K) From: 2819K(41472K)->37058K(37376K)
[405.082s][info][gc,heap        ] GC(401) ParOldGen: 362044K(362496K)->362498K(363008K)
[405.082s][info][gc,metaspace   ] GC(401) Metaspace: 42954K(43328K)->42954K(43328K) NonClass: 38605K(38848K)->38605K(38848K) Class: 4348K(4480K)->4348K(4480K)
[405.082s][info][gc             ] GC(401) Pause Young (Allocation Failure) 597M->390M(632M) 23.084ms
[405.082s][info][gc,cpu         ] GC(401) User=0.04s Sys=0.00s Real=0.02s
[405.955s][info][gc,start       ] GC(402) Pause Young (Allocation Failure)
[405.994s][info][gc,heap        ] GC(402) PSYoungGen: 283842K(284160K)->47614K(265728K) Eden: 246784K(246784K)->0K(218112K) From: 37058K(37376K)->47614K(47616K)
[405.994s][info][gc,heap        ] GC(402) ParOldGen: 362498K(363008K)->367450K(367616K)
[405.994s][info][gc,metaspace   ] GC(402) Metaspace: 42954K(43328K)->42954K(43328K) NonClass: 38605K(38848K)->38605K(38848K) Class: 4348K(4480K)->4348K(4480K)
[405.994s][info][gc             ] GC(402) Pause Young (Allocation Failure) 631M->405M(618M) 38.582ms
[405.994s][info][gc,cpu         ] GC(402) User=0.07s Sys=0.01s Real=0.04s
[406.821s][info][gc,start       ] GC(403) Pause Young (Allocation Failure)
[406.937s][info][gc,heap        ] GC(403) PSYoungGen: 265726K(265728K)->57834K(275968K) Eden: 218112K(218112K)->0K(218112K) From: 47614K(47616K)->57834K(57856K)
[406.937s][info][gc,heap        ] GC(403) ParOldGen: 367450K(367616K)->441201K(441344K)
[406.937s][info][gc,metaspace   ] GC(403) Metaspace: 42954K(43328K)->42954K(43328K) NonClass: 38605K(38848K)->38605K(38848K) Class: 4348K(4480K)->4348K(4480K)
[406.937s][info][gc             ] GC(403) Pause Young (Allocation Failure) 618M->487M(700M) 115.900ms
[406.937s][info][gc,cpu         ] GC(403) User=0.17s Sys=0.06s Real=0.12s
[407.743s][info][gc,start       ] GC(404) Pause Young (Allocation Failure)
[407.886s][info][gc,heap        ] GC(404) PSYoungGen: 275946K(275968K)->57841K(169472K) Eden: 218112K(218112K)->0K(111616K) From: 57834K(57856K)->57841K(57856K)
[407.886s][info][gc,heap        ] GC(404) ParOldGen: 441201K(441344K)->524633K(524800K)
[407.886s][info][gc,metaspace   ] GC(404) Metaspace: 42954K(43328K)->42954K(43328K) NonClass: 38605K(38848K)->38605K(38848K) Class: 4348K(4480K)->4348K(4480K)
[407.886s][info][gc             ] GC(404) Pause Young (Allocation Failure) 700M->568M(678M) 142.700ms
[407.886s][info][gc,cpu         ] GC(404) User=0.22s Sys=0.06s Real=0.14s
[408.291s][info][gc,start       ] GC(405) Pause Young (Allocation Failure)
[408.367s][info][gc,heap        ] GC(405) PSYoungGen: 169457K(169472K)->21129K(222720K) Eden: 111616K(111616K)->0K(111616K) From: 57841K(57856K)->21129K(111104K)
[408.367s][info][gc,heap        ] GC(405) ParOldGen: 524633K(524800K)->575760K(576000K)
[408.367s][info][gc,metaspace   ] GC(405) Metaspace: 42954K(43328K)->42954K(43328K) NonClass: 38605K(38848K)->38605K(38848K) Class: 4348K(4480K)->4348K(4480K)
[408.367s][info][gc             ] GC(405) Pause Young (Allocation Failure) 677M->582M(780M) 75.650ms
[408.367s][info][gc,cpu         ] GC(405) User=0.10s Sys=0.05s Real=0.08s
[408.762s][info][gc,start       ] GC(406) Pause Young (Allocation Failure)
[408.782s][info][gc,heap        ] GC(406) PSYoungGen: 132745K(222720K)->13306K(222720K) Eden: 111616K(111616K)->0K(111616K) From: 21129K(111104K)->13306K(111104K)
[408.782s][info][gc,heap        ] GC(406) ParOldGen: 575760K(576000K)->586425K(586752K)
[408.782s][info][gc,metaspace   ] GC(406) Metaspace: 42954K(43328K)->42954K(43328K) NonClass: 38605K(38848K)->38605K(38848K) Class: 4348K(4480K)->4348K(4480K)
[408.782s][info][gc             ] GC(406) Pause Young (Allocation Failure) 691M->585M(790M) 20.618ms
[408.782s][info][gc,cpu         ] GC(406) User=0.03s Sys=0.01s Real=0.02s
[409.208s][info][gc,start       ] GC(407) Pause Young (Allocation Failure)
[409.212s][info][gc,heap        ] GC(407) PSYoungGen: 124922K(222720K)->2025K(222720K) Eden: 111616K(111616K)->0K(111616K) From: 13306K(111104K)->2025K(111104K)
[409.212s][info][gc,heap        ] GC(407) ParOldGen: 586425K(586752K)->586836K(587264K)
[409.213s][info][gc,metaspace   ] GC(407) Metaspace: 42954K(43328K)->42954K(43328K) NonClass: 38605K(38848K)->38605K(38848K) Class: 4348K(4480K)->4348K(4480K)
[409.213s][info][gc             ] GC(407) Pause Young (Allocation Failure) 694M->575M(791M) 4.586ms
[409.213s][info][gc,cpu         ] GC(407) User=0.01s Sys=0.00s Real=0.00s
[409.639s][info][gc,start       ] GC(408) Pause Young (Allocation Failure)
[409.653s][info][gc,heap        ] GC(408) PSYoungGen: 113641K(222720K)->19340K(222720K) Eden: 111616K(111616K)->0K(111616K) From: 2025K(111104K)->19340K(111104K)
[409.653s][info][gc,heap        ] GC(408) ParOldGen: 586836K(587264K)->587299K(587776K)
[409.653s][info][gc,metaspace   ] GC(408) Metaspace: 42954K(43328K)->42954K(43328K) NonClass: 38605K(38848K)->38605K(38848K) Class: 4348K(4480K)->4348K(4480K)
[409.653s][info][gc             ] GC(408) Pause Young (Allocation Failure) 684M->592M(791M) 14.317ms
[409.653s][info][gc,cpu         ] GC(408) User=0.03s Sys=0.00s Real=0.01s
[410.031s][info][gc,start       ] GC(409) Pause Young (Allocation Failure)
[410.044s][info][gc,heap        ] GC(409) PSYoungGen: 130956K(222720K)->17715K(129536K) Eden: 111616K(111616K)->0K(111616K) From: 19340K(111104K)->17715K(17920K)
[410.044s][info][gc,heap        ] GC(409) ParOldGen: 587299K(587776K)->587711K(587776K)
[410.044s][info][gc,metaspace   ] GC(409) Metaspace: 42954K(43328K)->42954K(43328K) NonClass: 38605K(38848K)->38605K(38848K) Class: 4348K(4480K)->4348K(4480K)
[410.044s][info][gc             ] GC(409) Pause Young (Allocation Failure) 701M->591M(700M) 13.267ms
[410.044s][info][gc,cpu         ] GC(409) User=0.03s Sys=0.01s Real=0.02s
[410.438s][info][gc,start       ] GC(410) Pause Young (Allocation Failure)
[410.465s][info][gc,heap        ] GC(410) PSYoungGen: 129331K(129536K)->38713K(224256K) Eden: 111616K(111616K)->0K(116736K) From: 17715K(17920K)->38713K(107520K)
[410.465s][info][gc,heap        ] GC(410) ParOldGen: 587711K(587776K)->588336K(588800K)
[410.465s][info][gc,metaspace   ] GC(410) Metaspace: 42954K(43328K)->42954K(43328K) NonClass: 38605K(38848K)->38605K(38848K) Class: 4348K(4480K)->4348K(4480K)
[410.465s][info][gc             ] GC(410) Pause Young (Allocation Failure) 700M->612M(794M) 26.504ms
[410.465s][info][gc,cpu         ] GC(410) User=0.05s Sys=0.00s Real=0.03s
[410.885s][info][gc,start       ] GC(411) Pause Young (Allocation Failure)
[410.900s][info][gc,heap        ] GC(411) PSYoungGen: 155449K(224256K)->20678K(219136K) Eden: 116736K(116736K)->0K(116736K) From: 38713K(107520K)->20678K(102400K)
[410.900s][info][gc,heap        ] GC(411) ParOldGen: 588336K(588800K)->588663K(588800K)
[410.900s][info][gc,metaspace   ] GC(411) Metaspace: 42954K(43328K)->42954K(43328K) NonClass: 38605K(38848K)->38605K(38848K) Class: 4348K(4480K)->4348K(4480K)
[410.900s][info][gc             ] GC(411) Pause Young (Allocation Failure) 726M->595M(789M) 15.078ms
[410.900s][info][gc,cpu         ] GC(411) User=0.02s Sys=0.00s Real=0.01s
[411.314s][info][gc,start       ] GC(412) Pause Young (Allocation Failure)
[411.325s][info][gc,heap        ] GC(412) PSYoungGen: 137414K(219136K)->13057K(224768K) Eden: 116736K(116736K)->0K(127488K) From: 20678K(102400K)->13057K(97280K)
[411.325s][info][gc,heap        ] GC(412) ParOldGen: 588663K(588800K)->588862K(589312K)
[411.325s][info][gc,metaspace   ] GC(412) Metaspace: 42954K(43328K)->42954K(43328K) NonClass: 38605K(38848K)->38605K(38848K) Class: 4348K(4480K)->4348K(4480K)
[411.325s][info][gc             ] GC(412) Pause Young (Allocation Failure) 709M->587M(795M) 11.151ms
[411.325s][info][gc,cpu         ] GC(412) User=0.02s Sys=0.01s Real=0.01s
[411.767s][info][gc,start       ] GC(413) Pause Young (Allocation Failure)
[411.777s][info][gc,heap        ] GC(413) PSYoungGen: 140545K(224768K)->13869K(221184K) Eden: 127488K(127488K)->0K(127488K) From: 13057K(97280K)->13869K(93696K)
[411.777s][info][gc,heap        ] GC(413) ParOldGen: 588862K(589312K)->589192K(589312K)
[411.777s][info][gc,metaspace   ] GC(413) Metaspace: 42954K(43328K)->42954K(43328K) NonClass: 38605K(38848K)->38605K(38848K) Class: 4348K(4480K)->4348K(4480K)
[411.777s][info][gc             ] GC(413) Pause Young (Allocation Failure) 712M->588M(791M) 10.440ms
[411.777s][info][gc,cpu         ] GC(413) User=0.02s Sys=0.00s Real=0.01s
[412.149s][info][gc,start       ] GC(414) Pause Young (Allocation Failure)
[412.169s][info][gc,heap        ] GC(414) PSYoungGen: 141357K(221184K)->9865K(236544K) Eden: 127488K(127488K)->0K(146432K) From: 13869K(93696K)->9865K(90112K)
[412.169s][info][gc,heap        ] GC(414) ParOldGen: 589192K(589312K)->601228K(601600K)
[412.169s][info][gc,metaspace   ] GC(414) Metaspace: 42954K(43328K)->42954K(43328K) NonClass: 38605K(38848K)->38605K(38848K) Class: 4348K(4480K)->4348K(4480K)
[412.170s][info][gc             ] GC(414) Pause Young (Allocation Failure) 713M->596M(818M) 20.165ms
[412.170s][info][gc,cpu         ] GC(414) User=0.02s Sys=0.01s Real=0.02s
[412.646s][info][gc,start       ] GC(415) Pause Young (Allocation Failure)
[412.659s][info][gc,heap        ] GC(415) PSYoungGen: 156297K(236544K)->1264K(232960K) Eden: 146432K(146432K)->0K(146432K) From: 9865K(90112K)->1264K(86528K)
[412.659s][info][gc,heap        ] GC(415) ParOldGen: 601228K(601600K)->609863K(610304K)
[412.659s][info][gc,metaspace   ] GC(415) Metaspace: 42954K(43328K)->42954K(43328K) NonClass: 38605K(38848K)->38605K(38848K) Class: 4348K(4480K)->4348K(4480K)
[412.659s][info][gc             ] GC(415) Pause Young (Allocation Failure) 739M->596M(823M) 12.529ms
[412.659s][info][gc,cpu         ] GC(415) User=0.02s Sys=0.00s Real=0.01s
[413.103s][info][gc,start       ] GC(416) Pause Young (Allocation Failure)
[413.108s][info][gc,heap        ] GC(416) PSYoungGen: 147696K(232960K)->1199K(244736K) Eden: 146432K(146432K)->0K(159744K) From: 1264K(86528K)->1199K(84992K)
[413.108s][info][gc,heap        ] GC(416) ParOldGen: 609863K(610304K)->610089K(610304K)
[413.108s][info][gc,metaspace   ] GC(416) Metaspace: 42954K(43328K)->42954K(43328K) NonClass: 38605K(38848K)->38605K(38848K) Class: 4348K(4480K)->4348K(4480K)
[413.108s][info][gc             ] GC(416) Pause Young (Allocation Failure) 739M->596M(835M) 4.170ms
[413.108s][info][gc,cpu         ] GC(416) User=0.01s Sys=0.00s Real=0.00s
[413.532s][info][gc,start       ] GC(417) Pause Young (Allocation Failure)
[413.538s][info][gc,heap        ] GC(417) PSYoungGen: 160943K(244736K)->2698K(242176K) Eden: 159744K(159744K)->0K(159744K) From: 1199K(84992K)->2698K(82432K)
[413.538s][info][gc,heap        ] GC(417) ParOldGen: 610089K(610304K)->610449K(610816K)
[413.538s][info][gc,metaspace   ] GC(417) Metaspace: 42954K(43328K)->42954K(43328K) NonClass: 38605K(38848K)->38605K(38848K) Class: 4348K(4480K)->4348K(4480K)
[413.538s][info][gc             ] GC(417) Pause Young (Allocation Failure) 752M->598M(833M) 5.457ms
[413.538s][info][gc,cpu         ] GC(417) User=0.01s Sys=0.00s Real=0.01s
[413.828s][info][gc,start       ] GC(418) Pause Young (Allocation Failure)
[413.835s][info][gc,heap        ] GC(418) PSYoungGen: 162442K(242176K)->3182K(248320K) Eden: 159744K(159744K)->0K(169472K) From: 2698K(82432K)->3182K(78848K)
[413.835s][info][gc,heap        ] GC(418) ParOldGen: 610449K(610816K)->612207K(612352K)
[413.835s][info][gc,metaspace   ] GC(418) Metaspace: 42954K(43328K)->42954K(43328K) NonClass: 38605K(38848K)->38605K(38848K) Class: 4348K(4480K)->4348K(4480K)
[413.835s][info][gc             ] GC(418) Pause Young (Allocation Failure) 754M->600M(840M) 6.790ms
[413.835s][info][gc,cpu         ] GC(418) User=0.01s Sys=0.00s Real=0.01s
[414.143s][info][gc,start       ] GC(419) Pause Young (Allocation Failure)
[414.147s][info][gc,heap        ] GC(419) PSYoungGen: 172654K(248320K)->1276K(245760K) Eden: 169472K(169472K)->0K(169472K) From: 3182K(78848K)->1276K(76288K)
[414.147s][info][gc,heap        ] GC(419) ParOldGen: 612207K(612352K)->612231K(612352K)
[414.147s][info][gc,metaspace   ] GC(419) Metaspace: 42954K(43328K)->42954K(43328K) NonClass: 38605K(38848K)->38605K(38848K) Class: 4348K(4480K)->4348K(4480K)
[414.147s][info][gc             ] GC(419) Pause Young (Allocation Failure) 766M->599M(838M) 4.015ms
[414.147s][info][gc,cpu         ] GC(419) User=0.01s Sys=0.00s Real=0.01s
[414.456s][info][gc,start       ] GC(420) Pause Young (Allocation Failure)
[414.465s][info][gc,heap        ] GC(420) PSYoungGen: 169584K(245760K)->9234K(252928K) Eden: 168307K(169472K)->0K(183296K) From: 1276K(76288K)->9234K(69632K)
[414.465s][info][gc,heap        ] GC(420) ParOldGen: 612231K(612352K)->613426K(613888K)
[414.465s][info][gc,metaspace   ] GC(420) Metaspace: 42954K(43328K)->42954K(43328K) NonClass: 38605K(38848K)->38605K(38848K) Class: 4348K(4480K)->4348K(4480K)
[414.465s][info][gc             ] GC(420) Pause Young (Allocation Failure) 763M->608M(846M) 9.135ms
[414.465s][info][gc,cpu         ] GC(420) User=0.02s Sys=0.00s Real=0.01s
[414.706s][info][gc,start       ] GC(421) Pause Young (Allocation Failure)
[414.718s][info][gc,heap        ] GC(421) PSYoungGen: 192530K(252928K)->1436K(251904K) Eden: 183296K(183296K)->0K(183296K) From: 9234K(69632K)->1436K(68608K)
[414.718s][info][gc,heap        ] GC(421) ParOldGen: 613426K(613888K)->622428K(622592K)
[414.718s][info][gc,metaspace   ] GC(421) Metaspace: 42954K(43328K)->42954K(43328K) NonClass: 38605K(38848K)->38605K(38848K) Class: 4348K(4480K)->4348K(4480K)
[414.718s][info][gc             ] GC(421) Pause Young (Allocation Failure) 787M->609M(854M) 11.976ms
[414.718s][info][gc,cpu         ] GC(421) User=0.01s Sys=0.01s Real=0.01s
[414.965s][info][gc,start       ] GC(422) Pause Young (Allocation Failure)
[414.971s][info][gc,heap        ] GC(422) PSYoungGen: 184137K(251904K)->2176K(262144K) Eden: 182700K(183296K)->0K(198656K) From: 1436K(68608K)->2176K(63488K)
[414.972s][info][gc,heap        ] GC(422) ParOldGen: 622428K(622592K)->623809K(624128K)
[414.972s][info][gc,metaspace   ] GC(422) Metaspace: 42954K(43328K)->42954K(43328K) NonClass: 38605K(38848K)->38605K(38848K) Class: 4348K(4480K)->4348K(4480K)
[414.972s][info][gc             ] GC(422) Pause Young (Allocation Failure) 787M->611M(865M) 6.757ms
[414.972s][info][gc,cpu         ] GC(422) User=0.01s Sys=0.01s Real=0.00s
[415.238s][info][gc,start       ] GC(423) Pause Young (Allocation Failure)
[415.246s][info][gc,heap        ] GC(423) PSYoungGen: 199214K(262144K)->2527K(261120K) Eden: 197037K(198656K)->0K(198656K) From: 2176K(63488K)->2527K(62464K)
[415.246s][info][gc,heap        ] GC(423) ParOldGen: 623809K(624128K)->625900K(626176K)
[415.246s][info][gc,metaspace   ] GC(423) Metaspace: 42954K(43328K)->42954K(43328K) NonClass: 38605K(38848K)->38605K(38848K) Class: 4348K(4480K)->4348K(4480K)
[415.246s][info][gc             ] GC(423) Pause Young (Allocation Failure) 803M->613M(866M) 7.899ms
[415.246s][info][gc,cpu         ] GC(423) User=0.01s Sys=0.00s Real=0.01s
[415.518s][info][gc,start       ] GC(424) Pause Young (Allocation Failure)
[415.528s][info][gc,heap        ] GC(424) PSYoungGen: 201183K(261120K)->4020K(267776K) Eden: 198656K(198656K)->0K(211456K) From: 2527K(62464K)->4020K(56320K)
[415.528s][info][gc,heap        ] GC(424) ParOldGen: 625900K(626176K)->628400K(628736K)
[415.528s][info][gc,metaspace   ] GC(424) Metaspace: 42954K(43328K)->42954K(43328K) NonClass: 38605K(38848K)->38605K(38848K) Class: 4348K(4480K)->4348K(4480K)
[415.528s][info][gc             ] GC(424) Pause Young (Allocation Failure) 807M->617M(875M) 9.932ms
[415.528s][info][gc,cpu         ] GC(424) User=0.01s Sys=0.00s Real=0.01s
[415.837s][info][gc,start       ] GC(425) Pause Young (Allocation Failure)
[415.852s][info][gc,heap        ] GC(425) PSYoungGen: 215476K(267776K)->6840K(267264K) Eden: 211456K(211456K)->0K(211456K) From: 4020K(56320K)->6840K(55808K)
[415.852s][info][gc,heap        ] GC(425) ParOldGen: 628400K(628736K)->632368K(632832K)
[415.852s][info][gc,metaspace   ] GC(425) Metaspace: 42954K(43328K)->42954K(43328K) NonClass: 38605K(38848K)->38605K(38848K) Class: 4348K(4480K)->4348K(4480K)
[415.852s][info][gc             ] GC(425) Pause Young (Allocation Failure) 824M->624M(879M) 14.813ms
[415.852s][info][gc,cpu         ] GC(425) User=0.02s Sys=0.00s Real=0.01s
[416.155s][info][gc,start       ] GC(426) Pause Young (Allocation Failure)
[416.172s][info][gc,heap        ] GC(426) PSYoungGen: 218296K(267264K)->4893K(274944K) Eden: 211456K(211456K)->0K(224768K) From: 6840K(55808K)->4893K(50176K)
[416.172s][info][gc,heap        ] GC(426) ParOldGen: 632368K(632832K)->639326K(639488K)
[416.172s][info][gc,metaspace   ] GC(426) Metaspace: 42954K(43328K)->42954K(43328K) NonClass: 38605K(38848K)->38605K(38848K) Class: 4348K(4480K)->4348K(4480K)
[416.172s][info][gc             ] GC(426) Pause Young (Allocation Failure) 830M->629M(893M) 17.338ms
[416.172s][info][gc,cpu         ] GC(426) User=0.03s Sys=0.00s Real=0.01s
[416.609s][info][gc,start       ] GC(427) Pause Young (Allocation Failure)
[416.629s][info][gc,heap        ] GC(427) PSYoungGen: 228744K(274944K)->12210K(273920K) Eden: 223850K(224768K)->0K(224768K) From: 4893K(50176K)->12210K(49152K)
[416.629s][info][gc,heap        ] GC(427) ParOldGen: 639326K(639488K)->644203K(644608K)
[416.630s][info][gc,metaspace   ] GC(427) Metaspace: 42954K(43328K)->42954K(43328K) NonClass: 38606K(38848K)->38606K(38848K) Class: 4348K(4480K)->4348K(4480K)
[416.630s][info][gc             ] GC(427) Pause Young (Allocation Failure) 847M->641M(897M) 20.587ms
[416.630s][info][gc,cpu         ] GC(427) User=0.04s Sys=0.00s Real=0.02s
[417.182s][info][gc,start       ] GC(428) Pause Full (Allocation Failure)
[417.182s][info][gc,phases,start] GC(428) Marking Phase
[417.242s][info][gc,phases      ] GC(428) Marking Phase 60.080ms
[417.242s][info][gc,phases,start] GC(428) Summary Phase
[417.242s][info][gc,phases      ] GC(428) Summary Phase 0.029ms
[417.242s][info][gc,phases,start] GC(428) Forward
[417.252s][info][gc,phases      ] GC(428) Forward 9.748ms
[417.252s][info][gc,phases,start] GC(428) Adjust Pointers
[417.286s][info][gc,phases      ] GC(428) Adjust Pointers 34.669ms
[417.286s][info][gc,phases,start] GC(428) Compaction Phase
[417.301s][info][gc,phases      ] GC(428) Compaction Phase 14.350ms
[417.301s][info][gc,phases,start] GC(428) Post Compact
[417.303s][info][gc,phases      ] GC(428) Post Compact 2.573ms
[417.342s][info][gc,heap        ] GC(428) PSYoungGen: 236978K(273920K)->0K(280576K) Eden: 224768K(224768K)->0K(234496K) From: 12210K(49152K)->0K(46080K)
[417.342s][info][gc,heap        ] GC(428) ParOldGen: 644203K(644608K)->77784K(193024K)
[417.342s][info][gc,metaspace   ] GC(428) Metaspace: 42957K(43328K)->42957K(43328K) NonClass: 38609K(38848K)->38609K(38848K) Class: 4348K(4480K)->4348K(4480K)
[417.342s][info][gc             ] GC(428) Pause Full (Allocation Failure) 860M->75M(462M) 160.839ms
[417.342s][info][gc,cpu         ] GC(428) User=0.20s Sys=0.04s Real=0.16s
[417.935s][info][gc,start       ] GC(429) Pause Young (Allocation Failure)
[417.941s][info][gc,heap        ] GC(429) PSYoungGen: 234496K(280576K)->6664K(280576K) Eden: 234496K(234496K)->0K(234496K) From: 0K(46080K)->6664K(46080K)
[417.941s][info][gc,heap        ] GC(429) ParOldGen: 77784K(193024K)->77784K(193024K)
[417.941s][info][gc,metaspace   ] GC(429) Metaspace: 42959K(43328K)->42959K(43328K) NonClass: 38611K(38848K)->38611K(38848K) Class: 4348K(4480K)->4348K(4480K)
[417.941s][info][gc             ] GC(429) Pause Young (Allocation Failure) 304M->82M(462M) 6.496ms
[417.941s][info][gc,cpu         ] GC(429) User=0.01s Sys=0.00s Real=0.00s
[418.529s][info][gc,start       ] GC(430) Pause Young (Allocation Failure)
[418.536s][info][gc,heap        ] GC(430) PSYoungGen: 241160K(280576K)->4312K(285696K) Eden: 234496K(234496K)->0K(243712K) From: 6664K(46080K)->4312K(41984K)
[418.536s][info][gc,heap        ] GC(430) ParOldGen: 77784K(193024K)->81597K(193024K)
[418.536s][info][gc,metaspace   ] GC(430) Metaspace: 42967K(43328K)->42967K(43328K) NonClass: 38619K(38848K)->38619K(38848K) Class: 4348K(4480K)->4348K(4480K)
[418.536s][info][gc             ] GC(430) Pause Young (Allocation Failure) 311M->83M(467M) 6.706ms
[418.536s][info][gc,cpu         ] GC(430) User=0.01s Sys=0.00s Real=0.01s
[419.157s][info][gc,start       ] GC(431) Pause Young (Allocation Failure)
[419.158s][info][gc,heap        ] GC(431) PSYoungGen: 248024K(285696K)->1986K(284672K) Eden: 243712K(243712K)->0K(243712K) From: 4312K(41984K)->1986K(40960K)
[419.158s][info][gc,heap        ] GC(431) ParOldGen: 81597K(193024K)->81613K(193024K)
[419.158s][info][gc,metaspace   ] GC(431) Metaspace: 42992K(43328K)->42992K(43328K) NonClass: 38644K(38848K)->38644K(38848K) Class: 4348K(4480K)->4348K(4480K)
[419.158s][info][gc             ] GC(431) Pause Young (Allocation Failure) 321M->81M(466M) 1.971ms
[419.159s][info][gc,cpu         ] GC(431) User=0.01s Sys=0.00s Real=0.00s
[419.913s][info][gc,start       ] GC(432) Pause Young (Allocation Failure)
[419.916s][info][gc,heap        ] GC(432) PSYoungGen: 245698K(284672K)->6203K(290304K) Eden: 243712K(243712K)->0K(253440K) From: 1986K(40960K)->6203K(36864K)
[419.916s][info][gc,heap        ] GC(432) ParOldGen: 81613K(193024K)->81938K(193024K)
[419.916s][info][gc,metaspace   ] GC(432) Metaspace: 42995K(43392K)->42995K(43392K) NonClass: 38647K(38912K)->38647K(38912K) Class: 4348K(4480K)->4348K(4480K)
[419.916s][info][gc             ] GC(432) Pause Young (Allocation Failure) 319M->86M(472M) 3.904ms
[419.916s][info][gc,cpu         ] GC(432) User=0.00s Sys=0.00s Real=0.01s
[421.154s][info][gc,start       ] GC(433) Pause Young (Allocation Failure)
[421.159s][info][gc,heap        ] GC(433) PSYoungGen: 259643K(290304K)->3090K(289792K) Eden: 253440K(253440K)->0K(253440K) From: 6203K(36864K)->3090K(36352K)
[421.159s][info][gc,heap        ] GC(433) ParOldGen: 81938K(193024K)->82058K(193024K)
[421.159s][info][gc,metaspace   ] GC(433) Metaspace: 43019K(43456K)->43019K(43456K) NonClass: 38671K(38976K)->38671K(38976K) Class: 4348K(4480K)->4348K(4480K)
[421.159s][info][gc             ] GC(433) Pause Young (Allocation Failure) 333M->83M(471M) 4.577ms
[421.159s][info][gc,cpu         ] GC(433) User=0.01s Sys=0.00s Real=0.00s
[422.114s][info][gc,start       ] GC(434) Pause Young (Allocation Failure)
[422.141s][info][gc,heap        ] GC(434) PSYoungGen: 256530K(289792K)->24810K(291328K) Eden: 253440K(253440K)->0K(257024K) From: 3090K(36352K)->24810K(34304K)
[422.141s][info][gc,heap        ] GC(434) ParOldGen: 82058K(193024K)->84996K(193024K)
[422.141s][info][gc,metaspace   ] GC(434) Metaspace: 43027K(43456K)->43027K(43456K) NonClass: 38679K(38976K)->38679K(38976K) Class: 4348K(4480K)->4348K(4480K)
[422.141s][info][gc             ] GC(434) Pause Young (Allocation Failure) 330M->107M(473M) 27.579ms
[422.141s][info][gc,cpu         ] GC(434) User=0.06s Sys=0.00s Real=0.02s
[422.796s][info][gc,start       ] GC(435) Pause Young (Allocation Failure)
[422.847s][info][gc,heap        ] GC(435) PSYoungGen: 281834K(291328K)->29304K(286720K) Eden: 257024K(257024K)->0K(257024K) From: 24810K(34304K)->29304K(29696K)
[422.847s][info][gc,heap        ] GC(435) ParOldGen: 84996K(193024K)->108980K(193024K)
[422.847s][info][gc,metaspace   ] GC(435) Metaspace: 43027K(43456K)->43027K(43456K) NonClass: 38679K(38976K)->38679K(38976K) Class: 4348K(4480K)->4348K(4480K)
[422.847s][info][gc             ] GC(435) Pause Young (Allocation Failure) 358M->135M(468M) 51.666ms
[422.847s][info][gc,cpu         ] GC(435) User=0.10s Sys=0.00s Real=0.05s
[423.492s][info][gc,start       ] GC(436) Pause Young (Allocation Failure)
[423.546s][info][gc,heap        ] GC(436) PSYoungGen: 286328K(286720K)->28672K(285184K) Eden: 257024K(257024K)->0K(242688K) From: 29304K(29696K)->28672K(42496K)
[423.546s][info][gc,heap        ] GC(436) ParOldGen: 108980K(193024K)->136796K(193024K)
[423.546s][info][gc,metaspace   ] GC(436) Metaspace: 43027K(43456K)->43027K(43456K) NonClass: 38679K(38976K)->38679K(38976K) Class: 4348K(4480K)->4348K(4480K)
[423.546s][info][gc             ] GC(436) Pause Young (Allocation Failure) 386M->161M(467M) 53.727ms
[423.546s][info][gc,cpu         ] GC(436) User=0.11s Sys=0.00s Real=0.06s
[427.238s][info][gc,start       ] GC(437) Pause Young (Allocation Failure)
[427.278s][info][gc,heap        ] GC(437) PSYoungGen: 271360K(285184K)->14871K(288256K) Eden: 242688K(242688K)->0K(242688K) From: 28672K(42496K)->14871K(45568K)
[427.278s][info][gc,heap        ] GC(437) ParOldGen: 136796K(193024K)->165613K(193024K)
[427.278s][info][gc,metaspace   ] GC(437) Metaspace: 43033K(43456K)->43033K(43456K) NonClass: 38684K(38976K)->38684K(38976K) Class: 4348K(4480K)->4348K(4480K)
[427.279s][info][gc             ] GC(437) Pause Young (Allocation Failure) 398M->176M(470M) 40.844ms
[427.279s][info][gc,cpu         ] GC(437) User=0.08s Sys=0.00s Real=0.04s
[427.941s][info][gc,start       ] GC(438) Pause Young (Allocation Failure)
[427.970s][info][gc,heap        ] GC(438) PSYoungGen: 257559K(288256K)->17978K(285696K) Eden: 242688K(242688K)->0K(245248K) From: 14871K(45568K)->17978K(40448K)
[427.970s][info][gc,heap        ] GC(438) ParOldGen: 165613K(193024K)->180217K(193024K)
[427.970s][info][gc,metaspace   ] GC(438) Metaspace: 43036K(43456K)->43036K(43456K) NonClass: 38688K(38976K)->38688K(38976K) Class: 4348K(4480K)->4348K(4480K)
[427.970s][info][gc             ] GC(438) Pause Young (Allocation Failure) 413M->193M(467M) 28.793ms
[427.970s][info][gc,cpu         ] GC(438) User=0.05s Sys=0.00s Real=0.03s
[428.632s][info][gc,start       ] GC(439) Pause Young (Allocation Failure)
[428.683s][info][gc,heap        ] GC(439) PSYoungGen: 263226K(285696K)->30616K(287232K) Eden: 245248K(245248K)->0K(245248K) From: 17978K(40448K)->30616K(41984K)
[428.683s][info][gc,heap        ] GC(439) ParOldGen: 180217K(193024K)->197818K(198144K)
[428.683s][info][gc,metaspace   ] GC(439) Metaspace: 43036K(43456K)->43036K(43456K) NonClass: 38688K(38976K)->38688K(38976K) Class: 4348K(4480K)->4348K(4480K)
[428.683s][info][gc             ] GC(439) Pause Young (Allocation Failure) 433M->223M(474M) 51.603ms
[428.683s][info][gc,cpu         ] GC(439) User=0.10s Sys=0.01s Real=0.06s
[429.352s][info][gc,start       ] GC(440) Pause Young (Allocation Failure)
[429.427s][info][gc,heap        ] GC(440) PSYoungGen: 275864K(287232K)->30528K(283136K) Eden: 245248K(245248K)->0K(237568K) From: 30616K(41984K)->30528K(45568K)
[429.427s][info][gc,heap        ] GC(440) ParOldGen: 197818K(198144K)->226962K(227328K)
[429.427s][info][gc,metaspace   ] GC(440) Metaspace: 43036K(43456K)->43036K(43456K) NonClass: 38688K(38976K)->38688K(38976K) Class: 4348K(4480K)->4348K(4480K)
[429.427s][info][gc             ] GC(440) Pause Young (Allocation Failure) 462M->251M(498M) 75.069ms
[429.427s][info][gc,cpu         ] GC(440) User=0.12s Sys=0.02s Real=0.08s
[431.122s][info][gc,start       ] GC(441) Pause Young (Allocation Failure)
[431.180s][info][gc,heap        ] GC(441) PSYoungGen: 268096K(283136K)->15888K(253952K) Eden: 237568K(237568K)->0K(237568K) From: 30528K(45568K)->15888K(16384K)
[431.180s][info][gc,heap        ] GC(441) ParOldGen: 226962K(227328K)->257683K(258048K)
[431.180s][info][gc,metaspace   ] GC(441) Metaspace: 43036K(43456K)->43036K(43456K) NonClass: 38688K(38976K)->38688K(38976K) Class: 4348K(4480K)->4348K(4480K)
[431.180s][info][gc             ] GC(441) Pause Young (Allocation Failure) 483M->267M(500M) 58.099ms
[431.180s][info][gc,cpu         ] GC(441) User=0.09s Sys=0.03s Real=0.06s
[432.491s][info][gc,start       ] GC(442) Pause Young (Allocation Failure)
[432.513s][info][gc,heap        ] GC(442) PSYoungGen: 253456K(253952K)->7564K(286208K) Eden: 237568K(237568K)->0K(241152K) From: 15888K(16384K)->7564K(45056K)
[432.513s][info][gc,heap        ] GC(442) ParOldGen: 257683K(258048K)->270201K(270336K)
[432.513s][info][gc,metaspace   ] GC(442) Metaspace: 43036K(43456K)->43036K(43456K) NonClass: 38688K(38976K)->38688K(38976K) Class: 4348K(4480K)->4348K(4480K)
[432.513s][info][gc             ] GC(442) Pause Young (Allocation Failure) 499M->271M(543M) 22.374ms
[432.513s][info][gc,cpu         ] GC(442) User=0.03s Sys=0.01s Real=0.02s
[434.100s][info][gc,start       ] GC(443) Pause Young (Allocation Failure)
[434.133s][info][gc,heap        ] GC(443) PSYoungGen: 248716K(286208K)->24855K(285184K) Eden: 241152K(241152K)->0K(241152K) From: 7564K(45056K)->24855K(44032K)
[434.133s][info][gc,heap        ] GC(443) ParOldGen: 270201K(270336K)->277335K(277504K)
[434.133s][info][gc,metaspace   ] GC(443) Metaspace: 43036K(43456K)->43036K(43456K) NonClass: 38688K(38976K)->38688K(38976K) Class: 4348K(4480K)->4348K(4480K)
[434.133s][info][gc             ] GC(443) Pause Young (Allocation Failure) 506M->295M(549M) 33.022ms
[434.133s][info][gc,cpu         ] GC(443) User=0.06s Sys=0.01s Real=0.03s
[435.732s][info][gc,start       ] GC(444) Pause Young (Allocation Failure)
[435.789s][info][gc,heap        ] GC(444) PSYoungGen: 266007K(285184K)->22617K(289280K) Eden: 241152K(241152K)->0K(245248K) From: 24855K(44032K)->22617K(44032K)
[435.789s][info][gc,heap        ] GC(444) ParOldGen: 277335K(277504K)->302222K(302592K)
[435.789s][info][gc,metaspace   ] GC(444) Metaspace: 43036K(43456K)->43036K(43456K) NonClass: 38688K(38976K)->38688K(38976K) Class: 4348K(4480K)->4348K(4480K)
[435.789s][info][gc             ] GC(444) Pause Young (Allocation Failure) 530M->317M(578M) 56.631ms
[435.789s][info][gc,cpu         ] GC(444) User=0.09s Sys=0.01s Real=0.06s
[436.908s][info][gc,start       ] GC(445) Pause Young (Allocation Failure)
[436.970s][info][gc,heap        ] GC(445) PSYoungGen: 267865K(289280K)->31605K(276992K) Eden: 245248K(245248K)->0K(245248K) From: 22617K(44032K)->31605K(31744K)
[436.970s][info][gc,heap        ] GC(445) ParOldGen: 302222K(302592K)->324859K(325120K)
[436.970s][info][gc,metaspace   ] GC(445) Metaspace: 43036K(43456K)->43036K(43456K) NonClass: 38688K(38976K)->38688K(38976K) Class: 4348K(4480K)->4348K(4480K)
[436.970s][info][gc             ] GC(445) Pause Young (Allocation Failure) 556M->348M(588M) 61.770ms
[436.970s][info][gc,cpu         ] GC(445) User=0.10s Sys=0.02s Real=0.06s
[437.666s][info][gc,start       ] GC(446) Pause Young (Allocation Failure)
[437.738s][info][gc,heap        ] GC(446) PSYoungGen: 276853K(276992K)->30776K(284160K) Eden: 245248K(245248K)->0K(237568K) From: 31605K(31744K)->30776K(46592K)
[437.738s][info][gc,heap        ] GC(446) ParOldGen: 324859K(325120K)->356172K(356352K)
[437.738s][info][gc,metaspace   ] GC(446) Metaspace: 43036K(43456K)->43036K(43456K) NonClass: 38688K(38976K)->38688K(38976K) Class: 4348K(4480K)->4348K(4480K)
[437.738s][info][gc             ] GC(446) Pause Young (Allocation Failure) 587M->377M(625M) 71.781ms
[437.738s][info][gc,cpu         ] GC(446) User=0.12s Sys=0.03s Real=0.07s
[438.390s][info][gc,start       ] GC(447) Pause Young (Allocation Failure)
[438.459s][info][gc,heap        ] GC(447) PSYoungGen: 268344K(284160K)->29952K(267776K) Eden: 237568K(237568K)->0K(237568K) From: 30776K(46592K)->29952K(30208K)
[438.459s][info][gc,heap        ] GC(447) ParOldGen: 356172K(356352K)->385500K(385536K)
[438.459s][info][gc,metaspace   ] GC(447) Metaspace: 43036K(43456K)->43036K(43456K) NonClass: 38688K(38976K)->38688K(38976K) Class: 4348K(4480K)->4348K(4480K)
[438.459s][info][gc             ] GC(447) Pause Young (Allocation Failure) 609M->405M(638M) 68.855ms
[438.459s][info][gc,cpu         ] GC(447) User=0.11s Sys=0.03s Real=0.07s
[440.118s][info][gc,start       ] GC(448) Pause Young (Allocation Failure)
[440.173s][info][gc,heap        ] GC(448) PSYoungGen: 267520K(267776K)->14640K(286720K) Eden: 237568K(237568K)->0K(237568K) From: 29952K(30208K)->14640K(49152K)
[440.173s][info][gc,heap        ] GC(448) ParOldGen: 385500K(385536K)->415677K(416256K)
[440.173s][info][gc,metaspace   ] GC(448) Metaspace: 43036K(43456K)->43036K(43456K) NonClass: 38688K(38976K)->38688K(38976K) Class: 4348K(4480K)->4348K(4480K)
[440.173s][info][gc             ] GC(448) Pause Young (Allocation Failure) 637M->420M(686M) 55.517ms
[440.173s][info][gc,cpu         ] GC(448) User=0.09s Sys=0.02s Real=0.06s
[441.236s][info][gc,start       ] GC(449) Pause Young (Allocation Failure)
[441.264s][info][gc,heap        ] GC(449) PSYoungGen: 252208K(286720K)->10820K(248832K) Eden: 237568K(237568K)->0K(237568K) From: 14640K(49152K)->10820K(11264K)
[441.264s][info][gc,heap        ] GC(449) ParOldGen: 415677K(416256K)->429661K(430080K)
[441.264s][info][gc,metaspace   ] GC(449) Metaspace: 43036K(43456K)->43036K(43456K) NonClass: 38688K(38976K)->38688K(38976K) Class: 4348K(4480K)->4348K(4480K)
[441.264s][info][gc             ] GC(449) Pause Young (Allocation Failure) 652M->430M(663M) 27.787ms
[441.264s][info][gc,cpu         ] GC(449) User=0.04s Sys=0.01s Real=0.03s
[442.710s][info][gc,start       ] GC(450) Pause Young (Allocation Failure)
[442.748s][info][gc,heap        ] GC(450) PSYoungGen: 248388K(248832K)->25702K(283648K) Eden: 237568K(237568K)->0K(237568K) From: 10820K(11264K)->25702K(46080K)
[442.748s][info][gc,heap        ] GC(450) ParOldGen: 429661K(430080K)->440379K(440832K)
[442.748s][info][gc,metaspace   ] GC(450) Metaspace: 43036K(43456K)->43036K(43456K) NonClass: 38688K(38976K)->38688K(38976K) Class: 4348K(4480K)->4348K(4480K)
[442.748s][info][gc             ] GC(450) Pause Young (Allocation Failure) 662M->455M(707M) 37.814ms
[442.748s][info][gc,cpu         ] GC(450) User=0.07s Sys=0.01s Real=0.04s
[444.218s][info][gc,start       ] GC(451) Pause Young (Allocation Failure)
[444.277s][info][gc,heap        ] GC(451) PSYoungGen: 263270K(283648K)->22583K(283648K) Eden: 237568K(237568K)->0K(237568K) From: 25702K(46080K)->22583K(46080K)
[444.277s][info][gc,heap        ] GC(451) ParOldGen: 440379K(440832K)->465928K(466432K)
[444.277s][info][gc,metaspace   ] GC(451) Metaspace: 43036K(43456K)->43036K(43456K) NonClass: 38688K(38976K)->38688K(38976K) Class: 4348K(4480K)->4348K(4480K)
[444.277s][info][gc             ] GC(451) Pause Young (Allocation Failure) 687M->477M(732M) 58.439ms
[444.277s][info][gc,cpu         ] GC(451) User=0.10s Sys=0.02s Real=0.06s
[445.539s][info][gc,start       ] GC(452) Pause Young (Allocation Failure)
[445.591s][info][gc,heap        ] GC(452) PSYoungGen: 260151K(283648K)->28471K(285696K) Eden: 237568K(237568K)->0K(241152K) From: 22583K(46080K)->28471K(44544K)
[445.591s][info][gc,heap        ] GC(452) ParOldGen: 465928K(466432K)->488468K(488960K)
[445.591s][info][gc,metaspace   ] GC(452) Metaspace: 43036K(43456K)->43036K(43456K) NonClass: 38688K(38976K)->38688K(38976K) Class: 4348K(4480K)->4348K(4480K)
[445.591s][info][gc             ] GC(452) Pause Young (Allocation Failure) 709M->504M(756M) 52.204ms
[445.591s][info][gc,cpu         ] GC(452) User=0.09s Sys=0.02s Real=0.05s
[446.608s][info][gc,start       ] GC(453) Pause Young (Allocation Failure)
[446.644s][info][gc,heap        ] GC(453) PSYoungGen: 269623K(285696K)->12372K(286208K) Eden: 241152K(241152K)->0K(241152K) From: 28471K(44544K)->12372K(45056K)
[446.644s][info][gc,heap        ] GC(453) ParOldGen: 488468K(488960K)->508851K(508928K)
[446.644s][info][gc,metaspace   ] GC(453) Metaspace: 43038K(43456K)->43038K(43456K) NonClass: 38690K(38976K)->38690K(38976K) Class: 4348K(4480K)->4348K(4480K)
[446.644s][info][gc             ] GC(453) Pause Young (Allocation Failure) 740M->509M(776M) 35.673ms
[446.644s][info][gc,cpu         ] GC(453) User=0.06s Sys=0.01s Real=0.04s
[447.602s][info][gc,start       ] GC(454) Pause Young (Allocation Failure)
[447.628s][info][gc,heap        ] GC(454) PSYoungGen: 253524K(286208K)->24468K(288256K) Eden: 241152K(241152K)->0K(244736K) From: 12372K(45056K)->24468K(43520K)
[447.628s][info][gc,heap        ] GC(454) ParOldGen: 508851K(508928K)->509683K(509952K)
[447.628s][info][gc,metaspace   ] GC(454) Metaspace: 43038K(43456K)->43038K(43456K) NonClass: 38690K(38976K)->38690K(38976K) Class: 4348K(4480K)->4348K(4480K)
[447.628s][info][gc             ] GC(454) Pause Young (Allocation Failure) 744M->521M(779M) 26.457ms
[447.628s][info][gc,cpu         ] GC(454) User=0.04s Sys=0.00s Real=0.03s
[448.666s][info][gc,start       ] GC(455) Pause Young (Allocation Failure)
[448.671s][info][gc,heap        ] GC(455) PSYoungGen: 269204K(288256K)->1676K(288256K) Eden: 244736K(244736K)->0K(244736K) From: 24468K(43520K)->1676K(43520K)
[448.672s][info][gc,heap        ] GC(455) ParOldGen: 509683K(509952K)->510639K(510976K)
[448.672s][info][gc,metaspace   ] GC(455) Metaspace: 43038K(43456K)->43038K(43456K) NonClass: 38690K(38976K)->38690K(38976K) Class: 4348K(4480K)->4348K(4480K)
[448.672s][info][gc             ] GC(455) Pause Young (Allocation Failure) 760M->500M(780M) 5.273ms
[448.672s][info][gc,cpu         ] GC(455) User=0.01s Sys=0.00s Real=0.00s
[449.659s][info][gc,start       ] GC(456) Pause Young (Allocation Failure)
[449.672s][info][gc,heap        ] GC(456) PSYoungGen: 246412K(288256K)->4996K(289792K) Eden: 244736K(244736K)->0K(245760K) From: 1676K(43520K)->4996K(44032K)
[449.672s][info][gc,heap        ] GC(456) ParOldGen: 510639K(510976K)->511919K(512000K)
[449.672s][info][gc,metaspace   ] GC(456) Metaspace: 43038K(43456K)->43038K(43456K) NonClass: 38690K(38976K)->38690K(38976K) Class: 4348K(4480K)->4348K(4480K)
[449.672s][info][gc             ] GC(456) Pause Young (Allocation Failure) 739M->504M(783M) 12.745ms
[449.672s][info][gc,cpu         ] GC(456) User=0.02s Sys=0.01s Real=0.01s
[450.693s][info][gc,start       ] GC(457) Pause Young (Allocation Failure)
[450.719s][info][gc,heap        ] GC(457) PSYoungGen: 250756K(289792K)->25493K(271360K) Eden: 245760K(245760K)->0K(245760K) From: 4996K(44032K)->25493K(25600K)
[450.719s][info][gc,heap        ] GC(457) ParOldGen: 511919K(512000K)->513023K(513024K)
[450.719s][info][gc,metaspace   ] GC(457) Metaspace: 43039K(43456K)->43039K(43456K) NonClass: 38691K(38976K)->38691K(38976K) Class: 4348K(4480K)->4348K(4480K)
[450.719s][info][gc             ] GC(457) Pause Young (Allocation Failure) 744M->525M(766M) 25.889ms
[450.719s][info][gc,cpu         ] GC(457) User=0.04s Sys=0.00s Real=0.03s
[451.800s][info][gc,start       ] GC(458) Pause Young (Allocation Failure)
[451.810s][info][gc,heap        ] GC(458) PSYoungGen: 271253K(271360K)->10434K(290816K) Eden: 245760K(245760K)->0K(246272K) From: 25493K(25600K)->10434K(44544K)
[451.810s][info][gc,heap        ] GC(458) ParOldGen: 513023K(513024K)->513783K(514048K)
[451.811s][info][gc,metaspace   ] GC(458) Metaspace: 43039K(43456K)->43039K(43456K) NonClass: 38691K(38976K)->38691K(38976K) Class: 4348K(4480K)->4348K(4480K)
[451.811s][info][gc             ] GC(458) Pause Young (Allocation Failure) 765M->511M(786M) 10.263ms
[451.811s][info][gc,cpu         ] GC(458) User=0.02s Sys=0.01s Real=0.01s
[452.680s][info][gc,start       ] GC(459) Pause Young (Allocation Failure)
[452.686s][info][gc,heap        ] GC(459) PSYoungGen: 256706K(290816K)->4715K(289280K) Eden: 246272K(246272K)->0K(246272K) From: 10434K(44544K)->4715K(43008K)
[452.686s][info][gc,heap        ] GC(459) ParOldGen: 513783K(514048K)->514871K(515072K)
[452.686s][info][gc,metaspace   ] GC(459) Metaspace: 43041K(43456K)->43041K(43456K) NonClass: 38693K(38976K)->38693K(38976K) Class: 4348K(4480K)->4348K(4480K)
[452.687s][info][gc             ] GC(459) Pause Young (Allocation Failure) 752M->507M(785M) 6.104ms
[452.687s][info][gc,cpu         ] GC(459) User=0.01s Sys=0.00s Real=0.01s
[453.641s][info][gc,start       ] GC(460) Pause Young (Allocation Failure)
[453.647s][info][gc,heap        ] GC(460) PSYoungGen: 250987K(289280K)->5253K(289792K) Eden: 246272K(246272K)->0K(247296K) From: 4715K(43008K)->5253K(42496K)
[453.647s][info][gc,heap        ] GC(460) ParOldGen: 514871K(515072K)->515831K(516096K)
[453.647s][info][gc,metaspace   ] GC(460) Metaspace: 43043K(43456K)->43043K(43456K) NonClass: 38694K(38976K)->38694K(38976K) Class: 4348K(4480K)->4348K(4480K)
[453.647s][info][gc             ] GC(460) Pause Young (Allocation Failure) 747M->508M(787M) 6.419ms
[453.647s][info][gc,cpu         ] GC(460) User=0.01s Sys=0.00s Real=0.01s
[454.582s][info][gc,start       ] GC(461) Pause Young (Allocation Failure)
[454.598s][info][gc,heap        ] GC(461) PSYoungGen: 252549K(289792K)->13085K(260608K) Eden: 247296K(247296K)->0K(247296K) From: 5253K(42496K)->13085K(13312K)
[454.598s][info][gc,heap        ] GC(461) ParOldGen: 515831K(516096K)->516855K(517120K)
[454.598s][info][gc,metaspace   ] GC(461) Metaspace: 43043K(43456K)->43043K(43456K) NonClass: 38694K(38976K)->38694K(38976K) Class: 4348K(4480K)->4348K(4480K)
[454.598s][info][gc             ] GC(461) Pause Young (Allocation Failure) 750M->517M(759M) 15.281ms
[454.598s][info][gc,cpu         ] GC(461) User=0.03s Sys=0.00s Real=0.02s
[455.380s][info][gc,start       ] GC(462) Pause Young (Allocation Failure)
[455.420s][info][gc,heap        ] GC(462) PSYoungGen: 260381K(260608K)->38910K(281088K) Eden: 247296K(247296K)->0K(241664K) From: 13085K(13312K)->38910K(39424K)
[455.420s][info][gc,heap        ] GC(462) ParOldGen: 516855K(517120K)->517927K(518144K)
[455.420s][info][gc,metaspace   ] GC(462) Metaspace: 43043K(43456K)->43043K(43456K) NonClass: 38694K(38976K)->38694K(38976K) Class: 4348K(4480K)->4348K(4480K)
[455.420s][info][gc             ] GC(462) Pause Young (Allocation Failure) 759M->543M(780M) 39.807ms
[455.420s][info][gc,cpu         ] GC(462) User=0.07s Sys=0.00s Real=0.04s
[456.617s][info][gc,start       ] GC(463) Pause Young (Allocation Failure)
[456.707s][info][gc,heap        ] GC(463) PSYoungGen: 280574K(281088K)->17982K(287744K) Eden: 241664K(241664K)->0K(241664K) From: 38910K(39424K)->17982K(46080K)
[456.707s][info][gc,heap        ] GC(463) ParOldGen: 517927K(518144K)->539451K(539648K)
[456.707s][info][gc,metaspace   ] GC(463) Metaspace: 43043K(43456K)->43043K(43456K) NonClass: 38694K(38976K)->38694K(38976K) Class: 4348K(4480K)->4348K(4480K)
[456.707s][info][gc             ] GC(463) Pause Young (Allocation Failure) 779M->544M(808M) 90.506ms
[456.707s][info][gc,cpu         ] GC(463) User=0.10s Sys=0.02s Real=0.09s
[457.731s][info][gc,start       ] GC(464) Pause Young (Allocation Failure)
[457.787s][info][gc,heap        ] GC(464) PSYoungGen: 259646K(287744K)->25690K(286208K) Eden: 241664K(241664K)->0K(244224K) From: 17982K(46080K)->25690K(41984K)
[457.787s][info][gc,heap        ] GC(464) ParOldGen: 539451K(539648K)->557255K(557568K)
[457.787s][info][gc,metaspace   ] GC(464) Metaspace: 43043K(43456K)->43043K(43456K) NonClass: 38694K(38976K)->38694K(38976K) Class: 4348K(4480K)->4348K(4480K)
[457.787s][info][gc             ] GC(464) Pause Young (Allocation Failure) 780M->569M(824M) 56.482ms
[457.787s][info][gc,cpu         ] GC(464) User=0.09s Sys=0.01s Real=0.06s
[458.626s][info][gc,start       ] GC(465) Pause Young (Allocation Failure)
[458.659s][info][gc,heap        ] GC(465) PSYoungGen: 269914K(286208K)->11259K(288256K) Eden: 244224K(244224K)->0K(244224K) From: 25690K(41984K)->11259K(44032K)
[458.659s][info][gc,heap        ] GC(465) ParOldGen: 557255K(557568K)->571554K(571904K)
[458.659s][info][gc,metaspace   ] GC(465) Metaspace: 43043K(43456K)->43043K(43456K) NonClass: 38694K(38976K)->38694K(38976K) Class: 4348K(4480K)->4348K(4480K)
[458.660s][info][gc             ] GC(465) Pause Young (Allocation Failure) 807M->569M(840M) 33.853ms
[458.660s][info][gc,cpu         ] GC(465) User=0.06s Sys=0.01s Real=0.03s
[459.557s][info][gc,start       ] GC(466) Pause Young (Allocation Failure)
[459.571s][info][gc,heap        ] GC(466) PSYoungGen: 255483K(288256K)->1333K(289792K) Eden: 244224K(244224K)->0K(247296K) From: 11259K(44032K)->1333K(42496K)
[459.571s][info][gc,heap        ] GC(466) ParOldGen: 571554K(571904K)->581337K(581632K)
[459.571s][info][gc,metaspace   ] GC(466) Metaspace: 43043K(43456K)->43043K(43456K) NonClass: 38694K(38976K)->38694K(38976K) Class: 4348K(4480K)->4348K(4480K)
[459.571s][info][gc             ] GC(466) Pause Young (Allocation Failure) 807M->569M(851M) 13.980ms
[459.571s][info][gc,cpu         ] GC(466) User=0.02s Sys=0.00s Real=0.01s
[460.450s][info][gc,start       ] GC(467) Pause Young (Allocation Failure)
[460.468s][info][gc,heap        ] GC(467) PSYoungGen: 248629K(289792K)->25642K(273408K) Eden: 247296K(247296K)->0K(247296K) From: 1333K(42496K)->25642K(26112K)
[460.468s][info][gc,heap        ] GC(467) ParOldGen: 581337K(581632K)->581661K(582144K)
[460.468s][info][gc,metaspace   ] GC(467) Metaspace: 43044K(43456K)->43044K(43456K) NonClass: 38695K(38976K)->38695K(38976K) Class: 4348K(4480K)->4348K(4480K)
[460.468s][info][gc             ] GC(467) Pause Young (Allocation Failure) 810M->593M(835M) 17.726ms
[460.468s][info][gc,cpu         ] GC(467) User=0.03s Sys=0.00s Real=0.02s
[461.342s][info][gc,start       ] GC(468) Pause Young (Allocation Failure)
[461.355s][info][gc,heap        ] GC(468) PSYoungGen: 272938K(273408K)->9183K(291328K) Eden: 247296K(247296K)->0K(247296K) From: 25642K(26112K)->9183K(44032K)
[461.355s][info][gc,heap        ] GC(468) ParOldGen: 581661K(582144K)->582419K(582656K)
[461.355s][info][gc,metaspace   ] GC(468) Metaspace: 43044K(43456K)->43044K(43456K) NonClass: 38695K(38976K)->38695K(38976K) Class: 4348K(4480K)->4348K(4480K)
[461.355s][info][gc             ] GC(468) Pause Young (Allocation Failure) 834M->577M(853M) 13.487ms
[461.355s][info][gc,cpu         ] GC(468) User=0.03s Sys=0.00s Real=0.02s
[462.285s][info][gc,start       ] GC(469) Pause Young (Allocation Failure)
[462.337s][info][gc,heap        ] GC(469) PSYoungGen: 256479K(291328K)->42490K(289792K) Eden: 247296K(247296K)->0K(247296K) From: 9183K(44032K)->42490K(42496K)
[462.337s][info][gc,heap        ] GC(469) ParOldGen: 582419K(582656K)->593812K(593920K)
[462.337s][info][gc,metaspace   ] GC(469) Metaspace: 43044K(43456K)->43044K(43456K) NonClass: 38695K(38976K)->38695K(38976K) Class: 4348K(4480K)->4348K(4480K)
[462.337s][info][gc             ] GC(469) Pause Young (Allocation Failure) 819M->621M(863M) 52.776ms
[462.338s][info][gc,cpu         ] GC(469) User=0.09s Sys=0.02s Real=0.05s
[463.265s][info][gc,start       ] GC(470) Pause Young (Allocation Failure)
[463.414s][info][gc,promotion   ] GC(470) Promotion failed
[463.414s][info][gc,heap        ] GC(470) PSYoungGen: 289786K(289792K)->289786K(289792K) Eden: 247296K(247296K)->247296K(247296K) From: 42490K(42496K)->42490K(42496K)
[463.414s][info][gc,heap        ] GC(470) ParOldGen: 593812K(593920K)->667641K(667648K)
[463.414s][info][gc,metaspace   ] GC(470) Metaspace: 43044K(43456K)->43044K(43456K) NonClass: 38695K(38976K)->38695K(38976K) Class: 4348K(4480K)->4348K(4480K)
[463.414s][info][gc             ] GC(470) Pause Young (Allocation Failure) 862M->934M(935M) 149.907ms
[463.414s][info][gc,cpu         ] GC(470) User=0.22s Sys=0.06s Real=0.15s
[463.414s][info][gc,start       ] GC(471) Pause Full (Allocation Failure)
[463.414s][info][gc,phases,start] GC(471) Marking Phase
[463.476s][info][gc,phases      ] GC(471) Marking Phase 61.975ms
[463.477s][info][gc,phases,start] GC(471) Summary Phase
[463.477s][info][gc,phases      ] GC(471) Summary Phase 0.030ms
[463.477s][info][gc,phases,start] GC(471) Forward
[463.487s][info][gc,phases      ] GC(471) Forward 10.825ms
[463.487s][info][gc,phases,start] GC(471) Adjust Pointers
[463.524s][info][gc,phases      ] GC(471) Adjust Pointers 36.987ms
[463.525s][info][gc,phases,start] GC(471) Compaction Phase
[463.540s][info][gc,phases      ] GC(471) Compaction Phase 15.637ms
[463.540s][info][gc,phases,start] GC(471) Post Compact
[463.544s][info][gc,phases      ] GC(471) Post Compact 3.826ms
[463.584s][info][gc,heap        ] GC(471) PSYoungGen: 289786K(289792K)->0K(270336K) Eden: 247296K(247296K)->0K(226304K) From: 42490K(42496K)->0K(44032K)
[463.584s][info][gc,heap        ] GC(471) ParOldGen: 667641K(667648K)->86722K(209920K)
[463.584s][info][gc,metaspace   ] GC(471) Metaspace: 43044K(43456K)->43044K(43456K) NonClass: 38695K(38976K)->38695K(38976K) Class: 4348K(4480K)->4348K(4480K)
[463.584s][info][gc             ] GC(471) Pause Full (Allocation Failure) 934M->84M(469M) 169.329ms
[463.584s][info][gc,cpu         ] GC(471) User=0.21s Sys=0.05s Real=0.17s
[464.430s][info][gc,start       ] GC(472) Pause Young (Allocation Failure)
[464.454s][info][gc,heap        ] GC(472) PSYoungGen: 226304K(270336K)->29184K(280064K) Eden: 226304K(226304K)->0K(226304K) From: 0K(44032K)->29184K(53760K)
[464.454s][info][gc,heap        ] GC(472) ParOldGen: 86722K(209920K)->86722K(209920K)
[464.455s][info][gc,metaspace   ] GC(472) Metaspace: 43044K(43456K)->43044K(43456K) NonClass: 38695K(38976K)->38695K(38976K) Class: 4348K(4480K)->4348K(4480K)
[464.455s][info][gc             ] GC(472) Pause Young (Allocation Failure) 305M->113M(478M) 24.941ms
[464.455s][info][gc,cpu         ] GC(472) User=0.05s Sys=0.00s Real=0.03s
[465.333s][info][gc,start       ] GC(473) Pause Young (Allocation Failure)
[465.356s][info][gc,heap        ] GC(473) PSYoungGen: 255488K(280064K)->21074K(273920K) Eden: 226304K(226304K)->0K(226304K) From: 29184K(53760K)->21074K(47616K)
[465.356s][info][gc,heap        ] GC(473) ParOldGen: 86722K(209920K)->99839K(209920K)
[465.356s][info][gc,metaspace   ] GC(473) Metaspace: 43044K(43456K)->43044K(43456K) NonClass: 38695K(38976K)->38695K(38976K) Class: 4348K(4480K)->4348K(4480K)
[465.356s][info][gc             ] GC(473) Pause Young (Allocation Failure) 334M->118M(472M) 23.382ms
[465.356s][info][gc,cpu         ] GC(473) User=0.04s Sys=0.00s Real=0.03s
[466.133s][info][gc,start       ] GC(474) Pause Young (Allocation Failure)
[466.158s][info][gc,heap        ] GC(474) PSYoungGen: 247378K(273920K)->40551K(276992K) Eden: 226304K(226304K)->0K(226304K) From: 21074K(47616K)->40551K(50688K)
[466.158s][info][gc,heap        ] GC(474) ParOldGen: 99839K(209920K)->100682K(209920K)
[466.158s][info][gc,metaspace   ] GC(474) Metaspace: 43044K(43456K)->43044K(43456K) NonClass: 38695K(38976K)->38695K(38976K) Class: 4348K(4480K)->4348K(4480K)
[466.158s][info][gc             ] GC(474) Pause Young (Allocation Failure) 339M->137M(475M) 25.099ms
[466.158s][info][gc,cpu         ] GC(474) User=0.05s Sys=0.00s Real=0.02s
[466.966s][info][gc,start       ] GC(475) Pause Young (Allocation Failure)
[466.978s][info][gc,heap        ] GC(475) PSYoungGen: 266855K(276992K)->15291K(280576K) Eden: 226304K(226304K)->0K(225280K) From: 40551K(50688K)->15291K(55296K)
[466.978s][info][gc,heap        ] GC(475) ParOldGen: 100682K(209920K)->101622K(209920K)
[466.978s][info][gc,metaspace   ] GC(475) Metaspace: 43044K(43456K)->43044K(43456K) NonClass: 38695K(38976K)->38695K(38976K) Class: 4348K(4480K)->4348K(4480K)
[466.978s][info][gc             ] GC(475) Pause Young (Allocation Failure) 358M->114M(479M) 11.448ms
[466.978s][info][gc,cpu         ] GC(475) User=0.03s Sys=0.00s Real=0.01s
[467.690s][info][gc,start       ] GC(476) Pause Young (Allocation Failure)
[467.705s][info][gc,heap        ] GC(476) PSYoungGen: 240571K(280576K)->22390K(247808K) Eden: 225280K(225280K)->0K(225280K) From: 15291K(55296K)->22390K(22528K)
[467.705s][info][gc,heap        ] GC(476) ParOldGen: 101622K(209920K)->102151K(209920K)
[467.705s][info][gc,metaspace   ] GC(476) Metaspace: 43044K(43456K)->43044K(43456K) NonClass: 38695K(38976K)->38695K(38976K) Class: 4348K(4480K)->4348K(4480K)
[467.705s][info][gc             ] GC(476) Pause Young (Allocation Failure) 334M->121M(447M) 14.544ms
[467.705s][info][gc,cpu         ] GC(476) User=0.03s Sys=0.00s Real=0.02s
[468.425s][info][gc,start       ] GC(477) Pause Young (Allocation Failure)
[468.437s][info][gc,heap        ] GC(477) PSYoungGen: 247670K(247808K)->1034K(274432K) Eden: 225280K(225280K)->0K(224256K) From: 22390K(22528K)->1034K(50176K)
[468.437s][info][gc,heap        ] GC(477) ParOldGen: 102151K(209920K)->122679K(209920K)
[468.437s][info][gc,metaspace   ] GC(477) Metaspace: 43044K(43456K)->43044K(43456K) NonClass: 38695K(38976K)->38695K(38976K) Class: 4348K(4480K)->4348K(4480K)
[468.437s][info][gc             ] GC(477) Pause Young (Allocation Failure) 341M->120M(473M) 12.146ms
[468.437s][info][gc,cpu         ] GC(477) User=0.02s Sys=0.00s Real=0.01s
[469.082s][info][gc,start       ] GC(478) Pause Young (Allocation Failure)
[469.088s][info][gc,heap        ] GC(478) PSYoungGen: 225290K(274432K)->5191K(275456K) Eden: 224256K(224256K)->0K(224256K) From: 1034K(50176K)->5191K(51200K)
[469.088s][info][gc,heap        ] GC(478) ParOldGen: 122679K(209920K)->122695K(209920K)
[469.088s][info][gc,metaspace   ] GC(478) Metaspace: 43044K(43456K)->43044K(43456K) NonClass: 38695K(38976K)->38695K(38976K) Class: 4348K(4480K)->4348K(4480K)
[469.088s][info][gc             ] GC(478) Pause Young (Allocation Failure) 339M->124M(474M) 5.304ms
[469.088s][info][gc,cpu         ] GC(478) User=0.01s Sys=0.00s Real=0.01s
[469.478s][info][gc,start       ] GC(479) Pause Young (Allocation Failure)
[469.483s][info][gc,heap        ] GC(479) PSYoungGen: 229447K(275456K)->3438K(281600K) Eden: 224256K(224256K)->0K(232448K) From: 5191K(51200K)->3438K(49152K)
[469.483s][info][gc,heap        ] GC(479) ParOldGen: 122695K(209920K)->124662K(209920K)
[469.483s][info][gc,metaspace   ] GC(479) Metaspace: 43044K(43456K)->43044K(43456K) NonClass: 38695K(38976K)->38695K(38976K) Class: 4348K(4480K)->4348K(4480K)
[469.483s][info][gc             ] GC(479) Pause Young (Allocation Failure) 343M->125M(480M) 4.897ms
[469.483s][info][gc,cpu         ] GC(479) User=0.01s Sys=0.00s Real=0.00s
[469.940s][info][gc,start       ] GC(480) Pause Young (Allocation Failure)
[469.948s][info][gc,heap        ] GC(480) PSYoungGen: 235886K(281600K)->10102K(282112K) Eden: 232448K(232448K)->0K(232448K) From: 3438K(49152K)->10102K(49664K)
[469.948s][info][gc,heap        ] GC(480) ParOldGen: 124662K(209920K)->124898K(209920K)
[469.948s][info][gc,metaspace   ] GC(480) Metaspace: 43044K(43456K)->43044K(43456K) NonClass: 38695K(38976K)->38695K(38976K) Class: 4348K(4480K)->4348K(4480K)
[469.948s][info][gc             ] GC(480) Pause Young (Allocation Failure) 352M->131M(480M) 7.326ms
[469.948s][info][gc,cpu         ] GC(480) User=0.01s Sys=0.00s Real=0.01s
[470.249s][info][gc,start       ] GC(481) Pause Young (Allocation Failure)
[470.257s][info][gc,heap        ] GC(481) PSYoungGen: 242550K(282112K)->1436K(283136K) Eden: 232448K(232448K)->0K(235520K) From: 10102K(49664K)->1436K(47616K)
[470.257s][info][gc,heap        ] GC(481) ParOldGen: 124898K(209920K)->134791K(209920K)
[470.257s][info][gc,metaspace   ] GC(481) Metaspace: 43046K(43456K)->43046K(43456K) NonClass: 38698K(38976K)->38698K(38976K) Class: 4348K(4480K)->4348K(4480K)
[470.257s][info][gc             ] GC(481) Pause Young (Allocation Failure) 358M->133M(481M) 7.524ms
[470.257s][info][gc,cpu         ] GC(481) User=0.02s Sys=0.00s Real=0.01s
[470.577s][info][gc,start       ] GC(482) Pause Young (Allocation Failure)
[470.582s][info][gc,heap        ] GC(482) PSYoungGen: 235209K(283136K)->3137K(282624K) Eden: 233772K(235520K)->0K(235520K) From: 1436K(47616K)->3137K(47104K)
[470.582s][info][gc,heap        ] GC(482) ParOldGen: 134791K(209920K)->136192K(209920K)
[470.582s][info][gc,metaspace   ] GC(482) Metaspace: 43046K(43456K)->43046K(43456K) NonClass: 38698K(38976K)->38698K(38976K) Class: 4348K(4480K)->4348K(4480K)
[470.582s][info][gc             ] GC(482) Pause Young (Allocation Failure) 361M->136M(481M) 5.576ms
[470.582s][info][gc,cpu         ] GC(482) User=0.01s Sys=0.00s Real=0.00s
[470.908s][info][gc,start       ] GC(483) Pause Young (Allocation Failure)
[470.916s][info][gc,heap        ] GC(483) PSYoungGen: 237912K(282624K)->3972K(285184K) Eden: 234775K(235520K)->0K(240640K) From: 3137K(47104K)->3972K(44544K)
[470.916s][info][gc,heap        ] GC(483) ParOldGen: 136192K(209920K)->139281K(209920K)
[470.916s][info][gc,metaspace   ] GC(483) Metaspace: 43046K(43456K)->43046K(43456K) NonClass: 38698K(38976K)->38698K(38976K) Class: 4348K(4480K)->4348K(4480K)
[470.916s][info][gc             ] GC(483) Pause Young (Allocation Failure) 365M->139M(483M) 8.395ms
[470.916s][info][gc,cpu         ] GC(483) User=0.01s Sys=0.00s Real=0.01s
[471.245s][info][gc,start       ] GC(484) Pause Young (Allocation Failure)
[471.253s][info][gc,heap        ] GC(484) PSYoungGen: 243979K(285184K)->4420K(285184K) Eden: 240007K(240640K)->0K(240640K) From: 3972K(44544K)->4420K(44544K)
[471.253s][info][gc,heap        ] GC(484) ParOldGen: 139281K(209920K)->143236K(209920K)
[471.253s][info][gc,metaspace   ] GC(484) Metaspace: 43046K(43456K)->43046K(43456K) NonClass: 38698K(38976K)->38698K(38976K) Class: 4348K(4480K)->4348K(4480K)
[471.253s][info][gc             ] GC(484) Pause Young (Allocation Failure) 374M->144M(483M) 8.568ms
[471.253s][info][gc,cpu         ] GC(484) User=0.02s Sys=0.00s Real=0.01s
[471.615s][info][gc,start       ] GC(485) Pause Young (Allocation Failure)
[471.629s][info][gc,heap        ] GC(485) PSYoungGen: 245060K(285184K)->8960K(286208K) Eden: 240640K(240640K)->0K(246784K) From: 4420K(44544K)->8960K(39424K)
[471.629s][info][gc,heap        ] GC(485) ParOldGen: 143236K(209920K)->147584K(209920K)
[471.629s][info][gc,metaspace   ] GC(485) Metaspace: 43049K(43456K)->43049K(43456K) NonClass: 38701K(38976K)->38701K(38976K) Class: 4348K(4480K)->4348K(4480K)
[471.629s][info][gc             ] GC(485) Pause Young (Allocation Failure) 379M->152M(484M) 13.656ms
[471.629s][info][gc,cpu         ] GC(485) User=0.03s Sys=0.00s Real=0.01s
[471.983s][info][gc,start       ] GC(486) Pause Young (Allocation Failure)
[471.998s][info][gc,heap        ] GC(486) PSYoungGen: 255744K(286208K)->5389K(286720K) Eden: 246784K(246784K)->0K(246784K) From: 8960K(39424K)->5389K(39936K)
[471.998s][info][gc,heap        ] GC(486) ParOldGen: 147584K(209920K)->156725K(209920K)
[471.998s][info][gc,metaspace   ] GC(486) Metaspace: 43049K(43456K)->43049K(43456K) NonClass: 38701K(38976K)->38701K(38976K) Class: 4348K(4480K)->4348K(4480K)
[471.998s][info][gc             ] GC(486) Pause Young (Allocation Failure) 393M->158M(485M) 14.743ms
[471.998s][info][gc,cpu         ] GC(486) User=0.03s Sys=0.00s Real=0.02s
[472.669s][info][gc,start       ] GC(487) Pause Young (Allocation Failure)
[472.683s][info][gc,heap        ] GC(487) PSYoungGen: 252173K(286720K)->10350K(289792K) Eden: 246784K(246784K)->0K(255488K) From: 5389K(39936K)->10350K(34304K)
[472.683s][info][gc,heap        ] GC(487) ParOldGen: 156725K(209920K)->162077K(209920K)
[472.683s][info][gc,metaspace   ] GC(487) Metaspace: 43050K(43456K)->43050K(43456K) NonClass: 38701K(38976K)->38701K(38976K) Class: 4348K(4480K)->4348K(4480K)
[472.683s][info][gc             ] GC(487) Pause Young (Allocation Failure) 399M->168M(488M) 13.967ms
[472.683s][info][gc,cpu         ] GC(487) User=0.03s Sys=0.00s Real=0.01s
[473.325s][info][gc,start       ] GC(488) Pause Young (Allocation Failure)
[473.335s][info][gc,heap        ] GC(488) PSYoungGen: 265838K(289792K)->4304K(291328K) Eden: 255488K(255488K)->0K(255488K) From: 10350K(34304K)->4304K(35840K)
[473.335s][info][gc,heap        ] GC(488) ParOldGen: 162077K(209920K)->171448K(209920K)
[473.335s][info][gc,metaspace   ] GC(488) Metaspace: 43064K(43456K)->43064K(43456K) NonClass: 38716K(38976K)->38716K(38976K) Class: 4348K(4480K)->4348K(4480K)
[473.335s][info][gc             ] GC(488) Pause Young (Allocation Failure) 417M->171M(489M) 10.669ms
[473.335s][info][gc,cpu         ] GC(488) User=0.02s Sys=0.00s Real=0.01s
[473.978s][info][gc,start       ] GC(489) Pause Young (Allocation Failure)
[473.984s][info][gc,heap        ] GC(489) PSYoungGen: 259792K(291328K)->5127K(294912K) Eden: 255488K(255488K)->0K(263680K) From: 4304K(35840K)->5127K(31232K)
[473.984s][info][gc,heap        ] GC(489) ParOldGen: 171448K(209920K)->171456K(209920K)
[473.984s][info][gc,metaspace   ] GC(489) Metaspace: 43066K(43456K)->43066K(43456K) NonClass: 38717K(38976K)->38717K(38976K) Class: 4348K(4480K)->4348K(4480K)
[473.984s][info][gc             ] GC(489) Pause Young (Allocation Failure) 421M->172M(493M) 5.395ms
[473.984s][info][gc,cpu         ] GC(489) User=0.02s Sys=0.00s Real=0.01s
[474.668s][info][gc,start       ] GC(490) Pause Young (Allocation Failure)
[474.671s][info][gc,heap        ] GC(490) PSYoungGen: 268807K(294912K)->4158K(296448K) Eden: 263680K(263680K)->0K(263680K) From: 5127K(31232K)->4158K(32768K)
[474.671s][info][gc,heap        ] GC(490) ParOldGen: 171456K(209920K)->171488K(209920K)
[474.671s][info][gc,metaspace   ] GC(490) Metaspace: 43066K(43456K)->43066K(43456K) NonClass: 38717K(38976K)->38717K(38976K) Class: 4348K(4480K)->4348K(4480K)
[474.671s][info][gc             ] GC(490) Pause Young (Allocation Failure) 429M->171M(494M) 3.811ms
[474.671s][info][gc,cpu         ] GC(490) User=0.01s Sys=0.00s Real=0.00s
[475.376s][info][gc,start       ] GC(491) Pause Young (Allocation Failure)
[475.379s][info][gc,heap        ] GC(491) PSYoungGen: 267838K(296448K)->4313K(299008K) Eden: 263680K(263680K)->0K(269824K) From: 4158K(32768K)->4313K(29184K)
[475.379s][info][gc,heap        ] GC(491) ParOldGen: 171488K(209920K)->172302K(209920K)
[475.379s][info][gc,metaspace   ] GC(491) Metaspace: 43067K(43456K)->43067K(43456K) NonClass: 38717K(38976K)->38717K(38976K) Class: 4349K(4480K)->4349K(4480K)
[475.379s][info][gc             ] GC(491) Pause Young (Allocation Failure) 429M->172M(497M) 3.029ms
[475.379s][info][gc,cpu         ] GC(491) User=0.00s Sys=0.00s Real=0.00s
[476.622s][info][gc,start       ] GC(492) Pause Young (Allocation Failure)
[476.627s][info][gc,heap        ] GC(492) PSYoungGen: 274137K(299008K)->3122K(300032K) Eden: 269824K(269824K)->0K(269824K) From: 4313K(29184K)->3122K(30208K)
[476.627s][info][gc,heap        ] GC(492) ParOldGen: 172302K(209920K)->172446K(209920K)
[476.627s][info][gc,metaspace   ] GC(492) Metaspace: 43068K(43456K)->43068K(43456K) NonClass: 38719K(38976K)->38719K(38976K) Class: 4349K(4480K)->4349K(4480K)
[476.627s][info][gc             ] GC(492) Pause Young (Allocation Failure) 435M->171M(498M) 5.081ms
[476.627s][info][gc,cpu         ] GC(492) User=0.01s Sys=0.00s Real=0.01s
[477.556s][info][gc,start       ] GC(493) Pause Young (Allocation Failure)
[477.593s][info][gc,heap        ] GC(493) PSYoungGen: 272946K(300032K)->29152K(289280K) Eden: 269824K(269824K)->0K(260096K) From: 3122K(30208K)->29152K(29184K)
[477.594s][info][gc,heap        ] GC(493) ParOldGen: 172446K(209920K)->177961K(209920K)
[477.594s][info][gc,metaspace   ] GC(493) Metaspace: 43074K(43520K)->43074K(43520K) NonClass: 38724K(39040K)->38724K(39040K) Class: 4349K(4480K)->4349K(4480K)
[477.594s][info][gc             ] GC(493) Pause Young (Allocation Failure) 434M->202M(487M) 37.780ms
[477.594s][info][gc,cpu         ] GC(493) User=0.07s Sys=0.01s Real=0.04s
[478.250s][info][gc,start       ] GC(494) Pause Young (Allocation Failure)
[478.307s][info][gc,heap        ] GC(494) PSYoungGen: 289248K(289280K)->29688K(289792K) Eden: 260096K(260096K)->0K(260096K) From: 29152K(29184K)->29688K(29696K)
[478.307s][info][gc,heap        ] GC(494) ParOldGen: 177961K(209920K)->205964K(209920K)
[478.307s][info][gc,metaspace   ] GC(494) Metaspace: 43074K(43520K)->43074K(43520K) NonClass: 38725K(39040K)->38725K(39040K) Class: 4349K(4480K)->4349K(4480K)
[478.307s][info][gc             ] GC(494) Pause Young (Allocation Failure) 456M->230M(488M) 57.497ms
[478.307s][info][gc,cpu         ] GC(494) User=0.11s Sys=0.00s Real=0.06s
[478.977s][info][gc,start       ] GC(495) Pause Young (Allocation Failure)
[479.049s][info][gc,heap        ] GC(495) PSYoungGen: 289784K(289792K)->29072K(285696K) Eden: 260096K(260096K)->0K(244736K) From: 29688K(29696K)->29072K(40960K)
[479.049s][info][gc,heap        ] GC(495) ParOldGen: 205964K(209920K)->233928K(233984K)
[479.049s][info][gc,metaspace   ] GC(495) Metaspace: 43074K(43520K)->43074K(43520K) NonClass: 38725K(39040K)->38725K(39040K) Class: 4349K(4480K)->4349K(4480K)
[479.049s][info][gc             ] GC(495) Pause Young (Allocation Failure) 484M->256M(507M) 72.705ms
[479.049s][info][gc,cpu         ] GC(495) User=0.12s Sys=0.01s Real=0.07s
[482.794s][info][gc,start       ] GC(496) Pause Young (Allocation Failure)
[482.839s][info][gc,heap        ] GC(496) PSYoungGen: 273808K(285696K)->8287K(289280K) Eden: 244736K(244736K)->0K(244736K) From: 29072K(40960K)->8287K(44544K)
[482.839s][info][gc,heap        ] GC(496) ParOldGen: 233928K(233984K)->263153K(263168K)
[482.839s][info][gc,metaspace   ] GC(496) Metaspace: 43074K(43520K)->43074K(43520K) NonClass: 38725K(39040K)->38725K(39040K) Class: 4349K(4480K)->4349K(4480K)
[482.839s][info][gc             ] GC(496) Pause Young (Allocation Failure) 495M->265M(539M) 45.091ms
[482.839s][info][gc,cpu         ] GC(496) User=0.07s Sys=0.02s Real=0.04s
[483.495s][info][gc,start       ] GC(497) Pause Young (Allocation Failure)
[483.530s][info][gc,heap        ] GC(497) PSYoungGen: 253023K(289280K)->25856K(288256K) Eden: 244736K(244736K)->0K(245760K) From: 8287K(44544K)->25856K(42496K)
[483.530s][info][gc,heap        ] GC(497) ParOldGen: 263153K(263168K)->270953K(271360K)
[483.530s][info][gc,metaspace   ] GC(497) Metaspace: 43074K(43520K)->43074K(43520K) NonClass: 38725K(39040K)->38725K(39040K) Class: 4349K(4480K)->4349K(4480K)
[483.530s][info][gc             ] GC(497) Pause Young (Allocation Failure) 504M->289M(546M) 34.821ms
[483.530s][info][gc,cpu         ] GC(497) User=0.06s Sys=0.01s Real=0.03s
[484.161s][info][gc,start       ] GC(498) Pause Young (Allocation Failure)
[484.228s][info][gc,heap        ] GC(498) PSYoungGen: 271616K(288256K)->30552K(276480K) Eden: 245760K(245760K)->0K(245760K) From: 25856K(42496K)->30552K(30720K)
[484.228s][info][gc,heap        ] GC(498) ParOldGen: 270953K(271360K)->296070K(296448K)
[484.228s][info][gc,metaspace   ] GC(498) Metaspace: 43074K(43520K)->43074K(43520K) NonClass: 38725K(39040K)->38725K(39040K) Class: 4349K(4480K)->4349K(4480K)
[484.228s][info][gc             ] GC(498) Pause Young (Allocation Failure) 529M->318M(559M) 67.004ms
[484.228s][info][gc,cpu         ] GC(498) User=0.11s Sys=0.02s Real=0.07s
[484.888s][info][gc,start       ] GC(499) Pause Young (Allocation Failure)
[484.962s][info][gc,heap        ] GC(499) PSYoungGen: 276312K(276480K)->30896K(282624K) Eden: 245760K(245760K)->0K(235520K) From: 30552K(30720K)->30896K(47104K)
[484.962s][info][gc,heap        ] GC(499) ParOldGen: 296070K(296448K)->324918K(325120K)
[484.962s][info][gc,metaspace   ] GC(499) Metaspace: 43074K(43520K)->43074K(43520K) NonClass: 38725K(39040K)->38725K(39040K) Class: 4349K(4480K)->4349K(4480K)
[484.962s][info][gc             ] GC(499) Pause Young (Allocation Failure) 558M->347M(593M) 74.282ms
[484.962s][info][gc,cpu         ] GC(499) User=0.12s Sys=0.02s Real=0.07s
[486.850s][info][gc,start       ] GC(500) Pause Young (Allocation Failure)
[486.916s][info][gc,heap        ] GC(500) PSYoungGen: 266416K(282624K)->10669K(284672K) Eden: 235520K(235520K)->0K(235520K) From: 30896K(47104K)->10669K(49152K)
[486.916s][info][gc,heap        ] GC(500) ParOldGen: 324918K(325120K)->355988K(356352K)
[486.916s][info][gc,metaspace   ] GC(500) Metaspace: 43074K(43520K)->43074K(43520K) NonClass: 38725K(39040K)->38725K(39040K) Class: 4349K(4480K)->4349K(4480K)
[486.916s][info][gc             ] GC(500) Pause Young (Allocation Failure) 577M->358M(626M) 66.541ms
[486.916s][info][gc,cpu         ] GC(500) User=0.07s Sys=0.02s Real=0.07s
[488.338s][info][gc,start       ] GC(501) Pause Young (Allocation Failure)
[488.351s][info][gc,heap        ] GC(501) PSYoungGen: 246189K(284672K)->190K(283136K) Eden: 235520K(235520K)->0K(237056K) From: 10669K(49152K)->190K(46080K)
[488.351s][info][gc,heap        ] GC(501) ParOldGen: 355988K(356352K)->365511K(365568K)
[488.351s][info][gc,metaspace   ] GC(501) Metaspace: 43074K(43520K)->43074K(43520K) NonClass: 38725K(39040K)->38725K(39040K) Class: 4349K(4480K)->4349K(4480K)
[488.351s][info][gc             ] GC(501) Pause Young (Allocation Failure) 588M->357M(633M) 12.928ms
[488.351s][info][gc,cpu         ] GC(501) User=0.01s Sys=0.01s Real=0.01s
[489.825s][info][gc,start       ] GC(502) Pause Young (Allocation Failure)
[489.848s][info][gc,heap        ] GC(502) PSYoungGen: 237246K(283136K)->21172K(284160K) Eden: 237056K(237056K)->0K(237056K) From: 190K(46080K)->21172K(47104K)
[489.848s][info][gc,heap        ] GC(502) ParOldGen: 365511K(365568K)->365662K(366080K)
[489.848s][info][gc,metaspace   ] GC(502) Metaspace: 43074K(43520K)->43074K(43520K) NonClass: 38725K(39040K)->38725K(39040K) Class: 4349K(4480K)->4349K(4480K)
[489.848s][info][gc             ] GC(502) Pause Young (Allocation Failure) 588M->377M(635M) 22.762ms
[489.848s][info][gc,cpu         ] GC(502) User=0.05s Sys=0.00s Real=0.02s
[491.287s][info][gc,start       ] GC(503) Pause Young (Allocation Failure)
[491.336s][info][gc,heap        ] GC(503) PSYoungGen: 258228K(284160K)->22707K(285696K) Eden: 237056K(237056K)->0K(240640K) From: 21172K(47104K)->22707K(45056K)
[491.336s][info][gc,heap        ] GC(503) ParOldGen: 365662K(366080K)->386764K(387072K)
[491.336s][info][gc,metaspace   ] GC(503) Metaspace: 43074K(43520K)->43074K(43520K) NonClass: 38725K(39040K)->38725K(39040K) Class: 4349K(4480K)->4349K(4480K)
[491.336s][info][gc             ] GC(503) Pause Young (Allocation Failure) 609M->399M(657M) 49.022ms
[491.336s][info][gc,cpu         ] GC(503) User=0.08s Sys=0.02s Real=0.05s
[492.211s][info][gc,start       ] GC(504) Pause Young (Allocation Failure)
[492.268s][info][gc,heap        ] GC(504) PSYoungGen: 263347K(285696K)->33536K(274432K) Eden: 240640K(240640K)->0K(240640K) From: 22707K(45056K)->33536K(33792K)
[492.268s][info][gc,heap        ] GC(504) ParOldGen: 386764K(387072K)->409330K(409600K)
[492.268s][info][gc,metaspace   ] GC(504) Metaspace: 43074K(43520K)->43074K(43520K) NonClass: 38725K(39040K)->38725K(39040K) Class: 4349K(4480K)->4349K(4480K)
[492.268s][info][gc             ] GC(504) Pause Young (Allocation Failure) 634M->432M(668M) 57.716ms
[492.268s][info][gc,cpu         ] GC(504) User=0.09s Sys=0.02s Real=0.06s
[492.929s][info][gc,start       ] GC(505) Pause Young (Allocation Failure)
[493.006s][info][gc,heap        ] GC(505) PSYoungGen: 274176K(274432K)->30104K(282624K) Eden: 240640K(240640K)->0K(233472K) From: 33536K(33792K)->30104K(49152K)
[493.006s][info][gc,heap        ] GC(505) ParOldGen: 409330K(409600K)->442136K(442368K)
[493.006s][info][gc,metaspace   ] GC(505) Metaspace: 43074K(43520K)->43074K(43520K) NonClass: 38725K(39040K)->38725K(39040K) Class: 4349K(4480K)->4349K(4480K)
[493.006s][info][gc             ] GC(505) Pause Young (Allocation Failure) 667M->461M(708M) 76.404ms
[493.006s][info][gc,cpu         ] GC(505) User=0.13s Sys=0.02s Real=0.08s
[493.656s][info][gc,start       ] GC(506) Pause Young (Allocation Failure)
[493.734s][info][gc,heap        ] GC(506) PSYoungGen: 263576K(282624K)->29616K(263168K) Eden: 233472K(233472K)->0K(233472K) From: 30104K(49152K)->29616K(29696K)
[493.734s][info][gc,heap        ] GC(506) ParOldGen: 442136K(442368K)->470560K(471040K)
[493.734s][info][gc,metaspace   ] GC(506) Metaspace: 43074K(43520K)->43074K(43520K) NonClass: 38725K(39040K)->38725K(39040K) Class: 4349K(4480K)->4349K(4480K)
[493.734s][info][gc             ] GC(506) Pause Young (Allocation Failure) 689M->488M(717M) 78.378ms
[493.734s][info][gc,cpu         ] GC(506) User=0.13s Sys=0.02s Real=0.08s
[495.528s][info][gc,start       ] GC(507) Pause Young (Allocation Failure)
[495.576s][info][gc,heap        ] GC(507) PSYoungGen: 263088K(263168K)->10080K(284160K) Eden: 233472K(233472K)->0K(232960K) From: 29616K(29696K)->10080K(51200K)
[495.576s][info][gc,heap        ] GC(507) ParOldGen: 470560K(471040K)->500361K(500736K)
[495.576s][info][gc,metaspace   ] GC(507) Metaspace: 43074K(43520K)->43074K(43520K) NonClass: 38725K(39040K)->38725K(39040K) Class: 4349K(4480K)->4349K(4480K)
[495.576s][info][gc             ] GC(507) Pause Young (Allocation Failure) 716M->498M(766M) 48.098ms
[495.576s][info][gc,cpu         ] GC(507) User=0.06s Sys=0.03s Real=0.05s
[496.779s][info][gc,start       ] GC(508) Pause Young (Allocation Failure)
[496.798s][info][gc,heap        ] GC(508) PSYoungGen: 243040K(284160K)->5655K(239104K) Eden: 232960K(232960K)->0K(232960K) From: 10080K(51200K)->5655K(6144K)
[496.798s][info][gc,heap        ] GC(508) ParOldGen: 500361K(500736K)->509781K(509952K)
[496.798s][info][gc,metaspace   ] GC(508) Metaspace: 43074K(43520K)->43074K(43520K) NonClass: 38725K(39040K)->38725K(39040K) Class: 4349K(4480K)->4349K(4480K)
[496.798s][info][gc             ] GC(508) Pause Young (Allocation Failure) 725M->503M(731M) 19.179ms
[496.799s][info][gc,cpu         ] GC(508) User=0.02s Sys=0.02s Real=0.02s
[498.206s][info][gc,start       ] GC(509) Pause Young (Allocation Failure)
[498.238s][info][gc,heap        ] GC(509) PSYoungGen: 238615K(239104K)->25677K(282624K) Eden: 232960K(232960K)->0K(233472K) From: 5655K(6144K)->25677K(49152K)
[498.238s][info][gc,heap        ] GC(509) ParOldGen: 509781K(509952K)->515434K(515584K)
[498.238s][info][gc,metaspace   ] GC(509) Metaspace: 43074K(43520K)->43074K(43520K) NonClass: 38725K(39040K)->38725K(39040K) Class: 4349K(4480K)->4349K(4480K)
[498.238s][info][gc             ] GC(509) Pause Young (Allocation Failure) 730M->528M(779M) 32.176ms
[498.239s][info][gc,cpu         ] GC(509) User=0.06s Sys=0.01s Real=0.03s
[499.705s][info][gc,start       ] GC(510) Pause Young (Allocation Failure)
[499.761s][info][gc,heap        ] GC(510) PSYoungGen: 259149K(282624K)->22385K(282112K) Eden: 233472K(233472K)->0K(233472K) From: 25677K(49152K)->22385K(48640K)
[499.761s][info][gc,heap        ] GC(510) ParOldGen: 515434K(515584K)->541168K(541184K)
[499.761s][info][gc,metaspace   ] GC(510) Metaspace: 43074K(43520K)->43074K(43520K) NonClass: 38725K(39040K)->38725K(39040K) Class: 4349K(4480K)->4349K(4480K)
[499.761s][info][gc             ] GC(510) Pause Young (Allocation Failure) 756M->550M(804M) 56.720ms
[499.761s][info][gc,cpu         ] GC(510) User=0.09s Sys=0.02s Real=0.05s
[500.993s][info][gc,start       ] GC(511) Pause Young (Allocation Failure)
[501.050s][info][gc,heap        ] GC(511) PSYoungGen: 255857K(282112K)->27493K(282624K) Eden: 233472K(233472K)->0K(235520K) From: 22385K(48640K)->27493K(47104K)
[501.050s][info][gc,heap        ] GC(511) ParOldGen: 541168K(541184K)->563591K(563712K)
[501.050s][info][gc,metaspace   ] GC(511) Metaspace: 43075K(43520K)->43075K(43520K) NonClass: 38726K(39040K)->38726K(39040K) Class: 4349K(4480K)->4349K(4480K)
[501.050s][info][gc             ] GC(511) Pause Young (Allocation Failure) 778M->577M(826M) 57.340ms
[501.050s][info][gc,cpu         ] GC(511) User=0.09s Sys=0.01s Real=0.06s
[501.977s][info][gc,start       ] GC(512) Pause Young (Allocation Failure)
[502.012s][info][gc,heap        ] GC(512) PSYoungGen: 263013K(282624K)->15300K(283136K) Eden: 235520K(235520K)->0K(235520K) From: 27493K(47104K)->15300K(47616K)
[502.012s][info][gc,heap        ] GC(512) ParOldGen: 563591K(563712K)->581359K(581632K)
[502.012s][info][gc,metaspace   ] GC(512) Metaspace: 43075K(43520K)->43075K(43520K) NonClass: 38726K(39040K)->38726K(39040K) Class: 4349K(4480K)->4349K(4480K)
[502.012s][info][gc             ] GC(512) Pause Young (Allocation Failure) 807M->582M(844M) 34.426ms
[502.012s][info][gc,cpu         ] GC(512) User=0.06s Sys=0.01s Real=0.03s
[503.008s][info][gc,start       ] GC(513) Pause Young (Allocation Failure)
[503.027s][info][gc,heap        ] GC(513) PSYoungGen: 250820K(283136K)->19890K(282624K) Eden: 235520K(235520K)->0K(240640K) From: 15300K(47616K)->19890K(41984K)
[503.027s][info][gc,heap        ] GC(513) ParOldGen: 581359K(581632K)->582103K(582144K)
[503.027s][info][gc,metaspace   ] GC(513) Metaspace: 43108K(43520K)->43108K(43520K) NonClass: 38759K(39040K)->38759K(39040K) Class: 4349K(4480K)->4349K(4480K)
[503.027s][info][gc             ] GC(513) Pause Young (Allocation Failure) 812M->587M(844M) 19.006ms
[503.027s][info][gc,cpu         ] GC(513) User=0.04s Sys=0.00s Real=0.02s
[503.973s][info][gc,start       ] GC(514) Pause Young (Allocation Failure)
[503.979s][info][gc,heap        ] GC(514) PSYoungGen: 260530K(282624K)->1628K(283648K) Eden: 240640K(240640K)->0K(240640K) From: 19890K(41984K)->1628K(43008K)
[503.979s][info][gc,heap        ] GC(514) ParOldGen: 582103K(582144K)->583271K(583680K)
[503.979s][info][gc,metaspace   ] GC(514) Metaspace: 43108K(43520K)->43108K(43520K) NonClass: 38759K(39040K)->38759K(39040K) Class: 4349K(4480K)->4349K(4480K)
[503.979s][info][gc             ] GC(514) Pause Young (Allocation Failure) 822M->571M(847M) 5.328ms
[503.979s][info][gc,cpu         ] GC(514) User=0.01s Sys=0.00s Real=0.00s
[504.816s][info][gc,start       ] GC(515) Pause Young (Allocation Failure)
[504.821s][info][gc,heap        ] GC(515) PSYoungGen: 241995K(283648K)->1478K(289792K) Eden: 240366K(240640K)->0K(245760K) From: 1628K(43008K)->1478K(44032K)
[504.821s][info][gc,heap        ] GC(515) ParOldGen: 583271K(583680K)->584479K(584704K)
[504.821s][info][gc,metaspace   ] GC(515) Metaspace: 43108K(43520K)->43108K(43520K) NonClass: 38759K(39040K)->38759K(39040K) Class: 4349K(4480K)->4349K(4480K)
[504.821s][info][gc             ] GC(515) Pause Young (Allocation Failure) 805M->572M(854M) 5.167ms
[504.821s][info][gc,cpu         ] GC(515) User=0.01s Sys=0.00s Real=0.00s
[505.734s][info][gc,start       ] GC(516) Pause Young (Allocation Failure)
[505.758s][info][gc,heap        ] GC(516) PSYoungGen: 247238K(289792K)->25959K(271872K) Eden: 245760K(245760K)->0K(245760K) From: 1478K(44032K)->25959K(26112K)
[505.758s][info][gc,heap        ] GC(516) ParOldGen: 584479K(584704K)->585559K(585728K)
[505.758s][info][gc,metaspace   ] GC(516) Metaspace: 43108K(43520K)->43108K(43520K) NonClass: 38759K(39040K)->38759K(39040K) Class: 4349K(4480K)->4349K(4480K)
[505.758s][info][gc             ] GC(516) Pause Young (Allocation Failure) 812M->597M(837M) 24.205ms
[505.758s][info][gc,cpu         ] GC(516) User=0.05s Sys=0.00s Real=0.02s
[506.847s][info][gc,start       ] GC(517) Pause Young (Allocation Failure)
[506.855s][info][gc,heap        ] GC(517) PSYoungGen: 271719K(271872K)->7842K(290304K) Eden: 245760K(245760K)->0K(245248K) From: 25959K(26112K)->7842K(45056K)
[506.855s][info][gc,heap        ] GC(517) ParOldGen: 585559K(585728K)->586311K(586752K)
[506.855s][info][gc,metaspace   ] GC(517) Metaspace: 43108K(43520K)->43108K(43520K) NonClass: 38759K(39040K)->38759K(39040K) Class: 4349K(4480K)->4349K(4480K)
[506.855s][info][gc             ] GC(517) Pause Young (Allocation Failure) 837M->580M(856M) 8.258ms
[506.855s][info][gc,cpu         ] GC(517) User=0.02s Sys=0.00s Real=0.01s
[507.758s][info][gc,start       ] GC(518) Pause Young (Allocation Failure)
[507.764s][info][gc,heap        ] GC(518) PSYoungGen: 253090K(290304K)->1088K(288768K) Eden: 245248K(245248K)->0K(245248K) From: 7842K(45056K)->1088K(43520K)
[507.764s][info][gc,heap        ] GC(518) ParOldGen: 586311K(586752K)->587407K(587776K)
[507.764s][info][gc,metaspace   ] GC(518) Metaspace: 43108K(43520K)->43108K(43520K) NonClass: 38759K(39040K)->38759K(39040K) Class: 4349K(4480K)->4349K(4480K)
[507.764s][info][gc             ] GC(518) Pause Young (Allocation Failure) 819M->574M(856M) 6.273ms
[507.764s][info][gc,cpu         ] GC(518) User=0.02s Sys=0.00s Real=0.01s
[508.740s][info][gc,start       ] GC(519) Pause Young (Allocation Failure)
[508.750s][info][gc,heap        ] GC(519) PSYoungGen: 246336K(288768K)->8267K(288768K) Eden: 245248K(245248K)->0K(246784K) From: 1088K(43520K)->8267K(41984K)
[508.750s][info][gc,heap        ] GC(519) ParOldGen: 587407K(587776K)->588387K(588800K)
[508.750s][info][gc,metaspace   ] GC(519) Metaspace: 43108K(43520K)->43108K(43520K) NonClass: 38759K(39040K)->38759K(39040K) Class: 4349K(4480K)->4349K(4480K)
[508.750s][info][gc             ] GC(519) Pause Young (Allocation Failure) 814M->582M(857M) 10.588ms
[508.750s][info][gc,cpu         ] GC(519) User=0.02s Sys=0.01s Real=0.01s
[509.704s][info][gc,start       ] GC(520) Pause Young (Allocation Failure)
[509.718s][info][gc,heap        ] GC(520) PSYoungGen: 255051K(288768K)->12078K(288768K) Eden: 246784K(246784K)->0K(246784K) From: 8267K(41984K)->12078K(41984K)
[509.718s][info][gc,heap        ] GC(520) ParOldGen: 588387K(588800K)->589407K(589824K)
[509.718s][info][gc,metaspace   ] GC(520) Metaspace: 43108K(43520K)->43108K(43520K) NonClass: 38759K(39040K)->38759K(39040K) Class: 4349K(4480K)->4349K(4480K)
[509.718s][info][gc             ] GC(520) Pause Young (Allocation Failure) 823M->587M(858M) 14.160ms
[509.718s][info][gc,cpu         ] GC(520) User=0.03s Sys=0.00s Real=0.01s
[510.507s][info][gc,start       ] GC(521) Pause Young (GCLocker Initiated GC)
[510.543s][info][gc,heap        ] GC(521) PSYoungGen: 258862K(288768K)->38498K(281088K) Eden: 246784K(246784K)->0K(241664K) From: 12078K(41984K)->38498K(39424K)
[510.543s][info][gc,heap        ] GC(521) ParOldGen: 589408K(589824K)->590424K(590848K)
[510.543s][info][gc,metaspace   ] GC(521) Metaspace: 43108K(43520K)->43108K(43520K) NonClass: 38759K(39040K)->38759K(39040K) Class: 4349K(4480K)->4349K(4480K)
[510.543s][info][gc             ] GC(521) Pause Young (GCLocker Initiated GC) 828M->614M(851M) 35.762ms
[510.543s][info][gc,cpu         ] GC(521) User=0.07s Sys=0.00s Real=0.03s
[511.772s][info][gc,start       ] GC(522) Pause Young (Allocation Failure)
[511.824s][info][gc,heap        ] GC(522) PSYoungGen: 280162K(281088K)->19950K(287744K) Eden: 241664K(241664K)->0K(241664K) From: 38498K(39424K)->19950K(46080K)
[511.824s][info][gc,heap        ] GC(522) ParOldGen: 590424K(590848K)->611060K(611328K)
[511.824s][info][gc,metaspace   ] GC(522) Metaspace: 43108K(43520K)->43108K(43520K) NonClass: 38759K(39040K)->38759K(39040K) Class: 4349K(4480K)->4349K(4480K)
[511.824s][info][gc             ] GC(522) Pause Young (Allocation Failure) 850M->616M(878M) 51.283ms
[511.824s][info][gc,cpu         ] GC(522) User=0.09s Sys=0.01s Real=0.06s
[512.821s][info][gc,start       ] GC(523) Pause Young (Allocation Failure)
[512.879s][info][gc,heap        ] GC(523) PSYoungGen: 261614K(287744K)->28426K(286208K) Eden: 241664K(241664K)->0K(241664K) From: 19950K(46080K)->28426K(44544K)
[512.879s][info][gc,heap        ] GC(523) ParOldGen: 611060K(611328K)->630753K(630784K)
[512.879s][info][gc,metaspace   ] GC(523) Metaspace: 43108K(43520K)->43108K(43520K) NonClass: 38759K(39040K)->38759K(39040K) Class: 4349K(4480K)->4349K(4480K)
[512.879s][info][gc             ] GC(523) Pause Young (Allocation Failure) 852M->643M(895M) 57.842ms
[512.879s][info][gc,cpu         ] GC(523) User=0.10s Sys=0.01s Real=0.06s
[513.690s][info][gc,start       ] GC(524) Pause Full (Allocation Failure)
[513.690s][info][gc,phases,start] GC(524) Marking Phase
[513.767s][info][gc,phases      ] GC(524) Marking Phase 76.458ms
[513.767s][info][gc,phases,start] GC(524) Summary Phase
[513.767s][info][gc,phases      ] GC(524) Summary Phase 0.031ms
[513.767s][info][gc,phases,start] GC(524) Forward
[513.791s][info][gc,phases      ] GC(524) Forward 24.699ms
[513.791s][info][gc,phases,start] GC(524) Adjust Pointers
[513.841s][info][gc,phases      ] GC(524) Adjust Pointers 49.451ms
[513.841s][info][gc,phases,start] GC(524) Compaction Phase
[513.869s][info][gc,phases      ] GC(524) Compaction Phase 28.189ms
[513.869s][info][gc,phases,start] GC(524) Post Compact
[513.872s][info][gc,phases      ] GC(524) Post Compact 2.699ms
[513.907s][info][gc,heap        ] GC(524) PSYoungGen: 270090K(286208K)->0K(287744K) Eden: 241664K(241664K)->0K(241664K) From: 28426K(44544K)->0K(46080K)
[513.907s][info][gc,heap        ] GC(524) ParOldGen: 630753K(630784K)->111085K(243712K)
[513.907s][info][gc,metaspace   ] GC(524) Metaspace: 43108K(43520K)->43108K(43520K) NonClass: 38759K(39040K)->38759K(39040K) Class: 4349K(4480K)->4349K(4480K)
[513.907s][info][gc             ] GC(524) Pause Full (Allocation Failure) 879M->108M(519M) 217.282ms
[513.907s][info][gc,cpu         ] GC(524) User=0.29s Sys=0.04s Real=0.22s
[514.803s][info][gc,start       ] GC(525) Pause Young (Allocation Failure)
[514.826s][info][gc,heap        ] GC(525) PSYoungGen: 241664K(287744K)->35723K(280576K) Eden: 241664K(241664K)->0K(234496K) From: 0K(46080K)->35723K(46080K)
[514.826s][info][gc,heap        ] GC(525) ParOldGen: 111085K(243712K)->111085K(243712K)
[514.826s][info][gc,metaspace   ] GC(525) Metaspace: 43108K(43520K)->43108K(43520K) NonClass: 38759K(39040K)->38759K(39040K) Class: 4349K(4480K)->4349K(4480K)
[514.826s][info][gc             ] GC(525) Pause Young (Allocation Failure) 344M->143M(512M) 23.879ms
[514.827s][info][gc,cpu         ] GC(525) User=0.04s Sys=0.00s Real=0.03s
[515.652s][info][gc,start       ] GC(526) Pause Young (Allocation Failure)
[515.694s][info][gc,heap        ] GC(526) PSYoungGen: 270219K(280576K)->49646K(284160K) Eden: 234496K(234496K)->0K(234496K) From: 35723K(46080K)->49646K(49664K)
[515.694s][info][gc,heap        ] GC(526) ParOldGen: 111085K(243712K)->122917K(243712K)
[515.694s][info][gc,metaspace   ] GC(526) Metaspace: 43108K(43520K)->43108K(43520K) NonClass: 38759K(39040K)->38759K(39040K) Class: 4349K(4480K)->4349K(4480K)
[515.694s][info][gc             ] GC(526) Pause Young (Allocation Failure) 372M->168M(515M) 41.945ms
[515.694s][info][gc,cpu         ] GC(526) User=0.09s Sys=0.00s Real=0.05s
[516.597s][info][gc,start       ] GC(527) Pause Young (Allocation Failure)
[516.628s][info][gc,heap        ] GC(527) PSYoungGen: 284142K(284160K)->36674K(257536K) Eden: 234496K(234496K)->0K(207872K) From: 49646K(49664K)->36674K(49664K)
[516.628s][info][gc,heap        ] GC(527) ParOldGen: 122917K(243712K)->136387K(243712K)
[516.629s][info][gc,metaspace   ] GC(527) Metaspace: 43108K(43520K)->43108K(43520K) NonClass: 38759K(39040K)->38759K(39040K) Class: 4349K(4480K)->4349K(4480K)
[516.629s][info][gc             ] GC(527) Pause Young (Allocation Failure) 397M->169M(489M) 31.648ms
[516.629s][info][gc,cpu         ] GC(527) User=0.06s Sys=0.00s Real=0.03s
[517.444s][info][gc,start       ] GC(528) Pause Young (Allocation Failure)
[517.471s][info][gc,heap        ] GC(528) PSYoungGen: 244546K(257536K)->27472K(270848K) Eden: 207872K(207872K)->0K(207872K) From: 36674K(49664K)->27472K(62976K)
[517.471s][info][gc,heap        ] GC(528) ParOldGen: 136387K(243712K)->147386K(243712K)
[517.471s][info][gc,metaspace   ] GC(528) Metaspace: 43108K(43520K)->43108K(43520K) NonClass: 38759K(39040K)->38759K(39040K) Class: 4349K(4480K)->4349K(4480K)
[517.471s][info][gc             ] GC(528) Pause Young (Allocation Failure) 372M->170M(502M) 27.181ms
[517.471s][info][gc,cpu         ] GC(528) User=0.05s Sys=0.00s Real=0.02s
[518.247s][info][gc,start       ] GC(529) Pause Young (Allocation Failure)
[518.293s][info][gc,heap        ] GC(529) PSYoungGen: 235344K(270848K)->60414K(252928K) Eden: 207872K(207872K)->0K(192512K) From: 27472K(62976K)->60414K(60416K)
[518.294s][info][gc,heap        ] GC(529) ParOldGen: 147386K(243712K)->150069K(243712K)
[518.294s][info][gc,metaspace   ] GC(529) Metaspace: 43108K(43520K)->43108K(43520K) NonClass: 38759K(39040K)->38759K(39040K) Class: 4349K(4480K)->4349K(4480K)
[518.294s][info][gc             ] GC(529) Pause Young (Allocation Failure) 373M->205M(485M) 46.421ms
[518.294s][info][gc,cpu         ] GC(529) User=0.08s Sys=0.00s Real=0.05s
[518.999s][info][gc,start       ] GC(530) Pause Young (Allocation Failure)
[519.058s][info][gc,heap        ] GC(530) PSYoungGen: 252926K(252928K)->34898K(263168K) Eden: 192512K(192512K)->0K(192512K) From: 60414K(60416K)->34898K(70656K)
[519.058s][info][gc,heap        ] GC(530) ParOldGen: 150069K(243712K)->198948K(243712K)
[519.058s][info][gc,metaspace   ] GC(530) Metaspace: 43108K(43520K)->43108K(43520K) NonClass: 38759K(39040K)->38759K(39040K) Class: 4349K(4480K)->4349K(4480K)
[519.058s][info][gc             ] GC(530) Pause Young (Allocation Failure) 393M->228M(495M) 58.724ms
[519.058s][info][gc,cpu         ] GC(530) User=0.11s Sys=0.00s Real=0.06s
[519.777s][info][gc,start       ] GC(531) Pause Young (Allocation Failure)
[519.817s][info][gc,heap        ] GC(531) PSYoungGen: 227410K(263168K)->17948K(258048K) Eden: 192512K(192512K)->0K(194560K) From: 34898K(70656K)->17948K(63488K)
[519.817s][info][gc,heap        ] GC(531) ParOldGen: 198948K(243712K)->230191K(243712K)
[519.817s][info][gc,metaspace   ] GC(531) Metaspace: 43108K(43520K)->43108K(43520K) NonClass: 38759K(39040K)->38759K(39040K) Class: 4349K(4480K)->4349K(4480K)
[519.818s][info][gc             ] GC(531) Pause Young (Allocation Failure) 416M->242M(490M) 40.492ms
[519.818s][info][gc,cpu         ] GC(531) User=0.07s Sys=0.00s Real=0.04s
[520.566s][info][gc,start       ] GC(532) Pause Young (Allocation Failure)
[520.581s][info][gc,heap        ] GC(532) PSYoungGen: 212508K(258048K)->20508K(261632K) Eden: 194560K(194560K)->0K(194560K) From: 17948K(63488K)->20508K(67072K)
[520.581s][info][gc,heap        ] GC(532) ParOldGen: 230191K(243712K)->231020K(243712K)
[520.581s][info][gc,metaspace   ] GC(532) Metaspace: 43108K(43520K)->43108K(43520K) NonClass: 38759K(39040K)->38759K(39040K) Class: 4349K(4480K)->4349K(4480K)
[520.581s][info][gc             ] GC(532) Pause Young (Allocation Failure) 432M->245M(493M) 15.112ms
[520.581s][info][gc,cpu         ] GC(532) User=0.03s Sys=0.00s Real=0.01s
[521.243s][info][gc,start       ] GC(533) Pause Young (Allocation Failure)
[521.264s][info][gc,heap        ] GC(533) PSYoungGen: 215068K(261632K)->31665K(261632K) Eden: 194560K(194560K)->0K(202240K) From: 20508K(67072K)->31665K(59392K)
[521.264s][info][gc,heap        ] GC(533) ParOldGen: 231020K(243712K)->231703K(243712K)
[521.264s][info][gc,metaspace   ] GC(533) Metaspace: 43108K(43520K)->43108K(43520K) NonClass: 38759K(39040K)->38759K(39040K) Class: 4349K(4480K)->4349K(4480K)
[521.264s][info][gc             ] GC(533) Pause Young (Allocation Failure) 435M->257M(493M) 21.642ms
[521.264s][info][gc,cpu         ] GC(533) User=0.04s Sys=0.00s Real=0.03s
[521.991s][info][gc,start       ] GC(534) Pause Young (Allocation Failure)
[522.019s][info][gc,heap        ] GC(534) PSYoungGen: 233905K(261632K)->36188K(264704K) Eden: 202240K(202240K)->0K(202240K) From: 31665K(59392K)->36188K(62464K)
[522.019s][info][gc,heap        ] GC(534) ParOldGen: 231703K(243712K)->232647K(243712K)
[522.019s][info][gc,metaspace   ] GC(534) Metaspace: 43108K(43520K)->43108K(43520K) NonClass: 38759K(39040K)->38759K(39040K) Class: 4349K(4480K)->4349K(4480K)
[522.019s][info][gc             ] GC(534) Pause Young (Allocation Failure) 454M->262M(496M) 28.352ms
[522.019s][info][gc,cpu         ] GC(534) User=0.05s Sys=0.00s Real=0.03s
[522.752s][info][gc,start       ] GC(535) Pause Young (Allocation Failure)
[522.767s][info][gc,heap        ] GC(535) PSYoungGen: 238428K(264704K)->21800K(266752K) Eden: 202240K(202240K)->0K(209408K) From: 36188K(62464K)->21800K(57344K)
[522.767s][info][gc,heap        ] GC(535) ParOldGen: 232647K(243712K)->233048K(243712K)
[522.767s][info][gc,metaspace   ] GC(535) Metaspace: 43108K(43520K)->43108K(43520K) NonClass: 38759K(39040K)->38759K(39040K) Class: 4349K(4480K)->4349K(4480K)
[522.767s][info][gc             ] GC(535) Pause Young (Allocation Failure) 460M->248M(498M) 15.332ms
[522.767s][info][gc,cpu         ] GC(535) User=0.03s Sys=0.00s Real=0.02s
[523.430s][info][gc,start       ] GC(536) Pause Young (Allocation Failure)
[523.450s][info][gc,heap        ] GC(536) PSYoungGen: 231208K(266752K)->1134K(269312K) Eden: 209408K(209408K)->0K(209408K) From: 21800K(57344K)->1134K(59904K)
[523.450s][info][gc,heap        ] GC(536) ParOldGen: 233048K(243712K)->253815K(253952K)
[523.450s][info][gc,metaspace   ] GC(536) Metaspace: 43108K(43520K)->43108K(43520K) NonClass: 38759K(39040K)->38759K(39040K) Class: 4349K(4480K)->4349K(4480K)
[523.450s][info][gc             ] GC(536) Pause Young (Allocation Failure) 453M->248M(511M) 20.222ms
[523.450s][info][gc,cpu         ] GC(536) User=0.03s Sys=0.01s Real=0.02s
[524.113s][info][gc,start       ] GC(537) Pause Young (Allocation Failure)
[524.116s][info][gc,heap        ] GC(537) PSYoungGen: 210542K(269312K)->1432K(271360K) Eden: 209408K(209408K)->0K(209920K) From: 1134K(59904K)->1432K(61440K)
[524.116s][info][gc,heap        ] GC(537) ParOldGen: 253815K(253952K)->253959K(254464K)
[524.117s][info][gc,metaspace   ] GC(537) Metaspace: 43108K(43520K)->43108K(43520K) NonClass: 38759K(39040K)->38759K(39040K) Class: 4349K(4480K)->4349K(4480K)
[524.117s][info][gc             ] GC(537) Pause Young (Allocation Failure) 453M->249M(513M) 3.439ms
[524.117s][info][gc,cpu         ] GC(537) User=0.01s Sys=0.00s Real=0.00s
[524.617s][info][gc,start       ] GC(538) Pause Young (Allocation Failure)
[524.623s][info][gc,heap        ] GC(538) PSYoungGen: 211352K(271360K)->4359K(214528K) Eden: 209920K(209920K)->0K(209920K) From: 1432K(61440K)->4359K(4608K)
[524.623s][info][gc,heap        ] GC(538) ParOldGen: 253959K(254464K)->254471K(254976K)
[524.623s][info][gc,metaspace   ] GC(538) Metaspace: 43108K(43520K)->43108K(43520K) NonClass: 38759K(39040K)->38759K(39040K) Class: 4349K(4480K)->4349K(4480K)
[524.623s][info][gc             ] GC(538) Pause Young (Allocation Failure) 454M->252M(458M) 6.306ms
[524.623s][info][gc,cpu         ] GC(538) User=0.02s Sys=0.00s Real=0.00s
[525.001s][info][gc,start       ] GC(539) Pause Young (Allocation Failure)
[525.007s][info][gc,heap        ] GC(539) PSYoungGen: 214279K(214528K)->1710K(271872K) Eden: 209920K(209920K)->0K(210944K) From: 4359K(4608K)->1710K(60928K)
[525.007s][info][gc,heap        ] GC(539) ParOldGen: 254471K(254976K)->256198K(256512K)
[525.007s][info][gc,metaspace   ] GC(539) Metaspace: 43108K(43520K)->43108K(43520K) NonClass: 38759K(39040K)->38759K(39040K) Class: 4349K(4480K)->4349K(4480K)
[525.007s][info][gc             ] GC(539) Pause Young (Allocation Failure) 457M->251M(516M) 5.162ms
[525.007s][info][gc,cpu         ] GC(539) User=0.01s Sys=0.00s Real=0.01s
[525.391s][info][gc,start       ] GC(540) Pause Young (Allocation Failure)
[525.400s][info][gc,heap        ] GC(540) PSYoungGen: 212015K(271872K)->10197K(221184K) Eden: 210304K(210944K)->0K(210944K) From: 1710K(60928K)->10197K(10240K)
[525.400s][info][gc,heap        ] GC(540) ParOldGen: 256198K(256512K)->256442K(256512K)
[525.400s][info][gc,metaspace   ] GC(540) Metaspace: 43108K(43520K)->43108K(43520K) NonClass: 38759K(39040K)->38759K(39040K) Class: 4349K(4480K)->4349K(4480K)
[525.400s][info][gc             ] GC(540) Pause Young (Allocation Failure) 457M->260M(466M) 9.125ms
[525.400s][info][gc,cpu         ] GC(540) User=0.02s Sys=0.00s Real=0.01s
[525.681s][info][gc,start       ] GC(541) Pause Young (Allocation Failure)
[525.697s][info][gc,heap        ] GC(541) PSYoungGen: 220499K(221184K)->2156K(271360K) Eden: 210301K(210944K)->0K(213504K) From: 10197K(10240K)->2156K(57856K)
[525.697s][info][gc,heap        ] GC(541) ParOldGen: 256442K(256512K)->266397K(266752K)
[525.697s][info][gc,metaspace   ] GC(541) Metaspace: 43108K(43520K)->43108K(43520K) NonClass: 38759K(39040K)->38759K(39040K) Class: 4349K(4480K)->4349K(4480K)
[525.697s][info][gc             ] GC(541) Pause Young (Allocation Failure) 465M->262M(525M) 15.882ms
[525.697s][info][gc,cpu         ] GC(541) User=0.01s Sys=0.02s Real=0.02s
[525.984s][info][gc,start       ] GC(542) Pause Young (Allocation Failure)
[525.993s][info][gc,heap        ] GC(542) PSYoungGen: 215410K(271360K)->2340K(270336K) Eden: 213253K(213504K)->0K(213504K) From: 2156K(57856K)->2340K(56832K)
[525.993s][info][gc,heap        ] GC(542) ParOldGen: 266397K(266752K)->268524K(268800K)
[525.993s][info][gc,metaspace   ] GC(542) Metaspace: 43108K(43520K)->43108K(43520K) NonClass: 38759K(39040K)->38759K(39040K) Class: 4349K(4480K)->4349K(4480K)
[525.993s][info][gc             ] GC(542) Pause Young (Allocation Failure) 470M->264M(526M) 8.139ms
[525.993s][info][gc,cpu         ] GC(542) User=0.01s Sys=0.00s Real=0.00s
[526.288s][info][gc,start       ] GC(543) Pause Young (Allocation Failure)
[526.297s][info][gc,heap        ] GC(543) PSYoungGen: 215844K(270336K)->3986K(274944K) Eden: 213504K(213504K)->0K(221184K) From: 2340K(56832K)->3986K(53760K)
[526.297s][info][gc,heap        ] GC(543) ParOldGen: 268524K(268800K)->270835K(270848K)
[526.297s][info][gc,metaspace   ] GC(543) Metaspace: 43108K(43520K)->43108K(43520K) NonClass: 38759K(39040K)->38759K(39040K) Class: 4349K(4480K)->4349K(4480K)
[526.297s][info][gc             ] GC(543) Pause Young (Allocation Failure) 473M->268M(533M) 9.344ms
[526.297s][info][gc,cpu         ] GC(543) User=0.02s Sys=0.00s Real=0.01s
[526.604s][info][gc,start       ] GC(544) Pause Young (Allocation Failure)
[526.621s][info][gc,heap        ] GC(544) PSYoungGen: 225170K(274944K)->4388K(274432K) Eden: 221184K(221184K)->0K(221184K) From: 3986K(53760K)->4388K(53248K)
[526.621s][info][gc,heap        ] GC(544) ParOldGen: 270835K(270848K)->274781K(274944K)
[526.621s][info][gc,metaspace   ] GC(544) Metaspace: 43108K(43520K)->43108K(43520K) NonClass: 38759K(39040K)->38759K(39040K) Class: 4349K(4480K)->4349K(4480K)
[526.621s][info][gc             ] GC(544) Pause Young (Allocation Failure) 484M->272M(536M) 17.572ms
[526.621s][info][gc,cpu         ] GC(544) User=0.04s Sys=0.01s Real=0.01s
[526.952s][info][gc,start       ] GC(545) Pause Young (Allocation Failure)
[526.967s][info][gc,heap        ] GC(545) PSYoungGen: 225572K(274432K)->7089K(276992K) Eden: 221184K(221184K)->0K(229376K) From: 4388K(53248K)->7089K(47616K)
[526.967s][info][gc,heap        ] GC(545) ParOldGen: 274781K(274944K)->279100K(279552K)
[526.967s][info][gc,metaspace   ] GC(545) Metaspace: 43108K(43520K)->43108K(43520K) NonClass: 38759K(39040K)->38759K(39040K) Class: 4349K(4480K)->4349K(4480K)
[526.967s][info][gc             ] GC(545) Pause Young (Allocation Failure) 488M->279M(543M) 14.552ms
[526.967s][info][gc,cpu         ] GC(545) User=0.02s Sys=0.01s Real=0.02s
[527.286s][info][gc,start       ] GC(546) Pause Young (Allocation Failure)
[527.301s][info][gc,heap        ] GC(546) PSYoungGen: 234888K(276992K)->4397K(277504K) Eden: 227799K(229376K)->0K(229376K) From: 7089K(47616K)->4397K(48128K)
[527.301s][info][gc,heap        ] GC(546) ParOldGen: 279100K(279552K)->286269K(286720K)
[527.301s][info][gc,metaspace   ] GC(546) Metaspace: 43108K(43520K)->43108K(43520K) NonClass: 38759K(39040K)->38759K(39040K) Class: 4349K(4480K)->4349K(4480K)
[527.301s][info][gc             ] GC(546) Pause Young (Allocation Failure) 501M->283M(551M) 15.643ms
[527.301s][info][gc,cpu         ] GC(546) User=0.02s Sys=0.00s Real=0.01s
[527.852s][info][gc,start       ] GC(547) Pause Young (Allocation Failure)
[527.869s][info][gc,heap        ] GC(547) PSYoungGen: 233773K(277504K)->12784K(281088K) Eden: 229376K(229376K)->0K(239616K) From: 4397K(48128K)->12784K(41472K)
[527.869s][info][gc,heap        ] GC(547) ParOldGen: 286269K(286720K)->290560K(290816K)
[527.869s][info][gc,metaspace   ] GC(547) Metaspace: 43109K(43520K)->43109K(43520K) NonClass: 38759K(39040K)->38759K(39040K) Class: 4349K(4480K)->4349K(4480K)
[527.869s][info][gc             ] GC(547) Pause Young (Allocation Failure) 507M->296M(558M) 17.299ms
[527.869s][info][gc,cpu         ] GC(547) User=0.03s Sys=0.01s Real=0.02s
[528.492s][info][gc,start       ] GC(548) Pause Young (Allocation Failure)
[528.511s][info][gc,heap        ] GC(548) PSYoungGen: 252400K(281088K)->4448K(282624K) Eden: 239616K(239616K)->0K(239616K) From: 12784K(41472K)->4448K(43008K)
[528.511s][info][gc,heap        ] GC(548) ParOldGen: 290560K(290816K)->302773K(303104K)
[528.511s][info][gc,metaspace   ] GC(548) Metaspace: 43117K(43520K)->43117K(43520K) NonClass: 38767K(39040K)->38767K(39040K) Class: 4349K(4480K)->4349K(4480K)
[528.511s][info][gc             ] GC(548) Pause Young (Allocation Failure) 530M->300M(572M) 19.068ms
[528.511s][info][gc,cpu         ] GC(548) User=0.03s Sys=0.01s Real=0.02s
[529.121s][info][gc,start       ] GC(549) Pause Young (Allocation Failure)
[529.125s][info][gc,heap        ] GC(549) PSYoungGen: 244064K(282624K)->2504K(287744K) Eden: 239616K(239616K)->0K(249344K) From: 4448K(43008K)->2504K(38400K)
[529.125s][info][gc,heap        ] GC(549) ParOldGen: 302773K(303104K)->302959K(303104K)
[529.125s][info][gc,metaspace   ] GC(549) Metaspace: 43121K(43520K)->43121K(43520K) NonClass: 38772K(39040K)->38772K(39040K) Class: 4349K(4480K)->4349K(4480K)
[529.125s][info][gc             ] GC(549) Pause Young (Allocation Failure) 534M->298M(577M) 3.953ms
[529.125s][info][gc,cpu         ] GC(549) User=0.00s Sys=0.00s Real=0.01s
[529.780s][info][gc,start       ] GC(550) Pause Young (Allocation Failure)
[529.785s][info][gc,heap        ] GC(550) PSYoungGen: 251848K(287744K)->3280K(289280K) Eden: 249344K(249344K)->0K(249344K) From: 2504K(38400K)->3280K(39936K)
[529.785s][info][gc,heap        ] GC(550) ParOldGen: 302959K(303104K)->302959K(303104K)
[529.785s][info][gc,metaspace   ] GC(550) Metaspace: 43121K(43520K)->43121K(43520K) NonClass: 38772K(39040K)->38772K(39040K) Class: 4349K(4480K)->4349K(4480K)
[529.785s][info][gc             ] GC(550) Pause Young (Allocation Failure) 541M->299M(578M) 5.028ms
[529.785s][info][gc,cpu         ] GC(550) User=0.00s Sys=0.00s Real=0.01s
[530.495s][info][gc,start       ] GC(551) Pause Young (Allocation Failure)
[530.499s][info][gc,heap        ] GC(551) PSYoungGen: 252624K(289280K)->5425K(290304K) Eden: 249344K(249344K)->0K(256000K) From: 3280K(39936K)->5425K(34304K)
[530.499s][info][gc,heap        ] GC(551) ParOldGen: 302959K(303104K)->303007K(303104K)
[530.499s][info][gc,metaspace   ] GC(551) Metaspace: 43127K(43584K)->43127K(43584K) NonClass: 38778K(39104K)->38778K(39104K) Class: 4349K(4480K)->4349K(4480K)
[530.499s][info][gc             ] GC(551) Pause Young (Allocation Failure) 542M->301M(579M) 4.008ms
[530.499s][info][gc,cpu         ] GC(551) User=0.00s Sys=0.00s Real=0.00s
[531.606s][info][gc,start       ] GC(552) Pause Young (Allocation Failure)
[531.613s][info][gc,heap        ] GC(552) PSYoungGen: 261425K(290304K)->4146K(291840K) Eden: 256000K(256000K)->0K(256000K) From: 5425K(34304K)->4146K(35840K)
[531.613s][info][gc,heap        ] GC(552) ParOldGen: 303007K(303104K)->303127K(303616K)
[531.613s][info][gc,metaspace   ] GC(552) Metaspace: 43128K(43584K)->43128K(43584K) NonClass: 38779K(39104K)->38779K(39104K) Class: 4349K(4480K)->4349K(4480K)
[531.613s][info][gc             ] GC(552) Pause Young (Allocation Failure) 551M->300M(581M) 6.318ms
[531.613s][info][gc,cpu         ] GC(552) User=0.02s Sys=0.00s Real=0.00s
[532.765s][info][gc,start       ] GC(553) Pause Young (Allocation Failure)
[532.788s][info][gc,heap        ] GC(553) PSYoungGen: 260146K(291840K)->19706K(296448K) Eden: 256000K(256000K)->0K(262144K) From: 4146K(35840K)->19706K(34304K)
[532.788s][info][gc,heap        ] GC(553) ParOldGen: 303127K(303616K)->305953K(306176K)
[532.788s][info][gc,metaspace   ] GC(553) Metaspace: 43140K(43584K)->43140K(43584K) NonClass: 38791K(39104K)->38791K(39104K) Class: 4349K(4480K)->4349K(4480K)
[532.788s][info][gc             ] GC(553) Pause Young (Allocation Failure) 550M->318M(588M) 23.484ms
[532.788s][info][gc,cpu         ] GC(553) User=0.05s Sys=0.01s Real=0.02s
[533.462s][info][gc,start       ] GC(554) Pause Young (Allocation Failure)
[533.518s][info][gc,heap        ] GC(554) PSYoungGen: 281850K(296448K)->29772K(292352K) Eden: 262144K(262144K)->0K(262144K) From: 19706K(34304K)->29772K(30208K)
[533.518s][info][gc,heap        ] GC(554) ParOldGen: 305953K(306176K)->325269K(325632K)
[533.518s][info][gc,metaspace   ] GC(554) Metaspace: 43140K(43584K)->43140K(43584K) NonClass: 38791K(39104K)->38791K(39104K) Class: 4349K(4480K)->4349K(4480K)
[533.518s][info][gc             ] GC(554) Pause Young (Allocation Failure) 574M->346M(603M) 56.021ms
[533.518s][info][gc,cpu         ] GC(554) User=0.10s Sys=0.01s Real=0.06s
[534.182s][info][gc,start       ] GC(555) Pause Young (Allocation Failure)
[534.252s][info][gc,heap        ] GC(555) PSYoungGen: 291916K(292352K)->30328K(285184K) Eden: 262144K(262144K)->0K(244736K) From: 29772K(30208K)->30328K(40448K)
[534.252s][info][gc,heap        ] GC(555) ParOldGen: 325269K(325632K)->353509K(353792K)
[534.252s][info][gc,metaspace   ] GC(555) Metaspace: 43140K(43584K)->43140K(43584K) NonClass: 38791K(39104K)->38791K(39104K) Class: 4349K(4480K)->4349K(4480K)
[534.252s][info][gc             ] GC(555) Pause Young (Allocation Failure) 602M->374M(624M) 69.993ms
[534.252s][info][gc,cpu         ] GC(555) User=0.11s Sys=0.03s Real=0.07s
[537.869s][info][gc,start       ] GC(556) Pause Young (Allocation Failure)
[537.931s][info][gc,heap        ] GC(556) PSYoungGen: 275064K(285184K)->16144K(289280K) Eden: 244736K(244736K)->0K(244736K) From: 30328K(40448K)->16144K(44544K)
[537.931s][info][gc,heap        ] GC(556) ParOldGen: 353509K(353792K)->383758K(384000K)
[537.931s][info][gc,metaspace   ] GC(556) Metaspace: 43148K(43584K)->43148K(43584K) NonClass: 38799K(39104K)->38799K(39104K) Class: 4349K(4480K)->4349K(4480K)
[537.931s][info][gc             ] GC(556) Pause Young (Allocation Failure) 613M->390M(657M) 61.908ms
[537.931s][info][gc,cpu         ] GC(556) User=0.10s Sys=0.03s Real=0.06s
[538.722s][info][gc,start       ] GC(557) Pause Young (Allocation Failure)
[538.756s][info][gc,heap        ] GC(557) PSYoungGen: 260880K(289280K)->13732K(281088K) Eden: 244736K(244736K)->0K(246784K) From: 16144K(44544K)->13732K(34304K)
[538.756s][info][gc,heap        ] GC(557) ParOldGen: 383758K(384000K)->399770K(399872K)
[538.756s][info][gc,metaspace   ] GC(557) Metaspace: 43148K(43584K)->43148K(43584K) NonClass: 38799K(39104K)->38799K(39104K) Class: 4349K(4480K)->4349K(4480K)
[538.756s][info][gc             ] GC(557) Pause Young (Allocation Failure) 629M->403M(665M) 33.860ms
[538.756s][info][gc,cpu         ] GC(557) User=0.05s Sys=0.02s Real=0.04s
[539.474s][info][gc,start       ] GC(558) Pause Young (Allocation Failure)
[539.526s][info][gc,heap        ] GC(558) PSYoungGen: 260516K(281088K)->31020K(286208K) Eden: 246784K(246784K)->0K(246784K) From: 13732K(34304K)->31020K(39424K)
[539.526s][info][gc,heap        ] GC(558) ParOldGen: 399770K(399872K)->413071K(413184K)
[539.526s][info][gc,metaspace   ] GC(558) Metaspace: 43148K(43584K)->43148K(43584K) NonClass: 38799K(39104K)->38799K(39104K) Class: 4349K(4480K)->4349K(4480K)
[539.526s][info][gc             ] GC(558) Pause Young (Allocation Failure) 644M->433M(683M) 52.337ms
[539.526s][info][gc,cpu         ] GC(558) User=0.10s Sys=0.01s Real=0.05s
[540.220s][info][gc,start       ] GC(559) Pause Young (Allocation Failure)
[540.296s][info][gc,heap        ] GC(559) PSYoungGen: 277804K(286208K)->31416K(284160K) Eden: 246784K(246784K)->0K(240640K) From: 31020K(39424K)->31416K(43520K)
[540.296s][info][gc,heap        ] GC(559) ParOldGen: 413071K(413184K)->442527K(442880K)
[540.296s][info][gc,metaspace   ] GC(559) Metaspace: 43148K(43584K)->43148K(43584K) NonClass: 38799K(39104K)->38799K(39104K) Class: 4349K(4480K)->4349K(4480K)
[540.296s][info][gc             ] GC(559) Pause Young (Allocation Failure) 674M->462M(710M) 76.123ms
[540.296s][info][gc,cpu         ] GC(559) User=0.12s Sys=0.03s Real=0.08s
[541.995s][info][gc,start       ] GC(560) Pause Young (Allocation Failure)
[542.054s][info][gc,heap        ] GC(560) PSYoungGen: 272056K(284160K)->16400K(287232K) Eden: 240640K(240640K)->0K(240640K) From: 31416K(43520K)->16400K(46592K)
[542.054s][info][gc,heap        ] GC(560) ParOldGen: 442527K(442880K)->473944K(474112K)
[542.054s][info][gc,metaspace   ] GC(560) Metaspace: 43148K(43584K)->43148K(43584K) NonClass: 38799K(39104K)->38799K(39104K) Class: 4349K(4480K)->4349K(4480K)
[542.054s][info][gc             ] GC(560) Pause Young (Allocation Failure) 697M->478M(743M) 59.787ms
[542.054s][info][gc,cpu         ] GC(560) User=0.09s Sys=0.02s Real=0.06s
[543.309s][info][gc,start       ] GC(561) Pause Young (Allocation Failure)
[543.336s][info][gc,heap        ] GC(561) PSYoungGen: 257040K(287232K)->8036K(285184K) Eden: 240640K(240640K)->0K(243712K) From: 16400K(46592K)->8036K(41472K)
[543.336s][info][gc,heap        ] GC(561) ParOldGen: 473944K(474112K)->489488K(489984K)
[543.336s][info][gc,metaspace   ] GC(561) Metaspace: 43148K(43584K)->43148K(43584K) NonClass: 38799K(39104K)->38799K(39104K) Class: 4349K(4480K)->4349K(4480K)
[543.336s][info][gc             ] GC(561) Pause Young (Allocation Failure) 713M->485M(757M) 26.639ms
[543.336s][info][gc,cpu         ] GC(561) User=0.04s Sys=0.01s Real=0.03s
[544.873s][info][gc,start       ] GC(562) Pause Young (Allocation Failure)
[544.907s][info][gc,heap        ] GC(562) PSYoungGen: 251748K(285184K)->25589K(286208K) Eden: 243712K(243712K)->0K(243712K) From: 8036K(41472K)->25589K(42496K)
[544.908s][info][gc,heap        ] GC(562) ParOldGen: 489488K(489984K)->497461K(497664K)
[544.908s][info][gc,metaspace   ] GC(562) Metaspace: 43148K(43584K)->43148K(43584K) NonClass: 38799K(39104K)->38799K(39104K) Class: 4349K(4480K)->4349K(4480K)
[544.908s][info][gc             ] GC(562) Pause Young (Allocation Failure) 723M->510M(765M) 34.193ms
[544.908s][info][gc,cpu         ] GC(562) User=0.06s Sys=0.01s Real=0.03s
[546.465s][info][gc,start       ] GC(563) Pause Young (Allocation Failure)
[546.520s][info][gc,heap        ] GC(563) PSYoungGen: 269301K(286208K)->22672K(290816K) Eden: 243712K(243712K)->0K(247296K) From: 25589K(42496K)->22672K(43520K)
[546.520s][info][gc,heap        ] GC(563) ParOldGen: 497461K(497664K)->522976K(523264K)
[546.520s][info][gc,metaspace   ] GC(563) Metaspace: 43148K(43584K)->43148K(43584K) NonClass: 38799K(39104K)->38799K(39104K) Class: 4349K(4480K)->4349K(4480K)
[546.521s][info][gc             ] GC(563) Pause Young (Allocation Failure) 748M->532M(795M) 55.625ms
[546.521s][info][gc,cpu         ] GC(563) User=0.10s Sys=0.02s Real=0.05s
[547.718s][info][gc,start       ] GC(564) Pause Young (Allocation Failure)
[547.774s][info][gc,heap        ] GC(564) PSYoungGen: 269968K(290816K)->31280K(279040K) Eden: 247296K(247296K)->0K(247296K) From: 22672K(43520K)->31280K(31744K)
[547.774s][info][gc,heap        ] GC(564) ParOldGen: 522976K(523264K)->545662K(545792K)
[547.774s][info][gc,metaspace   ] GC(564) Metaspace: 43148K(43584K)->43148K(43584K) NonClass: 38799K(39104K)->38799K(39104K) Class: 4349K(4480K)->4349K(4480K)
[547.774s][info][gc             ] GC(564) Pause Young (Allocation Failure) 774M->563M(805M) 55.792ms
[547.774s][info][gc,cpu         ] GC(564) User=0.10s Sys=0.01s Real=0.06s
[548.448s][info][gc,start       ] GC(565) Pause Young (Allocation Failure)
[548.519s][info][gc,heap        ] GC(565) PSYoungGen: 278576K(279040K)->30988K(285184K) Eden: 247296K(247296K)->0K(239616K) From: 31280K(31744K)->30988K(45568K)
[548.519s][info][gc,heap        ] GC(565) ParOldGen: 545662K(545792K)->576679K(577024K)
[548.519s][info][gc,metaspace   ] GC(565) Metaspace: 43148K(43584K)->43148K(43584K) NonClass: 38799K(39104K)->38799K(39104K) Class: 4349K(4480K)->4349K(4480K)
[548.519s][info][gc             ] GC(565) Pause Young (Allocation Failure) 804M->593M(842M) 70.569ms
[548.519s][info][gc,cpu         ] GC(565) User=0.12s Sys=0.02s Real=0.07s
[549.187s][info][gc,start       ] GC(566) Pause Young (Allocation Failure)
[549.259s][info][gc,heap        ] GC(566) PSYoungGen: 270604K(285184K)->30680K(270336K) Eden: 239616K(239616K)->0K(239616K) From: 30988K(45568K)->30680K(30720K)
[549.259s][info][gc,heap        ] GC(566) ParOldGen: 576679K(577024K)->606151K(606208K)
[549.259s][info][gc,metaspace   ] GC(566) Metaspace: 43148K(43584K)->43148K(43584K) NonClass: 38799K(39104K)->38799K(39104K) Class: 4349K(4480K)->4349K(4480K)
[549.259s][info][gc             ] GC(566) Pause Young (Allocation Failure) 827M->621M(856M) 72.952ms
[549.259s][info][gc,cpu         ] GC(566) User=0.12s Sys=0.03s Real=0.07s
[550.925s][info][gc,start       ] GC(567) Pause Young (Allocation Failure)
[550.990s][info][gc,heap        ] GC(567) PSYoungGen: 270296K(270336K)->15671K(287232K) Eden: 239616K(239616K)->0K(238592K) From: 30680K(30720K)->15671K(48640K)
[550.990s][info][gc,heap        ] GC(567) ParOldGen: 606151K(606208K)->636816K(636928K)
[550.990s][info][gc,metaspace   ] GC(567) Metaspace: 43148K(43584K)->43148K(43584K) NonClass: 38799K(39104K)->38799K(39104K) Class: 4349K(4480K)->4349K(4480K)
[550.990s][info][gc             ] GC(567) Pause Young (Allocation Failure) 855M->637M(902M) 65.075ms
[550.990s][info][gc,cpu         ] GC(567) User=0.10s Sys=0.03s Real=0.06s
[552.187s][info][gc,start       ] GC(568) Pause Full (Allocation Failure)
[552.187s][info][gc,phases,start] GC(568) Marking Phase
[552.239s][info][gc,phases      ] GC(568) Marking Phase 51.836ms
[552.239s][info][gc,phases,start] GC(568) Summary Phase
[552.239s][info][gc,phases      ] GC(568) Summary Phase 0.038ms
[552.239s][info][gc,phases,start] GC(568) Forward
[552.250s][info][gc,phases      ] GC(568) Forward 10.350ms
[552.250s][info][gc,phases,start] GC(568) Adjust Pointers
[552.280s][info][gc,phases      ] GC(568) Adjust Pointers 30.725ms
[552.280s][info][gc,phases,start] GC(568) Compaction Phase
[552.291s][info][gc,phases      ] GC(568) Compaction Phase 10.883ms
[552.291s][info][gc,phases,start] GC(568) Post Compact
[552.294s][info][gc,phases      ] GC(568) Post Compact 2.575ms
[552.335s][info][gc,heap        ] GC(568) PSYoungGen: 254263K(287232K)->0K(285184K) Eden: 238592K(238592K)->0K(238592K) From: 15671K(48640K)->0K(46592K)
[552.336s][info][gc,heap        ] GC(568) ParOldGen: 636816K(636928K)->65413K(208384K)
[552.336s][info][gc,metaspace   ] GC(568) Metaspace: 43148K(43584K)->43148K(43584K) NonClass: 38799K(39104K)->38799K(39104K) Class: 4349K(4480K)->4349K(4480K)
[552.336s][info][gc             ] GC(568) Pause Full (Allocation Failure) 870M->63M(482M) 148.301ms
[552.336s][info][gc,cpu         ] GC(568) User=0.16s Sys=0.04s Real=0.15s
[553.856s][info][gc,start       ] GC(569) Pause Young (Allocation Failure)
[553.881s][info][gc,heap        ] GC(569) PSYoungGen: 238592K(285184K)->25461K(285696K) Eden: 238592K(238592K)->0K(239104K) From: 0K(46592K)->25461K(46592K)
[553.881s][info][gc,heap        ] GC(569) ParOldGen: 65413K(208384K)->65413K(208384K)
[553.881s][info][gc,metaspace   ] GC(569) Metaspace: 43148K(43584K)->43148K(43584K) NonClass: 38799K(39104K)->38799K(39104K) Class: 4349K(4480K)->4349K(4480K)
[553.881s][info][gc             ] GC(569) Pause Young (Allocation Failure) 296M->88M(482M) 24.666ms
[553.881s][info][gc,cpu         ] GC(569) User=0.05s Sys=0.00s Real=0.02s
[555.346s][info][gc,start       ] GC(570) Pause Young (Allocation Failure)
[555.388s][info][gc,heap        ] GC(570) PSYoungGen: 264565K(285696K)->22701K(285184K) Eden: 239104K(239104K)->0K(239104K) From: 25461K(46592K)->22701K(46080K)
[555.388s][info][gc,heap        ] GC(570) ParOldGen: 65413K(208384K)->90658K(208384K)
[555.388s][info][gc,metaspace   ] GC(570) Metaspace: 43148K(43584K)->43148K(43584K) NonClass: 38799K(39104K)->38799K(39104K) Class: 4349K(4480K)->4349K(4480K)
[555.388s][info][gc             ] GC(570) Pause Young (Allocation Failure) 322M->110M(482M) 41.551ms
[555.388s][info][gc,cpu         ] GC(570) User=0.08s Sys=0.00s Real=0.04s
[556.643s][info][gc,start       ] GC(571) Pause Young (Allocation Failure)
[556.684s][info][gc,heap        ] GC(571) PSYoungGen: 261805K(285184K)->28866K(284672K) Eden: 239104K(239104K)->0K(240640K) From: 22701K(46080K)->28866K(44032K)
[556.684s][info][gc,heap        ] GC(571) ParOldGen: 90658K(208384K)->113289K(208384K)
[556.684s][info][gc,metaspace   ] GC(571) Metaspace: 43148K(43584K)->43148K(43584K) NonClass: 38799K(39104K)->38799K(39104K) Class: 4349K(4480K)->4349K(4480K)
[556.684s][info][gc             ] GC(571) Pause Young (Allocation Failure) 344M->138M(481M) 40.857ms
[556.684s][info][gc,cpu         ] GC(571) User=0.08s Sys=0.00s Real=0.05s
[557.648s][info][gc,start       ] GC(572) Pause Young (Allocation Failure)
[557.672s][info][gc,heap        ] GC(572) PSYoungGen: 269506K(284672K)->11046K(285184K) Eden: 240640K(240640K)->0K(240640K) From: 28866K(44032K)->11046K(44544K)
[557.672s][info][gc,heap        ] GC(572) ParOldGen: 113289K(208384K)->134940K(208384K)
[557.672s][info][gc,metaspace   ] GC(572) Metaspace: 43148K(43584K)->43148K(43584K) NonClass: 38799K(39104K)->38799K(39104K) Class: 4349K(4480K)->4349K(4480K)
[557.672s][info][gc             ] GC(572) Pause Young (Allocation Failure) 373M->142M(482M) 24.675ms
[557.672s][info][gc,cpu         ] GC(572) User=0.05s Sys=0.00s Real=0.02s
[558.633s][info][gc,start       ] GC(573) Pause Young (Allocation Failure)
[558.649s][info][gc,heap        ] GC(573) PSYoungGen: 251686K(285184K)->17927K(286208K) Eden: 240640K(240640K)->0K(245248K) From: 11046K(44544K)->17927K(40960K)
[558.649s][info][gc,heap        ] GC(573) ParOldGen: 134940K(208384K)->135772K(208384K)
[558.649s][info][gc,metaspace   ] GC(573) Metaspace: 43148K(43584K)->43148K(43584K) NonClass: 38799K(39104K)->38799K(39104K) Class: 4349K(4480K)->4349K(4480K)
[558.649s][info][gc             ] GC(573) Pause Young (Allocation Failure) 377M->150M(483M) 16.436ms
[558.649s][info][gc,cpu         ] GC(573) User=0.03s Sys=0.00s Real=0.02s
[559.715s][info][gc,start       ] GC(574) Pause Young (Allocation Failure)
[559.719s][info][gc,heap        ] GC(574) PSYoungGen: 261392K(286208K)->1488K(287744K) Eden: 243465K(245248K)->0K(245248K) From: 17927K(40960K)->1488K(42496K)
[559.719s][info][gc,heap        ] GC(574) ParOldGen: 135772K(208384K)->136973K(208384K)
[559.719s][info][gc,metaspace   ] GC(574) Metaspace: 43148K(43584K)->43148K(43584K) NonClass: 38799K(39104K)->38799K(39104K) Class: 4349K(4480K)->4349K(4480K)
[559.719s][info][gc             ] GC(574) Pause Young (Allocation Failure) 387M->135M(484M) 4.359ms
[559.719s][info][gc,cpu         ] GC(574) User=0.01s Sys=0.00s Real=0.00s
[560.625s][info][gc,start       ] GC(575) Pause Young (Allocation Failure)
[560.632s][info][gc,heap        ] GC(575) PSYoungGen: 246736K(287744K)->6757K(290816K) Eden: 245248K(245248K)->0K(247296K) From: 1488K(42496K)->6757K(43520K)
[560.632s][info][gc,heap        ] GC(575) ParOldGen: 136973K(208384K)->138237K(208384K)
[560.632s][info][gc,metaspace   ] GC(575) Metaspace: 43148K(43584K)->43148K(43584K) NonClass: 38799K(39104K)->38799K(39104K) Class: 4349K(4480K)->4349K(4480K)
[560.632s][info][gc             ] GC(575) Pause Young (Allocation Failure) 374M->141M(487M) 7.094ms
[560.632s][info][gc,cpu         ] GC(575) User=0.02s Sys=0.00s Real=0.00s
[561.562s][info][gc,start       ] GC(576) Pause Young (Allocation Failure)
[561.584s][info][gc,heap        ] GC(576) PSYoungGen: 254053K(290816K)->25623K(290304K) Eden: 247296K(247296K)->0K(247296K) From: 6757K(43520K)->25623K(43008K)
[561.584s][info][gc,heap        ] GC(576) ParOldGen: 138237K(208384K)->139325K(208384K)
[561.584s][info][gc,metaspace   ] GC(576) Metaspace: 43148K(43584K)->43148K(43584K) NonClass: 38799K(39104K)->38799K(39104K) Class: 4349K(4480K)->4349K(4480K)
[561.584s][info][gc             ] GC(576) Pause Young (Allocation Failure) 383M->161M(487M) 21.996ms
[561.584s][info][gc,cpu         ] GC(576) User=0.05s Sys=0.00s Real=0.03s
[562.645s][info][gc,start       ] GC(577) Pause Young (Allocation Failure)
[562.650s][info][gc,heap        ] GC(577) PSYoungGen: 272919K(290304K)->6920K(290304K) Eden: 247296K(247296K)->0K(247296K) From: 25623K(43008K)->6920K(43008K)
[562.650s][info][gc,heap        ] GC(577) ParOldGen: 139325K(208384K)->140101K(208384K)
[562.650s][info][gc,metaspace   ] GC(577) Metaspace: 43148K(43584K)->43148K(43584K) NonClass: 38799K(39104K)->38799K(39104K) Class: 4349K(4480K)->4349K(4480K)
[562.650s][info][gc             ] GC(577) Pause Young (Allocation Failure) 402M->143M(487M) 5.728ms
[562.650s][info][gc,cpu         ] GC(577) User=0.01s Sys=0.00s Real=0.00s
[563.486s][info][gc,start       ] GC(578) Pause Young (Allocation Failure)
[563.494s][info][gc,heap        ] GC(578) PSYoungGen: 254216K(290304K)->8388K(256000K) Eden: 247296K(247296K)->0K(247296K) From: 6920K(43008K)->8388K(8704K)
[563.495s][info][gc,heap        ] GC(578) ParOldGen: 140101K(208384K)->141213K(208384K)
[563.495s][info][gc,metaspace   ] GC(578) Metaspace: 43148K(43584K)->43148K(43584K) NonClass: 38799K(39104K)->38799K(39104K) Class: 4349K(4480K)->4349K(4480K)
[563.495s][info][gc             ] GC(578) Pause Young (Allocation Failure) 385M->146M(453M) 8.638ms
[563.495s][info][gc,cpu         ] GC(578) User=0.01s Sys=0.00s Real=0.01s
[564.407s][info][gc,start       ] GC(579) Pause Young (Allocation Failure)
[564.410s][info][gc,heap        ] GC(579) PSYoungGen: 255684K(256000K)->1280K(289792K) Eden: 247296K(247296K)->0K(247808K) From: 8388K(8704K)->1280K(41984K)
[564.411s][info][gc,heap        ] GC(579) ParOldGen: 141213K(208384K)->142161K(208384K)
[564.411s][info][gc,metaspace   ] GC(579) Metaspace: 43149K(43584K)->43149K(43584K) NonClass: 38800K(39104K)->38800K(39104K) Class: 4349K(4480K)->4349K(4480K)
[564.411s][info][gc             ] GC(579) Pause Young (Allocation Failure) 387M->140M(486M) 3.207ms
[564.411s][info][gc,cpu         ] GC(579) User=0.00s Sys=0.00s Real=0.00s
[565.331s][info][gc,start       ] GC(580) Pause Young (Allocation Failure)
[565.345s][info][gc,heap        ] GC(580) PSYoungGen: 249088K(289792K)->13818K(261632K) Eden: 247808K(247808K)->0K(247808K) From: 1280K(41984K)->13818K(13824K)
[565.345s][info][gc,heap        ] GC(580) ParOldGen: 142161K(208384K)->143237K(208384K)
[565.345s][info][gc,metaspace   ] GC(580) Metaspace: 43149K(43584K)->43149K(43584K) NonClass: 38800K(39104K)->38800K(39104K) Class: 4349K(4480K)->4349K(4480K)
[565.345s][info][gc             ] GC(580) Pause Young (Allocation Failure) 382M->153M(459M) 13.909ms
[565.345s][info][gc,cpu         ] GC(580) User=0.03s Sys=0.00s Real=0.02s
[566.156s][info][gc,start       ] GC(581) Pause Young (Allocation Failure)
[566.206s][info][gc,heap        ] GC(581) PSYoungGen: 261626K(261632K)->39416K(280064K) Eden: 247808K(247808K)->0K(240640K) From: 13818K(13824K)->39416K(39424K)
[566.206s][info][gc,heap        ] GC(581) ParOldGen: 143237K(208384K)->144475K(208384K)
[566.206s][info][gc,metaspace   ] GC(581) Metaspace: 43149K(43584K)->43149K(43584K) NonClass: 38800K(39104K)->38800K(39104K) Class: 4349K(4480K)->4349K(4480K)
[566.206s][info][gc             ] GC(581) Pause Young (Allocation Failure) 395M->179M(477M) 50.764ms
[566.206s][info][gc,cpu         ] GC(581) User=0.08s Sys=0.00s Real=0.05s
[567.462s][info][gc,start       ] GC(582) Pause Young (Allocation Failure)
[567.503s][info][gc,heap        ] GC(582) PSYoungGen: 280056K(280064K)->19081K(287232K) Eden: 240640K(240640K)->0K(240640K) From: 39416K(39424K)->19081K(46592K)
[567.503s][info][gc,heap        ] GC(582) ParOldGen: 144475K(208384K)->165717K(208384K)
[567.503s][info][gc,metaspace   ] GC(582) Metaspace: 43152K(43584K)->43152K(43584K) NonClass: 38802K(39104K)->38802K(39104K) Class: 4349K(4480K)->4349K(4480K)
[567.503s][info][gc             ] GC(582) Pause Young (Allocation Failure) 414M->180M(484M) 41.401ms
[567.503s][info][gc,cpu         ] GC(582) User=0.08s Sys=0.00s Real=0.05s
[568.484s][info][gc,start       ] GC(583) Pause Young (Allocation Failure)
[568.529s][info][gc,heap        ] GC(583) PSYoungGen: 259721K(287232K)->26884K(286208K) Eden: 240640K(240640K)->0K(242688K) From: 19081K(46592K)->26884K(43520K)
[568.529s][info][gc,heap        ] GC(583) ParOldGen: 165717K(208384K)->184559K(208384K)
[568.529s][info][gc,metaspace   ] GC(583) Metaspace: 43152K(43584K)->43152K(43584K) NonClass: 38802K(39104K)->38802K(39104K) Class: 4349K(4480K)->4349K(4480K)
[568.529s][info][gc             ] GC(583) Pause Young (Allocation Failure) 415M->206M(483M) 45.588ms
[568.529s][info][gc,cpu         ] GC(583) User=0.09s Sys=0.00s Real=0.04s
[569.316s][info][gc,start       ] GC(584) Pause Young (Allocation Failure)
[569.359s][info][gc,heap        ] GC(584) PSYoungGen: 269572K(286208K)->42971K(285696K) Eden: 242688K(242688K)->0K(242688K) From: 26884K(43520K)->42971K(43008K)
[569.359s][info][gc,heap        ] GC(584) ParOldGen: 184559K(208384K)->201267K(208384K)
[569.359s][info][gc,metaspace   ] GC(584) Metaspace: 43152K(43584K)->43152K(43584K) NonClass: 38802K(39104K)->38802K(39104K) Class: 4349K(4480K)->4349K(4480K)
[569.359s][info][gc             ] GC(584) Pause Young (Allocation Failure) 443M->238M(482M) 43.361ms
[569.359s][info][gc,cpu         ] GC(584) User=0.09s Sys=0.01s Real=0.04s
[570.210s][info][gc,start       ] GC(585) Pause Young (Allocation Failure)
[570.236s][info][gc,heap        ] GC(585) PSYoungGen: 285659K(285696K)->30389K(277504K) Eden: 242688K(242688K)->0K(229376K) From: 42971K(43008K)->30389K(48128K)
[570.236s][info][gc,heap        ] GC(585) ParOldGen: 201267K(208384K)->211159K(211456K)
[570.236s][info][gc,metaspace   ] GC(585) Metaspace: 43152K(43584K)->43152K(43584K) NonClass: 38803K(39104K)->38803K(39104K) Class: 4349K(4480K)->4349K(4480K)
[570.236s][info][gc             ] GC(585) Pause Young (Allocation Failure) 475M->235M(477M) 25.575ms
[570.236s][info][gc,cpu         ] GC(585) User=0.05s Sys=0.00s Real=0.03s
[571.015s][info][gc,start       ] GC(586) Pause Young (Allocation Failure)
[571.052s][info][gc,heap        ] GC(586) PSYoungGen: 259765K(277504K)->52221K(281600K) Eden: 229376K(229376K)->0K(229376K) From: 30389K(48128K)->52221K(52224K)
[571.052s][info][gc,heap        ] GC(586) ParOldGen: 211159K(211456K)->215073K(215552K)
[571.052s][info][gc,metaspace   ] GC(586) Metaspace: 43152K(43584K)->43152K(43584K) NonClass: 38803K(39104K)->38803K(39104K) Class: 4349K(4480K)->4349K(4480K)
[571.052s][info][gc             ] GC(586) Pause Young (Allocation Failure) 459M->261M(485M) 36.996ms
[571.052s][info][gc,cpu         ] GC(586) User=0.07s Sys=0.00s Real=0.03s
[571.907s][info][gc,start       ] GC(587) Pause Young (Allocation Failure)
[571.944s][info][gc,heap        ] GC(587) PSYoungGen: 281597K(281600K)->34125K(263168K) Eden: 229376K(229376K)->0K(210944K) From: 52221K(52224K)->34125K(52224K)
[571.944s][info][gc,heap        ] GC(587) ParOldGen: 215073K(215552K)->229840K(229888K)
[571.944s][info][gc,metaspace   ] GC(587) Metaspace: 43152K(43584K)->43152K(43584K) NonClass: 38803K(39104K)->38803K(39104K) Class: 4349K(4480K)->4349K(4480K)
[571.944s][info][gc             ] GC(587) Pause Young (Allocation Failure) 485M->257M(481M) 36.182ms
[571.944s][info][gc,cpu         ] GC(587) User=0.06s Sys=0.02s Real=0.04s
[572.725s][info][gc,start       ] GC(588) Pause Young (Allocation Failure)
[572.754s][info][gc,heap        ] GC(588) PSYoungGen: 245069K(263168K)->25972K(272384K) Eden: 210944K(210944K)->0K(210944K) From: 34125K(52224K)->25972K(61440K)
[572.754s][info][gc,heap        ] GC(588) ParOldGen: 229840K(229888K)->240618K(240640K)
[572.754s][info][gc,metaspace   ] GC(588) Metaspace: 43152K(43584K)->43152K(43584K) NonClass: 38803K(39104K)->38803K(39104K) Class: 4349K(4480K)->4349K(4480K)
[572.754s][info][gc             ] GC(588) Pause Young (Allocation Failure) 463M->260M(501M) 29.557ms
[572.754s][info][gc,cpu         ] GC(588) User=0.05s Sys=0.01s Real=0.03s
[573.532s][info][gc,start       ] GC(589) Pause Young (Allocation Failure)
[573.573s][info][gc,heap        ] GC(589) PSYoungGen: 236916K(272384K)->57833K(255488K) Eden: 210944K(210944K)->0K(197632K) From: 25972K(61440K)->57833K(57856K)
[573.573s][info][gc,heap        ] GC(589) ParOldGen: 240618K(240640K)->245188K(245248K)
[573.573s][info][gc,metaspace   ] GC(589) Metaspace: 43152K(43584K)->43152K(43584K) NonClass: 38803K(39104K)->38803K(39104K) Class: 4349K(4480K)->4349K(4480K)
[573.573s][info][gc             ] GC(589) Pause Young (Allocation Failure) 466M->295M(489M) 41.592ms
[573.573s][info][gc,cpu         ] GC(589) User=0.07s Sys=0.01s Real=0.05s
[574.300s][info][gc,start       ] GC(590) Pause Young (Allocation Failure)
[574.376s][info][gc,heap        ] GC(590) PSYoungGen: 255465K(255488K)->39879K(265728K) Eden: 197632K(197632K)->0K(197632K) From: 57833K(57856K)->39879K(68096K)
[574.376s][info][gc,heap        ] GC(590) ParOldGen: 245188K(245248K)->292233K(292352K)
[574.376s][info][gc,metaspace   ] GC(590) Metaspace: 43152K(43584K)->43152K(43584K) NonClass: 38803K(39104K)->38803K(39104K) Class: 4349K(4480K)->4349K(4480K)
[574.376s][info][gc             ] GC(590) Pause Young (Allocation Failure) 488M->324M(545M) 76.106ms
[574.376s][info][gc,cpu         ] GC(590) User=0.11s Sys=0.04s Real=0.08s
[575.112s][info][gc,start       ] GC(591) Pause Young (Allocation Failure)
[575.149s][info][gc,heap        ] GC(591) PSYoungGen: 237511K(265728K)->1543K(262656K) Eden: 197632K(197632K)->0K(194560K) From: 39879K(68096K)->1543K(68096K)
[575.149s][info][gc,heap        ] GC(591) ParOldGen: 292233K(292352K)->323125K(323584K)
[575.149s][info][gc,metaspace   ] GC(591) Metaspace: 43154K(43584K)->43154K(43584K) NonClass: 38804K(39104K)->38804K(39104K) Class: 4349K(4480K)->4349K(4480K)
[575.149s][info][gc             ] GC(591) Pause Young (Allocation Failure) 517M->317M(572M) 37.361ms
[575.149s][info][gc,cpu         ] GC(591) User=0.04s Sys=0.03s Real=0.04s
[575.880s][info][gc,start       ] GC(592) Pause Young (Allocation Failure)
[575.886s][info][gc,heap        ] GC(592) PSYoungGen: 196103K(262656K)->4730K(264192K) Eden: 194560K(194560K)->0K(194560K) From: 1543K(68096K)->4730K(69632K)
[575.887s][info][gc,heap        ] GC(592) ParOldGen: 323125K(323584K)->323914K(324096K)
[575.887s][info][gc,metaspace   ] GC(592) Metaspace: 43154K(43584K)->43154K(43584K) NonClass: 38804K(39104K)->38804K(39104K) Class: 4349K(4480K)->4349K(4480K)
[575.887s][info][gc             ] GC(592) Pause Young (Allocation Failure) 507M->320M(574M) 7.023ms
[575.887s][info][gc,cpu         ] GC(592) User=0.01s Sys=0.00s Real=0.01s
[576.537s][info][gc,start       ] GC(593) Pause Young (Allocation Failure)
[576.563s][info][gc,heap        ] GC(593) PSYoungGen: 199290K(264192K)->36706K(263680K) Eden: 194560K(194560K)->0K(195072K) From: 4730K(69632K)->36706K(68608K)
[576.563s][info][gc,heap        ] GC(593) ParOldGen: 323914K(324096K)->324664K(325120K)
[576.563s][info][gc,metaspace   ] GC(593) Metaspace: 43154K(43584K)->43154K(43584K) NonClass: 38804K(39104K)->38804K(39104K) Class: 4349K(4480K)->4349K(4480K)
[576.563s][info][gc             ] GC(593) Pause Young (Allocation Failure) 510M->352M(575M) 26.201ms
[576.563s][info][gc,cpu         ] GC(593) User=0.05s Sys=0.00s Real=0.03s
[577.254s][info][gc,start       ] GC(594) Pause Young (Allocation Failure)
[577.278s][info][gc,heap        ] GC(594) PSYoungGen: 231778K(263680K)->34433K(229888K) Eden: 195072K(195072K)->0K(195072K) From: 36706K(68608K)->34433K(34816K)
[577.278s][info][gc,heap        ] GC(594) ParOldGen: 324664K(325120K)->325545K(325632K)
[577.278s][info][gc,metaspace   ] GC(594) Metaspace: 43154K(43584K)->43154K(43584K) NonClass: 38804K(39104K)->38804K(39104K) Class: 4349K(4480K)->4349K(4480K)
[577.278s][info][gc             ] GC(594) Pause Young (Allocation Failure) 543M->351M(542M) 23.609ms
[577.278s][info][gc,cpu         ] GC(594) User=0.04s Sys=0.00s Real=0.02s
[577.931s][info][gc,start       ] GC(595) Pause Young (Allocation Failure)
[577.946s][info][gc,heap        ] GC(595) PSYoungGen: 229505K(229888K)->21762K(266752K) Eden: 195072K(195072K)->0K(199168K) From: 34433K(34816K)->21762K(67584K)
[577.946s][info][gc,heap        ] GC(595) ParOldGen: 325545K(325632K)->325946K(326144K)
[577.946s][info][gc,metaspace   ] GC(595) Metaspace: 43154K(43584K)->43154K(43584K) NonClass: 38804K(39104K)->38804K(39104K) Class: 4349K(4480K)->4349K(4480K)
[577.946s][info][gc             ] GC(595) Pause Young (Allocation Failure) 542M->339M(579M) 15.050ms
[577.946s][info][gc,cpu         ] GC(595) User=0.03s Sys=0.00s Real=0.02s
[578.557s][info][gc,start       ] GC(596) Pause Young (Allocation Failure)
[578.581s][info][gc,heap        ] GC(596) PSYoungGen: 220930K(266752K)->1268K(263680K) Eden: 199168K(199168K)->0K(199168K) From: 21762K(67584K)->1268K(64512K)
[578.581s][info][gc,heap        ] GC(596) ParOldGen: 325946K(326144K)->346721K(347136K)
[578.581s][info][gc,metaspace   ] GC(596) Metaspace: 43154K(43584K)->43154K(43584K) NonClass: 38804K(39104K)->38804K(39104K) Class: 4349K(4480K)->4349K(4480K)
[578.581s][info][gc             ] GC(596) Pause Young (Allocation Failure) 534M->339M(596M) 23.375ms
[578.581s][info][gc,cpu         ] GC(596) User=0.03s Sys=0.01s Real=0.02s
[579.209s][info][gc,start       ] GC(597) Pause Young (Allocation Failure)
[579.212s][info][gc,heap        ] GC(597) PSYoungGen: 200436K(263680K)->1432K(266752K) Eden: 199168K(199168K)->0K(201728K) From: 1268K(64512K)->1432K(65024K)
[579.212s][info][gc,heap        ] GC(597) ParOldGen: 346721K(347136K)->346825K(347136K)
[579.212s][info][gc,metaspace   ] GC(597) Metaspace: 43154K(43584K)->43154K(43584K) NonClass: 38804K(39104K)->38804K(39104K) Class: 4349K(4480K)->4349K(4480K)
[579.212s][info][gc             ] GC(597) Pause Young (Allocation Failure) 534M->340M(599M) 3.086ms
[579.212s][info][gc,cpu         ] GC(597) User=0.00s Sys=0.00s Real=0.00s
[579.717s][info][gc,start       ] GC(598) Pause Young (Allocation Failure)
[579.722s][info][gc,heap        ] GC(598) PSYoungGen: 203160K(266752K)->3004K(266752K) Eden: 201728K(201728K)->0K(201728K) From: 1432K(65024K)->3004K(65024K)
[579.722s][info][gc,heap        ] GC(598) ParOldGen: 346825K(347136K)->347337K(347648K)
[579.722s][info][gc,metaspace   ] GC(598) Metaspace: 43154K(43584K)->43154K(43584K) NonClass: 38804K(39104K)->38804K(39104K) Class: 4349K(4480K)->4349K(4480K)
[579.722s][info][gc             ] GC(598) Pause Young (Allocation Failure) 537M->342M(600M) 4.947ms
[579.722s][info][gc,cpu         ] GC(598) User=0.01s Sys=0.00s Real=0.00s
[580.094s][info][gc,start       ] GC(599) Pause Young (Allocation Failure)
[580.099s][info][gc,heap        ] GC(599) PSYoungGen: 204732K(266752K)->1998K(267776K) Eden: 201728K(201728K)->0K(204800K) From: 3004K(65024K)->1998K(62976K)
[580.099s][info][gc,heap        ] GC(599) ParOldGen: 347337K(347648K)->349083K(349184K)
[580.099s][info][gc,metaspace   ] GC(599) Metaspace: 43154K(43584K)->43154K(43584K) NonClass: 38804K(39104K)->38804K(39104K) Class: 4349K(4480K)->4349K(4480K)
[580.099s][info][gc             ] GC(599) Pause Young (Allocation Failure) 539M->342M(602M) 5.340ms
[580.099s][info][gc,cpu         ] GC(599) User=0.01s Sys=0.00s Real=0.00s
[580.510s][info][gc,start       ] GC(600) Pause Young (Allocation Failure)
[580.519s][info][gc,heap        ] GC(600) PSYoungGen: 206798K(267776K)->12009K(217088K) Eden: 204800K(204800K)->0K(204800K) From: 1998K(62976K)->12009K(12288K)
[580.519s][info][gc,heap        ] GC(600) ParOldGen: 349083K(349184K)->349327K(349696K)
[580.519s][info][gc,metaspace   ] GC(600) Metaspace: 43154K(43584K)->43154K(43584K) NonClass: 38804K(39104K)->38804K(39104K) Class: 4349K(4480K)->4349K(4480K)
[580.519s][info][gc             ] GC(600) Pause Young (Allocation Failure) 542M->352M(553M) 8.409ms
[580.519s][info][gc,cpu         ] GC(600) User=0.01s Sys=0.00s Real=0.01s
[580.787s][info][gc,start       ] GC(601) Pause Young (Allocation Failure)
[580.799s][info][gc,heap        ] GC(601) PSYoungGen: 215527K(217088K)->1372K(268800K) Eden: 203517K(204800K)->0K(209408K) From: 12009K(12288K)->1372K(59392K)
[580.799s][info][gc,heap        ] GC(601) ParOldGen: 349327K(349696K)->359235K(359424K)
[580.799s][info][gc,metaspace   ] GC(601) Metaspace: 43154K(43584K)->43154K(43584K) NonClass: 38804K(39104K)->38804K(39104K) Class: 4349K(4480K)->4349K(4480K)
[580.799s][info][gc             ] GC(601) Pause Young (Allocation Failure) 551M->352M(613M) 12.567ms
[580.799s][info][gc,cpu         ] GC(601) User=0.02s Sys=0.01s Real=0.01s
[581.083s][info][gc,start       ] GC(602) Pause Young (Allocation Failure)
[581.094s][info][gc,heap        ] GC(602) PSYoungGen: 210558K(268800K)->2240K(267264K) Eden: 209185K(209408K)->0K(209408K) From: 1372K(59392K)->2240K(57856K)
[581.095s][info][gc,heap        ] GC(602) ParOldGen: 359235K(359424K)->360571K(360960K)
[581.095s][info][gc,metaspace   ] GC(602) Metaspace: 43154K(43584K)->43154K(43584K) NonClass: 38804K(39104K)->38804K(39104K) Class: 4349K(4480K)->4349K(4480K)
[581.095s][info][gc             ] GC(602) Pause Young (Allocation Failure) 556M->354M(613M) 11.629ms
[581.095s][info][gc,cpu         ] GC(602) User=0.02s Sys=0.00s Real=0.02s
[581.394s][info][gc,start       ] GC(603) Pause Young (Allocation Failure)
[581.404s][info][gc,heap        ] GC(603) PSYoungGen: 211648K(267264K)->4315K(273408K) Eden: 209408K(209408K)->0K(219136K) From: 2240K(57856K)->4315K(54272K)
[581.404s][info][gc,heap        ] GC(603) ParOldGen: 360571K(360960K)->362768K(363008K)
[581.404s][info][gc,metaspace   ] GC(603) Metaspace: 43154K(43584K)->43154K(43584K) NonClass: 38804K(39104K)->38804K(39104K) Class: 4349K(4480K)->4349K(4480K)
[581.404s][info][gc             ] GC(603) Pause Young (Allocation Failure) 558M->358M(621M) 9.717ms
[581.404s][info][gc,cpu         ] GC(603) User=0.02s Sys=0.01s Real=0.01s
[581.706s][info][gc,start       ] GC(604) Pause Young (Allocation Failure)
[581.716s][info][gc,heap        ] GC(604) PSYoungGen: 223451K(273408K)->2378K(272896K) Eden: 219136K(219136K)->0K(219136K) From: 4315K(54272K)->2378K(53760K)
[581.716s][info][gc,heap        ] GC(604) ParOldGen: 362768K(363008K)->367073K(367104K)
[581.716s][info][gc,metaspace   ] GC(604) Metaspace: 43154K(43584K)->43154K(43584K) NonClass: 38804K(39104K)->38804K(39104K) Class: 4349K(4480K)->4349K(4480K)
[581.716s][info][gc             ] GC(604) Pause Young (Allocation Failure) 572M->360M(625M) 9.946ms
[581.716s][info][gc,cpu         ] GC(604) User=0.01s Sys=0.00s Real=0.01s
[582.041s][info][gc,start       ] GC(605) Pause Young (Allocation Failure)
[582.053s][info][gc,heap        ] GC(605) PSYoungGen: 221428K(272896K)->6811K(276480K) Eden: 219050K(219136K)->0K(228352K) From: 2378K(53760K)->6811K(48128K)
[582.053s][info][gc,heap        ] GC(605) ParOldGen: 367073K(367104K)->369276K(369664K)
[582.053s][info][gc,metaspace   ] GC(605) Metaspace: 43155K(43584K)->43155K(43584K) NonClass: 38805K(39104K)->38805K(39104K) Class: 4349K(4480K)->4349K(4480K)
[582.053s][info][gc             ] GC(605) Pause Young (Allocation Failure) 574M->367M(631M) 12.056ms
[582.053s][info][gc,cpu         ] GC(605) User=0.02s Sys=0.00s Real=0.02s
[582.382s][info][gc,start       ] GC(606) Pause Young (Allocation Failure)
[582.398s][info][gc,heap        ] GC(606) PSYoungGen: 235163K(276480K)->4877K(276992K) Eden: 228352K(228352K)->0K(228352K) From: 6811K(48128K)->4877K(48640K)
[582.398s][info][gc,heap        ] GC(606) ParOldGen: 369276K(369664K)->376227K(376320K)
[582.398s][info][gc,metaspace   ] GC(606) Metaspace: 43155K(43584K)->43155K(43584K) NonClass: 38805K(39104K)->38805K(39104K) Class: 4349K(4480K)->4349K(4480K)
[582.398s][info][gc             ] GC(606) Pause Young (Allocation Failure) 590M->372M(638M) 16.436ms
[582.398s][info][gc,cpu         ] GC(606) User=0.03s Sys=0.00s Real=0.02s
[582.901s][info][gc,start       ] GC(607) Pause Young (Allocation Failure)
[582.921s][info][gc,heap        ] GC(607) PSYoungGen: 233229K(276992K)->14409K(281600K) Eden: 228352K(228352K)->0K(238592K) From: 4877K(48640K)->14409K(43008K)
[582.921s][info][gc,heap        ] GC(607) ParOldGen: 376227K(376320K)->380976K(381440K)
[582.921s][info][gc,metaspace   ] GC(607) Metaspace: 43155K(43584K)->43155K(43584K) NonClass: 38805K(39104K)->38805K(39104K) Class: 4349K(4480K)->4349K(4480K)
[582.921s][info][gc             ] GC(607) Pause Young (Allocation Failure) 595M->386M(647M) 20.211ms
[582.921s][info][gc,cpu         ] GC(607) User=0.04s Sys=0.01s Real=0.02s
[583.521s][info][gc,start       ] GC(608) Pause Young (Allocation Failure)
[583.545s][info][gc,heap        ] GC(608) PSYoungGen: 253001K(281600K)->5134K(282624K) Eden: 238592K(238592K)->0K(238592K) From: 14409K(43008K)->5134K(44032K)
[583.545s][info][gc,heap        ] GC(608) ParOldGen: 380976K(381440K)->395006K(395264K)
[583.545s][info][gc,metaspace   ] GC(608) Metaspace: 43155K(43584K)->43155K(43584K) NonClass: 38805K(39104K)->38805K(39104K) Class: 4349K(4480K)->4349K(4480K)
[583.545s][info][gc             ] GC(608) Pause Young (Allocation Failure) 619M->390M(662M) 23.215ms
[583.545s][info][gc,cpu         ] GC(608) User=0.03s Sys=0.02s Real=0.03s
[584.141s][info][gc,start       ] GC(609) Pause Young (Allocation Failure)
[584.146s][info][gc,heap        ] GC(609) PSYoungGen: 243726K(282624K)->3569K(286720K) Eden: 238592K(238592K)->0K(247808K) From: 5134K(44032K)->3569K(38912K)
[584.146s][info][gc,heap        ] GC(609) ParOldGen: 395006K(395264K)->395662K(395776K)
[584.146s][info][gc,metaspace   ] GC(609) Metaspace: 43157K(43584K)->43157K(43584K) NonClass: 38808K(39104K)->38808K(39104K) Class: 4349K(4480K)->4349K(4480K)
[584.146s][info][gc             ] GC(609) Pause Young (Allocation Failure) 623M->389M(666M) 5.451ms
[584.146s][info][gc,cpu         ] GC(609) User=0.01s Sys=0.01s Real=0.01s
[584.808s][info][gc,start       ] GC(610) Pause Young (Allocation Failure)
[584.811s][info][gc,heap        ] GC(610) PSYoungGen: 251377K(286720K)->1664K(287744K) Eden: 247808K(247808K)->0K(247808K) From: 3569K(38912K)->1664K(39936K)
[584.811s][info][gc,heap        ] GC(610) ParOldGen: 395662K(395776K)->395670K(395776K)
[584.811s][info][gc,metaspace   ] GC(610) Metaspace: 43162K(43584K)->43162K(43584K) NonClass: 38812K(39104K)->38812K(39104K) Class: 4349K(4480K)->4349K(4480K)
[584.811s][info][gc             ] GC(610) Pause Young (Allocation Failure) 631M->388M(667M) 3.203ms
[584.811s][info][gc,cpu         ] GC(610) User=0.01s Sys=0.00s Real=0.00s
[585.489s][info][gc,start       ] GC(611) Pause Young (Allocation Failure)
[585.494s][info][gc,heap        ] GC(611) PSYoungGen: 249472K(287744K)->4361K(290304K) Eden: 247808K(247808K)->0K(255488K) From: 1664K(39936K)->4361K(34816K)
[585.494s][info][gc,heap        ] GC(611) ParOldGen: 395670K(395776K)->395710K(395776K)
[585.494s][info][gc,metaspace   ] GC(611) Metaspace: 43181K(43648K)->43181K(43648K) NonClass: 38832K(39168K)->38832K(39168K) Class: 4349K(4480K)->4349K(4480K)
[585.494s][info][gc             ] GC(611) Pause Young (Allocation Failure) 630M->390M(670M) 4.875ms
[585.494s][info][gc,cpu         ] GC(611) User=0.01s Sys=0.00s Real=0.01s
[586.173s][info][gc,start       ] GC(612) Pause Young (Allocation Failure)
[586.181s][info][gc,heap        ] GC(612) PSYoungGen: 259849K(290304K)->7020K(291840K) Eden: 255488K(255488K)->0K(255488K) From: 4361K(34816K)->7020K(36352K)
[586.181s][info][gc,heap        ] GC(612) ParOldGen: 395710K(395776K)->397028K(397312K)
[586.181s][info][gc,metaspace   ] GC(612) Metaspace: 43181K(43648K)->43181K(43648K) NonClass: 38832K(39168K)->38832K(39168K) Class: 4349K(4480K)->4349K(4480K)
[586.181s][info][gc             ] GC(612) Pause Young (Allocation Failure) 640M->394M(673M) 8.352ms
[586.181s][info][gc,cpu         ] GC(612) User=0.01s Sys=0.00s Real=0.01s
[587.695s][info][gc,start       ] GC(613) Pause Young (Allocation Failure)
[587.708s][info][gc,heap        ] GC(613) PSYoungGen: 262508K(291840K)->12380K(294912K) Eden: 255488K(255488K)->0K(263168K) From: 7020K(36352K)->12380K(31744K)
[587.708s][info][gc,heap        ] GC(613) ParOldGen: 397028K(397312K)->397172K(397312K)
[587.708s][info][gc,metaspace   ] GC(613) Metaspace: 43187K(43648K)->43187K(43648K) NonClass: 38837K(39168K)->38837K(39168K) Class: 4349K(4480K)->4349K(4480K)
[587.708s][info][gc             ] GC(613) Pause Young (Allocation Failure) 644M->399M(676M) 12.820ms
[587.708s][info][gc,cpu         ] GC(613) User=0.02s Sys=0.00s Real=0.01s
[588.352s][info][gc,start       ] GC(614) Pause Young (Allocation Failure)
[588.398s][info][gc,heap        ] GC(614) PSYoungGen: 275548K(294912K)->29836K(293376K) Eden: 263168K(263168K)->0K(263168K) From: 12380K(31744K)->29836K(30208K)
[588.398s][info][gc,heap        ] GC(614) ParOldGen: 397172K(397312K)->409464K(409600K)
[588.398s][info][gc,metaspace   ] GC(614) Metaspace: 43187K(43648K)->43187K(43648K) NonClass: 38837K(39168K)->38837K(39168K) Class: 4349K(4480K)->4349K(4480K)
[588.398s][info][gc             ] GC(614) Pause Young (Allocation Failure) 656M->429M(686M) 45.933ms
[588.398s][info][gc,cpu         ] GC(614) User=0.08s Sys=0.01s Real=0.05s
[589.034s][info][gc,start       ] GC(615) Pause Young (Allocation Failure)
[589.109s][info][gc,heap        ] GC(615) PSYoungGen: 293004K(293376K)->29593K(287232K) Eden: 263168K(263168K)->0K(248832K) From: 29836K(30208K)->29593K(38400K)
[589.109s][info][gc,heap        ] GC(615) ParOldGen: 409464K(409600K)->438578K(438784K)
[589.109s][info][gc,metaspace   ] GC(615) Metaspace: 43187K(43648K)->43187K(43648K) NonClass: 38837K(39168K)->38837K(39168K) Class: 4349K(4480K)->4349K(4480K)
[589.109s][info][gc             ] GC(615) Pause Young (Allocation Failure) 686M->457M(709M) 74.844ms
[589.109s][info][gc,cpu         ] GC(615) User=0.13s Sys=0.02s Real=0.07s
[592.642s][info][gc,start       ] GC(616) Pause Young (Allocation Failure)
[592.714s][info][gc,heap        ] GC(616) PSYoungGen: 278425K(287232K)->26687K(275968K) Eden: 248832K(248832K)->0K(248832K) From: 29593K(38400K)->26687K(27136K)
[592.715s][info][gc,heap        ] GC(616) ParOldGen: 438578K(438784K)->466387K(466432K)
[592.715s][info][gc,metaspace   ] GC(616) Metaspace: 43189K(43648K)->43189K(43648K) NonClass: 38840K(39168K)->38840K(39168K) Class: 4349K(4480K)->4349K(4480K)
[592.715s][info][gc             ] GC(616) Pause Young (Allocation Failure) 700M->481M(725M) 72.334ms
[592.715s][info][gc,cpu         ] GC(616) User=0.12s Sys=0.01s Real=0.08s
[593.614s][info][gc,start       ] GC(617) Pause Young (Allocation Failure)
[593.651s][info][gc,heap        ] GC(617) PSYoungGen: 275519K(275968K)->6282K(290816K) Eden: 248832K(248832K)->0K(246272K) From: 26687K(27136K)->6282K(44544K)
[593.652s][info][gc,heap        ] GC(617) ParOldGen: 466387K(466432K)->493155K(493568K)
[593.652s][info][gc,metaspace   ] GC(617) Metaspace: 43189K(43648K)->43189K(43648K) NonClass: 38840K(39168K)->38840K(39168K) Class: 4349K(4480K)->4349K(4480K)
[593.652s][info][gc             ] GC(617) Pause Young (Allocation Failure) 724M->487M(766M) 37.400ms
[593.652s][info][gc,cpu         ] GC(617) User=0.06s Sys=0.02s Real=0.03s
[594.297s][info][gc,start       ] GC(618) Pause Young (Allocation Failure)
[594.336s][info][gc,heap        ] GC(618) PSYoungGen: 252554K(290816K)->30700K(276992K) Eden: 246272K(246272K)->0K(246272K) From: 6282K(44544K)->30700K(30720K)
[594.336s][info][gc,heap        ] GC(618) ParOldGen: 493155K(493568K)->499353K(499712K)
[594.336s][info][gc,metaspace   ] GC(618) Metaspace: 43189K(43648K)->43189K(43648K) NonClass: 38840K(39168K)->38840K(39168K) Class: 4349K(4480K)->4349K(4480K)
[594.336s][info][gc             ] GC(618) Pause Young (Allocation Failure) 728M->517M(758M) 39.372ms
[594.336s][info][gc,cpu         ] GC(618) User=0.07s Sys=0.01s Real=0.04s
[594.976s][info][gc,start       ] GC(619) Pause Young (Allocation Failure)
[595.051s][info][gc,heap        ] GC(619) PSYoungGen: 276972K(276992K)->30008K(283136K) Eden: 246272K(246272K)->0K(236544K) From: 30700K(30720K)->30008K(46592K)
[595.051s][info][gc,heap        ] GC(619) ParOldGen: 499353K(499712K)->529360K(529408K)
[595.051s][info][gc,metaspace   ] GC(619) Metaspace: 43189K(43648K)->43189K(43648K) NonClass: 38840K(39168K)->38840K(39168K) Class: 4349K(4480K)->4349K(4480K)
[595.051s][info][gc             ] GC(619) Pause Young (Allocation Failure) 758M->546M(793M) 75.542ms
[595.051s][info][gc,cpu         ] GC(619) User=0.12s Sys=0.03s Real=0.07s
[596.633s][info][gc,start       ] GC(620) Pause Young (Allocation Failure)
[596.697s][info][gc,heap        ] GC(620) PSYoungGen: 266552K(283136K)->24225K(285184K) Eden: 236544K(236544K)->0K(236544K) From: 30008K(46592K)->24225K(48640K)
[596.697s][info][gc,heap        ] GC(620) ParOldGen: 529360K(529408K)->557657K(558080K)
[596.697s][info][gc,metaspace   ] GC(620) Metaspace: 43189K(43648K)->43189K(43648K) NonClass: 38840K(39168K)->38840K(39168K) Class: 4349K(4480K)->4349K(4480K)
[596.697s][info][gc             ] GC(620) Pause Young (Allocation Failure) 777M->568M(823M) 64.534ms
[596.697s][info][gc,cpu         ] GC(620) User=0.11s Sys=0.02s Real=0.07s
[597.752s][info][gc,start       ] GC(621) Pause Young (Allocation Failure)
[597.793s][info][gc,heap        ] GC(621) PSYoungGen: 260769K(285184K)->13158K(280576K) Eden: 236544K(236544K)->0K(237056K) From: 24225K(48640K)->13158K(43520K)
[597.793s][info][gc,heap        ] GC(621) ParOldGen: 557657K(558080K)->581793K(582144K)
[597.793s][info][gc,metaspace   ] GC(621) Metaspace: 43189K(43648K)->43189K(43648K) NonClass: 38840K(39168K)->38840K(39168K) Class: 4349K(4480K)->4349K(4480K)
[597.793s][info][gc             ] GC(621) Pause Young (Allocation Failure) 799M->581M(842M) 40.733ms
[597.793s][info][gc,cpu         ] GC(621) User=0.06s Sys=0.03s Real=0.04s
[599.241s][info][gc,start       ] GC(622) Pause Young (Allocation Failure)
[599.252s][info][gc,heap        ] GC(622) PSYoungGen: 250214K(280576K)->684K(283136K) Eden: 237056K(237056K)->0K(237056K) From: 13158K(43520K)->684K(46080K)
[599.252s][info][gc,heap        ] GC(622) ParOldGen: 581793K(582144K)->589954K(590336K)
[599.252s][info][gc,metaspace   ] GC(622) Metaspace: 43189K(43648K)->43189K(43648K) NonClass: 38840K(39168K)->38840K(39168K) Class: 4349K(4480K)->4349K(4480K)
[599.252s][info][gc             ] GC(622) Pause Young (Allocation Failure) 812M->576M(853M) 11.547ms
[599.252s][info][gc,cpu         ] GC(622) User=0.02s Sys=0.00s Real=0.01s
[600.717s][info][gc,start       ] GC(623) Pause Young (Allocation Failure)
[600.741s][info][gc,heap        ] GC(623) PSYoungGen: 237740K(283136K)->22441K(286720K) Eden: 237056K(237056K)->0K(241664K) From: 684K(46080K)->22441K(45056K)
[600.741s][info][gc,heap        ] GC(623) ParOldGen: 589954K(590336K)->590560K(590848K)
[600.741s][info][gc,metaspace   ] GC(623) Metaspace: 43189K(43648K)->43189K(43648K) NonClass: 38840K(39168K)->38840K(39168K) Class: 4349K(4480K)->4349K(4480K)
[600.741s][info][gc             ] GC(623) Pause Young (Allocation Failure) 808M->598M(857M) 24.549ms
[600.741s][info][gc,cpu         ] GC(623) User=0.05s Sys=0.00s Real=0.02s
[602.200s][info][gc,start       ] GC(624) Pause Young (Allocation Failure)
[602.250s][info][gc,heap        ] GC(624) PSYoungGen: 264105K(286720K)->20511K(287232K) Eden: 241664K(241664K)->0K(241664K) From: 22441K(45056K)->20511K(45568K)
[602.250s][info][gc,heap        ] GC(624) ParOldGen: 590560K(590848K)->613144K(613376K)
[602.250s][info][gc,metaspace   ] GC(624) Metaspace: 43189K(43648K)->43189K(43648K) NonClass: 38840K(39168K)->38840K(39168K) Class: 4349K(4480K)->4349K(4480K)
[602.250s][info][gc             ] GC(624) Pause Young (Allocation Failure) 834M->618M(879M) 49.590ms
[602.250s][info][gc,cpu         ] GC(624) User=0.08s Sys=0.01s Real=0.05s
[602.892s][info][gc,start       ] GC(625) Pause Young (Allocation Failure)
[602.951s][info][gc,heap        ] GC(625) PSYoungGen: 262175K(287232K)->36486K(280576K) Eden: 241664K(241664K)->0K(236544K) From: 20511K(45568K)->36486K(44032K)
[602.951s][info][gc,heap        ] GC(625) ParOldGen: 613144K(613376K)->633496K(633856K)
[602.951s][info][gc,metaspace   ] GC(625) Metaspace: 43189K(43648K)->43189K(43648K) NonClass: 38840K(39168K)->38840K(39168K) Class: 4349K(4480K)->4349K(4480K)
[602.951s][info][gc             ] GC(625) Pause Young (Allocation Failure) 854M->654M(893M) 59.088ms
[602.951s][info][gc,cpu         ] GC(625) User=0.10s Sys=0.01s Real=0.06s
[603.568s][info][gc,start       ] GC(626) Pause Full (Allocation Failure)
[603.568s][info][gc,phases,start] GC(626) Marking Phase
[603.652s][info][gc,phases      ] GC(626) Marking Phase 84.845ms
[603.652s][info][gc,phases,start] GC(626) Summary Phase
[603.653s][info][gc,phases      ] GC(626) Summary Phase 0.031ms
[603.653s][info][gc,phases,start] GC(626) Forward
[603.678s][info][gc,phases      ] GC(626) Forward 25.115ms
[603.678s][info][gc,phases,start] GC(626) Adjust Pointers
[603.737s][info][gc,phases      ] GC(626) Adjust Pointers 59.575ms
[603.737s][info][gc,phases,start] GC(626) Compaction Phase
[603.766s][info][gc,phases      ] GC(626) Compaction Phase 28.756ms
[603.766s][info][gc,phases,start] GC(626) Post Compact
[603.769s][info][gc,phases      ] GC(626) Post Compact 2.677ms
[603.804s][info][gc,heap        ] GC(626) PSYoungGen: 273030K(280576K)->0K(285184K) Eden: 236544K(236544K)->0K(236544K) From: 36486K(44032K)->0K(48640K)
[603.804s][info][gc,heap        ] GC(626) ParOldGen: 633496K(633856K)->111531K(250880K)
[603.804s][info][gc,metaspace   ] GC(626) Metaspace: 43189K(43648K)->43189K(43648K) NonClass: 38840K(39168K)->38840K(39168K) Class: 4349K(4480K)->4349K(4480K)
[603.804s][info][gc             ] GC(626) Pause Full (Allocation Failure) 885M->108M(523M) 236.395ms
[603.804s][info][gc,cpu         ] GC(626) User=0.35s Sys=0.04s Real=0.24s
[604.534s][info][gc,start       ] GC(627) Pause Young (Allocation Failure)
[604.569s][info][gc,heap        ] GC(627) PSYoungGen: 236544K(285184K)->32624K(280064K) Eden: 236544K(236544K)->0K(231424K) From: 0K(48640K)->32624K(48640K)
[604.569s][info][gc,heap        ] GC(627) ParOldGen: 111531K(250880K)->111531K(250880K)
[604.569s][info][gc,metaspace   ] GC(627) Metaspace: 43189K(43648K)->43189K(43648K) NonClass: 38840K(39168K)->38840K(39168K) Class: 4349K(4480K)->4349K(4480K)
[604.569s][info][gc             ] GC(627) Pause Young (Allocation Failure) 339M->140M(518M) 35.775ms
[604.569s][info][gc,cpu         ] GC(627) User=0.07s Sys=0.00s Real=0.03s
[606.290s][info][gc,start       ] GC(628) Pause Young (Allocation Failure)
[606.318s][info][gc,heap        ] GC(628) PSYoungGen: 264048K(280064K)->7886K(282624K) Eden: 231424K(231424K)->0K(231424K) From: 32624K(48640K)->7886K(51200K)
[606.318s][info][gc,heap        ] GC(628) ParOldGen: 111531K(250880K)->140761K(250880K)
[606.318s][info][gc,metaspace   ] GC(628) Metaspace: 43189K(43648K)->43189K(43648K) NonClass: 38840K(39168K)->38840K(39168K) Class: 4349K(4480K)->4349K(4480K)
[606.318s][info][gc             ] GC(628) Pause Young (Allocation Failure) 366M->145M(521M) 28.591ms
[606.318s][info][gc,cpu         ] GC(628) User=0.06s Sys=0.00s Real=0.03s
[607.617s][info][gc,start       ] GC(629) Pause Young (Allocation Failure)
[607.623s][info][gc,heap        ] GC(629) PSYoungGen: 239310K(282624K)->2058K(280576K) Eden: 231424K(231424K)->0K(232448K) From: 7886K(51200K)->2058K(48128K)
[607.623s][info][gc,heap        ] GC(629) ParOldGen: 140761K(250880K)->146499K(250880K)
[607.623s][info][gc,metaspace   ] GC(629) Metaspace: 43189K(43648K)->43189K(43648K) NonClass: 38840K(39168K)->38840K(39168K) Class: 4349K(4480K)->4349K(4480K)
[607.623s][info][gc             ] GC(629) Pause Young (Allocation Failure) 371M->145M(519M) 5.940ms
[607.623s][info][gc,cpu         ] GC(629) User=0.01s Sys=0.00s Real=0.01s
[609.018s][info][gc,start       ] GC(630) Pause Young (Allocation Failure)
[609.043s][info][gc,heap        ] GC(630) PSYoungGen: 234506K(280576K)->21928K(282112K) Eden: 232448K(232448K)->0K(232448K) From: 2058K(48128K)->21928K(49664K)
[609.043s][info][gc,heap        ] GC(630) ParOldGen: 146499K(250880K)->148304K(250880K)
[609.043s][info][gc,metaspace   ] GC(630) Metaspace: 43189K(43648K)->43189K(43648K) NonClass: 38840K(39168K)->38840K(39168K) Class: 4349K(4480K)->4349K(4480K)
[609.043s][info][gc             ] GC(630) Pause Young (Allocation Failure) 372M->166M(520M) 25.141ms
[609.043s][info][gc,cpu         ] GC(630) User=0.05s Sys=0.00s Real=0.02s
[610.441s][info][gc,start       ] GC(631) Pause Young (Allocation Failure)
[610.481s][info][gc,heap        ] GC(631) PSYoungGen: 254376K(282112K)->23519K(283136K) Eden: 232448K(232448K)->0K(236032K) From: 21928K(49664K)->23519K(47104K)
[610.481s][info][gc,heap        ] GC(631) ParOldGen: 148304K(250880K)->170303K(250880K)
[610.481s][info][gc,metaspace   ] GC(631) Metaspace: 43189K(43648K)->43189K(43648K) NonClass: 38840K(39168K)->38840K(39168K) Class: 4349K(4480K)->4349K(4480K)
[610.481s][info][gc             ] GC(631) Pause Young (Allocation Failure) 393M->189M(521M) 40.417ms
[610.481s][info][gc,cpu         ] GC(631) User=0.08s Sys=0.00s Real=0.04s
[611.529s][info][gc,start       ] GC(632) Pause Young (Allocation Failure)
[611.559s][info][gc,heap        ] GC(632) PSYoungGen: 259551K(283136K)->14881K(283648K) Eden: 236032K(236032K)->0K(236032K) From: 23519K(47104K)->14881K(47616K)
[611.559s][info][gc,heap        ] GC(632) ParOldGen: 170303K(250880K)->193730K(250880K)
[611.559s][info][gc,metaspace   ] GC(632) Metaspace: 43190K(43648K)->43190K(43648K) NonClass: 38840K(39168K)->38840K(39168K) Class: 4349K(4480K)->4349K(4480K)
[611.559s][info][gc             ] GC(632) Pause Young (Allocation Failure) 419M->203M(522M) 30.080ms
[611.559s][info][gc,cpu         ] GC(632) User=0.06s Sys=0.00s Real=0.03s
[612.547s][info][gc,start       ] GC(633) Pause Young (Allocation Failure)
[612.557s][info][gc,heap        ] GC(633) PSYoungGen: 250648K(283648K)->1321K(284160K) Eden: 235766K(236032K)->0K(239104K) From: 14881K(47616K)->1321K(45056K)
[612.557s][info][gc,heap        ] GC(633) ParOldGen: 193730K(250880K)->205640K(250880K)
[612.557s][info][gc,metaspace   ] GC(633) Metaspace: 43190K(43648K)->43190K(43648K) NonClass: 38840K(39168K)->38840K(39168K) Class: 4349K(4480K)->4349K(4480K)
[612.557s][info][gc             ] GC(633) Pause Young (Allocation Failure) 433M->202M(522M) 9.648ms
[612.557s][info][gc,cpu         ] GC(633) User=0.02s Sys=0.00s Real=0.01s
[613.556s][info][gc,start       ] GC(634) Pause Young (Allocation Failure)
[613.579s][info][gc,heap        ] GC(634) PSYoungGen: 240425K(284160K)->22229K(284160K) Eden: 239104K(239104K)->0K(239104K) From: 1321K(45056K)->22229K(45056K)
[613.579s][info][gc,heap        ] GC(634) ParOldGen: 205640K(250880K)->206468K(250880K)
[613.579s][info][gc,metaspace   ] GC(634) Metaspace: 43191K(43648K)->43191K(43648K) NonClass: 38842K(39168K)->38842K(39168K) Class: 4349K(4480K)->4349K(4480K)
[613.579s][info][gc             ] GC(634) Pause Young (Allocation Failure) 435M->223M(522M) 22.534ms
[613.579s][info][gc,cpu         ] GC(634) User=0.04s Sys=0.00s Real=0.02s
[614.412s][info][gc,start       ] GC(635) Pause Young (Allocation Failure)
[614.418s][info][gc,heap        ] GC(635) PSYoungGen: 261333K(284160K)->4553K(288256K) Eden: 239104K(239104K)->0K(244224K) From: 22229K(45056K)->4553K(44032K)
[614.418s][info][gc,heap        ] GC(635) ParOldGen: 206468K(250880K)->207636K(250880K)
[614.418s][info][gc,metaspace   ] GC(635) Metaspace: 43212K(43648K)->43212K(43648K) NonClass: 38863K(39168K)->38863K(39168K) Class: 4349K(4480K)->4349K(4480K)
[614.418s][info][gc             ] GC(635) Pause Young (Allocation Failure) 456M->207M(526M) 5.691ms
[614.418s][info][gc,cpu         ] GC(635) User=0.01s Sys=0.00s Real=0.01s
[615.416s][info][gc,start       ] GC(636) Pause Young (Allocation Failure)
[615.426s][info][gc,heap        ] GC(636) PSYoungGen: 248777K(288256K)->8579K(288256K) Eden: 244224K(244224K)->0K(244224K) From: 4553K(44032K)->8579K(44032K)
[615.426s][info][gc,heap        ] GC(636) ParOldGen: 207636K(250880K)->208500K(250880K)
[615.427s][info][gc,metaspace   ] GC(636) Metaspace: 43212K(43648K)->43212K(43648K) NonClass: 38863K(39168K)->38863K(39168K) Class: 4349K(4480K)->4349K(4480K)
[615.427s][info][gc             ] GC(636) Pause Young (Allocation Failure) 445M->211M(526M) 11.020ms
[615.427s][info][gc,cpu         ] GC(636) User=0.02s Sys=0.00s Real=0.01s
[616.534s][info][gc,start       ] GC(637) Pause Young (Allocation Failure)
[616.555s][info][gc,heap        ] GC(637) PSYoungGen: 252803K(288256K)->20886K(288768K) Eden: 244224K(244224K)->0K(246272K) From: 8579K(44032K)->20886K(42496K)
[616.555s][info][gc,heap        ] GC(637) ParOldGen: 208500K(250880K)->209716K(250880K)
[616.555s][info][gc,metaspace   ] GC(637) Metaspace: 43212K(43648K)->43212K(43648K) NonClass: 38863K(39168K)->38863K(39168K) Class: 4349K(4480K)->4349K(4480K)
[616.555s][info][gc             ] GC(637) Pause Young (Allocation Failure) 450M->225M(527M) 20.595ms
[616.555s][info][gc,cpu         ] GC(637) User=0.04s Sys=0.00s Real=0.02s
[617.628s][info][gc,start       ] GC(638) Pause Young (Allocation Failure)
[617.636s][info][gc,heap        ] GC(638) PSYoungGen: 267158K(288768K)->3968K(288256K) Eden: 246272K(246272K)->0K(246272K) From: 20886K(42496K)->3968K(41984K)
[617.636s][info][gc,heap        ] GC(638) ParOldGen: 209716K(250880K)->210412K(250880K)
[617.636s][info][gc,metaspace   ] GC(638) Metaspace: 43213K(43648K)->43213K(43648K) NonClass: 38864K(39168K)->38864K(39168K) Class: 4349K(4480K)->4349K(4480K)
[617.636s][info][gc             ] GC(638) Pause Young (Allocation Failure) 465M->209M(526M) 7.637ms
[617.636s][info][gc,cpu         ] GC(638) User=0.01s Sys=0.00s Real=0.01s
[618.490s][info][gc,start       ] GC(639) Pause Young (Allocation Failure)
[618.507s][info][gc,heap        ] GC(639) PSYoungGen: 250240K(288256K)->14194K(288256K) Eden: 246272K(246272K)->0K(250880K) From: 3968K(41984K)->14194K(37376K)
[618.507s][info][gc,heap        ] GC(639) ParOldGen: 210412K(250880K)->211604K(250880K)
[618.507s][info][gc,metaspace   ] GC(639) Metaspace: 43213K(43648K)->43213K(43648K) NonClass: 38864K(39168K)->38864K(39168K) Class: 4349K(4480K)->4349K(4480K)
[618.507s][info][gc             ] GC(639) Pause Young (Allocation Failure) 449M->220M(526M) 16.876ms
[618.507s][info][gc,cpu         ] GC(639) User=0.03s Sys=0.00s Real=0.02s
[619.424s][info][gc,start       ] GC(640) Pause Young (Allocation Failure)
[619.428s][info][gc,heap        ] GC(640) PSYoungGen: 265074K(288256K)->4241K(289280K) Eden: 250880K(250880K)->0K(250880K) From: 14194K(37376K)->4241K(38400K)
[619.428s][info][gc,heap        ] GC(640) ParOldGen: 211604K(250880K)->212468K(250880K)
[619.428s][info][gc,metaspace   ] GC(640) Metaspace: 43213K(43648K)->43213K(43648K) NonClass: 38864K(39168K)->38864K(39168K) Class: 4349K(4480K)->4349K(4480K)
[619.428s][info][gc             ] GC(640) Pause Young (Allocation Failure) 465M->211M(527M) 4.045ms
[619.428s][info][gc,cpu         ] GC(640) User=0.01s Sys=0.00s Real=0.00s
[620.412s][info][gc,start       ] GC(641) Pause Young (Allocation Failure)
[620.417s][info][gc,heap        ] GC(641) PSYoungGen: 255121K(289280K)->4853K(292864K) Eden: 250880K(250880K)->0K(257536K) From: 4241K(38400K)->4853K(35328K)
[620.417s][info][gc,heap        ] GC(641) ParOldGen: 212468K(250880K)->213524K(250880K)
[620.417s][info][gc,metaspace   ] GC(641) Metaspace: 43213K(43648K)->43213K(43648K) NonClass: 38864K(39168K)->38864K(39168K) Class: 4349K(4480K)->4349K(4480K)
[620.417s][info][gc             ] GC(641) Pause Young (Allocation Failure) 456M->213M(531M) 5.106ms
[620.417s][info][gc,cpu         ] GC(641) User=0.01s Sys=0.00s Real=0.01s
[621.383s][info][gc,start       ] GC(642) Pause Young (Allocation Failure)
[621.428s][info][gc,heap        ] GC(642) PSYoungGen: 262389K(292864K)->36849K(294400K) Eden: 257536K(257536K)->0K(257536K) From: 4853K(35328K)->36849K(36864K)
[621.428s][info][gc,heap        ] GC(642) ParOldGen: 213524K(250880K)->222076K(250880K)
[621.428s][info][gc,metaspace   ] GC(642) Metaspace: 43213K(43648K)->43213K(43648K) NonClass: 38864K(39168K)->38864K(39168K) Class: 4349K(4480K)->4349K(4480K)
[621.428s][info][gc             ] GC(642) Pause Young (Allocation Failure) 464M->252M(532M) 45.003ms
[621.428s][info][gc,cpu         ] GC(642) User=0.09s Sys=0.00s Real=0.04s
[622.671s][info][gc,start       ] GC(643) Pause Young (Allocation Failure)
[622.714s][info][gc,heap        ] GC(643) PSYoungGen: 294385K(294400K)->24488K(280064K) Eden: 257536K(257536K)->0K(240640K) From: 36849K(36864K)->24488K(39424K)
[622.714s][info][gc,heap        ] GC(643) ParOldGen: 222076K(250880K)->237706K(250880K)
[622.714s][info][gc,metaspace   ] GC(643) Metaspace: 43213K(43648K)->43213K(43648K) NonClass: 38864K(39168K)->38864K(39168K) Class: 4349K(4480K)->4349K(4480K)
[622.714s][info][gc             ] GC(643) Pause Young (Allocation Failure) 504M->256M(518M) 42.505ms
[622.714s][info][gc,cpu         ] GC(643) User=0.09s Sys=0.00s Real=0.05s
[623.663s][info][gc,start       ] GC(644) Pause Young (Allocation Failure)
[623.690s][info][gc,heap        ] GC(644) PSYoungGen: 265128K(280064K)->9469K(287232K) Eden: 240640K(240640K)->0K(240640K) From: 24488K(39424K)->9469K(46592K)
[623.690s][info][gc,heap        ] GC(644) ParOldGen: 237706K(250880K)->252217K(252416K)
[623.690s][info][gc,metaspace   ] GC(644) Metaspace: 43213K(43648K)->43213K(43648K) NonClass: 38864K(39168K)->38864K(39168K) Class: 4349K(4480K)->4349K(4480K)
[623.690s][info][gc             ] GC(644) Pause Young (Allocation Failure) 491M->255M(527M) 26.681ms
[623.690s][info][gc,cpu         ] GC(644) User=0.05s Sys=0.00s Real=0.02s
[624.502s][info][gc,start       ] GC(645) Pause Young (Allocation Failure)
[624.523s][info][gc,heap        ] GC(645) PSYoungGen: 250109K(287232K)->27005K(286720K) Eden: 240640K(240640K)->0K(241664K) From: 9469K(46592K)->27005K(45056K)
[624.523s][info][gc,heap        ] GC(645) ParOldGen: 252217K(252416K)->253177K(253440K)
[624.523s][info][gc,metaspace   ] GC(645) Metaspace: 43213K(43648K)->43213K(43648K) NonClass: 38864K(39168K)->38864K(39168K) Class: 4349K(4480K)->4349K(4480K)
[624.523s][info][gc             ] GC(645) Pause Young (Allocation Failure) 490M->273M(527M) 21.317ms
[624.523s][info][gc,cpu         ] GC(645) User=0.04s Sys=0.00s Real=0.03s
[625.338s][info][gc,start       ] GC(646) Pause Young (Allocation Failure)
[625.358s][info][gc,heap        ] GC(646) PSYoungGen: 268669K(286720K)->13625K(255488K) Eden: 241664K(241664K)->0K(241664K) From: 27005K(45056K)->13625K(13824K)
[625.358s][info][gc,heap        ] GC(646) ParOldGen: 253177K(253440K)->262644K(262656K)
[625.358s][info][gc,metaspace   ] GC(646) Metaspace: 43213K(43648K)->43213K(43648K) NonClass: 38864K(39168K)->38864K(39168K) Class: 4349K(4480K)->4349K(4480K)
[625.358s][info][gc             ] GC(646) Pause Young (Allocation Failure) 509M->269M(506M) 20.073ms
[625.358s][info][gc,cpu         ] GC(646) User=0.03s Sys=0.00s Real=0.02s
[626.253s][info][gc,start       ] GC(647) Pause Young (Allocation Failure)
[626.283s][info][gc,heap        ] GC(647) PSYoungGen: 255289K(255488K)->44023K(274432K) Eden: 241664K(241664K)->0K(230400K) From: 13625K(13824K)->44023K(44032K)
[626.283s][info][gc,heap        ] GC(647) ParOldGen: 262644K(262656K)->263720K(264192K)
[626.283s][info][gc,metaspace   ] GC(647) Metaspace: 43213K(43648K)->43213K(43648K) NonClass: 38864K(39168K)->38864K(39168K) Class: 4349K(4480K)->4349K(4480K)
[626.283s][info][gc             ] GC(647) Pause Young (Allocation Failure) 505M->300M(526M) 29.514ms
[626.283s][info][gc,cpu         ] GC(647) User=0.05s Sys=0.01s Real=0.02s
[627.106s][info][gc,start       ] GC(648) Pause Young (Allocation Failure)
[627.191s][info][gc,heap        ] GC(648) PSYoungGen: 274423K(274432K)->51702K(282112K) Eden: 230400K(230400K)->0K(230400K) From: 44023K(44032K)->51702K(51712K)
[627.191s][info][gc,heap        ] GC(648) ParOldGen: 263720K(264192K)->305681K(306176K)
[627.191s][info][gc,metaspace   ] GC(648) Metaspace: 43213K(43648K)->43213K(43648K) NonClass: 38864K(39168K)->38864K(39168K) Class: 4349K(4480K)->4349K(4480K)
[627.191s][info][gc             ] GC(648) Pause Young (Allocation Failure) 525M->349M(574M) 84.846ms
[627.191s][info][gc,cpu         ] GC(648) User=0.13s Sys=0.04s Real=0.08s
[628.184s][info][gc,start       ] GC(649) Pause Young (Allocation Failure)
[628.329s][info][gc,heap        ] GC(649) PSYoungGen: 282102K(282112K)->51688K(163328K) Eden: 230400K(230400K)->0K(111616K) From: 51702K(51712K)->51688K(51712K)
[628.329s][info][gc,heap        ] GC(649) ParOldGen: 305681K(306176K)->403117K(403456K)
[628.329s][info][gc,metaspace   ] GC(649) Metaspace: 43213K(43648K)->43213K(43648K) NonClass: 38864K(39168K)->38864K(39168K) Class: 4349K(4480K)->4349K(4480K)
[628.329s][info][gc             ] GC(649) Pause Young (Allocation Failure) 574M->444M(553M) 144.600ms
[628.329s][info][gc,cpu         ] GC(649) User=0.21s Sys=0.06s Real=0.14s
[628.780s][info][gc,start       ] GC(650) Pause Young (Allocation Failure)
[628.874s][info][gc,heap        ] GC(650) PSYoungGen: 163304K(163328K)->61909K(222720K) Eden: 111616K(111616K)->0K(111616K) From: 51688K(51712K)->61909K(111104K)
[628.874s][info][gc,heap        ] GC(650) ParOldGen: 403117K(403456K)->444484K(444928K)
[628.874s][info][gc,metaspace   ] GC(650) Metaspace: 43213K(43648K)->43213K(43648K) NonClass: 38864K(39168K)->38864K(39168K) Class: 4349K(4480K)->4349K(4480K)
[628.874s][info][gc             ] GC(650) Pause Young (Allocation Failure) 553M->494M(652M) 94.241ms
[628.874s][info][gc,cpu         ] GC(650) User=0.16s Sys=0.03s Real=0.10s
[629.293s][info][gc,start       ] GC(651) Pause Young (Allocation Failure)
[629.377s][info][gc,heap        ] GC(651) PSYoungGen: 173525K(222720K)->34133K(221696K) Eden: 111616K(111616K)->0K(111616K) From: 61909K(111104K)->34133K(110080K)
[629.377s][info][gc,heap        ] GC(651) ParOldGen: 444484K(444928K)->499942K(500224K)
[629.377s][info][gc,metaspace   ] GC(651) Metaspace: 43213K(43648K)->43213K(43648K) NonClass: 38864K(39168K)->38864K(39168K) Class: 4349K(4480K)->4349K(4480K)
[629.377s][info][gc             ] GC(651) Pause Young (Allocation Failure) 603M->521M(705M) 84.373ms
[629.377s][info][gc,cpu         ] GC(651) User=0.13s Sys=0.04s Real=0.09s
[629.787s][info][gc,start       ] GC(652) Pause Young (Allocation Failure)
[629.813s][info][gc,heap        ] GC(652) PSYoungGen: 145749K(221696K)->4116K(222208K) Eden: 111616K(111616K)->0K(111616K) From: 34133K(110080K)->4116K(110592K)
[629.813s][info][gc,heap        ] GC(652) ParOldGen: 499942K(500224K)->520481K(520704K)
[629.813s][info][gc,metaspace   ] GC(652) Metaspace: 43213K(43648K)->43213K(43648K) NonClass: 38864K(39168K)->38864K(39168K) Class: 4349K(4480K)->4349K(4480K)
[629.813s][info][gc             ] GC(652) Pause Young (Allocation Failure) 630M->512M(725M) 25.879ms
[629.813s][info][gc,cpu         ] GC(652) User=0.04s Sys=0.01s Real=0.02s
[630.235s][info][gc,start       ] GC(653) Pause Young (Allocation Failure)
[630.262s][info][gc,heap        ] GC(653) PSYoungGen: 115732K(222208K)->31329K(210944K) Eden: 111616K(111616K)->0K(113152K) From: 4116K(110592K)->31329K(97792K)
[630.262s][info][gc,heap        ] GC(653) ParOldGen: 520481K(520704K)->521012K(521216K)
[630.262s][info][gc,metaspace   ] GC(653) Metaspace: 43213K(43648K)->43213K(43648K) NonClass: 38864K(39168K)->38864K(39168K) Class: 4349K(4480K)->4349K(4480K)
[630.262s][info][gc             ] GC(653) Pause Young (Allocation Failure) 621M->539M(715M) 26.983ms
[630.262s][info][gc,cpu         ] GC(653) User=0.05s Sys=0.01s Real=0.02s
[630.712s][info][gc,start       ] GC(654) Pause Young (Allocation Failure)
[630.726s][info][gc,heap        ] GC(654) PSYoungGen: 144481K(210944K)->17122K(217088K) Eden: 113152K(113152K)->0K(113152K) From: 31329K(97792K)->17122K(103936K)
[630.726s][info][gc,heap        ] GC(654) ParOldGen: 521012K(521216K)->521541K(521728K)
[630.726s][info][gc,metaspace   ] GC(654) Metaspace: 43213K(43648K)->43213K(43648K) NonClass: 38864K(39168K)->38864K(39168K) Class: 4349K(4480K)->4349K(4480K)
[630.726s][info][gc             ] GC(654) Pause Young (Allocation Failure) 649M->526M(721M) 14.088ms
[630.726s][info][gc,cpu         ] GC(654) User=0.03s Sys=0.00s Real=0.02s
[631.199s][info][gc,start       ] GC(655) Pause Young (Allocation Failure)
[631.205s][info][gc,heap        ] GC(655) PSYoungGen: 130274K(217088K)->3475K(224256K) Eden: 113152K(113152K)->0K(129536K) From: 17122K(103936K)->3475K(94720K)
[631.205s][info][gc,heap        ] GC(655) ParOldGen: 521541K(521728K)->522142K(522240K)
[631.205s][info][gc,metaspace   ] GC(655) Metaspace: 43213K(43648K)->43213K(43648K) NonClass: 38864K(39168K)->38864K(39168K) Class: 4349K(4480K)->4349K(4480K)
[631.205s][info][gc             ] GC(655) Pause Young (Allocation Failure) 636M->513M(729M) 5.676ms
[631.205s][info][gc,cpu         ] GC(655) User=0.00s Sys=0.00s Real=0.01s
[631.644s][info][gc,start       ] GC(656) Pause Young (Allocation Failure)
[631.651s][info][gc,heap        ] GC(656) PSYoungGen: 133011K(224256K)->6314K(228352K) Eden: 129536K(129536K)->0K(129536K) From: 3475K(94720K)->6314K(98816K)
[631.651s][info][gc,heap        ] GC(656) ParOldGen: 522142K(522240K)->522315K(522752K)
[631.651s][info][gc,metaspace   ] GC(656) Metaspace: 43213K(43648K)->43213K(43648K) NonClass: 38864K(39168K)->38864K(39168K) Class: 4349K(4480K)->4349K(4480K)
[631.651s][info][gc             ] GC(656) Pause Young (Allocation Failure) 639M->516M(733M) 6.606ms
[631.651s][info][gc,cpu         ] GC(656) User=0.01s Sys=0.00s Real=0.00s
[632.140s][info][gc,start       ] GC(657) Pause Young (Allocation Failure)
[632.144s][info][gc,heap        ] GC(657) PSYoungGen: 135850K(228352K)->1176K(228864K) Eden: 129536K(129536K)->0K(138240K) From: 6314K(98816K)->1176K(90624K)
[632.144s][info][gc,heap        ] GC(657) ParOldGen: 522315K(522752K)->522983K(523264K)
[632.144s][info][gc,metaspace   ] GC(657) Metaspace: 43213K(43648K)->43213K(43648K) NonClass: 38864K(39168K)->38864K(39168K) Class: 4349K(4480K)->4349K(4480K)
[632.144s][info][gc             ] GC(657) Pause Young (Allocation Failure) 642M->511M(734M) 3.982ms
[632.144s][info][gc,cpu         ] GC(657) User=0.00s Sys=0.00s Real=0.01s
[632.660s][info][gc,start       ] GC(658) Pause Young (Allocation Failure)
[632.680s][info][gc,heap        ] GC(658) PSYoungGen: 139416K(228864K)->30731K(232960K) Eden: 138240K(138240K)->0K(138240K) From: 1176K(90624K)->30731K(94720K)
[632.680s][info][gc,heap        ] GC(658) ParOldGen: 522983K(523264K)->523310K(523776K)
[632.680s][info][gc,metaspace   ] GC(658) Metaspace: 43213K(43648K)->43213K(43648K) NonClass: 38864K(39168K)->38864K(39168K) Class: 4349K(4480K)->4349K(4480K)
[632.680s][info][gc             ] GC(658) Pause Young (Allocation Failure) 646M->541M(739M) 20.953ms
[632.680s][info][gc,cpu         ] GC(658) User=0.04s Sys=0.00s Real=0.02s
[633.166s][info][gc,start       ] GC(659) Pause Young (Allocation Failure)
[633.171s][info][gc,heap        ] GC(659) PSYoungGen: 168971K(232960K)->3689K(235008K) Eden: 138240K(138240K)->0K(149504K) From: 30731K(94720K)->3689K(85504K)
[633.171s][info][gc,heap        ] GC(659) ParOldGen: 523310K(523776K)->523610K(523776K)
[633.171s][info][gc,metaspace   ] GC(659) Metaspace: 43213K(43648K)->43213K(43648K) NonClass: 38864K(39168K)->38864K(39168K) Class: 4349K(4480K)->4349K(4480K)
[633.171s][info][gc             ] GC(659) Pause Young (Allocation Failure) 676M->514M(741M) 5.301ms
[633.171s][info][gc,cpu         ] GC(659) User=0.01s Sys=0.00s Real=0.00s
[633.634s][info][gc,start       ] GC(660) Pause Young (Allocation Failure)
[633.649s][info][gc,heap        ] GC(660) PSYoungGen: 153193K(235008K)->21110K(236544K) Eden: 149504K(149504K)->0K(149504K) From: 3689K(85504K)->21110K(87040K)
[633.649s][info][gc,heap        ] GC(660) ParOldGen: 523610K(523776K)->524196K(524288K)
[633.649s][info][gc,metaspace   ] GC(660) Metaspace: 43213K(43648K)->43213K(43648K) NonClass: 38864K(39168K)->38864K(39168K) Class: 4349K(4480K)->4349K(4480K)
[633.649s][info][gc             ] GC(660) Pause Young (Allocation Failure) 660M->532M(743M) 15.095ms
[633.649s][info][gc,cpu         ] GC(660) User=0.03s Sys=0.00s Real=0.01s
[634.138s][info][gc,start       ] GC(661) Pause Young (Allocation Failure)
[634.161s][info][gc,heap        ] GC(661) PSYoungGen: 170614K(236544K)->1102K(244736K) Eden: 149504K(149504K)->0K(163328K) From: 21110K(87040K)->1102K(81408K)
[634.161s][info][gc,heap        ] GC(661) ParOldGen: 524196K(524288K)->544385K(544768K)
[634.161s][info][gc,metaspace   ] GC(661) Metaspace: 43213K(43648K)->43213K(43648K) NonClass: 38864K(39168K)->38864K(39168K) Class: 4349K(4480K)->4349K(4480K)
[634.161s][info][gc             ] GC(661) Pause Young (Allocation Failure) 678M->532M(771M) 22.807ms
[634.161s][info][gc,cpu         ] GC(661) User=0.03s Sys=0.01s Real=0.02s
[634.658s][info][gc,start       ] GC(662) Pause Young (Allocation Failure)
[634.662s][info][gc,heap        ] GC(662) PSYoungGen: 164430K(244736K)->1285K(242688K) Eden: 163328K(163328K)->0K(163328K) From: 1102K(81408K)->1285K(79360K)
[634.662s][info][gc,heap        ] GC(662) ParOldGen: 544385K(544768K)->544618K(544768K)
[634.662s][info][gc,metaspace   ] GC(662) Metaspace: 43213K(43648K)->43213K(43648K) NonClass: 38864K(39168K)->38864K(39168K) Class: 4349K(4480K)->4349K(4480K)
[634.662s][info][gc             ] GC(662) Pause Young (Allocation Failure) 692M->533M(769M) 4.000ms
[634.662s][info][gc,cpu         ] GC(662) User=0.00s Sys=0.00s Real=0.00s
[635.080s][info][gc,start       ] GC(663) Pause Young (Allocation Failure)
[635.086s][info][gc,heap        ] GC(663) PSYoungGen: 164613K(242688K)->3932K(251392K) Eden: 163328K(163328K)->0K(176128K) From: 1285K(79360K)->3932K(75264K)
[635.086s][info][gc,heap        ] GC(663) ParOldGen: 544618K(544768K)->545002K(545280K)
[635.086s][info][gc,metaspace   ] GC(663) Metaspace: 43213K(43648K)->43213K(43648K) NonClass: 38864K(39168K)->38864K(39168K) Class: 4349K(4480K)->4349K(4480K)
[635.086s][info][gc             ] GC(663) Pause Young (Allocation Failure) 692M->536M(778M) 6.248ms
[635.086s][info][gc,cpu         ] GC(663) User=0.01s Sys=0.00s Real=0.01s
[635.411s][info][gc,start       ] GC(664) Pause Young (Allocation Failure)
[635.418s][info][gc,heap        ] GC(664) PSYoungGen: 180060K(251392K)->3150K(250368K) Eden: 176128K(176128K)->0K(176128K) From: 3932K(75264K)->3150K(74240K)
[635.418s][info][gc,heap        ] GC(664) ParOldGen: 545002K(545280K)->546729K(546816K)
[635.418s][info][gc,metaspace   ] GC(664) Metaspace: 43213K(43648K)->43213K(43648K) NonClass: 38864K(39168K)->38864K(39168K) Class: 4349K(4480K)->4349K(4480K)
[635.418s][info][gc             ] GC(664) Pause Young (Allocation Failure) 708M->536M(778M) 6.597ms
[635.418s][info][gc,cpu         ] GC(664) User=0.01s Sys=0.00s Real=0.01s
[635.801s][info][gc,start       ] GC(665) Pause Young (Allocation Failure)
[635.809s][info][gc,heap        ] GC(665) PSYoungGen: 179278K(250368K)->10006K(255488K) Eden: 176128K(176128K)->0K(188416K) From: 3150K(74240K)->10006K(67072K)
[635.809s][info][gc,heap        ] GC(665) ParOldGen: 546729K(546816K)->546957K(547328K)
[635.809s][info][gc,metaspace   ] GC(665) Metaspace: 43213K(43648K)->43213K(43648K) NonClass: 38864K(39168K)->38864K(39168K) Class: 4349K(4480K)->4349K(4480K)
[635.809s][info][gc             ] GC(665) Pause Young (Allocation Failure) 708M->543M(784M) 8.809ms
[635.809s][info][gc,cpu         ] GC(665) User=0.02s Sys=0.00s Real=0.01s
[636.052s][info][gc,start       ] GC(666) Pause Young (Allocation Failure)
[636.064s][info][gc,heap        ] GC(666) PSYoungGen: 197340K(255488K)->256K(255488K) Eden: 187334K(188416K)->0K(188416K) From: 10006K(67072K)->256K(67072K)
[636.064s][info][gc,heap        ] GC(666) ParOldGen: 546957K(547328K)->556777K(557056K)
[636.064s][info][gc,metaspace   ] GC(666) Metaspace: 43213K(43648K)->43213K(43648K) NonClass: 38864K(39168K)->38864K(39168K) Class: 4349K(4480K)->4349K(4480K)
[636.064s][info][gc             ] GC(666) Pause Young (Allocation Failure) 726M->543M(793M) 12.111ms
[636.065s][info][gc,cpu         ] GC(666) User=0.01s Sys=0.01s Real=0.02s
[636.319s][info][gc,start       ] GC(667) Pause Young (Allocation Failure)
[636.326s][info][gc,heap        ] GC(667) PSYoungGen: 188291K(255488K)->2712K(263168K) Eden: 188035K(188416K)->0K(202240K) From: 256K(67072K)->2712K(60928K)
[636.326s][info][gc,heap        ] GC(667) ParOldGen: 556777K(557056K)->557006K(557056K)
[636.326s][info][gc,metaspace   ] GC(667) Metaspace: 43213K(43648K)->43213K(43648K) NonClass: 38864K(39168K)->38864K(39168K) Class: 4349K(4480K)->4349K(4480K)
[636.326s][info][gc             ] GC(667) Pause Young (Allocation Failure) 727M->546M(801M) 6.995ms
[636.326s][info][gc,cpu         ] GC(667) User=0.01s Sys=0.00s Real=0.01s
[636.592s][info][gc,start       ] GC(668) Pause Young (Allocation Failure)
[636.600s][info][gc,heap        ] GC(668) PSYoungGen: 204316K(263168K)->1748K(263680K) Eden: 201603K(202240K)->0K(202240K) From: 2712K(60928K)->1748K(61440K)
[636.601s][info][gc,heap        ] GC(668) ParOldGen: 557006K(557056K)->559666K(560128K)
[636.601s][info][gc,metaspace   ] GC(668) Metaspace: 43213K(43648K)->43213K(43648K) NonClass: 38864K(39168K)->38864K(39168K) Class: 4349K(4480K)->4349K(4480K)
[636.601s][info][gc             ] GC(668) Pause Young (Allocation Failure) 743M->548M(804M) 8.109ms
[636.601s][info][gc,cpu         ] GC(668) User=0.01s Sys=0.00s Real=0.01s
[636.886s][info][gc,start       ] GC(669) Pause Young (Allocation Failure)
[636.896s][info][gc,heap        ] GC(669) PSYoungGen: 203758K(263680K)->3907K(268800K) Eden: 202010K(202240K)->0K(214016K) From: 1748K(61440K)->3907K(54784K)
[636.896s][info][gc,heap        ] GC(669) ParOldGen: 559666K(560128K)->561418K(561664K)
[636.896s][info][gc,metaspace   ] GC(669) Metaspace: 43213K(43648K)->43213K(43648K) NonClass: 38864K(39168K)->38864K(39168K) Class: 4349K(4480K)->4349K(4480K)
[636.896s][info][gc             ] GC(669) Pause Young (Allocation Failure) 745M->552M(811M) 10.167ms
[636.896s][info][gc,cpu         ] GC(669) User=0.01s Sys=0.00s Real=0.01s
[637.195s][info][gc,start       ] GC(670) Pause Young (Allocation Failure)
[637.209s][info][gc,heap        ] GC(670) PSYoungGen: 216675K(268800K)->4396K(269312K) Eden: 212768K(214016K)->0K(214016K) From: 3907K(54784K)->4396K(55296K)
[637.209s][info][gc,heap        ] GC(670) ParOldGen: 561418K(561664K)->565346K(565760K)
[637.209s][info][gc,metaspace   ] GC(670) Metaspace: 43213K(43648K)->43213K(43648K) NonClass: 38864K(39168K)->38864K(39168K) Class: 4349K(4480K)->4349K(4480K)
[637.209s][info][gc             ] GC(670) Pause Young (Allocation Failure) 759M->556M(815M) 14.714ms
[637.209s][info][gc,cpu         ] GC(670) User=0.02s Sys=0.01s Real=0.01s
[637.537s][info][gc,start       ] GC(671) Pause Young (Allocation Failure)
[637.556s][info][gc,heap        ] GC(671) PSYoungGen: 217633K(269312K)->7057K(273920K) Eden: 213237K(214016K)->0K(226304K) From: 4396K(55296K)->7057K(47616K)
[637.556s][info][gc,heap        ] GC(671) ParOldGen: 565346K(565760K)->569664K(569856K)
[637.556s][info][gc,metaspace   ] GC(671) Metaspace: 43213K(43648K)->43213K(43648K) NonClass: 38864K(39168K)->38864K(39168K) Class: 4349K(4480K)->4349K(4480K)
[637.556s][info][gc             ] GC(671) Pause Young (Allocation Failure) 764M->563M(824M) 19.018ms
[637.556s][info][gc,cpu         ] GC(671) User=0.04s Sys=0.00s Real=0.02s
[637.877s][info][gc,start       ] GC(672) Pause Young (Allocation Failure)
[637.897s][info][gc,heap        ] GC(672) PSYoungGen: 232678K(273920K)->4356K(274944K) Eden: 225621K(226304K)->0K(226304K) From: 7057K(47616K)->4356K(48640K)
[637.897s][info][gc,heap        ] GC(672) ParOldGen: 569664K(569856K)->576842K(577024K)
[637.897s][info][gc,metaspace   ] GC(672) Metaspace: 43213K(43648K)->43213K(43648K) NonClass: 38864K(39168K)->38864K(39168K) Class: 4349K(4480K)->4349K(4480K)
[637.897s][info][gc             ] GC(672) Pause Young (Allocation Failure) 783M->567M(832M) 20.350ms
[637.898s][info][gc,cpu         ] GC(672) User=0.03s Sys=0.00s Real=0.02s
[638.432s][info][gc,start       ] GC(673) Pause Young (Allocation Failure)
[638.451s][info][gc,heap        ] GC(673) PSYoungGen: 230660K(274944K)->12140K(282112K) Eden: 226304K(226304K)->0K(239616K) From: 4356K(48640K)->12140K(42496K)
[638.451s][info][gc,heap        ] GC(673) ParOldGen: 576842K(577024K)->581133K(581632K)
[638.451s][info][gc,metaspace   ] GC(673) Metaspace: 43213K(43648K)->43213K(43648K) NonClass: 38864K(39168K)->38864K(39168K) Class: 4349K(4480K)->4349K(4480K)
[638.451s][info][gc             ] GC(673) Pause Young (Allocation Failure) 788M->579M(843M) 18.748ms
[638.451s][info][gc,cpu         ] GC(673) User=0.03s Sys=0.01s Real=0.02s
[639.060s][info][gc,start       ] GC(674) Pause Young (Allocation Failure)
[639.081s][info][gc,heap        ] GC(674) PSYoungGen: 251756K(282112K)->4480K(282624K) Eden: 239616K(239616K)->0K(239616K) From: 12140K(42496K)->4480K(43008K)
[639.081s][info][gc,heap        ] GC(674) ParOldGen: 581133K(581632K)->593315K(593408K)
[639.081s][info][gc,metaspace   ] GC(674) Metaspace: 43224K(43648K)->43224K(43648K) NonClass: 38875K(39168K)->38875K(39168K) Class: 4349K(4480K)->4349K(4480K)
[639.081s][info][gc             ] GC(674) Pause Young (Allocation Failure) 813M->583M(855M) 20.396ms
[639.081s][info][gc,cpu         ] GC(674) User=0.03s Sys=0.01s Real=0.02s
[639.695s][info][gc,start       ] GC(675) Pause Young (Allocation Failure)
[639.700s][info][gc,heap        ] GC(675) PSYoungGen: 244096K(282624K)->2504K(288256K) Eden: 239616K(239616K)->0K(249856K) From: 4480K(43008K)->2504K(38400K)
[639.700s][info][gc,heap        ] GC(675) ParOldGen: 593315K(593408K)->593501K(593920K)
[639.700s][info][gc,metaspace   ] GC(675) Metaspace: 43224K(43648K)->43224K(43648K) NonClass: 38875K(39168K)->38875K(39168K) Class: 4349K(4480K)->4349K(4480K)
[639.700s][info][gc             ] GC(675) Pause Young (Allocation Failure) 817M->582M(861M) 4.884ms
[639.700s][info][gc,cpu         ] GC(675) User=0.01s Sys=0.00s Real=0.00s
[640.333s][info][gc,start       ] GC(676) Pause Young (Allocation Failure)
[640.338s][info][gc,heap        ] GC(676) PSYoungGen: 252360K(288256K)->3280K(288768K) Eden: 249856K(249856K)->0K(249856K) From: 2504K(38400K)->3280K(38912K)
[640.338s][info][gc,heap        ] GC(676) ParOldGen: 593501K(593920K)->593501K(593920K)
[640.338s][info][gc,metaspace   ] GC(676) Metaspace: 43224K(43648K)->43224K(43648K) NonClass: 38875K(39168K)->38875K(39168K) Class: 4349K(4480K)->4349K(4480K)
[640.338s][info][gc             ] GC(676) Pause Young (Allocation Failure) 826M->582M(862M) 5.679ms
[640.339s][info][gc,cpu         ] GC(676) User=0.01s Sys=0.00s Real=0.01s
[641.044s][info][gc,start       ] GC(677) Pause Young (Allocation Failure)
[641.049s][info][gc,heap        ] GC(677) PSYoungGen: 253136K(288768K)->5570K(291328K) Eden: 249856K(249856K)->0K(258048K) From: 3280K(38912K)->5570K(33280K)
[641.049s][info][gc,heap        ] GC(677) ParOldGen: 593501K(593920K)->593549K(593920K)
[641.049s][info][gc,metaspace   ] GC(677) Metaspace: 43224K(43648K)->43224K(43648K) NonClass: 38875K(39168K)->38875K(39168K) Class: 4349K(4480K)->4349K(4480K)
[641.049s][info][gc             ] GC(677) Pause Young (Allocation Failure) 826M->585M(864M) 5.124ms
[641.049s][info][gc,cpu         ] GC(677) User=0.01s Sys=0.00s Real=0.00s
[642.235s][info][gc,start       ] GC(678) Pause Young (Allocation Failure)
[642.241s][info][gc,heap        ] GC(678) PSYoungGen: 263618K(291328K)->2866K(292352K) Eden: 258048K(258048K)->0K(258048K) From: 5570K(33280K)->2866K(34304K)
[642.241s][info][gc,heap        ] GC(678) ParOldGen: 593549K(593920K)->593669K(593920K)
[642.241s][info][gc,metaspace   ] GC(678) Metaspace: 43224K(43648K)->43224K(43648K) NonClass: 38875K(39168K)->38875K(39168K) Class: 4349K(4480K)->4349K(4480K)
[642.241s][info][gc             ] GC(678) Pause Young (Allocation Failure) 837M->582M(865M) 5.895ms
[642.241s][info][gc,cpu         ] GC(678) User=0.01s Sys=0.00s Real=0.00s
[643.421s][info][gc,start       ] GC(679) Pause Young (Allocation Failure)
[643.446s][info][gc,heap        ] GC(679) PSYoungGen: 260914K(292352K)->21818K(295936K) Eden: 258048K(258048K)->0K(263168K) From: 2866K(34304K)->21818K(32768K)
[643.446s][info][gc,heap        ] GC(679) ParOldGen: 593669K(593920K)->596463K(596480K)
[643.446s][info][gc,metaspace   ] GC(679) Metaspace: 43231K(43648K)->43231K(43648K) NonClass: 38882K(39168K)->38882K(39168K) Class: 4349K(4480K)->4349K(4480K)
[643.446s][info][gc             ] GC(679) Pause Young (Allocation Failure) 834M->603M(871M) 25.559ms
[643.446s][info][gc,cpu         ] GC(679) User=0.05s Sys=0.00s Real=0.03s
[644.126s][info][gc,start       ] GC(680) Pause Young (Allocation Failure)
[644.189s][info][gc,heap        ] GC(680) PSYoungGen: 284986K(295936K)->30136K(293376K) Eden: 263168K(263168K)->0K(263168K) From: 21818K(32768K)->30136K(30208K)
[644.189s][info][gc,heap        ] GC(680) ParOldGen: 596463K(596480K)->617903K(617984K)
[644.189s][info][gc,metaspace   ] GC(680) Metaspace: 43231K(43648K)->43231K(43648K) NonClass: 38882K(39168K)->38882K(39168K) Class: 4349K(4480K)->4349K(4480K)
[644.189s][info][gc             ] GC(680) Pause Young (Allocation Failure) 860M->632M(890M) 62.793ms
[644.189s][info][gc,cpu         ] GC(680) User=0.12s Sys=0.01s Real=0.06s
[644.885s][info][gc,start       ] GC(681) Pause Young (Allocation Failure)
[644.957s][info][gc,heap        ] GC(681) PSYoungGen: 293304K(293376K)->29625K(285184K) Eden: 263168K(263168K)->0K(244736K) From: 30136K(30208K)->29625K(40448K)
[644.957s][info][gc,heap        ] GC(681) ParOldGen: 617903K(617984K)->646559K(646656K)
[644.957s][info][gc,metaspace   ] GC(681) Metaspace: 43231K(43648K)->43231K(43648K) NonClass: 38882K(39168K)->38882K(39168K) Class: 4349K(4480K)->4349K(4480K)
[644.957s][info][gc             ] GC(681) Pause Young (Allocation Failure) 889M->660M(910M) 72.148ms
[644.957s][info][gc,cpu         ] GC(681) User=0.12s Sys=0.02s Real=0.07s
[645.309s][info][gc,heap,exit   ] Heap
[645.309s][info][gc,heap,exit   ]  PSYoungGen      total 285184K, used 143502K [0x00000000eba00000, 0x0000000100000000, 0x0000000100000000)
[645.309s][info][gc,heap,exit   ]   eden space 244736K, 46% used [0x00000000eba00000,0x00000000f29351f0,0x00000000fa900000)
[645.309s][info][gc,heap,exit   ]   from space 40448K, 73% used [0x00000000fd880000,0x00000000ff56e7b0,0x0000000100000000)
[645.309s][info][gc,heap,exit   ]   to   space 44544K, 0% used [0x00000000fa900000,0x00000000fa900000,0x00000000fd480000)
[645.309s][info][gc,heap,exit   ]  ParOldGen       total 646656K, used 646559K [0x00000000c2e00000, 0x00000000ea580000, 0x00000000eba00000)
[645.309s][info][gc,heap,exit   ]   object space 646656K, 99% used [0x00000000c2e00000,0x00000000ea567d38,0x00000000ea580000)
[645.309s][info][gc,heap,exit   ]  Metaspace       used 43365K, committed 43776K, reserved 1114112K
[645.309s][info][gc,heap,exit   ]   class space    used 4375K, committed 4480K, reserved 1048576K
