[0.002s][info][metaspace]  - commit_granule_bytes: 65536.
[0.002s][info][metaspace]  - commit_granule_words: 8192.
[0.002s][info][metaspace]  - virtual_space_node_default_size: 8388608.
[0.002s][info][metaspace]  - enlarge_chunks_in_place: 1.
[0.005s][info][gc,init  ] CardTable entry size: 512
[0.005s][info][gc       ] Using Parallel
[0.006s][info][gc,init  ] Version: 24-internal-adhoc.root.jdk (release)
[0.006s][info][gc,init  ] CPUs: 2 total, 2 available
[0.006s][info][gc,init  ] Memory: 3908M
[0.006s][info][gc,init  ] Large Page Support: Disabled
[0.006s][info][gc,init  ] NUMA Support: Disabled
[0.006s][info][gc,init  ] Compressed Oops: Enabled (32-bit)
[0.006s][info][gc,init  ] Alignments: Space 512K, Generation 512K, Heap 2M
[0.006s][info][gc,init  ] Heap Min Capacity: 256M
[0.006s][info][gc,init  ] Heap Initial Capacity: 256M
[0.006s][info][gc,init  ] Heap Max Capacity: 978M
[0.006s][info][gc,init  ] Pre-touch: Disabled
[0.006s][info][gc,init  ] Parallel Workers: 2
[0.019s][info][gc,metaspace] CDS archive(s) mapped at: [0x00007fd8fd000000-0x00007fd8fde7b000-0x00007fd8fde7b000), size 15183872, SharedBaseAddress: 0x00007fd8fd000000, ArchiveRelocationMode: 1.
[0.019s][info][gc,metaspace] Compressed class space mapped at: 0x00007fd8fe000000-0x00007fd93e000000, reserved size: 1073741824
[0.019s][info][gc,metaspace] UseCompressedClassPointers 1, UseCompactObjectHeaders 1
[0.019s][info][gc,metaspace] Narrow klass pointer bits 22, Max shift 10
[0.019s][info][gc,metaspace] Narrow klass base: 0x00007fd8fd000000, Narrow klass shift: 10
[0.019s][info][gc,metaspace] Encoding Range: [0x00007fd8fd000000 - 0x00007fd9fd000000), (4294967296 bytes)
[0.019s][info][gc,metaspace] Klass Range:    [0x00007fd8fd000000 - 0x00007fd93e000000), (1090519040 bytes)
[0.019s][info][gc,metaspace] Klass ID Range:  [1 - 1064960) (1064959)
[8.631s][info][gc,start    ] GC(0) Pause Young (Allocation Failure)
[8.656s][info][gc,heap     ] GC(0) PSYoungGen: 65536K(76288K)->10751K(76288K) Eden: 65536K(65536K)->0K(65536K) From: 0K(10752K)->10751K(10752K)
[8.656s][info][gc,heap     ] GC(0) ParOldGen: 132160K(175104K)->157292K(175104K)
[8.656s][info][gc,metaspace] GC(0) Metaspace: 6071K(6272K)->6071K(6272K) NonClass: 5208K(5312K)->5208K(5312K) Class: 863K(960K)->863K(960K)
[8.656s][info][gc          ] GC(0) Pause Young (Allocation Failure) 193M->164M(245M) 25.231ms
[8.656s][info][gc,cpu      ] GC(0) User=0.02s Sys=0.02s Real=0.03s
[8.670s][info][gc,start    ] GC(1) Pause Young (Allocation Failure)
[8.725s][info][gc,heap     ] GC(1) PSYoungGen: 76287K(76288K)->10741K(76288K) Eden: 65536K(65536K)->0K(65536K) From: 10751K(10752K)->10741K(10752K)
[8.725s][info][gc,heap     ] GC(1) ParOldGen: 157292K(175104K)->223287K(223744K)
[8.725s][info][gc,metaspace] GC(1) Metaspace: 6075K(6272K)->6075K(6272K) NonClass: 5211K(5312K)->5211K(5312K) Class: 863K(960K)->863K(960K)
[8.725s][info][gc          ] GC(1) Pause Young (Allocation Failure) 228M->228M(293M) 54.566ms
[8.725s][info][gc,cpu      ] GC(1) User=0.04s Sys=0.05s Real=0.06s
[8.736s][info][gc,start    ] GC(2) Pause Young (Allocation Failure)
[8.783s][info][gc,heap     ] GC(2) PSYoungGen: 76277K(76288K)->10750K(76288K) Eden: 65536K(65536K)->0K(65536K) From: 10741K(10752K)->10750K(10752K)
[8.783s][info][gc,heap     ] GC(2) ParOldGen: 223287K(223744K)->291764K(291840K)
[8.783s][info][gc,metaspace] GC(2) Metaspace: 6075K(6272K)->6075K(6272K) NonClass: 5211K(5312K)->5211K(5312K) Class: 863K(960K)->863K(960K)
[8.783s][info][gc          ] GC(2) Pause Young (Allocation Failure) 292M->295M(359M) 47.915ms
[8.783s][info][gc,cpu      ] GC(2) User=0.04s Sys=0.05s Real=0.04s
[8.794s][info][gc,start    ] GC(3) Pause Young (Allocation Failure)
[8.850s][info][gc,heap     ] GC(3) PSYoungGen: 76286K(76288K)->10737K(141824K) Eden: 65536K(65536K)->0K(131072K) From: 10750K(10752K)->10737K(10752K)
[8.850s][info][gc,heap     ] GC(3) ParOldGen: 291764K(291840K)->361239K(361472K)
[8.850s][info][gc,metaspace] GC(3) Metaspace: 6075K(6272K)->6075K(6272K) NonClass: 5211K(5312K)->5211K(5312K) Class: 863K(960K)->863K(960K)
[8.850s][info][gc          ] GC(3) Pause Young (Allocation Failure) 359M->363M(491M) 55.836ms
[8.850s][info][gc,cpu      ] GC(3) User=0.03s Sys=0.06s Real=0.05s
[8.899s][info][gc,start    ] GC(4) Pause Young (Allocation Failure)
[9.005s][info][gc,heap     ] GC(4) PSYoungGen: 141809K(141824K)->10739K(141824K) Eden: 131072K(131072K)->0K(131072K) From: 10737K(10752K)->10739K(10752K)
[9.005s][info][gc,heap     ] GC(4) ParOldGen: 361239K(361472K)->497108K(497152K)
[9.005s][info][gc,metaspace] GC(4) Metaspace: 6076K(6272K)->6076K(6272K) NonClass: 5212K(5312K)->5212K(5312K) Class: 863K(960K)->863K(960K)
[9.005s][info][gc          ] GC(4) Pause Young (Allocation Failure) 491M->495M(624M) 106.506ms
[9.005s][info][gc,cpu      ] GC(4) User=0.07s Sys=0.10s Real=0.11s
[9.026s][info][gc,start    ] GC(5) Pause Young (Allocation Failure)
[9.113s][info][gc,heap     ] GC(5) PSYoungGen: 141685K(141824K)->111080K(222720K) Eden: 130946K(131072K)->0K(111616K) From: 10739K(10752K)->111080K(111104K)
[9.113s][info][gc,heap     ] GC(5) ParOldGen: 497108K(497152K)->527795K(527872K)
[9.113s][info][gc,metaspace] GC(5) Metaspace: 6076K(6272K)->6076K(6272K) NonClass: 5212K(5312K)->5212K(5312K) Class: 863K(960K)->863K(960K)
[9.113s][info][gc          ] GC(5) Pause Young (Allocation Failure) 623M->623M(733M) 86.426ms
[9.113s][info][gc,cpu      ] GC(5) User=0.05s Sys=0.10s Real=0.08s
[9.212s][info][gc,start    ] GC(6) Pause Full (Allocation Failure)
[9.212s][info][gc,phases,start] GC(6) Marking Phase
[9.246s][info][gc,phases      ] GC(6) Marking Phase 33.526ms
[9.246s][info][gc,phases,start] GC(6) Summary Phase
[9.246s][info][gc,phases      ] GC(6) Summary Phase 0.023ms
[9.246s][info][gc,phases,start] GC(6) Forward
[9.261s][info][gc,phases      ] GC(6) Forward 15.246ms
[9.261s][info][gc,phases,start] GC(6) Adjust Pointers
[9.279s][info][gc,phases      ] GC(6) Adjust Pointers 17.709ms
[9.279s][info][gc,phases,start] GC(6) Compaction Phase
[9.367s][info][gc,phases      ] GC(6) Compaction Phase 88.505ms
[9.368s][info][gc,phases,start] GC(6) Post Compact
[9.376s][info][gc,phases      ] GC(6) Post Compact 7.951ms
[9.376s][info][gc,heap        ] GC(6) PSYoungGen: 218388K(222720K)->198345K(222720K) Eden: 107308K(111616K)->111460K(111616K) From: 111080K(111104K)->86885K(111104K)
[9.376s][info][gc,heap        ] GC(6) ParOldGen: 624922K(625152K)->624922K(667648K)
[9.376s][info][gc,metaspace   ] GC(6) Metaspace: 6085K(6272K)->6085K(6272K) NonClass: 5220K(5312K)->5220K(5312K) Class: 865K(960K)->865K(960K)
[9.376s][info][gc             ] GC(6) Pause Full (Allocation Failure) 823M->803M(869M) 163.522ms
[9.376s][info][gc,cpu         ] GC(6) User=0.28s Sys=0.02s Real=0.17s
[9.480s][info][gc,start       ] GC(7) Pause Full (Allocation Failure)
[9.480s][info][gc,phases,start] GC(7) Marking Phase
[9.499s][info][gc,phases      ] GC(7) Marking Phase 19.104ms
[9.499s][info][gc,phases,start] GC(7) Summary Phase
[9.499s][info][gc,phases      ] GC(7) Summary Phase 0.022ms
[9.499s][info][gc,phases,start] GC(7) Forward
[9.501s][info][gc,phases      ] GC(7) Forward 1.490ms
[9.501s][info][gc,phases,start] GC(7) Adjust Pointers
[9.517s][info][gc,phases      ] GC(7) Adjust Pointers 16.324ms
[9.517s][info][gc,phases,start] GC(7) Compaction Phase
[9.557s][info][gc,phases      ] GC(7) Compaction Phase 39.941ms
[9.557s][info][gc,phases,start] GC(7) Post Compact
[9.560s][info][gc,phases      ] GC(7) Post Compact 2.894ms
[9.560s][info][gc,heap        ] GC(7) PSYoungGen: 198501K(222720K)->180365K(222720K) Eden: 111616K(111616K)->110607K(111616K) From: 86885K(111104K)->69758K(111104K)
[9.560s][info][gc,heap        ] GC(7) ParOldGen: 649204K(667648K)->667183K(667648K)
[9.560s][info][gc,metaspace   ] GC(7) Metaspace: 6085K(6272K)->6085K(6272K) NonClass: 5220K(5312K)->5220K(5312K) Class: 865K(960K)->865K(960K)
[9.560s][info][gc             ] GC(7) Pause Full (Allocation Failure) 827M->827M(869M) 80.127ms
[9.560s][info][gc,cpu         ] GC(7) User=0.14s Sys=0.02s Real=0.08s
[9.560s][info][gc,start       ] GC(8) Pause Full (Allocation Failure)
[9.560s][info][gc,phases,start] GC(8) Marking Phase
[9.580s][info][gc,phases      ] GC(8) Marking Phase 20.227ms
[9.580s][info][gc,phases,start] GC(8) Summary Phase
[9.580s][info][gc,phases      ] GC(8) Summary Phase 0.018ms
[9.580s][info][gc,phases,start] GC(8) Forward
[9.582s][info][gc,phases      ] GC(8) Forward 1.340ms
[9.582s][info][gc,phases,start] GC(8) Adjust Pointers
[9.597s][info][gc,phases      ] GC(8) Adjust Pointers 15.573ms
[9.597s][info][gc,phases,start] GC(8) Compaction Phase
[9.613s][info][gc,phases      ] GC(8) Compaction Phase 15.794ms
[9.613s][info][gc,phases,start] GC(8) Post Compact
[9.615s][info][metaspace      ] ChkMgr @0x00007fd95c03eed0 (non-class-space): : reclaiming memory...
[9.615s][info][metaspace      ] ChkMgr @0x00007fd95c03eed0 (non-class-space): nothing reclaimed.
[9.615s][info][metaspace      ] ChkMgr @0x00007fd95c03ece0 (class-space): : reclaiming memory...
[9.615s][info][metaspace      ] ChkMgr @0x00007fd95c03ece0 (class-space): nothing reclaimed.
[9.616s][info][gc,phases      ] GC(8) Post Compact 2.402ms
[9.616s][info][gc,heap        ] GC(8) PSYoungGen: 180365K(222720K)->180270K(222720K) Eden: 110607K(111616K)->110511K(111616K) From: 69758K(111104K)->69758K(111104K)
[9.616s][info][gc,heap        ] GC(8) ParOldGen: 667183K(667648K)->667183K(667648K)
[9.616s][info][gc,metaspace   ] GC(8) Metaspace: 6085K(6272K)->6072K(6272K) NonClass: 5220K(5312K)->5206K(5312K) Class: 865K(960K)->865K(960K)
[9.616s][info][gc             ] GC(8) Pause Full (Allocation Failure) 827M->827M(869M) 55.590ms
[9.616s][info][gc,cpu         ] GC(8) User=0.10s Sys=0.00s Real=0.06s
[9.621s][info][gc,start       ] GC(9) Pause Full (Allocation Failure)
[9.621s][info][gc,phases,start] GC(9) Marking Phase
[9.629s][info][gc,phases      ] GC(9) Marking Phase 7.913ms
[9.629s][info][gc,phases,start] GC(9) Summary Phase
[9.629s][info][gc,phases      ] GC(9) Summary Phase 0.020ms
[9.629s][info][gc,phases,start] GC(9) Forward
[9.630s][info][gc,phases      ] GC(9) Forward 1.669ms
[9.630s][info][gc,phases,start] GC(9) Adjust Pointers
[9.633s][info][gc,phases      ] GC(9) Adjust Pointers 2.944ms
[9.633s][info][gc,phases,start] GC(9) Compaction Phase
[9.635s][info][gc,phases      ] GC(9) Compaction Phase 1.158ms
[9.635s][info][gc,phases,start] GC(9) Post Compact
[9.636s][info][metaspace      ] ChkMgr @0x00007fd95c03eed0 (non-class-space): : reclaiming memory...
[9.637s][info][metaspace      ] ChkMgr @0x00007fd95c03eed0 (non-class-space): nothing reclaimed.
[9.637s][info][metaspace      ] ChkMgr @0x00007fd95c03ece0 (class-space): : reclaiming memory...
[9.637s][info][metaspace      ] ChkMgr @0x00007fd95c03ece0 (class-space): nothing reclaimed.
[9.637s][info][gc,phases      ] GC(9) Post Compact 2.126ms
[9.669s][info][gc,heap        ] GC(9) PSYoungGen: 181374K(222720K)->0K(222720K) Eden: 111616K(111616K)->0K(111616K) From: 69758K(111104K)->0K(111104K)
[9.669s][info][gc,heap        ] GC(9) ParOldGen: 667183K(667648K)->38036K(265216K)
[9.669s][info][gc,metaspace   ] GC(9) Metaspace: 6079K(6272K)->6077K(6272K) NonClass: 5210K(5312K)->5208K(5312K) Class: 868K(960K)->868K(960K)
[9.669s][info][gc             ] GC(9) Pause Full (Allocation Failure) 828M->37M(476M) 47.878ms
[9.669s][info][gc,cpu         ] GC(9) User=0.02s Sys=0.03s Real=0.05s
[9.670s][info][gc,heap,exit   ] Heap
[9.670s][info][gc,heap,exit   ]  PSYoungGen      total 222720K, used 7168K [0x00000000eba00000, 0x0000000100000000, 0x0000000100000000)
[9.670s][info][gc,heap,exit   ]   eden space 111616K, 6% used [0x00000000eba00000,0x00000000ec1002f8,0x00000000f2700000)
[9.670s][info][gc,heap,exit   ]   from space 111104K, 0% used [0x00000000f2700000,0x00000000f2700000,0x00000000f9380000)
[9.670s][info][gc,heap,exit   ]   to   space 111104K, 0% used [0x00000000f9380000,0x00000000f9380000,0x0000000100000000)
[9.670s][info][gc,heap,exit   ]  ParOldGen       total 265216K, used 38036K [0x00000000c2e00000, 0x00000000d3100000, 0x00000000eba00000)
[9.670s][info][gc,heap,exit   ]   object space 265216K, 14% used [0x00000000c2e00000,0x00000000c53252b8,0x00000000d3100000)
[9.670s][info][gc,heap,exit   ]  Metaspace       used 6079K, committed 6272K, reserved 1114112K
[9.670s][info][gc,heap,exit   ]   class space    used 868K, committed 960K, reserved 1048576K
