[0.002s][info][metaspace]  - commit_granule_bytes: 65536.
[0.002s][info][metaspace]  - commit_granule_words: 8192.
[0.002s][info][metaspace]  - virtual_space_node_default_size: 8388608.
[0.002s][info][metaspace]  - enlarge_chunks_in_place: 1.
[0.005s][info][gc,init  ] CardTable entry size: 512
[0.005s][info][gc       ] Using Parallel
[0.006s][info][gc,init  ] Version: 24-internal-adhoc.root.jdk (release)
[0.006s][info][gc,init  ] CPUs: 2 total, 2 available
[0.006s][info][gc,init  ] Memory: 3908M
[0.006s][info][gc,init  ] Large Page Support: Disabled
[0.006s][info][gc,init  ] NUMA Support: Disabled
[0.006s][info][gc,init  ] Compressed Oops: Enabled (32-bit)
[0.006s][info][gc,init  ] Alignments: Space 512K, Generation 512K, Heap 2M
[0.006s][info][gc,init  ] Heap Min Capacity: 256M
[0.006s][info][gc,init  ] Heap Initial Capacity: 256M
[0.006s][info][gc,init  ] Heap Max Capacity: 978M
[0.006s][info][gc,init  ] Pre-touch: Disabled
[0.006s][info][gc,init  ] Parallel Workers: 2
[0.023s][info][gc,metaspace] CDS archive(s) mapped at: [0x00007f25f2000000-0x00007f25f2e7b000-0x00007f25f2e7b000), size 15183872, SharedBaseAddress: 0x00007f25f2000000, ArchiveRelocationMode: 1.
[0.023s][info][gc,metaspace] Compressed class space mapped at: 0x00007f25f3000000-0x00007f2633000000, reserved size: 1073741824
[0.023s][info][gc,metaspace] UseCompressedClassPointers 1, UseCompactObjectHeaders 1
[0.023s][info][gc,metaspace] Narrow klass pointer bits 22, Max shift 10
[0.023s][info][gc,metaspace] Narrow klass base: 0x00007f25f2000000, Narrow klass shift: 10
[0.023s][info][gc,metaspace] Encoding Range: [0x00007f25f2000000 - 0x00007f26f2000000), (4294967296 bytes)
[0.023s][info][gc,metaspace] Klass Range:    [0x00007f25f2000000 - 0x00007f2633000000), (1090519040 bytes)
[0.023s][info][gc,metaspace] Klass ID Range:  [1 - 1064960) (1064959)
[8.416s][info][gc,start    ] GC(0) Pause Young (Allocation Failure)
[8.445s][info][gc,heap     ] GC(0) PSYoungGen: 65536K(76288K)->10723K(76288K) Eden: 65536K(65536K)->0K(65536K) From: 0K(10752K)->10723K(10752K)
[8.445s][info][gc,heap     ] GC(0) ParOldGen: 132160K(175104K)->157339K(175104K)
[8.445s][info][gc,metaspace] GC(0) Metaspace: 6067K(6272K)->6067K(6272K) NonClass: 5204K(5312K)->5204K(5312K) Class: 863K(960K)->863K(960K)
[8.445s][info][gc          ] GC(0) Pause Young (Allocation Failure) 193M->164M(245M) 29.194ms
[8.445s][info][gc,cpu      ] GC(0) User=0.02s Sys=0.03s Real=0.03s
[8.459s][info][gc,start    ] GC(1) Pause Young (Allocation Failure)
[8.512s][info][gc,heap     ] GC(1) PSYoungGen: 76259K(76288K)->10749K(76288K) Eden: 65536K(65536K)->0K(65536K) From: 10723K(10752K)->10749K(10752K)
[8.512s][info][gc,heap     ] GC(1) ParOldGen: 157339K(175104K)->223327K(223744K)
[8.512s][info][gc,metaspace] GC(1) Metaspace: 6072K(6272K)->6072K(6272K) NonClass: 5208K(5312K)->5208K(5312K) Class: 863K(960K)->863K(960K)
[8.512s][info][gc          ] GC(1) Pause Young (Allocation Failure) 228M->228M(293M) 52.784ms
[8.512s][info][gc,cpu      ] GC(1) User=0.04s Sys=0.05s Real=0.05s
[8.523s][info][gc,start    ] GC(2) Pause Young (Allocation Failure)
[8.573s][info][gc,heap     ] GC(2) PSYoungGen: 76285K(76288K)->10746K(76288K) Eden: 65536K(65536K)->0K(65536K) From: 10749K(10752K)->10746K(10752K)
[8.573s][info][gc,heap     ] GC(2) ParOldGen: 223327K(223744K)->291814K(291840K)
[8.573s][info][gc,metaspace] GC(2) Metaspace: 6072K(6272K)->6072K(6272K) NonClass: 5208K(5312K)->5208K(5312K) Class: 863K(960K)->863K(960K)
[8.573s][info][gc          ] GC(2) Pause Young (Allocation Failure) 292M->295M(359M) 49.640ms
[8.573s][info][gc,cpu      ] GC(2) User=0.03s Sys=0.05s Real=0.05s
[8.583s][info][gc,start    ] GC(3) Pause Young (Allocation Failure)
[8.641s][info][gc,heap     ] GC(3) PSYoungGen: 76282K(76288K)->10721K(141824K) Eden: 65536K(65536K)->0K(131072K) From: 10746K(10752K)->10721K(10752K)
[8.641s][info][gc,heap     ] GC(3) ParOldGen: 291814K(291840K)->361297K(361472K)
[8.641s][info][gc,metaspace] GC(3) Metaspace: 6072K(6272K)->6072K(6272K) NonClass: 5208K(5312K)->5208K(5312K) Class: 863K(960K)->863K(960K)
[8.641s][info][gc          ] GC(3) Pause Young (Allocation Failure) 359M->363M(491M) 57.672ms
[8.641s][info][gc,cpu      ] GC(3) User=0.04s Sys=0.06s Real=0.05s
[8.690s][info][gc,start    ] GC(4) Pause Young (Allocation Failure)
[8.795s][info][gc,heap     ] GC(4) PSYoungGen: 141793K(141824K)->10728K(141824K) Eden: 131072K(131072K)->0K(131072K) From: 10721K(10752K)->10728K(10752K)
[8.795s][info][gc,heap     ] GC(4) ParOldGen: 361297K(361472K)->497120K(497152K)
[8.795s][info][gc,metaspace] GC(4) Metaspace: 6073K(6272K)->6073K(6272K) NonClass: 5209K(5312K)->5209K(5312K) Class: 863K(960K)->863K(960K)
[8.795s][info][gc          ] GC(4) Pause Young (Allocation Failure) 491M->495M(624M) 105.203ms
[8.795s][info][gc,cpu      ] GC(4) User=0.07s Sys=0.11s Real=0.11s
[8.816s][info][gc,start    ] GC(5) Pause Young (Allocation Failure)
[8.897s][info][gc,heap     ] GC(5) PSYoungGen: 141675K(141824K)->111091K(222720K) Eden: 130946K(131072K)->0K(111616K) From: 10728K(10752K)->111091K(111104K)
[8.897s][info][gc,heap     ] GC(5) ParOldGen: 497120K(497152K)->527764K(527872K)
[8.897s][info][gc,metaspace] GC(5) Metaspace: 6073K(6272K)->6073K(6272K) NonClass: 5209K(5312K)->5209K(5312K) Class: 863K(960K)->863K(960K)
[8.897s][info][gc          ] GC(5) Pause Young (Allocation Failure) 623M->623M(733M) 80.941ms
[8.897s][info][gc,cpu      ] GC(5) User=0.04s Sys=0.10s Real=0.08s
[8.998s][info][gc,start    ] GC(6) Pause Full (Allocation Failure)
[8.998s][info][gc,phases,start] GC(6) Marking Phase
[9.029s][info][gc,phases      ] GC(6) Marking Phase 31.615ms
[9.029s][info][gc,phases,start] GC(6) Summary Phase
[9.029s][info][gc,phases      ] GC(6) Summary Phase 0.024ms
[9.029s][info][gc,phases,start] GC(6) Forward
[9.046s][info][gc,phases      ] GC(6) Forward 17.118ms
[9.046s][info][gc,phases,start] GC(6) Adjust Pointers
[9.064s][info][gc,phases      ] GC(6) Adjust Pointers 17.584ms
[9.064s][info][gc,phases,start] GC(6) Compaction Phase
[9.158s][info][gc,phases      ] GC(6) Compaction Phase 93.735ms
[9.158s][info][gc,phases,start] GC(6) Post Compact
[9.167s][info][gc,phases      ] GC(6) Post Compact 8.703ms
[9.167s][info][gc,heap        ] GC(6) PSYoungGen: 218399K(222720K)->198371K(222720K) Eden: 107308K(111616K)->111449K(111616K) From: 111091K(111104K)->86922K(111104K)
[9.167s][info][gc,heap        ] GC(6) ParOldGen: 624892K(625152K)->624895K(667648K)
[9.167s][info][gc,metaspace   ] GC(6) Metaspace: 6082K(6272K)->6082K(6272K) NonClass: 5216K(5312K)->5216K(5312K) Class: 865K(960K)->865K(960K)
[9.167s][info][gc             ] GC(6) Pause Full (Allocation Failure) 823M->803M(869M) 169.351ms
[9.167s][info][gc,cpu         ] GC(6) User=0.28s Sys=0.02s Real=0.17s
[9.274s][info][gc,start       ] GC(7) Pause Full (Allocation Failure)
[9.274s][info][gc,phases,start] GC(7) Marking Phase
[9.292s][info][gc,phases      ] GC(7) Marking Phase 18.839ms
[9.293s][info][gc,phases,start] GC(7) Summary Phase
[9.293s][info][gc,phases      ] GC(7) Summary Phase 0.024ms
[9.293s][info][gc,phases,start] GC(7) Forward
[9.294s][info][gc,phases      ] GC(7) Forward 1.456ms
[9.294s][info][gc,phases,start] GC(7) Adjust Pointers
[9.310s][info][gc,phases      ] GC(7) Adjust Pointers 15.782ms
[9.310s][info][gc,phases,start] GC(7) Compaction Phase
[9.350s][info][gc,phases      ] GC(7) Compaction Phase 39.875ms
[9.350s][info][gc,phases,start] GC(7) Post Compact
[9.353s][info][gc,phases      ] GC(7) Post Compact 2.881ms
[9.353s][info][gc,heap        ] GC(7) PSYoungGen: 198538K(222720K)->180392K(222720K) Eden: 111616K(111616K)->110633K(111616K) From: 86922K(111104K)->69758K(111104K)
[9.353s][info][gc,heap        ] GC(7) ParOldGen: 649177K(667648K)->667156K(667648K)
[9.353s][info][gc,metaspace   ] GC(7) Metaspace: 6082K(6272K)->6082K(6272K) NonClass: 5216K(5312K)->5216K(5312K) Class: 865K(960K)->865K(960K)
[9.353s][info][gc             ] GC(7) Pause Full (Allocation Failure) 827M->827M(869M) 79.260ms
[9.353s][info][gc,cpu         ] GC(7) User=0.13s Sys=0.02s Real=0.08s
[9.353s][info][gc,start       ] GC(8) Pause Full (Allocation Failure)
[9.353s][info][gc,phases,start] GC(8) Marking Phase
[9.373s][info][gc,phases      ] GC(8) Marking Phase 20.042ms
[9.373s][info][gc,phases,start] GC(8) Summary Phase
[9.373s][info][gc,phases      ] GC(8) Summary Phase 0.021ms
[9.373s][info][gc,phases,start] GC(8) Forward
[9.374s][info][gc,phases      ] GC(8) Forward 1.396ms
[9.374s][info][gc,phases,start] GC(8) Adjust Pointers
[9.390s][info][gc,phases      ] GC(8) Adjust Pointers 15.438ms
[9.390s][info][gc,phases,start] GC(8) Compaction Phase
[9.405s][info][gc,phases      ] GC(8) Compaction Phase 15.587ms
[9.406s][info][gc,phases,start] GC(8) Post Compact
[9.408s][info][metaspace      ] ChkMgr @0x00007f265003eed0 (non-class-space): : reclaiming memory...
[9.408s][info][metaspace      ] ChkMgr @0x00007f265003eed0 (non-class-space): nothing reclaimed.
[9.408s][info][metaspace      ] ChkMgr @0x00007f265003ece0 (class-space): : reclaiming memory...
[9.408s][info][metaspace      ] ChkMgr @0x00007f265003ece0 (class-space): nothing reclaimed.
[9.408s][info][gc,phases      ] GC(8) Post Compact 2.425ms
[9.408s][info][gc,heap        ] GC(8) PSYoungGen: 180392K(222720K)->180296K(222720K) Eden: 110633K(111616K)->110537K(111616K) From: 69758K(111104K)->69758K(111104K)
[9.408s][info][gc,heap        ] GC(8) ParOldGen: 667156K(667648K)->667156K(667648K)
[9.408s][info][gc,metaspace   ] GC(8) Metaspace: 6082K(6272K)->6069K(6272K) NonClass: 5216K(5312K)->5203K(5312K) Class: 865K(960K)->865K(960K)
[9.408s][info][gc             ] GC(8) Pause Full (Allocation Failure) 827M->827M(869M) 55.198ms
[9.408s][info][gc,cpu         ] GC(8) User=0.10s Sys=0.00s Real=0.05s
[9.414s][info][gc,start       ] GC(9) Pause Full (Allocation Failure)
[9.414s][info][gc,phases,start] GC(9) Marking Phase
[9.421s][info][gc,phases      ] GC(9) Marking Phase 7.870ms
[9.421s][info][gc,phases,start] GC(9) Summary Phase
[9.421s][info][gc,phases      ] GC(9) Summary Phase 0.019ms
[9.422s][info][gc,phases,start] GC(9) Forward
[9.423s][info][gc,phases      ] GC(9) Forward 1.705ms
[9.423s][info][gc,phases,start] GC(9) Adjust Pointers
[9.426s][info][gc,phases      ] GC(9) Adjust Pointers 2.880ms
[9.426s][info][gc,phases,start] GC(9) Compaction Phase
[9.427s][info][gc,phases      ] GC(9) Compaction Phase 1.163ms
[9.427s][info][gc,phases,start] GC(9) Post Compact
[9.429s][info][metaspace      ] ChkMgr @0x00007f265003eed0 (non-class-space): : reclaiming memory...
[9.429s][info][metaspace      ] ChkMgr @0x00007f265003eed0 (non-class-space): nothing reclaimed.
[9.429s][info][metaspace      ] ChkMgr @0x00007f265003ece0 (class-space): : reclaiming memory...
[9.429s][info][metaspace      ] ChkMgr @0x00007f265003ece0 (class-space): nothing reclaimed.
[9.430s][info][gc,phases      ] GC(9) Post Compact 2.163ms
[9.464s][info][gc,heap        ] GC(9) PSYoungGen: 181374K(222720K)->0K(222720K) Eden: 111616K(111616K)->0K(111616K) From: 69758K(111104K)->0K(111104K)
[9.464s][info][gc,heap        ] GC(9) ParOldGen: 667156K(667648K)->38035K(264192K)
[9.464s][info][gc,metaspace   ] GC(9) Metaspace: 6076K(6272K)->6074K(6272K) NonClass: 5207K(5312K)->5205K(5312K) Class: 868K(960K)->868K(960K)
[9.464s][info][gc             ] GC(9) Pause Full (Allocation Failure) 828M->37M(475M) 50.878ms
[9.464s][info][gc,cpu         ] GC(9) User=0.02s Sys=0.03s Real=0.05s
[9.466s][info][gc,heap,exit   ] Heap
[9.466s][info][gc,heap,exit   ]  PSYoungGen      total 222720K, used 7168K [0x00000000eba00000, 0x0000000100000000, 0x0000000100000000)
[9.466s][info][gc,heap,exit   ]   eden space 111616K, 6% used [0x00000000eba00000,0x00000000ec1002f8,0x00000000f2700000)
[9.466s][info][gc,heap,exit   ]   from space 111104K, 0% used [0x00000000f2700000,0x00000000f2700000,0x00000000f9380000)
[9.466s][info][gc,heap,exit   ]   to   space 111104K, 0% used [0x00000000f9380000,0x00000000f9380000,0x0000000100000000)
[9.466s][info][gc,heap,exit   ]  ParOldGen       total 264192K, used 38035K [0x00000000c2e00000, 0x00000000d3000000, 0x00000000eba00000)
[9.466s][info][gc,heap,exit   ]   object space 264192K, 14% used [0x00000000c2e00000,0x00000000c5324f80,0x00000000d3000000)
[9.466s][info][gc,heap,exit   ]  Metaspace       used 6076K, committed 6272K, reserved 1114112K
[9.467s][info][gc,heap,exit   ]   class space    used 868K, committed 960K, reserved 1048576K
