[0.002s][info][metaspace]  - commit_granule_bytes: 65536.
[0.002s][info][metaspace]  - commit_granule_words: 8192.
[0.002s][info][metaspace]  - virtual_space_node_default_size: 8388608.
[0.002s][info][metaspace]  - enlarge_chunks_in_place: 1.
[0.004s][info][gc,init  ] CardTable entry size: 512
[0.004s][info][gc       ] Using Parallel
[0.005s][info][gc,init  ] Version: 24-internal-adhoc.root.jdk (release)
[0.005s][info][gc,init  ] CPUs: 2 total, 2 available
[0.005s][info][gc,init  ] Memory: 3908M
[0.005s][info][gc,init  ] Large Page Support: Disabled
[0.005s][info][gc,init  ] NUMA Support: Disabled
[0.005s][info][gc,init  ] Compressed Oops: Enabled (32-bit)
[0.005s][info][gc,init  ] Alignments: Space 512K, Generation 512K, Heap 2M
[0.005s][info][gc,init  ] Heap Min Capacity: 256M
[0.005s][info][gc,init  ] Heap Initial Capacity: 256M
[0.005s][info][gc,init  ] Heap Max Capacity: 978M
[0.005s][info][gc,init  ] Pre-touch: Disabled
[0.005s][info][gc,init  ] Parallel Workers: 2
[0.019s][info][gc,metaspace] CDS archive(s) mapped at: [0x00007f4651000000-0x00007f4651e7b000-0x00007f4651e7b000), size 15183872, SharedBaseAddress: 0x00007f4651000000, ArchiveRelocationMode: 1.
[0.019s][info][gc,metaspace] Compressed class space mapped at: 0x00007f4652000000-0x00007f4692000000, reserved size: 1073741824
[0.019s][info][gc,metaspace] UseCompressedClassPointers 1, UseCompactObjectHeaders 1
[0.019s][info][gc,metaspace] Narrow klass pointer bits 22, Max shift 10
[0.019s][info][gc,metaspace] Narrow klass base: 0x00007f4651000000, Narrow klass shift: 10
[0.019s][info][gc,metaspace] Encoding Range: [0x00007f4651000000 - 0x00007f4751000000), (4294967296 bytes)
[0.019s][info][gc,metaspace] Klass Range:    [0x00007f4651000000 - 0x00007f4692000000), (1090519040 bytes)
[0.019s][info][gc,metaspace] Klass ID Range:  [1 - 1064960) (1064959)
[0.838s][info][gc,start    ] GC(0) Pause Young (Allocation Failure)
[0.859s][info][gc,heap     ] GC(0) PSYoungGen: 65536K(76288K)->5093K(76288K) Eden: 65536K(65536K)->0K(65536K) From: 0K(10752K)->5093K(10752K)
[0.859s][info][gc,heap     ] GC(0) ParOldGen: 1088K(175104K)->20627K(175104K)
[0.859s][info][gc,metaspace] GC(0) Metaspace: 8230K(8384K)->8230K(8384K) NonClass: 7226K(7296K)->7226K(7296K) Class: 1003K(1088K)->1003K(1088K)
[0.859s][info][gc          ] GC(0) Pause Young (Allocation Failure) 65M->25M(245M) 21.050ms
[0.859s][info][gc,cpu      ] GC(0) User=0.02s Sys=0.01s Real=0.02s
[1.208s][info][gc,start    ] GC(1) Pause Young (Allocation Failure)
[1.229s][info][gc,heap     ] GC(1) PSYoungGen: 70629K(76288K)->10160K(141824K) Eden: 65536K(65536K)->0K(131072K) From: 5093K(10752K)->10160K(10752K)
[1.229s][info][gc,heap     ] GC(1) ParOldGen: 20627K(175104K)->20635K(175104K)
[1.229s][info][gc,metaspace] GC(1) Metaspace: 8352K(8512K)->8352K(8512K) NonClass: 7344K(7424K)->7344K(7424K) Class: 1008K(1088K)->1008K(1088K)
[1.229s][info][gc          ] GC(1) Pause Young (Allocation Failure) 89M->30M(309M) 21.108ms
[1.229s][info][gc,cpu      ] GC(1) User=0.03s Sys=0.01s Real=0.02s
[1.668s][info][gc,start    ] GC(2) Pause Young (Allocation Failure)
[1.699s][info][gc,heap     ] GC(2) PSYoungGen: 141232K(141824K)->10740K(141824K) Eden: 131072K(131072K)->0K(131072K) From: 10160K(10752K)->10740K(10752K)
[1.699s][info][gc,heap     ] GC(2) ParOldGen: 20635K(175104K)->27360K(175104K)
[1.699s][info][gc,metaspace] GC(2) Metaspace: 8375K(8576K)->8375K(8576K) NonClass: 7367K(7488K)->7367K(7488K) Class: 1008K(1088K)->1008K(1088K)
[1.699s][info][gc          ] GC(2) Pause Young (Allocation Failure) 158M->37M(309M) 31.335ms
[1.699s][info][gc,cpu      ] GC(2) User=0.05s Sys=0.01s Real=0.04s
[1.942s][info][gc,start    ] GC(3) Pause Young (Allocation Failure)
[1.979s][info][gc,heap     ] GC(3) PSYoungGen: 141812K(141824K)->10740K(272896K) Eden: 131072K(131072K)->0K(262144K) From: 10740K(10752K)->10740K(10752K)
[1.979s][info][gc,heap     ] GC(3) ParOldGen: 27360K(175104K)->36212K(175104K)
[1.979s][info][gc,metaspace] GC(3) Metaspace: 8402K(8576K)->8402K(8576K) NonClass: 7393K(7488K)->7393K(7488K) Class: 1008K(1088K)->1008K(1088K)
[1.979s][info][gc          ] GC(3) Pause Young (Allocation Failure) 165M->45M(437M) 36.934ms
[1.979s][info][gc,cpu      ] GC(3) User=0.06s Sys=0.01s Real=0.04s
[2.420s][info][gc,start    ] GC(4) Pause Young (Allocation Failure)
[2.485s][info][gc,heap     ] GC(4) PSYoungGen: 272884K(272896K)->10740K(272896K) Eden: 262144K(262144K)->0K(262144K) From: 10740K(10752K)->10740K(10752K)
[2.485s][info][gc,heap     ] GC(4) ParOldGen: 36212K(175104K)->53388K(175104K)
[2.485s][info][gc,metaspace] GC(4) Metaspace: 8411K(8576K)->8411K(8576K) NonClass: 7402K(7488K)->7402K(7488K) Class: 1008K(1088K)->1008K(1088K)
[2.486s][info][gc          ] GC(4) Pause Young (Allocation Failure) 301M->62M(437M) 65.398ms
[2.486s][info][gc,cpu      ] GC(4) User=0.11s Sys=0.02s Real=0.06s
[2.768s][info][gc,start    ] GC(5) Pause Young (Allocation Failure)
[2.835s][info][gc,heap     ] GC(5) PSYoungGen: 272884K(272896K)->27728K(292864K) Eden: 262144K(262144K)->0K(260096K) From: 10740K(10752K)->27728K(32768K)
[2.835s][info][gc,heap     ] GC(5) ParOldGen: 53388K(175104K)->53388K(175104K)
[2.835s][info][gc,metaspace] GC(5) Metaspace: 8413K(8576K)->8413K(8576K) NonClass: 7404K(7488K)->7404K(7488K) Class: 1008K(1088K)->1008K(1088K)
[2.835s][info][gc          ] GC(5) Pause Young (Allocation Failure) 318M->79M(457M) 66.606ms
[2.835s][info][gc,cpu      ] GC(5) User=0.11s Sys=0.02s Real=0.06s
[3.103s][info][gc,start    ] GC(6) Pause Young (Allocation Failure)
[3.213s][info][gc,heap     ] GC(6) PSYoungGen: 287824K(292864K)->36864K(296960K) Eden: 260096K(260096K)->0K(260096K) From: 27728K(32768K)->36864K(36864K)
[3.213s][info][gc,heap     ] GC(6) ParOldGen: 53388K(175104K)->59412K(175104K)
[3.213s][info][gc,metaspace] GC(6) Metaspace: 8440K(8640K)->8440K(8640K) NonClass: 7432K(7552K)->7432K(7552K) Class: 1008K(1088K)->1008K(1088K)
[3.213s][info][gc          ] GC(6) Pause Young (Allocation Failure) 333M->94M(461M) 110.301ms
[3.213s][info][gc,cpu      ] GC(6) User=0.21s Sys=0.01s Real=0.11s
[3.483s][info][gc,start    ] GC(7) Pause Young (Allocation Failure)
[3.570s][info][gc,heap     ] GC(7) PSYoungGen: 296960K(296960K)->36864K(254976K) Eden: 260096K(260096K)->0K(218112K) From: 36864K(36864K)->36864K(36864K)
[3.570s][info][gc,heap     ] GC(7) ParOldGen: 59412K(175104K)->76572K(175104K)
[3.570s][info][gc,metaspace] GC(7) Metaspace: 8470K(8640K)->8470K(8640K) NonClass: 7461K(7552K)->7461K(7552K) Class: 1008K(1088K)->1008K(1088K)
[3.570s][info][gc          ] GC(7) Pause Young (Allocation Failure) 348M->110M(420M) 86.504ms
[3.570s][info][gc,cpu      ] GC(7) User=0.15s Sys=0.02s Real=0.09s
[3.830s][info][gc,start    ] GC(8) Pause Young (Allocation Failure)
[3.923s][info][gc,heap     ] GC(8) PSYoungGen: 254976K(254976K)->36288K(254464K) Eden: 218112K(218112K)->0K(218112K) From: 36864K(36864K)->36288K(36352K)
[3.923s][info][gc,heap     ] GC(8) ParOldGen: 76572K(175104K)->90108K(175104K)
[3.923s][info][gc,metaspace] GC(8) Metaspace: 8472K(8640K)->8472K(8640K) NonClass: 7464K(7552K)->7464K(7552K) Class: 1008K(1088K)->1008K(1088K)
[3.923s][info][gc          ] GC(8) Pause Young (Allocation Failure) 323M->123M(419M) 92.568ms
[3.923s][info][gc,cpu      ] GC(8) User=0.17s Sys=0.01s Real=0.09s
[4.134s][info][gc,start    ] GC(9) Pause Young (Allocation Failure)
[4.219s][info][gc,heap     ] GC(9) PSYoungGen: 254400K(254464K)->26464K(278016K) Eden: 218112K(218112K)->0K(219136K) From: 36288K(36352K)->26464K(58880K)
[4.219s][info][gc,heap     ] GC(9) ParOldGen: 90108K(175104K)->113260K(175104K)
[4.219s][info][gc,metaspace] GC(9) Metaspace: 8488K(8640K)->8488K(8640K) NonClass: 7479K(7552K)->7479K(7552K) Class: 1008K(1088K)->1008K(1088K)
[4.219s][info][gc          ] GC(9) Pause Young (Allocation Failure) 336M->136M(442M) 85.939ms
[4.220s][info][gc,cpu      ] GC(9) User=0.14s Sys=0.02s Real=0.09s
[4.433s][info][gc,start    ] GC(10) Pause Young (Allocation Failure)
[4.514s][info][gc,heap     ] GC(10) PSYoungGen: 245600K(278016K)->14240K(233472K) Eden: 219136K(219136K)->0K(219136K) From: 26464K(58880K)->14240K(14336K)
[4.514s][info][gc,heap     ] GC(10) ParOldGen: 113260K(175104K)->139100K(175104K)
[4.514s][info][gc,metaspace] GC(10) Metaspace: 8492K(8640K)->8492K(8640K) NonClass: 7484K(7552K)->7484K(7552K) Class: 1008K(1088K)->1008K(1088K)
[4.514s][info][gc          ] GC(10) Pause Young (Allocation Failure) 350M->149M(399M) 80.964ms
[4.514s][info][gc,cpu      ] GC(10) User=0.14s Sys=0.01s Real=0.08s
[4.718s][info][gc,start    ] GC(11) Pause Young (Allocation Failure)
[4.757s][info][gc,heap     ] GC(11) PSYoungGen: 233376K(233472K)->12640K(274432K) Eden: 219136K(219136K)->0K(219648K) From: 14240K(14336K)->12640K(54784K)
[4.757s][info][gc,heap     ] GC(11) ParOldGen: 139100K(175104K)->152556K(175104K)
[4.757s][info][gc,metaspace] GC(11) Metaspace: 8499K(8640K)->8499K(8640K) NonClass: 7490K(7552K)->7490K(7552K) Class: 1008K(1088K)->1008K(1088K)
[4.757s][info][gc          ] GC(11) Pause Young (Allocation Failure) 363M->161M(439M) 39.341ms
[4.757s][info][gc,cpu      ] GC(11) User=0.07s Sys=0.01s Real=0.04s
[4.970s][info][gc,start    ] GC(12) Pause Young (Allocation Failure)
[5.009s][info][gc,heap     ] GC(12) PSYoungGen: 232288K(274432K)->13376K(273920K) Eden: 219648K(219648K)->0K(219648K) From: 12640K(54784K)->13376K(54272K)
[5.009s][info][gc,heap     ] GC(12) ParOldGen: 152556K(175104K)->165124K(175104K)
[5.009s][info][gc,metaspace] GC(12) Metaspace: 8499K(8640K)->8499K(8640K) NonClass: 7490K(7552K)->7490K(7552K) Class: 1008K(1088K)->1008K(1088K)
[5.009s][info][gc          ] GC(12) Pause Young (Allocation Failure) 375M->174M(438M) 39.068ms
[5.009s][info][gc,cpu      ] GC(12) User=0.07s Sys=0.00s Real=0.04s
[5.212s][info][gc,start    ] GC(13) Pause Young (Allocation Failure)
[5.253s][info][gc,heap     ] GC(13) PSYoungGen: 233024K(273920K)->13856K(278016K) Eden: 219648K(219648K)->0K(226304K) From: 13376K(54272K)->13856K(51712K)
[5.253s][info][gc,heap     ] GC(13) ParOldGen: 165124K(175104K)->178452K(178688K)
[5.253s][info][gc,metaspace] GC(13) Metaspace: 8500K(8640K)->8500K(8640K) NonClass: 7491K(7552K)->7491K(7552K) Class: 1008K(1088K)->1008K(1088K)
[5.253s][info][gc          ] GC(13) Pause Young (Allocation Failure) 388M->187M(446M) 41.064ms
[5.253s][info][gc,cpu      ] GC(13) User=0.07s Sys=0.01s Real=0.04s
[5.460s][info][gc,start    ] GC(14) Pause Young (Allocation Failure)
[5.501s][info][gc,heap     ] GC(14) PSYoungGen: 240160K(278016K)->13728K(277504K) Eden: 226304K(226304K)->0K(226304K) From: 13856K(51712K)->13728K(51200K)
[5.501s][info][gc,heap     ] GC(14) ParOldGen: 178452K(178688K)->191420K(191488K)
[5.501s][info][gc,metaspace] GC(14) Metaspace: 8502K(8640K)->8502K(8640K) NonClass: 7494K(7552K)->7494K(7552K) Class: 1008K(1088K)->1008K(1088K)
[5.501s][info][gc          ] GC(14) Pause Young (Allocation Failure) 408M->200M(458M) 41.442ms
[5.501s][info][gc,cpu      ] GC(14) User=0.08s Sys=0.01s Real=0.04s
[5.705s][info][gc,start    ] GC(15) Pause Young (Allocation Failure)
[5.760s][info][gc,heap     ] GC(15) PSYoungGen: 240032K(277504K)->13344K(281088K) Eden: 226304K(226304K)->0K(232448K) From: 13728K(51200K)->13344K(48640K)
[5.760s][info][gc,heap     ] GC(15) ParOldGen: 191420K(191488K)->204588K(204800K)
[5.760s][info][gc,metaspace] GC(15) Metaspace: 8502K(8640K)->8502K(8640K) NonClass: 7494K(7552K)->7494K(7552K) Class: 1008K(1088K)->1008K(1088K)
[5.760s][info][gc          ] GC(15) Pause Young (Allocation Failure) 421M->212M(474M) 55.138ms
[5.760s][info][gc,cpu      ] GC(15) User=0.10s Sys=0.01s Real=0.06s
[5.965s][info][gc,start    ] GC(16) Pause Young (Allocation Failure)
[6.005s][info][gc,heap     ] GC(16) PSYoungGen: 245792K(281088K)->13216K(281088K) Eden: 232448K(232448K)->0K(232448K) From: 13344K(48640K)->13216K(48640K)
[6.005s][info][gc,heap     ] GC(16) ParOldGen: 204588K(204800K)->217812K(218112K)
[6.005s][info][gc,metaspace] GC(16) Metaspace: 8502K(8640K)->8502K(8640K) NonClass: 7494K(7552K)->7494K(7552K) Class: 1008K(1088K)->1008K(1088K)
[6.005s][info][gc          ] GC(16) Pause Young (Allocation Failure) 439M->225M(487M) 40.559ms
[6.005s][info][gc,cpu      ] GC(16) User=0.06s Sys=0.01s Real=0.04s
[6.213s][info][gc,start    ] GC(17) Pause Young (Allocation Failure)
[6.256s][info][gc,heap     ] GC(17) PSYoungGen: 245664K(281088K)->14592K(282624K) Eden: 232448K(232448K)->0K(238080K) From: 13216K(48640K)->14592K(44544K)
[6.256s][info][gc,heap     ] GC(17) ParOldGen: 217812K(218112K)->230980K(231424K)
[6.256s][info][gc,metaspace] GC(17) Metaspace: 8502K(8640K)->8502K(8640K) NonClass: 7494K(7552K)->7494K(7552K) Class: 1008K(1088K)->1008K(1088K)
[6.256s][info][gc          ] GC(17) Pause Young (Allocation Failure) 452M->239M(502M) 42.444ms
[6.256s][info][gc,cpu      ] GC(17) User=0.08s Sys=0.01s Real=0.04s
[6.467s][info][gc,start    ] GC(18) Pause Young (Allocation Failure)
[6.509s][info][gc,heap     ] GC(18) PSYoungGen: 252672K(282624K)->13216K(283136K) Eden: 238080K(238080K)->0K(238080K) From: 14592K(44544K)->13216K(45056K)
[6.509s][info][gc,heap     ] GC(18) ParOldGen: 230980K(231424K)->244668K(244736K)
[6.509s][info][gc,metaspace] GC(18) Metaspace: 8502K(8640K)->8502K(8640K) NonClass: 7494K(7552K)->7494K(7552K) Class: 1008K(1088K)->1008K(1088K)
[6.509s][info][gc          ] GC(18) Pause Young (Allocation Failure) 472M->251M(515M) 41.850ms
[6.509s][info][gc,cpu      ] GC(18) User=0.07s Sys=0.01s Real=0.05s
[6.728s][info][gc,start    ] GC(19) Pause Young (Allocation Failure)
[6.771s][info][gc,heap     ] GC(19) PSYoungGen: 251296K(283136K)->14976K(285696K) Eden: 238080K(238080K)->0K(245248K) From: 13216K(45056K)->14976K(40448K)
[6.771s][info][gc,heap     ] GC(19) ParOldGen: 244668K(244736K)->257756K(258048K)
[6.771s][info][gc,metaspace] GC(19) Metaspace: 8502K(8640K)->8502K(8640K) NonClass: 7494K(7552K)->7494K(7552K) Class: 1008K(1088K)->1008K(1088K)
[6.771s][info][gc          ] GC(19) Pause Young (Allocation Failure) 484M->266M(531M) 43.123ms
[6.771s][info][gc,cpu      ] GC(19) User=0.08s Sys=0.01s Real=0.04s
[6.983s][info][gc,start    ] GC(20) Pause Young (Allocation Failure)
[7.026s][info][gc,heap     ] GC(20) PSYoungGen: 260224K(285696K)->14400K(286720K) Eden: 245248K(245248K)->0K(245248K) From: 14976K(40448K)->14400K(41472K)
[7.027s][info][gc,heap     ] GC(20) ParOldGen: 257756K(258048K)->271764K(271872K)
[7.027s][info][gc,metaspace] GC(20) Metaspace: 8502K(8640K)->8502K(8640K) NonClass: 7494K(7552K)->7494K(7552K) Class: 1008K(1088K)->1008K(1088K)
[7.027s][info][gc          ] GC(20) Pause Young (Allocation Failure) 505M->279M(545M) 43.799ms
[7.027s][info][gc,cpu      ] GC(20) User=0.07s Sys=0.01s Real=0.04s
[7.240s][info][gc,start    ] GC(21) Pause Young (Allocation Failure)
[7.283s][info][gc,heap     ] GC(21) PSYoungGen: 259648K(286720K)->14304K(289792K) Eden: 245248K(245248K)->0K(252416K) From: 14400K(41472K)->14304K(37376K)
[7.284s][info][gc,heap     ] GC(21) ParOldGen: 271764K(271872K)->285356K(285696K)
[7.284s][info][gc,metaspace] GC(21) Metaspace: 8502K(8640K)->8502K(8640K) NonClass: 7494K(7552K)->7494K(7552K) Class: 1008K(1088K)->1008K(1088K)
[7.284s][info][gc          ] GC(21) Pause Young (Allocation Failure) 518M->292M(562M) 43.698ms
[7.284s][info][gc,cpu      ] GC(21) User=0.09s Sys=0.01s Real=0.04s
[7.503s][info][gc,start    ] GC(22) Pause Young (Allocation Failure)
[7.547s][info][gc,heap     ] GC(22) PSYoungGen: 266720K(289792K)->14784K(290816K) Eden: 252416K(252416K)->0K(252416K) From: 14304K(37376K)->14784K(38400K)
[7.547s][info][gc,heap     ] GC(22) ParOldGen: 285356K(285696K)->299004K(299008K)
[7.547s][info][gc,metaspace] GC(22) Metaspace: 8502K(8640K)->8502K(8640K) NonClass: 7494K(7552K)->7494K(7552K) Class: 1008K(1088K)->1008K(1088K)
[7.547s][info][gc          ] GC(22) Pause Young (Allocation Failure) 539M->306M(576M) 44.538ms
[7.547s][info][gc,cpu      ] GC(22) User=0.09s Sys=0.00s Real=0.04s
[7.765s][info][gc,start    ] GC(23) Pause Young (Allocation Failure)
[7.817s][info][gc,heap     ] GC(23) PSYoungGen: 267200K(290816K)->13344K(292864K) Eden: 252416K(252416K)->0K(258560K) From: 14784K(38400K)->13344K(34304K)
[7.817s][info][gc,heap     ] GC(23) ParOldGen: 299004K(299008K)->313036K(313344K)
[7.817s][info][gc,metaspace] GC(23) Metaspace: 8502K(8640K)->8502K(8640K) NonClass: 7494K(7552K)->7494K(7552K) Class: 1008K(1088K)->1008K(1088K)
[7.817s][info][gc          ] GC(23) Pause Young (Allocation Failure) 552M->318M(592M) 52.364ms
[7.817s][info][gc,cpu      ] GC(23) User=0.08s Sys=0.02s Real=0.05s
[8.041s][info][gc,start    ] GC(24) Pause Young (Allocation Failure)
[8.084s][info][gc,heap     ] GC(24) PSYoungGen: 271904K(292864K)->14208K(293888K) Eden: 258560K(258560K)->0K(258560K) From: 13344K(34304K)->14208K(35328K)
[8.084s][info][gc,heap     ] GC(24) ParOldGen: 313036K(313344K)->326340K(326656K)
[8.084s][info][gc,metaspace] GC(24) Metaspace: 8502K(8640K)->8502K(8640K) NonClass: 7494K(7552K)->7494K(7552K) Class: 1008K(1088K)->1008K(1088K)
[8.084s][info][gc          ] GC(24) Pause Young (Allocation Failure) 571M->332M(606M) 42.805ms
[8.084s][info][gc,cpu      ] GC(24) User=0.08s Sys=0.00s Real=0.04s
[8.313s][info][gc,start    ] GC(25) Pause Young (Allocation Failure)
[8.358s][info][gc,heap     ] GC(25) PSYoungGen: 272768K(293888K)->14720K(295424K) Eden: 258560K(258560K)->0K(264192K) From: 14208K(35328K)->14720K(31232K)
[8.358s][info][gc,heap     ] GC(25) ParOldGen: 326340K(326656K)->340524K(340992K)
[8.358s][info][gc,metaspace] GC(25) Metaspace: 8502K(8640K)->8502K(8640K) NonClass: 7494K(7552K)->7494K(7552K) Class: 1008K(1088K)->1008K(1088K)
[8.358s][info][gc          ] GC(25) Pause Young (Allocation Failure) 585M->346M(621M) 44.966ms
[8.358s][info][gc,cpu      ] GC(25) User=0.08s Sys=0.01s Real=0.05s
[8.594s][info][gc,start    ] GC(26) Pause Young (Allocation Failure)
[8.653s][info][gc,heap     ] GC(26) PSYoungGen: 278912K(295424K)->15520K(296960K) Eden: 264192K(264192K)->0K(264192K) From: 14720K(31232K)->15520K(32768K)
[8.653s][info][gc,heap     ] GC(26) ParOldGen: 340524K(340992K)->355164K(355328K)
[8.653s][info][gc,metaspace] GC(26) Metaspace: 8502K(8640K)->8502K(8640K) NonClass: 7494K(7552K)->7494K(7552K) Class: 1008K(1088K)->1008K(1088K)
[8.653s][info][gc          ] GC(26) Pause Young (Allocation Failure) 604M->361M(637M) 59.176ms
[8.653s][info][gc,cpu      ] GC(26) User=0.10s Sys=0.01s Real=0.06s
[8.887s][info][gc,start    ] GC(27) Pause Young (Allocation Failure)
[8.933s][info][gc,heap     ] GC(27) PSYoungGen: 279712K(296960K)->14848K(299008K) Eden: 264192K(264192K)->0K(269824K) From: 15520K(32768K)->14848K(29184K)
[8.933s][info][gc,heap     ] GC(27) ParOldGen: 355164K(355328K)->369972K(370176K)
[8.933s][info][gc,metaspace] GC(27) Metaspace: 8502K(8640K)->8502K(8640K) NonClass: 7494K(7552K)->7494K(7552K) Class: 1008K(1088K)->1008K(1088K)
[8.933s][info][gc          ] GC(27) Pause Young (Allocation Failure) 619M->375M(653M) 45.855ms
[8.933s][info][gc,cpu      ] GC(27) User=0.08s Sys=0.01s Real=0.05s
[9.172s][info][gc,start    ] GC(28) Pause Young (Allocation Failure)
[9.220s][info][gc,heap     ] GC(28) PSYoungGen: 284672K(299008K)->16128K(300032K) Eden: 269824K(269824K)->0K(269824K) From: 14848K(29184K)->16128K(30208K)
[9.220s][info][gc,heap     ] GC(28) ParOldGen: 369972K(370176K)->384676K(385024K)
[9.220s][info][gc,metaspace] GC(28) Metaspace: 8503K(8640K)->8503K(8640K) NonClass: 7495K(7552K)->7495K(7552K) Class: 1008K(1088K)->1008K(1088K)
[9.220s][info][gc          ] GC(28) Pause Young (Allocation Failure) 639M->391M(669M) 47.986ms
[9.220s][info][gc,cpu      ] GC(28) User=0.08s Sys=0.01s Real=0.05s
[9.449s][info][gc,start    ] GC(29) Pause Young (Allocation Failure)
[9.496s][info][gc,heap     ] GC(29) PSYoungGen: 285952K(300032K)->14880K(302080K) Eden: 269824K(269824K)->0K(274944K) From: 16128K(30208K)->14880K(27136K)
[9.496s][info][gc,heap     ] GC(29) ParOldGen: 384676K(385024K)->399812K(399872K)
[9.496s][info][gc,metaspace] GC(29) Metaspace: 8503K(8640K)->8503K(8640K) NonClass: 7495K(7552K)->7495K(7552K) Class: 1008K(1088K)->1008K(1088K)
[9.496s][info][gc          ] GC(29) Pause Young (Allocation Failure) 654M->404M(685M) 46.254ms
[9.496s][info][gc,cpu      ] GC(29) User=0.08s Sys=0.01s Real=0.04s
[9.735s][info][gc,start    ] GC(30) Pause Young (Allocation Failure)
[9.781s][info][gc,heap     ] GC(30) PSYoungGen: 289824K(302080K)->14656K(302592K) Eden: 274944K(274944K)->0K(274944K) From: 14880K(27136K)->14656K(27648K)
[9.781s][info][gc,heap     ] GC(30) ParOldGen: 399812K(399872K)->414540K(414720K)
[9.781s][info][gc,metaspace] GC(30) Metaspace: 8503K(8640K)->8503K(8640K) NonClass: 7495K(7552K)->7495K(7552K) Class: 1008K(1088K)->1008K(1088K)
[9.781s][info][gc          ] GC(30) Pause Young (Allocation Failure) 673M->419M(700M) 45.315ms
[9.781s][info][gc,cpu      ] GC(30) User=0.08s Sys=0.01s Real=0.05s
[10.020s][info][gc,start    ] GC(31) Pause Young (Allocation Failure)
[10.068s][info][gc,heap     ] GC(31) PSYoungGen: 289600K(302592K)->15936K(304640K) Eden: 274944K(274944K)->0K(279552K) From: 14656K(27648K)->15936K(25088K)
[10.068s][info][gc,heap     ] GC(31) ParOldGen: 414540K(414720K)->429164K(429568K)
[10.068s][info][gc,metaspace] GC(31) Metaspace: 8503K(8640K)->8503K(8640K) NonClass: 7495K(7552K)->7495K(7552K) Class: 1008K(1088K)->1008K(1088K)
[10.068s][info][gc          ] GC(31) Pause Young (Allocation Failure) 687M->434M(717M) 48.282ms
[10.068s][info][gc,cpu      ] GC(31) User=0.08s Sys=0.01s Real=0.05s
[10.306s][info][gc,start    ] GC(32) Pause Young (Allocation Failure)
[10.353s][info][gc,heap     ] GC(32) PSYoungGen: 295488K(304640K)->15200K(305152K) Eden: 279552K(279552K)->0K(279552K) From: 15936K(25088K)->15200K(25600K)
[10.353s][info][gc,heap     ] GC(32) ParOldGen: 429164K(429568K)->444596K(444928K)
[10.353s][info][gc,metaspace] GC(32) Metaspace: 8503K(8640K)->8503K(8640K) NonClass: 7495K(7552K)->7495K(7552K) Class: 1008K(1088K)->1008K(1088K)
[10.353s][info][gc          ] GC(32) Pause Young (Allocation Failure) 707M->449M(732M) 47.802ms
[10.353s][info][gc,cpu      ] GC(32) User=0.08s Sys=0.01s Real=0.05s
[10.603s][info][gc,start    ] GC(33) Pause Young (Allocation Failure)
[10.651s][info][gc,heap     ] GC(33) PSYoungGen: 294752K(305152K)->15872K(306176K) Eden: 279552K(279552K)->0K(283136K) From: 15200K(25600K)->15872K(23040K)
[10.651s][info][gc,heap     ] GC(33) ParOldGen: 444596K(444928K)->459692K(459776K)
[10.651s][info][gc,metaspace] GC(33) Metaspace: 8503K(8640K)->8503K(8640K) NonClass: 7495K(7552K)->7495K(7552K) Class: 1008K(1088K)->1008K(1088K)
[10.651s][info][gc          ] GC(33) Pause Young (Allocation Failure) 722M->464M(748M) 48.227ms
[10.651s][info][gc,cpu      ] GC(33) User=0.09s Sys=0.01s Real=0.05s
[10.896s][info][gc,start    ] GC(34) Pause Young (Allocation Failure)
[10.946s][info][gc,heap     ] GC(34) PSYoungGen: 299008K(306176K)->16416K(307200K) Eden: 283136K(283136K)->0K(283136K) From: 15872K(23040K)->16416K(24064K)
[10.946s][info][gc,heap     ] GC(34) ParOldGen: 459692K(459776K)->475452K(475648K)
[10.946s][info][gc,metaspace] GC(34) Metaspace: 8503K(8640K)->8503K(8640K) NonClass: 7495K(7552K)->7495K(7552K) Class: 1008K(1088K)->1008K(1088K)
[10.946s][info][gc          ] GC(34) Pause Young (Allocation Failure) 740M->480M(764M) 50.136ms
[10.946s][info][gc,cpu      ] GC(34) User=0.10s Sys=0.00s Real=0.05s
[11.191s][info][gc,start    ] GC(35) Pause Young (Allocation Failure)
[11.242s][info][gc,heap     ] GC(35) PSYoungGen: 299552K(307200K)->16608K(308224K) Eden: 283136K(283136K)->0K(286208K) From: 16416K(24064K)->16608K(22016K)
[11.242s][info][gc,heap     ] GC(35) ParOldGen: 475452K(475648K)->491084K(491520K)
[11.242s][info][gc,metaspace] GC(35) Metaspace: 8503K(8640K)->8503K(8640K) NonClass: 7495K(7552K)->7495K(7552K) Class: 1008K(1088K)->1008K(1088K)
[11.242s][info][gc          ] GC(35) Pause Young (Allocation Failure) 756M->495M(781M) 51.315ms
[11.242s][info][gc,cpu      ] GC(35) User=0.09s Sys=0.01s Real=0.05s
[11.492s][info][gc,start    ] GC(36) Pause Young (Allocation Failure)
[11.543s][info][gc,heap     ] GC(36) PSYoungGen: 302816K(308224K)->16576K(309248K) Eden: 286208K(286208K)->0K(286208K) From: 16608K(22016K)->16576K(23040K)
[11.543s][info][gc,heap     ] GC(36) ParOldGen: 491084K(491520K)->506932K(507392K)
[11.543s][info][gc,metaspace] GC(36) Metaspace: 8503K(8640K)->8503K(8640K) NonClass: 7495K(7552K)->7495K(7552K) Class: 1008K(1088K)->1008K(1088K)
[11.543s][info][gc          ] GC(36) Pause Young (Allocation Failure) 775M->511M(797M) 51.012ms
[11.543s][info][gc,cpu      ] GC(36) User=0.09s Sys=0.02s Real=0.05s
[11.786s][info][gc,start    ] GC(37) Pause Young (Allocation Failure)
[11.835s][info][gc,heap     ] GC(37) PSYoungGen: 302784K(309248K)->15776K(309248K) Eden: 286208K(286208K)->0K(288256K) From: 16576K(23040K)->15776K(20992K)
[11.835s][info][gc,heap     ] GC(37) ParOldGen: 506932K(507392K)->522660K(522752K)
[11.835s][info][gc,metaspace] GC(37) Metaspace: 8503K(8640K)->8503K(8640K) NonClass: 7495K(7552K)->7495K(7552K) Class: 1008K(1088K)->1008K(1088K)
[11.835s][info][gc          ] GC(37) Pause Young (Allocation Failure) 790M->525M(812M) 49.473ms
[11.835s][info][gc,cpu      ] GC(37) User=0.08s Sys=0.01s Real=0.05s
[12.078s][info][gc,start    ] GC(38) Pause Young (Allocation Failure)
[12.126s][info][gc,heap     ] GC(38) PSYoungGen: 304032K(309248K)->15296K(310272K) Eden: 288256K(288256K)->0K(288256K) From: 15776K(20992K)->15296K(22016K)
[12.126s][info][gc,heap     ] GC(38) ParOldGen: 522660K(522752K)->538108K(538112K)
[12.126s][info][gc,metaspace] GC(38) Metaspace: 8503K(8640K)->8503K(8640K) NonClass: 7495K(7552K)->7495K(7552K) Class: 1008K(1088K)->1008K(1088K)
[12.126s][info][gc          ] GC(38) Pause Young (Allocation Failure) 807M->540M(828M) 48.291ms
[12.126s][info][gc,cpu      ] GC(38) User=0.08s Sys=0.01s Real=0.04s
[12.379s][info][gc,start    ] GC(39) Pause Young (Allocation Failure)
[12.428s][info][gc,heap     ] GC(39) PSYoungGen: 303552K(310272K)->16320K(310272K) Eden: 288256K(288256K)->0K(290304K) From: 15296K(22016K)->16320K(19968K)
[12.428s][info][gc,heap     ] GC(39) ParOldGen: 538108K(538112K)->553348K(553472K)
[12.428s][info][gc,metaspace] GC(39) Metaspace: 8503K(8640K)->8503K(8640K) NonClass: 7495K(7552K)->7495K(7552K) Class: 1008K(1088K)->1008K(1088K)
[12.428s][info][gc          ] GC(39) Pause Young (Allocation Failure) 821M->556M(843M) 48.953ms
[12.428s][info][gc,cpu      ] GC(39) User=0.09s Sys=0.02s Real=0.04s
[12.679s][info][gc,start    ] GC(40) Pause Young (Allocation Failure)
[12.732s][info][gc,heap     ] GC(40) PSYoungGen: 306624K(310272K)->16064K(311296K) Eden: 290304K(290304K)->0K(290304K) From: 16320K(19968K)->16064K(20992K)
[12.732s][info][gc,heap     ] GC(40) ParOldGen: 553348K(553472K)->569484K(569856K)
[12.732s][info][gc,metaspace] GC(40) Metaspace: 8503K(8640K)->8503K(8640K) NonClass: 7495K(7552K)->7495K(7552K) Class: 1008K(1088K)->1008K(1088K)
[12.732s][info][gc          ] GC(40) Pause Young (Allocation Failure) 839M->571M(860M) 53.321ms
[12.732s][info][gc,cpu      ] GC(40) User=0.08s Sys=0.02s Real=0.05s
[12.988s][info][gc,start    ] GC(41) Pause Young (Allocation Failure)
[13.039s][info][gc,heap     ] GC(41) PSYoungGen: 306368K(311296K)->16224K(312320K) Eden: 290304K(290304K)->0K(292352K) From: 16064K(20992K)->16224K(19968K)
[13.039s][info][gc,heap     ] GC(41) ParOldGen: 569484K(569856K)->585428K(585728K)
[13.039s][info][gc,metaspace] GC(41) Metaspace: 8503K(8640K)->8503K(8640K) NonClass: 7495K(7552K)->7495K(7552K) Class: 1008K(1088K)->1008K(1088K)
[13.039s][info][gc          ] GC(41) Pause Young (Allocation Failure) 855M->587M(877M) 50.863ms
[13.039s][info][gc,cpu      ] GC(41) User=0.09s Sys=0.01s Real=0.06s
[13.289s][info][gc,start    ] GC(42) Pause Young (Allocation Failure)
[13.339s][info][gc,heap     ] GC(42) PSYoungGen: 308576K(312320K)->16224K(312832K) Eden: 292352K(292352K)->0K(292352K) From: 16224K(19968K)->16224K(20480K)
[13.339s][info][gc,heap     ] GC(42) ParOldGen: 585428K(585728K)->601532K(601600K)
[13.339s][info][gc,metaspace] GC(42) Metaspace: 8503K(8640K)->8503K(8640K) NonClass: 7495K(7552K)->7495K(7552K) Class: 1008K(1088K)->1008K(1088K)
[13.339s][info][gc          ] GC(42) Pause Young (Allocation Failure) 873M->603M(893M) 50.380ms
[13.339s][info][gc,cpu      ] GC(42) User=0.10s Sys=0.00s Real=0.05s
[13.587s][info][gc,start    ] GC(43) Pause Young (Allocation Failure)
[13.640s][info][gc,heap     ] GC(43) PSYoungGen: 308576K(312832K)->15680K(312320K) Eden: 292352K(292352K)->0K(293376K) From: 16224K(20480K)->15680K(18944K)
[13.640s][info][gc,heap     ] GC(43) ParOldGen: 601532K(601600K)->617644K(617984K)
[13.640s][info][gc,metaspace] GC(43) Metaspace: 8503K(8640K)->8503K(8640K) NonClass: 7495K(7552K)->7495K(7552K) Class: 1008K(1088K)->1008K(1088K)
[13.640s][info][gc          ] GC(43) Pause Young (Allocation Failure) 888M->618M(908M) 53.075ms
[13.640s][info][gc,cpu      ] GC(43) User=0.09s Sys=0.01s Real=0.06s
[13.897s][info][gc,start    ] GC(44) Pause Young (Allocation Failure)
[13.947s][info][gc,heap     ] GC(44) PSYoungGen: 309056K(312320K)->16256K(312832K) Eden: 293376K(293376K)->0K(293376K) From: 15680K(18944K)->16256K(19456K)
[13.947s][info][gc,heap     ] GC(44) ParOldGen: 617644K(617984K)->633220K(633344K)
[13.947s][info][gc,metaspace] GC(44) Metaspace: 8503K(8640K)->8503K(8640K) NonClass: 7495K(7552K)->7495K(7552K) Class: 1008K(1088K)->1008K(1088K)
[13.947s][info][gc          ] GC(44) Pause Young (Allocation Failure) 904M->634M(924M) 50.050ms
[13.947s][info][gc,cpu      ] GC(44) User=0.10s Sys=0.01s Real=0.05s
[14.193s][info][gc,start    ] GC(45) Pause Young (Allocation Failure)
[14.243s][info][gc,heap     ] GC(45) PSYoungGen: 309632K(312832K)->16128K(313344K) Eden: 293376K(293376K)->0K(294912K) From: 16256K(19456K)->16128K(18432K)
[14.243s][info][gc,heap     ] GC(45) ParOldGen: 633220K(633344K)->649468K(649728K)
[14.243s][info][gc,metaspace] GC(45) Metaspace: 8503K(8640K)->8503K(8640K) NonClass: 7495K(7552K)->7495K(7552K) Class: 1008K(1088K)->1008K(1088K)
[14.243s][info][gc          ] GC(45) Pause Young (Allocation Failure) 920M->649M(940M) 50.562ms
[14.243s][info][gc,cpu      ] GC(45) User=0.09s Sys=0.01s Real=0.05s
[14.501s][info][gc,start    ] GC(46) Pause Young (Allocation Failure)
[14.551s][info][gc,heap     ] GC(46) PSYoungGen: 311040K(313344K)->16512K(313856K) Eden: 294912K(294912K)->0K(294912K) From: 16128K(18432K)->16512K(18944K)
[14.551s][info][gc,heap     ] GC(46) ParOldGen: 649468K(649728K)->664932K(665088K)
[14.551s][info][gc,metaspace] GC(46) Metaspace: 8503K(8640K)->8503K(8640K) NonClass: 7495K(7552K)->7495K(7552K) Class: 1008K(1088K)->1008K(1088K)
[14.552s][info][gc          ] GC(46) Pause Young (Allocation Failure) 937M->665M(956M) 50.239ms
[14.552s][info][gc,cpu      ] GC(46) User=0.09s Sys=0.00s Real=0.05s
[14.807s][info][gc,start    ] GC(47) Pause Full (Allocation Failure)
[14.807s][info][gc,phases,start] GC(47) Marking Phase
[15.411s][info][gc,phases      ] GC(47) Marking Phase 604.738ms
[15.411s][info][gc,phases,start] GC(47) Summary Phase
[15.411s][info][gc,phases      ] GC(47) Summary Phase 0.028ms
[15.411s][info][gc,phases,start] GC(47) Forward
[15.604s][info][gc,phases      ] GC(47) Forward 192.641ms
[15.604s][info][gc,phases,start] GC(47) Adjust Pointers
[15.983s][info][gc,phases      ] GC(47) Adjust Pointers 379.236ms
[15.983s][info][gc,phases,start] GC(47) Compaction Phase
[16.269s][info][gc,phases      ] GC(47) Compaction Phase 285.352ms
[16.269s][info][gc,phases,start] GC(47) Post Compact
[16.272s][info][gc,phases      ] GC(47) Post Compact 3.068ms
[16.272s][info][gc,heap        ] GC(47) PSYoungGen: 311424K(313856K)->28647K(313856K) Eden: 294912K(294912K)->28647K(294912K) From: 16512K(18944K)->0K(18944K)
[16.272s][info][gc,heap        ] GC(47) ParOldGen: 664932K(665088K)->665066K(667648K)
[16.272s][info][gc,metaspace   ] GC(47) Metaspace: 8503K(8640K)->8503K(8640K) NonClass: 7495K(7552K)->7495K(7552K) Class: 1008K(1088K)->1008K(1088K)
[16.272s][info][gc             ] GC(47) Pause Full (Allocation Failure) 953M->677M(958M) 1465.572ms
[16.272s][info][gc,cpu         ] GC(47) User=2.84s Sys=0.04s Real=1.47s
[16.501s][info][gc,start       ] GC(48) Pause Full (Allocation Failure)
[16.501s][info][gc,phases,start] GC(48) Marking Phase
[17.096s][info][gc,phases      ] GC(48) Marking Phase 594.960ms
[17.096s][info][gc,phases,start] GC(48) Summary Phase
[17.096s][info][gc,phases      ] GC(48) Summary Phase 0.029ms
[17.096s][info][gc,phases,start] GC(48) Forward
[17.284s][info][gc,phases      ] GC(48) Forward 188.324ms
[17.284s][info][gc,phases,start] GC(48) Adjust Pointers
[17.663s][info][gc,phases      ] GC(48) Adjust Pointers 378.180ms
[17.663s][info][gc,phases,start] GC(48) Compaction Phase
[17.888s][info][gc,phases      ] GC(48) Compaction Phase 225.524ms
[17.888s][info][gc,phases,start] GC(48) Post Compact
[17.891s][info][gc,phases      ] GC(48) Post Compact 2.646ms
[17.891s][info][gc,heap        ] GC(48) PSYoungGen: 294912K(313856K)->41034K(313856K) Eden: 294912K(294912K)->41034K(294912K) From: 0K(18944K)->0K(18944K)
[17.891s][info][gc,heap        ] GC(48) ParOldGen: 665066K(667648K)->667625K(667648K)
[17.891s][info][gc,metaspace   ] GC(48) Metaspace: 8503K(8640K)->8503K(8640K) NonClass: 7495K(7552K)->7495K(7552K) Class: 1008K(1088K)->1008K(1088K)
[17.891s][info][gc             ] GC(48) Pause Full (Allocation Failure) 937M->692M(958M) 1390.133ms
[17.891s][info][gc,cpu         ] GC(48) User=2.75s Sys=0.00s Real=1.39s
[18.108s][info][gc,start       ] GC(49) Pause Full (Allocation Failure)
[18.108s][info][gc,phases,start] GC(49) Marking Phase
[18.710s][info][gc,phases      ] GC(49) Marking Phase 601.667ms
[18.710s][info][gc,phases,start] GC(49) Summary Phase
[18.710s][info][gc,phases      ] GC(49) Summary Phase 0.025ms
[18.710s][info][gc,phases,start] GC(49) Forward
[18.750s][info][gc,phases      ] GC(49) Forward 39.987ms
[18.750s][info][gc,phases,start] GC(49) Adjust Pointers
[19.049s][info][gc,phases      ] GC(49) Adjust Pointers 298.969ms
[19.049s][info][gc,phases,start] GC(49) Compaction Phase
[19.219s][info][gc,phases      ] GC(49) Compaction Phase 170.291ms
[19.219s][info][gc,phases,start] GC(49) Post Compact
[19.222s][info][gc,phases      ] GC(49) Post Compact 2.598ms
[19.222s][info][gc,heap        ] GC(49) PSYoungGen: 294912K(313856K)->53916K(313856K) Eden: 294912K(294912K)->53916K(294912K) From: 0K(18944K)->0K(18944K)
[19.222s][info][gc,heap        ] GC(49) ParOldGen: 667625K(667648K)->667625K(667648K)
[19.222s][info][gc,metaspace   ] GC(49) Metaspace: 8503K(8640K)->8503K(8640K) NonClass: 7495K(7552K)->7495K(7552K) Class: 1008K(1088K)->1008K(1088K)
[19.222s][info][gc             ] GC(49) Pause Full (Allocation Failure) 939M->704M(958M) 1113.922ms
[19.222s][info][gc,cpu         ] GC(49) User=2.19s Sys=0.00s Real=1.11s
[19.433s][info][gc,start       ] GC(50) Pause Full (Allocation Failure)
[19.433s][info][gc,phases,start] GC(50) Marking Phase
[20.048s][info][gc,phases      ] GC(50) Marking Phase 614.862ms
[20.048s][info][gc,phases,start] GC(50) Summary Phase
[20.048s][info][gc,phases      ] GC(50) Summary Phase 0.025ms
[20.048s][info][gc,phases,start] GC(50) Forward
[20.084s][info][gc,phases      ] GC(50) Forward 36.072ms
[20.085s][info][gc,phases,start] GC(50) Adjust Pointers
[20.380s][info][gc,phases      ] GC(50) Adjust Pointers 295.474ms
[20.380s][info][gc,phases,start] GC(50) Compaction Phase
[20.544s][info][gc,phases      ] GC(50) Compaction Phase 163.525ms
[20.544s][info][gc,phases,start] GC(50) Post Compact
[20.546s][info][gc,phases      ] GC(50) Post Compact 2.582ms
[20.546s][info][gc,heap        ] GC(50) PSYoungGen: 294912K(313856K)->67651K(313856K) Eden: 294912K(294912K)->67651K(294912K) From: 0K(18944K)->0K(18944K)
[20.546s][info][gc,heap        ] GC(50) ParOldGen: 667625K(667648K)->667625K(667648K)
[20.546s][info][gc,metaspace   ] GC(50) Metaspace: 8503K(8640K)->8503K(8640K) NonClass: 7495K(7552K)->7495K(7552K) Class: 1008K(1088K)->1008K(1088K)
[20.546s][info][gc             ] GC(50) Pause Full (Allocation Failure) 939M->718M(958M) 1112.910ms
[20.546s][info][gc,cpu         ] GC(50) User=2.18s Sys=0.00s Real=1.11s
[20.740s][info][gc,start       ] GC(51) Pause Full (Allocation Failure)
[20.740s][info][gc,phases,start] GC(51) Marking Phase
[21.367s][info][gc,phases      ] GC(51) Marking Phase 626.693ms
[21.367s][info][gc,phases,start] GC(51) Summary Phase
[21.367s][info][gc,phases      ] GC(51) Summary Phase 0.025ms
[21.367s][info][gc,phases,start] GC(51) Forward
[21.422s][info][gc,phases      ] GC(51) Forward 55.008ms
[21.422s][info][gc,phases,start] GC(51) Adjust Pointers
[21.732s][info][gc,phases      ] GC(51) Adjust Pointers 310.047ms
[21.732s][info][gc,phases,start] GC(51) Compaction Phase
[21.903s][info][gc,phases      ] GC(51) Compaction Phase 170.645ms
[21.903s][info][gc,phases,start] GC(51) Post Compact
[21.905s][info][gc,phases      ] GC(51) Post Compact 2.581ms
[21.906s][info][gc,heap        ] GC(51) PSYoungGen: 294912K(313856K)->80413K(313856K) Eden: 294912K(294912K)->80413K(294912K) From: 0K(18944K)->0K(18944K)
[21.906s][info][gc,heap        ] GC(51) ParOldGen: 667625K(667648K)->667625K(667648K)
[21.906s][info][gc,metaspace   ] GC(51) Metaspace: 8503K(8640K)->8503K(8640K) NonClass: 7495K(7552K)->7495K(7552K) Class: 1008K(1088K)->1008K(1088K)
[21.906s][info][gc             ] GC(51) Pause Full (Allocation Failure) 939M->730M(958M) 1165.387ms
[21.906s][info][gc,cpu         ] GC(51) User=2.29s Sys=0.00s Real=1.16s
[22.088s][info][gc,start       ] GC(52) Pause Full (Allocation Failure)
[22.088s][info][gc,phases,start] GC(52) Marking Phase
[22.724s][info][gc,phases      ] GC(52) Marking Phase 636.451ms
[22.725s][info][gc,phases,start] GC(52) Summary Phase
[22.725s][info][gc,phases      ] GC(52) Summary Phase 0.035ms
[22.725s][info][gc,phases,start] GC(52) Forward
[22.841s][info][gc,phases      ] GC(52) Forward 115.977ms
[22.841s][info][gc,phases,start] GC(52) Adjust Pointers
[23.179s][info][gc,phases      ] GC(52) Adjust Pointers 338.117ms
[23.179s][info][gc,phases,start] GC(52) Compaction Phase
[23.374s][info][gc,phases      ] GC(52) Compaction Phase 195.150ms
[23.374s][info][gc,phases,start] GC(52) Post Compact
[23.377s][info][gc,phases      ] GC(52) Post Compact 2.595ms
[23.377s][info][gc,heap        ] GC(52) PSYoungGen: 294912K(313856K)->91761K(313856K) Eden: 294912K(294912K)->91761K(294912K) From: 0K(18944K)->0K(18944K)
[23.377s][info][gc,heap        ] GC(52) ParOldGen: 667625K(667648K)->667623K(667648K)
[23.377s][info][gc,metaspace   ] GC(52) Metaspace: 8503K(8640K)->8503K(8640K) NonClass: 7495K(7552K)->7495K(7552K) Class: 1008K(1088K)->1008K(1088K)
[23.377s][info][gc             ] GC(52) Pause Full (Allocation Failure) 939M->741M(958M) 1288.748ms
[23.377s][info][gc,cpu         ] GC(52) User=2.53s Sys=0.00s Real=1.28s
[23.548s][info][gc,start       ] GC(53) Pause Full (Allocation Failure)
[23.549s][info][gc,phases,start] GC(53) Marking Phase
[24.191s][info][gc,phases      ] GC(53) Marking Phase 642.404ms
[24.191s][info][gc,phases,start] GC(53) Summary Phase
[24.191s][info][gc,phases      ] GC(53) Summary Phase 0.025ms
[24.191s][info][gc,phases,start] GC(53) Forward
[24.235s][info][gc,phases      ] GC(53) Forward 43.575ms
[24.235s][info][gc,phases,start] GC(53) Adjust Pointers
[24.543s][info][gc,phases      ] GC(53) Adjust Pointers 308.754ms
[24.543s][info][gc,phases,start] GC(53) Compaction Phase
[24.712s][info][gc,phases      ] GC(53) Compaction Phase 168.645ms
[24.712s][info][gc,phases,start] GC(53) Post Compact
[24.715s][info][gc,phases      ] GC(53) Post Compact 2.709ms
[24.715s][info][gc,heap        ] GC(53) PSYoungGen: 294912K(313856K)->102424K(313856K) Eden: 294912K(294912K)->102424K(294912K) From: 0K(18944K)->0K(18944K)
[24.715s][info][gc,heap        ] GC(53) ParOldGen: 667623K(667648K)->667623K(667648K)
[24.715s][info][gc,metaspace   ] GC(53) Metaspace: 8503K(8640K)->8503K(8640K) NonClass: 7495K(7552K)->7495K(7552K) Class: 1008K(1088K)->1008K(1088K)
[24.715s][info][gc             ] GC(53) Pause Full (Allocation Failure) 939M->751M(958M) 1166.479ms
[24.715s][info][gc,cpu         ] GC(53) User=2.29s Sys=0.00s Real=1.16s
[24.880s][info][gc,start       ] GC(54) Pause Full (Allocation Failure)
[24.880s][info][gc,phases,start] GC(54) Marking Phase
[25.530s][info][gc,phases      ] GC(54) Marking Phase 649.950ms
[25.530s][info][gc,phases,start] GC(54) Summary Phase
[25.530s][info][gc,phases      ] GC(54) Summary Phase 0.025ms
[25.530s][info][gc,phases,start] GC(54) Forward
[25.586s][info][gc,phases      ] GC(54) Forward 55.403ms
[25.586s][info][gc,phases,start] GC(54) Adjust Pointers
[25.900s][info][gc,phases      ] GC(54) Adjust Pointers 314.800ms
[25.900s][info][gc,phases,start] GC(54) Compaction Phase
[26.092s][info][gc,phases      ] GC(54) Compaction Phase 191.849ms
[26.092s][info][gc,phases,start] GC(54) Post Compact
[26.095s][info][gc,phases      ] GC(54) Post Compact 2.616ms
[26.095s][info][gc,heap        ] GC(54) PSYoungGen: 294912K(313856K)->112204K(313856K) Eden: 294912K(294912K)->112204K(294912K) From: 0K(18944K)->0K(18944K)
[26.095s][info][gc,heap        ] GC(54) ParOldGen: 667623K(667648K)->667623K(667648K)
[26.095s][info][gc,metaspace   ] GC(54) Metaspace: 8503K(8640K)->8503K(8640K) NonClass: 7495K(7552K)->7495K(7552K) Class: 1008K(1088K)->1008K(1088K)
[26.095s][info][gc             ] GC(54) Pause Full (Allocation Failure) 939M->761M(958M) 1215.048ms
[26.095s][info][gc,cpu         ] GC(54) User=2.37s Sys=0.00s Real=1.21s
[26.251s][info][gc,start       ] GC(55) Pause Full (Allocation Failure)
[26.251s][info][gc,phases,start] GC(55) Marking Phase
[26.913s][info][gc,phases      ] GC(55) Marking Phase 662.601ms
[26.913s][info][gc,phases,start] GC(55) Summary Phase
[26.913s][info][gc,phases      ] GC(55) Summary Phase 0.025ms
[26.913s][info][gc,phases,start] GC(55) Forward
[26.964s][info][gc,phases      ] GC(55) Forward 50.390ms
[26.964s][info][gc,phases,start] GC(55) Adjust Pointers
[27.277s][info][gc,phases      ] GC(55) Adjust Pointers 312.729ms
[27.277s][info][gc,phases,start] GC(55) Compaction Phase
[27.448s][info][gc,phases      ] GC(55) Compaction Phase 171.563ms
[27.448s][info][gc,phases,start] GC(55) Post Compact
[27.451s][info][gc,phases      ] GC(55) Post Compact 2.606ms
[27.451s][info][gc,heap        ] GC(55) PSYoungGen: 294912K(313856K)->121887K(313856K) Eden: 294912K(294912K)->121887K(294912K) From: 0K(18944K)->0K(18944K)
[27.451s][info][gc,heap        ] GC(55) ParOldGen: 667623K(667648K)->667623K(667648K)
[27.451s][info][gc,metaspace   ] GC(55) Metaspace: 8503K(8640K)->8503K(8640K) NonClass: 7495K(7552K)->7495K(7552K) Class: 1008K(1088K)->1008K(1088K)
[27.451s][info][gc             ] GC(55) Pause Full (Allocation Failure) 939M->771M(958M) 1200.301ms
[27.451s][info][gc,cpu         ] GC(55) User=2.35s Sys=0.00s Real=1.20s
[27.603s][info][gc,start       ] GC(56) Pause Full (Allocation Failure)
[27.603s][info][gc,phases,start] GC(56) Marking Phase
[28.279s][info][gc,phases      ] GC(56) Marking Phase 676.055ms
[28.279s][info][gc,phases,start] GC(56) Summary Phase
[28.279s][info][gc,phases      ] GC(56) Summary Phase 0.025ms
[28.279s][info][gc,phases,start] GC(56) Forward
[28.336s][info][gc,phases      ] GC(56) Forward 56.403ms
[28.336s][info][gc,phases,start] GC(56) Adjust Pointers
[28.654s][info][gc,phases      ] GC(56) Adjust Pointers 318.119ms
[28.654s][info][gc,phases,start] GC(56) Compaction Phase
[28.834s][info][gc,phases      ] GC(56) Compaction Phase 180.056ms
[28.834s][info][gc,phases,start] GC(56) Post Compact
[28.837s][info][gc,phases      ] GC(56) Post Compact 2.549ms
[28.837s][info][gc,heap        ] GC(56) PSYoungGen: 294912K(313856K)->132350K(313856K) Eden: 294912K(294912K)->132350K(294912K) From: 0K(18944K)->0K(18944K)
[28.837s][info][gc,heap        ] GC(56) ParOldGen: 667623K(667648K)->667623K(667648K)
[28.837s][info][gc,metaspace   ] GC(56) Metaspace: 8503K(8640K)->8503K(8640K) NonClass: 7495K(7552K)->7495K(7552K) Class: 1008K(1088K)->1008K(1088K)
[28.837s][info][gc             ] GC(56) Pause Full (Allocation Failure) 939M->781M(958M) 1233.602ms
[28.837s][info][gc,cpu         ] GC(56) User=2.41s Sys=0.00s Real=1.23s
[28.977s][info][gc,start       ] GC(57) Pause Full (Allocation Failure)
[28.977s][info][gc,phases,start] GC(57) Marking Phase
[29.659s][info][gc,phases      ] GC(57) Marking Phase 682.723ms
[29.660s][info][gc,phases,start] GC(57) Summary Phase
[29.660s][info][gc,phases      ] GC(57) Summary Phase 0.025ms
[29.660s][info][gc,phases,start] GC(57) Forward
[29.715s][info][gc,phases      ] GC(57) Forward 55.879ms
[29.715s][info][gc,phases,start] GC(57) Adjust Pointers
[30.029s][info][gc,phases      ] GC(57) Adjust Pointers 313.506ms
[30.029s][info][gc,phases,start] GC(57) Compaction Phase
[30.204s][info][gc,phases      ] GC(57) Compaction Phase 175.319ms
[30.204s][info][gc,phases,start] GC(57) Post Compact
[30.207s][info][gc,phases      ] GC(57) Post Compact 2.607ms
[30.207s][info][gc,heap        ] GC(57) PSYoungGen: 294912K(313856K)->141012K(313856K) Eden: 294912K(294912K)->141012K(294912K) From: 0K(18944K)->0K(18944K)
[30.207s][info][gc,heap        ] GC(57) ParOldGen: 667623K(667648K)->667623K(667648K)
[30.207s][info][gc,metaspace   ] GC(57) Metaspace: 8503K(8640K)->8503K(8640K) NonClass: 7495K(7552K)->7495K(7552K) Class: 1008K(1088K)->1008K(1088K)
[30.207s][info][gc             ] GC(57) Pause Full (Allocation Failure) 939M->789M(958M) 1230.472ms
[30.207s][info][gc,cpu         ] GC(57) User=2.40s Sys=0.00s Real=1.23s
[30.340s][info][gc,start       ] GC(58) Pause Full (Allocation Failure)
[30.340s][info][gc,phases,start] GC(58) Marking Phase
[31.022s][info][gc,phases      ] GC(58) Marking Phase 682.663ms
[31.022s][info][gc,phases,start] GC(58) Summary Phase
[31.022s][info][gc,phases      ] GC(58) Summary Phase 0.025ms
[31.022s][info][gc,phases,start] GC(58) Forward
[31.083s][info][gc,phases      ] GC(58) Forward 60.416ms
[31.083s][info][gc,phases,start] GC(58) Adjust Pointers
[31.403s][info][gc,phases      ] GC(58) Adjust Pointers 319.839ms
[31.403s][info][gc,phases,start] GC(58) Compaction Phase
[31.582s][info][gc,phases      ] GC(58) Compaction Phase 179.136ms
[31.582s][info][gc,phases,start] GC(58) Post Compact
[31.585s][info][gc,phases      ] GC(58) Post Compact 2.576ms
[31.585s][info][gc,heap        ] GC(58) PSYoungGen: 294912K(313856K)->148864K(313856K) Eden: 294912K(294912K)->148864K(294912K) From: 0K(18944K)->0K(18944K)
[31.585s][info][gc,heap        ] GC(58) ParOldGen: 667623K(667648K)->667623K(667648K)
[31.585s][info][gc,metaspace   ] GC(58) Metaspace: 8503K(8640K)->8503K(8640K) NonClass: 7495K(7552K)->7495K(7552K) Class: 1008K(1088K)->1008K(1088K)
[31.585s][info][gc             ] GC(58) Pause Full (Allocation Failure) 939M->797M(958M) 1245.033ms
[31.585s][info][gc,cpu         ] GC(58) User=2.43s Sys=0.00s Real=1.24s
[31.707s][info][gc,start       ] GC(59) Pause Full (Allocation Failure)
[31.707s][info][gc,phases,start] GC(59) Marking Phase
[32.400s][info][gc,phases      ] GC(59) Marking Phase 692.825ms
[32.400s][info][gc,phases,start] GC(59) Summary Phase
[32.400s][info][gc,phases      ] GC(59) Summary Phase 0.026ms
[32.400s][info][gc,phases,start] GC(59) Forward
[32.462s][info][gc,phases      ] GC(59) Forward 61.663ms
[32.462s][info][gc,phases,start] GC(59) Adjust Pointers
[32.788s][info][gc,phases      ] GC(59) Adjust Pointers 325.570ms
[32.788s][info][gc,phases,start] GC(59) Compaction Phase
[32.964s][info][gc,phases      ] GC(59) Compaction Phase 176.719ms
[32.965s][info][gc,phases,start] GC(59) Post Compact
[32.967s][info][gc,phases      ] GC(59) Post Compact 2.599ms
[32.967s][info][gc,heap        ] GC(59) PSYoungGen: 294912K(313856K)->156319K(313856K) Eden: 294912K(294912K)->156319K(294912K) From: 0K(18944K)->0K(18944K)
[32.967s][info][gc,heap        ] GC(59) ParOldGen: 667623K(667648K)->667623K(667648K)
[32.967s][info][gc,metaspace   ] GC(59) Metaspace: 8503K(8640K)->8503K(8640K) NonClass: 7495K(7552K)->7495K(7552K) Class: 1008K(1088K)->1008K(1088K)
[32.967s][info][gc             ] GC(59) Pause Full (Allocation Failure) 939M->804M(958M) 1259.779ms
[32.967s][info][gc,cpu         ] GC(59) User=2.45s Sys=0.00s Real=1.26s
[33.088s][info][gc,start       ] GC(60) Pause Full (Allocation Failure)
[33.088s][info][gc,phases,start] GC(60) Marking Phase
[33.786s][info][gc,phases      ] GC(60) Marking Phase 697.727ms
[33.786s][info][gc,phases,start] GC(60) Summary Phase
[33.786s][info][gc,phases      ] GC(60) Summary Phase 0.026ms
[33.786s][info][gc,phases,start] GC(60) Forward
[33.845s][info][gc,phases      ] GC(60) Forward 59.771ms
[33.845s][info][gc,phases,start] GC(60) Adjust Pointers
[34.165s][info][gc,phases      ] GC(60) Adjust Pointers 319.829ms
[34.165s][info][gc,phases,start] GC(60) Compaction Phase
[34.344s][info][gc,phases      ] GC(60) Compaction Phase 178.343ms
[34.344s][info][gc,phases,start] GC(60) Post Compact
[34.346s][info][gc,phases      ] GC(60) Post Compact 2.615ms
[34.346s][info][gc,heap        ] GC(60) PSYoungGen: 294912K(313856K)->164826K(313856K) Eden: 294912K(294912K)->164826K(294912K) From: 0K(18944K)->0K(18944K)
[34.346s][info][gc,heap        ] GC(60) ParOldGen: 667623K(667648K)->667623K(667648K)
[34.346s][info][gc,metaspace   ] GC(60) Metaspace: 8503K(8640K)->8503K(8640K) NonClass: 7495K(7552K)->7495K(7552K) Class: 1008K(1088K)->1008K(1088K)
[34.346s][info][gc             ] GC(60) Pause Full (Allocation Failure) 939M->812M(958M) 1258.749ms
[34.347s][info][gc,cpu         ] GC(60) User=2.46s Sys=0.00s Real=1.26s
[34.456s][info][gc,start       ] GC(61) Pause Full (Allocation Failure)
[34.456s][info][gc,phases,start] GC(61) Marking Phase
[35.158s][info][gc,phases      ] GC(61) Marking Phase 702.449ms
[35.158s][info][gc,phases,start] GC(61) Summary Phase
[35.158s][info][gc,phases      ] GC(61) Summary Phase 0.026ms
[35.158s][info][gc,phases,start] GC(61) Forward
[35.218s][info][gc,phases      ] GC(61) Forward 60.220ms
[35.218s][info][gc,phases,start] GC(61) Adjust Pointers
[35.545s][info][gc,phases      ] GC(61) Adjust Pointers 326.668ms
[35.545s][info][gc,phases,start] GC(61) Compaction Phase
[35.726s][info][gc,phases      ] GC(61) Compaction Phase 180.514ms
[35.726s][info][gc,phases,start] GC(61) Post Compact
[35.728s][info][gc,phases      ] GC(61) Post Compact 2.580ms
[35.728s][info][gc,heap        ] GC(61) PSYoungGen: 294912K(313856K)->171247K(313856K) Eden: 294912K(294912K)->171247K(294912K) From: 0K(18944K)->0K(18944K)
[35.728s][info][gc,heap        ] GC(61) ParOldGen: 667623K(667648K)->667623K(667648K)
[35.728s][info][gc,metaspace   ] GC(61) Metaspace: 8503K(8640K)->8503K(8640K) NonClass: 7495K(7552K)->7495K(7552K) Class: 1008K(1088K)->1008K(1088K)
[35.728s][info][gc             ] GC(61) Pause Full (Allocation Failure) 939M->819M(958M) 1272.854ms
[35.728s][info][gc,cpu         ] GC(61) User=2.49s Sys=0.00s Real=1.28s
[35.836s][info][gc,start       ] GC(62) Pause Full (Allocation Failure)
[35.836s][info][gc,phases,start] GC(62) Marking Phase
[36.548s][info][gc,phases      ] GC(62) Marking Phase 711.142ms
[36.548s][info][gc,phases,start] GC(62) Summary Phase
[36.548s][info][gc,phases      ] GC(62) Summary Phase 0.025ms
[36.548s][info][gc,phases,start] GC(62) Forward
[36.612s][info][gc,phases      ] GC(62) Forward 64.073ms
[36.612s][info][gc,phases,start] GC(62) Adjust Pointers
[36.939s][info][gc,phases      ] GC(62) Adjust Pointers 327.409ms
[36.939s][info][gc,phases,start] GC(62) Compaction Phase
[37.130s][info][gc,phases      ] GC(62) Compaction Phase 190.505ms
[37.130s][info][gc,phases,start] GC(62) Post Compact
[37.132s][info][gc,phases      ] GC(62) Post Compact 2.569ms
[37.132s][info][gc,heap        ] GC(62) PSYoungGen: 294912K(313856K)->178753K(313856K) Eden: 294912K(294912K)->178753K(294912K) From: 0K(18944K)->0K(18944K)
[37.132s][info][gc,heap        ] GC(62) ParOldGen: 667623K(667648K)->667623K(667648K)
[37.132s][info][gc,metaspace   ] GC(62) Metaspace: 8503K(8640K)->8503K(8640K) NonClass: 7495K(7552K)->7495K(7552K) Class: 1008K(1088K)->1008K(1088K)
[37.133s][info][gc             ] GC(62) Pause Full (Allocation Failure) 939M->826M(958M) 1296.099ms
[37.133s][info][gc,cpu         ] GC(62) User=2.53s Sys=0.00s Real=1.30s
[37.232s][info][gc,start       ] GC(63) Pause Full (Allocation Failure)
[37.232s][info][gc,phases,start] GC(63) Marking Phase
[37.945s][info][gc,phases      ] GC(63) Marking Phase 712.718ms
[37.945s][info][gc,phases,start] GC(63) Summary Phase
[37.945s][info][gc,phases      ] GC(63) Summary Phase 0.026ms
[37.945s][info][gc,phases,start] GC(63) Forward
[38.035s][info][gc,phases      ] GC(63) Forward 89.632ms
[38.035s][info][gc,phases,start] GC(63) Adjust Pointers
[38.377s][info][gc,phases      ] GC(63) Adjust Pointers 342.208ms
[38.377s][info][gc,phases,start] GC(63) Compaction Phase
[38.569s][info][gc,phases      ] GC(63) Compaction Phase 192.253ms
[38.570s][info][gc,phases,start] GC(63) Post Compact
[38.572s][info][gc,phases      ] GC(63) Post Compact 2.596ms
[38.572s][info][gc,heap        ] GC(63) PSYoungGen: 294912K(313856K)->184719K(313856K) Eden: 294912K(294912K)->184719K(294912K) From: 0K(18944K)->0K(18944K)
[38.572s][info][gc,heap        ] GC(63) ParOldGen: 667623K(667648K)->667623K(667648K)
[38.572s][info][gc,metaspace   ] GC(63) Metaspace: 8503K(8640K)->8503K(8640K) NonClass: 7495K(7552K)->7495K(7552K) Class: 1008K(1088K)->1008K(1088K)
[38.572s][info][gc             ] GC(63) Pause Full (Allocation Failure) 939M->832M(958M) 1339.816ms
[38.572s][info][gc,cpu         ] GC(63) User=2.63s Sys=0.00s Real=1.34s
[38.660s][info][gc,start       ] GC(64) Pause Full (Allocation Failure)
[38.660s][info][gc,phases,start] GC(64) Marking Phase
[39.381s][info][gc,phases      ] GC(64) Marking Phase 720.911ms
[39.381s][info][gc,phases,start] GC(64) Summary Phase
[39.381s][info][gc,phases      ] GC(64) Summary Phase 0.026ms
[39.381s][info][gc,phases,start] GC(64) Forward
[39.441s][info][gc,phases      ] GC(64) Forward 59.699ms
[39.441s][info][gc,phases,start] GC(64) Adjust Pointers
[39.769s][info][gc,phases      ] GC(64) Adjust Pointers 327.675ms
[39.769s][info][gc,phases,start] GC(64) Compaction Phase
[39.951s][info][gc,phases      ] GC(64) Compaction Phase 182.443ms
[39.951s][info][gc,phases,start] GC(64) Post Compact
[39.954s][info][gc,phases      ] GC(64) Post Compact 2.627ms
[39.954s][info][gc,heap        ] GC(64) PSYoungGen: 294912K(313856K)->189546K(313856K) Eden: 294912K(294912K)->189546K(294912K) From: 0K(18944K)->0K(18944K)
[39.954s][info][gc,heap        ] GC(64) ParOldGen: 667623K(667648K)->667623K(667648K)
[39.954s][info][gc,metaspace   ] GC(64) Metaspace: 8503K(8640K)->8503K(8640K) NonClass: 7495K(7552K)->7495K(7552K) Class: 1008K(1088K)->1008K(1088K)
[39.954s][info][gc             ] GC(64) Pause Full (Allocation Failure) 939M->837M(958M) 1293.754ms
[39.954s][info][gc,cpu         ] GC(64) User=2.54s Sys=0.00s Real=1.29s
[40.049s][info][gc,start       ] GC(65) Pause Full (Allocation Failure)
[40.049s][info][gc,phases,start] GC(65) Marking Phase
[40.774s][info][gc,phases      ] GC(65) Marking Phase 725.177ms
[40.774s][info][gc,phases,start] GC(65) Summary Phase
[40.774s][info][gc,phases      ] GC(65) Summary Phase 0.025ms
[40.774s][info][gc,phases,start] GC(65) Forward
[40.834s][info][gc,phases      ] GC(65) Forward 59.924ms
[40.834s][info][gc,phases,start] GC(65) Adjust Pointers
[41.162s][info][gc,phases      ] GC(65) Adjust Pointers 328.186ms
[41.162s][info][gc,phases,start] GC(65) Compaction Phase
[41.347s][info][gc,phases      ] GC(65) Compaction Phase 184.583ms
[41.347s][info][gc,phases,start] GC(65) Post Compact
[41.350s][info][gc,phases      ] GC(65) Post Compact 2.613ms
[41.350s][info][gc,heap        ] GC(65) PSYoungGen: 294912K(313856K)->196277K(313856K) Eden: 294912K(294912K)->196277K(294912K) From: 0K(18944K)->0K(18944K)
[41.350s][info][gc,heap        ] GC(65) ParOldGen: 667623K(667648K)->667623K(667648K)
[41.350s][info][gc,metaspace   ] GC(65) Metaspace: 8503K(8640K)->8503K(8640K) NonClass: 7495K(7552K)->7495K(7552K) Class: 1008K(1088K)->1008K(1088K)
[41.350s][info][gc             ] GC(65) Pause Full (Allocation Failure) 939M->843M(958M) 1300.902ms
[41.350s][info][gc,cpu         ] GC(65) User=2.56s Sys=0.00s Real=1.30s
[41.430s][info][gc,start       ] GC(66) Pause Full (Allocation Failure)
[41.430s][info][gc,phases,start] GC(66) Marking Phase
[42.166s][info][gc,phases      ] GC(66) Marking Phase 736.538ms
[42.166s][info][gc,phases,start] GC(66) Summary Phase
[42.166s][info][gc,phases      ] GC(66) Summary Phase 0.024ms
[42.166s][info][gc,phases,start] GC(66) Forward
[42.227s][info][gc,phases      ] GC(66) Forward 60.879ms
[42.227s][info][gc,phases,start] GC(66) Adjust Pointers
[42.558s][info][gc,phases      ] GC(66) Adjust Pointers 330.521ms
[42.558s][info][gc,phases,start] GC(66) Compaction Phase
[42.742s][info][gc,phases      ] GC(66) Compaction Phase 183.791ms
[42.742s][info][gc,phases,start] GC(66) Post Compact
[42.744s][info][gc,phases      ] GC(66) Post Compact 2.568ms
[42.744s][info][gc,heap        ] GC(66) PSYoungGen: 294912K(313856K)->201409K(313856K) Eden: 294912K(294912K)->201409K(294912K) From: 0K(18944K)->0K(18944K)
[42.744s][info][gc,heap        ] GC(66) ParOldGen: 667623K(667648K)->667623K(667648K)
[42.744s][info][gc,metaspace   ] GC(66) Metaspace: 8503K(8640K)->8503K(8640K) NonClass: 7495K(7552K)->7495K(7552K) Class: 1008K(1088K)->1008K(1088K)
[42.744s][info][gc             ] GC(66) Pause Full (Allocation Failure) 939M->848M(958M) 1314.712ms
[42.744s][info][gc,cpu         ] GC(66) User=2.57s Sys=0.00s Real=1.31s
[42.825s][info][gc,start       ] GC(67) Pause Full (Allocation Failure)
[42.825s][info][gc,phases,start] GC(67) Marking Phase
[43.562s][info][gc,phases      ] GC(67) Marking Phase 737.020ms
[43.562s][info][gc,phases,start] GC(67) Summary Phase
[43.562s][info][gc,phases      ] GC(67) Summary Phase 0.025ms
[43.562s][info][gc,phases,start] GC(67) Forward
[43.622s][info][gc,phases      ] GC(67) Forward 60.062ms
[43.622s][info][gc,phases,start] GC(67) Adjust Pointers
[43.954s][info][gc,phases      ] GC(67) Adjust Pointers 331.464ms
[43.954s][info][gc,phases,start] GC(67) Compaction Phase
[44.140s][info][gc,phases      ] GC(67) Compaction Phase 186.240ms
[44.140s][info][gc,phases,start] GC(67) Post Compact
[44.143s][info][gc,phases      ] GC(67) Post Compact 2.586ms
[44.143s][info][gc,heap        ] GC(67) PSYoungGen: 294912K(313856K)->205655K(313856K) Eden: 294912K(294912K)->205655K(294912K) From: 0K(18944K)->0K(18944K)
[44.143s][info][gc,heap        ] GC(67) ParOldGen: 667623K(667648K)->667623K(667648K)
[44.143s][info][gc,metaspace   ] GC(67) Metaspace: 8503K(8640K)->8503K(8640K) NonClass: 7495K(7552K)->7495K(7552K) Class: 1008K(1088K)->1008K(1088K)
[44.143s][info][gc             ] GC(67) Pause Full (Allocation Failure) 939M->852M(958M) 1317.795ms
[44.143s][info][gc,cpu         ] GC(67) User=2.59s Sys=0.01s Real=1.32s
[44.217s][info][gc,start       ] GC(68) Pause Full (Allocation Failure)
[44.217s][info][gc,phases,start] GC(68) Marking Phase
[44.954s][info][gc,phases      ] GC(68) Marking Phase 736.742ms
[44.954s][info][gc,phases,start] GC(68) Summary Phase
[44.954s][info][gc,phases      ] GC(68) Summary Phase 0.038ms
[44.954s][info][gc,phases,start] GC(68) Forward
[45.014s][info][gc,phases      ] GC(68) Forward 59.854ms
[45.014s][info][gc,phases,start] GC(68) Adjust Pointers
[45.343s][info][gc,phases      ] GC(68) Adjust Pointers 329.453ms
[45.343s][info][gc,phases,start] GC(68) Compaction Phase
[45.529s][info][gc,phases      ] GC(68) Compaction Phase 185.211ms
[45.529s][info][gc,phases,start] GC(68) Post Compact
[45.531s][info][gc,phases      ] GC(68) Post Compact 2.637ms
[45.531s][info][gc,heap        ] GC(68) PSYoungGen: 294912K(313856K)->210478K(313856K) Eden: 294912K(294912K)->210478K(294912K) From: 0K(18944K)->0K(18944K)
[45.531s][info][gc,heap        ] GC(68) ParOldGen: 667623K(667648K)->667623K(667648K)
[45.531s][info][gc,metaspace   ] GC(68) Metaspace: 8503K(8640K)->8503K(8640K) NonClass: 7495K(7552K)->7495K(7552K) Class: 1008K(1088K)->1008K(1088K)
[45.531s][info][gc             ] GC(68) Pause Full (Allocation Failure) 939M->857M(958M) 1314.306ms
[45.531s][info][gc,cpu         ] GC(68) User=2.58s Sys=0.00s Real=1.32s
[45.606s][info][gc,start       ] GC(69) Pause Full (Allocation Failure)
[45.606s][info][gc,phases,start] GC(69) Marking Phase
[46.351s][info][gc,phases      ] GC(69) Marking Phase 744.051ms
[46.351s][info][gc,phases,start] GC(69) Summary Phase
[46.351s][info][gc,phases      ] GC(69) Summary Phase 0.025ms
[46.351s][info][gc,phases,start] GC(69) Forward
[46.415s][info][gc,phases      ] GC(69) Forward 63.974ms
[46.415s][info][gc,phases,start] GC(69) Adjust Pointers
[46.762s][info][gc,phases      ] GC(69) Adjust Pointers 347.419ms
[46.762s][info][gc,phases,start] GC(69) Compaction Phase
[46.976s][info][gc,phases      ] GC(69) Compaction Phase 213.573ms
[46.976s][info][gc,phases,start] GC(69) Post Compact
[46.978s][info][gc,phases      ] GC(69) Post Compact 2.643ms
[46.978s][info][gc,heap        ] GC(69) PSYoungGen: 294912K(313856K)->214878K(313856K) Eden: 294912K(294912K)->214878K(294912K) From: 0K(18944K)->0K(18944K)
[46.978s][info][gc,heap        ] GC(69) ParOldGen: 667623K(667648K)->667623K(667648K)
[46.978s][info][gc,metaspace   ] GC(69) Metaspace: 8503K(8640K)->8503K(8640K) NonClass: 7495K(7552K)->7495K(7552K) Class: 1008K(1088K)->1008K(1088K)
[46.978s][info][gc             ] GC(69) Pause Full (Allocation Failure) 939M->861M(958M) 1372.074ms
[46.978s][info][gc,cpu         ] GC(69) User=2.69s Sys=0.00s Real=1.38s
[47.047s][info][gc,start       ] GC(70) Pause Full (Allocation Failure)
[47.047s][info][gc,phases,start] GC(70) Marking Phase
[47.810s][info][gc,phases      ] GC(70) Marking Phase 762.334ms
[47.810s][info][gc,phases,start] GC(70) Summary Phase
[47.810s][info][gc,phases      ] GC(70) Summary Phase 0.024ms
[47.810s][info][gc,phases,start] GC(70) Forward
[47.877s][info][gc,phases      ] GC(70) Forward 67.780ms
[47.877s][info][gc,phases,start] GC(70) Adjust Pointers
[48.227s][info][gc,phases      ] GC(70) Adjust Pointers 349.138ms
[48.227s][info][gc,phases,start] GC(70) Compaction Phase
[48.454s][info][gc,phases      ] GC(70) Compaction Phase 227.022ms
[48.454s][info][gc,phases,start] GC(70) Post Compact
[48.456s][info][gc,phases      ] GC(70) Post Compact 2.599ms
[48.456s][info][gc,heap        ] GC(70) PSYoungGen: 294912K(313856K)->219324K(313856K) Eden: 294912K(294912K)->219324K(294912K) From: 0K(18944K)->0K(18944K)
[48.456s][info][gc,heap        ] GC(70) ParOldGen: 667623K(667648K)->667623K(667648K)
[48.456s][info][gc,metaspace   ] GC(70) Metaspace: 8503K(8640K)->8503K(8640K) NonClass: 7495K(7552K)->7495K(7552K) Class: 1008K(1088K)->1008K(1088K)
[48.456s][info][gc             ] GC(70) Pause Full (Allocation Failure) 939M->866M(958M) 1409.315ms
[48.456s][info][gc,cpu         ] GC(70) User=2.77s Sys=0.00s Real=1.41s
[48.522s][info][gc,start       ] GC(71) Pause Full (Allocation Failure)
[48.522s][info][gc,phases,start] GC(71) Marking Phase
[49.270s][info][gc,phases      ] GC(71) Marking Phase 748.245ms
[49.270s][info][gc,phases,start] GC(71) Summary Phase
[49.270s][info][gc,phases      ] GC(71) Summary Phase 0.025ms
[49.270s][info][gc,phases,start] GC(71) Forward
[49.330s][info][gc,phases      ] GC(71) Forward 59.837ms
[49.330s][info][gc,phases,start] GC(71) Adjust Pointers
[49.664s][info][gc,phases      ] GC(71) Adjust Pointers 333.981ms
[49.664s][info][gc,phases,start] GC(71) Compaction Phase
[49.852s][info][gc,phases      ] GC(71) Compaction Phase 187.977ms
[49.852s][info][gc,phases,start] GC(71) Post Compact
[49.855s][info][gc,phases      ] GC(71) Post Compact 2.626ms
[49.855s][info][gc,heap        ] GC(71) PSYoungGen: 294912K(313856K)->224100K(313856K) Eden: 294912K(294912K)->224100K(294912K) From: 0K(18944K)->0K(18944K)
[49.855s][info][gc,heap        ] GC(71) ParOldGen: 667623K(667648K)->667623K(667648K)
[49.855s][info][gc,metaspace   ] GC(71) Metaspace: 8503K(8640K)->8503K(8640K) NonClass: 7495K(7552K)->7495K(7552K) Class: 1008K(1088K)->1008K(1088K)
[49.855s][info][gc             ] GC(71) Pause Full (Allocation Failure) 939M->870M(958M) 1333.067ms
[49.855s][info][gc,cpu         ] GC(71) User=2.63s Sys=0.00s Real=1.33s
[49.919s][info][gc,start       ] GC(72) Pause Full (Allocation Failure)
[49.919s][info][gc,phases,start] GC(72) Marking Phase
[50.674s][info][gc,phases      ] GC(72) Marking Phase 754.848ms
[50.674s][info][gc,phases,start] GC(72) Summary Phase
[50.674s][info][gc,phases      ] GC(72) Summary Phase 0.025ms
[50.674s][info][gc,phases,start] GC(72) Forward
[50.734s][info][gc,phases      ] GC(72) Forward 60.153ms
[50.734s][info][gc,phases,start] GC(72) Adjust Pointers
[51.069s][info][gc,phases      ] GC(72) Adjust Pointers 334.794ms
[51.069s][info][gc,phases,start] GC(72) Compaction Phase
[51.260s][info][gc,phases      ] GC(72) Compaction Phase 190.227ms
[51.260s][info][gc,phases,start] GC(72) Post Compact
[51.262s][info][gc,phases      ] GC(72) Post Compact 2.639ms
[51.262s][info][gc,heap        ] GC(72) PSYoungGen: 294912K(313856K)->228021K(313856K) Eden: 294912K(294912K)->228021K(294912K) From: 0K(18944K)->0K(18944K)
[51.262s][info][gc,heap        ] GC(72) ParOldGen: 667623K(667648K)->667623K(667648K)
[51.262s][info][gc,metaspace   ] GC(72) Metaspace: 8503K(8640K)->8503K(8640K) NonClass: 7495K(7552K)->7495K(7552K) Class: 1008K(1088K)->1008K(1088K)
[51.262s][info][gc             ] GC(72) Pause Full (Allocation Failure) 939M->874M(958M) 1343.049ms
[51.262s][info][gc,cpu         ] GC(72) User=2.65s Sys=0.00s Real=1.34s
[51.317s][info][gc,start       ] GC(73) Pause Full (Allocation Failure)
[51.318s][info][gc,phases,start] GC(73) Marking Phase
[52.075s][info][gc,phases      ] GC(73) Marking Phase 757.522ms
[52.075s][info][gc,phases,start] GC(73) Summary Phase
[52.075s][info][gc,phases      ] GC(73) Summary Phase 0.026ms
[52.075s][info][gc,phases,start] GC(73) Forward
[52.135s][info][gc,phases      ] GC(73) Forward 59.916ms
[52.135s][info][gc,phases,start] GC(73) Adjust Pointers
[52.473s][info][gc,phases      ] GC(73) Adjust Pointers 337.341ms
[52.473s][info][gc,phases,start] GC(73) Compaction Phase
[52.661s][info][gc,phases      ] GC(73) Compaction Phase 188.600ms
[52.661s][info][gc,phases,start] GC(73) Post Compact
[52.664s][info][gc,phases      ] GC(73) Post Compact 2.573ms
[52.664s][info][gc,heap        ] GC(73) PSYoungGen: 294912K(313856K)->230862K(313856K) Eden: 294912K(294912K)->230862K(294912K) From: 0K(18944K)->0K(18944K)
[52.664s][info][gc,heap        ] GC(73) ParOldGen: 667623K(667648K)->667623K(667648K)
[52.664s][info][gc,metaspace   ] GC(73) Metaspace: 8503K(8640K)->8503K(8640K) NonClass: 7495K(7552K)->7495K(7552K) Class: 1008K(1088K)->1008K(1088K)
[52.664s][info][gc             ] GC(73) Pause Full (Allocation Failure) 939M->877M(958M) 1346.394ms
[52.664s][info][gc,cpu         ] GC(73) User=2.65s Sys=0.00s Real=1.35s
[52.720s][info][gc,start       ] GC(74) Pause Full (Allocation Failure)
[52.720s][info][gc,phases,start] GC(74) Marking Phase
[53.483s][info][gc,phases      ] GC(74) Marking Phase 763.316ms
[53.483s][info][gc,phases,start] GC(74) Summary Phase
[53.483s][info][gc,phases      ] GC(74) Summary Phase 0.026ms
[53.483s][info][gc,phases,start] GC(74) Forward
[53.546s][info][gc,phases      ] GC(74) Forward 63.036ms
[53.547s][info][gc,phases,start] GC(74) Adjust Pointers
[53.897s][info][gc,phases      ] GC(74) Adjust Pointers 350.218ms
[53.897s][info][gc,phases,start] GC(74) Compaction Phase
[54.100s][info][gc,phases      ] GC(74) Compaction Phase 202.738ms
[54.100s][info][gc,phases,start] GC(74) Post Compact
[54.102s][info][gc,phases      ] GC(74) Post Compact 2.640ms
[54.102s][info][gc,heap        ] GC(74) PSYoungGen: 294912K(313856K)->235251K(313856K) Eden: 294912K(294912K)->235251K(294912K) From: 0K(18944K)->0K(18944K)
[54.102s][info][gc,heap        ] GC(74) ParOldGen: 667623K(667648K)->667623K(667648K)
[54.102s][info][gc,metaspace   ] GC(74) Metaspace: 8503K(8640K)->8503K(8640K) NonClass: 7495K(7552K)->7495K(7552K) Class: 1008K(1088K)->1008K(1088K)
[54.102s][info][gc             ] GC(74) Pause Full (Allocation Failure) 939M->881M(958M) 1382.401ms
[54.102s][info][gc,cpu         ] GC(74) User=2.73s Sys=0.00s Real=1.38s
[54.157s][info][gc,start       ] GC(75) Pause Full (Allocation Failure)
[54.157s][info][gc,phases,start] GC(75) Marking Phase
[54.956s][info][gc,phases      ] GC(75) Marking Phase 799.433ms
[54.956s][info][gc,phases,start] GC(75) Summary Phase
[54.956s][info][gc,phases      ] GC(75) Summary Phase 0.025ms
[54.956s][info][gc,phases,start] GC(75) Forward
[55.019s][info][gc,phases      ] GC(75) Forward 62.941ms
[55.019s][info][gc,phases,start] GC(75) Adjust Pointers
[55.361s][info][gc,phases      ] GC(75) Adjust Pointers 341.330ms
[55.361s][info][gc,phases,start] GC(75) Compaction Phase
[55.551s][info][gc,phases      ] GC(75) Compaction Phase 190.267ms
[55.551s][info][gc,phases,start] GC(75) Post Compact
[55.554s][info][gc,phases      ] GC(75) Post Compact 2.571ms
[55.554s][info][gc,heap        ] GC(75) PSYoungGen: 294912K(313856K)->237390K(313856K) Eden: 294912K(294912K)->237390K(294912K) From: 0K(18944K)->0K(18944K)
[55.554s][info][gc,heap        ] GC(75) ParOldGen: 667623K(667648K)->667623K(667648K)
[55.554s][info][gc,metaspace   ] GC(75) Metaspace: 8503K(8640K)->8503K(8640K) NonClass: 7495K(7552K)->7495K(7552K) Class: 1008K(1088K)->1008K(1088K)
[55.554s][info][gc             ] GC(75) Pause Full (Allocation Failure) 939M->883M(958M) 1396.965ms
[55.554s][info][gc,cpu         ] GC(75) User=2.76s Sys=0.01s Real=1.40s
[55.604s][info][gc,start       ] GC(76) Pause Full (Allocation Failure)
[55.604s][info][gc,phases,start] GC(76) Marking Phase
[56.377s][info][gc,phases      ] GC(76) Marking Phase 772.513ms
[56.377s][info][gc,phases,start] GC(76) Summary Phase
[56.377s][info][gc,phases      ] GC(76) Summary Phase 0.049ms
[56.377s][info][gc,phases,start] GC(76) Forward
[56.437s][info][gc,phases      ] GC(76) Forward 59.859ms
[56.437s][info][gc,phases,start] GC(76) Adjust Pointers
[56.779s][info][gc,phases      ] GC(76) Adjust Pointers 341.863ms
[56.779s][info][gc,phases,start] GC(76) Compaction Phase
[56.970s][info][gc,phases      ] GC(76) Compaction Phase 190.749ms
[56.970s][info][gc,phases,start] GC(76) Post Compact
[56.972s][info][gc,phases      ] GC(76) Post Compact 2.570ms
[56.972s][info][gc,heap        ] GC(76) PSYoungGen: 294912K(313856K)->241106K(313856K) Eden: 294912K(294912K)->241106K(294912K) From: 0K(18944K)->0K(18944K)
[56.972s][info][gc,heap        ] GC(76) ParOldGen: 667623K(667648K)->667623K(667648K)
[56.972s][info][gc,metaspace   ] GC(76) Metaspace: 8503K(8640K)->8503K(8640K) NonClass: 7495K(7552K)->7495K(7552K) Class: 1008K(1088K)->1008K(1088K)
[56.972s][info][gc             ] GC(76) Pause Full (Allocation Failure) 939M->887M(958M) 1367.991ms
[56.972s][info][gc,cpu         ] GC(76) User=2.69s Sys=0.00s Real=1.37s
[57.019s][info][gc,start       ] GC(77) Pause Full (Allocation Failure)
[57.019s][info][gc,phases,start] GC(77) Marking Phase
[57.795s][info][gc,phases      ] GC(77) Marking Phase 776.434ms
[57.795s][info][gc,phases,start] GC(77) Summary Phase
[57.795s][info][gc,phases      ] GC(77) Summary Phase 0.025ms
[57.795s][info][gc,phases,start] GC(77) Forward
[57.855s][info][gc,phases      ] GC(77) Forward 59.984ms
[57.855s][info][gc,phases,start] GC(77) Adjust Pointers
[58.194s][info][gc,phases      ] GC(77) Adjust Pointers 338.867ms
[58.194s][info][gc,phases,start] GC(77) Compaction Phase
[58.386s][info][gc,phases      ] GC(77) Compaction Phase 191.932ms
[58.386s][info][gc,phases,start] GC(77) Post Compact
[58.389s][info][gc,phases      ] GC(77) Post Compact 2.636ms
[58.389s][info][gc,heap        ] GC(77) PSYoungGen: 294912K(313856K)->244575K(313856K) Eden: 294912K(294912K)->244575K(294912K) From: 0K(18944K)->0K(18944K)
[58.389s][info][gc,heap        ] GC(77) ParOldGen: 667623K(667648K)->667623K(667648K)
[58.389s][info][gc,metaspace   ] GC(77) Metaspace: 8503K(8640K)->8503K(8640K) NonClass: 7495K(7552K)->7495K(7552K) Class: 1008K(1088K)->1008K(1088K)
[58.389s][info][gc             ] GC(77) Pause Full (Allocation Failure) 939M->890M(958M) 1370.231ms
[58.389s][info][gc,cpu         ] GC(77) User=2.70s Sys=0.00s Real=1.37s
[58.428s][info][gc,start       ] GC(78) Pause Full (Allocation Failure)
[58.428s][info][gc,phases,start] GC(78) Marking Phase
[59.202s][info][gc,phases      ] GC(78) Marking Phase 773.848ms
[59.202s][info][gc,phases,start] GC(78) Summary Phase
[59.202s][info][gc,phases      ] GC(78) Summary Phase 0.025ms
[59.202s][info][gc,phases,start] GC(78) Forward
[59.263s][info][gc,phases      ] GC(78) Forward 60.721ms
[59.263s][info][gc,phases,start] GC(78) Adjust Pointers
[59.605s][info][gc,phases      ] GC(78) Adjust Pointers 341.809ms
[59.605s][info][gc,phases,start] GC(78) Compaction Phase
[59.798s][info][gc,phases      ] GC(78) Compaction Phase 193.175ms
[59.798s][info][gc,phases,start] GC(78) Post Compact
[59.801s][info][gc,phases      ] GC(78) Post Compact 2.585ms
[59.801s][info][gc,heap        ] GC(78) PSYoungGen: 294912K(313856K)->246862K(313856K) Eden: 294912K(294912K)->246862K(294912K) From: 0K(18944K)->0K(18944K)
[59.801s][info][gc,heap        ] GC(78) ParOldGen: 667623K(667648K)->667623K(667648K)
[59.801s][info][gc,metaspace   ] GC(78) Metaspace: 8503K(8640K)->8503K(8640K) NonClass: 7495K(7552K)->7495K(7552K) Class: 1008K(1088K)->1008K(1088K)
[59.801s][info][gc             ] GC(78) Pause Full (Allocation Failure) 939M->893M(958M) 1372.511ms
[59.801s][info][gc,cpu         ] GC(78) User=2.71s Sys=0.00s Real=1.37s
[59.845s][info][gc,start       ] GC(79) Pause Full (Allocation Failure)
[59.845s][info][gc,phases,start] GC(79) Marking Phase
[60.616s][info][gc,phases      ] GC(79) Marking Phase 770.845ms
[60.616s][info][gc,phases,start] GC(79) Summary Phase
[60.616s][info][gc,phases      ] GC(79) Summary Phase 0.024ms
[60.616s][info][gc,phases,start] GC(79) Forward
[60.676s][info][gc,phases      ] GC(79) Forward 60.164ms
[60.676s][info][gc,phases,start] GC(79) Adjust Pointers
[61.021s][info][gc,phases      ] GC(79) Adjust Pointers 344.760ms
[61.021s][info][gc,phases,start] GC(79) Compaction Phase
[61.230s][info][gc,phases      ] GC(79) Compaction Phase 208.309ms
[61.230s][info][gc,phases,start] GC(79) Post Compact
[61.232s][info][gc,phases      ] GC(79) Post Compact 2.586ms
[61.232s][info][gc,heap        ] GC(79) PSYoungGen: 294912K(313856K)->248734K(313856K) Eden: 294912K(294912K)->248734K(294912K) From: 0K(18944K)->0K(18944K)
[61.232s][info][gc,heap        ] GC(79) ParOldGen: 667623K(667648K)->667623K(667648K)
[61.232s][info][gc,metaspace   ] GC(79) Metaspace: 8503K(8640K)->8503K(8640K) NonClass: 7495K(7552K)->7495K(7552K) Class: 1008K(1088K)->1008K(1088K)
[61.232s][info][gc             ] GC(79) Pause Full (Allocation Failure) 939M->894M(958M) 1387.080ms
[61.232s][info][gc,cpu         ] GC(79) User=2.74s Sys=0.00s Real=1.39s
[61.271s][info][gc,start       ] GC(80) Pause Full (Allocation Failure)
[61.271s][info][gc,phases,start] GC(80) Marking Phase
[62.046s][info][gc,phases      ] GC(80) Marking Phase 775.020ms
[62.046s][info][gc,phases,start] GC(80) Summary Phase
[62.046s][info][gc,phases      ] GC(80) Summary Phase 0.028ms
[62.046s][info][gc,phases,start] GC(80) Forward
[62.262s][info][gc,phases      ] GC(80) Forward 216.051ms
[62.262s][info][gc,phases,start] GC(80) Adjust Pointers
[62.682s][info][gc,phases      ] GC(80) Adjust Pointers 419.074ms
[62.682s][info][gc,phases,start] GC(80) Compaction Phase
[62.929s][info][gc,phases      ] GC(80) Compaction Phase 247.390ms
[62.929s][info][gc,phases,start] GC(80) Post Compact
[62.932s][info][gc,phases      ] GC(80) Post Compact 2.628ms
[62.932s][info][gc,heap        ] GC(80) PSYoungGen: 294912K(313856K)->251055K(313856K) Eden: 294912K(294912K)->251055K(294912K) From: 0K(18944K)->0K(18944K)
[62.932s][info][gc,heap        ] GC(80) ParOldGen: 667623K(667648K)->667622K(667648K)
[62.932s][info][gc,metaspace   ] GC(80) Metaspace: 8503K(8640K)->8503K(8640K) NonClass: 7495K(7552K)->7495K(7552K) Class: 1008K(1088K)->1008K(1088K)
[62.932s][info][gc             ] GC(80) Pause Full (Allocation Failure) 939M->897M(958M) 1660.556ms
[62.932s][info][gc,cpu         ] GC(80) User=3.28s Sys=0.00s Real=1.66s
[62.970s][info][gc,start       ] GC(81) Pause Full (Allocation Failure)
[62.970s][info][gc,phases,start] GC(81) Marking Phase
[63.754s][info][gc,phases      ] GC(81) Marking Phase 783.495ms
[63.754s][info][gc,phases,start] GC(81) Summary Phase
[63.754s][info][gc,phases      ] GC(81) Summary Phase 0.025ms
[63.754s][info][gc,phases,start] GC(81) Forward
[63.814s][info][gc,phases      ] GC(81) Forward 60.661ms
[63.814s][info][gc,phases,start] GC(81) Adjust Pointers
[64.158s][info][gc,phases      ] GC(81) Adjust Pointers 343.464ms
[64.158s][info][gc,phases,start] GC(81) Compaction Phase
[64.351s][info][gc,phases      ] GC(81) Compaction Phase 193.567ms
[64.352s][info][gc,phases,start] GC(81) Post Compact
[64.354s][info][gc,phases      ] GC(81) Post Compact 2.584ms
[64.354s][info][gc,heap        ] GC(81) PSYoungGen: 294912K(313856K)->253586K(313856K) Eden: 294912K(294912K)->253586K(294912K) From: 0K(18944K)->0K(18944K)
[64.354s][info][gc,heap        ] GC(81) ParOldGen: 667622K(667648K)->667622K(667648K)
[64.354s][info][gc,metaspace   ] GC(81) Metaspace: 8503K(8640K)->8503K(8640K) NonClass: 7495K(7552K)->7495K(7552K) Class: 1008K(1088K)->1008K(1088K)
[64.354s][info][gc             ] GC(81) Pause Full (Allocation Failure) 939M->899M(958M) 1384.175ms
[64.354s][info][gc,cpu         ] GC(81) User=2.73s Sys=0.01s Real=1.38s
[64.390s][info][gc,start       ] GC(82) Pause Full (Allocation Failure)
[64.390s][info][gc,phases,start] GC(82) Marking Phase
[65.173s][info][gc,phases      ] GC(82) Marking Phase 783.618ms
[65.173s][info][gc,phases,start] GC(82) Summary Phase
[65.173s][info][gc,phases      ] GC(82) Summary Phase 0.025ms
[65.173s][info][gc,phases,start] GC(82) Forward
[65.233s][info][gc,phases      ] GC(82) Forward 59.784ms
[65.233s][info][gc,phases,start] GC(82) Adjust Pointers
[65.575s][info][gc,phases      ] GC(82) Adjust Pointers 341.911ms
[65.575s][info][gc,phases,start] GC(82) Compaction Phase
[65.770s][info][gc,phases      ] GC(82) Compaction Phase 194.755ms
[65.770s][info][gc,phases,start] GC(82) Post Compact
[65.773s][info][gc,phases      ] GC(82) Post Compact 2.626ms
[65.773s][info][gc,heap        ] GC(82) PSYoungGen: 294912K(313856K)->255712K(313856K) Eden: 294912K(294912K)->255712K(294912K) From: 0K(18944K)->0K(18944K)
[65.773s][info][gc,heap        ] GC(82) ParOldGen: 667622K(667648K)->667622K(667648K)
[65.773s][info][gc,metaspace   ] GC(82) Metaspace: 8503K(8640K)->8503K(8640K) NonClass: 7495K(7552K)->7495K(7552K) Class: 1008K(1088K)->1008K(1088K)
[65.773s][info][gc             ] GC(82) Pause Full (Allocation Failure) 939M->901M(958M) 1383.058ms
[65.773s][info][gc,cpu         ] GC(82) User=2.73s Sys=0.00s Real=1.38s
[65.806s][info][gc,start       ] GC(83) Pause Full (Allocation Failure)
[65.806s][info][gc,phases,start] GC(83) Marking Phase
[66.592s][info][gc,phases      ] GC(83) Marking Phase 786.061ms
[66.592s][info][gc,phases,start] GC(83) Summary Phase
[66.592s][info][gc,phases      ] GC(83) Summary Phase 0.024ms
[66.592s][info][gc,phases,start] GC(83) Forward
[66.652s][info][gc,phases      ] GC(83) Forward 59.975ms
[66.652s][info][gc,phases,start] GC(83) Adjust Pointers
[66.998s][info][gc,phases      ] GC(83) Adjust Pointers 345.823ms
[66.998s][info][gc,phases,start] GC(83) Compaction Phase
[67.201s][info][gc,phases      ] GC(83) Compaction Phase 203.559ms
[67.201s][info][gc,phases,start] GC(83) Post Compact
[67.204s][info][gc,phases      ] GC(83) Post Compact 2.620ms
[67.204s][info][gc,heap        ] GC(83) PSYoungGen: 294912K(313856K)->258169K(313856K) Eden: 294912K(294912K)->258169K(294912K) From: 0K(18944K)->0K(18944K)
[67.204s][info][gc,heap        ] GC(83) ParOldGen: 667622K(667648K)->667622K(667648K)
[67.204s][info][gc,metaspace   ] GC(83) Metaspace: 8503K(8640K)->8503K(8640K) NonClass: 7495K(7552K)->7495K(7552K) Class: 1008K(1088K)->1008K(1088K)
[67.204s][info][gc             ] GC(83) Pause Full (Allocation Failure) 939M->904M(958M) 1398.380ms
[67.204s][info][gc,cpu         ] GC(83) User=2.77s Sys=0.00s Real=1.40s
[67.239s][info][gc,start       ] GC(84) Pause Full (Allocation Failure)
[67.239s][info][gc,phases,start] GC(84) Marking Phase
[68.027s][info][gc,phases      ] GC(84) Marking Phase 787.747ms
[68.027s][info][gc,phases,start] GC(84) Summary Phase
[68.027s][info][gc,phases      ] GC(84) Summary Phase 0.025ms
[68.027s][info][gc,phases,start] GC(84) Forward
[68.087s][info][gc,phases      ] GC(84) Forward 60.417ms
[68.087s][info][gc,phases,start] GC(84) Adjust Pointers
[68.433s][info][gc,phases      ] GC(84) Adjust Pointers 346.187ms
[68.433s][info][gc,phases,start] GC(84) Compaction Phase
[68.628s][info][gc,phases      ] GC(84) Compaction Phase 194.566ms
[68.628s][info][gc,phases,start] GC(84) Post Compact
[68.631s][info][gc,phases      ] GC(84) Post Compact 2.585ms
[68.631s][info][gc,heap        ] GC(84) PSYoungGen: 294912K(313856K)->259271K(313856K) Eden: 294912K(294912K)->259271K(294912K) From: 0K(18944K)->0K(18944K)
[68.631s][info][gc,heap        ] GC(84) ParOldGen: 667622K(667648K)->667622K(667648K)
[68.631s][info][gc,metaspace   ] GC(84) Metaspace: 8503K(8640K)->8503K(8640K) NonClass: 7495K(7552K)->7495K(7552K) Class: 1008K(1088K)->1008K(1088K)
[68.631s][info][gc             ] GC(84) Pause Full (Allocation Failure) 939M->905M(958M) 1391.933ms
[68.631s][info][gc,cpu         ] GC(84) User=2.75s Sys=0.00s Real=1.39s
[68.665s][info][gc,start       ] GC(85) Pause Full (Allocation Failure)
[68.665s][info][gc,phases,start] GC(85) Marking Phase
[69.452s][info][gc,phases      ] GC(85) Marking Phase 787.226ms
[69.452s][info][gc,phases,start] GC(85) Summary Phase
[69.452s][info][gc,phases      ] GC(85) Summary Phase 0.024ms
[69.452s][info][gc,phases,start] GC(85) Forward
[69.513s][info][gc,phases      ] GC(85) Forward 60.356ms
[69.513s][info][gc,phases,start] GC(85) Adjust Pointers
[69.858s][info][gc,phases      ] GC(85) Adjust Pointers 344.703ms
[69.858s][info][gc,phases,start] GC(85) Compaction Phase
[70.053s][info][gc,phases      ] GC(85) Compaction Phase 194.803ms
[70.053s][info][gc,phases,start] GC(85) Post Compact
[70.055s][info][gc,phases      ] GC(85) Post Compact 2.566ms
[70.055s][info][gc,heap        ] GC(85) PSYoungGen: 294912K(313856K)->262441K(313856K) Eden: 294912K(294912K)->262441K(294912K) From: 0K(18944K)->0K(18944K)
[70.055s][info][gc,heap        ] GC(85) ParOldGen: 667622K(667648K)->667622K(667648K)
[70.055s][info][gc,metaspace   ] GC(85) Metaspace: 8503K(8640K)->8503K(8640K) NonClass: 7495K(7552K)->7495K(7552K) Class: 1008K(1088K)->1008K(1088K)
[70.055s][info][gc             ] GC(85) Pause Full (Allocation Failure) 939M->908M(958M) 1390.074ms
[70.055s][info][gc,cpu         ] GC(85) User=2.75s Sys=0.00s Real=1.39s
[70.082s][info][gc,start       ] GC(86) Pause Full (Allocation Failure)
[70.082s][info][gc,phases,start] GC(86) Marking Phase
[70.871s][info][gc,phases      ] GC(86) Marking Phase 789.167ms
[70.871s][info][gc,phases,start] GC(86) Summary Phase
[70.871s][info][gc,phases      ] GC(86) Summary Phase 0.028ms
[70.871s][info][gc,phases,start] GC(86) Forward
[71.095s][info][gc,phases      ] GC(86) Forward 223.862ms
[71.095s][info][gc,phases,start] GC(86) Adjust Pointers
[71.522s][info][gc,phases      ] GC(86) Adjust Pointers 426.227ms
[71.522s][info][gc,phases,start] GC(86) Compaction Phase
[71.792s][info][gc,phases      ] GC(86) Compaction Phase 270.750ms
[71.793s][info][gc,phases,start] GC(86) Post Compact
[71.795s][info][metaspace      ] ChkMgr @0x00007f46b003ef10 (non-class-space): : reclaiming memory...
[71.795s][info][metaspace      ] ChkMgr @0x00007f46b003ef10 (non-class-space): nothing reclaimed.
[71.795s][info][metaspace      ] ChkMgr @0x00007f46b003ed20 (class-space): : reclaiming memory...
[71.795s][info][metaspace      ] ChkMgr @0x00007f46b003ed20 (class-space): nothing reclaimed.
[71.795s][info][gc,phases      ] GC(86) Post Compact 2.706ms
[71.795s][info][gc,heap        ] GC(86) PSYoungGen: 294912K(313856K)->263942K(313856K) Eden: 294912K(294912K)->263942K(294912K) From: 0K(18944K)->0K(18944K)
[71.795s][info][gc,heap        ] GC(86) ParOldGen: 667622K(667648K)->667564K(667648K)
[71.795s][info][gc,metaspace   ] GC(86) Metaspace: 8503K(8640K)->8486K(8640K) NonClass: 7495K(7552K)->7477K(7552K) Class: 1008K(1088K)->1008K(1088K)
[71.795s][info][gc             ] GC(86) Pause Full (Allocation Failure) 939M->909M(958M) 1713.129ms
[71.795s][info][gc,cpu         ] GC(86) User=3.38s Sys=0.00s Real=1.71s
[71.822s][info][gc,start       ] GC(87) Pause Full (Allocation Failure)
[71.822s][info][gc,phases,start] GC(87) Marking Phase
[72.614s][info][gc,phases      ] GC(87) Marking Phase 792.134ms
[72.614s][info][gc,phases,start] GC(87) Summary Phase
[72.614s][info][gc,phases      ] GC(87) Summary Phase 0.027ms
[72.614s][info][gc,phases,start] GC(87) Forward
[72.830s][info][gc,phases      ] GC(87) Forward 215.600ms
[72.830s][info][gc,phases,start] GC(87) Adjust Pointers
[73.252s][info][gc,phases      ] GC(87) Adjust Pointers 422.231ms
[73.252s][info][gc,phases,start] GC(87) Compaction Phase
[73.506s][info][gc,phases      ] GC(87) Compaction Phase 253.226ms
[73.506s][info][gc,phases,start] GC(87) Post Compact
[73.508s][info][gc,phases      ] GC(87) Post Compact 2.633ms
[73.508s][info][gc,heap        ] GC(87) PSYoungGen: 294912K(313856K)->265185K(313856K) Eden: 294912K(294912K)->265185K(294912K) From: 0K(18944K)->0K(18944K)
[73.508s][info][gc,heap        ] GC(87) ParOldGen: 667564K(667648K)->667558K(667648K)
[73.508s][info][gc,metaspace   ] GC(87) Metaspace: 8486K(8640K)->8486K(8640K) NonClass: 7477K(7552K)->7477K(7552K) Class: 1008K(1088K)->1008K(1088K)
[73.508s][info][gc             ] GC(87) Pause Full (Allocation Failure) 939M->910M(958M) 1686.248ms
[73.508s][info][gc,cpu         ] GC(87) User=3.34s Sys=0.00s Real=1.69s
[73.532s][info][gc,start       ] GC(88) Pause Full (Allocation Failure)
[73.532s][info][gc,phases,start] GC(88) Marking Phase
[74.326s][info][gc,phases      ] GC(88) Marking Phase 793.653ms
[74.326s][info][gc,phases,start] GC(88) Summary Phase
[74.326s][info][gc,phases      ] GC(88) Summary Phase 0.049ms
[74.326s][info][gc,phases,start] GC(88) Forward
[74.386s][info][gc,phases      ] GC(88) Forward 60.022ms
[74.386s][info][gc,phases,start] GC(88) Adjust Pointers
[74.731s][info][gc,phases      ] GC(88) Adjust Pointers 344.445ms
[74.731s][info][gc,phases,start] GC(88) Compaction Phase
[74.925s][info][gc,phases      ] GC(88) Compaction Phase 194.605ms
[74.925s][info][gc,phases,start] GC(88) Post Compact
[74.928s][info][gc,phases      ] GC(88) Post Compact 2.586ms
[74.928s][info][gc,heap        ] GC(88) PSYoungGen: 294912K(313856K)->267173K(313856K) Eden: 294912K(294912K)->267173K(294912K) From: 0K(18944K)->0K(18944K)
[74.928s][info][gc,heap        ] GC(88) ParOldGen: 667558K(667648K)->667558K(667648K)
[74.928s][info][gc,metaspace   ] GC(88) Metaspace: 8486K(8640K)->8486K(8640K) NonClass: 7477K(7552K)->7477K(7552K) Class: 1008K(1088K)->1008K(1088K)
[74.928s][info][gc             ] GC(88) Pause Full (Allocation Failure) 939M->912M(958M) 1395.705ms
[74.928s][info][gc,cpu         ] GC(88) User=2.75s Sys=0.00s Real=1.40s
[74.954s][info][gc,start       ] GC(89) Pause Full (Allocation Failure)
[74.954s][info][gc,phases,start] GC(89) Marking Phase
[75.750s][info][gc,phases      ] GC(89) Marking Phase 796.338ms
[75.750s][info][gc,phases,start] GC(89) Summary Phase
[75.750s][info][gc,phases      ] GC(89) Summary Phase 0.026ms
[75.750s][info][gc,phases,start] GC(89) Forward
[75.811s][info][gc,phases      ] GC(89) Forward 60.261ms
[75.811s][info][gc,phases,start] GC(89) Adjust Pointers
[76.160s][info][gc,phases      ] GC(89) Adjust Pointers 349.471ms
[76.160s][info][gc,phases,start] GC(89) Compaction Phase
[76.357s][info][gc,phases      ] GC(89) Compaction Phase 196.627ms
[76.357s][info][gc,phases,start] GC(89) Post Compact
[76.359s][info][gc,phases      ] GC(89) Post Compact 2.578ms
[76.359s][info][gc,heap        ] GC(89) PSYoungGen: 294912K(313856K)->268783K(313856K) Eden: 294912K(294912K)->268783K(294912K) From: 0K(18944K)->0K(18944K)
[76.359s][info][gc,heap        ] GC(89) ParOldGen: 667558K(667648K)->667558K(667648K)
[76.359s][info][gc,metaspace   ] GC(89) Metaspace: 8486K(8640K)->8486K(8640K) NonClass: 7477K(7552K)->7477K(7552K) Class: 1008K(1088K)->1008K(1088K)
[76.359s][info][gc             ] GC(89) Pause Full (Allocation Failure) 939M->914M(958M) 1405.645ms
[76.359s][info][gc,cpu         ] GC(89) User=2.78s Sys=0.00s Real=1.41s
[76.379s][info][gc,start       ] GC(90) Pause Full (Allocation Failure)
[76.379s][info][gc,phases,start] GC(90) Marking Phase
[77.170s][info][gc,phases      ] GC(90) Marking Phase 791.378ms
[77.170s][info][gc,phases,start] GC(90) Summary Phase
[77.170s][info][gc,phases      ] GC(90) Summary Phase 0.024ms
[77.170s][info][gc,phases,start] GC(90) Forward
[77.230s][info][gc,phases      ] GC(90) Forward 59.942ms
[77.230s][info][gc,phases,start] GC(90) Adjust Pointers
[77.587s][info][gc,phases      ] GC(90) Adjust Pointers 356.699ms
[77.587s][info][gc,phases,start] GC(90) Compaction Phase
[77.783s][info][gc,phases      ] GC(90) Compaction Phase 196.265ms
[77.783s][info][gc,phases,start] GC(90) Post Compact
[77.786s][info][gc,phases      ] GC(90) Post Compact 2.610ms
[77.786s][info][gc,heap        ] GC(90) PSYoungGen: 294912K(313856K)->269280K(313856K) Eden: 294912K(294912K)->269280K(294912K) From: 0K(18944K)->0K(18944K)
[77.786s][info][gc,heap        ] GC(90) ParOldGen: 667558K(667648K)->667558K(667648K)
[77.786s][info][gc,metaspace   ] GC(90) Metaspace: 8486K(8640K)->8486K(8640K) NonClass: 7477K(7552K)->7477K(7552K) Class: 1008K(1088K)->1008K(1088K)
[77.786s][info][gc             ] GC(90) Pause Full (Allocation Failure) 939M->914M(958M) 1407.300ms
[77.786s][info][gc,cpu         ] GC(90) User=2.78s Sys=0.00s Real=1.40s
[77.810s][info][gc,start       ] GC(91) Pause Full (Allocation Failure)
[77.810s][info][gc,phases,start] GC(91) Marking Phase
[78.607s][info][gc,phases      ] GC(91) Marking Phase 796.819ms
[78.607s][info][gc,phases,start] GC(91) Summary Phase
[78.607s][info][gc,phases      ] GC(91) Summary Phase 0.024ms
[78.607s][info][gc,phases,start] GC(91) Forward
[78.667s][info][gc,phases      ] GC(91) Forward 60.374ms
[78.667s][info][gc,phases,start] GC(91) Adjust Pointers
[79.013s][info][gc,phases      ] GC(91) Adjust Pointers 346.077ms
[79.013s][info][gc,phases,start] GC(91) Compaction Phase
[79.210s][info][gc,phases      ] GC(91) Compaction Phase 196.569ms
[79.210s][info][gc,phases,start] GC(91) Post Compact
[79.213s][info][gc,phases      ] GC(91) Post Compact 2.632ms
[79.213s][info][gc,heap        ] GC(91) PSYoungGen: 294912K(313856K)->270469K(313856K) Eden: 294912K(294912K)->270469K(294912K) From: 0K(18944K)->0K(18944K)
[79.213s][info][gc,heap        ] GC(91) ParOldGen: 667558K(667648K)->667558K(667648K)
[79.213s][info][gc,metaspace   ] GC(91) Metaspace: 8486K(8640K)->8486K(8640K) NonClass: 7477K(7552K)->7477K(7552K) Class: 1008K(1088K)->1008K(1088K)
[79.213s][info][gc             ] GC(91) Pause Full (Allocation Failure) 939M->916M(958M) 1402.909ms
[79.213s][info][gc,cpu         ] GC(91) User=2.77s Sys=0.00s Real=1.40s
[79.237s][info][gc,start       ] GC(92) Pause Full (Allocation Failure)
[79.237s][info][gc,phases,start] GC(92) Marking Phase
[80.046s][info][gc,phases      ] GC(92) Marking Phase 808.636ms
[80.046s][info][gc,phases,start] GC(92) Summary Phase
[80.046s][info][gc,phases      ] GC(92) Summary Phase 0.026ms
[80.046s][info][gc,phases,start] GC(92) Forward
[80.107s][info][gc,phases      ] GC(92) Forward 61.152ms
[80.107s][info][gc,phases,start] GC(92) Adjust Pointers
[80.460s][info][gc,phases      ] GC(92) Adjust Pointers 352.209ms
[80.460s][info][gc,phases,start] GC(92) Compaction Phase
[80.656s][info][gc,phases      ] GC(92) Compaction Phase 196.821ms
[80.656s][info][gc,phases,start] GC(92) Post Compact
[80.659s][info][gc,phases      ] GC(92) Post Compact 2.596ms
[80.659s][info][gc,heap        ] GC(92) PSYoungGen: 294912K(313856K)->272546K(313856K) Eden: 294912K(294912K)->272546K(294912K) From: 0K(18944K)->0K(18944K)
[80.659s][info][gc,heap        ] GC(92) ParOldGen: 667558K(667648K)->667558K(667648K)
[80.659s][info][gc,metaspace   ] GC(92) Metaspace: 8486K(8640K)->8486K(8640K) NonClass: 7477K(7552K)->7477K(7552K) Class: 1008K(1088K)->1008K(1088K)
[80.659s][info][gc             ] GC(92) Pause Full (Allocation Failure) 939M->918M(958M) 1421.794ms
[80.659s][info][gc,cpu         ] GC(92) User=2.81s Sys=0.01s Real=1.43s
[80.675s][info][gc,start       ] GC(93) Pause Full (Allocation Failure)
[80.675s][info][gc,phases,start] GC(93) Marking Phase
[81.473s][info][gc,phases      ] GC(93) Marking Phase 798.219ms
[81.473s][info][gc,phases,start] GC(93) Summary Phase
[81.473s][info][gc,phases      ] GC(93) Summary Phase 0.024ms
[81.474s][info][gc,phases,start] GC(93) Forward
[81.534s][info][gc,phases      ] GC(93) Forward 60.219ms
[81.534s][info][gc,phases,start] GC(93) Adjust Pointers
[81.880s][info][gc,phases      ] GC(93) Adjust Pointers 346.442ms
[81.880s][info][gc,phases,start] GC(93) Compaction Phase
[82.076s][info][gc,phases      ] GC(93) Compaction Phase 196.037ms
[82.076s][info][gc,phases,start] GC(93) Post Compact
[82.079s][info][gc,phases      ] GC(93) Post Compact 2.580ms
[82.079s][info][gc,heap        ] GC(93) PSYoungGen: 294912K(313856K)->273657K(313856K) Eden: 294912K(294912K)->273657K(294912K) From: 0K(18944K)->0K(18944K)
[82.079s][info][gc,heap        ] GC(93) ParOldGen: 667558K(667648K)->667558K(667648K)
[82.079s][info][gc,metaspace   ] GC(93) Metaspace: 8486K(8640K)->8486K(8640K) NonClass: 7477K(7552K)->7477K(7552K) Class: 1008K(1088K)->1008K(1088K)
[82.079s][info][gc             ] GC(93) Pause Full (Allocation Failure) 939M->919M(958M) 1403.859ms
[82.079s][info][gc,cpu         ] GC(93) User=2.77s Sys=0.00s Real=1.41s
[82.100s][info][gc,start       ] GC(94) Pause Full (Allocation Failure)
[82.100s][info][gc,phases,start] GC(94) Marking Phase
[82.899s][info][gc,phases      ] GC(94) Marking Phase 798.989ms
[82.899s][info][gc,phases,start] GC(94) Summary Phase
[82.899s][info][gc,phases      ] GC(94) Summary Phase 0.025ms
[82.899s][info][gc,phases,start] GC(94) Forward
[82.960s][info][gc,phases      ] GC(94) Forward 60.364ms
[82.960s][info][gc,phases,start] GC(94) Adjust Pointers
[83.311s][info][gc,phases      ] GC(94) Adjust Pointers 350.674ms
[83.311s][info][gc,phases,start] GC(94) Compaction Phase
[83.507s][info][gc,phases      ] GC(94) Compaction Phase 196.497ms
[83.507s][info][gc,phases,start] GC(94) Post Compact
[83.510s][info][gc,phases      ] GC(94) Post Compact 2.575ms
[83.510s][info][gc,heap        ] GC(94) PSYoungGen: 294912K(313856K)->274891K(313856K) Eden: 294912K(294912K)->274891K(294912K) From: 0K(18944K)->0K(18944K)
[83.510s][info][gc,heap        ] GC(94) ParOldGen: 667558K(667648K)->667558K(667648K)
[83.510s][info][gc,metaspace   ] GC(94) Metaspace: 8486K(8640K)->8486K(8640K) NonClass: 7477K(7552K)->7477K(7552K) Class: 1008K(1088K)->1008K(1088K)
[83.510s][info][gc             ] GC(94) Pause Full (Allocation Failure) 939M->920M(958M) 1409.532ms
[83.510s][info][gc,cpu         ] GC(94) User=2.79s Sys=0.00s Real=1.41s
[83.525s][info][gc,start       ] GC(95) Pause Full (Allocation Failure)
[83.525s][info][gc,phases,start] GC(95) Marking Phase
[84.327s][info][gc,phases      ] GC(95) Marking Phase 802.343ms
[84.327s][info][gc,phases,start] GC(95) Summary Phase
[84.328s][info][gc,phases      ] GC(95) Summary Phase 0.035ms
[84.328s][info][gc,phases,start] GC(95) Forward
[84.388s][info][gc,phases      ] GC(95) Forward 60.587ms
[84.388s][info][gc,phases,start] GC(95) Adjust Pointers
[84.738s][info][gc,phases      ] GC(95) Adjust Pointers 349.388ms
[84.738s][info][gc,phases,start] GC(95) Compaction Phase
[84.935s][info][gc,phases      ] GC(95) Compaction Phase 197.251ms
[84.935s][info][gc,phases,start] GC(95) Post Compact
[84.938s][info][gc,phases      ] GC(95) Post Compact 2.598ms
[84.938s][info][gc,heap        ] GC(95) PSYoungGen: 294912K(313856K)->276137K(313856K) Eden: 294912K(294912K)->276137K(294912K) From: 0K(18944K)->0K(18944K)
[84.938s][info][gc,heap        ] GC(95) ParOldGen: 667558K(667648K)->667558K(667648K)
[84.938s][info][gc,metaspace   ] GC(95) Metaspace: 8486K(8640K)->8486K(8640K) NonClass: 7477K(7552K)->7477K(7552K) Class: 1008K(1088K)->1008K(1088K)
[84.938s][info][gc             ] GC(95) Pause Full (Allocation Failure) 939M->921M(958M) 1412.553ms
[84.938s][info][gc,cpu         ] GC(95) User=2.80s Sys=0.00s Real=1.41s
[84.954s][info][gc,start       ] GC(96) Pause Full (Allocation Failure)
[84.954s][info][gc,phases,start] GC(96) Marking Phase
[85.753s][info][gc,phases      ] GC(96) Marking Phase 798.871ms
[85.753s][info][gc,phases,start] GC(96) Summary Phase
[85.753s][info][gc,phases      ] GC(96) Summary Phase 0.025ms
[85.753s][info][gc,phases,start] GC(96) Forward
[85.813s][info][gc,phases      ] GC(96) Forward 59.922ms
[85.813s][info][gc,phases,start] GC(96) Adjust Pointers
[86.160s][info][gc,phases      ] GC(96) Adjust Pointers 347.205ms
[86.160s][info][gc,phases,start] GC(96) Compaction Phase
[86.358s][info][gc,phases      ] GC(96) Compaction Phase 197.245ms
[86.358s][info][gc,phases,start] GC(96) Post Compact
[86.360s][info][gc,phases      ] GC(96) Post Compact 2.590ms
[86.360s][info][gc,heap        ] GC(96) PSYoungGen: 294912K(313856K)->276738K(313856K) Eden: 294912K(294912K)->276738K(294912K) From: 0K(18944K)->0K(18944K)
[86.360s][info][gc,heap        ] GC(96) ParOldGen: 667558K(667648K)->667558K(667648K)
[86.360s][info][gc,metaspace   ] GC(96) Metaspace: 8486K(8640K)->8486K(8640K) NonClass: 7477K(7552K)->7477K(7552K) Class: 1008K(1088K)->1008K(1088K)
[86.360s][info][gc             ] GC(96) Pause Full (Allocation Failure) 939M->922M(958M) 1406.184ms
[86.360s][info][gc,cpu         ] GC(96) User=2.79s Sys=0.00s Real=1.41s
[86.378s][info][gc,start       ] GC(97) Pause Full (Allocation Failure)
[86.378s][info][gc,phases,start] GC(97) Marking Phase
[87.178s][info][gc,phases      ] GC(97) Marking Phase 800.685ms
[87.178s][info][gc,phases,start] GC(97) Summary Phase
[87.178s][info][gc,phases      ] GC(97) Summary Phase 0.024ms
[87.178s][info][gc,phases,start] GC(97) Forward
[87.239s][info][gc,phases      ] GC(97) Forward 60.542ms
[87.239s][info][gc,phases,start] GC(97) Adjust Pointers
[87.590s][info][gc,phases      ] GC(97) Adjust Pointers 351.542ms
[87.591s][info][gc,phases,start] GC(97) Compaction Phase
[87.789s][info][gc,phases      ] GC(97) Compaction Phase 198.932ms
[87.790s][info][gc,phases,start] GC(97) Post Compact
[87.792s][info][gc,phases      ] GC(97) Post Compact 2.625ms
[87.792s][info][gc,heap        ] GC(97) PSYoungGen: 294912K(313856K)->278592K(313856K) Eden: 294912K(294912K)->278592K(294912K) From: 0K(18944K)->0K(18944K)
[87.792s][info][gc,heap        ] GC(97) ParOldGen: 667558K(667648K)->667558K(667648K)
[87.792s][info][gc,metaspace   ] GC(97) Metaspace: 8486K(8640K)->8486K(8640K) NonClass: 7477K(7552K)->7477K(7552K) Class: 1008K(1088K)->1008K(1088K)
[87.792s][info][gc             ] GC(97) Pause Full (Allocation Failure) 939M->923M(958M) 1414.742ms
[87.792s][info][gc,cpu         ] GC(97) User=2.81s Sys=0.00s Real=1.42s
[87.802s][info][gc,start       ] GC(98) Pause Full (Allocation Failure)
[87.802s][info][gc,phases,start] GC(98) Marking Phase
[88.603s][info][gc,phases      ] GC(98) Marking Phase 800.432ms
[88.603s][info][gc,phases,start] GC(98) Summary Phase
[88.603s][info][gc,phases      ] GC(98) Summary Phase 0.036ms
[88.603s][info][gc,phases,start] GC(98) Forward
[88.663s][info][gc,phases      ] GC(98) Forward 60.368ms
[88.663s][info][gc,phases,start] GC(98) Adjust Pointers
[89.012s][info][gc,phases      ] GC(98) Adjust Pointers 348.544ms
[89.012s][info][gc,phases,start] GC(98) Compaction Phase
[89.209s][info][gc,phases      ] GC(98) Compaction Phase 197.093ms
[89.209s][info][gc,phases,start] GC(98) Post Compact
[89.212s][info][gc,phases      ] GC(98) Post Compact 2.582ms
[89.212s][info][gc,heap        ] GC(98) PSYoungGen: 294912K(313856K)->278300K(313856K) Eden: 294912K(294912K)->278300K(294912K) From: 0K(18944K)->0K(18944K)
[89.212s][info][gc,heap        ] GC(98) ParOldGen: 667558K(667648K)->667558K(667648K)
[89.212s][info][gc,metaspace   ] GC(98) Metaspace: 8486K(8640K)->8486K(8640K) NonClass: 7477K(7552K)->7477K(7552K) Class: 1008K(1088K)->1008K(1088K)
[89.212s][info][gc             ] GC(98) Pause Full (Allocation Failure) 939M->923M(958M) 1409.428ms
[89.212s][info][gc,cpu         ] GC(98) User=2.79s Sys=0.00s Real=1.41s
[89.228s][info][gc,start       ] GC(99) Pause Full (Allocation Failure)
[89.228s][info][gc,phases,start] GC(99) Marking Phase
[90.032s][info][gc,phases      ] GC(99) Marking Phase 803.811ms
[90.032s][info][gc,phases,start] GC(99) Summary Phase
[90.032s][info][gc,phases      ] GC(99) Summary Phase 0.025ms
[90.032s][info][gc,phases,start] GC(99) Forward
[90.092s][info][gc,phases      ] GC(99) Forward 60.233ms
[90.092s][info][gc,phases,start] GC(99) Adjust Pointers
[90.440s][info][gc,phases      ] GC(99) Adjust Pointers 347.372ms
[90.440s][info][gc,phases,start] GC(99) Compaction Phase
[90.637s][info][gc,phases      ] GC(99) Compaction Phase 197.590ms
[90.637s][info][gc,phases,start] GC(99) Post Compact
[90.640s][info][gc,phases      ] GC(99) Post Compact 2.584ms
[90.640s][info][gc,heap        ] GC(99) PSYoungGen: 294912K(313856K)->279725K(313856K) Eden: 294912K(294912K)->279725K(294912K) From: 0K(18944K)->0K(18944K)
[90.640s][info][gc,heap        ] GC(99) ParOldGen: 667558K(667648K)->667558K(667648K)
[90.640s][info][gc,metaspace   ] GC(99) Metaspace: 8486K(8640K)->8486K(8640K) NonClass: 7477K(7552K)->7477K(7552K) Class: 1008K(1088K)->1008K(1088K)
[90.640s][info][gc             ] GC(99) Pause Full (Allocation Failure) 939M->925M(958M) 1411.942ms
[90.640s][info][gc,cpu         ] GC(99) User=2.79s Sys=0.00s Real=1.41s
[90.654s][info][gc,start       ] GC(100) Pause Full (Allocation Failure)
[90.654s][info][gc,phases,start] GC(100) Marking Phase
[91.459s][info][gc,phases      ] GC(100) Marking Phase 804.952ms
[91.459s][info][gc,phases,start] GC(100) Summary Phase
[91.459s][info][gc,phases      ] GC(100) Summary Phase 0.023ms
[91.459s][info][gc,phases,start] GC(100) Forward
[91.519s][info][gc,phases      ] GC(100) Forward 60.221ms
[91.519s][info][gc,phases,start] GC(100) Adjust Pointers
[91.871s][info][gc,phases      ] GC(100) Adjust Pointers 351.706ms
[91.871s][info][gc,phases,start] GC(100) Compaction Phase
[92.068s][info][gc,phases      ] GC(100) Compaction Phase 197.667ms
[92.069s][info][gc,phases,start] GC(100) Post Compact
[92.071s][info][gc,phases      ] GC(100) Post Compact 2.642ms
[92.071s][info][gc,heap        ] GC(100) PSYoungGen: 294912K(313856K)->281075K(313856K) Eden: 294912K(294912K)->281075K(294912K) From: 0K(18944K)->0K(18944K)
[92.071s][info][gc,heap        ] GC(100) ParOldGen: 667558K(667648K)->667558K(667648K)
[92.071s][info][gc,metaspace   ] GC(100) Metaspace: 8486K(8640K)->8486K(8640K) NonClass: 7477K(7552K)->7477K(7552K) Class: 1008K(1088K)->1008K(1088K)
[92.071s][info][gc             ] GC(100) Pause Full (Allocation Failure) 939M->926M(958M) 1417.571ms
[92.071s][info][gc,cpu         ] GC(100) User=2.80s Sys=0.00s Real=1.42s
[92.079s][info][gc,start       ] GC(101) Pause Full (Allocation Failure)
[92.079s][info][gc,phases,start] GC(101) Marking Phase
[92.889s][info][gc,phases      ] GC(101) Marking Phase 810.077ms
[92.889s][info][gc,phases,start] GC(101) Summary Phase
[92.889s][info][gc,phases      ] GC(101) Summary Phase 0.025ms
[92.889s][info][gc,phases,start] GC(101) Forward
[92.949s][info][gc,phases      ] GC(101) Forward 59.957ms
[92.949s][info][gc,phases,start] GC(101) Adjust Pointers
[93.299s][info][gc,phases      ] GC(101) Adjust Pointers 349.697ms
[93.299s][info][gc,phases,start] GC(101) Compaction Phase
[93.498s][info][gc,phases      ] GC(101) Compaction Phase 199.257ms
[93.499s][info][gc,phases,start] GC(101) Post Compact
[93.501s][info][gc,phases      ] GC(101) Post Compact 2.602ms
[93.501s][info][gc,heap        ] GC(101) PSYoungGen: 294912K(313856K)->280469K(313856K) Eden: 294912K(294912K)->280469K(294912K) From: 0K(18944K)->0K(18944K)
[93.501s][info][gc,heap        ] GC(101) ParOldGen: 667558K(667648K)->667558K(667648K)
[93.501s][info][gc,metaspace   ] GC(101) Metaspace: 8486K(8640K)->8486K(8640K) NonClass: 7477K(7552K)->7477K(7552K) Class: 1008K(1088K)->1008K(1088K)
[93.501s][info][gc             ] GC(101) Pause Full (Allocation Failure) 939M->925M(958M) 1421.968ms
[93.501s][info][gc,cpu         ] GC(101) User=2.82s Sys=0.00s Real=1.42s
[93.516s][info][gc,start       ] GC(102) Pause Full (Allocation Failure)
[93.516s][info][gc,phases,start] GC(102) Marking Phase
[94.320s][info][gc,phases      ] GC(102) Marking Phase 803.731ms
[94.320s][info][gc,phases,start] GC(102) Summary Phase
[94.320s][info][gc,phases      ] GC(102) Summary Phase 0.026ms
[94.320s][info][gc,phases,start] GC(102) Forward
[94.380s][info][gc,phases      ] GC(102) Forward 60.118ms
[94.380s][info][gc,phases,start] GC(102) Adjust Pointers
[94.728s][info][gc,phases      ] GC(102) Adjust Pointers 348.328ms
[94.728s][info][gc,phases,start] GC(102) Compaction Phase
[94.925s][info][gc,phases      ] GC(102) Compaction Phase 196.998ms
[94.926s][info][gc,phases,start] GC(102) Post Compact
[94.928s][info][gc,phases      ] GC(102) Post Compact 2.605ms
[94.928s][info][gc,heap        ] GC(102) PSYoungGen: 294912K(313856K)->281200K(313856K) Eden: 294912K(294912K)->281200K(294912K) From: 0K(18944K)->0K(18944K)
[94.928s][info][gc,heap        ] GC(102) ParOldGen: 667558K(667648K)->667558K(667648K)
[94.928s][info][gc,metaspace   ] GC(102) Metaspace: 8486K(8640K)->8486K(8640K) NonClass: 7477K(7552K)->7477K(7552K) Class: 1008K(1088K)->1008K(1088K)
[94.928s][info][gc             ] GC(102) Pause Full (Allocation Failure) 939M->926M(958M) 1412.176ms
[94.928s][info][gc,cpu         ] GC(102) User=2.80s Sys=0.00s Real=1.42s
[94.942s][info][gc,start       ] GC(103) Pause Full (Allocation Failure)
[94.942s][info][gc,phases,start] GC(103) Marking Phase
[95.751s][info][gc,phases      ] GC(103) Marking Phase 808.812ms
[95.751s][info][gc,phases,start] GC(103) Summary Phase
[95.751s][info][gc,phases      ] GC(103) Summary Phase 0.025ms
[95.751s][info][gc,phases,start] GC(103) Forward
[95.811s][info][gc,phases      ] GC(103) Forward 60.169ms
[95.811s][info][gc,phases,start] GC(103) Adjust Pointers
[96.161s][info][gc,phases      ] GC(103) Adjust Pointers 350.375ms
[96.161s][info][gc,phases,start] GC(103) Compaction Phase
[96.359s][info][gc,phases      ] GC(103) Compaction Phase 197.220ms
[96.359s][info][gc,phases,start] GC(103) Post Compact
[96.361s][info][gc,phases      ] GC(103) Post Compact 2.621ms
[96.361s][info][gc,heap        ] GC(103) PSYoungGen: 294912K(313856K)->281833K(313856K) Eden: 294912K(294912K)->281833K(294912K) From: 0K(18944K)->0K(18944K)
[96.361s][info][gc,heap        ] GC(103) ParOldGen: 667558K(667648K)->667558K(667648K)
[96.361s][info][gc,metaspace   ] GC(103) Metaspace: 8486K(8640K)->8486K(8640K) NonClass: 7477K(7552K)->7477K(7552K) Class: 1008K(1088K)->1008K(1088K)
[96.361s][info][gc             ] GC(103) Pause Full (Allocation Failure) 939M->927M(958M) 1419.549ms
[96.361s][info][gc,cpu         ] GC(103) User=2.82s Sys=0.00s Real=1.42s
[96.376s][info][gc,start       ] GC(104) Pause Full (Allocation Failure)
[96.376s][info][gc,phases,start] GC(104) Marking Phase
[97.181s][info][gc,phases      ] GC(104) Marking Phase 804.875ms
[97.181s][info][gc,phases,start] GC(104) Summary Phase
[97.181s][info][gc,phases      ] GC(104) Summary Phase 0.025ms
[97.181s][info][gc,phases,start] GC(104) Forward
[97.241s][info][gc,phases      ] GC(104) Forward 60.016ms
[97.241s][info][gc,phases,start] GC(104) Adjust Pointers
[97.590s][info][gc,phases      ] GC(104) Adjust Pointers 348.659ms
[97.590s][info][gc,phases,start] GC(104) Compaction Phase
[97.789s][info][gc,phases      ] GC(104) Compaction Phase 198.613ms
[97.789s][info][gc,phases,start] GC(104) Post Compact
[97.791s][info][gc,phases      ] GC(104) Post Compact 2.591ms
[97.791s][info][gc,heap        ] GC(104) PSYoungGen: 294912K(313856K)->283006K(313856K) Eden: 294912K(294912K)->283006K(294912K) From: 0K(18944K)->0K(18944K)
[97.791s][info][gc,heap        ] GC(104) ParOldGen: 667558K(667648K)->667558K(667648K)
[97.791s][info][gc,metaspace   ] GC(104) Metaspace: 8486K(8640K)->8486K(8640K) NonClass: 7477K(7552K)->7477K(7552K) Class: 1008K(1088K)->1008K(1088K)
[97.791s][info][gc             ] GC(104) Pause Full (Allocation Failure) 939M->928M(958M) 1415.119ms
[97.792s][info][gc,cpu         ] GC(104) User=2.81s Sys=0.01s Real=1.42s
[97.802s][info][gc,start       ] GC(105) Pause Full (Allocation Failure)
[97.802s][info][gc,phases,start] GC(105) Marking Phase
[98.607s][info][gc,phases      ] GC(105) Marking Phase 804.445ms
[98.607s][info][gc,phases,start] GC(105) Summary Phase
[98.607s][info][gc,phases      ] GC(105) Summary Phase 0.024ms
[98.607s][info][gc,phases,start] GC(105) Forward
[98.667s][info][gc,phases      ] GC(105) Forward 60.238ms
[98.667s][info][gc,phases,start] GC(105) Adjust Pointers
[99.014s][info][gc,phases      ] GC(105) Adjust Pointers 347.234ms
[99.014s][info][gc,phases,start] GC(105) Compaction Phase
[99.214s][info][gc,phases      ] GC(105) Compaction Phase 199.968ms
[99.214s][info][gc,phases,start] GC(105) Post Compact
[99.217s][info][gc,phases      ] GC(105) Post Compact 2.655ms
[99.217s][info][gc,heap        ] GC(105) PSYoungGen: 294912K(313856K)->284100K(313856K) Eden: 294912K(294912K)->284100K(294912K) From: 0K(18944K)->0K(18944K)
[99.217s][info][gc,heap        ] GC(105) ParOldGen: 667558K(667648K)->667558K(667648K)
[99.217s][info][gc,metaspace   ] GC(105) Metaspace: 8486K(8640K)->8486K(8640K) NonClass: 7477K(7552K)->7477K(7552K) Class: 1008K(1088K)->1008K(1088K)
[99.217s][info][gc             ] GC(105) Pause Full (Allocation Failure) 939M->929M(958M) 1414.924ms
[99.217s][info][gc,cpu         ] GC(105) User=2.80s Sys=0.00s Real=1.41s
[99.228s][info][gc,start       ] GC(106) Pause Full (Allocation Failure)
[99.228s][info][gc,phases,start] GC(106) Marking Phase
[100.037s][info][gc,phases      ] GC(106) Marking Phase 809.125ms
[100.037s][info][gc,phases,start] GC(106) Summary Phase
[100.037s][info][gc,phases      ] GC(106) Summary Phase 0.024ms
[100.037s][info][gc,phases,start] GC(106) Forward
[100.098s][info][gc,phases      ] GC(106) Forward 60.567ms
[100.098s][info][gc,phases,start] GC(106) Adjust Pointers
[100.446s][info][gc,phases      ] GC(106) Adjust Pointers 348.508ms
[100.446s][info][gc,phases,start] GC(106) Compaction Phase
[100.644s][info][gc,phases      ] GC(106) Compaction Phase 198.138ms
[100.645s][info][gc,phases,start] GC(106) Post Compact
[100.647s][info][gc,phases      ] GC(106) Post Compact 2.594ms
[100.647s][info][gc,heap        ] GC(106) PSYoungGen: 294912K(313856K)->285253K(313856K) Eden: 294912K(294912K)->285253K(294912K) From: 0K(18944K)->0K(18944K)
[100.647s][info][gc,heap        ] GC(106) ParOldGen: 667558K(667648K)->667558K(667648K)
[100.647s][info][gc,metaspace   ] GC(106) Metaspace: 8486K(8640K)->8486K(8640K) NonClass: 7477K(7552K)->7477K(7552K) Class: 1008K(1088K)->1008K(1088K)
[100.647s][info][gc             ] GC(106) Pause Full (Allocation Failure) 939M->930M(958M) 1419.351ms
[100.647s][info][gc,cpu         ] GC(106) User=2.82s Sys=0.00s Real=1.41s
[100.651s][info][gc,start       ] GC(107) Pause Full (Allocation Failure)
[100.651s][info][gc,phases,start] GC(107) Marking Phase
[101.460s][info][gc,phases      ] GC(107) Marking Phase 809.006ms
[101.460s][info][gc,phases,start] GC(107) Summary Phase
[101.460s][info][gc,phases      ] GC(107) Summary Phase 0.025ms
[101.460s][info][gc,phases,start] GC(107) Forward
[101.520s][info][gc,phases      ] GC(107) Forward 60.324ms
[101.520s][info][gc,phases,start] GC(107) Adjust Pointers
[101.872s][info][gc,phases      ] GC(107) Adjust Pointers 352.196ms
[101.872s][info][gc,phases,start] GC(107) Compaction Phase
[102.070s][info][gc,phases      ] GC(107) Compaction Phase 197.675ms
[102.070s][info][gc,phases,start] GC(107) Post Compact
[102.073s][info][gc,phases      ] GC(107) Post Compact 2.628ms
[102.073s][info][gc,heap        ] GC(107) PSYoungGen: 294912K(313856K)->285056K(313856K) Eden: 294912K(294912K)->285056K(294912K) From: 0K(18944K)->0K(18944K)
[102.073s][info][gc,heap        ] GC(107) ParOldGen: 667558K(667648K)->667558K(667648K)
[102.073s][info][gc,metaspace   ] GC(107) Metaspace: 8486K(8640K)->8486K(8640K) NonClass: 7477K(7552K)->7477K(7552K) Class: 1008K(1088K)->1008K(1088K)
[102.073s][info][gc             ] GC(107) Pause Full (Allocation Failure) 939M->930M(958M) 1422.187ms
[102.073s][info][gc,cpu         ] GC(107) User=2.82s Sys=0.00s Real=1.42s
[102.083s][info][gc,start       ] GC(108) Pause Full (Allocation Failure)
[102.083s][info][gc,phases,start] GC(108) Marking Phase
[102.888s][info][gc,phases      ] GC(108) Marking Phase 805.302ms
[102.888s][info][gc,phases,start] GC(108) Summary Phase
[102.888s][info][gc,phases      ] GC(108) Summary Phase 0.026ms
[102.888s][info][gc,phases,start] GC(108) Forward
[102.948s][info][gc,phases      ] GC(108) Forward 60.139ms
[102.949s][info][gc,phases,start] GC(108) Adjust Pointers
[103.299s][info][gc,phases      ] GC(108) Adjust Pointers 350.573ms
[103.299s][info][gc,phases,start] GC(108) Compaction Phase
[103.496s][info][gc,phases      ] GC(108) Compaction Phase 197.290ms
[103.497s][info][gc,phases,start] GC(108) Post Compact
[103.499s][info][gc,phases      ] GC(108) Post Compact 2.638ms
[103.499s][info][gc,heap        ] GC(108) PSYoungGen: 294912K(313856K)->285311K(313856K) Eden: 294912K(294912K)->285311K(294912K) From: 0K(18944K)->0K(18944K)
[103.499s][info][gc,heap        ] GC(108) ParOldGen: 667558K(667648K)->667558K(667648K)
[103.499s][info][gc,metaspace   ] GC(108) Metaspace: 8486K(8640K)->8486K(8640K) NonClass: 7477K(7552K)->7477K(7552K) Class: 1008K(1088K)->1008K(1088K)
[103.499s][info][gc             ] GC(108) Pause Full (Allocation Failure) 939M->930M(958M) 1416.332ms
[103.499s][info][gc,cpu         ] GC(108) User=2.80s Sys=0.00s Real=1.42s
[103.508s][info][gc,start       ] GC(109) Pause Full (Allocation Failure)
[103.509s][info][gc,phases,start] GC(109) Marking Phase
[104.315s][info][gc,phases      ] GC(109) Marking Phase 806.142ms
[104.315s][info][gc,phases,start] GC(109) Summary Phase
[104.315s][info][gc,phases      ] GC(109) Summary Phase 0.024ms
[104.315s][info][gc,phases,start] GC(109) Forward
[104.375s][info][gc,phases      ] GC(109) Forward 60.392ms
[104.375s][info][gc,phases,start] GC(109) Adjust Pointers
[104.723s][info][gc,phases      ] GC(109) Adjust Pointers 348.118ms
[104.723s][info][gc,phases,start] GC(109) Compaction Phase
[104.921s][info][gc,phases      ] GC(109) Compaction Phase 197.805ms
[104.921s][info][gc,phases,start] GC(109) Post Compact
[104.924s][info][gc,phases      ] GC(109) Post Compact 2.649ms
[104.924s][info][gc,heap        ] GC(109) PSYoungGen: 294912K(313856K)->285991K(313856K) Eden: 294912K(294912K)->285991K(294912K) From: 0K(18944K)->0K(18944K)
[104.924s][info][gc,heap        ] GC(109) ParOldGen: 667558K(667648K)->667558K(667648K)
[104.924s][info][gc,metaspace   ] GC(109) Metaspace: 8486K(8640K)->8486K(8640K) NonClass: 7477K(7552K)->7477K(7552K) Class: 1008K(1088K)->1008K(1088K)
[104.924s][info][gc             ] GC(109) Pause Full (Allocation Failure) 939M->931M(958M) 1415.520ms
[104.924s][info][gc,cpu         ] GC(109) User=2.81s Sys=0.00s Real=1.41s
[104.932s][info][gc,start       ] GC(110) Pause Full (Allocation Failure)
[104.932s][info][gc,phases,start] GC(110) Marking Phase
[105.741s][info][gc,phases      ] GC(110) Marking Phase 808.537ms
[105.741s][info][gc,phases,start] GC(110) Summary Phase
[105.741s][info][gc,phases      ] GC(110) Summary Phase 0.025ms
[105.741s][info][gc,phases,start] GC(110) Forward
[105.801s][info][gc,phases      ] GC(110) Forward 60.382ms
[105.801s][info][gc,phases,start] GC(110) Adjust Pointers
[106.150s][info][gc,phases      ] GC(110) Adjust Pointers 348.459ms
[106.150s][info][gc,phases,start] GC(110) Compaction Phase
[106.348s][info][gc,phases      ] GC(110) Compaction Phase 198.480ms
[106.348s][info][gc,phases,start] GC(110) Post Compact
[106.351s][info][gc,phases      ] GC(110) Post Compact 2.621ms
[106.351s][info][gc,heap        ] GC(110) PSYoungGen: 294912K(313856K)->286827K(313856K) Eden: 294912K(294912K)->286827K(294912K) From: 0K(18944K)->0K(18944K)
[106.351s][info][gc,heap        ] GC(110) ParOldGen: 667558K(667648K)->667558K(667648K)
[106.351s][info][gc,metaspace   ] GC(110) Metaspace: 8486K(8640K)->8486K(8640K) NonClass: 7477K(7552K)->7477K(7552K) Class: 1008K(1088K)->1008K(1088K)
[106.351s][info][gc             ] GC(110) Pause Full (Allocation Failure) 939M->932M(958M) 1418.860ms
[106.351s][info][gc,cpu         ] GC(110) User=2.82s Sys=0.00s Real=1.42s
[106.359s][info][gc,start       ] GC(111) Pause Full (Allocation Failure)
[106.359s][info][gc,phases,start] GC(111) Marking Phase
[107.169s][info][gc,phases      ] GC(111) Marking Phase 809.818ms
[107.169s][info][gc,phases,start] GC(111) Summary Phase
[107.169s][info][gc,phases      ] GC(111) Summary Phase 0.024ms
[107.169s][info][gc,phases,start] GC(111) Forward
[107.230s][info][gc,phases      ] GC(111) Forward 60.326ms
[107.230s][info][gc,phases,start] GC(111) Adjust Pointers
[107.594s][info][gc,phases      ] GC(111) Adjust Pointers 364.297ms
[107.594s][info][gc,phases,start] GC(111) Compaction Phase
[107.793s][info][gc,phases      ] GC(111) Compaction Phase 198.762ms
[107.793s][info][gc,phases,start] GC(111) Post Compact
[107.795s][info][gc,phases      ] GC(111) Post Compact 2.608ms
[107.795s][info][gc,heap        ] GC(111) PSYoungGen: 294912K(313856K)->287690K(313856K) Eden: 294912K(294912K)->287690K(294912K) From: 0K(18944K)->0K(18944K)
[107.795s][info][gc,heap        ] GC(111) ParOldGen: 667558K(667648K)->667558K(667648K)
[107.795s][info][gc,metaspace   ] GC(111) Metaspace: 8486K(8640K)->8486K(8640K) NonClass: 7477K(7552K)->7477K(7552K) Class: 1008K(1088K)->1008K(1088K)
[107.795s][info][gc             ] GC(111) Pause Full (Allocation Failure) 939M->932M(958M) 1436.170ms
[107.795s][info][gc,cpu         ] GC(111) User=2.85s Sys=0.00s Real=1.43s
[107.798s][info][gc,start       ] GC(112) Pause Full (Allocation Failure)
[107.798s][info][gc,phases,start] GC(112) Marking Phase
[108.605s][info][gc,phases      ] GC(112) Marking Phase 807.165ms
[108.605s][info][gc,phases,start] GC(112) Summary Phase
[108.605s][info][gc,phases      ] GC(112) Summary Phase 0.025ms
[108.605s][info][gc,phases,start] GC(112) Forward
[108.666s][info][gc,phases      ] GC(112) Forward 60.068ms
[108.666s][info][gc,phases,start] GC(112) Adjust Pointers
[109.013s][info][gc,phases      ] GC(112) Adjust Pointers 347.577ms
[109.013s][info][gc,phases,start] GC(112) Compaction Phase
[109.212s][info][gc,phases      ] GC(112) Compaction Phase 198.539ms
[109.212s][info][gc,phases,start] GC(112) Post Compact
[109.214s][info][gc,phases      ] GC(112) Post Compact 2.603ms
[109.214s][info][gc,heap        ] GC(112) PSYoungGen: 294911K(313856K)->287540K(313856K) Eden: 294911K(294912K)->287540K(294912K) From: 0K(18944K)->0K(18944K)
[109.214s][info][gc,heap        ] GC(112) ParOldGen: 667558K(667648K)->667558K(667648K)
[109.214s][info][gc,metaspace   ] GC(112) Metaspace: 8486K(8640K)->8486K(8640K) NonClass: 7477K(7552K)->7477K(7552K) Class: 1008K(1088K)->1008K(1088K)
[109.215s][info][gc             ] GC(112) Pause Full (Allocation Failure) 939M->932M(958M) 1416.363ms
[109.215s][info][gc,cpu         ] GC(112) User=2.81s Sys=0.00s Real=1.41s
[109.220s][info][gc,start       ] GC(113) Pause Full (Allocation Failure)
[109.220s][info][gc,phases,start] GC(113) Marking Phase
[110.025s][info][gc,phases      ] GC(113) Marking Phase 804.899ms
[110.025s][info][gc,phases,start] GC(113) Summary Phase
[110.025s][info][gc,phases      ] GC(113) Summary Phase 0.024ms
[110.025s][info][gc,phases,start] GC(113) Forward
[110.086s][info][gc,phases      ] GC(113) Forward 60.361ms
[110.086s][info][gc,phases,start] GC(113) Adjust Pointers
[110.433s][info][gc,phases      ] GC(113) Adjust Pointers 347.521ms
[110.433s][info][gc,phases,start] GC(113) Compaction Phase
[110.632s][info][gc,phases      ] GC(113) Compaction Phase 198.245ms
[110.632s][info][gc,phases,start] GC(113) Post Compact
[110.634s][info][gc,phases      ] GC(113) Post Compact 2.620ms
[110.634s][info][gc,heap        ] GC(113) PSYoungGen: 294912K(313856K)->287209K(313856K) Eden: 294912K(294912K)->287209K(294912K) From: 0K(18944K)->0K(18944K)
[110.634s][info][gc,heap        ] GC(113) ParOldGen: 667558K(667648K)->667558K(667648K)
[110.634s][info][gc,metaspace   ] GC(113) Metaspace: 8486K(8640K)->8486K(8640K) NonClass: 7477K(7552K)->7477K(7552K) Class: 1008K(1088K)->1008K(1088K)
[110.634s][info][gc             ] GC(113) Pause Full (Allocation Failure) 939M->932M(958M) 1414.023ms
[110.634s][info][gc,cpu         ] GC(113) User=2.80s Sys=0.00s Real=1.41s
[110.643s][info][gc,start       ] GC(114) Pause Full (Allocation Failure)
[110.643s][info][gc,phases,start] GC(114) Marking Phase
[111.452s][info][gc,phases      ] GC(114) Marking Phase 808.828ms
[111.452s][info][gc,phases,start] GC(114) Summary Phase
[111.452s][info][gc,phases      ] GC(114) Summary Phase 0.024ms
[111.452s][info][gc,phases,start] GC(114) Forward
[111.512s][info][gc,phases      ] GC(114) Forward 60.218ms
[111.512s][info][gc,phases,start] GC(114) Adjust Pointers
[111.865s][info][gc,phases      ] GC(114) Adjust Pointers 352.552ms
[111.865s][info][gc,phases,start] GC(114) Compaction Phase
[112.063s][info][gc,phases      ] GC(114) Compaction Phase 198.408ms
[112.063s][info][gc,phases,start] GC(114) Post Compact
[112.066s][info][gc,phases      ] GC(114) Post Compact 2.592ms
[112.066s][info][gc,heap        ] GC(114) PSYoungGen: 294912K(313856K)->287848K(313856K) Eden: 294912K(294912K)->287848K(294912K) From: 0K(18944K)->0K(18944K)
[112.066s][info][gc,heap        ] GC(114) ParOldGen: 667558K(667648K)->667558K(667648K)
[112.066s][info][gc,metaspace   ] GC(114) Metaspace: 8486K(8640K)->8486K(8640K) NonClass: 7477K(7552K)->7477K(7552K) Class: 1008K(1088K)->1008K(1088K)
[112.066s][info][gc             ] GC(114) Pause Full (Allocation Failure) 939M->933M(958M) 1422.974ms
[112.066s][info][gc,cpu         ] GC(114) User=2.82s Sys=0.00s Real=1.42s
[112.072s][info][gc,start       ] GC(115) Pause Full (Allocation Failure)
[112.072s][info][gc,phases,start] GC(115) Marking Phase
[112.883s][info][gc,phases      ] GC(115) Marking Phase 810.191ms
[112.883s][info][gc,phases,start] GC(115) Summary Phase
[112.883s][info][gc,phases      ] GC(115) Summary Phase 0.024ms
[112.883s][info][gc,phases,start] GC(115) Forward
[112.943s][info][gc,phases      ] GC(115) Forward 60.053ms
[112.943s][info][gc,phases,start] GC(115) Adjust Pointers
[113.292s][info][gc,phases      ] GC(115) Adjust Pointers 349.647ms
[113.292s][info][gc,phases,start] GC(115) Compaction Phase
[113.491s][info][gc,phases      ] GC(115) Compaction Phase 198.605ms
[113.491s][info][gc,phases,start] GC(115) Post Compact
[113.494s][info][gc,phases      ] GC(115) Post Compact 2.573ms
[113.494s][info][gc,heap        ] GC(115) PSYoungGen: 294912K(313856K)->288487K(313856K) Eden: 294912K(294912K)->288487K(294912K) From: 0K(18944K)->0K(18944K)
[113.494s][info][gc,heap        ] GC(115) ParOldGen: 667558K(667648K)->667558K(667648K)
[113.494s][info][gc,metaspace   ] GC(115) Metaspace: 8486K(8640K)->8486K(8640K) NonClass: 7477K(7552K)->7477K(7552K) Class: 1008K(1088K)->1008K(1088K)
[113.494s][info][gc             ] GC(115) Pause Full (Allocation Failure) 939M->933M(958M) 1421.413ms
[113.494s][info][gc,cpu         ] GC(115) User=2.82s Sys=0.00s Real=1.42s
[113.500s][info][gc,start       ] GC(116) Pause Full (Allocation Failure)
[113.500s][info][gc,phases,start] GC(116) Marking Phase
[114.309s][info][gc,phases      ] GC(116) Marking Phase 809.564ms
[114.310s][info][gc,phases,start] GC(116) Summary Phase
[114.310s][info][gc,phases      ] GC(116) Summary Phase 0.025ms
[114.310s][info][gc,phases,start] GC(116) Forward
[114.370s][info][gc,phases      ] GC(116) Forward 60.587ms
[114.370s][info][gc,phases,start] GC(116) Adjust Pointers
[114.719s][info][gc,phases      ] GC(116) Adjust Pointers 349.059ms
[114.719s][info][gc,phases,start] GC(116) Compaction Phase
[114.917s][info][gc,phases      ] GC(116) Compaction Phase 197.890ms
[114.917s][info][gc,phases,start] GC(116) Post Compact
[114.920s][info][gc,phases      ] GC(116) Post Compact 2.658ms
[114.920s][info][gc,heap        ] GC(116) PSYoungGen: 294912K(313856K)->289065K(313856K) Eden: 294912K(294912K)->289065K(294912K) From: 0K(18944K)->0K(18944K)
[114.920s][info][gc,heap        ] GC(116) ParOldGen: 667558K(667648K)->667558K(667648K)
[114.920s][info][gc,metaspace   ] GC(116) Metaspace: 8486K(8640K)->8486K(8640K) NonClass: 7477K(7552K)->7477K(7552K) Class: 1008K(1088K)->1008K(1088K)
[114.920s][info][gc             ] GC(116) Pause Full (Allocation Failure) 939M->934M(958M) 1420.133ms
[114.920s][info][gc,cpu         ] GC(116) User=2.81s Sys=0.00s Real=1.42s
[114.926s][info][gc,start       ] GC(117) Pause Full (Allocation Failure)
[114.926s][info][gc,phases,start] GC(117) Marking Phase
[115.741s][info][gc,phases      ] GC(117) Marking Phase 814.850ms
[115.741s][info][gc,phases,start] GC(117) Summary Phase
[115.741s][info][gc,phases      ] GC(117) Summary Phase 0.025ms
[115.741s][info][gc,phases,start] GC(117) Forward
[115.801s][info][gc,phases      ] GC(117) Forward 60.015ms
[115.801s][info][gc,phases,start] GC(117) Adjust Pointers
[116.153s][info][gc,phases      ] GC(117) Adjust Pointers 352.149ms
[116.153s][info][gc,phases,start] GC(117) Compaction Phase
[116.353s][info][gc,phases      ] GC(117) Compaction Phase 199.309ms
[116.353s][info][gc,phases,start] GC(117) Post Compact
[116.355s][info][gc,phases      ] GC(117) Post Compact 2.577ms
[116.355s][info][gc,heap        ] GC(117) PSYoungGen: 294912K(313856K)->289721K(313856K) Eden: 294912K(294912K)->289721K(294912K) From: 0K(18944K)->0K(18944K)
[116.355s][info][gc,heap        ] GC(117) ParOldGen: 667558K(667648K)->667558K(667648K)
[116.355s][info][gc,metaspace   ] GC(117) Metaspace: 8486K(8640K)->8486K(8640K) NonClass: 7477K(7552K)->7477K(7552K) Class: 1008K(1088K)->1008K(1088K)
[116.355s][info][gc             ] GC(117) Pause Full (Allocation Failure) 939M->934M(958M) 1429.260ms
[116.355s][info][gc,cpu         ] GC(117) User=2.83s Sys=0.00s Real=1.43s
[116.360s][info][gc,start       ] GC(118) Pause Full (Allocation Failure)
[116.360s][info][gc,phases,start] GC(118) Marking Phase
[117.172s][info][gc,phases      ] GC(118) Marking Phase 811.836ms
[117.172s][info][gc,phases,start] GC(118) Summary Phase
[117.172s][info][gc,phases      ] GC(118) Summary Phase 0.026ms
[117.172s][info][gc,phases,start] GC(118) Forward
[117.232s][info][gc,phases      ] GC(118) Forward 59.856ms
[117.232s][info][gc,phases,start] GC(118) Adjust Pointers
[117.582s][info][gc,phases      ] GC(118) Adjust Pointers 349.838ms
[117.582s][info][gc,phases,start] GC(118) Compaction Phase
[117.780s][info][gc,phases      ] GC(118) Compaction Phase 198.679ms
[117.780s][info][gc,phases,start] GC(118) Post Compact
[117.783s][info][gc,phases      ] GC(118) Post Compact 2.593ms
[117.783s][info][gc,heap        ] GC(118) PSYoungGen: 294912K(313856K)->290047K(313856K) Eden: 294912K(294912K)->290047K(294912K) From: 0K(18944K)->0K(18944K)
[117.783s][info][gc,heap        ] GC(118) ParOldGen: 667558K(667648K)->667558K(667648K)
[117.783s][info][gc,metaspace   ] GC(118) Metaspace: 8486K(8640K)->8486K(8640K) NonClass: 7477K(7552K)->7477K(7552K) Class: 1008K(1088K)->1008K(1088K)
[117.783s][info][gc             ] GC(118) Pause Full (Allocation Failure) 939M->935M(958M) 1423.181ms
[117.783s][info][gc,cpu         ] GC(118) User=2.82s Sys=0.01s Real=1.42s
[117.785s][info][gc,start       ] GC(119) Pause Full (Allocation Failure)
[117.785s][info][gc,phases,start] GC(119) Marking Phase
[118.596s][info][gc,phases      ] GC(119) Marking Phase 810.620ms
[118.596s][info][gc,phases,start] GC(119) Summary Phase
[118.596s][info][gc,phases      ] GC(119) Summary Phase 0.024ms
[118.596s][info][gc,phases,start] GC(119) Forward
[118.656s][info][gc,phases      ] GC(119) Forward 60.229ms
[118.656s][info][gc,phases,start] GC(119) Adjust Pointers
[119.004s][info][gc,phases      ] GC(119) Adjust Pointers 348.163ms
[119.004s][info][gc,phases,start] GC(119) Compaction Phase
[119.203s][info][gc,phases      ] GC(119) Compaction Phase 199.311ms
[119.204s][info][gc,phases,start] GC(119) Post Compact
[119.206s][info][gc,phases      ] GC(119) Post Compact 2.589ms
[119.206s][info][gc,heap        ] GC(119) PSYoungGen: 294912K(313856K)->289944K(313856K) Eden: 294912K(294912K)->289944K(294912K) From: 0K(18944K)->0K(18944K)
[119.206s][info][gc,heap        ] GC(119) ParOldGen: 667558K(667648K)->667558K(667648K)
[119.206s][info][gc,metaspace   ] GC(119) Metaspace: 8486K(8640K)->8486K(8640K) NonClass: 7477K(7552K)->7477K(7552K) Class: 1008K(1088K)->1008K(1088K)
[119.206s][info][gc             ] GC(119) Pause Full (Allocation Failure) 939M->935M(958M) 1421.283ms
[119.206s][info][gc,cpu         ] GC(119) User=2.82s Sys=0.00s Real=1.42s
[119.208s][info][gc,start       ] GC(120) Pause Full (Allocation Failure)
[119.208s][info][gc,phases,start] GC(120) Marking Phase
[120.018s][info][gc,phases      ] GC(120) Marking Phase 810.082ms
[120.018s][info][gc,phases,start] GC(120) Summary Phase
[120.018s][info][gc,phases      ] GC(120) Summary Phase 0.025ms
[120.018s][info][gc,phases,start] GC(120) Forward
[120.079s][info][gc,phases      ] GC(120) Forward 60.537ms
[120.079s][info][gc,phases,start] GC(120) Adjust Pointers
[120.428s][info][gc,phases      ] GC(120) Adjust Pointers 348.949ms
[120.428s][info][gc,phases,start] GC(120) Compaction Phase
[120.626s][info][gc,phases      ] GC(120) Compaction Phase 198.162ms
[120.626s][info][gc,phases,start] GC(120) Post Compact
[120.629s][info][gc,phases      ] GC(120) Post Compact 2.606ms
[120.629s][info][gc,heap        ] GC(120) PSYoungGen: 294912K(313856K)->289839K(313856K) Eden: 294912K(294912K)->289839K(294912K) From: 0K(18944K)->0K(18944K)
[120.629s][info][gc,heap        ] GC(120) ParOldGen: 667558K(667648K)->667558K(667648K)
[120.629s][info][gc,metaspace   ] GC(120) Metaspace: 8486K(8640K)->8486K(8640K) NonClass: 7477K(7552K)->7477K(7552K) Class: 1008K(1088K)->1008K(1088K)
[120.629s][info][gc             ] GC(120) Pause Full (Allocation Failure) 939M->934M(958M) 1420.707ms
[120.629s][info][gc,cpu         ] GC(120) User=2.82s Sys=0.00s Real=1.42s
[120.636s][info][gc,start       ] GC(121) Pause Full (Allocation Failure)
[120.636s][info][gc,phases,start] GC(121) Marking Phase
[121.444s][info][gc,phases      ] GC(121) Marking Phase 808.495ms
[121.445s][info][gc,phases,start] GC(121) Summary Phase
[121.445s][info][gc,phases      ] GC(121) Summary Phase 0.025ms
[121.445s][info][gc,phases,start] GC(121) Forward
[121.505s][info][gc,phases      ] GC(121) Forward 60.154ms
[121.505s][info][gc,phases,start] GC(121) Adjust Pointers
[121.855s][info][gc,phases      ] GC(121) Adjust Pointers 350.487ms
[121.855s][info][gc,phases,start] GC(121) Compaction Phase
[122.054s][info][gc,phases      ] GC(121) Compaction Phase 198.619ms
[122.054s][info][gc,phases,start] GC(121) Post Compact
[122.057s][info][gc,phases      ] GC(121) Post Compact 2.618ms
[122.057s][info][gc,heap        ] GC(121) PSYoungGen: 294912K(313856K)->290032K(313856K) Eden: 294912K(294912K)->290032K(294912K) From: 0K(18944K)->0K(18944K)
[122.057s][info][gc,heap        ] GC(121) ParOldGen: 667558K(667648K)->667558K(667648K)
[122.057s][info][gc,metaspace   ] GC(121) Metaspace: 8486K(8640K)->8486K(8640K) NonClass: 7477K(7552K)->7477K(7552K) Class: 1008K(1088K)->1008K(1088K)
[122.057s][info][gc             ] GC(121) Pause Full (Allocation Failure) 939M->935M(958M) 1420.757ms
[122.057s][info][gc,cpu         ] GC(121) User=2.82s Sys=0.00s Real=1.42s
[122.061s][info][gc,start       ] GC(122) Pause Full (Allocation Failure)
[122.061s][info][gc,phases,start] GC(122) Marking Phase
[122.880s][info][gc,phases      ] GC(122) Marking Phase 818.330ms
[122.880s][info][gc,phases,start] GC(122) Summary Phase
[122.880s][info][gc,phases      ] GC(122) Summary Phase 0.036ms
[122.880s][info][gc,phases,start] GC(122) Forward
[122.942s][info][gc,phases      ] GC(122) Forward 62.388ms
[122.942s][info][gc,phases,start] GC(122) Adjust Pointers
[123.298s][info][gc,phases      ] GC(122) Adjust Pointers 356.094ms
[123.298s][info][gc,phases,start] GC(122) Compaction Phase
[123.506s][info][gc,phases      ] GC(122) Compaction Phase 207.206ms
[123.506s][info][gc,phases,start] GC(122) Post Compact
[123.508s][info][gc,phases      ] GC(122) Post Compact 2.631ms
[123.508s][info][gc,heap        ] GC(122) PSYoungGen: 294912K(313856K)->290182K(313856K) Eden: 294912K(294912K)->290182K(294912K) From: 0K(18944K)->0K(18944K)
[123.508s][info][gc,heap        ] GC(122) ParOldGen: 667558K(667648K)->667558K(667648K)
[123.508s][info][gc,metaspace   ] GC(122) Metaspace: 8486K(8640K)->8486K(8640K) NonClass: 7477K(7552K)->7477K(7552K) Class: 1008K(1088K)->1008K(1088K)
[123.508s][info][gc             ] GC(122) Pause Full (Allocation Failure) 939M->935M(958M) 1447.031ms
[123.508s][info][gc,cpu         ] GC(122) User=2.87s Sys=0.00s Real=1.45s
[123.513s][info][gc,start       ] GC(123) Pause Full (Allocation Failure)
[123.513s][info][gc,phases,start] GC(123) Marking Phase
[124.325s][info][gc,phases      ] GC(123) Marking Phase 811.742ms
[124.325s][info][gc,phases,start] GC(123) Summary Phase
[124.325s][info][gc,phases      ] GC(123) Summary Phase 0.024ms
[124.325s][info][gc,phases,start] GC(123) Forward
[124.385s][info][gc,phases      ] GC(123) Forward 60.099ms
[124.385s][info][gc,phases,start] GC(123) Adjust Pointers
[124.734s][info][gc,phases      ] GC(123) Adjust Pointers 349.016ms
[124.734s][info][gc,phases,start] GC(123) Compaction Phase
[124.932s][info][gc,phases      ] GC(123) Compaction Phase 197.781ms
[124.932s][info][gc,phases,start] GC(123) Post Compact
[124.935s][info][gc,phases      ] GC(123) Post Compact 2.590ms
[124.935s][info][gc,heap        ] GC(123) PSYoungGen: 294912K(313856K)->290614K(313856K) Eden: 294912K(294912K)->290614K(294912K) From: 0K(18944K)->0K(18944K)
[124.935s][info][gc,heap        ] GC(123) ParOldGen: 667558K(667648K)->667558K(667648K)
[124.935s][info][gc,metaspace   ] GC(123) Metaspace: 8486K(8640K)->8486K(8640K) NonClass: 7477K(7552K)->7477K(7552K) Class: 1008K(1088K)->1008K(1088K)
[124.935s][info][gc             ] GC(123) Pause Full (Allocation Failure) 939M->935M(958M) 1421.571ms
[124.935s][info][gc,cpu         ] GC(123) User=2.82s Sys=0.00s Real=1.42s
[124.939s][info][gc,start       ] GC(124) Pause Full (Allocation Failure)
[124.939s][info][gc,phases,start] GC(124) Marking Phase
[125.762s][info][gc,phases      ] GC(124) Marking Phase 822.766ms
[125.762s][info][gc,phases,start] GC(124) Summary Phase
[125.762s][info][gc,phases      ] GC(124) Summary Phase 0.027ms
[125.762s][info][gc,phases,start] GC(124) Forward
[125.822s][info][gc,phases      ] GC(124) Forward 60.103ms
[125.822s][info][gc,phases,start] GC(124) Adjust Pointers
[126.174s][info][gc,phases      ] GC(124) Adjust Pointers 351.735ms
[126.174s][info][gc,phases,start] GC(124) Compaction Phase
[126.373s][info][gc,phases      ] GC(124) Compaction Phase 199.311ms
[126.373s][info][gc,phases,start] GC(124) Post Compact
[126.376s][info][gc,phases      ] GC(124) Post Compact 2.598ms
[126.376s][info][gc,heap        ] GC(124) PSYoungGen: 294912K(313856K)->291007K(313856K) Eden: 294912K(294912K)->291007K(294912K) From: 0K(18944K)->0K(18944K)
[126.376s][info][gc,heap        ] GC(124) ParOldGen: 667558K(667648K)->667558K(667648K)
[126.376s][info][gc,metaspace   ] GC(124) Metaspace: 8486K(8640K)->8486K(8640K) NonClass: 7477K(7552K)->7477K(7552K) Class: 1008K(1088K)->1008K(1088K)
[126.376s][info][gc             ] GC(124) Pause Full (Allocation Failure) 939M->936M(958M) 1436.937ms
[126.376s][info][gc,cpu         ] GC(124) User=2.85s Sys=0.00s Real=1.43s
[126.380s][info][gc,start       ] GC(125) Pause Full (Allocation Failure)
[126.380s][info][gc,phases,start] GC(125) Marking Phase
[127.195s][info][gc,phases      ] GC(125) Marking Phase 814.885ms
[127.195s][info][gc,phases,start] GC(125) Summary Phase
[127.195s][info][gc,phases      ] GC(125) Summary Phase 0.025ms
[127.195s][info][gc,phases,start] GC(125) Forward
[127.256s][info][gc,phases      ] GC(125) Forward 60.939ms
[127.256s][info][gc,phases,start] GC(125) Adjust Pointers
[127.612s][info][gc,phases      ] GC(125) Adjust Pointers 356.213ms
[127.612s][info][gc,phases,start] GC(125) Compaction Phase
[127.812s][info][gc,phases      ] GC(125) Compaction Phase 200.377ms
[127.812s][info][gc,phases,start] GC(125) Post Compact
[127.815s][info][gc,phases      ] GC(125) Post Compact 2.589ms
[127.815s][info][gc,heap        ] GC(125) PSYoungGen: 294912K(313856K)->291362K(313856K) Eden: 294912K(294912K)->291362K(294912K) From: 0K(18944K)->0K(18944K)
[127.815s][info][gc,heap        ] GC(125) ParOldGen: 667558K(667648K)->667558K(667648K)
[127.815s][info][gc,metaspace   ] GC(125) Metaspace: 8486K(8640K)->8486K(8640K) NonClass: 7477K(7552K)->7477K(7552K) Class: 1008K(1088K)->1008K(1088K)
[127.815s][info][gc             ] GC(125) Pause Full (Allocation Failure) 939M->936M(958M) 1435.388ms
[127.815s][info][gc,cpu         ] GC(125) User=2.85s Sys=0.01s Real=1.43s
[127.819s][info][gc,start       ] GC(126) Pause Full (Allocation Failure)
[127.819s][info][gc,phases,start] GC(126) Marking Phase
[128.636s][info][gc,phases      ] GC(126) Marking Phase 816.990ms
[128.636s][info][gc,phases,start] GC(126) Summary Phase
[128.636s][info][gc,phases      ] GC(126) Summary Phase 0.025ms
[128.636s][info][gc,phases,start] GC(126) Forward
[128.696s][info][gc,phases      ] GC(126) Forward 60.394ms
[128.696s][info][gc,phases,start] GC(126) Adjust Pointers
[129.049s][info][gc,phases      ] GC(126) Adjust Pointers 352.481ms
[129.049s][info][gc,phases,start] GC(126) Compaction Phase
[129.248s][info][gc,phases      ] GC(126) Compaction Phase 199.219ms
[129.248s][info][gc,phases,start] GC(126) Post Compact
[129.251s][info][gc,phases      ] GC(126) Post Compact 2.574ms
[129.251s][info][gc,heap        ] GC(126) PSYoungGen: 294912K(313856K)->291688K(313856K) Eden: 294912K(294912K)->291688K(294912K) From: 0K(18944K)->0K(18944K)
[129.251s][info][gc,heap        ] GC(126) ParOldGen: 667558K(667648K)->667558K(667648K)
[129.251s][info][gc,metaspace   ] GC(126) Metaspace: 8486K(8640K)->8486K(8640K) NonClass: 7477K(7552K)->7477K(7552K) Class: 1008K(1088K)->1008K(1088K)
[129.251s][info][gc             ] GC(126) Pause Full (Allocation Failure) 939M->936M(958M) 1432.027ms
[129.251s][info][gc,cpu         ] GC(126) User=2.84s Sys=0.00s Real=1.43s
[129.254s][info][gc,start       ] GC(127) Pause Full (Allocation Failure)
[129.254s][info][gc,phases,start] GC(127) Marking Phase
[130.077s][info][gc,phases      ] GC(127) Marking Phase 823.047ms
[130.077s][info][gc,phases,start] GC(127) Summary Phase
[130.077s][info][gc,phases      ] GC(127) Summary Phase 0.025ms
[130.077s][info][gc,phases,start] GC(127) Forward
[130.138s][info][gc,phases      ] GC(127) Forward 60.840ms
[130.138s][info][gc,phases,start] GC(127) Adjust Pointers
[130.488s][info][gc,phases      ] GC(127) Adjust Pointers 349.509ms
[130.488s][info][gc,phases,start] GC(127) Compaction Phase
[130.688s][info][gc,phases      ] GC(127) Compaction Phase 199.858ms
[130.688s][info][gc,phases,start] GC(127) Post Compact
[130.690s][info][gc,phases      ] GC(127) Post Compact 2.590ms
[130.690s][info][gc,heap        ] GC(127) PSYoungGen: 294912K(313856K)->292068K(313856K) Eden: 294912K(294912K)->292068K(294912K) From: 0K(18944K)->0K(18944K)
[130.690s][info][gc,heap        ] GC(127) ParOldGen: 667558K(667648K)->667558K(667648K)
[130.690s][info][gc,metaspace   ] GC(127) Metaspace: 8486K(8640K)->8486K(8640K) NonClass: 7477K(7552K)->7477K(7552K) Class: 1008K(1088K)->1008K(1088K)
[130.690s][info][gc             ] GC(127) Pause Full (Allocation Failure) 939M->937M(958M) 1436.239ms
[130.690s][info][gc,cpu         ] GC(127) User=2.85s Sys=0.00s Real=1.44s
[130.694s][info][gc,start       ] GC(128) Pause Full (Allocation Failure)
[130.694s][info][gc,phases,start] GC(128) Marking Phase
[131.510s][info][gc,phases      ] GC(128) Marking Phase 816.688ms
[131.510s][info][gc,phases,start] GC(128) Summary Phase
[131.510s][info][gc,phases      ] GC(128) Summary Phase 0.026ms
[131.510s][info][gc,phases,start] GC(128) Forward
[131.570s][info][gc,phases      ] GC(128) Forward 60.120ms
[131.571s][info][gc,phases,start] GC(128) Adjust Pointers
[131.925s][info][gc,phases      ] GC(128) Adjust Pointers 354.566ms
[131.925s][info][gc,phases,start] GC(128) Compaction Phase
[132.125s][info][gc,phases      ] GC(128) Compaction Phase 199.729ms
[132.125s][info][gc,phases,start] GC(128) Post Compact
[132.128s][info][gc,phases      ] GC(128) Post Compact 2.605ms
[132.128s][info][gc,heap        ] GC(128) PSYoungGen: 294912K(313856K)->292385K(313856K) Eden: 294912K(294912K)->292385K(294912K) From: 0K(18944K)->0K(18944K)
[132.128s][info][gc,heap        ] GC(128) ParOldGen: 667558K(667648K)->667558K(667648K)
[132.128s][info][gc,metaspace   ] GC(128) Metaspace: 8486K(8640K)->8486K(8640K) NonClass: 7477K(7552K)->7477K(7552K) Class: 1008K(1088K)->1008K(1088K)
[132.128s][info][gc             ] GC(128) Pause Full (Allocation Failure) 939M->937M(958M) 1434.055ms
[132.128s][info][gc,cpu         ] GC(128) User=2.84s Sys=0.00s Real=1.43s
[132.130s][info][gc,start       ] GC(129) Pause Full (Allocation Failure)
[132.130s][info][gc,phases,start] GC(129) Marking Phase
[132.944s][info][gc,phases      ] GC(129) Marking Phase 813.976ms
[132.944s][info][gc,phases,start] GC(129) Summary Phase
[132.944s][info][gc,phases      ] GC(129) Summary Phase 0.027ms
[132.944s][info][gc,phases,start] GC(129) Forward
[133.005s][info][gc,phases      ] GC(129) Forward 60.481ms
[133.005s][info][gc,phases,start] GC(129) Adjust Pointers
[133.356s][info][gc,phases      ] GC(129) Adjust Pointers 350.950ms
[133.356s][info][gc,phases,start] GC(129) Compaction Phase
[133.556s][info][gc,phases      ] GC(129) Compaction Phase 199.909ms
[133.556s][info][gc,phases,start] GC(129) Post Compact
[133.558s][info][gc,phases      ] GC(129) Post Compact 2.588ms
[133.558s][info][gc,heap        ] GC(129) PSYoungGen: 294912K(313856K)->292542K(313856K) Eden: 294912K(294912K)->292542K(294912K) From: 0K(18944K)->0K(18944K)
[133.558s][info][gc,heap        ] GC(129) ParOldGen: 667558K(667648K)->667558K(667648K)
[133.558s][info][gc,metaspace   ] GC(129) Metaspace: 8486K(8640K)->8486K(8640K) NonClass: 7477K(7552K)->7477K(7552K) Class: 1008K(1088K)->1008K(1088K)
[133.558s][info][gc             ] GC(129) Pause Full (Allocation Failure) 939M->937M(958M) 1428.289ms
[133.558s][info][gc,cpu         ] GC(129) User=2.83s Sys=0.00s Real=1.43s
[133.559s][info][gc,start       ] GC(130) Pause Full (Allocation Failure)
[133.559s][info][gc,phases,start] GC(130) Marking Phase
[134.370s][info][gc,phases      ] GC(130) Marking Phase 810.929ms
[134.370s][info][gc,phases,start] GC(130) Summary Phase
[134.370s][info][gc,phases      ] GC(130) Summary Phase 0.024ms
[134.370s][info][gc,phases,start] GC(130) Forward
[134.431s][info][gc,phases      ] GC(130) Forward 60.292ms
[134.431s][info][gc,phases,start] GC(130) Adjust Pointers
[134.784s][info][gc,phases      ] GC(130) Adjust Pointers 353.379ms
[134.784s][info][gc,phases,start] GC(130) Compaction Phase
[134.993s][info][gc,phases      ] GC(130) Compaction Phase 208.807ms
[134.993s][info][gc,phases,start] GC(130) Post Compact
[134.996s][info][gc,phases      ] GC(130) Post Compact 2.636ms
[134.996s][info][gc,heap        ] GC(130) PSYoungGen: 294912K(313856K)->292495K(313856K) Eden: 294912K(294912K)->292495K(294912K) From: 0K(18944K)->0K(18944K)
[134.996s][info][gc,heap        ] GC(130) ParOldGen: 667558K(667648K)->667558K(667648K)
[134.996s][info][gc,metaspace   ] GC(130) Metaspace: 8486K(8640K)->8486K(8640K) NonClass: 7477K(7552K)->7477K(7552K) Class: 1008K(1088K)->1008K(1088K)
[134.996s][info][gc             ] GC(130) Pause Full (Allocation Failure) 939M->937M(958M) 1436.456ms
[134.996s][info][gc,cpu         ] GC(130) User=2.85s Sys=0.00s Real=1.43s
[134.997s][info][gc,start       ] GC(131) Pause Full (Allocation Failure)
[134.997s][info][gc,phases,start] GC(131) Marking Phase
[135.822s][info][gc,phases      ] GC(131) Marking Phase 825.361ms
[135.822s][info][gc,phases,start] GC(131) Summary Phase
[135.822s][info][gc,phases      ] GC(131) Summary Phase 0.026ms
[135.822s][info][gc,phases,start] GC(131) Forward
[135.883s][info][gc,phases      ] GC(131) Forward 60.895ms
[135.883s][info][gc,phases,start] GC(131) Adjust Pointers
[136.236s][info][gc,phases      ] GC(131) Adjust Pointers 353.127ms
[136.236s][info][gc,phases,start] GC(131) Compaction Phase
[136.435s][info][gc,phases      ] GC(131) Compaction Phase 199.061ms
[136.435s][info][gc,phases,start] GC(131) Post Compact
[136.438s][info][gc,phases      ] GC(131) Post Compact 2.579ms
[136.438s][info][gc,heap        ] GC(131) PSYoungGen: 294912K(313856K)->292446K(313856K) Eden: 294912K(294912K)->292446K(294912K) From: 0K(18944K)->0K(18944K)
[136.438s][info][gc,heap        ] GC(131) ParOldGen: 667558K(667648K)->667558K(667648K)
[136.438s][info][gc,metaspace   ] GC(131) Metaspace: 8486K(8640K)->8486K(8640K) NonClass: 7477K(7552K)->7477K(7552K) Class: 1008K(1088K)->1008K(1088K)
[136.438s][info][gc             ] GC(131) Pause Full (Allocation Failure) 939M->937M(958M) 1441.392ms
[136.438s][info][gc,cpu         ] GC(131) User=2.86s Sys=0.00s Real=1.45s
[136.439s][info][gc,start       ] GC(132) Pause Full (Allocation Failure)
[136.439s][info][gc,phases,start] GC(132) Marking Phase
[137.256s][info][gc,phases      ] GC(132) Marking Phase 816.583ms
[137.256s][info][gc,phases,start] GC(132) Summary Phase
[137.256s][info][gc,phases      ] GC(132) Summary Phase 0.026ms
[137.256s][info][gc,phases,start] GC(132) Forward
[137.316s][info][gc,phases      ] GC(132) Forward 59.896ms
[137.316s][info][gc,phases,start] GC(132) Adjust Pointers
[137.679s][info][gc,phases      ] GC(132) Adjust Pointers 363.205ms
[137.679s][info][gc,phases,start] GC(132) Compaction Phase
[137.878s][info][gc,phases      ] GC(132) Compaction Phase 198.526ms
[137.878s][info][gc,phases,start] GC(132) Post Compact
[137.880s][info][gc,phases      ] GC(132) Post Compact 2.630ms
[137.880s][info][gc,heap        ] GC(132) PSYoungGen: 294912K(313856K)->292397K(313856K) Eden: 294912K(294912K)->292397K(294912K) From: 0K(18944K)->0K(18944K)
[137.880s][info][gc,heap        ] GC(132) ParOldGen: 667558K(667648K)->667558K(667648K)
[137.880s][info][gc,metaspace   ] GC(132) Metaspace: 8486K(8640K)->8486K(8640K) NonClass: 7477K(7552K)->7477K(7552K) Class: 1008K(1088K)->1008K(1088K)
[137.880s][info][gc             ] GC(132) Pause Full (Allocation Failure) 939M->937M(958M) 1441.230ms
[137.880s][info][gc,cpu         ] GC(132) User=2.85s Sys=0.00s Real=1.44s
[137.881s][info][gc,start       ] GC(133) Pause Full (Allocation Failure)
[137.881s][info][gc,phases,start] GC(133) Marking Phase
[138.695s][info][gc,phases      ] GC(133) Marking Phase 813.705ms
[138.695s][info][gc,phases,start] GC(133) Summary Phase
[138.695s][info][gc,phases      ] GC(133) Summary Phase 0.024ms
[138.695s][info][gc,phases,start] GC(133) Forward
[138.755s][info][gc,phases      ] GC(133) Forward 59.818ms
[138.755s][info][gc,phases,start] GC(133) Adjust Pointers
[139.105s][info][gc,phases      ] GC(133) Adjust Pointers 350.233ms
[139.105s][info][gc,phases,start] GC(133) Compaction Phase
[139.305s][info][gc,phases      ] GC(133) Compaction Phase 199.396ms
[139.305s][info][gc,phases,start] GC(133) Post Compact
[139.307s][info][gc,phases      ] GC(133) Post Compact 2.613ms
[139.307s][info][gc,heap        ] GC(133) PSYoungGen: 294912K(313856K)->292346K(313856K) Eden: 294912K(294912K)->292346K(294912K) From: 0K(18944K)->0K(18944K)
[139.307s][info][gc,heap        ] GC(133) ParOldGen: 667558K(667648K)->667558K(667648K)
[139.307s][info][gc,metaspace   ] GC(133) Metaspace: 8486K(8640K)->8486K(8640K) NonClass: 7477K(7552K)->7477K(7552K) Class: 1008K(1088K)->1008K(1088K)
[139.307s][info][gc             ] GC(133) Pause Full (Allocation Failure) 939M->937M(958M) 1426.140ms
[139.307s][info][gc,cpu         ] GC(133) User=2.83s Sys=0.00s Real=1.42s
[139.308s][info][gc,start       ] GC(134) Pause Full (Allocation Failure)
[139.308s][info][gc,phases,start] GC(134) Marking Phase
[140.122s][info][gc,phases      ] GC(134) Marking Phase 813.866ms
[140.122s][info][gc,phases,start] GC(134) Summary Phase
[140.122s][info][gc,phases      ] GC(134) Summary Phase 0.024ms
[140.122s][info][gc,phases,start] GC(134) Forward
[140.182s][info][gc,phases      ] GC(134) Forward 59.863ms
[140.182s][info][gc,phases,start] GC(134) Adjust Pointers
[140.534s][info][gc,phases      ] GC(134) Adjust Pointers 351.787ms
[140.534s][info][gc,phases,start] GC(134) Compaction Phase
[140.733s][info][gc,phases      ] GC(134) Compaction Phase 198.911ms
[140.733s][info][gc,phases,start] GC(134) Post Compact
[140.736s][info][gc,phases      ] GC(134) Post Compact 2.597ms
[140.736s][info][gc,heap        ] GC(134) PSYoungGen: 294911K(313856K)->292294K(313856K) Eden: 294911K(294912K)->292294K(294912K) From: 0K(18944K)->0K(18944K)
[140.736s][info][gc,heap        ] GC(134) ParOldGen: 667558K(667648K)->667558K(667648K)
[140.736s][info][gc,metaspace   ] GC(134) Metaspace: 8486K(8640K)->8486K(8640K) NonClass: 7477K(7552K)->7477K(7552K) Class: 1008K(1088K)->1008K(1088K)
[140.736s][info][gc             ] GC(134) Pause Full (Allocation Failure) 939M->937M(958M) 1427.377ms
[140.736s][info][gc,cpu         ] GC(134) User=2.83s Sys=0.00s Real=1.42s
[140.739s][info][gc,start       ] GC(135) Pause Full (Allocation Failure)
[140.739s][info][gc,phases,start] GC(135) Marking Phase
[141.550s][info][gc,phases      ] GC(135) Marking Phase 810.036ms
[141.550s][info][gc,phases,start] GC(135) Summary Phase
[141.550s][info][gc,phases      ] GC(135) Summary Phase 0.025ms
[141.550s][info][gc,phases,start] GC(135) Forward
[141.610s][info][gc,phases      ] GC(135) Forward 60.566ms
[141.610s][info][gc,phases,start] GC(135) Adjust Pointers
[141.964s][info][gc,phases      ] GC(135) Adjust Pointers 353.997ms
[141.964s][info][gc,phases,start] GC(135) Compaction Phase
[142.164s][info][gc,phases      ] GC(135) Compaction Phase 200.096ms
[142.164s][info][gc,phases,start] GC(135) Post Compact
[142.167s][info][gc,phases      ] GC(135) Post Compact 2.582ms
[142.167s][info][gc,heap        ] GC(135) PSYoungGen: 294912K(313856K)->291967K(313856K) Eden: 294912K(294912K)->291967K(294912K) From: 0K(18944K)->0K(18944K)
[142.167s][info][gc,heap        ] GC(135) ParOldGen: 667558K(667648K)->667558K(667648K)
[142.167s][info][gc,metaspace   ] GC(135) Metaspace: 8486K(8640K)->8486K(8640K) NonClass: 7477K(7552K)->7477K(7552K) Class: 1008K(1088K)->1008K(1088K)
[142.167s][info][gc             ] GC(135) Pause Full (Allocation Failure) 939M->937M(958M) 1427.653ms
[142.167s][info][gc,cpu         ] GC(135) User=2.83s Sys=0.00s Real=1.42s
[142.170s][info][gc,start       ] GC(136) Pause Full (Allocation Failure)
[142.170s][info][gc,phases,start] GC(136) Marking Phase
[142.984s][info][gc,phases      ] GC(136) Marking Phase 813.869ms
[142.984s][info][gc,phases,start] GC(136) Summary Phase
[142.984s][info][gc,phases      ] GC(136) Summary Phase 0.024ms
[142.984s][info][gc,phases,start] GC(136) Forward
[143.045s][info][gc,phases      ] GC(136) Forward 60.342ms
[143.045s][info][gc,phases,start] GC(136) Adjust Pointers
[143.399s][info][gc,phases      ] GC(136) Adjust Pointers 354.032ms
[143.399s][info][gc,phases,start] GC(136) Compaction Phase
[143.598s][info][gc,phases      ] GC(136) Compaction Phase 199.086ms
[143.598s][info][gc,phases,start] GC(136) Post Compact
[143.600s][info][gc,phases      ] GC(136) Post Compact 2.593ms
[143.600s][info][gc,heap        ] GC(136) PSYoungGen: 294912K(313856K)->292100K(313856K) Eden: 294912K(294912K)->292100K(294912K) From: 0K(18944K)->0K(18944K)
[143.600s][info][gc,heap        ] GC(136) ParOldGen: 667558K(667648K)->667558K(667648K)
[143.601s][info][gc,metaspace   ] GC(136) Metaspace: 8486K(8640K)->8486K(8640K) NonClass: 7477K(7552K)->7477K(7552K) Class: 1008K(1088K)->1008K(1088K)
[143.601s][info][gc             ] GC(136) Pause Full (Allocation Failure) 939M->937M(958M) 1430.298ms
[143.601s][info][gc,cpu         ] GC(136) User=2.84s Sys=0.00s Real=1.43s
[143.604s][info][gc,start       ] GC(137) Pause Full (Allocation Failure)
[143.604s][info][gc,phases,start] GC(137) Marking Phase
[144.416s][info][gc,phases      ] GC(137) Marking Phase 812.472ms
[144.416s][info][gc,phases,start] GC(137) Summary Phase
[144.416s][info][gc,phases      ] GC(137) Summary Phase 0.028ms
[144.416s][info][gc,phases,start] GC(137) Forward
[144.633s][info][gc,phases      ] GC(137) Forward 217.171ms
[144.633s][info][gc,phases,start] GC(137) Adjust Pointers
[145.066s][info][gc,phases      ] GC(137) Adjust Pointers 432.208ms
[145.066s][info][gc,phases,start] GC(137) Compaction Phase
[145.322s][info][gc,phases      ] GC(137) Compaction Phase 256.209ms
[145.322s][info][gc,phases,start] GC(137) Post Compact
[145.325s][info][gc,phases      ] GC(137) Post Compact 2.584ms
[145.325s][info][gc,heap        ] GC(137) PSYoungGen: 294912K(313856K)->292149K(313856K) Eden: 294912K(294912K)->292149K(294912K) From: 0K(18944K)->0K(18944K)
[145.325s][info][gc,heap        ] GC(137) ParOldGen: 667558K(667648K)->667550K(667648K)
[145.325s][info][gc,metaspace   ] GC(137) Metaspace: 8486K(8640K)->8486K(8640K) NonClass: 7477K(7552K)->7477K(7552K) Class: 1008K(1088K)->1008K(1088K)
[145.325s][info][gc             ] GC(137) Pause Full (Allocation Failure) 939M->937M(958M) 1721.062ms
[145.325s][info][gc,cpu         ] GC(137) User=3.42s Sys=0.01s Real=1.72s
[145.340s][info][gc,start       ] GC(138) Pause Full (Allocation Failure)
[145.340s][info][gc,phases,start] GC(138) Marking Phase
[146.150s][info][gc,phases      ] GC(138) Marking Phase 810.539ms
[146.150s][info][gc,phases,start] GC(138) Summary Phase
[146.150s][info][gc,phases      ] GC(138) Summary Phase 0.028ms
[146.150s][info][gc,phases,start] GC(138) Forward
[146.380s][info][gc,phases      ] GC(138) Forward 229.330ms
[146.380s][info][gc,phases,start] GC(138) Adjust Pointers
[146.817s][info][gc,phases      ] GC(138) Adjust Pointers 436.880ms
[146.817s][info][gc,phases,start] GC(138) Compaction Phase
[147.083s][info][gc,phases      ] GC(138) Compaction Phase 266.859ms
[147.084s][info][gc,phases,start] GC(138) Post Compact
[147.086s][info][metaspace      ] ChkMgr @0x00007f46b003ef10 (non-class-space): : reclaiming memory...
[147.086s][info][metaspace      ] ChkMgr @0x00007f46b003ef10 (non-class-space): nothing reclaimed.
[147.086s][info][metaspace      ] ChkMgr @0x00007f46b003ed20 (class-space): : reclaiming memory...
[147.086s][info][metaspace      ] ChkMgr @0x00007f46b003ed20 (class-space): nothing reclaimed.
[147.086s][info][gc,phases      ] GC(138) Post Compact 2.666ms
[147.086s][info][gc,heap        ] GC(138) PSYoungGen: 294912K(313856K)->292176K(313856K) Eden: 294912K(294912K)->292176K(294912K) From: 0K(18944K)->0K(18944K)
[147.086s][info][gc,heap        ] GC(138) ParOldGen: 667550K(667648K)->667515K(667648K)
[147.086s][info][gc,metaspace   ] GC(138) Metaspace: 8562K(8704K)->8557K(8704K) NonClass: 7538K(7616K)->7532K(7616K) Class: 1024K(1088K)->1024K(1088K)
[147.086s][info][gc             ] GC(138) Pause Full (Allocation Failure) 939M->937M(958M) 1746.729ms
[147.086s][info][gc,cpu         ] GC(138) User=3.45s Sys=0.00s Real=1.74s
[147.087s][info][gc,start       ] GC(139) Pause Full (Allocation Failure)
[147.087s][info][gc,phases,start] GC(139) Marking Phase
[147.902s][info][gc,phases      ] GC(139) Marking Phase 814.616ms
[147.902s][info][gc,phases,start] GC(139) Summary Phase
[147.902s][info][gc,phases      ] GC(139) Summary Phase 0.027ms
[147.902s][info][gc,phases,start] GC(139) Forward
[148.118s][info][gc,phases      ] GC(139) Forward 216.312ms
[148.118s][info][gc,phases,start] GC(139) Adjust Pointers
[148.545s][info][gc,phases      ] GC(139) Adjust Pointers 427.073ms
[148.545s][info][gc,phases,start] GC(139) Compaction Phase
[148.801s][info][gc,phases      ] GC(139) Compaction Phase 255.068ms
[148.801s][info][gc,phases,start] GC(139) Post Compact
[148.803s][info][gc,phases      ] GC(139) Post Compact 2.615ms
[148.803s][info][gc,heap        ] GC(139) PSYoungGen: 294912K(313856K)->292176K(313856K) Eden: 294912K(294912K)->292176K(294912K) From: 0K(18944K)->0K(18944K)
[148.803s][info][gc,heap        ] GC(139) ParOldGen: 667515K(667648K)->667515K(667648K)
[148.803s][info][gc,metaspace   ] GC(139) Metaspace: 8564K(8704K)->8564K(8704K) NonClass: 7538K(7616K)->7538K(7616K) Class: 1025K(1088K)->1025K(1088K)
[148.803s][info][gc             ] GC(139) Pause Full (Allocation Failure) 939M->937M(958M) 1716.129ms
[148.803s][info][gc,cpu         ] GC(139) User=3.41s Sys=0.00s Real=1.72s
[148.804s][info][gc,heap,exit   ] Heap
[148.804s][info][gc,heap,exit   ]  PSYoungGen      total 313856K, used 292176K [0x00000000eba00000, 0x0000000100000000, 0x0000000100000000)
[148.804s][info][gc,heap,exit   ]   eden space 294912K, 99% used [0x00000000eba00000,0x00000000fd7542d8,0x00000000fda00000)
[148.804s][info][gc,heap,exit   ]   from space 18944K, 0% used [0x00000000fed80000,0x00000000fed80000,0x0000000100000000)
[148.804s][info][gc,heap,exit   ]   to   space 18944K, 0% used [0x00000000fda00000,0x00000000fda00000,0x00000000fec80000)
[148.804s][info][gc,heap,exit   ]  ParOldGen       total 667648K, used 667515K [0x00000000c2e00000, 0x00000000eba00000, 0x00000000eba00000)
[148.804s][info][gc,heap,exit   ]   object space 667648K, 99% used [0x00000000c2e00000,0x00000000eb9dee08,0x00000000eba00000)
[148.804s][info][gc,heap,exit   ]  Metaspace       used 8564K, committed 8704K, reserved 1114112K
[148.804s][info][gc,heap,exit   ]   class space    used 1025K, committed 1088K, reserved 1048576K
