[0.002s][info][metaspace]  - commit_granule_bytes: 65536.
[0.002s][info][metaspace]  - commit_granule_words: 8192.
[0.002s][info][metaspace]  - virtual_space_node_default_size: 8388608.
[0.002s][info][metaspace]  - enlarge_chunks_in_place: 1.
[0.005s][info][gc,init  ] CardTable entry size: 512
[0.005s][info][gc       ] Using Parallel
[0.006s][info][gc,init  ] Version: 24-internal-adhoc.root.jdk (release)
[0.006s][info][gc,init  ] CPUs: 2 total, 2 available
[0.006s][info][gc,init  ] Memory: 3908M
[0.006s][info][gc,init  ] Large Page Support: Disabled
[0.006s][info][gc,init  ] NUMA Support: Disabled
[0.006s][info][gc,init  ] Compressed Oops: Enabled (32-bit)
[0.006s][info][gc,init  ] Alignments: Space 512K, Generation 512K, Heap 2M
[0.006s][info][gc,init  ] Heap Min Capacity: 256M
[0.006s][info][gc,init  ] Heap Initial Capacity: 256M
[0.006s][info][gc,init  ] Heap Max Capacity: 978M
[0.006s][info][gc,init  ] Pre-touch: Disabled
[0.006s][info][gc,init  ] Parallel Workers: 2
[0.024s][info][gc,metaspace] CDS archive(s) mapped at: [0x00007f0855000000-0x00007f0855e7b000-0x00007f0855e7b000), size 15183872, SharedBaseAddress: 0x00007f0855000000, ArchiveRelocationMode: 1.
[0.024s][info][gc,metaspace] Compressed class space mapped at: 0x00007f0856000000-0x00007f0896000000, reserved size: 1073741824
[0.024s][info][gc,metaspace] UseCompressedClassPointers 1, UseCompactObjectHeaders 1
[0.024s][info][gc,metaspace] Narrow klass pointer bits 22, Max shift 10
[0.024s][info][gc,metaspace] Narrow klass base: 0x00007f0855000000, Narrow klass shift: 10
[0.024s][info][gc,metaspace] Encoding Range: [0x00007f0855000000 - 0x00007f0955000000), (4294967296 bytes)
[0.024s][info][gc,metaspace] Klass Range:    [0x00007f0855000000 - 0x00007f0896000000), (1090519040 bytes)
[0.024s][info][gc,metaspace] Klass ID Range:  [1 - 1064960) (1064959)
[0.594s][info][gc,start    ] GC(0) Pause Young (Allocation Failure)
[0.598s][info][gc,heap     ] GC(0) PSYoungGen: 65479K(76288K)->1778K(76288K) Eden: 65479K(65536K)->0K(65536K) From: 0K(10752K)->1778K(10752K)
[0.598s][info][gc,heap     ] GC(0) ParOldGen: 1088K(175104K)->1096K(175104K)
[0.598s][info][gc,metaspace] GC(0) Metaspace: 2599K(2752K)->2599K(2752K) NonClass: 2272K(2368K)->2272K(2368K) Class: 327K(384K)->327K(384K)
[0.598s][info][gc          ] GC(0) Pause Young (Allocation Failure) 65M->2M(245M) 4.266ms
[0.598s][info][gc,cpu      ] GC(0) User=0.01s Sys=0.00s Real=0.00s
[0.838s][info][gc,start    ] GC(1) Pause Young (Allocation Failure)
[0.841s][info][gc,heap     ] GC(1) PSYoungGen: 67314K(76288K)->1954K(76288K) Eden: 65536K(65536K)->0K(65536K) From: 1778K(10752K)->1954K(10752K)
[0.841s][info][gc,heap     ] GC(1) ParOldGen: 1096K(175104K)->1104K(175104K)
[0.841s][info][gc,metaspace] GC(1) Metaspace: 2611K(2752K)->2611K(2752K) NonClass: 2284K(2368K)->2284K(2368K) Class: 327K(384K)->327K(384K)
[0.841s][info][gc          ] GC(1) Pause Young (Allocation Failure) 66M->2M(245M) 2.825ms
[0.841s][info][gc,cpu      ] GC(1) User=0.01s Sys=0.01s Real=0.01s
[1.325s][info][gc,start    ] GC(2) Pause Young (Allocation Failure)
[1.332s][info][gc,heap     ] GC(2) PSYoungGen: 67490K(76288K)->5502K(76288K) Eden: 65536K(65536K)->0K(65536K) From: 1954K(10752K)->5502K(10752K)
[1.332s][info][gc,heap     ] GC(2) ParOldGen: 1104K(175104K)->1104K(175104K)
[1.332s][info][gc,metaspace] GC(2) Metaspace: 9408K(9600K)->9408K(9600K) NonClass: 6574K(6656K)->6574K(6656K) Class: 2833K(2944K)->2833K(2944K)
[1.332s][info][gc          ] GC(2) Pause Young (Allocation Failure) 66M->6M(245M) 7.023ms
[1.332s][info][gc,cpu      ] GC(2) User=0.01s Sys=0.01s Real=0.01s
[1.410s][info][gc,start    ] GC(3) Pause Young (Allocation Failure)
[1.418s][info][gc,heap     ] GC(3) PSYoungGen: 71038K(76288K)->7166K(141824K) Eden: 65536K(65536K)->0K(131072K) From: 5502K(10752K)->7166K(10752K)
[1.419s][info][gc,heap     ] GC(3) ParOldGen: 1104K(175104K)->1112K(175104K)
[1.419s][info][gc,metaspace] GC(3) Metaspace: 9438K(9600K)->9438K(9600K) NonClass: 6601K(6656K)->6601K(6656K) Class: 2836K(2944K)->2836K(2944K)
[1.419s][info][gc          ] GC(3) Pause Young (Allocation Failure) 70M->8M(309M) 8.678ms
[1.419s][info][gc,cpu      ] GC(3) User=0.01s Sys=0.01s Real=0.01s
[1.589s][info][gc,start    ] GC(4) Pause Young (Allocation Failure)
[1.602s][info][gc,heap     ] GC(4) PSYoungGen: 138238K(141824K)->9806K(141824K) Eden: 131072K(131072K)->0K(131072K) From: 7166K(10752K)->9806K(10752K)
[1.602s][info][gc,heap     ] GC(4) ParOldGen: 1112K(175104K)->1120K(175104K)
[1.602s][info][gc,metaspace] GC(4) Metaspace: 9494K(9664K)->9494K(9664K) NonClass: 6657K(6720K)->6657K(6720K) Class: 2836K(2944K)->2836K(2944K)
[1.602s][info][gc          ] GC(4) Pause Young (Allocation Failure) 136M->10M(309M) 13.403ms
[1.602s][info][gc,cpu      ] GC(4) User=0.02s Sys=0.00s Real=0.01s
[1.716s][info][gc,start    ] GC(5) Pause Young (Allocation Failure)
[1.738s][info][gc,heap     ] GC(5) PSYoungGen: 140878K(141824K)->11758K(270848K) Eden: 131072K(131072K)->0K(259072K) From: 9806K(10752K)->11758K(11776K)
[1.739s][info][gc,heap     ] GC(5) ParOldGen: 1120K(175104K)->2139K(175104K)
[1.739s][info][gc,metaspace] GC(5) Metaspace: 9499K(9664K)->9499K(9664K) NonClass: 6663K(6720K)->6663K(6720K) Class: 2836K(2944K)->2836K(2944K)
[1.739s][info][gc          ] GC(5) Pause Young (Allocation Failure) 138M->13M(435M) 22.481ms
[1.739s][info][gc,cpu      ] GC(5) User=0.03s Sys=0.02s Real=0.03s
[2.796s][info][metaspace   ] ChkMgr @0x00007f08b403f1d0 (non-class-space): failed to commit 133 words on chunk @0x00007f08b458f310, f, base 0x00007f084ce50000, level lv12.
[2.796s][info][metaspace   ] Arena @0x00007f08b45a9fc0 (non-class arena): failed to allocate new chunk for requested word size 133.
[2.796s][info][metaspace   ] Arena @0x00007f08b45a9fc0 (non-class arena): allocation failed, returned null.
[2.796s][info][metaspace   ] ChkMgr @0x00007f08b403f1d0 (non-class-space): failed to commit 133 words on chunk @0x00007f08b458f310, f, base 0x00007f084ce50000, level lv12.
[2.796s][info][metaspace   ] Arena @0x00007f08b45a9fc0 (non-class arena): failed to allocate new chunk for requested word size 133.
[2.796s][info][metaspace   ] Arena @0x00007f08b45a9fc0 (non-class arena): allocation failed, returned null.
[2.797s][info][metaspace   ] ChkMgr @0x00007f08b403f1d0 (non-class-space): failed to commit 133 words on chunk @0x00007f08b458f310, f, base 0x00007f084ce50000, level lv12.
[2.797s][info][metaspace   ] Arena @0x00007f08b45a9fc0 (non-class arena): failed to allocate new chunk for requested word size 133.
[2.797s][info][metaspace   ] Arena @0x00007f08b45a9fc0 (non-class arena): allocation failed, returned null.
[2.797s][info][gc,start    ] GC(6) Pause Full (Metadata GC Threshold)
[2.797s][info][gc,phases,start] GC(6) Marking Phase
[2.824s][info][gc,phases      ] GC(6) Marking Phase 27.733ms
[2.824s][info][gc,phases,start] GC(6) Summary Phase
[2.824s][info][gc,phases      ] GC(6) Summary Phase 0.012ms
[2.824s][info][gc,phases,start] GC(6) Forward
[2.833s][info][gc,phases      ] GC(6) Forward 9.003ms
[2.833s][info][gc,phases,start] GC(6) Adjust Pointers
[2.846s][info][gc,phases      ] GC(6) Adjust Pointers 12.471ms
[2.846s][info][gc,phases,start] GC(6) Compaction Phase
[2.859s][info][gc,phases      ] GC(6) Compaction Phase 13.368ms
[2.860s][info][gc,phases,start] GC(6) Post Compact
[2.862s][info][metaspace      ] ChkMgr @0x00007f08b403f1d0 (non-class-space): : reclaiming memory...
[2.862s][info][metaspace      ] ChkMgr @0x00007f08b403f1d0 (non-class-space): nothing reclaimed.
[2.862s][info][metaspace      ] ChkMgr @0x00007f08b403efe0 (class-space): : reclaiming memory...
[2.862s][info][metaspace      ] ChkMgr @0x00007f08b403efe0 (class-space): nothing reclaimed.
[2.863s][info][gc,phases      ] GC(6) Post Compact 3.496ms
[2.863s][info][gc,heap        ] GC(6) PSYoungGen: 187861K(270848K)->0K(270848K) Eden: 176102K(259072K)->0K(259072K) From: 11758K(11776K)->0K(11776K)
[2.863s][info][gc,heap        ] GC(6) ParOldGen: 2139K(175104K)->19405K(175104K)
[2.863s][info][gc,metaspace   ] GC(6) Metaspace: 21283K(21504K)->21237K(21504K) NonClass: 14335K(14464K)->14291K(14464K) Class: 6948K(7040K)->6946K(7040K)
[2.863s][info][gc             ] GC(6) Pause Full (Metadata GC Threshold) 185M->18M(435M) 66.465ms
[2.863s][info][gc,cpu         ] GC(6) User=0.09s Sys=0.02s Real=0.07s
[4.555s][info][gc,start       ] GC(7) Pause Young (Allocation Failure)
[4.569s][info][gc,heap        ] GC(7) PSYoungGen: 259072K(270848K)->4847K(273920K) Eden: 259072K(259072K)->0K(259072K) From: 0K(11776K)->4847K(14848K)
[4.569s][info][gc,heap        ] GC(7) ParOldGen: 19405K(175104K)->19405K(175104K)
[4.569s][info][gc,metaspace   ] GC(7) Metaspace: 32623K(33216K)->32623K(33216K) NonClass: 23540K(23936K)->23540K(23936K) Class: 9082K(9280K)->9082K(9280K)
[4.569s][info][gc             ] GC(7) Pause Young (Allocation Failure) 271M->23M(438M) 14.161ms
[4.569s][info][gc,cpu         ] GC(7) User=0.03s Sys=0.00s Real=0.02s
[5.612s][info][gc,start       ] GC(8) Pause Young (Allocation Failure)
[5.619s][info][gc,heap        ] GC(8) PSYoungGen: 263919K(273920K)->4809K(316928K) Eden: 259072K(259072K)->0K(305152K) From: 4847K(14848K)->4809K(11776K)
[5.619s][info][gc,heap        ] GC(8) ParOldGen: 19405K(175104K)->19405K(175104K)
[5.619s][info][gc,metaspace   ] GC(8) Metaspace: 32664K(33280K)->32664K(33280K) NonClass: 23581K(24000K)->23581K(24000K) Class: 9082K(9280K)->9082K(9280K)
[5.619s][info][gc             ] GC(8) Pause Young (Allocation Failure) 276M->23M(480M) 7.620ms
[5.619s][info][gc,cpu         ] GC(8) User=0.01s Sys=0.00s Real=0.01s
[6.615s][info][gc,start       ] GC(9) Pause Young (Allocation Failure)
[6.623s][info][gc,heap        ] GC(9) PSYoungGen: 309961K(316928K)->4779K(318464K) Eden: 305152K(305152K)->0K(305152K) From: 4809K(11776K)->4779K(13312K)
[6.623s][info][gc,heap        ] GC(9) ParOldGen: 19405K(175104K)->19405K(175104K)
[6.623s][info][gc,metaspace   ] GC(9) Metaspace: 32669K(33280K)->32669K(33280K) NonClass: 23586K(24000K)->23586K(24000K) Class: 9082K(9280K)->9082K(9280K)
[6.623s][info][gc             ] GC(9) Pause Young (Allocation Failure) 321M->23M(482M) 7.301ms
[6.623s][info][gc,cpu         ] GC(9) User=0.01s Sys=0.00s Real=0.01s
[6.956s][info][gc,start       ] GC(10) Pause Young (Allocation Failure)
[6.963s][info][gc,heap        ] GC(10) PSYoungGen: 309931K(318464K)->64K(320000K) Eden: 305152K(305152K)->0K(307200K) From: 4779K(13312K)->64K(12800K)
[6.963s][info][gc,heap        ] GC(10) ParOldGen: 19405K(175104K)->24181K(175104K)
[6.963s][info][gc,metaspace   ] GC(10) Metaspace: 32669K(33280K)->32669K(33280K) NonClass: 23586K(24000K)->23586K(24000K) Class: 9082K(9280K)->9082K(9280K)
[6.963s][info][gc             ] GC(10) Pause Young (Allocation Failure) 321M->23M(483M) 7.643ms
[6.963s][info][gc,cpu         ] GC(10) User=0.01s Sys=0.00s Real=0.01s
[7.885s][info][gc,start       ] GC(11) Pause Young (Allocation Failure)
[7.885s][info][gc,heap        ] GC(11) PSYoungGen: 307264K(320000K)->64K(320512K) Eden: 307200K(307200K)->0K(307200K) From: 64K(12800K)->64K(13312K)
[7.885s][info][gc,heap        ] GC(11) ParOldGen: 24181K(175104K)->24189K(175104K)
[7.885s][info][gc,metaspace   ] GC(11) Metaspace: 32801K(33408K)->32801K(33408K) NonClass: 23718K(24128K)->23718K(24128K) Class: 9082K(9280K)->9082K(9280K)
[7.886s][info][gc             ] GC(11) Pause Young (Allocation Failure) 323M->23M(484M) 0.548ms
[7.886s][info][gc,cpu         ] GC(11) User=0.00s Sys=0.00s Real=0.00s
[7.953s][info][gc,start       ] GC(12) Pause Young (Allocation Failure)
[7.954s][info][gc,heap        ] GC(12) PSYoungGen: 307264K(320512K)->64K(320512K) Eden: 307200K(307200K)->0K(307200K) From: 64K(13312K)->64K(13312K)
[7.954s][info][gc,heap        ] GC(12) ParOldGen: 24189K(175104K)->24205K(175104K)
[7.954s][info][gc,metaspace   ] GC(12) Metaspace: 32801K(33408K)->32801K(33408K) NonClass: 23718K(24128K)->23718K(24128K) Class: 9082K(9280K)->9082K(9280K)
[7.954s][info][gc             ] GC(12) Pause Young (Allocation Failure) 323M->23M(484M) 0.587ms
[7.954s][info][gc,cpu         ] GC(12) User=0.00s Sys=0.00s Real=0.00s
[8.022s][info][gc,start       ] GC(13) Pause Young (Allocation Failure)
[8.022s][info][gc,heap        ] GC(13) PSYoungGen: 307264K(320512K)->64K(320512K) Eden: 307200K(307200K)->0K(307200K) From: 64K(13312K)->64K(13312K)
[8.022s][info][gc,heap        ] GC(13) ParOldGen: 24205K(175104K)->24205K(175104K)
[8.022s][info][gc,metaspace   ] GC(13) Metaspace: 32801K(33408K)->32801K(33408K) NonClass: 23718K(24128K)->23718K(24128K) Class: 9082K(9280K)->9082K(9280K)
[8.022s][info][gc             ] GC(13) Pause Young (Allocation Failure) 323M->23M(484M) 0.625ms
[8.022s][info][gc,cpu         ] GC(13) User=0.00s Sys=0.00s Real=0.00s
[8.415s][info][gc,start       ] GC(14) Pause Young (Allocation Failure)
[8.415s][info][gc,heap        ] GC(14) PSYoungGen: 307264K(320512K)->64K(319488K) Eden: 307200K(307200K)->0K(307200K) From: 64K(13312K)->64K(12288K)
[8.415s][info][gc,heap        ] GC(14) ParOldGen: 24205K(175104K)->24205K(175104K)
[8.415s][info][gc,metaspace   ] GC(14) Metaspace: 32806K(33408K)->32806K(33408K) NonClass: 23723K(24128K)->23723K(24128K) Class: 9082K(9280K)->9082K(9280K)
[8.415s][info][gc             ] GC(14) Pause Young (Allocation Failure) 323M->23M(483M) 0.768ms
[8.415s][info][gc,cpu         ] GC(14) User=0.01s Sys=0.00s Real=0.00s
[8.837s][info][gc,start       ] GC(15) Pause Young (Allocation Failure)
[8.838s][info][gc,heap        ] GC(15) PSYoungGen: 307264K(319488K)->64K(320000K) Eden: 307200K(307200K)->0K(307200K) From: 64K(12288K)->64K(12800K)
[8.838s][info][gc,heap        ] GC(15) ParOldGen: 24205K(175104K)->24221K(175104K)
[8.838s][info][gc,metaspace   ] GC(15) Metaspace: 32863K(33472K)->32863K(33472K) NonClass: 23780K(24192K)->23780K(24192K) Class: 9082K(9280K)->9082K(9280K)
[8.838s][info][gc             ] GC(15) Pause Young (Allocation Failure) 323M->23M(483M) 1.215ms
[8.838s][info][gc,cpu         ] GC(15) User=0.00s Sys=0.00s Real=0.00s
[9.051s][info][gc,start       ] GC(16) Pause Young (Allocation Failure)
[9.052s][info][gc,heap        ] GC(16) PSYoungGen: 307264K(320000K)->32K(295424K) Eden: 307200K(307200K)->0K(294912K) From: 64K(12800K)->32K(512K)
[9.052s][info][gc,heap        ] GC(16) ParOldGen: 24221K(175104K)->24237K(175104K)
[9.052s][info][gc,metaspace   ] GC(16) Metaspace: 32864K(33472K)->32864K(33472K) NonClass: 23781K(24192K)->23781K(24192K) Class: 9082K(9280K)->9082K(9280K)
[9.052s][info][gc             ] GC(16) Pause Young (Allocation Failure) 323M->23M(459M) 1.294ms
[9.052s][info][gc,cpu         ] GC(16) User=0.01s Sys=0.00s Real=0.00s
[9.335s][info][gc,start       ] GC(17) Pause Young (Allocation Failure)
[9.336s][info][gc,heap        ] GC(17) PSYoungGen: 294944K(295424K)->64K(295424K) Eden: 294912K(294912K)->0K(283136K) From: 32K(512K)->64K(12288K)
[9.336s][info][gc,heap        ] GC(17) ParOldGen: 24237K(175104K)->24237K(175104K)
[9.336s][info][gc,metaspace   ] GC(17) Metaspace: 32865K(33472K)->32865K(33472K) NonClass: 23782K(24192K)->23782K(24192K) Class: 9082K(9280K)->9082K(9280K)
[9.336s][info][gc             ] GC(17) Pause Young (Allocation Failure) 311M->23M(459M) 1.008ms
[9.336s][info][gc,cpu         ] GC(17) User=0.00s Sys=0.00s Real=0.00s
[10.199s][info][gc,start       ] GC(18) Pause Young (Allocation Failure)
[10.200s][info][gc,heap        ] GC(18) PSYoungGen: 283200K(295424K)->64K(272384K) Eden: 283136K(283136K)->0K(271872K) From: 64K(12288K)->64K(512K)
[10.200s][info][gc,heap        ] GC(18) ParOldGen: 24237K(175104K)->24253K(175104K)
[10.200s][info][gc,metaspace   ] GC(18) Metaspace: 32872K(33472K)->32872K(33472K) NonClass: 23789K(24192K)->23789K(24192K) Class: 9082K(9280K)->9082K(9280K)
[10.200s][info][gc             ] GC(18) Pause Young (Allocation Failure) 300M->23M(437M) 1.058ms
[10.200s][info][gc,cpu         ] GC(18) User=0.01s Sys=0.00s Real=0.00s
[10.911s][info][gc,start       ] GC(19) Pause Young (Allocation Failure)
[10.912s][info][gc,heap        ] GC(19) PSYoungGen: 271936K(272384K)->96K(272384K) Eden: 271872K(271872K)->0K(261120K) From: 64K(512K)->96K(11264K)
[10.912s][info][gc,heap        ] GC(19) ParOldGen: 24253K(175104K)->24269K(175104K)
[10.912s][info][gc,metaspace   ] GC(19) Metaspace: 32906K(33536K)->32906K(33536K) NonClass: 23823K(24256K)->23823K(24256K) Class: 9082K(9280K)->9082K(9280K)
[10.912s][info][gc             ] GC(19) Pause Young (Allocation Failure) 289M->23M(437M) 0.978ms
[10.912s][info][gc,cpu         ] GC(19) User=0.00s Sys=0.00s Real=0.00s
[12.306s][info][gc,start       ] GC(20) Pause Young (Allocation Failure)
[12.308s][info][gc,heap        ] GC(20) PSYoungGen: 261216K(272384K)->32K(251392K) Eden: 261120K(261120K)->0K(250880K) From: 96K(11264K)->32K(512K)
[12.308s][info][gc,heap        ] GC(20) ParOldGen: 24269K(175104K)->24277K(175104K)
[12.308s][info][gc,metaspace   ] GC(20) Metaspace: 32933K(33536K)->32933K(33536K) NonClass: 23850K(24256K)->23850K(24256K) Class: 9082K(9280K)->9082K(9280K)
[12.308s][info][gc             ] GC(20) Pause Young (Allocation Failure) 278M->23M(416M) 1.666ms
[12.308s][info][gc,cpu         ] GC(20) User=0.01s Sys=0.00s Real=0.00s
[12.857s][info][gc,start       ] GC(21) Pause Young (Allocation Failure)
[12.858s][info][gc,heap        ] GC(21) PSYoungGen: 250912K(251392K)->64K(251392K) Eden: 250880K(250880K)->0K(241152K) From: 32K(512K)->64K(10240K)
[12.858s][info][gc,heap        ] GC(21) ParOldGen: 24277K(175104K)->24293K(175104K)
[12.858s][info][gc,metaspace   ] GC(21) Metaspace: 32938K(33536K)->32938K(33536K) NonClass: 23855K(24256K)->23855K(24256K) Class: 9082K(9280K)->9082K(9280K)
[12.858s][info][gc             ] GC(21) Pause Young (Allocation Failure) 268M->23M(416M) 0.961ms
[12.858s][info][gc,cpu         ] GC(21) User=0.00s Sys=0.00s Real=0.00s
[15.149s][info][gc,start       ] GC(22) Pause Young (Allocation Failure)
[15.150s][info][gc,heap        ] GC(22) PSYoungGen: 241216K(251392K)->64K(232448K) Eden: 241152K(241152K)->0K(231936K) From: 64K(10240K)->64K(512K)
[15.150s][info][gc,heap        ] GC(22) ParOldGen: 24293K(175104K)->24309K(175104K)
[15.150s][info][gc,metaspace   ] GC(22) Metaspace: 33010K(33664K)->33010K(33664K) NonClass: 23927K(24384K)->23927K(24384K) Class: 9082K(9280K)->9082K(9280K)
[15.150s][info][gc             ] GC(22) Pause Young (Allocation Failure) 259M->23M(398M) 1.622ms
[15.150s][info][gc,cpu         ] GC(22) User=0.00s Sys=0.00s Real=0.00s
[16.156s][info][gc,start       ] GC(23) Pause Young (Allocation Failure)
[16.156s][info][gc,heap        ] GC(23) PSYoungGen: 232000K(232448K)->64K(232448K) Eden: 231936K(231936K)->0K(223232K) From: 64K(512K)->64K(9216K)
[16.156s][info][gc,heap        ] GC(23) ParOldGen: 24309K(175104K)->24325K(175104K)
[16.156s][info][gc,metaspace   ] GC(23) Metaspace: 33168K(33792K)->33168K(33792K) NonClass: 24085K(24512K)->24085K(24512K) Class: 9082K(9280K)->9082K(9280K)
[16.156s][info][gc             ] GC(23) Pause Young (Allocation Failure) 250M->23M(398M) 0.642ms
[16.156s][info][gc,cpu         ] GC(23) User=0.00s Sys=0.00s Real=0.00s
[16.499s][info][gc,start       ] GC(24) Pause Young (Allocation Failure)
[16.500s][info][gc,heap        ] GC(24) PSYoungGen: 223296K(232448K)->64K(215552K) Eden: 223232K(223232K)->0K(215040K) From: 64K(9216K)->64K(512K)
[16.500s][info][gc,heap        ] GC(24) ParOldGen: 24325K(175104K)->24333K(175104K)
[16.500s][info][gc,metaspace   ] GC(24) Metaspace: 33190K(33856K)->33190K(33856K) NonClass: 24107K(24576K)->24107K(24576K) Class: 9082K(9280K)->9082K(9280K)
[16.501s][info][gc             ] GC(24) Pause Young (Allocation Failure) 241M->23M(381M) 1.221ms
[16.501s][info][gc,cpu         ] GC(24) User=0.00s Sys=0.00s Real=0.00s
[16.602s][info][gc,start       ] GC(25) Pause Young (Allocation Failure)
[16.603s][info][gc,heap        ] GC(25) PSYoungGen: 215104K(215552K)->32K(215040K) Eden: 215040K(215040K)->0K(206848K) From: 64K(512K)->32K(8192K)
[16.603s][info][gc,heap        ] GC(25) ParOldGen: 24333K(175104K)->24349K(175104K)
[16.603s][info][gc,metaspace   ] GC(25) Metaspace: 33190K(33856K)->33190K(33856K) NonClass: 24107K(24576K)->24107K(24576K) Class: 9082K(9280K)->9082K(9280K)
[16.603s][info][gc             ] GC(25) Pause Young (Allocation Failure) 233M->23M(381M) 0.815ms
[16.603s][info][gc,cpu         ] GC(25) User=0.00s Sys=0.00s Real=0.00s
[17.147s][info][gc,start       ] GC(26) Pause Young (Allocation Failure)
[17.148s][info][gc,heap        ] GC(26) PSYoungGen: 206880K(215040K)->64K(199680K) Eden: 206848K(206848K)->0K(199168K) From: 32K(8192K)->64K(512K)
[17.148s][info][gc,heap        ] GC(26) ParOldGen: 24349K(175104K)->24357K(175104K)
[17.148s][info][gc,metaspace   ] GC(26) Metaspace: 33242K(33920K)->33242K(33920K) NonClass: 24159K(24640K)->24159K(24640K) Class: 9082K(9280K)->9082K(9280K)
[17.148s][info][gc             ] GC(26) Pause Young (Allocation Failure) 225M->23M(366M) 1.598ms
[17.148s][info][gc,cpu         ] GC(26) User=0.00s Sys=0.01s Real=0.00s
[17.527s][info][gc,start       ] GC(27) Pause Young (Allocation Failure)
[17.528s][info][gc,heap        ] GC(27) PSYoungGen: 199232K(199680K)->64K(199168K) Eden: 199168K(199168K)->0K(192000K) From: 64K(512K)->64K(7168K)
[17.528s][info][gc,heap        ] GC(27) ParOldGen: 24357K(175104K)->24373K(175104K)
[17.528s][info][gc,metaspace   ] GC(27) Metaspace: 33242K(33920K)->33242K(33920K) NonClass: 24159K(24640K)->24159K(24640K) Class: 9082K(9280K)->9082K(9280K)
[17.528s][info][gc             ] GC(27) Pause Young (Allocation Failure) 218M->23M(365M) 1.296ms
[17.528s][info][gc,cpu         ] GC(27) User=0.00s Sys=0.00s Real=0.00s
[17.939s][info][gc,start       ] GC(28) Pause Young (Allocation Failure)
[17.941s][info][gc,heap        ] GC(28) PSYoungGen: 192064K(199168K)->64K(185856K) Eden: 192000K(192000K)->0K(185344K) From: 64K(7168K)->64K(512K)
[17.941s][info][gc,heap        ] GC(28) ParOldGen: 24373K(175104K)->24381K(175104K)
[17.941s][info][gc,metaspace   ] GC(28) Metaspace: 33400K(34048K)->33400K(34048K) NonClass: 24305K(24768K)->24305K(24768K) Class: 9095K(9280K)->9095K(9280K)
[17.941s][info][gc             ] GC(28) Pause Young (Allocation Failure) 211M->23M(352M) 1.818ms
[17.941s][info][gc,cpu         ] GC(28) User=0.00s Sys=0.00s Real=0.00s
[18.659s][info][gc,start       ] GC(29) Pause Young (Allocation Failure)
[18.690s][info][gc,heap        ] GC(29) PSYoungGen: 185408K(185856K)->6641K(247808K) Eden: 185344K(185344K)->0K(241152K) From: 64K(512K)->6641K(6656K)
[18.690s][info][gc,heap        ] GC(29) ParOldGen: 24381K(175104K)->33858K(175104K)
[18.690s][info][gc,metaspace   ] GC(29) Metaspace: 34028K(34688K)->34028K(34688K) NonClass: 24848K(25280K)->24848K(25280K) Class: 9180K(9408K)->9180K(9408K)
[18.690s][info][gc             ] GC(29) Pause Young (Allocation Failure) 204M->39M(413M) 31.182ms
[18.690s][info][gc,cpu         ] GC(29) User=0.05s Sys=0.01s Real=0.03s
[19.157s][info][gc,start       ] GC(30) Pause Young (Allocation Failure)
[19.214s][info][gc,heap        ] GC(30) PSYoungGen: 247793K(247808K)->6656K(248832K) Eden: 241152K(241152K)->0K(242176K) From: 6641K(6656K)->6656K(6656K)
[19.214s][info][gc,heap        ] GC(30) ParOldGen: 33858K(175104K)->54882K(175104K)
[19.214s][info][gc,metaspace   ] GC(30) Metaspace: 34067K(34752K)->34067K(34752K) NonClass: 24885K(25344K)->24885K(25344K) Class: 9182K(9408K)->9182K(9408K)
[19.214s][info][gc             ] GC(30) Pause Young (Allocation Failure) 275M->60M(414M) 56.878ms
[19.214s][info][gc,cpu         ] GC(30) User=0.11s Sys=0.01s Real=0.06s
[19.563s][info][gc,start       ] GC(31) Pause Young (Allocation Failure)
[19.623s][info][gc,heap        ] GC(31) PSYoungGen: 248832K(248832K)->19808K(262144K) Eden: 242176K(242176K)->0K(242176K) From: 6656K(6656K)->19808K(19968K)
[19.623s][info][gc,heap        ] GC(31) ParOldGen: 54882K(175104K)->55450K(175104K)
[19.623s][info][gc,metaspace   ] GC(31) Metaspace: 34072K(34752K)->34072K(34752K) NonClass: 24889K(25344K)->24889K(25344K) Class: 9182K(9408K)->9182K(9408K)
[19.623s][info][gc             ] GC(31) Pause Young (Allocation Failure) 296M->73M(427M) 60.120ms
[19.623s][info][gc,cpu         ] GC(31) User=0.11s Sys=0.00s Real=0.06s
[19.798s][info][gc,start       ] GC(32) Pause Young (Allocation Failure)
[19.799s][info][gc,heap        ] GC(32) PSYoungGen: 261984K(262144K)->64K(310272K) Eden: 242176K(242176K)->0K(286208K) From: 19808K(19968K)->64K(24064K)
[19.799s][info][gc,heap        ] GC(32) ParOldGen: 55450K(175104K)->55458K(175104K)
[19.799s][info][gc,metaspace   ] GC(32) Metaspace: 34080K(34752K)->34080K(34752K) NonClass: 24895K(25344K)->24895K(25344K) Class: 9185K(9408K)->9185K(9408K)
[19.799s][info][gc             ] GC(32) Pause Young (Allocation Failure) 309M->54M(474M) 0.739ms
[19.799s][info][gc,cpu         ] GC(32) User=0.00s Sys=0.00s Real=0.01s
[20.587s][info][gc,start       ] GC(33) Pause Young (Allocation Failure)
[20.588s][info][gc,heap        ] GC(33) PSYoungGen: 286272K(310272K)->64K(286720K) Eden: 286208K(286208K)->0K(286208K) From: 64K(24064K)->64K(512K)
[20.588s][info][gc,heap        ] GC(33) ParOldGen: 55458K(175104K)->55466K(175104K)
[20.588s][info][gc,metaspace   ] GC(33) Metaspace: 34080K(34752K)->34080K(34752K) NonClass: 24895K(25344K)->24895K(25344K) Class: 9185K(9408K)->9185K(9408K)
[20.588s][info][gc             ] GC(33) Pause Young (Allocation Failure) 333M->54M(451M) 1.055ms
[20.588s][info][gc,cpu         ] GC(33) User=0.00s Sys=0.00s Real=0.00s
[21.318s][info][gc,start       ] GC(34) Pause Young (Allocation Failure)
[21.319s][info][gc,heap        ] GC(34) PSYoungGen: 286272K(286720K)->64K(309248K) Eden: 286208K(286208K)->0K(286720K) From: 64K(512K)->64K(22528K)
[21.319s][info][gc,heap        ] GC(34) ParOldGen: 55466K(175104K)->55474K(175104K)
[21.319s][info][gc,metaspace   ] GC(34) Metaspace: 34080K(34752K)->34080K(34752K) NonClass: 24895K(25344K)->24895K(25344K) Class: 9185K(9408K)->9185K(9408K)
[21.319s][info][gc             ] GC(34) Pause Young (Allocation Failure) 333M->54M(473M) 0.869ms
[21.319s][info][gc,cpu         ] GC(34) User=0.00s Sys=0.00s Real=0.01s
[22.098s][info][gc,start       ] GC(35) Pause Young (Allocation Failure)
[22.099s][info][gc,heap        ] GC(35) PSYoungGen: 286784K(309248K)->64K(308736K) Eden: 286720K(286720K)->0K(286720K) From: 64K(22528K)->64K(22016K)
[22.099s][info][gc,heap        ] GC(35) ParOldGen: 55474K(175104K)->55490K(175104K)
[22.099s][info][gc,metaspace   ] GC(35) Metaspace: 34092K(34752K)->34092K(34752K) NonClass: 24907K(25344K)->24907K(25344K) Class: 9185K(9408K)->9185K(9408K)
[22.099s][info][gc             ] GC(35) Pause Young (Allocation Failure) 334M->54M(472M) 0.920ms
[22.099s][info][gc,cpu         ] GC(35) User=0.00s Sys=0.00s Real=0.01s
[22.374s][info][gc,start       ] GC(36) Pause Young (Allocation Failure)
[22.375s][info][gc,heap        ] GC(36) PSYoungGen: 286784K(308736K)->32K(310784K) Eden: 286720K(286720K)->0K(290304K) From: 64K(22016K)->32K(20480K)
[22.375s][info][gc,heap        ] GC(36) ParOldGen: 55490K(175104K)->55506K(175104K)
[22.375s][info][gc,metaspace   ] GC(36) Metaspace: 34092K(34752K)->34092K(34752K) NonClass: 24907K(25344K)->24907K(25344K) Class: 9185K(9408K)->9185K(9408K)
[22.375s][info][gc             ] GC(36) Pause Young (Allocation Failure) 334M->54M(474M) 1.194ms
[22.375s][info][gc,cpu         ] GC(36) User=0.00s Sys=0.00s Real=0.00s
[23.133s][info][gc,start       ] GC(37) Pause Young (Allocation Failure)
[23.136s][info][gc,heap        ] GC(37) PSYoungGen: 290336K(310784K)->64K(310272K) Eden: 290304K(290304K)->0K(290304K) From: 32K(20480K)->64K(19968K)
[23.136s][info][gc,heap        ] GC(37) ParOldGen: 55506K(175104K)->55506K(175104K)
[23.136s][info][gc,metaspace   ] GC(37) Metaspace: 34103K(34752K)->34103K(34752K) NonClass: 24918K(25344K)->24918K(25344K) Class: 9185K(9408K)->9185K(9408K)
[23.137s][info][gc             ] GC(37) Pause Young (Allocation Failure) 337M->54M(474M) 3.284ms
[23.137s][info][gc,cpu         ] GC(37) User=0.00s Sys=0.00s Real=0.00s
[23.293s][info][gc,start       ] GC(38) Pause Young (Allocation Failure)
[23.294s][info][gc,heap        ] GC(38) PSYoungGen: 290368K(310272K)->64K(312832K) Eden: 290304K(290304K)->0K(294400K) From: 64K(19968K)->64K(18432K)
[23.294s][info][gc,heap        ] GC(38) ParOldGen: 55506K(175104K)->55522K(175104K)
[23.294s][info][gc,metaspace   ] GC(38) Metaspace: 34103K(34752K)->34103K(34752K) NonClass: 24918K(25344K)->24918K(25344K) Class: 9185K(9408K)->9185K(9408K)
[23.294s][info][gc             ] GC(38) Pause Young (Allocation Failure) 337M->54M(476M) 1.167ms
[23.294s][info][gc,cpu         ] GC(38) User=0.00s Sys=0.00s Real=0.00s
[23.364s][info][gc,start       ] GC(39) Pause Young (Allocation Failure)
[23.365s][info][gc,heap        ] GC(39) PSYoungGen: 294464K(312832K)->32K(312320K) Eden: 294400K(294400K)->0K(294400K) From: 64K(18432K)->32K(17920K)
[23.365s][info][gc,heap        ] GC(39) ParOldGen: 55522K(175104K)->55530K(175104K)
[23.365s][info][gc,metaspace   ] GC(39) Metaspace: 34103K(34752K)->34103K(34752K) NonClass: 24918K(25344K)->24918K(25344K) Class: 9185K(9408K)->9185K(9408K)
[23.365s][info][gc             ] GC(39) Pause Young (Allocation Failure) 341M->54M(476M) 1.705ms
[23.365s][info][gc,cpu         ] GC(39) User=0.00s Sys=0.00s Real=0.00s
[23.584s][info][gc,start       ] GC(40) Pause Young (Allocation Failure)
[23.585s][info][gc,heap        ] GC(40) PSYoungGen: 294432K(312320K)->64K(314880K) Eden: 294400K(294400K)->0K(297984K) From: 32K(17920K)->64K(16896K)
[23.585s][info][gc,heap        ] GC(40) ParOldGen: 55530K(175104K)->55530K(175104K)
[23.585s][info][gc,metaspace   ] GC(40) Metaspace: 34103K(34752K)->34103K(34752K) NonClass: 24918K(25344K)->24918K(25344K) Class: 9185K(9408K)->9185K(9408K)
[23.585s][info][gc             ] GC(40) Pause Young (Allocation Failure) 341M->54M(478M) 1.024ms
[23.585s][info][gc,cpu         ] GC(40) User=0.00s Sys=0.00s Real=0.00s
[23.900s][info][gc,start       ] GC(41) Pause Young (Allocation Failure)
[23.901s][info][gc,heap        ] GC(41) PSYoungGen: 298048K(314880K)->64K(286720K) Eden: 297984K(297984K)->0K(286208K) From: 64K(16896K)->64K(512K)
[23.901s][info][gc,heap        ] GC(41) ParOldGen: 55530K(175104K)->55546K(175104K)
[23.901s][info][gc,metaspace   ] GC(41) Metaspace: 34103K(34752K)->34103K(34752K) NonClass: 24918K(25344K)->24918K(25344K) Class: 9185K(9408K)->9185K(9408K)
[23.901s][info][gc             ] GC(41) Pause Young (Allocation Failure) 345M->54M(451M) 1.092ms
[23.901s][info][gc,cpu         ] GC(41) User=0.00s Sys=0.00s Real=0.00s
[24.121s][info][gc,start       ] GC(42) Pause Young (Allocation Failure)
[24.122s][info][gc,heap        ] GC(42) PSYoungGen: 286272K(286720K)->64K(276992K) Eden: 286208K(286208K)->0K(274944K) From: 64K(512K)->64K(2048K)
[24.122s][info][gc,heap        ] GC(42) ParOldGen: 55546K(175104K)->55554K(175104K)
[24.122s][info][gc,metaspace   ] GC(42) Metaspace: 34103K(34752K)->34103K(34752K) NonClass: 24918K(25344K)->24918K(25344K) Class: 9185K(9408K)->9185K(9408K)
[24.122s][info][gc             ] GC(42) Pause Young (Allocation Failure) 333M->54M(441M) 1.194ms
[24.122s][info][gc,cpu         ] GC(42) User=0.00s Sys=0.00s Real=0.00s
[24.260s][info][gc,start       ] GC(43) Pause Young (Allocation Failure)
[24.261s][info][gc,heap        ] GC(43) PSYoungGen: 275008K(276992K)->64K(264704K) Eden: 274944K(274944K)->0K(264192K) From: 64K(2048K)->64K(512K)
[24.261s][info][gc,heap        ] GC(43) ParOldGen: 55554K(175104K)->55570K(175104K)
[24.261s][info][gc,metaspace   ] GC(43) Metaspace: 34124K(34816K)->34124K(34816K) NonClass: 24939K(25408K)->24939K(25408K) Class: 9185K(9408K)->9185K(9408K)
[24.261s][info][gc             ] GC(43) Pause Young (Allocation Failure) 322M->54M(429M) 1.112ms
[24.261s][info][gc,cpu         ] GC(43) User=0.00s Sys=0.00s Real=0.00s
[24.563s][info][gc,start       ] GC(44) Pause Young (Allocation Failure)
[24.565s][info][gc,heap        ] GC(44) PSYoungGen: 264256K(264704K)->64K(254464K) Eden: 264192K(264192K)->0K(253952K) From: 64K(512K)->64K(512K)
[24.565s][info][gc,heap        ] GC(44) ParOldGen: 55570K(175104K)->55586K(175104K)
[24.565s][info][gc,metaspace   ] GC(44) Metaspace: 34124K(34816K)->34124K(34816K) NonClass: 24939K(25408K)->24939K(25408K) Class: 9185K(9408K)->9185K(9408K)
[24.565s][info][gc             ] GC(44) Pause Young (Allocation Failure) 312M->54M(419M) 1.683ms
[24.565s][info][gc,cpu         ] GC(44) User=0.00s Sys=0.00s Real=0.00s
[25.834s][info][gc,start       ] GC(45) Pause Young (Allocation Failure)
[25.835s][info][gc,heap        ] GC(45) PSYoungGen: 254016K(254464K)->96K(257024K) Eden: 253952K(253952K)->0K(244224K) From: 64K(512K)->96K(12800K)
[25.835s][info][gc,heap        ] GC(45) ParOldGen: 55586K(175104K)->55594K(175104K)
[25.835s][info][gc,metaspace   ] GC(45) Metaspace: 34151K(34816K)->34151K(34816K) NonClass: 24966K(25408K)->24966K(25408K) Class: 9185K(9408K)->9185K(9408K)
[25.835s][info][gc             ] GC(45) Pause Young (Allocation Failure) 302M->54M(422M) 1.091ms
[25.835s][info][gc,cpu         ] GC(45) User=0.00s Sys=0.00s Real=0.00s
[26.331s][info][gc,start       ] GC(46) Pause Young (Allocation Failure)
[26.333s][info][gc,heap        ] GC(46) PSYoungGen: 244320K(257024K)->64K(235520K) Eden: 244224K(244224K)->0K(235008K) From: 96K(12800K)->64K(512K)
[26.333s][info][gc,heap        ] GC(46) ParOldGen: 55594K(175104K)->55610K(175104K)
[26.333s][info][gc,metaspace   ] GC(46) Metaspace: 34151K(34816K)->34151K(34816K) NonClass: 24966K(25408K)->24966K(25408K) Class: 9185K(9408K)->9185K(9408K)
[26.333s][info][gc             ] GC(46) Pause Young (Allocation Failure) 292M->54M(401M) 1.905ms
[26.333s][info][gc,cpu         ] GC(46) User=0.00s Sys=0.00s Real=0.00s
[27.206s][info][gc,start       ] GC(47) Pause Young (Allocation Failure)
[27.207s][info][gc,heap        ] GC(47) PSYoungGen: 235072K(235520K)->64K(237568K) Eden: 235008K(235008K)->0K(226304K) From: 64K(512K)->64K(11264K)
[27.207s][info][gc,heap        ] GC(47) ParOldGen: 55610K(175104K)->55626K(175104K)
[27.207s][info][gc,metaspace   ] GC(47) Metaspace: 34151K(34816K)->34151K(34816K) NonClass: 24966K(25408K)->24966K(25408K) Class: 9185K(9408K)->9185K(9408K)
[27.207s][info][gc             ] GC(47) Pause Young (Allocation Failure) 283M->54M(403M) 0.942ms
[27.207s][info][gc,cpu         ] GC(47) User=0.00s Sys=0.00s Real=0.00s
[27.634s][info][gc,start       ] GC(48) Pause Young (Allocation Failure)
[27.636s][info][gc,heap        ] GC(48) PSYoungGen: 226368K(237568K)->64K(218112K) Eden: 226304K(226304K)->0K(217600K) From: 64K(11264K)->64K(512K)
[27.636s][info][gc,heap        ] GC(48) ParOldGen: 55626K(175104K)->55642K(175104K)
[27.636s][info][gc,metaspace   ] GC(48) Metaspace: 34151K(34816K)->34151K(34816K) NonClass: 24966K(25408K)->24966K(25408K) Class: 9185K(9408K)->9185K(9408K)
[27.636s][info][gc             ] GC(48) Pause Young (Allocation Failure) 275M->54M(384M) 1.838ms
[27.636s][info][gc,cpu         ] GC(48) User=0.00s Sys=0.00s Real=0.00s
[29.733s][info][gc,start       ] GC(49) Pause Young (Allocation Failure)
[29.734s][info][gc,heap        ] GC(49) PSYoungGen: 217664K(218112K)->32K(219136K) Eden: 217600K(217600K)->0K(209408K) From: 64K(512K)->32K(9728K)
[29.734s][info][gc,heap        ] GC(49) ParOldGen: 55642K(175104K)->55650K(175104K)
[29.734s][info][gc,metaspace   ] GC(49) Metaspace: 34152K(34816K)->34152K(34816K) NonClass: 24967K(25408K)->24967K(25408K) Class: 9185K(9408K)->9185K(9408K)
[29.734s][info][gc             ] GC(49) Pause Young (Allocation Failure) 266M->54M(385M) 1.235ms
[29.734s][info][gc,cpu         ] GC(49) User=0.00s Sys=0.00s Real=0.00s
[30.228s][info][gc,start       ] GC(50) Pause Young (Allocation Failure)
[30.230s][info][gc,heap        ] GC(50) PSYoungGen: 209440K(219136K)->32K(202240K) Eden: 209408K(209408K)->0K(201728K) From: 32K(9728K)->32K(512K)
[30.230s][info][gc,heap        ] GC(50) ParOldGen: 55650K(175104K)->55658K(175104K)
[30.230s][info][gc,metaspace   ] GC(50) Metaspace: 34152K(34816K)->34152K(34816K) NonClass: 24967K(25408K)->24967K(25408K) Class: 9185K(9408K)->9185K(9408K)
[30.230s][info][gc             ] GC(50) Pause Young (Allocation Failure) 258M->54M(368M) 2.057ms
[30.230s][info][gc,cpu         ] GC(50) User=0.00s Sys=0.00s Real=0.01s
[30.897s][info][gc,start       ] GC(51) Pause Young (Allocation Failure)
[30.897s][info][gc,heap        ] GC(51) PSYoungGen: 201760K(202240K)->64K(202752K) Eden: 201728K(201728K)->0K(194560K) From: 32K(512K)->64K(8192K)
[30.897s][info][gc,heap        ] GC(51) ParOldGen: 55658K(175104K)->55666K(175104K)
[30.897s][info][gc,metaspace   ] GC(51) Metaspace: 34152K(34816K)->34152K(34816K) NonClass: 24967K(25408K)->24967K(25408K) Class: 9185K(9408K)->9185K(9408K)
[30.897s][info][gc             ] GC(51) Pause Young (Allocation Failure) 251M->54M(369M) 0.694ms
[30.897s][info][gc,cpu         ] GC(51) User=0.00s Sys=0.00s Real=0.00s
[31.094s][info][gc,start       ] GC(52) Pause Young (Allocation Failure)
[31.096s][info][gc,heap        ] GC(52) PSYoungGen: 194624K(202752K)->64K(187904K) Eden: 194560K(194560K)->0K(187392K) From: 64K(8192K)->64K(512K)
[31.096s][info][gc,heap        ] GC(52) ParOldGen: 55666K(175104K)->55674K(175104K)
[31.096s][info][gc,metaspace   ] GC(52) Metaspace: 34152K(34816K)->34152K(34816K) NonClass: 24967K(25408K)->24967K(25408K) Class: 9185K(9408K)->9185K(9408K)
[31.096s][info][gc             ] GC(52) Pause Young (Allocation Failure) 244M->54M(354M) 1.509ms
[31.096s][info][gc,cpu         ] GC(52) User=0.00s Sys=0.00s Real=0.00s
[31.343s][info][gc,start       ] GC(53) Pause Young (Allocation Failure)
[31.344s][info][gc,heap        ] GC(53) PSYoungGen: 187456K(187904K)->64K(187904K) Eden: 187392K(187392K)->0K(180736K) From: 64K(512K)->64K(7168K)
[31.344s][info][gc,heap        ] GC(53) ParOldGen: 55674K(175104K)->55690K(175104K)
[31.344s][info][gc,metaspace   ] GC(53) Metaspace: 34153K(34816K)->34153K(34816K) NonClass: 24968K(25408K)->24968K(25408K) Class: 9185K(9408K)->9185K(9408K)
[31.344s][info][gc             ] GC(53) Pause Young (Allocation Failure) 237M->54M(354M) 0.725ms
[31.344s][info][gc,cpu         ] GC(53) User=0.00s Sys=0.00s Real=0.00s
[31.894s][info][gc,start       ] GC(54) Pause Young (Allocation Failure)
[31.895s][info][gc,heap        ] GC(54) PSYoungGen: 180800K(187904K)->64K(175104K) Eden: 180736K(180736K)->0K(174592K) From: 64K(7168K)->64K(512K)
[31.895s][info][gc,heap        ] GC(54) ParOldGen: 55690K(175104K)->55706K(175104K)
[31.895s][info][gc,metaspace   ] GC(54) Metaspace: 34153K(34816K)->34153K(34816K) NonClass: 24968K(25408K)->24968K(25408K) Class: 9185K(9408K)->9185K(9408K)
[31.895s][info][gc             ] GC(54) Pause Young (Allocation Failure) 230M->54M(342M) 1.094ms
[31.895s][info][gc,cpu         ] GC(54) User=0.00s Sys=0.00s Real=0.00s
[32.082s][info][gc,start       ] GC(55) Pause Young (Allocation Failure)
[32.082s][info][gc,heap        ] GC(55) PSYoungGen: 174656K(175104K)->64K(174592K) Eden: 174592K(174592K)->0K(168448K) From: 64K(512K)->64K(6144K)
[32.082s][info][gc,heap        ] GC(55) ParOldGen: 55706K(175104K)->55706K(175104K)
[32.082s][info][gc,metaspace   ] GC(55) Metaspace: 34153K(34816K)->34153K(34816K) NonClass: 24968K(25408K)->24968K(25408K) Class: 9185K(9408K)->9185K(9408K)
[32.082s][info][gc             ] GC(55) Pause Young (Allocation Failure) 224M->54M(341M) 0.621ms
[32.082s][info][gc,cpu         ] GC(55) User=0.00s Sys=0.00s Real=0.00s
[32.442s][info][gc,start       ] GC(56) Pause Young (Allocation Failure)
[32.443s][info][gc,heap        ] GC(56) PSYoungGen: 168512K(174592K)->64K(163328K) Eden: 168448K(168448K)->0K(162816K) From: 64K(6144K)->64K(512K)
[32.443s][info][gc,heap        ] GC(56) ParOldGen: 55706K(175104K)->55714K(175104K)
[32.443s][info][gc,metaspace   ] GC(56) Metaspace: 34153K(34816K)->34153K(34816K) NonClass: 24968K(25408K)->24968K(25408K) Class: 9185K(9408K)->9185K(9408K)
[32.443s][info][gc             ] GC(56) Pause Young (Allocation Failure) 218M->54M(330M) 1.035ms
[32.443s][info][gc,cpu         ] GC(56) User=0.00s Sys=0.00s Real=0.00s
[32.713s][info][gc,start       ] GC(57) Pause Young (Allocation Failure)
[32.747s][info][gc,heap        ] GC(57) PSYoungGen: 162880K(163328K)->5632K(201216K) Eden: 162816K(162816K)->0K(195584K) From: 64K(512K)->5632K(5632K)
[32.747s][info][gc,heap        ] GC(57) ParOldGen: 55714K(175104K)->68282K(175104K)
[32.747s][info][gc,metaspace   ] GC(57) Metaspace: 34153K(34816K)->34153K(34816K) NonClass: 24968K(25408K)->24968K(25408K) Class: 9185K(9408K)->9185K(9408K)
[32.747s][info][gc             ] GC(57) Pause Young (Allocation Failure) 213M->72M(367M) 33.859ms
[32.747s][info][gc,cpu         ] GC(57) User=0.06s Sys=0.00s Real=0.03s
[33.063s][info][gc,start       ] GC(58) Pause Young (Allocation Failure)
[33.109s][info][gc,heap        ] GC(58) PSYoungGen: 201216K(201216K)->5632K(223232K) Eden: 195584K(195584K)->0K(217600K) From: 5632K(5632K)->5632K(5632K)
[33.109s][info][gc,heap        ] GC(58) ParOldGen: 68282K(175104K)->85258K(175104K)
[33.109s][info][gc,metaspace   ] GC(58) Metaspace: 34153K(34816K)->34153K(34816K) NonClass: 24968K(25408K)->24968K(25408K) Class: 9185K(9408K)->9185K(9408K)
[33.109s][info][gc             ] GC(58) Pause Young (Allocation Failure) 263M->88M(389M) 45.904ms
[33.109s][info][gc,cpu         ] GC(58) User=0.08s Sys=0.02s Real=0.05s
[33.428s][info][gc,start       ] GC(59) Pause Young (Allocation Failure)
[33.467s][info][gc,heap        ] GC(59) PSYoungGen: 223232K(223232K)->17920K(235520K) Eden: 217600K(217600K)->0K(217600K) From: 5632K(5632K)->17920K(17920K)
[33.467s][info][gc,heap        ] GC(59) ParOldGen: 85258K(175104K)->89970K(175104K)
[33.467s][info][gc,metaspace   ] GC(59) Metaspace: 34153K(34816K)->34153K(34816K) NonClass: 24968K(25408K)->24968K(25408K) Class: 9185K(9408K)->9185K(9408K)
[33.467s][info][gc             ] GC(59) Pause Young (Allocation Failure) 301M->105M(401M) 38.599ms
[33.467s][info][gc,cpu         ] GC(59) User=0.07s Sys=0.00s Real=0.04s
[33.570s][info][gc,start       ] GC(60) Pause Young (Allocation Failure)
[33.572s][info][gc,heap        ] GC(60) PSYoungGen: 235520K(235520K)->64K(283648K) Eden: 217600K(217600K)->0K(261120K) From: 17920K(17920K)->64K(22528K)
[33.572s][info][gc,heap        ] GC(60) ParOldGen: 89970K(175104K)->90098K(175104K)
[33.572s][info][gc,metaspace   ] GC(60) Metaspace: 34153K(34816K)->34153K(34816K) NonClass: 24968K(25408K)->24968K(25408K) Class: 9185K(9408K)->9185K(9408K)
[33.572s][info][gc             ] GC(60) Pause Young (Allocation Failure) 317M->88M(448M) 2.115ms
[33.572s][info][gc,cpu         ] GC(60) User=0.00s Sys=0.00s Real=0.00s
[34.208s][info][gc,start       ] GC(61) Pause Young (Allocation Failure)
[34.209s][info][gc,heap        ] GC(61) PSYoungGen: 261184K(283648K)->64K(284160K) Eden: 261120K(261120K)->0K(261120K) From: 64K(22528K)->64K(23040K)
[34.209s][info][gc,heap        ] GC(61) ParOldGen: 90098K(175104K)->90106K(175104K)
[34.209s][info][gc,metaspace   ] GC(61) Metaspace: 34153K(34816K)->34153K(34816K) NonClass: 24968K(25408K)->24968K(25408K) Class: 9185K(9408K)->9185K(9408K)
[34.209s][info][gc             ] GC(61) Pause Young (Allocation Failure) 343M->88M(448M) 0.859ms
[34.209s][info][gc,cpu         ] GC(61) User=0.01s Sys=0.00s Real=0.01s
[34.949s][info][gc,start       ] GC(62) Pause Young (Allocation Failure)
[34.949s][info][gc,heap        ] GC(62) PSYoungGen: 261184K(284160K)->64K(310272K) Eden: 261120K(261120K)->0K(288768K) From: 64K(23040K)->64K(21504K)
[34.949s][info][gc,heap        ] GC(62) ParOldGen: 90106K(175104K)->90114K(175104K)
[34.949s][info][gc,metaspace   ] GC(62) Metaspace: 34153K(34816K)->34153K(34816K) NonClass: 24968K(25408K)->24968K(25408K) Class: 9185K(9408K)->9185K(9408K)
[34.949s][info][gc             ] GC(62) Pause Young (Allocation Failure) 343M->88M(474M) 0.913ms
[34.949s][info][gc,cpu         ] GC(62) User=0.00s Sys=0.00s Real=0.00s
[35.824s][info][gc,start       ] GC(63) Pause Young (Allocation Failure)
[35.825s][info][gc,heap        ] GC(63) PSYoungGen: 288832K(310272K)->64K(310272K) Eden: 288768K(288768K)->0K(288768K) From: 64K(21504K)->64K(21504K)
[35.825s][info][gc,heap        ] GC(63) ParOldGen: 90114K(175104K)->90130K(175104K)
[35.825s][info][gc,metaspace   ] GC(63) Metaspace: 34176K(34880K)->34176K(34880K) NonClass: 24991K(25472K)->24991K(25472K) Class: 9185K(9408K)->9185K(9408K)
[35.825s][info][gc             ] GC(63) Pause Young (Allocation Failure) 370M->88M(474M) 1.129ms
[35.825s][info][gc,cpu         ] GC(63) User=0.00s Sys=0.00s Real=0.00s
[36.101s][info][gc,start       ] GC(64) Pause Young (Allocation Failure)
[36.102s][info][gc,heap        ] GC(64) PSYoungGen: 288832K(310272K)->32K(311296K) Eden: 288768K(288768K)->0K(291840K) From: 64K(21504K)->32K(19456K)
[36.102s][info][gc,heap        ] GC(64) ParOldGen: 90130K(175104K)->90146K(175104K)
[36.102s][info][gc,metaspace   ] GC(64) Metaspace: 34176K(34880K)->34176K(34880K) NonClass: 24991K(25472K)->24991K(25472K) Class: 9185K(9408K)->9185K(9408K)
[36.102s][info][gc             ] GC(64) Pause Young (Allocation Failure) 370M->88M(475M) 1.125ms
[36.102s][info][gc,cpu         ] GC(64) User=0.00s Sys=0.00s Real=0.00s
[36.384s][info][gc,start       ] GC(65) Pause Young (Allocation Failure)
[36.385s][info][gc,heap        ] GC(65) PSYoungGen: 291872K(311296K)->32K(311296K) Eden: 291840K(291840K)->0K(291840K) From: 32K(19456K)->32K(19456K)
[36.386s][info][gc,heap        ] GC(65) ParOldGen: 90146K(175104K)->90146K(175104K)
[36.386s][info][gc,metaspace   ] GC(65) Metaspace: 34176K(34880K)->34176K(34880K) NonClass: 24991K(25472K)->24991K(25472K) Class: 9185K(9408K)->9185K(9408K)
[36.386s][info][gc             ] GC(65) Pause Young (Allocation Failure) 373M->88M(475M) 1.396ms
[36.386s][info][gc,cpu         ] GC(65) User=0.00s Sys=0.00s Real=0.00s
[36.746s][info][gc,start       ] GC(66) Pause Young (Allocation Failure)
[36.747s][info][gc,heap        ] GC(66) PSYoungGen: 291872K(311296K)->64K(313344K) Eden: 291840K(291840K)->0K(295936K) From: 32K(19456K)->64K(17408K)
[36.747s][info][gc,heap        ] GC(66) ParOldGen: 90146K(175104K)->90146K(175104K)
[36.747s][info][gc,metaspace   ] GC(66) Metaspace: 34192K(34880K)->34192K(34880K) NonClass: 25006K(25472K)->25006K(25472K) Class: 9185K(9408K)->9185K(9408K)
[36.747s][info][gc             ] GC(66) Pause Young (Allocation Failure) 373M->88M(477M) 1.418ms
[36.747s][info][gc,cpu         ] GC(66) User=0.00s Sys=0.00s Real=0.00s
[36.816s][info][gc,start       ] GC(67) Pause Young (Allocation Failure)
[36.817s][info][gc,heap        ] GC(67) PSYoungGen: 296000K(313344K)->32K(313344K) Eden: 295936K(295936K)->0K(295936K) From: 64K(17408K)->32K(17408K)
[36.817s][info][gc,heap        ] GC(67) ParOldGen: 90146K(175104K)->90162K(175104K)
[36.817s][info][gc,metaspace   ] GC(67) Metaspace: 34192K(34880K)->34192K(34880K) NonClass: 25006K(25472K)->25006K(25472K) Class: 9185K(9408K)->9185K(9408K)
[36.817s][info][gc             ] GC(67) Pause Young (Allocation Failure) 377M->88M(477M) 1.059ms
[36.817s][info][gc,cpu         ] GC(67) User=0.00s Sys=0.00s Real=0.00s
[36.963s][info][gc,start       ] GC(68) Pause Young (Allocation Failure)
[36.964s][info][gc,heap        ] GC(68) PSYoungGen: 295968K(313344K)->64K(315904K) Eden: 295936K(295936K)->0K(299520K) From: 32K(17408K)->64K(16384K)
[36.964s][info][gc,heap        ] GC(68) ParOldGen: 90162K(175104K)->90162K(175104K)
[36.964s][info][gc,metaspace   ] GC(68) Metaspace: 34193K(34880K)->34193K(34880K) NonClass: 25008K(25472K)->25008K(25472K) Class: 9185K(9408K)->9185K(9408K)
[36.964s][info][gc             ] GC(68) Pause Young (Allocation Failure) 377M->88M(479M) 1.036ms
[36.964s][info][gc,cpu         ] GC(68) User=0.00s Sys=0.00s Real=0.00s
[37.284s][info][gc,start       ] GC(69) Pause Young (Allocation Failure)
[37.285s][info][gc,heap        ] GC(69) PSYoungGen: 299584K(315904K)->32K(288256K) Eden: 299520K(299520K)->0K(287744K) From: 64K(16384K)->32K(512K)
[37.285s][info][gc,heap        ] GC(69) ParOldGen: 90162K(175104K)->90178K(175104K)
[37.285s][info][gc,metaspace   ] GC(69) Metaspace: 34193K(34880K)->34193K(34880K) NonClass: 25008K(25472K)->25008K(25472K) Class: 9185K(9408K)->9185K(9408K)
[37.285s][info][gc             ] GC(69) Pause Young (Allocation Failure) 380M->88M(452M) 1.095ms
[37.285s][info][gc,cpu         ] GC(69) User=0.00s Sys=0.00s Real=0.00s
[37.502s][info][gc,start       ] GC(70) Pause Young (Allocation Failure)
[37.503s][info][gc,heap        ] GC(70) PSYoungGen: 287776K(288256K)->64K(278016K) Eden: 287744K(287744K)->0K(276480K) From: 32K(512K)->64K(1536K)
[37.503s][info][gc,heap        ] GC(70) ParOldGen: 90178K(175104K)->90178K(175104K)
[37.503s][info][gc,metaspace   ] GC(70) Metaspace: 34193K(34880K)->34193K(34880K) NonClass: 25008K(25472K)->25008K(25472K) Class: 9185K(9408K)->9185K(9408K)
[37.503s][info][gc             ] GC(70) Pause Young (Allocation Failure) 369M->88M(442M) 1.226ms
[37.503s][info][gc,cpu         ] GC(70) User=0.00s Sys=0.00s Real=0.00s
[37.591s][info][gc,start       ] GC(71) Pause Young (Allocation Failure)
[37.592s][info][gc,heap        ] GC(71) PSYoungGen: 276544K(278016K)->64K(266240K) Eden: 276480K(276480K)->0K(265728K) From: 64K(1536K)->64K(512K)
[37.592s][info][gc,heap        ] GC(71) ParOldGen: 90178K(175104K)->90194K(175104K)
[37.592s][info][gc,metaspace   ] GC(71) Metaspace: 34193K(34880K)->34193K(34880K) NonClass: 25008K(25472K)->25008K(25472K) Class: 9185K(9408K)->9185K(9408K)
[37.592s][info][gc             ] GC(71) Pause Young (Allocation Failure) 358M->88M(431M) 1.048ms
[37.592s][info][gc,cpu         ] GC(71) User=0.00s Sys=0.00s Real=0.00s
[37.840s][info][gc,start       ] GC(72) Pause Young (Allocation Failure)
[37.841s][info][gc,heap        ] GC(72) PSYoungGen: 265792K(266240K)->64K(256000K) Eden: 265728K(265728K)->0K(255488K) From: 64K(512K)->64K(512K)
[37.841s][info][gc,heap        ] GC(72) ParOldGen: 90194K(175104K)->90194K(175104K)
[37.841s][info][gc,metaspace   ] GC(72) Metaspace: 34193K(34880K)->34193K(34880K) NonClass: 25008K(25472K)->25008K(25472K) Class: 9185K(9408K)->9185K(9408K)
[37.841s][info][gc             ] GC(72) Pause Young (Allocation Failure) 347M->88M(421M) 1.498ms
[37.841s][info][gc,cpu         ] GC(72) User=0.00s Sys=0.00s Real=0.00s
[38.372s][info][gc,start       ] GC(73) Pause Young (Allocation Failure)
[38.374s][info][gc,heap        ] GC(73) PSYoungGen: 255552K(256000K)->64K(258048K) Eden: 255488K(255488K)->0K(245760K) From: 64K(512K)->64K(12288K)
[38.374s][info][gc,heap        ] GC(73) ParOldGen: 90194K(175104K)->90210K(175104K)
[38.374s][info][gc,metaspace   ] GC(73) Metaspace: 34209K(34880K)->34209K(34880K) NonClass: 25024K(25472K)->25024K(25472K) Class: 9185K(9408K)->9185K(9408K)
[38.374s][info][gc             ] GC(73) Pause Young (Allocation Failure) 337M->88M(423M) 1.356ms
[38.374s][info][gc,cpu         ] GC(73) User=0.00s Sys=0.00s Real=0.00s
[38.962s][info][gc,start       ] GC(74) Pause Young (Allocation Failure)
[38.963s][info][gc,heap        ] GC(74) PSYoungGen: 245824K(258048K)->83K(237056K) Eden: 245760K(245760K)->0K(236544K) From: 64K(12288K)->83K(512K)
[38.963s][info][gc,heap        ] GC(74) ParOldGen: 90210K(175104K)->90226K(175104K)
[38.963s][info][gc,metaspace   ] GC(74) Metaspace: 34209K(34880K)->34209K(34880K) NonClass: 25024K(25472K)->25024K(25472K) Class: 9185K(9408K)->9185K(9408K)
[38.963s][info][gc             ] GC(74) Pause Young (Allocation Failure) 328M->88M(402M) 1.876ms
[38.963s][info][gc,cpu         ] GC(74) User=0.00s Sys=0.00s Real=0.00s
[40.247s][info][gc,start       ] GC(75) Pause Young (Allocation Failure)
[40.248s][info][gc,heap        ] GC(75) PSYoungGen: 236627K(237056K)->64K(238080K) Eden: 236544K(236544K)->0K(227328K) From: 83K(512K)->64K(10752K)
[40.248s][info][gc,heap        ] GC(75) ParOldGen: 90226K(175104K)->90234K(175104K)
[40.248s][info][gc,metaspace   ] GC(75) Metaspace: 34211K(34880K)->34211K(34880K) NonClass: 25026K(25472K)->25026K(25472K) Class: 9185K(9408K)->9185K(9408K)
[40.248s][info][gc             ] GC(75) Pause Young (Allocation Failure) 319M->88M(403M) 1.159ms
[40.248s][info][gc,cpu         ] GC(75) User=0.00s Sys=0.00s Real=0.00s
[40.621s][info][gc,start       ] GC(76) Pause Young (Allocation Failure)
[40.623s][info][gc,heap        ] GC(76) PSYoungGen: 227392K(238080K)->64K(219136K) Eden: 227328K(227328K)->0K(218624K) From: 64K(10752K)->64K(512K)
[40.623s][info][gc,heap        ] GC(76) ParOldGen: 90234K(175104K)->90250K(175104K)
[40.623s][info][gc,metaspace   ] GC(76) Metaspace: 34211K(34880K)->34211K(34880K) NonClass: 25026K(25472K)->25026K(25472K) Class: 9185K(9408K)->9185K(9408K)
[40.623s][info][gc             ] GC(76) Pause Young (Allocation Failure) 310M->88M(385M) 1.956ms
[40.623s][info][gc,cpu         ] GC(76) User=0.00s Sys=0.00s Real=0.00s
[42.092s][info][gc,start       ] GC(77) Pause Young (Allocation Failure)
[42.094s][info][gc,heap        ] GC(77) PSYoungGen: 218688K(219136K)->64K(219648K) Eden: 218624K(218624K)->0K(210432K) From: 64K(512K)->64K(9216K)
[42.094s][info][gc,heap        ] GC(77) ParOldGen: 90250K(175104K)->90266K(175104K)
[42.094s][info][gc,metaspace   ] GC(77) Metaspace: 34302K(35008K)->34302K(35008K) NonClass: 25117K(25600K)->25117K(25600K) Class: 9185K(9408K)->9185K(9408K)
[42.094s][info][gc             ] GC(77) Pause Young (Allocation Failure) 301M->88M(385M) 1.514ms
[42.094s][info][gc,cpu         ] GC(77) User=0.00s Sys=0.00s Real=0.00s
[43.109s][info][gc,start       ] GC(78) Pause Young (Allocation Failure)
[43.111s][info][gc,heap        ] GC(78) PSYoungGen: 210496K(219648K)->64K(203264K) Eden: 210432K(210432K)->0K(202752K) From: 64K(9216K)->64K(512K)
[43.111s][info][gc,heap        ] GC(78) ParOldGen: 90266K(175104K)->90274K(175104K)
[43.111s][info][gc,metaspace   ] GC(78) Metaspace: 34328K(35008K)->34328K(35008K) NonClass: 25143K(25600K)->25143K(25600K) Class: 9185K(9408K)->9185K(9408K)
[43.111s][info][gc             ] GC(78) Pause Young (Allocation Failure) 293M->88M(369M) 2.239ms
[43.111s][info][gc,cpu         ] GC(78) User=0.00s Sys=0.00s Real=0.00s
[43.812s][info][gc,start       ] GC(79) Pause Young (Allocation Failure)
[43.813s][info][gc,heap        ] GC(79) PSYoungGen: 202816K(203264K)->32K(203776K) Eden: 202752K(202752K)->0K(195584K) From: 64K(512K)->32K(8192K)
[43.813s][info][gc,heap        ] GC(79) ParOldGen: 90274K(175104K)->90282K(175104K)
[43.813s][info][gc,metaspace   ] GC(79) Metaspace: 34328K(35008K)->34328K(35008K) NonClass: 25143K(25600K)->25143K(25600K) Class: 9185K(9408K)->9185K(9408K)
[43.813s][info][gc             ] GC(79) Pause Young (Allocation Failure) 286M->88M(370M) 1.179ms
[43.813s][info][gc,cpu         ] GC(79) User=0.00s Sys=0.00s Real=0.00s
[44.044s][info][gc,start       ] GC(80) Pause Young (Allocation Failure)
[44.046s][info][gc,heap        ] GC(80) PSYoungGen: 195616K(203776K)->64K(188928K) Eden: 195584K(195584K)->0K(188416K) From: 32K(8192K)->64K(512K)
[44.046s][info][gc,heap        ] GC(80) ParOldGen: 90282K(175104K)->90298K(175104K)
[44.046s][info][gc,metaspace   ] GC(80) Metaspace: 34328K(35008K)->34328K(35008K) NonClass: 25143K(25600K)->25143K(25600K) Class: 9185K(9408K)->9185K(9408K)
[44.046s][info][gc             ] GC(80) Pause Young (Allocation Failure) 279M->88M(355M) 1.843ms
[44.046s][info][gc,cpu         ] GC(80) User=0.00s Sys=0.00s Real=0.00s
[44.200s][info][gc,start       ] GC(81) Pause Young (Allocation Failure)
[44.202s][info][gc,heap        ] GC(81) PSYoungGen: 188480K(188928K)->64K(188928K) Eden: 188416K(188416K)->0K(181760K) From: 64K(512K)->64K(7168K)
[44.203s][info][gc,heap        ] GC(81) ParOldGen: 90298K(175104K)->90314K(175104K)
[44.203s][info][gc,metaspace   ] GC(81) Metaspace: 34355K(35072K)->34355K(35072K) NonClass: 25170K(25664K)->25170K(25664K) Class: 9185K(9408K)->9185K(9408K)
[44.203s][info][gc             ] GC(81) Pause Young (Allocation Failure) 272M->88M(355M) 2.416ms
[44.203s][info][gc,cpu         ] GC(81) User=0.00s Sys=0.00s Real=0.00s
[44.676s][info][gc,start       ] GC(82) Pause Young (Allocation Failure)
[44.678s][info][gc,heap        ] GC(82) PSYoungGen: 181824K(188928K)->64K(175616K) Eden: 181760K(181760K)->0K(175104K) From: 64K(7168K)->64K(512K)
[44.678s][info][gc,heap        ] GC(82) ParOldGen: 90314K(175104K)->90322K(175104K)
[44.678s][info][gc,metaspace   ] GC(82) Metaspace: 34355K(35072K)->34355K(35072K) NonClass: 25170K(25664K)->25170K(25664K) Class: 9185K(9408K)->9185K(9408K)
[44.678s][info][gc             ] GC(82) Pause Young (Allocation Failure) 265M->88M(342M) 1.892ms
[44.678s][info][gc,cpu         ] GC(82) User=0.00s Sys=0.00s Real=0.00s
[44.969s][info][gc,start       ] GC(83) Pause Young (Allocation Failure)
[44.971s][info][gc,heap        ] GC(83) PSYoungGen: 175168K(175616K)->64K(175104K) Eden: 175104K(175104K)->0K(168960K) From: 64K(512K)->64K(6144K)
[44.971s][info][gc,heap        ] GC(83) ParOldGen: 90322K(175104K)->90338K(175104K)
[44.971s][info][gc,metaspace   ] GC(83) Metaspace: 34355K(35072K)->34355K(35072K) NonClass: 25170K(25664K)->25170K(25664K) Class: 9185K(9408K)->9185K(9408K)
[44.971s][info][gc             ] GC(83) Pause Young (Allocation Failure) 259M->88M(342M) 1.551ms
[44.971s][info][gc,cpu         ] GC(83) User=0.01s Sys=0.00s Real=0.00s
[45.204s][info][gc,start       ] GC(84) Pause Young (Allocation Failure)
[45.205s][info][gc,heap        ] GC(84) PSYoungGen: 169024K(175104K)->32K(163840K) Eden: 168960K(168960K)->0K(163328K) From: 64K(6144K)->32K(512K)
[45.205s][info][gc,heap        ] GC(84) ParOldGen: 90338K(175104K)->90346K(175104K)
[45.205s][info][gc,metaspace   ] GC(84) Metaspace: 34357K(35072K)->34357K(35072K) NonClass: 25172K(25664K)->25172K(25664K) Class: 9185K(9408K)->9185K(9408K)
[45.205s][info][gc             ] GC(84) Pause Young (Allocation Failure) 253M->88M(331M) 1.697ms
[45.205s][info][gc,cpu         ] GC(84) User=0.00s Sys=0.00s Real=0.00s
[45.519s][info][gc,start       ] GC(85) Pause Young (Allocation Failure)
[45.544s][info][gc,heap        ] GC(85) PSYoungGen: 163360K(163840K)->5120K(201216K) Eden: 163328K(163328K)->0K(196096K) From: 32K(512K)->5120K(5120K)
[45.544s][info][gc,heap        ] GC(85) ParOldGen: 90346K(175104K)->98106K(175104K)
[45.544s][info][gc,metaspace   ] GC(85) Metaspace: 34372K(35072K)->34372K(35072K) NonClass: 25187K(25664K)->25187K(25664K) Class: 9185K(9408K)->9185K(9408K)
[45.544s][info][gc             ] GC(85) Pause Young (Allocation Failure) 247M->100M(367M) 24.252ms
[45.544s][info][gc,cpu         ] GC(85) User=0.04s Sys=0.01s Real=0.02s
[45.856s][info][gc,start       ] GC(86) Pause Young (Allocation Failure)
[45.901s][info][gc,heap        ] GC(86) PSYoungGen: 201216K(201216K)->5120K(226816K) Eden: 196096K(196096K)->0K(221696K) From: 5120K(5120K)->5120K(5120K)
[45.901s][info][gc,heap        ] GC(86) ParOldGen: 98106K(175104K)->115546K(175104K)
[45.901s][info][gc,metaspace   ] GC(86) Metaspace: 34372K(35072K)->34372K(35072K) NonClass: 25187K(25664K)->25187K(25664K) Class: 9185K(9408K)->9185K(9408K)
[45.901s][info][gc             ] GC(86) Pause Young (Allocation Failure) 292M->117M(392M) 44.683ms
[45.901s][info][gc,cpu         ] GC(86) User=0.07s Sys=0.01s Real=0.05s
[46.250s][info][gc,start       ] GC(87) Pause Young (Allocation Failure)
[46.295s][info][gc,heap        ] GC(87) PSYoungGen: 226816K(226816K)->16384K(238080K) Eden: 221696K(221696K)->0K(221696K) From: 5120K(5120K)->16384K(16384K)
[46.295s][info][gc,heap        ] GC(87) ParOldGen: 115546K(175104K)->124874K(175104K)
[46.295s][info][gc,metaspace   ] GC(87) Metaspace: 34372K(35072K)->34372K(35072K) NonClass: 25187K(25664K)->25187K(25664K) Class: 9185K(9408K)->9185K(9408K)
[46.295s][info][gc             ] GC(87) Pause Young (Allocation Failure) 334M->137M(403M) 45.636ms
[46.295s][info][gc,cpu         ] GC(87) User=0.09s Sys=0.01s Real=0.04s
[46.392s][info][gc,start       ] GC(88) Pause Young (Allocation Failure)
[46.399s][info][gc,heap        ] GC(88) PSYoungGen: 238080K(238080K)->2208K(287232K) Eden: 221696K(221696K)->0K(266240K) From: 16384K(16384K)->2208K(20992K)
[46.399s][info][gc,heap        ] GC(88) ParOldGen: 124874K(175104K)->125114K(175104K)
[46.399s][info][gc,metaspace   ] GC(88) Metaspace: 34384K(35072K)->34384K(35072K) NonClass: 25199K(25664K)->25199K(25664K) Class: 9185K(9408K)->9185K(9408K)
[46.400s][info][gc             ] GC(88) Pause Young (Allocation Failure) 354M->124M(451M) 7.434ms
[46.400s][info][gc,cpu         ] GC(88) User=0.02s Sys=0.00s Real=0.01s
[46.965s][info][gc,start       ] GC(89) Pause Young (Allocation Failure)
[46.966s][info][gc,heap        ] GC(89) PSYoungGen: 268448K(287232K)->64K(288256K) Eden: 266240K(266240K)->0K(266240K) From: 2208K(20992K)->64K(22016K)
[46.966s][info][gc,heap        ] GC(89) ParOldGen: 125114K(175104K)->125122K(175104K)
[46.966s][info][gc,metaspace   ] GC(89) Metaspace: 34384K(35072K)->34384K(35072K) NonClass: 25199K(25664K)->25199K(25664K) Class: 9185K(9408K)->9185K(9408K)
[46.966s][info][gc             ] GC(89) Pause Young (Allocation Failure) 384M->122M(452M) 0.919ms
[46.966s][info][gc,cpu         ] GC(89) User=0.00s Sys=0.00s Real=0.00s
[47.663s][info][gc,start       ] GC(90) Pause Young (Allocation Failure)
[47.664s][info][gc,heap        ] GC(90) PSYoungGen: 266304K(288256K)->64K(309248K) Eden: 266240K(266240K)->0K(290304K) From: 64K(22016K)->64K(18944K)
[47.664s][info][gc,heap        ] GC(90) ParOldGen: 125122K(175104K)->125130K(175104K)
[47.664s][info][gc,metaspace   ] GC(90) Metaspace: 34384K(35072K)->34384K(35072K) NonClass: 25199K(25664K)->25199K(25664K) Class: 9185K(9408K)->9185K(9408K)
[47.664s][info][gc             ] GC(90) Pause Young (Allocation Failure) 382M->122M(473M) 0.990ms
[47.664s][info][gc,cpu         ] GC(90) User=0.00s Sys=0.00s Real=0.00s
[48.423s][info][gc,start       ] GC(91) Pause Young (Allocation Failure)
[48.424s][info][gc,heap        ] GC(91) PSYoungGen: 290368K(309248K)->64K(310784K) Eden: 290304K(290304K)->0K(290304K) From: 64K(18944K)->64K(20480K)
[48.424s][info][gc,heap        ] GC(91) ParOldGen: 125130K(175104K)->125146K(175104K)
[48.424s][info][gc,metaspace   ] GC(91) Metaspace: 34417K(35136K)->34417K(35136K) NonClass: 25232K(25728K)->25232K(25728K) Class: 9185K(9408K)->9185K(9408K)
[48.424s][info][gc             ] GC(91) Pause Young (Allocation Failure) 405M->122M(474M) 1.146ms
[48.424s][info][gc,cpu         ] GC(91) User=0.00s Sys=0.00s Real=0.00s
[48.703s][info][gc,start       ] GC(92) Pause Young (Allocation Failure)
[48.704s][info][gc,heap        ] GC(92) PSYoungGen: 290368K(310784K)->64K(310784K) Eden: 290304K(290304K)->0K(293376K) From: 64K(20480K)->64K(17408K)
[48.704s][info][gc,heap        ] GC(92) ParOldGen: 125146K(175104K)->125162K(175104K)
[48.704s][info][gc,metaspace   ] GC(92) Metaspace: 34417K(35136K)->34417K(35136K) NonClass: 25232K(25728K)->25232K(25728K) Class: 9185K(9408K)->9185K(9408K)
[48.704s][info][gc             ] GC(92) Pause Young (Allocation Failure) 405M->122M(474M) 1.106ms
[48.704s][info][gc,cpu         ] GC(92) User=0.00s Sys=0.00s Real=0.00s
[48.987s][info][gc,start       ] GC(93) Pause Young (Allocation Failure)
[48.987s][info][gc,heap        ] GC(93) PSYoungGen: 293440K(310784K)->32K(312320K) Eden: 293376K(293376K)->0K(293376K) From: 64K(17408K)->32K(18944K)
[48.987s][info][gc,heap        ] GC(93) ParOldGen: 125162K(175104K)->125162K(175104K)
[48.987s][info][gc,metaspace   ] GC(93) Metaspace: 34417K(35136K)->34417K(35136K) NonClass: 25232K(25728K)->25232K(25728K) Class: 9185K(9408K)->9185K(9408K)
[48.987s][info][gc             ] GC(93) Pause Young (Allocation Failure) 408M->122M(476M) 0.682ms
[48.987s][info][gc,cpu         ] GC(93) User=0.00s Sys=0.00s Real=0.00s
[49.297s][info][gc,start       ] GC(94) Pause Young (Allocation Failure)
[49.298s][info][gc,heap        ] GC(94) PSYoungGen: 293408K(312320K)->64K(313344K) Eden: 293376K(293376K)->0K(296960K) From: 32K(18944K)->64K(16384K)
[49.298s][info][gc,heap        ] GC(94) ParOldGen: 125162K(175104K)->125162K(175104K)
[49.298s][info][gc,metaspace   ] GC(94) Metaspace: 34433K(35136K)->34433K(35136K) NonClass: 25248K(25728K)->25248K(25728K) Class: 9185K(9408K)->9185K(9408K)
[49.298s][info][gc             ] GC(94) Pause Young (Allocation Failure) 408M->122M(477M) 0.839ms
[49.298s][info][gc,cpu         ] GC(94) User=0.00s Sys=0.00s Real=0.00s
[49.357s][info][gc,start       ] GC(95) Pause Young (Allocation Failure)
[49.358s][info][gc,heap        ] GC(95) PSYoungGen: 297024K(313344K)->64K(314368K) Eden: 296960K(296960K)->0K(296960K) From: 64K(16384K)->64K(17408K)
[49.358s][info][gc,heap        ] GC(95) ParOldGen: 125162K(175104K)->125178K(175104K)
[49.358s][info][gc,metaspace   ] GC(95) Metaspace: 34433K(35136K)->34433K(35136K) NonClass: 25248K(25728K)->25248K(25728K) Class: 9185K(9408K)->9185K(9408K)
[49.358s][info][gc             ] GC(95) Pause Young (Allocation Failure) 412M->122M(478M) 0.761ms
[49.358s][info][gc,cpu         ] GC(95) User=0.00s Sys=0.00s Real=0.00s
[49.481s][info][gc,start       ] GC(96) Pause Young (Allocation Failure)
[49.482s][info][gc,heap        ] GC(96) PSYoungGen: 297024K(314368K)->64K(314368K) Eden: 296960K(296960K)->0K(300032K) From: 64K(17408K)->64K(14336K)
[49.482s][info][gc,heap        ] GC(96) ParOldGen: 125178K(175104K)->125178K(175104K)
[49.482s][info][gc,metaspace   ] GC(96) Metaspace: 34433K(35136K)->34433K(35136K) NonClass: 25248K(25728K)->25248K(25728K) Class: 9185K(9408K)->9185K(9408K)
[49.482s][info][gc             ] GC(96) Pause Young (Allocation Failure) 412M->122M(478M) 0.794ms
[49.482s][info][gc,cpu         ] GC(96) User=0.00s Sys=0.00s Real=0.00s
[49.802s][info][gc,start       ] GC(97) Pause Young (Allocation Failure)
[49.803s][info][gc,heap        ] GC(97) PSYoungGen: 300096K(314368K)->32K(288256K) Eden: 300032K(300032K)->0K(287744K) From: 64K(14336K)->32K(512K)
[49.803s][info][gc,heap        ] GC(97) ParOldGen: 125178K(175104K)->125194K(175104K)
[49.803s][info][gc,metaspace   ] GC(97) Metaspace: 34433K(35136K)->34433K(35136K) NonClass: 25248K(25728K)->25248K(25728K) Class: 9185K(9408K)->9185K(9408K)
[49.803s][info][gc             ] GC(97) Pause Young (Allocation Failure) 415M->122M(452M) 0.823ms
[49.803s][info][gc,cpu         ] GC(97) User=0.00s Sys=0.01s Real=0.00s
[50.010s][info][gc,start       ] GC(98) Pause Young (Allocation Failure)
[50.011s][info][gc,heap        ] GC(98) PSYoungGen: 287776K(288256K)->64K(278016K) Eden: 287744K(287744K)->0K(276480K) From: 32K(512K)->64K(1536K)
[50.011s][info][gc,heap        ] GC(98) ParOldGen: 125194K(175104K)->125194K(175104K)
[50.011s][info][gc,metaspace   ] GC(98) Metaspace: 34433K(35136K)->34433K(35136K) NonClass: 25248K(25728K)->25248K(25728K) Class: 9185K(9408K)->9185K(9408K)
[50.011s][info][gc             ] GC(98) Pause Young (Allocation Failure) 403M->122M(442M) 1.017ms
[50.011s][info][gc,cpu         ] GC(98) User=0.00s Sys=0.00s Real=0.00s
[50.091s][info][gc,start       ] GC(99) Pause Young (Allocation Failure)
[50.092s][info][gc,heap        ] GC(99) PSYoungGen: 276544K(278016K)->64K(279552K) Eden: 276480K(276480K)->0K(265728K) From: 64K(1536K)->64K(13824K)
[50.092s][info][gc,heap        ] GC(99) ParOldGen: 125194K(175104K)->125210K(175104K)
[50.092s][info][gc,metaspace   ] GC(99) Metaspace: 34433K(35136K)->34433K(35136K) NonClass: 25248K(25728K)->25248K(25728K) Class: 9185K(9408K)->9185K(9408K)
[50.092s][info][gc             ] GC(99) Pause Young (Allocation Failure) 392M->122M(444M) 0.970ms
[50.092s][info][gc,cpu         ] GC(99) User=0.00s Sys=0.00s Real=0.00s
[50.317s][info][gc,start       ] GC(100) Pause Young (Allocation Failure)
[50.319s][info][gc,heap        ] GC(100) PSYoungGen: 265792K(279552K)->64K(256000K) Eden: 265728K(265728K)->0K(255488K) From: 64K(13824K)->64K(512K)
[50.319s][info][gc,heap        ] GC(100) ParOldGen: 125210K(175104K)->125210K(175104K)
[50.319s][info][gc,metaspace   ] GC(100) Metaspace: 34453K(35136K)->34453K(35136K) NonClass: 25268K(25728K)->25268K(25728K) Class: 9185K(9408K)->9185K(9408K)
[50.319s][info][gc             ] GC(100) Pause Young (Allocation Failure) 381M->122M(421M) 2.095ms
[50.319s][info][gc,cpu         ] GC(100) User=0.01s Sys=0.00s Real=0.01s
[50.828s][info][gc,start       ] GC(101) Pause Young (Allocation Failure)
[50.829s][info][gc,heap        ] GC(101) PSYoungGen: 255552K(256000K)->64K(258048K) Eden: 255488K(255488K)->0K(245760K) From: 64K(512K)->64K(12288K)
[50.829s][info][gc,heap        ] GC(101) ParOldGen: 125210K(175104K)->125218K(175104K)
[50.829s][info][gc,metaspace   ] GC(101) Metaspace: 34474K(35136K)->34474K(35136K) NonClass: 25289K(25728K)->25289K(25728K) Class: 9185K(9408K)->9185K(9408K)
[50.829s][info][gc             ] GC(101) Pause Young (Allocation Failure) 371M->122M(423M) 0.995ms
[50.829s][info][gc,cpu         ] GC(101) User=0.00s Sys=0.00s Real=0.01s
[51.430s][info][gc,start       ] GC(102) Pause Young (Allocation Failure)
[51.432s][info][gc,heap        ] GC(102) PSYoungGen: 245824K(258048K)->64K(237056K) Eden: 245760K(245760K)->0K(236544K) From: 64K(12288K)->64K(512K)
[51.432s][info][gc,heap        ] GC(102) ParOldGen: 125218K(175104K)->125226K(175104K)
[51.432s][info][gc,metaspace   ] GC(102) Metaspace: 34474K(35136K)->34474K(35136K) NonClass: 25289K(25728K)->25289K(25728K) Class: 9185K(9408K)->9185K(9408K)
[51.432s][info][gc             ] GC(102) Pause Young (Allocation Failure) 362M->122M(402M) 1.785ms
[51.432s][info][gc,cpu         ] GC(102) User=0.00s Sys=0.01s Real=0.00s
[52.556s][info][gc,start       ] GC(103) Pause Young (Allocation Failure)
[52.557s][info][gc,heap        ] GC(103) PSYoungGen: 236608K(237056K)->64K(238080K) Eden: 236544K(236544K)->0K(227328K) From: 64K(512K)->64K(10752K)
[52.557s][info][gc,heap        ] GC(103) ParOldGen: 125226K(175104K)->125234K(175104K)
[52.557s][info][gc,metaspace   ] GC(103) Metaspace: 34532K(35200K)->34532K(35200K) NonClass: 25347K(25792K)->25347K(25792K) Class: 9185K(9408K)->9185K(9408K)
[52.557s][info][gc             ] GC(103) Pause Young (Allocation Failure) 353M->122M(403M) 0.976ms
[52.557s][info][gc,cpu         ] GC(103) User=0.00s Sys=0.00s Real=0.00s
[52.907s][info][gc,start       ] GC(104) Pause Young (Allocation Failure)
[52.908s][info][gc,heap        ] GC(104) PSYoungGen: 227392K(238080K)->64K(219136K) Eden: 227328K(227328K)->0K(218624K) From: 64K(10752K)->64K(512K)
[52.908s][info][gc,heap        ] GC(104) ParOldGen: 125234K(175104K)->125242K(175104K)
[52.908s][info][gc,metaspace   ] GC(104) Metaspace: 34532K(35200K)->34532K(35200K) NonClass: 25347K(25792K)->25347K(25792K) Class: 9185K(9408K)->9185K(9408K)
[52.908s][info][gc             ] GC(104) Pause Young (Allocation Failure) 344M->122M(385M) 1.773ms
[52.908s][info][gc,cpu         ] GC(104) User=0.00s Sys=0.00s Real=0.00s
[53.524s][info][gc,start       ] GC(105) Pause Young (Allocation Failure)
[53.525s][info][gc,heap        ] GC(105) PSYoungGen: 218688K(219136K)->64K(219648K) Eden: 218624K(218624K)->0K(210432K) From: 64K(512K)->64K(9216K)
[53.525s][info][gc,heap        ] GC(105) ParOldGen: 125242K(175104K)->125250K(175104K)
[53.525s][info][gc,metaspace   ] GC(105) Metaspace: 34587K(35264K)->34587K(35264K) NonClass: 25402K(25856K)->25402K(25856K) Class: 9185K(9408K)->9185K(9408K)
[53.525s][info][gc             ] GC(105) Pause Young (Allocation Failure) 335M->122M(385M) 0.916ms
[53.525s][info][gc,cpu         ] GC(105) User=0.00s Sys=0.00s Real=0.00s
[54.673s][info][gc,start       ] GC(106) Pause Young (Allocation Failure)
[54.675s][info][gc,heap        ] GC(106) PSYoungGen: 210496K(219648K)->64K(203264K) Eden: 210432K(210432K)->0K(202752K) From: 64K(9216K)->64K(512K)
[54.675s][info][gc,heap        ] GC(106) ParOldGen: 125250K(175104K)->125258K(175104K)
[54.675s][info][gc,metaspace   ] GC(106) Metaspace: 34622K(35328K)->34622K(35328K) NonClass: 25437K(25920K)->25437K(25920K) Class: 9185K(9408K)->9185K(9408K)
[54.675s][info][gc             ] GC(106) Pause Young (Allocation Failure) 327M->122M(369M) 1.527ms
[54.675s][info][gc,cpu         ] GC(106) User=0.00s Sys=0.01s Real=0.00s
[55.348s][info][gc,start       ] GC(107) Pause Young (Allocation Failure)
[55.349s][info][gc,heap        ] GC(107) PSYoungGen: 202816K(203264K)->64K(203776K) Eden: 202752K(202752K)->0K(195584K) From: 64K(512K)->64K(8192K)
[55.349s][info][gc,heap        ] GC(107) ParOldGen: 125258K(175104K)->125266K(175104K)
[55.349s][info][gc,metaspace   ] GC(107) Metaspace: 34711K(35392K)->34711K(35392K) NonClass: 25526K(25984K)->25526K(25984K) Class: 9185K(9408K)->9185K(9408K)
[55.350s][info][gc             ] GC(107) Pause Young (Allocation Failure) 320M->122M(370M) 1.216ms
[55.350s][info][gc,cpu         ] GC(107) User=0.00s Sys=0.00s Real=0.01s
[55.550s][info][gc,start       ] GC(108) Pause Young (Allocation Failure)
[55.552s][info][gc,heap        ] GC(108) PSYoungGen: 195648K(203776K)->64K(188928K) Eden: 195584K(195584K)->0K(188416K) From: 64K(8192K)->64K(512K)
[55.552s][info][gc,heap        ] GC(108) ParOldGen: 125266K(175104K)->125282K(175104K)
[55.552s][info][gc,metaspace   ] GC(108) Metaspace: 34731K(35456K)->34731K(35456K) NonClass: 25546K(26048K)->25546K(26048K) Class: 9185K(9408K)->9185K(9408K)
[55.552s][info][gc             ] GC(108) Pause Young (Allocation Failure) 313M->122M(355M) 1.900ms
[55.552s][info][gc,cpu         ] GC(108) User=0.00s Sys=0.00s Real=0.00s
[55.623s][info][gc,start       ] GC(109) Pause Young (Allocation Failure)
[55.624s][info][gc,heap        ] GC(109) PSYoungGen: 188480K(188928K)->64K(188928K) Eden: 188416K(188416K)->0K(181760K) From: 64K(512K)->64K(7168K)
[55.624s][info][gc,heap        ] GC(109) ParOldGen: 125282K(175104K)->125298K(175104K)
[55.624s][info][gc,metaspace   ] GC(109) Metaspace: 34731K(35456K)->34731K(35456K) NonClass: 25546K(26048K)->25546K(26048K) Class: 9185K(9408K)->9185K(9408K)
[55.624s][info][gc             ] GC(109) Pause Young (Allocation Failure) 306M->122M(355M) 1.347ms
[55.624s][info][gc,cpu         ] GC(109) User=0.00s Sys=0.00s Real=0.00s
[55.986s][info][gc,start       ] GC(110) Pause Young (Allocation Failure)
[55.987s][info][gc,heap        ] GC(110) PSYoungGen: 181824K(188928K)->64K(175616K) Eden: 181760K(181760K)->0K(175104K) From: 64K(7168K)->64K(512K)
[55.987s][info][gc,heap        ] GC(110) ParOldGen: 125298K(175104K)->125306K(175104K)
[55.987s][info][gc,metaspace   ] GC(110) Metaspace: 34731K(35456K)->34731K(35456K) NonClass: 25546K(26048K)->25546K(26048K) Class: 9185K(9408K)->9185K(9408K)
[55.987s][info][gc             ] GC(110) Pause Young (Allocation Failure) 299M->122M(342M) 1.772ms
[55.987s][info][gc,cpu         ] GC(110) User=0.00s Sys=0.00s Real=0.00s
[56.368s][info][gc,start       ] GC(111) Pause Young (Allocation Failure)
[56.370s][info][gc,heap        ] GC(111) PSYoungGen: 175168K(175616K)->64K(175104K) Eden: 175104K(175104K)->0K(168960K) From: 64K(512K)->64K(6144K)
[56.370s][info][gc,heap        ] GC(111) ParOldGen: 125306K(175104K)->125322K(175104K)
[56.370s][info][gc,metaspace   ] GC(111) Metaspace: 34734K(35456K)->34734K(35456K) NonClass: 25548K(26048K)->25548K(26048K) Class: 9185K(9408K)->9185K(9408K)
[56.370s][info][gc             ] GC(111) Pause Young (Allocation Failure) 293M->122M(342M) 1.752ms
[56.370s][info][gc,cpu         ] GC(111) User=0.00s Sys=0.00s Real=0.01s
[56.566s][info][gc,start       ] GC(112) Pause Young (Allocation Failure)
[56.567s][info][gc,heap        ] GC(112) PSYoungGen: 169023K(175104K)->32K(163840K) Eden: 168959K(168960K)->0K(163328K) From: 64K(6144K)->32K(512K)
[56.567s][info][gc,heap        ] GC(112) ParOldGen: 125322K(175104K)->125330K(175104K)
[56.567s][info][gc,metaspace   ] GC(112) Metaspace: 34734K(35456K)->34734K(35456K) NonClass: 25549K(26048K)->25549K(26048K) Class: 9185K(9408K)->9185K(9408K)
[56.568s][info][gc             ] GC(112) Pause Young (Allocation Failure) 287M->122M(331M) 1.669ms
[56.568s][info][gc,cpu         ] GC(112) User=0.00s Sys=0.00s Real=0.00s
[56.868s][info][gc,start       ] GC(113) Pause Young (Allocation Failure)
[56.884s][info][gc,heap        ] GC(113) PSYoungGen: 163360K(163840K)->5120K(201216K) Eden: 163328K(163328K)->0K(196096K) From: 32K(512K)->5120K(5120K)
[56.884s][info][gc,heap        ] GC(113) ParOldGen: 125330K(175104K)->128706K(175104K)
[56.884s][info][gc,metaspace   ] GC(113) Metaspace: 34751K(35456K)->34751K(35456K) NonClass: 25566K(26048K)->25566K(26048K) Class: 9185K(9408K)->9185K(9408K)
[56.884s][info][gc             ] GC(113) Pause Young (Allocation Failure) 281M->130M(367M) 16.390ms
[56.884s][info][gc,cpu         ] GC(113) User=0.03s Sys=0.00s Real=0.02s
[57.167s][info][gc,start       ] GC(114) Pause Young (Allocation Failure)
[57.210s][info][gc,heap        ] GC(114) PSYoungGen: 201216K(201216K)->5120K(229376K) Eden: 196096K(196096K)->0K(224256K) From: 5120K(5120K)->5120K(5120K)
[57.210s][info][gc,heap        ] GC(114) ParOldGen: 128706K(175104K)->146026K(175104K)
[57.210s][info][gc,metaspace   ] GC(114) Metaspace: 34751K(35456K)->34751K(35456K) NonClass: 25566K(26048K)->25566K(26048K) Class: 9185K(9408K)->9185K(9408K)
[57.210s][info][gc             ] GC(114) Pause Young (Allocation Failure) 322M->147M(395M) 43.442ms
[57.210s][info][gc,cpu         ] GC(114) User=0.08s Sys=0.01s Real=0.05s
[57.534s][info][gc,start       ] GC(115) Pause Young (Allocation Failure)
[57.581s][info][gc,heap        ] GC(115) PSYoungGen: 229376K(229376K)->14848K(239104K) Eden: 224256K(224256K)->0K(224256K) From: 5120K(5120K)->14848K(14848K)
[57.581s][info][gc,heap        ] GC(115) ParOldGen: 146026K(175104K)->157186K(175104K)
[57.581s][info][gc,metaspace   ] GC(115) Metaspace: 34751K(35456K)->34751K(35456K) NonClass: 25566K(26048K)->25566K(26048K) Class: 9185K(9408K)->9185K(9408K)
[57.581s][info][gc             ] GC(115) Pause Young (Allocation Failure) 366M->168M(404M) 47.297ms
[57.581s][info][gc,cpu         ] GC(115) User=0.09s Sys=0.01s Real=0.05s
[57.705s][info][gc,start       ] GC(116) Pause Young (Allocation Failure)
[57.721s][info][gc,heap        ] GC(116) PSYoungGen: 239104K(239104K)->6304K(289280K) Eden: 224256K(224256K)->0K(269312K) From: 14848K(14848K)->6304K(19968K)
[57.721s][info][gc,heap        ] GC(116) ParOldGen: 157186K(175104K)->157482K(175104K)
[57.721s][info][gc,metaspace   ] GC(116) Metaspace: 34751K(35456K)->34751K(35456K) NonClass: 25566K(26048K)->25566K(26048K) Class: 9185K(9408K)->9185K(9408K)
[57.721s][info][gc             ] GC(116) Pause Young (Allocation Failure) 387M->159M(453M) 15.637ms
[57.721s][info][gc,cpu         ] GC(116) User=0.02s Sys=0.01s Real=0.02s
[58.127s][info][gc,start       ] GC(117) Pause Young (Allocation Failure)
[58.128s][info][gc,heap        ] GC(117) PSYoungGen: 275616K(289280K)->64K(290304K) Eden: 269312K(269312K)->0K(269312K) From: 6304K(19968K)->64K(20992K)
[58.128s][info][gc,heap        ] GC(117) ParOldGen: 157482K(175104K)->157490K(175104K)
[58.128s][info][gc,metaspace   ] GC(117) Metaspace: 34751K(35456K)->34751K(35456K) NonClass: 25566K(26048K)->25566K(26048K) Class: 9185K(9408K)->9185K(9408K)
[58.128s][info][gc             ] GC(117) Pause Young (Allocation Failure) 422M->153M(454M) 1.043ms
[58.128s][info][gc,cpu         ] GC(117) User=0.01s Sys=0.00s Real=0.00s
[58.829s][info][gc,start       ] GC(118) Pause Young (Allocation Failure)
[58.830s][info][gc,heap        ] GC(118) PSYoungGen: 269376K(290304K)->64K(310272K) Eden: 269312K(269312K)->0K(292352K) From: 64K(20992K)->64K(17920K)
[58.830s][info][gc,heap        ] GC(118) ParOldGen: 157490K(175104K)->157498K(175104K)
[58.830s][info][gc,metaspace   ] GC(118) Metaspace: 34783K(35456K)->34783K(35456K) NonClass: 25598K(26048K)->25598K(26048K) Class: 9185K(9408K)->9185K(9408K)
[58.830s][info][gc             ] GC(118) Pause Young (Allocation Failure) 416M->153M(474M) 1.047ms
[58.830s][info][gc,cpu         ] GC(118) User=0.00s Sys=0.00s Real=0.00s
[59.518s][info][gc,start       ] GC(119) Pause Young (Allocation Failure)
[59.520s][info][gc,heap        ] GC(119) PSYoungGen: 292416K(310272K)->64K(311808K) Eden: 292352K(292352K)->0K(292352K) From: 64K(17920K)->64K(19456K)
[59.520s][info][gc,heap        ] GC(119) ParOldGen: 157498K(175104K)->157514K(175104K)
[59.520s][info][gc,metaspace   ] GC(119) Metaspace: 34783K(35456K)->34783K(35456K) NonClass: 25598K(26048K)->25598K(26048K) Class: 9185K(9408K)->9185K(9408K)
[59.520s][info][gc             ] GC(119) Pause Young (Allocation Failure) 439M->153M(475M) 1.279ms
[59.520s][info][gc,cpu         ] GC(119) User=0.00s Sys=0.00s Real=0.01s
[59.799s][info][gc,start       ] GC(120) Pause Young (Allocation Failure)
[59.800s][info][gc,heap        ] GC(120) PSYoungGen: 292416K(311808K)->64K(312832K) Eden: 292352K(292352K)->0K(295424K) From: 64K(19456K)->64K(17408K)
[59.800s][info][gc,heap        ] GC(120) ParOldGen: 157514K(175104K)->157530K(175104K)
[59.800s][info][gc,metaspace   ] GC(120) Metaspace: 34815K(35520K)->34815K(35520K) NonClass: 25630K(26112K)->25630K(26112K) Class: 9185K(9408K)->9185K(9408K)
[59.800s][info][gc             ] GC(120) Pause Young (Allocation Failure) 439M->153M(476M) 0.984ms
[59.800s][info][gc,cpu         ] GC(120) User=0.00s Sys=0.00s Real=0.00s
[60.035s][info][gc,start       ] GC(121) Pause Young (Allocation Failure)
[60.036s][info][gc,heap        ] GC(121) PSYoungGen: 295488K(312832K)->64K(313856K) Eden: 295424K(295424K)->0K(295424K) From: 64K(17408K)->64K(18432K)
[60.036s][info][gc,heap        ] GC(121) ParOldGen: 157530K(175104K)->157530K(175104K)
[60.036s][info][gc,metaspace   ] GC(121) Metaspace: 34815K(35520K)->34815K(35520K) NonClass: 25630K(26112K)->25630K(26112K) Class: 9185K(9408K)->9185K(9408K)
[60.036s][info][gc             ] GC(121) Pause Young (Allocation Failure) 442M->153M(477M) 0.931ms
[60.036s][info][gc,cpu         ] GC(121) User=0.00s Sys=0.00s Real=0.00s
[60.334s][info][gc,start       ] GC(122) Pause Young (Allocation Failure)
[60.335s][info][gc,heap        ] GC(122) PSYoungGen: 295488K(313856K)->64K(313344K) Eden: 295424K(295424K)->0K(297984K) From: 64K(18432K)->64K(15360K)
[60.335s][info][gc,heap        ] GC(122) ParOldGen: 157530K(175104K)->157530K(175104K)
[60.335s][info][gc,metaspace   ] GC(122) Metaspace: 34815K(35520K)->34815K(35520K) NonClass: 25630K(26112K)->25630K(26112K) Class: 9185K(9408K)->9185K(9408K)
[60.335s][info][gc             ] GC(122) Pause Young (Allocation Failure) 442M->153M(477M) 1.036ms
[60.335s][info][gc,cpu         ] GC(122) User=0.01s Sys=0.00s Real=0.00s
[60.390s][info][gc,start       ] GC(123) Pause Young (Allocation Failure)
[60.390s][info][gc,heap        ] GC(123) PSYoungGen: 298048K(313344K)->64K(314368K) Eden: 297984K(297984K)->0K(297984K) From: 64K(15360K)->64K(16384K)
[60.390s][info][gc,heap        ] GC(123) ParOldGen: 157530K(175104K)->157546K(175104K)
[60.390s][info][gc,metaspace   ] GC(123) Metaspace: 34815K(35520K)->34815K(35520K) NonClass: 25630K(26112K)->25630K(26112K) Class: 9185K(9408K)->9185K(9408K)
[60.390s][info][gc             ] GC(123) Pause Young (Allocation Failure) 444M->153M(478M) 0.810ms
[60.390s][info][gc,cpu         ] GC(123) User=0.00s Sys=0.00s Real=0.00s
[60.500s][info][gc,start       ] GC(124) Pause Young (Allocation Failure)
[60.501s][info][gc,heap        ] GC(124) PSYoungGen: 298048K(314368K)->64K(314880K) Eden: 297984K(297984K)->0K(301568K) From: 64K(16384K)->64K(13312K)
[60.501s][info][gc,heap        ] GC(124) ParOldGen: 157546K(175104K)->157546K(175104K)
[60.501s][info][gc,metaspace   ] GC(124) Metaspace: 34815K(35520K)->34815K(35520K) NonClass: 25630K(26112K)->25630K(26112K) Class: 9185K(9408K)->9185K(9408K)
[60.501s][info][gc             ] GC(124) Pause Young (Allocation Failure) 444M->153M(478M) 1.108ms
[60.501s][info][gc,cpu         ] GC(124) User=0.00s Sys=0.00s Real=0.00s
[60.825s][info][gc,start       ] GC(125) Pause Young (Allocation Failure)
[60.826s][info][gc,heap        ] GC(125) PSYoungGen: 301632K(314880K)->64K(316416K) Eden: 301568K(301568K)->0K(301568K) From: 64K(13312K)->64K(14848K)
[60.826s][info][gc,heap        ] GC(125) ParOldGen: 157546K(175104K)->157562K(175104K)
[60.826s][info][gc,metaspace   ] GC(125) Metaspace: 34815K(35520K)->34815K(35520K) NonClass: 25630K(26112K)->25630K(26112K) Class: 9185K(9408K)->9185K(9408K)
[60.826s][info][gc             ] GC(125) Pause Young (Allocation Failure) 448M->153M(480M) 0.901ms
[60.826s][info][gc,cpu         ] GC(125) User=0.00s Sys=0.00s Real=0.00s
[61.026s][info][gc,start       ] GC(126) Pause Young (Allocation Failure)
[61.026s][info][gc,heap        ] GC(126) PSYoungGen: 301632K(316416K)->64K(289792K) Eden: 301568K(301568K)->0K(289280K) From: 64K(14848K)->64K(512K)
[61.026s][info][gc,heap        ] GC(126) ParOldGen: 157562K(175104K)->157562K(175104K)
[61.026s][info][gc,metaspace   ] GC(126) Metaspace: 34815K(35520K)->34815K(35520K) NonClass: 25630K(26112K)->25630K(26112K) Class: 9185K(9408K)->9185K(9408K)
[61.026s][info][gc             ] GC(126) Pause Young (Allocation Failure) 448M->153M(454M) 0.768ms
[61.027s][info][gc,cpu         ] GC(126) User=0.00s Sys=0.00s Real=0.00s
[61.107s][info][gc,start       ] GC(127) Pause Young (Allocation Failure)
[61.108s][info][gc,heap        ] GC(127) PSYoungGen: 289344K(289792K)->64K(290816K) Eden: 289280K(289280K)->0K(277504K) From: 64K(512K)->64K(13312K)
[61.108s][info][gc,heap        ] GC(127) ParOldGen: 157562K(175104K)->157578K(175104K)
[61.108s][info][gc,metaspace   ] GC(127) Metaspace: 34815K(35520K)->34815K(35520K) NonClass: 25630K(26112K)->25630K(26112K) Class: 9185K(9408K)->9185K(9408K)
[61.108s][info][gc             ] GC(127) Pause Young (Allocation Failure) 436M->153M(455M) 0.687ms
[61.108s][info][gc,cpu         ] GC(127) User=0.00s Sys=0.00s Real=0.00s
[61.282s][info][gc,start       ] GC(128) Pause Young (Allocation Failure)
[61.283s][info][gc,heap        ] GC(128) PSYoungGen: 277568K(290816K)->64K(267264K) Eden: 277504K(277504K)->0K(266752K) From: 64K(13312K)->64K(512K)
[61.283s][info][gc,heap        ] GC(128) ParOldGen: 157578K(175104K)->157578K(175104K)
[61.283s][info][gc,metaspace   ] GC(128) Metaspace: 34815K(35520K)->34815K(35520K) NonClass: 25630K(26112K)->25630K(26112K) Class: 9185K(9408K)->9185K(9408K)
[61.283s][info][gc             ] GC(128) Pause Young (Allocation Failure) 424M->153M(432M) 0.749ms
[61.283s][info][gc,cpu         ] GC(128) User=0.00s Sys=0.00s Real=0.00s
[61.703s][info][gc,start       ] GC(129) Pause Young (Allocation Failure)
[61.705s][info][gc,heap        ] GC(129) PSYoungGen: 266816K(267264K)->64K(268288K) Eden: 266752K(266752K)->0K(256512K) From: 64K(512K)->64K(11776K)
[61.705s][info][gc,heap        ] GC(129) ParOldGen: 157578K(175104K)->157594K(175104K)
[61.705s][info][gc,metaspace   ] GC(129) Metaspace: 34815K(35520K)->34815K(35520K) NonClass: 25630K(26112K)->25630K(26112K) Class: 9185K(9408K)->9185K(9408K)
[61.705s][info][gc             ] GC(129) Pause Young (Allocation Failure) 414M->153M(433M) 1.647ms
[61.705s][info][gc,cpu         ] GC(129) User=0.01s Sys=0.00s Real=0.00s
[62.276s][info][gc,start       ] GC(130) Pause Young (Allocation Failure)
[62.278s][info][gc,heap        ] GC(130) PSYoungGen: 256576K(268288K)->68K(247296K) Eden: 256512K(256512K)->0K(246784K) From: 64K(11776K)->68K(512K)
[62.278s][info][gc,heap        ] GC(130) ParOldGen: 157594K(175104K)->157602K(175104K)
[62.278s][info][gc,metaspace   ] GC(130) Metaspace: 34883K(35584K)->34883K(35584K) NonClass: 25698K(26176K)->25698K(26176K) Class: 9185K(9408K)->9185K(9408K)
[62.278s][info][gc             ] GC(130) Pause Young (Allocation Failure) 404M->153M(412M) 1.784ms
[62.278s][info][gc,cpu         ] GC(130) User=0.00s Sys=0.00s Real=0.00s
[63.292s][info][gc,start       ] GC(131) Pause Young (Allocation Failure)
[63.294s][info][gc,heap        ] GC(131) PSYoungGen: 246852K(247296K)->64K(247296K) Eden: 246784K(246784K)->0K(237056K) From: 68K(512K)->64K(10240K)
[63.294s][info][gc,heap        ] GC(131) ParOldGen: 157602K(175104K)->157610K(175104K)
[63.294s][info][gc,metaspace   ] GC(131) Metaspace: 34883K(35584K)->34883K(35584K) NonClass: 25698K(26176K)->25698K(26176K) Class: 9185K(9408K)->9185K(9408K)
[63.294s][info][gc             ] GC(131) Pause Young (Allocation Failure) 394M->153M(412M) 1.514ms
[63.294s][info][gc,cpu         ] GC(131) User=0.00s Sys=0.00s Real=0.00s
[63.699s][info][gc,start       ] GC(132) Pause Young (Allocation Failure)
[63.702s][info][gc,heap        ] GC(132) PSYoungGen: 237120K(247296K)->64K(228352K) Eden: 237056K(237056K)->0K(227840K) From: 64K(10240K)->64K(512K)
[63.702s][info][gc,heap        ] GC(132) ParOldGen: 157610K(175104K)->157626K(175104K)
[63.702s][info][gc,metaspace   ] GC(132) Metaspace: 34884K(35584K)->34884K(35584K) NonClass: 25699K(26176K)->25699K(26176K) Class: 9185K(9408K)->9185K(9408K)
[63.702s][info][gc             ] GC(132) Pause Young (Allocation Failure) 385M->153M(394M) 2.258ms
[63.702s][info][gc,cpu         ] GC(132) User=0.00s Sys=0.01s Real=0.00s
[64.832s][info][gc,start       ] GC(133) Pause Young (Allocation Failure)
[64.834s][info][gc,heap        ] GC(133) PSYoungGen: 227904K(228352K)->64K(228352K) Eden: 227840K(227840K)->0K(219136K) From: 64K(512K)->64K(9216K)
[64.834s][info][gc,heap        ] GC(133) ParOldGen: 157626K(175104K)->157642K(175104K)
[64.834s][info][gc,metaspace   ] GC(133) Metaspace: 34888K(35584K)->34888K(35584K) NonClass: 25703K(26176K)->25703K(26176K) Class: 9185K(9408K)->9185K(9408K)
[64.834s][info][gc             ] GC(133) Pause Young (Allocation Failure) 376M->154M(394M) 1.903ms
[64.834s][info][gc,cpu         ] GC(133) User=0.00s Sys=0.00s Real=0.00s
[65.167s][info][gc,start       ] GC(134) Pause Young (Allocation Failure)
[65.170s][info][gc,heap        ] GC(134) PSYoungGen: 219200K(228352K)->64K(211456K) Eden: 219136K(219136K)->0K(210944K) From: 64K(9216K)->64K(512K)
[65.170s][info][gc,heap        ] GC(134) ParOldGen: 157642K(175104K)->157658K(175104K)
[65.170s][info][gc,metaspace   ] GC(134) Metaspace: 34888K(35584K)->34888K(35584K) NonClass: 25703K(26176K)->25703K(26176K) Class: 9185K(9408K)->9185K(9408K)
[65.170s][info][gc             ] GC(134) Pause Young (Allocation Failure) 368M->154M(377M) 2.294ms
[65.170s][info][gc,cpu         ] GC(134) User=0.00s Sys=0.00s Real=0.01s
[65.562s][info][gc,start       ] GC(135) Pause Young (Allocation Failure)
[65.563s][info][gc,heap        ] GC(135) PSYoungGen: 211008K(211456K)->64K(211456K) Eden: 210944K(210944K)->0K(203264K) From: 64K(512K)->64K(8192K)
[65.563s][info][gc,heap        ] GC(135) ParOldGen: 157658K(175104K)->157674K(175104K)
[65.563s][info][gc,metaspace   ] GC(135) Metaspace: 34898K(35584K)->34898K(35584K) NonClass: 25713K(26176K)->25713K(26176K) Class: 9185K(9408K)->9185K(9408K)
[65.563s][info][gc             ] GC(135) Pause Young (Allocation Failure) 360M->154M(377M) 1.556ms
[65.563s][info][gc,cpu         ] GC(135) User=0.00s Sys=0.00s Real=0.00s
[65.664s][info][gc,start       ] GC(136) Pause Young (Allocation Failure)
[65.665s][info][gc,heap        ] GC(136) PSYoungGen: 203328K(211456K)->64K(196096K) Eden: 203264K(203264K)->0K(195584K) From: 64K(8192K)->64K(512K)
[65.665s][info][gc,heap        ] GC(136) ParOldGen: 157674K(175104K)->157682K(175104K)
[65.665s][info][gc,metaspace   ] GC(136) Metaspace: 34898K(35584K)->34898K(35584K) NonClass: 25713K(26176K)->25713K(26176K) Class: 9185K(9408K)->9185K(9408K)
[65.665s][info][gc             ] GC(136) Pause Young (Allocation Failure) 352M->154M(362M) 1.402ms
[65.665s][info][gc,cpu         ] GC(136) User=0.00s Sys=0.00s Real=0.00s
[65.861s][info][gc,start       ] GC(137) Pause Young (Allocation Failure)
[65.862s][info][gc,heap        ] GC(137) PSYoungGen: 195648K(196096K)->64K(195584K) Eden: 195584K(195584K)->0K(188416K) From: 64K(512K)->64K(7168K)
[65.862s][info][gc,heap        ] GC(137) ParOldGen: 157682K(175104K)->157690K(175104K)
[65.862s][info][gc,metaspace   ] GC(137) Metaspace: 34898K(35584K)->34898K(35584K) NonClass: 25713K(26176K)->25713K(26176K) Class: 9185K(9408K)->9185K(9408K)
[65.862s][info][gc             ] GC(137) Pause Young (Allocation Failure) 345M->154M(362M) 1.232ms
[65.862s][info][gc,cpu         ] GC(137) User=0.00s Sys=0.00s Real=0.00s
[66.379s][info][gc,start       ] GC(138) Pause Young (Allocation Failure)
[66.380s][info][gc,heap        ] GC(138) PSYoungGen: 188480K(195584K)->64K(182272K) Eden: 188416K(188416K)->0K(181760K) From: 64K(7168K)->64K(512K)
[66.380s][info][gc,heap        ] GC(138) ParOldGen: 157690K(175104K)->157698K(175104K)
[66.380s][info][gc,metaspace   ] GC(138) Metaspace: 34898K(35584K)->34898K(35584K) NonClass: 25713K(26176K)->25713K(26176K) Class: 9185K(9408K)->9185K(9408K)
[66.380s][info][gc             ] GC(138) Pause Young (Allocation Failure) 338M->154M(349M) 1.675ms
[66.380s][info][gc,cpu         ] GC(138) User=0.00s Sys=0.00s Real=0.00s
[66.543s][info][gc,start       ] GC(139) Pause Young (Allocation Failure)
[66.544s][info][gc,heap        ] GC(139) PSYoungGen: 181824K(182272K)->64K(181248K) Eden: 181760K(181760K)->0K(175104K) From: 64K(512K)->64K(6144K)
[66.544s][info][gc,heap        ] GC(139) ParOldGen: 157698K(175104K)->157714K(175104K)
[66.544s][info][gc,metaspace   ] GC(139) Metaspace: 34898K(35584K)->34898K(35584K) NonClass: 25713K(26176K)->25713K(26176K) Class: 9185K(9408K)->9185K(9408K)
[66.544s][info][gc             ] GC(139) Pause Young (Allocation Failure) 331M->154M(348M) 1.216ms
[66.544s][info][gc,cpu         ] GC(139) User=0.00s Sys=0.00s Real=0.00s
[66.858s][info][gc,start       ] GC(140) Pause Young (Allocation Failure)
[66.876s][info][gc,heap        ] GC(140) PSYoungGen: 175168K(181248K)->5632K(216064K) Eden: 175104K(175104K)->0K(210432K) From: 64K(6144K)->5632K(5632K)
[66.876s][info][gc,heap        ] GC(140) ParOldGen: 157714K(175104K)->157738K(175104K)
[66.876s][info][gc,metaspace   ] GC(140) Metaspace: 34898K(35584K)->34898K(35584K) NonClass: 25713K(26176K)->25713K(26176K) Class: 9185K(9408K)->9185K(9408K)
[66.876s][info][gc             ] GC(140) Pause Young (Allocation Failure) 325M->159M(382M) 18.115ms
[66.876s][info][gc,cpu         ] GC(140) User=0.03s Sys=0.00s Real=0.02s
[67.180s][info][gc,start       ] GC(141) Pause Young (Allocation Failure)
[67.225s][info][gc,heap        ] GC(141) PSYoungGen: 216064K(216064K)->7168K(259072K) Eden: 210432K(210432K)->0K(251904K) From: 5632K(5632K)->7168K(7168K)
[67.225s][info][gc,heap        ] GC(141) ParOldGen: 157738K(175104K)->174554K(175104K)
[67.225s][info][gc,metaspace   ] GC(141) Metaspace: 34898K(35584K)->34898K(35584K) NonClass: 25713K(26176K)->25713K(26176K) Class: 9185K(9408K)->9185K(9408K)
[67.226s][info][gc             ] GC(141) Pause Young (Allocation Failure) 365M->177M(424M) 45.819ms
[67.226s][info][gc,cpu         ] GC(141) User=0.08s Sys=0.01s Real=0.04s
[67.587s][info][gc,start       ] GC(142) Pause Young (Allocation Failure)
[67.649s][info][gc,heap        ] GC(142) PSYoungGen: 259072K(259072K)->14848K(259072K) Eden: 251904K(251904K)->0K(244224K) From: 7168K(7168K)->14848K(14848K)
[67.649s][info][gc,heap        ] GC(142) ParOldGen: 174554K(175104K)->188858K(188928K)
[67.649s][info][gc,metaspace   ] GC(142) Metaspace: 34898K(35584K)->34898K(35584K) NonClass: 25713K(26176K)->25713K(26176K) Class: 9185K(9408K)->9185K(9408K)
[67.649s][info][gc             ] GC(142) Pause Young (Allocation Failure) 423M->198M(437M) 61.982ms
[67.649s][info][gc,cpu         ] GC(142) User=0.10s Sys=0.02s Real=0.07s
[67.757s][info][gc,start       ] GC(143) Pause Young (Allocation Failure)
[67.774s][info][gc,heap        ] GC(143) PSYoungGen: 259072K(259072K)->4352K(267776K) Eden: 244224K(244224K)->0K(244224K) From: 14848K(14848K)->4352K(23552K)
[67.774s][info][gc,heap        ] GC(143) ParOldGen: 188858K(188928K)->189242K(189440K)
[67.774s][info][gc,metaspace   ] GC(143) Metaspace: 34898K(35584K)->34898K(35584K) NonClass: 25713K(26176K)->25713K(26176K) Class: 9185K(9408K)->9185K(9408K)
[67.774s][info][gc             ] GC(143) Pause Young (Allocation Failure) 437M->189M(446M) 17.115ms
[67.774s][info][gc,cpu         ] GC(143) User=0.03s Sys=0.00s Real=0.02s
[68.185s][info][gc,start       ] GC(144) Pause Young (Allocation Failure)
[68.186s][info][gc,heap        ] GC(144) PSYoungGen: 248576K(267776K)->64K(307712K) Eden: 244224K(244224K)->0K(288256K) From: 4352K(23552K)->64K(19456K)
[68.186s][info][gc,heap        ] GC(144) ParOldGen: 189242K(189440K)->189250K(189440K)
[68.186s][info][gc,metaspace   ] GC(144) Metaspace: 34898K(35584K)->34898K(35584K) NonClass: 25713K(26176K)->25713K(26176K) Class: 9185K(9408K)->9185K(9408K)
[68.186s][info][gc             ] GC(144) Pause Young (Allocation Failure) 427M->184M(485M) 1.189ms
[68.186s][info][gc,cpu         ] GC(144) User=0.01s Sys=0.00s Real=0.00s
[68.814s][info][gc,start       ] GC(145) Pause Young (Allocation Failure)
[68.815s][info][gc,heap        ] GC(145) PSYoungGen: 288320K(307712K)->64K(309760K) Eden: 288256K(288256K)->0K(288256K) From: 64K(19456K)->64K(21504K)
[68.815s][info][gc,heap        ] GC(145) ParOldGen: 189250K(189440K)->189258K(189440K)
[68.815s][info][gc,metaspace   ] GC(145) Metaspace: 34898K(35584K)->34898K(35584K) NonClass: 25713K(26176K)->25713K(26176K) Class: 9185K(9408K)->9185K(9408K)
[68.815s][info][gc             ] GC(145) Pause Young (Allocation Failure) 466M->184M(487M) 1.050ms
[68.815s][info][gc,cpu         ] GC(145) User=0.00s Sys=0.00s Real=0.00s
[69.344s][info][gc,start       ] GC(146) Pause Young (Allocation Failure)
[69.345s][info][gc,heap        ] GC(146) PSYoungGen: 288320K(309760K)->64K(310272K) Eden: 288256K(288256K)->0K(291840K) From: 64K(21504K)->64K(18432K)
[69.345s][info][gc,heap        ] GC(146) ParOldGen: 189258K(189440K)->189274K(189440K)
[69.345s][info][gc,metaspace   ] GC(146) Metaspace: 34930K(35648K)->34930K(35648K) NonClass: 25745K(26240K)->25745K(26240K) Class: 9185K(9408K)->9185K(9408K)
[69.345s][info][gc             ] GC(146) Pause Young (Allocation Failure) 466M->184M(488M) 1.081ms
[69.345s][info][gc,cpu         ] GC(146) User=0.00s Sys=0.00s Real=0.00s
[69.582s][info][gc,start       ] GC(147) Pause Young (Allocation Failure)
[69.583s][info][gc,heap        ] GC(147) PSYoungGen: 291904K(310272K)->64K(311808K) Eden: 291840K(291840K)->0K(291840K) From: 64K(18432K)->64K(19968K)
[69.583s][info][gc,heap        ] GC(147) ParOldGen: 189274K(189440K)->189290K(189440K)
[69.583s][info][gc,metaspace   ] GC(147) Metaspace: 34930K(35648K)->34930K(35648K) NonClass: 25745K(26240K)->25745K(26240K) Class: 9185K(9408K)->9185K(9408K)
[69.583s][info][gc             ] GC(147) Pause Young (Allocation Failure) 469M->184M(489M) 0.990ms
[69.583s][info][gc,cpu         ] GC(147) User=0.00s Sys=0.00s Real=0.00s
[69.814s][info][gc,start       ] GC(148) Pause Young (Allocation Failure)
[69.815s][info][gc,heap        ] GC(148) PSYoungGen: 291904K(311808K)->64K(311296K) Eden: 291840K(291840K)->0K(294912K) From: 64K(19968K)->64K(16384K)
[69.815s][info][gc,heap        ] GC(148) ParOldGen: 189290K(189440K)->189290K(189440K)
[69.815s][info][gc,metaspace   ] GC(148) Metaspace: 34930K(35648K)->34930K(35648K) NonClass: 25745K(26240K)->25745K(26240K) Class: 9185K(9408K)->9185K(9408K)
[69.815s][info][gc             ] GC(148) Pause Young (Allocation Failure) 469M->184M(489M) 0.917ms
[69.815s][info][gc,cpu         ] GC(148) User=0.00s Sys=0.00s Real=0.00s
[70.094s][info][gc,start       ] GC(149) Pause Young (Allocation Failure)
[70.095s][info][gc,heap        ] GC(149) PSYoungGen: 294976K(311296K)->64K(312832K) Eden: 294912K(294912K)->0K(294912K) From: 64K(16384K)->64K(17920K)
[70.095s][info][gc,heap        ] GC(149) ParOldGen: 189290K(189440K)->189290K(189440K)
[70.095s][info][gc,metaspace   ] GC(149) Metaspace: 34930K(35648K)->34930K(35648K) NonClass: 25745K(26240K)->25745K(26240K) Class: 9185K(9408K)->9185K(9408K)
[70.095s][info][gc             ] GC(149) Pause Young (Allocation Failure) 472M->184M(490M) 0.930ms
[70.095s][info][gc,cpu         ] GC(149) User=0.01s Sys=0.00s Real=0.00s
[70.150s][info][gc,start       ] GC(150) Pause Young (Allocation Failure)
[70.151s][info][gc,heap        ] GC(150) PSYoungGen: 294976K(312832K)->32K(313344K) Eden: 294912K(294912K)->0K(298496K) From: 64K(17920K)->32K(14848K)
[70.151s][info][gc,heap        ] GC(150) ParOldGen: 189290K(189440K)->189306K(189440K)
[70.151s][info][gc,metaspace   ] GC(150) Metaspace: 34930K(35648K)->34930K(35648K) NonClass: 25745K(26240K)->25745K(26240K) Class: 9185K(9408K)->9185K(9408K)
[70.151s][info][gc             ] GC(150) Pause Young (Allocation Failure) 472M->184M(491M) 1.729ms
[70.151s][info][gc,cpu         ] GC(150) User=0.01s Sys=0.00s Real=0.00s
[70.288s][info][gc,start       ] GC(151) Pause Young (Allocation Failure)
[70.290s][info][gc,heap        ] GC(151) PSYoungGen: 298528K(313344K)->64K(314880K) Eden: 298496K(298496K)->0K(298496K) From: 32K(14848K)->64K(16384K)
[70.290s][info][gc,heap        ] GC(151) ParOldGen: 189306K(189440K)->189314K(189440K)
[70.290s][info][gc,metaspace   ] GC(151) Metaspace: 34945K(35648K)->34945K(35648K) NonClass: 25760K(26240K)->25760K(26240K) Class: 9185K(9408K)->9185K(9408K)
[70.290s][info][gc             ] GC(151) Pause Young (Allocation Failure) 476M->184M(492M) 1.753ms
[70.290s][info][gc,cpu         ] GC(151) User=0.00s Sys=0.00s Real=0.01s
[70.594s][info][gc,start       ] GC(152) Pause Young (Allocation Failure)
[70.595s][info][gc,heap        ] GC(152) PSYoungGen: 298560K(314880K)->64K(315904K) Eden: 298496K(298496K)->0K(302080K) From: 64K(16384K)->64K(13824K)
[70.595s][info][gc,heap        ] GC(152) ParOldGen: 189314K(189440K)->189330K(189440K)
[70.595s][info][gc,metaspace   ] GC(152) Metaspace: 34945K(35648K)->34945K(35648K) NonClass: 25760K(26240K)->25760K(26240K) Class: 9185K(9408K)->9185K(9408K)
[70.596s][info][gc             ] GC(152) Pause Young (Allocation Failure) 476M->184M(493M) 1.008ms
[70.596s][info][gc,cpu         ] GC(152) User=0.00s Sys=0.00s Real=0.00s
[70.776s][info][gc,start       ] GC(153) Pause Young (Allocation Failure)
[70.777s][info][gc,heap        ] GC(153) PSYoungGen: 302144K(315904K)->64K(316928K) Eden: 302080K(302080K)->0K(302080K) From: 64K(13824K)->64K(14848K)
[70.777s][info][gc,heap        ] GC(153) ParOldGen: 189330K(189440K)->189330K(189440K)
[70.777s][info][gc,metaspace   ] GC(153) Metaspace: 34950K(35648K)->34950K(35648K) NonClass: 25765K(26240K)->25765K(26240K) Class: 9185K(9408K)->9185K(9408K)
[70.777s][info][gc             ] GC(153) Pause Young (Allocation Failure) 479M->184M(494M) 0.920ms
[70.777s][info][gc,cpu         ] GC(153) User=0.00s Sys=0.00s Real=0.00s
[70.860s][info][gc,start       ] GC(154) Pause Young (Allocation Failure)
[70.861s][info][gc,heap        ] GC(154) PSYoungGen: 302144K(316928K)->64K(316928K) Eden: 302080K(302080K)->0K(305152K) From: 64K(14848K)->64K(11776K)
[70.861s][info][gc,heap        ] GC(154) ParOldGen: 189330K(189440K)->189346K(189440K)
[70.861s][info][gc,metaspace   ] GC(154) Metaspace: 34950K(35648K)->34950K(35648K) NonClass: 25765K(26240K)->25765K(26240K) Class: 9185K(9408K)->9185K(9408K)
[70.861s][info][gc             ] GC(154) Pause Young (Allocation Failure) 479M->184M(494M) 0.847ms
[70.861s][info][gc,cpu         ] GC(154) User=0.01s Sys=0.00s Real=0.00s
[71.073s][info][gc,start       ] GC(155) Pause Young (Allocation Failure)
[71.073s][info][gc,heap        ] GC(155) PSYoungGen: 305216K(316928K)->64K(293376K) Eden: 305152K(305152K)->0K(292864K) From: 64K(11776K)->64K(512K)
[71.073s][info][gc,heap        ] GC(155) ParOldGen: 189346K(189440K)->189346K(189440K)
[71.073s][info][gc,metaspace   ] GC(155) Metaspace: 34950K(35648K)->34950K(35648K) NonClass: 25765K(26240K)->25765K(26240K) Class: 9185K(9408K)->9185K(9408K)
[71.073s][info][gc             ] GC(155) Pause Young (Allocation Failure) 482M->184M(471M) 0.831ms
[71.073s][info][gc,cpu         ] GC(155) User=0.00s Sys=0.00s Real=0.00s
[71.975s][info][gc,start       ] GC(156) Pause Young (Allocation Failure)
[71.976s][info][gc,heap        ] GC(156) PSYoungGen: 292928K(293376K)->64K(281600K) Eden: 292864K(292864K)->0K(281088K) From: 64K(512K)->64K(512K)
[71.976s][info][gc,heap        ] GC(156) ParOldGen: 189346K(189440K)->189354K(189440K)
[71.976s][info][gc,metaspace   ] GC(156) Metaspace: 34950K(35648K)->34950K(35648K) NonClass: 25765K(26240K)->25765K(26240K) Class: 9185K(9408K)->9185K(9408K)
[71.976s][info][gc             ] GC(156) Pause Young (Allocation Failure) 470M->184M(460M) 0.933ms
[71.976s][info][gc,cpu         ] GC(156) User=0.00s Sys=0.00s Real=0.00s
[72.884s][info][gc,start       ] GC(157) Pause Young (Allocation Failure)
[72.885s][info][gc,heap        ] GC(157) PSYoungGen: 281152K(281600K)->64K(281088K) Eden: 281088K(281088K)->0K(269824K) From: 64K(512K)->64K(11264K)
[72.885s][info][gc,heap        ] GC(157) ParOldGen: 189354K(189440K)->189362K(189440K)
[72.885s][info][gc,metaspace   ] GC(157) Metaspace: 34950K(35648K)->34950K(35648K) NonClass: 25765K(26240K)->25765K(26240K) Class: 9185K(9408K)->9185K(9408K)
[72.885s][info][gc             ] GC(157) Pause Young (Allocation Failure) 459M->184M(459M) 1.038ms
[72.885s][info][gc,cpu         ] GC(157) User=0.00s Sys=0.00s Real=0.00s
[73.236s][info][gc,start       ] GC(158) Pause Young (Allocation Failure)
[73.238s][info][gc,heap        ] GC(158) PSYoungGen: 269888K(281088K)->64K(259584K) Eden: 269824K(269824K)->0K(259072K) From: 64K(11264K)->64K(512K)
[73.238s][info][gc,heap        ] GC(158) ParOldGen: 189362K(189440K)->189370K(189440K)
[73.238s][info][gc,metaspace   ] GC(158) Metaspace: 34950K(35648K)->34950K(35648K) NonClass: 25765K(26240K)->25765K(26240K) Class: 9185K(9408K)->9185K(9408K)
[73.238s][info][gc             ] GC(158) Pause Young (Allocation Failure) 448M->184M(438M) 2.011ms
[73.238s][info][gc,cpu         ] GC(158) User=0.00s Sys=0.00s Real=0.00s
[73.726s][info][gc,start       ] GC(159) Pause Young (Allocation Failure)
[73.728s][info][gc,heap        ] GC(159) PSYoungGen: 259136K(259584K)->64K(259072K) Eden: 259072K(259072K)->0K(248832K) From: 64K(512K)->64K(10240K)
[73.728s][info][gc,heap        ] GC(159) ParOldGen: 189370K(189440K)->189378K(189440K)
[73.728s][info][gc,metaspace   ] GC(159) Metaspace: 34950K(35648K)->34950K(35648K) NonClass: 25765K(26240K)->25765K(26240K) Class: 9185K(9408K)->9185K(9408K)
[73.728s][info][gc             ] GC(159) Pause Young (Allocation Failure) 437M->185M(438M) 1.802ms
[73.728s][info][gc,cpu         ] GC(159) User=0.00s Sys=0.00s Real=0.00s
[74.815s][info][gc,start       ] GC(160) Pause Young (Allocation Failure)
[74.818s][info][gc,heap        ] GC(160) PSYoungGen: 248896K(259072K)->64K(239616K) Eden: 248832K(248832K)->0K(239104K) From: 64K(10240K)->64K(512K)
[74.818s][info][gc,heap        ] GC(160) ParOldGen: 189378K(189440K)->189386K(189440K)
[74.818s][info][gc,metaspace   ] GC(160) Metaspace: 34981K(35712K)->34981K(35712K) NonClass: 25796K(26304K)->25796K(26304K) Class: 9185K(9408K)->9185K(9408K)
[74.818s][info][gc             ] GC(160) Pause Young (Allocation Failure) 428M->185M(419M) 2.950ms
[74.818s][info][gc,cpu         ] GC(160) User=0.00s Sys=0.00s Real=0.00s
[75.227s][info][gc,start       ] GC(161) Pause Young (Allocation Failure)
[75.229s][info][gc,heap        ] GC(161) PSYoungGen: 239168K(239616K)->64K(238592K) Eden: 239104K(239104K)->0K(229888K) From: 64K(512K)->64K(8704K)
[75.229s][info][gc,heap        ] GC(161) ParOldGen: 189386K(189440K)->189402K(189440K)
[75.229s][info][gc,metaspace   ] GC(161) Metaspace: 34982K(35712K)->34982K(35712K) NonClass: 25797K(26304K)->25797K(26304K) Class: 9185K(9408K)->9185K(9408K)
[75.229s][info][gc             ] GC(161) Pause Young (Allocation Failure) 418M->185M(418M) 1.783ms
[75.229s][info][gc,cpu         ] GC(161) User=0.00s Sys=0.00s Real=0.01s
[75.351s][info][gc,start       ] GC(162) Pause Young (Allocation Failure)
[75.353s][info][gc,heap        ] GC(162) PSYoungGen: 229952K(238592K)->64K(221696K) Eden: 229888K(229888K)->0K(221184K) From: 64K(8704K)->64K(512K)
[75.353s][info][gc,heap        ] GC(162) ParOldGen: 189402K(189440K)->189418K(189440K)
[75.353s][info][gc,metaspace   ] GC(162) Metaspace: 34982K(35712K)->34982K(35712K) NonClass: 25797K(26304K)->25797K(26304K) Class: 9185K(9408K)->9185K(9408K)
[75.353s][info][gc             ] GC(162) Pause Young (Allocation Failure) 409M->185M(401M) 2.368ms
[75.353s][info][gc,cpu         ] GC(162) User=0.00s Sys=0.00s Real=0.00s
[75.666s][info][gc,start       ] GC(163) Pause Young (Allocation Failure)
[75.667s][info][gc,heap        ] GC(163) PSYoungGen: 221248K(221696K)->64K(220672K) Eden: 221184K(221184K)->0K(212992K) From: 64K(512K)->64K(7680K)
[75.667s][info][gc,heap        ] GC(163) ParOldGen: 189418K(189440K)->189426K(189440K)
[75.668s][info][gc,metaspace   ] GC(163) Metaspace: 34982K(35712K)->34982K(35712K) NonClass: 25797K(26304K)->25797K(26304K) Class: 9185K(9408K)->9185K(9408K)
[75.668s][info][gc             ] GC(163) Pause Young (Allocation Failure) 401M->185M(400M) 1.397ms
[75.668s][info][gc,cpu         ] GC(163) User=0.00s Sys=0.00s Real=0.00s
[76.099s][info][gc,start       ] GC(164) Pause Young (Allocation Failure)
[76.100s][info][gc,heap        ] GC(164) PSYoungGen: 213056K(220672K)->64K(205824K) Eden: 212992K(212992K)->0K(205312K) From: 64K(7680K)->64K(512K)
[76.100s][info][gc,heap        ] GC(164) ParOldGen: 189426K(189440K)->189434K(189440K)
[76.100s][info][gc,metaspace   ] GC(164) Metaspace: 34982K(35712K)->34982K(35712K) NonClass: 25797K(26304K)->25797K(26304K) Class: 9185K(9408K)->9185K(9408K)
[76.100s][info][gc             ] GC(164) Pause Young (Allocation Failure) 393M->185M(386M) 1.366ms
[76.100s][info][gc,cpu         ] GC(164) User=0.00s Sys=0.00s Real=0.00s
[76.372s][info][gc,start       ] GC(165) Pause Young (Allocation Failure)
[76.373s][info][gc,heap        ] GC(165) PSYoungGen: 205376K(205824K)->64K(204288K) Eden: 205312K(205312K)->0K(197632K) From: 64K(512K)->64K(6656K)
[76.373s][info][gc,heap        ] GC(165) ParOldGen: 189434K(189440K)->189442K(189952K)
[76.373s][info][gc,metaspace   ] GC(165) Metaspace: 34982K(35712K)->34982K(35712K) NonClass: 25797K(26304K)->25797K(26304K) Class: 9185K(9408K)->9185K(9408K)
[76.373s][info][gc             ] GC(165) Pause Young (Allocation Failure) 385M->185M(385M) 1.391ms
[76.373s][info][gc,cpu         ] GC(165) User=0.00s Sys=0.00s Real=0.00s
[76.697s][info][gc,start       ] GC(166) Pause Young (Allocation Failure)
[76.749s][info][gc,heap        ] GC(166) PSYoungGen: 197696K(204288K)->6144K(243712K) Eden: 197632K(197632K)->0K(237568K) From: 64K(6656K)->6144K(6144K)
[76.749s][info][gc,heap        ] GC(166) ParOldGen: 189442K(189952K)->201922K(202240K)
[76.749s][info][gc,metaspace   ] GC(166) Metaspace: 34982K(35712K)->34982K(35712K) NonClass: 25797K(26304K)->25797K(26304K) Class: 9185K(9408K)->9185K(9408K)
[76.749s][info][gc             ] GC(166) Pause Young (Allocation Failure) 378M->203M(435M) 52.063ms
[76.749s][info][gc,cpu         ] GC(166) User=0.09s Sys=0.00s Real=0.06s
[77.086s][info][gc,start       ] GC(167) Pause Young (Allocation Failure)
[77.139s][info][gc,heap        ] GC(167) PSYoungGen: 243712K(243712K)->12288K(262144K) Eden: 237568K(237568K)->0K(249856K) From: 6144K(6144K)->12288K(12288K)
[77.139s][info][gc,heap        ] GC(167) ParOldGen: 201922K(202240K)->217042K(217088K)
[77.139s][info][gc,metaspace   ] GC(167) Metaspace: 34982K(35712K)->34982K(35712K) NonClass: 25797K(26304K)->25797K(26304K) Class: 9185K(9408K)->9185K(9408K)
[77.139s][info][gc             ] GC(167) Pause Young (Allocation Failure) 435M->223M(468M) 53.032ms
[77.139s][info][gc,cpu         ] GC(167) User=0.10s Sys=0.01s Real=0.06s
[77.355s][info][gc,start       ] GC(168) Pause Young (Allocation Failure)
[77.393s][info][gc,heap        ] GC(168) PSYoungGen: 262144K(262144K)->16960K(302592K) Eden: 249856K(249856K)->0K(282112K) From: 12288K(12288K)->16960K(20480K)
[77.393s][info][gc,heap        ] GC(168) ParOldGen: 217042K(217088K)->217450K(217600K)
[77.393s][info][gc,metaspace   ] GC(168) Metaspace: 34982K(35712K)->34982K(35712K) NonClass: 25797K(26304K)->25797K(26304K) Class: 9185K(9408K)->9185K(9408K)
[77.393s][info][gc             ] GC(168) Pause Young (Allocation Failure) 467M->228M(508M) 38.053ms
[77.393s][info][gc,cpu         ] GC(168) User=0.06s Sys=0.01s Real=0.04s
[77.664s][info][gc,start       ] GC(169) Pause Young (Allocation Failure)
[77.666s][info][gc,heap        ] GC(169) PSYoungGen: 299072K(302592K)->64K(305664K) Eden: 282112K(282112K)->0K(282112K) From: 16960K(20480K)->64K(23552K)
[77.666s][info][gc,heap        ] GC(169) ParOldGen: 217450K(217600K)->217466K(217600K)
[77.666s][info][gc,metaspace   ] GC(169) Metaspace: 34982K(35712K)->34982K(35712K) NonClass: 25797K(26304K)->25797K(26304K) Class: 9185K(9408K)->9185K(9408K)
[77.666s][info][gc             ] GC(169) Pause Young (Allocation Failure) 504M->212M(511M) 1.943ms
[77.666s][info][gc,cpu         ] GC(169) User=0.01s Sys=0.00s Real=0.00s
[78.336s][info][gc,start       ] GC(170) Pause Young (Allocation Failure)
[78.338s][info][gc,heap        ] GC(170) PSYoungGen: 282176K(305664K)->64K(307712K) Eden: 282112K(282112K)->0K(287232K) From: 64K(23552K)->64K(20480K)
[78.338s][info][gc,heap        ] GC(170) ParOldGen: 217466K(217600K)->217482K(217600K)
[78.338s][info][gc,metaspace   ] GC(170) Metaspace: 34982K(35712K)->34982K(35712K) NonClass: 25797K(26304K)->25797K(26304K) Class: 9185K(9408K)->9185K(9408K)
[78.338s][info][gc             ] GC(170) Pause Young (Allocation Failure) 487M->212M(513M) 1.866ms
[78.338s][info][gc,cpu         ] GC(170) User=0.00s Sys=0.00s Real=0.00s
[78.866s][info][gc,start       ] GC(171) Pause Young (Allocation Failure)
[78.867s][info][gc,heap        ] GC(171) PSYoungGen: 287296K(307712K)->64K(309248K) Eden: 287232K(287232K)->0K(287232K) From: 64K(20480K)->64K(22016K)
[78.867s][info][gc,heap        ] GC(171) ParOldGen: 217482K(217600K)->217498K(217600K)
[78.867s][info][gc,metaspace   ] GC(171) Metaspace: 34982K(35712K)->34982K(35712K) NonClass: 25797K(26304K)->25797K(26304K) Class: 9185K(9408K)->9185K(9408K)
[78.867s][info][gc             ] GC(171) Pause Young (Allocation Failure) 492M->212M(514M) 1.608ms
[78.867s][info][gc,cpu         ] GC(171) User=0.00s Sys=0.00s Real=0.00s
[79.095s][info][gc,start       ] GC(172) Pause Young (Allocation Failure)
[79.096s][info][gc,heap        ] GC(172) PSYoungGen: 287296K(309248K)->64K(310272K) Eden: 287232K(287232K)->0K(290816K) From: 64K(22016K)->64K(19456K)
[79.096s][info][gc,heap        ] GC(172) ParOldGen: 217498K(217600K)->217514K(217600K)
[79.096s][info][gc,metaspace   ] GC(172) Metaspace: 34982K(35712K)->34982K(35712K) NonClass: 25797K(26304K)->25797K(26304K) Class: 9185K(9408K)->9185K(9408K)
[79.096s][info][gc             ] GC(172) Pause Young (Allocation Failure) 492M->212M(515M) 1.022ms
[79.096s][info][gc,cpu         ] GC(172) User=0.00s Sys=0.00s Real=0.00s
[79.331s][info][gc,start       ] GC(173) Pause Young (Allocation Failure)
[79.332s][info][gc,heap        ] GC(173) PSYoungGen: 290880K(310272K)->64K(311296K) Eden: 290816K(290816K)->0K(290816K) From: 64K(19456K)->64K(20480K)
[79.332s][info][gc,heap        ] GC(173) ParOldGen: 217514K(217600K)->217514K(217600K)
[79.332s][info][gc,metaspace   ] GC(173) Metaspace: 34982K(35712K)->34982K(35712K) NonClass: 25797K(26304K)->25797K(26304K) Class: 9185K(9408K)->9185K(9408K)
[79.332s][info][gc             ] GC(173) Pause Young (Allocation Failure) 496M->212M(516M) 1.168ms
[79.332s][info][gc,cpu         ] GC(173) User=0.01s Sys=0.00s Real=0.00s
[79.653s][info][gc,start       ] GC(174) Pause Young (Allocation Failure)
[79.654s][info][gc,heap        ] GC(174) PSYoungGen: 290880K(311296K)->64K(311296K) Eden: 290816K(290816K)->0K(293888K) From: 64K(20480K)->64K(17408K)
[79.654s][info][gc,heap        ] GC(174) ParOldGen: 217514K(217600K)->217514K(217600K)
[79.654s][info][gc,metaspace   ] GC(174) Metaspace: 34982K(35712K)->34982K(35712K) NonClass: 25797K(26304K)->25797K(26304K) Class: 9185K(9408K)->9185K(9408K)
[79.654s][info][gc             ] GC(174) Pause Young (Allocation Failure) 496M->212M(516M) 0.980ms
[79.654s][info][gc,cpu         ] GC(174) User=0.00s Sys=0.00s Real=0.00s
[79.711s][info][gc,start       ] GC(175) Pause Young (Allocation Failure)
[79.713s][info][gc,heap        ] GC(175) PSYoungGen: 293952K(311296K)->32K(312320K) Eden: 293888K(293888K)->0K(293888K) From: 64K(17408K)->32K(18432K)
[79.713s][info][gc,heap        ] GC(175) ParOldGen: 217514K(217600K)->217530K(217600K)
[79.713s][info][gc,metaspace   ] GC(175) Metaspace: 34982K(35712K)->34982K(35712K) NonClass: 25797K(26304K)->25797K(26304K) Class: 9185K(9408K)->9185K(9408K)
[79.713s][info][gc             ] GC(175) Pause Young (Allocation Failure) 499M->212M(517M) 1.873ms
[79.713s][info][gc,cpu         ] GC(175) User=0.00s Sys=0.00s Real=0.00s
[79.767s][info][gc,start       ] GC(176) Pause Young (Allocation Failure)
[79.769s][info][gc,heap        ] GC(176) PSYoungGen: 293920K(312320K)->64K(313344K) Eden: 293888K(293888K)->0K(297984K) From: 32K(18432K)->64K(15360K)
[79.769s][info][gc,heap        ] GC(176) ParOldGen: 217530K(217600K)->217530K(217600K)
[79.769s][info][gc,metaspace   ] GC(176) Metaspace: 34982K(35712K)->34982K(35712K) NonClass: 25797K(26304K)->25797K(26304K) Class: 9185K(9408K)->9185K(9408K)
[79.769s][info][gc             ] GC(176) Pause Young (Allocation Failure) 499M->212M(518M) 1.794ms
[79.769s][info][gc,cpu         ] GC(176) User=0.01s Sys=0.00s Real=0.01s
[80.069s][info][gc,start       ] GC(177) Pause Young (Allocation Failure)
[80.071s][info][gc,heap        ] GC(177) PSYoungGen: 298048K(313344K)->32K(314368K) Eden: 297984K(297984K)->0K(297984K) From: 64K(15360K)->32K(16384K)
[80.071s][info][gc,heap        ] GC(177) ParOldGen: 217530K(217600K)->217546K(217600K)
[80.071s][info][gc,metaspace   ] GC(177) Metaspace: 34982K(35712K)->34982K(35712K) NonClass: 25797K(26304K)->25797K(26304K) Class: 9185K(9408K)->9185K(9408K)
[80.071s][info][gc             ] GC(177) Pause Young (Allocation Failure) 503M->212M(519M) 1.793ms
[80.071s][info][gc,cpu         ] GC(177) User=0.00s Sys=0.00s Real=0.00s
[80.311s][info][gc,start       ] GC(178) Pause Young (Allocation Failure)
[80.312s][info][gc,heap        ] GC(178) PSYoungGen: 298016K(314368K)->64K(314880K) Eden: 297984K(297984K)->0K(301568K) From: 32K(16384K)->64K(13312K)
[80.312s][info][gc,heap        ] GC(178) ParOldGen: 217546K(217600K)->217546K(217600K)
[80.312s][info][gc,metaspace   ] GC(178) Metaspace: 34983K(35712K)->34983K(35712K) NonClass: 25798K(26304K)->25798K(26304K) Class: 9185K(9408K)->9185K(9408K)
[80.312s][info][gc             ] GC(178) Pause Young (Allocation Failure) 503M->212M(520M) 1.059ms
[80.312s][info][gc,cpu         ] GC(178) User=0.00s Sys=0.00s Real=0.00s
[80.398s][info][gc,start       ] GC(179) Pause Young (Allocation Failure)
[80.399s][info][gc,heap        ] GC(179) PSYoungGen: 301632K(314880K)->64K(316416K) Eden: 301568K(301568K)->0K(301568K) From: 64K(13312K)->64K(14848K)
[80.399s][info][gc,heap        ] GC(179) ParOldGen: 217546K(217600K)->217562K(217600K)
[80.399s][info][gc,metaspace   ] GC(179) Metaspace: 34983K(35712K)->34983K(35712K) NonClass: 25798K(26304K)->25798K(26304K) Class: 9185K(9408K)->9185K(9408K)
[80.399s][info][gc             ] GC(179) Pause Young (Allocation Failure) 507M->212M(521M) 0.947ms
[80.399s][info][gc,cpu         ] GC(179) User=0.01s Sys=0.00s Real=0.01s
[80.565s][info][gc,start       ] GC(180) Pause Young (Allocation Failure)
[80.567s][info][gc,heap        ] GC(180) PSYoungGen: 301632K(316416K)->64K(316416K) Eden: 301568K(301568K)->0K(305152K) From: 64K(14848K)->64K(11264K)
[80.567s][info][gc,heap        ] GC(180) ParOldGen: 217562K(217600K)->217562K(217600K)
[80.567s][info][gc,metaspace   ] GC(180) Metaspace: 34983K(35712K)->34983K(35712K) NonClass: 25798K(26304K)->25798K(26304K) Class: 9185K(9408K)->9185K(9408K)
[80.567s][info][gc             ] GC(180) Pause Young (Allocation Failure) 507M->212M(521M) 1.954ms
[80.567s][info][gc,cpu         ] GC(180) User=0.01s Sys=0.00s Real=0.00s
[81.010s][info][gc,start       ] GC(181) Pause Young (Allocation Failure)
[81.012s][info][gc,heap        ] GC(181) PSYoungGen: 305216K(316416K)->64K(317952K) Eden: 305152K(305152K)->0K(305152K) From: 64K(11264K)->64K(12800K)
[81.012s][info][gc,heap        ] GC(181) ParOldGen: 217562K(217600K)->217578K(217600K)
[81.012s][info][gc,metaspace   ] GC(181) Metaspace: 34983K(35712K)->34983K(35712K) NonClass: 25798K(26304K)->25798K(26304K) Class: 9185K(9408K)->9185K(9408K)
[81.012s][info][gc             ] GC(181) Pause Young (Allocation Failure) 510M->212M(523M) 1.833ms
[81.012s][info][gc,cpu         ] GC(181) User=0.00s Sys=0.00s Real=0.00s
[82.156s][info][gc,start       ] GC(182) Pause Young (Allocation Failure)
[82.158s][info][gc,heap        ] GC(182) PSYoungGen: 305216K(317952K)->64K(293376K) Eden: 305152K(305152K)->0K(292864K) From: 64K(12800K)->64K(512K)
[82.158s][info][gc,heap        ] GC(182) ParOldGen: 217578K(217600K)->217594K(217600K)
[82.158s][info][gc,metaspace   ] GC(182) Metaspace: 34983K(35712K)->34983K(35712K) NonClass: 25798K(26304K)->25798K(26304K) Class: 9185K(9408K)->9185K(9408K)
[82.158s][info][gc             ] GC(182) Pause Young (Allocation Failure) 510M->212M(499M) 1.798ms
[82.158s][info][gc,cpu         ] GC(182) User=0.00s Sys=0.00s Real=0.00s
[82.693s][info][gc,start       ] GC(183) Pause Young (Allocation Failure)
[82.695s][info][gc,heap        ] GC(183) PSYoungGen: 292928K(293376K)->64K(292352K) Eden: 292864K(292864K)->0K(281088K) From: 64K(512K)->64K(11264K)
[82.695s][info][gc,heap        ] GC(183) ParOldGen: 217594K(217600K)->217610K(218112K)
[82.695s][info][gc,metaspace   ] GC(183) Metaspace: 34983K(35712K)->34983K(35712K) NonClass: 25798K(26304K)->25798K(26304K) Class: 9185K(9408K)->9185K(9408K)
[82.695s][info][gc             ] GC(183) Pause Young (Allocation Failure) 498M->212M(498M) 1.863ms
[82.695s][info][gc,cpu         ] GC(183) User=0.00s Sys=0.00s Real=0.00s
[83.248s][info][gc,start       ] GC(184) Pause Young (Allocation Failure)
[83.251s][info][gc,heap        ] GC(184) PSYoungGen: 281152K(292352K)->64K(270336K) Eden: 281088K(281088K)->0K(269824K) From: 64K(11264K)->64K(512K)
[83.251s][info][gc,heap        ] GC(184) ParOldGen: 217610K(218112K)->217626K(218112K)
[83.251s][info][gc,metaspace   ] GC(184) Metaspace: 34984K(35712K)->34984K(35712K) NonClass: 25799K(26304K)->25799K(26304K) Class: 9185K(9408K)->9185K(9408K)
[83.251s][info][gc             ] GC(184) Pause Young (Allocation Failure) 487M->212M(477M) 2.964ms
[83.251s][info][gc,cpu         ] GC(184) User=0.00s Sys=0.00s Real=0.01s
[84.233s][info][gc,start       ] GC(185) Pause Young (Allocation Failure)
[84.234s][info][gc,heap        ] GC(185) PSYoungGen: 269888K(270336K)->64K(269312K) Eden: 269824K(269824K)->0K(259072K) From: 64K(512K)->64K(10240K)
[84.234s][info][gc,heap        ] GC(185) ParOldGen: 217626K(218112K)->217634K(218112K)
[84.234s][info][gc,metaspace   ] GC(185) Metaspace: 34984K(35712K)->34984K(35712K) NonClass: 25799K(26304K)->25799K(26304K) Class: 9185K(9408K)->9185K(9408K)
[84.234s][info][gc             ] GC(185) Pause Young (Allocation Failure) 476M->212M(476M) 1.418ms
[84.234s][info][gc,cpu         ] GC(185) User=0.00s Sys=0.00s Real=0.00s
[84.651s][info][gc,start       ] GC(186) Pause Young (Allocation Failure)
[84.654s][info][gc,heap        ] GC(186) PSYoungGen: 259136K(269312K)->64K(249344K) Eden: 259072K(259072K)->0K(248832K) From: 64K(10240K)->64K(512K)
[84.654s][info][gc,heap        ] GC(186) ParOldGen: 217634K(218112K)->217650K(218112K)
[84.654s][info][gc,metaspace   ] GC(186) Metaspace: 34984K(35712K)->34984K(35712K) NonClass: 25799K(26304K)->25799K(26304K) Class: 9185K(9408K)->9185K(9408K)
[84.654s][info][gc             ] GC(186) Pause Young (Allocation Failure) 465M->212M(456M) 2.673ms
[84.654s][info][gc,cpu         ] GC(186) User=0.01s Sys=0.01s Real=0.00s
[84.727s][info][gc,start       ] GC(187) Pause Young (Allocation Failure)
[84.728s][info][gc,heap        ] GC(187) PSYoungGen: 248896K(249344K)->64K(247808K) Eden: 248832K(248832K)->0K(239104K) From: 64K(512K)->64K(8704K)
[84.728s][info][gc,heap        ] GC(187) ParOldGen: 217650K(218112K)->217658K(218112K)
[84.728s][info][gc,metaspace   ] GC(187) Metaspace: 34984K(35712K)->34984K(35712K) NonClass: 25799K(26304K)->25799K(26304K) Class: 9185K(9408K)->9185K(9408K)
[84.728s][info][gc             ] GC(187) Pause Young (Allocation Failure) 455M->212M(455M) 1.122ms
[84.728s][info][gc,cpu         ] GC(187) User=0.00s Sys=0.00s Real=0.00s
[85.207s][info][gc,start       ] GC(188) Pause Young (Allocation Failure)
[85.209s][info][gc,heap        ] GC(188) PSYoungGen: 239168K(247808K)->64K(230400K) Eden: 239104K(239104K)->0K(229888K) From: 64K(8704K)->64K(512K)
[85.209s][info][gc,heap        ] GC(188) ParOldGen: 217658K(218112K)->217666K(218112K)
[85.209s][info][gc,metaspace   ] GC(188) Metaspace: 34984K(35712K)->34984K(35712K) NonClass: 25799K(26304K)->25799K(26304K) Class: 9185K(9408K)->9185K(9408K)
[85.209s][info][gc             ] GC(188) Pause Young (Allocation Failure) 446M->212M(438M) 2.017ms
[85.209s][info][gc,cpu         ] GC(188) User=0.00s Sys=0.00s Real=0.01s
[85.549s][info][gc,start       ] GC(189) Pause Young (Allocation Failure)
[85.550s][info][gc,heap        ] GC(189) PSYoungGen: 229952K(230400K)->64K(228864K) Eden: 229888K(229888K)->0K(221184K) From: 64K(512K)->64K(7680K)
[85.550s][info][gc,heap        ] GC(189) ParOldGen: 217666K(218112K)->217674K(218112K)
[85.550s][info][gc,metaspace   ] GC(189) Metaspace: 34984K(35712K)->34984K(35712K) NonClass: 25799K(26304K)->25799K(26304K) Class: 9185K(9408K)->9185K(9408K)
[85.550s][info][gc             ] GC(189) Pause Young (Allocation Failure) 437M->212M(436M) 1.104ms
[85.550s][info][gc,cpu         ] GC(189) User=0.00s Sys=0.00s Real=0.00s
[85.906s][info][gc,start       ] GC(190) Pause Young (Allocation Failure)
[85.917s][info][gc,heap        ] GC(190) PSYoungGen: 221248K(228864K)->7008K(272896K) Eden: 221184K(221184K)->0K(265728K) From: 64K(7680K)->7008K(7168K)
[85.917s][info][gc,heap        ] GC(190) ParOldGen: 217674K(218112K)->217690K(218112K)
[85.917s][info][gc,metaspace   ] GC(190) Metaspace: 34984K(35712K)->34984K(35712K) NonClass: 25799K(26304K)->25799K(26304K) Class: 9185K(9408K)->9185K(9408K)
[85.917s][info][gc             ] GC(190) Pause Young (Allocation Failure) 428M->219M(479M) 10.718ms
[85.917s][info][gc,cpu         ] GC(190) User=0.03s Sys=0.00s Real=0.01s
[86.254s][info][gc,start       ] GC(191) Pause Young (Allocation Failure)
[86.312s][info][gc,heap        ] GC(191) PSYoungGen: 272736K(272896K)->8704K(286720K) Eden: 265728K(265728K)->0K(278016K) From: 7008K(7168K)->8704K(8704K)
[86.312s][info][gc,heap        ] GC(191) ParOldGen: 217690K(218112K)->239274K(239616K)
[86.312s][info][gc,metaspace   ] GC(191) Metaspace: 34984K(35712K)->34984K(35712K) NonClass: 25799K(26304K)->25799K(26304K) Class: 9185K(9408K)->9185K(9408K)
[86.312s][info][gc             ] GC(191) Pause Young (Allocation Failure) 478M->242M(514M) 58.027ms
[86.312s][info][gc,cpu         ] GC(191) User=0.10s Sys=0.01s Real=0.06s
[86.607s][info][gc,start       ] GC(192) Pause Young (Allocation Failure)
[86.664s][info][gc,heap        ] GC(192) PSYoungGen: 286720K(286720K)->18944K(301568K) Eden: 278016K(278016K)->0K(282624K) From: 8704K(8704K)->18944K(18944K)
[86.664s][info][gc,heap        ] GC(192) ParOldGen: 239274K(239616K)->246282K(246784K)
[86.664s][info][gc,metaspace   ] GC(192) Metaspace: 34984K(35712K)->34984K(35712K) NonClass: 25799K(26304K)->25799K(26304K) Class: 9185K(9408K)->9185K(9408K)
[86.664s][info][gc             ] GC(192) Pause Young (Allocation Failure) 513M->259M(535M) 56.662ms
[86.664s][info][gc,cpu         ] GC(192) User=0.10s Sys=0.01s Real=0.06s
[86.819s][info][gc,start       ] GC(193) Pause Young (Allocation Failure)
[86.822s][info][gc,heap        ] GC(193) PSYoungGen: 301568K(301568K)->64K(308224K) Eden: 282624K(282624K)->0K(282624K) From: 18944K(18944K)->64K(25600K)
[86.822s][info][gc,heap        ] GC(193) ParOldGen: 246282K(246784K)->246458K(246784K)
[86.822s][info][gc,metaspace   ] GC(193) Metaspace: 34984K(35712K)->34984K(35712K) NonClass: 25799K(26304K)->25799K(26304K) Class: 9185K(9408K)->9185K(9408K)
[86.822s][info][gc             ] GC(193) Pause Young (Allocation Failure) 535M->240M(542M) 3.018ms
[86.822s][info][gc,cpu         ] GC(193) User=0.00s Sys=0.00s Real=0.00s
[87.535s][info][gc,start       ] GC(194) Pause Young (Allocation Failure)
[87.536s][info][gc,heap        ] GC(194) PSYoungGen: 282688K(308224K)->64K(305152K) Eden: 282624K(282624K)->0K(283648K) From: 64K(25600K)->64K(21504K)
[87.537s][info][gc,heap        ] GC(194) ParOldGen: 246458K(246784K)->246474K(246784K)
[87.537s][info][gc,metaspace   ] GC(194) Metaspace: 34984K(35712K)->34984K(35712K) NonClass: 25799K(26304K)->25799K(26304K) Class: 9185K(9408K)->9185K(9408K)
[87.537s][info][gc             ] GC(194) Pause Young (Allocation Failure) 516M->240M(539M) 1.351ms
[87.537s][info][gc,cpu         ] GC(194) User=0.00s Sys=0.00s Real=0.00s
[88.079s][info][gc,start       ] GC(195) Pause Young (Allocation Failure)
[88.081s][info][gc,heap        ] GC(195) PSYoungGen: 283712K(305152K)->64K(307200K) Eden: 283648K(283648K)->0K(283648K) From: 64K(21504K)->64K(23552K)
[88.081s][info][gc,heap        ] GC(195) ParOldGen: 246474K(246784K)->246474K(246784K)
[88.081s][info][gc,metaspace   ] GC(195) Metaspace: 34984K(35712K)->34984K(35712K) NonClass: 25799K(26304K)->25799K(26304K) Class: 9185K(9408K)->9185K(9408K)
[88.081s][info][gc             ] GC(195) Pause Young (Allocation Failure) 517M->240M(541M) 2.130ms
[88.081s][info][gc,cpu         ] GC(195) User=0.00s Sys=0.00s Real=0.00s
[88.309s][info][gc,start       ] GC(196) Pause Young (Allocation Failure)
[88.311s][info][gc,heap        ] GC(196) PSYoungGen: 283712K(307200K)->32K(307200K) Eden: 283648K(283648K)->0K(287744K) From: 64K(23552K)->32K(19456K)
[88.311s][info][gc,heap        ] GC(196) ParOldGen: 246474K(246784K)->246490K(246784K)
[88.311s][info][gc,metaspace   ] GC(196) Metaspace: 34984K(35712K)->34984K(35712K) NonClass: 25799K(26304K)->25799K(26304K) Class: 9185K(9408K)->9185K(9408K)
[88.311s][info][gc             ] GC(196) Pause Young (Allocation Failure) 517M->240M(541M) 2.090ms
[88.311s][info][gc,cpu         ] GC(196) User=0.01s Sys=0.00s Real=0.00s
[88.542s][info][gc,start       ] GC(197) Pause Young (Allocation Failure)
[88.544s][info][gc,heap        ] GC(197) PSYoungGen: 287776K(307200K)->32K(309248K) Eden: 287744K(287744K)->0K(287744K) From: 32K(19456K)->32K(21504K)
[88.544s][info][gc,heap        ] GC(197) ParOldGen: 246490K(246784K)->246490K(246784K)
[88.544s][info][gc,metaspace   ] GC(197) Metaspace: 34984K(35712K)->34984K(35712K) NonClass: 25799K(26304K)->25799K(26304K) Class: 9185K(9408K)->9185K(9408K)
[88.544s][info][gc             ] GC(197) Pause Young (Allocation Failure) 521M->240M(543M) 2.388ms
[88.544s][info][gc,cpu         ] GC(197) User=0.00s Sys=0.00s Real=0.00s
[88.915s][info][gc,start       ] GC(198) Pause Young (Allocation Failure)
[88.917s][info][gc,heap        ] GC(198) PSYoungGen: 287776K(309248K)->64K(308736K) Eden: 287744K(287744K)->0K(291328K) From: 32K(21504K)->64K(17408K)
[88.917s][info][gc,heap        ] GC(198) ParOldGen: 246490K(246784K)->246490K(246784K)
[88.917s][info][gc,metaspace   ] GC(198) Metaspace: 34984K(35712K)->34984K(35712K) NonClass: 25799K(26304K)->25799K(26304K) Class: 9185K(9408K)->9185K(9408K)
[88.917s][info][gc             ] GC(198) Pause Young (Allocation Failure) 521M->240M(542M) 2.563ms
[88.918s][info][gc,cpu         ] GC(198) User=0.00s Sys=0.00s Real=0.00s
[88.967s][info][gc,start       ] GC(199) Pause Young (Allocation Failure)
[88.968s][info][gc,heap        ] GC(199) PSYoungGen: 291392K(308736K)->64K(310784K) Eden: 291328K(291328K)->0K(291328K) From: 64K(17408K)->64K(19456K)
[88.968s][info][gc,heap        ] GC(199) ParOldGen: 246490K(246784K)->246506K(246784K)
[88.968s][info][gc,metaspace   ] GC(199) Metaspace: 34984K(35712K)->34984K(35712K) NonClass: 25799K(26304K)->25799K(26304K) Class: 9185K(9408K)->9185K(9408K)
[88.969s][info][gc             ] GC(199) Pause Young (Allocation Failure) 525M->240M(544M) 1.099ms
[88.969s][info][gc,cpu         ] GC(199) User=0.00s Sys=0.00s Real=0.01s
[89.019s][info][gc,start       ] GC(200) Pause Young (Allocation Failure)
[89.020s][info][gc,heap        ] GC(200) PSYoungGen: 291392K(310784K)->64K(311296K) Eden: 291328K(291328K)->0K(295936K) From: 64K(19456K)->64K(15360K)
[89.020s][info][gc,heap        ] GC(200) ParOldGen: 246506K(246784K)->246506K(246784K)
[89.020s][info][gc,metaspace   ] GC(200) Metaspace: 34984K(35712K)->34984K(35712K) NonClass: 25799K(26304K)->25799K(26304K) Class: 9185K(9408K)->9185K(9408K)
[89.020s][info][gc             ] GC(200) Pause Young (Allocation Failure) 525M->240M(545M) 0.902ms
[89.020s][info][gc,cpu         ] GC(200) User=0.01s Sys=0.00s Real=0.00s
[89.265s][info][gc,start       ] GC(201) Pause Young (Allocation Failure)
[89.266s][info][gc,heap        ] GC(201) PSYoungGen: 296000K(311296K)->64K(313344K) Eden: 295936K(295936K)->0K(295936K) From: 64K(15360K)->64K(17408K)
[89.266s][info][gc,heap        ] GC(201) ParOldGen: 246506K(246784K)->246506K(246784K)
[89.266s][info][gc,metaspace   ] GC(201) Metaspace: 34984K(35712K)->34984K(35712K) NonClass: 25799K(26304K)->25799K(26304K) Class: 9185K(9408K)->9185K(9408K)
[89.266s][info][gc             ] GC(201) Pause Young (Allocation Failure) 529M->240M(547M) 0.927ms
[89.266s][info][gc,cpu         ] GC(201) User=0.00s Sys=0.00s Real=0.00s
[89.524s][info][gc,start       ] GC(202) Pause Young (Allocation Failure)
[89.525s][info][gc,heap        ] GC(202) PSYoungGen: 296000K(313344K)->64K(313856K) Eden: 295936K(295936K)->0K(299520K) From: 64K(17408K)->64K(14336K)
[89.525s][info][gc,heap        ] GC(202) ParOldGen: 246506K(246784K)->246514K(246784K)
[89.525s][info][gc,metaspace   ] GC(202) Metaspace: 34984K(35712K)->34984K(35712K) NonClass: 25799K(26304K)->25799K(26304K) Class: 9185K(9408K)->9185K(9408K)
[89.525s][info][gc             ] GC(202) Pause Young (Allocation Failure) 529M->240M(547M) 0.914ms
[89.525s][info][gc,cpu         ] GC(202) User=0.00s Sys=0.00s Real=0.00s
[89.639s][info][gc,start       ] GC(203) Pause Young (Allocation Failure)
[89.640s][info][gc,heap        ] GC(203) PSYoungGen: 299584K(313856K)->64K(315392K) Eden: 299520K(299520K)->0K(299520K) From: 64K(14336K)->64K(15872K)
[89.640s][info][gc,heap        ] GC(203) ParOldGen: 246514K(246784K)->246522K(246784K)
[89.640s][info][gc,metaspace   ] GC(203) Metaspace: 34984K(35712K)->34984K(35712K) NonClass: 25799K(26304K)->25799K(26304K) Class: 9185K(9408K)->9185K(9408K)
[89.640s][info][gc             ] GC(203) Pause Young (Allocation Failure) 533M->240M(549M) 0.978ms
[89.640s][info][gc,cpu         ] GC(203) User=0.00s Sys=0.00s Real=0.00s
[89.777s][info][gc,start       ] GC(204) Pause Young (Allocation Failure)
[89.779s][info][gc,heap        ] GC(204) PSYoungGen: 299584K(315392K)->64K(288256K) Eden: 299520K(299520K)->0K(287744K) From: 64K(15872K)->64K(512K)
[89.779s][info][gc,heap        ] GC(204) ParOldGen: 246522K(246784K)->246530K(246784K)
[89.779s][info][gc,metaspace   ] GC(204) Metaspace: 34984K(35712K)->34984K(35712K) NonClass: 25799K(26304K)->25799K(26304K) Class: 9185K(9408K)->9185K(9408K)
[89.779s][info][gc             ] GC(204) Pause Young (Allocation Failure) 533M->240M(522M) 1.882ms
[89.779s][info][gc,cpu         ] GC(204) User=0.00s Sys=0.00s Real=0.01s
[90.166s][info][gc,start       ] GC(205) Pause Young (Allocation Failure)
[90.168s][info][gc,heap        ] GC(205) PSYoungGen: 287808K(288256K)->64K(290304K) Eden: 287744K(287744K)->0K(276480K) From: 64K(512K)->64K(13824K)
[90.168s][info][gc,heap        ] GC(205) ParOldGen: 246530K(246784K)->246546K(246784K)
[90.168s][info][gc,metaspace   ] GC(205) Metaspace: 34984K(35712K)->34984K(35712K) NonClass: 25799K(26304K)->25799K(26304K) Class: 9185K(9408K)->9185K(9408K)
[90.168s][info][gc             ] GC(205) Pause Young (Allocation Failure) 521M->240M(524M) 1.914ms
[90.168s][info][gc,cpu         ] GC(205) User=0.00s Sys=0.00s Real=0.00s
[90.821s][info][gc,start       ] GC(206) Pause Young (Allocation Failure)
[90.823s][info][gc,heap        ] GC(206) PSYoungGen: 276544K(290304K)->83K(266240K) Eden: 276480K(276480K)->0K(265728K) From: 64K(13824K)->83K(512K)
[90.823s][info][gc,heap        ] GC(206) ParOldGen: 246546K(246784K)->246562K(246784K)
[90.823s][info][gc,metaspace   ] GC(206) Metaspace: 34984K(35712K)->34984K(35712K) NonClass: 25799K(26304K)->25799K(26304K) Class: 9185K(9408K)->9185K(9408K)
[90.823s][info][gc             ] GC(206) Pause Young (Allocation Failure) 510M->240M(501M) 2.295ms
[90.823s][info][gc,cpu         ] GC(206) User=0.00s Sys=0.00s Real=0.00s
[91.733s][info][gc,start       ] GC(207) Pause Young (Allocation Failure)
[91.735s][info][gc,heap        ] GC(207) PSYoungGen: 265811K(266240K)->64K(267776K) Eden: 265728K(265728K)->0K(255488K) From: 83K(512K)->64K(12288K)
[91.735s][info][gc,heap        ] GC(207) ParOldGen: 246562K(246784K)->246570K(246784K)
[91.735s][info][gc,metaspace   ] GC(207) Metaspace: 34984K(35712K)->34984K(35712K) NonClass: 25799K(26304K)->25799K(26304K) Class: 9185K(9408K)->9185K(9408K)
[91.735s][info][gc             ] GC(207) Pause Young (Allocation Failure) 500M->240M(502M) 1.203ms
[91.735s][info][gc,cpu         ] GC(207) User=0.01s Sys=0.00s Real=0.00s
[92.144s][info][gc,start       ] GC(208) Pause Young (Allocation Failure)
[92.146s][info][gc,heap        ] GC(208) PSYoungGen: 255552K(267776K)->64K(246272K) Eden: 255488K(255488K)->0K(245760K) From: 64K(12288K)->64K(512K)
[92.146s][info][gc,heap        ] GC(208) ParOldGen: 246570K(246784K)->246578K(246784K)
[92.146s][info][gc,metaspace   ] GC(208) Metaspace: 34992K(35712K)->34992K(35712K) NonClass: 25807K(26304K)->25807K(26304K) Class: 9185K(9408K)->9185K(9408K)
[92.146s][info][gc             ] GC(208) Pause Young (Allocation Failure) 490M->240M(481M) 1.899ms
[92.146s][info][gc,cpu         ] GC(208) User=0.00s Sys=0.00s Real=0.00s
[93.210s][info][gc,start       ] GC(209) Pause Young (Allocation Failure)
[93.211s][info][gc,heap        ] GC(209) PSYoungGen: 245824K(246272K)->64K(247296K) Eden: 245760K(245760K)->0K(236544K) From: 64K(512K)->64K(10752K)
[93.211s][info][gc,heap        ] GC(209) ParOldGen: 246578K(246784K)->246586K(246784K)
[93.212s][info][gc,metaspace   ] GC(209) Metaspace: 34996K(35712K)->34996K(35712K) NonClass: 25811K(26304K)->25811K(26304K) Class: 9185K(9408K)->9185K(9408K)
[93.212s][info][gc             ] GC(209) Pause Young (Allocation Failure) 480M->240M(482M) 1.259ms
[93.212s][info][gc,cpu         ] GC(209) User=0.00s Sys=0.00s Real=0.00s
[93.476s][info][gc,start       ] GC(210) Pause Young (Allocation Failure)
[93.478s][info][gc,heap        ] GC(210) PSYoungGen: 236608K(247296K)->64K(227840K) Eden: 236544K(236544K)->0K(227328K) From: 64K(10752K)->64K(512K)
[93.478s][info][gc,heap        ] GC(210) ParOldGen: 246586K(246784K)->246594K(246784K)
[93.478s][info][gc,metaspace   ] GC(210) Metaspace: 34996K(35712K)->34996K(35712K) NonClass: 25811K(26304K)->25811K(26304K) Class: 9185K(9408K)->9185K(9408K)
[93.478s][info][gc             ] GC(210) Pause Young (Allocation Failure) 471M->240M(463M) 1.837ms
[93.478s][info][gc,cpu         ] GC(210) User=0.01s Sys=0.01s Real=0.00s
[93.878s][info][gc,start       ] GC(211) Pause Young (Allocation Failure)
[93.879s][info][gc,heap        ] GC(211) PSYoungGen: 227392K(227840K)->64K(227840K) Eden: 227328K(227328K)->0K(218624K) From: 64K(512K)->64K(9216K)
[93.879s][info][gc,heap        ] GC(211) ParOldGen: 246594K(246784K)->246602K(246784K)
[93.879s][info][gc,metaspace   ] GC(211) Metaspace: 34996K(35712K)->34996K(35712K) NonClass: 25811K(26304K)->25811K(26304K) Class: 9185K(9408K)->9185K(9408K)
[93.879s][info][gc             ] GC(211) Pause Young (Allocation Failure) 462M->240M(463M) 1.557ms
[93.879s][info][gc,cpu         ] GC(211) User=0.00s Sys=0.00s Real=0.01s
[93.932s][info][gc,start       ] GC(212) Pause Young (Allocation Failure)
[93.934s][info][gc,heap        ] GC(212) PSYoungGen: 218688K(227840K)->64K(210944K) Eden: 218624K(218624K)->0K(210432K) From: 64K(9216K)->64K(512K)
[93.934s][info][gc,heap        ] GC(212) ParOldGen: 246602K(246784K)->246618K(246784K)
[93.934s][info][gc,metaspace   ] GC(212) Metaspace: 34996K(35712K)->34996K(35712K) NonClass: 25811K(26304K)->25811K(26304K) Class: 9185K(9408K)->9185K(9408K)
[93.934s][info][gc             ] GC(212) Pause Young (Allocation Failure) 454M->240M(447M) 2.292ms
[93.934s][info][gc,cpu         ] GC(212) User=0.00s Sys=0.00s Real=0.00s
[94.283s][info][gc,start       ] GC(213) Pause Young (Allocation Failure)
[94.284s][info][gc,heap        ] GC(213) PSYoungGen: 210496K(210944K)->64K(210944K) Eden: 210432K(210432K)->0K(202752K) From: 64K(512K)->64K(8192K)
[94.284s][info][gc,heap        ] GC(213) ParOldGen: 246618K(246784K)->246618K(246784K)
[94.284s][info][gc,metaspace   ] GC(213) Metaspace: 34996K(35712K)->34996K(35712K) NonClass: 25811K(26304K)->25811K(26304K) Class: 9185K(9408K)->9185K(9408K)
[94.284s][info][gc             ] GC(213) Pause Young (Allocation Failure) 446M->240M(447M) 1.213ms
[94.284s][info][gc,cpu         ] GC(213) User=0.00s Sys=0.00s Real=0.00s
[94.666s][info][gc,start       ] GC(214) Pause Young (Allocation Failure)
[94.668s][info][gc,heap        ] GC(214) PSYoungGen: 202816K(210944K)->64K(196096K) Eden: 202752K(202752K)->0K(195584K) From: 64K(8192K)->64K(512K)
[94.668s][info][gc,heap        ] GC(214) ParOldGen: 246618K(246784K)->246626K(246784K)
[94.668s][info][gc,metaspace   ] GC(214) Metaspace: 34996K(35712K)->34996K(35712K) NonClass: 25811K(26304K)->25811K(26304K) Class: 9185K(9408K)->9185K(9408K)
[94.668s][info][gc             ] GC(214) Pause Young (Allocation Failure) 438M->240M(432M) 2.212ms
[94.668s][info][gc,cpu         ] GC(214) User=0.00s Sys=0.00s Real=0.00s
[94.928s][info][gc,start       ] GC(215) Pause Young (Allocation Failure)
[94.929s][info][gc,heap        ] GC(215) PSYoungGen: 195648K(196096K)->32K(195072K) Eden: 195584K(195584K)->0K(188416K) From: 64K(512K)->32K(6656K)
[94.929s][info][gc,heap        ] GC(215) ParOldGen: 246626K(246784K)->246634K(246784K)
[94.929s][info][gc,metaspace   ] GC(215) Metaspace: 34996K(35712K)->34996K(35712K) NonClass: 25811K(26304K)->25811K(26304K) Class: 9185K(9408K)->9185K(9408K)
[94.929s][info][gc             ] GC(215) Pause Young (Allocation Failure) 431M->240M(431M) 1.751ms
[94.929s][info][gc,cpu         ] GC(215) User=0.00s Sys=0.00s Real=0.01s
[95.203s][info][gc,start       ] GC(216) Pause Young (Allocation Failure)
[95.236s][info][gc,heap        ] GC(216) PSYoungGen: 188448K(195072K)->6656K(232960K) Eden: 188416K(188416K)->0K(226304K) From: 32K(6656K)->6656K(6656K)
[95.236s][info][gc,heap        ] GC(216) ParOldGen: 246634K(246784K)->257242K(257536K)
[95.236s][info][gc,metaspace   ] GC(216) Metaspace: 34996K(35712K)->34996K(35712K) NonClass: 25811K(26304K)->25811K(26304K) Class: 9185K(9408K)->9185K(9408K)
[95.236s][info][gc             ] GC(216) Pause Young (Allocation Failure) 424M->257M(479M) 33.286ms
[95.236s][info][gc,cpu         ] GC(216) User=0.06s Sys=0.01s Real=0.03s
[95.531s][info][gc,start       ] GC(217) Pause Young (Allocation Failure)
[95.581s][info][gc,heap        ] GC(217) PSYoungGen: 232960K(232960K)->11776K(259584K) Eden: 226304K(226304K)->0K(247808K) From: 6656K(6656K)->11776K(11776K)
[95.581s][info][gc,heap        ] GC(217) ParOldGen: 257242K(257536K)->271538K(271872K)
[95.581s][info][gc,metaspace   ] GC(217) Metaspace: 34996K(35712K)->34996K(35712K) NonClass: 25811K(26304K)->25811K(26304K) Class: 9185K(9408K)->9185K(9408K)
[95.581s][info][gc             ] GC(217) Pause Young (Allocation Failure) 478M->276M(519M) 50.178ms
[95.581s][info][gc,cpu         ] GC(217) User=0.09s Sys=0.00s Real=0.05s
[95.821s][info][gc,start       ] GC(218) Pause Young (Allocation Failure)
[95.865s][info][gc,heap        ] GC(218) PSYoungGen: 259584K(259584K)->19584K(287744K) Eden: 247808K(247808K)->0K(267776K) From: 11776K(11776K)->19584K(19968K)
[95.865s][info][gc,heap        ] GC(218) ParOldGen: 271538K(271872K)->271922K(272384K)
[95.865s][info][gc,metaspace   ] GC(218) Metaspace: 34996K(35712K)->34996K(35712K) NonClass: 25811K(26304K)->25811K(26304K) Class: 9185K(9408K)->9185K(9408K)
[95.865s][info][gc             ] GC(218) Pause Young (Allocation Failure) 518M->284M(547M) 43.158ms
[95.865s][info][gc,cpu         ] GC(218) User=0.07s Sys=0.02s Real=0.04s
[96.029s][info][gc,start       ] GC(219) Pause Young (Allocation Failure)
[96.030s][info][gc,heap        ] GC(219) PSYoungGen: 287360K(287744K)->64K(291840K) Eden: 267776K(267776K)->0K(267776K) From: 19584K(19968K)->64K(24064K)
[96.031s][info][gc,heap        ] GC(219) ParOldGen: 271922K(272384K)->271930K(272384K)
[96.031s][info][gc,metaspace   ] GC(219) Metaspace: 34996K(35712K)->34996K(35712K) NonClass: 25811K(26304K)->25811K(26304K) Class: 9185K(9408K)->9185K(9408K)
[96.031s][info][gc             ] GC(219) Pause Young (Allocation Failure) 546M->265M(551M) 1.214ms
[96.031s][info][gc,cpu         ] GC(219) User=0.00s Sys=0.00s Real=0.00s
[96.726s][info][gc,start       ] GC(220) Pause Young (Allocation Failure)
[96.727s][info][gc,heap        ] GC(220) PSYoungGen: 267840K(291840K)->64K(307712K) Eden: 267776K(267776K)->0K(286720K) From: 64K(24064K)->64K(20992K)
[96.727s][info][gc,heap        ] GC(220) ParOldGen: 271930K(272384K)->271946K(272384K)
[96.727s][info][gc,metaspace   ] GC(220) Metaspace: 34996K(35712K)->34996K(35712K) NonClass: 25811K(26304K)->25811K(26304K) Class: 9185K(9408K)->9185K(9408K)
[96.727s][info][gc             ] GC(220) Pause Young (Allocation Failure) 527M->265M(566M) 1.162ms
[96.727s][info][gc,cpu         ] GC(220) User=0.00s Sys=0.00s Real=0.00s
[97.297s][info][gc,start       ] GC(221) Pause Young (Allocation Failure)
[97.299s][info][gc,heap        ] GC(221) PSYoungGen: 286784K(307712K)->64K(309248K) Eden: 286720K(286720K)->0K(286720K) From: 64K(20992K)->64K(22528K)
[97.299s][info][gc,heap        ] GC(221) ParOldGen: 271946K(272384K)->271946K(272384K)
[97.299s][info][gc,metaspace   ] GC(221) Metaspace: 34997K(35712K)->34997K(35712K) NonClass: 25812K(26304K)->25812K(26304K) Class: 9185K(9408K)->9185K(9408K)
[97.299s][info][gc             ] GC(221) Pause Young (Allocation Failure) 545M->265M(568M) 2.118ms
[97.299s][info][gc,cpu         ] GC(221) User=0.00s Sys=0.00s Real=0.01s
[97.518s][info][gc,start       ] GC(222) Pause Young (Allocation Failure)
[97.520s][info][gc,heap        ] GC(222) PSYoungGen: 286784K(309248K)->32K(308736K) Eden: 286720K(286720K)->0K(289792K) From: 64K(22528K)->32K(18944K)
[97.520s][info][gc,heap        ] GC(222) ParOldGen: 271946K(272384K)->271962K(272384K)
[97.520s][info][gc,metaspace   ] GC(222) Metaspace: 34997K(35712K)->34997K(35712K) NonClass: 25812K(26304K)->25812K(26304K) Class: 9185K(9408K)->9185K(9408K)
[97.520s][info][gc             ] GC(222) Pause Young (Allocation Failure) 545M->265M(567M) 2.129ms
[97.520s][info][gc,cpu         ] GC(222) User=0.00s Sys=0.00s Real=0.01s
[97.743s][info][gc,start       ] GC(223) Pause Young (Allocation Failure)
[97.745s][info][gc,heap        ] GC(223) PSYoungGen: 289824K(308736K)->64K(310272K) Eden: 289792K(289792K)->0K(289792K) From: 32K(18944K)->64K(20480K)
[97.745s][info][gc,heap        ] GC(223) ParOldGen: 271962K(272384K)->271962K(272384K)
[97.745s][info][gc,metaspace   ] GC(223) Metaspace: 34997K(35712K)->34997K(35712K) NonClass: 25812K(26304K)->25812K(26304K) Class: 9185K(9408K)->9185K(9408K)
[97.745s][info][gc             ] GC(223) Pause Young (Allocation Failure) 548M->265M(569M) 1.577ms
[97.745s][info][gc,cpu         ] GC(223) User=0.01s Sys=0.00s Real=0.00s
[98.095s][info][gc,start       ] GC(224) Pause Young (Allocation Failure)
[98.096s][info][gc,heap        ] GC(224) PSYoungGen: 289856K(310272K)->64K(310784K) Eden: 289792K(289792K)->0K(293888K) From: 64K(20480K)->64K(16896K)
[98.096s][info][gc,heap        ] GC(224) ParOldGen: 271962K(272384K)->271962K(272384K)
[98.096s][info][gc,metaspace   ] GC(224) Metaspace: 34997K(35712K)->34997K(35712K) NonClass: 25812K(26304K)->25812K(26304K) Class: 9185K(9408K)->9185K(9408K)
[98.096s][info][gc             ] GC(224) Pause Young (Allocation Failure) 548M->265M(569M) 1.053ms
[98.096s][info][gc,cpu         ] GC(224) User=0.01s Sys=0.00s Real=0.00s
[98.148s][info][gc,start       ] GC(225) Pause Young (Allocation Failure)
[98.149s][info][gc,heap        ] GC(225) PSYoungGen: 293952K(310784K)->64K(312320K) Eden: 293888K(293888K)->0K(293888K) From: 64K(16896K)->64K(18432K)
[98.149s][info][gc,heap        ] GC(225) ParOldGen: 271962K(272384K)->271978K(272384K)
[98.149s][info][gc,metaspace   ] GC(225) Metaspace: 34997K(35712K)->34997K(35712K) NonClass: 25812K(26304K)->25812K(26304K) Class: 9185K(9408K)->9185K(9408K)
[98.149s][info][gc             ] GC(225) Pause Young (Allocation Failure) 552M->265M(571M) 0.987ms
[98.149s][info][gc,cpu         ] GC(225) User=0.00s Sys=0.00s Real=0.01s
[98.199s][info][gc,start       ] GC(226) Pause Young (Allocation Failure)
[98.199s][info][gc,heap        ] GC(226) PSYoungGen: 293952K(312320K)->64K(312832K) Eden: 293888K(293888K)->0K(297472K) From: 64K(18432K)->64K(15360K)
[98.199s][info][gc,heap        ] GC(226) ParOldGen: 271978K(272384K)->271978K(272384K)
[98.199s][info][gc,metaspace   ] GC(226) Metaspace: 34997K(35712K)->34997K(35712K) NonClass: 25812K(26304K)->25812K(26304K) Class: 9185K(9408K)->9185K(9408K)
[98.200s][info][gc             ] GC(226) Pause Young (Allocation Failure) 552M->265M(571M) 0.912ms
[98.200s][info][gc,cpu         ] GC(226) User=0.00s Sys=0.00s Real=0.00s
[98.457s][info][gc,start       ] GC(227) Pause Young (Allocation Failure)
[98.458s][info][gc,heap        ] GC(227) PSYoungGen: 297536K(312832K)->64K(314368K) Eden: 297472K(297472K)->0K(297472K) From: 64K(15360K)->64K(16896K)
[98.458s][info][gc,heap        ] GC(227) ParOldGen: 271978K(272384K)->271978K(272384K)
[98.458s][info][gc,metaspace   ] GC(227) Metaspace: 34997K(35712K)->34997K(35712K) NonClass: 25812K(26304K)->25812K(26304K) Class: 9185K(9408K)->9185K(9408K)
[98.458s][info][gc             ] GC(227) Pause Young (Allocation Failure) 556M->265M(573M) 1.208ms
[98.458s][info][gc,cpu         ] GC(227) User=0.00s Sys=0.00s Real=0.00s
[98.715s][info][gc,start       ] GC(228) Pause Young (Allocation Failure)
[98.716s][info][gc,heap        ] GC(228) PSYoungGen: 297536K(314368K)->64K(314368K) Eden: 297472K(297472K)->0K(301056K) From: 64K(16896K)->64K(13312K)
[98.716s][info][gc,heap        ] GC(228) ParOldGen: 271978K(272384K)->271986K(272384K)
[98.716s][info][gc,metaspace   ] GC(228) Metaspace: 34997K(35712K)->34997K(35712K) NonClass: 25812K(26304K)->25812K(26304K) Class: 9185K(9408K)->9185K(9408K)
[98.716s][info][gc             ] GC(228) Pause Young (Allocation Failure) 556M->265M(573M) 1.284ms
[98.716s][info][gc,cpu         ] GC(228) User=0.00s Sys=0.00s Real=0.00s
[98.823s][info][gc,start       ] GC(229) Pause Young (Allocation Failure)
[98.825s][info][gc,heap        ] GC(229) PSYoungGen: 301120K(314368K)->64K(315904K) Eden: 301056K(301056K)->0K(301056K) From: 64K(13312K)->64K(14848K)
[98.825s][info][gc,heap        ] GC(229) ParOldGen: 271986K(272384K)->271994K(272384K)
[98.825s][info][gc,metaspace   ] GC(229) Metaspace: 34997K(35712K)->34997K(35712K) NonClass: 25812K(26304K)->25812K(26304K) Class: 9185K(9408K)->9185K(9408K)
[98.825s][info][gc             ] GC(229) Pause Young (Allocation Failure) 559M->265M(574M) 1.150ms
[98.825s][info][gc,cpu         ] GC(229) User=0.01s Sys=0.00s Real=0.00s
[98.956s][info][gc,start       ] GC(230) Pause Young (Allocation Failure)
[98.957s][info][gc,heap        ] GC(230) PSYoungGen: 301120K(315904K)->64K(289280K) Eden: 301056K(301056K)->0K(288768K) From: 64K(14848K)->64K(512K)
[98.957s][info][gc,heap        ] GC(230) ParOldGen: 271994K(272384K)->272002K(272384K)
[98.957s][info][gc,metaspace   ] GC(230) Metaspace: 34997K(35712K)->34997K(35712K) NonClass: 25812K(26304K)->25812K(26304K) Class: 9185K(9408K)->9185K(9408K)
[98.957s][info][gc             ] GC(230) Pause Young (Allocation Failure) 559M->265M(548M) 1.076ms
[98.957s][info][gc,cpu         ] GC(230) User=0.00s Sys=0.00s Real=0.00s
[99.333s][info][gc,start       ] GC(231) Pause Young (Allocation Failure)
[99.334s][info][gc,heap        ] GC(231) PSYoungGen: 288832K(289280K)->64K(290816K) Eden: 288768K(288768K)->0K(277504K) From: 64K(512K)->64K(13312K)
[99.334s][info][gc,heap        ] GC(231) ParOldGen: 272002K(272384K)->272010K(272384K)
[99.334s][info][gc,metaspace   ] GC(231) Metaspace: 34997K(35712K)->34997K(35712K) NonClass: 25812K(26304K)->25812K(26304K) Class: 9185K(9408K)->9185K(9408K)
[99.334s][info][gc             ] GC(231) Pause Young (Allocation Failure) 547M->265M(550M) 1.108ms
[99.334s][info][gc,cpu         ] GC(231) User=0.00s Sys=0.00s Real=0.00s
[99.975s][info][gc,start       ] GC(232) Pause Young (Allocation Failure)
[99.976s][info][gc,heap        ] GC(232) PSYoungGen: 277568K(290816K)->64K(267264K) Eden: 277504K(277504K)->0K(266752K) From: 64K(13312K)->64K(512K)
[99.976s][info][gc,heap        ] GC(232) ParOldGen: 272010K(272384K)->272018K(272384K)
[99.976s][info][gc,metaspace   ] GC(232) Metaspace: 34997K(35712K)->34997K(35712K) NonClass: 25812K(26304K)->25812K(26304K) Class: 9185K(9408K)->9185K(9408K)
[99.976s][info][gc             ] GC(232) Pause Young (Allocation Failure) 536M->265M(527M) 1.321ms
[99.976s][info][gc,cpu         ] GC(232) User=0.01s Sys=0.00s Real=0.00s
[100.913s][info][gc,start       ] GC(233) Pause Young (Allocation Failure)
[100.915s][info][gc,heap        ] GC(233) PSYoungGen: 266816K(267264K)->64K(268288K) Eden: 266752K(266752K)->0K(256512K) From: 64K(512K)->64K(11776K)
[100.915s][info][gc,heap        ] GC(233) ParOldGen: 272018K(272384K)->272026K(272384K)
[100.915s][info][gc,metaspace   ] GC(233) Metaspace: 34997K(35712K)->34997K(35712K) NonClass: 25812K(26304K)->25812K(26304K) Class: 9185K(9408K)->9185K(9408K)
[100.915s][info][gc             ] GC(233) Pause Young (Allocation Failure) 526M->265M(528M) 2.121ms
[100.915s][info][gc,cpu         ] GC(233) User=0.00s Sys=0.00s Real=0.00s
[101.305s][info][gc,start       ] GC(234) Pause Young (Allocation Failure)
[101.308s][info][gc,heap        ] GC(234) PSYoungGen: 256576K(268288K)->64K(247296K) Eden: 256512K(256512K)->0K(246784K) From: 64K(11776K)->64K(512K)
[101.308s][info][gc,heap        ] GC(234) ParOldGen: 272026K(272384K)->272034K(272384K)
[101.308s][info][gc,metaspace   ] GC(234) Metaspace: 34997K(35712K)->34997K(35712K) NonClass: 25812K(26304K)->25812K(26304K) Class: 9185K(9408K)->9185K(9408K)
[101.308s][info][gc             ] GC(234) Pause Young (Allocation Failure) 516M->265M(507M) 2.578ms
[101.308s][info][gc,cpu         ] GC(234) User=0.00s Sys=0.00s Real=0.00s
[102.315s][info][gc,start       ] GC(235) Pause Young (Allocation Failure)
[102.317s][info][gc,heap        ] GC(235) PSYoungGen: 246848K(247296K)->64K(247296K) Eden: 246784K(246784K)->0K(237056K) From: 64K(512K)->64K(10240K)
[102.317s][info][gc,heap        ] GC(235) ParOldGen: 272034K(272384K)->272042K(272384K)
[102.317s][info][gc,metaspace   ] GC(235) Metaspace: 34997K(35712K)->34997K(35712K) NonClass: 25812K(26304K)->25812K(26304K) Class: 9185K(9408K)->9185K(9408K)
[102.318s][info][gc             ] GC(235) Pause Young (Allocation Failure) 506M->265M(507M) 2.277ms
[102.318s][info][gc,cpu         ] GC(235) User=0.01s Sys=0.00s Real=0.00s
[102.571s][info][gc,start       ] GC(236) Pause Young (Allocation Failure)
[102.576s][info][gc,heap        ] GC(236) PSYoungGen: 237120K(247296K)->64K(228352K) Eden: 237056K(237056K)->0K(227840K) From: 64K(10240K)->64K(512K)
[102.576s][info][gc,heap        ] GC(236) ParOldGen: 272042K(272384K)->272058K(272384K)
[102.576s][info][gc,metaspace   ] GC(236) Metaspace: 34997K(35712K)->34997K(35712K) NonClass: 25812K(26304K)->25812K(26304K) Class: 9185K(9408K)->9185K(9408K)
[102.576s][info][gc             ] GC(236) Pause Young (Allocation Failure) 497M->265M(489M) 4.395ms
[102.576s][info][gc,cpu         ] GC(236) User=0.01s Sys=0.01s Real=0.00s
[102.947s][info][gc,start       ] GC(237) Pause Young (Allocation Failure)
[102.949s][info][gc,heap        ] GC(237) PSYoungGen: 227904K(228352K)->32K(227840K) Eden: 227840K(227840K)->0K(219136K) From: 64K(512K)->32K(8704K)
[102.949s][info][gc,heap        ] GC(237) ParOldGen: 272058K(272384K)->272066K(272384K)
[102.949s][info][gc,metaspace   ] GC(237) Metaspace: 34997K(35712K)->34997K(35712K) NonClass: 25812K(26304K)->25812K(26304K) Class: 9185K(9408K)->9185K(9408K)
[102.949s][info][gc             ] GC(237) Pause Young (Allocation Failure) 488M->265M(488M) 2.312ms
[102.949s][info][gc,cpu         ] GC(237) User=0.00s Sys=0.00s Real=0.01s
[103.002s][info][gc,start       ] GC(238) Pause Young (Allocation Failure)
[103.006s][info][gc,heap        ] GC(238) PSYoungGen: 219168K(227840K)->32K(263680K) Eden: 219136K(219136K)->0K(263168K) From: 32K(8704K)->32K(512K)
[103.006s][info][gc,heap        ] GC(238) ParOldGen: 272066K(272384K)->272082K(272384K)
[103.006s][info][gc,metaspace   ] GC(238) Metaspace: 34997K(35712K)->34997K(35712K) NonClass: 25812K(26304K)->25812K(26304K) Class: 9185K(9408K)->9185K(9408K)
[103.006s][info][gc             ] GC(238) Pause Young (Allocation Failure) 479M->265M(523M) 3.610ms
[103.006s][info][gc,cpu         ] GC(238) User=0.01s Sys=0.00s Real=0.00s
[103.556s][info][gc,start       ] GC(239) Pause Young (Allocation Failure)
[103.558s][info][gc,heap        ] GC(239) PSYoungGen: 263200K(263680K)->64K(273920K) Eden: 263168K(263168K)->0K(266240K) From: 32K(512K)->64K(7680K)
[103.558s][info][gc,heap        ] GC(239) ParOldGen: 272082K(272384K)->272082K(272384K)
[103.558s][info][gc,metaspace   ] GC(239) Metaspace: 34997K(35712K)->34997K(35712K) NonClass: 25812K(26304K)->25812K(26304K) Class: 9185K(9408K)->9185K(9408K)
[103.558s][info][gc             ] GC(239) Pause Young (Allocation Failure) 522M->265M(533M) 2.261ms
[103.558s][info][gc,cpu         ] GC(239) User=0.00s Sys=0.00s Real=0.00s
[103.902s][info][gc,start       ] GC(240) Pause Young (Allocation Failure)
[103.903s][info][gc,heap        ] GC(240) PSYoungGen: 266304K(273920K)->64K(323584K) Eden: 266240K(266240K)->0K(316416K) From: 64K(7680K)->64K(7168K)
[103.903s][info][gc,heap        ] GC(240) ParOldGen: 272082K(272384K)->272098K(272384K)
[103.903s][info][gc,metaspace   ] GC(240) Metaspace: 34997K(35712K)->34997K(35712K) NonClass: 25812K(26304K)->25812K(26304K) Class: 9185K(9408K)->9185K(9408K)
[103.904s][info][gc             ] GC(240) Pause Young (Allocation Failure) 525M->265M(582M) 1.691ms
[103.904s][info][gc,cpu         ] GC(240) User=0.00s Sys=0.00s Real=0.00s
[104.389s][info][gc,start       ] GC(241) Pause Young (Allocation Failure)
[104.442s][info][gc,heap        ] GC(241) PSYoungGen: 316480K(323584K)->6656K(323072K) Eden: 316416K(316416K)->0K(316416K) From: 64K(7168K)->6656K(6656K)
[104.442s][info][gc,heap        ] GC(241) ParOldGen: 272098K(272384K)->290626K(290816K)
[104.442s][info][gc,metaspace   ] GC(241) Metaspace: 34997K(35712K)->34997K(35712K) NonClass: 25812K(26304K)->25812K(26304K) Class: 9185K(9408K)->9185K(9408K)
[104.442s][info][gc             ] GC(241) Pause Young (Allocation Failure) 574M->290M(599M) 52.617ms
[104.442s][info][gc,cpu         ] GC(241) User=0.09s Sys=0.01s Real=0.05s
[104.846s][info][gc,start       ] GC(242) Pause Young (Allocation Failure)
[104.928s][info][gc,heap        ] GC(242) PSYoungGen: 323072K(323072K)->10752K(292352K) Eden: 316416K(316416K)->0K(281600K) From: 6656K(6656K)->10752K(10752K)
[104.928s][info][gc,heap        ] GC(242) ParOldGen: 290626K(290816K)->316434K(316928K)
[104.928s][info][gc,metaspace   ] GC(242) Metaspace: 34997K(35712K)->34997K(35712K) NonClass: 25812K(26304K)->25812K(26304K) Class: 9185K(9408K)->9185K(9408K)
[104.928s][info][gc             ] GC(242) Pause Young (Allocation Failure) 599M->319M(595M) 81.880ms
[104.928s][info][gc,cpu         ] GC(242) User=0.13s Sys=0.03s Real=0.08s
[105.025s][info][gc,start       ] GC(243) Pause Young (Allocation Failure)
[105.035s][info][gc,heap        ] GC(243) PSYoungGen: 292352K(292352K)->1440K(307712K) Eden: 281600K(281600K)->0K(281600K) From: 10752K(10752K)->1440K(26112K)
[105.035s][info][gc,heap        ] GC(243) ParOldGen: 316434K(316928K)->317122K(317440K)
[105.035s][info][gc,metaspace   ] GC(243) Metaspace: 34997K(35712K)->34997K(35712K) NonClass: 25812K(26304K)->25812K(26304K) Class: 9185K(9408K)->9185K(9408K)
[105.035s][info][gc             ] GC(243) Pause Young (Allocation Failure) 594M->311M(610M) 10.415ms
[105.035s][info][gc,cpu         ] GC(243) User=0.02s Sys=0.00s Real=0.01s
[105.671s][info][gc,start       ] GC(244) Pause Young (Allocation Failure)
[105.673s][info][gc,heap        ] GC(244) PSYoungGen: 283040K(307712K)->64K(304640K) Eden: 281600K(281600K)->0K(282624K) From: 1440K(26112K)->64K(22016K)
[105.673s][info][gc,heap        ] GC(244) ParOldGen: 317122K(317440K)->317130K(317440K)
[105.673s][info][gc,metaspace   ] GC(244) Metaspace: 34997K(35712K)->34997K(35712K) NonClass: 25812K(26304K)->25812K(26304K) Class: 9185K(9408K)->9185K(9408K)
[105.673s][info][gc             ] GC(244) Pause Young (Allocation Failure) 586M->309M(607M) 1.559ms
[105.673s][info][gc,cpu         ] GC(244) User=0.01s Sys=0.01s Real=0.00s
[106.080s][info][gc,start       ] GC(245) Pause Young (Allocation Failure)
[106.081s][info][gc,heap        ] GC(245) PSYoungGen: 282688K(304640K)->64K(306688K) Eden: 282624K(282624K)->0K(282624K) From: 64K(22016K)->64K(24064K)
[106.081s][info][gc,heap        ] GC(245) ParOldGen: 317130K(317440K)->317138K(317440K)
[106.081s][info][gc,metaspace   ] GC(245) Metaspace: 34997K(35712K)->34997K(35712K) NonClass: 25812K(26304K)->25812K(26304K) Class: 9185K(9408K)->9185K(9408K)
[106.081s][info][gc             ] GC(245) Pause Young (Allocation Failure) 585M->309M(609M) 1.244ms
[106.081s][info][gc,cpu         ] GC(245) User=0.00s Sys=0.00s Real=0.00s
[106.511s][info][gc,start       ] GC(246) Pause Young (Allocation Failure)
[106.512s][info][gc,heap        ] GC(246) PSYoungGen: 282688K(306688K)->64K(307200K) Eden: 282624K(282624K)->0K(286208K) From: 64K(24064K)->64K(20992K)
[106.512s][info][gc,heap        ] GC(246) ParOldGen: 317138K(317440K)->317154K(317440K)
[106.512s][info][gc,metaspace   ] GC(246) Metaspace: 34997K(35712K)->34997K(35712K) NonClass: 25812K(26304K)->25812K(26304K) Class: 9185K(9408K)->9185K(9408K)
[106.512s][info][gc             ] GC(246) Pause Young (Allocation Failure) 585M->309M(610M) 1.323ms
[106.512s][info][gc,cpu         ] GC(246) User=0.00s Sys=0.00s Real=0.00s
[106.735s][info][gc,start       ] GC(247) Pause Young (Allocation Failure)
[106.736s][info][gc,heap        ] GC(247) PSYoungGen: 286272K(307200K)->64K(308736K) Eden: 286208K(286208K)->0K(286208K) From: 64K(20992K)->64K(22528K)
[106.736s][info][gc,heap        ] GC(247) ParOldGen: 317154K(317440K)->317170K(317440K)
[106.736s][info][gc,metaspace   ] GC(247) Metaspace: 34997K(35712K)->34997K(35712K) NonClass: 25812K(26304K)->25812K(26304K) Class: 9185K(9408K)->9185K(9408K)
[106.736s][info][gc             ] GC(247) Pause Young (Allocation Failure) 589M->309M(611M) 1.285ms
[106.736s][info][gc,cpu         ] GC(247) User=0.00s Sys=0.00s Real=0.00s
[107.086s][info][gc,start       ] GC(248) Pause Young (Allocation Failure)
[107.087s][info][gc,heap        ] GC(248) PSYoungGen: 286272K(308736K)->64K(308736K) Eden: 286208K(286208K)->0K(289792K) From: 64K(22528K)->64K(18944K)
[107.087s][info][gc,heap        ] GC(248) ParOldGen: 317170K(317440K)->317170K(317440K)
[107.087s][info][gc,metaspace   ] GC(248) Metaspace: 34997K(35712K)->34997K(35712K) NonClass: 25812K(26304K)->25812K(26304K) Class: 9185K(9408K)->9185K(9408K)
[107.087s][info][gc             ] GC(248) Pause Young (Allocation Failure) 589M->309M(611M) 1.424ms
[107.087s][info][gc,cpu         ] GC(248) User=0.00s Sys=0.00s Real=0.00s
[107.200s][info][gc,start       ] GC(249) Pause Young (Allocation Failure)
[107.201s][info][gc,heap        ] GC(249) PSYoungGen: 289856K(308736K)->64K(310272K) Eden: 289792K(289792K)->0K(289792K) From: 64K(18944K)->64K(20480K)
[107.201s][info][gc,heap        ] GC(249) ParOldGen: 317170K(317440K)->317178K(317440K)
[107.201s][info][gc,metaspace   ] GC(249) Metaspace: 34997K(35712K)->34997K(35712K) NonClass: 25812K(26304K)->25812K(26304K) Class: 9185K(9408K)->9185K(9408K)
[107.201s][info][gc             ] GC(249) Pause Young (Allocation Failure) 592M->309M(613M) 1.301ms
[107.201s][info][gc,cpu         ] GC(249) User=0.00s Sys=0.00s Real=0.00s
[107.251s][info][gc,start       ] GC(250) Pause Young (Allocation Failure)
[107.252s][info][gc,heap        ] GC(250) PSYoungGen: 289856K(310272K)->64K(311296K) Eden: 289792K(289792K)->0K(294400K) From: 64K(20480K)->64K(16896K)
[107.252s][info][gc,heap        ] GC(250) ParOldGen: 317178K(317440K)->317194K(317440K)
[107.252s][info][gc,metaspace   ] GC(250) Metaspace: 34997K(35712K)->34997K(35712K) NonClass: 25812K(26304K)->25812K(26304K) Class: 9185K(9408K)->9185K(9408K)
[107.252s][info][gc             ] GC(250) Pause Young (Allocation Failure) 592M->309M(614M) 1.216ms
[107.252s][info][gc,cpu         ] GC(250) User=0.00s Sys=0.00s Real=0.00s
[107.450s][info][gc,start       ] GC(251) Pause Young (Allocation Failure)
[107.452s][info][gc,heap        ] GC(251) PSYoungGen: 294464K(311296K)->64K(312320K) Eden: 294400K(294400K)->0K(294400K) From: 64K(16896K)->64K(17920K)
[107.452s][info][gc,heap        ] GC(251) ParOldGen: 317194K(317440K)->317194K(317440K)
[107.452s][info][gc,metaspace   ] GC(251) Metaspace: 34997K(35712K)->34997K(35712K) NonClass: 25812K(26304K)->25812K(26304K) Class: 9185K(9408K)->9185K(9408K)
[107.452s][info][gc             ] GC(251) Pause Young (Allocation Failure) 597M->309M(615M) 1.889ms
[107.452s][info][gc,cpu         ] GC(251) User=0.00s Sys=0.00s Real=0.00s
[107.763s][info][gc,start       ] GC(252) Pause Young (Allocation Failure)
[107.765s][info][gc,heap        ] GC(252) PSYoungGen: 294464K(312320K)->64K(313856K) Eden: 294400K(294400K)->0K(299008K) From: 64K(17920K)->64K(14848K)
[107.765s][info][gc,heap        ] GC(252) ParOldGen: 317194K(317440K)->317202K(317440K)
[107.765s][info][gc,metaspace   ] GC(252) Metaspace: 34998K(35712K)->34998K(35712K) NonClass: 25813K(26304K)->25813K(26304K) Class: 9185K(9408K)->9185K(9408K)
[107.765s][info][gc             ] GC(252) Pause Young (Allocation Failure) 597M->309M(616M) 1.914ms
[107.765s][info][gc,cpu         ] GC(252) User=0.00s Sys=0.00s Real=0.00s
[107.917s][info][gc,start       ] GC(253) Pause Young (Allocation Failure)
[107.918s][info][gc,heap        ] GC(253) PSYoungGen: 299072K(313856K)->64K(314880K) Eden: 299008K(299008K)->0K(299008K) From: 64K(14848K)->64K(15872K)
[107.918s][info][gc,heap        ] GC(253) ParOldGen: 317202K(317440K)->317210K(317440K)
[107.918s][info][gc,metaspace   ] GC(253) Metaspace: 34998K(35712K)->34998K(35712K) NonClass: 25813K(26304K)->25813K(26304K) Class: 9185K(9408K)->9185K(9408K)
[107.918s][info][gc             ] GC(253) Pause Young (Allocation Failure) 601M->309M(617M) 1.340ms
[107.918s][info][gc,cpu         ] GC(253) User=0.00s Sys=0.00s Real=0.00s
[108.016s][info][gc,start       ] GC(254) Pause Young (Allocation Failure)
[108.017s][info][gc,heap        ] GC(254) PSYoungGen: 299072K(314880K)->64K(315392K) Eden: 299008K(299008K)->0K(302592K) From: 64K(15872K)->64K(12800K)
[108.017s][info][gc,heap        ] GC(254) ParOldGen: 317210K(317440K)->317218K(317440K)
[108.017s][info][gc,metaspace   ] GC(254) Metaspace: 34998K(35712K)->34998K(35712K) NonClass: 25813K(26304K)->25813K(26304K) Class: 9185K(9408K)->9185K(9408K)
[108.017s][info][gc             ] GC(254) Pause Young (Allocation Failure) 601M->309M(618M) 1.225ms
[108.017s][info][gc,cpu         ] GC(254) User=0.00s Sys=0.00s Real=0.00s
[108.206s][info][gc,start       ] GC(255) Pause Young (Allocation Failure)
[108.208s][info][gc,heap        ] GC(255) PSYoungGen: 302656K(315392K)->64K(290816K) Eden: 302592K(302592K)->0K(290304K) From: 64K(12800K)->64K(512K)
[108.208s][info][gc,heap        ] GC(255) ParOldGen: 317218K(317440K)->317226K(317440K)
[108.208s][info][gc,metaspace   ] GC(255) Metaspace: 34998K(35712K)->34998K(35712K) NonClass: 25813K(26304K)->25813K(26304K) Class: 9185K(9408K)->9185K(9408K)
[108.208s][info][gc             ] GC(255) Pause Young (Allocation Failure) 605M->309M(594M) 1.790ms
[108.208s][info][gc,cpu         ] GC(255) User=0.00s Sys=0.00s Real=0.00s
[109.078s][info][gc,start       ] GC(256) Pause Young (Allocation Failure)
[109.081s][info][gc,heap        ] GC(256) PSYoungGen: 290368K(290816K)->64K(279040K) Eden: 290304K(290304K)->0K(278528K) From: 64K(512K)->64K(512K)
[109.081s][info][gc,heap        ] GC(256) ParOldGen: 317226K(317440K)->317234K(317440K)
[109.081s][info][gc,metaspace   ] GC(256) Metaspace: 34998K(35712K)->34998K(35712K) NonClass: 25813K(26304K)->25813K(26304K) Class: 9185K(9408K)->9185K(9408K)
[109.081s][info][gc             ] GC(256) Pause Young (Allocation Failure) 593M->309M(582M) 2.227ms
[109.081s][info][gc,cpu         ] GC(256) User=0.00s Sys=0.00s Real=0.01s
[109.923s][info][gc,start       ] GC(257) Pause Young (Allocation Failure)
[109.924s][info][gc,heap        ] GC(257) PSYoungGen: 278592K(279040K)->64K(279552K) Eden: 278528K(278528K)->0K(267264K) From: 64K(512K)->64K(12288K)
[109.924s][info][gc,heap        ] GC(257) ParOldGen: 317234K(317440K)->317242K(317440K)
[109.924s][info][gc,metaspace   ] GC(257) Metaspace: 34998K(35712K)->34998K(35712K) NonClass: 25813K(26304K)->25813K(26304K) Class: 9185K(9408K)->9185K(9408K)
[109.924s][info][gc             ] GC(257) Pause Young (Allocation Failure) 581M->309M(583M) 1.104ms
[109.924s][info][gc,cpu         ] GC(257) User=0.00s Sys=0.00s Real=0.00s
[110.303s][info][gc,start       ] GC(258) Pause Young (Allocation Failure)
[110.305s][info][gc,heap        ] GC(258) PSYoungGen: 267328K(279552K)->64K(257536K) Eden: 267264K(267264K)->0K(257024K) From: 64K(12288K)->64K(512K)
[110.305s][info][gc,heap        ] GC(258) ParOldGen: 317242K(317440K)->317250K(317440K)
[110.305s][info][gc,metaspace   ] GC(258) Metaspace: 34998K(35712K)->34998K(35712K) NonClass: 25813K(26304K)->25813K(26304K) Class: 9185K(9408K)->9185K(9408K)
[110.305s][info][gc             ] GC(258) Pause Young (Allocation Failure) 570M->309M(561M) 2.029ms
[110.305s][info][gc,cpu         ] GC(258) User=0.00s Sys=0.00s Real=0.00s
[111.337s][info][gc,start       ] GC(259) Pause Young (Allocation Failure)
[111.338s][info][gc,heap        ] GC(259) PSYoungGen: 257088K(257536K)->64K(257536K) Eden: 257024K(257024K)->0K(246784K) From: 64K(512K)->64K(10752K)
[111.338s][info][gc,heap        ] GC(259) ParOldGen: 317250K(317440K)->317258K(317440K)
[111.338s][info][gc,metaspace   ] GC(259) Metaspace: 34998K(35712K)->34998K(35712K) NonClass: 25813K(26304K)->25813K(26304K) Class: 9185K(9408K)->9185K(9408K)
[111.338s][info][gc             ] GC(259) Pause Young (Allocation Failure) 560M->309M(561M) 1.412ms
[111.338s][info][gc,cpu         ] GC(259) User=0.01s Sys=0.00s Real=0.00s
[111.573s][info][gc,start       ] GC(260) Pause Young (Allocation Failure)
[111.575s][info][gc,heap        ] GC(260) PSYoungGen: 246848K(257536K)->64K(237568K) Eden: 246784K(246784K)->0K(237056K) From: 64K(10752K)->64K(512K)
[111.575s][info][gc,heap        ] GC(260) ParOldGen: 317258K(317440K)->317266K(317440K)
[111.575s][info][gc,metaspace   ] GC(260) Metaspace: 34998K(35712K)->34998K(35712K) NonClass: 25813K(26304K)->25813K(26304K) Class: 9185K(9408K)->9185K(9408K)
[111.575s][info][gc             ] GC(260) Pause Young (Allocation Failure) 550M->309M(542M) 2.255ms
[111.575s][info][gc,cpu         ] GC(260) User=0.01s Sys=0.00s Real=0.00s
[111.932s][info][gc,start       ] GC(261) Pause Young (Allocation Failure)
[111.933s][info][gc,heap        ] GC(261) PSYoungGen: 237120K(237568K)->64K(237568K) Eden: 237056K(237056K)->0K(227840K) From: 64K(512K)->64K(9728K)
[111.933s][info][gc,heap        ] GC(261) ParOldGen: 317266K(317440K)->317274K(317440K)
[111.933s][info][gc,metaspace   ] GC(261) Metaspace: 34998K(35712K)->34998K(35712K) NonClass: 25813K(26304K)->25813K(26304K) Class: 9185K(9408K)->9185K(9408K)
[111.933s][info][gc             ] GC(261) Pause Young (Allocation Failure) 541M->309M(542M) 1.349ms
[111.933s][info][gc,cpu         ] GC(261) User=0.00s Sys=0.00s Real=0.00s
[112.011s][info][gc,start       ] GC(262) Pause Young (Allocation Failure)
[112.014s][info][gc,heap        ] GC(262) PSYoungGen: 227904K(237568K)->64K(219648K) Eden: 227840K(227840K)->0K(219136K) From: 64K(9728K)->64K(512K)
[112.014s][info][gc,heap        ] GC(262) ParOldGen: 317274K(317440K)->317290K(317440K)
[112.014s][info][gc,metaspace   ] GC(262) Metaspace: 34998K(35712K)->34998K(35712K) NonClass: 25813K(26304K)->25813K(26304K) Class: 9185K(9408K)->9185K(9408K)
[112.014s][info][gc             ] GC(262) Pause Young (Allocation Failure) 532M->309M(524M) 2.989ms
[112.014s][info][gc,cpu         ] GC(262) User=0.00s Sys=0.00s Real=0.00s
[112.468s][info][gc,start       ] GC(263) Pause Young (Allocation Failure)
[112.470s][info][gc,heap        ] GC(263) PSYoungGen: 219200K(219648K)->64K(219136K) Eden: 219136K(219136K)->0K(210944K) From: 64K(512K)->64K(8192K)
[112.470s][info][gc,heap        ] GC(263) ParOldGen: 317290K(317440K)->317298K(317440K)
[112.470s][info][gc,metaspace   ] GC(263) Metaspace: 34998K(35712K)->34998K(35712K) NonClass: 25813K(26304K)->25813K(26304K) Class: 9185K(9408K)->9185K(9408K)
[112.470s][info][gc             ] GC(263) Pause Young (Allocation Failure) 523M->309M(524M) 2.268ms
[112.470s][info][gc,cpu         ] GC(263) User=0.00s Sys=0.00s Real=0.01s
[112.763s][info][gc,start       ] GC(264) Pause Young (Allocation Failure)
[112.766s][info][gc,heap        ] GC(264) PSYoungGen: 211008K(219136K)->64K(203776K) Eden: 210944K(210944K)->0K(203264K) From: 64K(8192K)->64K(512K)
[112.766s][info][gc,heap        ] GC(264) ParOldGen: 317298K(317440K)->317314K(317440K)
[112.767s][info][gc,metaspace   ] GC(264) Metaspace: 34998K(35712K)->34998K(35712K) NonClass: 25813K(26304K)->25813K(26304K) Class: 9185K(9408K)->9185K(9408K)
[112.767s][info][gc             ] GC(264) Pause Young (Allocation Failure) 515M->309M(509M) 3.155ms
[112.767s][info][gc,cpu         ] GC(264) User=0.00s Sys=0.00s Real=0.00s
[113.108s][info][gc,start       ] GC(265) Pause Young (Allocation Failure)
[113.114s][info][gc,heap        ] GC(265) PSYoungGen: 203328K(203776K)->2496K(251392K) Eden: 203264K(203264K)->0K(244224K) From: 64K(512K)->2496K(7168K)
[113.115s][info][gc,heap        ] GC(265) ParOldGen: 317314K(317440K)->317322K(317440K)
[113.115s][info][gc,metaspace   ] GC(265) Metaspace: 34998K(35712K)->34998K(35712K) NonClass: 25813K(26304K)->25813K(26304K) Class: 9185K(9408K)->9185K(9408K)
[113.115s][info][gc             ] GC(265) Pause Young (Allocation Failure) 508M->312M(555M) 6.901ms
[113.115s][info][gc,cpu         ] GC(265) User=0.01s Sys=0.00s Real=0.01s
[113.423s][info][gc,start       ] GC(266) Pause Young (Allocation Failure)
[113.478s][info][gc,heap        ] GC(266) PSYoungGen: 246720K(251392K)->7168K(253440K) Eden: 244224K(244224K)->0K(246272K) From: 2496K(7168K)->7168K(7168K)
[113.478s][info][gc,heap        ] GC(266) ParOldGen: 317322K(317440K)->337994K(338432K)
[113.478s][info][gc,metaspace   ] GC(266) Metaspace: 34998K(35712K)->34998K(35712K) NonClass: 25813K(26304K)->25813K(26304K) Class: 9185K(9408K)->9185K(9408K)
[113.478s][info][gc             ] GC(266) Pause Young (Allocation Failure) 550M->337M(578M) 54.213ms
[113.478s][info][gc,cpu         ] GC(266) User=0.09s Sys=0.01s Real=0.05s
[113.790s][info][gc,start       ] GC(267) Pause Young (Allocation Failure)
[113.842s][info][gc,heap        ] GC(267) PSYoungGen: 253440K(253440K)->16384K(262656K) Eden: 246272K(246272K)->0K(246272K) From: 7168K(7168K)->16384K(16384K)
[113.842s][info][gc,heap        ] GC(267) ParOldGen: 337994K(338432K)->350218K(350720K)
[113.842s][info][gc,metaspace   ] GC(267) Metaspace: 34998K(35712K)->34998K(35712K) NonClass: 25813K(26304K)->25813K(26304K) Class: 9185K(9408K)->9185K(9408K)
[113.842s][info][gc             ] GC(267) Pause Young (Allocation Failure) 577M->358M(599M) 52.714ms
[113.842s][info][gc,cpu         ] GC(267) User=0.09s Sys=0.01s Real=0.05s
[113.940s][info][gc,start       ] GC(268) Pause Young (Allocation Failure)
[113.953s][info][gc,heap        ] GC(268) PSYoungGen: 262656K(262656K)->4320K(310784K) Eden: 246272K(246272K)->0K(286208K) From: 16384K(16384K)->4320K(24576K)
[113.953s][info][gc,heap        ] GC(268) ParOldGen: 350218K(350720K)->350538K(350720K)
[113.953s][info][gc,metaspace   ] GC(268) Metaspace: 34998K(35712K)->34998K(35712K) NonClass: 25813K(26304K)->25813K(26304K) Class: 9185K(9408K)->9185K(9408K)
[113.953s][info][gc             ] GC(268) Pause Young (Allocation Failure) 598M->346M(646M) 12.669ms
[113.953s][info][gc,cpu         ] GC(268) User=0.02s Sys=0.01s Real=0.01s
[114.479s][info][gc,start       ] GC(269) Pause Young (Allocation Failure)
[114.480s][info][gc,heap        ] GC(269) PSYoungGen: 290528K(310784K)->64K(286720K) Eden: 286208K(286208K)->0K(286208K) From: 4320K(24576K)->64K(512K)
[114.480s][info][gc,heap        ] GC(269) ParOldGen: 350538K(350720K)->350546K(350720K)
[114.480s][info][gc,metaspace   ] GC(269) Metaspace: 34998K(35712K)->34998K(35712K) NonClass: 25813K(26304K)->25813K(26304K) Class: 9185K(9408K)->9185K(9408K)
[114.480s][info][gc             ] GC(269) Pause Young (Allocation Failure) 626M->342M(622M) 1.407ms
[114.480s][info][gc,cpu         ] GC(269) User=0.00s Sys=0.00s Real=0.00s
[114.988s][info][gc,start       ] GC(270) Pause Young (Allocation Failure)
[114.989s][info][gc,heap        ] GC(270) PSYoungGen: 286272K(286720K)->64K(309760K) Eden: 286208K(286208K)->0K(287232K) From: 64K(512K)->64K(22528K)
[114.989s][info][gc,heap        ] GC(270) ParOldGen: 350546K(350720K)->350554K(350720K)
[114.989s][info][gc,metaspace   ] GC(270) Metaspace: 34998K(35712K)->34998K(35712K) NonClass: 25813K(26304K)->25813K(26304K) Class: 9185K(9408K)->9185K(9408K)
[114.989s][info][gc             ] GC(270) Pause Young (Allocation Failure) 621M->342M(645M) 1.356ms
[114.989s][info][gc,cpu         ] GC(270) User=0.00s Sys=0.00s Real=0.01s
[115.424s][info][gc,start       ] GC(271) Pause Young (Allocation Failure)
[115.426s][info][gc,heap        ] GC(271) PSYoungGen: 287296K(309760K)->64K(308736K) Eden: 287232K(287232K)->0K(287232K) From: 64K(22528K)->64K(21504K)
[115.426s][info][gc,heap        ] GC(271) ParOldGen: 350554K(350720K)->350570K(350720K)
[115.426s][info][gc,metaspace   ] GC(271) Metaspace: 34998K(35712K)->34998K(35712K) NonClass: 25813K(26304K)->25813K(26304K) Class: 9185K(9408K)->9185K(9408K)
[115.426s][info][gc             ] GC(271) Pause Young (Allocation Failure) 622M->342M(644M) 1.602ms
[115.426s][info][gc,cpu         ] GC(271) User=0.00s Sys=0.00s Real=0.00s
[115.644s][info][gc,start       ] GC(272) Pause Young (Allocation Failure)
[115.645s][info][gc,heap        ] GC(272) PSYoungGen: 287296K(308736K)->64K(310784K) Eden: 287232K(287232K)->0K(290304K) From: 64K(21504K)->64K(20480K)
[115.645s][info][gc,heap        ] GC(272) ParOldGen: 350570K(350720K)->350586K(350720K)
[115.645s][info][gc,metaspace   ] GC(272) Metaspace: 34998K(35712K)->34998K(35712K) NonClass: 25813K(26304K)->25813K(26304K) Class: 9185K(9408K)->9185K(9408K)
[115.645s][info][gc             ] GC(272) Pause Young (Allocation Failure) 622M->342M(646M) 1.222ms
[115.645s][info][gc,cpu         ] GC(272) User=0.00s Sys=0.00s Real=0.00s
[115.973s][info][gc,start       ] GC(273) Pause Young (Allocation Failure)
[115.974s][info][gc,heap        ] GC(273) PSYoungGen: 290368K(310784K)->64K(310272K) Eden: 290304K(290304K)->0K(290304K) From: 64K(20480K)->64K(19968K)
[115.974s][info][gc,heap        ] GC(273) ParOldGen: 350586K(350720K)->350586K(350720K)
[115.975s][info][gc,metaspace   ] GC(273) Metaspace: 34998K(35712K)->34998K(35712K) NonClass: 25813K(26304K)->25813K(26304K) Class: 9185K(9408K)->9185K(9408K)
[115.975s][info][gc             ] GC(273) Pause Young (Allocation Failure) 625M->342M(645M) 1.201ms
[115.975s][info][gc,cpu         ] GC(273) User=0.00s Sys=0.00s Real=0.00s
[116.122s][info][gc,start       ] GC(274) Pause Young (Allocation Failure)
[116.123s][info][gc,heap        ] GC(274) PSYoungGen: 290368K(310272K)->64K(312832K) Eden: 290304K(290304K)->0K(294400K) From: 64K(19968K)->64K(18432K)
[116.123s][info][gc,heap        ] GC(274) ParOldGen: 350586K(350720K)->350594K(350720K)
[116.123s][info][gc,metaspace   ] GC(274) Metaspace: 34998K(35712K)->34998K(35712K) NonClass: 25813K(26304K)->25813K(26304K) Class: 9185K(9408K)->9185K(9408K)
[116.123s][info][gc             ] GC(274) Pause Young (Allocation Failure) 625M->342M(648M) 1.307ms
[116.123s][info][gc,cpu         ] GC(274) User=0.01s Sys=0.00s Real=0.00s
[116.177s][info][gc,start       ] GC(275) Pause Young (Allocation Failure)
[116.179s][info][gc,heap        ] GC(275) PSYoungGen: 294464K(312832K)->64K(312320K) Eden: 294400K(294400K)->0K(294400K) From: 64K(18432K)->64K(17920K)
[116.179s][info][gc,heap        ] GC(275) ParOldGen: 350594K(350720K)->350610K(350720K)
[116.179s][info][gc,metaspace   ] GC(275) Metaspace: 34998K(35712K)->34998K(35712K) NonClass: 25813K(26304K)->25813K(26304K) Class: 9185K(9408K)->9185K(9408K)
[116.179s][info][gc             ] GC(275) Pause Young (Allocation Failure) 629M->342M(647M) 1.448ms
[116.179s][info][gc,cpu         ] GC(275) User=0.00s Sys=0.00s Real=0.01s
[116.336s][info][gc,start       ] GC(276) Pause Young (Allocation Failure)
[116.337s][info][gc,heap        ] GC(276) PSYoungGen: 294464K(312320K)->64K(314880K) Eden: 294400K(294400K)->0K(298496K) From: 64K(17920K)->64K(16384K)
[116.337s][info][gc,heap        ] GC(276) ParOldGen: 350610K(350720K)->350610K(350720K)
[116.337s][info][gc,metaspace   ] GC(276) Metaspace: 34998K(35712K)->34998K(35712K) NonClass: 25813K(26304K)->25813K(26304K) Class: 9185K(9408K)->9185K(9408K)
[116.337s][info][gc             ] GC(276) Pause Young (Allocation Failure) 629M->342M(650M) 1.301ms
[116.337s][info][gc,cpu         ] GC(276) User=0.00s Sys=0.00s Real=0.00s
[116.649s][info][gc,start       ] GC(277) Pause Young (Allocation Failure)
[116.650s][info][gc,heap        ] GC(277) PSYoungGen: 298560K(314880K)->64K(314368K) Eden: 298496K(298496K)->0K(298496K) From: 64K(16384K)->64K(15872K)
[116.651s][info][gc,heap        ] GC(277) ParOldGen: 350610K(350720K)->350618K(350720K)
[116.651s][info][gc,metaspace   ] GC(277) Metaspace: 34998K(35712K)->34998K(35712K) NonClass: 25813K(26304K)->25813K(26304K) Class: 9185K(9408K)->9185K(9408K)
[116.651s][info][gc             ] GC(277) Pause Young (Allocation Failure) 633M->342M(649M) 1.219ms
[116.651s][info][gc,cpu         ] GC(277) User=0.00s Sys=0.00s Real=0.00s
[116.812s][info][gc,start       ] GC(278) Pause Young (Allocation Failure)
[116.813s][info][gc,heap        ] GC(278) PSYoungGen: 298560K(314368K)->64K(316928K) Eden: 298496K(298496K)->0K(302592K) From: 64K(15872K)->64K(14336K)
[116.813s][info][gc,heap        ] GC(278) ParOldGen: 350618K(350720K)->350626K(350720K)
[116.813s][info][gc,metaspace   ] GC(278) Metaspace: 34998K(35712K)->34998K(35712K) NonClass: 25813K(26304K)->25813K(26304K) Class: 9185K(9408K)->9185K(9408K)
[116.813s][info][gc             ] GC(278) Pause Young (Allocation Failure) 633M->342M(652M) 1.277ms
[116.813s][info][gc,cpu         ] GC(278) User=0.00s Sys=0.00s Real=0.00s
[116.904s][info][gc,start       ] GC(279) Pause Young (Allocation Failure)
[116.906s][info][gc,heap        ] GC(279) PSYoungGen: 302656K(316928K)->64K(316928K) Eden: 302592K(302592K)->0K(302592K) From: 64K(14336K)->64K(14336K)
[116.906s][info][gc,heap        ] GC(279) ParOldGen: 350626K(350720K)->350634K(350720K)
[116.906s][info][gc,metaspace   ] GC(279) Metaspace: 34998K(35712K)->34998K(35712K) NonClass: 25813K(26304K)->25813K(26304K) Class: 9185K(9408K)->9185K(9408K)
[116.906s][info][gc             ] GC(279) Pause Young (Allocation Failure) 637M->342M(652M) 1.231ms
[116.906s][info][gc,cpu         ] GC(279) User=0.00s Sys=0.00s Real=0.00s
[117.096s][info][gc,start       ] GC(280) Pause Young (Allocation Failure)
[117.097s][info][gc,heap        ] GC(280) PSYoungGen: 302656K(316928K)->64K(318976K) Eden: 302592K(302592K)->0K(305664K) From: 64K(14336K)->64K(13312K)
[117.097s][info][gc,heap        ] GC(280) ParOldGen: 350634K(350720K)->350642K(350720K)
[117.097s][info][gc,metaspace   ] GC(280) Metaspace: 34998K(35712K)->34998K(35712K) NonClass: 25813K(26304K)->25813K(26304K) Class: 9185K(9408K)->9185K(9408K)
[117.097s][info][gc             ] GC(280) Pause Young (Allocation Failure) 637M->342M(654M) 1.123ms
[117.097s][info][gc,cpu         ] GC(280) User=0.00s Sys=0.00s Real=0.00s
[117.987s][info][gc,start       ] GC(281) Pause Young (Allocation Failure)
[117.988s][info][gc,heap        ] GC(281) PSYoungGen: 305728K(318976K)->83K(293888K) Eden: 305664K(305664K)->0K(293376K) From: 64K(13312K)->83K(512K)
[117.988s][info][gc,heap        ] GC(281) ParOldGen: 350642K(350720K)->350650K(350720K)
[117.988s][info][gc,metaspace   ] GC(281) Metaspace: 34998K(35712K)->34998K(35712K) NonClass: 25813K(26304K)->25813K(26304K) Class: 9185K(9408K)->9185K(9408K)
[117.988s][info][gc             ] GC(281) Pause Young (Allocation Failure) 640M->342M(629M) 1.366ms
[117.988s][info][gc,cpu         ] GC(281) User=0.00s Sys=0.00s Real=0.00s
[118.838s][info][gc,start       ] GC(282) Pause Young (Allocation Failure)
[118.839s][info][gc,heap        ] GC(282) PSYoungGen: 293459K(293888K)->64K(282112K) Eden: 293376K(293376K)->0K(281600K) From: 83K(512K)->64K(512K)
[118.839s][info][gc,heap        ] GC(282) ParOldGen: 350650K(350720K)->350658K(350720K)
[118.839s][info][gc,metaspace   ] GC(282) Metaspace: 34998K(35712K)->34998K(35712K) NonClass: 25813K(26304K)->25813K(26304K) Class: 9185K(9408K)->9185K(9408K)
[118.839s][info][gc             ] GC(282) Pause Young (Allocation Failure) 629M->342M(618M) 1.548ms
[118.839s][info][gc,cpu         ] GC(282) User=0.00s Sys=0.00s Real=0.01s
[119.244s][info][gc,start       ] GC(283) Pause Young (Allocation Failure)
[119.245s][info][gc,heap        ] GC(283) PSYoungGen: 281664K(282112K)->64K(281600K) Eden: 281600K(281600K)->0K(270336K) From: 64K(512K)->64K(11264K)
[119.246s][info][gc,heap        ] GC(283) ParOldGen: 350658K(350720K)->350666K(350720K)
[119.246s][info][gc,metaspace   ] GC(283) Metaspace: 34998K(35712K)->34998K(35712K) NonClass: 25813K(26304K)->25813K(26304K) Class: 9185K(9408K)->9185K(9408K)
[119.246s][info][gc             ] GC(283) Pause Young (Allocation Failure) 617M->342M(617M) 1.269ms
[119.246s][info][gc,cpu         ] GC(283) User=0.00s Sys=0.00s Real=0.00s
[120.264s][info][gc,start       ] GC(284) Pause Young (Allocation Failure)
[120.266s][info][gc,heap        ] GC(284) PSYoungGen: 270400K(281600K)->64K(260096K) Eden: 270336K(270336K)->0K(259584K) From: 64K(11264K)->64K(512K)
[120.266s][info][gc,heap        ] GC(284) ParOldGen: 350666K(350720K)->350674K(350720K)
[120.266s][info][gc,metaspace   ] GC(284) Metaspace: 34998K(35712K)->34998K(35712K) NonClass: 25813K(26304K)->25813K(26304K) Class: 9185K(9408K)->9185K(9408K)
[120.266s][info][gc             ] GC(284) Pause Young (Allocation Failure) 606M->342M(596M) 1.705ms
[120.266s][info][gc,cpu         ] GC(284) User=0.00s Sys=0.00s Real=0.00s
[120.654s][info][gc,start       ] GC(285) Pause Young (Allocation Failure)
[120.655s][info][gc,heap        ] GC(285) PSYoungGen: 259648K(260096K)->64K(259072K) Eden: 259584K(259584K)->0K(249344K) From: 64K(512K)->64K(9728K)
[120.655s][info][gc,heap        ] GC(285) ParOldGen: 350674K(350720K)->350682K(350720K)
[120.655s][info][gc,metaspace   ] GC(285) Metaspace: 34998K(35712K)->34998K(35712K) NonClass: 25813K(26304K)->25813K(26304K) Class: 9185K(9408K)->9185K(9408K)
[120.655s][info][gc             ] GC(285) Pause Young (Allocation Failure) 596M->342M(595M) 1.210ms
[120.655s][info][gc,cpu         ] GC(285) User=0.00s Sys=0.00s Real=0.00s
[120.834s][info][gc,start       ] GC(286) Pause Young (Allocation Failure)
[120.836s][info][gc,heap        ] GC(286) PSYoungGen: 249408K(259072K)->64K(240128K) Eden: 249344K(249344K)->0K(239616K) From: 64K(9728K)->64K(512K)
[120.836s][info][gc,heap        ] GC(286) ParOldGen: 350682K(350720K)->350690K(350720K)
[120.836s][info][gc,metaspace   ] GC(286) Metaspace: 34998K(35712K)->34998K(35712K) NonClass: 25813K(26304K)->25813K(26304K) Class: 9185K(9408K)->9185K(9408K)
[120.836s][info][gc             ] GC(286) Pause Young (Allocation Failure) 586M->342M(577M) 1.742ms
[120.836s][info][gc,cpu         ] GC(286) User=0.00s Sys=0.00s Real=0.00s
[120.926s][info][gc,start       ] GC(287) Pause Young (Allocation Failure)
[120.927s][info][gc,heap        ] GC(287) PSYoungGen: 239680K(240128K)->64K(239104K) Eden: 239616K(239616K)->0K(230400K) From: 64K(512K)->64K(8704K)
[120.927s][info][gc,heap        ] GC(287) ParOldGen: 350690K(350720K)->350698K(350720K)
[120.927s][info][gc,metaspace   ] GC(287) Metaspace: 34998K(35712K)->34998K(35712K) NonClass: 25813K(26304K)->25813K(26304K) Class: 9185K(9408K)->9185K(9408K)
[120.927s][info][gc             ] GC(287) Pause Young (Allocation Failure) 576M->342M(576M) 1.122ms
[120.927s][info][gc,cpu         ] GC(287) User=0.00s Sys=0.00s Real=0.00s
[121.549s][info][gc,start       ] GC(288) Pause Young (Allocation Failure)
[121.551s][info][gc,heap        ] GC(288) PSYoungGen: 230464K(239104K)->64K(222208K) Eden: 230400K(230400K)->0K(221696K) From: 64K(8704K)->64K(512K)
[121.551s][info][gc,heap        ] GC(288) ParOldGen: 350698K(350720K)->350706K(350720K)
[121.551s][info][gc,metaspace   ] GC(288) Metaspace: 34998K(35712K)->34998K(35712K) NonClass: 25813K(26304K)->25813K(26304K) Class: 9185K(9408K)->9185K(9408K)
[121.551s][info][gc             ] GC(288) Pause Young (Allocation Failure) 567M->342M(559M) 1.766ms
[121.551s][info][gc,cpu         ] GC(288) User=0.00s Sys=0.00s Real=0.00s
[121.772s][info][gc,start       ] GC(289) Pause Young (Allocation Failure)
[121.773s][info][gc,heap        ] GC(289) PSYoungGen: 221760K(222208K)->64K(220672K) Eden: 221696K(221696K)->0K(213504K) From: 64K(512K)->64K(7168K)
[121.773s][info][gc,heap        ] GC(289) ParOldGen: 350706K(350720K)->350714K(350720K)
[121.773s][info][gc,metaspace   ] GC(289) Metaspace: 34998K(35712K)->34998K(35712K) NonClass: 25813K(26304K)->25813K(26304K) Class: 9185K(9408K)->9185K(9408K)
[121.773s][info][gc             ] GC(289) Pause Young (Allocation Failure) 559M->342M(558M) 1.145ms
[121.773s][info][gc,cpu         ] GC(289) User=0.00s Sys=0.00s Real=0.00s
[122.116s][info][gc,start       ] GC(290) Pause Young (Allocation Failure)
[122.142s][info][gc,heap        ] GC(290) PSYoungGen: 213568K(220672K)->6656K(263168K) Eden: 213504K(213504K)->0K(256512K) From: 64K(7168K)->6656K(6656K)
[122.142s][info][gc,heap        ] GC(290) ParOldGen: 350714K(350720K)->357546K(357888K)
[122.142s][info][gc,metaspace   ] GC(290) Metaspace: 34998K(35712K)->34998K(35712K) NonClass: 25813K(26304K)->25813K(26304K) Class: 9185K(9408K)->9185K(9408K)
[122.142s][info][gc             ] GC(290) Pause Young (Allocation Failure) 551M->355M(606M) 26.591ms
[122.143s][info][gc,cpu         ] GC(290) User=0.05s Sys=0.00s Real=0.03s
[122.508s][info][gc,start       ] GC(291) Pause Young (Allocation Failure)
[122.566s][info][gc,heap        ] GC(291) PSYoungGen: 263168K(263168K)->10752K(271360K) Eden: 256512K(256512K)->0K(260608K) From: 6656K(6656K)->10752K(10752K)
[122.566s][info][gc,heap        ] GC(291) ParOldGen: 357546K(357888K)->376210K(376320K)
[122.566s][info][gc,metaspace   ] GC(291) Metaspace: 34998K(35712K)->34998K(35712K) NonClass: 25813K(26304K)->25813K(26304K) Class: 9185K(9408K)->9185K(9408K)
[122.566s][info][gc             ] GC(291) Pause Young (Allocation Failure) 606M->377M(632M) 58.287ms
[122.566s][info][gc,cpu         ] GC(291) User=0.10s Sys=0.01s Real=0.06s
[122.837s][info][gc,start       ] GC(292) Pause Young (Allocation Failure)
[122.881s][info][gc,heap        ] GC(292) PSYoungGen: 271360K(271360K)->19936K(305152K) Eden: 260608K(260608K)->0K(284672K) From: 10752K(10752K)->19936K(20480K)
[122.881s][info][gc,heap        ] GC(292) ParOldGen: 376210K(376320K)->376722K(376832K)
[122.881s][info][gc,metaspace   ] GC(292) Metaspace: 34998K(35712K)->34998K(35712K) NonClass: 25813K(26304K)->25813K(26304K) Class: 9185K(9408K)->9185K(9408K)
[122.881s][info][gc             ] GC(292) Pause Young (Allocation Failure) 632M->387M(666M) 44.616ms
[122.881s][info][gc,cpu         ] GC(292) User=0.07s Sys=0.02s Real=0.05s
[123.117s][info][gc,start       ] GC(293) Pause Young (Allocation Failure)
[123.118s][info][gc,heap        ] GC(293) PSYoungGen: 304608K(305152K)->64K(309248K) Eden: 284672K(284672K)->0K(284672K) From: 19936K(20480K)->64K(24576K)
[123.118s][info][gc,heap        ] GC(293) ParOldGen: 376722K(376832K)->376730K(376832K)
[123.118s][info][gc,metaspace   ] GC(293) Metaspace: 34998K(35712K)->34998K(35712K) NonClass: 25813K(26304K)->25813K(26304K) Class: 9185K(9408K)->9185K(9408K)
[123.118s][info][gc             ] GC(293) Pause Young (Allocation Failure) 665M->367M(670M) 1.351ms
[123.118s][info][gc,cpu         ] GC(293) User=0.00s Sys=0.00s Real=0.00s
[123.817s][info][gc,start       ] GC(294) Pause Young (Allocation Failure)
[123.819s][info][gc,heap        ] GC(294) PSYoungGen: 284736K(309248K)->64K(307200K) Eden: 284672K(284672K)->0K(285696K) From: 64K(24576K)->64K(21504K)
[123.819s][info][gc,heap        ] GC(294) ParOldGen: 376730K(376832K)->376738K(376832K)
[123.819s][info][gc,metaspace   ] GC(294) Metaspace: 34998K(35712K)->34998K(35712K) NonClass: 25813K(26304K)->25813K(26304K) Class: 9185K(9408K)->9185K(9408K)
[123.819s][info][gc             ] GC(294) Pause Young (Allocation Failure) 645M->367M(668M) 1.482ms
[123.819s][info][gc,cpu         ] GC(294) User=0.00s Sys=0.00s Real=0.01s
[124.275s][info][gc,start       ] GC(295) Pause Young (Allocation Failure)
[124.276s][info][gc,heap        ] GC(295) PSYoungGen: 285760K(307200K)->64K(308736K) Eden: 285696K(285696K)->0K(285696K) From: 64K(21504K)->64K(23040K)
[124.276s][info][gc,heap        ] GC(295) ParOldGen: 376738K(376832K)->376754K(376832K)
[124.276s][info][gc,metaspace   ] GC(295) Metaspace: 34998K(35712K)->34998K(35712K) NonClass: 25813K(26304K)->25813K(26304K) Class: 9185K(9408K)->9185K(9408K)
[124.276s][info][gc             ] GC(295) Pause Young (Allocation Failure) 646M->367M(669M) 1.402ms
[124.276s][info][gc,cpu         ] GC(295) User=0.00s Sys=0.00s Real=0.00s
[124.495s][info][gc,start       ] GC(296) Pause Young (Allocation Failure)
[124.496s][info][gc,heap        ] GC(296) PSYoungGen: 285760K(308736K)->64K(308224K) Eden: 285696K(285696K)->0K(288768K) From: 64K(23040K)->64K(19456K)
[124.496s][info][gc,heap        ] GC(296) ParOldGen: 376754K(376832K)->376770K(376832K)
[124.496s][info][gc,metaspace   ] GC(296) Metaspace: 34998K(35712K)->34998K(35712K) NonClass: 25813K(26304K)->25813K(26304K) Class: 9185K(9408K)->9185K(9408K)
[124.496s][info][gc             ] GC(296) Pause Young (Allocation Failure) 646M->368M(669M) 1.408ms
[124.496s][info][gc,cpu         ] GC(296) User=0.00s Sys=0.00s Real=0.00s
[124.719s][info][gc,start       ] GC(297) Pause Young (Allocation Failure)
[124.721s][info][gc,heap        ] GC(297) PSYoungGen: 288832K(308224K)->64K(309760K) Eden: 288768K(288768K)->0K(288768K) From: 64K(19456K)->64K(20992K)
[124.721s][info][gc,heap        ] GC(297) ParOldGen: 376770K(376832K)->376770K(376832K)
[124.721s][info][gc,metaspace   ] GC(297) Metaspace: 34998K(35712K)->34998K(35712K) NonClass: 25813K(26304K)->25813K(26304K) Class: 9185K(9408K)->9185K(9408K)
[124.721s][info][gc             ] GC(297) Pause Young (Allocation Failure) 650M->368M(670M) 1.383ms
[124.721s][info][gc,cpu         ] GC(297) User=0.00s Sys=0.00s Real=0.00s
[125.050s][info][gc,start       ] GC(298) Pause Young (Allocation Failure)
[125.051s][info][gc,heap        ] GC(298) PSYoungGen: 288832K(309760K)->64K(310272K) Eden: 288768K(288768K)->0K(292864K) From: 64K(20992K)->64K(17408K)
[125.051s][info][gc,heap        ] GC(298) ParOldGen: 376770K(376832K)->376770K(376832K)
[125.051s][info][gc,metaspace   ] GC(298) Metaspace: 35078K(35776K)->35078K(35776K) NonClass: 25893K(26368K)->25893K(26368K) Class: 9185K(9408K)->9185K(9408K)
[125.051s][info][gc             ] GC(298) Pause Young (Allocation Failure) 650M->368M(671M) 1.237ms
[125.051s][info][gc,cpu         ] GC(298) User=0.01s Sys=0.00s Real=0.00s
[125.104s][info][gc,start       ] GC(299) Pause Young (Allocation Failure)
[125.106s][info][gc,heap        ] GC(299) PSYoungGen: 292928K(310272K)->64K(311808K) Eden: 292864K(292864K)->0K(292864K) From: 64K(17408K)->64K(18944K)
[125.106s][info][gc,heap        ] GC(299) ParOldGen: 376770K(376832K)->376786K(376832K)
[125.106s][info][gc,metaspace   ] GC(299) Metaspace: 35078K(35776K)->35078K(35776K) NonClass: 25893K(26368K)->25893K(26368K) Class: 9185K(9408K)->9185K(9408K)
[125.106s][info][gc             ] GC(299) Pause Young (Allocation Failure) 654M->368M(672M) 1.264ms
[125.106s][info][gc,cpu         ] GC(299) User=0.00s Sys=0.00s Real=0.00s
[125.156s][info][gc,start       ] GC(300) Pause Young (Allocation Failure)
[125.158s][info][gc,heap        ] GC(300) PSYoungGen: 292928K(311808K)->64K(312320K) Eden: 292864K(292864K)->0K(296960K) From: 64K(18944K)->64K(15360K)
[125.158s][info][gc,heap        ] GC(300) ParOldGen: 376786K(376832K)->376786K(376832K)
[125.158s][info][gc,metaspace   ] GC(300) Metaspace: 35078K(35776K)->35078K(35776K) NonClass: 25893K(26368K)->25893K(26368K) Class: 9185K(9408K)->9185K(9408K)
[125.158s][info][gc             ] GC(300) Pause Young (Allocation Failure) 654M->368M(673M) 1.201ms
[125.158s][info][gc,cpu         ] GC(300) User=0.00s Sys=0.01s Real=0.00s
[125.462s][info][gc,start       ] GC(301) Pause Young (Allocation Failure)
[125.463s][info][gc,heap        ] GC(301) PSYoungGen: 297024K(312320K)->64K(313856K) Eden: 296960K(296960K)->0K(296960K) From: 64K(15360K)->64K(16896K)
[125.463s][info][gc,heap        ] GC(301) ParOldGen: 376786K(376832K)->376786K(376832K)
[125.463s][info][gc,metaspace   ] GC(301) Metaspace: 35078K(35776K)->35078K(35776K) NonClass: 25893K(26368K)->25893K(26368K) Class: 9185K(9408K)->9185K(9408K)
[125.463s][info][gc             ] GC(301) Pause Young (Allocation Failure) 658M->368M(674M) 1.469ms
[125.463s][info][gc,cpu         ] GC(301) User=0.00s Sys=0.00s Real=0.00s
[125.715s][info][gc,start       ] GC(302) Pause Young (Allocation Failure)
[125.717s][info][gc,heap        ] GC(302) PSYoungGen: 297024K(313856K)->64K(315392K) Eden: 296960K(296960K)->0K(301056K) From: 64K(16896K)->64K(14336K)
[125.717s][info][gc,heap        ] GC(302) ParOldGen: 376786K(376832K)->376794K(376832K)
[125.717s][info][gc,metaspace   ] GC(302) Metaspace: 35078K(35776K)->35078K(35776K) NonClass: 25893K(26368K)->25893K(26368K) Class: 9185K(9408K)->9185K(9408K)
[125.717s][info][gc             ] GC(302) Pause Young (Allocation Failure) 658M->368M(676M) 1.284ms
[125.717s][info][gc,cpu         ] GC(302) User=0.01s Sys=0.00s Real=0.00s
[125.811s][info][gc,start       ] GC(303) Pause Young (Allocation Failure)
[125.813s][info][gc,heap        ] GC(303) PSYoungGen: 301120K(315392K)->64K(316416K) Eden: 301056K(301056K)->0K(301056K) From: 64K(14336K)->64K(15360K)
[125.813s][info][gc,heap        ] GC(303) ParOldGen: 376794K(376832K)->376802K(376832K)
[125.813s][info][gc,metaspace   ] GC(303) Metaspace: 35078K(35776K)->35078K(35776K) NonClass: 25893K(26368K)->25893K(26368K) Class: 9185K(9408K)->9185K(9408K)
[125.813s][info][gc             ] GC(303) Pause Young (Allocation Failure) 662M->368M(677M) 1.347ms
[125.813s][info][gc,cpu         ] GC(303) User=0.00s Sys=0.00s Real=0.00s
[125.958s][info][gc,start       ] GC(304) Pause Young (Allocation Failure)
[125.959s][info][gc,heap        ] GC(304) PSYoungGen: 301120K(316416K)->64K(316416K) Eden: 301056K(301056K)->0K(304128K) From: 64K(15360K)->64K(12288K)
[125.959s][info][gc,heap        ] GC(304) ParOldGen: 376802K(376832K)->376810K(376832K)
[125.959s][info][gc,metaspace   ] GC(304) Metaspace: 35078K(35776K)->35078K(35776K) NonClass: 25893K(26368K)->25893K(26368K) Class: 9185K(9408K)->9185K(9408K)
[125.959s][info][gc             ] GC(304) Pause Young (Allocation Failure) 662M->368M(677M) 1.251ms
[125.959s][info][gc,cpu         ] GC(304) User=0.00s Sys=0.00s Real=0.01s
[126.371s][info][gc,start       ] GC(305) Pause Young (Allocation Failure)
[126.373s][info][gc,heap        ] GC(305) PSYoungGen: 304192K(316416K)->64K(292352K) Eden: 304128K(304128K)->0K(291840K) From: 64K(12288K)->64K(512K)
[126.373s][info][gc,heap        ] GC(305) ParOldGen: 376810K(376832K)->376818K(376832K)
[126.373s][info][gc,metaspace   ] GC(305) Metaspace: 35078K(35776K)->35078K(35776K) NonClass: 25893K(26368K)->25893K(26368K) Class: 9185K(9408K)->9185K(9408K)
[126.373s][info][gc             ] GC(305) Pause Young (Allocation Failure) 665M->368M(653M) 2.076ms
[126.373s][info][gc,cpu         ] GC(305) User=0.00s Sys=0.00s Real=0.00s
[127.260s][info][gc,start       ] GC(306) Pause Young (Allocation Failure)
[127.262s][info][gc,heap        ] GC(306) PSYoungGen: 291904K(292352K)->64K(280576K) Eden: 291840K(291840K)->0K(280064K) From: 64K(512K)->64K(512K)
[127.262s][info][gc,heap        ] GC(306) ParOldGen: 376818K(376832K)->376826K(376832K)
[127.262s][info][gc,metaspace   ] GC(306) Metaspace: 35078K(35776K)->35078K(35776K) NonClass: 25893K(26368K)->25893K(26368K) Class: 9185K(9408K)->9185K(9408K)
[127.262s][info][gc             ] GC(306) Pause Young (Allocation Failure) 653M->368M(642M) 1.719ms
[127.262s][info][gc,cpu         ] GC(306) User=0.00s Sys=0.00s Real=0.00s
[127.906s][info][gc,start       ] GC(307) Pause Young (Allocation Failure)
[127.907s][info][gc,heap        ] GC(307) PSYoungGen: 280128K(280576K)->64K(280576K) Eden: 280064K(280064K)->0K(268800K) From: 64K(512K)->64K(11776K)
[127.907s][info][gc,heap        ] GC(307) ParOldGen: 376826K(376832K)->376842K(377344K)
[127.907s][info][gc,metaspace   ] GC(307) Metaspace: 35078K(35776K)->35078K(35776K) NonClass: 25893K(26368K)->25893K(26368K) Class: 9185K(9408K)->9185K(9408K)
[127.907s][info][gc             ] GC(307) Pause Young (Allocation Failure) 641M->368M(642M) 1.293ms
[127.907s][info][gc,cpu         ] GC(307) User=0.00s Sys=0.00s Real=0.00s
[128.360s][info][gc,start       ] GC(308) Pause Young (Allocation Failure)
[128.362s][info][gc,heap        ] GC(308) PSYoungGen: 268864K(280576K)->64K(258560K) Eden: 268800K(268800K)->0K(258048K) From: 64K(11776K)->64K(512K)
[128.362s][info][gc,heap        ] GC(308) ParOldGen: 376842K(377344K)->376850K(377344K)
[128.362s][info][gc,metaspace   ] GC(308) Metaspace: 35078K(35776K)->35078K(35776K) NonClass: 25893K(26368K)->25893K(26368K) Class: 9185K(9408K)->9185K(9408K)
[128.362s][info][gc             ] GC(308) Pause Young (Allocation Failure) 630M->368M(621M) 2.077ms
[128.362s][info][gc,cpu         ] GC(308) User=0.00s Sys=0.00s Real=0.00s
[129.332s][info][gc,start       ] GC(309) Pause Young (Allocation Failure)
[129.333s][info][gc,heap        ] GC(309) PSYoungGen: 258112K(258560K)->64K(258048K) Eden: 258048K(258048K)->0K(247808K) From: 64K(512K)->64K(10240K)
[129.333s][info][gc,heap        ] GC(309) ParOldGen: 376850K(377344K)->376858K(377344K)
[129.333s][info][gc,metaspace   ] GC(309) Metaspace: 35078K(35776K)->35078K(35776K) NonClass: 25893K(26368K)->25893K(26368K) Class: 9185K(9408K)->9185K(9408K)
[129.333s][info][gc             ] GC(309) Pause Young (Allocation Failure) 620M->368M(620M) 1.233ms
[129.333s][info][gc,cpu         ] GC(309) User=0.00s Sys=0.00s Real=0.00s
[129.665s][info][gc,start       ] GC(310) Pause Young (Allocation Failure)
[129.667s][info][gc,heap        ] GC(310) PSYoungGen: 247872K(258048K)->64K(238592K) Eden: 247808K(247808K)->0K(238080K) From: 64K(10240K)->64K(512K)
[129.667s][info][gc,heap        ] GC(310) ParOldGen: 376858K(377344K)->376866K(377344K)
[129.667s][info][gc,metaspace   ] GC(310) Metaspace: 35078K(35776K)->35078K(35776K) NonClass: 25893K(26368K)->25893K(26368K) Class: 9185K(9408K)->9185K(9408K)
[129.667s][info][gc             ] GC(310) Pause Young (Allocation Failure) 610M->368M(601M) 1.901ms
[129.667s][info][gc,cpu         ] GC(310) User=0.00s Sys=0.00s Real=0.00s
[129.798s][info][gc,start       ] GC(311) Pause Young (Allocation Failure)
[129.799s][info][gc,heap        ] GC(311) PSYoungGen: 238144K(238592K)->64K(237568K) Eden: 238080K(238080K)->0K(228864K) From: 64K(512K)->64K(8704K)
[129.799s][info][gc,heap        ] GC(311) ParOldGen: 376866K(377344K)->376882K(377344K)
[129.799s][info][gc,metaspace   ] GC(311) Metaspace: 35078K(35776K)->35078K(35776K) NonClass: 25893K(26368K)->25893K(26368K) Class: 9185K(9408K)->9185K(9408K)
[129.799s][info][gc             ] GC(311) Pause Young (Allocation Failure) 600M->368M(600M) 1.598ms
[129.799s][info][gc,cpu         ] GC(311) User=0.00s Sys=0.00s Real=0.01s
[130.058s][info][gc,start       ] GC(312) Pause Young (Allocation Failure)
[130.060s][info][gc,heap        ] GC(312) PSYoungGen: 228928K(237568K)->64K(220672K) Eden: 228864K(228864K)->0K(220160K) From: 64K(8704K)->64K(512K)
[130.060s][info][gc,heap        ] GC(312) ParOldGen: 376882K(377344K)->376890K(377344K)
[130.060s][info][gc,metaspace   ] GC(312) Metaspace: 35078K(35776K)->35078K(35776K) NonClass: 25893K(26368K)->25893K(26368K) Class: 9185K(9408K)->9185K(9408K)
[130.060s][info][gc             ] GC(312) Pause Young (Allocation Failure) 591M->368M(584M) 2.001ms
[130.060s][info][gc,cpu         ] GC(312) User=0.00s Sys=0.00s Real=0.01s
[130.546s][info][gc,start       ] GC(313) Pause Young (Allocation Failure)
[130.548s][info][gc,heap        ] GC(313) PSYoungGen: 220224K(220672K)->64K(219648K) Eden: 220160K(220160K)->0K(211968K) From: 64K(512K)->64K(7680K)
[130.548s][info][gc,heap        ] GC(313) ParOldGen: 376890K(377344K)->376898K(377344K)
[130.548s][info][gc,metaspace   ] GC(313) Metaspace: 35078K(35776K)->35078K(35776K) NonClass: 25893K(26368K)->25893K(26368K) Class: 9185K(9408K)->9185K(9408K)
[130.548s][info][gc             ] GC(313) Pause Young (Allocation Failure) 583M->368M(583M) 2.474ms
[130.548s][info][gc,cpu         ] GC(313) User=0.00s Sys=0.00s Real=0.00s
[130.817s][info][gc,start       ] GC(314) Pause Young (Allocation Failure)
[130.819s][info][gc,heap        ] GC(314) PSYoungGen: 212032K(219648K)->64K(204800K) Eden: 211968K(211968K)->0K(204288K) From: 64K(7680K)->64K(512K)
[130.819s][info][gc,heap        ] GC(314) ParOldGen: 376898K(377344K)->376914K(377344K)
[130.819s][info][gc,metaspace   ] GC(314) Metaspace: 35078K(35776K)->35078K(35776K) NonClass: 25893K(26368K)->25893K(26368K) Class: 9185K(9408K)->9185K(9408K)
[130.819s][info][gc             ] GC(314) Pause Young (Allocation Failure) 575M->368M(568M) 1.866ms
[130.819s][info][gc,cpu         ] GC(314) User=0.00s Sys=0.00s Real=0.01s
[131.139s][info][gc,start       ] GC(315) Pause Young (Allocation Failure)
[131.190s][info][gc,heap        ] GC(315) PSYoungGen: 204352K(204800K)->6656K(251904K) Eden: 204288K(204288K)->0K(245248K) From: 64K(512K)->6656K(6656K)
[131.190s][info][gc,heap        ] GC(315) ParOldGen: 376914K(377344K)->389170K(389632K)
[131.190s][info][gc,metaspace   ] GC(315) Metaspace: 35078K(35776K)->35078K(35776K) NonClass: 25893K(26368K)->25893K(26368K) Class: 9185K(9408K)->9185K(9408K)
[131.191s][info][gc             ] GC(315) Pause Young (Allocation Failure) 567M->386M(626M) 51.482ms
[131.191s][info][gc,cpu         ] GC(315) User=0.06s Sys=0.01s Real=0.05s
[131.541s][info][gc,start       ] GC(316) Pause Young (Allocation Failure)
[131.599s][info][gc,heap        ] GC(316) PSYoungGen: 251904K(251904K)->6656K(251392K) Eden: 245248K(245248K)->0K(244736K) From: 6656K(6656K)->6656K(6656K)
[131.599s][info][gc,heap        ] GC(316) ParOldGen: 389170K(389632K)->410802K(411136K)
[131.599s][info][gc,metaspace   ] GC(316) Metaspace: 35078K(35776K)->35078K(35776K) NonClass: 25893K(26368K)->25893K(26368K) Class: 9185K(9408K)->9185K(9408K)
[131.599s][info][gc             ] GC(316) Pause Young (Allocation Failure) 626M->407M(647M) 58.159ms
[131.599s][info][gc,cpu         ] GC(316) User=0.10s Sys=0.01s Real=0.06s
[131.822s][info][gc,start       ] GC(317) Pause Young (Allocation Failure)
[131.852s][info][gc,heap        ] GC(317) PSYoungGen: 251392K(251392K)->15808K(266240K) Eden: 244736K(244736K)->0K(244736K) From: 6656K(6656K)->15808K(21504K)
[131.852s][info][gc,heap        ] GC(317) ParOldGen: 410802K(411136K)->411378K(411648K)
[131.852s][info][gc,metaspace   ] GC(317) Metaspace: 35078K(35776K)->35078K(35776K) NonClass: 25893K(26368K)->25893K(26368K) Class: 9185K(9408K)->9185K(9408K)
[131.852s][info][gc             ] GC(317) Pause Young (Allocation Failure) 646M->417M(662M) 29.368ms
[131.852s][info][gc,cpu         ] GC(317) User=0.06s Sys=0.00s Real=0.03s
[132.029s][info][gc,start       ] GC(318) Pause Young (Allocation Failure)
[132.031s][info][gc,heap        ] GC(318) PSYoungGen: 260544K(266240K)->64K(310784K) Eden: 244736K(244736K)->0K(287232K) From: 15808K(21504K)->64K(23552K)
[132.031s][info][gc,heap        ] GC(318) ParOldGen: 411378K(411648K)->411386K(411648K)
[132.031s][info][gc,metaspace   ] GC(318) Metaspace: 35078K(35776K)->35078K(35776K) NonClass: 25893K(26368K)->25893K(26368K) Class: 9185K(9408K)->9185K(9408K)
[132.031s][info][gc             ] GC(318) Pause Young (Allocation Failure) 656M->401M(705M) 1.482ms
[132.031s][info][gc,cpu         ] GC(318) User=0.01s Sys=0.00s Real=0.00s
[132.779s][info][gc,start       ] GC(319) Pause Young (Allocation Failure)
[132.780s][info][gc,heap        ] GC(319) PSYoungGen: 287296K(310784K)->64K(287744K) Eden: 287232K(287232K)->0K(287232K) From: 64K(23552K)->64K(512K)
[132.780s][info][gc,heap        ] GC(319) ParOldGen: 411386K(411648K)->411394K(411648K)
[132.780s][info][gc,metaspace   ] GC(319) Metaspace: 35079K(35776K)->35079K(35776K) NonClass: 25894K(26368K)->25894K(26368K) Class: 9185K(9408K)->9185K(9408K)
[132.780s][info][gc             ] GC(319) Pause Young (Allocation Failure) 682M->401M(683M) 1.521ms
[132.780s][info][gc,cpu         ] GC(319) User=0.00s Sys=0.00s Real=0.00s
[133.243s][info][gc,start       ] GC(320) Pause Young (Allocation Failure)
[133.245s][info][gc,heap        ] GC(320) PSYoungGen: 287296K(287744K)->64K(309760K) Eden: 287232K(287232K)->0K(287744K) From: 64K(512K)->64K(22016K)
[133.245s][info][gc,heap        ] GC(320) ParOldGen: 411394K(411648K)->411410K(411648K)
[133.245s][info][gc,metaspace   ] GC(320) Metaspace: 35079K(35776K)->35079K(35776K) NonClass: 25894K(26368K)->25894K(26368K) Class: 9185K(9408K)->9185K(9408K)
[133.245s][info][gc             ] GC(320) Pause Young (Allocation Failure) 682M->401M(704M) 1.428ms
[133.245s][info][gc,cpu         ] GC(320) User=0.00s Sys=0.00s Real=0.00s
[133.464s][info][gc,start       ] GC(321) Pause Young (Allocation Failure)
[133.465s][info][gc,heap        ] GC(321) PSYoungGen: 287808K(309760K)->64K(309248K) Eden: 287744K(287744K)->0K(287744K) From: 64K(22016K)->64K(21504K)
[133.465s][info][gc,heap        ] GC(321) ParOldGen: 411410K(411648K)->411426K(411648K)
[133.465s][info][gc,metaspace   ] GC(321) Metaspace: 35079K(35776K)->35079K(35776K) NonClass: 25894K(26368K)->25894K(26368K) Class: 9185K(9408K)->9185K(9408K)
[133.465s][info][gc             ] GC(321) Pause Young (Allocation Failure) 682M->401M(704M) 1.334ms
[133.465s][info][gc,cpu         ] GC(321) User=0.00s Sys=0.00s Real=0.00s
[133.685s][info][gc,start       ] GC(322) Pause Young (Allocation Failure)
[133.686s][info][gc,heap        ] GC(322) PSYoungGen: 287808K(309248K)->64K(311296K) Eden: 287744K(287744K)->0K(291328K) From: 64K(21504K)->64K(19968K)
[133.686s][info][gc,heap        ] GC(322) ParOldGen: 411426K(411648K)->411426K(411648K)
[133.686s][info][gc,metaspace   ] GC(322) Metaspace: 35079K(35776K)->35079K(35776K) NonClass: 25894K(26368K)->25894K(26368K) Class: 9185K(9408K)->9185K(9408K)
[133.686s][info][gc             ] GC(322) Pause Young (Allocation Failure) 682M->401M(706M) 1.325ms
[133.686s][info][gc,cpu         ] GC(322) User=0.00s Sys=0.00s Real=0.00s
[134.025s][info][gc,start       ] GC(323) Pause Young (Allocation Failure)
[134.026s][info][gc,heap        ] GC(323) PSYoungGen: 291392K(311296K)->64K(310784K) Eden: 291328K(291328K)->0K(291328K) From: 64K(19968K)->64K(19456K)
[134.026s][info][gc,heap        ] GC(323) ParOldGen: 411426K(411648K)->411426K(411648K)
[134.026s][info][gc,metaspace   ] GC(323) Metaspace: 35079K(35776K)->35079K(35776K) NonClass: 25894K(26368K)->25894K(26368K) Class: 9185K(9408K)->9185K(9408K)
[134.026s][info][gc             ] GC(323) Pause Young (Allocation Failure) 686M->401M(705M) 1.382ms
[134.026s][info][gc,cpu         ] GC(323) User=0.00s Sys=0.00s Real=0.00s
[134.075s][info][gc,start       ] GC(324) Pause Young (Allocation Failure)
[134.077s][info][gc,heap        ] GC(324) PSYoungGen: 291392K(310784K)->64K(313344K) Eden: 291328K(291328K)->0K(295424K) From: 64K(19456K)->64K(17920K)
[134.077s][info][gc,heap        ] GC(324) ParOldGen: 411426K(411648K)->411442K(411648K)
[134.077s][info][gc,metaspace   ] GC(324) Metaspace: 35079K(35776K)->35079K(35776K) NonClass: 25894K(26368K)->25894K(26368K) Class: 9185K(9408K)->9185K(9408K)
[134.077s][info][gc             ] GC(324) Pause Young (Allocation Failure) 686M->401M(708M) 1.249ms
[134.077s][info][gc,cpu         ] GC(324) User=0.01s Sys=0.00s Real=0.00s
[134.131s][info][gc,start       ] GC(325) Pause Young (Allocation Failure)
[134.132s][info][gc,heap        ] GC(325) PSYoungGen: 295488K(313344K)->64K(312832K) Eden: 295424K(295424K)->0K(295424K) From: 64K(17920K)->64K(17408K)
[134.132s][info][gc,heap        ] GC(325) ParOldGen: 411442K(411648K)->411442K(411648K)
[134.132s][info][gc,metaspace   ] GC(325) Metaspace: 35079K(35776K)->35079K(35776K) NonClass: 25894K(26368K)->25894K(26368K) Class: 9185K(9408K)->9185K(9408K)
[134.132s][info][gc             ] GC(325) Pause Young (Allocation Failure) 690M->401M(707M) 1.382ms
[134.132s][info][gc,cpu         ] GC(325) User=0.00s Sys=0.00s Real=0.00s
[134.421s][info][gc,start       ] GC(326) Pause Young (Allocation Failure)
[134.422s][info][gc,heap        ] GC(326) PSYoungGen: 295488K(312832K)->64K(315392K) Eden: 295424K(295424K)->0K(299520K) From: 64K(17408K)->64K(15872K)
[134.422s][info][gc,heap        ] GC(326) ParOldGen: 411442K(411648K)->411442K(411648K)
[134.422s][info][gc,metaspace   ] GC(326) Metaspace: 35079K(35776K)->35079K(35776K) NonClass: 25894K(26368K)->25894K(26368K) Class: 9185K(9408K)->9185K(9408K)
[134.422s][info][gc             ] GC(326) Pause Young (Allocation Failure) 690M->401M(710M) 1.310ms
[134.422s][info][gc,cpu         ] GC(326) User=0.00s Sys=0.00s Real=0.00s
[134.684s][info][gc,start       ] GC(327) Pause Young (Allocation Failure)
[134.685s][info][gc,heap        ] GC(327) PSYoungGen: 299584K(315392K)->64K(315392K) Eden: 299520K(299520K)->0K(299520K) From: 64K(15872K)->64K(15872K)
[134.685s][info][gc,heap        ] GC(327) ParOldGen: 411442K(411648K)->411450K(411648K)
[134.685s][info][gc,metaspace   ] GC(327) Metaspace: 35079K(35776K)->35079K(35776K) NonClass: 25894K(26368K)->25894K(26368K) Class: 9185K(9408K)->9185K(9408K)
[134.685s][info][gc             ] GC(327) Pause Young (Allocation Failure) 694M->401M(710M) 1.383ms
[134.685s][info][gc,cpu         ] GC(327) User=0.00s Sys=0.00s Real=0.00s
[134.781s][info][gc,start       ] GC(328) Pause Young (Allocation Failure)
[134.782s][info][gc,heap        ] GC(328) PSYoungGen: 299584K(315392K)->64K(316928K) Eden: 299520K(299520K)->0K(303104K) From: 64K(15872K)->64K(13824K)
[134.782s][info][gc,heap        ] GC(328) ParOldGen: 411450K(411648K)->411458K(411648K)
[134.782s][info][gc,metaspace   ] GC(328) Metaspace: 35079K(35776K)->35079K(35776K) NonClass: 25894K(26368K)->25894K(26368K) Class: 9185K(9408K)->9185K(9408K)
[134.782s][info][gc             ] GC(328) Pause Young (Allocation Failure) 694M->401M(711M) 1.286ms
[134.782s][info][gc,cpu         ] GC(328) User=0.01s Sys=0.00s Real=0.00s
[134.927s][info][gc,start       ] GC(329) Pause Young (Allocation Failure)
[134.928s][info][gc,heap        ] GC(329) PSYoungGen: 303168K(316928K)->64K(316928K) Eden: 303104K(303104K)->0K(303104K) From: 64K(13824K)->64K(13824K)
[134.928s][info][gc,heap        ] GC(329) ParOldGen: 411458K(411648K)->411466K(411648K)
[134.928s][info][gc,metaspace   ] GC(329) Metaspace: 35079K(35776K)->35079K(35776K) NonClass: 25894K(26368K)->25894K(26368K) Class: 9185K(9408K)->9185K(9408K)
[134.928s][info][gc             ] GC(329) Pause Young (Allocation Failure) 697M->401M(711M) 1.384ms
[134.928s][info][gc,cpu         ] GC(329) User=0.00s Sys=0.00s Real=0.00s
[135.334s][info][gc,start       ] GC(330) Pause Young (Allocation Failure)
[135.335s][info][gc,heap        ] GC(330) PSYoungGen: 303168K(316928K)->64K(291328K) Eden: 303104K(303104K)->0K(290816K) From: 64K(13824K)->64K(512K)
[135.335s][info][gc,heap        ] GC(330) ParOldGen: 411466K(411648K)->411474K(411648K)
[135.335s][info][gc,metaspace   ] GC(330) Metaspace: 35079K(35776K)->35079K(35776K) NonClass: 25894K(26368K)->25894K(26368K) Class: 9185K(9408K)->9185K(9408K)
[135.335s][info][gc             ] GC(330) Pause Young (Allocation Failure) 697M->401M(686M) 1.370ms
[135.335s][info][gc,cpu         ] GC(330) User=0.01s Sys=0.00s Real=0.00s
[136.058s][info][gc,start       ] GC(331) Pause Young (Allocation Failure)
[136.059s][info][gc,heap        ] GC(331) PSYoungGen: 290880K(291328K)->64K(291328K) Eden: 290816K(290816K)->0K(279040K) From: 64K(512K)->64K(12288K)
[136.059s][info][gc,heap        ] GC(331) ParOldGen: 411474K(411648K)->411482K(411648K)
[136.059s][info][gc,metaspace   ] GC(331) Metaspace: 35079K(35776K)->35079K(35776K) NonClass: 25894K(26368K)->25894K(26368K) Class: 9185K(9408K)->9185K(9408K)
[136.059s][info][gc             ] GC(331) Pause Young (Allocation Failure) 685M->401M(686M) 1.377ms
[136.059s][info][gc,cpu         ] GC(331) User=0.00s Sys=0.00s Real=0.01s
[136.868s][info][gc,start       ] GC(332) Pause Young (Allocation Failure)
[136.869s][info][gc,heap        ] GC(332) PSYoungGen: 279104K(291328K)->64K(268288K) Eden: 279040K(279040K)->0K(267776K) From: 64K(12288K)->64K(512K)
[136.869s][info][gc,heap        ] GC(332) ParOldGen: 411482K(411648K)->411490K(411648K)
[136.869s][info][gc,metaspace   ] GC(332) Metaspace: 35079K(35776K)->35079K(35776K) NonClass: 25894K(26368K)->25894K(26368K) Class: 9185K(9408K)->9185K(9408K)
[136.869s][info][gc             ] GC(332) Pause Young (Allocation Failure) 674M->401M(664M) 1.396ms
[136.869s][info][gc,cpu         ] GC(332) User=0.01s Sys=0.00s Real=0.01s
[137.308s][info][gc,start       ] GC(333) Pause Young (Allocation Failure)
[137.311s][info][gc,heap        ] GC(333) PSYoungGen: 267840K(268288K)->64K(267776K) Eden: 267776K(267776K)->0K(257024K) From: 64K(512K)->64K(10752K)
[137.311s][info][gc,heap        ] GC(333) ParOldGen: 411490K(411648K)->411498K(411648K)
[137.311s][info][gc,metaspace   ] GC(333) Metaspace: 35079K(35776K)->35079K(35776K) NonClass: 25894K(26368K)->25894K(26368K) Class: 9185K(9408K)->9185K(9408K)
[137.311s][info][gc             ] GC(333) Pause Young (Allocation Failure) 663M->401M(663M) 2.840ms
[137.311s][info][gc,cpu         ] GC(333) User=0.01s Sys=0.00s Real=0.01s
[138.313s][info][gc,start       ] GC(334) Pause Young (Allocation Failure)
[138.317s][info][gc,heap        ] GC(334) PSYoungGen: 257088K(267776K)->64K(247296K) Eden: 257024K(257024K)->0K(246784K) From: 64K(10752K)->64K(512K)
[138.317s][info][gc,heap        ] GC(334) ParOldGen: 411498K(411648K)->411506K(411648K)
[138.317s][info][gc,metaspace   ] GC(334) Metaspace: 35079K(35776K)->35079K(35776K) NonClass: 25894K(26368K)->25894K(26368K) Class: 9185K(9408K)->9185K(9408K)
[138.317s][info][gc             ] GC(334) Pause Young (Allocation Failure) 652M->401M(643M) 3.332ms
[138.317s][info][gc,cpu         ] GC(334) User=0.01s Sys=0.00s Real=0.00s
[138.673s][info][gc,start       ] GC(335) Pause Young (Allocation Failure)
[138.675s][info][gc,heap        ] GC(335) PSYoungGen: 246848K(247296K)->64K(246272K) Eden: 246784K(246784K)->0K(237056K) From: 64K(512K)->64K(9216K)
[138.675s][info][gc,heap        ] GC(335) ParOldGen: 411506K(411648K)->411522K(411648K)
[138.675s][info][gc,metaspace   ] GC(335) Metaspace: 35079K(35776K)->35079K(35776K) NonClass: 25894K(26368K)->25894K(26368K) Class: 9185K(9408K)->9185K(9408K)
[138.675s][info][gc             ] GC(335) Pause Young (Allocation Failure) 642M->401M(642M) 2.664ms
[138.675s][info][gc,cpu         ] GC(335) User=0.01s Sys=0.00s Real=0.00s
[138.812s][info][gc,start       ] GC(336) Pause Young (Allocation Failure)
[138.814s][info][gc,heap        ] GC(336) PSYoungGen: 237120K(246272K)->64K(228352K) Eden: 237056K(237056K)->0K(227840K) From: 64K(9216K)->64K(512K)
[138.814s][info][gc,heap        ] GC(336) ParOldGen: 411522K(411648K)->411530K(411648K)
[138.814s][info][gc,metaspace   ] GC(336) Metaspace: 35079K(35776K)->35079K(35776K) NonClass: 25894K(26368K)->25894K(26368K) Class: 9185K(9408K)->9185K(9408K)
[138.814s][info][gc             ] GC(336) Pause Young (Allocation Failure) 633M->401M(625M) 1.811ms
[138.814s][info][gc,cpu         ] GC(336) User=0.00s Sys=0.00s Real=0.00s
[139.025s][info][gc,start       ] GC(337) Pause Young (Allocation Failure)
[139.027s][info][gc,heap        ] GC(337) PSYoungGen: 227904K(228352K)->64K(227328K) Eden: 227840K(227840K)->0K(219136K) From: 64K(512K)->64K(8192K)
[139.027s][info][gc,heap        ] GC(337) ParOldGen: 411530K(411648K)->411538K(411648K)
[139.027s][info][gc,metaspace   ] GC(337) Metaspace: 35079K(35776K)->35079K(35776K) NonClass: 25894K(26368K)->25894K(26368K) Class: 9185K(9408K)->9185K(9408K)
[139.027s][info][gc             ] GC(337) Pause Young (Allocation Failure) 624M->401M(624M) 1.216ms
[139.027s][info][gc,cpu         ] GC(337) User=0.01s Sys=0.00s Real=0.00s
[139.537s][info][gc,start       ] GC(338) Pause Young (Allocation Failure)
[139.539s][info][gc,heap        ] GC(338) PSYoungGen: 219200K(227328K)->64K(211456K) Eden: 219136K(219136K)->0K(210944K) From: 64K(8192K)->64K(512K)
[139.539s][info][gc,heap        ] GC(338) ParOldGen: 411538K(411648K)->411546K(411648K)
[139.539s][info][gc,metaspace   ] GC(338) Metaspace: 35079K(35776K)->35079K(35776K) NonClass: 25894K(26368K)->25894K(26368K) Class: 9185K(9408K)->9185K(9408K)
[139.539s][info][gc             ] GC(338) Pause Young (Allocation Failure) 615M->401M(608M) 2.139ms
[139.539s][info][gc,cpu         ] GC(338) User=0.01s Sys=0.00s Real=0.01s
[139.788s][info][gc,start       ] GC(339) Pause Young (Allocation Failure)
[139.789s][info][gc,heap        ] GC(339) PSYoungGen: 211008K(211456K)->64K(210432K) Eden: 210944K(210944K)->0K(203264K) From: 64K(512K)->64K(7168K)
[139.790s][info][gc,heap        ] GC(339) ParOldGen: 411546K(411648K)->411554K(411648K)
[139.790s][info][gc,metaspace   ] GC(339) Metaspace: 35079K(35776K)->35079K(35776K) NonClass: 25894K(26368K)->25894K(26368K) Class: 9185K(9408K)->9185K(9408K)
[139.790s][info][gc             ] GC(339) Pause Young (Allocation Failure) 607M->401M(607M) 1.330ms
[139.790s][info][gc,cpu         ] GC(339) User=0.00s Sys=0.00s Real=0.01s
[140.095s][info][gc,start       ] GC(340) Pause Young (Allocation Failure)
[140.126s][info][gc,heap        ] GC(340) PSYoungGen: 203328K(210432K)->6656K(250880K) Eden: 203264K(203264K)->0K(244224K) From: 64K(7168K)->6656K(6656K)
[140.126s][info][gc,heap        ] GC(340) ParOldGen: 411554K(411648K)->421442K(421888K)
[140.126s][info][gc,metaspace   ] GC(340) Metaspace: 35079K(35776K)->35079K(35776K) NonClass: 25894K(26368K)->25894K(26368K) Class: 9185K(9408K)->9185K(9408K)
[140.126s][info][gc             ] GC(340) Pause Young (Allocation Failure) 600M->418M(657M) 30.816ms
[140.126s][info][gc,cpu         ] GC(340) User=0.05s Sys=0.01s Real=0.03s
[140.436s][info][gc,start       ] GC(341) Pause Young (Allocation Failure)
[140.490s][info][gc,heap        ] GC(341) PSYoungGen: 250880K(250880K)->11776K(271872K) Eden: 244224K(244224K)->0K(260096K) From: 6656K(6656K)->11776K(11776K)
[140.490s][info][gc,heap        ] GC(341) ParOldGen: 421442K(421888K)->437762K(438272K)
[140.490s][info][gc,metaspace   ] GC(341) Metaspace: 35079K(35776K)->35079K(35776K) NonClass: 25894K(26368K)->25894K(26368K) Class: 9185K(9408K)->9185K(9408K)
[140.490s][info][gc             ] GC(341) Pause Young (Allocation Failure) 656M->439M(693M) 53.879ms
[140.490s][info][gc,cpu         ] GC(341) User=0.09s Sys=0.01s Real=0.06s
[140.717s][info][gc,start       ] GC(342) Pause Young (Allocation Failure)
[140.758s][info][gc,heap        ] GC(342) PSYoungGen: 271872K(271872K)->18304K(306176K) Eden: 260096K(260096K)->0K(285696K) From: 11776K(11776K)->18304K(20480K)
[140.758s][info][gc,heap        ] GC(342) ParOldGen: 437762K(438272K)->438210K(438272K)
[140.758s][info][gc,metaspace   ] GC(342) Metaspace: 35079K(35776K)->35079K(35776K) NonClass: 25894K(26368K)->25894K(26368K) Class: 9185K(9408K)->9185K(9408K)
[140.758s][info][gc             ] GC(342) Pause Young (Allocation Failure) 693M->445M(727M) 40.815ms
[140.758s][info][gc,cpu         ] GC(342) User=0.06s Sys=0.02s Real=0.04s
[141.024s][info][gc,start       ] GC(343) Pause Young (Allocation Failure)
[141.026s][info][gc,heap        ] GC(343) PSYoungGen: 304000K(306176K)->64K(309760K) Eden: 285696K(285696K)->0K(285696K) From: 18304K(20480K)->64K(24064K)
[141.026s][info][gc,heap        ] GC(343) ParOldGen: 438210K(438272K)->438218K(438272K)
[141.026s][info][gc,metaspace   ] GC(343) Metaspace: 35079K(35776K)->35079K(35776K) NonClass: 25894K(26368K)->25894K(26368K) Class: 9185K(9408K)->9185K(9408K)
[141.026s][info][gc             ] GC(343) Pause Young (Allocation Failure) 724M->428M(730M) 1.563ms
[141.026s][info][gc,cpu         ] GC(343) User=0.00s Sys=0.00s Real=0.00s
[141.691s][info][gc,start       ] GC(344) Pause Young (Allocation Failure)
[141.693s][info][gc,heap        ] GC(344) PSYoungGen: 285760K(309760K)->64K(307712K) Eden: 285696K(285696K)->0K(286720K) From: 64K(24064K)->64K(20992K)
[141.693s][info][gc,heap        ] GC(344) ParOldGen: 438218K(438272K)->438226K(438272K)
[141.693s][info][gc,metaspace   ] GC(344) Metaspace: 35079K(35776K)->35079K(35776K) NonClass: 25894K(26368K)->25894K(26368K) Class: 9185K(9408K)->9185K(9408K)
[141.693s][info][gc             ] GC(344) Pause Young (Allocation Failure) 707M->428M(728M) 1.555ms
[141.693s][info][gc,cpu         ] GC(344) User=0.01s Sys=0.00s Real=0.00s
[142.144s][info][gc,start       ] GC(345) Pause Young (Allocation Failure)
[142.145s][info][gc,heap        ] GC(345) PSYoungGen: 286784K(307712K)->64K(309248K) Eden: 286720K(286720K)->0K(286720K) From: 64K(20992K)->64K(22528K)
[142.145s][info][gc,heap        ] GC(345) ParOldGen: 438226K(438272K)->438242K(438272K)
[142.145s][info][gc,metaspace   ] GC(345) Metaspace: 35079K(35776K)->35079K(35776K) NonClass: 25894K(26368K)->25894K(26368K) Class: 9185K(9408K)->9185K(9408K)
[142.145s][info][gc             ] GC(345) Pause Young (Allocation Failure) 708M->428M(730M) 1.546ms
[142.145s][info][gc,cpu         ] GC(345) User=0.01s Sys=0.00s Real=0.00s
[142.362s][info][gc,start       ] GC(346) Pause Young (Allocation Failure)
[142.363s][info][gc,heap        ] GC(346) PSYoungGen: 286784K(309248K)->64K(308736K) Eden: 286720K(286720K)->0K(289792K) From: 64K(22528K)->64K(18944K)
[142.363s][info][gc,heap        ] GC(346) ParOldGen: 438242K(438272K)->438258K(438272K)
[142.364s][info][gc,metaspace   ] GC(346) Metaspace: 35079K(35776K)->35079K(35776K) NonClass: 25894K(26368K)->25894K(26368K) Class: 9185K(9408K)->9185K(9408K)
[142.364s][info][gc             ] GC(346) Pause Young (Allocation Failure) 708M->428M(729M) 1.533ms
[142.364s][info][gc,cpu         ] GC(346) User=0.01s Sys=0.00s Real=0.00s
[142.586s][info][gc,start       ] GC(347) Pause Young (Allocation Failure)
[142.588s][info][gc,heap        ] GC(347) PSYoungGen: 289856K(308736K)->64K(310272K) Eden: 289792K(289792K)->0K(289792K) From: 64K(18944K)->64K(20480K)
[142.588s][info][gc,heap        ] GC(347) ParOldGen: 438258K(438272K)->438258K(438272K)
[142.588s][info][gc,metaspace   ] GC(347) Metaspace: 35079K(35776K)->35079K(35776K) NonClass: 25894K(26368K)->25894K(26368K) Class: 9185K(9408K)->9185K(9408K)
[142.588s][info][gc             ] GC(347) Pause Young (Allocation Failure) 711M->428M(731M) 2.106ms
[142.588s][info][gc,cpu         ] GC(347) User=0.00s Sys=0.00s Real=0.00s
[142.904s][info][gc,start       ] GC(348) Pause Young (Allocation Failure)
[142.906s][info][gc,heap        ] GC(348) PSYoungGen: 289856K(310272K)->64K(311808K) Eden: 289792K(289792K)->0K(293888K) From: 64K(20480K)->64K(17920K)
[142.906s][info][gc,heap        ] GC(348) ParOldGen: 438258K(438272K)->438258K(438272K)
[142.906s][info][gc,metaspace   ] GC(348) Metaspace: 35080K(35776K)->35080K(35776K) NonClass: 25895K(26368K)->25895K(26368K) Class: 9185K(9408K)->9185K(9408K)
[142.906s][info][gc             ] GC(348) Pause Young (Allocation Failure) 711M->428M(732M) 1.514ms
[142.906s][info][gc,cpu         ] GC(348) User=0.01s Sys=0.00s Real=0.00s
[142.960s][info][gc,start       ] GC(349) Pause Young (Allocation Failure)
[142.961s][info][gc,heap        ] GC(349) PSYoungGen: 293952K(311808K)->64K(312832K) Eden: 293888K(293888K)->0K(293888K) From: 64K(17920K)->64K(18944K)
[142.961s][info][gc,heap        ] GC(349) ParOldGen: 438258K(438272K)->438274K(438784K)
[142.961s][info][gc,metaspace   ] GC(349) Metaspace: 35080K(35776K)->35080K(35776K) NonClass: 25895K(26368K)->25895K(26368K) Class: 9185K(9408K)->9185K(9408K)
[142.961s][info][gc             ] GC(349) Pause Young (Allocation Failure) 715M->428M(734M) 1.468ms
[142.961s][info][gc,cpu         ] GC(349) User=0.00s Sys=0.00s Real=0.00s
[143.015s][info][gc,start       ] GC(350) Pause Young (Allocation Failure)
[143.017s][info][gc,heap        ] GC(350) PSYoungGen: 293952K(312832K)->64K(312832K) Eden: 293888K(293888K)->0K(296960K) From: 64K(18944K)->64K(15872K)
[143.017s][info][gc,heap        ] GC(350) ParOldGen: 438274K(438784K)->438274K(438784K)
[143.017s][info][gc,metaspace   ] GC(350) Metaspace: 35080K(35776K)->35080K(35776K) NonClass: 25895K(26368K)->25895K(26368K) Class: 9185K(9408K)->9185K(9408K)
[143.017s][info][gc             ] GC(350) Pause Young (Allocation Failure) 715M->428M(734M) 1.366ms
[143.017s][info][gc,cpu         ] GC(350) User=0.01s Sys=0.00s Real=0.00s
[143.332s][info][gc,start       ] GC(351) Pause Young (Allocation Failure)
[143.333s][info][gc,heap        ] GC(351) PSYoungGen: 297024K(312832K)->64K(313856K) Eden: 296960K(296960K)->0K(296960K) From: 64K(15872K)->64K(16896K)
[143.333s][info][gc,heap        ] GC(351) ParOldGen: 438274K(438784K)->438290K(438784K)
[143.333s][info][gc,metaspace   ] GC(351) Metaspace: 35080K(35776K)->35080K(35776K) NonClass: 25895K(26368K)->25895K(26368K) Class: 9185K(9408K)->9185K(9408K)
[143.333s][info][gc             ] GC(351) Pause Young (Allocation Failure) 718M->428M(735M) 1.525ms
[143.333s][info][gc,cpu         ] GC(351) User=0.00s Sys=0.00s Real=0.00s
[143.579s][info][gc,start       ] GC(352) Pause Young (Allocation Failure)
[143.580s][info][gc,heap        ] GC(352) PSYoungGen: 297024K(313856K)->64K(314880K) Eden: 296960K(296960K)->0K(301056K) From: 64K(16896K)->64K(13824K)
[143.580s][info][gc,heap        ] GC(352) ParOldGen: 438290K(438784K)->438290K(438784K)
[143.580s][info][gc,metaspace   ] GC(352) Metaspace: 35083K(35776K)->35083K(35776K) NonClass: 25898K(26368K)->25898K(26368K) Class: 9185K(9408K)->9185K(9408K)
[143.580s][info][gc             ] GC(352) Pause Young (Allocation Failure) 718M->428M(736M) 1.545ms
[143.580s][info][gc,cpu         ] GC(352) User=0.00s Sys=0.00s Real=0.00s
[143.666s][info][gc,start       ] GC(353) Pause Young (Allocation Failure)
[143.668s][info][gc,heap        ] GC(353) PSYoungGen: 301120K(314880K)->64K(315904K) Eden: 301056K(301056K)->0K(301056K) From: 64K(13824K)->64K(14848K)
[143.668s][info][gc,heap        ] GC(353) ParOldGen: 438290K(438784K)->438306K(438784K)
[143.668s][info][gc,metaspace   ] GC(353) Metaspace: 35083K(35776K)->35083K(35776K) NonClass: 25898K(26368K)->25898K(26368K) Class: 9185K(9408K)->9185K(9408K)
[143.668s][info][gc             ] GC(353) Pause Young (Allocation Failure) 722M->428M(737M) 1.508ms
[143.668s][info][gc,cpu         ] GC(353) User=0.00s Sys=0.00s Real=0.00s
[143.819s][info][gc,start       ] GC(354) Pause Young (Allocation Failure)
[143.821s][info][gc,heap        ] GC(354) PSYoungGen: 301120K(315904K)->64K(317952K) Eden: 301056K(301056K)->0K(305152K) From: 64K(14848K)->64K(12800K)
[143.821s][info][gc,heap        ] GC(354) ParOldGen: 438306K(438784K)->438306K(438784K)
[143.821s][info][gc,metaspace   ] GC(354) Metaspace: 35083K(35776K)->35083K(35776K) NonClass: 25898K(26368K)->25898K(26368K) Class: 9185K(9408K)->9185K(9408K)
[143.821s][info][gc             ] GC(354) Pause Young (Allocation Failure) 722M->428M(739M) 1.391ms
[143.821s][info][gc,cpu         ] GC(354) User=0.01s Sys=0.00s Real=0.00s
[144.247s][info][gc,start       ] GC(355) Pause Young (Allocation Failure)
[144.248s][info][gc,heap        ] GC(355) PSYoungGen: 305216K(317952K)->64K(318464K) Eden: 305152K(305152K)->0K(305152K) From: 64K(12800K)->64K(13312K)
[144.248s][info][gc,heap        ] GC(355) ParOldGen: 438306K(438784K)->438314K(438784K)
[144.248s][info][gc,metaspace   ] GC(355) Metaspace: 35083K(35776K)->35083K(35776K) NonClass: 25898K(26368K)->25898K(26368K) Class: 9185K(9408K)->9185K(9408K)
[144.248s][info][gc             ] GC(355) Pause Young (Allocation Failure) 726M->428M(739M) 1.575ms
[144.248s][info][gc,cpu         ] GC(355) User=0.00s Sys=0.00s Real=0.00s
[145.583s][info][gc,start       ] GC(356) Pause Young (Allocation Failure)
[145.585s][info][gc,heap        ] GC(356) PSYoungGen: 305216K(318464K)->64K(293376K) Eden: 305152K(305152K)->0K(292864K) From: 64K(13312K)->64K(512K)
[145.585s][info][gc,heap        ] GC(356) ParOldGen: 438314K(438784K)->438322K(438784K)
[145.585s][info][gc,metaspace   ] GC(356) Metaspace: 35083K(35776K)->35083K(35776K) NonClass: 25898K(26368K)->25898K(26368K) Class: 9185K(9408K)->9185K(9408K)
[145.585s][info][gc             ] GC(356) Pause Young (Allocation Failure) 726M->428M(715M) 2.273ms
[145.585s][info][gc,cpu         ] GC(356) User=0.00s Sys=0.00s Real=0.00s
[145.862s][info][gc,start       ] GC(357) Pause Young (Allocation Failure)
[145.864s][info][gc,heap        ] GC(357) PSYoungGen: 292928K(293376K)->64K(292864K) Eden: 292864K(292864K)->0K(281088K) From: 64K(512K)->64K(11776K)
[145.864s][info][gc,heap        ] GC(357) ParOldGen: 438322K(438784K)->438330K(438784K)
[145.864s][info][gc,metaspace   ] GC(357) Metaspace: 35083K(35776K)->35083K(35776K) NonClass: 25898K(26368K)->25898K(26368K) Class: 9185K(9408K)->9185K(9408K)
[145.864s][info][gc             ] GC(357) Pause Young (Allocation Failure) 714M->428M(714M) 1.493ms
[145.864s][info][gc,cpu         ] GC(357) User=0.00s Sys=0.00s Real=0.00s
[146.339s][info][gc,start       ] GC(358) Pause Young (Allocation Failure)
[146.341s][info][gc,heap        ] GC(358) PSYoungGen: 281152K(292864K)->64K(270336K) Eden: 281088K(281088K)->0K(269824K) From: 64K(11776K)->64K(512K)
[146.341s][info][gc,heap        ] GC(358) ParOldGen: 438330K(438784K)->438338K(438784K)
[146.341s][info][gc,metaspace   ] GC(358) Metaspace: 35083K(35776K)->35083K(35776K) NonClass: 25898K(26368K)->25898K(26368K) Class: 9185K(9408K)->9185K(9408K)
[146.341s][info][gc             ] GC(358) Pause Young (Allocation Failure) 702M->428M(692M) 2.125ms
[146.341s][info][gc,cpu         ] GC(358) User=0.00s Sys=0.00s Real=0.00s
[147.253s][info][gc,start       ] GC(359) Pause Young (Allocation Failure)
[147.255s][info][gc,heap        ] GC(359) PSYoungGen: 269888K(270336K)->64K(269312K) Eden: 269824K(269824K)->0K(259072K) From: 64K(512K)->64K(10240K)
[147.255s][info][gc,heap        ] GC(359) ParOldGen: 438338K(438784K)->438346K(438784K)
[147.255s][info][gc,metaspace   ] GC(359) Metaspace: 35083K(35776K)->35083K(35776K) NonClass: 25898K(26368K)->25898K(26368K) Class: 9185K(9408K)->9185K(9408K)
[147.255s][info][gc             ] GC(359) Pause Young (Allocation Failure) 691M->428M(691M) 1.590ms
[147.255s][info][gc,cpu         ] GC(359) User=0.01s Sys=0.00s Real=0.00s
[147.631s][info][gc,start       ] GC(360) Pause Young (Allocation Failure)
[147.633s][info][gc,heap        ] GC(360) PSYoungGen: 259136K(269312K)->64K(249344K) Eden: 259072K(259072K)->0K(248832K) From: 64K(10240K)->64K(512K)
[147.633s][info][gc,heap        ] GC(360) ParOldGen: 438346K(438784K)->438354K(438784K)
[147.633s][info][gc,metaspace   ] GC(360) Metaspace: 35083K(35776K)->35083K(35776K) NonClass: 25898K(26368K)->25898K(26368K) Class: 9185K(9408K)->9185K(9408K)
[147.633s][info][gc             ] GC(360) Pause Young (Allocation Failure) 681M->428M(672M) 1.885ms
[147.633s][info][gc,cpu         ] GC(360) User=0.00s Sys=0.00s Real=0.00s
[147.699s][info][gc,start       ] GC(361) Pause Young (Allocation Failure)
[147.701s][info][gc,heap        ] GC(361) PSYoungGen: 248896K(249344K)->64K(247808K) Eden: 248832K(248832K)->0K(239104K) From: 64K(512K)->64K(8704K)
[147.701s][info][gc,heap        ] GC(361) ParOldGen: 438354K(438784K)->438362K(438784K)
[147.701s][info][gc,metaspace   ] GC(361) Metaspace: 35083K(35776K)->35083K(35776K) NonClass: 25898K(26368K)->25898K(26368K) Class: 9185K(9408K)->9185K(9408K)
[147.701s][info][gc             ] GC(361) Pause Young (Allocation Failure) 671M->428M(670M) 1.450ms
[147.701s][info][gc,cpu         ] GC(361) User=0.00s Sys=0.00s Real=0.00s
[148.235s][info][gc,start       ] GC(362) Pause Young (Allocation Failure)
[148.237s][info][gc,heap        ] GC(362) PSYoungGen: 239168K(247808K)->64K(230400K) Eden: 239104K(239104K)->0K(229888K) From: 64K(8704K)->64K(512K)
[148.237s][info][gc,heap        ] GC(362) ParOldGen: 438362K(438784K)->438370K(438784K)
[148.237s][info][gc,metaspace   ] GC(362) Metaspace: 35083K(35776K)->35083K(35776K) NonClass: 25898K(26368K)->25898K(26368K) Class: 9185K(9408K)->9185K(9408K)
[148.237s][info][gc             ] GC(362) Pause Young (Allocation Failure) 661M->428M(653M) 2.005ms
[148.237s][info][gc,cpu         ] GC(362) User=0.01s Sys=0.00s Real=0.00s
[148.528s][info][gc,start       ] GC(363) Pause Young (Allocation Failure)
[148.529s][info][gc,heap        ] GC(363) PSYoungGen: 229952K(230400K)->64K(228864K) Eden: 229888K(229888K)->0K(221184K) From: 64K(512K)->64K(7680K)
[148.529s][info][gc,heap        ] GC(363) ParOldGen: 438370K(438784K)->438378K(438784K)
[148.529s][info][gc,metaspace   ] GC(363) Metaspace: 35083K(35776K)->35083K(35776K) NonClass: 25898K(26368K)->25898K(26368K) Class: 9185K(9408K)->9185K(9408K)
[148.529s][info][gc             ] GC(363) Pause Young (Allocation Failure) 652M->428M(652M) 1.345ms
[148.529s][info][gc,cpu         ] GC(363) User=0.00s Sys=0.00s Real=0.01s
[148.877s][info][gc,start       ] GC(364) Pause Young (Allocation Failure)
[148.894s][info][gc,heap        ] GC(364) PSYoungGen: 221248K(228864K)->7168K(272896K) Eden: 221184K(221184K)->0K(265728K) From: 64K(7680K)->7168K(7168K)
[148.894s][info][gc,heap        ] GC(364) ParOldGen: 438378K(438784K)->441042K(441344K)
[148.894s][info][gc,metaspace   ] GC(364) Metaspace: 35083K(35776K)->35083K(35776K) NonClass: 25898K(26368K)->25898K(26368K) Class: 9185K(9408K)->9185K(9408K)
[148.894s][info][gc             ] GC(364) Pause Young (Allocation Failure) 644M->437M(697M) 16.502ms
[148.894s][info][gc,cpu         ] GC(364) User=0.03s Sys=0.00s Real=0.02s
[149.231s][info][gc,start       ] GC(365) Pause Young (Allocation Failure)
[149.289s][info][gc,heap        ] GC(365) PSYoungGen: 272896K(272896K)->9728K(284160K) Eden: 265728K(265728K)->0K(274432K) From: 7168K(7168K)->9728K(9728K)
[149.289s][info][gc,heap        ] GC(365) ParOldGen: 441042K(441344K)->461674K(461824K)
[149.289s][info][gc,metaspace   ] GC(365) Metaspace: 35083K(35776K)->35083K(35776K) NonClass: 25898K(26368K)->25898K(26368K) Class: 9185K(9408K)->9185K(9408K)
[149.289s][info][gc             ] GC(365) Pause Young (Allocation Failure) 697M->460M(728M) 58.592ms
[149.289s][info][gc,cpu         ] GC(365) User=0.11s Sys=0.01s Real=0.06s
[149.558s][info][gc,start       ] GC(366) Pause Young (Allocation Failure)
[149.609s][info][gc,heap        ] GC(366) PSYoungGen: 284160K(284160K)->19456K(303104K) Eden: 274432K(274432K)->0K(283648K) From: 9728K(9728K)->19456K(19456K)
[149.609s][info][gc,heap        ] GC(366) ParOldGen: 461674K(461824K)->465290K(465408K)
[149.609s][info][gc,metaspace   ] GC(366) Metaspace: 35083K(35776K)->35083K(35776K) NonClass: 25898K(26368K)->25898K(26368K) Class: 9185K(9408K)->9185K(9408K)
[149.609s][info][gc             ] GC(366) Pause Young (Allocation Failure) 728M->473M(750M) 51.155ms
[149.609s][info][gc,cpu         ] GC(366) User=0.09s Sys=0.02s Real=0.06s
[149.814s][info][gc,start       ] GC(367) Pause Young (Allocation Failure)
[149.816s][info][gc,heap        ] GC(367) PSYoungGen: 303104K(303104K)->64K(308736K) Eden: 283648K(283648K)->0K(283648K) From: 19456K(19456K)->64K(25088K)
[149.816s][info][gc,heap        ] GC(367) ParOldGen: 465290K(465408K)->465386K(465408K)
[149.816s][info][gc,metaspace   ] GC(367) Metaspace: 35083K(35776K)->35083K(35776K) NonClass: 25898K(26368K)->25898K(26368K) Class: 9185K(9408K)->9185K(9408K)
[149.816s][info][gc             ] GC(367) Pause Young (Allocation Failure) 750M->454M(756M) 2.492ms
[149.816s][info][gc,cpu         ] GC(367) User=0.01s Sys=0.00s Real=0.00s
[150.514s][info][gc,start       ] GC(368) Pause Young (Allocation Failure)
[150.515s][info][gc,heap        ] GC(368) PSYoungGen: 283712K(308736K)->64K(306688K) Eden: 283648K(283648K)->0K(284672K) From: 64K(25088K)->64K(22016K)
[150.515s][info][gc,heap        ] GC(368) ParOldGen: 465386K(465408K)->465394K(465408K)
[150.515s][info][gc,metaspace   ] GC(368) Metaspace: 35083K(35776K)->35083K(35776K) NonClass: 25898K(26368K)->25898K(26368K) Class: 9185K(9408K)->9185K(9408K)
[150.515s][info][gc             ] GC(368) Pause Young (Allocation Failure) 731M->454M(754M) 1.719ms
[150.515s][info][gc,cpu         ] GC(368) User=0.01s Sys=0.00s Real=0.00s
[150.971s][info][gc,start       ] GC(369) Pause Young (Allocation Failure)
[150.973s][info][gc,heap        ] GC(369) PSYoungGen: 284736K(306688K)->64K(308224K) Eden: 284672K(284672K)->0K(284672K) From: 64K(22016K)->64K(23552K)
[150.973s][info][gc,heap        ] GC(369) ParOldGen: 465394K(465408K)->465410K(465920K)
[150.973s][info][gc,metaspace   ] GC(369) Metaspace: 35083K(35776K)->35083K(35776K) NonClass: 25898K(26368K)->25898K(26368K) Class: 9185K(9408K)->9185K(9408K)
[150.973s][info][gc             ] GC(369) Pause Young (Allocation Failure) 732M->454M(756M) 1.549ms
[150.973s][info][gc,cpu         ] GC(369) User=0.00s Sys=0.00s Real=0.00s
[151.188s][info][gc,start       ] GC(370) Pause Young (Allocation Failure)
[151.190s][info][gc,heap        ] GC(370) PSYoungGen: 284736K(308224K)->64K(307712K) Eden: 284672K(284672K)->0K(287744K) From: 64K(23552K)->64K(19968K)
[151.190s][info][gc,heap        ] GC(370) ParOldGen: 465410K(465920K)->465426K(465920K)
[151.190s][info][gc,metaspace   ] GC(370) Metaspace: 35083K(35776K)->35083K(35776K) NonClass: 25898K(26368K)->25898K(26368K) Class: 9185K(9408K)->9185K(9408K)
[151.190s][info][gc             ] GC(370) Pause Young (Allocation Failure) 732M->454M(755M) 1.516ms
[151.190s][info][gc,cpu         ] GC(370) User=0.00s Sys=0.00s Real=0.01s
[151.415s][info][gc,start       ] GC(371) Pause Young (Allocation Failure)
[151.416s][info][gc,heap        ] GC(371) PSYoungGen: 287808K(307712K)->64K(309248K) Eden: 287744K(287744K)->0K(287744K) From: 64K(19968K)->64K(21504K)
[151.416s][info][gc,heap        ] GC(371) ParOldGen: 465426K(465920K)->465426K(465920K)
[151.416s][info][gc,metaspace   ] GC(371) Metaspace: 35083K(35776K)->35083K(35776K) NonClass: 25898K(26368K)->25898K(26368K) Class: 9185K(9408K)->9185K(9408K)
[151.416s][info][gc             ] GC(371) Pause Young (Allocation Failure) 735M->454M(757M) 1.681ms
[151.416s][info][gc,cpu         ] GC(371) User=0.01s Sys=0.00s Real=0.00s
[151.753s][info][gc,start       ] GC(372) Pause Young (Allocation Failure)
[151.755s][info][gc,heap        ] GC(372) PSYoungGen: 287808K(309248K)->64K(309760K) Eden: 287744K(287744K)->0K(291840K) From: 64K(21504K)->64K(17920K)
[151.755s][info][gc,heap        ] GC(372) ParOldGen: 465426K(465920K)->465426K(465920K)
[151.755s][info][gc,metaspace   ] GC(372) Metaspace: 35083K(35776K)->35083K(35776K) NonClass: 25898K(26368K)->25898K(26368K) Class: 9185K(9408K)->9185K(9408K)
[151.755s][info][gc             ] GC(372) Pause Young (Allocation Failure) 735M->454M(757M) 1.479ms
[151.755s][info][gc,cpu         ] GC(372) User=0.00s Sys=0.00s Real=0.00s
[151.805s][info][gc,start       ] GC(373) Pause Young (Allocation Failure)
[151.806s][info][gc,heap        ] GC(373) PSYoungGen: 291904K(309760K)->64K(311296K) Eden: 291840K(291840K)->0K(291840K) From: 64K(17920K)->64K(19456K)
[151.806s][info][gc,heap        ] GC(373) ParOldGen: 465426K(465920K)->465442K(465920K)
[151.806s][info][gc,metaspace   ] GC(373) Metaspace: 35083K(35776K)->35083K(35776K) NonClass: 25898K(26368K)->25898K(26368K) Class: 9185K(9408K)->9185K(9408K)
[151.806s][info][gc             ] GC(373) Pause Young (Allocation Failure) 739M->454M(759M) 1.457ms
[151.806s][info][gc,cpu         ] GC(373) User=0.01s Sys=0.00s Real=0.00s
[151.856s][info][gc,start       ] GC(374) Pause Young (Allocation Failure)
[151.857s][info][gc,heap        ] GC(374) PSYoungGen: 291904K(311296K)->64K(311808K) Eden: 291840K(291840K)->0K(295936K) From: 64K(19456K)->64K(15872K)
[151.857s][info][gc,heap        ] GC(374) ParOldGen: 465442K(465920K)->465442K(465920K)
[151.857s][info][gc,metaspace   ] GC(374) Metaspace: 35083K(35776K)->35083K(35776K) NonClass: 25898K(26368K)->25898K(26368K) Class: 9185K(9408K)->9185K(9408K)
[151.857s][info][gc             ] GC(374) Pause Young (Allocation Failure) 739M->454M(759M) 1.230ms
[151.857s][info][gc,cpu         ] GC(374) User=0.00s Sys=0.00s Real=0.00s
[152.141s][info][gc,start       ] GC(375) Pause Young (Allocation Failure)
[152.143s][info][gc,heap        ] GC(375) PSYoungGen: 296000K(311808K)->64K(313344K) Eden: 295936K(295936K)->0K(295936K) From: 64K(15872K)->64K(17408K)
[152.143s][info][gc,heap        ] GC(375) ParOldGen: 465442K(465920K)->465450K(465920K)
[152.143s][info][gc,metaspace   ] GC(375) Metaspace: 35091K(35776K)->35091K(35776K) NonClass: 25906K(26368K)->25906K(26368K) Class: 9185K(9408K)->9185K(9408K)
[152.143s][info][gc             ] GC(375) Pause Young (Allocation Failure) 743M->454M(761M) 1.500ms
[152.143s][info][gc,cpu         ] GC(375) User=0.01s Sys=0.00s Real=0.00s
[152.401s][info][gc,start       ] GC(376) Pause Young (Allocation Failure)
[152.402s][info][gc,heap        ] GC(376) PSYoungGen: 296000K(313344K)->64K(313856K) Eden: 295936K(295936K)->0K(300032K) From: 64K(17408K)->64K(13824K)
[152.402s][info][gc,heap        ] GC(376) ParOldGen: 465450K(465920K)->465458K(465920K)
[152.402s][info][gc,metaspace   ] GC(376) Metaspace: 35091K(35776K)->35091K(35776K) NonClass: 25906K(26368K)->25906K(26368K) Class: 9185K(9408K)->9185K(9408K)
[152.402s][info][gc             ] GC(376) Pause Young (Allocation Failure) 743M->454M(761M) 1.469ms
[152.402s][info][gc,cpu         ] GC(376) User=0.01s Sys=0.00s Real=0.00s
[152.505s][info][gc,start       ] GC(377) Pause Young (Allocation Failure)
[152.507s][info][gc,heap        ] GC(377) PSYoungGen: 300096K(313856K)->64K(315392K) Eden: 300032K(300032K)->0K(300032K) From: 64K(13824K)->64K(15360K)
[152.507s][info][gc,heap        ] GC(377) ParOldGen: 465458K(465920K)->465466K(465920K)
[152.507s][info][gc,metaspace   ] GC(377) Metaspace: 35091K(35776K)->35091K(35776K) NonClass: 25906K(26368K)->25906K(26368K) Class: 9185K(9408K)->9185K(9408K)
[152.507s][info][gc             ] GC(377) Pause Young (Allocation Failure) 747M->454M(763M) 1.500ms
[152.507s][info][gc,cpu         ] GC(377) User=0.00s Sys=0.00s Real=0.00s
[152.646s][info][gc,start       ] GC(378) Pause Young (Allocation Failure)
[152.648s][info][gc,heap        ] GC(378) PSYoungGen: 300096K(315392K)->64K(315904K) Eden: 300032K(300032K)->0K(303616K) From: 64K(15360K)->64K(12288K)
[152.648s][info][gc,heap        ] GC(378) ParOldGen: 465466K(465920K)->465474K(465920K)
[152.648s][info][gc,metaspace   ] GC(378) Metaspace: 35091K(35776K)->35091K(35776K) NonClass: 25906K(26368K)->25906K(26368K) Class: 9185K(9408K)->9185K(9408K)
[152.648s][info][gc             ] GC(378) Pause Young (Allocation Failure) 747M->454M(763M) 1.592ms
[152.648s][info][gc,cpu         ] GC(378) User=0.00s Sys=0.00s Real=0.00s
[153.050s][info][gc,start       ] GC(379) Pause Young (Allocation Failure)
[153.051s][info][gc,heap        ] GC(379) PSYoungGen: 303680K(315904K)->64K(317440K) Eden: 303616K(303616K)->0K(303616K) From: 64K(12288K)->64K(13824K)
[153.051s][info][gc,heap        ] GC(379) ParOldGen: 465474K(465920K)->465482K(465920K)
[153.051s][info][gc,metaspace   ] GC(379) Metaspace: 35091K(35776K)->35091K(35776K) NonClass: 25906K(26368K)->25906K(26368K) Class: 9185K(9408K)->9185K(9408K)
[153.051s][info][gc             ] GC(379) Pause Young (Allocation Failure) 751M->454M(765M) 1.559ms
[153.051s][info][gc,cpu         ] GC(379) User=0.00s Sys=0.00s Real=0.00s
[153.804s][info][gc,start       ] GC(380) Pause Young (Allocation Failure)
[153.806s][info][gc,heap        ] GC(380) PSYoungGen: 303680K(317440K)->64K(291840K) Eden: 303616K(303616K)->0K(291328K) From: 64K(13824K)->64K(512K)
[153.806s][info][gc,heap        ] GC(380) ParOldGen: 465482K(465920K)->465490K(465920K)
[153.806s][info][gc,metaspace   ] GC(380) Metaspace: 35091K(35776K)->35091K(35776K) NonClass: 25906K(26368K)->25906K(26368K) Class: 9185K(9408K)->9185K(9408K)
[153.806s][info][gc             ] GC(380) Pause Young (Allocation Failure) 751M->454M(740M) 2.265ms
[153.806s][info][gc,cpu         ] GC(380) User=0.00s Sys=0.00s Real=0.00s
[154.605s][info][gc,start       ] GC(381) Pause Young (Allocation Failure)
[154.607s][info][gc,heap        ] GC(381) PSYoungGen: 291392K(291840K)->64K(291840K) Eden: 291328K(291328K)->0K(279552K) From: 64K(512K)->64K(12288K)
[154.607s][info][gc,heap        ] GC(381) ParOldGen: 465490K(465920K)->465498K(465920K)
[154.607s][info][gc,metaspace   ] GC(381) Metaspace: 35091K(35776K)->35091K(35776K) NonClass: 25906K(26368K)->25906K(26368K) Class: 9185K(9408K)->9185K(9408K)
[154.607s][info][gc             ] GC(381) Pause Young (Allocation Failure) 739M->454M(740M) 1.583ms
[154.607s][info][gc,cpu         ] GC(381) User=0.00s Sys=0.00s Real=0.00s
[155.113s][info][gc,start       ] GC(382) Pause Young (Allocation Failure)
[155.115s][info][gc,heap        ] GC(382) PSYoungGen: 279616K(291840K)->64K(268800K) Eden: 279552K(279552K)->0K(268288K) From: 64K(12288K)->64K(512K)
[155.115s][info][gc,heap        ] GC(382) ParOldGen: 465498K(465920K)->465506K(465920K)
[155.115s][info][gc,metaspace   ] GC(382) Metaspace: 35091K(35776K)->35091K(35776K) NonClass: 25906K(26368K)->25906K(26368K) Class: 9185K(9408K)->9185K(9408K)
[155.115s][info][gc             ] GC(382) Pause Young (Allocation Failure) 727M->454M(717M) 1.930ms
[155.115s][info][gc,cpu         ] GC(382) User=0.00s Sys=0.00s Real=0.00s
[156.045s][info][gc,start       ] GC(383) Pause Young (Allocation Failure)
[156.046s][info][gc,heap        ] GC(383) PSYoungGen: 268352K(268800K)->64K(268288K) Eden: 268288K(268288K)->0K(257536K) From: 64K(512K)->64K(10752K)
[156.046s][info][gc,heap        ] GC(383) ParOldGen: 465506K(465920K)->465514K(465920K)
[156.046s][info][gc,metaspace   ] GC(383) Metaspace: 35091K(35776K)->35091K(35776K) NonClass: 25906K(26368K)->25906K(26368K) Class: 9185K(9408K)->9185K(9408K)
[156.046s][info][gc             ] GC(383) Pause Young (Allocation Failure) 716M->454M(717M) 1.465ms
[156.046s][info][gc,cpu         ] GC(383) User=0.00s Sys=0.00s Real=0.00s
[156.382s][info][gc,start       ] GC(384) Pause Young (Allocation Failure)
[156.384s][info][gc,heap        ] GC(384) PSYoungGen: 257600K(268288K)->64K(247808K) Eden: 257536K(257536K)->0K(247296K) From: 64K(10752K)->64K(512K)
[156.384s][info][gc,heap        ] GC(384) ParOldGen: 465514K(465920K)->465522K(465920K)
[156.384s][info][gc,metaspace   ] GC(384) Metaspace: 35091K(35776K)->35091K(35776K) NonClass: 25906K(26368K)->25906K(26368K) Class: 9185K(9408K)->9185K(9408K)
[156.384s][info][gc             ] GC(384) Pause Young (Allocation Failure) 706M->454M(697M) 1.838ms
[156.384s][info][gc,cpu         ] GC(384) User=0.00s Sys=0.00s Real=0.00s
[156.495s][info][gc,start       ] GC(385) Pause Young (Allocation Failure)
[156.497s][info][gc,heap        ] GC(385) PSYoungGen: 247360K(247808K)->64K(246784K) Eden: 247296K(247296K)->0K(237568K) From: 64K(512K)->64K(9216K)
[156.497s][info][gc,heap        ] GC(385) ParOldGen: 465522K(465920K)->465530K(465920K)
[156.497s][info][gc,metaspace   ] GC(385) Metaspace: 35091K(35776K)->35091K(35776K) NonClass: 25906K(26368K)->25906K(26368K) Class: 9185K(9408K)->9185K(9408K)
[156.497s][info][gc             ] GC(385) Pause Young (Allocation Failure) 696M->454M(696M) 1.469ms
[156.497s][info][gc,cpu         ] GC(385) User=0.00s Sys=0.00s Real=0.00s
[156.883s][info][gc,start       ] GC(386) Pause Young (Allocation Failure)
[156.885s][info][gc,heap        ] GC(386) PSYoungGen: 237632K(246784K)->64K(228864K) Eden: 237568K(237568K)->0K(228352K) From: 64K(9216K)->64K(512K)
[156.885s][info][gc,heap        ] GC(386) ParOldGen: 465530K(465920K)->465538K(465920K)
[156.885s][info][gc,metaspace   ] GC(386) Metaspace: 35091K(35776K)->35091K(35776K) NonClass: 25906K(26368K)->25906K(26368K) Class: 9185K(9408K)->9185K(9408K)
[156.885s][info][gc             ] GC(386) Pause Young (Allocation Failure) 686M->454M(678M) 2.146ms
[156.885s][info][gc,cpu         ] GC(386) User=0.00s Sys=0.00s Real=0.00s
[157.250s][info][gc,start       ] GC(387) Pause Young (Allocation Failure)
[157.252s][info][gc,heap        ] GC(387) PSYoungGen: 228416K(228864K)->64K(227328K) Eden: 228352K(228352K)->0K(219648K) From: 64K(512K)->64K(7680K)
[157.252s][info][gc,heap        ] GC(387) ParOldGen: 465538K(465920K)->465546K(465920K)
[157.252s][info][gc,metaspace   ] GC(387) Metaspace: 35091K(35776K)->35091K(35776K) NonClass: 25906K(26368K)->25906K(26368K) Class: 9185K(9408K)->9185K(9408K)
[157.252s][info][gc             ] GC(387) Pause Young (Allocation Failure) 677M->454M(677M) 1.802ms
[157.252s][info][gc,cpu         ] GC(387) User=0.01s Sys=0.00s Real=0.00s
[157.605s][info][gc,start       ] GC(388) Pause Young (Allocation Failure)
[157.611s][info][gc,heap        ] GC(388) PSYoungGen: 219712K(227328K)->3136K(215040K) Eden: 219648K(219648K)->0K(211456K) From: 64K(7680K)->3136K(3584K)
[157.611s][info][gc,heap        ] GC(388) ParOldGen: 465546K(465920K)->465554K(465920K)
[157.611s][info][gc,metaspace   ] GC(388) Metaspace: 35091K(35776K)->35091K(35776K) NonClass: 25906K(26368K)->25906K(26368K) Class: 9185K(9408K)->9185K(9408K)
[157.611s][info][gc             ] GC(388) Pause Young (Allocation Failure) 669M->457M(665M) 5.826ms
[157.611s][info][gc,cpu         ] GC(388) User=0.01s Sys=0.00s Real=0.01s
[157.878s][info][gc,start       ] GC(389) Pause Young (Allocation Failure)
[157.923s][info][gc,heap        ] GC(389) PSYoungGen: 214592K(215040K)->7680K(261632K) Eden: 211456K(211456K)->0K(253952K) From: 3136K(3584K)->7680K(7680K)
[157.923s][info][gc,heap        ] GC(389) ParOldGen: 465554K(465920K)->481978K(482304K)
[157.923s][info][gc,metaspace   ] GC(389) Metaspace: 35091K(35776K)->35091K(35776K) NonClass: 25906K(26368K)->25906K(26368K) Class: 9185K(9408K)->9185K(9408K)
[157.924s][info][gc             ] GC(389) Pause Young (Allocation Failure) 664M->478M(726M) 45.748ms
[157.924s][info][gc,cpu         ] GC(389) User=0.07s Sys=0.02s Real=0.05s
[158.246s][info][gc,start       ] GC(390) Pause Young (Allocation Failure)
[158.308s][info][gc,heap        ] GC(390) PSYoungGen: 261632K(261632K)->4608K(262144K) Eden: 253952K(253952K)->0K(257536K) From: 7680K(7680K)->4608K(4608K)
[158.308s][info][gc,heap        ] GC(390) ParOldGen: 481978K(482304K)->506762K(506880K)
[158.308s][info][gc,metaspace   ] GC(390) Metaspace: 35091K(35776K)->35091K(35776K) NonClass: 25906K(26368K)->25906K(26368K) Class: 9185K(9408K)->9185K(9408K)
[158.308s][info][gc             ] GC(390) Pause Young (Allocation Failure) 726M->499M(751M) 61.702ms
[158.308s][info][gc,cpu         ] GC(390) User=0.10s Sys=0.02s Real=0.06s
[158.432s][info][gc,start       ] GC(391) Pause Young (Allocation Failure)
[158.449s][info][gc,heap        ] GC(391) PSYoungGen: 262144K(262144K)->6528K(281600K) Eden: 257536K(257536K)->0K(257536K) From: 4608K(4608K)->6528K(24064K)
[158.449s][info][gc,heap        ] GC(391) ParOldGen: 506762K(506880K)->507434K(507904K)
[158.449s][info][gc,metaspace   ] GC(391) Metaspace: 35091K(35776K)->35091K(35776K) NonClass: 25906K(26368K)->25906K(26368K) Class: 9185K(9408K)->9185K(9408K)
[158.449s][info][gc             ] GC(391) Pause Young (Allocation Failure) 750M->501M(771M) 17.550ms
[158.449s][info][gc,cpu         ] GC(391) User=0.04s Sys=0.00s Real=0.02s
[158.872s][info][gc,start       ] GC(392) Pause Young (Allocation Failure)
[158.874s][info][gc,heap        ] GC(392) PSYoungGen: 264064K(281600K)->64K(307200K) Eden: 257536K(257536K)->0K(287232K) From: 6528K(24064K)->64K(19968K)
[158.874s][info][gc,heap        ] GC(392) ParOldGen: 507434K(507904K)->507442K(507904K)
[158.874s][info][gc,metaspace   ] GC(392) Metaspace: 35091K(35776K)->35091K(35776K) NonClass: 25906K(26368K)->25906K(26368K) Class: 9185K(9408K)->9185K(9408K)
[158.874s][info][gc             ] GC(392) Pause Young (Allocation Failure) 753M->495M(796M) 1.697ms
[158.874s][info][gc,cpu         ] GC(392) User=0.00s Sys=0.00s Real=0.00s
[159.445s][info][gc,start       ] GC(393) Pause Young (Allocation Failure)
[159.447s][info][gc,heap        ] GC(393) PSYoungGen: 287296K(307200K)->64K(309248K) Eden: 287232K(287232K)->0K(287232K) From: 64K(19968K)->64K(22016K)
[159.447s][info][gc,heap        ] GC(393) ParOldGen: 507442K(507904K)->507450K(507904K)
[159.447s][info][gc,metaspace   ] GC(393) Metaspace: 35091K(35776K)->35091K(35776K) NonClass: 25906K(26368K)->25906K(26368K) Class: 9185K(9408K)->9185K(9408K)
[159.447s][info][gc             ] GC(393) Pause Young (Allocation Failure) 776M->495M(798M) 1.718ms
[159.447s][info][gc,cpu         ] GC(393) User=0.00s Sys=0.00s Real=0.00s
[159.864s][info][gc,start       ] GC(394) Pause Young (Allocation Failure)
[159.866s][info][gc,heap        ] GC(394) PSYoungGen: 287296K(309248K)->64K(309760K) Eden: 287232K(287232K)->0K(290816K) From: 64K(22016K)->64K(18944K)
[159.866s][info][gc,heap        ] GC(394) ParOldGen: 507450K(507904K)->507466K(507904K)
[159.866s][info][gc,metaspace   ] GC(394) Metaspace: 35091K(35776K)->35091K(35776K) NonClass: 25906K(26368K)->25906K(26368K) Class: 9185K(9408K)->9185K(9408K)
[159.866s][info][gc             ] GC(394) Pause Young (Allocation Failure) 776M->495M(798M) 1.584ms
[159.866s][info][gc,cpu         ] GC(394) User=0.00s Sys=0.00s Real=0.00s
[160.091s][info][gc,start       ] GC(395) Pause Young (Allocation Failure)
[160.092s][info][gc,heap        ] GC(395) PSYoungGen: 290880K(309760K)->64K(311296K) Eden: 290816K(290816K)->0K(290816K) From: 64K(18944K)->64K(20480K)
[160.092s][info][gc,heap        ] GC(395) ParOldGen: 507466K(507904K)->507482K(507904K)
[160.092s][info][gc,metaspace   ] GC(395) Metaspace: 35091K(35776K)->35091K(35776K) NonClass: 25906K(26368K)->25906K(26368K) Class: 9185K(9408K)->9185K(9408K)
[160.092s][info][gc             ] GC(395) Pause Young (Allocation Failure) 779M->495M(800M) 1.714ms
[160.092s][info][gc,cpu         ] GC(395) User=0.00s Sys=0.00s Real=0.00s
[160.312s][info][gc,start       ] GC(396) Pause Young (Allocation Failure)
[160.314s][info][gc,heap        ] GC(396) PSYoungGen: 290880K(311296K)->64K(310784K) Eden: 290816K(290816K)->0K(293888K) From: 64K(20480K)->64K(16896K)
[160.314s][info][gc,heap        ] GC(396) ParOldGen: 507482K(507904K)->507482K(507904K)
[160.314s][info][gc,metaspace   ] GC(396) Metaspace: 35091K(35776K)->35091K(35776K) NonClass: 25906K(26368K)->25906K(26368K) Class: 9185K(9408K)->9185K(9408K)
[160.314s][info][gc             ] GC(396) Pause Young (Allocation Failure) 779M->495M(799M) 1.594ms
[160.314s][info][gc,cpu         ] GC(396) User=0.01s Sys=0.00s Real=0.00s
[160.596s][info][gc,start       ] GC(397) Pause Young (Allocation Failure)
[160.597s][info][gc,heap        ] GC(397) PSYoungGen: 293952K(310784K)->64K(312320K) Eden: 293888K(293888K)->0K(293888K) From: 64K(16896K)->64K(18432K)
[160.597s][info][gc,heap        ] GC(397) ParOldGen: 507482K(507904K)->507482K(507904K)
[160.597s][info][gc,metaspace   ] GC(397) Metaspace: 35091K(35776K)->35091K(35776K) NonClass: 25906K(26368K)->25906K(26368K) Class: 9185K(9408K)->9185K(9408K)
[160.597s][info][gc             ] GC(397) Pause Young (Allocation Failure) 782M->495M(801M) 1.781ms
[160.598s][info][gc,cpu         ] GC(397) User=0.00s Sys=0.00s Real=0.00s
[160.649s][info][gc,start       ] GC(398) Pause Young (Allocation Failure)
[160.650s][info][gc,heap        ] GC(398) PSYoungGen: 293952K(312320K)->64K(312832K) Eden: 293888K(293888K)->0K(297472K) From: 64K(18432K)->64K(15360K)
[160.650s][info][gc,heap        ] GC(398) ParOldGen: 507482K(507904K)->507498K(507904K)
[160.650s][info][gc,metaspace   ] GC(398) Metaspace: 35091K(35776K)->35091K(35776K) NonClass: 25906K(26368K)->25906K(26368K) Class: 9185K(9408K)->9185K(9408K)
[160.650s][info][gc             ] GC(398) Pause Young (Allocation Failure) 782M->495M(801M) 1.492ms
[160.650s][info][gc,cpu         ] GC(398) User=0.00s Sys=0.00s Real=0.01s
[160.785s][info][gc,start       ] GC(399) Pause Young (Allocation Failure)
[160.787s][info][gc,heap        ] GC(399) PSYoungGen: 297536K(312832K)->64K(314368K) Eden: 297472K(297472K)->0K(297472K) From: 64K(15360K)->64K(16896K)
[160.787s][info][gc,heap        ] GC(399) ParOldGen: 507498K(507904K)->507498K(507904K)
[160.787s][info][gc,metaspace   ] GC(399) Metaspace: 35091K(35776K)->35091K(35776K) NonClass: 25906K(26368K)->25906K(26368K) Class: 9185K(9408K)->9185K(9408K)
[160.787s][info][gc             ] GC(399) Pause Young (Allocation Failure) 786M->495M(803M) 1.591ms
[160.787s][info][gc,cpu         ] GC(399) User=0.01s Sys=0.00s Real=0.00s
[161.103s][info][gc,start       ] GC(400) Pause Young (Allocation Failure)
[161.105s][info][gc,heap        ] GC(400) PSYoungGen: 297536K(314368K)->64K(314368K) Eden: 297472K(297472K)->0K(301056K) From: 64K(16896K)->64K(13312K)
[161.105s][info][gc,heap        ] GC(400) ParOldGen: 507498K(507904K)->507514K(507904K)
[161.105s][info][gc,metaspace   ] GC(400) Metaspace: 35091K(35776K)->35091K(35776K) NonClass: 25906K(26368K)->25906K(26368K) Class: 9185K(9408K)->9185K(9408K)
[161.105s][info][gc             ] GC(400) Pause Young (Allocation Failure) 786M->495M(803M) 1.488ms
[161.105s][info][gc,cpu         ] GC(400) User=0.00s Sys=0.00s Real=0.00s
[161.283s][info][gc,start       ] GC(401) Pause Young (Allocation Failure)
[161.284s][info][gc,heap        ] GC(401) PSYoungGen: 301120K(314368K)->64K(315904K) Eden: 301056K(301056K)->0K(301056K) From: 64K(13312K)->64K(14848K)
[161.284s][info][gc,heap        ] GC(401) ParOldGen: 507514K(507904K)->507514K(507904K)
[161.284s][info][gc,metaspace   ] GC(401) Metaspace: 35091K(35776K)->35091K(35776K) NonClass: 25906K(26368K)->25906K(26368K) Class: 9185K(9408K)->9185K(9408K)
[161.284s][info][gc             ] GC(401) Pause Young (Allocation Failure) 789M->495M(804M) 1.652ms
[161.284s][info][gc,cpu         ] GC(401) User=0.00s Sys=0.00s Real=0.00s
[161.367s][info][gc,start       ] GC(402) Pause Young (Allocation Failure)
[161.368s][info][gc,heap        ] GC(402) PSYoungGen: 301120K(315904K)->64K(316416K) Eden: 301056K(301056K)->0K(304640K) From: 64K(14848K)->64K(11776K)
[161.368s][info][gc,heap        ] GC(402) ParOldGen: 507514K(507904K)->507530K(507904K)
[161.368s][info][gc,metaspace   ] GC(402) Metaspace: 35091K(35776K)->35091K(35776K) NonClass: 25906K(26368K)->25906K(26368K) Class: 9185K(9408K)->9185K(9408K)
[161.368s][info][gc             ] GC(402) Pause Young (Allocation Failure) 789M->495M(805M) 1.524ms
[161.368s][info][gc,cpu         ] GC(402) User=0.00s Sys=0.00s Real=0.00s
[161.557s][info][gc,start       ] GC(403) Pause Young (Allocation Failure)
[161.558s][info][gc,heap        ] GC(403) PSYoungGen: 304704K(316416K)->64K(317952K) Eden: 304640K(304640K)->0K(304640K) From: 64K(11776K)->64K(13312K)
[161.558s][info][gc,heap        ] GC(403) ParOldGen: 507530K(507904K)->507530K(507904K)
[161.558s][info][gc,metaspace   ] GC(403) Metaspace: 35091K(35776K)->35091K(35776K) NonClass: 25906K(26368K)->25906K(26368K) Class: 9185K(9408K)->9185K(9408K)
[161.558s][info][gc             ] GC(403) Pause Young (Allocation Failure) 793M->495M(806M) 1.654ms
[161.559s][info][gc,cpu         ] GC(403) User=0.00s Sys=0.00s Real=0.00s
[162.456s][info][gc,start       ] GC(404) Pause Young (Allocation Failure)
[162.458s][info][gc,heap        ] GC(404) PSYoungGen: 304704K(317952K)->64K(292864K) Eden: 304640K(304640K)->0K(292352K) From: 64K(13312K)->64K(512K)
[162.458s][info][gc,heap        ] GC(404) ParOldGen: 507530K(507904K)->507538K(507904K)
[162.458s][info][gc,metaspace   ] GC(404) Metaspace: 35091K(35776K)->35091K(35776K) NonClass: 25906K(26368K)->25906K(26368K) Class: 9185K(9408K)->9185K(9408K)
[162.458s][info][gc             ] GC(404) Pause Young (Allocation Failure) 793M->495M(782M) 1.752ms
[162.458s][info][gc,cpu         ] GC(404) User=0.00s Sys=0.00s Real=0.00s
[163.285s][info][gc,start       ] GC(405) Pause Young (Allocation Failure)
[163.287s][info][gc,heap        ] GC(405) PSYoungGen: 292416K(292864K)->64K(292352K) Eden: 292352K(292352K)->0K(280576K) From: 64K(512K)->64K(11776K)
[163.287s][info][gc,heap        ] GC(405) ParOldGen: 507538K(507904K)->507546K(507904K)
[163.287s][info][gc,metaspace   ] GC(405) Metaspace: 35091K(35776K)->35091K(35776K) NonClass: 25906K(26368K)->25906K(26368K) Class: 9185K(9408K)->9185K(9408K)
[163.287s][info][gc             ] GC(405) Pause Young (Allocation Failure) 781M->495M(781M) 1.614ms
[163.287s][info][gc,cpu         ] GC(405) User=0.00s Sys=0.00s Real=0.00s
[163.662s][info][gc,start       ] GC(406) Pause Young (Allocation Failure)
[163.663s][info][gc,heap        ] GC(406) PSYoungGen: 280640K(292352K)->64K(269824K) Eden: 280576K(280576K)->0K(269312K) From: 64K(11776K)->64K(512K)
[163.663s][info][gc,heap        ] GC(406) ParOldGen: 507546K(507904K)->507554K(507904K)
[163.663s][info][gc,metaspace   ] GC(406) Metaspace: 35091K(35776K)->35091K(35776K) NonClass: 25906K(26368K)->25906K(26368K) Class: 9185K(9408K)->9185K(9408K)
[163.663s][info][gc             ] GC(406) Pause Young (Allocation Failure) 769M->495M(759M) 1.660ms
[163.663s][info][gc,cpu         ] GC(406) User=0.00s Sys=0.00s Real=0.00s
[164.707s][info][gc,start       ] GC(407) Pause Young (Allocation Failure)
[164.709s][info][gc,heap        ] GC(407) PSYoungGen: 269376K(269824K)->64K(268800K) Eden: 269312K(269312K)->0K(258560K) From: 64K(512K)->64K(10240K)
[164.709s][info][gc,heap        ] GC(407) ParOldGen: 507554K(507904K)->507562K(507904K)
[164.709s][info][gc,metaspace   ] GC(407) Metaspace: 35091K(35776K)->35091K(35776K) NonClass: 25906K(26368K)->25906K(26368K) Class: 9185K(9408K)->9185K(9408K)
[164.709s][info][gc             ] GC(407) Pause Young (Allocation Failure) 758M->495M(758M) 1.550ms
[164.709s][info][gc,cpu         ] GC(407) User=0.01s Sys=0.00s Real=0.01s
[165.095s][info][gc,start       ] GC(408) Pause Young (Allocation Failure)
[165.096s][info][gc,heap        ] GC(408) PSYoungGen: 258624K(268800K)->64K(248832K) Eden: 258560K(258560K)->0K(248320K) From: 64K(10240K)->64K(512K)
[165.096s][info][gc,heap        ] GC(408) ParOldGen: 507562K(507904K)->507570K(507904K)
[165.096s][info][gc,metaspace   ] GC(408) Metaspace: 35091K(35776K)->35091K(35776K) NonClass: 25906K(26368K)->25906K(26368K) Class: 9185K(9408K)->9185K(9408K)
[165.096s][info][gc             ] GC(408) Pause Young (Allocation Failure) 748M->495M(739M) 1.721ms
[165.096s][info][gc,cpu         ] GC(408) User=0.00s Sys=0.00s Real=0.00s
[165.290s][info][gc,start       ] GC(409) Pause Young (Allocation Failure)
[165.292s][info][gc,heap        ] GC(409) PSYoungGen: 248384K(248832K)->64K(247808K) Eden: 248320K(248320K)->0K(238592K) From: 64K(512K)->64K(9216K)
[165.292s][info][gc,heap        ] GC(409) ParOldGen: 507570K(507904K)->507586K(507904K)
[165.292s][info][gc,metaspace   ] GC(409) Metaspace: 35091K(35776K)->35091K(35776K) NonClass: 25906K(26368K)->25906K(26368K) Class: 9185K(9408K)->9185K(9408K)
[165.292s][info][gc             ] GC(409) Pause Young (Allocation Failure) 738M->495M(738M) 2.633ms
[165.292s][info][gc,cpu         ] GC(409) User=0.00s Sys=0.00s Real=0.00s
[165.369s][info][gc,start       ] GC(410) Pause Young (Allocation Failure)
[165.372s][info][gc,heap        ] GC(410) PSYoungGen: 238656K(247808K)->64K(293888K) Eden: 238592K(238592K)->0K(285696K) From: 64K(9216K)->64K(8192K)
[165.372s][info][gc,heap        ] GC(410) ParOldGen: 507586K(507904K)->507602K(507904K)
[165.372s][info][gc,metaspace   ] GC(410) Metaspace: 35091K(35776K)->35091K(35776K) NonClass: 25906K(26368K)->25906K(26368K) Class: 9185K(9408K)->9185K(9408K)
[165.372s][info][gc             ] GC(410) Pause Young (Allocation Failure) 728M->495M(783M) 2.604ms
[165.372s][info][gc,cpu         ] GC(410) User=0.01s Sys=0.00s Real=0.00s
[166.031s][info][gc,start       ] GC(411) Pause Young (Allocation Failure)
[166.034s][info][gc,heap        ] GC(411) PSYoungGen: 285760K(293888K)->64K(293376K) Eden: 285696K(285696K)->0K(285696K) From: 64K(8192K)->64K(7680K)
[166.034s][info][gc,heap        ] GC(411) ParOldGen: 507602K(507904K)->507618K(507904K)
[166.034s][info][gc,metaspace   ] GC(411) Metaspace: 35091K(35776K)->35091K(35776K) NonClass: 25906K(26368K)->25906K(26368K) Class: 9185K(9408K)->9185K(9408K)
[166.034s][info][gc             ] GC(411) Pause Young (Allocation Failure) 774M->495M(782M) 3.292ms
[166.034s][info][gc,cpu         ] GC(411) User=0.00s Sys=0.01s Real=0.00s
[166.397s][info][gc,start       ] GC(412) Pause Young (Allocation Failure)
[166.400s][info][gc,heap        ] GC(412) PSYoungGen: 285760K(293376K)->64K(325632K) Eden: 285696K(285696K)->0K(318464K) From: 64K(7680K)->64K(7168K)
[166.400s][info][gc,heap        ] GC(412) ParOldGen: 507618K(507904K)->507626K(507904K)
[166.400s][info][gc,metaspace   ] GC(412) Metaspace: 35091K(35776K)->35091K(35776K) NonClass: 25906K(26368K)->25906K(26368K) Class: 9185K(9408K)->9185K(9408K)
[166.400s][info][gc             ] GC(412) Pause Young (Allocation Failure) 774M->495M(814M) 2.835ms
[166.400s][info][gc,cpu         ] GC(412) User=0.00s Sys=0.00s Real=0.01s
[166.879s][info][gc,start       ] GC(413) Pause Young (Allocation Failure)
[166.956s][info][gc,heap        ] GC(413) PSYoungGen: 318528K(325632K)->6656K(325120K) Eden: 318464K(318464K)->0K(318464K) From: 64K(7168K)->6656K(6656K)
[166.956s][info][gc,heap        ] GC(413) ParOldGen: 507626K(507904K)->536522K(536576K)
[166.956s][info][gc,metaspace   ] GC(413) Metaspace: 35091K(35776K)->35091K(35776K) NonClass: 25906K(26368K)->25906K(26368K) Class: 9185K(9408K)->9185K(9408K)
[166.956s][info][gc             ] GC(413) Pause Young (Allocation Failure) 806M->530M(841M) 77.273ms
[166.956s][info][gc,cpu         ] GC(413) User=0.12s Sys=0.03s Real=0.07s
[167.321s][info][gc,start       ] GC(414) Pause Young (Allocation Failure)
[167.387s][info][gc,heap        ] GC(414) PSYoungGen: 325120K(325120K)->8704K(289280K) Eden: 318464K(318464K)->0K(280576K) From: 6656K(6656K)->8704K(8704K)
[167.387s][info][gc,heap        ] GC(414) ParOldGen: 536522K(536576K)->555714K(556032K)
[167.387s][info][gc,metaspace   ] GC(414) Metaspace: 35091K(35776K)->35091K(35776K) NonClass: 25906K(26368K)->25906K(26368K) Class: 9185K(9408K)->9185K(9408K)
[167.388s][info][gc             ] GC(414) Pause Young (Allocation Failure) 841M->551M(825M) 66.768ms
[167.388s][info][gc,cpu         ] GC(414) User=0.12s Sys=0.01s Real=0.06s
[167.600s][info][gc,start       ] GC(415) Pause Young (Allocation Failure)
[167.607s][info][gc,heap        ] GC(415) PSYoungGen: 289280K(289280K)->64K(307200K) Eden: 280576K(280576K)->0K(280576K) From: 8704K(8704K)->64K(26624K)
[167.607s][info][gc,heap        ] GC(415) ParOldGen: 555714K(556032K)->556218K(556544K)
[167.607s][info][gc,metaspace   ] GC(415) Metaspace: 35091K(35776K)->35091K(35776K) NonClass: 25906K(26368K)->25906K(26368K) Class: 9185K(9408K)->9185K(9408K)
[167.607s][info][gc             ] GC(415) Pause Young (Allocation Failure) 825M->543M(843M) 6.856ms
[167.607s][info][gc,cpu         ] GC(415) User=0.02s Sys=0.00s Real=0.00s
[168.305s][info][metaspace      ] ChkMgr @0x00007f08b403f1d0 (non-class-space): failed to commit 150 words on chunk @0x00007f08b4216968, f, base 0x00007f084d9e0000, level lv07.
[168.306s][info][metaspace      ] Arena @0x00007f08b4059bd0 (non-class arena): failed to allocate new chunk for requested word size 150.
[168.306s][info][metaspace      ] Arena @0x00007f08b4059bd0 (non-class arena): allocation failed, returned null.
[168.306s][info][metaspace      ] ChkMgr @0x00007f08b403f1d0 (non-class-space): failed to commit 150 words on chunk @0x00007f08b4216968, f, base 0x00007f084d9e0000, level lv07.
[168.306s][info][metaspace      ] Arena @0x00007f08b4059bd0 (non-class arena): failed to allocate new chunk for requested word size 150.
[168.306s][info][metaspace      ] Arena @0x00007f08b4059bd0 (non-class arena): allocation failed, returned null.
[168.306s][info][metaspace      ] ChkMgr @0x00007f08b403f1d0 (non-class-space): failed to commit 150 words on chunk @0x00007f08b4216968, f, base 0x00007f084d9e0000, level lv07.
[168.306s][info][metaspace      ] Arena @0x00007f08b4059bd0 (non-class arena): failed to allocate new chunk for requested word size 150.
[168.306s][info][metaspace      ] Arena @0x00007f08b4059bd0 (non-class arena): allocation failed, returned null.
[168.306s][info][gc,start       ] GC(416) Pause Full (Metadata GC Threshold)
[168.306s][info][gc,phases,start] GC(416) Marking Phase
[168.353s][info][gc,phases      ] GC(416) Marking Phase 47.596ms
[168.353s][info][gc,phases,start] GC(416) Summary Phase
[168.353s][info][gc,phases      ] GC(416) Summary Phase 0.023ms
[168.353s][info][gc,phases,start] GC(416) Forward
[168.358s][info][gc,phases      ] GC(416) Forward 4.741ms
[168.358s][info][gc,phases,start] GC(416) Adjust Pointers
[168.381s][info][gc,phases      ] GC(416) Adjust Pointers 22.645ms
[168.381s][info][gc,phases,start] GC(416) Compaction Phase
[168.389s][info][gc,phases      ] GC(416) Compaction Phase 7.716ms
[168.389s][info][gc,phases,start] GC(416) Post Compact
[168.401s][info][metaspace      ] ChkMgr @0x00007f08b403f1d0 (non-class-space): : reclaiming memory...
[168.401s][info][metaspace      ] ChkMgr @0x00007f08b403f1d0 (non-class-space): nothing reclaimed.
[168.401s][info][metaspace      ] ChkMgr @0x00007f08b403efe0 (class-space): : reclaiming memory...
[168.401s][info][metaspace      ] ChkMgr @0x00007f08b403efe0 (class-space): nothing reclaimed.
[168.402s][info][gc,phases      ] GC(416) Post Compact 13.020ms
[168.402s][info][gc,heap        ] GC(416) PSYoungGen: 275003K(307200K)->0K(307200K) Eden: 274939K(280576K)->0K(280576K) From: 64K(26624K)->0K(26624K)
[168.402s][info][gc,heap        ] GC(416) ParOldGen: 556218K(556544K)->50759K(556544K)
[168.402s][info][gc,metaspace   ] GC(416) Metaspace: 35115K(35840K)->35081K(35840K) NonClass: 25925K(26432K)->25894K(26432K) Class: 9189K(9408K)->9186K(9408K)
[168.402s][info][gc             ] GC(416) Pause Full (Metadata GC Threshold) 811M->49M(843M) 95.982ms
[168.402s][info][gc,cpu         ] GC(416) User=0.12s Sys=0.02s Real=0.10s
[168.775s][info][gc,start       ] GC(417) Pause Young (Allocation Failure)
[168.776s][info][gc,heap        ] GC(417) PSYoungGen: 280576K(307200K)->160K(304128K) Eden: 280576K(280576K)->0K(281600K) From: 0K(26624K)->160K(22528K)
[168.776s][info][gc,heap        ] GC(417) ParOldGen: 50759K(556544K)->50759K(556544K)
[168.776s][info][gc,metaspace   ] GC(417) Metaspace: 35195K(35840K)->35195K(35840K) NonClass: 25987K(26432K)->25987K(26432K) Class: 9207K(9408K)->9207K(9408K)
[168.776s][info][gc             ] GC(417) Pause Young (Allocation Failure) 323M->49M(840M) 1.286ms
[168.776s][info][gc,cpu         ] GC(417) User=0.00s Sys=0.00s Real=0.00s
[169.212s][info][gc,start       ] GC(418) Pause Young (Allocation Failure)
[169.213s][info][gc,heap        ] GC(418) PSYoungGen: 281760K(304128K)->32K(306176K) Eden: 281600K(281600K)->0K(281600K) From: 160K(22528K)->32K(24576K)
[169.213s][info][gc,heap        ] GC(418) ParOldGen: 50759K(556544K)->50847K(556544K)
[169.213s][info][gc,metaspace   ] GC(418) Metaspace: 35195K(35840K)->35195K(35840K) NonClass: 25987K(26432K)->25987K(26432K) Class: 9207K(9408K)->9207K(9408K)
[169.213s][info][gc             ] GC(418) Pause Young (Allocation Failure) 324M->49M(842M) 1.467ms
[169.213s][info][gc,cpu         ] GC(418) User=0.00s Sys=0.00s Real=0.00s
[169.445s][info][gc,start       ] GC(419) Pause Young (Allocation Failure)
[169.446s][info][gc,heap        ] GC(419) PSYoungGen: 281632K(306176K)->64K(306176K) Eden: 281600K(281600K)->0K(285696K) From: 32K(24576K)->64K(20480K)
[169.446s][info][gc,heap        ] GC(419) ParOldGen: 50847K(556544K)->50863K(556544K)
[169.446s][info][gc,metaspace   ] GC(419) Metaspace: 35195K(35840K)->35195K(35840K) NonClass: 25987K(26432K)->25987K(26432K) Class: 9207K(9408K)->9207K(9408K)
[169.446s][info][gc             ] GC(419) Pause Young (Allocation Failure) 324M->49M(842M) 0.692ms
[169.446s][info][gc,cpu         ] GC(419) User=0.00s Sys=0.00s Real=0.00s
[169.804s][info][gc,start       ] GC(420) Pause Young (Allocation Failure)
[169.805s][info][gc,heap        ] GC(420) PSYoungGen: 285760K(306176K)->64K(308224K) Eden: 285696K(285696K)->0K(285696K) From: 64K(20480K)->64K(22528K)
[169.805s][info][gc,heap        ] GC(420) ParOldGen: 50863K(556544K)->50863K(556544K)
[169.805s][info][gc,metaspace   ] GC(420) Metaspace: 35195K(35840K)->35195K(35840K) NonClass: 25987K(26432K)->25987K(26432K) Class: 9207K(9408K)->9207K(9408K)
[169.805s][info][gc             ] GC(420) Pause Young (Allocation Failure) 328M->49M(844M) 0.746ms
[169.805s][info][gc,cpu         ] GC(420) User=0.00s Sys=0.00s Real=0.00s
[169.870s][info][gc,start       ] GC(421) Pause Young (Allocation Failure)
[169.871s][info][gc,heap        ] GC(421) PSYoungGen: 285760K(308224K)->64K(308224K) Eden: 285696K(285696K)->0K(289792K) From: 64K(22528K)->64K(18432K)
[169.871s][info][gc,heap        ] GC(421) ParOldGen: 50863K(556544K)->50871K(556544K)
[169.871s][info][gc,metaspace   ] GC(421) Metaspace: 35195K(35840K)->35195K(35840K) NonClass: 25987K(26432K)->25987K(26432K) Class: 9207K(9408K)->9207K(9408K)
[169.871s][info][gc             ] GC(421) Pause Young (Allocation Failure) 328M->49M(844M) 0.710ms
[169.871s][info][gc,cpu         ] GC(421) User=0.00s Sys=0.00s Real=0.00s
[169.922s][info][gc,start       ] GC(422) Pause Young (Allocation Failure)
[169.922s][info][gc,heap        ] GC(422) PSYoungGen: 289856K(308224K)->64K(310272K) Eden: 289792K(289792K)->0K(289792K) From: 64K(18432K)->64K(20480K)
[169.922s][info][gc,heap        ] GC(422) ParOldGen: 50871K(556544K)->50887K(556544K)
[169.922s][info][gc,metaspace   ] GC(422) Metaspace: 35195K(35840K)->35195K(35840K) NonClass: 25987K(26432K)->25987K(26432K) Class: 9207K(9408K)->9207K(9408K)
[169.922s][info][gc             ] GC(422) Pause Young (Allocation Failure) 332M->49M(846M) 0.531ms
[169.922s][info][gc,cpu         ] GC(422) User=0.00s Sys=0.00s Real=0.00s
[170.151s][info][gc,start       ] GC(423) Pause Young (Allocation Failure)
[170.152s][info][gc,heap        ] GC(423) PSYoungGen: 289856K(310272K)->64K(310272K) Eden: 289792K(289792K)->0K(293888K) From: 64K(20480K)->64K(16384K)
[170.152s][info][gc,heap        ] GC(423) ParOldGen: 50887K(556544K)->50887K(556544K)
[170.152s][info][gc,metaspace   ] GC(423) Metaspace: 35195K(35840K)->35195K(35840K) NonClass: 25987K(26432K)->25987K(26432K) Class: 9207K(9408K)->9207K(9408K)
[170.152s][info][gc             ] GC(423) Pause Young (Allocation Failure) 332M->49M(846M) 0.709ms
[170.152s][info][gc,cpu         ] GC(423) User=0.00s Sys=0.00s Real=0.00s
[170.435s][info][gc,start       ] GC(424) Pause Young (Allocation Failure)
[170.437s][info][gc,heap        ] GC(424) PSYoungGen: 293952K(310272K)->64K(282624K) Eden: 293888K(293888K)->0K(282112K) From: 64K(16384K)->64K(512K)
[170.437s][info][gc,heap        ] GC(424) ParOldGen: 50887K(556544K)->50895K(556544K)
[170.437s][info][gc,metaspace   ] GC(424) Metaspace: 35195K(35840K)->35195K(35840K) NonClass: 25987K(26432K)->25987K(26432K) Class: 9207K(9408K)->9207K(9408K)
[170.437s][info][gc             ] GC(424) Pause Young (Allocation Failure) 336M->49M(819M) 1.538ms
[170.437s][info][gc,cpu         ] GC(424) User=0.00s Sys=0.00s Real=0.00s
[170.562s][info][gc,start       ] GC(425) Pause Young (Allocation Failure)
[170.563s][info][gc,heap        ] GC(425) PSYoungGen: 282176K(282624K)->64K(274944K) Eden: 282112K(282112K)->0K(270848K) From: 64K(512K)->64K(4096K)
[170.563s][info][gc,heap        ] GC(425) ParOldGen: 50895K(556544K)->50903K(556544K)
[170.563s][info][gc,metaspace   ] GC(425) Metaspace: 35195K(35840K)->35195K(35840K) NonClass: 25987K(26432K)->25987K(26432K) Class: 9207K(9408K)->9207K(9408K)
[170.563s][info][gc             ] GC(425) Pause Young (Allocation Failure) 325M->49M(812M) 1.503ms
[170.563s][info][gc,cpu         ] GC(425) User=0.00s Sys=0.00s Real=0.00s
[170.652s][info][gc,start       ] GC(426) Pause Young (Allocation Failure)
[170.653s][info][gc,heap        ] GC(426) PSYoungGen: 270912K(274944K)->64K(260608K) Eden: 270848K(270848K)->0K(260096K) From: 64K(4096K)->64K(512K)
[170.653s][info][gc,heap        ] GC(426) ParOldGen: 50903K(556544K)->50911K(556544K)
[170.653s][info][gc,metaspace   ] GC(426) Metaspace: 35195K(35840K)->35195K(35840K) NonClass: 25987K(26432K)->25987K(26432K) Class: 9207K(9408K)->9207K(9408K)
[170.653s][info][gc             ] GC(426) Pause Young (Allocation Failure) 314M->49M(798M) 0.847ms
[170.653s][info][gc,cpu         ] GC(426) User=0.01s Sys=0.00s Real=0.00s
[170.816s][info][gc,start       ] GC(427) Pause Young (Allocation Failure)
[170.817s][info][gc,heap        ] GC(427) PSYoungGen: 260160K(260608K)->64K(250368K) Eden: 260096K(260096K)->0K(249856K) From: 64K(512K)->64K(512K)
[170.817s][info][gc,heap        ] GC(427) ParOldGen: 50911K(556544K)->50919K(556544K)
[170.817s][info][gc,metaspace   ] GC(427) Metaspace: 35195K(35840K)->35195K(35840K) NonClass: 25987K(26432K)->25987K(26432K) Class: 9207K(9408K)->9207K(9408K)
[170.817s][info][gc             ] GC(427) Pause Young (Allocation Failure) 303M->49M(788M) 1.564ms
[170.817s][info][gc,cpu         ] GC(427) User=0.00s Sys=0.00s Real=0.00s
[171.703s][info][gc,start       ] GC(428) Pause Young (Allocation Failure)
[171.704s][info][gc,heap        ] GC(428) PSYoungGen: 249920K(250368K)->64K(254464K) Eden: 249856K(249856K)->0K(240128K) From: 64K(512K)->64K(14336K)
[171.704s][info][gc,heap        ] GC(428) ParOldGen: 50919K(556544K)->50927K(556544K)
[171.704s][info][gc,metaspace   ] GC(428) Metaspace: 35195K(35840K)->35195K(35840K) NonClass: 25987K(26432K)->25987K(26432K) Class: 9207K(9408K)->9207K(9408K)
[171.704s][info][gc             ] GC(428) Pause Young (Allocation Failure) 293M->49M(792M) 0.584ms
[171.704s][info][gc,cpu         ] GC(428) User=0.00s Sys=0.00s Real=0.00s
[172.337s][info][gc,start       ] GC(429) Pause Young (Allocation Failure)
[172.339s][info][gc,heap        ] GC(429) PSYoungGen: 240192K(254464K)->32K(231424K) Eden: 240128K(240128K)->0K(230912K) From: 64K(14336K)->32K(512K)
[172.339s][info][gc,heap        ] GC(429) ParOldGen: 50927K(556544K)->50943K(556544K)
[172.339s][info][gc,metaspace   ] GC(429) Metaspace: 35195K(35840K)->35195K(35840K) NonClass: 25987K(26432K)->25987K(26432K) Class: 9207K(9408K)->9207K(9408K)
[172.339s][info][gc             ] GC(429) Pause Young (Allocation Failure) 284M->49M(769M) 1.606ms
[172.339s][info][gc,cpu         ] GC(429) User=0.00s Sys=0.00s Real=0.01s
[172.658s][info][gc,start       ] GC(430) Pause Young (Allocation Failure)
[172.659s][info][gc,heap        ] GC(430) PSYoungGen: 230944K(231424K)->64K(235008K) Eden: 230912K(230912K)->0K(222208K) From: 32K(512K)->64K(12800K)
[172.659s][info][gc,heap        ] GC(430) ParOldGen: 50943K(556544K)->50951K(556544K)
[172.659s][info][gc,metaspace   ] GC(430) Metaspace: 35195K(35840K)->35195K(35840K) NonClass: 25987K(26432K)->25987K(26432K) Class: 9207K(9408K)->9207K(9408K)
[172.659s][info][gc             ] GC(430) Pause Young (Allocation Failure) 275M->49M(773M) 0.593ms
[172.659s][info][gc,cpu         ] GC(430) User=0.00s Sys=0.00s Real=0.01s
[173.058s][info][gc,start       ] GC(431) Pause Young (Allocation Failure)
[173.059s][info][gc,heap        ] GC(431) PSYoungGen: 222272K(235008K)->64K(214528K) Eden: 222208K(222208K)->0K(214016K) From: 64K(12800K)->64K(512K)
[173.059s][info][gc,heap        ] GC(431) ParOldGen: 50951K(556544K)->50959K(556544K)
[173.059s][info][gc,metaspace   ] GC(431) Metaspace: 35195K(35840K)->35195K(35840K) NonClass: 25987K(26432K)->25987K(26432K) Class: 9207K(9408K)->9207K(9408K)
[173.059s][info][gc             ] GC(431) Pause Young (Allocation Failure) 266M->49M(753M) 1.631ms
[173.059s][info][gc,cpu         ] GC(431) User=0.00s Sys=0.00s Real=0.01s
[174.014s][info][gc,start       ] GC(432) Pause Young (Allocation Failure)
[174.014s][info][gc,heap        ] GC(432) PSYoungGen: 214080K(214528K)->64K(216576K) Eden: 214016K(214016K)->0K(205824K) From: 64K(512K)->64K(10752K)
[174.014s][info][gc,heap        ] GC(432) ParOldGen: 50959K(556544K)->50967K(556544K)
[174.014s][info][gc,metaspace   ] GC(432) Metaspace: 35195K(35840K)->35195K(35840K) NonClass: 25987K(26432K)->25987K(26432K) Class: 9207K(9408K)->9207K(9408K)
[174.014s][info][gc             ] GC(432) Pause Young (Allocation Failure) 258M->49M(755M) 0.671ms
[174.015s][info][gc,cpu         ] GC(432) User=0.01s Sys=0.00s Real=0.00s
[174.210s][info][gc,start       ] GC(433) Pause Young (Allocation Failure)
[174.211s][info][gc,heap        ] GC(433) PSYoungGen: 205888K(216576K)->64K(198656K) Eden: 205824K(205824K)->0K(198144K) From: 64K(10752K)->64K(512K)
[174.211s][info][gc,heap        ] GC(433) ParOldGen: 50967K(556544K)->50975K(556544K)
[174.211s][info][gc,metaspace   ] GC(433) Metaspace: 35195K(35840K)->35195K(35840K) NonClass: 25987K(26432K)->25987K(26432K) Class: 9207K(9408K)->9207K(9408K)
[174.212s][info][gc             ] GC(433) Pause Young (Allocation Failure) 250M->49M(737M) 1.304ms
[174.212s][info][gc,cpu         ] GC(433) User=0.00s Sys=0.00s Real=0.00s
[174.510s][info][gc,start       ] GC(434) Pause Young (Allocation Failure)
[174.511s][info][gc,heap        ] GC(434) PSYoungGen: 198208K(198656K)->64K(200704K) Eden: 198144K(198144K)->0K(190976K) From: 64K(512K)->64K(9728K)
[174.511s][info][gc,heap        ] GC(434) ParOldGen: 50975K(556544K)->50983K(556544K)
[174.511s][info][gc,metaspace   ] GC(434) Metaspace: 35195K(35840K)->35195K(35840K) NonClass: 25987K(26432K)->25987K(26432K) Class: 9207K(9408K)->9207K(9408K)
[174.511s][info][gc             ] GC(434) Pause Young (Allocation Failure) 243M->49M(739M) 0.583ms
[174.511s][info][gc,cpu         ] GC(434) User=0.00s Sys=0.00s Real=0.00s
[174.604s][info][gc,start       ] GC(435) Pause Young (Allocation Failure)
[174.605s][info][gc,heap        ] GC(435) PSYoungGen: 191040K(200704K)->64K(184832K) Eden: 190976K(190976K)->0K(184320K) From: 64K(9728K)->64K(512K)
[174.605s][info][gc,heap        ] GC(435) ParOldGen: 50983K(556544K)->50991K(556544K)
[174.605s][info][gc,metaspace   ] GC(435) Metaspace: 35195K(35840K)->35195K(35840K) NonClass: 25987K(26432K)->25987K(26432K) Class: 9207K(9408K)->9207K(9408K)
[174.605s][info][gc             ] GC(435) Pause Young (Allocation Failure) 236M->49M(724M) 0.995ms
[174.605s][info][gc,cpu         ] GC(435) User=0.00s Sys=0.00s Real=0.00s
[174.711s][info][gc,start       ] GC(436) Pause Young (Allocation Failure)
[174.711s][info][gc,heap        ] GC(436) PSYoungGen: 184384K(184832K)->64K(185856K) Eden: 184320K(184320K)->0K(177664K) From: 64K(512K)->64K(8192K)
[174.711s][info][gc,heap        ] GC(436) ParOldGen: 50991K(556544K)->50999K(556544K)
[174.711s][info][gc,metaspace   ] GC(436) Metaspace: 35195K(35840K)->35195K(35840K) NonClass: 25987K(26432K)->25987K(26432K) Class: 9207K(9408K)->9207K(9408K)
[174.711s][info][gc             ] GC(436) Pause Young (Allocation Failure) 229M->49M(725M) 0.488ms
[174.711s][info][gc,cpu         ] GC(436) User=0.00s Sys=0.00s Real=0.00s
[175.198s][info][gc,start       ] GC(437) Pause Young (Allocation Failure)
[175.199s][info][gc,heap        ] GC(437) PSYoungGen: 177728K(185856K)->64K(172032K) Eden: 177664K(177664K)->0K(171520K) From: 64K(8192K)->64K(512K)
[175.199s][info][gc,heap        ] GC(437) ParOldGen: 50999K(556544K)->51015K(556544K)
[175.199s][info][gc,metaspace   ] GC(437) Metaspace: 35195K(35840K)->35195K(35840K) NonClass: 25987K(26432K)->25987K(26432K) Class: 9207K(9408K)->9207K(9408K)
[175.199s][info][gc             ] GC(437) Pause Young (Allocation Failure) 223M->49M(711M) 1.121ms
[175.199s][info][gc,cpu         ] GC(437) User=0.00s Sys=0.00s Real=0.01s
[175.375s][info][gc,start       ] GC(438) Pause Young (Allocation Failure)
[175.376s][info][gc,heap        ] GC(438) PSYoungGen: 171584K(172032K)->64K(172544K) Eden: 171520K(171520K)->0K(165376K) From: 64K(512K)->64K(7168K)
[175.376s][info][gc,heap        ] GC(438) ParOldGen: 51015K(556544K)->51015K(556544K)
[175.376s][info][gc,metaspace   ] GC(438) Metaspace: 35195K(35840K)->35195K(35840K) NonClass: 25987K(26432K)->25987K(26432K) Class: 9207K(9408K)->9207K(9408K)
[175.376s][info][gc             ] GC(438) Pause Young (Allocation Failure) 217M->49M(712M) 0.784ms
[175.376s][info][gc,cpu         ] GC(438) User=0.00s Sys=0.00s Real=0.00s
[175.670s][info][gc,start       ] GC(439) Pause Young (Allocation Failure)
[175.671s][info][gc,heap        ] GC(439) PSYoungGen: 165440K(172544K)->64K(160256K) Eden: 165376K(165376K)->0K(159744K) From: 64K(7168K)->64K(512K)
[175.671s][info][gc,heap        ] GC(439) ParOldGen: 51015K(556544K)->51031K(556544K)
[175.671s][info][gc,metaspace   ] GC(439) Metaspace: 35195K(35840K)->35195K(35840K) NonClass: 25987K(26432K)->25987K(26432K) Class: 9207K(9408K)->9207K(9408K)
[175.671s][info][gc             ] GC(439) Pause Young (Allocation Failure) 211M->49M(700M) 1.525ms
[175.671s][info][gc,cpu         ] GC(439) User=0.00s Sys=0.00s Real=0.00s
[175.945s][info][gc,start       ] GC(440) Pause Young (Allocation Failure)
[175.975s][info][gc,heap        ] GC(440) PSYoungGen: 159808K(160256K)->6144K(198144K) Eden: 159744K(159744K)->0K(192000K) From: 64K(512K)->6144K(6144K)
[175.975s][info][gc,heap        ] GC(440) ParOldGen: 51031K(556544K)->61735K(556544K)
[175.975s][info][gc,metaspace   ] GC(440) Metaspace: 35195K(35840K)->35195K(35840K) NonClass: 25987K(26432K)->25987K(26432K) Class: 9207K(9408K)->9207K(9408K)
[175.975s][info][gc             ] GC(440) Pause Young (Allocation Failure) 205M->66M(737M) 29.970ms
[175.975s][info][gc,cpu         ] GC(440) User=0.05s Sys=0.00s Real=0.03s
[176.258s][info][gc,start       ] GC(441) Pause Young (Allocation Failure)
[176.293s][info][gc,heap        ] GC(441) PSYoungGen: 198144K(198144K)->6144K(211968K) Eden: 192000K(192000K)->0K(205824K) From: 6144K(6144K)->6144K(6144K)
[176.293s][info][gc,heap        ] GC(441) ParOldGen: 61735K(556544K)->77767K(556544K)
[176.293s][info][gc,metaspace   ] GC(441) Metaspace: 35195K(35840K)->35195K(35840K) NonClass: 25987K(26432K)->25987K(26432K) Class: 9207K(9408K)->9207K(9408K)
[176.293s][info][gc             ] GC(441) Pause Young (Allocation Failure) 253M->81M(750M) 35.823ms
[176.293s][info][gc,cpu         ] GC(441) User=0.07s Sys=0.00s Real=0.04s
[176.597s][info][gc,start       ] GC(442) Pause Young (Allocation Failure)
[176.636s][info][gc,heap        ] GC(442) PSYoungGen: 211968K(211968K)->17920K(223744K) Eden: 205824K(205824K)->0K(205824K) From: 6144K(6144K)->17920K(17920K)
[176.636s][info][gc,heap        ] GC(442) ParOldGen: 77767K(556544K)->83711K(556544K)
[176.636s][info][gc,metaspace   ] GC(442) Metaspace: 35195K(35840K)->35195K(35840K) NonClass: 25987K(26432K)->25987K(26432K) Class: 9207K(9408K)->9207K(9408K)
[176.636s][info][gc             ] GC(442) Pause Young (Allocation Failure) 282M->99M(762M) 38.603ms
[176.636s][info][gc,cpu         ] GC(442) User=0.07s Sys=0.00s Real=0.04s
[176.691s][info][gc,start       ] GC(443) Pause Young (Allocation Failure)
[176.694s][info][gc,heap        ] GC(443) PSYoungGen: 223744K(223744K)->512K(269312K) Eden: 205824K(205824K)->0K(247296K) From: 17920K(17920K)->512K(22016K)
[176.694s][info][gc,heap        ] GC(443) ParOldGen: 83711K(556544K)->83871K(556544K)
[176.694s][info][gc,metaspace   ] GC(443) Metaspace: 35195K(35840K)->35195K(35840K) NonClass: 25987K(26432K)->25987K(26432K) Class: 9207K(9408K)->9207K(9408K)
[176.694s][info][gc             ] GC(443) Pause Young (Allocation Failure) 300M->82M(806M) 3.183ms
[176.694s][info][gc,cpu         ] GC(443) User=0.01s Sys=0.00s Real=0.00s
[177.114s][info][gc,start       ] GC(444) Pause Young (Allocation Failure)
[177.115s][info][gc,heap        ] GC(444) PSYoungGen: 247808K(269312K)->64K(270336K) Eden: 247296K(247296K)->0K(247296K) From: 512K(22016K)->64K(23040K)
[177.115s][info][gc,heap        ] GC(444) ParOldGen: 83871K(556544K)->83879K(556544K)
[177.115s][info][gc,metaspace   ] GC(444) Metaspace: 35195K(35840K)->35195K(35840K) NonClass: 25987K(26432K)->25987K(26432K) Class: 9207K(9408K)->9207K(9408K)
[177.115s][info][gc             ] GC(444) Pause Young (Allocation Failure) 323M->81M(807M) 0.842ms
[177.115s][info][gc,cpu         ] GC(444) User=0.00s Sys=0.00s Real=0.00s
[177.651s][info][gc,start       ] GC(445) Pause Young (Allocation Failure)
[177.652s][info][gc,heap        ] GC(445) PSYoungGen: 247360K(270336K)->64K(308224K) Eden: 247296K(247296K)->0K(288256K) From: 64K(23040K)->64K(19968K)
[177.652s][info][gc,heap        ] GC(445) ParOldGen: 83879K(556544K)->83887K(556544K)
[177.652s][info][gc,metaspace   ] GC(445) Metaspace: 35195K(35840K)->35195K(35840K) NonClass: 25987K(26432K)->25987K(26432K) Class: 9207K(9408K)->9207K(9408K)
[177.652s][info][gc             ] GC(445) Pause Young (Allocation Failure) 323M->81M(844M) 0.806ms
[177.652s][info][gc,cpu         ] GC(445) User=0.00s Sys=0.00s Real=0.00s
[178.132s][info][gc,start       ] GC(446) Pause Young (Allocation Failure)
[178.132s][info][gc,heap        ] GC(446) PSYoungGen: 288320K(308224K)->64K(309760K) Eden: 288256K(288256K)->0K(288256K) From: 64K(19968K)->64K(21504K)
[178.132s][info][gc,heap        ] GC(446) ParOldGen: 83887K(556544K)->83903K(556544K)
[178.132s][info][gc,metaspace   ] GC(446) Metaspace: 35195K(35840K)->35195K(35840K) NonClass: 25987K(26432K)->25987K(26432K) Class: 9207K(9408K)->9207K(9408K)
[178.132s][info][gc             ] GC(446) Pause Young (Allocation Failure) 363M->81M(846M) 0.704ms
[178.132s][info][gc,cpu         ] GC(446) User=0.00s Sys=0.00s Real=0.00s
[178.369s][info][gc,start       ] GC(447) Pause Young (Allocation Failure)
[178.370s][info][gc,heap        ] GC(447) PSYoungGen: 288320K(309760K)->64K(309760K) Eden: 288256K(288256K)->0K(291840K) From: 64K(21504K)->64K(17920K)
[178.370s][info][gc,heap        ] GC(447) ParOldGen: 83903K(556544K)->83919K(556544K)
[178.370s][info][gc,metaspace   ] GC(447) Metaspace: 35195K(35840K)->35195K(35840K) NonClass: 25987K(26432K)->25987K(26432K) Class: 9207K(9408K)->9207K(9408K)
[178.370s][info][gc             ] GC(447) Pause Young (Allocation Failure) 363M->82M(846M) 0.657ms
[178.370s][info][gc,cpu         ] GC(447) User=0.00s Sys=0.00s Real=0.00s
[178.614s][info][gc,start       ] GC(448) Pause Young (Allocation Failure)
[178.614s][info][gc,heap        ] GC(448) PSYoungGen: 291904K(309760K)->32K(311296K) Eden: 291840K(291840K)->0K(291840K) From: 64K(17920K)->32K(19456K)
[178.614s][info][gc,heap        ] GC(448) ParOldGen: 83919K(556544K)->83919K(556544K)
[178.614s][info][gc,metaspace   ] GC(448) Metaspace: 35195K(35840K)->35195K(35840K) NonClass: 25987K(26432K)->25987K(26432K) Class: 9207K(9408K)->9207K(9408K)
[178.614s][info][gc             ] GC(448) Pause Young (Allocation Failure) 367M->81M(847M) 0.631ms
[178.614s][info][gc,cpu         ] GC(448) User=0.00s Sys=0.00s Real=0.00s
[178.915s][info][gc,start       ] GC(449) Pause Young (Allocation Failure)
[178.916s][info][gc,heap        ] GC(449) PSYoungGen: 291872K(311296K)->64K(311808K) Eden: 291840K(291840K)->0K(295424K) From: 32K(19456K)->64K(16384K)
[178.916s][info][gc,heap        ] GC(449) ParOldGen: 83919K(556544K)->83919K(556544K)
[178.916s][info][gc,metaspace   ] GC(449) Metaspace: 35195K(35840K)->35195K(35840K) NonClass: 25987K(26432K)->25987K(26432K) Class: 9207K(9408K)->9207K(9408K)
[178.916s][info][gc             ] GC(449) Pause Young (Allocation Failure) 366M->82M(848M) 0.686ms
[178.916s][info][gc,cpu         ] GC(449) User=0.00s Sys=0.00s Real=0.00s
[178.970s][info][gc,start       ] GC(450) Pause Young (Allocation Failure)
[178.971s][info][gc,heap        ] GC(450) PSYoungGen: 295488K(311808K)->64K(313344K) Eden: 295424K(295424K)->0K(295424K) From: 64K(16384K)->64K(17920K)
[178.971s][info][gc,heap        ] GC(450) ParOldGen: 83919K(556544K)->83935K(556544K)
[178.971s][info][gc,metaspace   ] GC(450) Metaspace: 35195K(35840K)->35195K(35840K) NonClass: 25987K(26432K)->25987K(26432K) Class: 9207K(9408K)->9207K(9408K)
[178.971s][info][gc             ] GC(450) Pause Young (Allocation Failure) 370M->82M(849M) 0.656ms
[178.971s][info][gc,cpu         ] GC(450) User=0.00s Sys=0.00s Real=0.00s
[179.058s][info][gc,start       ] GC(451) Pause Young (Allocation Failure)
[179.058s][info][gc,heap        ] GC(451) PSYoungGen: 295488K(313344K)->64K(284160K) Eden: 295424K(295424K)->0K(283648K) From: 64K(17920K)->64K(512K)
[179.058s][info][gc,heap        ] GC(451) ParOldGen: 83935K(556544K)->83935K(556544K)
[179.058s][info][gc,metaspace   ] GC(451) Metaspace: 35195K(35840K)->35195K(35840K) NonClass: 25987K(26432K)->25987K(26432K) Class: 9207K(9408K)->9207K(9408K)
[179.058s][info][gc             ] GC(451) Pause Young (Allocation Failure) 370M->82M(821M) 0.566ms
[179.058s][info][gc,cpu         ] GC(451) User=0.00s Sys=0.00s Real=0.00s
[179.357s][info][gc,start       ] GC(452) Pause Young (Allocation Failure)
[179.358s][info][gc,heap        ] GC(452) PSYoungGen: 283712K(284160K)->32K(288256K) Eden: 283648K(283648K)->0K(272384K) From: 64K(512K)->32K(15872K)
[179.358s][info][gc,heap        ] GC(452) ParOldGen: 83935K(556544K)->83951K(556544K)
[179.358s][info][gc,metaspace   ] GC(452) Metaspace: 35195K(35840K)->35195K(35840K) NonClass: 25987K(26432K)->25987K(26432K) Class: 9207K(9408K)->9207K(9408K)
[179.358s][info][gc             ] GC(452) Pause Young (Allocation Failure) 359M->82M(825M) 0.533ms
[179.358s][info][gc,cpu         ] GC(452) User=0.00s Sys=0.00s Real=0.00s
[179.577s][info][gc,start       ] GC(453) Pause Young (Allocation Failure)
[179.577s][info][gc,heap        ] GC(453) PSYoungGen: 272416K(288256K)->64K(262144K) Eden: 272384K(272384K)->0K(261632K) From: 32K(15872K)->64K(512K)
[179.577s][info][gc,heap        ] GC(453) ParOldGen: 83951K(556544K)->83951K(556544K)
[179.577s][info][gc,metaspace   ] GC(453) Metaspace: 35195K(35840K)->35195K(35840K) NonClass: 25988K(26432K)->25988K(26432K) Class: 9207K(9408K)->9207K(9408K)
[179.577s][info][gc             ] GC(453) Pause Young (Allocation Failure) 348M->82M(799M) 0.601ms
[179.577s][info][gc,cpu         ] GC(453) User=0.00s Sys=0.00s Real=0.00s
[179.649s][info][gc,start       ] GC(454) Pause Young (Allocation Failure)
[179.650s][info][gc,heap        ] GC(454) PSYoungGen: 261696K(262144K)->64K(265728K) Eden: 261632K(261632K)->0K(251392K) From: 64K(512K)->64K(14336K)
[179.650s][info][gc,heap        ] GC(454) ParOldGen: 83951K(556544K)->83959K(556544K)
[179.650s][info][gc,metaspace   ] GC(454) Metaspace: 35195K(35840K)->35195K(35840K) NonClass: 25988K(26432K)->25988K(26432K) Class: 9207K(9408K)->9207K(9408K)
[179.650s][info][gc             ] GC(454) Pause Young (Allocation Failure) 337M->82M(803M) 0.515ms
[179.650s][info][gc,cpu         ] GC(454) User=0.00s Sys=0.00s Real=0.00s
[179.756s][info][gc,start       ] GC(455) Pause Young (Allocation Failure)
[179.757s][info][gc,heap        ] GC(455) PSYoungGen: 251456K(265728K)->64K(242176K) Eden: 251392K(251392K)->0K(241664K) From: 64K(14336K)->64K(512K)
[179.757s][info][gc,heap        ] GC(455) ParOldGen: 83959K(556544K)->83967K(556544K)
[179.757s][info][gc,metaspace   ] GC(455) Metaspace: 35195K(35840K)->35195K(35840K) NonClass: 25988K(26432K)->25988K(26432K) Class: 9207K(9408K)->9207K(9408K)
[179.757s][info][gc             ] GC(455) Pause Young (Allocation Failure) 327M->82M(780M) 0.951ms
[179.757s][info][gc,cpu         ] GC(455) User=0.00s Sys=0.00s Real=0.00s
[179.907s][info][gc,start       ] GC(456) Pause Young (Allocation Failure)
[179.908s][info][gc,heap        ] GC(456) PSYoungGen: 241728K(242176K)->64K(244736K) Eden: 241664K(241664K)->0K(232448K) From: 64K(512K)->64K(12288K)
[179.908s][info][gc,heap        ] GC(456) ParOldGen: 83967K(556544K)->83975K(556544K)
[179.908s][info][gc,metaspace   ] GC(456) Metaspace: 35195K(35840K)->35195K(35840K) NonClass: 25988K(26432K)->25988K(26432K) Class: 9207K(9408K)->9207K(9408K)
[179.908s][info][gc             ] GC(456) Pause Young (Allocation Failure) 318M->82M(782M) 0.630ms
[179.908s][info][gc,cpu         ] GC(456) User=0.00s Sys=0.00s Real=0.00s
[180.764s][info][gc,start       ] GC(457) Pause Young (Allocation Failure)
[180.765s][info][gc,heap        ] GC(457) PSYoungGen: 232512K(244736K)->64K(224256K) Eden: 232448K(232448K)->0K(223744K) From: 64K(12288K)->64K(512K)
[180.765s][info][gc,heap        ] GC(457) ParOldGen: 83975K(556544K)->83991K(556544K)
[180.765s][info][gc,metaspace   ] GC(457) Metaspace: 35195K(35840K)->35195K(35840K) NonClass: 25988K(26432K)->25988K(26432K) Class: 9207K(9408K)->9207K(9408K)
[180.765s][info][gc             ] GC(457) Pause Young (Allocation Failure) 309M->82M(762M) 1.915ms
[180.765s][info][gc,cpu         ] GC(457) User=0.00s Sys=0.00s Real=0.00s
[181.570s][info][gc,start       ] GC(458) Pause Young (Allocation Failure)
[181.571s][info][gc,heap        ] GC(458) PSYoungGen: 223808K(224256K)->64K(226304K) Eden: 223744K(223744K)->0K(215552K) From: 64K(512K)->64K(10752K)
[181.571s][info][gc,heap        ] GC(458) ParOldGen: 83991K(556544K)->84007K(556544K)
[181.571s][info][gc,metaspace   ] GC(458) Metaspace: 35195K(35840K)->35195K(35840K) NonClass: 25988K(26432K)->25988K(26432K) Class: 9207K(9408K)->9207K(9408K)
[181.571s][info][gc             ] GC(458) Pause Young (Allocation Failure) 300M->82M(764M) 0.913ms
[181.571s][info][gc,cpu         ] GC(458) User=0.00s Sys=0.00s Real=0.00s
[181.725s][info][gc,start       ] GC(459) Pause Young (Allocation Failure)
[181.726s][info][gc,heap        ] GC(459) PSYoungGen: 215616K(226304K)->64K(207872K) Eden: 215552K(215552K)->0K(207360K) From: 64K(10752K)->64K(512K)
[181.727s][info][gc,heap        ] GC(459) ParOldGen: 84007K(556544K)->84023K(556544K)
[181.727s][info][gc,metaspace   ] GC(459) Metaspace: 35195K(35840K)->35195K(35840K) NonClass: 25988K(26432K)->25988K(26432K) Class: 9207K(9408K)->9207K(9408K)
[181.727s][info][gc             ] GC(459) Pause Young (Allocation Failure) 292M->82M(746M) 1.779ms
[181.727s][info][gc,cpu         ] GC(459) User=0.00s Sys=0.01s Real=0.00s
[182.090s][info][gc,start       ] GC(460) Pause Young (Allocation Failure)
[182.091s][info][gc,heap        ] GC(460) PSYoungGen: 207424K(207872K)->32K(209408K) Eden: 207360K(207360K)->0K(199680K) From: 64K(512K)->32K(9728K)
[182.091s][info][gc,heap        ] GC(460) ParOldGen: 84023K(556544K)->84031K(556544K)
[182.091s][info][gc,metaspace   ] GC(460) Metaspace: 35195K(35840K)->35195K(35840K) NonClass: 25988K(26432K)->25988K(26432K) Class: 9207K(9408K)->9207K(9408K)
[182.091s][info][gc             ] GC(460) Pause Young (Allocation Failure) 284M->82M(748M) 1.205ms
[182.091s][info][gc,cpu         ] GC(460) User=0.00s Sys=0.00s Real=0.00s
[183.023s][info][gc,start       ] GC(461) Pause Young (Allocation Failure)
[183.025s][info][gc,heap        ] GC(461) PSYoungGen: 199712K(209408K)->64K(193024K) Eden: 199680K(199680K)->0K(192512K) From: 32K(9728K)->64K(512K)
[183.025s][info][gc,heap        ] GC(461) ParOldGen: 84031K(556544K)->84039K(556544K)
[183.025s][info][gc,metaspace   ] GC(461) Metaspace: 35195K(35840K)->35195K(35840K) NonClass: 25988K(26432K)->25988K(26432K) Class: 9207K(9408K)->9207K(9408K)
[183.025s][info][gc             ] GC(461) Pause Young (Allocation Failure) 277M->82M(732M) 1.969ms
[183.025s][info][gc,cpu         ] GC(461) User=0.01s Sys=0.00s Real=0.00s
[183.211s][info][gc,start       ] GC(462) Pause Young (Allocation Failure)
[183.212s][info][gc,heap        ] GC(462) PSYoungGen: 192576K(193024K)->64K(193536K) Eden: 192512K(192512K)->0K(185344K) From: 64K(512K)->64K(8192K)
[183.212s][info][gc,heap        ] GC(462) ParOldGen: 84039K(556544K)->84055K(556544K)
[183.212s][info][gc,metaspace   ] GC(462) Metaspace: 35195K(35840K)->35195K(35840K) NonClass: 25988K(26432K)->25988K(26432K) Class: 9207K(9408K)->9207K(9408K)
[183.212s][info][gc             ] GC(462) Pause Young (Allocation Failure) 270M->82M(732M) 0.955ms
[183.212s][info][gc,cpu         ] GC(462) User=0.00s Sys=0.00s Real=0.00s
[183.494s][info][gc,start       ] GC(463) Pause Young (Allocation Failure)
[183.495s][info][gc,heap        ] GC(463) PSYoungGen: 185408K(193536K)->64K(179200K) Eden: 185344K(185344K)->0K(178688K) From: 64K(8192K)->64K(512K)
[183.495s][info][gc,heap        ] GC(463) ParOldGen: 84055K(556544K)->84071K(556544K)
[183.495s][info][gc,metaspace   ] GC(463) Metaspace: 35195K(35840K)->35195K(35840K) NonClass: 25988K(26432K)->25988K(26432K) Class: 9207K(9408K)->9207K(9408K)
[183.495s][info][gc             ] GC(463) Pause Young (Allocation Failure) 263M->82M(718M) 1.402ms
[183.495s][info][gc,cpu         ] GC(463) User=0.00s Sys=0.00s Real=0.00s
[183.623s][info][gc,start       ] GC(464) Pause Young (Allocation Failure)
[183.624s][info][gc,heap        ] GC(464) PSYoungGen: 178752K(179200K)->64K(179712K) Eden: 178688K(178688K)->0K(172544K) From: 64K(512K)->64K(7168K)
[183.624s][info][gc,heap        ] GC(464) ParOldGen: 84071K(556544K)->84087K(556544K)
[183.624s][info][gc,metaspace   ] GC(464) Metaspace: 35195K(35840K)->35195K(35840K) NonClass: 25988K(26432K)->25988K(26432K) Class: 9207K(9408K)->9207K(9408K)
[183.624s][info][gc             ] GC(464) Pause Young (Allocation Failure) 256M->82M(719M) 0.840ms
[183.624s][info][gc,cpu         ] GC(464) User=0.00s Sys=0.00s Real=0.00s
[183.671s][info][gc,start       ] GC(465) Pause Young (Allocation Failure)
[183.673s][info][gc,heap        ] GC(465) PSYoungGen: 172608K(179712K)->64K(166912K) Eden: 172544K(172544K)->0K(166400K) From: 64K(7168K)->64K(512K)
[183.673s][info][gc,heap        ] GC(465) ParOldGen: 84087K(556544K)->84095K(556544K)
[183.673s][info][gc,metaspace   ] GC(465) Metaspace: 35195K(35840K)->35195K(35840K) NonClass: 25988K(26432K)->25988K(26432K) Class: 9207K(9408K)->9207K(9408K)
[183.673s][info][gc             ] GC(465) Pause Young (Allocation Failure) 250M->82M(706M) 1.224ms
[183.673s][info][gc,cpu         ] GC(465) User=0.00s Sys=0.00s Real=0.00s
[183.976s][info][gc,start       ] GC(466) Pause Young (Allocation Failure)
[183.977s][info][gc,heap        ] GC(466) PSYoungGen: 166464K(166912K)->64K(166912K) Eden: 166400K(166400K)->0K(160768K) From: 64K(512K)->64K(6144K)
[183.977s][info][gc,heap        ] GC(466) ParOldGen: 84095K(556544K)->84111K(556544K)
[183.977s][info][gc,metaspace   ] GC(466) Metaspace: 35195K(35840K)->35195K(35840K) NonClass: 25988K(26432K)->25988K(26432K) Class: 9207K(9408K)->9207K(9408K)
[183.977s][info][gc             ] GC(466) Pause Young (Allocation Failure) 244M->82M(706M) 0.862ms
[183.977s][info][gc,cpu         ] GC(466) User=0.00s Sys=0.00s Real=0.00s
[184.337s][info][gc,start       ] GC(467) Pause Young (Allocation Failure)
[184.339s][info][gc,heap        ] GC(467) PSYoungGen: 160832K(166912K)->64K(155648K) Eden: 160768K(160768K)->0K(155136K) From: 64K(6144K)->64K(512K)
[184.339s][info][gc,heap        ] GC(467) ParOldGen: 84111K(556544K)->84127K(556544K)
[184.339s][info][gc,metaspace   ] GC(467) Metaspace: 35195K(35840K)->35195K(35840K) NonClass: 25988K(26432K)->25988K(26432K) Class: 9207K(9408K)->9207K(9408K)
[184.339s][info][gc             ] GC(467) Pause Young (Allocation Failure) 239M->82M(695M) 1.882ms
[184.339s][info][gc,cpu         ] GC(467) User=0.00s Sys=0.00s Real=0.01s
[184.486s][info][gc,start       ] GC(468) Pause Young (Allocation Failure)
[184.487s][info][gc,heap        ] GC(468) PSYoungGen: 155200K(155648K)->64K(155136K) Eden: 155136K(155136K)->0K(150016K) From: 64K(512K)->64K(5120K)
[184.487s][info][gc,heap        ] GC(468) ParOldGen: 84127K(556544K)->84135K(556544K)
[184.487s][info][gc,metaspace   ] GC(468) Metaspace: 35195K(35840K)->35195K(35840K) NonClass: 25988K(26432K)->25988K(26432K) Class: 9207K(9408K)->9207K(9408K)
[184.487s][info][gc             ] GC(468) Pause Young (Allocation Failure) 233M->82M(695M) 1.005ms
[184.487s][info][gc,cpu         ] GC(468) User=0.00s Sys=0.00s Real=0.00s
[184.745s][info][gc,start       ] GC(469) Pause Young (Allocation Failure)
[184.751s][info][gc,heap        ] GC(469) PSYoungGen: 150080K(155136K)->2784K(147968K) Eden: 150016K(150016K)->0K(144896K) From: 64K(5120K)->2784K(3072K)
[184.751s][info][gc,heap        ] GC(469) ParOldGen: 84135K(556544K)->84151K(556544K)
[184.751s][info][gc,metaspace   ] GC(469) Metaspace: 35195K(35840K)->35195K(35840K) NonClass: 25988K(26432K)->25988K(26432K) Class: 9207K(9408K)->9207K(9408K)
[184.751s][info][gc             ] GC(469) Pause Young (Allocation Failure) 228M->84M(688M) 5.699ms
[184.751s][info][gc,cpu         ] GC(469) User=0.00s Sys=0.00s Real=0.01s
[184.965s][info][gc,start       ] GC(470) Pause Young (Allocation Failure)
[184.992s][info][gc,heap        ] GC(470) PSYoungGen: 147680K(147968K)->5632K(179712K) Eden: 144896K(144896K)->0K(174080K) From: 2784K(3072K)->5632K(5632K)
[184.992s][info][gc,heap        ] GC(470) ParOldGen: 84151K(556544K)->95031K(556544K)
[184.992s][info][gc,metaspace   ] GC(470) Metaspace: 35195K(35840K)->35195K(35840K) NonClass: 25988K(26432K)->25988K(26432K) Class: 9207K(9408K)->9207K(9408K)
[184.992s][info][gc             ] GC(470) Pause Young (Allocation Failure) 226M->98M(719M) 27.206ms
[184.992s][info][gc,cpu         ] GC(470) User=0.05s Sys=0.00s Real=0.03s
[185.249s][info][gc,start       ] GC(471) Pause Young (Allocation Failure)
[185.282s][info][gc,heap        ] GC(471) PSYoungGen: 179712K(179712K)->3072K(211968K) Eden: 174080K(174080K)->0K(208896K) From: 5632K(5632K)->3072K(3072K)
[185.282s][info][gc,heap        ] GC(471) ParOldGen: 95031K(556544K)->112095K(556544K)
[185.282s][info][gc,metaspace   ] GC(471) Metaspace: 35195K(35840K)->35195K(35840K) NonClass: 25988K(26432K)->25988K(26432K) Class: 9207K(9408K)->9207K(9408K)
[185.282s][info][gc             ] GC(471) Pause Young (Allocation Failure) 268M->112M(750M) 32.595ms
[185.282s][info][gc,cpu         ] GC(471) User=0.07s Sys=0.00s Real=0.03s
[185.588s][info][gc,start       ] GC(472) Pause Young (Allocation Failure)
[185.628s][info][gc,heap        ] GC(472) PSYoungGen: 211968K(211968K)->16384K(225280K) Eden: 208896K(208896K)->0K(208896K) From: 3072K(3072K)->16384K(16384K)
[185.628s][info][gc,heap        ] GC(472) ParOldGen: 112095K(556544K)->119703K(556544K)
[185.628s][info][gc,metaspace   ] GC(472) Metaspace: 35195K(35840K)->35195K(35840K) NonClass: 25988K(26432K)->25988K(26432K) Class: 9207K(9408K)->9207K(9408K)
[185.628s][info][gc             ] GC(472) Pause Young (Allocation Failure) 316M->132M(763M) 39.379ms
[185.628s][info][gc,cpu         ] GC(472) User=0.08s Sys=0.00s Real=0.04s
[185.678s][info][gc,start       ] GC(473) Pause Young (Allocation Failure)
[185.681s][info][gc,heap        ] GC(473) PSYoungGen: 225280K(225280K)->64K(272384K) Eden: 208896K(208896K)->0K(250880K) From: 16384K(16384K)->64K(21504K)
[185.681s][info][gc,heap        ] GC(473) ParOldGen: 119703K(556544K)->119911K(556544K)
[185.681s][info][gc,metaspace   ] GC(473) Metaspace: 35195K(35840K)->35195K(35840K) NonClass: 25988K(26432K)->25988K(26432K) Class: 9207K(9408K)->9207K(9408K)
[185.681s][info][gc             ] GC(473) Pause Young (Allocation Failure) 336M->117M(809M) 2.794ms
[185.681s][info][gc,cpu         ] GC(473) User=0.00s Sys=0.00s Real=0.01s
[186.127s][info][gc,start       ] GC(474) Pause Young (Allocation Failure)
[186.128s][info][gc,heap        ] GC(474) PSYoungGen: 250944K(272384K)->64K(272896K) Eden: 250880K(250880K)->0K(250880K) From: 64K(21504K)->64K(22016K)
[186.128s][info][gc,heap        ] GC(474) ParOldGen: 119911K(556544K)->119911K(556544K)
[186.128s][info][gc,metaspace   ] GC(474) Metaspace: 35195K(35840K)->35195K(35840K) NonClass: 25988K(26432K)->25988K(26432K) Class: 9207K(9408K)->9207K(9408K)
[186.128s][info][gc             ] GC(474) Pause Young (Allocation Failure) 362M->117M(810M) 0.931ms
[186.128s][info][gc,cpu         ] GC(474) User=0.01s Sys=0.00s Real=0.00s
[186.650s][info][gc,start       ] GC(475) Pause Young (Allocation Failure)
[186.651s][info][gc,heap        ] GC(475) PSYoungGen: 250944K(272896K)->64K(309760K) Eden: 250880K(250880K)->0K(290304K) From: 64K(22016K)->64K(19456K)
[186.651s][info][gc,heap        ] GC(475) ParOldGen: 119911K(556544K)->119919K(556544K)
[186.651s][info][gc,metaspace   ] GC(475) Metaspace: 35195K(35840K)->35195K(35840K) NonClass: 25988K(26432K)->25988K(26432K) Class: 9207K(9408K)->9207K(9408K)
[186.651s][info][gc             ] GC(475) Pause Young (Allocation Failure) 362M->117M(846M) 0.757ms
[186.651s][info][gc,cpu         ] GC(475) User=0.00s Sys=0.00s Real=0.00s
[187.132s][info][gc,start       ] GC(476) Pause Young (Allocation Failure)
[187.133s][info][gc,heap        ] GC(476) PSYoungGen: 290368K(309760K)->64K(310784K) Eden: 290304K(290304K)->0K(290304K) From: 64K(19456K)->64K(20480K)
[187.133s][info][gc,heap        ] GC(476) ParOldGen: 119919K(556544K)->119935K(556544K)
[187.133s][info][gc,metaspace   ] GC(476) Metaspace: 35195K(35840K)->35195K(35840K) NonClass: 25988K(26432K)->25988K(26432K) Class: 9207K(9408K)->9207K(9408K)
[187.133s][info][gc             ] GC(476) Pause Young (Allocation Failure) 400M->117M(847M) 0.944ms
[187.133s][info][gc,cpu         ] GC(476) User=0.00s Sys=0.00s Real=0.00s
[187.372s][info][gc,start       ] GC(477) Pause Young (Allocation Failure)
[187.373s][info][gc,heap        ] GC(477) PSYoungGen: 290368K(310784K)->64K(310784K) Eden: 290304K(290304K)->0K(293376K) From: 64K(20480K)->64K(17408K)
[187.373s][info][gc,heap        ] GC(477) ParOldGen: 119935K(556544K)->119951K(556544K)
[187.373s][info][gc,metaspace   ] GC(477) Metaspace: 35195K(35840K)->35195K(35840K) NonClass: 25988K(26432K)->25988K(26432K) Class: 9207K(9408K)->9207K(9408K)
[187.373s][info][gc             ] GC(477) Pause Young (Allocation Failure) 400M->117M(847M) 0.772ms
[187.373s][info][gc,cpu         ] GC(477) User=0.00s Sys=0.00s Real=0.00s
[187.622s][info][gc,start       ] GC(478) Pause Young (Allocation Failure)
[187.623s][info][gc,heap        ] GC(478) PSYoungGen: 293440K(310784K)->64K(312320K) Eden: 293376K(293376K)->0K(293376K) From: 64K(17408K)->64K(18944K)
[187.623s][info][gc,heap        ] GC(478) ParOldGen: 119951K(556544K)->119951K(556544K)
[187.623s][info][gc,metaspace   ] GC(478) Metaspace: 35195K(35840K)->35195K(35840K) NonClass: 25988K(26432K)->25988K(26432K) Class: 9207K(9408K)->9207K(9408K)
[187.623s][info][gc             ] GC(478) Pause Young (Allocation Failure) 403M->117M(848M) 0.788ms
[187.623s][info][gc,cpu         ] GC(478) User=0.00s Sys=0.00s Real=0.00s
[187.917s][info][gc,start       ] GC(479) Pause Young (Allocation Failure)
[187.917s][info][gc,heap        ] GC(479) PSYoungGen: 293440K(312320K)->64K(312320K) Eden: 293376K(293376K)->0K(296960K) From: 64K(18944K)->64K(15360K)
[187.917s][info][gc,heap        ] GC(479) ParOldGen: 119951K(556544K)->119951K(556544K)
[187.917s][info][gc,metaspace   ] GC(479) Metaspace: 35195K(35840K)->35195K(35840K) NonClass: 25988K(26432K)->25988K(26432K) Class: 9207K(9408K)->9207K(9408K)
[187.917s][info][gc             ] GC(479) Pause Young (Allocation Failure) 403M->117M(848M) 0.683ms
[187.917s][info][gc,cpu         ] GC(479) User=0.00s Sys=0.00s Real=0.00s
[187.972s][info][gc,start       ] GC(480) Pause Young (Allocation Failure)
[187.973s][info][gc,heap        ] GC(480) PSYoungGen: 297024K(312320K)->64K(313856K) Eden: 296960K(296960K)->0K(296960K) From: 64K(15360K)->64K(16896K)
[187.973s][info][gc,heap        ] GC(480) ParOldGen: 119951K(556544K)->119967K(556544K)
[187.973s][info][gc,metaspace   ] GC(480) Metaspace: 35195K(35840K)->35195K(35840K) NonClass: 25988K(26432K)->25988K(26432K) Class: 9207K(9408K)->9207K(9408K)
[187.973s][info][gc             ] GC(480) Pause Young (Allocation Failure) 407M->117M(850M) 0.692ms
[187.973s][info][gc,cpu         ] GC(480) User=0.00s Sys=0.00s Real=0.00s
[188.086s][info][gc,start       ] GC(481) Pause Young (Allocation Failure)
[188.086s][info][gc,heap        ] GC(481) PSYoungGen: 297024K(313856K)->64K(314368K) Eden: 296960K(296960K)->0K(300544K) From: 64K(16896K)->64K(13824K)
[188.086s][info][gc,heap        ] GC(481) ParOldGen: 119967K(556544K)->119967K(556544K)
[188.086s][info][gc,metaspace   ] GC(481) Metaspace: 35195K(35840K)->35195K(35840K) NonClass: 25988K(26432K)->25988K(26432K) Class: 9207K(9408K)->9207K(9408K)
[188.086s][info][gc             ] GC(481) Pause Young (Allocation Failure) 407M->117M(850M) 0.688ms
[188.086s][info][gc,cpu         ] GC(481) User=0.00s Sys=0.00s Real=0.00s
[188.410s][info][gc,start       ] GC(482) Pause Young (Allocation Failure)
[188.411s][info][gc,heap        ] GC(482) PSYoungGen: 300608K(314368K)->64K(288768K) Eden: 300544K(300544K)->0K(288256K) From: 64K(13824K)->64K(512K)
[188.411s][info][gc,heap        ] GC(482) ParOldGen: 119967K(556544K)->119983K(556544K)
[188.411s][info][gc,metaspace   ] GC(482) Metaspace: 35195K(35840K)->35195K(35840K) NonClass: 25988K(26432K)->25988K(26432K) Class: 9207K(9408K)->9207K(9408K)
[188.411s][info][gc             ] GC(482) Pause Young (Allocation Failure) 410M->117M(825M) 0.710ms
[188.411s][info][gc,cpu         ] GC(482) User=0.00s Sys=0.00s Real=0.00s
[188.601s][info][gc,start       ] GC(483) Pause Young (Allocation Failure)
[188.602s][info][gc,heap        ] GC(483) PSYoungGen: 288320K(288768K)->64K(277504K) Eden: 288256K(288256K)->0K(276992K) From: 64K(512K)->64K(512K)
[188.602s][info][gc,heap        ] GC(483) ParOldGen: 119983K(556544K)->119983K(556544K)
[188.602s][info][gc,metaspace   ] GC(483) Metaspace: 35195K(35840K)->35195K(35840K) NonClass: 25988K(26432K)->25988K(26432K) Class: 9207K(9408K)->9207K(9408K)
[188.602s][info][gc             ] GC(483) Pause Young (Allocation Failure) 398M->117M(814M) 0.794ms
[188.602s][info][gc,cpu         ] GC(483) User=0.00s Sys=0.00s Real=0.00s
[188.679s][info][gc,start       ] GC(484) Pause Young (Allocation Failure)
[188.680s][info][gc,heap        ] GC(484) PSYoungGen: 277056K(277504K)->64K(279552K) Eden: 276992K(276992K)->0K(266240K) From: 64K(512K)->64K(13312K)
[188.680s][info][gc,heap        ] GC(484) ParOldGen: 119983K(556544K)->119999K(556544K)
[188.680s][info][gc,metaspace   ] GC(484) Metaspace: 35195K(35840K)->35195K(35840K) NonClass: 25988K(26432K)->25988K(26432K) Class: 9207K(9408K)->9207K(9408K)
[188.680s][info][gc             ] GC(484) Pause Young (Allocation Failure) 387M->117M(816M) 0.708ms
[188.680s][info][gc,cpu         ] GC(484) User=0.00s Sys=0.00s Real=0.00s
[188.822s][info][gc,start       ] GC(485) Pause Young (Allocation Failure)
[188.823s][info][gc,heap        ] GC(485) PSYoungGen: 266304K(279552K)->64K(256512K) Eden: 266240K(266240K)->0K(256000K) From: 64K(13312K)->64K(512K)
[188.823s][info][gc,heap        ] GC(485) ParOldGen: 119999K(556544K)->119999K(556544K)
[188.823s][info][gc,metaspace   ] GC(485) Metaspace: 35195K(35840K)->35195K(35840K) NonClass: 25988K(26432K)->25988K(26432K) Class: 9207K(9408K)->9207K(9408K)
[188.823s][info][gc             ] GC(485) Pause Young (Allocation Failure) 377M->117M(794M) 1.516ms
[188.823s][info][gc,cpu         ] GC(485) User=0.00s Sys=0.00s Real=0.00s
[189.188s][info][gc,start       ] GC(486) Pause Young (Allocation Failure)
[189.188s][info][gc,heap        ] GC(486) PSYoungGen: 256064K(256512K)->64K(258048K) Eden: 256000K(256000K)->0K(246272K) From: 64K(512K)->64K(11776K)
[189.188s][info][gc,heap        ] GC(486) ParOldGen: 119999K(556544K)->120007K(556544K)
[189.188s][info][gc,metaspace   ] GC(486) Metaspace: 35195K(35840K)->35195K(35840K) NonClass: 25988K(26432K)->25988K(26432K) Class: 9207K(9408K)->9207K(9408K)
[189.188s][info][gc             ] GC(486) Pause Young (Allocation Failure) 367M->117M(795M) 0.610ms
[189.188s][info][gc,cpu         ] GC(486) User=0.00s Sys=0.00s Real=0.00s
[189.817s][info][gc,start       ] GC(487) Pause Young (Allocation Failure)
[189.819s][info][gc,heap        ] GC(487) PSYoungGen: 246336K(258048K)->64K(237568K) Eden: 246272K(246272K)->0K(237056K) From: 64K(11776K)->64K(512K)
[189.819s][info][gc,heap        ] GC(487) ParOldGen: 120007K(556544K)->120015K(556544K)
[189.819s][info][gc,metaspace   ] GC(487) Metaspace: 35195K(35840K)->35195K(35840K) NonClass: 25988K(26432K)->25988K(26432K) Class: 9207K(9408K)->9207K(9408K)
[189.819s][info][gc             ] GC(487) Pause Young (Allocation Failure) 357M->117M(775M) 1.475ms
[189.819s][info][gc,cpu         ] GC(487) User=0.00s Sys=0.00s Real=0.01s
[190.697s][info][gc,start       ] GC(488) Pause Young (Allocation Failure)
[190.698s][info][gc,heap        ] GC(488) PSYoungGen: 237120K(237568K)->64K(238080K) Eden: 237056K(237056K)->0K(227840K) From: 64K(512K)->64K(10240K)
[190.698s][info][gc,heap        ] GC(488) ParOldGen: 120015K(556544K)->120023K(556544K)
[190.698s][info][gc,metaspace   ] GC(488) Metaspace: 35195K(35840K)->35195K(35840K) NonClass: 25988K(26432K)->25988K(26432K) Class: 9207K(9408K)->9207K(9408K)
[190.698s][info][gc             ] GC(488) Pause Young (Allocation Failure) 348M->117M(776M) 0.920ms
[190.698s][info][gc,cpu         ] GC(488) User=0.00s Sys=0.00s Real=0.00s
[191.016s][info][gc,start       ] GC(489) Pause Young (Allocation Failure)
[191.018s][info][gc,heap        ] GC(489) PSYoungGen: 227904K(238080K)->64K(219648K) Eden: 227840K(227840K)->0K(219136K) From: 64K(10240K)->64K(512K)
[191.018s][info][gc,heap        ] GC(489) ParOldGen: 120023K(556544K)->120031K(556544K)
[191.018s][info][gc,metaspace   ] GC(489) Metaspace: 35195K(35840K)->35195K(35840K) NonClass: 25988K(26432K)->25988K(26432K) Class: 9207K(9408K)->9207K(9408K)
[191.018s][info][gc             ] GC(489) Pause Young (Allocation Failure) 339M->117M(758M) 2.074ms
[191.018s][info][gc,cpu         ] GC(489) User=0.00s Sys=0.00s Real=0.00s
[191.358s][info][gc,start       ] GC(490) Pause Young (Allocation Failure)
[191.359s][info][gc,heap        ] GC(490) PSYoungGen: 219200K(219648K)->64K(220160K) Eden: 219136K(219136K)->0K(210944K) From: 64K(512K)->64K(9216K)
[191.359s][info][gc,heap        ] GC(490) ParOldGen: 120031K(556544K)->120047K(556544K)
[191.359s][info][gc,metaspace   ] GC(490) Metaspace: 35195K(35840K)->35195K(35840K) NonClass: 25988K(26432K)->25988K(26432K) Class: 9207K(9408K)->9207K(9408K)
[191.359s][info][gc             ] GC(490) Pause Young (Allocation Failure) 331M->117M(758M) 1.120ms
[191.359s][info][gc,cpu         ] GC(490) User=0.00s Sys=0.00s Real=0.01s
[192.229s][info][gc,start       ] GC(491) Pause Young (Allocation Failure)
[192.231s][info][gc,heap        ] GC(491) PSYoungGen: 211008K(220160K)->64K(203776K) Eden: 210944K(210944K)->0K(203264K) From: 64K(9216K)->64K(512K)
[192.231s][info][gc,heap        ] GC(491) ParOldGen: 120047K(556544K)->120063K(556544K)
[192.231s][info][gc,metaspace   ] GC(491) Metaspace: 35195K(35840K)->35195K(35840K) NonClass: 25988K(26432K)->25988K(26432K) Class: 9207K(9408K)->9207K(9408K)
[192.231s][info][gc             ] GC(491) Pause Young (Allocation Failure) 323M->117M(742M) 1.769ms
[192.231s][info][gc,cpu         ] GC(491) User=0.00s Sys=0.00s Real=0.00s
[192.524s][info][gc,start       ] GC(492) Pause Young (Allocation Failure)
[192.525s][info][gc,heap        ] GC(492) PSYoungGen: 203328K(203776K)->64K(203776K) Eden: 203264K(203264K)->0K(195584K) From: 64K(512K)->64K(8192K)
[192.525s][info][gc,heap        ] GC(492) ParOldGen: 120063K(556544K)->120079K(556544K)
[192.525s][info][gc,metaspace   ] GC(492) Metaspace: 35195K(35840K)->35195K(35840K) NonClass: 25988K(26432K)->25988K(26432K) Class: 9207K(9408K)->9207K(9408K)
[192.525s][info][gc             ] GC(492) Pause Young (Allocation Failure) 315M->117M(742M) 0.997ms
[192.525s][info][gc,cpu         ] GC(492) User=0.00s Sys=0.00s Real=0.00s
[192.660s][info][gc,start       ] GC(493) Pause Young (Allocation Failure)
[192.661s][info][gc,heap        ] GC(493) PSYoungGen: 195648K(203776K)->64K(188928K) Eden: 195584K(195584K)->0K(188416K) From: 64K(8192K)->64K(512K)
[192.661s][info][gc,heap        ] GC(493) ParOldGen: 120079K(556544K)->120095K(556544K)
[192.662s][info][gc,metaspace   ] GC(493) Metaspace: 35195K(35840K)->35195K(35840K) NonClass: 25988K(26432K)->25988K(26432K) Class: 9207K(9408K)->9207K(9408K)
[192.662s][info][gc             ] GC(493) Pause Young (Allocation Failure) 308M->117M(728M) 1.639ms
[192.662s][info][gc,cpu         ] GC(493) User=0.00s Sys=0.00s Real=0.00s
[192.724s][info][gc,start       ] GC(494) Pause Young (Allocation Failure)
[192.725s][info][gc,heap        ] GC(494) PSYoungGen: 188480K(188928K)->64K(188416K) Eden: 188416K(188416K)->0K(181760K) From: 64K(512K)->64K(6656K)
[192.725s][info][gc,heap        ] GC(494) ParOldGen: 120095K(556544K)->120111K(556544K)
[192.725s][info][gc,metaspace   ] GC(494) Metaspace: 35195K(35840K)->35195K(35840K) NonClass: 25988K(26432K)->25988K(26432K) Class: 9207K(9408K)->9207K(9408K)
[192.725s][info][gc             ] GC(494) Pause Young (Allocation Failure) 301M->117M(727M) 1.099ms
[192.726s][info][gc,cpu         ] GC(494) User=0.00s Sys=0.00s Real=0.00s
[193.122s][info][gc,start       ] GC(495) Pause Young (Allocation Failure)
[193.123s][info][gc,heap        ] GC(495) PSYoungGen: 181824K(188416K)->64K(175616K) Eden: 181760K(181760K)->0K(175104K) From: 64K(6656K)->64K(512K)
[193.123s][info][gc,heap        ] GC(495) ParOldGen: 120111K(556544K)->120127K(556544K)
[193.123s][info][gc,metaspace   ] GC(495) Metaspace: 35195K(35840K)->35195K(35840K) NonClass: 25988K(26432K)->25988K(26432K) Class: 9207K(9408K)->9207K(9408K)
[193.123s][info][gc             ] GC(495) Pause Young (Allocation Failure) 294M->117M(715M) 1.559ms
[193.123s][info][gc,cpu         ] GC(495) User=0.00s Sys=0.01s Real=0.00s
[193.407s][info][gc,start       ] GC(496) Pause Young (Allocation Failure)
[193.409s][info][gc,heap        ] GC(496) PSYoungGen: 175168K(175616K)->64K(175104K) Eden: 175104K(175104K)->0K(168960K) From: 64K(512K)->64K(6144K)
[193.409s][info][gc,heap        ] GC(496) ParOldGen: 120127K(556544K)->120143K(556544K)
[193.409s][info][gc,metaspace   ] GC(496) Metaspace: 35195K(35840K)->35195K(35840K) NonClass: 25988K(26432K)->25988K(26432K) Class: 9207K(9408K)->9207K(9408K)
[193.409s][info][gc             ] GC(496) Pause Young (Allocation Failure) 288M->117M(714M) 1.403ms
[193.409s][info][gc,cpu         ] GC(496) User=0.00s Sys=0.00s Real=0.01s
[193.632s][info][gc,start       ] GC(497) Pause Young (Allocation Failure)
[193.633s][info][gc,heap        ] GC(497) PSYoungGen: 169024K(175104K)->64K(163840K) Eden: 168960K(168960K)->0K(163328K) From: 64K(6144K)->64K(512K)
[193.633s][info][gc,heap        ] GC(497) ParOldGen: 120143K(556544K)->120151K(556544K)
[193.633s][info][gc,metaspace   ] GC(497) Metaspace: 35195K(35840K)->35195K(35840K) NonClass: 25988K(26432K)->25988K(26432K) Class: 9207K(9408K)->9207K(9408K)
[193.633s][info][gc             ] GC(497) Pause Young (Allocation Failure) 282M->117M(703M) 1.489ms
[193.633s][info][gc,cpu         ] GC(497) User=0.00s Sys=0.00s Real=0.00s
[193.901s][info][gc,start       ] GC(498) Pause Young (Allocation Failure)
[193.932s][info][gc,heap        ] GC(498) PSYoungGen: 163392K(163840K)->5120K(201216K) Eden: 163328K(163328K)->0K(196096K) From: 64K(512K)->5120K(5120K)
[193.932s][info][gc,heap        ] GC(498) ParOldGen: 120151K(556544K)->127095K(556544K)
[193.932s][info][gc,metaspace   ] GC(498) Metaspace: 35195K(35840K)->35195K(35840K) NonClass: 25988K(26432K)->25988K(26432K) Class: 9207K(9408K)->9207K(9408K)
[193.932s][info][gc             ] GC(498) Pause Young (Allocation Failure) 276M->129M(740M) 31.078ms
[193.932s][info][gc,cpu         ] GC(498) User=0.03s Sys=0.00s Real=0.03s
[194.219s][info][gc,start       ] GC(499) Pause Young (Allocation Failure)
[194.254s][info][gc,heap        ] GC(499) PSYoungGen: 201216K(201216K)->5120K(229888K) Eden: 196096K(196096K)->0K(224768K) From: 5120K(5120K)->5120K(5120K)
[194.254s][info][gc,heap        ] GC(499) ParOldGen: 127095K(556544K)->144519K(556544K)
[194.254s][info][gc,metaspace   ] GC(499) Metaspace: 35195K(35840K)->35195K(35840K) NonClass: 25988K(26432K)->25988K(26432K) Class: 9207K(9408K)->9207K(9408K)
[194.254s][info][gc             ] GC(499) Pause Young (Allocation Failure) 320M->146M(768M) 35.292ms
[194.254s][info][gc,cpu         ] GC(499) User=0.07s Sys=0.00s Real=0.03s
[194.584s][info][gc,start       ] GC(500) Pause Young (Allocation Failure)
[194.625s][info][gc,heap        ] GC(500) PSYoungGen: 229888K(229888K)->15872K(240640K) Eden: 224768K(224768K)->0K(224768K) From: 5120K(5120K)->15872K(15872K)
[194.625s][info][gc,heap        ] GC(500) ParOldGen: 144519K(556544K)->154711K(556544K)
[194.625s][info][gc,metaspace   ] GC(500) Metaspace: 35195K(35840K)->35195K(35840K) NonClass: 25988K(26432K)->25988K(26432K) Class: 9207K(9408K)->9207K(9408K)
[194.625s][info][gc             ] GC(500) Pause Young (Allocation Failure) 365M->166M(778M) 41.214ms
[194.625s][info][gc,cpu         ] GC(500) User=0.08s Sys=0.00s Real=0.04s
[194.707s][info][gc,start       ] GC(501) Pause Young (Allocation Failure)
[194.716s][info][gc,heap        ] GC(501) PSYoungGen: 240640K(240640K)->2688K(290816K) Eden: 224768K(224768K)->0K(269824K) From: 15872K(15872K)->2688K(20992K)
[194.716s][info][gc,heap        ] GC(501) ParOldGen: 154711K(556544K)->154983K(556544K)
[194.716s][info][gc,metaspace   ] GC(501) Metaspace: 35195K(35840K)->35195K(35840K) NonClass: 25988K(26432K)->25988K(26432K) Class: 9207K(9408K)->9207K(9408K)
[194.716s][info][gc             ] GC(501) Pause Young (Allocation Failure) 386M->153M(827M) 8.289ms
[194.716s][info][gc,cpu         ] GC(501) User=0.01s Sys=0.00s Real=0.01s
[195.198s][info][gc,start       ] GC(502) Pause Young (Allocation Failure)
[195.199s][info][gc,heap        ] GC(502) PSYoungGen: 272512K(290816K)->64K(291840K) Eden: 269824K(269824K)->0K(269824K) From: 2688K(20992K)->64K(22016K)
[195.199s][info][gc,heap        ] GC(502) ParOldGen: 154983K(556544K)->154991K(556544K)
[195.199s][info][gc,metaspace   ] GC(502) Metaspace: 35195K(35840K)->35195K(35840K) NonClass: 25988K(26432K)->25988K(26432K) Class: 9207K(9408K)->9207K(9408K)
[195.199s][info][gc             ] GC(502) Pause Young (Allocation Failure) 417M->151M(828M) 0.914ms
[195.199s][info][gc,cpu         ] GC(502) User=0.00s Sys=0.00s Real=0.01s
[195.730s][info][gc,start       ] GC(503) Pause Young (Allocation Failure)
[195.731s][info][gc,heap        ] GC(503) PSYoungGen: 269888K(291840K)->64K(309248K) Eden: 269824K(269824K)->0K(290304K) From: 64K(22016K)->64K(18944K)
[195.731s][info][gc,heap        ] GC(503) ParOldGen: 154991K(556544K)->154999K(556544K)
[195.731s][info][gc,metaspace   ] GC(503) Metaspace: 35195K(35840K)->35195K(35840K) NonClass: 25988K(26432K)->25988K(26432K) Class: 9207K(9408K)->9207K(9408K)
[195.731s][info][gc             ] GC(503) Pause Young (Allocation Failure) 414M->151M(845M) 0.888ms
[195.731s][info][gc,cpu         ] GC(503) User=0.00s Sys=0.00s Real=0.00s
[196.177s][info][gc,start       ] GC(504) Pause Young (Allocation Failure)
[196.178s][info][gc,heap        ] GC(504) PSYoungGen: 290368K(309248K)->64K(310784K) Eden: 290304K(290304K)->0K(290304K) From: 64K(18944K)->64K(20480K)
[196.178s][info][gc,heap        ] GC(504) ParOldGen: 154999K(556544K)->155015K(556544K)
[196.178s][info][gc,metaspace   ] GC(504) Metaspace: 35195K(35840K)->35195K(35840K) NonClass: 25988K(26432K)->25988K(26432K) Class: 9207K(9408K)->9207K(9408K)
[196.178s][info][gc             ] GC(504) Pause Young (Allocation Failure) 434M->151M(847M) 1.001ms
[196.178s][info][gc,cpu         ] GC(504) User=0.00s Sys=0.00s Real=0.00s
[196.416s][info][gc,start       ] GC(505) Pause Young (Allocation Failure)
[196.416s][info][gc,heap        ] GC(505) PSYoungGen: 290368K(310784K)->64K(310784K) Eden: 290304K(290304K)->0K(293376K) From: 64K(20480K)->64K(17408K)
[196.416s][info][gc,heap        ] GC(505) ParOldGen: 155015K(556544K)->155031K(556544K)
[196.416s][info][gc,metaspace   ] GC(505) Metaspace: 35195K(35840K)->35195K(35840K) NonClass: 25988K(26432K)->25988K(26432K) Class: 9207K(9408K)->9207K(9408K)
[196.416s][info][gc             ] GC(505) Pause Young (Allocation Failure) 434M->151M(847M) 0.867ms
[196.416s][info][gc,cpu         ] GC(505) User=0.00s Sys=0.00s Real=0.00s
[196.658s][info][gc,start       ] GC(506) Pause Young (Allocation Failure)
[196.659s][info][gc,heap        ] GC(506) PSYoungGen: 293440K(310784K)->64K(312320K) Eden: 293376K(293376K)->0K(293376K) From: 64K(17408K)->64K(18944K)
[196.659s][info][gc,heap        ] GC(506) ParOldGen: 155031K(556544K)->155031K(556544K)
[196.659s][info][gc,metaspace   ] GC(506) Metaspace: 35195K(35840K)->35195K(35840K) NonClass: 25988K(26432K)->25988K(26432K) Class: 9207K(9408K)->9207K(9408K)
[196.659s][info][gc             ] GC(506) Pause Young (Allocation Failure) 437M->151M(848M) 0.889ms
[196.659s][info][gc,cpu         ] GC(506) User=0.00s Sys=0.00s Real=0.01s
[196.929s][info][gc,start       ] GC(507) Pause Young (Allocation Failure)
[196.930s][info][gc,heap        ] GC(507) PSYoungGen: 293440K(312320K)->64K(312320K) Eden: 293376K(293376K)->0K(296960K) From: 64K(18944K)->64K(15360K)
[196.930s][info][gc,heap        ] GC(507) ParOldGen: 155031K(556544K)->155031K(556544K)
[196.930s][info][gc,metaspace   ] GC(507) Metaspace: 35195K(35840K)->35195K(35840K) NonClass: 25988K(26432K)->25988K(26432K) Class: 9207K(9408K)->9207K(9408K)
[196.930s][info][gc             ] GC(507) Pause Young (Allocation Failure) 437M->151M(848M) 0.811ms
[196.930s][info][gc,cpu         ] GC(507) User=0.00s Sys=0.00s Real=0.00s
[196.982s][info][gc,start       ] GC(508) Pause Young (Allocation Failure)
[196.983s][info][gc,heap        ] GC(508) PSYoungGen: 297024K(312320K)->64K(313856K) Eden: 296960K(296960K)->0K(296960K) From: 64K(15360K)->64K(16896K)
[196.983s][info][gc,heap        ] GC(508) ParOldGen: 155031K(556544K)->155047K(556544K)
[196.983s][info][gc,metaspace   ] GC(508) Metaspace: 35195K(35840K)->35195K(35840K) NonClass: 25988K(26432K)->25988K(26432K) Class: 9207K(9408K)->9207K(9408K)
[196.983s][info][gc             ] GC(508) Pause Young (Allocation Failure) 441M->151M(850M) 0.760ms
[196.983s][info][gc,cpu         ] GC(508) User=0.00s Sys=0.00s Real=0.00s
[197.118s][info][gc,start       ] GC(509) Pause Young (Allocation Failure)
[197.119s][info][gc,heap        ] GC(509) PSYoungGen: 297024K(313856K)->64K(314368K) Eden: 296960K(296960K)->0K(300544K) From: 64K(16896K)->64K(13824K)
[197.119s][info][gc,heap        ] GC(509) ParOldGen: 155047K(556544K)->155047K(556544K)
[197.119s][info][gc,metaspace   ] GC(509) Metaspace: 35195K(35840K)->35195K(35840K) NonClass: 25988K(26432K)->25988K(26432K) Class: 9207K(9408K)->9207K(9408K)
[197.119s][info][gc             ] GC(509) Pause Young (Allocation Failure) 441M->151M(850M) 0.838ms
[197.119s][info][gc,cpu         ] GC(509) User=0.00s Sys=0.00s Real=0.01s
[197.440s][info][gc,start       ] GC(510) Pause Young (Allocation Failure)
[197.441s][info][gc,heap        ] GC(510) PSYoungGen: 300608K(314368K)->64K(288768K) Eden: 300544K(300544K)->0K(288256K) From: 64K(13824K)->64K(512K)
[197.441s][info][gc,heap        ] GC(510) ParOldGen: 155047K(556544K)->155055K(556544K)
[197.441s][info][gc,metaspace   ] GC(510) Metaspace: 35195K(35840K)->35195K(35840K) NonClass: 25988K(26432K)->25988K(26432K) Class: 9207K(9408K)->9207K(9408K)
[197.441s][info][gc             ] GC(510) Pause Young (Allocation Failure) 444M->151M(825M) 0.852ms
[197.441s][info][gc,cpu         ] GC(510) User=0.00s Sys=0.00s Real=0.00s
[197.612s][info][gc,start       ] GC(511) Pause Young (Allocation Failure)
[197.613s][info][gc,heap        ] GC(511) PSYoungGen: 288320K(288768K)->64K(278016K) Eden: 288256K(288256K)->0K(276992K) From: 64K(512K)->64K(1024K)
[197.613s][info][gc,heap        ] GC(511) ParOldGen: 155055K(556544K)->155063K(556544K)
[197.613s][info][gc,metaspace   ] GC(511) Metaspace: 35195K(35840K)->35195K(35840K) NonClass: 25988K(26432K)->25988K(26432K) Class: 9207K(9408K)->9207K(9408K)
[197.613s][info][gc             ] GC(511) Pause Young (Allocation Failure) 432M->151M(815M) 0.941ms
[197.613s][info][gc,cpu         ] GC(511) User=0.00s Sys=0.00s Real=0.00s
[197.690s][info][gc,start       ] GC(512) Pause Young (Allocation Failure)
[197.691s][info][gc,heap        ] GC(512) PSYoungGen: 277056K(278016K)->64K(280064K) Eden: 276992K(276992K)->0K(266240K) From: 64K(1024K)->64K(13824K)
[197.691s][info][gc,heap        ] GC(512) ParOldGen: 155063K(556544K)->155079K(556544K)
[197.691s][info][gc,metaspace   ] GC(512) Metaspace: 35195K(35840K)->35195K(35840K) NonClass: 25988K(26432K)->25988K(26432K) Class: 9207K(9408K)->9207K(9408K)
[197.691s][info][gc             ] GC(512) Pause Young (Allocation Failure) 421M->151M(817M) 0.782ms
[197.691s][info][gc,cpu         ] GC(512) User=0.00s Sys=0.00s Real=0.00s
[197.841s][info][gc,start       ] GC(513) Pause Young (Allocation Failure)
[197.843s][info][gc,heap        ] GC(513) PSYoungGen: 266304K(280064K)->64K(256512K) Eden: 266240K(266240K)->0K(256000K) From: 64K(13824K)->64K(512K)
[197.843s][info][gc,heap        ] GC(513) ParOldGen: 155079K(556544K)->155079K(556544K)
[197.843s][info][gc,metaspace   ] GC(513) Metaspace: 35195K(35840K)->35195K(35840K) NonClass: 25988K(26432K)->25988K(26432K) Class: 9207K(9408K)->9207K(9408K)
[197.843s][info][gc             ] GC(513) Pause Young (Allocation Failure) 411M->151M(794M) 1.460ms
[197.843s][info][gc,cpu         ] GC(513) User=0.00s Sys=0.01s Real=0.00s
[198.222s][info][gc,start       ] GC(514) Pause Young (Allocation Failure)
[198.222s][info][gc,heap        ] GC(514) PSYoungGen: 256064K(256512K)->64K(258560K) Eden: 256000K(256000K)->0K(246272K) From: 64K(512K)->64K(12288K)
[198.222s][info][gc,heap        ] GC(514) ParOldGen: 155079K(556544K)->155087K(556544K)
[198.222s][info][gc,metaspace   ] GC(514) Metaspace: 35195K(35840K)->35195K(35840K) NonClass: 25988K(26432K)->25988K(26432K) Class: 9207K(9408K)->9207K(9408K)
[198.222s][info][gc             ] GC(514) Pause Young (Allocation Failure) 401M->151M(796M) 0.692ms
[198.222s][info][gc,cpu         ] GC(514) User=0.01s Sys=0.00s Real=0.00s
[198.809s][info][gc,start       ] GC(515) Pause Young (Allocation Failure)
[198.811s][info][gc,heap        ] GC(515) PSYoungGen: 246336K(258560K)->64K(237568K) Eden: 246272K(246272K)->0K(237056K) From: 64K(12288K)->64K(512K)
[198.811s][info][gc,heap        ] GC(515) ParOldGen: 155087K(556544K)->155095K(556544K)
[198.811s][info][gc,metaspace   ] GC(515) Metaspace: 35195K(35840K)->35195K(35840K) NonClass: 25988K(26432K)->25988K(26432K) Class: 9207K(9408K)->9207K(9408K)
[198.811s][info][gc             ] GC(515) Pause Young (Allocation Failure) 392M->151M(775M) 1.903ms
[198.811s][info][gc,cpu         ] GC(515) User=0.00s Sys=0.00s Real=0.00s
[199.701s][info][gc,start       ] GC(516) Pause Young (Allocation Failure)
[199.702s][info][gc,heap        ] GC(516) PSYoungGen: 237120K(237568K)->64K(238592K) Eden: 237056K(237056K)->0K(227840K) From: 64K(512K)->64K(10752K)
[199.702s][info][gc,heap        ] GC(516) ParOldGen: 155095K(556544K)->155103K(556544K)
[199.702s][info][gc,metaspace   ] GC(516) Metaspace: 35195K(35840K)->35195K(35840K) NonClass: 25988K(26432K)->25988K(26432K) Class: 9207K(9408K)->9207K(9408K)
[199.702s][info][gc             ] GC(516) Pause Young (Allocation Failure) 383M->151M(776M) 0.759ms
[199.702s][info][gc,cpu         ] GC(516) User=0.00s Sys=0.00s Real=0.00s
[200.044s][info][gc,start       ] GC(517) Pause Young (Allocation Failure)
[200.045s][info][gc,heap        ] GC(517) PSYoungGen: 227904K(238592K)->64K(219648K) Eden: 227840K(227840K)->0K(219136K) From: 64K(10752K)->64K(512K)
[200.045s][info][gc,heap        ] GC(517) ParOldGen: 155103K(556544K)->155111K(556544K)
[200.045s][info][gc,metaspace   ] GC(517) Metaspace: 35195K(35840K)->35195K(35840K) NonClass: 25988K(26432K)->25988K(26432K) Class: 9207K(9408K)->9207K(9408K)
[200.045s][info][gc             ] GC(517) Pause Young (Allocation Failure) 374M->151M(758M) 1.553ms
[200.045s][info][gc,cpu         ] GC(517) User=0.00s Sys=0.00s Real=0.00s
[200.719s][info][gc,start       ] GC(518) Pause Young (Allocation Failure)
[200.720s][info][gc,heap        ] GC(518) PSYoungGen: 219200K(219648K)->64K(220160K) Eden: 219136K(219136K)->0K(210944K) From: 64K(512K)->64K(9216K)
[200.720s][info][gc,heap        ] GC(518) ParOldGen: 155111K(556544K)->155127K(556544K)
[200.720s][info][gc,metaspace   ] GC(518) Metaspace: 35195K(35840K)->35195K(35840K) NonClass: 25988K(26432K)->25988K(26432K) Class: 9207K(9408K)->9207K(9408K)
[200.720s][info][gc             ] GC(518) Pause Young (Allocation Failure) 365M->151M(758M) 1.344ms
[200.720s][info][gc,cpu         ] GC(518) User=0.00s Sys=0.00s Real=0.00s
[201.227s][info][gc,start       ] GC(519) Pause Young (Allocation Failure)
[201.229s][info][gc,heap        ] GC(519) PSYoungGen: 211008K(220160K)->64K(203776K) Eden: 210944K(210944K)->0K(203264K) From: 64K(9216K)->64K(512K)
[201.229s][info][gc,heap        ] GC(519) ParOldGen: 155127K(556544K)->155143K(556544K)
[201.229s][info][gc,metaspace   ] GC(519) Metaspace: 35195K(35840K)->35195K(35840K) NonClass: 25988K(26432K)->25988K(26432K) Class: 9207K(9408K)->9207K(9408K)
[201.229s][info][gc             ] GC(519) Pause Young (Allocation Failure) 357M->151M(742M) 1.847ms
[201.229s][info][gc,cpu         ] GC(519) User=0.00s Sys=0.00s Real=0.01s
[201.522s][info][gc,start       ] GC(520) Pause Young (Allocation Failure)
[201.523s][info][gc,heap        ] GC(520) PSYoungGen: 203328K(203776K)->64K(203776K) Eden: 203264K(203264K)->0K(195584K) From: 64K(512K)->64K(8192K)
[201.523s][info][gc,heap        ] GC(520) ParOldGen: 155143K(556544K)->155159K(556544K)
[201.523s][info][gc,metaspace   ] GC(520) Metaspace: 35195K(35840K)->35195K(35840K) NonClass: 25988K(26432K)->25988K(26432K) Class: 9207K(9408K)->9207K(9408K)
[201.523s][info][gc             ] GC(520) Pause Young (Allocation Failure) 350M->151M(742M) 1.137ms
[201.523s][info][gc,cpu         ] GC(520) User=0.00s Sys=0.00s Real=0.00s
[201.644s][info][gc,start       ] GC(521) Pause Young (Allocation Failure)
[201.645s][info][gc,heap        ] GC(521) PSYoungGen: 195648K(203776K)->64K(188928K) Eden: 195584K(195584K)->0K(188416K) From: 64K(8192K)->64K(512K)
[201.645s][info][gc,heap        ] GC(521) ParOldGen: 155159K(556544K)->155175K(556544K)
[201.645s][info][gc,metaspace   ] GC(521) Metaspace: 35195K(35840K)->35195K(35840K) NonClass: 25988K(26432K)->25988K(26432K) Class: 9207K(9408K)->9207K(9408K)
[201.645s][info][gc             ] GC(521) Pause Young (Allocation Failure) 342M->151M(728M) 1.639ms
[201.645s][info][gc,cpu         ] GC(521) User=0.00s Sys=0.00s Real=0.00s
[201.721s][info][gc,start       ] GC(522) Pause Young (Allocation Failure)
[201.722s][info][gc,heap        ] GC(522) PSYoungGen: 188480K(188928K)->64K(188928K) Eden: 188416K(188416K)->0K(181760K) From: 64K(512K)->64K(7168K)
[201.722s][info][gc,heap        ] GC(522) ParOldGen: 155175K(556544K)->155191K(556544K)
[201.722s][info][gc,metaspace   ] GC(522) Metaspace: 35195K(35840K)->35195K(35840K) NonClass: 25988K(26432K)->25988K(26432K) Class: 9207K(9408K)->9207K(9408K)
[201.722s][info][gc             ] GC(522) Pause Young (Allocation Failure) 335M->151M(728M) 1.040ms
[201.722s][info][gc,cpu         ] GC(522) User=0.00s Sys=0.00s Real=0.00s
[202.172s][info][gc,start       ] GC(523) Pause Young (Allocation Failure)
[202.173s][info][gc,heap        ] GC(523) PSYoungGen: 181824K(188928K)->64K(175616K) Eden: 181760K(181760K)->0K(175104K) From: 64K(7168K)->64K(512K)
[202.173s][info][gc,heap        ] GC(523) ParOldGen: 155191K(556544K)->155207K(556544K)
[202.173s][info][gc,metaspace   ] GC(523) Metaspace: 35195K(35840K)->35195K(35840K) NonClass: 25988K(26432K)->25988K(26432K) Class: 9207K(9408K)->9207K(9408K)
[202.173s][info][gc             ] GC(523) Pause Young (Allocation Failure) 329M->151M(715M) 1.661ms
[202.173s][info][gc,cpu         ] GC(523) User=0.01s Sys=0.00s Real=0.00s
[202.397s][info][gc,start       ] GC(524) Pause Young (Allocation Failure)
[202.398s][info][gc,heap        ] GC(524) PSYoungGen: 175168K(175616K)->32K(175104K) Eden: 175104K(175104K)->0K(168960K) From: 64K(512K)->32K(6144K)
[202.398s][info][gc,heap        ] GC(524) ParOldGen: 155207K(556544K)->155215K(556544K)
[202.398s][info][gc,metaspace   ] GC(524) Metaspace: 35195K(35840K)->35195K(35840K) NonClass: 25988K(26432K)->25988K(26432K) Class: 9207K(9408K)->9207K(9408K)
[202.398s][info][gc             ] GC(524) Pause Young (Allocation Failure) 322M->151M(714M) 1.457ms
[202.398s][info][gc,cpu         ] GC(524) User=0.00s Sys=0.00s Real=0.00s
[202.655s][info][gc,start       ] GC(525) Pause Young (Allocation Failure)
[202.657s][info][gc,heap        ] GC(525) PSYoungGen: 168992K(175104K)->64K(163840K) Eden: 168960K(168960K)->0K(163328K) From: 32K(6144K)->64K(512K)
[202.657s][info][gc,heap        ] GC(525) ParOldGen: 155215K(556544K)->155223K(556544K)
[202.657s][info][gc,metaspace   ] GC(525) Metaspace: 35195K(35840K)->35195K(35840K) NonClass: 25988K(26432K)->25988K(26432K) Class: 9207K(9408K)->9207K(9408K)
[202.657s][info][gc             ] GC(525) Pause Young (Allocation Failure) 316M->151M(703M) 1.910ms
[202.657s][info][gc,cpu         ] GC(525) User=0.00s Sys=0.00s Real=0.00s
[202.918s][info][gc,start       ] GC(526) Pause Young (Allocation Failure)
[202.944s][info][gc,heap        ] GC(526) PSYoungGen: 163392K(163840K)->5120K(201216K) Eden: 163328K(163328K)->0K(196096K) From: 64K(512K)->5120K(5120K)
[202.944s][info][gc,heap        ] GC(526) ParOldGen: 155223K(556544K)->165391K(556544K)
[202.944s][info][gc,metaspace   ] GC(526) Metaspace: 35195K(35840K)->35195K(35840K) NonClass: 25988K(26432K)->25988K(26432K) Class: 9207K(9408K)->9207K(9408K)
[202.944s][info][gc             ] GC(526) Pause Young (Allocation Failure) 311M->166M(740M) 26.200ms
[202.944s][info][gc,cpu         ] GC(526) User=0.04s Sys=0.00s Real=0.03s
[203.232s][info][gc,start       ] GC(527) Pause Young (Allocation Failure)
[203.268s][info][gc,heap        ] GC(527) PSYoungGen: 201216K(201216K)->5120K(228352K) Eden: 196096K(196096K)->0K(223232K) From: 5120K(5120K)->5120K(5120K)
[203.268s][info][gc,heap        ] GC(527) ParOldGen: 165391K(556544K)->182895K(556544K)
[203.268s][info][gc,metaspace   ] GC(527) Metaspace: 35195K(35840K)->35195K(35840K) NonClass: 25988K(26432K)->25988K(26432K) Class: 9207K(9408K)->9207K(9408K)
[203.268s][info][gc             ] GC(527) Pause Young (Allocation Failure) 358M->183M(766M) 36.105ms
[203.268s][info][gc,cpu         ] GC(527) User=0.07s Sys=0.00s Real=0.03s
[203.559s][info][gc,start       ] GC(528) Pause Young (Allocation Failure)
[203.600s][info][gc,heap        ] GC(528) PSYoungGen: 228352K(228352K)->16896K(240128K) Eden: 223232K(223232K)->0K(223232K) From: 5120K(5120K)->16896K(16896K)
[203.600s][info][gc,heap        ] GC(528) ParOldGen: 182895K(556544K)->191471K(556544K)
[203.600s][info][gc,metaspace   ] GC(528) Metaspace: 35195K(35840K)->35195K(35840K) NonClass: 25988K(26432K)->25988K(26432K) Class: 9207K(9408K)->9207K(9408K)
[203.600s][info][gc             ] GC(528) Pause Young (Allocation Failure) 401M->203M(778M) 41.157ms
[203.600s][info][gc,cpu         ] GC(528) User=0.08s Sys=0.00s Real=0.04s
[203.653s][info][gc,start       ] GC(529) Pause Young (Allocation Failure)
[203.656s][info][gc,heap        ] GC(529) PSYoungGen: 240128K(240128K)->64K(290816K) Eden: 223232K(223232K)->0K(268288K) From: 16896K(16896K)->64K(22528K)
[203.656s][info][gc,heap        ] GC(529) ParOldGen: 191471K(556544K)->191695K(556544K)
[203.656s][info][gc,metaspace   ] GC(529) Metaspace: 35195K(35840K)->35195K(35840K) NonClass: 25988K(26432K)->25988K(26432K) Class: 9207K(9408K)->9207K(9408K)
[203.656s][info][gc             ] GC(529) Pause Young (Allocation Failure) 421M->187M(827M) 3.242ms
[203.657s][info][gc,cpu         ] GC(529) User=0.00s Sys=0.00s Real=0.00s
[204.178s][info][gc,start       ] GC(530) Pause Young (Allocation Failure)
[204.179s][info][gc,heap        ] GC(530) PSYoungGen: 268352K(290816K)->64K(291328K) Eden: 268288K(268288K)->0K(268288K) From: 64K(22528K)->64K(23040K)
[204.179s][info][gc,heap        ] GC(530) ParOldGen: 191695K(556544K)->191695K(556544K)
[204.179s][info][gc,metaspace   ] GC(530) Metaspace: 35195K(35840K)->35195K(35840K) NonClass: 25988K(26432K)->25988K(26432K) Class: 9207K(9408K)->9207K(9408K)
[204.179s][info][gc             ] GC(530) Pause Young (Allocation Failure) 449M->187M(828M) 1.066ms
[204.179s][info][gc,cpu         ] GC(530) User=0.00s Sys=0.00s Real=0.01s
[204.662s][info][gc,start       ] GC(531) Pause Young (Allocation Failure)
[204.663s][info][gc,heap        ] GC(531) PSYoungGen: 268352K(291328K)->64K(308736K) Eden: 268288K(268288K)->0K(288256K) From: 64K(23040K)->64K(20480K)
[204.663s][info][gc,heap        ] GC(531) ParOldGen: 191695K(556544K)->191703K(556544K)
[204.663s][info][gc,metaspace   ] GC(531) Metaspace: 35195K(35840K)->35195K(35840K) NonClass: 25988K(26432K)->25988K(26432K) Class: 9207K(9408K)->9207K(9408K)
[204.663s][info][gc             ] GC(531) Pause Young (Allocation Failure) 449M->187M(845M) 0.943ms
[204.663s][info][gc,cpu         ] GC(531) User=0.00s Sys=0.00s Real=0.00s
[205.109s][info][gc,start       ] GC(532) Pause Young (Allocation Failure)
[205.110s][info][gc,heap        ] GC(532) PSYoungGen: 288320K(308736K)->64K(309760K) Eden: 288256K(288256K)->0K(288256K) From: 64K(20480K)->64K(21504K)
[205.110s][info][gc,heap        ] GC(532) ParOldGen: 191703K(556544K)->191719K(556544K)
[205.110s][info][gc,metaspace   ] GC(532) Metaspace: 35195K(35840K)->35195K(35840K) NonClass: 25988K(26432K)->25988K(26432K) Class: 9207K(9408K)->9207K(9408K)
[205.110s][info][gc             ] GC(532) Pause Young (Allocation Failure) 468M->187M(846M) 1.071ms
[205.110s][info][gc,cpu         ] GC(532) User=0.00s Sys=0.00s Real=0.00s
[205.346s][info][gc,start       ] GC(533) Pause Young (Allocation Failure)
[205.346s][info][gc,heap        ] GC(533) PSYoungGen: 288320K(309760K)->64K(310272K) Eden: 288256K(288256K)->0K(291840K) From: 64K(21504K)->64K(18432K)
[205.347s][info][gc,heap        ] GC(533) ParOldGen: 191719K(556544K)->191735K(556544K)
[205.347s][info][gc,metaspace   ] GC(533) Metaspace: 35195K(35840K)->35195K(35840K) NonClass: 25988K(26432K)->25988K(26432K) Class: 9207K(9408K)->9207K(9408K)
[205.347s][info][gc             ] GC(533) Pause Young (Allocation Failure) 468M->187M(846M) 1.013ms
[205.347s][info][gc,cpu         ] GC(533) User=0.00s Sys=0.00s Real=0.00s
[205.701s][info][gc,start       ] GC(534) Pause Young (Allocation Failure)
[205.702s][info][gc,heap        ] GC(534) PSYoungGen: 291904K(310272K)->64K(311296K) Eden: 291840K(291840K)->0K(291840K) From: 64K(18432K)->64K(19456K)
[205.702s][info][gc,heap        ] GC(534) ParOldGen: 191735K(556544K)->191735K(556544K)
[205.702s][info][gc,metaspace   ] GC(534) Metaspace: 35195K(35840K)->35195K(35840K) NonClass: 25988K(26432K)->25988K(26432K) Class: 9207K(9408K)->9207K(9408K)
[205.702s][info][gc             ] GC(534) Pause Young (Allocation Failure) 472M->187M(847M) 1.084ms
[205.702s][info][gc,cpu         ] GC(534) User=0.00s Sys=0.00s Real=0.00s
[205.857s][info][gc,start       ] GC(535) Pause Young (Allocation Failure)
[205.858s][info][gc,heap        ] GC(535) PSYoungGen: 291904K(311296K)->64K(313344K) Eden: 291840K(291840K)->0K(295936K) From: 64K(19456K)->64K(17408K)
[205.858s][info][gc,heap        ] GC(535) ParOldGen: 191735K(556544K)->191743K(556544K)
[205.858s][info][gc,metaspace   ] GC(535) Metaspace: 35195K(35840K)->35195K(35840K) NonClass: 25988K(26432K)->25988K(26432K) Class: 9207K(9408K)->9207K(9408K)
[205.858s][info][gc             ] GC(535) Pause Young (Allocation Failure) 472M->187M(849M) 0.926ms
[205.858s][info][gc,cpu         ] GC(535) User=0.01s Sys=0.00s Real=0.00s
[205.912s][info][gc,start       ] GC(536) Pause Young (Allocation Failure)
[205.913s][info][gc,heap        ] GC(536) PSYoungGen: 296000K(313344K)->64K(313856K) Eden: 295936K(295936K)->0K(295936K) From: 64K(17408K)->64K(17920K)
[205.913s][info][gc,heap        ] GC(536) ParOldGen: 191743K(556544K)->191759K(556544K)
[205.913s][info][gc,metaspace   ] GC(536) Metaspace: 35195K(35840K)->35195K(35840K) NonClass: 25988K(26432K)->25988K(26432K) Class: 9207K(9408K)->9207K(9408K)
[205.913s][info][gc             ] GC(536) Pause Young (Allocation Failure) 476M->187M(850M) 0.774ms
[205.913s][info][gc,cpu         ] GC(536) User=0.00s Sys=0.00s Real=0.00s
[206.061s][info][gc,start       ] GC(537) Pause Young (Allocation Failure)
[206.062s][info][gc,heap        ] GC(537) PSYoungGen: 296000K(313856K)->64K(314368K) Eden: 295936K(295936K)->0K(299008K) From: 64K(17920K)->64K(15360K)
[206.062s][info][gc,heap        ] GC(537) ParOldGen: 191759K(556544K)->191759K(556544K)
[206.062s][info][gc,metaspace   ] GC(537) Metaspace: 35195K(35840K)->35195K(35840K) NonClass: 25988K(26432K)->25988K(26432K) Class: 9207K(9408K)->9207K(9408K)
[206.062s][info][gc             ] GC(537) Pause Young (Allocation Failure) 476M->187M(850M) 0.798ms
[206.062s][info][gc,cpu         ] GC(537) User=0.01s Sys=0.00s Real=0.00s
[206.378s][info][gc,start       ] GC(538) Pause Young (Allocation Failure)
[206.379s][info][gc,heap        ] GC(538) PSYoungGen: 299072K(314368K)->64K(287744K) Eden: 299008K(299008K)->0K(287232K) From: 64K(15360K)->64K(512K)
[206.379s][info][gc,heap        ] GC(538) ParOldGen: 191759K(556544K)->191767K(556544K)
[206.379s][info][gc,metaspace   ] GC(538) Metaspace: 35195K(35840K)->35195K(35840K) NonClass: 25988K(26432K)->25988K(26432K) Class: 9207K(9408K)->9207K(9408K)
[206.379s][info][gc             ] GC(538) Pause Young (Allocation Failure) 479M->187M(824M) 0.886ms
[206.379s][info][gc,cpu         ] GC(538) User=0.00s Sys=0.00s Real=0.01s
[206.541s][info][gc,start       ] GC(539) Pause Young (Allocation Failure)
[206.542s][info][gc,heap        ] GC(539) PSYoungGen: 287296K(287744K)->64K(277504K) Eden: 287232K(287232K)->0K(275968K) From: 64K(512K)->64K(1536K)
[206.542s][info][gc,heap        ] GC(539) ParOldGen: 191767K(556544K)->191775K(556544K)
[206.542s][info][gc,metaspace   ] GC(539) Metaspace: 35195K(35840K)->35195K(35840K) NonClass: 25988K(26432K)->25988K(26432K) Class: 9207K(9408K)->9207K(9408K)
[206.542s][info][gc             ] GC(539) Pause Young (Allocation Failure) 467M->187M(814M) 0.907ms
[206.542s][info][gc,cpu         ] GC(539) User=0.00s Sys=0.00s Real=0.00s
[206.619s][info][gc,start       ] GC(540) Pause Young (Allocation Failure)
[206.619s][info][gc,heap        ] GC(540) PSYoungGen: 276032K(277504K)->64K(265728K) Eden: 275968K(275968K)->0K(265216K) From: 64K(1536K)->64K(512K)
[206.619s][info][gc,heap        ] GC(540) ParOldGen: 191775K(556544K)->191791K(556544K)
[206.619s][info][gc,metaspace   ] GC(540) Metaspace: 35195K(35840K)->35195K(35840K) NonClass: 25988K(26432K)->25988K(26432K) Class: 9207K(9408K)->9207K(9408K)
[206.619s][info][gc             ] GC(540) Pause Young (Allocation Failure) 456M->187M(803M) 0.728ms
[206.619s][info][gc,cpu         ] GC(540) User=0.00s Sys=0.00s Real=0.00s
[206.774s][info][gc,start       ] GC(541) Pause Young (Allocation Failure)
[206.775s][info][gc,heap        ] GC(541) PSYoungGen: 265280K(265728K)->64K(255488K) Eden: 265216K(265216K)->0K(254976K) From: 64K(512K)->64K(512K)
[206.775s][info][gc,heap        ] GC(541) ParOldGen: 191791K(556544K)->191791K(556544K)
[206.775s][info][gc,metaspace   ] GC(541) Metaspace: 35195K(35840K)->35195K(35840K) NonClass: 25988K(26432K)->25988K(26432K) Class: 9207K(9408K)->9207K(9408K)
[206.775s][info][gc             ] GC(541) Pause Young (Allocation Failure) 446M->187M(793M) 1.308ms
[206.775s][info][gc,cpu         ] GC(541) User=0.00s Sys=0.00s Real=0.00s
[207.157s][info][gc,start       ] GC(542) Pause Young (Allocation Failure)
[207.158s][info][gc,heap        ] GC(542) PSYoungGen: 255040K(255488K)->64K(257536K) Eden: 254976K(254976K)->0K(245248K) From: 64K(512K)->64K(12288K)
[207.158s][info][gc,heap        ] GC(542) ParOldGen: 191791K(556544K)->191799K(556544K)
[207.158s][info][gc,metaspace   ] GC(542) Metaspace: 35195K(35840K)->35195K(35840K) NonClass: 25988K(26432K)->25988K(26432K) Class: 9207K(9408K)->9207K(9408K)
[207.158s][info][gc             ] GC(542) Pause Young (Allocation Failure) 436M->187M(795M) 0.785ms
[207.158s][info][gc,cpu         ] GC(542) User=0.00s Sys=0.00s Real=0.00s
[207.729s][info][gc,start       ] GC(543) Pause Young (Allocation Failure)
[207.730s][info][gc,heap        ] GC(543) PSYoungGen: 245312K(257536K)->64K(236544K) Eden: 245248K(245248K)->0K(236032K) From: 64K(12288K)->64K(512K)
[207.731s][info][gc,heap        ] GC(543) ParOldGen: 191799K(556544K)->191807K(556544K)
[207.731s][info][gc,metaspace   ] GC(543) Metaspace: 35195K(35840K)->35195K(35840K) NonClass: 25988K(26432K)->25988K(26432K) Class: 9207K(9408K)->9207K(9408K)
[207.731s][info][gc             ] GC(543) Pause Young (Allocation Failure) 426M->187M(774M) 1.593ms
[207.731s][info][gc,cpu         ] GC(543) User=0.01s Sys=0.00s Real=0.00s
[208.626s][info][gc,start       ] GC(544) Pause Young (Allocation Failure)
[208.627s][info][gc,heap        ] GC(544) PSYoungGen: 236096K(236544K)->64K(237568K) Eden: 236032K(236032K)->0K(226816K) From: 64K(512K)->64K(10752K)
[208.627s][info][gc,heap        ] GC(544) ParOldGen: 191807K(556544K)->191815K(556544K)
[208.627s][info][gc,metaspace   ] GC(544) Metaspace: 35195K(35840K)->35195K(35840K) NonClass: 25988K(26432K)->25988K(26432K) Class: 9207K(9408K)->9207K(9408K)
[208.627s][info][gc             ] GC(544) Pause Young (Allocation Failure) 417M->187M(775M) 0.860ms
[208.627s][info][gc,cpu         ] GC(544) User=0.00s Sys=0.00s Real=0.00s
[208.971s][info][gc,start       ] GC(545) Pause Young (Allocation Failure)
[208.972s][info][gc,heap        ] GC(545) PSYoungGen: 226880K(237568K)->64K(218624K) Eden: 226816K(226816K)->0K(218112K) From: 64K(10752K)->64K(512K)
[208.972s][info][gc,heap        ] GC(545) ParOldGen: 191815K(556544K)->191823K(556544K)
[208.972s][info][gc,metaspace   ] GC(545) Metaspace: 35195K(35840K)->35195K(35840K) NonClass: 25988K(26432K)->25988K(26432K) Class: 9207K(9408K)->9207K(9408K)
[208.972s][info][gc             ] GC(545) Pause Young (Allocation Failure) 408M->187M(757M) 1.613ms
[208.972s][info][gc,cpu         ] GC(545) User=0.00s Sys=0.00s Real=0.00s
[209.702s][info][gc,start       ] GC(546) Pause Young (Allocation Failure)
[209.703s][info][gc,heap        ] GC(546) PSYoungGen: 218176K(218624K)->64K(219136K) Eden: 218112K(218112K)->0K(209920K) From: 64K(512K)->64K(9216K)
[209.703s][info][gc,heap        ] GC(546) ParOldGen: 191823K(556544K)->191839K(556544K)
[209.703s][info][gc,metaspace   ] GC(546) Metaspace: 35195K(35840K)->35195K(35840K) NonClass: 25988K(26432K)->25988K(26432K) Class: 9207K(9408K)->9207K(9408K)
[209.703s][info][gc             ] GC(546) Pause Young (Allocation Failure) 400M->187M(757M) 0.807ms
[209.703s][info][gc,cpu         ] GC(546) User=0.00s Sys=0.00s Real=0.00s
[210.151s][info][gc,start       ] GC(547) Pause Young (Allocation Failure)
[210.153s][info][gc,heap        ] GC(547) PSYoungGen: 209984K(219136K)->64K(202752K) Eden: 209920K(209920K)->0K(202240K) From: 64K(9216K)->64K(512K)
[210.153s][info][gc,heap        ] GC(547) ParOldGen: 191839K(556544K)->191855K(556544K)
[210.153s][info][gc,metaspace   ] GC(547) Metaspace: 35195K(35840K)->35195K(35840K) NonClass: 25988K(26432K)->25988K(26432K) Class: 9207K(9408K)->9207K(9408K)
[210.153s][info][gc             ] GC(547) Pause Young (Allocation Failure) 392M->187M(741M) 2.317ms
[210.153s][info][gc,cpu         ] GC(547) User=0.01s Sys=0.00s Real=0.00s
[210.454s][info][gc,start       ] GC(548) Pause Young (Allocation Failure)
[210.455s][info][gc,heap        ] GC(548) PSYoungGen: 202304K(202752K)->32K(203264K) Eden: 202240K(202240K)->0K(195072K) From: 64K(512K)->32K(8192K)
[210.455s][info][gc,heap        ] GC(548) ParOldGen: 191855K(556544K)->191863K(556544K)
[210.455s][info][gc,metaspace   ] GC(548) Metaspace: 35195K(35840K)->35195K(35840K) NonClass: 25988K(26432K)->25988K(26432K) Class: 9207K(9408K)->9207K(9408K)
[210.455s][info][gc             ] GC(548) Pause Young (Allocation Failure) 384M->187M(742M) 1.423ms
[210.455s][info][gc,cpu         ] GC(548) User=0.01s Sys=0.00s Real=0.00s
[210.575s][info][gc,start       ] GC(549) Pause Young (Allocation Failure)
[210.577s][info][gc,heap        ] GC(549) PSYoungGen: 195104K(203264K)->64K(188416K) Eden: 195072K(195072K)->0K(187904K) From: 32K(8192K)->64K(512K)
[210.577s][info][gc,heap        ] GC(549) ParOldGen: 191863K(556544K)->191879K(556544K)
[210.577s][info][gc,metaspace   ] GC(549) Metaspace: 35195K(35840K)->35195K(35840K) NonClass: 25988K(26432K)->25988K(26432K) Class: 9207K(9408K)->9207K(9408K)
[210.577s][info][gc             ] GC(549) Pause Young (Allocation Failure) 377M->187M(727M) 1.890ms
[210.577s][info][gc,cpu         ] GC(549) User=0.00s Sys=0.01s Real=0.00s
[210.654s][info][gc,start       ] GC(550) Pause Young (Allocation Failure)
[210.655s][info][gc,heap        ] GC(550) PSYoungGen: 187968K(188416K)->32K(188416K) Eden: 187904K(187904K)->0K(181248K) From: 64K(512K)->32K(7168K)
[210.655s][info][gc,heap        ] GC(550) ParOldGen: 191879K(556544K)->191887K(556544K)
[210.655s][info][gc,metaspace   ] GC(550) Metaspace: 35195K(35840K)->35195K(35840K) NonClass: 25988K(26432K)->25988K(26432K) Class: 9207K(9408K)->9207K(9408K)
[210.655s][info][gc             ] GC(550) Pause Young (Allocation Failure) 370M->187M(727M) 1.200ms
[210.655s][info][gc,cpu         ] GC(550) User=0.00s Sys=0.00s Real=0.00s
[211.108s][info][gc,start       ] GC(551) Pause Young (Allocation Failure)
[211.110s][info][gc,heap        ] GC(551) PSYoungGen: 181280K(188416K)->64K(175616K) Eden: 181248K(181248K)->0K(175104K) From: 32K(7168K)->64K(512K)
[211.110s][info][gc,heap        ] GC(551) ParOldGen: 191887K(556544K)->191903K(556544K)
[211.110s][info][gc,metaspace   ] GC(551) Metaspace: 35195K(35840K)->35195K(35840K) NonClass: 25988K(26432K)->25988K(26432K) Class: 9207K(9408K)->9207K(9408K)
[211.110s][info][gc             ] GC(551) Pause Young (Allocation Failure) 364M->187M(715M) 2.067ms
[211.110s][info][gc,cpu         ] GC(551) User=0.01s Sys=0.00s Real=0.01s
[211.335s][info][gc,start       ] GC(552) Pause Young (Allocation Failure)
[211.337s][info][gc,heap        ] GC(552) PSYoungGen: 175168K(175616K)->64K(175104K) Eden: 175104K(175104K)->0K(168960K) From: 64K(512K)->64K(6144K)
[211.337s][info][gc,heap        ] GC(552) ParOldGen: 191903K(556544K)->191919K(556544K)
[211.337s][info][gc,metaspace   ] GC(552) Metaspace: 35195K(35840K)->35195K(35840K) NonClass: 25988K(26432K)->25988K(26432K) Class: 9207K(9408K)->9207K(9408K)
[211.337s][info][gc             ] GC(552) Pause Young (Allocation Failure) 358M->187M(714M) 1.772ms
[211.337s][info][gc,cpu         ] GC(552) User=0.00s Sys=0.00s Real=0.00s
[211.593s][info][gc,start       ] GC(553) Pause Young (Allocation Failure)
[211.595s][info][gc,heap        ] GC(553) PSYoungGen: 169024K(175104K)->64K(163840K) Eden: 168960K(168960K)->0K(163328K) From: 64K(6144K)->64K(512K)
[211.595s][info][gc,heap        ] GC(553) ParOldGen: 191919K(556544K)->191927K(556544K)
[211.595s][info][gc,metaspace   ] GC(553) Metaspace: 35195K(35840K)->35195K(35840K) NonClass: 25988K(26432K)->25988K(26432K) Class: 9207K(9408K)->9207K(9408K)
[211.595s][info][gc             ] GC(553) Pause Young (Allocation Failure) 352M->187M(703M) 1.991ms
[211.595s][info][gc,cpu         ] GC(553) User=0.00s Sys=0.00s Real=0.00s
[211.857s][info][gc,start       ] GC(554) Pause Young (Allocation Failure)
[211.882s][info][gc,heap        ] GC(554) PSYoungGen: 163392K(163840K)->5120K(201216K) Eden: 163328K(163328K)->0K(196096K) From: 64K(512K)->5120K(5120K)
[211.882s][info][gc,heap        ] GC(554) ParOldGen: 191927K(556544K)->202071K(556544K)
[211.882s][info][gc,metaspace   ] GC(554) Metaspace: 35195K(35840K)->35195K(35840K) NonClass: 25988K(26432K)->25988K(26432K) Class: 9207K(9408K)->9207K(9408K)
[211.882s][info][gc             ] GC(554) Pause Young (Allocation Failure) 346M->202M(740M) 24.882ms
[211.882s][info][gc,cpu         ] GC(554) User=0.04s Sys=0.00s Real=0.03s
[212.172s][info][gc,start       ] GC(555) Pause Young (Allocation Failure)
[212.208s][info][gc,heap        ] GC(555) PSYoungGen: 201216K(201216K)->5120K(225280K) Eden: 196096K(196096K)->0K(220160K) From: 5120K(5120K)->5120K(5120K)
[212.208s][info][gc,heap        ] GC(555) ParOldGen: 202071K(556544K)->219575K(556544K)
[212.208s][info][gc,metaspace   ] GC(555) Metaspace: 35195K(35840K)->35195K(35840K) NonClass: 25988K(26432K)->25988K(26432K) Class: 9207K(9408K)->9207K(9408K)
[212.208s][info][gc             ] GC(555) Pause Young (Allocation Failure) 393M->219M(763M) 36.320ms
[212.208s][info][gc,cpu         ] GC(555) User=0.07s Sys=0.00s Real=0.03s
[212.537s][info][gc,start       ] GC(556) Pause Young (Allocation Failure)
[212.578s][info][gc,heap        ] GC(556) PSYoungGen: 225280K(225280K)->16896K(237056K) Eden: 220160K(220160K)->0K(220160K) From: 5120K(5120K)->16896K(16896K)
[212.578s][info][gc,heap        ] GC(556) ParOldGen: 219575K(556544K)->228175K(556544K)
[212.578s][info][gc,metaspace   ] GC(556) Metaspace: 35195K(35840K)->35195K(35840K) NonClass: 25988K(26432K)->25988K(26432K) Class: 9207K(9408K)->9207K(9408K)
[212.578s][info][gc             ] GC(556) Pause Young (Allocation Failure) 434M->239M(775M) 41.198ms
[212.578s][info][gc,cpu         ] GC(556) User=0.08s Sys=0.00s Real=0.04s
[212.633s][info][gc,start       ] GC(557) Pause Young (Allocation Failure)
[212.636s][info][gc,heap        ] GC(557) PSYoungGen: 237056K(237056K)->64K(286720K) Eden: 220160K(220160K)->0K(264192K) From: 16896K(16896K)->64K(22528K)
[212.636s][info][gc,heap        ] GC(557) ParOldGen: 228175K(556544K)->228399K(556544K)
[212.636s][info][gc,metaspace   ] GC(557) Metaspace: 35195K(35840K)->35195K(35840K) NonClass: 25988K(26432K)->25988K(26432K) Class: 9207K(9408K)->9207K(9408K)
[212.636s][info][gc             ] GC(557) Pause Young (Allocation Failure) 454M->223M(823M) 3.240ms
[212.636s][info][gc,cpu         ] GC(557) User=0.01s Sys=0.00s Real=0.00s
[213.147s][info][gc,start       ] GC(558) Pause Young (Allocation Failure)
[213.148s][info][gc,heap        ] GC(558) PSYoungGen: 264256K(286720K)->64K(287232K) Eden: 264192K(264192K)->0K(264192K) From: 64K(22528K)->64K(23040K)
[213.148s][info][gc,heap        ] GC(558) ParOldGen: 228399K(556544K)->228399K(556544K)
[213.148s][info][gc,metaspace   ] GC(558) Metaspace: 35195K(35840K)->35195K(35840K) NonClass: 25988K(26432K)->25988K(26432K) Class: 9207K(9408K)->9207K(9408K)
[213.148s][info][gc             ] GC(558) Pause Young (Allocation Failure) 481M->223M(824M) 1.082ms
[213.148s][info][gc,cpu         ] GC(558) User=0.00s Sys=0.00s Real=0.00s
[213.658s][info][gc,start       ] GC(559) Pause Young (Allocation Failure)
[213.659s][info][gc,heap        ] GC(559) PSYoungGen: 264256K(287232K)->64K(308736K) Eden: 264192K(264192K)->0K(288256K) From: 64K(23040K)->64K(20480K)
[213.659s][info][gc,heap        ] GC(559) ParOldGen: 228399K(556544K)->228407K(556544K)
[213.659s][info][gc,metaspace   ] GC(559) Metaspace: 35195K(35840K)->35195K(35840K) NonClass: 25988K(26432K)->25988K(26432K) Class: 9207K(9408K)->9207K(9408K)
[213.659s][info][gc             ] GC(559) Pause Young (Allocation Failure) 481M->223M(845M) 1.064ms
[213.659s][info][gc,cpu         ] GC(559) User=0.00s Sys=0.00s Real=0.01s
[214.109s][info][gc,start       ] GC(560) Pause Young (Allocation Failure)
[214.110s][info][gc,heap        ] GC(560) PSYoungGen: 288320K(308736K)->64K(309760K) Eden: 288256K(288256K)->0K(288256K) From: 64K(20480K)->64K(21504K)
[214.110s][info][gc,heap        ] GC(560) ParOldGen: 228407K(556544K)->228423K(556544K)
[214.110s][info][gc,metaspace   ] GC(560) Metaspace: 35195K(35840K)->35195K(35840K) NonClass: 25988K(26432K)->25988K(26432K) Class: 9207K(9408K)->9207K(9408K)
[214.110s][info][gc             ] GC(560) Pause Young (Allocation Failure) 504M->223M(846M) 1.031ms
[214.110s][info][gc,cpu         ] GC(560) User=0.00s Sys=0.00s Real=0.00s
[214.350s][info][gc,start       ] GC(561) Pause Young (Allocation Failure)
[214.351s][info][gc,heap        ] GC(561) PSYoungGen: 288320K(309760K)->64K(310272K) Eden: 288256K(288256K)->0K(291840K) From: 64K(21504K)->64K(18432K)
[214.351s][info][gc,heap        ] GC(561) ParOldGen: 228423K(556544K)->228439K(556544K)
[214.351s][info][gc,metaspace   ] GC(561) Metaspace: 35195K(35840K)->35195K(35840K) NonClass: 25988K(26432K)->25988K(26432K) Class: 9207K(9408K)->9207K(9408K)
[214.351s][info][gc             ] GC(561) Pause Young (Allocation Failure) 504M->223M(846M) 0.960ms
[214.351s][info][gc,cpu         ] GC(561) User=0.00s Sys=0.00s Real=0.00s
[214.594s][info][gc,start       ] GC(562) Pause Young (Allocation Failure)
[214.595s][info][gc,heap        ] GC(562) PSYoungGen: 291904K(310272K)->64K(311296K) Eden: 291840K(291840K)->0K(291840K) From: 64K(18432K)->64K(19456K)
[214.595s][info][gc,heap        ] GC(562) ParOldGen: 228439K(556544K)->228439K(556544K)
[214.595s][info][gc,metaspace   ] GC(562) Metaspace: 35195K(35840K)->35195K(35840K) NonClass: 25988K(26432K)->25988K(26432K) Class: 9207K(9408K)->9207K(9408K)
[214.595s][info][gc             ] GC(562) Pause Young (Allocation Failure) 508M->223M(847M) 0.978ms
[214.595s][info][gc,cpu         ] GC(562) User=0.00s Sys=0.00s Real=0.00s
[214.862s][info][gc,start       ] GC(563) Pause Young (Allocation Failure)
[214.863s][info][gc,heap        ] GC(563) PSYoungGen: 291904K(311296K)->64K(313344K) Eden: 291840K(291840K)->0K(295936K) From: 64K(19456K)->64K(17408K)
[214.863s][info][gc,heap        ] GC(563) ParOldGen: 228439K(556544K)->228439K(556544K)
[214.863s][info][gc,metaspace   ] GC(563) Metaspace: 35195K(35840K)->35195K(35840K) NonClass: 25988K(26432K)->25988K(26432K) Class: 9207K(9408K)->9207K(9408K)
[214.863s][info][gc             ] GC(563) Pause Young (Allocation Failure) 508M->223M(849M) 0.952ms
[214.863s][info][gc,cpu         ] GC(563) User=0.00s Sys=0.00s Real=0.00s
[214.917s][info][gc,start       ] GC(564) Pause Young (Allocation Failure)
[214.918s][info][gc,heap        ] GC(564) PSYoungGen: 296000K(313344K)->64K(313856K) Eden: 295936K(295936K)->0K(295936K) From: 64K(17408K)->64K(17920K)
[214.918s][info][gc,heap        ] GC(564) ParOldGen: 228439K(556544K)->228455K(556544K)
[214.918s][info][gc,metaspace   ] GC(564) Metaspace: 35195K(35840K)->35195K(35840K) NonClass: 25988K(26432K)->25988K(26432K) Class: 9207K(9408K)->9207K(9408K)
[214.918s][info][gc             ] GC(564) Pause Young (Allocation Failure) 512M->223M(850M) 0.965ms
[214.918s][info][gc,cpu         ] GC(564) User=0.00s Sys=0.00s Real=0.00s
[215.053s][info][gc,start       ] GC(565) Pause Young (Allocation Failure)
[215.054s][info][gc,heap        ] GC(565) PSYoungGen: 296000K(313856K)->64K(314368K) Eden: 295936K(295936K)->0K(299008K) From: 64K(17920K)->64K(15360K)
[215.054s][info][gc,heap        ] GC(565) ParOldGen: 228455K(556544K)->228455K(556544K)
[215.054s][info][gc,metaspace   ] GC(565) Metaspace: 35195K(35840K)->35195K(35840K) NonClass: 25988K(26432K)->25988K(26432K) Class: 9207K(9408K)->9207K(9408K)
[215.054s][info][gc             ] GC(565) Pause Young (Allocation Failure) 512M->223M(850M) 1.001ms
[215.054s][info][gc,cpu         ] GC(565) User=0.00s Sys=0.00s Real=0.00s
[215.374s][info][gc,start       ] GC(566) Pause Young (Allocation Failure)
[215.375s][info][gc,heap        ] GC(566) PSYoungGen: 299072K(314368K)->64K(287744K) Eden: 299008K(299008K)->0K(287232K) From: 64K(15360K)->64K(512K)
[215.375s][info][gc,heap        ] GC(566) ParOldGen: 228455K(556544K)->228471K(556544K)
[215.375s][info][gc,metaspace   ] GC(566) Metaspace: 35195K(35840K)->35195K(35840K) NonClass: 25988K(26432K)->25988K(26432K) Class: 9207K(9408K)->9207K(9408K)
[215.375s][info][gc             ] GC(566) Pause Young (Allocation Failure) 515M->223M(824M) 1.105ms
[215.375s][info][gc,cpu         ] GC(566) User=0.00s Sys=0.00s Real=0.00s
[215.547s][info][gc,start       ] GC(567) Pause Young (Allocation Failure)
[215.548s][info][gc,heap        ] GC(567) PSYoungGen: 287296K(287744K)->64K(277504K) Eden: 287232K(287232K)->0K(275968K) From: 64K(512K)->64K(1536K)
[215.548s][info][gc,heap        ] GC(567) ParOldGen: 228471K(556544K)->228471K(556544K)
[215.548s][info][gc,metaspace   ] GC(567) Metaspace: 35195K(35840K)->35195K(35840K) NonClass: 25988K(26432K)->25988K(26432K) Class: 9207K(9408K)->9207K(9408K)
[215.548s][info][gc             ] GC(567) Pause Young (Allocation Failure) 503M->223M(814M) 1.095ms
[215.548s][info][gc,cpu         ] GC(567) User=0.00s Sys=0.00s Real=0.00s
[215.624s][info][gc,start       ] GC(568) Pause Young (Allocation Failure)
[215.625s][info][gc,heap        ] GC(568) PSYoungGen: 276032K(277504K)->64K(265728K) Eden: 275968K(275968K)->0K(265216K) From: 64K(1536K)->64K(512K)
[215.625s][info][gc,heap        ] GC(568) ParOldGen: 228471K(556544K)->228487K(556544K)
[215.625s][info][gc,metaspace   ] GC(568) Metaspace: 35195K(35840K)->35195K(35840K) NonClass: 25988K(26432K)->25988K(26432K) Class: 9207K(9408K)->9207K(9408K)
[215.625s][info][gc             ] GC(568) Pause Young (Allocation Failure) 492M->223M(803M) 0.883ms
[215.625s][info][gc,cpu         ] GC(568) User=0.00s Sys=0.00s Real=0.00s
[215.774s][info][gc,start       ] GC(569) Pause Young (Allocation Failure)
[215.775s][info][gc,heap        ] GC(569) PSYoungGen: 265280K(265728K)->64K(255488K) Eden: 265216K(265216K)->0K(254976K) From: 64K(512K)->64K(512K)
[215.775s][info][gc,heap        ] GC(569) ParOldGen: 228487K(556544K)->228487K(556544K)
[215.775s][info][gc,metaspace   ] GC(569) Metaspace: 35195K(35840K)->35195K(35840K) NonClass: 25988K(26432K)->25988K(26432K) Class: 9207K(9408K)->9207K(9408K)
[215.775s][info][gc             ] GC(569) Pause Young (Allocation Failure) 482M->223M(793M) 1.533ms
[215.775s][info][gc,cpu         ] GC(569) User=0.01s Sys=0.00s Real=0.00s
[216.152s][info][gc,start       ] GC(570) Pause Young (Allocation Failure)
[216.153s][info][gc,heap        ] GC(570) PSYoungGen: 255040K(255488K)->64K(257536K) Eden: 254976K(254976K)->0K(245248K) From: 64K(512K)->64K(12288K)
[216.153s][info][gc,heap        ] GC(570) ParOldGen: 228487K(556544K)->228495K(556544K)
[216.153s][info][gc,metaspace   ] GC(570) Metaspace: 35195K(35840K)->35195K(35840K) NonClass: 25988K(26432K)->25988K(26432K) Class: 9207K(9408K)->9207K(9408K)
[216.153s][info][gc             ] GC(570) Pause Young (Allocation Failure) 472M->223M(795M) 0.845ms
[216.153s][info][gc,cpu         ] GC(570) User=0.00s Sys=0.00s Real=0.00s
[216.740s][info][gc,start       ] GC(571) Pause Young (Allocation Failure)
[216.742s][info][gc,heap        ] GC(571) PSYoungGen: 245312K(257536K)->64K(236544K) Eden: 245248K(245248K)->0K(236032K) From: 64K(12288K)->64K(512K)
[216.742s][info][gc,heap        ] GC(571) ParOldGen: 228495K(556544K)->228503K(556544K)
[216.742s][info][gc,metaspace   ] GC(571) Metaspace: 35195K(35840K)->35195K(35840K) NonClass: 25988K(26432K)->25988K(26432K) Class: 9207K(9408K)->9207K(9408K)
[216.742s][info][gc             ] GC(571) Pause Young (Allocation Failure) 462M->223M(774M) 1.948ms
[216.742s][info][gc,cpu         ] GC(571) User=0.00s Sys=0.00s Real=0.00s
[217.624s][info][gc,start       ] GC(572) Pause Young (Allocation Failure)
[217.624s][info][gc,heap        ] GC(572) PSYoungGen: 236096K(236544K)->64K(237568K) Eden: 236032K(236032K)->0K(226816K) From: 64K(512K)->64K(10752K)
[217.624s][info][gc,heap        ] GC(572) ParOldGen: 228503K(556544K)->228511K(556544K)
[217.624s][info][gc,metaspace   ] GC(572) Metaspace: 35195K(35840K)->35195K(35840K) NonClass: 25988K(26432K)->25988K(26432K) Class: 9207K(9408K)->9207K(9408K)
[217.625s][info][gc             ] GC(572) Pause Young (Allocation Failure) 453M->223M(775M) 0.910ms
[217.625s][info][gc,cpu         ] GC(572) User=0.00s Sys=0.00s Real=0.00s
[217.953s][info][gc,start       ] GC(573) Pause Young (Allocation Failure)
[217.955s][info][gc,heap        ] GC(573) PSYoungGen: 226880K(237568K)->64K(218624K) Eden: 226816K(226816K)->0K(218112K) From: 64K(10752K)->64K(512K)
[217.955s][info][gc,heap        ] GC(573) ParOldGen: 228511K(556544K)->228519K(556544K)
[217.955s][info][gc,metaspace   ] GC(573) Metaspace: 35195K(35840K)->35195K(35840K) NonClass: 25988K(26432K)->25988K(26432K) Class: 9207K(9408K)->9207K(9408K)
[217.955s][info][gc             ] GC(573) Pause Young (Allocation Failure) 444M->223M(757M) 1.537ms
[217.955s][info][gc,cpu         ] GC(573) User=0.00s Sys=0.00s Real=0.00s
[218.448s][info][gc,start       ] GC(574) Pause Young (Allocation Failure)
[218.449s][info][gc,heap        ] GC(574) PSYoungGen: 218176K(218624K)->64K(219136K) Eden: 218112K(218112K)->0K(209920K) From: 64K(512K)->64K(9216K)
[218.449s][info][gc,heap        ] GC(574) ParOldGen: 228519K(556544K)->228527K(556544K)
[218.449s][info][gc,metaspace   ] GC(574) Metaspace: 35195K(35840K)->35195K(35840K) NonClass: 25988K(26432K)->25988K(26432K) Class: 9207K(9408K)->9207K(9408K)
[218.449s][info][gc             ] GC(574) Pause Young (Allocation Failure) 436M->223M(757M) 0.891ms
[218.449s][info][gc,cpu         ] GC(574) User=0.00s Sys=0.00s Real=0.01s
[219.147s][info][gc,start       ] GC(575) Pause Young (Allocation Failure)
[219.149s][info][gc,heap        ] GC(575) PSYoungGen: 209984K(219136K)->64K(202752K) Eden: 209920K(209920K)->0K(202240K) From: 64K(9216K)->64K(512K)
[219.149s][info][gc,heap        ] GC(575) ParOldGen: 228527K(556544K)->228543K(556544K)
[219.149s][info][gc,metaspace   ] GC(575) Metaspace: 35195K(35840K)->35195K(35840K) NonClass: 25988K(26432K)->25988K(26432K) Class: 9207K(9408K)->9207K(9408K)
[219.149s][info][gc             ] GC(575) Pause Young (Allocation Failure) 428M->223M(741M) 2.282ms
[219.149s][info][gc,cpu         ] GC(575) User=0.00s Sys=0.00s Real=0.01s
[219.442s][info][gc,start       ] GC(576) Pause Young (Allocation Failure)
[219.443s][info][gc,heap        ] GC(576) PSYoungGen: 202304K(202752K)->64K(203264K) Eden: 202240K(202240K)->0K(195072K) From: 64K(512K)->64K(8192K)
[219.443s][info][gc,heap        ] GC(576) ParOldGen: 228543K(556544K)->228559K(556544K)
[219.443s][info][gc,metaspace   ] GC(576) Metaspace: 35195K(35840K)->35195K(35840K) NonClass: 25988K(26432K)->25988K(26432K) Class: 9207K(9408K)->9207K(9408K)
[219.443s][info][gc             ] GC(576) Pause Young (Allocation Failure) 420M->223M(742M) 1.442ms
[219.443s][info][gc,cpu         ] GC(576) User=0.01s Sys=0.00s Real=0.00s
[219.570s][info][gc,start       ] GC(577) Pause Young (Allocation Failure)
[219.572s][info][gc,heap        ] GC(577) PSYoungGen: 195136K(203264K)->64K(188416K) Eden: 195072K(195072K)->0K(187904K) From: 64K(8192K)->64K(512K)
[219.572s][info][gc,heap        ] GC(577) ParOldGen: 228559K(556544K)->228575K(556544K)
[219.572s][info][gc,metaspace   ] GC(577) Metaspace: 35195K(35840K)->35195K(35840K) NonClass: 25988K(26432K)->25988K(26432K) Class: 9207K(9408K)->9207K(9408K)
[219.572s][info][gc             ] GC(577) Pause Young (Allocation Failure) 413M->223M(727M) 1.991ms
[219.572s][info][gc,cpu         ] GC(577) User=0.00s Sys=0.00s Real=0.00s
[219.642s][info][gc,start       ] GC(578) Pause Young (Allocation Failure)
[219.643s][info][gc,heap        ] GC(578) PSYoungGen: 187968K(188416K)->64K(188416K) Eden: 187904K(187904K)->0K(181248K) From: 64K(512K)->64K(7168K)
[219.643s][info][gc,heap        ] GC(578) ParOldGen: 228575K(556544K)->228583K(556544K)
[219.643s][info][gc,metaspace   ] GC(578) Metaspace: 35195K(35840K)->35195K(35840K) NonClass: 25988K(26432K)->25988K(26432K) Class: 9207K(9408K)->9207K(9408K)
[219.643s][info][gc             ] GC(578) Pause Young (Allocation Failure) 406M->223M(727M) 1.312ms
[219.643s][info][gc,cpu         ] GC(578) User=0.00s Sys=0.01s Real=0.00s
[220.063s][info][gc,start       ] GC(579) Pause Young (Allocation Failure)
[220.065s][info][gc,heap        ] GC(579) PSYoungGen: 181312K(188416K)->32K(175616K) Eden: 181248K(181248K)->0K(175104K) From: 64K(7168K)->32K(512K)
[220.065s][info][gc,heap        ] GC(579) ParOldGen: 228583K(556544K)->228591K(556544K)
[220.065s][info][gc,metaspace   ] GC(579) Metaspace: 35195K(35840K)->35195K(35840K) NonClass: 25988K(26432K)->25988K(26432K) Class: 9207K(9408K)->9207K(9408K)
[220.065s][info][gc             ] GC(579) Pause Young (Allocation Failure) 400M->223M(715M) 1.911ms
[220.065s][info][gc,cpu         ] GC(579) User=0.00s Sys=0.00s Real=0.00s
[220.319s][info][gc,start       ] GC(580) Pause Young (Allocation Failure)
[220.321s][info][gc,heap        ] GC(580) PSYoungGen: 175136K(175616K)->64K(175104K) Eden: 175104K(175104K)->0K(168960K) From: 32K(512K)->64K(6144K)
[220.321s][info][gc,heap        ] GC(580) ParOldGen: 228591K(556544K)->228599K(556544K)
[220.321s][info][gc,metaspace   ] GC(580) Metaspace: 35195K(35840K)->35195K(35840K) NonClass: 25988K(26432K)->25988K(26432K) Class: 9207K(9408K)->9207K(9408K)
[220.321s][info][gc             ] GC(580) Pause Young (Allocation Failure) 394M->223M(714M) 1.886ms
[220.321s][info][gc,cpu         ] GC(580) User=0.01s Sys=0.00s Real=0.00s
[220.571s][info][gc,start       ] GC(581) Pause Young (Allocation Failure)
[220.573s][info][gc,heap        ] GC(581) PSYoungGen: 169024K(175104K)->64K(163840K) Eden: 168960K(168960K)->0K(163328K) From: 64K(6144K)->64K(512K)
[220.573s][info][gc,heap        ] GC(581) ParOldGen: 228599K(556544K)->228607K(556544K)
[220.573s][info][gc,metaspace   ] GC(581) Metaspace: 35195K(35840K)->35195K(35840K) NonClass: 25988K(26432K)->25988K(26432K) Class: 9207K(9408K)->9207K(9408K)
[220.573s][info][gc             ] GC(581) Pause Young (Allocation Failure) 388M->223M(703M) 2.449ms
[220.573s][info][gc,cpu         ] GC(581) User=0.01s Sys=0.00s Real=0.00s
[220.841s][info][gc,start       ] GC(582) Pause Young (Allocation Failure)
[220.865s][info][gc,heap        ] GC(582) PSYoungGen: 163392K(163840K)->5120K(201216K) Eden: 163328K(163328K)->0K(196096K) From: 64K(512K)->5120K(5120K)
[220.865s][info][gc,heap        ] GC(582) ParOldGen: 228607K(556544K)->237095K(556544K)
[220.865s][info][gc,metaspace   ] GC(582) Metaspace: 35195K(35840K)->35195K(35840K) NonClass: 25988K(26432K)->25988K(26432K) Class: 9207K(9408K)->9207K(9408K)
[220.865s][info][gc             ] GC(582) Pause Young (Allocation Failure) 382M->236M(740M) 23.347ms
[220.865s][info][gc,cpu         ] GC(582) User=0.05s Sys=0.00s Real=0.02s
[221.153s][info][gc,start       ] GC(583) Pause Young (Allocation Failure)
[221.190s][info][gc,heap        ] GC(583) PSYoungGen: 201216K(201216K)->5120K(225792K) Eden: 196096K(196096K)->0K(220672K) From: 5120K(5120K)->5120K(5120K)
[221.190s][info][gc,heap        ] GC(583) ParOldGen: 237095K(556544K)->254559K(556544K)
[221.190s][info][gc,metaspace   ] GC(583) Metaspace: 35195K(35840K)->35195K(35840K) NonClass: 25988K(26432K)->25988K(26432K) Class: 9207K(9408K)->9207K(9408K)
[221.190s][info][gc             ] GC(583) Pause Young (Allocation Failure) 428M->253M(764M) 36.306ms
[221.190s][info][gc,cpu         ] GC(583) User=0.07s Sys=0.00s Real=0.04s
[221.516s][info][gc,start       ] GC(584) Pause Young (Allocation Failure)
[221.556s][info][gc,heap        ] GC(584) PSYoungGen: 225792K(225792K)->16384K(237056K) Eden: 220672K(220672K)->0K(220672K) From: 5120K(5120K)->16384K(16384K)
[221.556s][info][gc,heap        ] GC(584) ParOldGen: 254559K(556544K)->263767K(556544K)
[221.556s][info][gc,metaspace   ] GC(584) Metaspace: 35195K(35840K)->35195K(35840K) NonClass: 25988K(26432K)->25988K(26432K) Class: 9207K(9408K)->9207K(9408K)
[221.556s][info][gc             ] GC(584) Pause Young (Allocation Failure) 469M->273M(775M) 40.572ms
[221.556s][info][gc,cpu         ] GC(584) User=0.08s Sys=0.00s Real=0.04s
[221.626s][info][gc,start       ] GC(585) Pause Young (Allocation Failure)
[221.633s][info][gc,heap        ] GC(585) PSYoungGen: 237056K(237056K)->1600K(286720K) Eden: 220672K(220672K)->0K(265216K) From: 16384K(16384K)->1600K(21504K)
[221.633s][info][gc,heap        ] GC(585) ParOldGen: 263767K(556544K)->264007K(556544K)
[221.633s][info][gc,metaspace   ] GC(585) Metaspace: 35195K(35840K)->35195K(35840K) NonClass: 25988K(26432K)->25988K(26432K) Class: 9207K(9408K)->9207K(9408K)
[221.633s][info][gc             ] GC(585) Pause Young (Allocation Failure) 489M->259M(823M) 6.525ms
[221.633s][info][gc,cpu         ] GC(585) User=0.02s Sys=0.00s Real=0.01s
[222.117s][info][gc,start       ] GC(586) Pause Young (Allocation Failure)
[222.119s][info][gc,heap        ] GC(586) PSYoungGen: 266816K(286720K)->64K(287744K) Eden: 265216K(265216K)->0K(265216K) From: 1600K(21504K)->64K(22528K)
[222.119s][info][gc,heap        ] GC(586) ParOldGen: 264007K(556544K)->264015K(556544K)
[222.119s][info][gc,metaspace   ] GC(586) Metaspace: 35195K(35840K)->35195K(35840K) NonClass: 25988K(26432K)->25988K(26432K) Class: 9207K(9408K)->9207K(9408K)
[222.119s][info][gc             ] GC(586) Pause Young (Allocation Failure) 518M->257M(824M) 1.269ms
[222.119s][info][gc,cpu         ] GC(586) User=0.00s Sys=0.00s Real=0.01s
[222.650s][info][gc,start       ] GC(587) Pause Young (Allocation Failure)
[222.651s][info][gc,heap        ] GC(587) PSYoungGen: 265280K(287744K)->64K(310272K) Eden: 265216K(265216K)->0K(289792K) From: 64K(22528K)->64K(20480K)
[222.651s][info][gc,heap        ] GC(587) ParOldGen: 264015K(556544K)->264023K(556544K)
[222.651s][info][gc,metaspace   ] GC(587) Metaspace: 35195K(35840K)->35195K(35840K) NonClass: 25988K(26432K)->25988K(26432K) Class: 9207K(9408K)->9207K(9408K)
[222.651s][info][gc             ] GC(587) Pause Young (Allocation Failure) 516M->257M(846M) 1.201ms
[222.651s][info][gc,cpu         ] GC(587) User=0.00s Sys=0.00s Real=0.00s
[223.109s][info][gc,start       ] GC(588) Pause Young (Allocation Failure)
[223.111s][info][gc,heap        ] GC(588) PSYoungGen: 289856K(310272K)->64K(310784K) Eden: 289792K(289792K)->0K(289792K) From: 64K(20480K)->64K(20992K)
[223.111s][info][gc,heap        ] GC(588) ParOldGen: 264023K(556544K)->264039K(556544K)
[223.111s][info][gc,metaspace   ] GC(588) Metaspace: 35195K(35840K)->35195K(35840K) NonClass: 25988K(26432K)->25988K(26432K) Class: 9207K(9408K)->9207K(9408K)
[223.111s][info][gc             ] GC(588) Pause Young (Allocation Failure) 540M->257M(847M) 1.320ms
[223.111s][info][gc,cpu         ] GC(588) User=0.00s Sys=0.00s Real=0.00s
[223.355s][info][gc,start       ] GC(589) Pause Young (Allocation Failure)
[223.356s][info][gc,heap        ] GC(589) PSYoungGen: 289856K(310784K)->64K(312320K) Eden: 289792K(289792K)->0K(292864K) From: 64K(20992K)->64K(19456K)
[223.356s][info][gc,heap        ] GC(589) ParOldGen: 264039K(556544K)->264055K(556544K)
[223.356s][info][gc,metaspace   ] GC(589) Metaspace: 35195K(35840K)->35195K(35840K) NonClass: 25988K(26432K)->25988K(26432K) Class: 9207K(9408K)->9207K(9408K)
[223.356s][info][gc             ] GC(589) Pause Young (Allocation Failure) 540M->257M(848M) 1.295ms
[223.356s][info][gc,cpu         ] GC(589) User=0.01s Sys=0.00s Real=0.00s
[223.599s][info][gc,start       ] GC(590) Pause Young (Allocation Failure)
[223.601s][info][gc,heap        ] GC(590) PSYoungGen: 292928K(312320K)->64K(312320K) Eden: 292864K(292864K)->0K(292864K) From: 64K(19456K)->64K(19456K)
[223.601s][info][gc,heap        ] GC(590) ParOldGen: 264055K(556544K)->264055K(556544K)
[223.601s][info][gc,metaspace   ] GC(590) Metaspace: 35195K(35840K)->35195K(35840K) NonClass: 25988K(26432K)->25988K(26432K) Class: 9207K(9408K)->9207K(9408K)
[223.601s][info][gc             ] GC(590) Pause Young (Allocation Failure) 543M->257M(848M) 1.269ms
[223.601s][info][gc,cpu         ] GC(590) User=0.00s Sys=0.00s Real=0.00s
[223.872s][info][gc,start       ] GC(591) Pause Young (Allocation Failure)
[223.874s][info][gc,heap        ] GC(591) PSYoungGen: 292928K(312320K)->64K(313344K) Eden: 292864K(292864K)->0K(295936K) From: 64K(19456K)->64K(17408K)
[223.874s][info][gc,heap        ] GC(591) ParOldGen: 264055K(556544K)->264055K(556544K)
[223.874s][info][gc,metaspace   ] GC(591) Metaspace: 35195K(35840K)->35195K(35840K) NonClass: 25988K(26432K)->25988K(26432K) Class: 9207K(9408K)->9207K(9408K)
[223.874s][info][gc             ] GC(591) Pause Young (Allocation Failure) 543M->257M(849M) 1.684ms
[223.874s][info][gc,cpu         ] GC(591) User=0.00s Sys=0.00s Real=0.00s
[223.927s][info][gc,start       ] GC(592) Pause Young (Allocation Failure)
[223.928s][info][gc,heap        ] GC(592) PSYoungGen: 296000K(313344K)->32K(313344K) Eden: 295936K(295936K)->0K(295936K) From: 64K(17408K)->32K(17408K)
[223.928s][info][gc,heap        ] GC(592) ParOldGen: 264055K(556544K)->264071K(556544K)
[223.928s][info][gc,metaspace   ] GC(592) Metaspace: 35195K(35840K)->35195K(35840K) NonClass: 25988K(26432K)->25988K(26432K) Class: 9207K(9408K)->9207K(9408K)
[223.928s][info][gc             ] GC(592) Pause Young (Allocation Failure) 546M->257M(849M) 1.579ms
[223.929s][info][gc,cpu         ] GC(592) User=0.00s Sys=0.00s Real=0.00s
[224.059s][info][gc,start       ] GC(593) Pause Young (Allocation Failure)
[224.060s][info][gc,heap        ] GC(593) PSYoungGen: 295968K(313344K)->64K(315392K) Eden: 295936K(295936K)->0K(300032K) From: 32K(17408K)->64K(15360K)
[224.060s][info][gc,heap        ] GC(593) ParOldGen: 264071K(556544K)->264071K(556544K)
[224.060s][info][gc,metaspace   ] GC(593) Metaspace: 35195K(35840K)->35195K(35840K) NonClass: 25988K(26432K)->25988K(26432K) Class: 9207K(9408K)->9207K(9408K)
[224.060s][info][gc             ] GC(593) Pause Young (Allocation Failure) 546M->257M(851M) 1.763ms
[224.060s][info][gc,cpu         ] GC(593) User=0.00s Sys=0.00s Real=0.00s
[224.382s][info][gc,start       ] GC(594) Pause Young (Allocation Failure)
[224.383s][info][gc,heap        ] GC(594) PSYoungGen: 300096K(315392K)->32K(315392K) Eden: 300032K(300032K)->0K(300032K) From: 64K(15360K)->32K(15360K)
[224.383s][info][gc,heap        ] GC(594) ParOldGen: 264071K(556544K)->264079K(556544K)
[224.383s][info][gc,metaspace   ] GC(594) Metaspace: 35195K(35840K)->35195K(35840K) NonClass: 25988K(26432K)->25988K(26432K) Class: 9207K(9408K)->9207K(9408K)
[224.383s][info][gc             ] GC(594) Pause Young (Allocation Failure) 550M->257M(851M) 1.478ms
[224.383s][info][gc,cpu         ] GC(594) User=0.00s Sys=0.00s Real=0.00s
[224.562s][info][gc,start       ] GC(595) Pause Young (Allocation Failure)
[224.564s][info][gc,heap        ] GC(595) PSYoungGen: 300064K(315392K)->64K(316928K) Eden: 300032K(300032K)->0K(303616K) From: 32K(15360K)->64K(13312K)
[224.564s][info][gc,heap        ] GC(595) ParOldGen: 264079K(556544K)->264079K(556544K)
[224.564s][info][gc,metaspace   ] GC(595) Metaspace: 35195K(35840K)->35195K(35840K) NonClass: 25988K(26432K)->25988K(26432K) Class: 9207K(9408K)->9207K(9408K)
[224.564s][info][gc             ] GC(595) Pause Young (Allocation Failure) 550M->257M(853M) 2.512ms
[224.564s][info][gc,cpu         ] GC(595) User=0.00s Sys=0.00s Real=0.00s
[224.655s][info][gc,start       ] GC(596) Pause Young (Allocation Failure)
[224.657s][info][gc,heap        ] GC(596) PSYoungGen: 303680K(316928K)->32K(317440K) Eden: 303616K(303616K)->0K(303616K) From: 64K(13312K)->32K(13824K)
[224.657s][info][gc,heap        ] GC(596) ParOldGen: 264079K(556544K)->264095K(556544K)
[224.657s][info][gc,metaspace   ] GC(596) Metaspace: 35195K(35840K)->35195K(35840K) NonClass: 25988K(26432K)->25988K(26432K) Class: 9207K(9408K)->9207K(9408K)
[224.657s][info][gc             ] GC(596) Pause Young (Allocation Failure) 554M->257M(853M) 1.984ms
[224.657s][info][gc,cpu         ] GC(596) User=0.00s Sys=0.00s Real=0.00s
[224.842s][info][gc,start       ] GC(597) Pause Young (Allocation Failure)
[224.843s][info][gc,heap        ] GC(597) PSYoungGen: 303648K(317440K)->64K(319488K) Eden: 303616K(303616K)->0K(307200K) From: 32K(13824K)->64K(12288K)
[224.843s][info][gc,heap        ] GC(597) ParOldGen: 264095K(556544K)->264095K(556544K)
[224.843s][info][gc,metaspace   ] GC(597) Metaspace: 35195K(35840K)->35195K(35840K) NonClass: 25988K(26432K)->25988K(26432K) Class: 9207K(9408K)->9207K(9408K)
[224.843s][info][gc             ] GC(597) Pause Young (Allocation Failure) 554M->257M(855M) 1.272ms
[224.843s][info][gc,cpu         ] GC(597) User=0.00s Sys=0.00s Real=0.00s
[225.741s][info][gc,start       ] GC(598) Pause Young (Allocation Failure)
[225.742s][info][gc,heap        ] GC(598) PSYoungGen: 307264K(319488K)->83K(295424K) Eden: 307200K(307200K)->0K(294912K) From: 64K(12288K)->83K(512K)
[225.742s][info][gc,heap        ] GC(598) ParOldGen: 264095K(556544K)->264103K(556544K)
[225.742s][info][gc,metaspace   ] GC(598) Metaspace: 35195K(35840K)->35195K(35840K) NonClass: 25988K(26432K)->25988K(26432K) Class: 9207K(9408K)->9207K(9408K)
[225.742s][info][gc             ] GC(598) Pause Young (Allocation Failure) 557M->257M(832M) 1.107ms
[225.742s][info][gc,cpu         ] GC(598) User=0.00s Sys=0.00s Real=0.00s
[226.581s][info][gc,start       ] GC(599) Pause Young (Allocation Failure)
[226.582s][info][gc,heap        ] GC(599) PSYoungGen: 294995K(295424K)->64K(283648K) Eden: 294912K(294912K)->0K(283136K) From: 83K(512K)->64K(512K)
[226.582s][info][gc,heap        ] GC(599) ParOldGen: 264103K(556544K)->264111K(556544K)
[226.582s][info][gc,metaspace   ] GC(599) Metaspace: 35195K(35840K)->35195K(35840K) NonClass: 25988K(26432K)->25988K(26432K) Class: 9207K(9408K)->9207K(9408K)
[226.582s][info][gc             ] GC(599) Pause Young (Allocation Failure) 545M->257M(820M) 1.157ms
[226.582s][info][gc,cpu         ] GC(599) User=0.00s Sys=0.00s Real=0.00s
[226.967s][info][gc,start       ] GC(600) Pause Young (Allocation Failure)
[226.968s][info][gc,heap        ] GC(600) PSYoungGen: 283200K(283648K)->64K(282624K) Eden: 283136K(283136K)->0K(271872K) From: 64K(512K)->64K(10752K)
[226.968s][info][gc,heap        ] GC(600) ParOldGen: 264111K(556544K)->264119K(556544K)
[226.968s][info][gc,metaspace   ] GC(600) Metaspace: 35195K(35840K)->35195K(35840K) NonClass: 25988K(26432K)->25988K(26432K) Class: 9207K(9408K)->9207K(9408K)
[226.968s][info][gc             ] GC(600) Pause Young (Allocation Failure) 534M->257M(819M) 1.021ms
[226.968s][info][gc,cpu         ] GC(600) User=0.00s Sys=0.00s Real=0.00s
[228.007s][info][gc,start       ] GC(601) Pause Young (Allocation Failure)
[228.008s][info][gc,heap        ] GC(601) PSYoungGen: 271936K(282624K)->64K(261632K) Eden: 271872K(271872K)->0K(261120K) From: 64K(10752K)->64K(512K)
[228.008s][info][gc,heap        ] GC(601) ParOldGen: 264119K(556544K)->264127K(556544K)
[228.008s][info][gc,metaspace   ] GC(601) Metaspace: 35195K(35840K)->35195K(35840K) NonClass: 25988K(26432K)->25988K(26432K) Class: 9207K(9408K)->9207K(9408K)
[228.008s][info][gc             ] GC(601) Pause Young (Allocation Failure) 523M->257M(799M) 1.565ms
[228.008s][info][gc,cpu         ] GC(601) User=0.00s Sys=0.00s Real=0.00s
[228.392s][info][gc,start       ] GC(602) Pause Young (Allocation Failure)
[228.393s][info][gc,heap        ] GC(602) PSYoungGen: 261184K(261632K)->64K(260096K) Eden: 261120K(261120K)->0K(250880K) From: 64K(512K)->64K(9216K)
[228.393s][info][gc,heap        ] GC(602) ParOldGen: 264127K(556544K)->264135K(556544K)
[228.393s][info][gc,metaspace   ] GC(602) Metaspace: 35195K(35840K)->35195K(35840K) NonClass: 25988K(26432K)->25988K(26432K) Class: 9207K(9408K)->9207K(9408K)
[228.393s][info][gc             ] GC(602) Pause Young (Allocation Failure) 512M->258M(797M) 0.984ms
[228.393s][info][gc,cpu         ] GC(602) User=0.00s Sys=0.00s Real=0.00s
[228.582s][info][gc,start       ] GC(603) Pause Young (Allocation Failure)
[228.583s][info][gc,heap        ] GC(603) PSYoungGen: 250944K(260096K)->64K(241664K) Eden: 250880K(250880K)->0K(241152K) From: 64K(9216K)->64K(512K)
[228.583s][info][gc,heap        ] GC(603) ParOldGen: 264135K(556544K)->264143K(556544K)
[228.583s][info][gc,metaspace   ] GC(603) Metaspace: 35195K(35840K)->35195K(35840K) NonClass: 25988K(26432K)->25988K(26432K) Class: 9207K(9408K)->9207K(9408K)
[228.583s][info][gc             ] GC(603) Pause Young (Allocation Failure) 503M->258M(779M) 1.508ms
[228.583s][info][gc,cpu         ] GC(603) User=0.00s Sys=0.00s Real=0.00s
[228.669s][info][gc,start       ] GC(604) Pause Young (Allocation Failure)
[228.670s][info][gc,heap        ] GC(604) PSYoungGen: 241216K(241664K)->32K(240128K) Eden: 241152K(241152K)->0K(231936K) From: 64K(512K)->32K(8192K)
[228.670s][info][gc,heap        ] GC(604) ParOldGen: 264143K(556544K)->264151K(556544K)
[228.670s][info][gc,metaspace   ] GC(604) Metaspace: 35195K(35840K)->35195K(35840K) NonClass: 25988K(26432K)->25988K(26432K) Class: 9207K(9408K)->9207K(9408K)
[228.670s][info][gc             ] GC(604) Pause Young (Allocation Failure) 493M->257M(778M) 1.621ms
[228.670s][info][gc,cpu         ] GC(604) User=0.00s Sys=0.00s Real=0.00s
[229.240s][info][gc,start       ] GC(605) Pause Young (Allocation Failure)
[229.242s][info][gc,heap        ] GC(605) PSYoungGen: 231968K(240128K)->64K(223744K) Eden: 231936K(231936K)->0K(223232K) From: 32K(8192K)->64K(512K)
[229.242s][info][gc,heap        ] GC(605) ParOldGen: 264151K(556544K)->264159K(556544K)
[229.242s][info][gc,metaspace   ] GC(605) Metaspace: 35195K(35840K)->35195K(35840K) NonClass: 25988K(26432K)->25988K(26432K) Class: 9207K(9408K)->9207K(9408K)
[229.242s][info][gc             ] GC(605) Pause Young (Allocation Failure) 484M->258M(762M) 1.767ms
[229.242s][info][gc,cpu         ] GC(605) User=0.00s Sys=0.00s Real=0.00s
[229.477s][info][gc,start       ] GC(606) Pause Young (Allocation Failure)
[229.478s][info][gc,heap        ] GC(606) PSYoungGen: 223296K(223744K)->64K(222208K) Eden: 223232K(223232K)->0K(215040K) From: 64K(512K)->64K(7168K)
[229.478s][info][gc,heap        ] GC(606) ParOldGen: 264159K(556544K)->264167K(556544K)
[229.478s][info][gc,metaspace   ] GC(606) Metaspace: 35195K(35840K)->35195K(35840K) NonClass: 25988K(26432K)->25988K(26432K) Class: 9207K(9408K)->9207K(9408K)
[229.478s][info][gc             ] GC(606) Pause Young (Allocation Failure) 476M->258M(760M) 0.869ms
[229.478s][info][gc,cpu         ] GC(606) User=0.00s Sys=0.00s Real=0.00s
[229.811s][info][gc,start       ] GC(607) Pause Young (Allocation Failure)
[229.830s][info][gc,heap        ] GC(607) PSYoungGen: 215104K(222208K)->6656K(264704K) Eden: 215040K(215040K)->0K(258048K) From: 64K(7168K)->6656K(6656K)
[229.830s][info][gc,heap        ] GC(607) ParOldGen: 264167K(556544K)->269895K(556544K)
[229.830s][info][gc,metaspace   ] GC(607) Metaspace: 35195K(35840K)->35195K(35840K) NonClass: 25988K(26432K)->25988K(26432K) Class: 9207K(9408K)->9207K(9408K)
[229.830s][info][gc             ] GC(607) Pause Young (Allocation Failure) 468M->270M(802M) 19.019ms
[229.830s][info][gc,cpu         ] GC(607) User=0.03s Sys=0.00s Real=0.02s
[230.167s][info][gc,start       ] GC(608) Pause Young (Allocation Failure)
[230.214s][info][gc,heap        ] GC(608) PSYoungGen: 264704K(264704K)->10240K(273920K) Eden: 258048K(258048K)->0K(263680K) From: 6656K(6656K)->10240K(10240K)
[230.214s][info][gc,heap        ] GC(608) ParOldGen: 269895K(556544K)->289215K(556544K)
[230.214s][info][gc,metaspace   ] GC(608) Metaspace: 35195K(35840K)->35195K(35840K) NonClass: 25988K(26432K)->25988K(26432K) Class: 9207K(9408K)->9207K(9408K)
[230.214s][info][gc             ] GC(608) Pause Young (Allocation Failure) 522M->292M(811M) 47.020ms
[230.214s][info][gc,cpu         ] GC(608) User=0.09s Sys=0.00s Real=0.05s
[230.472s][info][gc,start       ] GC(609) Pause Young (Allocation Failure)
[230.517s][info][gc,heap        ] GC(609) PSYoungGen: 273920K(273920K)->19968K(304640K) Eden: 263680K(263680K)->0K(284672K) From: 10240K(10240K)->19968K(19968K)
[230.517s][info][gc,heap        ] GC(609) ParOldGen: 289215K(556544K)->290607K(556544K)
[230.517s][info][gc,metaspace   ] GC(609) Metaspace: 35195K(35840K)->35195K(35840K) NonClass: 25988K(26432K)->25988K(26432K) Class: 9207K(9408K)->9207K(9408K)
[230.517s][info][gc             ] GC(609) Pause Young (Allocation Failure) 549M->303M(841M) 45.166ms
[230.517s][info][gc,cpu         ] GC(609) User=0.08s Sys=0.02s Real=0.04s
[230.734s][info][gc,start       ] GC(610) Pause Young (Allocation Failure)
[230.736s][info][gc,heap        ] GC(610) PSYoungGen: 304640K(304640K)->64K(309248K) Eden: 284672K(284672K)->0K(284672K) From: 19968K(19968K)->64K(24576K)
[230.736s][info][gc,heap        ] GC(610) ParOldGen: 290607K(556544K)->290639K(556544K)
[230.736s][info][gc,metaspace   ] GC(610) Metaspace: 35195K(35840K)->35195K(35840K) NonClass: 25988K(26432K)->25988K(26432K) Class: 9207K(9408K)->9207K(9408K)
[230.736s][info][gc             ] GC(610) Pause Young (Allocation Failure) 581M->283M(845M) 1.460ms
[230.736s][info][gc,cpu         ] GC(610) User=0.01s Sys=0.00s Real=0.00s
[231.414s][info][gc,start       ] GC(611) Pause Young (Allocation Failure)
[231.415s][info][gc,heap        ] GC(611) PSYoungGen: 284736K(309248K)->64K(307200K) Eden: 284672K(284672K)->0K(285696K) From: 64K(24576K)->64K(21504K)
[231.415s][info][gc,heap        ] GC(611) ParOldGen: 290639K(556544K)->290647K(556544K)
[231.416s][info][gc,metaspace   ] GC(611) Metaspace: 35195K(35840K)->35195K(35840K) NonClass: 25988K(26432K)->25988K(26432K) Class: 9207K(9408K)->9207K(9408K)
[231.416s][info][gc             ] GC(611) Pause Young (Allocation Failure) 561M->283M(843M) 1.355ms
[231.416s][info][gc,cpu         ] GC(611) User=0.00s Sys=0.00s Real=0.00s
[231.878s][info][gc,start       ] GC(612) Pause Young (Allocation Failure)
[231.879s][info][gc,heap        ] GC(612) PSYoungGen: 285760K(307200K)->64K(308736K) Eden: 285696K(285696K)->0K(285696K) From: 64K(21504K)->64K(23040K)
[231.879s][info][gc,heap        ] GC(612) ParOldGen: 290647K(556544K)->290663K(556544K)
[231.879s][info][gc,metaspace   ] GC(612) Metaspace: 35195K(35840K)->35195K(35840K) NonClass: 25988K(26432K)->25988K(26432K) Class: 9207K(9408K)->9207K(9408K)
[231.879s][info][gc             ] GC(612) Pause Young (Allocation Failure) 562M->283M(845M) 1.148ms
[231.879s][info][gc,cpu         ] GC(612) User=0.01s Sys=0.00s Real=0.01s
[232.112s][info][gc,start       ] GC(613) Pause Young (Allocation Failure)
[232.113s][info][gc,heap        ] GC(613) PSYoungGen: 285760K(308736K)->64K(308224K) Eden: 285696K(285696K)->0K(288768K) From: 64K(23040K)->64K(19456K)
[232.113s][info][gc,heap        ] GC(613) ParOldGen: 290663K(556544K)->290679K(556544K)
[232.113s][info][gc,metaspace   ] GC(613) Metaspace: 35195K(35840K)->35195K(35840K) NonClass: 25988K(26432K)->25988K(26432K) Class: 9207K(9408K)->9207K(9408K)
[232.113s][info][gc             ] GC(613) Pause Young (Allocation Failure) 562M->283M(844M) 1.186ms
[232.113s][info][gc,cpu         ] GC(613) User=0.00s Sys=0.00s Real=0.00s
[232.351s][info][gc,start       ] GC(614) Pause Young (Allocation Failure)
[232.352s][info][gc,heap        ] GC(614) PSYoungGen: 288832K(308224K)->64K(309760K) Eden: 288768K(288768K)->0K(288768K) From: 64K(19456K)->64K(20992K)
[232.352s][info][gc,heap        ] GC(614) ParOldGen: 290679K(556544K)->290679K(556544K)
[232.352s][info][gc,metaspace   ] GC(614) Metaspace: 35195K(35840K)->35195K(35840K) NonClass: 25988K(26432K)->25988K(26432K) Class: 9207K(9408K)->9207K(9408K)
[232.352s][info][gc             ] GC(614) Pause Young (Allocation Failure) 565M->283M(846M) 1.129ms
[232.352s][info][gc,cpu         ] GC(614) User=0.00s Sys=0.00s Real=0.00s
[232.689s][info][gc,start       ] GC(615) Pause Young (Allocation Failure)
[232.690s][info][gc,heap        ] GC(615) PSYoungGen: 288832K(309760K)->64K(310272K) Eden: 288768K(288768K)->0K(292864K) From: 64K(20992K)->64K(17408K)
[232.690s][info][gc,heap        ] GC(615) ParOldGen: 290679K(556544K)->290679K(556544K)
[232.690s][info][gc,metaspace   ] GC(615) Metaspace: 35195K(35840K)->35195K(35840K) NonClass: 25988K(26432K)->25988K(26432K) Class: 9207K(9408K)->9207K(9408K)
[232.690s][info][gc             ] GC(615) Pause Young (Allocation Failure) 565M->283M(846M) 1.149ms
[232.690s][info][gc,cpu         ] GC(615) User=0.00s Sys=0.00s Real=0.00s
[232.743s][info][gc,start       ] GC(616) Pause Young (Allocation Failure)
[232.744s][info][gc,heap        ] GC(616) PSYoungGen: 292928K(310272K)->64K(311808K) Eden: 292864K(292864K)->0K(292864K) From: 64K(17408K)->64K(18944K)
[232.744s][info][gc,heap        ] GC(616) ParOldGen: 290679K(556544K)->290695K(556544K)
[232.744s][info][gc,metaspace   ] GC(616) Metaspace: 35195K(35840K)->35195K(35840K) NonClass: 25988K(26432K)->25988K(26432K) Class: 9207K(9408K)->9207K(9408K)
[232.744s][info][gc             ] GC(616) Pause Young (Allocation Failure) 569M->283M(848M) 1.054ms
[232.744s][info][gc,cpu         ] GC(616) User=0.00s Sys=0.00s Real=0.00s
[232.794s][info][gc,start       ] GC(617) Pause Young (Allocation Failure)
[232.795s][info][gc,heap        ] GC(617) PSYoungGen: 292928K(311808K)->64K(312320K) Eden: 292864K(292864K)->0K(296960K) From: 64K(18944K)->64K(15360K)
[232.795s][info][gc,heap        ] GC(617) ParOldGen: 290695K(556544K)->290695K(556544K)
[232.795s][info][gc,metaspace   ] GC(617) Metaspace: 35195K(35840K)->35195K(35840K) NonClass: 25988K(26432K)->25988K(26432K) Class: 9207K(9408K)->9207K(9408K)
[232.795s][info][gc             ] GC(617) Pause Young (Allocation Failure) 569M->283M(848M) 1.055ms
[232.795s][info][gc,cpu         ] GC(617) User=0.00s Sys=0.01s Real=0.00s
[233.092s][info][gc,start       ] GC(618) Pause Young (Allocation Failure)
[233.093s][info][gc,heap        ] GC(618) PSYoungGen: 297024K(312320K)->64K(313856K) Eden: 296960K(296960K)->0K(296960K) From: 64K(15360K)->64K(16896K)
[233.093s][info][gc,heap        ] GC(618) ParOldGen: 290695K(556544K)->290695K(556544K)
[233.093s][info][gc,metaspace   ] GC(618) Metaspace: 35195K(35840K)->35195K(35840K) NonClass: 25988K(26432K)->25988K(26432K) Class: 9207K(9408K)->9207K(9408K)
[233.093s][info][gc             ] GC(618) Pause Young (Allocation Failure) 573M->283M(850M) 1.102ms
[233.093s][info][gc,cpu         ] GC(618) User=0.00s Sys=0.00s Real=0.00s
[233.348s][info][gc,start       ] GC(619) Pause Young (Allocation Failure)
[233.349s][info][gc,heap        ] GC(619) PSYoungGen: 297024K(313856K)->64K(314368K) Eden: 296960K(296960K)->0K(300544K) From: 64K(16896K)->64K(13824K)
[233.349s][info][gc,heap        ] GC(619) ParOldGen: 290695K(556544K)->290703K(556544K)
[233.349s][info][gc,metaspace   ] GC(619) Metaspace: 35195K(35840K)->35195K(35840K) NonClass: 25988K(26432K)->25988K(26432K) Class: 9207K(9408K)->9207K(9408K)
[233.349s][info][gc             ] GC(619) Pause Young (Allocation Failure) 573M->283M(850M) 1.156ms
[233.349s][info][gc,cpu         ] GC(619) User=0.01s Sys=0.00s Real=0.01s
[233.445s][info][gc,start       ] GC(620) Pause Young (Allocation Failure)
[233.447s][info][gc,heap        ] GC(620) PSYoungGen: 300608K(314368K)->64K(315904K) Eden: 300544K(300544K)->0K(300544K) From: 64K(13824K)->64K(15360K)
[233.447s][info][gc,heap        ] GC(620) ParOldGen: 290703K(556544K)->290711K(556544K)
[233.447s][info][gc,metaspace   ] GC(620) Metaspace: 35195K(35840K)->35195K(35840K) NonClass: 25988K(26432K)->25988K(26432K) Class: 9207K(9408K)->9207K(9408K)
[233.447s][info][gc             ] GC(620) Pause Young (Allocation Failure) 577M->283M(852M) 1.270ms
[233.447s][info][gc,cpu         ] GC(620) User=0.00s Sys=0.00s Real=0.00s
[233.588s][info][gc,start       ] GC(621) Pause Young (Allocation Failure)
[233.590s][info][gc,heap        ] GC(621) PSYoungGen: 300608K(315904K)->64K(288768K) Eden: 300544K(300544K)->0K(288256K) From: 64K(15360K)->64K(512K)
[233.590s][info][gc,heap        ] GC(621) ParOldGen: 290711K(556544K)->290719K(556544K)
[233.590s][info][gc,metaspace   ] GC(621) Metaspace: 35195K(35840K)->35195K(35840K) NonClass: 25988K(26432K)->25988K(26432K) Class: 9207K(9408K)->9207K(9408K)
[233.590s][info][gc             ] GC(621) Pause Young (Allocation Failure) 577M->283M(825M) 1.819ms
[233.590s][info][gc,cpu         ] GC(621) User=0.00s Sys=0.00s Real=0.01s
[233.977s][info][gc,start       ] GC(622) Pause Young (Allocation Failure)
[233.978s][info][gc,heap        ] GC(622) PSYoungGen: 288320K(288768K)->64K(290304K) Eden: 288256K(288256K)->0K(276992K) From: 64K(512K)->64K(13312K)
[233.978s][info][gc,heap        ] GC(622) ParOldGen: 290719K(556544K)->290727K(556544K)
[233.978s][info][gc,metaspace   ] GC(622) Metaspace: 35195K(35840K)->35195K(35840K) NonClass: 25988K(26432K)->25988K(26432K) Class: 9207K(9408K)->9207K(9408K)
[233.978s][info][gc             ] GC(622) Pause Young (Allocation Failure) 565M->283M(827M) 1.102ms
[233.978s][info][gc,cpu         ] GC(622) User=0.00s Sys=0.00s Real=0.00s
[234.588s][info][gc,start       ] GC(623) Pause Young (Allocation Failure)
[234.590s][info][gc,heap        ] GC(623) PSYoungGen: 277056K(290304K)->83K(266752K) Eden: 276992K(276992K)->0K(266240K) From: 64K(13312K)->83K(512K)
[234.590s][info][gc,heap        ] GC(623) ParOldGen: 290727K(556544K)->290735K(556544K)
[234.590s][info][gc,metaspace   ] GC(623) Metaspace: 35195K(35840K)->35195K(35840K) NonClass: 25988K(26432K)->25988K(26432K) Class: 9207K(9408K)->9207K(9408K)
[234.590s][info][gc             ] GC(623) Pause Young (Allocation Failure) 554M->284M(804M) 1.794ms
[234.590s][info][gc,cpu         ] GC(623) User=0.00s Sys=0.00s Real=0.01s
[235.526s][info][gc,start       ] GC(624) Pause Young (Allocation Failure)
[235.527s][info][gc,heap        ] GC(624) PSYoungGen: 266323K(266752K)->64K(267776K) Eden: 266240K(266240K)->0K(256000K) From: 83K(512K)->64K(11776K)
[235.527s][info][gc,heap        ] GC(624) ParOldGen: 290735K(556544K)->290743K(556544K)
[235.527s][info][gc,metaspace   ] GC(624) Metaspace: 35195K(35840K)->35195K(35840K) NonClass: 25988K(26432K)->25988K(26432K) Class: 9207K(9408K)->9207K(9408K)
[235.527s][info][gc             ] GC(624) Pause Young (Allocation Failure) 544M->283M(805M) 1.259ms
[235.527s][info][gc,cpu         ] GC(624) User=0.00s Sys=0.00s Real=0.00s
[235.945s][info][gc,start       ] GC(625) Pause Young (Allocation Failure)
[235.947s][info][gc,heap        ] GC(625) PSYoungGen: 256064K(267776K)->64K(246784K) Eden: 256000K(256000K)->0K(246272K) From: 64K(11776K)->64K(512K)
[235.947s][info][gc,heap        ] GC(625) ParOldGen: 290743K(556544K)->290751K(556544K)
[235.947s][info][gc,metaspace   ] GC(625) Metaspace: 35195K(35840K)->35195K(35840K) NonClass: 25988K(26432K)->25988K(26432K) Class: 9207K(9408K)->9207K(9408K)
[235.947s][info][gc             ] GC(625) Pause Young (Allocation Failure) 533M->283M(784M) 1.485ms
[235.947s][info][gc,cpu         ] GC(625) User=0.00s Sys=0.00s Real=0.00s
[236.884s][info][gc,start       ] GC(626) Pause Young (Allocation Failure)
[236.885s][info][gc,heap        ] GC(626) PSYoungGen: 246336K(246784K)->64K(247296K) Eden: 246272K(246272K)->0K(237056K) From: 64K(512K)->64K(10240K)
[236.886s][info][gc,heap        ] GC(626) ParOldGen: 290751K(556544K)->290759K(556544K)
[236.886s][info][gc,metaspace   ] GC(626) Metaspace: 35195K(35840K)->35195K(35840K) NonClass: 25988K(26432K)->25988K(26432K) Class: 9207K(9408K)->9207K(9408K)
[236.886s][info][gc             ] GC(626) Pause Young (Allocation Failure) 524M->284M(785M) 1.241ms
[236.886s][info][gc,cpu         ] GC(626) User=0.00s Sys=0.01s Real=0.00s
[237.253s][info][gc,start       ] GC(627) Pause Young (Allocation Failure)
[237.256s][info][gc,heap        ] GC(627) PSYoungGen: 237120K(247296K)->32K(228352K) Eden: 237056K(237056K)->0K(227840K) From: 64K(10240K)->32K(512K)
[237.256s][info][gc,heap        ] GC(627) ParOldGen: 290759K(556544K)->290767K(556544K)
[237.256s][info][gc,metaspace   ] GC(627) Metaspace: 35195K(35840K)->35195K(35840K) NonClass: 25988K(26432K)->25988K(26432K) Class: 9207K(9408K)->9207K(9408K)
[237.256s][info][gc             ] GC(627) Pause Young (Allocation Failure) 515M->283M(766M) 2.807ms
[237.256s][info][gc,cpu         ] GC(627) User=0.00s Sys=0.00s Real=0.00s
[237.423s][info][gc,start       ] GC(628) Pause Young (Allocation Failure)
[237.424s][info][gc,heap        ] GC(628) PSYoungGen: 227872K(228352K)->64K(228352K) Eden: 227840K(227840K)->0K(219136K) From: 32K(512K)->64K(9216K)
[237.424s][info][gc,heap        ] GC(628) ParOldGen: 290767K(556544K)->290775K(556544K)
[237.424s][info][gc,metaspace   ] GC(628) Metaspace: 35195K(35840K)->35195K(35840K) NonClass: 25988K(26432K)->25988K(26432K) Class: 9207K(9408K)->9207K(9408K)
[237.424s][info][gc             ] GC(628) Pause Young (Allocation Failure) 506M->284M(766M) 0.994ms
[237.424s][info][gc,cpu         ] GC(628) User=0.00s Sys=0.00s Real=0.00s
[237.497s][info][gc,start       ] GC(629) Pause Young (Allocation Failure)
[237.498s][info][gc,heap        ] GC(629) PSYoungGen: 219200K(228352K)->64K(211456K) Eden: 219136K(219136K)->0K(210944K) From: 64K(9216K)->64K(512K)
[237.498s][info][gc,heap        ] GC(629) ParOldGen: 290775K(556544K)->290783K(556544K)
[237.498s][info][gc,metaspace   ] GC(629) Metaspace: 35195K(35840K)->35195K(35840K) NonClass: 25988K(26432K)->25988K(26432K) Class: 9207K(9408K)->9207K(9408K)
[237.499s][info][gc             ] GC(629) Pause Young (Allocation Failure) 498M->284M(750M) 1.543ms
[237.499s][info][gc,cpu         ] GC(629) User=0.01s Sys=0.00s Real=0.00s
[237.982s][info][gc,start       ] GC(630) Pause Young (Allocation Failure)
[237.983s][info][gc,heap        ] GC(630) PSYoungGen: 211008K(211456K)->64K(210944K) Eden: 210944K(210944K)->0K(203264K) From: 64K(512K)->64K(7680K)
[237.983s][info][gc,heap        ] GC(630) ParOldGen: 290783K(556544K)->290791K(556544K)
[237.983s][info][gc,metaspace   ] GC(630) Metaspace: 35195K(35840K)->35195K(35840K) NonClass: 25988K(26432K)->25988K(26432K) Class: 9207K(9408K)->9207K(9408K)
[237.983s][info][gc             ] GC(630) Pause Young (Allocation Failure) 490M->284M(749M) 1.073ms
[237.983s][info][gc,cpu         ] GC(630) User=0.00s Sys=0.00s Real=0.00s
[238.225s][info][gc,start       ] GC(631) Pause Young (Allocation Failure)
[238.228s][info][gc,heap        ] GC(631) PSYoungGen: 203328K(210944K)->64K(196096K) Eden: 203264K(203264K)->0K(195584K) From: 64K(7680K)->64K(512K)
[238.228s][info][gc,heap        ] GC(631) ParOldGen: 290791K(556544K)->290807K(556544K)
[238.228s][info][gc,metaspace   ] GC(631) Metaspace: 35251K(35904K)->35251K(35904K) NonClass: 26044K(26496K)->26044K(26496K) Class: 9207K(9408K)->9207K(9408K)
[238.228s][info][gc             ] GC(631) Pause Young (Allocation Failure) 482M->284M(735M) 2.516ms
[238.228s][info][gc,cpu         ] GC(631) User=0.01s Sys=0.00s Real=0.00s
[238.553s][info][gc,start       ] GC(632) Pause Young (Allocation Failure)
[238.562s][info][gc,heap        ] GC(632) PSYoungGen: 195648K(196096K)->3840K(239104K) Eden: 195584K(195584K)->0K(235008K) From: 64K(512K)->3840K(4096K)
[238.562s][info][gc,heap        ] GC(632) ParOldGen: 290807K(556544K)->290815K(556544K)
[238.562s][info][gc,metaspace   ] GC(632) Metaspace: 35251K(35904K)->35251K(35904K) NonClass: 26044K(26496K)->26044K(26496K) Class: 9207K(9408K)->9207K(9408K)
[238.562s][info][gc             ] GC(632) Pause Young (Allocation Failure) 475M->287M(777M) 9.387ms
[238.562s][info][gc,cpu         ] GC(632) User=0.02s Sys=0.00s Real=0.01s
[238.867s][info][gc,start       ] GC(633) Pause Young (Allocation Failure)
[238.909s][info][gc,heap        ] GC(633) PSYoungGen: 238848K(239104K)->7168K(256512K) Eden: 235008K(235008K)->0K(249344K) From: 3840K(4096K)->7168K(7168K)
[238.909s][info][gc,heap        ] GC(633) ParOldGen: 290815K(556544K)->310431K(556544K)
[238.909s][info][gc,metaspace   ] GC(633) Metaspace: 35251K(35904K)->35251K(35904K) NonClass: 26044K(26496K)->26044K(26496K) Class: 9207K(9408K)->9207K(9408K)
[238.909s][info][gc             ] GC(633) Pause Young (Allocation Failure) 517M->310M(794M) 42.160ms
[238.909s][info][gc,cpu         ] GC(633) User=0.08s Sys=0.00s Real=0.05s
[239.232s][info][gc,start       ] GC(634) Pause Young (Allocation Failure)
[239.279s][info][gc,heap        ] GC(634) PSYoungGen: 256512K(256512K)->16384K(265728K) Eden: 249344K(249344K)->0K(249344K) From: 7168K(7168K)->16384K(16384K)
[239.279s][info][gc,heap        ] GC(634) ParOldGen: 310431K(556544K)->322983K(556544K)
[239.279s][info][gc,metaspace   ] GC(634) Metaspace: 35251K(35904K)->35251K(35904K) NonClass: 26044K(26496K)->26044K(26496K) Class: 9207K(9408K)->9207K(9408K)
[239.279s][info][gc             ] GC(634) Pause Young (Allocation Failure) 553M->331M(803M) 46.863ms
[239.279s][info][gc,cpu         ] GC(634) User=0.09s Sys=0.00s Real=0.05s
[239.373s][info][gc,start       ] GC(635) Pause Young (Allocation Failure)
[239.385s][info][gc,heap        ] GC(635) PSYoungGen: 265728K(265728K)->3712K(310784K) Eden: 249344K(249344K)->0K(286208K) From: 16384K(16384K)->3712K(24576K)
[239.385s][info][gc,heap        ] GC(635) ParOldGen: 322983K(556544K)->323319K(556544K)
[239.385s][info][gc,metaspace   ] GC(635) Metaspace: 35251K(35904K)->35251K(35904K) NonClass: 26044K(26496K)->26044K(26496K) Class: 9207K(9408K)->9207K(9408K)
[239.385s][info][gc             ] GC(635) Pause Young (Allocation Failure) 574M->319M(847M) 11.512ms
[239.385s][info][gc,cpu         ] GC(635) User=0.01s Sys=0.01s Real=0.01s
[239.920s][info][gc,start       ] GC(636) Pause Young (Allocation Failure)
[239.921s][info][gc,heap        ] GC(636) PSYoungGen: 289920K(310784K)->64K(286720K) Eden: 286208K(286208K)->0K(286208K) From: 3712K(24576K)->64K(512K)
[239.921s][info][gc,heap        ] GC(636) ParOldGen: 323319K(556544K)->323327K(556544K)
[239.921s][info][gc,metaspace   ] GC(636) Metaspace: 35251K(35904K)->35251K(35904K) NonClass: 26044K(26496K)->26044K(26496K) Class: 9207K(9408K)->9207K(9408K)
[239.921s][info][gc             ] GC(636) Pause Young (Allocation Failure) 598M->315M(823M) 1.373ms
[239.921s][info][gc,cpu         ] GC(636) User=0.00s Sys=0.00s Real=0.00s
[240.405s][info][gc,start       ] GC(637) Pause Young (Allocation Failure)
[240.406s][info][gc,heap        ] GC(637) PSYoungGen: 286272K(286720K)->64K(309760K) Eden: 286208K(286208K)->0K(287232K) From: 64K(512K)->64K(22528K)
[240.406s][info][gc,heap        ] GC(637) ParOldGen: 323327K(556544K)->323335K(556544K)
[240.406s][info][gc,metaspace   ] GC(637) Metaspace: 35251K(35904K)->35251K(35904K) NonClass: 26044K(26496K)->26044K(26496K) Class: 9207K(9408K)->9207K(9408K)
[240.406s][info][gc             ] GC(637) Pause Young (Allocation Failure) 595M->315M(846M) 1.260ms
[240.406s][info][gc,cpu         ] GC(637) User=0.01s Sys=0.00s Real=0.00s
[240.839s][info][gc,start       ] GC(638) Pause Young (Allocation Failure)
[240.840s][info][gc,heap        ] GC(638) PSYoungGen: 287296K(309760K)->64K(308736K) Eden: 287232K(287232K)->0K(287232K) From: 64K(22528K)->64K(21504K)
[240.840s][info][gc,heap        ] GC(638) ParOldGen: 323335K(556544K)->323351K(556544K)
[240.840s][info][gc,metaspace   ] GC(638) Metaspace: 35251K(35904K)->35251K(35904K) NonClass: 26044K(26496K)->26044K(26496K) Class: 9207K(9408K)->9207K(9408K)
[240.840s][info][gc             ] GC(638) Pause Young (Allocation Failure) 596M->315M(845M) 1.257ms
[240.840s][info][gc,cpu         ] GC(638) User=0.00s Sys=0.00s Real=0.01s
[241.076s][info][gc,start       ] GC(639) Pause Young (Allocation Failure)
[241.077s][info][gc,heap        ] GC(639) PSYoungGen: 287296K(308736K)->64K(310784K) Eden: 287232K(287232K)->0K(290304K) From: 64K(21504K)->64K(20480K)
[241.077s][info][gc,heap        ] GC(639) ParOldGen: 323351K(556544K)->323367K(556544K)
[241.077s][info][gc,metaspace   ] GC(639) Metaspace: 35251K(35904K)->35251K(35904K) NonClass: 26044K(26496K)->26044K(26496K) Class: 9207K(9408K)->9207K(9408K)
[241.077s][info][gc             ] GC(639) Pause Young (Allocation Failure) 596M->315M(847M) 1.215ms
[241.077s][info][gc,cpu         ] GC(639) User=0.01s Sys=0.00s Real=0.00s
[241.424s][info][gc,start       ] GC(640) Pause Young (Allocation Failure)
[241.425s][info][gc,heap        ] GC(640) PSYoungGen: 290368K(310784K)->64K(310272K) Eden: 290304K(290304K)->0K(290304K) From: 64K(20480K)->64K(19968K)
[241.425s][info][gc,heap        ] GC(640) ParOldGen: 323367K(556544K)->323367K(556544K)
[241.425s][info][gc,metaspace   ] GC(640) Metaspace: 35251K(35904K)->35251K(35904K) NonClass: 26044K(26496K)->26044K(26496K) Class: 9207K(9408K)->9207K(9408K)
[241.425s][info][gc             ] GC(640) Pause Young (Allocation Failure) 599M->315M(846M) 1.181ms
[241.425s][info][gc,cpu         ] GC(640) User=0.00s Sys=0.00s Real=0.00s
[241.562s][info][gc,start       ] GC(641) Pause Young (Allocation Failure)
[241.563s][info][gc,heap        ] GC(641) PSYoungGen: 290368K(310272K)->64K(312832K) Eden: 290304K(290304K)->0K(294400K) From: 64K(19968K)->64K(18432K)
[241.563s][info][gc,heap        ] GC(641) ParOldGen: 323367K(556544K)->323375K(556544K)
[241.563s][info][gc,metaspace   ] GC(641) Metaspace: 35251K(35904K)->35251K(35904K) NonClass: 26044K(26496K)->26044K(26496K) Class: 9207K(9408K)->9207K(9408K)
[241.563s][info][gc             ] GC(641) Pause Young (Allocation Failure) 599M->315M(849M) 1.177ms
[241.563s][info][gc,cpu         ] GC(641) User=0.00s Sys=0.00s Real=0.00s
[241.617s][info][gc,start       ] GC(642) Pause Young (Allocation Failure)
[241.618s][info][gc,heap        ] GC(642) PSYoungGen: 294464K(312832K)->64K(312320K) Eden: 294400K(294400K)->0K(294400K) From: 64K(18432K)->64K(17920K)
[241.618s][info][gc,heap        ] GC(642) ParOldGen: 323375K(556544K)->323391K(556544K)
[241.618s][info][gc,metaspace   ] GC(642) Metaspace: 35251K(35904K)->35251K(35904K) NonClass: 26044K(26496K)->26044K(26496K) Class: 9207K(9408K)->9207K(9408K)
[241.618s][info][gc             ] GC(642) Pause Young (Allocation Failure) 603M->315M(848M) 1.170ms
[241.618s][info][gc,cpu         ] GC(642) User=0.00s Sys=0.00s Real=0.00s
[241.782s][info][gc,start       ] GC(643) Pause Young (Allocation Failure)
[241.784s][info][gc,heap        ] GC(643) PSYoungGen: 294464K(312320K)->64K(314880K) Eden: 294400K(294400K)->0K(298496K) From: 64K(17920K)->64K(16384K)
[241.784s][info][gc,heap        ] GC(643) ParOldGen: 323391K(556544K)->323391K(556544K)
[241.784s][info][gc,metaspace   ] GC(643) Metaspace: 35251K(35904K)->35251K(35904K) NonClass: 26044K(26496K)->26044K(26496K) Class: 9207K(9408K)->9207K(9408K)
[241.784s][info][gc             ] GC(643) Pause Young (Allocation Failure) 603M->315M(851M) 1.234ms
[241.784s][info][gc,cpu         ] GC(643) User=0.00s Sys=0.00s Real=0.00s
[242.094s][info][gc,start       ] GC(644) Pause Young (Allocation Failure)
[242.095s][info][gc,heap        ] GC(644) PSYoungGen: 298560K(314880K)->64K(314368K) Eden: 298496K(298496K)->0K(298496K) From: 64K(16384K)->64K(15872K)
[242.095s][info][gc,heap        ] GC(644) ParOldGen: 323391K(556544K)->323399K(556544K)
[242.095s][info][gc,metaspace   ] GC(644) Metaspace: 35251K(35904K)->35251K(35904K) NonClass: 26044K(26496K)->26044K(26496K) Class: 9207K(9408K)->9207K(9408K)
[242.095s][info][gc             ] GC(644) Pause Young (Allocation Failure) 607M->315M(850M) 1.161ms
[242.095s][info][gc,cpu         ] GC(644) User=0.01s Sys=0.00s Real=0.00s
[242.253s][info][gc,start       ] GC(645) Pause Young (Allocation Failure)
[242.254s][info][gc,heap        ] GC(645) PSYoungGen: 298560K(314368K)->64K(316928K) Eden: 298496K(298496K)->0K(302592K) From: 64K(15872K)->64K(14336K)
[242.254s][info][gc,heap        ] GC(645) ParOldGen: 323399K(556544K)->323407K(556544K)
[242.254s][info][gc,metaspace   ] GC(645) Metaspace: 35251K(35904K)->35251K(35904K) NonClass: 26044K(26496K)->26044K(26496K) Class: 9207K(9408K)->9207K(9408K)
[242.254s][info][gc             ] GC(645) Pause Young (Allocation Failure) 607M->315M(853M) 1.164ms
[242.254s][info][gc,cpu         ] GC(645) User=0.01s Sys=0.00s Real=0.00s
[242.348s][info][gc,start       ] GC(646) Pause Young (Allocation Failure)
[242.349s][info][gc,heap        ] GC(646) PSYoungGen: 302656K(316928K)->64K(316928K) Eden: 302592K(302592K)->0K(302592K) From: 64K(14336K)->64K(14336K)
[242.349s][info][gc,heap        ] GC(646) ParOldGen: 323407K(556544K)->323415K(556544K)
[242.349s][info][gc,metaspace   ] GC(646) Metaspace: 35251K(35904K)->35251K(35904K) NonClass: 26044K(26496K)->26044K(26496K) Class: 9207K(9408K)->9207K(9408K)
[242.349s][info][gc             ] GC(646) Pause Young (Allocation Failure) 611M->315M(853M) 1.156ms
[242.349s][info][gc,cpu         ] GC(646) User=0.00s Sys=0.00s Real=0.01s
[242.539s][info][gc,start       ] GC(647) Pause Young (Allocation Failure)
[242.540s][info][gc,heap        ] GC(647) PSYoungGen: 302656K(316928K)->64K(290816K) Eden: 302592K(302592K)->0K(290304K) From: 64K(14336K)->64K(512K)
[242.540s][info][gc,heap        ] GC(647) ParOldGen: 323415K(556544K)->323423K(556544K)
[242.540s][info][gc,metaspace   ] GC(647) Metaspace: 35251K(35904K)->35251K(35904K) NonClass: 26044K(26496K)->26044K(26496K) Class: 9207K(9408K)->9207K(9408K)
[242.540s][info][gc             ] GC(647) Pause Young (Allocation Failure) 611M->315M(827M) 1.121ms
[242.540s][info][gc,cpu         ] GC(647) User=0.00s Sys=0.00s Real=0.01s
[243.422s][info][gc,start       ] GC(648) Pause Young (Allocation Failure)
[243.423s][info][gc,heap        ] GC(648) PSYoungGen: 290368K(290816K)->83K(291328K) Eden: 290304K(290304K)->0K(278528K) From: 64K(512K)->83K(12800K)
[243.423s][info][gc,heap        ] GC(648) ParOldGen: 323423K(556544K)->323431K(556544K)
[243.423s][info][gc,metaspace   ] GC(648) Metaspace: 35251K(35904K)->35251K(35904K) NonClass: 26044K(26496K)->26044K(26496K) Class: 9207K(9408K)->9207K(9408K)
[243.423s][info][gc             ] GC(648) Pause Young (Allocation Failure) 599M->315M(828M) 1.162ms
[243.423s][info][gc,cpu         ] GC(648) User=0.00s Sys=0.00s Real=0.00s
[244.260s][info][gc,start       ] GC(649) Pause Young (Allocation Failure)
[244.261s][info][gc,heap        ] GC(649) PSYoungGen: 278611K(291328K)->64K(267776K) Eden: 278528K(278528K)->0K(267264K) From: 83K(12800K)->64K(512K)
[244.261s][info][gc,heap        ] GC(649) ParOldGen: 323431K(556544K)->323439K(556544K)
[244.261s][info][gc,metaspace   ] GC(649) Metaspace: 35251K(35904K)->35251K(35904K) NonClass: 26044K(26496K)->26044K(26496K) Class: 9207K(9408K)->9207K(9408K)
[244.261s][info][gc             ] GC(649) Pause Young (Allocation Failure) 587M->315M(805M) 1.483ms
[244.261s][info][gc,cpu         ] GC(649) User=0.00s Sys=0.00s Real=0.00s
[244.618s][info][gc,start       ] GC(650) Pause Young (Allocation Failure)
[244.619s][info][gc,heap        ] GC(650) PSYoungGen: 267328K(267776K)->64K(268288K) Eden: 267264K(267264K)->0K(257024K) From: 64K(512K)->64K(11264K)
[244.619s][info][gc,heap        ] GC(650) ParOldGen: 323439K(556544K)->323447K(556544K)
[244.619s][info][gc,metaspace   ] GC(650) Metaspace: 35251K(35904K)->35251K(35904K) NonClass: 26044K(26496K)->26044K(26496K) Class: 9207K(9408K)->9207K(9408K)
[244.619s][info][gc             ] GC(650) Pause Young (Allocation Failure) 576M->315M(805M) 1.162ms
[244.619s][info][gc,cpu         ] GC(650) User=0.01s Sys=0.00s Real=0.01s
[245.491s][info][gc,start       ] GC(651) Pause Young (Allocation Failure)
[245.493s][info][gc,heap        ] GC(651) PSYoungGen: 257088K(268288K)->64K(247296K) Eden: 257024K(257024K)->0K(246784K) From: 64K(11264K)->64K(512K)
[245.493s][info][gc,heap        ] GC(651) ParOldGen: 323447K(556544K)->323455K(556544K)
[245.493s][info][gc,metaspace   ] GC(651) Metaspace: 35251K(35904K)->35251K(35904K) NonClass: 26044K(26496K)->26044K(26496K) Class: 9207K(9408K)->9207K(9408K)
[245.493s][info][gc             ] GC(651) Pause Young (Allocation Failure) 566M->315M(785M) 2.002ms
[245.493s][info][gc,cpu         ] GC(651) User=0.01s Sys=0.00s Real=0.00s
[245.888s][info][gc,start       ] GC(652) Pause Young (Allocation Failure)
[245.889s][info][gc,heap        ] GC(652) PSYoungGen: 246848K(247296K)->64K(246784K) Eden: 246784K(246784K)->0K(237056K) From: 64K(512K)->64K(9728K)
[245.889s][info][gc,heap        ] GC(652) ParOldGen: 323455K(556544K)->323463K(556544K)
[245.889s][info][gc,metaspace   ] GC(652) Metaspace: 35251K(35904K)->35251K(35904K) NonClass: 26044K(26496K)->26044K(26496K) Class: 9207K(9408K)->9207K(9408K)
[245.889s][info][gc             ] GC(652) Pause Young (Allocation Failure) 556M->315M(784M) 1.063ms
[245.889s][info][gc,cpu         ] GC(652) User=0.00s Sys=0.00s Real=0.01s
[246.247s][info][gc,start       ] GC(653) Pause Young (Allocation Failure)
[246.249s][info][gc,heap        ] GC(653) PSYoungGen: 237120K(246784K)->64K(228352K) Eden: 237056K(237056K)->0K(227840K) From: 64K(9728K)->64K(512K)
[246.249s][info][gc,heap        ] GC(653) ParOldGen: 323463K(556544K)->323471K(556544K)
[246.249s][info][gc,metaspace   ] GC(653) Metaspace: 35251K(35904K)->35251K(35904K) NonClass: 26044K(26496K)->26044K(26496K) Class: 9207K(9408K)->9207K(9408K)
[246.249s][info][gc             ] GC(653) Pause Young (Allocation Failure) 547M->315M(766M) 1.715ms
[246.249s][info][gc,cpu         ] GC(653) User=0.00s Sys=0.00s Real=0.01s
[246.303s][info][gc,start       ] GC(654) Pause Young (Allocation Failure)
[246.304s][info][gc,heap        ] GC(654) PSYoungGen: 227904K(228352K)->64K(227328K) Eden: 227840K(227840K)->0K(219136K) From: 64K(512K)->64K(8192K)
[246.304s][info][gc,heap        ] GC(654) ParOldGen: 323471K(556544K)->323487K(556544K)
[246.304s][info][gc,metaspace   ] GC(654) Metaspace: 35251K(35904K)->35251K(35904K) NonClass: 26044K(26496K)->26044K(26496K) Class: 9207K(9408K)->9207K(9408K)
[246.304s][info][gc             ] GC(654) Pause Young (Allocation Failure) 538M->315M(765M) 1.012ms
[246.304s][info][gc,cpu         ] GC(654) User=0.00s Sys=0.00s Real=0.00s
[246.697s][info][gc,start       ] GC(655) Pause Young (Allocation Failure)
[246.698s][info][gc,heap        ] GC(655) PSYoungGen: 219200K(227328K)->64K(211456K) Eden: 219136K(219136K)->0K(210944K) From: 64K(8192K)->64K(512K)
[246.698s][info][gc,heap        ] GC(655) ParOldGen: 323487K(556544K)->323487K(556544K)
[246.698s][info][gc,metaspace   ] GC(655) Metaspace: 35251K(35904K)->35251K(35904K) NonClass: 26044K(26496K)->26044K(26496K) Class: 9207K(9408K)->9207K(9408K)
[246.698s][info][gc             ] GC(655) Pause Young (Allocation Failure) 529M->315M(750M) 1.570ms
[246.698s][info][gc,cpu         ] GC(655) User=0.01s Sys=0.00s Real=0.00s
[247.017s][info][gc,start       ] GC(656) Pause Young (Allocation Failure)
[247.019s][info][gc,heap        ] GC(656) PSYoungGen: 211008K(211456K)->64K(210432K) Eden: 210944K(210944K)->0K(203264K) From: 64K(512K)->64K(7168K)
[247.019s][info][gc,heap        ] GC(656) ParOldGen: 323487K(556544K)->323503K(556544K)
[247.019s][info][gc,metaspace   ] GC(656) Metaspace: 35251K(35904K)->35251K(35904K) NonClass: 26044K(26496K)->26044K(26496K) Class: 9207K(9408K)->9207K(9408K)
[247.019s][info][gc             ] GC(656) Pause Young (Allocation Failure) 521M->315M(749M) 2.406ms
[247.019s][info][gc,cpu         ] GC(656) User=0.00s Sys=0.00s Real=0.01s
[247.340s][info][gc,start       ] GC(657) Pause Young (Allocation Failure)
[247.344s][info][gc,heap        ] GC(657) PSYoungGen: 203328K(210432K)->32K(196096K) Eden: 203264K(203264K)->0K(195584K) From: 64K(7168K)->32K(512K)
[247.344s][info][gc,heap        ] GC(657) ParOldGen: 323503K(556544K)->323511K(556544K)
[247.344s][info][gc,metaspace   ] GC(657) Metaspace: 35251K(35904K)->35251K(35904K) NonClass: 26044K(26496K)->26044K(26496K) Class: 9207K(9408K)->9207K(9408K)
[247.344s][info][gc             ] GC(657) Pause Young (Allocation Failure) 514M->315M(735M) 3.477ms
[247.344s][info][gc,cpu         ] GC(657) User=0.00s Sys=0.00s Real=0.00s
[247.631s][info][gc,start       ] GC(658) Pause Young (Allocation Failure)
[247.666s][info][gc,heap        ] GC(658) PSYoungGen: 195616K(196096K)->6144K(241152K) Eden: 195584K(195584K)->0K(235008K) From: 32K(512K)->6144K(6144K)
[247.667s][info][gc,heap        ] GC(658) ParOldGen: 323511K(556544K)->339647K(556544K)
[247.667s][info][gc,metaspace   ] GC(658) Metaspace: 35251K(35904K)->35251K(35904K) NonClass: 26044K(26496K)->26044K(26496K) Class: 9207K(9408K)->9207K(9408K)
[247.667s][info][gc             ] GC(658) Pause Young (Allocation Failure) 506M->337M(779M) 35.457ms
[247.667s][info][gc,cpu         ] GC(658) User=0.07s Sys=0.01s Real=0.03s
[247.969s][info][gc,start       ] GC(659) Pause Young (Allocation Failure)
[248.014s][info][gc,heap        ] GC(659) PSYoungGen: 241152K(241152K)->6144K(254464K) Eden: 235008K(235008K)->0K(248320K) From: 6144K(6144K)->6144K(6144K)
[248.014s][info][gc,heap        ] GC(659) ParOldGen: 339647K(556544K)->360719K(556544K)
[248.014s][info][gc,metaspace   ] GC(659) Metaspace: 35251K(35904K)->35251K(35904K) NonClass: 26044K(26496K)->26044K(26496K) Class: 9207K(9408K)->9207K(9408K)
[248.014s][info][gc             ] GC(659) Pause Young (Allocation Failure) 567M->358M(792M) 45.355ms
[248.014s][info][gc,cpu         ] GC(659) User=0.09s Sys=0.00s Real=0.04s
[248.199s][info][gc,start       ] GC(660) Pause Young (Allocation Failure)
[248.225s][info][gc,heap        ] GC(660) PSYoungGen: 254464K(254464K)->13600K(269824K) Eden: 248320K(248320K)->0K(248320K) From: 6144K(6144K)->13600K(21504K)
[248.225s][info][gc,heap        ] GC(660) ParOldGen: 360719K(556544K)->361279K(556544K)
[248.225s][info][gc,metaspace   ] GC(660) Metaspace: 35251K(35904K)->35251K(35904K) NonClass: 26044K(26496K)->26044K(26496K) Class: 9207K(9408K)->9207K(9408K)
[248.225s][info][gc             ] GC(660) Pause Young (Allocation Failure) 600M->366M(807M) 25.319ms
[248.225s][info][gc,cpu         ] GC(660) User=0.05s Sys=0.00s Real=0.02s
[248.459s][info][gc,start       ] GC(661) Pause Young (Allocation Failure)
[248.460s][info][gc,heap        ] GC(661) PSYoungGen: 261920K(269824K)->64K(311296K) Eden: 248320K(248320K)->0K(288256K) From: 13600K(21504K)->64K(23040K)
[248.460s][info][gc,heap        ] GC(661) ParOldGen: 361279K(556544K)->361287K(556544K)
[248.460s][info][gc,metaspace   ] GC(661) Metaspace: 35251K(35904K)->35251K(35904K) NonClass: 26044K(26496K)->26044K(26496K) Class: 9207K(9408K)->9207K(9408K)
[248.460s][info][gc             ] GC(661) Pause Young (Allocation Failure) 608M->352M(847M) 1.358ms
[248.460s][info][gc,cpu         ] GC(661) User=0.00s Sys=0.00s Real=0.00s
[249.135s][info][gc,start       ] GC(662) Pause Young (Allocation Failure)
[249.136s][info][gc,heap        ] GC(662) PSYoungGen: 288320K(311296K)->64K(288768K) Eden: 288256K(288256K)->0K(288256K) From: 64K(23040K)->64K(512K)
[249.136s][info][gc,heap        ] GC(662) ParOldGen: 361287K(556544K)->361295K(556544K)
[249.136s][info][gc,metaspace   ] GC(662) Metaspace: 35251K(35904K)->35251K(35904K) NonClass: 26044K(26496K)->26044K(26496K) Class: 9207K(9408K)->9207K(9408K)
[249.136s][info][gc             ] GC(662) Pause Young (Allocation Failure) 634M->352M(825M) 1.383ms
[249.136s][info][gc,cpu         ] GC(662) User=0.00s Sys=0.00s Real=0.00s
[249.593s][info][gc,start       ] GC(663) Pause Young (Allocation Failure)
[249.595s][info][gc,heap        ] GC(663) PSYoungGen: 288320K(288768K)->64K(311296K) Eden: 288256K(288256K)->0K(289280K) From: 64K(512K)->64K(22016K)
[249.595s][info][gc,heap        ] GC(663) ParOldGen: 361295K(556544K)->361311K(556544K)
[249.595s][info][gc,metaspace   ] GC(663) Metaspace: 35251K(35904K)->35251K(35904K) NonClass: 26044K(26496K)->26044K(26496K) Class: 9207K(9408K)->9207K(9408K)
[249.595s][info][gc             ] GC(663) Pause Young (Allocation Failure) 634M->352M(847M) 1.328ms
[249.595s][info][gc,cpu         ] GC(663) User=0.01s Sys=0.00s Real=0.00s
[249.832s][info][gc,start       ] GC(664) Pause Young (Allocation Failure)
[249.833s][info][gc,heap        ] GC(664) PSYoungGen: 289344K(311296K)->64K(310272K) Eden: 289280K(289280K)->0K(289280K) From: 64K(22016K)->64K(20992K)
[249.833s][info][gc,heap        ] GC(664) ParOldGen: 361311K(556544K)->361327K(556544K)
[249.833s][info][gc,metaspace   ] GC(664) Metaspace: 35251K(35904K)->35251K(35904K) NonClass: 26044K(26496K)->26044K(26496K) Class: 9207K(9408K)->9207K(9408K)
[249.833s][info][gc             ] GC(664) Pause Young (Allocation Failure) 635M->352M(846M) 1.311ms
[249.833s][info][gc,cpu         ] GC(664) User=0.00s Sys=0.00s Real=0.00s
[250.070s][info][gc,start       ] GC(665) Pause Young (Allocation Failure)
[250.071s][info][gc,heap        ] GC(665) PSYoungGen: 289344K(310272K)->64K(311808K) Eden: 289280K(289280K)->0K(291840K) From: 64K(20992K)->64K(19968K)
[250.071s][info][gc,heap        ] GC(665) ParOldGen: 361327K(556544K)->361327K(556544K)
[250.071s][info][gc,metaspace   ] GC(665) Metaspace: 35251K(35904K)->35251K(35904K) NonClass: 26044K(26496K)->26044K(26496K) Class: 9207K(9408K)->9207K(9408K)
[250.071s][info][gc             ] GC(665) Pause Young (Allocation Failure) 635M->352M(848M) 1.187ms
[250.071s][info][gc,cpu         ] GC(665) User=0.00s Sys=0.00s Real=0.00s
[250.396s][info][gc,start       ] GC(666) Pause Young (Allocation Failure)
[250.397s][info][gc,heap        ] GC(666) PSYoungGen: 291904K(311808K)->64K(310784K) Eden: 291840K(291840K)->0K(291840K) From: 64K(19968K)->64K(18944K)
[250.397s][info][gc,heap        ] GC(666) ParOldGen: 361327K(556544K)->361327K(556544K)
[250.397s][info][gc,metaspace   ] GC(666) Metaspace: 35251K(35904K)->35251K(35904K) NonClass: 26044K(26496K)->26044K(26496K) Class: 9207K(9408K)->9207K(9408K)
[250.397s][info][gc             ] GC(666) Pause Young (Allocation Failure) 637M->352M(847M) 1.282ms
[250.397s][info][gc,cpu         ] GC(666) User=0.00s Sys=0.00s Real=0.00s
[250.452s][info][gc,start       ] GC(667) Pause Young (Allocation Failure)
[250.454s][info][gc,heap        ] GC(667) PSYoungGen: 291904K(310784K)->64K(313856K) Eden: 291840K(291840K)->0K(295936K) From: 64K(18944K)->64K(17920K)
[250.454s][info][gc,heap        ] GC(667) ParOldGen: 361327K(556544K)->361343K(556544K)
[250.454s][info][gc,metaspace   ] GC(667) Metaspace: 35251K(35904K)->35251K(35904K) NonClass: 26044K(26496K)->26044K(26496K) Class: 9207K(9408K)->9207K(9408K)
[250.454s][info][gc             ] GC(667) Pause Young (Allocation Failure) 637M->352M(850M) 1.512ms
[250.454s][info][gc,cpu         ] GC(667) User=0.00s Sys=0.00s Real=0.00s
[250.512s][info][gc,start       ] GC(668) Pause Young (Allocation Failure)
[250.514s][info][gc,heap        ] GC(668) PSYoungGen: 296000K(313856K)->64K(313344K) Eden: 295936K(295936K)->0K(295936K) From: 64K(17920K)->64K(17408K)
[250.514s][info][gc,heap        ] GC(668) ParOldGen: 361343K(556544K)->361343K(556544K)
[250.514s][info][gc,metaspace   ] GC(668) Metaspace: 35251K(35904K)->35251K(35904K) NonClass: 26044K(26496K)->26044K(26496K) Class: 9207K(9408K)->9207K(9408K)
[250.514s][info][gc             ] GC(668) Pause Young (Allocation Failure) 641M->352M(849M) 1.243ms
[250.514s][info][gc,cpu         ] GC(668) User=0.00s Sys=0.00s Real=0.00s
[250.827s][info][gc,start       ] GC(669) Pause Young (Allocation Failure)
[250.829s][info][gc,heap        ] GC(669) PSYoungGen: 296000K(313344K)->32K(315392K) Eden: 295936K(295936K)->0K(299520K) From: 64K(17408K)->32K(15872K)
[250.829s][info][gc,heap        ] GC(669) ParOldGen: 361343K(556544K)->361359K(556544K)
[250.829s][info][gc,metaspace   ] GC(669) Metaspace: 35251K(35904K)->35251K(35904K) NonClass: 26044K(26496K)->26044K(26496K) Class: 9207K(9408K)->9207K(9408K)
[250.829s][info][gc             ] GC(669) Pause Young (Allocation Failure) 641M->352M(851M) 1.237ms
[250.829s][info][gc,cpu         ] GC(669) User=0.00s Sys=0.00s Real=0.01s
[251.076s][info][gc,start       ] GC(670) Pause Young (Allocation Failure)
[251.077s][info][gc,heap        ] GC(670) PSYoungGen: 299552K(315392K)->64K(314880K) Eden: 299520K(299520K)->0K(299520K) From: 32K(15872K)->64K(15360K)
[251.077s][info][gc,heap        ] GC(670) ParOldGen: 361359K(556544K)->361359K(556544K)
[251.077s][info][gc,metaspace   ] GC(670) Metaspace: 35251K(35904K)->35251K(35904K) NonClass: 26044K(26496K)->26044K(26496K) Class: 9207K(9408K)->9207K(9408K)
[251.077s][info][gc             ] GC(670) Pause Young (Allocation Failure) 645M->352M(851M) 1.274ms
[251.077s][info][gc,cpu         ] GC(670) User=0.00s Sys=0.00s Real=0.00s
[251.160s][info][gc,start       ] GC(671) Pause Young (Allocation Failure)
[251.161s][info][gc,heap        ] GC(671) PSYoungGen: 299584K(314880K)->64K(317440K) Eden: 299520K(299520K)->0K(303616K) From: 64K(15360K)->64K(13824K)
[251.161s][info][gc,heap        ] GC(671) ParOldGen: 361359K(556544K)->361375K(556544K)
[251.161s][info][gc,metaspace   ] GC(671) Metaspace: 35251K(35904K)->35251K(35904K) NonClass: 26044K(26496K)->26044K(26496K) Class: 9207K(9408K)->9207K(9408K)
[251.161s][info][gc             ] GC(671) Pause Young (Allocation Failure) 645M->352M(853M) 1.122ms
[251.161s][info][gc,cpu         ] GC(671) User=0.00s Sys=0.00s Real=0.00s
[251.318s][info][gc,start       ] GC(672) Pause Young (Allocation Failure)
[251.319s][info][gc,heap        ] GC(672) PSYoungGen: 303680K(317440K)->64K(317440K) Eden: 303616K(303616K)->0K(303616K) From: 64K(13824K)->64K(13824K)
[251.319s][info][gc,heap        ] GC(672) ParOldGen: 361375K(556544K)->361375K(556544K)
[251.319s][info][gc,metaspace   ] GC(672) Metaspace: 35251K(35904K)->35251K(35904K) NonClass: 26044K(26496K)->26044K(26496K) Class: 9207K(9408K)->9207K(9408K)
[251.319s][info][gc             ] GC(672) Pause Young (Allocation Failure) 649M->352M(853M) 1.223ms
[251.319s][info][gc,cpu         ] GC(672) User=0.00s Sys=0.00s Real=0.01s
[251.744s][info][gc,start       ] GC(673) Pause Young (Allocation Failure)
[251.746s][info][gc,heap        ] GC(673) PSYoungGen: 303680K(317440K)->64K(291840K) Eden: 303616K(303616K)->0K(291328K) From: 64K(13824K)->64K(512K)
[251.746s][info][gc,heap        ] GC(673) ParOldGen: 361375K(556544K)->361383K(556544K)
[251.746s][info][gc,metaspace   ] GC(673) Metaspace: 35251K(35904K)->35251K(35904K) NonClass: 26044K(26496K)->26044K(26496K) Class: 9207K(9408K)->9207K(9408K)
[251.746s][info][gc             ] GC(673) Pause Young (Allocation Failure) 649M->352M(828M) 1.358ms
[251.746s][info][gc,cpu         ] GC(673) User=0.00s Sys=0.00s Real=0.00s
[253.072s][info][gc,start       ] GC(674) Pause Young (Allocation Failure)
[253.074s][info][gc,heap        ] GC(674) PSYoungGen: 291392K(291840K)->64K(291840K) Eden: 291328K(291328K)->0K(279552K) From: 64K(512K)->64K(12288K)
[253.074s][info][gc,heap        ] GC(674) ParOldGen: 361383K(556544K)->361399K(556544K)
[253.074s][info][gc,metaspace   ] GC(674) Metaspace: 35251K(35904K)->35251K(35904K) NonClass: 26044K(26496K)->26044K(26496K) Class: 9207K(9408K)->9207K(9408K)
[253.074s][info][gc             ] GC(674) Pause Young (Allocation Failure) 637M->352M(828M) 2.243ms
[253.074s][info][gc,cpu         ] GC(674) User=0.01s Sys=0.00s Real=0.00s
[253.301s][info][gc,start       ] GC(675) Pause Young (Allocation Failure)
[253.303s][info][gc,heap        ] GC(675) PSYoungGen: 279616K(291840K)->64K(268800K) Eden: 279552K(279552K)->0K(268288K) From: 64K(12288K)->64K(512K)
[253.303s][info][gc,heap        ] GC(675) ParOldGen: 361399K(556544K)->361415K(556544K)
[253.303s][info][gc,metaspace   ] GC(675) Metaspace: 35251K(35904K)->35251K(35904K) NonClass: 26044K(26496K)->26044K(26496K) Class: 9207K(9408K)->9207K(9408K)
[253.303s][info][gc             ] GC(675) Pause Young (Allocation Failure) 625M->353M(806M) 2.191ms
[253.303s][info][gc,cpu         ] GC(675) User=0.00s Sys=0.00s Real=0.00s
[253.777s][info][gc,start       ] GC(676) Pause Young (Allocation Failure)
[253.779s][info][gc,heap        ] GC(676) PSYoungGen: 268352K(268800K)->64K(268288K) Eden: 268288K(268288K)->0K(257536K) From: 64K(512K)->64K(10752K)
[253.779s][info][gc,heap        ] GC(676) ParOldGen: 361415K(556544K)->361431K(556544K)
[253.779s][info][gc,metaspace   ] GC(676) Metaspace: 35251K(35904K)->35251K(35904K) NonClass: 26044K(26496K)->26044K(26496K) Class: 9207K(9408K)->9207K(9408K)
[253.779s][info][gc             ] GC(676) Pause Young (Allocation Failure) 615M->353M(805M) 2.147ms
[253.779s][info][gc,cpu         ] GC(676) User=0.00s Sys=0.00s Real=0.01s
[254.696s][info][gc,start       ] GC(677) Pause Young (Allocation Failure)
[254.698s][info][gc,heap        ] GC(677) PSYoungGen: 257600K(268288K)->64K(247808K) Eden: 257536K(257536K)->0K(247296K) From: 64K(10752K)->64K(512K)
[254.698s][info][gc,heap        ] GC(677) ParOldGen: 361431K(556544K)->361447K(556544K)
[254.698s][info][gc,metaspace   ] GC(677) Metaspace: 35251K(35904K)->35251K(35904K) NonClass: 26044K(26496K)->26044K(26496K) Class: 9207K(9408K)->9207K(9408K)
[254.698s][info][gc             ] GC(677) Pause Young (Allocation Failure) 604M->353M(785M) 2.477ms
[254.698s][info][gc,cpu         ] GC(677) User=0.00s Sys=0.00s Real=0.00s
[255.022s][info][gc,start       ] GC(678) Pause Young (Allocation Failure)
[255.024s][info][gc,heap        ] GC(678) PSYoungGen: 247360K(247808K)->64K(246784K) Eden: 247296K(247296K)->0K(237568K) From: 64K(512K)->64K(9216K)
[255.024s][info][gc,heap        ] GC(678) ParOldGen: 361447K(556544K)->361463K(556544K)
[255.024s][info][gc,metaspace   ] GC(678) Metaspace: 35251K(35904K)->35251K(35904K) NonClass: 26044K(26496K)->26044K(26496K) Class: 9207K(9408K)->9207K(9408K)
[255.024s][info][gc             ] GC(678) Pause Young (Allocation Failure) 594M->353M(784M) 1.989ms
[255.024s][info][gc,cpu         ] GC(678) User=0.00s Sys=0.00s Real=0.00s
[255.145s][info][gc,start       ] GC(679) Pause Young (Allocation Failure)
[255.148s][info][gc,heap        ] GC(679) PSYoungGen: 237632K(246784K)->64K(228864K) Eden: 237568K(237568K)->0K(228352K) From: 64K(9216K)->64K(512K)
[255.148s][info][gc,heap        ] GC(679) ParOldGen: 361463K(556544K)->361479K(556544K)
[255.148s][info][gc,metaspace   ] GC(679) Metaspace: 35251K(35904K)->35251K(35904K) NonClass: 26044K(26496K)->26044K(26496K) Class: 9207K(9408K)->9207K(9408K)
[255.148s][info][gc             ] GC(679) Pause Young (Allocation Failure) 585M->353M(767M) 2.676ms
[255.148s][info][gc,cpu         ] GC(679) User=0.00s Sys=0.00s Real=0.00s
[255.450s][info][gc,start       ] GC(680) Pause Young (Allocation Failure)
[255.452s][info][gc,heap        ] GC(680) PSYoungGen: 228416K(228864K)->64K(227840K) Eden: 228352K(228352K)->0K(219648K) From: 64K(512K)->64K(8192K)
[255.452s][info][gc,heap        ] GC(680) ParOldGen: 361479K(556544K)->361495K(556544K)
[255.452s][info][gc,metaspace   ] GC(680) Metaspace: 35251K(35904K)->35251K(35904K) NonClass: 26044K(26496K)->26044K(26496K) Class: 9207K(9408K)->9207K(9408K)
[255.452s][info][gc             ] GC(680) Pause Young (Allocation Failure) 576M->353M(766M) 1.993ms
[255.452s][info][gc,cpu         ] GC(680) User=0.00s Sys=0.00s Real=0.00s
[255.848s][info][gc,start       ] GC(681) Pause Young (Allocation Failure)
[255.851s][info][gc,heap        ] GC(681) PSYoungGen: 219712K(227840K)->64K(211968K) Eden: 219648K(219648K)->0K(211456K) From: 64K(8192K)->64K(512K)
[255.851s][info][gc,heap        ] GC(681) ParOldGen: 361495K(556544K)->361511K(556544K)
[255.851s][info][gc,metaspace   ] GC(681) Metaspace: 35251K(35904K)->35251K(35904K) NonClass: 26044K(26496K)->26044K(26496K) Class: 9207K(9408K)->9207K(9408K)
[255.851s][info][gc             ] GC(681) Pause Young (Allocation Failure) 567M->353M(750M) 2.895ms
[255.851s][info][gc,cpu         ] GC(681) User=0.00s Sys=0.00s Real=0.01s
[256.135s][info][gc,start       ] GC(682) Pause Young (Allocation Failure)
[256.137s][info][gc,heap        ] GC(682) PSYoungGen: 211520K(211968K)->64K(210944K) Eden: 211456K(211456K)->0K(203776K) From: 64K(512K)->64K(7168K)
[256.137s][info][gc,heap        ] GC(682) ParOldGen: 361511K(556544K)->361519K(556544K)
[256.137s][info][gc,metaspace   ] GC(682) Metaspace: 35251K(35904K)->35251K(35904K) NonClass: 26044K(26496K)->26044K(26496K) Class: 9207K(9408K)->9207K(9408K)
[256.137s][info][gc             ] GC(682) Pause Young (Allocation Failure) 559M->353M(749M) 1.938ms
[256.137s][info][gc,cpu         ] GC(682) User=0.00s Sys=0.00s Real=0.00s
[256.417s][info][gc,start       ] GC(683) Pause Young (Allocation Failure)
[256.451s][info][gc,heap        ] GC(683) PSYoungGen: 203840K(210944K)->6656K(251392K) Eden: 203776K(203776K)->0K(244736K) From: 64K(7168K)->6656K(6656K)
[256.451s][info][gc,heap        ] GC(683) ParOldGen: 361519K(556544K)->375967K(556544K)
[256.451s][info][gc,metaspace   ] GC(683) Metaspace: 35251K(35904K)->35251K(35904K) NonClass: 26044K(26496K)->26044K(26496K) Class: 9207K(9408K)->9207K(9408K)
[256.451s][info][gc             ] GC(683) Pause Young (Allocation Failure) 552M->373M(789M) 34.077ms
[256.451s][info][gc,cpu         ] GC(683) User=0.07s Sys=0.00s Real=0.04s
[256.767s][info][gc,start       ] GC(684) Pause Young (Allocation Failure)
[256.815s][info][gc,heap        ] GC(684) PSYoungGen: 251392K(251392K)->13312K(270848K) Eden: 244736K(244736K)->0K(257536K) From: 6656K(6656K)->13312K(13312K)
[256.815s][info][gc,heap        ] GC(684) ParOldGen: 375967K(556544K)->390927K(556544K)
[256.815s][info][gc,metaspace   ] GC(684) Metaspace: 35251K(35904K)->35251K(35904K) NonClass: 26044K(26496K)->26044K(26496K) Class: 9207K(9408K)->9207K(9408K)
[256.815s][info][gc             ] GC(684) Pause Young (Allocation Failure) 612M->394M(808M) 47.959ms
[256.815s][info][gc,cpu         ] GC(684) User=0.09s Sys=0.00s Real=0.05s
[257.004s][info][gc,start       ] GC(685) Pause Young (Allocation Failure)
[257.035s][info][gc,heap        ] GC(685) PSYoungGen: 270848K(270848K)->13664K(308736K) Eden: 257536K(257536K)->0K(286720K) From: 13312K(13312K)->13664K(22016K)
[257.035s][info][gc,heap        ] GC(685) ParOldGen: 390927K(556544K)->391327K(556544K)
[257.035s][info][gc,metaspace   ] GC(685) Metaspace: 35251K(35904K)->35251K(35904K) NonClass: 26044K(26496K)->26044K(26496K) Class: 9207K(9408K)->9207K(9408K)
[257.035s][info][gc             ] GC(685) Pause Young (Allocation Failure) 646M->395M(845M) 31.160ms
[257.035s][info][gc,cpu         ] GC(685) User=0.06s Sys=0.01s Real=0.03s
[257.387s][info][gc,start       ] GC(686) Pause Young (Allocation Failure)
[257.388s][info][gc,heap        ] GC(686) PSYoungGen: 300384K(308736K)->64K(310272K) Eden: 286720K(286720K)->0K(286720K) From: 13664K(22016K)->64K(23552K)
[257.388s][info][gc,heap        ] GC(686) ParOldGen: 391327K(556544K)->391335K(556544K)
[257.388s][info][gc,metaspace   ] GC(686) Metaspace: 35251K(35904K)->35251K(35904K) NonClass: 26044K(26496K)->26044K(26496K) Class: 9207K(9408K)->9207K(9408K)
[257.388s][info][gc             ] GC(686) Pause Young (Allocation Failure) 675M->382M(846M) 1.541ms
[257.388s][info][gc,cpu         ] GC(686) User=0.00s Sys=0.00s Real=0.00s
[257.998s][info][gc,start       ] GC(687) Pause Young (Allocation Failure)
[258.000s][info][gc,heap        ] GC(687) PSYoungGen: 286784K(310272K)->64K(308736K) Eden: 286720K(286720K)->0K(287744K) From: 64K(23552K)->64K(20992K)
[258.000s][info][gc,heap        ] GC(687) ParOldGen: 391335K(556544K)->391343K(556544K)
[258.000s][info][gc,metaspace   ] GC(687) Metaspace: 35251K(35904K)->35251K(35904K) NonClass: 26044K(26496K)->26044K(26496K) Class: 9207K(9408K)->9207K(9408K)
[258.000s][info][gc             ] GC(687) Pause Young (Allocation Failure) 662M->382M(845M) 1.520ms
[258.000s][info][gc,cpu         ] GC(687) User=0.00s Sys=0.00s Real=0.01s
[258.445s][info][gc,start       ] GC(688) Pause Young (Allocation Failure)
[258.447s][info][gc,heap        ] GC(688) PSYoungGen: 287808K(308736K)->64K(309760K) Eden: 287744K(287744K)->0K(287744K) From: 64K(20992K)->64K(22016K)
[258.447s][info][gc,heap        ] GC(688) ParOldGen: 391343K(556544K)->391359K(556544K)
[258.447s][info][gc,metaspace   ] GC(688) Metaspace: 35251K(35904K)->35251K(35904K) NonClass: 26044K(26496K)->26044K(26496K) Class: 9207K(9408K)->9207K(9408K)
[258.447s][info][gc             ] GC(688) Pause Young (Allocation Failure) 663M->382M(846M) 1.516ms
[258.447s][info][gc,cpu         ] GC(688) User=0.00s Sys=0.00s Real=0.00s
[258.683s][info][gc,start       ] GC(689) Pause Young (Allocation Failure)
[258.684s][info][gc,heap        ] GC(689) PSYoungGen: 287808K(309760K)->64K(309760K) Eden: 287744K(287744K)->0K(290816K) From: 64K(22016K)->64K(18944K)
[258.684s][info][gc,heap        ] GC(689) ParOldGen: 391359K(556544K)->391375K(556544K)
[258.684s][info][gc,metaspace   ] GC(689) Metaspace: 35251K(35904K)->35251K(35904K) NonClass: 26044K(26496K)->26044K(26496K) Class: 9207K(9408K)->9207K(9408K)
[258.684s][info][gc             ] GC(689) Pause Young (Allocation Failure) 663M->382M(846M) 1.355ms
[258.684s][info][gc,cpu         ] GC(689) User=0.01s Sys=0.00s Real=0.00s
[258.927s][info][gc,start       ] GC(690) Pause Young (Allocation Failure)
[258.928s][info][gc,heap        ] GC(690) PSYoungGen: 290880K(309760K)->64K(310784K) Eden: 290816K(290816K)->0K(290816K) From: 64K(18944K)->64K(19968K)
[258.928s][info][gc,heap        ] GC(690) ParOldGen: 391375K(556544K)->391375K(556544K)
[258.928s][info][gc,metaspace   ] GC(690) Metaspace: 35251K(35904K)->35251K(35904K) NonClass: 26044K(26496K)->26044K(26496K) Class: 9207K(9408K)->9207K(9408K)
[258.928s][info][gc             ] GC(690) Pause Young (Allocation Failure) 666M->382M(847M) 1.436ms
[258.928s][info][gc,cpu         ] GC(690) User=0.01s Sys=0.00s Real=0.00s
[259.221s][info][gc,start       ] GC(691) Pause Young (Allocation Failure)
[259.222s][info][gc,heap        ] GC(691) PSYoungGen: 290880K(310784K)->64K(311296K) Eden: 290816K(290816K)->0K(294400K) From: 64K(19968K)->64K(16896K)
[259.222s][info][gc,heap        ] GC(691) ParOldGen: 391375K(556544K)->391375K(556544K)
[259.222s][info][gc,metaspace   ] GC(691) Metaspace: 35251K(35904K)->35251K(35904K) NonClass: 26044K(26496K)->26044K(26496K) Class: 9207K(9408K)->9207K(9408K)
[259.222s][info][gc             ] GC(691) Pause Young (Allocation Failure) 666M->382M(847M) 1.255ms
[259.222s][info][gc,cpu         ] GC(691) User=0.00s Sys=0.00s Real=0.00s
[259.275s][info][gc,start       ] GC(692) Pause Young (Allocation Failure)
[259.276s][info][gc,heap        ] GC(692) PSYoungGen: 294464K(311296K)->64K(312832K) Eden: 294400K(294400K)->0K(294400K) From: 64K(16896K)->64K(18432K)
[259.276s][info][gc,heap        ] GC(692) ParOldGen: 391375K(556544K)->391391K(556544K)
[259.277s][info][gc,metaspace   ] GC(692) Metaspace: 35251K(35904K)->35251K(35904K) NonClass: 26044K(26496K)->26044K(26496K) Class: 9207K(9408K)->9207K(9408K)
[259.277s][info][gc             ] GC(692) Pause Young (Allocation Failure) 669M->382M(849M) 1.328ms
[259.277s][info][gc,cpu         ] GC(692) User=0.00s Sys=0.00s Real=0.00s
[259.371s][info][gc,start       ] GC(693) Pause Young (Allocation Failure)
[259.373s][info][gc,heap        ] GC(693) PSYoungGen: 294464K(312832K)->64K(312832K) Eden: 294400K(294400K)->0K(297984K) From: 64K(18432K)->64K(14848K)
[259.373s][info][gc,heap        ] GC(693) ParOldGen: 391391K(556544K)->391391K(556544K)
[259.373s][info][gc,metaspace   ] GC(693) Metaspace: 35251K(35904K)->35251K(35904K) NonClass: 26044K(26496K)->26044K(26496K) Class: 9207K(9408K)->9207K(9408K)
[259.373s][info][gc             ] GC(693) Pause Young (Allocation Failure) 669M->382M(849M) 1.307ms
[259.373s][info][gc,cpu         ] GC(693) User=0.00s Sys=0.00s Real=0.00s
[259.691s][info][gc,start       ] GC(694) Pause Young (Allocation Failure)
[259.692s][info][gc,heap        ] GC(694) PSYoungGen: 298048K(312832K)->64K(314368K) Eden: 297984K(297984K)->0K(297984K) From: 64K(14848K)->64K(16384K)
[259.692s][info][gc,heap        ] GC(694) ParOldGen: 391391K(556544K)->391407K(556544K)
[259.692s][info][gc,metaspace   ] GC(694) Metaspace: 35251K(35904K)->35251K(35904K) NonClass: 26044K(26496K)->26044K(26496K) Class: 9207K(9408K)->9207K(9408K)
[259.692s][info][gc             ] GC(694) Pause Young (Allocation Failure) 673M->382M(850M) 1.332ms
[259.692s][info][gc,cpu         ] GC(694) User=0.01s Sys=0.00s Real=0.00s
[259.899s][info][gc,start       ] GC(695) Pause Young (Allocation Failure)
[259.901s][info][gc,heap        ] GC(695) PSYoungGen: 298048K(314368K)->64K(315904K) Eden: 297984K(297984K)->0K(302080K) From: 64K(16384K)->64K(13824K)
[259.901s][info][gc,heap        ] GC(695) ParOldGen: 391407K(556544K)->391407K(556544K)
[259.901s][info][gc,metaspace   ] GC(695) Metaspace: 35251K(35904K)->35251K(35904K) NonClass: 26044K(26496K)->26044K(26496K) Class: 9207K(9408K)->9207K(9408K)
[259.901s][info][gc             ] GC(695) Pause Young (Allocation Failure) 673M->382M(852M) 1.404ms
[259.901s][info][gc,cpu         ] GC(695) User=0.00s Sys=0.00s Real=0.00s
[259.988s][info][gc,start       ] GC(696) Pause Young (Allocation Failure)
[259.989s][info][gc,heap        ] GC(696) PSYoungGen: 302144K(315904K)->64K(316928K) Eden: 302080K(302080K)->0K(302080K) From: 64K(13824K)->64K(14848K)
[259.989s][info][gc,heap        ] GC(696) ParOldGen: 391407K(556544K)->391423K(556544K)
[259.989s][info][gc,metaspace   ] GC(696) Metaspace: 35251K(35904K)->35251K(35904K) NonClass: 26044K(26496K)->26044K(26496K) Class: 9207K(9408K)->9207K(9408K)
[259.990s][info][gc             ] GC(696) Pause Young (Allocation Failure) 677M->382M(853M) 1.396ms
[259.990s][info][gc,cpu         ] GC(696) User=0.00s Sys=0.00s Real=0.01s
[260.158s][info][gc,start       ] GC(697) Pause Young (Allocation Failure)
[260.159s][info][gc,heap        ] GC(697) PSYoungGen: 302144K(316928K)->64K(316928K) Eden: 302080K(302080K)->0K(305152K) From: 64K(14848K)->64K(11776K)
[260.159s][info][gc,heap        ] GC(697) ParOldGen: 391423K(556544K)->391423K(556544K)
[260.159s][info][gc,metaspace   ] GC(697) Metaspace: 35251K(35904K)->35251K(35904K) NonClass: 26044K(26496K)->26044K(26496K) Class: 9207K(9408K)->9207K(9408K)
[260.159s][info][gc             ] GC(697) Pause Young (Allocation Failure) 677M->382M(853M) 1.384ms
[260.159s][info][gc,cpu         ] GC(697) User=0.00s Sys=0.00s Real=0.01s
[261.077s][info][gc,start       ] GC(698) Pause Young (Allocation Failure)
[261.079s][info][gc,heap        ] GC(698) PSYoungGen: 305216K(316928K)->64K(293376K) Eden: 305152K(305152K)->0K(292864K) From: 64K(11776K)->64K(512K)
[261.079s][info][gc,heap        ] GC(698) ParOldGen: 391423K(556544K)->391431K(556544K)
[261.079s][info][gc,metaspace   ] GC(698) Metaspace: 35251K(35904K)->35251K(35904K) NonClass: 26044K(26496K)->26044K(26496K) Class: 9207K(9408K)->9207K(9408K)
[261.079s][info][gc             ] GC(698) Pause Young (Allocation Failure) 680M->382M(830M) 1.750ms
[261.079s][info][gc,cpu         ] GC(698) User=0.01s Sys=0.00s Real=0.01s
[261.907s][info][gc,start       ] GC(699) Pause Young (Allocation Failure)
[261.909s][info][gc,heap        ] GC(699) PSYoungGen: 292928K(293376K)->64K(281600K) Eden: 292864K(292864K)->0K(281088K) From: 64K(512K)->64K(512K)
[261.909s][info][gc,heap        ] GC(699) ParOldGen: 391431K(556544K)->391439K(556544K)
[261.909s][info][gc,metaspace   ] GC(699) Metaspace: 35251K(35904K)->35251K(35904K) NonClass: 26044K(26496K)->26044K(26496K) Class: 9207K(9408K)->9207K(9408K)
[261.909s][info][gc             ] GC(699) Pause Young (Allocation Failure) 668M->382M(818M) 2.137ms
[261.909s][info][gc,cpu         ] GC(699) User=0.00s Sys=0.01s Real=0.01s
[262.217s][info][gc,start       ] GC(700) Pause Young (Allocation Failure)
[262.218s][info][gc,heap        ] GC(700) PSYoungGen: 281152K(281600K)->64K(281088K) Eden: 281088K(281088K)->0K(269824K) From: 64K(512K)->64K(11264K)
[262.218s][info][gc,heap        ] GC(700) ParOldGen: 391439K(556544K)->391447K(556544K)
[262.218s][info][gc,metaspace   ] GC(700) Metaspace: 35251K(35904K)->35251K(35904K) NonClass: 26044K(26496K)->26044K(26496K) Class: 9207K(9408K)->9207K(9408K)
[262.218s][info][gc             ] GC(700) Pause Young (Allocation Failure) 656M->382M(818M) 1.333ms
[262.218s][info][gc,cpu         ] GC(700) User=0.00s Sys=0.00s Real=0.00s
[262.704s][info][gc,start       ] GC(701) Pause Young (Allocation Failure)
[262.706s][info][gc,heap        ] GC(701) PSYoungGen: 269888K(281088K)->64K(259584K) Eden: 269824K(269824K)->0K(259072K) From: 64K(11264K)->64K(512K)
[262.706s][info][gc,heap        ] GC(701) ParOldGen: 391447K(556544K)->391455K(556544K)
[262.706s][info][gc,metaspace   ] GC(701) Metaspace: 35251K(35904K)->35251K(35904K) NonClass: 26044K(26496K)->26044K(26496K) Class: 9207K(9408K)->9207K(9408K)
[262.706s][info][gc             ] GC(701) Pause Young (Allocation Failure) 645M->382M(797M) 1.998ms
[262.706s][info][gc,cpu         ] GC(701) User=0.00s Sys=0.00s Real=0.00s
[263.549s][info][gc,start       ] GC(702) Pause Young (Allocation Failure)
[263.550s][info][gc,heap        ] GC(702) PSYoungGen: 259136K(259584K)->64K(258560K) Eden: 259072K(259072K)->0K(248832K) From: 64K(512K)->64K(9728K)
[263.550s][info][gc,heap        ] GC(702) ParOldGen: 391455K(556544K)->391463K(556544K)
[263.550s][info][gc,metaspace   ] GC(702) Metaspace: 35251K(35904K)->35251K(35904K) NonClass: 26044K(26496K)->26044K(26496K) Class: 9207K(9408K)->9207K(9408K)
[263.550s][info][gc             ] GC(702) Pause Young (Allocation Failure) 635M->382M(796M) 1.321ms
[263.550s][info][gc,cpu         ] GC(702) User=0.00s Sys=0.00s Real=0.00s
[263.912s][info][gc,start       ] GC(703) Pause Young (Allocation Failure)
[263.914s][info][gc,heap        ] GC(703) PSYoungGen: 248896K(258560K)->64K(239616K) Eden: 248832K(248832K)->0K(239104K) From: 64K(9728K)->64K(512K)
[263.914s][info][gc,heap        ] GC(703) ParOldGen: 391463K(556544K)->391471K(556544K)
[263.914s][info][gc,metaspace   ] GC(703) Metaspace: 35251K(35904K)->35251K(35904K) NonClass: 26044K(26496K)->26044K(26496K) Class: 9207K(9408K)->9207K(9408K)
[263.914s][info][gc             ] GC(703) Pause Young (Allocation Failure) 625M->382M(777M) 2.056ms
[263.914s][info][gc,cpu         ] GC(703) User=0.01s Sys=0.00s Real=0.00s
[263.970s][info][gc,start       ] GC(704) Pause Young (Allocation Failure)
[263.972s][info][gc,heap        ] GC(704) PSYoungGen: 239168K(239616K)->64K(238592K) Eden: 239104K(239104K)->0K(229888K) From: 64K(512K)->64K(8704K)
[263.972s][info][gc,heap        ] GC(704) ParOldGen: 391471K(556544K)->391487K(556544K)
[263.972s][info][gc,metaspace   ] GC(704) Metaspace: 35251K(35904K)->35251K(35904K) NonClass: 26044K(26496K)->26044K(26496K) Class: 9207K(9408K)->9207K(9408K)
[263.972s][info][gc             ] GC(704) Pause Young (Allocation Failure) 615M->382M(776M) 1.395ms
[263.972s][info][gc,cpu         ] GC(704) User=0.00s Sys=0.00s Real=0.00s
[264.419s][info][gc,start       ] GC(705) Pause Young (Allocation Failure)
[264.421s][info][gc,heap        ] GC(705) PSYoungGen: 229952K(238592K)->64K(221696K) Eden: 229888K(229888K)->0K(221184K) From: 64K(8704K)->64K(512K)
[264.421s][info][gc,heap        ] GC(705) ParOldGen: 391487K(556544K)->391487K(556544K)
[264.421s][info][gc,metaspace   ] GC(705) Metaspace: 35251K(35904K)->35251K(35904K) NonClass: 26044K(26496K)->26044K(26496K) Class: 9207K(9408K)->9207K(9408K)
[264.421s][info][gc             ] GC(705) Pause Young (Allocation Failure) 606M->382M(760M) 2.362ms
[264.421s][info][gc,cpu         ] GC(705) User=0.00s Sys=0.00s Real=0.00s
[264.685s][info][gc,start       ] GC(706) Pause Young (Allocation Failure)
[264.687s][info][gc,heap        ] GC(706) PSYoungGen: 221248K(221696K)->64K(220672K) Eden: 221184K(221184K)->0K(212992K) From: 64K(512K)->64K(7680K)
[264.687s][info][gc,heap        ] GC(706) ParOldGen: 391487K(556544K)->391503K(556544K)
[264.687s][info][gc,metaspace   ] GC(706) Metaspace: 35251K(35904K)->35251K(35904K) NonClass: 26044K(26496K)->26044K(26496K) Class: 9207K(9408K)->9207K(9408K)
[264.687s][info][gc             ] GC(706) Pause Young (Allocation Failure) 598M->382M(759M) 2.644ms
[264.687s][info][gc,cpu         ] GC(706) User=0.01s Sys=0.00s Real=0.00s
[265.037s][info][gc,start       ] GC(707) Pause Young (Allocation Failure)
[265.047s][info][gc,heap        ] GC(707) PSYoungGen: 213056K(220672K)->4992K(261120K) Eden: 212992K(212992K)->0K(256000K) From: 64K(7680K)->4992K(5120K)
[265.047s][info][gc,heap        ] GC(707) ParOldGen: 391503K(556544K)->391511K(556544K)
[265.047s][info][gc,metaspace   ] GC(707) Metaspace: 35251K(35904K)->35251K(35904K) NonClass: 26044K(26496K)->26044K(26496K) Class: 9207K(9408K)->9207K(9408K)
[265.047s][info][gc             ] GC(707) Pause Young (Allocation Failure) 590M->387M(798M) 9.556ms
[265.047s][info][gc,cpu         ] GC(707) User=0.01s Sys=0.00s Real=0.01s
[265.377s][info][gc,start       ] GC(708) Pause Young (Allocation Failure)
[265.424s][info][gc,heap        ] GC(708) PSYoungGen: 260992K(261120K)->8192K(270848K) Eden: 256000K(256000K)->0K(262656K) From: 4992K(5120K)->8192K(8192K)
[265.424s][info][gc,heap        ] GC(708) ParOldGen: 391511K(556544K)->412495K(556544K)
[265.424s][info][gc,metaspace   ] GC(708) Metaspace: 35251K(35904K)->35251K(35904K) NonClass: 26044K(26496K)->26044K(26496K) Class: 9207K(9408K)->9207K(9408K)
[265.424s][info][gc             ] GC(708) Pause Young (Allocation Failure) 637M->410M(808M) 46.484ms
[265.424s][info][gc,cpu         ] GC(708) User=0.10s Sys=0.00s Real=0.05s
[265.758s][info][gc,start       ] GC(709) Pause Young (Allocation Failure)
[265.816s][info][gc,heap        ] GC(709) PSYoungGen: 270848K(270848K)->17920K(300544K) Eden: 262656K(262656K)->0K(282624K) From: 8192K(8192K)->17920K(17920K)
[265.816s][info][gc,heap        ] GC(709) ParOldGen: 412495K(556544K)->423655K(556544K)
[265.816s][info][gc,metaspace   ] GC(709) Metaspace: 35251K(35904K)->35251K(35904K) NonClass: 26044K(26496K)->26044K(26496K) Class: 9207K(9408K)->9207K(9408K)
[265.816s][info][gc             ] GC(709) Pause Young (Allocation Failure) 667M->431M(837M) 58.265ms
[265.816s][info][gc,cpu         ] GC(709) User=0.10s Sys=0.01s Real=0.06s
[265.913s][info][gc,start       ] GC(710) Pause Young (Allocation Failure)
[265.917s][info][gc,heap        ] GC(710) PSYoungGen: 300544K(300544K)->64K(308224K) Eden: 282624K(282624K)->0K(282624K) From: 17920K(17920K)->64K(25600K)
[265.917s][info][gc,heap        ] GC(710) ParOldGen: 423655K(556544K)->423943K(556544K)
[265.917s][info][gc,metaspace   ] GC(710) Metaspace: 35251K(35904K)->35251K(35904K) NonClass: 26044K(26496K)->26044K(26496K) Class: 9207K(9408K)->9207K(9408K)
[265.917s][info][gc             ] GC(710) Pause Young (Allocation Failure) 707M->414M(844M) 4.454ms
[265.917s][info][gc,cpu         ] GC(710) User=0.01s Sys=0.00s Real=0.00s
[266.584s][info][gc,start       ] GC(711) Pause Young (Allocation Failure)
[266.585s][info][gc,heap        ] GC(711) PSYoungGen: 282688K(308224K)->64K(305664K) Eden: 282624K(282624K)->0K(283136K) From: 64K(25600K)->64K(22528K)
[266.585s][info][gc,heap        ] GC(711) ParOldGen: 423943K(556544K)->423951K(556544K)
[266.585s][info][gc,metaspace   ] GC(711) Metaspace: 35251K(35904K)->35251K(35904K) NonClass: 26044K(26496K)->26044K(26496K) Class: 9207K(9408K)->9207K(9408K)
[266.585s][info][gc             ] GC(711) Pause Young (Allocation Failure) 690M->414M(842M) 1.643ms
[266.585s][info][gc,cpu         ] GC(711) User=0.00s Sys=0.00s Real=0.00s
[266.947s][info][gc,start       ] GC(712) Pause Young (Allocation Failure)
[266.948s][info][gc,heap        ] GC(712) PSYoungGen: 283200K(305664K)->64K(307200K) Eden: 283136K(283136K)->0K(283136K) From: 64K(22528K)->64K(24064K)
[266.949s][info][gc,heap        ] GC(712) ParOldGen: 423951K(556544K)->423959K(556544K)
[266.949s][info][gc,metaspace   ] GC(712) Metaspace: 35251K(35904K)->35251K(35904K) NonClass: 26044K(26496K)->26044K(26496K) Class: 9207K(9408K)->9207K(9408K)
[266.949s][info][gc             ] GC(712) Pause Young (Allocation Failure) 690M->414M(843M) 1.426ms
[266.949s][info][gc,cpu         ] GC(712) User=0.00s Sys=0.00s Real=0.01s
[267.372s][info][gc,start       ] GC(713) Pause Young (Allocation Failure)
[267.373s][info][gc,heap        ] GC(713) PSYoungGen: 283200K(307200K)->64K(307200K) Eden: 283136K(283136K)->0K(286720K) From: 64K(24064K)->64K(20480K)
[267.373s][info][gc,heap        ] GC(713) ParOldGen: 423959K(556544K)->423975K(556544K)
[267.373s][info][gc,metaspace   ] GC(713) Metaspace: 35251K(35904K)->35251K(35904K) NonClass: 26044K(26496K)->26044K(26496K) Class: 9207K(9408K)->9207K(9408K)
[267.373s][info][gc             ] GC(713) Pause Young (Allocation Failure) 690M->414M(843M) 1.530ms
[267.373s][info][gc,cpu         ] GC(713) User=0.01s Sys=0.00s Real=0.00s
[267.611s][info][gc,start       ] GC(714) Pause Young (Allocation Failure)
[267.612s][info][gc,heap        ] GC(714) PSYoungGen: 286784K(307200K)->64K(308736K) Eden: 286720K(286720K)->0K(286720K) From: 64K(20480K)->64K(22016K)
[267.612s][info][gc,heap        ] GC(714) ParOldGen: 423975K(556544K)->423991K(556544K)
[267.612s][info][gc,metaspace   ] GC(714) Metaspace: 35251K(35904K)->35251K(35904K) NonClass: 26044K(26496K)->26044K(26496K) Class: 9207K(9408K)->9207K(9408K)
[267.612s][info][gc             ] GC(714) Pause Young (Allocation Failure) 694M->414M(845M) 1.395ms
[267.612s][info][gc,cpu         ] GC(714) User=0.00s Sys=0.00s Real=0.00s
[267.966s][info][gc,start       ] GC(715) Pause Young (Allocation Failure)
[267.967s][info][gc,heap        ] GC(715) PSYoungGen: 286784K(308736K)->64K(309248K) Eden: 286720K(286720K)->0K(290816K) From: 64K(22016K)->64K(18432K)
[267.967s][info][gc,heap        ] GC(715) ParOldGen: 423991K(556544K)->423991K(556544K)
[267.967s][info][gc,metaspace   ] GC(715) Metaspace: 35251K(35904K)->35251K(35904K) NonClass: 26044K(26496K)->26044K(26496K) Class: 9207K(9408K)->9207K(9408K)
[267.967s][info][gc             ] GC(715) Pause Young (Allocation Failure) 694M->414M(845M) 1.402ms
[267.967s][info][gc,cpu         ] GC(715) User=0.01s Sys=0.00s Real=0.00s
[268.054s][info][gc,start       ] GC(716) Pause Young (Allocation Failure)
[268.056s][info][gc,heap        ] GC(716) PSYoungGen: 290880K(309248K)->64K(310784K) Eden: 290816K(290816K)->0K(290816K) From: 64K(18432K)->64K(19968K)
[268.056s][info][gc,heap        ] GC(716) ParOldGen: 423991K(556544K)->423999K(556544K)
[268.056s][info][gc,metaspace   ] GC(716) Metaspace: 35251K(35904K)->35251K(35904K) NonClass: 26044K(26496K)->26044K(26496K) Class: 9207K(9408K)->9207K(9408K)
[268.056s][info][gc             ] GC(716) Pause Young (Allocation Failure) 698M->414M(847M) 1.400ms
[268.056s][info][gc,cpu         ] GC(716) User=0.00s Sys=0.00s Real=0.00s
[268.106s][info][gc,start       ] GC(717) Pause Young (Allocation Failure)
[268.107s][info][gc,heap        ] GC(717) PSYoungGen: 290880K(310784K)->64K(311296K) Eden: 290816K(290816K)->0K(294912K) From: 64K(19968K)->64K(16384K)
[268.107s][info][gc,heap        ] GC(717) ParOldGen: 423999K(556544K)->424015K(556544K)
[268.107s][info][gc,metaspace   ] GC(717) Metaspace: 35251K(35904K)->35251K(35904K) NonClass: 26044K(26496K)->26044K(26496K) Class: 9207K(9408K)->9207K(9408K)
[268.107s][info][gc             ] GC(717) Pause Young (Allocation Failure) 698M->414M(847M) 1.290ms
[268.107s][info][gc,cpu         ] GC(717) User=0.00s Sys=0.00s Real=0.00s
[268.327s][info][gc,start       ] GC(718) Pause Young (Allocation Failure)
[268.328s][info][gc,heap        ] GC(718) PSYoungGen: 294976K(311296K)->64K(312832K) Eden: 294912K(294912K)->0K(294912K) From: 64K(16384K)->64K(17920K)
[268.328s][info][gc,heap        ] GC(718) ParOldGen: 424015K(556544K)->424015K(556544K)
[268.328s][info][gc,metaspace   ] GC(718) Metaspace: 35251K(35904K)->35251K(35904K) NonClass: 26044K(26496K)->26044K(26496K) Class: 9207K(9408K)->9207K(9408K)
[268.328s][info][gc             ] GC(718) Pause Young (Allocation Failure) 702M->414M(849M) 1.430ms
[268.328s][info][gc,cpu         ] GC(718) User=0.00s Sys=0.00s Real=0.00s
[268.612s][info][gc,start       ] GC(719) Pause Young (Allocation Failure)
[268.613s][info][gc,heap        ] GC(719) PSYoungGen: 294976K(312832K)->64K(313344K) Eden: 294912K(294912K)->0K(299008K) From: 64K(17920K)->64K(14336K)
[268.613s][info][gc,heap        ] GC(719) ParOldGen: 424015K(556544K)->424023K(556544K)
[268.613s][info][gc,metaspace   ] GC(719) Metaspace: 35251K(35904K)->35251K(35904K) NonClass: 26044K(26496K)->26044K(26496K) Class: 9207K(9408K)->9207K(9408K)
[268.613s][info][gc             ] GC(719) Pause Young (Allocation Failure) 702M->414M(849M) 1.509ms
[268.613s][info][gc,cpu         ] GC(719) User=0.01s Sys=0.00s Real=0.00s
[268.748s][info][gc,start       ] GC(720) Pause Young (Allocation Failure)
[268.750s][info][gc,heap        ] GC(720) PSYoungGen: 299072K(313344K)->64K(314880K) Eden: 299008K(299008K)->0K(299008K) From: 64K(14336K)->64K(15872K)
[268.750s][info][gc,heap        ] GC(720) ParOldGen: 424023K(556544K)->424031K(556544K)
[268.750s][info][gc,metaspace   ] GC(720) Metaspace: 35251K(35904K)->35251K(35904K) NonClass: 26044K(26496K)->26044K(26496K) Class: 9207K(9408K)->9207K(9408K)
[268.750s][info][gc             ] GC(720) Pause Young (Allocation Failure) 706M->414M(851M) 1.409ms
[268.750s][info][gc,cpu         ] GC(720) User=0.00s Sys=0.00s Real=0.01s
[268.858s][info][gc,start       ] GC(721) Pause Young (Allocation Failure)
[268.860s][info][gc,heap        ] GC(721) PSYoungGen: 299072K(314880K)->64K(315392K) Eden: 299008K(299008K)->0K(303104K) From: 64K(15872K)->64K(12288K)
[268.860s][info][gc,heap        ] GC(721) ParOldGen: 424031K(556544K)->424039K(556544K)
[268.860s][info][gc,metaspace   ] GC(721) Metaspace: 35251K(35904K)->35251K(35904K) NonClass: 26044K(26496K)->26044K(26496K) Class: 9207K(9408K)->9207K(9408K)
[268.860s][info][gc             ] GC(721) Pause Young (Allocation Failure) 706M->414M(851M) 1.469ms
[268.860s][info][gc,cpu         ] GC(721) User=0.00s Sys=0.00s Real=0.01s
[269.125s][info][gc,start       ] GC(722) Pause Young (Allocation Failure)
[269.127s][info][gc,heap        ] GC(722) PSYoungGen: 303168K(315392K)->64K(316928K) Eden: 303104K(303104K)->0K(303104K) From: 64K(12288K)->64K(13824K)
[269.127s][info][gc,heap        ] GC(722) ParOldGen: 424039K(556544K)->424047K(556544K)
[269.127s][info][gc,metaspace   ] GC(722) Metaspace: 35251K(35904K)->35251K(35904K) NonClass: 26044K(26496K)->26044K(26496K) Class: 9207K(9408K)->9207K(9408K)
[269.127s][info][gc             ] GC(722) Pause Young (Allocation Failure) 710M->414M(853M) 1.561ms
[269.127s][info][gc,cpu         ] GC(722) User=0.00s Sys=0.00s Real=0.00s
[269.948s][info][gc,start       ] GC(723) Pause Young (Allocation Failure)
[269.952s][info][gc,heap        ] GC(723) PSYoungGen: 303168K(316928K)->83K(291328K) Eden: 303104K(303104K)->0K(290816K) From: 64K(13824K)->83K(512K)
[269.952s][info][gc,heap        ] GC(723) ParOldGen: 424047K(556544K)->424055K(556544K)
[269.952s][info][gc,metaspace   ] GC(723) Metaspace: 35251K(35904K)->35251K(35904K) NonClass: 26044K(26496K)->26044K(26496K) Class: 9207K(9408K)->9207K(9408K)
[269.952s][info][gc             ] GC(723) Pause Young (Allocation Failure) 710M->414M(828M) 4.252ms
[269.952s][info][gc,cpu         ] GC(723) User=0.00s Sys=0.00s Real=0.01s
[270.874s][info][gc,start       ] GC(724) Pause Young (Allocation Failure)
[270.877s][info][gc,heap        ] GC(724) PSYoungGen: 290899K(291328K)->64K(291328K) Eden: 290816K(290816K)->0K(279040K) From: 83K(512K)->64K(12288K)
[270.877s][info][gc,heap        ] GC(724) ParOldGen: 424055K(556544K)->424063K(556544K)
[270.877s][info][gc,metaspace   ] GC(724) Metaspace: 35251K(35904K)->35251K(35904K) NonClass: 26044K(26496K)->26044K(26496K) Class: 9207K(9408K)->9207K(9408K)
[270.877s][info][gc             ] GC(724) Pause Young (Allocation Failure) 698M->414M(828M) 2.942ms
[270.877s][info][gc,cpu         ] GC(724) User=0.00s Sys=0.00s Real=0.00s
[271.313s][info][gc,start       ] GC(725) Pause Young (Allocation Failure)
[271.315s][info][gc,heap        ] GC(725) PSYoungGen: 279104K(291328K)->64K(268288K) Eden: 279040K(279040K)->0K(267776K) From: 64K(12288K)->64K(512K)
[271.315s][info][gc,heap        ] GC(725) ParOldGen: 424063K(556544K)->424071K(556544K)
[271.315s][info][gc,metaspace   ] GC(725) Metaspace: 35251K(35904K)->35251K(35904K) NonClass: 26044K(26496K)->26044K(26496K) Class: 9207K(9408K)->9207K(9408K)
[271.315s][info][gc             ] GC(725) Pause Young (Allocation Failure) 686M->414M(805M) 1.681ms
[271.315s][info][gc,cpu         ] GC(725) User=0.00s Sys=0.01s Real=0.00s
[272.275s][info][gc,start       ] GC(726) Pause Young (Allocation Failure)
[272.277s][info][gc,heap        ] GC(726) PSYoungGen: 267840K(268288K)->64K(267776K) Eden: 267776K(267776K)->0K(257024K) From: 64K(512K)->64K(10752K)
[272.277s][info][gc,heap        ] GC(726) ParOldGen: 424071K(556544K)->424079K(556544K)
[272.277s][info][gc,metaspace   ] GC(726) Metaspace: 35251K(35904K)->35251K(35904K) NonClass: 26044K(26496K)->26044K(26496K) Class: 9207K(9408K)->9207K(9408K)
[272.277s][info][gc             ] GC(726) Pause Young (Allocation Failure) 675M->414M(805M) 1.587ms
[272.277s][info][gc,cpu         ] GC(726) User=0.01s Sys=0.00s Real=0.00s
[272.658s][info][gc,start       ] GC(727) Pause Young (Allocation Failure)
[272.660s][info][gc,heap        ] GC(727) PSYoungGen: 257088K(267776K)->64K(247296K) Eden: 257024K(257024K)->0K(246784K) From: 64K(10752K)->64K(512K)
[272.660s][info][gc,heap        ] GC(727) ParOldGen: 424079K(556544K)->424095K(556544K)
[272.660s][info][gc,metaspace   ] GC(727) Metaspace: 35251K(35904K)->35251K(35904K) NonClass: 26044K(26496K)->26044K(26496K) Class: 9207K(9408K)->9207K(9408K)
[272.660s][info][gc             ] GC(727) Pause Young (Allocation Failure) 665M->414M(785M) 2.908ms
[272.660s][info][gc,cpu         ] GC(727) User=0.00s Sys=0.00s Real=0.01s
[272.816s][info][gc,start       ] GC(728) Pause Young (Allocation Failure)
[272.818s][info][gc,heap        ] GC(728) PSYoungGen: 246848K(247296K)->32K(246272K) Eden: 246784K(246784K)->0K(237056K) From: 64K(512K)->32K(9216K)
[272.818s][info][gc,heap        ] GC(728) ParOldGen: 424095K(556544K)->424103K(556544K)
[272.818s][info][gc,metaspace   ] GC(728) Metaspace: 35251K(35904K)->35251K(35904K) NonClass: 26044K(26496K)->26044K(26496K) Class: 9207K(9408K)->9207K(9408K)
[272.818s][info][gc             ] GC(728) Pause Young (Allocation Failure) 655M->414M(784M) 2.438ms
[272.818s][info][gc,cpu         ] GC(728) User=0.00s Sys=0.00s Real=0.00s
[272.997s][info][gc,start       ] GC(729) Pause Young (Allocation Failure)
[273.000s][info][gc,heap        ] GC(729) PSYoungGen: 237088K(246272K)->64K(228352K) Eden: 237056K(237056K)->0K(227840K) From: 32K(9216K)->64K(512K)
[273.000s][info][gc,heap        ] GC(729) ParOldGen: 424103K(556544K)->424111K(556544K)
[273.000s][info][gc,metaspace   ] GC(729) Metaspace: 35251K(35904K)->35251K(35904K) NonClass: 26044K(26496K)->26044K(26496K) Class: 9207K(9408K)->9207K(9408K)
[273.000s][info][gc             ] GC(729) Pause Young (Allocation Failure) 645M->414M(766M) 2.981ms
[273.000s][info][gc,cpu         ] GC(729) User=0.00s Sys=0.00s Real=0.01s
[273.511s][info][gc,start       ] GC(730) Pause Young (Allocation Failure)
[273.513s][info][gc,heap        ] GC(730) PSYoungGen: 227904K(228352K)->64K(227328K) Eden: 227840K(227840K)->0K(219136K) From: 64K(512K)->64K(8192K)
[273.513s][info][gc,heap        ] GC(730) ParOldGen: 424111K(556544K)->424127K(556544K)
[273.513s][info][gc,metaspace   ] GC(730) Metaspace: 35251K(35904K)->35251K(35904K) NonClass: 26044K(26496K)->26044K(26496K) Class: 9207K(9408K)->9207K(9408K)
[273.514s][info][gc             ] GC(730) Pause Young (Allocation Failure) 636M->414M(765M) 2.293ms
[273.514s][info][gc,cpu         ] GC(730) User=0.01s Sys=0.00s Real=0.00s
[273.743s][info][gc,start       ] GC(731) Pause Young (Allocation Failure)
[273.746s][info][gc,heap        ] GC(731) PSYoungGen: 219198K(227328K)->64K(211456K) Eden: 219134K(219136K)->0K(210944K) From: 64K(8192K)->64K(512K)
[273.746s][info][gc,heap        ] GC(731) ParOldGen: 424127K(556544K)->424135K(556544K)
[273.746s][info][gc,metaspace   ] GC(731) Metaspace: 35251K(35904K)->35251K(35904K) NonClass: 26044K(26496K)->26044K(26496K) Class: 9207K(9408K)->9207K(9408K)
[273.746s][info][gc             ] GC(731) Pause Young (Allocation Failure) 628M->414M(750M) 2.886ms
[273.746s][info][gc,cpu         ] GC(731) User=0.01s Sys=0.00s Real=0.00s
[274.058s][info][gc,start       ] GC(732) Pause Young (Allocation Failure)
[274.088s][info][gc,heap        ] GC(732) PSYoungGen: 211008K(211456K)->7168K(260608K) Eden: 210944K(210944K)->0K(253440K) From: 64K(512K)->7168K(7168K)
[274.088s][info][gc,heap        ] GC(732) ParOldGen: 424135K(556544K)->434759K(556544K)
[274.088s][info][gc,metaspace   ] GC(732) Metaspace: 35251K(35904K)->35251K(35904K) NonClass: 26044K(26496K)->26044K(26496K) Class: 9207K(9408K)->9207K(9408K)
[274.088s][info][gc             ] GC(732) Pause Young (Allocation Failure) 620M->431M(798M) 30.182ms
[274.088s][info][gc,cpu         ] GC(732) User=0.05s Sys=0.00s Real=0.03s
[274.416s][info][gc,start       ] GC(733) Pause Young (Allocation Failure)
[274.463s][info][gc,heap        ] GC(733) PSYoungGen: 260608K(260608K)->7168K(263680K) Eden: 253440K(253440K)->0K(256512K) From: 7168K(7168K)->7168K(7168K)
[274.464s][info][gc,heap        ] GC(733) ParOldGen: 434759K(556544K)->456767K(556544K)
[274.464s][info][gc,metaspace   ] GC(733) Metaspace: 35251K(35904K)->35251K(35904K) NonClass: 26044K(26496K)->26044K(26496K) Class: 9207K(9408K)->9207K(9408K)
[274.464s][info][gc             ] GC(733) Pause Young (Allocation Failure) 679M->453M(801M) 47.235ms
[274.464s][info][gc,cpu         ] GC(733) User=0.09s Sys=0.00s Real=0.05s
[274.676s][info][gc,start       ] GC(734) Pause Young (Allocation Failure)
[274.705s][info][gc,heap        ] GC(734) PSYoungGen: 263680K(263680K)->15968K(278016K) Eden: 256512K(256512K)->0K(256512K) From: 7168K(7168K)->15968K(21504K)
[274.706s][info][gc,heap        ] GC(734) ParOldGen: 456767K(556544K)->457359K(556544K)
[274.706s][info][gc,metaspace   ] GC(734) Metaspace: 35251K(35904K)->35251K(35904K) NonClass: 26044K(26496K)->26044K(26496K) Class: 9207K(9408K)->9207K(9408K)
[274.706s][info][gc             ] GC(734) Pause Young (Allocation Failure) 703M->462M(815M) 29.254ms
[274.706s][info][gc,cpu         ] GC(734) User=0.06s Sys=0.00s Real=0.03s
[274.933s][info][gc,start       ] GC(735) Pause Young (Allocation Failure)
[274.934s][info][gc,heap        ] GC(735) PSYoungGen: 272480K(278016K)->64K(310784K) Eden: 256512K(256512K)->0K(286720K) From: 15968K(21504K)->64K(24064K)
[274.934s][info][gc,heap        ] GC(735) ParOldGen: 457359K(556544K)->457367K(556544K)
[274.934s][info][gc,metaspace   ] GC(735) Metaspace: 35251K(35904K)->35251K(35904K) NonClass: 26044K(26496K)->26044K(26496K) Class: 9207K(9408K)->9207K(9408K)
[274.934s][info][gc             ] GC(735) Pause Young (Allocation Failure) 712M->446M(847M) 1.559ms
[274.934s][info][gc,cpu         ] GC(735) User=0.01s Sys=0.00s Real=0.00s
[275.607s][info][gc,start       ] GC(736) Pause Young (Allocation Failure)
[275.609s][info][gc,heap        ] GC(736) PSYoungGen: 286784K(310784K)->64K(287232K) Eden: 286720K(286720K)->0K(286720K) From: 64K(24064K)->64K(512K)
[275.609s][info][gc,heap        ] GC(736) ParOldGen: 457367K(556544K)->457375K(556544K)
[275.609s][info][gc,metaspace   ] GC(736) Metaspace: 35251K(35904K)->35251K(35904K) NonClass: 26044K(26496K)->26044K(26496K) Class: 9207K(9408K)->9207K(9408K)
[275.609s][info][gc             ] GC(736) Pause Young (Allocation Failure) 726M->446M(824M) 1.659ms
[275.609s][info][gc,cpu         ] GC(736) User=0.01s Sys=0.00s Real=0.01s
[276.070s][info][gc,start       ] GC(737) Pause Young (Allocation Failure)
[276.071s][info][gc,heap        ] GC(737) PSYoungGen: 286784K(287232K)->64K(310272K) Eden: 286720K(286720K)->0K(287744K) From: 64K(512K)->64K(22528K)
[276.071s][info][gc,heap        ] GC(737) ParOldGen: 457375K(556544K)->457391K(556544K)
[276.071s][info][gc,metaspace   ] GC(737) Metaspace: 35251K(35904K)->35251K(35904K) NonClass: 26044K(26496K)->26044K(26496K) Class: 9207K(9408K)->9207K(9408K)
[276.071s][info][gc             ] GC(737) Pause Young (Allocation Failure) 726M->446M(846M) 1.670ms
[276.071s][info][gc,cpu         ] GC(737) User=0.00s Sys=0.00s Real=0.00s
[276.306s][info][gc,start       ] GC(738) Pause Young (Allocation Failure)
[276.308s][info][gc,heap        ] GC(738) PSYoungGen: 287808K(310272K)->64K(309248K) Eden: 287744K(287744K)->0K(287744K) From: 64K(22528K)->64K(21504K)
[276.308s][info][gc,heap        ] GC(738) ParOldGen: 457391K(556544K)->457407K(556544K)
[276.308s][info][gc,metaspace   ] GC(738) Metaspace: 35251K(35904K)->35251K(35904K) NonClass: 26044K(26496K)->26044K(26496K) Class: 9207K(9408K)->9207K(9408K)
[276.308s][info][gc             ] GC(738) Pause Young (Allocation Failure) 727M->446M(845M) 1.462ms
[276.308s][info][gc,cpu         ] GC(738) User=0.00s Sys=0.00s Real=0.00s
[276.544s][info][gc,start       ] GC(739) Pause Young (Allocation Failure)
[276.545s][info][gc,heap        ] GC(739) PSYoungGen: 287808K(309248K)->64K(310784K) Eden: 287744K(287744K)->0K(290304K) From: 64K(21504K)->64K(20480K)
[276.545s][info][gc,heap        ] GC(739) ParOldGen: 457407K(556544K)->457407K(556544K)
[276.545s][info][gc,metaspace   ] GC(739) Metaspace: 35251K(35904K)->35251K(35904K) NonClass: 26044K(26496K)->26044K(26496K) Class: 9207K(9408K)->9207K(9408K)
[276.545s][info][gc             ] GC(739) Pause Young (Allocation Failure) 727M->446M(847M) 1.407ms
[276.545s][info][gc,cpu         ] GC(739) User=0.00s Sys=0.00s Real=0.00s
[276.877s][info][gc,start       ] GC(740) Pause Young (Allocation Failure)
[276.878s][info][gc,heap        ] GC(740) PSYoungGen: 290368K(310784K)->64K(310272K) Eden: 290304K(290304K)->0K(290304K) From: 64K(20480K)->64K(19968K)
[276.878s][info][gc,heap        ] GC(740) ParOldGen: 457407K(556544K)->457407K(556544K)
[276.878s][info][gc,metaspace   ] GC(740) Metaspace: 35251K(35904K)->35251K(35904K) NonClass: 26044K(26496K)->26044K(26496K) Class: 9207K(9408K)->9207K(9408K)
[276.878s][info][gc             ] GC(740) Pause Young (Allocation Failure) 730M->446M(846M) 1.497ms
[276.878s][info][gc,cpu         ] GC(740) User=0.00s Sys=0.00s Real=0.00s
[276.927s][info][gc,start       ] GC(741) Pause Young (Allocation Failure)
[276.929s][info][gc,heap        ] GC(741) PSYoungGen: 290368K(310272K)->64K(312832K) Eden: 290304K(290304K)->0K(294400K) From: 64K(19968K)->64K(18432K)
[276.929s][info][gc,heap        ] GC(741) ParOldGen: 457407K(556544K)->457423K(556544K)
[276.929s][info][gc,metaspace   ] GC(741) Metaspace: 35251K(35904K)->35251K(35904K) NonClass: 26044K(26496K)->26044K(26496K) Class: 9207K(9408K)->9207K(9408K)
[276.929s][info][gc             ] GC(741) Pause Young (Allocation Failure) 730M->446M(849M) 1.376ms
[276.929s][info][gc,cpu         ] GC(741) User=0.00s Sys=0.01s Real=0.01s
[276.982s][info][gc,start       ] GC(742) Pause Young (Allocation Failure)
[276.984s][info][gc,heap        ] GC(742) PSYoungGen: 294464K(312832K)->64K(312320K) Eden: 294400K(294400K)->0K(294400K) From: 64K(18432K)->64K(17920K)
[276.984s][info][gc,heap        ] GC(742) ParOldGen: 457423K(556544K)->457423K(556544K)
[276.984s][info][gc,metaspace   ] GC(742) Metaspace: 35251K(35904K)->35251K(35904K) NonClass: 26044K(26496K)->26044K(26496K) Class: 9207K(9408K)->9207K(9408K)
[276.984s][info][gc             ] GC(742) Pause Young (Allocation Failure) 734M->446M(848M) 1.420ms
[276.984s][info][gc,cpu         ] GC(742) User=0.00s Sys=0.00s Real=0.00s
[277.287s][info][gc,start       ] GC(743) Pause Young (Allocation Failure)
[277.289s][info][gc,heap        ] GC(743) PSYoungGen: 294464K(312320K)->64K(314880K) Eden: 294400K(294400K)->0K(298496K) From: 64K(17920K)->64K(16384K)
[277.289s][info][gc,heap        ] GC(743) ParOldGen: 457423K(556544K)->457423K(556544K)
[277.289s][info][gc,metaspace   ] GC(743) Metaspace: 35251K(35904K)->35251K(35904K) NonClass: 26044K(26496K)->26044K(26496K) Class: 9207K(9408K)->9207K(9408K)
[277.289s][info][gc             ] GC(743) Pause Young (Allocation Failure) 734M->446M(851M) 1.416ms
[277.289s][info][gc,cpu         ] GC(743) User=0.01s Sys=0.00s Real=0.01s
[277.543s][info][gc,start       ] GC(744) Pause Young (Allocation Failure)
[277.544s][info][gc,heap        ] GC(744) PSYoungGen: 298560K(314880K)->64K(314368K) Eden: 298496K(298496K)->0K(298496K) From: 64K(16384K)->64K(15872K)
[277.544s][info][gc,heap        ] GC(744) ParOldGen: 457423K(556544K)->457431K(556544K)
[277.544s][info][gc,metaspace   ] GC(744) Metaspace: 35251K(35904K)->35251K(35904K) NonClass: 26044K(26496K)->26044K(26496K) Class: 9207K(9408K)->9207K(9408K)
[277.544s][info][gc             ] GC(744) Pause Young (Allocation Failure) 738M->446M(850M) 1.520ms
[277.544s][info][gc,cpu         ] GC(744) User=0.00s Sys=0.00s Real=0.00s
[277.634s][info][gc,start       ] GC(745) Pause Young (Allocation Failure)
[277.635s][info][gc,heap        ] GC(745) PSYoungGen: 298560K(314368K)->64K(316928K) Eden: 298496K(298496K)->0K(302592K) From: 64K(15872K)->64K(14336K)
[277.635s][info][gc,heap        ] GC(745) ParOldGen: 457431K(556544K)->457439K(556544K)
[277.635s][info][gc,metaspace   ] GC(745) Metaspace: 35251K(35904K)->35251K(35904K) NonClass: 26044K(26496K)->26044K(26496K) Class: 9207K(9408K)->9207K(9408K)
[277.635s][info][gc             ] GC(745) Pause Young (Allocation Failure) 738M->446M(853M) 1.516ms
[277.635s][info][gc,cpu         ] GC(745) User=0.00s Sys=0.00s Real=0.00s
[277.785s][info][gc,start       ] GC(746) Pause Young (Allocation Failure)
[277.786s][info][gc,heap        ] GC(746) PSYoungGen: 302656K(316928K)->64K(316416K) Eden: 302592K(302592K)->0K(302592K) From: 64K(14336K)->64K(13824K)
[277.786s][info][gc,heap        ] GC(746) ParOldGen: 457439K(556544K)->457447K(556544K)
[277.786s][info][gc,metaspace   ] GC(746) Metaspace: 35251K(35904K)->35251K(35904K) NonClass: 26044K(26496K)->26044K(26496K) Class: 9207K(9408K)->9207K(9408K)
[277.786s][info][gc             ] GC(746) Pause Young (Allocation Failure) 742M->446M(852M) 1.458ms
[277.786s][info][gc,cpu         ] GC(746) User=0.01s Sys=0.00s Real=0.00s
[278.197s][info][gc,start       ] GC(747) Pause Young (Allocation Failure)
[278.199s][info][gc,heap        ] GC(747) PSYoungGen: 302656K(316416K)->64K(318976K) Eden: 302592K(302592K)->0K(306688K) From: 64K(13824K)->64K(12288K)
[278.199s][info][gc,heap        ] GC(747) ParOldGen: 457447K(556544K)->457455K(556544K)
[278.199s][info][gc,metaspace   ] GC(747) Metaspace: 35251K(35904K)->35251K(35904K) NonClass: 26044K(26496K)->26044K(26496K) Class: 9207K(9408K)->9207K(9408K)
[278.199s][info][gc             ] GC(747) Pause Young (Allocation Failure) 742M->446M(855M) 1.500ms
[278.199s][info][gc,cpu         ] GC(747) User=0.01s Sys=0.00s Real=0.01s
[279.390s][info][gc,start       ] GC(748) Pause Young (Allocation Failure)
[279.391s][info][gc,heap        ] GC(748) PSYoungGen: 306752K(318976K)->64K(294912K) Eden: 306688K(306688K)->0K(294400K) From: 64K(12288K)->64K(512K)
[279.391s][info][gc,heap        ] GC(748) ParOldGen: 457455K(556544K)->457463K(556544K)
[279.391s][info][gc,metaspace   ] GC(748) Metaspace: 35251K(35904K)->35251K(35904K) NonClass: 26044K(26496K)->26044K(26496K) Class: 9207K(9408K)->9207K(9408K)
[279.391s][info][gc             ] GC(748) Pause Young (Allocation Failure) 746M->446M(831M) 1.536ms
[279.391s][info][gc,cpu         ] GC(748) User=0.00s Sys=0.00s Real=0.00s
[279.802s][info][gc,start       ] GC(749) Pause Young (Allocation Failure)
[279.803s][info][gc,heap        ] GC(749) PSYoungGen: 294464K(294912K)->64K(283136K) Eden: 294400K(294400K)->0K(282624K) From: 64K(512K)->64K(512K)
[279.803s][info][gc,heap        ] GC(749) ParOldGen: 457463K(556544K)->457471K(556544K)
[279.803s][info][gc,metaspace   ] GC(749) Metaspace: 35251K(35904K)->35251K(35904K) NonClass: 26044K(26496K)->26044K(26496K) Class: 9207K(9408K)->9207K(9408K)
[279.803s][info][gc             ] GC(749) Pause Young (Allocation Failure) 734M->446M(820M) 1.476ms
[279.803s][info][gc,cpu         ] GC(749) User=0.00s Sys=0.00s Real=0.00s
[280.282s][info][gc,start       ] GC(750) Pause Young (Allocation Failure)
[280.283s][info][gc,heap        ] GC(750) PSYoungGen: 282688K(283136K)->64K(282112K) Eden: 282624K(282624K)->0K(271360K) From: 64K(512K)->64K(10752K)
[280.283s][info][gc,heap        ] GC(750) ParOldGen: 457471K(556544K)->457479K(556544K)
[280.283s][info][gc,metaspace   ] GC(750) Metaspace: 35251K(35904K)->35251K(35904K) NonClass: 26044K(26496K)->26044K(26496K) Class: 9207K(9408K)->9207K(9408K)
[280.283s][info][gc             ] GC(750) Pause Young (Allocation Failure) 722M->446M(819M) 1.374ms
[280.283s][info][gc,cpu         ] GC(750) User=0.00s Sys=0.00s Real=0.00s
[281.212s][info][gc,start       ] GC(751) Pause Young (Allocation Failure)
[281.215s][info][gc,heap        ] GC(751) PSYoungGen: 271424K(282112K)->64K(261120K) Eden: 271360K(271360K)->0K(260608K) From: 64K(10752K)->64K(512K)
[281.215s][info][gc,heap        ] GC(751) ParOldGen: 457479K(556544K)->457487K(556544K)
[281.215s][info][gc,metaspace   ] GC(751) Metaspace: 35251K(35904K)->35251K(35904K) NonClass: 26044K(26496K)->26044K(26496K) Class: 9207K(9408K)->9207K(9408K)
[281.215s][info][gc             ] GC(751) Pause Young (Allocation Failure) 711M->446M(798M) 2.457ms
[281.215s][info][gc,cpu         ] GC(751) User=0.00s Sys=0.00s Real=0.00s
[281.588s][info][gc,start       ] GC(752) Pause Young (Allocation Failure)
[281.589s][info][gc,heap        ] GC(752) PSYoungGen: 260672K(261120K)->64K(259584K) Eden: 260608K(260608K)->0K(250368K) From: 64K(512K)->64K(9216K)
[281.589s][info][gc,heap        ] GC(752) ParOldGen: 457487K(556544K)->457495K(556544K)
[281.589s][info][gc,metaspace   ] GC(752) Metaspace: 35251K(35904K)->35251K(35904K) NonClass: 26044K(26496K)->26044K(26496K) Class: 9207K(9408K)->9207K(9408K)
[281.589s][info][gc             ] GC(752) Pause Young (Allocation Failure) 701M->446M(797M) 1.437ms
[281.589s][info][gc,cpu         ] GC(752) User=0.00s Sys=0.00s Real=0.01s
[281.652s][info][gc,start       ] GC(753) Pause Young (Allocation Failure)
[281.654s][info][gc,heap        ] GC(753) PSYoungGen: 250432K(259584K)->64K(241152K) Eden: 250368K(250368K)->0K(240640K) From: 64K(9216K)->64K(512K)
[281.654s][info][gc,heap        ] GC(753) ParOldGen: 457495K(556544K)->457503K(556544K)
[281.654s][info][gc,metaspace   ] GC(753) Metaspace: 35251K(35904K)->35251K(35904K) NonClass: 26044K(26496K)->26044K(26496K) Class: 9207K(9408K)->9207K(9408K)
[281.654s][info][gc             ] GC(753) Pause Young (Allocation Failure) 691M->446M(779M) 1.955ms
[281.654s][info][gc,cpu         ] GC(753) User=0.00s Sys=0.01s Real=0.00s
[282.148s][info][gc,start       ] GC(754) Pause Young (Allocation Failure)
[282.149s][info][gc,heap        ] GC(754) PSYoungGen: 240704K(241152K)->64K(239616K) Eden: 240640K(240640K)->0K(231424K) From: 64K(512K)->64K(8192K)
[282.149s][info][gc,heap        ] GC(754) ParOldGen: 457503K(556544K)->457511K(556544K)
[282.149s][info][gc,metaspace   ] GC(754) Metaspace: 35251K(35904K)->35251K(35904K) NonClass: 26044K(26496K)->26044K(26496K) Class: 9207K(9408K)->9207K(9408K)
[282.149s][info][gc             ] GC(754) Pause Young (Allocation Failure) 681M->446M(777M) 1.479ms
[282.149s][info][gc,cpu         ] GC(754) User=0.00s Sys=0.00s Real=0.01s
[282.408s][info][gc,start       ] GC(755) Pause Young (Allocation Failure)
[282.410s][info][gc,heap        ] GC(755) PSYoungGen: 231488K(239616K)->64K(223232K) Eden: 231424K(231424K)->0K(222720K) From: 64K(8192K)->64K(512K)
[282.410s][info][gc,heap        ] GC(755) ParOldGen: 457511K(556544K)->457519K(556544K)
[282.410s][info][gc,metaspace   ] GC(755) Metaspace: 35251K(35904K)->35251K(35904K) NonClass: 26044K(26496K)->26044K(26496K) Class: 9207K(9408K)->9207K(9408K)
[282.410s][info][gc             ] GC(755) Pause Young (Allocation Failure) 672M->446M(761M) 2.009ms
[282.410s][info][gc,cpu         ] GC(755) User=0.00s Sys=0.00s Real=0.01s
[282.766s][info][gc,start       ] GC(756) Pause Young (Allocation Failure)
[282.781s][info][gc,heap        ] GC(756) PSYoungGen: 222784K(223232K)->7168K(274432K) Eden: 222720K(222720K)->0K(267264K) From: 64K(512K)->7168K(7168K)
[282.781s][info][gc,heap        ] GC(756) ParOldGen: 457519K(556544K)->459575K(556544K)
[282.781s][info][gc,metaspace   ] GC(756) Metaspace: 35251K(35904K)->35251K(35904K) NonClass: 26044K(26496K)->26044K(26496K) Class: 9207K(9408K)->9207K(9408K)
[282.781s][info][gc             ] GC(756) Pause Young (Allocation Failure) 664M->455M(811M) 14.421ms
[282.781s][info][gc,cpu         ] GC(756) User=0.02s Sys=0.00s Real=0.02s
[283.126s][info][gc,start       ] GC(757) Pause Young (Allocation Failure)
[283.178s][info][gc,heap        ] GC(757) PSYoungGen: 274432K(274432K)->9728K(267264K) Eden: 267264K(267264K)->0K(257536K) From: 7168K(7168K)->9728K(9728K)
[283.178s][info][gc,heap        ] GC(757) ParOldGen: 459575K(556544K)->480367K(556544K)
[283.178s][info][gc,metaspace   ] GC(757) Metaspace: 35251K(35904K)->35251K(35904K) NonClass: 26044K(26496K)->26044K(26496K) Class: 9207K(9408K)->9207K(9408K)
[283.178s][info][gc             ] GC(757) Pause Young (Allocation Failure) 716M->478M(804M) 51.273ms
[283.178s][info][gc,cpu         ] GC(757) User=0.10s Sys=0.00s Real=0.05s
[283.454s][info][gc,start       ] GC(758) Pause Young (Allocation Failure)
[283.494s][info][gc,heap        ] GC(758) PSYoungGen: 267264K(267264K)->19456K(276992K) Eden: 257536K(257536K)->0K(257536K) From: 9728K(9728K)->19456K(19456K)
[283.494s][info][gc,heap        ] GC(758) ParOldGen: 480367K(556544K)->484423K(556544K)
[283.494s][info][gc,metaspace   ] GC(758) Metaspace: 35251K(35904K)->35251K(35904K) NonClass: 26044K(26496K)->26044K(26496K) Class: 9207K(9408K)->9207K(9408K)
[283.494s][info][gc             ] GC(758) Pause Young (Allocation Failure) 730M->492M(814M) 40.395ms
[283.494s][info][gc,cpu         ] GC(758) User=0.08s Sys=0.00s Real=0.04s
[283.589s][info][gc,start       ] GC(759) Pause Young (Allocation Failure)
[283.591s][info][gc,heap        ] GC(759) PSYoungGen: 276992K(276992K)->64K(309248K) Eden: 257536K(257536K)->0K(284160K) From: 19456K(19456K)->64K(25088K)
[283.591s][info][gc,heap        ] GC(759) ParOldGen: 484423K(556544K)->484519K(556544K)
[283.591s][info][gc,metaspace   ] GC(759) Metaspace: 35251K(35904K)->35251K(35904K) NonClass: 26044K(26496K)->26044K(26496K) Class: 9207K(9408K)->9207K(9408K)
[283.591s][info][gc             ] GC(759) Pause Young (Allocation Failure) 743M->473M(845M) 2.584ms
[283.591s][info][gc,cpu         ] GC(759) User=0.01s Sys=0.00s Real=0.00s
[284.298s][info][gc,start       ] GC(760) Pause Young (Allocation Failure)
[284.299s][info][gc,heap        ] GC(760) PSYoungGen: 284224K(309248K)->64K(284672K) Eden: 284160K(284160K)->0K(284160K) From: 64K(25088K)->64K(512K)
[284.299s][info][gc,heap        ] GC(760) ParOldGen: 484519K(556544K)->484527K(556544K)
[284.299s][info][gc,metaspace   ] GC(760) Metaspace: 35251K(35904K)->35251K(35904K) NonClass: 26044K(26496K)->26044K(26496K) Class: 9207K(9408K)->9207K(9408K)
[284.299s][info][gc             ] GC(760) Pause Young (Allocation Failure) 750M->473M(821M) 1.676ms
[284.299s][info][gc,cpu         ] GC(760) User=0.00s Sys=0.00s Real=0.01s
[284.655s][info][gc,start       ] GC(761) Pause Young (Allocation Failure)
[284.656s][info][gc,heap        ] GC(761) PSYoungGen: 284224K(284672K)->64K(308736K) Eden: 284160K(284160K)->0K(285184K) From: 64K(512K)->64K(23552K)
[284.656s][info][gc,heap        ] GC(761) ParOldGen: 484527K(556544K)->484535K(556544K)
[284.656s][info][gc,metaspace   ] GC(761) Metaspace: 35251K(35904K)->35251K(35904K) NonClass: 26044K(26496K)->26044K(26496K) Class: 9207K(9408K)->9207K(9408K)
[284.656s][info][gc             ] GC(761) Pause Young (Allocation Failure) 750M->473M(845M) 1.760ms
[284.656s][info][gc,cpu         ] GC(761) User=0.00s Sys=0.00s Real=0.00s
[285.064s][info][gc,start       ] GC(762) Pause Young (Allocation Failure)
[285.065s][info][gc,heap        ] GC(762) PSYoungGen: 285248K(308736K)->64K(307712K) Eden: 285184K(285184K)->0K(285184K) From: 64K(23552K)->64K(22528K)
[285.065s][info][gc,heap        ] GC(762) ParOldGen: 484535K(556544K)->484551K(556544K)
[285.065s][info][gc,metaspace   ] GC(762) Metaspace: 35251K(35904K)->35251K(35904K) NonClass: 26044K(26496K)->26044K(26496K) Class: 9207K(9408K)->9207K(9408K)
[285.065s][info][gc             ] GC(762) Pause Young (Allocation Failure) 751M->473M(844M) 1.625ms
[285.065s][info][gc,cpu         ] GC(762) User=0.00s Sys=0.00s Real=0.00s
[285.298s][info][gc,start       ] GC(763) Pause Young (Allocation Failure)
[285.300s][info][gc,heap        ] GC(763) PSYoungGen: 285248K(307712K)->64K(310272K) Eden: 285184K(285184K)->0K(288768K) From: 64K(22528K)->64K(21504K)
[285.300s][info][gc,heap        ] GC(763) ParOldGen: 484551K(556544K)->484567K(556544K)
[285.300s][info][gc,metaspace   ] GC(763) Metaspace: 35251K(35904K)->35251K(35904K) NonClass: 26044K(26496K)->26044K(26496K) Class: 9207K(9408K)->9207K(9408K)
[285.300s][info][gc             ] GC(763) Pause Young (Allocation Failure) 751M->473M(846M) 1.466ms
[285.300s][info][gc,cpu         ] GC(763) User=0.00s Sys=0.00s Real=0.01s
[285.660s][info][gc,start       ] GC(764) Pause Young (Allocation Failure)
[285.662s][info][gc,heap        ] GC(764) PSYoungGen: 288832K(310272K)->64K(309248K) Eden: 288768K(288768K)->0K(288768K) From: 64K(21504K)->64K(20480K)
[285.662s][info][gc,heap        ] GC(764) ParOldGen: 484567K(556544K)->484567K(556544K)
[285.662s][info][gc,metaspace   ] GC(764) Metaspace: 35251K(35904K)->35251K(35904K) NonClass: 26044K(26496K)->26044K(26496K) Class: 9207K(9408K)->9207K(9408K)
[285.662s][info][gc             ] GC(764) Pause Young (Allocation Failure) 755M->473M(845M) 1.576ms
[285.662s][info][gc,cpu         ] GC(764) User=0.00s Sys=0.00s Real=0.00s
[285.726s][info][gc,start       ] GC(765) Pause Young (Allocation Failure)
[285.728s][info][gc,heap        ] GC(765) PSYoungGen: 288832K(309248K)->64K(312320K) Eden: 288768K(288768K)->0K(292864K) From: 64K(20480K)->64K(19456K)
[285.728s][info][gc,heap        ] GC(765) ParOldGen: 484567K(556544K)->484583K(556544K)
[285.728s][info][gc,metaspace   ] GC(765) Metaspace: 35251K(35904K)->35251K(35904K) NonClass: 26044K(26496K)->26044K(26496K) Class: 9207K(9408K)->9207K(9408K)
[285.728s][info][gc             ] GC(765) Pause Young (Allocation Failure) 755M->473M(848M) 2.535ms
[285.728s][info][gc,cpu         ] GC(765) User=0.00s Sys=0.00s Real=0.00s
[285.781s][info][gc,start       ] GC(766) Pause Young (Allocation Failure)
[285.784s][info][gc,heap        ] GC(766) PSYoungGen: 292928K(312320K)->32K(311296K) Eden: 292864K(292864K)->0K(292864K) From: 64K(19456K)->32K(18432K)
[285.784s][info][gc,heap        ] GC(766) ParOldGen: 484583K(556544K)->484591K(556544K)
[285.784s][info][gc,metaspace   ] GC(766) Metaspace: 35251K(35904K)->35251K(35904K) NonClass: 26044K(26496K)->26044K(26496K) Class: 9207K(9408K)->9207K(9408K)
[285.784s][info][gc             ] GC(766) Pause Young (Allocation Failure) 759M->473M(847M) 2.630ms
[285.784s][info][gc,cpu         ] GC(766) User=0.01s Sys=0.00s Real=0.00s
[286.019s][info][gc,start       ] GC(767) Pause Young (Allocation Failure)
[286.021s][info][gc,heap        ] GC(767) PSYoungGen: 292896K(311296K)->64K(314368K) Eden: 292864K(292864K)->0K(296960K) From: 32K(18432K)->64K(17408K)
[286.021s][info][gc,heap        ] GC(767) ParOldGen: 484591K(556544K)->484591K(556544K)
[286.021s][info][gc,metaspace   ] GC(767) Metaspace: 35251K(35904K)->35251K(35904K) NonClass: 26044K(26496K)->26044K(26496K) Class: 9207K(9408K)->9207K(9408K)
[286.021s][info][gc             ] GC(767) Pause Young (Allocation Failure) 759M->473M(850M) 2.526ms
[286.021s][info][gc,cpu         ] GC(767) User=0.00s Sys=0.00s Real=0.00s
[286.303s][info][gc,start       ] GC(768) Pause Young (Allocation Failure)
[286.305s][info][gc,heap        ] GC(768) PSYoungGen: 297024K(314368K)->64K(313344K) Eden: 296960K(296960K)->0K(296960K) From: 64K(17408K)->64K(16384K)
[286.305s][info][gc,heap        ] GC(768) ParOldGen: 484591K(556544K)->484599K(556544K)
[286.305s][info][gc,metaspace   ] GC(768) Metaspace: 35251K(35904K)->35251K(35904K) NonClass: 26044K(26496K)->26044K(26496K) Class: 9207K(9408K)->9207K(9408K)
[286.305s][info][gc             ] GC(768) Pause Young (Allocation Failure) 763M->473M(849M) 2.702ms
[286.305s][info][gc,cpu         ] GC(768) User=0.00s Sys=0.00s Real=0.00s
[286.427s][info][gc,start       ] GC(769) Pause Young (Allocation Failure)
[286.429s][info][gc,heap        ] GC(769) PSYoungGen: 297024K(313344K)->64K(315904K) Eden: 296960K(296960K)->0K(300544K) From: 64K(16384K)->64K(15360K)
[286.429s][info][gc,heap        ] GC(769) ParOldGen: 484599K(556544K)->484615K(556544K)
[286.429s][info][gc,metaspace   ] GC(769) Metaspace: 35251K(35904K)->35251K(35904K) NonClass: 26044K(26496K)->26044K(26496K) Class: 9207K(9408K)->9207K(9408K)
[286.429s][info][gc             ] GC(769) Pause Young (Allocation Failure) 763M->473M(852M) 2.640ms
[286.429s][info][gc,cpu         ] GC(769) User=0.00s Sys=0.00s Real=0.01s
[286.549s][info][gc,start       ] GC(770) Pause Young (Allocation Failure)
[286.552s][info][gc,heap        ] GC(770) PSYoungGen: 300608K(315904K)->64K(315392K) Eden: 300544K(300544K)->0K(300544K) From: 64K(15360K)->64K(14848K)
[286.552s][info][gc,heap        ] GC(770) ParOldGen: 484615K(556544K)->484631K(556544K)
[286.552s][info][gc,metaspace   ] GC(770) Metaspace: 35251K(35904K)->35251K(35904K) NonClass: 26044K(26496K)->26044K(26496K) Class: 9207K(9408K)->9207K(9408K)
[286.552s][info][gc             ] GC(770) Pause Young (Allocation Failure) 766M->473M(851M) 2.747ms
[286.552s][info][gc,cpu         ] GC(770) User=0.00s Sys=0.00s Real=0.00s
[286.919s][info][gc,start       ] GC(771) Pause Young (Allocation Failure)
[286.921s][info][gc,heap        ] GC(771) PSYoungGen: 300608K(315392K)->64K(317952K) Eden: 300544K(300544K)->0K(304640K) From: 64K(14848K)->64K(13312K)
[286.921s][info][gc,heap        ] GC(771) ParOldGen: 484631K(556544K)->484639K(556544K)
[286.921s][info][gc,metaspace   ] GC(771) Metaspace: 35251K(35904K)->35251K(35904K) NonClass: 26044K(26496K)->26044K(26496K) Class: 9207K(9408K)->9207K(9408K)
[286.921s][info][gc             ] GC(771) Pause Young (Allocation Failure) 766M->473M(854M) 2.712ms
[286.921s][info][gc,cpu         ] GC(771) User=0.00s Sys=0.00s Real=0.00s
[287.589s][info][gc,start       ] GC(772) Pause Young (Allocation Failure)
[287.592s][info][gc,heap        ] GC(772) PSYoungGen: 304704K(317952K)->101K(317440K) Eden: 304640K(304640K)->0K(304640K) From: 64K(13312K)->101K(12800K)
[287.592s][info][gc,heap        ] GC(772) ParOldGen: 484639K(556544K)->484655K(556544K)
[287.592s][info][gc,metaspace   ] GC(772) Metaspace: 35251K(35904K)->35251K(35904K) NonClass: 26044K(26496K)->26044K(26496K) Class: 9207K(9408K)->9207K(9408K)
[287.592s][info][gc             ] GC(772) Pause Young (Allocation Failure) 770M->473M(853M) 3.186ms
[287.592s][info][gc,cpu         ] GC(772) User=0.01s Sys=0.00s Real=0.00s
[288.518s][info][gc,start       ] GC(773) Pause Young (Allocation Failure)
[288.521s][info][gc,heap        ] GC(773) PSYoungGen: 304741K(317440K)->64K(320000K) Eden: 304640K(304640K)->0K(308736K) From: 101K(12800K)->64K(11264K)
[288.521s][info][gc,heap        ] GC(773) ParOldGen: 484655K(556544K)->484663K(556544K)
[288.521s][info][gc,metaspace   ] GC(773) Metaspace: 35251K(35904K)->35251K(35904K) NonClass: 26044K(26496K)->26044K(26496K) Class: 9207K(9408K)->9207K(9408K)
[288.521s][info][gc             ] GC(773) Pause Young (Allocation Failure) 770M->473M(856M) 2.784ms
[288.521s][info][gc,cpu         ] GC(773) User=0.00s Sys=0.00s Real=0.01s
[288.999s][info][gc,start       ] GC(774) Pause Young (Allocation Failure)
[289.002s][info][gc,heap        ] GC(774) PSYoungGen: 308800K(320000K)->64K(296960K) Eden: 308736K(308736K)->0K(296448K) From: 64K(11264K)->64K(512K)
[289.002s][info][gc,heap        ] GC(774) ParOldGen: 484663K(556544K)->484679K(556544K)
[289.002s][info][gc,metaspace   ] GC(774) Metaspace: 35251K(35904K)->35251K(35904K) NonClass: 26044K(26496K)->26044K(26496K) Class: 9207K(9408K)->9207K(9408K)
[289.002s][info][gc             ] GC(774) Pause Young (Allocation Failure) 774M->473M(833M) 3.085ms
[289.002s][info][gc,cpu         ] GC(774) User=0.00s Sys=0.00s Real=0.00s
[290.003s][info][gc,start       ] GC(775) Pause Young (Allocation Failure)
[290.006s][info][gc,heap        ] GC(775) PSYoungGen: 296512K(296960K)->64K(285184K) Eden: 296448K(296448K)->0K(284672K) From: 64K(512K)->64K(512K)
[290.006s][info][gc,heap        ] GC(775) ParOldGen: 484679K(556544K)->484695K(556544K)
[290.006s][info][gc,metaspace   ] GC(775) Metaspace: 35251K(35904K)->35251K(35904K) NonClass: 26044K(26496K)->26044K(26496K) Class: 9207K(9408K)->9207K(9408K)
[290.006s][info][gc             ] GC(775) Pause Young (Allocation Failure) 762M->473M(822M) 2.903ms
[290.006s][info][gc,cpu         ] GC(775) User=0.00s Sys=0.00s Real=0.00s
[290.396s][info][gc,start       ] GC(776) Pause Young (Allocation Failure)
[290.399s][info][gc,heap        ] GC(776) PSYoungGen: 284736K(285184K)->64K(283136K) Eden: 284672K(284672K)->0K(273408K) From: 64K(512K)->64K(9728K)
[290.399s][info][gc,heap        ] GC(776) ParOldGen: 484695K(556544K)->484711K(556544K)
[290.399s][info][gc,metaspace   ] GC(776) Metaspace: 35251K(35904K)->35251K(35904K) NonClass: 26044K(26496K)->26044K(26496K) Class: 9207K(9408K)->9207K(9408K)
[290.399s][info][gc             ] GC(776) Pause Young (Allocation Failure) 751M->473M(820M) 2.694ms
[290.399s][info][gc,cpu         ] GC(776) User=0.00s Sys=0.00s Real=0.01s
[290.479s][info][gc,start       ] GC(777) Pause Young (Allocation Failure)
[290.482s][info][gc,heap        ] GC(777) PSYoungGen: 273472K(283136K)->64K(301568K) Eden: 273408K(273408K)->0K(292352K) From: 64K(9728K)->64K(9216K)
[290.482s][info][gc,heap        ] GC(777) ParOldGen: 484711K(556544K)->484727K(556544K)
[290.482s][info][gc,metaspace   ] GC(777) Metaspace: 35251K(35904K)->35251K(35904K) NonClass: 26044K(26496K)->26044K(26496K) Class: 9207K(9408K)->9207K(9408K)
[290.482s][info][gc             ] GC(777) Pause Young (Allocation Failure) 740M->473M(838M) 2.599ms
[290.482s][info][gc,cpu         ] GC(777) User=0.00s Sys=0.00s Real=0.00s
[291.109s][info][gc,start       ] GC(778) Pause Young (Allocation Failure)
[291.112s][info][gc,heap        ] GC(778) PSYoungGen: 292416K(301568K)->64K(301056K) Eden: 292352K(292352K)->0K(292352K) From: 64K(9216K)->64K(8704K)
[291.112s][info][gc,heap        ] GC(778) ParOldGen: 484727K(556544K)->484743K(556544K)
[291.112s][info][gc,metaspace   ] GC(778) Metaspace: 35251K(35904K)->35251K(35904K) NonClass: 26044K(26496K)->26044K(26496K) Class: 9207K(9408K)->9207K(9408K)
[291.112s][info][gc             ] GC(778) Pause Young (Allocation Failure) 758M->473M(837M) 2.671ms
[291.112s][info][gc,cpu         ] GC(778) User=0.00s Sys=0.00s Real=0.00s
[291.447s][info][gc,start       ] GC(779) Pause Young (Allocation Failure)
[291.449s][info][gc,heap        ] GC(779) PSYoungGen: 292416K(301056K)->64K(281088K) Eden: 292352K(292352K)->0K(280576K) From: 64K(8704K)->64K(512K)
[291.449s][info][gc,heap        ] GC(779) ParOldGen: 484743K(556544K)->484759K(556544K)
[291.449s][info][gc,metaspace   ] GC(779) Metaspace: 35251K(35904K)->35251K(35904K) NonClass: 26044K(26496K)->26044K(26496K) Class: 9207K(9408K)->9207K(9408K)
[291.449s][info][gc             ] GC(779) Pause Young (Allocation Failure) 758M->473M(818M) 2.553ms
[291.449s][info][gc,cpu         ] GC(779) User=0.00s Sys=0.00s Real=0.01s
[291.816s][info][gc,start       ] GC(780) Pause Young (Allocation Failure)
[291.870s][info][gc,heap        ] GC(780) PSYoungGen: 280640K(281088K)->7168K(317440K) Eden: 280576K(280576K)->0K(310272K) From: 64K(512K)->7168K(7168K)
[291.870s][info][gc,heap        ] GC(780) ParOldGen: 484759K(556544K)->508951K(556544K)
[291.870s][info][gc,metaspace   ] GC(780) Metaspace: 35251K(35904K)->35251K(35904K) NonClass: 26044K(26496K)->26044K(26496K) Class: 9207K(9408K)->9207K(9408K)
[291.870s][info][gc             ] GC(780) Pause Young (Allocation Failure) 747M->504M(853M) 54.146ms
[291.871s][info][gc,cpu         ] GC(780) User=0.10s Sys=0.00s Real=0.06s
[292.233s][info][gc,start       ] GC(781) Pause Young (Allocation Failure)
[292.296s][info][gc,heap        ] GC(781) PSYoungGen: 317440K(317440K)->16384K(295936K) Eden: 310272K(310272K)->0K(279552K) From: 7168K(7168K)->16384K(16384K)
[292.296s][info][gc,heap        ] GC(781) ParOldGen: 508951K(556544K)->524511K(556544K)
[292.296s][info][gc,metaspace   ] GC(781) Metaspace: 35251K(35904K)->35251K(35904K) NonClass: 26044K(26496K)->26044K(26496K) Class: 9207K(9408K)->9207K(9408K)
[292.296s][info][gc             ] GC(781) Pause Young (Allocation Failure) 807M->528M(832M) 62.741ms
[292.296s][info][gc,cpu         ] GC(781) User=0.12s Sys=0.01s Real=0.06s
[292.400s][info][gc,start       ] GC(782) Pause Young (Allocation Failure)
[292.405s][info][gc,heap        ] GC(782) PSYoungGen: 295936K(295936K)->64K(306688K) Eden: 279552K(279552K)->0K(279552K) From: 16384K(16384K)->64K(27136K)
[292.405s][info][gc,heap        ] GC(782) ParOldGen: 524511K(556544K)->524927K(556544K)
[292.405s][info][gc,metaspace   ] GC(782) Metaspace: 35251K(35904K)->35251K(35904K) NonClass: 26044K(26496K)->26044K(26496K) Class: 9207K(9408K)->9207K(9408K)
[292.405s][info][gc             ] GC(782) Pause Young (Allocation Failure) 801M->512M(843M) 5.813ms
[292.405s][info][gc,cpu         ] GC(782) User=0.01s Sys=0.00s Real=0.00s
[293.098s][info][gc,start       ] GC(783) Pause Young (Allocation Failure)
[293.100s][info][gc,heap        ] GC(783) PSYoungGen: 279616K(306688K)->64K(303616K) Eden: 279552K(279552K)->0K(280576K) From: 64K(27136K)->64K(23040K)
[293.100s][info][gc,heap        ] GC(783) ParOldGen: 524927K(556544K)->524943K(556544K)
[293.100s][info][gc,metaspace   ] GC(783) Metaspace: 35251K(35904K)->35251K(35904K) NonClass: 26044K(26496K)->26044K(26496K) Class: 9207K(9408K)->9207K(9408K)
[293.100s][info][gc             ] GC(783) Pause Young (Allocation Failure) 785M->512M(840M) 1.986ms
[293.100s][info][gc,cpu         ] GC(783) User=0.00s Sys=0.00s Real=0.01s
[293.447s][info][gc,start       ] GC(784) Pause Young (Allocation Failure)
[293.448s][info][gc,heap        ] GC(784) PSYoungGen: 280640K(303616K)->64K(305664K) Eden: 280576K(280576K)->0K(280576K) From: 64K(23040K)->64K(25088K)
[293.448s][info][gc,heap        ] GC(784) ParOldGen: 524943K(556544K)->524943K(556544K)
[293.448s][info][gc,metaspace   ] GC(784) Metaspace: 35251K(35904K)->35251K(35904K) NonClass: 26044K(26496K)->26044K(26496K) Class: 9207K(9408K)->9207K(9408K)
[293.448s][info][gc             ] GC(784) Pause Young (Allocation Failure) 786M->512M(842M) 1.630ms
[293.448s][info][gc,cpu         ] GC(784) User=0.00s Sys=0.00s Real=0.00s
[293.856s][info][gc,start       ] GC(785) Pause Young (Allocation Failure)
[293.858s][info][gc,heap        ] GC(785) PSYoungGen: 280640K(305664K)->64K(305664K) Eden: 280576K(280576K)->0K(284672K) From: 64K(25088K)->64K(20992K)
[293.858s][info][gc,heap        ] GC(785) ParOldGen: 524943K(556544K)->524959K(556544K)
[293.858s][info][gc,metaspace   ] GC(785) Metaspace: 35251K(35904K)->35251K(35904K) NonClass: 26044K(26496K)->26044K(26496K) Class: 9207K(9408K)->9207K(9408K)
[293.858s][info][gc             ] GC(785) Pause Young (Allocation Failure) 786M->512M(842M) 1.672ms
[293.858s][info][gc,cpu         ] GC(785) User=0.00s Sys=0.00s Real=0.00s
[294.095s][info][gc,start       ] GC(786) Pause Young (Allocation Failure)
[294.097s][info][gc,heap        ] GC(786) PSYoungGen: 284736K(305664K)->64K(307712K) Eden: 284672K(284672K)->0K(284672K) From: 64K(20992K)->64K(23040K)
[294.097s][info][gc,heap        ] GC(786) ParOldGen: 524959K(556544K)->524975K(556544K)
[294.097s][info][gc,metaspace   ] GC(786) Metaspace: 35251K(35904K)->35251K(35904K) NonClass: 26044K(26496K)->26044K(26496K) Class: 9207K(9408K)->9207K(9408K)
[294.097s][info][gc             ] GC(786) Pause Young (Allocation Failure) 790M->512M(844M) 1.734ms
[294.097s][info][gc,cpu         ] GC(786) User=0.01s Sys=0.00s Real=0.00s
[294.450s][info][gc,start       ] GC(787) Pause Young (Allocation Failure)
[294.451s][info][gc,heap        ] GC(787) PSYoungGen: 284736K(307712K)->64K(307712K) Eden: 284672K(284672K)->0K(288768K) From: 64K(23040K)->64K(18944K)
[294.451s][info][gc,heap        ] GC(787) ParOldGen: 524975K(556544K)->524975K(556544K)
[294.451s][info][gc,metaspace   ] GC(787) Metaspace: 35251K(35904K)->35251K(35904K) NonClass: 26044K(26496K)->26044K(26496K) Class: 9207K(9408K)->9207K(9408K)
[294.451s][info][gc             ] GC(787) Pause Young (Allocation Failure) 790M->512M(844M) 1.642ms
[294.451s][info][gc,cpu         ] GC(787) User=0.00s Sys=0.00s Real=0.00s
[294.528s][info][gc,start       ] GC(788) Pause Young (Allocation Failure)
[294.530s][info][gc,heap        ] GC(788) PSYoungGen: 288832K(307712K)->64K(309760K) Eden: 288768K(288768K)->0K(288768K) From: 64K(18944K)->64K(20992K)
[294.530s][info][gc,heap        ] GC(788) ParOldGen: 524975K(556544K)->524983K(556544K)
[294.530s][info][gc,metaspace   ] GC(788) Metaspace: 35251K(35904K)->35251K(35904K) NonClass: 26044K(26496K)->26044K(26496K) Class: 9207K(9408K)->9207K(9408K)
[294.530s][info][gc             ] GC(788) Pause Young (Allocation Failure) 794M->512M(846M) 1.512ms
[294.530s][info][gc,cpu         ] GC(788) User=0.00s Sys=0.00s Real=0.01s
[294.579s][info][gc,start       ] GC(789) Pause Young (Allocation Failure)
[294.581s][info][gc,heap        ] GC(789) PSYoungGen: 288832K(309760K)->64K(308736K) Eden: 288768K(288768K)->0K(292864K) From: 64K(20992K)->64K(15872K)
[294.581s][info][gc,heap        ] GC(789) ParOldGen: 524983K(556544K)->524999K(556544K)
[294.581s][info][gc,metaspace   ] GC(789) Metaspace: 35251K(35904K)->35251K(35904K) NonClass: 26044K(26496K)->26044K(26496K) Class: 9207K(9408K)->9207K(9408K)
[294.581s][info][gc             ] GC(789) Pause Young (Allocation Failure) 794M->512M(845M) 1.654ms
[294.581s][info][gc,cpu         ] GC(789) User=0.00s Sys=0.00s Real=0.00s
[294.801s][info][gc,start       ] GC(790) Pause Young (Allocation Failure)
[294.803s][info][gc,heap        ] GC(790) PSYoungGen: 292928K(308736K)->64K(311296K) Eden: 292864K(292864K)->0K(292864K) From: 64K(15872K)->64K(18432K)
[294.803s][info][gc,heap        ] GC(790) ParOldGen: 524999K(556544K)->524999K(556544K)
[294.803s][info][gc,metaspace   ] GC(790) Metaspace: 35251K(35904K)->35251K(35904K) NonClass: 26044K(26496K)->26044K(26496K) Class: 9207K(9408K)->9207K(9408K)
[294.803s][info][gc             ] GC(790) Pause Young (Allocation Failure) 798M->512M(847M) 2.117ms
[294.803s][info][gc,cpu         ] GC(790) User=0.00s Sys=0.00s Real=0.00s
[295.086s][info][gc,start       ] GC(791) Pause Young (Allocation Failure)
[295.089s][info][gc,heap        ] GC(791) PSYoungGen: 292928K(311296K)->64K(312320K) Eden: 292864K(292864K)->0K(297984K) From: 64K(18432K)->64K(14336K)
[295.089s][info][gc,heap        ] GC(791) ParOldGen: 524999K(556544K)->525007K(556544K)
[295.089s][info][gc,metaspace   ] GC(791) Metaspace: 35251K(35904K)->35251K(35904K) NonClass: 26044K(26496K)->26044K(26496K) Class: 9207K(9408K)->9207K(9408K)
[295.089s][info][gc             ] GC(791) Pause Young (Allocation Failure) 798M->512M(848M) 3.052ms
[295.089s][info][gc,cpu         ] GC(791) User=0.00s Sys=0.00s Real=0.01s
[295.220s][info][gc,start       ] GC(792) Pause Young (Allocation Failure)
[295.222s][info][gc,heap        ] GC(792) PSYoungGen: 298048K(312320K)->64K(314368K) Eden: 297984K(297984K)->0K(297984K) From: 64K(14336K)->64K(16384K)
[295.222s][info][gc,heap        ] GC(792) ParOldGen: 525007K(556544K)->525015K(556544K)
[295.222s][info][gc,metaspace   ] GC(792) Metaspace: 35251K(35904K)->35251K(35904K) NonClass: 26044K(26496K)->26044K(26496K) Class: 9207K(9408K)->9207K(9408K)
[295.222s][info][gc             ] GC(792) Pause Young (Allocation Failure) 803M->512M(850M) 2.185ms
[295.223s][info][gc,cpu         ] GC(792) User=0.00s Sys=0.00s Real=0.00s
[295.330s][info][gc,start       ] GC(793) Pause Young (Allocation Failure)
[295.332s][info][gc,heap        ] GC(793) PSYoungGen: 298048K(314368K)->64K(314368K) Eden: 297984K(297984K)->0K(302080K) From: 64K(16384K)->64K(12288K)
[295.332s][info][gc,heap        ] GC(793) ParOldGen: 525015K(556544K)->525023K(556544K)
[295.332s][info][gc,metaspace   ] GC(793) Metaspace: 35251K(35904K)->35251K(35904K) NonClass: 26044K(26496K)->26044K(26496K) Class: 9207K(9408K)->9207K(9408K)
[295.332s][info][gc             ] GC(793) Pause Young (Allocation Failure) 803M->512M(850M) 1.774ms
[295.332s][info][gc,cpu         ] GC(793) User=0.00s Sys=0.00s Real=0.00s
[295.593s][info][gc,start       ] GC(794) Pause Young (Allocation Failure)
[295.595s][info][gc,heap        ] GC(794) PSYoungGen: 302144K(314368K)->64K(316416K) Eden: 302080K(302080K)->0K(302080K) From: 64K(12288K)->64K(14336K)
[295.595s][info][gc,heap        ] GC(794) ParOldGen: 525023K(556544K)->525031K(556544K)
[295.595s][info][gc,metaspace   ] GC(794) Metaspace: 35251K(35904K)->35251K(35904K) NonClass: 26044K(26496K)->26044K(26496K) Class: 9207K(9408K)->9207K(9408K)
[295.595s][info][gc             ] GC(794) Pause Young (Allocation Failure) 807M->512M(852M) 1.762ms
[295.595s][info][gc,cpu         ] GC(794) User=0.00s Sys=0.00s Real=0.00s
[296.397s][info][gc,start       ] GC(795) Pause Young (Allocation Failure)
[296.399s][info][gc,heap        ] GC(795) PSYoungGen: 302144K(316416K)->83K(316928K) Eden: 302080K(302080K)->0K(305664K) From: 64K(14336K)->83K(11264K)
[296.399s][info][gc,heap        ] GC(795) ParOldGen: 525031K(556544K)->525039K(556544K)
[296.399s][info][gc,metaspace   ] GC(795) Metaspace: 35251K(35904K)->35251K(35904K) NonClass: 26044K(26496K)->26044K(26496K) Class: 9207K(9408K)->9207K(9408K)
[296.399s][info][gc             ] GC(795) Pause Young (Allocation Failure) 807M->512M(853M) 1.707ms
[296.399s][info][gc,cpu         ] GC(795) User=0.01s Sys=0.00s Real=0.01s
[297.295s][info][gc,start       ] GC(796) Pause Young (Allocation Failure)
[297.298s][info][gc,heap        ] GC(796) PSYoungGen: 305747K(316928K)->64K(293888K) Eden: 305664K(305664K)->0K(293376K) From: 83K(11264K)->64K(512K)
[297.298s][info][gc,heap        ] GC(796) ParOldGen: 525039K(556544K)->525047K(556544K)
[297.298s][info][gc,metaspace   ] GC(796) Metaspace: 35251K(35904K)->35251K(35904K) NonClass: 26044K(26496K)->26044K(26496K) Class: 9207K(9408K)->9207K(9408K)
[297.298s][info][gc             ] GC(796) Pause Young (Allocation Failure) 811M->512M(830M) 2.218ms
[297.298s][info][gc,cpu         ] GC(796) User=0.00s Sys=0.01s Real=0.00s
[297.749s][info][gc,start       ] GC(797) Pause Young (Allocation Failure)
[297.752s][info][gc,heap        ] GC(797) PSYoungGen: 293440K(293888K)->64K(282112K) Eden: 293376K(293376K)->0K(281600K) From: 64K(512K)->64K(512K)
[297.752s][info][gc,heap        ] GC(797) ParOldGen: 525047K(556544K)->525055K(556544K)
[297.752s][info][gc,metaspace   ] GC(797) Metaspace: 35251K(35904K)->35251K(35904K) NonClass: 26044K(26496K)->26044K(26496K) Class: 9207K(9408K)->9207K(9408K)
[297.752s][info][gc             ] GC(797) Pause Young (Allocation Failure) 799M->512M(819M) 3.193ms
[297.752s][info][gc,cpu         ] GC(797) User=0.01s Sys=0.00s Real=0.00s
[298.746s][info][gc,start       ] GC(798) Pause Young (Allocation Failure)
[298.748s][info][gc,heap        ] GC(798) PSYoungGen: 281664K(282112K)->64K(281600K) Eden: 281600K(281600K)->0K(270336K) From: 64K(512K)->64K(11264K)
[298.748s][info][gc,heap        ] GC(798) ParOldGen: 525055K(556544K)->525063K(556544K)
[298.748s][info][gc,metaspace   ] GC(798) Metaspace: 35251K(35904K)->35251K(35904K) NonClass: 26044K(26496K)->26044K(26496K) Class: 9207K(9408K)->9207K(9408K)
[298.748s][info][gc             ] GC(798) Pause Young (Allocation Failure) 787M->512M(818M) 2.014ms
[298.748s][info][gc,cpu         ] GC(798) User=0.00s Sys=0.00s Real=0.00s
[299.105s][info][gc,start       ] GC(799) Pause Young (Allocation Failure)
[299.108s][info][gc,heap        ] GC(799) PSYoungGen: 270400K(281600K)->64K(260096K) Eden: 270336K(270336K)->0K(259584K) From: 64K(11264K)->64K(512K)
[299.108s][info][gc,heap        ] GC(799) ParOldGen: 525063K(556544K)->525079K(556544K)
[299.108s][info][gc,metaspace   ] GC(799) Metaspace: 35251K(35904K)->35251K(35904K) NonClass: 26044K(26496K)->26044K(26496K) Class: 9207K(9408K)->9207K(9408K)
[299.108s][info][gc             ] GC(799) Pause Young (Allocation Failure) 776M->512M(797M) 3.591ms
[299.108s][info][gc,cpu         ] GC(799) User=0.01s Sys=0.00s Real=0.00s
[299.243s][info][gc,start       ] GC(800) Pause Young (Allocation Failure)
[299.246s][info][gc,heap        ] GC(800) PSYoungGen: 259648K(260096K)->64K(259072K) Eden: 259584K(259584K)->0K(249344K) From: 64K(512K)->64K(9728K)
[299.246s][info][gc,heap        ] GC(800) ParOldGen: 525079K(556544K)->525095K(556544K)
[299.246s][info][gc,metaspace   ] GC(800) Metaspace: 35251K(35904K)->35251K(35904K) NonClass: 26044K(26496K)->26044K(26496K) Class: 9207K(9408K)->9207K(9408K)
[299.246s][info][gc             ] GC(800) Pause Young (Allocation Failure) 766M->512M(796M) 2.575ms
[299.246s][info][gc,cpu         ] GC(800) User=0.00s Sys=0.00s Real=0.00s
[299.616s][info][gc,start       ] GC(801) Pause Young (Allocation Failure)
[299.620s][info][gc,heap        ] GC(801) PSYoungGen: 249408K(259072K)->64K(240128K) Eden: 249344K(249344K)->0K(239616K) From: 64K(9728K)->64K(512K)
[299.620s][info][gc,heap        ] GC(801) ParOldGen: 525095K(556544K)->525111K(556544K)
[299.620s][info][gc,metaspace   ] GC(801) Metaspace: 35251K(35904K)->35251K(35904K) NonClass: 26044K(26496K)->26044K(26496K) Class: 9207K(9408K)->9207K(9408K)
[299.620s][info][gc             ] GC(801) Pause Young (Allocation Failure) 756M->512M(778M) 3.632ms
[299.620s][info][gc,cpu         ] GC(801) User=0.00s Sys=0.00s Real=0.01s
[299.950s][info][gc,start       ] GC(802) Pause Young (Allocation Failure)
[299.952s][info][gc,heap        ] GC(802) PSYoungGen: 239680K(240128K)->64K(238592K) Eden: 239616K(239616K)->0K(230400K) From: 64K(512K)->64K(8192K)
[299.952s][info][gc,heap        ] GC(802) ParOldGen: 525111K(556544K)->525119K(556544K)
[299.952s][info][gc,metaspace   ] GC(802) Metaspace: 35251K(35904K)->35251K(35904K) NonClass: 26044K(26496K)->26044K(26496K) Class: 9207K(9408K)->9207K(9408K)
[299.952s][info][gc             ] GC(802) Pause Young (Allocation Failure) 746M->512M(776M) 2.054ms
[299.952s][info][gc,cpu         ] GC(802) User=0.01s Sys=0.00s Real=0.00s
[300.325s][info][gc,start       ] GC(803) Pause Young (Allocation Failure)
[300.333s][info][gc,heap        ] GC(803) PSYoungGen: 230463K(238592K)->5184K(282112K) Eden: 230399K(230400K)->0K(274432K) From: 64K(8192K)->5184K(7680K)
[300.333s][info][gc,heap        ] GC(803) ParOldGen: 525119K(556544K)->525127K(556544K)
[300.333s][info][gc,metaspace   ] GC(803) Metaspace: 35266K(35968K)->35266K(35968K) NonClass: 26058K(26560K)->26058K(26560K) Class: 9207K(9408K)->9207K(9408K)
[300.333s][info][gc             ] GC(803) Pause Young (Allocation Failure) 737M->517M(819M) 8.948ms
[300.333s][info][gc,cpu         ] GC(803) User=0.01s Sys=0.00s Real=0.01s
[300.689s][info][gc,start       ] GC(804) Pause Young (Allocation Failure)
[300.738s][info][gc,heap        ] GC(804) PSYoungGen: 279616K(282112K)->8704K(283136K) Eden: 274432K(274432K)->0K(274432K) From: 5184K(7680K)->8704K(8704K)
[300.738s][info][gc,heap        ] GC(804) ParOldGen: 525127K(556544K)->547703K(556544K)
[300.738s][info][gc,metaspace   ] GC(804) Metaspace: 35266K(35968K)->35266K(35968K) NonClass: 26058K(26560K)->26058K(26560K) Class: 9207K(9408K)->9207K(9408K)
[300.738s][info][gc             ] GC(804) Pause Young (Allocation Failure) 785M->543M(820M) 49.069ms
[300.738s][info][gc,cpu         ] GC(804) User=0.10s Sys=0.00s Real=0.04s
[301.049s][info][gc,start       ] GC(805) Pause Young (Allocation Failure)
[301.105s][info][gc,heap        ] GC(805) PSYoungGen: 283136K(283136K)->18944K(300544K) Eden: 274432K(274432K)->0K(281600K) From: 8704K(8704K)->18944K(18944K)
[301.105s][info][gc,heap        ] GC(805) ParOldGen: 547703K(556544K)->555559K(556544K)
[301.105s][info][gc,metaspace   ] GC(805) Metaspace: 35266K(35968K)->35266K(35968K) NonClass: 26058K(26560K)->26058K(26560K) Class: 9207K(9408K)->9207K(9408K)
[301.105s][info][gc             ] GC(805) Pause Young (Allocation Failure) 811M->561M(837M) 55.847ms
[301.105s][info][gc,cpu         ] GC(805) User=0.10s Sys=0.01s Real=0.05s
[301.233s][info][gc,start       ] GC(806) Pause Young (Allocation Failure)
[301.237s][info][gc,heap        ] GC(806) PSYoungGen: 300544K(300544K)->64K(307712K) Eden: 281600K(281600K)->0K(281600K) From: 18944K(18944K)->64K(26112K)
[301.237s][info][gc,heap        ] GC(806) ParOldGen: 555559K(556544K)->555767K(556544K)
[301.237s][info][gc,metaspace   ] GC(806) Metaspace: 35266K(35968K)->35266K(35968K) NonClass: 26058K(26560K)->26058K(26560K) Class: 9207K(9408K)->9207K(9408K)
[301.237s][info][gc             ] GC(806) Pause Young (Allocation Failure) 836M->542M(844M) 3.820ms
[301.237s][info][gc,cpu         ] GC(806) User=0.01s Sys=0.00s Real=0.00s
[301.935s][info][gc,start       ] GC(807) Pause Young (Allocation Failure)
[301.937s][info][gc,heap        ] GC(807) PSYoungGen: 281664K(307712K)->64K(304640K) Eden: 281600K(281600K)->0K(282624K) From: 64K(26112K)->64K(22016K)
[301.937s][info][gc,heap        ] GC(807) ParOldGen: 555767K(556544K)->555783K(556544K)
[301.937s][info][gc,metaspace   ] GC(807) Metaspace: 35266K(35968K)->35266K(35968K) NonClass: 26058K(26560K)->26058K(26560K) Class: 9207K(9408K)->9207K(9408K)
[301.937s][info][gc             ] GC(807) Pause Young (Allocation Failure) 817M->542M(841M) 2.049ms
[301.937s][info][gc,cpu         ] GC(807) User=0.01s Sys=0.00s Real=0.00s
[302.279s][info][gc,start       ] GC(808) Pause Young (Allocation Failure)
[302.280s][info][gc,heap        ] GC(808) PSYoungGen: 282688K(304640K)->64K(306688K) Eden: 282624K(282624K)->0K(282624K) From: 64K(22016K)->64K(24064K)
[302.280s][info][gc,heap        ] GC(808) ParOldGen: 555783K(556544K)->555783K(556544K)
[302.280s][info][gc,metaspace   ] GC(808) Metaspace: 35266K(35968K)->35266K(35968K) NonClass: 26058K(26560K)->26058K(26560K) Class: 9207K(9408K)->9207K(9408K)
[302.280s][info][gc             ] GC(808) Pause Young (Allocation Failure) 818M->542M(843M) 1.669ms
[302.280s][info][gc,cpu         ] GC(808) User=0.00s Sys=0.00s Real=0.00s
[302.679s][info][gc,start       ] GC(809) Pause Young (Allocation Failure)
[302.681s][info][gc,heap        ] GC(809) PSYoungGen: 282688K(306688K)->64K(306688K) Eden: 282624K(282624K)->0K(286720K) From: 64K(24064K)->64K(19968K)
[302.681s][info][gc,heap        ] GC(809) ParOldGen: 555783K(556544K)->555799K(556544K)
[302.681s][info][gc,metaspace   ] GC(809) Metaspace: 35266K(35968K)->35266K(35968K) NonClass: 26058K(26560K)->26058K(26560K) Class: 9207K(9408K)->9207K(9408K)
[302.681s][info][gc             ] GC(809) Pause Young (Allocation Failure) 818M->542M(843M) 1.780ms
[302.681s][info][gc,cpu         ] GC(809) User=0.00s Sys=0.00s Real=0.00s
[302.917s][info][gc,start       ] GC(810) Pause Young (Allocation Failure)
[302.918s][info][gc,heap        ] GC(810) PSYoungGen: 286784K(306688K)->32K(308736K) Eden: 286720K(286720K)->0K(286720K) From: 64K(19968K)->32K(22016K)
[302.918s][info][gc,heap        ] GC(810) ParOldGen: 555799K(556544K)->555815K(556544K)
[302.918s][info][gc,metaspace   ] GC(810) Metaspace: 35266K(35968K)->35266K(35968K) NonClass: 26058K(26560K)->26058K(26560K) Class: 9207K(9408K)->9207K(9408K)
[302.918s][info][gc             ] GC(810) Pause Young (Allocation Failure) 822M->542M(845M) 1.713ms
[302.918s][info][gc,cpu         ] GC(810) User=0.00s Sys=0.00s Real=0.00s
[303.276s][info][gc,start       ] GC(811) Pause Young (Allocation Failure)
[303.278s][info][gc,heap        ] GC(811) PSYoungGen: 286752K(308736K)->64K(308736K) Eden: 286720K(286720K)->0K(290816K) From: 32K(22016K)->64K(17920K)
[303.278s][info][gc,heap        ] GC(811) ParOldGen: 555815K(556544K)->555815K(556544K)
[303.278s][info][gc,metaspace   ] GC(811) Metaspace: 35266K(35968K)->35266K(35968K) NonClass: 26058K(26560K)->26058K(26560K) Class: 9207K(9408K)->9207K(9408K)
[303.278s][info][gc             ] GC(811) Pause Young (Allocation Failure) 822M->542M(845M) 1.709ms
[303.278s][info][gc,cpu         ] GC(811) User=0.01s Sys=0.00s Real=0.00s
[303.338s][info][gc,start       ] GC(812) Pause Young (Allocation Failure)
[303.340s][info][gc,heap        ] GC(812) PSYoungGen: 290880K(308736K)->64K(310784K) Eden: 290816K(290816K)->0K(290816K) From: 64K(17920K)->64K(19968K)
[303.340s][info][gc,heap        ] GC(812) ParOldGen: 555815K(556544K)->555823K(556544K)
[303.340s][info][gc,metaspace   ] GC(812) Metaspace: 35266K(35968K)->35266K(35968K) NonClass: 26058K(26560K)->26058K(26560K) Class: 9207K(9408K)->9207K(9408K)
[303.340s][info][gc             ] GC(812) Pause Young (Allocation Failure) 826M->542M(847M) 1.576ms
[303.340s][info][gc,cpu         ] GC(812) User=0.00s Sys=0.00s Real=0.01s
[303.391s][info][gc,start       ] GC(813) Pause Young (Allocation Failure)
[303.392s][info][gc,heap        ] GC(813) PSYoungGen: 290880K(310784K)->64K(310784K) Eden: 290816K(290816K)->0K(294912K) From: 64K(19968K)->64K(15872K)
[303.392s][info][gc,heap        ] GC(813) ParOldGen: 555823K(556544K)->555839K(556544K)
[303.392s][info][gc,metaspace   ] GC(813) Metaspace: 35266K(35968K)->35266K(35968K) NonClass: 26058K(26560K)->26058K(26560K) Class: 9207K(9408K)->9207K(9408K)
[303.392s][info][gc             ] GC(813) Pause Young (Allocation Failure) 826M->542M(847M) 1.493ms
[303.392s][info][gc,cpu         ] GC(813) User=0.00s Sys=0.00s Real=0.00s
[303.638s][info][gc,start       ] GC(814) Pause Young (Allocation Failure)
[303.640s][info][gc,heap        ] GC(814) PSYoungGen: 294976K(310784K)->64K(312832K) Eden: 294912K(294912K)->0K(294912K) From: 64K(15872K)->64K(17920K)
[303.640s][info][gc,heap        ] GC(814) ParOldGen: 555839K(556544K)->555839K(556544K)
[303.640s][info][gc,metaspace   ] GC(814) Metaspace: 35266K(35968K)->35266K(35968K) NonClass: 26058K(26560K)->26058K(26560K) Class: 9207K(9408K)->9207K(9408K)
[303.640s][info][gc             ] GC(814) Pause Young (Allocation Failure) 830M->542M(849M) 2.476ms
[303.640s][info][gc,cpu         ] GC(814) User=0.01s Sys=0.00s Real=0.01s
[303.913s][info][gc,start       ] GC(815) Pause Young (Allocation Failure)
[303.915s][info][gc,heap        ] GC(815) PSYoungGen: 294976K(312832K)->64K(312832K) Eden: 294912K(294912K)->0K(299008K) From: 64K(17920K)->64K(13824K)
[303.915s][info][gc,heap        ] GC(815) ParOldGen: 555839K(556544K)->555847K(556544K)
[303.915s][info][gc,metaspace   ] GC(815) Metaspace: 35266K(35968K)->35266K(35968K) NonClass: 26058K(26560K)->26058K(26560K) Class: 9207K(9408K)->9207K(9408K)
[303.915s][info][gc             ] GC(815) Pause Young (Allocation Failure) 830M->542M(849M) 1.658ms
[303.915s][info][gc,cpu         ] GC(815) User=0.00s Sys=0.00s Real=0.00s
[304.038s][info][gc,start       ] GC(816) Pause Young (Allocation Failure)
[304.039s][info][gc,heap        ] GC(816) PSYoungGen: 299072K(312832K)->64K(314880K) Eden: 299008K(299008K)->0K(299008K) From: 64K(13824K)->64K(15872K)
[304.040s][info][gc,heap        ] GC(816) ParOldGen: 555847K(556544K)->555855K(556544K)
[304.040s][info][gc,metaspace   ] GC(816) Metaspace: 35266K(35968K)->35266K(35968K) NonClass: 26058K(26560K)->26058K(26560K) Class: 9207K(9408K)->9207K(9408K)
[304.040s][info][gc             ] GC(816) Pause Young (Allocation Failure) 834M->542M(851M) 1.752ms
[304.040s][info][gc,cpu         ] GC(816) User=0.00s Sys=0.00s Real=0.01s
[304.158s][info][gc,start       ] GC(817) Pause Young (Allocation Failure)
[304.160s][info][gc,heap        ] GC(817) PSYoungGen: 299072K(314880K)->64K(315904K) Eden: 299008K(299008K)->0K(303104K) From: 64K(15872K)->64K(12800K)
[304.160s][info][gc,heap        ] GC(817) ParOldGen: 555855K(556544K)->555863K(556544K)
[304.160s][info][gc,metaspace   ] GC(817) Metaspace: 35266K(35968K)->35266K(35968K) NonClass: 26058K(26560K)->26058K(26560K) Class: 9207K(9408K)->9207K(9408K)
[304.160s][info][gc             ] GC(817) Pause Young (Allocation Failure) 834M->542M(852M) 1.590ms
[304.160s][info][gc,cpu         ] GC(817) User=0.01s Sys=0.00s Real=0.01s
[304.540s][info][gc,start       ] GC(818) Pause Young (Allocation Failure)
[304.542s][info][gc,heap        ] GC(818) PSYoungGen: 303168K(315904K)->64K(317440K) Eden: 303104K(303104K)->0K(303104K) From: 64K(12800K)->64K(14336K)
[304.542s][info][gc,heap        ] GC(818) ParOldGen: 555863K(556544K)->555871K(556544K)
[304.542s][info][gc,metaspace   ] GC(818) Metaspace: 35266K(35968K)->35266K(35968K) NonClass: 26058K(26560K)->26058K(26560K) Class: 9207K(9408K)->9207K(9408K)
[304.542s][info][gc             ] GC(818) Pause Young (Allocation Failure) 838M->542M(853M) 1.730ms
[304.542s][info][gc,cpu         ] GC(818) User=0.00s Sys=0.00s Real=0.00s
[305.212s][info][gc,start       ] GC(819) Pause Young (Allocation Failure)
[305.214s][info][gc,heap        ] GC(819) PSYoungGen: 303168K(317440K)->64K(291328K) Eden: 303104K(303104K)->0K(290816K) From: 64K(14336K)->64K(512K)
[305.214s][info][gc,heap        ] GC(819) ParOldGen: 555871K(556544K)->555879K(556544K)
[305.214s][info][gc,metaspace   ] GC(819) Metaspace: 35266K(35968K)->35266K(35968K) NonClass: 26058K(26560K)->26058K(26560K) Class: 9207K(9408K)->9207K(9408K)
[305.214s][info][gc             ] GC(819) Pause Young (Allocation Failure) 838M->542M(828M) 2.499ms
[305.214s][info][gc,cpu         ] GC(819) User=0.01s Sys=0.00s Real=0.00s
[306.137s][info][gc,start       ] GC(820) Pause Young (Allocation Failure)
[306.139s][info][gc,heap        ] GC(820) PSYoungGen: 290880K(291328K)->64K(291328K) Eden: 290816K(290816K)->0K(279040K) From: 64K(512K)->64K(12288K)
[306.139s][info][gc,heap        ] GC(820) ParOldGen: 555879K(556544K)->555887K(556544K)
[306.139s][info][gc,metaspace   ] GC(820) Metaspace: 35266K(35968K)->35266K(35968K) NonClass: 26058K(26560K)->26058K(26560K) Class: 9207K(9408K)->9207K(9408K)
[306.139s][info][gc             ] GC(820) Pause Young (Allocation Failure) 826M->542M(828M) 2.104ms
[306.139s][info][gc,cpu         ] GC(820) User=0.01s Sys=0.00s Real=0.01s
[306.582s][info][gc,start       ] GC(821) Pause Young (Allocation Failure)
[306.585s][info][gc,heap        ] GC(821) PSYoungGen: 279104K(291328K)->64K(268288K) Eden: 279040K(279040K)->0K(267776K) From: 64K(12288K)->64K(512K)
[306.585s][info][gc,heap        ] GC(821) ParOldGen: 555887K(556544K)->555903K(556544K)
[306.585s][info][gc,metaspace   ] GC(821) Metaspace: 35266K(35968K)->35266K(35968K) NonClass: 26058K(26560K)->26058K(26560K) Class: 9207K(9408K)->9207K(9408K)
[306.585s][info][gc             ] GC(821) Pause Young (Allocation Failure) 815M->542M(805M) 3.719ms
[306.585s][info][gc,cpu         ] GC(821) User=0.00s Sys=0.00s Real=0.00s
[307.563s][info][gc,start       ] GC(822) Pause Young (Allocation Failure)
[307.565s][info][gc,heap        ] GC(822) PSYoungGen: 267840K(268288K)->32K(267776K) Eden: 267776K(267776K)->0K(257024K) From: 64K(512K)->32K(10752K)
[307.565s][info][gc,heap        ] GC(822) ParOldGen: 555903K(556544K)->555911K(556544K)
[307.565s][info][gc,metaspace   ] GC(822) Metaspace: 35266K(35968K)->35266K(35968K) NonClass: 26058K(26560K)->26058K(26560K) Class: 9207K(9408K)->9207K(9408K)
[307.565s][info][gc             ] GC(822) Pause Young (Allocation Failure) 804M->542M(805M) 2.632ms
[307.565s][info][gc,cpu         ] GC(822) User=0.00s Sys=0.00s Real=0.00s
[307.922s][info][gc,start       ] GC(823) Pause Young (Allocation Failure)
[307.925s][info][gc,heap        ] GC(823) PSYoungGen: 257056K(267776K)->64K(247296K) Eden: 257024K(257024K)->0K(246784K) From: 32K(10752K)->64K(512K)
[307.925s][info][gc,heap        ] GC(823) ParOldGen: 555911K(556544K)->555927K(556544K)
[307.925s][info][gc,metaspace   ] GC(823) Metaspace: 35266K(35968K)->35266K(35968K) NonClass: 26058K(26560K)->26058K(26560K) Class: 9207K(9408K)->9207K(9408K)
[307.925s][info][gc             ] GC(823) Pause Young (Allocation Failure) 793M->542M(785M) 3.282ms
[307.925s][info][gc,cpu         ] GC(823) User=0.01s Sys=0.00s Real=0.00s
[308.069s][info][gc,start       ] GC(824) Pause Young (Allocation Failure)
[308.072s][info][gc,heap        ] GC(824) PSYoungGen: 246848K(247296K)->64K(246272K) Eden: 246784K(246784K)->0K(237056K) From: 64K(512K)->64K(9216K)
[308.072s][info][gc,heap        ] GC(824) ParOldGen: 555927K(556544K)->555943K(556544K)
[308.072s][info][gc,metaspace   ] GC(824) Metaspace: 35266K(35968K)->35266K(35968K) NonClass: 26058K(26560K)->26058K(26560K) Class: 9207K(9408K)->9207K(9408K)
[308.072s][info][gc             ] GC(824) Pause Young (Allocation Failure) 783M->542M(784M) 2.912ms
[308.072s][info][gc,cpu         ] GC(824) User=0.00s Sys=0.00s Real=0.00s
[308.320s][info][gc,start       ] GC(825) Pause Young (Allocation Failure)
[308.324s][info][gc,heap        ] GC(825) PSYoungGen: 237120K(246272K)->64K(228352K) Eden: 237056K(237056K)->0K(227840K) From: 64K(9216K)->64K(512K)
[308.324s][info][gc,heap        ] GC(825) ParOldGen: 555943K(556544K)->555959K(556544K)
[308.324s][info][gc,metaspace   ] GC(825) Metaspace: 35266K(35968K)->35266K(35968K) NonClass: 26058K(26560K)->26058K(26560K) Class: 9207K(9408K)->9207K(9408K)
[308.324s][info][gc             ] GC(825) Pause Young (Allocation Failure) 774M->542M(766M) 3.488ms
[308.324s][info][gc,cpu         ] GC(825) User=0.00s Sys=0.00s Real=0.00s
[308.767s][info][gc,start       ] GC(826) Pause Young (Allocation Failure)
[308.770s][info][gc,heap        ] GC(826) PSYoungGen: 227904K(228352K)->64K(227328K) Eden: 227840K(227840K)->0K(219136K) From: 64K(512K)->64K(8192K)
[308.770s][info][gc,heap        ] GC(826) ParOldGen: 555959K(556544K)->555975K(556544K)
[308.770s][info][gc,metaspace   ] GC(826) Metaspace: 35266K(35968K)->35266K(35968K) NonClass: 26058K(26560K)->26058K(26560K) Class: 9207K(9408K)->9207K(9408K)
[308.770s][info][gc             ] GC(826) Pause Young (Allocation Failure) 765M->543M(765M) 2.899ms
[308.770s][info][gc,cpu         ] GC(826) User=0.01s Sys=0.00s Real=0.01s
[309.043s][info][gc,start       ] GC(827) Pause Young (Allocation Failure)
[309.047s][info][gc,heap        ] GC(827) PSYoungGen: 219200K(227328K)->32K(211456K) Eden: 219136K(219136K)->0K(210944K) From: 64K(8192K)->32K(512K)
[309.047s][info][gc,heap        ] GC(827) ParOldGen: 555975K(556544K)->555983K(556544K)
[309.047s][info][gc,metaspace   ] GC(827) Metaspace: 35266K(35968K)->35266K(35968K) NonClass: 26058K(26560K)->26058K(26560K) Class: 9207K(9408K)->9207K(9408K)
[309.047s][info][gc             ] GC(827) Pause Young (Allocation Failure) 757M->542M(750M) 3.937ms
[309.047s][info][gc,cpu         ] GC(827) User=0.00s Sys=0.00s Real=0.00s
[309.343s][info][gc,start       ] GC(828) Pause Young (Allocation Failure)
[309.384s][info][gc,heap        ] GC(828) PSYoungGen: 210976K(211456K)->7168K(260608K) Eden: 210944K(210944K)->0K(253440K) From: 32K(512K)->7168K(7168K)
[309.384s][info][gc,heap        ] GC(828) ParOldGen: 555983K(556544K)->569919K(570368K)
[309.384s][info][gc,metaspace   ] GC(828) Metaspace: 35266K(35968K)->35266K(35968K) NonClass: 26058K(26560K)->26058K(26560K) Class: 9207K(9408K)->9207K(9408K)
[309.384s][info][gc             ] GC(828) Pause Young (Allocation Failure) 748M->563M(811M) 41.245ms
[309.384s][info][gc,cpu         ] GC(828) User=0.08s Sys=0.01s Real=0.04s
[309.714s][info][gc,start       ] GC(829) Pause Young (Allocation Failure)
[309.774s][info][gc,heap        ] GC(829) PSYoungGen: 260608K(260608K)->7168K(261632K) Eden: 253440K(253440K)->0K(254464K) From: 7168K(7168K)->7168K(7168K)
[309.774s][info][gc,heap        ] GC(829) ParOldGen: 569919K(570368K)->592015K(592384K)
[309.774s][info][gc,metaspace   ] GC(829) Metaspace: 35266K(35968K)->35266K(35968K) NonClass: 26058K(26560K)->26058K(26560K) Class: 9207K(9408K)->9207K(9408K)
[309.774s][info][gc             ] GC(829) Pause Young (Allocation Failure) 811M->585M(834M) 60.620ms
[309.774s][info][gc,cpu         ] GC(829) User=0.09s Sys=0.02s Real=0.06s
[309.954s][info][gc,start       ] GC(830) Pause Young (Allocation Failure)
[309.979s][info][gc,heap        ] GC(830) PSYoungGen: 261632K(261632K)->12704K(276992K) Eden: 254464K(254464K)->0K(254464K) From: 7168K(7168K)->12704K(22528K)
[309.979s][info][gc,heap        ] GC(830) ParOldGen: 592015K(592384K)->592607K(592896K)
[309.979s][info][gc,metaspace   ] GC(830) Metaspace: 35266K(35968K)->35266K(35968K) NonClass: 26058K(26560K)->26058K(26560K) Class: 9207K(9408K)->9207K(9408K)
[309.979s][info][gc             ] GC(830) Pause Young (Allocation Failure) 833M->591M(849M) 25.649ms
[309.979s][info][gc,cpu         ] GC(830) User=0.05s Sys=0.00s Real=0.03s
[310.262s][info][gc,start       ] GC(831) Pause Young (Allocation Failure)
[310.263s][info][gc,heap        ] GC(831) PSYoungGen: 267168K(276992K)->64K(310784K) Eden: 254464K(254464K)->0K(287232K) From: 12704K(22528K)->64K(23552K)
[310.263s][info][gc,heap        ] GC(831) ParOldGen: 592607K(592896K)->592615K(592896K)
[310.263s][info][gc,metaspace   ] GC(831) Metaspace: 35266K(35968K)->35266K(35968K) NonClass: 26058K(26560K)->26058K(26560K) Class: 9207K(9408K)->9207K(9408K)
[310.264s][info][gc             ] GC(831) Pause Young (Allocation Failure) 839M->578M(882M) 1.882ms
[310.264s][info][gc,cpu         ] GC(831) User=0.00s Sys=0.00s Real=0.00s
[310.983s][info][gc,start       ] GC(832) Pause Young (Allocation Failure)
[310.985s][info][gc,heap        ] GC(832) PSYoungGen: 287296K(310784K)->160K(287744K) Eden: 287232K(287232K)->0K(287232K) From: 64K(23552K)->160K(512K)
[310.986s][info][gc,heap        ] GC(832) ParOldGen: 592615K(592896K)->592623K(592896K)
[310.986s][info][gc,metaspace   ] GC(832) Metaspace: 35358K(36032K)->35358K(36032K) NonClass: 26150K(26624K)->26150K(26624K) Class: 9208K(9408K)->9208K(9408K)
[310.986s][info][gc             ] GC(832) Pause Young (Allocation Failure) 859M->578M(860M) 2.889ms
[310.986s][info][gc,cpu         ] GC(832) User=0.01s Sys=0.00s Real=0.00s
[311.447s][info][gc,start       ] GC(833) Pause Young (Allocation Failure)
[311.450s][info][gc,heap        ] GC(833) PSYoungGen: 287392K(287744K)->64K(309760K) Eden: 287232K(287232K)->0K(287744K) From: 160K(512K)->64K(22016K)
[311.450s][info][gc,heap        ] GC(833) ParOldGen: 592623K(592896K)->592711K(592896K)
[311.450s][info][gc,metaspace   ] GC(833) Metaspace: 35358K(36032K)->35358K(36032K) NonClass: 26150K(26624K)->26150K(26624K) Class: 9208K(9408K)->9208K(9408K)
[311.450s][info][gc             ] GC(833) Pause Young (Allocation Failure) 859M->578M(881M) 2.136ms
[311.450s][info][gc,cpu         ] GC(833) User=0.00s Sys=0.00s Real=0.01s
[311.686s][info][gc,start       ] GC(834) Pause Young (Allocation Failure)
[311.687s][info][gc,heap        ] GC(834) PSYoungGen: 287808K(309760K)->64K(309248K) Eden: 287744K(287744K)->0K(287744K) From: 64K(22016K)->64K(21504K)
[311.687s][info][gc,heap        ] GC(834) ParOldGen: 592711K(592896K)->592727K(592896K)
[311.687s][info][gc,metaspace   ] GC(834) Metaspace: 35358K(36032K)->35358K(36032K) NonClass: 26150K(26624K)->26150K(26624K) Class: 9208K(9408K)->9208K(9408K)
[311.687s][info][gc             ] GC(834) Pause Young (Allocation Failure) 859M->578M(881M) 1.810ms
[311.687s][info][gc,cpu         ] GC(834) User=0.00s Sys=0.00s Real=0.00s
[311.923s][info][gc,start       ] GC(835) Pause Young (Allocation Failure)
[311.925s][info][gc,heap        ] GC(835) PSYoungGen: 287808K(309248K)->64K(311296K) Eden: 287744K(287744K)->0K(291328K) From: 64K(21504K)->64K(19968K)
[311.925s][info][gc,heap        ] GC(835) ParOldGen: 592727K(592896K)->592727K(592896K)
[311.925s][info][gc,metaspace   ] GC(835) Metaspace: 35358K(36032K)->35358K(36032K) NonClass: 26150K(26624K)->26150K(26624K) Class: 9208K(9408K)->9208K(9408K)
[311.925s][info][gc             ] GC(835) Pause Young (Allocation Failure) 859M->578M(883M) 1.816ms
[311.925s][info][gc,cpu         ] GC(835) User=0.00s Sys=0.00s Real=0.00s
[312.252s][info][gc,start       ] GC(836) Pause Young (Allocation Failure)
[312.254s][info][gc,heap        ] GC(836) PSYoungGen: 291392K(311296K)->64K(310784K) Eden: 291328K(291328K)->0K(291328K) From: 64K(19968K)->64K(19456K)
[312.254s][info][gc,heap        ] GC(836) ParOldGen: 592727K(592896K)->592727K(592896K)
[312.254s][info][gc,metaspace   ] GC(836) Metaspace: 35358K(36032K)->35358K(36032K) NonClass: 26150K(26624K)->26150K(26624K) Class: 9208K(9408K)->9208K(9408K)
[312.254s][info][gc             ] GC(836) Pause Young (Allocation Failure) 863M->578M(882M) 1.753ms
[312.254s][info][gc,cpu         ] GC(836) User=0.01s Sys=0.00s Real=0.00s
[312.305s][info][gc,start       ] GC(837) Pause Young (Allocation Failure)
[312.306s][info][gc,heap        ] GC(837) PSYoungGen: 291392K(310784K)->64K(313344K) Eden: 291328K(291328K)->0K(295424K) From: 64K(19456K)->64K(17920K)
[312.306s][info][gc,heap        ] GC(837) ParOldGen: 592727K(592896K)->592743K(592896K)
[312.306s][info][gc,metaspace   ] GC(837) Metaspace: 35358K(36032K)->35358K(36032K) NonClass: 26150K(26624K)->26150K(26624K) Class: 9208K(9408K)->9208K(9408K)
[312.306s][info][gc             ] GC(837) Pause Young (Allocation Failure) 863M->578M(885M) 1.648ms
[312.306s][info][gc,cpu         ] GC(837) User=0.00s Sys=0.00s Real=0.00s
[312.362s][info][gc,start       ] GC(838) Pause Young (Allocation Failure)
[312.363s][info][gc,heap        ] GC(838) PSYoungGen: 295488K(313344K)->64K(312832K) Eden: 295424K(295424K)->0K(295424K) From: 64K(17920K)->64K(17408K)
[312.363s][info][gc,heap        ] GC(838) ParOldGen: 592743K(592896K)->592743K(592896K)
[312.363s][info][gc,metaspace   ] GC(838) Metaspace: 35358K(36032K)->35358K(36032K) NonClass: 26150K(26624K)->26150K(26624K) Class: 9208K(9408K)->9208K(9408K)
[312.363s][info][gc             ] GC(838) Pause Young (Allocation Failure) 867M->578M(884M) 1.729ms
[312.363s][info][gc,cpu         ] GC(838) User=0.01s Sys=0.00s Real=0.00s
[312.678s][info][gc,start       ] GC(839) Pause Young (Allocation Failure)
[312.679s][info][gc,heap        ] GC(839) PSYoungGen: 295488K(312832K)->64K(315392K) Eden: 295424K(295424K)->0K(299008K) From: 64K(17408K)->64K(16384K)
[312.679s][info][gc,heap        ] GC(839) ParOldGen: 592743K(592896K)->592759K(592896K)
[312.679s][info][gc,metaspace   ] GC(839) Metaspace: 35358K(36032K)->35358K(36032K) NonClass: 26150K(26624K)->26150K(26624K) Class: 9208K(9408K)->9208K(9408K)
[312.679s][info][gc             ] GC(839) Pause Young (Allocation Failure) 867M->578M(887M) 1.629ms
[312.679s][info][gc,cpu         ] GC(839) User=0.00s Sys=0.00s Real=0.01s
[312.932s][info][gc,start       ] GC(840) Pause Young (Allocation Failure)
[312.933s][info][gc,heap        ] GC(840) PSYoungGen: 299072K(315392K)->64K(314880K) Eden: 299008K(299008K)->0K(299008K) From: 64K(16384K)->64K(15872K)
[312.933s][info][gc,heap        ] GC(840) ParOldGen: 592759K(592896K)->592759K(592896K)
[312.933s][info][gc,metaspace   ] GC(840) Metaspace: 35358K(36032K)->35358K(36032K) NonClass: 26150K(26624K)->26150K(26624K) Class: 9208K(9408K)->9208K(9408K)
[312.933s][info][gc             ] GC(840) Pause Young (Allocation Failure) 870M->578M(886M) 1.832ms
[312.933s][info][gc,cpu         ] GC(840) User=0.01s Sys=0.00s Real=0.00s
[313.017s][info][gc,start       ] GC(841) Pause Young (Allocation Failure)
[313.019s][info][gc,heap        ] GC(841) PSYoungGen: 299072K(314880K)->64K(316928K) Eden: 299008K(299008K)->0K(302592K) From: 64K(15872K)->64K(14336K)
[313.019s][info][gc,heap        ] GC(841) ParOldGen: 592759K(592896K)->592767K(592896K)
[313.019s][info][gc,metaspace   ] GC(841) Metaspace: 35358K(36032K)->35358K(36032K) NonClass: 26150K(26624K)->26150K(26624K) Class: 9208K(9408K)->9208K(9408K)
[313.019s][info][gc             ] GC(841) Pause Young (Allocation Failure) 870M->578M(888M) 1.719ms
[313.019s][info][gc,cpu         ] GC(841) User=0.00s Sys=0.00s Real=0.01s
[313.173s][info][gc,start       ] GC(842) Pause Young (Allocation Failure)
[313.175s][info][gc,heap        ] GC(842) PSYoungGen: 302656K(316928K)->64K(316416K) Eden: 302592K(302592K)->0K(302592K) From: 64K(14336K)->64K(13824K)
[313.175s][info][gc,heap        ] GC(842) ParOldGen: 592767K(592896K)->592775K(592896K)
[313.175s][info][gc,metaspace   ] GC(842) Metaspace: 35358K(36032K)->35358K(36032K) NonClass: 26150K(26624K)->26150K(26624K) Class: 9208K(9408K)->9208K(9408K)
[313.175s][info][gc             ] GC(842) Pause Young (Allocation Failure) 874M->578M(888M) 1.713ms
[313.175s][info][gc,cpu         ] GC(842) User=0.01s Sys=0.00s Real=0.00s
[313.595s][info][gc,start       ] GC(843) Pause Young (Allocation Failure)
[313.596s][info][gc,heap        ] GC(843) PSYoungGen: 302656K(316416K)->64K(318976K) Eden: 302592K(302592K)->0K(306688K) From: 64K(13824K)->64K(12288K)
[313.596s][info][gc,heap        ] GC(843) ParOldGen: 592775K(592896K)->592783K(592896K)
[313.596s][info][gc,metaspace   ] GC(843) Metaspace: 35358K(36032K)->35358K(36032K) NonClass: 26150K(26624K)->26150K(26624K) Class: 9208K(9408K)->9208K(9408K)
[313.596s][info][gc             ] GC(843) Pause Young (Allocation Failure) 874M->578M(890M) 1.693ms
[313.596s][info][gc,cpu         ] GC(843) User=0.01s Sys=0.00s Real=0.00s
[314.926s][info][gc,start       ] GC(844) Pause Young (Allocation Failure)
[314.927s][info][gc,heap        ] GC(844) PSYoungGen: 306752K(318976K)->64K(294912K) Eden: 306688K(306688K)->0K(294400K) From: 64K(12288K)->64K(512K)
[314.927s][info][gc,heap        ] GC(844) ParOldGen: 592783K(592896K)->592791K(592896K)
[314.927s][info][gc,metaspace   ] GC(844) Metaspace: 35358K(36032K)->35358K(36032K) NonClass: 26150K(26624K)->26150K(26624K) Class: 9208K(9408K)->9208K(9408K)
[314.927s][info][gc             ] GC(844) Pause Young (Allocation Failure) 878M->578M(867M) 1.792ms
[314.927s][info][gc,cpu         ] GC(844) User=0.00s Sys=0.00s Real=0.00s
[315.201s][info][gc,start       ] GC(845) Pause Young (Allocation Failure)
[315.203s][info][gc,heap        ] GC(845) PSYoungGen: 294464K(294912K)->64K(283136K) Eden: 294400K(294400K)->0K(282624K) From: 64K(512K)->64K(512K)
[315.203s][info][gc,heap        ] GC(845) ParOldGen: 592791K(592896K)->592799K(592896K)
[315.203s][info][gc,metaspace   ] GC(845) Metaspace: 35358K(36032K)->35358K(36032K) NonClass: 26150K(26624K)->26150K(26624K) Class: 9208K(9408K)->9208K(9408K)
[315.203s][info][gc             ] GC(845) Pause Young (Allocation Failure) 866M->578M(855M) 1.720ms
[315.203s][info][gc,cpu         ] GC(845) User=0.00s Sys=0.00s Real=0.00s
[315.672s][info][gc,start       ] GC(846) Pause Young (Allocation Failure)
[315.673s][info][gc,heap        ] GC(846) PSYoungGen: 282688K(283136K)->64K(282112K) Eden: 282624K(282624K)->0K(271360K) From: 64K(512K)->64K(10752K)
[315.673s][info][gc,heap        ] GC(846) ParOldGen: 592799K(592896K)->592807K(592896K)
[315.673s][info][gc,metaspace   ] GC(846) Metaspace: 35358K(36032K)->35358K(36032K) NonClass: 26150K(26624K)->26150K(26624K) Class: 9208K(9408K)->9208K(9408K)
[315.673s][info][gc             ] GC(846) Pause Young (Allocation Failure) 854M->578M(854M) 1.584ms
[315.673s][info][gc,cpu         ] GC(846) User=0.00s Sys=0.00s Real=0.00s
[316.602s][info][gc,start       ] GC(847) Pause Young (Allocation Failure)
[316.604s][info][gc,heap        ] GC(847) PSYoungGen: 271424K(282112K)->64K(261120K) Eden: 271360K(271360K)->0K(260608K) From: 64K(10752K)->64K(512K)
[316.604s][info][gc,heap        ] GC(847) ParOldGen: 592807K(592896K)->592823K(592896K)
[316.604s][info][gc,metaspace   ] GC(847) Metaspace: 35358K(36032K)->35358K(36032K) NonClass: 26150K(26624K)->26150K(26624K) Class: 9208K(9408K)->9208K(9408K)
[316.604s][info][gc             ] GC(847) Pause Young (Allocation Failure) 843M->578M(834M) 2.323ms
[316.604s][info][gc,cpu         ] GC(847) User=0.00s Sys=0.01s Real=0.00s
[316.975s][info][gc,start       ] GC(848) Pause Young (Allocation Failure)
[316.977s][info][gc,heap        ] GC(848) PSYoungGen: 260672K(261120K)->64K(259584K) Eden: 260608K(260608K)->0K(250368K) From: 64K(512K)->64K(9216K)
[316.977s][info][gc,heap        ] GC(848) ParOldGen: 592823K(592896K)->592831K(592896K)
[316.977s][info][gc,metaspace   ] GC(848) Metaspace: 35358K(36032K)->35358K(36032K) NonClass: 26150K(26624K)->26150K(26624K) Class: 9208K(9408K)->9208K(9408K)
[316.977s][info][gc             ] GC(848) Pause Young (Allocation Failure) 833M->578M(832M) 2.612ms
[316.977s][info][gc,cpu         ] GC(848) User=0.01s Sys=0.00s Real=0.00s
[317.047s][info][gc,start       ] GC(849) Pause Young (Allocation Failure)
[317.049s][info][gc,heap        ] GC(849) PSYoungGen: 250432K(259584K)->64K(290816K) Eden: 250368K(250368K)->0K(282112K) From: 64K(9216K)->64K(8704K)
[317.049s][info][gc,heap        ] GC(849) ParOldGen: 592831K(592896K)->592839K(592896K)
[317.049s][info][gc,metaspace   ] GC(849) Metaspace: 35358K(36032K)->35358K(36032K) NonClass: 26150K(26624K)->26150K(26624K) Class: 9208K(9408K)->9208K(9408K)
[317.049s][info][gc             ] GC(849) Pause Young (Allocation Failure) 823M->579M(863M) 2.403ms
[317.049s][info][gc,cpu         ] GC(849) User=0.01s Sys=0.00s Real=0.01s
[317.674s][info][gc,start       ] GC(850) Pause Young (Allocation Failure)
[317.677s][info][gc,heap        ] GC(850) PSYoungGen: 282176K(290816K)->64K(271360K) Eden: 282112K(282112K)->0K(270848K) From: 64K(8704K)->64K(512K)
[317.677s][info][gc,heap        ] GC(850) ParOldGen: 592839K(592896K)->592847K(592896K)
[317.677s][info][gc,metaspace   ] GC(850) Metaspace: 35358K(36032K)->35358K(36032K) NonClass: 26150K(26624K)->26150K(26624K) Class: 9208K(9408K)->9208K(9408K)
[317.677s][info][gc             ] GC(850) Pause Young (Allocation Failure) 854M->579M(844M) 2.502ms
[317.677s][info][gc,cpu         ] GC(850) User=0.00s Sys=0.00s Real=0.00s
[317.947s][info][gc,start       ] GC(851) Pause Young (Allocation Failure)
[317.950s][info][gc,heap        ] GC(851) PSYoungGen: 270911K(271360K)->32K(260608K) Eden: 270847K(270848K)->0K(260096K) From: 64K(512K)->32K(512K)
[317.950s][info][gc,heap        ] GC(851) ParOldGen: 592847K(592896K)->592863K(592896K)
[317.950s][info][gc,metaspace   ] GC(851) Metaspace: 35358K(36032K)->35358K(36032K) NonClass: 26150K(26624K)->26150K(26624K) Class: 9208K(9408K)->9208K(9408K)
[317.950s][info][gc             ] GC(851) Pause Young (Allocation Failure) 843M->578M(833M) 3.276ms
[317.950s][info][gc,cpu         ] GC(851) User=0.00s Sys=0.00s Real=0.01s
[318.334s][info][gc,start       ] GC(852) Pause Young (Allocation Failure)
[318.384s][info][gc,heap        ] GC(852) PSYoungGen: 260128K(260608K)->7168K(276480K) Eden: 260096K(260096K)->0K(269312K) From: 32K(512K)->7168K(7168K)
[318.384s][info][gc,heap        ] GC(852) ParOldGen: 592863K(592896K)->609967K(610304K)
[318.384s][info][gc,metaspace   ] GC(852) Metaspace: 35358K(36032K)->35358K(36032K) NonClass: 26150K(26624K)->26150K(26624K) Class: 9208K(9408K)->9208K(9408K)
[318.384s][info][gc             ] GC(852) Pause Young (Allocation Failure) 832M->602M(866M) 50.226ms
[318.384s][info][gc,cpu         ] GC(852) User=0.08s Sys=0.01s Real=0.05s
[318.752s][info][gc,start       ] GC(853) Pause Young (Allocation Failure)
[318.821s][info][gc,heap        ] GC(853) PSYoungGen: 276480K(276480K)->15360K(300032K) Eden: 269312K(269312K)->0K(284672K) From: 7168K(7168K)->15360K(15360K)
[318.821s][info][gc,heap        ] GC(853) ParOldGen: 609967K(610304K)->625751K(626176K)
[318.821s][info][gc,metaspace   ] GC(853) Metaspace: 35358K(36032K)->35358K(36032K) NonClass: 26150K(26624K)->26150K(26624K) Class: 9208K(9408K)->9208K(9408K)
[318.821s][info][gc             ] GC(853) Pause Young (Allocation Failure) 865M->626M(904M) 68.653ms
[318.821s][info][gc,cpu         ] GC(853) User=0.11s Sys=0.02s Real=0.07s
[318.963s][info][gc,start       ] GC(854) Pause Young (Allocation Failure)
[318.984s][info][gc,heap        ] GC(854) PSYoungGen: 300032K(300032K)->7712K(309248K) Eden: 284672K(284672K)->0K(284672K) From: 15360K(15360K)->7712K(24576K)
[318.984s][info][gc,heap        ] GC(854) ParOldGen: 625751K(626176K)->626167K(626176K)
[318.984s][info][gc,metaspace   ] GC(854) Metaspace: 35358K(36032K)->35358K(36032K) NonClass: 26150K(26624K)->26150K(26624K) Class: 9208K(9408K)->9208K(9408K)
[318.984s][info][gc             ] GC(854) Pause Young (Allocation Failure) 904M->619M(913M) 21.067ms
[318.984s][info][gc,cpu         ] GC(854) User=0.04s Sys=0.01s Real=0.02s
[319.503s][info][gc,start       ] GC(855) Pause Young (Allocation Failure)
[319.505s][info][gc,heap        ] GC(855) PSYoungGen: 292384K(309248K)->64K(306688K) Eden: 284672K(284672K)->0K(286208K) From: 7712K(24576K)->64K(20480K)
[319.505s][info][gc,heap        ] GC(855) ParOldGen: 626167K(626176K)->626175K(626176K)
[319.505s][info][gc,metaspace   ] GC(855) Metaspace: 35358K(36032K)->35358K(36032K) NonClass: 26150K(26624K)->26150K(26624K) Class: 9208K(9408K)->9208K(9408K)
[319.505s][info][gc             ] GC(855) Pause Young (Allocation Failure) 897M->611M(911M) 2.244ms
[319.505s][info][gc,cpu         ] GC(855) User=0.00s Sys=0.00s Real=0.00s
[319.989s][info][gc,start       ] GC(856) Pause Young (Allocation Failure)
[319.991s][info][gc,heap        ] GC(856) PSYoungGen: 286272K(306688K)->64K(308736K) Eden: 286208K(286208K)->0K(286208K) From: 64K(20480K)->64K(22528K)
[319.991s][info][gc,heap        ] GC(856) ParOldGen: 626175K(626176K)->626183K(626688K)
[319.991s][info][gc,metaspace   ] GC(856) Metaspace: 35359K(36032K)->35359K(36032K) NonClass: 26151K(26624K)->26151K(26624K) Class: 9208K(9408K)->9208K(9408K)
[319.991s][info][gc             ] GC(856) Pause Young (Allocation Failure) 891M->611M(913M) 1.900ms
[319.991s][info][gc,cpu         ] GC(856) User=0.00s Sys=0.00s Real=0.00s
[320.427s][info][gc,start       ] GC(857) Pause Young (Allocation Failure)
[320.429s][info][gc,heap        ] GC(857) PSYoungGen: 286272K(308736K)->64K(308736K) Eden: 286208K(286208K)->0K(289280K) From: 64K(22528K)->64K(19456K)
[320.429s][info][gc,heap        ] GC(857) ParOldGen: 626183K(626688K)->626199K(626688K)
[320.429s][info][gc,metaspace   ] GC(857) Metaspace: 35359K(36032K)->35359K(36032K) NonClass: 26151K(26624K)->26151K(26624K) Class: 9208K(9408K)->9208K(9408K)
[320.429s][info][gc             ] GC(857) Pause Young (Allocation Failure) 891M->611M(913M) 1.976ms
[320.429s][info][gc,cpu         ] GC(857) User=0.00s Sys=0.00s Real=0.01s
[320.666s][info][gc,start       ] GC(858) Pause Young (Allocation Failure)
[320.668s][info][gc,heap        ] GC(858) PSYoungGen: 289344K(308736K)->64K(310272K) Eden: 289280K(289280K)->0K(289280K) From: 64K(19456K)->64K(20992K)
[320.668s][info][gc,heap        ] GC(858) ParOldGen: 626199K(626688K)->626215K(626688K)
[320.668s][info][gc,metaspace   ] GC(858) Metaspace: 35359K(36032K)->35359K(36032K) NonClass: 26151K(26624K)->26151K(26624K) Class: 9208K(9408K)->9208K(9408K)
[320.668s][info][gc             ] GC(858) Pause Young (Allocation Failure) 894M->611M(915M) 1.829ms
[320.668s][info][gc,cpu         ] GC(858) User=0.00s Sys=0.00s Real=0.00s
[321.012s][info][gc,start       ] GC(859) Pause Young (Allocation Failure)
[321.014s][info][gc,heap        ] GC(859) PSYoungGen: 289344K(310272K)->64K(310272K) Eden: 289280K(289280K)->0K(292864K) From: 64K(20992K)->64K(17408K)
[321.014s][info][gc,heap        ] GC(859) ParOldGen: 626215K(626688K)->626215K(626688K)
[321.014s][info][gc,metaspace   ] GC(859) Metaspace: 35359K(36032K)->35359K(36032K) NonClass: 26151K(26624K)->26151K(26624K) Class: 9208K(9408K)->9208K(9408K)
[321.014s][info][gc             ] GC(859) Pause Young (Allocation Failure) 894M->611M(915M) 1.764ms
[321.014s][info][gc,cpu         ] GC(859) User=0.01s Sys=0.00s Real=0.00s
[321.152s][info][gc,start       ] GC(860) Pause Young (Allocation Failure)
[321.154s][info][gc,heap        ] GC(860) PSYoungGen: 292928K(310272K)->64K(311808K) Eden: 292864K(292864K)->0K(292864K) From: 64K(17408K)->64K(18944K)
[321.154s][info][gc,heap        ] GC(860) ParOldGen: 626215K(626688K)->626223K(626688K)
[321.154s][info][gc,metaspace   ] GC(860) Metaspace: 35359K(36032K)->35359K(36032K) NonClass: 26151K(26624K)->26151K(26624K) Class: 9208K(9408K)->9208K(9408K)
[321.154s][info][gc             ] GC(860) Pause Young (Allocation Failure) 897M->611M(916M) 1.701ms
[321.154s][info][gc,cpu         ] GC(860) User=0.01s Sys=0.00s Real=0.00s
[321.204s][info][gc,start       ] GC(861) Pause Young (Allocation Failure)
[321.206s][info][gc,heap        ] GC(861) PSYoungGen: 292928K(311808K)->64K(312320K) Eden: 292864K(292864K)->0K(296448K) From: 64K(18944K)->64K(15872K)
[321.206s][info][gc,heap        ] GC(861) ParOldGen: 626223K(626688K)->626239K(626688K)
[321.206s][info][gc,metaspace   ] GC(861) Metaspace: 35359K(36032K)->35359K(36032K) NonClass: 26151K(26624K)->26151K(26624K) Class: 9208K(9408K)->9208K(9408K)
[321.206s][info][gc             ] GC(861) Pause Young (Allocation Failure) 897M->611M(917M) 1.728ms
[321.206s][info][gc,cpu         ] GC(861) User=0.01s Sys=0.00s Real=0.00s
[321.373s][info][gc,start       ] GC(862) Pause Young (Allocation Failure)
[321.375s][info][gc,heap        ] GC(862) PSYoungGen: 296512K(312320K)->64K(313856K) Eden: 296448K(296448K)->0K(296448K) From: 64K(15872K)->64K(17408K)
[321.375s][info][gc,heap        ] GC(862) ParOldGen: 626239K(626688K)->626239K(626688K)
[321.375s][info][gc,metaspace   ] GC(862) Metaspace: 35359K(36032K)->35359K(36032K) NonClass: 26151K(26624K)->26151K(26624K) Class: 9208K(9408K)->9208K(9408K)
[321.375s][info][gc             ] GC(862) Pause Young (Allocation Failure) 901M->611M(918M) 1.847ms
[321.375s][info][gc,cpu         ] GC(862) User=0.01s Sys=0.00s Real=0.00s
[321.681s][info][gc,start       ] GC(863) Pause Young (Allocation Failure)
[321.683s][info][gc,heap        ] GC(863) PSYoungGen: 296512K(313856K)->64K(313856K) Eden: 296448K(296448K)->0K(300032K) From: 64K(17408K)->64K(13824K)
[321.683s][info][gc,heap        ] GC(863) ParOldGen: 626239K(626688K)->626247K(626688K)
[321.683s][info][gc,metaspace   ] GC(863) Metaspace: 35359K(36032K)->35359K(36032K) NonClass: 26151K(26624K)->26151K(26624K) Class: 9208K(9408K)->9208K(9408K)
[321.683s][info][gc             ] GC(863) Pause Young (Allocation Failure) 901M->611M(918M) 1.960ms
[321.683s][info][gc,cpu         ] GC(863) User=0.00s Sys=0.00s Real=0.00s
[321.844s][info][gc,start       ] GC(864) Pause Young (Allocation Failure)
[321.846s][info][gc,heap        ] GC(864) PSYoungGen: 300096K(313856K)->64K(315392K) Eden: 300032K(300032K)->0K(300032K) From: 64K(13824K)->64K(15360K)
[321.846s][info][gc,heap        ] GC(864) ParOldGen: 626247K(626688K)->626255K(626688K)
[321.846s][info][gc,metaspace   ] GC(864) Metaspace: 35359K(36032K)->35359K(36032K) NonClass: 26151K(26624K)->26151K(26624K) Class: 9208K(9408K)->9208K(9408K)
[321.846s][info][gc             ] GC(864) Pause Young (Allocation Failure) 904M->611M(920M) 1.870ms
[321.846s][info][gc,cpu         ] GC(864) User=0.01s Sys=0.00s Real=0.00s
[321.935s][info][gc,start       ] GC(865) Pause Young (Allocation Failure)
[321.938s][info][gc,heap        ] GC(865) PSYoungGen: 300096K(315392K)->64K(316928K) Eden: 300032K(300032K)->0K(304128K) From: 64K(15360K)->64K(12800K)
[321.938s][info][gc,heap        ] GC(865) ParOldGen: 626255K(626688K)->626271K(626688K)
[321.938s][info][gc,metaspace   ] GC(865) Metaspace: 35359K(36032K)->35359K(36032K) NonClass: 26151K(26624K)->26151K(26624K) Class: 9208K(9408K)->9208K(9408K)
[321.939s][info][gc             ] GC(865) Pause Young (Allocation Failure) 904M->611M(921M) 3.378ms
[321.939s][info][gc,cpu         ] GC(865) User=0.01s Sys=0.00s Real=0.01s
[322.131s][info][gc,start       ] GC(866) Pause Young (Allocation Failure)
[322.133s][info][gc,heap        ] GC(866) PSYoungGen: 304192K(316928K)->64K(317952K) Eden: 304128K(304128K)->0K(304128K) From: 64K(12800K)->64K(13824K)
[322.133s][info][gc,heap        ] GC(866) ParOldGen: 626271K(626688K)->626279K(626688K)
[322.133s][info][gc,metaspace   ] GC(866) Metaspace: 35359K(36032K)->35359K(36032K) NonClass: 26151K(26624K)->26151K(26624K) Class: 9208K(9408K)->9208K(9408K)
[322.133s][info][gc             ] GC(866) Pause Young (Allocation Failure) 908M->611M(922M) 2.078ms
[322.133s][info][gc,cpu         ] GC(866) User=0.00s Sys=0.00s Real=0.00s
[323.014s][info][gc,start       ] GC(867) Pause Young (Allocation Failure)
[323.016s][info][gc,heap        ] GC(867) PSYoungGen: 304192K(317952K)->83K(318976K) Eden: 304128K(304128K)->0K(307200K) From: 64K(13824K)->83K(11776K)
[323.016s][info][gc,heap        ] GC(867) ParOldGen: 626279K(626688K)->626287K(626688K)
[323.016s][info][gc,metaspace   ] GC(867) Metaspace: 35359K(36032K)->35359K(36032K) NonClass: 26151K(26624K)->26151K(26624K) Class: 9208K(9408K)->9208K(9408K)
[323.016s][info][gc             ] GC(867) Pause Young (Allocation Failure) 908M->611M(923M) 1.794ms
[323.016s][info][gc,cpu         ] GC(867) User=0.00s Sys=0.00s Real=0.00s
[323.895s][info][gc,start       ] GC(868) Pause Young (Allocation Failure)
[323.897s][info][gc,heap        ] GC(868) PSYoungGen: 307283K(318976K)->64K(319488K) Eden: 307200K(307200K)->0K(307200K) From: 83K(11776K)->64K(12288K)
[323.897s][info][gc,heap        ] GC(868) ParOldGen: 626287K(626688K)->626295K(626688K)
[323.897s][info][gc,metaspace   ] GC(868) Metaspace: 35359K(36032K)->35359K(36032K) NonClass: 26151K(26624K)->26151K(26624K) Class: 9208K(9408K)->9208K(9408K)
[323.897s][info][gc             ] GC(868) Pause Young (Allocation Failure) 911M->611M(924M) 2.037ms
[323.897s][info][gc,cpu         ] GC(868) User=0.01s Sys=0.00s Real=0.00s
[324.369s][info][gc,start       ] GC(869) Pause Young (Allocation Failure)
[324.371s][info][gc,heap        ] GC(869) PSYoungGen: 307264K(319488K)->64K(295424K) Eden: 307200K(307200K)->0K(294912K) From: 64K(12288K)->64K(512K)
[324.371s][info][gc,heap        ] GC(869) ParOldGen: 626295K(626688K)->626303K(626688K)
[324.371s][info][gc,metaspace   ] GC(869) Metaspace: 35359K(36032K)->35359K(36032K) NonClass: 26151K(26624K)->26151K(26624K) Class: 9208K(9408K)->9208K(9408K)
[324.371s][info][gc             ] GC(869) Pause Young (Allocation Failure) 911M->611M(900M) 2.535ms
[324.371s][info][gc,cpu         ] GC(869) User=0.00s Sys=0.00s Real=0.00s
[325.368s][info][gc,start       ] GC(870) Pause Young (Allocation Failure)
[325.370s][info][gc,heap        ] GC(870) PSYoungGen: 294976K(295424K)->64K(293888K) Eden: 294912K(294912K)->0K(283136K) From: 64K(512K)->64K(10752K)
[325.370s][info][gc,heap        ] GC(870) ParOldGen: 626303K(626688K)->626311K(626688K)
[325.370s][info][gc,metaspace   ] GC(870) Metaspace: 35359K(36032K)->35359K(36032K) NonClass: 26151K(26624K)->26151K(26624K) Class: 9208K(9408K)->9208K(9408K)
[325.370s][info][gc             ] GC(870) Pause Young (Allocation Failure) 899M->611M(899M) 2.161ms
[325.370s][info][gc,cpu         ] GC(870) User=0.01s Sys=0.00s Real=0.01s
[325.761s][info][gc,start       ] GC(871) Pause Young (Allocation Failure)
[325.764s][info][gc,heap        ] GC(871) PSYoungGen: 283200K(293888K)->64K(272384K) Eden: 283136K(283136K)->0K(271872K) From: 64K(10752K)->64K(512K)
[325.764s][info][gc,heap        ] GC(871) ParOldGen: 626311K(626688K)->626319K(626688K)
[325.764s][info][gc,metaspace   ] GC(871) Metaspace: 35359K(36032K)->35359K(36032K) NonClass: 26151K(26624K)->26151K(26624K) Class: 9208K(9408K)->9208K(9408K)
[325.764s][info][gc             ] GC(871) Pause Young (Allocation Failure) 888M->611M(878M) 2.668ms
[325.764s][info][gc,cpu         ] GC(871) User=0.00s Sys=0.00s Real=0.00s
[325.905s][info][gc,start       ] GC(872) Pause Young (Allocation Failure)
[325.907s][info][gc,heap        ] GC(872) PSYoungGen: 271936K(272384K)->64K(270336K) Eden: 271872K(271872K)->0K(261120K) From: 64K(512K)->64K(9216K)
[325.907s][info][gc,heap        ] GC(872) ParOldGen: 626319K(626688K)->626335K(626688K)
[325.907s][info][gc,metaspace   ] GC(872) Metaspace: 35359K(36032K)->35359K(36032K) NonClass: 26151K(26624K)->26151K(26624K) Class: 9208K(9408K)->9208K(9408K)
[325.907s][info][gc             ] GC(872) Pause Young (Allocation Failure) 877M->611M(876M) 1.804ms
[325.907s][info][gc,cpu         ] GC(872) User=0.00s Sys=0.00s Real=0.00s
[326.316s][info][gc,start       ] GC(873) Pause Young (Allocation Failure)
[326.318s][info][gc,heap        ] GC(873) PSYoungGen: 261184K(270336K)->64K(251392K) Eden: 261120K(261120K)->0K(250880K) From: 64K(9216K)->64K(512K)
[326.318s][info][gc,heap        ] GC(873) ParOldGen: 626335K(626688K)->626343K(626688K)
[326.318s][info][gc,metaspace   ] GC(873) Metaspace: 35359K(36032K)->35359K(36032K) NonClass: 26151K(26624K)->26151K(26624K) Class: 9208K(9408K)->9208K(9408K)
[326.318s][info][gc             ] GC(873) Pause Young (Allocation Failure) 866M->611M(857M) 2.089ms
[326.318s][info][gc,cpu         ] GC(873) User=0.00s Sys=0.00s Real=0.00s
[326.644s][info][gc,start       ] GC(874) Pause Young (Allocation Failure)
[326.646s][info][gc,heap        ] GC(874) PSYoungGen: 250944K(251392K)->64K(249344K) Eden: 250880K(250880K)->0K(241152K) From: 64K(512K)->64K(8192K)
[326.646s][info][gc,heap        ] GC(874) ParOldGen: 626343K(626688K)->626351K(626688K)
[326.646s][info][gc,metaspace   ] GC(874) Metaspace: 35359K(36032K)->35359K(36032K) NonClass: 26151K(26624K)->26151K(26624K) Class: 9208K(9408K)->9208K(9408K)
[326.646s][info][gc             ] GC(874) Pause Young (Allocation Failure) 856M->611M(855M) 1.707ms
[326.646s][info][gc,cpu         ] GC(874) User=0.00s Sys=0.00s Real=0.00s
[327.025s][info][gc,start       ] GC(875) Pause Young (Allocation Failure)
[327.041s][info][gc,heap        ] GC(875) PSYoungGen: 241216K(249344K)->7680K(293888K) Eden: 241152K(241152K)->0K(286208K) From: 64K(8192K)->7680K(7680K)
[327.041s][info][gc,heap        ] GC(875) ParOldGen: 626351K(626688K)->628239K(628736K)
[327.041s][info][gc,metaspace   ] GC(875) Metaspace: 35359K(36032K)->35359K(36032K) NonClass: 26151K(26624K)->26151K(26624K) Class: 9208K(9408K)->9208K(9408K)
[327.041s][info][gc             ] GC(875) Pause Young (Allocation Failure) 847M->621M(901M) 16.471ms
[327.041s][info][gc,cpu         ] GC(875) User=0.03s Sys=0.00s Real=0.02s
[327.416s][info][gc,start       ] GC(876) Pause Young (Allocation Failure)
[327.479s][info][gc,heap        ] GC(876) PSYoungGen: 293888K(293888K)->10240K(296448K) Eden: 286208K(286208K)->0K(286208K) From: 7680K(7680K)->10240K(10240K)
[327.479s][info][gc,heap        ] GC(876) ParOldGen: 628239K(628736K)->650671K(650752K)
[327.479s][info][gc,metaspace   ] GC(876) Metaspace: 35359K(36032K)->35359K(36032K) NonClass: 26151K(26624K)->26151K(26624K) Class: 9208K(9408K)->9208K(9408K)
[327.479s][info][gc             ] GC(876) Pause Young (Allocation Failure) 900M->645M(925M) 63.396ms
[327.479s][info][gc,cpu         ] GC(876) User=0.11s Sys=0.02s Real=0.07s
[327.741s][info][gc,start       ] GC(877) Pause Young (Allocation Failure)
[327.789s][info][gc,heap        ] GC(877) PSYoungGen: 296448K(296448K)->20448K(304640K) Eden: 286208K(286208K)->0K(283648K) From: 10240K(10240K)->20448K(20992K)
[327.789s][info][gc,heap        ] GC(877) ParOldGen: 650671K(650752K)->651279K(651776K)
[327.789s][info][gc,metaspace   ] GC(877) Metaspace: 35359K(36032K)->35359K(36032K) NonClass: 26151K(26624K)->26151K(26624K) Class: 9208K(9408K)->9208K(9408K)
[327.789s][info][gc             ] GC(877) Pause Young (Allocation Failure) 924M->655M(934M) 47.828ms
[327.789s][info][gc,cpu         ] GC(877) User=0.08s Sys=0.02s Real=0.05s
[328.058s][info][gc,start       ] GC(878) Pause Young (Allocation Failure)
[328.060s][info][gc,heap        ] GC(878) PSYoungGen: 304096K(304640K)->64K(308736K) Eden: 283648K(283648K)->0K(283648K) From: 20448K(20992K)->64K(25088K)
[328.060s][info][gc,heap        ] GC(878) ParOldGen: 651279K(651776K)->651287K(651776K)
[328.060s][info][gc,metaspace   ] GC(878) Metaspace: 35359K(36032K)->35359K(36032K) NonClass: 26151K(26624K)->26151K(26624K) Class: 9208K(9408K)->9208K(9408K)
[328.060s][info][gc             ] GC(878) Pause Young (Allocation Failure) 932M->636M(938M) 2.018ms
[328.060s][info][gc,cpu         ] GC(878) User=0.00s Sys=0.00s Real=0.01s
[328.699s][info][gc,start       ] GC(879) Pause Young (Allocation Failure)
[328.701s][info][gc,heap        ] GC(879) PSYoungGen: 283712K(308736K)->64K(306688K) Eden: 283648K(283648K)->0K(284672K) From: 64K(25088K)->64K(22016K)
[328.701s][info][gc,heap        ] GC(879) ParOldGen: 651287K(651776K)->651295K(651776K)
[328.701s][info][gc,metaspace   ] GC(879) Metaspace: 35359K(36032K)->35359K(36032K) NonClass: 26151K(26624K)->26151K(26624K) Class: 9208K(9408K)->9208K(9408K)
[328.701s][info][gc             ] GC(879) Pause Young (Allocation Failure) 913M->636M(936M) 2.149ms
[328.701s][info][gc,cpu         ] GC(879) User=0.00s Sys=0.00s Real=0.00s
[329.170s][info][gc,start       ] GC(880) Pause Young (Allocation Failure)
[329.172s][info][gc,heap        ] GC(880) PSYoungGen: 284736K(306688K)->64K(308224K) Eden: 284672K(284672K)->0K(284672K) From: 64K(22016K)->64K(23552K)
[329.172s][info][gc,heap        ] GC(880) ParOldGen: 651295K(651776K)->651311K(651776K)
[329.172s][info][gc,metaspace   ] GC(880) Metaspace: 35359K(36032K)->35359K(36032K) NonClass: 26151K(26624K)->26151K(26624K) Class: 9208K(9408K)->9208K(9408K)
[329.172s][info][gc             ] GC(880) Pause Young (Allocation Failure) 914M->636M(937M) 2.007ms
[329.172s][info][gc,cpu         ] GC(880) User=0.00s Sys=0.00s Real=0.00s
[329.405s][info][gc,start       ] GC(881) Pause Young (Allocation Failure)
[329.407s][info][gc,heap        ] GC(881) PSYoungGen: 284736K(308224K)->64K(307712K) Eden: 284672K(284672K)->0K(287744K) From: 64K(23552K)->64K(19968K)
[329.407s][info][gc,heap        ] GC(881) ParOldGen: 651311K(651776K)->651327K(651776K)
[329.407s][info][gc,metaspace   ] GC(881) Metaspace: 35359K(36032K)->35359K(36032K) NonClass: 26151K(26624K)->26151K(26624K) Class: 9208K(9408K)->9208K(9408K)
[329.407s][info][gc             ] GC(881) Pause Young (Allocation Failure) 914M->636M(937M) 2.035ms
[329.407s][info][gc,cpu         ] GC(881) User=0.00s Sys=0.00s Real=0.00s
[329.642s][info][gc,start       ] GC(882) Pause Young (Allocation Failure)
[329.644s][info][gc,heap        ] GC(882) PSYoungGen: 287808K(307712K)->64K(309248K) Eden: 287744K(287744K)->0K(287744K) From: 64K(19968K)->64K(21504K)
[329.644s][info][gc,heap        ] GC(882) ParOldGen: 651327K(651776K)->651327K(651776K)
[329.644s][info][gc,metaspace   ] GC(882) Metaspace: 35359K(36032K)->35359K(36032K) NonClass: 26151K(26624K)->26151K(26624K) Class: 9208K(9408K)->9208K(9408K)
[329.644s][info][gc             ] GC(882) Pause Young (Allocation Failure) 917M->636M(938M) 1.793ms
[329.644s][info][gc,cpu         ] GC(882) User=0.01s Sys=0.00s Real=0.00s
[329.972s][info][gc,start       ] GC(883) Pause Young (Allocation Failure)
[329.974s][info][gc,heap        ] GC(883) PSYoungGen: 287808K(309248K)->64K(309760K) Eden: 287744K(287744K)->0K(291840K) From: 64K(21504K)->64K(17920K)
[329.974s][info][gc,heap        ] GC(883) ParOldGen: 651327K(651776K)->651327K(651776K)
[329.974s][info][gc,metaspace   ] GC(883) Metaspace: 35359K(36032K)->35359K(36032K) NonClass: 26151K(26624K)->26151K(26624K) Class: 9208K(9408K)->9208K(9408K)
[329.974s][info][gc             ] GC(883) Pause Young (Allocation Failure) 917M->636M(939M) 2.014ms
[329.974s][info][gc,cpu         ] GC(883) User=0.01s Sys=0.00s Real=0.00s
[330.024s][info][gc,start       ] GC(884) Pause Young (Allocation Failure)
[330.026s][info][gc,heap        ] GC(884) PSYoungGen: 291904K(309760K)->64K(311296K) Eden: 291840K(291840K)->0K(291840K) From: 64K(17920K)->64K(19456K)
[330.026s][info][gc,heap        ] GC(884) ParOldGen: 651327K(651776K)->651343K(651776K)
[330.026s][info][gc,metaspace   ] GC(884) Metaspace: 35359K(36032K)->35359K(36032K) NonClass: 26151K(26624K)->26151K(26624K) Class: 9208K(9408K)->9208K(9408K)
[330.026s][info][gc             ] GC(884) Pause Young (Allocation Failure) 921M->636M(940M) 1.855ms
[330.026s][info][gc,cpu         ] GC(884) User=0.00s Sys=0.00s Real=0.00s
[330.076s][info][gc,start       ] GC(885) Pause Young (Allocation Failure)
[330.078s][info][gc,heap        ] GC(885) PSYoungGen: 291904K(311296K)->64K(311808K) Eden: 291840K(291840K)->0K(295936K) From: 64K(19456K)->64K(15872K)
[330.078s][info][gc,heap        ] GC(885) ParOldGen: 651343K(651776K)->651343K(651776K)
[330.078s][info][gc,metaspace   ] GC(885) Metaspace: 35359K(36032K)->35359K(36032K) NonClass: 26151K(26624K)->26151K(26624K) Class: 9208K(9408K)->9208K(9408K)
[330.078s][info][gc             ] GC(885) Pause Young (Allocation Failure) 921M->636M(941M) 1.773ms
[330.078s][info][gc,cpu         ] GC(885) User=0.00s Sys=0.00s Real=0.00s
[330.388s][info][gc,start       ] GC(886) Pause Young (Allocation Failure)
[330.390s][info][gc,heap        ] GC(886) PSYoungGen: 296000K(311808K)->64K(313344K) Eden: 295936K(295936K)->0K(295936K) From: 64K(15872K)->64K(17408K)
[330.390s][info][gc,heap        ] GC(886) ParOldGen: 651343K(651776K)->651343K(651776K)
[330.390s][info][gc,metaspace   ] GC(886) Metaspace: 35359K(36032K)->35359K(36032K) NonClass: 26151K(26624K)->26151K(26624K) Class: 9208K(9408K)->9208K(9408K)
[330.390s][info][gc             ] GC(886) Pause Young (Allocation Failure) 925M->636M(942M) 1.917ms
[330.390s][info][gc,cpu         ] GC(886) User=0.01s Sys=0.00s Real=0.01s
[330.642s][info][gc,start       ] GC(887) Pause Young (Allocation Failure)
[330.644s][info][gc,heap        ] GC(887) PSYoungGen: 296000K(313344K)->64K(313856K) Eden: 295936K(295936K)->0K(300032K) From: 64K(17408K)->64K(13824K)
[330.644s][info][gc,heap        ] GC(887) ParOldGen: 651343K(651776K)->651351K(651776K)
[330.644s][info][gc,metaspace   ] GC(887) Metaspace: 35359K(36032K)->35359K(36032K) NonClass: 26151K(26624K)->26151K(26624K) Class: 9208K(9408K)->9208K(9408K)
[330.644s][info][gc             ] GC(887) Pause Young (Allocation Failure) 925M->636M(943M) 2.091ms
[330.644s][info][gc,cpu         ] GC(887) User=0.00s Sys=0.00s Real=0.00s
[330.732s][info][gc,start       ] GC(888) Pause Young (Allocation Failure)
[330.734s][info][gc,heap        ] GC(888) PSYoungGen: 300096K(313856K)->64K(315392K) Eden: 300032K(300032K)->0K(300032K) From: 64K(13824K)->64K(15360K)
[330.734s][info][gc,heap        ] GC(888) ParOldGen: 651351K(651776K)->651359K(651776K)
[330.734s][info][gc,metaspace   ] GC(888) Metaspace: 35359K(36032K)->35359K(36032K) NonClass: 26151K(26624K)->26151K(26624K) Class: 9208K(9408K)->9208K(9408K)
[330.734s][info][gc             ] GC(888) Pause Young (Allocation Failure) 929M->636M(944M) 1.872ms
[330.734s][info][gc,cpu         ] GC(888) User=0.00s Sys=0.00s Real=0.00s
[330.881s][info][gc,start       ] GC(889) Pause Young (Allocation Failure)
[330.883s][info][gc,heap        ] GC(889) PSYoungGen: 300096K(315392K)->64K(316928K) Eden: 300032K(300032K)->0K(304128K) From: 64K(15360K)->64K(12800K)
[330.883s][info][gc,heap        ] GC(889) ParOldGen: 651359K(651776K)->651367K(651776K)
[330.883s][info][gc,metaspace   ] GC(889) Metaspace: 35359K(36032K)->35359K(36032K) NonClass: 26151K(26624K)->26151K(26624K) Class: 9208K(9408K)->9208K(9408K)
[330.883s][info][gc             ] GC(889) Pause Young (Allocation Failure) 929M->636M(946M) 1.855ms
[330.883s][info][gc,cpu         ] GC(889) User=0.00s Sys=0.00s Real=0.00s
[331.299s][info][gc,start       ] GC(890) Pause Young (Allocation Failure)
[331.300s][info][gc,heap        ] GC(890) PSYoungGen: 304192K(316928K)->64K(317952K) Eden: 304128K(304128K)->0K(304128K) From: 64K(12800K)->64K(13824K)
[331.300s][info][gc,heap        ] GC(890) ParOldGen: 651367K(651776K)->651375K(651776K)
[331.300s][info][gc,metaspace   ] GC(890) Metaspace: 35359K(36032K)->35359K(36032K) NonClass: 26151K(26624K)->26151K(26624K) Class: 9208K(9408K)->9208K(9408K)
[331.300s][info][gc             ] GC(890) Pause Young (Allocation Failure) 933M->636M(947M) 1.844ms
[331.300s][info][gc,cpu         ] GC(890) User=0.01s Sys=0.00s Real=0.01s
[332.629s][info][gc,start       ] GC(891) Pause Young (Allocation Failure)
[332.631s][info][gc,heap        ] GC(891) PSYoungGen: 304192K(317952K)->64K(317952K) Eden: 304128K(304128K)->0K(307200K) From: 64K(13824K)->64K(10752K)
[332.631s][info][gc,heap        ] GC(891) ParOldGen: 651375K(651776K)->651383K(651776K)
[332.631s][info][gc,metaspace   ] GC(891) Metaspace: 35359K(36032K)->35359K(36032K) NonClass: 26151K(26624K)->26151K(26624K) Class: 9208K(9408K)->9208K(9408K)
[332.631s][info][gc             ] GC(891) Pause Young (Allocation Failure) 933M->636M(947M) 2.052ms
[332.631s][info][gc,cpu         ] GC(891) User=0.00s Sys=0.00s Real=0.00s
[332.915s][info][gc,start       ] GC(892) Pause Young (Allocation Failure)
[332.917s][info][gc,heap        ] GC(892) PSYoungGen: 307264K(317952K)->64K(295424K) Eden: 307200K(307200K)->0K(294912K) From: 64K(10752K)->64K(512K)
[332.917s][info][gc,heap        ] GC(892) ParOldGen: 651383K(651776K)->651391K(651776K)
[332.917s][info][gc,metaspace   ] GC(892) Metaspace: 35359K(36032K)->35359K(36032K) NonClass: 26151K(26624K)->26151K(26624K) Class: 9208K(9408K)->9208K(9408K)
[332.917s][info][gc             ] GC(892) Pause Young (Allocation Failure) 936M->636M(925M) 2.551ms
[332.917s][info][gc,cpu         ] GC(892) User=0.01s Sys=0.00s Real=0.00s
[333.438s][info][gc,start       ] GC(893) Pause Young (Allocation Failure)
[333.440s][info][gc,heap        ] GC(893) PSYoungGen: 294976K(295424K)->64K(283648K) Eden: 294912K(294912K)->0K(283136K) From: 64K(512K)->64K(512K)
[333.440s][info][gc,heap        ] GC(893) ParOldGen: 651391K(651776K)->651399K(651776K)
[333.440s][info][gc,metaspace   ] GC(893) Metaspace: 35359K(36032K)->35359K(36032K) NonClass: 26151K(26624K)->26151K(26624K) Class: 9208K(9408K)->9208K(9408K)
[333.440s][info][gc             ] GC(893) Pause Young (Allocation Failure) 924M->636M(913M) 2.357ms
[333.441s][info][gc,cpu         ] GC(893) User=0.00s Sys=0.00s Real=0.01s
[334.321s][info][gc,start       ] GC(894) Pause Young (Allocation Failure)
[334.323s][info][gc,heap        ] GC(894) PSYoungGen: 283200K(283648K)->64K(282112K) Eden: 283136K(283136K)->0K(271872K) From: 64K(512K)->64K(10240K)
[334.323s][info][gc,heap        ] GC(894) ParOldGen: 651399K(651776K)->651415K(651776K)
[334.323s][info][gc,metaspace   ] GC(894) Metaspace: 35359K(36032K)->35359K(36032K) NonClass: 26151K(26624K)->26151K(26624K) Class: 9208K(9408K)->9208K(9408K)
[334.323s][info][gc             ] GC(894) Pause Young (Allocation Failure) 912M->636M(912M) 1.968ms
[334.323s][info][gc,cpu         ] GC(894) User=0.00s Sys=0.00s Real=0.00s
[334.683s][info][gc,start       ] GC(895) Pause Young (Allocation Failure)
[334.686s][info][gc,heap        ] GC(895) PSYoungGen: 271936K(282112K)->64K(261632K) Eden: 271872K(271872K)->0K(261120K) From: 64K(10240K)->64K(512K)
[334.686s][info][gc,heap        ] GC(895) ParOldGen: 651415K(651776K)->651423K(651776K)
[334.686s][info][gc,metaspace   ] GC(895) Metaspace: 35359K(36032K)->35359K(36032K) NonClass: 26151K(26624K)->26151K(26624K) Class: 9208K(9408K)->9208K(9408K)
[334.686s][info][gc             ] GC(895) Pause Young (Allocation Failure) 901M->636M(892M) 2.326ms
[334.686s][info][gc,cpu         ] GC(895) User=0.00s Sys=0.00s Real=0.00s
[334.779s][info][gc,start       ] GC(896) Pause Young (Allocation Failure)
[334.781s][info][gc,heap        ] GC(896) PSYoungGen: 261184K(261632K)->64K(260096K) Eden: 261120K(261120K)->0K(250880K) From: 64K(512K)->64K(9216K)
[334.781s][info][gc,heap        ] GC(896) ParOldGen: 651423K(651776K)->651431K(651776K)
[334.781s][info][gc,metaspace   ] GC(896) Metaspace: 35359K(36032K)->35359K(36032K) NonClass: 26151K(26624K)->26151K(26624K) Class: 9208K(9408K)->9208K(9408K)
[334.781s][info][gc             ] GC(896) Pause Young (Allocation Failure) 891M->636M(890M) 1.763ms
[334.781s][info][gc,cpu         ] GC(896) User=0.01s Sys=0.00s Real=0.00s
[335.379s][info][gc,start       ] GC(897) Pause Young (Allocation Failure)
[335.381s][info][gc,heap        ] GC(897) PSYoungGen: 250944K(260096K)->64K(241664K) Eden: 250880K(250880K)->0K(241152K) From: 64K(9216K)->64K(512K)
[335.381s][info][gc,heap        ] GC(897) ParOldGen: 651431K(651776K)->651439K(651776K)
[335.381s][info][gc,metaspace   ] GC(897) Metaspace: 35359K(36032K)->35359K(36032K) NonClass: 26151K(26624K)->26151K(26624K) Class: 9208K(9408K)->9208K(9408K)
[335.381s][info][gc             ] GC(897) Pause Young (Allocation Failure) 881M->636M(872M) 2.484ms
[335.381s][info][gc,cpu         ] GC(897) User=0.01s Sys=0.00s Real=0.00s
[335.608s][info][gc,start       ] GC(898) Pause Young (Allocation Failure)
[335.609s][info][gc,heap        ] GC(898) PSYoungGen: 241216K(241664K)->64K(239616K) Eden: 241152K(241152K)->0K(231936K) From: 64K(512K)->64K(7680K)
[335.609s][info][gc,heap        ] GC(898) ParOldGen: 651439K(651776K)->651447K(651776K)
[335.609s][info][gc,metaspace   ] GC(898) Metaspace: 35359K(36032K)->35359K(36032K) NonClass: 26151K(26624K)->26151K(26624K) Class: 9208K(9408K)->9208K(9408K)
[335.609s][info][gc             ] GC(898) Pause Young (Allocation Failure) 871M->636M(870M) 1.811ms
[335.609s][info][gc,cpu         ] GC(898) User=0.01s Sys=0.00s Real=0.01s
[335.951s][info][gc,start       ] GC(899) Pause Young (Allocation Failure)
[335.988s][info][gc,heap        ] GC(899) PSYoungGen: 232000K(239616K)->7168K(278528K) Eden: 231936K(231936K)->0K(271360K) From: 64K(7680K)->7168K(7168K)
[335.988s][info][gc,heap        ] GC(899) ParOldGen: 651447K(651776K)->663847K(664064K)
[335.988s][info][gc,metaspace   ] GC(899) Metaspace: 35359K(36032K)->35359K(36032K) NonClass: 26151K(26624K)->26151K(26624K) Class: 9208K(9408K)->9208K(9408K)
[335.988s][info][gc             ] GC(899) Pause Young (Allocation Failure) 862M->655M(920M) 37.818ms
[335.988s][info][gc,cpu         ] GC(899) User=0.06s Sys=0.01s Real=0.03s
[336.346s][info][gc,start       ] GC(900) Pause Full (Allocation Failure)
[336.346s][info][gc,phases,start] GC(900) Marking Phase
[336.437s][info][gc,phases      ] GC(900) Marking Phase 90.724ms
[336.437s][info][gc,phases,start] GC(900) Summary Phase
[336.437s][info][gc,phases      ] GC(900) Summary Phase 0.026ms
[336.437s][info][gc,phases,start] GC(900) Forward
[336.464s][info][gc,phases      ] GC(900) Forward 26.984ms
[336.464s][info][gc,phases,start] GC(900) Adjust Pointers
[336.511s][info][gc,phases      ] GC(900) Adjust Pointers 47.186ms
[336.511s][info][gc,phases,start] GC(900) Compaction Phase
[336.541s][info][gc,phases      ] GC(900) Compaction Phase 29.543ms
[336.541s][info][gc,phases,start] GC(900) Post Compact
[336.546s][info][gc,phases      ] GC(900) Post Compact 4.579ms
[336.583s][info][gc,heap        ] GC(900) PSYoungGen: 278528K(278528K)->0K(285184K) Eden: 271360K(271360K)->0K(271360K) From: 7168K(7168K)->0K(13824K)
[336.583s][info][gc,heap        ] GC(900) ParOldGen: 663847K(664064K)->87319K(175104K)
[336.583s][info][gc,metaspace   ] GC(900) Metaspace: 35359K(36032K)->35359K(36032K) NonClass: 26151K(26624K)->26151K(26624K) Class: 9208K(9408K)->9208K(9408K)
[336.583s][info][gc             ] GC(900) Pause Full (Allocation Failure) 920M->85M(449M) 236.732ms
[336.583s][info][gc,cpu         ] GC(900) User=0.35s Sys=0.04s Real=0.24s
[336.761s][info][gc,start       ] GC(901) Pause Young (Allocation Failure)
[336.793s][info][gc,heap        ] GC(901) PSYoungGen: 271360K(285184K)->12160K(315904K) Eden: 271360K(271360K)->0K(302080K) From: 0K(13824K)->12160K(13824K)
[336.793s][info][gc,heap        ] GC(901) ParOldGen: 87319K(175104K)->87319K(175104K)
[336.793s][info][gc,metaspace   ] GC(901) Metaspace: 35361K(36032K)->35361K(36032K) NonClass: 26153K(26624K)->26153K(26624K) Class: 9208K(9408K)->9208K(9408K)
[336.793s][info][gc             ] GC(901) Pause Young (Allocation Failure) 350M->97M(479M) 31.268ms
[336.793s][info][gc,cpu         ] GC(901) User=0.05s Sys=0.01s Real=0.03s
[337.244s][info][gc,start       ] GC(902) Pause Young (Allocation Failure)
[337.245s][info][gc,heap        ] GC(902) PSYoungGen: 314240K(315904K)->64K(317952K) Eden: 302080K(302080K)->0K(302080K) From: 12160K(13824K)->64K(15872K)
[337.245s][info][gc,heap        ] GC(902) ParOldGen: 87319K(175104K)->87327K(175104K)
[337.245s][info][gc,metaspace   ] GC(902) Metaspace: 35361K(36032K)->35361K(36032K) NonClass: 26153K(26624K)->26153K(26624K) Class: 9208K(9408K)->9208K(9408K)
[337.245s][info][gc             ] GC(902) Pause Young (Allocation Failure) 392M->85M(481M) 0.743ms
[337.245s][info][gc,cpu         ] GC(902) User=0.00s Sys=0.00s Real=0.00s
[337.799s][info][gc,start       ] GC(903) Pause Young (Allocation Failure)
[337.800s][info][gc,heap        ] GC(903) PSYoungGen: 302144K(317952K)->64K(316416K) Eden: 302080K(302080K)->0K(302592K) From: 64K(15872K)->64K(13824K)
[337.800s][info][gc,heap        ] GC(903) ParOldGen: 87327K(175104K)->87335K(175104K)
[337.800s][info][gc,metaspace   ] GC(903) Metaspace: 35361K(36032K)->35361K(36032K) NonClass: 26153K(26624K)->26153K(26624K) Class: 9208K(9408K)->9208K(9408K)
[337.800s][info][gc             ] GC(903) Pause Young (Allocation Failure) 380M->85M(480M) 0.705ms
[337.800s][info][gc,cpu         ] GC(903) User=0.00s Sys=0.00s Real=0.00s
[338.249s][info][gc,start       ] GC(904) Pause Young (Allocation Failure)
[338.250s][info][gc,heap        ] GC(904) PSYoungGen: 302656K(316416K)->64K(317440K) Eden: 302592K(302592K)->0K(302592K) From: 64K(13824K)->64K(14848K)
[338.250s][info][gc,heap        ] GC(904) ParOldGen: 87335K(175104K)->87351K(175104K)
[338.250s][info][gc,metaspace   ] GC(904) Metaspace: 35361K(36032K)->35361K(36032K) NonClass: 26153K(26624K)->26153K(26624K) Class: 9208K(9408K)->9208K(9408K)
[338.250s][info][gc             ] GC(904) Pause Young (Allocation Failure) 380M->85M(481M) 0.738ms
[338.250s][info][gc,cpu         ] GC(904) User=0.00s Sys=0.00s Real=0.00s
[338.500s][info][gc,start       ] GC(905) Pause Young (Allocation Failure)
[338.501s][info][gc,heap        ] GC(905) PSYoungGen: 302656K(317440K)->64K(316416K) Eden: 302592K(302592K)->0K(304640K) From: 64K(14848K)->64K(11776K)
[338.501s][info][gc,heap        ] GC(905) ParOldGen: 87351K(175104K)->87367K(175104K)
[338.501s][info][gc,metaspace   ] GC(905) Metaspace: 35361K(36032K)->35361K(36032K) NonClass: 26153K(26624K)->26153K(26624K) Class: 9208K(9408K)->9208K(9408K)
[338.501s][info][gc             ] GC(905) Pause Young (Allocation Failure) 380M->85M(480M) 0.969ms
[338.501s][info][gc,cpu         ] GC(905) User=0.00s Sys=0.00s Real=0.00s
[338.864s][info][gc,start       ] GC(906) Pause Young (Allocation Failure)
[338.864s][info][gc,heap        ] GC(906) PSYoungGen: 304704K(316416K)->64K(317952K) Eden: 304640K(304640K)->0K(304640K) From: 64K(11776K)->64K(13312K)
[338.864s][info][gc,heap        ] GC(906) ParOldGen: 87367K(175104K)->87367K(175104K)
[338.864s][info][gc,metaspace   ] GC(906) Metaspace: 35361K(36032K)->35361K(36032K) NonClass: 26153K(26624K)->26153K(26624K) Class: 9208K(9408K)->9208K(9408K)
[338.864s][info][gc             ] GC(906) Pause Young (Allocation Failure) 382M->85M(481M) 0.624ms
[338.864s][info][gc,cpu         ] GC(906) User=0.00s Sys=0.00s Real=0.00s
[338.983s][info][gc,start       ] GC(907) Pause Young (Allocation Failure)
[338.984s][info][gc,heap        ] GC(907) PSYoungGen: 304704K(317952K)->64K(292864K) Eden: 304640K(304640K)->0K(292352K) From: 64K(13312K)->64K(512K)
[338.984s][info][gc,heap        ] GC(907) ParOldGen: 87367K(175104K)->87375K(175104K)
[338.984s][info][gc,metaspace   ] GC(907) Metaspace: 35374K(36096K)->35374K(36096K) NonClass: 26166K(26688K)->26166K(26688K) Class: 9208K(9408K)->9208K(9408K)
[338.984s][info][gc             ] GC(907) Pause Young (Allocation Failure) 382M->85M(457M) 1.232ms
[338.984s][info][gc,cpu         ] GC(907) User=0.00s Sys=0.01s Real=0.00s
[339.035s][info][gc,start       ] GC(908) Pause Young (Allocation Failure)
[339.036s][info][gc,heap        ] GC(908) PSYoungGen: 292416K(292864K)->64K(292864K) Eden: 292352K(292352K)->0K(280576K) From: 64K(512K)->64K(12288K)
[339.036s][info][gc,heap        ] GC(908) ParOldGen: 87375K(175104K)->87391K(175104K)
[339.036s][info][gc,metaspace   ] GC(908) Metaspace: 35374K(36096K)->35374K(36096K) NonClass: 26166K(26688K)->26166K(26688K) Class: 9208K(9408K)->9208K(9408K)
[339.036s][info][gc             ] GC(908) Pause Young (Allocation Failure) 370M->85M(457M) 0.528ms
[339.036s][info][gc,cpu         ] GC(908) User=0.00s Sys=0.00s Real=0.00s
[339.216s][info][gc,start       ] GC(909) Pause Young (Allocation Failure)
[339.217s][info][gc,heap        ] GC(909) PSYoungGen: 280640K(292864K)->64K(269824K) Eden: 280576K(280576K)->0K(269312K) From: 64K(12288K)->64K(512K)
[339.217s][info][gc,heap        ] GC(909) ParOldGen: 87391K(175104K)->87391K(175104K)
[339.217s][info][gc,metaspace   ] GC(909) Metaspace: 35374K(36096K)->35374K(36096K) NonClass: 26166K(26688K)->26166K(26688K) Class: 9208K(9408K)->9208K(9408K)
[339.217s][info][gc             ] GC(909) Pause Young (Allocation Failure) 359M->85M(434M) 0.877ms
[339.217s][info][gc,cpu         ] GC(909) User=0.00s Sys=0.00s Real=0.00s
[339.496s][info][gc,start       ] GC(910) Pause Young (Allocation Failure)
[339.497s][info][gc,heap        ] GC(910) PSYoungGen: 269376K(269824K)->64K(269824K) Eden: 269312K(269312K)->0K(259072K) From: 64K(512K)->64K(10752K)
[339.497s][info][gc,heap        ] GC(910) ParOldGen: 87391K(175104K)->87399K(175104K)
[339.497s][info][gc,metaspace   ] GC(910) Metaspace: 35374K(36096K)->35374K(36096K) NonClass: 26166K(26688K)->26166K(26688K) Class: 9208K(9408K)->9208K(9408K)
[339.497s][info][gc             ] GC(910) Pause Young (Allocation Failure) 348M->85M(434M) 0.598ms
[339.497s][info][gc,cpu         ] GC(910) User=0.00s Sys=0.00s Real=0.00s
[339.647s][info][gc,start       ] GC(911) Pause Young (Allocation Failure)
[339.648s][info][gc,heap        ] GC(911) PSYoungGen: 259136K(269824K)->64K(249344K) Eden: 259072K(259072K)->0K(248832K) From: 64K(10752K)->64K(512K)
[339.648s][info][gc,heap        ] GC(911) ParOldGen: 87399K(175104K)->87407K(175104K)
[339.648s][info][gc,metaspace   ] GC(911) Metaspace: 35375K(36096K)->35375K(36096K) NonClass: 26167K(26688K)->26167K(26688K) Class: 9208K(9408K)->9208K(9408K)
[339.648s][info][gc             ] GC(911) Pause Young (Allocation Failure) 338M->85M(414M) 0.906ms
[339.648s][info][gc,cpu         ] GC(911) User=0.00s Sys=0.00s Real=0.00s
[339.717s][info][gc,start       ] GC(912) Pause Young (Allocation Failure)
[339.718s][info][gc,heap        ] GC(912) PSYoungGen: 248896K(249344K)->64K(248832K) Eden: 248832K(248832K)->0K(239104K) From: 64K(512K)->64K(9728K)
[339.718s][info][gc,heap        ] GC(912) ParOldGen: 87407K(175104K)->87423K(175104K)
[339.718s][info][gc,metaspace   ] GC(912) Metaspace: 35375K(36096K)->35375K(36096K) NonClass: 26167K(26688K)->26167K(26688K) Class: 9208K(9408K)->9208K(9408K)
[339.718s][info][gc             ] GC(912) Pause Young (Allocation Failure) 328M->85M(414M) 0.586ms
[339.718s][info][gc,cpu         ] GC(912) User=0.00s Sys=0.00s Real=0.00s
[339.840s][info][gc,start       ] GC(913) Pause Young (Allocation Failure)
[339.841s][info][gc,heap        ] GC(913) PSYoungGen: 239168K(248832K)->64K(230400K) Eden: 239104K(239104K)->0K(229888K) From: 64K(9728K)->64K(512K)
[339.841s][info][gc,heap        ] GC(913) ParOldGen: 87423K(175104K)->87423K(175104K)
[339.841s][info][gc,metaspace   ] GC(913) Metaspace: 35375K(36096K)->35375K(36096K) NonClass: 26167K(26688K)->26167K(26688K) Class: 9208K(9408K)->9208K(9408K)
[339.841s][info][gc             ] GC(913) Pause Young (Allocation Failure) 318M->85M(396M) 1.292ms
[339.841s][info][gc,cpu         ] GC(913) User=0.00s Sys=0.00s Real=0.00s
[340.087s][info][gc,start       ] GC(914) Pause Young (Allocation Failure)
[340.088s][info][gc,heap        ] GC(914) PSYoungGen: 229952K(230400K)->64K(229376K) Eden: 229888K(229888K)->0K(221184K) From: 64K(512K)->64K(8192K)
[340.088s][info][gc,heap        ] GC(914) ParOldGen: 87423K(175104K)->87431K(175104K)
[340.088s][info][gc,metaspace   ] GC(914) Metaspace: 35375K(36096K)->35375K(36096K) NonClass: 26167K(26688K)->26167K(26688K) Class: 9208K(9408K)->9208K(9408K)
[340.088s][info][gc             ] GC(914) Pause Young (Allocation Failure) 309M->85M(395M) 0.552ms
[340.088s][info][gc,cpu         ] GC(914) User=0.00s Sys=0.00s Real=0.00s
[340.833s][info][gc,start       ] GC(915) Pause Young (Allocation Failure)
[340.834s][info][gc,heap        ] GC(915) PSYoungGen: 221248K(229376K)->64K(213504K) Eden: 221184K(221184K)->0K(212992K) From: 64K(8192K)->64K(512K)
[340.834s][info][gc,heap        ] GC(915) ParOldGen: 87431K(175104K)->87439K(175104K)
[340.834s][info][gc,metaspace   ] GC(915) Metaspace: 35375K(36096K)->35375K(36096K) NonClass: 26167K(26688K)->26167K(26688K) Class: 9208K(9408K)->9208K(9408K)
[340.834s][info][gc             ] GC(915) Pause Young (Allocation Failure) 301M->85M(379M) 1.307ms
[340.834s][info][gc,cpu         ] GC(915) User=0.00s Sys=0.00s Real=0.00s
[341.627s][info][gc,start       ] GC(916) Pause Young (Allocation Failure)
[341.628s][info][gc,heap        ] GC(916) PSYoungGen: 213056K(213504K)->64K(212480K) Eden: 212992K(212992K)->0K(205312K) From: 64K(512K)->64K(7168K)
[341.628s][info][gc,heap        ] GC(916) ParOldGen: 87439K(175104K)->87447K(175104K)
[341.628s][info][gc,metaspace   ] GC(916) Metaspace: 35375K(36096K)->35375K(36096K) NonClass: 26167K(26688K)->26167K(26688K) Class: 9208K(9408K)->9208K(9408K)
[341.628s][info][gc             ] GC(916) Pause Young (Allocation Failure) 293M->85M(378M) 0.672ms
[341.628s][info][gc,cpu         ] GC(916) User=0.00s Sys=0.00s Real=0.00s
[341.781s][info][gc,start       ] GC(917) Pause Young (Allocation Failure)
[341.782s][info][gc,heap        ] GC(917) PSYoungGen: 205376K(212480K)->64K(198144K) Eden: 205312K(205312K)->0K(197632K) From: 64K(7168K)->64K(512K)
[341.782s][info][gc,heap        ] GC(917) ParOldGen: 87447K(175104K)->87455K(175104K)
[341.782s][info][gc,metaspace   ] GC(917) Metaspace: 35375K(36096K)->35375K(36096K) NonClass: 26167K(26688K)->26167K(26688K) Class: 9208K(9408K)->9208K(9408K)
[341.782s][info][gc             ] GC(917) Pause Young (Allocation Failure) 285M->85M(364M) 1.439ms
[341.782s][info][gc,cpu         ] GC(917) User=0.00s Sys=0.00s Real=0.00s
[342.148s][info][gc,start       ] GC(918) Pause Young (Allocation Failure)
[342.149s][info][gc,heap        ] GC(918) PSYoungGen: 197696K(198144K)->64K(196608K) Eden: 197632K(197632K)->0K(190464K) From: 64K(512K)->64K(6144K)
[342.149s][info][gc,heap        ] GC(918) ParOldGen: 87455K(175104K)->87463K(175104K)
[342.149s][info][gc,metaspace   ] GC(918) Metaspace: 35375K(36096K)->35375K(36096K) NonClass: 26167K(26688K)->26167K(26688K) Class: 9208K(9408K)->9208K(9408K)
[342.149s][info][gc             ] GC(918) Pause Young (Allocation Failure) 278M->85M(363M) 0.658ms
[342.149s][info][gc,cpu         ] GC(918) User=0.00s Sys=0.00s Real=0.01s
[342.936s][info][gc,start       ] GC(919) Pause Young (Allocation Failure)
[342.937s][info][gc,heap        ] GC(919) PSYoungGen: 190528K(196608K)->64K(184320K) Eden: 190464K(190464K)->0K(183808K) From: 64K(6144K)->64K(512K)
[342.937s][info][gc,heap        ] GC(919) ParOldGen: 87463K(175104K)->87471K(175104K)
[342.937s][info][gc,metaspace   ] GC(919) Metaspace: 35375K(36096K)->35375K(36096K) NonClass: 26167K(26688K)->26167K(26688K) Class: 9208K(9408K)->9208K(9408K)
[342.937s][info][gc             ] GC(919) Pause Young (Allocation Failure) 271M->85M(351M) 1.131ms
[342.937s][info][gc,cpu         ] GC(919) User=0.00s Sys=0.00s Real=0.00s
[343.260s][info][gc,start       ] GC(920) Pause Young (Allocation Failure)
[343.261s][info][gc,heap        ] GC(920) PSYoungGen: 183872K(184320K)->64K(182784K) Eden: 183808K(183808K)->0K(177152K) From: 64K(512K)->64K(5632K)
[343.261s][info][gc,heap        ] GC(920) ParOldGen: 87471K(175104K)->87487K(175104K)
[343.261s][info][gc,metaspace   ] GC(920) Metaspace: 35375K(36096K)->35375K(36096K) NonClass: 26167K(26688K)->26167K(26688K) Class: 9208K(9408K)->9208K(9408K)
[343.261s][info][gc             ] GC(920) Pause Young (Allocation Failure) 264M->85M(349M) 0.920ms
[343.261s][info][gc,cpu         ] GC(920) User=0.00s Sys=0.00s Real=0.00s
[343.540s][info][gc,start       ] GC(921) Pause Young (Allocation Failure)
[343.542s][info][gc,heap        ] GC(921) PSYoungGen: 177216K(182784K)->64K(171520K) Eden: 177152K(177152K)->0K(171008K) From: 64K(5632K)->64K(512K)
[343.542s][info][gc,heap        ] GC(921) ParOldGen: 87487K(175104K)->87503K(175104K)
[343.542s][info][gc,metaspace   ] GC(921) Metaspace: 35375K(36096K)->35375K(36096K) NonClass: 26167K(26688K)->26167K(26688K) Class: 9208K(9408K)->9208K(9408K)
[343.542s][info][gc             ] GC(921) Pause Young (Allocation Failure) 258M->85M(338M) 1.278ms
[343.542s][info][gc,cpu         ] GC(921) User=0.00s Sys=0.00s Real=0.00s
[343.679s][info][gc,start       ] GC(922) Pause Young (Allocation Failure)
[343.679s][info][gc,heap        ] GC(922) PSYoungGen: 171072K(171520K)->64K(169984K) Eden: 171008K(171008K)->0K(165376K) From: 64K(512K)->64K(4608K)
[343.679s][info][gc,heap        ] GC(922) ParOldGen: 87503K(175104K)->87519K(175104K)
[343.679s][info][gc,metaspace   ] GC(922) Metaspace: 35375K(36096K)->35375K(36096K) NonClass: 26167K(26688K)->26167K(26688K) Class: 9208K(9408K)->9208K(9408K)
[343.679s][info][gc             ] GC(922) Pause Young (Allocation Failure) 252M->85M(337M) 0.792ms
[343.679s][info][gc,cpu         ] GC(922) User=0.00s Sys=0.00s Real=0.00s
[343.719s][info][gc,start       ] GC(923) Pause Young (Allocation Failure)
[343.720s][info][gc,heap        ] GC(923) PSYoungGen: 165440K(169984K)->32K(160256K) Eden: 165376K(165376K)->0K(159744K) From: 64K(4608K)->32K(512K)
[343.720s][info][gc,heap        ] GC(923) ParOldGen: 87519K(175104K)->87535K(175104K)
[343.720s][info][gc,metaspace   ] GC(923) Metaspace: 35375K(36096K)->35375K(36096K) NonClass: 26167K(26688K)->26167K(26688K) Class: 9208K(9408K)->9208K(9408K)
[343.720s][info][gc             ] GC(923) Pause Young (Allocation Failure) 247M->85M(327M) 1.057ms
[343.720s][info][gc,cpu         ] GC(923) User=0.00s Sys=0.00s Real=0.00s
[343.915s][info][gc,start       ] GC(924) Pause Young (Allocation Failure)
[343.916s][info][gc,heap        ] GC(924) PSYoungGen: 159776K(160256K)->64K(158720K) Eden: 159744K(159744K)->0K(154624K) From: 32K(512K)->64K(4096K)
[343.916s][info][gc,heap        ] GC(924) ParOldGen: 87535K(175104K)->87535K(175104K)
[343.916s][info][gc,metaspace   ] GC(924) Metaspace: 35375K(36096K)->35375K(36096K) NonClass: 26167K(26688K)->26167K(26688K) Class: 9208K(9408K)->9208K(9408K)
[343.916s][info][gc             ] GC(924) Pause Young (Allocation Failure) 241M->85M(326M) 0.781ms
[343.916s][info][gc,cpu         ] GC(924) User=0.00s Sys=0.00s Real=0.00s
[344.329s][info][gc,start       ] GC(925) Pause Young (Allocation Failure)
[344.330s][info][gc,heap        ] GC(925) PSYoungGen: 154688K(158720K)->64K(150016K) Eden: 154624K(154624K)->0K(149504K) From: 64K(4096K)->64K(512K)
[344.330s][info][gc,heap        ] GC(925) ParOldGen: 87535K(175104K)->87551K(175104K)
[344.330s][info][gc,metaspace   ] GC(925) Metaspace: 35375K(36096K)->35375K(36096K) NonClass: 26167K(26688K)->26167K(26688K) Class: 9208K(9408K)->9208K(9408K)
[344.330s][info][gc             ] GC(925) Pause Young (Allocation Failure) 236M->85M(317M) 1.206ms
[344.330s][info][gc,cpu         ] GC(925) User=0.00s Sys=0.00s Real=0.00s
[344.414s][info][gc,start       ] GC(926) Pause Young (Allocation Failure)
[344.415s][info][gc,heap        ] GC(926) PSYoungGen: 149568K(150016K)->64K(147968K) Eden: 149504K(149504K)->0K(144384K) From: 64K(512K)->64K(3584K)
[344.415s][info][gc,heap        ] GC(926) ParOldGen: 87551K(175104K)->87551K(175104K)
[344.415s][info][gc,metaspace   ] GC(926) Metaspace: 35375K(36096K)->35375K(36096K) NonClass: 26167K(26688K)->26167K(26688K) Class: 9208K(9408K)->9208K(9408K)
[344.415s][info][gc             ] GC(926) Pause Young (Allocation Failure) 231M->85M(315M) 0.893ms
[344.415s][info][gc,cpu         ] GC(926) User=0.01s Sys=0.00s Real=0.00s
[344.641s][info][gc,start       ] GC(927) Pause Young (Allocation Failure)
[344.643s][info][gc,heap        ] GC(927) PSYoungGen: 144448K(147968K)->64K(140288K) Eden: 144384K(144384K)->0K(139776K) From: 64K(3584K)->64K(512K)
[344.643s][info][gc,heap        ] GC(927) ParOldGen: 87551K(175104K)->87567K(175104K)
[344.643s][info][gc,metaspace   ] GC(927) Metaspace: 35375K(36096K)->35375K(36096K) NonClass: 26167K(26688K)->26167K(26688K) Class: 9208K(9408K)->9208K(9408K)
[344.643s][info][gc             ] GC(927) Pause Young (Allocation Failure) 226M->85M(308M) 1.214ms
[344.643s][info][gc,cpu         ] GC(927) User=0.00s Sys=0.00s Real=0.00s
[344.867s][info][gc,start       ] GC(928) Pause Young (Allocation Failure)
[344.890s][info][gc,heap        ] GC(928) PSYoungGen: 139840K(140288K)->3072K(169984K) Eden: 139776K(139776K)->0K(166912K) From: 64K(512K)->3072K(3072K)
[344.890s][info][gc,heap        ] GC(928) ParOldGen: 87567K(175104K)->96119K(175104K)
[344.890s][info][gc,metaspace   ] GC(928) Metaspace: 35375K(36096K)->35375K(36096K) NonClass: 26167K(26688K)->26167K(26688K) Class: 9208K(9408K)->9208K(9408K)
[344.890s][info][gc             ] GC(928) Pause Young (Allocation Failure) 222M->96M(337M) 22.788ms
[344.890s][info][gc,cpu         ] GC(928) User=0.04s Sys=0.00s Real=0.03s
[345.109s][info][gc,start       ] GC(929) Pause Young (Allocation Failure)
[345.140s][info][gc,heap        ] GC(929) PSYoungGen: 169984K(169984K)->3072K(203264K) Eden: 166912K(166912K)->0K(200192K) From: 3072K(3072K)->3072K(3072K)
[345.140s][info][gc,heap        ] GC(929) ParOldGen: 96119K(175104K)->112303K(175104K)
[345.140s][info][gc,metaspace   ] GC(929) Metaspace: 35375K(36096K)->35375K(36096K) NonClass: 26167K(26688K)->26167K(26688K) Class: 9208K(9408K)->9208K(9408K)
[345.141s][info][gc             ] GC(929) Pause Young (Allocation Failure) 259M->112M(369M) 31.827ms
[345.141s][info][gc,cpu         ] GC(929) User=0.06s Sys=0.00s Real=0.03s
[345.402s][info][gc,start       ] GC(930) Pause Young (Allocation Failure)
[345.440s][info][gc,heap        ] GC(930) PSYoungGen: 203264K(203264K)->13312K(245248K) Eden: 200192K(200192K)->0K(231936K) From: 3072K(3072K)->13312K(13312K)
[345.440s][info][gc,heap        ] GC(930) ParOldGen: 112303K(175104K)->122231K(175104K)
[345.440s][info][gc,metaspace   ] GC(930) Metaspace: 35375K(36096K)->35375K(36096K) NonClass: 26167K(26688K)->26167K(26688K) Class: 9208K(9408K)->9208K(9408K)
[345.440s][info][gc             ] GC(930) Pause Young (Allocation Failure) 308M->132M(410M) 37.488ms
[345.440s][info][gc,cpu         ] GC(930) User=0.07s Sys=0.00s Real=0.04s
[345.584s][info][gc,start       ] GC(931) Pause Young (Allocation Failure)
[345.604s][info][gc,heap        ] GC(931) PSYoungGen: 245248K(245248K)->9216K(259584K) Eden: 231936K(231936K)->0K(240128K) From: 13312K(13312K)->9216K(19456K)
[345.604s][info][gc,heap        ] GC(931) ParOldGen: 122231K(175104K)->122495K(175104K)
[345.604s][info][gc,metaspace   ] GC(931) Metaspace: 35375K(36096K)->35375K(36096K) NonClass: 26167K(26688K)->26167K(26688K) Class: 9208K(9408K)->9208K(9408K)
[345.604s][info][gc             ] GC(931) Pause Young (Allocation Failure) 358M->128M(424M) 20.692ms
[345.604s][info][gc,cpu         ] GC(931) User=0.04s Sys=0.00s Real=0.02s
[345.867s][info][gc,start       ] GC(932) Pause Young (Allocation Failure)
[345.867s][info][gc,heap        ] GC(932) PSYoungGen: 249344K(259584K)->64K(259584K) Eden: 240128K(240128K)->0K(240128K) From: 9216K(19456K)->64K(19456K)
[345.867s][info][gc,heap        ] GC(932) ParOldGen: 122495K(175104K)->122503K(175104K)
[345.867s][info][gc,metaspace   ] GC(932) Metaspace: 35375K(36096K)->35375K(36096K) NonClass: 26167K(26688K)->26167K(26688K) Class: 9208K(9408K)->9208K(9408K)
[345.867s][info][gc             ] GC(932) Pause Young (Allocation Failure) 363M->119M(424M) 0.879ms
[345.867s][info][gc,cpu         ] GC(932) User=0.00s Sys=0.00s Real=0.00s
[346.456s][info][gc,start       ] GC(933) Pause Young (Allocation Failure)
[346.456s][info][gc,heap        ] GC(933) PSYoungGen: 240192K(259584K)->64K(304128K) Eden: 240128K(240128K)->0K(287232K) From: 64K(19456K)->64K(16896K)
[346.456s][info][gc,heap        ] GC(933) ParOldGen: 122503K(175104K)->122511K(175104K)
[346.456s][info][gc,metaspace   ] GC(933) Metaspace: 35375K(36096K)->35375K(36096K) NonClass: 26167K(26688K)->26167K(26688K) Class: 9208K(9408K)->9208K(9408K)
[346.456s][info][gc             ] GC(933) Pause Young (Allocation Failure) 354M->119M(468M) 0.737ms
[346.456s][info][gc,cpu         ] GC(933) User=0.00s Sys=0.00s Real=0.00s
[346.940s][info][gc,start       ] GC(934) Pause Young (Allocation Failure)
[346.941s][info][gc,heap        ] GC(934) PSYoungGen: 287296K(304128K)->64K(305664K) Eden: 287232K(287232K)->0K(287232K) From: 64K(16896K)->64K(18432K)
[346.941s][info][gc,heap        ] GC(934) ParOldGen: 122511K(175104K)->122527K(175104K)
[346.941s][info][gc,metaspace   ] GC(934) Metaspace: 35375K(36096K)->35375K(36096K) NonClass: 26167K(26688K)->26167K(26688K) Class: 9208K(9408K)->9208K(9408K)
[346.941s][info][gc             ] GC(934) Pause Young (Allocation Failure) 400M->119M(469M) 0.880ms
[346.941s][info][gc,cpu         ] GC(934) User=0.00s Sys=0.00s Real=0.00s
[347.177s][info][gc,start       ] GC(935) Pause Young (Allocation Failure)
[347.178s][info][gc,heap        ] GC(935) PSYoungGen: 287296K(305664K)->64K(313856K) Eden: 287232K(287232K)->0K(297472K) From: 64K(18432K)->64K(16384K)
[347.178s][info][gc,heap        ] GC(935) ParOldGen: 122527K(175104K)->122543K(175104K)
[347.178s][info][gc,metaspace   ] GC(935) Metaspace: 35375K(36096K)->35375K(36096K) NonClass: 26167K(26688K)->26167K(26688K) Class: 9208K(9408K)->9208K(9408K)
[347.178s][info][gc             ] GC(935) Pause Young (Allocation Failure) 400M->119M(477M) 0.747ms
[347.178s][info][gc,cpu         ] GC(935) User=0.00s Sys=0.00s Real=0.00s
[347.430s][info][gc,start       ] GC(936) Pause Young (Allocation Failure)
[347.431s][info][gc,heap        ] GC(936) PSYoungGen: 297536K(313856K)->64K(314880K) Eden: 297472K(297472K)->0K(297472K) From: 64K(16384K)->64K(17408K)
[347.431s][info][gc,heap        ] GC(936) ParOldGen: 122543K(175104K)->122543K(175104K)
[347.431s][info][gc,metaspace   ] GC(936) Metaspace: 35375K(36096K)->35375K(36096K) NonClass: 26167K(26688K)->26167K(26688K) Class: 9208K(9408K)->9208K(9408K)
[347.431s][info][gc             ] GC(936) Pause Young (Allocation Failure) 410M->119M(478M) 0.770ms
[347.431s][info][gc,cpu         ] GC(936) User=0.01s Sys=0.00s Real=0.00s
[347.778s][info][gc,start       ] GC(937) Pause Young (Allocation Failure)
[347.779s][info][gc,heap        ] GC(937) PSYoungGen: 297536K(314880K)->64K(315392K) Eden: 297472K(297472K)->0K(300032K) From: 64K(17408K)->64K(15360K)
[347.779s][info][gc,heap        ] GC(937) ParOldGen: 122543K(175104K)->122543K(175104K)
[347.779s][info][gc,metaspace   ] GC(937) Metaspace: 35375K(36096K)->35375K(36096K) NonClass: 26167K(26688K)->26167K(26688K) Class: 9208K(9408K)->9208K(9408K)
[347.779s][info][gc             ] GC(937) Pause Young (Allocation Failure) 410M->119M(479M) 0.758ms
[347.779s][info][gc,cpu         ] GC(937) User=0.00s Sys=0.00s Real=0.01s
[347.833s][info][gc,start       ] GC(938) Pause Young (Allocation Failure)
[347.834s][info][gc,heap        ] GC(938) PSYoungGen: 300096K(315392K)->64K(315904K) Eden: 300032K(300032K)->0K(300032K) From: 64K(15360K)->64K(15872K)
[347.834s][info][gc,heap        ] GC(938) ParOldGen: 122543K(175104K)->122559K(175104K)
[347.834s][info][gc,metaspace   ] GC(938) Metaspace: 35375K(36096K)->35375K(36096K) NonClass: 26167K(26688K)->26167K(26688K) Class: 9208K(9408K)->9208K(9408K)
[347.834s][info][gc             ] GC(938) Pause Young (Allocation Failure) 412M->119M(479M) 0.704ms
[347.834s][info][gc,cpu         ] GC(938) User=0.01s Sys=0.00s Real=0.00s
[347.886s][info][gc,start       ] GC(939) Pause Young (Allocation Failure)
[347.887s][info][gc,heap        ] GC(939) PSYoungGen: 300096K(315904K)->64K(315904K) Eden: 300032K(300032K)->0K(302592K) From: 64K(15872K)->64K(13312K)
[347.887s][info][gc,heap        ] GC(939) ParOldGen: 122559K(175104K)->122559K(175104K)
[347.887s][info][gc,metaspace   ] GC(939) Metaspace: 35375K(36096K)->35375K(36096K) NonClass: 26167K(26688K)->26167K(26688K) Class: 9208K(9408K)->9208K(9408K)
[347.887s][info][gc             ] GC(939) Pause Young (Allocation Failure) 412M->119M(479M) 0.635ms
[347.887s][info][gc,cpu         ] GC(939) User=0.00s Sys=0.00s Real=0.00s
[348.204s][info][gc,start       ] GC(940) Pause Young (Allocation Failure)
[348.205s][info][gc,heap        ] GC(940) PSYoungGen: 302656K(315904K)->64K(316928K) Eden: 302592K(302592K)->0K(302592K) From: 64K(13312K)->64K(14336K)
[348.205s][info][gc,heap        ] GC(940) ParOldGen: 122559K(175104K)->122559K(175104K)
[348.205s][info][gc,metaspace   ] GC(940) Metaspace: 35375K(36096K)->35375K(36096K) NonClass: 26167K(26688K)->26167K(26688K) Class: 9208K(9408K)->9208K(9408K)
[348.205s][info][gc             ] GC(940) Pause Young (Allocation Failure) 415M->119M(480M) 0.737ms
[348.205s][info][gc,cpu         ] GC(940) User=0.00s Sys=0.00s Real=0.00s
[348.455s][info][gc,start       ] GC(941) Pause Young (Allocation Failure)
[348.456s][info][gc,heap        ] GC(941) PSYoungGen: 302656K(316928K)->64K(290816K) Eden: 302592K(302592K)->0K(290304K) From: 64K(14336K)->64K(512K)
[348.456s][info][gc,heap        ] GC(941) ParOldGen: 122559K(175104K)->122567K(175104K)
[348.456s][info][gc,metaspace   ] GC(941) Metaspace: 35375K(36096K)->35375K(36096K) NonClass: 26167K(26688K)->26167K(26688K) Class: 9208K(9408K)->9208K(9408K)
[348.456s][info][gc             ] GC(941) Pause Young (Allocation Failure) 415M->119M(455M) 0.742ms
[348.456s][info][gc,cpu         ] GC(941) User=0.00s Sys=0.00s Real=0.00s
[348.537s][info][gc,start       ] GC(942) Pause Young (Allocation Failure)
[348.537s][info][gc,heap        ] GC(942) PSYoungGen: 290368K(290816K)->64K(291840K) Eden: 290304K(290304K)->0K(279040K) From: 64K(512K)->64K(12800K)
[348.537s][info][gc,heap        ] GC(942) ParOldGen: 122567K(175104K)->122583K(175104K)
[348.537s][info][gc,metaspace   ] GC(942) Metaspace: 35375K(36096K)->35375K(36096K) NonClass: 26167K(26688K)->26167K(26688K) Class: 9208K(9408K)->9208K(9408K)
[348.537s][info][gc             ] GC(942) Pause Young (Allocation Failure) 403M->119M(456M) 0.637ms
[348.537s][info][gc,cpu         ] GC(942) User=0.00s Sys=0.00s Real=0.00s
[348.672s][info][gc,start       ] GC(943) Pause Young (Allocation Failure)
[348.673s][info][gc,heap        ] GC(943) PSYoungGen: 279104K(291840K)->64K(268800K) Eden: 279040K(279040K)->0K(268288K) From: 64K(12800K)->64K(512K)
[348.673s][info][gc,heap        ] GC(943) ParOldGen: 122583K(175104K)->122583K(175104K)
[348.673s][info][gc,metaspace   ] GC(943) Metaspace: 35375K(36096K)->35375K(36096K) NonClass: 26167K(26688K)->26167K(26688K) Class: 9208K(9408K)->9208K(9408K)
[348.673s][info][gc             ] GC(943) Pause Young (Allocation Failure) 392M->119M(433M) 0.762ms
[348.673s][info][gc,cpu         ] GC(943) User=0.00s Sys=0.00s Real=0.00s
[349.037s][info][gc,start       ] GC(944) Pause Young (Allocation Failure)
[349.037s][info][gc,heap        ] GC(944) PSYoungGen: 268352K(268800K)->64K(269312K) Eden: 268288K(268288K)->0K(258048K) From: 64K(512K)->64K(11264K)
[349.037s][info][gc,heap        ] GC(944) ParOldGen: 122583K(175104K)->122591K(175104K)
[349.037s][info][gc,metaspace   ] GC(944) Metaspace: 35375K(36096K)->35375K(36096K) NonClass: 26167K(26688K)->26167K(26688K) Class: 9208K(9408K)->9208K(9408K)
[349.037s][info][gc             ] GC(944) Pause Young (Allocation Failure) 381M->119M(434M) 0.601ms
[349.037s][info][gc,cpu         ] GC(944) User=0.00s Sys=0.00s Real=0.00s
[349.665s][info][gc,start       ] GC(945) Pause Young (Allocation Failure)
[349.666s][info][gc,heap        ] GC(945) PSYoungGen: 258112K(269312K)->64K(248832K) Eden: 258048K(258048K)->0K(248320K) From: 64K(11264K)->64K(512K)
[349.666s][info][gc,heap        ] GC(945) ParOldGen: 122591K(175104K)->122599K(175104K)
[349.666s][info][gc,metaspace   ] GC(945) Metaspace: 35375K(36096K)->35375K(36096K) NonClass: 26167K(26688K)->26167K(26688K) Class: 9208K(9408K)->9208K(9408K)
[349.666s][info][gc             ] GC(945) Pause Young (Allocation Failure) 371M->119M(414M) 1.010ms
[349.666s][info][gc,cpu         ] GC(945) User=0.00s Sys=0.01s Real=0.00s
[350.526s][info][gc,start       ] GC(946) Pause Young (Allocation Failure)
[350.527s][info][gc,heap        ] GC(946) PSYoungGen: 248384K(248832K)->64K(248832K) Eden: 248320K(248320K)->0K(238592K) From: 64K(512K)->64K(10240K)
[350.527s][info][gc,heap        ] GC(946) ParOldGen: 122599K(175104K)->122615K(175104K)
[350.527s][info][gc,metaspace   ] GC(946) Metaspace: 35375K(36096K)->35375K(36096K) NonClass: 26167K(26688K)->26167K(26688K) Class: 9208K(9408K)->9208K(9408K)
[350.527s][info][gc             ] GC(946) Pause Young (Allocation Failure) 362M->119M(414M) 1.188ms
[350.527s][info][gc,cpu         ] GC(946) User=0.01s Sys=0.00s Real=0.00s
[350.871s][info][gc,start       ] GC(947) Pause Young (Allocation Failure)
[350.873s][info][gc,heap        ] GC(947) PSYoungGen: 238656K(248832K)->64K(229888K) Eden: 238592K(238592K)->0K(229376K) From: 64K(10240K)->64K(512K)
[350.873s][info][gc,heap        ] GC(947) ParOldGen: 122615K(175104K)->122631K(175104K)
[350.873s][info][gc,metaspace   ] GC(947) Metaspace: 35375K(36096K)->35375K(36096K) NonClass: 26167K(26688K)->26167K(26688K) Class: 9208K(9408K)->9208K(9408K)
[350.873s][info][gc             ] GC(947) Pause Young (Allocation Failure) 352M->119M(395M) 1.808ms
[350.873s][info][gc,cpu         ] GC(947) User=0.00s Sys=0.00s Real=0.00s
[351.545s][info][gc,start       ] GC(948) Pause Young (Allocation Failure)
[351.546s][info][gc,heap        ] GC(948) PSYoungGen: 229440K(229888K)->64K(229376K) Eden: 229376K(229376K)->0K(220672K) From: 64K(512K)->64K(8704K)
[351.546s][info][gc,heap        ] GC(948) ParOldGen: 122631K(175104K)->122647K(175104K)
[351.546s][info][gc,metaspace   ] GC(948) Metaspace: 35375K(36096K)->35375K(36096K) NonClass: 26167K(26688K)->26167K(26688K) Class: 9208K(9408K)->9208K(9408K)
[351.546s][info][gc             ] GC(948) Pause Young (Allocation Failure) 343M->119M(395M) 1.226ms
[351.546s][info][gc,cpu         ] GC(948) User=0.00s Sys=0.00s Real=0.00s
[352.097s][info][gc,start       ] GC(949) Pause Young (Allocation Failure)
[352.099s][info][gc,heap        ] GC(949) PSYoungGen: 220736K(229376K)->64K(212992K) Eden: 220672K(220672K)->0K(212480K) From: 64K(8704K)->64K(512K)
[352.099s][info][gc,heap        ] GC(949) ParOldGen: 122647K(175104K)->122663K(175104K)
[352.099s][info][gc,metaspace   ] GC(949) Metaspace: 35375K(36096K)->35375K(36096K) NonClass: 26167K(26688K)->26167K(26688K) Class: 9208K(9408K)->9208K(9408K)
[352.099s][info][gc             ] GC(949) Pause Young (Allocation Failure) 335M->119M(379M) 1.736ms
[352.099s][info][gc,cpu         ] GC(949) User=0.00s Sys=0.00s Real=0.01s
[352.399s][info][gc,start       ] GC(950) Pause Young (Allocation Failure)
[352.400s][info][gc,heap        ] GC(950) PSYoungGen: 212544K(212992K)->64K(212480K) Eden: 212480K(212480K)->0K(204800K) From: 64K(512K)->64K(7680K)
[352.400s][info][gc,heap        ] GC(950) ParOldGen: 122663K(175104K)->122679K(175104K)
[352.400s][info][gc,metaspace   ] GC(950) Metaspace: 35375K(36096K)->35375K(36096K) NonClass: 26167K(26688K)->26167K(26688K) Class: 9208K(9408K)->9208K(9408K)
[352.400s][info][gc             ] GC(950) Pause Young (Allocation Failure) 327M->119M(378M) 0.977ms
[352.400s][info][gc,cpu         ] GC(950) User=0.00s Sys=0.00s Real=0.00s
[352.516s][info][gc,start       ] GC(951) Pause Young (Allocation Failure)
[352.518s][info][gc,heap        ] GC(951) PSYoungGen: 204864K(212480K)->64K(197632K) Eden: 204800K(204800K)->0K(197120K) From: 64K(7680K)->64K(512K)
[352.518s][info][gc,heap        ] GC(951) ParOldGen: 122679K(175104K)->122695K(175104K)
[352.518s][info][gc,metaspace   ] GC(951) Metaspace: 35375K(36096K)->35375K(36096K) NonClass: 26167K(26688K)->26167K(26688K) Class: 9208K(9408K)->9208K(9408K)
[352.518s][info][gc             ] GC(951) Pause Young (Allocation Failure) 319M->119M(364M) 1.668ms
[352.518s][info][gc,cpu         ] GC(951) User=0.01s Sys=0.00s Real=0.00s
[352.641s][info][gc,start       ] GC(952) Pause Young (Allocation Failure)
[352.642s][info][gc,heap        ] GC(952) PSYoungGen: 197184K(197632K)->64K(196608K) Eden: 197120K(197120K)->0K(189952K) From: 64K(512K)->64K(6656K)
[352.642s][info][gc,heap        ] GC(952) ParOldGen: 122695K(175104K)->122711K(175104K)
[352.642s][info][gc,metaspace   ] GC(952) Metaspace: 35375K(36096K)->35375K(36096K) NonClass: 26167K(26688K)->26167K(26688K) Class: 9208K(9408K)->9208K(9408K)
[352.643s][info][gc             ] GC(952) Pause Young (Allocation Failure) 312M->119M(363M) 1.207ms
[352.643s][info][gc,cpu         ] GC(952) User=0.00s Sys=0.00s Real=0.00s
[353.148s][info][gc,start       ] GC(953) Pause Young (Allocation Failure)
[353.150s][info][gc,heap        ] GC(953) PSYoungGen: 190016K(196608K)->64K(183808K) Eden: 189952K(189952K)->0K(183296K) From: 64K(6656K)->64K(512K)
[353.150s][info][gc,heap        ] GC(953) ParOldGen: 122711K(175104K)->122727K(175104K)
[353.150s][info][gc,metaspace   ] GC(953) Metaspace: 35375K(36096K)->35375K(36096K) NonClass: 26167K(26688K)->26167K(26688K) Class: 9208K(9408K)->9208K(9408K)
[353.150s][info][gc             ] GC(953) Pause Young (Allocation Failure) 305M->119M(350M) 1.696ms
[353.150s][info][gc,cpu         ] GC(953) User=0.00s Sys=0.00s Real=0.01s
[353.283s][info][gc,start       ] GC(954) Pause Young (Allocation Failure)
[353.284s][info][gc,heap        ] GC(954) PSYoungGen: 183360K(183808K)->64K(182272K) Eden: 183296K(183296K)->0K(176640K) From: 64K(512K)->64K(5632K)
[353.284s][info][gc,heap        ] GC(954) ParOldGen: 122727K(175104K)->122727K(175104K)
[353.284s][info][gc,metaspace   ] GC(954) Metaspace: 35375K(36096K)->35375K(36096K) NonClass: 26167K(26688K)->26167K(26688K) Class: 9208K(9408K)->9208K(9408K)
[353.284s][info][gc             ] GC(954) Pause Young (Allocation Failure) 298M->119M(349M) 1.034ms
[353.284s][info][gc,cpu         ] GC(954) User=0.00s Sys=0.00s Real=0.00s
[353.577s][info][gc,start       ] GC(955) Pause Young (Allocation Failure)
[353.588s][info][gc,heap        ] GC(955) PSYoungGen: 176704K(182272K)->3392K(212480K) Eden: 176640K(176640K)->0K(208896K) From: 64K(5632K)->3392K(3584K)
[353.588s][info][gc,heap        ] GC(955) ParOldGen: 122727K(175104K)->122743K(175104K)
[353.588s][info][gc,metaspace   ] GC(955) Metaspace: 35375K(36096K)->35375K(36096K) NonClass: 26167K(26688K)->26167K(26688K) Class: 9208K(9408K)->9208K(9408K)
[353.588s][info][gc             ] GC(955) Pause Young (Allocation Failure) 292M->123M(378M) 10.538ms
[353.588s][info][gc,cpu         ] GC(955) User=0.01s Sys=0.00s Real=0.01s
[353.864s][info][gc,start       ] GC(956) Pause Young (Allocation Failure)
[353.902s][info][gc,heap        ] GC(956) PSYoungGen: 212288K(212480K)->6144K(256000K) Eden: 208896K(208896K)->0K(249856K) From: 3392K(3584K)->6144K(6144K)
[353.902s][info][gc,heap        ] GC(956) ParOldGen: 122743K(175104K)->140407K(175104K)
[353.902s][info][gc,metaspace   ] GC(956) Metaspace: 35375K(36096K)->35375K(36096K) NonClass: 26167K(26688K)->26167K(26688K) Class: 9208K(9408K)->9208K(9408K)
[353.902s][info][gc             ] GC(956) Pause Young (Allocation Failure) 327M->143M(421M) 38.399ms
[353.902s][info][gc,cpu         ] GC(956) User=0.08s Sys=0.00s Real=0.04s
[354.229s][info][gc,start       ] GC(957) Pause Young (Allocation Failure)
[354.281s][info][gc,heap        ] GC(957) PSYoungGen: 256000K(256000K)->13824K(254976K) Eden: 249856K(249856K)->0K(241152K) From: 6144K(6144K)->13824K(13824K)
[354.281s][info][gc,heap        ] GC(957) ParOldGen: 140407K(175104K)->155519K(175104K)
[354.281s][info][gc,metaspace   ] GC(957) Metaspace: 35375K(36096K)->35375K(36096K) NonClass: 26167K(26688K)->26167K(26688K) Class: 9208K(9408K)->9208K(9408K)
[354.281s][info][gc             ] GC(957) Pause Young (Allocation Failure) 387M->165M(420M) 52.281ms
[354.281s][info][gc,cpu         ] GC(957) User=0.09s Sys=0.01s Real=0.05s
[354.406s][info][gc,start       ] GC(958) Pause Young (Allocation Failure)
[354.420s][info][gc,heap        ] GC(958) PSYoungGen: 254976K(254976K)->7008K(263680K) Eden: 241152K(241152K)->0K(241152K) From: 13824K(13824K)->7008K(22528K)
[354.420s][info][gc,heap        ] GC(958) ParOldGen: 155519K(175104K)->155919K(175104K)
[354.420s][info][gc,metaspace   ] GC(958) Metaspace: 35375K(36096K)->35375K(36096K) NonClass: 26167K(26688K)->26167K(26688K) Class: 9208K(9408K)->9208K(9408K)
[354.420s][info][gc             ] GC(958) Pause Young (Allocation Failure) 400M->159M(428M) 14.225ms
[354.420s][info][gc,cpu         ] GC(958) User=0.03s Sys=0.00s Real=0.02s
[354.752s][info][gc,start       ] GC(959) Pause Young (Allocation Failure)
[354.753s][info][gc,heap        ] GC(959) PSYoungGen: 248160K(263680K)->64K(309760K) Eden: 241152K(241152K)->0K(289280K) From: 7008K(22528K)->64K(20480K)
[354.753s][info][gc,heap        ] GC(959) ParOldGen: 155919K(175104K)->155927K(175104K)
[354.753s][info][gc,metaspace   ] GC(959) Metaspace: 35375K(36096K)->35375K(36096K) NonClass: 26167K(26688K)->26167K(26688K) Class: 9208K(9408K)->9208K(9408K)
[354.753s][info][gc             ] GC(959) Pause Young (Allocation Failure) 394M->152M(473M) 0.945ms
[354.753s][info][gc,cpu         ] GC(959) User=0.00s Sys=0.00s Real=0.00s
[355.372s][info][gc,start       ] GC(960) Pause Young (Allocation Failure)
[355.372s][info][gc,heap        ] GC(960) PSYoungGen: 289344K(309760K)->64K(310272K) Eden: 289280K(289280K)->0K(289280K) From: 64K(20480K)->64K(20992K)
[355.372s][info][gc,heap        ] GC(960) ParOldGen: 155927K(175104K)->155935K(175104K)
[355.372s][info][gc,metaspace   ] GC(960) Metaspace: 35375K(36096K)->35375K(36096K) NonClass: 26167K(26688K)->26167K(26688K) Class: 9208K(9408K)->9208K(9408K)
[355.372s][info][gc             ] GC(960) Pause Young (Allocation Failure) 434M->152M(474M) 0.925ms
[355.372s][info][gc,cpu         ] GC(960) User=0.00s Sys=0.00s Real=0.00s
[355.827s][info][gc,start       ] GC(961) Pause Young (Allocation Failure)
[355.828s][info][gc,heap        ] GC(961) PSYoungGen: 289344K(310272K)->64K(312320K) Eden: 289280K(289280K)->0K(292864K) From: 64K(20992K)->64K(19456K)
[355.828s][info][gc,heap        ] GC(961) ParOldGen: 155935K(175104K)->155951K(175104K)
[355.828s][info][gc,metaspace   ] GC(961) Metaspace: 35375K(36096K)->35375K(36096K) NonClass: 26167K(26688K)->26167K(26688K) Class: 9208K(9408K)->9208K(9408K)
[355.828s][info][gc             ] GC(961) Pause Young (Allocation Failure) 434M->152M(476M) 0.996ms
[355.828s][info][gc,cpu         ] GC(961) User=0.00s Sys=0.00s Real=0.00s
[356.071s][info][gc,start       ] GC(962) Pause Young (Allocation Failure)
[356.071s][info][gc,heap        ] GC(962) PSYoungGen: 292928K(312320K)->64K(312320K) Eden: 292864K(292864K)->0K(292864K) From: 64K(19456K)->64K(19456K)
[356.071s][info][gc,heap        ] GC(962) ParOldGen: 155951K(175104K)->155967K(175104K)
[356.071s][info][gc,metaspace   ] GC(962) Metaspace: 35375K(36096K)->35375K(36096K) NonClass: 26167K(26688K)->26167K(26688K) Class: 9208K(9408K)->9208K(9408K)
[356.071s][info][gc             ] GC(962) Pause Young (Allocation Failure) 438M->152M(476M) 0.728ms
[356.071s][info][gc,cpu         ] GC(962) User=0.00s Sys=0.00s Real=0.00s
[356.312s][info][gc,start       ] GC(963) Pause Young (Allocation Failure)
[356.313s][info][gc,heap        ] GC(963) PSYoungGen: 292928K(312320K)->64K(313856K) Eden: 292864K(292864K)->0K(295424K) From: 64K(19456K)->64K(18432K)
[356.313s][info][gc,heap        ] GC(963) ParOldGen: 155967K(175104K)->155967K(175104K)
[356.313s][info][gc,metaspace   ] GC(963) Metaspace: 35375K(36096K)->35375K(36096K) NonClass: 26167K(26688K)->26167K(26688K) Class: 9208K(9408K)->9208K(9408K)
[356.313s][info][gc             ] GC(963) Pause Young (Allocation Failure) 438M->152M(477M) 0.758ms
[356.313s][info][gc,cpu         ] GC(963) User=0.00s Sys=0.00s Real=0.00s
[356.605s][info][gc,start       ] GC(964) Pause Young (Allocation Failure)
[356.606s][info][gc,heap        ] GC(964) PSYoungGen: 295488K(313856K)->64K(313344K) Eden: 295424K(295424K)->0K(295424K) From: 64K(18432K)->64K(17920K)
[356.606s][info][gc,heap        ] GC(964) ParOldGen: 155967K(175104K)->155967K(175104K)
[356.606s][info][gc,metaspace   ] GC(964) Metaspace: 35375K(36096K)->35375K(36096K) NonClass: 26167K(26688K)->26167K(26688K) Class: 9208K(9408K)->9208K(9408K)
[356.606s][info][gc             ] GC(964) Pause Young (Allocation Failure) 440M->152M(477M) 0.833ms
[356.606s][info][gc,cpu         ] GC(964) User=0.00s Sys=0.00s Real=0.00s
[356.657s][info][gc,start       ] GC(965) Pause Young (Allocation Failure)
[356.658s][info][gc,heap        ] GC(965) PSYoungGen: 295488K(313344K)->64K(314880K) Eden: 295424K(295424K)->0K(297984K) From: 64K(17920K)->64K(16896K)
[356.658s][info][gc,heap        ] GC(965) ParOldGen: 155967K(175104K)->155983K(175104K)
[356.658s][info][gc,metaspace   ] GC(965) Metaspace: 35375K(36096K)->35375K(36096K) NonClass: 26167K(26688K)->26167K(26688K) Class: 9208K(9408K)->9208K(9408K)
[356.658s][info][gc             ] GC(965) Pause Young (Allocation Failure) 440M->152M(478M) 0.955ms
[356.658s][info][gc,cpu         ] GC(965) User=0.01s Sys=0.00s Real=0.00s
[356.771s][info][gc,start       ] GC(966) Pause Young (Allocation Failure)
[356.771s][info][gc,heap        ] GC(966) PSYoungGen: 298048K(314880K)->64K(314368K) Eden: 297984K(297984K)->0K(297984K) From: 64K(16896K)->64K(16384K)
[356.771s][info][gc,heap        ] GC(966) ParOldGen: 155983K(175104K)->155983K(175104K)
[356.771s][info][gc,metaspace   ] GC(966) Metaspace: 35375K(36096K)->35375K(36096K) NonClass: 26167K(26688K)->26167K(26688K) Class: 9208K(9408K)->9208K(9408K)
[356.771s][info][gc             ] GC(966) Pause Young (Allocation Failure) 443M->152M(478M) 0.718ms
[356.771s][info][gc,cpu         ] GC(966) User=0.00s Sys=0.00s Real=0.00s
[357.091s][info][gc,start       ] GC(967) Pause Young (Allocation Failure)
[357.092s][info][gc,heap        ] GC(967) PSYoungGen: 298048K(314368K)->64K(316416K) Eden: 297984K(297984K)->0K(301568K) From: 64K(16384K)->64K(14848K)
[357.092s][info][gc,heap        ] GC(967) ParOldGen: 155983K(175104K)->155999K(175104K)
[357.092s][info][gc,metaspace   ] GC(967) Metaspace: 35375K(36096K)->35375K(36096K) NonClass: 26167K(26688K)->26167K(26688K) Class: 9208K(9408K)->9208K(9408K)
[357.092s][info][gc             ] GC(967) Pause Young (Allocation Failure) 443M->152M(480M) 0.772ms
[357.092s][info][gc,cpu         ] GC(967) User=0.00s Sys=0.00s Real=0.00s
[357.290s][info][gc,start       ] GC(968) Pause Young (Allocation Failure)
[357.291s][info][gc,heap        ] GC(968) PSYoungGen: 301632K(316416K)->64K(289792K) Eden: 301568K(301568K)->0K(289280K) From: 64K(14848K)->64K(512K)
[357.291s][info][gc,heap        ] GC(968) ParOldGen: 155999K(175104K)->155999K(175104K)
[357.291s][info][gc,metaspace   ] GC(968) Metaspace: 35375K(36096K)->35375K(36096K) NonClass: 26167K(26688K)->26167K(26688K) Class: 9208K(9408K)->9208K(9408K)
[357.291s][info][gc             ] GC(968) Pause Young (Allocation Failure) 446M->152M(454M) 0.821ms
[357.291s][info][gc,cpu         ] GC(968) User=0.00s Sys=0.00s Real=0.00s
[357.372s][info][gc,start       ] GC(969) Pause Young (Allocation Failure)
[357.373s][info][gc,heap        ] GC(969) PSYoungGen: 289344K(289792K)->64K(278528K) Eden: 289280K(289280K)->0K(278016K) From: 64K(512K)->64K(512K)
[357.373s][info][gc,heap        ] GC(969) ParOldGen: 155999K(175104K)->156015K(175104K)
[357.373s][info][gc,metaspace   ] GC(969) Metaspace: 35375K(36096K)->35375K(36096K) NonClass: 26167K(26688K)->26167K(26688K) Class: 9208K(9408K)->9208K(9408K)
[357.373s][info][gc             ] GC(969) Pause Young (Allocation Failure) 434M->152M(443M) 0.729ms
[357.373s][info][gc,cpu         ] GC(969) User=0.00s Sys=0.00s Real=0.00s
[357.530s][info][gc,start       ] GC(970) Pause Young (Allocation Failure)
[357.531s][info][gc,heap        ] GC(970) PSYoungGen: 278080K(278528K)->64K(280064K) Eden: 278016K(278016K)->0K(267264K) From: 64K(512K)->64K(12800K)
[357.531s][info][gc,heap        ] GC(970) ParOldGen: 156015K(175104K)->156015K(175104K)
[357.531s][info][gc,metaspace   ] GC(970) Metaspace: 35375K(36096K)->35375K(36096K) NonClass: 26167K(26688K)->26167K(26688K) Class: 9208K(9408K)->9208K(9408K)
[357.531s][info][gc             ] GC(970) Pause Young (Allocation Failure) 423M->152M(444M) 0.712ms
[357.531s][info][gc,cpu         ] GC(970) User=0.00s Sys=0.00s Real=0.00s
[357.931s][info][gc,start       ] GC(971) Pause Young (Allocation Failure)
[357.932s][info][gc,heap        ] GC(971) PSYoungGen: 267328K(280064K)->64K(257536K) Eden: 267264K(267264K)->0K(257024K) From: 64K(12800K)->64K(512K)
[357.932s][info][gc,heap        ] GC(971) ParOldGen: 156015K(175104K)->156023K(175104K)
[357.932s][info][gc,metaspace   ] GC(971) Metaspace: 35375K(36096K)->35375K(36096K) NonClass: 26167K(26688K)->26167K(26688K) Class: 9208K(9408K)->9208K(9408K)
[357.932s][info][gc             ] GC(971) Pause Young (Allocation Failure) 413M->152M(422M) 1.415ms
[357.932s][info][gc,cpu         ] GC(971) User=0.00s Sys=0.00s Real=0.00s
[358.497s][info][gc,start       ] GC(972) Pause Young (Allocation Failure)
[358.498s][info][gc,heap        ] GC(972) PSYoungGen: 257088K(257536K)->102K(258560K) Eden: 257024K(257024K)->0K(247296K) From: 64K(512K)->102K(11264K)
[358.498s][info][gc,heap        ] GC(972) ParOldGen: 156023K(175104K)->156039K(175104K)
[358.498s][info][gc,metaspace   ] GC(972) Metaspace: 35375K(36096K)->35375K(36096K) NonClass: 26167K(26688K)->26167K(26688K) Class: 9208K(9408K)->9208K(9408K)
[358.498s][info][gc             ] GC(972) Pause Young (Allocation Failure) 403M->152M(423M) 1.204ms
[358.498s][info][gc,cpu         ] GC(972) User=0.00s Sys=0.00s Real=0.00s
[359.399s][info][gc,start       ] GC(973) Pause Young (Allocation Failure)
[359.400s][info][gc,heap        ] GC(973) PSYoungGen: 247398K(258560K)->64K(238592K) Eden: 247296K(247296K)->0K(238080K) From: 102K(11264K)->64K(512K)
[359.401s][info][gc,heap        ] GC(973) ParOldGen: 156039K(175104K)->156055K(175104K)
[359.401s][info][gc,metaspace   ] GC(973) Metaspace: 35375K(36096K)->35375K(36096K) NonClass: 26167K(26688K)->26167K(26688K) Class: 9208K(9408K)->9208K(9408K)
[359.401s][info][gc             ] GC(973) Pause Young (Allocation Failure) 393M->152M(404M) 2.006ms
[359.401s][info][gc,cpu         ] GC(973) User=0.00s Sys=0.01s Real=0.00s
[359.804s][info][gc,start       ] GC(974) Pause Young (Allocation Failure)
[359.805s][info][gc,heap        ] GC(974) PSYoungGen: 238144K(238592K)->64K(239104K) Eden: 238080K(238080K)->0K(228864K) From: 64K(512K)->64K(10240K)
[359.805s][info][gc,heap        ] GC(974) ParOldGen: 156055K(175104K)->156071K(175104K)
[359.805s][info][gc,metaspace   ] GC(974) Metaspace: 35375K(36096K)->35375K(36096K) NonClass: 26167K(26688K)->26167K(26688K) Class: 9208K(9408K)->9208K(9408K)
[359.805s][info][gc             ] GC(974) Pause Young (Allocation Failure) 384M->152M(404M) 1.150ms
[359.805s][info][gc,cpu         ] GC(974) User=0.00s Sys=0.00s Real=0.00s
[360.743s][info][gc,start       ] GC(975) Pause Young (Allocation Failure)
[360.745s][info][gc,heap        ] GC(975) PSYoungGen: 228928K(239104K)->64K(220672K) Eden: 228864K(228864K)->0K(220160K) From: 64K(10240K)->64K(512K)
[360.745s][info][gc,heap        ] GC(975) ParOldGen: 156071K(175104K)->156079K(175104K)
[360.745s][info][gc,metaspace   ] GC(975) Metaspace: 35375K(36096K)->35375K(36096K) NonClass: 26167K(26688K)->26167K(26688K) Class: 9208K(9408K)->9208K(9408K)
[360.745s][info][gc             ] GC(975) Pause Young (Allocation Failure) 375M->152M(386M) 2.192ms
[360.745s][info][gc,cpu         ] GC(975) User=0.00s Sys=0.00s Real=0.00s
[360.950s][info][gc,start       ] GC(976) Pause Young (Allocation Failure)
[360.952s][info][gc,heap        ] GC(976) PSYoungGen: 220224K(220672K)->64K(220672K) Eden: 220160K(220160K)->0K(211968K) From: 64K(512K)->64K(8704K)
[360.952s][info][gc,heap        ] GC(976) ParOldGen: 156079K(175104K)->156087K(175104K)
[360.952s][info][gc,metaspace   ] GC(976) Metaspace: 35375K(36096K)->35375K(36096K) NonClass: 26167K(26688K)->26167K(26688K) Class: 9208K(9408K)->9208K(9408K)
[360.952s][info][gc             ] GC(976) Pause Young (Allocation Failure) 367M->152M(386M) 1.166ms
[360.952s][info][gc,cpu         ] GC(976) User=0.00s Sys=0.00s Real=0.00s
[361.289s][info][gc,start       ] GC(977) Pause Young (Allocation Failure)
[361.291s][info][gc,heap        ] GC(977) PSYoungGen: 212032K(220672K)->64K(204800K) Eden: 211968K(211968K)->0K(204288K) From: 64K(8704K)->64K(512K)
[361.291s][info][gc,heap        ] GC(977) ParOldGen: 156087K(175104K)->156095K(175104K)
[361.291s][info][gc,metaspace   ] GC(977) Metaspace: 35375K(36096K)->35375K(36096K) NonClass: 26167K(26688K)->26167K(26688K) Class: 9208K(9408K)->9208K(9408K)
[361.291s][info][gc             ] GC(977) Pause Young (Allocation Failure) 359M->152M(371M) 2.023ms
[361.291s][info][gc,cpu         ] GC(977) User=0.00s Sys=0.00s Real=0.00s
[361.340s][info][gc,start       ] GC(978) Pause Young (Allocation Failure)
[361.341s][info][gc,heap        ] GC(978) PSYoungGen: 204352K(204800K)->32K(204800K) Eden: 204288K(204288K)->0K(197120K) From: 64K(512K)->32K(7680K)
[361.341s][info][gc,heap        ] GC(978) ParOldGen: 156095K(175104K)->156111K(175104K)
[361.341s][info][gc,metaspace   ] GC(978) Metaspace: 35375K(36096K)->35375K(36096K) NonClass: 26167K(26688K)->26167K(26688K) Class: 9208K(9408K)->9208K(9408K)
[361.341s][info][gc             ] GC(978) Pause Young (Allocation Failure) 351M->152M(371M) 1.044ms
[361.341s][info][gc,cpu         ] GC(978) User=0.00s Sys=0.00s Real=0.00s
[361.610s][info][gc,start       ] GC(979) Pause Young (Allocation Failure)
[361.611s][info][gc,heap        ] GC(979) PSYoungGen: 197152K(204800K)->64K(190464K) Eden: 197120K(197120K)->0K(189952K) From: 32K(7680K)->64K(512K)
[361.611s][info][gc,heap        ] GC(979) ParOldGen: 156111K(175104K)->156111K(175104K)
[361.611s][info][gc,metaspace   ] GC(979) Metaspace: 35375K(36096K)->35375K(36096K) NonClass: 26167K(26688K)->26167K(26688K) Class: 9208K(9408K)->9208K(9408K)
[361.611s][info][gc             ] GC(979) Pause Young (Allocation Failure) 344M->152M(357M) 1.638ms
[361.611s][info][gc,cpu         ] GC(979) User=0.00s Sys=0.00s Real=0.00s
[362.010s][info][gc,start       ] GC(980) Pause Young (Allocation Failure)
[362.011s][info][gc,heap        ] GC(980) PSYoungGen: 190016K(190464K)->64K(189952K) Eden: 189952K(189952K)->0K(183296K) From: 64K(512K)->64K(6656K)
[362.011s][info][gc,heap        ] GC(980) ParOldGen: 156111K(175104K)->156127K(175104K)
[362.011s][info][gc,metaspace   ] GC(980) Metaspace: 35375K(36096K)->35375K(36096K) NonClass: 26167K(26688K)->26167K(26688K) Class: 9208K(9408K)->9208K(9408K)
[362.011s][info][gc             ] GC(980) Pause Young (Allocation Failure) 338M->152M(356M) 1.228ms
[362.011s][info][gc,cpu         ] GC(980) User=0.00s Sys=0.00s Real=0.00s
[362.186s][info][gc,start       ] GC(981) Pause Young (Allocation Failure)
[362.188s][info][gc,heap        ] GC(981) PSYoungGen: 183359K(189952K)->64K(177152K) Eden: 183295K(183296K)->0K(176640K) From: 64K(6656K)->64K(512K)
[362.188s][info][gc,heap        ] GC(981) ParOldGen: 156127K(175104K)->156143K(175104K)
[362.188s][info][gc,metaspace   ] GC(981) Metaspace: 35375K(36096K)->35375K(36096K) NonClass: 26167K(26688K)->26167K(26688K) Class: 9208K(9408K)->9208K(9408K)
[362.188s][info][gc             ] GC(981) Pause Young (Allocation Failure) 331M->152M(344M) 1.767ms
[362.188s][info][gc,cpu         ] GC(981) User=0.00s Sys=0.00s Real=0.00s
[362.465s][info][gc,start       ] GC(982) Pause Young (Allocation Failure)
[362.482s][info][gc,heap        ] GC(982) PSYoungGen: 176704K(177152K)->5632K(215552K) Eden: 176640K(176640K)->0K(209920K) From: 64K(512K)->5632K(5632K)
[362.482s][info][gc,heap        ] GC(982) ParOldGen: 156143K(175104K)->160719K(175104K)
[362.482s][info][gc,metaspace   ] GC(982) Metaspace: 35375K(36096K)->35375K(36096K) NonClass: 26167K(26688K)->26167K(26688K) Class: 9208K(9408K)->9208K(9408K)
[362.482s][info][gc             ] GC(982) Pause Young (Allocation Failure) 325M->162M(381M) 17.249ms
[362.482s][info][gc,cpu         ] GC(982) User=0.03s Sys=0.00s Real=0.02s
[362.763s][info][gc,start       ] GC(983) Pause Young (Allocation Failure)
[362.803s][info][gc,heap        ] GC(983) PSYoungGen: 215552K(215552K)->5632K(236544K) Eden: 209920K(209920K)->0K(230912K) From: 5632K(5632K)->5632K(5632K)
[362.803s][info][gc,heap        ] GC(983) ParOldGen: 160719K(175104K)->179143K(179200K)
[362.803s][info][gc,metaspace   ] GC(983) Metaspace: 35375K(36096K)->35375K(36096K) NonClass: 26167K(26688K)->26167K(26688K) Class: 9208K(9408K)->9208K(9408K)
[362.803s][info][gc             ] GC(983) Pause Young (Allocation Failure) 367M->180M(406M) 39.656ms
[362.803s][info][gc,cpu         ] GC(983) User=0.08s Sys=0.00s Real=0.04s
[363.104s][info][gc,start       ] GC(984) Pause Young (Allocation Failure)
[363.152s][info][gc,heap        ] GC(984) PSYoungGen: 236544K(236544K)->16384K(247296K) Eden: 230912K(230912K)->0K(230912K) From: 5632K(5632K)->16384K(16384K)
[363.152s][info][gc,heap        ] GC(984) ParOldGen: 179143K(179200K)->189559K(189952K)
[363.152s][info][gc,metaspace   ] GC(984) Metaspace: 35375K(36096K)->35375K(36096K) NonClass: 26167K(26688K)->26167K(26688K) Class: 9208K(9408K)->9208K(9408K)
[363.152s][info][gc             ] GC(984) Pause Young (Allocation Failure) 405M->201M(427M) 48.230ms
[363.152s][info][gc,cpu         ] GC(984) User=0.09s Sys=0.01s Real=0.05s
[363.228s][info][gc,start       ] GC(985) Pause Young (Allocation Failure)
[363.236s][info][gc,heap        ] GC(985) PSYoungGen: 247296K(247296K)->2240K(298496K) Eden: 230912K(230912K)->0K(276992K) From: 16384K(16384K)->2240K(21504K)
[363.236s][info][gc,heap        ] GC(985) ParOldGen: 189559K(189952K)->189831K(189952K)
[363.236s][info][gc,metaspace   ] GC(985) Metaspace: 35375K(36096K)->35375K(36096K) NonClass: 26167K(26688K)->26167K(26688K) Class: 9208K(9408K)->9208K(9408K)
[363.236s][info][gc             ] GC(985) Pause Young (Allocation Failure) 426M->187M(477M) 7.964ms
[363.236s][info][gc,cpu         ] GC(985) User=0.01s Sys=0.00s Real=0.01s
[363.742s][info][gc,start       ] GC(986) Pause Young (Allocation Failure)
[363.743s][info][gc,heap        ] GC(986) PSYoungGen: 279232K(298496K)->64K(299520K) Eden: 276992K(276992K)->0K(276992K) From: 2240K(21504K)->64K(22528K)
[363.743s][info][gc,heap        ] GC(986) ParOldGen: 189831K(189952K)->189839K(189952K)
[363.743s][info][gc,metaspace   ] GC(986) Metaspace: 35376K(36096K)->35376K(36096K) NonClass: 26168K(26688K)->26168K(26688K) Class: 9208K(9408K)->9208K(9408K)
[363.743s][info][gc             ] GC(986) Pause Young (Allocation Failure) 458M->185M(478M) 1.062ms
[363.743s][info][gc,cpu         ] GC(986) User=0.01s Sys=0.00s Real=0.00s
[364.240s][info][gc,start       ] GC(987) Pause Young (Allocation Failure)
[364.241s][info][gc,heap        ] GC(987) PSYoungGen: 277056K(299520K)->64K(308736K) Eden: 276992K(276992K)->0K(289280K) From: 64K(22528K)->64K(19456K)
[364.241s][info][gc,heap        ] GC(987) ParOldGen: 189839K(189952K)->189847K(189952K)
[364.241s][info][gc,metaspace   ] GC(987) Metaspace: 35376K(36096K)->35376K(36096K) NonClass: 26168K(26688K)->26168K(26688K) Class: 9208K(9408K)->9208K(9408K)
[364.241s][info][gc             ] GC(987) Pause Young (Allocation Failure) 455M->185M(487M) 0.944ms
[364.241s][info][gc,cpu         ] GC(987) User=0.00s Sys=0.00s Real=0.00s
[364.684s][info][gc,start       ] GC(988) Pause Young (Allocation Failure)
[364.685s][info][gc,heap        ] GC(988) PSYoungGen: 289344K(308736K)->64K(310272K) Eden: 289280K(289280K)->0K(289280K) From: 64K(19456K)->64K(20992K)
[364.685s][info][gc,heap        ] GC(988) ParOldGen: 189847K(189952K)->189863K(189952K)
[364.685s][info][gc,metaspace   ] GC(988) Metaspace: 35376K(36096K)->35376K(36096K) NonClass: 26168K(26688K)->26168K(26688K) Class: 9208K(9408K)->9208K(9408K)
[364.685s][info][gc             ] GC(988) Pause Young (Allocation Failure) 467M->185M(488M) 1.029ms
[364.685s][info][gc,cpu         ] GC(988) User=0.00s Sys=0.00s Real=0.00s
[364.922s][info][gc,start       ] GC(989) Pause Young (Allocation Failure)
[364.923s][info][gc,heap        ] GC(989) PSYoungGen: 289344K(310272K)->64K(310272K) Eden: 289280K(289280K)->0K(292352K) From: 64K(20992K)->64K(17920K)
[364.923s][info][gc,heap        ] GC(989) ParOldGen: 189863K(189952K)->189879K(189952K)
[364.923s][info][gc,metaspace   ] GC(989) Metaspace: 35376K(36096K)->35376K(36096K) NonClass: 26168K(26688K)->26168K(26688K) Class: 9208K(9408K)->9208K(9408K)
[364.923s][info][gc             ] GC(989) Pause Young (Allocation Failure) 467M->185M(488M) 0.906ms
[364.923s][info][gc,cpu         ] GC(989) User=0.00s Sys=0.00s Real=0.00s
[365.269s][info][gc,start       ] GC(990) Pause Young (Allocation Failure)
[365.270s][info][gc,heap        ] GC(990) PSYoungGen: 292416K(310272K)->64K(311808K) Eden: 292352K(292352K)->0K(292352K) From: 64K(17920K)->64K(19456K)
[365.270s][info][gc,heap        ] GC(990) ParOldGen: 189879K(189952K)->189879K(189952K)
[365.270s][info][gc,metaspace   ] GC(990) Metaspace: 35376K(36096K)->35376K(36096K) NonClass: 26168K(26688K)->26168K(26688K) Class: 9208K(9408K)->9208K(9408K)
[365.270s][info][gc             ] GC(990) Pause Young (Allocation Failure) 470M->185M(490M) 0.963ms
[365.270s][info][gc,cpu         ] GC(990) User=0.00s Sys=0.00s Real=0.00s
[365.423s][info][gc,start       ] GC(991) Pause Young (Allocation Failure)
[365.423s][info][gc,heap        ] GC(991) PSYoungGen: 292416K(311808K)->64K(311808K) Eden: 292352K(292352K)->0K(295936K) From: 64K(19456K)->64K(15872K)
[365.423s][info][gc,heap        ] GC(991) ParOldGen: 189879K(189952K)->189887K(189952K)
[365.423s][info][gc,metaspace   ] GC(991) Metaspace: 35376K(36096K)->35376K(36096K) NonClass: 26168K(26688K)->26168K(26688K) Class: 9208K(9408K)->9208K(9408K)
[365.423s][info][gc             ] GC(991) Pause Young (Allocation Failure) 470M->185M(490M) 0.882ms
[365.424s][info][gc,cpu         ] GC(991) User=0.00s Sys=0.00s Real=0.00s
[365.477s][info][gc,start       ] GC(992) Pause Young (Allocation Failure)
[365.478s][info][gc,heap        ] GC(992) PSYoungGen: 296000K(311808K)->64K(313344K) Eden: 295936K(295936K)->0K(295936K) From: 64K(15872K)->64K(17408K)
[365.478s][info][gc,heap        ] GC(992) ParOldGen: 189887K(189952K)->189903K(189952K)
[365.478s][info][gc,metaspace   ] GC(992) Metaspace: 35376K(36096K)->35376K(36096K) NonClass: 26168K(26688K)->26168K(26688K) Class: 9208K(9408K)->9208K(9408K)
[365.478s][info][gc             ] GC(992) Pause Young (Allocation Failure) 474M->185M(491M) 0.911ms
[365.478s][info][gc,cpu         ] GC(992) User=0.00s Sys=0.00s Real=0.00s
[365.630s][info][gc,start       ] GC(993) Pause Young (Allocation Failure)
[365.631s][info][gc,heap        ] GC(993) PSYoungGen: 296000K(313344K)->64K(313856K) Eden: 295936K(295936K)->0K(299520K) From: 64K(17408K)->64K(14336K)
[365.631s][info][gc,heap        ] GC(993) ParOldGen: 189903K(189952K)->189903K(189952K)
[365.631s][info][gc,metaspace   ] GC(993) Metaspace: 35376K(36096K)->35376K(36096K) NonClass: 26168K(26688K)->26168K(26688K) Class: 9208K(9408K)->9208K(9408K)
[365.631s][info][gc             ] GC(993) Pause Young (Allocation Failure) 474M->185M(492M) 0.825ms
[365.631s][info][gc,cpu         ] GC(993) User=0.00s Sys=0.00s Real=0.00s
[365.949s][info][gc,start       ] GC(994) Pause Young (Allocation Failure)
[365.950s][info][gc,heap        ] GC(994) PSYoungGen: 299584K(313856K)->64K(315392K) Eden: 299520K(299520K)->0K(299520K) From: 64K(14336K)->64K(15872K)
[365.950s][info][gc,heap        ] GC(994) ParOldGen: 189903K(189952K)->189919K(189952K)
[365.950s][info][gc,metaspace   ] GC(994) Metaspace: 35376K(36096K)->35376K(36096K) NonClass: 26168K(26688K)->26168K(26688K) Class: 9208K(9408K)->9208K(9408K)
[365.950s][info][gc             ] GC(994) Pause Young (Allocation Failure) 478M->185M(493M) 0.987ms
[365.950s][info][gc,cpu         ] GC(994) User=0.01s Sys=0.00s Real=0.00s
[366.115s][info][gc,start       ] GC(995) Pause Young (Allocation Failure)
[366.116s][info][gc,heap        ] GC(995) PSYoungGen: 299584K(315392K)->64K(288256K) Eden: 299520K(299520K)->0K(287744K) From: 64K(15872K)->64K(512K)
[366.116s][info][gc,heap        ] GC(995) ParOldGen: 189919K(189952K)->189927K(189952K)
[366.116s][info][gc,metaspace   ] GC(995) Metaspace: 35376K(36096K)->35376K(36096K) NonClass: 26168K(26688K)->26168K(26688K) Class: 9208K(9408K)->9208K(9408K)
[366.116s][info][gc             ] GC(995) Pause Young (Allocation Failure) 478M->185M(467M) 0.985ms
[366.116s][info][gc,cpu         ] GC(995) User=0.00s Sys=0.01s Real=0.00s
[366.196s][info][gc,start       ] GC(996) Pause Young (Allocation Failure)
[366.197s][info][gc,heap        ] GC(996) PSYoungGen: 287808K(288256K)->64K(290304K) Eden: 287744K(287744K)->0K(276480K) From: 64K(512K)->64K(13824K)
[366.197s][info][gc,heap        ] GC(996) ParOldGen: 189927K(189952K)->189943K(189952K)
[366.197s][info][gc,metaspace   ] GC(996) Metaspace: 35376K(36096K)->35376K(36096K) NonClass: 26168K(26688K)->26168K(26688K) Class: 9208K(9408K)->9208K(9408K)
[366.197s][info][gc             ] GC(996) Pause Young (Allocation Failure) 466M->185M(469M) 0.790ms
[366.197s][info][gc,cpu         ] GC(996) User=0.00s Sys=0.00s Real=0.00s
[366.368s][info][gc,start       ] GC(997) Pause Young (Allocation Failure)
[366.369s][info][gc,heap        ] GC(997) PSYoungGen: 276544K(290304K)->64K(266240K) Eden: 276480K(276480K)->0K(265728K) From: 64K(13824K)->64K(512K)
[366.369s][info][gc,heap        ] GC(997) ParOldGen: 189943K(189952K)->189943K(189952K)
[366.369s][info][gc,metaspace   ] GC(997) Metaspace: 35376K(36096K)->35376K(36096K) NonClass: 26168K(26688K)->26168K(26688K) Class: 9208K(9408K)->9208K(9408K)
[366.369s][info][gc             ] GC(997) Pause Young (Allocation Failure) 455M->185M(445M) 0.802ms
[366.369s][info][gc,cpu         ] GC(997) User=0.00s Sys=0.00s Real=0.01s
[367.269s][info][gc,start       ] GC(998) Pause Young (Allocation Failure)
[367.270s][info][gc,heap        ] GC(998) PSYoungGen: 265792K(266240K)->64K(267776K) Eden: 265728K(265728K)->0K(255488K) From: 64K(512K)->64K(12288K)
[367.270s][info][gc,heap        ] GC(998) ParOldGen: 189943K(189952K)->189951K(189952K)
[367.270s][info][gc,metaspace   ] GC(998) Metaspace: 35376K(36096K)->35376K(36096K) NonClass: 26168K(26688K)->26168K(26688K) Class: 9208K(9408K)->9208K(9408K)
[367.270s][info][gc             ] GC(998) Pause Young (Allocation Failure) 445M->185M(447M) 0.859ms
[367.270s][info][gc,cpu         ] GC(998) User=0.00s Sys=0.00s Real=0.00s
[368.061s][info][gc,start       ] GC(999) Pause Young (Allocation Failure)
[368.062s][info][gc,heap        ] GC(999) PSYoungGen: 255552K(267776K)->64K(246272K) Eden: 255488K(255488K)->0K(245760K) From: 64K(12288K)->64K(512K)
[368.062s][info][gc,heap        ] GC(999) ParOldGen: 189951K(189952K)->189967K(190464K)
[368.062s][info][gc,metaspace   ] GC(999) Metaspace: 35376K(36096K)->35376K(36096K) NonClass: 26168K(26688K)->26168K(26688K) Class: 9208K(9408K)->9208K(9408K)
[368.063s][info][gc             ] GC(999) Pause Young (Allocation Failure) 435M->185M(426M) 1.329ms
[368.063s][info][gc,cpu         ] GC(999) User=0.00s Sys=0.00s Real=0.00s
[368.237s][info][gc,start       ] GC(1000) Pause Young (Allocation Failure)
[368.238s][info][gc,heap        ] GC(1000) PSYoungGen: 245824K(246272K)->64K(247296K) Eden: 245760K(245760K)->0K(236544K) From: 64K(512K)->64K(10752K)
[368.238s][info][gc,heap        ] GC(1000) ParOldGen: 189967K(190464K)->189975K(190464K)
[368.238s][info][gc,metaspace   ] GC(1000) Metaspace: 35376K(36096K)->35376K(36096K) NonClass: 26168K(26688K)->26168K(26688K) Class: 9208K(9408K)->9208K(9408K)
[368.238s][info][gc             ] GC(1000) Pause Young (Allocation Failure) 425M->185M(427M) 0.815ms
[368.238s][info][gc,cpu         ] GC(1000) User=0.00s Sys=0.00s Real=0.00s
[368.644s][info][gc,start       ] GC(1001) Pause Young (Allocation Failure)
[368.645s][info][gc,heap        ] GC(1001) PSYoungGen: 236608K(247296K)->64K(228352K) Eden: 236544K(236544K)->0K(227840K) From: 64K(10752K)->64K(512K)
[368.645s][info][gc,heap        ] GC(1001) ParOldGen: 189975K(190464K)->189983K(190464K)
[368.645s][info][gc,metaspace   ] GC(1001) Metaspace: 35376K(36096K)->35376K(36096K) NonClass: 26168K(26688K)->26168K(26688K) Class: 9208K(9408K)->9208K(9408K)
[368.645s][info][gc             ] GC(1001) Pause Young (Allocation Failure) 416M->185M(409M) 1.373ms
[368.645s][info][gc,cpu         ] GC(1001) User=0.00s Sys=0.00s Real=0.00s
[369.574s][info][gc,start       ] GC(1002) Pause Young (Allocation Failure)
[369.575s][info][gc,heap        ] GC(1002) PSYoungGen: 227904K(228352K)->64K(228352K) Eden: 227840K(227840K)->0K(219136K) From: 64K(512K)->64K(9216K)
[369.575s][info][gc,heap        ] GC(1002) ParOldGen: 189983K(190464K)->189999K(190464K)
[369.575s][info][gc,metaspace   ] GC(1002) Metaspace: 35376K(36096K)->35376K(36096K) NonClass: 26168K(26688K)->26168K(26688K) Class: 9208K(9408K)->9208K(9408K)
[369.575s][info][gc             ] GC(1002) Pause Young (Allocation Failure) 408M->185M(409M) 1.459ms
[369.575s][info][gc,cpu         ] GC(1002) User=0.01s Sys=0.00s Real=0.00s
[369.930s][info][gc,start       ] GC(1003) Pause Young (Allocation Failure)
[369.932s][info][gc,heap        ] GC(1003) PSYoungGen: 219200K(228352K)->64K(211456K) Eden: 219136K(219136K)->0K(210944K) From: 64K(9216K)->64K(512K)
[369.932s][info][gc,heap        ] GC(1003) ParOldGen: 189999K(190464K)->190015K(190464K)
[369.932s][info][gc,metaspace   ] GC(1003) Metaspace: 35376K(36096K)->35376K(36096K) NonClass: 26168K(26688K)->26168K(26688K) Class: 9208K(9408K)->9208K(9408K)
[369.932s][info][gc             ] GC(1003) Pause Young (Allocation Failure) 399M->185M(392M) 1.893ms
[369.932s][info][gc,cpu         ] GC(1003) User=0.00s Sys=0.00s Real=0.00s
[370.104s][info][gc,start       ] GC(1004) Pause Young (Allocation Failure)
[370.106s][info][gc,heap        ] GC(1004) PSYoungGen: 211008K(211456K)->64K(211456K) Eden: 210944K(210944K)->0K(203264K) From: 64K(512K)->64K(8192K)
[370.106s][info][gc,heap        ] GC(1004) ParOldGen: 190015K(190464K)->190031K(190464K)
[370.106s][info][gc,metaspace   ] GC(1004) Metaspace: 35376K(36096K)->35376K(36096K) NonClass: 26168K(26688K)->26168K(26688K) Class: 9208K(9408K)->9208K(9408K)
[370.106s][info][gc             ] GC(1004) Pause Young (Allocation Failure) 391M->185M(392M) 1.412ms
[370.106s][info][gc,cpu         ] GC(1004) User=0.00s Sys=0.00s Real=0.00s
[370.154s][info][gc,start       ] GC(1005) Pause Young (Allocation Failure)
[370.155s][info][gc,heap        ] GC(1005) PSYoungGen: 203328K(211456K)->32K(196608K) Eden: 203264K(203264K)->0K(196096K) From: 64K(8192K)->32K(512K)
[370.155s][info][gc,heap        ] GC(1005) ParOldGen: 190031K(190464K)->190047K(190464K)
[370.155s][info][gc,metaspace   ] GC(1005) Metaspace: 35376K(36096K)->35376K(36096K) NonClass: 26168K(26688K)->26168K(26688K) Class: 9208K(9408K)->9208K(9408K)
[370.155s][info][gc             ] GC(1005) Pause Young (Allocation Failure) 384M->185M(378M) 1.675ms
[370.155s][info][gc,cpu         ] GC(1005) User=0.00s Sys=0.00s Real=0.00s
[370.510s][info][gc,start       ] GC(1006) Pause Young (Allocation Failure)
[370.512s][info][gc,heap        ] GC(1006) PSYoungGen: 196128K(196608K)->64K(196096K) Eden: 196096K(196096K)->0K(188928K) From: 32K(512K)->64K(7168K)
[370.512s][info][gc,heap        ] GC(1006) ParOldGen: 190047K(190464K)->190047K(190464K)
[370.512s][info][gc,metaspace   ] GC(1006) Metaspace: 35376K(36096K)->35376K(36096K) NonClass: 26168K(26688K)->26168K(26688K) Class: 9208K(9408K)->9208K(9408K)
[370.512s][info][gc             ] GC(1006) Pause Young (Allocation Failure) 377M->185M(377M) 1.712ms
[370.512s][info][gc,cpu         ] GC(1006) User=0.01s Sys=0.00s Real=0.00s
[370.836s][info][gc,start       ] GC(1007) Pause Young (Allocation Failure)
[370.838s][info][gc,heap        ] GC(1007) PSYoungGen: 188992K(196096K)->64K(182784K) Eden: 188928K(188928K)->0K(182272K) From: 64K(7168K)->64K(512K)
[370.838s][info][gc,heap        ] GC(1007) ParOldGen: 190047K(190464K)->190063K(190464K)
[370.838s][info][gc,metaspace   ] GC(1007) Metaspace: 35376K(36096K)->35376K(36096K) NonClass: 26168K(26688K)->26168K(26688K) Class: 9208K(9408K)->9208K(9408K)
[370.838s][info][gc             ] GC(1007) Pause Young (Allocation Failure) 370M->185M(364M) 2.336ms
[370.838s][info][gc,cpu         ] GC(1007) User=0.00s Sys=0.00s Real=0.00s
[371.054s][info][gc,start       ] GC(1008) Pause Young (Allocation Failure)
[371.056s][info][gc,heap        ] GC(1008) PSYoungGen: 182336K(182784K)->64K(182272K) Eden: 182272K(182272K)->0K(176128K) From: 64K(512K)->64K(6144K)
[371.056s][info][gc,heap        ] GC(1008) ParOldGen: 190063K(190464K)->190079K(190464K)
[371.056s][info][gc,metaspace   ] GC(1008) Metaspace: 35376K(36096K)->35376K(36096K) NonClass: 26168K(26688K)->26168K(26688K) Class: 9208K(9408K)->9208K(9408K)
[371.056s][info][gc             ] GC(1008) Pause Young (Allocation Failure) 363M->185M(364M) 1.601ms
[371.056s][info][gc,cpu         ] GC(1008) User=0.00s Sys=0.00s Real=0.00s
[371.326s][info][gc,start       ] GC(1009) Pause Young (Allocation Failure)
[371.375s][info][gc,heap        ] GC(1009) PSYoungGen: 176192K(182272K)->5632K(216576K) Eden: 176128K(176128K)->0K(210944K) From: 64K(6144K)->5632K(5632K)
[371.375s][info][gc,heap        ] GC(1009) ParOldGen: 190079K(190464K)->197991K(198144K)
[371.375s][info][gc,metaspace   ] GC(1009) Metaspace: 35376K(36096K)->35376K(36096K) NonClass: 26168K(26688K)->26168K(26688K) Class: 9208K(9408K)->9208K(9408K)
[371.375s][info][gc             ] GC(1009) Pause Young (Allocation Failure) 357M->198M(405M) 48.662ms
[371.375s][info][gc,cpu         ] GC(1009) User=0.07s Sys=0.03s Real=0.05s
[371.651s][info][gc,start       ] GC(1010) Pause Young (Allocation Failure)
[371.732s][info][gc,heap        ] GC(1010) PSYoungGen: 216576K(216576K)->10240K(253440K) Eden: 210944K(210944K)->0K(243200K) From: 5632K(5632K)->10240K(10240K)
[371.732s][info][gc,heap        ] GC(1010) ParOldGen: 197991K(198144K)->211999K(212480K)
[371.732s][info][gc,metaspace   ] GC(1010) Metaspace: 35376K(36096K)->35376K(36096K) NonClass: 26168K(26688K)->26168K(26688K) Class: 9208K(9408K)->9208K(9408K)
[371.732s][info][gc             ] GC(1010) Pause Young (Allocation Failure) 404M->217M(455M) 81.131ms
[371.733s][info][gc,cpu         ] GC(1010) User=0.15s Sys=0.01s Real=0.08s
[372.033s][info][gc,start       ] GC(1011) Pause Young (Allocation Failure)
[372.123s][info][gc,heap        ] GC(1011) PSYoungGen: 253440K(253440K)->17408K(263680K) Eden: 243200K(243200K)->0K(246272K) From: 10240K(10240K)->17408K(17408K)
[372.123s][info][gc,heap        ] GC(1011) ParOldGen: 211999K(212480K)->220023K(220160K)
[372.123s][info][gc,metaspace   ] GC(1011) Metaspace: 35376K(36096K)->35376K(36096K) NonClass: 26168K(26688K)->26168K(26688K) Class: 9208K(9408K)->9208K(9408K)
[372.123s][info][gc             ] GC(1011) Pause Young (Allocation Failure) 454M->231M(472M) 89.818ms
[372.123s][info][gc,cpu         ] GC(1011) User=0.17s Sys=0.02s Real=0.09s
[372.213s][info][gc,start       ] GC(1012) Pause Young (Allocation Failure)
[372.216s][info][gc,heap        ] GC(1012) PSYoungGen: 263680K(263680K)->64K(270336K) Eden: 246272K(246272K)->0K(246272K) From: 17408K(17408K)->64K(24064K)
[372.216s][info][gc,heap        ] GC(1012) ParOldGen: 220023K(220160K)->220239K(220672K)
[372.216s][info][gc,metaspace   ] GC(1012) Metaspace: 35376K(36096K)->35376K(36096K) NonClass: 26168K(26688K)->26168K(26688K) Class: 9208K(9408K)->9208K(9408K)
[372.216s][info][gc             ] GC(1012) Pause Young (Allocation Failure) 472M->215M(479M) 3.218ms
[372.216s][info][gc,cpu         ] GC(1012) User=0.01s Sys=0.00s Real=0.00s
[372.738s][info][gc,start       ] GC(1013) Pause Young (Allocation Failure)
[372.739s][info][gc,heap        ] GC(1013) PSYoungGen: 246336K(270336K)->64K(307200K) Eden: 246272K(246272K)->0K(286208K) From: 64K(24064K)->64K(20992K)
[372.739s][info][gc,heap        ] GC(1013) ParOldGen: 220239K(220672K)->220247K(220672K)
[372.739s][info][gc,metaspace   ] GC(1013) Metaspace: 35376K(36096K)->35376K(36096K) NonClass: 26168K(26688K)->26168K(26688K) Class: 9208K(9408K)->9208K(9408K)
[372.739s][info][gc             ] GC(1013) Pause Young (Allocation Failure) 455M->215M(515M) 1.033ms
[372.739s][info][gc,cpu         ] GC(1013) User=0.01s Sys=0.00s Real=0.01s
[373.205s][info][gc,start       ] GC(1014) Pause Young (Allocation Failure)
[373.206s][info][gc,heap        ] GC(1014) PSYoungGen: 286272K(307200K)->64K(308736K) Eden: 286208K(286208K)->0K(286208K) From: 64K(20992K)->64K(22528K)
[373.206s][info][gc,heap        ] GC(1014) ParOldGen: 220247K(220672K)->220255K(220672K)
[373.206s][info][gc,metaspace   ] GC(1014) Metaspace: 35376K(36096K)->35376K(36096K) NonClass: 26168K(26688K)->26168K(26688K) Class: 9208K(9408K)->9208K(9408K)
[373.206s][info][gc             ] GC(1014) Pause Young (Allocation Failure) 494M->215M(517M) 1.008ms
[373.206s][info][gc,cpu         ] GC(1014) User=0.00s Sys=0.00s Real=0.00s
[373.638s][info][gc,start       ] GC(1015) Pause Young (Allocation Failure)
[373.638s][info][gc,heap        ] GC(1015) PSYoungGen: 286272K(308736K)->64K(309760K) Eden: 286208K(286208K)->0K(289792K) From: 64K(22528K)->64K(19968K)
[373.638s][info][gc,heap        ] GC(1015) ParOldGen: 220255K(220672K)->220271K(220672K)
[373.638s][info][gc,metaspace   ] GC(1015) Metaspace: 35376K(36096K)->35376K(36096K) NonClass: 26168K(26688K)->26168K(26688K) Class: 9208K(9408K)->9208K(9408K)
[373.638s][info][gc             ] GC(1015) Pause Young (Allocation Failure) 494M->215M(518M) 0.901ms
[373.638s][info][gc,cpu         ] GC(1015) User=0.00s Sys=0.00s Real=0.00s
[373.878s][info][gc,start       ] GC(1016) Pause Young (Allocation Failure)
[373.879s][info][gc,heap        ] GC(1016) PSYoungGen: 289856K(309760K)->64K(310784K) Eden: 289792K(289792K)->0K(289792K) From: 64K(19968K)->64K(20992K)
[373.879s][info][gc,heap        ] GC(1016) ParOldGen: 220271K(220672K)->220287K(220672K)
[373.879s][info][gc,metaspace   ] GC(1016) Metaspace: 35376K(36096K)->35376K(36096K) NonClass: 26168K(26688K)->26168K(26688K) Class: 9208K(9408K)->9208K(9408K)
[373.879s][info][gc             ] GC(1016) Pause Young (Allocation Failure) 498M->215M(519M) 0.960ms
[373.879s][info][gc,cpu         ] GC(1016) User=0.00s Sys=0.00s Real=0.01s
[374.225s][info][gc,start       ] GC(1017) Pause Young (Allocation Failure)
[374.226s][info][gc,heap        ] GC(1017) PSYoungGen: 289856K(310784K)->64K(310784K) Eden: 289792K(289792K)->0K(292864K) From: 64K(20992K)->64K(17920K)
[374.226s][info][gc,heap        ] GC(1017) ParOldGen: 220287K(220672K)->220287K(220672K)
[374.226s][info][gc,metaspace   ] GC(1017) Metaspace: 35376K(36096K)->35376K(36096K) NonClass: 26168K(26688K)->26168K(26688K) Class: 9208K(9408K)->9208K(9408K)
[374.226s][info][gc             ] GC(1017) Pause Young (Allocation Failure) 498M->215M(519M) 0.881ms
[374.226s][info][gc,cpu         ] GC(1017) User=0.00s Sys=0.00s Real=0.00s
[374.354s][info][gc,start       ] GC(1018) Pause Young (Allocation Failure)
[374.355s][info][gc,heap        ] GC(1018) PSYoungGen: 292928K(310784K)->64K(311808K) Eden: 292864K(292864K)->0K(292864K) From: 64K(17920K)->64K(18944K)
[374.355s][info][gc,heap        ] GC(1018) ParOldGen: 220287K(220672K)->220295K(220672K)
[374.355s][info][gc,metaspace   ] GC(1018) Metaspace: 35376K(36096K)->35376K(36096K) NonClass: 26168K(26688K)->26168K(26688K) Class: 9208K(9408K)->9208K(9408K)
[374.355s][info][gc             ] GC(1018) Pause Young (Allocation Failure) 501M->215M(520M) 0.928ms
[374.355s][info][gc,cpu         ] GC(1018) User=0.00s Sys=0.00s Real=0.00s
[374.406s][info][gc,start       ] GC(1019) Pause Young (Allocation Failure)
[374.407s][info][gc,heap        ] GC(1019) PSYoungGen: 292928K(311808K)->64K(312832K) Eden: 292864K(292864K)->0K(296960K) From: 64K(18944K)->64K(15872K)
[374.407s][info][gc,heap        ] GC(1019) ParOldGen: 220295K(220672K)->220311K(220672K)
[374.407s][info][gc,metaspace   ] GC(1019) Metaspace: 35376K(36096K)->35376K(36096K) NonClass: 26168K(26688K)->26168K(26688K) Class: 9208K(9408K)->9208K(9408K)
[374.407s][info][gc             ] GC(1019) Pause Young (Allocation Failure) 501M->215M(521M) 0.866ms
[374.407s][info][gc,cpu         ] GC(1019) User=0.00s Sys=0.00s Real=0.00s
[374.587s][info][gc,start       ] GC(1020) Pause Young (Allocation Failure)
[374.588s][info][gc,heap        ] GC(1020) PSYoungGen: 297024K(312832K)->64K(313856K) Eden: 296960K(296960K)->0K(296960K) From: 64K(15872K)->64K(16896K)
[374.588s][info][gc,heap        ] GC(1020) ParOldGen: 220311K(220672K)->220311K(220672K)
[374.588s][info][gc,metaspace   ] GC(1020) Metaspace: 35376K(36096K)->35376K(36096K) NonClass: 26168K(26688K)->26168K(26688K) Class: 9208K(9408K)->9208K(9408K)
[374.588s][info][gc             ] GC(1020) Pause Young (Allocation Failure) 505M->215M(522M) 0.939ms
[374.588s][info][gc,cpu         ] GC(1020) User=0.00s Sys=0.00s Real=0.00s
[374.887s][info][gc,start       ] GC(1021) Pause Young (Allocation Failure)
[374.888s][info][gc,heap        ] GC(1021) PSYoungGen: 297024K(313856K)->64K(314880K) Eden: 296960K(296960K)->0K(301056K) From: 64K(16896K)->64K(13824K)
[374.888s][info][gc,heap        ] GC(1021) ParOldGen: 220311K(220672K)->220319K(220672K)
[374.888s][info][gc,metaspace   ] GC(1021) Metaspace: 35376K(36096K)->35376K(36096K) NonClass: 26168K(26688K)->26168K(26688K) Class: 9208K(9408K)->9208K(9408K)
[374.888s][info][gc             ] GC(1021) Pause Young (Allocation Failure) 505M->215M(523M) 0.932ms
[374.888s][info][gc,cpu         ] GC(1021) User=0.01s Sys=0.00s Real=0.00s
[375.043s][info][gc,start       ] GC(1022) Pause Young (Allocation Failure)
[375.044s][info][gc,heap        ] GC(1022) PSYoungGen: 301120K(314880K)->64K(315904K) Eden: 301056K(301056K)->0K(301056K) From: 64K(13824K)->64K(14848K)
[375.044s][info][gc,heap        ] GC(1022) ParOldGen: 220319K(220672K)->220327K(220672K)
[375.044s][info][gc,metaspace   ] GC(1022) Metaspace: 35376K(36096K)->35376K(36096K) NonClass: 26168K(26688K)->26168K(26688K) Class: 9208K(9408K)->9208K(9408K)
[375.044s][info][gc             ] GC(1022) Pause Young (Allocation Failure) 509M->215M(524M) 1.030ms
[375.044s][info][gc,cpu         ] GC(1022) User=0.00s Sys=0.00s Real=0.00s
[375.140s][info][gc,start       ] GC(1023) Pause Young (Allocation Failure)
[375.141s][info][gc,heap        ] GC(1023) PSYoungGen: 301120K(315904K)->64K(316416K) Eden: 301056K(301056K)->0K(304640K) From: 64K(14848K)->64K(11776K)
[375.141s][info][gc,heap        ] GC(1023) ParOldGen: 220327K(220672K)->220335K(220672K)
[375.141s][info][gc,metaspace   ] GC(1023) Metaspace: 35376K(36096K)->35376K(36096K) NonClass: 26168K(26688K)->26168K(26688K) Class: 9208K(9408K)->9208K(9408K)
[375.141s][info][gc             ] GC(1023) Pause Young (Allocation Failure) 509M->215M(524M) 0.981ms
[375.141s][info][gc,cpu         ] GC(1023) User=0.00s Sys=0.00s Real=0.00s
[375.334s][info][gc,start       ] GC(1024) Pause Young (Allocation Failure)
[375.334s][info][gc,heap        ] GC(1024) PSYoungGen: 304704K(316416K)->64K(292864K) Eden: 304640K(304640K)->0K(292352K) From: 64K(11776K)->64K(512K)
[375.335s][info][gc,heap        ] GC(1024) ParOldGen: 220335K(220672K)->220343K(220672K)
[375.335s][info][gc,metaspace   ] GC(1024) Metaspace: 35376K(36096K)->35376K(36096K) NonClass: 26168K(26688K)->26168K(26688K) Class: 9208K(9408K)->9208K(9408K)
[375.335s][info][gc             ] GC(1024) Pause Young (Allocation Failure) 512M->215M(501M) 0.999ms
[375.335s][info][gc,cpu         ] GC(1024) User=0.00s Sys=0.00s Real=0.00s
[376.205s][info][gc,start       ] GC(1025) Pause Young (Allocation Failure)
[376.206s][info][gc,heap        ] GC(1025) PSYoungGen: 292416K(292864K)->64K(281088K) Eden: 292352K(292352K)->0K(280576K) From: 64K(512K)->64K(512K)
[376.206s][info][gc,heap        ] GC(1025) ParOldGen: 220343K(220672K)->220351K(220672K)
[376.206s][info][gc,metaspace   ] GC(1025) Metaspace: 35376K(36096K)->35376K(36096K) NonClass: 26168K(26688K)->26168K(26688K) Class: 9208K(9408K)->9208K(9408K)
[376.206s][info][gc             ] GC(1025) Pause Young (Allocation Failure) 500M->215M(490M) 1.024ms
[376.206s][info][gc,cpu         ] GC(1025) User=0.00s Sys=0.00s Real=0.00s
[377.048s][info][gc,start       ] GC(1026) Pause Young (Allocation Failure)
[377.049s][info][gc,heap        ] GC(1026) PSYoungGen: 280640K(281088K)->64K(281088K) Eden: 280576K(280576K)->0K(269312K) From: 64K(512K)->64K(11776K)
[377.049s][info][gc,heap        ] GC(1026) ParOldGen: 220351K(220672K)->220359K(220672K)
[377.049s][info][gc,metaspace   ] GC(1026) Metaspace: 35376K(36096K)->35376K(36096K) NonClass: 26168K(26688K)->26168K(26688K) Class: 9208K(9408K)->9208K(9408K)
[377.049s][info][gc             ] GC(1026) Pause Young (Allocation Failure) 489M->215M(490M) 0.869ms
[377.049s][info][gc,cpu         ] GC(1026) User=0.01s Sys=0.00s Real=0.01s
[377.430s][info][gc,start       ] GC(1027) Pause Young (Allocation Failure)
[377.432s][info][gc,heap        ] GC(1027) PSYoungGen: 269376K(281088K)->64K(259584K) Eden: 269312K(269312K)->0K(259072K) From: 64K(11776K)->64K(512K)
[377.432s][info][gc,heap        ] GC(1027) ParOldGen: 220359K(220672K)->220367K(220672K)
[377.432s][info][gc,metaspace   ] GC(1027) Metaspace: 35376K(36096K)->35376K(36096K) NonClass: 26168K(26688K)->26168K(26688K) Class: 9208K(9408K)->9208K(9408K)
[377.432s][info][gc             ] GC(1027) Pause Young (Allocation Failure) 478M->215M(469M) 1.433ms
[377.432s][info][gc,cpu         ] GC(1027) User=0.00s Sys=0.00s Real=0.00s
[378.460s][info][gc,start       ] GC(1028) Pause Young (Allocation Failure)
[378.461s][info][gc,heap        ] GC(1028) PSYoungGen: 259136K(259584K)->64K(259072K) Eden: 259072K(259072K)->0K(248832K) From: 64K(512K)->64K(10240K)
[378.461s][info][gc,heap        ] GC(1028) ParOldGen: 220367K(220672K)->220375K(220672K)
[378.461s][info][gc,metaspace   ] GC(1028) Metaspace: 35376K(36096K)->35376K(36096K) NonClass: 26168K(26688K)->26168K(26688K) Class: 9208K(9408K)->9208K(9408K)
[378.461s][info][gc             ] GC(1028) Pause Young (Allocation Failure) 468M->215M(468M) 1.178ms
[378.461s][info][gc,cpu         ] GC(1028) User=0.00s Sys=0.00s Real=0.00s
[378.838s][info][gc,start       ] GC(1029) Pause Young (Allocation Failure)
[378.840s][info][gc,heap        ] GC(1029) PSYoungGen: 248896K(259072K)->64K(239616K) Eden: 248832K(248832K)->0K(239104K) From: 64K(10240K)->64K(512K)
[378.840s][info][gc,heap        ] GC(1029) ParOldGen: 220375K(220672K)->220383K(220672K)
[378.840s][info][gc,metaspace   ] GC(1029) Metaspace: 35376K(36096K)->35376K(36096K) NonClass: 26168K(26688K)->26168K(26688K) Class: 9208K(9408K)->9208K(9408K)
[378.840s][info][gc             ] GC(1029) Pause Young (Allocation Failure) 458M->215M(449M) 1.585ms
[378.840s][info][gc,cpu         ] GC(1029) User=0.00s Sys=0.00s Real=0.01s
[379.030s][info][gc,start       ] GC(1030) Pause Young (Allocation Failure)
[379.031s][info][gc,heap        ] GC(1030) PSYoungGen: 239168K(239616K)->64K(238592K) Eden: 239104K(239104K)->0K(229888K) From: 64K(512K)->64K(8704K)
[379.031s][info][gc,heap        ] GC(1030) ParOldGen: 220383K(220672K)->220391K(220672K)
[379.031s][info][gc,metaspace   ] GC(1030) Metaspace: 35376K(36096K)->35376K(36096K) NonClass: 26168K(26688K)->26168K(26688K) Class: 9208K(9408K)->9208K(9408K)
[379.031s][info][gc             ] GC(1030) Pause Young (Allocation Failure) 448M->215M(448M) 0.992ms
[379.031s][info][gc,cpu         ] GC(1030) User=0.00s Sys=0.00s Real=0.00s
[379.096s][info][gc,start       ] GC(1031) Pause Young (Allocation Failure)
[379.098s][info][gc,heap        ] GC(1031) PSYoungGen: 229952K(238592K)->64K(221696K) Eden: 229888K(229888K)->0K(221184K) From: 64K(8704K)->64K(512K)
[379.098s][info][gc,heap        ] GC(1031) ParOldGen: 220391K(220672K)->220399K(220672K)
[379.098s][info][gc,metaspace   ] GC(1031) Metaspace: 35376K(36096K)->35376K(36096K) NonClass: 26168K(26688K)->26168K(26688K) Class: 9208K(9408K)->9208K(9408K)
[379.098s][info][gc             ] GC(1031) Pause Young (Allocation Failure) 439M->215M(432M) 1.409ms
[379.098s][info][gc,cpu         ] GC(1031) User=0.00s Sys=0.00s Real=0.00s
[379.558s][info][gc,start       ] GC(1032) Pause Young (Allocation Failure)
[379.559s][info][gc,heap        ] GC(1032) PSYoungGen: 221248K(221696K)->32K(220672K) Eden: 221184K(221184K)->0K(212992K) From: 64K(512K)->32K(7680K)
[379.559s][info][gc,heap        ] GC(1032) ParOldGen: 220399K(220672K)->220407K(220672K)
[379.559s][info][gc,metaspace   ] GC(1032) Metaspace: 35376K(36096K)->35376K(36096K) NonClass: 26168K(26688K)->26168K(26688K) Class: 9208K(9408K)->9208K(9408K)
[379.559s][info][gc             ] GC(1032) Pause Young (Allocation Failure) 431M->215M(431M) 1.414ms
[379.559s][info][gc,cpu         ] GC(1032) User=0.00s Sys=0.00s Real=0.01s
[379.792s][info][gc,start       ] GC(1033) Pause Young (Allocation Failure)
[379.794s][info][gc,heap        ] GC(1033) PSYoungGen: 213024K(220672K)->64K(205824K) Eden: 212992K(212992K)->0K(205312K) From: 32K(7680K)->64K(512K)
[379.794s][info][gc,heap        ] GC(1033) ParOldGen: 220407K(220672K)->220423K(220672K)
[379.794s][info][gc,metaspace   ] GC(1033) Metaspace: 35376K(36096K)->35376K(36096K) NonClass: 26168K(26688K)->26168K(26688K) Class: 9208K(9408K)->9208K(9408K)
[379.794s][info][gc             ] GC(1033) Pause Young (Allocation Failure) 423M->215M(416M) 2.376ms
[379.794s][info][gc,cpu         ] GC(1033) User=0.01s Sys=0.01s Real=0.00s
[380.137s][info][gc,start       ] GC(1034) Pause Young (Allocation Failure)
[380.152s][info][gc,heap        ] GC(1034) PSYoungGen: 205376K(205824K)->4544K(248320K) Eden: 205312K(205312K)->0K(243712K) From: 64K(512K)->4544K(4608K)
[380.152s][info][gc,heap        ] GC(1034) ParOldGen: 220423K(220672K)->220431K(220672K)
[380.152s][info][gc,metaspace   ] GC(1034) Metaspace: 35376K(36096K)->35376K(36096K) NonClass: 26168K(26688K)->26168K(26688K) Class: 9208K(9408K)->9208K(9408K)
[380.152s][info][gc             ] GC(1034) Pause Young (Allocation Failure) 415M->219M(458M) 15.069ms
[380.152s][info][gc,cpu         ] GC(1034) User=0.02s Sys=0.00s Real=0.02s
[380.475s][info][gc,start       ] GC(1035) Pause Young (Allocation Failure)
[380.556s][info][gc,heap        ] GC(1035) PSYoungGen: 248256K(248320K)->7680K(257536K) Eden: 243712K(243712K)->0K(249856K) From: 4544K(4608K)->7680K(7680K)
[380.556s][info][gc,heap        ] GC(1035) ParOldGen: 220431K(220672K)->240535K(240640K)
[380.556s][info][gc,metaspace   ] GC(1035) Metaspace: 35376K(36096K)->35376K(36096K) NonClass: 26168K(26688K)->26168K(26688K) Class: 9208K(9408K)->9208K(9408K)
[380.556s][info][gc             ] GC(1035) Pause Young (Allocation Failure) 457M->242M(486M) 81.165ms
[380.556s][info][gc,cpu         ] GC(1035) User=0.14s Sys=0.02s Real=0.08s
[380.900s][info][gc,start       ] GC(1036) Pause Young (Allocation Failure)
[380.996s][info][gc,heap        ] GC(1036) PSYoungGen: 257536K(257536K)->16896K(266752K) Eden: 249856K(249856K)->0K(249856K) From: 7680K(7680K)->16896K(16896K)
[380.996s][info][gc,heap        ] GC(1036) ParOldGen: 240535K(240640K)->252639K(252928K)
[380.996s][info][gc,metaspace   ] GC(1036) Metaspace: 35376K(36096K)->35376K(36096K) NonClass: 26168K(26688K)->26168K(26688K) Class: 9208K(9408K)->9208K(9408K)
[380.996s][info][gc             ] GC(1036) Pause Young (Allocation Failure) 486M->263M(507M) 96.469ms
[380.996s][info][gc,cpu         ] GC(1036) User=0.18s Sys=0.01s Real=0.09s
[381.092s][info][gc,start       ] GC(1037) Pause Young (Allocation Failure)
[381.101s][info][gc,heap        ] GC(1037) PSYoungGen: 266752K(266752K)->1920K(310272K) Eden: 249856K(249856K)->0K(285184K) From: 16896K(16896K)->1920K(25088K)
[381.101s][info][gc,heap        ] GC(1037) ParOldGen: 252639K(252928K)->252959K(253440K)
[381.101s][info][gc,metaspace   ] GC(1037) Metaspace: 35376K(36096K)->35376K(36096K) NonClass: 26168K(26688K)->26168K(26688K) Class: 9208K(9408K)->9208K(9408K)
[381.101s][info][gc             ] GC(1037) Pause Young (Allocation Failure) 507M->248M(550M) 8.630ms
[381.101s][info][gc,cpu         ] GC(1037) User=0.02s Sys=0.00s Real=0.01s
[381.661s][info][gc,start       ] GC(1038) Pause Young (Allocation Failure)
[381.662s][info][gc,heap        ] GC(1038) PSYoungGen: 287104K(310272K)->64K(285696K) Eden: 285184K(285184K)->0K(285184K) From: 1920K(25088K)->64K(512K)
[381.662s][info][gc,heap        ] GC(1038) ParOldGen: 252959K(253440K)->252967K(253440K)
[381.662s][info][gc,metaspace   ] GC(1038) Metaspace: 35376K(36096K)->35376K(36096K) NonClass: 26168K(26688K)->26168K(26688K) Class: 9208K(9408K)->9208K(9408K)
[381.662s][info][gc             ] GC(1038) Pause Young (Allocation Failure) 527M->247M(526M) 1.143ms
[381.662s][info][gc,cpu         ] GC(1038) User=0.00s Sys=0.00s Real=0.00s
[382.115s][info][gc,start       ] GC(1039) Pause Young (Allocation Failure)
[382.116s][info][gc,heap        ] GC(1039) PSYoungGen: 285248K(285696K)->64K(309248K) Eden: 285184K(285184K)->0K(286208K) From: 64K(512K)->64K(23040K)
[382.116s][info][gc,heap        ] GC(1039) ParOldGen: 252967K(253440K)->252975K(253440K)
[382.116s][info][gc,metaspace   ] GC(1039) Metaspace: 35376K(36096K)->35376K(36096K) NonClass: 26168K(26688K)->26168K(26688K) Class: 9208K(9408K)->9208K(9408K)
[382.116s][info][gc             ] GC(1039) Pause Young (Allocation Failure) 525M->247M(549M) 1.021ms
[382.116s][info][gc,cpu         ] GC(1039) User=0.00s Sys=0.00s Real=0.00s
[382.548s][info][gc,start       ] GC(1040) Pause Young (Allocation Failure)
[382.549s][info][gc,heap        ] GC(1040) PSYoungGen: 286272K(309248K)->64K(308224K) Eden: 286208K(286208K)->0K(286208K) From: 64K(23040K)->64K(22016K)
[382.549s][info][gc,heap        ] GC(1040) ParOldGen: 252975K(253440K)->252991K(253440K)
[382.549s][info][gc,metaspace   ] GC(1040) Metaspace: 35376K(36096K)->35376K(36096K) NonClass: 26168K(26688K)->26168K(26688K) Class: 9208K(9408K)->9208K(9408K)
[382.549s][info][gc             ] GC(1040) Pause Young (Allocation Failure) 526M->247M(548M) 1.034ms
[382.549s][info][gc,cpu         ] GC(1040) User=0.00s Sys=0.00s Real=0.01s
[382.784s][info][gc,start       ] GC(1041) Pause Young (Allocation Failure)
[382.785s][info][gc,heap        ] GC(1041) PSYoungGen: 286272K(308224K)->64K(310272K) Eden: 286208K(286208K)->0K(289280K) From: 64K(22016K)->64K(20992K)
[382.785s][info][gc,heap        ] GC(1041) ParOldGen: 252991K(253440K)->253007K(253440K)
[382.785s][info][gc,metaspace   ] GC(1041) Metaspace: 35376K(36096K)->35376K(36096K) NonClass: 26168K(26688K)->26168K(26688K) Class: 9208K(9408K)->9208K(9408K)
[382.785s][info][gc             ] GC(1041) Pause Young (Allocation Failure) 526M->247M(550M) 1.002ms
[382.785s][info][gc,cpu         ] GC(1041) User=0.00s Sys=0.00s Real=0.00s
[383.133s][info][gc,start       ] GC(1042) Pause Young (Allocation Failure)
[383.134s][info][gc,heap        ] GC(1042) PSYoungGen: 289344K(310272K)->64K(309760K) Eden: 289280K(289280K)->0K(289280K) From: 64K(20992K)->64K(20480K)
[383.134s][info][gc,heap        ] GC(1042) ParOldGen: 253007K(253440K)->253007K(253440K)
[383.134s][info][gc,metaspace   ] GC(1042) Metaspace: 35376K(36096K)->35376K(36096K) NonClass: 26168K(26688K)->26168K(26688K) Class: 9208K(9408K)->9208K(9408K)
[383.135s][info][gc             ] GC(1042) Pause Young (Allocation Failure) 529M->247M(550M) 1.196ms
[383.135s][info][gc,cpu         ] GC(1042) User=0.00s Sys=0.00s Real=0.00s
[383.262s][info][gc,start       ] GC(1043) Pause Young (Allocation Failure)
[383.263s][info][gc,heap        ] GC(1043) PSYoungGen: 289344K(309760K)->64K(312320K) Eden: 289280K(289280K)->0K(293376K) From: 64K(20480K)->64K(18944K)
[383.263s][info][gc,heap        ] GC(1043) ParOldGen: 253007K(253440K)->253015K(253440K)
[383.263s][info][gc,metaspace   ] GC(1043) Metaspace: 35376K(36096K)->35376K(36096K) NonClass: 26168K(26688K)->26168K(26688K) Class: 9208K(9408K)->9208K(9408K)
[383.263s][info][gc             ] GC(1043) Pause Young (Allocation Failure) 529M->247M(552M) 0.912ms
[383.263s][info][gc,cpu         ] GC(1043) User=0.00s Sys=0.00s Real=0.00s
[383.316s][info][gc,start       ] GC(1044) Pause Young (Allocation Failure)
[383.317s][info][gc,heap        ] GC(1044) PSYoungGen: 293440K(312320K)->64K(311808K) Eden: 293376K(293376K)->0K(293376K) From: 64K(18944K)->64K(18432K)
[383.317s][info][gc,heap        ] GC(1044) ParOldGen: 253015K(253440K)->253031K(253440K)
[383.317s][info][gc,metaspace   ] GC(1044) Metaspace: 35376K(36096K)->35376K(36096K) NonClass: 26168K(26688K)->26168K(26688K) Class: 9208K(9408K)->9208K(9408K)
[383.317s][info][gc             ] GC(1044) Pause Young (Allocation Failure) 533M->247M(552M) 0.997ms
[383.317s][info][gc,cpu         ] GC(1044) User=0.00s Sys=0.00s Real=0.00s
[383.487s][info][gc,start       ] GC(1045) Pause Young (Allocation Failure)
[383.488s][info][gc,heap        ] GC(1045) PSYoungGen: 293440K(311808K)->64K(314368K) Eden: 293376K(293376K)->0K(297472K) From: 64K(18432K)->64K(16896K)
[383.488s][info][gc,heap        ] GC(1045) ParOldGen: 253031K(253440K)->253031K(253440K)
[383.488s][info][gc,metaspace   ] GC(1045) Metaspace: 35376K(36096K)->35376K(36096K) NonClass: 26168K(26688K)->26168K(26688K) Class: 9208K(9408K)->9208K(9408K)
[383.488s][info][gc             ] GC(1045) Pause Young (Allocation Failure) 533M->247M(554M) 0.942ms
[383.488s][info][gc,cpu         ] GC(1045) User=0.00s Sys=0.00s Real=0.00s
[383.795s][info][gc,start       ] GC(1046) Pause Young (Allocation Failure)
[383.796s][info][gc,heap        ] GC(1046) PSYoungGen: 297536K(314368K)->64K(313856K) Eden: 297472K(297472K)->0K(297472K) From: 64K(16896K)->64K(16384K)
[383.796s][info][gc,heap        ] GC(1046) ParOldGen: 253031K(253440K)->253039K(253440K)
[383.796s][info][gc,metaspace   ] GC(1046) Metaspace: 35376K(36096K)->35376K(36096K) NonClass: 26168K(26688K)->26168K(26688K) Class: 9208K(9408K)->9208K(9408K)
[383.796s][info][gc             ] GC(1046) Pause Young (Allocation Failure) 537M->247M(554M) 1.075ms
[383.796s][info][gc,cpu         ] GC(1046) User=0.00s Sys=0.00s Real=0.00s
[383.950s][info][gc,start       ] GC(1047) Pause Young (Allocation Failure)
[383.951s][info][gc,heap        ] GC(1047) PSYoungGen: 297536K(313856K)->64K(316416K) Eden: 297472K(297472K)->0K(301568K) From: 64K(16384K)->64K(14848K)
[383.951s][info][gc,heap        ] GC(1047) ParOldGen: 253039K(253440K)->253047K(253440K)
[383.951s][info][gc,metaspace   ] GC(1047) Metaspace: 35376K(36096K)->35376K(36096K) NonClass: 26168K(26688K)->26168K(26688K) Class: 9208K(9408K)->9208K(9408K)
[383.951s][info][gc             ] GC(1047) Pause Young (Allocation Failure) 537M->247M(556M) 1.088ms
[383.951s][info][gc,cpu         ] GC(1047) User=0.00s Sys=0.00s Real=0.00s
[384.046s][info][gc,start       ] GC(1048) Pause Young (Allocation Failure)
[384.047s][info][gc,heap        ] GC(1048) PSYoungGen: 301632K(316416K)->64K(315904K) Eden: 301568K(301568K)->0K(301568K) From: 64K(14848K)->64K(14336K)
[384.047s][info][gc,heap        ] GC(1048) ParOldGen: 253047K(253440K)->253055K(253440K)
[384.047s][info][gc,metaspace   ] GC(1048) Metaspace: 35376K(36096K)->35376K(36096K) NonClass: 26168K(26688K)->26168K(26688K) Class: 9208K(9408K)->9208K(9408K)
[384.047s][info][gc             ] GC(1048) Pause Young (Allocation Failure) 541M->247M(556M) 1.118ms
[384.047s][info][gc,cpu         ] GC(1048) User=0.01s Sys=0.00s Real=0.00s
[384.236s][info][gc,start       ] GC(1049) Pause Young (Allocation Failure)
[384.237s][info][gc,heap        ] GC(1049) PSYoungGen: 301632K(315904K)->64K(318464K) Eden: 301568K(301568K)->0K(305664K) From: 64K(14336K)->64K(12800K)
[384.237s][info][gc,heap        ] GC(1049) ParOldGen: 253055K(253440K)->253063K(253440K)
[384.237s][info][gc,metaspace   ] GC(1049) Metaspace: 35376K(36096K)->35376K(36096K) NonClass: 26168K(26688K)->26168K(26688K) Class: 9208K(9408K)->9208K(9408K)
[384.237s][info][gc             ] GC(1049) Pause Young (Allocation Failure) 541M->247M(558M) 0.995ms
[384.237s][info][gc,cpu         ] GC(1049) User=0.01s Sys=0.00s Real=0.00s
[385.120s][info][gc,start       ] GC(1050) Pause Young (Allocation Failure)
[385.121s][info][gc,heap        ] GC(1050) PSYoungGen: 305728K(318464K)->64K(293888K) Eden: 305664K(305664K)->0K(293376K) From: 64K(12800K)->64K(512K)
[385.122s][info][gc,heap        ] GC(1050) ParOldGen: 253063K(253440K)->253071K(253440K)
[385.122s][info][gc,metaspace   ] GC(1050) Metaspace: 35376K(36096K)->35376K(36096K) NonClass: 26168K(26688K)->26168K(26688K) Class: 9208K(9408K)->9208K(9408K)
[385.122s][info][gc             ] GC(1050) Pause Young (Allocation Failure) 545M->247M(534M) 1.195ms
[385.122s][info][gc,cpu         ] GC(1050) User=0.00s Sys=0.00s Real=0.00s
[385.991s][info][gc,start       ] GC(1051) Pause Young (Allocation Failure)
[385.993s][info][gc,heap        ] GC(1051) PSYoungGen: 293440K(293888K)->64K(282112K) Eden: 293376K(293376K)->0K(281600K) From: 64K(512K)->64K(512K)
[385.993s][info][gc,heap        ] GC(1051) ParOldGen: 253071K(253440K)->253079K(253440K)
[385.993s][info][gc,metaspace   ] GC(1051) Metaspace: 35376K(36096K)->35376K(36096K) NonClass: 26168K(26688K)->26168K(26688K) Class: 9208K(9408K)->9208K(9408K)
[385.993s][info][gc             ] GC(1051) Pause Young (Allocation Failure) 533M->247M(523M) 1.362ms
[385.993s][info][gc,cpu         ] GC(1051) User=0.00s Sys=0.00s Real=0.00s
[386.407s][info][gc,start       ] GC(1052) Pause Young (Allocation Failure)
[386.407s][info][gc,heap        ] GC(1052) PSYoungGen: 281664K(282112K)->64K(281600K) Eden: 281600K(281600K)->0K(270336K) From: 64K(512K)->64K(11264K)
[386.408s][info][gc,heap        ] GC(1052) ParOldGen: 253079K(253440K)->253087K(253440K)
[386.408s][info][gc,metaspace   ] GC(1052) Metaspace: 35376K(36096K)->35376K(36096K) NonClass: 26168K(26688K)->26168K(26688K) Class: 9208K(9408K)->9208K(9408K)
[386.408s][info][gc             ] GC(1052) Pause Young (Allocation Failure) 522M->247M(522M) 1.003ms
[386.408s][info][gc,cpu         ] GC(1052) User=0.00s Sys=0.00s Real=0.00s
[387.416s][info][gc,start       ] GC(1053) Pause Young (Allocation Failure)
[387.417s][info][gc,heap        ] GC(1053) PSYoungGen: 270400K(281600K)->64K(260096K) Eden: 270336K(270336K)->0K(259584K) From: 64K(11264K)->64K(512K)
[387.417s][info][gc,heap        ] GC(1053) ParOldGen: 253087K(253440K)->253095K(253440K)
[387.417s][info][gc,metaspace   ] GC(1053) Metaspace: 35376K(36096K)->35376K(36096K) NonClass: 26168K(26688K)->26168K(26688K) Class: 9208K(9408K)->9208K(9408K)
[387.418s][info][gc             ] GC(1053) Pause Young (Allocation Failure) 511M->247M(501M) 1.542ms
[387.418s][info][gc,cpu         ] GC(1053) User=0.00s Sys=0.00s Real=0.00s
[387.801s][info][gc,start       ] GC(1054) Pause Young (Allocation Failure)
[387.802s][info][gc,heap        ] GC(1054) PSYoungGen: 259648K(260096K)->32K(259072K) Eden: 259584K(259584K)->0K(249344K) From: 64K(512K)->32K(9728K)
[387.802s][info][gc,heap        ] GC(1054) ParOldGen: 253095K(253440K)->253103K(253440K)
[387.802s][info][gc,metaspace   ] GC(1054) Metaspace: 35376K(36096K)->35376K(36096K) NonClass: 26168K(26688K)->26168K(26688K) Class: 9208K(9408K)->9208K(9408K)
[387.802s][info][gc             ] GC(1054) Pause Young (Allocation Failure) 500M->247M(500M) 1.424ms
[387.802s][info][gc,cpu         ] GC(1054) User=0.00s Sys=0.00s Real=0.00s
[387.974s][info][gc,start       ] GC(1055) Pause Young (Allocation Failure)
[387.976s][info][gc,heap        ] GC(1055) PSYoungGen: 249376K(259072K)->32K(240128K) Eden: 249344K(249344K)->0K(239616K) From: 32K(9728K)->32K(512K)
[387.976s][info][gc,heap        ] GC(1055) ParOldGen: 253103K(253440K)->253111K(253440K)
[387.976s][info][gc,metaspace   ] GC(1055) Metaspace: 35376K(36096K)->35376K(36096K) NonClass: 26168K(26688K)->26168K(26688K) Class: 9208K(9408K)->9208K(9408K)
[387.976s][info][gc             ] GC(1055) Pause Young (Allocation Failure) 490M->247M(482M) 2.038ms
[387.976s][info][gc,cpu         ] GC(1055) User=0.01s Sys=0.00s Real=0.00s
[388.074s][info][gc,start       ] GC(1056) Pause Young (Allocation Failure)
[388.075s][info][gc,heap        ] GC(1056) PSYoungGen: 239648K(240128K)->32K(239104K) Eden: 239616K(239616K)->0K(230400K) From: 32K(512K)->32K(8704K)
[388.075s][info][gc,heap        ] GC(1056) ParOldGen: 253111K(253440K)->253119K(253440K)
[388.075s][info][gc,metaspace   ] GC(1056) Metaspace: 35376K(36096K)->35376K(36096K) NonClass: 26168K(26688K)->26168K(26688K) Class: 9208K(9408K)->9208K(9408K)
[388.075s][info][gc             ] GC(1056) Pause Young (Allocation Failure) 481M->247M(481M) 1.426ms
[388.075s][info][gc,cpu         ] GC(1056) User=0.01s Sys=0.00s Real=0.00s
[388.664s][info][gc,start       ] GC(1057) Pause Young (Allocation Failure)
[388.666s][info][gc,heap        ] GC(1057) PSYoungGen: 230432K(239104K)->64K(222208K) Eden: 230400K(230400K)->0K(221696K) From: 32K(8704K)->64K(512K)
[388.666s][info][gc,heap        ] GC(1057) ParOldGen: 253119K(253440K)->253127K(253440K)
[388.666s][info][gc,metaspace   ] GC(1057) Metaspace: 35376K(36096K)->35376K(36096K) NonClass: 26168K(26688K)->26168K(26688K) Class: 9208K(9408K)->9208K(9408K)
[388.666s][info][gc             ] GC(1057) Pause Young (Allocation Failure) 472M->247M(464M) 1.776ms
[388.666s][info][gc,cpu         ] GC(1057) User=0.00s Sys=0.00s Real=0.00s
[388.857s][info][gc,start       ] GC(1058) Pause Young (Allocation Failure)
[388.858s][info][gc,heap        ] GC(1058) PSYoungGen: 221760K(222208K)->64K(220672K) Eden: 221696K(221696K)->0K(213504K) From: 64K(512K)->64K(7168K)
[388.858s][info][gc,heap        ] GC(1058) ParOldGen: 253127K(253440K)->253143K(253440K)
[388.858s][info][gc,metaspace   ] GC(1058) Metaspace: 35376K(36096K)->35376K(36096K) NonClass: 26168K(26688K)->26168K(26688K) Class: 9208K(9408K)->9208K(9408K)
[388.858s][info][gc             ] GC(1058) Pause Young (Allocation Failure) 463M->247M(463M) 1.508ms
[388.858s][info][gc,cpu         ] GC(1058) User=0.00s Sys=0.00s Real=0.00s
[389.183s][info][gc,start       ] GC(1059) Pause Young (Allocation Failure)
[389.213s][info][gc,heap        ] GC(1059) PSYoungGen: 213568K(220672K)->6656K(261632K) Eden: 213504K(213504K)->0K(254976K) From: 64K(7168K)->6656K(6656K)
[389.213s][info][gc,heap        ] GC(1059) ParOldGen: 253143K(253440K)->261439K(261632K)
[389.213s][info][gc,metaspace   ] GC(1059) Metaspace: 35376K(36096K)->35376K(36096K) NonClass: 26168K(26688K)->26168K(26688K) Class: 9208K(9408K)->9208K(9408K)
[389.213s][info][gc             ] GC(1059) Pause Young (Allocation Failure) 455M->261M(511M) 30.213ms
[389.213s][info][gc,cpu         ] GC(1059) User=0.05s Sys=0.01s Real=0.03s
[389.549s][info][gc,start       ] GC(1060) Pause Young (Allocation Failure)
[389.604s][info][gc,heap        ] GC(1060) PSYoungGen: 261632K(261632K)->11776K(270336K) Eden: 254976K(254976K)->0K(258560K) From: 6656K(6656K)->11776K(11776K)
[389.604s][info][gc,heap        ] GC(1060) ParOldGen: 261439K(261632K)->278943K(279040K)
[389.604s][info][gc,metaspace   ] GC(1060) Metaspace: 35376K(36096K)->35376K(36096K) NonClass: 26168K(26688K)->26168K(26688K) Class: 9208K(9408K)->9208K(9408K)
[389.604s][info][gc             ] GC(1060) Pause Young (Allocation Failure) 510M->283M(536M) 55.169ms
[389.604s][info][gc,cpu         ] GC(1060) User=0.09s Sys=0.01s Real=0.06s
[389.842s][info][gc,start       ] GC(1061) Pause Young (Allocation Failure)
[389.885s][info][gc,heap        ] GC(1061) PSYoungGen: 270336K(270336K)->18656K(306176K) Eden: 258560K(258560K)->0K(285696K) From: 11776K(11776K)->18656K(20480K)
[389.885s][info][gc,heap        ] GC(1061) ParOldGen: 278943K(279040K)->279423K(279552K)
[389.885s][info][gc,metaspace   ] GC(1061) Metaspace: 35376K(36096K)->35376K(36096K) NonClass: 26168K(26688K)->26168K(26688K) Class: 9208K(9408K)->9208K(9408K)
[389.885s][info][gc             ] GC(1061) Pause Young (Allocation Failure) 536M->291M(572M) 43.087ms
[389.885s][info][gc,cpu         ] GC(1061) User=0.07s Sys=0.01s Real=0.04s
[390.139s][info][gc,start       ] GC(1062) Pause Young (Allocation Failure)
[390.140s][info][gc,heap        ] GC(1062) PSYoungGen: 304352K(306176K)->64K(309760K) Eden: 285696K(285696K)->0K(285696K) From: 18656K(20480K)->64K(24064K)
[390.140s][info][gc,heap        ] GC(1062) ParOldGen: 279423K(279552K)->279431K(279552K)
[390.140s][info][gc,metaspace   ] GC(1062) Metaspace: 35376K(36096K)->35376K(36096K) NonClass: 26168K(26688K)->26168K(26688K) Class: 9208K(9408K)->9208K(9408K)
[390.140s][info][gc             ] GC(1062) Pause Young (Allocation Failure) 570M->272M(575M) 1.219ms
[390.140s][info][gc,cpu         ] GC(1062) User=0.00s Sys=0.00s Real=0.00s
[390.798s][info][gc,start       ] GC(1063) Pause Young (Allocation Failure)
[390.799s][info][gc,heap        ] GC(1063) PSYoungGen: 285760K(309760K)->64K(307200K) Eden: 285696K(285696K)->0K(286208K) From: 64K(24064K)->64K(20992K)
[390.799s][info][gc,heap        ] GC(1063) ParOldGen: 279431K(279552K)->279439K(279552K)
[390.799s][info][gc,metaspace   ] GC(1063) Metaspace: 35376K(36096K)->35376K(36096K) NonClass: 26168K(26688K)->26168K(26688K) Class: 9208K(9408K)->9208K(9408K)
[390.799s][info][gc             ] GC(1063) Pause Young (Allocation Failure) 551M->272M(573M) 1.258ms
[390.799s][info][gc,cpu         ] GC(1063) User=0.00s Sys=0.00s Real=0.01s
[391.257s][info][gc,start       ] GC(1064) Pause Young (Allocation Failure)
[391.258s][info][gc,heap        ] GC(1064) PSYoungGen: 286272K(307200K)->64K(308736K) Eden: 286208K(286208K)->0K(286208K) From: 64K(20992K)->64K(22528K)
[391.258s][info][gc,heap        ] GC(1064) ParOldGen: 279439K(279552K)->279455K(279552K)
[391.258s][info][gc,metaspace   ] GC(1064) Metaspace: 35376K(36096K)->35376K(36096K) NonClass: 26168K(26688K)->26168K(26688K) Class: 9208K(9408K)->9208K(9408K)
[391.258s][info][gc             ] GC(1064) Pause Young (Allocation Failure) 552M->272M(574M) 1.121ms
[391.258s][info][gc,cpu         ] GC(1064) User=0.00s Sys=0.00s Real=0.00s
[391.492s][info][gc,start       ] GC(1065) Pause Young (Allocation Failure)
[391.494s][info][gc,heap        ] GC(1065) PSYoungGen: 286272K(308736K)->64K(308736K) Eden: 286208K(286208K)->0K(289280K) From: 64K(22528K)->64K(19456K)
[391.494s][info][gc,heap        ] GC(1065) ParOldGen: 279455K(279552K)->279471K(279552K)
[391.494s][info][gc,metaspace   ] GC(1065) Metaspace: 35376K(36096K)->35376K(36096K) NonClass: 26168K(26688K)->26168K(26688K) Class: 9208K(9408K)->9208K(9408K)
[391.494s][info][gc             ] GC(1065) Pause Young (Allocation Failure) 552M->272M(574M) 1.125ms
[391.494s][info][gc,cpu         ] GC(1065) User=0.00s Sys=0.00s Real=0.00s
[391.732s][info][gc,start       ] GC(1066) Pause Young (Allocation Failure)
[391.733s][info][gc,heap        ] GC(1066) PSYoungGen: 289344K(308736K)->64K(310272K) Eden: 289280K(289280K)->0K(289280K) From: 64K(19456K)->64K(20992K)
[391.733s][info][gc,heap        ] GC(1066) ParOldGen: 279471K(279552K)->279471K(279552K)
[391.733s][info][gc,metaspace   ] GC(1066) Metaspace: 35376K(36096K)->35376K(36096K) NonClass: 26168K(26688K)->26168K(26688K) Class: 9208K(9408K)->9208K(9408K)
[391.733s][info][gc             ] GC(1066) Pause Young (Allocation Failure) 555M->272M(576M) 0.997ms
[391.733s][info][gc,cpu         ] GC(1066) User=0.00s Sys=0.00s Real=0.00s
[392.058s][info][gc,start       ] GC(1067) Pause Young (Allocation Failure)
[392.059s][info][gc,heap        ] GC(1067) PSYoungGen: 289344K(310272K)->64K(310272K) Eden: 289280K(289280K)->0K(292864K) From: 64K(20992K)->64K(17408K)
[392.059s][info][gc,heap        ] GC(1067) ParOldGen: 279471K(279552K)->279471K(279552K)
[392.059s][info][gc,metaspace   ] GC(1067) Metaspace: 35376K(36096K)->35376K(36096K) NonClass: 26168K(26688K)->26168K(26688K) Class: 9208K(9408K)->9208K(9408K)
[392.059s][info][gc             ] GC(1067) Pause Young (Allocation Failure) 555M->272M(576M) 1.070ms
[392.059s][info][gc,cpu         ] GC(1067) User=0.00s Sys=0.00s Real=0.01s
[392.111s][info][gc,start       ] GC(1068) Pause Young (Allocation Failure)
[392.112s][info][gc,heap        ] GC(1068) PSYoungGen: 292928K(310272K)->64K(311808K) Eden: 292864K(292864K)->0K(292864K) From: 64K(17408K)->64K(18944K)
[392.112s][info][gc,heap        ] GC(1068) ParOldGen: 279471K(279552K)->279487K(279552K)
[392.112s][info][gc,metaspace   ] GC(1068) Metaspace: 35376K(36096K)->35376K(36096K) NonClass: 26168K(26688K)->26168K(26688K) Class: 9208K(9408K)->9208K(9408K)
[392.112s][info][gc             ] GC(1068) Pause Young (Allocation Failure) 558M->272M(577M) 1.011ms
[392.112s][info][gc,cpu         ] GC(1068) User=0.01s Sys=0.00s Real=0.00s
[392.161s][info][gc,start       ] GC(1069) Pause Young (Allocation Failure)
[392.162s][info][gc,heap        ] GC(1069) PSYoungGen: 292928K(311808K)->64K(312320K) Eden: 292864K(292864K)->0K(296960K) From: 64K(18944K)->64K(15360K)
[392.162s][info][gc,heap        ] GC(1069) ParOldGen: 279487K(279552K)->279487K(279552K)
[392.162s][info][gc,metaspace   ] GC(1069) Metaspace: 35376K(36096K)->35376K(36096K) NonClass: 26168K(26688K)->26168K(26688K) Class: 9208K(9408K)->9208K(9408K)
[392.162s][info][gc             ] GC(1069) Pause Young (Allocation Failure) 558M->272M(578M) 1.001ms
[392.162s][info][gc,cpu         ] GC(1069) User=0.00s Sys=0.00s Real=0.00s
[392.475s][info][gc,start       ] GC(1070) Pause Young (Allocation Failure)
[392.476s][info][gc,heap        ] GC(1070) PSYoungGen: 297024K(312320K)->64K(313856K) Eden: 296960K(296960K)->0K(296960K) From: 64K(15360K)->64K(16896K)
[392.476s][info][gc,heap        ] GC(1070) ParOldGen: 279487K(279552K)->279487K(279552K)
[392.476s][info][gc,metaspace   ] GC(1070) Metaspace: 35376K(36096K)->35376K(36096K) NonClass: 26168K(26688K)->26168K(26688K) Class: 9208K(9408K)->9208K(9408K)
[392.476s][info][gc             ] GC(1070) Pause Young (Allocation Failure) 562M->272M(579M) 1.068ms
[392.476s][info][gc,cpu         ] GC(1070) User=0.00s Sys=0.00s Real=0.00s
[392.727s][info][gc,start       ] GC(1071) Pause Young (Allocation Failure)
[392.728s][info][gc,heap        ] GC(1071) PSYoungGen: 297024K(313856K)->64K(314368K) Eden: 296960K(296960K)->0K(301056K) From: 64K(16896K)->64K(13312K)
[392.728s][info][gc,heap        ] GC(1071) ParOldGen: 279487K(279552K)->279495K(279552K)
[392.728s][info][gc,metaspace   ] GC(1071) Metaspace: 35376K(36096K)->35376K(36096K) NonClass: 26168K(26688K)->26168K(26688K) Class: 9208K(9408K)->9208K(9408K)
[392.728s][info][gc             ] GC(1071) Pause Young (Allocation Failure) 562M->273M(580M) 1.081ms
[392.728s][info][gc,cpu         ] GC(1071) User=0.00s Sys=0.00s Real=0.00s
[392.817s][info][gc,start       ] GC(1072) Pause Young (Allocation Failure)
[392.818s][info][gc,heap        ] GC(1072) PSYoungGen: 301120K(314368K)->64K(315904K) Eden: 301056K(301056K)->0K(301056K) From: 64K(13312K)->64K(14848K)
[392.818s][info][gc,heap        ] GC(1072) ParOldGen: 279495K(279552K)->279503K(279552K)
[392.818s][info][gc,metaspace   ] GC(1072) Metaspace: 35376K(36096K)->35376K(36096K) NonClass: 26168K(26688K)->26168K(26688K) Class: 9208K(9408K)->9208K(9408K)
[392.818s][info][gc             ] GC(1072) Pause Young (Allocation Failure) 567M->273M(581M) 1.086ms
[392.818s][info][gc,cpu         ] GC(1072) User=0.00s Sys=0.00s Real=0.00s
[392.969s][info][gc,start       ] GC(1073) Pause Young (Allocation Failure)
[392.970s][info][gc,heap        ] GC(1073) PSYoungGen: 301120K(315904K)->64K(316416K) Eden: 301056K(301056K)->0K(304640K) From: 64K(14848K)->64K(11776K)
[392.970s][info][gc,heap        ] GC(1073) ParOldGen: 279503K(279552K)->279511K(279552K)
[392.970s][info][gc,metaspace   ] GC(1073) Metaspace: 35376K(36096K)->35376K(36096K) NonClass: 26168K(26688K)->26168K(26688K) Class: 9208K(9408K)->9208K(9408K)
[392.970s][info][gc             ] GC(1073) Pause Young (Allocation Failure) 567M->273M(582M) 1.011ms
[392.970s][info][gc,cpu         ] GC(1073) User=0.00s Sys=0.00s Real=0.00s
[393.390s][info][gc,start       ] GC(1074) Pause Young (Allocation Failure)
[393.391s][info][gc,heap        ] GC(1074) PSYoungGen: 304704K(316416K)->64K(292864K) Eden: 304640K(304640K)->0K(292352K) From: 64K(11776K)->64K(512K)
[393.391s][info][gc,heap        ] GC(1074) ParOldGen: 279511K(279552K)->279519K(279552K)
[393.391s][info][gc,metaspace   ] GC(1074) Metaspace: 35376K(36096K)->35376K(36096K) NonClass: 26168K(26688K)->26168K(26688K) Class: 9208K(9408K)->9208K(9408K)
[393.391s][info][gc             ] GC(1074) Pause Young (Allocation Failure) 570M->273M(559M) 1.752ms
[393.391s][info][gc,cpu         ] GC(1074) User=0.00s Sys=0.00s Real=0.00s
[394.489s][info][gc,start       ] GC(1075) Pause Young (Allocation Failure)
[394.491s][info][gc,heap        ] GC(1075) PSYoungGen: 292416K(292864K)->64K(281088K) Eden: 292352K(292352K)->0K(280576K) From: 64K(512K)->64K(512K)
[394.491s][info][gc,heap        ] GC(1075) ParOldGen: 279519K(279552K)->279527K(279552K)
[394.491s][info][gc,metaspace   ] GC(1075) Metaspace: 35376K(36096K)->35376K(36096K) NonClass: 26168K(26688K)->26168K(26688K) Class: 9208K(9408K)->9208K(9408K)
[394.491s][info][gc             ] GC(1075) Pause Young (Allocation Failure) 558M->273M(547M) 1.582ms
[394.491s][info][gc,cpu         ] GC(1075) User=0.00s Sys=0.00s Real=0.00s
[394.926s][info][gc,start       ] GC(1076) Pause Young (Allocation Failure)
[394.927s][info][gc,heap        ] GC(1076) PSYoungGen: 280640K(281088K)->64K(281088K) Eden: 280576K(280576K)->0K(269312K) From: 64K(512K)->64K(11776K)
[394.927s][info][gc,heap        ] GC(1076) ParOldGen: 279527K(279552K)->279535K(279552K)
[394.927s][info][gc,metaspace   ] GC(1076) Metaspace: 35376K(36096K)->35376K(36096K) NonClass: 26168K(26688K)->26168K(26688K) Class: 9208K(9408K)->9208K(9408K)
[394.927s][info][gc             ] GC(1076) Pause Young (Allocation Failure) 547M->273M(547M) 1.057ms
[394.927s][info][gc,cpu         ] GC(1076) User=0.00s Sys=0.00s Real=0.00s
[395.411s][info][gc,start       ] GC(1077) Pause Young (Allocation Failure)
[395.412s][info][gc,heap        ] GC(1077) PSYoungGen: 269376K(281088K)->64K(259584K) Eden: 269312K(269312K)->0K(259072K) From: 64K(11776K)->64K(512K)
[395.412s][info][gc,heap        ] GC(1077) ParOldGen: 279535K(279552K)->279543K(279552K)
[395.412s][info][gc,metaspace   ] GC(1077) Metaspace: 35376K(36096K)->35376K(36096K) NonClass: 26168K(26688K)->26168K(26688K) Class: 9208K(9408K)->9208K(9408K)
[395.412s][info][gc             ] GC(1077) Pause Young (Allocation Failure) 536M->273M(526M) 1.547ms
[395.412s][info][gc,cpu         ] GC(1077) User=0.00s Sys=0.00s Real=0.00s
[396.339s][info][gc,start       ] GC(1078) Pause Young (Allocation Failure)
[396.340s][info][gc,heap        ] GC(1078) PSYoungGen: 259136K(259584K)->64K(259072K) Eden: 259072K(259072K)->0K(248832K) From: 64K(512K)->64K(10240K)
[396.340s][info][gc,heap        ] GC(1078) ParOldGen: 279543K(279552K)->279551K(279552K)
[396.340s][info][gc,metaspace   ] GC(1078) Metaspace: 35376K(36096K)->35376K(36096K) NonClass: 26168K(26688K)->26168K(26688K) Class: 9208K(9408K)->9208K(9408K)
[396.340s][info][gc             ] GC(1078) Pause Young (Allocation Failure) 526M->273M(526M) 1.013ms
[396.340s][info][gc,cpu         ] GC(1078) User=0.00s Sys=0.00s Real=0.00s
[396.664s][info][gc,start       ] GC(1079) Pause Young (Allocation Failure)
[396.666s][info][gc,heap        ] GC(1079) PSYoungGen: 248896K(259072K)->64K(239616K) Eden: 248832K(248832K)->0K(239104K) From: 64K(10240K)->64K(512K)
[396.666s][info][gc,heap        ] GC(1079) ParOldGen: 279551K(279552K)->279559K(280064K)
[396.666s][info][gc,metaspace   ] GC(1079) Metaspace: 35376K(36096K)->35376K(36096K) NonClass: 26168K(26688K)->26168K(26688K) Class: 9208K(9408K)->9208K(9408K)
[396.666s][info][gc             ] GC(1079) Pause Young (Allocation Failure) 516M->273M(507M) 1.661ms
[396.666s][info][gc,cpu         ] GC(1079) User=0.01s Sys=0.00s Real=0.00s
[396.787s][info][gc,start       ] GC(1080) Pause Young (Allocation Failure)
[396.788s][info][gc,heap        ] GC(1080) PSYoungGen: 239168K(239616K)->64K(238592K) Eden: 239104K(239104K)->0K(229888K) From: 64K(512K)->64K(8704K)
[396.788s][info][gc,heap        ] GC(1080) ParOldGen: 279559K(280064K)->279567K(280064K)
[396.788s][info][gc,metaspace   ] GC(1080) Metaspace: 35376K(36096K)->35376K(36096K) NonClass: 26168K(26688K)->26168K(26688K) Class: 9208K(9408K)->9208K(9408K)
[396.788s][info][gc             ] GC(1080) Pause Young (Allocation Failure) 506M->273M(506M) 0.994ms
[396.788s][info][gc,cpu         ] GC(1080) User=0.00s Sys=0.00s Real=0.00s
[397.087s][info][gc,start       ] GC(1081) Pause Young (Allocation Failure)
[397.089s][info][gc,heap        ] GC(1081) PSYoungGen: 229952K(238592K)->64K(221696K) Eden: 229888K(229888K)->0K(221184K) From: 64K(8704K)->64K(512K)
[397.089s][info][gc,heap        ] GC(1081) ParOldGen: 279567K(280064K)->279575K(280064K)
[397.089s][info][gc,metaspace   ] GC(1081) Metaspace: 35376K(36096K)->35376K(36096K) NonClass: 26168K(26688K)->26168K(26688K) Class: 9208K(9408K)->9208K(9408K)
[397.089s][info][gc             ] GC(1081) Pause Young (Allocation Failure) 497M->273M(490M) 1.546ms
[397.089s][info][gc,cpu         ] GC(1081) User=0.00s Sys=0.00s Real=0.01s
[397.471s][info][gc,start       ] GC(1082) Pause Young (Allocation Failure)
[397.472s][info][gc,heap        ] GC(1082) PSYoungGen: 221248K(221696K)->64K(220672K) Eden: 221184K(221184K)->0K(212992K) From: 64K(512K)->64K(7680K)
[397.472s][info][gc,heap        ] GC(1082) ParOldGen: 279575K(280064K)->279583K(280064K)
[397.472s][info][gc,metaspace   ] GC(1082) Metaspace: 35376K(36096K)->35376K(36096K) NonClass: 26168K(26688K)->26168K(26688K) Class: 9208K(9408K)->9208K(9408K)
[397.472s][info][gc             ] GC(1082) Pause Young (Allocation Failure) 489M->273M(489M) 0.996ms
[397.472s][info][gc,cpu         ] GC(1082) User=0.00s Sys=0.00s Real=0.00s
[397.757s][info][gc,start       ] GC(1083) Pause Young (Allocation Failure)
[397.758s][info][gc,heap        ] GC(1083) PSYoungGen: 213056K(220672K)->64K(205824K) Eden: 212992K(212992K)->0K(205312K) From: 64K(7680K)->64K(512K)
[397.758s][info][gc,heap        ] GC(1083) ParOldGen: 279583K(280064K)->279591K(280064K)
[397.758s][info][gc,metaspace   ] GC(1083) Metaspace: 35376K(36096K)->35376K(36096K) NonClass: 26168K(26688K)->26168K(26688K) Class: 9208K(9408K)->9208K(9408K)
[397.758s][info][gc             ] GC(1083) Pause Young (Allocation Failure) 481M->273M(474M) 1.647ms
[397.758s][info][gc,cpu         ] GC(1083) User=0.00s Sys=0.00s Real=0.00s
[398.041s][info][gc,start       ] GC(1084) Pause Young (Allocation Failure)
[398.083s][info][gc,heap        ] GC(1084) PSYoungGen: 205376K(205824K)->6656K(252416K) Eden: 205312K(205312K)->0K(245760K) From: 64K(512K)->6656K(6656K)
[398.083s][info][gc,heap        ] GC(1084) ParOldGen: 279591K(280064K)->294503K(294912K)
[398.083s][info][gc,metaspace   ] GC(1084) Metaspace: 35376K(36096K)->35376K(36096K) NonClass: 26168K(26688K)->26168K(26688K) Class: 9208K(9408K)->9208K(9408K)
[398.083s][info][gc             ] GC(1084) Pause Young (Allocation Failure) 473M->294M(534M) 42.122ms
[398.083s][info][gc,cpu         ] GC(1084) User=0.08s Sys=0.00s Real=0.04s
[398.405s][info][gc,start       ] GC(1085) Pause Young (Allocation Failure)
[398.463s][info][gc,heap        ] GC(1085) PSYoungGen: 252416K(252416K)->6656K(252416K) Eden: 245760K(245760K)->0K(245760K) From: 6656K(6656K)->6656K(6656K)
[398.463s][info][gc,heap        ] GC(1085) ParOldGen: 294503K(294912K)->316263K(316416K)
[398.463s][info][gc,metaspace   ] GC(1085) Metaspace: 35376K(36096K)->35376K(36096K) NonClass: 26168K(26688K)->26168K(26688K) Class: 9208K(9408K)->9208K(9408K)
[398.463s][info][gc             ] GC(1085) Pause Young (Allocation Failure) 534M->315M(555M) 58.228ms
[398.463s][info][gc,cpu         ] GC(1085) User=0.10s Sys=0.02s Real=0.06s
[398.644s][info][gc,start       ] GC(1086) Pause Young (Allocation Failure)
[398.669s][info][gc,heap        ] GC(1086) PSYoungGen: 252416K(252416K)->13088K(267776K) Eden: 245760K(245760K)->0K(245760K) From: 6656K(6656K)->13088K(22016K)
[398.669s][info][gc,heap        ] GC(1086) ParOldGen: 316263K(316416K)->316847K(316928K)
[398.669s][info][gc,metaspace   ] GC(1086) Metaspace: 35376K(36096K)->35376K(36096K) NonClass: 26168K(26688K)->26168K(26688K) Class: 9208K(9408K)->9208K(9408K)
[398.669s][info][gc             ] GC(1086) Pause Young (Allocation Failure) 555M->322M(571M) 24.821ms
[398.669s][info][gc,cpu         ] GC(1086) User=0.05s Sys=0.00s Real=0.03s
[398.901s][info][gc,start       ] GC(1087) Pause Young (Allocation Failure)
[398.902s][info][gc,heap        ] GC(1087) PSYoungGen: 258848K(267776K)->64K(310784K) Eden: 245760K(245760K)->0K(287744K) From: 13088K(22016K)->64K(23040K)
[398.902s][info][gc,heap        ] GC(1087) ParOldGen: 316847K(316928K)->316855K(316928K)
[398.902s][info][gc,metaspace   ] GC(1087) Metaspace: 35376K(36096K)->35376K(36096K) NonClass: 26168K(26688K)->26168K(26688K) Class: 9208K(9408K)->9208K(9408K)
[398.902s][info][gc             ] GC(1087) Pause Young (Allocation Failure) 562M->309M(613M) 1.231ms
[398.902s][info][gc,cpu         ] GC(1087) User=0.00s Sys=0.00s Real=0.00s
[399.572s][info][gc,start       ] GC(1088) Pause Young (Allocation Failure)
[399.573s][info][gc,heap        ] GC(1088) PSYoungGen: 287808K(310784K)->64K(310272K) Eden: 287744K(287744K)->0K(287744K) From: 64K(23040K)->64K(22528K)
[399.573s][info][gc,heap        ] GC(1088) ParOldGen: 316855K(316928K)->316863K(316928K)
[399.573s][info][gc,metaspace   ] GC(1088) Metaspace: 35376K(36096K)->35376K(36096K) NonClass: 26168K(26688K)->26168K(26688K) Class: 9208K(9408K)->9208K(9408K)
[399.573s][info][gc             ] GC(1088) Pause Young (Allocation Failure) 590M->309M(612M) 1.253ms
[399.573s][info][gc,cpu         ] GC(1088) User=0.00s Sys=0.00s Real=0.00s
[400.032s][info][gc,start       ] GC(1089) Pause Young (Allocation Failure)
[400.033s][info][gc,heap        ] GC(1089) PSYoungGen: 287808K(310272K)->64K(310272K) Eden: 287744K(287744K)->0K(289280K) From: 64K(22528K)->64K(20992K)
[400.033s][info][gc,heap        ] GC(1089) ParOldGen: 316863K(316928K)->316879K(316928K)
[400.033s][info][gc,metaspace   ] GC(1089) Metaspace: 35376K(36096K)->35376K(36096K) NonClass: 26168K(26688K)->26168K(26688K) Class: 9208K(9408K)->9208K(9408K)
[400.033s][info][gc             ] GC(1089) Pause Young (Allocation Failure) 590M->309M(612M) 1.147ms
[400.033s][info][gc,cpu         ] GC(1089) User=0.00s Sys=0.00s Real=0.00s
[400.270s][info][gc,start       ] GC(1090) Pause Young (Allocation Failure)
[400.271s][info][gc,heap        ] GC(1090) PSYoungGen: 289344K(310272K)->32K(310272K) Eden: 289280K(289280K)->0K(289280K) From: 64K(20992K)->32K(20992K)
[400.271s][info][gc,heap        ] GC(1090) ParOldGen: 316879K(316928K)->316895K(316928K)
[400.271s][info][gc,metaspace   ] GC(1090) Metaspace: 35376K(36096K)->35376K(36096K) NonClass: 26168K(26688K)->26168K(26688K) Class: 9208K(9408K)->9208K(9408K)
[400.271s][info][gc             ] GC(1090) Pause Young (Allocation Failure) 592M->309M(612M) 1.114ms
[400.271s][info][gc,cpu         ] GC(1090) User=0.00s Sys=0.00s Real=0.00s
[400.518s][info][gc,start       ] GC(1091) Pause Young (Allocation Failure)
[400.519s][info][gc,heap        ] GC(1091) PSYoungGen: 289312K(310272K)->64K(311296K) Eden: 289280K(289280K)->0K(292352K) From: 32K(20992K)->64K(18944K)
[400.519s][info][gc,heap        ] GC(1091) ParOldGen: 316895K(316928K)->316895K(316928K)
[400.519s][info][gc,metaspace   ] GC(1091) Metaspace: 35376K(36096K)->35376K(36096K) NonClass: 26168K(26688K)->26168K(26688K) Class: 9208K(9408K)->9208K(9408K)
[400.519s][info][gc             ] GC(1091) Pause Young (Allocation Failure) 591M->309M(613M) 1.293ms
[400.519s][info][gc,cpu         ] GC(1091) User=0.01s Sys=0.00s Real=0.01s
[400.846s][info][gc,start       ] GC(1092) Pause Young (Allocation Failure)
[400.847s][info][gc,heap        ] GC(1092) PSYoungGen: 292416K(311296K)->64K(311808K) Eden: 292352K(292352K)->0K(292352K) From: 64K(18944K)->64K(19456K)
[400.847s][info][gc,heap        ] GC(1092) ParOldGen: 316895K(316928K)->316895K(316928K)
[400.847s][info][gc,metaspace   ] GC(1092) Metaspace: 35376K(36096K)->35376K(36096K) NonClass: 26168K(26688K)->26168K(26688K) Class: 9208K(9408K)->9208K(9408K)
[400.847s][info][gc             ] GC(1092) Pause Young (Allocation Failure) 595M->309M(614M) 1.196ms
[400.847s][info][gc,cpu         ] GC(1092) User=0.00s Sys=0.00s Real=0.00s
[400.897s][info][gc,start       ] GC(1093) Pause Young (Allocation Failure)
[400.898s][info][gc,heap        ] GC(1093) PSYoungGen: 292416K(311808K)->64K(312832K) Eden: 292352K(292352K)->0K(295936K) From: 64K(19456K)->64K(16896K)
[400.899s][info][gc,heap        ] GC(1093) ParOldGen: 316895K(316928K)->316911K(316928K)
[400.899s][info][gc,metaspace   ] GC(1093) Metaspace: 35376K(36096K)->35376K(36096K) NonClass: 26168K(26688K)->26168K(26688K) Class: 9208K(9408K)->9208K(9408K)
[400.899s][info][gc             ] GC(1093) Pause Young (Allocation Failure) 595M->309M(615M) 1.062ms
[400.899s][info][gc,cpu         ] GC(1093) User=0.00s Sys=0.00s Real=0.01s
[400.956s][info][gc,start       ] GC(1094) Pause Young (Allocation Failure)
[400.957s][info][gc,heap        ] GC(1094) PSYoungGen: 296000K(312832K)->64K(313344K) Eden: 295936K(295936K)->0K(295936K) From: 64K(16896K)->64K(17408K)
[400.957s][info][gc,heap        ] GC(1094) ParOldGen: 316911K(316928K)->316911K(316928K)
[400.957s][info][gc,metaspace   ] GC(1094) Metaspace: 35376K(36096K)->35376K(36096K) NonClass: 26168K(26688K)->26168K(26688K) Class: 9208K(9408K)->9208K(9408K)
[400.957s][info][gc             ] GC(1094) Pause Young (Allocation Failure) 598M->309M(615M) 1.087ms
[400.957s][info][gc,cpu         ] GC(1094) User=0.00s Sys=0.00s Real=0.00s
[401.270s][info][gc,start       ] GC(1095) Pause Young (Allocation Failure)
[401.271s][info][gc,heap        ] GC(1095) PSYoungGen: 296000K(313344K)->64K(314880K) Eden: 295936K(295936K)->0K(300032K) From: 64K(17408K)->64K(14848K)
[401.271s][info][gc,heap        ] GC(1095) ParOldGen: 316911K(316928K)->316927K(316928K)
[401.271s][info][gc,metaspace   ] GC(1095) Metaspace: 35376K(36096K)->35376K(36096K) NonClass: 26168K(26688K)->26168K(26688K) Class: 9208K(9408K)->9208K(9408K)
[401.271s][info][gc             ] GC(1095) Pause Young (Allocation Failure) 598M->309M(617M) 1.114ms
[401.271s][info][gc,cpu         ] GC(1095) User=0.01s Sys=0.00s Real=0.00s
[401.521s][info][gc,start       ] GC(1096) Pause Young (Allocation Failure)
[401.523s][info][gc,heap        ] GC(1096) PSYoungGen: 300096K(314880K)->64K(315392K) Eden: 300032K(300032K)->0K(300032K) From: 64K(14848K)->64K(15360K)
[401.523s][info][gc,heap        ] GC(1096) ParOldGen: 316927K(316928K)->316927K(316928K)
[401.523s][info][gc,metaspace   ] GC(1096) Metaspace: 35376K(36096K)->35376K(36096K) NonClass: 26168K(26688K)->26168K(26688K) Class: 9208K(9408K)->9208K(9408K)
[401.523s][info][gc             ] GC(1096) Pause Young (Allocation Failure) 602M->309M(617M) 2.100ms
[401.523s][info][gc,cpu         ] GC(1096) User=0.00s Sys=0.00s Real=0.00s
[401.606s][info][gc,start       ] GC(1097) Pause Young (Allocation Failure)
[401.608s][info][gc,heap        ] GC(1097) PSYoungGen: 300096K(315392K)->32K(316416K) Eden: 300032K(300032K)->0K(303616K) From: 64K(15360K)->32K(12800K)
[401.608s][info][gc,heap        ] GC(1097) ParOldGen: 316927K(316928K)->316943K(317440K)
[401.608s][info][gc,metaspace   ] GC(1097) Metaspace: 35376K(36096K)->35376K(36096K) NonClass: 26168K(26688K)->26168K(26688K) Class: 9208K(9408K)->9208K(9408K)
[401.608s][info][gc             ] GC(1097) Pause Young (Allocation Failure) 602M->309M(619M) 2.076ms
[401.608s][info][gc,cpu         ] GC(1097) User=0.00s Sys=0.00s Real=0.00s
[401.765s][info][gc,start       ] GC(1098) Pause Young (Allocation Failure)
[401.767s][info][gc,heap        ] GC(1098) PSYoungGen: 303648K(316416K)->64K(317440K) Eden: 303616K(303616K)->0K(303616K) From: 32K(12800K)->64K(13824K)
[401.767s][info][gc,heap        ] GC(1098) ParOldGen: 316943K(317440K)->316943K(317440K)
[401.767s][info][gc,metaspace   ] GC(1098) Metaspace: 35376K(36096K)->35376K(36096K) NonClass: 26168K(26688K)->26168K(26688K) Class: 9208K(9408K)->9208K(9408K)
[401.767s][info][gc             ] GC(1098) Pause Young (Allocation Failure) 606M->309M(620M) 2.106ms
[401.767s][info][gc,cpu         ] GC(1098) User=0.00s Sys=0.00s Real=0.00s
[402.193s][info][gc,start       ] GC(1099) Pause Young (Allocation Failure)
[402.195s][info][gc,heap        ] GC(1099) PSYoungGen: 303680K(317440K)->64K(318976K) Eden: 303616K(303616K)->0K(307200K) From: 64K(13824K)->64K(11776K)
[402.195s][info][gc,heap        ] GC(1099) ParOldGen: 316943K(317440K)->316959K(317440K)
[402.195s][info][gc,metaspace   ] GC(1099) Metaspace: 35376K(36096K)->35376K(36096K) NonClass: 26168K(26688K)->26168K(26688K) Class: 9208K(9408K)->9208K(9408K)
[402.195s][info][gc             ] GC(1099) Pause Young (Allocation Failure) 606M->309M(621M) 2.221ms
[402.195s][info][gc,cpu         ] GC(1099) User=0.00s Sys=0.00s Real=0.00s
[403.518s][info][gc,start       ] GC(1100) Pause Young (Allocation Failure)
[403.520s][info][gc,heap        ] GC(1100) PSYoungGen: 307264K(318976K)->64K(319488K) Eden: 307200K(307200K)->0K(307200K) From: 64K(11776K)->64K(12288K)
[403.520s][info][gc,heap        ] GC(1100) ParOldGen: 316959K(317440K)->316967K(317440K)
[403.520s][info][gc,metaspace   ] GC(1100) Metaspace: 35376K(36096K)->35376K(36096K) NonClass: 26168K(26688K)->26168K(26688K) Class: 9208K(9408K)->9208K(9408K)
[403.520s][info][gc             ] GC(1100) Pause Young (Allocation Failure) 609M->309M(622M) 1.470ms
[403.520s][info][gc,cpu         ] GC(1100) User=0.00s Sys=0.00s Real=0.01s
[403.831s][info][gc,start       ] GC(1101) Pause Young (Allocation Failure)
[403.832s][info][gc,heap        ] GC(1101) PSYoungGen: 307264K(319488K)->64K(295424K) Eden: 307200K(307200K)->0K(294912K) From: 64K(12288K)->64K(512K)
[403.832s][info][gc,heap        ] GC(1101) ParOldGen: 316967K(317440K)->316975K(317440K)
[403.832s][info][gc,metaspace   ] GC(1101) Metaspace: 35376K(36096K)->35376K(36096K) NonClass: 26168K(26688K)->26168K(26688K) Class: 9208K(9408K)->9208K(9408K)
[403.832s][info][gc             ] GC(1101) Pause Young (Allocation Failure) 609M->309M(598M) 1.169ms
[403.832s][info][gc,cpu         ] GC(1101) User=0.00s Sys=0.00s Real=0.00s
[404.722s][info][gc,start       ] GC(1102) Pause Young (Allocation Failure)
[404.723s][info][gc,heap        ] GC(1102) PSYoungGen: 294976K(295424K)->64K(293888K) Eden: 294912K(294912K)->0K(283136K) From: 64K(512K)->64K(10752K)
[404.723s][info][gc,heap        ] GC(1102) ParOldGen: 316975K(317440K)->316983K(317440K)
[404.723s][info][gc,metaspace   ] GC(1102) Metaspace: 35376K(36096K)->35376K(36096K) NonClass: 26168K(26688K)->26168K(26688K) Class: 9208K(9408K)->9208K(9408K)
[404.723s][info][gc             ] GC(1102) Pause Young (Allocation Failure) 597M->309M(597M) 1.250ms
[404.723s][info][gc,cpu         ] GC(1102) User=0.00s Sys=0.00s Real=0.00s
[405.377s][info][gc,start       ] GC(1103) Pause Young (Allocation Failure)
[405.378s][info][gc,heap        ] GC(1103) PSYoungGen: 283200K(293888K)->64K(272384K) Eden: 283136K(283136K)->0K(271872K) From: 64K(10752K)->64K(512K)
[405.378s][info][gc,heap        ] GC(1103) ParOldGen: 316983K(317440K)->316991K(317440K)
[405.378s][info][gc,metaspace   ] GC(1103) Metaspace: 35376K(36096K)->35376K(36096K) NonClass: 26168K(26688K)->26168K(26688K) Class: 9208K(9408K)->9208K(9408K)
[405.378s][info][gc             ] GC(1103) Pause Young (Allocation Failure) 586M->309M(576M) 1.268ms
[405.378s][info][gc,cpu         ] GC(1103) User=0.00s Sys=0.00s Real=0.00s
[405.575s][info][gc,start       ] GC(1104) Pause Young (Allocation Failure)
[405.576s][info][gc,heap        ] GC(1104) PSYoungGen: 271936K(272384K)->64K(270336K) Eden: 271872K(271872K)->0K(261120K) From: 64K(512K)->64K(9216K)
[405.576s][info][gc,heap        ] GC(1104) ParOldGen: 316991K(317440K)->316999K(317440K)
[405.576s][info][gc,metaspace   ] GC(1104) Metaspace: 35376K(36096K)->35376K(36096K) NonClass: 26168K(26688K)->26168K(26688K) Class: 9208K(9408K)->9208K(9408K)
[405.576s][info][gc             ] GC(1104) Pause Young (Allocation Failure) 575M->309M(574M) 1.135ms
[405.576s][info][gc,cpu         ] GC(1104) User=0.00s Sys=0.00s Real=0.00s
[405.681s][info][gc,start       ] GC(1105) Pause Young (Allocation Failure)
[405.683s][info][gc,heap        ] GC(1105) PSYoungGen: 261184K(270336K)->64K(251392K) Eden: 261120K(261120K)->0K(250880K) From: 64K(9216K)->64K(512K)
[405.683s][info][gc,heap        ] GC(1105) ParOldGen: 316999K(317440K)->317007K(317440K)
[405.683s][info][gc,metaspace   ] GC(1105) Metaspace: 35376K(36096K)->35376K(36096K) NonClass: 26168K(26688K)->26168K(26688K) Class: 9208K(9408K)->9208K(9408K)
[405.683s][info][gc             ] GC(1105) Pause Young (Allocation Failure) 564M->309M(555M) 1.346ms
[405.683s][info][gc,cpu         ] GC(1105) User=0.01s Sys=0.00s Real=0.00s
[406.268s][info][gc,start       ] GC(1106) Pause Young (Allocation Failure)
[406.269s][info][gc,heap        ] GC(1106) PSYoungGen: 250944K(251392K)->64K(249344K) Eden: 250880K(250880K)->0K(241152K) From: 64K(512K)->64K(8192K)
[406.269s][info][gc,heap        ] GC(1106) ParOldGen: 317007K(317440K)->317015K(317440K)
[406.269s][info][gc,metaspace   ] GC(1106) Metaspace: 35376K(36096K)->35376K(36096K) NonClass: 26168K(26688K)->26168K(26688K) Class: 9208K(9408K)->9208K(9408K)
[406.269s][info][gc             ] GC(1106) Pause Young (Allocation Failure) 554M->309M(553M) 1.080ms
[406.269s][info][gc,cpu         ] GC(1106) User=0.00s Sys=0.00s Real=0.01s
[406.518s][info][gc,start       ] GC(1107) Pause Young (Allocation Failure)
[406.520s][info][gc,heap        ] GC(1107) PSYoungGen: 241216K(249344K)->64K(232448K) Eden: 241152K(241152K)->0K(231936K) From: 64K(8192K)->64K(512K)
[406.520s][info][gc,heap        ] GC(1107) ParOldGen: 317015K(317440K)->317023K(317440K)
[406.520s][info][gc,metaspace   ] GC(1107) Metaspace: 35376K(36096K)->35376K(36096K) NonClass: 26168K(26688K)->26168K(26688K) Class: 9208K(9408K)->9208K(9408K)
[406.520s][info][gc             ] GC(1107) Pause Young (Allocation Failure) 545M->309M(537M) 1.515ms
[406.520s][info][gc,cpu         ] GC(1107) User=0.00s Sys=0.00s Real=0.01s
[406.861s][info][gc,start       ] GC(1108) Pause Young (Allocation Failure)
[406.903s][info][gc,heap        ] GC(1108) PSYoungGen: 232000K(232448K)->7168K(284160K) Eden: 231936K(231936K)->0K(276992K) From: 64K(512K)->7168K(7168K)
[406.903s][info][gc,heap        ] GC(1108) ParOldGen: 317023K(317440K)->331599K(331776K)
[406.903s][info][gc,metaspace   ] GC(1108) Metaspace: 35376K(36096K)->35376K(36096K) NonClass: 26168K(26688K)->26168K(26688K) Class: 9208K(9408K)->9208K(9408K)
[406.903s][info][gc             ] GC(1108) Pause Young (Allocation Failure) 536M->330M(601M) 42.284ms
[406.903s][info][gc,cpu         ] GC(1108) User=0.07s Sys=0.01s Real=0.04s
[407.270s][info][gc,start       ] GC(1109) Pause Young (Allocation Failure)
[407.338s][info][gc,heap        ] GC(1109) PSYoungGen: 284160K(284160K)->14336K(281600K) Eden: 276992K(276992K)->0K(267264K) From: 7168K(7168K)->14336K(14336K)
[407.338s][info][gc,heap        ] GC(1109) ParOldGen: 331599K(331776K)->349215K(349696K)
[407.338s][info][gc,metaspace   ] GC(1109) Metaspace: 35376K(36096K)->35376K(36096K) NonClass: 26168K(26688K)->26168K(26688K) Class: 9208K(9408K)->9208K(9408K)
[407.338s][info][gc             ] GC(1109) Pause Young (Allocation Failure) 601M->355M(616M) 67.874ms
[407.338s][info][gc,cpu         ] GC(1109) User=0.12s Sys=0.02s Real=0.06s
[407.492s][info][gc,start       ] GC(1110) Pause Young (Allocation Failure)
[407.511s][info][gc,heap        ] GC(1110) PSYoungGen: 281600K(281600K)->9344K(291328K) Eden: 267264K(267264K)->0K(267264K) From: 14336K(14336K)->9344K(24064K)
[407.511s][info][gc,heap        ] GC(1110) ParOldGen: 349215K(349696K)->349695K(349696K)
[407.511s][info][gc,metaspace   ] GC(1110) Metaspace: 35376K(36096K)->35376K(36096K) NonClass: 26168K(26688K)->26168K(26688K) Class: 9208K(9408K)->9208K(9408K)
[407.511s][info][gc             ] GC(1110) Pause Young (Allocation Failure) 616M->350M(626M) 19.007ms
[407.511s][info][gc,cpu         ] GC(1110) User=0.04s Sys=0.00s Real=0.02s
[407.917s][info][gc,start       ] GC(1111) Pause Young (Allocation Failure)
[407.919s][info][gc,heap        ] GC(1111) PSYoungGen: 276608K(291328K)->64K(307200K) Eden: 267264K(267264K)->0K(286208K) From: 9344K(24064K)->64K(20992K)
[407.919s][info][gc,heap        ] GC(1111) ParOldGen: 349695K(349696K)->349703K(350208K)
[407.919s][info][gc,metaspace   ] GC(1111) Metaspace: 35376K(36096K)->35376K(36096K) NonClass: 26168K(26688K)->26168K(26688K) Class: 9208K(9408K)->9208K(9408K)
[407.919s][info][gc             ] GC(1111) Pause Young (Allocation Failure) 611M->341M(642M) 1.370ms
[407.919s][info][gc,cpu         ] GC(1111) User=0.00s Sys=0.00s Real=0.01s
[408.484s][info][gc,start       ] GC(1112) Pause Young (Allocation Failure)
[408.485s][info][gc,heap        ] GC(1112) PSYoungGen: 286272K(307200K)->64K(308736K) Eden: 286208K(286208K)->0K(286208K) From: 64K(20992K)->64K(22528K)
[408.485s][info][gc,heap        ] GC(1112) ParOldGen: 349703K(350208K)->349711K(350208K)
[408.485s][info][gc,metaspace   ] GC(1112) Metaspace: 35376K(36096K)->35376K(36096K) NonClass: 26168K(26688K)->26168K(26688K) Class: 9208K(9408K)->9208K(9408K)
[408.485s][info][gc             ] GC(1112) Pause Young (Allocation Failure) 621M->341M(643M) 1.261ms
[408.485s][info][gc,cpu         ] GC(1112) User=0.01s Sys=0.00s Real=0.00s
[408.912s][info][gc,start       ] GC(1113) Pause Young (Allocation Failure)
[408.913s][info][gc,heap        ] GC(1113) PSYoungGen: 286272K(308736K)->64K(308736K) Eden: 286208K(286208K)->0K(289280K) From: 64K(22528K)->64K(19456K)
[408.913s][info][gc,heap        ] GC(1113) ParOldGen: 349711K(350208K)->349727K(350208K)
[408.913s][info][gc,metaspace   ] GC(1113) Metaspace: 35376K(36096K)->35376K(36096K) NonClass: 26168K(26688K)->26168K(26688K) Class: 9208K(9408K)->9208K(9408K)
[408.913s][info][gc             ] GC(1113) Pause Young (Allocation Failure) 621M->341M(643M) 1.320ms
[408.913s][info][gc,cpu         ] GC(1113) User=0.00s Sys=0.00s Real=0.00s
[409.151s][info][gc,start       ] GC(1114) Pause Young (Allocation Failure)
[409.152s][info][gc,heap        ] GC(1114) PSYoungGen: 289344K(308736K)->64K(310272K) Eden: 289280K(289280K)->0K(289280K) From: 64K(19456K)->64K(20992K)
[409.152s][info][gc,heap        ] GC(1114) ParOldGen: 349727K(350208K)->349743K(350208K)
[409.152s][info][gc,metaspace   ] GC(1114) Metaspace: 35376K(36096K)->35376K(36096K) NonClass: 26168K(26688K)->26168K(26688K) Class: 9208K(9408K)->9208K(9408K)
[409.152s][info][gc             ] GC(1114) Pause Young (Allocation Failure) 624M->341M(645M) 1.268ms
[409.153s][info][gc,cpu         ] GC(1114) User=0.00s Sys=0.00s Real=0.00s
[409.389s][info][gc,start       ] GC(1115) Pause Young (Allocation Failure)
[409.391s][info][gc,heap        ] GC(1115) PSYoungGen: 289344K(310272K)->64K(311296K) Eden: 289280K(289280K)->0K(292864K) From: 64K(20992K)->64K(18432K)
[409.391s][info][gc,heap        ] GC(1115) ParOldGen: 349743K(350208K)->349743K(350208K)
[409.391s][info][gc,metaspace   ] GC(1115) Metaspace: 35376K(36096K)->35376K(36096K) NonClass: 26168K(26688K)->26168K(26688K) Class: 9208K(9408K)->9208K(9408K)
[409.391s][info][gc             ] GC(1115) Pause Young (Allocation Failure) 624M->341M(646M) 1.186ms
[409.391s][info][gc,cpu         ] GC(1115) User=0.00s Sys=0.00s Real=0.00s
[409.668s][info][gc,start       ] GC(1116) Pause Young (Allocation Failure)
[409.669s][info][gc,heap        ] GC(1116) PSYoungGen: 292928K(311296K)->64K(312320K) Eden: 292864K(292864K)->0K(292864K) From: 64K(18432K)->64K(19456K)
[409.669s][info][gc,heap        ] GC(1116) ParOldGen: 349743K(350208K)->349743K(350208K)
[409.669s][info][gc,metaspace   ] GC(1116) Metaspace: 35376K(36096K)->35376K(36096K) NonClass: 26168K(26688K)->26168K(26688K) Class: 9208K(9408K)->9208K(9408K)
[409.669s][info][gc             ] GC(1116) Pause Young (Allocation Failure) 627M->341M(647M) 1.152ms
[409.669s][info][gc,cpu         ] GC(1116) User=0.00s Sys=0.00s Real=0.01s
[409.719s][info][gc,start       ] GC(1117) Pause Young (Allocation Failure)
[409.720s][info][gc,heap        ] GC(1117) PSYoungGen: 292928K(312320K)->64K(312320K) Eden: 292864K(292864K)->0K(295936K) From: 64K(19456K)->64K(16384K)
[409.720s][info][gc,heap        ] GC(1117) ParOldGen: 349743K(350208K)->349759K(350208K)
[409.720s][info][gc,metaspace   ] GC(1117) Metaspace: 35376K(36096K)->35376K(36096K) NonClass: 26168K(26688K)->26168K(26688K) Class: 9208K(9408K)->9208K(9408K)
[409.720s][info][gc             ] GC(1117) Pause Young (Allocation Failure) 627M->341M(647M) 1.104ms
[409.720s][info][gc,cpu         ] GC(1117) User=0.00s Sys=0.00s Real=0.00s
[409.840s][info][gc,start       ] GC(1118) Pause Young (Allocation Failure)
[409.841s][info][gc,heap        ] GC(1118) PSYoungGen: 296000K(312320K)->64K(313344K) Eden: 295936K(295936K)->0K(295936K) From: 64K(16384K)->64K(17408K)
[409.841s][info][gc,heap        ] GC(1118) ParOldGen: 349759K(350208K)->349759K(350208K)
[409.841s][info][gc,metaspace   ] GC(1118) Metaspace: 35376K(36096K)->35376K(36096K) NonClass: 26168K(26688K)->26168K(26688K) Class: 9208K(9408K)->9208K(9408K)
[409.841s][info][gc             ] GC(1118) Pause Young (Allocation Failure) 630M->341M(648M) 1.073ms
[409.841s][info][gc,cpu         ] GC(1118) User=0.00s Sys=0.00s Real=0.00s
[410.156s][info][gc,start       ] GC(1119) Pause Young (Allocation Failure)
[410.157s][info][gc,heap        ] GC(1119) PSYoungGen: 296000K(313344K)->64K(314368K) Eden: 295936K(295936K)->0K(300032K) From: 64K(17408K)->64K(14336K)
[410.157s][info][gc,heap        ] GC(1119) ParOldGen: 349759K(350208K)->349775K(350208K)
[410.157s][info][gc,metaspace   ] GC(1119) Metaspace: 35376K(36096K)->35376K(36096K) NonClass: 26168K(26688K)->26168K(26688K) Class: 9208K(9408K)->9208K(9408K)
[410.157s][info][gc             ] GC(1119) Pause Young (Allocation Failure) 630M->341M(649M) 1.183ms
[410.157s][info][gc,cpu         ] GC(1119) User=0.00s Sys=0.00s Real=0.00s
[410.345s][info][gc,start       ] GC(1120) Pause Young (Allocation Failure)
[410.346s][info][gc,heap        ] GC(1120) PSYoungGen: 300096K(314368K)->64K(315392K) Eden: 300032K(300032K)->0K(300032K) From: 64K(14336K)->64K(15360K)
[410.346s][info][gc,heap        ] GC(1120) ParOldGen: 349775K(350208K)->349775K(350208K)
[410.346s][info][gc,metaspace   ] GC(1120) Metaspace: 35376K(36096K)->35376K(36096K) NonClass: 26168K(26688K)->26168K(26688K) Class: 9208K(9408K)->9208K(9408K)
[410.346s][info][gc             ] GC(1120) Pause Young (Allocation Failure) 634M->341M(650M) 1.197ms
[410.346s][info][gc,cpu         ] GC(1120) User=0.00s Sys=0.00s Real=0.00s
[410.429s][info][gc,start       ] GC(1121) Pause Young (Allocation Failure)
[410.430s][info][gc,heap        ] GC(1121) PSYoungGen: 300096K(315392K)->64K(315904K) Eden: 300032K(300032K)->0K(303616K) From: 64K(15360K)->64K(12288K)
[410.430s][info][gc,heap        ] GC(1121) ParOldGen: 349775K(350208K)->349791K(350208K)
[410.430s][info][gc,metaspace   ] GC(1121) Metaspace: 35376K(36096K)->35376K(36096K) NonClass: 26168K(26688K)->26168K(26688K) Class: 9208K(9408K)->9208K(9408K)
[410.430s][info][gc             ] GC(1121) Pause Young (Allocation Failure) 634M->341M(650M) 1.196ms
[410.430s][info][gc,cpu         ] GC(1121) User=0.00s Sys=0.00s Real=0.00s
[410.610s][info][gc,start       ] GC(1122) Pause Young (Allocation Failure)
[410.611s][info][gc,heap        ] GC(1122) PSYoungGen: 303680K(315904K)->64K(317440K) Eden: 303616K(303616K)->0K(303616K) From: 64K(12288K)->64K(13824K)
[410.611s][info][gc,heap        ] GC(1122) ParOldGen: 349791K(350208K)->349791K(350208K)
[410.611s][info][gc,metaspace   ] GC(1122) Metaspace: 35376K(36096K)->35376K(36096K) NonClass: 26168K(26688K)->26168K(26688K) Class: 9208K(9408K)->9208K(9408K)
[410.611s][info][gc             ] GC(1122) Pause Young (Allocation Failure) 638M->341M(652M) 1.174ms
[410.611s][info][gc,cpu         ] GC(1122) User=0.00s Sys=0.00s Real=0.00s
[411.514s][info][gc,start       ] GC(1123) Pause Young (Allocation Failure)
[411.515s][info][gc,heap        ] GC(1123) PSYoungGen: 303680K(317440K)->83K(291840K) Eden: 303616K(303616K)->0K(291328K) From: 64K(13824K)->83K(512K)
[411.515s][info][gc,heap        ] GC(1123) ParOldGen: 349791K(350208K)->349799K(350208K)
[411.516s][info][gc,metaspace   ] GC(1123) Metaspace: 35376K(36096K)->35376K(36096K) NonClass: 26168K(26688K)->26168K(26688K) Class: 9208K(9408K)->9208K(9408K)
[411.516s][info][gc             ] GC(1123) Pause Young (Allocation Failure) 638M->341M(627M) 1.270ms
[411.516s][info][gc,cpu         ] GC(1123) User=0.00s Sys=0.00s Real=0.00s
[412.358s][info][gc,start       ] GC(1124) Pause Young (Allocation Failure)
[412.359s][info][gc,heap        ] GC(1124) PSYoungGen: 291411K(291840K)->64K(291840K) Eden: 291328K(291328K)->0K(279552K) From: 83K(512K)->64K(12288K)
[412.359s][info][gc,heap        ] GC(1124) ParOldGen: 349799K(350208K)->349807K(350208K)
[412.359s][info][gc,metaspace   ] GC(1124) Metaspace: 35376K(36096K)->35376K(36096K) NonClass: 26168K(26688K)->26168K(26688K) Class: 9208K(9408K)->9208K(9408K)
[412.359s][info][gc             ] GC(1124) Pause Young (Allocation Failure) 626M->341M(627M) 1.177ms
[412.359s][info][gc,cpu         ] GC(1124) User=0.00s Sys=0.00s Real=0.01s
[412.706s][info][gc,start       ] GC(1125) Pause Young (Allocation Failure)
[412.708s][info][gc,heap        ] GC(1125) PSYoungGen: 279616K(291840K)->64K(269312K) Eden: 279552K(279552K)->0K(268800K) From: 64K(12288K)->64K(512K)
[412.708s][info][gc,heap        ] GC(1125) ParOldGen: 349807K(350208K)->349815K(350208K)
[412.708s][info][gc,metaspace   ] GC(1125) Metaspace: 35376K(36096K)->35376K(36096K) NonClass: 26168K(26688K)->26168K(26688K) Class: 9208K(9408K)->9208K(9408K)
[412.708s][info][gc             ] GC(1125) Pause Young (Allocation Failure) 614M->341M(605M) 1.309ms
[412.708s][info][gc,cpu         ] GC(1125) User=0.00s Sys=0.00s Real=0.00s
[413.604s][info][gc,start       ] GC(1126) Pause Young (Allocation Failure)
[413.605s][info][gc,heap        ] GC(1126) PSYoungGen: 268864K(269312K)->64K(269312K) Eden: 268800K(268800K)->0K(258560K) From: 64K(512K)->64K(10752K)
[413.605s][info][gc,heap        ] GC(1126) ParOldGen: 349815K(350208K)->349831K(350208K)
[413.605s][info][gc,metaspace   ] GC(1126) Metaspace: 35376K(36096K)->35376K(36096K) NonClass: 26168K(26688K)->26168K(26688K) Class: 9208K(9408K)->9208K(9408K)
[413.605s][info][gc             ] GC(1126) Pause Young (Allocation Failure) 604M->341M(605M) 1.112ms
[413.605s][info][gc,cpu         ] GC(1126) User=0.00s Sys=0.00s Real=0.00s
[414.010s][info][gc,start       ] GC(1127) Pause Young (Allocation Failure)
[414.012s][info][gc,heap        ] GC(1127) PSYoungGen: 258624K(269312K)->64K(249344K) Eden: 258560K(258560K)->0K(248832K) From: 64K(10752K)->64K(512K)
[414.012s][info][gc,heap        ] GC(1127) ParOldGen: 349831K(350208K)->349839K(350208K)
[414.012s][info][gc,metaspace   ] GC(1127) Metaspace: 35376K(36096K)->35376K(36096K) NonClass: 26168K(26688K)->26168K(26688K) Class: 9208K(9408K)->9208K(9408K)
[414.012s][info][gc             ] GC(1127) Pause Young (Allocation Failure) 594M->341M(585M) 1.509ms
[414.012s][info][gc,cpu         ] GC(1127) User=0.01s Sys=0.00s Real=0.00s
[414.376s][info][gc,start       ] GC(1128) Pause Young (Allocation Failure)
[414.378s][info][gc,heap        ] GC(1128) PSYoungGen: 248896K(249344K)->64K(248320K) Eden: 248832K(248832K)->0K(239104K) From: 64K(512K)->64K(9216K)
[414.378s][info][gc,heap        ] GC(1128) ParOldGen: 349839K(350208K)->349847K(350208K)
[414.378s][info][gc,metaspace   ] GC(1128) Metaspace: 35376K(36096K)->35376K(36096K) NonClass: 26168K(26688K)->26168K(26688K) Class: 9208K(9408K)->9208K(9408K)
[414.378s][info][gc             ] GC(1128) Pause Young (Allocation Failure) 584M->341M(584M) 2.327ms
[414.378s][info][gc,cpu         ] GC(1128) User=0.00s Sys=0.00s Real=0.00s
[414.447s][info][gc,start       ] GC(1129) Pause Young (Allocation Failure)
[414.449s][info][gc,heap        ] GC(1129) PSYoungGen: 239168K(248320K)->32K(230400K) Eden: 239104K(239104K)->0K(229888K) From: 64K(9216K)->32K(512K)
[414.449s][info][gc,heap        ] GC(1129) ParOldGen: 349847K(350208K)->349855K(350208K)
[414.449s][info][gc,metaspace   ] GC(1129) Metaspace: 35376K(36096K)->35376K(36096K) NonClass: 26168K(26688K)->26168K(26688K) Class: 9208K(9408K)->9208K(9408K)
[414.449s][info][gc             ] GC(1129) Pause Young (Allocation Failure) 575M->341M(567M) 2.024ms
[414.449s][info][gc,cpu         ] GC(1129) User=0.00s Sys=0.00s Real=0.01s
[414.941s][info][gc,start       ] GC(1130) Pause Young (Allocation Failure)
[414.942s][info][gc,heap        ] GC(1130) PSYoungGen: 229920K(230400K)->64K(229376K) Eden: 229888K(229888K)->0K(221184K) From: 32K(512K)->64K(8192K)
[414.942s][info][gc,heap        ] GC(1130) ParOldGen: 349855K(350208K)->349863K(350208K)
[414.942s][info][gc,metaspace   ] GC(1130) Metaspace: 35376K(36096K)->35376K(36096K) NonClass: 26168K(26688K)->26168K(26688K) Class: 9208K(9408K)->9208K(9408K)
[414.942s][info][gc             ] GC(1130) Pause Young (Allocation Failure) 566M->341M(566M) 1.167ms
[414.942s][info][gc,cpu         ] GC(1130) User=0.00s Sys=0.00s Real=0.00s
[415.174s][info][gc,start       ] GC(1131) Pause Young (Allocation Failure)
[415.175s][info][gc,heap        ] GC(1131) PSYoungGen: 221248K(229376K)->64K(213504K) Eden: 221184K(221184K)->0K(212992K) From: 64K(8192K)->64K(512K)
[415.175s][info][gc,heap        ] GC(1131) ParOldGen: 349863K(350208K)->349871K(350208K)
[415.175s][info][gc,metaspace   ] GC(1131) Metaspace: 35376K(36096K)->35376K(36096K) NonClass: 26168K(26688K)->26168K(26688K) Class: 9208K(9408K)->9208K(9408K)
[415.175s][info][gc             ] GC(1131) Pause Young (Allocation Failure) 557M->341M(550M) 1.610ms
[415.175s][info][gc,cpu         ] GC(1131) User=0.01s Sys=0.00s Real=0.00s
[415.525s][info][gc,start       ] GC(1132) Pause Young (Allocation Failure)
[415.536s][info][gc,heap        ] GC(1132) PSYoungGen: 213056K(213504K)->7168K(259584K) Eden: 212992K(212992K)->0K(252416K) From: 64K(512K)->7168K(7168K)
[415.536s][info][gc,heap        ] GC(1132) ParOldGen: 349871K(350208K)->350159K(350208K)
[415.536s][info][gc,metaspace   ] GC(1132) Metaspace: 35376K(36096K)->35376K(36096K) NonClass: 26168K(26688K)->26168K(26688K) Class: 9208K(9408K)->9208K(9408K)
[415.536s][info][gc             ] GC(1132) Pause Young (Allocation Failure) 549M->348M(595M) 11.575ms
[415.536s][info][gc,cpu         ] GC(1132) User=0.03s Sys=0.00s Real=0.01s
[415.866s][info][gc,start       ] GC(1133) Pause Young (Allocation Failure)
[415.920s][info][gc,heap        ] GC(1133) PSYoungGen: 259584K(259584K)->7168K(267264K) Eden: 252416K(252416K)->0K(260096K) From: 7168K(7168K)->7168K(7168K)
[415.920s][info][gc,heap        ] GC(1133) ParOldGen: 350159K(350208K)->371775K(372224K)
[415.920s][info][gc,metaspace   ] GC(1133) Metaspace: 35376K(36096K)->35376K(36096K) NonClass: 26168K(26688K)->26168K(26688K) Class: 9208K(9408K)->9208K(9408K)
[415.920s][info][gc             ] GC(1133) Pause Young (Allocation Failure) 595M->370M(624M) 54.416ms
[415.920s][info][gc,cpu         ] GC(1133) User=0.09s Sys=0.01s Real=0.06s
[416.232s][info][gc,start       ] GC(1134) Pause Young (Allocation Failure)
[416.281s][info][gc,heap        ] GC(1134) PSYoungGen: 267264K(267264K)->18432K(278528K) Eden: 260096K(260096K)->0K(260096K) From: 7168K(7168K)->18432K(18432K)
[416.281s][info][gc,heap        ] GC(1134) ParOldGen: 371775K(372224K)->380343K(380416K)
[416.281s][info][gc,metaspace   ] GC(1134) Metaspace: 35376K(36096K)->35376K(36096K) NonClass: 26168K(26688K)->26168K(26688K) Class: 9208K(9408K)->9208K(9408K)
[416.281s][info][gc             ] GC(1134) Pause Young (Allocation Failure) 624M->389M(643M) 48.432ms
[416.281s][info][gc,cpu         ] GC(1134) User=0.09s Sys=0.01s Real=0.05s
[416.367s][info][gc,start       ] GC(1135) Pause Young (Allocation Failure)
[416.370s][info][gc,heap        ] GC(1135) PSYoungGen: 278528K(278528K)->64K(309248K) Eden: 260096K(260096K)->0K(283648K) From: 18432K(18432K)->64K(25600K)
[416.370s][info][gc,heap        ] GC(1135) ParOldGen: 380343K(380416K)->380567K(380928K)
[416.370s][info][gc,metaspace   ] GC(1135) Metaspace: 35376K(36096K)->35376K(36096K) NonClass: 26168K(26688K)->26168K(26688K) Class: 9208K(9408K)->9208K(9408K)
[416.370s][info][gc             ] GC(1135) Pause Young (Allocation Failure) 643M->371M(674M) 3.584ms
[416.370s][info][gc,cpu         ] GC(1135) User=0.01s Sys=0.00s Real=0.01s
[417.019s][info][gc,start       ] GC(1136) Pause Young (Allocation Failure)
[417.020s][info][gc,heap        ] GC(1136) PSYoungGen: 283712K(309248K)->64K(284160K) Eden: 283648K(283648K)->0K(283648K) From: 64K(25600K)->64K(512K)
[417.020s][info][gc,heap        ] GC(1136) ParOldGen: 380567K(380928K)->380575K(380928K)
[417.020s][info][gc,metaspace   ] GC(1136) Metaspace: 35376K(36096K)->35376K(36096K) NonClass: 26168K(26688K)->26168K(26688K) Class: 9208K(9408K)->9208K(9408K)
[417.020s][info][gc             ] GC(1136) Pause Young (Allocation Failure) 648M->371M(649M) 1.431ms
[417.020s][info][gc,cpu         ] GC(1136) User=0.01s Sys=0.00s Real=0.00s
[417.386s][info][gc,start       ] GC(1137) Pause Young (Allocation Failure)
[417.387s][info][gc,heap        ] GC(1137) PSYoungGen: 283712K(284160K)->64K(308224K) Eden: 283648K(283648K)->0K(284672K) From: 64K(512K)->64K(23552K)
[417.387s][info][gc,heap        ] GC(1137) ParOldGen: 380575K(380928K)->380583K(380928K)
[417.387s][info][gc,metaspace   ] GC(1137) Metaspace: 35376K(36096K)->35376K(36096K) NonClass: 26168K(26688K)->26168K(26688K) Class: 9208K(9408K)->9208K(9408K)
[417.387s][info][gc             ] GC(1137) Pause Young (Allocation Failure) 648M->371M(673M) 1.314ms
[417.387s][info][gc,cpu         ] GC(1137) User=0.00s Sys=0.00s Real=0.00s
[417.816s][info][gc,start       ] GC(1138) Pause Young (Allocation Failure)
[417.817s][info][gc,heap        ] GC(1138) PSYoungGen: 284736K(308224K)->64K(307200K) Eden: 284672K(284672K)->0K(284672K) From: 64K(23552K)->64K(22528K)
[417.817s][info][gc,heap        ] GC(1138) ParOldGen: 380583K(380928K)->380599K(380928K)
[417.817s][info][gc,metaspace   ] GC(1138) Metaspace: 35376K(36096K)->35376K(36096K) NonClass: 26168K(26688K)->26168K(26688K) Class: 9208K(9408K)->9208K(9408K)
[417.817s][info][gc             ] GC(1138) Pause Young (Allocation Failure) 649M->371M(672M) 1.294ms
[417.817s][info][gc,cpu         ] GC(1138) User=0.00s Sys=0.00s Real=0.00s
[418.050s][info][gc,start       ] GC(1139) Pause Young (Allocation Failure)
[418.051s][info][gc,heap        ] GC(1139) PSYoungGen: 284736K(307200K)->64K(310272K) Eden: 284672K(284672K)->0K(288768K) From: 64K(22528K)->64K(21504K)
[418.051s][info][gc,heap        ] GC(1139) ParOldGen: 380599K(380928K)->380615K(380928K)
[418.051s][info][gc,metaspace   ] GC(1139) Metaspace: 35376K(36096K)->35376K(36096K) NonClass: 26168K(26688K)->26168K(26688K) Class: 9208K(9408K)->9208K(9408K)
[418.051s][info][gc             ] GC(1139) Pause Young (Allocation Failure) 649M->371M(675M) 1.331ms
[418.051s][info][gc,cpu         ] GC(1139) User=0.00s Sys=0.00s Real=0.00s
[418.406s][info][gc,start       ] GC(1140) Pause Young (Allocation Failure)
[418.407s][info][gc,heap        ] GC(1140) PSYoungGen: 288832K(310272K)->64K(309760K) Eden: 288768K(288768K)->0K(288768K) From: 64K(21504K)->64K(20992K)
[418.407s][info][gc,heap        ] GC(1140) ParOldGen: 380615K(380928K)->380615K(380928K)
[418.407s][info][gc,metaspace   ] GC(1140) Metaspace: 35376K(36096K)->35376K(36096K) NonClass: 26168K(26688K)->26168K(26688K) Class: 9208K(9408K)->9208K(9408K)
[418.407s][info][gc             ] GC(1140) Pause Young (Allocation Failure) 653M->371M(674M) 1.333ms
[418.407s][info][gc,cpu         ] GC(1140) User=0.00s Sys=0.00s Real=0.00s
[418.494s][info][gc,start       ] GC(1141) Pause Young (Allocation Failure)
[418.495s][info][gc,heap        ] GC(1141) PSYoungGen: 288832K(309760K)->64K(311808K) Eden: 288768K(288768K)->0K(292352K) From: 64K(20992K)->64K(19456K)
[418.495s][info][gc,heap        ] GC(1141) ParOldGen: 380615K(380928K)->380623K(380928K)
[418.495s][info][gc,metaspace   ] GC(1141) Metaspace: 35376K(36096K)->35376K(36096K) NonClass: 26168K(26688K)->26168K(26688K) Class: 9208K(9408K)->9208K(9408K)
[418.495s][info][gc             ] GC(1141) Pause Young (Allocation Failure) 653M->371M(676M) 1.211ms
[418.495s][info][gc,cpu         ] GC(1141) User=0.01s Sys=0.00s Real=0.00s
[418.547s][info][gc,start       ] GC(1142) Pause Young (Allocation Failure)
[418.549s][info][gc,heap        ] GC(1142) PSYoungGen: 292416K(311808K)->64K(311296K) Eden: 292352K(292352K)->0K(292352K) From: 64K(19456K)->64K(18944K)
[418.549s][info][gc,heap        ] GC(1142) ParOldGen: 380623K(380928K)->380639K(380928K)
[418.549s][info][gc,metaspace   ] GC(1142) Metaspace: 35376K(36096K)->35376K(36096K) NonClass: 26168K(26688K)->26168K(26688K) Class: 9208K(9408K)->9208K(9408K)
[418.549s][info][gc             ] GC(1142) Pause Young (Allocation Failure) 657M->371M(676M) 1.252ms
[418.549s][info][gc,cpu         ] GC(1142) User=0.00s Sys=0.00s Real=0.01s
[418.759s][info][gc,start       ] GC(1143) Pause Young (Allocation Failure)
[418.760s][info][gc,heap        ] GC(1143) PSYoungGen: 292416K(311296K)->64K(313856K) Eden: 292352K(292352K)->0K(296448K) From: 64K(18944K)->64K(17408K)
[418.760s][info][gc,heap        ] GC(1143) ParOldGen: 380639K(380928K)->380639K(380928K)
[418.760s][info][gc,metaspace   ] GC(1143) Metaspace: 35376K(36096K)->35376K(36096K) NonClass: 26168K(26688K)->26168K(26688K) Class: 9208K(9408K)->9208K(9408K)
[418.760s][info][gc             ] GC(1143) Pause Young (Allocation Failure) 657M->371M(678M) 1.276ms
[418.760s][info][gc,cpu         ] GC(1143) User=0.00s Sys=0.00s Real=0.00s
[419.048s][info][gc,start       ] GC(1144) Pause Young (Allocation Failure)
[419.049s][info][gc,heap        ] GC(1144) PSYoungGen: 296512K(313856K)->64K(313344K) Eden: 296448K(296448K)->0K(296448K) From: 64K(17408K)->64K(16896K)
[419.049s][info][gc,heap        ] GC(1144) ParOldGen: 380639K(380928K)->380647K(380928K)
[419.049s][info][gc,metaspace   ] GC(1144) Metaspace: 35376K(36096K)->35376K(36096K) NonClass: 26168K(26688K)->26168K(26688K) Class: 9208K(9408K)->9208K(9408K)
[419.050s][info][gc             ] GC(1144) Pause Young (Allocation Failure) 661M->371M(678M) 1.304ms
[419.050s][info][gc,cpu         ] GC(1144) User=0.00s Sys=0.00s Real=0.01s
[419.183s][info][gc,start       ] GC(1145) Pause Young (Allocation Failure)
[419.184s][info][gc,heap        ] GC(1145) PSYoungGen: 296512K(313344K)->64K(315904K) Eden: 296448K(296448K)->0K(300544K) From: 64K(16896K)->64K(15360K)
[419.184s][info][gc,heap        ] GC(1145) ParOldGen: 380647K(380928K)->380655K(380928K)
[419.184s][info][gc,metaspace   ] GC(1145) Metaspace: 35376K(36096K)->35376K(36096K) NonClass: 26168K(26688K)->26168K(26688K) Class: 9208K(9408K)->9208K(9408K)
[419.184s][info][gc             ] GC(1145) Pause Young (Allocation Failure) 661M->371M(680M) 1.199ms
[419.184s][info][gc,cpu         ] GC(1145) User=0.00s Sys=0.00s Real=0.00s
[419.294s][info][gc,start       ] GC(1146) Pause Young (Allocation Failure)
[419.295s][info][gc,heap        ] GC(1146) PSYoungGen: 300608K(315904K)->64K(315392K) Eden: 300544K(300544K)->0K(300544K) From: 64K(15360K)->64K(14848K)
[419.295s][info][gc,heap        ] GC(1146) ParOldGen: 380655K(380928K)->380663K(380928K)
[419.295s][info][gc,metaspace   ] GC(1146) Metaspace: 35376K(36096K)->35376K(36096K) NonClass: 26168K(26688K)->26168K(26688K) Class: 9208K(9408K)->9208K(9408K)
[419.295s][info][gc             ] GC(1146) Pause Young (Allocation Failure) 665M->371M(680M) 1.256ms
[419.295s][info][gc,cpu         ] GC(1146) User=0.00s Sys=0.00s Real=0.00s
[419.533s][info][gc,start       ] GC(1147) Pause Young (Allocation Failure)
[419.534s][info][gc,heap        ] GC(1147) PSYoungGen: 300608K(315392K)->64K(317952K) Eden: 300544K(300544K)->0K(304640K) From: 64K(14848K)->64K(13312K)
[419.534s][info][gc,heap        ] GC(1147) ParOldGen: 380663K(380928K)->380671K(380928K)
[419.535s][info][gc,metaspace   ] GC(1147) Metaspace: 35376K(36096K)->35376K(36096K) NonClass: 26168K(26688K)->26168K(26688K) Class: 9208K(9408K)->9208K(9408K)
[419.535s][info][gc             ] GC(1147) Pause Young (Allocation Failure) 665M->371M(682M) 1.248ms
[419.535s][info][gc,cpu         ] GC(1147) User=0.00s Sys=0.00s Real=0.00s
[420.345s][info][gc,start       ] GC(1148) Pause Young (Allocation Failure)
[420.346s][info][gc,heap        ] GC(1148) PSYoungGen: 304704K(317952K)->64K(292864K) Eden: 304640K(304640K)->0K(292352K) From: 64K(13312K)->64K(512K)
[420.346s][info][gc,heap        ] GC(1148) ParOldGen: 380671K(380928K)->380679K(380928K)
[420.346s][info][gc,metaspace   ] GC(1148) Metaspace: 35376K(36096K)->35376K(36096K) NonClass: 26168K(26688K)->26168K(26688K) Class: 9208K(9408K)->9208K(9408K)
[420.346s][info][gc             ] GC(1148) Pause Young (Allocation Failure) 669M->371M(658M) 1.349ms
[420.346s][info][gc,cpu         ] GC(1148) User=0.01s Sys=0.00s Real=0.00s
[421.232s][info][gc,start       ] GC(1149) Pause Young (Allocation Failure)
[421.233s][info][gc,heap        ] GC(1149) PSYoungGen: 292416K(292864K)->64K(281088K) Eden: 292352K(292352K)->0K(280576K) From: 64K(512K)->64K(512K)
[421.233s][info][gc,heap        ] GC(1149) ParOldGen: 380679K(380928K)->380687K(380928K)
[421.233s][info][gc,metaspace   ] GC(1149) Metaspace: 35376K(36096K)->35376K(36096K) NonClass: 26168K(26688K)->26168K(26688K) Class: 9208K(9408K)->9208K(9408K)
[421.233s][info][gc             ] GC(1149) Pause Young (Allocation Failure) 657M->371M(646M) 1.318ms
[421.233s][info][gc,cpu         ] GC(1149) User=0.00s Sys=0.00s Real=0.00s
[421.672s][info][gc,start       ] GC(1150) Pause Young (Allocation Failure)
[421.673s][info][gc,heap        ] GC(1150) PSYoungGen: 280640K(281088K)->64K(280576K) Eden: 280576K(280576K)->0K(269312K) From: 64K(512K)->64K(11264K)
[421.673s][info][gc,heap        ] GC(1150) ParOldGen: 380687K(380928K)->380695K(380928K)
[421.673s][info][gc,metaspace   ] GC(1150) Metaspace: 35376K(36096K)->35376K(36096K) NonClass: 26168K(26688K)->26168K(26688K) Class: 9208K(9408K)->9208K(9408K)
[421.673s][info][gc             ] GC(1150) Pause Young (Allocation Failure) 645M->371M(646M) 1.199ms
[421.673s][info][gc,cpu         ] GC(1150) User=0.00s Sys=0.00s Real=0.00s
[422.641s][info][gc,start       ] GC(1151) Pause Young (Allocation Failure)
[422.643s][info][gc,heap        ] GC(1151) PSYoungGen: 269376K(280576K)->64K(259584K) Eden: 269312K(269312K)->0K(259072K) From: 64K(11264K)->64K(512K)
[422.643s][info][gc,heap        ] GC(1151) ParOldGen: 380695K(380928K)->380703K(380928K)
[422.643s][info][gc,metaspace   ] GC(1151) Metaspace: 35376K(36096K)->35376K(36096K) NonClass: 26168K(26688K)->26168K(26688K) Class: 9208K(9408K)->9208K(9408K)
[422.643s][info][gc             ] GC(1151) Pause Young (Allocation Failure) 634M->371M(625M) 1.987ms
[422.643s][info][gc,cpu         ] GC(1151) User=0.01s Sys=0.00s Real=0.00s
[423.024s][info][gc,start       ] GC(1152) Pause Young (Allocation Failure)
[423.026s][info][gc,heap        ] GC(1152) PSYoungGen: 259136K(259584K)->32K(258560K) Eden: 259072K(259072K)->0K(248832K) From: 64K(512K)->32K(9728K)
[423.026s][info][gc,heap        ] GC(1152) ParOldGen: 380703K(380928K)->380711K(380928K)
[423.026s][info][gc,metaspace   ] GC(1152) Metaspace: 35376K(36096K)->35376K(36096K) NonClass: 26168K(26688K)->26168K(26688K) Class: 9208K(9408K)->9208K(9408K)
[423.026s][info][gc             ] GC(1152) Pause Young (Allocation Failure) 624M->371M(624M) 2.126ms
[423.026s][info][gc,cpu         ] GC(1152) User=0.00s Sys=0.00s Real=0.00s
[423.181s][info][gc,start       ] GC(1153) Pause Young (Allocation Failure)
[423.183s][info][gc,heap        ] GC(1153) PSYoungGen: 248864K(258560K)->64K(239616K) Eden: 248832K(248832K)->0K(239104K) From: 32K(9728K)->64K(512K)
[423.183s][info][gc,heap        ] GC(1153) ParOldGen: 380711K(380928K)->380719K(380928K)
[423.183s][info][gc,metaspace   ] GC(1153) Metaspace: 35376K(36096K)->35376K(36096K) NonClass: 26168K(26688K)->26168K(26688K) Class: 9208K(9408K)->9208K(9408K)
[423.183s][info][gc             ] GC(1153) Pause Young (Allocation Failure) 614M->371M(606M) 2.545ms
[423.183s][info][gc,cpu         ] GC(1153) User=0.00s Sys=0.00s Real=0.00s
[423.369s][info][gc,start       ] GC(1154) Pause Young (Allocation Failure)
[423.370s][info][gc,heap        ] GC(1154) PSYoungGen: 239168K(239616K)->64K(238592K) Eden: 239104K(239104K)->0K(229888K) From: 64K(512K)->64K(8704K)
[423.371s][info][gc,heap        ] GC(1154) ParOldGen: 380719K(380928K)->380727K(380928K)
[423.371s][info][gc,metaspace   ] GC(1154) Metaspace: 35376K(36096K)->35376K(36096K) NonClass: 26168K(26688K)->26168K(26688K) Class: 9208K(9408K)->9208K(9408K)
[423.371s][info][gc             ] GC(1154) Pause Young (Allocation Failure) 605M->371M(605M) 1.987ms
[423.371s][info][gc,cpu         ] GC(1154) User=0.00s Sys=0.00s Real=0.00s
[423.871s][info][gc,start       ] GC(1155) Pause Young (Allocation Failure)
[423.874s][info][gc,heap        ] GC(1155) PSYoungGen: 229952K(238592K)->64K(221696K) Eden: 229888K(229888K)->0K(221184K) From: 64K(8704K)->64K(512K)
[423.874s][info][gc,heap        ] GC(1155) ParOldGen: 380727K(380928K)->380735K(380928K)
[423.874s][info][gc,metaspace   ] GC(1155) Metaspace: 35376K(36096K)->35376K(36096K) NonClass: 26168K(26688K)->26168K(26688K) Class: 9208K(9408K)->9208K(9408K)
[423.874s][info][gc             ] GC(1155) Pause Young (Allocation Failure) 596M->371M(588M) 2.704ms
[423.874s][info][gc,cpu         ] GC(1155) User=0.00s Sys=0.00s Real=0.00s
[424.109s][info][gc,start       ] GC(1156) Pause Young (Allocation Failure)
[424.110s][info][gc,heap        ] GC(1156) PSYoungGen: 221247K(221696K)->64K(220672K) Eden: 221183K(221184K)->0K(212992K) From: 64K(512K)->64K(7680K)
[424.110s][info][gc,heap        ] GC(1156) ParOldGen: 380735K(380928K)->380743K(380928K)
[424.110s][info][gc,metaspace   ] GC(1156) Metaspace: 35376K(36096K)->35376K(36096K) NonClass: 26168K(26688K)->26168K(26688K) Class: 9208K(9408K)->9208K(9408K)
[424.110s][info][gc             ] GC(1156) Pause Young (Allocation Failure) 587M->371M(587M) 1.471ms
[424.110s][info][gc,cpu         ] GC(1156) User=0.00s Sys=0.00s Real=0.00s
[424.426s][info][gc,start       ] GC(1157) Pause Young (Allocation Failure)
[424.462s][info][gc,heap        ] GC(1157) PSYoungGen: 213056K(220672K)->7168K(261632K) Eden: 212992K(212992K)->0K(254464K) From: 64K(7680K)->7168K(7168K)
[424.462s][info][gc,heap        ] GC(1157) ParOldGen: 380743K(380928K)->392479K(392704K)
[424.462s][info][gc,metaspace   ] GC(1157) Metaspace: 35376K(36096K)->35376K(36096K) NonClass: 26168K(26688K)->26168K(26688K) Class: 9208K(9408K)->9208K(9408K)
[424.462s][info][gc             ] GC(1157) Pause Young (Allocation Failure) 579M->390M(639M) 35.581ms
[424.462s][info][gc,cpu         ] GC(1157) User=0.07s Sys=0.01s Real=0.04s
[424.795s][info][gc,start       ] GC(1158) Pause Young (Allocation Failure)
[424.851s][info][gc,heap        ] GC(1158) PSYoungGen: 261632K(261632K)->13312K(267776K) Eden: 254464K(254464K)->0K(254464K) From: 7168K(7168K)->13312K(13312K)
[424.851s][info][gc,heap        ] GC(1158) ParOldGen: 392479K(392704K)->408479K(408576K)
[424.851s][info][gc,metaspace   ] GC(1158) Metaspace: 35376K(36096K)->35376K(36096K) NonClass: 26168K(26688K)->26168K(26688K) Class: 9208K(9408K)->9208K(9408K)
[424.851s][info][gc             ] GC(1158) Pause Young (Allocation Failure) 638M->411M(660M) 55.345ms
[424.851s][info][gc,cpu         ] GC(1158) User=0.10s Sys=0.01s Real=0.06s
[425.051s][info][gc,start       ] GC(1159) Pause Young (Allocation Failure)
[425.084s][info][gc,heap        ] GC(1159) PSYoungGen: 267776K(267776K)->14752K(307712K) Eden: 254464K(254464K)->0K(285696K) From: 13312K(13312K)->14752K(22016K)
[425.084s][info][gc,heap        ] GC(1159) ParOldGen: 408479K(408576K)->408911K(409088K)
[425.084s][info][gc,metaspace   ] GC(1159) Metaspace: 35376K(36096K)->35376K(36096K) NonClass: 26168K(26688K)->26168K(26688K) Class: 9208K(9408K)->9208K(9408K)
[425.084s][info][gc             ] GC(1159) Pause Young (Allocation Failure) 660M->413M(700M) 33.658ms
[425.084s][info][gc,cpu         ] GC(1159) User=0.05s Sys=0.02s Real=0.03s
[425.406s][info][gc,start       ] GC(1160) Pause Young (Allocation Failure)
[425.407s][info][gc,heap        ] GC(1160) PSYoungGen: 300448K(307712K)->64K(309760K) Eden: 285696K(285696K)->0K(285696K) From: 14752K(22016K)->64K(24064K)
[425.407s][info][gc,heap        ] GC(1160) ParOldGen: 408911K(409088K)->408919K(409088K)
[425.407s][info][gc,metaspace   ] GC(1160) Metaspace: 35376K(36096K)->35376K(36096K) NonClass: 26168K(26688K)->26168K(26688K) Class: 9208K(9408K)->9208K(9408K)
[425.407s][info][gc             ] GC(1160) Pause Young (Allocation Failure) 692M->399M(702M) 1.440ms
[425.407s][info][gc,cpu         ] GC(1160) User=0.01s Sys=0.00s Real=0.00s
[426.025s][info][gc,start       ] GC(1161) Pause Young (Allocation Failure)
[426.026s][info][gc,heap        ] GC(1161) PSYoungGen: 285760K(309760K)->64K(307712K) Eden: 285696K(285696K)->0K(286720K) From: 64K(24064K)->64K(20992K)
[426.026s][info][gc,heap        ] GC(1161) ParOldGen: 408919K(409088K)->408927K(409088K)
[426.026s][info][gc,metaspace   ] GC(1161) Metaspace: 35376K(36096K)->35376K(36096K) NonClass: 26168K(26688K)->26168K(26688K) Class: 9208K(9408K)->9208K(9408K)
[426.026s][info][gc             ] GC(1161) Pause Young (Allocation Failure) 678M->399M(700M) 1.471ms
[426.026s][info][gc,cpu         ] GC(1161) User=0.00s Sys=0.00s Real=0.00s
[426.484s][info][gc,start       ] GC(1162) Pause Young (Allocation Failure)
[426.485s][info][gc,heap        ] GC(1162) PSYoungGen: 286784K(307712K)->64K(309248K) Eden: 286720K(286720K)->0K(286720K) From: 64K(20992K)->64K(22528K)
[426.485s][info][gc,heap        ] GC(1162) ParOldGen: 408927K(409088K)->408943K(409088K)
[426.485s][info][gc,metaspace   ] GC(1162) Metaspace: 35376K(36096K)->35376K(36096K) NonClass: 26168K(26688K)->26168K(26688K) Class: 9208K(9408K)->9208K(9408K)
[426.485s][info][gc             ] GC(1162) Pause Young (Allocation Failure) 679M->399M(701M) 1.380ms
[426.485s][info][gc,cpu         ] GC(1162) User=0.00s Sys=0.00s Real=0.00s
[426.719s][info][gc,start       ] GC(1163) Pause Young (Allocation Failure)
[426.721s][info][gc,heap        ] GC(1163) PSYoungGen: 286784K(309248K)->64K(308736K) Eden: 286720K(286720K)->0K(289792K) From: 64K(22528K)->64K(18944K)
[426.721s][info][gc,heap        ] GC(1163) ParOldGen: 408943K(409088K)->408959K(409088K)
[426.721s][info][gc,metaspace   ] GC(1163) Metaspace: 35376K(36096K)->35376K(36096K) NonClass: 26168K(26688K)->26168K(26688K) Class: 9208K(9408K)->9208K(9408K)
[426.721s][info][gc             ] GC(1163) Pause Young (Allocation Failure) 679M->399M(701M) 1.314ms
[426.721s][info][gc,cpu         ] GC(1163) User=0.01s Sys=0.00s Real=0.00s
[426.963s][info][gc,start       ] GC(1164) Pause Young (Allocation Failure)
[426.965s][info][gc,heap        ] GC(1164) PSYoungGen: 289856K(308736K)->64K(310272K) Eden: 289792K(289792K)->0K(289792K) From: 64K(18944K)->64K(20480K)
[426.965s][info][gc,heap        ] GC(1164) ParOldGen: 408959K(409088K)->408959K(409088K)
[426.965s][info][gc,metaspace   ] GC(1164) Metaspace: 35376K(36096K)->35376K(36096K) NonClass: 26168K(26688K)->26168K(26688K) Class: 9208K(9408K)->9208K(9408K)
[426.965s][info][gc             ] GC(1164) Pause Young (Allocation Failure) 682M->399M(702M) 1.438ms
[426.965s][info][gc,cpu         ] GC(1164) User=0.00s Sys=0.00s Real=0.00s
[427.268s][info][gc,start       ] GC(1165) Pause Young (Allocation Failure)
[427.269s][info][gc,heap        ] GC(1165) PSYoungGen: 289856K(310272K)->64K(310784K) Eden: 289792K(289792K)->0K(293888K) From: 64K(20480K)->64K(16896K)
[427.269s][info][gc,heap        ] GC(1165) ParOldGen: 408959K(409088K)->408959K(409088K)
[427.269s][info][gc,metaspace   ] GC(1165) Metaspace: 35376K(36096K)->35376K(36096K) NonClass: 26168K(26688K)->26168K(26688K) Class: 9208K(9408K)->9208K(9408K)
[427.269s][info][gc             ] GC(1165) Pause Young (Allocation Failure) 682M->399M(703M) 1.278ms
[427.269s][info][gc,cpu         ] GC(1165) User=0.00s Sys=0.00s Real=0.01s
[427.323s][info][gc,start       ] GC(1166) Pause Young (Allocation Failure)
[427.324s][info][gc,heap        ] GC(1166) PSYoungGen: 293952K(310784K)->64K(312320K) Eden: 293888K(293888K)->0K(293888K) From: 64K(16896K)->64K(18432K)
[427.324s][info][gc,heap        ] GC(1166) ParOldGen: 408959K(409088K)->408975K(409088K)
[427.324s][info][gc,metaspace   ] GC(1166) Metaspace: 35376K(36096K)->35376K(36096K) NonClass: 26168K(26688K)->26168K(26688K) Class: 9208K(9408K)->9208K(9408K)
[427.324s][info][gc             ] GC(1166) Pause Young (Allocation Failure) 686M->399M(704M) 1.357ms
[427.324s][info][gc,cpu         ] GC(1166) User=0.01s Sys=0.00s Real=0.00s
[427.401s][info][gc,start       ] GC(1167) Pause Young (Allocation Failure)
[427.403s][info][gc,heap        ] GC(1167) PSYoungGen: 293952K(312320K)->64K(312832K) Eden: 293888K(293888K)->0K(297472K) From: 64K(18432K)->64K(15360K)
[427.403s][info][gc,heap        ] GC(1167) ParOldGen: 408975K(409088K)->408975K(409088K)
[427.403s][info][gc,metaspace   ] GC(1167) Metaspace: 35376K(36096K)->35376K(36096K) NonClass: 26168K(26688K)->26168K(26688K) Class: 9208K(9408K)->9208K(9408K)
[427.403s][info][gc             ] GC(1167) Pause Young (Allocation Failure) 686M->399M(705M) 1.218ms
[427.403s][info][gc,cpu         ] GC(1167) User=0.01s Sys=0.00s Real=0.00s
[427.720s][info][gc,start       ] GC(1168) Pause Young (Allocation Failure)
[427.722s][info][gc,heap        ] GC(1168) PSYoungGen: 297536K(312832K)->64K(314368K) Eden: 297472K(297472K)->0K(297472K) From: 64K(15360K)->64K(16896K)
[427.722s][info][gc,heap        ] GC(1168) ParOldGen: 408975K(409088K)->408991K(409088K)
[427.722s][info][gc,metaspace   ] GC(1168) Metaspace: 35376K(36096K)->35376K(36096K) NonClass: 26168K(26688K)->26168K(26688K) Class: 9208K(9408K)->9208K(9408K)
[427.722s][info][gc             ] GC(1168) Pause Young (Allocation Failure) 689M->399M(706M) 1.398ms
[427.722s][info][gc,cpu         ] GC(1168) User=0.00s Sys=0.00s Real=0.00s
[427.945s][info][gc,start       ] GC(1169) Pause Young (Allocation Failure)
[427.946s][info][gc,heap        ] GC(1169) PSYoungGen: 297536K(314368K)->64K(314368K) Eden: 297472K(297472K)->0K(301056K) From: 64K(16896K)->64K(13312K)
[427.946s][info][gc,heap        ] GC(1169) ParOldGen: 408991K(409088K)->408991K(409088K)
[427.946s][info][gc,metaspace   ] GC(1169) Metaspace: 35376K(36096K)->35376K(36096K) NonClass: 26168K(26688K)->26168K(26688K) Class: 9208K(9408K)->9208K(9408K)
[427.946s][info][gc             ] GC(1169) Pause Young (Allocation Failure) 689M->399M(706M) 1.408ms
[427.946s][info][gc,cpu         ] GC(1169) User=0.00s Sys=0.00s Real=0.00s
[428.032s][info][gc,start       ] GC(1170) Pause Young (Allocation Failure)
[428.034s][info][gc,heap        ] GC(1170) PSYoungGen: 301120K(314368K)->64K(315904K) Eden: 301056K(301056K)->0K(301056K) From: 64K(13312K)->64K(14848K)
[428.034s][info][gc,heap        ] GC(1170) ParOldGen: 408991K(409088K)->409007K(409088K)
[428.034s][info][gc,metaspace   ] GC(1170) Metaspace: 35376K(36096K)->35376K(36096K) NonClass: 26168K(26688K)->26168K(26688K) Class: 9208K(9408K)->9208K(9408K)
[428.034s][info][gc             ] GC(1170) Pause Young (Allocation Failure) 693M->399M(708M) 1.415ms
[428.034s][info][gc,cpu         ] GC(1170) User=0.00s Sys=0.00s Real=0.00s
[428.194s][info][gc,start       ] GC(1171) Pause Young (Allocation Failure)
[428.196s][info][gc,heap        ] GC(1171) PSYoungGen: 301120K(315904K)->64K(317440K) Eden: 301056K(301056K)->0K(305152K) From: 64K(14848K)->64K(12288K)
[428.196s][info][gc,heap        ] GC(1171) ParOldGen: 409007K(409088K)->409007K(409088K)
[428.196s][info][gc,metaspace   ] GC(1171) Metaspace: 35376K(36096K)->35376K(36096K) NonClass: 26168K(26688K)->26168K(26688K) Class: 9208K(9408K)->9208K(9408K)
[428.196s][info][gc             ] GC(1171) Pause Young (Allocation Failure) 693M->399M(709M) 1.303ms
[428.196s][info][gc,cpu         ] GC(1171) User=0.00s Sys=0.00s Real=0.00s
[429.126s][info][gc,start       ] GC(1172) Pause Young (Allocation Failure)
[429.128s][info][gc,heap        ] GC(1172) PSYoungGen: 305216K(317440K)->83K(293376K) Eden: 305152K(305152K)->0K(292864K) From: 64K(12288K)->83K(512K)
[429.128s][info][gc,heap        ] GC(1172) ParOldGen: 409007K(409088K)->409015K(409088K)
[429.128s][info][gc,metaspace   ] GC(1172) Metaspace: 35376K(36096K)->35376K(36096K) NonClass: 26168K(26688K)->26168K(26688K) Class: 9208K(9408K)->9208K(9408K)
[429.128s][info][gc             ] GC(1172) Pause Young (Allocation Failure) 697M->399M(686M) 1.817ms
[429.128s][info][gc,cpu         ] GC(1172) User=0.00s Sys=0.00s Real=0.00s
[429.932s][info][gc,start       ] GC(1173) Pause Young (Allocation Failure)
[429.934s][info][gc,heap        ] GC(1173) PSYoungGen: 292947K(293376K)->64K(281600K) Eden: 292864K(292864K)->0K(281088K) From: 83K(512K)->64K(512K)
[429.934s][info][gc,heap        ] GC(1173) ParOldGen: 409015K(409088K)->409023K(409088K)
[429.934s][info][gc,metaspace   ] GC(1173) Metaspace: 35376K(36096K)->35376K(36096K) NonClass: 26168K(26688K)->26168K(26688K) Class: 9208K(9408K)->9208K(9408K)
[429.934s][info][gc             ] GC(1173) Pause Young (Allocation Failure) 685M->399M(674M) 1.912ms
[429.934s][info][gc,cpu         ] GC(1173) User=0.00s Sys=0.00s Real=0.00s
[430.209s][info][gc,start       ] GC(1174) Pause Young (Allocation Failure)
[430.210s][info][gc,heap        ] GC(1174) PSYoungGen: 281152K(281600K)->64K(281600K) Eden: 281088K(281088K)->0K(269824K) From: 64K(512K)->64K(11776K)
[430.210s][info][gc,heap        ] GC(1174) ParOldGen: 409023K(409088K)->409031K(409088K)
[430.210s][info][gc,metaspace   ] GC(1174) Metaspace: 35376K(36096K)->35376K(36096K) NonClass: 26168K(26688K)->26168K(26688K) Class: 9208K(9408K)->9208K(9408K)
[430.210s][info][gc             ] GC(1174) Pause Young (Allocation Failure) 673M->399M(674M) 1.314ms
[430.210s][info][gc,cpu         ] GC(1174) User=0.00s Sys=0.00s Real=0.00s
[430.673s][info][gc,start       ] GC(1175) Pause Young (Allocation Failure)
[430.675s][info][gc,heap        ] GC(1175) PSYoungGen: 269888K(281600K)->64K(259584K) Eden: 269824K(269824K)->0K(259072K) From: 64K(11776K)->64K(512K)
[430.675s][info][gc,heap        ] GC(1175) ParOldGen: 409031K(409088K)->409039K(409088K)
[430.675s][info][gc,metaspace   ] GC(1175) Metaspace: 35376K(36096K)->35376K(36096K) NonClass: 26168K(26688K)->26168K(26688K) Class: 9208K(9408K)->9208K(9408K)
[430.675s][info][gc             ] GC(1175) Pause Young (Allocation Failure) 663M->399M(653M) 1.971ms
[430.675s][info][gc,cpu         ] GC(1175) User=0.00s Sys=0.00s Real=0.00s
[431.589s][info][gc,start       ] GC(1176) Pause Young (Allocation Failure)
[431.591s][info][gc,heap        ] GC(1176) PSYoungGen: 259136K(259584K)->64K(259072K) Eden: 259072K(259072K)->0K(248832K) From: 64K(512K)->64K(10240K)
[431.591s][info][gc,heap        ] GC(1176) ParOldGen: 409039K(409088K)->409047K(409088K)
[431.591s][info][gc,metaspace   ] GC(1176) Metaspace: 35376K(36096K)->35376K(36096K) NonClass: 26168K(26688K)->26168K(26688K) Class: 9208K(9408K)->9208K(9408K)
[431.591s][info][gc             ] GC(1176) Pause Young (Allocation Failure) 652M->399M(652M) 1.956ms
[431.591s][info][gc,cpu         ] GC(1176) User=0.01s Sys=0.00s Real=0.00s
[431.944s][info][gc,start       ] GC(1177) Pause Young (Allocation Failure)
[431.946s][info][gc,heap        ] GC(1177) PSYoungGen: 248896K(259072K)->64K(239616K) Eden: 248832K(248832K)->0K(239104K) From: 64K(10240K)->64K(512K)
[431.946s][info][gc,heap        ] GC(1177) ParOldGen: 409047K(409088K)->409055K(409088K)
[431.946s][info][gc,metaspace   ] GC(1177) Metaspace: 35376K(36096K)->35376K(36096K) NonClass: 26168K(26688K)->26168K(26688K) Class: 9208K(9408K)->9208K(9408K)
[431.946s][info][gc             ] GC(1177) Pause Young (Allocation Failure) 642M->399M(633M) 2.189ms
[431.946s][info][gc,cpu         ] GC(1177) User=0.00s Sys=0.00s Real=0.00s
[432.024s][info][gc,start       ] GC(1178) Pause Young (Allocation Failure)
[432.026s][info][gc,heap        ] GC(1178) PSYoungGen: 239168K(239616K)->64K(280576K) Eden: 239104K(239104K)->0K(271872K) From: 64K(512K)->64K(8704K)
[432.026s][info][gc,heap        ] GC(1178) ParOldGen: 409055K(409088K)->409071K(409088K)
[432.026s][info][gc,metaspace   ] GC(1178) Metaspace: 35376K(36096K)->35376K(36096K) NonClass: 26168K(26688K)->26168K(26688K) Class: 9208K(9408K)->9208K(9408K)
[432.026s][info][gc             ] GC(1178) Pause Young (Allocation Failure) 633M->399M(673M) 2.202ms
[432.026s][info][gc,cpu         ] GC(1178) User=0.00s Sys=0.00s Real=0.00s
[432.527s][info][gc,start       ] GC(1179) Pause Young (Allocation Failure)
[432.529s][info][gc,heap        ] GC(1179) PSYoungGen: 271936K(280576K)->64K(261632K) Eden: 271872K(271872K)->0K(261120K) From: 64K(8704K)->64K(512K)
[432.530s][info][gc,heap        ] GC(1179) ParOldGen: 409071K(409088K)->409087K(409088K)
[432.530s][info][gc,metaspace   ] GC(1179) Metaspace: 35376K(36096K)->35376K(36096K) NonClass: 26168K(26688K)->26168K(26688K) Class: 9208K(9408K)->9208K(9408K)
[432.530s][info][gc             ] GC(1179) Pause Young (Allocation Failure) 665M->399M(655M) 2.362ms
[432.530s][info][gc,cpu         ] GC(1179) User=0.00s Sys=0.00s Real=0.01s
[432.828s][info][gc,start       ] GC(1180) Pause Young (Allocation Failure)
[432.830s][info][gc,heap        ] GC(1180) PSYoungGen: 261184K(261632K)->64K(258560K) Eden: 261120K(261120K)->0K(250880K) From: 64K(512K)->64K(7680K)
[432.831s][info][gc,heap        ] GC(1180) ParOldGen: 409087K(409088K)->409103K(409600K)
[432.831s][info][gc,metaspace   ] GC(1180) Metaspace: 35376K(36096K)->35376K(36096K) NonClass: 26168K(26688K)->26168K(26688K) Class: 9208K(9408K)->9208K(9408K)
[432.831s][info][gc             ] GC(1180) Pause Young (Allocation Failure) 654M->399M(652M) 2.258ms
[432.831s][info][gc,cpu         ] GC(1180) User=0.00s Sys=0.00s Real=0.01s
[433.212s][info][gc,start       ] GC(1181) Pause Young (Allocation Failure)
[433.242s][info][gc,heap        ] GC(1181) PSYoungGen: 250944K(258560K)->7168K(278528K) Eden: 250880K(250880K)->0K(271360K) From: 64K(7680K)->7168K(7168K)
[433.242s][info][gc,heap        ] GC(1181) ParOldGen: 409103K(409600K)->417991K(418304K)
[433.242s][info][gc,metaspace   ] GC(1181) Metaspace: 35376K(36096K)->35376K(36096K) NonClass: 26168K(26688K)->26168K(26688K) Class: 9208K(9408K)->9208K(9408K)
[433.242s][info][gc             ] GC(1181) Pause Young (Allocation Failure) 644M->415M(680M) 30.810ms
[433.242s][info][gc,cpu         ] GC(1181) User=0.05s Sys=0.00s Real=0.03s
[433.599s][info][gc,start       ] GC(1182) Pause Young (Allocation Failure)
[433.658s][info][gc,heap        ] GC(1182) PSYoungGen: 278528K(278528K)->12288K(283648K) Eden: 271360K(271360K)->0K(271360K) From: 7168K(7168K)->12288K(12288K)
[433.658s][info][gc,heap        ] GC(1182) ParOldGen: 417991K(418304K)->436871K(437248K)
[433.658s][info][gc,metaspace   ] GC(1182) Metaspace: 35376K(36096K)->35376K(36096K) NonClass: 26168K(26688K)->26168K(26688K) Class: 9208K(9408K)->9208K(9408K)
[433.658s][info][gc             ] GC(1182) Pause Young (Allocation Failure) 680M->438M(704M) 59.033ms
[433.658s][info][gc,cpu         ] GC(1182) User=0.11s Sys=0.02s Real=0.05s
[433.874s][info][gc,start       ] GC(1183) Pause Young (Allocation Failure)
[433.910s][info][gc,heap        ] GC(1183) PSYoungGen: 283648K(283648K)->15680K(307712K) Eden: 271360K(271360K)->0K(285696K) From: 12288K(12288K)->15680K(22016K)
[433.910s][info][gc,heap        ] GC(1183) ParOldGen: 436871K(437248K)->437383K(437760K)
[433.910s][info][gc,metaspace   ] GC(1183) Metaspace: 35376K(36096K)->35376K(36096K) NonClass: 26168K(26688K)->26168K(26688K) Class: 9208K(9408K)->9208K(9408K)
[433.910s][info][gc             ] GC(1183) Pause Young (Allocation Failure) 703M->442M(728M) 35.937ms
[433.910s][info][gc,cpu         ] GC(1183) User=0.05s Sys=0.01s Real=0.04s
[434.247s][info][gc,start       ] GC(1184) Pause Young (Allocation Failure)
[434.248s][info][gc,heap        ] GC(1184) PSYoungGen: 301376K(307712K)->64K(309760K) Eden: 285696K(285696K)->0K(285696K) From: 15680K(22016K)->64K(24064K)
[434.248s][info][gc,heap        ] GC(1184) ParOldGen: 437383K(437760K)->437391K(437760K)
[434.248s][info][gc,metaspace   ] GC(1184) Metaspace: 35376K(36096K)->35376K(36096K) NonClass: 26168K(26688K)->26168K(26688K) Class: 9208K(9408K)->9208K(9408K)
[434.248s][info][gc             ] GC(1184) Pause Young (Allocation Failure) 721M->427M(730M) 1.495ms
[434.248s][info][gc,cpu         ] GC(1184) User=0.00s Sys=0.00s Real=0.00s
[434.855s][info][gc,start       ] GC(1185) Pause Young (Allocation Failure)
[434.856s][info][gc,heap        ] GC(1185) PSYoungGen: 285760K(309760K)->64K(307200K) Eden: 285696K(285696K)->0K(286208K) From: 64K(24064K)->64K(20992K)
[434.856s][info][gc,heap        ] GC(1185) ParOldGen: 437391K(437760K)->437399K(437760K)
[434.856s][info][gc,metaspace   ] GC(1185) Metaspace: 35376K(36096K)->35376K(36096K) NonClass: 26168K(26688K)->26168K(26688K) Class: 9208K(9408K)->9208K(9408K)
[434.856s][info][gc             ] GC(1185) Pause Young (Allocation Failure) 706M->427M(727M) 1.482ms
[434.856s][info][gc,cpu         ] GC(1185) User=0.00s Sys=0.00s Real=0.00s
[435.303s][info][gc,start       ] GC(1186) Pause Young (Allocation Failure)
[435.304s][info][gc,heap        ] GC(1186) PSYoungGen: 286272K(307200K)->64K(308736K) Eden: 286208K(286208K)->0K(286208K) From: 64K(20992K)->64K(22528K)
[435.304s][info][gc,heap        ] GC(1186) ParOldGen: 437399K(437760K)->437415K(437760K)
[435.304s][info][gc,metaspace   ] GC(1186) Metaspace: 35376K(36096K)->35376K(36096K) NonClass: 26168K(26688K)->26168K(26688K) Class: 9208K(9408K)->9208K(9408K)
[435.304s][info][gc             ] GC(1186) Pause Young (Allocation Failure) 706M->427M(729M) 1.388ms
[435.304s][info][gc,cpu         ] GC(1186) User=0.00s Sys=0.00s Real=0.00s
[435.539s][info][gc,start       ] GC(1187) Pause Young (Allocation Failure)
[435.541s][info][gc,heap        ] GC(1187) PSYoungGen: 286272K(308736K)->64K(309760K) Eden: 286208K(286208K)->0K(289792K) From: 64K(22528K)->64K(19968K)
[435.541s][info][gc,heap        ] GC(1187) ParOldGen: 437415K(437760K)->437431K(437760K)
[435.541s][info][gc,metaspace   ] GC(1187) Metaspace: 35376K(36096K)->35376K(36096K) NonClass: 26168K(26688K)->26168K(26688K) Class: 9208K(9408K)->9208K(9408K)
[435.541s][info][gc             ] GC(1187) Pause Young (Allocation Failure) 706M->427M(730M) 1.376ms
[435.541s][info][gc,cpu         ] GC(1187) User=0.00s Sys=0.00s Real=0.00s
[435.778s][info][gc,start       ] GC(1188) Pause Young (Allocation Failure)
[435.779s][info][gc,heap        ] GC(1188) PSYoungGen: 289856K(309760K)->32K(310784K) Eden: 289792K(289792K)->0K(289792K) From: 64K(19968K)->32K(20992K)
[435.779s][info][gc,heap        ] GC(1188) ParOldGen: 437431K(437760K)->437431K(437760K)
[435.779s][info][gc,metaspace   ] GC(1188) Metaspace: 35376K(36096K)->35376K(36096K) NonClass: 26168K(26688K)->26168K(26688K) Class: 9208K(9408K)->9208K(9408K)
[435.779s][info][gc             ] GC(1188) Pause Young (Allocation Failure) 710M->427M(731M) 1.415ms
[435.779s][info][gc,cpu         ] GC(1188) User=0.01s Sys=0.00s Real=0.01s
[436.079s][info][gc,start       ] GC(1189) Pause Young (Allocation Failure)
[436.080s][info][gc,heap        ] GC(1189) PSYoungGen: 289824K(310784K)->64K(310784K) Eden: 289792K(289792K)->0K(292864K) From: 32K(20992K)->64K(17920K)
[436.080s][info][gc,heap        ] GC(1189) ParOldGen: 437431K(437760K)->437431K(437760K)
[436.080s][info][gc,metaspace   ] GC(1189) Metaspace: 35376K(36096K)->35376K(36096K) NonClass: 26168K(26688K)->26168K(26688K) Class: 9208K(9408K)->9208K(9408K)
[436.080s][info][gc             ] GC(1189) Pause Young (Allocation Failure) 710M->427M(731M) 1.404ms
[436.080s][info][gc,cpu         ] GC(1189) User=0.00s Sys=0.00s Real=0.00s
[436.132s][info][gc,start       ] GC(1190) Pause Young (Allocation Failure)
[436.133s][info][gc,heap        ] GC(1190) PSYoungGen: 292928K(310784K)->64K(311808K) Eden: 292864K(292864K)->0K(292864K) From: 64K(17920K)->64K(18944K)
[436.133s][info][gc,heap        ] GC(1190) ParOldGen: 437431K(437760K)->437447K(437760K)
[436.133s][info][gc,metaspace   ] GC(1190) Metaspace: 35376K(36096K)->35376K(36096K) NonClass: 26168K(26688K)->26168K(26688K) Class: 9208K(9408K)->9208K(9408K)
[436.133s][info][gc             ] GC(1190) Pause Young (Allocation Failure) 713M->427M(732M) 1.335ms
[436.133s][info][gc,cpu         ] GC(1190) User=0.00s Sys=0.00s Real=0.00s
[436.214s][info][gc,start       ] GC(1191) Pause Young (Allocation Failure)
[436.216s][info][gc,heap        ] GC(1191) PSYoungGen: 292928K(311808K)->64K(312832K) Eden: 292864K(292864K)->0K(296960K) From: 64K(18944K)->64K(15872K)
[436.216s][info][gc,heap        ] GC(1191) ParOldGen: 437447K(437760K)->437447K(437760K)
[436.216s][info][gc,metaspace   ] GC(1191) Metaspace: 35376K(36096K)->35376K(36096K) NonClass: 26168K(26688K)->26168K(26688K) Class: 9208K(9408K)->9208K(9408K)
[436.216s][info][gc             ] GC(1191) Pause Young (Allocation Failure) 713M->427M(733M) 1.353ms
[436.216s][info][gc,cpu         ] GC(1191) User=0.00s Sys=0.00s Real=0.00s
[436.534s][info][gc,start       ] GC(1192) Pause Young (Allocation Failure)
[436.536s][info][gc,heap        ] GC(1192) PSYoungGen: 297024K(312832K)->32K(313856K) Eden: 296960K(296960K)->0K(296960K) From: 64K(15872K)->32K(16896K)
[436.536s][info][gc,heap        ] GC(1192) ParOldGen: 437447K(437760K)->437463K(437760K)
[436.536s][info][gc,metaspace   ] GC(1192) Metaspace: 35376K(36096K)->35376K(36096K) NonClass: 26168K(26688K)->26168K(26688K) Class: 9208K(9408K)->9208K(9408K)
[436.536s][info][gc             ] GC(1192) Pause Young (Allocation Failure) 717M->427M(734M) 2.732ms
[436.536s][info][gc,cpu         ] GC(1192) User=0.00s Sys=0.00s Real=0.00s
[436.756s][info][gc,start       ] GC(1193) Pause Young (Allocation Failure)
[436.759s][info][gc,heap        ] GC(1193) PSYoungGen: 296992K(313856K)->64K(314880K) Eden: 296960K(296960K)->0K(301056K) From: 32K(16896K)->64K(13824K)
[436.759s][info][gc,heap        ] GC(1193) ParOldGen: 437463K(437760K)->437463K(437760K)
[436.759s][info][gc,metaspace   ] GC(1193) Metaspace: 35376K(36096K)->35376K(36096K) NonClass: 26168K(26688K)->26168K(26688K) Class: 9208K(9408K)->9208K(9408K)
[436.759s][info][gc             ] GC(1193) Pause Young (Allocation Failure) 717M->427M(735M) 2.765ms
[436.759s][info][gc,cpu         ] GC(1193) User=0.00s Sys=0.00s Real=0.01s
[436.846s][info][gc,start       ] GC(1194) Pause Young (Allocation Failure)
[436.848s][info][gc,heap        ] GC(1194) PSYoungGen: 301120K(314880K)->32K(315904K) Eden: 301056K(301056K)->0K(301056K) From: 64K(13824K)->32K(14848K)
[436.848s][info][gc,heap        ] GC(1194) ParOldGen: 437463K(437760K)->437479K(437760K)
[436.848s][info][gc,metaspace   ] GC(1194) Metaspace: 35376K(36096K)->35376K(36096K) NonClass: 26168K(26688K)->26168K(26688K) Class: 9208K(9408K)->9208K(9408K)
[436.849s][info][gc             ] GC(1194) Pause Young (Allocation Failure) 721M->427M(736M) 2.685ms
[436.849s][info][gc,cpu         ] GC(1194) User=0.00s Sys=0.00s Real=0.01s
[437.014s][info][gc,start       ] GC(1195) Pause Young (Allocation Failure)
[437.016s][info][gc,heap        ] GC(1195) PSYoungGen: 301088K(315904K)->64K(316416K) Eden: 301056K(301056K)->0K(304640K) From: 32K(14848K)->64K(11776K)
[437.016s][info][gc,heap        ] GC(1195) ParOldGen: 437479K(437760K)->437479K(437760K)
[437.016s][info][gc,metaspace   ] GC(1195) Metaspace: 35376K(36096K)->35376K(36096K) NonClass: 26168K(26688K)->26168K(26688K) Class: 9208K(9408K)->9208K(9408K)
[437.016s][info][gc             ] GC(1195) Pause Young (Allocation Failure) 721M->427M(736M) 2.607ms
[437.016s][info][gc,cpu         ] GC(1195) User=0.00s Sys=0.00s Real=0.00s
[437.943s][info][gc,start       ] GC(1196) Pause Young (Allocation Failure)
[437.945s][info][gc,heap        ] GC(1196) PSYoungGen: 304704K(316416K)->64K(317952K) Eden: 304640K(304640K)->0K(304640K) From: 64K(11776K)->64K(13312K)
[437.945s][info][gc,heap        ] GC(1196) ParOldGen: 437479K(437760K)->437487K(437760K)
[437.945s][info][gc,metaspace   ] GC(1196) Metaspace: 35376K(36096K)->35376K(36096K) NonClass: 26168K(26688K)->26168K(26688K) Class: 9208K(9408K)->9208K(9408K)
[437.945s][info][gc             ] GC(1196) Pause Young (Allocation Failure) 724M->427M(738M) 2.032ms
[437.945s][info][gc,cpu         ] GC(1196) User=0.01s Sys=0.00s Real=0.00s
[438.760s][info][gc,start       ] GC(1197) Pause Young (Allocation Failure)
[438.762s][info][gc,heap        ] GC(1197) PSYoungGen: 304704K(317952K)->64K(318976K) Eden: 304640K(304640K)->0K(308224K) From: 64K(13312K)->64K(10752K)
[438.762s][info][gc,heap        ] GC(1197) ParOldGen: 437487K(437760K)->437495K(437760K)
[438.762s][info][gc,metaspace   ] GC(1197) Metaspace: 35376K(36096K)->35376K(36096K) NonClass: 26168K(26688K)->26168K(26688K) Class: 9208K(9408K)->9208K(9408K)
[438.762s][info][gc             ] GC(1197) Pause Young (Allocation Failure) 724M->427M(739M) 1.616ms
[438.762s][info][gc,cpu         ] GC(1197) User=0.00s Sys=0.00s Real=0.00s
[439.119s][info][gc,start       ] GC(1198) Pause Young (Allocation Failure)
[439.121s][info][gc,heap        ] GC(1198) PSYoungGen: 308288K(318976K)->64K(296448K) Eden: 308224K(308224K)->0K(295936K) From: 64K(10752K)->64K(512K)
[439.121s][info][gc,heap        ] GC(1198) ParOldGen: 437495K(437760K)->437503K(437760K)
[439.121s][info][gc,metaspace   ] GC(1198) Metaspace: 35376K(36096K)->35376K(36096K) NonClass: 26168K(26688K)->26168K(26688K) Class: 9208K(9408K)->9208K(9408K)
[439.121s][info][gc             ] GC(1198) Pause Young (Allocation Failure) 728M->427M(717M) 1.844ms
[439.121s][info][gc,cpu         ] GC(1198) User=0.00s Sys=0.00s Real=0.00s
[440.218s][info][gc,start       ] GC(1199) Pause Young (Allocation Failure)
[440.220s][info][gc,heap        ] GC(1199) PSYoungGen: 296000K(296448K)->64K(284672K) Eden: 295936K(295936K)->0K(284160K) From: 64K(512K)->64K(512K)
[440.220s][info][gc,heap        ] GC(1199) ParOldGen: 437503K(437760K)->437511K(437760K)
[440.220s][info][gc,metaspace   ] GC(1199) Metaspace: 35376K(36096K)->35376K(36096K) NonClass: 26168K(26688K)->26168K(26688K) Class: 9208K(9408K)->9208K(9408K)
[440.220s][info][gc             ] GC(1199) Pause Young (Allocation Failure) 716M->427M(705M) 2.142ms
[440.220s][info][gc,cpu         ] GC(1199) User=0.00s Sys=0.01s Real=0.01s
[440.621s][info][gc,start       ] GC(1200) Pause Young (Allocation Failure)
[440.622s][info][gc,heap        ] GC(1200) PSYoungGen: 284224K(284672K)->64K(283136K) Eden: 284160K(284160K)->0K(272896K) From: 64K(512K)->64K(10240K)
[440.622s][info][gc,heap        ] GC(1200) ParOldGen: 437511K(437760K)->437519K(437760K)
[440.622s][info][gc,metaspace   ] GC(1200) Metaspace: 35376K(36096K)->35376K(36096K) NonClass: 26168K(26688K)->26168K(26688K) Class: 9208K(9408K)->9208K(9408K)
[440.622s][info][gc             ] GC(1200) Pause Young (Allocation Failure) 704M->427M(704M) 1.313ms
[440.622s][info][gc,cpu         ] GC(1200) User=0.01s Sys=0.00s Real=0.00s
[440.806s][info][gc,start       ] GC(1201) Pause Young (Allocation Failure)
[440.807s][info][gc,heap        ] GC(1201) PSYoungGen: 272960K(283136K)->64K(262656K) Eden: 272896K(272896K)->0K(262144K) From: 64K(10240K)->64K(512K)
[440.807s][info][gc,heap        ] GC(1201) ParOldGen: 437519K(437760K)->437527K(437760K)
[440.807s][info][gc,metaspace   ] GC(1201) Metaspace: 35376K(36096K)->35376K(36096K) NonClass: 26168K(26688K)->26168K(26688K) Class: 9208K(9408K)->9208K(9408K)
[440.807s][info][gc             ] GC(1201) Pause Young (Allocation Failure) 693M->427M(684M) 1.688ms
[440.807s][info][gc,cpu         ] GC(1201) User=0.00s Sys=0.00s Real=0.00s
[440.990s][info][gc,start       ] GC(1202) Pause Young (Allocation Failure)
[440.991s][info][gc,heap        ] GC(1202) PSYoungGen: 262208K(262656K)->64K(260608K) Eden: 262144K(262144K)->0K(251904K) From: 64K(512K)->64K(8704K)
[440.991s][info][gc,heap        ] GC(1202) ParOldGen: 437527K(437760K)->437535K(437760K)
[440.991s][info][gc,metaspace   ] GC(1202) Metaspace: 35376K(36096K)->35376K(36096K) NonClass: 26168K(26688K)->26168K(26688K) Class: 9208K(9408K)->9208K(9408K)
[440.991s][info][gc             ] GC(1202) Pause Young (Allocation Failure) 683M->427M(682M) 1.230ms
[440.991s][info][gc,cpu         ] GC(1202) User=0.00s Sys=0.00s Real=0.00s
[441.505s][info][gc,start       ] GC(1203) Pause Young (Allocation Failure)
[441.507s][info][gc,heap        ] GC(1203) PSYoungGen: 251968K(260608K)->64K(242688K) Eden: 251904K(251904K)->0K(242176K) From: 64K(8704K)->64K(512K)
[441.507s][info][gc,heap        ] GC(1203) ParOldGen: 437535K(437760K)->437543K(437760K)
[441.507s][info][gc,metaspace   ] GC(1203) Metaspace: 35376K(36096K)->35376K(36096K) NonClass: 26168K(26688K)->26168K(26688K) Class: 9208K(9408K)->9208K(9408K)
[441.507s][info][gc             ] GC(1203) Pause Young (Allocation Failure) 673M->427M(664M) 2.051ms
[441.507s][info][gc,cpu         ] GC(1203) User=0.00s Sys=0.00s Real=0.00s
[441.820s][info][gc,start       ] GC(1204) Pause Young (Allocation Failure)
[441.822s][info][gc,heap        ] GC(1204) PSYoungGen: 242240K(242688K)->64K(240640K) Eden: 242176K(242176K)->0K(232960K) From: 64K(512K)->64K(7680K)
[441.822s][info][gc,heap        ] GC(1204) ParOldGen: 437543K(437760K)->437551K(437760K)
[441.822s][info][gc,metaspace   ] GC(1204) Metaspace: 35376K(36096K)->35376K(36096K) NonClass: 26168K(26688K)->26168K(26688K) Class: 9208K(9408K)->9208K(9408K)
[441.822s][info][gc             ] GC(1204) Pause Young (Allocation Failure) 663M->427M(662M) 2.352ms
[441.822s][info][gc,cpu         ] GC(1204) User=0.00s Sys=0.00s Real=0.00s
[442.134s][info][gc,start       ] GC(1205) Pause Young (Allocation Failure)
[442.185s][info][gc,heap        ] GC(1205) PSYoungGen: 233024K(240640K)->7168K(278528K) Eden: 232960K(232960K)->0K(271360K) From: 64K(7680K)->7168K(7168K)
[442.185s][info][gc,heap        ] GC(1205) ParOldGen: 437551K(437760K)->456079K(456192K)
[442.185s][info][gc,metaspace   ] GC(1205) Metaspace: 35376K(36096K)->35376K(36096K) NonClass: 26168K(26688K)->26168K(26688K) Class: 9208K(9408K)->9208K(9408K)
[442.185s][info][gc             ] GC(1205) Pause Young (Allocation Failure) 654M->452M(717M) 51.298ms
[442.185s][info][gc,cpu         ] GC(1205) User=0.09s Sys=0.01s Real=0.05s
[442.541s][info][gc,start       ] GC(1206) Pause Young (Allocation Failure)
[442.602s][info][gc,heap        ] GC(1206) PSYoungGen: 278528K(278528K)->15872K(287232K) Eden: 271360K(271360K)->0K(271360K) From: 7168K(7168K)->15872K(15872K)
[442.602s][info][gc,heap        ] GC(1206) ParOldGen: 456079K(456192K)->471623K(472064K)
[442.602s][info][gc,metaspace   ] GC(1206) Metaspace: 35376K(36096K)->35376K(36096K) NonClass: 26168K(26688K)->26168K(26688K) Class: 9208K(9408K)->9208K(9408K)
[442.602s][info][gc             ] GC(1206) Pause Young (Allocation Failure) 717M->476M(741M) 61.151ms
[442.602s][info][gc,cpu         ] GC(1206) User=0.10s Sys=0.01s Real=0.06s
[442.724s][info][gc,start       ] GC(1207) Pause Young (Allocation Failure)
[442.741s][info][gc,heap        ] GC(1207) PSYoungGen: 287232K(287232K)->6080K(310784K) Eden: 271360K(271360K)->0K(285696K) From: 15872K(15872K)->6080K(25088K)
[442.741s][info][gc,heap        ] GC(1207) ParOldGen: 471623K(472064K)->472039K(472064K)
[442.741s][info][gc,metaspace   ] GC(1207) Metaspace: 35376K(36096K)->35376K(36096K) NonClass: 26168K(26688K)->26168K(26688K) Class: 9208K(9408K)->9208K(9408K)
[442.741s][info][gc             ] GC(1207) Pause Young (Allocation Failure) 741M->466M(764M) 17.000ms
[442.741s][info][gc,cpu         ] GC(1207) User=0.03s Sys=0.01s Real=0.02s
[443.265s][info][gc,start       ] GC(1208) Pause Young (Allocation Failure)
[443.266s][info][gc,heap        ] GC(1208) PSYoungGen: 291776K(310784K)->64K(286208K) Eden: 285696K(285696K)->0K(285696K) From: 6080K(25088K)->64K(512K)
[443.266s][info][gc,heap        ] GC(1208) ParOldGen: 472039K(472064K)->472047K(472064K)
[443.266s][info][gc,metaspace   ] GC(1208) Metaspace: 35376K(36096K)->35376K(36096K) NonClass: 26168K(26688K)->26168K(26688K) Class: 9208K(9408K)->9208K(9408K)
[443.266s][info][gc             ] GC(1208) Pause Young (Allocation Failure) 745M->461M(740M) 1.545ms
[443.266s][info][gc,cpu         ] GC(1208) User=0.01s Sys=0.00s Real=0.00s
[443.761s][info][gc,start       ] GC(1209) Pause Young (Allocation Failure)
[443.763s][info][gc,heap        ] GC(1209) PSYoungGen: 285760K(286208K)->64K(309248K) Eden: 285696K(285696K)->0K(286720K) From: 64K(512K)->64K(22528K)
[443.763s][info][gc,heap        ] GC(1209) ParOldGen: 472047K(472064K)->472055K(472064K)
[443.763s][info][gc,metaspace   ] GC(1209) Metaspace: 35376K(36096K)->35376K(36096K) NonClass: 26168K(26688K)->26168K(26688K) Class: 9208K(9408K)->9208K(9408K)
[443.763s][info][gc             ] GC(1209) Pause Young (Allocation Failure) 740M->461M(763M) 1.652ms
[443.763s][info][gc,cpu         ] GC(1209) User=0.00s Sys=0.00s Real=0.00s
[444.205s][info][gc,start       ] GC(1210) Pause Young (Allocation Failure)
[444.206s][info][gc,heap        ] GC(1210) PSYoungGen: 286784K(309248K)->64K(308224K) Eden: 286720K(286720K)->0K(286720K) From: 64K(22528K)->64K(21504K)
[444.206s][info][gc,heap        ] GC(1210) ParOldGen: 472055K(472064K)->472071K(472576K)
[444.206s][info][gc,metaspace   ] GC(1210) Metaspace: 35376K(36096K)->35376K(36096K) NonClass: 26168K(26688K)->26168K(26688K) Class: 9208K(9408K)->9208K(9408K)
[444.206s][info][gc             ] GC(1210) Pause Young (Allocation Failure) 741M->461M(762M) 1.558ms
[444.206s][info][gc,cpu         ] GC(1210) User=0.00s Sys=0.00s Real=0.00s
[444.442s][info][gc,start       ] GC(1211) Pause Young (Allocation Failure)
[444.444s][info][gc,heap        ] GC(1211) PSYoungGen: 286784K(308224K)->64K(311296K) Eden: 286720K(286720K)->0K(290816K) From: 64K(21504K)->64K(20480K)
[444.444s][info][gc,heap        ] GC(1211) ParOldGen: 472071K(472576K)->472087K(472576K)
[444.444s][info][gc,metaspace   ] GC(1211) Metaspace: 35376K(36096K)->35376K(36096K) NonClass: 26168K(26688K)->26168K(26688K) Class: 9208K(9408K)->9208K(9408K)
[444.444s][info][gc             ] GC(1211) Pause Young (Allocation Failure) 741M->461M(765M) 1.551ms
[444.444s][info][gc,cpu         ] GC(1211) User=0.00s Sys=0.00s Real=0.00s
[444.788s][info][gc,start       ] GC(1212) Pause Young (Allocation Failure)
[444.790s][info][gc,heap        ] GC(1212) PSYoungGen: 290880K(311296K)->64K(310784K) Eden: 290816K(290816K)->0K(290816K) From: 64K(20480K)->64K(19968K)
[444.790s][info][gc,heap        ] GC(1212) ParOldGen: 472087K(472576K)->472087K(472576K)
[444.790s][info][gc,metaspace   ] GC(1212) Metaspace: 35376K(36096K)->35376K(36096K) NonClass: 26168K(26688K)->26168K(26688K) Class: 9208K(9408K)->9208K(9408K)
[444.790s][info][gc             ] GC(1212) Pause Young (Allocation Failure) 745M->461M(765M) 1.408ms
[444.790s][info][gc,cpu         ] GC(1212) User=0.00s Sys=0.00s Real=0.01s
[444.926s][info][gc,start       ] GC(1213) Pause Young (Allocation Failure)
[444.928s][info][gc,heap        ] GC(1213) PSYoungGen: 290880K(310784K)->64K(312832K) Eden: 290816K(290816K)->0K(294400K) From: 64K(19968K)->64K(18432K)
[444.928s][info][gc,heap        ] GC(1213) ParOldGen: 472087K(472576K)->472095K(472576K)
[444.928s][info][gc,metaspace   ] GC(1213) Metaspace: 35376K(36096K)->35376K(36096K) NonClass: 26168K(26688K)->26168K(26688K) Class: 9208K(9408K)->9208K(9408K)
[444.928s][info][gc             ] GC(1213) Pause Young (Allocation Failure) 745M->461M(767M) 1.364ms
[444.928s][info][gc,cpu         ] GC(1213) User=0.00s Sys=0.00s Real=0.00s
[444.979s][info][gc,start       ] GC(1214) Pause Young (Allocation Failure)
[444.980s][info][gc,heap        ] GC(1214) PSYoungGen: 294464K(312832K)->64K(312320K) Eden: 294400K(294400K)->0K(294400K) From: 64K(18432K)->64K(17920K)
[444.980s][info][gc,heap        ] GC(1214) ParOldGen: 472095K(472576K)->472111K(472576K)
[444.980s][info][gc,metaspace   ] GC(1214) Metaspace: 35376K(36096K)->35376K(36096K) NonClass: 26168K(26688K)->26168K(26688K) Class: 9208K(9408K)->9208K(9408K)
[444.980s][info][gc             ] GC(1214) Pause Young (Allocation Failure) 748M->461M(766M) 1.306ms
[444.980s][info][gc,cpu         ] GC(1214) User=0.01s Sys=0.00s Real=0.00s
[445.143s][info][gc,start       ] GC(1215) Pause Young (Allocation Failure)
[445.144s][info][gc,heap        ] GC(1215) PSYoungGen: 294464K(312320K)->64K(314880K) Eden: 294400K(294400K)->0K(298496K) From: 64K(17920K)->64K(16384K)
[445.144s][info][gc,heap        ] GC(1215) ParOldGen: 472111K(472576K)->472111K(472576K)
[445.144s][info][gc,metaspace   ] GC(1215) Metaspace: 35376K(36096K)->35376K(36096K) NonClass: 26168K(26688K)->26168K(26688K) Class: 9208K(9408K)->9208K(9408K)
[445.144s][info][gc             ] GC(1215) Pause Young (Allocation Failure) 748M->461M(769M) 1.427ms
[445.144s][info][gc,cpu         ] GC(1215) User=0.00s Sys=0.00s Real=0.00s
[445.456s][info][gc,start       ] GC(1216) Pause Young (Allocation Failure)
[445.457s][info][gc,heap        ] GC(1216) PSYoungGen: 298560K(314880K)->64K(314880K) Eden: 298496K(298496K)->0K(298496K) From: 64K(16384K)->64K(16384K)
[445.457s][info][gc,heap        ] GC(1216) ParOldGen: 472111K(472576K)->472119K(472576K)
[445.457s][info][gc,metaspace   ] GC(1216) Metaspace: 35376K(36096K)->35376K(36096K) NonClass: 26168K(26688K)->26168K(26688K) Class: 9208K(9408K)->9208K(9408K)
[445.457s][info][gc             ] GC(1216) Pause Young (Allocation Failure) 752M->461M(769M) 1.478ms
[445.457s][info][gc,cpu         ] GC(1216) User=0.00s Sys=0.00s Real=0.00s
[445.625s][info][gc,start       ] GC(1217) Pause Young (Allocation Failure)
[445.627s][info][gc,heap        ] GC(1217) PSYoungGen: 298560K(314880K)->64K(316416K) Eden: 298496K(298496K)->0K(302080K) From: 64K(16384K)->64K(14336K)
[445.627s][info][gc,heap        ] GC(1217) ParOldGen: 472119K(472576K)->472127K(472576K)
[445.627s][info][gc,metaspace   ] GC(1217) Metaspace: 35376K(36096K)->35376K(36096K) NonClass: 26168K(26688K)->26168K(26688K) Class: 9208K(9408K)->9208K(9408K)
[445.627s][info][gc             ] GC(1217) Pause Young (Allocation Failure) 752M->461M(770M) 1.648ms
[445.627s][info][gc,cpu         ] GC(1217) User=0.00s Sys=0.00s Real=0.00s
[445.720s][info][gc,start       ] GC(1218) Pause Young (Allocation Failure)
[445.722s][info][gc,heap        ] GC(1218) PSYoungGen: 302144K(316416K)->64K(316416K) Eden: 302080K(302080K)->0K(302080K) From: 64K(14336K)->64K(14336K)
[445.722s][info][gc,heap        ] GC(1218) ParOldGen: 472127K(472576K)->472135K(472576K)
[445.722s][info][gc,metaspace   ] GC(1218) Metaspace: 35376K(36096K)->35376K(36096K) NonClass: 26168K(26688K)->26168K(26688K) Class: 9208K(9408K)->9208K(9408K)
[445.722s][info][gc             ] GC(1218) Pause Young (Allocation Failure) 756M->461M(770M) 1.656ms
[445.722s][info][gc,cpu         ] GC(1218) User=0.00s Sys=0.00s Real=0.00s
[445.911s][info][gc,start       ] GC(1219) Pause Young (Allocation Failure)
[445.912s][info][gc,heap        ] GC(1219) PSYoungGen: 302144K(316416K)->64K(317952K) Eden: 302080K(302080K)->0K(305664K) From: 64K(14336K)->64K(12288K)
[445.912s][info][gc,heap        ] GC(1219) ParOldGen: 472135K(472576K)->472143K(472576K)
[445.912s][info][gc,metaspace   ] GC(1219) Metaspace: 35376K(36096K)->35376K(36096K) NonClass: 26168K(26688K)->26168K(26688K) Class: 9208K(9408K)->9208K(9408K)
[445.912s][info][gc             ] GC(1219) Pause Young (Allocation Failure) 756M->461M(772M) 1.387ms
[445.912s][info][gc,cpu         ] GC(1219) User=0.00s Sys=0.00s Real=0.00s
[446.798s][info][gc,start       ] GC(1220) Pause Young (Allocation Failure)
[446.800s][info][gc,heap        ] GC(1220) PSYoungGen: 305728K(317952K)->64K(318464K) Eden: 305664K(305664K)->0K(305664K) From: 64K(12288K)->64K(12800K)
[446.800s][info][gc,heap        ] GC(1220) ParOldGen: 472143K(472576K)->472151K(472576K)
[446.800s][info][gc,metaspace   ] GC(1220) Metaspace: 35376K(36096K)->35376K(36096K) NonClass: 26168K(26688K)->26168K(26688K) Class: 9208K(9408K)->9208K(9408K)
[446.800s][info][gc             ] GC(1220) Pause Young (Allocation Failure) 759M->461M(772M) 1.544ms
[446.800s][info][gc,cpu         ] GC(1220) User=0.01s Sys=0.00s Real=0.01s
[447.674s][info][gc,start       ] GC(1221) Pause Young (Allocation Failure)
[447.675s][info][gc,heap        ] GC(1221) PSYoungGen: 305728K(318464K)->64K(293888K) Eden: 305664K(305664K)->0K(293376K) From: 64K(12800K)->64K(512K)
[447.675s][info][gc,heap        ] GC(1221) ParOldGen: 472151K(472576K)->472159K(472576K)
[447.675s][info][gc,metaspace   ] GC(1221) Metaspace: 35376K(36096K)->35376K(36096K) NonClass: 26168K(26688K)->26168K(26688K) Class: 9208K(9408K)->9208K(9408K)
[447.675s][info][gc             ] GC(1221) Pause Young (Allocation Failure) 759M->461M(748M) 1.556ms
[447.675s][info][gc,cpu         ] GC(1221) User=0.00s Sys=0.00s Real=0.00s
[448.119s][info][gc,start       ] GC(1222) Pause Young (Allocation Failure)
[448.120s][info][gc,heap        ] GC(1222) PSYoungGen: 293440K(293888K)->64K(292864K) Eden: 293376K(293376K)->0K(281600K) From: 64K(512K)->64K(11264K)
[448.120s][info][gc,heap        ] GC(1222) ParOldGen: 472159K(472576K)->472167K(472576K)
[448.120s][info][gc,metaspace   ] GC(1222) Metaspace: 35376K(36096K)->35376K(36096K) NonClass: 26168K(26688K)->26168K(26688K) Class: 9208K(9408K)->9208K(9408K)
[448.120s][info][gc             ] GC(1222) Pause Young (Allocation Failure) 747M->461M(747M) 1.473ms
[448.120s][info][gc,cpu         ] GC(1222) User=0.00s Sys=0.00s Real=0.00s
[449.117s][info][gc,start       ] GC(1223) Pause Young (Allocation Failure)
[449.119s][info][gc,heap        ] GC(1223) PSYoungGen: 281664K(292864K)->64K(270848K) Eden: 281600K(281600K)->0K(270336K) From: 64K(11264K)->64K(512K)
[449.119s][info][gc,heap        ] GC(1223) ParOldGen: 472167K(472576K)->472175K(472576K)
[449.119s][info][gc,metaspace   ] GC(1223) Metaspace: 35376K(36096K)->35376K(36096K) NonClass: 26168K(26688K)->26168K(26688K) Class: 9208K(9408K)->9208K(9408K)
[449.119s][info][gc             ] GC(1223) Pause Young (Allocation Failure) 736M->461M(726M) 1.761ms
[449.119s][info][gc,cpu         ] GC(1223) User=0.00s Sys=0.00s Real=0.01s
[449.510s][info][gc,start       ] GC(1224) Pause Young (Allocation Failure)
[449.512s][info][gc,heap        ] GC(1224) PSYoungGen: 270400K(270848K)->64K(269312K) Eden: 270336K(270336K)->0K(259584K) From: 64K(512K)->64K(9728K)
[449.512s][info][gc,heap        ] GC(1224) ParOldGen: 472175K(472576K)->472191K(472576K)
[449.513s][info][gc,metaspace   ] GC(1224) Metaspace: 35376K(36096K)->35376K(36096K) NonClass: 26168K(26688K)->26168K(26688K) Class: 9208K(9408K)->9208K(9408K)
[449.513s][info][gc             ] GC(1224) Pause Young (Allocation Failure) 725M->461M(724M) 2.648ms
[449.513s][info][gc,cpu         ] GC(1224) User=0.00s Sys=0.00s Real=0.00s
[449.668s][info][gc,start       ] GC(1225) Pause Young (Allocation Failure)
[449.671s][info][gc,heap        ] GC(1225) PSYoungGen: 259648K(269312K)->64K(249856K) Eden: 259584K(259584K)->0K(249344K) From: 64K(9728K)->64K(512K)
[449.671s][info][gc,heap        ] GC(1225) ParOldGen: 472191K(472576K)->472207K(472576K)
[449.671s][info][gc,metaspace   ] GC(1225) Metaspace: 35376K(36096K)->35376K(36096K) NonClass: 26168K(26688K)->26168K(26688K) Class: 9208K(9408K)->9208K(9408K)
[449.671s][info][gc             ] GC(1225) Pause Young (Allocation Failure) 714M->461M(705M) 2.780ms
[449.671s][info][gc,cpu         ] GC(1225) User=0.01s Sys=0.00s Real=0.01s
[449.919s][info][gc,start       ] GC(1226) Pause Young (Allocation Failure)
[449.922s][info][gc,heap        ] GC(1226) PSYoungGen: 249408K(249856K)->64K(248320K) Eden: 249344K(249344K)->0K(239616K) From: 64K(512K)->64K(8704K)
[449.922s][info][gc,heap        ] GC(1226) ParOldGen: 472207K(472576K)->472223K(472576K)
[449.922s][info][gc,metaspace   ] GC(1226) Metaspace: 35376K(36096K)->35376K(36096K) NonClass: 26168K(26688K)->26168K(26688K) Class: 9208K(9408K)->9208K(9408K)
[449.922s][info][gc             ] GC(1226) Pause Young (Allocation Failure) 704M->461M(704M) 2.335ms
[449.922s][info][gc,cpu         ] GC(1226) User=0.01s Sys=0.00s Real=0.00s
[450.364s][info][gc,start       ] GC(1227) Pause Young (Allocation Failure)
[450.367s][info][gc,heap        ] GC(1227) PSYoungGen: 239680K(248320K)->32K(230912K) Eden: 239616K(239616K)->0K(230400K) From: 64K(8704K)->32K(512K)
[450.367s][info][gc,heap        ] GC(1227) ParOldGen: 472223K(472576K)->472231K(472576K)
[450.367s][info][gc,metaspace   ] GC(1227) Metaspace: 35376K(36096K)->35376K(36096K) NonClass: 26168K(26688K)->26168K(26688K) Class: 9208K(9408K)->9208K(9408K)
[450.367s][info][gc             ] GC(1227) Pause Young (Allocation Failure) 695M->461M(687M) 2.934ms
[450.367s][info][gc,cpu         ] GC(1227) User=0.00s Sys=0.00s Real=0.00s
[450.689s][info][gc,start       ] GC(1228) Pause Young (Allocation Failure)
[450.691s][info][gc,heap        ] GC(1228) PSYoungGen: 230432K(230912K)->64K(229376K) Eden: 230400K(230400K)->0K(221696K) From: 32K(512K)->64K(7680K)
[450.691s][info][gc,heap        ] GC(1228) ParOldGen: 472231K(472576K)->472239K(472576K)
[450.691s][info][gc,metaspace   ] GC(1228) Metaspace: 35376K(36096K)->35376K(36096K) NonClass: 26168K(26688K)->26168K(26688K) Class: 9208K(9408K)->9208K(9408K)
[450.691s][info][gc             ] GC(1228) Pause Young (Allocation Failure) 686M->461M(685M) 2.104ms
[450.691s][info][gc,cpu         ] GC(1228) User=0.00s Sys=0.00s Real=0.00s
[450.984s][info][gc,start       ] GC(1229) Pause Young (Allocation Failure)
[451.032s][info][gc,heap        ] GC(1229) PSYoungGen: 221760K(229376K)->7168K(272384K) Eden: 221696K(221696K)->0K(265216K) From: 64K(7680K)->7168K(7168K)
[451.032s][info][gc,heap        ] GC(1229) ParOldGen: 472239K(472576K)->490015K(490496K)
[451.032s][info][gc,metaspace   ] GC(1229) Metaspace: 35376K(36096K)->35376K(36096K) NonClass: 26168K(26688K)->26168K(26688K) Class: 9208K(9408K)->9208K(9408K)
[451.032s][info][gc             ] GC(1229) Pause Young (Allocation Failure) 677M->485M(745M) 48.522ms
[451.032s][info][gc,cpu         ] GC(1229) User=0.09s Sys=0.01s Real=0.05s
[451.383s][info][gc,start       ] GC(1230) Pause Young (Allocation Failure)
[451.442s][info][gc,heap        ] GC(1230) PSYoungGen: 272384K(272384K)->15360K(280576K) Eden: 265216K(265216K)->0K(265216K) From: 7168K(7168K)->15360K(15360K)
[451.442s][info][gc,heap        ] GC(1230) ParOldGen: 490015K(490496K)->505351K(505856K)
[451.442s][info][gc,metaspace   ] GC(1230) Metaspace: 35376K(36096K)->35376K(36096K) NonClass: 26168K(26688K)->26168K(26688K) Class: 9208K(9408K)->9208K(9408K)
[451.443s][info][gc             ] GC(1230) Pause Young (Allocation Failure) 744M->508M(768M) 59.330ms
[451.443s][info][gc,cpu         ] GC(1230) User=0.11s Sys=0.02s Real=0.06s
[451.578s][info][gc,start       ] GC(1231) Pause Young (Allocation Failure)
[451.597s][info][gc,heap        ] GC(1231) PSYoungGen: 280576K(280576K)->7520K(310784K) Eden: 265216K(265216K)->0K(286720K) From: 15360K(15360K)->7520K(24064K)
[451.597s][info][gc,heap        ] GC(1231) ParOldGen: 505351K(505856K)->505767K(505856K)
[451.597s][info][gc,metaspace   ] GC(1231) Metaspace: 35376K(36096K)->35376K(36096K) NonClass: 26168K(26688K)->26168K(26688K) Class: 9208K(9408K)->9208K(9408K)
[451.597s][info][gc             ] GC(1231) Pause Young (Allocation Failure) 767M->501M(797M) 19.598ms
[451.597s][info][gc,cpu         ] GC(1231) User=0.03s Sys=0.00s Real=0.02s
[452.081s][info][gc,start       ] GC(1232) Pause Young (Allocation Failure)
[452.083s][info][gc,heap        ] GC(1232) PSYoungGen: 294240K(310784K)->64K(287232K) Eden: 286720K(286720K)->0K(286720K) From: 7520K(24064K)->64K(512K)
[452.083s][info][gc,heap        ] GC(1232) ParOldGen: 505767K(505856K)->505775K(505856K)
[452.083s][info][gc,metaspace   ] GC(1232) Metaspace: 35376K(36096K)->35376K(36096K) NonClass: 26168K(26688K)->26168K(26688K) Class: 9208K(9408K)->9208K(9408K)
[452.083s][info][gc             ] GC(1232) Pause Young (Allocation Failure) 781M->493M(774M) 1.755ms
[452.083s][info][gc,cpu         ] GC(1232) User=0.00s Sys=0.00s Real=0.00s
[452.661s][info][gc,start       ] GC(1233) Pause Young (Allocation Failure)
[452.664s][info][gc,heap        ] GC(1233) PSYoungGen: 286784K(287232K)->128K(310272K) Eden: 286720K(286720K)->0K(287744K) From: 64K(512K)->128K(22528K)
[452.664s][info][gc,heap        ] GC(1233) ParOldGen: 505775K(505856K)->505783K(505856K)
[452.664s][info][gc,metaspace   ] GC(1233) Metaspace: 35465K(36160K)->35465K(36160K) NonClass: 26254K(26752K)->26254K(26752K) Class: 9210K(9408K)->9210K(9408K)
[452.664s][info][gc             ] GC(1233) Pause Young (Allocation Failure) 773M->494M(797M) 2.320ms
[452.664s][info][gc,cpu         ] GC(1233) User=0.00s Sys=0.00s Real=0.00s
[453.098s][info][gc,start       ] GC(1234) Pause Young (Allocation Failure)
[453.100s][info][gc,heap        ] GC(1234) PSYoungGen: 287872K(310272K)->64K(309248K) Eden: 287744K(287744K)->0K(287744K) From: 128K(22528K)->64K(21504K)
[453.100s][info][gc,heap        ] GC(1234) ParOldGen: 505783K(505856K)->505871K(506368K)
[453.100s][info][gc,metaspace   ] GC(1234) Metaspace: 35465K(36160K)->35465K(36160K) NonClass: 26254K(26752K)->26254K(26752K) Class: 9210K(9408K)->9210K(9408K)
[453.100s][info][gc             ] GC(1234) Pause Young (Allocation Failure) 775M->494M(796M) 1.869ms
[453.100s][info][gc,cpu         ] GC(1234) User=0.00s Sys=0.01s Real=0.01s
[453.336s][info][gc,start       ] GC(1235) Pause Young (Allocation Failure)
[453.337s][info][gc,heap        ] GC(1235) PSYoungGen: 287808K(309248K)->64K(311296K) Eden: 287744K(287744K)->0K(290816K) From: 64K(21504K)->64K(20480K)
[453.337s][info][gc,heap        ] GC(1235) ParOldGen: 505871K(506368K)->505887K(506368K)
[453.337s][info][gc,metaspace   ] GC(1235) Metaspace: 35465K(36160K)->35465K(36160K) NonClass: 26254K(26752K)->26254K(26752K) Class: 9210K(9408K)->9210K(9408K)
[453.337s][info][gc             ] GC(1235) Pause Young (Allocation Failure) 775M->494M(798M) 1.491ms
[453.337s][info][gc,cpu         ] GC(1235) User=0.00s Sys=0.00s Real=0.00s
[453.677s][info][gc,start       ] GC(1236) Pause Young (Allocation Failure)
[453.678s][info][gc,heap        ] GC(1236) PSYoungGen: 290880K(311296K)->64K(310784K) Eden: 290816K(290816K)->0K(290816K) From: 64K(20480K)->64K(19968K)
[453.678s][info][gc,heap        ] GC(1236) ParOldGen: 505887K(506368K)->505887K(506368K)
[453.678s][info][gc,metaspace   ] GC(1236) Metaspace: 35465K(36160K)->35465K(36160K) NonClass: 26254K(26752K)->26254K(26752K) Class: 9210K(9408K)->9210K(9408K)
[453.678s][info][gc             ] GC(1236) Pause Young (Allocation Failure) 778M->494M(798M) 1.384ms
[453.678s][info][gc,cpu         ] GC(1236) User=0.00s Sys=0.00s Real=0.00s
[453.842s][info][gc,start       ] GC(1237) Pause Young (Allocation Failure)
[453.843s][info][gc,heap        ] GC(1237) PSYoungGen: 290880K(310784K)->64K(312832K) Eden: 290816K(290816K)->0K(294400K) From: 64K(19968K)->64K(18432K)
[453.843s][info][gc,heap        ] GC(1237) ParOldGen: 505887K(506368K)->505895K(506368K)
[453.843s][info][gc,metaspace   ] GC(1237) Metaspace: 35465K(36160K)->35465K(36160K) NonClass: 26254K(26752K)->26254K(26752K) Class: 9210K(9408K)->9210K(9408K)
[453.843s][info][gc             ] GC(1237) Pause Young (Allocation Failure) 778M->494M(800M) 1.470ms
[453.843s][info][gc,cpu         ] GC(1237) User=0.01s Sys=0.00s Real=0.00s
[453.894s][info][gc,start       ] GC(1238) Pause Young (Allocation Failure)
[453.895s][info][gc,heap        ] GC(1238) PSYoungGen: 294464K(312832K)->64K(312320K) Eden: 294400K(294400K)->0K(294400K) From: 64K(18432K)->64K(17920K)
[453.895s][info][gc,heap        ] GC(1238) ParOldGen: 505895K(506368K)->505911K(506368K)
[453.895s][info][gc,metaspace   ] GC(1238) Metaspace: 35465K(36160K)->35465K(36160K) NonClass: 26254K(26752K)->26254K(26752K) Class: 9210K(9408K)->9210K(9408K)
[453.895s][info][gc             ] GC(1238) Pause Young (Allocation Failure) 781M->494M(799M) 1.431ms
[453.895s][info][gc,cpu         ] GC(1238) User=0.00s Sys=0.00s Real=0.00s
[454.031s][info][gc,start       ] GC(1239) Pause Young (Allocation Failure)
[454.032s][info][gc,heap        ] GC(1239) PSYoungGen: 294464K(312320K)->64K(314880K) Eden: 294400K(294400K)->0K(298496K) From: 64K(17920K)->64K(16384K)
[454.032s][info][gc,heap        ] GC(1239) ParOldGen: 505911K(506368K)->505911K(506368K)
[454.032s][info][gc,metaspace   ] GC(1239) Metaspace: 35465K(36160K)->35465K(36160K) NonClass: 26254K(26752K)->26254K(26752K) Class: 9210K(9408K)->9210K(9408K)
[454.032s][info][gc             ] GC(1239) Pause Young (Allocation Failure) 781M->494M(802M) 1.386ms
[454.032s][info][gc,cpu         ] GC(1239) User=0.01s Sys=0.00s Real=0.00s
[454.352s][info][gc,start       ] GC(1240) Pause Young (Allocation Failure)
[454.353s][info][gc,heap        ] GC(1240) PSYoungGen: 298560K(314880K)->64K(314880K) Eden: 298496K(298496K)->0K(298496K) From: 64K(16384K)->64K(16384K)
[454.353s][info][gc,heap        ] GC(1240) ParOldGen: 505911K(506368K)->505927K(506368K)
[454.353s][info][gc,metaspace   ] GC(1240) Metaspace: 35465K(36160K)->35465K(36160K) NonClass: 26254K(26752K)->26254K(26752K) Class: 9210K(9408K)->9210K(9408K)
[454.353s][info][gc             ] GC(1240) Pause Young (Allocation Failure) 785M->494M(802M) 1.509ms
[454.353s][info][gc,cpu         ] GC(1240) User=0.00s Sys=0.00s Real=0.00s
[454.530s][info][gc,start       ] GC(1241) Pause Young (Allocation Failure)
[454.531s][info][gc,heap        ] GC(1241) PSYoungGen: 298560K(314880K)->64K(316416K) Eden: 298496K(298496K)->0K(302080K) From: 64K(16384K)->64K(14336K)
[454.531s][info][gc,heap        ] GC(1241) ParOldGen: 505927K(506368K)->505927K(506368K)
[454.531s][info][gc,metaspace   ] GC(1241) Metaspace: 35475K(36160K)->35475K(36160K) NonClass: 26264K(26752K)->26264K(26752K) Class: 9210K(9408K)->9210K(9408K)
[454.531s][info][gc             ] GC(1241) Pause Young (Allocation Failure) 785M->494M(803M) 1.523ms
[454.531s][info][gc,cpu         ] GC(1241) User=0.00s Sys=0.00s Real=0.00s
[454.619s][info][gc,start       ] GC(1242) Pause Young (Allocation Failure)
[454.620s][info][gc,heap        ] GC(1242) PSYoungGen: 302144K(316416K)->64K(316416K) Eden: 302080K(302080K)->0K(302080K) From: 64K(14336K)->64K(14336K)
[454.620s][info][gc,heap        ] GC(1242) ParOldGen: 505927K(506368K)->505943K(506368K)
[454.620s][info][gc,metaspace   ] GC(1242) Metaspace: 35475K(36160K)->35475K(36160K) NonClass: 26264K(26752K)->26264K(26752K) Class: 9210K(9408K)->9210K(9408K)
[454.620s][info][gc             ] GC(1242) Pause Young (Allocation Failure) 789M->494M(803M) 1.588ms
[454.620s][info][gc,cpu         ] GC(1242) User=0.01s Sys=0.00s Real=0.00s
[454.805s][info][gc,start       ] GC(1243) Pause Young (Allocation Failure)
[454.807s][info][gc,heap        ] GC(1243) PSYoungGen: 302144K(316416K)->64K(317952K) Eden: 302080K(302080K)->0K(305664K) From: 64K(14336K)->64K(12288K)
[454.807s][info][gc,heap        ] GC(1243) ParOldGen: 505943K(506368K)->505943K(506368K)
[454.807s][info][gc,metaspace   ] GC(1243) Metaspace: 35475K(36160K)->35475K(36160K) NonClass: 26264K(26752K)->26264K(26752K) Class: 9210K(9408K)->9210K(9408K)
[454.807s][info][gc             ] GC(1243) Pause Young (Allocation Failure) 789M->494M(805M) 1.475ms
[454.807s][info][gc,cpu         ] GC(1243) User=0.00s Sys=0.00s Real=0.00s
[455.726s][info][gc,start       ] GC(1244) Pause Young (Allocation Failure)
[455.728s][info][gc,heap        ] GC(1244) PSYoungGen: 305728K(317952K)->83K(318464K) Eden: 305664K(305664K)->0K(305664K) From: 64K(12288K)->83K(12800K)
[455.728s][info][gc,heap        ] GC(1244) ParOldGen: 505943K(506368K)->505951K(506368K)
[455.728s][info][gc,metaspace   ] GC(1244) Metaspace: 35475K(36160K)->35475K(36160K) NonClass: 26264K(26752K)->26264K(26752K) Class: 9210K(9408K)->9210K(9408K)
[455.728s][info][gc             ] GC(1244) Pause Young (Allocation Failure) 792M->494M(805M) 1.831ms
[455.728s][info][gc,cpu         ] GC(1244) User=0.00s Sys=0.00s Real=0.00s
[456.572s][info][gc,start       ] GC(1245) Pause Young (Allocation Failure)
[456.574s][info][gc,heap        ] GC(1245) PSYoungGen: 305747K(318464K)->64K(293888K) Eden: 305664K(305664K)->0K(293376K) From: 83K(12800K)->64K(512K)
[456.574s][info][gc,heap        ] GC(1245) ParOldGen: 505951K(506368K)->505959K(506368K)
[456.574s][info][gc,metaspace   ] GC(1245) Metaspace: 35475K(36160K)->35475K(36160K) NonClass: 26264K(26752K)->26264K(26752K) Class: 9210K(9408K)->9210K(9408K)
[456.574s][info][gc             ] GC(1245) Pause Young (Allocation Failure) 792M->494M(781M) 1.734ms
[456.574s][info][gc,cpu         ] GC(1245) User=0.01s Sys=0.00s Real=0.00s
[456.994s][info][gc,start       ] GC(1246) Pause Young (Allocation Failure)
[456.995s][info][gc,heap        ] GC(1246) PSYoungGen: 293440K(293888K)->64K(292864K) Eden: 293376K(293376K)->0K(281600K) From: 64K(512K)->64K(11264K)
[456.995s][info][gc,heap        ] GC(1246) ParOldGen: 505959K(506368K)->505967K(506368K)
[456.995s][info][gc,metaspace   ] GC(1246) Metaspace: 35475K(36160K)->35475K(36160K) NonClass: 26264K(26752K)->26264K(26752K) Class: 9210K(9408K)->9210K(9408K)
[456.995s][info][gc             ] GC(1246) Pause Young (Allocation Failure) 780M->494M(780M) 1.593ms
[456.995s][info][gc,cpu         ] GC(1246) User=0.01s Sys=0.00s Real=0.00s
[458.020s][info][gc,start       ] GC(1247) Pause Young (Allocation Failure)
[458.022s][info][gc,heap        ] GC(1247) PSYoungGen: 281664K(292864K)->64K(270848K) Eden: 281600K(281600K)->0K(270336K) From: 64K(11264K)->64K(512K)
[458.022s][info][gc,heap        ] GC(1247) ParOldGen: 505967K(506368K)->505975K(506368K)
[458.022s][info][gc,metaspace   ] GC(1247) Metaspace: 35475K(36160K)->35475K(36160K) NonClass: 26264K(26752K)->26264K(26752K) Class: 9210K(9408K)->9210K(9408K)
[458.022s][info][gc             ] GC(1247) Pause Young (Allocation Failure) 769M->494M(759M) 1.935ms
[458.022s][info][gc,cpu         ] GC(1247) User=0.00s Sys=0.00s Real=0.00s
[458.412s][info][gc,start       ] GC(1248) Pause Young (Allocation Failure)
[458.414s][info][gc,heap        ] GC(1248) PSYoungGen: 270400K(270848K)->64K(269312K) Eden: 270336K(270336K)->0K(259584K) From: 64K(512K)->64K(9728K)
[458.414s][info][gc,heap        ] GC(1248) ParOldGen: 505975K(506368K)->505983K(506368K)
[458.414s][info][gc,metaspace   ] GC(1248) Metaspace: 35475K(36160K)->35475K(36160K) NonClass: 26264K(26752K)->26264K(26752K) Class: 9210K(9408K)->9210K(9408K)
[458.414s][info][gc             ] GC(1248) Pause Young (Allocation Failure) 758M->494M(757M) 1.549ms
[458.414s][info][gc,cpu         ] GC(1248) User=0.00s Sys=0.00s Real=0.00s
[458.584s][info][gc,start       ] GC(1249) Pause Young (Allocation Failure)
[458.585s][info][gc,heap        ] GC(1249) PSYoungGen: 259648K(269312K)->64K(249856K) Eden: 259584K(259584K)->0K(249344K) From: 64K(9728K)->64K(512K)
[458.585s][info][gc,heap        ] GC(1249) ParOldGen: 505983K(506368K)->505991K(506368K)
[458.585s][info][gc,metaspace   ] GC(1249) Metaspace: 35475K(36160K)->35475K(36160K) NonClass: 26264K(26752K)->26264K(26752K) Class: 9210K(9408K)->9210K(9408K)
[458.585s][info][gc             ] GC(1249) Pause Young (Allocation Failure) 747M->494M(738M) 1.769ms
[458.585s][info][gc,cpu         ] GC(1249) User=0.00s Sys=0.00s Real=0.00s
[458.758s][info][gc,start       ] GC(1250) Pause Young (Allocation Failure)
[458.759s][info][gc,heap        ] GC(1250) PSYoungGen: 249408K(249856K)->64K(248320K) Eden: 249344K(249344K)->0K(239616K) From: 64K(512K)->64K(8704K)
[458.759s][info][gc,heap        ] GC(1250) ParOldGen: 505991K(506368K)->505999K(506368K)
[458.759s][info][gc,metaspace   ] GC(1250) Metaspace: 35475K(36160K)->35475K(36160K) NonClass: 26264K(26752K)->26264K(26752K) Class: 9210K(9408K)->9210K(9408K)
[458.759s][info][gc             ] GC(1250) Pause Young (Allocation Failure) 737M->494M(737M) 1.417ms
[458.759s][info][gc,cpu         ] GC(1250) User=0.01s Sys=0.00s Real=0.01s
[459.275s][info][gc,start       ] GC(1251) Pause Young (Allocation Failure)
[459.277s][info][gc,heap        ] GC(1251) PSYoungGen: 239680K(248320K)->64K(230912K) Eden: 239616K(239616K)->0K(230400K) From: 64K(8704K)->64K(512K)
[459.277s][info][gc,heap        ] GC(1251) ParOldGen: 505999K(506368K)->506007K(506368K)
[459.277s][info][gc,metaspace   ] GC(1251) Metaspace: 35475K(36160K)->35475K(36160K) NonClass: 26264K(26752K)->26264K(26752K) Class: 9210K(9408K)->9210K(9408K)
[459.277s][info][gc             ] GC(1251) Pause Young (Allocation Failure) 728M->494M(720M) 1.999ms
[459.277s][info][gc,cpu         ] GC(1251) User=0.00s Sys=0.00s Real=0.00s
[459.533s][info][gc,start       ] GC(1252) Pause Young (Allocation Failure)
[459.534s][info][gc,heap        ] GC(1252) PSYoungGen: 230464K(230912K)->64K(229376K) Eden: 230400K(230400K)->0K(221696K) From: 64K(512K)->64K(7680K)
[459.534s][info][gc,heap        ] GC(1252) ParOldGen: 506007K(506368K)->506015K(506368K)
[459.534s][info][gc,metaspace   ] GC(1252) Metaspace: 35475K(36160K)->35475K(36160K) NonClass: 26264K(26752K)->26264K(26752K) Class: 9210K(9408K)->9210K(9408K)
[459.534s][info][gc             ] GC(1252) Pause Young (Allocation Failure) 719M->494M(718M) 1.430ms
[459.534s][info][gc,cpu         ] GC(1252) User=0.00s Sys=0.00s Real=0.00s
[459.857s][info][gc,start       ] GC(1253) Pause Young (Allocation Failure)
[459.896s][info][gc,heap        ] GC(1253) PSYoungGen: 221760K(229376K)->7168K(271872K) Eden: 221696K(221696K)->0K(264704K) From: 64K(7680K)->7168K(7168K)
[459.896s][info][gc,heap        ] GC(1253) ParOldGen: 506015K(506368K)->520167K(520192K)
[459.896s][info][gc,metaspace   ] GC(1253) Metaspace: 35475K(36160K)->35475K(36160K) NonClass: 26264K(26752K)->26264K(26752K) Class: 9210K(9408K)->9210K(9408K)
[459.896s][info][gc             ] GC(1253) Pause Young (Allocation Failure) 710M->514M(773M) 39.698ms
[459.896s][info][gc,cpu         ] GC(1253) User=0.07s Sys=0.01s Real=0.04s
[460.242s][info][gc,start       ] GC(1254) Pause Young (Allocation Failure)
[460.301s][info][gc,heap        ] GC(1254) PSYoungGen: 271872K(271872K)->13824K(281088K) Eden: 264704K(264704K)->0K(267264K) From: 7168K(7168K)->13824K(13824K)
[460.301s][info][gc,heap        ] GC(1254) ParOldGen: 520167K(520192K)->536887K(537088K)
[460.301s][info][gc,metaspace   ] GC(1254) Metaspace: 35475K(36160K)->35475K(36160K) NonClass: 26264K(26752K)->26264K(26752K) Class: 9210K(9408K)->9210K(9408K)
[460.301s][info][gc             ] GC(1254) Pause Young (Allocation Failure) 773M->537M(799M) 58.726ms
[460.301s][info][gc,cpu         ] GC(1254) User=0.11s Sys=0.01s Real=0.06s
[460.471s][info][gc,start       ] GC(1255) Pause Young (Allocation Failure)
[460.500s][info][gc,heap        ] GC(1255) PSYoungGen: 281088K(281088K)->11168K(309760K) Eden: 267264K(267264K)->0K(286720K) From: 13824K(13824K)->11168K(23040K)
[460.501s][info][gc,heap        ] GC(1255) ParOldGen: 536887K(537088K)->537335K(537600K)
[460.501s][info][gc,metaspace   ] GC(1255) Metaspace: 35475K(36160K)->35475K(36160K) NonClass: 26264K(26752K)->26264K(26752K) Class: 9210K(9408K)->9210K(9408K)
[460.501s][info][gc             ] GC(1255) Pause Young (Allocation Failure) 798M->535M(827M) 29.184ms
[460.501s][info][gc,cpu         ] GC(1255) User=0.05s Sys=0.01s Real=0.03s
[460.923s][info][gc,start       ] GC(1256) Pause Young (Allocation Failure)
[460.925s][info][gc,heap        ] GC(1256) PSYoungGen: 297888K(309760K)->64K(310272K) Eden: 286720K(286720K)->0K(286720K) From: 11168K(23040K)->64K(23552K)
[460.925s][info][gc,heap        ] GC(1256) ParOldGen: 537335K(537600K)->537343K(537600K)
[460.925s][info][gc,metaspace   ] GC(1256) Metaspace: 35475K(36160K)->35475K(36160K) NonClass: 26264K(26752K)->26264K(26752K) Class: 9210K(9408K)->9210K(9408K)
[460.925s][info][gc             ] GC(1256) Pause Young (Allocation Failure) 815M->524M(828M) 1.788ms
[460.925s][info][gc,cpu         ] GC(1256) User=0.00s Sys=0.00s Real=0.00s
[461.487s][info][gc,start       ] GC(1257) Pause Young (Allocation Failure)
[461.489s][info][gc,heap        ] GC(1257) PSYoungGen: 286784K(310272K)->64K(308224K) Eden: 286720K(286720K)->0K(287232K) From: 64K(23552K)->64K(20992K)
[461.489s][info][gc,heap        ] GC(1257) ParOldGen: 537343K(537600K)->537351K(537600K)
[461.489s][info][gc,metaspace   ] GC(1257) Metaspace: 35475K(36160K)->35475K(36160K) NonClass: 26264K(26752K)->26264K(26752K) Class: 9210K(9408K)->9210K(9408K)
[461.489s][info][gc             ] GC(1257) Pause Young (Allocation Failure) 804M->524M(826M) 1.686ms
[461.489s][info][gc,cpu         ] GC(1257) User=0.00s Sys=0.00s Real=0.01s
[461.919s][info][gc,start       ] GC(1258) Pause Young (Allocation Failure)
[461.920s][info][gc,heap        ] GC(1258) PSYoungGen: 287296K(308224K)->64K(309248K) Eden: 287232K(287232K)->0K(287232K) From: 64K(20992K)->64K(22016K)
[461.920s][info][gc,heap        ] GC(1258) ParOldGen: 537351K(537600K)->537367K(537600K)
[461.920s][info][gc,metaspace   ] GC(1258) Metaspace: 35475K(36160K)->35475K(36160K) NonClass: 26264K(26752K)->26264K(26752K) Class: 9210K(9408K)->9210K(9408K)
[461.920s][info][gc             ] GC(1258) Pause Young (Allocation Failure) 805M->524M(827M) 1.610ms
[461.920s][info][gc,cpu         ] GC(1258) User=0.00s Sys=0.00s Real=0.00s
[462.155s][info][gc,start       ] GC(1259) Pause Young (Allocation Failure)
[462.157s][info][gc,heap        ] GC(1259) PSYoungGen: 287296K(309248K)->64K(310784K) Eden: 287232K(287232K)->0K(290816K) From: 64K(22016K)->64K(19968K)
[462.157s][info][gc,heap        ] GC(1259) ParOldGen: 537367K(537600K)->537383K(537600K)
[462.157s][info][gc,metaspace   ] GC(1259) Metaspace: 35475K(36160K)->35475K(36160K) NonClass: 26264K(26752K)->26264K(26752K) Class: 9210K(9408K)->9210K(9408K)
[462.157s][info][gc             ] GC(1259) Pause Young (Allocation Failure) 805M->524M(828M) 1.628ms
[462.157s][info][gc,cpu         ] GC(1259) User=0.00s Sys=0.00s Real=0.00s
[462.395s][info][gc,start       ] GC(1260) Pause Young (Allocation Failure)
[462.397s][info][gc,heap        ] GC(1260) PSYoungGen: 290880K(310784K)->64K(311296K) Eden: 290816K(290816K)->0K(290816K) From: 64K(19968K)->64K(20480K)
[462.397s][info][gc,heap        ] GC(1260) ParOldGen: 537383K(537600K)->537383K(537600K)
[462.397s][info][gc,metaspace   ] GC(1260) Metaspace: 35475K(36160K)->35475K(36160K) NonClass: 26264K(26752K)->26264K(26752K) Class: 9210K(9408K)->9210K(9408K)
[462.397s][info][gc             ] GC(1260) Pause Young (Allocation Failure) 808M->524M(829M) 2.090ms
[462.397s][info][gc,cpu         ] GC(1260) User=0.00s Sys=0.00s Real=0.00s
[462.673s][info][gc,start       ] GC(1261) Pause Young (Allocation Failure)
[462.675s][info][gc,heap        ] GC(1261) PSYoungGen: 290880K(311296K)->64K(311808K) Eden: 290816K(290816K)->0K(293888K) From: 64K(20480K)->64K(17920K)
[462.675s][info][gc,heap        ] GC(1261) ParOldGen: 537383K(537600K)->537383K(537600K)
[462.675s][info][gc,metaspace   ] GC(1261) Metaspace: 35475K(36160K)->35475K(36160K) NonClass: 26264K(26752K)->26264K(26752K) Class: 9210K(9408K)->9210K(9408K)
[462.675s][info][gc             ] GC(1261) Pause Young (Allocation Failure) 808M->524M(829M) 1.581ms
[462.675s][info][gc,cpu         ] GC(1261) User=0.00s Sys=0.00s Real=0.00s
[462.728s][info][gc,start       ] GC(1262) Pause Young (Allocation Failure)
[462.730s][info][gc,heap        ] GC(1262) PSYoungGen: 293952K(311808K)->64K(312320K) Eden: 293888K(293888K)->0K(293888K) From: 64K(17920K)->64K(18432K)
[462.730s][info][gc,heap        ] GC(1262) ParOldGen: 537383K(537600K)->537399K(537600K)
[462.730s][info][gc,metaspace   ] GC(1262) Metaspace: 35475K(36160K)->35475K(36160K) NonClass: 26264K(26752K)->26264K(26752K) Class: 9210K(9408K)->9210K(9408K)
[462.730s][info][gc             ] GC(1262) Pause Young (Allocation Failure) 811M->524M(830M) 1.552ms
[462.730s][info][gc,cpu         ] GC(1262) User=0.00s Sys=0.00s Real=0.01s
[462.852s][info][gc,start       ] GC(1263) Pause Young (Allocation Failure)
[462.853s][info][gc,heap        ] GC(1263) PSYoungGen: 293952K(312320K)->64K(313856K) Eden: 293888K(293888K)->0K(297984K) From: 64K(18432K)->64K(15872K)
[462.853s][info][gc,heap        ] GC(1263) ParOldGen: 537399K(537600K)->537399K(537600K)
[462.853s][info][gc,metaspace   ] GC(1263) Metaspace: 35475K(36160K)->35475K(36160K) NonClass: 26264K(26752K)->26264K(26752K) Class: 9210K(9408K)->9210K(9408K)
[462.853s][info][gc             ] GC(1263) Pause Young (Allocation Failure) 811M->524M(831M) 1.547ms
[462.853s][info][gc,cpu         ] GC(1263) User=0.01s Sys=0.00s Real=0.00s
[463.174s][info][gc,start       ] GC(1264) Pause Young (Allocation Failure)
[463.175s][info][gc,heap        ] GC(1264) PSYoungGen: 298048K(313856K)->64K(314368K) Eden: 297984K(297984K)->0K(297984K) From: 64K(15872K)->64K(16384K)
[463.175s][info][gc,heap        ] GC(1264) ParOldGen: 537399K(537600K)->537415K(537600K)
[463.175s][info][gc,metaspace   ] GC(1264) Metaspace: 35475K(36160K)->35475K(36160K) NonClass: 26264K(26752K)->26264K(26752K) Class: 9210K(9408K)->9210K(9408K)
[463.175s][info][gc             ] GC(1264) Pause Young (Allocation Failure) 815M->524M(832M) 1.613ms
[463.175s][info][gc,cpu         ] GC(1264) User=0.01s Sys=0.00s Real=0.00s
[463.364s][info][gc,start       ] GC(1265) Pause Young (Allocation Failure)
[463.366s][info][gc,heap        ] GC(1265) PSYoungGen: 298048K(314368K)->64K(315392K) Eden: 297984K(297984K)->0K(301568K) From: 64K(16384K)->64K(13824K)
[463.366s][info][gc,heap        ] GC(1265) ParOldGen: 537415K(537600K)->537415K(537600K)
[463.366s][info][gc,metaspace   ] GC(1265) Metaspace: 35475K(36160K)->35475K(36160K) NonClass: 26264K(26752K)->26264K(26752K) Class: 9210K(9408K)->9210K(9408K)
[463.366s][info][gc             ] GC(1265) Pause Young (Allocation Failure) 815M->524M(833M) 1.696ms
[463.366s][info][gc,cpu         ] GC(1265) User=0.00s Sys=0.00s Real=0.00s
[463.453s][info][gc,start       ] GC(1266) Pause Young (Allocation Failure)
[463.455s][info][gc,heap        ] GC(1266) PSYoungGen: 301632K(315392K)->64K(316416K) Eden: 301568K(301568K)->0K(301568K) From: 64K(13824K)->64K(14848K)
[463.455s][info][gc,heap        ] GC(1266) ParOldGen: 537415K(537600K)->537431K(537600K)
[463.455s][info][gc,metaspace   ] GC(1266) Metaspace: 35475K(36160K)->35475K(36160K) NonClass: 26264K(26752K)->26264K(26752K) Class: 9210K(9408K)->9210K(9408K)
[463.455s][info][gc             ] GC(1266) Pause Young (Allocation Failure) 819M->524M(834M) 1.647ms
[463.455s][info][gc,cpu         ] GC(1266) User=0.01s Sys=0.00s Real=0.00s
[463.634s][info][gc,start       ] GC(1267) Pause Young (Allocation Failure)
[463.635s][info][gc,heap        ] GC(1267) PSYoungGen: 301632K(316416K)->64K(316928K) Eden: 301568K(301568K)->0K(305152K) From: 64K(14848K)->64K(11776K)
[463.635s][info][gc,heap        ] GC(1267) ParOldGen: 537431K(537600K)->537431K(537600K)
[463.635s][info][gc,metaspace   ] GC(1267) Metaspace: 35475K(36160K)->35475K(36160K) NonClass: 26264K(26752K)->26264K(26752K) Class: 9210K(9408K)->9210K(9408K)
[463.635s][info][gc             ] GC(1267) Pause Young (Allocation Failure) 819M->524M(834M) 1.531ms
[463.635s][info][gc,cpu         ] GC(1267) User=0.01s Sys=0.00s Real=0.00s
[464.543s][info][gc,start       ] GC(1268) Pause Young (Allocation Failure)
[464.544s][info][gc,heap        ] GC(1268) PSYoungGen: 305216K(316928K)->64K(317952K) Eden: 305152K(305152K)->0K(305152K) From: 64K(11776K)->64K(12800K)
[464.544s][info][gc,heap        ] GC(1268) ParOldGen: 537431K(537600K)->537439K(537600K)
[464.544s][info][gc,metaspace   ] GC(1268) Metaspace: 35475K(36160K)->35475K(36160K) NonClass: 26264K(26752K)->26264K(26752K) Class: 9210K(9408K)->9210K(9408K)
[464.544s][info][gc             ] GC(1268) Pause Young (Allocation Failure) 822M->524M(835M) 1.718ms
[464.544s][info][gc,cpu         ] GC(1268) User=0.00s Sys=0.00s Real=0.00s
[465.377s][info][gc,start       ] GC(1269) Pause Young (Allocation Failure)
[465.379s][info][gc,heap        ] GC(1269) PSYoungGen: 305216K(317952K)->64K(293376K) Eden: 305152K(305152K)->0K(292864K) From: 64K(12800K)->64K(512K)
[465.379s][info][gc,heap        ] GC(1269) ParOldGen: 537439K(537600K)->537447K(537600K)
[465.379s][info][gc,metaspace   ] GC(1269) Metaspace: 35475K(36160K)->35475K(36160K) NonClass: 26264K(26752K)->26264K(26752K) Class: 9210K(9408K)->9210K(9408K)
[465.379s][info][gc             ] GC(1269) Pause Young (Allocation Failure) 822M->524M(811M) 1.731ms
[465.379s][info][gc,cpu         ] GC(1269) User=0.00s Sys=0.00s Real=0.01s
[465.775s][info][gc,start       ] GC(1270) Pause Young (Allocation Failure)
[465.776s][info][gc,heap        ] GC(1270) PSYoungGen: 292928K(293376K)->64K(292352K) Eden: 292864K(292864K)->0K(281088K) From: 64K(512K)->64K(11264K)
[465.776s][info][gc,heap        ] GC(1270) ParOldGen: 537447K(537600K)->537455K(537600K)
[465.776s][info][gc,metaspace   ] GC(1270) Metaspace: 35475K(36160K)->35475K(36160K) NonClass: 26264K(26752K)->26264K(26752K) Class: 9210K(9408K)->9210K(9408K)
[465.776s][info][gc             ] GC(1270) Pause Young (Allocation Failure) 810M->524M(810M) 1.578ms
[465.776s][info][gc,cpu         ] GC(1270) User=0.00s Sys=0.00s Real=0.00s
[466.820s][info][gc,start       ] GC(1271) Pause Young (Allocation Failure)
[466.823s][info][gc,heap        ] GC(1271) PSYoungGen: 281152K(292352K)->64K(270336K) Eden: 281088K(281088K)->0K(269824K) From: 64K(11264K)->64K(512K)
[466.823s][info][gc,heap        ] GC(1271) ParOldGen: 537455K(537600K)->537463K(537600K)
[466.823s][info][gc,metaspace   ] GC(1271) Metaspace: 35476K(36160K)->35476K(36160K) NonClass: 26265K(26752K)->26265K(26752K) Class: 9210K(9408K)->9210K(9408K)
[466.823s][info][gc             ] GC(1271) Pause Young (Allocation Failure) 799M->524M(789M) 2.326ms
[466.823s][info][gc,cpu         ] GC(1271) User=0.00s Sys=0.00s Real=0.00s
[467.215s][info][gc,start       ] GC(1272) Pause Young (Allocation Failure)
[467.217s][info][gc,heap        ] GC(1272) PSYoungGen: 269888K(270336K)->64K(269312K) Eden: 269824K(269824K)->0K(259072K) From: 64K(512K)->64K(10240K)
[467.217s][info][gc,heap        ] GC(1272) ParOldGen: 537463K(537600K)->537471K(537600K)
[467.217s][info][gc,metaspace   ] GC(1272) Metaspace: 35476K(36160K)->35476K(36160K) NonClass: 26265K(26752K)->26265K(26752K) Class: 9210K(9408K)->9210K(9408K)
[467.217s][info][gc             ] GC(1272) Pause Young (Allocation Failure) 788M->524M(788M) 1.661ms
[467.217s][info][gc,cpu         ] GC(1272) User=0.01s Sys=0.00s Real=0.00s
[467.397s][info][gc,start       ] GC(1273) Pause Young (Allocation Failure)
[467.398s][info][gc,heap        ] GC(1273) PSYoungGen: 259136K(269312K)->64K(249344K) Eden: 259072K(259072K)->0K(248832K) From: 64K(10240K)->64K(512K)
[467.398s][info][gc,heap        ] GC(1273) ParOldGen: 537471K(537600K)->537479K(537600K)
[467.398s][info][gc,metaspace   ] GC(1273) Metaspace: 35476K(36160K)->35476K(36160K) NonClass: 26265K(26752K)->26265K(26752K) Class: 9210K(9408K)->9210K(9408K)
[467.398s][info][gc             ] GC(1273) Pause Young (Allocation Failure) 777M->524M(768M) 1.802ms
[467.398s][info][gc,cpu         ] GC(1273) User=0.00s Sys=0.00s Real=0.00s
[467.520s][info][gc,start       ] GC(1274) Pause Young (Allocation Failure)
[467.523s][info][gc,heap        ] GC(1274) PSYoungGen: 248896K(249344K)->64K(294400K) Eden: 248832K(248832K)->0K(285696K) From: 64K(512K)->64K(8704K)
[467.523s][info][gc,heap        ] GC(1274) ParOldGen: 537479K(537600K)->537495K(537600K)
[467.523s][info][gc,metaspace   ] GC(1274) Metaspace: 35476K(36160K)->35476K(36160K) NonClass: 26265K(26752K)->26265K(26752K) Class: 9210K(9408K)->9210K(9408K)
[467.523s][info][gc             ] GC(1274) Pause Young (Allocation Failure) 767M->524M(812M) 2.727ms
[467.523s][info][gc,cpu         ] GC(1274) User=0.00s Sys=0.00s Real=0.00s
[468.120s][info][gc,start       ] GC(1275) Pause Young (Allocation Failure)
[468.122s][info][gc,heap        ] GC(1275) PSYoungGen: 285760K(294400K)->64K(274944K) Eden: 285696K(285696K)->0K(274432K) From: 64K(8704K)->64K(512K)
[468.122s][info][gc,heap        ] GC(1275) ParOldGen: 537495K(537600K)->537503K(537600K)
[468.122s][info][gc,metaspace   ] GC(1275) Metaspace: 35476K(36160K)->35476K(36160K) NonClass: 26265K(26752K)->26265K(26752K) Class: 9210K(9408K)->9210K(9408K)
[468.122s][info][gc             ] GC(1275) Pause Young (Allocation Failure) 803M->524M(793M) 2.449ms
[468.122s][info][gc,cpu         ] GC(1275) User=0.00s Sys=0.00s Real=0.00s
[468.495s][info][gc,start       ] GC(1276) Pause Young (Allocation Failure)
[468.505s][info][gc,heap        ] GC(1276) PSYoungGen: 274496K(274944K)->3968K(294912K) Eden: 274432K(274432K)->0K(287232K) From: 64K(512K)->3968K(7680K)
[468.505s][info][gc,heap        ] GC(1276) ParOldGen: 537503K(537600K)->537519K(537600K)
[468.505s][info][gc,metaspace   ] GC(1276) Metaspace: 35476K(36160K)->35476K(36160K) NonClass: 26265K(26752K)->26265K(26752K) Class: 9210K(9408K)->9210K(9408K)
[468.505s][info][gc             ] GC(1276) Pause Young (Allocation Failure) 792M->528M(813M) 9.936ms
[468.505s][info][gc,cpu         ] GC(1276) User=0.02s Sys=0.00s Real=0.01s
[468.884s][info][gc,start       ] GC(1277) Pause Young (Allocation Failure)
[468.953s][info][gc,heap        ] GC(1277) PSYoungGen: 291200K(294912K)->8192K(304128K) Eden: 287232K(287232K)->0K(295936K) From: 3968K(7680K)->8192K(8192K)
[468.953s][info][gc,heap        ] GC(1277) ParOldGen: 537519K(537600K)->562063K(562176K)
[468.953s][info][gc,metaspace   ] GC(1277) Metaspace: 35476K(36160K)->35476K(36160K) NonClass: 26265K(26752K)->26265K(26752K) Class: 9210K(9408K)->9210K(9408K)
[468.953s][info][gc             ] GC(1277) Pause Young (Allocation Failure) 809M->556M(846M) 69.336ms
[468.953s][info][gc,cpu         ] GC(1277) User=0.12s Sys=0.02s Real=0.07s
[469.268s][info][gc,start       ] GC(1278) Pause Young (Allocation Failure)
[469.323s][info][gc,heap        ] GC(1278) PSYoungGen: 304128K(304128K)->18944K(314880K) Eden: 295936K(295936K)->0K(295936K) From: 8192K(8192K)->18944K(18944K)
[469.323s][info][gc,heap        ] GC(1278) ParOldGen: 562063K(562176K)->569743K(569856K)
[469.323s][info][gc,metaspace   ] GC(1278) Metaspace: 35476K(36160K)->35476K(36160K) NonClass: 26265K(26752K)->26265K(26752K) Class: 9210K(9408K)->9210K(9408K)
[469.324s][info][gc             ] GC(1278) Pause Young (Allocation Failure) 845M->574M(864M) 55.560ms
[469.324s][info][gc,cpu         ] GC(1278) User=0.10s Sys=0.02s Real=0.06s
[469.540s][info][gc,start       ] GC(1279) Pause Young (Allocation Failure)
[469.544s][info][gc,heap        ] GC(1279) PSYoungGen: 314880K(314880K)->64K(302592K) Eden: 295936K(295936K)->0K(283648K) From: 18944K(18944K)->64K(18944K)
[469.544s][info][gc,heap        ] GC(1279) ParOldGen: 569743K(569856K)->569943K(570368K)
[469.544s][info][gc,metaspace   ] GC(1279) Metaspace: 35476K(36160K)->35476K(36160K) NonClass: 26265K(26752K)->26265K(26752K) Class: 9210K(9408K)->9210K(9408K)
[469.544s][info][gc             ] GC(1279) Pause Young (Allocation Failure) 863M->556M(852M) 3.909ms
[469.544s][info][gc,cpu         ] GC(1279) User=0.01s Sys=0.00s Real=0.00s
[470.218s][info][gc,start       ] GC(1280) Pause Young (Allocation Failure)
[470.220s][info][gc,heap        ] GC(1280) PSYoungGen: 283712K(302592K)->64K(308736K) Eden: 283648K(283648K)->0K(283648K) From: 64K(18944K)->64K(25088K)
[470.220s][info][gc,heap        ] GC(1280) ParOldGen: 569943K(570368K)->569951K(570368K)
[470.220s][info][gc,metaspace   ] GC(1280) Metaspace: 35476K(36160K)->35476K(36160K) NonClass: 26265K(26752K)->26265K(26752K) Class: 9210K(9408K)->9210K(9408K)
[470.220s][info][gc             ] GC(1280) Pause Young (Allocation Failure) 833M->556M(858M) 1.856ms
[470.220s][info][gc,cpu         ] GC(1280) User=0.00s Sys=0.00s Real=0.01s
[470.682s][info][gc,start       ] GC(1281) Pause Young (Allocation Failure)
[470.684s][info][gc,heap        ] GC(1281) PSYoungGen: 283712K(308736K)->64K(305664K) Eden: 283648K(283648K)->0K(284672K) From: 64K(25088K)->64K(20992K)
[470.684s][info][gc,heap        ] GC(1281) ParOldGen: 569951K(570368K)->569967K(570368K)
[470.684s][info][gc,metaspace   ] GC(1281) Metaspace: 35476K(36160K)->35476K(36160K) NonClass: 26265K(26752K)->26265K(26752K) Class: 9210K(9408K)->9210K(9408K)
[470.684s][info][gc             ] GC(1281) Pause Young (Allocation Failure) 833M->556M(855M) 2.088ms
[470.684s][info][gc,cpu         ] GC(1281) User=0.01s Sys=0.00s Real=0.00s
[470.924s][info][gc,start       ] GC(1282) Pause Young (Allocation Failure)
[470.926s][info][gc,heap        ] GC(1282) PSYoungGen: 284736K(305664K)->32K(307712K) Eden: 284672K(284672K)->0K(284672K) From: 64K(20992K)->32K(23040K)
[470.926s][info][gc,heap        ] GC(1282) ParOldGen: 569967K(570368K)->569983K(570368K)
[470.926s][info][gc,metaspace   ] GC(1282) Metaspace: 35476K(36160K)->35476K(36160K) NonClass: 26265K(26752K)->26265K(26752K) Class: 9210K(9408K)->9210K(9408K)
[470.926s][info][gc             ] GC(1282) Pause Young (Allocation Failure) 834M->556M(857M) 1.793ms
[470.926s][info][gc,cpu         ] GC(1282) User=0.00s Sys=0.00s Real=0.00s
[471.164s][info][gc,start       ] GC(1283) Pause Young (Allocation Failure)
[471.166s][info][gc,heap        ] GC(1283) PSYoungGen: 284704K(307712K)->64K(307712K) Eden: 284672K(284672K)->0K(288768K) From: 32K(23040K)->64K(18944K)
[471.166s][info][gc,heap        ] GC(1283) ParOldGen: 569983K(570368K)->569983K(570368K)
[471.166s][info][gc,metaspace   ] GC(1283) Metaspace: 35476K(36160K)->35476K(36160K) NonClass: 26265K(26752K)->26265K(26752K) Class: 9210K(9408K)->9210K(9408K)
[471.166s][info][gc             ] GC(1283) Pause Young (Allocation Failure) 834M->556M(857M) 1.770ms
[471.166s][info][gc,cpu         ] GC(1283) User=0.00s Sys=0.00s Real=0.00s
[471.513s][info][gc,start       ] GC(1284) Pause Young (Allocation Failure)
[471.515s][info][gc,heap        ] GC(1284) PSYoungGen: 288832K(307712K)->64K(309760K) Eden: 288768K(288768K)->0K(288768K) From: 64K(18944K)->64K(20992K)
[471.515s][info][gc,heap        ] GC(1284) ParOldGen: 569983K(570368K)->569983K(570368K)
[471.515s][info][gc,metaspace   ] GC(1284) Metaspace: 35476K(36160K)->35476K(36160K) NonClass: 26265K(26752K)->26265K(26752K) Class: 9210K(9408K)->9210K(9408K)
[471.515s][info][gc             ] GC(1284) Pause Young (Allocation Failure) 838M->556M(859M) 1.803ms
[471.515s][info][gc,cpu         ] GC(1284) User=0.01s Sys=0.00s Real=0.00s
[471.565s][info][gc,start       ] GC(1285) Pause Young (Allocation Failure)
[471.566s][info][gc,heap        ] GC(1285) PSYoungGen: 288832K(309760K)->64K(309760K) Eden: 288768K(288768K)->0K(292864K) From: 64K(20992K)->64K(16896K)
[471.566s][info][gc,heap        ] GC(1285) ParOldGen: 569983K(570368K)->569999K(570368K)
[471.566s][info][gc,metaspace   ] GC(1285) Metaspace: 35476K(36160K)->35476K(36160K) NonClass: 26265K(26752K)->26265K(26752K) Class: 9210K(9408K)->9210K(9408K)
[471.566s][info][gc             ] GC(1285) Pause Young (Allocation Failure) 838M->556M(859M) 1.666ms
[471.566s][info][gc,cpu         ] GC(1285) User=0.00s Sys=0.00s Real=0.00s
[471.618s][info][gc,start       ] GC(1286) Pause Young (Allocation Failure)
[471.619s][info][gc,heap        ] GC(1286) PSYoungGen: 292928K(309760K)->64K(311808K) Eden: 292864K(292864K)->0K(292864K) From: 64K(16896K)->64K(18944K)
[471.619s][info][gc,heap        ] GC(1286) ParOldGen: 569999K(570368K)->569999K(570368K)
[471.619s][info][gc,metaspace   ] GC(1286) Metaspace: 35476K(36160K)->35476K(36160K) NonClass: 26265K(26752K)->26265K(26752K) Class: 9210K(9408K)->9210K(9408K)
[471.619s][info][gc             ] GC(1286) Pause Young (Allocation Failure) 842M->556M(861M) 1.558ms
[471.619s][info][gc,cpu         ] GC(1286) User=0.00s Sys=0.00s Real=0.01s
[471.901s][info][gc,start       ] GC(1287) Pause Young (Allocation Failure)
[471.902s][info][gc,heap        ] GC(1287) PSYoungGen: 292928K(311808K)->64K(311808K) Eden: 292864K(292864K)->0K(296960K) From: 64K(18944K)->64K(14848K)
[471.902s][info][gc,heap        ] GC(1287) ParOldGen: 569999K(570368K)->569999K(570368K)
[471.902s][info][gc,metaspace   ] GC(1287) Metaspace: 35476K(36160K)->35476K(36160K) NonClass: 26265K(26752K)->26265K(26752K) Class: 9210K(9408K)->9210K(9408K)
[471.902s][info][gc             ] GC(1287) Pause Young (Allocation Failure) 842M->556M(861M) 1.628ms
[471.902s][info][gc,cpu         ] GC(1287) User=0.01s Sys=0.00s Real=0.00s
[472.163s][info][gc,start       ] GC(1288) Pause Young (Allocation Failure)
[472.165s][info][gc,heap        ] GC(1288) PSYoungGen: 297024K(311808K)->64K(313856K) Eden: 296960K(296960K)->0K(296960K) From: 64K(14848K)->64K(16896K)
[472.165s][info][gc,heap        ] GC(1288) ParOldGen: 569999K(570368K)->570007K(570368K)
[472.165s][info][gc,metaspace   ] GC(1288) Metaspace: 35476K(36160K)->35476K(36160K) NonClass: 26265K(26752K)->26265K(26752K) Class: 9210K(9408K)->9210K(9408K)
[472.165s][info][gc             ] GC(1288) Pause Young (Allocation Failure) 846M->556M(863M) 1.639ms
[472.165s][info][gc,cpu         ] GC(1288) User=0.01s Sys=0.00s Real=0.00s
[472.265s][info][gc,start       ] GC(1289) Pause Young (Allocation Failure)
[472.267s][info][gc,heap        ] GC(1289) PSYoungGen: 297024K(313856K)->64K(313856K) Eden: 296960K(296960K)->0K(301056K) From: 64K(16896K)->64K(12800K)
[472.267s][info][gc,heap        ] GC(1289) ParOldGen: 570007K(570368K)->570015K(570368K)
[472.267s][info][gc,metaspace   ] GC(1289) Metaspace: 35476K(36160K)->35476K(36160K) NonClass: 26265K(26752K)->26265K(26752K) Class: 9210K(9408K)->9210K(9408K)
[472.267s][info][gc             ] GC(1289) Pause Young (Allocation Failure) 846M->556M(863M) 1.561ms
[472.267s][info][gc,cpu         ] GC(1289) User=0.00s Sys=0.00s Real=0.00s
[472.402s][info][gc,start       ] GC(1290) Pause Young (Allocation Failure)
[472.404s][info][gc,heap        ] GC(1290) PSYoungGen: 301120K(313856K)->64K(315904K) Eden: 301056K(301056K)->0K(301056K) From: 64K(12800K)->64K(14848K)
[472.404s][info][gc,heap        ] GC(1290) ParOldGen: 570015K(570368K)->570023K(570368K)
[472.404s][info][gc,metaspace   ] GC(1290) Metaspace: 35476K(36160K)->35476K(36160K) NonClass: 26265K(26752K)->26265K(26752K) Class: 9210K(9408K)->9210K(9408K)
[472.404s][info][gc             ] GC(1290) Pause Young (Allocation Failure) 850M->556M(865M) 1.837ms
[472.404s][info][gc,cpu         ] GC(1290) User=0.01s Sys=0.00s Real=0.00s
[472.799s][info][gc,start       ] GC(1291) Pause Young (Allocation Failure)
[472.801s][info][gc,heap        ] GC(1291) PSYoungGen: 301120K(315904K)->64K(316416K) Eden: 301056K(301056K)->0K(304640K) From: 64K(14848K)->64K(11776K)
[472.801s][info][gc,heap        ] GC(1291) ParOldGen: 570023K(570368K)->570031K(570368K)
[472.801s][info][gc,metaspace   ] GC(1291) Metaspace: 35476K(36160K)->35476K(36160K) NonClass: 26265K(26752K)->26265K(26752K) Class: 9210K(9408K)->9210K(9408K)
[472.801s][info][gc             ] GC(1291) Pause Young (Allocation Failure) 850M->556M(866M) 1.746ms
[472.801s][info][gc,cpu         ] GC(1291) User=0.00s Sys=0.00s Real=0.00s
[473.430s][info][gc,start       ] GC(1292) Pause Young (Allocation Failure)
[473.432s][info][gc,heap        ] GC(1292) PSYoungGen: 304704K(316416K)->64K(317952K) Eden: 304640K(304640K)->0K(304640K) From: 64K(11776K)->64K(13312K)
[473.432s][info][gc,heap        ] GC(1292) ParOldGen: 570031K(570368K)->570039K(570368K)
[473.432s][info][gc,metaspace   ] GC(1292) Metaspace: 35476K(36160K)->35476K(36160K) NonClass: 26265K(26752K)->26265K(26752K) Class: 9210K(9408K)->9210K(9408K)
[473.432s][info][gc             ] GC(1292) Pause Young (Allocation Failure) 854M->556M(867M) 1.823ms
[473.432s][info][gc,cpu         ] GC(1292) User=0.00s Sys=0.00s Real=0.00s
[474.386s][info][gc,start       ] GC(1293) Pause Young (Allocation Failure)
[474.388s][info][gc,heap        ] GC(1293) PSYoungGen: 304704K(317952K)->64K(292864K) Eden: 304640K(304640K)->0K(292352K) From: 64K(13312K)->64K(512K)
[474.388s][info][gc,heap        ] GC(1293) ParOldGen: 570039K(570368K)->570047K(570368K)
[474.388s][info][gc,metaspace   ] GC(1293) Metaspace: 35476K(36160K)->35476K(36160K) NonClass: 26265K(26752K)->26265K(26752K) Class: 9210K(9408K)->9210K(9408K)
[474.388s][info][gc             ] GC(1293) Pause Young (Allocation Failure) 854M->556M(843M) 2.142ms
[474.388s][info][gc,cpu         ] GC(1293) User=0.00s Sys=0.00s Real=0.00s
[474.909s][info][gc,start       ] GC(1294) Pause Young (Allocation Failure)
[474.911s][info][gc,heap        ] GC(1294) PSYoungGen: 292416K(292864K)->64K(292352K) Eden: 292352K(292352K)->0K(280576K) From: 64K(512K)->64K(11776K)
[474.911s][info][gc,heap        ] GC(1294) ParOldGen: 570047K(570368K)->570055K(570368K)
[474.911s][info][gc,metaspace   ] GC(1294) Metaspace: 35476K(36160K)->35476K(36160K) NonClass: 26265K(26752K)->26265K(26752K) Class: 9210K(9408K)->9210K(9408K)
[474.911s][info][gc             ] GC(1294) Pause Young (Allocation Failure) 842M->556M(842M) 1.976ms
[474.911s][info][gc,cpu         ] GC(1294) User=0.00s Sys=0.00s Real=0.00s
[475.861s][info][gc,start       ] GC(1295) Pause Young (Allocation Failure)
[475.863s][info][gc,heap        ] GC(1295) PSYoungGen: 280640K(292352K)->64K(269824K) Eden: 280576K(280576K)->0K(269312K) From: 64K(11776K)->64K(512K)
[475.863s][info][gc,heap        ] GC(1295) ParOldGen: 570055K(570368K)->570063K(570368K)
[475.863s][info][gc,metaspace   ] GC(1295) Metaspace: 35476K(36160K)->35476K(36160K) NonClass: 26265K(26752K)->26265K(26752K) Class: 9210K(9408K)->9210K(9408K)
[475.863s][info][gc             ] GC(1295) Pause Young (Allocation Failure) 830M->556M(820M) 2.099ms
[475.863s][info][gc,cpu         ] GC(1295) User=0.00s Sys=0.00s Real=0.00s
[476.242s][info][gc,start       ] GC(1296) Pause Young (Allocation Failure)
[476.244s][info][gc,heap        ] GC(1296) PSYoungGen: 269376K(269824K)->64K(269312K) Eden: 269312K(269312K)->0K(259072K) From: 64K(512K)->64K(10240K)
[476.244s][info][gc,heap        ] GC(1296) ParOldGen: 570063K(570368K)->570071K(570368K)
[476.244s][info][gc,metaspace   ] GC(1296) Metaspace: 35476K(36160K)->35476K(36160K) NonClass: 26265K(26752K)->26265K(26752K) Class: 9210K(9408K)->9210K(9408K)
[476.244s][info][gc             ] GC(1296) Pause Young (Allocation Failure) 819M->556M(820M) 1.734ms
[476.244s][info][gc,cpu         ] GC(1296) User=0.00s Sys=0.00s Real=0.00s
[476.314s][info][gc,start       ] GC(1297) Pause Young (Allocation Failure)
[476.316s][info][gc,heap        ] GC(1297) PSYoungGen: 259136K(269312K)->64K(302592K) Eden: 259072K(259072K)->0K(293376K) From: 64K(10240K)->64K(9216K)
[476.316s][info][gc,heap        ] GC(1297) ParOldGen: 570071K(570368K)->570079K(570368K)
[476.316s][info][gc,metaspace   ] GC(1297) Metaspace: 35476K(36160K)->35476K(36160K) NonClass: 26265K(26752K)->26265K(26752K) Class: 9210K(9408K)->9210K(9408K)
[476.316s][info][gc             ] GC(1297) Pause Young (Allocation Failure) 809M->556M(852M) 1.633ms
[476.316s][info][gc,cpu         ] GC(1297) User=0.00s Sys=0.00s Real=0.00s
[476.948s][info][gc,start       ] GC(1298) Pause Young (Allocation Failure)
[476.950s][info][gc,heap        ] GC(1298) PSYoungGen: 293440K(302592K)->64K(282112K) Eden: 293376K(293376K)->0K(281600K) From: 64K(9216K)->64K(512K)
[476.950s][info][gc,heap        ] GC(1298) ParOldGen: 570079K(570368K)->570087K(570368K)
[476.950s][info][gc,metaspace   ] GC(1298) Metaspace: 35476K(36160K)->35476K(36160K) NonClass: 26265K(26752K)->26265K(26752K) Class: 9210K(9408K)->9210K(9408K)
[476.950s][info][gc             ] GC(1298) Pause Young (Allocation Failure) 843M->556M(832M) 2.157ms
[476.950s][info][gc,cpu         ] GC(1298) User=0.01s Sys=0.00s Real=0.01s
[477.234s][info][gc,start       ] GC(1299) Pause Young (Allocation Failure)
[477.238s][info][gc,heap        ] GC(1299) PSYoungGen: 281663K(282112K)->32K(294912K) Eden: 281599K(281600K)->0K(286720K) From: 64K(512K)->32K(8192K)
[477.238s][info][gc,heap        ] GC(1299) ParOldGen: 570087K(570368K)->570095K(570368K)
[477.238s][info][gc,metaspace   ] GC(1299) Metaspace: 35476K(36160K)->35476K(36160K) NonClass: 26265K(26752K)->26265K(26752K) Class: 9210K(9408K)->9210K(9408K)
[477.238s][info][gc             ] GC(1299) Pause Young (Allocation Failure) 831M->556M(845M) 4.729ms
[477.239s][info][gc,cpu         ] GC(1299) User=0.01s Sys=0.00s Real=0.00s
[477.643s][info][gc,start       ] GC(1300) Pause Young (Allocation Failure)
[477.703s][info][gc,heap        ] GC(1300) PSYoungGen: 286752K(294912K)->7680K(294400K) Eden: 286720K(286720K)->0K(286720K) From: 32K(8192K)->7680K(7680K)
[477.703s][info][gc,heap        ] GC(1300) ParOldGen: 570095K(570368K)->591935K(592384K)
[477.703s][info][gc,metaspace   ] GC(1300) Metaspace: 35476K(36160K)->35476K(36160K) NonClass: 26265K(26752K)->26265K(26752K) Class: 9210K(9408K)->9210K(9408K)
[477.703s][info][gc             ] GC(1300) Pause Young (Allocation Failure) 836M->585M(866M) 60.002ms
[477.703s][info][gc,cpu         ] GC(1300) User=0.09s Sys=0.02s Real=0.06s
[478.079s][info][gc,start       ] GC(1301) Pause Young (Allocation Failure)
[478.152s][info][gc,heap        ] GC(1301) PSYoungGen: 294400K(294400K)->17408K(296960K) Eden: 286720K(286720K)->0K(279552K) From: 7680K(7680K)->17408K(17408K)
[478.152s][info][gc,heap        ] GC(1301) ParOldGen: 591935K(592384K)->607783K(608256K)
[478.152s][info][gc,metaspace   ] GC(1301) Metaspace: 35476K(36160K)->35476K(36160K) NonClass: 26265K(26752K)->26265K(26752K) Class: 9210K(9408K)->9210K(9408K)
[478.152s][info][gc             ] GC(1301) Pause Young (Allocation Failure) 865M->610M(884M) 73.604ms
[478.152s][info][gc,cpu         ] GC(1301) User=0.12s Sys=0.03s Real=0.07s
[478.243s][info][gc,start       ] GC(1302) Pause Young (Allocation Failure)
[478.250s][info][gc,heap        ] GC(1302) PSYoungGen: 296960K(296960K)->512K(306688K) Eden: 279552K(279552K)->0K(279552K) From: 17408K(17408K)->512K(27136K)
[478.250s][info][gc,heap        ] GC(1302) ParOldGen: 607783K(608256K)->608199K(608256K)
[478.250s][info][gc,metaspace   ] GC(1302) Metaspace: 35479K(36160K)->35479K(36160K) NonClass: 26268K(26752K)->26268K(26752K) Class: 9210K(9408K)->9210K(9408K)
[478.250s][info][gc             ] GC(1302) Pause Young (Allocation Failure) 883M->594M(893M) 6.809ms
[478.250s][info][gc,cpu         ] GC(1302) User=0.01s Sys=0.00s Real=0.01s
[478.863s][info][gc,start       ] GC(1303) Pause Young (Allocation Failure)
[478.865s][info][gc,heap        ] GC(1303) PSYoungGen: 280064K(306688K)->64K(303616K) Eden: 279552K(279552K)->0K(280576K) From: 512K(27136K)->64K(23040K)
[478.865s][info][gc,heap        ] GC(1303) ParOldGen: 608199K(608256K)->608207K(608256K)
[478.865s][info][gc,metaspace   ] GC(1303) Metaspace: 35479K(36160K)->35479K(36160K) NonClass: 26268K(26752K)->26268K(26752K) Class: 9210K(9408K)->9210K(9408K)
[478.865s][info][gc             ] GC(1303) Pause Young (Allocation Failure) 867M->594M(890M) 2.077ms
[478.865s][info][gc,cpu         ] GC(1303) User=0.01s Sys=0.00s Real=0.00s
[479.253s][info][gc,start       ] GC(1304) Pause Young (Allocation Failure)
[479.255s][info][gc,heap        ] GC(1304) PSYoungGen: 280640K(303616K)->64K(305664K) Eden: 280576K(280576K)->0K(280576K) From: 64K(23040K)->64K(25088K)
[479.255s][info][gc,heap        ] GC(1304) ParOldGen: 608207K(608256K)->608215K(608256K)
[479.255s][info][gc,metaspace   ] GC(1304) Metaspace: 35479K(36160K)->35479K(36160K) NonClass: 26268K(26752K)->26268K(26752K) Class: 9210K(9408K)->9210K(9408K)
[479.255s][info][gc             ] GC(1304) Pause Young (Allocation Failure) 868M->594M(892M) 1.871ms
[479.255s][info][gc,cpu         ] GC(1304) User=0.01s Sys=0.00s Real=0.00s
[479.685s][info][gc,start       ] GC(1305) Pause Young (Allocation Failure)
[479.687s][info][gc,heap        ] GC(1305) PSYoungGen: 280640K(305664K)->64K(305664K) Eden: 280576K(280576K)->0K(284672K) From: 64K(25088K)->64K(20992K)
[479.687s][info][gc,heap        ] GC(1305) ParOldGen: 608215K(608256K)->608231K(608256K)
[479.687s][info][gc,metaspace   ] GC(1305) Metaspace: 35479K(36160K)->35479K(36160K) NonClass: 26268K(26752K)->26268K(26752K) Class: 9210K(9408K)->9210K(9408K)
[479.687s][info][gc             ] GC(1305) Pause Young (Allocation Failure) 868M->594M(892M) 2.027ms
[479.687s][info][gc,cpu         ] GC(1305) User=0.00s Sys=0.00s Real=0.00s
[479.919s][info][gc,start       ] GC(1306) Pause Young (Allocation Failure)
[479.921s][info][gc,heap        ] GC(1306) PSYoungGen: 284736K(305664K)->64K(307712K) Eden: 284672K(284672K)->0K(284672K) From: 64K(20992K)->64K(23040K)
[479.921s][info][gc,heap        ] GC(1306) ParOldGen: 608231K(608256K)->608247K(608256K)
[479.921s][info][gc,metaspace   ] GC(1306) Metaspace: 35479K(36160K)->35479K(36160K) NonClass: 26268K(26752K)->26268K(26752K) Class: 9210K(9408K)->9210K(9408K)
[479.921s][info][gc             ] GC(1306) Pause Young (Allocation Failure) 872M->594M(894M) 1.745ms
[479.921s][info][gc,cpu         ] GC(1306) User=0.00s Sys=0.00s Real=0.00s
[480.267s][info][gc,start       ] GC(1307) Pause Young (Allocation Failure)
[480.269s][info][gc,heap        ] GC(1307) PSYoungGen: 284736K(307712K)->64K(307712K) Eden: 284672K(284672K)->0K(288768K) From: 64K(23040K)->64K(18944K)
[480.269s][info][gc,heap        ] GC(1307) ParOldGen: 608247K(608256K)->608247K(608256K)
[480.269s][info][gc,metaspace   ] GC(1307) Metaspace: 35479K(36160K)->35479K(36160K) NonClass: 26268K(26752K)->26268K(26752K) Class: 9210K(9408K)->9210K(9408K)
[480.269s][info][gc             ] GC(1307) Pause Young (Allocation Failure) 872M->594M(894M) 1.695ms
[480.269s][info][gc,cpu         ] GC(1307) User=0.00s Sys=0.00s Real=0.01s
[480.379s][info][gc,start       ] GC(1308) Pause Young (Allocation Failure)
[480.381s][info][gc,heap        ] GC(1308) PSYoungGen: 288832K(307712K)->64K(309760K) Eden: 288768K(288768K)->0K(288768K) From: 64K(18944K)->64K(20992K)
[480.381s][info][gc,heap        ] GC(1308) ParOldGen: 608247K(608256K)->608255K(608256K)
[480.381s][info][gc,metaspace   ] GC(1308) Metaspace: 35479K(36160K)->35479K(36160K) NonClass: 26268K(26752K)->26268K(26752K) Class: 9210K(9408K)->9210K(9408K)
[480.381s][info][gc             ] GC(1308) Pause Young (Allocation Failure) 876M->594M(896M) 1.709ms
[480.381s][info][gc,cpu         ] GC(1308) User=0.00s Sys=0.00s Real=0.00s
[480.430s][info][gc,start       ] GC(1309) Pause Young (Allocation Failure)
[480.432s][info][gc,heap        ] GC(1309) PSYoungGen: 288832K(309760K)->64K(308736K) Eden: 288768K(288768K)->0K(292864K) From: 64K(20992K)->64K(15872K)
[480.432s][info][gc,heap        ] GC(1309) ParOldGen: 608255K(608256K)->608271K(608768K)
[480.432s][info][gc,metaspace   ] GC(1309) Metaspace: 35479K(36160K)->35479K(36160K) NonClass: 26268K(26752K)->26268K(26752K) Class: 9210K(9408K)->9210K(9408K)
[480.432s][info][gc             ] GC(1309) Pause Young (Allocation Failure) 876M->594M(896M) 1.771ms
[480.432s][info][gc,cpu         ] GC(1309) User=0.00s Sys=0.00s Real=0.00s
[480.615s][info][gc,start       ] GC(1310) Pause Young (Allocation Failure)
[480.617s][info][gc,heap        ] GC(1310) PSYoungGen: 292928K(308736K)->64K(311296K) Eden: 292864K(292864K)->0K(292864K) From: 64K(15872K)->64K(18432K)
[480.617s][info][gc,heap        ] GC(1310) ParOldGen: 608271K(608768K)->608271K(608768K)
[480.617s][info][gc,metaspace   ] GC(1310) Metaspace: 35479K(36160K)->35479K(36160K) NonClass: 26268K(26752K)->26268K(26752K) Class: 9210K(9408K)->9210K(9408K)
[480.617s][info][gc             ] GC(1310) Pause Young (Allocation Failure) 880M->594M(898M) 1.825ms
[480.617s][info][gc,cpu         ] GC(1310) User=0.00s Sys=0.00s Real=0.00s
[480.913s][info][gc,start       ] GC(1311) Pause Young (Allocation Failure)
[480.915s][info][gc,heap        ] GC(1311) PSYoungGen: 292928K(311296K)->64K(312320K) Eden: 292864K(292864K)->0K(297984K) From: 64K(18432K)->64K(14336K)
[480.915s][info][gc,heap        ] GC(1311) ParOldGen: 608271K(608768K)->608279K(608768K)
[480.915s][info][gc,metaspace   ] GC(1311) Metaspace: 35479K(36160K)->35479K(36160K) NonClass: 26268K(26752K)->26268K(26752K) Class: 9210K(9408K)->9210K(9408K)
[480.915s][info][gc             ] GC(1311) Pause Young (Allocation Failure) 880M->594M(899M) 1.744ms
[480.915s][info][gc,cpu         ] GC(1311) User=0.01s Sys=0.00s Real=0.00s
[481.065s][info][gc,start       ] GC(1312) Pause Young (Allocation Failure)
[481.067s][info][gc,heap        ] GC(1312) PSYoungGen: 298048K(312320K)->64K(314368K) Eden: 297984K(297984K)->0K(297984K) From: 64K(14336K)->64K(16384K)
[481.067s][info][gc,heap        ] GC(1312) ParOldGen: 608279K(608768K)->608287K(608768K)
[481.067s][info][gc,metaspace   ] GC(1312) Metaspace: 35479K(36160K)->35479K(36160K) NonClass: 26268K(26752K)->26268K(26752K) Class: 9210K(9408K)->9210K(9408K)
[481.067s][info][gc             ] GC(1312) Pause Young (Allocation Failure) 885M->594M(901M) 1.830ms
[481.067s][info][gc,cpu         ] GC(1312) User=0.00s Sys=0.00s Real=0.00s
[481.160s][info][gc,start       ] GC(1313) Pause Young (Allocation Failure)
[481.161s][info][gc,heap        ] GC(1313) PSYoungGen: 298048K(314368K)->64K(314368K) Eden: 297984K(297984K)->0K(302080K) From: 64K(16384K)->64K(12288K)
[481.161s][info][gc,heap        ] GC(1313) ParOldGen: 608287K(608768K)->608295K(608768K)
[481.161s][info][gc,metaspace   ] GC(1313) Metaspace: 35479K(36160K)->35479K(36160K) NonClass: 26268K(26752K)->26268K(26752K) Class: 9210K(9408K)->9210K(9408K)
[481.161s][info][gc             ] GC(1313) Pause Young (Allocation Failure) 885M->594M(901M) 1.786ms
[481.161s][info][gc,cpu         ] GC(1313) User=0.01s Sys=0.00s Real=0.00s
[481.351s][info][gc,start       ] GC(1314) Pause Young (Allocation Failure)
[481.353s][info][gc,heap        ] GC(1314) PSYoungGen: 302144K(314368K)->64K(316416K) Eden: 302080K(302080K)->0K(302080K) From: 64K(12288K)->64K(14336K)
[481.353s][info][gc,heap        ] GC(1314) ParOldGen: 608295K(608768K)->608303K(608768K)
[481.353s][info][gc,metaspace   ] GC(1314) Metaspace: 35479K(36160K)->35479K(36160K) NonClass: 26268K(26752K)->26268K(26752K) Class: 9210K(9408K)->9210K(9408K)
[481.353s][info][gc             ] GC(1314) Pause Young (Allocation Failure) 889M->594M(903M) 1.772ms
[481.353s][info][gc,cpu         ] GC(1314) User=0.01s Sys=0.00s Real=0.00s
[482.231s][info][gc,start       ] GC(1315) Pause Young (Allocation Failure)
[482.233s][info][gc,heap        ] GC(1315) PSYoungGen: 302144K(316416K)->64K(316928K) Eden: 302080K(302080K)->0K(305664K) From: 64K(14336K)->64K(11264K)
[482.233s][info][gc,heap        ] GC(1315) ParOldGen: 608303K(608768K)->608311K(608768K)
[482.233s][info][gc,metaspace   ] GC(1315) Metaspace: 35479K(36160K)->35479K(36160K) NonClass: 26268K(26752K)->26268K(26752K) Class: 9210K(9408K)->9210K(9408K)
[482.233s][info][gc             ] GC(1315) Pause Young (Allocation Failure) 889M->594M(904M) 1.836ms
[482.233s][info][gc,cpu         ] GC(1315) User=0.00s Sys=0.00s Real=0.00s
[483.110s][info][gc,start       ] GC(1316) Pause Young (Allocation Failure)
[483.112s][info][gc,heap        ] GC(1316) PSYoungGen: 305728K(316928K)->64K(293888K) Eden: 305664K(305664K)->0K(293376K) From: 64K(11264K)->64K(512K)
[483.112s][info][gc,heap        ] GC(1316) ParOldGen: 608311K(608768K)->608319K(608768K)
[483.112s][info][gc,metaspace   ] GC(1316) Metaspace: 35479K(36160K)->35479K(36160K) NonClass: 26268K(26752K)->26268K(26752K) Class: 9210K(9408K)->9210K(9408K)
[483.112s][info][gc             ] GC(1316) Pause Young (Allocation Failure) 892M->594M(881M) 2.441ms
[483.112s][info][gc,cpu         ] GC(1316) User=0.01s Sys=0.00s Real=0.00s
[483.562s][info][gc,start       ] GC(1317) Pause Young (Allocation Failure)
[483.564s][info][gc,heap        ] GC(1317) PSYoungGen: 293440K(293888K)->64K(282112K) Eden: 293376K(293376K)->0K(281600K) From: 64K(512K)->64K(512K)
[483.564s][info][gc,heap        ] GC(1317) ParOldGen: 608319K(608768K)->608327K(608768K)
[483.564s][info][gc,metaspace   ] GC(1317) Metaspace: 35479K(36160K)->35479K(36160K) NonClass: 26268K(26752K)->26268K(26752K) Class: 9210K(9408K)->9210K(9408K)
[483.564s][info][gc             ] GC(1317) Pause Young (Allocation Failure) 880M->594M(870M) 2.148ms
[483.564s][info][gc,cpu         ] GC(1317) User=0.00s Sys=0.00s Real=0.00s
[484.547s][info][gc,start       ] GC(1318) Pause Young (Allocation Failure)
[484.549s][info][gc,heap        ] GC(1318) PSYoungGen: 281664K(282112K)->64K(281600K) Eden: 281600K(281600K)->0K(270336K) From: 64K(512K)->64K(11264K)
[484.549s][info][gc,heap        ] GC(1318) ParOldGen: 608327K(608768K)->608335K(608768K)
[484.549s][info][gc,metaspace   ] GC(1318) Metaspace: 35479K(36160K)->35479K(36160K) NonClass: 26268K(26752K)->26268K(26752K) Class: 9210K(9408K)->9210K(9408K)
[484.549s][info][gc             ] GC(1318) Pause Young (Allocation Failure) 869M->594M(869M) 1.810ms
[484.549s][info][gc,cpu         ] GC(1318) User=0.00s Sys=0.00s Real=0.01s
[484.936s][info][gc,start       ] GC(1319) Pause Young (Allocation Failure)
[484.938s][info][gc,heap        ] GC(1319) PSYoungGen: 270400K(281600K)->64K(260096K) Eden: 270336K(270336K)->0K(259584K) From: 64K(11264K)->64K(512K)
[484.938s][info][gc,heap        ] GC(1319) ParOldGen: 608335K(608768K)->608343K(608768K)
[484.938s][info][gc,metaspace   ] GC(1319) Metaspace: 35479K(36160K)->35479K(36160K) NonClass: 26268K(26752K)->26268K(26752K) Class: 9210K(9408K)->9210K(9408K)
[484.938s][info][gc             ] GC(1319) Pause Young (Allocation Failure) 858M->594M(848M) 2.179ms
[484.938s][info][gc,cpu         ] GC(1319) User=0.00s Sys=0.00s Real=0.00s
[485.089s][info][gc,start       ] GC(1320) Pause Young (Allocation Failure)
[485.091s][info][gc,heap        ] GC(1320) PSYoungGen: 259648K(260096K)->64K(259072K) Eden: 259584K(259584K)->0K(249344K) From: 64K(512K)->64K(9728K)
[485.091s][info][gc,heap        ] GC(1320) ParOldGen: 608343K(608768K)->608351K(608768K)
[485.091s][info][gc,metaspace   ] GC(1320) Metaspace: 35479K(36160K)->35479K(36160K) NonClass: 26268K(26752K)->26268K(26752K) Class: 9210K(9408K)->9210K(9408K)
[485.091s][info][gc             ] GC(1320) Pause Young (Allocation Failure) 847M->594M(847M) 1.742ms
[485.091s][info][gc,cpu         ] GC(1320) User=0.00s Sys=0.00s Real=0.00s
[485.361s][info][gc,start       ] GC(1321) Pause Young (Allocation Failure)
[485.364s][info][gc,heap        ] GC(1321) PSYoungGen: 249408K(259072K)->64K(240128K) Eden: 249344K(249344K)->0K(239616K) From: 64K(9728K)->64K(512K)
[485.364s][info][gc,heap        ] GC(1321) ParOldGen: 608351K(608768K)->608359K(608768K)
[485.364s][info][gc,metaspace   ] GC(1321) Metaspace: 35479K(36160K)->35479K(36160K) NonClass: 26268K(26752K)->26268K(26752K) Class: 9210K(9408K)->9210K(9408K)
[485.364s][info][gc             ] GC(1321) Pause Young (Allocation Failure) 837M->594M(829M) 2.772ms
[485.364s][info][gc,cpu         ] GC(1321) User=0.00s Sys=0.00s Real=0.00s
[485.787s][info][gc,start       ] GC(1322) Pause Young (Allocation Failure)
[485.790s][info][gc,heap        ] GC(1322) PSYoungGen: 239680K(240128K)->32K(238592K) Eden: 239616K(239616K)->0K(230400K) From: 64K(512K)->32K(8192K)
[485.790s][info][gc,heap        ] GC(1322) ParOldGen: 608359K(608768K)->608367K(608768K)
[485.790s][info][gc,metaspace   ] GC(1322) Metaspace: 35479K(36160K)->35479K(36160K) NonClass: 26268K(26752K)->26268K(26752K) Class: 9210K(9408K)->9210K(9408K)
[485.790s][info][gc             ] GC(1322) Pause Young (Allocation Failure) 828M->594M(827M) 3.035ms
[485.790s][info][gc,cpu         ] GC(1322) User=0.00s Sys=0.00s Real=0.01s
[486.122s][info][gc,start       ] GC(1323) Pause Young (Allocation Failure)
[486.127s][info][gc,heap        ] GC(1323) PSYoungGen: 230431K(238592K)->672K(222720K) Eden: 230399K(230400K)->0K(221696K) From: 32K(8192K)->672K(1024K)
[486.127s][info][gc,heap        ] GC(1323) ParOldGen: 608367K(608768K)->608375K(608768K)
[486.127s][info][gc,metaspace   ] GC(1323) Metaspace: 35479K(36160K)->35479K(36160K) NonClass: 26268K(26752K)->26268K(26752K) Class: 9210K(9408K)->9210K(9408K)
[486.127s][info][gc             ] GC(1323) Pause Young (Allocation Failure) 819M->594M(812M) 5.369ms
[486.127s][info][gc,cpu         ] GC(1323) User=0.00s Sys=0.00s Real=0.00s
[486.415s][info][gc,start       ] GC(1324) Pause Young (Allocation Failure)
[486.467s][info][gc,heap        ] GC(1324) PSYoungGen: 222368K(222720K)->7168K(272384K) Eden: 221696K(221696K)->0K(265216K) From: 672K(1024K)->7168K(7168K)
[486.467s][info][gc,heap        ] GC(1324) ParOldGen: 608375K(608768K)->626479K(626688K)
[486.467s][info][gc,metaspace   ] GC(1324) Metaspace: 35479K(36160K)->35479K(36160K) NonClass: 26268K(26752K)->26268K(26752K) Class: 9210K(9408K)->9210K(9408K)
[486.467s][info][gc             ] GC(1324) Pause Young (Allocation Failure) 811M->618M(878M) 51.509ms
[486.467s][info][gc,cpu         ] GC(1324) User=0.08s Sys=0.01s Real=0.05s
[486.811s][info][gc,start       ] GC(1325) Pause Young (Allocation Failure)
[486.876s][info][gc,heap        ] GC(1325) PSYoungGen: 272384K(272384K)->15360K(271360K) Eden: 265216K(265216K)->0K(256000K) From: 7168K(7168K)->15360K(15360K)
[486.876s][info][gc,heap        ] GC(1325) ParOldGen: 626479K(626688K)->641823K(642048K)
[486.876s][info][gc,metaspace   ] GC(1325) Metaspace: 35479K(36160K)->35479K(36160K) NonClass: 26268K(26752K)->26268K(26752K) Class: 9210K(9408K)->9210K(9408K)
[486.876s][info][gc             ] GC(1325) Pause Young (Allocation Failure) 877M->641M(892M) 64.633ms
[486.876s][info][gc,cpu         ] GC(1325) User=0.10s Sys=0.03s Real=0.06s
[487.001s][info][gc,start       ] GC(1326) Pause Young (Allocation Failure)
[487.016s][info][gc,heap        ] GC(1326) PSYoungGen: 271360K(271360K)->6528K(280576K) Eden: 256000K(256000K)->0K(256000K) From: 15360K(15360K)->6528K(24576K)
[487.017s][info][gc,heap        ] GC(1326) ParOldGen: 641823K(642048K)->642239K(642560K)
[487.017s][info][gc,metaspace   ] GC(1326) Metaspace: 35479K(36160K)->35479K(36160K) NonClass: 26268K(26752K)->26268K(26752K) Class: 9210K(9408K)->9210K(9408K)
[487.017s][info][gc             ] GC(1326) Pause Young (Allocation Failure) 891M->633M(901M) 15.755ms
[487.017s][info][gc,cpu         ] GC(1326) User=0.03s Sys=0.00s Real=0.01s
[487.425s][info][gc,start       ] GC(1327) Pause Young (Allocation Failure)
[487.427s][info][gc,heap        ] GC(1327) PSYoungGen: 262528K(280576K)->64K(305664K) Eden: 256000K(256000K)->0K(286208K) From: 6528K(24576K)->64K(19456K)
[487.427s][info][gc,heap        ] GC(1327) ParOldGen: 642239K(642560K)->642247K(642560K)
[487.427s][info][gc,metaspace   ] GC(1327) Metaspace: 35479K(36160K)->35479K(36160K) NonClass: 26268K(26752K)->26268K(26752K) Class: 9210K(9408K)->9210K(9408K)
[487.427s][info][gc             ] GC(1327) Pause Young (Allocation Failure) 883M->627M(926M) 1.987ms
[487.427s][info][gc,cpu         ] GC(1327) User=0.00s Sys=0.00s Real=0.00s
[487.990s][info][gc,start       ] GC(1328) Pause Young (Allocation Failure)
[487.992s][info][gc,heap        ] GC(1328) PSYoungGen: 286272K(305664K)->64K(308224K) Eden: 286208K(286208K)->0K(286208K) From: 64K(19456K)->64K(22016K)
[487.992s][info][gc,heap        ] GC(1328) ParOldGen: 642247K(642560K)->642255K(642560K)
[487.992s][info][gc,metaspace   ] GC(1328) Metaspace: 35479K(36160K)->35479K(36160K) NonClass: 26268K(26752K)->26268K(26752K) Class: 9210K(9408K)->9210K(9408K)
[487.992s][info][gc             ] GC(1328) Pause Young (Allocation Failure) 906M->627M(928M) 1.905ms
[487.992s][info][gc,cpu         ] GC(1328) User=0.01s Sys=0.00s Real=0.00s
[488.419s][info][gc,start       ] GC(1329) Pause Young (Allocation Failure)
[488.421s][info][gc,heap        ] GC(1329) PSYoungGen: 286272K(308224K)->64K(309248K) Eden: 286208K(286208K)->0K(290304K) From: 64K(22016K)->64K(18944K)
[488.421s][info][gc,heap        ] GC(1329) ParOldGen: 642255K(642560K)->642271K(642560K)
[488.421s][info][gc,metaspace   ] GC(1329) Metaspace: 35479K(36160K)->35479K(36160K) NonClass: 26268K(26752K)->26268K(26752K) Class: 9210K(9408K)->9210K(9408K)
[488.421s][info][gc             ] GC(1329) Pause Young (Allocation Failure) 906M->627M(929M) 1.935ms
[488.421s][info][gc,cpu         ] GC(1329) User=0.01s Sys=0.00s Real=0.00s
[488.659s][info][gc,start       ] GC(1330) Pause Young (Allocation Failure)
[488.661s][info][gc,heap        ] GC(1330) PSYoungGen: 290368K(309248K)->64K(310784K) Eden: 290304K(290304K)->0K(290304K) From: 64K(18944K)->64K(20480K)
[488.661s][info][gc,heap        ] GC(1330) ParOldGen: 642271K(642560K)->642287K(642560K)
[488.661s][info][gc,metaspace   ] GC(1330) Metaspace: 35479K(36160K)->35479K(36160K) NonClass: 26268K(26752K)->26268K(26752K) Class: 9210K(9408K)->9210K(9408K)
[488.661s][info][gc             ] GC(1330) Pause Young (Allocation Failure) 910M->627M(931M) 1.797ms
[488.661s][info][gc,cpu         ] GC(1330) User=0.01s Sys=0.00s Real=0.00s
[488.900s][info][gc,start       ] GC(1331) Pause Young (Allocation Failure)
[488.902s][info][gc,heap        ] GC(1331) PSYoungGen: 290368K(310784K)->32K(310784K) Eden: 290304K(290304K)->0K(293376K) From: 64K(20480K)->32K(17408K)
[488.902s][info][gc,heap        ] GC(1331) ParOldGen: 642287K(642560K)->642287K(642560K)
[488.902s][info][gc,metaspace   ] GC(1331) Metaspace: 35479K(36160K)->35479K(36160K) NonClass: 26268K(26752K)->26268K(26752K) Class: 9210K(9408K)->9210K(9408K)
[488.902s][info][gc             ] GC(1331) Pause Young (Allocation Failure) 910M->627M(931M) 1.820ms
[488.902s][info][gc,cpu         ] GC(1331) User=0.01s Sys=0.00s Real=0.00s
[489.176s][info][gc,start       ] GC(1332) Pause Young (Allocation Failure)
[489.177s][info][gc,heap        ] GC(1332) PSYoungGen: 293408K(310784K)->64K(312320K) Eden: 293376K(293376K)->0K(293376K) From: 32K(17408K)->64K(18944K)
[489.177s][info][gc,heap        ] GC(1332) ParOldGen: 642287K(642560K)->642287K(642560K)
[489.177s][info][gc,metaspace   ] GC(1332) Metaspace: 35479K(36160K)->35479K(36160K) NonClass: 26268K(26752K)->26268K(26752K) Class: 9210K(9408K)->9210K(9408K)
[489.177s][info][gc             ] GC(1332) Pause Young (Allocation Failure) 913M->627M(932M) 1.748ms
[489.177s][info][gc,cpu         ] GC(1332) User=0.00s Sys=0.00s Real=0.00s
[489.228s][info][gc,start       ] GC(1333) Pause Young (Allocation Failure)
[489.229s][info][gc,heap        ] GC(1333) PSYoungGen: 293440K(312320K)->64K(312320K) Eden: 293376K(293376K)->0K(296960K) From: 64K(18944K)->64K(15360K)
[489.229s][info][gc,heap        ] GC(1333) ParOldGen: 642287K(642560K)->642303K(642560K)
[489.229s][info][gc,metaspace   ] GC(1333) Metaspace: 35479K(36160K)->35479K(36160K) NonClass: 26268K(26752K)->26268K(26752K) Class: 9210K(9408K)->9210K(9408K)
[489.230s][info][gc             ] GC(1333) Pause Young (Allocation Failure) 913M->627M(932M) 1.706ms
[489.230s][info][gc,cpu         ] GC(1333) User=0.01s Sys=0.00s Real=0.01s
[489.356s][info][gc,start       ] GC(1334) Pause Young (Allocation Failure)
[489.358s][info][gc,heap        ] GC(1334) PSYoungGen: 297024K(312320K)->64K(313856K) Eden: 296960K(296960K)->0K(296960K) From: 64K(15360K)->64K(16896K)
[489.358s][info][gc,heap        ] GC(1334) ParOldGen: 642303K(642560K)->642303K(642560K)
[489.358s][info][gc,metaspace   ] GC(1334) Metaspace: 35479K(36160K)->35479K(36160K) NonClass: 26268K(26752K)->26268K(26752K) Class: 9210K(9408K)->9210K(9408K)
[489.358s][info][gc             ] GC(1334) Pause Young (Allocation Failure) 917M->627M(934M) 1.746ms
[489.358s][info][gc,cpu         ] GC(1334) User=0.01s Sys=0.00s Real=0.00s
[489.674s][info][gc,start       ] GC(1335) Pause Young (Allocation Failure)
[489.676s][info][gc,heap        ] GC(1335) PSYoungGen: 297024K(313856K)->64K(314368K) Eden: 296960K(296960K)->0K(300544K) From: 64K(16896K)->64K(13824K)
[489.676s][info][gc,heap        ] GC(1335) ParOldGen: 642303K(642560K)->642319K(642560K)
[489.676s][info][gc,metaspace   ] GC(1335) Metaspace: 35479K(36160K)->35479K(36160K) NonClass: 26268K(26752K)->26268K(26752K) Class: 9210K(9408K)->9210K(9408K)
[489.676s][info][gc             ] GC(1335) Pause Young (Allocation Failure) 917M->627M(934M) 1.804ms
[489.676s][info][gc,cpu         ] GC(1335) User=0.00s Sys=0.00s Real=0.00s
[489.861s][info][gc,start       ] GC(1336) Pause Young (Allocation Failure)
[489.863s][info][gc,heap        ] GC(1336) PSYoungGen: 300608K(314368K)->64K(315904K) Eden: 300544K(300544K)->0K(300544K) From: 64K(13824K)->64K(15360K)
[489.863s][info][gc,heap        ] GC(1336) ParOldGen: 642319K(642560K)->642319K(642560K)
[489.863s][info][gc,metaspace   ] GC(1336) Metaspace: 35479K(36160K)->35479K(36160K) NonClass: 26268K(26752K)->26268K(26752K) Class: 9210K(9408K)->9210K(9408K)
[489.863s][info][gc             ] GC(1336) Pause Young (Allocation Failure) 920M->627M(936M) 1.853ms
[489.863s][info][gc,cpu         ] GC(1336) User=0.01s Sys=0.00s Real=0.00s
[489.946s][info][gc,start       ] GC(1337) Pause Young (Allocation Failure)
[489.947s][info][gc,heap        ] GC(1337) PSYoungGen: 300608K(315904K)->64K(316928K) Eden: 300544K(300544K)->0K(304128K) From: 64K(15360K)->64K(12800K)
[489.947s][info][gc,heap        ] GC(1337) ParOldGen: 642319K(642560K)->642335K(642560K)
[489.947s][info][gc,metaspace   ] GC(1337) Metaspace: 35479K(36160K)->35479K(36160K) NonClass: 26268K(26752K)->26268K(26752K) Class: 9210K(9408K)->9210K(9408K)
[489.947s][info][gc             ] GC(1337) Pause Young (Allocation Failure) 920M->627M(937M) 1.728ms
[489.947s][info][gc,cpu         ] GC(1337) User=0.00s Sys=0.00s Real=0.00s
[490.132s][info][gc,start       ] GC(1338) Pause Young (Allocation Failure)
[490.134s][info][gc,heap        ] GC(1338) PSYoungGen: 304192K(316928K)->64K(317952K) Eden: 304128K(304128K)->0K(304128K) From: 64K(12800K)->64K(13824K)
[490.134s][info][gc,heap        ] GC(1338) ParOldGen: 642335K(642560K)->642335K(642560K)
[490.134s][info][gc,metaspace   ] GC(1338) Metaspace: 35479K(36160K)->35479K(36160K) NonClass: 26268K(26752K)->26268K(26752K) Class: 9210K(9408K)->9210K(9408K)
[490.134s][info][gc             ] GC(1338) Pause Young (Allocation Failure) 924M->627M(938M) 1.844ms
[490.134s][info][gc,cpu         ] GC(1338) User=0.01s Sys=0.00s Real=0.00s
[491.044s][info][gc,start       ] GC(1339) Pause Young (Allocation Failure)
[491.046s][info][gc,heap        ] GC(1339) PSYoungGen: 304192K(317952K)->64K(317952K) Eden: 304128K(304128K)->0K(307200K) From: 64K(13824K)->64K(10752K)
[491.046s][info][gc,heap        ] GC(1339) ParOldGen: 642335K(642560K)->642343K(642560K)
[491.046s][info][gc,metaspace   ] GC(1339) Metaspace: 35479K(36160K)->35479K(36160K) NonClass: 26268K(26752K)->26268K(26752K) Class: 9210K(9408K)->9210K(9408K)
[491.046s][info][gc             ] GC(1339) Pause Young (Allocation Failure) 924M->627M(938M) 2.116ms
[491.046s][info][gc,cpu         ] GC(1339) User=0.01s Sys=0.00s Real=0.00s
[491.877s][info][gc,start       ] GC(1340) Pause Young (Allocation Failure)
[491.879s][info][gc,heap        ] GC(1340) PSYoungGen: 307264K(317952K)->64K(295424K) Eden: 307200K(307200K)->0K(294912K) From: 64K(10752K)->64K(512K)
[491.879s][info][gc,heap        ] GC(1340) ParOldGen: 642343K(642560K)->642351K(642560K)
[491.879s][info][gc,metaspace   ] GC(1340) Metaspace: 35479K(36160K)->35479K(36160K) NonClass: 26268K(26752K)->26268K(26752K) Class: 9210K(9408K)->9210K(9408K)
[491.879s][info][gc             ] GC(1340) Pause Young (Allocation Failure) 927M->627M(916M) 2.008ms
[491.879s][info][gc,cpu         ] GC(1340) User=0.01s Sys=0.00s Real=0.01s
[492.289s][info][gc,start       ] GC(1341) Pause Young (Allocation Failure)
[492.291s][info][gc,heap        ] GC(1341) PSYoungGen: 294976K(295424K)->64K(283648K) Eden: 294912K(294912K)->0K(283136K) From: 64K(512K)->64K(512K)
[492.291s][info][gc,heap        ] GC(1341) ParOldGen: 642351K(642560K)->642359K(642560K)
[492.291s][info][gc,metaspace   ] GC(1341) Metaspace: 35479K(36160K)->35479K(36160K) NonClass: 26268K(26752K)->26268K(26752K) Class: 9210K(9408K)->9210K(9408K)
[492.291s][info][gc             ] GC(1341) Pause Young (Allocation Failure) 915M->627M(904M) 1.917ms
[492.291s][info][gc,cpu         ] GC(1341) User=0.00s Sys=0.00s Real=0.00s
[493.321s][info][gc,start       ] GC(1342) Pause Young (Allocation Failure)
[493.323s][info][gc,heap        ] GC(1342) PSYoungGen: 283200K(283648K)->64K(282112K) Eden: 283136K(283136K)->0K(271872K) From: 64K(512K)->64K(10240K)
[493.323s][info][gc,heap        ] GC(1342) ParOldGen: 642359K(642560K)->642367K(642560K)
[493.323s][info][gc,metaspace   ] GC(1342) Metaspace: 35479K(36160K)->35479K(36160K) NonClass: 26268K(26752K)->26268K(26752K) Class: 9210K(9408K)->9210K(9408K)
[493.323s][info][gc             ] GC(1342) Pause Young (Allocation Failure) 903M->627M(903M) 1.840ms
[493.323s][info][gc,cpu         ] GC(1342) User=0.00s Sys=0.00s Real=0.00s
[493.717s][info][gc,start       ] GC(1343) Pause Young (Allocation Failure)
[493.720s][info][gc,heap        ] GC(1343) PSYoungGen: 271936K(282112K)->64K(261632K) Eden: 271872K(271872K)->0K(261120K) From: 64K(10240K)->64K(512K)
[493.720s][info][gc,heap        ] GC(1343) ParOldGen: 642367K(642560K)->642375K(642560K)
[493.720s][info][gc,metaspace   ] GC(1343) Metaspace: 35479K(36160K)->35479K(36160K) NonClass: 26268K(26752K)->26268K(26752K) Class: 9210K(9408K)->9210K(9408K)
[493.720s][info][gc             ] GC(1343) Pause Young (Allocation Failure) 892M->627M(883M) 2.592ms
[493.720s][info][gc,cpu         ] GC(1343) User=0.01s Sys=0.00s Real=0.01s
[493.893s][info][gc,start       ] GC(1344) Pause Young (Allocation Failure)
[493.895s][info][gc,heap        ] GC(1344) PSYoungGen: 261184K(261632K)->64K(260096K) Eden: 261120K(261120K)->0K(250880K) From: 64K(512K)->64K(9216K)
[493.895s][info][gc,heap        ] GC(1344) ParOldGen: 642375K(642560K)->642383K(642560K)
[493.895s][info][gc,metaspace   ] GC(1344) Metaspace: 35479K(36160K)->35479K(36160K) NonClass: 26268K(26752K)->26268K(26752K) Class: 9210K(9408K)->9210K(9408K)
[493.895s][info][gc             ] GC(1344) Pause Young (Allocation Failure) 882M->627M(881M) 1.904ms
[493.895s][info][gc,cpu         ] GC(1344) User=0.00s Sys=0.00s Real=0.00s
[494.064s][info][gc,start       ] GC(1345) Pause Young (Allocation Failure)
[494.068s][info][gc,heap        ] GC(1345) PSYoungGen: 250944K(260096K)->64K(292352K) Eden: 250880K(250880K)->0K(283648K) From: 64K(9216K)->64K(8704K)
[494.068s][info][gc,heap        ] GC(1345) ParOldGen: 642383K(642560K)->642399K(642560K)
[494.068s][info][gc,metaspace   ] GC(1345) Metaspace: 35479K(36160K)->35479K(36160K) NonClass: 26268K(26752K)->26268K(26752K) Class: 9210K(9408K)->9210K(9408K)
[494.068s][info][gc             ] GC(1345) Pause Young (Allocation Failure) 872M->627M(913M) 3.585ms
[494.068s][info][gc,cpu         ] GC(1345) User=0.00s Sys=0.00s Real=0.00s
[494.602s][info][gc,start       ] GC(1346) Pause Young (Allocation Failure)
[494.605s][info][gc,heap        ] GC(1346) PSYoungGen: 283712K(292352K)->64K(291840K) Eden: 283648K(283648K)->0K(283648K) From: 64K(8704K)->64K(8192K)
[494.605s][info][gc,heap        ] GC(1346) ParOldGen: 642399K(642560K)->642415K(642560K)
[494.605s][info][gc,metaspace   ] GC(1346) Metaspace: 35479K(36160K)->35479K(36160K) NonClass: 26268K(26752K)->26268K(26752K) Class: 9210K(9408K)->9210K(9408K)
[494.605s][info][gc             ] GC(1346) Pause Young (Allocation Failure) 904M->627M(912M) 3.380ms
[494.605s][info][gc,cpu         ] GC(1346) User=0.01s Sys=0.00s Real=0.00s
[495.004s][info][gc,start       ] GC(1347) Pause Young (Allocation Failure)
[495.031s][info][gc,heap        ] GC(1347) PSYoungGen: 283712K(291840K)->6976K(322048K) Eden: 283648K(283648K)->0K(314880K) From: 64K(8192K)->6976K(7168K)
[495.031s][info][gc,heap        ] GC(1347) ParOldGen: 642415K(642560K)->642431K(642560K)
[495.031s][info][gc,metaspace   ] GC(1347) Metaspace: 35479K(36160K)->35479K(36160K) NonClass: 26268K(26752K)->26268K(26752K) Class: 9210K(9408K)->9210K(9408K)
[495.031s][info][gc             ] GC(1347) Pause Young (Allocation Failure) 904M->634M(942M) 27.091ms
[495.031s][info][gc,cpu         ] GC(1347) User=0.03s Sys=0.00s Real=0.03s
[495.469s][info][gc,start       ] GC(1348) Pause Young (Allocation Failure)
[495.546s][info][gc,promotion   ] GC(1348) Promotion failed
[495.546s][info][gc,heap        ] GC(1348) PSYoungGen: 321856K(322048K)->321856K(322048K) Eden: 314880K(314880K)->314880K(314880K) From: 6976K(7168K)->6976K(7168K)
[495.546s][info][gc,heap        ] GC(1348) ParOldGen: 642431K(642560K)->667647K(667648K)
[495.546s][info][gc,metaspace   ] GC(1348) Metaspace: 35479K(36160K)->35479K(36160K) NonClass: 26268K(26752K)->26268K(26752K) Class: 9210K(9408K)->9210K(9408K)
[495.546s][info][gc             ] GC(1348) Pause Young (Allocation Failure) 941M->966M(966M) 76.741ms
[495.546s][info][gc,cpu         ] GC(1348) User=0.12s Sys=0.02s Real=0.07s
[495.546s][info][gc,start       ] GC(1349) Pause Full (Allocation Failure)
[495.546s][info][gc,phases,start] GC(1349) Marking Phase
[495.617s][info][gc,phases      ] GC(1349) Marking Phase 71.120ms
[495.617s][info][gc,phases,start] GC(1349) Summary Phase
[495.617s][info][gc,phases      ] GC(1349) Summary Phase 0.032ms
[495.617s][info][gc,phases,start] GC(1349) Forward
[495.633s][info][gc,phases      ] GC(1349) Forward 15.953ms
[495.633s][info][gc,phases,start] GC(1349) Adjust Pointers
[495.665s][info][gc,phases      ] GC(1349) Adjust Pointers 32.188ms
[495.665s][info][gc,phases,start] GC(1349) Compaction Phase
[495.683s][info][gc,phases      ] GC(1349) Compaction Phase 17.494ms
[495.683s][info][gc,phases,start] GC(1349) Post Compact
[495.686s][info][metaspace      ] ChkMgr @0x00007f08b403f1d0 (non-class-space): : reclaiming memory...
[495.686s][info][metaspace      ] ChkMgr @0x00007f08b403f1d0 (non-class-space): nothing reclaimed.
[495.686s][info][metaspace      ] ChkMgr @0x00007f08b403efe0 (class-space): : reclaiming memory...
[495.686s][info][metaspace      ] ChkMgr @0x00007f08b403efe0 (class-space): nothing reclaimed.
[495.686s][info][gc,phases      ] GC(1349) Post Compact 3.344ms
[495.724s][info][gc,heap        ] GC(1349) PSYoungGen: 321856K(322048K)->0K(324096K) Eden: 314880K(314880K)->0K(314880K) From: 6976K(7168K)->0K(9216K)
[495.724s][info][gc,heap        ] GC(1349) ParOldGen: 667647K(667648K)->92366K(175104K)
[495.724s][info][gc,metaspace   ] GC(1349) Metaspace: 35479K(36160K)->35437K(36160K) NonClass: 26268K(26752K)->26227K(26752K) Class: 9210K(9408K)->9210K(9408K)
[495.725s][info][gc             ] GC(1349) Pause Full (Allocation Failure) 966M->90M(487M) 178.701ms
[495.725s][info][gc,cpu         ] GC(1349) User=0.24s Sys=0.04s Real=0.18s
[495.990s][info][gc,start       ] GC(1350) Pause Young (Allocation Failure)
[496.036s][info][gc,heap        ] GC(1350) PSYoungGen: 314880K(324096K)->9216K(312320K) Eden: 314880K(314880K)->0K(303104K) From: 0K(9216K)->9216K(9216K)
[496.036s][info][gc,heap        ] GC(1350) ParOldGen: 92366K(175104K)->102950K(175104K)
[496.036s][info][gc,metaspace   ] GC(1350) Metaspace: 35437K(36160K)->35437K(36160K) NonClass: 26227K(26752K)->26227K(26752K) Class: 9210K(9408K)->9210K(9408K)
[496.036s][info][gc             ] GC(1350) Pause Young (Allocation Failure) 397M->109M(476M) 45.526ms
[496.036s][info][gc,cpu         ] GC(1350) User=0.06s Sys=0.00s Real=0.04s
[496.449s][info][gc,start       ] GC(1351) Pause Young (Allocation Failure)
[496.455s][info][gc,heap        ] GC(1351) PSYoungGen: 312320K(312320K)->64K(318464K) Eden: 303104K(303104K)->0K(303104K) From: 9216K(9216K)->64K(15360K)
[496.455s][info][gc,heap        ] GC(1351) ParOldGen: 102950K(175104K)->103246K(175104K)
[496.455s][info][gc,metaspace   ] GC(1351) Metaspace: 35437K(36160K)->35437K(36160K) NonClass: 26227K(26752K)->26227K(26752K) Class: 9210K(9408K)->9210K(9408K)
[496.455s][info][gc             ] GC(1351) Pause Young (Allocation Failure) 405M->100M(482M) 5.988ms
[496.455s][info][gc,cpu         ] GC(1351) User=0.01s Sys=0.00s Real=0.00s
[497.051s][info][gc,start       ] GC(1352) Pause Young (Allocation Failure)
[497.051s][info][gc,heap        ] GC(1352) PSYoungGen: 303168K(318464K)->64K(316416K) Eden: 303104K(303104K)->0K(304128K) From: 64K(15360K)->64K(12288K)
[497.051s][info][gc,heap        ] GC(1352) ParOldGen: 103246K(175104K)->103254K(175104K)
[497.051s][info][gc,metaspace   ] GC(1352) Metaspace: 35437K(36160K)->35437K(36160K) NonClass: 26227K(26752K)->26227K(26752K) Class: 9210K(9408K)->9210K(9408K)
[497.051s][info][gc             ] GC(1352) Pause Young (Allocation Failure) 396M->100M(480M) 0.841ms
[497.051s][info][gc,cpu         ] GC(1352) User=0.00s Sys=0.00s Real=0.00s
[497.496s][info][gc,start       ] GC(1353) Pause Young (Allocation Failure)
[497.496s][info][gc,heap        ] GC(1353) PSYoungGen: 304192K(316416K)->64K(317952K) Eden: 304128K(304128K)->0K(304128K) From: 64K(12288K)->64K(13824K)
[497.496s][info][gc,heap        ] GC(1353) ParOldGen: 103254K(175104K)->103270K(175104K)
[497.496s][info][gc,metaspace   ] GC(1353) Metaspace: 35437K(36160K)->35437K(36160K) NonClass: 26227K(26752K)->26227K(26752K) Class: 9210K(9408K)->9210K(9408K)
[497.496s][info][gc             ] GC(1353) Pause Young (Allocation Failure) 397M->100M(481M) 0.663ms
[497.496s][info][gc,cpu         ] GC(1353) User=0.00s Sys=0.00s Real=0.00s
[497.749s][info][gc,start       ] GC(1354) Pause Young (Allocation Failure)
[497.750s][info][gc,heap        ] GC(1354) PSYoungGen: 304192K(317952K)->64K(317440K) Eden: 304128K(304128K)->0K(306688K) From: 64K(13824K)->64K(10752K)
[497.750s][info][gc,heap        ] GC(1354) ParOldGen: 103270K(175104K)->103286K(175104K)
[497.750s][info][gc,metaspace   ] GC(1354) Metaspace: 35437K(36160K)->35437K(36160K) NonClass: 26227K(26752K)->26227K(26752K) Class: 9210K(9408K)->9210K(9408K)
[497.750s][info][gc             ] GC(1354) Pause Young (Allocation Failure) 397M->100M(481M) 0.761ms
[497.750s][info][gc,cpu         ] GC(1354) User=0.00s Sys=0.00s Real=0.00s
[498.109s][info][gc,start       ] GC(1355) Pause Young (Allocation Failure)
[498.109s][info][gc,heap        ] GC(1355) PSYoungGen: 306752K(317440K)->64K(318976K) Eden: 306688K(306688K)->0K(306688K) From: 64K(10752K)->64K(12288K)
[498.109s][info][gc,heap        ] GC(1355) ParOldGen: 103286K(175104K)->103286K(175104K)
[498.109s][info][gc,metaspace   ] GC(1355) Metaspace: 35437K(36160K)->35437K(36160K) NonClass: 26227K(26752K)->26227K(26752K) Class: 9210K(9408K)->9210K(9408K)
[498.109s][info][gc             ] GC(1355) Pause Young (Allocation Failure) 400M->100M(482M) 0.622ms
[498.110s][info][gc,cpu         ] GC(1355) User=0.01s Sys=0.00s Real=0.00s
[498.242s][info][gc,start       ] GC(1356) Pause Young (Allocation Failure)
[498.242s][info][gc,heap        ] GC(1356) PSYoungGen: 306752K(318976K)->64K(320000K) Eden: 306688K(306688K)->0K(309760K) From: 64K(12288K)->64K(10240K)
[498.242s][info][gc,heap        ] GC(1356) ParOldGen: 103286K(175104K)->103294K(175104K)
[498.242s][info][gc,metaspace   ] GC(1356) Metaspace: 35437K(36160K)->35437K(36160K) NonClass: 26227K(26752K)->26227K(26752K) Class: 9210K(9408K)->9210K(9408K)
[498.242s][info][gc             ] GC(1356) Pause Young (Allocation Failure) 400M->100M(483M) 0.598ms
[498.242s][info][gc,cpu         ] GC(1356) User=0.00s Sys=0.00s Real=0.00s
[498.295s][info][gc,start       ] GC(1357) Pause Young (Allocation Failure)
[498.295s][info][gc,heap        ] GC(1357) PSYoungGen: 309824K(320000K)->64K(321024K) Eden: 309760K(309760K)->0K(309760K) From: 64K(10240K)->64K(11264K)
[498.295s][info][gc,heap        ] GC(1357) ParOldGen: 103294K(175104K)->103310K(175104K)
[498.295s][info][gc,metaspace   ] GC(1357) Metaspace: 35437K(36160K)->35437K(36160K) NonClass: 26227K(26752K)->26227K(26752K) Class: 9210K(9408K)->9210K(9408K)
[498.295s][info][gc             ] GC(1357) Pause Young (Allocation Failure) 403M->100M(484M) 0.514ms
[498.295s][info][gc,cpu         ] GC(1357) User=0.00s Sys=0.00s Real=0.00s
[498.509s][info][gc,start       ] GC(1358) Pause Young (Allocation Failure)
[498.510s][info][gc,heap        ] GC(1358) PSYoungGen: 309824K(321024K)->64K(320000K) Eden: 309760K(309760K)->0K(311808K) From: 64K(11264K)->64K(8192K)
[498.510s][info][gc,heap        ] GC(1358) ParOldGen: 103310K(175104K)->103310K(175104K)
[498.511s][info][gc,metaspace   ] GC(1358) Metaspace: 35437K(36160K)->35437K(36160K) NonClass: 26227K(26752K)->26227K(26752K) Class: 9210K(9408K)->9210K(9408K)
[498.511s][info][gc             ] GC(1358) Pause Young (Allocation Failure) 403M->100M(483M) 1.060ms
[498.511s][info][gc,cpu         ] GC(1358) User=0.00s Sys=0.01s Real=0.00s
[498.808s][info][gc,start       ] GC(1359) Pause Young (Allocation Failure)
[498.809s][info][gc,heap        ] GC(1359) PSYoungGen: 311872K(320000K)->64K(300032K) Eden: 311808K(311808K)->0K(299520K) From: 64K(8192K)->64K(512K)
[498.809s][info][gc,heap        ] GC(1359) ParOldGen: 103310K(175104K)->103318K(175104K)
[498.809s][info][gc,metaspace   ] GC(1359) Metaspace: 35437K(36160K)->35437K(36160K) NonClass: 26227K(26752K)->26227K(26752K) Class: 9210K(9408K)->9210K(9408K)
[498.809s][info][gc             ] GC(1359) Pause Young (Allocation Failure) 405M->100M(464M) 1.140ms
[498.809s][info][gc,cpu         ] GC(1359) User=0.00s Sys=0.00s Real=0.01s
[498.940s][info][gc,start       ] GC(1360) Pause Young (Allocation Failure)
[498.941s][info][gc,heap        ] GC(1360) PSYoungGen: 299584K(300032K)->64K(288256K) Eden: 299520K(299520K)->0K(287744K) From: 64K(512K)->64K(512K)
[498.941s][info][gc,heap        ] GC(1360) ParOldGen: 103318K(175104K)->103326K(175104K)
[498.941s][info][gc,metaspace   ] GC(1360) Metaspace: 35437K(36160K)->35437K(36160K) NonClass: 26227K(26752K)->26227K(26752K) Class: 9210K(9408K)->9210K(9408K)
[498.941s][info][gc             ] GC(1360) Pause Young (Allocation Failure) 393M->100M(452M) 1.580ms
[498.941s][info][gc,cpu         ] GC(1360) User=0.00s Sys=0.00s Real=0.00s
[499.048s][info][gc,start       ] GC(1361) Pause Young (Allocation Failure)
[499.049s][info][gc,heap        ] GC(1361) PSYoungGen: 287808K(288256K)->64K(285184K) Eden: 287744K(287744K)->0K(276480K) From: 64K(512K)->64K(8704K)
[499.049s][info][gc,heap        ] GC(1361) ParOldGen: 103326K(175104K)->103334K(175104K)
[499.049s][info][gc,metaspace   ] GC(1361) Metaspace: 35437K(36160K)->35437K(36160K) NonClass: 26227K(26752K)->26227K(26752K) Class: 9210K(9408K)->9210K(9408K)
[499.049s][info][gc             ] GC(1361) Pause Young (Allocation Failure) 381M->100M(449M) 0.631ms
[499.049s][info][gc,cpu         ] GC(1361) User=0.00s Sys=0.00s Real=0.01s
[499.233s][info][gc,start       ] GC(1362) Pause Young (Allocation Failure)
[499.234s][info][gc,heap        ] GC(1362) PSYoungGen: 276544K(285184K)->64K(266240K) Eden: 276480K(276480K)->0K(265728K) From: 64K(8704K)->64K(512K)
[499.234s][info][gc,heap        ] GC(1362) ParOldGen: 103334K(175104K)->103342K(175104K)
[499.234s][info][gc,metaspace   ] GC(1362) Metaspace: 35437K(36160K)->35437K(36160K) NonClass: 26227K(26752K)->26227K(26752K) Class: 9210K(9408K)->9210K(9408K)
[499.234s][info][gc             ] GC(1362) Pause Young (Allocation Failure) 370M->100M(431M) 1.354ms
[499.234s][info][gc,cpu         ] GC(1362) User=0.00s Sys=0.00s Real=0.00s
[500.086s][info][gc,start       ] GC(1363) Pause Young (Allocation Failure)
[500.087s][info][gc,heap        ] GC(1363) PSYoungGen: 265792K(266240K)->64K(263168K) Eden: 265728K(265728K)->0K(255488K) From: 64K(512K)->64K(7680K)
[500.087s][info][gc,heap        ] GC(1363) ParOldGen: 103342K(175104K)->103350K(175104K)
[500.087s][info][gc,metaspace   ] GC(1363) Metaspace: 35437K(36160K)->35437K(36160K) NonClass: 26227K(26752K)->26227K(26752K) Class: 9210K(9408K)->9210K(9408K)
[500.087s][info][gc             ] GC(1363) Pause Young (Allocation Failure) 360M->100M(428M) 0.669ms
[500.087s][info][gc,cpu         ] GC(1363) User=0.00s Sys=0.00s Real=0.00s
[500.899s][info][gc,start       ] GC(1364) Pause Young (Allocation Failure)
[500.900s][info][gc,heap        ] GC(1364) PSYoungGen: 255552K(263168K)->64K(246272K) Eden: 255488K(255488K)->0K(245760K) From: 64K(7680K)->64K(512K)
[500.900s][info][gc,heap        ] GC(1364) ParOldGen: 103350K(175104K)->103358K(175104K)
[500.900s][info][gc,metaspace   ] GC(1364) Metaspace: 35437K(36160K)->35437K(36160K) NonClass: 26227K(26752K)->26227K(26752K) Class: 9210K(9408K)->9210K(9408K)
[500.900s][info][gc             ] GC(1364) Pause Young (Allocation Failure) 350M->100M(411M) 1.302ms
[500.900s][info][gc,cpu         ] GC(1364) User=0.00s Sys=0.00s Real=0.00s
[501.187s][info][gc,start       ] GC(1365) Pause Young (Allocation Failure)
[501.188s][info][gc,heap        ] GC(1365) PSYoungGen: 245824K(246272K)->64K(243200K) Eden: 245760K(245760K)->0K(236544K) From: 64K(512K)->64K(6656K)
[501.188s][info][gc,heap        ] GC(1365) ParOldGen: 103358K(175104K)->103366K(175104K)
[501.188s][info][gc,metaspace   ] GC(1365) Metaspace: 35437K(36160K)->35437K(36160K) NonClass: 26227K(26752K)->26227K(26752K) Class: 9210K(9408K)->9210K(9408K)
[501.188s][info][gc             ] GC(1365) Pause Young (Allocation Failure) 340M->101M(408M) 0.688ms
[501.188s][info][gc,cpu         ] GC(1365) User=0.00s Sys=0.00s Real=0.00s
[501.585s][info][gc,start       ] GC(1366) Pause Young (Allocation Failure)
[501.586s][info][gc,heap        ] GC(1366) PSYoungGen: 236608K(243200K)->64K(228352K) Eden: 236544K(236544K)->0K(227840K) From: 64K(6656K)->64K(512K)
[501.586s][info][gc,heap        ] GC(1366) ParOldGen: 103366K(175104K)->103374K(175104K)
[501.586s][info][gc,metaspace   ] GC(1366) Metaspace: 35437K(36160K)->35437K(36160K) NonClass: 26227K(26752K)->26227K(26752K) Class: 9210K(9408K)->9210K(9408K)
[501.587s][info][gc             ] GC(1366) Pause Young (Allocation Failure) 332M->101M(394M) 1.182ms
[501.587s][info][gc,cpu         ] GC(1366) User=0.01s Sys=0.00s Real=0.00s
[502.479s][info][gc,start       ] GC(1367) Pause Young (Allocation Failure)
[502.480s][info][gc,heap        ] GC(1367) PSYoungGen: 227904K(228352K)->64K(225280K) Eden: 227840K(227840K)->0K(219136K) From: 64K(512K)->64K(6144K)
[502.480s][info][gc,heap        ] GC(1367) ParOldGen: 103374K(175104K)->103382K(175104K)
[502.480s][info][gc,metaspace   ] GC(1367) Metaspace: 35437K(36160K)->35437K(36160K) NonClass: 26227K(26752K)->26227K(26752K) Class: 9210K(9408K)->9210K(9408K)
[502.480s][info][gc             ] GC(1367) Pause Young (Allocation Failure) 323M->101M(391M) 0.615ms
[502.480s][info][gc,cpu         ] GC(1367) User=0.00s Sys=0.00s Real=0.00s
[502.785s][info][gc,start       ] GC(1368) Pause Young (Allocation Failure)
[502.786s][info][gc,heap        ] GC(1368) PSYoungGen: 219200K(225280K)->64K(211456K) Eden: 219136K(219136K)->0K(210944K) From: 64K(6144K)->64K(512K)
[502.786s][info][gc,heap        ] GC(1368) ParOldGen: 103382K(175104K)->103390K(175104K)
[502.786s][info][gc,metaspace   ] GC(1368) Metaspace: 35437K(36160K)->35437K(36160K) NonClass: 26227K(26752K)->26227K(26752K) Class: 9210K(9408K)->9210K(9408K)
[502.786s][info][gc             ] GC(1368) Pause Young (Allocation Failure) 315M->101M(377M) 1.299ms
[502.786s][info][gc,cpu         ] GC(1368) User=0.00s Sys=0.00s Real=0.00s
[502.922s][info][gc,start       ] GC(1369) Pause Young (Allocation Failure)
[502.923s][info][gc,heap        ] GC(1369) PSYoungGen: 211008K(211456K)->64K(208384K) Eden: 210944K(210944K)->0K(203264K) From: 64K(512K)->64K(5120K)
[502.923s][info][gc,heap        ] GC(1369) ParOldGen: 103390K(175104K)->103398K(175104K)
[502.923s][info][gc,metaspace   ] GC(1369) Metaspace: 35437K(36160K)->35437K(36160K) NonClass: 26227K(26752K)->26227K(26752K) Class: 9210K(9408K)->9210K(9408K)
[502.923s][info][gc             ] GC(1369) Pause Young (Allocation Failure) 307M->101M(374M) 0.587ms
[502.923s][info][gc,cpu         ] GC(1369) User=0.00s Sys=0.00s Real=0.00s
[503.006s][info][gc,start       ] GC(1370) Pause Young (Allocation Failure)
[503.007s][info][gc,heap        ] GC(1370) PSYoungGen: 203328K(208384K)->64K(196608K) Eden: 203264K(203264K)->0K(196096K) From: 64K(5120K)->64K(512K)
[503.007s][info][gc,heap        ] GC(1370) ParOldGen: 103398K(175104K)->103406K(175104K)
[503.007s][info][gc,metaspace   ] GC(1370) Metaspace: 35437K(36160K)->35437K(36160K) NonClass: 26227K(26752K)->26227K(26752K) Class: 9210K(9408K)->9210K(9408K)
[503.007s][info][gc             ] GC(1370) Pause Young (Allocation Failure) 299M->101M(363M) 0.894ms
[503.007s][info][gc,cpu         ] GC(1370) User=0.00s Sys=0.00s Real=0.00s
[503.509s][info][gc,start       ] GC(1371) Pause Young (Allocation Failure)
[503.510s][info][gc,heap        ] GC(1371) PSYoungGen: 196160K(196608K)->64K(193536K) Eden: 196096K(196096K)->0K(188928K) From: 64K(512K)->64K(4608K)
[503.510s][info][gc,heap        ] GC(1371) ParOldGen: 103406K(175104K)->103414K(175104K)
[503.510s][info][gc,metaspace   ] GC(1371) Metaspace: 35437K(36160K)->35437K(36160K) NonClass: 26227K(26752K)->26227K(26752K) Class: 9210K(9408K)->9210K(9408K)
[503.510s][info][gc             ] GC(1371) Pause Young (Allocation Failure) 292M->101M(360M) 0.947ms
[503.510s][info][gc,cpu         ] GC(1371) User=0.00s Sys=0.00s Real=0.00s
[503.670s][info][gc,start       ] GC(1372) Pause Young (Allocation Failure)
[503.672s][info][gc,heap        ] GC(1372) PSYoungGen: 188992K(193536K)->64K(182784K) Eden: 188928K(188928K)->0K(182272K) From: 64K(4608K)->64K(512K)
[503.672s][info][gc,heap        ] GC(1372) ParOldGen: 103414K(175104K)->103422K(175104K)
[503.672s][info][gc,metaspace   ] GC(1372) Metaspace: 35437K(36160K)->35437K(36160K) NonClass: 26227K(26752K)->26227K(26752K) Class: 9210K(9408K)->9210K(9408K)
[503.672s][info][gc             ] GC(1372) Pause Young (Allocation Failure) 285M->101M(349M) 1.493ms
[503.672s][info][gc,cpu         ] GC(1372) User=0.00s Sys=0.00s Real=0.00s
[503.975s][info][gc,start       ] GC(1373) Pause Young (Allocation Failure)
[503.981s][info][gc,heap        ] GC(1373) PSYoungGen: 182336K(182784K)->2624K(179200K) Eden: 182272K(182272K)->0K(176128K) From: 64K(512K)->2624K(3072K)
[503.981s][info][gc,heap        ] GC(1373) ParOldGen: 103422K(175104K)->103430K(175104K)
[503.981s][info][gc,metaspace   ] GC(1373) Metaspace: 35437K(36160K)->35437K(36160K) NonClass: 26227K(26752K)->26227K(26752K) Class: 9210K(9408K)->9210K(9408K)
[503.981s][info][gc             ] GC(1373) Pause Young (Allocation Failure) 279M->103M(346M) 6.240ms
[503.981s][info][gc,cpu         ] GC(1373) User=0.01s Sys=0.00s Real=0.01s
[504.212s][info][gc,start       ] GC(1374) Pause Young (Allocation Failure)
[504.242s][info][gc,heap        ] GC(1374) PSYoungGen: 178752K(179200K)->4608K(215040K) Eden: 176128K(176128K)->0K(210432K) From: 2624K(3072K)->4608K(4608K)
[504.242s][info][gc,heap        ] GC(1374) ParOldGen: 103430K(175104K)->118902K(175104K)
[504.242s][info][gc,metaspace   ] GC(1374) Metaspace: 35437K(36160K)->35437K(36160K) NonClass: 26227K(26752K)->26227K(26752K) Class: 9210K(9408K)->9210K(9408K)
[504.242s][info][gc             ] GC(1374) Pause Young (Allocation Failure) 275M->120M(381M) 29.875ms
[504.242s][info][gc,cpu         ] GC(1374) User=0.06s Sys=0.00s Real=0.03s
[504.517s][info][gc,start       ] GC(1375) Pause Young (Allocation Failure)
[504.556s][info][gc,heap        ] GC(1375) PSYoungGen: 215040K(215040K)->11264K(263680K) Eden: 210432K(210432K)->0K(252416K) From: 4608K(4608K)->11264K(11264K)
[504.556s][info][gc,heap        ] GC(1375) ParOldGen: 118902K(175104K)->132038K(175104K)
[504.556s][info][gc,metaspace   ] GC(1375) Metaspace: 35437K(36160K)->35437K(36160K) NonClass: 26227K(26752K)->26227K(26752K) Class: 9210K(9408K)->9210K(9408K)
[504.556s][info][gc             ] GC(1375) Pause Young (Allocation Failure) 326M->139M(428M) 39.415ms
[504.556s][info][gc,cpu         ] GC(1375) User=0.07s Sys=0.00s Real=0.04s
[504.767s][info][gc,start       ] GC(1376) Pause Young (Allocation Failure)
[504.795s][info][gc,heap        ] GC(1376) PSYoungGen: 263680K(263680K)->16032K(267776K) Eden: 252416K(252416K)->0K(249344K) From: 11264K(11264K)->16032K(18432K)
[504.795s][info][gc,heap        ] GC(1376) ParOldGen: 132038K(175104K)->132390K(175104K)
[504.795s][info][gc,metaspace   ] GC(1376) Metaspace: 35437K(36160K)->35437K(36160K) NonClass: 26227K(26752K)->26227K(26752K) Class: 9210K(9408K)->9210K(9408K)
[504.795s][info][gc             ] GC(1376) Pause Young (Allocation Failure) 386M->144M(432M) 28.893ms
[504.795s][info][gc,cpu         ] GC(1376) User=0.05s Sys=0.01s Real=0.03s
[504.994s][info][gc,start       ] GC(1377) Pause Young (Allocation Failure)
[504.995s][info][gc,heap        ] GC(1377) PSYoungGen: 265376K(267776K)->64K(270848K) Eden: 249344K(249344K)->0K(249344K) From: 16032K(18432K)->64K(21504K)
[504.995s][info][gc,heap        ] GC(1377) ParOldGen: 132390K(175104K)->132398K(175104K)
[504.995s][info][gc,metaspace   ] GC(1377) Metaspace: 35437K(36160K)->35437K(36160K) NonClass: 26227K(26752K)->26227K(26752K) Class: 9210K(9408K)->9210K(9408K)
[504.995s][info][gc             ] GC(1377) Pause Young (Allocation Failure) 388M->129M(435M) 0.788ms
[504.995s][info][gc,cpu         ] GC(1377) User=0.00s Sys=0.00s Real=0.00s
[505.614s][info][gc,start       ] GC(1378) Pause Young (Allocation Failure)
[505.615s][info][gc,heap        ] GC(1378) PSYoungGen: 249408K(270848K)->64K(309760K) Eden: 249344K(249344K)->0K(291328K) From: 64K(21504K)->64K(18432K)
[505.615s][info][gc,heap        ] GC(1378) ParOldGen: 132398K(175104K)->132414K(175104K)
[505.615s][info][gc,metaspace   ] GC(1378) Metaspace: 35437K(36160K)->35437K(36160K) NonClass: 26227K(26752K)->26227K(26752K) Class: 9210K(9408K)->9210K(9408K)
[505.615s][info][gc             ] GC(1378) Pause Young (Allocation Failure) 372M->129M(473M) 0.905ms
[505.615s][info][gc,cpu         ] GC(1378) User=0.00s Sys=0.00s Real=0.00s
[506.127s][info][gc,start       ] GC(1379) Pause Young (Allocation Failure)
[506.128s][info][gc,heap        ] GC(1379) PSYoungGen: 291392K(309760K)->64K(311296K) Eden: 291328K(291328K)->0K(291328K) From: 64K(18432K)->64K(19968K)
[506.128s][info][gc,heap        ] GC(1379) ParOldGen: 132414K(175104K)->132414K(175104K)
[506.128s][info][gc,metaspace   ] GC(1379) Metaspace: 35437K(36160K)->35437K(36160K) NonClass: 26227K(26752K)->26227K(26752K) Class: 9210K(9408K)->9210K(9408K)
[506.128s][info][gc             ] GC(1379) Pause Young (Allocation Failure) 413M->129M(475M) 0.799ms
[506.128s][info][gc,cpu         ] GC(1379) User=0.00s Sys=0.00s Real=0.00s
[506.373s][info][gc,start       ] GC(1380) Pause Young (Allocation Failure)
[506.374s][info][gc,heap        ] GC(1380) PSYoungGen: 291392K(311296K)->32K(311296K) Eden: 291328K(291328K)->0K(294400K) From: 64K(19968K)->32K(16896K)
[506.374s][info][gc,heap        ] GC(1380) ParOldGen: 132414K(175104K)->132430K(175104K)
[506.374s][info][gc,metaspace   ] GC(1380) Metaspace: 35437K(36160K)->35437K(36160K) NonClass: 26227K(26752K)->26227K(26752K) Class: 9210K(9408K)->9210K(9408K)
[506.374s][info][gc             ] GC(1380) Pause Young (Allocation Failure) 413M->129M(475M) 0.837ms
[506.374s][info][gc,cpu         ] GC(1380) User=0.00s Sys=0.00s Real=0.00s
[506.618s][info][gc,start       ] GC(1381) Pause Young (Allocation Failure)
[506.619s][info][gc,heap        ] GC(1381) PSYoungGen: 294432K(311296K)->64K(312832K) Eden: 294400K(294400K)->0K(294400K) From: 32K(16896K)->64K(18432K)
[506.619s][info][gc,heap        ] GC(1381) ParOldGen: 132430K(175104K)->132430K(175104K)
[506.619s][info][gc,metaspace   ] GC(1381) Metaspace: 35437K(36160K)->35437K(36160K) NonClass: 26227K(26752K)->26227K(26752K) Class: 9210K(9408K)->9210K(9408K)
[506.619s][info][gc             ] GC(1381) Pause Young (Allocation Failure) 416M->129M(476M) 0.811ms
[506.619s][info][gc,cpu         ] GC(1381) User=0.00s Sys=0.00s Real=0.01s
[506.971s][info][gc,start       ] GC(1382) Pause Young (Allocation Failure)
[506.972s][info][gc,heap        ] GC(1382) PSYoungGen: 294464K(312832K)->64K(312832K) Eden: 294400K(294400K)->0K(297472K) From: 64K(18432K)->64K(15360K)
[506.972s][info][gc,heap        ] GC(1382) ParOldGen: 132430K(175104K)->132430K(175104K)
[506.972s][info][gc,metaspace   ] GC(1382) Metaspace: 35437K(36160K)->35437K(36160K) NonClass: 26227K(26752K)->26227K(26752K) Class: 9210K(9408K)->9210K(9408K)
[506.972s][info][gc             ] GC(1382) Pause Young (Allocation Failure) 416M->129M(476M) 0.766ms
[506.972s][info][gc,cpu         ] GC(1382) User=0.00s Sys=0.00s Real=0.00s
[507.025s][info][gc,start       ] GC(1383) Pause Young (Allocation Failure)
[507.026s][info][gc,heap        ] GC(1383) PSYoungGen: 297536K(312832K)->64K(314368K) Eden: 297472K(297472K)->0K(297472K) From: 64K(15360K)->64K(16896K)
[507.026s][info][gc,heap        ] GC(1383) ParOldGen: 132430K(175104K)->132446K(175104K)
[507.026s][info][gc,metaspace   ] GC(1383) Metaspace: 35437K(36160K)->35437K(36160K) NonClass: 26227K(26752K)->26227K(26752K) Class: 9210K(9408K)->9210K(9408K)
[507.026s][info][gc             ] GC(1383) Pause Young (Allocation Failure) 419M->129M(478M) 0.643ms
[507.026s][info][gc,cpu         ] GC(1383) User=0.00s Sys=0.00s Real=0.00s
[507.077s][info][gc,start       ] GC(1384) Pause Young (Allocation Failure)
[507.078s][info][gc,heap        ] GC(1384) PSYoungGen: 297536K(314368K)->64K(314368K) Eden: 297472K(297472K)->0K(300544K) From: 64K(16896K)->64K(13824K)
[507.078s][info][gc,heap        ] GC(1384) ParOldGen: 132446K(175104K)->132446K(175104K)
[507.078s][info][gc,metaspace   ] GC(1384) Metaspace: 35437K(36160K)->35437K(36160K) NonClass: 26227K(26752K)->26227K(26752K) Class: 9210K(9408K)->9210K(9408K)
[507.078s][info][gc             ] GC(1384) Pause Young (Allocation Failure) 419M->129M(478M) 0.692ms
[507.078s][info][gc,cpu         ] GC(1384) User=0.00s Sys=0.00s Real=0.00s
[507.372s][info][gc,start       ] GC(1385) Pause Young (Allocation Failure)
[507.373s][info][gc,heap        ] GC(1385) PSYoungGen: 300608K(314368K)->64K(315904K) Eden: 300544K(300544K)->0K(300544K) From: 64K(13824K)->64K(15360K)
[507.373s][info][gc,heap        ] GC(1385) ParOldGen: 132446K(175104K)->132446K(175104K)
[507.373s][info][gc,metaspace   ] GC(1385) Metaspace: 35437K(36160K)->35437K(36160K) NonClass: 26227K(26752K)->26227K(26752K) Class: 9210K(9408K)->9210K(9408K)
[507.373s][info][gc             ] GC(1385) Pause Young (Allocation Failure) 422M->129M(479M) 0.728ms
[507.373s][info][gc,cpu         ] GC(1385) User=0.00s Sys=0.00s Real=0.00s
[507.631s][info][gc,start       ] GC(1386) Pause Young (Allocation Failure)
[507.631s][info][gc,heap        ] GC(1386) PSYoungGen: 300608K(315904K)->64K(289280K) Eden: 300544K(300544K)->0K(288768K) From: 64K(15360K)->64K(512K)
[507.631s][info][gc,heap        ] GC(1386) ParOldGen: 132446K(175104K)->132454K(175104K)
[507.631s][info][gc,metaspace   ] GC(1386) Metaspace: 35437K(36160K)->35437K(36160K) NonClass: 26227K(26752K)->26227K(26752K) Class: 9210K(9408K)->9210K(9408K)
[507.631s][info][gc             ] GC(1386) Pause Young (Allocation Failure) 422M->129M(453M) 0.685ms
[507.631s][info][gc,cpu         ] GC(1386) User=0.00s Sys=0.00s Real=0.00s
[507.722s][info][gc,start       ] GC(1387) Pause Young (Allocation Failure)
[507.723s][info][gc,heap        ] GC(1387) PSYoungGen: 288832K(289280K)->64K(291328K) Eden: 288768K(288768K)->0K(277504K) From: 64K(512K)->64K(13824K)
[507.723s][info][gc,heap        ] GC(1387) ParOldGen: 132454K(175104K)->132462K(175104K)
[507.723s][info][gc,metaspace   ] GC(1387) Metaspace: 35437K(36160K)->35437K(36160K) NonClass: 26227K(26752K)->26227K(26752K) Class: 9210K(9408K)->9210K(9408K)
[507.723s][info][gc             ] GC(1387) Pause Young (Allocation Failure) 411M->129M(455M) 0.653ms
[507.723s][info][gc,cpu         ] GC(1387) User=0.00s Sys=0.00s Real=0.00s
[507.846s][info][gc,start       ] GC(1388) Pause Young (Allocation Failure)
[507.847s][info][gc,heap        ] GC(1388) PSYoungGen: 277568K(291328K)->64K(267264K) Eden: 277504K(277504K)->0K(266752K) From: 64K(13824K)->64K(512K)
[507.847s][info][gc,heap        ] GC(1388) ParOldGen: 132462K(175104K)->132470K(175104K)
[507.847s][info][gc,metaspace   ] GC(1388) Metaspace: 35437K(36160K)->35437K(36160K) NonClass: 26227K(26752K)->26227K(26752K) Class: 9210K(9408K)->9210K(9408K)
[507.847s][info][gc             ] GC(1388) Pause Young (Allocation Failure) 400M->129M(432M) 0.801ms
[507.847s][info][gc,cpu         ] GC(1388) User=0.00s Sys=0.00s Real=0.00s
[508.190s][info][gc,start       ] GC(1389) Pause Young (Allocation Failure)
[508.191s][info][gc,heap        ] GC(1389) PSYoungGen: 266816K(267264K)->64K(268800K) Eden: 266752K(266752K)->0K(256512K) From: 64K(512K)->64K(12288K)
[508.191s][info][gc,heap        ] GC(1389) ParOldGen: 132470K(175104K)->132478K(175104K)
[508.191s][info][gc,metaspace   ] GC(1389) Metaspace: 35437K(36160K)->35437K(36160K) NonClass: 26227K(26752K)->26227K(26752K) Class: 9210K(9408K)->9210K(9408K)
[508.191s][info][gc             ] GC(1389) Pause Young (Allocation Failure) 389M->129M(433M) 0.658ms
[508.191s][info][gc,cpu         ] GC(1389) User=0.00s Sys=0.00s Real=0.00s
[508.850s][info][gc,start       ] GC(1390) Pause Young (Allocation Failure)
[508.851s][info][gc,heap        ] GC(1390) PSYoungGen: 256576K(268800K)->64K(247296K) Eden: 256512K(256512K)->0K(246784K) From: 64K(12288K)->64K(512K)
[508.851s][info][gc,heap        ] GC(1390) ParOldGen: 132478K(175104K)->132486K(175104K)
[508.851s][info][gc,metaspace   ] GC(1390) Metaspace: 35437K(36160K)->35437K(36160K) NonClass: 26227K(26752K)->26227K(26752K) Class: 9210K(9408K)->9210K(9408K)
[508.851s][info][gc             ] GC(1390) Pause Young (Allocation Failure) 379M->129M(412M) 1.031ms
[508.851s][info][gc,cpu         ] GC(1390) User=0.00s Sys=0.00s Real=0.00s
[509.678s][info][gc,start       ] GC(1391) Pause Young (Allocation Failure)
[509.679s][info][gc,heap        ] GC(1391) PSYoungGen: 246848K(247296K)->64K(248320K) Eden: 246784K(246784K)->0K(237568K) From: 64K(512K)->64K(10752K)
[509.679s][info][gc,heap        ] GC(1391) ParOldGen: 132486K(175104K)->132494K(175104K)
[509.679s][info][gc,metaspace   ] GC(1391) Metaspace: 35437K(36160K)->35437K(36160K) NonClass: 26227K(26752K)->26227K(26752K) Class: 9210K(9408K)->9210K(9408K)
[509.679s][info][gc             ] GC(1391) Pause Young (Allocation Failure) 370M->129M(413M) 0.686ms
[509.679s][info][gc,cpu         ] GC(1391) User=0.00s Sys=0.01s Real=0.01s
[509.992s][info][gc,start       ] GC(1392) Pause Young (Allocation Failure)
[509.994s][info][gc,heap        ] GC(1392) PSYoungGen: 237632K(248320K)->64K(229376K) Eden: 237568K(237568K)->0K(228864K) From: 64K(10752K)->64K(512K)
[509.994s][info][gc,heap        ] GC(1392) ParOldGen: 132494K(175104K)->132502K(175104K)
[509.994s][info][gc,metaspace   ] GC(1392) Metaspace: 35437K(36160K)->35437K(36160K) NonClass: 26227K(26752K)->26227K(26752K) Class: 9210K(9408K)->9210K(9408K)
[509.994s][info][gc             ] GC(1392) Pause Young (Allocation Failure) 361M->129M(395M) 1.629ms
[509.994s][info][gc,cpu         ] GC(1392) User=0.00s Sys=0.00s Real=0.00s
[510.363s][info][gc,start       ] GC(1393) Pause Young (Allocation Failure)
[510.364s][info][gc,heap        ] GC(1393) PSYoungGen: 228928K(229376K)->64K(229376K) Eden: 228864K(228864K)->0K(220160K) From: 64K(512K)->64K(9216K)
[510.364s][info][gc,heap        ] GC(1393) ParOldGen: 132502K(175104K)->132510K(175104K)
[510.364s][info][gc,metaspace   ] GC(1393) Metaspace: 35437K(36160K)->35437K(36160K) NonClass: 26227K(26752K)->26227K(26752K) Class: 9210K(9408K)->9210K(9408K)
[510.364s][info][gc             ] GC(1393) Pause Young (Allocation Failure) 352M->129M(395M) 0.768ms
[510.364s][info][gc,cpu         ] GC(1393) User=0.00s Sys=0.00s Real=0.00s
[511.248s][info][gc,start       ] GC(1394) Pause Young (Allocation Failure)
[511.250s][info][gc,heap        ] GC(1394) PSYoungGen: 220224K(229376K)->64K(212480K) Eden: 220160K(220160K)->0K(211968K) From: 64K(9216K)->64K(512K)
[511.250s][info][gc,heap        ] GC(1394) ParOldGen: 132510K(175104K)->132518K(175104K)
[511.250s][info][gc,metaspace   ] GC(1394) Metaspace: 35437K(36160K)->35437K(36160K) NonClass: 26227K(26752K)->26227K(26752K) Class: 9210K(9408K)->9210K(9408K)
[511.250s][info][gc             ] GC(1394) Pause Young (Allocation Failure) 344M->129M(378M) 2.179ms
[511.250s][info][gc,cpu         ] GC(1394) User=0.00s Sys=0.00s Real=0.01s
[511.549s][info][gc,start       ] GC(1395) Pause Young (Allocation Failure)
[511.550s][info][gc,heap        ] GC(1395) PSYoungGen: 212032K(212480K)->64K(212480K) Eden: 211968K(211968K)->0K(204288K) From: 64K(512K)->64K(8192K)
[511.550s][info][gc,heap        ] GC(1395) ParOldGen: 132518K(175104K)->132534K(175104K)
[511.550s][info][gc,metaspace   ] GC(1395) Metaspace: 35437K(36160K)->35437K(36160K) NonClass: 26227K(26752K)->26227K(26752K) Class: 9210K(9408K)->9210K(9408K)
[511.550s][info][gc             ] GC(1395) Pause Young (Allocation Failure) 336M->129M(378M) 1.103ms
[511.550s][info][gc,cpu         ] GC(1395) User=0.00s Sys=0.00s Real=0.00s
[511.683s][info][gc,start       ] GC(1396) Pause Young (Allocation Failure)
[511.685s][info][gc,heap        ] GC(1396) PSYoungGen: 204352K(212480K)->64K(197632K) Eden: 204288K(204288K)->0K(197120K) From: 64K(8192K)->64K(512K)
[511.685s][info][gc,heap        ] GC(1396) ParOldGen: 132534K(175104K)->132550K(175104K)
[511.685s][info][gc,metaspace   ] GC(1396) Metaspace: 35437K(36160K)->35437K(36160K) NonClass: 26227K(26752K)->26227K(26752K) Class: 9210K(9408K)->9210K(9408K)
[511.685s][info][gc             ] GC(1396) Pause Young (Allocation Failure) 328M->129M(364M) 1.615ms
[511.685s][info][gc,cpu         ] GC(1396) User=0.00s Sys=0.00s Real=0.00s
[511.760s][info][gc,start       ] GC(1397) Pause Young (Allocation Failure)
[511.761s][info][gc,heap        ] GC(1397) PSYoungGen: 197184K(197632K)->64K(197120K) Eden: 197120K(197120K)->0K(189952K) From: 64K(512K)->64K(7168K)
[511.761s][info][gc,heap        ] GC(1397) ParOldGen: 132550K(175104K)->132566K(175104K)
[511.761s][info][gc,metaspace   ] GC(1397) Metaspace: 35437K(36160K)->35437K(36160K) NonClass: 26227K(26752K)->26227K(26752K) Class: 9210K(9408K)->9210K(9408K)
[511.761s][info][gc             ] GC(1397) Pause Young (Allocation Failure) 322M->129M(363M) 1.053ms
[511.761s][info][gc,cpu         ] GC(1397) User=0.00s Sys=0.00s Real=0.00s
[512.221s][info][gc,start       ] GC(1398) Pause Young (Allocation Failure)
[512.222s][info][gc,heap        ] GC(1398) PSYoungGen: 190016K(197120K)->64K(183808K) Eden: 189952K(189952K)->0K(183296K) From: 64K(7168K)->64K(512K)
[512.222s][info][gc,heap        ] GC(1398) ParOldGen: 132566K(175104K)->132582K(175104K)
[512.223s][info][gc,metaspace   ] GC(1398) Metaspace: 35437K(36160K)->35437K(36160K) NonClass: 26227K(26752K)->26227K(26752K) Class: 9210K(9408K)->9210K(9408K)
[512.223s][info][gc             ] GC(1398) Pause Young (Allocation Failure) 315M->129M(350M) 1.797ms
[512.223s][info][gc,cpu         ] GC(1398) User=0.00s Sys=0.00s Real=0.00s
[512.401s][info][gc,start       ] GC(1399) Pause Young (Allocation Failure)
[512.402s][info][gc,heap        ] GC(1399) PSYoungGen: 183360K(183808K)->64K(183296K) Eden: 183296K(183296K)->0K(177152K) From: 64K(512K)->64K(6144K)
[512.402s][info][gc,heap        ] GC(1399) ParOldGen: 132582K(175104K)->132598K(175104K)
[512.402s][info][gc,metaspace   ] GC(1399) Metaspace: 35437K(36160K)->35437K(36160K) NonClass: 26227K(26752K)->26227K(26752K) Class: 9210K(9408K)->9210K(9408K)
[512.402s][info][gc             ] GC(1399) Pause Young (Allocation Failure) 308M->129M(350M) 1.121ms
[512.402s][info][gc,cpu         ] GC(1399) User=0.00s Sys=0.00s Real=0.00s
[512.692s][info][gc,start       ] GC(1400) Pause Young (Allocation Failure)
[512.694s][info][gc,heap        ] GC(1400) PSYoungGen: 177216K(183296K)->64K(171520K) Eden: 177152K(177152K)->0K(171008K) From: 64K(6144K)->64K(512K)
[512.694s][info][gc,heap        ] GC(1400) ParOldGen: 132598K(175104K)->132614K(175104K)
[512.694s][info][gc,metaspace   ] GC(1400) Metaspace: 35437K(36160K)->35437K(36160K) NonClass: 26227K(26752K)->26227K(26752K) Class: 9210K(9408K)->9210K(9408K)
[512.694s][info][gc             ] GC(1400) Pause Young (Allocation Failure) 302M->129M(338M) 1.801ms
[512.694s][info][gc,cpu         ] GC(1400) User=0.00s Sys=0.00s Real=0.00s
[512.927s][info][gc,start       ] GC(1401) Pause Young (Allocation Failure)
[512.976s][info][gc,heap        ] GC(1401) PSYoungGen: 171072K(171520K)->5120K(209920K) Eden: 171008K(171008K)->0K(204800K) From: 64K(512K)->5120K(5120K)
[512.976s][info][gc,heap        ] GC(1401) ParOldGen: 132614K(175104K)->146014K(175104K)
[512.976s][info][gc,metaspace   ] GC(1401) Metaspace: 35437K(36160K)->35437K(36160K) NonClass: 26227K(26752K)->26227K(26752K) Class: 9210K(9408K)->9210K(9408K)
[512.976s][info][gc             ] GC(1401) Pause Young (Allocation Failure) 296M->147M(376M) 48.715ms
[512.976s][info][gc,cpu         ] GC(1401) User=0.05s Sys=0.00s Real=0.05s
[513.245s][info][gc,start       ] GC(1402) Pause Young (Allocation Failure)
[513.285s][info][gc,heap        ] GC(1402) PSYoungGen: 209920K(209920K)->5120K(241664K) Eden: 204800K(204800K)->0K(236544K) From: 5120K(5120K)->5120K(5120K)
[513.285s][info][gc,heap        ] GC(1402) ParOldGen: 146014K(175104K)->164598K(175104K)
[513.285s][info][gc,metaspace   ] GC(1402) Metaspace: 35437K(36160K)->35437K(36160K) NonClass: 26227K(26752K)->26227K(26752K) Class: 9210K(9408K)->9210K(9408K)
[513.285s][info][gc             ] GC(1402) Pause Young (Allocation Failure) 347M->165M(407M) 40.699ms
[513.285s][info][gc,cpu         ] GC(1402) User=0.07s Sys=0.00s Real=0.04s
[513.539s][info][gc,start       ] GC(1403) Pause Young (Allocation Failure)
[513.573s][info][gc,heap        ] GC(1403) PSYoungGen: 241664K(241664K)->18432K(254976K) Eden: 236544K(236544K)->0K(236544K) From: 5120K(5120K)->18432K(18432K)
[513.573s][info][gc,heap        ] GC(1403) ParOldGen: 164598K(175104K)->167438K(175104K)
[513.573s][info][gc,metaspace   ] GC(1403) Metaspace: 35437K(36160K)->35437K(36160K) NonClass: 26227K(26752K)->26227K(26752K) Class: 9210K(9408K)->9210K(9408K)
[513.573s][info][gc             ] GC(1403) Pause Young (Allocation Failure) 396M->181M(420M) 34.160ms
[513.573s][info][gc,cpu         ] GC(1403) User=0.07s Sys=0.00s Real=0.03s
[513.654s][info][gc,start       ] GC(1404) Pause Young (Allocation Failure)
[513.655s][info][gc,heap        ] GC(1404) PSYoungGen: 254976K(254976K)->64K(305152K) Eden: 236544K(236544K)->0K(283648K) From: 18432K(18432K)->64K(21504K)
[513.655s][info][gc,heap        ] GC(1404) ParOldGen: 167438K(175104K)->167510K(175104K)
[513.655s][info][gc,metaspace   ] GC(1404) Metaspace: 35437K(36160K)->35437K(36160K) NonClass: 26227K(26752K)->26227K(26752K) Class: 9210K(9408K)->9210K(9408K)
[513.655s][info][gc             ] GC(1404) Pause Young (Allocation Failure) 412M->163M(469M) 1.562ms
[513.655s][info][gc,cpu         ] GC(1404) User=0.00s Sys=0.00s Real=0.00s
[514.324s][info][gc,start       ] GC(1405) Pause Young (Allocation Failure)
[514.325s][info][gc,heap        ] GC(1405) PSYoungGen: 283712K(305152K)->64K(306176K) Eden: 283648K(283648K)->0K(283648K) From: 64K(21504K)->64K(22528K)
[514.325s][info][gc,heap        ] GC(1405) ParOldGen: 167510K(175104K)->167518K(175104K)
[514.325s][info][gc,metaspace   ] GC(1405) Metaspace: 35437K(36160K)->35437K(36160K) NonClass: 26227K(26752K)->26227K(26752K) Class: 9210K(9408K)->9210K(9408K)
[514.325s][info][gc             ] GC(1405) Pause Young (Allocation Failure) 440M->163M(470M) 0.923ms
[514.325s][info][gc,cpu         ] GC(1405) User=0.00s Sys=0.00s Real=0.00s
[514.689s][info][gc,start       ] GC(1406) Pause Young (Allocation Failure)
[514.690s][info][gc,heap        ] GC(1406) PSYoungGen: 283712K(306176K)->64K(308736K) Eden: 283648K(283648K)->0K(289280K) From: 64K(22528K)->64K(19456K)
[514.690s][info][gc,heap        ] GC(1406) ParOldGen: 167518K(175104K)->167526K(175104K)
[514.690s][info][gc,metaspace   ] GC(1406) Metaspace: 35437K(36160K)->35437K(36160K) NonClass: 26227K(26752K)->26227K(26752K) Class: 9210K(9408K)->9210K(9408K)
[514.690s][info][gc             ] GC(1406) Pause Young (Allocation Failure) 440M->163M(472M) 0.835ms
[514.690s][info][gc,cpu         ] GC(1406) User=0.00s Sys=0.00s Real=0.00s
[515.126s][info][gc,start       ] GC(1407) Pause Young (Allocation Failure)
[515.127s][info][gc,heap        ] GC(1407) PSYoungGen: 289344K(308736K)->64K(310272K) Eden: 289280K(289280K)->0K(289280K) From: 64K(19456K)->64K(20992K)
[515.127s][info][gc,heap        ] GC(1407) ParOldGen: 167526K(175104K)->167542K(175104K)
[515.127s][info][gc,metaspace   ] GC(1407) Metaspace: 35437K(36160K)->35437K(36160K) NonClass: 26227K(26752K)->26227K(26752K) Class: 9210K(9408K)->9210K(9408K)
[515.127s][info][gc             ] GC(1407) Pause Young (Allocation Failure) 446M->163M(474M) 0.912ms
[515.127s][info][gc,cpu         ] GC(1407) User=0.00s Sys=0.00s Real=0.00s
[515.364s][info][gc,start       ] GC(1408) Pause Young (Allocation Failure)
[515.365s][info][gc,heap        ] GC(1408) PSYoungGen: 289344K(310272K)->64K(310272K) Eden: 289280K(289280K)->0K(292352K) From: 64K(20992K)->64K(17920K)
[515.365s][info][gc,heap        ] GC(1408) ParOldGen: 167542K(175104K)->167558K(175104K)
[515.365s][info][gc,metaspace   ] GC(1408) Metaspace: 35437K(36160K)->35437K(36160K) NonClass: 26227K(26752K)->26227K(26752K) Class: 9210K(9408K)->9210K(9408K)
[515.365s][info][gc             ] GC(1408) Pause Young (Allocation Failure) 446M->163M(474M) 0.833ms
[515.365s][info][gc,cpu         ] GC(1408) User=0.00s Sys=0.00s Real=0.00s
[515.727s][info][gc,start       ] GC(1409) Pause Young (Allocation Failure)
[515.728s][info][gc,heap        ] GC(1409) PSYoungGen: 292416K(310272K)->64K(311808K) Eden: 292352K(292352K)->0K(292352K) From: 64K(17920K)->64K(19456K)
[515.728s][info][gc,heap        ] GC(1409) ParOldGen: 167558K(175104K)->167558K(175104K)
[515.728s][info][gc,metaspace   ] GC(1409) Metaspace: 35437K(36160K)->35437K(36160K) NonClass: 26227K(26752K)->26227K(26752K) Class: 9210K(9408K)->9210K(9408K)
[515.728s][info][gc             ] GC(1409) Pause Young (Allocation Failure) 449M->163M(475M) 0.824ms
[515.728s][info][gc,cpu         ] GC(1409) User=0.00s Sys=0.00s Real=0.00s
[515.803s][info][gc,start       ] GC(1410) Pause Young (Allocation Failure)
[515.804s][info][gc,heap        ] GC(1410) PSYoungGen: 292416K(311808K)->64K(311808K) Eden: 292352K(292352K)->0K(295936K) From: 64K(19456K)->64K(15872K)
[515.804s][info][gc,heap        ] GC(1410) ParOldGen: 167558K(175104K)->167566K(175104K)
[515.804s][info][gc,metaspace   ] GC(1410) Metaspace: 35437K(36160K)->35437K(36160K) NonClass: 26227K(26752K)->26227K(26752K) Class: 9210K(9408K)->9210K(9408K)
[515.804s][info][gc             ] GC(1410) Pause Young (Allocation Failure) 449M->163M(475M) 0.826ms
[515.804s][info][gc,cpu         ] GC(1410) User=0.00s Sys=0.00s Real=0.00s
[515.856s][info][gc,start       ] GC(1411) Pause Young (Allocation Failure)
[515.857s][info][gc,heap        ] GC(1411) PSYoungGen: 296000K(311808K)->64K(313344K) Eden: 295936K(295936K)->0K(295936K) From: 64K(15872K)->64K(17408K)
[515.857s][info][gc,heap        ] GC(1411) ParOldGen: 167566K(175104K)->167582K(175104K)
[515.857s][info][gc,metaspace   ] GC(1411) Metaspace: 35437K(36160K)->35437K(36160K) NonClass: 26227K(26752K)->26227K(26752K) Class: 9210K(9408K)->9210K(9408K)
[515.857s][info][gc             ] GC(1411) Pause Young (Allocation Failure) 452M->163M(477M) 0.745ms
[515.857s][info][gc,cpu         ] GC(1411) User=0.01s Sys=0.00s Real=0.00s
[516.090s][info][gc,start       ] GC(1412) Pause Young (Allocation Failure)
[516.091s][info][gc,heap        ] GC(1412) PSYoungGen: 296000K(313344K)->64K(313856K) Eden: 295936K(295936K)->0K(300032K) From: 64K(17408K)->64K(13824K)
[516.091s][info][gc,heap        ] GC(1412) ParOldGen: 167582K(175104K)->167582K(175104K)
[516.091s][info][gc,metaspace   ] GC(1412) Metaspace: 35437K(36160K)->35437K(36160K) NonClass: 26227K(26752K)->26227K(26752K) Class: 9210K(9408K)->9210K(9408K)
[516.091s][info][gc             ] GC(1412) Pause Young (Allocation Failure) 452M->163M(477M) 0.779ms
[516.091s][info][gc,cpu         ] GC(1412) User=0.00s Sys=0.00s Real=0.00s
[516.374s][info][gc,start       ] GC(1413) Pause Young (Allocation Failure)
[516.375s][info][gc,heap        ] GC(1413) PSYoungGen: 300096K(313856K)->64K(288768K) Eden: 300032K(300032K)->0K(288256K) From: 64K(13824K)->64K(512K)
[516.375s][info][gc,heap        ] GC(1413) ParOldGen: 167582K(175104K)->167590K(175104K)
[516.375s][info][gc,metaspace   ] GC(1413) Metaspace: 35439K(36160K)->35439K(36160K) NonClass: 26229K(26752K)->26229K(26752K) Class: 9210K(9408K)->9210K(9408K)
[516.375s][info][gc             ] GC(1413) Pause Young (Allocation Failure) 456M->163M(453M) 0.835ms
[516.375s][info][gc,cpu         ] GC(1413) User=0.00s Sys=0.00s Real=0.00s
[516.495s][info][gc,start       ] GC(1414) Pause Young (Allocation Failure)
[516.495s][info][gc,heap        ] GC(1414) PSYoungGen: 288320K(288768K)->64K(278528K) Eden: 288256K(288256K)->0K(276992K) From: 64K(512K)->64K(1536K)
[516.495s][info][gc,heap        ] GC(1414) ParOldGen: 167590K(175104K)->167598K(175104K)
[516.495s][info][gc,metaspace   ] GC(1414) Metaspace: 35439K(36160K)->35439K(36160K) NonClass: 26229K(26752K)->26229K(26752K) Class: 9210K(9408K)->9210K(9408K)
[516.495s][info][gc             ] GC(1414) Pause Young (Allocation Failure) 445M->163M(443M) 0.814ms
[516.495s][info][gc,cpu         ] GC(1414) User=0.00s Sys=0.00s Real=0.00s
[516.595s][info][gc,start       ] GC(1415) Pause Young (Allocation Failure)
[516.595s][info][gc,heap        ] GC(1415) PSYoungGen: 277056K(278528K)->64K(280064K) Eden: 276992K(276992K)->0K(266240K) From: 64K(1536K)->64K(13824K)
[516.595s][info][gc,heap        ] GC(1415) ParOldGen: 167598K(175104K)->167606K(175104K)
[516.595s][info][gc,metaspace   ] GC(1415) Metaspace: 35439K(36160K)->35439K(36160K) NonClass: 26229K(26752K)->26229K(26752K) Class: 9210K(9408K)->9210K(9408K)
[516.595s][info][gc             ] GC(1415) Pause Young (Allocation Failure) 434M->163M(444M) 0.698ms
[516.595s][info][gc,cpu         ] GC(1415) User=0.00s Sys=0.00s Real=0.00s
[516.762s][info][gc,start       ] GC(1416) Pause Young (Allocation Failure)
[516.763s][info][gc,heap        ] GC(1416) PSYoungGen: 266304K(280064K)->64K(256512K) Eden: 266240K(266240K)->0K(256000K) From: 64K(13824K)->64K(512K)
[516.763s][info][gc,heap        ] GC(1416) ParOldGen: 167606K(175104K)->167614K(175104K)
[516.763s][info][gc,metaspace   ] GC(1416) Metaspace: 35439K(36160K)->35439K(36160K) NonClass: 26229K(26752K)->26229K(26752K) Class: 9210K(9408K)->9210K(9408K)
[516.763s][info][gc             ] GC(1416) Pause Young (Allocation Failure) 423M->163M(421M) 1.491ms
[516.763s][info][gc,cpu         ] GC(1416) User=0.00s Sys=0.00s Real=0.00s
[517.630s][info][gc,start       ] GC(1417) Pause Young (Allocation Failure)
[517.631s][info][gc,heap        ] GC(1417) PSYoungGen: 256064K(256512K)->83K(258560K) Eden: 256000K(256000K)->0K(246272K) From: 64K(512K)->83K(12288K)
[517.631s][info][gc,heap        ] GC(1417) ParOldGen: 167614K(175104K)->167622K(175104K)
[517.631s][info][gc,metaspace   ] GC(1417) Metaspace: 35439K(36160K)->35439K(36160K) NonClass: 26229K(26752K)->26229K(26752K) Class: 9210K(9408K)->9210K(9408K)
[517.631s][info][gc             ] GC(1417) Pause Young (Allocation Failure) 413M->163M(423M) 0.871ms
[517.631s][info][gc,cpu         ] GC(1417) User=0.00s Sys=0.00s Real=0.00s
[518.429s][info][gc,start       ] GC(1418) Pause Young (Allocation Failure)
[518.431s][info][gc,heap        ] GC(1418) PSYoungGen: 246355K(258560K)->64K(237568K) Eden: 246272K(246272K)->0K(237056K) From: 83K(12288K)->64K(512K)
[518.431s][info][gc,heap        ] GC(1418) ParOldGen: 167622K(175104K)->167630K(175104K)
[518.431s][info][gc,metaspace   ] GC(1418) Metaspace: 35439K(36160K)->35439K(36160K) NonClass: 26229K(26752K)->26229K(26752K) Class: 9210K(9408K)->9210K(9408K)
[518.431s][info][gc             ] GC(1418) Pause Young (Allocation Failure) 404M->163M(403M) 2.234ms
[518.431s][info][gc,cpu         ] GC(1418) User=0.00s Sys=0.00s Real=0.00s
[518.639s][info][gc,start       ] GC(1419) Pause Young (Allocation Failure)
[518.640s][info][gc,heap        ] GC(1419) PSYoungGen: 237120K(237568K)->64K(239104K) Eden: 237056K(237056K)->0K(228352K) From: 64K(512K)->64K(10752K)
[518.640s][info][gc,heap        ] GC(1419) ParOldGen: 167630K(175104K)->167638K(175104K)
[518.640s][info][gc,metaspace   ] GC(1419) Metaspace: 35439K(36160K)->35439K(36160K) NonClass: 26229K(26752K)->26229K(26752K) Class: 9210K(9408K)->9210K(9408K)
[518.640s][info][gc             ] GC(1419) Pause Young (Allocation Failure) 395M->163M(404M) 1.164ms
[518.640s][info][gc,cpu         ] GC(1419) User=0.00s Sys=0.00s Real=0.00s
[519.014s][info][gc,start       ] GC(1420) Pause Young (Allocation Failure)
[519.016s][info][gc,heap        ] GC(1420) PSYoungGen: 228416K(239104K)->64K(220160K) Eden: 228352K(228352K)->0K(219648K) From: 64K(10752K)->64K(512K)
[519.016s][info][gc,heap        ] GC(1420) ParOldGen: 167638K(175104K)->167654K(175104K)
[519.017s][info][gc,metaspace   ] GC(1420) Metaspace: 35439K(36160K)->35439K(36160K) NonClass: 26229K(26752K)->26229K(26752K) Class: 9210K(9408K)->9210K(9408K)
[519.017s][info][gc             ] GC(1420) Pause Young (Allocation Failure) 386M->163M(386M) 2.187ms
[519.017s][info][gc,cpu         ] GC(1420) User=0.00s Sys=0.00s Real=0.00s
[519.941s][info][gc,start       ] GC(1421) Pause Young (Allocation Failure)
[519.943s][info][gc,heap        ] GC(1421) PSYoungGen: 219712K(220160K)->64K(220672K) Eden: 219648K(219648K)->0K(211456K) From: 64K(512K)->64K(9216K)
[519.943s][info][gc,heap        ] GC(1421) ParOldGen: 167654K(175104K)->167662K(175104K)
[519.943s][info][gc,metaspace   ] GC(1421) Metaspace: 35439K(36160K)->35439K(36160K) NonClass: 26229K(26752K)->26229K(26752K) Class: 9210K(9408K)->9210K(9408K)
[519.943s][info][gc             ] GC(1421) Pause Young (Allocation Failure) 378M->163M(386M) 1.286ms
[519.943s][info][gc,cpu         ] GC(1421) User=0.00s Sys=0.01s Real=0.00s
[520.286s][info][gc,start       ] GC(1422) Pause Young (Allocation Failure)
[520.288s][info][gc,heap        ] GC(1422) PSYoungGen: 211520K(220672K)->64K(204288K) Eden: 211456K(211456K)->0K(203776K) From: 64K(9216K)->64K(512K)
[520.288s][info][gc,heap        ] GC(1422) ParOldGen: 167662K(175104K)->167670K(175104K)
[520.288s][info][gc,metaspace   ] GC(1422) Metaspace: 35439K(36160K)->35439K(36160K) NonClass: 26229K(26752K)->26229K(26752K) Class: 9210K(9408K)->9210K(9408K)
[520.288s][info][gc             ] GC(1422) Pause Young (Allocation Failure) 370M->163M(370M) 2.027ms
[520.288s][info][gc,cpu         ] GC(1422) User=0.00s Sys=0.00s Real=0.00s
[520.452s][info][gc,start       ] GC(1423) Pause Young (Allocation Failure)
[520.453s][info][gc,heap        ] GC(1423) PSYoungGen: 203840K(204288K)->64K(204800K) Eden: 203776K(203776K)->0K(196608K) From: 64K(512K)->64K(8192K)
[520.453s][info][gc,heap        ] GC(1423) ParOldGen: 167670K(175104K)->167678K(175104K)
[520.453s][info][gc,metaspace   ] GC(1423) Metaspace: 35439K(36160K)->35439K(36160K) NonClass: 26229K(26752K)->26229K(26752K) Class: 9210K(9408K)->9210K(9408K)
[520.453s][info][gc             ] GC(1423) Pause Young (Allocation Failure) 362M->163M(371M) 1.287ms
[520.453s][info][gc,cpu         ] GC(1423) User=0.00s Sys=0.00s Real=0.00s
[520.500s][info][gc,start       ] GC(1424) Pause Young (Allocation Failure)
[520.502s][info][gc,heap        ] GC(1424) PSYoungGen: 196672K(204800K)->32K(189952K) Eden: 196608K(196608K)->0K(189440K) From: 64K(8192K)->32K(512K)
[520.502s][info][gc,heap        ] GC(1424) ParOldGen: 167678K(175104K)->167694K(175104K)
[520.502s][info][gc,metaspace   ] GC(1424) Metaspace: 35439K(36160K)->35439K(36160K) NonClass: 26229K(26752K)->26229K(26752K) Class: 9210K(9408K)->9210K(9408K)
[520.502s][info][gc             ] GC(1424) Pause Young (Allocation Failure) 355M->163M(356M) 1.838ms
[520.502s][info][gc,cpu         ] GC(1424) User=0.00s Sys=0.00s Real=0.00s
[520.827s][info][gc,start       ] GC(1425) Pause Young (Allocation Failure)
[520.828s][info][gc,heap        ] GC(1425) PSYoungGen: 189472K(189952K)->64K(189952K) Eden: 189440K(189440K)->0K(182784K) From: 32K(512K)->64K(7168K)
[520.828s][info][gc,heap        ] GC(1425) ParOldGen: 167694K(175104K)->167694K(175104K)
[520.828s][info][gc,metaspace   ] GC(1425) Metaspace: 35439K(36160K)->35439K(36160K) NonClass: 26229K(26752K)->26229K(26752K) Class: 9210K(9408K)->9210K(9408K)
[520.828s][info][gc             ] GC(1425) Pause Young (Allocation Failure) 348M->163M(356M) 1.459ms
[520.828s][info][gc,cpu         ] GC(1425) User=0.00s Sys=0.00s Real=0.00s
[521.175s][info][gc,start       ] GC(1426) Pause Young (Allocation Failure)
[521.177s][info][gc,heap        ] GC(1426) PSYoungGen: 182848K(189952K)->64K(177152K) Eden: 182784K(182784K)->0K(176640K) From: 64K(7168K)->64K(512K)
[521.177s][info][gc,heap        ] GC(1426) ParOldGen: 167694K(175104K)->167702K(175104K)
[521.177s][info][gc,metaspace   ] GC(1426) Metaspace: 35439K(36160K)->35439K(36160K) NonClass: 26229K(26752K)->26229K(26752K) Class: 9210K(9408K)->9210K(9408K)
[521.177s][info][gc             ] GC(1426) Pause Young (Allocation Failure) 342M->163M(344M) 1.679ms
[521.177s][info][gc,cpu         ] GC(1426) User=0.00s Sys=0.00s Real=0.00s
[521.356s][info][gc,start       ] GC(1427) Pause Young (Allocation Failure)
[521.357s][info][gc,heap        ] GC(1427) PSYoungGen: 176703K(177152K)->64K(176640K) Eden: 176639K(176640K)->0K(170496K) From: 64K(512K)->64K(6144K)
[521.357s][info][gc,heap        ] GC(1427) ParOldGen: 167702K(175104K)->167710K(175104K)
[521.357s][info][gc,metaspace   ] GC(1427) Metaspace: 35439K(36160K)->35439K(36160K) NonClass: 26229K(26752K)->26229K(26752K) Class: 9210K(9408K)->9210K(9408K)
[521.357s][info][gc             ] GC(1427) Pause Young (Allocation Failure) 336M->163M(343M) 1.204ms
[521.357s][info][gc,cpu         ] GC(1427) User=0.00s Sys=0.00s Real=0.00s
[521.624s][info][gc,start       ] GC(1428) Pause Young (Allocation Failure)
[521.640s][info][gc,heap        ] GC(1428) PSYoungGen: 170560K(176640K)->5632K(208896K) Eden: 170496K(170496K)->0K(203264K) From: 64K(6144K)->5632K(5632K)
[521.641s][info][gc,heap        ] GC(1428) ParOldGen: 167710K(175104K)->172302K(175104K)
[521.641s][info][gc,metaspace   ] GC(1428) Metaspace: 35439K(36160K)->35439K(36160K) NonClass: 26229K(26752K)->26229K(26752K) Class: 9210K(9408K)->9210K(9408K)
[521.641s][info][gc             ] GC(1428) Pause Young (Allocation Failure) 330M->173M(375M) 16.837ms
[521.641s][info][gc,cpu         ] GC(1428) User=0.03s Sys=0.00s Real=0.02s
[521.904s][info][gc,start       ] GC(1429) Pause Young (Allocation Failure)
[521.950s][info][gc,heap        ] GC(1429) PSYoungGen: 208896K(208896K)->8704K(240640K) Eden: 203264K(203264K)->0K(231936K) From: 5632K(5632K)->8704K(8704K)
[521.950s][info][gc,heap        ] GC(1429) ParOldGen: 172302K(175104K)->186886K(187392K)
[521.950s][info][gc,metaspace   ] GC(1429) Metaspace: 35439K(36160K)->35439K(36160K) NonClass: 26229K(26752K)->26229K(26752K) Class: 9210K(9408K)->9210K(9408K)
[521.950s][info][gc             ] GC(1429) Pause Young (Allocation Failure) 372M->191M(418M) 45.683ms
[521.950s][info][gc,cpu         ] GC(1429) User=0.07s Sys=0.01s Real=0.05s
[522.254s][info][gc,start       ] GC(1430) Pause Young (Allocation Failure)
[522.310s][info][gc,heap        ] GC(1430) PSYoungGen: 240640K(240640K)->15872K(251904K) Eden: 231936K(231936K)->0K(236032K) From: 8704K(8704K)->15872K(15872K)
[522.310s][info][gc,heap        ] GC(1430) ParOldGen: 186886K(187392K)->197822K(198144K)
[522.310s][info][gc,metaspace   ] GC(1430) Metaspace: 35439K(36160K)->35439K(36160K) NonClass: 26229K(26752K)->26229K(26752K) Class: 9210K(9408K)->9210K(9408K)
[522.310s][info][gc             ] GC(1430) Pause Young (Allocation Failure) 417M->208M(439M) 56.217ms
[522.310s][info][gc,cpu         ] GC(1430) User=0.09s Sys=0.02s Real=0.06s
[522.394s][info][gc,start       ] GC(1431) Pause Young (Allocation Failure)
[522.402s][info][gc,heap        ] GC(1431) PSYoungGen: 251904K(251904K)->2880K(259584K) Eden: 236032K(236032K)->0K(236032K) From: 15872K(15872K)->2880K(23552K)
[522.402s][info][gc,heap        ] GC(1431) ParOldGen: 197822K(198144K)->198110K(198144K)
[522.402s][info][gc,metaspace   ] GC(1431) Metaspace: 35439K(36160K)->35439K(36160K) NonClass: 26229K(26752K)->26229K(26752K) Class: 9210K(9408K)->9210K(9408K)
[522.402s][info][gc             ] GC(1431) Pause Young (Allocation Failure) 439M->196M(447M) 8.070ms
[522.402s][info][gc,cpu         ] GC(1431) User=0.01s Sys=0.00s Real=0.01s
[522.785s][info][gc,start       ] GC(1432) Pause Young (Allocation Failure)
[522.786s][info][gc,heap        ] GC(1432) PSYoungGen: 238912K(259584K)->64K(304128K) Eden: 236032K(236032K)->0K(283136K) From: 2880K(23552K)->64K(20992K)
[522.786s][info][gc,heap        ] GC(1432) ParOldGen: 198110K(198144K)->198118K(198144K)
[522.786s][info][gc,metaspace   ] GC(1432) Metaspace: 35439K(36160K)->35439K(36160K) NonClass: 26229K(26752K)->26229K(26752K) Class: 9210K(9408K)->9210K(9408K)
[522.786s][info][gc             ] GC(1432) Pause Young (Allocation Failure) 426M->193M(490M) 1.022ms
[522.786s][info][gc,cpu         ] GC(1432) User=0.01s Sys=0.00s Real=0.00s
[523.365s][info][gc,start       ] GC(1433) Pause Young (Allocation Failure)
[523.366s][info][gc,heap        ] GC(1433) PSYoungGen: 283200K(304128K)->64K(304640K) Eden: 283136K(283136K)->0K(283136K) From: 64K(20992K)->64K(21504K)
[523.366s][info][gc,heap        ] GC(1433) ParOldGen: 198118K(198144K)->198126K(198144K)
[523.366s][info][gc,metaspace   ] GC(1433) Metaspace: 35439K(36160K)->35439K(36160K) NonClass: 26229K(26752K)->26229K(26752K) Class: 9210K(9408K)->9210K(9408K)
[523.366s][info][gc             ] GC(1433) Pause Young (Allocation Failure) 470M->193M(491M) 1.308ms
[523.366s][info][gc,cpu         ] GC(1433) User=0.00s Sys=0.00s Real=0.00s
[523.801s][info][gc,start       ] GC(1434) Pause Young (Allocation Failure)
[523.802s][info][gc,heap        ] GC(1434) PSYoungGen: 283200K(304640K)->64K(310272K) Eden: 283136K(283136K)->0K(291328K) From: 64K(21504K)->64K(18944K)
[523.802s][info][gc,heap        ] GC(1434) ParOldGen: 198126K(198144K)->198142K(198144K)
[523.802s][info][gc,metaspace   ] GC(1434) Metaspace: 35439K(36160K)->35439K(36160K) NonClass: 26229K(26752K)->26229K(26752K) Class: 9210K(9408K)->9210K(9408K)
[523.802s][info][gc             ] GC(1434) Pause Young (Allocation Failure) 470M->193M(496M) 1.069ms
[523.802s][info][gc,cpu         ] GC(1434) User=0.00s Sys=0.00s Real=0.00s
[524.050s][info][gc,start       ] GC(1435) Pause Young (Allocation Failure)
[524.051s][info][gc,heap        ] GC(1435) PSYoungGen: 291392K(310272K)->64K(311296K) Eden: 291328K(291328K)->0K(291328K) From: 64K(18944K)->64K(19968K)
[524.051s][info][gc,heap        ] GC(1435) ParOldGen: 198142K(198144K)->198158K(198656K)
[524.051s][info][gc,metaspace   ] GC(1435) Metaspace: 35439K(36160K)->35439K(36160K) NonClass: 26229K(26752K)->26229K(26752K) Class: 9210K(9408K)->9210K(9408K)
[524.051s][info][gc             ] GC(1435) Pause Young (Allocation Failure) 478M->193M(498M) 1.127ms
[524.051s][info][gc,cpu         ] GC(1435) User=0.00s Sys=0.00s Real=0.00s
[524.289s][info][gc,start       ] GC(1436) Pause Young (Allocation Failure)
[524.290s][info][gc,heap        ] GC(1436) PSYoungGen: 291392K(311296K)->64K(312832K) Eden: 291328K(291328K)->0K(294912K) From: 64K(19968K)->64K(17920K)
[524.290s][info][gc,heap        ] GC(1436) ParOldGen: 198158K(198656K)->198158K(198656K)
[524.290s][info][gc,metaspace   ] GC(1436) Metaspace: 35439K(36160K)->35439K(36160K) NonClass: 26229K(26752K)->26229K(26752K) Class: 9210K(9408K)->9210K(9408K)
[524.290s][info][gc             ] GC(1436) Pause Young (Allocation Failure) 478M->193M(499M) 0.907ms
[524.290s][info][gc,cpu         ] GC(1436) User=0.00s Sys=0.00s Real=0.00s
[524.575s][info][gc,start       ] GC(1437) Pause Young (Allocation Failure)
[524.576s][info][gc,heap        ] GC(1437) PSYoungGen: 294976K(312832K)->64K(313344K) Eden: 294912K(294912K)->0K(294912K) From: 64K(17920K)->64K(18432K)
[524.576s][info][gc,heap        ] GC(1437) ParOldGen: 198158K(198656K)->198158K(198656K)
[524.576s][info][gc,metaspace   ] GC(1437) Metaspace: 35439K(36160K)->35439K(36160K) NonClass: 26229K(26752K)->26229K(26752K) Class: 9210K(9408K)->9210K(9408K)
[524.576s][info][gc             ] GC(1437) Pause Young (Allocation Failure) 481M->193M(500M) 0.901ms
[524.576s][info][gc,cpu         ] GC(1437) User=0.00s Sys=0.00s Real=0.00s
[524.627s][info][gc,start       ] GC(1438) Pause Young (Allocation Failure)
[524.628s][info][gc,heap        ] GC(1438) PSYoungGen: 294976K(313344K)->64K(313856K) Eden: 294912K(294912K)->0K(297984K) From: 64K(18432K)->64K(15872K)
[524.628s][info][gc,heap        ] GC(1438) ParOldGen: 198158K(198656K)->198174K(198656K)
[524.628s][info][gc,metaspace   ] GC(1438) Metaspace: 35439K(36160K)->35439K(36160K) NonClass: 26229K(26752K)->26229K(26752K) Class: 9210K(9408K)->9210K(9408K)
[524.628s][info][gc             ] GC(1438) Pause Young (Allocation Failure) 481M->193M(500M) 0.815ms
[524.628s][info][gc,cpu         ] GC(1438) User=0.00s Sys=0.00s Real=0.00s
[524.749s][info][gc,start       ] GC(1439) Pause Young (Allocation Failure)
[524.750s][info][gc,heap        ] GC(1439) PSYoungGen: 298048K(313856K)->64K(314368K) Eden: 297984K(297984K)->0K(297984K) From: 64K(15872K)->64K(16384K)
[524.750s][info][gc,heap        ] GC(1439) ParOldGen: 198174K(198656K)->198174K(198656K)
[524.750s][info][gc,metaspace   ] GC(1439) Metaspace: 35439K(36160K)->35439K(36160K) NonClass: 26229K(26752K)->26229K(26752K) Class: 9210K(9408K)->9210K(9408K)
[524.750s][info][gc             ] GC(1439) Pause Young (Allocation Failure) 484M->193M(501M) 0.883ms
[524.750s][info][gc,cpu         ] GC(1439) User=0.00s Sys=0.00s Real=0.00s
[525.075s][info][gc,start       ] GC(1440) Pause Young (Allocation Failure)
[525.076s][info][gc,heap        ] GC(1440) PSYoungGen: 298048K(314368K)->64K(316928K) Eden: 297984K(297984K)->0K(302080K) From: 64K(16384K)->64K(14848K)
[525.076s][info][gc,heap        ] GC(1440) ParOldGen: 198174K(198656K)->198190K(198656K)
[525.076s][info][gc,metaspace   ] GC(1440) Metaspace: 35439K(36160K)->35439K(36160K) NonClass: 26229K(26752K)->26229K(26752K) Class: 9210K(9408K)->9210K(9408K)
[525.076s][info][gc             ] GC(1440) Pause Young (Allocation Failure) 484M->193M(503M) 1.026ms
[525.076s][info][gc,cpu         ] GC(1440) User=0.00s Sys=0.00s Real=0.00s
[525.267s][info][gc,start       ] GC(1441) Pause Young (Allocation Failure)
[525.268s][info][gc,heap        ] GC(1441) PSYoungGen: 302144K(316928K)->64K(316928K) Eden: 302080K(302080K)->0K(302080K) From: 64K(14848K)->64K(14848K)
[525.268s][info][gc,heap        ] GC(1441) ParOldGen: 198190K(198656K)->198190K(198656K)
[525.268s][info][gc,metaspace   ] GC(1441) Metaspace: 35439K(36160K)->35439K(36160K) NonClass: 26229K(26752K)->26229K(26752K) Class: 9210K(9408K)->9210K(9408K)
[525.268s][info][gc             ] GC(1441) Pause Young (Allocation Failure) 488M->193M(503M) 0.890ms
[525.268s][info][gc,cpu         ] GC(1441) User=0.00s Sys=0.00s Real=0.00s
[525.352s][info][gc,start       ] GC(1442) Pause Young (Allocation Failure)
[525.353s][info][gc,heap        ] GC(1442) PSYoungGen: 302144K(316928K)->64K(290816K) Eden: 302080K(302080K)->0K(290304K) From: 64K(14848K)->64K(512K)
[525.353s][info][gc,heap        ] GC(1442) ParOldGen: 198190K(198656K)->198206K(198656K)
[525.353s][info][gc,metaspace   ] GC(1442) Metaspace: 35439K(36160K)->35439K(36160K) NonClass: 26229K(26752K)->26229K(26752K) Class: 9210K(9408K)->9210K(9408K)
[525.353s][info][gc             ] GC(1442) Pause Young (Allocation Failure) 488M->193M(478M) 0.867ms
[525.353s][info][gc,cpu         ] GC(1442) User=0.00s Sys=0.00s Real=0.00s
[525.527s][info][gc,start       ] GC(1443) Pause Young (Allocation Failure)
[525.527s][info][gc,heap        ] GC(1443) PSYoungGen: 290368K(290816K)->64K(291840K) Eden: 290304K(290304K)->0K(279040K) From: 64K(512K)->64K(12800K)
[525.527s][info][gc,heap        ] GC(1443) ParOldGen: 198206K(198656K)->198206K(198656K)
[525.527s][info][gc,metaspace   ] GC(1443) Metaspace: 35439K(36160K)->35439K(36160K) NonClass: 26229K(26752K)->26229K(26752K) Class: 9210K(9408K)->9210K(9408K)
[525.527s][info][gc             ] GC(1443) Pause Young (Allocation Failure) 477M->193M(479M) 0.778ms
[525.527s][info][gc,cpu         ] GC(1443) User=0.00s Sys=0.00s Real=0.00s
[526.429s][info][gc,start       ] GC(1444) Pause Young (Allocation Failure)
[526.430s][info][gc,heap        ] GC(1444) PSYoungGen: 279104K(291840K)->64K(268800K) Eden: 279040K(279040K)->0K(268288K) From: 64K(12800K)->64K(512K)
[526.430s][info][gc,heap        ] GC(1444) ParOldGen: 198206K(198656K)->198214K(198656K)
[526.430s][info][gc,metaspace   ] GC(1444) Metaspace: 35439K(36160K)->35439K(36160K) NonClass: 26229K(26752K)->26229K(26752K) Class: 9210K(9408K)->9210K(9408K)
[526.430s][info][gc             ] GC(1444) Pause Young (Allocation Failure) 466M->193M(456M) 0.932ms
[526.430s][info][gc,cpu         ] GC(1444) User=0.00s Sys=0.00s Real=0.00s
[527.232s][info][gc,start       ] GC(1445) Pause Young (Allocation Failure)
[527.232s][info][gc,heap        ] GC(1445) PSYoungGen: 268352K(268800K)->64K(269312K) Eden: 268288K(268288K)->0K(258048K) From: 64K(512K)->64K(11264K)
[527.232s][info][gc,heap        ] GC(1445) ParOldGen: 198214K(198656K)->198222K(198656K)
[527.232s][info][gc,metaspace   ] GC(1445) Metaspace: 35439K(36160K)->35439K(36160K) NonClass: 26229K(26752K)->26229K(26752K) Class: 9210K(9408K)->9210K(9408K)
[527.232s][info][gc             ] GC(1445) Pause Young (Allocation Failure) 455M->193M(457M) 0.780ms
[527.232s][info][gc,cpu         ] GC(1445) User=0.00s Sys=0.00s Real=0.00s
[527.446s][info][gc,start       ] GC(1446) Pause Young (Allocation Failure)
[527.447s][info][gc,heap        ] GC(1446) PSYoungGen: 258112K(269312K)->64K(248832K) Eden: 258048K(258048K)->0K(248320K) From: 64K(11264K)->64K(512K)
[527.447s][info][gc,heap        ] GC(1446) ParOldGen: 198222K(198656K)->198230K(198656K)
[527.447s][info][gc,metaspace   ] GC(1446) Metaspace: 35439K(36160K)->35439K(36160K) NonClass: 26229K(26752K)->26229K(26752K) Class: 9210K(9408K)->9210K(9408K)
[527.447s][info][gc             ] GC(1446) Pause Young (Allocation Failure) 445M->193M(437M) 1.388ms
[527.447s][info][gc,cpu         ] GC(1446) User=0.00s Sys=0.00s Real=0.00s
[527.863s][info][gc,start       ] GC(1447) Pause Young (Allocation Failure)
[527.864s][info][gc,heap        ] GC(1447) PSYoungGen: 248384K(248832K)->64K(249344K) Eden: 248320K(248320K)->0K(239104K) From: 64K(512K)->64K(10240K)
[527.865s][info][gc,heap        ] GC(1447) ParOldGen: 198230K(198656K)->198238K(198656K)
[527.865s][info][gc,metaspace   ] GC(1447) Metaspace: 35439K(36160K)->35439K(36160K) NonClass: 26229K(26752K)->26229K(26752K) Class: 9210K(9408K)->9210K(9408K)
[527.865s][info][gc             ] GC(1447) Pause Young (Allocation Failure) 436M->193M(437M) 1.541ms
[527.865s][info][gc,cpu         ] GC(1447) User=0.01s Sys=0.00s Real=0.00s
[528.805s][info][gc,start       ] GC(1448) Pause Young (Allocation Failure)
[528.807s][info][gc,heap        ] GC(1448) PSYoungGen: 239168K(249344K)->32K(230400K) Eden: 239104K(239104K)->0K(229888K) From: 64K(10240K)->32K(512K)
[528.807s][info][gc,heap        ] GC(1448) ParOldGen: 198238K(198656K)->198246K(198656K)
[528.807s][info][gc,metaspace   ] GC(1448) Metaspace: 35439K(36160K)->35439K(36160K) NonClass: 26229K(26752K)->26229K(26752K) Class: 9210K(9408K)->9210K(9408K)
[528.807s][info][gc             ] GC(1448) Pause Young (Allocation Failure) 427M->193M(419M) 2.178ms
[528.807s][info][gc,cpu         ] GC(1448) User=0.00s Sys=0.00s Real=0.00s
[529.139s][info][gc,start       ] GC(1449) Pause Young (Allocation Failure)
[529.140s][info][gc,heap        ] GC(1449) PSYoungGen: 229920K(230400K)->64K(229888K) Eden: 229888K(229888K)->0K(221184K) From: 32K(512K)->64K(8704K)
[529.140s][info][gc,heap        ] GC(1449) ParOldGen: 198246K(198656K)->198254K(198656K)
[529.140s][info][gc,metaspace   ] GC(1449) Metaspace: 35439K(36160K)->35439K(36160K) NonClass: 26229K(26752K)->26229K(26752K) Class: 9210K(9408K)->9210K(9408K)
[529.140s][info][gc             ] GC(1449) Pause Young (Allocation Failure) 418M->193M(418M) 0.872ms
[529.140s][info][gc,cpu         ] GC(1449) User=0.01s Sys=0.00s Real=0.00s
[529.283s][info][gc,start       ] GC(1450) Pause Young (Allocation Failure)
[529.285s][info][gc,heap        ] GC(1450) PSYoungGen: 221248K(229888K)->64K(213504K) Eden: 221184K(221184K)->0K(212992K) From: 64K(8704K)->64K(512K)
[529.285s][info][gc,heap        ] GC(1450) ParOldGen: 198254K(198656K)->198262K(198656K)
[529.285s][info][gc,metaspace   ] GC(1450) Metaspace: 35439K(36160K)->35439K(36160K) NonClass: 26229K(26752K)->26229K(26752K) Class: 9210K(9408K)->9210K(9408K)
[529.285s][info][gc             ] GC(1450) Pause Young (Allocation Failure) 409M->193M(402M) 1.794ms
[529.285s][info][gc,cpu         ] GC(1450) User=0.00s Sys=0.00s Real=0.00s
[529.373s][info][gc,start       ] GC(1451) Pause Young (Allocation Failure)
[529.374s][info][gc,heap        ] GC(1451) PSYoungGen: 213056K(213504K)->32K(212992K) Eden: 212992K(212992K)->0K(205312K) From: 64K(512K)->32K(7680K)
[529.374s][info][gc,heap        ] GC(1451) ParOldGen: 198262K(198656K)->198270K(198656K)
[529.374s][info][gc,metaspace   ] GC(1451) Metaspace: 35439K(36160K)->35439K(36160K) NonClass: 26229K(26752K)->26229K(26752K) Class: 9210K(9408K)->9210K(9408K)
[529.374s][info][gc             ] GC(1451) Pause Young (Allocation Failure) 401M->193M(402M) 1.294ms
[529.374s][info][gc,cpu         ] GC(1451) User=0.00s Sys=0.00s Real=0.00s
[529.907s][info][gc,start       ] GC(1452) Pause Young (Allocation Failure)
[529.909s][info][gc,heap        ] GC(1452) PSYoungGen: 205344K(212992K)->64K(198656K) Eden: 205312K(205312K)->0K(198144K) From: 32K(7680K)->64K(512K)
[529.909s][info][gc,heap        ] GC(1452) ParOldGen: 198270K(198656K)->198278K(198656K)
[529.909s][info][gc,metaspace   ] GC(1452) Metaspace: 35439K(36160K)->35439K(36160K) NonClass: 26229K(26752K)->26229K(26752K) Class: 9210K(9408K)->9210K(9408K)
[529.909s][info][gc             ] GC(1452) Pause Young (Allocation Failure) 394M->193M(388M) 1.529ms
[529.909s][info][gc,cpu         ] GC(1452) User=0.00s Sys=0.00s Real=0.01s
[530.068s][info][gc,start       ] GC(1453) Pause Young (Allocation Failure)
[530.068s][info][gc,heap        ] GC(1453) PSYoungGen: 198208K(198656K)->64K(197632K) Eden: 198144K(198144K)->0K(190976K) From: 64K(512K)->64K(6656K)
[530.068s][info][gc,heap        ] GC(1453) ParOldGen: 198278K(198656K)->198286K(198656K)
[530.068s][info][gc,metaspace   ] GC(1453) Metaspace: 35439K(36160K)->35439K(36160K) NonClass: 26229K(26752K)->26229K(26752K) Class: 9210K(9408K)->9210K(9408K)
[530.068s][info][gc             ] GC(1453) Pause Young (Allocation Failure) 387M->193M(387M) 0.708ms
[530.068s][info][gc,cpu         ] GC(1453) User=0.00s Sys=0.00s Real=0.00s
[530.377s][info][gc,start       ] GC(1454) Pause Young (Allocation Failure)
[530.386s][info][gc,heap        ] GC(1454) PSYoungGen: 191040K(197632K)->6144K(232448K) Eden: 190976K(190976K)->0K(226304K) From: 64K(6656K)->6144K(6144K)
[530.386s][info][gc,heap        ] GC(1454) ParOldGen: 198286K(198656K)->198334K(198656K)
[530.386s][info][gc,metaspace   ] GC(1454) Metaspace: 35439K(36160K)->35439K(36160K) NonClass: 26229K(26752K)->26229K(26752K) Class: 9210K(9408K)->9210K(9408K)
[530.386s][info][gc             ] GC(1454) Pause Young (Allocation Failure) 380M->199M(421M) 9.386ms
[530.386s][info][gc,cpu         ] GC(1454) User=0.02s Sys=0.00s Real=0.01s
[530.681s][info][gc,start       ] GC(1455) Pause Young (Allocation Failure)
[530.729s][info][gc,heap        ] GC(1455) PSYoungGen: 232448K(232448K)->7680K(265728K) Eden: 226304K(226304K)->0K(258048K) From: 6144K(6144K)->7680K(7680K)
[530.729s][info][gc,heap        ] GC(1455) ParOldGen: 198334K(198656K)->216454K(216576K)
[530.729s][info][gc,metaspace   ] GC(1455) Metaspace: 35439K(36160K)->35439K(36160K) NonClass: 26229K(26752K)->26229K(26752K) Class: 9210K(9408K)->9210K(9408K)
[530.729s][info][gc             ] GC(1455) Pause Young (Allocation Failure) 420M->218M(471M) 48.172ms
[530.729s][info][gc,cpu         ] GC(1455) User=0.08s Sys=0.01s Real=0.05s
[531.065s][info][gc,start       ] GC(1456) Pause Young (Allocation Failure)
[531.128s][info][gc,heap        ] GC(1456) PSYoungGen: 265728K(265728K)->16384K(279040K) Eden: 258048K(258048K)->0K(262656K) From: 7680K(7680K)->16384K(16384K)
[531.128s][info][gc,heap        ] GC(1456) ParOldGen: 216454K(216576K)->229958K(230400K)
[531.128s][info][gc,metaspace   ] GC(1456) Metaspace: 35439K(36160K)->35439K(36160K) NonClass: 26229K(26752K)->26229K(26752K) Class: 9210K(9408K)->9210K(9408K)
[531.128s][info][gc             ] GC(1456) Pause Young (Allocation Failure) 470M->240M(497M) 63.447ms
[531.128s][info][gc,cpu         ] GC(1456) User=0.10s Sys=0.02s Real=0.06s
[531.213s][info][gc,start       ] GC(1457) Pause Young (Allocation Failure)
[531.219s][info][gc,heap        ] GC(1457) PSYoungGen: 279040K(279040K)->1312K(287232K) Eden: 262656K(262656K)->0K(262656K) From: 16384K(16384K)->1312K(24576K)
[531.219s][info][gc,heap        ] GC(1457) ParOldGen: 229958K(230400K)->230318K(230400K)
[531.219s][info][gc,metaspace   ] GC(1457) Metaspace: 35439K(36160K)->35439K(36160K) NonClass: 26229K(26752K)->26229K(26752K) Class: 9210K(9408K)->9210K(9408K)
[531.219s][info][gc             ] GC(1457) Pause Young (Allocation Failure) 497M->226M(505M) 6.465ms
[531.219s][info][gc,cpu         ] GC(1457) User=0.02s Sys=0.00s Real=0.01s
[531.751s][info][gc,start       ] GC(1458) Pause Young (Allocation Failure)
[531.751s][info][gc,heap        ] GC(1458) PSYoungGen: 263968K(287232K)->64K(307200K) Eden: 262656K(262656K)->0K(285696K) From: 1312K(24576K)->64K(21504K)
[531.752s][info][gc,heap        ] GC(1458) ParOldGen: 230318K(230400K)->230326K(230400K)
[531.752s][info][gc,metaspace   ] GC(1458) Metaspace: 35439K(36160K)->35439K(36160K) NonClass: 26229K(26752K)->26229K(26752K) Class: 9210K(9408K)->9210K(9408K)
[531.752s][info][gc             ] GC(1458) Pause Young (Allocation Failure) 482M->224M(525M) 1.045ms
[531.752s][info][gc,cpu         ] GC(1458) User=0.00s Sys=0.00s Real=0.00s
[532.225s][info][gc,start       ] GC(1459) Pause Young (Allocation Failure)
[532.226s][info][gc,heap        ] GC(1459) PSYoungGen: 285760K(307200K)->64K(308736K) Eden: 285696K(285696K)->0K(285696K) From: 64K(21504K)->64K(23040K)
[532.226s][info][gc,heap        ] GC(1459) ParOldGen: 230326K(230400K)->230334K(230400K)
[532.226s][info][gc,metaspace   ] GC(1459) Metaspace: 35439K(36160K)->35439K(36160K) NonClass: 26229K(26752K)->26229K(26752K) Class: 9210K(9408K)->9210K(9408K)
[532.226s][info][gc             ] GC(1459) Pause Young (Allocation Failure) 503M->224M(526M) 1.028ms
[532.226s][info][gc,cpu         ] GC(1459) User=0.00s Sys=0.00s Real=0.00s
[532.656s][info][gc,start       ] GC(1460) Pause Young (Allocation Failure)
[532.657s][info][gc,heap        ] GC(1460) PSYoungGen: 285760K(308736K)->64K(308224K) Eden: 285696K(285696K)->0K(288768K) From: 64K(23040K)->64K(19456K)
[532.657s][info][gc,heap        ] GC(1460) ParOldGen: 230334K(230400K)->230350K(230400K)
[532.657s][info][gc,metaspace   ] GC(1460) Metaspace: 35439K(36160K)->35439K(36160K) NonClass: 26229K(26752K)->26229K(26752K) Class: 9210K(9408K)->9210K(9408K)
[532.657s][info][gc             ] GC(1460) Pause Young (Allocation Failure) 503M->225M(526M) 1.135ms
[532.657s][info][gc,cpu         ] GC(1460) User=0.00s Sys=0.00s Real=0.00s
[532.896s][info][gc,start       ] GC(1461) Pause Young (Allocation Failure)
[532.896s][info][gc,heap        ] GC(1461) PSYoungGen: 288832K(308224K)->64K(309760K) Eden: 288768K(288768K)->0K(288768K) From: 64K(19456K)->64K(20992K)
[532.896s][info][gc,heap        ] GC(1461) ParOldGen: 230350K(230400K)->230366K(230400K)
[532.896s][info][gc,metaspace   ] GC(1461) Metaspace: 35439K(36160K)->35439K(36160K) NonClass: 26229K(26752K)->26229K(26752K) Class: 9210K(9408K)->9210K(9408K)
[532.896s][info][gc             ] GC(1461) Pause Young (Allocation Failure) 507M->225M(527M) 0.973ms
[532.896s][info][gc,cpu         ] GC(1461) User=0.01s Sys=0.00s Real=0.00s
[533.241s][info][gc,start       ] GC(1462) Pause Young (Allocation Failure)
[533.242s][info][gc,heap        ] GC(1462) PSYoungGen: 288832K(309760K)->64K(310272K) Eden: 288768K(288768K)->0K(292864K) From: 64K(20992K)->64K(17408K)
[533.242s][info][gc,heap        ] GC(1462) ParOldGen: 230366K(230400K)->230366K(230400K)
[533.242s][info][gc,metaspace   ] GC(1462) Metaspace: 35439K(36160K)->35439K(36160K) NonClass: 26229K(26752K)->26229K(26752K) Class: 9210K(9408K)->9210K(9408K)
[533.242s][info][gc             ] GC(1462) Pause Young (Allocation Failure) 507M->225M(528M) 0.919ms
[533.242s][info][gc,cpu         ] GC(1462) User=0.00s Sys=0.00s Real=0.00s
[533.371s][info][gc,start       ] GC(1463) Pause Young (Allocation Failure)
[533.372s][info][gc,heap        ] GC(1463) PSYoungGen: 292928K(310272K)->64K(311808K) Eden: 292864K(292864K)->0K(292864K) From: 64K(17408K)->64K(18944K)
[533.372s][info][gc,heap        ] GC(1463) ParOldGen: 230366K(230400K)->230374K(230400K)
[533.372s][info][gc,metaspace   ] GC(1463) Metaspace: 35439K(36160K)->35439K(36160K) NonClass: 26229K(26752K)->26229K(26752K) Class: 9210K(9408K)->9210K(9408K)
[533.372s][info][gc             ] GC(1463) Pause Young (Allocation Failure) 511M->225M(529M) 0.974ms
[533.372s][info][gc,cpu         ] GC(1463) User=0.00s Sys=0.00s Real=0.00s
[533.422s][info][gc,start       ] GC(1464) Pause Young (Allocation Failure)
[533.423s][info][gc,heap        ] GC(1464) PSYoungGen: 292928K(311808K)->64K(312320K) Eden: 292864K(292864K)->0K(296448K) From: 64K(18944K)->64K(15872K)
[533.423s][info][gc,heap        ] GC(1464) ParOldGen: 230374K(230400K)->230390K(230400K)
[533.423s][info][gc,metaspace   ] GC(1464) Metaspace: 35439K(36160K)->35439K(36160K) NonClass: 26229K(26752K)->26229K(26752K) Class: 9210K(9408K)->9210K(9408K)
[533.423s][info][gc             ] GC(1464) Pause Young (Allocation Failure) 511M->225M(530M) 0.898ms
[533.423s][info][gc,cpu         ] GC(1464) User=0.00s Sys=0.00s Real=0.00s
[533.595s][info][gc,start       ] GC(1465) Pause Young (Allocation Failure)
[533.596s][info][gc,heap        ] GC(1465) PSYoungGen: 296512K(312320K)->64K(313856K) Eden: 296448K(296448K)->0K(296448K) From: 64K(15872K)->64K(17408K)
[533.596s][info][gc,heap        ] GC(1465) ParOldGen: 230390K(230400K)->230390K(230400K)
[533.596s][info][gc,metaspace   ] GC(1465) Metaspace: 35439K(36160K)->35439K(36160K) NonClass: 26229K(26752K)->26229K(26752K) Class: 9210K(9408K)->9210K(9408K)
[533.596s][info][gc             ] GC(1465) Pause Young (Allocation Failure) 514M->225M(531M) 0.852ms
[533.596s][info][gc,cpu         ] GC(1465) User=0.00s Sys=0.00s Real=0.00s
[533.898s][info][gc,start       ] GC(1466) Pause Young (Allocation Failure)
[533.899s][info][gc,heap        ] GC(1466) PSYoungGen: 296512K(313856K)->64K(313856K) Eden: 296448K(296448K)->0K(300032K) From: 64K(17408K)->64K(13824K)
[533.899s][info][gc,heap        ] GC(1466) ParOldGen: 230390K(230400K)->230398K(230400K)
[533.899s][info][gc,metaspace   ] GC(1466) Metaspace: 35439K(36160K)->35439K(36160K) NonClass: 26229K(26752K)->26229K(26752K) Class: 9210K(9408K)->9210K(9408K)
[533.899s][info][gc             ] GC(1466) Pause Young (Allocation Failure) 514M->225M(531M) 1.051ms
[533.899s][info][gc,cpu         ] GC(1466) User=0.00s Sys=0.00s Real=0.01s
[534.053s][info][gc,start       ] GC(1467) Pause Young (Allocation Failure)
[534.054s][info][gc,heap        ] GC(1467) PSYoungGen: 300096K(313856K)->64K(315392K) Eden: 300032K(300032K)->0K(300032K) From: 64K(13824K)->64K(15360K)
[534.054s][info][gc,heap        ] GC(1467) ParOldGen: 230398K(230400K)->230406K(230912K)
[534.054s][info][gc,metaspace   ] GC(1467) Metaspace: 35439K(36160K)->35439K(36160K) NonClass: 26229K(26752K)->26229K(26752K) Class: 9210K(9408K)->9210K(9408K)
[534.054s][info][gc             ] GC(1467) Pause Young (Allocation Failure) 518M->225M(533M) 0.998ms
[534.054s][info][gc,cpu         ] GC(1467) User=0.00s Sys=0.00s Real=0.00s
[534.147s][info][gc,start       ] GC(1468) Pause Young (Allocation Failure)
[534.148s][info][gc,heap        ] GC(1468) PSYoungGen: 300096K(315392K)->64K(288768K) Eden: 300032K(300032K)->0K(288256K) From: 64K(15360K)->64K(512K)
[534.148s][info][gc,heap        ] GC(1468) ParOldGen: 230406K(230912K)->230414K(230912K)
[534.148s][info][gc,metaspace   ] GC(1468) Metaspace: 35439K(36160K)->35439K(36160K) NonClass: 26229K(26752K)->26229K(26752K) Class: 9210K(9408K)->9210K(9408K)
[534.148s][info][gc             ] GC(1468) Pause Young (Allocation Failure) 518M->225M(507M) 0.954ms
[534.148s][info][gc,cpu         ] GC(1468) User=0.00s Sys=0.00s Real=0.00s
[534.328s][info][gc,start       ] GC(1469) Pause Young (Allocation Failure)
[534.329s][info][gc,heap        ] GC(1469) PSYoungGen: 288320K(288768K)->64K(290304K) Eden: 288256K(288256K)->0K(276992K) From: 64K(512K)->64K(13312K)
[534.329s][info][gc,heap        ] GC(1469) ParOldGen: 230414K(230912K)->230422K(230912K)
[534.329s][info][gc,metaspace   ] GC(1469) Metaspace: 35439K(36160K)->35439K(36160K) NonClass: 26229K(26752K)->26229K(26752K) Class: 9210K(9408K)->9210K(9408K)
[534.329s][info][gc             ] GC(1469) Pause Young (Allocation Failure) 506M->225M(509M) 0.911ms
[534.329s][info][gc,cpu         ] GC(1469) User=0.00s Sys=0.00s Real=0.01s
[535.205s][info][gc,start       ] GC(1470) Pause Young (Allocation Failure)
[535.206s][info][gc,heap        ] GC(1470) PSYoungGen: 277056K(290304K)->83K(266752K) Eden: 276992K(276992K)->0K(266240K) From: 64K(13312K)->83K(512K)
[535.206s][info][gc,heap        ] GC(1470) ParOldGen: 230422K(230912K)->230430K(230912K)
[535.206s][info][gc,metaspace   ] GC(1470) Metaspace: 35439K(36160K)->35439K(36160K) NonClass: 26229K(26752K)->26229K(26752K) Class: 9210K(9408K)->9210K(9408K)
[535.206s][info][gc             ] GC(1470) Pause Young (Allocation Failure) 495M->225M(486M) 0.963ms
[535.206s][info][gc,cpu         ] GC(1470) User=0.00s Sys=0.00s Real=0.00s
[536.033s][info][gc,start       ] GC(1471) Pause Young (Allocation Failure)
[536.034s][info][gc,heap        ] GC(1471) PSYoungGen: 266323K(266752K)->64K(267776K) Eden: 266240K(266240K)->0K(256000K) From: 83K(512K)->64K(11776K)
[536.034s][info][gc,heap        ] GC(1471) ParOldGen: 230430K(230912K)->230438K(230912K)
[536.034s][info][gc,metaspace   ] GC(1471) Metaspace: 35439K(36160K)->35439K(36160K) NonClass: 26229K(26752K)->26229K(26752K) Class: 9210K(9408K)->9210K(9408K)
[536.034s][info][gc             ] GC(1471) Pause Young (Allocation Failure) 485M->225M(487M) 1.029ms
[536.034s][info][gc,cpu         ] GC(1471) User=0.00s Sys=0.00s Real=0.00s
[536.324s][info][gc,start       ] GC(1472) Pause Young (Allocation Failure)
[536.326s][info][gc,heap        ] GC(1472) PSYoungGen: 256064K(267776K)->64K(246784K) Eden: 256000K(256000K)->0K(246272K) From: 64K(11776K)->64K(512K)
[536.326s][info][gc,heap        ] GC(1472) ParOldGen: 230438K(230912K)->230446K(230912K)
[536.326s][info][gc,metaspace   ] GC(1472) Metaspace: 35439K(36160K)->35439K(36160K) NonClass: 26229K(26752K)->26229K(26752K) Class: 9210K(9408K)->9210K(9408K)
[536.326s][info][gc             ] GC(1472) Pause Young (Allocation Failure) 475M->225M(466M) 1.575ms
[536.326s][info][gc,cpu         ] GC(1472) User=0.00s Sys=0.01s Real=0.00s
[536.738s][info][gc,start       ] GC(1473) Pause Young (Allocation Failure)
[536.739s][info][gc,heap        ] GC(1473) PSYoungGen: 246336K(246784K)->64K(247296K) Eden: 246272K(246272K)->0K(237056K) From: 64K(512K)->64K(10240K)
[536.739s][info][gc,heap        ] GC(1473) ParOldGen: 230446K(230912K)->230454K(230912K)
[536.739s][info][gc,metaspace   ] GC(1473) Metaspace: 35439K(36160K)->35439K(36160K) NonClass: 26229K(26752K)->26229K(26752K) Class: 9210K(9408K)->9210K(9408K)
[536.739s][info][gc             ] GC(1473) Pause Young (Allocation Failure) 465M->225M(467M) 0.905ms
[536.739s][info][gc,cpu         ] GC(1473) User=0.01s Sys=0.00s Real=0.01s
[537.639s][info][gc,start       ] GC(1474) Pause Young (Allocation Failure)
[537.641s][info][gc,heap        ] GC(1474) PSYoungGen: 237120K(247296K)->64K(228864K) Eden: 237056K(237056K)->0K(228352K) From: 64K(10240K)->64K(512K)
[537.641s][info][gc,heap        ] GC(1474) ParOldGen: 230454K(230912K)->230462K(230912K)
[537.641s][info][gc,metaspace   ] GC(1474) Metaspace: 35439K(36160K)->35439K(36160K) NonClass: 26229K(26752K)->26229K(26752K) Class: 9210K(9408K)->9210K(9408K)
[537.641s][info][gc             ] GC(1474) Pause Young (Allocation Failure) 456M->225M(449M) 1.759ms
[537.641s][info][gc,cpu         ] GC(1474) User=0.00s Sys=0.00s Real=0.00s
[537.952s][info][gc,start       ] GC(1475) Pause Young (Allocation Failure)
[537.953s][info][gc,heap        ] GC(1475) PSYoungGen: 228416K(228864K)->64K(228864K) Eden: 228352K(228352K)->0K(219648K) From: 64K(512K)->64K(9216K)
[537.953s][info][gc,heap        ] GC(1475) ParOldGen: 230462K(230912K)->230470K(230912K)
[537.953s][info][gc,metaspace   ] GC(1475) Metaspace: 35439K(36160K)->35439K(36160K) NonClass: 26229K(26752K)->26229K(26752K) Class: 9210K(9408K)->9210K(9408K)
[537.953s][info][gc             ] GC(1475) Pause Young (Allocation Failure) 448M->225M(449M) 0.893ms
[537.953s][info][gc,cpu         ] GC(1475) User=0.01s Sys=0.00s Real=0.00s
[538.078s][info][gc,start       ] GC(1476) Pause Young (Allocation Failure)
[538.079s][info][gc,heap        ] GC(1476) PSYoungGen: 219712K(228864K)->64K(211968K) Eden: 219648K(219648K)->0K(211456K) From: 64K(9216K)->64K(512K)
[538.079s][info][gc,heap        ] GC(1476) ParOldGen: 230470K(230912K)->230478K(230912K)
[538.079s][info][gc,metaspace   ] GC(1476) Metaspace: 35439K(36160K)->35439K(36160K) NonClass: 26229K(26752K)->26229K(26752K) Class: 9210K(9408K)->9210K(9408K)
[538.079s][info][gc             ] GC(1476) Pause Young (Allocation Failure) 439M->225M(432M) 1.315ms
[538.079s][info][gc,cpu         ] GC(1476) User=0.00s Sys=0.00s Real=0.01s
[538.250s][info][gc,start       ] GC(1477) Pause Young (Allocation Failure)
[538.251s][info][gc,heap        ] GC(1477) PSYoungGen: 211520K(211968K)->64K(211456K) Eden: 211456K(211456K)->0K(203776K) From: 64K(512K)->64K(7680K)
[538.251s][info][gc,heap        ] GC(1477) ParOldGen: 230478K(230912K)->230486K(230912K)
[538.251s][info][gc,metaspace   ] GC(1477) Metaspace: 35439K(36160K)->35439K(36160K) NonClass: 26229K(26752K)->26229K(26752K) Class: 9210K(9408K)->9210K(9408K)
[538.251s][info][gc             ] GC(1477) Pause Young (Allocation Failure) 431M->225M(432M) 0.851ms
[538.251s][info][gc,cpu         ] GC(1477) User=0.00s Sys=0.00s Real=0.00s
[538.748s][info][gc,start       ] GC(1478) Pause Young (Allocation Failure)
[538.750s][info][gc,heap        ] GC(1478) PSYoungGen: 203840K(211456K)->64K(197120K) Eden: 203776K(203776K)->0K(196608K) From: 64K(7680K)->64K(512K)
[538.750s][info][gc,heap        ] GC(1478) ParOldGen: 230486K(230912K)->230494K(230912K)
[538.750s][info][gc,metaspace   ] GC(1478) Metaspace: 35439K(36160K)->35439K(36160K) NonClass: 26229K(26752K)->26229K(26752K) Class: 9210K(9408K)->9210K(9408K)
[538.750s][info][gc             ] GC(1478) Pause Young (Allocation Failure) 424M->225M(418M) 1.492ms
[538.750s][info][gc,cpu         ] GC(1478) User=0.00s Sys=0.00s Real=0.01s
[538.909s][info][gc,start       ] GC(1479) Pause Young (Allocation Failure)
[538.910s][info][gc,heap        ] GC(1479) PSYoungGen: 196672K(197120K)->64K(196096K) Eden: 196608K(196608K)->0K(189440K) From: 64K(512K)->64K(6656K)
[538.910s][info][gc,heap        ] GC(1479) ParOldGen: 230494K(230912K)->230502K(230912K)
[538.910s][info][gc,metaspace   ] GC(1479) Metaspace: 35439K(36160K)->35439K(36160K) NonClass: 26229K(26752K)->26229K(26752K) Class: 9210K(9408K)->9210K(9408K)
[538.910s][info][gc             ] GC(1479) Pause Young (Allocation Failure) 417M->225M(417M) 1.111ms
[538.910s][info][gc,cpu         ] GC(1479) User=0.00s Sys=0.00s Real=0.00s
[539.207s][info][gc,start       ] GC(1480) Pause Young (Allocation Failure)
[539.230s][info][gc,heap        ] GC(1480) PSYoungGen: 189504K(196096K)->6144K(231936K) Eden: 189440K(189440K)->0K(225792K) From: 64K(6656K)->6144K(6144K)
[539.230s][info][gc,heap        ] GC(1480) ParOldGen: 230502K(230912K)->234462K(234496K)
[539.230s][info][gc,metaspace   ] GC(1480) Metaspace: 35439K(36160K)->35439K(36160K) NonClass: 26229K(26752K)->26229K(26752K) Class: 9210K(9408K)->9210K(9408K)
[539.231s][info][gc             ] GC(1480) Pause Young (Allocation Failure) 410M->234M(455M) 23.242ms
[539.231s][info][gc,cpu         ] GC(1480) User=0.04s Sys=0.00s Real=0.03s
[539.526s][info][gc,start       ] GC(1481) Pause Young (Allocation Failure)
[539.575s][info][gc,heap        ] GC(1481) PSYoungGen: 231936K(231936K)->9216K(263680K) Eden: 225792K(225792K)->0K(254464K) From: 6144K(6144K)->9216K(9216K)
[539.575s][info][gc,heap        ] GC(1481) ParOldGen: 234462K(234496K)->251086K(251392K)
[539.575s][info][gc,metaspace   ] GC(1481) Metaspace: 35439K(36160K)->35439K(36160K) NonClass: 26229K(26752K)->26229K(26752K) Class: 9210K(9408K)->9210K(9408K)
[539.575s][info][gc             ] GC(1481) Pause Young (Allocation Failure) 455M->254M(503M) 48.604ms
[539.575s][info][gc,cpu         ] GC(1481) User=0.08s Sys=0.01s Real=0.05s
[539.886s][info][gc,start       ] GC(1482) Pause Young (Allocation Failure)
[539.944s][info][gc,heap        ] GC(1482) PSYoungGen: 263680K(263680K)->17408K(281088K) Eden: 254464K(254464K)->0K(263680K) From: 9216K(9216K)->17408K(17408K)
[539.944s][info][gc,heap        ] GC(1482) ParOldGen: 251086K(251392K)->260934K(261120K)
[539.944s][info][gc,metaspace   ] GC(1482) Metaspace: 35439K(36160K)->35439K(36160K) NonClass: 26229K(26752K)->26229K(26752K) Class: 9210K(9408K)->9210K(9408K)
[539.944s][info][gc             ] GC(1482) Pause Young (Allocation Failure) 502M->271M(529M) 57.382ms
[539.944s][info][gc,cpu         ] GC(1482) User=0.10s Sys=0.01s Real=0.06s
[540.029s][info][gc,start       ] GC(1483) Pause Young (Allocation Failure)
[540.032s][info][gc,heap        ] GC(1483) PSYoungGen: 281088K(281088K)->64K(288256K) Eden: 263680K(263680K)->0K(263680K) From: 17408K(17408K)->64K(24576K)
[540.032s][info][gc,heap        ] GC(1483) ParOldGen: 260934K(261120K)->261190K(261632K)
[540.032s][info][gc,metaspace   ] GC(1483) Metaspace: 35439K(36160K)->35439K(36160K) NonClass: 26229K(26752K)->26229K(26752K) Class: 9210K(9408K)->9210K(9408K)
[540.032s][info][gc             ] GC(1483) Pause Young (Allocation Failure) 529M->255M(537M) 3.734ms
[540.032s][info][gc,cpu         ] GC(1483) User=0.01s Sys=0.01s Real=0.00s
[540.622s][info][gc,start       ] GC(1484) Pause Young (Allocation Failure)
[540.623s][info][gc,heap        ] GC(1484) PSYoungGen: 263744K(288256K)->64K(306688K) Eden: 263680K(263680K)->0K(285184K) From: 64K(24576K)->64K(21504K)
[540.623s][info][gc,heap        ] GC(1484) ParOldGen: 261190K(261632K)->261198K(261632K)
[540.623s][info][gc,metaspace   ] GC(1484) Metaspace: 35439K(36160K)->35439K(36160K) NonClass: 26229K(26752K)->26229K(26752K) Class: 9210K(9408K)->9210K(9408K)
[540.623s][info][gc             ] GC(1484) Pause Young (Allocation Failure) 512M->255M(555M) 1.163ms
[540.623s][info][gc,cpu         ] GC(1484) User=0.00s Sys=0.00s Real=0.00s
[541.039s][info][gc,start       ] GC(1485) Pause Young (Allocation Failure)
[541.041s][info][gc,heap        ] GC(1485) PSYoungGen: 285248K(306688K)->64K(308224K) Eden: 285184K(285184K)->0K(285184K) From: 64K(21504K)->64K(23040K)
[541.041s][info][gc,heap        ] GC(1485) ParOldGen: 261198K(261632K)->261206K(261632K)
[541.041s][info][gc,metaspace   ] GC(1485) Metaspace: 35439K(36160K)->35439K(36160K) NonClass: 26229K(26752K)->26229K(26752K) Class: 9210K(9408K)->9210K(9408K)
[541.041s][info][gc             ] GC(1485) Pause Young (Allocation Failure) 533M->255M(556M) 1.181ms
[541.041s][info][gc,cpu         ] GC(1485) User=0.00s Sys=0.00s Real=0.00s
[541.472s][info][gc,start       ] GC(1486) Pause Young (Allocation Failure)
[541.473s][info][gc,heap        ] GC(1486) PSYoungGen: 285248K(308224K)->64K(308224K) Eden: 285184K(285184K)->0K(288256K) From: 64K(23040K)->64K(19968K)
[541.473s][info][gc,heap        ] GC(1486) ParOldGen: 261206K(261632K)->261222K(261632K)
[541.473s][info][gc,metaspace   ] GC(1486) Metaspace: 35439K(36160K)->35439K(36160K) NonClass: 26229K(26752K)->26229K(26752K) Class: 9210K(9408K)->9210K(9408K)
[541.473s][info][gc             ] GC(1486) Pause Young (Allocation Failure) 533M->255M(556M) 1.034ms
[541.473s][info][gc,cpu         ] GC(1486) User=0.00s Sys=0.00s Real=0.00s
[541.713s][info][gc,start       ] GC(1487) Pause Young (Allocation Failure)
[541.714s][info][gc,heap        ] GC(1487) PSYoungGen: 288320K(308224K)->64K(309760K) Eden: 288256K(288256K)->0K(288256K) From: 64K(19968K)->64K(21504K)
[541.714s][info][gc,heap        ] GC(1487) ParOldGen: 261222K(261632K)->261238K(261632K)
[541.714s][info][gc,metaspace   ] GC(1487) Metaspace: 35439K(36160K)->35439K(36160K) NonClass: 26229K(26752K)->26229K(26752K) Class: 9210K(9408K)->9210K(9408K)
[541.714s][info][gc             ] GC(1487) Pause Young (Allocation Failure) 536M->255M(558M) 1.056ms
[541.714s][info][gc,cpu         ] GC(1487) User=0.00s Sys=0.00s Real=0.00s
[542.064s][info][gc,start       ] GC(1488) Pause Young (Allocation Failure)
[542.066s][info][gc,heap        ] GC(1488) PSYoungGen: 288320K(309760K)->64K(309760K) Eden: 288256K(288256K)->0K(291840K) From: 64K(21504K)->64K(17920K)
[542.066s][info][gc,heap        ] GC(1488) ParOldGen: 261238K(261632K)->261238K(261632K)
[542.066s][info][gc,metaspace   ] GC(1488) Metaspace: 35439K(36160K)->35439K(36160K) NonClass: 26229K(26752K)->26229K(26752K) Class: 9210K(9408K)->9210K(9408K)
[542.066s][info][gc             ] GC(1488) Pause Young (Allocation Failure) 536M->255M(558M) 2.009ms
[542.066s][info][gc,cpu         ] GC(1488) User=0.00s Sys=0.00s Real=0.00s
[542.170s][info][gc,start       ] GC(1489) Pause Young (Allocation Failure)
[542.171s][info][gc,heap        ] GC(1489) PSYoungGen: 291904K(309760K)->64K(311296K) Eden: 291840K(291840K)->0K(291840K) From: 64K(17920K)->64K(19456K)
[542.171s][info][gc,heap        ] GC(1489) ParOldGen: 261238K(261632K)->261246K(261632K)
[542.171s][info][gc,metaspace   ] GC(1489) Metaspace: 35439K(36160K)->35439K(36160K) NonClass: 26229K(26752K)->26229K(26752K) Class: 9210K(9408K)->9210K(9408K)
[542.171s][info][gc             ] GC(1489) Pause Young (Allocation Failure) 540M->255M(559M) 1.360ms
[542.171s][info][gc,cpu         ] GC(1489) User=0.00s Sys=0.00s Real=0.00s
[542.221s][info][gc,start       ] GC(1490) Pause Young (Allocation Failure)
[542.222s][info][gc,heap        ] GC(1490) PSYoungGen: 291904K(311296K)->64K(311808K) Eden: 291840K(291840K)->0K(295936K) From: 64K(19456K)->64K(15872K)
[542.222s][info][gc,heap        ] GC(1490) ParOldGen: 261246K(261632K)->261262K(261632K)
[542.222s][info][gc,metaspace   ] GC(1490) Metaspace: 35439K(36160K)->35439K(36160K) NonClass: 26229K(26752K)->26229K(26752K) Class: 9210K(9408K)->9210K(9408K)
[542.222s][info][gc             ] GC(1490) Pause Young (Allocation Failure) 540M->255M(560M) 0.903ms
[542.222s][info][gc,cpu         ] GC(1490) User=0.00s Sys=0.00s Real=0.00s
[542.420s][info][gc,start       ] GC(1491) Pause Young (Allocation Failure)
[542.421s][info][gc,heap        ] GC(1491) PSYoungGen: 296000K(311808K)->64K(313344K) Eden: 295936K(295936K)->0K(295936K) From: 64K(15872K)->64K(17408K)
[542.421s][info][gc,heap        ] GC(1491) ParOldGen: 261262K(261632K)->261262K(261632K)
[542.421s][info][gc,metaspace   ] GC(1491) Metaspace: 35439K(36160K)->35439K(36160K) NonClass: 26229K(26752K)->26229K(26752K) Class: 9210K(9408K)->9210K(9408K)
[542.421s][info][gc             ] GC(1491) Pause Young (Allocation Failure) 544M->255M(561M) 0.962ms
[542.421s][info][gc,cpu         ] GC(1491) User=0.00s Sys=0.00s Real=0.00s
[542.717s][info][gc,start       ] GC(1492) Pause Young (Allocation Failure)
[542.718s][info][gc,heap        ] GC(1492) PSYoungGen: 296000K(313344K)->64K(313856K) Eden: 295936K(295936K)->0K(300032K) From: 64K(17408K)->64K(13824K)
[542.718s][info][gc,heap        ] GC(1492) ParOldGen: 261262K(261632K)->261270K(261632K)
[542.718s][info][gc,metaspace   ] GC(1492) Metaspace: 35439K(36160K)->35439K(36160K) NonClass: 26229K(26752K)->26229K(26752K) Class: 9210K(9408K)->9210K(9408K)
[542.718s][info][gc             ] GC(1492) Pause Young (Allocation Failure) 544M->255M(562M) 1.098ms
[542.718s][info][gc,cpu         ] GC(1492) User=0.00s Sys=0.01s Real=0.00s
[542.860s][info][gc,start       ] GC(1493) Pause Young (Allocation Failure)
[542.861s][info][gc,heap        ] GC(1493) PSYoungGen: 300096K(313856K)->64K(315392K) Eden: 300032K(300032K)->0K(300032K) From: 64K(13824K)->64K(15360K)
[542.861s][info][gc,heap        ] GC(1493) ParOldGen: 261270K(261632K)->261278K(261632K)
[542.861s][info][gc,metaspace   ] GC(1493) Metaspace: 35439K(36160K)->35439K(36160K) NonClass: 26229K(26752K)->26229K(26752K) Class: 9210K(9408K)->9210K(9408K)
[542.861s][info][gc             ] GC(1493) Pause Young (Allocation Failure) 548M->255M(563M) 1.086ms
[542.861s][info][gc,cpu         ] GC(1493) User=0.00s Sys=0.00s Real=0.00s
[542.965s][info][gc,start       ] GC(1494) Pause Young (Allocation Failure)
[542.966s][info][gc,heap        ] GC(1494) PSYoungGen: 300096K(315392K)->64K(316928K) Eden: 300032K(300032K)->0K(304128K) From: 64K(15360K)->64K(12800K)
[542.966s][info][gc,heap        ] GC(1494) ParOldGen: 261278K(261632K)->261286K(261632K)
[542.966s][info][gc,metaspace   ] GC(1494) Metaspace: 35439K(36160K)->35439K(36160K) NonClass: 26229K(26752K)->26229K(26752K) Class: 9210K(9408K)->9210K(9408K)
[542.966s][info][gc             ] GC(1494) Pause Young (Allocation Failure) 548M->255M(565M) 1.086ms
[542.966s][info][gc,cpu         ] GC(1494) User=0.00s Sys=0.00s Real=0.00s
[543.189s][info][gc,start       ] GC(1495) Pause Young (Allocation Failure)
[543.190s][info][gc,heap        ] GC(1495) PSYoungGen: 304192K(316928K)->64K(292352K) Eden: 304128K(304128K)->0K(291840K) From: 64K(12800K)->64K(512K)
[543.190s][info][gc,heap        ] GC(1495) ParOldGen: 261286K(261632K)->261294K(261632K)
[543.190s][info][gc,metaspace   ] GC(1495) Metaspace: 35439K(36160K)->35439K(36160K) NonClass: 26229K(26752K)->26229K(26752K) Class: 9210K(9408K)->9210K(9408K)
[543.190s][info][gc             ] GC(1495) Pause Young (Allocation Failure) 552M->255M(541M) 1.007ms
[543.190s][info][gc,cpu         ] GC(1495) User=0.00s Sys=0.00s Real=0.00s
[544.020s][info][gc,start       ] GC(1496) Pause Young (Allocation Failure)
[544.021s][info][gc,heap        ] GC(1496) PSYoungGen: 291904K(292352K)->64K(280576K) Eden: 291840K(291840K)->0K(280064K) From: 64K(512K)->64K(512K)
[544.021s][info][gc,heap        ] GC(1496) ParOldGen: 261294K(261632K)->261302K(261632K)
[544.021s][info][gc,metaspace   ] GC(1496) Metaspace: 35439K(36160K)->35439K(36160K) NonClass: 26229K(26752K)->26229K(26752K) Class: 9210K(9408K)->9210K(9408K)
[544.021s][info][gc             ] GC(1496) Pause Young (Allocation Failure) 540M->255M(529M) 1.146ms
[544.021s][info][gc,cpu         ] GC(1496) User=0.01s Sys=0.00s Real=0.00s
[544.884s][info][gc,start       ] GC(1497) Pause Young (Allocation Failure)
[544.885s][info][gc,heap        ] GC(1497) PSYoungGen: 280128K(280576K)->64K(281088K) Eden: 280064K(280064K)->0K(269312K) From: 64K(512K)->64K(11776K)
[544.885s][info][gc,heap        ] GC(1497) ParOldGen: 261302K(261632K)->261310K(261632K)
[544.885s][info][gc,metaspace   ] GC(1497) Metaspace: 35439K(36160K)->35439K(36160K) NonClass: 26229K(26752K)->26229K(26752K) Class: 9210K(9408K)->9210K(9408K)
[544.885s][info][gc             ] GC(1497) Pause Young (Allocation Failure) 528M->255M(530M) 1.051ms
[544.885s][info][gc,cpu         ] GC(1497) User=0.00s Sys=0.00s Real=0.00s
[545.280s][info][gc,start       ] GC(1498) Pause Young (Allocation Failure)
[545.282s][info][gc,heap        ] GC(1498) PSYoungGen: 269376K(281088K)->64K(259584K) Eden: 269312K(269312K)->0K(259072K) From: 64K(11776K)->64K(512K)
[545.282s][info][gc,heap        ] GC(1498) ParOldGen: 261310K(261632K)->261318K(261632K)
[545.282s][info][gc,metaspace   ] GC(1498) Metaspace: 35439K(36160K)->35439K(36160K) NonClass: 26229K(26752K)->26229K(26752K) Class: 9210K(9408K)->9210K(9408K)
[545.282s][info][gc             ] GC(1498) Pause Young (Allocation Failure) 518M->255M(509M) 1.638ms
[545.282s][info][gc,cpu         ] GC(1498) User=0.00s Sys=0.00s Real=0.00s
[546.285s][info][gc,start       ] GC(1499) Pause Young (Allocation Failure)
[546.286s][info][gc,heap        ] GC(1499) PSYoungGen: 259136K(259584K)->64K(259584K) Eden: 259072K(259072K)->0K(249344K) From: 64K(512K)->64K(10240K)
[546.286s][info][gc,heap        ] GC(1499) ParOldGen: 261318K(261632K)->261326K(261632K)
[546.286s][info][gc,metaspace   ] GC(1499) Metaspace: 35439K(36160K)->35439K(36160K) NonClass: 26229K(26752K)->26229K(26752K) Class: 9210K(9408K)->9210K(9408K)
[546.286s][info][gc             ] GC(1499) Pause Young (Allocation Failure) 508M->255M(509M) 1.021ms
[546.286s][info][gc,cpu         ] GC(1499) User=0.00s Sys=0.00s Real=0.00s
[546.663s][info][gc,start       ] GC(1500) Pause Young (Allocation Failure)
[546.665s][info][gc,heap        ] GC(1500) PSYoungGen: 249408K(259584K)->64K(240128K) Eden: 249344K(249344K)->0K(239616K) From: 64K(10240K)->64K(512K)
[546.665s][info][gc,heap        ] GC(1500) ParOldGen: 261326K(261632K)->261334K(261632K)
[546.665s][info][gc,metaspace   ] GC(1500) Metaspace: 35439K(36160K)->35439K(36160K) NonClass: 26229K(26752K)->26229K(26752K) Class: 9210K(9408K)->9210K(9408K)
[546.665s][info][gc             ] GC(1500) Pause Young (Allocation Failure) 498M->255M(490M) 1.737ms
[546.665s][info][gc,cpu         ] GC(1500) User=0.00s Sys=0.00s Real=0.00s
[546.849s][info][gc,start       ] GC(1501) Pause Young (Allocation Failure)
[546.850s][info][gc,heap        ] GC(1501) PSYoungGen: 239680K(240128K)->64K(239616K) Eden: 239616K(239616K)->0K(230400K) From: 64K(512K)->64K(9216K)
[546.850s][info][gc,heap        ] GC(1501) ParOldGen: 261334K(261632K)->261342K(261632K)
[546.850s][info][gc,metaspace   ] GC(1501) Metaspace: 35439K(36160K)->35439K(36160K) NonClass: 26229K(26752K)->26229K(26752K) Class: 9210K(9408K)->9210K(9408K)
[546.850s][info][gc             ] GC(1501) Pause Young (Allocation Failure) 489M->255M(489M) 1.608ms
[546.850s][info][gc,cpu         ] GC(1501) User=0.01s Sys=0.00s Real=0.00s
[546.925s][info][gc,start       ] GC(1502) Pause Young (Allocation Failure)
[546.927s][info][gc,heap        ] GC(1502) PSYoungGen: 230464K(239616K)->32K(222208K) Eden: 230400K(230400K)->0K(221696K) From: 64K(9216K)->32K(512K)
[546.927s][info][gc,heap        ] GC(1502) ParOldGen: 261342K(261632K)->261350K(261632K)
[546.927s][info][gc,metaspace   ] GC(1502) Metaspace: 35439K(36160K)->35439K(36160K) NonClass: 26229K(26752K)->26229K(26752K) Class: 9210K(9408K)->9210K(9408K)
[546.927s][info][gc             ] GC(1502) Pause Young (Allocation Failure) 480M->255M(472M) 2.019ms
[546.927s][info][gc,cpu         ] GC(1502) User=0.00s Sys=0.00s Real=0.00s
[547.426s][info][gc,start       ] GC(1503) Pause Young (Allocation Failure)
[547.427s][info][gc,heap        ] GC(1503) PSYoungGen: 221728K(222208K)->64K(221184K) Eden: 221696K(221696K)->0K(213504K) From: 32K(512K)->64K(7680K)
[547.428s][info][gc,heap        ] GC(1503) ParOldGen: 261350K(261632K)->261358K(261632K)
[547.428s][info][gc,metaspace   ] GC(1503) Metaspace: 35439K(36160K)->35439K(36160K) NonClass: 26229K(26752K)->26229K(26752K) Class: 9210K(9408K)->9210K(9408K)
[547.428s][info][gc             ] GC(1503) Pause Young (Allocation Failure) 471M->255M(471M) 1.633ms
[547.428s][info][gc,cpu         ] GC(1503) User=0.00s Sys=0.00s Real=0.00s
[547.641s][info][gc,start       ] GC(1504) Pause Young (Allocation Failure)
[547.642s][info][gc,heap        ] GC(1504) PSYoungGen: 213568K(221184K)->32K(206336K) Eden: 213504K(213504K)->0K(205824K) From: 64K(7680K)->32K(512K)
[547.642s][info][gc,heap        ] GC(1504) ParOldGen: 261358K(261632K)->261366K(261632K)
[547.643s][info][gc,metaspace   ] GC(1504) Metaspace: 35439K(36160K)->35439K(36160K) NonClass: 26229K(26752K)->26229K(26752K) Class: 9210K(9408K)->9210K(9408K)
[547.643s][info][gc             ] GC(1504) Pause Young (Allocation Failure) 463M->255M(457M) 2.057ms
[547.643s][info][gc,cpu         ] GC(1504) User=0.00s Sys=0.00s Real=0.00s
[547.972s][info][gc,start       ] GC(1505) Pause Young (Allocation Failure)
[547.985s][info][gc,heap        ] GC(1505) PSYoungGen: 205856K(206336K)->6656K(251392K) Eden: 205824K(205824K)->0K(244736K) From: 32K(512K)->6656K(6656K)
[547.985s][info][gc,heap        ] GC(1505) ParOldGen: 261366K(261632K)->261606K(261632K)
[547.985s][info][gc,metaspace   ] GC(1505) Metaspace: 35439K(36160K)->35439K(36160K) NonClass: 26229K(26752K)->26229K(26752K) Class: 9210K(9408K)->9210K(9408K)
[547.985s][info][gc             ] GC(1505) Pause Young (Allocation Failure) 456M->261M(501M) 12.955ms
[547.985s][info][gc,cpu         ] GC(1505) User=0.02s Sys=0.00s Real=0.01s
[548.303s][info][gc,start       ] GC(1506) Pause Young (Allocation Failure)
[548.356s][info][gc,heap        ] GC(1506) PSYoungGen: 251392K(251392K)->6656K(254464K) Eden: 244736K(244736K)->0K(247808K) From: 6656K(6656K)->6656K(6656K)
[548.356s][info][gc,heap        ] GC(1506) ParOldGen: 261606K(261632K)->282854K(283136K)
[548.356s][info][gc,metaspace   ] GC(1506) Metaspace: 35439K(36160K)->35439K(36160K) NonClass: 26229K(26752K)->26229K(26752K) Class: 9210K(9408K)->9210K(9408K)
[548.356s][info][gc             ] GC(1506) Pause Young (Allocation Failure) 500M->282M(525M) 52.898ms
[548.356s][info][gc,cpu         ] GC(1506) User=0.09s Sys=0.02s Real=0.05s
[548.677s][info][gc,start       ] GC(1507) Pause Young (Allocation Failure)
[548.729s][info][gc,heap        ] GC(1507) PSYoungGen: 254464K(254464K)->17920K(265728K) Eden: 247808K(247808K)->0K(247808K) From: 6656K(6656K)->17920K(17920K)
[548.729s][info][gc,heap        ] GC(1507) ParOldGen: 282854K(283136K)->293358K(293376K)
[548.729s][info][gc,metaspace   ] GC(1507) Metaspace: 35439K(36160K)->35439K(36160K) NonClass: 26229K(26752K)->26229K(26752K) Class: 9210K(9408K)->9210K(9408K)
[548.729s][info][gc             ] GC(1507) Pause Young (Allocation Failure) 524M->303M(546M) 51.711ms
[548.729s][info][gc,cpu         ] GC(1507) User=0.09s Sys=0.01s Real=0.06s
[548.798s][info][gc,start       ] GC(1508) Pause Young (Allocation Failure)
[548.802s][info][gc,heap        ] GC(1508) PSYoungGen: 265728K(265728K)->64K(309248K) Eden: 247808K(247808K)->0K(283648K) From: 17920K(17920K)->64K(25600K)
[548.802s][info][gc,heap        ] GC(1508) ParOldGen: 293358K(293376K)->293630K(293888K)
[548.802s][info][gc,metaspace   ] GC(1508) Metaspace: 35439K(36160K)->35439K(36160K) NonClass: 26229K(26752K)->26229K(26752K) Class: 9210K(9408K)->9210K(9408K)
[548.802s][info][gc             ] GC(1508) Pause Young (Allocation Failure) 545M->286M(589M) 3.926ms
[548.802s][info][gc,cpu         ] GC(1508) User=0.01s Sys=0.00s Real=0.01s
[549.392s][info][gc,start       ] GC(1509) Pause Young (Allocation Failure)
[549.393s][info][gc,heap        ] GC(1509) PSYoungGen: 283712K(309248K)->64K(284160K) Eden: 283648K(283648K)->0K(283648K) From: 64K(25600K)->64K(512K)
[549.393s][info][gc,heap        ] GC(1509) ParOldGen: 293630K(293888K)->293638K(293888K)
[549.393s][info][gc,metaspace   ] GC(1509) Metaspace: 35439K(36160K)->35439K(36160K) NonClass: 26229K(26752K)->26229K(26752K) Class: 9210K(9408K)->9210K(9408K)
[549.393s][info][gc             ] GC(1509) Pause Young (Allocation Failure) 563M->286M(564M) 1.184ms
[549.393s][info][gc,cpu         ] GC(1509) User=0.00s Sys=0.00s Real=0.00s
[549.820s][info][gc,start       ] GC(1510) Pause Young (Allocation Failure)
[549.821s][info][gc,heap        ] GC(1510) PSYoungGen: 283712K(284160K)->64K(308224K) Eden: 283648K(283648K)->0K(284672K) From: 64K(512K)->64K(23552K)
[549.821s][info][gc,heap        ] GC(1510) ParOldGen: 293638K(293888K)->293646K(293888K)
[549.821s][info][gc,metaspace   ] GC(1510) Metaspace: 35439K(36160K)->35439K(36160K) NonClass: 26229K(26752K)->26229K(26752K) Class: 9210K(9408K)->9210K(9408K)
[549.821s][info][gc             ] GC(1510) Pause Young (Allocation Failure) 563M->286M(588M) 1.221ms
[549.821s][info][gc,cpu         ] GC(1510) User=0.01s Sys=0.00s Real=0.00s
[550.253s][info][gc,start       ] GC(1511) Pause Young (Allocation Failure)
[550.254s][info][gc,heap        ] GC(1511) PSYoungGen: 284736K(308224K)->64K(307200K) Eden: 284672K(284672K)->0K(284672K) From: 64K(23552K)->64K(22528K)
[550.254s][info][gc,heap        ] GC(1511) ParOldGen: 293646K(293888K)->293662K(293888K)
[550.254s][info][gc,metaspace   ] GC(1511) Metaspace: 35439K(36160K)->35439K(36160K) NonClass: 26229K(26752K)->26229K(26752K) Class: 9210K(9408K)->9210K(9408K)
[550.254s][info][gc             ] GC(1511) Pause Young (Allocation Failure) 564M->286M(587M) 1.239ms
[550.254s][info][gc,cpu         ] GC(1511) User=0.01s Sys=0.00s Real=0.00s
[550.487s][info][gc,start       ] GC(1512) Pause Young (Allocation Failure)
[550.488s][info][gc,heap        ] GC(1512) PSYoungGen: 284736K(307200K)->64K(310272K) Eden: 284672K(284672K)->0K(288768K) From: 64K(22528K)->64K(21504K)
[550.488s][info][gc,heap        ] GC(1512) ParOldGen: 293662K(293888K)->293678K(293888K)
[550.488s][info][gc,metaspace   ] GC(1512) Metaspace: 35439K(36160K)->35439K(36160K) NonClass: 26229K(26752K)->26229K(26752K) Class: 9210K(9408K)->9210K(9408K)
[550.488s][info][gc             ] GC(1512) Pause Young (Allocation Failure) 564M->286M(590M) 1.103ms
[550.489s][info][gc,cpu         ] GC(1512) User=0.00s Sys=0.00s Real=0.00s
[550.852s][info][gc,start       ] GC(1513) Pause Young (Allocation Failure)
[550.853s][info][gc,heap        ] GC(1513) PSYoungGen: 288832K(310272K)->64K(309248K) Eden: 288768K(288768K)->0K(288768K) From: 64K(21504K)->64K(20480K)
[550.853s][info][gc,heap        ] GC(1513) ParOldGen: 293678K(293888K)->293678K(293888K)
[550.853s][info][gc,metaspace   ] GC(1513) Metaspace: 35439K(36160K)->35439K(36160K) NonClass: 26229K(26752K)->26229K(26752K) Class: 9210K(9408K)->9210K(9408K)
[550.853s][info][gc             ] GC(1513) Pause Young (Allocation Failure) 568M->286M(589M) 1.314ms
[550.853s][info][gc,cpu         ] GC(1513) User=0.00s Sys=0.00s Real=0.00s
[550.971s][info][gc,start       ] GC(1514) Pause Young (Allocation Failure)
[550.972s][info][gc,heap        ] GC(1514) PSYoungGen: 288832K(309248K)->64K(312320K) Eden: 288768K(288768K)->0K(292864K) From: 64K(20480K)->64K(19456K)
[550.972s][info][gc,heap        ] GC(1514) ParOldGen: 293678K(293888K)->293686K(293888K)
[550.972s][info][gc,metaspace   ] GC(1514) Metaspace: 35439K(36160K)->35439K(36160K) NonClass: 26229K(26752K)->26229K(26752K) Class: 9210K(9408K)->9210K(9408K)
[550.972s][info][gc             ] GC(1514) Pause Young (Allocation Failure) 568M->286M(592M) 1.104ms
[550.972s][info][gc,cpu         ] GC(1514) User=0.00s Sys=0.00s Real=0.00s
[551.026s][info][gc,start       ] GC(1515) Pause Young (Allocation Failure)
[551.027s][info][gc,heap        ] GC(1515) PSYoungGen: 292928K(312320K)->64K(311296K) Eden: 292864K(292864K)->0K(292864K) From: 64K(19456K)->64K(18432K)
[551.027s][info][gc,heap        ] GC(1515) ParOldGen: 293686K(293888K)->293702K(293888K)
[551.027s][info][gc,metaspace   ] GC(1515) Metaspace: 35439K(36160K)->35439K(36160K) NonClass: 26229K(26752K)->26229K(26752K) Class: 9210K(9408K)->9210K(9408K)
[551.027s][info][gc             ] GC(1515) Pause Young (Allocation Failure) 572M->286M(591M) 1.038ms
[551.027s][info][gc,cpu         ] GC(1515) User=0.00s Sys=0.00s Real=0.00s
[551.206s][info][gc,start       ] GC(1516) Pause Young (Allocation Failure)
[551.207s][info][gc,heap        ] GC(1516) PSYoungGen: 292928K(311296K)->64K(313856K) Eden: 292864K(292864K)->0K(296448K) From: 64K(18432K)->64K(17408K)
[551.207s][info][gc,heap        ] GC(1516) ParOldGen: 293702K(293888K)->293702K(293888K)
[551.207s][info][gc,metaspace   ] GC(1516) Metaspace: 35439K(36160K)->35439K(36160K) NonClass: 26229K(26752K)->26229K(26752K) Class: 9210K(9408K)->9210K(9408K)
[551.207s][info][gc             ] GC(1516) Pause Young (Allocation Failure) 572M->286M(593M) 1.045ms
[551.207s][info][gc,cpu         ] GC(1516) User=0.00s Sys=0.00s Real=0.00s
[551.511s][info][gc,start       ] GC(1517) Pause Young (Allocation Failure)
[551.512s][info][gc,heap        ] GC(1517) PSYoungGen: 296512K(313856K)->64K(313344K) Eden: 296448K(296448K)->0K(296448K) From: 64K(17408K)->64K(16896K)
[551.512s][info][gc,heap        ] GC(1517) ParOldGen: 293702K(293888K)->293710K(293888K)
[551.512s][info][gc,metaspace   ] GC(1517) Metaspace: 35439K(36160K)->35439K(36160K) NonClass: 26229K(26752K)->26229K(26752K) Class: 9210K(9408K)->9210K(9408K)
[551.512s][info][gc             ] GC(1517) Pause Young (Allocation Failure) 576M->286M(593M) 1.131ms
[551.512s][info][gc,cpu         ] GC(1517) User=0.01s Sys=0.00s Real=0.00s
[551.664s][info][gc,start       ] GC(1518) Pause Young (Allocation Failure)
[551.665s][info][gc,heap        ] GC(1518) PSYoungGen: 296512K(313344K)->64K(315904K) Eden: 296448K(296448K)->0K(300544K) From: 64K(16896K)->64K(15360K)
[551.665s][info][gc,heap        ] GC(1518) ParOldGen: 293710K(293888K)->293718K(293888K)
[551.665s][info][gc,metaspace   ] GC(1518) Metaspace: 35439K(36160K)->35439K(36160K) NonClass: 26229K(26752K)->26229K(26752K) Class: 9210K(9408K)->9210K(9408K)
[551.665s][info][gc             ] GC(1518) Pause Young (Allocation Failure) 576M->286M(595M) 1.102ms
[551.665s][info][gc,cpu         ] GC(1518) User=0.00s Sys=0.00s Real=0.00s
[551.762s][info][gc,start       ] GC(1519) Pause Young (Allocation Failure)
[551.764s][info][gc,heap        ] GC(1519) PSYoungGen: 300608K(315904K)->64K(315392K) Eden: 300544K(300544K)->0K(300544K) From: 64K(15360K)->64K(14848K)
[551.764s][info][gc,heap        ] GC(1519) ParOldGen: 293718K(293888K)->293726K(293888K)
[551.764s][info][gc,metaspace   ] GC(1519) Metaspace: 35439K(36160K)->35439K(36160K) NonClass: 26229K(26752K)->26229K(26752K) Class: 9210K(9408K)->9210K(9408K)
[551.764s][info][gc             ] GC(1519) Pause Young (Allocation Failure) 580M->286M(595M) 1.129ms
[551.764s][info][gc,cpu         ] GC(1519) User=0.00s Sys=0.00s Real=0.00s
[551.952s][info][gc,start       ] GC(1520) Pause Young (Allocation Failure)
[551.953s][info][gc,heap        ] GC(1520) PSYoungGen: 300608K(315392K)->64K(289280K) Eden: 300544K(300544K)->0K(288768K) From: 64K(14848K)->64K(512K)
[551.953s][info][gc,heap        ] GC(1520) ParOldGen: 293726K(293888K)->293734K(293888K)
[551.954s][info][gc,metaspace   ] GC(1520) Metaspace: 35439K(36160K)->35439K(36160K) NonClass: 26229K(26752K)->26229K(26752K) Class: 9210K(9408K)->9210K(9408K)
[551.954s][info][gc             ] GC(1520) Pause Young (Allocation Failure) 580M->286M(569M) 1.063ms
[551.954s][info][gc,cpu         ] GC(1520) User=0.00s Sys=0.00s Real=0.00s
[552.828s][info][gc,start       ] GC(1521) Pause Young (Allocation Failure)
[552.830s][info][gc,heap        ] GC(1521) PSYoungGen: 288832K(289280K)->83K(290304K) Eden: 288768K(288768K)->0K(277504K) From: 64K(512K)->83K(12800K)
[552.830s][info][gc,heap        ] GC(1521) ParOldGen: 293734K(293888K)->293742K(293888K)
[552.830s][info][gc,metaspace   ] GC(1521) Metaspace: 35439K(36160K)->35439K(36160K) NonClass: 26229K(26752K)->26229K(26752K) Class: 9210K(9408K)->9210K(9408K)
[552.830s][info][gc             ] GC(1521) Pause Young (Allocation Failure) 568M->286M(570M) 1.118ms
[552.830s][info][gc,cpu         ] GC(1521) User=0.00s Sys=0.00s Real=0.01s
[553.662s][info][gc,start       ] GC(1522) Pause Young (Allocation Failure)
[553.663s][info][gc,heap        ] GC(1522) PSYoungGen: 277587K(290304K)->64K(267264K) Eden: 277504K(277504K)->0K(266752K) From: 83K(12800K)->64K(512K)
[553.663s][info][gc,heap        ] GC(1522) ParOldGen: 293742K(293888K)->293750K(293888K)
[553.663s][info][gc,metaspace   ] GC(1522) Metaspace: 35439K(36160K)->35439K(36160K) NonClass: 26229K(26752K)->26229K(26752K) Class: 9210K(9408K)->9210K(9408K)
[553.663s][info][gc             ] GC(1522) Pause Young (Allocation Failure) 557M->286M(548M) 1.222ms
[553.663s][info][gc,cpu         ] GC(1522) User=0.00s Sys=0.00s Real=0.00s
[554.028s][info][gc,start       ] GC(1523) Pause Young (Allocation Failure)
[554.030s][info][gc,heap        ] GC(1523) PSYoungGen: 266816K(267264K)->64K(267776K) Eden: 266752K(266752K)->0K(256512K) From: 64K(512K)->64K(11264K)
[554.030s][info][gc,heap        ] GC(1523) ParOldGen: 293750K(293888K)->293758K(293888K)
[554.030s][info][gc,metaspace   ] GC(1523) Metaspace: 35439K(36160K)->35439K(36160K) NonClass: 26229K(26752K)->26229K(26752K) Class: 9210K(9408K)->9210K(9408K)
[554.030s][info][gc             ] GC(1523) Pause Young (Allocation Failure) 547M->286M(548M) 1.498ms
[554.030s][info][gc,cpu         ] GC(1523) User=0.00s Sys=0.01s Real=0.01s
[555.079s][info][gc,start       ] GC(1524) Pause Young (Allocation Failure)
[555.080s][info][gc,heap        ] GC(1524) PSYoungGen: 256576K(267776K)->64K(247296K) Eden: 256512K(256512K)->0K(246784K) From: 64K(11264K)->64K(512K)
[555.080s][info][gc,heap        ] GC(1524) ParOldGen: 293758K(293888K)->293766K(293888K)
[555.080s][info][gc,metaspace   ] GC(1524) Metaspace: 35439K(36160K)->35439K(36160K) NonClass: 26229K(26752K)->26229K(26752K) Class: 9210K(9408K)->9210K(9408K)
[555.080s][info][gc             ] GC(1524) Pause Young (Allocation Failure) 537M->286M(528M) 1.494ms
[555.080s][info][gc,cpu         ] GC(1524) User=0.00s Sys=0.00s Real=0.00s
[555.304s][info][gc,start       ] GC(1525) Pause Young (Allocation Failure)
[555.305s][info][gc,heap        ] GC(1525) PSYoungGen: 246848K(247296K)->64K(247296K) Eden: 246784K(246784K)->0K(237568K) From: 64K(512K)->64K(9728K)
[555.305s][info][gc,heap        ] GC(1525) ParOldGen: 293766K(293888K)->293774K(293888K)
[555.305s][info][gc,metaspace   ] GC(1525) Metaspace: 35439K(36160K)->35439K(36160K) NonClass: 26229K(26752K)->26229K(26752K) Class: 9210K(9408K)->9210K(9408K)
[555.305s][info][gc             ] GC(1525) Pause Young (Allocation Failure) 527M->286M(528M) 1.036ms
[555.305s][info][gc,cpu         ] GC(1525) User=0.00s Sys=0.00s Real=0.00s
[555.657s][info][gc,start       ] GC(1526) Pause Young (Allocation Failure)
[555.659s][info][gc,heap        ] GC(1526) PSYoungGen: 237632K(247296K)->64K(229376K) Eden: 237568K(237568K)->0K(228864K) From: 64K(9728K)->64K(512K)
[555.659s][info][gc,heap        ] GC(1526) ParOldGen: 293774K(293888K)->293782K(293888K)
[555.659s][info][gc,metaspace   ] GC(1526) Metaspace: 35439K(36160K)->35439K(36160K) NonClass: 26229K(26752K)->26229K(26752K) Class: 9210K(9408K)->9210K(9408K)
[555.659s][info][gc             ] GC(1526) Pause Young (Allocation Failure) 518M->286M(511M) 1.683ms
[555.659s][info][gc,cpu         ] GC(1526) User=0.00s Sys=0.00s Real=0.01s
[555.713s][info][gc,start       ] GC(1527) Pause Young (Allocation Failure)
[555.714s][info][gc,heap        ] GC(1527) PSYoungGen: 228928K(229376K)->64K(228864K) Eden: 228864K(228864K)->0K(220160K) From: 64K(512K)->64K(8704K)
[555.714s][info][gc,heap        ] GC(1527) ParOldGen: 293782K(293888K)->293798K(293888K)
[555.714s][info][gc,metaspace   ] GC(1527) Metaspace: 35439K(36160K)->35439K(36160K) NonClass: 26229K(26752K)->26229K(26752K) Class: 9210K(9408K)->9210K(9408K)
[555.714s][info][gc             ] GC(1527) Pause Young (Allocation Failure) 510M->286M(510M) 0.928ms
[555.714s][info][gc,cpu         ] GC(1527) User=0.01s Sys=0.00s Real=0.00s
[556.120s][info][gc,start       ] GC(1528) Pause Young (Allocation Failure)
[556.122s][info][gc,heap        ] GC(1528) PSYoungGen: 220224K(228864K)->64K(212480K) Eden: 220160K(220160K)->0K(211968K) From: 64K(8704K)->64K(512K)
[556.122s][info][gc,heap        ] GC(1528) ParOldGen: 293798K(293888K)->293798K(293888K)
[556.122s][info][gc,metaspace   ] GC(1528) Metaspace: 35439K(36160K)->35439K(36160K) NonClass: 26229K(26752K)->26229K(26752K) Class: 9210K(9408K)->9210K(9408K)
[556.122s][info][gc             ] GC(1528) Pause Young (Allocation Failure) 501M->286M(494M) 1.682ms
[556.122s][info][gc,cpu         ] GC(1528) User=0.00s Sys=0.00s Real=0.00s
[556.396s][info][gc,start       ] GC(1529) Pause Young (Allocation Failure)
[556.397s][info][gc,heap        ] GC(1529) PSYoungGen: 212032K(212480K)->32K(211968K) Eden: 211968K(211968K)->0K(204288K) From: 64K(512K)->32K(7680K)
[556.397s][info][gc,heap        ] GC(1529) ParOldGen: 293798K(293888K)->293814K(293888K)
[556.397s][info][gc,metaspace   ] GC(1529) Metaspace: 35439K(36160K)->35439K(36160K) NonClass: 26229K(26752K)->26229K(26752K) Class: 9210K(9408K)->9210K(9408K)
[556.397s][info][gc             ] GC(1529) Pause Young (Allocation Failure) 493M->286M(494M) 1.494ms
[556.397s][info][gc,cpu         ] GC(1529) User=0.01s Sys=0.00s Real=0.00s
[556.721s][info][gc,start       ] GC(1530) Pause Young (Allocation Failure)
[556.727s][info][gc,heap        ] GC(1530) PSYoungGen: 204320K(211968K)->1280K(198656K) Eden: 204288K(204288K)->0K(197120K) From: 32K(7680K)->1280K(1536K)
[556.727s][info][gc,heap        ] GC(1530) ParOldGen: 293814K(293888K)->293822K(293888K)
[556.727s][info][gc,metaspace   ] GC(1530) Metaspace: 35439K(36160K)->35439K(36160K) NonClass: 26229K(26752K)->26229K(26752K) Class: 9210K(9408K)->9210K(9408K)
[556.727s][info][gc             ] GC(1530) Pause Young (Allocation Failure) 486M->288M(481M) 5.285ms
[556.727s][info][gc,cpu         ] GC(1530) User=0.00s Sys=0.00s Real=0.00s
[556.984s][info][gc,start       ] GC(1531) Pause Young (Allocation Failure)
[557.026s][info][gc,heap        ] GC(1531) PSYoungGen: 198400K(198656K)->6656K(242688K) Eden: 197120K(197120K)->0K(236032K) From: 1280K(1536K)->6656K(6656K)
[557.026s][info][gc,heap        ] GC(1531) ParOldGen: 293822K(293888K)->309638K(309760K)
[557.026s][info][gc,metaspace   ] GC(1531) Metaspace: 35439K(36160K)->35439K(36160K) NonClass: 26229K(26752K)->26229K(26752K) Class: 9210K(9408K)->9210K(9408K)
[557.026s][info][gc             ] GC(1531) Pause Young (Allocation Failure) 480M->308M(539M) 42.188ms
[557.026s][info][gc,cpu         ] GC(1531) User=0.07s Sys=0.01s Real=0.04s
[557.335s][info][gc,start       ] GC(1532) Pause Young (Allocation Failure)
[557.391s][info][gc,heap        ] GC(1532) PSYoungGen: 242688K(242688K)->5632K(250880K) Eden: 236032K(236032K)->0K(245248K) From: 6656K(6656K)->5632K(5632K)
[557.391s][info][gc,heap        ] GC(1532) ParOldGen: 309638K(309760K)->331342K(331776K)
[557.391s][info][gc,metaspace   ] GC(1532) Metaspace: 35439K(36160K)->35439K(36160K) NonClass: 26229K(26752K)->26229K(26752K) Class: 9210K(9408K)->9210K(9408K)
[557.391s][info][gc             ] GC(1532) Pause Young (Allocation Failure) 539M->329M(569M) 56.338ms
[557.392s][info][gc,cpu         ] GC(1532) User=0.10s Sys=0.01s Real=0.06s
[557.565s][info][gc,start       ] GC(1533) Pause Young (Allocation Failure)
[557.588s][info][gc,heap        ] GC(1533) PSYoungGen: 250880K(250880K)->12064K(267264K) Eden: 245248K(245248K)->0K(245248K) From: 5632K(5632K)->12064K(22016K)
[557.588s][info][gc,heap        ] GC(1533) ParOldGen: 331342K(331776K)->331918K(332288K)
[557.588s][info][gc,metaspace   ] GC(1533) Metaspace: 35439K(36160K)->35439K(36160K) NonClass: 26229K(26752K)->26229K(26752K) Class: 9210K(9408K)->9210K(9408K)
[557.588s][info][gc             ] GC(1533) Pause Young (Allocation Failure) 568M->335M(585M) 23.476ms
[557.588s][info][gc,cpu         ] GC(1533) User=0.05s Sys=0.00s Real=0.02s
[557.842s][info][gc,start       ] GC(1534) Pause Young (Allocation Failure)
[557.843s][info][gc,heap        ] GC(1534) PSYoungGen: 257312K(267264K)->64K(310784K) Eden: 245248K(245248K)->0K(288768K) From: 12064K(22016K)->64K(22016K)
[557.844s][info][gc,heap        ] GC(1534) ParOldGen: 331918K(332288K)->331926K(332288K)
[557.844s][info][gc,metaspace   ] GC(1534) Metaspace: 35439K(36160K)->35439K(36160K) NonClass: 26229K(26752K)->26229K(26752K) Class: 9210K(9408K)->9210K(9408K)
[557.844s][info][gc             ] GC(1534) Pause Young (Allocation Failure) 575M->324M(628M) 1.322ms
[557.844s][info][gc,cpu         ] GC(1534) User=0.01s Sys=0.00s Real=0.00s
[558.509s][info][gc,start       ] GC(1535) Pause Young (Allocation Failure)
[558.510s][info][gc,heap        ] GC(1535) PSYoungGen: 288832K(310784K)->64K(310784K) Eden: 288768K(288768K)->0K(288768K) From: 64K(22016K)->64K(22016K)
[558.510s][info][gc,heap        ] GC(1535) ParOldGen: 331926K(332288K)->331934K(332288K)
[558.510s][info][gc,metaspace   ] GC(1535) Metaspace: 35441K(36160K)->35441K(36160K) NonClass: 26231K(26752K)->26231K(26752K) Class: 9210K(9408K)->9210K(9408K)
[558.510s][info][gc             ] GC(1535) Pause Young (Allocation Failure) 606M->324M(628M) 1.240ms
[558.510s][info][gc,cpu         ] GC(1535) User=0.00s Sys=0.00s Real=0.00s
[558.974s][info][gc,start       ] GC(1536) Pause Young (Allocation Failure)
[558.975s][info][gc,heap        ] GC(1536) PSYoungGen: 288832K(310784K)->64K(310272K) Eden: 288768K(288768K)->0K(290304K) From: 64K(22016K)->64K(19968K)
[558.975s][info][gc,heap        ] GC(1536) ParOldGen: 331934K(332288K)->331950K(332288K)
[558.975s][info][gc,metaspace   ] GC(1536) Metaspace: 35441K(36160K)->35441K(36160K) NonClass: 26231K(26752K)->26231K(26752K) Class: 9210K(9408K)->9210K(9408K)
[558.975s][info][gc             ] GC(1536) Pause Young (Allocation Failure) 606M->324M(627M) 1.292ms
[558.975s][info][gc,cpu         ] GC(1536) User=0.00s Sys=0.00s Real=0.00s
[559.217s][info][gc,start       ] GC(1537) Pause Young (Allocation Failure)
[559.219s][info][gc,heap        ] GC(1537) PSYoungGen: 290368K(310272K)->64K(310784K) Eden: 290304K(290304K)->0K(290304K) From: 64K(19968K)->64K(20480K)
[559.219s][info][gc,heap        ] GC(1537) ParOldGen: 331950K(332288K)->331966K(332288K)
[559.219s][info][gc,metaspace   ] GC(1537) Metaspace: 35441K(36160K)->35441K(36160K) NonClass: 26231K(26752K)->26231K(26752K) Class: 9210K(9408K)->9210K(9408K)
[559.219s][info][gc             ] GC(1537) Pause Young (Allocation Failure) 607M->324M(628M) 1.276ms
[559.219s][info][gc,cpu         ] GC(1537) User=0.01s Sys=0.00s Real=0.01s
[559.457s][info][gc,start       ] GC(1538) Pause Young (Allocation Failure)
[559.458s][info][gc,heap        ] GC(1538) PSYoungGen: 290368K(310784K)->64K(311296K) Eden: 290304K(290304K)->0K(293376K) From: 64K(20480K)->64K(17920K)
[559.458s][info][gc,heap        ] GC(1538) ParOldGen: 331966K(332288K)->331966K(332288K)
[559.458s][info][gc,metaspace   ] GC(1538) Metaspace: 35441K(36160K)->35441K(36160K) NonClass: 26231K(26752K)->26231K(26752K) Class: 9210K(9408K)->9210K(9408K)
[559.458s][info][gc             ] GC(1538) Pause Young (Allocation Failure) 607M->324M(628M) 1.148ms
[559.458s][info][gc,cpu         ] GC(1538) User=0.00s Sys=0.00s Real=0.00s
[559.778s][info][gc,start       ] GC(1539) Pause Young (Allocation Failure)
[559.779s][info][gc,heap        ] GC(1539) PSYoungGen: 293440K(311296K)->64K(312320K) Eden: 293376K(293376K)->0K(293376K) From: 64K(17920K)->64K(18944K)
[559.779s][info][gc,heap        ] GC(1539) ParOldGen: 331966K(332288K)->331966K(332288K)
[559.779s][info][gc,metaspace   ] GC(1539) Metaspace: 35441K(36160K)->35441K(36160K) NonClass: 26231K(26752K)->26231K(26752K) Class: 9210K(9408K)->9210K(9408K)
[559.779s][info][gc             ] GC(1539) Pause Young (Allocation Failure) 610M->324M(629M) 1.234ms
[559.779s][info][gc,cpu         ] GC(1539) User=0.00s Sys=0.00s Real=0.01s
[559.832s][info][gc,start       ] GC(1540) Pause Young (Allocation Failure)
[559.833s][info][gc,heap        ] GC(1540) PSYoungGen: 293440K(312320K)->64K(312832K) Eden: 293376K(293376K)->0K(296960K) From: 64K(18944K)->64K(15872K)
[559.833s][info][gc,heap        ] GC(1540) ParOldGen: 331966K(332288K)->331982K(332288K)
[559.833s][info][gc,metaspace   ] GC(1540) Metaspace: 35441K(36160K)->35441K(36160K) NonClass: 26231K(26752K)->26231K(26752K) Class: 9210K(9408K)->9210K(9408K)
[559.833s][info][gc             ] GC(1540) Pause Young (Allocation Failure) 610M->324M(630M) 1.284ms
[559.833s][info][gc,cpu         ] GC(1540) User=0.01s Sys=0.00s Real=0.00s
[559.905s][info][gc,start       ] GC(1541) Pause Young (Allocation Failure)
[559.906s][info][gc,heap        ] GC(1541) PSYoungGen: 297024K(312832K)->64K(313856K) Eden: 296960K(296960K)->0K(296960K) From: 64K(15872K)->64K(16896K)
[559.906s][info][gc,heap        ] GC(1541) ParOldGen: 331982K(332288K)->331982K(332288K)
[559.906s][info][gc,metaspace   ] GC(1541) Metaspace: 35441K(36160K)->35441K(36160K) NonClass: 26231K(26752K)->26231K(26752K) Class: 9210K(9408K)->9210K(9408K)
[559.906s][info][gc             ] GC(1541) Pause Young (Allocation Failure) 614M->324M(631M) 1.196ms
[559.906s][info][gc,cpu         ] GC(1541) User=0.00s Sys=0.00s Real=0.00s
[560.222s][info][gc,start       ] GC(1542) Pause Young (Allocation Failure)
[560.223s][info][gc,heap        ] GC(1542) PSYoungGen: 297024K(313856K)->64K(314368K) Eden: 296960K(296960K)->0K(300544K) From: 64K(16896K)->64K(13824K)
[560.223s][info][gc,heap        ] GC(1542) ParOldGen: 331982K(332288K)->331998K(332288K)
[560.223s][info][gc,metaspace   ] GC(1542) Metaspace: 35441K(36160K)->35441K(36160K) NonClass: 26231K(26752K)->26231K(26752K) Class: 9210K(9408K)->9210K(9408K)
[560.223s][info][gc             ] GC(1542) Pause Young (Allocation Failure) 614M->324M(631M) 1.161ms
[560.223s][info][gc,cpu         ] GC(1542) User=0.00s Sys=0.00s Real=0.00s
[560.462s][info][gc,start       ] GC(1543) Pause Young (Allocation Failure)
[560.463s][info][gc,heap        ] GC(1543) PSYoungGen: 300608K(314368K)->64K(315904K) Eden: 300544K(300544K)->0K(300544K) From: 64K(13824K)->64K(15360K)
[560.463s][info][gc,heap        ] GC(1543) ParOldGen: 331998K(332288K)->331998K(332288K)
[560.463s][info][gc,metaspace   ] GC(1543) Metaspace: 35441K(36160K)->35441K(36160K) NonClass: 26231K(26752K)->26231K(26752K) Class: 9210K(9408K)->9210K(9408K)
[560.463s][info][gc             ] GC(1543) Pause Young (Allocation Failure) 617M->324M(633M) 1.296ms
[560.463s][info][gc,cpu         ] GC(1543) User=0.00s Sys=0.00s Real=0.00s
[560.547s][info][gc,start       ] GC(1544) Pause Young (Allocation Failure)
[560.548s][info][gc,heap        ] GC(1544) PSYoungGen: 300608K(315904K)->64K(315904K) Eden: 300544K(300544K)->0K(304128K) From: 64K(15360K)->64K(11776K)
[560.548s][info][gc,heap        ] GC(1544) ParOldGen: 331998K(332288K)->332014K(332288K)
[560.548s][info][gc,metaspace   ] GC(1544) Metaspace: 35441K(36160K)->35441K(36160K) NonClass: 26231K(26752K)->26231K(26752K) Class: 9210K(9408K)->9210K(9408K)
[560.548s][info][gc             ] GC(1544) Pause Young (Allocation Failure) 617M->324M(633M) 1.206ms
[560.548s][info][gc,cpu         ] GC(1544) User=0.01s Sys=0.00s Real=0.00s
[560.711s][info][gc,start       ] GC(1545) Pause Young (Allocation Failure)
[560.712s][info][gc,heap        ] GC(1545) PSYoungGen: 304192K(315904K)->64K(317440K) Eden: 304128K(304128K)->0K(304128K) From: 64K(11776K)->64K(13312K)
[560.712s][info][gc,heap        ] GC(1545) ParOldGen: 332014K(332288K)->332014K(332288K)
[560.712s][info][gc,metaspace   ] GC(1545) Metaspace: 35441K(36160K)->35441K(36160K) NonClass: 26231K(26752K)->26231K(26752K) Class: 9210K(9408K)->9210K(9408K)
[560.712s][info][gc             ] GC(1545) Pause Young (Allocation Failure) 621M->324M(634M) 1.617ms
[560.712s][info][gc,cpu         ] GC(1545) User=0.00s Sys=0.00s Real=0.00s
[561.642s][info][gc,start       ] GC(1546) Pause Young (Allocation Failure)
[561.643s][info][gc,heap        ] GC(1546) PSYoungGen: 304187K(317440K)->64K(292352K) Eden: 304123K(304128K)->0K(291840K) From: 64K(13312K)->64K(512K)
[561.643s][info][gc,heap        ] GC(1546) ParOldGen: 332014K(332288K)->332022K(332288K)
[561.643s][info][gc,metaspace   ] GC(1546) Metaspace: 35441K(36160K)->35441K(36160K) NonClass: 26231K(26752K)->26231K(26752K) Class: 9210K(9408K)->9210K(9408K)
[561.643s][info][gc             ] GC(1546) Pause Young (Allocation Failure) 621M->324M(610M) 1.204ms
[561.643s][info][gc,cpu         ] GC(1546) User=0.00s Sys=0.00s Real=0.00s
[562.452s][info][gc,start       ] GC(1547) Pause Young (Allocation Failure)
[562.453s][info][gc,heap        ] GC(1547) PSYoungGen: 291904K(292352K)->64K(291840K) Eden: 291840K(291840K)->0K(280064K) From: 64K(512K)->64K(11776K)
[562.453s][info][gc,heap        ] GC(1547) ParOldGen: 332022K(332288K)->332030K(332288K)
[562.453s][info][gc,metaspace   ] GC(1547) Metaspace: 35441K(36160K)->35441K(36160K) NonClass: 26231K(26752K)->26231K(26752K) Class: 9210K(9408K)->9210K(9408K)
[562.453s][info][gc             ] GC(1547) Pause Young (Allocation Failure) 609M->324M(609M) 1.172ms
[562.453s][info][gc,cpu         ] GC(1547) User=0.00s Sys=0.00s Real=0.00s
[562.714s][info][gc,start       ] GC(1548) Pause Young (Allocation Failure)
[562.715s][info][gc,heap        ] GC(1548) PSYoungGen: 280128K(291840K)->64K(269824K) Eden: 280064K(280064K)->0K(269312K) From: 64K(11776K)->64K(512K)
[562.716s][info][gc,heap        ] GC(1548) ParOldGen: 332030K(332288K)->332038K(332288K)
[562.716s][info][gc,metaspace   ] GC(1548) Metaspace: 35441K(36160K)->35441K(36160K) NonClass: 26231K(26752K)->26231K(26752K) Class: 9210K(9408K)->9210K(9408K)
[562.716s][info][gc             ] GC(1548) Pause Young (Allocation Failure) 597M->324M(588M) 1.228ms
[562.716s][info][gc,cpu         ] GC(1548) User=0.01s Sys=0.00s Real=0.00s
[563.175s][info][gc,start       ] GC(1549) Pause Young (Allocation Failure)
[563.176s][info][gc,heap        ] GC(1549) PSYoungGen: 269376K(269824K)->64K(269312K) Eden: 269312K(269312K)->0K(259072K) From: 64K(512K)->64K(10240K)
[563.176s][info][gc,heap        ] GC(1549) ParOldGen: 332038K(332288K)->332046K(332288K)
[563.176s][info][gc,metaspace   ] GC(1549) Metaspace: 35441K(36160K)->35441K(36160K) NonClass: 26231K(26752K)->26231K(26752K) Class: 9210K(9408K)->9210K(9408K)
[563.176s][info][gc             ] GC(1549) Pause Young (Allocation Failure) 587M->324M(587M) 1.129ms
[563.176s][info][gc,cpu         ] GC(1549) User=0.01s Sys=0.00s Real=0.00s
[564.094s][info][gc,start       ] GC(1550) Pause Young (Allocation Failure)
[564.096s][info][gc,heap        ] GC(1550) PSYoungGen: 259136K(269312K)->64K(249856K) Eden: 259072K(259072K)->0K(249344K) From: 64K(10240K)->64K(512K)
[564.096s][info][gc,heap        ] GC(1550) ParOldGen: 332046K(332288K)->332054K(332288K)
[564.096s][info][gc,metaspace   ] GC(1550) Metaspace: 35441K(36160K)->35441K(36160K) NonClass: 26231K(26752K)->26231K(26752K) Class: 9210K(9408K)->9210K(9408K)
[564.096s][info][gc             ] GC(1550) Pause Young (Allocation Failure) 577M->324M(568M) 2.416ms
[564.096s][info][gc,cpu         ] GC(1550) User=0.00s Sys=0.00s Real=0.00s
[564.445s][info][gc,start       ] GC(1551) Pause Young (Allocation Failure)
[564.447s][info][gc,heap        ] GC(1551) PSYoungGen: 249408K(249856K)->32K(248832K) Eden: 249344K(249344K)->0K(239616K) From: 64K(512K)->32K(9216K)
[564.447s][info][gc,heap        ] GC(1551) ParOldGen: 332054K(332288K)->332062K(332288K)
[564.447s][info][gc,metaspace   ] GC(1551) Metaspace: 35441K(36160K)->35441K(36160K) NonClass: 26231K(26752K)->26231K(26752K) Class: 9210K(9408K)->9210K(9408K)
[564.447s][info][gc             ] GC(1551) Pause Young (Allocation Failure) 567M->324M(567M) 1.662ms
[564.447s][info][gc,cpu         ] GC(1551) User=0.00s Sys=0.00s Real=0.00s
[564.538s][info][gc,start       ] GC(1552) Pause Young (Allocation Failure)
[564.539s][info][gc,heap        ] GC(1552) PSYoungGen: 239648K(248832K)->64K(230912K) Eden: 239616K(239616K)->0K(230400K) From: 32K(9216K)->64K(512K)
[564.539s][info][gc,heap        ] GC(1552) ParOldGen: 332062K(332288K)->332070K(332288K)
[564.540s][info][gc,metaspace   ] GC(1552) Metaspace: 35441K(36160K)->35441K(36160K) NonClass: 26231K(26752K)->26231K(26752K) Class: 9210K(9408K)->9210K(9408K)
[564.540s][info][gc             ] GC(1552) Pause Young (Allocation Failure) 558M->324M(550M) 1.658ms
[564.540s][info][gc,cpu         ] GC(1552) User=0.00s Sys=0.00s Real=0.01s
[564.913s][info][gc,start       ] GC(1553) Pause Young (Allocation Failure)
[564.915s][info][gc,heap        ] GC(1553) PSYoungGen: 230464K(230912K)->64K(229888K) Eden: 230400K(230400K)->0K(221696K) From: 64K(512K)->64K(8192K)
[564.915s][info][gc,heap        ] GC(1553) ParOldGen: 332070K(332288K)->332078K(332288K)
[564.915s][info][gc,metaspace   ] GC(1553) Metaspace: 35441K(36160K)->35441K(36160K) NonClass: 26231K(26752K)->26231K(26752K) Class: 9210K(9408K)->9210K(9408K)
[564.915s][info][gc             ] GC(1553) Pause Young (Allocation Failure) 549M->324M(549M) 1.135ms
[564.915s][info][gc,cpu         ] GC(1553) User=0.00s Sys=0.00s Real=0.00s
[565.228s][info][gc,start       ] GC(1554) Pause Young (Allocation Failure)
[565.229s][info][gc,heap        ] GC(1554) PSYoungGen: 221760K(229888K)->64K(214016K) Eden: 221696K(221696K)->0K(213504K) From: 64K(8192K)->64K(512K)
[565.229s][info][gc,heap        ] GC(1554) ParOldGen: 332078K(332288K)->332086K(332288K)
[565.229s][info][gc,metaspace   ] GC(1554) Metaspace: 35441K(36160K)->35441K(36160K) NonClass: 26231K(26752K)->26231K(26752K) Class: 9210K(9408K)->9210K(9408K)
[565.229s][info][gc             ] GC(1554) Pause Young (Allocation Failure) 540M->324M(533M) 1.573ms
[565.229s][info][gc,cpu         ] GC(1554) User=0.00s Sys=0.00s Real=0.01s
[565.568s][info][gc,start       ] GC(1555) Pause Young (Allocation Failure)
[565.571s][info][gc,heap        ] GC(1555) PSYoungGen: 213568K(214016K)->1664K(212480K) Eden: 213504K(213504K)->0K(205824K) From: 64K(512K)->1664K(6656K)
[565.572s][info][gc,heap        ] GC(1555) ParOldGen: 332086K(332288K)->332094K(332288K)
[565.572s][info][gc,metaspace   ] GC(1555) Metaspace: 35441K(36160K)->35441K(36160K) NonClass: 26231K(26752K)->26231K(26752K) Class: 9210K(9408K)->9210K(9408K)
[565.572s][info][gc             ] GC(1555) Pause Young (Allocation Failure) 532M->325M(532M) 3.950ms
[565.572s][info][gc,cpu         ] GC(1555) User=0.01s Sys=0.00s Real=0.01s
[565.843s][info][gc,start       ] GC(1556) Pause Young (Allocation Failure)
[565.889s][info][gc,heap        ] GC(1556) PSYoungGen: 207488K(212480K)->6656K(252928K) Eden: 205824K(205824K)->0K(246272K) From: 1664K(6656K)->6656K(6656K)
[565.889s][info][gc,heap        ] GC(1556) ParOldGen: 332094K(332288K)->348902K(349184K)
[565.889s][info][gc,metaspace   ] GC(1556) Metaspace: 35441K(36160K)->35441K(36160K) NonClass: 26231K(26752K)->26231K(26752K) Class: 9210K(9408K)->9210K(9408K)
[565.889s][info][gc             ] GC(1556) Pause Young (Allocation Failure) 526M->347M(588M) 46.009ms
[565.889s][info][gc,cpu         ] GC(1556) User=0.08s Sys=0.01s Real=0.05s
[566.213s][info][gc,start       ] GC(1557) Pause Young (Allocation Failure)
[566.267s][info][gc,heap        ] GC(1557) PSYoungGen: 252928K(252928K)->14336K(272384K) Eden: 246272K(246272K)->0K(258048K) From: 6656K(6656K)->14336K(14336K)
[566.267s][info][gc,heap        ] GC(1557) ParOldGen: 348902K(349184K)->363078K(363520K)
[566.267s][info][gc,metaspace   ] GC(1557) Metaspace: 35441K(36160K)->35441K(36160K) NonClass: 26231K(26752K)->26231K(26752K) Class: 9210K(9408K)->9210K(9408K)
[566.267s][info][gc             ] GC(1557) Pause Young (Allocation Failure) 587M->368M(621M) 53.810ms
[566.267s][info][gc,cpu         ] GC(1557) User=0.10s Sys=0.01s Real=0.05s
[566.420s][info][gc,start       ] GC(1558) Pause Young (Allocation Failure)
[566.443s][info][gc,heap        ] GC(1558) PSYoungGen: 272384K(272384K)->9472K(311296K) Eden: 258048K(258048K)->0K(288768K) From: 14336K(14336K)->9472K(22528K)
[566.443s][info][gc,heap        ] GC(1558) ParOldGen: 363078K(363520K)->363462K(363520K)
[566.443s][info][gc,metaspace   ] GC(1558) Metaspace: 35441K(36160K)->35441K(36160K) NonClass: 26231K(26752K)->26231K(26752K) Class: 9210K(9408K)->9210K(9408K)
[566.443s][info][gc             ] GC(1558) Pause Young (Allocation Failure) 620M->364M(659M) 22.985ms
[566.443s][info][gc,cpu         ] GC(1558) User=0.04s Sys=0.01s Real=0.02s
[566.880s][info][gc,start       ] GC(1559) Pause Young (Allocation Failure)
[566.882s][info][gc,heap        ] GC(1559) PSYoungGen: 298240K(311296K)->64K(289280K) Eden: 288768K(288768K)->0K(288768K) From: 9472K(22528K)->64K(512K)
[566.882s][info][gc,heap        ] GC(1559) ParOldGen: 363462K(363520K)->363470K(363520K)
[566.882s][info][gc,metaspace   ] GC(1559) Metaspace: 35441K(36160K)->35441K(36160K) NonClass: 26231K(26752K)->26231K(26752K) Class: 9210K(9408K)->9210K(9408K)
[566.882s][info][gc             ] GC(1559) Pause Young (Allocation Failure) 646M->355M(637M) 1.357ms
[566.882s][info][gc,cpu         ] GC(1559) User=0.00s Sys=0.00s Real=0.00s
[567.434s][info][gc,start       ] GC(1560) Pause Young (Allocation Failure)
[567.435s][info][gc,heap        ] GC(1560) PSYoungGen: 288832K(289280K)->64K(311808K) Eden: 288768K(288768K)->0K(289792K) From: 64K(512K)->64K(22016K)
[567.435s][info][gc,heap        ] GC(1560) ParOldGen: 363470K(363520K)->363478K(363520K)
[567.435s][info][gc,metaspace   ] GC(1560) Metaspace: 35442K(36160K)->35442K(36160K) NonClass: 26232K(26752K)->26232K(26752K) Class: 9210K(9408K)->9210K(9408K)
[567.435s][info][gc             ] GC(1560) Pause Young (Allocation Failure) 637M->355M(659M) 1.260ms
[567.435s][info][gc,cpu         ] GC(1560) User=0.00s Sys=0.00s Real=0.00s
[567.869s][info][gc,start       ] GC(1561) Pause Young (Allocation Failure)
[567.870s][info][gc,heap        ] GC(1561) PSYoungGen: 289856K(311808K)->64K(310784K) Eden: 289792K(289792K)->0K(289792K) From: 64K(22016K)->64K(20992K)
[567.870s][info][gc,heap        ] GC(1561) ParOldGen: 363478K(363520K)->363494K(363520K)
[567.870s][info][gc,metaspace   ] GC(1561) Metaspace: 35442K(36160K)->35442K(36160K) NonClass: 26232K(26752K)->26232K(26752K) Class: 9210K(9408K)->9210K(9408K)
[567.870s][info][gc             ] GC(1561) Pause Young (Allocation Failure) 638M->355M(658M) 1.371ms
[567.870s][info][gc,cpu         ] GC(1561) User=0.00s Sys=0.00s Real=0.00s
[568.109s][info][gc,start       ] GC(1562) Pause Young (Allocation Failure)
[568.110s][info][gc,heap        ] GC(1562) PSYoungGen: 289856K(310784K)->64K(311808K) Eden: 289792K(289792K)->0K(291840K) From: 64K(20992K)->64K(19968K)
[568.110s][info][gc,heap        ] GC(1562) ParOldGen: 363494K(363520K)->363510K(363520K)
[568.110s][info][gc,metaspace   ] GC(1562) Metaspace: 35442K(36160K)->35442K(36160K) NonClass: 26232K(26752K)->26232K(26752K) Class: 9210K(9408K)->9210K(9408K)
[568.110s][info][gc             ] GC(1562) Pause Young (Allocation Failure) 638M->355M(659M) 1.188ms
[568.110s][info][gc,cpu         ] GC(1562) User=0.00s Sys=0.00s Real=0.00s
[568.452s][info][gc,start       ] GC(1563) Pause Young (Allocation Failure)
[568.453s][info][gc,heap        ] GC(1563) PSYoungGen: 291904K(311808K)->64K(311296K) Eden: 291840K(291840K)->0K(291840K) From: 64K(19968K)->64K(19456K)
[568.453s][info][gc,heap        ] GC(1563) ParOldGen: 363510K(363520K)->363510K(363520K)
[568.453s][info][gc,metaspace   ] GC(1563) Metaspace: 35442K(36160K)->35442K(36160K) NonClass: 26232K(26752K)->26232K(26752K) Class: 9210K(9408K)->9210K(9408K)
[568.454s][info][gc             ] GC(1563) Pause Young (Allocation Failure) 640M->355M(659M) 1.199ms
[568.454s][info][gc,cpu         ] GC(1563) User=0.00s Sys=0.00s Real=0.00s
[568.615s][info][gc,start       ] GC(1564) Pause Young (Allocation Failure)
[568.616s][info][gc,heap        ] GC(1564) PSYoungGen: 291904K(311296K)->64K(313344K) Eden: 291840K(291840K)->0K(294912K) From: 64K(19456K)->64K(18432K)
[568.616s][info][gc,heap        ] GC(1564) ParOldGen: 363510K(363520K)->363518K(363520K)
[568.616s][info][gc,metaspace   ] GC(1564) Metaspace: 35442K(36160K)->35442K(36160K) NonClass: 26232K(26752K)->26232K(26752K) Class: 9210K(9408K)->9210K(9408K)
[568.616s][info][gc             ] GC(1564) Pause Young (Allocation Failure) 640M->355M(661M) 1.153ms
[568.616s][info][gc,cpu         ] GC(1564) User=0.00s Sys=0.00s Real=0.00s
[568.669s][info][gc,start       ] GC(1565) Pause Young (Allocation Failure)
[568.670s][info][gc,heap        ] GC(1565) PSYoungGen: 294976K(313344K)->32K(312832K) Eden: 294912K(294912K)->0K(294912K) From: 64K(18432K)->32K(17920K)
[568.670s][info][gc,heap        ] GC(1565) ParOldGen: 363518K(363520K)->363534K(364032K)
[568.670s][info][gc,metaspace   ] GC(1565) Metaspace: 35442K(36160K)->35442K(36160K) NonClass: 26232K(26752K)->26232K(26752K) Class: 9210K(9408K)->9210K(9408K)
[568.670s][info][gc             ] GC(1565) Pause Young (Allocation Failure) 643M->355M(661M) 1.163ms
[568.670s][info][gc,cpu         ] GC(1565) User=0.01s Sys=0.00s Real=0.00s
[568.808s][info][gc,start       ] GC(1566) Pause Young (Allocation Failure)
[568.809s][info][gc,heap        ] GC(1566) PSYoungGen: 294944K(312832K)->64K(314880K) Eden: 294912K(294912K)->0K(298496K) From: 32K(17920K)->64K(16384K)
[568.809s][info][gc,heap        ] GC(1566) ParOldGen: 363534K(364032K)->363534K(364032K)
[568.809s][info][gc,metaspace   ] GC(1566) Metaspace: 35442K(36160K)->35442K(36160K) NonClass: 26232K(26752K)->26232K(26752K) Class: 9210K(9408K)->9210K(9408K)
[568.809s][info][gc             ] GC(1566) Pause Young (Allocation Failure) 643M->355M(663M) 1.265ms
[568.809s][info][gc,cpu         ] GC(1566) User=0.01s Sys=0.00s Real=0.01s
[569.130s][info][gc,start       ] GC(1567) Pause Young (Allocation Failure)
[569.132s][info][gc,heap        ] GC(1567) PSYoungGen: 298560K(314880K)->64K(314368K) Eden: 298496K(298496K)->0K(298496K) From: 64K(16384K)->64K(15872K)
[569.132s][info][gc,heap        ] GC(1567) ParOldGen: 363534K(364032K)->363542K(364032K)
[569.132s][info][gc,metaspace   ] GC(1567) Metaspace: 35442K(36160K)->35442K(36160K) NonClass: 26232K(26752K)->26232K(26752K) Class: 9210K(9408K)->9210K(9408K)
[569.132s][info][gc             ] GC(1567) Pause Young (Allocation Failure) 646M->355M(662M) 1.399ms
[569.132s][info][gc,cpu         ] GC(1567) User=0.00s Sys=0.00s Real=0.00s
[569.302s][info][gc,start       ] GC(1568) Pause Young (Allocation Failure)
[569.303s][info][gc,heap        ] GC(1568) PSYoungGen: 298560K(314368K)->64K(316928K) Eden: 298496K(298496K)->0K(302592K) From: 64K(15872K)->64K(14336K)
[569.303s][info][gc,heap        ] GC(1568) ParOldGen: 363542K(364032K)->363550K(364032K)
[569.303s][info][gc,metaspace   ] GC(1568) Metaspace: 35442K(36160K)->35442K(36160K) NonClass: 26232K(26752K)->26232K(26752K) Class: 9210K(9408K)->9210K(9408K)
[569.303s][info][gc             ] GC(1568) Pause Young (Allocation Failure) 646M->355M(665M) 1.317ms
[569.303s][info][gc,cpu         ] GC(1568) User=0.01s Sys=0.00s Real=0.00s
[569.390s][info][gc,start       ] GC(1569) Pause Young (Allocation Failure)
[569.392s][info][gc,heap        ] GC(1569) PSYoungGen: 302656K(316928K)->64K(316928K) Eden: 302592K(302592K)->0K(302592K) From: 64K(14336K)->64K(14336K)
[569.392s][info][gc,heap        ] GC(1569) ParOldGen: 363550K(364032K)->363566K(364032K)
[569.392s][info][gc,metaspace   ] GC(1569) Metaspace: 35442K(36160K)->35442K(36160K) NonClass: 26232K(26752K)->26232K(26752K) Class: 9210K(9408K)->9210K(9408K)
[569.392s][info][gc             ] GC(1569) Pause Young (Allocation Failure) 650M->355M(665M) 1.408ms
[569.392s][info][gc,cpu         ] GC(1569) User=0.00s Sys=0.00s Real=0.00s
[569.580s][info][gc,start       ] GC(1570) Pause Young (Allocation Failure)
[569.581s][info][gc,heap        ] GC(1570) PSYoungGen: 302656K(316928K)->64K(318976K) Eden: 302592K(302592K)->0K(305664K) From: 64K(14336K)->64K(13312K)
[569.581s][info][gc,heap        ] GC(1570) ParOldGen: 363566K(364032K)->363566K(364032K)
[569.581s][info][gc,metaspace   ] GC(1570) Metaspace: 35442K(36160K)->35442K(36160K) NonClass: 26232K(26752K)->26232K(26752K) Class: 9210K(9408K)->9210K(9408K)
[569.581s][info][gc             ] GC(1570) Pause Young (Allocation Failure) 650M->355M(667M) 1.225ms
[569.581s][info][gc,cpu         ] GC(1570) User=0.00s Sys=0.00s Real=0.00s
[570.479s][info][gc,start       ] GC(1571) Pause Young (Allocation Failure)
[570.480s][info][gc,heap        ] GC(1571) PSYoungGen: 305728K(318976K)->83K(293888K) Eden: 305664K(305664K)->0K(293376K) From: 64K(13312K)->83K(512K)
[570.480s][info][gc,heap        ] GC(1571) ParOldGen: 363566K(364032K)->363574K(364032K)
[570.480s][info][gc,metaspace   ] GC(1571) Metaspace: 35442K(36160K)->35442K(36160K) NonClass: 26232K(26752K)->26232K(26752K) Class: 9210K(9408K)->9210K(9408K)
[570.480s][info][gc             ] GC(1571) Pause Young (Allocation Failure) 653M->355M(642M) 1.439ms
[570.480s][info][gc,cpu         ] GC(1571) User=0.00s Sys=0.00s Real=0.00s
[571.316s][info][gc,start       ] GC(1572) Pause Young (Allocation Failure)
[571.317s][info][gc,heap        ] GC(1572) PSYoungGen: 293459K(293888K)->64K(282112K) Eden: 293376K(293376K)->0K(281600K) From: 83K(512K)->64K(512K)
[571.317s][info][gc,heap        ] GC(1572) ParOldGen: 363574K(364032K)->363582K(364032K)
[571.317s][info][gc,metaspace   ] GC(1572) Metaspace: 35442K(36160K)->35442K(36160K) NonClass: 26232K(26752K)->26232K(26752K) Class: 9210K(9408K)->9210K(9408K)
[571.317s][info][gc             ] GC(1572) Pause Young (Allocation Failure) 641M->355M(631M) 1.715ms
[571.317s][info][gc,cpu         ] GC(1572) User=0.01s Sys=0.00s Real=0.00s
[571.714s][info][gc,start       ] GC(1573) Pause Young (Allocation Failure)
[571.716s][info][gc,heap        ] GC(1573) PSYoungGen: 281664K(282112K)->64K(281600K) Eden: 281600K(281600K)->0K(270336K) From: 64K(512K)->64K(11264K)
[571.716s][info][gc,heap        ] GC(1573) ParOldGen: 363582K(364032K)->363590K(364032K)
[571.716s][info][gc,metaspace   ] GC(1573) Metaspace: 35442K(36160K)->35442K(36160K) NonClass: 26232K(26752K)->26232K(26752K) Class: 9210K(9408K)->9210K(9408K)
[571.716s][info][gc             ] GC(1573) Pause Young (Allocation Failure) 630M->355M(630M) 2.329ms
[571.716s][info][gc,cpu         ] GC(1573) User=0.00s Sys=0.00s Real=0.00s
[572.759s][info][gc,start       ] GC(1574) Pause Young (Allocation Failure)
[572.763s][info][gc,heap        ] GC(1574) PSYoungGen: 270400K(281600K)->64K(260608K) Eden: 270336K(270336K)->0K(260096K) From: 64K(11264K)->64K(512K)
[572.763s][info][gc,heap        ] GC(1574) ParOldGen: 363590K(364032K)->363598K(364032K)
[572.763s][info][gc,metaspace   ] GC(1574) Metaspace: 35442K(36160K)->35442K(36160K) NonClass: 26232K(26752K)->26232K(26752K) Class: 9210K(9408K)->9210K(9408K)
[572.763s][info][gc             ] GC(1574) Pause Young (Allocation Failure) 619M->355M(610M) 3.139ms
[572.763s][info][gc,cpu         ] GC(1574) User=0.01s Sys=0.00s Real=0.00s
[573.147s][info][gc,start       ] GC(1575) Pause Young (Allocation Failure)
[573.150s][info][gc,heap        ] GC(1575) PSYoungGen: 260160K(260608K)->64K(259584K) Eden: 260096K(260096K)->0K(249856K) From: 64K(512K)->64K(9728K)
[573.150s][info][gc,heap        ] GC(1575) ParOldGen: 363598K(364032K)->363606K(364032K)
[573.150s][info][gc,metaspace   ] GC(1575) Metaspace: 35442K(36160K)->35442K(36160K) NonClass: 26232K(26752K)->26232K(26752K) Class: 9210K(9408K)->9210K(9408K)
[573.150s][info][gc             ] GC(1575) Pause Young (Allocation Failure) 609M->355M(609M) 2.258ms
[573.150s][info][gc,cpu         ] GC(1575) User=0.00s Sys=0.00s Real=0.01s
[573.335s][info][gc,start       ] GC(1576) Pause Young (Allocation Failure)
[573.338s][info][gc,heap        ] GC(1576) PSYoungGen: 249920K(259584K)->64K(240640K) Eden: 249856K(249856K)->0K(240128K) From: 64K(9728K)->64K(512K)
[573.338s][info][gc,heap        ] GC(1576) ParOldGen: 363606K(364032K)->363622K(364032K)
[573.338s][info][gc,metaspace   ] GC(1576) Metaspace: 35442K(36160K)->35442K(36160K) NonClass: 26232K(26752K)->26232K(26752K) Class: 9210K(9408K)->9210K(9408K)
[573.338s][info][gc             ] GC(1576) Pause Young (Allocation Failure) 599M->355M(590M) 2.624ms
[573.338s][info][gc,cpu         ] GC(1576) User=0.00s Sys=0.00s Real=0.00s
[573.423s][info][gc,start       ] GC(1577) Pause Young (Allocation Failure)
[573.424s][info][gc,heap        ] GC(1577) PSYoungGen: 240192K(240640K)->32K(280576K) Eden: 240128K(240128K)->0K(271872K) From: 64K(512K)->32K(8704K)
[573.424s][info][gc,heap        ] GC(1577) ParOldGen: 363622K(364032K)->363630K(364032K)
[573.424s][info][gc,metaspace   ] GC(1577) Metaspace: 35442K(36160K)->35442K(36160K) NonClass: 26232K(26752K)->26232K(26752K) Class: 9210K(9408K)->9210K(9408K)
[573.424s][info][gc             ] GC(1577) Pause Young (Allocation Failure) 589M->355M(629M) 1.658ms
[573.424s][info][gc,cpu         ] GC(1577) User=0.00s Sys=0.00s Real=0.00s
[574.033s][info][gc,start       ] GC(1578) Pause Young (Allocation Failure)
[574.035s][info][gc,heap        ] GC(1578) PSYoungGen: 271904K(280576K)->64K(261632K) Eden: 271872K(271872K)->0K(261120K) From: 32K(8704K)->64K(512K)
[574.035s][info][gc,heap        ] GC(1578) ParOldGen: 363630K(364032K)->363646K(364032K)
[574.035s][info][gc,metaspace   ] GC(1578) Metaspace: 35442K(36160K)->35442K(36160K) NonClass: 26232K(26752K)->26232K(26752K) Class: 9210K(9408K)->9210K(9408K)
[574.035s][info][gc             ] GC(1578) Pause Young (Allocation Failure) 620M->355M(611M) 2.123ms
[574.035s][info][gc,cpu         ] GC(1578) User=0.00s Sys=0.00s Real=0.00s
[574.303s][info][gc,start       ] GC(1579) Pause Young (Allocation Failure)
[574.304s][info][gc,heap        ] GC(1579) PSYoungGen: 261184K(261632K)->64K(258048K) Eden: 261120K(261120K)->0K(250880K) From: 64K(512K)->64K(7168K)
[574.304s][info][gc,heap        ] GC(1579) ParOldGen: 363646K(364032K)->363662K(364032K)
[574.304s][info][gc,metaspace   ] GC(1579) Metaspace: 35442K(36160K)->35442K(36160K) NonClass: 26232K(26752K)->26232K(26752K) Class: 9210K(9408K)->9210K(9408K)
[574.304s][info][gc             ] GC(1579) Pause Young (Allocation Failure) 610M->355M(607M) 1.915ms
[574.304s][info][gc,cpu         ] GC(1579) User=0.00s Sys=0.00s Real=0.00s
[574.660s][info][gc,start       ] GC(1580) Pause Young (Allocation Failure)
[574.712s][info][gc,heap        ] GC(1580) PSYoungGen: 250944K(258048K)->6656K(276480K) Eden: 250880K(250880K)->0K(269824K) From: 64K(7168K)->6656K(6656K)
[574.712s][info][gc,heap        ] GC(1580) ParOldGen: 363662K(364032K)->382030K(382464K)
[574.712s][info][gc,metaspace   ] GC(1580) Metaspace: 35442K(36160K)->35442K(36160K) NonClass: 26232K(26752K)->26232K(26752K) Class: 9210K(9408K)->9210K(9408K)
[574.712s][info][gc             ] GC(1580) Pause Young (Allocation Failure) 600M->379M(643M) 52.380ms
[574.712s][info][gc,cpu         ] GC(1580) User=0.09s Sys=0.02s Real=0.05s
[575.064s][info][gc,start       ] GC(1581) Pause Young (Allocation Failure)
[575.123s][info][gc,heap        ] GC(1581) PSYoungGen: 276480K(276480K)->15360K(285184K) Eden: 269824K(269824K)->0K(269824K) From: 6656K(6656K)->15360K(15360K)
[575.123s][info][gc,heap        ] GC(1581) ParOldGen: 382030K(382464K)->397910K(398336K)
[575.123s][info][gc,metaspace   ] GC(1581) Metaspace: 35442K(36160K)->35442K(36160K) NonClass: 26232K(26752K)->26232K(26752K) Class: 9210K(9408K)->9210K(9408K)
[575.123s][info][gc             ] GC(1581) Pause Young (Allocation Failure) 643M->403M(667M) 59.155ms
[575.123s][info][gc,cpu         ] GC(1581) User=0.10s Sys=0.01s Real=0.06s
[575.252s][info][gc,start       ] GC(1582) Pause Young (Allocation Failure)
[575.270s][info][gc,heap        ] GC(1582) PSYoungGen: 285184K(285184K)->6912K(310784K) Eden: 269824K(269824K)->0K(286208K) From: 15360K(15360K)->6912K(24576K)
[575.271s][info][gc,heap        ] GC(1582) ParOldGen: 397910K(398336K)->398334K(398336K)
[575.271s][info][gc,metaspace   ] GC(1582) Metaspace: 35442K(36160K)->35442K(36160K) NonClass: 26232K(26752K)->26232K(26752K) Class: 9210K(9408K)->9210K(9408K)
[575.271s][info][gc             ] GC(1582) Pause Young (Allocation Failure) 667M->395M(692M) 18.397ms
[575.271s][info][gc,cpu         ] GC(1582) User=0.03s Sys=0.01s Real=0.02s
[575.774s][info][gc,start       ] GC(1583) Pause Young (Allocation Failure)
[575.775s][info][gc,heap        ] GC(1583) PSYoungGen: 293120K(310784K)->64K(286720K) Eden: 286208K(286208K)->0K(286208K) From: 6912K(24576K)->64K(512K)
[575.775s][info][gc,heap        ] GC(1583) ParOldGen: 398334K(398336K)->398350K(398848K)
[575.775s][info][gc,metaspace   ] GC(1583) Metaspace: 35442K(36160K)->35442K(36160K) NonClass: 26232K(26752K)->26232K(26752K) Class: 9210K(9408K)->9210K(9408K)
[575.775s][info][gc             ] GC(1583) Pause Young (Allocation Failure) 675M->389M(669M) 1.501ms
[575.775s][info][gc,cpu         ] GC(1583) User=0.00s Sys=0.00s Real=0.00s
[576.267s][info][gc,start       ] GC(1584) Pause Young (Allocation Failure)
[576.269s][info][gc,heap        ] GC(1584) PSYoungGen: 286272K(286720K)->64K(309760K) Eden: 286208K(286208K)->0K(287232K) From: 64K(512K)->64K(22528K)
[576.269s][info][gc,heap        ] GC(1584) ParOldGen: 398350K(398848K)->398358K(398848K)
[576.269s][info][gc,metaspace   ] GC(1584) Metaspace: 35442K(36160K)->35442K(36160K) NonClass: 26232K(26752K)->26232K(26752K) Class: 9210K(9408K)->9210K(9408K)
[576.269s][info][gc             ] GC(1584) Pause Young (Allocation Failure) 668M->389M(692M) 1.472ms
[576.269s][info][gc,cpu         ] GC(1584) User=0.00s Sys=0.00s Real=0.01s
[576.701s][info][gc,start       ] GC(1585) Pause Young (Allocation Failure)
[576.702s][info][gc,heap        ] GC(1585) PSYoungGen: 287296K(309760K)->64K(308736K) Eden: 287232K(287232K)->0K(287232K) From: 64K(22528K)->64K(21504K)
[576.702s][info][gc,heap        ] GC(1585) ParOldGen: 398358K(398848K)->398374K(398848K)
[576.702s][info][gc,metaspace   ] GC(1585) Metaspace: 35442K(36160K)->35442K(36160K) NonClass: 26232K(26752K)->26232K(26752K) Class: 9210K(9408K)->9210K(9408K)
[576.702s][info][gc             ] GC(1585) Pause Young (Allocation Failure) 669M->389M(691M) 1.364ms
[576.702s][info][gc,cpu         ] GC(1585) User=0.01s Sys=0.00s Real=0.00s
[576.938s][info][gc,start       ] GC(1586) Pause Young (Allocation Failure)
[576.939s][info][gc,heap        ] GC(1586) PSYoungGen: 287296K(308736K)->64K(311296K) Eden: 287232K(287232K)->0K(290816K) From: 64K(21504K)->64K(20480K)
[576.939s][info][gc,heap        ] GC(1586) ParOldGen: 398374K(398848K)->398390K(398848K)
[576.939s][info][gc,metaspace   ] GC(1586) Metaspace: 35442K(36160K)->35442K(36160K) NonClass: 26232K(26752K)->26232K(26752K) Class: 9210K(9408K)->9210K(9408K)
[576.939s][info][gc             ] GC(1586) Pause Young (Allocation Failure) 669M->389M(693M) 1.309ms
[576.939s][info][gc,cpu         ] GC(1586) User=0.00s Sys=0.00s Real=0.01s
[577.283s][info][gc,start       ] GC(1587) Pause Young (Allocation Failure)
[577.284s][info][gc,heap        ] GC(1587) PSYoungGen: 290880K(311296K)->64K(310784K) Eden: 290816K(290816K)->0K(290816K) From: 64K(20480K)->64K(19968K)
[577.284s][info][gc,heap        ] GC(1587) ParOldGen: 398390K(398848K)->398390K(398848K)
[577.284s][info][gc,metaspace   ] GC(1587) Metaspace: 35442K(36160K)->35442K(36160K) NonClass: 26232K(26752K)->26232K(26752K) Class: 9210K(9408K)->9210K(9408K)
[577.284s][info][gc             ] GC(1587) Pause Young (Allocation Failure) 673M->389M(693M) 1.282ms
[577.284s][info][gc,cpu         ] GC(1587) User=0.00s Sys=0.00s Real=0.00s
[577.428s][info][gc,start       ] GC(1588) Pause Young (Allocation Failure)
[577.429s][info][gc,heap        ] GC(1588) PSYoungGen: 290880K(310784K)->64K(312832K) Eden: 290816K(290816K)->0K(294400K) From: 64K(19968K)->64K(18432K)
[577.429s][info][gc,heap        ] GC(1588) ParOldGen: 398390K(398848K)->398398K(398848K)
[577.429s][info][gc,metaspace   ] GC(1588) Metaspace: 35442K(36160K)->35442K(36160K) NonClass: 26232K(26752K)->26232K(26752K) Class: 9210K(9408K)->9210K(9408K)
[577.429s][info][gc             ] GC(1588) Pause Young (Allocation Failure) 673M->389M(695M) 1.308ms
[577.429s][info][gc,cpu         ] GC(1588) User=0.00s Sys=0.00s Real=0.01s
[577.482s][info][gc,start       ] GC(1589) Pause Young (Allocation Failure)
[577.483s][info][gc,heap        ] GC(1589) PSYoungGen: 294464K(312832K)->64K(312320K) Eden: 294400K(294400K)->0K(294400K) From: 64K(18432K)->64K(17920K)
[577.483s][info][gc,heap        ] GC(1589) ParOldGen: 398398K(398848K)->398414K(398848K)
[577.483s][info][gc,metaspace   ] GC(1589) Metaspace: 35442K(36160K)->35442K(36160K) NonClass: 26232K(26752K)->26232K(26752K) Class: 9210K(9408K)->9210K(9408K)
[577.483s][info][gc             ] GC(1589) Pause Young (Allocation Failure) 676M->389M(694M) 1.219ms
[577.483s][info][gc,cpu         ] GC(1589) User=0.01s Sys=0.00s Real=0.00s
[577.639s][info][gc,start       ] GC(1590) Pause Young (Allocation Failure)
[577.640s][info][gc,heap        ] GC(1590) PSYoungGen: 294464K(312320K)->64K(314880K) Eden: 294400K(294400K)->0K(298496K) From: 64K(17920K)->64K(16384K)
[577.640s][info][gc,heap        ] GC(1590) ParOldGen: 398414K(398848K)->398414K(398848K)
[577.640s][info][gc,metaspace   ] GC(1590) Metaspace: 35442K(36160K)->35442K(36160K) NonClass: 26232K(26752K)->26232K(26752K) Class: 9210K(9408K)->9210K(9408K)
[577.640s][info][gc             ] GC(1590) Pause Young (Allocation Failure) 676M->389M(697M) 1.212ms
[577.640s][info][gc,cpu         ] GC(1590) User=0.00s Sys=0.00s Real=0.00s
[577.954s][info][gc,start       ] GC(1591) Pause Young (Allocation Failure)
[577.955s][info][gc,heap        ] GC(1591) PSYoungGen: 298560K(314880K)->64K(314880K) Eden: 298496K(298496K)->0K(298496K) From: 64K(16384K)->64K(16384K)
[577.955s][info][gc,heap        ] GC(1591) ParOldGen: 398414K(398848K)->398422K(398848K)
[577.955s][info][gc,metaspace   ] GC(1591) Metaspace: 35442K(36160K)->35442K(36160K) NonClass: 26232K(26752K)->26232K(26752K) Class: 9210K(9408K)->9210K(9408K)
[577.955s][info][gc             ] GC(1591) Pause Young (Allocation Failure) 680M->389M(697M) 1.305ms
[577.955s][info][gc,cpu         ] GC(1591) User=0.01s Sys=0.00s Real=0.00s
[578.116s][info][gc,start       ] GC(1592) Pause Young (Allocation Failure)
[578.117s][info][gc,heap        ] GC(1592) PSYoungGen: 298560K(314880K)->64K(316416K) Eden: 298496K(298496K)->0K(302080K) From: 64K(16384K)->64K(14336K)
[578.117s][info][gc,heap        ] GC(1592) ParOldGen: 398422K(398848K)->398430K(398848K)
[578.117s][info][gc,metaspace   ] GC(1592) Metaspace: 35442K(36160K)->35442K(36160K) NonClass: 26232K(26752K)->26232K(26752K) Class: 9210K(9408K)->9210K(9408K)
[578.117s][info][gc             ] GC(1592) Pause Young (Allocation Failure) 680M->389M(698M) 1.327ms
[578.118s][info][gc,cpu         ] GC(1592) User=0.00s Sys=0.00s Real=0.00s
[578.208s][info][gc,start       ] GC(1593) Pause Young (Allocation Failure)
[578.209s][info][gc,heap        ] GC(1593) PSYoungGen: 302144K(316416K)->64K(316416K) Eden: 302080K(302080K)->0K(302080K) From: 64K(14336K)->64K(14336K)
[578.209s][info][gc,heap        ] GC(1593) ParOldGen: 398430K(398848K)->398438K(398848K)
[578.209s][info][gc,metaspace   ] GC(1593) Metaspace: 35442K(36160K)->35442K(36160K) NonClass: 26232K(26752K)->26232K(26752K) Class: 9210K(9408K)->9210K(9408K)
[578.209s][info][gc             ] GC(1593) Pause Young (Allocation Failure) 684M->389M(698M) 1.320ms
[578.209s][info][gc,cpu         ] GC(1593) User=0.00s Sys=0.00s Real=0.01s
[578.398s][info][gc,start       ] GC(1594) Pause Young (Allocation Failure)
[578.399s][info][gc,heap        ] GC(1594) PSYoungGen: 302144K(316416K)->64K(317952K) Eden: 302080K(302080K)->0K(305664K) From: 64K(14336K)->64K(12288K)
[578.399s][info][gc,heap        ] GC(1594) ParOldGen: 398438K(398848K)->398446K(398848K)
[578.399s][info][gc,metaspace   ] GC(1594) Metaspace: 35442K(36160K)->35442K(36160K) NonClass: 26232K(26752K)->26232K(26752K) Class: 9210K(9408K)->9210K(9408K)
[578.399s][info][gc             ] GC(1594) Pause Young (Allocation Failure) 684M->389M(700M) 1.281ms
[578.399s][info][gc,cpu         ] GC(1594) User=0.00s Sys=0.00s Real=0.01s
[579.284s][info][gc,start       ] GC(1595) Pause Young (Allocation Failure)
[579.285s][info][gc,heap        ] GC(1595) PSYoungGen: 305728K(317952K)->83K(293888K) Eden: 305664K(305664K)->0K(293376K) From: 64K(12288K)->83K(512K)
[579.285s][info][gc,heap        ] GC(1595) ParOldGen: 398446K(398848K)->398454K(398848K)
[579.285s][info][gc,metaspace   ] GC(1595) Metaspace: 35442K(36160K)->35442K(36160K) NonClass: 26232K(26752K)->26232K(26752K) Class: 9210K(9408K)->9210K(9408K)
[579.285s][info][gc             ] GC(1595) Pause Young (Allocation Failure) 687M->389M(676M) 1.417ms
[579.285s][info][gc,cpu         ] GC(1595) User=0.00s Sys=0.00s Real=0.00s
[580.137s][info][gc,start       ] GC(1596) Pause Young (Allocation Failure)
[580.139s][info][gc,heap        ] GC(1596) PSYoungGen: 293459K(293888K)->64K(282112K) Eden: 293376K(293376K)->0K(281600K) From: 83K(512K)->64K(512K)
[580.139s][info][gc,heap        ] GC(1596) ParOldGen: 398454K(398848K)->398462K(398848K)
[580.139s][info][gc,metaspace   ] GC(1596) Metaspace: 35442K(36160K)->35442K(36160K) NonClass: 26232K(26752K)->26232K(26752K) Class: 9210K(9408K)->9210K(9408K)
[580.139s][info][gc             ] GC(1596) Pause Young (Allocation Failure) 675M->389M(665M) 1.828ms
[580.139s][info][gc,cpu         ] GC(1596) User=0.00s Sys=0.00s Real=0.01s
[580.545s][info][gc,start       ] GC(1597) Pause Young (Allocation Failure)
[580.546s][info][gc,heap        ] GC(1597) PSYoungGen: 281664K(282112K)->64K(281600K) Eden: 281600K(281600K)->0K(270336K) From: 64K(512K)->64K(11264K)
[580.546s][info][gc,heap        ] GC(1597) ParOldGen: 398462K(398848K)->398470K(398848K)
[580.546s][info][gc,metaspace   ] GC(1597) Metaspace: 35442K(36160K)->35442K(36160K) NonClass: 26232K(26752K)->26232K(26752K) Class: 9210K(9408K)->9210K(9408K)
[580.546s][info][gc             ] GC(1597) Pause Young (Allocation Failure) 664M->389M(664M) 1.566ms
[580.546s][info][gc,cpu         ] GC(1597) User=0.00s Sys=0.00s Real=0.00s
[581.568s][info][gc,start       ] GC(1598) Pause Young (Allocation Failure)
[581.570s][info][gc,heap        ] GC(1598) PSYoungGen: 270400K(281600K)->64K(260608K) Eden: 270336K(270336K)->0K(260096K) From: 64K(11264K)->64K(512K)
[581.570s][info][gc,heap        ] GC(1598) ParOldGen: 398470K(398848K)->398478K(398848K)
[581.570s][info][gc,metaspace   ] GC(1598) Metaspace: 35442K(36160K)->35442K(36160K) NonClass: 26232K(26752K)->26232K(26752K) Class: 9210K(9408K)->9210K(9408K)
[581.570s][info][gc             ] GC(1598) Pause Young (Allocation Failure) 653M->389M(644M) 1.848ms
[581.570s][info][gc,cpu         ] GC(1598) User=0.00s Sys=0.00s Real=0.01s
[581.955s][info][gc,start       ] GC(1599) Pause Young (Allocation Failure)
[581.956s][info][gc,heap        ] GC(1599) PSYoungGen: 260160K(260608K)->64K(259584K) Eden: 260096K(260096K)->0K(249856K) From: 64K(512K)->64K(9728K)
[581.956s][info][gc,heap        ] GC(1599) ParOldGen: 398478K(398848K)->398486K(398848K)
[581.956s][info][gc,metaspace   ] GC(1599) Metaspace: 35442K(36160K)->35442K(36160K) NonClass: 26232K(26752K)->26232K(26752K) Class: 9210K(9408K)->9210K(9408K)
[581.956s][info][gc             ] GC(1599) Pause Young (Allocation Failure) 643M->389M(643M) 1.252ms
[581.956s][info][gc,cpu         ] GC(1599) User=0.01s Sys=0.00s Real=0.00s
[582.134s][info][gc,start       ] GC(1600) Pause Young (Allocation Failure)
[582.137s][info][gc,heap        ] GC(1600) PSYoungGen: 249920K(259584K)->64K(240640K) Eden: 249856K(249856K)->0K(240128K) From: 64K(9728K)->64K(512K)
[582.137s][info][gc,heap        ] GC(1600) ParOldGen: 398486K(398848K)->398494K(398848K)
[582.137s][info][gc,metaspace   ] GC(1600) Metaspace: 35442K(36160K)->35442K(36160K) NonClass: 26232K(26752K)->26232K(26752K) Class: 9210K(9408K)->9210K(9408K)
[582.137s][info][gc             ] GC(1600) Pause Young (Allocation Failure) 633M->389M(624M) 3.013ms
[582.137s][info][gc,cpu         ] GC(1600) User=0.00s Sys=0.00s Real=0.00s
[582.230s][info][gc,start       ] GC(1601) Pause Young (Allocation Failure)
[582.232s][info][gc,heap        ] GC(1601) PSYoungGen: 240192K(240640K)->64K(280576K) Eden: 240128K(240128K)->0K(271872K) From: 64K(512K)->64K(8704K)
[582.232s][info][gc,heap        ] GC(1601) ParOldGen: 398494K(398848K)->398502K(398848K)
[582.232s][info][gc,metaspace   ] GC(1601) Metaspace: 35442K(36160K)->35442K(36160K) NonClass: 26232K(26752K)->26232K(26752K) Class: 9210K(9408K)->9210K(9408K)
[582.232s][info][gc             ] GC(1601) Pause Young (Allocation Failure) 623M->389M(663M) 2.127ms
[582.232s][info][gc,cpu         ] GC(1601) User=0.00s Sys=0.00s Real=0.00s
[582.834s][info][gc,start       ] GC(1602) Pause Young (Allocation Failure)
[582.836s][info][gc,heap        ] GC(1602) PSYoungGen: 271936K(280576K)->64K(261632K) Eden: 271872K(271872K)->0K(261120K) From: 64K(8704K)->64K(512K)
[582.836s][info][gc,heap        ] GC(1602) ParOldGen: 398502K(398848K)->398510K(398848K)
[582.836s][info][gc,metaspace   ] GC(1602) Metaspace: 35442K(36160K)->35442K(36160K) NonClass: 26232K(26752K)->26232K(26752K) Class: 9210K(9408K)->9210K(9408K)
[582.836s][info][gc             ] GC(1602) Pause Young (Allocation Failure) 654M->389M(645M) 2.355ms
[582.836s][info][gc,cpu         ] GC(1602) User=0.00s Sys=0.00s Real=0.00s
[583.145s][info][gc,start       ] GC(1603) Pause Young (Allocation Failure)
[583.147s][info][gc,heap        ] GC(1603) PSYoungGen: 261184K(261632K)->64K(258560K) Eden: 261120K(261120K)->0K(250880K) From: 64K(512K)->64K(7680K)
[583.147s][info][gc,heap        ] GC(1603) ParOldGen: 398510K(398848K)->398518K(398848K)
[583.147s][info][gc,metaspace   ] GC(1603) Metaspace: 35442K(36160K)->35442K(36160K) NonClass: 26232K(26752K)->26232K(26752K) Class: 9210K(9408K)->9210K(9408K)
[583.147s][info][gc             ] GC(1603) Pause Young (Allocation Failure) 644M->389M(642M) 2.346ms
[583.147s][info][gc,cpu         ] GC(1603) User=0.00s Sys=0.00s Real=0.00s
[583.485s][info][gc,start       ] GC(1604) Pause Young (Allocation Failure)
[583.558s][info][gc,heap        ] GC(1604) PSYoungGen: 250944K(258560K)->7168K(275968K) Eden: 250880K(250880K)->0K(268800K) From: 64K(7680K)->7168K(7168K)
[583.558s][info][gc,heap        ] GC(1604) ParOldGen: 398518K(398848K)->418654K(418816K)
[583.558s][info][gc,metaspace   ] GC(1604) Metaspace: 35442K(36160K)->35442K(36160K) NonClass: 26232K(26752K)->26232K(26752K) Class: 9210K(9408K)->9210K(9408K)
[583.558s][info][gc             ] GC(1604) Pause Young (Allocation Failure) 634M->415M(678M) 73.116ms
[583.558s][info][gc,cpu         ] GC(1604) User=0.09s Sys=0.02s Real=0.07s
[583.908s][info][gc,start       ] GC(1605) Pause Young (Allocation Failure)
[583.971s][info][gc,heap        ] GC(1605) PSYoungGen: 275968K(275968K)->16384K(285184K) Eden: 268800K(268800K)->0K(268800K) From: 7168K(7168K)->16384K(16384K)
[583.971s][info][gc,heap        ] GC(1605) ParOldGen: 418654K(418816K)->433438K(433664K)
[583.971s][info][gc,metaspace   ] GC(1605) Metaspace: 35442K(36160K)->35442K(36160K) NonClass: 26232K(26752K)->26232K(26752K) Class: 9210K(9408K)->9210K(9408K)
[583.971s][info][gc             ] GC(1605) Pause Young (Allocation Failure) 678M->439M(702M) 62.579ms
[583.971s][info][gc,cpu         ] GC(1605) User=0.11s Sys=0.01s Real=0.07s
[584.081s][info][gc,start       ] GC(1606) Pause Young (Allocation Failure)
[584.095s][info][gc,heap        ] GC(1606) PSYoungGen: 285184K(285184K)->4736K(310272K) Eden: 268800K(268800K)->0K(285184K) From: 16384K(16384K)->4736K(25088K)
[584.096s][info][gc,heap        ] GC(1606) ParOldGen: 433438K(433664K)->433830K(434176K)
[584.096s][info][gc,metaspace   ] GC(1606) Metaspace: 35442K(36160K)->35442K(36160K) NonClass: 26232K(26752K)->26232K(26752K) Class: 9210K(9408K)->9210K(9408K)
[584.096s][info][gc             ] GC(1606) Pause Young (Allocation Failure) 701M->428M(727M) 14.577ms
[584.096s][info][gc,cpu         ] GC(1606) User=0.03s Sys=0.00s Real=0.01s
[584.640s][info][gc,start       ] GC(1607) Pause Young (Allocation Failure)
[584.641s][info][gc,heap        ] GC(1607) PSYoungGen: 289920K(310272K)->64K(285696K) Eden: 285184K(285184K)->0K(285184K) From: 4736K(25088K)->64K(512K)
[584.641s][info][gc,heap        ] GC(1607) ParOldGen: 433830K(434176K)->433838K(434176K)
[584.641s][info][gc,metaspace   ] GC(1607) Metaspace: 35442K(36160K)->35442K(36160K) NonClass: 26232K(26752K)->26232K(26752K) Class: 9210K(9408K)->9210K(9408K)
[584.641s][info][gc             ] GC(1607) Pause Young (Allocation Failure) 706M->423M(703M) 1.629ms
[584.641s][info][gc,cpu         ] GC(1607) User=0.00s Sys=0.00s Real=0.00s
[585.120s][info][gc,start       ] GC(1608) Pause Young (Allocation Failure)
[585.121s][info][gc,heap        ] GC(1608) PSYoungGen: 285248K(285696K)->64K(309248K) Eden: 285184K(285184K)->0K(286208K) From: 64K(512K)->64K(23040K)
[585.121s][info][gc,heap        ] GC(1608) ParOldGen: 433838K(434176K)->433846K(434176K)
[585.121s][info][gc,metaspace   ] GC(1608) Metaspace: 35442K(36160K)->35442K(36160K) NonClass: 26232K(26752K)->26232K(26752K) Class: 9210K(9408K)->9210K(9408K)
[585.121s][info][gc             ] GC(1608) Pause Young (Allocation Failure) 702M->423M(726M) 1.571ms
[585.121s][info][gc,cpu         ] GC(1608) User=0.00s Sys=0.00s Real=0.00s
[585.554s][info][gc,start       ] GC(1609) Pause Young (Allocation Failure)
[585.556s][info][gc,heap        ] GC(1609) PSYoungGen: 286272K(309248K)->64K(308224K) Eden: 286208K(286208K)->0K(286208K) From: 64K(23040K)->64K(22016K)
[585.556s][info][gc,heap        ] GC(1609) ParOldGen: 433846K(434176K)->433862K(434176K)
[585.556s][info][gc,metaspace   ] GC(1609) Metaspace: 35442K(36160K)->35442K(36160K) NonClass: 26232K(26752K)->26232K(26752K) Class: 9210K(9408K)->9210K(9408K)
[585.556s][info][gc             ] GC(1609) Pause Young (Allocation Failure) 703M->423M(725M) 1.577ms
[585.556s][info][gc,cpu         ] GC(1609) User=0.01s Sys=0.00s Real=0.00s
[585.790s][info][gc,start       ] GC(1610) Pause Young (Allocation Failure)
[585.791s][info][gc,heap        ] GC(1610) PSYoungGen: 286272K(308224K)->64K(310272K) Eden: 286208K(286208K)->0K(289280K) From: 64K(22016K)->64K(20992K)
[585.791s][info][gc,heap        ] GC(1610) ParOldGen: 433862K(434176K)->433878K(434176K)
[585.791s][info][gc,metaspace   ] GC(1610) Metaspace: 35442K(36160K)->35442K(36160K) NonClass: 26232K(26752K)->26232K(26752K) Class: 9210K(9408K)->9210K(9408K)
[585.792s][info][gc             ] GC(1610) Pause Young (Allocation Failure) 703M->423M(727M) 1.403ms
[585.792s][info][gc,cpu         ] GC(1610) User=0.00s Sys=0.00s Real=0.00s
[586.136s][info][gc,start       ] GC(1611) Pause Young (Allocation Failure)
[586.138s][info][gc,heap        ] GC(1611) PSYoungGen: 289344K(310272K)->64K(309760K) Eden: 289280K(289280K)->0K(289280K) From: 64K(20992K)->64K(20480K)
[586.138s][info][gc,heap        ] GC(1611) ParOldGen: 433878K(434176K)->433878K(434176K)
[586.138s][info][gc,metaspace   ] GC(1611) Metaspace: 35442K(36160K)->35442K(36160K) NonClass: 26232K(26752K)->26232K(26752K) Class: 9210K(9408K)->9210K(9408K)
[586.138s][info][gc             ] GC(1611) Pause Young (Allocation Failure) 706M->423M(726M) 2.582ms
[586.138s][info][gc,cpu         ] GC(1611) User=0.01s Sys=0.00s Real=0.00s
[586.270s][info][gc,start       ] GC(1612) Pause Young (Allocation Failure)
[586.272s][info][gc,heap        ] GC(1612) PSYoungGen: 289344K(309760K)->64K(312320K) Eden: 289280K(289280K)->0K(293376K) From: 64K(20480K)->64K(18944K)
[586.272s][info][gc,heap        ] GC(1612) ParOldGen: 433878K(434176K)->433886K(434176K)
[586.272s][info][gc,metaspace   ] GC(1612) Metaspace: 35442K(36160K)->35442K(36160K) NonClass: 26232K(26752K)->26232K(26752K) Class: 9210K(9408K)->9210K(9408K)
[586.272s][info][gc             ] GC(1612) Pause Young (Allocation Failure) 706M->423M(729M) 1.394ms
[586.272s][info][gc,cpu         ] GC(1612) User=0.00s Sys=0.00s Real=0.00s
[586.324s][info][gc,start       ] GC(1613) Pause Young (Allocation Failure)
[586.325s][info][gc,heap        ] GC(1613) PSYoungGen: 293440K(312320K)->64K(311808K) Eden: 293376K(293376K)->0K(293376K) From: 64K(18944K)->64K(18432K)
[586.325s][info][gc,heap        ] GC(1613) ParOldGen: 433886K(434176K)->433902K(434176K)
[586.325s][info][gc,metaspace   ] GC(1613) Metaspace: 35442K(36160K)->35442K(36160K) NonClass: 26232K(26752K)->26232K(26752K) Class: 9210K(9408K)->9210K(9408K)
[586.325s][info][gc             ] GC(1613) Pause Young (Allocation Failure) 710M->423M(728M) 1.220ms
[586.325s][info][gc,cpu         ] GC(1613) User=0.00s Sys=0.00s Real=0.00s
[586.489s][info][gc,start       ] GC(1614) Pause Young (Allocation Failure)
[586.490s][info][gc,heap        ] GC(1614) PSYoungGen: 293440K(311808K)->64K(314368K) Eden: 293376K(293376K)->0K(297472K) From: 64K(18432K)->64K(16896K)
[586.490s][info][gc,heap        ] GC(1614) ParOldGen: 433902K(434176K)->433902K(434176K)
[586.490s][info][gc,metaspace   ] GC(1614) Metaspace: 35442K(36160K)->35442K(36160K) NonClass: 26232K(26752K)->26232K(26752K) Class: 9210K(9408K)->9210K(9408K)
[586.490s][info][gc             ] GC(1614) Pause Young (Allocation Failure) 710M->423M(731M) 1.337ms
[586.490s][info][gc,cpu         ] GC(1614) User=0.00s Sys=0.00s Real=0.00s
[586.798s][info][gc,start       ] GC(1615) Pause Young (Allocation Failure)
[586.799s][info][gc,heap        ] GC(1615) PSYoungGen: 297536K(314368K)->64K(313856K) Eden: 297472K(297472K)->0K(297472K) From: 64K(16896K)->64K(16384K)
[586.799s][info][gc,heap        ] GC(1615) ParOldGen: 433902K(434176K)->433910K(434176K)
[586.799s][info][gc,metaspace   ] GC(1615) Metaspace: 35442K(36160K)->35442K(36160K) NonClass: 26232K(26752K)->26232K(26752K) Class: 9210K(9408K)->9210K(9408K)
[586.799s][info][gc             ] GC(1615) Pause Young (Allocation Failure) 714M->423M(730M) 1.322ms
[586.799s][info][gc,cpu         ] GC(1615) User=0.00s Sys=0.00s Real=0.01s
[586.955s][info][gc,start       ] GC(1616) Pause Young (Allocation Failure)
[586.957s][info][gc,heap        ] GC(1616) PSYoungGen: 297536K(313856K)->64K(316416K) Eden: 297472K(297472K)->0K(301056K) From: 64K(16384K)->64K(15360K)
[586.957s][info][gc,heap        ] GC(1616) ParOldGen: 433910K(434176K)->433918K(434176K)
[586.957s][info][gc,metaspace   ] GC(1616) Metaspace: 35443K(36160K)->35443K(36160K) NonClass: 26233K(26752K)->26233K(26752K) Class: 9210K(9408K)->9210K(9408K)
[586.957s][info][gc             ] GC(1616) Pause Young (Allocation Failure) 714M->423M(733M) 1.374ms
[586.957s][info][gc,cpu         ] GC(1616) User=0.00s Sys=0.00s Real=0.00s
[587.049s][info][gc,start       ] GC(1617) Pause Young (Allocation Failure)
[587.050s][info][gc,heap        ] GC(1617) PSYoungGen: 301120K(316416K)->64K(315904K) Eden: 301056K(301056K)->0K(301056K) From: 64K(15360K)->64K(14848K)
[587.051s][info][gc,heap        ] GC(1617) ParOldGen: 433918K(434176K)->433926K(434176K)
[587.051s][info][gc,metaspace   ] GC(1617) Metaspace: 35443K(36160K)->35443K(36160K) NonClass: 26233K(26752K)->26233K(26752K) Class: 9210K(9408K)->9210K(9408K)
[587.051s][info][gc             ] GC(1617) Pause Young (Allocation Failure) 717M->423M(732M) 1.425ms
[587.051s][info][gc,cpu         ] GC(1617) User=0.00s Sys=0.00s Real=0.00s
[587.238s][info][gc,start       ] GC(1618) Pause Young (Allocation Failure)
[587.239s][info][gc,heap        ] GC(1618) PSYoungGen: 301120K(315904K)->64K(317952K) Eden: 301056K(301056K)->0K(304640K) From: 64K(14848K)->64K(13312K)
[587.239s][info][gc,heap        ] GC(1618) ParOldGen: 433926K(434176K)->433934K(434176K)
[587.239s][info][gc,metaspace   ] GC(1618) Metaspace: 35443K(36160K)->35443K(36160K) NonClass: 26233K(26752K)->26233K(26752K) Class: 9210K(9408K)->9210K(9408K)
[587.239s][info][gc             ] GC(1618) Pause Young (Allocation Failure) 717M->423M(734M) 1.261ms
[587.239s][info][gc,cpu         ] GC(1618) User=0.00s Sys=0.00s Real=0.01s
[588.125s][info][gc,start       ] GC(1619) Pause Young (Allocation Failure)
[588.127s][info][gc,heap        ] GC(1619) PSYoungGen: 304704K(317952K)->64K(292864K) Eden: 304640K(304640K)->0K(292352K) From: 64K(13312K)->64K(512K)
[588.127s][info][gc,heap        ] GC(1619) ParOldGen: 433934K(434176K)->433942K(434176K)
[588.127s][info][gc,metaspace   ] GC(1619) Metaspace: 35443K(36160K)->35443K(36160K) NonClass: 26233K(26752K)->26233K(26752K) Class: 9210K(9408K)->9210K(9408K)
[588.127s][info][gc             ] GC(1619) Pause Young (Allocation Failure) 721M->423M(710M) 1.527ms
[588.127s][info][gc,cpu         ] GC(1619) User=0.00s Sys=0.00s Real=0.00s
[588.979s][info][gc,start       ] GC(1620) Pause Young (Allocation Failure)
[588.981s][info][gc,heap        ] GC(1620) PSYoungGen: 292416K(292864K)->64K(281088K) Eden: 292352K(292352K)->0K(280576K) From: 64K(512K)->64K(512K)
[588.981s][info][gc,heap        ] GC(1620) ParOldGen: 433942K(434176K)->433950K(434176K)
[588.981s][info][gc,metaspace   ] GC(1620) Metaspace: 35443K(36160K)->35443K(36160K) NonClass: 26233K(26752K)->26233K(26752K) Class: 9210K(9408K)->9210K(9408K)
[588.981s][info][gc             ] GC(1620) Pause Young (Allocation Failure) 709M->423M(698M) 1.976ms
[588.981s][info][gc,cpu         ] GC(1620) User=0.00s Sys=0.00s Real=0.00s
[589.383s][info][gc,start       ] GC(1621) Pause Young (Allocation Failure)
[589.385s][info][gc,heap        ] GC(1621) PSYoungGen: 280640K(281088K)->64K(281088K) Eden: 280576K(280576K)->0K(269824K) From: 64K(512K)->64K(11264K)
[589.385s][info][gc,heap        ] GC(1621) ParOldGen: 433950K(434176K)->433958K(434176K)
[589.385s][info][gc,metaspace   ] GC(1621) Metaspace: 35443K(36160K)->35443K(36160K) NonClass: 26233K(26752K)->26233K(26752K) Class: 9210K(9408K)->9210K(9408K)
[589.385s][info][gc             ] GC(1621) Pause Young (Allocation Failure) 697M->423M(698M) 1.424ms
[589.385s][info][gc,cpu         ] GC(1621) User=0.00s Sys=0.00s Real=0.00s
[590.395s][info][gc,start       ] GC(1622) Pause Young (Allocation Failure)
[590.396s][info][gc,heap        ] GC(1622) PSYoungGen: 269888K(281088K)->64K(260096K) Eden: 269824K(269824K)->0K(259584K) From: 64K(11264K)->64K(512K)
[590.396s][info][gc,heap        ] GC(1622) ParOldGen: 433958K(434176K)->433966K(434176K)
[590.397s][info][gc,metaspace   ] GC(1622) Metaspace: 35443K(36160K)->35443K(36160K) NonClass: 26233K(26752K)->26233K(26752K) Class: 9210K(9408K)->9210K(9408K)
[590.397s][info][gc             ] GC(1622) Pause Young (Allocation Failure) 687M->423M(678M) 1.957ms
[590.397s][info][gc,cpu         ] GC(1622) User=0.00s Sys=0.00s Real=0.00s
[590.780s][info][gc,start       ] GC(1623) Pause Young (Allocation Failure)
[590.781s][info][gc,heap        ] GC(1623) PSYoungGen: 259648K(260096K)->64K(259584K) Eden: 259584K(259584K)->0K(249856K) From: 64K(512K)->64K(9728K)
[590.781s][info][gc,heap        ] GC(1623) ParOldGen: 433966K(434176K)->433974K(434176K)
[590.781s][info][gc,metaspace   ] GC(1623) Metaspace: 35443K(36160K)->35443K(36160K) NonClass: 26233K(26752K)->26233K(26752K) Class: 9210K(9408K)->9210K(9408K)
[590.781s][info][gc             ] GC(1623) Pause Young (Allocation Failure) 677M->423M(677M) 1.331ms
[590.781s][info][gc,cpu         ] GC(1623) User=0.01s Sys=0.00s Real=0.00s
[590.958s][info][gc,start       ] GC(1624) Pause Young (Allocation Failure)
[590.960s][info][gc,heap        ] GC(1624) PSYoungGen: 249920K(259584K)->64K(240640K) Eden: 249856K(249856K)->0K(240128K) From: 64K(9728K)->64K(512K)
[590.960s][info][gc,heap        ] GC(1624) ParOldGen: 433974K(434176K)->433982K(434176K)
[590.960s][info][gc,metaspace   ] GC(1624) Metaspace: 35443K(36160K)->35443K(36160K) NonClass: 26233K(26752K)->26233K(26752K) Class: 9210K(9408K)->9210K(9408K)
[590.960s][info][gc             ] GC(1624) Pause Young (Allocation Failure) 667M->423M(659M) 1.786ms
[590.960s][info][gc,cpu         ] GC(1624) User=0.00s Sys=0.00s Real=0.01s
[591.052s][info][gc,start       ] GC(1625) Pause Young (Allocation Failure)
[591.054s][info][gc,heap        ] GC(1625) PSYoungGen: 240192K(240640K)->64K(239616K) Eden: 240128K(240128K)->0K(230912K) From: 64K(512K)->64K(8704K)
[591.054s][info][gc,heap        ] GC(1625) ParOldGen: 433982K(434176K)->433990K(434176K)
[591.054s][info][gc,metaspace   ] GC(1625) Metaspace: 35443K(36160K)->35443K(36160K) NonClass: 26233K(26752K)->26233K(26752K) Class: 9210K(9408K)->9210K(9408K)
[591.054s][info][gc             ] GC(1625) Pause Young (Allocation Failure) 658M->423M(658M) 1.217ms
[591.054s][info][gc,cpu         ] GC(1625) User=0.00s Sys=0.00s Real=0.00s
[591.643s][info][gc,start       ] GC(1626) Pause Young (Allocation Failure)
[591.645s][info][gc,heap        ] GC(1626) PSYoungGen: 230976K(239616K)->64K(222720K) Eden: 230912K(230912K)->0K(222208K) From: 64K(8704K)->64K(512K)
[591.645s][info][gc,heap        ] GC(1626) ParOldGen: 433990K(434176K)->433998K(434176K)
[591.645s][info][gc,metaspace   ] GC(1626) Metaspace: 35443K(36160K)->35443K(36160K) NonClass: 26233K(26752K)->26233K(26752K) Class: 9210K(9408K)->9210K(9408K)
[591.645s][info][gc             ] GC(1626) Pause Young (Allocation Failure) 649M->423M(641M) 2.090ms
[591.645s][info][gc,cpu         ] GC(1626) User=0.01s Sys=0.00s Real=0.00s
[591.825s][info][gc,start       ] GC(1627) Pause Young (Allocation Failure)
[591.826s][info][gc,heap        ] GC(1627) PSYoungGen: 222272K(222720K)->64K(221696K) Eden: 222208K(222208K)->0K(214016K) From: 64K(512K)->64K(7680K)
[591.826s][info][gc,heap        ] GC(1627) ParOldGen: 433998K(434176K)->434006K(434176K)
[591.826s][info][gc,metaspace   ] GC(1627) Metaspace: 35443K(36160K)->35443K(36160K) NonClass: 26233K(26752K)->26233K(26752K) Class: 9210K(9408K)->9210K(9408K)
[591.826s][info][gc             ] GC(1627) Pause Young (Allocation Failure) 640M->423M(640M) 1.277ms
[591.826s][info][gc,cpu         ] GC(1627) User=0.00s Sys=0.00s Real=0.00s
[592.151s][info][gc,start       ] GC(1628) Pause Young (Allocation Failure)
[592.177s][info][gc,heap        ] GC(1628) PSYoungGen: 214080K(221696K)->7168K(262656K) Eden: 214016K(214016K)->0K(255488K) From: 64K(7680K)->7168K(7168K)
[592.177s][info][gc,heap        ] GC(1628) ParOldGen: 434006K(434176K)->440910K(441344K)
[592.177s][info][gc,metaspace   ] GC(1628) Metaspace: 35443K(36160K)->35443K(36160K) NonClass: 26233K(26752K)->26233K(26752K) Class: 9210K(9408K)->9210K(9408K)
[592.177s][info][gc             ] GC(1628) Pause Young (Allocation Failure) 632M->437M(687M) 25.427ms
[592.177s][info][gc,cpu         ] GC(1628) User=0.05s Sys=0.01s Real=0.02s
[592.510s][info][gc,start       ] GC(1629) Pause Young (Allocation Failure)
[592.566s][info][gc,heap        ] GC(1629) PSYoungGen: 262656K(262656K)->11264K(268288K) Eden: 255488K(255488K)->0K(257024K) From: 7168K(7168K)->11264K(11264K)
[592.566s][info][gc,heap        ] GC(1629) ParOldGen: 440910K(441344K)->458942K(459264K)
[592.566s][info][gc,metaspace   ] GC(1629) Metaspace: 35443K(36160K)->35443K(36160K) NonClass: 26233K(26752K)->26233K(26752K) Class: 9210K(9408K)->9210K(9408K)
[592.566s][info][gc             ] GC(1629) Pause Young (Allocation Failure) 687M->459M(710M) 55.718ms
[592.566s][info][gc,cpu         ] GC(1629) User=0.09s Sys=0.01s Real=0.05s
[592.810s][info][gc,start       ] GC(1630) Pause Young (Allocation Failure)
[592.853s][info][gc,heap        ] GC(1630) PSYoungGen: 268288K(268288K)->19488K(305152K) Eden: 257024K(257024K)->0K(284672K) From: 11264K(11264K)->19488K(20480K)
[592.853s][info][gc,heap        ] GC(1630) ParOldGen: 458942K(459264K)->459438K(459776K)
[592.853s][info][gc,metaspace   ] GC(1630) Metaspace: 35443K(36160K)->35443K(36160K) NonClass: 26233K(26752K)->26233K(26752K) Class: 9210K(9408K)->9210K(9408K)
[592.853s][info][gc             ] GC(1630) Pause Young (Allocation Failure) 710M->467M(747M) 43.792ms
[592.853s][info][gc,cpu         ] GC(1630) User=0.08s Sys=0.01s Real=0.04s
[593.087s][info][gc,start       ] GC(1631) Pause Young (Allocation Failure)
[593.088s][info][gc,heap        ] GC(1631) PSYoungGen: 304160K(305152K)->64K(309248K) Eden: 284672K(284672K)->0K(284672K) From: 19488K(20480K)->64K(24576K)
[593.088s][info][gc,heap        ] GC(1631) ParOldGen: 459438K(459776K)->459446K(459776K)
[593.088s][info][gc,metaspace   ] GC(1631) Metaspace: 35443K(36160K)->35443K(36160K) NonClass: 26233K(26752K)->26233K(26752K) Class: 9210K(9408K)->9210K(9408K)
[593.088s][info][gc             ] GC(1631) Pause Young (Allocation Failure) 745M->448M(751M) 1.620ms
[593.088s][info][gc,cpu         ] GC(1631) User=0.00s Sys=0.00s Real=0.00s
[593.776s][info][gc,start       ] GC(1632) Pause Young (Allocation Failure)
[593.778s][info][gc,heap        ] GC(1632) PSYoungGen: 284736K(309248K)->160K(307200K) Eden: 284672K(284672K)->0K(285696K) From: 64K(24576K)->160K(21504K)
[593.778s][info][gc,heap        ] GC(1632) ParOldGen: 459446K(459776K)->459462K(459776K)
[593.778s][info][gc,metaspace   ] GC(1632) Metaspace: 35506K(36224K)->35506K(36224K) NonClass: 26295K(26816K)->26295K(26816K) Class: 9210K(9408K)->9210K(9408K)
[593.778s][info][gc             ] GC(1632) Pause Young (Allocation Failure) 726M->448M(749M) 2.277ms
[593.778s][info][gc,cpu         ] GC(1632) User=0.00s Sys=0.00s Real=0.00s
[594.259s][info][gc,start       ] GC(1633) Pause Young (Allocation Failure)
[594.261s][info][gc,heap        ] GC(1633) PSYoungGen: 285856K(307200K)->64K(308736K) Eden: 285696K(285696K)->0K(285696K) From: 160K(21504K)->64K(23040K)
[594.261s][info][gc,heap        ] GC(1633) ParOldGen: 459462K(459776K)->459550K(459776K)
[594.261s][info][gc,metaspace   ] GC(1633) Metaspace: 35506K(36224K)->35506K(36224K) NonClass: 26295K(26816K)->26295K(26816K) Class: 9210K(9408K)->9210K(9408K)
[594.261s][info][gc             ] GC(1633) Pause Young (Allocation Failure) 727M->448M(750M) 1.848ms
[594.261s][info][gc,cpu         ] GC(1633) User=0.01s Sys=0.00s Real=0.00s
[594.494s][info][gc,start       ] GC(1634) Pause Young (Allocation Failure)
[594.496s][info][gc,heap        ] GC(1634) PSYoungGen: 285760K(308736K)->32K(308224K) Eden: 285696K(285696K)->0K(288768K) From: 64K(23040K)->32K(19456K)
[594.496s][info][gc,heap        ] GC(1634) ParOldGen: 459550K(459776K)->459566K(459776K)
[594.496s][info][gc,metaspace   ] GC(1634) Metaspace: 35506K(36224K)->35506K(36224K) NonClass: 26295K(26816K)->26295K(26816K) Class: 9210K(9408K)->9210K(9408K)
[594.496s][info][gc             ] GC(1634) Pause Young (Allocation Failure) 727M->448M(750M) 1.580ms
[594.496s][info][gc,cpu         ] GC(1634) User=0.00s Sys=0.00s Real=0.00s
[594.734s][info][gc,start       ] GC(1635) Pause Young (Allocation Failure)
[594.736s][info][gc,heap        ] GC(1635) PSYoungGen: 288800K(308224K)->64K(309760K) Eden: 288768K(288768K)->0K(288768K) From: 32K(19456K)->64K(20992K)
[594.736s][info][gc,heap        ] GC(1635) ParOldGen: 459566K(459776K)->459566K(459776K)
[594.736s][info][gc,metaspace   ] GC(1635) Metaspace: 35506K(36224K)->35506K(36224K) NonClass: 26295K(26816K)->26295K(26816K) Class: 9210K(9408K)->9210K(9408K)
[594.736s][info][gc             ] GC(1635) Pause Young (Allocation Failure) 730M->448M(751M) 1.483ms
[594.736s][info][gc,cpu         ] GC(1635) User=0.00s Sys=0.00s Real=0.00s
[595.080s][info][gc,start       ] GC(1636) Pause Young (Allocation Failure)
[595.081s][info][gc,heap        ] GC(1636) PSYoungGen: 288832K(309760K)->64K(310272K) Eden: 288768K(288768K)->0K(292864K) From: 64K(20992K)->64K(17408K)
[595.081s][info][gc,heap        ] GC(1636) ParOldGen: 459566K(459776K)->459566K(459776K)
[595.081s][info][gc,metaspace   ] GC(1636) Metaspace: 35506K(36224K)->35506K(36224K) NonClass: 26295K(26816K)->26295K(26816K) Class: 9210K(9408K)->9210K(9408K)
[595.081s][info][gc             ] GC(1636) Pause Young (Allocation Failure) 730M->448M(752M) 1.395ms
[595.081s][info][gc,cpu         ] GC(1636) User=0.00s Sys=0.00s Real=0.00s
[595.135s][info][gc,start       ] GC(1637) Pause Young (Allocation Failure)
[595.136s][info][gc,heap        ] GC(1637) PSYoungGen: 292928K(310272K)->64K(311808K) Eden: 292864K(292864K)->0K(292864K) From: 64K(17408K)->64K(18944K)
[595.136s][info][gc,heap        ] GC(1637) ParOldGen: 459566K(459776K)->459582K(459776K)
[595.136s][info][gc,metaspace   ] GC(1637) Metaspace: 35506K(36224K)->35506K(36224K) NonClass: 26295K(26816K)->26295K(26816K) Class: 9210K(9408K)->9210K(9408K)
[595.136s][info][gc             ] GC(1637) Pause Young (Allocation Failure) 734M->448M(753M) 1.346ms
[595.136s][info][gc,cpu         ] GC(1637) User=0.01s Sys=0.00s Real=0.00s
[595.187s][info][gc,start       ] GC(1638) Pause Young (Allocation Failure)
[595.188s][info][gc,heap        ] GC(1638) PSYoungGen: 292928K(311808K)->64K(312320K) Eden: 292864K(292864K)->0K(296960K) From: 64K(18944K)->64K(15360K)
[595.188s][info][gc,heap        ] GC(1638) ParOldGen: 459582K(459776K)->459582K(459776K)
[595.188s][info][gc,metaspace   ] GC(1638) Metaspace: 35506K(36224K)->35506K(36224K) NonClass: 26295K(26816K)->26295K(26816K) Class: 9210K(9408K)->9210K(9408K)
[595.188s][info][gc             ] GC(1638) Pause Young (Allocation Failure) 734M->448M(754M) 1.367ms
[595.188s][info][gc,cpu         ] GC(1638) User=0.00s Sys=0.00s Real=0.00s
[595.476s][info][gc,start       ] GC(1639) Pause Young (Allocation Failure)
[595.477s][info][gc,heap        ] GC(1639) PSYoungGen: 297024K(312320K)->64K(313856K) Eden: 296960K(296960K)->0K(296960K) From: 64K(15360K)->64K(16896K)
[595.477s][info][gc,heap        ] GC(1639) ParOldGen: 459582K(459776K)->459582K(459776K)
[595.477s][info][gc,metaspace   ] GC(1639) Metaspace: 35506K(36224K)->35506K(36224K) NonClass: 26295K(26816K)->26295K(26816K) Class: 9210K(9408K)->9210K(9408K)
[595.477s][info][gc             ] GC(1639) Pause Young (Allocation Failure) 738M->448M(755M) 1.593ms
[595.477s][info][gc,cpu         ] GC(1639) User=0.00s Sys=0.00s Real=0.00s
[595.746s][info][gc,start       ] GC(1640) Pause Young (Allocation Failure)
[595.747s][info][gc,heap        ] GC(1640) PSYoungGen: 297024K(313856K)->64K(315392K) Eden: 296960K(296960K)->0K(301056K) From: 64K(16896K)->64K(14336K)
[595.747s][info][gc,heap        ] GC(1640) ParOldGen: 459582K(459776K)->459590K(459776K)
[595.747s][info][gc,metaspace   ] GC(1640) Metaspace: 35506K(36224K)->35506K(36224K) NonClass: 26295K(26816K)->26295K(26816K) Class: 9210K(9408K)->9210K(9408K)
[595.747s][info][gc             ] GC(1640) Pause Young (Allocation Failure) 738M->448M(757M) 1.692ms
[595.747s][info][gc,cpu         ] GC(1640) User=0.01s Sys=0.00s Real=0.00s
[595.850s][info][gc,start       ] GC(1641) Pause Young (Allocation Failure)
[595.852s][info][gc,heap        ] GC(1641) PSYoungGen: 301120K(315392K)->64K(316416K) Eden: 301056K(301056K)->0K(301056K) From: 64K(14336K)->64K(15360K)
[595.852s][info][gc,heap        ] GC(1641) ParOldGen: 459590K(459776K)->459598K(459776K)
[595.852s][info][gc,metaspace   ] GC(1641) Metaspace: 35506K(36224K)->35506K(36224K) NonClass: 26295K(26816K)->26295K(26816K) Class: 9210K(9408K)->9210K(9408K)
[595.852s][info][gc             ] GC(1641) Pause Young (Allocation Failure) 742M->448M(758M) 1.545ms
[595.852s][info][gc,cpu         ] GC(1641) User=0.01s Sys=0.00s Real=0.00s
[595.990s][info][gc,start       ] GC(1642) Pause Young (Allocation Failure)
[595.991s][info][gc,heap        ] GC(1642) PSYoungGen: 301120K(316416K)->64K(316416K) Eden: 301056K(301056K)->0K(304128K) From: 64K(15360K)->64K(12288K)
[595.991s][info][gc,heap        ] GC(1642) ParOldGen: 459598K(459776K)->459606K(459776K)
[595.991s][info][gc,metaspace   ] GC(1642) Metaspace: 35506K(36224K)->35506K(36224K) NonClass: 26295K(26816K)->26295K(26816K) Class: 9210K(9408K)->9210K(9408K)
[595.991s][info][gc             ] GC(1642) Pause Young (Allocation Failure) 742M->448M(758M) 1.400ms
[595.991s][info][gc,cpu         ] GC(1642) User=0.01s Sys=0.00s Real=0.00s
[596.400s][info][gc,start       ] GC(1643) Pause Young (Allocation Failure)
[596.402s][info][gc,heap        ] GC(1643) PSYoungGen: 304192K(316416K)->64K(317440K) Eden: 304128K(304128K)->0K(304128K) From: 64K(12288K)->64K(13312K)
[596.402s][info][gc,heap        ] GC(1643) ParOldGen: 459606K(459776K)->459614K(459776K)
[596.402s][info][gc,metaspace   ] GC(1643) Metaspace: 35506K(36224K)->35506K(36224K) NonClass: 26295K(26816K)->26295K(26816K) Class: 9210K(9408K)->9210K(9408K)
[596.402s][info][gc             ] GC(1643) Pause Young (Allocation Failure) 745M->448M(759M) 1.674ms
[596.402s][info][gc,cpu         ] GC(1643) User=0.00s Sys=0.00s Real=0.00s
[597.247s][info][gc,start       ] GC(1644) Pause Young (Allocation Failure)
[597.249s][info][gc,heap        ] GC(1644) PSYoungGen: 304192K(317440K)->64K(292352K) Eden: 304128K(304128K)->0K(291840K) From: 64K(13312K)->64K(512K)
[597.250s][info][gc,heap        ] GC(1644) ParOldGen: 459614K(459776K)->459622K(459776K)
[597.250s][info][gc,metaspace   ] GC(1644) Metaspace: 35506K(36224K)->35506K(36224K) NonClass: 26295K(26816K)->26295K(26816K) Class: 9210K(9408K)->9210K(9408K)
[597.250s][info][gc             ] GC(1644) Pause Young (Allocation Failure) 745M->448M(734M) 2.129ms
[597.250s][info][gc,cpu         ] GC(1644) User=0.01s Sys=0.00s Real=0.01s
[597.961s][info][gc,start       ] GC(1645) Pause Young (Allocation Failure)
[597.962s][info][gc,heap        ] GC(1645) PSYoungGen: 291904K(292352K)->64K(291840K) Eden: 291840K(291840K)->0K(280064K) From: 64K(512K)->64K(11776K)
[597.962s][info][gc,heap        ] GC(1645) ParOldGen: 459622K(459776K)->459630K(459776K)
[597.962s][info][gc,metaspace   ] GC(1645) Metaspace: 35506K(36224K)->35506K(36224K) NonClass: 26295K(26816K)->26295K(26816K) Class: 9210K(9408K)->9210K(9408K)
[597.963s][info][gc             ] GC(1645) Pause Young (Allocation Failure) 733M->448M(734M) 1.520ms
[597.963s][info][gc,cpu         ] GC(1645) User=0.00s Sys=0.00s Real=0.00s
[598.464s][info][gc,start       ] GC(1646) Pause Young (Allocation Failure)
[598.466s][info][gc,heap        ] GC(1646) PSYoungGen: 280128K(291840K)->64K(269824K) Eden: 280064K(280064K)->0K(269312K) From: 64K(11776K)->64K(512K)
[598.466s][info][gc,heap        ] GC(1646) ParOldGen: 459630K(459776K)->459638K(459776K)
[598.466s][info][gc,metaspace   ] GC(1646) Metaspace: 35506K(36224K)->35506K(36224K) NonClass: 26295K(26816K)->26295K(26816K) Class: 9210K(9408K)->9210K(9408K)
[598.466s][info][gc             ] GC(1646) Pause Young (Allocation Failure) 722M->448M(712M) 1.965ms
[598.466s][info][gc,cpu         ] GC(1646) User=0.00s Sys=0.00s Real=0.00s
[599.401s][info][gc,start       ] GC(1647) Pause Young (Allocation Failure)
[599.402s][info][gc,heap        ] GC(1647) PSYoungGen: 269376K(269824K)->64K(269312K) Eden: 269312K(269312K)->0K(259072K) From: 64K(512K)->64K(10240K)
[599.402s][info][gc,heap        ] GC(1647) ParOldGen: 459638K(459776K)->459646K(459776K)
[599.402s][info][gc,metaspace   ] GC(1647) Metaspace: 35506K(36224K)->35506K(36224K) NonClass: 26295K(26816K)->26295K(26816K) Class: 9210K(9408K)->9210K(9408K)
[599.402s][info][gc             ] GC(1647) Pause Young (Allocation Failure) 711M->448M(712M) 1.455ms
[599.402s][info][gc,cpu         ] GC(1647) User=0.00s Sys=0.00s Real=0.00s
[599.751s][info][gc,start       ] GC(1648) Pause Young (Allocation Failure)
[599.752s][info][gc,heap        ] GC(1648) PSYoungGen: 259136K(269312K)->64K(249856K) Eden: 259072K(259072K)->0K(249344K) From: 64K(10240K)->64K(512K)
[599.752s][info][gc,heap        ] GC(1648) ParOldGen: 459646K(459776K)->459654K(459776K)
[599.752s][info][gc,metaspace   ] GC(1648) Metaspace: 35506K(36224K)->35506K(36224K) NonClass: 26295K(26816K)->26295K(26816K) Class: 9210K(9408K)->9210K(9408K)
[599.752s][info][gc             ] GC(1648) Pause Young (Allocation Failure) 701M->448M(693M) 1.571ms
[599.753s][info][gc,cpu         ] GC(1648) User=0.00s Sys=0.00s Real=0.00s
[599.852s][info][gc,start       ] GC(1649) Pause Young (Allocation Failure)
[599.854s][info][gc,heap        ] GC(1649) PSYoungGen: 249408K(249856K)->64K(248320K) Eden: 249344K(249344K)->0K(239616K) From: 64K(512K)->64K(8704K)
[599.854s][info][gc,heap        ] GC(1649) ParOldGen: 459654K(459776K)->459662K(459776K)
[599.854s][info][gc,metaspace   ] GC(1649) Metaspace: 35506K(36224K)->35506K(36224K) NonClass: 26295K(26816K)->26295K(26816K) Class: 9210K(9408K)->9210K(9408K)
[599.854s][info][gc             ] GC(1649) Pause Young (Allocation Failure) 692M->448M(691M) 1.355ms
[599.854s][info][gc,cpu         ] GC(1649) User=0.01s Sys=0.00s Real=0.00s
[600.265s][info][gc,start       ] GC(1650) Pause Young (Allocation Failure)
[600.268s][info][gc,heap        ] GC(1650) PSYoungGen: 239680K(248320K)->64K(230912K) Eden: 239616K(239616K)->0K(230400K) From: 64K(8704K)->64K(512K)
[600.268s][info][gc,heap        ] GC(1650) ParOldGen: 459662K(459776K)->459670K(459776K)
[600.268s][info][gc,metaspace   ] GC(1650) Metaspace: 35506K(36224K)->35506K(36224K) NonClass: 26295K(26816K)->26295K(26816K) Class: 9210K(9408K)->9210K(9408K)
[600.268s][info][gc             ] GC(1650) Pause Young (Allocation Failure) 682M->448M(674M) 3.164ms
[600.268s][info][gc,cpu         ] GC(1650) User=0.01s Sys=0.00s Real=0.00s
[600.555s][info][gc,start       ] GC(1651) Pause Young (Allocation Failure)
[600.558s][info][gc,heap        ] GC(1651) PSYoungGen: 230464K(230912K)->32K(229376K) Eden: 230400K(230400K)->0K(221696K) From: 64K(512K)->32K(7680K)
[600.558s][info][gc,heap        ] GC(1651) ParOldGen: 459670K(459776K)->459678K(459776K)
[600.558s][info][gc,metaspace   ] GC(1651) Metaspace: 35506K(36224K)->35506K(36224K) NonClass: 26295K(26816K)->26295K(26816K) Class: 9210K(9408K)->9210K(9408K)
[600.558s][info][gc             ] GC(1651) Pause Young (Allocation Failure) 673M->448M(673M) 2.650ms
[600.558s][info][gc,cpu         ] GC(1651) User=0.00s Sys=0.00s Real=0.00s
[600.917s][info][gc,start       ] GC(1652) Pause Young (Allocation Failure)
[600.934s][info][gc,heap        ] GC(1652) PSYoungGen: 221727K(229376K)->5216K(269312K) Eden: 221695K(221696K)->0K(263680K) From: 32K(7680K)->5216K(5632K)
[600.934s][info][gc,heap        ] GC(1652) ParOldGen: 459678K(459776K)->459686K(459776K)
[600.934s][info][gc,metaspace   ] GC(1652) Metaspace: 35506K(36224K)->35506K(36224K) NonClass: 26295K(26816K)->26295K(26816K) Class: 9210K(9408K)->9210K(9408K)
[600.934s][info][gc             ] GC(1652) Pause Young (Allocation Failure) 665M->454M(712M) 16.454ms
[600.934s][info][gc,cpu         ] GC(1652) User=0.02s Sys=0.00s Real=0.02s
[601.277s][info][gc,start       ] GC(1653) Pause Young (Allocation Failure)
[601.354s][info][gc,heap        ] GC(1653) PSYoungGen: 268896K(269312K)->8192K(284672K) Eden: 263680K(263680K)->0K(276480K) From: 5216K(5632K)->8192K(8192K)
[601.354s][info][gc,heap        ] GC(1653) ParOldGen: 459686K(459776K)->481550K(481792K)
[601.354s][info][gc,metaspace   ] GC(1653) Metaspace: 35506K(36224K)->35506K(36224K) NonClass: 26295K(26816K)->26295K(26816K) Class: 9210K(9408K)->9210K(9408K)
[601.354s][info][gc             ] GC(1653) Pause Young (Allocation Failure) 711M->478M(748M) 77.510ms
[601.354s][info][gc,cpu         ] GC(1653) User=0.11s Sys=0.01s Real=0.08s
[601.677s][info][gc,start       ] GC(1654) Pause Young (Allocation Failure)
[601.738s][info][gc,heap        ] GC(1654) PSYoungGen: 284672K(284672K)->18432K(301056K) Eden: 276480K(276480K)->0K(282624K) From: 8192K(8192K)->18432K(18432K)
[601.738s][info][gc,heap        ] GC(1654) ParOldGen: 481550K(481792K)->491110K(491520K)
[601.738s][info][gc,metaspace   ] GC(1654) Metaspace: 35506K(36224K)->35506K(36224K) NonClass: 26295K(26816K)->26295K(26816K) Class: 9210K(9408K)->9210K(9408K)
[601.738s][info][gc             ] GC(1654) Pause Young (Allocation Failure) 748M->497M(774M) 60.749ms
[601.738s][info][gc,cpu         ] GC(1654) User=0.10s Sys=0.02s Real=0.06s
[601.853s][info][gc,start       ] GC(1655) Pause Young (Allocation Failure)
[601.857s][info][gc,heap        ] GC(1655) PSYoungGen: 301056K(301056K)->64K(308224K) Eden: 282624K(282624K)->0K(282624K) From: 18432K(18432K)->64K(25600K)
[601.857s][info][gc,heap        ] GC(1655) ParOldGen: 491110K(491520K)->491366K(491520K)
[601.857s][info][gc,metaspace   ] GC(1655) Metaspace: 35506K(36224K)->35506K(36224K) NonClass: 26295K(26816K)->26295K(26816K) Class: 9210K(9408K)->9210K(9408K)
[601.857s][info][gc             ] GC(1655) Pause Young (Allocation Failure) 773M->479M(781M) 4.077ms
[601.857s][info][gc,cpu         ] GC(1655) User=0.01s Sys=0.00s Real=0.00s
[602.550s][info][gc,start       ] GC(1656) Pause Young (Allocation Failure)
[602.552s][info][gc,heap        ] GC(1656) PSYoungGen: 282688K(308224K)->64K(305664K) Eden: 282624K(282624K)->0K(283136K) From: 64K(25600K)->64K(22528K)
[602.552s][info][gc,heap        ] GC(1656) ParOldGen: 491366K(491520K)->491382K(491520K)
[602.552s][info][gc,metaspace   ] GC(1656) Metaspace: 35506K(36224K)->35506K(36224K) NonClass: 26295K(26816K)->26295K(26816K) Class: 9210K(9408K)->9210K(9408K)
[602.552s][info][gc             ] GC(1656) Pause Young (Allocation Failure) 755M->479M(778M) 1.809ms
[602.552s][info][gc,cpu         ] GC(1656) User=0.00s Sys=0.01s Real=0.00s
[602.900s][info][gc,start       ] GC(1657) Pause Young (Allocation Failure)
[602.901s][info][gc,heap        ] GC(1657) PSYoungGen: 283200K(305664K)->64K(307200K) Eden: 283136K(283136K)->0K(283136K) From: 64K(22528K)->64K(24064K)
[602.901s][info][gc,heap        ] GC(1657) ParOldGen: 491382K(491520K)->491390K(491520K)
[602.901s][info][gc,metaspace   ] GC(1657) Metaspace: 35521K(36224K)->35521K(36224K) NonClass: 26310K(26816K)->26310K(26816K) Class: 9210K(9408K)->9210K(9408K)
[602.901s][info][gc             ] GC(1657) Pause Young (Allocation Failure) 756M->479M(780M) 1.673ms
[602.901s][info][gc,cpu         ] GC(1657) User=0.00s Sys=0.00s Real=0.00s
[603.304s][info][gc,start       ] GC(1658) Pause Young (Allocation Failure)
[603.305s][info][gc,heap        ] GC(1658) PSYoungGen: 283200K(307200K)->64K(307200K) Eden: 283136K(283136K)->0K(286720K) From: 64K(24064K)->64K(20480K)
[603.305s][info][gc,heap        ] GC(1658) ParOldGen: 491390K(491520K)->491406K(491520K)
[603.305s][info][gc,metaspace   ] GC(1658) Metaspace: 35521K(36224K)->35521K(36224K) NonClass: 26310K(26816K)->26310K(26816K) Class: 9210K(9408K)->9210K(9408K)
[603.305s][info][gc             ] GC(1658) Pause Young (Allocation Failure) 756M->479M(780M) 1.592ms
[603.305s][info][gc,cpu         ] GC(1658) User=0.01s Sys=0.00s Real=0.00s
[603.540s][info][gc,start       ] GC(1659) Pause Young (Allocation Failure)
[603.542s][info][gc,heap        ] GC(1659) PSYoungGen: 286784K(307200K)->64K(308736K) Eden: 286720K(286720K)->0K(286720K) From: 64K(20480K)->64K(22016K)
[603.542s][info][gc,heap        ] GC(1659) ParOldGen: 491406K(491520K)->491422K(491520K)
[603.542s][info][gc,metaspace   ] GC(1659) Metaspace: 35521K(36224K)->35521K(36224K) NonClass: 26310K(26816K)->26310K(26816K) Class: 9210K(9408K)->9210K(9408K)
[603.542s][info][gc             ] GC(1659) Pause Young (Allocation Failure) 759M->479M(781M) 1.549ms
[603.542s][info][gc,cpu         ] GC(1659) User=0.00s Sys=0.00s Real=0.00s
[603.898s][info][gc,start       ] GC(1660) Pause Young (Allocation Failure)
[603.899s][info][gc,heap        ] GC(1660) PSYoungGen: 286784K(308736K)->64K(309248K) Eden: 286720K(286720K)->0K(290816K) From: 64K(22016K)->64K(18432K)
[603.899s][info][gc,heap        ] GC(1660) ParOldGen: 491422K(491520K)->491422K(491520K)
[603.899s][info][gc,metaspace   ] GC(1660) Metaspace: 35521K(36224K)->35521K(36224K) NonClass: 26310K(26816K)->26310K(26816K) Class: 9210K(9408K)->9210K(9408K)
[603.899s][info][gc             ] GC(1660) Pause Young (Allocation Failure) 759M->479M(782M) 1.549ms
[603.899s][info][gc,cpu         ] GC(1660) User=0.00s Sys=0.00s Real=0.01s
[603.963s][info][gc,start       ] GC(1661) Pause Young (Allocation Failure)
[603.965s][info][gc,heap        ] GC(1661) PSYoungGen: 290880K(309248K)->64K(310784K) Eden: 290816K(290816K)->0K(290816K) From: 64K(18432K)->64K(19968K)
[603.965s][info][gc,heap        ] GC(1661) ParOldGen: 491422K(491520K)->491430K(491520K)
[603.965s][info][gc,metaspace   ] GC(1661) Metaspace: 35521K(36224K)->35521K(36224K) NonClass: 26310K(26816K)->26310K(26816K) Class: 9210K(9408K)->9210K(9408K)
[603.965s][info][gc             ] GC(1661) Pause Young (Allocation Failure) 763M->479M(783M) 1.442ms
[603.965s][info][gc,cpu         ] GC(1661) User=0.00s Sys=0.00s Real=0.00s
[604.015s][info][gc,start       ] GC(1662) Pause Young (Allocation Failure)
[604.016s][info][gc,heap        ] GC(1662) PSYoungGen: 290880K(310784K)->64K(311296K) Eden: 290816K(290816K)->0K(294912K) From: 64K(19968K)->64K(16384K)
[604.016s][info][gc,heap        ] GC(1662) ParOldGen: 491430K(491520K)->491446K(491520K)
[604.016s][info][gc,metaspace   ] GC(1662) Metaspace: 35521K(36224K)->35521K(36224K) NonClass: 26310K(26816K)->26310K(26816K) Class: 9210K(9408K)->9210K(9408K)
[604.016s][info][gc             ] GC(1662) Pause Young (Allocation Failure) 763M->479M(784M) 1.477ms
[604.016s][info][gc,cpu         ] GC(1662) User=0.01s Sys=0.00s Real=0.00s
[604.254s][info][gc,start       ] GC(1663) Pause Young (Allocation Failure)
[604.256s][info][gc,heap        ] GC(1663) PSYoungGen: 294976K(311296K)->64K(312832K) Eden: 294912K(294912K)->0K(294912K) From: 64K(16384K)->64K(17920K)
[604.256s][info][gc,heap        ] GC(1663) ParOldGen: 491446K(491520K)->491446K(491520K)
[604.256s][info][gc,metaspace   ] GC(1663) Metaspace: 35521K(36224K)->35521K(36224K) NonClass: 26310K(26816K)->26310K(26816K) Class: 9210K(9408K)->9210K(9408K)
[604.256s][info][gc             ] GC(1663) Pause Young (Allocation Failure) 767M->479M(785M) 1.455ms
[604.256s][info][gc,cpu         ] GC(1663) User=0.01s Sys=0.00s Real=0.00s
[604.532s][info][gc,start       ] GC(1664) Pause Young (Allocation Failure)
[604.533s][info][gc,heap        ] GC(1664) PSYoungGen: 294976K(312832K)->64K(313344K) Eden: 294912K(294912K)->0K(299008K) From: 64K(17920K)->64K(14336K)
[604.533s][info][gc,heap        ] GC(1664) ParOldGen: 491446K(491520K)->491454K(491520K)
[604.533s][info][gc,metaspace   ] GC(1664) Metaspace: 35521K(36224K)->35521K(36224K) NonClass: 26310K(26816K)->26310K(26816K) Class: 9210K(9408K)->9210K(9408K)
[604.533s][info][gc             ] GC(1664) Pause Young (Allocation Failure) 767M->479M(786M) 1.516ms
[604.533s][info][gc,cpu         ] GC(1664) User=0.00s Sys=0.00s Real=0.00s
[604.660s][info][gc,start       ] GC(1665) Pause Young (Allocation Failure)
[604.661s][info][gc,heap        ] GC(1665) PSYoungGen: 299072K(313344K)->64K(314880K) Eden: 299008K(299008K)->0K(299008K) From: 64K(14336K)->64K(15872K)
[604.661s][info][gc,heap        ] GC(1665) ParOldGen: 491454K(491520K)->491462K(491520K)
[604.661s][info][gc,metaspace   ] GC(1665) Metaspace: 35521K(36224K)->35521K(36224K) NonClass: 26310K(26816K)->26310K(26816K) Class: 9210K(9408K)->9210K(9408K)
[604.661s][info][gc             ] GC(1665) Pause Young (Allocation Failure) 771M->480M(787M) 1.566ms
[604.661s][info][gc,cpu         ] GC(1665) User=0.00s Sys=0.00s Real=0.00s
[604.779s][info][gc,start       ] GC(1666) Pause Young (Allocation Failure)
[604.780s][info][gc,heap        ] GC(1666) PSYoungGen: 299072K(314880K)->64K(315392K) Eden: 299008K(299008K)->0K(303104K) From: 64K(15872K)->64K(12288K)
[604.780s][info][gc,heap        ] GC(1666) ParOldGen: 491462K(491520K)->491470K(491520K)
[604.780s][info][gc,metaspace   ] GC(1666) Metaspace: 35521K(36224K)->35521K(36224K) NonClass: 26310K(26816K)->26310K(26816K) Class: 9210K(9408K)->9210K(9408K)
[604.780s][info][gc             ] GC(1666) Pause Young (Allocation Failure) 772M->480M(788M) 1.500ms
[604.780s][info][gc,cpu         ] GC(1666) User=0.00s Sys=0.00s Real=0.00s
[605.154s][info][gc,start       ] GC(1667) Pause Young (Allocation Failure)
[605.155s][info][gc,heap        ] GC(1667) PSYoungGen: 303168K(315392K)->64K(316928K) Eden: 303104K(303104K)->0K(303104K) From: 64K(12288K)->64K(13824K)
[605.155s][info][gc,heap        ] GC(1667) ParOldGen: 491470K(491520K)->491478K(491520K)
[605.155s][info][gc,metaspace   ] GC(1667) Metaspace: 35521K(36224K)->35521K(36224K) NonClass: 26310K(26816K)->26310K(26816K) Class: 9210K(9408K)->9210K(9408K)
[605.155s][info][gc             ] GC(1667) Pause Young (Allocation Failure) 776M->480M(789M) 1.614ms
[605.155s][info][gc,cpu         ] GC(1667) User=0.00s Sys=0.00s Real=0.00s
[605.821s][info][gc,start       ] GC(1668) Pause Young (Allocation Failure)
[605.824s][info][gc,heap        ] GC(1668) PSYoungGen: 303168K(316928K)->83K(291328K) Eden: 303104K(303104K)->0K(290816K) From: 64K(13824K)->83K(512K)
[605.824s][info][gc,heap        ] GC(1668) ParOldGen: 491478K(491520K)->491486K(491520K)
[605.824s][info][gc,metaspace   ] GC(1668) Metaspace: 35521K(36224K)->35521K(36224K) NonClass: 26310K(26816K)->26310K(26816K) Class: 9210K(9408K)->9210K(9408K)
[605.824s][info][gc             ] GC(1668) Pause Young (Allocation Failure) 776M->480M(764M) 2.179ms
[605.824s][info][gc,cpu         ] GC(1668) User=0.00s Sys=0.00s Real=0.00s
[606.724s][info][gc,start       ] GC(1669) Pause Young (Allocation Failure)
[606.725s][info][gc,heap        ] GC(1669) PSYoungGen: 290899K(291328K)->64K(291840K) Eden: 290816K(290816K)->0K(279552K) From: 83K(512K)->64K(12288K)
[606.725s][info][gc,heap        ] GC(1669) ParOldGen: 491486K(491520K)->491502K(491520K)
[606.725s][info][gc,metaspace   ] GC(1669) Metaspace: 35521K(36224K)->35521K(36224K) NonClass: 26310K(26816K)->26310K(26816K) Class: 9210K(9408K)->9210K(9408K)
[606.725s][info][gc             ] GC(1669) Pause Young (Allocation Failure) 764M->480M(765M) 1.461ms
[606.725s][info][gc,cpu         ] GC(1669) User=0.00s Sys=0.00s Real=0.00s
[607.164s][info][gc,start       ] GC(1670) Pause Young (Allocation Failure)
[607.166s][info][gc,heap        ] GC(1670) PSYoungGen: 279616K(291840K)->64K(269312K) Eden: 279552K(279552K)->0K(268800K) From: 64K(12288K)->64K(512K)
[607.166s][info][gc,heap        ] GC(1670) ParOldGen: 491502K(491520K)->491510K(491520K)
[607.166s][info][gc,metaspace   ] GC(1670) Metaspace: 35521K(36224K)->35521K(36224K) NonClass: 26310K(26816K)->26310K(26816K) Class: 9210K(9408K)->9210K(9408K)
[607.166s][info][gc             ] GC(1670) Pause Young (Allocation Failure) 753M->480M(743M) 1.842ms
[607.166s][info][gc,cpu         ] GC(1670) User=0.01s Sys=0.00s Real=0.00s
[608.147s][info][gc,start       ] GC(1671) Pause Young (Allocation Failure)
[608.149s][info][gc,heap        ] GC(1671) PSYoungGen: 268864K(269312K)->64K(269312K) Eden: 268800K(268800K)->0K(258560K) From: 64K(512K)->64K(10752K)
[608.149s][info][gc,heap        ] GC(1671) ParOldGen: 491510K(491520K)->491518K(491520K)
[608.149s][info][gc,metaspace   ] GC(1671) Metaspace: 35521K(36224K)->35521K(36224K) NonClass: 26310K(26816K)->26310K(26816K) Class: 9210K(9408K)->9210K(9408K)
[608.149s][info][gc             ] GC(1671) Pause Young (Allocation Failure) 742M->480M(743M) 2.311ms
[608.149s][info][gc,cpu         ] GC(1671) User=0.01s Sys=0.00s Real=0.01s
[608.510s][info][gc,start       ] GC(1672) Pause Young (Allocation Failure)
[608.512s][info][gc,heap        ] GC(1672) PSYoungGen: 258624K(269312K)->64K(249344K) Eden: 258560K(258560K)->0K(248832K) From: 64K(10752K)->64K(512K)
[608.512s][info][gc,heap        ] GC(1672) ParOldGen: 491518K(491520K)->491534K(492032K)
[608.512s][info][gc,metaspace   ] GC(1672) Metaspace: 35521K(36224K)->35521K(36224K) NonClass: 26310K(26816K)->26310K(26816K) Class: 9210K(9408K)->9210K(9408K)
[608.512s][info][gc             ] GC(1672) Pause Young (Allocation Failure) 732M->480M(724M) 2.508ms
[608.512s][info][gc,cpu         ] GC(1672) User=0.00s Sys=0.00s Real=0.00s
[608.656s][info][gc,start       ] GC(1673) Pause Young (Allocation Failure)
[608.659s][info][gc,heap        ] GC(1673) PSYoungGen: 248896K(249344K)->64K(248832K) Eden: 248832K(248832K)->0K(239616K) From: 64K(512K)->64K(9216K)
[608.659s][info][gc,heap        ] GC(1673) ParOldGen: 491534K(492032K)->491550K(492032K)
[608.659s][info][gc,metaspace   ] GC(1673) Metaspace: 35521K(36224K)->35521K(36224K) NonClass: 26310K(26816K)->26310K(26816K) Class: 9210K(9408K)->9210K(9408K)
[608.659s][info][gc             ] GC(1673) Pause Young (Allocation Failure) 723M->480M(723M) 2.638ms
[608.659s][info][gc,cpu         ] GC(1673) User=0.00s Sys=0.00s Real=0.01s
[608.916s][info][gc,start       ] GC(1674) Pause Young (Allocation Failure)
[608.918s][info][gc,heap        ] GC(1674) PSYoungGen: 239680K(248832K)->64K(230912K) Eden: 239616K(239616K)->0K(230400K) From: 64K(9216K)->64K(512K)
[608.919s][info][gc,heap        ] GC(1674) ParOldGen: 491550K(492032K)->491558K(492032K)
[608.919s][info][gc,metaspace   ] GC(1674) Metaspace: 35521K(36224K)->35521K(36224K) NonClass: 26310K(26816K)->26310K(26816K) Class: 9210K(9408K)->9210K(9408K)
[608.919s][info][gc             ] GC(1674) Pause Young (Allocation Failure) 714M->480M(706M) 2.625ms
[608.919s][info][gc,cpu         ] GC(1674) User=0.00s Sys=0.00s Real=0.01s
[609.354s][info][gc,start       ] GC(1675) Pause Young (Allocation Failure)
[609.356s][info][gc,heap        ] GC(1675) PSYoungGen: 230464K(230912K)->64K(229888K) Eden: 230400K(230400K)->0K(221696K) From: 64K(512K)->64K(8192K)
[609.356s][info][gc,heap        ] GC(1675) ParOldGen: 491558K(492032K)->491566K(492032K)
[609.356s][info][gc,metaspace   ] GC(1675) Metaspace: 35521K(36224K)->35521K(36224K) NonClass: 26310K(26816K)->26310K(26816K) Class: 9210K(9408K)->9210K(9408K)
[609.356s][info][gc             ] GC(1675) Pause Young (Allocation Failure) 705M->480M(705M) 1.561ms
[609.356s][info][gc,cpu         ] GC(1675) User=0.00s Sys=0.01s Real=0.00s
[609.638s][info][gc,start       ] GC(1676) Pause Young (Allocation Failure)
[609.640s][info][gc,heap        ] GC(1676) PSYoungGen: 221760K(229888K)->64K(214016K) Eden: 221696K(221696K)->0K(213504K) From: 64K(8192K)->64K(512K)
[609.640s][info][gc,heap        ] GC(1676) ParOldGen: 491566K(492032K)->491574K(492032K)
[609.640s][info][gc,metaspace   ] GC(1676) Metaspace: 35521K(36224K)->35521K(36224K) NonClass: 26310K(26816K)->26310K(26816K) Class: 9210K(9408K)->9210K(9408K)
[609.640s][info][gc             ] GC(1676) Pause Young (Allocation Failure) 696M->480M(689M) 1.967ms
[609.640s][info][gc,cpu         ] GC(1676) User=0.00s Sys=0.00s Real=0.01s
[609.935s][info][gc,start       ] GC(1677) Pause Young (Allocation Failure)
[609.977s][info][gc,heap        ] GC(1677) PSYoungGen: 213568K(214016K)->7168K(262656K) Eden: 213504K(213504K)->0K(255488K) From: 64K(512K)->7168K(7168K)
[609.977s][info][gc,heap        ] GC(1677) ParOldGen: 491574K(492032K)->506646K(506880K)
[609.977s][info][gc,metaspace   ] GC(1677) Metaspace: 35521K(36224K)->35521K(36224K) NonClass: 26310K(26816K)->26310K(26816K) Class: 9210K(9408K)->9210K(9408K)
[609.977s][info][gc             ] GC(1677) Pause Young (Allocation Failure) 688M->501M(751M) 42.279ms
[609.977s][info][gc,cpu         ] GC(1677) User=0.07s Sys=0.01s Real=0.04s
[610.311s][info][gc,start       ] GC(1678) Pause Young (Allocation Failure)
[610.372s][info][gc,heap        ] GC(1678) PSYoungGen: 262656K(262656K)->7168K(262144K) Eden: 255488K(255488K)->0K(254976K) From: 7168K(7168K)->7168K(7168K)
[610.372s][info][gc,heap        ] GC(1678) ParOldGen: 506646K(506880K)->529006K(529408K)
[610.372s][info][gc,metaspace   ] GC(1678) Metaspace: 35521K(36224K)->35521K(36224K) NonClass: 26310K(26816K)->26310K(26816K) Class: 9210K(9408K)->9210K(9408K)
[610.372s][info][gc             ] GC(1678) Pause Young (Allocation Failure) 751M->523M(773M) 60.933ms
[610.372s][info][gc,cpu         ] GC(1678) User=0.10s Sys=0.02s Real=0.06s
[610.540s][info][gc,start       ] GC(1679) Pause Young (Allocation Failure)
[610.566s][info][gc,heap        ] GC(1679) PSYoungGen: 262144K(262144K)->11328K(278016K) Eden: 254976K(254976K)->0K(254976K) From: 7168K(7168K)->11328K(23040K)
[610.566s][info][gc,heap        ] GC(1679) ParOldGen: 529006K(529408K)->529614K(529920K)
[610.566s][info][gc,metaspace   ] GC(1679) Metaspace: 35521K(36224K)->35521K(36224K) NonClass: 26310K(26816K)->26310K(26816K) Class: 9210K(9408K)->9210K(9408K)
[610.566s][info][gc             ] GC(1679) Pause Young (Allocation Failure) 772M->528M(789M) 26.161ms
[610.566s][info][gc,cpu         ] GC(1679) User=0.05s Sys=0.00s Real=0.02s
[610.887s][info][gc,start       ] GC(1680) Pause Young (Allocation Failure)
[610.888s][info][gc,heap        ] GC(1680) PSYoungGen: 266304K(278016K)->64K(310272K) Eden: 254976K(254976K)->0K(287232K) From: 11328K(23040K)->64K(23040K)
[610.888s][info][gc,heap        ] GC(1680) ParOldGen: 529614K(529920K)->529622K(529920K)
[610.888s][info][gc,metaspace   ] GC(1680) Metaspace: 35521K(36224K)->35521K(36224K) NonClass: 26310K(26816K)->26310K(26816K) Class: 9210K(9408K)->9210K(9408K)
[610.888s][info][gc             ] GC(1680) Pause Young (Allocation Failure) 777M->517M(820M) 1.786ms
[610.888s][info][gc,cpu         ] GC(1680) User=0.01s Sys=0.00s Real=0.00s
[611.511s][info][gc,start       ] GC(1681) Pause Young (Allocation Failure)
[611.512s][info][gc,heap        ] GC(1681) PSYoungGen: 287296K(310272K)->64K(287744K) Eden: 287232K(287232K)->0K(287232K) From: 64K(23040K)->64K(512K)
[611.512s][info][gc,heap        ] GC(1681) ParOldGen: 529622K(529920K)->529630K(529920K)
[611.512s][info][gc,metaspace   ] GC(1681) Metaspace: 35521K(36224K)->35521K(36224K) NonClass: 26310K(26816K)->26310K(26816K) Class: 9210K(9408K)->9210K(9408K)
[611.512s][info][gc             ] GC(1681) Pause Young (Allocation Failure) 797M->517M(798M) 1.681ms
[611.512s][info][gc,cpu         ] GC(1681) User=0.00s Sys=0.00s Real=0.00s
[611.969s][info][gc,start       ] GC(1682) Pause Young (Allocation Failure)
[611.971s][info][gc,heap        ] GC(1682) PSYoungGen: 287296K(287744K)->64K(310784K) Eden: 287232K(287232K)->0K(288768K) From: 64K(512K)->64K(22016K)
[611.971s][info][gc,heap        ] GC(1682) ParOldGen: 529630K(529920K)->529646K(529920K)
[611.971s][info][gc,metaspace   ] GC(1682) Metaspace: 35521K(36224K)->35521K(36224K) NonClass: 26310K(26816K)->26310K(26816K) Class: 9210K(9408K)->9210K(9408K)
[611.971s][info][gc             ] GC(1682) Pause Young (Allocation Failure) 797M->517M(821M) 1.723ms
[611.971s][info][gc,cpu         ] GC(1682) User=0.00s Sys=0.00s Real=0.00s
[612.209s][info][gc,start       ] GC(1683) Pause Young (Allocation Failure)
[612.211s][info][gc,heap        ] GC(1683) PSYoungGen: 288832K(310784K)->32K(309760K) Eden: 288768K(288768K)->0K(288768K) From: 64K(22016K)->32K(20992K)
[612.211s][info][gc,heap        ] GC(1683) ParOldGen: 529646K(529920K)->529662K(529920K)
[612.211s][info][gc,metaspace   ] GC(1683) Metaspace: 35521K(36224K)->35521K(36224K) NonClass: 26310K(26816K)->26310K(26816K) Class: 9210K(9408K)->9210K(9408K)
[612.211s][info][gc             ] GC(1683) Pause Young (Allocation Failure) 799M->517M(820M) 1.602ms
[612.211s][info][gc,cpu         ] GC(1683) User=0.01s Sys=0.00s Real=0.00s
[612.448s][info][gc,start       ] GC(1684) Pause Young (Allocation Failure)
[612.450s][info][gc,heap        ] GC(1684) PSYoungGen: 288800K(309760K)->64K(311808K) Eden: 288768K(288768K)->0K(291840K) From: 32K(20992K)->64K(19968K)
[612.450s][info][gc,heap        ] GC(1684) ParOldGen: 529662K(529920K)->529662K(529920K)
[612.450s][info][gc,metaspace   ] GC(1684) Metaspace: 35521K(36224K)->35521K(36224K) NonClass: 26310K(26816K)->26310K(26816K) Class: 9210K(9408K)->9210K(9408K)
[612.450s][info][gc             ] GC(1684) Pause Young (Allocation Failure) 799M->517M(822M) 1.593ms
[612.450s][info][gc,cpu         ] GC(1684) User=0.01s Sys=0.00s Real=0.01s
[612.755s][info][gc,start       ] GC(1685) Pause Young (Allocation Failure)
[612.756s][info][gc,heap        ] GC(1685) PSYoungGen: 291904K(311808K)->64K(311296K) Eden: 291840K(291840K)->0K(291840K) From: 64K(19968K)->64K(19456K)
[612.756s][info][gc,heap        ] GC(1685) ParOldGen: 529662K(529920K)->529662K(529920K)
[612.756s][info][gc,metaspace   ] GC(1685) Metaspace: 35521K(36224K)->35521K(36224K) NonClass: 26310K(26816K)->26310K(26816K) Class: 9210K(9408K)->9210K(9408K)
[612.756s][info][gc             ] GC(1685) Pause Young (Allocation Failure) 802M->517M(821M) 1.579ms
[612.756s][info][gc,cpu         ] GC(1685) User=0.00s Sys=0.00s Real=0.00s
[612.808s][info][gc,start       ] GC(1686) Pause Young (Allocation Failure)
[612.809s][info][gc,heap        ] GC(1686) PSYoungGen: 291904K(311296K)->64K(313344K) Eden: 291840K(291840K)->0K(295424K) From: 64K(19456K)->64K(17920K)
[612.809s][info][gc,heap        ] GC(1686) ParOldGen: 529662K(529920K)->529678K(529920K)
[612.809s][info][gc,metaspace   ] GC(1686) Metaspace: 35521K(36224K)->35521K(36224K) NonClass: 26310K(26816K)->26310K(26816K) Class: 9210K(9408K)->9210K(9408K)
[612.809s][info][gc             ] GC(1686) Pause Young (Allocation Failure) 802M->517M(823M) 1.674ms
[612.809s][info][gc,cpu         ] GC(1686) User=0.01s Sys=0.00s Real=0.01s
[612.895s][info][gc,start       ] GC(1687) Pause Young (Allocation Failure)
[612.897s][info][gc,heap        ] GC(1687) PSYoungGen: 295488K(313344K)->64K(312832K) Eden: 295424K(295424K)->0K(295424K) From: 64K(17920K)->64K(17408K)
[612.897s][info][gc,heap        ] GC(1687) ParOldGen: 529678K(529920K)->529678K(529920K)
[612.897s][info][gc,metaspace   ] GC(1687) Metaspace: 35521K(36224K)->35521K(36224K) NonClass: 26310K(26816K)->26310K(26816K) Class: 9210K(9408K)->9210K(9408K)
[612.897s][info][gc             ] GC(1687) Pause Young (Allocation Failure) 805M->517M(823M) 1.596ms
[612.897s][info][gc,cpu         ] GC(1687) User=0.00s Sys=0.00s Real=0.00s
[613.210s][info][gc,start       ] GC(1688) Pause Young (Allocation Failure)
[613.212s][info][gc,heap        ] GC(1688) PSYoungGen: 295488K(312832K)->64K(315392K) Eden: 295424K(295424K)->0K(299008K) From: 64K(17408K)->64K(16384K)
[613.212s][info][gc,heap        ] GC(1688) ParOldGen: 529678K(529920K)->529694K(529920K)
[613.212s][info][gc,metaspace   ] GC(1688) Metaspace: 35521K(36224K)->35521K(36224K) NonClass: 26310K(26816K)->26310K(26816K) Class: 9210K(9408K)->9210K(9408K)
[613.212s][info][gc             ] GC(1688) Pause Young (Allocation Failure) 805M->517M(825M) 1.562ms
[613.212s][info][gc,cpu         ] GC(1688) User=0.01s Sys=0.00s Real=0.00s
[613.437s][info][gc,start       ] GC(1689) Pause Young (Allocation Failure)
[613.439s][info][gc,heap        ] GC(1689) PSYoungGen: 299072K(315392K)->64K(314880K) Eden: 299008K(299008K)->0K(299008K) From: 64K(16384K)->64K(15872K)
[613.439s][info][gc,heap        ] GC(1689) ParOldGen: 529694K(529920K)->529694K(529920K)
[613.439s][info][gc,metaspace   ] GC(1689) Metaspace: 35521K(36224K)->35521K(36224K) NonClass: 26311K(26816K)->26311K(26816K) Class: 9210K(9408K)->9210K(9408K)
[613.439s][info][gc             ] GC(1689) Pause Young (Allocation Failure) 809M->517M(825M) 1.637ms
[613.439s][info][gc,cpu         ] GC(1689) User=0.00s Sys=0.00s Real=0.01s
[613.521s][info][gc,start       ] GC(1690) Pause Young (Allocation Failure)
[613.523s][info][gc,heap        ] GC(1690) PSYoungGen: 299072K(314880K)->64K(316928K) Eden: 299008K(299008K)->0K(302592K) From: 64K(15872K)->64K(14336K)
[613.523s][info][gc,heap        ] GC(1690) ParOldGen: 529694K(529920K)->529710K(529920K)
[613.523s][info][gc,metaspace   ] GC(1690) Metaspace: 35521K(36224K)->35521K(36224K) NonClass: 26311K(26816K)->26311K(26816K) Class: 9210K(9408K)->9210K(9408K)
[613.523s][info][gc             ] GC(1690) Pause Young (Allocation Failure) 809M->517M(827M) 1.600ms
[613.523s][info][gc,cpu         ] GC(1690) User=0.01s Sys=0.00s Real=0.00s
[613.688s][info][gc,start       ] GC(1691) Pause Young (Allocation Failure)
[613.690s][info][gc,heap        ] GC(1691) PSYoungGen: 302656K(316928K)->64K(316416K) Eden: 302592K(302592K)->0K(302592K) From: 64K(14336K)->64K(13824K)
[613.690s][info][gc,heap        ] GC(1691) ParOldGen: 529710K(529920K)->529710K(529920K)
[613.690s][info][gc,metaspace   ] GC(1691) Metaspace: 35521K(36224K)->35521K(36224K) NonClass: 26311K(26816K)->26311K(26816K) Class: 9210K(9408K)->9210K(9408K)
[613.690s][info][gc             ] GC(1691) Pause Young (Allocation Failure) 812M->517M(826M) 1.645ms
[613.690s][info][gc,cpu         ] GC(1691) User=0.00s Sys=0.00s Real=0.01s
[614.618s][info][gc,start       ] GC(1692) Pause Young (Allocation Failure)
[614.619s][info][gc,heap        ] GC(1692) PSYoungGen: 302656K(316416K)->64K(318976K) Eden: 302592K(302592K)->0K(306176K) From: 64K(13824K)->64K(12800K)
[614.619s][info][gc,heap        ] GC(1692) ParOldGen: 529710K(529920K)->529718K(529920K)
[614.619s][info][gc,metaspace   ] GC(1692) Metaspace: 35521K(36224K)->35521K(36224K) NonClass: 26311K(26816K)->26311K(26816K) Class: 9210K(9408K)->9210K(9408K)
[614.619s][info][gc             ] GC(1692) Pause Young (Allocation Failure) 812M->517M(829M) 1.704ms
[614.619s][info][gc,cpu         ] GC(1692) User=0.00s Sys=0.00s Real=0.01s
[615.440s][info][gc,start       ] GC(1693) Pause Young (Allocation Failure)
[615.441s][info][gc,heap        ] GC(1693) PSYoungGen: 306240K(318976K)->64K(294400K) Eden: 306176K(306176K)->0K(293888K) From: 64K(12800K)->64K(512K)
[615.441s][info][gc,heap        ] GC(1693) ParOldGen: 529718K(529920K)->529726K(529920K)
[615.441s][info][gc,metaspace   ] GC(1693) Metaspace: 35521K(36224K)->35521K(36224K) NonClass: 26311K(26816K)->26311K(26816K) Class: 9210K(9408K)->9210K(9408K)
[615.441s][info][gc             ] GC(1693) Pause Young (Allocation Failure) 816M->517M(805M) 1.695ms
[615.441s][info][gc,cpu         ] GC(1693) User=0.01s Sys=0.00s Real=0.00s
[615.766s][info][gc,start       ] GC(1694) Pause Young (Allocation Failure)
[615.767s][info][gc,heap        ] GC(1694) PSYoungGen: 293952K(294400K)->64K(282624K) Eden: 293888K(293888K)->0K(282112K) From: 64K(512K)->64K(512K)
[615.767s][info][gc,heap        ] GC(1694) ParOldGen: 529726K(529920K)->529734K(529920K)
[615.767s][info][gc,metaspace   ] GC(1694) Metaspace: 35521K(36224K)->35521K(36224K) NonClass: 26311K(26816K)->26311K(26816K) Class: 9210K(9408K)->9210K(9408K)
[615.767s][info][gc             ] GC(1694) Pause Young (Allocation Failure) 804M->517M(793M) 1.617ms
[615.767s][info][gc,cpu         ] GC(1694) User=0.00s Sys=0.00s Real=0.00s
[616.607s][info][gc,start       ] GC(1695) Pause Young (Allocation Failure)
[616.608s][info][gc,heap        ] GC(1695) PSYoungGen: 282176K(282624K)->64K(281600K) Eden: 282112K(282112K)->0K(270848K) From: 64K(512K)->64K(10752K)
[616.608s][info][gc,heap        ] GC(1695) ParOldGen: 529734K(529920K)->529742K(529920K)
[616.608s][info][gc,metaspace   ] GC(1695) Metaspace: 35521K(36224K)->35521K(36224K) NonClass: 26311K(26816K)->26311K(26816K) Class: 9210K(9408K)->9210K(9408K)
[616.608s][info][gc             ] GC(1695) Pause Young (Allocation Failure) 792M->517M(792M) 1.584ms
[616.608s][info][gc,cpu         ] GC(1695) User=0.00s Sys=0.00s Real=0.00s
[617.115s][info][gc,start       ] GC(1696) Pause Young (Allocation Failure)
[617.117s][info][gc,heap        ] GC(1696) PSYoungGen: 270912K(281600K)->64K(260608K) Eden: 270848K(270848K)->0K(260096K) From: 64K(10752K)->64K(512K)
[617.117s][info][gc,heap        ] GC(1696) ParOldGen: 529742K(529920K)->529750K(529920K)
[617.117s][info][gc,metaspace   ] GC(1696) Metaspace: 35521K(36224K)->35521K(36224K) NonClass: 26311K(26816K)->26311K(26816K) Class: 9210K(9408K)->9210K(9408K)
[617.117s][info][gc             ] GC(1696) Pause Young (Allocation Failure) 781M->517M(772M) 2.088ms
[617.117s][info][gc,cpu         ] GC(1696) User=0.01s Sys=0.00s Real=0.00s
[617.474s][info][gc,start       ] GC(1697) Pause Young (Allocation Failure)
[617.475s][info][gc,heap        ] GC(1697) PSYoungGen: 260160K(260608K)->64K(259072K) Eden: 260096K(260096K)->0K(249856K) From: 64K(512K)->64K(9216K)
[617.475s][info][gc,heap        ] GC(1697) ParOldGen: 529750K(529920K)->529758K(529920K)
[617.475s][info][gc,metaspace   ] GC(1697) Metaspace: 35521K(36224K)->35521K(36224K) NonClass: 26311K(26816K)->26311K(26816K) Class: 9210K(9408K)->9210K(9408K)
[617.475s][info][gc             ] GC(1697) Pause Young (Allocation Failure) 771M->517M(770M) 1.494ms
[617.475s][info][gc,cpu         ] GC(1697) User=0.01s Sys=0.00s Real=0.00s
[617.562s][info][gc,start       ] GC(1698) Pause Young (Allocation Failure)
[617.564s][info][gc,heap        ] GC(1698) PSYoungGen: 249920K(259072K)->64K(240640K) Eden: 249856K(249856K)->0K(240128K) From: 64K(9216K)->64K(512K)
[617.564s][info][gc,heap        ] GC(1698) ParOldGen: 529758K(529920K)->529766K(529920K)
[617.564s][info][gc,metaspace   ] GC(1698) Metaspace: 35521K(36224K)->35521K(36224K) NonClass: 26311K(26816K)->26311K(26816K) Class: 9210K(9408K)->9210K(9408K)
[617.564s][info][gc             ] GC(1698) Pause Young (Allocation Failure) 761M->517M(752M) 2.008ms
[617.564s][info][gc,cpu         ] GC(1698) User=0.01s Sys=0.00s Real=0.00s
[618.138s][info][gc,start       ] GC(1699) Pause Young (Allocation Failure)
[618.140s][info][gc,heap        ] GC(1699) PSYoungGen: 240192K(240640K)->64K(239104K) Eden: 240128K(240128K)->0K(230912K) From: 64K(512K)->64K(8192K)
[618.140s][info][gc,heap        ] GC(1699) ParOldGen: 529766K(529920K)->529774K(529920K)
[618.140s][info][gc,metaspace   ] GC(1699) Metaspace: 35521K(36224K)->35521K(36224K) NonClass: 26311K(26816K)->26311K(26816K) Class: 9210K(9408K)->9210K(9408K)
[618.140s][info][gc             ] GC(1699) Pause Young (Allocation Failure) 751M->517M(751M) 1.655ms
[618.140s][info][gc,cpu         ] GC(1699) User=0.00s Sys=0.00s Real=0.01s
[618.344s][info][gc,start       ] GC(1700) Pause Young (Allocation Failure)
[618.346s][info][gc,heap        ] GC(1700) PSYoungGen: 230976K(239104K)->64K(222720K) Eden: 230912K(230912K)->0K(222208K) From: 64K(8192K)->64K(512K)
[618.346s][info][gc,heap        ] GC(1700) ParOldGen: 529774K(529920K)->529782K(529920K)
[618.346s][info][gc,metaspace   ] GC(1700) Metaspace: 35521K(36224K)->35521K(36224K) NonClass: 26311K(26816K)->26311K(26816K) Class: 9210K(9408K)->9210K(9408K)
[618.346s][info][gc             ] GC(1700) Pause Young (Allocation Failure) 742M->517M(735M) 1.999ms
[618.346s][info][gc,cpu         ] GC(1700) User=0.01s Sys=0.00s Real=0.00s
[618.685s][info][gc,start       ] GC(1701) Pause Young (Allocation Failure)
[618.711s][info][gc,heap        ] GC(1701) PSYoungGen: 222272K(222720K)->7168K(272384K) Eden: 222208K(222208K)->0K(265216K) From: 64K(512K)->7168K(7168K)
[618.711s][info][gc,heap        ] GC(1701) ParOldGen: 529782K(529920K)->536702K(537088K)
[618.711s][info][gc,metaspace   ] GC(1701) Metaspace: 35521K(36224K)->35521K(36224K) NonClass: 26311K(26816K)->26311K(26816K) Class: 9210K(9408K)->9210K(9408K)
[618.711s][info][gc             ] GC(1701) Pause Young (Allocation Failure) 734M->531M(790M) 25.622ms
[618.711s][info][gc,cpu         ] GC(1701) User=0.04s Sys=0.01s Real=0.03s
[619.058s][info][gc,start       ] GC(1702) Pause Young (Allocation Failure)
[619.119s][info][gc,heap        ] GC(1702) PSYoungGen: 272384K(272384K)->11264K(266752K) Eden: 265216K(265216K)->0K(255488K) From: 7168K(7168K)->11264K(11264K)
[619.119s][info][gc,heap        ] GC(1702) ParOldGen: 536702K(537088K)->555846K(556032K)
[619.119s][info][gc,metaspace   ] GC(1702) Metaspace: 35521K(36224K)->35521K(36224K) NonClass: 26311K(26816K)->26311K(26816K) Class: 9210K(9408K)->9210K(9408K)
[619.119s][info][gc             ] GC(1702) Pause Young (Allocation Failure) 790M->553M(803M) 61.341ms
[619.119s][info][gc,cpu         ] GC(1702) User=0.10s Sys=0.02s Real=0.07s
[619.354s][info][gc,start       ] GC(1703) Pause Young (Allocation Failure)
[619.388s][info][gc,heap        ] GC(1703) PSYoungGen: 266752K(266752K)->18368K(276480K) Eden: 255488K(255488K)->0K(255488K) From: 11264K(11264K)->18368K(20992K)
[619.388s][info][gc,heap        ] GC(1703) ParOldGen: 555846K(556032K)->556358K(556544K)
[619.388s][info][gc,metaspace   ] GC(1703) Metaspace: 35521K(36224K)->35521K(36224K) NonClass: 26311K(26816K)->26311K(26816K) Class: 9210K(9408K)->9210K(9408K)
[619.388s][info][gc             ] GC(1703) Pause Young (Allocation Failure) 803M->561M(813M) 33.455ms
[619.388s][info][gc,cpu         ] GC(1703) User=0.07s Sys=0.00s Real=0.03s
[619.566s][info][gc,start       ] GC(1704) Pause Young (Allocation Failure)
[619.568s][info][gc,heap        ] GC(1704) PSYoungGen: 273856K(276480K)->64K(310272K) Eden: 255488K(255488K)->0K(285696K) From: 18368K(20992K)->64K(24576K)
[619.568s][info][gc,heap        ] GC(1704) ParOldGen: 556358K(556544K)->556366K(556544K)
[619.568s][info][gc,metaspace   ] GC(1704) Metaspace: 35521K(36224K)->35521K(36224K) NonClass: 26311K(26816K)->26311K(26816K) Class: 9210K(9408K)->9210K(9408K)
[619.568s][info][gc             ] GC(1704) Pause Young (Allocation Failure) 810M->543M(846M) 1.795ms
[619.568s][info][gc,cpu         ] GC(1704) User=0.00s Sys=0.00s Real=0.00s
[620.263s][info][gc,start       ] GC(1705) Pause Young (Allocation Failure)
[620.265s][info][gc,heap        ] GC(1705) PSYoungGen: 285760K(310272K)->64K(286208K) Eden: 285696K(285696K)->0K(285696K) From: 64K(24576K)->64K(512K)
[620.265s][info][gc,heap        ] GC(1705) ParOldGen: 556366K(556544K)->556374K(556544K)
[620.265s][info][gc,metaspace   ] GC(1705) Metaspace: 35521K(36224K)->35521K(36224K) NonClass: 26311K(26816K)->26311K(26816K) Class: 9210K(9408K)->9210K(9408K)
[620.265s][info][gc             ] GC(1705) Pause Young (Allocation Failure) 822M->543M(823M) 1.800ms
[620.265s][info][gc,cpu         ] GC(1705) User=0.01s Sys=0.00s Real=0.00s
[620.741s][info][gc,start       ] GC(1706) Pause Young (Allocation Failure)
[620.743s][info][gc,heap        ] GC(1706) PSYoungGen: 285760K(286208K)->64K(309760K) Eden: 285696K(285696K)->0K(286720K) From: 64K(512K)->64K(23040K)
[620.743s][info][gc,heap        ] GC(1706) ParOldGen: 556374K(556544K)->556390K(556544K)
[620.743s][info][gc,metaspace   ] GC(1706) Metaspace: 35521K(36224K)->35521K(36224K) NonClass: 26311K(26816K)->26311K(26816K) Class: 9210K(9408K)->9210K(9408K)
[620.743s][info][gc             ] GC(1706) Pause Young (Allocation Failure) 822M->543M(846M) 1.830ms
[620.743s][info][gc,cpu         ] GC(1706) User=0.00s Sys=0.00s Real=0.00s
[620.978s][info][gc,start       ] GC(1707) Pause Young (Allocation Failure)
[620.980s][info][gc,heap        ] GC(1707) PSYoungGen: 286784K(309760K)->64K(308736K) Eden: 286720K(286720K)->0K(286720K) From: 64K(23040K)->64K(22016K)
[620.980s][info][gc,heap        ] GC(1707) ParOldGen: 556390K(556544K)->556406K(556544K)
[620.980s][info][gc,metaspace   ] GC(1707) Metaspace: 35521K(36224K)->35521K(36224K) NonClass: 26311K(26816K)->26311K(26816K) Class: 9210K(9408K)->9210K(9408K)
[620.980s][info][gc             ] GC(1707) Pause Young (Allocation Failure) 823M->543M(845M) 1.727ms
[620.980s][info][gc,cpu         ] GC(1707) User=0.00s Sys=0.00s Real=0.01s
[621.216s][info][gc,start       ] GC(1708) Pause Young (Allocation Failure)
[621.217s][info][gc,heap        ] GC(1708) PSYoungGen: 286784K(308736K)->64K(310784K) Eden: 286720K(286720K)->0K(289792K) From: 64K(22016K)->64K(20992K)
[621.217s][info][gc,heap        ] GC(1708) ParOldGen: 556406K(556544K)->556406K(556544K)
[621.217s][info][gc,metaspace   ] GC(1708) Metaspace: 35521K(36224K)->35521K(36224K) NonClass: 26311K(26816K)->26311K(26816K) Class: 9210K(9408K)->9210K(9408K)
[621.217s][info][gc             ] GC(1708) Pause Young (Allocation Failure) 823M->543M(847M) 1.724ms
[621.217s][info][gc,cpu         ] GC(1708) User=0.01s Sys=0.00s Real=0.00s
[621.568s][info][gc,start       ] GC(1709) Pause Young (Allocation Failure)
[621.569s][info][gc,heap        ] GC(1709) PSYoungGen: 289856K(310784K)->64K(309760K) Eden: 289792K(289792K)->0K(289792K) From: 64K(20992K)->64K(19968K)
[621.569s][info][gc,heap        ] GC(1709) ParOldGen: 556406K(556544K)->556406K(556544K)
[621.569s][info][gc,metaspace   ] GC(1709) Metaspace: 35521K(36224K)->35521K(36224K) NonClass: 26311K(26816K)->26311K(26816K) Class: 9210K(9408K)->9210K(9408K)
[621.569s][info][gc             ] GC(1709) Pause Young (Allocation Failure) 826M->543M(846M) 1.659ms
[621.569s][info][gc,cpu         ] GC(1709) User=0.01s Sys=0.00s Real=0.01s
[621.619s][info][gc,start       ] GC(1710) Pause Young (Allocation Failure)
[621.621s][info][gc,heap        ] GC(1710) PSYoungGen: 289856K(309760K)->64K(312832K) Eden: 289792K(289792K)->0K(293888K) From: 64K(19968K)->64K(18944K)
[621.621s][info][gc,heap        ] GC(1710) ParOldGen: 556406K(556544K)->556422K(556544K)
[621.621s][info][gc,metaspace   ] GC(1710) Metaspace: 35521K(36224K)->35521K(36224K) NonClass: 26311K(26816K)->26311K(26816K) Class: 9210K(9408K)->9210K(9408K)
[621.621s][info][gc             ] GC(1710) Pause Young (Allocation Failure) 826M->543M(849M) 1.571ms
[621.621s][info][gc,cpu         ] GC(1710) User=0.00s Sys=0.00s Real=0.00s
[621.673s][info][gc,start       ] GC(1711) Pause Young (Allocation Failure)
[621.675s][info][gc,heap        ] GC(1711) PSYoungGen: 293952K(312832K)->64K(311808K) Eden: 293888K(293888K)->0K(293888K) From: 64K(18944K)->64K(17920K)
[621.675s][info][gc,heap        ] GC(1711) ParOldGen: 556422K(556544K)->556422K(556544K)
[621.675s][info][gc,metaspace   ] GC(1711) Metaspace: 35521K(36224K)->35521K(36224K) NonClass: 26311K(26816K)->26311K(26816K) Class: 9210K(9408K)->9210K(9408K)
[621.675s][info][gc             ] GC(1711) Pause Young (Allocation Failure) 830M->543M(848M) 1.631ms
[621.675s][info][gc,cpu         ] GC(1711) User=0.00s Sys=0.00s Real=0.00s
[621.951s][info][gc,start       ] GC(1712) Pause Young (Allocation Failure)
[621.952s][info][gc,heap        ] GC(1712) PSYoungGen: 293952K(311808K)->64K(314880K) Eden: 293888K(293888K)->0K(297984K) From: 64K(17920K)->64K(16896K)
[621.952s][info][gc,heap        ] GC(1712) ParOldGen: 556422K(556544K)->556422K(556544K)
[621.952s][info][gc,metaspace   ] GC(1712) Metaspace: 35521K(36224K)->35521K(36224K) NonClass: 26311K(26816K)->26311K(26816K) Class: 9210K(9408K)->9210K(9408K)
[621.952s][info][gc             ] GC(1712) Pause Young (Allocation Failure) 830M->543M(851M) 1.603ms
[621.952s][info][gc,cpu         ] GC(1712) User=0.00s Sys=0.00s Real=0.00s
[622.217s][info][gc,start       ] GC(1713) Pause Young (Allocation Failure)
[622.219s][info][gc,heap        ] GC(1713) PSYoungGen: 298048K(314880K)->64K(313856K) Eden: 297984K(297984K)->0K(297984K) From: 64K(16896K)->64K(15872K)
[622.219s][info][gc,heap        ] GC(1713) ParOldGen: 556422K(556544K)->556430K(556544K)
[622.219s][info][gc,metaspace   ] GC(1713) Metaspace: 35521K(36224K)->35521K(36224K) NonClass: 26311K(26816K)->26311K(26816K) Class: 9210K(9408K)->9210K(9408K)
[622.219s][info][gc             ] GC(1713) Pause Young (Allocation Failure) 834M->543M(850M) 1.761ms
[622.219s][info][gc,cpu         ] GC(1713) User=0.00s Sys=0.00s Real=0.01s
[622.320s][info][gc,start       ] GC(1714) Pause Young (Allocation Failure)
[622.322s][info][gc,heap        ] GC(1714) PSYoungGen: 298048K(313856K)->64K(316928K) Eden: 297984K(297984K)->0K(302080K) From: 64K(15872K)->64K(14848K)
[622.322s][info][gc,heap        ] GC(1714) ParOldGen: 556430K(556544K)->556438K(556544K)
[622.322s][info][gc,metaspace   ] GC(1714) Metaspace: 35521K(36224K)->35521K(36224K) NonClass: 26311K(26816K)->26311K(26816K) Class: 9210K(9408K)->9210K(9408K)
[622.322s][info][gc             ] GC(1714) Pause Young (Allocation Failure) 834M->543M(853M) 1.728ms
[622.322s][info][gc,cpu         ] GC(1714) User=0.00s Sys=0.00s Real=0.00s
[622.461s][info][gc,start       ] GC(1715) Pause Young (Allocation Failure)
[622.463s][info][gc,heap        ] GC(1715) PSYoungGen: 302144K(316928K)->64K(316416K) Eden: 302080K(302080K)->0K(302080K) From: 64K(14848K)->64K(14336K)
[622.463s][info][gc,heap        ] GC(1715) ParOldGen: 556438K(556544K)->556446K(556544K)
[622.463s][info][gc,metaspace   ] GC(1715) Metaspace: 35521K(36224K)->35521K(36224K) NonClass: 26311K(26816K)->26311K(26816K) Class: 9210K(9408K)->9210K(9408K)
[622.463s][info][gc             ] GC(1715) Pause Young (Allocation Failure) 838M->543M(852M) 1.782ms
[622.463s][info][gc,cpu         ] GC(1715) User=0.01s Sys=0.00s Real=0.00s
[622.855s][info][gc,start       ] GC(1716) Pause Young (Allocation Failure)
[622.857s][info][gc,heap        ] GC(1716) PSYoungGen: 302144K(316416K)->64K(318464K) Eden: 302080K(302080K)->0K(305152K) From: 64K(14336K)->64K(13312K)
[622.857s][info][gc,heap        ] GC(1716) ParOldGen: 556446K(556544K)->556454K(556544K)
[622.857s][info][gc,metaspace   ] GC(1716) Metaspace: 35521K(36224K)->35521K(36224K) NonClass: 26311K(26816K)->26311K(26816K) Class: 9210K(9408K)->9210K(9408K)
[622.857s][info][gc             ] GC(1716) Pause Young (Allocation Failure) 838M->543M(854M) 1.750ms
[622.857s][info][gc,cpu         ] GC(1716) User=0.00s Sys=0.00s Real=0.00s
[623.478s][info][gc,start       ] GC(1717) Pause Young (Allocation Failure)
[623.479s][info][gc,heap        ] GC(1717) PSYoungGen: 305216K(318464K)->64K(317952K) Eden: 305152K(305152K)->0K(305152K) From: 64K(13312K)->64K(12800K)
[623.479s][info][gc,heap        ] GC(1717) ParOldGen: 556454K(556544K)->556462K(556544K)
[623.479s][info][gc,metaspace   ] GC(1717) Metaspace: 35521K(36224K)->35521K(36224K) NonClass: 26311K(26816K)->26311K(26816K) Class: 9210K(9408K)->9210K(9408K)
[623.479s][info][gc             ] GC(1717) Pause Young (Allocation Failure) 841M->543M(854M) 1.710ms
[623.479s][info][gc,cpu         ] GC(1717) User=0.00s Sys=0.00s Real=0.01s
[624.437s][info][gc,start       ] GC(1718) Pause Young (Allocation Failure)
[624.439s][info][gc,heap        ] GC(1718) PSYoungGen: 305216K(317952K)->64K(293376K) Eden: 305152K(305152K)->0K(292864K) From: 64K(12800K)->64K(512K)
[624.439s][info][gc,heap        ] GC(1718) ParOldGen: 556462K(556544K)->556470K(556544K)
[624.439s][info][gc,metaspace   ] GC(1718) Metaspace: 35521K(36224K)->35521K(36224K) NonClass: 26311K(26816K)->26311K(26816K) Class: 9210K(9408K)->9210K(9408K)
[624.439s][info][gc             ] GC(1718) Pause Young (Allocation Failure) 841M->543M(830M) 1.800ms
[624.439s][info][gc,cpu         ] GC(1718) User=0.01s Sys=0.00s Real=0.01s
[624.957s][info][gc,start       ] GC(1719) Pause Young (Allocation Failure)
[624.958s][info][gc,heap        ] GC(1719) PSYoungGen: 292928K(293376K)->64K(291840K) Eden: 292864K(292864K)->0K(281088K) From: 64K(512K)->64K(10752K)
[624.958s][info][gc,heap        ] GC(1719) ParOldGen: 556470K(556544K)->556478K(556544K)
[624.958s][info][gc,metaspace   ] GC(1719) Metaspace: 35521K(36224K)->35521K(36224K) NonClass: 26311K(26816K)->26311K(26816K) Class: 9210K(9408K)->9210K(9408K)
[624.958s][info][gc             ] GC(1719) Pause Young (Allocation Failure) 829M->543M(828M) 1.651ms
[624.958s][info][gc,cpu         ] GC(1719) User=0.00s Sys=0.00s Real=0.00s
[625.900s][info][gc,start       ] GC(1720) Pause Young (Allocation Failure)
[625.902s][info][gc,heap        ] GC(1720) PSYoungGen: 281152K(291840K)->64K(270336K) Eden: 281088K(281088K)->0K(269824K) From: 64K(10752K)->64K(512K)
[625.902s][info][gc,heap        ] GC(1720) ParOldGen: 556478K(556544K)->556486K(556544K)
[625.902s][info][gc,metaspace   ] GC(1720) Metaspace: 35521K(36224K)->35521K(36224K) NonClass: 26311K(26816K)->26311K(26816K) Class: 9210K(9408K)->9210K(9408K)
[625.902s][info][gc             ] GC(1720) Pause Young (Allocation Failure) 817M->543M(807M) 1.846ms
[625.902s][info][gc,cpu         ] GC(1720) User=0.00s Sys=0.00s Real=0.00s
[626.285s][info][gc,start       ] GC(1721) Pause Young (Allocation Failure)
[626.287s][info][gc,heap        ] GC(1721) PSYoungGen: 269888K(270336K)->64K(269312K) Eden: 269824K(269824K)->0K(259584K) From: 64K(512K)->64K(9728K)
[626.287s][info][gc,heap        ] GC(1721) ParOldGen: 556486K(556544K)->556494K(556544K)
[626.287s][info][gc,metaspace   ] GC(1721) Metaspace: 35521K(36224K)->35521K(36224K) NonClass: 26311K(26816K)->26311K(26816K) Class: 9210K(9408K)->9210K(9408K)
[626.287s][info][gc             ] GC(1721) Pause Young (Allocation Failure) 807M->543M(806M) 1.748ms
[626.287s][info][gc,cpu         ] GC(1721) User=0.00s Sys=0.00s Real=0.00s
[626.361s][info][gc,start       ] GC(1722) Pause Young (Allocation Failure)
[626.363s][info][gc,heap        ] GC(1722) PSYoungGen: 259648K(269312K)->64K(250368K) Eden: 259584K(259584K)->0K(249856K) From: 64K(9728K)->64K(512K)
[626.363s][info][gc,heap        ] GC(1722) ParOldGen: 556494K(556544K)->556502K(556544K)
[626.363s][info][gc,metaspace   ] GC(1722) Metaspace: 35521K(36224K)->35521K(36224K) NonClass: 26311K(26816K)->26311K(26816K) Class: 9210K(9408K)->9210K(9408K)
[626.363s][info][gc             ] GC(1722) Pause Young (Allocation Failure) 797M->543M(788M) 1.795ms
[626.363s][info][gc,cpu         ] GC(1722) User=0.01s Sys=0.00s Real=0.00s
[626.906s][info][gc,start       ] GC(1723) Pause Young (Allocation Failure)
[626.908s][info][gc,heap        ] GC(1723) PSYoungGen: 249920K(250368K)->64K(248320K) Eden: 249856K(249856K)->0K(240128K) From: 64K(512K)->64K(8192K)
[626.908s][info][gc,heap        ] GC(1723) ParOldGen: 556502K(556544K)->556510K(556544K)
[626.908s][info][gc,metaspace   ] GC(1723) Metaspace: 35521K(36224K)->35521K(36224K) NonClass: 26311K(26816K)->26311K(26816K) Class: 9210K(9408K)->9210K(9408K)
[626.908s][info][gc             ] GC(1723) Pause Young (Allocation Failure) 787M->543M(786M) 1.597ms
[626.908s][info][gc,cpu         ] GC(1723) User=0.00s Sys=0.00s Real=0.00s
[627.148s][info][gc,start       ] GC(1724) Pause Young (Allocation Failure)
[627.150s][info][gc,heap        ] GC(1724) PSYoungGen: 240192K(248320K)->64K(231424K) Eden: 240128K(240128K)->0K(230912K) From: 64K(8192K)->64K(512K)
[627.150s][info][gc,heap        ] GC(1724) ParOldGen: 556510K(556544K)->556518K(556544K)
[627.150s][info][gc,metaspace   ] GC(1724) Metaspace: 35521K(36224K)->35521K(36224K) NonClass: 26311K(26816K)->26311K(26816K) Class: 9210K(9408K)->9210K(9408K)
[627.150s][info][gc             ] GC(1724) Pause Young (Allocation Failure) 778M->543M(769M) 1.999ms
[627.150s][info][gc,cpu         ] GC(1724) User=0.00s Sys=0.00s Real=0.01s
[627.505s][info][gc,start       ] GC(1725) Pause Young (Allocation Failure)
[627.532s][info][gc,heap        ] GC(1725) PSYoungGen: 230976K(231424K)->7168K(283136K) Eden: 230912K(230912K)->0K(275968K) From: 64K(512K)->7168K(7168K)
[627.532s][info][gc,heap        ] GC(1725) ParOldGen: 556518K(556544K)->563438K(563712K)
[627.532s][info][gc,metaspace   ] GC(1725) Metaspace: 35521K(36224K)->35521K(36224K) NonClass: 26311K(26816K)->26311K(26816K) Class: 9210K(9408K)->9210K(9408K)
[627.532s][info][gc             ] GC(1725) Pause Young (Allocation Failure) 769M->557M(827M) 27.123ms
[627.532s][info][gc,cpu         ] GC(1725) User=0.05s Sys=0.00s Real=0.03s
[627.891s][info][gc,start       ] GC(1726) Pause Young (Allocation Failure)
[627.955s][info][gc,heap        ] GC(1726) PSYoungGen: 283136K(283136K)->11776K(278016K) Eden: 275968K(275968K)->0K(266240K) From: 7168K(7168K)->11776K(11776K)
[627.955s][info][gc,heap        ] GC(1726) ParOldGen: 563438K(563712K)->583294K(583680K)
[627.955s][info][gc,metaspace   ] GC(1726) Metaspace: 35521K(36224K)->35521K(36224K) NonClass: 26311K(26816K)->26311K(26816K) Class: 9210K(9408K)->9210K(9408K)
[627.955s][info][gc             ] GC(1726) Pause Young (Allocation Failure) 826M->581M(841M) 63.935ms
[627.955s][info][gc,cpu         ] GC(1726) User=0.12s Sys=0.01s Real=0.06s
[628.180s][info][gc,start       ] GC(1727) Pause Young (Allocation Failure)
[628.212s][info][gc,heap        ] GC(1727) PSYoungGen: 278016K(278016K)->17120K(287744K) Eden: 266240K(266240K)->0K(266240K) From: 11776K(11776K)->17120K(21504K)
[628.212s][info][gc,heap        ] GC(1727) ParOldGen: 583294K(583680K)->583838K(584192K)
[628.212s][info][gc,metaspace   ] GC(1727) Metaspace: 35521K(36224K)->35521K(36224K) NonClass: 26311K(26816K)->26311K(26816K) Class: 9210K(9408K)->9210K(9408K)
[628.212s][info][gc             ] GC(1727) Pause Young (Allocation Failure) 841M->586M(851M) 32.163ms
[628.212s][info][gc,cpu         ] GC(1727) User=0.06s Sys=0.00s Real=0.03s
[628.463s][info][gc,start       ] GC(1728) Pause Young (Allocation Failure)
[628.465s][info][gc,heap        ] GC(1728) PSYoungGen: 283360K(287744K)->64K(310272K) Eden: 266240K(266240K)->0K(285696K) From: 17120K(21504K)->64K(24576K)
[628.465s][info][gc,heap        ] GC(1728) ParOldGen: 583838K(584192K)->583846K(584192K)
[628.465s][info][gc,metaspace   ] GC(1728) Metaspace: 35521K(36224K)->35521K(36224K) NonClass: 26311K(26816K)->26311K(26816K) Class: 9210K(9408K)->9210K(9408K)
[628.465s][info][gc             ] GC(1728) Pause Young (Allocation Failure) 846M->570M(873M) 1.906ms
[628.465s][info][gc,cpu         ] GC(1728) User=0.00s Sys=0.00s Real=0.00s
[629.117s][info][gc,start       ] GC(1729) Pause Young (Allocation Failure)
[629.119s][info][gc,heap        ] GC(1729) PSYoungGen: 285760K(310272K)->64K(286208K) Eden: 285696K(285696K)->0K(285696K) From: 64K(24576K)->64K(512K)
[629.119s][info][gc,heap        ] GC(1729) ParOldGen: 583846K(584192K)->583854K(584192K)
[629.119s][info][gc,metaspace   ] GC(1729) Metaspace: 35521K(36224K)->35521K(36224K) NonClass: 26311K(26816K)->26311K(26816K) Class: 9210K(9408K)->9210K(9408K)
[629.119s][info][gc             ] GC(1729) Pause Young (Allocation Failure) 849M->570M(850M) 1.870ms
[629.119s][info][gc,cpu         ] GC(1729) User=0.00s Sys=0.00s Real=0.01s
[629.578s][info][gc,start       ] GC(1730) Pause Young (Allocation Failure)
[629.580s][info][gc,heap        ] GC(1730) PSYoungGen: 285760K(286208K)->64K(309760K) Eden: 285696K(285696K)->0K(286720K) From: 64K(512K)->64K(23040K)
[629.580s][info][gc,heap        ] GC(1730) ParOldGen: 583854K(584192K)->583870K(584192K)
[629.580s][info][gc,metaspace   ] GC(1730) Metaspace: 35521K(36224K)->35521K(36224K) NonClass: 26311K(26816K)->26311K(26816K) Class: 9210K(9408K)->9210K(9408K)
[629.580s][info][gc             ] GC(1730) Pause Young (Allocation Failure) 849M->570M(873M) 1.868ms
[629.580s][info][gc,cpu         ] GC(1730) User=0.00s Sys=0.00s Real=0.01s
[629.813s][info][gc,start       ] GC(1731) Pause Young (Allocation Failure)
[629.815s][info][gc,heap        ] GC(1731) PSYoungGen: 286784K(309760K)->64K(308736K) Eden: 286720K(286720K)->0K(286720K) From: 64K(23040K)->64K(22016K)
[629.815s][info][gc,heap        ] GC(1731) ParOldGen: 583870K(584192K)->583886K(584192K)
[629.815s][info][gc,metaspace   ] GC(1731) Metaspace: 35521K(36224K)->35521K(36224K) NonClass: 26311K(26816K)->26311K(26816K) Class: 9210K(9408K)->9210K(9408K)
[629.815s][info][gc             ] GC(1731) Pause Young (Allocation Failure) 850M->570M(872M) 1.728ms
[629.815s][info][gc,cpu         ] GC(1731) User=0.00s Sys=0.00s Real=0.00s
[630.049s][info][gc,start       ] GC(1732) Pause Young (Allocation Failure)
[630.051s][info][gc,heap        ] GC(1732) PSYoungGen: 286784K(308736K)->64K(310784K) Eden: 286720K(286720K)->0K(289792K) From: 64K(22016K)->64K(20992K)
[630.051s][info][gc,heap        ] GC(1732) ParOldGen: 583886K(584192K)->583886K(584192K)
[630.051s][info][gc,metaspace   ] GC(1732) Metaspace: 35521K(36224K)->35521K(36224K) NonClass: 26311K(26816K)->26311K(26816K) Class: 9210K(9408K)->9210K(9408K)
[630.051s][info][gc             ] GC(1732) Pause Young (Allocation Failure) 850M->570M(874M) 1.700ms
[630.051s][info][gc,cpu         ] GC(1732) User=0.00s Sys=0.00s Real=0.00s
[630.375s][info][gc,start       ] GC(1733) Pause Young (Allocation Failure)
[630.377s][info][gc,heap        ] GC(1733) PSYoungGen: 289856K(310784K)->64K(309760K) Eden: 289792K(289792K)->0K(289792K) From: 64K(20992K)->64K(19968K)
[630.377s][info][gc,heap        ] GC(1733) ParOldGen: 583886K(584192K)->583886K(584192K)
[630.377s][info][gc,metaspace   ] GC(1733) Metaspace: 35521K(36224K)->35521K(36224K) NonClass: 26311K(26816K)->26311K(26816K) Class: 9210K(9408K)->9210K(9408K)
[630.377s][info][gc             ] GC(1733) Pause Young (Allocation Failure) 853M->570M(873M) 1.631ms
[630.377s][info][gc,cpu         ] GC(1733) User=0.00s Sys=0.00s Real=0.00s
[630.427s][info][gc,start       ] GC(1734) Pause Young (Allocation Failure)
[630.428s][info][gc,heap        ] GC(1734) PSYoungGen: 289856K(309760K)->64K(312832K) Eden: 289792K(289792K)->0K(293888K) From: 64K(19968K)->64K(18944K)
[630.428s][info][gc,heap        ] GC(1734) ParOldGen: 583886K(584192K)->583902K(584192K)
[630.428s][info][gc,metaspace   ] GC(1734) Metaspace: 35521K(36224K)->35521K(36224K) NonClass: 26311K(26816K)->26311K(26816K) Class: 9210K(9408K)->9210K(9408K)
[630.428s][info][gc             ] GC(1734) Pause Young (Allocation Failure) 853M->570M(876M) 1.617ms
[630.428s][info][gc,cpu         ] GC(1734) User=0.00s Sys=0.00s Real=0.00s
[630.478s][info][gc,start       ] GC(1735) Pause Young (Allocation Failure)
[630.480s][info][gc,heap        ] GC(1735) PSYoungGen: 293952K(312832K)->64K(311808K) Eden: 293888K(293888K)->0K(293888K) From: 64K(18944K)->64K(17920K)
[630.480s][info][gc,heap        ] GC(1735) ParOldGen: 583902K(584192K)->583902K(584192K)
[630.480s][info][gc,metaspace   ] GC(1735) Metaspace: 35521K(36224K)->35521K(36224K) NonClass: 26311K(26816K)->26311K(26816K) Class: 9210K(9408K)->9210K(9408K)
[630.480s][info][gc             ] GC(1735) Pause Young (Allocation Failure) 857M->570M(875M) 1.524ms
[630.480s][info][gc,cpu         ] GC(1735) User=0.00s Sys=0.00s Real=0.01s
[630.785s][info][gc,start       ] GC(1736) Pause Young (Allocation Failure)
[630.787s][info][gc,heap        ] GC(1736) PSYoungGen: 293952K(311808K)->64K(314880K) Eden: 293888K(293888K)->0K(297984K) From: 64K(17920K)->64K(16896K)
[630.787s][info][gc,heap        ] GC(1736) ParOldGen: 583902K(584192K)->583902K(584192K)
[630.787s][info][gc,metaspace   ] GC(1736) Metaspace: 35521K(36224K)->35521K(36224K) NonClass: 26311K(26816K)->26311K(26816K) Class: 9210K(9408K)->9210K(9408K)
[630.787s][info][gc             ] GC(1736) Pause Young (Allocation Failure) 857M->570M(878M) 1.768ms
[630.787s][info][gc,cpu         ] GC(1736) User=0.00s Sys=0.00s Real=0.00s
[631.037s][info][gc,start       ] GC(1737) Pause Young (Allocation Failure)
[631.039s][info][gc,heap        ] GC(1737) PSYoungGen: 298048K(314880K)->64K(313856K) Eden: 297984K(297984K)->0K(297984K) From: 64K(16896K)->64K(15872K)
[631.039s][info][gc,heap        ] GC(1737) ParOldGen: 583902K(584192K)->583918K(584192K)
[631.039s][info][gc,metaspace   ] GC(1737) Metaspace: 35521K(36224K)->35521K(36224K) NonClass: 26311K(26816K)->26311K(26816K) Class: 9210K(9408K)->9210K(9408K)
[631.039s][info][gc             ] GC(1737) Pause Young (Allocation Failure) 861M->570M(877M) 1.721ms
[631.039s][info][gc,cpu         ] GC(1737) User=0.00s Sys=0.00s Real=0.01s
[631.126s][info][gc,start       ] GC(1738) Pause Young (Allocation Failure)
[631.128s][info][gc,heap        ] GC(1738) PSYoungGen: 298048K(313856K)->64K(316928K) Eden: 297984K(297984K)->0K(302080K) From: 64K(15872K)->64K(14848K)
[631.128s][info][gc,heap        ] GC(1738) ParOldGen: 583918K(584192K)->583926K(584192K)
[631.128s][info][gc,metaspace   ] GC(1738) Metaspace: 35521K(36224K)->35521K(36224K) NonClass: 26311K(26816K)->26311K(26816K) Class: 9210K(9408K)->9210K(9408K)
[631.128s][info][gc             ] GC(1738) Pause Young (Allocation Failure) 861M->570M(880M) 1.648ms
[631.128s][info][gc,cpu         ] GC(1738) User=0.00s Sys=0.00s Real=0.00s
[631.277s][info][gc,start       ] GC(1739) Pause Young (Allocation Failure)
[631.278s][info][gc,heap        ] GC(1739) PSYoungGen: 302144K(316928K)->64K(316416K) Eden: 302080K(302080K)->0K(302080K) From: 64K(14848K)->64K(14336K)
[631.278s][info][gc,heap        ] GC(1739) ParOldGen: 583926K(584192K)->583934K(584192K)
[631.278s][info][gc,metaspace   ] GC(1739) Metaspace: 35521K(36224K)->35521K(36224K) NonClass: 26311K(26816K)->26311K(26816K) Class: 9210K(9408K)->9210K(9408K)
[631.278s][info][gc             ] GC(1739) Pause Young (Allocation Failure) 865M->570M(879M) 1.628ms
[631.278s][info][gc,cpu         ] GC(1739) User=0.00s Sys=0.00s Real=0.00s
[631.688s][info][gc,start       ] GC(1740) Pause Young (Allocation Failure)
[631.690s][info][gc,heap        ] GC(1740) PSYoungGen: 302144K(316416K)->64K(318464K) Eden: 302080K(302080K)->0K(305152K) From: 64K(14336K)->64K(13312K)
[631.690s][info][gc,heap        ] GC(1740) ParOldGen: 583934K(584192K)->583942K(584192K)
[631.690s][info][gc,metaspace   ] GC(1740) Metaspace: 35521K(36224K)->35521K(36224K) NonClass: 26311K(26816K)->26311K(26816K) Class: 9210K(9408K)->9210K(9408K)
[631.690s][info][gc             ] GC(1740) Pause Young (Allocation Failure) 865M->570M(881M) 1.732ms
[631.690s][info][gc,cpu         ] GC(1740) User=0.00s Sys=0.00s Real=0.01s
[632.862s][info][gc,start       ] GC(1741) Pause Young (Allocation Failure)
[632.863s][info][gc,heap        ] GC(1741) PSYoungGen: 305216K(318464K)->64K(317952K) Eden: 305152K(305152K)->0K(305152K) From: 64K(13312K)->64K(12800K)
[632.863s][info][gc,heap        ] GC(1741) ParOldGen: 583942K(584192K)->583950K(584192K)
[632.863s][info][gc,metaspace   ] GC(1741) Metaspace: 35521K(36224K)->35521K(36224K) NonClass: 26311K(26816K)->26311K(26816K) Class: 9210K(9408K)->9210K(9408K)
[632.863s][info][gc             ] GC(1741) Pause Young (Allocation Failure) 868M->570M(881M) 1.870ms
[632.863s][info][gc,cpu         ] GC(1741) User=0.00s Sys=0.00s Real=0.00s
[633.302s][info][gc,start       ] GC(1742) Pause Young (Allocation Failure)
[633.304s][info][gc,heap        ] GC(1742) PSYoungGen: 305216K(317952K)->64K(293376K) Eden: 305152K(305152K)->0K(292864K) From: 64K(12800K)->64K(512K)
[633.304s][info][gc,heap        ] GC(1742) ParOldGen: 583950K(584192K)->583958K(584192K)
[633.304s][info][gc,metaspace   ] GC(1742) Metaspace: 35521K(36224K)->35521K(36224K) NonClass: 26311K(26816K)->26311K(26816K) Class: 9210K(9408K)->9210K(9408K)
[633.304s][info][gc             ] GC(1742) Pause Young (Allocation Failure) 868M->570M(857M) 1.940ms
[633.304s][info][gc,cpu         ] GC(1742) User=0.00s Sys=0.00s Real=0.00s
[633.785s][info][gc,start       ] GC(1743) Pause Young (Allocation Failure)
[633.787s][info][gc,heap        ] GC(1743) PSYoungGen: 292928K(293376K)->64K(291840K) Eden: 292864K(292864K)->0K(281088K) From: 64K(512K)->64K(10752K)
[633.787s][info][gc,heap        ] GC(1743) ParOldGen: 583958K(584192K)->583966K(584192K)
[633.787s][info][gc,metaspace   ] GC(1743) Metaspace: 35521K(36224K)->35521K(36224K) NonClass: 26311K(26816K)->26311K(26816K) Class: 9210K(9408K)->9210K(9408K)
[633.787s][info][gc             ] GC(1743) Pause Young (Allocation Failure) 856M->570M(855M) 1.851ms
[633.787s][info][gc,cpu         ] GC(1743) User=0.01s Sys=0.00s Real=0.00s
[634.710s][info][gc,start       ] GC(1744) Pause Young (Allocation Failure)
[634.711s][info][gc,heap        ] GC(1744) PSYoungGen: 281152K(291840K)->64K(270336K) Eden: 281088K(281088K)->0K(269824K) From: 64K(10752K)->64K(512K)
[634.711s][info][gc,heap        ] GC(1744) ParOldGen: 583966K(584192K)->583974K(584192K)
[634.711s][info][gc,metaspace   ] GC(1744) Metaspace: 35521K(36224K)->35521K(36224K) NonClass: 26311K(26816K)->26311K(26816K) Class: 9210K(9408K)->9210K(9408K)
[634.711s][info][gc             ] GC(1744) Pause Young (Allocation Failure) 844M->570M(834M) 1.947ms
[634.711s][info][gc,cpu         ] GC(1744) User=0.01s Sys=0.00s Real=0.00s
[635.074s][info][gc,start       ] GC(1745) Pause Young (Allocation Failure)
[635.075s][info][gc,heap        ] GC(1745) PSYoungGen: 269888K(270336K)->64K(269312K) Eden: 269824K(269824K)->0K(259584K) From: 64K(512K)->64K(9728K)
[635.075s][info][gc,heap        ] GC(1745) ParOldGen: 583974K(584192K)->583982K(584192K)
[635.075s][info][gc,metaspace   ] GC(1745) Metaspace: 35521K(36224K)->35521K(36224K) NonClass: 26311K(26816K)->26311K(26816K) Class: 9210K(9408K)->9210K(9408K)
[635.075s][info][gc             ] GC(1745) Pause Young (Allocation Failure) 833M->570M(833M) 1.637ms
[635.075s][info][gc,cpu         ] GC(1745) User=0.00s Sys=0.00s Real=0.00s
[635.165s][info][gc,start       ] GC(1746) Pause Young (Allocation Failure)
[635.167s][info][gc,heap        ] GC(1746) PSYoungGen: 259648K(269312K)->64K(250368K) Eden: 259584K(259584K)->0K(249856K) From: 64K(9728K)->64K(512K)
[635.167s][info][gc,heap        ] GC(1746) ParOldGen: 583982K(584192K)->583990K(584192K)
[635.167s][info][gc,metaspace   ] GC(1746) Metaspace: 35521K(36224K)->35521K(36224K) NonClass: 26311K(26816K)->26311K(26816K) Class: 9210K(9408K)->9210K(9408K)
[635.167s][info][gc             ] GC(1746) Pause Young (Allocation Failure) 823M->570M(815M) 1.810ms
[635.167s][info][gc,cpu         ] GC(1746) User=0.00s Sys=0.00s Real=0.00s
[635.771s][info][gc,start       ] GC(1747) Pause Young (Allocation Failure)
[635.772s][info][gc,heap        ] GC(1747) PSYoungGen: 249920K(250368K)->64K(248320K) Eden: 249856K(249856K)->0K(240128K) From: 64K(512K)->64K(8192K)
[635.772s][info][gc,heap        ] GC(1747) ParOldGen: 583990K(584192K)->583998K(584192K)
[635.772s][info][gc,metaspace   ] GC(1747) Metaspace: 35521K(36224K)->35521K(36224K) NonClass: 26311K(26816K)->26311K(26816K) Class: 9210K(9408K)->9210K(9408K)
[635.772s][info][gc             ] GC(1747) Pause Young (Allocation Failure) 814M->570M(813M) 1.630ms
[635.772s][info][gc,cpu         ] GC(1747) User=0.00s Sys=0.00s Real=0.00s
[635.976s][info][gc,start       ] GC(1748) Pause Young (Allocation Failure)
[635.978s][info][gc,heap        ] GC(1748) PSYoungGen: 240192K(248320K)->64K(231424K) Eden: 240128K(240128K)->0K(230912K) From: 64K(8192K)->64K(512K)
[635.978s][info][gc,heap        ] GC(1748) ParOldGen: 583998K(584192K)->584006K(584192K)
[635.978s][info][gc,metaspace   ] GC(1748) Metaspace: 35521K(36224K)->35521K(36224K) NonClass: 26311K(26816K)->26311K(26816K) Class: 9210K(9408K)->9210K(9408K)
[635.978s][info][gc             ] GC(1748) Pause Young (Allocation Failure) 804M->570M(796M) 2.167ms
[635.978s][info][gc,cpu         ] GC(1748) User=0.01s Sys=0.00s Real=0.00s
[636.321s][info][gc,start       ] GC(1749) Pause Young (Allocation Failure)
[636.355s][info][gc,heap        ] GC(1749) PSYoungGen: 230976K(231424K)->7168K(283136K) Eden: 230912K(230912K)->0K(275968K) From: 64K(512K)->7168K(7168K)
[636.355s][info][gc,heap        ] GC(1749) ParOldGen: 584006K(584192K)->594614K(594944K)
[636.355s][info][gc,metaspace   ] GC(1749) Metaspace: 35521K(36224K)->35521K(36224K) NonClass: 26311K(26816K)->26311K(26816K) Class: 9210K(9408K)->9210K(9408K)
[636.355s][info][gc             ] GC(1749) Pause Young (Allocation Failure) 795M->587M(857M) 34.088ms
[636.355s][info][gc,cpu         ] GC(1749) User=0.06s Sys=0.01s Real=0.03s
[636.715s][info][gc,start       ] GC(1750) Pause Young (Allocation Failure)
[636.780s][info][gc,heap        ] GC(1750) PSYoungGen: 283136K(283136K)->12800K(279040K) Eden: 275968K(275968K)->0K(266240K) From: 7168K(7168K)->12800K(12800K)
[636.780s][info][gc,heap        ] GC(1750) ParOldGen: 594614K(594944K)->613550K(613888K)
[636.780s][info][gc,metaspace   ] GC(1750) Metaspace: 35521K(36224K)->35521K(36224K) NonClass: 26311K(26816K)->26311K(26816K) Class: 9210K(9408K)->9210K(9408K)
[636.780s][info][gc             ] GC(1750) Pause Young (Allocation Failure) 857M->611M(872M) 64.829ms
[636.780s][info][gc,cpu         ] GC(1750) User=0.12s Sys=0.02s Real=0.07s
[636.971s][info][gc,start       ] GC(1751) Pause Young (Allocation Failure)
[636.998s][info][gc,heap        ] GC(1751) PSYoungGen: 279040K(279040K)->13440K(288768K) Eden: 266240K(266240K)->0K(266240K) From: 12800K(12800K)->13440K(22528K)
[636.998s][info][gc,heap        ] GC(1751) ParOldGen: 613550K(613888K)->614062K(614400K)
[636.998s][info][gc,metaspace   ] GC(1751) Metaspace: 35521K(36224K)->35521K(36224K) NonClass: 26311K(26816K)->26311K(26816K) Class: 9210K(9408K)->9210K(9408K)
[636.998s][info][gc             ] GC(1751) Pause Young (Allocation Failure) 871M->612M(882M) 27.350ms
[636.998s][info][gc,cpu         ] GC(1751) User=0.06s Sys=0.00s Real=0.02s
[637.321s][info][gc,start       ] GC(1752) Pause Young (Allocation Failure)
[637.323s][info][gc,heap        ] GC(1752) PSYoungGen: 279680K(288768K)->64K(310272K) Eden: 266240K(266240K)->0K(286720K) From: 13440K(22528K)->64K(23552K)
[637.323s][info][gc,heap        ] GC(1752) ParOldGen: 614062K(614400K)->614070K(614400K)
[637.323s][info][gc,metaspace   ] GC(1752) Metaspace: 35521K(36224K)->35521K(36224K) NonClass: 26311K(26816K)->26311K(26816K) Class: 9210K(9408K)->9210K(9408K)
[637.323s][info][gc             ] GC(1752) Pause Young (Allocation Failure) 872M->599M(903M) 2.004ms
[637.323s][info][gc,cpu         ] GC(1752) User=0.01s Sys=0.00s Real=0.00s
[637.934s][info][gc,start       ] GC(1753) Pause Young (Allocation Failure)
[637.936s][info][gc,heap        ] GC(1753) PSYoungGen: 286784K(310272K)->64K(309760K) Eden: 286720K(286720K)->0K(286720K) From: 64K(23552K)->64K(23040K)
[637.936s][info][gc,heap        ] GC(1753) ParOldGen: 614070K(614400K)->614078K(614400K)
[637.936s][info][gc,metaspace   ] GC(1753) Metaspace: 35521K(36224K)->35521K(36224K) NonClass: 26311K(26816K)->26311K(26816K) Class: 9210K(9408K)->9210K(9408K)
[637.936s][info][gc             ] GC(1753) Pause Young (Allocation Failure) 879M->599M(902M) 1.934ms
[637.936s][info][gc,cpu         ] GC(1753) User=0.01s Sys=0.00s Real=0.00s
[638.387s][info][gc,start       ] GC(1754) Pause Young (Allocation Failure)
[638.389s][info][gc,heap        ] GC(1754) PSYoungGen: 286784K(309760K)->64K(309760K) Eden: 286720K(286720K)->0K(288256K) From: 64K(23040K)->64K(21504K)
[638.389s][info][gc,heap        ] GC(1754) ParOldGen: 614078K(614400K)->614094K(614400K)
[638.389s][info][gc,metaspace   ] GC(1754) Metaspace: 35521K(36224K)->35521K(36224K) NonClass: 26311K(26816K)->26311K(26816K) Class: 9210K(9408K)->9210K(9408K)
[638.389s][info][gc             ] GC(1754) Pause Young (Allocation Failure) 879M->599M(902M) 1.966ms
[638.389s][info][gc,cpu         ] GC(1754) User=0.00s Sys=0.00s Real=0.01s
[638.624s][info][gc,start       ] GC(1755) Pause Young (Allocation Failure)
[638.626s][info][gc,heap        ] GC(1755) PSYoungGen: 288320K(309760K)->64K(309760K) Eden: 288256K(288256K)->0K(288256K) From: 64K(21504K)->64K(21504K)
[638.626s][info][gc,heap        ] GC(1755) ParOldGen: 614094K(614400K)->614110K(614400K)
[638.626s][info][gc,metaspace   ] GC(1755) Metaspace: 35521K(36224K)->35521K(36224K) NonClass: 26311K(26816K)->26311K(26816K) Class: 9210K(9408K)->9210K(9408K)
[638.626s][info][gc             ] GC(1755) Pause Young (Allocation Failure) 881M->599M(902M) 1.796ms
[638.626s][info][gc,cpu         ] GC(1755) User=0.01s Sys=0.00s Real=0.00s
[638.861s][info][gc,start       ] GC(1756) Pause Young (Allocation Failure)
[638.863s][info][gc,heap        ] GC(1756) PSYoungGen: 288320K(309760K)->64K(311808K) Eden: 288256K(288256K)->0K(291328K) From: 64K(21504K)->64K(20480K)
[638.863s][info][gc,heap        ] GC(1756) ParOldGen: 614110K(614400K)->614110K(614400K)
[638.863s][info][gc,metaspace   ] GC(1756) Metaspace: 35521K(36224K)->35521K(36224K) NonClass: 26311K(26816K)->26311K(26816K) Class: 9210K(9408K)->9210K(9408K)
[638.863s][info][gc             ] GC(1756) Pause Young (Allocation Failure) 881M->599M(904M) 1.756ms
[638.863s][info][gc,cpu         ] GC(1756) User=0.00s Sys=0.00s Real=0.00s
[639.163s][info][gc,start       ] GC(1757) Pause Young (Allocation Failure)
[639.165s][info][gc,heap        ] GC(1757) PSYoungGen: 291392K(311808K)->64K(311296K) Eden: 291328K(291328K)->0K(291328K) From: 64K(20480K)->64K(19968K)
[639.165s][info][gc,heap        ] GC(1757) ParOldGen: 614110K(614400K)->614110K(614400K)
[639.165s][info][gc,metaspace   ] GC(1757) Metaspace: 35521K(36224K)->35521K(36224K) NonClass: 26311K(26816K)->26311K(26816K) Class: 9210K(9408K)->9210K(9408K)
[639.165s][info][gc             ] GC(1757) Pause Young (Allocation Failure) 884M->599M(904M) 1.731ms
[639.165s][info][gc,cpu         ] GC(1757) User=0.01s Sys=0.00s Real=0.00s
[639.215s][info][gc,start       ] GC(1758) Pause Young (Allocation Failure)
[639.217s][info][gc,heap        ] GC(1758) PSYoungGen: 291392K(311296K)->64K(312832K) Eden: 291328K(291328K)->0K(294400K) From: 64K(19968K)->64K(18432K)
[639.217s][info][gc,heap        ] GC(1758) ParOldGen: 614110K(614400K)->614126K(614400K)
[639.217s][info][gc,metaspace   ] GC(1758) Metaspace: 35521K(36224K)->35521K(36224K) NonClass: 26311K(26816K)->26311K(26816K) Class: 9210K(9408K)->9210K(9408K)
[639.217s][info][gc             ] GC(1758) Pause Young (Allocation Failure) 884M->599M(905M) 1.693ms
[639.217s][info][gc,cpu         ] GC(1758) User=0.01s Sys=0.00s Real=0.00s
[639.298s][info][gc,start       ] GC(1759) Pause Young (Allocation Failure)
[639.299s][info][gc,heap        ] GC(1759) PSYoungGen: 294464K(312832K)->64K(312320K) Eden: 294400K(294400K)->0K(294400K) From: 64K(18432K)->64K(17920K)
[639.300s][info][gc,heap        ] GC(1759) ParOldGen: 614126K(614400K)->614126K(614400K)
[639.300s][info][gc,metaspace   ] GC(1759) Metaspace: 35521K(36224K)->35521K(36224K) NonClass: 26311K(26816K)->26311K(26816K) Class: 9210K(9408K)->9210K(9408K)
[639.300s][info][gc             ] GC(1759) Pause Young (Allocation Failure) 887M->599M(905M) 1.798ms
[639.300s][info][gc,cpu         ] GC(1759) User=0.00s Sys=0.00s Real=0.01s
[639.611s][info][gc,start       ] GC(1760) Pause Young (Allocation Failure)
[639.613s][info][gc,heap        ] GC(1760) PSYoungGen: 294464K(312320K)->64K(314880K) Eden: 294400K(294400K)->0K(298496K) From: 64K(17920K)->64K(16384K)
[639.613s][info][gc,heap        ] GC(1760) ParOldGen: 614126K(614400K)->614142K(614400K)
[639.613s][info][gc,metaspace   ] GC(1760) Metaspace: 35521K(36224K)->35521K(36224K) NonClass: 26311K(26816K)->26311K(26816K) Class: 9210K(9408K)->9210K(9408K)
[639.613s][info][gc             ] GC(1760) Pause Young (Allocation Failure) 887M->599M(907M) 1.910ms
[639.613s][info][gc,cpu         ] GC(1760) User=0.01s Sys=0.00s Real=0.00s
[639.835s][info][gc,start       ] GC(1761) Pause Young (Allocation Failure)
[639.837s][info][gc,heap        ] GC(1761) PSYoungGen: 298560K(314880K)->64K(314368K) Eden: 298496K(298496K)->0K(298496K) From: 64K(16384K)->64K(15872K)
[639.837s][info][gc,heap        ] GC(1761) ParOldGen: 614142K(614400K)->614142K(614400K)
[639.837s][info][gc,metaspace   ] GC(1761) Metaspace: 35521K(36224K)->35521K(36224K) NonClass: 26311K(26816K)->26311K(26816K) Class: 9210K(9408K)->9210K(9408K)
[639.837s][info][gc             ] GC(1761) Pause Young (Allocation Failure) 891M->599M(907M) 1.892ms
[639.837s][info][gc,cpu         ] GC(1761) User=0.00s Sys=0.00s Real=0.00s
[639.918s][info][gc,start       ] GC(1762) Pause Young (Allocation Failure)
[639.920s][info][gc,heap        ] GC(1762) PSYoungGen: 298560K(314368K)->64K(316928K) Eden: 298496K(298496K)->0K(302080K) From: 64K(15872K)->64K(14848K)
[639.920s][info][gc,heap        ] GC(1762) ParOldGen: 614142K(614400K)->614158K(614400K)
[639.920s][info][gc,metaspace   ] GC(1762) Metaspace: 35521K(36224K)->35521K(36224K) NonClass: 26311K(26816K)->26311K(26816K) Class: 9210K(9408K)->9210K(9408K)
[639.920s][info][gc             ] GC(1762) Pause Young (Allocation Failure) 891M->599M(909M) 1.748ms
[639.920s][info][gc,cpu         ] GC(1762) User=0.00s Sys=0.00s Real=0.01s
[640.082s][info][gc,start       ] GC(1763) Pause Young (Allocation Failure)
[640.084s][info][gc,heap        ] GC(1763) PSYoungGen: 302144K(316928K)->64K(316416K) Eden: 302080K(302080K)->0K(302080K) From: 64K(14848K)->64K(14336K)
[640.084s][info][gc,heap        ] GC(1763) ParOldGen: 614158K(614400K)->614158K(614400K)
[640.084s][info][gc,metaspace   ] GC(1763) Metaspace: 35521K(36224K)->35521K(36224K) NonClass: 26311K(26816K)->26311K(26816K) Class: 9210K(9408K)->9210K(9408K)
[640.084s][info][gc             ] GC(1763) Pause Young (Allocation Failure) 894M->599M(909M) 1.856ms
[640.084s][info][gc,cpu         ] GC(1763) User=0.01s Sys=0.00s Real=0.00s
[641.020s][info][gc,start       ] GC(1764) Pause Young (Allocation Failure)
[641.022s][info][gc,heap        ] GC(1764) PSYoungGen: 302144K(316416K)->64K(318464K) Eden: 302080K(302080K)->0K(305664K) From: 64K(14336K)->64K(12800K)
[641.022s][info][gc,heap        ] GC(1764) ParOldGen: 614158K(614400K)->614166K(614400K)
[641.022s][info][gc,metaspace   ] GC(1764) Metaspace: 35521K(36224K)->35521K(36224K) NonClass: 26311K(26816K)->26311K(26816K) Class: 9210K(9408K)->9210K(9408K)
[641.022s][info][gc             ] GC(1764) Pause Young (Allocation Failure) 894M->599M(911M) 1.956ms
[641.022s][info][gc,cpu         ] GC(1764) User=0.00s Sys=0.00s Real=0.00s
[641.832s][info][gc,start       ] GC(1765) Pause Young (Allocation Failure)
[641.834s][info][gc,heap        ] GC(1765) PSYoungGen: 305728K(318464K)->64K(317952K) Eden: 305664K(305664K)->0K(305664K) From: 64K(12800K)->64K(12288K)
[641.834s][info][gc,heap        ] GC(1765) ParOldGen: 614166K(614400K)->614174K(614400K)
[641.834s][info][gc,metaspace   ] GC(1765) Metaspace: 35521K(36224K)->35521K(36224K) NonClass: 26311K(26816K)->26311K(26816K) Class: 9210K(9408K)->9210K(9408K)
[641.834s][info][gc             ] GC(1765) Pause Young (Allocation Failure) 898M->599M(910M) 1.835ms
[641.834s][info][gc,cpu         ] GC(1765) User=0.00s Sys=0.00s Real=0.00s
[642.175s][info][gc,start       ] GC(1766) Pause Young (Allocation Failure)
[642.177s][info][gc,heap        ] GC(1766) PSYoungGen: 305728K(317952K)->64K(293888K) Eden: 305664K(305664K)->0K(293376K) From: 64K(12288K)->64K(512K)
[642.177s][info][gc,heap        ] GC(1766) ParOldGen: 614174K(614400K)->614182K(614400K)
[642.177s][info][gc,metaspace   ] GC(1766) Metaspace: 35521K(36224K)->35521K(36224K) NonClass: 26311K(26816K)->26311K(26816K) Class: 9210K(9408K)->9210K(9408K)
[642.177s][info][gc             ] GC(1766) Pause Young (Allocation Failure) 898M->599M(887M) 1.781ms
[642.177s][info][gc,cpu         ] GC(1766) User=0.00s Sys=0.00s Real=0.00s
[643.275s][info][gc,start       ] GC(1767) Pause Young (Allocation Failure)
[643.277s][info][gc,heap        ] GC(1767) PSYoungGen: 293440K(293888K)->64K(292352K) Eden: 293376K(293376K)->0K(281600K) From: 64K(512K)->64K(10752K)
[643.277s][info][gc,heap        ] GC(1767) ParOldGen: 614182K(614400K)->614190K(614400K)
[643.277s][info][gc,metaspace   ] GC(1767) Metaspace: 35521K(36224K)->35521K(36224K) NonClass: 26311K(26816K)->26311K(26816K) Class: 9210K(9408K)->9210K(9408K)
[643.277s][info][gc             ] GC(1767) Pause Young (Allocation Failure) 886M->599M(885M) 1.872ms
[643.277s][info][gc,cpu         ] GC(1767) User=0.00s Sys=0.00s Real=0.00s
[643.676s][info][gc,start       ] GC(1768) Pause Young (Allocation Failure)
[643.678s][info][gc,heap        ] GC(1768) PSYoungGen: 281664K(292352K)->64K(270848K) Eden: 281600K(281600K)->0K(270336K) From: 64K(10752K)->64K(512K)
[643.678s][info][gc,heap        ] GC(1768) ParOldGen: 614190K(614400K)->614198K(614400K)
[643.678s][info][gc,metaspace   ] GC(1768) Metaspace: 35521K(36224K)->35521K(36224K) NonClass: 26311K(26816K)->26311K(26816K) Class: 9210K(9408K)->9210K(9408K)
[643.678s][info][gc             ] GC(1768) Pause Young (Allocation Failure) 874M->599M(864M) 2.201ms
[643.678s][info][gc,cpu         ] GC(1768) User=0.00s Sys=0.00s Real=0.00s
[643.868s][info][gc,start       ] GC(1769) Pause Young (Allocation Failure)
[643.869s][info][gc,heap        ] GC(1769) PSYoungGen: 270400K(270848K)->64K(269312K) Eden: 270336K(270336K)->0K(260096K) From: 64K(512K)->64K(9216K)
[643.869s][info][gc,heap        ] GC(1769) ParOldGen: 614198K(614400K)->614206K(614400K)
[643.869s][info][gc,metaspace   ] GC(1769) Metaspace: 35521K(36224K)->35521K(36224K) NonClass: 26311K(26816K)->26311K(26816K) Class: 9210K(9408K)->9210K(9408K)
[643.869s][info][gc             ] GC(1769) Pause Young (Allocation Failure) 863M->599M(863M) 1.680ms
[643.869s][info][gc,cpu         ] GC(1769) User=0.00s Sys=0.00s Real=0.01s
[644.012s][info][gc,start       ] GC(1770) Pause Young (Allocation Failure)
[644.014s][info][gc,heap        ] GC(1770) PSYoungGen: 260160K(269312K)->64K(250368K) Eden: 260096K(260096K)->0K(249856K) From: 64K(9216K)->64K(512K)
[644.014s][info][gc,heap        ] GC(1770) ParOldGen: 614206K(614400K)->614214K(614400K)
[644.014s][info][gc,metaspace   ] GC(1770) Metaspace: 35521K(36224K)->35521K(36224K) NonClass: 26311K(26816K)->26311K(26816K) Class: 9210K(9408K)->9210K(9408K)
[644.014s][info][gc             ] GC(1770) Pause Young (Allocation Failure) 853M->599M(844M) 1.924ms
[644.014s][info][gc,cpu         ] GC(1770) User=0.01s Sys=0.00s Real=0.00s
[644.574s][info][gc,start       ] GC(1771) Pause Young (Allocation Failure)
[644.576s][info][gc,heap        ] GC(1771) PSYoungGen: 249920K(250368K)->64K(248320K) Eden: 249856K(249856K)->0K(240128K) From: 64K(512K)->64K(8192K)
[644.576s][info][gc,heap        ] GC(1771) ParOldGen: 614214K(614400K)->614222K(614400K)
[644.576s][info][gc,metaspace   ] GC(1771) Metaspace: 35521K(36224K)->35521K(36224K) NonClass: 26311K(26816K)->26311K(26816K) Class: 9210K(9408K)->9210K(9408K)
[644.576s][info][gc             ] GC(1771) Pause Young (Allocation Failure) 843M->599M(842M) 1.971ms
[644.576s][info][gc,cpu         ] GC(1771) User=0.00s Sys=0.00s Real=0.00s
[644.846s][info][gc,start       ] GC(1772) Pause Young (Allocation Failure)
[644.849s][info][gc,heap        ] GC(1772) PSYoungGen: 240192K(248320K)->64K(231424K) Eden: 240128K(240128K)->0K(230912K) From: 64K(8192K)->64K(512K)
[644.849s][info][gc,heap        ] GC(1772) ParOldGen: 614222K(614400K)->614230K(614400K)
[644.849s][info][gc,metaspace   ] GC(1772) Metaspace: 35521K(36224K)->35521K(36224K) NonClass: 26311K(26816K)->26311K(26816K) Class: 9210K(9408K)->9210K(9408K)
[644.849s][info][gc             ] GC(1772) Pause Young (Allocation Failure) 834M->599M(826M) 3.078ms
[644.849s][info][gc,cpu         ] GC(1772) User=0.00s Sys=0.00s Real=0.01s
[645.187s][info][gc,start       ] GC(1773) Pause Young (Allocation Failure)
[645.234s][info][gc,heap        ] GC(1773) PSYoungGen: 230976K(231424K)->7168K(283648K) Eden: 230912K(230912K)->0K(276480K) From: 64K(512K)->7168K(7168K)
[645.234s][info][gc,heap        ] GC(1773) ParOldGen: 614230K(614400K)->630046K(630272K)
[645.234s][info][gc,metaspace   ] GC(1773) Metaspace: 35521K(36224K)->35521K(36224K) NonClass: 26311K(26816K)->26311K(26816K) Class: 9210K(9408K)->9210K(9408K)
[645.234s][info][gc             ] GC(1773) Pause Young (Allocation Failure) 825M->622M(892M) 46.875ms
[645.234s][info][gc,cpu         ] GC(1773) User=0.07s Sys=0.01s Real=0.05s
[645.595s][info][gc,start       ] GC(1774) Pause Young (Allocation Failure)
[645.662s][info][gc,heap        ] GC(1774) PSYoungGen: 283648K(283648K)->14848K(282112K) Eden: 276480K(276480K)->0K(267264K) From: 7168K(7168K)->14848K(14848K)
[645.662s][info][gc,heap        ] GC(1774) ParOldGen: 630046K(630272K)->647126K(647168K)
[645.662s][info][gc,metaspace   ] GC(1774) Metaspace: 35521K(36224K)->35521K(36224K) NonClass: 26311K(26816K)->26311K(26816K) Class: 9210K(9408K)->9210K(9408K)
[645.662s][info][gc             ] GC(1774) Pause Young (Allocation Failure) 892M->646M(907M) 67.156ms
[645.662s][info][gc,cpu         ] GC(1774) User=0.12s Sys=0.01s Real=0.07s
[645.803s][info][gc,start       ] GC(1775) Pause Young (Allocation Failure)
[645.821s][info][gc,heap        ] GC(1775) PSYoungGen: 282112K(282112K)->8192K(291328K) Eden: 267264K(267264K)->0K(267264K) From: 14848K(14848K)->8192K(24064K)
[645.821s][info][gc,heap        ] GC(1775) ParOldGen: 647126K(647168K)->647590K(647680K)
[645.821s][info][gc,metaspace   ] GC(1775) Metaspace: 35521K(36224K)->35521K(36224K) NonClass: 26311K(26816K)->26311K(26816K) Class: 9210K(9408K)->9210K(9408K)
[645.821s][info][gc             ] GC(1775) Pause Young (Allocation Failure) 907M->640M(917M) 17.656ms
[645.821s][info][gc,cpu         ] GC(1775) User=0.03s Sys=0.01s Real=0.02s
[646.249s][info][gc,start       ] GC(1776) Pause Young (Allocation Failure)
[646.251s][info][gc,heap        ] GC(1776) PSYoungGen: 275456K(291328K)->64K(307200K) Eden: 267264K(267264K)->0K(286208K) From: 8192K(24064K)->64K(20992K)
[646.251s][info][gc,heap        ] GC(1776) ParOldGen: 647590K(647680K)->647598K(647680K)
[646.251s][info][gc,metaspace   ] GC(1776) Metaspace: 35521K(36224K)->35521K(36224K) NonClass: 26311K(26816K)->26311K(26816K) Class: 9210K(9408K)->9210K(9408K)
[646.251s][info][gc             ] GC(1776) Pause Young (Allocation Failure) 901M->632M(932M) 1.996ms
[646.251s][info][gc,cpu         ] GC(1776) User=0.01s Sys=0.00s Real=0.00s
[646.799s][info][gc,start       ] GC(1777) Pause Young (Allocation Failure)
[646.800s][info][gc,heap        ] GC(1777) PSYoungGen: 286272K(307200K)->64K(308736K) Eden: 286208K(286208K)->0K(286208K) From: 64K(20992K)->64K(22528K)
[646.800s][info][gc,heap        ] GC(1777) ParOldGen: 647598K(647680K)->647606K(647680K)
[646.800s][info][gc,metaspace   ] GC(1777) Metaspace: 35521K(36224K)->35521K(36224K) NonClass: 26311K(26816K)->26311K(26816K) Class: 9210K(9408K)->9210K(9408K)
[646.800s][info][gc             ] GC(1777) Pause Young (Allocation Failure) 911M->632M(934M) 1.906ms
[646.800s][info][gc,cpu         ] GC(1777) User=0.00s Sys=0.00s Real=0.01s
[647.231s][info][gc,start       ] GC(1778) Pause Young (Allocation Failure)
[647.233s][info][gc,heap        ] GC(1778) PSYoungGen: 286272K(308736K)->64K(308736K) Eden: 286208K(286208K)->0K(289280K) From: 64K(22528K)->64K(19456K)
[647.233s][info][gc,heap        ] GC(1778) ParOldGen: 647606K(647680K)->647622K(647680K)
[647.233s][info][gc,metaspace   ] GC(1778) Metaspace: 35521K(36224K)->35521K(36224K) NonClass: 26311K(26816K)->26311K(26816K) Class: 9210K(9408K)->9210K(9408K)
[647.233s][info][gc             ] GC(1778) Pause Young (Allocation Failure) 911M->632M(934M) 1.986ms
[647.233s][info][gc,cpu         ] GC(1778) User=0.01s Sys=0.00s Real=0.00s
[647.470s][info][gc,start       ] GC(1779) Pause Young (Allocation Failure)
[647.471s][info][gc,heap        ] GC(1779) PSYoungGen: 289344K(308736K)->64K(310272K) Eden: 289280K(289280K)->0K(289280K) From: 64K(19456K)->64K(20992K)
[647.471s][info][gc,heap        ] GC(1779) ParOldGen: 647622K(647680K)->647638K(647680K)
[647.471s][info][gc,metaspace   ] GC(1779) Metaspace: 35521K(36224K)->35521K(36224K) NonClass: 26311K(26816K)->26311K(26816K) Class: 9210K(9408K)->9210K(9408K)
[647.471s][info][gc             ] GC(1779) Pause Young (Allocation Failure) 915M->632M(935M) 1.921ms
[647.471s][info][gc,cpu         ] GC(1779) User=0.00s Sys=0.00s Real=0.00s
[647.708s][info][gc,start       ] GC(1780) Pause Young (Allocation Failure)
[647.710s][info][gc,heap        ] GC(1780) PSYoungGen: 289344K(310272K)->64K(311296K) Eden: 289280K(289280K)->0K(292864K) From: 64K(20992K)->64K(18432K)
[647.710s][info][gc,heap        ] GC(1780) ParOldGen: 647638K(647680K)->647638K(647680K)
[647.710s][info][gc,metaspace   ] GC(1780) Metaspace: 35521K(36224K)->35521K(36224K) NonClass: 26311K(26816K)->26311K(26816K) Class: 9210K(9408K)->9210K(9408K)
[647.710s][info][gc             ] GC(1780) Pause Young (Allocation Failure) 915M->632M(936M) 2.056ms
[647.710s][info][gc,cpu         ] GC(1780) User=0.00s Sys=0.00s Real=0.01s
[647.984s][info][gc,start       ] GC(1781) Pause Young (Allocation Failure)
[647.986s][info][gc,heap        ] GC(1781) PSYoungGen: 292928K(311296K)->64K(312320K) Eden: 292864K(292864K)->0K(292864K) From: 64K(18432K)->64K(19456K)
[647.986s][info][gc,heap        ] GC(1781) ParOldGen: 647638K(647680K)->647638K(647680K)
[647.986s][info][gc,metaspace   ] GC(1781) Metaspace: 35521K(36224K)->35521K(36224K) NonClass: 26311K(26816K)->26311K(26816K) Class: 9210K(9408K)->9210K(9408K)
[647.986s][info][gc             ] GC(1781) Pause Young (Allocation Failure) 918M->632M(937M) 1.986ms
[647.986s][info][gc,cpu         ] GC(1781) User=0.00s Sys=0.00s Real=0.00s
[648.036s][info][gc,start       ] GC(1782) Pause Young (Allocation Failure)
[648.038s][info][gc,heap        ] GC(1782) PSYoungGen: 292928K(312320K)->64K(312320K) Eden: 292864K(292864K)->0K(295936K) From: 64K(19456K)->64K(16384K)
[648.038s][info][gc,heap        ] GC(1782) ParOldGen: 647638K(647680K)->647654K(647680K)
[648.038s][info][gc,metaspace   ] GC(1782) Metaspace: 35521K(36224K)->35521K(36224K) NonClass: 26311K(26816K)->26311K(26816K) Class: 9210K(9408K)->9210K(9408K)
[648.038s][info][gc             ] GC(1782) Pause Young (Allocation Failure) 918M->632M(937M) 1.863ms
[648.038s][info][gc,cpu         ] GC(1782) User=0.00s Sys=0.00s Real=0.00s
[648.167s][info][gc,start       ] GC(1783) Pause Young (Allocation Failure)
[648.169s][info][gc,heap        ] GC(1783) PSYoungGen: 296000K(312320K)->64K(313344K) Eden: 295936K(295936K)->0K(295936K) From: 64K(16384K)->64K(17408K)
[648.169s][info][gc,heap        ] GC(1783) ParOldGen: 647654K(647680K)->647654K(647680K)
[648.169s][info][gc,metaspace   ] GC(1783) Metaspace: 35521K(36224K)->35521K(36224K) NonClass: 26311K(26816K)->26311K(26816K) Class: 9210K(9408K)->9210K(9408K)
[648.169s][info][gc             ] GC(1783) Pause Young (Allocation Failure) 921M->632M(938M) 1.751ms
[648.169s][info][gc,cpu         ] GC(1783) User=0.00s Sys=0.00s Real=0.01s
[648.482s][info][gc,start       ] GC(1784) Pause Young (Allocation Failure)
[648.484s][info][gc,heap        ] GC(1784) PSYoungGen: 296000K(313344K)->64K(314368K) Eden: 295936K(295936K)->0K(300032K) From: 64K(17408K)->64K(14336K)
[648.484s][info][gc,heap        ] GC(1784) ParOldGen: 647654K(647680K)->647670K(647680K)
[648.484s][info][gc,metaspace   ] GC(1784) Metaspace: 35521K(36224K)->35521K(36224K) NonClass: 26311K(26816K)->26311K(26816K) Class: 9210K(9408K)->9210K(9408K)
[648.484s][info][gc             ] GC(1784) Pause Young (Allocation Failure) 921M->632M(939M) 1.782ms
[648.484s][info][gc,cpu         ] GC(1784) User=0.01s Sys=0.00s Real=0.00s
[648.664s][info][gc,start       ] GC(1785) Pause Young (Allocation Failure)
[648.666s][info][gc,heap        ] GC(1785) PSYoungGen: 300096K(314368K)->64K(315392K) Eden: 300032K(300032K)->0K(300032K) From: 64K(14336K)->64K(15360K)
[648.666s][info][gc,heap        ] GC(1785) ParOldGen: 647670K(647680K)->647670K(647680K)
[648.666s][info][gc,metaspace   ] GC(1785) Metaspace: 35521K(36224K)->35521K(36224K) NonClass: 26311K(26816K)->26311K(26816K) Class: 9210K(9408K)->9210K(9408K)
[648.666s][info][gc             ] GC(1785) Pause Young (Allocation Failure) 925M->632M(940M) 1.930ms
[648.666s][info][gc,cpu         ] GC(1785) User=0.00s Sys=0.00s Real=0.00s
[648.749s][info][gc,start       ] GC(1786) Pause Young (Allocation Failure)
[648.750s][info][gc,heap        ] GC(1786) PSYoungGen: 300096K(315392K)->64K(315904K) Eden: 300032K(300032K)->0K(303616K) From: 64K(15360K)->64K(12288K)
[648.751s][info][gc,heap        ] GC(1786) ParOldGen: 647670K(647680K)->647686K(648192K)
[648.751s][info][gc,metaspace   ] GC(1786) Metaspace: 35521K(36224K)->35521K(36224K) NonClass: 26311K(26816K)->26311K(26816K) Class: 9210K(9408K)->9210K(9408K)
[648.751s][info][gc             ] GC(1786) Pause Young (Allocation Failure) 925M->632M(941M) 1.862ms
[648.751s][info][gc,cpu         ] GC(1786) User=0.01s Sys=0.00s Real=0.00s
[648.933s][info][gc,start       ] GC(1787) Pause Young (Allocation Failure)
[648.935s][info][gc,heap        ] GC(1787) PSYoungGen: 303680K(315904K)->64K(317440K) Eden: 303616K(303616K)->0K(303616K) From: 64K(12288K)->64K(13824K)
[648.935s][info][gc,heap        ] GC(1787) ParOldGen: 647686K(648192K)->647686K(648192K)
[648.935s][info][gc,metaspace   ] GC(1787) Metaspace: 35521K(36224K)->35521K(36224K) NonClass: 26311K(26816K)->26311K(26816K) Class: 9210K(9408K)->9210K(9408K)
[648.935s][info][gc             ] GC(1787) Pause Young (Allocation Failure) 929M->632M(943M) 1.920ms
[648.935s][info][gc,cpu         ] GC(1787) User=0.00s Sys=0.00s Real=0.00s
[649.833s][info][gc,start       ] GC(1788) Pause Young (Allocation Failure)
[649.835s][info][gc,heap        ] GC(1788) PSYoungGen: 303680K(317440K)->64K(318464K) Eden: 303616K(303616K)->0K(307200K) From: 64K(13824K)->64K(11264K)
[649.835s][info][gc,heap        ] GC(1788) ParOldGen: 647686K(648192K)->647694K(648192K)
[649.835s][info][gc,metaspace   ] GC(1788) Metaspace: 35521K(36224K)->35521K(36224K) NonClass: 26311K(26816K)->26311K(26816K) Class: 9210K(9408K)->9210K(9408K)
[649.835s][info][gc             ] GC(1788) Pause Young (Allocation Failure) 929M->632M(944M) 2.524ms
[649.835s][info][gc,cpu         ] GC(1788) User=0.00s Sys=0.00s Real=0.00s
[650.669s][info][gc,start       ] GC(1789) Pause Young (Allocation Failure)
[650.671s][info][gc,heap        ] GC(1789) PSYoungGen: 307264K(318464K)->64K(319488K) Eden: 307200K(307200K)->0K(307200K) From: 64K(11264K)->64K(12288K)
[650.671s][info][gc,heap        ] GC(1789) ParOldGen: 647694K(648192K)->647702K(648192K)
[650.671s][info][gc,metaspace   ] GC(1789) Metaspace: 35521K(36224K)->35521K(36224K) NonClass: 26311K(26816K)->26311K(26816K) Class: 9210K(9408K)->9210K(9408K)
[650.671s][info][gc             ] GC(1789) Pause Young (Allocation Failure) 932M->632M(945M) 2.110ms
[650.671s][info][gc,cpu         ] GC(1789) User=0.00s Sys=0.00s Real=0.00s
[651.106s][info][gc,start       ] GC(1790) Pause Young (Allocation Failure)
[651.108s][info][gc,heap        ] GC(1790) PSYoungGen: 307264K(319488K)->64K(295424K) Eden: 307200K(307200K)->0K(294912K) From: 64K(12288K)->64K(512K)
[651.108s][info][gc,heap        ] GC(1790) ParOldGen: 647702K(648192K)->647710K(648192K)
[651.108s][info][gc,metaspace   ] GC(1790) Metaspace: 35521K(36224K)->35521K(36224K) NonClass: 26311K(26816K)->26311K(26816K) Class: 9210K(9408K)->9210K(9408K)
[651.108s][info][gc             ] GC(1790) Pause Young (Allocation Failure) 932M->632M(921M) 1.917ms
[651.108s][info][gc,cpu         ] GC(1790) User=0.00s Sys=0.00s Real=0.00s
[652.133s][info][gc,start       ] GC(1791) Pause Young (Allocation Failure)
[652.135s][info][gc,heap        ] GC(1791) PSYoungGen: 294976K(295424K)->64K(293888K) Eden: 294912K(294912K)->0K(283136K) From: 64K(512K)->64K(10752K)
[652.135s][info][gc,heap        ] GC(1791) ParOldGen: 647710K(648192K)->647718K(648192K)
[652.135s][info][gc,metaspace   ] GC(1791) Metaspace: 35521K(36224K)->35521K(36224K) NonClass: 26311K(26816K)->26311K(26816K) Class: 9210K(9408K)->9210K(9408K)
[652.135s][info][gc             ] GC(1791) Pause Young (Allocation Failure) 920M->632M(920M) 1.916ms
[652.135s][info][gc,cpu         ] GC(1791) User=0.00s Sys=0.00s Real=0.00s
[652.537s][info][gc,start       ] GC(1792) Pause Young (Allocation Failure)
[652.539s][info][gc,heap        ] GC(1792) PSYoungGen: 283200K(293888K)->64K(272384K) Eden: 283136K(283136K)->0K(271872K) From: 64K(10752K)->64K(512K)
[652.539s][info][gc,heap        ] GC(1792) ParOldGen: 647718K(648192K)->647726K(648192K)
[652.539s][info][gc,metaspace   ] GC(1792) Metaspace: 35521K(36224K)->35521K(36224K) NonClass: 26311K(26816K)->26311K(26816K) Class: 9210K(9408K)->9210K(9408K)
[652.539s][info][gc             ] GC(1792) Pause Young (Allocation Failure) 909M->632M(899M) 1.953ms
[652.539s][info][gc,cpu         ] GC(1792) User=0.01s Sys=0.00s Real=0.01s
[652.698s][info][gc,start       ] GC(1793) Pause Young (Allocation Failure)
[652.700s][info][gc,heap        ] GC(1793) PSYoungGen: 271936K(272384K)->64K(270336K) Eden: 271872K(271872K)->0K(261120K) From: 64K(512K)->64K(9216K)
[652.700s][info][gc,heap        ] GC(1793) ParOldGen: 647726K(648192K)->647734K(648192K)
[652.700s][info][gc,metaspace   ] GC(1793) Metaspace: 35521K(36224K)->35521K(36224K) NonClass: 26311K(26816K)->26311K(26816K) Class: 9210K(9408K)->9210K(9408K)
[652.700s][info][gc             ] GC(1793) Pause Young (Allocation Failure) 898M->632M(897M) 1.742ms
[652.700s][info][gc,cpu         ] GC(1793) User=0.00s Sys=0.00s Real=0.01s
[653.013s][info][gc,start       ] GC(1794) Pause Young (Allocation Failure)
[653.016s][info][gc,heap        ] GC(1794) PSYoungGen: 261184K(270336K)->64K(251392K) Eden: 261120K(261120K)->0K(250880K) From: 64K(9216K)->64K(512K)
[653.016s][info][gc,heap        ] GC(1794) ParOldGen: 647734K(648192K)->647742K(648192K)
[653.016s][info][gc,metaspace   ] GC(1794) Metaspace: 35521K(36224K)->35521K(36224K) NonClass: 26311K(26816K)->26311K(26816K) Class: 9210K(9408K)->9210K(9408K)
[653.016s][info][gc             ] GC(1794) Pause Young (Allocation Failure) 887M->632M(878M) 2.833ms
[653.016s][info][gc,cpu         ] GC(1794) User=0.00s Sys=0.00s Real=0.00s
[653.404s][info][gc,start       ] GC(1795) Pause Young (Allocation Failure)
[653.407s][info][gc,heap        ] GC(1795) PSYoungGen: 250944K(251392K)->64K(249344K) Eden: 250880K(250880K)->0K(241152K) From: 64K(512K)->64K(8192K)
[653.407s][info][gc,heap        ] GC(1795) ParOldGen: 647742K(648192K)->647758K(648192K)
[653.407s][info][gc,metaspace   ] GC(1795) Metaspace: 35521K(36224K)->35521K(36224K) NonClass: 26311K(26816K)->26311K(26816K) Class: 9210K(9408K)->9210K(9408K)
[653.407s][info][gc             ] GC(1795) Pause Young (Allocation Failure) 877M->632M(876M) 3.306ms
[653.407s][info][gc,cpu         ] GC(1795) User=0.00s Sys=0.00s Real=0.00s
[653.774s][info][gc,start       ] GC(1796) Pause Young (Allocation Failure)
[653.790s][info][gc,heap        ] GC(1796) PSYoungGen: 241216K(249344K)->4928K(293888K) Eden: 241152K(241152K)->0K(287232K) From: 64K(8192K)->4928K(6656K)
[653.790s][info][gc,heap        ] GC(1796) ParOldGen: 647758K(648192K)->647774K(648192K)
[653.790s][info][gc,metaspace   ] GC(1796) Metaspace: 35521K(36224K)->35521K(36224K) NonClass: 26311K(26816K)->26311K(26816K) Class: 9210K(9408K)->9210K(9408K)
[653.790s][info][gc             ] GC(1796) Pause Young (Allocation Failure) 868M->637M(920M) 15.814ms
[653.790s][info][gc,cpu         ] GC(1796) User=0.01s Sys=0.00s Real=0.02s
[654.164s][info][gc,start       ] GC(1797) Pause Young (Allocation Failure)
[654.239s][info][gc,promotion   ] GC(1797) Promotion failed
[654.239s][info][gc,heap        ] GC(1797) PSYoungGen: 292160K(293888K)->292160K(293888K) Eden: 287232K(287232K)->287232K(287232K) From: 4928K(6656K)->4928K(6656K)
[654.239s][info][gc,heap        ] GC(1797) ParOldGen: 647774K(648192K)->667646K(667648K)
[654.239s][info][gc,metaspace   ] GC(1797) Metaspace: 35521K(36224K)->35521K(36224K) NonClass: 26311K(26816K)->26311K(26816K) Class: 9210K(9408K)->9210K(9408K)
[654.239s][info][gc             ] GC(1797) Pause Young (Allocation Failure) 917M->937M(939M) 75.461ms
[654.239s][info][gc,cpu         ] GC(1797) User=0.10s Sys=0.02s Real=0.08s
[654.239s][info][gc,start       ] GC(1798) Pause Full (Allocation Failure)
[654.239s][info][gc,phases,start] GC(1798) Marking Phase
[654.304s][info][gc,phases      ] GC(1798) Marking Phase 64.865ms
[654.304s][info][gc,phases,start] GC(1798) Summary Phase
[654.304s][info][gc,phases      ] GC(1798) Summary Phase 0.028ms
[654.304s][info][gc,phases,start] GC(1798) Forward
[654.320s][info][gc,phases      ] GC(1798) Forward 15.453ms
[654.320s][info][gc,phases,start] GC(1798) Adjust Pointers
[654.353s][info][gc,phases      ] GC(1798) Adjust Pointers 33.566ms
[654.353s][info][gc,phases,start] GC(1798) Compaction Phase
[654.373s][info][gc,phases      ] GC(1798) Compaction Phase 20.018ms
[654.373s][info][gc,phases,start] GC(1798) Post Compact
[654.376s][info][metaspace      ] ChkMgr @0x00007f08b403f1d0 (non-class-space): : reclaiming memory...
[654.376s][info][metaspace      ] ChkMgr @0x00007f08b403f1d0 (non-class-space): nothing reclaimed.
[654.376s][info][metaspace      ] ChkMgr @0x00007f08b403efe0 (class-space): : reclaiming memory...
[654.376s][info][metaspace      ] ChkMgr @0x00007f08b403efe0 (class-space): nothing reclaimed.
[654.376s][info][gc,phases      ] GC(1798) Post Compact 2.724ms
[654.414s][info][gc,heap        ] GC(1798) PSYoungGen: 292160K(293888K)->0K(295424K) Eden: 287232K(287232K)->0K(287232K) From: 4928K(6656K)->0K(8192K)
[654.414s][info][gc,heap        ] GC(1798) ParOldGen: 667646K(667648K)->89252K(175104K)
[654.414s][info][gc,metaspace   ] GC(1798) Metaspace: 35521K(36224K)->35480K(36224K) NonClass: 26311K(26816K)->26270K(26816K) Class: 9210K(9408K)->9210K(9408K)
[654.414s][info][gc             ] GC(1798) Pause Full (Allocation Failure) 937M->87M(459M) 175.075ms
[654.414s][info][gc,cpu         ] GC(1798) User=0.24s Sys=0.04s Real=0.17s
[654.720s][info][gc,start       ] GC(1799) Pause Young (Allocation Failure)
[654.762s][info][gc,heap        ] GC(1799) PSYoungGen: 287232K(295424K)->8192K(309248K) Eden: 287232K(287232K)->0K(301056K) From: 0K(8192K)->8192K(8192K)
[654.762s][info][gc,heap        ] GC(1799) ParOldGen: 89252K(175104K)->106084K(175104K)
[654.762s][info][gc,metaspace   ] GC(1799) Metaspace: 35480K(36224K)->35480K(36224K) NonClass: 26270K(26816K)->26270K(26816K) Class: 9210K(9408K)->9210K(9408K)
[654.762s][info][gc             ] GC(1799) Pause Young (Allocation Failure) 367M->111M(473M) 41.563ms
[654.762s][info][gc,cpu         ] GC(1799) User=0.08s Sys=0.01s Real=0.04s
[654.993s][info][gc,start       ] GC(1800) Pause Young (Allocation Failure)
[654.998s][info][gc,heap        ] GC(1800) PSYoungGen: 309248K(309248K)->64K(317440K) Eden: 301056K(301056K)->0K(301056K) From: 8192K(8192K)->64K(16384K)
[654.998s][info][gc,heap        ] GC(1800) ParOldGen: 106084K(175104K)->106548K(175104K)
[654.998s][info][gc,metaspace   ] GC(1800) Metaspace: 35480K(36224K)->35480K(36224K) NonClass: 26270K(26816K)->26270K(26816K) Class: 9210K(9408K)->9210K(9408K)
[654.998s][info][gc             ] GC(1800) Pause Young (Allocation Failure) 405M->104M(481M) 5.346ms
[654.998s][info][gc,cpu         ] GC(1800) User=0.01s Sys=0.00s Real=0.00s
[655.697s][info][gc,start       ] GC(1801) Pause Young (Allocation Failure)
[655.698s][info][gc,heap        ] GC(1801) PSYoungGen: 301120K(317440K)->64K(315904K) Eden: 301056K(301056K)->0K(301568K) From: 64K(16384K)->64K(14336K)
[655.698s][info][gc,heap        ] GC(1801) ParOldGen: 106548K(175104K)->106556K(175104K)
[655.698s][info][gc,metaspace   ] GC(1801) Metaspace: 35480K(36224K)->35480K(36224K) NonClass: 26270K(26816K)->26270K(26816K) Class: 9210K(9408K)->9210K(9408K)
[655.698s][info][gc             ] GC(1801) Pause Young (Allocation Failure) 398M->104M(479M) 0.848ms
[655.698s][info][gc,cpu         ] GC(1801) User=0.00s Sys=0.00s Real=0.00s
[656.172s][info][gc,start       ] GC(1802) Pause Young (Allocation Failure)
[656.173s][info][gc,heap        ] GC(1802) PSYoungGen: 301632K(315904K)->64K(316928K) Eden: 301568K(301568K)->0K(301568K) From: 64K(14336K)->64K(15360K)
[656.173s][info][gc,heap        ] GC(1802) ParOldGen: 106556K(175104K)->106572K(175104K)
[656.173s][info][gc,metaspace   ] GC(1802) Metaspace: 35480K(36224K)->35480K(36224K) NonClass: 26270K(26816K)->26270K(26816K) Class: 9210K(9408K)->9210K(9408K)
[656.173s][info][gc             ] GC(1802) Pause Young (Allocation Failure) 398M->104M(480M) 0.663ms
[656.173s][info][gc,cpu         ] GC(1802) User=0.00s Sys=0.00s Real=0.00s
[656.420s][info][gc,start       ] GC(1803) Pause Young (Allocation Failure)
[656.421s][info][gc,heap        ] GC(1803) PSYoungGen: 301632K(316928K)->64K(317440K) Eden: 301568K(301568K)->0K(304128K) From: 64K(15360K)->64K(13312K)
[656.421s][info][gc,heap        ] GC(1803) ParOldGen: 106572K(175104K)->106588K(175104K)
[656.421s][info][gc,metaspace   ] GC(1803) Metaspace: 35480K(36224K)->35480K(36224K) NonClass: 26270K(26816K)->26270K(26816K) Class: 9210K(9408K)->9210K(9408K)
[656.421s][info][gc             ] GC(1803) Pause Young (Allocation Failure) 398M->104M(481M) 0.726ms
[656.421s][info][gc,cpu         ] GC(1803) User=0.00s Sys=0.00s Real=0.00s
[656.670s][info][gc,start       ] GC(1804) Pause Young (Allocation Failure)
[656.671s][info][gc,heap        ] GC(1804) PSYoungGen: 304192K(317440K)->64K(317952K) Eden: 304128K(304128K)->0K(304128K) From: 64K(13312K)->64K(13824K)
[656.671s][info][gc,heap        ] GC(1804) ParOldGen: 106588K(175104K)->106588K(175104K)
[656.671s][info][gc,metaspace   ] GC(1804) Metaspace: 35480K(36224K)->35480K(36224K) NonClass: 26270K(26816K)->26270K(26816K) Class: 9210K(9408K)->9210K(9408K)
[656.671s][info][gc             ] GC(1804) Pause Young (Allocation Failure) 401M->104M(481M) 0.592ms
[656.671s][info][gc,cpu         ] GC(1804) User=0.00s Sys=0.00s Real=0.00s
[656.970s][info][gc,start       ] GC(1805) Pause Young (Allocation Failure)
[656.970s][info][gc,heap        ] GC(1805) PSYoungGen: 304192K(317952K)->64K(319488K) Eden: 304128K(304128K)->0K(307200K) From: 64K(13824K)->64K(12288K)
[656.970s][info][gc,heap        ] GC(1805) ParOldGen: 106588K(175104K)->106588K(175104K)
[656.970s][info][gc,metaspace   ] GC(1805) Metaspace: 35480K(36224K)->35480K(36224K) NonClass: 26270K(26816K)->26270K(26816K) Class: 9210K(9408K)->9210K(9408K)
[656.970s][info][gc             ] GC(1805) Pause Young (Allocation Failure) 401M->104M(483M) 0.678ms
[656.970s][info][gc,cpu         ] GC(1805) User=0.00s Sys=0.00s Real=0.00s
[657.026s][info][gc,start       ] GC(1806) Pause Young (Allocation Failure)
[657.027s][info][gc,heap        ] GC(1806) PSYoungGen: 307264K(319488K)->64K(319488K) Eden: 307200K(307200K)->0K(307200K) From: 64K(12288K)->64K(12288K)
[657.027s][info][gc,heap        ] GC(1806) ParOldGen: 106588K(175104K)->106604K(175104K)
[657.027s][info][gc,metaspace   ] GC(1806) Metaspace: 35480K(36224K)->35480K(36224K) NonClass: 26270K(26816K)->26270K(26816K) Class: 9210K(9408K)->9210K(9408K)
[657.027s][info][gc             ] GC(1806) Pause Young (Allocation Failure) 404M->104M(483M) 0.655ms
[657.027s][info][gc,cpu         ] GC(1806) User=0.00s Sys=0.00s Real=0.00s
[657.159s][info][gc,start       ] GC(1807) Pause Young (Allocation Failure)
[657.160s][info][gc,heap        ] GC(1807) PSYoungGen: 307264K(319488K)->64K(320000K) Eden: 307200K(307200K)->0K(309760K) From: 64K(12288K)->64K(10240K)
[657.160s][info][gc,heap        ] GC(1807) ParOldGen: 106604K(175104K)->106604K(175104K)
[657.160s][info][gc,metaspace   ] GC(1807) Metaspace: 35480K(36224K)->35480K(36224K) NonClass: 26270K(26816K)->26270K(26816K) Class: 9210K(9408K)->9210K(9408K)
[657.160s][info][gc             ] GC(1807) Pause Young (Allocation Failure) 404M->104M(483M) 0.647ms
[657.160s][info][gc,cpu         ] GC(1807) User=0.00s Sys=0.00s Real=0.00s
[657.492s][info][gc,start       ] GC(1808) Pause Young (Allocation Failure)
[657.493s][info][gc,heap        ] GC(1808) PSYoungGen: 309824K(320000K)->64K(297984K) Eden: 309760K(309760K)->0K(297472K) From: 64K(10240K)->64K(512K)
[657.493s][info][gc,heap        ] GC(1808) ParOldGen: 106604K(175104K)->106612K(175104K)
[657.493s][info][gc,metaspace   ] GC(1808) Metaspace: 35480K(36224K)->35480K(36224K) NonClass: 26270K(26816K)->26270K(26816K) Class: 9210K(9408K)->9210K(9408K)
[657.493s][info][gc             ] GC(1808) Pause Young (Allocation Failure) 406M->104M(462M) 1.191ms
[657.493s][info][gc,cpu         ] GC(1808) User=0.00s Sys=0.00s Real=0.00s
[657.664s][info][gc,start       ] GC(1809) Pause Young (Allocation Failure)
[657.665s][info][gc,heap        ] GC(1809) PSYoungGen: 297536K(297984K)->64K(286208K) Eden: 297472K(297472K)->0K(285696K) From: 64K(512K)->64K(512K)
[657.665s][info][gc,heap        ] GC(1809) ParOldGen: 106612K(175104K)->106620K(175104K)
[657.665s][info][gc,metaspace   ] GC(1809) Metaspace: 35480K(36224K)->35480K(36224K) NonClass: 26270K(26816K)->26270K(26816K) Class: 9210K(9408K)->9210K(9408K)
[657.665s][info][gc             ] GC(1809) Pause Young (Allocation Failure) 394M->104M(450M) 0.754ms
[657.665s][info][gc,cpu         ] GC(1809) User=0.00s Sys=0.00s Real=0.00s
[657.745s][info][gc,start       ] GC(1810) Pause Young (Allocation Failure)
[657.745s][info][gc,heap        ] GC(1810) PSYoungGen: 285760K(286208K)->64K(284160K) Eden: 285696K(285696K)->0K(274432K) From: 64K(512K)->64K(9728K)
[657.745s][info][gc,heap        ] GC(1810) ParOldGen: 106620K(175104K)->106636K(175104K)
[657.745s][info][gc,metaspace   ] GC(1810) Metaspace: 35480K(36224K)->35480K(36224K) NonClass: 26270K(26816K)->26270K(26816K) Class: 9210K(9408K)->9210K(9408K)
[657.745s][info][gc             ] GC(1810) Pause Young (Allocation Failure) 383M->104M(448M) 0.600ms
[657.745s][info][gc,cpu         ] GC(1810) User=0.00s Sys=0.00s Real=0.00s
[657.909s][info][gc,start       ] GC(1811) Pause Young (Allocation Failure)
[657.910s][info][gc,heap        ] GC(1811) PSYoungGen: 274496K(284160K)->64K(264192K) Eden: 274432K(274432K)->0K(263680K) From: 64K(9728K)->64K(512K)
[657.910s][info][gc,heap        ] GC(1811) ParOldGen: 106636K(175104K)->106636K(175104K)
[657.910s][info][gc,metaspace   ] GC(1811) Metaspace: 35480K(36224K)->35480K(36224K) NonClass: 26270K(26816K)->26270K(26816K) Class: 9210K(9408K)->9210K(9408K)
[657.910s][info][gc             ] GC(1811) Pause Young (Allocation Failure) 372M->104M(429M) 1.296ms
[657.910s][info][gc,cpu         ] GC(1811) User=0.00s Sys=0.00s Real=0.00s
[658.819s][info][gc,start       ] GC(1812) Pause Young (Allocation Failure)
[658.819s][info][gc,heap        ] GC(1812) PSYoungGen: 263737K(264192K)->64K(262144K) Eden: 263673K(263680K)->0K(253440K) From: 64K(512K)->64K(8704K)
[658.819s][info][gc,heap        ] GC(1812) ParOldGen: 106636K(175104K)->106644K(175104K)
[658.819s][info][gc,metaspace   ] GC(1812) Metaspace: 35480K(36224K)->35480K(36224K) NonClass: 26270K(26816K)->26270K(26816K) Class: 9210K(9408K)->9210K(9408K)
[658.819s][info][gc             ] GC(1812) Pause Young (Allocation Failure) 361M->104M(427M) 0.612ms
[658.819s][info][gc,cpu         ] GC(1812) User=0.00s Sys=0.00s Real=0.00s
[659.145s][info][gc,start       ] GC(1813) Pause Young (Allocation Failure)
[659.146s][info][gc,heap        ] GC(1813) PSYoungGen: 253504K(262144K)->32K(244224K) Eden: 253440K(253440K)->0K(243712K) From: 64K(8704K)->32K(512K)
[659.146s][info][gc,heap        ] GC(1813) ParOldGen: 106644K(175104K)->106652K(175104K)
[659.146s][info][gc,metaspace   ] GC(1813) Metaspace: 35480K(36224K)->35480K(36224K) NonClass: 26270K(26816K)->26270K(26816K) Class: 9210K(9408K)->9210K(9408K)
[659.146s][info][gc             ] GC(1813) Pause Young (Allocation Failure) 351M->104M(409M) 1.505ms
[659.146s][info][gc,cpu         ] GC(1813) User=0.00s Sys=0.00s Real=0.00s
[659.777s][info][gc,start       ] GC(1814) Pause Young (Allocation Failure)
[659.778s][info][gc,heap        ] GC(1814) PSYoungGen: 243744K(244224K)->32K(241664K) Eden: 243712K(243712K)->0K(234496K) From: 32K(512K)->32K(7168K)
[659.778s][info][gc,heap        ] GC(1814) ParOldGen: 106652K(175104K)->106660K(175104K)
[659.778s][info][gc,metaspace   ] GC(1814) Metaspace: 35480K(36224K)->35480K(36224K) NonClass: 26270K(26816K)->26270K(26816K) Class: 9210K(9408K)->9210K(9408K)
[659.778s][info][gc             ] GC(1814) Pause Young (Allocation Failure) 342M->104M(407M) 0.977ms
[659.778s][info][gc,cpu         ] GC(1814) User=0.00s Sys=0.00s Real=0.00s
[660.183s][info][gc,start       ] GC(1815) Pause Young (Allocation Failure)
[660.185s][info][gc,heap        ] GC(1815) PSYoungGen: 234528K(241664K)->32K(226304K) Eden: 234496K(234496K)->0K(225792K) From: 32K(7168K)->32K(512K)
[660.185s][info][gc,heap        ] GC(1815) ParOldGen: 106660K(175104K)->106668K(175104K)
[660.185s][info][gc,metaspace   ] GC(1815) Metaspace: 35480K(36224K)->35480K(36224K) NonClass: 26270K(26816K)->26270K(26816K) Class: 9210K(9408K)->9210K(9408K)
[660.185s][info][gc             ] GC(1815) Pause Young (Allocation Failure) 333M->104M(392M) 1.467ms
[660.185s][info][gc,cpu         ] GC(1815) User=0.00s Sys=0.01s Real=0.00s
[661.113s][info][gc,start       ] GC(1816) Pause Young (Allocation Failure)
[661.114s][info][gc,heap        ] GC(1816) PSYoungGen: 225824K(226304K)->32K(224256K) Eden: 225792K(225792K)->0K(217600K) From: 32K(512K)->32K(6656K)
[661.114s][info][gc,heap        ] GC(1816) ParOldGen: 106668K(175104K)->106676K(175104K)
[661.114s][info][gc,metaspace   ] GC(1816) Metaspace: 35480K(36224K)->35480K(36224K) NonClass: 26270K(26816K)->26270K(26816K) Class: 9210K(9408K)->9210K(9408K)
[661.114s][info][gc             ] GC(1816) Pause Young (Allocation Failure) 324M->104M(390M) 1.006ms
[661.114s][info][gc,cpu         ] GC(1816) User=0.00s Sys=0.00s Real=0.00s
[661.316s][info][gc,start       ] GC(1817) Pause Young (Allocation Failure)
[661.318s][info][gc,heap        ] GC(1817) PSYoungGen: 217632K(224256K)->32K(209920K) Eden: 217600K(217600K)->0K(209408K) From: 32K(6656K)->32K(512K)
[661.318s][info][gc,heap        ] GC(1817) ParOldGen: 106676K(175104K)->106684K(175104K)
[661.318s][info][gc,metaspace   ] GC(1817) Metaspace: 35480K(36224K)->35480K(36224K) NonClass: 26270K(26816K)->26270K(26816K) Class: 9210K(9408K)->9210K(9408K)
[661.318s][info][gc             ] GC(1817) Pause Young (Allocation Failure) 316M->104M(376M) 1.327ms
[661.318s][info][gc,cpu         ] GC(1817) User=0.00s Sys=0.00s Real=0.00s
[661.656s][info][gc,start       ] GC(1818) Pause Young (Allocation Failure)
[661.656s][info][gc,heap        ] GC(1818) PSYoungGen: 209440K(209920K)->32K(207360K) Eden: 209408K(209408K)->0K(201728K) From: 32K(512K)->32K(5632K)
[661.656s][info][gc,heap        ] GC(1818) ParOldGen: 106684K(175104K)->106692K(175104K)
[661.656s][info][gc,metaspace   ] GC(1818) Metaspace: 35480K(36224K)->35480K(36224K) NonClass: 26270K(26816K)->26270K(26816K) Class: 9210K(9408K)->9210K(9408K)
[661.656s][info][gc             ] GC(1818) Pause Young (Allocation Failure) 308M->104M(373M) 0.913ms
[661.656s][info][gc,cpu         ] GC(1818) User=0.01s Sys=0.00s Real=0.00s
[661.705s][info][gc,start       ] GC(1819) Pause Young (Allocation Failure)
[661.706s][info][gc,heap        ] GC(1819) PSYoungGen: 201760K(207360K)->32K(195072K) Eden: 201728K(201728K)->0K(194560K) From: 32K(5632K)->32K(512K)
[661.706s][info][gc,heap        ] GC(1819) ParOldGen: 106692K(175104K)->106700K(175104K)
[661.706s][info][gc,metaspace   ] GC(1819) Metaspace: 35480K(36224K)->35480K(36224K) NonClass: 26270K(26816K)->26270K(26816K) Class: 9210K(9408K)->9210K(9408K)
[661.706s][info][gc             ] GC(1819) Pause Young (Allocation Failure) 301M->104M(361M) 1.294ms
[661.706s][info][gc,cpu         ] GC(1819) User=0.00s Sys=0.00s Real=0.00s
[661.963s][info][gc,start       ] GC(1820) Pause Young (Allocation Failure)
[661.964s][info][gc,heap        ] GC(1820) PSYoungGen: 194592K(195072K)->64K(193024K) Eden: 194560K(194560K)->0K(187904K) From: 32K(512K)->64K(5120K)
[661.964s][info][gc,heap        ] GC(1820) ParOldGen: 106700K(175104K)->106700K(175104K)
[661.964s][info][gc,metaspace   ] GC(1820) Metaspace: 35480K(36224K)->35480K(36224K) NonClass: 26270K(26816K)->26270K(26816K) Class: 9210K(9408K)->9210K(9408K)
[661.964s][info][gc             ] GC(1820) Pause Young (Allocation Failure) 294M->104M(359M) 0.920ms
[661.964s][info][gc,cpu         ] GC(1820) User=0.00s Sys=0.00s Real=0.00s
[662.373s][info][gc,start       ] GC(1821) Pause Young (Allocation Failure)
[662.375s][info][gc,heap        ] GC(1821) PSYoungGen: 187968K(193024K)->32K(181760K) Eden: 187904K(187904K)->0K(181248K) From: 64K(5120K)->32K(512K)
[662.375s][info][gc,heap        ] GC(1821) ParOldGen: 106700K(175104K)->106708K(175104K)
[662.375s][info][gc,metaspace   ] GC(1821) Metaspace: 35480K(36224K)->35480K(36224K) NonClass: 26270K(26816K)->26270K(26816K) Class: 9210K(9408K)->9210K(9408K)
[662.375s][info][gc             ] GC(1821) Pause Young (Allocation Failure) 287M->104M(348M) 1.253ms
[662.375s][info][gc,cpu         ] GC(1821) User=0.00s Sys=0.00s Real=0.00s
[662.536s][info][gc,start       ] GC(1822) Pause Young (Allocation Failure)
[662.537s][info][gc,heap        ] GC(1822) PSYoungGen: 181280K(181760K)->32K(179200K) Eden: 181248K(181248K)->0K(175104K) From: 32K(512K)->32K(4096K)
[662.537s][info][gc,heap        ] GC(1822) ParOldGen: 106708K(175104K)->106716K(175104K)
[662.537s][info][gc,metaspace   ] GC(1822) Metaspace: 35480K(36224K)->35480K(36224K) NonClass: 26270K(26816K)->26270K(26816K) Class: 9210K(9408K)->9210K(9408K)
[662.537s][info][gc             ] GC(1822) Pause Young (Allocation Failure) 281M->104M(346M) 0.947ms
[662.537s][info][gc,cpu         ] GC(1822) User=0.00s Sys=0.00s Real=0.00s
[662.817s][info][gc,start       ] GC(1823) Pause Young (Allocation Failure)
[662.832s][info][gc,heap        ] GC(1823) PSYoungGen: 175136K(179200K)->4096K(212992K) Eden: 175104K(175104K)->0K(208896K) From: 32K(4096K)->4096K(4096K)
[662.832s][info][gc,heap        ] GC(1823) ParOldGen: 106716K(175104K)->111564K(175104K)
[662.832s][info][gc,metaspace   ] GC(1823) Metaspace: 35480K(36224K)->35480K(36224K) NonClass: 26270K(26816K)->26270K(26816K) Class: 9210K(9408K)->9210K(9408K)
[662.832s][info][gc             ] GC(1823) Pause Young (Allocation Failure) 275M->112M(379M) 15.439ms
[662.832s][info][gc,cpu         ] GC(1823) User=0.03s Sys=0.00s Real=0.02s
[663.108s][info][gc,start       ] GC(1824) Pause Young (Allocation Failure)
[663.144s][info][gc,heap        ] GC(1824) PSYoungGen: 212992K(212992K)->6656K(257024K) Eden: 208896K(208896K)->0K(250368K) From: 4096K(4096K)->6656K(6656K)
[663.144s][info][gc,heap        ] GC(1824) ParOldGen: 111564K(175104K)->128844K(175104K)
[663.144s][info][gc,metaspace   ] GC(1824) Metaspace: 35480K(36224K)->35480K(36224K) NonClass: 26270K(26816K)->26270K(26816K) Class: 9210K(9408K)->9210K(9408K)
[663.144s][info][gc             ] GC(1824) Pause Young (Allocation Failure) 316M->132M(422M) 36.570ms
[663.144s][info][gc,cpu         ] GC(1824) User=0.07s Sys=0.00s Real=0.04s
[663.472s][info][gc,start       ] GC(1825) Pause Young (Allocation Failure)
[663.521s][info][gc,heap        ] GC(1825) PSYoungGen: 257024K(257024K)->11776K(257024K) Eden: 250368K(250368K)->0K(245248K) From: 6656K(6656K)->11776K(11776K)
[663.521s][info][gc,heap        ] GC(1825) ParOldGen: 128844K(175104K)->146060K(175104K)
[663.521s][info][gc,metaspace   ] GC(1825) Metaspace: 35480K(36224K)->35480K(36224K) NonClass: 26270K(26816K)->26270K(26816K) Class: 9210K(9408K)->9210K(9408K)
[663.521s][info][gc             ] GC(1825) Pause Young (Allocation Failure) 376M->154M(422M) 48.748ms
[663.521s][info][gc,cpu         ] GC(1825) User=0.09s Sys=0.00s Real=0.05s
[663.596s][info][gc,start       ] GC(1826) Pause Young (Allocation Failure)
[663.604s][info][gc,heap        ] GC(1826) PSYoungGen: 257024K(257024K)->1408K(268288K) Eden: 245248K(245248K)->0K(245248K) From: 11776K(11776K)->1408K(23040K)
[663.604s][info][gc,heap        ] GC(1826) ParOldGen: 146060K(175104K)->146524K(175104K)
[663.604s][info][gc,metaspace   ] GC(1826) Metaspace: 35480K(36224K)->35480K(36224K) NonClass: 26270K(26816K)->26270K(26816K) Class: 9210K(9408K)->9210K(9408K)
[663.604s][info][gc             ] GC(1826) Pause Young (Allocation Failure) 393M->144M(433M) 7.332ms
[663.604s][info][gc,cpu         ] GC(1826) User=0.01s Sys=0.00s Real=0.01s
[664.061s][info][gc,start       ] GC(1827) Pause Young (Allocation Failure)
[664.062s][info][gc,heap        ] GC(1827) PSYoungGen: 246656K(268288K)->64K(308736K) Eden: 245248K(245248K)->0K(288768K) From: 1408K(23040K)->64K(19968K)
[664.062s][info][gc,heap        ] GC(1827) ParOldGen: 146524K(175104K)->146532K(175104K)
[664.062s][info][gc,metaspace   ] GC(1827) Metaspace: 35480K(36224K)->35480K(36224K) NonClass: 26270K(26816K)->26270K(26816K) Class: 9210K(9408K)->9210K(9408K)
[664.062s][info][gc             ] GC(1827) Pause Young (Allocation Failure) 383M->143M(472M) 0.839ms
[664.062s][info][gc,cpu         ] GC(1827) User=0.00s Sys=0.00s Real=0.00s
[664.593s][info][gc,start       ] GC(1828) Pause Young (Allocation Failure)
[664.594s][info][gc,heap        ] GC(1828) PSYoungGen: 288832K(308736K)->64K(310272K) Eden: 288768K(288768K)->0K(288768K) From: 64K(19968K)->64K(21504K)
[664.594s][info][gc,heap        ] GC(1828) ParOldGen: 146532K(175104K)->146540K(175104K)
[664.594s][info][gc,metaspace   ] GC(1828) Metaspace: 35480K(36224K)->35480K(36224K) NonClass: 26270K(26816K)->26270K(26816K) Class: 9210K(9408K)->9210K(9408K)
[664.594s][info][gc             ] GC(1828) Pause Young (Allocation Failure) 425M->143M(474M) 0.884ms
[664.594s][info][gc,cpu         ] GC(1828) User=0.00s Sys=0.00s Real=0.00s
[665.030s][info][gc,start       ] GC(1829) Pause Young (Allocation Failure)
[665.030s][info][gc,heap        ] GC(1829) PSYoungGen: 288832K(310272K)->64K(310784K) Eden: 288768K(288768K)->0K(291840K) From: 64K(21504K)->64K(18944K)
[665.030s][info][gc,heap        ] GC(1829) ParOldGen: 146540K(175104K)->146556K(175104K)
[665.030s][info][gc,metaspace   ] GC(1829) Metaspace: 35480K(36224K)->35480K(36224K) NonClass: 26270K(26816K)->26270K(26816K) Class: 9210K(9408K)->9210K(9408K)
[665.030s][info][gc             ] GC(1829) Pause Young (Allocation Failure) 425M->143M(474M) 0.754ms
[665.030s][info][gc,cpu         ] GC(1829) User=0.00s Sys=0.00s Real=0.00s
[665.273s][info][gc,start       ] GC(1830) Pause Young (Allocation Failure)
[665.274s][info][gc,heap        ] GC(1830) PSYoungGen: 291904K(310784K)->64K(311808K) Eden: 291840K(291840K)->0K(291840K) From: 64K(18944K)->64K(19968K)
[665.274s][info][gc,heap        ] GC(1830) ParOldGen: 146556K(175104K)->146572K(175104K)
[665.274s][info][gc,metaspace   ] GC(1830) Metaspace: 35480K(36224K)->35480K(36224K) NonClass: 26270K(26816K)->26270K(26816K) Class: 9210K(9408K)->9210K(9408K)
[665.274s][info][gc             ] GC(1830) Pause Young (Allocation Failure) 428M->143M(475M) 0.818ms
[665.274s][info][gc,cpu         ] GC(1830) User=0.00s Sys=0.00s Real=0.00s
[665.619s][info][gc,start       ] GC(1831) Pause Young (Allocation Failure)
[665.620s][info][gc,heap        ] GC(1831) PSYoungGen: 291904K(311808K)->64K(311808K) Eden: 291840K(291840K)->0K(294912K) From: 64K(19968K)->64K(16896K)
[665.620s][info][gc,heap        ] GC(1831) ParOldGen: 146572K(175104K)->146572K(175104K)
[665.620s][info][gc,metaspace   ] GC(1831) Metaspace: 35480K(36224K)->35480K(36224K) NonClass: 26270K(26816K)->26270K(26816K) Class: 9210K(9408K)->9210K(9408K)
[665.620s][info][gc             ] GC(1831) Pause Young (Allocation Failure) 428M->143M(475M) 0.807ms
[665.620s][info][gc,cpu         ] GC(1831) User=0.00s Sys=0.00s Real=0.00s
[665.772s][info][gc,start       ] GC(1832) Pause Young (Allocation Failure)
[665.773s][info][gc,heap        ] GC(1832) PSYoungGen: 294976K(311808K)->64K(312832K) Eden: 294912K(294912K)->0K(294912K) From: 64K(16896K)->64K(17920K)
[665.773s][info][gc,heap        ] GC(1832) ParOldGen: 146572K(175104K)->146580K(175104K)
[665.773s][info][gc,metaspace   ] GC(1832) Metaspace: 35480K(36224K)->35480K(36224K) NonClass: 26270K(26816K)->26270K(26816K) Class: 9210K(9408K)->9210K(9408K)
[665.773s][info][gc             ] GC(1832) Pause Young (Allocation Failure) 431M->143M(476M) 0.756ms
[665.773s][info][gc,cpu         ] GC(1832) User=0.00s Sys=0.00s Real=0.00s
[665.823s][info][gc,start       ] GC(1833) Pause Young (Allocation Failure)
[665.824s][info][gc,heap        ] GC(1833) PSYoungGen: 294976K(312832K)->32K(313344K) Eden: 294912K(294912K)->0K(298496K) From: 64K(17920K)->32K(14848K)
[665.824s][info][gc,heap        ] GC(1833) ParOldGen: 146580K(175104K)->146596K(175104K)
[665.824s][info][gc,metaspace   ] GC(1833) Metaspace: 35480K(36224K)->35480K(36224K) NonClass: 26270K(26816K)->26270K(26816K) Class: 9210K(9408K)->9210K(9408K)
[665.824s][info][gc             ] GC(1833) Pause Young (Allocation Failure) 431M->143M(477M) 0.652ms
[665.824s][info][gc,cpu         ] GC(1833) User=0.00s Sys=0.00s Real=0.00s
[665.985s][info][gc,start       ] GC(1834) Pause Young (Allocation Failure)
[665.986s][info][gc,heap        ] GC(1834) PSYoungGen: 298528K(313344K)->64K(314880K) Eden: 298496K(298496K)->0K(298496K) From: 32K(14848K)->64K(16384K)
[665.986s][info][gc,heap        ] GC(1834) ParOldGen: 146596K(175104K)->146596K(175104K)
[665.986s][info][gc,metaspace   ] GC(1834) Metaspace: 35480K(36224K)->35480K(36224K) NonClass: 26270K(26816K)->26270K(26816K) Class: 9210K(9408K)->9210K(9408K)
[665.986s][info][gc             ] GC(1834) Pause Young (Allocation Failure) 434M->143M(478M) 0.857ms
[665.986s][info][gc,cpu         ] GC(1834) User=0.00s Sys=0.00s Real=0.00s
[666.295s][info][gc,start       ] GC(1835) Pause Young (Allocation Failure)
[666.296s][info][gc,heap        ] GC(1835) PSYoungGen: 298560K(314880K)->64K(287232K) Eden: 298496K(298496K)->0K(286720K) From: 64K(16384K)->64K(512K)
[666.296s][info][gc,heap        ] GC(1835) ParOldGen: 146596K(175104K)->146604K(175104K)
[666.296s][info][gc,metaspace   ] GC(1835) Metaspace: 35480K(36224K)->35480K(36224K) NonClass: 26270K(26816K)->26270K(26816K) Class: 9210K(9408K)->9210K(9408K)
[666.296s][info][gc             ] GC(1835) Pause Young (Allocation Failure) 434M->143M(451M) 0.752ms
[666.296s][info][gc,cpu         ] GC(1835) User=0.00s Sys=0.01s Real=0.00s
[666.454s][info][gc,start       ] GC(1836) Pause Young (Allocation Failure)
[666.454s][info][gc,heap        ] GC(1836) PSYoungGen: 286784K(287232K)->64K(289792K) Eden: 286720K(286720K)->0K(275456K) From: 64K(512K)->64K(14336K)
[666.454s][info][gc,heap        ] GC(1836) ParOldGen: 146604K(175104K)->146612K(175104K)
[666.454s][info][gc,metaspace   ] GC(1836) Metaspace: 35480K(36224K)->35480K(36224K) NonClass: 26270K(26816K)->26270K(26816K) Class: 9210K(9408K)->9210K(9408K)
[666.454s][info][gc             ] GC(1836) Pause Young (Allocation Failure) 423M->143M(454M) 0.728ms
[666.454s][info][gc,cpu         ] GC(1836) User=0.00s Sys=0.00s Real=0.00s
[666.531s][info][gc,start       ] GC(1837) Pause Young (Allocation Failure)
[666.532s][info][gc,heap        ] GC(1837) PSYoungGen: 275520K(289792K)->64K(265216K) Eden: 275456K(275456K)->0K(264704K) From: 64K(14336K)->64K(512K)
[666.532s][info][gc,heap        ] GC(1837) ParOldGen: 146612K(175104K)->146628K(175104K)
[666.532s][info][gc,metaspace   ] GC(1837) Metaspace: 35480K(36224K)->35480K(36224K) NonClass: 26270K(26816K)->26270K(26816K) Class: 9210K(9408K)->9210K(9408K)
[666.532s][info][gc             ] GC(1837) Pause Young (Allocation Failure) 412M->143M(430M) 0.735ms
[666.532s][info][gc,cpu         ] GC(1837) User=0.00s Sys=0.00s Real=0.00s
[666.689s][info][gc,start       ] GC(1838) Pause Young (Allocation Failure)
[666.690s][info][gc,heap        ] GC(1838) PSYoungGen: 264768K(265216K)->64K(267264K) Eden: 264704K(264704K)->0K(254464K) From: 64K(512K)->64K(12800K)
[666.690s][info][gc,heap        ] GC(1838) ParOldGen: 146628K(175104K)->146628K(175104K)
[666.690s][info][gc,metaspace   ] GC(1838) Metaspace: 35480K(36224K)->35480K(36224K) NonClass: 26270K(26816K)->26270K(26816K) Class: 9210K(9408K)->9210K(9408K)
[666.690s][info][gc             ] GC(1838) Pause Young (Allocation Failure) 401M->143M(432M) 0.652ms
[666.690s][info][gc,cpu         ] GC(1838) User=0.00s Sys=0.00s Real=0.00s
[667.078s][info][gc,start       ] GC(1839) Pause Young (Allocation Failure)
[667.079s][info][gc,heap        ] GC(1839) PSYoungGen: 254528K(267264K)->64K(245248K) Eden: 254464K(254464K)->0K(244736K) From: 64K(12800K)->64K(512K)
[667.079s][info][gc,heap        ] GC(1839) ParOldGen: 146628K(175104K)->146636K(175104K)
[667.079s][info][gc,metaspace   ] GC(1839) Metaspace: 35480K(36224K)->35480K(36224K) NonClass: 26270K(26816K)->26270K(26816K) Class: 9210K(9408K)->9210K(9408K)
[667.079s][info][gc             ] GC(1839) Pause Young (Allocation Failure) 391M->143M(410M) 1.175ms
[667.079s][info][gc,cpu         ] GC(1839) User=0.01s Sys=0.00s Real=0.01s
[667.642s][info][gc,start       ] GC(1840) Pause Young (Allocation Failure)
[667.643s][info][gc,heap        ] GC(1840) PSYoungGen: 244800K(245248K)->64K(246784K) Eden: 244736K(244736K)->0K(235520K) From: 64K(512K)->64K(11264K)
[667.643s][info][gc,heap        ] GC(1840) ParOldGen: 146636K(175104K)->146644K(175104K)
[667.643s][info][gc,metaspace   ] GC(1840) Metaspace: 35480K(36224K)->35480K(36224K) NonClass: 26270K(26816K)->26270K(26816K) Class: 9210K(9408K)->9210K(9408K)
[667.643s][info][gc             ] GC(1840) Pause Young (Allocation Failure) 382M->143M(412M) 0.935ms
[667.643s][info][gc,cpu         ] GC(1840) User=0.00s Sys=0.00s Real=0.00s
[668.528s][info][gc,start       ] GC(1841) Pause Young (Allocation Failure)
[668.530s][info][gc,heap        ] GC(1841) PSYoungGen: 235584K(246784K)->32K(227328K) Eden: 235520K(235520K)->0K(226816K) From: 64K(11264K)->32K(512K)
[668.530s][info][gc,heap        ] GC(1841) ParOldGen: 146644K(175104K)->146652K(175104K)
[668.530s][info][gc,metaspace   ] GC(1841) Metaspace: 35480K(36224K)->35480K(36224K) NonClass: 26270K(26816K)->26270K(26816K) Class: 9210K(9408K)->9210K(9408K)
[668.530s][info][gc             ] GC(1841) Pause Young (Allocation Failure) 373M->143M(393M) 2.006ms
[668.531s][info][gc,cpu         ] GC(1841) User=0.00s Sys=0.00s Real=0.01s
[668.886s][info][gc,start       ] GC(1842) Pause Young (Allocation Failure)
[668.888s][info][gc,heap        ] GC(1842) PSYoungGen: 226848K(227328K)->32K(228352K) Eden: 226816K(226816K)->0K(218624K) From: 32K(512K)->32K(9728K)
[668.888s][info][gc,heap        ] GC(1842) ParOldGen: 146652K(175104K)->146660K(175104K)
[668.888s][info][gc,metaspace   ] GC(1842) Metaspace: 35480K(36224K)->35480K(36224K) NonClass: 26270K(26816K)->26270K(26816K) Class: 9210K(9408K)->9210K(9408K)
[668.888s][info][gc             ] GC(1842) Pause Young (Allocation Failure) 364M->143M(394M) 1.439ms
[668.888s][info][gc,cpu         ] GC(1842) User=0.01s Sys=0.00s Real=0.00s
[669.865s][info][gc,start       ] GC(1843) Pause Young (Allocation Failure)
[669.867s][info][gc,heap        ] GC(1843) PSYoungGen: 218656K(228352K)->32K(210944K) Eden: 218624K(218624K)->0K(210432K) From: 32K(9728K)->32K(512K)
[669.867s][info][gc,heap        ] GC(1843) ParOldGen: 146660K(175104K)->146668K(175104K)
[669.867s][info][gc,metaspace   ] GC(1843) Metaspace: 35480K(36224K)->35480K(36224K) NonClass: 26270K(26816K)->26270K(26816K) Class: 9210K(9408K)->9210K(9408K)
[669.867s][info][gc             ] GC(1843) Pause Young (Allocation Failure) 356M->143M(377M) 2.157ms
[669.867s][info][gc,cpu         ] GC(1843) User=0.00s Sys=0.00s Real=0.00s
[670.065s][info][gc,start       ] GC(1844) Pause Young (Allocation Failure)
[670.066s][info][gc,heap        ] GC(1844) PSYoungGen: 210464K(210944K)->32K(211456K) Eden: 210432K(210432K)->0K(202752K) From: 32K(512K)->32K(8704K)
[670.066s][info][gc,heap        ] GC(1844) ParOldGen: 146668K(175104K)->146676K(175104K)
[670.066s][info][gc,metaspace   ] GC(1844) Metaspace: 35480K(36224K)->35480K(36224K) NonClass: 26270K(26816K)->26270K(26816K) Class: 9210K(9408K)->9210K(9408K)
[670.066s][info][gc             ] GC(1844) Pause Young (Allocation Failure) 348M->143M(377M) 1.309ms
[670.066s][info][gc,cpu         ] GC(1844) User=0.00s Sys=0.00s Real=0.00s
[670.360s][info][gc,start       ] GC(1845) Pause Young (Allocation Failure)
[670.362s][info][gc,heap        ] GC(1845) PSYoungGen: 202784K(211456K)->32K(196096K) Eden: 202752K(202752K)->0K(195584K) From: 32K(8704K)->32K(512K)
[670.362s][info][gc,heap        ] GC(1845) ParOldGen: 146676K(175104K)->146684K(175104K)
[670.362s][info][gc,metaspace   ] GC(1845) Metaspace: 35480K(36224K)->35480K(36224K) NonClass: 26270K(26816K)->26270K(26816K) Class: 9210K(9408K)->9210K(9408K)
[670.362s][info][gc             ] GC(1845) Pause Young (Allocation Failure) 341M->143M(362M) 1.831ms
[670.362s][info][gc,cpu         ] GC(1845) User=0.00s Sys=0.00s Real=0.00s
[670.478s][info][gc,start       ] GC(1846) Pause Young (Allocation Failure)
[670.479s][info][gc,heap        ] GC(1846) PSYoungGen: 195616K(196096K)->32K(196096K) Eden: 195584K(195584K)->0K(188416K) From: 32K(512K)->32K(7680K)
[670.479s][info][gc,heap        ] GC(1846) ParOldGen: 146684K(175104K)->146692K(175104K)
[670.479s][info][gc,metaspace   ] GC(1846) Metaspace: 35480K(36224K)->35480K(36224K) NonClass: 26270K(26816K)->26270K(26816K) Class: 9210K(9408K)->9210K(9408K)
[670.479s][info][gc             ] GC(1846) Pause Young (Allocation Failure) 334M->143M(362M) 1.011ms
[670.479s][info][gc,cpu         ] GC(1846) User=0.00s Sys=0.00s Real=0.01s
[670.565s][info][gc,start       ] GC(1847) Pause Young (Allocation Failure)
[670.567s][info][gc,heap        ] GC(1847) PSYoungGen: 188448K(196096K)->32K(182272K) Eden: 188416K(188416K)->0K(181760K) From: 32K(7680K)->32K(512K)
[670.567s][info][gc,heap        ] GC(1847) ParOldGen: 146692K(175104K)->146700K(175104K)
[670.567s][info][gc,metaspace   ] GC(1847) Metaspace: 35480K(36224K)->35480K(36224K) NonClass: 26270K(26816K)->26270K(26816K) Class: 9210K(9408K)->9210K(9408K)
[670.567s][info][gc             ] GC(1847) Pause Young (Allocation Failure) 327M->143M(349M) 1.773ms
[670.567s][info][gc,cpu         ] GC(1847) User=0.00s Sys=0.00s Real=0.00s
[671.050s][info][gc,start       ] GC(1848) Pause Young (Allocation Failure)
[671.052s][info][gc,heap        ] GC(1848) PSYoungGen: 181792K(182272K)->64K(182272K) Eden: 181760K(181760K)->0K(175616K) From: 32K(512K)->64K(6656K)
[671.052s][info][gc,heap        ] GC(1848) ParOldGen: 146700K(175104K)->146708K(175104K)
[671.052s][info][gc,metaspace   ] GC(1848) Metaspace: 35480K(36224K)->35480K(36224K) NonClass: 26270K(26816K)->26270K(26816K) Class: 9210K(9408K)->9210K(9408K)
[671.052s][info][gc             ] GC(1848) Pause Young (Allocation Failure) 320M->143M(349M) 1.337ms
[671.052s][info][gc,cpu         ] GC(1848) User=0.00s Sys=0.00s Real=0.00s
[671.211s][info][gc,start       ] GC(1849) Pause Young (Allocation Failure)
[671.212s][info][gc,heap        ] GC(1849) PSYoungGen: 175680K(182272K)->32K(169984K) Eden: 175616K(175616K)->0K(169472K) From: 64K(6656K)->32K(512K)
[671.212s][info][gc,heap        ] GC(1849) ParOldGen: 146708K(175104K)->146716K(175104K)
[671.212s][info][gc,metaspace   ] GC(1849) Metaspace: 35480K(36224K)->35480K(36224K) NonClass: 26270K(26816K)->26270K(26816K) Class: 9210K(9408K)->9210K(9408K)
[671.212s][info][gc             ] GC(1849) Pause Young (Allocation Failure) 314M->143M(337M) 1.706ms
[671.212s][info][gc,cpu         ] GC(1849) User=0.01s Sys=0.00s Real=0.00s
[671.485s][info][gc,start       ] GC(1850) Pause Young (Allocation Failure)
[671.486s][info][gc,heap        ] GC(1850) PSYoungGen: 169504K(169984K)->32K(169472K) Eden: 169472K(169472K)->0K(163840K) From: 32K(512K)->32K(5632K)
[671.486s][info][gc,heap        ] GC(1850) ParOldGen: 146716K(175104K)->146724K(175104K)
[671.486s][info][gc,metaspace   ] GC(1850) Metaspace: 35480K(36224K)->35480K(36224K) NonClass: 26270K(26816K)->26270K(26816K) Class: 9210K(9408K)->9210K(9408K)
[671.486s][info][gc             ] GC(1850) Pause Young (Allocation Failure) 308M->143M(336M) 1.086ms
[671.486s][info][gc,cpu         ] GC(1850) User=0.00s Sys=0.00s Real=0.00s
[671.714s][info][gc,start       ] GC(1851) Pause Young (Allocation Failure)
[671.744s][info][gc,heap        ] GC(1851) PSYoungGen: 163872K(169472K)->5120K(201216K) Eden: 163840K(163840K)->0K(196096K) From: 32K(5632K)->5120K(5120K)
[671.744s][info][gc,heap        ] GC(1851) ParOldGen: 146724K(175104K)->158468K(175104K)
[671.744s][info][gc,metaspace   ] GC(1851) Metaspace: 35480K(36224K)->35480K(36224K) NonClass: 26270K(26816K)->26270K(26816K) Class: 9210K(9408K)->9210K(9408K)
[671.744s][info][gc             ] GC(1851) Pause Young (Allocation Failure) 303M->159M(367M) 29.880ms
[671.744s][info][gc,cpu         ] GC(1851) User=0.04s Sys=0.00s Real=0.03s
[672.001s][info][gc,start       ] GC(1852) Pause Young (Allocation Failure)
[672.037s][info][gc,heap        ] GC(1852) PSYoungGen: 201216K(201216K)->10752K(243712K) Eden: 196096K(196096K)->0K(232960K) From: 5120K(5120K)->10752K(10752K)
[672.037s][info][gc,heap        ] GC(1852) ParOldGen: 158468K(175104K)->170380K(175104K)
[672.037s][info][gc,metaspace   ] GC(1852) Metaspace: 35480K(36224K)->35480K(36224K) NonClass: 26270K(26816K)->26270K(26816K) Class: 9210K(9408K)->9210K(9408K)
[672.037s][info][gc             ] GC(1852) Pause Young (Allocation Failure) 351M->176M(409M) 35.991ms
[672.037s][info][gc,cpu         ] GC(1852) User=0.07s Sys=0.00s Real=0.03s
[672.314s][info][gc,start       ] GC(1853) Pause Young (Allocation Failure)
[672.361s][info][gc,heap        ] GC(1853) PSYoungGen: 243712K(243712K)->17408K(246272K) Eden: 232960K(232960K)->0K(228864K) From: 10752K(10752K)->17408K(17408K)
[672.361s][info][gc,heap        ] GC(1853) ParOldGen: 170380K(175104K)->176708K(177152K)
[672.361s][info][gc,metaspace   ] GC(1853) Metaspace: 35480K(36224K)->35480K(36224K) NonClass: 26270K(26816K)->26270K(26816K) Class: 9210K(9408K)->9210K(9408K)
[672.361s][info][gc             ] GC(1853) Pause Young (Allocation Failure) 404M->189M(413M) 46.619ms
[672.361s][info][gc,cpu         ] GC(1853) User=0.07s Sys=0.02s Real=0.05s
[672.429s][info][gc,start       ] GC(1854) Pause Young (Allocation Failure)
[672.431s][info][gc,heap        ] GC(1854) PSYoungGen: 246272K(246272K)->64K(252416K) Eden: 228864K(228864K)->0K(228864K) From: 17408K(17408K)->64K(23552K)
[672.431s][info][gc,heap        ] GC(1854) ParOldGen: 176708K(177152K)->176884K(177152K)
[672.431s][info][gc,metaspace   ] GC(1854) Metaspace: 35480K(36224K)->35480K(36224K) NonClass: 26270K(26816K)->26270K(26816K) Class: 9210K(9408K)->9210K(9408K)
[672.431s][info][gc             ] GC(1854) Pause Young (Allocation Failure) 413M->172M(419M) 2.763ms
[672.431s][info][gc,cpu         ] GC(1854) User=0.01s Sys=0.00s Real=0.00s
[672.890s][info][gc,start       ] GC(1855) Pause Young (Allocation Failure)
[672.891s][info][gc,heap        ] GC(1855) PSYoungGen: 228928K(252416K)->64K(295424K) Eden: 228864K(228864K)->0K(274432K) From: 64K(23552K)->64K(20992K)
[672.891s][info][gc,heap        ] GC(1855) ParOldGen: 176884K(177152K)->176892K(177152K)
[672.891s][info][gc,metaspace   ] GC(1855) Metaspace: 35480K(36224K)->35480K(36224K) NonClass: 26270K(26816K)->26270K(26816K) Class: 9210K(9408K)->9210K(9408K)
[672.891s][info][gc             ] GC(1855) Pause Young (Allocation Failure) 396M->172M(461M) 0.967ms
[672.891s][info][gc,cpu         ] GC(1855) User=0.00s Sys=0.00s Real=0.00s
[673.401s][info][gc,start       ] GC(1856) Pause Young (Allocation Failure)
[673.402s][info][gc,heap        ] GC(1856) PSYoungGen: 274496K(295424K)->64K(296448K) Eden: 274432K(274432K)->0K(274432K) From: 64K(20992K)->64K(22016K)
[673.402s][info][gc,heap        ] GC(1856) ParOldGen: 176892K(177152K)->176900K(177152K)
[673.402s][info][gc,metaspace   ] GC(1856) Metaspace: 35480K(36224K)->35480K(36224K) NonClass: 26270K(26816K)->26270K(26816K) Class: 9210K(9408K)->9210K(9408K)
[673.402s][info][gc             ] GC(1856) Pause Young (Allocation Failure) 440M->172M(462M) 0.921ms
[673.402s][info][gc,cpu         ] GC(1856) User=0.00s Sys=0.00s Real=0.00s
[673.826s][info][gc,start       ] GC(1857) Pause Young (Allocation Failure)
[673.827s][info][gc,heap        ] GC(1857) PSYoungGen: 274496K(296448K)->64K(310784K) Eden: 274432K(274432K)->0K(290816K) From: 64K(22016K)->64K(19968K)
[673.827s][info][gc,heap        ] GC(1857) ParOldGen: 176900K(177152K)->176916K(177152K)
[673.827s][info][gc,metaspace   ] GC(1857) Metaspace: 35480K(36224K)->35480K(36224K) NonClass: 26270K(26816K)->26270K(26816K) Class: 9210K(9408K)->9210K(9408K)
[673.827s][info][gc             ] GC(1857) Pause Young (Allocation Failure) 440M->172M(476M) 0.976ms
[673.827s][info][gc,cpu         ] GC(1857) User=0.00s Sys=0.00s Real=0.00s
[674.081s][info][gc,start       ] GC(1858) Pause Young (Allocation Failure)
[674.082s][info][gc,heap        ] GC(1858) PSYoungGen: 290880K(310784K)->64K(311296K) Eden: 290816K(290816K)->0K(290816K) From: 64K(19968K)->64K(20480K)
[674.082s][info][gc,heap        ] GC(1858) ParOldGen: 176916K(177152K)->176932K(177152K)
[674.082s][info][gc,metaspace   ] GC(1858) Metaspace: 35480K(36224K)->35480K(36224K) NonClass: 26270K(26816K)->26270K(26816K) Class: 9210K(9408K)->9210K(9408K)
[674.082s][info][gc             ] GC(1858) Pause Young (Allocation Failure) 456M->172M(477M) 1.012ms
[674.082s][info][gc,cpu         ] GC(1858) User=0.01s Sys=0.00s Real=0.00s
[674.319s][info][gc,start       ] GC(1859) Pause Young (Allocation Failure)
[674.320s][info][gc,heap        ] GC(1859) PSYoungGen: 290880K(311296K)->64K(311808K) Eden: 290816K(290816K)->0K(293888K) From: 64K(20480K)->64K(17920K)
[674.320s][info][gc,heap        ] GC(1859) ParOldGen: 176932K(177152K)->176932K(177152K)
[674.320s][info][gc,metaspace   ] GC(1859) Metaspace: 35480K(36224K)->35480K(36224K) NonClass: 26270K(26816K)->26270K(26816K) Class: 9210K(9408K)->9210K(9408K)
[674.320s][info][gc             ] GC(1859) Pause Young (Allocation Failure) 456M->172M(477M) 0.832ms
[674.320s][info][gc,cpu         ] GC(1859) User=0.00s Sys=0.00s Real=0.00s
[674.593s][info][gc,start       ] GC(1860) Pause Young (Allocation Failure)
[674.594s][info][gc,heap        ] GC(1860) PSYoungGen: 293952K(311808K)->64K(312320K) Eden: 293888K(293888K)->0K(293888K) From: 64K(17920K)->64K(18432K)
[674.594s][info][gc,heap        ] GC(1860) ParOldGen: 176932K(177152K)->176932K(177152K)
[674.594s][info][gc,metaspace   ] GC(1860) Metaspace: 35480K(36224K)->35480K(36224K) NonClass: 26270K(26816K)->26270K(26816K) Class: 9210K(9408K)->9210K(9408K)
[674.594s][info][gc             ] GC(1860) Pause Young (Allocation Failure) 459M->172M(478M) 0.934ms
[674.594s][info][gc,cpu         ] GC(1860) User=0.00s Sys=0.00s Real=0.00s
[674.645s][info][gc,start       ] GC(1861) Pause Young (Allocation Failure)
[674.646s][info][gc,heap        ] GC(1861) PSYoungGen: 293952K(312320K)->64K(313856K) Eden: 293888K(293888K)->0K(297984K) From: 64K(18432K)->64K(15872K)
[674.646s][info][gc,heap        ] GC(1861) ParOldGen: 176932K(177152K)->176948K(177152K)
[674.646s][info][gc,metaspace   ] GC(1861) Metaspace: 35480K(36224K)->35480K(36224K) NonClass: 26270K(26816K)->26270K(26816K) Class: 9210K(9408K)->9210K(9408K)
[674.646s][info][gc             ] GC(1861) Pause Young (Allocation Failure) 459M->172M(479M) 0.852ms
[674.646s][info][gc,cpu         ] GC(1861) User=0.00s Sys=0.00s Real=0.00s
[674.785s][info][gc,start       ] GC(1862) Pause Young (Allocation Failure)
[674.786s][info][gc,heap        ] GC(1862) PSYoungGen: 298048K(313856K)->64K(314368K) Eden: 297984K(297984K)->0K(297984K) From: 64K(15872K)->64K(16384K)
[674.786s][info][gc,heap        ] GC(1862) ParOldGen: 176948K(177152K)->176948K(177152K)
[674.786s][info][gc,metaspace   ] GC(1862) Metaspace: 35480K(36224K)->35480K(36224K) NonClass: 26270K(26816K)->26270K(26816K) Class: 9210K(9408K)->9210K(9408K)
[674.786s][info][gc             ] GC(1862) Pause Young (Allocation Failure) 463M->172M(480M) 0.892ms
[674.786s][info][gc,cpu         ] GC(1862) User=0.00s Sys=0.00s Real=0.00s
[675.102s][info][gc,start       ] GC(1863) Pause Young (Allocation Failure)
[675.103s][info][gc,heap        ] GC(1863) PSYoungGen: 298048K(314368K)->64K(315392K) Eden: 297984K(297984K)->0K(301568K) From: 64K(16384K)->64K(13824K)
[675.103s][info][gc,heap        ] GC(1863) ParOldGen: 176948K(177152K)->176964K(177152K)
[675.103s][info][gc,metaspace   ] GC(1863) Metaspace: 35480K(36224K)->35480K(36224K) NonClass: 26270K(26816K)->26270K(26816K) Class: 9210K(9408K)->9210K(9408K)
[675.103s][info][gc             ] GC(1863) Pause Young (Allocation Failure) 463M->172M(481M) 0.854ms
[675.103s][info][gc,cpu         ] GC(1863) User=0.01s Sys=0.00s Real=0.00s
[675.280s][info][gc,start       ] GC(1864) Pause Young (Allocation Failure)
[675.281s][info][gc,heap        ] GC(1864) PSYoungGen: 301632K(315392K)->64K(290304K) Eden: 301568K(301568K)->0K(289792K) From: 64K(13824K)->64K(512K)
[675.281s][info][gc,heap        ] GC(1864) ParOldGen: 176964K(177152K)->176964K(177152K)
[675.281s][info][gc,metaspace   ] GC(1864) Metaspace: 35480K(36224K)->35480K(36224K) NonClass: 26270K(26816K)->26270K(26816K) Class: 9210K(9408K)->9210K(9408K)
[675.281s][info][gc             ] GC(1864) Pause Young (Allocation Failure) 467M->172M(456M) 0.865ms
[675.281s][info][gc,cpu         ] GC(1864) User=0.00s Sys=0.00s Real=0.00s
[675.361s][info][gc,start       ] GC(1865) Pause Young (Allocation Failure)
[675.362s][info][gc,heap        ] GC(1865) PSYoungGen: 289856K(290304K)->64K(279040K) Eden: 289792K(289792K)->0K(278528K) From: 64K(512K)->64K(512K)
[675.362s][info][gc,heap        ] GC(1865) ParOldGen: 176964K(177152K)->176980K(177152K)
[675.362s][info][gc,metaspace   ] GC(1865) Metaspace: 35480K(36224K)->35480K(36224K) NonClass: 26270K(26816K)->26270K(26816K) Class: 9210K(9408K)->9210K(9408K)
[675.362s][info][gc             ] GC(1865) Pause Young (Allocation Failure) 455M->172M(445M) 0.832ms
[675.362s][info][gc,cpu         ] GC(1865) User=0.00s Sys=0.00s Real=0.00s
[675.529s][info][gc,start       ] GC(1866) Pause Young (Allocation Failure)
[675.530s][info][gc,heap        ] GC(1866) PSYoungGen: 278592K(279040K)->64K(280576K) Eden: 278528K(278528K)->0K(267776K) From: 64K(512K)->64K(12800K)
[675.530s][info][gc,heap        ] GC(1866) ParOldGen: 176980K(177152K)->176980K(177152K)
[675.530s][info][gc,metaspace   ] GC(1866) Metaspace: 35480K(36224K)->35480K(36224K) NonClass: 26270K(26816K)->26270K(26816K) Class: 9210K(9408K)->9210K(9408K)
[675.530s][info][gc             ] GC(1866) Pause Young (Allocation Failure) 444M->172M(447M) 0.773ms
[675.530s][info][gc,cpu         ] GC(1866) User=0.00s Sys=0.00s Real=0.00s
[676.433s][info][gc,start       ] GC(1867) Pause Young (Allocation Failure)
[676.434s][info][gc,heap        ] GC(1867) PSYoungGen: 267840K(280576K)->83K(258048K) Eden: 267776K(267776K)->0K(257536K) From: 64K(12800K)->83K(512K)
[676.434s][info][gc,heap        ] GC(1867) ParOldGen: 176980K(177152K)->176988K(177152K)
[676.434s][info][gc,metaspace   ] GC(1867) Metaspace: 35480K(36224K)->35480K(36224K) NonClass: 26270K(26816K)->26270K(26816K) Class: 9210K(9408K)->9210K(9408K)
[676.434s][info][gc             ] GC(1867) Pause Young (Allocation Failure) 434M->172M(425M) 1.379ms
[676.434s][info][gc,cpu         ] GC(1867) User=0.00s Sys=0.00s Real=0.00s
[676.979s][info][gc,start       ] GC(1868) Pause Young (Allocation Failure)
[676.980s][info][gc,heap        ] GC(1868) PSYoungGen: 257619K(258048K)->64K(259072K) Eden: 257536K(257536K)->0K(247808K) From: 83K(512K)->64K(11264K)
[676.980s][info][gc,heap        ] GC(1868) ParOldGen: 176988K(177152K)->177004K(177152K)
[676.980s][info][gc,metaspace   ] GC(1868) Metaspace: 35480K(36224K)->35480K(36224K) NonClass: 26270K(26816K)->26270K(26816K) Class: 9210K(9408K)->9210K(9408K)
[676.980s][info][gc             ] GC(1868) Pause Young (Allocation Failure) 424M->172M(426M) 0.769ms
[676.980s][info][gc,cpu         ] GC(1868) User=0.00s Sys=0.00s Real=0.00s
[677.400s][info][gc,start       ] GC(1869) Pause Young (Allocation Failure)
[677.402s][info][gc,heap        ] GC(1869) PSYoungGen: 247872K(259072K)->64K(239104K) Eden: 247808K(247808K)->0K(238592K) From: 64K(11264K)->64K(512K)
[677.402s][info][gc,heap        ] GC(1869) ParOldGen: 177004K(177152K)->177012K(177152K)
[677.402s][info][gc,metaspace   ] GC(1869) Metaspace: 35480K(36224K)->35480K(36224K) NonClass: 26270K(26816K)->26270K(26816K) Class: 9210K(9408K)->9210K(9408K)
[677.402s][info][gc             ] GC(1869) Pause Young (Allocation Failure) 414M->172M(406M) 1.698ms
[677.402s][info][gc,cpu         ] GC(1869) User=0.00s Sys=0.00s Real=0.00s
[677.814s][info][gc,start       ] GC(1870) Pause Young (Allocation Failure)
[677.815s][info][gc,heap        ] GC(1870) PSYoungGen: 238656K(239104K)->64K(240128K) Eden: 238592K(238592K)->0K(229888K) From: 64K(512K)->64K(10240K)
[677.815s][info][gc,heap        ] GC(1870) ParOldGen: 177012K(177152K)->177020K(177152K)
[677.815s][info][gc,metaspace   ] GC(1870) Metaspace: 35480K(36224K)->35480K(36224K) NonClass: 26270K(26816K)->26270K(26816K) Class: 9210K(9408K)->9210K(9408K)
[677.815s][info][gc             ] GC(1870) Pause Young (Allocation Failure) 405M->172M(407M) 0.804ms
[677.815s][info][gc,cpu         ] GC(1870) User=0.00s Sys=0.00s Real=0.00s
[678.755s][info][gc,start       ] GC(1871) Pause Young (Allocation Failure)
[678.757s][info][gc,heap        ] GC(1871) PSYoungGen: 229952K(240128K)->64K(221696K) Eden: 229888K(229888K)->0K(221184K) From: 64K(10240K)->64K(512K)
[678.757s][info][gc,heap        ] GC(1871) ParOldGen: 177020K(177152K)->177028K(177152K)
[678.757s][info][gc,metaspace   ] GC(1871) Metaspace: 35480K(36224K)->35480K(36224K) NonClass: 26270K(26816K)->26270K(26816K) Class: 9210K(9408K)->9210K(9408K)
[678.757s][info][gc             ] GC(1871) Pause Young (Allocation Failure) 397M->172M(389M) 1.613ms
[678.757s][info][gc,cpu         ] GC(1871) User=0.00s Sys=0.00s Real=0.00s
[679.117s][info][gc,start       ] GC(1872) Pause Young (Allocation Failure)
[679.118s][info][gc,heap        ] GC(1872) PSYoungGen: 221248K(221696K)->32K(221696K) Eden: 221184K(221184K)->0K(212992K) From: 64K(512K)->32K(8704K)
[679.118s][info][gc,heap        ] GC(1872) ParOldGen: 177028K(177152K)->177036K(177152K)
[679.119s][info][gc,metaspace   ] GC(1872) Metaspace: 35480K(36224K)->35480K(36224K) NonClass: 26270K(26816K)->26270K(26816K) Class: 9210K(9408K)->9210K(9408K)
[679.119s][info][gc             ] GC(1872) Pause Young (Allocation Failure) 388M->172M(389M) 1.375ms
[679.119s][info][gc,cpu         ] GC(1872) User=0.00s Sys=0.00s Real=0.01s
[679.290s][info][gc,start       ] GC(1873) Pause Young (Allocation Failure)
[679.292s][info][gc,heap        ] GC(1873) PSYoungGen: 213024K(221696K)->32K(205824K) Eden: 212992K(212992K)->0K(205312K) From: 32K(8704K)->32K(512K)
[679.292s][info][gc,heap        ] GC(1873) ParOldGen: 177036K(177152K)->177044K(177152K)
[679.292s][info][gc,metaspace   ] GC(1873) Metaspace: 35480K(36224K)->35480K(36224K) NonClass: 26270K(26816K)->26270K(26816K) Class: 9210K(9408K)->9210K(9408K)
[679.292s][info][gc             ] GC(1873) Pause Young (Allocation Failure) 380M->172M(374M) 1.868ms
[679.292s][info][gc,cpu         ] GC(1873) User=0.00s Sys=0.00s Real=0.00s
[679.342s][info][gc,start       ] GC(1874) Pause Young (Allocation Failure)
[679.343s][info][gc,heap        ] GC(1874) PSYoungGen: 205344K(205824K)->32K(205824K) Eden: 205312K(205312K)->0K(198144K) From: 32K(512K)->32K(7680K)
[679.343s][info][gc,heap        ] GC(1874) ParOldGen: 177044K(177152K)->177052K(177152K)
[679.343s][info][gc,metaspace   ] GC(1874) Metaspace: 35480K(36224K)->35480K(36224K) NonClass: 26270K(26816K)->26270K(26816K) Class: 9210K(9408K)->9210K(9408K)
[679.343s][info][gc             ] GC(1874) Pause Young (Allocation Failure) 373M->172M(374M) 1.125ms
[679.343s][info][gc,cpu         ] GC(1874) User=0.00s Sys=0.00s Real=0.00s
[679.697s][info][gc,start       ] GC(1875) Pause Young (Allocation Failure)
[679.699s][info][gc,heap        ] GC(1875) PSYoungGen: 198176K(205824K)->64K(191488K) Eden: 198144K(198144K)->0K(190976K) From: 32K(7680K)->64K(512K)
[679.699s][info][gc,heap        ] GC(1875) ParOldGen: 177052K(177152K)->177052K(177152K)
[679.699s][info][gc,metaspace   ] GC(1875) Metaspace: 35480K(36224K)->35480K(36224K) NonClass: 26270K(26816K)->26270K(26816K) Class: 9210K(9408K)->9210K(9408K)
[679.699s][info][gc             ] GC(1875) Pause Young (Allocation Failure) 366M->172M(360M) 1.874ms
[679.699s][info][gc,cpu         ] GC(1875) User=0.00s Sys=0.00s Real=0.01s
[680.011s][info][gc,start       ] GC(1876) Pause Young (Allocation Failure)
[680.012s][info][gc,heap        ] GC(1876) PSYoungGen: 191040K(191488K)->32K(190976K) Eden: 190976K(190976K)->0K(184320K) From: 64K(512K)->32K(6656K)
[680.012s][info][gc,heap        ] GC(1876) ParOldGen: 177052K(177152K)->177068K(177152K)
[680.012s][info][gc,metaspace   ] GC(1876) Metaspace: 35480K(36224K)->35480K(36224K) NonClass: 26270K(26816K)->26270K(26816K) Class: 9210K(9408K)->9210K(9408K)
[680.012s][info][gc             ] GC(1876) Pause Young (Allocation Failure) 359M->172M(359M) 1.192ms
[680.012s][info][gc,cpu         ] GC(1876) User=0.00s Sys=0.00s Real=0.00s
[680.233s][info][gc,start       ] GC(1877) Pause Young (Allocation Failure)
[680.235s][info][gc,heap        ] GC(1877) PSYoungGen: 184352K(190976K)->32K(178176K) Eden: 184320K(184320K)->0K(177664K) From: 32K(6656K)->32K(512K)
[680.235s][info][gc,heap        ] GC(1877) ParOldGen: 177068K(177152K)->177076K(177152K)
[680.235s][info][gc,metaspace   ] GC(1877) Metaspace: 35480K(36224K)->35480K(36224K) NonClass: 26270K(26816K)->26270K(26816K) Class: 9210K(9408K)->9210K(9408K)
[680.235s][info][gc             ] GC(1877) Pause Young (Allocation Failure) 352M->172M(347M) 1.914ms
[680.235s][info][gc,cpu         ] GC(1877) User=0.00s Sys=0.00s Real=0.00s
[680.502s][info][gc,start       ] GC(1878) Pause Young (Allocation Failure)
[680.532s][info][gc,heap        ] GC(1878) PSYoungGen: 177696K(178176K)->5632K(218112K) Eden: 177664K(177664K)->0K(212480K) From: 32K(512K)->5632K(5632K)
[680.532s][info][gc,heap        ] GC(1878) ParOldGen: 177076K(177152K)->186020K(186368K)
[680.532s][info][gc,metaspace   ] GC(1878) Metaspace: 35480K(36224K)->35480K(36224K) NonClass: 26270K(26816K)->26270K(26816K) Class: 9210K(9408K)->9210K(9408K)
[680.532s][info][gc             ] GC(1878) Pause Young (Allocation Failure) 346M->187M(395M) 30.159ms
[680.532s][info][gc,cpu         ] GC(1878) User=0.05s Sys=0.00s Real=0.03s
[680.812s][info][gc,start       ] GC(1879) Pause Young (Allocation Failure)
[680.862s][info][gc,heap        ] GC(1879) PSYoungGen: 218112K(218112K)->5632K(236032K) Eden: 212480K(212480K)->0K(230400K) From: 5632K(5632K)->5632K(5632K)
[680.862s][info][gc,heap        ] GC(1879) ParOldGen: 186020K(186368K)->204852K(205312K)
[680.862s][info][gc,metaspace   ] GC(1879) Metaspace: 35480K(36224K)->35480K(36224K) NonClass: 26270K(26816K)->26270K(26816K) Class: 9210K(9408K)->9210K(9408K)
[680.862s][info][gc             ] GC(1879) Pause Young (Allocation Failure) 394M->205M(431M) 49.803ms
[680.862s][info][gc,cpu         ] GC(1879) User=0.08s Sys=0.02s Real=0.05s
[681.146s][info][gc,start       ] GC(1880) Pause Young (Allocation Failure)
[681.190s][info][gc,heap        ] GC(1880) PSYoungGen: 236032K(236032K)->17920K(248320K) Eden: 230400K(230400K)->0K(230400K) From: 5632K(5632K)->17920K(17920K)
[681.190s][info][gc,heap        ] GC(1880) ParOldGen: 204852K(205312K)->211284K(211456K)
[681.190s][info][gc,metaspace   ] GC(1880) Metaspace: 35480K(36224K)->35480K(36224K) NonClass: 26270K(26816K)->26270K(26816K) Class: 9210K(9408K)->9210K(9408K)
[681.190s][info][gc             ] GC(1880) Pause Young (Allocation Failure) 430M->223M(449M) 44.002ms
[681.190s][info][gc,cpu         ] GC(1880) User=0.08s Sys=0.00s Real=0.05s
[681.257s][info][gc,start       ] GC(1881) Pause Young (Allocation Failure)
[681.259s][info][gc,heap        ] GC(1881) PSYoungGen: 248320K(248320K)->64K(299008K) Eden: 230400K(230400K)->0K(275968K) From: 17920K(17920K)->64K(23040K)
[681.259s][info][gc,heap        ] GC(1881) ParOldGen: 211284K(211456K)->211452K(211456K)
[681.259s][info][gc,metaspace   ] GC(1881) Metaspace: 35480K(36224K)->35480K(36224K) NonClass: 26270K(26816K)->26270K(26816K) Class: 9210K(9408K)->9210K(9408K)
[681.259s][info][gc             ] GC(1881) Pause Young (Allocation Failure) 448M->206M(498M) 2.747ms
[681.259s][info][gc,cpu         ] GC(1881) User=0.01s Sys=0.00s Real=0.01s
[681.844s][info][gc,start       ] GC(1882) Pause Young (Allocation Failure)
[681.845s][info][gc,heap        ] GC(1882) PSYoungGen: 276032K(299008K)->64K(299520K) Eden: 275968K(275968K)->0K(275968K) From: 64K(23040K)->64K(23552K)
[681.845s][info][gc,heap        ] GC(1882) ParOldGen: 211452K(211456K)->211468K(211968K)
[681.845s][info][gc,metaspace   ] GC(1882) Metaspace: 35480K(36224K)->35480K(36224K) NonClass: 26270K(26816K)->26270K(26816K) Class: 9210K(9408K)->9210K(9408K)
[681.845s][info][gc             ] GC(1882) Pause Young (Allocation Failure) 476M->206M(499M) 1.018ms
[681.845s][info][gc,cpu         ] GC(1882) User=0.01s Sys=0.00s Real=0.00s
[682.281s][info][gc,start       ] GC(1883) Pause Young (Allocation Failure)
[682.282s][info][gc,heap        ] GC(1883) PSYoungGen: 276032K(299520K)->64K(308736K) Eden: 275968K(275968K)->0K(287744K) From: 64K(23552K)->64K(20992K)
[682.282s][info][gc,heap        ] GC(1883) ParOldGen: 211468K(211968K)->211476K(211968K)
[682.282s][info][gc,metaspace   ] GC(1883) Metaspace: 35481K(36224K)->35481K(36224K) NonClass: 26271K(26816K)->26271K(26816K) Class: 9210K(9408K)->9210K(9408K)
[682.282s][info][gc             ] GC(1883) Pause Young (Allocation Failure) 476M->206M(508M) 0.997ms
[682.282s][info][gc,cpu         ] GC(1883) User=0.00s Sys=0.01s Real=0.00s
[682.728s][info][gc,start       ] GC(1884) Pause Young (Allocation Failure)
[682.729s][info][gc,heap        ] GC(1884) PSYoungGen: 287808K(308736K)->64K(309248K) Eden: 287744K(287744K)->0K(287744K) From: 64K(20992K)->64K(21504K)
[682.729s][info][gc,heap        ] GC(1884) ParOldGen: 211476K(211968K)->211492K(211968K)
[682.729s][info][gc,metaspace   ] GC(1884) Metaspace: 35481K(36224K)->35481K(36224K) NonClass: 26271K(26816K)->26271K(26816K) Class: 9210K(9408K)->9210K(9408K)
[682.729s][info][gc             ] GC(1884) Pause Young (Allocation Failure) 487M->206M(509M) 1.055ms
[682.729s][info][gc,cpu         ] GC(1884) User=0.00s Sys=0.00s Real=0.01s
[682.965s][info][gc,start       ] GC(1885) Pause Young (Allocation Failure)
[682.966s][info][gc,heap        ] GC(1885) PSYoungGen: 287808K(309248K)->64K(311808K) Eden: 287744K(287744K)->0K(291840K) From: 64K(21504K)->64K(19968K)
[682.966s][info][gc,heap        ] GC(1885) ParOldGen: 211492K(211968K)->211508K(211968K)
[682.966s][info][gc,metaspace   ] GC(1885) Metaspace: 35481K(36224K)->35481K(36224K) NonClass: 26271K(26816K)->26271K(26816K) Class: 9210K(9408K)->9210K(9408K)
[682.966s][info][gc             ] GC(1885) Pause Young (Allocation Failure) 487M->206M(511M) 0.943ms
[682.966s][info][gc,cpu         ] GC(1885) User=0.00s Sys=0.00s Real=0.00s
[683.317s][info][gc,start       ] GC(1886) Pause Young (Allocation Failure)
[683.318s][info][gc,heap        ] GC(1886) PSYoungGen: 291904K(311808K)->64K(311808K) Eden: 291840K(291840K)->0K(291840K) From: 64K(19968K)->64K(19968K)
[683.318s][info][gc,heap        ] GC(1886) ParOldGen: 211508K(211968K)->211508K(211968K)
[683.318s][info][gc,metaspace   ] GC(1886) Metaspace: 35481K(36224K)->35481K(36224K) NonClass: 26271K(26816K)->26271K(26816K) Class: 9210K(9408K)->9210K(9408K)
[683.318s][info][gc             ] GC(1886) Pause Young (Allocation Failure) 491M->206M(511M) 0.856ms
[683.318s][info][gc,cpu         ] GC(1886) User=0.01s Sys=0.00s Real=0.00s
[683.441s][info][gc,start       ] GC(1887) Pause Young (Allocation Failure)
[683.442s][info][gc,heap        ] GC(1887) PSYoungGen: 291904K(311808K)->64K(312832K) Eden: 291840K(291840K)->0K(294912K) From: 64K(19968K)->64K(17920K)
[683.442s][info][gc,heap        ] GC(1887) ParOldGen: 211508K(211968K)->211516K(211968K)
[683.442s][info][gc,metaspace   ] GC(1887) Metaspace: 35481K(36224K)->35481K(36224K) NonClass: 26271K(26816K)->26271K(26816K) Class: 9210K(9408K)->9210K(9408K)
[683.442s][info][gc             ] GC(1887) Pause Young (Allocation Failure) 491M->206M(512M) 0.898ms
[683.442s][info][gc,cpu         ] GC(1887) User=0.00s Sys=0.00s Real=0.00s
[683.495s][info][gc,start       ] GC(1888) Pause Young (Allocation Failure)
[683.496s][info][gc,heap        ] GC(1888) PSYoungGen: 294976K(312832K)->64K(312832K) Eden: 294912K(294912K)->0K(294912K) From: 64K(17920K)->64K(17920K)
[683.496s][info][gc,heap        ] GC(1888) ParOldGen: 211516K(211968K)->211532K(211968K)
[683.496s][info][gc,metaspace   ] GC(1888) Metaspace: 35481K(36224K)->35481K(36224K) NonClass: 26271K(26816K)->26271K(26816K) Class: 9210K(9408K)->9210K(9408K)
[683.496s][info][gc             ] GC(1888) Pause Young (Allocation Failure) 494M->206M(512M) 0.929ms
[683.496s][info][gc,cpu         ] GC(1888) User=0.00s Sys=0.00s Real=0.00s
[683.675s][info][gc,start       ] GC(1889) Pause Young (Allocation Failure)
[683.676s][info][gc,heap        ] GC(1889) PSYoungGen: 294976K(312832K)->64K(314880K) Eden: 294912K(294912K)->0K(299008K) From: 64K(17920K)->64K(15872K)
[683.676s][info][gc,heap        ] GC(1889) ParOldGen: 211532K(211968K)->211532K(211968K)
[683.676s][info][gc,metaspace   ] GC(1889) Metaspace: 35481K(36224K)->35481K(36224K) NonClass: 26271K(26816K)->26271K(26816K) Class: 9210K(9408K)->9210K(9408K)
[683.676s][info][gc             ] GC(1889) Pause Young (Allocation Failure) 494M->206M(514M) 0.881ms
[683.676s][info][gc,cpu         ] GC(1889) User=0.00s Sys=0.00s Real=0.00s
[683.979s][info][gc,start       ] GC(1890) Pause Young (Allocation Failure)
[683.980s][info][gc,heap        ] GC(1890) PSYoungGen: 299072K(314880K)->64K(314880K) Eden: 299008K(299008K)->0K(299008K) From: 64K(15872K)->64K(15872K)
[683.980s][info][gc,heap        ] GC(1890) ParOldGen: 211532K(211968K)->211540K(211968K)
[683.980s][info][gc,metaspace   ] GC(1890) Metaspace: 35481K(36224K)->35481K(36224K) NonClass: 26271K(26816K)->26271K(26816K) Class: 9210K(9408K)->9210K(9408K)
[683.980s][info][gc             ] GC(1890) Pause Young (Allocation Failure) 498M->206M(514M) 0.985ms
[683.980s][info][gc,cpu         ] GC(1890) User=0.00s Sys=0.00s Real=0.00s
[684.130s][info][gc,start       ] GC(1891) Pause Young (Allocation Failure)
[684.131s][info][gc,heap        ] GC(1891) PSYoungGen: 299072K(314880K)->64K(287744K) Eden: 299008K(299008K)->0K(287232K) From: 64K(15872K)->64K(512K)
[684.131s][info][gc,heap        ] GC(1891) ParOldGen: 211540K(211968K)->211548K(211968K)
[684.131s][info][gc,metaspace   ] GC(1891) Metaspace: 35481K(36224K)->35481K(36224K) NonClass: 26271K(26816K)->26271K(26816K) Class: 9210K(9408K)->9210K(9408K)
[684.131s][info][gc             ] GC(1891) Pause Young (Allocation Failure) 498M->206M(488M) 0.978ms
[684.131s][info][gc,cpu         ] GC(1891) User=0.00s Sys=0.00s Real=0.00s
[684.219s][info][gc,start       ] GC(1892) Pause Young (Allocation Failure)
[684.220s][info][gc,heap        ] GC(1892) PSYoungGen: 287296K(287744K)->64K(290304K) Eden: 287232K(287232K)->0K(275968K) From: 64K(512K)->64K(14336K)
[684.220s][info][gc,heap        ] GC(1892) ParOldGen: 211548K(211968K)->211556K(211968K)
[684.220s][info][gc,metaspace   ] GC(1892) Metaspace: 35481K(36224K)->35481K(36224K) NonClass: 26271K(26816K)->26271K(26816K) Class: 9210K(9408K)->9210K(9408K)
[684.220s][info][gc             ] GC(1892) Pause Young (Allocation Failure) 487M->206M(490M) 0.944ms
[684.220s][info][gc,cpu         ] GC(1892) User=0.00s Sys=0.00s Real=0.00s
[684.392s][info][gc,start       ] GC(1893) Pause Young (Allocation Failure)
[684.393s][info][gc,heap        ] GC(1893) PSYoungGen: 276032K(290304K)->64K(265728K) Eden: 275968K(275968K)->0K(265216K) From: 64K(14336K)->64K(512K)
[684.393s][info][gc,heap        ] GC(1893) ParOldGen: 211556K(211968K)->211564K(211968K)
[684.393s][info][gc,metaspace   ] GC(1893) Metaspace: 35481K(36224K)->35481K(36224K) NonClass: 26271K(26816K)->26271K(26816K) Class: 9210K(9408K)->9210K(9408K)
[684.393s][info][gc             ] GC(1893) Pause Young (Allocation Failure) 476M->206M(466M) 0.931ms
[684.393s][info][gc,cpu         ] GC(1893) User=0.00s Sys=0.00s Real=0.00s
[685.285s][info][gc,start       ] GC(1894) Pause Young (Allocation Failure)
[685.285s][info][gc,heap        ] GC(1894) PSYoungGen: 265280K(265728K)->83K(267264K) Eden: 265216K(265216K)->0K(254976K) From: 64K(512K)->83K(12288K)
[685.285s][info][gc,heap        ] GC(1894) ParOldGen: 211564K(211968K)->211572K(211968K)
[685.285s][info][gc,metaspace   ] GC(1894) Metaspace: 35481K(36224K)->35481K(36224K) NonClass: 26271K(26816K)->26271K(26816K) Class: 9210K(9408K)->9210K(9408K)
[685.285s][info][gc             ] GC(1894) Pause Young (Allocation Failure) 465M->206M(468M) 0.847ms
[685.285s][info][gc,cpu         ] GC(1894) User=0.01s Sys=0.00s Real=0.00s
[686.096s][info][gc,start       ] GC(1895) Pause Young (Allocation Failure)
[686.097s][info][gc,heap        ] GC(1895) PSYoungGen: 255059K(267264K)->64K(245760K) Eden: 254976K(254976K)->0K(245248K) From: 83K(12288K)->64K(512K)
[686.097s][info][gc,heap        ] GC(1895) ParOldGen: 211572K(211968K)->211580K(211968K)
[686.097s][info][gc,metaspace   ] GC(1895) Metaspace: 35481K(36224K)->35481K(36224K) NonClass: 26271K(26816K)->26271K(26816K) Class: 9210K(9408K)->9210K(9408K)
[686.097s][info][gc             ] GC(1895) Pause Young (Allocation Failure) 455M->206M(447M) 1.417ms
[686.097s][info][gc,cpu         ] GC(1895) User=0.01s Sys=0.00s Real=0.00s
[686.301s][info][gc,start       ] GC(1896) Pause Young (Allocation Failure)
[686.301s][info][gc,heap        ] GC(1896) PSYoungGen: 245312K(245760K)->64K(246784K) Eden: 245248K(245248K)->0K(236032K) From: 64K(512K)->64K(10752K)
[686.301s][info][gc,heap        ] GC(1896) ParOldGen: 211580K(211968K)->211588K(211968K)
[686.301s][info][gc,metaspace   ] GC(1896) Metaspace: 35481K(36224K)->35481K(36224K) NonClass: 26271K(26816K)->26271K(26816K) Class: 9210K(9408K)->9210K(9408K)
[686.301s][info][gc             ] GC(1896) Pause Young (Allocation Failure) 446M->206M(448M) 0.813ms
[686.301s][info][gc,cpu         ] GC(1896) User=0.00s Sys=0.00s Real=0.00s
[686.688s][info][gc,start       ] GC(1897) Pause Young (Allocation Failure)
[686.690s][info][gc,heap        ] GC(1897) PSYoungGen: 236096K(246784K)->64K(227840K) Eden: 236032K(236032K)->0K(227328K) From: 64K(10752K)->64K(512K)
[686.690s][info][gc,heap        ] GC(1897) ParOldGen: 211588K(211968K)->211596K(211968K)
[686.690s][info][gc,metaspace   ] GC(1897) Metaspace: 35481K(36224K)->35481K(36224K) NonClass: 26271K(26816K)->26271K(26816K) Class: 9210K(9408K)->9210K(9408K)
[686.690s][info][gc             ] GC(1897) Pause Young (Allocation Failure) 437M->206M(429M) 1.770ms
[686.690s][info][gc,cpu         ] GC(1897) User=0.01s Sys=0.00s Real=0.01s
[687.628s][info][gc,start       ] GC(1898) Pause Young (Allocation Failure)
[687.629s][info][gc,heap        ] GC(1898) PSYoungGen: 227392K(227840K)->64K(228864K) Eden: 227328K(227328K)->0K(219136K) From: 64K(512K)->64K(9728K)
[687.629s][info][gc,heap        ] GC(1898) ParOldGen: 211596K(211968K)->211604K(211968K)
[687.629s][info][gc,metaspace   ] GC(1898) Metaspace: 35481K(36224K)->35481K(36224K) NonClass: 26271K(26816K)->26271K(26816K) Class: 9210K(9408K)->9210K(9408K)
[687.629s][info][gc             ] GC(1898) Pause Young (Allocation Failure) 428M->206M(430M) 0.851ms
[687.629s][info][gc,cpu         ] GC(1898) User=0.00s Sys=0.00s Real=0.01s
[687.969s][info][gc,start       ] GC(1899) Pause Young (Allocation Failure)
[687.971s][info][gc,heap        ] GC(1899) PSYoungGen: 219200K(228864K)->64K(211456K) Eden: 219136K(219136K)->0K(210944K) From: 64K(9728K)->64K(512K)
[687.971s][info][gc,heap        ] GC(1899) ParOldGen: 211604K(211968K)->211612K(211968K)
[687.971s][info][gc,metaspace   ] GC(1899) Metaspace: 35481K(36224K)->35481K(36224K) NonClass: 26271K(26816K)->26271K(26816K) Class: 9210K(9408K)->9210K(9408K)
[687.971s][info][gc             ] GC(1899) Pause Young (Allocation Failure) 420M->206M(413M) 2.212ms
[687.971s][info][gc,cpu         ] GC(1899) User=0.00s Sys=0.00s Real=0.00s
[688.129s][info][gc,start       ] GC(1900) Pause Young (Allocation Failure)
[688.131s][info][gc,heap        ] GC(1900) PSYoungGen: 211008K(211456K)->64K(211456K) Eden: 210944K(210944K)->0K(203264K) From: 64K(512K)->64K(8192K)
[688.131s][info][gc,heap        ] GC(1900) ParOldGen: 211612K(211968K)->211628K(211968K)
[688.131s][info][gc,metaspace   ] GC(1900) Metaspace: 35481K(36224K)->35481K(36224K) NonClass: 26271K(26816K)->26271K(26816K) Class: 9210K(9408K)->9210K(9408K)
[688.131s][info][gc             ] GC(1900) Pause Young (Allocation Failure) 412M->206M(413M) 1.513ms
[688.131s][info][gc,cpu         ] GC(1900) User=0.00s Sys=0.00s Real=0.00s
[688.192s][info][gc,start       ] GC(1901) Pause Young (Allocation Failure)
[688.194s][info][gc,heap        ] GC(1901) PSYoungGen: 203328K(211456K)->32K(196608K) Eden: 203264K(203264K)->0K(196096K) From: 64K(8192K)->32K(512K)
[688.194s][info][gc,heap        ] GC(1901) ParOldGen: 211628K(211968K)->211636K(211968K)
[688.194s][info][gc,metaspace   ] GC(1901) Metaspace: 35481K(36224K)->35481K(36224K) NonClass: 26271K(26816K)->26271K(26816K) Class: 9210K(9408K)->9210K(9408K)
[688.194s][info][gc             ] GC(1901) Pause Young (Allocation Failure) 405M->206M(399M) 1.904ms
[688.194s][info][gc,cpu         ] GC(1901) User=0.00s Sys=0.00s Real=0.00s
[688.594s][info][gc,start       ] GC(1902) Pause Young (Allocation Failure)
[688.595s][info][gc,heap        ] GC(1902) PSYoungGen: 196128K(196608K)->32K(196096K) Eden: 196096K(196096K)->0K(188928K) From: 32K(512K)->32K(7168K)
[688.595s][info][gc,heap        ] GC(1902) ParOldGen: 211636K(211968K)->211644K(211968K)
[688.595s][info][gc,metaspace   ] GC(1902) Metaspace: 35481K(36224K)->35481K(36224K) NonClass: 26271K(26816K)->26271K(26816K) Class: 9210K(9408K)->9210K(9408K)
[688.595s][info][gc             ] GC(1902) Pause Young (Allocation Failure) 398M->206M(398M) 1.300ms
[688.595s][info][gc,cpu         ] GC(1902) User=0.00s Sys=0.00s Real=0.00s
[688.854s][info][gc,start       ] GC(1903) Pause Young (Allocation Failure)
[688.855s][info][gc,heap        ] GC(1903) PSYoungGen: 188960K(196096K)->64K(182784K) Eden: 188928K(188928K)->0K(182272K) From: 32K(7168K)->64K(512K)
[688.855s][info][gc,heap        ] GC(1903) ParOldGen: 211644K(211968K)->211652K(211968K)
[688.855s][info][gc,metaspace   ] GC(1903) Metaspace: 35481K(36224K)->35481K(36224K) NonClass: 26271K(26816K)->26271K(26816K) Class: 9210K(9408K)->9210K(9408K)
[688.855s][info][gc             ] GC(1903) Pause Young (Allocation Failure) 391M->206M(385M) 1.316ms
[688.855s][info][gc,cpu         ] GC(1903) User=0.00s Sys=0.00s Real=0.00s
[689.103s][info][gc,start       ] GC(1904) Pause Young (Allocation Failure)
[689.104s][info][gc,heap        ] GC(1904) PSYoungGen: 182336K(182784K)->64K(182272K) Eden: 182272K(182272K)->0K(176128K) From: 64K(512K)->64K(6144K)
[689.104s][info][gc,heap        ] GC(1904) ParOldGen: 211652K(211968K)->211660K(211968K)
[689.104s][info][gc,metaspace   ] GC(1904) Metaspace: 35481K(36224K)->35481K(36224K) NonClass: 26271K(26816K)->26271K(26816K) Class: 9210K(9408K)->9210K(9408K)
[689.104s][info][gc             ] GC(1904) Pause Young (Allocation Failure) 384M->206M(385M) 0.763ms
[689.104s][info][gc,cpu         ] GC(1904) User=0.01s Sys=0.00s Real=0.00s
[689.362s][info][gc,start       ] GC(1905) Pause Young (Allocation Failure)
[689.393s][info][gc,heap        ] GC(1905) PSYoungGen: 176192K(182272K)->5632K(216064K) Eden: 176128K(176128K)->0K(210432K) From: 64K(6144K)->5632K(5632K)
[689.393s][info][gc,heap        ] GC(1905) ParOldGen: 211660K(211968K)->222644K(222720K)
[689.393s][info][gc,metaspace   ] GC(1905) Metaspace: 35481K(36224K)->35481K(36224K) NonClass: 26271K(26816K)->26271K(26816K) Class: 9210K(9408K)->9210K(9408K)
[689.393s][info][gc             ] GC(1905) Pause Young (Allocation Failure) 378M->222M(428M) 31.154ms
[689.393s][info][gc,cpu         ] GC(1905) User=0.05s Sys=0.01s Real=0.03s
[689.670s][info][gc,start       ] GC(1906) Pause Young (Allocation Failure)
[689.716s][info][gc,heap        ] GC(1906) PSYoungGen: 216064K(216064K)->11264K(250880K) Eden: 210432K(210432K)->0K(239616K) From: 5632K(5632K)->11264K(11264K)
[689.716s][info][gc,heap        ] GC(1906) ParOldGen: 222644K(222720K)->235652K(236032K)
[689.716s][info][gc,metaspace   ] GC(1906) Metaspace: 35481K(36224K)->35481K(36224K) NonClass: 26271K(26816K)->26271K(26816K) Class: 9210K(9408K)->9210K(9408K)
[689.716s][info][gc             ] GC(1906) Pause Young (Allocation Failure) 428M->241M(475M) 46.817ms
[689.716s][info][gc,cpu         ] GC(1906) User=0.08s Sys=0.01s Real=0.04s
[689.981s][info][gc,start       ] GC(1907) Pause Young (Allocation Failure)
[690.029s][info][gc,heap        ] GC(1907) PSYoungGen: 250880K(250880K)->18432K(265728K) Eden: 239616K(239616K)->0K(247296K) From: 11264K(11264K)->18432K(18432K)
[690.029s][info][gc,heap        ] GC(1907) ParOldGen: 235652K(236032K)->239604K(239616K)
[690.029s][info][gc,metaspace   ] GC(1907) Metaspace: 35481K(36224K)->35481K(36224K) NonClass: 26271K(26816K)->26271K(26816K) Class: 9210K(9408K)->9210K(9408K)
[690.029s][info][gc             ] GC(1907) Pause Young (Allocation Failure) 475M->251M(493M) 47.951ms
[690.029s][info][gc,cpu         ] GC(1907) User=0.08s Sys=0.01s Real=0.05s
[690.117s][info][gc,start       ] GC(1908) Pause Young (Allocation Failure)
[690.119s][info][gc,heap        ] GC(1908) PSYoungGen: 265728K(265728K)->64K(270848K) Eden: 247296K(247296K)->0K(247296K) From: 18432K(18432K)->64K(23552K)
[690.119s][info][gc,heap        ] GC(1908) ParOldGen: 239604K(239616K)->239708K(240128K)
[690.119s][info][gc,metaspace   ] GC(1908) Metaspace: 35481K(36224K)->35481K(36224K) NonClass: 26271K(26816K)->26271K(26816K) Class: 9210K(9408K)->9210K(9408K)
[690.119s][info][gc             ] GC(1908) Pause Young (Allocation Failure) 493M->234M(499M) 2.020ms
[690.119s][info][gc,cpu         ] GC(1908) User=0.00s Sys=0.00s Real=0.01s
[690.688s][info][gc,start       ] GC(1909) Pause Young (Allocation Failure)
[690.689s][info][gc,heap        ] GC(1909) PSYoungGen: 247360K(270848K)->64K(308736K) Eden: 247296K(247296K)->0K(287232K) From: 64K(23552K)->64K(21504K)
[690.689s][info][gc,heap        ] GC(1909) ParOldGen: 239708K(240128K)->239716K(240128K)
[690.689s][info][gc,metaspace   ] GC(1909) Metaspace: 35481K(36224K)->35481K(36224K) NonClass: 26271K(26816K)->26271K(26816K) Class: 9210K(9408K)->9210K(9408K)
[690.689s][info][gc             ] GC(1909) Pause Young (Allocation Failure) 475M->234M(536M) 1.090ms
[690.690s][info][gc,cpu         ] GC(1909) User=0.00s Sys=0.00s Real=0.01s
[691.117s][info][gc,start       ] GC(1910) Pause Young (Allocation Failure)
[691.118s][info][gc,heap        ] GC(1910) PSYoungGen: 287296K(308736K)->64K(309760K) Eden: 287232K(287232K)->0K(287232K) From: 64K(21504K)->64K(22528K)
[691.118s][info][gc,heap        ] GC(1910) ParOldGen: 239716K(240128K)->239724K(240128K)
[691.118s][info][gc,metaspace   ] GC(1910) Metaspace: 35482K(36224K)->35482K(36224K) NonClass: 26272K(26816K)->26272K(26816K) Class: 9210K(9408K)->9210K(9408K)
[691.118s][info][gc             ] GC(1910) Pause Young (Allocation Failure) 514M->234M(537M) 1.065ms
[691.118s][info][gc,cpu         ] GC(1910) User=0.00s Sys=0.00s Real=0.00s
[691.553s][info][gc,start       ] GC(1911) Pause Young (Allocation Failure)
[691.554s][info][gc,heap        ] GC(1911) PSYoungGen: 287296K(309760K)->64K(309248K) Eden: 287232K(287232K)->0K(289792K) From: 64K(22528K)->64K(19456K)
[691.554s][info][gc,heap        ] GC(1911) ParOldGen: 239724K(240128K)->239740K(240128K)
[691.554s][info][gc,metaspace   ] GC(1911) Metaspace: 35482K(36224K)->35482K(36224K) NonClass: 26272K(26816K)->26272K(26816K) Class: 9210K(9408K)->9210K(9408K)
[691.554s][info][gc             ] GC(1911) Pause Young (Allocation Failure) 514M->234M(536M) 0.915ms
[691.554s][info][gc,cpu         ] GC(1911) User=0.00s Sys=0.00s Real=0.00s
[691.792s][info][gc,start       ] GC(1912) Pause Young (Allocation Failure)
[691.793s][info][gc,heap        ] GC(1912) PSYoungGen: 289856K(309248K)->64K(310272K) Eden: 289792K(289792K)->0K(289792K) From: 64K(19456K)->64K(20480K)
[691.793s][info][gc,heap        ] GC(1912) ParOldGen: 239740K(240128K)->239756K(240128K)
[691.793s][info][gc,metaspace   ] GC(1912) Metaspace: 35482K(36224K)->35482K(36224K) NonClass: 26272K(26816K)->26272K(26816K) Class: 9210K(9408K)->9210K(9408K)
[691.793s][info][gc             ] GC(1912) Pause Young (Allocation Failure) 517M->234M(537M) 0.979ms
[691.793s][info][gc,cpu         ] GC(1912) User=0.00s Sys=0.00s Real=0.00s
[692.144s][info][gc,start       ] GC(1913) Pause Young (Allocation Failure)
[692.145s][info][gc,heap        ] GC(1913) PSYoungGen: 289856K(310272K)->64K(311296K) Eden: 289792K(289792K)->0K(293888K) From: 64K(20480K)->64K(17408K)
[692.145s][info][gc,heap        ] GC(1913) ParOldGen: 239756K(240128K)->239756K(240128K)
[692.145s][info][gc,metaspace   ] GC(1913) Metaspace: 35482K(36224K)->35482K(36224K) NonClass: 26272K(26816K)->26272K(26816K) Class: 9210K(9408K)->9210K(9408K)
[692.145s][info][gc             ] GC(1913) Pause Young (Allocation Failure) 517M->234M(538M) 0.906ms
[692.145s][info][gc,cpu         ] GC(1913) User=0.01s Sys=0.00s Real=0.00s
[692.251s][info][gc,start       ] GC(1914) Pause Young (Allocation Failure)
[692.252s][info][gc,heap        ] GC(1914) PSYoungGen: 293952K(311296K)->64K(312320K) Eden: 293888K(293888K)->0K(293888K) From: 64K(17408K)->64K(18432K)
[692.252s][info][gc,heap        ] GC(1914) ParOldGen: 239756K(240128K)->239764K(240128K)
[692.252s][info][gc,metaspace   ] GC(1914) Metaspace: 35482K(36224K)->35482K(36224K) NonClass: 26272K(26816K)->26272K(26816K) Class: 9210K(9408K)->9210K(9408K)
[692.252s][info][gc             ] GC(1914) Pause Young (Allocation Failure) 521M->234M(539M) 0.908ms
[692.252s][info][gc,cpu         ] GC(1914) User=0.00s Sys=0.00s Real=0.00s
[692.303s][info][gc,start       ] GC(1915) Pause Young (Allocation Failure)
[692.304s][info][gc,heap        ] GC(1915) PSYoungGen: 293952K(312320K)->32K(312832K) Eden: 293888K(293888K)->0K(297472K) From: 64K(18432K)->32K(15360K)
[692.304s][info][gc,heap        ] GC(1915) ParOldGen: 239764K(240128K)->239780K(240128K)
[692.304s][info][gc,metaspace   ] GC(1915) Metaspace: 35482K(36224K)->35482K(36224K) NonClass: 26272K(26816K)->26272K(26816K) Class: 9210K(9408K)->9210K(9408K)
[692.304s][info][gc             ] GC(1915) Pause Young (Allocation Failure) 521M->234M(540M) 0.919ms
[692.304s][info][gc,cpu         ] GC(1915) User=0.00s Sys=0.00s Real=0.00s
[692.511s][info][gc,start       ] GC(1916) Pause Young (Allocation Failure)
[692.512s][info][gc,heap        ] GC(1916) PSYoungGen: 297504K(312832K)->64K(314368K) Eden: 297472K(297472K)->0K(297472K) From: 32K(15360K)->64K(16896K)
[692.512s][info][gc,heap        ] GC(1916) ParOldGen: 239780K(240128K)->239780K(240128K)
[692.512s][info][gc,metaspace   ] GC(1916) Metaspace: 35482K(36224K)->35482K(36224K) NonClass: 26272K(26816K)->26272K(26816K) Class: 9210K(9408K)->9210K(9408K)
[692.512s][info][gc             ] GC(1916) Pause Young (Allocation Failure) 524M->234M(541M) 1.004ms
[692.512s][info][gc,cpu         ] GC(1916) User=0.00s Sys=0.00s Real=0.00s
[692.806s][info][gc,start       ] GC(1917) Pause Young (Allocation Failure)
[692.807s][info][gc,heap        ] GC(1917) PSYoungGen: 297536K(314368K)->64K(314368K) Eden: 297472K(297472K)->0K(301056K) From: 64K(16896K)->64K(13312K)
[692.807s][info][gc,heap        ] GC(1917) ParOldGen: 239780K(240128K)->239788K(240128K)
[692.807s][info][gc,metaspace   ] GC(1917) Metaspace: 35482K(36224K)->35482K(36224K) NonClass: 26272K(26816K)->26272K(26816K) Class: 9210K(9408K)->9210K(9408K)
[692.807s][info][gc             ] GC(1917) Pause Young (Allocation Failure) 524M->234M(541M) 0.945ms
[692.807s][info][gc,cpu         ] GC(1917) User=0.00s Sys=0.00s Real=0.00s
[692.950s][info][gc,start       ] GC(1918) Pause Young (Allocation Failure)
[692.951s][info][gc,heap        ] GC(1918) PSYoungGen: 301120K(314368K)->64K(289792K) Eden: 301056K(301056K)->0K(289280K) From: 64K(13312K)->64K(512K)
[692.951s][info][gc,heap        ] GC(1918) ParOldGen: 239788K(240128K)->239796K(240128K)
[692.951s][info][gc,metaspace   ] GC(1918) Metaspace: 35482K(36224K)->35482K(36224K) NonClass: 26272K(26816K)->26272K(26816K) Class: 9210K(9408K)->9210K(9408K)
[692.951s][info][gc             ] GC(1918) Pause Young (Allocation Failure) 528M->234M(517M) 1.027ms
[692.951s][info][gc,cpu         ] GC(1918) User=0.01s Sys=0.00s Real=0.00s
[693.050s][info][gc,start       ] GC(1919) Pause Young (Allocation Failure)
[693.051s][info][gc,heap        ] GC(1919) PSYoungGen: 289344K(289792K)->64K(278528K) Eden: 289280K(289280K)->0K(278016K) From: 64K(512K)->64K(512K)
[693.051s][info][gc,heap        ] GC(1919) ParOldGen: 239796K(240128K)->239804K(240128K)
[693.051s][info][gc,metaspace   ] GC(1919) Metaspace: 35482K(36224K)->35482K(36224K) NonClass: 26272K(26816K)->26272K(26816K) Class: 9210K(9408K)->9210K(9408K)
[693.051s][info][gc             ] GC(1919) Pause Young (Allocation Failure) 516M->234M(506M) 0.963ms
[693.051s][info][gc,cpu         ] GC(1919) User=0.01s Sys=0.00s Real=0.00s
[693.229s][info][gc,start       ] GC(1920) Pause Young (Allocation Failure)
[693.229s][info][gc,heap        ] GC(1920) PSYoungGen: 278080K(278528K)->64K(280576K) Eden: 278016K(278016K)->0K(267264K) From: 64K(512K)->64K(13312K)
[693.229s][info][gc,heap        ] GC(1920) ParOldGen: 239804K(240128K)->239812K(240128K)
[693.229s][info][gc,metaspace   ] GC(1920) Metaspace: 35482K(36224K)->35482K(36224K) NonClass: 26272K(26816K)->26272K(26816K) Class: 9210K(9408K)->9210K(9408K)
[693.229s][info][gc             ] GC(1920) Pause Young (Allocation Failure) 505M->234M(508M) 0.898ms
[693.229s][info][gc,cpu         ] GC(1920) User=0.00s Sys=0.00s Real=0.00s
[694.105s][info][gc,start       ] GC(1921) Pause Young (Allocation Failure)
[694.106s][info][gc,heap        ] GC(1921) PSYoungGen: 267328K(280576K)->83K(257536K) Eden: 267264K(267264K)->0K(257024K) From: 64K(13312K)->83K(512K)
[694.106s][info][gc,heap        ] GC(1921) ParOldGen: 239812K(240128K)->239820K(240128K)
[694.106s][info][gc,metaspace   ] GC(1921) Metaspace: 35482K(36224K)->35482K(36224K) NonClass: 26272K(26816K)->26272K(26816K) Class: 9210K(9408K)->9210K(9408K)
[694.106s][info][gc             ] GC(1921) Pause Young (Allocation Failure) 495M->234M(486M) 1.528ms
[694.106s][info][gc,cpu         ] GC(1921) User=0.00s Sys=0.00s Real=0.00s
[694.916s][info][gc,start       ] GC(1922) Pause Young (Allocation Failure)
[694.916s][info][gc,heap        ] GC(1922) PSYoungGen: 257107K(257536K)->64K(259072K) Eden: 257024K(257024K)->0K(247296K) From: 83K(512K)->64K(11776K)
[694.916s][info][gc,heap        ] GC(1922) ParOldGen: 239820K(240128K)->239828K(240128K)
[694.916s][info][gc,metaspace   ] GC(1922) Metaspace: 35482K(36224K)->35482K(36224K) NonClass: 26272K(26816K)->26272K(26816K) Class: 9210K(9408K)->9210K(9408K)
[694.916s][info][gc             ] GC(1922) Pause Young (Allocation Failure) 485M->234M(487M) 0.951ms
[694.916s][info][gc,cpu         ] GC(1922) User=0.00s Sys=0.00s Real=0.00s
[695.182s][info][gc,start       ] GC(1923) Pause Young (Allocation Failure)
[695.184s][info][gc,heap        ] GC(1923) PSYoungGen: 247360K(259072K)->64K(238592K) Eden: 247296K(247296K)->0K(238080K) From: 64K(11776K)->64K(512K)
[695.184s][info][gc,heap        ] GC(1923) ParOldGen: 239828K(240128K)->239836K(240128K)
[695.184s][info][gc,metaspace   ] GC(1923) Metaspace: 35482K(36224K)->35482K(36224K) NonClass: 26272K(26816K)->26272K(26816K) Class: 9210K(9408K)->9210K(9408K)
[695.184s][info][gc             ] GC(1923) Pause Young (Allocation Failure) 475M->234M(467M) 1.628ms
[695.184s][info][gc,cpu         ] GC(1923) User=0.00s Sys=0.00s Real=0.00s
[695.598s][info][gc,start       ] GC(1924) Pause Young (Allocation Failure)
[695.599s][info][gc,heap        ] GC(1924) PSYoungGen: 238144K(238592K)->64K(239616K) Eden: 238080K(238080K)->0K(229376K) From: 64K(512K)->64K(10240K)
[695.599s][info][gc,heap        ] GC(1924) ParOldGen: 239836K(240128K)->239844K(240128K)
[695.599s][info][gc,metaspace   ] GC(1924) Metaspace: 35482K(36224K)->35482K(36224K) NonClass: 26272K(26816K)->26272K(26816K) Class: 9210K(9408K)->9210K(9408K)
[695.599s][info][gc             ] GC(1924) Pause Young (Allocation Failure) 466M->234M(468M) 0.945ms
[695.599s][info][gc,cpu         ] GC(1924) User=0.00s Sys=0.00s Real=0.01s
[696.490s][info][gc,start       ] GC(1925) Pause Young (Allocation Failure)
[696.492s][info][gc,heap        ] GC(1925) PSYoungGen: 229440K(239616K)->64K(221184K) Eden: 229376K(229376K)->0K(220672K) From: 64K(10240K)->64K(512K)
[696.492s][info][gc,heap        ] GC(1925) ParOldGen: 239844K(240128K)->239852K(240128K)
[696.492s][info][gc,metaspace   ] GC(1925) Metaspace: 35482K(36224K)->35482K(36224K) NonClass: 26272K(26816K)->26272K(26816K) Class: 9210K(9408K)->9210K(9408K)
[696.492s][info][gc             ] GC(1925) Pause Young (Allocation Failure) 458M->234M(450M) 1.588ms
[696.492s][info][gc,cpu         ] GC(1925) User=0.00s Sys=0.00s Real=0.00s
[696.810s][info][gc,start       ] GC(1926) Pause Young (Allocation Failure)
[696.811s][info][gc,heap        ] GC(1926) PSYoungGen: 220736K(221184K)->64K(221184K) Eden: 220672K(220672K)->0K(212480K) From: 64K(512K)->64K(8704K)
[696.811s][info][gc,heap        ] GC(1926) ParOldGen: 239852K(240128K)->239860K(240128K)
[696.811s][info][gc,metaspace   ] GC(1926) Metaspace: 35482K(36224K)->35482K(36224K) NonClass: 26272K(26816K)->26272K(26816K) Class: 9210K(9408K)->9210K(9408K)
[696.811s][info][gc             ] GC(1926) Pause Young (Allocation Failure) 449M->234M(450M) 0.899ms
[696.811s][info][gc,cpu         ] GC(1926) User=0.00s Sys=0.00s Real=0.00s
[696.951s][info][gc,start       ] GC(1927) Pause Young (Allocation Failure)
[696.952s][info][gc,heap        ] GC(1927) PSYoungGen: 212544K(221184K)->64K(205312K) Eden: 212480K(212480K)->0K(204800K) From: 64K(8704K)->64K(512K)
[696.952s][info][gc,heap        ] GC(1927) ParOldGen: 239860K(240128K)->239868K(240128K)
[696.952s][info][gc,metaspace   ] GC(1927) Metaspace: 35482K(36224K)->35482K(36224K) NonClass: 26272K(26816K)->26272K(26816K) Class: 9210K(9408K)->9210K(9408K)
[696.952s][info][gc             ] GC(1927) Pause Young (Allocation Failure) 441M->234M(435M) 1.619ms
[696.952s][info][gc,cpu         ] GC(1927) User=0.00s Sys=0.00s Real=0.00s
[697.037s][info][gc,start       ] GC(1928) Pause Young (Allocation Failure)
[697.038s][info][gc,heap        ] GC(1928) PSYoungGen: 204864K(205312K)->64K(205312K) Eden: 204800K(204800K)->0K(197632K) From: 64K(512K)->64K(7680K)
[697.038s][info][gc,heap        ] GC(1928) ParOldGen: 239868K(240128K)->239876K(240128K)
[697.038s][info][gc,metaspace   ] GC(1928) Metaspace: 35482K(36224K)->35482K(36224K) NonClass: 26272K(26816K)->26272K(26816K) Class: 9210K(9408K)->9210K(9408K)
[697.038s][info][gc             ] GC(1928) Pause Young (Allocation Failure) 434M->234M(435M) 0.831ms
[697.038s][info][gc,cpu         ] GC(1928) User=0.00s Sys=0.00s Real=0.00s
[697.534s][info][gc,start       ] GC(1929) Pause Young (Allocation Failure)
[697.535s][info][gc,heap        ] GC(1929) PSYoungGen: 197696K(205312K)->64K(190976K) Eden: 197632K(197632K)->0K(190464K) From: 64K(7680K)->64K(512K)
[697.535s][info][gc,heap        ] GC(1929) ParOldGen: 239876K(240128K)->239884K(240128K)
[697.535s][info][gc,metaspace   ] GC(1929) Metaspace: 35482K(36224K)->35482K(36224K) NonClass: 26272K(26816K)->26272K(26816K) Class: 9210K(9408K)->9210K(9408K)
[697.535s][info][gc             ] GC(1929) Pause Young (Allocation Failure) 427M->234M(421M) 1.550ms
[697.535s][info][gc,cpu         ] GC(1929) User=0.00s Sys=0.00s Real=0.00s
[697.702s][info][gc,start       ] GC(1930) Pause Young (Allocation Failure)
[697.703s][info][gc,heap        ] GC(1930) PSYoungGen: 190528K(190976K)->64K(190464K) Eden: 190464K(190464K)->0K(183808K) From: 64K(512K)->64K(6656K)
[697.703s][info][gc,heap        ] GC(1930) ParOldGen: 239884K(240128K)->239892K(240128K)
[697.703s][info][gc,metaspace   ] GC(1930) Metaspace: 35482K(36224K)->35482K(36224K) NonClass: 26272K(26816K)->26272K(26816K) Class: 9210K(9408K)->9210K(9408K)
[697.703s][info][gc             ] GC(1930) Pause Young (Allocation Failure) 420M->234M(420M) 0.871ms
[697.703s][info][gc,cpu         ] GC(1930) User=0.00s Sys=0.00s Real=0.00s
[698.008s][info][gc,start       ] GC(1931) Pause Young (Allocation Failure)
[698.013s][info][gc,heap        ] GC(1931) PSYoungGen: 183872K(190464K)->2464K(180224K) Eden: 183808K(183808K)->0K(177664K) From: 64K(6656K)->2464K(2560K)
[698.013s][info][gc,heap        ] GC(1931) ParOldGen: 239892K(240128K)->239900K(240128K)
[698.013s][info][gc,metaspace   ] GC(1931) Metaspace: 35482K(36224K)->35482K(36224K) NonClass: 26272K(26816K)->26272K(26816K) Class: 9210K(9408K)->9210K(9408K)
[698.013s][info][gc             ] GC(1931) Pause Young (Allocation Failure) 413M->236M(410M) 4.595ms
[698.013s][info][gc,cpu         ] GC(1931) User=0.01s Sys=0.01s Real=0.01s
[698.244s][info][gc,start       ] GC(1932) Pause Young (Allocation Failure)
[698.282s][info][gc,heap        ] GC(1932) PSYoungGen: 180128K(180224K)->6144K(219136K) Eden: 177664K(177664K)->0K(212992K) From: 2464K(2560K)->6144K(6144K)
[698.282s][info][gc,heap        ] GC(1932) ParOldGen: 239900K(240128K)->254004K(254464K)
[698.282s][info][gc,metaspace   ] GC(1932) Metaspace: 35482K(36224K)->35482K(36224K) NonClass: 26272K(26816K)->26272K(26816K) Class: 9210K(9408K)->9210K(9408K)
[698.283s][info][gc             ] GC(1932) Pause Young (Allocation Failure) 410M->254M(462M) 38.700ms
[698.283s][info][gc,cpu         ] GC(1932) User=0.07s Sys=0.00s Real=0.04s
[698.562s][info][gc,start       ] GC(1933) Pause Young (Allocation Failure)
[698.614s][info][gc,heap        ] GC(1933) PSYoungGen: 219136K(219136K)->4096K(233984K) Eden: 212992K(212992K)->0K(229888K) From: 6144K(6144K)->4096K(4096K)
[698.614s][info][gc,heap        ] GC(1933) ParOldGen: 254004K(254464K)->274572K(274944K)
[698.614s][info][gc,metaspace   ] GC(1933) Metaspace: 35482K(36224K)->35482K(36224K) NonClass: 26272K(26816K)->26272K(26816K) Class: 9210K(9408K)->9210K(9408K)
[698.614s][info][gc             ] GC(1933) Pause Young (Allocation Failure) 462M->272M(497M) 52.053ms
[698.614s][info][gc,cpu         ] GC(1933) User=0.09s Sys=0.01s Real=0.05s
[698.817s][info][gc,start       ] GC(1934) Pause Young (Allocation Failure)
[698.847s][info][gc,heap        ] GC(1934) PSYoungGen: 233984K(233984K)->15712K(249856K) Eden: 229888K(229888K)->0K(229888K) From: 4096K(4096K)->15712K(19968K)
[698.847s][info][gc,heap        ] GC(1934) ParOldGen: 274572K(274944K)->275124K(275456K)
[698.847s][info][gc,metaspace   ] GC(1934) Metaspace: 35482K(36224K)->35482K(36224K) NonClass: 26272K(26816K)->26272K(26816K) Class: 9210K(9408K)->9210K(9408K)
[698.847s][info][gc             ] GC(1934) Pause Young (Allocation Failure) 496M->284M(513M) 29.579ms
[698.847s][info][gc,cpu         ] GC(1934) User=0.06s Sys=0.00s Real=0.03s
[698.956s][info][gc,start       ] GC(1935) Pause Young (Allocation Failure)
[698.957s][info][gc,heap        ] GC(1935) PSYoungGen: 245600K(249856K)->64K(296960K) Eden: 229888K(229888K)->0K(275456K) From: 15712K(19968K)->64K(21504K)
[698.957s][info][gc,heap        ] GC(1935) ParOldGen: 275124K(275456K)->275132K(275456K)
[698.957s][info][gc,metaspace   ] GC(1935) Metaspace: 35482K(36224K)->35482K(36224K) NonClass: 26272K(26816K)->26272K(26816K) Class: 9210K(9408K)->9210K(9408K)
[698.957s][info][gc             ] GC(1935) Pause Young (Allocation Failure) 508M->268M(559M) 1.142ms
[698.957s][info][gc,cpu         ] GC(1935) User=0.01s Sys=0.00s Real=0.00s
[699.649s][info][gc,start       ] GC(1936) Pause Young (Allocation Failure)
[699.650s][info][gc,heap        ] GC(1936) PSYoungGen: 275520K(296960K)->64K(297472K) Eden: 275456K(275456K)->0K(275456K) From: 64K(21504K)->64K(22016K)
[699.650s][info][gc,heap        ] GC(1936) ParOldGen: 275132K(275456K)->275148K(275456K)
[699.650s][info][gc,metaspace   ] GC(1936) Metaspace: 35482K(36224K)->35482K(36224K) NonClass: 26272K(26816K)->26272K(26816K) Class: 9210K(9408K)->9210K(9408K)
[699.650s][info][gc             ] GC(1936) Pause Young (Allocation Failure) 537M->268M(559M) 1.280ms
[699.650s][info][gc,cpu         ] GC(1936) User=0.00s Sys=0.00s Real=0.00s
[699.986s][info][gc,start       ] GC(1937) Pause Young (Allocation Failure)
[699.987s][info][gc,heap        ] GC(1937) PSYoungGen: 275520K(297472K)->64K(311296K) Eden: 275456K(275456K)->0K(290816K) From: 64K(22016K)->64K(20480K)
[699.987s][info][gc,heap        ] GC(1937) ParOldGen: 275148K(275456K)->275148K(275456K)
[699.987s][info][gc,metaspace   ] GC(1937) Metaspace: 35482K(36224K)->35482K(36224K) NonClass: 26272K(26816K)->26272K(26816K) Class: 9210K(9408K)->9210K(9408K)
[699.987s][info][gc             ] GC(1937) Pause Young (Allocation Failure) 537M->268M(573M) 1.164ms
[699.987s][info][gc,cpu         ] GC(1937) User=0.00s Sys=0.00s Real=0.00s
[700.419s][info][gc,start       ] GC(1938) Pause Young (Allocation Failure)
[700.420s][info][gc,heap        ] GC(1938) PSYoungGen: 290880K(311296K)->64K(311296K) Eden: 290816K(290816K)->0K(290816K) From: 64K(20480K)->64K(20480K)
[700.420s][info][gc,heap        ] GC(1938) ParOldGen: 275148K(275456K)->275164K(275456K)
[700.420s][info][gc,metaspace   ] GC(1938) Metaspace: 35482K(36224K)->35482K(36224K) NonClass: 26272K(26816K)->26272K(26816K) Class: 9210K(9408K)->9210K(9408K)
[700.420s][info][gc             ] GC(1938) Pause Young (Allocation Failure) 552M->268M(573M) 1.190ms
[700.420s][info][gc,cpu         ] GC(1938) User=0.00s Sys=0.00s Real=0.00s
[700.668s][info][gc,start       ] GC(1939) Pause Young (Allocation Failure)
[700.669s][info][gc,heap        ] GC(1939) PSYoungGen: 290880K(311296K)->64K(312832K) Eden: 290816K(290816K)->0K(293376K) From: 64K(20480K)->64K(19456K)
[700.669s][info][gc,heap        ] GC(1939) ParOldGen: 275164K(275456K)->275180K(275456K)
[700.669s][info][gc,metaspace   ] GC(1939) Metaspace: 35482K(36224K)->35482K(36224K) NonClass: 26272K(26816K)->26272K(26816K) Class: 9210K(9408K)->9210K(9408K)
[700.669s][info][gc             ] GC(1939) Pause Young (Allocation Failure) 552M->268M(574M) 1.153ms
[700.669s][info][gc,cpu         ] GC(1939) User=0.01s Sys=0.00s Real=0.01s
[701.036s][info][gc,start       ] GC(1940) Pause Young (Allocation Failure)
[701.037s][info][gc,heap        ] GC(1940) PSYoungGen: 293440K(312832K)->64K(312320K) Eden: 293376K(293376K)->0K(293376K) From: 64K(19456K)->64K(18944K)
[701.037s][info][gc,heap        ] GC(1940) ParOldGen: 275180K(275456K)->275180K(275456K)
[701.037s][info][gc,metaspace   ] GC(1940) Metaspace: 35482K(36224K)->35482K(36224K) NonClass: 26272K(26816K)->26272K(26816K) Class: 9210K(9408K)->9210K(9408K)
[701.037s][info][gc             ] GC(1940) Pause Young (Allocation Failure) 555M->268M(574M) 1.128ms
[701.037s][info][gc,cpu         ] GC(1940) User=0.00s Sys=0.00s Real=0.00s
[701.096s][info][gc,start       ] GC(1941) Pause Young (Allocation Failure)
[701.097s][info][gc,heap        ] GC(1941) PSYoungGen: 293440K(312320K)->64K(313856K) Eden: 293376K(293376K)->0K(296448K) From: 64K(18944K)->64K(17408K)
[701.097s][info][gc,heap        ] GC(1941) ParOldGen: 275180K(275456K)->275188K(275456K)
[701.097s][info][gc,metaspace   ] GC(1941) Metaspace: 35482K(36224K)->35482K(36224K) NonClass: 26272K(26816K)->26272K(26816K) Class: 9210K(9408K)->9210K(9408K)
[701.097s][info][gc             ] GC(1941) Pause Young (Allocation Failure) 555M->268M(575M) 0.939ms
[701.097s][info][gc,cpu         ] GC(1941) User=0.00s Sys=0.00s Real=0.00s
[701.151s][info][gc,start       ] GC(1942) Pause Young (Allocation Failure)
[701.151s][info][gc,heap        ] GC(1942) PSYoungGen: 296512K(313856K)->64K(313344K) Eden: 296448K(296448K)->0K(296448K) From: 64K(17408K)->64K(16896K)
[701.152s][info][gc,heap        ] GC(1942) ParOldGen: 275188K(275456K)->275204K(275456K)
[701.152s][info][gc,metaspace   ] GC(1942) Metaspace: 35482K(36224K)->35482K(36224K) NonClass: 26272K(26816K)->26272K(26816K) Class: 9210K(9408K)->9210K(9408K)
[701.152s][info][gc             ] GC(1942) Pause Young (Allocation Failure) 558M->268M(575M) 0.964ms
[701.152s][info][gc,cpu         ] GC(1942) User=0.00s Sys=0.00s Real=0.00s
[701.404s][info][gc,start       ] GC(1943) Pause Young (Allocation Failure)
[701.405s][info][gc,heap        ] GC(1943) PSYoungGen: 296512K(313344K)->64K(315904K) Eden: 296448K(296448K)->0K(300032K) From: 64K(16896K)->64K(15872K)
[701.405s][info][gc,heap        ] GC(1943) ParOldGen: 275204K(275456K)->275204K(275456K)
[701.405s][info][gc,metaspace   ] GC(1943) Metaspace: 35482K(36224K)->35482K(36224K) NonClass: 26272K(26816K)->26272K(26816K) Class: 9210K(9408K)->9210K(9408K)
[701.405s][info][gc             ] GC(1943) Pause Young (Allocation Failure) 558M->268M(577M) 0.917ms
[701.405s][info][gc,cpu         ] GC(1943) User=0.01s Sys=0.00s Real=0.00s
[701.681s][info][gc,start       ] GC(1944) Pause Young (Allocation Failure)
[701.682s][info][gc,heap        ] GC(1944) PSYoungGen: 300096K(315904K)->64K(315392K) Eden: 300032K(300032K)->0K(300032K) From: 64K(15872K)->64K(15360K)
[701.682s][info][gc,heap        ] GC(1944) ParOldGen: 275204K(275456K)->275212K(275456K)
[701.682s][info][gc,metaspace   ] GC(1944) Metaspace: 35482K(36224K)->35482K(36224K) NonClass: 26272K(26816K)->26272K(26816K) Class: 9210K(9408K)->9210K(9408K)
[701.682s][info][gc             ] GC(1944) Pause Young (Allocation Failure) 561M->268M(577M) 1.011ms
[701.682s][info][gc,cpu         ] GC(1944) User=0.00s Sys=0.00s Real=0.00s
[701.795s][info][gc,start       ] GC(1945) Pause Young (Allocation Failure)
[701.796s][info][gc,heap        ] GC(1945) PSYoungGen: 300096K(315392K)->64K(317440K) Eden: 300032K(300032K)->0K(303616K) From: 64K(15360K)->64K(13824K)
[701.796s][info][gc,heap        ] GC(1945) ParOldGen: 275212K(275456K)->275220K(275456K)
[701.796s][info][gc,metaspace   ] GC(1945) Metaspace: 35482K(36224K)->35482K(36224K) NonClass: 26272K(26816K)->26272K(26816K) Class: 9210K(9408K)->9210K(9408K)
[701.796s][info][gc             ] GC(1945) Pause Young (Allocation Failure) 561M->268M(579M) 1.010ms
[701.796s][info][gc,cpu         ] GC(1945) User=0.00s Sys=0.00s Real=0.00s
[701.927s][info][gc,start       ] GC(1946) Pause Young (Allocation Failure)
[701.928s][info][gc,heap        ] GC(1946) PSYoungGen: 303680K(317440K)->64K(291840K) Eden: 303616K(303616K)->0K(291328K) From: 64K(13824K)->64K(512K)
[701.928s][info][gc,heap        ] GC(1946) ParOldGen: 275220K(275456K)->275228K(275456K)
[701.928s][info][gc,metaspace   ] GC(1946) Metaspace: 35482K(36224K)->35482K(36224K) NonClass: 26272K(26816K)->26272K(26816K) Class: 9210K(9408K)->9210K(9408K)
[701.928s][info][gc             ] GC(1946) Pause Young (Allocation Failure) 565M->268M(554M) 0.987ms
[701.928s][info][gc,cpu         ] GC(1946) User=0.00s Sys=0.00s Real=0.00s
[702.297s][info][gc,start       ] GC(1947) Pause Young (Allocation Failure)
[702.298s][info][gc,heap        ] GC(1947) PSYoungGen: 291392K(291840K)->64K(280576K) Eden: 291328K(291328K)->0K(280064K) From: 64K(512K)->64K(512K)
[702.298s][info][gc,heap        ] GC(1947) ParOldGen: 275228K(275456K)->275236K(275456K)
[702.298s][info][gc,metaspace   ] GC(1947) Metaspace: 35482K(36224K)->35482K(36224K) NonClass: 26272K(26816K)->26272K(26816K) Class: 9210K(9408K)->9210K(9408K)
[702.298s][info][gc             ] GC(1947) Pause Young (Allocation Failure) 553M->268M(543M) 1.059ms
[702.298s][info][gc,cpu         ] GC(1947) User=0.00s Sys=0.00s Real=0.00s
[702.946s][info][gc,start       ] GC(1948) Pause Young (Allocation Failure)
[702.946s][info][gc,heap        ] GC(1948) PSYoungGen: 280128K(280576K)->64K(281088K) Eden: 280064K(280064K)->0K(269312K) From: 64K(512K)->64K(11776K)
[702.946s][info][gc,heap        ] GC(1948) ParOldGen: 275236K(275456K)->275244K(275456K)
[702.946s][info][gc,metaspace   ] GC(1948) Metaspace: 35482K(36224K)->35482K(36224K) NonClass: 26272K(26816K)->26272K(26816K) Class: 9210K(9408K)->9210K(9408K)
[702.946s][info][gc             ] GC(1948) Pause Young (Allocation Failure) 542M->268M(543M) 0.897ms
[702.946s][info][gc,cpu         ] GC(1948) User=0.00s Sys=0.00s Real=0.00s
[703.832s][info][gc,start       ] GC(1949) Pause Young (Allocation Failure)
[703.834s][info][gc,heap        ] GC(1949) PSYoungGen: 269376K(281088K)->64K(259584K) Eden: 269312K(269312K)->0K(259072K) From: 64K(11776K)->64K(512K)
[703.834s][info][gc,heap        ] GC(1949) ParOldGen: 275244K(275456K)->275252K(275456K)
[703.834s][info][gc,metaspace   ] GC(1949) Metaspace: 35482K(36224K)->35482K(36224K) NonClass: 26272K(26816K)->26272K(26816K) Class: 9210K(9408K)->9210K(9408K)
[703.834s][info][gc             ] GC(1949) Pause Young (Allocation Failure) 531M->268M(522M) 1.590ms
[703.834s][info][gc,cpu         ] GC(1949) User=0.00s Sys=0.00s Real=0.00s
[704.241s][info][gc,start       ] GC(1950) Pause Young (Allocation Failure)
[704.242s][info][gc,heap        ] GC(1950) PSYoungGen: 259136K(259584K)->64K(259584K) Eden: 259072K(259072K)->0K(249344K) From: 64K(512K)->64K(10240K)
[704.242s][info][gc,heap        ] GC(1950) ParOldGen: 275252K(275456K)->275260K(275456K)
[704.242s][info][gc,metaspace   ] GC(1950) Metaspace: 35482K(36224K)->35482K(36224K) NonClass: 26272K(26816K)->26272K(26816K) Class: 9210K(9408K)->9210K(9408K)
[704.242s][info][gc             ] GC(1950) Pause Young (Allocation Failure) 521M->268M(522M) 0.974ms
[704.242s][info][gc,cpu         ] GC(1950) User=0.01s Sys=0.00s Real=0.00s
[705.214s][info][gc,start       ] GC(1951) Pause Young (Allocation Failure)
[705.216s][info][gc,heap        ] GC(1951) PSYoungGen: 249408K(259584K)->64K(240640K) Eden: 249344K(249344K)->0K(240128K) From: 64K(10240K)->64K(512K)
[705.216s][info][gc,heap        ] GC(1951) ParOldGen: 275260K(275456K)->275268K(275456K)
[705.216s][info][gc,metaspace   ] GC(1951) Metaspace: 35482K(36224K)->35482K(36224K) NonClass: 26272K(26816K)->26272K(26816K) Class: 9210K(9408K)->9210K(9408K)
[705.216s][info][gc             ] GC(1951) Pause Young (Allocation Failure) 512M->268M(504M) 1.673ms
[705.216s][info][gc,cpu         ] GC(1951) User=0.00s Sys=0.00s Real=0.00s
[705.590s][info][gc,start       ] GC(1952) Pause Young (Allocation Failure)
[705.592s][info][gc,heap        ] GC(1952) PSYoungGen: 240192K(240640K)->64K(240128K) Eden: 240128K(240128K)->0K(230912K) From: 64K(512K)->64K(9216K)
[705.592s][info][gc,heap        ] GC(1952) ParOldGen: 275268K(275456K)->275276K(275456K)
[705.592s][info][gc,metaspace   ] GC(1952) Metaspace: 35482K(36224K)->35482K(36224K) NonClass: 26272K(26816K)->26272K(26816K) Class: 9210K(9408K)->9210K(9408K)
[705.592s][info][gc             ] GC(1952) Pause Young (Allocation Failure) 503M->268M(503M) 1.125ms
[705.592s][info][gc,cpu         ] GC(1952) User=0.00s Sys=0.01s Real=0.00s
[705.771s][info][gc,start       ] GC(1953) Pause Young (Allocation Failure)
[705.773s][info][gc,heap        ] GC(1953) PSYoungGen: 230976K(240128K)->64K(222720K) Eden: 230912K(230912K)->0K(222208K) From: 64K(9216K)->64K(512K)
[705.773s][info][gc,heap        ] GC(1953) ParOldGen: 275276K(275456K)->275284K(275456K)
[705.773s][info][gc,metaspace   ] GC(1953) Metaspace: 35482K(36224K)->35482K(36224K) NonClass: 26272K(26816K)->26272K(26816K) Class: 9210K(9408K)->9210K(9408K)
[705.773s][info][gc             ] GC(1953) Pause Young (Allocation Failure) 494M->268M(486M) 1.930ms
[705.773s][info][gc,cpu         ] GC(1953) User=0.00s Sys=0.00s Real=0.00s
[705.843s][info][gc,start       ] GC(1954) Pause Young (Allocation Failure)
[705.845s][info][gc,heap        ] GC(1954) PSYoungGen: 222272K(222720K)->32K(221696K) Eden: 222208K(222208K)->0K(214016K) From: 64K(512K)->32K(7680K)
[705.845s][info][gc,heap        ] GC(1954) ParOldGen: 275284K(275456K)->275292K(275456K)
[705.845s][info][gc,metaspace   ] GC(1954) Metaspace: 35482K(36224K)->35482K(36224K) NonClass: 26272K(26816K)->26272K(26816K) Class: 9210K(9408K)->9210K(9408K)
[705.845s][info][gc             ] GC(1954) Pause Young (Allocation Failure) 485M->268M(485M) 1.659ms
[705.845s][info][gc,cpu         ] GC(1954) User=0.00s Sys=0.00s Real=0.00s
[706.303s][info][gc,start       ] GC(1955) Pause Young (Allocation Failure)
[706.305s][info][gc,heap        ] GC(1955) PSYoungGen: 214048K(221696K)->64K(206848K) Eden: 214016K(214016K)->0K(206336K) From: 32K(7680K)->64K(512K)
[706.305s][info][gc,heap        ] GC(1955) ParOldGen: 275292K(275456K)->275300K(275456K)
[706.305s][info][gc,metaspace   ] GC(1955) Metaspace: 35482K(36224K)->35482K(36224K) NonClass: 26272K(26816K)->26272K(26816K) Class: 9210K(9408K)->9210K(9408K)
[706.305s][info][gc             ] GC(1955) Pause Young (Allocation Failure) 477M->268M(471M) 2.219ms
[706.305s][info][gc,cpu         ] GC(1955) User=0.00s Sys=0.00s Real=0.00s
[706.526s][info][gc,start       ] GC(1956) Pause Young (Allocation Failure)
[706.528s][info][gc,heap        ] GC(1956) PSYoungGen: 206400K(206848K)->32K(205312K) Eden: 206336K(206336K)->0K(198656K) From: 64K(512K)->32K(6656K)
[706.528s][info][gc,heap        ] GC(1956) ParOldGen: 275300K(275456K)->275308K(275456K)
[706.528s][info][gc,metaspace   ] GC(1956) Metaspace: 35482K(36224K)->35482K(36224K) NonClass: 26272K(26816K)->26272K(26816K) Class: 9210K(9408K)->9210K(9408K)
[706.528s][info][gc             ] GC(1956) Pause Young (Allocation Failure) 470M->268M(469M) 1.658ms
[706.528s][info][gc,cpu         ] GC(1956) User=0.00s Sys=0.00s Real=0.00s
[706.855s][info][gc,start       ] GC(1957) Pause Young (Allocation Failure)
[706.862s][info][gc,heap        ] GC(1957) PSYoungGen: 198688K(205312K)->2976K(238592K) Eden: 198656K(198656K)->0K(235520K) From: 32K(6656K)->2976K(3072K)
[706.862s][info][gc,heap        ] GC(1957) ParOldGen: 275308K(275456K)->275316K(275456K)
[706.862s][info][gc,metaspace   ] GC(1957) Metaspace: 35482K(36224K)->35482K(36224K) NonClass: 26272K(26816K)->26272K(26816K) Class: 9210K(9408K)->9210K(9408K)
[706.862s][info][gc             ] GC(1957) Pause Young (Allocation Failure) 462M->271M(502M) 7.467ms
[706.862s][info][gc,cpu         ] GC(1957) User=0.01s Sys=0.00s Real=0.01s
[707.170s][info][gc,start       ] GC(1958) Pause Young (Allocation Failure)
[707.238s][info][gc,heap        ] GC(1958) PSYoungGen: 238496K(238592K)->6656K(260608K) Eden: 235520K(235520K)->0K(253952K) From: 2976K(3072K)->6656K(6656K)
[707.238s][info][gc,heap        ] GC(1958) ParOldGen: 275316K(275456K)->295508K(295936K)
[707.238s][info][gc,metaspace   ] GC(1958) Metaspace: 35482K(36224K)->35482K(36224K) NonClass: 26272K(26816K)->26272K(26816K) Class: 9210K(9408K)->9210K(9408K)
[707.238s][info][gc             ] GC(1958) Pause Young (Allocation Failure) 501M->295M(543M) 68.896ms
[707.238s][info][gc,cpu         ] GC(1958) User=0.08s Sys=0.02s Real=0.06s
[707.572s][info][gc,start       ] GC(1959) Pause Young (Allocation Failure)
[707.635s][info][gc,heap        ] GC(1959) PSYoungGen: 260608K(260608K)->15872K(289792K) Eden: 253952K(253952K)->0K(273920K) From: 6656K(6656K)->15872K(15872K)
[707.635s][info][gc,heap        ] GC(1959) ParOldGen: 295508K(295936K)->309108K(309248K)
[707.635s][info][gc,metaspace   ] GC(1959) Metaspace: 35482K(36224K)->35482K(36224K) NonClass: 26272K(26816K)->26272K(26816K) Class: 9210K(9408K)->9210K(9408K)
[707.635s][info][gc             ] GC(1959) Pause Young (Allocation Failure) 543M->317M(585M) 63.437ms
[707.635s][info][gc,cpu         ] GC(1959) User=0.11s Sys=0.01s Real=0.06s
[707.753s][info][gc,start       ] GC(1960) Pause Young (Allocation Failure)
[707.765s][info][gc,heap        ] GC(1960) PSYoungGen: 289792K(289792K)->3936K(297984K) Eden: 273920K(273920K)->0K(273920K) From: 15872K(15872K)->3936K(24064K)
[707.766s][info][gc,heap        ] GC(1960) ParOldGen: 309108K(309248K)->309476K(309760K)
[707.766s][info][gc,metaspace   ] GC(1960) Metaspace: 35482K(36224K)->35482K(36224K) NonClass: 26272K(26816K)->26272K(26816K) Class: 9210K(9408K)->9210K(9408K)
[707.766s][info][gc             ] GC(1960) Pause Young (Allocation Failure) 584M->306M(593M) 12.999ms
[707.766s][info][gc,cpu         ] GC(1960) User=0.02s Sys=0.01s Real=0.01s
[708.305s][info][gc,start       ] GC(1961) Pause Young (Allocation Failure)
[708.307s][info][gc,heap        ] GC(1961) PSYoungGen: 277856K(297984K)->64K(307200K) Eden: 273920K(273920K)->0K(287232K) From: 3936K(24064K)->64K(19968K)
[708.307s][info][gc,heap        ] GC(1961) ParOldGen: 309476K(309760K)->309484K(309760K)
[708.307s][info][gc,metaspace   ] GC(1961) Metaspace: 35482K(36224K)->35482K(36224K) NonClass: 26272K(26816K)->26272K(26816K) Class: 9210K(9408K)->9210K(9408K)
[708.307s][info][gc             ] GC(1961) Pause Young (Allocation Failure) 573M->302M(602M) 1.197ms
[708.307s][info][gc,cpu         ] GC(1961) User=0.00s Sys=0.00s Real=0.00s
[708.780s][info][gc,start       ] GC(1962) Pause Young (Allocation Failure)
[708.781s][info][gc,heap        ] GC(1962) PSYoungGen: 287296K(307200K)->64K(309248K) Eden: 287232K(287232K)->0K(287232K) From: 64K(19968K)->64K(22016K)
[708.781s][info][gc,heap        ] GC(1962) ParOldGen: 309484K(309760K)->309492K(309760K)
[708.781s][info][gc,metaspace   ] GC(1962) Metaspace: 35482K(36224K)->35482K(36224K) NonClass: 26272K(26816K)->26272K(26816K) Class: 9210K(9408K)->9210K(9408K)
[708.781s][info][gc             ] GC(1962) Pause Young (Allocation Failure) 582M->302M(604M) 1.252ms
[708.781s][info][gc,cpu         ] GC(1962) User=0.00s Sys=0.00s Real=0.00s
[709.218s][info][gc,start       ] GC(1963) Pause Young (Allocation Failure)
[709.219s][info][gc,heap        ] GC(1963) PSYoungGen: 287296K(309248K)->64K(309248K) Eden: 287232K(287232K)->0K(290304K) From: 64K(22016K)->64K(18944K)
[709.219s][info][gc,heap        ] GC(1963) ParOldGen: 309492K(309760K)->309508K(309760K)
[709.219s][info][gc,metaspace   ] GC(1963) Metaspace: 35482K(36224K)->35482K(36224K) NonClass: 26272K(26816K)->26272K(26816K) Class: 9210K(9408K)->9210K(9408K)
[709.219s][info][gc             ] GC(1963) Pause Young (Allocation Failure) 582M->302M(604M) 1.183ms
[709.219s][info][gc,cpu         ] GC(1963) User=0.00s Sys=0.00s Real=0.01s
[709.460s][info][gc,start       ] GC(1964) Pause Young (Allocation Failure)
[709.461s][info][gc,heap        ] GC(1964) PSYoungGen: 290368K(309248K)->64K(310784K) Eden: 290304K(290304K)->0K(290304K) From: 64K(18944K)->64K(20480K)
[709.461s][info][gc,heap        ] GC(1964) ParOldGen: 309508K(309760K)->309524K(309760K)
[709.461s][info][gc,metaspace   ] GC(1964) Metaspace: 35482K(36224K)->35482K(36224K) NonClass: 26272K(26816K)->26272K(26816K) Class: 9210K(9408K)->9210K(9408K)
[709.461s][info][gc             ] GC(1964) Pause Young (Allocation Failure) 585M->302M(606M) 1.157ms
[709.461s][info][gc,cpu         ] GC(1964) User=0.01s Sys=0.00s Real=0.00s
[709.809s][info][gc,start       ] GC(1965) Pause Young (Allocation Failure)
[709.810s][info][gc,heap        ] GC(1965) PSYoungGen: 290368K(310784K)->64K(311808K) Eden: 290304K(290304K)->0K(293888K) From: 64K(20480K)->64K(17920K)
[709.810s][info][gc,heap        ] GC(1965) ParOldGen: 309524K(309760K)->309524K(309760K)
[709.810s][info][gc,metaspace   ] GC(1965) Metaspace: 35482K(36224K)->35482K(36224K) NonClass: 26272K(26816K)->26272K(26816K) Class: 9210K(9408K)->9210K(9408K)
[709.810s][info][gc             ] GC(1965) Pause Young (Allocation Failure) 585M->302M(607M) 1.133ms
[709.810s][info][gc,cpu         ] GC(1965) User=0.00s Sys=0.00s Real=0.00s
[709.937s][info][gc,start       ] GC(1966) Pause Young (Allocation Failure)
[709.938s][info][gc,heap        ] GC(1966) PSYoungGen: 293952K(311808K)->64K(312832K) Eden: 293888K(293888K)->0K(293888K) From: 64K(17920K)->64K(18944K)
[709.938s][info][gc,heap        ] GC(1966) ParOldGen: 309524K(309760K)->309532K(309760K)
[709.938s][info][gc,metaspace   ] GC(1966) Metaspace: 35482K(36224K)->35482K(36224K) NonClass: 26272K(26816K)->26272K(26816K) Class: 9210K(9408K)->9210K(9408K)
[709.938s][info][gc             ] GC(1966) Pause Young (Allocation Failure) 589M->302M(608M) 1.097ms
[709.938s][info][gc,cpu         ] GC(1966) User=0.00s Sys=0.00s Real=0.00s
[709.989s][info][gc,start       ] GC(1967) Pause Young (Allocation Failure)
[709.990s][info][gc,heap        ] GC(1967) PSYoungGen: 293952K(312832K)->64K(312832K) Eden: 293888K(293888K)->0K(296960K) From: 64K(18944K)->64K(15872K)
[709.990s][info][gc,heap        ] GC(1967) ParOldGen: 309532K(309760K)->309548K(309760K)
[709.990s][info][gc,metaspace   ] GC(1967) Metaspace: 35482K(36224K)->35482K(36224K) NonClass: 26272K(26816K)->26272K(26816K) Class: 9210K(9408K)->9210K(9408K)
[709.990s][info][gc             ] GC(1967) Pause Young (Allocation Failure) 589M->302M(608M) 1.052ms
[709.990s][info][gc,cpu         ] GC(1967) User=0.00s Sys=0.00s Real=0.00s
[710.173s][info][gc,start       ] GC(1968) Pause Young (Allocation Failure)
[710.174s][info][gc,heap        ] GC(1968) PSYoungGen: 297024K(312832K)->64K(313856K) Eden: 296960K(296960K)->0K(296960K) From: 64K(15872K)->64K(16896K)
[710.174s][info][gc,heap        ] GC(1968) ParOldGen: 309548K(309760K)->309548K(309760K)
[710.174s][info][gc,metaspace   ] GC(1968) Metaspace: 35482K(36224K)->35482K(36224K) NonClass: 26272K(26816K)->26272K(26816K) Class: 9210K(9408K)->9210K(9408K)
[710.174s][info][gc             ] GC(1968) Pause Young (Allocation Failure) 592M->302M(609M) 1.090ms
[710.174s][info][gc,cpu         ] GC(1968) User=0.01s Sys=0.00s Real=0.00s
[710.474s][info][gc,start       ] GC(1969) Pause Young (Allocation Failure)
[710.475s][info][gc,heap        ] GC(1969) PSYoungGen: 297024K(313856K)->64K(314880K) Eden: 296960K(296960K)->0K(301056K) From: 64K(16896K)->64K(13824K)
[710.475s][info][gc,heap        ] GC(1969) ParOldGen: 309548K(309760K)->309556K(309760K)
[710.475s][info][gc,metaspace   ] GC(1969) Metaspace: 35482K(36224K)->35482K(36224K) NonClass: 26272K(26816K)->26272K(26816K) Class: 9210K(9408K)->9210K(9408K)
[710.475s][info][gc             ] GC(1969) Pause Young (Allocation Failure) 592M->302M(610M) 1.145ms
[710.475s][info][gc,cpu         ] GC(1969) User=0.01s Sys=0.00s Real=0.00s
[710.627s][info][gc,start       ] GC(1970) Pause Young (Allocation Failure)
[710.628s][info][gc,heap        ] GC(1970) PSYoungGen: 301120K(314880K)->64K(315904K) Eden: 301056K(301056K)->0K(301056K) From: 64K(13824K)->64K(14848K)
[710.628s][info][gc,heap        ] GC(1970) ParOldGen: 309556K(309760K)->309564K(309760K)
[710.628s][info][gc,metaspace   ] GC(1970) Metaspace: 35482K(36224K)->35482K(36224K) NonClass: 26272K(26816K)->26272K(26816K) Class: 9210K(9408K)->9210K(9408K)
[710.628s][info][gc             ] GC(1970) Pause Young (Allocation Failure) 596M->302M(611M) 1.173ms
[710.628s][info][gc,cpu         ] GC(1970) User=0.00s Sys=0.00s Real=0.00s
[710.725s][info][gc,start       ] GC(1971) Pause Young (Allocation Failure)
[710.726s][info][gc,heap        ] GC(1971) PSYoungGen: 301120K(315904K)->64K(316416K) Eden: 301056K(301056K)->0K(304640K) From: 64K(14848K)->64K(11776K)
[710.727s][info][gc,heap        ] GC(1971) ParOldGen: 309564K(309760K)->309572K(309760K)
[710.727s][info][gc,metaspace   ] GC(1971) Metaspace: 35482K(36224K)->35482K(36224K) NonClass: 26272K(26816K)->26272K(26816K) Class: 9210K(9408K)->9210K(9408K)
[710.727s][info][gc             ] GC(1971) Pause Young (Allocation Failure) 596M->302M(611M) 1.117ms
[710.727s][info][gc,cpu         ] GC(1971) User=0.00s Sys=0.00s Real=0.00s
[710.916s][info][gc,start       ] GC(1972) Pause Young (Allocation Failure)
[710.917s][info][gc,heap        ] GC(1972) PSYoungGen: 304704K(316416K)->64K(317952K) Eden: 304640K(304640K)->0K(304640K) From: 64K(11776K)->64K(13312K)
[710.917s][info][gc,heap        ] GC(1972) ParOldGen: 309572K(309760K)->309580K(309760K)
[710.917s][info][gc,metaspace   ] GC(1972) Metaspace: 35482K(36224K)->35482K(36224K) NonClass: 26272K(26816K)->26272K(26816K) Class: 9210K(9408K)->9210K(9408K)
[710.917s][info][gc             ] GC(1972) Pause Young (Allocation Failure) 599M->302M(613M) 1.040ms
[710.917s][info][gc,cpu         ] GC(1972) User=0.00s Sys=0.00s Real=0.00s
[711.788s][info][gc,start       ] GC(1973) Pause Young (Allocation Failure)
[711.789s][info][gc,heap        ] GC(1973) PSYoungGen: 304704K(317952K)->83K(292864K) Eden: 304640K(304640K)->0K(292352K) From: 64K(13312K)->83K(512K)
[711.789s][info][gc,heap        ] GC(1973) ParOldGen: 309580K(309760K)->309588K(309760K)
[711.789s][info][gc,metaspace   ] GC(1973) Metaspace: 35482K(36224K)->35482K(36224K) NonClass: 26272K(26816K)->26272K(26816K) Class: 9210K(9408K)->9210K(9408K)
[711.789s][info][gc             ] GC(1973) Pause Young (Allocation Failure) 599M->302M(588M) 1.106ms
[711.789s][info][gc,cpu         ] GC(1973) User=0.00s Sys=0.00s Real=0.01s
[712.666s][info][gc,start       ] GC(1974) Pause Young (Allocation Failure)
[712.667s][info][gc,heap        ] GC(1974) PSYoungGen: 292435K(292864K)->64K(292864K) Eden: 292352K(292352K)->0K(281088K) From: 83K(512K)->64K(11776K)
[712.667s][info][gc,heap        ] GC(1974) ParOldGen: 309588K(309760K)->309596K(309760K)
[712.667s][info][gc,metaspace   ] GC(1974) Metaspace: 35482K(36224K)->35482K(36224K) NonClass: 26272K(26816K)->26272K(26816K) Class: 9210K(9408K)->9210K(9408K)
[712.667s][info][gc             ] GC(1974) Pause Young (Allocation Failure) 587M->302M(588M) 1.116ms
[712.667s][info][gc,cpu         ] GC(1974) User=0.00s Sys=0.00s Real=0.00s
[713.093s][info][gc,start       ] GC(1975) Pause Young (Allocation Failure)
[713.094s][info][gc,heap        ] GC(1975) PSYoungGen: 281152K(292864K)->64K(270848K) Eden: 281088K(281088K)->0K(270336K) From: 64K(11776K)->64K(512K)
[713.094s][info][gc,heap        ] GC(1975) ParOldGen: 309596K(309760K)->309604K(309760K)
[713.094s][info][gc,metaspace   ] GC(1975) Metaspace: 35482K(36224K)->35482K(36224K) NonClass: 26272K(26816K)->26272K(26816K) Class: 9210K(9408K)->9210K(9408K)
[713.094s][info][gc             ] GC(1975) Pause Young (Allocation Failure) 576M->302M(567M) 1.375ms
[713.094s][info][gc,cpu         ] GC(1975) User=0.00s Sys=0.00s Real=0.00s
[714.079s][info][gc,start       ] GC(1976) Pause Young (Allocation Failure)
[714.080s][info][gc,heap        ] GC(1976) PSYoungGen: 270400K(270848K)->64K(270336K) Eden: 270336K(270336K)->0K(260096K) From: 64K(512K)->64K(10240K)
[714.080s][info][gc,heap        ] GC(1976) ParOldGen: 309604K(309760K)->309612K(309760K)
[714.081s][info][gc,metaspace   ] GC(1976) Metaspace: 35482K(36224K)->35482K(36224K) NonClass: 26272K(26816K)->26272K(26816K) Class: 9210K(9408K)->9210K(9408K)
[714.081s][info][gc             ] GC(1976) Pause Young (Allocation Failure) 566M->302M(566M) 1.170ms
[714.081s][info][gc,cpu         ] GC(1976) User=0.00s Sys=0.00s Real=0.00s
[714.464s][info][gc,start       ] GC(1977) Pause Young (Allocation Failure)
[714.466s][info][gc,heap        ] GC(1977) PSYoungGen: 260160K(270336K)->64K(250880K) Eden: 260096K(260096K)->0K(250368K) From: 64K(10240K)->64K(512K)
[714.466s][info][gc,heap        ] GC(1977) ParOldGen: 309612K(309760K)->309620K(309760K)
[714.466s][info][gc,metaspace   ] GC(1977) Metaspace: 35482K(36224K)->35482K(36224K) NonClass: 26272K(26816K)->26272K(26816K) Class: 9210K(9408K)->9210K(9408K)
[714.466s][info][gc             ] GC(1977) Pause Young (Allocation Failure) 556M->302M(547M) 1.737ms
[714.466s][info][gc,cpu         ] GC(1977) User=0.01s Sys=0.00s Real=0.00s
[714.632s][info][gc,start       ] GC(1978) Pause Young (Allocation Failure)
[714.634s][info][gc,heap        ] GC(1978) PSYoungGen: 250432K(250880K)->32K(249856K) Eden: 250368K(250368K)->0K(240640K) From: 64K(512K)->32K(9216K)
[714.634s][info][gc,heap        ] GC(1978) ParOldGen: 309620K(309760K)->309628K(309760K)
[714.634s][info][gc,metaspace   ] GC(1978) Metaspace: 35482K(36224K)->35482K(36224K) NonClass: 26272K(26816K)->26272K(26816K) Class: 9210K(9408K)->9210K(9408K)
[714.634s][info][gc             ] GC(1978) Pause Young (Allocation Failure) 546M->302M(546M) 1.787ms
[714.634s][info][gc,cpu         ] GC(1978) User=0.00s Sys=0.00s Real=0.00s
[714.779s][info][gc,start       ] GC(1979) Pause Young (Allocation Failure)
[714.782s][info][gc,heap        ] GC(1979) PSYoungGen: 240672K(249856K)->64K(231936K) Eden: 240640K(240640K)->0K(231424K) From: 32K(9216K)->64K(512K)
[714.782s][info][gc,heap        ] GC(1979) ParOldGen: 309628K(309760K)->309636K(309760K)
[714.782s][info][gc,metaspace   ] GC(1979) Metaspace: 35482K(36224K)->35482K(36224K) NonClass: 26272K(26816K)->26272K(26816K) Class: 9210K(9408K)->9210K(9408K)
[714.782s][info][gc             ] GC(1979) Pause Young (Allocation Failure) 537M->302M(529M) 2.210ms
[714.782s][info][gc,cpu         ] GC(1979) User=0.00s Sys=0.00s Real=0.00s
[715.323s][info][gc,start       ] GC(1980) Pause Young (Allocation Failure)
[715.325s][info][gc,heap        ] GC(1980) PSYoungGen: 231488K(231936K)->32K(230400K) Eden: 231424K(231424K)->0K(222720K) From: 64K(512K)->32K(7680K)
[715.325s][info][gc,heap        ] GC(1980) ParOldGen: 309636K(309760K)->309644K(309760K)
[715.325s][info][gc,metaspace   ] GC(1980) Metaspace: 35482K(36224K)->35482K(36224K) NonClass: 26272K(26816K)->26272K(26816K) Class: 9210K(9408K)->9210K(9408K)
[715.325s][info][gc             ] GC(1980) Pause Young (Allocation Failure) 528M->302M(527M) 1.809ms
[715.325s][info][gc,cpu         ] GC(1980) User=0.00s Sys=0.00s Real=0.00s
[715.541s][info][gc,start       ] GC(1981) Pause Young (Allocation Failure)
[715.544s][info][gc,heap        ] GC(1981) PSYoungGen: 222752K(230400K)->32K(215040K) Eden: 222720K(222720K)->0K(214528K) From: 32K(7680K)->32K(512K)
[715.544s][info][gc,heap        ] GC(1981) ParOldGen: 309644K(309760K)->309652K(309760K)
[715.544s][info][gc,metaspace   ] GC(1981) Metaspace: 35482K(36224K)->35482K(36224K) NonClass: 26272K(26816K)->26272K(26816K) Class: 9210K(9408K)->9210K(9408K)
[715.544s][info][gc             ] GC(1981) Pause Young (Allocation Failure) 519M->302M(512M) 2.397ms
[715.544s][info][gc,cpu         ] GC(1981) User=0.00s Sys=0.00s Real=0.00s
[715.869s][info][gc,start       ] GC(1982) Pause Young (Allocation Failure)
[715.917s][info][gc,heap        ] GC(1982) PSYoungGen: 214560K(215040K)->6656K(263168K) Eden: 214528K(214528K)->0K(256512K) From: 32K(512K)->6656K(6656K)
[715.917s][info][gc,heap        ] GC(1982) ParOldGen: 309652K(309760K)->320324K(320512K)
[715.917s][info][gc,metaspace   ] GC(1982) Metaspace: 35482K(36224K)->35482K(36224K) NonClass: 26272K(26816K)->26272K(26816K) Class: 9210K(9408K)->9210K(9408K)
[715.917s][info][gc             ] GC(1982) Pause Young (Allocation Failure) 511M->319M(570M) 48.845ms
[715.917s][info][gc,cpu         ] GC(1982) User=0.05s Sys=0.01s Real=0.04s
[716.249s][info][gc,start       ] GC(1983) Pause Young (Allocation Failure)
[716.309s][info][gc,heap        ] GC(1983) PSYoungGen: 263168K(263168K)->6656K(265728K) Eden: 256512K(256512K)->0K(259072K) From: 6656K(6656K)->6656K(6656K)
[716.309s][info][gc,heap        ] GC(1983) ParOldGen: 320324K(320512K)->343196K(343552K)
[716.309s][info][gc,metaspace   ] GC(1983) Metaspace: 35482K(36224K)->35482K(36224K) NonClass: 26272K(26816K)->26272K(26816K) Class: 9210K(9408K)->9210K(9408K)
[716.309s][info][gc             ] GC(1983) Pause Young (Allocation Failure) 569M->341M(595M) 60.048ms
[716.309s][info][gc,cpu         ] GC(1983) User=0.10s Sys=0.02s Real=0.06s
[716.523s][info][gc,start       ] GC(1984) Pause Young (Allocation Failure)
[716.552s][info][gc,heap        ] GC(1984) PSYoungGen: 265728K(265728K)->16096K(280576K) Eden: 259072K(259072K)->0K(259072K) From: 6656K(6656K)->16096K(21504K)
[716.552s][info][gc,heap        ] GC(1984) ParOldGen: 343196K(343552K)->343820K(344064K)
[716.552s][info][gc,metaspace   ] GC(1984) Metaspace: 35482K(36224K)->35482K(36224K) NonClass: 26272K(26816K)->26272K(26816K) Class: 9210K(9408K)->9210K(9408K)
[716.552s][info][gc             ] GC(1984) Pause Young (Allocation Failure) 594M->351M(610M) 29.687ms
[716.552s][info][gc,cpu         ] GC(1984) User=0.06s Sys=0.00s Real=0.03s
[716.789s][info][gc,start       ] GC(1985) Pause Young (Allocation Failure)
[716.790s][info][gc,heap        ] GC(1985) PSYoungGen: 275168K(280576K)->64K(310784K) Eden: 259072K(259072K)->0K(286720K) From: 16096K(21504K)->64K(24064K)
[716.790s][info][gc,heap        ] GC(1985) ParOldGen: 343820K(344064K)->343828K(344064K)
[716.790s][info][gc,metaspace   ] GC(1985) Metaspace: 35482K(36224K)->35482K(36224K) NonClass: 26272K(26816K)->26272K(26816K) Class: 9210K(9408K)->9210K(9408K)
[716.790s][info][gc             ] GC(1985) Pause Young (Allocation Failure) 604M->335M(639M) 1.277ms
[716.790s][info][gc,cpu         ] GC(1985) User=0.01s Sys=0.00s Real=0.00s
[717.454s][info][gc,start       ] GC(1986) Pause Young (Allocation Failure)
[717.456s][info][gc,heap        ] GC(1986) PSYoungGen: 286784K(310784K)->64K(287232K) Eden: 286720K(286720K)->0K(286720K) From: 64K(24064K)->64K(512K)
[717.456s][info][gc,heap        ] GC(1986) ParOldGen: 343828K(344064K)->343836K(344064K)
[717.456s][info][gc,metaspace   ] GC(1986) Metaspace: 35482K(36224K)->35482K(36224K) NonClass: 26272K(26816K)->26272K(26816K) Class: 9210K(9408K)->9210K(9408K)
[717.456s][info][gc             ] GC(1986) Pause Young (Allocation Failure) 615M->335M(616M) 1.340ms
[717.456s][info][gc,cpu         ] GC(1986) User=0.00s Sys=0.00s Real=0.00s
[717.918s][info][gc,start       ] GC(1987) Pause Young (Allocation Failure)
[717.919s][info][gc,heap        ] GC(1987) PSYoungGen: 286784K(287232K)->64K(310272K) Eden: 286720K(286720K)->0K(287744K) From: 64K(512K)->64K(22528K)
[717.919s][info][gc,heap        ] GC(1987) ParOldGen: 343836K(344064K)->343852K(344064K)
[717.919s][info][gc,metaspace   ] GC(1987) Metaspace: 35482K(36224K)->35482K(36224K) NonClass: 26272K(26816K)->26272K(26816K) Class: 9210K(9408K)->9210K(9408K)
[717.919s][info][gc             ] GC(1987) Pause Young (Allocation Failure) 615M->335M(639M) 1.287ms
[717.919s][info][gc,cpu         ] GC(1987) User=0.00s Sys=0.00s Real=0.01s
[718.157s][info][gc,start       ] GC(1988) Pause Young (Allocation Failure)
[718.158s][info][gc,heap        ] GC(1988) PSYoungGen: 287808K(310272K)->32K(309248K) Eden: 287744K(287744K)->0K(287744K) From: 64K(22528K)->32K(21504K)
[718.158s][info][gc,heap        ] GC(1988) ParOldGen: 343852K(344064K)->343868K(344064K)
[718.158s][info][gc,metaspace   ] GC(1988) Metaspace: 35482K(36224K)->35482K(36224K) NonClass: 26272K(26816K)->26272K(26816K) Class: 9210K(9408K)->9210K(9408K)
[718.158s][info][gc             ] GC(1988) Pause Young (Allocation Failure) 616M->335M(638M) 1.289ms
[718.158s][info][gc,cpu         ] GC(1988) User=0.00s Sys=0.00s Real=0.00s
[718.396s][info][gc,start       ] GC(1989) Pause Young (Allocation Failure)
[718.397s][info][gc,heap        ] GC(1989) PSYoungGen: 287776K(309248K)->64K(311296K) Eden: 287744K(287744K)->0K(290816K) From: 32K(21504K)->64K(20480K)
[718.397s][info][gc,heap        ] GC(1989) ParOldGen: 343868K(344064K)->343868K(344064K)
[718.397s][info][gc,metaspace   ] GC(1989) Metaspace: 35482K(36224K)->35482K(36224K) NonClass: 26272K(26816K)->26272K(26816K) Class: 9210K(9408K)->9210K(9408K)
[718.397s][info][gc             ] GC(1989) Pause Young (Allocation Failure) 616M->335M(640M) 1.205ms
[718.397s][info][gc,cpu         ] GC(1989) User=0.00s Sys=0.00s Real=0.00s
[718.725s][info][gc,start       ] GC(1990) Pause Young (Allocation Failure)
[718.726s][info][gc,heap        ] GC(1990) PSYoungGen: 290880K(311296K)->64K(310272K) Eden: 290816K(290816K)->0K(290816K) From: 64K(20480K)->64K(19456K)
[718.726s][info][gc,heap        ] GC(1990) ParOldGen: 343868K(344064K)->343868K(344064K)
[718.726s][info][gc,metaspace   ] GC(1990) Metaspace: 35482K(36224K)->35482K(36224K) NonClass: 26272K(26816K)->26272K(26816K) Class: 9210K(9408K)->9210K(9408K)
[718.726s][info][gc             ] GC(1990) Pause Young (Allocation Failure) 619M->335M(639M) 1.139ms
[718.726s][info][gc,cpu         ] GC(1990) User=0.01s Sys=0.00s Real=0.00s
[718.777s][info][gc,start       ] GC(1991) Pause Young (Allocation Failure)
[718.778s][info][gc,heap        ] GC(1991) PSYoungGen: 290880K(310272K)->64K(313344K) Eden: 290816K(290816K)->0K(294912K) From: 64K(19456K)->64K(18432K)
[718.778s][info][gc,heap        ] GC(1991) ParOldGen: 343868K(344064K)->343884K(344064K)
[718.778s][info][gc,metaspace   ] GC(1991) Metaspace: 35482K(36224K)->35482K(36224K) NonClass: 26272K(26816K)->26272K(26816K) Class: 9210K(9408K)->9210K(9408K)
[718.778s][info][gc             ] GC(1991) Pause Young (Allocation Failure) 619M->335M(642M) 1.091ms
[718.778s][info][gc,cpu         ] GC(1991) User=0.00s Sys=0.00s Real=0.00s
[718.832s][info][gc,start       ] GC(1992) Pause Young (Allocation Failure)
[718.833s][info][gc,heap        ] GC(1992) PSYoungGen: 294976K(313344K)->64K(312832K) Eden: 294912K(294912K)->0K(294912K) From: 64K(18432K)->64K(17920K)
[718.833s][info][gc,heap        ] GC(1992) ParOldGen: 343884K(344064K)->343884K(344064K)
[718.833s][info][gc,metaspace   ] GC(1992) Metaspace: 35482K(36224K)->35482K(36224K) NonClass: 26272K(26816K)->26272K(26816K) Class: 9210K(9408K)->9210K(9408K)
[718.833s][info][gc             ] GC(1992) Pause Young (Allocation Failure) 623M->335M(641M) 1.204ms
[718.833s][info][gc,cpu         ] GC(1992) User=0.00s Sys=0.00s Real=0.00s
[719.142s][info][gc,start       ] GC(1993) Pause Young (Allocation Failure)
[719.143s][info][gc,heap        ] GC(1993) PSYoungGen: 294976K(312832K)->64K(314880K) Eden: 294912K(294912K)->0K(298496K) From: 64K(17920K)->64K(16384K)
[719.143s][info][gc,heap        ] GC(1993) ParOldGen: 343884K(344064K)->343884K(344064K)
[719.143s][info][gc,metaspace   ] GC(1993) Metaspace: 35482K(36224K)->35482K(36224K) NonClass: 26272K(26816K)->26272K(26816K) Class: 9210K(9408K)->9210K(9408K)
[719.143s][info][gc             ] GC(1993) Pause Young (Allocation Failure) 623M->335M(643M) 1.209ms
[719.143s][info][gc,cpu         ] GC(1993) User=0.00s Sys=0.00s Real=0.00s
[719.395s][info][gc,start       ] GC(1994) Pause Young (Allocation Failure)
[719.397s][info][gc,heap        ] GC(1994) PSYoungGen: 298560K(314880K)->64K(314368K) Eden: 298496K(298496K)->0K(298496K) From: 64K(16384K)->64K(15872K)
[719.397s][info][gc,heap        ] GC(1994) ParOldGen: 343884K(344064K)->343892K(344064K)
[719.397s][info][gc,metaspace   ] GC(1994) Metaspace: 35482K(36224K)->35482K(36224K) NonClass: 26272K(26816K)->26272K(26816K) Class: 9210K(9408K)->9210K(9408K)
[719.397s][info][gc             ] GC(1994) Pause Young (Allocation Failure) 627M->335M(643M) 1.258ms
[719.397s][info][gc,cpu         ] GC(1994) User=0.00s Sys=0.00s Real=0.00s
[719.483s][info][gc,start       ] GC(1995) Pause Young (Allocation Failure)
[719.484s][info][gc,heap        ] GC(1995) PSYoungGen: 298560K(314368K)->64K(316928K) Eden: 298496K(298496K)->0K(302592K) From: 64K(15872K)->64K(14336K)
[719.484s][info][gc,heap        ] GC(1995) ParOldGen: 343892K(344064K)->343900K(344064K)
[719.484s][info][gc,metaspace   ] GC(1995) Metaspace: 35482K(36224K)->35482K(36224K) NonClass: 26272K(26816K)->26272K(26816K) Class: 9210K(9408K)->9210K(9408K)
[719.484s][info][gc             ] GC(1995) Pause Young (Allocation Failure) 627M->335M(645M) 1.179ms
[719.485s][info][gc,cpu         ] GC(1995) User=0.01s Sys=0.00s Real=0.00s
[719.636s][info][gc,start       ] GC(1996) Pause Young (Allocation Failure)
[719.637s][info][gc,heap        ] GC(1996) PSYoungGen: 302656K(316928K)->64K(316416K) Eden: 302592K(302592K)->0K(302592K) From: 64K(14336K)->64K(13824K)
[719.637s][info][gc,heap        ] GC(1996) ParOldGen: 343900K(344064K)->343908K(344064K)
[719.637s][info][gc,metaspace   ] GC(1996) Metaspace: 35482K(36224K)->35482K(36224K) NonClass: 26272K(26816K)->26272K(26816K) Class: 9210K(9408K)->9210K(9408K)
[719.637s][info][gc             ] GC(1996) Pause Young (Allocation Failure) 631M->335M(645M) 1.184ms
[719.637s][info][gc,cpu         ] GC(1996) User=0.01s Sys=0.00s Real=0.00s
[720.050s][info][gc,start       ] GC(1997) Pause Young (Allocation Failure)
[720.051s][info][gc,heap        ] GC(1997) PSYoungGen: 302656K(316416K)->64K(291328K) Eden: 302592K(302592K)->0K(290816K) From: 64K(13824K)->64K(512K)
[720.051s][info][gc,heap        ] GC(1997) ParOldGen: 343908K(344064K)->343916K(344064K)
[720.051s][info][gc,metaspace   ] GC(1997) Metaspace: 35482K(36224K)->35482K(36224K) NonClass: 26272K(26816K)->26272K(26816K) Class: 9210K(9408K)->9210K(9408K)
[720.051s][info][gc             ] GC(1997) Pause Young (Allocation Failure) 631M->335M(620M) 1.325ms
[720.051s][info][gc,cpu         ] GC(1997) User=0.00s Sys=0.00s Real=0.00s
[721.065s][info][gc,start       ] GC(1998) Pause Young (Allocation Failure)
[721.066s][info][gc,heap        ] GC(1998) PSYoungGen: 290880K(291328K)->64K(291840K) Eden: 290816K(290816K)->0K(279552K) From: 64K(512K)->64K(12288K)
[721.066s][info][gc,heap        ] GC(1998) ParOldGen: 343916K(344064K)->343924K(344064K)
[721.066s][info][gc,metaspace   ] GC(1998) Metaspace: 35482K(36224K)->35482K(36224K) NonClass: 26272K(26816K)->26272K(26816K) Class: 9210K(9408K)->9210K(9408K)
[721.066s][info][gc             ] GC(1998) Pause Young (Allocation Failure) 619M->335M(621M) 1.245ms
[721.066s][info][gc,cpu         ] GC(1998) User=0.00s Sys=0.00s Real=0.00s
[721.579s][info][gc,start       ] GC(1999) Pause Young (Allocation Failure)
[721.580s][info][gc,heap        ] GC(1999) PSYoungGen: 279616K(291840K)->64K(269312K) Eden: 279552K(279552K)->0K(268800K) From: 64K(12288K)->64K(512K)
[721.580s][info][gc,heap        ] GC(1999) ParOldGen: 343924K(344064K)->343932K(344064K)
[721.580s][info][gc,metaspace   ] GC(1999) Metaspace: 35482K(36224K)->35482K(36224K) NonClass: 26272K(26816K)->26272K(26816K) Class: 9210K(9408K)->9210K(9408K)
[721.580s][info][gc             ] GC(1999) Pause Young (Allocation Failure) 608M->335M(599M) 1.323ms
[721.580s][info][gc,cpu         ] GC(1999) User=0.00s Sys=0.00s Real=0.00s
[722.067s][info][gc,start       ] GC(2000) Pause Young (Allocation Failure)
[722.068s][info][gc,heap        ] GC(2000) PSYoungGen: 268864K(269312K)->64K(269312K) Eden: 268800K(268800K)->0K(258560K) From: 64K(512K)->64K(10752K)
[722.068s][info][gc,heap        ] GC(2000) ParOldGen: 343932K(344064K)->343940K(344064K)
[722.068s][info][gc,metaspace   ] GC(2000) Metaspace: 35482K(36224K)->35482K(36224K) NonClass: 26272K(26816K)->26272K(26816K) Class: 9210K(9408K)->9210K(9408K)
[722.068s][info][gc             ] GC(2000) Pause Young (Allocation Failure) 598M->335M(599M) 1.204ms
[722.068s][info][gc,cpu         ] GC(2000) User=0.00s Sys=0.00s Real=0.00s
[723.003s][info][gc,start       ] GC(2001) Pause Young (Allocation Failure)
[723.004s][info][gc,heap        ] GC(2001) PSYoungGen: 258624K(269312K)->64K(249344K) Eden: 258560K(258560K)->0K(248832K) From: 64K(10752K)->64K(512K)
[723.004s][info][gc,heap        ] GC(2001) ParOldGen: 343940K(344064K)->343948K(344064K)
[723.004s][info][gc,metaspace   ] GC(2001) Metaspace: 35482K(36224K)->35482K(36224K) NonClass: 26272K(26816K)->26272K(26816K) Class: 9210K(9408K)->9210K(9408K)
[723.004s][info][gc             ] GC(2001) Pause Young (Allocation Failure) 588M->335M(579M) 1.495ms
[723.004s][info][gc,cpu         ] GC(2001) User=0.00s Sys=0.00s Real=0.00s
[723.329s][info][gc,start       ] GC(2002) Pause Young (Allocation Failure)
[723.330s][info][gc,heap        ] GC(2002) PSYoungGen: 248896K(249344K)->64K(248832K) Eden: 248832K(248832K)->0K(239616K) From: 64K(512K)->64K(9216K)
[723.330s][info][gc,heap        ] GC(2002) ParOldGen: 343948K(344064K)->343956K(344064K)
[723.330s][info][gc,metaspace   ] GC(2002) Metaspace: 35482K(36224K)->35482K(36224K) NonClass: 26272K(26816K)->26272K(26816K) Class: 9210K(9408K)->9210K(9408K)
[723.330s][info][gc             ] GC(2002) Pause Young (Allocation Failure) 578M->335M(579M) 1.192ms
[723.330s][info][gc,cpu         ] GC(2002) User=0.00s Sys=0.00s Real=0.00s
[723.457s][info][gc,start       ] GC(2003) Pause Young (Allocation Failure)
[723.459s][info][gc,heap        ] GC(2003) PSYoungGen: 239680K(248832K)->64K(230912K) Eden: 239616K(239616K)->0K(230400K) From: 64K(9216K)->64K(512K)
[723.459s][info][gc,heap        ] GC(2003) ParOldGen: 343956K(344064K)->343964K(344064K)
[723.459s][info][gc,metaspace   ] GC(2003) Metaspace: 35482K(36224K)->35482K(36224K) NonClass: 26272K(26816K)->26272K(26816K) Class: 9210K(9408K)->9210K(9408K)
[723.459s][info][gc             ] GC(2003) Pause Young (Allocation Failure) 569M->335M(561M) 1.670ms
[723.459s][info][gc,cpu         ] GC(2003) User=0.00s Sys=0.00s Real=0.01s
[723.744s][info][gc,start       ] GC(2004) Pause Young (Allocation Failure)
[723.745s][info][gc,heap        ] GC(2004) PSYoungGen: 230464K(230912K)->64K(229888K) Eden: 230400K(230400K)->0K(221696K) From: 64K(512K)->64K(8192K)
[723.745s][info][gc,heap        ] GC(2004) ParOldGen: 343964K(344064K)->343972K(344064K)
[723.745s][info][gc,metaspace   ] GC(2004) Metaspace: 35482K(36224K)->35482K(36224K) NonClass: 26272K(26816K)->26272K(26816K) Class: 9210K(9408K)->9210K(9408K)
[723.745s][info][gc             ] GC(2004) Pause Young (Allocation Failure) 560M->335M(560M) 1.065ms
[723.745s][info][gc,cpu         ] GC(2004) User=0.00s Sys=0.00s Real=0.00s
[724.143s][info][gc,start       ] GC(2005) Pause Young (Allocation Failure)
[724.145s][info][gc,heap        ] GC(2005) PSYoungGen: 221760K(229888K)->64K(214016K) Eden: 221696K(221696K)->0K(213504K) From: 64K(8192K)->64K(512K)
[724.145s][info][gc,heap        ] GC(2005) ParOldGen: 343972K(344064K)->343980K(344064K)
[724.145s][info][gc,metaspace   ] GC(2005) Metaspace: 35482K(36224K)->35482K(36224K) NonClass: 26272K(26816K)->26272K(26816K) Class: 9210K(9408K)->9210K(9408K)
[724.145s][info][gc             ] GC(2005) Pause Young (Allocation Failure) 552M->335M(545M) 1.810ms
[724.145s][info][gc,cpu         ] GC(2005) User=0.00s Sys=0.00s Real=0.00s
[724.416s][info][gc,start       ] GC(2006) Pause Young (Allocation Failure)
[724.417s][info][gc,heap        ] GC(2006) PSYoungGen: 213568K(214016K)->64K(212992K) Eden: 213504K(213504K)->0K(205824K) From: 64K(512K)->64K(7168K)
[724.417s][info][gc,heap        ] GC(2006) ParOldGen: 343980K(344064K)->343988K(344064K)
[724.417s][info][gc,metaspace   ] GC(2006) Metaspace: 35482K(36224K)->35482K(36224K) NonClass: 26272K(26816K)->26272K(26816K) Class: 9210K(9408K)->9210K(9408K)
[724.417s][info][gc             ] GC(2006) Pause Young (Allocation Failure) 544M->335M(544M) 1.109ms
[724.417s][info][gc,cpu         ] GC(2006) User=0.00s Sys=0.00s Real=0.00s
[724.706s][info][gc,start       ] GC(2007) Pause Young (Allocation Failure)
[724.745s][info][gc,heap        ] GC(2007) PSYoungGen: 205888K(212992K)->6656K(252928K) Eden: 205824K(205824K)->0K(246272K) From: 64K(7168K)->6656K(6656K)
[724.745s][info][gc,heap        ] GC(2007) ParOldGen: 343988K(344064K)->358284K(358400K)
[724.745s][info][gc,metaspace   ] GC(2007) Metaspace: 35482K(36224K)->35482K(36224K) NonClass: 26272K(26816K)->26272K(26816K) Class: 9210K(9408K)->9210K(9408K)
[724.745s][info][gc             ] GC(2007) Pause Young (Allocation Failure) 536M->356M(597M) 39.497ms
[724.745s][info][gc,cpu         ] GC(2007) User=0.07s Sys=0.01s Real=0.04s
[725.069s][info][gc,start       ] GC(2008) Pause Young (Allocation Failure)
[725.124s][info][gc,heap        ] GC(2008) PSYoungGen: 252928K(252928K)->13312K(269824K) Eden: 246272K(246272K)->0K(256512K) From: 6656K(6656K)->13312K(13312K)
[725.124s][info][gc,heap        ] GC(2008) ParOldGen: 358284K(358400K)->373420K(373760K)
[725.124s][info][gc,metaspace   ] GC(2008) Metaspace: 35482K(36224K)->35482K(36224K) NonClass: 26272K(26816K)->26272K(26816K) Class: 9210K(9408K)->9210K(9408K)
[725.124s][info][gc             ] GC(2008) Pause Young (Allocation Failure) 596M->377M(628M) 55.503ms
[725.124s][info][gc,cpu         ] GC(2008) User=0.10s Sys=0.01s Real=0.05s
[725.315s][info][gc,start       ] GC(2009) Pause Young (Allocation Failure)
[725.346s][info][gc,heap        ] GC(2009) PSYoungGen: 269824K(269824K)->13664K(308736K) Eden: 256512K(256512K)->0K(286720K) From: 13312K(13312K)->13664K(22016K)
[725.346s][info][gc,heap        ] GC(2009) ParOldGen: 373420K(373760K)->373820K(374272K)
[725.346s][info][gc,metaspace   ] GC(2009) Metaspace: 35482K(36224K)->35482K(36224K) NonClass: 26272K(26816K)->26272K(26816K) Class: 9210K(9408K)->9210K(9408K)
[725.346s][info][gc             ] GC(2009) Pause Young (Allocation Failure) 628M->378M(667M) 31.089ms
[725.346s][info][gc,cpu         ] GC(2009) User=0.05s Sys=0.02s Real=0.03s
[725.697s][info][gc,start       ] GC(2010) Pause Young (Allocation Failure)
[725.699s][info][gc,heap        ] GC(2010) PSYoungGen: 300384K(308736K)->64K(310272K) Eden: 286720K(286720K)->0K(286720K) From: 13664K(22016K)->64K(23552K)
[725.699s][info][gc,heap        ] GC(2010) ParOldGen: 373820K(374272K)->373828K(374272K)
[725.699s][info][gc,metaspace   ] GC(2010) Metaspace: 35482K(36224K)->35482K(36224K) NonClass: 26272K(26816K)->26272K(26816K) Class: 9210K(9408K)->9210K(9408K)
[725.699s][info][gc             ] GC(2010) Pause Young (Allocation Failure) 658M->365M(668M) 1.382ms
[725.699s][info][gc,cpu         ] GC(2010) User=0.00s Sys=0.00s Real=0.01s
[726.300s][info][gc,start       ] GC(2011) Pause Young (Allocation Failure)
[726.301s][info][gc,heap        ] GC(2011) PSYoungGen: 286784K(310272K)->64K(307712K) Eden: 286720K(286720K)->0K(287232K) From: 64K(23552K)->64K(20480K)
[726.301s][info][gc,heap        ] GC(2011) ParOldGen: 373828K(374272K)->373836K(374272K)
[726.301s][info][gc,metaspace   ] GC(2011) Metaspace: 35482K(36224K)->35482K(36224K) NonClass: 26272K(26816K)->26272K(26816K) Class: 9210K(9408K)->9210K(9408K)
[726.301s][info][gc             ] GC(2011) Pause Young (Allocation Failure) 645M->365M(666M) 1.327ms
[726.301s][info][gc,cpu         ] GC(2011) User=0.00s Sys=0.00s Real=0.00s
[726.749s][info][gc,start       ] GC(2012) Pause Young (Allocation Failure)
[726.750s][info][gc,heap        ] GC(2012) PSYoungGen: 287296K(307712K)->64K(309248K) Eden: 287232K(287232K)->0K(287232K) From: 64K(20480K)->64K(22016K)
[726.750s][info][gc,heap        ] GC(2012) ParOldGen: 373836K(374272K)->373852K(374272K)
[726.750s][info][gc,metaspace   ] GC(2012) Metaspace: 35482K(36224K)->35482K(36224K) NonClass: 26272K(26816K)->26272K(26816K) Class: 9210K(9408K)->9210K(9408K)
[726.750s][info][gc             ] GC(2012) Pause Young (Allocation Failure) 645M->365M(667M) 1.220ms
[726.750s][info][gc,cpu         ] GC(2012) User=0.00s Sys=0.00s Real=0.00s
[726.984s][info][gc,start       ] GC(2013) Pause Young (Allocation Failure)
[726.985s][info][gc,heap        ] GC(2013) PSYoungGen: 287296K(309248K)->64K(310272K) Eden: 287232K(287232K)->0K(290816K) From: 64K(22016K)->64K(19456K)
[726.985s][info][gc,heap        ] GC(2013) ParOldGen: 373852K(374272K)->373868K(374272K)
[726.985s][info][gc,metaspace   ] GC(2013) Metaspace: 35482K(36224K)->35482K(36224K) NonClass: 26272K(26816K)->26272K(26816K) Class: 9210K(9408K)->9210K(9408K)
[726.985s][info][gc             ] GC(2013) Pause Young (Allocation Failure) 645M->365M(668M) 1.198ms
[726.985s][info][gc,cpu         ] GC(2013) User=0.00s Sys=0.00s Real=0.00s
[727.226s][info][gc,start       ] GC(2014) Pause Young (Allocation Failure)
[727.227s][info][gc,heap        ] GC(2014) PSYoungGen: 290880K(310272K)->64K(311296K) Eden: 290816K(290816K)->0K(290816K) From: 64K(19456K)->64K(20480K)
[727.227s][info][gc,heap        ] GC(2014) ParOldGen: 373868K(374272K)->373868K(374272K)
[727.227s][info][gc,metaspace   ] GC(2014) Metaspace: 35482K(36224K)->35482K(36224K) NonClass: 26272K(26816K)->26272K(26816K) Class: 9210K(9408K)->9210K(9408K)
[727.227s][info][gc             ] GC(2014) Pause Young (Allocation Failure) 649M->365M(669M) 1.324ms
[727.227s][info][gc,cpu         ] GC(2014) User=0.00s Sys=0.00s Real=0.00s
[727.521s][info][gc,start       ] GC(2015) Pause Young (Allocation Failure)
[727.522s][info][gc,heap        ] GC(2015) PSYoungGen: 290880K(311296K)->64K(311296K) Eden: 290816K(290816K)->0K(293888K) From: 64K(20480K)->64K(17408K)
[727.522s][info][gc,heap        ] GC(2015) ParOldGen: 373868K(374272K)->373868K(374272K)
[727.522s][info][gc,metaspace   ] GC(2015) Metaspace: 35482K(36224K)->35482K(36224K) NonClass: 26272K(26816K)->26272K(26816K) Class: 9210K(9408K)->9210K(9408K)
[727.522s][info][gc             ] GC(2015) Pause Young (Allocation Failure) 649M->365M(669M) 1.244ms
[727.522s][info][gc,cpu         ] GC(2015) User=0.01s Sys=0.00s Real=0.00s
[727.575s][info][gc,start       ] GC(2016) Pause Young (Allocation Failure)
[727.576s][info][gc,heap        ] GC(2016) PSYoungGen: 293952K(311296K)->64K(312320K) Eden: 293888K(293888K)->0K(293888K) From: 64K(17408K)->64K(18432K)
[727.576s][info][gc,heap        ] GC(2016) ParOldGen: 373868K(374272K)->373884K(374272K)
[727.576s][info][gc,metaspace   ] GC(2016) Metaspace: 35482K(36224K)->35482K(36224K) NonClass: 26272K(26816K)->26272K(26816K) Class: 9210K(9408K)->9210K(9408K)
[727.576s][info][gc             ] GC(2016) Pause Young (Allocation Failure) 652M->365M(670M) 1.259ms
[727.576s][info][gc,cpu         ] GC(2016) User=0.00s Sys=0.00s Real=0.00s
[727.669s][info][gc,start       ] GC(2017) Pause Young (Allocation Failure)
[727.670s][info][gc,heap        ] GC(2017) PSYoungGen: 293952K(312320K)->64K(313344K) Eden: 293888K(293888K)->0K(297984K) From: 64K(18432K)->64K(15360K)
[727.670s][info][gc,heap        ] GC(2017) ParOldGen: 373884K(374272K)->373884K(374272K)
[727.670s][info][gc,metaspace   ] GC(2017) Metaspace: 35482K(36224K)->35482K(36224K) NonClass: 26272K(26816K)->26272K(26816K) Class: 9210K(9408K)->9210K(9408K)
[727.670s][info][gc             ] GC(2017) Pause Young (Allocation Failure) 652M->365M(671M) 1.204ms
[727.670s][info][gc,cpu         ] GC(2017) User=0.00s Sys=0.00s Real=0.00s
[727.989s][info][gc,start       ] GC(2018) Pause Young (Allocation Failure)
[727.990s][info][gc,heap        ] GC(2018) PSYoungGen: 298048K(313344K)->64K(314368K) Eden: 297984K(297984K)->0K(297984K) From: 64K(15360K)->64K(16384K)
[727.990s][info][gc,heap        ] GC(2018) ParOldGen: 373884K(374272K)->373900K(374272K)
[727.990s][info][gc,metaspace   ] GC(2018) Metaspace: 35482K(36224K)->35482K(36224K) NonClass: 26272K(26816K)->26272K(26816K) Class: 9210K(9408K)->9210K(9408K)
[727.990s][info][gc             ] GC(2018) Pause Young (Allocation Failure) 656M->365M(672M) 1.330ms
[727.990s][info][gc,cpu         ] GC(2018) User=0.00s Sys=0.00s Real=0.00s
[728.201s][info][gc,start       ] GC(2019) Pause Young (Allocation Failure)
[728.202s][info][gc,heap        ] GC(2019) PSYoungGen: 298048K(314368K)->64K(316416K) Eden: 297984K(297984K)->0K(302080K) From: 64K(16384K)->64K(14336K)
[728.202s][info][gc,heap        ] GC(2019) ParOldGen: 373900K(374272K)->373900K(374272K)
[728.202s][info][gc,metaspace   ] GC(2019) Metaspace: 35482K(36224K)->35482K(36224K) NonClass: 26272K(26816K)->26272K(26816K) Class: 9210K(9408K)->9210K(9408K)
[728.202s][info][gc             ] GC(2019) Pause Young (Allocation Failure) 656M->365M(674M) 1.282ms
[728.202s][info][gc,cpu         ] GC(2019) User=0.00s Sys=0.00s Real=0.00s
[728.288s][info][gc,start       ] GC(2020) Pause Young (Allocation Failure)
[728.290s][info][gc,heap        ] GC(2020) PSYoungGen: 302144K(316416K)->64K(316928K) Eden: 302080K(302080K)->0K(302080K) From: 64K(14336K)->64K(14848K)
[728.290s][info][gc,heap        ] GC(2020) ParOldGen: 373900K(374272K)->373916K(374272K)
[728.290s][info][gc,metaspace   ] GC(2020) Metaspace: 35482K(36224K)->35482K(36224K) NonClass: 26272K(26816K)->26272K(26816K) Class: 9210K(9408K)->9210K(9408K)
[728.290s][info][gc             ] GC(2020) Pause Young (Allocation Failure) 660M->365M(675M) 1.349ms
[728.290s][info][gc,cpu         ] GC(2020) User=0.00s Sys=0.00s Real=0.01s
[728.458s][info][gc,start       ] GC(2021) Pause Young (Allocation Failure)
[728.459s][info][gc,heap        ] GC(2021) PSYoungGen: 302144K(316928K)->64K(317440K) Eden: 302080K(302080K)->0K(305152K) From: 64K(14848K)->64K(12288K)
[728.459s][info][gc,heap        ] GC(2021) ParOldGen: 373916K(374272K)->373916K(374272K)
[728.459s][info][gc,metaspace   ] GC(2021) Metaspace: 35482K(36224K)->35482K(36224K) NonClass: 26272K(26816K)->26272K(26816K) Class: 9210K(9408K)->9210K(9408K)
[728.459s][info][gc             ] GC(2021) Pause Young (Allocation Failure) 660M->365M(675M) 1.249ms
[728.459s][info][gc,cpu         ] GC(2021) User=0.00s Sys=0.00s Real=0.01s
[729.374s][info][gc,start       ] GC(2022) Pause Young (Allocation Failure)
[729.376s][info][gc,heap        ] GC(2022) PSYoungGen: 305216K(317440K)->64K(293376K) Eden: 305152K(305152K)->0K(292864K) From: 64K(12288K)->64K(512K)
[729.376s][info][gc,heap        ] GC(2022) ParOldGen: 373916K(374272K)->373924K(374272K)
[729.376s][info][gc,metaspace   ] GC(2022) Metaspace: 35482K(36224K)->35482K(36224K) NonClass: 26272K(26816K)->26272K(26816K) Class: 9210K(9408K)->9210K(9408K)
[729.376s][info][gc             ] GC(2022) Pause Young (Allocation Failure) 663M->365M(652M) 1.744ms
[729.376s][info][gc,cpu         ] GC(2022) User=0.00s Sys=0.00s Real=0.00s
[730.191s][info][gc,start       ] GC(2023) Pause Young (Allocation Failure)
[730.193s][info][gc,heap        ] GC(2023) PSYoungGen: 292928K(293376K)->64K(281600K) Eden: 292864K(292864K)->0K(281088K) From: 64K(512K)->64K(512K)
[730.193s][info][gc,heap        ] GC(2023) ParOldGen: 373924K(374272K)->373932K(374272K)
[730.193s][info][gc,metaspace   ] GC(2023) Metaspace: 35482K(36224K)->35482K(36224K) NonClass: 26272K(26816K)->26272K(26816K) Class: 9210K(9408K)->9210K(9408K)
[730.193s][info][gc             ] GC(2023) Pause Young (Allocation Failure) 651M->365M(640M) 1.890ms
[730.193s][info][gc,cpu         ] GC(2023) User=0.00s Sys=0.00s Real=0.00s
[730.503s][info][gc,start       ] GC(2024) Pause Young (Allocation Failure)
[730.505s][info][gc,heap        ] GC(2024) PSYoungGen: 281152K(281600K)->64K(281600K) Eden: 281088K(281088K)->0K(270336K) From: 64K(512K)->64K(11264K)
[730.505s][info][gc,heap        ] GC(2024) ParOldGen: 373932K(374272K)->373940K(374272K)
[730.505s][info][gc,metaspace   ] GC(2024) Metaspace: 35482K(36224K)->35482K(36224K) NonClass: 26272K(26816K)->26272K(26816K) Class: 9210K(9408K)->9210K(9408K)
[730.505s][info][gc             ] GC(2024) Pause Young (Allocation Failure) 639M->365M(640M) 1.325ms
[730.505s][info][gc,cpu         ] GC(2024) User=0.00s Sys=0.00s Real=0.00s
[730.970s][info][gc,start       ] GC(2025) Pause Young (Allocation Failure)
[730.972s][info][gc,heap        ] GC(2025) PSYoungGen: 270400K(281600K)->64K(260608K) Eden: 270336K(270336K)->0K(260096K) From: 64K(11264K)->64K(512K)
[730.972s][info][gc,heap        ] GC(2025) ParOldGen: 373940K(374272K)->373948K(374272K)
[730.972s][info][gc,metaspace   ] GC(2025) Metaspace: 35482K(36224K)->35482K(36224K) NonClass: 26272K(26816K)->26272K(26816K) Class: 9210K(9408K)->9210K(9408K)
[730.972s][info][gc             ] GC(2025) Pause Young (Allocation Failure) 629M->365M(620M) 1.929ms
[730.972s][info][gc,cpu         ] GC(2025) User=0.00s Sys=0.00s Real=0.00s
[731.852s][info][gc,start       ] GC(2026) Pause Young (Allocation Failure)
[731.853s][info][gc,heap        ] GC(2026) PSYoungGen: 260160K(260608K)->64K(260608K) Eden: 260096K(260096K)->0K(250368K) From: 64K(512K)->64K(10240K)
[731.853s][info][gc,heap        ] GC(2026) ParOldGen: 373948K(374272K)->373956K(374272K)
[731.853s][info][gc,metaspace   ] GC(2026) Metaspace: 35482K(36224K)->35482K(36224K) NonClass: 26272K(26816K)->26272K(26816K) Class: 9210K(9408K)->9210K(9408K)
[731.853s][info][gc             ] GC(2026) Pause Young (Allocation Failure) 619M->365M(620M) 1.319ms
[731.853s][info][gc,cpu         ] GC(2026) User=0.00s Sys=0.00s Real=0.00s
[732.218s][info][gc,start       ] GC(2027) Pause Young (Allocation Failure)
[732.220s][info][gc,heap        ] GC(2027) PSYoungGen: 250432K(260608K)->64K(241152K) Eden: 250368K(250368K)->0K(240640K) From: 64K(10240K)->64K(512K)
[732.220s][info][gc,heap        ] GC(2027) ParOldGen: 373956K(374272K)->373964K(374272K)
[732.220s][info][gc,metaspace   ] GC(2027) Metaspace: 35482K(36224K)->35482K(36224K) NonClass: 26272K(26816K)->26272K(26816K) Class: 9210K(9408K)->9210K(9408K)
[732.220s][info][gc             ] GC(2027) Pause Young (Allocation Failure) 609M->365M(601M) 1.864ms
[732.220s][info][gc,cpu         ] GC(2027) User=0.00s Sys=0.00s Real=0.01s
[732.277s][info][gc,start       ] GC(2028) Pause Young (Allocation Failure)
[732.278s][info][gc,heap        ] GC(2028) PSYoungGen: 240704K(241152K)->64K(240128K) Eden: 240640K(240640K)->0K(231424K) From: 64K(512K)->64K(8704K)
[732.278s][info][gc,heap        ] GC(2028) ParOldGen: 373964K(374272K)->373980K(374272K)
[732.278s][info][gc,metaspace   ] GC(2028) Metaspace: 35482K(36224K)->35482K(36224K) NonClass: 26272K(26816K)->26272K(26816K) Class: 9210K(9408K)->9210K(9408K)
[732.278s][info][gc             ] GC(2028) Pause Young (Allocation Failure) 600M->365M(600M) 1.103ms
[732.278s][info][gc,cpu         ] GC(2028) User=0.00s Sys=0.00s Real=0.00s
[732.733s][info][gc,start       ] GC(2029) Pause Young (Allocation Failure)
[732.735s][info][gc,heap        ] GC(2029) PSYoungGen: 231488K(240128K)->64K(223232K) Eden: 231424K(231424K)->0K(222720K) From: 64K(8704K)->64K(512K)
[732.735s][info][gc,heap        ] GC(2029) ParOldGen: 373980K(374272K)->373980K(374272K)
[732.735s][info][gc,metaspace   ] GC(2029) Metaspace: 35482K(36224K)->35482K(36224K) NonClass: 26272K(26816K)->26272K(26816K) Class: 9210K(9408K)->9210K(9408K)
[732.735s][info][gc             ] GC(2029) Pause Young (Allocation Failure) 591M->365M(583M) 1.779ms
[732.735s][info][gc,cpu         ] GC(2029) User=0.01s Sys=0.01s Real=0.00s
[732.989s][info][gc,start       ] GC(2030) Pause Young (Allocation Failure)
[732.990s][info][gc,heap        ] GC(2030) PSYoungGen: 222784K(223232K)->64K(222208K) Eden: 222720K(222720K)->0K(214528K) From: 64K(512K)->64K(7680K)
[732.990s][info][gc,heap        ] GC(2030) ParOldGen: 373980K(374272K)->373988K(374272K)
[732.990s][info][gc,metaspace   ] GC(2030) Metaspace: 35482K(36224K)->35482K(36224K) NonClass: 26272K(26816K)->26272K(26816K) Class: 9210K(9408K)->9210K(9408K)
[732.990s][info][gc             ] GC(2030) Pause Young (Allocation Failure) 582M->365M(582M) 1.088ms
[732.990s][info][gc,cpu         ] GC(2030) User=0.00s Sys=0.00s Real=0.00s
[733.334s][info][gc,start       ] GC(2031) Pause Young (Allocation Failure)
[733.343s][info][gc,heap        ] GC(2031) PSYoungGen: 214592K(222208K)->5760K(260096K) Eden: 214528K(214528K)->0K(253952K) From: 64K(7680K)->5760K(6144K)
[733.343s][info][gc,heap        ] GC(2031) ParOldGen: 373988K(374272K)->373996K(374272K)
[733.343s][info][gc,metaspace   ] GC(2031) Metaspace: 35482K(36224K)->35482K(36224K) NonClass: 26272K(26816K)->26272K(26816K) Class: 9210K(9408K)->9210K(9408K)
[733.343s][info][gc             ] GC(2031) Pause Young (Allocation Failure) 574M->370M(619M) 8.922ms
[733.343s][info][gc,cpu         ] GC(2031) User=0.02s Sys=0.00s Real=0.01s
[733.673s][info][gc,start       ] GC(2032) Pause Young (Allocation Failure)
[733.729s][info][gc,heap        ] GC(2032) PSYoungGen: 259712K(260096K)->8192K(271360K) Eden: 253952K(253952K)->0K(263168K) From: 5760K(6144K)->8192K(8192K)
[733.729s][info][gc,heap        ] GC(2032) ParOldGen: 373996K(374272K)->394756K(395264K)
[733.729s][info][gc,metaspace   ] GC(2032) Metaspace: 35482K(36224K)->35482K(36224K) NonClass: 26272K(26816K)->26272K(26816K) Class: 9210K(9408K)->9210K(9408K)
[733.729s][info][gc             ] GC(2032) Pause Young (Allocation Failure) 618M->393M(651M) 55.343ms
[733.729s][info][gc,cpu         ] GC(2032) User=0.10s Sys=0.01s Real=0.06s
[734.054s][info][gc,start       ] GC(2033) Pause Young (Allocation Failure)
[734.116s][info][gc,heap        ] GC(2033) PSYoungGen: 271360K(271360K)->17920K(300544K) Eden: 263168K(263168K)->0K(282624K) From: 8192K(8192K)->17920K(17920K)
[734.116s][info][gc,heap        ] GC(2033) ParOldGen: 394756K(395264K)->405364K(405504K)
[734.116s][info][gc,metaspace   ] GC(2033) Metaspace: 35482K(36224K)->35482K(36224K) NonClass: 26272K(26816K)->26272K(26816K) Class: 9210K(9408K)->9210K(9408K)
[734.116s][info][gc             ] GC(2033) Pause Young (Allocation Failure) 650M->413M(689M) 61.968ms
[734.116s][info][gc,cpu         ] GC(2033) User=0.10s Sys=0.02s Real=0.06s
[734.217s][info][gc,start       ] GC(2034) Pause Young (Allocation Failure)
[734.222s][info][gc,heap        ] GC(2034) PSYoungGen: 300544K(300544K)->64K(308224K) Eden: 282624K(282624K)->0K(282624K) From: 17920K(17920K)->64K(25600K)
[734.222s][info][gc,heap        ] GC(2034) ParOldGen: 405364K(405504K)->405644K(406016K)
[734.222s][info][gc,metaspace   ] GC(2034) Metaspace: 35483K(36224K)->35483K(36224K) NonClass: 26273K(26816K)->26273K(26816K) Class: 9210K(9408K)->9210K(9408K)
[734.222s][info][gc             ] GC(2034) Pause Young (Allocation Failure) 689M->396M(697M) 4.314ms
[734.222s][info][gc,cpu         ] GC(2034) User=0.00s Sys=0.00s Real=0.01s
[734.890s][info][gc,start       ] GC(2035) Pause Young (Allocation Failure)
[734.891s][info][gc,heap        ] GC(2035) PSYoungGen: 282688K(308224K)->64K(306176K) Eden: 282624K(282624K)->0K(283648K) From: 64K(25600K)->64K(22528K)
[734.891s][info][gc,heap        ] GC(2035) ParOldGen: 405644K(406016K)->405652K(406016K)
[734.891s][info][gc,metaspace   ] GC(2035) Metaspace: 35483K(36224K)->35483K(36224K) NonClass: 26273K(26816K)->26273K(26816K) Class: 9210K(9408K)->9210K(9408K)
[734.891s][info][gc             ] GC(2035) Pause Young (Allocation Failure) 672M->396M(695M) 1.565ms
[734.891s][info][gc,cpu         ] GC(2035) User=0.00s Sys=0.00s Real=0.00s
[735.277s][info][gc,start       ] GC(2036) Pause Young (Allocation Failure)
[735.279s][info][gc,heap        ] GC(2036) PSYoungGen: 283712K(306176K)->128K(307712K) Eden: 283648K(283648K)->0K(283648K) From: 64K(22528K)->128K(24064K)
[735.279s][info][gc,heap        ] GC(2036) ParOldGen: 405652K(406016K)->405668K(406016K)
[735.279s][info][gc,metaspace   ] GC(2036) Metaspace: 35634K(36352K)->35634K(36352K) NonClass: 26423K(26944K)->26423K(26944K) Class: 9210K(9408K)->9210K(9408K)
[735.279s][info][gc             ] GC(2036) Pause Young (Allocation Failure) 673M->396M(697M) 1.949ms
[735.279s][info][gc,cpu         ] GC(2036) User=0.00s Sys=0.00s Real=0.01s
[735.713s][info][gc,start       ] GC(2037) Pause Young (Allocation Failure)
[735.714s][info][gc,heap        ] GC(2037) PSYoungGen: 283776K(307712K)->64K(307200K) Eden: 283648K(283648K)->0K(286720K) From: 128K(24064K)->64K(20480K)
[735.714s][info][gc,heap        ] GC(2037) ParOldGen: 405668K(406016K)->405756K(406016K)
[735.714s][info][gc,metaspace   ] GC(2037) Metaspace: 35634K(36352K)->35634K(36352K) NonClass: 26423K(26944K)->26423K(26944K) Class: 9210K(9408K)->9210K(9408K)
[735.715s][info][gc             ] GC(2037) Pause Young (Allocation Failure) 673M->396M(696M) 1.545ms
[735.715s][info][gc,cpu         ] GC(2037) User=0.00s Sys=0.00s Real=0.00s
[735.951s][info][gc,start       ] GC(2038) Pause Young (Allocation Failure)
[735.952s][info][gc,heap        ] GC(2038) PSYoungGen: 286784K(307200K)->64K(308736K) Eden: 286720K(286720K)->0K(286720K) From: 64K(20480K)->64K(22016K)
[735.952s][info][gc,heap        ] GC(2038) ParOldGen: 405756K(406016K)->405772K(406016K)
[735.952s][info][gc,metaspace   ] GC(2038) Metaspace: 35634K(36352K)->35634K(36352K) NonClass: 26423K(26944K)->26423K(26944K) Class: 9210K(9408K)->9210K(9408K)
[735.952s][info][gc             ] GC(2038) Pause Young (Allocation Failure) 676M->396M(698M) 1.417ms
[735.952s][info][gc,cpu         ] GC(2038) User=0.01s Sys=0.00s Real=0.00s
[736.303s][info][gc,start       ] GC(2039) Pause Young (Allocation Failure)
[736.304s][info][gc,heap        ] GC(2039) PSYoungGen: 286784K(308736K)->64K(309248K) Eden: 286720K(286720K)->0K(290816K) From: 64K(22016K)->64K(18432K)
[736.304s][info][gc,heap        ] GC(2039) ParOldGen: 405772K(406016K)->405772K(406016K)
[736.304s][info][gc,metaspace   ] GC(2039) Metaspace: 35634K(36352K)->35634K(36352K) NonClass: 26423K(26944K)->26423K(26944K) Class: 9210K(9408K)->9210K(9408K)
[736.304s][info][gc             ] GC(2039) Pause Young (Allocation Failure) 676M->396M(698M) 1.278ms
[736.304s][info][gc,cpu         ] GC(2039) User=0.00s Sys=0.00s Real=0.00s
[736.402s][info][gc,start       ] GC(2040) Pause Young (Allocation Failure)
[736.403s][info][gc,heap        ] GC(2040) PSYoungGen: 290880K(309248K)->64K(310784K) Eden: 290816K(290816K)->0K(290816K) From: 64K(18432K)->64K(19968K)
[736.403s][info][gc,heap        ] GC(2040) ParOldGen: 405772K(406016K)->405780K(406016K)
[736.403s][info][gc,metaspace   ] GC(2040) Metaspace: 35634K(36352K)->35634K(36352K) NonClass: 26423K(26944K)->26423K(26944K) Class: 9210K(9408K)->9210K(9408K)
[736.403s][info][gc             ] GC(2040) Pause Young (Allocation Failure) 680M->396M(700M) 1.321ms
[736.403s][info][gc,cpu         ] GC(2040) User=0.00s Sys=0.00s Real=0.00s
[736.453s][info][gc,start       ] GC(2041) Pause Young (Allocation Failure)
[736.454s][info][gc,heap        ] GC(2041) PSYoungGen: 290880K(310784K)->64K(311296K) Eden: 290816K(290816K)->0K(294912K) From: 64K(19968K)->64K(16384K)
[736.454s][info][gc,heap        ] GC(2041) ParOldGen: 405780K(406016K)->405796K(406016K)
[736.454s][info][gc,metaspace   ] GC(2041) Metaspace: 35634K(36352K)->35634K(36352K) NonClass: 26423K(26944K)->26423K(26944K) Class: 9210K(9408K)->9210K(9408K)
[736.454s][info][gc             ] GC(2041) Pause Young (Allocation Failure) 680M->396M(700M) 1.278ms
[736.454s][info][gc,cpu         ] GC(2041) User=0.01s Sys=0.00s Real=0.00s
[736.660s][info][gc,start       ] GC(2042) Pause Young (Allocation Failure)
[736.662s][info][gc,heap        ] GC(2042) PSYoungGen: 294976K(311296K)->64K(312832K) Eden: 294912K(294912K)->0K(294912K) From: 64K(16384K)->64K(17920K)
[736.662s][info][gc,heap        ] GC(2042) ParOldGen: 405796K(406016K)->405796K(406016K)
[736.662s][info][gc,metaspace   ] GC(2042) Metaspace: 35634K(36352K)->35634K(36352K) NonClass: 26423K(26944K)->26423K(26944K) Class: 9210K(9408K)->9210K(9408K)
[736.662s][info][gc             ] GC(2042) Pause Young (Allocation Failure) 684M->396M(702M) 1.378ms
[736.662s][info][gc,cpu         ] GC(2042) User=0.00s Sys=0.00s Real=0.00s
[736.949s][info][gc,start       ] GC(2043) Pause Young (Allocation Failure)
[736.950s][info][gc,heap        ] GC(2043) PSYoungGen: 294976K(312832K)->64K(313344K) Eden: 294912K(294912K)->0K(299008K) From: 64K(17920K)->64K(14336K)
[736.950s][info][gc,heap        ] GC(2043) ParOldGen: 405796K(406016K)->405804K(406016K)
[736.950s][info][gc,metaspace   ] GC(2043) Metaspace: 35634K(36352K)->35634K(36352K) NonClass: 26423K(26944K)->26423K(26944K) Class: 9210K(9408K)->9210K(9408K)
[736.950s][info][gc             ] GC(2043) Pause Young (Allocation Failure) 684M->396M(702M) 1.242ms
[736.950s][info][gc,cpu         ] GC(2043) User=0.00s Sys=0.00s Real=0.00s
[737.093s][info][gc,start       ] GC(2044) Pause Young (Allocation Failure)
[737.095s][info][gc,heap        ] GC(2044) PSYoungGen: 299072K(313344K)->64K(314880K) Eden: 299008K(299008K)->0K(299008K) From: 64K(14336K)->64K(15872K)
[737.095s][info][gc,heap        ] GC(2044) ParOldGen: 405804K(406016K)->405812K(406016K)
[737.095s][info][gc,metaspace   ] GC(2044) Metaspace: 35634K(36352K)->35634K(36352K) NonClass: 26423K(26944K)->26423K(26944K) Class: 9210K(9408K)->9210K(9408K)
[737.095s][info][gc             ] GC(2044) Pause Young (Allocation Failure) 688M->396M(704M) 1.442ms
[737.095s][info][gc,cpu         ] GC(2044) User=0.00s Sys=0.00s Real=0.00s
[737.198s][info][gc,start       ] GC(2045) Pause Young (Allocation Failure)
[737.199s][info][gc,heap        ] GC(2045) PSYoungGen: 299072K(314880K)->64K(315392K) Eden: 299008K(299008K)->0K(303104K) From: 64K(15872K)->64K(12288K)
[737.199s][info][gc,heap        ] GC(2045) ParOldGen: 405812K(406016K)->405820K(406016K)
[737.199s][info][gc,metaspace   ] GC(2045) Metaspace: 35634K(36352K)->35634K(36352K) NonClass: 26423K(26944K)->26423K(26944K) Class: 9210K(9408K)->9210K(9408K)
[737.199s][info][gc             ] GC(2045) Pause Young (Allocation Failure) 688M->396M(704M) 1.261ms
[737.199s][info][gc,cpu         ] GC(2045) User=0.01s Sys=0.00s Real=0.01s
[737.431s][info][gc,start       ] GC(2046) Pause Young (Allocation Failure)
[737.432s][info][gc,heap        ] GC(2046) PSYoungGen: 303168K(315392K)->64K(316928K) Eden: 303104K(303104K)->0K(303104K) From: 64K(12288K)->64K(13824K)
[737.432s][info][gc,heap        ] GC(2046) ParOldGen: 405820K(406016K)->405828K(406016K)
[737.432s][info][gc,metaspace   ] GC(2046) Metaspace: 35634K(36352K)->35634K(36352K) NonClass: 26423K(26944K)->26423K(26944K) Class: 9210K(9408K)->9210K(9408K)
[737.432s][info][gc             ] GC(2046) Pause Young (Allocation Failure) 692M->396M(706M) 1.349ms
[737.432s][info][gc,cpu         ] GC(2046) User=0.01s Sys=0.00s Real=0.00s
[738.255s][info][gc,start       ] GC(2047) Pause Young (Allocation Failure)
[738.257s][info][gc,heap        ] GC(2047) PSYoungGen: 303168K(316928K)->64K(291328K) Eden: 303104K(303104K)->0K(290816K) From: 64K(13824K)->64K(512K)
[738.257s][info][gc,heap        ] GC(2047) ParOldGen: 405828K(406016K)->405836K(406016K)
[738.257s][info][gc,metaspace   ] GC(2047) Metaspace: 35634K(36352K)->35634K(36352K) NonClass: 26423K(26944K)->26423K(26944K) Class: 9210K(9408K)->9210K(9408K)
[738.257s][info][gc             ] GC(2047) Pause Young (Allocation Failure) 692M->396M(681M) 2.028ms
[738.257s][info][gc,cpu         ] GC(2047) User=0.00s Sys=0.00s Real=0.00s
[739.134s][info][gc,start       ] GC(2048) Pause Young (Allocation Failure)
[739.135s][info][gc,heap        ] GC(2048) PSYoungGen: 290880K(291328K)->64K(291840K) Eden: 290816K(290816K)->0K(279552K) From: 64K(512K)->64K(12288K)
[739.135s][info][gc,heap        ] GC(2048) ParOldGen: 405836K(406016K)->405844K(406016K)
[739.135s][info][gc,metaspace   ] GC(2048) Metaspace: 35634K(36352K)->35634K(36352K) NonClass: 26423K(26944K)->26423K(26944K) Class: 9210K(9408K)->9210K(9408K)
[739.135s][info][gc             ] GC(2048) Pause Young (Allocation Failure) 680M->396M(681M) 1.218ms
[739.135s][info][gc,cpu         ] GC(2048) User=0.00s Sys=0.00s Real=0.00s
[739.568s][info][gc,start       ] GC(2049) Pause Young (Allocation Failure)
[739.570s][info][gc,heap        ] GC(2049) PSYoungGen: 279616K(291840K)->64K(269312K) Eden: 279552K(279552K)->0K(268800K) From: 64K(12288K)->64K(512K)
[739.570s][info][gc,heap        ] GC(2049) ParOldGen: 405844K(406016K)->405852K(406016K)
[739.570s][info][gc,metaspace   ] GC(2049) Metaspace: 35634K(36352K)->35634K(36352K) NonClass: 26423K(26944K)->26423K(26944K) Class: 9210K(9408K)->9210K(9408K)
[739.570s][info][gc             ] GC(2049) Pause Young (Allocation Failure) 669M->396M(659M) 1.655ms
[739.570s][info][gc,cpu         ] GC(2049) User=0.00s Sys=0.00s Real=0.01s
[740.533s][info][gc,start       ] GC(2050) Pause Young (Allocation Failure)
[740.534s][info][gc,heap        ] GC(2050) PSYoungGen: 268864K(269312K)->64K(269312K) Eden: 268800K(268800K)->0K(258560K) From: 64K(512K)->64K(10752K)
[740.534s][info][gc,heap        ] GC(2050) ParOldGen: 405852K(406016K)->405860K(406016K)
[740.534s][info][gc,metaspace   ] GC(2050) Metaspace: 35634K(36352K)->35634K(36352K) NonClass: 26423K(26944K)->26423K(26944K) Class: 9210K(9408K)->9210K(9408K)
[740.534s][info][gc             ] GC(2050) Pause Young (Allocation Failure) 658M->396M(659M) 1.304ms
[740.534s][info][gc,cpu         ] GC(2050) User=0.00s Sys=0.00s Real=0.00s
[740.918s][info][gc,start       ] GC(2051) Pause Young (Allocation Failure)
[740.920s][info][gc,heap        ] GC(2051) PSYoungGen: 258624K(269312K)->64K(249344K) Eden: 258560K(258560K)->0K(248832K) From: 64K(10752K)->64K(512K)
[740.920s][info][gc,heap        ] GC(2051) ParOldGen: 405860K(406016K)->405868K(406016K)
[740.920s][info][gc,metaspace   ] GC(2051) Metaspace: 35634K(36352K)->35634K(36352K) NonClass: 26423K(26944K)->26423K(26944K) Class: 9210K(9408K)->9210K(9408K)
[740.920s][info][gc             ] GC(2051) Pause Young (Allocation Failure) 648M->396M(640M) 1.487ms
[740.920s][info][gc,cpu         ] GC(2051) User=0.00s Sys=0.00s Real=0.01s
[741.080s][info][gc,start       ] GC(2052) Pause Young (Allocation Failure)
[741.081s][info][gc,heap        ] GC(2052) PSYoungGen: 248896K(249344K)->64K(248832K) Eden: 248832K(248832K)->0K(239616K) From: 64K(512K)->64K(9216K)
[741.081s][info][gc,heap        ] GC(2052) ParOldGen: 405868K(406016K)->405876K(406016K)
[741.081s][info][gc,metaspace   ] GC(2052) Metaspace: 35634K(36352K)->35634K(36352K) NonClass: 26423K(26944K)->26423K(26944K) Class: 9210K(9408K)->9210K(9408K)
[741.081s][info][gc             ] GC(2052) Pause Young (Allocation Failure) 639M->396M(639M) 1.224ms
[741.081s][info][gc,cpu         ] GC(2052) User=0.01s Sys=0.00s Real=0.00s
[741.249s][info][gc,start       ] GC(2053) Pause Young (Allocation Failure)
[741.250s][info][gc,heap        ] GC(2053) PSYoungGen: 239680K(248832K)->64K(230912K) Eden: 239616K(239616K)->0K(230400K) From: 64K(9216K)->64K(512K)
[741.251s][info][gc,heap        ] GC(2053) ParOldGen: 405876K(406016K)->405884K(406016K)
[741.251s][info][gc,metaspace   ] GC(2053) Metaspace: 35634K(36352K)->35634K(36352K) NonClass: 26423K(26944K)->26423K(26944K) Class: 9210K(9408K)->9210K(9408K)
[741.251s][info][gc             ] GC(2053) Pause Young (Allocation Failure) 630M->396M(622M) 1.920ms
[741.251s][info][gc,cpu         ] GC(2053) User=0.01s Sys=0.00s Real=0.00s
[741.772s][info][gc,start       ] GC(2054) Pause Young (Allocation Failure)
[741.774s][info][gc,heap        ] GC(2054) PSYoungGen: 230464K(230912K)->64K(229888K) Eden: 230400K(230400K)->0K(221696K) From: 64K(512K)->64K(8192K)
[741.774s][info][gc,heap        ] GC(2054) ParOldGen: 405884K(406016K)->405892K(406016K)
[741.774s][info][gc,metaspace   ] GC(2054) Metaspace: 35634K(36352K)->35634K(36352K) NonClass: 26423K(26944K)->26423K(26944K) Class: 9210K(9408K)->9210K(9408K)
[741.774s][info][gc             ] GC(2054) Pause Young (Allocation Failure) 621M->396M(621M) 1.290ms
[741.774s][info][gc,cpu         ] GC(2054) User=0.00s Sys=0.00s Real=0.00s
[741.998s][info][gc,start       ] GC(2055) Pause Young (Allocation Failure)
[742.000s][info][gc,heap        ] GC(2055) PSYoungGen: 221759K(229888K)->64K(214016K) Eden: 221695K(221696K)->0K(213504K) From: 64K(8192K)->64K(512K)
[742.000s][info][gc,heap        ] GC(2055) ParOldGen: 405892K(406016K)->405900K(406016K)
[742.000s][info][gc,metaspace   ] GC(2055) Metaspace: 35634K(36352K)->35634K(36352K) NonClass: 26423K(26944K)->26423K(26944K) Class: 9210K(9408K)->9210K(9408K)
[742.000s][info][gc             ] GC(2055) Pause Young (Allocation Failure) 612M->396M(605M) 1.874ms
[742.000s][info][gc,cpu         ] GC(2055) User=0.00s Sys=0.00s Real=0.01s
[742.317s][info][gc,start       ] GC(2056) Pause Young (Allocation Failure)
[742.350s][info][gc,heap        ] GC(2056) PSYoungGen: 213568K(214016K)->7168K(262656K) Eden: 213504K(213504K)->0K(255488K) From: 64K(512K)->7168K(7168K)
[742.350s][info][gc,heap        ] GC(2056) ParOldGen: 405900K(406016K)->416732K(416768K)
[742.350s][info][gc,metaspace   ] GC(2056) Metaspace: 35634K(36352K)->35634K(36352K) NonClass: 26423K(26944K)->26423K(26944K) Class: 9210K(9408K)->9210K(9408K)
[742.350s][info][gc             ] GC(2056) Pause Young (Allocation Failure) 604M->413M(663M) 33.341ms
[742.350s][info][gc,cpu         ] GC(2056) User=0.05s Sys=0.01s Real=0.04s
[742.684s][info][gc,start       ] GC(2057) Pause Young (Allocation Failure)
[742.745s][info][gc,heap        ] GC(2057) PSYoungGen: 262656K(262656K)->7168K(264192K) Eden: 255488K(255488K)->0K(257024K) From: 7168K(7168K)->7168K(7168K)
[742.745s][info][gc,heap        ] GC(2057) ParOldGen: 416732K(416768K)->438980K(439296K)
[742.745s][info][gc,metaspace   ] GC(2057) Metaspace: 35634K(36352K)->35634K(36352K) NonClass: 26423K(26944K)->26423K(26944K) Class: 9210K(9408K)->9210K(9408K)
[742.745s][info][gc             ] GC(2057) Pause Young (Allocation Failure) 663M->435M(687M) 60.741ms
[742.745s][info][gc,cpu         ] GC(2057) User=0.10s Sys=0.01s Real=0.06s
[742.953s][info][gc,start       ] GC(2058) Pause Young (Allocation Failure)
[742.982s][info][gc,heap        ] GC(2058) PSYoungGen: 264192K(264192K)->15552K(278528K) Eden: 257024K(257024K)->0K(257024K) From: 7168K(7168K)->15552K(21504K)
[742.982s][info][gc,heap        ] GC(2058) ParOldGen: 438980K(439296K)->439580K(439808K)
[742.982s][info][gc,metaspace   ] GC(2058) Metaspace: 35634K(36352K)->35634K(36352K) NonClass: 26423K(26944K)->26423K(26944K) Class: 9210K(9408K)->9210K(9408K)
[742.982s][info][gc             ] GC(2058) Pause Young (Allocation Failure) 686M->444M(701M) 29.176ms
[742.982s][info][gc,cpu         ] GC(2058) User=0.06s Sys=0.00s Real=0.03s
[743.228s][info][gc,start       ] GC(2059) Pause Young (Allocation Failure)
[743.229s][info][gc,heap        ] GC(2059) PSYoungGen: 272576K(278528K)->64K(310784K) Eden: 257024K(257024K)->0K(286720K) From: 15552K(21504K)->64K(24064K)
[743.229s][info][gc,heap        ] GC(2059) ParOldGen: 439580K(439808K)->439588K(439808K)
[743.229s][info][gc,metaspace   ] GC(2059) Metaspace: 35634K(36352K)->35634K(36352K) NonClass: 26423K(26944K)->26423K(26944K) Class: 9210K(9408K)->9210K(9408K)
[743.230s][info][gc             ] GC(2059) Pause Young (Allocation Failure) 695M->429M(733M) 1.673ms
[743.230s][info][gc,cpu         ] GC(2059) User=0.00s Sys=0.00s Real=0.01s
[743.892s][info][gc,start       ] GC(2060) Pause Young (Allocation Failure)
[743.893s][info][gc,heap        ] GC(2060) PSYoungGen: 286784K(310784K)->64K(287232K) Eden: 286720K(286720K)->0K(286720K) From: 64K(24064K)->64K(512K)
[743.893s][info][gc,heap        ] GC(2060) ParOldGen: 439588K(439808K)->439596K(439808K)
[743.893s][info][gc,metaspace   ] GC(2060) Metaspace: 35634K(36352K)->35634K(36352K) NonClass: 26423K(26944K)->26423K(26944K) Class: 9210K(9408K)->9210K(9408K)
[743.893s][info][gc             ] GC(2060) Pause Young (Allocation Failure) 709M->429M(710M) 1.474ms
[743.894s][info][gc,cpu         ] GC(2060) User=0.01s Sys=0.00s Real=0.00s
[744.356s][info][gc,start       ] GC(2061) Pause Young (Allocation Failure)
[744.357s][info][gc,heap        ] GC(2061) PSYoungGen: 286784K(287232K)->64K(310272K) Eden: 286720K(286720K)->0K(287744K) From: 64K(512K)->64K(22528K)
[744.357s][info][gc,heap        ] GC(2061) ParOldGen: 439596K(439808K)->439612K(439808K)
[744.357s][info][gc,metaspace   ] GC(2061) Metaspace: 35634K(36352K)->35634K(36352K) NonClass: 26423K(26944K)->26423K(26944K) Class: 9210K(9408K)->9210K(9408K)
[744.357s][info][gc             ] GC(2061) Pause Young (Allocation Failure) 709M->429M(732M) 1.397ms
[744.357s][info][gc,cpu         ] GC(2061) User=0.01s Sys=0.00s Real=0.00s
[744.595s][info][gc,start       ] GC(2062) Pause Young (Allocation Failure)
[744.596s][info][gc,heap        ] GC(2062) PSYoungGen: 287808K(310272K)->64K(309248K) Eden: 287744K(287744K)->0K(287744K) From: 64K(22528K)->64K(21504K)
[744.596s][info][gc,heap        ] GC(2062) ParOldGen: 439612K(439808K)->439628K(439808K)
[744.596s][info][gc,metaspace   ] GC(2062) Metaspace: 35634K(36352K)->35634K(36352K) NonClass: 26423K(26944K)->26423K(26944K) Class: 9210K(9408K)->9210K(9408K)
[744.596s][info][gc             ] GC(2062) Pause Young (Allocation Failure) 710M->429M(731M) 1.405ms
[744.596s][info][gc,cpu         ] GC(2062) User=0.01s Sys=0.00s Real=0.00s
[744.832s][info][gc,start       ] GC(2063) Pause Young (Allocation Failure)
[744.833s][info][gc,heap        ] GC(2063) PSYoungGen: 287808K(309248K)->64K(311296K) Eden: 287744K(287744K)->0K(290816K) From: 64K(21504K)->64K(20480K)
[744.833s][info][gc,heap        ] GC(2063) ParOldGen: 439628K(439808K)->439628K(439808K)
[744.833s][info][gc,metaspace   ] GC(2063) Metaspace: 35634K(36352K)->35634K(36352K) NonClass: 26423K(26944K)->26423K(26944K) Class: 9210K(9408K)->9210K(9408K)
[744.833s][info][gc             ] GC(2063) Pause Young (Allocation Failure) 710M->429M(733M) 1.379ms
[744.833s][info][gc,cpu         ] GC(2063) User=0.00s Sys=0.00s Real=0.00s
[745.163s][info][gc,start       ] GC(2064) Pause Young (Allocation Failure)
[745.164s][info][gc,heap        ] GC(2064) PSYoungGen: 290880K(311296K)->64K(310272K) Eden: 290816K(290816K)->0K(290816K) From: 64K(20480K)->64K(19456K)
[745.164s][info][gc,heap        ] GC(2064) ParOldGen: 439628K(439808K)->439628K(439808K)
[745.164s][info][gc,metaspace   ] GC(2064) Metaspace: 35634K(36352K)->35634K(36352K) NonClass: 26423K(26944K)->26423K(26944K) Class: 9210K(9408K)->9210K(9408K)
[745.164s][info][gc             ] GC(2064) Pause Young (Allocation Failure) 713M->429M(732M) 1.375ms
[745.164s][info][gc,cpu         ] GC(2064) User=0.00s Sys=0.00s Real=0.00s
[745.214s][info][gc,start       ] GC(2065) Pause Young (Allocation Failure)
[745.215s][info][gc,heap        ] GC(2065) PSYoungGen: 290880K(310272K)->64K(313344K) Eden: 290816K(290816K)->0K(294912K) From: 64K(19456K)->64K(18432K)
[745.215s][info][gc,heap        ] GC(2065) ParOldGen: 439628K(439808K)->439644K(439808K)
[745.215s][info][gc,metaspace   ] GC(2065) Metaspace: 35634K(36352K)->35634K(36352K) NonClass: 26423K(26944K)->26423K(26944K) Class: 9210K(9408K)->9210K(9408K)
[745.215s][info][gc             ] GC(2065) Pause Young (Allocation Failure) 713M->429M(735M) 1.250ms
[745.216s][info][gc,cpu         ] GC(2065) User=0.00s Sys=0.00s Real=0.00s
[745.269s][info][gc,start       ] GC(2066) Pause Young (Allocation Failure)
[745.270s][info][gc,heap        ] GC(2066) PSYoungGen: 294976K(313344K)->64K(312832K) Eden: 294912K(294912K)->0K(294912K) From: 64K(18432K)->64K(17920K)
[745.270s][info][gc,heap        ] GC(2066) ParOldGen: 439644K(439808K)->439644K(439808K)
[745.270s][info][gc,metaspace   ] GC(2066) Metaspace: 35634K(36352K)->35634K(36352K) NonClass: 26423K(26944K)->26423K(26944K) Class: 9210K(9408K)->9210K(9408K)
[745.270s][info][gc             ] GC(2066) Pause Young (Allocation Failure) 717M->429M(735M) 1.334ms
[745.270s][info][gc,cpu         ] GC(2066) User=0.01s Sys=0.00s Real=0.00s
[745.580s][info][gc,start       ] GC(2067) Pause Young (Allocation Failure)
[745.581s][info][gc,heap        ] GC(2067) PSYoungGen: 294976K(312832K)->64K(314880K) Eden: 294912K(294912K)->0K(298496K) From: 64K(17920K)->64K(16384K)
[745.581s][info][gc,heap        ] GC(2067) ParOldGen: 439644K(439808K)->439644K(439808K)
[745.581s][info][gc,metaspace   ] GC(2067) Metaspace: 35634K(36352K)->35634K(36352K) NonClass: 26423K(26944K)->26423K(26944K) Class: 9210K(9408K)->9210K(9408K)
[745.581s][info][gc             ] GC(2067) Pause Young (Allocation Failure) 717M->429M(737M) 1.401ms
[745.581s][info][gc,cpu         ] GC(2067) User=0.01s Sys=0.00s Real=0.00s
[745.843s][info][gc,start       ] GC(2068) Pause Young (Allocation Failure)
[745.845s][info][gc,heap        ] GC(2068) PSYoungGen: 298560K(314880K)->64K(314368K) Eden: 298496K(298496K)->0K(298496K) From: 64K(16384K)->64K(15872K)
[745.845s][info][gc,heap        ] GC(2068) ParOldGen: 439644K(439808K)->439652K(439808K)
[745.845s][info][gc,metaspace   ] GC(2068) Metaspace: 35634K(36352K)->35634K(36352K) NonClass: 26423K(26944K)->26423K(26944K) Class: 9210K(9408K)->9210K(9408K)
[745.845s][info][gc             ] GC(2068) Pause Young (Allocation Failure) 720M->429M(736M) 1.556ms
[745.845s][info][gc,cpu         ] GC(2068) User=0.00s Sys=0.00s Real=0.00s
[745.930s][info][gc,start       ] GC(2069) Pause Young (Allocation Failure)
[745.932s][info][gc,heap        ] GC(2069) PSYoungGen: 298560K(314368K)->64K(316928K) Eden: 298496K(298496K)->0K(302592K) From: 64K(15872K)->64K(14336K)
[745.932s][info][gc,heap        ] GC(2069) ParOldGen: 439652K(439808K)->439660K(439808K)
[745.932s][info][gc,metaspace   ] GC(2069) Metaspace: 35634K(36352K)->35634K(36352K) NonClass: 26423K(26944K)->26423K(26944K) Class: 9210K(9408K)->9210K(9408K)
[745.932s][info][gc             ] GC(2069) Pause Young (Allocation Failure) 720M->429M(739M) 1.450ms
[745.932s][info][gc,cpu         ] GC(2069) User=0.01s Sys=0.00s Real=0.00s
[746.084s][info][gc,start       ] GC(2070) Pause Young (Allocation Failure)
[746.086s][info][gc,heap        ] GC(2070) PSYoungGen: 302656K(316928K)->64K(316416K) Eden: 302592K(302592K)->0K(302592K) From: 64K(14336K)->64K(13824K)
[746.086s][info][gc,heap        ] GC(2070) ParOldGen: 439660K(439808K)->439668K(439808K)
[746.086s][info][gc,metaspace   ] GC(2070) Metaspace: 35634K(36352K)->35634K(36352K) NonClass: 26423K(26944K)->26423K(26944K) Class: 9210K(9408K)->9210K(9408K)
[746.086s][info][gc             ] GC(2070) Pause Young (Allocation Failure) 724M->429M(738M) 1.453ms
[746.086s][info][gc,cpu         ] GC(2070) User=0.00s Sys=0.00s Real=0.00s
[746.500s][info][gc,start       ] GC(2071) Pause Young (Allocation Failure)
[746.501s][info][gc,heap        ] GC(2071) PSYoungGen: 302656K(316416K)->64K(318976K) Eden: 302592K(302592K)->0K(306688K) From: 64K(13824K)->64K(12288K)
[746.501s][info][gc,heap        ] GC(2071) ParOldGen: 439668K(439808K)->439676K(439808K)
[746.501s][info][gc,metaspace   ] GC(2071) Metaspace: 35634K(36352K)->35634K(36352K) NonClass: 26423K(26944K)->26423K(26944K) Class: 9210K(9408K)->9210K(9408K)
[746.501s][info][gc             ] GC(2071) Pause Young (Allocation Failure) 724M->429M(741M) 1.349ms
[746.502s][info][gc,cpu         ] GC(2071) User=0.00s Sys=0.00s Real=0.00s
[747.832s][info][gc,start       ] GC(2072) Pause Young (Allocation Failure)
[747.833s][info][gc,heap        ] GC(2072) PSYoungGen: 306752K(318976K)->64K(294912K) Eden: 306688K(306688K)->0K(294400K) From: 64K(12288K)->64K(512K)
[747.833s][info][gc,heap        ] GC(2072) ParOldGen: 439676K(439808K)->439684K(439808K)
[747.833s][info][gc,metaspace   ] GC(2072) Metaspace: 35634K(36352K)->35634K(36352K) NonClass: 26423K(26944K)->26423K(26944K) Class: 9210K(9408K)->9210K(9408K)
[747.833s][info][gc             ] GC(2072) Pause Young (Allocation Failure) 728M->429M(717M) 1.484ms
[747.833s][info][gc,cpu         ] GC(2072) User=0.00s Sys=0.00s Real=0.00s
[748.095s][info][gc,start       ] GC(2073) Pause Young (Allocation Failure)
[748.097s][info][gc,heap        ] GC(2073) PSYoungGen: 294464K(294912K)->64K(283136K) Eden: 294400K(294400K)->0K(282624K) From: 64K(512K)->64K(512K)
[748.097s][info][gc,heap        ] GC(2073) ParOldGen: 439684K(439808K)->439692K(439808K)
[748.097s][info][gc,metaspace   ] GC(2073) Metaspace: 35634K(36352K)->35634K(36352K) NonClass: 26423K(26944K)->26423K(26944K) Class: 9210K(9408K)->9210K(9408K)
[748.097s][info][gc             ] GC(2073) Pause Young (Allocation Failure) 716M->429M(706M) 1.386ms
[748.097s][info][gc,cpu         ] GC(2073) User=0.00s Sys=0.00s Real=0.00s
[748.571s][info][gc,start       ] GC(2074) Pause Young (Allocation Failure)
[748.572s][info][gc,heap        ] GC(2074) PSYoungGen: 282688K(283136K)->64K(282112K) Eden: 282624K(282624K)->0K(271360K) From: 64K(512K)->64K(10752K)
[748.572s][info][gc,heap        ] GC(2074) ParOldGen: 439692K(439808K)->439700K(439808K)
[748.572s][info][gc,metaspace   ] GC(2074) Metaspace: 35634K(36352K)->35634K(36352K) NonClass: 26423K(26944K)->26423K(26944K) Class: 9210K(9408K)->9210K(9408K)
[748.572s][info][gc             ] GC(2074) Pause Young (Allocation Failure) 705M->429M(705M) 1.336ms
[748.572s][info][gc,cpu         ] GC(2074) User=0.01s Sys=0.00s Real=0.00s
[749.493s][info][gc,start       ] GC(2075) Pause Young (Allocation Failure)
[749.495s][info][gc,heap        ] GC(2075) PSYoungGen: 271424K(282112K)->64K(261120K) Eden: 271360K(271360K)->0K(260608K) From: 64K(10752K)->64K(512K)
[749.495s][info][gc,heap        ] GC(2075) ParOldGen: 439700K(439808K)->439708K(439808K)
[749.495s][info][gc,metaspace   ] GC(2075) Metaspace: 35634K(36352K)->35634K(36352K) NonClass: 26423K(26944K)->26423K(26944K) Class: 9210K(9408K)->9210K(9408K)
[749.495s][info][gc             ] GC(2075) Pause Young (Allocation Failure) 694M->429M(684M) 1.871ms
[749.495s][info][gc,cpu         ] GC(2075) User=0.01s Sys=0.00s Real=0.00s
[749.864s][info][gc,start       ] GC(2076) Pause Young (Allocation Failure)
[749.866s][info][gc,heap        ] GC(2076) PSYoungGen: 260672K(261120K)->64K(259584K) Eden: 260608K(260608K)->0K(250368K) From: 64K(512K)->64K(9216K)
[749.866s][info][gc,heap        ] GC(2076) ParOldGen: 439708K(439808K)->439716K(439808K)
[749.866s][info][gc,metaspace   ] GC(2076) Metaspace: 35634K(36352K)->35634K(36352K) NonClass: 26423K(26944K)->26423K(26944K) Class: 9210K(9408K)->9210K(9408K)
[749.866s][info][gc             ] GC(2076) Pause Young (Allocation Failure) 683M->429M(683M) 1.335ms
[749.866s][info][gc,cpu         ] GC(2076) User=0.00s Sys=0.00s Real=0.00s
[749.934s][info][gc,start       ] GC(2077) Pause Young (Allocation Failure)
[749.936s][info][gc,heap        ] GC(2077) PSYoungGen: 250432K(259584K)->64K(241152K) Eden: 250368K(250368K)->0K(240640K) From: 64K(9216K)->64K(512K)
[749.936s][info][gc,heap        ] GC(2077) ParOldGen: 439716K(439808K)->439724K(439808K)
[749.936s][info][gc,metaspace   ] GC(2077) Metaspace: 35634K(36352K)->35634K(36352K) NonClass: 26423K(26944K)->26423K(26944K) Class: 9210K(9408K)->9210K(9408K)
[749.936s][info][gc             ] GC(2077) Pause Young (Allocation Failure) 673M->429M(665M) 1.804ms
[749.936s][info][gc,cpu         ] GC(2077) User=0.00s Sys=0.00s Real=0.00s
[750.438s][info][gc,start       ] GC(2078) Pause Young (Allocation Failure)
[750.440s][info][gc,heap        ] GC(2078) PSYoungGen: 240704K(241152K)->64K(239616K) Eden: 240640K(240640K)->0K(231424K) From: 64K(512K)->64K(8192K)
[750.440s][info][gc,heap        ] GC(2078) ParOldGen: 439724K(439808K)->439732K(439808K)
[750.440s][info][gc,metaspace   ] GC(2078) Metaspace: 35634K(36352K)->35634K(36352K) NonClass: 26423K(26944K)->26423K(26944K) Class: 9210K(9408K)->9210K(9408K)
[750.440s][info][gc             ] GC(2078) Pause Young (Allocation Failure) 664M->429M(663M) 1.306ms
[750.440s][info][gc,cpu         ] GC(2078) User=0.01s Sys=0.00s Real=0.01s
[750.686s][info][gc,start       ] GC(2079) Pause Young (Allocation Failure)
[750.688s][info][gc,heap        ] GC(2079) PSYoungGen: 231488K(239616K)->64K(223232K) Eden: 231424K(231424K)->0K(222720K) From: 64K(8192K)->64K(512K)
[750.688s][info][gc,heap        ] GC(2079) ParOldGen: 439732K(439808K)->439740K(439808K)
[750.688s][info][gc,metaspace   ] GC(2079) Metaspace: 35634K(36352K)->35634K(36352K) NonClass: 26423K(26944K)->26423K(26944K) Class: 9210K(9408K)->9210K(9408K)
[750.688s][info][gc             ] GC(2079) Pause Young (Allocation Failure) 655M->429M(647M) 1.938ms
[750.688s][info][gc,cpu         ] GC(2079) User=0.01s Sys=0.00s Real=0.00s
[751.036s][info][gc,start       ] GC(2080) Pause Young (Allocation Failure)
[751.056s][info][gc,heap        ] GC(2080) PSYoungGen: 222784K(223232K)->7168K(272384K) Eden: 222720K(222720K)->0K(265216K) From: 64K(512K)->7168K(7168K)
[751.056s][info][gc,heap        ] GC(2080) ParOldGen: 439740K(439808K)->442588K(442880K)
[751.056s][info][gc,metaspace   ] GC(2080) Metaspace: 35634K(36352K)->35634K(36352K) NonClass: 26423K(26944K)->26423K(26944K) Class: 9210K(9408K)->9210K(9408K)
[751.056s][info][gc             ] GC(2080) Pause Young (Allocation Failure) 646M->439M(698M) 20.309ms
[751.056s][info][gc,cpu         ] GC(2080) User=0.03s Sys=0.00s Real=0.02s
[751.402s][info][gc,start       ] GC(2081) Pause Young (Allocation Failure)
[751.462s][info][gc,heap        ] GC(2081) PSYoungGen: 272384K(272384K)->8704K(264704K) Eden: 265216K(265216K)->0K(256000K) From: 7168K(7168K)->8704K(8704K)
[751.462s][info][gc,heap        ] GC(2081) ParOldGen: 442588K(442880K)->464188K(464384K)
[751.462s][info][gc,metaspace   ] GC(2081) Metaspace: 35634K(36352K)->35634K(36352K) NonClass: 26423K(26944K)->26423K(26944K) Class: 9210K(9408K)->9210K(9408K)
[751.462s][info][gc             ] GC(2081) Pause Young (Allocation Failure) 698M->461M(712M) 60.188ms
[751.462s][info][gc,cpu         ] GC(2081) User=0.10s Sys=0.02s Real=0.06s
[751.733s][info][gc,start       ] GC(2082) Pause Young (Allocation Failure)
[751.773s][info][gc,heap        ] GC(2082) PSYoungGen: 264704K(264704K)->19968K(275968K) Eden: 256000K(256000K)->0K(256000K) From: 8704K(8704K)->19968K(19968K)
[751.773s][info][gc,heap        ] GC(2082) ParOldGen: 464188K(464384K)->467188K(467456K)
[751.773s][info][gc,metaspace   ] GC(2082) Metaspace: 35634K(36352K)->35634K(36352K) NonClass: 26423K(26944K)->26423K(26944K) Class: 9210K(9408K)->9210K(9408K)
[751.773s][info][gc             ] GC(2082) Pause Young (Allocation Failure) 711M->475M(726M) 40.261ms
[751.773s][info][gc,cpu         ] GC(2082) User=0.07s Sys=0.00s Real=0.04s
[751.876s][info][gc,start       ] GC(2083) Pause Young (Allocation Failure)
[751.878s][info][gc,heap        ] GC(2083) PSYoungGen: 275968K(275968K)->64K(309760K) Eden: 256000K(256000K)->0K(284672K) From: 19968K(19968K)->64K(25088K)
[751.878s][info][gc,heap        ] GC(2083) ParOldGen: 467188K(467456K)->467260K(467456K)
[751.878s][info][gc,metaspace   ] GC(2083) Metaspace: 35634K(36352K)->35634K(36352K) NonClass: 26423K(26944K)->26423K(26944K) Class: 9210K(9408K)->9210K(9408K)
[751.879s][info][gc             ] GC(2083) Pause Young (Allocation Failure) 725M->456M(759M) 2.208ms
[751.879s][info][gc,cpu         ] GC(2083) User=0.00s Sys=0.00s Real=0.00s
[752.577s][info][gc,start       ] GC(2084) Pause Young (Allocation Failure)
[752.579s][info][gc,heap        ] GC(2084) PSYoungGen: 284736K(309760K)->64K(285184K) Eden: 284672K(284672K)->0K(284672K) From: 64K(25088K)->64K(512K)
[752.579s][info][gc,heap        ] GC(2084) ParOldGen: 467260K(467456K)->467276K(467456K)
[752.579s][info][gc,metaspace   ] GC(2084) Metaspace: 35634K(36352K)->35634K(36352K) NonClass: 26423K(26944K)->26423K(26944K) Class: 9210K(9408K)->9210K(9408K)
[752.579s][info][gc             ] GC(2084) Pause Young (Allocation Failure) 734M->456M(735M) 1.582ms
[752.579s][info][gc,cpu         ] GC(2084) User=0.00s Sys=0.00s Real=0.01s
[752.931s][info][gc,start       ] GC(2085) Pause Young (Allocation Failure)
[752.932s][info][gc,heap        ] GC(2085) PSYoungGen: 284736K(285184K)->64K(309248K) Eden: 284672K(284672K)->0K(285696K) From: 64K(512K)->64K(23552K)
[752.932s][info][gc,heap        ] GC(2085) ParOldGen: 467276K(467456K)->467276K(467456K)
[752.932s][info][gc,metaspace   ] GC(2085) Metaspace: 35634K(36352K)->35634K(36352K) NonClass: 26423K(26944K)->26423K(26944K) Class: 9210K(9408K)->9210K(9408K)
[752.932s][info][gc             ] GC(2085) Pause Young (Allocation Failure) 734M->456M(758M) 1.648ms
[752.933s][info][gc,cpu         ] GC(2085) User=0.00s Sys=0.00s Real=0.00s
[753.342s][info][gc,start       ] GC(2086) Pause Young (Allocation Failure)
[753.344s][info][gc,heap        ] GC(2086) PSYoungGen: 285760K(309248K)->64K(308224K) Eden: 285696K(285696K)->0K(285696K) From: 64K(23552K)->64K(22528K)
[753.344s][info][gc,heap        ] GC(2086) ParOldGen: 467276K(467456K)->467292K(467456K)
[753.344s][info][gc,metaspace   ] GC(2086) Metaspace: 35634K(36352K)->35634K(36352K) NonClass: 26423K(26944K)->26423K(26944K) Class: 9210K(9408K)->9210K(9408K)
[753.344s][info][gc             ] GC(2086) Pause Young (Allocation Failure) 735M->456M(757M) 1.556ms
[753.344s][info][gc,cpu         ] GC(2086) User=0.00s Sys=0.00s Real=0.00s
[753.578s][info][gc,start       ] GC(2087) Pause Young (Allocation Failure)
[753.579s][info][gc,heap        ] GC(2087) PSYoungGen: 285760K(308224K)->64K(310272K) Eden: 285696K(285696K)->0K(288768K) From: 64K(22528K)->64K(21504K)
[753.579s][info][gc,heap        ] GC(2087) ParOldGen: 467292K(467456K)->467308K(467456K)
[753.579s][info][gc,metaspace   ] GC(2087) Metaspace: 35634K(36352K)->35634K(36352K) NonClass: 26423K(26944K)->26423K(26944K) Class: 9210K(9408K)->9210K(9408K)
[753.579s][info][gc             ] GC(2087) Pause Young (Allocation Failure) 735M->456M(759M) 1.477ms
[753.579s][info][gc,cpu         ] GC(2087) User=0.00s Sys=0.00s Real=0.01s
[753.941s][info][gc,start       ] GC(2088) Pause Young (Allocation Failure)
[753.942s][info][gc,heap        ] GC(2088) PSYoungGen: 288832K(310272K)->64K(309248K) Eden: 288768K(288768K)->0K(288768K) From: 64K(21504K)->64K(20480K)
[753.942s][info][gc,heap        ] GC(2088) ParOldGen: 467308K(467456K)->467308K(467456K)
[753.942s][info][gc,metaspace   ] GC(2088) Metaspace: 35634K(36352K)->35634K(36352K) NonClass: 26423K(26944K)->26423K(26944K) Class: 9210K(9408K)->9210K(9408K)
[753.942s][info][gc             ] GC(2088) Pause Young (Allocation Failure) 738M->456M(758M) 1.529ms
[753.942s][info][gc,cpu         ] GC(2088) User=0.00s Sys=0.00s Real=0.00s
[754.002s][info][gc,start       ] GC(2089) Pause Young (Allocation Failure)
[754.004s][info][gc,heap        ] GC(2089) PSYoungGen: 288832K(309248K)->64K(312320K) Eden: 288768K(288768K)->0K(292864K) From: 64K(20480K)->64K(19456K)
[754.004s][info][gc,heap        ] GC(2089) ParOldGen: 467308K(467456K)->467316K(467456K)
[754.004s][info][gc,metaspace   ] GC(2089) Metaspace: 35634K(36352K)->35634K(36352K) NonClass: 26423K(26944K)->26423K(26944K) Class: 9210K(9408K)->9210K(9408K)
[754.004s][info][gc             ] GC(2089) Pause Young (Allocation Failure) 738M->456M(761M) 1.355ms
[754.004s][info][gc,cpu         ] GC(2089) User=0.00s Sys=0.00s Real=0.00s
[754.056s][info][gc,start       ] GC(2090) Pause Young (Allocation Failure)
[754.058s][info][gc,heap        ] GC(2090) PSYoungGen: 292928K(312320K)->64K(311296K) Eden: 292864K(292864K)->0K(292864K) From: 64K(19456K)->64K(18432K)
[754.058s][info][gc,heap        ] GC(2090) ParOldGen: 467316K(467456K)->467332K(467456K)
[754.058s][info][gc,metaspace   ] GC(2090) Metaspace: 35634K(36352K)->35634K(36352K) NonClass: 26423K(26944K)->26423K(26944K) Class: 9210K(9408K)->9210K(9408K)
[754.058s][info][gc             ] GC(2090) Pause Young (Allocation Failure) 742M->456M(760M) 1.437ms
[754.058s][info][gc,cpu         ] GC(2090) User=0.00s Sys=0.00s Real=0.00s
[754.297s][info][gc,start       ] GC(2091) Pause Young (Allocation Failure)
[754.298s][info][gc,heap        ] GC(2091) PSYoungGen: 292928K(311296K)->64K(314368K) Eden: 292864K(292864K)->0K(296960K) From: 64K(18432K)->64K(17408K)
[754.298s][info][gc,heap        ] GC(2091) ParOldGen: 467332K(467456K)->467332K(467456K)
[754.298s][info][gc,metaspace   ] GC(2091) Metaspace: 35634K(36352K)->35634K(36352K) NonClass: 26423K(26944K)->26423K(26944K) Class: 9210K(9408K)->9210K(9408K)
[754.298s][info][gc             ] GC(2091) Pause Young (Allocation Failure) 742M->456M(763M) 1.481ms
[754.298s][info][gc,cpu         ] GC(2091) User=0.00s Sys=0.00s Real=0.00s
[754.578s][info][gc,start       ] GC(2092) Pause Young (Allocation Failure)
[754.580s][info][gc,heap        ] GC(2092) PSYoungGen: 297024K(314368K)->64K(313344K) Eden: 296960K(296960K)->0K(296960K) From: 64K(17408K)->64K(16384K)
[754.580s][info][gc,heap        ] GC(2092) ParOldGen: 467332K(467456K)->467340K(467456K)
[754.580s][info][gc,metaspace   ] GC(2092) Metaspace: 35634K(36352K)->35634K(36352K) NonClass: 26423K(26944K)->26423K(26944K) Class: 9210K(9408K)->9210K(9408K)
[754.580s][info][gc             ] GC(2092) Pause Young (Allocation Failure) 746M->456M(762M) 1.474ms
[754.580s][info][gc,cpu         ] GC(2092) User=0.00s Sys=0.00s Real=0.01s
[754.700s][info][gc,start       ] GC(2093) Pause Young (Allocation Failure)
[754.702s][info][gc,heap        ] GC(2093) PSYoungGen: 297024K(313344K)->64K(315904K) Eden: 296960K(296960K)->0K(300544K) From: 64K(16384K)->64K(15360K)
[754.702s][info][gc,heap        ] GC(2093) ParOldGen: 467340K(467456K)->467348K(467456K)
[754.702s][info][gc,metaspace   ] GC(2093) Metaspace: 35634K(36352K)->35634K(36352K) NonClass: 26423K(26944K)->26423K(26944K) Class: 9210K(9408K)->9210K(9408K)
[754.702s][info][gc             ] GC(2093) Pause Young (Allocation Failure) 746M->456M(765M) 1.461ms
[754.702s][info][gc,cpu         ] GC(2093) User=0.00s Sys=0.00s Real=0.00s
[754.822s][info][gc,start       ] GC(2094) Pause Young (Allocation Failure)
[754.824s][info][gc,heap        ] GC(2094) PSYoungGen: 300608K(315904K)->64K(315392K) Eden: 300544K(300544K)->0K(300544K) From: 64K(15360K)->64K(14848K)
[754.824s][info][gc,heap        ] GC(2094) ParOldGen: 467348K(467456K)->467356K(467456K)
[754.824s][info][gc,metaspace   ] GC(2094) Metaspace: 35634K(36352K)->35634K(36352K) NonClass: 26423K(26944K)->26423K(26944K) Class: 9210K(9408K)->9210K(9408K)
[754.824s][info][gc             ] GC(2094) Pause Young (Allocation Failure) 749M->456M(764M) 1.527ms
[754.824s][info][gc,cpu         ] GC(2094) User=0.00s Sys=0.00s Real=0.00s
[755.191s][info][gc,start       ] GC(2095) Pause Young (Allocation Failure)
[755.193s][info][gc,heap        ] GC(2095) PSYoungGen: 300608K(315392K)->64K(317952K) Eden: 300544K(300544K)->0K(304640K) From: 64K(14848K)->64K(13312K)
[755.193s][info][gc,heap        ] GC(2095) ParOldGen: 467356K(467456K)->467364K(467456K)
[755.193s][info][gc,metaspace   ] GC(2095) Metaspace: 35634K(36352K)->35634K(36352K) NonClass: 26423K(26944K)->26423K(26944K) Class: 9210K(9408K)->9210K(9408K)
[755.193s][info][gc             ] GC(2095) Pause Young (Allocation Failure) 749M->456M(767M) 1.468ms
[755.193s][info][gc,cpu         ] GC(2095) User=0.00s Sys=0.00s Real=0.00s
[755.862s][info][gc,start       ] GC(2096) Pause Young (Allocation Failure)
[755.863s][info][gc,heap        ] GC(2096) PSYoungGen: 304704K(317952K)->64K(292864K) Eden: 304640K(304640K)->0K(292352K) From: 64K(13312K)->64K(512K)
[755.863s][info][gc,heap        ] GC(2096) ParOldGen: 467364K(467456K)->467372K(467456K)
[755.863s][info][gc,metaspace   ] GC(2096) Metaspace: 35634K(36352K)->35634K(36352K) NonClass: 26423K(26944K)->26423K(26944K) Class: 9210K(9408K)->9210K(9408K)
[755.863s][info][gc             ] GC(2096) Pause Young (Allocation Failure) 753M->456M(742M) 1.475ms
[755.863s][info][gc,cpu         ] GC(2096) User=0.01s Sys=0.00s Real=0.00s
[756.773s][info][gc,start       ] GC(2097) Pause Young (Allocation Failure)
[756.774s][info][gc,heap        ] GC(2097) PSYoungGen: 292416K(292864K)->64K(281600K) Eden: 292352K(292352K)->0K(281088K) From: 64K(512K)->64K(512K)
[756.774s][info][gc,heap        ] GC(2097) ParOldGen: 467372K(467456K)->467380K(467456K)
[756.774s][info][gc,metaspace   ] GC(2097) Metaspace: 35634K(36352K)->35634K(36352K) NonClass: 26423K(26944K)->26423K(26944K) Class: 9210K(9408K)->9210K(9408K)
[756.774s][info][gc             ] GC(2097) Pause Young (Allocation Failure) 741M->456M(731M) 1.455ms
[756.774s][info][gc,cpu         ] GC(2097) User=0.00s Sys=0.00s Real=0.00s
[757.216s][info][gc,start       ] GC(2098) Pause Young (Allocation Failure)
[757.217s][info][gc,heap        ] GC(2098) PSYoungGen: 281152K(281600K)->64K(281600K) Eden: 281088K(281088K)->0K(270336K) From: 64K(512K)->64K(11264K)
[757.217s][info][gc,heap        ] GC(2098) ParOldGen: 467380K(467456K)->467388K(467456K)
[757.217s][info][gc,metaspace   ] GC(2098) Metaspace: 35634K(36352K)->35634K(36352K) NonClass: 26423K(26944K)->26423K(26944K) Class: 9210K(9408K)->9210K(9408K)
[757.217s][info][gc             ] GC(2098) Pause Young (Allocation Failure) 730M->456M(731M) 1.411ms
[757.217s][info][gc,cpu         ] GC(2098) User=0.01s Sys=0.00s Real=0.00s
[758.198s][info][gc,start       ] GC(2099) Pause Young (Allocation Failure)
[758.200s][info][gc,heap        ] GC(2099) PSYoungGen: 270400K(281600K)->64K(260608K) Eden: 270336K(270336K)->0K(260096K) From: 64K(11264K)->64K(512K)
[758.200s][info][gc,heap        ] GC(2099) ParOldGen: 467388K(467456K)->467396K(467456K)
[758.200s][info][gc,metaspace   ] GC(2099) Metaspace: 35634K(36352K)->35634K(36352K) NonClass: 26423K(26944K)->26423K(26944K) Class: 9210K(9408K)->9210K(9408K)
[758.200s][info][gc             ] GC(2099) Pause Young (Allocation Failure) 720M->456M(711M) 1.964ms
[758.200s][info][gc,cpu         ] GC(2099) User=0.00s Sys=0.00s Real=0.01s
[758.556s][info][gc,start       ] GC(2100) Pause Young (Allocation Failure)
[758.557s][info][gc,heap        ] GC(2100) PSYoungGen: 260160K(260608K)->64K(260096K) Eden: 260096K(260096K)->0K(250368K) From: 64K(512K)->64K(9728K)
[758.557s][info][gc,heap        ] GC(2100) ParOldGen: 467396K(467456K)->467404K(467456K)
[758.557s][info][gc,metaspace   ] GC(2100) Metaspace: 35634K(36352K)->35634K(36352K) NonClass: 26423K(26944K)->26423K(26944K) Class: 9210K(9408K)->9210K(9408K)
[758.557s][info][gc             ] GC(2100) Pause Young (Allocation Failure) 710M->456M(710M) 1.327ms
[758.557s][info][gc,cpu         ] GC(2100) User=0.00s Sys=0.00s Real=0.00s
[758.697s][info][gc,start       ] GC(2101) Pause Young (Allocation Failure)
[758.699s][info][gc,heap        ] GC(2101) PSYoungGen: 250432K(260096K)->64K(241152K) Eden: 250368K(250368K)->0K(240640K) From: 64K(9728K)->64K(512K)
[758.699s][info][gc,heap        ] GC(2101) ParOldGen: 467404K(467456K)->467412K(467456K)
[758.699s][info][gc,metaspace   ] GC(2101) Metaspace: 35634K(36352K)->35634K(36352K) NonClass: 26423K(26944K)->26423K(26944K) Class: 9210K(9408K)->9210K(9408K)
[758.699s][info][gc             ] GC(2101) Pause Young (Allocation Failure) 701M->456M(692M) 1.891ms
[758.699s][info][gc,cpu         ] GC(2101) User=0.00s Sys=0.01s Real=0.01s
[758.986s][info][gc,start       ] GC(2102) Pause Young (Allocation Failure)
[758.987s][info][gc,heap        ] GC(2102) PSYoungGen: 240704K(241152K)->64K(240128K) Eden: 240640K(240640K)->0K(231424K) From: 64K(512K)->64K(8704K)
[758.987s][info][gc,heap        ] GC(2102) ParOldGen: 467412K(467456K)->467420K(467456K)
[758.987s][info][gc,metaspace   ] GC(2102) Metaspace: 35634K(36352K)->35634K(36352K) NonClass: 26423K(26944K)->26423K(26944K) Class: 9210K(9408K)->9210K(9408K)
[758.987s][info][gc             ] GC(2102) Pause Young (Allocation Failure) 691M->456M(691M) 1.349ms
[758.987s][info][gc,cpu         ] GC(2102) User=0.00s Sys=0.00s Real=0.00s
[759.394s][info][gc,start       ] GC(2103) Pause Young (Allocation Failure)
[759.396s][info][gc,heap        ] GC(2103) PSYoungGen: 231488K(240128K)->64K(223232K) Eden: 231424K(231424K)->0K(222720K) From: 64K(8704K)->64K(512K)
[759.396s][info][gc,heap        ] GC(2103) ParOldGen: 467420K(467456K)->467428K(467456K)
[759.396s][info][gc,metaspace   ] GC(2103) Metaspace: 35634K(36352K)->35634K(36352K) NonClass: 26423K(26944K)->26423K(26944K) Class: 9210K(9408K)->9210K(9408K)
[759.396s][info][gc             ] GC(2103) Pause Young (Allocation Failure) 682M->456M(674M) 1.995ms
[759.396s][info][gc,cpu         ] GC(2103) User=0.00s Sys=0.00s Real=0.00s
[759.705s][info][gc,start       ] GC(2104) Pause Young (Allocation Failure)
[759.706s][info][gc,heap        ] GC(2104) PSYoungGen: 222784K(223232K)->64K(221696K) Eden: 222720K(222720K)->0K(214528K) From: 64K(512K)->64K(7168K)
[759.706s][info][gc,heap        ] GC(2104) ParOldGen: 467428K(467456K)->467436K(467456K)
[759.706s][info][gc,metaspace   ] GC(2104) Metaspace: 35634K(36352K)->35634K(36352K) NonClass: 26423K(26944K)->26423K(26944K) Class: 9210K(9408K)->9210K(9408K)
[759.706s][info][gc             ] GC(2104) Pause Young (Allocation Failure) 674M->456M(673M) 1.413ms
[759.706s][info][gc,cpu         ] GC(2104) User=0.01s Sys=0.00s Real=0.00s
[759.991s][info][gc,start       ] GC(2105) Pause Young (Allocation Failure)
[760.042s][info][gc,heap        ] GC(2105) PSYoungGen: 214592K(221696K)->6656K(263680K) Eden: 214528K(214528K)->0K(257024K) From: 64K(7168K)->6656K(6656K)
[760.042s][info][gc,heap        ] GC(2105) ParOldGen: 467436K(467456K)->484644K(484864K)
[760.042s][info][gc,metaspace   ] GC(2105) Metaspace: 35634K(36352K)->35634K(36352K) NonClass: 26423K(26944K)->26423K(26944K) Class: 9210K(9408K)->9210K(9408K)
[760.042s][info][gc             ] GC(2105) Pause Young (Allocation Failure) 666M->479M(731M) 51.670ms
[760.042s][info][gc,cpu         ] GC(2105) User=0.07s Sys=0.01s Real=0.05s
[760.380s][info][gc,start       ] GC(2106) Pause Young (Allocation Failure)
[760.438s][info][gc,heap        ] GC(2106) PSYoungGen: 263680K(263680K)->14848K(271872K) Eden: 257024K(257024K)->0K(257024K) From: 6656K(6656K)->14848K(14848K)
[760.438s][info][gc,heap        ] GC(2106) ParOldGen: 484644K(484864K)->499548K(499712K)
[760.438s][info][gc,metaspace   ] GC(2106) Metaspace: 35634K(36352K)->35634K(36352K) NonClass: 26423K(26944K)->26423K(26944K) Class: 9210K(9408K)->9210K(9408K)
[760.438s][info][gc             ] GC(2106) Pause Young (Allocation Failure) 730M->502M(753M) 57.628ms
[760.438s][info][gc,cpu         ] GC(2106) User=0.11s Sys=0.01s Real=0.05s
[760.591s][info][gc,start       ] GC(2107) Pause Young (Allocation Failure)
[760.616s][info][gc,heap        ] GC(2107) PSYoungGen: 271872K(271872K)->9504K(310784K) Eden: 257024K(257024K)->0K(287232K) From: 14848K(14848K)->9504K(23552K)
[760.616s][info][gc,heap        ] GC(2107) ParOldGen: 499548K(499712K)->499948K(500224K)
[760.616s][info][gc,metaspace   ] GC(2107) Metaspace: 35634K(36352K)->35634K(36352K) NonClass: 26423K(26944K)->26423K(26944K) Class: 9210K(9408K)->9210K(9408K)
[760.616s][info][gc             ] GC(2107) Pause Young (Allocation Failure) 753M->497M(792M) 25.424ms
[760.616s][info][gc,cpu         ] GC(2107) User=0.04s Sys=0.01s Real=0.02s
[761.063s][info][gc,start       ] GC(2108) Pause Young (Allocation Failure)
[761.065s][info][gc,heap        ] GC(2108) PSYoungGen: 296736K(310784K)->64K(287744K) Eden: 287232K(287232K)->0K(287232K) From: 9504K(23552K)->64K(512K)
[761.065s][info][gc,heap        ] GC(2108) ParOldGen: 499948K(500224K)->499956K(500224K)
[761.065s][info][gc,metaspace   ] GC(2108) Metaspace: 35634K(36352K)->35634K(36352K) NonClass: 26423K(26944K)->26423K(26944K) Class: 9210K(9408K)->9210K(9408K)
[761.065s][info][gc             ] GC(2108) Pause Young (Allocation Failure) 778M->488M(769M) 1.811ms
[761.065s][info][gc,cpu         ] GC(2108) User=0.00s Sys=0.00s Real=0.00s
[761.621s][info][gc,start       ] GC(2109) Pause Young (Allocation Failure)
[761.623s][info][gc,heap        ] GC(2109) PSYoungGen: 287296K(287744K)->64K(310272K) Eden: 287232K(287232K)->0K(287744K) From: 64K(512K)->64K(22528K)
[761.623s][info][gc,heap        ] GC(2109) ParOldGen: 499956K(500224K)->499964K(500224K)
[761.623s][info][gc,metaspace   ] GC(2109) Metaspace: 35634K(36352K)->35634K(36352K) NonClass: 26423K(26944K)->26423K(26944K) Class: 9210K(9408K)->9210K(9408K)
[761.623s][info][gc             ] GC(2109) Pause Young (Allocation Failure) 768M->488M(791M) 1.556ms
[761.623s][info][gc,cpu         ] GC(2109) User=0.01s Sys=0.00s Real=0.00s
[762.057s][info][gc,start       ] GC(2110) Pause Young (Allocation Failure)
[762.058s][info][gc,heap        ] GC(2110) PSYoungGen: 287808K(310272K)->64K(309760K) Eden: 287744K(287744K)->0K(287744K) From: 64K(22528K)->64K(22016K)
[762.058s][info][gc,heap        ] GC(2110) ParOldGen: 499964K(500224K)->499980K(500224K)
[762.058s][info][gc,metaspace   ] GC(2110) Metaspace: 35634K(36352K)->35634K(36352K) NonClass: 26423K(26944K)->26423K(26944K) Class: 9210K(9408K)->9210K(9408K)
[762.058s][info][gc             ] GC(2110) Pause Young (Allocation Failure) 769M->488M(791M) 1.655ms
[762.058s][info][gc,cpu         ] GC(2110) User=0.00s Sys=0.00s Real=0.00s
[762.293s][info][gc,start       ] GC(2111) Pause Young (Allocation Failure)
[762.295s][info][gc,heap        ] GC(2111) PSYoungGen: 287808K(309760K)->64K(310784K) Eden: 287744K(287744K)->0K(290304K) From: 64K(22016K)->64K(20480K)
[762.295s][info][gc,heap        ] GC(2111) ParOldGen: 499980K(500224K)->499996K(500224K)
[762.295s][info][gc,metaspace   ] GC(2111) Metaspace: 35634K(36352K)->35634K(36352K) NonClass: 26423K(26944K)->26423K(26944K) Class: 9210K(9408K)->9210K(9408K)
[762.295s][info][gc             ] GC(2111) Pause Young (Allocation Failure) 769M->488M(792M) 1.500ms
[762.295s][info][gc,cpu         ] GC(2111) User=0.01s Sys=0.00s Real=0.00s
[762.535s][info][gc,start       ] GC(2112) Pause Young (Allocation Failure)
[762.536s][info][gc,heap        ] GC(2112) PSYoungGen: 290368K(310784K)->64K(310272K) Eden: 290304K(290304K)->0K(290304K) From: 64K(20480K)->64K(19968K)
[762.536s][info][gc,heap        ] GC(2112) ParOldGen: 499996K(500224K)->499996K(500224K)
[762.536s][info][gc,metaspace   ] GC(2112) Metaspace: 35634K(36352K)->35634K(36352K) NonClass: 26423K(26944K)->26423K(26944K) Class: 9210K(9408K)->9210K(9408K)
[762.536s][info][gc             ] GC(2112) Pause Young (Allocation Failure) 771M->488M(791M) 1.595ms
[762.536s][info][gc,cpu         ] GC(2112) User=0.01s Sys=0.00s Real=0.00s
[762.806s][info][gc,start       ] GC(2113) Pause Young (Allocation Failure)
[762.807s][info][gc,heap        ] GC(2113) PSYoungGen: 290368K(310272K)->64K(312832K) Eden: 290304K(290304K)->0K(293888K) From: 64K(19968K)->64K(18944K)
[762.807s][info][gc,heap        ] GC(2113) ParOldGen: 499996K(500224K)->499996K(500224K)
[762.807s][info][gc,metaspace   ] GC(2113) Metaspace: 35634K(36352K)->35634K(36352K) NonClass: 26423K(26944K)->26423K(26944K) Class: 9210K(9408K)->9210K(9408K)
[762.807s][info][gc             ] GC(2113) Pause Young (Allocation Failure) 771M->488M(794M) 1.509ms
[762.807s][info][gc,cpu         ] GC(2113) User=0.01s Sys=0.00s Real=0.00s
[762.860s][info][gc,start       ] GC(2114) Pause Young (Allocation Failure)
[762.862s][info][gc,heap        ] GC(2114) PSYoungGen: 293952K(312832K)->64K(312320K) Eden: 293888K(293888K)->0K(293888K) From: 64K(18944K)->64K(18432K)
[762.862s][info][gc,heap        ] GC(2114) ParOldGen: 499996K(500224K)->500012K(500224K)
[762.862s][info][gc,metaspace   ] GC(2114) Metaspace: 35634K(36352K)->35634K(36352K) NonClass: 26423K(26944K)->26423K(26944K) Class: 9210K(9408K)->9210K(9408K)
[762.862s][info][gc             ] GC(2114) Pause Young (Allocation Failure) 775M->488M(793M) 1.586ms
[762.862s][info][gc,cpu         ] GC(2114) User=0.00s Sys=0.00s Real=0.00s
[762.988s][info][gc,start       ] GC(2115) Pause Young (Allocation Failure)
[762.989s][info][gc,heap        ] GC(2115) PSYoungGen: 293952K(312320K)->64K(314368K) Eden: 293888K(293888K)->0K(297472K) From: 64K(18432K)->64K(16896K)
[762.989s][info][gc,heap        ] GC(2115) ParOldGen: 500012K(500224K)->500012K(500224K)
[762.989s][info][gc,metaspace   ] GC(2115) Metaspace: 35634K(36352K)->35634K(36352K) NonClass: 26423K(26944K)->26423K(26944K) Class: 9210K(9408K)->9210K(9408K)
[762.989s][info][gc             ] GC(2115) Pause Young (Allocation Failure) 775M->488M(795M) 1.488ms
[762.989s][info][gc,cpu         ] GC(2115) User=0.00s Sys=0.00s Real=0.01s
[763.307s][info][gc,start       ] GC(2116) Pause Young (Allocation Failure)
[763.309s][info][gc,heap        ] GC(2116) PSYoungGen: 297536K(314368K)->64K(313856K) Eden: 297472K(297472K)->0K(297472K) From: 64K(16896K)->64K(16384K)
[763.309s][info][gc,heap        ] GC(2116) ParOldGen: 500012K(500224K)->500028K(500224K)
[763.309s][info][gc,metaspace   ] GC(2116) Metaspace: 35634K(36352K)->35634K(36352K) NonClass: 26423K(26944K)->26423K(26944K) Class: 9210K(9408K)->9210K(9408K)
[763.309s][info][gc             ] GC(2116) Pause Young (Allocation Failure) 778M->488M(795M) 1.614ms
[763.309s][info][gc,cpu         ] GC(2116) User=0.00s Sys=0.00s Real=0.01s
[763.491s][info][gc,start       ] GC(2117) Pause Young (Allocation Failure)
[763.492s][info][gc,heap        ] GC(2117) PSYoungGen: 297536K(313856K)->64K(316416K) Eden: 297472K(297472K)->0K(301568K) From: 64K(16384K)->64K(14848K)
[763.493s][info][gc,heap        ] GC(2117) ParOldGen: 500028K(500224K)->500028K(500224K)
[763.493s][info][gc,metaspace   ] GC(2117) Metaspace: 35634K(36352K)->35634K(36352K) NonClass: 26423K(26944K)->26423K(26944K) Class: 9210K(9408K)->9210K(9408K)
[763.493s][info][gc             ] GC(2117) Pause Young (Allocation Failure) 778M->488M(797M) 1.572ms
[763.493s][info][gc,cpu         ] GC(2117) User=0.00s Sys=0.00s Real=0.00s
[763.579s][info][gc,start       ] GC(2118) Pause Young (Allocation Failure)
[763.581s][info][gc,heap        ] GC(2118) PSYoungGen: 301632K(316416K)->64K(315904K) Eden: 301568K(301568K)->0K(301568K) From: 64K(14848K)->64K(14336K)
[763.581s][info][gc,heap        ] GC(2118) ParOldGen: 500028K(500224K)->500044K(500224K)
[763.581s][info][gc,metaspace   ] GC(2118) Metaspace: 35634K(36352K)->35634K(36352K) NonClass: 26423K(26944K)->26423K(26944K) Class: 9210K(9408K)->9210K(9408K)
[763.581s][info][gc             ] GC(2118) Pause Young (Allocation Failure) 782M->488M(797M) 1.590ms
[763.581s][info][gc,cpu         ] GC(2118) User=0.00s Sys=0.00s Real=0.00s
[763.761s][info][gc,start       ] GC(2119) Pause Young (Allocation Failure)
[763.762s][info][gc,heap        ] GC(2119) PSYoungGen: 301632K(315904K)->64K(318464K) Eden: 301568K(301568K)->0K(305664K) From: 64K(14336K)->64K(12800K)
[763.762s][info][gc,heap        ] GC(2119) ParOldGen: 500044K(500224K)->500044K(500224K)
[763.762s][info][gc,metaspace   ] GC(2119) Metaspace: 35634K(36352K)->35634K(36352K) NonClass: 26423K(26944K)->26423K(26944K) Class: 9210K(9408K)->9210K(9408K)
[763.762s][info][gc             ] GC(2119) Pause Young (Allocation Failure) 782M->488M(799M) 1.502ms
[763.762s][info][gc,cpu         ] GC(2119) User=0.01s Sys=0.00s Real=0.00s
[764.668s][info][gc,start       ] GC(2120) Pause Young (Allocation Failure)
[764.670s][info][gc,heap        ] GC(2120) PSYoungGen: 305728K(318464K)->83K(318464K) Eden: 305664K(305664K)->0K(305664K) From: 64K(12800K)->83K(12800K)
[764.670s][info][gc,heap        ] GC(2120) ParOldGen: 500044K(500224K)->500052K(500224K)
[764.670s][info][gc,metaspace   ] GC(2120) Metaspace: 35634K(36352K)->35634K(36352K) NonClass: 26423K(26944K)->26423K(26944K) Class: 9210K(9408K)->9210K(9408K)
[764.670s][info][gc             ] GC(2120) Pause Young (Allocation Failure) 786M->488M(799M) 1.652ms
[764.670s][info][gc,cpu         ] GC(2120) User=0.00s Sys=0.00s Real=0.01s
[765.508s][info][gc,start       ] GC(2121) Pause Young (Allocation Failure)
[765.510s][info][gc,heap        ] GC(2121) PSYoungGen: 305747K(318464K)->64K(293888K) Eden: 305664K(305664K)->0K(293376K) From: 83K(12800K)->64K(512K)
[765.510s][info][gc,heap        ] GC(2121) ParOldGen: 500052K(500224K)->500060K(500224K)
[765.510s][info][gc,metaspace   ] GC(2121) Metaspace: 35641K(36352K)->35641K(36352K) NonClass: 26430K(26944K)->26430K(26944K) Class: 9210K(9408K)->9210K(9408K)
[765.510s][info][gc             ] GC(2121) Pause Young (Allocation Failure) 786M->488M(775M) 2.006ms
[765.510s][info][gc,cpu         ] GC(2121) User=0.00s Sys=0.00s Real=0.01s
[765.911s][info][gc,start       ] GC(2122) Pause Young (Allocation Failure)
[765.913s][info][gc,heap        ] GC(2122) PSYoungGen: 293440K(293888K)->64K(292864K) Eden: 293376K(293376K)->0K(281600K) From: 64K(512K)->64K(11264K)
[765.913s][info][gc,heap        ] GC(2122) ParOldGen: 500060K(500224K)->500068K(500224K)
[765.913s][info][gc,metaspace   ] GC(2122) Metaspace: 35649K(36352K)->35649K(36352K) NonClass: 26438K(26944K)->26438K(26944K) Class: 9210K(9408K)->9210K(9408K)
[765.913s][info][gc             ] GC(2122) Pause Young (Allocation Failure) 774M->488M(774M) 1.505ms
[765.913s][info][gc,cpu         ] GC(2122) User=0.00s Sys=0.00s Real=0.00s
[766.948s][info][gc,start       ] GC(2123) Pause Young (Allocation Failure)
[766.950s][info][gc,heap        ] GC(2123) PSYoungGen: 281664K(292864K)->64K(271360K) Eden: 281600K(281600K)->0K(270848K) From: 64K(11264K)->64K(512K)
[766.950s][info][gc,heap        ] GC(2123) ParOldGen: 500068K(500224K)->500076K(500224K)
[766.950s][info][gc,metaspace   ] GC(2123) Metaspace: 35649K(36352K)->35649K(36352K) NonClass: 26438K(26944K)->26438K(26944K) Class: 9210K(9408K)->9210K(9408K)
[766.950s][info][gc             ] GC(2123) Pause Young (Allocation Failure) 763M->488M(753M) 2.045ms
[766.950s][info][gc,cpu         ] GC(2123) User=0.01s Sys=0.00s Real=0.01s
[767.341s][info][gc,start       ] GC(2124) Pause Young (Allocation Failure)
[767.342s][info][gc,heap        ] GC(2124) PSYoungGen: 270912K(271360K)->64K(270336K) Eden: 270848K(270848K)->0K(260608K) From: 64K(512K)->64K(9728K)
[767.342s][info][gc,heap        ] GC(2124) ParOldGen: 500076K(500224K)->500084K(500224K)
[767.342s][info][gc,metaspace   ] GC(2124) Metaspace: 35649K(36352K)->35649K(36352K) NonClass: 26438K(26944K)->26438K(26944K) Class: 9210K(9408K)->9210K(9408K)
[767.342s][info][gc             ] GC(2124) Pause Young (Allocation Failure) 752M->488M(752M) 1.378ms
[767.342s][info][gc,cpu         ] GC(2124) User=0.01s Sys=0.00s Real=0.00s
[767.519s][info][gc,start       ] GC(2125) Pause Young (Allocation Failure)
[767.521s][info][gc,heap        ] GC(2125) PSYoungGen: 260672K(270336K)->64K(250880K) Eden: 260608K(260608K)->0K(250368K) From: 64K(9728K)->64K(512K)
[767.521s][info][gc,heap        ] GC(2125) ParOldGen: 500084K(500224K)->500092K(500224K)
[767.521s][info][gc,metaspace   ] GC(2125) Metaspace: 35649K(36352K)->35649K(36352K) NonClass: 26438K(26944K)->26438K(26944K) Class: 9210K(9408K)->9210K(9408K)
[767.521s][info][gc             ] GC(2125) Pause Young (Allocation Failure) 742M->488M(733M) 1.698ms
[767.521s][info][gc,cpu         ] GC(2125) User=0.00s Sys=0.00s Real=0.00s
[767.674s][info][gc,start       ] GC(2126) Pause Young (Allocation Failure)
[767.676s][info][gc,heap        ] GC(2126) PSYoungGen: 250432K(250880K)->64K(249344K) Eden: 250368K(250368K)->0K(240640K) From: 64K(512K)->64K(8704K)
[767.676s][info][gc,heap        ] GC(2126) ParOldGen: 500092K(500224K)->500100K(500224K)
[767.676s][info][gc,metaspace   ] GC(2126) Metaspace: 35649K(36352K)->35649K(36352K) NonClass: 26438K(26944K)->26438K(26944K) Class: 9210K(9408K)->9210K(9408K)
[767.676s][info][gc             ] GC(2126) Pause Young (Allocation Failure) 732M->488M(732M) 1.363ms
[767.676s][info][gc,cpu         ] GC(2126) User=0.00s Sys=0.00s Real=0.00s
[768.220s][info][gc,start       ] GC(2127) Pause Young (Allocation Failure)
[768.222s][info][gc,heap        ] GC(2127) PSYoungGen: 240704K(249344K)->64K(231936K) Eden: 240640K(240640K)->0K(231424K) From: 64K(8704K)->64K(512K)
[768.222s][info][gc,heap        ] GC(2127) ParOldGen: 500100K(500224K)->500108K(500224K)
[768.222s][info][gc,metaspace   ] GC(2127) Metaspace: 35649K(36352K)->35649K(36352K) NonClass: 26438K(26944K)->26438K(26944K) Class: 9210K(9408K)->9210K(9408K)
[768.222s][info][gc             ] GC(2127) Pause Young (Allocation Failure) 723M->488M(715M) 1.993ms
[768.222s][info][gc,cpu         ] GC(2127) User=0.00s Sys=0.00s Real=0.00s
[768.466s][info][gc,start       ] GC(2128) Pause Young (Allocation Failure)
[768.468s][info][gc,heap        ] GC(2128) PSYoungGen: 231488K(231936K)->64K(230400K) Eden: 231424K(231424K)->0K(222720K) From: 64K(512K)->64K(7680K)
[768.468s][info][gc,heap        ] GC(2128) ParOldGen: 500108K(500224K)->500116K(500224K)
[768.468s][info][gc,metaspace   ] GC(2128) Metaspace: 35649K(36352K)->35649K(36352K) NonClass: 26438K(26944K)->26438K(26944K) Class: 9210K(9408K)->9210K(9408K)
[768.468s][info][gc             ] GC(2128) Pause Young (Allocation Failure) 714M->488M(713M) 1.548ms
[768.468s][info][gc,cpu         ] GC(2128) User=0.01s Sys=0.00s Real=0.00s
[768.791s][info][gc,start       ] GC(2129) Pause Young (Allocation Failure)
[768.830s][info][gc,heap        ] GC(2129) PSYoungGen: 222784K(230400K)->7168K(273408K) Eden: 222720K(222720K)->0K(266240K) From: 64K(7680K)->7168K(7168K)
[768.830s][info][gc,heap        ] GC(2129) ParOldGen: 500116K(500224K)->513436K(513536K)
[768.830s][info][gc,metaspace   ] GC(2129) Metaspace: 35649K(36352K)->35649K(36352K) NonClass: 26438K(26944K)->26438K(26944K) Class: 9210K(9408K)->9210K(9408K)
[768.830s][info][gc             ] GC(2129) Pause Young (Allocation Failure) 705M->508M(768M) 38.868ms
[768.830s][info][gc,cpu         ] GC(2129) User=0.06s Sys=0.01s Real=0.04s
[769.181s][info][gc,start       ] GC(2130) Pause Young (Allocation Failure)
[769.240s][info][gc,heap        ] GC(2130) PSYoungGen: 273408K(273408K)->13824K(280576K) Eden: 266240K(266240K)->0K(266752K) From: 7168K(7168K)->13824K(13824K)
[769.240s][info][gc,heap        ] GC(2130) ParOldGen: 513436K(513536K)->530308K(530432K)
[769.240s][info][gc,metaspace   ] GC(2130) Metaspace: 35649K(36352K)->35649K(36352K) NonClass: 26438K(26944K)->26438K(26944K) Class: 9210K(9408K)->9210K(9408K)
[769.240s][info][gc             ] GC(2130) Pause Young (Allocation Failure) 768M->531M(792M) 59.027ms
[769.240s][info][gc,cpu         ] GC(2130) User=0.11s Sys=0.02s Real=0.06s
[769.416s][info][gc,start       ] GC(2131) Pause Young (Allocation Failure)
[769.444s][info][gc,heap        ] GC(2131) PSYoungGen: 280576K(280576K)->11840K(309760K) Eden: 266752K(266752K)->0K(286720K) From: 13824K(13824K)->11840K(23040K)
[769.444s][info][gc,heap        ] GC(2131) ParOldGen: 530308K(530432K)->530756K(530944K)
[769.444s][info][gc,metaspace   ] GC(2131) Metaspace: 35649K(36352K)->35649K(36352K) NonClass: 26438K(26944K)->26438K(26944K) Class: 9210K(9408K)->9210K(9408K)
[769.444s][info][gc             ] GC(2131) Pause Young (Allocation Failure) 791M->529M(821M) 28.337ms
[769.444s][info][gc,cpu         ] GC(2131) User=0.04s Sys=0.00s Real=0.03s
[769.852s][info][gc,start       ] GC(2132) Pause Young (Allocation Failure)
[769.854s][info][gc,heap        ] GC(2132) PSYoungGen: 298560K(309760K)->64K(310272K) Eden: 286720K(286720K)->0K(286720K) From: 11840K(23040K)->64K(23552K)
[769.854s][info][gc,heap        ] GC(2132) ParOldGen: 530756K(530944K)->530764K(530944K)
[769.854s][info][gc,metaspace   ] GC(2132) Metaspace: 35649K(36352K)->35649K(36352K) NonClass: 26438K(26944K)->26438K(26944K) Class: 9210K(9408K)->9210K(9408K)
[769.854s][info][gc             ] GC(2132) Pause Young (Allocation Failure) 809M->518M(821M) 1.693ms
[769.854s][info][gc,cpu         ] GC(2132) User=0.00s Sys=0.01s Real=0.00s
[770.425s][info][gc,start       ] GC(2133) Pause Young (Allocation Failure)
[770.426s][info][gc,heap        ] GC(2133) PSYoungGen: 286784K(310272K)->64K(308224K) Eden: 286720K(286720K)->0K(287232K) From: 64K(23552K)->64K(20992K)
[770.426s][info][gc,heap        ] GC(2133) ParOldGen: 530764K(530944K)->530772K(530944K)
[770.426s][info][gc,metaspace   ] GC(2133) Metaspace: 35649K(36352K)->35649K(36352K) NonClass: 26438K(26944K)->26438K(26944K) Class: 9210K(9408K)->9210K(9408K)
[770.426s][info][gc             ] GC(2133) Pause Young (Allocation Failure) 798M->518M(819M) 1.757ms
[770.426s][info][gc,cpu         ] GC(2133) User=0.00s Sys=0.00s Real=0.00s
[770.860s][info][gc,start       ] GC(2134) Pause Young (Allocation Failure)
[770.861s][info][gc,heap        ] GC(2134) PSYoungGen: 287296K(308224K)->64K(309248K) Eden: 287232K(287232K)->0K(287232K) From: 64K(20992K)->64K(22016K)
[770.861s][info][gc,heap        ] GC(2134) ParOldGen: 530772K(530944K)->530788K(530944K)
[770.861s][info][gc,metaspace   ] GC(2134) Metaspace: 35649K(36352K)->35649K(36352K) NonClass: 26438K(26944K)->26438K(26944K) Class: 9210K(9408K)->9210K(9408K)
[770.861s][info][gc             ] GC(2134) Pause Young (Allocation Failure) 798M->518M(820M) 1.621ms
[770.861s][info][gc,cpu         ] GC(2134) User=0.00s Sys=0.00s Real=0.00s
[771.096s][info][gc,start       ] GC(2135) Pause Young (Allocation Failure)
[771.098s][info][gc,heap        ] GC(2135) PSYoungGen: 287296K(309248K)->64K(309248K) Eden: 287232K(287232K)->0K(290304K) From: 64K(22016K)->64K(18944K)
[771.098s][info][gc,heap        ] GC(2135) ParOldGen: 530788K(530944K)->530804K(530944K)
[771.098s][info][gc,metaspace   ] GC(2135) Metaspace: 35649K(36352K)->35649K(36352K) NonClass: 26438K(26944K)->26438K(26944K) Class: 9210K(9408K)->9210K(9408K)
[771.098s][info][gc             ] GC(2135) Pause Young (Allocation Failure) 798M->518M(820M) 1.554ms
[771.098s][info][gc,cpu         ] GC(2135) User=0.00s Sys=0.00s Real=0.00s
[771.335s][info][gc,start       ] GC(2136) Pause Young (Allocation Failure)
[771.336s][info][gc,heap        ] GC(2136) PSYoungGen: 290368K(309248K)->64K(310784K) Eden: 290304K(290304K)->0K(290304K) From: 64K(18944K)->64K(20480K)
[771.336s][info][gc,heap        ] GC(2136) ParOldGen: 530804K(530944K)->530804K(530944K)
[771.336s][info][gc,metaspace   ] GC(2136) Metaspace: 35649K(36352K)->35649K(36352K) NonClass: 26438K(26944K)->26438K(26944K) Class: 9210K(9408K)->9210K(9408K)
[771.336s][info][gc             ] GC(2136) Pause Young (Allocation Failure) 801M->518M(822M) 1.487ms
[771.336s][info][gc,cpu         ] GC(2136) User=0.00s Sys=0.00s Real=0.00s
[771.614s][info][gc,start       ] GC(2137) Pause Young (Allocation Failure)
[771.615s][info][gc,heap        ] GC(2137) PSYoungGen: 290368K(310784K)->64K(310784K) Eden: 290304K(290304K)->0K(293888K) From: 64K(20480K)->64K(16896K)
[771.615s][info][gc,heap        ] GC(2137) ParOldGen: 530804K(530944K)->530804K(530944K)
[771.615s][info][gc,metaspace   ] GC(2137) Metaspace: 35649K(36352K)->35649K(36352K) NonClass: 26438K(26944K)->26438K(26944K) Class: 9210K(9408K)->9210K(9408K)
[771.615s][info][gc             ] GC(2137) Pause Young (Allocation Failure) 801M->518M(822M) 1.558ms
[771.615s][info][gc,cpu         ] GC(2137) User=0.00s Sys=0.00s Real=0.00s
[771.666s][info][gc,start       ] GC(2138) Pause Young (Allocation Failure)
[771.667s][info][gc,heap        ] GC(2138) PSYoungGen: 293952K(310784K)->64K(312320K) Eden: 293888K(293888K)->0K(293888K) From: 64K(16896K)->64K(18432K)
[771.667s][info][gc,heap        ] GC(2138) ParOldGen: 530804K(530944K)->530820K(530944K)
[771.667s][info][gc,metaspace   ] GC(2138) Metaspace: 35649K(36352K)->35649K(36352K) NonClass: 26438K(26944K)->26438K(26944K) Class: 9210K(9408K)->9210K(9408K)
[771.667s][info][gc             ] GC(2138) Pause Young (Allocation Failure) 805M->518M(823M) 1.457ms
[771.667s][info][gc,cpu         ] GC(2138) User=0.00s Sys=0.00s Real=0.00s
[771.782s][info][gc,start       ] GC(2139) Pause Young (Allocation Failure)
[771.783s][info][gc,heap        ] GC(2139) PSYoungGen: 293952K(312320K)->64K(312832K) Eden: 293888K(293888K)->0K(297984K) From: 64K(18432K)->64K(14848K)
[771.783s][info][gc,heap        ] GC(2139) ParOldGen: 530820K(530944K)->530820K(530944K)
[771.783s][info][gc,metaspace   ] GC(2139) Metaspace: 35649K(36352K)->35649K(36352K) NonClass: 26438K(26944K)->26438K(26944K) Class: 9210K(9408K)->9210K(9408K)
[771.783s][info][gc             ] GC(2139) Pause Young (Allocation Failure) 805M->518M(824M) 1.442ms
[771.783s][info][gc,cpu         ] GC(2139) User=0.00s Sys=0.00s Real=0.00s
[772.102s][info][gc,start       ] GC(2140) Pause Young (Allocation Failure)
[772.103s][info][gc,heap        ] GC(2140) PSYoungGen: 298048K(312832K)->64K(314368K) Eden: 297984K(297984K)->0K(297984K) From: 64K(14848K)->64K(16384K)
[772.103s][info][gc,heap        ] GC(2140) ParOldGen: 530820K(530944K)->530836K(530944K)
[772.103s][info][gc,metaspace   ] GC(2140) Metaspace: 35649K(36352K)->35649K(36352K) NonClass: 26438K(26944K)->26438K(26944K) Class: 9210K(9408K)->9210K(9408K)
[772.103s][info][gc             ] GC(2140) Pause Young (Allocation Failure) 809M->518M(825M) 1.590ms
[772.103s][info][gc,cpu         ] GC(2140) User=0.01s Sys=0.00s Real=0.00s
[772.294s][info][gc,start       ] GC(2141) Pause Young (Allocation Failure)
[772.295s][info][gc,heap        ] GC(2141) PSYoungGen: 298048K(314368K)->64K(314880K) Eden: 297984K(297984K)->0K(301568K) From: 64K(16384K)->64K(13312K)
[772.295s][info][gc,heap        ] GC(2141) ParOldGen: 530836K(530944K)->530836K(530944K)
[772.295s][info][gc,metaspace   ] GC(2141) Metaspace: 35649K(36352K)->35649K(36352K) NonClass: 26438K(26944K)->26438K(26944K) Class: 9210K(9408K)->9210K(9408K)
[772.295s][info][gc             ] GC(2141) Pause Young (Allocation Failure) 809M->518M(826M) 1.573ms
[772.295s][info][gc,cpu         ] GC(2141) User=0.01s Sys=0.00s Real=0.00s
[772.381s][info][gc,start       ] GC(2142) Pause Young (Allocation Failure)
[772.383s][info][gc,heap        ] GC(2142) PSYoungGen: 301632K(314880K)->64K(316416K) Eden: 301568K(301568K)->0K(301568K) From: 64K(13312K)->64K(14848K)
[772.383s][info][gc,heap        ] GC(2142) ParOldGen: 530836K(530944K)->530852K(530944K)
[772.383s][info][gc,metaspace   ] GC(2142) Metaspace: 35649K(36352K)->35649K(36352K) NonClass: 26438K(26944K)->26438K(26944K) Class: 9210K(9408K)->9210K(9408K)
[772.383s][info][gc             ] GC(2142) Pause Young (Allocation Failure) 812M->518M(827M) 1.546ms
[772.383s][info][gc,cpu         ] GC(2142) User=0.00s Sys=0.00s Real=0.00s
[772.560s][info][gc,start       ] GC(2143) Pause Young (Allocation Failure)
[772.561s][info][gc,heap        ] GC(2143) PSYoungGen: 301632K(316416K)->64K(317440K) Eden: 301568K(301568K)->0K(305152K) From: 64K(14848K)->64K(12288K)
[772.561s][info][gc,heap        ] GC(2143) ParOldGen: 530852K(530944K)->530852K(530944K)
[772.561s][info][gc,metaspace   ] GC(2143) Metaspace: 35649K(36352K)->35649K(36352K) NonClass: 26438K(26944K)->26438K(26944K) Class: 9210K(9408K)->9210K(9408K)
[772.561s][info][gc             ] GC(2143) Pause Young (Allocation Failure) 812M->518M(828M) 1.456ms
[772.561s][info][gc,cpu         ] GC(2143) User=0.00s Sys=0.00s Real=0.00s
[773.473s][info][gc,start       ] GC(2144) Pause Young (Allocation Failure)
[773.474s][info][gc,heap        ] GC(2144) PSYoungGen: 305216K(317440K)->83K(318464K) Eden: 305152K(305152K)->0K(305152K) From: 64K(12288K)->83K(13312K)
[773.474s][info][gc,heap        ] GC(2144) ParOldGen: 530852K(530944K)->530860K(530944K)
[773.474s][info][gc,metaspace   ] GC(2144) Metaspace: 35649K(36352K)->35649K(36352K) NonClass: 26438K(26944K)->26438K(26944K) Class: 9210K(9408K)->9210K(9408K)
[773.474s][info][gc             ] GC(2144) Pause Young (Allocation Failure) 816M->518M(829M) 1.728ms
[773.474s][info][gc,cpu         ] GC(2144) User=0.00s Sys=0.00s Real=0.00s
[774.299s][info][gc,start       ] GC(2145) Pause Young (Allocation Failure)
[774.301s][info][gc,heap        ] GC(2145) PSYoungGen: 305235K(318464K)->64K(293376K) Eden: 305152K(305152K)->0K(292864K) From: 83K(13312K)->64K(512K)
[774.301s][info][gc,heap        ] GC(2145) ParOldGen: 530860K(530944K)->530868K(530944K)
[774.301s][info][gc,metaspace   ] GC(2145) Metaspace: 35649K(36352K)->35649K(36352K) NonClass: 26438K(26944K)->26438K(26944K) Class: 9210K(9408K)->9210K(9408K)
[774.301s][info][gc             ] GC(2145) Pause Young (Allocation Failure) 816M->518M(805M) 1.724ms
[774.301s][info][gc,cpu         ] GC(2145) User=0.00s Sys=0.00s Real=0.00s
[774.688s][info][gc,start       ] GC(2146) Pause Young (Allocation Failure)
[774.690s][info][gc,heap        ] GC(2146) PSYoungGen: 292928K(293376K)->64K(292352K) Eden: 292864K(292864K)->0K(281088K) From: 64K(512K)->64K(11264K)
[774.690s][info][gc,heap        ] GC(2146) ParOldGen: 530868K(530944K)->530876K(530944K)
[774.690s][info][gc,metaspace   ] GC(2146) Metaspace: 35649K(36352K)->35649K(36352K) NonClass: 26438K(26944K)->26438K(26944K) Class: 9210K(9408K)->9210K(9408K)
[774.690s][info][gc             ] GC(2146) Pause Young (Allocation Failure) 804M->518M(804M) 1.589ms
[774.690s][info][gc,cpu         ] GC(2146) User=0.00s Sys=0.00s Real=0.01s
[775.750s][info][gc,start       ] GC(2147) Pause Young (Allocation Failure)
[775.753s][info][gc,heap        ] GC(2147) PSYoungGen: 281152K(292352K)->64K(270848K) Eden: 281088K(281088K)->0K(270336K) From: 64K(11264K)->64K(512K)
[775.753s][info][gc,heap        ] GC(2147) ParOldGen: 530876K(530944K)->530884K(530944K)
[775.753s][info][gc,metaspace   ] GC(2147) Metaspace: 35649K(36352K)->35649K(36352K) NonClass: 26438K(26944K)->26438K(26944K) Class: 9210K(9408K)->9210K(9408K)
[775.753s][info][gc             ] GC(2147) Pause Young (Allocation Failure) 792M->518M(783M) 2.353ms
[775.753s][info][gc,cpu         ] GC(2147) User=0.00s Sys=0.01s Real=0.00s
[776.146s][info][gc,start       ] GC(2148) Pause Young (Allocation Failure)
[776.147s][info][gc,heap        ] GC(2148) PSYoungGen: 270400K(270848K)->64K(270336K) Eden: 270336K(270336K)->0K(260096K) From: 64K(512K)->64K(10240K)
[776.147s][info][gc,heap        ] GC(2148) ParOldGen: 530884K(530944K)->530892K(530944K)
[776.147s][info][gc,metaspace   ] GC(2148) Metaspace: 35649K(36352K)->35649K(36352K) NonClass: 26438K(26944K)->26438K(26944K) Class: 9210K(9408K)->9210K(9408K)
[776.147s][info][gc             ] GC(2148) Pause Young (Allocation Failure) 782M->518M(782M) 1.526ms
[776.147s][info][gc,cpu         ] GC(2148) User=0.01s Sys=0.00s Real=0.00s
[776.329s][info][gc,start       ] GC(2149) Pause Young (Allocation Failure)
[776.331s][info][gc,heap        ] GC(2149) PSYoungGen: 260160K(270336K)->64K(250880K) Eden: 260096K(260096K)->0K(250368K) From: 64K(10240K)->64K(512K)
[776.331s][info][gc,heap        ] GC(2149) ParOldGen: 530892K(530944K)->530900K(530944K)
[776.331s][info][gc,metaspace   ] GC(2149) Metaspace: 35649K(36352K)->35649K(36352K) NonClass: 26438K(26944K)->26438K(26944K) Class: 9210K(9408K)->9210K(9408K)
[776.331s][info][gc             ] GC(2149) Pause Young (Allocation Failure) 772M->518M(763M) 1.720ms
[776.331s][info][gc,cpu         ] GC(2149) User=0.00s Sys=0.00s Real=0.00s
[776.449s][info][gc,start       ] GC(2150) Pause Young (Allocation Failure)
[776.450s][info][gc,heap        ] GC(2150) PSYoungGen: 250432K(250880K)->64K(249344K) Eden: 250368K(250368K)->0K(240640K) From: 64K(512K)->64K(8704K)
[776.450s][info][gc,heap        ] GC(2150) ParOldGen: 530900K(530944K)->530908K(530944K)
[776.450s][info][gc,metaspace   ] GC(2150) Metaspace: 35649K(36352K)->35649K(36352K) NonClass: 26438K(26944K)->26438K(26944K) Class: 9210K(9408K)->9210K(9408K)
[776.450s][info][gc             ] GC(2150) Pause Young (Allocation Failure) 763M->518M(762M) 1.446ms
[776.450s][info][gc,cpu         ] GC(2150) User=0.00s Sys=0.00s Real=0.00s
[777.028s][info][gc,start       ] GC(2151) Pause Young (Allocation Failure)
[777.030s][info][gc,heap        ] GC(2151) PSYoungGen: 240704K(249344K)->64K(231936K) Eden: 240640K(240640K)->0K(231424K) From: 64K(8704K)->64K(512K)
[777.030s][info][gc,heap        ] GC(2151) ParOldGen: 530908K(530944K)->530916K(530944K)
[777.030s][info][gc,metaspace   ] GC(2151) Metaspace: 35649K(36352K)->35649K(36352K) NonClass: 26438K(26944K)->26438K(26944K) Class: 9210K(9408K)->9210K(9408K)
[777.030s][info][gc             ] GC(2151) Pause Young (Allocation Failure) 753M->518M(745M) 2.104ms
[777.030s][info][gc,cpu         ] GC(2151) User=0.00s Sys=0.00s Real=0.01s
[777.254s][info][gc,start       ] GC(2152) Pause Young (Allocation Failure)
[777.256s][info][gc,heap        ] GC(2152) PSYoungGen: 231488K(231936K)->64K(230400K) Eden: 231424K(231424K)->0K(222720K) From: 64K(512K)->64K(7680K)
[777.256s][info][gc,heap        ] GC(2152) ParOldGen: 530916K(530944K)->530924K(530944K)
[777.256s][info][gc,metaspace   ] GC(2152) Metaspace: 35649K(36352K)->35649K(36352K) NonClass: 26438K(26944K)->26438K(26944K) Class: 9210K(9408K)->9210K(9408K)
[777.256s][info][gc             ] GC(2152) Pause Young (Allocation Failure) 744M->518M(743M) 1.947ms
[777.256s][info][gc,cpu         ] GC(2152) User=0.00s Sys=0.00s Real=0.00s
[777.586s][info][gc,start       ] GC(2153) Pause Young (Allocation Failure)
[777.627s][info][gc,heap        ] GC(2153) PSYoungGen: 222784K(230400K)->7168K(273408K) Eden: 222720K(222720K)->0K(266240K) From: 64K(7680K)->7168K(7168K)
[777.627s][info][gc,heap        ] GC(2153) ParOldGen: 530924K(530944K)->542564K(542720K)
[777.627s][info][gc,metaspace   ] GC(2153) Metaspace: 35649K(36352K)->35649K(36352K) NonClass: 26438K(26944K)->26438K(26944K) Class: 9210K(9408K)->9210K(9408K)
[777.627s][info][gc             ] GC(2153) Pause Young (Allocation Failure) 736M->536M(797M) 41.003ms
[777.627s][info][gc,cpu         ] GC(2153) User=0.06s Sys=0.00s Real=0.04s
[777.978s][info][gc,start       ] GC(2154) Pause Young (Allocation Failure)
[778.036s][info][gc,heap        ] GC(2154) PSYoungGen: 273408K(273408K)->13312K(281088K) Eden: 266240K(266240K)->0K(267776K) From: 7168K(7168K)->13312K(13312K)
[778.036s][info][gc,heap        ] GC(2154) ParOldGen: 542564K(542720K)->559900K(560128K)
[778.036s][info][gc,metaspace   ] GC(2154) Metaspace: 35649K(36352K)->35649K(36352K) NonClass: 26438K(26944K)->26438K(26944K) Class: 9210K(9408K)->9210K(9408K)
[778.036s][info][gc             ] GC(2154) Pause Young (Allocation Failure) 796M->559M(821M) 58.350ms
[778.036s][info][gc,cpu         ] GC(2154) User=0.10s Sys=0.02s Real=0.06s
[778.228s][info][gc,start       ] GC(2155) Pause Young (Allocation Failure)
[778.259s][info][gc,heap        ] GC(2155) PSYoungGen: 281088K(281088K)->13536K(308224K) Eden: 267776K(267776K)->0K(285696K) From: 13312K(13312K)->13536K(22528K)
[778.259s][info][gc,heap        ] GC(2155) ParOldGen: 559900K(560128K)->560364K(560640K)
[778.259s][info][gc,metaspace   ] GC(2155) Metaspace: 35649K(36352K)->35649K(36352K) NonClass: 26438K(26944K)->26438K(26944K) Class: 9210K(9408K)->9210K(9408K)
[778.259s][info][gc             ] GC(2155) Pause Young (Allocation Failure) 821M->560M(848M) 31.497ms
[778.259s][info][gc,cpu         ] GC(2155) User=0.05s Sys=0.01s Real=0.04s
[778.634s][info][gc,start       ] GC(2156) Pause Young (Allocation Failure)
[778.636s][info][gc,heap        ] GC(2156) PSYoungGen: 299232K(308224K)->64K(309760K) Eden: 285696K(285696K)->0K(285696K) From: 13536K(22528K)->64K(24064K)
[778.636s][info][gc,heap        ] GC(2156) ParOldGen: 560364K(560640K)->560372K(560640K)
[778.636s][info][gc,metaspace   ] GC(2156) Metaspace: 35649K(36352K)->35649K(36352K) NonClass: 26438K(26944K)->26438K(26944K) Class: 9210K(9408K)->9210K(9408K)
[778.636s][info][gc             ] GC(2156) Pause Young (Allocation Failure) 839M->547M(850M) 1.732ms
[778.636s][info][gc,cpu         ] GC(2156) User=0.00s Sys=0.00s Real=0.00s
[779.223s][info][gc,start       ] GC(2157) Pause Young (Allocation Failure)
[779.224s][info][gc,heap        ] GC(2157) PSYoungGen: 285760K(309760K)->64K(308224K) Eden: 285696K(285696K)->0K(286720K) From: 64K(24064K)->64K(21504K)
[779.224s][info][gc,heap        ] GC(2157) ParOldGen: 560372K(560640K)->560380K(560640K)
[779.224s][info][gc,metaspace   ] GC(2157) Metaspace: 35649K(36352K)->35649K(36352K) NonClass: 26438K(26944K)->26438K(26944K) Class: 9210K(9408K)->9210K(9408K)
[779.224s][info][gc             ] GC(2157) Pause Young (Allocation Failure) 826M->547M(848M) 1.781ms
[779.224s][info][gc,cpu         ] GC(2157) User=0.00s Sys=0.00s Real=0.00s
[779.666s][info][gc,start       ] GC(2158) Pause Young (Allocation Failure)
[779.667s][info][gc,heap        ] GC(2158) PSYoungGen: 286784K(308224K)->64K(309248K) Eden: 286720K(286720K)->0K(286720K) From: 64K(21504K)->64K(22528K)
[779.667s][info][gc,heap        ] GC(2158) ParOldGen: 560380K(560640K)->560396K(560640K)
[779.667s][info][gc,metaspace   ] GC(2158) Metaspace: 35649K(36352K)->35649K(36352K) NonClass: 26438K(26944K)->26438K(26944K) Class: 9210K(9408K)->9210K(9408K)
[779.667s][info][gc             ] GC(2158) Pause Young (Allocation Failure) 827M->547M(849M) 1.659ms
[779.667s][info][gc,cpu         ] GC(2158) User=0.00s Sys=0.00s Real=0.00s
[779.903s][info][gc,start       ] GC(2159) Pause Young (Allocation Failure)
[779.904s][info][gc,heap        ] GC(2159) PSYoungGen: 286784K(309248K)->64K(309248K) Eden: 286720K(286720K)->0K(289792K) From: 64K(22528K)->64K(19456K)
[779.904s][info][gc,heap        ] GC(2159) ParOldGen: 560396K(560640K)->560412K(560640K)
[779.904s][info][gc,metaspace   ] GC(2159) Metaspace: 35649K(36352K)->35649K(36352K) NonClass: 26438K(26944K)->26438K(26944K) Class: 9210K(9408K)->9210K(9408K)
[779.904s][info][gc             ] GC(2159) Pause Young (Allocation Failure) 827M->547M(849M) 1.545ms
[779.904s][info][gc,cpu         ] GC(2159) User=0.01s Sys=0.00s Real=0.00s
[780.142s][info][gc,start       ] GC(2160) Pause Young (Allocation Failure)
[780.144s][info][gc,heap        ] GC(2160) PSYoungGen: 289856K(309248K)->64K(310272K) Eden: 289792K(289792K)->0K(289792K) From: 64K(19456K)->64K(20480K)
[780.144s][info][gc,heap        ] GC(2160) ParOldGen: 560412K(560640K)->560412K(560640K)
[780.144s][info][gc,metaspace   ] GC(2160) Metaspace: 35649K(36352K)->35649K(36352K) NonClass: 26438K(26944K)->26438K(26944K) Class: 9210K(9408K)->9210K(9408K)
[780.144s][info][gc             ] GC(2160) Pause Young (Allocation Failure) 830M->547M(850M) 1.573ms
[780.144s][info][gc,cpu         ] GC(2160) User=0.01s Sys=0.00s Real=0.00s
[780.432s][info][gc,start       ] GC(2161) Pause Young (Allocation Failure)
[780.434s][info][gc,heap        ] GC(2161) PSYoungGen: 289856K(310272K)->64K(311296K) Eden: 289792K(289792K)->0K(293888K) From: 64K(20480K)->64K(17408K)
[780.434s][info][gc,heap        ] GC(2161) ParOldGen: 560412K(560640K)->560412K(560640K)
[780.434s][info][gc,metaspace   ] GC(2161) Metaspace: 35649K(36352K)->35649K(36352K) NonClass: 26438K(26944K)->26438K(26944K) Class: 9210K(9408K)->9210K(9408K)
[780.434s][info][gc             ] GC(2161) Pause Young (Allocation Failure) 830M->547M(851M) 1.522ms
[780.434s][info][gc,cpu         ] GC(2161) User=0.01s Sys=0.00s Real=0.00s
[780.484s][info][gc,start       ] GC(2162) Pause Young (Allocation Failure)
[780.486s][info][gc,heap        ] GC(2162) PSYoungGen: 293952K(311296K)->64K(312320K) Eden: 293888K(293888K)->0K(293888K) From: 64K(17408K)->64K(18432K)
[780.486s][info][gc,heap        ] GC(2162) ParOldGen: 560412K(560640K)->560428K(560640K)
[780.486s][info][gc,metaspace   ] GC(2162) Metaspace: 35649K(36352K)->35649K(36352K) NonClass: 26438K(26944K)->26438K(26944K) Class: 9210K(9408K)->9210K(9408K)
[780.486s][info][gc             ] GC(2162) Pause Young (Allocation Failure) 834M->547M(852M) 1.507ms
[780.486s][info][gc,cpu         ] GC(2162) User=0.00s Sys=0.00s Real=0.00s
[780.585s][info][gc,start       ] GC(2163) Pause Young (Allocation Failure)
[780.587s][info][gc,heap        ] GC(2163) PSYoungGen: 293952K(312320K)->64K(312832K) Eden: 293888K(293888K)->0K(297472K) From: 64K(18432K)->64K(15360K)
[780.587s][info][gc,heap        ] GC(2163) ParOldGen: 560428K(560640K)->560428K(560640K)
[780.587s][info][gc,metaspace   ] GC(2163) Metaspace: 35649K(36352K)->35649K(36352K) NonClass: 26438K(26944K)->26438K(26944K) Class: 9210K(9408K)->9210K(9408K)
[780.587s][info][gc             ] GC(2163) Pause Young (Allocation Failure) 834M->547M(853M) 1.543ms
[780.587s][info][gc,cpu         ] GC(2163) User=0.00s Sys=0.00s Real=0.00s
[780.904s][info][gc,start       ] GC(2164) Pause Young (Allocation Failure)
[780.906s][info][gc,heap        ] GC(2164) PSYoungGen: 297536K(312832K)->64K(314368K) Eden: 297472K(297472K)->0K(297472K) From: 64K(15360K)->64K(16896K)
[780.906s][info][gc,heap        ] GC(2164) ParOldGen: 560428K(560640K)->560444K(560640K)
[780.906s][info][gc,metaspace   ] GC(2164) Metaspace: 35649K(36352K)->35649K(36352K) NonClass: 26438K(26944K)->26438K(26944K) Class: 9210K(9408K)->9210K(9408K)
[780.906s][info][gc             ] GC(2164) Pause Young (Allocation Failure) 837M->547M(854M) 1.679ms
[780.906s][info][gc,cpu         ] GC(2164) User=0.00s Sys=0.00s Real=0.00s
[781.112s][info][gc,start       ] GC(2165) Pause Young (Allocation Failure)
[781.113s][info][gc,heap        ] GC(2165) PSYoungGen: 297536K(314368K)->64K(314368K) Eden: 297472K(297472K)->0K(301056K) From: 64K(16896K)->64K(13312K)
[781.113s][info][gc,heap        ] GC(2165) ParOldGen: 560444K(560640K)->560444K(560640K)
[781.113s][info][gc,metaspace   ] GC(2165) Metaspace: 35649K(36352K)->35649K(36352K) NonClass: 26438K(26944K)->26438K(26944K) Class: 9210K(9408K)->9210K(9408K)
[781.113s][info][gc             ] GC(2165) Pause Young (Allocation Failure) 837M->547M(854M) 1.593ms
[781.113s][info][gc,cpu         ] GC(2165) User=0.00s Sys=0.00s Real=0.00s
[781.199s][info][gc,start       ] GC(2166) Pause Young (Allocation Failure)
[781.201s][info][gc,heap        ] GC(2166) PSYoungGen: 301120K(314368K)->64K(315904K) Eden: 301056K(301056K)->0K(301056K) From: 64K(13312K)->64K(14848K)
[781.201s][info][gc,heap        ] GC(2166) ParOldGen: 560444K(560640K)->560460K(560640K)
[781.201s][info][gc,metaspace   ] GC(2166) Metaspace: 35649K(36352K)->35649K(36352K) NonClass: 26438K(26944K)->26438K(26944K) Class: 9210K(9408K)->9210K(9408K)
[781.201s][info][gc             ] GC(2166) Pause Young (Allocation Failure) 841M->547M(856M) 1.636ms
[781.201s][info][gc,cpu         ] GC(2166) User=0.01s Sys=0.00s Real=0.00s
[781.370s][info][gc,start       ] GC(2167) Pause Young (Allocation Failure)
[781.371s][info][gc,heap        ] GC(2167) PSYoungGen: 301120K(315904K)->64K(317440K) Eden: 301056K(301056K)->0K(305152K) From: 64K(14848K)->64K(12288K)
[781.371s][info][gc,heap        ] GC(2167) ParOldGen: 560460K(560640K)->560460K(560640K)
[781.371s][info][gc,metaspace   ] GC(2167) Metaspace: 35649K(36352K)->35649K(36352K) NonClass: 26438K(26944K)->26438K(26944K) Class: 9210K(9408K)->9210K(9408K)
[781.371s][info][gc             ] GC(2167) Pause Young (Allocation Failure) 841M->547M(857M) 1.604ms
[781.371s][info][gc,cpu         ] GC(2167) User=0.01s Sys=0.00s Real=0.00s
[782.293s][info][gc,start       ] GC(2168) Pause Young (Allocation Failure)
[782.295s][info][gc,heap        ] GC(2168) PSYoungGen: 305216K(317440K)->64K(318464K) Eden: 305152K(305152K)->0K(305152K) From: 64K(12288K)->64K(13312K)
[782.295s][info][gc,heap        ] GC(2168) ParOldGen: 560460K(560640K)->560468K(560640K)
[782.295s][info][gc,metaspace   ] GC(2168) Metaspace: 35649K(36352K)->35649K(36352K) NonClass: 26438K(26944K)->26438K(26944K) Class: 9210K(9408K)->9210K(9408K)
[782.295s][info][gc             ] GC(2168) Pause Young (Allocation Failure) 845M->547M(858M) 1.711ms
[782.295s][info][gc,cpu         ] GC(2168) User=0.01s Sys=0.00s Real=0.00s
[783.118s][info][gc,start       ] GC(2169) Pause Young (Allocation Failure)
[783.120s][info][gc,heap        ] GC(2169) PSYoungGen: 305216K(318464K)->64K(293376K) Eden: 305152K(305152K)->0K(292864K) From: 64K(13312K)->64K(512K)
[783.120s][info][gc,heap        ] GC(2169) ParOldGen: 560468K(560640K)->560476K(560640K)
[783.120s][info][gc,metaspace   ] GC(2169) Metaspace: 35649K(36352K)->35649K(36352K) NonClass: 26438K(26944K)->26438K(26944K) Class: 9210K(9408K)->9210K(9408K)
[783.120s][info][gc             ] GC(2169) Pause Young (Allocation Failure) 845M->547M(834M) 2.041ms
[783.120s][info][gc,cpu         ] GC(2169) User=0.00s Sys=0.00s Real=0.01s
[783.481s][info][gc,start       ] GC(2170) Pause Young (Allocation Failure)
[783.482s][info][gc,heap        ] GC(2170) PSYoungGen: 292928K(293376K)->64K(292864K) Eden: 292864K(292864K)->0K(281088K) From: 64K(512K)->64K(11776K)
[783.482s][info][gc,heap        ] GC(2170) ParOldGen: 560476K(560640K)->560484K(560640K)
[783.482s][info][gc,metaspace   ] GC(2170) Metaspace: 35649K(36352K)->35649K(36352K) NonClass: 26438K(26944K)->26438K(26944K) Class: 9210K(9408K)->9210K(9408K)
[783.482s][info][gc             ] GC(2170) Pause Young (Allocation Failure) 833M->547M(833M) 1.709ms
[783.482s][info][gc,cpu         ] GC(2170) User=0.00s Sys=0.00s Real=0.00s
[784.557s][info][gc,start       ] GC(2171) Pause Young (Allocation Failure)
[784.559s][info][gc,heap        ] GC(2171) PSYoungGen: 281152K(292864K)->64K(270848K) Eden: 281088K(281088K)->0K(270336K) From: 64K(11776K)->64K(512K)
[784.559s][info][gc,heap        ] GC(2171) ParOldGen: 560484K(560640K)->560492K(560640K)
[784.559s][info][gc,metaspace   ] GC(2171) Metaspace: 35649K(36352K)->35649K(36352K) NonClass: 26438K(26944K)->26438K(26944K) Class: 9210K(9408K)->9210K(9408K)
[784.559s][info][gc             ] GC(2171) Pause Young (Allocation Failure) 821M->547M(812M) 2.231ms
[784.559s][info][gc,cpu         ] GC(2171) User=0.00s Sys=0.00s Real=0.01s
[784.952s][info][gc,start       ] GC(2172) Pause Young (Allocation Failure)
[784.954s][info][gc,heap        ] GC(2172) PSYoungGen: 270400K(270848K)->64K(270336K) Eden: 270336K(270336K)->0K(260096K) From: 64K(512K)->64K(10240K)
[784.954s][info][gc,heap        ] GC(2172) ParOldGen: 560492K(560640K)->560500K(560640K)
[784.954s][info][gc,metaspace   ] GC(2172) Metaspace: 35649K(36352K)->35649K(36352K) NonClass: 26438K(26944K)->26438K(26944K) Class: 9210K(9408K)->9210K(9408K)
[784.954s][info][gc             ] GC(2172) Pause Young (Allocation Failure) 811M->547M(811M) 1.706ms
[784.954s][info][gc,cpu         ] GC(2172) User=0.00s Sys=0.00s Real=0.00s
[785.146s][info][gc,start       ] GC(2173) Pause Young (Allocation Failure)
[785.148s][info][gc,heap        ] GC(2173) PSYoungGen: 260160K(270336K)->64K(250880K) Eden: 260096K(260096K)->0K(250368K) From: 64K(10240K)->64K(512K)
[785.148s][info][gc,heap        ] GC(2173) ParOldGen: 560500K(560640K)->560508K(560640K)
[785.148s][info][gc,metaspace   ] GC(2173) Metaspace: 35649K(36352K)->35649K(36352K) NonClass: 26438K(26944K)->26438K(26944K) Class: 9210K(9408K)->9210K(9408K)
[785.148s][info][gc             ] GC(2173) Pause Young (Allocation Failure) 801M->547M(792M) 1.790ms
[785.148s][info][gc,cpu         ] GC(2173) User=0.00s Sys=0.00s Real=0.00s
[785.246s][info][gc,start       ] GC(2174) Pause Young (Allocation Failure)
[785.247s][info][gc,heap        ] GC(2174) PSYoungGen: 250432K(250880K)->64K(249344K) Eden: 250368K(250368K)->0K(240640K) From: 64K(512K)->64K(8704K)
[785.247s][info][gc,heap        ] GC(2174) ParOldGen: 560508K(560640K)->560516K(560640K)
[785.247s][info][gc,metaspace   ] GC(2174) Metaspace: 35649K(36352K)->35649K(36352K) NonClass: 26438K(26944K)->26438K(26944K) Class: 9210K(9408K)->9210K(9408K)
[785.247s][info][gc             ] GC(2174) Pause Young (Allocation Failure) 791M->547M(791M) 1.480ms
[785.247s][info][gc,cpu         ] GC(2174) User=0.00s Sys=0.01s Real=0.00s
[785.842s][info][gc,start       ] GC(2175) Pause Young (Allocation Failure)
[785.844s][info][gc,heap        ] GC(2175) PSYoungGen: 240704K(249344K)->64K(231936K) Eden: 240640K(240640K)->0K(231424K) From: 64K(8704K)->64K(512K)
[785.844s][info][gc,heap        ] GC(2175) ParOldGen: 560516K(560640K)->560524K(560640K)
[785.844s][info][gc,metaspace   ] GC(2175) Metaspace: 35649K(36352K)->35649K(36352K) NonClass: 26438K(26944K)->26438K(26944K) Class: 9210K(9408K)->9210K(9408K)
[785.844s][info][gc             ] GC(2175) Pause Young (Allocation Failure) 782M->547M(774M) 2.131ms
[785.844s][info][gc,cpu         ] GC(2175) User=0.01s Sys=0.00s Real=0.00s
[786.043s][info][gc,start       ] GC(2176) Pause Young (Allocation Failure)
[786.044s][info][gc,heap        ] GC(2176) PSYoungGen: 231488K(231936K)->64K(230400K) Eden: 231424K(231424K)->0K(222720K) From: 64K(512K)->64K(7680K)
[786.044s][info][gc,heap        ] GC(2176) ParOldGen: 560524K(560640K)->560532K(560640K)
[786.044s][info][gc,metaspace   ] GC(2176) Metaspace: 35649K(36352K)->35649K(36352K) NonClass: 26438K(26944K)->26438K(26944K) Class: 9210K(9408K)->9210K(9408K)
[786.044s][info][gc             ] GC(2176) Pause Young (Allocation Failure) 773M->547M(772M) 1.580ms
[786.044s][info][gc,cpu         ] GC(2176) User=0.01s Sys=0.00s Real=0.00s
[786.377s][info][gc,start       ] GC(2177) Pause Young (Allocation Failure)
[786.407s][info][gc,heap        ] GC(2177) PSYoungGen: 222784K(230400K)->7168K(272896K) Eden: 222720K(222720K)->0K(265728K) From: 64K(7680K)->7168K(7168K)
[786.407s][info][gc,heap        ] GC(2177) ParOldGen: 560532K(560640K)->569908K(570368K)
[786.407s][info][gc,metaspace   ] GC(2177) Metaspace: 35649K(36352K)->35649K(36352K) NonClass: 26438K(26944K)->26438K(26944K) Class: 9210K(9408K)->9210K(9408K)
[786.407s][info][gc             ] GC(2177) Pause Young (Allocation Failure) 764M->563M(823M) 30.854ms
[786.407s][info][gc,cpu         ] GC(2177) User=0.05s Sys=0.00s Real=0.03s
[786.753s][info][gc,start       ] GC(2178) Pause Young (Allocation Failure)
[786.812s][info][gc,heap        ] GC(2178) PSYoungGen: 272896K(272896K)->12288K(282112K) Eden: 265728K(265728K)->0K(269824K) From: 7168K(7168K)->12288K(12288K)
[786.812s][info][gc,heap        ] GC(2178) ParOldGen: 569908K(570368K)->588156K(588288K)
[786.812s][info][gc,metaspace   ] GC(2178) Metaspace: 35649K(36352K)->35649K(36352K) NonClass: 26438K(26944K)->26438K(26944K) Class: 9210K(9408K)->9210K(9408K)
[786.812s][info][gc             ] GC(2178) Pause Young (Allocation Failure) 823M->586M(850M) 58.613ms
[786.812s][info][gc,cpu         ] GC(2178) User=0.10s Sys=0.01s Real=0.06s
[787.026s][info][gc,start       ] GC(2179) Pause Young (Allocation Failure)
[787.064s][info][gc,heap        ] GC(2179) PSYoungGen: 282112K(282112K)->15808K(307712K) Eden: 269824K(269824K)->0K(285696K) From: 12288K(12288K)->15808K(22016K)
[787.064s][info][gc,heap        ] GC(2179) ParOldGen: 588156K(588288K)->588652K(588800K)
[787.064s][info][gc,metaspace   ] GC(2179) Metaspace: 35649K(36352K)->35649K(36352K) NonClass: 26438K(26944K)->26438K(26944K) Class: 9210K(9408K)->9210K(9408K)
[787.064s][info][gc             ] GC(2179) Pause Young (Allocation Failure) 849M->590M(875M) 37.870ms
[787.064s][info][gc,cpu         ] GC(2179) User=0.06s Sys=0.01s Real=0.04s
[787.404s][info][gc,start       ] GC(2180) Pause Young (Allocation Failure)
[787.406s][info][gc,heap        ] GC(2180) PSYoungGen: 301504K(307712K)->64K(309760K) Eden: 285696K(285696K)->0K(285696K) From: 15808K(22016K)->64K(24064K)
[787.406s][info][gc,heap        ] GC(2180) ParOldGen: 588652K(588800K)->588660K(588800K)
[787.406s][info][gc,metaspace   ] GC(2180) Metaspace: 35649K(36352K)->35649K(36352K) NonClass: 26438K(26944K)->26438K(26944K) Class: 9210K(9408K)->9210K(9408K)
[787.406s][info][gc             ] GC(2180) Pause Young (Allocation Failure) 869M->574M(877M) 1.899ms
[787.406s][info][gc,cpu         ] GC(2180) User=0.01s Sys=0.00s Real=0.00s
[788.017s][info][gc,start       ] GC(2181) Pause Young (Allocation Failure)
[788.019s][info][gc,heap        ] GC(2181) PSYoungGen: 285760K(309760K)->64K(307200K) Eden: 285696K(285696K)->0K(286208K) From: 64K(24064K)->64K(20992K)
[788.019s][info][gc,heap        ] GC(2181) ParOldGen: 588660K(588800K)->588668K(588800K)
[788.019s][info][gc,metaspace   ] GC(2181) Metaspace: 35649K(36352K)->35649K(36352K) NonClass: 26438K(26944K)->26438K(26944K) Class: 9210K(9408K)->9210K(9408K)
[788.019s][info][gc             ] GC(2181) Pause Young (Allocation Failure) 853M->574M(875M) 1.936ms
[788.019s][info][gc,cpu         ] GC(2181) User=0.00s Sys=0.00s Real=0.01s
[788.471s][info][gc,start       ] GC(2182) Pause Young (Allocation Failure)
[788.473s][info][gc,heap        ] GC(2182) PSYoungGen: 286272K(307200K)->64K(308736K) Eden: 286208K(286208K)->0K(286208K) From: 64K(20992K)->64K(22528K)
[788.473s][info][gc,heap        ] GC(2182) ParOldGen: 588668K(588800K)->588684K(588800K)
[788.473s][info][gc,metaspace   ] GC(2182) Metaspace: 35649K(36352K)->35649K(36352K) NonClass: 26438K(26944K)->26438K(26944K) Class: 9210K(9408K)->9210K(9408K)
[788.473s][info][gc             ] GC(2182) Pause Young (Allocation Failure) 854M->574M(876M) 1.779ms
[788.473s][info][gc,cpu         ] GC(2182) User=0.00s Sys=0.00s Real=0.00s
[788.706s][info][gc,start       ] GC(2183) Pause Young (Allocation Failure)
[788.708s][info][gc,heap        ] GC(2183) PSYoungGen: 286272K(308736K)->64K(309760K) Eden: 286208K(286208K)->0K(289792K) From: 64K(22528K)->64K(19968K)
[788.708s][info][gc,heap        ] GC(2183) ParOldGen: 588684K(588800K)->588700K(588800K)
[788.708s][info][gc,metaspace   ] GC(2183) Metaspace: 35649K(36352K)->35649K(36352K) NonClass: 26438K(26944K)->26438K(26944K) Class: 9210K(9408K)->9210K(9408K)
[788.708s][info][gc             ] GC(2183) Pause Young (Allocation Failure) 854M->574M(877M) 1.696ms
[788.708s][info][gc,cpu         ] GC(2183) User=0.00s Sys=0.00s Real=0.00s
[788.945s][info][gc,start       ] GC(2184) Pause Young (Allocation Failure)
[788.947s][info][gc,heap        ] GC(2184) PSYoungGen: 289856K(309760K)->64K(310784K) Eden: 289792K(289792K)->0K(289792K) From: 64K(19968K)->64K(20992K)
[788.947s][info][gc,heap        ] GC(2184) ParOldGen: 588700K(588800K)->588700K(588800K)
[788.947s][info][gc,metaspace   ] GC(2184) Metaspace: 35649K(36352K)->35649K(36352K) NonClass: 26438K(26944K)->26438K(26944K) Class: 9210K(9408K)->9210K(9408K)
[788.947s][info][gc             ] GC(2184) Pause Young (Allocation Failure) 857M->574M(878M) 1.770ms
[788.947s][info][gc,cpu         ] GC(2184) User=0.00s Sys=0.00s Real=0.00s
[789.249s][info][gc,start       ] GC(2185) Pause Young (Allocation Failure)
[789.251s][info][gc,heap        ] GC(2185) PSYoungGen: 289856K(310784K)->64K(310784K) Eden: 289792K(289792K)->0K(292864K) From: 64K(20992K)->64K(17920K)
[789.251s][info][gc,heap        ] GC(2185) ParOldGen: 588700K(588800K)->588700K(588800K)
[789.251s][info][gc,metaspace   ] GC(2185) Metaspace: 35649K(36352K)->35649K(36352K) NonClass: 26438K(26944K)->26438K(26944K) Class: 9210K(9408K)->9210K(9408K)
[789.251s][info][gc             ] GC(2185) Pause Young (Allocation Failure) 857M->574M(878M) 1.709ms
[789.251s][info][gc,cpu         ] GC(2185) User=0.00s Sys=0.00s Real=0.00s
[789.301s][info][gc,start       ] GC(2186) Pause Young (Allocation Failure)
[789.302s][info][gc,heap        ] GC(2186) PSYoungGen: 292928K(310784K)->64K(311808K) Eden: 292864K(292864K)->0K(292864K) From: 64K(17920K)->64K(18944K)
[789.302s][info][gc,heap        ] GC(2186) ParOldGen: 588700K(588800K)->588716K(588800K)
[789.303s][info][gc,metaspace   ] GC(2186) Metaspace: 35649K(36352K)->35649K(36352K) NonClass: 26438K(26944K)->26438K(26944K) Class: 9210K(9408K)->9210K(9408K)
[789.303s][info][gc             ] GC(2186) Pause Young (Allocation Failure) 860M->574M(879M) 1.638ms
[789.303s][info][gc,cpu         ] GC(2186) User=0.00s Sys=0.00s Real=0.00s
[789.382s][info][gc,start       ] GC(2187) Pause Young (Allocation Failure)
[789.383s][info][gc,heap        ] GC(2187) PSYoungGen: 292928K(311808K)->64K(312832K) Eden: 292864K(292864K)->0K(296960K) From: 64K(18944K)->64K(15872K)
[789.383s][info][gc,heap        ] GC(2187) ParOldGen: 588716K(588800K)->588716K(588800K)
[789.383s][info][gc,metaspace   ] GC(2187) Metaspace: 35649K(36352K)->35649K(36352K) NonClass: 26438K(26944K)->26438K(26944K) Class: 9210K(9408K)->9210K(9408K)
[789.383s][info][gc             ] GC(2187) Pause Young (Allocation Failure) 860M->574M(880M) 1.506ms
[789.383s][info][gc,cpu         ] GC(2187) User=0.01s Sys=0.00s Real=0.00s
[789.700s][info][gc,start       ] GC(2188) Pause Young (Allocation Failure)
[789.702s][info][gc,heap        ] GC(2188) PSYoungGen: 297024K(312832K)->32K(313856K) Eden: 296960K(296960K)->0K(296960K) From: 64K(15872K)->32K(16896K)
[789.702s][info][gc,heap        ] GC(2188) ParOldGen: 588716K(588800K)->588732K(588800K)
[789.702s][info][gc,metaspace   ] GC(2188) Metaspace: 35649K(36352K)->35649K(36352K) NonClass: 26438K(26944K)->26438K(26944K) Class: 9210K(9408K)->9210K(9408K)
[789.702s][info][gc             ] GC(2188) Pause Young (Allocation Failure) 864M->574M(881M) 1.663ms
[789.702s][info][gc,cpu         ] GC(2188) User=0.00s Sys=0.00s Real=0.00s
[789.923s][info][gc,start       ] GC(2189) Pause Young (Allocation Failure)
[789.924s][info][gc,heap        ] GC(2189) PSYoungGen: 296992K(313856K)->64K(314880K) Eden: 296960K(296960K)->0K(301056K) From: 32K(16896K)->64K(13824K)
[789.924s][info][gc,heap        ] GC(2189) ParOldGen: 588732K(588800K)->588732K(588800K)
[789.924s][info][gc,metaspace   ] GC(2189) Metaspace: 35649K(36352K)->35649K(36352K) NonClass: 26438K(26944K)->26438K(26944K) Class: 9210K(9408K)->9210K(9408K)
[789.924s][info][gc             ] GC(2189) Pause Young (Allocation Failure) 864M->574M(882M) 1.594ms
[789.924s][info][gc,cpu         ] GC(2189) User=0.00s Sys=0.00s Real=0.00s
[790.010s][info][gc,start       ] GC(2190) Pause Young (Allocation Failure)
[790.012s][info][gc,heap        ] GC(2190) PSYoungGen: 301120K(314880K)->64K(315904K) Eden: 301056K(301056K)->0K(301056K) From: 64K(13824K)->64K(14848K)
[790.012s][info][gc,heap        ] GC(2190) ParOldGen: 588732K(588800K)->588748K(588800K)
[790.012s][info][gc,metaspace   ] GC(2190) Metaspace: 35649K(36352K)->35649K(36352K) NonClass: 26438K(26944K)->26438K(26944K) Class: 9210K(9408K)->9210K(9408K)
[790.012s][info][gc             ] GC(2190) Pause Young (Allocation Failure) 868M->575M(883M) 1.662ms
[790.012s][info][gc,cpu         ] GC(2190) User=0.00s Sys=0.00s Real=0.00s
[790.174s][info][gc,start       ] GC(2191) Pause Young (Allocation Failure)
[790.176s][info][gc,heap        ] GC(2191) PSYoungGen: 301120K(315904K)->64K(316416K) Eden: 301056K(301056K)->0K(304640K) From: 64K(14848K)->64K(11776K)
[790.176s][info][gc,heap        ] GC(2191) ParOldGen: 588748K(588800K)->588748K(588800K)
[790.176s][info][gc,metaspace   ] GC(2191) Metaspace: 35649K(36352K)->35649K(36352K) NonClass: 26438K(26944K)->26438K(26944K) Class: 9210K(9408K)->9210K(9408K)
[790.176s][info][gc             ] GC(2191) Pause Young (Allocation Failure) 869M->575M(884M) 1.743ms
[790.176s][info][gc,cpu         ] GC(2191) User=0.00s Sys=0.00s Real=0.00s
[791.111s][info][gc,start       ] GC(2192) Pause Young (Allocation Failure)
[791.113s][info][gc,heap        ] GC(2192) PSYoungGen: 304704K(316416K)->64K(317952K) Eden: 304640K(304640K)->0K(304640K) From: 64K(11776K)->64K(13312K)
[791.113s][info][gc,heap        ] GC(2192) ParOldGen: 588748K(588800K)->588756K(588800K)
[791.113s][info][gc,metaspace   ] GC(2192) Metaspace: 35649K(36352K)->35649K(36352K) NonClass: 26438K(26944K)->26438K(26944K) Class: 9210K(9408K)->9210K(9408K)
[791.113s][info][gc             ] GC(2192) Pause Young (Allocation Failure) 872M->575M(885M) 1.900ms
[791.113s][info][gc,cpu         ] GC(2192) User=0.01s Sys=0.00s Real=0.00s
[791.925s][info][gc,start       ] GC(2193) Pause Young (Allocation Failure)
[791.927s][info][gc,heap        ] GC(2193) PSYoungGen: 304704K(317952K)->64K(292864K) Eden: 304640K(304640K)->0K(292352K) From: 64K(13312K)->64K(512K)
[791.927s][info][gc,heap        ] GC(2193) ParOldGen: 588756K(588800K)->588764K(588800K)
[791.927s][info][gc,metaspace   ] GC(2193) Metaspace: 35649K(36352K)->35649K(36352K) NonClass: 26438K(26944K)->26438K(26944K) Class: 9210K(9408K)->9210K(9408K)
[791.927s][info][gc             ] GC(2193) Pause Young (Allocation Failure) 872M->575M(861M) 2.088ms
[791.927s][info][gc,cpu         ] GC(2193) User=0.00s Sys=0.00s Real=0.00s
[792.246s][info][gc,start       ] GC(2194) Pause Young (Allocation Failure)
[792.247s][info][gc,heap        ] GC(2194) PSYoungGen: 292416K(292864K)->64K(292864K) Eden: 292352K(292352K)->0K(281088K) From: 64K(512K)->64K(11776K)
[792.247s][info][gc,heap        ] GC(2194) ParOldGen: 588764K(588800K)->588772K(588800K)
[792.247s][info][gc,metaspace   ] GC(2194) Metaspace: 35649K(36352K)->35649K(36352K) NonClass: 26438K(26944K)->26438K(26944K) Class: 9210K(9408K)->9210K(9408K)
[792.247s][info][gc             ] GC(2194) Pause Young (Allocation Failure) 860M->575M(861M) 1.655ms
[792.247s][info][gc,cpu         ] GC(2194) User=0.00s Sys=0.00s Real=0.00s
[793.021s][info][gc,start       ] GC(2195) Pause Young (Allocation Failure)
[793.023s][info][gc,heap        ] GC(2195) PSYoungGen: 281152K(292864K)->64K(270848K) Eden: 281088K(281088K)->0K(270336K) From: 64K(11776K)->64K(512K)
[793.023s][info][gc,heap        ] GC(2195) ParOldGen: 588772K(588800K)->588780K(588800K)
[793.023s][info][gc,metaspace   ] GC(2195) Metaspace: 35649K(36352K)->35649K(36352K) NonClass: 26438K(26944K)->26438K(26944K) Class: 9210K(9408K)->9210K(9408K)
[793.023s][info][gc             ] GC(2195) Pause Young (Allocation Failure) 849M->575M(839M) 2.218ms
[793.023s][info][gc,cpu         ] GC(2195) User=0.00s Sys=0.00s Real=0.00s
[793.596s][info][gc,start       ] GC(2196) Pause Young (Allocation Failure)
[793.597s][info][gc,heap        ] GC(2196) PSYoungGen: 270400K(270848K)->64K(270336K) Eden: 270336K(270336K)->0K(260096K) From: 64K(512K)->64K(10240K)
[793.597s][info][gc,heap        ] GC(2196) ParOldGen: 588780K(588800K)->588788K(588800K)
[793.597s][info][gc,metaspace   ] GC(2196) Metaspace: 35649K(36352K)->35649K(36352K) NonClass: 26438K(26944K)->26438K(26944K) Class: 9210K(9408K)->9210K(9408K)
[793.597s][info][gc             ] GC(2196) Pause Young (Allocation Failure) 839M->575M(839M) 1.612ms
[793.597s][info][gc,cpu         ] GC(2196) User=0.00s Sys=0.00s Real=0.00s
[793.952s][info][gc,start       ] GC(2197) Pause Young (Allocation Failure)
[793.953s][info][gc,heap        ] GC(2197) PSYoungGen: 260160K(270336K)->64K(250880K) Eden: 260096K(260096K)->0K(250368K) From: 64K(10240K)->64K(512K)
[793.953s][info][gc,heap        ] GC(2197) ParOldGen: 588788K(588800K)->588796K(588800K)
[793.954s][info][gc,metaspace   ] GC(2197) Metaspace: 35649K(36352K)->35649K(36352K) NonClass: 26438K(26944K)->26438K(26944K) Class: 9210K(9408K)->9210K(9408K)
[793.954s][info][gc             ] GC(2197) Pause Young (Allocation Failure) 829M->575M(820M) 1.936ms
[793.954s][info][gc,cpu         ] GC(2197) User=0.00s Sys=0.00s Real=0.00s
[794.040s][info][gc,start       ] GC(2198) Pause Young (Allocation Failure)
[794.041s][info][gc,heap        ] GC(2198) PSYoungGen: 250432K(250880K)->64K(249344K) Eden: 250368K(250368K)->0K(240640K) From: 64K(512K)->64K(8704K)
[794.041s][info][gc,heap        ] GC(2198) ParOldGen: 588796K(588800K)->588804K(589312K)
[794.041s][info][gc,metaspace   ] GC(2198) Metaspace: 35649K(36352K)->35649K(36352K) NonClass: 26438K(26944K)->26438K(26944K) Class: 9210K(9408K)->9210K(9408K)
[794.042s][info][gc             ] GC(2198) Pause Young (Allocation Failure) 819M->575M(819M) 1.544ms
[794.042s][info][gc,cpu         ] GC(2198) User=0.00s Sys=0.00s Real=0.00s
[794.607s][info][gc,start       ] GC(2199) Pause Young (Allocation Failure)
[794.609s][info][gc,heap        ] GC(2199) PSYoungGen: 240704K(249344K)->64K(231936K) Eden: 240640K(240640K)->0K(231424K) From: 64K(8704K)->64K(512K)
[794.609s][info][gc,heap        ] GC(2199) ParOldGen: 588804K(589312K)->588812K(589312K)
[794.609s][info][gc,metaspace   ] GC(2199) Metaspace: 35649K(36352K)->35649K(36352K) NonClass: 26438K(26944K)->26438K(26944K) Class: 9210K(9408K)->9210K(9408K)
[794.609s][info][gc             ] GC(2199) Pause Young (Allocation Failure) 810M->575M(802M) 2.208ms
[794.609s][info][gc,cpu         ] GC(2199) User=0.01s Sys=0.01s Real=0.01s
[794.817s][info][gc,start       ] GC(2200) Pause Young (Allocation Failure)
[794.819s][info][gc,heap        ] GC(2200) PSYoungGen: 231488K(231936K)->64K(230400K) Eden: 231424K(231424K)->0K(222720K) From: 64K(512K)->64K(7680K)
[794.819s][info][gc,heap        ] GC(2200) ParOldGen: 588812K(589312K)->588820K(589312K)
[794.819s][info][gc,metaspace   ] GC(2200) Metaspace: 35649K(36352K)->35649K(36352K) NonClass: 26438K(26944K)->26438K(26944K) Class: 9210K(9408K)->9210K(9408K)
[794.819s][info][gc             ] GC(2200) Pause Young (Allocation Failure) 801M->575M(800M) 1.993ms
[794.819s][info][gc,cpu         ] GC(2200) User=0.01s Sys=0.00s Real=0.01s
[795.158s][info][gc,start       ] GC(2201) Pause Young (Allocation Failure)
[795.186s][info][gc,heap        ] GC(2201) PSYoungGen: 222784K(230400K)->7168K(272896K) Eden: 222720K(222720K)->0K(265728K) From: 64K(7680K)->7168K(7168K)
[795.186s][info][gc,heap        ] GC(2201) ParOldGen: 588820K(589312K)->595468K(595968K)
[795.186s][info][gc,metaspace   ] GC(2201) Metaspace: 35649K(36352K)->35649K(36352K) NonClass: 26438K(26944K)->26438K(26944K) Class: 9210K(9408K)->9210K(9408K)
[795.186s][info][gc             ] GC(2201) Pause Young (Allocation Failure) 792M->588M(848M) 28.074ms
[795.186s][info][gc,cpu         ] GC(2201) User=0.05s Sys=0.00s Real=0.03s
[795.532s][info][gc,start       ] GC(2202) Pause Young (Allocation Failure)
[795.591s][info][gc,heap        ] GC(2202) PSYoungGen: 272896K(272896K)->11264K(283136K) Eden: 265728K(265728K)->0K(271872K) From: 7168K(7168K)->11264K(11264K)
[795.591s][info][gc,heap        ] GC(2202) ParOldGen: 595468K(595968K)->614668K(614912K)
[795.591s][info][gc,metaspace   ] GC(2202) Metaspace: 35649K(36352K)->35649K(36352K) NonClass: 26438K(26944K)->26438K(26944K) Class: 9210K(9408K)->9210K(9408K)
[795.591s][info][gc             ] GC(2202) Pause Young (Allocation Failure) 848M->611M(877M) 58.498ms
[795.591s][info][gc,cpu         ] GC(2202) User=0.11s Sys=0.01s Real=0.06s
[795.829s][info][gc,start       ] GC(2203) Pause Young (Allocation Failure)
[795.871s][info][gc,heap        ] GC(2203) PSYoungGen: 283136K(283136K)->18560K(305664K) Eden: 271872K(271872K)->0K(284672K) From: 11264K(11264K)->18560K(20992K)
[795.871s][info][gc,heap        ] GC(2203) ParOldGen: 614668K(614912K)->615188K(615424K)
[795.871s][info][gc,metaspace   ] GC(2203) Metaspace: 35649K(36352K)->35649K(36352K) NonClass: 26438K(26944K)->26438K(26944K) Class: 9210K(9408K)->9210K(9408K)
[795.871s][info][gc             ] GC(2203) Pause Young (Allocation Failure) 876M->618M(899M) 42.074ms
[795.871s][info][gc,cpu         ] GC(2203) User=0.07s Sys=0.01s Real=0.04s
[796.154s][info][gc,start       ] GC(2204) Pause Young (Allocation Failure)
[796.156s][info][gc,heap        ] GC(2204) PSYoungGen: 303232K(305664K)->64K(309248K) Eden: 284672K(284672K)->0K(284672K) From: 18560K(20992K)->64K(24576K)
[796.156s][info][gc,heap        ] GC(2204) ParOldGen: 615188K(615424K)->615196K(615424K)
[796.156s][info][gc,metaspace   ] GC(2204) Metaspace: 35649K(36352K)->35649K(36352K) NonClass: 26438K(26944K)->26438K(26944K) Class: 9210K(9408K)->9210K(9408K)
[796.156s][info][gc             ] GC(2204) Pause Young (Allocation Failure) 896M->600M(903M) 1.878ms
[796.156s][info][gc,cpu         ] GC(2204) User=0.01s Sys=0.00s Real=0.00s
[796.791s][info][gc,start       ] GC(2205) Pause Young (Allocation Failure)
[796.793s][info][gc,heap        ] GC(2205) PSYoungGen: 284736K(309248K)->64K(307200K) Eden: 284672K(284672K)->0K(285696K) From: 64K(24576K)->64K(21504K)
[796.793s][info][gc,heap        ] GC(2205) ParOldGen: 615196K(615424K)->615204K(615424K)
[796.793s][info][gc,metaspace   ] GC(2205) Metaspace: 35649K(36352K)->35649K(36352K) NonClass: 26438K(26944K)->26438K(26944K) Class: 9210K(9408K)->9210K(9408K)
[796.793s][info][gc             ] GC(2205) Pause Young (Allocation Failure) 878M->600M(901M) 1.905ms
[796.793s][info][gc,cpu         ] GC(2205) User=0.00s Sys=0.00s Real=0.00s
[797.250s][info][gc,start       ] GC(2206) Pause Young (Allocation Failure)
[797.252s][info][gc,heap        ] GC(2206) PSYoungGen: 285760K(307200K)->64K(308736K) Eden: 285696K(285696K)->0K(285696K) From: 64K(21504K)->64K(23040K)
[797.252s][info][gc,heap        ] GC(2206) ParOldGen: 615204K(615424K)->615220K(615424K)
[797.252s][info][gc,metaspace   ] GC(2206) Metaspace: 35649K(36352K)->35649K(36352K) NonClass: 26438K(26944K)->26438K(26944K) Class: 9210K(9408K)->9210K(9408K)
[797.252s][info][gc             ] GC(2206) Pause Young (Allocation Failure) 879M->600M(902M) 1.747ms
[797.252s][info][gc,cpu         ] GC(2206) User=0.00s Sys=0.00s Real=0.00s
[797.486s][info][gc,start       ] GC(2207) Pause Young (Allocation Failure)
[797.487s][info][gc,heap        ] GC(2207) PSYoungGen: 285760K(308736K)->64K(308224K) Eden: 285696K(285696K)->0K(288768K) From: 64K(23040K)->64K(19456K)
[797.487s][info][gc,heap        ] GC(2207) ParOldGen: 615220K(615424K)->615236K(615424K)
[797.487s][info][gc,metaspace   ] GC(2207) Metaspace: 35649K(36352K)->35649K(36352K) NonClass: 26438K(26944K)->26438K(26944K) Class: 9210K(9408K)->9210K(9408K)
[797.487s][info][gc             ] GC(2207) Pause Young (Allocation Failure) 879M->600M(902M) 1.807ms
[797.487s][info][gc,cpu         ] GC(2207) User=0.00s Sys=0.00s Real=0.00s
[797.723s][info][gc,start       ] GC(2208) Pause Young (Allocation Failure)
[797.725s][info][gc,heap        ] GC(2208) PSYoungGen: 288832K(308224K)->64K(309760K) Eden: 288768K(288768K)->0K(288768K) From: 64K(19456K)->64K(20992K)
[797.725s][info][gc,heap        ] GC(2208) ParOldGen: 615236K(615424K)->615236K(615424K)
[797.725s][info][gc,metaspace   ] GC(2208) Metaspace: 35649K(36352K)->35649K(36352K) NonClass: 26438K(26944K)->26438K(26944K) Class: 9210K(9408K)->9210K(9408K)
[797.725s][info][gc             ] GC(2208) Pause Young (Allocation Failure) 882M->600M(903M) 1.687ms
[797.725s][info][gc,cpu         ] GC(2208) User=0.00s Sys=0.00s Real=0.00s
[798.045s][info][gc,start       ] GC(2209) Pause Young (Allocation Failure)
[798.047s][info][gc,heap        ] GC(2209) PSYoungGen: 288832K(309760K)->64K(310272K) Eden: 288768K(288768K)->0K(292864K) From: 64K(20992K)->64K(17408K)
[798.047s][info][gc,heap        ] GC(2209) ParOldGen: 615236K(615424K)->615236K(615424K)
[798.047s][info][gc,metaspace   ] GC(2209) Metaspace: 35649K(36352K)->35649K(36352K) NonClass: 26438K(26944K)->26438K(26944K) Class: 9210K(9408K)->9210K(9408K)
[798.047s][info][gc             ] GC(2209) Pause Young (Allocation Failure) 882M->600M(904M) 1.848ms
[798.047s][info][gc,cpu         ] GC(2209) User=0.00s Sys=0.00s Real=0.00s
[798.097s][info][gc,start       ] GC(2210) Pause Young (Allocation Failure)
[798.098s][info][gc,heap        ] GC(2210) PSYoungGen: 292928K(310272K)->64K(311808K) Eden: 292864K(292864K)->0K(292864K) From: 64K(17408K)->64K(18944K)
[798.099s][info][gc,heap        ] GC(2210) ParOldGen: 615236K(615424K)->615252K(615424K)
[798.099s][info][gc,metaspace   ] GC(2210) Metaspace: 35649K(36352K)->35649K(36352K) NonClass: 26438K(26944K)->26438K(26944K) Class: 9210K(9408K)->9210K(9408K)
[798.099s][info][gc             ] GC(2210) Pause Young (Allocation Failure) 886M->600M(905M) 1.645ms
[798.099s][info][gc,cpu         ] GC(2210) User=0.01s Sys=0.00s Real=0.01s
[798.155s][info][gc,start       ] GC(2211) Pause Young (Allocation Failure)
[798.156s][info][gc,heap        ] GC(2211) PSYoungGen: 292928K(311808K)->64K(312320K) Eden: 292864K(292864K)->0K(296960K) From: 64K(18944K)->64K(15360K)
[798.156s][info][gc,heap        ] GC(2211) ParOldGen: 615252K(615424K)->615252K(615424K)
[798.156s][info][gc,metaspace   ] GC(2211) Metaspace: 35649K(36352K)->35649K(36352K) NonClass: 26438K(26944K)->26438K(26944K) Class: 9210K(9408K)->9210K(9408K)
[798.156s][info][gc             ] GC(2211) Pause Young (Allocation Failure) 886M->600M(906M) 1.567ms
[798.156s][info][gc,cpu         ] GC(2211) User=0.00s Sys=0.00s Real=0.00s
[798.474s][info][gc,start       ] GC(2212) Pause Young (Allocation Failure)
[798.476s][info][gc,heap        ] GC(2212) PSYoungGen: 297024K(312320K)->64K(313856K) Eden: 296960K(296960K)->0K(296960K) From: 64K(15360K)->64K(16896K)
[798.476s][info][gc,heap        ] GC(2212) ParOldGen: 615252K(615424K)->615268K(615424K)
[798.476s][info][gc,metaspace   ] GC(2212) Metaspace: 35649K(36352K)->35649K(36352K) NonClass: 26438K(26944K)->26438K(26944K) Class: 9210K(9408K)->9210K(9408K)
[798.476s][info][gc             ] GC(2212) Pause Young (Allocation Failure) 890M->600M(907M) 1.794ms
[798.476s][info][gc,cpu         ] GC(2212) User=0.00s Sys=0.00s Real=0.00s
[798.719s][info][gc,start       ] GC(2213) Pause Young (Allocation Failure)
[798.721s][info][gc,heap        ] GC(2213) PSYoungGen: 297024K(313856K)->64K(314368K) Eden: 296960K(296960K)->0K(300544K) From: 64K(16896K)->64K(13824K)
[798.721s][info][gc,heap        ] GC(2213) ParOldGen: 615268K(615424K)->615268K(615424K)
[798.721s][info][gc,metaspace   ] GC(2213) Metaspace: 35649K(36352K)->35649K(36352K) NonClass: 26438K(26944K)->26438K(26944K) Class: 9210K(9408K)->9210K(9408K)
[798.721s][info][gc             ] GC(2213) Pause Young (Allocation Failure) 890M->600M(908M) 1.784ms
[798.721s][info][gc,cpu         ] GC(2213) User=0.00s Sys=0.00s Real=0.00s
[798.807s][info][gc,start       ] GC(2214) Pause Young (Allocation Failure)
[798.809s][info][gc,heap        ] GC(2214) PSYoungGen: 300608K(314368K)->64K(315904K) Eden: 300544K(300544K)->0K(300544K) From: 64K(13824K)->64K(15360K)
[798.809s][info][gc,heap        ] GC(2214) ParOldGen: 615268K(615424K)->615284K(615424K)
[798.809s][info][gc,metaspace   ] GC(2214) Metaspace: 35649K(36352K)->35649K(36352K) NonClass: 26438K(26944K)->26438K(26944K) Class: 9210K(9408K)->9210K(9408K)
[798.809s][info][gc             ] GC(2214) Pause Young (Allocation Failure) 894M->600M(909M) 2.239ms
[798.809s][info][gc,cpu         ] GC(2214) User=0.01s Sys=0.00s Real=0.01s
[798.962s][info][gc,start       ] GC(2215) Pause Young (Allocation Failure)
[798.964s][info][gc,heap        ] GC(2215) PSYoungGen: 300608K(315904K)->64K(315904K) Eden: 300544K(300544K)->0K(304128K) From: 64K(15360K)->64K(11776K)
[798.964s][info][gc,heap        ] GC(2215) ParOldGen: 615284K(615424K)->615284K(615424K)
[798.964s][info][gc,metaspace   ] GC(2215) Metaspace: 35649K(36352K)->35649K(36352K) NonClass: 26438K(26944K)->26438K(26944K) Class: 9210K(9408K)->9210K(9408K)
[798.964s][info][gc             ] GC(2215) Pause Young (Allocation Failure) 894M->600M(909M) 1.818ms
[798.964s][info][gc,cpu         ] GC(2215) User=0.00s Sys=0.00s Real=0.00s
[799.387s][info][gc,start       ] GC(2216) Pause Young (Allocation Failure)
[799.389s][info][gc,heap        ] GC(2216) PSYoungGen: 304192K(315904K)->64K(317440K) Eden: 304128K(304128K)->0K(304128K) From: 64K(11776K)->64K(13312K)
[799.389s][info][gc,heap        ] GC(2216) ParOldGen: 615284K(615424K)->615292K(615424K)
[799.389s][info][gc,metaspace   ] GC(2216) Metaspace: 35649K(36352K)->35649K(36352K) NonClass: 26438K(26944K)->26438K(26944K) Class: 9210K(9408K)->9210K(9408K)
[799.389s][info][gc             ] GC(2216) Pause Young (Allocation Failure) 897M->600M(911M) 1.796ms
[799.389s][info][gc,cpu         ] GC(2216) User=0.00s Sys=0.00s Real=0.01s
[800.710s][info][gc,start       ] GC(2217) Pause Young (Allocation Failure)
[800.712s][info][gc,heap        ] GC(2217) PSYoungGen: 304192K(317440K)->64K(317952K) Eden: 304128K(304128K)->0K(307712K) From: 64K(13312K)->64K(10240K)
[800.712s][info][gc,heap        ] GC(2217) ParOldGen: 615292K(615424K)->615300K(615424K)
[800.712s][info][gc,metaspace   ] GC(2217) Metaspace: 35649K(36352K)->35649K(36352K) NonClass: 26438K(26944K)->26438K(26944K) Class: 9210K(9408K)->9210K(9408K)
[800.712s][info][gc             ] GC(2217) Pause Young (Allocation Failure) 897M->600M(911M) 1.834ms
[800.712s][info][gc,cpu         ] GC(2217) User=0.00s Sys=0.00s Real=0.00s
[801.019s][info][gc,start       ] GC(2218) Pause Young (Allocation Failure)
[801.021s][info][gc,heap        ] GC(2218) PSYoungGen: 307776K(317952K)->64K(295936K) Eden: 307712K(307712K)->0K(295424K) From: 64K(10240K)->64K(512K)
[801.021s][info][gc,heap        ] GC(2218) ParOldGen: 615300K(615424K)->615308K(615424K)
[801.021s][info][gc,metaspace   ] GC(2218) Metaspace: 35649K(36352K)->35649K(36352K) NonClass: 26438K(26944K)->26438K(26944K) Class: 9210K(9408K)->9210K(9408K)
[801.021s][info][gc             ] GC(2218) Pause Young (Allocation Failure) 901M->600M(890M) 2.399ms
[801.021s][info][gc,cpu         ] GC(2218) User=0.01s Sys=0.00s Real=0.00s
[801.833s][info][gc,start       ] GC(2219) Pause Young (Allocation Failure)
[801.835s][info][gc,heap        ] GC(2219) PSYoungGen: 295488K(295936K)->64K(284160K) Eden: 295424K(295424K)->0K(283648K) From: 64K(512K)->64K(512K)
[801.835s][info][gc,heap        ] GC(2219) ParOldGen: 615308K(615424K)->615316K(615424K)
[801.835s][info][gc,metaspace   ] GC(2219) Metaspace: 35649K(36352K)->35649K(36352K) NonClass: 26438K(26944K)->26438K(26944K) Class: 9210K(9408K)->9210K(9408K)
[801.835s][info][gc             ] GC(2219) Pause Young (Allocation Failure) 889M->600M(878M) 2.281ms
[801.835s][info][gc,cpu         ] GC(2219) User=0.01s Sys=0.00s Real=0.00s
[802.558s][info][gc,start       ] GC(2220) Pause Young (Allocation Failure)
[802.560s][info][gc,heap        ] GC(2220) PSYoungGen: 283712K(284160K)->64K(282624K) Eden: 283648K(283648K)->0K(272384K) From: 64K(512K)->64K(10240K)
[802.560s][info][gc,heap        ] GC(2220) ParOldGen: 615316K(615424K)->615324K(615424K)
[802.560s][info][gc,metaspace   ] GC(2220) Metaspace: 35649K(36352K)->35649K(36352K) NonClass: 26438K(26944K)->26438K(26944K) Class: 9210K(9408K)->9210K(9408K)
[802.560s][info][gc             ] GC(2220) Pause Young (Allocation Failure) 877M->600M(877M) 2.479ms
[802.560s][info][gc,cpu         ] GC(2220) User=0.00s Sys=0.00s Real=0.01s
[802.760s][info][gc,start       ] GC(2221) Pause Young (Allocation Failure)
[802.763s][info][gc,heap        ] GC(2221) PSYoungGen: 272448K(282624K)->64K(262144K) Eden: 272384K(272384K)->0K(261632K) From: 64K(10240K)->64K(512K)
[802.763s][info][gc,heap        ] GC(2221) ParOldGen: 615324K(615424K)->615332K(615424K)
[802.763s][info][gc,metaspace   ] GC(2221) Metaspace: 35649K(36352K)->35649K(36352K) NonClass: 26438K(26944K)->26438K(26944K) Class: 9210K(9408K)->9210K(9408K)
[802.763s][info][gc             ] GC(2221) Pause Young (Allocation Failure) 866M->600M(857M) 2.215ms
[802.763s][info][gc,cpu         ] GC(2221) User=0.00s Sys=0.00s Real=0.00s
[802.871s][info][gc,start       ] GC(2222) Pause Young (Allocation Failure)
[802.874s][info][gc,heap        ] GC(2222) PSYoungGen: 261696K(262144K)->32K(292864K) Eden: 261632K(261632K)->0K(284160K) From: 64K(512K)->32K(8704K)
[802.874s][info][gc,heap        ] GC(2222) ParOldGen: 615332K(615424K)->615340K(615424K)
[802.874s][info][gc,metaspace   ] GC(2222) Metaspace: 35649K(36352K)->35649K(36352K) NonClass: 26438K(26944K)->26438K(26944K) Class: 9210K(9408K)->9210K(9408K)
[802.874s][info][gc             ] GC(2222) Pause Young (Allocation Failure) 856M->600M(887M) 3.137ms
[802.874s][info][gc,cpu         ] GC(2222) User=0.00s Sys=0.00s Real=0.00s
[803.472s][info][gc,start       ] GC(2223) Pause Young (Allocation Failure)
[803.475s][info][gc,heap        ] GC(2223) PSYoungGen: 284192K(292864K)->64K(318976K) Eden: 284160K(284160K)->0K(310784K) From: 32K(8704K)->64K(8192K)
[803.475s][info][gc,heap        ] GC(2223) ParOldGen: 615340K(615424K)->615348K(615424K)
[803.475s][info][gc,metaspace   ] GC(2223) Metaspace: 35649K(36352K)->35649K(36352K) NonClass: 26438K(26944K)->26438K(26944K) Class: 9210K(9408K)->9210K(9408K)
[803.475s][info][gc             ] GC(2223) Pause Young (Allocation Failure) 878M->600M(912M) 3.094ms
[803.475s][info][gc,cpu         ] GC(2223) User=0.00s Sys=0.00s Real=0.00s
[803.885s][info][gc,start       ] GC(2224) Pause Young (Allocation Failure)
[803.901s][info][gc,heap        ] GC(2224) PSYoungGen: 310848K(318976K)->6720K(318464K) Eden: 310784K(310784K)->0K(310784K) From: 64K(8192K)->6720K(7680K)
[803.901s][info][gc,heap        ] GC(2224) ParOldGen: 615348K(615424K)->615364K(615424K)
[803.901s][info][gc,metaspace   ] GC(2224) Metaspace: 35649K(36352K)->35649K(36352K) NonClass: 26438K(26944K)->26438K(26944K) Class: 9210K(9408K)->9210K(9408K)
[803.901s][info][gc             ] GC(2224) Pause Young (Allocation Failure) 904M->607M(912M) 15.586ms
[803.901s][info][gc,cpu         ] GC(2224) User=0.03s Sys=0.00s Real=0.02s
[804.302s][info][gc,start       ] GC(2225) Pause Young (Allocation Failure)
[804.377s][info][gc,heap        ] GC(2225) PSYoungGen: 317504K(318464K)->9216K(301056K) Eden: 310784K(310784K)->0K(291840K) From: 6720K(7680K)->9216K(9216K)
[804.377s][info][gc,heap        ] GC(2225) ParOldGen: 615364K(615424K)->641572K(642048K)
[804.377s][info][gc,metaspace   ] GC(2225) Metaspace: 35649K(36352K)->35649K(36352K) NonClass: 26438K(26944K)->26438K(26944K) Class: 9210K(9408K)->9210K(9408K)
[804.377s][info][gc             ] GC(2225) Pause Young (Allocation Failure) 911M->635M(921M) 74.741ms
[804.377s][info][gc,cpu         ] GC(2225) User=0.13s Sys=0.02s Real=0.07s
[804.641s][info][gc,start       ] GC(2226) Pause Young (Allocation Failure)
[804.679s][info][gc,heap        ] GC(2226) PSYoungGen: 301056K(301056K)->20512K(312832K) Eden: 291840K(291840K)->0K(291840K) From: 9216K(9216K)->20512K(20992K)
[804.679s][info][gc,heap        ] GC(2226) ParOldGen: 641572K(642048K)->642292K(642560K)
[804.679s][info][gc,metaspace   ] GC(2226) Metaspace: 35649K(36352K)->35649K(36352K) NonClass: 26438K(26944K)->26438K(26944K) Class: 9210K(9408K)->9210K(9408K)
[804.679s][info][gc             ] GC(2226) Pause Young (Allocation Failure) 920M->647M(933M) 37.839ms
[804.679s][info][gc,cpu         ] GC(2226) User=0.07s Sys=0.00s Real=0.04s
[804.987s][info][gc,start       ] GC(2227) Pause Young (Allocation Failure)
[804.989s][info][gc,heap        ] GC(2227) PSYoungGen: 312352K(312832K)->64K(305664K) Eden: 291840K(291840K)->0K(284672K) From: 20512K(20992K)->64K(20992K)
[804.989s][info][gc,heap        ] GC(2227) ParOldGen: 642292K(642560K)->642300K(642560K)
[804.989s][info][gc,metaspace   ] GC(2227) Metaspace: 35649K(36352K)->35649K(36352K) NonClass: 26438K(26944K)->26438K(26944K) Class: 9210K(9408K)->9210K(9408K)
[804.989s][info][gc             ] GC(2227) Pause Young (Allocation Failure) 932M->627M(926M) 1.952ms
[804.989s][info][gc,cpu         ] GC(2227) User=0.00s Sys=0.00s Real=0.01s
[805.615s][info][gc,start       ] GC(2228) Pause Young (Allocation Failure)
[805.617s][info][gc,heap        ] GC(2228) PSYoungGen: 284736K(305664K)->64K(309248K) Eden: 284672K(284672K)->0K(284672K) From: 64K(20992K)->64K(24576K)
[805.617s][info][gc,heap        ] GC(2228) ParOldGen: 642300K(642560K)->642308K(642560K)
[805.617s][info][gc,metaspace   ] GC(2228) Metaspace: 35649K(36352K)->35649K(36352K) NonClass: 26438K(26944K)->26438K(26944K) Class: 9210K(9408K)->9210K(9408K)
[805.617s][info][gc             ] GC(2228) Pause Young (Allocation Failure) 905M->627M(929M) 1.817ms
[805.617s][info][gc,cpu         ] GC(2228) User=0.00s Sys=0.00s Real=0.00s
[806.087s][info][gc,start       ] GC(2229) Pause Young (Allocation Failure)
[806.089s][info][gc,heap        ] GC(2229) PSYoungGen: 284736K(309248K)->64K(306176K) Eden: 284672K(284672K)->0K(285696K) From: 64K(24576K)->64K(20480K)
[806.089s][info][gc,heap        ] GC(2229) ParOldGen: 642308K(642560K)->642324K(642560K)
[806.089s][info][gc,metaspace   ] GC(2229) Metaspace: 35649K(36352K)->35649K(36352K) NonClass: 26438K(26944K)->26438K(26944K) Class: 9210K(9408K)->9210K(9408K)
[806.089s][info][gc             ] GC(2229) Pause Young (Allocation Failure) 905M->627M(926M) 2.247ms
[806.089s][info][gc,cpu         ] GC(2229) User=0.00s Sys=0.00s Real=0.01s
[806.323s][info][gc,start       ] GC(2230) Pause Young (Allocation Failure)
[806.325s][info][gc,heap        ] GC(2230) PSYoungGen: 285760K(306176K)->64K(308224K) Eden: 285696K(285696K)->0K(285696K) From: 64K(20480K)->64K(22528K)
[806.325s][info][gc,heap        ] GC(2230) ParOldGen: 642324K(642560K)->642340K(642560K)
[806.325s][info][gc,metaspace   ] GC(2230) Metaspace: 35649K(36352K)->35649K(36352K) NonClass: 26438K(26944K)->26438K(26944K) Class: 9210K(9408K)->9210K(9408K)
[806.325s][info][gc             ] GC(2230) Pause Young (Allocation Failure) 906M->627M(928M) 1.836ms
[806.325s][info][gc,cpu         ] GC(2230) User=0.01s Sys=0.00s Real=0.00s
[806.559s][info][gc,start       ] GC(2231) Pause Young (Allocation Failure)
[806.561s][info][gc,heap        ] GC(2231) PSYoungGen: 285760K(308224K)->64K(308224K) Eden: 285696K(285696K)->0K(289792K) From: 64K(22528K)->64K(18432K)
[806.561s][info][gc,heap        ] GC(2231) ParOldGen: 642340K(642560K)->642340K(642560K)
[806.561s][info][gc,metaspace   ] GC(2231) Metaspace: 35649K(36352K)->35649K(36352K) NonClass: 26438K(26944K)->26438K(26944K) Class: 9210K(9408K)->9210K(9408K)
[806.561s][info][gc             ] GC(2231) Pause Young (Allocation Failure) 906M->627M(928M) 1.738ms
[806.561s][info][gc,cpu         ] GC(2231) User=0.00s Sys=0.00s Real=0.00s
[806.875s][info][gc,start       ] GC(2232) Pause Young (Allocation Failure)
[806.876s][info][gc,heap        ] GC(2232) PSYoungGen: 289856K(308224K)->64K(310272K) Eden: 289792K(289792K)->0K(289792K) From: 64K(18432K)->64K(20480K)
[806.876s][info][gc,heap        ] GC(2232) ParOldGen: 642340K(642560K)->642340K(642560K)
[806.876s][info][gc,metaspace   ] GC(2232) Metaspace: 35649K(36352K)->35649K(36352K) NonClass: 26438K(26944K)->26438K(26944K) Class: 9210K(9408K)->9210K(9408K)
[806.876s][info][gc             ] GC(2232) Pause Young (Allocation Failure) 910M->627M(930M) 1.694ms
[806.876s][info][gc,cpu         ] GC(2232) User=0.01s Sys=0.00s Real=0.00s
[806.926s][info][gc,start       ] GC(2233) Pause Young (Allocation Failure)
[806.928s][info][gc,heap        ] GC(2233) PSYoungGen: 289856K(310272K)->64K(310272K) Eden: 289792K(289792K)->0K(293888K) From: 64K(20480K)->64K(16384K)
[806.928s][info][gc,heap        ] GC(2233) ParOldGen: 642340K(642560K)->642356K(642560K)
[806.928s][info][gc,metaspace   ] GC(2233) Metaspace: 35649K(36352K)->35649K(36352K) NonClass: 26438K(26944K)->26438K(26944K) Class: 9210K(9408K)->9210K(9408K)
[806.928s][info][gc             ] GC(2233) Pause Young (Allocation Failure) 910M->627M(930M) 1.617ms
[806.928s][info][gc,cpu         ] GC(2233) User=0.00s Sys=0.00s Real=0.00s
[806.988s][info][gc,start       ] GC(2234) Pause Young (Allocation Failure)
[806.989s][info][gc,heap        ] GC(2234) PSYoungGen: 293952K(310272K)->64K(312320K) Eden: 293888K(293888K)->0K(293888K) From: 64K(16384K)->64K(18432K)
[806.989s][info][gc,heap        ] GC(2234) ParOldGen: 642356K(642560K)->642356K(642560K)
[806.989s][info][gc,metaspace   ] GC(2234) Metaspace: 35649K(36352K)->35649K(36352K) NonClass: 26438K(26944K)->26438K(26944K) Class: 9210K(9408K)->9210K(9408K)
[806.989s][info][gc             ] GC(2234) Pause Young (Allocation Failure) 914M->627M(932M) 1.655ms
[806.989s][info][gc,cpu         ] GC(2234) User=0.00s Sys=0.00s Real=0.01s
[807.302s][info][gc,start       ] GC(2235) Pause Young (Allocation Failure)
[807.303s][info][gc,heap        ] GC(2235) PSYoungGen: 293952K(312320K)->64K(312320K) Eden: 293888K(293888K)->0K(297984K) From: 64K(18432K)->64K(14336K)
[807.303s][info][gc,heap        ] GC(2235) ParOldGen: 642356K(642560K)->642372K(642560K)
[807.303s][info][gc,metaspace   ] GC(2235) Metaspace: 35649K(36352K)->35649K(36352K) NonClass: 26438K(26944K)->26438K(26944K) Class: 9210K(9408K)->9210K(9408K)
[807.303s][info][gc             ] GC(2235) Pause Young (Allocation Failure) 914M->627M(932M) 1.770ms
[807.303s][info][gc,cpu         ] GC(2235) User=0.00s Sys=0.00s Real=0.00s
[807.546s][info][gc,start       ] GC(2236) Pause Young (Allocation Failure)
[807.547s][info][gc,heap        ] GC(2236) PSYoungGen: 298048K(312320K)->64K(314368K) Eden: 297984K(297984K)->0K(297984K) From: 64K(14336K)->64K(16384K)
[807.547s][info][gc,heap        ] GC(2236) ParOldGen: 642372K(642560K)->642372K(642560K)
[807.547s][info][gc,metaspace   ] GC(2236) Metaspace: 35649K(36352K)->35649K(36352K) NonClass: 26438K(26944K)->26438K(26944K) Class: 9210K(9408K)->9210K(9408K)
[807.547s][info][gc             ] GC(2236) Pause Young (Allocation Failure) 918M->627M(934M) 1.687ms
[807.547s][info][gc,cpu         ] GC(2236) User=0.00s Sys=0.00s Real=0.00s
[807.629s][info][gc,start       ] GC(2237) Pause Young (Allocation Failure)
[807.631s][info][gc,heap        ] GC(2237) PSYoungGen: 298048K(314368K)->64K(314880K) Eden: 297984K(297984K)->0K(301568K) From: 64K(16384K)->64K(13312K)
[807.631s][info][gc,heap        ] GC(2237) ParOldGen: 642372K(642560K)->642388K(642560K)
[807.631s][info][gc,metaspace   ] GC(2237) Metaspace: 35649K(36352K)->35649K(36352K) NonClass: 26438K(26944K)->26438K(26944K) Class: 9210K(9408K)->9210K(9408K)
[807.631s][info][gc             ] GC(2237) Pause Young (Allocation Failure) 918M->627M(935M) 1.754ms
[807.631s][info][gc,cpu         ] GC(2237) User=0.00s Sys=0.00s Real=0.00s
[807.783s][info][gc,start       ] GC(2238) Pause Young (Allocation Failure)
[807.784s][info][gc,heap        ] GC(2238) PSYoungGen: 301632K(314880K)->64K(316416K) Eden: 301568K(301568K)->0K(301568K) From: 64K(13312K)->64K(14848K)
[807.785s][info][gc,heap        ] GC(2238) ParOldGen: 642388K(642560K)->642388K(642560K)
[807.785s][info][gc,metaspace   ] GC(2238) Metaspace: 35649K(36352K)->35649K(36352K) NonClass: 26438K(26944K)->26438K(26944K) Class: 9210K(9408K)->9210K(9408K)
[807.785s][info][gc             ] GC(2238) Pause Young (Allocation Failure) 921M->627M(936M) 1.666ms
[807.785s][info][gc,cpu         ] GC(2238) User=0.01s Sys=0.00s Real=0.00s
[808.205s][info][gc,start       ] GC(2239) Pause Young (Allocation Failure)
[808.207s][info][gc,heap        ] GC(2239) PSYoungGen: 301632K(316416K)->64K(316416K) Eden: 301568K(301568K)->0K(305152K) From: 64K(14848K)->64K(11264K)
[808.207s][info][gc,heap        ] GC(2239) ParOldGen: 642388K(642560K)->642396K(642560K)
[808.207s][info][gc,metaspace   ] GC(2239) Metaspace: 35649K(36352K)->35649K(36352K) NonClass: 26438K(26944K)->26438K(26944K) Class: 9210K(9408K)->9210K(9408K)
[808.207s][info][gc             ] GC(2239) Pause Young (Allocation Failure) 921M->627M(936M) 1.787ms
[808.207s][info][gc,cpu         ] GC(2239) User=0.00s Sys=0.00s Real=0.00s
[809.526s][info][gc,start       ] GC(2240) Pause Young (Allocation Failure)
[809.529s][info][gc,heap        ] GC(2240) PSYoungGen: 305216K(316416K)->64K(293376K) Eden: 305152K(305152K)->0K(292864K) From: 64K(11264K)->64K(512K)
[809.529s][info][gc,heap        ] GC(2240) ParOldGen: 642396K(642560K)->642404K(642560K)
[809.529s][info][gc,metaspace   ] GC(2240) Metaspace: 35649K(36352K)->35649K(36352K) NonClass: 26438K(26944K)->26438K(26944K) Class: 9210K(9408K)->9210K(9408K)
[809.529s][info][gc             ] GC(2240) Pause Young (Allocation Failure) 925M->627M(914M) 2.233ms
[809.529s][info][gc,cpu         ] GC(2240) User=0.01s Sys=0.00s Real=0.01s
[809.808s][info][gc,start       ] GC(2241) Pause Young (Allocation Failure)
[809.810s][info][gc,heap        ] GC(2241) PSYoungGen: 292928K(293376K)->64K(281600K) Eden: 292864K(292864K)->0K(281088K) From: 64K(512K)->64K(512K)
[809.810s][info][gc,heap        ] GC(2241) ParOldGen: 642404K(642560K)->642412K(642560K)
[809.810s][info][gc,metaspace   ] GC(2241) Metaspace: 35649K(36352K)->35649K(36352K) NonClass: 26438K(26944K)->26438K(26944K) Class: 9210K(9408K)->9210K(9408K)
[809.810s][info][gc             ] GC(2241) Pause Young (Allocation Failure) 913M->627M(902M) 2.538ms
[809.810s][info][gc,cpu         ] GC(2241) User=0.00s Sys=0.00s Real=0.01s
[810.290s][info][gc,start       ] GC(2242) Pause Young (Allocation Failure)
[810.292s][info][gc,heap        ] GC(2242) PSYoungGen: 281152K(281600K)->64K(281600K) Eden: 281088K(281088K)->0K(270336K) From: 64K(512K)->64K(11264K)
[810.292s][info][gc,heap        ] GC(2242) ParOldGen: 642412K(642560K)->642420K(642560K)
[810.292s][info][gc,metaspace   ] GC(2242) Metaspace: 35649K(36352K)->35649K(36352K) NonClass: 26438K(26944K)->26438K(26944K) Class: 9210K(9408K)->9210K(9408K)
[810.292s][info][gc             ] GC(2242) Pause Young (Allocation Failure) 901M->627M(902M) 1.903ms
[810.292s][info][gc,cpu         ] GC(2242) User=0.00s Sys=0.00s Real=0.00s
[811.227s][info][gc,start       ] GC(2243) Pause Young (Allocation Failure)
[811.230s][info][gc,heap        ] GC(2243) PSYoungGen: 270400K(281600K)->64K(260608K) Eden: 270336K(270336K)->0K(260096K) From: 64K(11264K)->64K(512K)
[811.230s][info][gc,heap        ] GC(2243) ParOldGen: 642420K(642560K)->642428K(642560K)
[811.230s][info][gc,metaspace   ] GC(2243) Metaspace: 35649K(36352K)->35649K(36352K) NonClass: 26438K(26944K)->26438K(26944K) Class: 9210K(9408K)->9210K(9408K)
[811.230s][info][gc             ] GC(2243) Pause Young (Allocation Failure) 891M->627M(882M) 2.653ms
[811.230s][info][gc,cpu         ] GC(2243) User=0.00s Sys=0.00s Real=0.01s
[811.598s][info][gc,start       ] GC(2244) Pause Young (Allocation Failure)
[811.600s][info][gc,heap        ] GC(2244) PSYoungGen: 260160K(260608K)->64K(260096K) Eden: 260096K(260096K)->0K(250368K) From: 64K(512K)->64K(9728K)
[811.600s][info][gc,heap        ] GC(2244) ParOldGen: 642428K(642560K)->642436K(642560K)
[811.600s][info][gc,metaspace   ] GC(2244) Metaspace: 35649K(36352K)->35649K(36352K) NonClass: 26438K(26944K)->26438K(26944K) Class: 9210K(9408K)->9210K(9408K)
[811.600s][info][gc             ] GC(2244) Pause Young (Allocation Failure) 881M->627M(881M) 2.592ms
[811.600s][info][gc,cpu         ] GC(2244) User=0.00s Sys=0.00s Real=0.01s
[811.670s][info][gc,start       ] GC(2245) Pause Young (Allocation Failure)
[811.672s][info][gc,heap        ] GC(2245) PSYoungGen: 250432K(260096K)->64K(289280K) Eden: 250368K(250368K)->0K(280064K) From: 64K(9728K)->64K(9216K)
[811.672s][info][gc,heap        ] GC(2245) ParOldGen: 642436K(642560K)->642444K(642560K)
[811.672s][info][gc,metaspace   ] GC(2245) Metaspace: 35649K(36352K)->35649K(36352K) NonClass: 26438K(26944K)->26438K(26944K) Class: 9210K(9408K)->9210K(9408K)
[811.672s][info][gc             ] GC(2245) Pause Young (Allocation Failure) 871M->627M(910M) 1.837ms
[811.672s][info][gc,cpu         ] GC(2245) User=0.01s Sys=0.00s Real=0.00s
[812.289s][info][gc,start       ] GC(2246) Pause Young (Allocation Failure)
[812.292s][info][gc,heap        ] GC(2246) PSYoungGen: 280128K(289280K)->64K(269824K) Eden: 280064K(280064K)->0K(269312K) From: 64K(9216K)->64K(512K)
[812.293s][info][gc,heap        ] GC(2246) ParOldGen: 642444K(642560K)->642452K(642560K)
[812.293s][info][gc,metaspace   ] GC(2246) Metaspace: 35649K(36352K)->35649K(36352K) NonClass: 26438K(26944K)->26438K(26944K) Class: 9210K(9408K)->9210K(9408K)
[812.293s][info][gc             ] GC(2246) Pause Young (Allocation Failure) 900M->627M(891M) 3.901ms
[812.293s][info][gc,cpu         ] GC(2246) User=0.00s Sys=0.00s Real=0.00s
[812.550s][info][gc,start       ] GC(2247) Pause Young (Allocation Failure)
[812.553s][info][gc,heap        ] GC(2247) PSYoungGen: 269376K(269824K)->64K(259584K) Eden: 269312K(269312K)->0K(259072K) From: 64K(512K)->64K(512K)
[812.553s][info][gc,heap        ] GC(2247) ParOldGen: 642452K(642560K)->642460K(642560K)
[812.553s][info][gc,metaspace   ] GC(2247) Metaspace: 35649K(36352K)->35649K(36352K) NonClass: 26438K(26944K)->26438K(26944K) Class: 9210K(9408K)->9210K(9408K)
[812.553s][info][gc             ] GC(2247) Pause Young (Allocation Failure) 890M->627M(881M) 2.762ms
[812.553s][info][gc,cpu         ] GC(2247) User=0.00s Sys=0.00s Real=0.00s
[812.931s][info][gc,start       ] GC(2248) Pause Young (Allocation Failure)
[812.980s][info][gc,heap        ] GC(2248) PSYoungGen: 259136K(259584K)->7168K(274432K) Eden: 259072K(259072K)->0K(267264K) From: 64K(512K)->7168K(7168K)
[812.980s][info][gc,heap        ] GC(2248) ParOldGen: 642460K(642560K)->658756K(658944K)
[812.980s][info][gc,metaspace   ] GC(2248) Metaspace: 35649K(36352K)->35649K(36352K) NonClass: 26438K(26944K)->26438K(26944K) Class: 9210K(9408K)->9210K(9408K)
[812.980s][info][gc             ] GC(2248) Pause Young (Allocation Failure) 880M->650M(911M) 49.426ms
[812.980s][info][gc,cpu         ] GC(2248) User=0.08s Sys=0.01s Real=0.05s
[813.327s][info][gc,start       ] GC(2249) Pause Full (Allocation Failure)
[813.327s][info][gc,phases,start] GC(2249) Marking Phase
[813.416s][info][gc,phases      ] GC(2249) Marking Phase 89.346ms
[813.416s][info][gc,phases,start] GC(2249) Summary Phase
[813.416s][info][gc,phases      ] GC(2249) Summary Phase 0.026ms
[813.416s][info][gc,phases,start] GC(2249) Forward
[813.442s][info][gc,phases      ] GC(2249) Forward 26.057ms
[813.442s][info][gc,phases,start] GC(2249) Adjust Pointers
[813.489s][info][gc,phases      ] GC(2249) Adjust Pointers 46.232ms
[813.489s][info][gc,phases,start] GC(2249) Compaction Phase
[813.517s][info][gc,phases      ] GC(2249) Compaction Phase 28.608ms
[813.517s][info][gc,phases,start] GC(2249) Post Compact
[813.520s][info][metaspace      ] ChkMgr @0x00007f08b403f1d0 (non-class-space): : reclaiming memory...
[813.520s][info][metaspace      ] ChkMgr @0x00007f08b403f1d0 (non-class-space): nothing reclaimed.
[813.520s][info][metaspace      ] ChkMgr @0x00007f08b403efe0 (class-space): : reclaiming memory...
[813.520s][info][metaspace      ] ChkMgr @0x00007f08b403efe0 (class-space): nothing reclaimed.
[813.520s][info][gc,phases      ] GC(2249) Post Compact 2.494ms
[813.557s][info][gc,heap        ] GC(2249) PSYoungGen: 274432K(274432K)->0K(318464K) Eden: 267264K(267264K)->0K(303104K) From: 7168K(7168K)->0K(15360K)
[813.557s][info][gc,heap        ] GC(2249) ParOldGen: 658756K(658944K)->86490K(175104K)
[813.557s][info][gc,metaspace   ] GC(2249) Metaspace: 35649K(36352K)->35608K(36352K) NonClass: 26438K(26944K)->26398K(26944K) Class: 9210K(9408K)->9210K(9408K)
[813.557s][info][gc             ] GC(2249) Pause Full (Allocation Failure) 911M->84M(482M) 230.362ms
[813.557s][info][gc,cpu         ] GC(2249) User=0.35s Sys=0.04s Real=0.23s
[813.734s][info][gc,start       ] GC(2250) Pause Young (Allocation Failure)
[813.758s][info][gc,heap        ] GC(2250) PSYoungGen: 303104K(318464K)->8768K(312320K) Eden: 303104K(303104K)->0K(303104K) From: 0K(15360K)->8768K(9216K)
[813.758s][info][gc,heap        ] GC(2250) ParOldGen: 86490K(175104K)->86490K(175104K)
[813.758s][info][gc,metaspace   ] GC(2250) Metaspace: 35608K(36352K)->35608K(36352K) NonClass: 26398K(26944K)->26398K(26944K) Class: 9210K(9408K)->9210K(9408K)
[813.758s][info][gc             ] GC(2250) Pause Young (Allocation Failure) 380M->93M(476M) 24.664ms
[813.758s][info][gc,cpu         ] GC(2250) User=0.04s Sys=0.00s Real=0.02s
[814.347s][info][gc,start       ] GC(2251) Pause Young (Allocation Failure)
[814.348s][info][gc,heap        ] GC(2251) PSYoungGen: 311872K(312320K)->64K(318464K) Eden: 303104K(303104K)->0K(302592K) From: 8768K(9216K)->64K(15872K)
[814.348s][info][gc,heap        ] GC(2251) ParOldGen: 86490K(175104K)->86498K(175104K)
[814.348s][info][gc,metaspace   ] GC(2251) Metaspace: 35608K(36352K)->35608K(36352K) NonClass: 26398K(26944K)->26398K(26944K) Class: 9210K(9408K)->9210K(9408K)
[814.348s][info][gc             ] GC(2251) Pause Young (Allocation Failure) 389M->84M(482M) 0.699ms
[814.348s][info][gc,cpu         ] GC(2251) User=0.00s Sys=0.00s Real=0.00s
[814.796s][info][gc,start       ] GC(2252) Pause Young (Allocation Failure)
[814.797s][info][gc,heap        ] GC(2252) PSYoungGen: 302656K(318464K)->64K(303104K) Eden: 302592K(302592K)->0K(302592K) From: 64K(15872K)->64K(512K)
[814.797s][info][gc,heap        ] GC(2252) ParOldGen: 86498K(175104K)->86506K(175104K)
[814.797s][info][gc,metaspace   ] GC(2252) Metaspace: 35608K(36352K)->35608K(36352K) NonClass: 26398K(26944K)->26398K(26944K) Class: 9210K(9408K)->9210K(9408K)
[814.797s][info][gc             ] GC(2252) Pause Young (Allocation Failure) 380M->84M(467M) 0.613ms
[814.797s][info][gc,cpu         ] GC(2252) User=0.00s Sys=0.01s Real=0.00s
[815.246s][info][gc,start       ] GC(2253) Pause Young (Allocation Failure)
[815.247s][info][gc,heap        ] GC(2253) PSYoungGen: 302656K(303104K)->64K(317952K) Eden: 302592K(302592K)->0K(303104K) From: 64K(512K)->64K(14848K)
[815.247s][info][gc,heap        ] GC(2253) ParOldGen: 86506K(175104K)->86522K(175104K)
[815.247s][info][gc,metaspace   ] GC(2253) Metaspace: 35608K(36352K)->35608K(36352K) NonClass: 26398K(26944K)->26398K(26944K) Class: 9210K(9408K)->9210K(9408K)
[815.247s][info][gc             ] GC(2253) Pause Young (Allocation Failure) 380M->84M(481M) 0.704ms
[815.247s][info][gc,cpu         ] GC(2253) User=0.00s Sys=0.00s Real=0.00s
[815.495s][info][gc,start       ] GC(2254) Pause Young (Allocation Failure)
[815.496s][info][gc,heap        ] GC(2254) PSYoungGen: 303168K(317952K)->64K(317440K) Eden: 303104K(303104K)->0K(303104K) From: 64K(14848K)->64K(14336K)
[815.496s][info][gc,heap        ] GC(2254) ParOldGen: 86522K(175104K)->86538K(175104K)
[815.496s][info][gc,metaspace   ] GC(2254) Metaspace: 35608K(36352K)->35608K(36352K) NonClass: 26398K(26944K)->26398K(26944K) Class: 9210K(9408K)->9210K(9408K)
[815.496s][info][gc             ] GC(2254) Pause Young (Allocation Failure) 380M->84M(481M) 0.637ms
[815.496s][info][gc,cpu         ] GC(2254) User=0.00s Sys=0.00s Real=0.00s
[815.867s][info][gc,start       ] GC(2255) Pause Young (Allocation Failure)
[815.868s][info][gc,heap        ] GC(2255) PSYoungGen: 303168K(317440K)->64K(318464K) Eden: 303104K(303104K)->0K(305152K) From: 64K(14336K)->64K(13312K)
[815.868s][info][gc,heap        ] GC(2255) ParOldGen: 86538K(175104K)->86538K(175104K)
[815.868s][info][gc,metaspace   ] GC(2255) Metaspace: 35608K(36352K)->35608K(36352K) NonClass: 26398K(26944K)->26398K(26944K) Class: 9210K(9408K)->9210K(9408K)
[815.868s][info][gc             ] GC(2255) Pause Young (Allocation Failure) 380M->84M(482M) 0.616ms
[815.868s][info][gc,cpu         ] GC(2255) User=0.00s Sys=0.00s Real=0.00s
[815.934s][info][gc,start       ] GC(2256) Pause Young (Allocation Failure)
[815.935s][info][gc,heap        ] GC(2256) PSYoungGen: 305216K(318464K)->64K(293376K) Eden: 305152K(305152K)->0K(292864K) From: 64K(13312K)->64K(512K)
[815.935s][info][gc,heap        ] GC(2256) ParOldGen: 86538K(175104K)->86546K(175104K)
[815.935s][info][gc,metaspace   ] GC(2256) Metaspace: 35608K(36352K)->35608K(36352K) NonClass: 26398K(26944K)->26398K(26944K) Class: 9210K(9408K)->9210K(9408K)
[815.935s][info][gc             ] GC(2256) Pause Young (Allocation Failure) 382M->84M(457M) 0.572ms
[815.935s][info][gc,cpu         ] GC(2256) User=0.00s Sys=0.00s Real=0.00s
[815.986s][info][gc,start       ] GC(2257) Pause Young (Allocation Failure)
[815.987s][info][gc,heap        ] GC(2257) PSYoungGen: 292928K(293376K)->64K(282112K) Eden: 292864K(292864K)->0K(281600K) From: 64K(512K)->64K(512K)
[815.987s][info][gc,heap        ] GC(2257) ParOldGen: 86546K(175104K)->86562K(175104K)
[815.987s][info][gc,metaspace   ] GC(2257) Metaspace: 35608K(36352K)->35608K(36352K) NonClass: 26398K(26944K)->26398K(26944K) Class: 9210K(9408K)->9210K(9408K)
[815.987s][info][gc             ] GC(2257) Pause Young (Allocation Failure) 370M->84M(446M) 0.964ms
[815.987s][info][gc,cpu         ] GC(2257) User=0.00s Sys=0.00s Real=0.00s
[816.224s][info][gc,start       ] GC(2258) Pause Young (Allocation Failure)
[816.224s][info][gc,heap        ] GC(2258) PSYoungGen: 281664K(282112K)->64K(282112K) Eden: 281600K(281600K)->0K(270848K) From: 64K(512K)->64K(11264K)
[816.224s][info][gc,heap        ] GC(2258) ParOldGen: 86562K(175104K)->86562K(175104K)
[816.224s][info][gc,metaspace   ] GC(2258) Metaspace: 35608K(36352K)->35608K(36352K) NonClass: 26398K(26944K)->26398K(26944K) Class: 9210K(9408K)->9210K(9408K)
[816.224s][info][gc             ] GC(2258) Pause Young (Allocation Failure) 359M->84M(446M) 0.549ms
[816.224s][info][gc,cpu         ] GC(2258) User=0.00s Sys=0.00s Real=0.00s
[816.482s][info][gc,start       ] GC(2259) Pause Young (Allocation Failure)
[816.484s][info][gc,heap        ] GC(2259) PSYoungGen: 270912K(282112K)->64K(261120K) Eden: 270848K(270848K)->0K(260608K) From: 64K(11264K)->64K(512K)
[816.484s][info][gc,heap        ] GC(2259) ParOldGen: 86562K(175104K)->86570K(175104K)
[816.484s][info][gc,metaspace   ] GC(2259) Metaspace: 35608K(36352K)->35608K(36352K) NonClass: 26398K(26944K)->26398K(26944K) Class: 9210K(9408K)->9210K(9408K)
[816.484s][info][gc             ] GC(2259) Pause Young (Allocation Failure) 349M->84M(426M) 1.560ms
[816.484s][info][gc,cpu         ] GC(2259) User=0.00s Sys=0.00s Real=0.00s
[816.605s][info][gc,start       ] GC(2260) Pause Young (Allocation Failure)
[816.605s][info][gc,heap        ] GC(2260) PSYoungGen: 260672K(261120K)->64K(261120K) Eden: 260608K(260608K)->0K(250880K) From: 64K(512K)->64K(10240K)
[816.605s][info][gc,heap        ] GC(2260) ParOldGen: 86570K(175104K)->86578K(175104K)
[816.605s][info][gc,metaspace   ] GC(2260) Metaspace: 35608K(36352K)->35608K(36352K) NonClass: 26398K(26944K)->26398K(26944K) Class: 9210K(9408K)->9210K(9408K)
[816.605s][info][gc             ] GC(2260) Pause Young (Allocation Failure) 339M->84M(426M) 0.591ms
[816.605s][info][gc,cpu         ] GC(2260) User=0.00s Sys=0.00s Real=0.00s
[816.675s][info][gc,start       ] GC(2261) Pause Young (Allocation Failure)
[816.676s][info][gc,heap        ] GC(2261) PSYoungGen: 250944K(261120K)->64K(241664K) Eden: 250880K(250880K)->0K(241152K) From: 64K(10240K)->64K(512K)
[816.676s][info][gc,heap        ] GC(2261) ParOldGen: 86578K(175104K)->86594K(175104K)
[816.676s][info][gc,metaspace   ] GC(2261) Metaspace: 35608K(36352K)->35608K(36352K) NonClass: 26398K(26944K)->26398K(26944K) Class: 9210K(9408K)->9210K(9408K)
[816.676s][info][gc             ] GC(2261) Pause Young (Allocation Failure) 329M->84M(407M) 1.405ms
[816.676s][info][gc,cpu         ] GC(2261) User=0.00s Sys=0.00s Real=0.00s
[816.828s][info][gc,start       ] GC(2262) Pause Young (Allocation Failure)
[816.828s][info][gc,heap        ] GC(2262) PSYoungGen: 241216K(241664K)->64K(240640K) Eden: 241152K(241152K)->0K(231936K) From: 64K(512K)->64K(8704K)
[816.829s][info][gc,heap        ] GC(2262) ParOldGen: 86594K(175104K)->86594K(175104K)
[816.829s][info][gc,metaspace   ] GC(2262) Metaspace: 35608K(36352K)->35608K(36352K) NonClass: 26398K(26944K)->26398K(26944K) Class: 9210K(9408K)->9210K(9408K)
[816.829s][info][gc             ] GC(2262) Pause Young (Allocation Failure) 320M->84M(406M) 0.721ms
[816.829s][info][gc,cpu         ] GC(2262) User=0.00s Sys=0.00s Real=0.01s
[817.194s][info][gc,start       ] GC(2263) Pause Young (Allocation Failure)
[817.195s][info][gc,heap        ] GC(2263) PSYoungGen: 232000K(240640K)->64K(223744K) Eden: 231936K(231936K)->0K(223232K) From: 64K(8704K)->64K(512K)
[817.195s][info][gc,heap        ] GC(2263) ParOldGen: 86594K(175104K)->86602K(175104K)
[817.195s][info][gc,metaspace   ] GC(2263) Metaspace: 35608K(36352K)->35608K(36352K) NonClass: 26398K(26944K)->26398K(26944K) Class: 9210K(9408K)->9210K(9408K)
[817.195s][info][gc             ] GC(2263) Pause Young (Allocation Failure) 311M->84M(389M) 1.457ms
[817.195s][info][gc,cpu         ] GC(2263) User=0.00s Sys=0.00s Real=0.00s
[817.792s][info][gc,start       ] GC(2264) Pause Young (Allocation Failure)
[817.793s][info][gc,heap        ] GC(2264) PSYoungGen: 223296K(223744K)->83K(222720K) Eden: 223232K(223232K)->0K(215040K) From: 64K(512K)->83K(7680K)
[817.793s][info][gc,heap        ] GC(2264) ParOldGen: 86602K(175104K)->86610K(175104K)
[817.793s][info][gc,metaspace   ] GC(2264) Metaspace: 35608K(36352K)->35608K(36352K) NonClass: 26398K(26944K)->26398K(26944K) Class: 9210K(9408K)->9210K(9408K)
[817.793s][info][gc             ] GC(2264) Pause Young (Allocation Failure) 302M->84M(388M) 0.586ms
[817.793s][info][gc,cpu         ] GC(2264) User=0.00s Sys=0.00s Real=0.00s
[818.611s][info][gc,start       ] GC(2265) Pause Young (Allocation Failure)
[818.613s][info][gc,heap        ] GC(2265) PSYoungGen: 215123K(222720K)->64K(207872K) Eden: 215040K(215040K)->0K(207360K) From: 83K(7680K)->64K(512K)
[818.613s][info][gc,heap        ] GC(2265) ParOldGen: 86610K(175104K)->86618K(175104K)
[818.613s][info][gc,metaspace   ] GC(2265) Metaspace: 35608K(36352K)->35608K(36352K) NonClass: 26398K(26944K)->26398K(26944K) Class: 9210K(9408K)->9210K(9408K)
[818.613s][info][gc             ] GC(2265) Pause Young (Allocation Failure) 294M->84M(374M) 1.249ms
[818.613s][info][gc,cpu         ] GC(2265) User=0.00s Sys=0.00s Real=0.00s
[818.862s][info][gc,start       ] GC(2266) Pause Young (Allocation Failure)
[818.863s][info][gc,heap        ] GC(2266) PSYoungGen: 207424K(207872K)->64K(206336K) Eden: 207360K(207360K)->0K(199680K) From: 64K(512K)->64K(6656K)
[818.863s][info][gc,heap        ] GC(2266) ParOldGen: 86618K(175104K)->86626K(175104K)
[818.863s][info][gc,metaspace   ] GC(2266) Metaspace: 35608K(36352K)->35608K(36352K) NonClass: 26398K(26944K)->26398K(26944K) Class: 9210K(9408K)->9210K(9408K)
[818.863s][info][gc             ] GC(2266) Pause Young (Allocation Failure) 287M->84M(372M) 0.542ms
[818.863s][info][gc,cpu         ] GC(2266) User=0.00s Sys=0.00s Real=0.00s
[819.165s][info][gc,start       ] GC(2267) Pause Young (Allocation Failure)
[819.166s][info][gc,heap        ] GC(2267) PSYoungGen: 199744K(206336K)->64K(193024K) Eden: 199680K(199680K)->0K(192512K) From: 64K(6656K)->64K(512K)
[819.166s][info][gc,heap        ] GC(2267) ParOldGen: 86626K(175104K)->86642K(175104K)
[819.166s][info][gc,metaspace   ] GC(2267) Metaspace: 35608K(36352K)->35608K(36352K) NonClass: 26398K(26944K)->26398K(26944K) Class: 9210K(9408K)->9210K(9408K)
[819.166s][info][gc             ] GC(2267) Pause Young (Allocation Failure) 279M->84M(359M) 1.422ms
[819.166s][info][gc,cpu         ] GC(2267) User=0.00s Sys=0.00s Real=0.00s
[820.070s][info][gc,start       ] GC(2268) Pause Young (Allocation Failure)
[820.071s][info][gc,heap        ] GC(2268) PSYoungGen: 192576K(193024K)->64K(192000K) Eden: 192512K(192512K)->0K(185856K) From: 64K(512K)->64K(6144K)
[820.071s][info][gc,heap        ] GC(2268) ParOldGen: 86642K(175104K)->86650K(175104K)
[820.071s][info][gc,metaspace   ] GC(2268) Metaspace: 35608K(36352K)->35608K(36352K) NonClass: 26398K(26944K)->26398K(26944K) Class: 9210K(9408K)->9210K(9408K)
[820.071s][info][gc             ] GC(2268) Pause Young (Allocation Failure) 272M->84M(358M) 1.053ms
[820.071s][info][gc,cpu         ] GC(2268) User=0.00s Sys=0.00s Real=0.00s
[820.251s][info][gc,start       ] GC(2269) Pause Young (Allocation Failure)
[820.253s][info][gc,heap        ] GC(2269) PSYoungGen: 185920K(192000K)->64K(179712K) Eden: 185856K(185856K)->0K(179200K) From: 64K(6144K)->64K(512K)
[820.253s][info][gc,heap        ] GC(2269) ParOldGen: 86650K(175104K)->86666K(175104K)
[820.253s][info][gc,metaspace   ] GC(2269) Metaspace: 35608K(36352K)->35608K(36352K) NonClass: 26398K(26944K)->26398K(26944K) Class: 9210K(9408K)->9210K(9408K)
[820.253s][info][gc             ] GC(2269) Pause Young (Allocation Failure) 266M->84M(346M) 1.544ms
[820.253s][info][gc,cpu         ] GC(2269) User=0.00s Sys=0.00s Real=0.00s
[820.548s][info][gc,start       ] GC(2270) Pause Young (Allocation Failure)
[820.549s][info][gc,heap        ] GC(2270) PSYoungGen: 179264K(179712K)->64K(178176K) Eden: 179200K(179200K)->0K(173056K) From: 64K(512K)->64K(5120K)
[820.549s][info][gc,heap        ] GC(2270) ParOldGen: 86666K(175104K)->86682K(175104K)
[820.549s][info][gc,metaspace   ] GC(2270) Metaspace: 35608K(36352K)->35608K(36352K) NonClass: 26398K(26944K)->26398K(26944K) Class: 9210K(9408K)->9210K(9408K)
[820.549s][info][gc             ] GC(2270) Pause Young (Allocation Failure) 259M->84M(345M) 0.841ms
[820.549s][info][gc,cpu         ] GC(2270) User=0.00s Sys=0.00s Real=0.01s
[820.629s][info][gc,start       ] GC(2271) Pause Young (Allocation Failure)
[820.631s][info][gc,heap        ] GC(2271) PSYoungGen: 173120K(178176K)->64K(167936K) Eden: 173056K(173056K)->0K(167424K) From: 64K(5120K)->64K(512K)
[820.631s][info][gc,heap        ] GC(2271) ParOldGen: 86682K(175104K)->86698K(175104K)
[820.631s][info][gc,metaspace   ] GC(2271) Metaspace: 35608K(36352K)->35608K(36352K) NonClass: 26398K(26944K)->26398K(26944K) Class: 9210K(9408K)->9210K(9408K)
[820.631s][info][gc             ] GC(2271) Pause Young (Allocation Failure) 253M->84M(335M) 1.593ms
[820.631s][info][gc,cpu         ] GC(2271) User=0.00s Sys=0.01s Real=0.00s
[820.717s][info][gc,start       ] GC(2272) Pause Young (Allocation Failure)
[820.718s][info][gc,heap        ] GC(2272) PSYoungGen: 167488K(167936K)->64K(166400K) Eden: 167424K(167424K)->0K(161792K) From: 64K(512K)->64K(4608K)
[820.718s][info][gc,heap        ] GC(2272) ParOldGen: 86698K(175104K)->86714K(175104K)
[820.718s][info][gc,metaspace   ] GC(2272) Metaspace: 35608K(36352K)->35608K(36352K) NonClass: 26398K(26944K)->26398K(26944K) Class: 9210K(9408K)->9210K(9408K)
[820.718s][info][gc             ] GC(2272) Pause Young (Allocation Failure) 248M->84M(333M) 0.990ms
[820.718s][info][gc,cpu         ] GC(2272) User=0.00s Sys=0.00s Real=0.00s
[821.109s][info][gc,start       ] GC(2273) Pause Young (Allocation Failure)
[821.110s][info][gc,heap        ] GC(2273) PSYoungGen: 161856K(166400K)->64K(157184K) Eden: 161792K(161792K)->0K(156672K) From: 64K(4608K)->64K(512K)
[821.110s][info][gc,heap        ] GC(2273) ParOldGen: 86714K(175104K)->86730K(175104K)
[821.110s][info][gc,metaspace   ] GC(2273) Metaspace: 35608K(36352K)->35608K(36352K) NonClass: 26398K(26944K)->26398K(26944K) Class: 9210K(9408K)->9210K(9408K)
[821.110s][info][gc             ] GC(2273) Pause Young (Allocation Failure) 242M->84M(324M) 1.206ms
[821.110s][info][gc,cpu         ] GC(2273) User=0.00s Sys=0.00s Real=0.00s
[821.334s][info][gc,start       ] GC(2274) Pause Young (Allocation Failure)
[821.335s][info][gc,heap        ] GC(2274) PSYoungGen: 156736K(157184K)->64K(155648K) Eden: 156672K(156672K)->0K(151552K) From: 64K(512K)->64K(4096K)
[821.335s][info][gc,heap        ] GC(2274) ParOldGen: 86730K(175104K)->86746K(175104K)
[821.335s][info][gc,metaspace   ] GC(2274) Metaspace: 35608K(36352K)->35608K(36352K) NonClass: 26398K(26944K)->26398K(26944K) Class: 9210K(9408K)->9210K(9408K)
[821.335s][info][gc             ] GC(2274) Pause Young (Allocation Failure) 237M->84M(323M) 0.862ms
[821.335s][info][gc,cpu         ] GC(2274) User=0.00s Sys=0.00s Real=0.00s
[821.504s][info][gc,start       ] GC(2275) Pause Young (Allocation Failure)
[821.506s][info][gc,heap        ] GC(2275) PSYoungGen: 151616K(155648K)->64K(146944K) Eden: 151552K(151552K)->0K(146432K) From: 64K(4096K)->64K(512K)
[821.506s][info][gc,heap        ] GC(2275) ParOldGen: 86746K(175104K)->86762K(175104K)
[821.506s][info][gc,metaspace   ] GC(2275) Metaspace: 35608K(36352K)->35608K(36352K) NonClass: 26398K(26944K)->26398K(26944K) Class: 9210K(9408K)->9210K(9408K)
[821.506s][info][gc             ] GC(2275) Pause Young (Allocation Failure) 232M->84M(314M) 1.356ms
[821.506s][info][gc,cpu         ] GC(2275) User=0.00s Sys=0.00s Real=0.00s
[821.746s][info][gc,start       ] GC(2276) Pause Young (Allocation Failure)
[821.768s][info][gc,heap        ] GC(2276) PSYoungGen: 146496K(146944K)->3584K(178688K) Eden: 146432K(146432K)->0K(175104K) From: 64K(512K)->3584K(3584K)
[821.768s][info][gc,heap        ] GC(2276) ParOldGen: 86762K(175104K)->90290K(175104K)
[821.768s][info][gc,metaspace   ] GC(2276) Metaspace: 35608K(36352K)->35608K(36352K) NonClass: 26398K(26944K)->26398K(26944K) Class: 9210K(9408K)->9210K(9408K)
[821.768s][info][gc             ] GC(2276) Pause Young (Allocation Failure) 227M->91M(345M) 21.572ms
[821.768s][info][gc,cpu         ] GC(2276) User=0.02s Sys=0.00s Real=0.02s
[821.995s][info][gc,start       ] GC(2277) Pause Young (Allocation Failure)
[822.030s][info][gc,heap        ] GC(2277) PSYoungGen: 178688K(178688K)->3584K(213504K) Eden: 175104K(175104K)->0K(209920K) From: 3584K(3584K)->3584K(3584K)
[822.030s][info][gc,heap        ] GC(2277) ParOldGen: 90290K(175104K)->106770K(175104K)
[822.030s][info][gc,metaspace   ] GC(2277) Metaspace: 35608K(36352K)->35608K(36352K) NonClass: 26398K(26944K)->26398K(26944K) Class: 9210K(9408K)->9210K(9408K)
[822.030s][info][gc             ] GC(2277) Pause Young (Allocation Failure) 262M->107M(379M) 34.958ms
[822.030s][info][gc,cpu         ] GC(2277) User=0.06s Sys=0.00s Real=0.04s
[822.303s][info][gc,start       ] GC(2278) Pause Young (Allocation Failure)
[822.348s][info][gc,heap        ] GC(2278) PSYoungGen: 213504K(213504K)->12288K(239104K) Eden: 209920K(209920K)->0K(226816K) From: 3584K(3584K)->12288K(12288K)
[822.348s][info][gc,heap        ] GC(2278) ParOldGen: 106770K(175104K)->118842K(175104K)
[822.348s][info][gc,metaspace   ] GC(2278) Metaspace: 35608K(36352K)->35608K(36352K) NonClass: 26398K(26944K)->26398K(26944K) Class: 9210K(9408K)->9210K(9408K)
[822.348s][info][gc             ] GC(2278) Pause Young (Allocation Failure) 312M->128M(404M) 45.362ms
[822.348s][info][gc,cpu         ] GC(2278) User=0.08s Sys=0.00s Real=0.04s
[822.513s][info][gc,start       ] GC(2279) Pause Young (Allocation Failure)
[822.538s][info][gc,heap        ] GC(2279) PSYoungGen: 239104K(239104K)->11680K(269824K) Eden: 226816K(226816K)->0K(250368K) From: 12288K(12288K)->11680K(19456K)
[822.538s][info][gc,heap        ] GC(2279) ParOldGen: 118842K(175104K)->119162K(175104K)
[822.538s][info][gc,metaspace   ] GC(2279) Metaspace: 35608K(36352K)->35608K(36352K) NonClass: 26398K(26944K)->26398K(26944K) Class: 9210K(9408K)->9210K(9408K)
[822.538s][info][gc             ] GC(2279) Pause Young (Allocation Failure) 349M->127M(434M) 25.721ms
[822.539s][info][gc,cpu         ] GC(2279) User=0.05s Sys=0.00s Real=0.02s
[822.769s][info][gc,start       ] GC(2280) Pause Young (Allocation Failure)
[822.770s][info][gc,heap        ] GC(2280) PSYoungGen: 262048K(269824K)->64K(270848K) Eden: 250368K(250368K)->0K(250368K) From: 11680K(19456K)->64K(20480K)
[822.770s][info][gc,heap        ] GC(2280) ParOldGen: 119162K(175104K)->119170K(175104K)
[822.770s][info][gc,metaspace   ] GC(2280) Metaspace: 35608K(36352K)->35608K(36352K) NonClass: 26398K(26944K)->26398K(26944K) Class: 9210K(9408K)->9210K(9408K)
[822.770s][info][gc             ] GC(2280) Pause Young (Allocation Failure) 372M->116M(435M) 0.855ms
[822.770s][info][gc,cpu         ] GC(2280) User=0.00s Sys=0.00s Real=0.00s
[823.377s][info][gc,start       ] GC(2281) Pause Young (Allocation Failure)
[823.378s][info][gc,heap        ] GC(2281) PSYoungGen: 250432K(270848K)->64K(311808K) Eden: 250368K(250368K)->0K(293376K) From: 64K(20480K)->64K(18432K)
[823.378s][info][gc,heap        ] GC(2281) ParOldGen: 119170K(175104K)->119186K(175104K)
[823.378s][info][gc,metaspace   ] GC(2281) Metaspace: 35608K(36352K)->35608K(36352K) NonClass: 26398K(26944K)->26398K(26944K) Class: 9210K(9408K)->9210K(9408K)
[823.378s][info][gc             ] GC(2281) Pause Young (Allocation Failure) 360M->116M(475M) 0.803ms
[823.378s][info][gc,cpu         ] GC(2281) User=0.00s Sys=0.00s Real=0.00s
[823.888s][info][gc,start       ] GC(2282) Pause Young (Allocation Failure)
[823.889s][info][gc,heap        ] GC(2282) PSYoungGen: 293440K(311808K)->64K(312832K) Eden: 293376K(293376K)->0K(293376K) From: 64K(18432K)->64K(19456K)
[823.889s][info][gc,heap        ] GC(2282) ParOldGen: 119186K(175104K)->119186K(175104K)
[823.889s][info][gc,metaspace   ] GC(2282) Metaspace: 35608K(36352K)->35608K(36352K) NonClass: 26398K(26944K)->26398K(26944K) Class: 9210K(9408K)->9210K(9408K)
[823.889s][info][gc             ] GC(2282) Pause Young (Allocation Failure) 402M->116M(476M) 0.857ms
[823.889s][info][gc,cpu         ] GC(2282) User=0.00s Sys=0.00s Real=0.01s
[824.130s][info][gc,start       ] GC(2283) Pause Young (Allocation Failure)
[824.130s][info][gc,heap        ] GC(2283) PSYoungGen: 293440K(312832K)->32K(313344K) Eden: 293376K(293376K)->0K(295936K) From: 64K(19456K)->32K(17408K)
[824.130s][info][gc,heap        ] GC(2283) ParOldGen: 119186K(175104K)->119202K(175104K)
[824.130s][info][gc,metaspace   ] GC(2283) Metaspace: 35608K(36352K)->35608K(36352K) NonClass: 26398K(26944K)->26398K(26944K) Class: 9210K(9408K)->9210K(9408K)
[824.130s][info][gc             ] GC(2283) Pause Young (Allocation Failure) 402M->116M(477M) 0.704ms
[824.130s][info][gc,cpu         ] GC(2283) User=0.01s Sys=0.00s Real=0.00s
[824.374s][info][gc,start       ] GC(2284) Pause Young (Allocation Failure)
[824.375s][info][gc,heap        ] GC(2284) PSYoungGen: 295968K(313344K)->64K(313856K) Eden: 295936K(295936K)->0K(295936K) From: 32K(17408K)->64K(17920K)
[824.375s][info][gc,heap        ] GC(2284) ParOldGen: 119202K(175104K)->119202K(175104K)
[824.375s][info][gc,metaspace   ] GC(2284) Metaspace: 35608K(36352K)->35608K(36352K) NonClass: 26398K(26944K)->26398K(26944K) Class: 9210K(9408K)->9210K(9408K)
[824.375s][info][gc             ] GC(2284) Pause Young (Allocation Failure) 405M->116M(477M) 0.710ms
[824.375s][info][gc,cpu         ] GC(2284) User=0.00s Sys=0.00s Real=0.00s
[824.718s][info][gc,start       ] GC(2285) Pause Young (Allocation Failure)
[824.719s][info][gc,heap        ] GC(2285) PSYoungGen: 296000K(313856K)->64K(315392K) Eden: 295936K(295936K)->0K(299008K) From: 64K(17920K)->64K(16384K)
[824.719s][info][gc,heap        ] GC(2285) ParOldGen: 119202K(175104K)->119202K(175104K)
[824.719s][info][gc,metaspace   ] GC(2285) Metaspace: 35608K(36352K)->35608K(36352K) NonClass: 26398K(26944K)->26398K(26944K) Class: 9210K(9408K)->9210K(9408K)
[824.719s][info][gc             ] GC(2285) Pause Young (Allocation Failure) 405M->116M(479M) 0.763ms
[824.719s][info][gc,cpu         ] GC(2285) User=0.00s Sys=0.00s Real=0.01s
[824.773s][info][gc,start       ] GC(2286) Pause Young (Allocation Failure)
[824.774s][info][gc,heap        ] GC(2286) PSYoungGen: 299072K(315392K)->64K(315392K) Eden: 299008K(299008K)->0K(299008K) From: 64K(16384K)->64K(16384K)
[824.774s][info][gc,heap        ] GC(2286) ParOldGen: 119202K(175104K)->119218K(175104K)
[824.774s][info][gc,metaspace   ] GC(2286) Metaspace: 35608K(36352K)->35608K(36352K) NonClass: 26398K(26944K)->26398K(26944K) Class: 9210K(9408K)->9210K(9408K)
[824.774s][info][gc             ] GC(2286) Pause Young (Allocation Failure) 408M->116M(479M) 0.665ms
[824.774s][info][gc,cpu         ] GC(2286) User=0.00s Sys=0.00s Real=0.00s
[824.825s][info][gc,start       ] GC(2287) Pause Young (Allocation Failure)
[824.826s][info][gc,heap        ] GC(2287) PSYoungGen: 299072K(315392K)->64K(316928K) Eden: 299008K(299008K)->0K(301568K) From: 64K(16384K)->64K(15360K)
[824.826s][info][gc,heap        ] GC(2287) ParOldGen: 119218K(175104K)->119218K(175104K)
[824.826s][info][gc,metaspace   ] GC(2287) Metaspace: 35608K(36352K)->35608K(36352K) NonClass: 26398K(26944K)->26398K(26944K) Class: 9210K(9408K)->9210K(9408K)
[824.826s][info][gc             ] GC(2287) Pause Young (Allocation Failure) 408M->116M(480M) 0.573ms
[824.826s][info][gc,cpu         ] GC(2287) User=0.00s Sys=0.00s Real=0.00s
[825.153s][info][gc,start       ] GC(2288) Pause Young (Allocation Failure)
[825.154s][info][gc,heap        ] GC(2288) PSYoungGen: 301632K(316928K)->64K(316416K) Eden: 301568K(301568K)->0K(301568K) From: 64K(15360K)->64K(14848K)
[825.154s][info][gc,heap        ] GC(2288) ParOldGen: 119218K(175104K)->119218K(175104K)
[825.154s][info][gc,metaspace   ] GC(2288) Metaspace: 35608K(36352K)->35608K(36352K) NonClass: 26398K(26944K)->26398K(26944K) Class: 9210K(9408K)->9210K(9408K)
[825.154s][info][gc             ] GC(2288) Pause Young (Allocation Failure) 410M->116M(480M) 0.828ms
[825.154s][info][gc,cpu         ] GC(2288) User=0.00s Sys=0.00s Real=0.00s
[825.405s][info][gc,start       ] GC(2289) Pause Young (Allocation Failure)
[825.406s][info][gc,heap        ] GC(2289) PSYoungGen: 301632K(316416K)->64K(290304K) Eden: 301568K(301568K)->0K(289792K) From: 64K(14848K)->64K(512K)
[825.406s][info][gc,heap        ] GC(2289) ParOldGen: 119218K(175104K)->119226K(175104K)
[825.406s][info][gc,metaspace   ] GC(2289) Metaspace: 35608K(36352K)->35608K(36352K) NonClass: 26398K(26944K)->26398K(26944K) Class: 9210K(9408K)->9210K(9408K)
[825.406s][info][gc             ] GC(2289) Pause Young (Allocation Failure) 410M->116M(454M) 0.745ms
[825.406s][info][gc,cpu         ] GC(2289) User=0.00s Sys=0.00s Real=0.00s
[825.486s][info][gc,start       ] GC(2290) Pause Young (Allocation Failure)
[825.487s][info][gc,heap        ] GC(2290) PSYoungGen: 289856K(290304K)->64K(291840K) Eden: 289792K(289792K)->0K(278528K) From: 64K(512K)->64K(13312K)
[825.487s][info][gc,heap        ] GC(2290) ParOldGen: 119226K(175104K)->119242K(175104K)
[825.487s][info][gc,metaspace   ] GC(2290) Metaspace: 35608K(36352K)->35608K(36352K) NonClass: 26398K(26944K)->26398K(26944K) Class: 9210K(9408K)->9210K(9408K)
[825.487s][info][gc             ] GC(2290) Pause Young (Allocation Failure) 399M->116M(456M) 0.645ms
[825.487s][info][gc,cpu         ] GC(2290) User=0.00s Sys=0.00s Real=0.00s
[825.620s][info][gc,start       ] GC(2291) Pause Young (Allocation Failure)
[825.621s][info][gc,heap        ] GC(2291) PSYoungGen: 278592K(291840K)->64K(268288K) Eden: 278528K(278528K)->0K(267776K) From: 64K(13312K)->64K(512K)
[825.621s][info][gc,heap        ] GC(2291) ParOldGen: 119242K(175104K)->119242K(175104K)
[825.621s][info][gc,metaspace   ] GC(2291) Metaspace: 35608K(36352K)->35608K(36352K) NonClass: 26398K(26944K)->26398K(26944K) Class: 9210K(9408K)->9210K(9408K)
[825.621s][info][gc             ] GC(2291) Pause Young (Allocation Failure) 388M->116M(433M) 0.657ms
[825.621s][info][gc,cpu         ] GC(2291) User=0.00s Sys=0.00s Real=0.00s
[825.982s][info][gc,start       ] GC(2292) Pause Young (Allocation Failure)
[825.982s][info][gc,heap        ] GC(2292) PSYoungGen: 267840K(268288K)->64K(269312K) Eden: 267776K(267776K)->0K(257536K) From: 64K(512K)->64K(11776K)
[825.982s][info][gc,heap        ] GC(2292) ParOldGen: 119242K(175104K)->119250K(175104K)
[825.983s][info][gc,metaspace   ] GC(2292) Metaspace: 35608K(36352K)->35608K(36352K) NonClass: 26398K(26944K)->26398K(26944K) Class: 9210K(9408K)->9210K(9408K)
[825.983s][info][gc             ] GC(2292) Pause Young (Allocation Failure) 378M->116M(434M) 0.639ms
[825.983s][info][gc,cpu         ] GC(2292) User=0.00s Sys=0.00s Real=0.00s
[826.612s][info][gc,start       ] GC(2293) Pause Young (Allocation Failure)
[826.614s][info][gc,heap        ] GC(2293) PSYoungGen: 257600K(269312K)->64K(248320K) Eden: 257536K(257536K)->0K(247808K) From: 64K(11776K)->64K(512K)
[826.614s][info][gc,heap        ] GC(2293) ParOldGen: 119250K(175104K)->119258K(175104K)
[826.614s][info][gc,metaspace   ] GC(2293) Metaspace: 35608K(36352K)->35608K(36352K) NonClass: 26398K(26944K)->26398K(26944K) Class: 9210K(9408K)->9210K(9408K)
[826.614s][info][gc             ] GC(2293) Pause Young (Allocation Failure) 368M->116M(413M) 1.111ms
[826.614s][info][gc,cpu         ] GC(2293) User=0.00s Sys=0.00s Real=0.00s
[827.474s][info][gc,start       ] GC(2294) Pause Young (Allocation Failure)
[827.474s][info][gc,heap        ] GC(2294) PSYoungGen: 247872K(248320K)->64K(248832K) Eden: 247808K(247808K)->0K(238592K) From: 64K(512K)->64K(10240K)
[827.474s][info][gc,heap        ] GC(2294) ParOldGen: 119258K(175104K)->119266K(175104K)
[827.474s][info][gc,metaspace   ] GC(2294) Metaspace: 35608K(36352K)->35608K(36352K) NonClass: 26398K(26944K)->26398K(26944K) Class: 9210K(9408K)->9210K(9408K)
[827.475s][info][gc             ] GC(2294) Pause Young (Allocation Failure) 358M->116M(414M) 0.663ms
[827.475s][info][gc,cpu         ] GC(2294) User=0.00s Sys=0.00s Real=0.00s
[827.816s][info][gc,start       ] GC(2295) Pause Young (Allocation Failure)
[827.817s][info][gc,heap        ] GC(2295) PSYoungGen: 238656K(248832K)->64K(230400K) Eden: 238592K(238592K)->0K(229888K) From: 64K(10240K)->64K(512K)
[827.817s][info][gc,heap        ] GC(2295) ParOldGen: 119266K(175104K)->119274K(175104K)
[827.817s][info][gc,metaspace   ] GC(2295) Metaspace: 35608K(36352K)->35608K(36352K) NonClass: 26398K(26944K)->26398K(26944K) Class: 9210K(9408K)->9210K(9408K)
[827.817s][info][gc             ] GC(2295) Pause Young (Allocation Failure) 349M->116M(396M) 1.624ms
[827.817s][info][gc,cpu         ] GC(2295) User=0.00s Sys=0.00s Real=0.00s
[828.427s][info][gc,start       ] GC(2296) Pause Young (Allocation Failure)
[828.427s][info][gc,heap        ] GC(2296) PSYoungGen: 229952K(230400K)->64K(230400K) Eden: 229888K(229888K)->0K(221184K) From: 64K(512K)->64K(9216K)
[828.427s][info][gc,heap        ] GC(2296) ParOldGen: 119274K(175104K)->119282K(175104K)
[828.427s][info][gc,metaspace   ] GC(2296) Metaspace: 35608K(36352K)->35608K(36352K) NonClass: 26398K(26944K)->26398K(26944K) Class: 9210K(9408K)->9210K(9408K)
[828.428s][info][gc             ] GC(2296) Pause Young (Allocation Failure) 341M->116M(396M) 0.776ms
[828.428s][info][gc,cpu         ] GC(2296) User=0.00s Sys=0.00s Real=0.00s
[829.039s][info][gc,start       ] GC(2297) Pause Young (Allocation Failure)
[829.041s][info][gc,heap        ] GC(2297) PSYoungGen: 221248K(230400K)->64K(213504K) Eden: 221184K(221184K)->0K(212992K) From: 64K(9216K)->64K(512K)
[829.041s][info][gc,heap        ] GC(2297) ParOldGen: 119282K(175104K)->119290K(175104K)
[829.041s][info][gc,metaspace   ] GC(2297) Metaspace: 35608K(36352K)->35608K(36352K) NonClass: 26398K(26944K)->26398K(26944K) Class: 9210K(9408K)->9210K(9408K)
[829.041s][info][gc             ] GC(2297) Pause Young (Allocation Failure) 332M->116M(379M) 1.467ms
[829.041s][info][gc,cpu         ] GC(2297) User=0.00s Sys=0.00s Real=0.00s
[829.340s][info][gc,start       ] GC(2298) Pause Young (Allocation Failure)
[829.341s][info][gc,heap        ] GC(2298) PSYoungGen: 213056K(213504K)->64K(212992K) Eden: 212992K(212992K)->0K(205312K) From: 64K(512K)->64K(7680K)
[829.341s][info][gc,heap        ] GC(2298) ParOldGen: 119290K(175104K)->119298K(175104K)
[829.341s][info][gc,metaspace   ] GC(2298) Metaspace: 35608K(36352K)->35608K(36352K) NonClass: 26398K(26944K)->26398K(26944K) Class: 9210K(9408K)->9210K(9408K)
[829.341s][info][gc             ] GC(2298) Pause Young (Allocation Failure) 324M->116M(379M) 0.732ms
[829.341s][info][gc,cpu         ] GC(2298) User=0.00s Sys=0.00s Real=0.00s
[829.460s][info][gc,start       ] GC(2299) Pause Young (Allocation Failure)
[829.462s][info][gc,heap        ] GC(2299) PSYoungGen: 205376K(212992K)->64K(198656K) Eden: 205312K(205312K)->0K(198144K) From: 64K(7680K)->64K(512K)
[829.462s][info][gc,heap        ] GC(2299) ParOldGen: 119298K(175104K)->119306K(175104K)
[829.462s][info][gc,metaspace   ] GC(2299) Metaspace: 35608K(36352K)->35608K(36352K) NonClass: 26398K(26944K)->26398K(26944K) Class: 9210K(9408K)->9210K(9408K)
[829.462s][info][gc             ] GC(2299) Pause Young (Allocation Failure) 317M->116M(365M) 1.486ms
[829.462s][info][gc,cpu         ] GC(2299) User=0.00s Sys=0.00s Real=0.00s
[829.588s][info][gc,start       ] GC(2300) Pause Young (Allocation Failure)
[829.588s][info][gc,heap        ] GC(2300) PSYoungGen: 198208K(198656K)->64K(197632K) Eden: 198144K(198144K)->0K(190976K) From: 64K(512K)->64K(6656K)
[829.588s][info][gc,heap        ] GC(2300) ParOldGen: 119306K(175104K)->119314K(175104K)
[829.588s][info][gc,metaspace   ] GC(2300) Metaspace: 35608K(36352K)->35608K(36352K) NonClass: 26398K(26944K)->26398K(26944K) Class: 9210K(9408K)->9210K(9408K)
[829.589s][info][gc             ] GC(2300) Pause Young (Allocation Failure) 310M->116M(364M) 0.927ms
[829.589s][info][gc,cpu         ] GC(2300) User=0.00s Sys=0.00s Real=0.00s
[830.086s][info][gc,start       ] GC(2301) Pause Young (Allocation Failure)
[830.087s][info][gc,heap        ] GC(2301) PSYoungGen: 191040K(197632K)->64K(184832K) Eden: 190976K(190976K)->0K(184320K) From: 64K(6656K)->64K(512K)
[830.087s][info][gc,heap        ] GC(2301) ParOldGen: 119314K(175104K)->119330K(175104K)
[830.087s][info][gc,metaspace   ] GC(2301) Metaspace: 35608K(36352K)->35608K(36352K) NonClass: 26398K(26944K)->26398K(26944K) Class: 9210K(9408K)->9210K(9408K)
[830.087s][info][gc             ] GC(2301) Pause Young (Allocation Failure) 303M->116M(351M) 1.467ms
[830.087s][info][gc,cpu         ] GC(2301) User=0.01s Sys=0.00s Real=0.00s
[830.218s][info][gc,start       ] GC(2302) Pause Young (Allocation Failure)
[830.218s][info][gc,heap        ] GC(2302) PSYoungGen: 184384K(184832K)->64K(184320K) Eden: 184320K(184320K)->0K(178176K) From: 64K(512K)->64K(6144K)
[830.218s][info][gc,heap        ] GC(2302) ParOldGen: 119330K(175104K)->119330K(175104K)
[830.218s][info][gc,metaspace   ] GC(2302) Metaspace: 35608K(36352K)->35608K(36352K) NonClass: 26398K(26944K)->26398K(26944K) Class: 9210K(9408K)->9210K(9408K)
[830.218s][info][gc             ] GC(2302) Pause Young (Allocation Failure) 296M->116M(351M) 0.896ms
[830.218s][info][gc,cpu         ] GC(2302) User=0.01s Sys=0.00s Real=0.00s
[830.511s][info][gc,start       ] GC(2303) Pause Young (Allocation Failure)
[830.521s][info][gc,heap        ] GC(2303) PSYoungGen: 178240K(184320K)->3744K(215552K) Eden: 178176K(178176K)->0K(211456K) From: 64K(6144K)->3744K(4096K)
[830.521s][info][gc,heap        ] GC(2303) ParOldGen: 119330K(175104K)->119346K(175104K)
[830.521s][info][gc,metaspace   ] GC(2303) Metaspace: 35608K(36352K)->35608K(36352K) NonClass: 26398K(26944K)->26398K(26944K) Class: 9210K(9408K)->9210K(9408K)
[830.521s][info][gc             ] GC(2303) Pause Young (Allocation Failure) 290M->120M(381M) 10.414ms
[830.521s][info][gc,cpu         ] GC(2303) User=0.01s Sys=0.00s Real=0.01s
[830.795s][info][gc,start       ] GC(2304) Pause Young (Allocation Failure)
[830.833s][info][gc,heap        ] GC(2304) PSYoungGen: 215200K(215552K)->6144K(258560K) Eden: 211456K(211456K)->0K(252416K) From: 3744K(4096K)->6144K(6144K)
[830.833s][info][gc,heap        ] GC(2304) ParOldGen: 119346K(175104K)->137306K(175104K)
[830.833s][info][gc,metaspace   ] GC(2304) Metaspace: 35608K(36352K)->35608K(36352K) NonClass: 26398K(26944K)->26398K(26944K) Class: 9210K(9408K)->9210K(9408K)
[830.833s][info][gc             ] GC(2304) Pause Young (Allocation Failure) 326M->140M(423M) 37.299ms
[830.833s][info][gc,cpu         ] GC(2304) User=0.07s Sys=0.00s Real=0.04s
[831.160s][info][gc,start       ] GC(2305) Pause Young (Allocation Failure)
[831.214s][info][gc,heap        ] GC(2305) PSYoungGen: 258560K(258560K)->14336K(258560K) Eden: 252416K(252416K)->0K(244224K) From: 6144K(6144K)->14336K(14336K)
[831.214s][info][gc,heap        ] GC(2305) ParOldGen: 137306K(175104K)->152210K(175104K)
[831.214s][info][gc,metaspace   ] GC(2305) Metaspace: 35608K(36352K)->35608K(36352K) NonClass: 26398K(26944K)->26398K(26944K) Class: 9210K(9408K)->9210K(9408K)
[831.214s][info][gc             ] GC(2305) Pause Young (Allocation Failure) 386M->162M(423M) 54.094ms
[831.214s][info][gc,cpu         ] GC(2305) User=0.10s Sys=0.01s Real=0.05s
[831.330s][info][gc,start       ] GC(2306) Pause Young (Allocation Failure)
[831.343s][info][gc,heap        ] GC(2306) PSYoungGen: 258560K(258560K)->6080K(267264K) Eden: 244224K(244224K)->0K(244224K) From: 14336K(14336K)->6080K(23040K)
[831.343s][info][gc,heap        ] GC(2306) ParOldGen: 152210K(175104K)->152610K(175104K)
[831.343s][info][gc,metaspace   ] GC(2306) Metaspace: 35608K(36352K)->35608K(36352K) NonClass: 26398K(26944K)->26398K(26944K) Class: 9210K(9408K)->9210K(9408K)
[831.343s][info][gc             ] GC(2306) Pause Young (Allocation Failure) 401M->154M(432M) 12.979ms
[831.343s][info][gc,cpu         ] GC(2306) User=0.03s Sys=0.00s Real=0.01s
[831.702s][info][gc,start       ] GC(2307) Pause Young (Allocation Failure)
[831.703s][info][gc,heap        ] GC(2307) PSYoungGen: 250304K(267264K)->64K(308224K) Eden: 244224K(244224K)->0K(289280K) From: 6080K(23040K)->64K(18944K)
[831.703s][info][gc,heap        ] GC(2307) ParOldGen: 152610K(175104K)->152618K(175104K)
[831.703s][info][gc,metaspace   ] GC(2307) Metaspace: 35608K(36352K)->35608K(36352K) NonClass: 26398K(26944K)->26398K(26944K) Class: 9210K(9408K)->9210K(9408K)
[831.703s][info][gc             ] GC(2307) Pause Young (Allocation Failure) 393M->149M(472M) 0.895ms
[831.703s][info][gc,cpu         ] GC(2307) User=0.00s Sys=0.00s Real=0.00s
[832.293s][info][gc,start       ] GC(2308) Pause Young (Allocation Failure)
[832.293s][info][gc,heap        ] GC(2308) PSYoungGen: 289344K(308224K)->64K(310272K) Eden: 289280K(289280K)->0K(289280K) From: 64K(18944K)->64K(20992K)
[832.293s][info][gc,heap        ] GC(2308) ParOldGen: 152618K(175104K)->152626K(175104K)
[832.293s][info][gc,metaspace   ] GC(2308) Metaspace: 35608K(36352K)->35608K(36352K) NonClass: 26398K(26944K)->26398K(26944K) Class: 9210K(9408K)->9210K(9408K)
[832.293s][info][gc             ] GC(2308) Pause Young (Allocation Failure) 431M->149M(474M) 0.848ms
[832.293s][info][gc,cpu         ] GC(2308) User=0.00s Sys=0.00s Real=0.00s
[832.729s][info][gc,start       ] GC(2309) Pause Young (Allocation Failure)
[832.730s][info][gc,heap        ] GC(2309) PSYoungGen: 289344K(310272K)->64K(310784K) Eden: 289280K(289280K)->0K(292864K) From: 64K(20992K)->64K(17920K)
[832.730s][info][gc,heap        ] GC(2309) ParOldGen: 152626K(175104K)->152642K(175104K)
[832.730s][info][gc,metaspace   ] GC(2309) Metaspace: 35608K(36352K)->35608K(36352K) NonClass: 26398K(26944K)->26398K(26944K) Class: 9210K(9408K)->9210K(9408K)
[832.730s][info][gc             ] GC(2309) Pause Young (Allocation Failure) 431M->149M(474M) 0.896ms
[832.730s][info][gc,cpu         ] GC(2309) User=0.00s Sys=0.00s Real=0.00s
[832.974s][info][gc,start       ] GC(2310) Pause Young (Allocation Failure)
[832.974s][info][gc,heap        ] GC(2310) PSYoungGen: 292928K(310784K)->64K(312320K) Eden: 292864K(292864K)->0K(292864K) From: 64K(17920K)->64K(19456K)
[832.974s][info][gc,heap        ] GC(2310) ParOldGen: 152642K(175104K)->152658K(175104K)
[832.974s][info][gc,metaspace   ] GC(2310) Metaspace: 35608K(36352K)->35608K(36352K) NonClass: 26398K(26944K)->26398K(26944K) Class: 9210K(9408K)->9210K(9408K)
[832.974s][info][gc             ] GC(2310) Pause Young (Allocation Failure) 435M->149M(476M) 0.779ms
[832.974s][info][gc,cpu         ] GC(2310) User=0.00s Sys=0.00s Real=0.00s
[833.214s][info][gc,start       ] GC(2311) Pause Young (Allocation Failure)
[833.215s][info][gc,heap        ] GC(2311) PSYoungGen: 292928K(312320K)->64K(312832K) Eden: 292864K(292864K)->0K(295936K) From: 64K(19456K)->64K(16896K)
[833.215s][info][gc,heap        ] GC(2311) ParOldGen: 152658K(175104K)->152658K(175104K)
[833.215s][info][gc,metaspace   ] GC(2311) Metaspace: 35608K(36352K)->35608K(36352K) NonClass: 26398K(26944K)->26398K(26944K) Class: 9210K(9408K)->9210K(9408K)
[833.215s][info][gc             ] GC(2311) Pause Young (Allocation Failure) 435M->149M(476M) 0.769ms
[833.215s][info][gc,cpu         ] GC(2311) User=0.00s Sys=0.00s Real=0.00s
[833.497s][info][gc,start       ] GC(2312) Pause Young (Allocation Failure)
[833.497s][info][gc,heap        ] GC(2312) PSYoungGen: 296000K(312832K)->64K(313856K) Eden: 295936K(295936K)->0K(295936K) From: 64K(16896K)->64K(17920K)
[833.497s][info][gc,heap        ] GC(2312) ParOldGen: 152658K(175104K)->152658K(175104K)
[833.497s][info][gc,metaspace   ] GC(2312) Metaspace: 35608K(36352K)->35608K(36352K) NonClass: 26398K(26944K)->26398K(26944K) Class: 9210K(9408K)->9210K(9408K)
[833.497s][info][gc             ] GC(2312) Pause Young (Allocation Failure) 438M->149M(477M) 0.767ms
[833.497s][info][gc,cpu         ] GC(2312) User=0.00s Sys=0.00s Real=0.00s
[833.548s][info][gc,start       ] GC(2313) Pause Young (Allocation Failure)
[833.548s][info][gc,heap        ] GC(2313) PSYoungGen: 296000K(313856K)->64K(314880K) Eden: 295936K(295936K)->0K(299008K) From: 64K(17920K)->64K(15872K)
[833.548s][info][gc,heap        ] GC(2313) ParOldGen: 152658K(175104K)->152674K(175104K)
[833.548s][info][gc,metaspace   ] GC(2313) Metaspace: 35608K(36352K)->35608K(36352K) NonClass: 26398K(26944K)->26398K(26944K) Class: 9210K(9408K)->9210K(9408K)
[833.548s][info][gc             ] GC(2313) Pause Young (Allocation Failure) 438M->149M(478M) 0.674ms
[833.548s][info][gc,cpu         ] GC(2313) User=0.00s Sys=0.00s Real=0.00s
[833.675s][info][gc,start       ] GC(2314) Pause Young (Allocation Failure)
[833.675s][info][gc,heap        ] GC(2314) PSYoungGen: 299072K(314880K)->64K(315392K) Eden: 299008K(299008K)->0K(299008K) From: 64K(15872K)->64K(16384K)
[833.675s][info][gc,heap        ] GC(2314) ParOldGen: 152674K(175104K)->152674K(175104K)
[833.675s][info][gc,metaspace   ] GC(2314) Metaspace: 35608K(36352K)->35608K(36352K) NonClass: 26398K(26944K)->26398K(26944K) Class: 9210K(9408K)->9210K(9408K)
[833.675s][info][gc             ] GC(2314) Pause Young (Allocation Failure) 441M->149M(479M) 0.769ms
[833.675s][info][gc,cpu         ] GC(2314) User=0.00s Sys=0.00s Real=0.00s
[833.992s][info][gc,start       ] GC(2315) Pause Young (Allocation Failure)
[833.992s][info][gc,heap        ] GC(2315) PSYoungGen: 299072K(315392K)->32K(315904K) Eden: 299008K(299008K)->0K(302080K) From: 64K(16384K)->32K(13824K)
[833.992s][info][gc,heap        ] GC(2315) ParOldGen: 152674K(175104K)->152690K(175104K)
[833.993s][info][gc,metaspace   ] GC(2315) Metaspace: 35608K(36352K)->35608K(36352K) NonClass: 26398K(26944K)->26398K(26944K) Class: 9210K(9408K)->9210K(9408K)
[833.993s][info][gc             ] GC(2315) Pause Young (Allocation Failure) 441M->149M(479M) 0.786ms
[833.993s][info][gc,cpu         ] GC(2315) User=0.00s Sys=0.00s Real=0.00s
[834.178s][info][gc,start       ] GC(2316) Pause Young (Allocation Failure)
[834.179s][info][gc,heap        ] GC(2316) PSYoungGen: 302112K(315904K)->64K(290816K) Eden: 302080K(302080K)->0K(290304K) From: 32K(13824K)->64K(512K)
[834.179s][info][gc,heap        ] GC(2316) ParOldGen: 152690K(175104K)->152690K(175104K)
[834.179s][info][gc,metaspace   ] GC(2316) Metaspace: 35617K(36352K)->35617K(36352K) NonClass: 26407K(26944K)->26407K(26944K) Class: 9210K(9408K)->9210K(9408K)
[834.179s][info][gc             ] GC(2316) Pause Young (Allocation Failure) 444M->149M(455M) 0.835ms
[834.179s][info][gc,cpu         ] GC(2316) User=0.00s Sys=0.00s Real=0.01s
[834.259s][info][gc,start       ] GC(2317) Pause Young (Allocation Failure)
[834.259s][info][gc,heap        ] GC(2317) PSYoungGen: 290368K(290816K)->64K(279552K) Eden: 290304K(290304K)->0K(279040K) From: 64K(512K)->64K(512K)
[834.259s][info][gc,heap        ] GC(2317) ParOldGen: 152690K(175104K)->152706K(175104K)
[834.259s][info][gc,metaspace   ] GC(2317) Metaspace: 35617K(36352K)->35617K(36352K) NonClass: 26407K(26944K)->26407K(26944K) Class: 9210K(9408K)->9210K(9408K)
[834.259s][info][gc             ] GC(2317) Pause Young (Allocation Failure) 432M->149M(444M) 0.710ms
[834.259s][info][gc,cpu         ] GC(2317) User=0.00s Sys=0.00s Real=0.00s
[834.423s][info][gc,start       ] GC(2318) Pause Young (Allocation Failure)
[834.424s][info][gc,heap        ] GC(2318) PSYoungGen: 279104K(279552K)->64K(281088K) Eden: 279040K(279040K)->0K(268288K) From: 64K(512K)->64K(12800K)
[834.424s][info][gc,heap        ] GC(2318) ParOldGen: 152706K(175104K)->152706K(175104K)
[834.424s][info][gc,metaspace   ] GC(2318) Metaspace: 35617K(36352K)->35617K(36352K) NonClass: 26407K(26944K)->26407K(26944K) Class: 9210K(9408K)->9210K(9408K)
[834.424s][info][gc             ] GC(2318) Pause Young (Allocation Failure) 421M->149M(445M) 0.659ms
[834.424s][info][gc,cpu         ] GC(2318) User=0.00s Sys=0.00s Real=0.00s
[835.330s][info][gc,start       ] GC(2319) Pause Young (Allocation Failure)
[835.332s][info][gc,heap        ] GC(2319) PSYoungGen: 268336K(281088K)->64K(258560K) Eden: 268272K(268288K)->0K(258048K) From: 64K(12800K)->64K(512K)
[835.332s][info][gc,heap        ] GC(2319) ParOldGen: 152706K(175104K)->152714K(175104K)
[835.332s][info][gc,metaspace   ] GC(2319) Metaspace: 35617K(36352K)->35617K(36352K) NonClass: 26407K(26944K)->26407K(26944K) Class: 9210K(9408K)->9210K(9408K)
[835.332s][info][gc             ] GC(2319) Pause Young (Allocation Failure) 411M->149M(423M) 1.674ms
[835.332s][info][gc,cpu         ] GC(2319) User=0.00s Sys=0.00s Real=0.00s
[835.769s][info][gc,start       ] GC(2320) Pause Young (Allocation Failure)
[835.770s][info][gc,heap        ] GC(2320) PSYoungGen: 258112K(258560K)->64K(259584K) Eden: 258048K(258048K)->0K(248320K) From: 64K(512K)->64K(11264K)
[835.770s][info][gc,heap        ] GC(2320) ParOldGen: 152714K(175104K)->152722K(175104K)
[835.770s][info][gc,metaspace   ] GC(2320) Metaspace: 35617K(36352K)->35617K(36352K) NonClass: 26407K(26944K)->26407K(26944K) Class: 9210K(9408K)->9210K(9408K)
[835.770s][info][gc             ] GC(2320) Pause Young (Allocation Failure) 401M->149M(424M) 1.175ms
[835.770s][info][gc,cpu         ] GC(2320) User=0.00s Sys=0.00s Real=0.00s
[836.305s][info][gc,start       ] GC(2321) Pause Young (Allocation Failure)
[836.307s][info][gc,heap        ] GC(2321) PSYoungGen: 248384K(259584K)->64K(239616K) Eden: 248320K(248320K)->0K(239104K) From: 64K(11264K)->64K(512K)
[836.307s][info][gc,heap        ] GC(2321) ParOldGen: 152722K(175104K)->152738K(175104K)
[836.307s][info][gc,metaspace   ] GC(2321) Metaspace: 35617K(36352K)->35617K(36352K) NonClass: 26407K(26944K)->26407K(26944K) Class: 9210K(9408K)->9210K(9408K)
[836.307s][info][gc             ] GC(2321) Pause Young (Allocation Failure) 391M->149M(405M) 2.143ms
[836.307s][info][gc,cpu         ] GC(2321) User=0.00s Sys=0.00s Real=0.00s
[836.712s][info][gc,start       ] GC(2322) Pause Young (Allocation Failure)
[836.713s][info][gc,heap        ] GC(2322) PSYoungGen: 239168K(239616K)->64K(240640K) Eden: 239104K(239104K)->0K(230400K) From: 64K(512K)->64K(10240K)
[836.714s][info][gc,heap        ] GC(2322) ParOldGen: 152738K(175104K)->152754K(175104K)
[836.714s][info][gc,metaspace   ] GC(2322) Metaspace: 35617K(36352K)->35617K(36352K) NonClass: 26407K(26944K)->26407K(26944K) Class: 9210K(9408K)->9210K(9408K)
[836.714s][info][gc             ] GC(2322) Pause Young (Allocation Failure) 382M->149M(406M) 1.252ms
[836.714s][info][gc,cpu         ] GC(2322) User=0.00s Sys=0.00s Real=0.00s
[837.651s][info][gc,start       ] GC(2323) Pause Young (Allocation Failure)
[837.653s][info][gc,heap        ] GC(2323) PSYoungGen: 230464K(240640K)->64K(222208K) Eden: 230400K(230400K)->0K(221696K) From: 64K(10240K)->64K(512K)
[837.653s][info][gc,heap        ] GC(2323) ParOldGen: 152754K(175104K)->152770K(175104K)
[837.653s][info][gc,metaspace   ] GC(2323) Metaspace: 35617K(36352K)->35617K(36352K) NonClass: 26407K(26944K)->26407K(26944K) Class: 9210K(9408K)->9210K(9408K)
[837.653s][info][gc             ] GC(2323) Pause Young (Allocation Failure) 374M->149M(388M) 1.912ms
[837.653s][info][gc,cpu         ] GC(2323) User=0.00s Sys=0.00s Real=0.00s
[838.009s][info][gc,start       ] GC(2324) Pause Young (Allocation Failure)
[838.010s][info][gc,heap        ] GC(2324) PSYoungGen: 221760K(222208K)->64K(222208K) Eden: 221696K(221696K)->0K(213504K) From: 64K(512K)->64K(8704K)
[838.010s][info][gc,heap        ] GC(2324) ParOldGen: 152770K(175104K)->152786K(175104K)
[838.010s][info][gc,metaspace   ] GC(2324) Metaspace: 35617K(36352K)->35617K(36352K) NonClass: 26407K(26944K)->26407K(26944K) Class: 9210K(9408K)->9210K(9408K)
[838.010s][info][gc             ] GC(2324) Pause Young (Allocation Failure) 365M->149M(388M) 1.105ms
[838.010s][info][gc,cpu         ] GC(2324) User=0.00s Sys=0.00s Real=0.00s
[838.186s][info][gc,start       ] GC(2325) Pause Young (Allocation Failure)
[838.187s][info][gc,heap        ] GC(2325) PSYoungGen: 213568K(222208K)->64K(206336K) Eden: 213504K(213504K)->0K(205824K) From: 64K(8704K)->64K(512K)
[838.187s][info][gc,heap        ] GC(2325) ParOldGen: 152786K(175104K)->152794K(175104K)
[838.187s][info][gc,metaspace   ] GC(2325) Metaspace: 35617K(36352K)->35617K(36352K) NonClass: 26407K(26944K)->26407K(26944K) Class: 9210K(9408K)->9210K(9408K)
[838.187s][info][gc             ] GC(2325) Pause Young (Allocation Failure) 357M->149M(372M) 1.757ms
[838.187s][info][gc,cpu         ] GC(2325) User=0.00s Sys=0.00s Real=0.00s
[838.237s][info][gc,start       ] GC(2326) Pause Young (Allocation Failure)
[838.238s][info][gc,heap        ] GC(2326) PSYoungGen: 205888K(206336K)->32K(206336K) Eden: 205824K(205824K)->0K(198656K) From: 64K(512K)->32K(7680K)
[838.238s][info][gc,heap        ] GC(2326) ParOldGen: 152794K(175104K)->152810K(175104K)
[838.238s][info][gc,metaspace   ] GC(2326) Metaspace: 35617K(36352K)->35617K(36352K) NonClass: 26407K(26944K)->26407K(26944K) Class: 9210K(9408K)->9210K(9408K)
[838.238s][info][gc             ] GC(2326) Pause Young (Allocation Failure) 350M->149M(372M) 1.020ms
[838.238s][info][gc,cpu         ] GC(2326) User=0.00s Sys=0.00s Real=0.00s
[838.583s][info][gc,start       ] GC(2327) Pause Young (Allocation Failure)
[838.585s][info][gc,heap        ] GC(2327) PSYoungGen: 198688K(206336K)->64K(192000K) Eden: 198656K(198656K)->0K(191488K) From: 32K(7680K)->64K(512K)
[838.585s][info][gc,heap        ] GC(2327) ParOldGen: 152810K(175104K)->152810K(175104K)
[838.585s][info][gc,metaspace   ] GC(2327) Metaspace: 35617K(36352K)->35617K(36352K) NonClass: 26407K(26944K)->26407K(26944K) Class: 9210K(9408K)->9210K(9408K)
[838.585s][info][gc             ] GC(2327) Pause Young (Allocation Failure) 343M->149M(358M) 1.769ms
[838.585s][info][gc,cpu         ] GC(2327) User=0.00s Sys=0.00s Real=0.00s
[838.903s][info][gc,start       ] GC(2328) Pause Young (Allocation Failure)
[838.904s][info][gc,heap        ] GC(2328) PSYoungGen: 191552K(192000K)->64K(191488K) Eden: 191488K(191488K)->0K(184832K) From: 64K(512K)->64K(6656K)
[838.904s][info][gc,heap        ] GC(2328) ParOldGen: 152810K(175104K)->152826K(175104K)
[838.904s][info][gc,metaspace   ] GC(2328) Metaspace: 35617K(36352K)->35617K(36352K) NonClass: 26407K(26944K)->26407K(26944K) Class: 9210K(9408K)->9210K(9408K)
[838.904s][info][gc             ] GC(2328) Pause Young (Allocation Failure) 336M->149M(358M) 1.190ms
[838.904s][info][gc,cpu         ] GC(2328) User=0.00s Sys=0.00s Real=0.00s
[839.122s][info][gc,start       ] GC(2329) Pause Young (Allocation Failure)
[839.123s][info][gc,heap        ] GC(2329) PSYoungGen: 184896K(191488K)->64K(179200K) Eden: 184832K(184832K)->0K(178688K) From: 64K(6656K)->64K(512K)
[839.123s][info][gc,heap        ] GC(2329) ParOldGen: 152826K(175104K)->152842K(175104K)
[839.123s][info][gc,metaspace   ] GC(2329) Metaspace: 35617K(36352K)->35617K(36352K) NonClass: 26407K(26944K)->26407K(26944K) Class: 9210K(9408K)->9210K(9408K)
[839.123s][info][gc             ] GC(2329) Pause Young (Allocation Failure) 329M->149M(346M) 1.640ms
[839.123s][info][gc,cpu         ] GC(2329) User=0.00s Sys=0.00s Real=0.00s
[839.395s][info][gc,start       ] GC(2330) Pause Young (Allocation Failure)
[839.421s][info][gc,heap        ] GC(2330) PSYoungGen: 178752K(179200K)->5632K(219136K) Eden: 178688K(178688K)->0K(213504K) From: 64K(512K)->5632K(5632K)
[839.421s][info][gc,heap        ] GC(2330) ParOldGen: 152842K(175104K)->161594K(175104K)
[839.421s][info][gc,metaspace   ] GC(2330) Metaspace: 35617K(36352K)->35617K(36352K) NonClass: 26407K(26944K)->26407K(26944K) Class: 9210K(9408K)->9210K(9408K)
[839.421s][info][gc             ] GC(2330) Pause Young (Allocation Failure) 323M->163M(385M) 26.271ms
[839.421s][info][gc,cpu         ] GC(2330) User=0.04s Sys=0.00s Real=0.03s
[839.698s][info][gc,start       ] GC(2331) Pause Young (Allocation Failure)
[839.743s][info][gc,heap        ] GC(2331) PSYoungGen: 219136K(219136K)->5632K(236032K) Eden: 213504K(213504K)->0K(230400K) From: 5632K(5632K)->5632K(5632K)
[839.743s][info][gc,heap        ] GC(2331) ParOldGen: 161594K(175104K)->180538K(180736K)
[839.743s][info][gc,metaspace   ] GC(2331) Metaspace: 35617K(36352K)->35617K(36352K) NonClass: 26407K(26944K)->26407K(26944K) Class: 9210K(9408K)->9210K(9408K)
[839.743s][info][gc             ] GC(2331) Pause Young (Allocation Failure) 371M->181M(407M) 44.733ms
[839.743s][info][gc,cpu         ] GC(2331) User=0.08s Sys=0.01s Real=0.05s
[840.020s][info][gc,start       ] GC(2332) Pause Young (Allocation Failure)
[840.063s][info][gc,heap        ] GC(2332) PSYoungGen: 236032K(236032K)->17920K(248320K) Eden: 230400K(230400K)->0K(230400K) From: 5632K(5632K)->17920K(17920K)
[840.063s][info][gc,heap        ] GC(2332) ParOldGen: 180538K(180736K)->187050K(187392K)
[840.063s][info][gc,metaspace   ] GC(2332) Metaspace: 35617K(36352K)->35617K(36352K) NonClass: 26407K(26944K)->26407K(26944K) Class: 9210K(9408K)->9210K(9408K)
[840.063s][info][gc             ] GC(2332) Pause Young (Allocation Failure) 406M->200M(425M) 42.649ms
[840.063s][info][gc,cpu         ] GC(2332) User=0.08s Sys=0.00s Real=0.04s
[840.129s][info][gc,start       ] GC(2333) Pause Young (Allocation Failure)
[840.131s][info][gc,heap        ] GC(2333) PSYoungGen: 248320K(248320K)->64K(299008K) Eden: 230400K(230400K)->0K(275968K) From: 17920K(17920K)->64K(23040K)
[840.131s][info][gc,heap        ] GC(2333) ParOldGen: 187050K(187392K)->187226K(187392K)
[840.131s][info][gc,metaspace   ] GC(2333) Metaspace: 35617K(36352K)->35617K(36352K) NonClass: 26407K(26944K)->26407K(26944K) Class: 9210K(9408K)->9210K(9408K)
[840.131s][info][gc             ] GC(2333) Pause Young (Allocation Failure) 425M->182M(475M) 2.704ms
[840.131s][info][gc,cpu         ] GC(2333) User=0.01s Sys=0.00s Real=0.00s
[840.707s][info][gc,start       ] GC(2334) Pause Young (Allocation Failure)
[840.708s][info][gc,heap        ] GC(2334) PSYoungGen: 276032K(299008K)->64K(299520K) Eden: 275968K(275968K)->0K(275968K) From: 64K(23040K)->64K(23552K)
[840.708s][info][gc,heap        ] GC(2334) ParOldGen: 187226K(187392K)->187234K(187392K)
[840.708s][info][gc,metaspace   ] GC(2334) Metaspace: 35617K(36352K)->35617K(36352K) NonClass: 26407K(26944K)->26407K(26944K) Class: 9210K(9408K)->9210K(9408K)
[840.708s][info][gc             ] GC(2334) Pause Young (Allocation Failure) 452M->182M(475M) 0.974ms
[840.708s][info][gc,cpu         ] GC(2334) User=0.00s Sys=0.00s Real=0.00s
[841.140s][info][gc,start       ] GC(2335) Pause Young (Allocation Failure)
[841.141s][info][gc,heap        ] GC(2335) PSYoungGen: 276032K(299520K)->64K(308736K) Eden: 275968K(275968K)->0K(287744K) From: 64K(23552K)->64K(20992K)
[841.141s][info][gc,heap        ] GC(2335) ParOldGen: 187234K(187392K)->187242K(187392K)
[841.141s][info][gc,metaspace   ] GC(2335) Metaspace: 35617K(36352K)->35617K(36352K) NonClass: 26407K(26944K)->26407K(26944K) Class: 9210K(9408K)->9210K(9408K)
[841.141s][info][gc             ] GC(2335) Pause Young (Allocation Failure) 452M->182M(484M) 0.916ms
[841.141s][info][gc,cpu         ] GC(2335) User=0.00s Sys=0.00s Real=0.00s
[841.582s][info][gc,start       ] GC(2336) Pause Young (Allocation Failure)
[841.582s][info][gc,heap        ] GC(2336) PSYoungGen: 287808K(308736K)->64K(309248K) Eden: 287744K(287744K)->0K(287744K) From: 64K(20992K)->64K(21504K)
[841.582s][info][gc,heap        ] GC(2336) ParOldGen: 187242K(187392K)->187258K(187392K)
[841.582s][info][gc,metaspace   ] GC(2336) Metaspace: 35617K(36352K)->35617K(36352K) NonClass: 26407K(26944K)->26407K(26944K) Class: 9210K(9408K)->9210K(9408K)
[841.582s][info][gc             ] GC(2336) Pause Young (Allocation Failure) 463M->182M(485M) 0.921ms
[841.582s][info][gc,cpu         ] GC(2336) User=0.00s Sys=0.00s Real=0.00s
[841.817s][info][gc,start       ] GC(2337) Pause Young (Allocation Failure)
[841.817s][info][gc,heap        ] GC(2337) PSYoungGen: 287808K(309248K)->64K(311808K) Eden: 287744K(287744K)->0K(291840K) From: 64K(21504K)->64K(19968K)
[841.817s][info][gc,heap        ] GC(2337) ParOldGen: 187258K(187392K)->187274K(187392K)
[841.817s][info][gc,metaspace   ] GC(2337) Metaspace: 35617K(36352K)->35617K(36352K) NonClass: 26407K(26944K)->26407K(26944K) Class: 9210K(9408K)->9210K(9408K)
[841.817s][info][gc             ] GC(2337) Pause Young (Allocation Failure) 463M->182M(487M) 0.823ms
[841.817s][info][gc,cpu         ] GC(2337) User=0.00s Sys=0.00s Real=0.00s
[842.168s][info][gc,start       ] GC(2338) Pause Young (Allocation Failure)
[842.169s][info][gc,heap        ] GC(2338) PSYoungGen: 291904K(311808K)->64K(311808K) Eden: 291840K(291840K)->0K(291840K) From: 64K(19968K)->64K(19968K)
[842.169s][info][gc,heap        ] GC(2338) ParOldGen: 187274K(187392K)->187274K(187392K)
[842.169s][info][gc,metaspace   ] GC(2338) Metaspace: 35617K(36352K)->35617K(36352K) NonClass: 26407K(26944K)->26407K(26944K) Class: 9210K(9408K)->9210K(9408K)
[842.169s][info][gc             ] GC(2338) Pause Young (Allocation Failure) 467M->182M(487M) 0.799ms
[842.169s][info][gc,cpu         ] GC(2338) User=0.00s Sys=0.00s Real=0.01s
[842.293s][info][gc,start       ] GC(2339) Pause Young (Allocation Failure)
[842.294s][info][gc,heap        ] GC(2339) PSYoungGen: 291904K(311808K)->64K(312832K) Eden: 291840K(291840K)->0K(294912K) From: 64K(19968K)->64K(17920K)
[842.294s][info][gc,heap        ] GC(2339) ParOldGen: 187274K(187392K)->187282K(187392K)
[842.294s][info][gc,metaspace   ] GC(2339) Metaspace: 35617K(36352K)->35617K(36352K) NonClass: 26407K(26944K)->26407K(26944K) Class: 9210K(9408K)->9210K(9408K)
[842.294s][info][gc             ] GC(2339) Pause Young (Allocation Failure) 467M->182M(488M) 0.831ms
[842.294s][info][gc,cpu         ] GC(2339) User=0.00s Sys=0.00s Real=0.00s
[842.347s][info][gc,start       ] GC(2340) Pause Young (Allocation Failure)
[842.347s][info][gc,heap        ] GC(2340) PSYoungGen: 294976K(312832K)->64K(312832K) Eden: 294912K(294912K)->0K(294912K) From: 64K(17920K)->64K(17920K)
[842.347s][info][gc,heap        ] GC(2340) ParOldGen: 187282K(187392K)->187298K(187392K)
[842.347s][info][gc,metaspace   ] GC(2340) Metaspace: 35617K(36352K)->35617K(36352K) NonClass: 26407K(26944K)->26407K(26944K) Class: 9210K(9408K)->9210K(9408K)
[842.347s][info][gc             ] GC(2340) Pause Young (Allocation Failure) 470M->182M(488M) 0.858ms
[842.347s][info][gc,cpu         ] GC(2340) User=0.00s Sys=0.00s Real=0.00s
[842.526s][info][gc,start       ] GC(2341) Pause Young (Allocation Failure)
[842.527s][info][gc,heap        ] GC(2341) PSYoungGen: 294976K(312832K)->64K(314880K) Eden: 294912K(294912K)->0K(299008K) From: 64K(17920K)->64K(15872K)
[842.527s][info][gc,heap        ] GC(2341) ParOldGen: 187298K(187392K)->187298K(187392K)
[842.527s][info][gc,metaspace   ] GC(2341) Metaspace: 35617K(36352K)->35617K(36352K) NonClass: 26407K(26944K)->26407K(26944K) Class: 9210K(9408K)->9210K(9408K)
[842.527s][info][gc             ] GC(2341) Pause Young (Allocation Failure) 470M->182M(490M) 0.888ms
[842.527s][info][gc,cpu         ] GC(2341) User=0.00s Sys=0.00s Real=0.00s
[842.832s][info][gc,start       ] GC(2342) Pause Young (Allocation Failure)
[842.833s][info][gc,heap        ] GC(2342) PSYoungGen: 299072K(314880K)->64K(314880K) Eden: 299008K(299008K)->0K(299008K) From: 64K(15872K)->64K(15872K)
[842.833s][info][gc,heap        ] GC(2342) ParOldGen: 187298K(187392K)->187306K(187392K)
[842.833s][info][gc,metaspace   ] GC(2342) Metaspace: 35617K(36352K)->35617K(36352K) NonClass: 26407K(26944K)->26407K(26944K) Class: 9210K(9408K)->9210K(9408K)
[842.833s][info][gc             ] GC(2342) Pause Young (Allocation Failure) 474M->182M(490M) 0.844ms
[842.833s][info][gc,cpu         ] GC(2342) User=0.00s Sys=0.00s Real=0.00s
[842.985s][info][gc,start       ] GC(2343) Pause Young (Allocation Failure)
[842.986s][info][gc,heap        ] GC(2343) PSYoungGen: 299072K(314880K)->64K(287744K) Eden: 299008K(299008K)->0K(287232K) From: 64K(15872K)->64K(512K)
[842.986s][info][gc,heap        ] GC(2343) ParOldGen: 187306K(187392K)->187314K(187392K)
[842.986s][info][gc,metaspace   ] GC(2343) Metaspace: 35617K(36352K)->35617K(36352K) NonClass: 26407K(26944K)->26407K(26944K) Class: 9210K(9408K)->9210K(9408K)
[842.986s][info][gc             ] GC(2343) Pause Young (Allocation Failure) 474M->182M(464M) 0.970ms
[842.986s][info][gc,cpu         ] GC(2343) User=0.00s Sys=0.00s Real=0.00s
[843.074s][info][gc,start       ] GC(2344) Pause Young (Allocation Failure)
[843.075s][info][gc,heap        ] GC(2344) PSYoungGen: 287296K(287744K)->64K(290304K) Eden: 287232K(287232K)->0K(275968K) From: 64K(512K)->64K(14336K)
[843.075s][info][gc,heap        ] GC(2344) ParOldGen: 187314K(187392K)->187322K(187392K)
[843.075s][info][gc,metaspace   ] GC(2344) Metaspace: 35617K(36352K)->35617K(36352K) NonClass: 26407K(26944K)->26407K(26944K) Class: 9210K(9408K)->9210K(9408K)
[843.075s][info][gc             ] GC(2344) Pause Young (Allocation Failure) 463M->182M(466M) 0.851ms
[843.075s][info][gc,cpu         ] GC(2344) User=0.00s Sys=0.00s Real=0.00s
[843.246s][info][gc,start       ] GC(2345) Pause Young (Allocation Failure)
[843.247s][info][gc,heap        ] GC(2345) PSYoungGen: 276032K(290304K)->64K(265728K) Eden: 275968K(275968K)->0K(265216K) From: 64K(14336K)->64K(512K)
[843.247s][info][gc,heap        ] GC(2345) ParOldGen: 187322K(187392K)->187330K(187392K)
[843.247s][info][gc,metaspace   ] GC(2345) Metaspace: 35617K(36352K)->35617K(36352K) NonClass: 26407K(26944K)->26407K(26944K) Class: 9210K(9408K)->9210K(9408K)
[843.247s][info][gc             ] GC(2345) Pause Young (Allocation Failure) 452M->183M(442M) 0.816ms
[843.247s][info][gc,cpu         ] GC(2345) User=0.01s Sys=0.00s Real=0.00s
[844.139s][info][gc,start       ] GC(2346) Pause Young (Allocation Failure)
[844.140s][info][gc,heap        ] GC(2346) PSYoungGen: 265280K(265728K)->64K(267264K) Eden: 265216K(265216K)->0K(254976K) From: 64K(512K)->64K(12288K)
[844.140s][info][gc,heap        ] GC(2346) ParOldGen: 187330K(187392K)->187338K(187392K)
[844.140s][info][gc,metaspace   ] GC(2346) Metaspace: 35617K(36352K)->35617K(36352K) NonClass: 26407K(26944K)->26407K(26944K) Class: 9210K(9408K)->9210K(9408K)
[844.140s][info][gc             ] GC(2346) Pause Young (Allocation Failure) 442M->183M(444M) 0.926ms
[844.140s][info][gc,cpu         ] GC(2346) User=0.01s Sys=0.00s Real=0.00s
[844.943s][info][gc,start       ] GC(2347) Pause Young (Allocation Failure)
[844.944s][info][gc,heap        ] GC(2347) PSYoungGen: 255040K(267264K)->64K(245760K) Eden: 254976K(254976K)->0K(245248K) From: 64K(12288K)->64K(512K)
[844.944s][info][gc,heap        ] GC(2347) ParOldGen: 187338K(187392K)->187346K(187392K)
[844.944s][info][gc,metaspace   ] GC(2347) Metaspace: 35617K(36352K)->35617K(36352K) NonClass: 26407K(26944K)->26407K(26944K) Class: 9210K(9408K)->9210K(9408K)
[844.944s][info][gc             ] GC(2347) Pause Young (Allocation Failure) 432M->183M(423M) 1.440ms
[844.944s][info][gc,cpu         ] GC(2347) User=0.01s Sys=0.00s Real=0.00s
[845.147s][info][gc,start       ] GC(2348) Pause Young (Allocation Failure)
[845.148s][info][gc,heap        ] GC(2348) PSYoungGen: 245312K(245760K)->64K(246784K) Eden: 245248K(245248K)->0K(236032K) From: 64K(512K)->64K(10752K)
[845.148s][info][gc,heap        ] GC(2348) ParOldGen: 187346K(187392K)->187354K(187392K)
[845.148s][info][gc,metaspace   ] GC(2348) Metaspace: 35617K(36352K)->35617K(36352K) NonClass: 26407K(26944K)->26407K(26944K) Class: 9210K(9408K)->9210K(9408K)
[845.148s][info][gc             ] GC(2348) Pause Young (Allocation Failure) 422M->183M(424M) 0.764ms
[845.148s][info][gc,cpu         ] GC(2348) User=0.00s Sys=0.00s Real=0.00s
[845.531s][info][gc,start       ] GC(2349) Pause Young (Allocation Failure)
[845.532s][info][gc,heap        ] GC(2349) PSYoungGen: 236096K(246784K)->64K(227840K) Eden: 236032K(236032K)->0K(227328K) From: 64K(10752K)->64K(512K)
[845.533s][info][gc,heap        ] GC(2349) ParOldGen: 187354K(187392K)->187362K(187392K)
[845.533s][info][gc,metaspace   ] GC(2349) Metaspace: 35617K(36352K)->35617K(36352K) NonClass: 26407K(26944K)->26407K(26944K) Class: 9210K(9408K)->9210K(9408K)
[845.533s][info][gc             ] GC(2349) Pause Young (Allocation Failure) 413M->183M(405M) 1.692ms
[845.533s][info][gc,cpu         ] GC(2349) User=0.00s Sys=0.00s Real=0.00s
[846.473s][info][gc,start       ] GC(2350) Pause Young (Allocation Failure)
[846.473s][info][gc,heap        ] GC(2350) PSYoungGen: 227392K(227840K)->64K(228864K) Eden: 227328K(227328K)->0K(219136K) From: 64K(512K)->64K(9728K)
[846.473s][info][gc,heap        ] GC(2350) ParOldGen: 187362K(187392K)->187370K(187392K)
[846.473s][info][gc,metaspace   ] GC(2350) Metaspace: 35617K(36352K)->35617K(36352K) NonClass: 26407K(26944K)->26407K(26944K) Class: 9210K(9408K)->9210K(9408K)
[846.473s][info][gc             ] GC(2350) Pause Young (Allocation Failure) 405M->183M(406M) 0.796ms
[846.473s][info][gc,cpu         ] GC(2350) User=0.00s Sys=0.00s Real=0.00s
[846.814s][info][gc,start       ] GC(2351) Pause Young (Allocation Failure)
[846.816s][info][gc,heap        ] GC(2351) PSYoungGen: 219200K(228864K)->64K(211456K) Eden: 219136K(219136K)->0K(210944K) From: 64K(9728K)->64K(512K)
[846.816s][info][gc,heap        ] GC(2351) ParOldGen: 187370K(187392K)->187386K(187392K)
[846.816s][info][gc,metaspace   ] GC(2351) Metaspace: 35617K(36352K)->35617K(36352K) NonClass: 26407K(26944K)->26407K(26944K) Class: 9210K(9408K)->9210K(9408K)
[846.816s][info][gc             ] GC(2351) Pause Young (Allocation Failure) 397M->183M(389M) 2.043ms
[846.816s][info][gc,cpu         ] GC(2351) User=0.00s Sys=0.00s Real=0.00s
[846.976s][info][gc,start       ] GC(2352) Pause Young (Allocation Failure)
[846.977s][info][gc,heap        ] GC(2352) PSYoungGen: 211008K(211456K)->64K(211456K) Eden: 210944K(210944K)->0K(203264K) From: 64K(512K)->64K(8192K)
[846.977s][info][gc,heap        ] GC(2352) ParOldGen: 187386K(187392K)->187394K(187904K)
[846.977s][info][gc,metaspace   ] GC(2352) Metaspace: 35617K(36352K)->35617K(36352K) NonClass: 26407K(26944K)->26407K(26944K) Class: 9210K(9408K)->9210K(9408K)
[846.977s][info][gc             ] GC(2352) Pause Young (Allocation Failure) 389M->183M(390M) 1.450ms
[846.977s][info][gc,cpu         ] GC(2352) User=0.00s Sys=0.00s Real=0.00s
[847.039s][info][gc,start       ] GC(2353) Pause Young (Allocation Failure)
[847.040s][info][gc,heap        ] GC(2353) PSYoungGen: 203328K(211456K)->64K(196608K) Eden: 203264K(203264K)->0K(196096K) From: 64K(8192K)->64K(512K)
[847.040s][info][gc,heap        ] GC(2353) ParOldGen: 187394K(187904K)->187410K(187904K)
[847.040s][info][gc,metaspace   ] GC(2353) Metaspace: 35617K(36352K)->35617K(36352K) NonClass: 26407K(26944K)->26407K(26944K) Class: 9210K(9408K)->9210K(9408K)
[847.040s][info][gc             ] GC(2353) Pause Young (Allocation Failure) 381M->183M(375M) 1.704ms
[847.040s][info][gc,cpu         ] GC(2353) User=0.00s Sys=0.00s Real=0.00s
[847.438s][info][gc,start       ] GC(2354) Pause Young (Allocation Failure)
[847.439s][info][gc,heap        ] GC(2354) PSYoungGen: 196160K(196608K)->64K(196608K) Eden: 196096K(196096K)->0K(189440K) From: 64K(512K)->64K(7168K)
[847.439s][info][gc,heap        ] GC(2354) ParOldGen: 187410K(187904K)->187418K(187904K)
[847.439s][info][gc,metaspace   ] GC(2354) Metaspace: 35617K(36352K)->35617K(36352K) NonClass: 26407K(26944K)->26407K(26944K) Class: 9210K(9408K)->9210K(9408K)
[847.439s][info][gc             ] GC(2354) Pause Young (Allocation Failure) 374M->183M(375M) 1.227ms
[847.439s][info][gc,cpu         ] GC(2354) User=0.00s Sys=0.00s Real=0.01s
[847.696s][info][gc,start       ] GC(2355) Pause Young (Allocation Failure)
[847.697s][info][gc,heap        ] GC(2355) PSYoungGen: 189504K(196608K)->64K(183296K) Eden: 189440K(189440K)->0K(182784K) From: 64K(7168K)->64K(512K)
[847.697s][info][gc,heap        ] GC(2355) ParOldGen: 187418K(187904K)->187434K(187904K)
[847.697s][info][gc,metaspace   ] GC(2355) Metaspace: 35617K(36352K)->35617K(36352K) NonClass: 26407K(26944K)->26407K(26944K) Class: 9210K(9408K)->9210K(9408K)
[847.697s][info][gc             ] GC(2355) Pause Young (Allocation Failure) 368M->183M(362M) 1.704ms
[847.697s][info][gc,cpu         ] GC(2355) User=0.00s Sys=0.00s Real=0.00s
[847.945s][info][gc,start       ] GC(2356) Pause Young (Allocation Failure)
[847.946s][info][gc,heap        ] GC(2356) PSYoungGen: 182848K(183296K)->64K(182784K) Eden: 182784K(182784K)->0K(176640K) From: 64K(512K)->64K(6144K)
[847.946s][info][gc,heap        ] GC(2356) ParOldGen: 187434K(187904K)->187450K(187904K)
[847.946s][info][gc,metaspace   ] GC(2356) Metaspace: 35617K(36352K)->35617K(36352K) NonClass: 26407K(26944K)->26407K(26944K) Class: 9210K(9408K)->9210K(9408K)
[847.946s][info][gc             ] GC(2356) Pause Young (Allocation Failure) 361M->183M(362M) 1.243ms
[847.946s][info][gc,cpu         ] GC(2356) User=0.00s Sys=0.00s Real=0.00s
[848.205s][info][gc,start       ] GC(2357) Pause Young (Allocation Failure)
[848.243s][info][gc,heap        ] GC(2357) PSYoungGen: 176704K(182784K)->5632K(217088K) Eden: 176640K(176640K)->0K(211456K) From: 64K(6144K)->5632K(5632K)
[848.243s][info][gc,heap        ] GC(2357) ParOldGen: 187450K(187904K)->198538K(198656K)
[848.243s][info][gc,metaspace   ] GC(2357) Metaspace: 35617K(36352K)->35617K(36352K) NonClass: 26407K(26944K)->26407K(26944K) Class: 9210K(9408K)->9210K(9408K)
[848.243s][info][gc             ] GC(2357) Pause Young (Allocation Failure) 355M->199M(406M) 38.025ms
[848.243s][info][gc,cpu         ] GC(2357) User=0.04s Sys=0.01s Real=0.04s
[848.518s][info][gc,start       ] GC(2358) Pause Young (Allocation Failure)
[848.563s][info][gc,heap        ] GC(2358) PSYoungGen: 217088K(217088K)->11264K(250880K) Eden: 211456K(211456K)->0K(239616K) From: 5632K(5632K)->11264K(11264K)
[848.563s][info][gc,heap        ] GC(2358) ParOldGen: 198538K(198656K)->211666K(211968K)
[848.563s][info][gc,metaspace   ] GC(2358) Metaspace: 35617K(36352K)->35617K(36352K) NonClass: 26407K(26944K)->26407K(26944K) Class: 9210K(9408K)->9210K(9408K)
[848.563s][info][gc             ] GC(2358) Pause Young (Allocation Failure) 405M->217M(452M) 45.554ms
[848.563s][info][gc,cpu         ] GC(2358) User=0.08s Sys=0.01s Real=0.05s
[848.824s][info][gc,start       ] GC(2359) Pause Young (Allocation Failure)
[848.870s][info][gc,heap        ] GC(2359) PSYoungGen: 250880K(250880K)->18432K(266752K) Eden: 239616K(239616K)->0K(248320K) From: 11264K(11264K)->18432K(18432K)
[848.870s][info][gc,heap        ] GC(2359) ParOldGen: 211666K(211968K)->215410K(215552K)
[848.871s][info][gc,metaspace   ] GC(2359) Metaspace: 35617K(36352K)->35617K(36352K) NonClass: 26407K(26944K)->26407K(26944K) Class: 9210K(9408K)->9210K(9408K)
[848.871s][info][gc             ] GC(2359) Pause Young (Allocation Failure) 451M->228M(471M) 46.768ms
[848.871s][info][gc,cpu         ] GC(2359) User=0.08s Sys=0.01s Real=0.05s
[848.962s][info][gc,start       ] GC(2360) Pause Young (Allocation Failure)
[848.964s][info][gc,heap        ] GC(2360) PSYoungGen: 266752K(266752K)->64K(271872K) Eden: 248320K(248320K)->0K(248320K) From: 18432K(18432K)->64K(23552K)
[848.964s][info][gc,heap        ] GC(2360) ParOldGen: 215410K(215552K)->215506K(215552K)
[848.964s][info][gc,metaspace   ] GC(2360) Metaspace: 35617K(36352K)->35617K(36352K) NonClass: 26407K(26944K)->26407K(26944K) Class: 9210K(9408K)->9210K(9408K)
[848.964s][info][gc             ] GC(2360) Pause Young (Allocation Failure) 470M->210M(476M) 2.024ms
[848.964s][info][gc,cpu         ] GC(2360) User=0.01s Sys=0.00s Real=0.00s
[849.536s][info][gc,start       ] GC(2361) Pause Young (Allocation Failure)
[849.537s][info][gc,heap        ] GC(2361) PSYoungGen: 248384K(271872K)->64K(308736K) Eden: 248320K(248320K)->0K(287232K) From: 64K(23552K)->64K(21504K)
[849.537s][info][gc,heap        ] GC(2361) ParOldGen: 215506K(215552K)->215514K(215552K)
[849.537s][info][gc,metaspace   ] GC(2361) Metaspace: 35617K(36352K)->35617K(36352K) NonClass: 26407K(26944K)->26407K(26944K) Class: 9210K(9408K)->9210K(9408K)
[849.537s][info][gc             ] GC(2361) Pause Young (Allocation Failure) 453M->210M(512M) 1.005ms
[849.537s][info][gc,cpu         ] GC(2361) User=0.00s Sys=0.00s Real=0.00s
[849.952s][info][gc,start       ] GC(2362) Pause Young (Allocation Failure)
[849.953s][info][gc,heap        ] GC(2362) PSYoungGen: 287296K(308736K)->64K(309760K) Eden: 287232K(287232K)->0K(287232K) From: 64K(21504K)->64K(22528K)
[849.953s][info][gc,heap        ] GC(2362) ParOldGen: 215514K(215552K)->215522K(215552K)
[849.953s][info][gc,metaspace   ] GC(2362) Metaspace: 35617K(36352K)->35617K(36352K) NonClass: 26407K(26944K)->26407K(26944K) Class: 9210K(9408K)->9210K(9408K)
[849.953s][info][gc             ] GC(2362) Pause Young (Allocation Failure) 491M->210M(513M) 0.979ms
[849.953s][info][gc,cpu         ] GC(2362) User=0.00s Sys=0.00s Real=0.00s
[850.388s][info][gc,start       ] GC(2363) Pause Young (Allocation Failure)
[850.389s][info][gc,heap        ] GC(2363) PSYoungGen: 287296K(309760K)->64K(309248K) Eden: 287232K(287232K)->0K(289792K) From: 64K(22528K)->64K(19456K)
[850.389s][info][gc,heap        ] GC(2363) ParOldGen: 215522K(215552K)->215538K(215552K)
[850.389s][info][gc,metaspace   ] GC(2363) Metaspace: 35617K(36352K)->35617K(36352K) NonClass: 26407K(26944K)->26407K(26944K) Class: 9210K(9408K)->9210K(9408K)
[850.389s][info][gc             ] GC(2363) Pause Young (Allocation Failure) 491M->210M(512M) 0.979ms
[850.389s][info][gc,cpu         ] GC(2363) User=0.00s Sys=0.01s Real=0.01s
[850.625s][info][gc,start       ] GC(2364) Pause Young (Allocation Failure)
[850.626s][info][gc,heap        ] GC(2364) PSYoungGen: 289856K(309248K)->64K(310272K) Eden: 289792K(289792K)->0K(289792K) From: 64K(19456K)->64K(20480K)
[850.626s][info][gc,heap        ] GC(2364) ParOldGen: 215538K(215552K)->215554K(216064K)
[850.626s][info][gc,metaspace   ] GC(2364) Metaspace: 35617K(36352K)->35617K(36352K) NonClass: 26407K(26944K)->26407K(26944K) Class: 9210K(9408K)->9210K(9408K)
[850.626s][info][gc             ] GC(2364) Pause Young (Allocation Failure) 493M->210M(514M) 0.894ms
[850.626s][info][gc,cpu         ] GC(2364) User=0.00s Sys=0.00s Real=0.00s
[850.990s][info][gc,start       ] GC(2365) Pause Young (Allocation Failure)
[850.991s][info][gc,heap        ] GC(2365) PSYoungGen: 289856K(310272K)->64K(311296K) Eden: 289792K(289792K)->0K(293888K) From: 64K(20480K)->64K(17408K)
[850.991s][info][gc,heap        ] GC(2365) ParOldGen: 215554K(216064K)->215554K(216064K)
[850.991s][info][gc,metaspace   ] GC(2365) Metaspace: 35617K(36352K)->35617K(36352K) NonClass: 26407K(26944K)->26407K(26944K) Class: 9210K(9408K)->9210K(9408K)
[850.991s][info][gc             ] GC(2365) Pause Young (Allocation Failure) 493M->210M(515M) 1.067ms
[850.991s][info][gc,cpu         ] GC(2365) User=0.00s Sys=0.00s Real=0.00s
[851.094s][info][gc,start       ] GC(2366) Pause Young (Allocation Failure)
[851.095s][info][gc,heap        ] GC(2366) PSYoungGen: 293952K(311296K)->64K(312320K) Eden: 293888K(293888K)->0K(293888K) From: 64K(17408K)->64K(18432K)
[851.095s][info][gc,heap        ] GC(2366) ParOldGen: 215554K(216064K)->215562K(216064K)
[851.095s][info][gc,metaspace   ] GC(2366) Metaspace: 35617K(36352K)->35617K(36352K) NonClass: 26407K(26944K)->26407K(26944K) Class: 9210K(9408K)->9210K(9408K)
[851.095s][info][gc             ] GC(2366) Pause Young (Allocation Failure) 497M->210M(516M) 0.963ms
[851.095s][info][gc,cpu         ] GC(2366) User=0.01s Sys=0.00s Real=0.00s
[851.146s][info][gc,start       ] GC(2367) Pause Young (Allocation Failure)
[851.147s][info][gc,heap        ] GC(2367) PSYoungGen: 293952K(312320K)->64K(312832K) Eden: 293888K(293888K)->0K(297472K) From: 64K(18432K)->64K(15360K)
[851.147s][info][gc,heap        ] GC(2367) ParOldGen: 215562K(216064K)->215578K(216064K)
[851.147s][info][gc,metaspace   ] GC(2367) Metaspace: 35617K(36352K)->35617K(36352K) NonClass: 26407K(26944K)->26407K(26944K) Class: 9210K(9408K)->9210K(9408K)
[851.147s][info][gc             ] GC(2367) Pause Young (Allocation Failure) 497M->210M(516M) 0.855ms
[851.147s][info][gc,cpu         ] GC(2367) User=0.00s Sys=0.00s Real=0.00s
[851.358s][info][gc,start       ] GC(2368) Pause Young (Allocation Failure)
[851.358s][info][gc,heap        ] GC(2368) PSYoungGen: 297536K(312832K)->64K(314368K) Eden: 297472K(297472K)->0K(297472K) From: 64K(15360K)->64K(16896K)
[851.358s][info][gc,heap        ] GC(2368) ParOldGen: 215578K(216064K)->215578K(216064K)
[851.358s][info][gc,metaspace   ] GC(2368) Metaspace: 35617K(36352K)->35617K(36352K) NonClass: 26407K(26944K)->26407K(26944K) Class: 9210K(9408K)->9210K(9408K)
[851.358s][info][gc             ] GC(2368) Pause Young (Allocation Failure) 501M->210M(518M) 0.964ms
[851.358s][info][gc,cpu         ] GC(2368) User=0.01s Sys=0.00s Real=0.00s
[851.647s][info][gc,start       ] GC(2369) Pause Young (Allocation Failure)
[851.648s][info][gc,heap        ] GC(2369) PSYoungGen: 297536K(314368K)->64K(314368K) Eden: 297472K(297472K)->0K(301056K) From: 64K(16896K)->64K(13312K)
[851.648s][info][gc,heap        ] GC(2369) ParOldGen: 215578K(216064K)->215586K(216064K)
[851.648s][info][gc,metaspace   ] GC(2369) Metaspace: 35617K(36352K)->35617K(36352K) NonClass: 26407K(26944K)->26407K(26944K) Class: 9210K(9408K)->9210K(9408K)
[851.648s][info][gc             ] GC(2369) Pause Young (Allocation Failure) 501M->210M(518M) 0.913ms
[851.648s][info][gc,cpu         ] GC(2369) User=0.01s Sys=0.00s Real=0.00s
[851.788s][info][gc,start       ] GC(2370) Pause Young (Allocation Failure)
[851.789s][info][gc,heap        ] GC(2370) PSYoungGen: 301120K(314368K)->64K(289792K) Eden: 301056K(301056K)->0K(289280K) From: 64K(13312K)->64K(512K)
[851.789s][info][gc,heap        ] GC(2370) ParOldGen: 215586K(216064K)->215594K(216064K)
[851.789s][info][gc,metaspace   ] GC(2370) Metaspace: 35617K(36352K)->35617K(36352K) NonClass: 26407K(26944K)->26407K(26944K) Class: 9210K(9408K)->9210K(9408K)
[851.789s][info][gc             ] GC(2370) Pause Young (Allocation Failure) 504M->210M(494M) 0.991ms
[851.789s][info][gc,cpu         ] GC(2370) User=0.00s Sys=0.00s Real=0.01s
[851.889s][info][gc,start       ] GC(2371) Pause Young (Allocation Failure)
[851.890s][info][gc,heap        ] GC(2371) PSYoungGen: 289344K(289792K)->64K(278528K) Eden: 289280K(289280K)->0K(278016K) From: 64K(512K)->64K(512K)
[851.890s][info][gc,heap        ] GC(2371) ParOldGen: 215594K(216064K)->215602K(216064K)
[851.890s][info][gc,metaspace   ] GC(2371) Metaspace: 35617K(36352K)->35617K(36352K) NonClass: 26407K(26944K)->26407K(26944K) Class: 9210K(9408K)->9210K(9408K)
[851.890s][info][gc             ] GC(2371) Pause Young (Allocation Failure) 493M->210M(483M) 0.826ms
[851.890s][info][gc,cpu         ] GC(2371) User=0.01s Sys=0.00s Real=0.00s
[852.064s][info][gc,start       ] GC(2372) Pause Young (Allocation Failure)
[852.065s][info][gc,heap        ] GC(2372) PSYoungGen: 278080K(278528K)->64K(280576K) Eden: 278016K(278016K)->0K(267264K) From: 64K(512K)->64K(13312K)
[852.065s][info][gc,heap        ] GC(2372) ParOldGen: 215602K(216064K)->215610K(216064K)
[852.065s][info][gc,metaspace   ] GC(2372) Metaspace: 35617K(36352K)->35617K(36352K) NonClass: 26407K(26944K)->26407K(26944K) Class: 9210K(9408K)->9210K(9408K)
[852.065s][info][gc             ] GC(2372) Pause Young (Allocation Failure) 482M->210M(485M) 0.805ms
[852.065s][info][gc,cpu         ] GC(2372) User=0.00s Sys=0.00s Real=0.00s
[852.935s][info][gc,start       ] GC(2373) Pause Young (Allocation Failure)
[852.936s][info][gc,heap        ] GC(2373) PSYoungGen: 267328K(280576K)->64K(257536K) Eden: 267264K(267264K)->0K(257024K) From: 64K(13312K)->64K(512K)
[852.936s][info][gc,heap        ] GC(2373) ParOldGen: 215610K(216064K)->215618K(216064K)
[852.936s][info][gc,metaspace   ] GC(2373) Metaspace: 35617K(36352K)->35617K(36352K) NonClass: 26407K(26944K)->26407K(26944K) Class: 9210K(9408K)->9210K(9408K)
[852.936s][info][gc             ] GC(2373) Pause Young (Allocation Failure) 471M->210M(462M) 1.456ms
[852.936s][info][gc,cpu         ] GC(2373) User=0.00s Sys=0.00s Real=0.00s
[853.747s][info][gc,start       ] GC(2374) Pause Young (Allocation Failure)
[853.748s][info][gc,heap        ] GC(2374) PSYoungGen: 257088K(257536K)->64K(259072K) Eden: 257024K(257024K)->0K(247296K) From: 64K(512K)->64K(11776K)
[853.748s][info][gc,heap        ] GC(2374) ParOldGen: 215618K(216064K)->215626K(216064K)
[853.748s][info][gc,metaspace   ] GC(2374) Metaspace: 35617K(36352K)->35617K(36352K) NonClass: 26407K(26944K)->26407K(26944K) Class: 9210K(9408K)->9210K(9408K)
[853.748s][info][gc             ] GC(2374) Pause Young (Allocation Failure) 461M->210M(464M) 1.067ms
[853.748s][info][gc,cpu         ] GC(2374) User=0.00s Sys=0.00s Real=0.00s
[854.021s][info][gc,start       ] GC(2375) Pause Young (Allocation Failure)
[854.023s][info][gc,heap        ] GC(2375) PSYoungGen: 247360K(259072K)->64K(238592K) Eden: 247296K(247296K)->0K(238080K) From: 64K(11776K)->64K(512K)
[854.023s][info][gc,heap        ] GC(2375) ParOldGen: 215626K(216064K)->215642K(216064K)
[854.023s][info][gc,metaspace   ] GC(2375) Metaspace: 35617K(36352K)->35617K(36352K) NonClass: 26407K(26944K)->26407K(26944K) Class: 9210K(9408K)->9210K(9408K)
[854.023s][info][gc             ] GC(2375) Pause Young (Allocation Failure) 452M->210M(444M) 2.391ms
[854.023s][info][gc,cpu         ] GC(2375) User=0.00s Sys=0.00s Real=0.00s
[854.441s][info][gc,start       ] GC(2376) Pause Young (Allocation Failure)
[854.443s][info][gc,heap        ] GC(2376) PSYoungGen: 238144K(238592K)->64K(239616K) Eden: 238080K(238080K)->0K(229376K) From: 64K(512K)->64K(10240K)
[854.443s][info][gc,heap        ] GC(2376) ParOldGen: 215642K(216064K)->215658K(216064K)
[854.443s][info][gc,metaspace   ] GC(2376) Metaspace: 35617K(36352K)->35617K(36352K) NonClass: 26407K(26944K)->26407K(26944K) Class: 9210K(9408K)->9210K(9408K)
[854.443s][info][gc             ] GC(2376) Pause Young (Allocation Failure) 443M->210M(445M) 1.642ms
[854.443s][info][gc,cpu         ] GC(2376) User=0.00s Sys=0.01s Real=0.00s
[855.352s][info][gc,start       ] GC(2377) Pause Young (Allocation Failure)
[855.355s][info][gc,heap        ] GC(2377) PSYoungGen: 229440K(239616K)->64K(221184K) Eden: 229376K(229376K)->0K(220672K) From: 64K(10240K)->64K(512K)
[855.355s][info][gc,heap        ] GC(2377) ParOldGen: 215658K(216064K)->215674K(216064K)
[855.355s][info][gc,metaspace   ] GC(2377) Metaspace: 35617K(36352K)->35617K(36352K) NonClass: 26407K(26944K)->26407K(26944K) Class: 9210K(9408K)->9210K(9408K)
[855.355s][info][gc             ] GC(2377) Pause Young (Allocation Failure) 434M->210M(427M) 2.364ms
[855.355s][info][gc,cpu         ] GC(2377) User=0.00s Sys=0.00s Real=0.00s
[855.672s][info][gc,start       ] GC(2378) Pause Young (Allocation Failure)
[855.673s][info][gc,heap        ] GC(2378) PSYoungGen: 220736K(221184K)->64K(221184K) Eden: 220672K(220672K)->0K(212480K) From: 64K(512K)->64K(8704K)
[855.673s][info][gc,heap        ] GC(2378) ParOldGen: 215674K(216064K)->215690K(216064K)
[855.673s][info][gc,metaspace   ] GC(2378) Metaspace: 35617K(36352K)->35617K(36352K) NonClass: 26407K(26944K)->26407K(26944K) Class: 9210K(9408K)->9210K(9408K)
[855.673s][info][gc             ] GC(2378) Pause Young (Allocation Failure) 426M->210M(427M) 1.532ms
[855.673s][info][gc,cpu         ] GC(2378) User=0.00s Sys=0.00s Real=0.00s
[855.813s][info][gc,start       ] GC(2379) Pause Young (Allocation Failure)
[855.815s][info][gc,heap        ] GC(2379) PSYoungGen: 212544K(221184K)->64K(205312K) Eden: 212480K(212480K)->0K(204800K) From: 64K(8704K)->64K(512K)
[855.815s][info][gc,heap        ] GC(2379) ParOldGen: 215690K(216064K)->215706K(216064K)
[855.815s][info][gc,metaspace   ] GC(2379) Metaspace: 35617K(36352K)->35617K(36352K) NonClass: 26407K(26944K)->26407K(26944K) Class: 9210K(9408K)->9210K(9408K)
[855.815s][info][gc             ] GC(2379) Pause Young (Allocation Failure) 418M->210M(411M) 2.135ms
[855.815s][info][gc,cpu         ] GC(2379) User=0.00s Sys=0.00s Real=0.00s
[855.903s][info][gc,start       ] GC(2380) Pause Young (Allocation Failure)
[855.904s][info][gc,heap        ] GC(2380) PSYoungGen: 204864K(205312K)->64K(205312K) Eden: 204800K(204800K)->0K(197632K) From: 64K(512K)->64K(7680K)
[855.904s][info][gc,heap        ] GC(2380) ParOldGen: 215706K(216064K)->215722K(216064K)
[855.904s][info][gc,metaspace   ] GC(2380) Metaspace: 35617K(36352K)->35617K(36352K) NonClass: 26407K(26944K)->26407K(26944K) Class: 9210K(9408K)->9210K(9408K)
[855.904s][info][gc             ] GC(2380) Pause Young (Allocation Failure) 410M->210M(411M) 1.348ms
[855.904s][info][gc,cpu         ] GC(2380) User=0.00s Sys=0.00s Real=0.00s
[856.406s][info][gc,start       ] GC(2381) Pause Young (Allocation Failure)
[856.408s][info][gc,heap        ] GC(2381) PSYoungGen: 197696K(205312K)->64K(190976K) Eden: 197632K(197632K)->0K(190464K) From: 64K(7680K)->64K(512K)
[856.408s][info][gc,heap        ] GC(2381) ParOldGen: 215722K(216064K)->215738K(216064K)
[856.408s][info][gc,metaspace   ] GC(2381) Metaspace: 35617K(36352K)->35617K(36352K) NonClass: 26407K(26944K)->26407K(26944K) Class: 9210K(9408K)->9210K(9408K)
[856.408s][info][gc             ] GC(2381) Pause Young (Allocation Failure) 403M->210M(397M) 2.003ms
[856.408s][info][gc,cpu         ] GC(2381) User=0.00s Sys=0.00s Real=0.00s
[856.570s][info][gc,start       ] GC(2382) Pause Young (Allocation Failure)
[856.571s][info][gc,heap        ] GC(2382) PSYoungGen: 190528K(190976K)->64K(190464K) Eden: 190464K(190464K)->0K(183808K) From: 64K(512K)->64K(6656K)
[856.571s][info][gc,heap        ] GC(2382) ParOldGen: 215738K(216064K)->215754K(216064K)
[856.571s][info][gc,metaspace   ] GC(2382) Metaspace: 35617K(36352K)->35617K(36352K) NonClass: 26407K(26944K)->26407K(26944K) Class: 9210K(9408K)->9210K(9408K)
[856.571s][info][gc             ] GC(2382) Pause Young (Allocation Failure) 396M->210M(397M) 1.286ms
[856.571s][info][gc,cpu         ] GC(2382) User=0.00s Sys=0.00s Real=0.00s
[856.878s][info][gc,start       ] GC(2383) Pause Young (Allocation Failure)
[856.884s][info][gc,heap        ] GC(2383) PSYoungGen: 183872K(190464K)->2912K(220672K) Eden: 183808K(183808K)->0K(217600K) From: 64K(6656K)->2912K(3072K)
[856.884s][info][gc,heap        ] GC(2383) ParOldGen: 215754K(216064K)->215762K(216064K)
[856.884s][info][gc,metaspace   ] GC(2383) Metaspace: 35617K(36352K)->35617K(36352K) NonClass: 26407K(26944K)->26407K(26944K) Class: 9210K(9408K)->9210K(9408K)
[856.884s][info][gc             ] GC(2383) Pause Young (Allocation Failure) 390M->213M(426M) 6.539ms
[856.884s][info][gc,cpu         ] GC(2383) User=0.01s Sys=0.00s Real=0.01s
[857.170s][info][gc,start       ] GC(2384) Pause Young (Allocation Failure)
[857.220s][info][gc,heap        ] GC(2384) PSYoungGen: 220512K(220672K)->6656K(249856K) Eden: 217600K(217600K)->0K(243200K) From: 2912K(3072K)->6656K(6656K)
[857.220s][info][gc,heap        ] GC(2384) ParOldGen: 215762K(216064K)->233906K(233984K)
[857.220s][info][gc,metaspace   ] GC(2384) Metaspace: 35617K(36352K)->35617K(36352K) NonClass: 26407K(26944K)->26407K(26944K) Class: 9210K(9408K)->9210K(9408K)
[857.220s][info][gc             ] GC(2384) Pause Young (Allocation Failure) 426M->234M(472M) 49.823ms
[857.220s][info][gc,cpu         ] GC(2384) User=0.08s Sys=0.01s Real=0.05s
[857.536s][info][gc,start       ] GC(2385) Pause Young (Allocation Failure)
[857.597s][info][gc,heap        ] GC(2385) PSYoungGen: 249856K(249856K)->14848K(267264K) Eden: 243200K(243200K)->0K(252416K) From: 6656K(6656K)->14848K(14848K)
[857.597s][info][gc,heap        ] GC(2385) ParOldGen: 233906K(233984K)->247258K(247296K)
[857.597s][info][gc,metaspace   ] GC(2385) Metaspace: 35617K(36352K)->35617K(36352K) NonClass: 26407K(26944K)->26407K(26944K) Class: 9210K(9408K)->9210K(9408K)
[857.597s][info][gc             ] GC(2385) Pause Young (Allocation Failure) 472M->255M(502M) 60.980ms
[857.597s][info][gc,cpu         ] GC(2385) User=0.10s Sys=0.02s Real=0.06s
[857.733s][info][gc,start       ] GC(2386) Pause Young (Allocation Failure)
[857.749s][info][gc,heap        ] GC(2386) PSYoungGen: 267264K(267264K)->7296K(275456K) Eden: 252416K(252416K)->0K(252416K) From: 14848K(14848K)->7296K(23040K)
[857.749s][info][gc,heap        ] GC(2386) ParOldGen: 247258K(247296K)->247610K(247808K)
[857.749s][info][gc,metaspace   ] GC(2386) Metaspace: 35617K(36352K)->35617K(36352K) NonClass: 26407K(26944K)->26407K(26944K) Class: 9210K(9408K)->9210K(9408K)
[857.749s][info][gc             ] GC(2386) Pause Young (Allocation Failure) 502M->248M(511M) 16.265ms
[857.749s][info][gc,cpu         ] GC(2386) User=0.03s Sys=0.01s Real=0.02s
[858.141s][info][gc,start       ] GC(2387) Pause Young (Allocation Failure)
[858.143s][info][gc,heap        ] GC(2387) PSYoungGen: 259712K(275456K)->64K(307712K) Eden: 252416K(252416K)->0K(288768K) From: 7296K(23040K)->64K(18944K)
[858.143s][info][gc,heap        ] GC(2387) ParOldGen: 247610K(247808K)->247618K(247808K)
[858.143s][info][gc,metaspace   ] GC(2387) Metaspace: 35617K(36352K)->35617K(36352K) NonClass: 26407K(26944K)->26407K(26944K) Class: 9210K(9408K)->9210K(9408K)
[858.143s][info][gc             ] GC(2387) Pause Young (Allocation Failure) 495M->241M(542M) 1.206ms
[858.143s][info][gc,cpu         ] GC(2387) User=0.00s Sys=0.00s Real=0.00s
[858.738s][info][gc,start       ] GC(2388) Pause Young (Allocation Failure)
[858.739s][info][gc,heap        ] GC(2388) PSYoungGen: 288832K(307712K)->64K(309760K) Eden: 288768K(288768K)->0K(288768K) From: 64K(18944K)->64K(20992K)
[858.739s][info][gc,heap        ] GC(2388) ParOldGen: 247618K(247808K)->247626K(247808K)
[858.739s][info][gc,metaspace   ] GC(2388) Metaspace: 35617K(36352K)->35617K(36352K) NonClass: 26407K(26944K)->26407K(26944K) Class: 9210K(9408K)->9210K(9408K)
[858.739s][info][gc             ] GC(2388) Pause Young (Allocation Failure) 523M->241M(544M) 1.033ms
[858.739s][info][gc,cpu         ] GC(2388) User=0.01s Sys=0.00s Real=0.01s
[859.176s][info][gc,start       ] GC(2389) Pause Young (Allocation Failure)
[859.177s][info][gc,heap        ] GC(2389) PSYoungGen: 288832K(309760K)->64K(311296K) Eden: 288768K(288768K)->0K(292352K) From: 64K(20992K)->64K(18944K)
[859.177s][info][gc,heap        ] GC(2389) ParOldGen: 247626K(247808K)->247642K(247808K)
[859.177s][info][gc,metaspace   ] GC(2389) Metaspace: 35617K(36352K)->35617K(36352K) NonClass: 26407K(26944K)->26407K(26944K) Class: 9210K(9408K)->9210K(9408K)
[859.177s][info][gc             ] GC(2389) Pause Young (Allocation Failure) 523M->241M(546M) 0.994ms
[859.177s][info][gc,cpu         ] GC(2389) User=0.00s Sys=0.00s Real=0.00s
[859.418s][info][gc,start       ] GC(2390) Pause Young (Allocation Failure)
[859.419s][info][gc,heap        ] GC(2390) PSYoungGen: 292416K(311296K)->64K(312320K) Eden: 292352K(292352K)->0K(292352K) From: 64K(18944K)->64K(19968K)
[859.419s][info][gc,heap        ] GC(2390) ParOldGen: 247642K(247808K)->247658K(247808K)
[859.419s][info][gc,metaspace   ] GC(2390) Metaspace: 35617K(36352K)->35617K(36352K) NonClass: 26407K(26944K)->26407K(26944K) Class: 9210K(9408K)->9210K(9408K)
[859.419s][info][gc             ] GC(2390) Pause Young (Allocation Failure) 527M->241M(547M) 0.986ms
[859.419s][info][gc,cpu         ] GC(2390) User=0.00s Sys=0.00s Real=0.01s
[859.659s][info][gc,start       ] GC(2391) Pause Young (Allocation Failure)
[859.660s][info][gc,heap        ] GC(2391) PSYoungGen: 292416K(312320K)->64K(311808K) Eden: 292352K(292352K)->0K(294912K) From: 64K(19968K)->64K(16896K)
[859.660s][info][gc,heap        ] GC(2391) ParOldGen: 247658K(247808K)->247658K(247808K)
[859.660s][info][gc,metaspace   ] GC(2391) Metaspace: 35617K(36352K)->35617K(36352K) NonClass: 26407K(26944K)->26407K(26944K) Class: 9210K(9408K)->9210K(9408K)
[859.660s][info][gc             ] GC(2391) Pause Young (Allocation Failure) 527M->241M(546M) 1.065ms
[859.660s][info][gc,cpu         ] GC(2391) User=0.00s Sys=0.00s Real=0.00s
[859.940s][info][gc,start       ] GC(2392) Pause Young (Allocation Failure)
[859.941s][info][gc,heap        ] GC(2392) PSYoungGen: 294976K(311808K)->64K(312832K) Eden: 294912K(294912K)->0K(294912K) From: 64K(16896K)->64K(17920K)
[859.941s][info][gc,heap        ] GC(2392) ParOldGen: 247658K(247808K)->247658K(247808K)
[859.941s][info][gc,metaspace   ] GC(2392) Metaspace: 35617K(36352K)->35617K(36352K) NonClass: 26407K(26944K)->26407K(26944K) Class: 9210K(9408K)->9210K(9408K)
[859.941s][info][gc             ] GC(2392) Pause Young (Allocation Failure) 529M->241M(547M) 1.063ms
[859.941s][info][gc,cpu         ] GC(2392) User=0.00s Sys=0.00s Real=0.00s
[859.991s][info][gc,start       ] GC(2393) Pause Young (Allocation Failure)
[859.992s][info][gc,heap        ] GC(2393) PSYoungGen: 294976K(312832K)->64K(313344K) Eden: 294912K(294912K)->0K(298496K) From: 64K(17920K)->64K(14848K)
[859.992s][info][gc,heap        ] GC(2393) ParOldGen: 247658K(247808K)->247674K(247808K)
[859.992s][info][gc,metaspace   ] GC(2393) Metaspace: 35617K(36352K)->35617K(36352K) NonClass: 26407K(26944K)->26407K(26944K) Class: 9210K(9408K)->9210K(9408K)
[859.992s][info][gc             ] GC(2393) Pause Young (Allocation Failure) 529M->241M(548M) 0.879ms
[859.992s][info][gc,cpu         ] GC(2393) User=0.00s Sys=0.00s Real=0.00s
[860.121s][info][gc,start       ] GC(2394) Pause Young (Allocation Failure)
[860.122s][info][gc,heap        ] GC(2394) PSYoungGen: 298560K(313344K)->64K(314880K) Eden: 298496K(298496K)->0K(298496K) From: 64K(14848K)->64K(16384K)
[860.122s][info][gc,heap        ] GC(2394) ParOldGen: 247674K(247808K)->247674K(247808K)
[860.122s][info][gc,metaspace   ] GC(2394) Metaspace: 35617K(36352K)->35617K(36352K) NonClass: 26407K(26944K)->26407K(26944K) Class: 9210K(9408K)->9210K(9408K)
[860.122s][info][gc             ] GC(2394) Pause Young (Allocation Failure) 533M->241M(549M) 0.925ms
[860.122s][info][gc,cpu         ] GC(2394) User=0.00s Sys=0.00s Real=0.00s
[860.440s][info][gc,start       ] GC(2395) Pause Young (Allocation Failure)
[860.441s][info][gc,heap        ] GC(2395) PSYoungGen: 298560K(314880K)->64K(315904K) Eden: 298496K(298496K)->0K(302080K) From: 64K(16384K)->64K(13824K)
[860.441s][info][gc,heap        ] GC(2395) ParOldGen: 247674K(247808K)->247690K(247808K)
[860.441s][info][gc,metaspace   ] GC(2395) Metaspace: 35617K(36352K)->35617K(36352K) NonClass: 26407K(26944K)->26407K(26944K) Class: 9210K(9408K)->9210K(9408K)
[860.441s][info][gc             ] GC(2395) Pause Young (Allocation Failure) 533M->241M(550M) 0.955ms
[860.441s][info][gc,cpu         ] GC(2395) User=0.00s Sys=0.00s Real=0.00s
[860.626s][info][gc,start       ] GC(2396) Pause Young (Allocation Failure)
[860.627s][info][gc,heap        ] GC(2396) PSYoungGen: 302144K(315904K)->64K(316928K) Eden: 302080K(302080K)->0K(302080K) From: 64K(13824K)->64K(14848K)
[860.627s][info][gc,heap        ] GC(2396) ParOldGen: 247690K(247808K)->247690K(247808K)
[860.627s][info][gc,metaspace   ] GC(2396) Metaspace: 35617K(36352K)->35617K(36352K) NonClass: 26407K(26944K)->26407K(26944K) Class: 9210K(9408K)->9210K(9408K)
[860.627s][info][gc             ] GC(2396) Pause Young (Allocation Failure) 536M->241M(551M) 0.981ms
[860.627s][info][gc,cpu         ] GC(2396) User=0.01s Sys=0.00s Real=0.00s
[860.711s][info][gc,start       ] GC(2397) Pause Young (Allocation Failure)
[860.712s][info][gc,heap        ] GC(2397) PSYoungGen: 302144K(316928K)->64K(317952K) Eden: 302080K(302080K)->0K(305152K) From: 64K(14848K)->64K(12800K)
[860.712s][info][gc,heap        ] GC(2397) ParOldGen: 247690K(247808K)->247706K(247808K)
[860.712s][info][gc,metaspace   ] GC(2397) Metaspace: 35617K(36352K)->35617K(36352K) NonClass: 26407K(26944K)->26407K(26944K) Class: 9210K(9408K)->9210K(9408K)
[860.712s][info][gc             ] GC(2397) Pause Young (Allocation Failure) 536M->241M(552M) 0.901ms
[860.712s][info][gc,cpu         ] GC(2397) User=0.00s Sys=0.00s Real=0.00s
[860.899s][info][gc,start       ] GC(2398) Pause Young (Allocation Failure)
[860.900s][info][gc,heap        ] GC(2398) PSYoungGen: 305216K(317952K)->64K(293376K) Eden: 305152K(305152K)->0K(292864K) From: 64K(12800K)->64K(512K)
[860.900s][info][gc,heap        ] GC(2398) ParOldGen: 247706K(247808K)->247706K(247808K)
[860.900s][info][gc,metaspace   ] GC(2398) Metaspace: 35617K(36352K)->35617K(36352K) NonClass: 26407K(26944K)->26407K(26944K) Class: 9210K(9408K)->9210K(9408K)
[860.900s][info][gc             ] GC(2398) Pause Young (Allocation Failure) 539M->241M(528M) 0.963ms
[860.900s][info][gc,cpu         ] GC(2398) User=0.00s Sys=0.00s Real=0.00s
[861.796s][info][gc,start       ] GC(2399) Pause Young (Allocation Failure)
[861.797s][info][gc,heap        ] GC(2399) PSYoungGen: 292928K(293376K)->64K(282112K) Eden: 292864K(292864K)->0K(281600K) From: 64K(512K)->64K(512K)
[861.797s][info][gc,heap        ] GC(2399) ParOldGen: 247706K(247808K)->247714K(247808K)
[861.797s][info][gc,metaspace   ] GC(2399) Metaspace: 35617K(36352K)->35617K(36352K) NonClass: 26407K(26944K)->26407K(26944K) Class: 9210K(9408K)->9210K(9408K)
[861.797s][info][gc             ] GC(2399) Pause Young (Allocation Failure) 527M->241M(517M) 1.000ms
[861.797s][info][gc,cpu         ] GC(2399) User=0.00s Sys=0.00s Real=0.00s
[862.611s][info][gc,start       ] GC(2400) Pause Young (Allocation Failure)
[862.612s][info][gc,heap        ] GC(2400) PSYoungGen: 281664K(282112K)->64K(282624K) Eden: 281600K(281600K)->0K(270848K) From: 64K(512K)->64K(11776K)
[862.612s][info][gc,heap        ] GC(2400) ParOldGen: 247714K(247808K)->247722K(247808K)
[862.612s][info][gc,metaspace   ] GC(2400) Metaspace: 35617K(36352K)->35617K(36352K) NonClass: 26407K(26944K)->26407K(26944K) Class: 9210K(9408K)->9210K(9408K)
[862.612s][info][gc             ] GC(2400) Pause Young (Allocation Failure) 516M->241M(518M) 0.910ms
[862.612s][info][gc,cpu         ] GC(2400) User=0.00s Sys=0.00s Real=0.00s
[862.931s][info][gc,start       ] GC(2401) Pause Young (Allocation Failure)
[862.933s][info][gc,heap        ] GC(2401) PSYoungGen: 270912K(282624K)->64K(261120K) Eden: 270848K(270848K)->0K(260608K) From: 64K(11776K)->64K(512K)
[862.933s][info][gc,heap        ] GC(2401) ParOldGen: 247722K(247808K)->247730K(247808K)
[862.933s][info][gc,metaspace   ] GC(2401) Metaspace: 35617K(36352K)->35617K(36352K) NonClass: 26407K(26944K)->26407K(26944K) Class: 9210K(9408K)->9210K(9408K)
[862.933s][info][gc             ] GC(2401) Pause Young (Allocation Failure) 506M->241M(497M) 1.530ms
[862.933s][info][gc,cpu         ] GC(2401) User=0.00s Sys=0.00s Real=0.00s
[863.399s][info][gc,start       ] GC(2402) Pause Young (Allocation Failure)
[863.400s][info][gc,heap        ] GC(2402) PSYoungGen: 260672K(261120K)->64K(261120K) Eden: 260608K(260608K)->0K(250880K) From: 64K(512K)->64K(10240K)
[863.400s][info][gc,heap        ] GC(2402) ParOldGen: 247730K(247808K)->247738K(247808K)
[863.400s][info][gc,metaspace   ] GC(2402) Metaspace: 35617K(36352K)->35617K(36352K) NonClass: 26407K(26944K)->26407K(26944K) Class: 9210K(9408K)->9210K(9408K)
[863.400s][info][gc             ] GC(2402) Pause Young (Allocation Failure) 496M->241M(497M) 1.175ms
[863.400s][info][gc,cpu         ] GC(2402) User=0.00s Sys=0.00s Real=0.00s
[864.246s][info][gc,start       ] GC(2403) Pause Young (Allocation Failure)
[864.248s][info][gc,heap        ] GC(2403) PSYoungGen: 250944K(261120K)->64K(241664K) Eden: 250880K(250880K)->0K(241152K) From: 64K(10240K)->64K(512K)
[864.248s][info][gc,heap        ] GC(2403) ParOldGen: 247738K(247808K)->247754K(247808K)
[864.248s][info][gc,metaspace   ] GC(2403) Metaspace: 35617K(36352K)->35617K(36352K) NonClass: 26407K(26944K)->26407K(26944K) Class: 9210K(9408K)->9210K(9408K)
[864.248s][info][gc             ] GC(2403) Pause Young (Allocation Failure) 486M->242M(478M) 2.284ms
[864.248s][info][gc,cpu         ] GC(2403) User=0.00s Sys=0.00s Real=0.00s
[864.603s][info][gc,start       ] GC(2404) Pause Young (Allocation Failure)
[864.605s][info][gc,heap        ] GC(2404) PSYoungGen: 241216K(241664K)->64K(240640K) Eden: 241152K(241152K)->0K(231936K) From: 64K(512K)->64K(8704K)
[864.605s][info][gc,heap        ] GC(2404) ParOldGen: 247754K(247808K)->247770K(247808K)
[864.605s][info][gc,metaspace   ] GC(2404) Metaspace: 35617K(36352K)->35617K(36352K) NonClass: 26407K(26944K)->26407K(26944K) Class: 9210K(9408K)->9210K(9408K)
[864.605s][info][gc             ] GC(2404) Pause Young (Allocation Failure) 477M->242M(477M) 1.584ms
[864.605s][info][gc,cpu         ] GC(2404) User=0.01s Sys=0.00s Real=0.00s
[864.672s][info][gc,start       ] GC(2405) Pause Young (Allocation Failure)
[864.674s][info][gc,heap        ] GC(2405) PSYoungGen: 232000K(240640K)->64K(223744K) Eden: 231936K(231936K)->0K(223232K) From: 64K(8704K)->64K(512K)
[864.674s][info][gc,heap        ] GC(2405) ParOldGen: 247770K(247808K)->247778K(247808K)
[864.674s][info][gc,metaspace   ] GC(2405) Metaspace: 35617K(36352K)->35617K(36352K) NonClass: 26407K(26944K)->26407K(26944K) Class: 9210K(9408K)->9210K(9408K)
[864.674s][info][gc             ] GC(2405) Pause Young (Allocation Failure) 468M->242M(460M) 2.017ms
[864.674s][info][gc,cpu         ] GC(2405) User=0.00s Sys=0.00s Real=0.00s
[865.046s][info][gc,start       ] GC(2406) Pause Young (Allocation Failure)
[865.048s][info][gc,heap        ] GC(2406) PSYoungGen: 223296K(223744K)->64K(222720K) Eden: 223232K(223232K)->0K(215040K) From: 64K(512K)->64K(7680K)
[865.048s][info][gc,heap        ] GC(2406) ParOldGen: 247778K(247808K)->247786K(247808K)
[865.048s][info][gc,metaspace   ] GC(2406) Metaspace: 35617K(36352K)->35617K(36352K) NonClass: 26407K(26944K)->26407K(26944K) Class: 9210K(9408K)->9210K(9408K)
[865.048s][info][gc             ] GC(2406) Pause Young (Allocation Failure) 460M->242M(459M) 1.542ms
[865.048s][info][gc,cpu         ] GC(2406) User=0.00s Sys=0.01s Real=0.00s
[865.356s][info][gc,start       ] GC(2407) Pause Young (Allocation Failure)
[865.358s][info][gc,heap        ] GC(2407) PSYoungGen: 215104K(222720K)->64K(207872K) Eden: 215040K(215040K)->0K(207360K) From: 64K(7680K)->64K(512K)
[865.358s][info][gc,heap        ] GC(2407) ParOldGen: 247786K(247808K)->247794K(247808K)
[865.358s][info][gc,metaspace   ] GC(2407) Metaspace: 35617K(36352K)->35617K(36352K) NonClass: 26407K(26944K)->26407K(26944K) Class: 9210K(9408K)->9210K(9408K)
[865.358s][info][gc             ] GC(2407) Pause Young (Allocation Failure) 452M->242M(445M) 2.373ms
[865.358s][info][gc,cpu         ] GC(2407) User=0.00s Sys=0.00s Real=0.00s
[865.683s][info][gc,start       ] GC(2408) Pause Young (Allocation Failure)
[865.685s][info][gc,heap        ] GC(2408) PSYoungGen: 207424K(207872K)->256K(206336K) Eden: 207360K(207360K)->0K(199680K) From: 64K(512K)->256K(6656K)
[865.685s][info][gc,heap        ] GC(2408) ParOldGen: 247794K(247808K)->247810K(248320K)
[865.685s][info][gc,metaspace   ] GC(2408) Metaspace: 35617K(36352K)->35617K(36352K) NonClass: 26407K(26944K)->26407K(26944K) Class: 9210K(9408K)->9210K(9408K)
[865.686s][info][gc             ] GC(2408) Pause Young (Allocation Failure) 444M->242M(444M) 2.920ms
[865.686s][info][gc,cpu         ] GC(2408) User=0.01s Sys=0.00s Real=0.00s
[865.948s][info][gc,start       ] GC(2409) Pause Young (Allocation Failure)
[866.009s][info][gc,heap        ] GC(2409) PSYoungGen: 199936K(206336K)->6144K(245248K) Eden: 199680K(199680K)->0K(239104K) From: 256K(6656K)->6144K(6144K)
[866.010s][info][gc,heap        ] GC(2409) ParOldGen: 247810K(248320K)->264426K(264704K)
[866.010s][info][gc,metaspace   ] GC(2409) Metaspace: 35617K(36352K)->35617K(36352K) NonClass: 26407K(26944K)->26407K(26944K) Class: 9210K(9408K)->9210K(9408K)
[866.010s][info][gc             ] GC(2409) Pause Young (Allocation Failure) 437M->264M(498M) 61.106ms
[866.010s][info][gc,cpu         ] GC(2409) User=0.07s Sys=0.01s Real=0.07s
[866.325s][info][gc,start       ] GC(2410) Pause Young (Allocation Failure)
[866.377s][info][gc,heap        ] GC(2410) PSYoungGen: 245248K(245248K)->13824K(260096K) Eden: 239104K(239104K)->0K(246272K) From: 6144K(6144K)->13824K(13824K)
[866.377s][info][gc,heap        ] GC(2410) ParOldGen: 264426K(264704K)->278290K(278528K)
[866.377s][info][gc,metaspace   ] GC(2410) Metaspace: 35617K(36352K)->35617K(36352K) NonClass: 26407K(26944K)->26407K(26944K) Class: 9210K(9408K)->9210K(9408K)
[866.377s][info][gc             ] GC(2410) Pause Young (Allocation Failure) 497M->285M(526M) 51.699ms
[866.377s][info][gc,cpu         ] GC(2410) User=0.10s Sys=0.01s Real=0.05s
[866.556s][info][gc,start       ] GC(2411) Pause Young (Allocation Failure)
[866.585s][info][gc,heap        ] GC(2411) PSYoungGen: 260096K(260096K)->12448K(307712K) Eden: 246272K(246272K)->0K(285696K) From: 13824K(13824K)->12448K(22016K)
[866.585s][info][gc,heap        ] GC(2411) ParOldGen: 278290K(278528K)->278658K(279040K)
[866.585s][info][gc,metaspace   ] GC(2411) Metaspace: 35617K(36352K)->35617K(36352K) NonClass: 26407K(26944K)->26407K(26944K) Class: 9210K(9408K)->9210K(9408K)
[866.585s][info][gc             ] GC(2411) Pause Young (Allocation Failure) 525M->284M(573M) 28.856ms
[866.585s][info][gc,cpu         ] GC(2411) User=0.05s Sys=0.01s Real=0.03s
[866.940s][info][gc,start       ] GC(2412) Pause Young (Allocation Failure)
[866.941s][info][gc,heap        ] GC(2412) PSYoungGen: 298144K(307712K)->64K(308736K) Eden: 285696K(285696K)->0K(285696K) From: 12448K(22016K)->64K(23040K)
[866.941s][info][gc,heap        ] GC(2412) ParOldGen: 278658K(279040K)->278666K(279040K)
[866.941s][info][gc,metaspace   ] GC(2412) Metaspace: 35617K(36352K)->35617K(36352K) NonClass: 26407K(26944K)->26407K(26944K) Class: 9210K(9408K)->9210K(9408K)
[866.941s][info][gc             ] GC(2412) Pause Young (Allocation Failure) 563M->272M(574M) 1.292ms
[866.941s][info][gc,cpu         ] GC(2412) User=0.00s Sys=0.00s Real=0.00s
[867.540s][info][gc,start       ] GC(2413) Pause Young (Allocation Failure)
[867.541s][info][gc,heap        ] GC(2413) PSYoungGen: 285760K(308736K)->64K(308224K) Eden: 285696K(285696K)->0K(288256K) From: 64K(23040K)->64K(19968K)
[867.541s][info][gc,heap        ] GC(2413) ParOldGen: 278666K(279040K)->278674K(279040K)
[867.541s][info][gc,metaspace   ] GC(2413) Metaspace: 35617K(36352K)->35617K(36352K) NonClass: 26407K(26944K)->26407K(26944K) Class: 9210K(9408K)->9210K(9408K)
[867.541s][info][gc             ] GC(2413) Pause Young (Allocation Failure) 551M->272M(573M) 1.597ms
[867.541s][info][gc,cpu         ] GC(2413) User=0.00s Sys=0.00s Real=0.00s
[867.986s][info][gc,start       ] GC(2414) Pause Young (Allocation Failure)
[867.987s][info][gc,heap        ] GC(2414) PSYoungGen: 288320K(308224K)->64K(309760K) Eden: 288256K(288256K)->0K(288256K) From: 64K(19968K)->64K(21504K)
[867.987s][info][gc,heap        ] GC(2414) ParOldGen: 278674K(279040K)->278690K(279040K)
[867.987s][info][gc,metaspace   ] GC(2414) Metaspace: 35617K(36352K)->35617K(36352K) NonClass: 26407K(26944K)->26407K(26944K) Class: 9210K(9408K)->9210K(9408K)
[867.987s][info][gc             ] GC(2414) Pause Young (Allocation Failure) 553M->272M(575M) 1.178ms
[867.987s][info][gc,cpu         ] GC(2414) User=0.01s Sys=0.00s Real=0.00s
[868.224s][info][gc,start       ] GC(2415) Pause Young (Allocation Failure)
[868.225s][info][gc,heap        ] GC(2415) PSYoungGen: 288320K(309760K)->32K(309760K) Eden: 288256K(288256K)->0K(291328K) From: 64K(21504K)->32K(18432K)
[868.225s][info][gc,heap        ] GC(2415) ParOldGen: 278690K(279040K)->278706K(279040K)
[868.225s][info][gc,metaspace   ] GC(2415) Metaspace: 35617K(36352K)->35617K(36352K) NonClass: 26407K(26944K)->26407K(26944K) Class: 9210K(9408K)->9210K(9408K)
[868.225s][info][gc             ] GC(2415) Pause Young (Allocation Failure) 553M->272M(575M) 1.059ms
[868.225s][info][gc,cpu         ] GC(2415) User=0.00s Sys=0.00s Real=0.00s
[868.466s][info][gc,start       ] GC(2416) Pause Young (Allocation Failure)
[868.467s][info][gc,heap        ] GC(2416) PSYoungGen: 291360K(309760K)->64K(311296K) Eden: 291328K(291328K)->0K(291328K) From: 32K(18432K)->64K(19968K)
[868.467s][info][gc,heap        ] GC(2416) ParOldGen: 278706K(279040K)->278706K(279040K)
[868.467s][info][gc,metaspace   ] GC(2416) Metaspace: 35617K(36352K)->35617K(36352K) NonClass: 26407K(26944K)->26407K(26944K) Class: 9210K(9408K)->9210K(9408K)
[868.467s][info][gc             ] GC(2416) Pause Young (Allocation Failure) 556M->272M(576M) 1.059ms
[868.467s][info][gc,cpu         ] GC(2416) User=0.00s Sys=0.00s Real=0.00s
[868.761s][info][gc,start       ] GC(2417) Pause Young (Allocation Failure)
[868.762s][info][gc,heap        ] GC(2417) PSYoungGen: 291392K(311296K)->64K(311296K) Eden: 291328K(291328K)->0K(294912K) From: 64K(19968K)->64K(16384K)
[868.762s][info][gc,heap        ] GC(2417) ParOldGen: 278706K(279040K)->278706K(279040K)
[868.762s][info][gc,metaspace   ] GC(2417) Metaspace: 35617K(36352K)->35617K(36352K) NonClass: 26407K(26944K)->26407K(26944K) Class: 9210K(9408K)->9210K(9408K)
[868.762s][info][gc             ] GC(2417) Pause Young (Allocation Failure) 556M->272M(576M) 1.119ms
[868.762s][info][gc,cpu         ] GC(2417) User=0.00s Sys=0.00s Real=0.00s
[868.815s][info][gc,start       ] GC(2418) Pause Young (Allocation Failure)
[868.816s][info][gc,heap        ] GC(2418) PSYoungGen: 294976K(311296K)->64K(312832K) Eden: 294912K(294912K)->0K(294912K) From: 64K(16384K)->64K(17920K)
[868.816s][info][gc,heap        ] GC(2418) ParOldGen: 278706K(279040K)->278722K(279040K)
[868.816s][info][gc,metaspace   ] GC(2418) Metaspace: 35617K(36352K)->35617K(36352K) NonClass: 26407K(26944K)->26407K(26944K) Class: 9210K(9408K)->9210K(9408K)
[868.816s][info][gc             ] GC(2418) Pause Young (Allocation Failure) 560M->272M(578M) 1.079ms
[868.816s][info][gc,cpu         ] GC(2418) User=0.00s Sys=0.00s Real=0.00s
[868.912s][info][gc,start       ] GC(2419) Pause Young (Allocation Failure)
[868.913s][info][gc,heap        ] GC(2419) PSYoungGen: 294976K(312832K)->64K(313344K) Eden: 294912K(294912K)->0K(298496K) From: 64K(17920K)->64K(14848K)
[868.913s][info][gc,heap        ] GC(2419) ParOldGen: 278722K(279040K)->278722K(279040K)
[868.913s][info][gc,metaspace   ] GC(2419) Metaspace: 35617K(36352K)->35617K(36352K) NonClass: 26407K(26944K)->26407K(26944K) Class: 9210K(9408K)->9210K(9408K)
[868.913s][info][gc             ] GC(2419) Pause Young (Allocation Failure) 560M->272M(578M) 1.002ms
[868.913s][info][gc,cpu         ] GC(2419) User=0.00s Sys=0.00s Real=0.00s
[869.235s][info][gc,start       ] GC(2420) Pause Young (Allocation Failure)
[869.236s][info][gc,heap        ] GC(2420) PSYoungGen: 298560K(313344K)->64K(314880K) Eden: 298496K(298496K)->0K(298496K) From: 64K(14848K)->64K(16384K)
[869.236s][info][gc,heap        ] GC(2420) ParOldGen: 278722K(279040K)->278738K(279040K)
[869.236s][info][gc,metaspace   ] GC(2420) Metaspace: 35617K(36352K)->35617K(36352K) NonClass: 26407K(26944K)->26407K(26944K) Class: 9210K(9408K)->9210K(9408K)
[869.236s][info][gc             ] GC(2420) Pause Young (Allocation Failure) 563M->272M(580M) 1.135ms
[869.236s][info][gc,cpu         ] GC(2420) User=0.00s Sys=0.00s Real=0.00s
[869.444s][info][gc,start       ] GC(2421) Pause Young (Allocation Failure)
[869.445s][info][gc,heap        ] GC(2421) PSYoungGen: 298560K(314880K)->64K(314880K) Eden: 298496K(298496K)->0K(302080K) From: 64K(16384K)->64K(12800K)
[869.445s][info][gc,heap        ] GC(2421) ParOldGen: 278738K(279040K)->278738K(279040K)
[869.445s][info][gc,metaspace   ] GC(2421) Metaspace: 35617K(36352K)->35617K(36352K) NonClass: 26407K(26944K)->26407K(26944K) Class: 9210K(9408K)->9210K(9408K)
[869.445s][info][gc             ] GC(2421) Pause Young (Allocation Failure) 563M->272M(580M) 1.057ms
[869.445s][info][gc,cpu         ] GC(2421) User=0.00s Sys=0.00s Real=0.00s
[869.533s][info][gc,start       ] GC(2422) Pause Young (Allocation Failure)
[869.534s][info][gc,heap        ] GC(2422) PSYoungGen: 302144K(314880K)->64K(316416K) Eden: 302080K(302080K)->0K(302080K) From: 64K(12800K)->64K(14336K)
[869.534s][info][gc,heap        ] GC(2422) ParOldGen: 278738K(279040K)->278754K(279040K)
[869.534s][info][gc,metaspace   ] GC(2422) Metaspace: 35617K(36352K)->35617K(36352K) NonClass: 26407K(26944K)->26407K(26944K) Class: 9210K(9408K)->9210K(9408K)
[869.534s][info][gc             ] GC(2422) Pause Young (Allocation Failure) 567M->272M(581M) 1.092ms
[869.534s][info][gc,cpu         ] GC(2422) User=0.00s Sys=0.00s Real=0.00s
[869.703s][info][gc,start       ] GC(2423) Pause Young (Allocation Failure)
[869.704s][info][gc,heap        ] GC(2423) PSYoungGen: 302144K(316416K)->64K(316928K) Eden: 302080K(302080K)->0K(305664K) From: 64K(14336K)->64K(11264K)
[869.704s][info][gc,heap        ] GC(2423) ParOldGen: 278754K(279040K)->278754K(279040K)
[869.704s][info][gc,metaspace   ] GC(2423) Metaspace: 35617K(36352K)->35617K(36352K) NonClass: 26407K(26944K)->26407K(26944K) Class: 9210K(9408K)->9210K(9408K)
[869.704s][info][gc             ] GC(2423) Pause Young (Allocation Failure) 567M->272M(582M) 1.041ms
[869.704s][info][gc,cpu         ] GC(2423) User=0.00s Sys=0.00s Real=0.00s
[870.624s][info][gc,start       ] GC(2424) Pause Young (Allocation Failure)
[870.625s][info][gc,heap        ] GC(2424) PSYoungGen: 305728K(316928K)->64K(293888K) Eden: 305664K(305664K)->0K(293376K) From: 64K(11264K)->64K(512K)
[870.625s][info][gc,heap        ] GC(2424) ParOldGen: 278754K(279040K)->278762K(279040K)
[870.625s][info][gc,metaspace   ] GC(2424) Metaspace: 35617K(36352K)->35617K(36352K) NonClass: 26407K(26944K)->26407K(26944K) Class: 9210K(9408K)->9210K(9408K)
[870.625s][info][gc             ] GC(2424) Pause Young (Allocation Failure) 570M->272M(559M) 1.253ms
[870.625s][info][gc,cpu         ] GC(2424) User=0.01s Sys=0.00s Real=0.00s
[871.436s][info][gc,start       ] GC(2425) Pause Young (Allocation Failure)
[871.438s][info][gc,heap        ] GC(2425) PSYoungGen: 293440K(293888K)->64K(282624K) Eden: 293376K(293376K)->0K(282112K) From: 64K(512K)->64K(512K)
[871.438s][info][gc,heap        ] GC(2425) ParOldGen: 278762K(279040K)->278770K(279040K)
[871.438s][info][gc,metaspace   ] GC(2425) Metaspace: 35617K(36352K)->35617K(36352K) NonClass: 26407K(26944K)->26407K(26944K) Class: 9210K(9408K)->9210K(9408K)
[871.438s][info][gc             ] GC(2425) Pause Young (Allocation Failure) 558M->272M(548M) 1.871ms
[871.438s][info][gc,cpu         ] GC(2425) User=0.00s Sys=0.00s Real=0.00s
[871.755s][info][gc,start       ] GC(2426) Pause Young (Allocation Failure)
[871.756s][info][gc,heap        ] GC(2426) PSYoungGen: 282176K(282624K)->64K(282624K) Eden: 282112K(282112K)->0K(271360K) From: 64K(512K)->64K(11264K)
[871.756s][info][gc,heap        ] GC(2426) ParOldGen: 278770K(279040K)->278778K(279040K)
[871.756s][info][gc,metaspace   ] GC(2426) Metaspace: 35617K(36352K)->35617K(36352K) NonClass: 26407K(26944K)->26407K(26944K) Class: 9210K(9408K)->9210K(9408K)
[871.756s][info][gc             ] GC(2426) Pause Young (Allocation Failure) 547M->272M(548M) 0.984ms
[871.756s][info][gc,cpu         ] GC(2426) User=0.00s Sys=0.00s Real=0.00s
[872.387s][info][gc,start       ] GC(2427) Pause Young (Allocation Failure)
[872.388s][info][gc,heap        ] GC(2427) PSYoungGen: 271424K(282624K)->64K(261632K) Eden: 271360K(271360K)->0K(261120K) From: 64K(11264K)->64K(512K)
[872.388s][info][gc,heap        ] GC(2427) ParOldGen: 278778K(279040K)->278794K(279040K)
[872.388s][info][gc,metaspace   ] GC(2427) Metaspace: 35617K(36352K)->35617K(36352K) NonClass: 26407K(26944K)->26407K(26944K) Class: 9210K(9408K)->9210K(9408K)
[872.388s][info][gc             ] GC(2427) Pause Young (Allocation Failure) 537M->272M(528M) 1.446ms
[872.388s][info][gc,cpu         ] GC(2427) User=0.00s Sys=0.01s Real=0.00s
[873.093s][info][gc,start       ] GC(2428) Pause Young (Allocation Failure)
[873.094s][info][gc,heap        ] GC(2428) PSYoungGen: 261184K(261632K)->64K(261120K) Eden: 261120K(261120K)->0K(251392K) From: 64K(512K)->64K(9728K)
[873.094s][info][gc,heap        ] GC(2428) ParOldGen: 278794K(279040K)->278802K(279040K)
[873.094s][info][gc,metaspace   ] GC(2428) Metaspace: 35617K(36352K)->35617K(36352K) NonClass: 26407K(26944K)->26407K(26944K) Class: 9210K(9408K)->9210K(9408K)
[873.094s][info][gc             ] GC(2428) Pause Young (Allocation Failure) 527M->272M(527M) 1.131ms
[873.094s][info][gc,cpu         ] GC(2428) User=0.00s Sys=0.00s Real=0.00s
[873.456s][info][gc,start       ] GC(2429) Pause Young (Allocation Failure)
[873.458s][info][gc,heap        ] GC(2429) PSYoungGen: 251456K(261120K)->64K(242176K) Eden: 251392K(251392K)->0K(241664K) From: 64K(9728K)->64K(512K)
[873.458s][info][gc,heap        ] GC(2429) ParOldGen: 278802K(279040K)->278810K(279040K)
[873.458s][info][gc,metaspace   ] GC(2429) Metaspace: 35617K(36352K)->35617K(36352K) NonClass: 26407K(26944K)->26407K(26944K) Class: 9210K(9408K)->9210K(9408K)
[873.458s][info][gc             ] GC(2429) Pause Young (Allocation Failure) 517M->272M(509M) 1.930ms
[873.458s][info][gc,cpu         ] GC(2429) User=0.01s Sys=0.00s Real=0.00s
[873.524s][info][gc,start       ] GC(2430) Pause Young (Allocation Failure)
[873.525s][info][gc,heap        ] GC(2430) PSYoungGen: 241728K(242176K)->64K(241152K) Eden: 241664K(241664K)->0K(232448K) From: 64K(512K)->64K(8704K)
[873.525s][info][gc,heap        ] GC(2430) ParOldGen: 278810K(279040K)->278818K(279040K)
[873.525s][info][gc,metaspace   ] GC(2430) Metaspace: 35617K(36352K)->35617K(36352K) NonClass: 26407K(26944K)->26407K(26944K) Class: 9210K(9408K)->9210K(9408K)
[873.525s][info][gc             ] GC(2430) Pause Young (Allocation Failure) 508M->272M(508M) 1.575ms
[873.525s][info][gc,cpu         ] GC(2430) User=0.00s Sys=0.00s Real=0.00s
[874.000s][info][gc,start       ] GC(2431) Pause Young (Allocation Failure)
[874.002s][info][gc,heap        ] GC(2431) PSYoungGen: 232512K(241152K)->32K(224256K) Eden: 232448K(232448K)->0K(223744K) From: 64K(8704K)->32K(512K)
[874.002s][info][gc,heap        ] GC(2431) ParOldGen: 278818K(279040K)->278826K(279040K)
[874.002s][info][gc,metaspace   ] GC(2431) Metaspace: 35617K(36352K)->35617K(36352K) NonClass: 26407K(26944K)->26407K(26944K) Class: 9210K(9408K)->9210K(9408K)
[874.002s][info][gc             ] GC(2431) Pause Young (Allocation Failure) 499M->272M(491M) 2.343ms
[874.002s][info][gc,cpu         ] GC(2431) User=0.00s Sys=0.00s Real=0.00s
[874.244s][info][gc,start       ] GC(2432) Pause Young (Allocation Failure)
[874.245s][info][gc,heap        ] GC(2432) PSYoungGen: 223776K(224256K)->64K(223232K) Eden: 223744K(223744K)->0K(215552K) From: 32K(512K)->64K(7680K)
[874.245s][info][gc,heap        ] GC(2432) ParOldGen: 278826K(279040K)->278834K(279040K)
[874.245s][info][gc,metaspace   ] GC(2432) Metaspace: 35617K(36352K)->35617K(36352K) NonClass: 26407K(26944K)->26407K(26944K) Class: 9210K(9408K)->9210K(9408K)
[874.245s][info][gc             ] GC(2432) Pause Young (Allocation Failure) 490M->272M(490M) 1.639ms
[874.245s][info][gc,cpu         ] GC(2432) User=0.00s Sys=0.00s Real=0.00s
[874.591s][info][gc,start       ] GC(2433) Pause Young (Allocation Failure)
[874.603s][info][gc,heap        ] GC(2433) PSYoungGen: 215616K(223232K)->7168K(263680K) Eden: 215552K(215552K)->0K(256512K) From: 64K(7680K)->7168K(7168K)
[874.603s][info][gc,heap        ] GC(2433) ParOldGen: 278834K(279040K)->278946K(279040K)
[874.604s][info][gc,metaspace   ] GC(2433) Metaspace: 35617K(36352K)->35617K(36352K) NonClass: 26407K(26944K)->26407K(26944K) Class: 9210K(9408K)->9210K(9408K)
[874.604s][info][gc             ] GC(2433) Pause Young (Allocation Failure) 482M->279M(530M) 12.779ms
[874.604s][info][gc,cpu         ] GC(2433) User=0.02s Sys=0.00s Real=0.01s
[874.938s][info][gc,start       ] GC(2434) Pause Young (Allocation Failure)
[874.994s][info][gc,heap        ] GC(2434) PSYoungGen: 263680K(263680K)->8704K(273920K) Eden: 256512K(256512K)->0K(265216K) From: 7168K(7168K)->8704K(8704K)
[874.994s][info][gc,heap        ] GC(2434) ParOldGen: 278946K(279040K)->299482K(299520K)
[874.994s][info][gc,metaspace   ] GC(2434) Metaspace: 35617K(36352K)->35617K(36352K) NonClass: 26407K(26944K)->26407K(26944K) Class: 9210K(9408K)->9210K(9408K)
[874.994s][info][gc             ] GC(2434) Pause Young (Allocation Failure) 529M->300M(560M) 55.544ms
[874.994s][info][gc,cpu         ] GC(2434) User=0.10s Sys=0.01s Real=0.06s
[875.303s][info][gc,start       ] GC(2435) Pause Young (Allocation Failure)
[875.363s][info][gc,heap        ] GC(2435) PSYoungGen: 273920K(273920K)->18432K(302080K) Eden: 265216K(265216K)->0K(283648K) From: 8704K(8704K)->18432K(18432K)
[875.363s][info][gc,heap        ] GC(2435) ParOldGen: 299482K(299520K)->307730K(308224K)
[875.363s][info][gc,metaspace   ] GC(2435) Metaspace: 35617K(36352K)->35617K(36352K) NonClass: 26407K(26944K)->26407K(26944K) Class: 9210K(9408K)->9210K(9408K)
[875.363s][info][gc             ] GC(2435) Pause Young (Allocation Failure) 559M->318M(596M) 59.326ms
[875.363s][info][gc,cpu         ] GC(2435) User=0.09s Sys=0.02s Real=0.06s
[875.484s][info][gc,start       ] GC(2436) Pause Young (Allocation Failure)
[875.487s][info][gc,heap        ] GC(2436) PSYoungGen: 302080K(302080K)->64K(308736K) Eden: 283648K(283648K)->0K(283648K) From: 18432K(18432K)->64K(25088K)
[875.487s][info][gc,heap        ] GC(2436) ParOldGen: 307730K(308224K)->307946K(308224K)
[875.487s][info][gc,metaspace   ] GC(2436) Metaspace: 35617K(36352K)->35617K(36352K) NonClass: 26407K(26944K)->26407K(26944K) Class: 9210K(9408K)->9210K(9408K)
[875.487s][info][gc             ] GC(2436) Pause Young (Allocation Failure) 595M->300M(602M) 3.568ms
[875.487s][info][gc,cpu         ] GC(2436) User=0.00s Sys=0.00s Real=0.00s
[876.177s][info][gc,start       ] GC(2437) Pause Young (Allocation Failure)
[876.179s][info][gc,heap        ] GC(2437) PSYoungGen: 283712K(308736K)->64K(306176K) Eden: 283648K(283648K)->0K(284160K) From: 64K(25088K)->64K(22016K)
[876.179s][info][gc,heap        ] GC(2437) ParOldGen: 307946K(308224K)->307962K(308224K)
[876.179s][info][gc,metaspace   ] GC(2437) Metaspace: 35617K(36352K)->35617K(36352K) NonClass: 26407K(26944K)->26407K(26944K) Class: 9210K(9408K)->9210K(9408K)
[876.179s][info][gc             ] GC(2437) Pause Young (Allocation Failure) 577M->300M(600M) 1.397ms
[876.179s][info][gc,cpu         ] GC(2437) User=0.00s Sys=0.00s Real=0.01s
[876.540s][info][gc,start       ] GC(2438) Pause Young (Allocation Failure)
[876.542s][info][gc,heap        ] GC(2438) PSYoungGen: 284224K(306176K)->128K(307712K) Eden: 284160K(284160K)->0K(284160K) From: 64K(22016K)->128K(23552K)
[876.542s][info][gc,heap        ] GC(2438) ParOldGen: 307962K(308224K)->307970K(308224K)
[876.542s][info][gc,metaspace   ] GC(2438) Metaspace: 35686K(36416K)->35686K(36416K) NonClass: 26475K(27008K)->26475K(27008K) Class: 9210K(9408K)->9210K(9408K)
[876.542s][info][gc             ] GC(2438) Pause Young (Allocation Failure) 578M->300M(601M) 1.892ms
[876.542s][info][gc,cpu         ] GC(2438) User=0.00s Sys=0.00s Real=0.00s
[876.962s][info][gc,start       ] GC(2439) Pause Young (Allocation Failure)
[876.963s][info][gc,heap        ] GC(2439) PSYoungGen: 284288K(307712K)->64K(307712K) Eden: 284160K(284160K)->0K(287744K) From: 128K(23552K)->64K(19968K)
[876.963s][info][gc,heap        ] GC(2439) ParOldGen: 307970K(308224K)->308058K(308224K)
[876.963s][info][gc,metaspace   ] GC(2439) Metaspace: 35686K(36416K)->35686K(36416K) NonClass: 26475K(27008K)->26475K(27008K) Class: 9210K(9408K)->9210K(9408K)
[876.963s][info][gc             ] GC(2439) Pause Young (Allocation Failure) 578M->300M(601M) 1.421ms
[876.963s][info][gc,cpu         ] GC(2439) User=0.00s Sys=0.00s Real=0.00s
[877.202s][info][gc,start       ] GC(2440) Pause Young (Allocation Failure)
[877.203s][info][gc,heap        ] GC(2440) PSYoungGen: 287808K(307712K)->32K(309248K) Eden: 287744K(287744K)->0K(287744K) From: 64K(19968K)->32K(21504K)
[877.203s][info][gc,heap        ] GC(2440) ParOldGen: 308058K(308224K)->308074K(308224K)
[877.203s][info][gc,metaspace   ] GC(2440) Metaspace: 35686K(36416K)->35686K(36416K) NonClass: 26475K(27008K)->26475K(27008K) Class: 9210K(9408K)->9210K(9408K)
[877.203s][info][gc             ] GC(2440) Pause Young (Allocation Failure) 581M->300M(603M) 1.169ms
[877.203s][info][gc,cpu         ] GC(2440) User=0.00s Sys=0.00s Real=0.00s
[877.559s][info][gc,start       ] GC(2441) Pause Young (Allocation Failure)
[877.560s][info][gc,heap        ] GC(2441) PSYoungGen: 287776K(309248K)->64K(309760K) Eden: 287744K(287744K)->0K(291840K) From: 32K(21504K)->64K(17920K)
[877.560s][info][gc,heap        ] GC(2441) ParOldGen: 308074K(308224K)->308074K(308224K)
[877.560s][info][gc,metaspace   ] GC(2441) Metaspace: 35686K(36416K)->35686K(36416K) NonClass: 26475K(27008K)->26475K(27008K) Class: 9210K(9408K)->9210K(9408K)
[877.560s][info][gc             ] GC(2441) Pause Young (Allocation Failure) 581M->300M(603M) 1.087ms
[877.560s][info][gc,cpu         ] GC(2441) User=0.00s Sys=0.00s Real=0.00s
[877.638s][info][gc,start       ] GC(2442) Pause Young (Allocation Failure)
[877.639s][info][gc,heap        ] GC(2442) PSYoungGen: 291904K(309760K)->64K(311296K) Eden: 291840K(291840K)->0K(291840K) From: 64K(17920K)->64K(19456K)
[877.639s][info][gc,heap        ] GC(2442) ParOldGen: 308074K(308224K)->308082K(308224K)
[877.639s][info][gc,metaspace   ] GC(2442) Metaspace: 35686K(36416K)->35686K(36416K) NonClass: 26475K(27008K)->26475K(27008K) Class: 9210K(9408K)->9210K(9408K)
[877.639s][info][gc             ] GC(2442) Pause Young (Allocation Failure) 585M->300M(605M) 1.161ms
[877.639s][info][gc,cpu         ] GC(2442) User=0.00s Sys=0.00s Real=0.01s
[877.689s][info][gc,start       ] GC(2443) Pause Young (Allocation Failure)
[877.690s][info][gc,heap        ] GC(2443) PSYoungGen: 291904K(311296K)->64K(311808K) Eden: 291840K(291840K)->0K(295936K) From: 64K(19456K)->64K(15872K)
[877.690s][info][gc,heap        ] GC(2443) ParOldGen: 308082K(308224K)->308098K(308224K)
[877.690s][info][gc,metaspace   ] GC(2443) Metaspace: 35686K(36416K)->35686K(36416K) NonClass: 26475K(27008K)->26475K(27008K) Class: 9210K(9408K)->9210K(9408K)
[877.690s][info][gc             ] GC(2443) Pause Young (Allocation Failure) 585M->300M(605M) 1.021ms
[877.690s][info][gc,cpu         ] GC(2443) User=0.00s Sys=0.00s Real=0.00s
[877.920s][info][gc,start       ] GC(2444) Pause Young (Allocation Failure)
[877.921s][info][gc,heap        ] GC(2444) PSYoungGen: 296000K(311808K)->64K(313344K) Eden: 295936K(295936K)->0K(295936K) From: 64K(15872K)->64K(17408K)
[877.921s][info][gc,heap        ] GC(2444) ParOldGen: 308098K(308224K)->308098K(308224K)
[877.921s][info][gc,metaspace   ] GC(2444) Metaspace: 35686K(36416K)->35686K(36416K) NonClass: 26475K(27008K)->26475K(27008K) Class: 9210K(9408K)->9210K(9408K)
[877.921s][info][gc             ] GC(2444) Pause Young (Allocation Failure) 589M->300M(607M) 1.141ms
[877.921s][info][gc,cpu         ] GC(2444) User=0.00s Sys=0.00s Real=0.00s
[878.203s][info][gc,start       ] GC(2445) Pause Young (Allocation Failure)
[878.204s][info][gc,heap        ] GC(2445) PSYoungGen: 296000K(313344K)->64K(314880K) Eden: 295936K(295936K)->0K(300032K) From: 64K(17408K)->64K(14848K)
[878.204s][info][gc,heap        ] GC(2445) ParOldGen: 308098K(308224K)->308106K(308224K)
[878.204s][info][gc,metaspace   ] GC(2445) Metaspace: 35686K(36416K)->35686K(36416K) NonClass: 26475K(27008K)->26475K(27008K) Class: 9210K(9408K)->9210K(9408K)
[878.204s][info][gc             ] GC(2445) Pause Young (Allocation Failure) 589M->300M(608M) 1.138ms
[878.204s][info][gc,cpu         ] GC(2445) User=0.00s Sys=0.00s Real=0.00s
[878.335s][info][gc,start       ] GC(2446) Pause Young (Allocation Failure)
[878.337s][info][gc,heap        ] GC(2446) PSYoungGen: 300096K(314880K)->64K(315904K) Eden: 300032K(300032K)->0K(300032K) From: 64K(14848K)->64K(15872K)
[878.337s][info][gc,heap        ] GC(2446) ParOldGen: 308106K(308224K)->308114K(308224K)
[878.337s][info][gc,metaspace   ] GC(2446) Metaspace: 35686K(36416K)->35686K(36416K) NonClass: 26475K(27008K)->26475K(27008K) Class: 9210K(9408K)->9210K(9408K)
[878.337s][info][gc             ] GC(2446) Pause Young (Allocation Failure) 593M->300M(609M) 1.220ms
[878.337s][info][gc,cpu         ] GC(2446) User=0.00s Sys=0.00s Real=0.00s
[878.453s][info][gc,start       ] GC(2447) Pause Young (Allocation Failure)
[878.454s][info][gc,heap        ] GC(2447) PSYoungGen: 300096K(315904K)->64K(315904K) Eden: 300032K(300032K)->0K(303104K) From: 64K(15872K)->64K(12800K)
[878.454s][info][gc,heap        ] GC(2447) ParOldGen: 308114K(308224K)->308122K(308224K)
[878.454s][info][gc,metaspace   ] GC(2447) Metaspace: 35686K(36416K)->35686K(36416K) NonClass: 26475K(27008K)->26475K(27008K) Class: 9210K(9408K)->9210K(9408K)
[878.454s][info][gc             ] GC(2447) Pause Young (Allocation Failure) 593M->300M(609M) 1.068ms
[878.454s][info][gc,cpu         ] GC(2447) User=0.00s Sys=0.00s Real=0.00s
[878.819s][info][gc,start       ] GC(2448) Pause Young (Allocation Failure)
[878.821s][info][gc,heap        ] GC(2448) PSYoungGen: 303168K(315904K)->64K(291840K) Eden: 303104K(303104K)->0K(291328K) From: 64K(12800K)->64K(512K)
[878.821s][info][gc,heap        ] GC(2448) ParOldGen: 308122K(308224K)->308130K(308224K)
[878.821s][info][gc,metaspace   ] GC(2448) Metaspace: 35686K(36416K)->35686K(36416K) NonClass: 26475K(27008K)->26475K(27008K) Class: 9210K(9408K)->9210K(9408K)
[878.821s][info][gc             ] GC(2448) Pause Young (Allocation Failure) 596M->300M(586M) 1.951ms
[878.821s][info][gc,cpu         ] GC(2448) User=0.00s Sys=0.00s Real=0.00s
[879.495s][info][gc,start       ] GC(2449) Pause Young (Allocation Failure)
[879.497s][info][gc,heap        ] GC(2449) PSYoungGen: 291392K(291840K)->64K(280576K) Eden: 291328K(291328K)->0K(280064K) From: 64K(512K)->64K(512K)
[879.497s][info][gc,heap        ] GC(2449) ParOldGen: 308130K(308224K)->308138K(308224K)
[879.497s][info][gc,metaspace   ] GC(2449) Metaspace: 35686K(36416K)->35686K(36416K) NonClass: 26475K(27008K)->26475K(27008K) Class: 9210K(9408K)->9210K(9408K)
[879.497s][info][gc             ] GC(2449) Pause Young (Allocation Failure) 585M->300M(575M) 1.303ms
[879.497s][info][gc,cpu         ] GC(2449) User=0.00s Sys=0.00s Real=0.00s
[880.377s][info][gc,start       ] GC(2450) Pause Young (Allocation Failure)
[880.378s][info][gc,heap        ] GC(2450) PSYoungGen: 280128K(280576K)->64K(281600K) Eden: 280064K(280064K)->0K(269312K) From: 64K(512K)->64K(12288K)
[880.378s][info][gc,heap        ] GC(2450) ParOldGen: 308138K(308224K)->308146K(308224K)
[880.378s][info][gc,metaspace   ] GC(2450) Metaspace: 35686K(36416K)->35686K(36416K) NonClass: 26475K(27008K)->26475K(27008K) Class: 9210K(9408K)->9210K(9408K)
[880.378s][info][gc             ] GC(2450) Pause Young (Allocation Failure) 574M->300M(576M) 1.013ms
[880.378s][info][gc,cpu         ] GC(2450) User=0.00s Sys=0.00s Real=0.00s
[880.810s][info][gc,start       ] GC(2451) Pause Young (Allocation Failure)
[880.812s][info][gc,heap        ] GC(2451) PSYoungGen: 269376K(281600K)->64K(259584K) Eden: 269312K(269312K)->0K(259072K) From: 64K(12288K)->64K(512K)
[880.812s][info][gc,heap        ] GC(2451) ParOldGen: 308146K(308224K)->308154K(308224K)
[880.812s][info][gc,metaspace   ] GC(2451) Metaspace: 35686K(36416K)->35686K(36416K) NonClass: 26475K(27008K)->26475K(27008K) Class: 9210K(9408K)->9210K(9408K)
[880.812s][info][gc             ] GC(2451) Pause Young (Allocation Failure) 563M->300M(554M) 1.755ms
[880.812s][info][gc,cpu         ] GC(2451) User=0.01s Sys=0.00s Real=0.00s
[881.773s][info][gc,start       ] GC(2452) Pause Young (Allocation Failure)
[881.775s][info][gc,heap        ] GC(2452) PSYoungGen: 259136K(259584K)->64K(260096K) Eden: 259072K(259072K)->0K(249344K) From: 64K(512K)->64K(10752K)
[881.775s][info][gc,heap        ] GC(2452) ParOldGen: 308154K(308224K)->308162K(308224K)
[881.775s][info][gc,metaspace   ] GC(2452) Metaspace: 35686K(36416K)->35686K(36416K) NonClass: 26475K(27008K)->26475K(27008K) Class: 9210K(9408K)->9210K(9408K)
[881.775s][info][gc             ] GC(2452) Pause Young (Allocation Failure) 553M->301M(555M) 1.374ms
[881.775s][info][gc,cpu         ] GC(2452) User=0.01s Sys=0.00s Real=0.00s
[882.156s][info][gc,start       ] GC(2453) Pause Young (Allocation Failure)
[882.159s][info][gc,heap        ] GC(2453) PSYoungGen: 249408K(260096K)->64K(240640K) Eden: 249344K(249344K)->0K(240128K) From: 64K(10752K)->64K(512K)
[882.159s][info][gc,heap        ] GC(2453) ParOldGen: 308162K(308224K)->308178K(308224K)
[882.159s][info][gc,metaspace   ] GC(2453) Metaspace: 35686K(36416K)->35686K(36416K) NonClass: 26475K(27008K)->26475K(27008K) Class: 9210K(9408K)->9210K(9408K)
[882.159s][info][gc             ] GC(2453) Pause Young (Allocation Failure) 544M->301M(536M) 2.622ms
[882.159s][info][gc,cpu         ] GC(2453) User=0.00s Sys=0.00s Real=0.01s
[882.327s][info][gc,start       ] GC(2454) Pause Young (Allocation Failure)
[882.329s][info][gc,heap        ] GC(2454) PSYoungGen: 240192K(240640K)->64K(240128K) Eden: 240128K(240128K)->0K(230912K) From: 64K(512K)->64K(9216K)
[882.329s][info][gc,heap        ] GC(2454) ParOldGen: 308178K(308224K)->308186K(308224K)
[882.329s][info][gc,metaspace   ] GC(2454) Metaspace: 35686K(36416K)->35686K(36416K) NonClass: 26475K(27008K)->26475K(27008K) Class: 9210K(9408K)->9210K(9408K)
[882.329s][info][gc             ] GC(2454) Pause Young (Allocation Failure) 535M->301M(535M) 1.390ms
[882.329s][info][gc,cpu         ] GC(2454) User=0.01s Sys=0.00s Real=0.01s
[882.423s][info][gc,start       ] GC(2455) Pause Young (Allocation Failure)
[882.425s][info][gc,heap        ] GC(2455) PSYoungGen: 230976K(240128K)->64K(222720K) Eden: 230912K(230912K)->0K(222208K) From: 64K(9216K)->64K(512K)
[882.425s][info][gc,heap        ] GC(2455) ParOldGen: 308186K(308224K)->308194K(308224K)
[882.425s][info][gc,metaspace   ] GC(2455) Metaspace: 35686K(36416K)->35686K(36416K) NonClass: 26475K(27008K)->26475K(27008K) Class: 9210K(9408K)->9210K(9408K)
[882.425s][info][gc             ] GC(2455) Pause Young (Allocation Failure) 526M->301M(518M) 1.628ms
[882.425s][info][gc,cpu         ] GC(2455) User=0.00s Sys=0.01s Real=0.00s
[882.986s][info][gc,start       ] GC(2456) Pause Young (Allocation Failure)
[882.987s][info][gc,heap        ] GC(2456) PSYoungGen: 222272K(222720K)->64K(222208K) Eden: 222208K(222208K)->0K(214016K) From: 64K(512K)->64K(8192K)
[882.987s][info][gc,heap        ] GC(2456) ParOldGen: 308194K(308224K)->308202K(308224K)
[882.987s][info][gc,metaspace   ] GC(2456) Metaspace: 35686K(36416K)->35686K(36416K) NonClass: 26475K(27008K)->26475K(27008K) Class: 9210K(9408K)->9210K(9408K)
[882.987s][info][gc             ] GC(2456) Pause Young (Allocation Failure) 518M->301M(518M) 1.145ms
[882.987s][info][gc,cpu         ] GC(2456) User=0.00s Sys=0.00s Real=0.00s
[883.160s][info][gc,start       ] GC(2457) Pause Young (Allocation Failure)
[883.163s][info][gc,heap        ] GC(2457) PSYoungGen: 214080K(222208K)->64K(206848K) Eden: 214016K(214016K)->0K(206336K) From: 64K(8192K)->64K(512K)
[883.163s][info][gc,heap        ] GC(2457) ParOldGen: 308202K(308224K)->308218K(308224K)
[883.163s][info][gc,metaspace   ] GC(2457) Metaspace: 35686K(36416K)->35686K(36416K) NonClass: 26475K(27008K)->26475K(27008K) Class: 9210K(9408K)->9210K(9408K)
[883.163s][info][gc             ] GC(2457) Pause Young (Allocation Failure) 510M->301M(503M) 2.481ms
[883.163s][info][gc,cpu         ] GC(2457) User=0.01s Sys=0.00s Real=0.00s
[883.485s][info][gc,start       ] GC(2458) Pause Young (Allocation Failure)
[883.506s][info][gc,heap        ] GC(2458) PSYoungGen: 206400K(206848K)->6656K(252416K) Eden: 206336K(206336K)->0K(245760K) From: 64K(512K)->6656K(6656K)
[883.506s][info][gc,heap        ] GC(2458) ParOldGen: 308218K(308224K)->312410K(312832K)
[883.506s][info][gc,metaspace   ] GC(2458) Metaspace: 35686K(36416K)->35686K(36416K) NonClass: 26475K(27008K)->26475K(27008K) Class: 9210K(9408K)->9210K(9408K)
[883.506s][info][gc             ] GC(2458) Pause Young (Allocation Failure) 502M->311M(552M) 21.004ms
[883.506s][info][gc,cpu         ] GC(2458) User=0.03s Sys=0.00s Real=0.02s
[883.826s][info][gc,start       ] GC(2459) Pause Young (Allocation Failure)
[883.881s][info][gc,heap        ] GC(2459) PSYoungGen: 252416K(252416K)->6656K(251904K) Eden: 245760K(245760K)->0K(245248K) From: 6656K(6656K)->6656K(6656K)
[883.881s][info][gc,heap        ] GC(2459) ParOldGen: 312410K(312832K)->333882K(334336K)
[883.881s][info][gc,metaspace   ] GC(2459) Metaspace: 35686K(36416K)->35686K(36416K) NonClass: 26475K(27008K)->26475K(27008K) Class: 9210K(9408K)->9210K(9408K)
[883.882s][info][gc             ] GC(2459) Pause Young (Allocation Failure) 551M->332M(572M) 55.334ms
[883.882s][info][gc,cpu         ] GC(2459) User=0.09s Sys=0.02s Real=0.06s
[884.164s][info][gc,start       ] GC(2460) Pause Young (Allocation Failure)
[884.208s][info][gc,heap        ] GC(2460) PSYoungGen: 251904K(251904K)->18944K(264192K) Eden: 245248K(245248K)->0K(245248K) From: 6656K(6656K)->18944K(18944K)
[884.208s][info][gc,heap        ] GC(2460) ParOldGen: 333882K(334336K)->339290K(339456K)
[884.208s][info][gc,metaspace   ] GC(2460) Metaspace: 35686K(36416K)->35686K(36416K) NonClass: 26475K(27008K)->26475K(27008K) Class: 9210K(9408K)->9210K(9408K)
[884.208s][info][gc             ] GC(2460) Pause Young (Allocation Failure) 572M->349M(589M) 43.273ms
[884.208s][info][gc,cpu         ] GC(2460) User=0.09s Sys=0.00s Real=0.04s
[884.291s][info][gc,start       ] GC(2461) Pause Young (Allocation Failure)
[884.294s][info][gc,heap        ] GC(2461) PSYoungGen: 264192K(264192K)->64K(309760K) Eden: 245248K(245248K)->0K(284672K) From: 18944K(18944K)->64K(25088K)
[884.294s][info][gc,heap        ] GC(2461) ParOldGen: 339290K(339456K)->339426K(339456K)
[884.294s][info][gc,metaspace   ] GC(2461) Metaspace: 35686K(36416K)->35686K(36416K) NonClass: 26475K(27008K)->26475K(27008K) Class: 9210K(9408K)->9210K(9408K)
[884.294s][info][gc             ] GC(2461) Pause Young (Allocation Failure) 589M->331M(634M) 2.667ms
[884.294s][info][gc,cpu         ] GC(2461) User=0.01s Sys=0.00s Real=0.00s
[884.949s][info][gc,start       ] GC(2462) Pause Young (Allocation Failure)
[884.950s][info][gc,heap        ] GC(2462) PSYoungGen: 284736K(309760K)->64K(285184K) Eden: 284672K(284672K)->0K(284672K) From: 64K(25088K)->64K(512K)
[884.950s][info][gc,heap        ] GC(2462) ParOldGen: 339426K(339456K)->339434K(339456K)
[884.950s][info][gc,metaspace   ] GC(2462) Metaspace: 35686K(36416K)->35686K(36416K) NonClass: 26475K(27008K)->26475K(27008K) Class: 9210K(9408K)->9210K(9408K)
[884.950s][info][gc             ] GC(2462) Pause Young (Allocation Failure) 609M->331M(610M) 1.350ms
[884.950s][info][gc,cpu         ] GC(2462) User=0.00s Sys=0.00s Real=0.00s
[885.330s][info][gc,start       ] GC(2463) Pause Young (Allocation Failure)
[885.331s][info][gc,heap        ] GC(2463) PSYoungGen: 284736K(285184K)->64K(309248K) Eden: 284672K(284672K)->0K(285696K) From: 64K(512K)->64K(23552K)
[885.331s][info][gc,heap        ] GC(2463) ParOldGen: 339434K(339456K)->339442K(339456K)
[885.331s][info][gc,metaspace   ] GC(2463) Metaspace: 35686K(36416K)->35686K(36416K) NonClass: 26475K(27008K)->26475K(27008K) Class: 9210K(9408K)->9210K(9408K)
[885.331s][info][gc             ] GC(2463) Pause Young (Allocation Failure) 609M->331M(633M) 1.318ms
[885.332s][info][gc,cpu         ] GC(2463) User=0.00s Sys=0.00s Real=0.00s
[885.769s][info][gc,start       ] GC(2464) Pause Young (Allocation Failure)
[885.770s][info][gc,heap        ] GC(2464) PSYoungGen: 285760K(309248K)->64K(308224K) Eden: 285696K(285696K)->0K(285696K) From: 64K(23552K)->64K(22528K)
[885.770s][info][gc,heap        ] GC(2464) ParOldGen: 339442K(339456K)->339458K(339968K)
[885.770s][info][gc,metaspace   ] GC(2464) Metaspace: 35686K(36416K)->35686K(36416K) NonClass: 26475K(27008K)->26475K(27008K) Class: 9210K(9408K)->9210K(9408K)
[885.770s][info][gc             ] GC(2464) Pause Young (Allocation Failure) 610M->331M(633M) 1.301ms
[885.770s][info][gc,cpu         ] GC(2464) User=0.00s Sys=0.00s Real=0.01s
[886.004s][info][gc,start       ] GC(2465) Pause Young (Allocation Failure)
[886.005s][info][gc,heap        ] GC(2465) PSYoungGen: 285760K(308224K)->64K(310272K) Eden: 285696K(285696K)->0K(288768K) From: 64K(22528K)->64K(21504K)
[886.005s][info][gc,heap        ] GC(2465) ParOldGen: 339458K(339968K)->339474K(339968K)
[886.005s][info][gc,metaspace   ] GC(2465) Metaspace: 35686K(36416K)->35686K(36416K) NonClass: 26475K(27008K)->26475K(27008K) Class: 9210K(9408K)->9210K(9408K)
[886.005s][info][gc             ] GC(2465) Pause Young (Allocation Failure) 610M->331M(635M) 1.135ms
[886.005s][info][gc,cpu         ] GC(2465) User=0.00s Sys=0.00s Real=0.00s
[886.362s][info][gc,start       ] GC(2466) Pause Young (Allocation Failure)
[886.363s][info][gc,heap        ] GC(2466) PSYoungGen: 288832K(310272K)->64K(309248K) Eden: 288768K(288768K)->0K(288768K) From: 64K(21504K)->64K(20480K)
[886.363s][info][gc,heap        ] GC(2466) ParOldGen: 339474K(339968K)->339474K(339968K)
[886.363s][info][gc,metaspace   ] GC(2466) Metaspace: 35686K(36416K)->35686K(36416K) NonClass: 26475K(27008K)->26475K(27008K) Class: 9210K(9408K)->9210K(9408K)
[886.363s][info][gc             ] GC(2466) Pause Young (Allocation Failure) 613M->331M(634M) 1.076ms
[886.363s][info][gc,cpu         ] GC(2466) User=0.00s Sys=0.00s Real=0.00s
[886.451s][info][gc,start       ] GC(2467) Pause Young (Allocation Failure)
[886.452s][info][gc,heap        ] GC(2467) PSYoungGen: 288832K(309248K)->64K(312320K) Eden: 288768K(288768K)->0K(292864K) From: 64K(20480K)->64K(19456K)
[886.452s][info][gc,heap        ] GC(2467) ParOldGen: 339474K(339968K)->339482K(339968K)
[886.452s][info][gc,metaspace   ] GC(2467) Metaspace: 35686K(36416K)->35686K(36416K) NonClass: 26475K(27008K)->26475K(27008K) Class: 9210K(9408K)->9210K(9408K)
[886.452s][info][gc             ] GC(2467) Pause Young (Allocation Failure) 613M->331M(637M) 0.985ms
[886.452s][info][gc,cpu         ] GC(2467) User=0.00s Sys=0.00s Real=0.00s
[886.505s][info][gc,start       ] GC(2468) Pause Young (Allocation Failure)
[886.507s][info][gc,heap        ] GC(2468) PSYoungGen: 292928K(312320K)->64K(311296K) Eden: 292864K(292864K)->0K(292864K) From: 64K(19456K)->64K(18432K)
[886.507s][info][gc,heap        ] GC(2468) ParOldGen: 339482K(339968K)->339498K(339968K)
[886.507s][info][gc,metaspace   ] GC(2468) Metaspace: 35686K(36416K)->35686K(36416K) NonClass: 26475K(27008K)->26475K(27008K) Class: 9210K(9408K)->9210K(9408K)
[886.507s][info][gc             ] GC(2468) Pause Young (Allocation Failure) 617M->331M(636M) 1.093ms
[886.507s][info][gc,cpu         ] GC(2468) User=0.00s Sys=0.00s Real=0.00s
[886.715s][info][gc,start       ] GC(2469) Pause Young (Allocation Failure)
[886.716s][info][gc,heap        ] GC(2469) PSYoungGen: 292928K(311296K)->64K(314368K) Eden: 292864K(292864K)->0K(296960K) From: 64K(18432K)->64K(17408K)
[886.716s][info][gc,heap        ] GC(2469) ParOldGen: 339498K(339968K)->339498K(339968K)
[886.716s][info][gc,metaspace   ] GC(2469) Metaspace: 35686K(36416K)->35686K(36416K) NonClass: 26475K(27008K)->26475K(27008K) Class: 9210K(9408K)->9210K(9408K)
[886.716s][info][gc             ] GC(2469) Pause Young (Allocation Failure) 617M->331M(639M) 1.045ms
[886.716s][info][gc,cpu         ] GC(2469) User=0.00s Sys=0.00s Real=0.00s
[887.008s][info][gc,start       ] GC(2470) Pause Young (Allocation Failure)
[887.009s][info][gc,heap        ] GC(2470) PSYoungGen: 297024K(314368K)->64K(313344K) Eden: 296960K(296960K)->0K(296960K) From: 64K(17408K)->64K(16384K)
[887.009s][info][gc,heap        ] GC(2470) ParOldGen: 339498K(339968K)->339506K(339968K)
[887.009s][info][gc,metaspace   ] GC(2470) Metaspace: 35686K(36416K)->35686K(36416K) NonClass: 26475K(27008K)->26475K(27008K) Class: 9210K(9408K)->9210K(9408K)
[887.009s][info][gc             ] GC(2470) Pause Young (Allocation Failure) 621M->331M(638M) 1.118ms
[887.009s][info][gc,cpu         ] GC(2470) User=0.00s Sys=0.00s Real=0.01s
[887.149s][info][gc,start       ] GC(2471) Pause Young (Allocation Failure)
[887.150s][info][gc,heap        ] GC(2471) PSYoungGen: 297024K(313344K)->64K(316416K) Eden: 296960K(296960K)->0K(301056K) From: 64K(16384K)->64K(15360K)
[887.150s][info][gc,heap        ] GC(2471) ParOldGen: 339506K(339968K)->339514K(339968K)
[887.150s][info][gc,metaspace   ] GC(2471) Metaspace: 35686K(36416K)->35686K(36416K) NonClass: 26475K(27008K)->26475K(27008K) Class: 9210K(9408K)->9210K(9408K)
[887.150s][info][gc             ] GC(2471) Pause Young (Allocation Failure) 621M->331M(641M) 1.198ms
[887.150s][info][gc,cpu         ] GC(2471) User=0.00s Sys=0.00s Real=0.00s
[887.261s][info][gc,start       ] GC(2472) Pause Young (Allocation Failure)
[887.262s][info][gc,heap        ] GC(2472) PSYoungGen: 301120K(316416K)->64K(315392K) Eden: 301056K(301056K)->0K(301056K) From: 64K(15360K)->64K(14336K)
[887.262s][info][gc,heap        ] GC(2472) ParOldGen: 339514K(339968K)->339522K(339968K)
[887.262s][info][gc,metaspace   ] GC(2472) Metaspace: 35686K(36416K)->35686K(36416K) NonClass: 26475K(27008K)->26475K(27008K) Class: 9210K(9408K)->9210K(9408K)
[887.262s][info][gc             ] GC(2472) Pause Young (Allocation Failure) 625M->331M(640M) 1.232ms
[887.262s][info][gc,cpu         ] GC(2472) User=0.00s Sys=0.00s Real=0.00s
[887.503s][info][gc,start       ] GC(2473) Pause Young (Allocation Failure)
[887.504s][info][gc,heap        ] GC(2473) PSYoungGen: 301120K(315392K)->64K(289792K) Eden: 301056K(301056K)->0K(289280K) From: 64K(14336K)->64K(512K)
[887.504s][info][gc,heap        ] GC(2473) ParOldGen: 339522K(339968K)->339530K(339968K)
[887.504s][info][gc,metaspace   ] GC(2473) Metaspace: 35686K(36416K)->35686K(36416K) NonClass: 26475K(27008K)->26475K(27008K) Class: 9210K(9408K)->9210K(9408K)
[887.504s][info][gc             ] GC(2473) Pause Young (Allocation Failure) 625M->331M(615M) 1.124ms
[887.504s][info][gc,cpu         ] GC(2473) User=0.00s Sys=0.00s Real=0.00s
[888.317s][info][gc,start       ] GC(2474) Pause Young (Allocation Failure)
[888.319s][info][gc,heap        ] GC(2474) PSYoungGen: 289344K(289792K)->83K(290816K) Eden: 289280K(289280K)->0K(278016K) From: 64K(512K)->83K(12800K)
[888.319s][info][gc,heap        ] GC(2474) ParOldGen: 339530K(339968K)->339538K(339968K)
[888.319s][info][gc,metaspace   ] GC(2474) Metaspace: 35686K(36416K)->35686K(36416K) NonClass: 26475K(27008K)->26475K(27008K) Class: 9210K(9408K)->9210K(9408K)
[888.319s][info][gc             ] GC(2474) Pause Young (Allocation Failure) 614M->331M(616M) 1.201ms
[888.319s][info][gc,cpu         ] GC(2474) User=0.00s Sys=0.00s Real=0.01s
[889.180s][info][gc,start       ] GC(2475) Pause Young (Allocation Failure)
[889.181s][info][gc,heap        ] GC(2475) PSYoungGen: 278099K(290816K)->64K(267776K) Eden: 278016K(278016K)->0K(267264K) From: 83K(12800K)->64K(512K)
[889.181s][info][gc,heap        ] GC(2475) ParOldGen: 339538K(339968K)->339546K(339968K)
[889.181s][info][gc,metaspace   ] GC(2475) Metaspace: 35686K(36416K)->35686K(36416K) NonClass: 26475K(27008K)->26475K(27008K) Class: 9210K(9408K)->9210K(9408K)
[889.181s][info][gc             ] GC(2475) Pause Young (Allocation Failure) 603M->331M(593M) 1.222ms
[889.181s][info][gc,cpu         ] GC(2475) User=0.00s Sys=0.00s Real=0.00s
[889.577s][info][gc,start       ] GC(2476) Pause Young (Allocation Failure)
[889.578s][info][gc,heap        ] GC(2476) PSYoungGen: 267328K(267776K)->64K(268288K) Eden: 267264K(267264K)->0K(257024K) From: 64K(512K)->64K(11264K)
[889.578s][info][gc,heap        ] GC(2476) ParOldGen: 339546K(339968K)->339554K(339968K)
[889.578s][info][gc,metaspace   ] GC(2476) Metaspace: 35686K(36416K)->35686K(36416K) NonClass: 26475K(27008K)->26475K(27008K) Class: 9210K(9408K)->9210K(9408K)
[889.578s][info][gc             ] GC(2476) Pause Young (Allocation Failure) 592M->331M(594M) 1.160ms
[889.578s][info][gc,cpu         ] GC(2476) User=0.00s Sys=0.00s Real=0.00s
[890.573s][info][gc,start       ] GC(2477) Pause Young (Allocation Failure)
[890.574s][info][gc,heap        ] GC(2477) PSYoungGen: 257088K(268288K)->64K(247808K) Eden: 257024K(257024K)->0K(247296K) From: 64K(11264K)->64K(512K)
[890.574s][info][gc,heap        ] GC(2477) ParOldGen: 339554K(339968K)->339562K(339968K)
[890.574s][info][gc,metaspace   ] GC(2477) Metaspace: 35686K(36416K)->35686K(36416K) NonClass: 26475K(27008K)->26475K(27008K) Class: 9210K(9408K)->9210K(9408K)
[890.574s][info][gc             ] GC(2477) Pause Young (Allocation Failure) 582M->331M(574M) 1.398ms
[890.574s][info][gc,cpu         ] GC(2477) User=0.00s Sys=0.00s Real=0.00s
[890.951s][info][gc,start       ] GC(2478) Pause Young (Allocation Failure)
[890.953s][info][gc,heap        ] GC(2478) PSYoungGen: 247360K(247808K)->64K(247808K) Eden: 247296K(247296K)->0K(238080K) From: 64K(512K)->64K(9728K)
[890.953s][info][gc,heap        ] GC(2478) ParOldGen: 339562K(339968K)->339578K(339968K)
[890.953s][info][gc,metaspace   ] GC(2478) Metaspace: 35686K(36416K)->35686K(36416K) NonClass: 26475K(27008K)->26475K(27008K) Class: 9210K(9408K)->9210K(9408K)
[890.953s][info][gc             ] GC(2478) Pause Young (Allocation Failure) 573M->331M(574M) 2.180ms
[890.953s][info][gc,cpu         ] GC(2478) User=0.00s Sys=0.00s Real=0.00s
[891.136s][info][gc,start       ] GC(2479) Pause Young (Allocation Failure)
[891.138s][info][gc,heap        ] GC(2479) PSYoungGen: 238144K(247808K)->64K(229888K) Eden: 238080K(238080K)->0K(229376K) From: 64K(9728K)->64K(512K)
[891.138s][info][gc,heap        ] GC(2479) ParOldGen: 339578K(339968K)->339594K(339968K)
[891.138s][info][gc,metaspace   ] GC(2479) Metaspace: 35686K(36416K)->35686K(36416K) NonClass: 26475K(27008K)->26475K(27008K) Class: 9210K(9408K)->9210K(9408K)
[891.138s][info][gc             ] GC(2479) Pause Young (Allocation Failure) 564M->331M(556M) 2.458ms
[891.138s][info][gc,cpu         ] GC(2479) User=0.01s Sys=0.00s Real=0.00s
[891.213s][info][gc,start       ] GC(2480) Pause Young (Allocation Failure)
[891.215s][info][gc,heap        ] GC(2480) PSYoungGen: 229440K(229888K)->64K(279552K) Eden: 229376K(229376K)->0K(270848K) From: 64K(512K)->64K(8704K)
[891.215s][info][gc,heap        ] GC(2480) ParOldGen: 339594K(339968K)->339610K(339968K)
[891.215s][info][gc,metaspace   ] GC(2480) Metaspace: 35686K(36416K)->35686K(36416K) NonClass: 26475K(27008K)->26475K(27008K) Class: 9210K(9408K)->9210K(9408K)
[891.215s][info][gc             ] GC(2480) Pause Young (Allocation Failure) 555M->331M(605M) 1.689ms
[891.215s][info][gc,cpu         ] GC(2480) User=0.00s Sys=0.00s Real=0.00s
[891.830s][info][gc,start       ] GC(2481) Pause Young (Allocation Failure)
[891.832s][info][gc,heap        ] GC(2481) PSYoungGen: 270912K(279552K)->64K(261120K) Eden: 270848K(270848K)->0K(260608K) From: 64K(8704K)->64K(512K)
[891.832s][info][gc,heap        ] GC(2481) ParOldGen: 339610K(339968K)->339626K(339968K)
[891.832s][info][gc,metaspace   ] GC(2481) Metaspace: 35686K(36416K)->35686K(36416K) NonClass: 26475K(27008K)->26475K(27008K) Class: 9210K(9408K)->9210K(9408K)
[891.832s][info][gc             ] GC(2481) Pause Young (Allocation Failure) 596M->331M(587M) 2.427ms
[891.832s][info][gc,cpu         ] GC(2481) User=0.01s Sys=0.00s Real=0.00s
[892.070s][info][gc,start       ] GC(2482) Pause Young (Allocation Failure)
[892.072s][info][gc,heap        ] GC(2482) PSYoungGen: 260672K(261120K)->64K(258048K) Eden: 260608K(260608K)->0K(250880K) From: 64K(512K)->64K(7168K)
[892.072s][info][gc,heap        ] GC(2482) ParOldGen: 339626K(339968K)->339642K(339968K)
[892.072s][info][gc,metaspace   ] GC(2482) Metaspace: 35686K(36416K)->35686K(36416K) NonClass: 26475K(27008K)->26475K(27008K) Class: 9210K(9408K)->9210K(9408K)
[892.072s][info][gc             ] GC(2482) Pause Young (Allocation Failure) 586M->331M(584M) 1.909ms
[892.072s][info][gc,cpu         ] GC(2482) User=0.00s Sys=0.00s Real=0.00s
[892.438s][info][gc,start       ] GC(2483) Pause Young (Allocation Failure)
[892.482s][info][gc,heap        ] GC(2483) PSYoungGen: 250944K(258048K)->6656K(267264K) Eden: 250880K(250880K)->0K(260608K) From: 64K(7168K)->6656K(6656K)
[892.482s][info][gc,heap        ] GC(2483) ParOldGen: 339642K(339968K)->355458K(355840K)
[892.482s][info][gc,metaspace   ] GC(2483) Metaspace: 35686K(36416K)->35686K(36416K) NonClass: 26475K(27008K)->26475K(27008K) Class: 9210K(9408K)->9210K(9408K)
[892.482s][info][gc             ] GC(2483) Pause Young (Allocation Failure) 576M->353M(608M) 44.703ms
[892.482s][info][gc,cpu         ] GC(2483) User=0.07s Sys=0.01s Real=0.05s
[892.823s][info][gc,start       ] GC(2484) Pause Young (Allocation Failure)
[892.881s][info][gc,heap        ] GC(2484) PSYoungGen: 267264K(267264K)->14336K(274944K) Eden: 260608K(260608K)->0K(260608K) From: 6656K(6656K)->14336K(14336K)
[892.881s][info][gc,heap        ] GC(2484) ParOldGen: 355458K(355840K)->371242K(371712K)
[892.881s][info][gc,metaspace   ] GC(2484) Metaspace: 35686K(36416K)->35686K(36416K) NonClass: 26475K(27008K)->26475K(27008K) Class: 9210K(9408K)->9210K(9408K)
[892.881s][info][gc             ] GC(2484) Pause Young (Allocation Failure) 608M->376M(631M) 57.822ms
[892.881s][info][gc,cpu         ] GC(2484) User=0.10s Sys=0.02s Real=0.06s
[893.044s][info][gc,start       ] GC(2485) Pause Young (Allocation Failure)
[893.069s][info][gc,heap        ] GC(2485) PSYoungGen: 274944K(274944K)->10496K(309760K) Eden: 260608K(260608K)->0K(286720K) From: 14336K(14336K)->10496K(23040K)
[893.069s][info][gc,heap        ] GC(2485) ParOldGen: 371242K(371712K)->371658K(371712K)
[893.069s][info][gc,metaspace   ] GC(2485) Metaspace: 35686K(36416K)->35686K(36416K) NonClass: 26475K(27008K)->26475K(27008K) Class: 9210K(9408K)->9210K(9408K)
[893.069s][info][gc             ] GC(2485) Pause Young (Allocation Failure) 631M->373M(665M) 25.008ms
[893.069s][info][gc,cpu         ] GC(2485) User=0.05s Sys=0.00s Real=0.03s
[893.493s][info][gc,start       ] GC(2486) Pause Young (Allocation Failure)
[893.494s][info][gc,heap        ] GC(2486) PSYoungGen: 297216K(309760K)->64K(287232K) Eden: 286720K(286720K)->0K(286720K) From: 10496K(23040K)->64K(512K)
[893.494s][info][gc,heap        ] GC(2486) ParOldGen: 371658K(371712K)->371666K(371712K)
[893.494s][info][gc,metaspace   ] GC(2486) Metaspace: 35686K(36416K)->35686K(36416K) NonClass: 26475K(27008K)->26475K(27008K) Class: 9210K(9408K)->9210K(9408K)
[893.494s][info][gc             ] GC(2486) Pause Young (Allocation Failure) 653M->363M(643M) 1.387ms
[893.494s][info][gc,cpu         ] GC(2486) User=0.00s Sys=0.00s Real=0.00s
[894.053s][info][gc,start       ] GC(2487) Pause Young (Allocation Failure)
[894.055s][info][gc,heap        ] GC(2487) PSYoungGen: 286784K(287232K)->64K(310272K) Eden: 286720K(286720K)->0K(287744K) From: 64K(512K)->64K(22528K)
[894.055s][info][gc,heap        ] GC(2487) ParOldGen: 371666K(371712K)->371674K(371712K)
[894.055s][info][gc,metaspace   ] GC(2487) Metaspace: 35686K(36416K)->35686K(36416K) NonClass: 26475K(27008K)->26475K(27008K) Class: 9210K(9408K)->9210K(9408K)
[894.055s][info][gc             ] GC(2487) Pause Young (Allocation Failure) 643M->363M(666M) 1.322ms
[894.055s][info][gc,cpu         ] GC(2487) User=0.00s Sys=0.00s Real=0.00s
[894.488s][info][gc,start       ] GC(2488) Pause Young (Allocation Failure)
[894.489s][info][gc,heap        ] GC(2488) PSYoungGen: 287808K(310272K)->64K(309760K) Eden: 287744K(287744K)->0K(287744K) From: 64K(22528K)->64K(22016K)
[894.489s][info][gc,heap        ] GC(2488) ParOldGen: 371674K(371712K)->371690K(371712K)
[894.489s][info][gc,metaspace   ] GC(2488) Metaspace: 35686K(36416K)->35686K(36416K) NonClass: 26475K(27008K)->26475K(27008K) Class: 9210K(9408K)->9210K(9408K)
[894.489s][info][gc             ] GC(2488) Pause Young (Allocation Failure) 644M->363M(665M) 1.369ms
[894.489s][info][gc,cpu         ] GC(2488) User=0.00s Sys=0.00s Real=0.01s
[894.726s][info][gc,start       ] GC(2489) Pause Young (Allocation Failure)
[894.728s][info][gc,heap        ] GC(2489) PSYoungGen: 287808K(309760K)->64K(310784K) Eden: 287744K(287744K)->0K(290304K) From: 64K(22016K)->64K(20480K)
[894.728s][info][gc,heap        ] GC(2489) ParOldGen: 371690K(371712K)->371706K(371712K)
[894.728s][info][gc,metaspace   ] GC(2489) Metaspace: 35686K(36416K)->35686K(36416K) NonClass: 26475K(27008K)->26475K(27008K) Class: 9210K(9408K)->9210K(9408K)
[894.728s][info][gc             ] GC(2489) Pause Young (Allocation Failure) 644M->363M(666M) 1.291ms
[894.728s][info][gc,cpu         ] GC(2489) User=0.00s Sys=0.00s Real=0.00s
[894.969s][info][gc,start       ] GC(2490) Pause Young (Allocation Failure)
[894.970s][info][gc,heap        ] GC(2490) PSYoungGen: 290368K(310784K)->64K(310272K) Eden: 290304K(290304K)->0K(290304K) From: 64K(20480K)->64K(19968K)
[894.970s][info][gc,heap        ] GC(2490) ParOldGen: 371706K(371712K)->371706K(371712K)
[894.970s][info][gc,metaspace   ] GC(2490) Metaspace: 35686K(36416K)->35686K(36416K) NonClass: 26475K(27008K)->26475K(27008K) Class: 9210K(9408K)->9210K(9408K)
[894.970s][info][gc             ] GC(2490) Pause Young (Allocation Failure) 646M->363M(666M) 1.300ms
[894.970s][info][gc,cpu         ] GC(2490) User=0.00s Sys=0.00s Real=0.00s
[895.243s][info][gc,start       ] GC(2491) Pause Young (Allocation Failure)
[895.245s][info][gc,heap        ] GC(2491) PSYoungGen: 290368K(310272K)->64K(312832K) Eden: 290304K(290304K)->0K(294400K) From: 64K(19968K)->64K(18432K)
[895.245s][info][gc,heap        ] GC(2491) ParOldGen: 371706K(371712K)->371706K(371712K)
[895.245s][info][gc,metaspace   ] GC(2491) Metaspace: 35686K(36416K)->35686K(36416K) NonClass: 26475K(27008K)->26475K(27008K) Class: 9210K(9408K)->9210K(9408K)
[895.245s][info][gc             ] GC(2491) Pause Young (Allocation Failure) 646M->363M(668M) 1.288ms
[895.245s][info][gc,cpu         ] GC(2491) User=0.00s Sys=0.00s Real=0.00s
[895.298s][info][gc,start       ] GC(2492) Pause Young (Allocation Failure)
[895.299s][info][gc,heap        ] GC(2492) PSYoungGen: 294464K(312832K)->64K(312832K) Eden: 294400K(294400K)->0K(294400K) From: 64K(18432K)->64K(18432K)
[895.299s][info][gc,heap        ] GC(2492) ParOldGen: 371706K(371712K)->371722K(372224K)
[895.299s][info][gc,metaspace   ] GC(2492) Metaspace: 35686K(36416K)->35686K(36416K) NonClass: 26475K(27008K)->26475K(27008K) Class: 9210K(9408K)->9210K(9408K)
[895.300s][info][gc             ] GC(2492) Pause Young (Allocation Failure) 650M->363M(669M) 1.372ms
[895.300s][info][gc,cpu         ] GC(2492) User=0.00s Sys=0.00s Real=0.01s
[895.422s][info][gc,start       ] GC(2493) Pause Young (Allocation Failure)
[895.423s][info][gc,heap        ] GC(2493) PSYoungGen: 294464K(312832K)->64K(314368K) Eden: 294400K(294400K)->0K(297984K) From: 64K(18432K)->64K(16384K)
[895.423s][info][gc,heap        ] GC(2493) ParOldGen: 371722K(372224K)->371722K(372224K)
[895.423s][info][gc,metaspace   ] GC(2493) Metaspace: 35686K(36416K)->35686K(36416K) NonClass: 26475K(27008K)->26475K(27008K) Class: 9210K(9408K)->9210K(9408K)
[895.423s][info][gc             ] GC(2493) Pause Young (Allocation Failure) 650M->363M(670M) 1.197ms
[895.423s][info][gc,cpu         ] GC(2493) User=0.00s Sys=0.00s Real=0.00s
[895.753s][info][gc,start       ] GC(2494) Pause Young (Allocation Failure)
[895.755s][info][gc,heap        ] GC(2494) PSYoungGen: 298048K(314368K)->64K(314368K) Eden: 297984K(297984K)->0K(297984K) From: 64K(16384K)->64K(16384K)
[895.755s][info][gc,heap        ] GC(2494) ParOldGen: 371722K(372224K)->371738K(372224K)
[895.755s][info][gc,metaspace   ] GC(2494) Metaspace: 35686K(36416K)->35686K(36416K) NonClass: 26475K(27008K)->26475K(27008K) Class: 9210K(9408K)->9210K(9408K)
[895.755s][info][gc             ] GC(2494) Pause Young (Allocation Failure) 654M->363M(670M) 1.412ms
[895.755s][info][gc,cpu         ] GC(2494) User=0.00s Sys=0.00s Real=0.00s
[895.941s][info][gc,start       ] GC(2495) Pause Young (Allocation Failure)
[895.942s][info][gc,heap        ] GC(2495) PSYoungGen: 298048K(314368K)->64K(316928K) Eden: 297984K(297984K)->0K(301568K) From: 64K(16384K)->64K(15360K)
[895.942s][info][gc,heap        ] GC(2495) ParOldGen: 371738K(372224K)->371738K(372224K)
[895.942s][info][gc,metaspace   ] GC(2495) Metaspace: 35686K(36416K)->35686K(36416K) NonClass: 26475K(27008K)->26475K(27008K) Class: 9210K(9408K)->9210K(9408K)
[895.942s][info][gc             ] GC(2495) Pause Young (Allocation Failure) 654M->363M(673M) 1.239ms
[895.942s][info][gc,cpu         ] GC(2495) User=0.00s Sys=0.00s Real=0.00s
[896.029s][info][gc,start       ] GC(2496) Pause Young (Allocation Failure)
[896.030s][info][gc,heap        ] GC(2496) PSYoungGen: 301632K(316928K)->64K(316416K) Eden: 301568K(301568K)->0K(301568K) From: 64K(15360K)->64K(14848K)
[896.030s][info][gc,heap        ] GC(2496) ParOldGen: 371738K(372224K)->371754K(372224K)
[896.030s][info][gc,metaspace   ] GC(2496) Metaspace: 35686K(36416K)->35686K(36416K) NonClass: 26475K(27008K)->26475K(27008K) Class: 9210K(9408K)->9210K(9408K)
[896.030s][info][gc             ] GC(2496) Pause Young (Allocation Failure) 657M->363M(672M) 1.329ms
[896.030s][info][gc,cpu         ] GC(2496) User=0.00s Sys=0.00s Real=0.00s
[896.210s][info][gc,start       ] GC(2497) Pause Young (Allocation Failure)
[896.211s][info][gc,heap        ] GC(2497) PSYoungGen: 301632K(316416K)->64K(317952K) Eden: 301568K(301568K)->0K(304640K) From: 64K(14848K)->64K(13312K)
[896.211s][info][gc,heap        ] GC(2497) ParOldGen: 371754K(372224K)->371754K(372224K)
[896.211s][info][gc,metaspace   ] GC(2497) Metaspace: 35686K(36416K)->35686K(36416K) NonClass: 26475K(27008K)->26475K(27008K) Class: 9210K(9408K)->9210K(9408K)
[896.211s][info][gc             ] GC(2497) Pause Young (Allocation Failure) 657M->363M(674M) 1.215ms
[896.211s][info][gc,cpu         ] GC(2497) User=0.00s Sys=0.00s Real=0.00s
[897.124s][info][gc,start       ] GC(2498) Pause Young (Allocation Failure)
[897.125s][info][gc,heap        ] GC(2498) PSYoungGen: 304704K(317952K)->64K(292864K) Eden: 304640K(304640K)->0K(292352K) From: 64K(13312K)->64K(512K)
[897.125s][info][gc,heap        ] GC(2498) ParOldGen: 371754K(372224K)->371762K(372224K)
[897.125s][info][gc,metaspace   ] GC(2498) Metaspace: 35686K(36416K)->35686K(36416K) NonClass: 26475K(27008K)->26475K(27008K) Class: 9210K(9408K)->9210K(9408K)
[897.125s][info][gc             ] GC(2498) Pause Young (Allocation Failure) 660M->363M(649M) 1.525ms
[897.125s][info][gc,cpu         ] GC(2498) User=0.00s Sys=0.00s Real=0.00s
[897.944s][info][gc,start       ] GC(2499) Pause Young (Allocation Failure)
[897.946s][info][gc,heap        ] GC(2499) PSYoungGen: 292416K(292864K)->64K(281600K) Eden: 292352K(292352K)->0K(281088K) From: 64K(512K)->64K(512K)
[897.946s][info][gc,heap        ] GC(2499) ParOldGen: 371762K(372224K)->371770K(372224K)
[897.946s][info][gc,metaspace   ] GC(2499) Metaspace: 35686K(36416K)->35686K(36416K) NonClass: 26475K(27008K)->26475K(27008K) Class: 9210K(9408K)->9210K(9408K)
[897.946s][info][gc             ] GC(2499) Pause Young (Allocation Failure) 648M->363M(638M) 1.804ms
[897.946s][info][gc,cpu         ] GC(2499) User=0.00s Sys=0.00s Real=0.00s
[898.300s][info][gc,start       ] GC(2500) Pause Young (Allocation Failure)
[898.301s][info][gc,heap        ] GC(2500) PSYoungGen: 281152K(281600K)->64K(281600K) Eden: 281088K(281088K)->0K(270336K) From: 64K(512K)->64K(11264K)
[898.301s][info][gc,heap        ] GC(2500) ParOldGen: 371770K(372224K)->371778K(372224K)
[898.301s][info][gc,metaspace   ] GC(2500) Metaspace: 35686K(36416K)->35686K(36416K) NonClass: 26475K(27008K)->26475K(27008K) Class: 9210K(9408K)->9210K(9408K)
[898.301s][info][gc             ] GC(2500) Pause Young (Allocation Failure) 637M->363M(638M) 1.248ms
[898.301s][info][gc,cpu         ] GC(2500) User=0.00s Sys=0.00s Real=0.00s
[899.361s][info][gc,start       ] GC(2501) Pause Young (Allocation Failure)
[899.363s][info][gc,heap        ] GC(2501) PSYoungGen: 270400K(281600K)->32K(260608K) Eden: 270336K(270336K)->0K(260096K) From: 64K(11264K)->32K(512K)
[899.363s][info][gc,heap        ] GC(2501) ParOldGen: 371778K(372224K)->371794K(372224K)
[899.363s][info][gc,metaspace   ] GC(2501) Metaspace: 35686K(36416K)->35686K(36416K) NonClass: 26475K(27008K)->26475K(27008K) Class: 9210K(9408K)->9210K(9408K)
[899.363s][info][gc             ] GC(2501) Pause Young (Allocation Failure) 627M->363M(618M) 2.317ms
[899.363s][info][gc,cpu         ] GC(2501) User=0.00s Sys=0.00s Real=0.00s
[899.597s][info][gc,start       ] GC(2502) Pause Young (Allocation Failure)
[899.599s][info][gc,heap        ] GC(2502) PSYoungGen: 260128K(260608K)->64K(260096K) Eden: 260096K(260096K)->0K(250368K) From: 32K(512K)->64K(9728K)
[899.599s][info][gc,heap        ] GC(2502) ParOldGen: 371794K(372224K)->371802K(372224K)
[899.599s][info][gc,metaspace   ] GC(2502) Metaspace: 35686K(36416K)->35686K(36416K) NonClass: 26475K(27008K)->26475K(27008K) Class: 9210K(9408K)->9210K(9408K)
[899.599s][info][gc             ] GC(2502) Pause Young (Allocation Failure) 617M->363M(617M) 1.215ms
[899.599s][info][gc,cpu         ] GC(2502) User=0.00s Sys=0.00s Real=0.01s
[899.947s][info][gc,start       ] GC(2503) Pause Young (Allocation Failure)
[899.950s][info][gc,heap        ] GC(2503) PSYoungGen: 250432K(260096K)->64K(241664K) Eden: 250368K(250368K)->0K(241152K) From: 64K(9728K)->64K(512K)
[899.950s][info][gc,heap        ] GC(2503) ParOldGen: 371802K(372224K)->371818K(372224K)
[899.950s][info][gc,metaspace   ] GC(2503) Metaspace: 35686K(36416K)->35686K(36416K) NonClass: 26475K(27008K)->26475K(27008K) Class: 9210K(9408K)->9210K(9408K)
[899.950s][info][gc             ] GC(2503) Pause Young (Allocation Failure) 607M->363M(599M) 2.738ms
[899.950s][info][gc,cpu         ] GC(2503) User=0.00s Sys=0.01s Real=0.01s
[900.026s][info][gc,start       ] GC(2504) Pause Young (Allocation Failure)
[900.028s][info][gc,heap        ] GC(2504) PSYoungGen: 241216K(241664K)->64K(240640K) Eden: 241152K(241152K)->0K(231936K) From: 64K(512K)->64K(8704K)
[900.028s][info][gc,heap        ] GC(2504) ParOldGen: 371818K(372224K)->371834K(372224K)
[900.028s][info][gc,metaspace   ] GC(2504) Metaspace: 35686K(36416K)->35686K(36416K) NonClass: 26475K(27008K)->26475K(27008K) Class: 9210K(9408K)->9210K(9408K)
[900.028s][info][gc             ] GC(2504) Pause Young (Allocation Failure) 598M->363M(598M) 1.769ms
[900.028s][info][gc,cpu         ] GC(2504) User=0.00s Sys=0.00s Real=0.00s
[900.540s][info][gc,start       ] GC(2505) Pause Young (Allocation Failure)
[900.542s][info][gc,heap        ] GC(2505) PSYoungGen: 232000K(240640K)->64K(223744K) Eden: 231936K(231936K)->0K(223232K) From: 64K(8704K)->64K(512K)
[900.542s][info][gc,heap        ] GC(2505) ParOldGen: 371834K(372224K)->371850K(372224K)
[900.542s][info][gc,metaspace   ] GC(2505) Metaspace: 35686K(36416K)->35686K(36416K) NonClass: 26475K(27008K)->26475K(27008K) Class: 9210K(9408K)->9210K(9408K)
[900.542s][info][gc             ] GC(2505) Pause Young (Allocation Failure) 589M->363M(582M) 2.342ms
[900.542s][info][gc,cpu         ] GC(2505) User=0.00s Sys=0.00s Real=0.00s
[900.761s][info][gc,start       ] GC(2506) Pause Young (Allocation Failure)
[900.763s][info][gc,heap        ] GC(2506) PSYoungGen: 223296K(223744K)->64K(222720K) Eden: 223232K(223232K)->0K(215040K) From: 64K(512K)->64K(7680K)
[900.763s][info][gc,heap        ] GC(2506) ParOldGen: 371850K(372224K)->371866K(372224K)
[900.763s][info][gc,metaspace   ] GC(2506) Metaspace: 35686K(36416K)->35686K(36416K) NonClass: 26475K(27008K)->26475K(27008K) Class: 9210K(9408K)->9210K(9408K)
[900.763s][info][gc             ] GC(2506) Pause Young (Allocation Failure) 581M->363M(581M) 1.930ms
[900.763s][info][gc,cpu         ] GC(2506) User=0.00s Sys=0.00s Real=0.00s
[901.103s][info][gc,start       ] GC(2507) Pause Young (Allocation Failure)
[901.120s][info][gc,heap        ] GC(2507) PSYoungGen: 215104K(222720K)->7168K(263168K) Eden: 215040K(215040K)->0K(256000K) From: 64K(7680K)->7168K(7168K)
[901.120s][info][gc,heap        ] GC(2507) ParOldGen: 371866K(372224K)->374162K(374272K)
[901.120s][info][gc,metaspace   ] GC(2507) Metaspace: 35686K(36416K)->35686K(36416K) NonClass: 26475K(27008K)->26475K(27008K) Class: 9210K(9408K)->9210K(9408K)
[901.120s][info][gc             ] GC(2507) Pause Young (Allocation Failure) 573M->372M(622M) 17.059ms
[901.120s][info][gc,cpu         ] GC(2507) User=0.03s Sys=0.00s Real=0.02s
[901.456s][info][gc,start       ] GC(2508) Pause Young (Allocation Failure)
[901.511s][info][gc,heap        ] GC(2508) PSYoungGen: 263168K(263168K)->9728K(269824K) Eden: 256000K(256000K)->0K(260096K) From: 7168K(7168K)->9728K(9728K)
[901.511s][info][gc,heap        ] GC(2508) ParOldGen: 374162K(374272K)->393674K(393728K)
[901.511s][info][gc,metaspace   ] GC(2508) Metaspace: 35686K(36416K)->35686K(36416K) NonClass: 26475K(27008K)->26475K(27008K) Class: 9210K(9408K)->9210K(9408K)
[901.511s][info][gc             ] GC(2508) Pause Young (Allocation Failure) 622M->393M(648M) 55.280ms
[901.511s][info][gc,cpu         ] GC(2508) User=0.09s Sys=0.01s Real=0.06s
[901.799s][info][gc,start       ] GC(2509) Pause Young (Allocation Failure)
[901.851s][info][gc,heap        ] GC(2509) PSYoungGen: 269824K(269824K)->18944K(302592K) Eden: 260096K(260096K)->0K(283648K) From: 9728K(9728K)->18944K(18944K)
[901.851s][info][gc,heap        ] GC(2509) ParOldGen: 393674K(393728K)->399258K(399360K)
[901.851s][info][gc,metaspace   ] GC(2509) Metaspace: 35686K(36416K)->35686K(36416K) NonClass: 26475K(27008K)->26475K(27008K) Class: 9210K(9408K)->9210K(9408K)
[901.851s][info][gc             ] GC(2509) Pause Young (Allocation Failure) 647M->408M(685M) 52.854ms
[901.851s][info][gc,cpu         ] GC(2509) User=0.10s Sys=0.01s Real=0.05s
[902.004s][info][gc,start       ] GC(2510) Pause Young (Allocation Failure)
[902.007s][info][gc,heap        ] GC(2510) PSYoungGen: 302592K(302592K)->64K(308736K) Eden: 283648K(283648K)->0K(283648K) From: 18944K(18944K)->64K(25088K)
[902.007s][info][gc,heap        ] GC(2510) ParOldGen: 399258K(399360K)->399402K(399872K)
[902.007s][info][gc,metaspace   ] GC(2510) Metaspace: 35686K(36416K)->35686K(36416K) NonClass: 26475K(27008K)->26475K(27008K) Class: 9210K(9408K)->9210K(9408K)
[902.007s][info][gc             ] GC(2510) Pause Young (Allocation Failure) 685M->390M(692M) 2.944ms
[902.007s][info][gc,cpu         ] GC(2510) User=0.00s Sys=0.00s Real=0.00s
[902.695s][info][gc,start       ] GC(2511) Pause Young (Allocation Failure)
[902.697s][info][gc,heap        ] GC(2511) PSYoungGen: 283712K(308736K)->64K(306688K) Eden: 283648K(283648K)->0K(284672K) From: 64K(25088K)->64K(22016K)
[902.697s][info][gc,heap        ] GC(2511) ParOldGen: 399402K(399872K)->399418K(399872K)
[902.697s][info][gc,metaspace   ] GC(2511) Metaspace: 35686K(36416K)->35686K(36416K) NonClass: 26475K(27008K)->26475K(27008K) Class: 9210K(9408K)->9210K(9408K)
[902.697s][info][gc             ] GC(2511) Pause Young (Allocation Failure) 667M->390M(690M) 1.572ms
[902.697s][info][gc,cpu         ] GC(2511) User=0.00s Sys=0.00s Real=0.00s
[903.192s][info][gc,start       ] GC(2512) Pause Young (Allocation Failure)
[903.193s][info][gc,heap        ] GC(2512) PSYoungGen: 284736K(306688K)->64K(308224K) Eden: 284672K(284672K)->0K(284672K) From: 64K(22016K)->64K(23552K)
[903.193s][info][gc,heap        ] GC(2512) ParOldGen: 399418K(399872K)->399418K(399872K)
[903.193s][info][gc,metaspace   ] GC(2512) Metaspace: 35686K(36416K)->35686K(36416K) NonClass: 26475K(27008K)->26475K(27008K) Class: 9210K(9408K)->9210K(9408K)
[903.193s][info][gc             ] GC(2512) Pause Young (Allocation Failure) 668M->390M(691M) 1.432ms
[903.193s][info][gc,cpu         ] GC(2512) User=0.01s Sys=0.00s Real=0.00s
[903.426s][info][gc,start       ] GC(2513) Pause Young (Allocation Failure)
[903.428s][info][gc,heap        ] GC(2513) PSYoungGen: 284736K(308224K)->64K(307712K) Eden: 284672K(284672K)->0K(287744K) From: 64K(23552K)->64K(19968K)
[903.428s][info][gc,heap        ] GC(2513) ParOldGen: 399418K(399872K)->399434K(399872K)
[903.428s][info][gc,metaspace   ] GC(2513) Metaspace: 35686K(36416K)->35686K(36416K) NonClass: 26475K(27008K)->26475K(27008K) Class: 9210K(9408K)->9210K(9408K)
[903.428s][info][gc             ] GC(2513) Pause Young (Allocation Failure) 668M->390M(691M) 1.494ms
[903.428s][info][gc,cpu         ] GC(2513) User=0.00s Sys=0.00s Real=0.00s
[903.666s][info][gc,start       ] GC(2514) Pause Young (Allocation Failure)
[903.667s][info][gc,heap        ] GC(2514) PSYoungGen: 287808K(307712K)->64K(309248K) Eden: 287744K(287744K)->0K(287744K) From: 64K(19968K)->64K(21504K)
[903.667s][info][gc,heap        ] GC(2514) ParOldGen: 399434K(399872K)->399434K(399872K)
[903.667s][info][gc,metaspace   ] GC(2514) Metaspace: 35686K(36416K)->35686K(36416K) NonClass: 26475K(27008K)->26475K(27008K) Class: 9210K(9408K)->9210K(9408K)
[903.667s][info][gc             ] GC(2514) Pause Young (Allocation Failure) 671M->390M(692M) 1.244ms
[903.667s][info][gc,cpu         ] GC(2514) User=0.00s Sys=0.00s Real=0.00s
[904.027s][info][gc,start       ] GC(2515) Pause Young (Allocation Failure)
[904.028s][info][gc,heap        ] GC(2515) PSYoungGen: 287808K(309248K)->64K(309760K) Eden: 287744K(287744K)->0K(291840K) From: 64K(21504K)->64K(17920K)
[904.028s][info][gc,heap        ] GC(2515) ParOldGen: 399434K(399872K)->399434K(399872K)
[904.028s][info][gc,metaspace   ] GC(2515) Metaspace: 35686K(36416K)->35686K(36416K) NonClass: 26475K(27008K)->26475K(27008K) Class: 9210K(9408K)->9210K(9408K)
[904.028s][info][gc             ] GC(2515) Pause Young (Allocation Failure) 671M->390M(693M) 1.275ms
[904.028s][info][gc,cpu         ] GC(2515) User=0.00s Sys=0.00s Real=0.00s
[904.081s][info][gc,start       ] GC(2516) Pause Young (Allocation Failure)
[904.082s][info][gc,heap        ] GC(2516) PSYoungGen: 291904K(309760K)->64K(311296K) Eden: 291840K(291840K)->0K(291840K) From: 64K(17920K)->64K(19456K)
[904.082s][info][gc,heap        ] GC(2516) ParOldGen: 399434K(399872K)->399450K(399872K)
[904.082s][info][gc,metaspace   ] GC(2516) Metaspace: 35686K(36416K)->35686K(36416K) NonClass: 26475K(27008K)->26475K(27008K) Class: 9210K(9408K)->9210K(9408K)
[904.082s][info][gc             ] GC(2516) Pause Young (Allocation Failure) 675M->390M(694M) 1.195ms
[904.082s][info][gc,cpu         ] GC(2516) User=0.00s Sys=0.00s Real=0.00s
[904.132s][info][gc,start       ] GC(2517) Pause Young (Allocation Failure)
[904.134s][info][gc,heap        ] GC(2517) PSYoungGen: 291904K(311296K)->32K(311808K) Eden: 291840K(291840K)->0K(295936K) From: 64K(19456K)->32K(15872K)
[904.134s][info][gc,heap        ] GC(2517) ParOldGen: 399450K(399872K)->399450K(399872K)
[904.134s][info][gc,metaspace   ] GC(2517) Metaspace: 35686K(36416K)->35686K(36416K) NonClass: 26475K(27008K)->26475K(27008K) Class: 9210K(9408K)->9210K(9408K)
[904.134s][info][gc             ] GC(2517) Pause Young (Allocation Failure) 675M->390M(695M) 1.360ms
[904.134s][info][gc,cpu         ] GC(2517) User=0.00s Sys=0.00s Real=0.00s
[904.395s][info][gc,start       ] GC(2518) Pause Young (Allocation Failure)
[904.396s][info][gc,heap        ] GC(2518) PSYoungGen: 295968K(311808K)->64K(313344K) Eden: 295936K(295936K)->0K(295936K) From: 32K(15872K)->64K(17408K)
[904.396s][info][gc,heap        ] GC(2518) ParOldGen: 399450K(399872K)->399450K(399872K)
[904.396s][info][gc,metaspace   ] GC(2518) Metaspace: 35686K(36416K)->35686K(36416K) NonClass: 26475K(27008K)->26475K(27008K) Class: 9210K(9408K)->9210K(9408K)
[904.396s][info][gc             ] GC(2518) Pause Young (Allocation Failure) 679M->390M(696M) 1.277ms
[904.396s][info][gc,cpu         ] GC(2518) User=0.00s Sys=0.00s Real=0.00s
[904.664s][info][gc,start       ] GC(2519) Pause Young (Allocation Failure)
[904.666s][info][gc,heap        ] GC(2519) PSYoungGen: 296000K(313344K)->64K(313856K) Eden: 295936K(295936K)->0K(300032K) From: 64K(17408K)->64K(13824K)
[904.666s][info][gc,heap        ] GC(2519) ParOldGen: 399450K(399872K)->399458K(399872K)
[904.666s][info][gc,metaspace   ] GC(2519) Metaspace: 35686K(36416K)->35686K(36416K) NonClass: 26475K(27008K)->26475K(27008K) Class: 9210K(9408K)->9210K(9408K)
[904.666s][info][gc             ] GC(2519) Pause Young (Allocation Failure) 679M->390M(697M) 1.367ms
[904.666s][info][gc,cpu         ] GC(2519) User=0.00s Sys=0.00s Real=0.00s
[904.782s][info][gc,start       ] GC(2520) Pause Young (Allocation Failure)
[904.783s][info][gc,heap        ] GC(2520) PSYoungGen: 300096K(313856K)->64K(315392K) Eden: 300032K(300032K)->0K(300032K) From: 64K(13824K)->64K(15360K)
[904.783s][info][gc,heap        ] GC(2520) ParOldGen: 399458K(399872K)->399466K(399872K)
[904.783s][info][gc,metaspace   ] GC(2520) Metaspace: 35686K(36416K)->35686K(36416K) NonClass: 26475K(27008K)->26475K(27008K) Class: 9210K(9408K)->9210K(9408K)
[904.783s][info][gc             ] GC(2520) Pause Young (Allocation Failure) 683M->390M(698M) 1.301ms
[904.783s][info][gc,cpu         ] GC(2520) User=0.01s Sys=0.00s Real=0.00s
[904.911s][info][gc,start       ] GC(2521) Pause Young (Allocation Failure)
[904.913s][info][gc,heap        ] GC(2521) PSYoungGen: 300096K(315392K)->64K(315904K) Eden: 300032K(300032K)->0K(303616K) From: 64K(15360K)->64K(12288K)
[904.913s][info][gc,heap        ] GC(2521) ParOldGen: 399466K(399872K)->399474K(399872K)
[904.913s][info][gc,metaspace   ] GC(2521) Metaspace: 35686K(36416K)->35686K(36416K) NonClass: 26475K(27008K)->26475K(27008K) Class: 9210K(9408K)->9210K(9408K)
[904.913s][info][gc             ] GC(2521) Pause Young (Allocation Failure) 683M->390M(699M) 1.219ms
[904.913s][info][gc,cpu         ] GC(2521) User=0.00s Sys=0.00s Real=0.00s
[905.300s][info][gc,start       ] GC(2522) Pause Young (Allocation Failure)
[905.301s][info][gc,heap        ] GC(2522) PSYoungGen: 303680K(315904K)->64K(317440K) Eden: 303616K(303616K)->0K(303616K) From: 64K(12288K)->64K(13824K)
[905.301s][info][gc,heap        ] GC(2522) ParOldGen: 399474K(399872K)->399482K(399872K)
[905.301s][info][gc,metaspace   ] GC(2522) Metaspace: 35686K(36416K)->35686K(36416K) NonClass: 26475K(27008K)->26475K(27008K) Class: 9210K(9408K)->9210K(9408K)
[905.301s][info][gc             ] GC(2522) Pause Young (Allocation Failure) 686M->390M(700M) 1.380ms
[905.301s][info][gc,cpu         ] GC(2522) User=0.00s Sys=0.00s Real=0.00s
[905.948s][info][gc,start       ] GC(2523) Pause Young (Allocation Failure)
[905.950s][info][gc,heap        ] GC(2523) PSYoungGen: 303680K(317440K)->83K(292352K) Eden: 303616K(303616K)->0K(291840K) From: 64K(13824K)->83K(512K)
[905.950s][info][gc,heap        ] GC(2523) ParOldGen: 399482K(399872K)->399490K(399872K)
[905.950s][info][gc,metaspace   ] GC(2523) Metaspace: 35686K(36416K)->35686K(36416K) NonClass: 26475K(27008K)->26475K(27008K) Class: 9210K(9408K)->9210K(9408K)
[905.950s][info][gc             ] GC(2523) Pause Young (Allocation Failure) 686M->390M(676M) 1.887ms
[905.950s][info][gc,cpu         ] GC(2523) User=0.01s Sys=0.00s Real=0.01s
[906.869s][info][gc,start       ] GC(2524) Pause Young (Allocation Failure)
[906.870s][info][gc,heap        ] GC(2524) PSYoungGen: 291923K(292352K)->64K(292864K) Eden: 291840K(291840K)->0K(280576K) From: 83K(512K)->64K(12288K)
[906.870s][info][gc,heap        ] GC(2524) ParOldGen: 399490K(399872K)->399506K(399872K)
[906.870s][info][gc,metaspace   ] GC(2524) Metaspace: 35686K(36416K)->35686K(36416K) NonClass: 26475K(27008K)->26475K(27008K) Class: 9210K(9408K)->9210K(9408K)
[906.870s][info][gc             ] GC(2524) Pause Young (Allocation Failure) 675M->390M(676M) 1.275ms
[906.870s][info][gc,cpu         ] GC(2524) User=0.00s Sys=0.00s Real=0.00s
[907.309s][info][gc,start       ] GC(2525) Pause Young (Allocation Failure)
[907.310s][info][gc,heap        ] GC(2525) PSYoungGen: 280640K(292864K)->64K(270336K) Eden: 280576K(280576K)->0K(269824K) From: 64K(12288K)->64K(512K)
[907.310s][info][gc,heap        ] GC(2525) ParOldGen: 399506K(399872K)->399514K(399872K)
[907.310s][info][gc,metaspace   ] GC(2525) Metaspace: 35686K(36416K)->35686K(36416K) NonClass: 26475K(27008K)->26475K(27008K) Class: 9210K(9408K)->9210K(9408K)
[907.310s][info][gc             ] GC(2525) Pause Young (Allocation Failure) 664M->390M(654M) 1.697ms
[907.310s][info][gc,cpu         ] GC(2525) User=0.00s Sys=0.00s Real=0.00s
[908.315s][info][gc,start       ] GC(2526) Pause Young (Allocation Failure)
[908.316s][info][gc,heap        ] GC(2526) PSYoungGen: 269888K(270336K)->64K(270336K) Eden: 269824K(269824K)->0K(259584K) From: 64K(512K)->64K(10752K)
[908.316s][info][gc,heap        ] GC(2526) ParOldGen: 399514K(399872K)->399522K(399872K)
[908.316s][info][gc,metaspace   ] GC(2526) Metaspace: 35686K(36416K)->35686K(36416K) NonClass: 26475K(27008K)->26475K(27008K) Class: 9210K(9408K)->9210K(9408K)
[908.316s][info][gc             ] GC(2526) Pause Young (Allocation Failure) 653M->390M(654M) 1.350ms
[908.316s][info][gc,cpu         ] GC(2526) User=0.01s Sys=0.00s Real=0.00s
[908.657s][info][gc,start       ] GC(2527) Pause Young (Allocation Failure)
[908.658s][info][gc,heap        ] GC(2527) PSYoungGen: 259648K(270336K)->64K(250368K) Eden: 259584K(259584K)->0K(249856K) From: 64K(10752K)->64K(512K)
[908.658s][info][gc,heap        ] GC(2527) ParOldGen: 399522K(399872K)->399530K(399872K)
[908.658s][info][gc,metaspace   ] GC(2527) Metaspace: 35686K(36416K)->35686K(36416K) NonClass: 26475K(27008K)->26475K(27008K) Class: 9210K(9408K)->9210K(9408K)
[908.658s][info][gc             ] GC(2527) Pause Young (Allocation Failure) 643M->390M(635M) 1.425ms
[908.658s][info][gc,cpu         ] GC(2527) User=0.00s Sys=0.00s Real=0.00s
[908.787s][info][gc,start       ] GC(2528) Pause Young (Allocation Failure)
[908.788s][info][gc,heap        ] GC(2528) PSYoungGen: 249920K(250368K)->64K(249856K) Eden: 249856K(249856K)->0K(240640K) From: 64K(512K)->64K(9216K)
[908.788s][info][gc,heap        ] GC(2528) ParOldGen: 399530K(399872K)->399538K(399872K)
[908.788s][info][gc,metaspace   ] GC(2528) Metaspace: 35686K(36416K)->35686K(36416K) NonClass: 26475K(27008K)->26475K(27008K) Class: 9210K(9408K)->9210K(9408K)
[908.788s][info][gc             ] GC(2528) Pause Young (Allocation Failure) 634M->390M(634M) 1.256ms
[908.788s][info][gc,cpu         ] GC(2528) User=0.00s Sys=0.00s Real=0.00s
[909.129s][info][gc,start       ] GC(2529) Pause Young (Allocation Failure)
[909.130s][info][gc,heap        ] GC(2529) PSYoungGen: 240704K(249856K)->64K(231936K) Eden: 240640K(240640K)->0K(231424K) From: 64K(9216K)->64K(512K)
[909.131s][info][gc,heap        ] GC(2529) ParOldGen: 399538K(399872K)->399546K(399872K)
[909.131s][info][gc,metaspace   ] GC(2529) Metaspace: 35686K(36416K)->35686K(36416K) NonClass: 26475K(27008K)->26475K(27008K) Class: 9210K(9408K)->9210K(9408K)
[909.131s][info][gc             ] GC(2529) Pause Young (Allocation Failure) 625M->390M(617M) 1.763ms
[909.131s][info][gc,cpu         ] GC(2529) User=0.00s Sys=0.00s Real=0.00s
[909.479s][info][gc,start       ] GC(2530) Pause Young (Allocation Failure)
[909.481s][info][gc,heap        ] GC(2530) PSYoungGen: 231488K(231936K)->64K(230400K) Eden: 231424K(231424K)->0K(222720K) From: 64K(512K)->64K(7680K)
[909.481s][info][gc,heap        ] GC(2530) ParOldGen: 399546K(399872K)->399554K(399872K)
[909.481s][info][gc,metaspace   ] GC(2530) Metaspace: 35686K(36416K)->35686K(36416K) NonClass: 26475K(27008K)->26475K(27008K) Class: 9210K(9408K)->9210K(9408K)
[909.481s][info][gc             ] GC(2530) Pause Young (Allocation Failure) 616M->390M(615M) 1.493ms
[909.481s][info][gc,cpu         ] GC(2530) User=0.00s Sys=0.00s Real=0.00s
[909.816s][info][gc,start       ] GC(2531) Pause Young (Allocation Failure)
[909.823s][info][gc,heap        ] GC(2531) PSYoungGen: 222784K(230400K)->2016K(216576K) Eden: 222720K(222720K)->0K(214528K) From: 64K(7680K)->2016K(2048K)
[909.823s][info][gc,heap        ] GC(2531) ParOldGen: 399554K(399872K)->399562K(399872K)
[909.823s][info][gc,metaspace   ] GC(2531) Metaspace: 35686K(36416K)->35686K(36416K) NonClass: 26475K(27008K)->26475K(27008K) Class: 9210K(9408K)->9210K(9408K)
[909.823s][info][gc             ] GC(2531) Pause Young (Allocation Failure) 607M->392M(602M) 7.599ms
[909.823s][info][gc,cpu         ] GC(2531) User=0.01s Sys=0.00s Real=0.01s
[910.104s][info][gc,start       ] GC(2532) Pause Young (Allocation Failure)
[910.150s][info][gc,heap        ] GC(2532) PSYoungGen: 216544K(216576K)->7168K(263680K) Eden: 214528K(214528K)->0K(256512K) From: 2016K(2048K)->7168K(7168K)
[910.150s][info][gc,heap        ] GC(2532) ParOldGen: 399562K(399872K)->416850K(417280K)
[910.150s][info][gc,metaspace   ] GC(2532) Metaspace: 35686K(36416K)->35686K(36416K) NonClass: 26475K(27008K)->26475K(27008K) Class: 9210K(9408K)->9210K(9408K)
[910.150s][info][gc             ] GC(2532) Pause Young (Allocation Failure) 601M->414M(665M) 45.766ms
[910.150s][info][gc,cpu         ] GC(2532) User=0.08s Sys=0.01s Real=0.05s
[910.484s][info][gc,start       ] GC(2533) Pause Young (Allocation Failure)
[910.544s][info][gc,heap        ] GC(2533) PSYoungGen: 263680K(263680K)->6656K(263168K) Eden: 256512K(256512K)->0K(256512K) From: 7168K(7168K)->6656K(6656K)
[910.544s][info][gc,heap        ] GC(2533) ParOldGen: 416850K(417280K)->439898K(440320K)
[910.544s][info][gc,metaspace   ] GC(2533) Metaspace: 35686K(36416K)->35686K(36416K) NonClass: 26475K(27008K)->26475K(27008K) Class: 9210K(9408K)->9210K(9408K)
[910.544s][info][gc             ] GC(2533) Pause Young (Allocation Failure) 664M->436M(687M) 60.388ms
[910.544s][info][gc,cpu         ] GC(2533) User=0.09s Sys=0.03s Real=0.06s
[910.674s][info][gc,start       ] GC(2534) Pause Young (Allocation Failure)
[910.694s][info][gc,heap        ] GC(2534) PSYoungGen: 263168K(263168K)->7008K(280576K) Eden: 256512K(256512K)->0K(256512K) From: 6656K(6656K)->7008K(24064K)
[910.694s][info][gc,heap        ] GC(2534) ParOldGen: 439898K(440320K)->440522K(440832K)
[910.694s][info][gc,metaspace   ] GC(2534) Metaspace: 35686K(36416K)->35686K(36416K) NonClass: 26475K(27008K)->26475K(27008K) Class: 9210K(9408K)->9210K(9408K)
[910.694s][info][gc             ] GC(2534) Pause Young (Allocation Failure) 686M->437M(704M) 19.964ms
[910.694s][info][gc,cpu         ] GC(2534) User=0.04s Sys=0.00s Real=0.02s
[911.100s][info][gc,start       ] GC(2535) Pause Young (Allocation Failure)
[911.102s][info][gc,heap        ] GC(2535) PSYoungGen: 263520K(280576K)->64K(307200K) Eden: 256512K(256512K)->0K(287232K) From: 7008K(24064K)->64K(19968K)
[911.102s][info][gc,heap        ] GC(2535) ParOldGen: 440522K(440832K)->440530K(440832K)
[911.102s][info][gc,metaspace   ] GC(2535) Metaspace: 35686K(36416K)->35686K(36416K) NonClass: 26475K(27008K)->26475K(27008K) Class: 9210K(9408K)->9210K(9408K)
[911.102s][info][gc             ] GC(2535) Pause Young (Allocation Failure) 687M->430M(730M) 1.567ms
[911.102s][info][gc,cpu         ] GC(2535) User=0.01s Sys=0.00s Real=0.00s
[911.665s][info][gc,start       ] GC(2536) Pause Young (Allocation Failure)
[911.667s][info][gc,heap        ] GC(2536) PSYoungGen: 287296K(307200K)->64K(309248K) Eden: 287232K(287232K)->0K(287232K) From: 64K(19968K)->64K(22016K)
[911.667s][info][gc,heap        ] GC(2536) ParOldGen: 440530K(440832K)->440538K(440832K)
[911.667s][info][gc,metaspace   ] GC(2536) Metaspace: 35686K(36416K)->35686K(36416K) NonClass: 26475K(27008K)->26475K(27008K) Class: 9210K(9408K)->9210K(9408K)
[911.667s][info][gc             ] GC(2536) Pause Young (Allocation Failure) 710M->430M(732M) 1.517ms
[911.667s][info][gc,cpu         ] GC(2536) User=0.00s Sys=0.00s Real=0.00s
[912.098s][info][gc,start       ] GC(2537) Pause Young (Allocation Failure)
[912.100s][info][gc,heap        ] GC(2537) PSYoungGen: 287296K(309248K)->64K(309760K) Eden: 287232K(287232K)->0K(290816K) From: 64K(22016K)->64K(18944K)
[912.100s][info][gc,heap        ] GC(2537) ParOldGen: 440538K(440832K)->440554K(440832K)
[912.100s][info][gc,metaspace   ] GC(2537) Metaspace: 35686K(36416K)->35686K(36416K) NonClass: 26475K(27008K)->26475K(27008K) Class: 9210K(9408K)->9210K(9408K)
[912.100s][info][gc             ] GC(2537) Pause Young (Allocation Failure) 710M->430M(733M) 1.466ms
[912.100s][info][gc,cpu         ] GC(2537) User=0.00s Sys=0.00s Real=0.01s
[912.339s][info][gc,start       ] GC(2538) Pause Young (Allocation Failure)
[912.341s][info][gc,heap        ] GC(2538) PSYoungGen: 290880K(309760K)->64K(311296K) Eden: 290816K(290816K)->0K(290816K) From: 64K(18944K)->64K(20480K)
[912.341s][info][gc,heap        ] GC(2538) ParOldGen: 440554K(440832K)->440570K(440832K)
[912.341s][info][gc,metaspace   ] GC(2538) Metaspace: 35686K(36416K)->35686K(36416K) NonClass: 26475K(27008K)->26475K(27008K) Class: 9210K(9408K)->9210K(9408K)
[912.341s][info][gc             ] GC(2538) Pause Young (Allocation Failure) 714M->430M(734M) 1.431ms
[912.341s][info][gc,cpu         ] GC(2538) User=0.00s Sys=0.00s Real=0.00s
[912.580s][info][gc,start       ] GC(2539) Pause Young (Allocation Failure)
[912.582s][info][gc,heap        ] GC(2539) PSYoungGen: 290880K(311296K)->64K(311808K) Eden: 290816K(290816K)->0K(293888K) From: 64K(20480K)->64K(17920K)
[912.582s][info][gc,heap        ] GC(2539) ParOldGen: 440570K(440832K)->440570K(440832K)
[912.582s][info][gc,metaspace   ] GC(2539) Metaspace: 35686K(36416K)->35686K(36416K) NonClass: 26475K(27008K)->26475K(27008K) Class: 9210K(9408K)->9210K(9408K)
[912.582s][info][gc             ] GC(2539) Pause Young (Allocation Failure) 714M->430M(735M) 1.366ms
[912.582s][info][gc,cpu         ] GC(2539) User=0.00s Sys=0.00s Real=0.00s
[912.857s][info][gc,start       ] GC(2540) Pause Young (Allocation Failure)
[912.858s][info][gc,heap        ] GC(2540) PSYoungGen: 293952K(311808K)->64K(312832K) Eden: 293888K(293888K)->0K(293888K) From: 64K(17920K)->64K(18944K)
[912.858s][info][gc,heap        ] GC(2540) ParOldGen: 440570K(440832K)->440570K(440832K)
[912.858s][info][gc,metaspace   ] GC(2540) Metaspace: 35686K(36416K)->35686K(36416K) NonClass: 26475K(27008K)->26475K(27008K) Class: 9210K(9408K)->9210K(9408K)
[912.858s][info][gc             ] GC(2540) Pause Young (Allocation Failure) 717M->430M(736M) 1.325ms
[912.858s][info][gc,cpu         ] GC(2540) User=0.01s Sys=0.00s Real=0.00s
[912.908s][info][gc,start       ] GC(2541) Pause Young (Allocation Failure)
[912.910s][info][gc,heap        ] GC(2541) PSYoungGen: 293952K(312832K)->64K(312832K) Eden: 293888K(293888K)->0K(296960K) From: 64K(18944K)->64K(15872K)
[912.910s][info][gc,heap        ] GC(2541) ParOldGen: 440570K(440832K)->440586K(440832K)
[912.910s][info][gc,metaspace   ] GC(2541) Metaspace: 35686K(36416K)->35686K(36416K) NonClass: 26475K(27008K)->26475K(27008K) Class: 9210K(9408K)->9210K(9408K)
[912.910s][info][gc             ] GC(2541) Pause Young (Allocation Failure) 717M->430M(736M) 1.373ms
[912.910s][info][gc,cpu         ] GC(2541) User=0.00s Sys=0.00s Real=0.01s
[913.039s][info][gc,start       ] GC(2542) Pause Young (Allocation Failure)
[913.040s][info][gc,heap        ] GC(2542) PSYoungGen: 297024K(312832K)->64K(313856K) Eden: 296960K(296960K)->0K(296960K) From: 64K(15872K)->64K(16896K)
[913.040s][info][gc,heap        ] GC(2542) ParOldGen: 440586K(440832K)->440586K(440832K)
[913.040s][info][gc,metaspace   ] GC(2542) Metaspace: 35686K(36416K)->35686K(36416K) NonClass: 26475K(27008K)->26475K(27008K) Class: 9210K(9408K)->9210K(9408K)
[913.040s][info][gc             ] GC(2542) Pause Young (Allocation Failure) 720M->430M(737M) 1.405ms
[913.040s][info][gc,cpu         ] GC(2542) User=0.01s Sys=0.00s Real=0.00s
[913.354s][info][gc,start       ] GC(2543) Pause Young (Allocation Failure)
[913.355s][info][gc,heap        ] GC(2543) PSYoungGen: 297024K(313856K)->64K(315904K) Eden: 296960K(296960K)->0K(301056K) From: 64K(16896K)->64K(14848K)
[913.356s][info][gc,heap        ] GC(2543) ParOldGen: 440586K(440832K)->440602K(440832K)
[913.356s][info][gc,metaspace   ] GC(2543) Metaspace: 35686K(36416K)->35686K(36416K) NonClass: 26475K(27008K)->26475K(27008K) Class: 9210K(9408K)->9210K(9408K)
[913.356s][info][gc             ] GC(2543) Pause Young (Allocation Failure) 720M->430M(739M) 1.415ms
[913.356s][info][gc,cpu         ] GC(2543) User=0.00s Sys=0.00s Real=0.00s
[913.542s][info][gc,start       ] GC(2544) Pause Young (Allocation Failure)
[913.543s][info][gc,heap        ] GC(2544) PSYoungGen: 301120K(315904K)->64K(316416K) Eden: 301056K(301056K)->0K(301056K) From: 64K(14848K)->64K(15360K)
[913.543s][info][gc,heap        ] GC(2544) ParOldGen: 440602K(440832K)->440602K(440832K)
[913.543s][info][gc,metaspace   ] GC(2544) Metaspace: 35686K(36416K)->35686K(36416K) NonClass: 26475K(27008K)->26475K(27008K) Class: 9210K(9408K)->9210K(9408K)
[913.543s][info][gc             ] GC(2544) Pause Young (Allocation Failure) 724M->430M(739M) 1.499ms
[913.544s][info][gc,cpu         ] GC(2544) User=0.01s Sys=0.00s Real=0.00s
[913.627s][info][gc,start       ] GC(2545) Pause Young (Allocation Failure)
[913.628s][info][gc,heap        ] GC(2545) PSYoungGen: 301120K(316416K)->64K(316928K) Eden: 301056K(301056K)->0K(304128K) From: 64K(15360K)->64K(12800K)
[913.629s][info][gc,heap        ] GC(2545) ParOldGen: 440602K(440832K)->440618K(440832K)
[913.629s][info][gc,metaspace   ] GC(2545) Metaspace: 35686K(36416K)->35686K(36416K) NonClass: 26475K(27008K)->26475K(27008K) Class: 9210K(9408K)->9210K(9408K)
[913.629s][info][gc             ] GC(2545) Pause Young (Allocation Failure) 724M->430M(740M) 1.333ms
[913.629s][info][gc,cpu         ] GC(2545) User=0.00s Sys=0.00s Real=0.01s
[913.813s][info][gc,start       ] GC(2546) Pause Young (Allocation Failure)
[913.814s][info][gc,heap        ] GC(2546) PSYoungGen: 304192K(316928K)->64K(317440K) Eden: 304128K(304128K)->0K(304128K) From: 64K(12800K)->64K(13312K)
[913.814s][info][gc,heap        ] GC(2546) ParOldGen: 440618K(440832K)->440618K(440832K)
[913.814s][info][gc,metaspace   ] GC(2546) Metaspace: 35686K(36416K)->35686K(36416K) NonClass: 26475K(27008K)->26475K(27008K) Class: 9210K(9408K)->9210K(9408K)
[913.814s][info][gc             ] GC(2546) Pause Young (Allocation Failure) 727M->430M(740M) 1.362ms
[913.814s][info][gc,cpu         ] GC(2546) User=0.00s Sys=0.00s Real=0.00s
[914.723s][info][gc,start       ] GC(2547) Pause Young (Allocation Failure)
[914.725s][info][gc,heap        ] GC(2547) PSYoungGen: 304192K(317440K)->64K(292352K) Eden: 304128K(304128K)->0K(291840K) From: 64K(13312K)->64K(512K)
[914.725s][info][gc,heap        ] GC(2547) ParOldGen: 440618K(440832K)->440626K(440832K)
[914.725s][info][gc,metaspace   ] GC(2547) Metaspace: 35686K(36416K)->35686K(36416K) NonClass: 26475K(27008K)->26475K(27008K) Class: 9210K(9408K)->9210K(9408K)
[914.725s][info][gc             ] GC(2547) Pause Young (Allocation Failure) 727M->430M(716M) 1.444ms
[914.725s][info][gc,cpu         ] GC(2547) User=0.00s Sys=0.00s Real=0.00s
[915.543s][info][gc,start       ] GC(2548) Pause Young (Allocation Failure)
[915.544s][info][gc,heap        ] GC(2548) PSYoungGen: 291904K(292352K)->64K(292352K) Eden: 291840K(291840K)->0K(280576K) From: 64K(512K)->64K(11776K)
[915.544s][info][gc,heap        ] GC(2548) ParOldGen: 440626K(440832K)->440634K(440832K)
[915.544s][info][gc,metaspace   ] GC(2548) Metaspace: 35686K(36416K)->35686K(36416K) NonClass: 26475K(27008K)->26475K(27008K) Class: 9210K(9408K)->9210K(9408K)
[915.544s][info][gc             ] GC(2548) Pause Young (Allocation Failure) 715M->430M(716M) 1.355ms
[915.545s][info][gc,cpu         ] GC(2548) User=0.00s Sys=0.00s Real=0.00s
[915.910s][info][gc,start       ] GC(2549) Pause Young (Allocation Failure)
[915.911s][info][gc,heap        ] GC(2549) PSYoungGen: 280640K(292352K)->64K(270336K) Eden: 280576K(280576K)->0K(269824K) From: 64K(11776K)->64K(512K)
[915.911s][info][gc,heap        ] GC(2549) ParOldGen: 440634K(440832K)->440642K(440832K)
[915.911s][info][gc,metaspace   ] GC(2549) Metaspace: 35686K(36416K)->35686K(36416K) NonClass: 26475K(27008K)->26475K(27008K) Class: 9210K(9408K)->9210K(9408K)
[915.911s][info][gc             ] GC(2549) Pause Young (Allocation Failure) 704M->430M(694M) 1.342ms
[915.911s][info][gc,cpu         ] GC(2549) User=0.00s Sys=0.00s Real=0.00s
[916.963s][info][gc,start       ] GC(2550) Pause Young (Allocation Failure)
[916.964s][info][gc,heap        ] GC(2550) PSYoungGen: 269888K(270336K)->64K(269824K) Eden: 269824K(269824K)->0K(259584K) From: 64K(512K)->64K(10240K)
[916.964s][info][gc,heap        ] GC(2550) ParOldGen: 440642K(440832K)->440650K(440832K)
[916.964s][info][gc,metaspace   ] GC(2550) Metaspace: 35686K(36416K)->35686K(36416K) NonClass: 26475K(27008K)->26475K(27008K) Class: 9210K(9408K)->9210K(9408K)
[916.964s][info][gc             ] GC(2550) Pause Young (Allocation Failure) 693M->430M(694M) 1.391ms
[916.964s][info][gc,cpu         ] GC(2550) User=0.00s Sys=0.00s Real=0.00s
[917.197s][info][gc,start       ] GC(2551) Pause Young (Allocation Failure)
[917.198s][info][gc,heap        ] GC(2551) PSYoungGen: 259648K(269824K)->64K(250368K) Eden: 259584K(259584K)->0K(249856K) From: 64K(10240K)->64K(512K)
[917.198s][info][gc,heap        ] GC(2551) ParOldGen: 440650K(440832K)->440658K(440832K)
[917.198s][info][gc,metaspace   ] GC(2551) Metaspace: 35686K(36416K)->35686K(36416K) NonClass: 26475K(27008K)->26475K(27008K) Class: 9210K(9408K)->9210K(9408K)
[917.198s][info][gc             ] GC(2551) Pause Young (Allocation Failure) 683M->430M(675M) 1.433ms
[917.198s][info][gc,cpu         ] GC(2551) User=0.00s Sys=0.00s Real=0.00s
[917.544s][info][gc,start       ] GC(2552) Pause Young (Allocation Failure)
[917.546s][info][gc,heap        ] GC(2552) PSYoungGen: 249920K(250368K)->64K(249856K) Eden: 249856K(249856K)->0K(240640K) From: 64K(512K)->64K(9216K)
[917.546s][info][gc,heap        ] GC(2552) ParOldGen: 440658K(440832K)->440674K(440832K)
[917.546s][info][gc,metaspace   ] GC(2552) Metaspace: 35686K(36416K)->35686K(36416K) NonClass: 26475K(27008K)->26475K(27008K) Class: 9210K(9408K)->9210K(9408K)
[917.546s][info][gc             ] GC(2552) Pause Young (Allocation Failure) 674M->430M(674M) 2.310ms
[917.546s][info][gc,cpu         ] GC(2552) User=0.00s Sys=0.00s Real=0.00s
[917.625s][info][gc,start       ] GC(2553) Pause Young (Allocation Failure)
[917.628s][info][gc,heap        ] GC(2553) PSYoungGen: 240704K(249856K)->64K(292352K) Eden: 240640K(240640K)->0K(284672K) From: 64K(9216K)->64K(7680K)
[917.628s][info][gc,heap        ] GC(2553) ParOldGen: 440674K(440832K)->440690K(440832K)
[917.628s][info][gc,metaspace   ] GC(2553) Metaspace: 35686K(36416K)->35686K(36416K) NonClass: 26475K(27008K)->26475K(27008K) Class: 9210K(9408K)->9210K(9408K)
[917.628s][info][gc             ] GC(2553) Pause Young (Allocation Failure) 665M->430M(716M) 2.324ms
[917.628s][info][gc,cpu         ] GC(2553) User=0.01s Sys=0.00s Real=0.00s
[918.247s][info][gc,start       ] GC(2554) Pause Young (Allocation Failure)
[918.251s][info][gc,heap        ] GC(2554) PSYoungGen: 284736K(292352K)->64K(273920K) Eden: 284672K(284672K)->0K(273408K) From: 64K(7680K)->64K(512K)
[918.251s][info][gc,heap        ] GC(2554) ParOldGen: 440690K(440832K)->440706K(440832K)
[918.251s][info][gc,metaspace   ] GC(2554) Metaspace: 35686K(36416K)->35686K(36416K) NonClass: 26475K(27008K)->26475K(27008K) Class: 9210K(9408K)->9210K(9408K)
[918.251s][info][gc             ] GC(2554) Pause Young (Allocation Failure) 708M->430M(698M) 3.237ms
[918.251s][info][gc,cpu         ] GC(2554) User=0.00s Sys=0.00s Real=0.01s
[918.541s][info][gc,start       ] GC(2555) Pause Young (Allocation Failure)
[918.544s][info][gc,heap        ] GC(2555) PSYoungGen: 273472K(273920K)->64K(263168K) Eden: 273408K(273408K)->0K(262656K) From: 64K(512K)->64K(512K)
[918.544s][info][gc,heap        ] GC(2555) ParOldGen: 440706K(440832K)->440722K(440832K)
[918.544s][info][gc,metaspace   ] GC(2555) Metaspace: 35686K(36416K)->35686K(36416K) NonClass: 26475K(27008K)->26475K(27008K) Class: 9210K(9408K)->9210K(9408K)
[918.544s][info][gc             ] GC(2555) Pause Young (Allocation Failure) 697M->430M(687M) 2.942ms
[918.544s][info][gc,cpu         ] GC(2555) User=0.00s Sys=0.00s Real=0.00s
[918.907s][info][gc,start       ] GC(2556) Pause Young (Allocation Failure)
[918.962s][info][gc,heap        ] GC(2556) PSYoungGen: 262720K(263168K)->6656K(279552K) Eden: 262656K(262656K)->0K(272896K) From: 64K(512K)->6656K(6656K)
[918.962s][info][gc,heap        ] GC(2556) ParOldGen: 440722K(440832K)->461410K(461824K)
[918.962s][info][gc,metaspace   ] GC(2556) Metaspace: 35686K(36416K)->35686K(36416K) NonClass: 26475K(27008K)->26475K(27008K) Class: 9210K(9408K)->9210K(9408K)
[918.962s][info][gc             ] GC(2556) Pause Young (Allocation Failure) 686M->457M(724M) 54.468ms
[918.962s][info][gc,cpu         ] GC(2556) User=0.09s Sys=0.01s Real=0.06s
[919.317s][info][gc,start       ] GC(2557) Pause Young (Allocation Failure)
[919.386s][info][gc,heap        ] GC(2557) PSYoungGen: 279552K(279552K)->15872K(299520K) Eden: 272896K(272896K)->0K(283648K) From: 6656K(6656K)->15872K(15872K)
[919.386s][info][gc,heap        ] GC(2557) ParOldGen: 461410K(461824K)->477194K(477696K)
[919.386s][info][gc,metaspace   ] GC(2557) Metaspace: 35686K(36416K)->35686K(36416K) NonClass: 26475K(27008K)->26475K(27008K) Class: 9210K(9408K)->9210K(9408K)
[919.386s][info][gc             ] GC(2557) Pause Young (Allocation Failure) 723M->481M(759M) 69.564ms
[919.386s][info][gc,cpu         ] GC(2557) User=0.11s Sys=0.03s Real=0.07s
[919.504s][info][gc,start       ] GC(2558) Pause Young (Allocation Failure)
[919.517s][info][gc,heap        ] GC(2558) PSYoungGen: 299520K(299520K)->4224K(308736K) Eden: 283648K(283648K)->0K(283648K) From: 15872K(15872K)->4224K(25088K)
[919.517s][info][gc,heap        ] GC(2558) ParOldGen: 477194K(477696K)->477610K(477696K)
[919.517s][info][gc,metaspace   ] GC(2558) Metaspace: 35686K(36416K)->35686K(36416K) NonClass: 26475K(27008K)->26475K(27008K) Class: 9210K(9408K)->9210K(9408K)
[919.517s][info][gc             ] GC(2558) Pause Young (Allocation Failure) 758M->470M(768M) 13.140ms
[919.517s][info][gc,cpu         ] GC(2558) User=0.02s Sys=0.00s Real=0.01s
[920.089s][info][gc,start       ] GC(2559) Pause Young (Allocation Failure)
[920.091s][info][gc,heap        ] GC(2559) PSYoungGen: 287872K(308736K)->64K(306176K) Eden: 283648K(283648K)->0K(285184K) From: 4224K(25088K)->64K(20992K)
[920.091s][info][gc,heap        ] GC(2559) ParOldGen: 477610K(477696K)->477618K(477696K)
[920.091s][info][gc,metaspace   ] GC(2559) Metaspace: 35686K(36416K)->35686K(36416K) NonClass: 26475K(27008K)->26475K(27008K) Class: 9210K(9408K)->9210K(9408K)
[920.091s][info][gc             ] GC(2559) Pause Young (Allocation Failure) 747M->466M(765M) 1.782ms
[920.091s][info][gc,cpu         ] GC(2559) User=0.01s Sys=0.00s Real=0.00s
[920.523s][info][gc,start       ] GC(2560) Pause Young (Allocation Failure)
[920.524s][info][gc,heap        ] GC(2560) PSYoungGen: 285248K(306176K)->64K(308224K) Eden: 285184K(285184K)->0K(285184K) From: 64K(20992K)->64K(23040K)
[920.524s][info][gc,heap        ] GC(2560) ParOldGen: 477618K(477696K)->477626K(477696K)
[920.524s][info][gc,metaspace   ] GC(2560) Metaspace: 35686K(36416K)->35686K(36416K) NonClass: 26475K(27008K)->26475K(27008K) Class: 9210K(9408K)->9210K(9408K)
[920.524s][info][gc             ] GC(2560) Pause Young (Allocation Failure) 744M->466M(767M) 1.461ms
[920.524s][info][gc,cpu         ] GC(2560) User=0.00s Sys=0.00s Real=0.00s
[920.956s][info][gc,start       ] GC(2561) Pause Young (Allocation Failure)
[920.958s][info][gc,heap        ] GC(2561) PSYoungGen: 285248K(308224K)->64K(308736K) Eden: 285184K(285184K)->0K(288768K) From: 64K(23040K)->64K(19968K)
[920.958s][info][gc,heap        ] GC(2561) ParOldGen: 477626K(477696K)->477642K(477696K)
[920.958s][info][gc,metaspace   ] GC(2561) Metaspace: 35686K(36416K)->35686K(36416K) NonClass: 26475K(27008K)->26475K(27008K) Class: 9210K(9408K)->9210K(9408K)
[920.958s][info][gc             ] GC(2561) Pause Young (Allocation Failure) 744M->466M(768M) 1.569ms
[920.958s][info][gc,cpu         ] GC(2561) User=0.00s Sys=0.00s Real=0.00s
[921.194s][info][gc,start       ] GC(2562) Pause Young (Allocation Failure)
[921.196s][info][gc,heap        ] GC(2562) PSYoungGen: 288832K(308736K)->64K(310272K) Eden: 288768K(288768K)->0K(288768K) From: 64K(19968K)->64K(21504K)
[921.196s][info][gc,heap        ] GC(2562) ParOldGen: 477642K(477696K)->477658K(477696K)
[921.196s][info][gc,metaspace   ] GC(2562) Metaspace: 35686K(36416K)->35686K(36416K) NonClass: 26475K(27008K)->26475K(27008K) Class: 9210K(9408K)->9210K(9408K)
[921.196s][info][gc             ] GC(2562) Pause Young (Allocation Failure) 748M->466M(769M) 1.485ms
[921.196s][info][gc,cpu         ] GC(2562) User=0.00s Sys=0.00s Real=0.00s
[921.543s][info][gc,start       ] GC(2563) Pause Young (Allocation Failure)
[921.544s][info][gc,heap        ] GC(2563) PSYoungGen: 288832K(310272K)->64K(309760K) Eden: 288768K(288768K)->0K(291840K) From: 64K(21504K)->64K(17920K)
[921.544s][info][gc,heap        ] GC(2563) ParOldGen: 477658K(477696K)->477658K(477696K)
[921.544s][info][gc,metaspace   ] GC(2563) Metaspace: 35686K(36416K)->35686K(36416K) NonClass: 26475K(27008K)->26475K(27008K) Class: 9210K(9408K)->9210K(9408K)
[921.544s][info][gc             ] GC(2563) Pause Young (Allocation Failure) 748M->466M(769M) 1.565ms
[921.544s][info][gc,cpu         ] GC(2563) User=0.00s Sys=0.00s Real=0.00s
[921.664s][info][gc,start       ] GC(2564) Pause Young (Allocation Failure)
[921.665s][info][gc,heap        ] GC(2564) PSYoungGen: 291904K(309760K)->64K(311296K) Eden: 291840K(291840K)->0K(291840K) From: 64K(17920K)->64K(19456K)
[921.665s][info][gc,heap        ] GC(2564) ParOldGen: 477658K(477696K)->477666K(477696K)
[921.665s][info][gc,metaspace   ] GC(2564) Metaspace: 35686K(36416K)->35686K(36416K) NonClass: 26475K(27008K)->26475K(27008K) Class: 9210K(9408K)->9210K(9408K)
[921.665s][info][gc             ] GC(2564) Pause Young (Allocation Failure) 751M->466M(770M) 1.439ms
[921.665s][info][gc,cpu         ] GC(2564) User=0.01s Sys=0.00s Real=0.00s
[921.716s][info][gc,start       ] GC(2565) Pause Young (Allocation Failure)
[921.717s][info][gc,heap        ] GC(2565) PSYoungGen: 291904K(311296K)->64K(311808K) Eden: 291840K(291840K)->0K(295936K) From: 64K(19456K)->64K(15872K)
[921.717s][info][gc,heap        ] GC(2565) ParOldGen: 477666K(477696K)->477682K(477696K)
[921.717s][info][gc,metaspace   ] GC(2565) Metaspace: 35686K(36416K)->35686K(36416K) NonClass: 26475K(27008K)->26475K(27008K) Class: 9210K(9408K)->9210K(9408K)
[921.717s][info][gc             ] GC(2565) Pause Young (Allocation Failure) 751M->466M(771M) 1.406ms
[921.717s][info][gc,cpu         ] GC(2565) User=0.00s Sys=0.00s Real=0.00s
[921.904s][info][gc,start       ] GC(2566) Pause Young (Allocation Failure)
[921.905s][info][gc,heap        ] GC(2566) PSYoungGen: 295999K(311808K)->64K(313344K) Eden: 295935K(295936K)->0K(295936K) From: 64K(15872K)->64K(17408K)
[921.905s][info][gc,heap        ] GC(2566) ParOldGen: 477682K(477696K)->477682K(477696K)
[921.905s][info][gc,metaspace   ] GC(2566) Metaspace: 35686K(36416K)->35686K(36416K) NonClass: 26475K(27008K)->26475K(27008K) Class: 9210K(9408K)->9210K(9408K)
[921.905s][info][gc             ] GC(2566) Pause Young (Allocation Failure) 755M->466M(772M) 1.469ms
[921.905s][info][gc,cpu         ] GC(2566) User=0.00s Sys=0.00s Real=0.00s
[922.203s][info][gc,start       ] GC(2567) Pause Young (Allocation Failure)
[922.205s][info][gc,heap        ] GC(2567) PSYoungGen: 296000K(313344K)->64K(314880K) Eden: 295936K(295936K)->0K(300032K) From: 64K(17408K)->64K(14848K)
[922.205s][info][gc,heap        ] GC(2567) ParOldGen: 477682K(477696K)->477690K(477696K)
[922.205s][info][gc,metaspace   ] GC(2567) Metaspace: 35686K(36416K)->35686K(36416K) NonClass: 26475K(27008K)->26475K(27008K) Class: 9210K(9408K)->9210K(9408K)
[922.205s][info][gc             ] GC(2567) Pause Young (Allocation Failure) 755M->466M(774M) 1.519ms
[922.205s][info][gc,cpu         ] GC(2567) User=0.00s Sys=0.00s Real=0.00s
[922.357s][info][gc,start       ] GC(2568) Pause Young (Allocation Failure)
[922.358s][info][gc,heap        ] GC(2568) PSYoungGen: 300096K(314880K)->64K(315904K) Eden: 300032K(300032K)->0K(300032K) From: 64K(14848K)->64K(15872K)
[922.358s][info][gc,heap        ] GC(2568) ParOldGen: 477690K(477696K)->477698K(478208K)
[922.359s][info][gc,metaspace   ] GC(2568) Metaspace: 35686K(36416K)->35686K(36416K) NonClass: 26475K(27008K)->26475K(27008K) Class: 9210K(9408K)->9210K(9408K)
[922.359s][info][gc             ] GC(2568) Pause Young (Allocation Failure) 759M->466M(775M) 1.461ms
[922.359s][info][gc,cpu         ] GC(2568) User=0.01s Sys=0.00s Real=0.01s
[922.455s][info][gc,start       ] GC(2569) Pause Young (Allocation Failure)
[922.457s][info][gc,heap        ] GC(2569) PSYoungGen: 300096K(315904K)->64K(315904K) Eden: 300032K(300032K)->0K(303104K) From: 64K(15872K)->64K(12800K)
[922.457s][info][gc,heap        ] GC(2569) ParOldGen: 477698K(478208K)->477706K(478208K)
[922.457s][info][gc,metaspace   ] GC(2569) Metaspace: 35686K(36416K)->35686K(36416K) NonClass: 26475K(27008K)->26475K(27008K) Class: 9210K(9408K)->9210K(9408K)
[922.457s][info][gc             ] GC(2569) Pause Young (Allocation Failure) 759M->466M(775M) 1.458ms
[922.457s][info][gc,cpu         ] GC(2569) User=0.01s Sys=0.00s Real=0.00s
[922.648s][info][gc,start       ] GC(2570) Pause Young (Allocation Failure)
[922.650s][info][gc,heap        ] GC(2570) PSYoungGen: 303168K(315904K)->64K(316928K) Eden: 303104K(303104K)->0K(303104K) From: 64K(12800K)->64K(13824K)
[922.650s][info][gc,heap        ] GC(2570) ParOldGen: 477706K(478208K)->477714K(478208K)
[922.650s][info][gc,metaspace   ] GC(2570) Metaspace: 35686K(36416K)->35686K(36416K) NonClass: 26475K(27008K)->26475K(27008K) Class: 9210K(9408K)->9210K(9408K)
[922.650s][info][gc             ] GC(2570) Pause Young (Allocation Failure) 762M->466M(776M) 1.468ms
[922.650s][info][gc,cpu         ] GC(2570) User=0.00s Sys=0.00s Real=0.01s
[923.524s][info][gc,start       ] GC(2571) Pause Young (Allocation Failure)
[923.526s][info][gc,heap        ] GC(2571) PSYoungGen: 303168K(316928K)->83K(291840K) Eden: 303104K(303104K)->0K(291328K) From: 64K(13824K)->83K(512K)
[923.526s][info][gc,heap        ] GC(2571) ParOldGen: 477714K(478208K)->477722K(478208K)
[923.526s][info][gc,metaspace   ] GC(2571) Metaspace: 35686K(36416K)->35686K(36416K) NonClass: 26475K(27008K)->26475K(27008K) Class: 9210K(9408K)->9210K(9408K)
[923.526s][info][gc             ] GC(2571) Pause Young (Allocation Failure) 762M->466M(752M) 2.189ms
[923.526s][info][gc,cpu         ] GC(2571) User=0.00s Sys=0.01s Real=0.00s
[924.393s][info][gc,start       ] GC(2572) Pause Young (Allocation Failure)
[924.395s][info][gc,heap        ] GC(2572) PSYoungGen: 291411K(291840K)->64K(292352K) Eden: 291328K(291328K)->0K(280064K) From: 83K(512K)->64K(12288K)
[924.395s][info][gc,heap        ] GC(2572) ParOldGen: 477722K(478208K)->477730K(478208K)
[924.395s][info][gc,metaspace   ] GC(2572) Metaspace: 35686K(36416K)->35686K(36416K) NonClass: 26475K(27008K)->26475K(27008K) Class: 9210K(9408K)->9210K(9408K)
[924.395s][info][gc             ] GC(2572) Pause Young (Allocation Failure) 751M->466M(752M) 1.608ms
[924.395s][info][gc,cpu         ] GC(2572) User=0.01s Sys=0.00s Real=0.00s
[924.811s][info][gc,start       ] GC(2573) Pause Young (Allocation Failure)
[924.813s][info][gc,heap        ] GC(2573) PSYoungGen: 280128K(292352K)->64K(269824K) Eden: 280064K(280064K)->0K(269312K) From: 64K(12288K)->64K(512K)
[924.813s][info][gc,heap        ] GC(2573) ParOldGen: 477730K(478208K)->477738K(478208K)
[924.813s][info][gc,metaspace   ] GC(2573) Metaspace: 35686K(36416K)->35686K(36416K) NonClass: 26475K(27008K)->26475K(27008K) Class: 9210K(9408K)->9210K(9408K)
[924.813s][info][gc             ] GC(2573) Pause Young (Allocation Failure) 740M->466M(730M) 1.659ms
[924.813s][info][gc,cpu         ] GC(2573) User=0.01s Sys=0.00s Real=0.00s
[925.808s][info][gc,start       ] GC(2574) Pause Young (Allocation Failure)
[925.810s][info][gc,heap        ] GC(2574) PSYoungGen: 269376K(269824K)->64K(269824K) Eden: 269312K(269312K)->0K(259072K) From: 64K(512K)->64K(10752K)
[925.810s][info][gc,heap        ] GC(2574) ParOldGen: 477738K(478208K)->477754K(478208K)
[925.810s][info][gc,metaspace   ] GC(2574) Metaspace: 35686K(36416K)->35686K(36416K) NonClass: 26475K(27008K)->26475K(27008K) Class: 9210K(9408K)->9210K(9408K)
[925.810s][info][gc             ] GC(2574) Pause Young (Allocation Failure) 729M->466M(730M) 2.900ms
[925.811s][info][gc,cpu         ] GC(2574) User=0.00s Sys=0.00s Real=0.01s
[926.194s][info][gc,start       ] GC(2575) Pause Young (Allocation Failure)
[926.196s][info][gc,heap        ] GC(2575) PSYoungGen: 259136K(269824K)->64K(249856K) Eden: 259072K(259072K)->0K(249344K) From: 64K(10752K)->64K(512K)
[926.196s][info][gc,heap        ] GC(2575) ParOldGen: 477754K(478208K)->477762K(478208K)
[926.196s][info][gc,metaspace   ] GC(2575) Metaspace: 35686K(36416K)->35686K(36416K) NonClass: 26475K(27008K)->26475K(27008K) Class: 9210K(9408K)->9210K(9408K)
[926.196s][info][gc             ] GC(2575) Pause Young (Allocation Failure) 719M->466M(711M) 2.823ms
[926.196s][info][gc,cpu         ] GC(2575) User=0.00s Sys=0.00s Real=0.00s
[926.366s][info][gc,start       ] GC(2576) Pause Young (Allocation Failure)
[926.368s][info][gc,heap        ] GC(2576) PSYoungGen: 249408K(249856K)->64K(249344K) Eden: 249344K(249344K)->0K(240128K) From: 64K(512K)->64K(9216K)
[926.369s][info][gc,heap        ] GC(2576) ParOldGen: 477762K(478208K)->477770K(478208K)
[926.369s][info][gc,metaspace   ] GC(2576) Metaspace: 35686K(36416K)->35686K(36416K) NonClass: 26475K(27008K)->26475K(27008K) Class: 9210K(9408K)->9210K(9408K)
[926.369s][info][gc             ] GC(2576) Pause Young (Allocation Failure) 710M->466M(710M) 2.390ms
[926.369s][info][gc,cpu         ] GC(2576) User=0.00s Sys=0.00s Real=0.01s
[926.499s][info][gc,start       ] GC(2577) Pause Young (Allocation Failure)
[926.501s][info][gc,heap        ] GC(2577) PSYoungGen: 240192K(249344K)->64K(291840K) Eden: 240128K(240128K)->0K(283648K) From: 64K(9216K)->64K(8192K)
[926.501s][info][gc,heap        ] GC(2577) ParOldGen: 477770K(478208K)->477778K(478208K)
[926.501s][info][gc,metaspace   ] GC(2577) Metaspace: 35686K(36416K)->35686K(36416K) NonClass: 26475K(27008K)->26475K(27008K) Class: 9210K(9408K)->9210K(9408K)
[926.501s][info][gc             ] GC(2577) Pause Young (Allocation Failure) 701M->466M(752M) 2.294ms
[926.501s][info][gc,cpu         ] GC(2577) User=0.01s Sys=0.00s Real=0.00s
[927.070s][info][gc,start       ] GC(2578) Pause Young (Allocation Failure)
[927.072s][info][gc,heap        ] GC(2578) PSYoungGen: 283712K(291840K)->64K(272896K) Eden: 283648K(283648K)->0K(272384K) From: 64K(8192K)->64K(512K)
[927.072s][info][gc,heap        ] GC(2578) ParOldGen: 477778K(478208K)->477786K(478208K)
[927.072s][info][gc,metaspace   ] GC(2578) Metaspace: 35686K(36416K)->35686K(36416K) NonClass: 26475K(27008K)->26475K(27008K) Class: 9210K(9408K)->9210K(9408K)
[927.072s][info][gc             ] GC(2578) Pause Young (Allocation Failure) 743M->466M(733M) 2.885ms
[927.072s][info][gc,cpu         ] GC(2578) User=0.00s Sys=0.00s Real=0.00s
[927.437s][info][gc,start       ] GC(2579) Pause Young (Allocation Failure)
[927.444s][info][gc,heap        ] GC(2579) PSYoungGen: 272448K(272896K)->3680K(284672K) Eden: 272384K(272384K)->0K(276992K) From: 64K(512K)->3680K(7680K)
[927.444s][info][gc,heap        ] GC(2579) ParOldGen: 477786K(478208K)->477794K(478208K)
[927.444s][info][gc,metaspace   ] GC(2579) Metaspace: 35687K(36416K)->35687K(36416K) NonClass: 26476K(27008K)->26476K(27008K) Class: 9210K(9408K)->9210K(9408K)
[927.444s][info][gc             ] GC(2579) Pause Young (Allocation Failure) 732M->470M(745M) 7.194ms
[927.444s][info][gc,cpu         ] GC(2579) User=0.01s Sys=0.00s Real=0.01s
[927.805s][info][gc,start       ] GC(2580) Pause Young (Allocation Failure)
[927.866s][info][gc,heap        ] GC(2580) PSYoungGen: 280672K(284672K)->7680K(284672K) Eden: 276992K(276992K)->0K(276992K) From: 3680K(7680K)->7680K(7680K)
[927.866s][info][gc,heap        ] GC(2580) ParOldGen: 477794K(478208K)->501690K(501760K)
[927.866s][info][gc,metaspace   ] GC(2580) Metaspace: 35687K(36416K)->35687K(36416K) NonClass: 26476K(27008K)->26476K(27008K) Class: 9210K(9408K)->9210K(9408K)
[927.866s][info][gc             ] GC(2580) Pause Young (Allocation Failure) 740M->497M(768M) 61.419ms
[927.866s][info][gc,cpu         ] GC(2580) User=0.11s Sys=0.01s Real=0.06s
[928.190s][info][gc,start       ] GC(2581) Pause Young (Allocation Failure)
[928.251s][info][gc,heap        ] GC(2581) PSYoungGen: 284672K(284672K)->18432K(300032K) Eden: 276992K(276992K)->0K(281600K) From: 7680K(7680K)->18432K(18432K)
[928.251s][info][gc,heap        ] GC(2581) ParOldGen: 501690K(501760K)->511306K(511488K)
[928.251s][info][gc,metaspace   ] GC(2581) Metaspace: 35687K(36416K)->35687K(36416K) NonClass: 26476K(27008K)->26476K(27008K) Class: 9210K(9408K)->9210K(9408K)
[928.251s][info][gc             ] GC(2581) Pause Young (Allocation Failure) 767M->517M(792M) 61.671ms
[928.251s][info][gc,cpu         ] GC(2581) User=0.10s Sys=0.02s Real=0.06s
[928.367s][info][gc,start       ] GC(2582) Pause Young (Allocation Failure)
[928.371s][info][gc,heap        ] GC(2582) PSYoungGen: 300032K(300032K)->64K(307712K) Eden: 281600K(281600K)->0K(281600K) From: 18432K(18432K)->64K(26112K)
[928.371s][info][gc,heap        ] GC(2582) ParOldGen: 511306K(511488K)->511562K(512000K)
[928.371s][info][gc,metaspace   ] GC(2582) Metaspace: 35687K(36416K)->35687K(36416K) NonClass: 26476K(27008K)->26476K(27008K) Class: 9210K(9408K)->9210K(9408K)
[928.371s][info][gc             ] GC(2582) Pause Young (Allocation Failure) 792M->499M(800M) 4.146ms
[928.371s][info][gc,cpu         ] GC(2582) User=0.00s Sys=0.00s Real=0.01s
[929.057s][info][gc,start       ] GC(2583) Pause Young (Allocation Failure)
[929.059s][info][gc,heap        ] GC(2583) PSYoungGen: 281664K(307712K)->64K(304640K) Eden: 281600K(281600K)->0K(282624K) From: 64K(26112K)->64K(22016K)
[929.059s][info][gc,heap        ] GC(2583) ParOldGen: 511562K(512000K)->511578K(512000K)
[929.059s][info][gc,metaspace   ] GC(2583) Metaspace: 35687K(36416K)->35687K(36416K) NonClass: 26476K(27008K)->26476K(27008K) Class: 9210K(9408K)->9210K(9408K)
[929.059s][info][gc             ] GC(2583) Pause Young (Allocation Failure) 774M->499M(797M) 1.866ms
[929.059s][info][gc,cpu         ] GC(2583) User=0.00s Sys=0.00s Real=0.01s
[929.404s][info][gc,start       ] GC(2584) Pause Young (Allocation Failure)
[929.405s][info][gc,heap        ] GC(2584) PSYoungGen: 282688K(304640K)->64K(306688K) Eden: 282624K(282624K)->0K(282624K) From: 64K(22016K)->64K(24064K)
[929.405s][info][gc,heap        ] GC(2584) ParOldGen: 511578K(512000K)->511578K(512000K)
[929.405s][info][gc,metaspace   ] GC(2584) Metaspace: 35687K(36416K)->35687K(36416K) NonClass: 26476K(27008K)->26476K(27008K) Class: 9210K(9408K)->9210K(9408K)
[929.405s][info][gc             ] GC(2584) Pause Young (Allocation Failure) 775M->499M(799M) 1.484ms
[929.405s][info][gc,cpu         ] GC(2584) User=0.00s Sys=0.00s Real=0.00s
[929.810s][info][gc,start       ] GC(2585) Pause Young (Allocation Failure)
[929.812s][info][gc,heap        ] GC(2585) PSYoungGen: 282688K(306688K)->64K(306688K) Eden: 282624K(282624K)->0K(286720K) From: 64K(24064K)->64K(19968K)
[929.812s][info][gc,heap        ] GC(2585) ParOldGen: 511578K(512000K)->511594K(512000K)
[929.812s][info][gc,metaspace   ] GC(2585) Metaspace: 35687K(36416K)->35687K(36416K) NonClass: 26476K(27008K)->26476K(27008K) Class: 9210K(9408K)->9210K(9408K)
[929.812s][info][gc             ] GC(2585) Pause Young (Allocation Failure) 775M->499M(799M) 1.590ms
[929.812s][info][gc,cpu         ] GC(2585) User=0.00s Sys=0.01s Real=0.00s
[930.046s][info][gc,start       ] GC(2586) Pause Young (Allocation Failure)
[930.048s][info][gc,heap        ] GC(2586) PSYoungGen: 286784K(306688K)->64K(308736K) Eden: 286720K(286720K)->0K(286720K) From: 64K(19968K)->64K(22016K)
[930.048s][info][gc,heap        ] GC(2586) ParOldGen: 511594K(512000K)->511610K(512000K)
[930.048s][info][gc,metaspace   ] GC(2586) Metaspace: 35687K(36416K)->35687K(36416K) NonClass: 26476K(27008K)->26476K(27008K) Class: 9210K(9408K)->9210K(9408K)
[930.048s][info][gc             ] GC(2586) Pause Young (Allocation Failure) 779M->499M(801M) 1.493ms
[930.048s][info][gc,cpu         ] GC(2586) User=0.01s Sys=0.00s Real=0.00s
[930.407s][info][gc,start       ] GC(2587) Pause Young (Allocation Failure)
[930.408s][info][gc,heap        ] GC(2587) PSYoungGen: 286784K(308736K)->64K(308736K) Eden: 286720K(286720K)->0K(290816K) From: 64K(22016K)->64K(17920K)
[930.408s][info][gc,heap        ] GC(2587) ParOldGen: 511610K(512000K)->511610K(512000K)
[930.408s][info][gc,metaspace   ] GC(2587) Metaspace: 35687K(36416K)->35687K(36416K) NonClass: 26476K(27008K)->26476K(27008K) Class: 9210K(9408K)->9210K(9408K)
[930.408s][info][gc             ] GC(2587) Pause Young (Allocation Failure) 779M->499M(801M) 1.539ms
[930.408s][info][gc,cpu         ] GC(2587) User=0.01s Sys=0.00s Real=0.00s
[930.475s][info][gc,start       ] GC(2588) Pause Young (Allocation Failure)
[930.476s][info][gc,heap        ] GC(2588) PSYoungGen: 290880K(308736K)->64K(310784K) Eden: 290816K(290816K)->0K(290816K) From: 64K(17920K)->64K(19968K)
[930.476s][info][gc,heap        ] GC(2588) ParOldGen: 511610K(512000K)->511618K(512000K)
[930.476s][info][gc,metaspace   ] GC(2588) Metaspace: 35687K(36416K)->35687K(36416K) NonClass: 26476K(27008K)->26476K(27008K) Class: 9210K(9408K)->9210K(9408K)
[930.476s][info][gc             ] GC(2588) Pause Young (Allocation Failure) 783M->499M(803M) 1.401ms
[930.476s][info][gc,cpu         ] GC(2588) User=0.00s Sys=0.00s Real=0.00s
[930.526s][info][gc,start       ] GC(2589) Pause Young (Allocation Failure)
[930.527s][info][gc,heap        ] GC(2589) PSYoungGen: 290880K(310784K)->64K(310784K) Eden: 290816K(290816K)->0K(294912K) From: 64K(19968K)->64K(15872K)
[930.528s][info][gc,heap        ] GC(2589) ParOldGen: 511618K(512000K)->511634K(512000K)
[930.528s][info][gc,metaspace   ] GC(2589) Metaspace: 35687K(36416K)->35687K(36416K) NonClass: 26476K(27008K)->26476K(27008K) Class: 9210K(9408K)->9210K(9408K)
[930.528s][info][gc             ] GC(2589) Pause Young (Allocation Failure) 783M->499M(803M) 1.447ms
[930.528s][info][gc,cpu         ] GC(2589) User=0.01s Sys=0.00s Real=0.00s
[930.763s][info][gc,start       ] GC(2590) Pause Young (Allocation Failure)
[930.765s][info][gc,heap        ] GC(2590) PSYoungGen: 294976K(310784K)->64K(312832K) Eden: 294912K(294912K)->0K(294912K) From: 64K(15872K)->64K(17920K)
[930.765s][info][gc,heap        ] GC(2590) ParOldGen: 511634K(512000K)->511634K(512000K)
[930.765s][info][gc,metaspace   ] GC(2590) Metaspace: 35687K(36416K)->35687K(36416K) NonClass: 26476K(27008K)->26476K(27008K) Class: 9210K(9408K)->9210K(9408K)
[930.765s][info][gc             ] GC(2590) Pause Young (Allocation Failure) 787M->499M(805M) 1.470ms
[930.765s][info][gc,cpu         ] GC(2590) User=0.00s Sys=0.00s Real=0.00s
[931.042s][info][gc,start       ] GC(2591) Pause Young (Allocation Failure)
[931.044s][info][gc,heap        ] GC(2591) PSYoungGen: 294976K(312832K)->64K(312832K) Eden: 294912K(294912K)->0K(299008K) From: 64K(17920K)->64K(13824K)
[931.044s][info][gc,heap        ] GC(2591) ParOldGen: 511634K(512000K)->511642K(512000K)
[931.044s][info][gc,metaspace   ] GC(2591) Metaspace: 35687K(36416K)->35687K(36416K) NonClass: 26476K(27008K)->26476K(27008K) Class: 9210K(9408K)->9210K(9408K)
[931.044s][info][gc             ] GC(2591) Pause Young (Allocation Failure) 787M->499M(805M) 1.641ms
[931.044s][info][gc,cpu         ] GC(2591) User=0.00s Sys=0.00s Real=0.00s
[931.172s][info][gc,start       ] GC(2592) Pause Young (Allocation Failure)
[931.173s][info][gc,heap        ] GC(2592) PSYoungGen: 299072K(312832K)->64K(314880K) Eden: 299008K(299008K)->0K(299008K) From: 64K(13824K)->64K(15872K)
[931.173s][info][gc,heap        ] GC(2592) ParOldGen: 511642K(512000K)->511650K(512000K)
[931.173s][info][gc,metaspace   ] GC(2592) Metaspace: 35687K(36416K)->35687K(36416K) NonClass: 26476K(27008K)->26476K(27008K) Class: 9210K(9408K)->9210K(9408K)
[931.173s][info][gc             ] GC(2592) Pause Young (Allocation Failure) 791M->499M(807M) 1.516ms
[931.173s][info][gc,cpu         ] GC(2592) User=0.01s Sys=0.00s Real=0.00s
[931.290s][info][gc,start       ] GC(2593) Pause Young (Allocation Failure)
[931.291s][info][gc,heap        ] GC(2593) PSYoungGen: 299072K(314880K)->64K(315904K) Eden: 299008K(299008K)->0K(303104K) From: 64K(15872K)->64K(12800K)
[931.291s][info][gc,heap        ] GC(2593) ParOldGen: 511650K(512000K)->511658K(512000K)
[931.291s][info][gc,metaspace   ] GC(2593) Metaspace: 35687K(36416K)->35687K(36416K) NonClass: 26476K(27008K)->26476K(27008K) Class: 9210K(9408K)->9210K(9408K)
[931.291s][info][gc             ] GC(2593) Pause Young (Allocation Failure) 791M->499M(808M) 1.480ms
[931.291s][info][gc,cpu         ] GC(2593) User=0.00s Sys=0.00s Real=0.00s
[931.662s][info][gc,start       ] GC(2594) Pause Young (Allocation Failure)
[931.663s][info][gc,heap        ] GC(2594) PSYoungGen: 303168K(315904K)->64K(317440K) Eden: 303104K(303104K)->0K(303104K) From: 64K(12800K)->64K(14336K)
[931.663s][info][gc,heap        ] GC(2594) ParOldGen: 511658K(512000K)->511666K(512000K)
[931.663s][info][gc,metaspace   ] GC(2594) Metaspace: 35687K(36416K)->35687K(36416K) NonClass: 26476K(27008K)->26476K(27008K) Class: 9210K(9408K)->9210K(9408K)
[931.663s][info][gc             ] GC(2594) Pause Young (Allocation Failure) 795M->499M(810M) 1.569ms
[931.663s][info][gc,cpu         ] GC(2594) User=0.00s Sys=0.00s Real=0.00s
[932.333s][info][gc,start       ] GC(2595) Pause Young (Allocation Failure)
[932.335s][info][gc,heap        ] GC(2595) PSYoungGen: 303168K(317440K)->64K(291840K) Eden: 303104K(303104K)->0K(291328K) From: 64K(14336K)->64K(512K)
[932.335s][info][gc,heap        ] GC(2595) ParOldGen: 511666K(512000K)->511674K(512000K)
[932.335s][info][gc,metaspace   ] GC(2595) Metaspace: 35687K(36416K)->35687K(36416K) NonClass: 26476K(27008K)->26476K(27008K) Class: 9210K(9408K)->9210K(9408K)
[932.335s][info][gc             ] GC(2595) Pause Young (Allocation Failure) 795M->499M(785M) 2.047ms
[932.335s][info][gc,cpu         ] GC(2595) User=0.00s Sys=0.00s Real=0.00s
[933.244s][info][gc,start       ] GC(2596) Pause Young (Allocation Failure)
[933.245s][info][gc,heap        ] GC(2596) PSYoungGen: 291392K(291840K)->64K(292352K) Eden: 291328K(291328K)->0K(280064K) From: 64K(512K)->64K(12288K)
[933.245s][info][gc,heap        ] GC(2596) ParOldGen: 511674K(512000K)->511682K(512000K)
[933.245s][info][gc,metaspace   ] GC(2596) Metaspace: 35687K(36416K)->35687K(36416K) NonClass: 26476K(27008K)->26476K(27008K) Class: 9210K(9408K)->9210K(9408K)
[933.245s][info][gc             ] GC(2596) Pause Young (Allocation Failure) 784M->499M(785M) 1.599ms
[933.245s][info][gc,cpu         ] GC(2596) User=0.01s Sys=0.00s Real=0.00s
[933.683s][info][gc,start       ] GC(2597) Pause Young (Allocation Failure)
[933.685s][info][gc,heap        ] GC(2597) PSYoungGen: 280128K(292352K)->64K(269824K) Eden: 280064K(280064K)->0K(269312K) From: 64K(12288K)->64K(512K)
[933.685s][info][gc,heap        ] GC(2597) ParOldGen: 511682K(512000K)->511690K(512000K)
[933.685s][info][gc,metaspace   ] GC(2597) Metaspace: 35687K(36416K)->35687K(36416K) NonClass: 26476K(27008K)->26476K(27008K) Class: 9210K(9408K)->9210K(9408K)
[933.685s][info][gc             ] GC(2597) Pause Young (Allocation Failure) 773M->499M(763M) 1.939ms
[933.685s][info][gc,cpu         ] GC(2597) User=0.00s Sys=0.00s Real=0.00s
[934.664s][info][gc,start       ] GC(2598) Pause Young (Allocation Failure)
[934.666s][info][gc,heap        ] GC(2598) PSYoungGen: 269376K(269824K)->64K(269824K) Eden: 269312K(269312K)->0K(259072K) From: 64K(512K)->64K(10752K)
[934.666s][info][gc,heap        ] GC(2598) ParOldGen: 511690K(512000K)->511698K(512000K)
[934.666s][info][gc,metaspace   ] GC(2598) Metaspace: 35687K(36416K)->35687K(36416K) NonClass: 26476K(27008K)->26476K(27008K) Class: 9210K(9408K)->9210K(9408K)
[934.666s][info][gc             ] GC(2598) Pause Young (Allocation Failure) 762M->499M(763M) 1.562ms
[934.666s][info][gc,cpu         ] GC(2598) User=0.00s Sys=0.00s Real=0.00s
[935.025s][info][gc,start       ] GC(2599) Pause Young (Allocation Failure)
[935.027s][info][gc,heap        ] GC(2599) PSYoungGen: 259136K(269824K)->64K(249856K) Eden: 259072K(259072K)->0K(249344K) From: 64K(10752K)->64K(512K)
[935.027s][info][gc,heap        ] GC(2599) ParOldGen: 511698K(512000K)->511706K(512000K)
[935.027s][info][gc,metaspace   ] GC(2599) Metaspace: 35687K(36416K)->35687K(36416K) NonClass: 26476K(27008K)->26476K(27008K) Class: 9210K(9408K)->9210K(9408K)
[935.027s][info][gc             ] GC(2599) Pause Young (Allocation Failure) 752M->499M(744M) 1.723ms
[935.027s][info][gc,cpu         ] GC(2599) User=0.00s Sys=0.00s Real=0.00s
[935.173s][info][gc,start       ] GC(2600) Pause Young (Allocation Failure)
[935.175s][info][gc,heap        ] GC(2600) PSYoungGen: 249408K(249856K)->64K(249344K) Eden: 249344K(249344K)->0K(240128K) From: 64K(512K)->64K(9216K)
[935.175s][info][gc,heap        ] GC(2600) ParOldGen: 511706K(512000K)->511714K(512000K)
[935.175s][info][gc,metaspace   ] GC(2600) Metaspace: 35687K(36416K)->35687K(36416K) NonClass: 26476K(27008K)->26476K(27008K) Class: 9210K(9408K)->9210K(9408K)
[935.175s][info][gc             ] GC(2600) Pause Young (Allocation Failure) 743M->499M(743M) 2.057ms
[935.175s][info][gc,cpu         ] GC(2600) User=0.00s Sys=0.00s Real=0.00s
[935.434s][info][gc,start       ] GC(2601) Pause Young (Allocation Failure)
[935.437s][info][gc,heap        ] GC(2601) PSYoungGen: 240192K(249344K)->64K(231424K) Eden: 240128K(240128K)->0K(230912K) From: 64K(9216K)->64K(512K)
[935.437s][info][gc,heap        ] GC(2601) ParOldGen: 511714K(512000K)->511722K(512000K)
[935.437s][info][gc,metaspace   ] GC(2601) Metaspace: 35687K(36416K)->35687K(36416K) NonClass: 26476K(27008K)->26476K(27008K) Class: 9210K(9408K)->9210K(9408K)
[935.437s][info][gc             ] GC(2601) Pause Young (Allocation Failure) 734M->499M(726M) 2.422ms
[935.437s][info][gc,cpu         ] GC(2601) User=0.00s Sys=0.00s Real=0.00s
[935.864s][info][gc,start       ] GC(2602) Pause Young (Allocation Failure)
[935.866s][info][gc,heap        ] GC(2602) PSYoungGen: 230976K(231424K)->64K(230400K) Eden: 230912K(230912K)->0K(222208K) From: 64K(512K)->64K(8192K)
[935.866s][info][gc,heap        ] GC(2602) ParOldGen: 511722K(512000K)->511730K(512000K)
[935.866s][info][gc,metaspace   ] GC(2602) Metaspace: 35687K(36416K)->35687K(36416K) NonClass: 26476K(27008K)->26476K(27008K) Class: 9210K(9408K)->9210K(9408K)
[935.866s][info][gc             ] GC(2602) Pause Young (Allocation Failure) 725M->499M(725M) 1.708ms
[935.866s][info][gc,cpu         ] GC(2602) User=0.00s Sys=0.00s Real=0.00s
[936.151s][info][gc,start       ] GC(2603) Pause Young (Allocation Failure)
[936.154s][info][gc,heap        ] GC(2603) PSYoungGen: 222272K(230400K)->64K(214528K) Eden: 222208K(222208K)->0K(214016K) From: 64K(8192K)->64K(512K)
[936.154s][info][gc,heap        ] GC(2603) ParOldGen: 511730K(512000K)->511738K(512000K)
[936.154s][info][gc,metaspace   ] GC(2603) Metaspace: 35687K(36416K)->35687K(36416K) NonClass: 26476K(27008K)->26476K(27008K) Class: 9210K(9408K)->9210K(9408K)
[936.154s][info][gc             ] GC(2603) Pause Young (Allocation Failure) 716M->499M(709M) 2.502ms
[936.154s][info][gc,cpu         ] GC(2603) User=0.00s Sys=0.00s Real=0.00s
[936.448s][info][gc,start       ] GC(2604) Pause Young (Allocation Failure)
[936.492s][info][gc,heap        ] GC(2604) PSYoungGen: 214080K(214528K)->7168K(263168K) Eden: 214016K(214016K)->0K(256000K) From: 64K(512K)->7168K(7168K)
[936.492s][info][gc,heap        ] GC(2604) ParOldGen: 511738K(512000K)->527034K(527360K)
[936.492s][info][gc,metaspace   ] GC(2604) Metaspace: 35687K(36416K)->35687K(36416K) NonClass: 26476K(27008K)->26476K(27008K) Class: 9210K(9408K)->9210K(9408K)
[936.492s][info][gc             ] GC(2604) Pause Young (Allocation Failure) 708M->521M(772M) 44.343ms
[936.492s][info][gc,cpu         ] GC(2604) User=0.07s Sys=0.01s Real=0.05s
[936.825s][info][gc,start       ] GC(2605) Pause Young (Allocation Failure)
[936.885s][info][gc,heap        ] GC(2605) PSYoungGen: 263168K(263168K)->7680K(261632K) Eden: 256000K(256000K)->0K(253952K) From: 7168K(7168K)->7680K(7680K)
[936.885s][info][gc,heap        ] GC(2605) ParOldGen: 527034K(527360K)->548946K(549376K)
[936.885s][info][gc,metaspace   ] GC(2605) Metaspace: 35687K(36416K)->35687K(36416K) NonClass: 26476K(27008K)->26476K(27008K) Class: 9210K(9408K)->9210K(9408K)
[936.885s][info][gc             ] GC(2605) Pause Young (Allocation Failure) 771M->543M(792M) 60.496ms
[936.885s][info][gc,cpu         ] GC(2605) User=0.11s Sys=0.02s Real=0.06s
[937.051s][info][gc,start       ] GC(2606) Pause Young (Allocation Failure)
[937.074s][info][gc,heap        ] GC(2606) PSYoungGen: 261632K(261632K)->11040K(276992K) Eden: 253952K(253952K)->0K(253952K) From: 7680K(7680K)->11040K(23040K)
[937.074s][info][gc,heap        ] GC(2606) ParOldGen: 548946K(549376K)->549538K(549888K)
[937.074s][info][gc,metaspace   ] GC(2606) Metaspace: 35687K(36416K)->35687K(36416K) NonClass: 26476K(27008K)->26476K(27008K) Class: 9210K(9408K)->9210K(9408K)
[937.074s][info][gc             ] GC(2606) Pause Young (Allocation Failure) 791M->547M(807M) 22.197ms
[937.074s][info][gc,cpu         ] GC(2606) User=0.04s Sys=0.00s Real=0.02s
[937.388s][info][gc,start       ] GC(2607) Pause Young (Allocation Failure)
[937.390s][info][gc,heap        ] GC(2607) PSYoungGen: 264992K(276992K)->64K(310272K) Eden: 253952K(253952K)->0K(287232K) From: 11040K(23040K)->64K(23040K)
[937.390s][info][gc,heap        ] GC(2607) ParOldGen: 549538K(549888K)->549546K(549888K)
[937.390s][info][gc,metaspace   ] GC(2607) Metaspace: 35687K(36416K)->35687K(36416K) NonClass: 26476K(27008K)->26476K(27008K) Class: 9210K(9408K)->9210K(9408K)
[937.390s][info][gc             ] GC(2607) Pause Young (Allocation Failure) 795M->536M(840M) 1.725ms
[937.390s][info][gc,cpu         ] GC(2607) User=0.00s Sys=0.00s Real=0.01s
[938.009s][info][gc,start       ] GC(2608) Pause Young (Allocation Failure)
[938.011s][info][gc,heap        ] GC(2608) PSYoungGen: 287296K(310272K)->64K(287744K) Eden: 287232K(287232K)->0K(287232K) From: 64K(23040K)->64K(512K)
[938.011s][info][gc,heap        ] GC(2608) ParOldGen: 549546K(549888K)->549554K(549888K)
[938.011s][info][gc,metaspace   ] GC(2608) Metaspace: 35687K(36416K)->35687K(36416K) NonClass: 26476K(27008K)->26476K(27008K) Class: 9210K(9408K)->9210K(9408K)
[938.011s][info][gc             ] GC(2608) Pause Young (Allocation Failure) 817M->536M(818M) 1.752ms
[938.011s][info][gc,cpu         ] GC(2608) User=0.01s Sys=0.00s Real=0.00s
[938.456s][info][gc,start       ] GC(2609) Pause Young (Allocation Failure)
[938.458s][info][gc,heap        ] GC(2609) PSYoungGen: 287296K(287744K)->64K(310784K) Eden: 287232K(287232K)->0K(288768K) From: 64K(512K)->64K(22016K)
[938.458s][info][gc,heap        ] GC(2609) ParOldGen: 549554K(549888K)->549570K(549888K)
[938.458s][info][gc,metaspace   ] GC(2609) Metaspace: 35687K(36416K)->35687K(36416K) NonClass: 26476K(27008K)->26476K(27008K) Class: 9210K(9408K)->9210K(9408K)
[938.458s][info][gc             ] GC(2609) Pause Young (Allocation Failure) 817M->536M(840M) 1.658ms
[938.458s][info][gc,cpu         ] GC(2609) User=0.00s Sys=0.00s Real=0.00s
[938.695s][info][gc,start       ] GC(2610) Pause Young (Allocation Failure)
[938.697s][info][gc,heap        ] GC(2610) PSYoungGen: 288832K(310784K)->64K(309760K) Eden: 288768K(288768K)->0K(288768K) From: 64K(22016K)->64K(20992K)
[938.697s][info][gc,heap        ] GC(2610) ParOldGen: 549570K(549888K)->549586K(549888K)
[938.697s][info][gc,metaspace   ] GC(2610) Metaspace: 35687K(36416K)->35687K(36416K) NonClass: 26476K(27008K)->26476K(27008K) Class: 9210K(9408K)->9210K(9408K)
[938.697s][info][gc             ] GC(2610) Pause Young (Allocation Failure) 818M->536M(839M) 1.582ms
[938.697s][info][gc,cpu         ] GC(2610) User=0.00s Sys=0.00s Real=0.00s
[938.934s][info][gc,start       ] GC(2611) Pause Young (Allocation Failure)
[938.935s][info][gc,heap        ] GC(2611) PSYoungGen: 288832K(309760K)->64K(311808K) Eden: 288768K(288768K)->0K(291840K) From: 64K(20992K)->64K(19968K)
[938.935s][info][gc,heap        ] GC(2611) ParOldGen: 549586K(549888K)->549586K(549888K)
[938.935s][info][gc,metaspace   ] GC(2611) Metaspace: 35687K(36416K)->35687K(36416K) NonClass: 26476K(27008K)->26476K(27008K) Class: 9210K(9408K)->9210K(9408K)
[938.935s][info][gc             ] GC(2611) Pause Young (Allocation Failure) 818M->536M(841M) 1.607ms
[938.935s][info][gc,cpu         ] GC(2611) User=0.01s Sys=0.00s Real=0.00s
[939.240s][info][gc,start       ] GC(2612) Pause Young (Allocation Failure)
[939.241s][info][gc,heap        ] GC(2612) PSYoungGen: 291904K(311808K)->64K(311296K) Eden: 291840K(291840K)->0K(291840K) From: 64K(19968K)->64K(19456K)
[939.241s][info][gc,heap        ] GC(2612) ParOldGen: 549586K(549888K)->549586K(549888K)
[939.241s][info][gc,metaspace   ] GC(2612) Metaspace: 35687K(36416K)->35687K(36416K) NonClass: 26476K(27008K)->26476K(27008K) Class: 9210K(9408K)->9210K(9408K)
[939.242s][info][gc             ] GC(2612) Pause Young (Allocation Failure) 821M->536M(841M) 1.566ms
[939.242s][info][gc,cpu         ] GC(2612) User=0.00s Sys=0.00s Real=0.00s
[939.291s][info][gc,start       ] GC(2613) Pause Young (Allocation Failure)
[939.293s][info][gc,heap        ] GC(2613) PSYoungGen: 291904K(311296K)->64K(313344K) Eden: 291840K(291840K)->0K(295424K) From: 64K(19456K)->64K(17920K)
[939.293s][info][gc,heap        ] GC(2613) ParOldGen: 549586K(549888K)->549602K(549888K)
[939.293s][info][gc,metaspace   ] GC(2613) Metaspace: 35687K(36416K)->35687K(36416K) NonClass: 26476K(27008K)->26476K(27008K) Class: 9210K(9408K)->9210K(9408K)
[939.293s][info][gc             ] GC(2613) Pause Young (Allocation Failure) 821M->536M(843M) 1.460ms
[939.293s][info][gc,cpu         ] GC(2613) User=0.00s Sys=0.00s Real=0.00s
[939.377s][info][gc,start       ] GC(2614) Pause Young (Allocation Failure)
[939.378s][info][gc,heap        ] GC(2614) PSYoungGen: 295488K(313344K)->64K(312832K) Eden: 295424K(295424K)->0K(295424K) From: 64K(17920K)->64K(17408K)
[939.378s][info][gc,heap        ] GC(2614) ParOldGen: 549602K(549888K)->549602K(549888K)
[939.378s][info][gc,metaspace   ] GC(2614) Metaspace: 35687K(36416K)->35687K(36416K) NonClass: 26476K(27008K)->26476K(27008K) Class: 9210K(9408K)->9210K(9408K)
[939.378s][info][gc             ] GC(2614) Pause Young (Allocation Failure) 825M->536M(842M) 1.494ms
[939.378s][info][gc,cpu         ] GC(2614) User=0.00s Sys=0.00s Real=0.00s
[939.692s][info][gc,start       ] GC(2615) Pause Young (Allocation Failure)
[939.693s][info][gc,heap        ] GC(2615) PSYoungGen: 295488K(312832K)->64K(315392K) Eden: 295424K(295424K)->0K(299008K) From: 64K(17408K)->64K(16384K)
[939.693s][info][gc,heap        ] GC(2615) ParOldGen: 549602K(549888K)->549618K(549888K)
[939.693s][info][gc,metaspace   ] GC(2615) Metaspace: 35687K(36416K)->35687K(36416K) NonClass: 26476K(27008K)->26476K(27008K) Class: 9210K(9408K)->9210K(9408K)
[939.693s][info][gc             ] GC(2615) Pause Young (Allocation Failure) 825M->536M(845M) 1.554ms
[939.693s][info][gc,cpu         ] GC(2615) User=0.00s Sys=0.00s Real=0.00s
[939.919s][info][gc,start       ] GC(2616) Pause Young (Allocation Failure)
[939.921s][info][gc,heap        ] GC(2616) PSYoungGen: 299072K(315392K)->64K(314880K) Eden: 299008K(299008K)->0K(299008K) From: 64K(16384K)->64K(15872K)
[939.921s][info][gc,heap        ] GC(2616) ParOldGen: 549618K(549888K)->549618K(549888K)
[939.921s][info][gc,metaspace   ] GC(2616) Metaspace: 35687K(36416K)->35687K(36416K) NonClass: 26476K(27008K)->26476K(27008K) Class: 9210K(9408K)->9210K(9408K)
[939.921s][info][gc             ] GC(2616) Pause Young (Allocation Failure) 828M->536M(844M) 1.641ms
[939.921s][info][gc,cpu         ] GC(2616) User=0.00s Sys=0.01s Real=0.00s
[940.004s][info][gc,start       ] GC(2617) Pause Young (Allocation Failure)
[940.005s][info][gc,heap        ] GC(2617) PSYoungGen: 299072K(314880K)->64K(316928K) Eden: 299008K(299008K)->0K(302592K) From: 64K(15872K)->64K(14336K)
[940.005s][info][gc,heap        ] GC(2617) ParOldGen: 549618K(549888K)->549634K(549888K)
[940.005s][info][gc,metaspace   ] GC(2617) Metaspace: 35687K(36416K)->35687K(36416K) NonClass: 26476K(27008K)->26476K(27008K) Class: 9210K(9408K)->9210K(9408K)
[940.005s][info][gc             ] GC(2617) Pause Young (Allocation Failure) 828M->536M(846M) 1.525ms
[940.005s][info][gc,cpu         ] GC(2617) User=0.00s Sys=0.00s Real=0.00s
[940.171s][info][gc,start       ] GC(2618) Pause Young (Allocation Failure)
[940.172s][info][gc,heap        ] GC(2618) PSYoungGen: 302656K(316928K)->64K(316416K) Eden: 302592K(302592K)->0K(302592K) From: 64K(14336K)->64K(13824K)
[940.172s][info][gc,heap        ] GC(2618) ParOldGen: 549634K(549888K)->549634K(549888K)
[940.172s][info][gc,metaspace   ] GC(2618) Metaspace: 35687K(36416K)->35687K(36416K) NonClass: 26476K(27008K)->26476K(27008K) Class: 9210K(9408K)->9210K(9408K)
[940.172s][info][gc             ] GC(2618) Pause Young (Allocation Failure) 832M->536M(846M) 1.655ms
[940.172s][info][gc,cpu         ] GC(2618) User=0.00s Sys=0.00s Real=0.00s
[941.112s][info][gc,start       ] GC(2619) Pause Young (Allocation Failure)
[941.114s][info][gc,heap        ] GC(2619) PSYoungGen: 302656K(316416K)->64K(318976K) Eden: 302592K(302592K)->0K(306176K) From: 64K(13824K)->64K(12800K)
[941.114s][info][gc,heap        ] GC(2619) ParOldGen: 549634K(549888K)->549642K(549888K)
[941.114s][info][gc,metaspace   ] GC(2619) Metaspace: 35687K(36416K)->35687K(36416K) NonClass: 26476K(27008K)->26476K(27008K) Class: 9210K(9408K)->9210K(9408K)
[941.114s][info][gc             ] GC(2619) Pause Young (Allocation Failure) 832M->536M(848M) 1.807ms
[941.114s][info][gc,cpu         ] GC(2619) User=0.01s Sys=0.00s Real=0.00s
[941.929s][info][gc,start       ] GC(2620) Pause Young (Allocation Failure)
[941.930s][info][gc,heap        ] GC(2620) PSYoungGen: 306240K(318976K)->64K(294400K) Eden: 306176K(306176K)->0K(293888K) From: 64K(12800K)->64K(512K)
[941.930s][info][gc,heap        ] GC(2620) ParOldGen: 549642K(549888K)->549650K(549888K)
[941.930s][info][gc,metaspace   ] GC(2620) Metaspace: 35687K(36416K)->35687K(36416K) NonClass: 26476K(27008K)->26476K(27008K) Class: 9210K(9408K)->9210K(9408K)
[941.930s][info][gc             ] GC(2620) Pause Young (Allocation Failure) 835M->536M(824M) 1.799ms
[941.930s][info][gc,cpu         ] GC(2620) User=0.00s Sys=0.00s Real=0.00s
[942.253s][info][gc,start       ] GC(2621) Pause Young (Allocation Failure)
[942.254s][info][gc,heap        ] GC(2621) PSYoungGen: 293952K(294400K)->64K(282624K) Eden: 293888K(293888K)->0K(282112K) From: 64K(512K)->64K(512K)
[942.254s][info][gc,heap        ] GC(2621) ParOldGen: 549650K(549888K)->549658K(549888K)
[942.254s][info][gc,metaspace   ] GC(2621) Metaspace: 35687K(36416K)->35687K(36416K) NonClass: 26476K(27008K)->26476K(27008K) Class: 9210K(9408K)->9210K(9408K)
[942.254s][info][gc             ] GC(2621) Pause Young (Allocation Failure) 823M->536M(813M) 1.594ms
[942.254s][info][gc,cpu         ] GC(2621) User=0.00s Sys=0.00s Real=0.00s
[943.098s][info][gc,start       ] GC(2622) Pause Young (Allocation Failure)
[943.099s][info][gc,heap        ] GC(2622) PSYoungGen: 282176K(282624K)->64K(282112K) Eden: 282112K(282112K)->0K(271360K) From: 64K(512K)->64K(10752K)
[943.099s][info][gc,heap        ] GC(2622) ParOldGen: 549658K(549888K)->549666K(549888K)
[943.099s][info][gc,metaspace   ] GC(2622) Metaspace: 35687K(36416K)->35687K(36416K) NonClass: 26476K(27008K)->26476K(27008K) Class: 9210K(9408K)->9210K(9408K)
[943.099s][info][gc             ] GC(2622) Pause Young (Allocation Failure) 812M->536M(812M) 1.615ms
[943.099s][info][gc,cpu         ] GC(2622) User=0.01s Sys=0.00s Real=0.01s
[943.599s][info][gc,start       ] GC(2623) Pause Young (Allocation Failure)
[943.601s][info][gc,heap        ] GC(2623) PSYoungGen: 271424K(282112K)->64K(261632K) Eden: 271360K(271360K)->0K(261120K) From: 64K(10752K)->64K(512K)
[943.601s][info][gc,heap        ] GC(2623) ParOldGen: 549666K(549888K)->549674K(549888K)
[943.601s][info][gc,metaspace   ] GC(2623) Metaspace: 35687K(36416K)->35687K(36416K) NonClass: 26476K(27008K)->26476K(27008K) Class: 9210K(9408K)->9210K(9408K)
[943.601s][info][gc             ] GC(2623) Pause Young (Allocation Failure) 801M->536M(792M) 2.161ms
[943.601s][info][gc,cpu         ] GC(2623) User=0.01s Sys=0.00s Real=0.01s
[943.954s][info][gc,start       ] GC(2624) Pause Young (Allocation Failure)
[943.956s][info][gc,heap        ] GC(2624) PSYoungGen: 261184K(261632K)->64K(260608K) Eden: 261120K(261120K)->0K(251392K) From: 64K(512K)->64K(9216K)
[943.956s][info][gc,heap        ] GC(2624) ParOldGen: 549674K(549888K)->549682K(549888K)
[943.956s][info][gc,metaspace   ] GC(2624) Metaspace: 35687K(36416K)->35687K(36416K) NonClass: 26476K(27008K)->26476K(27008K) Class: 9210K(9408K)->9210K(9408K)
[943.956s][info][gc             ] GC(2624) Pause Young (Allocation Failure) 791M->536M(791M) 2.836ms
[943.956s][info][gc,cpu         ] GC(2624) User=0.00s Sys=0.00s Real=0.00s
[944.047s][info][gc,start       ] GC(2625) Pause Young (Allocation Failure)
[944.050s][info][gc,heap        ] GC(2625) PSYoungGen: 251456K(260608K)->64K(290304K) Eden: 251392K(251392K)->0K(281600K) From: 64K(9216K)->64K(8704K)
[944.050s][info][gc,heap        ] GC(2625) ParOldGen: 549682K(549888K)->549690K(549888K)
[944.050s][info][gc,metaspace   ] GC(2625) Metaspace: 35687K(36416K)->35687K(36416K) NonClass: 26476K(27008K)->26476K(27008K) Class: 9210K(9408K)->9210K(9408K)
[944.050s][info][gc             ] GC(2625) Pause Young (Allocation Failure) 782M->536M(820M) 2.874ms
[944.050s][info][gc,cpu         ] GC(2625) User=0.00s Sys=0.00s Real=0.01s
[944.658s][info][gc,start       ] GC(2626) Pause Young (Allocation Failure)
[944.661s][info][gc,heap        ] GC(2626) PSYoungGen: 281664K(290304K)->64K(289792K) Eden: 281600K(281600K)->0K(281600K) From: 64K(8704K)->64K(8192K)
[944.661s][info][gc,heap        ] GC(2626) ParOldGen: 549690K(549888K)->549698K(549888K)
[944.661s][info][gc,metaspace   ] GC(2626) Metaspace: 35687K(36416K)->35687K(36416K) NonClass: 26476K(27008K)->26476K(27008K) Class: 9210K(9408K)->9210K(9408K)
[944.661s][info][gc             ] GC(2626) Pause Young (Allocation Failure) 811M->536M(820M) 2.804ms
[944.661s][info][gc,cpu         ] GC(2626) User=0.00s Sys=0.00s Real=0.01s
[944.992s][info][gc,start       ] GC(2627) Pause Young (Allocation Failure)
[944.995s][info][gc,heap        ] GC(2627) PSYoungGen: 281664K(289792K)->64K(325120K) Eden: 281600K(281600K)->0K(317440K) From: 64K(8192K)->64K(7680K)
[944.995s][info][gc,heap        ] GC(2627) ParOldGen: 549698K(549888K)->549706K(549888K)
[944.995s][info][gc,metaspace   ] GC(2627) Metaspace: 35687K(36416K)->35687K(36416K) NonClass: 26476K(27008K)->26476K(27008K) Class: 9210K(9408K)->9210K(9408K)
[944.995s][info][gc             ] GC(2627) Pause Young (Allocation Failure) 811M->536M(854M) 2.711ms
[944.995s][info][gc,cpu         ] GC(2627) User=0.00s Sys=0.00s Real=0.00s
[945.436s][info][gc,start       ] GC(2628) Pause Young (Allocation Failure)
[945.514s][info][gc,heap        ] GC(2628) PSYoungGen: 317504K(325120K)->7168K(324608K) Eden: 317440K(317440K)->0K(317440K) From: 64K(7680K)->7168K(7168K)
[945.514s][info][gc,heap        ] GC(2628) ParOldGen: 549706K(549888K)->578386K(578560K)
[945.514s][info][gc,metaspace   ] GC(2628) Metaspace: 35687K(36416K)->35687K(36416K) NonClass: 26476K(27008K)->26476K(27008K) Class: 9210K(9408K)->9210K(9408K)
[945.514s][info][gc             ] GC(2628) Pause Young (Allocation Failure) 846M->571M(882M) 77.608ms
[945.514s][info][gc,cpu         ] GC(2628) User=0.12s Sys=0.03s Real=0.08s
[945.840s][info][gc,start       ] GC(2629) Pause Young (Allocation Failure)
[945.904s][info][gc,heap        ] GC(2629) PSYoungGen: 324608K(324608K)->9216K(289792K) Eden: 317440K(317440K)->0K(280576K) From: 7168K(7168K)->9216K(9216K)
[945.904s][info][gc,heap        ] GC(2629) ParOldGen: 578386K(578560K)->596762K(596992K)
[945.904s][info][gc,metaspace   ] GC(2629) Metaspace: 35687K(36416K)->35687K(36416K) NonClass: 26476K(27008K)->26476K(27008K) Class: 9210K(9408K)->9210K(9408K)
[945.904s][info][gc             ] GC(2629) Pause Young (Allocation Failure) 881M->591M(866M) 63.944ms
[945.904s][info][gc,cpu         ] GC(2629) User=0.11s Sys=0.01s Real=0.06s
[946.117s][info][gc,start       ] GC(2630) Pause Young (Allocation Failure)
[946.124s][info][gc,heap        ] GC(2630) PSYoungGen: 289792K(289792K)->64K(307200K) Eden: 280576K(280576K)->0K(280576K) From: 9216K(9216K)->64K(26624K)
[946.124s][info][gc,heap        ] GC(2630) ParOldGen: 596762K(596992K)->597242K(597504K)
[946.124s][info][gc,metaspace   ] GC(2630) Metaspace: 35687K(36416K)->35687K(36416K) NonClass: 26476K(27008K)->26476K(27008K) Class: 9210K(9408K)->9210K(9408K)
[946.124s][info][gc             ] GC(2630) Pause Young (Allocation Failure) 865M->583M(883M) 6.950ms
[946.124s][info][gc,cpu         ] GC(2630) User=0.01s Sys=0.00s Real=0.01s
[946.790s][info][gc,start       ] GC(2631) Pause Young (Allocation Failure)
[946.792s][info][gc,heap        ] GC(2631) PSYoungGen: 280640K(307200K)->64K(304128K) Eden: 280576K(280576K)->0K(281600K) From: 64K(26624K)->64K(22528K)
[946.792s][info][gc,heap        ] GC(2631) ParOldGen: 597242K(597504K)->597250K(597504K)
[946.792s][info][gc,metaspace   ] GC(2631) Metaspace: 35687K(36416K)->35687K(36416K) NonClass: 26476K(27008K)->26476K(27008K) Class: 9210K(9408K)->9210K(9408K)
[946.792s][info][gc             ] GC(2631) Pause Young (Allocation Failure) 857M->583M(880M) 2.804ms
[946.792s][info][gc,cpu         ] GC(2631) User=0.00s Sys=0.00s Real=0.00s
[947.252s][info][gc,start       ] GC(2632) Pause Young (Allocation Failure)
[947.254s][info][gc,heap        ] GC(2632) PSYoungGen: 281664K(304128K)->64K(306176K) Eden: 281600K(281600K)->0K(281600K) From: 64K(22528K)->64K(24576K)
[947.254s][info][gc,heap        ] GC(2632) ParOldGen: 597250K(597504K)->597266K(597504K)
[947.254s][info][gc,metaspace   ] GC(2632) Metaspace: 35687K(36416K)->35687K(36416K) NonClass: 26476K(27008K)->26476K(27008K) Class: 9210K(9408K)->9210K(9408K)
[947.254s][info][gc             ] GC(2632) Pause Young (Allocation Failure) 858M->583M(882M) 1.783ms
[947.254s][info][gc,cpu         ] GC(2632) User=0.00s Sys=0.00s Real=0.00s
[947.485s][info][gc,start       ] GC(2633) Pause Young (Allocation Failure)
[947.486s][info][gc,heap        ] GC(2633) PSYoungGen: 281664K(306176K)->64K(306176K) Eden: 281600K(281600K)->0K(285696K) From: 64K(24576K)->64K(20480K)
[947.486s][info][gc,heap        ] GC(2633) ParOldGen: 597266K(597504K)->597282K(597504K)
[947.486s][info][gc,metaspace   ] GC(2633) Metaspace: 35687K(36416K)->35687K(36416K) NonClass: 26476K(27008K)->26476K(27008K) Class: 9210K(9408K)->9210K(9408K)
[947.486s][info][gc             ] GC(2633) Pause Young (Allocation Failure) 858M->583M(882M) 1.738ms
[947.486s][info][gc,cpu         ] GC(2633) User=0.00s Sys=0.00s Real=0.00s
[947.720s][info][gc,start       ] GC(2634) Pause Young (Allocation Failure)
[947.722s][info][gc,heap        ] GC(2634) PSYoungGen: 285760K(306176K)->64K(308224K) Eden: 285696K(285696K)->0K(285696K) From: 64K(20480K)->64K(22528K)
[947.722s][info][gc,heap        ] GC(2634) ParOldGen: 597282K(597504K)->597282K(597504K)
[947.722s][info][gc,metaspace   ] GC(2634) Metaspace: 35687K(36416K)->35687K(36416K) NonClass: 26476K(27008K)->26476K(27008K) Class: 9210K(9408K)->9210K(9408K)
[947.722s][info][gc             ] GC(2634) Pause Young (Allocation Failure) 862M->583M(884M) 1.629ms
[947.722s][info][gc,cpu         ] GC(2634) User=0.00s Sys=0.00s Real=0.00s
[948.072s][info][gc,start       ] GC(2635) Pause Young (Allocation Failure)
[948.074s][info][gc,heap        ] GC(2635) PSYoungGen: 285760K(308224K)->64K(308224K) Eden: 285696K(285696K)->0K(289792K) From: 64K(22528K)->64K(18432K)
[948.074s][info][gc,heap        ] GC(2635) ParOldGen: 597282K(597504K)->597282K(597504K)
[948.074s][info][gc,metaspace   ] GC(2635) Metaspace: 35687K(36416K)->35687K(36416K) NonClass: 26476K(27008K)->26476K(27008K) Class: 9210K(9408K)->9210K(9408K)
[948.074s][info][gc             ] GC(2635) Pause Young (Allocation Failure) 862M->583M(884M) 1.856ms
[948.074s][info][gc,cpu         ] GC(2635) User=0.00s Sys=0.00s Real=0.00s
[948.124s][info][gc,start       ] GC(2636) Pause Young (Allocation Failure)
[948.126s][info][gc,heap        ] GC(2636) PSYoungGen: 289855K(308224K)->64K(310272K) Eden: 289791K(289792K)->0K(289792K) From: 64K(18432K)->64K(20480K)
[948.126s][info][gc,heap        ] GC(2636) ParOldGen: 597282K(597504K)->597298K(597504K)
[948.126s][info][gc,metaspace   ] GC(2636) Metaspace: 35687K(36416K)->35687K(36416K) NonClass: 26476K(27008K)->26476K(27008K) Class: 9210K(9408K)->9210K(9408K)
[948.126s][info][gc             ] GC(2636) Pause Young (Allocation Failure) 866M->583M(886M) 1.673ms
[948.126s][info][gc,cpu         ] GC(2636) User=0.00s Sys=0.00s Real=0.00s
[948.175s][info][gc,start       ] GC(2637) Pause Young (Allocation Failure)
[948.177s][info][gc,heap        ] GC(2637) PSYoungGen: 289856K(310272K)->64K(310272K) Eden: 289792K(289792K)->0K(293888K) From: 64K(20480K)->64K(16384K)
[948.177s][info][gc,heap        ] GC(2637) ParOldGen: 597298K(597504K)->597298K(597504K)
[948.177s][info][gc,metaspace   ] GC(2637) Metaspace: 35687K(36416K)->35687K(36416K) NonClass: 26476K(27008K)->26476K(27008K) Class: 9210K(9408K)->9210K(9408K)
[948.177s][info][gc             ] GC(2637) Pause Young (Allocation Failure) 866M->583M(886M) 1.507ms
[948.177s][info][gc,cpu         ] GC(2637) User=0.01s Sys=0.00s Real=0.00s
[948.443s][info][gc,start       ] GC(2638) Pause Young (Allocation Failure)
[948.445s][info][gc,heap        ] GC(2638) PSYoungGen: 293952K(310272K)->64K(312320K) Eden: 293888K(293888K)->0K(293888K) From: 64K(16384K)->64K(18432K)
[948.445s][info][gc,heap        ] GC(2638) ParOldGen: 597298K(597504K)->597298K(597504K)
[948.445s][info][gc,metaspace   ] GC(2638) Metaspace: 35687K(36416K)->35687K(36416K) NonClass: 26476K(27008K)->26476K(27008K) Class: 9210K(9408K)->9210K(9408K)
[948.445s][info][gc             ] GC(2638) Pause Young (Allocation Failure) 870M->583M(888M) 1.630ms
[948.445s][info][gc,cpu         ] GC(2638) User=0.00s Sys=0.00s Real=0.00s
[948.708s][info][gc,start       ] GC(2639) Pause Young (Allocation Failure)
[948.710s][info][gc,heap        ] GC(2639) PSYoungGen: 293952K(312320K)->64K(312320K) Eden: 293888K(293888K)->0K(297984K) From: 64K(18432K)->64K(14336K)
[948.710s][info][gc,heap        ] GC(2639) ParOldGen: 597298K(597504K)->597306K(597504K)
[948.710s][info][gc,metaspace   ] GC(2639) Metaspace: 35687K(36416K)->35687K(36416K) NonClass: 26476K(27008K)->26476K(27008K) Class: 9210K(9408K)->9210K(9408K)
[948.710s][info][gc             ] GC(2639) Pause Young (Allocation Failure) 870M->583M(888M) 1.618ms
[948.710s][info][gc,cpu         ] GC(2639) User=0.00s Sys=0.00s Real=0.01s
[948.818s][info][gc,start       ] GC(2640) Pause Young (Allocation Failure)
[948.820s][info][gc,heap        ] GC(2640) PSYoungGen: 298048K(312320K)->64K(314368K) Eden: 297984K(297984K)->0K(297984K) From: 64K(14336K)->64K(16384K)
[948.820s][info][gc,heap        ] GC(2640) ParOldGen: 597306K(597504K)->597314K(597504K)
[948.820s][info][gc,metaspace   ] GC(2640) Metaspace: 35687K(36416K)->35687K(36416K) NonClass: 26476K(27008K)->26476K(27008K) Class: 9210K(9408K)->9210K(9408K)
[948.820s][info][gc             ] GC(2640) Pause Young (Allocation Failure) 874M->583M(890M) 1.635ms
[948.820s][info][gc,cpu         ] GC(2640) User=0.00s Sys=0.00s Real=0.01s
[948.948s][info][gc,start       ] GC(2641) Pause Young (Allocation Failure)
[948.950s][info][gc,heap        ] GC(2641) PSYoungGen: 298048K(314368K)->64K(314368K) Eden: 297984K(297984K)->0K(302080K) From: 64K(16384K)->64K(12288K)
[948.950s][info][gc,heap        ] GC(2641) ParOldGen: 597314K(597504K)->597322K(597504K)
[948.950s][info][gc,metaspace   ] GC(2641) Metaspace: 35687K(36416K)->35687K(36416K) NonClass: 26476K(27008K)->26476K(27008K) Class: 9210K(9408K)->9210K(9408K)
[948.950s][info][gc             ] GC(2641) Pause Young (Allocation Failure) 874M->583M(890M) 1.693ms
[948.950s][info][gc,cpu         ] GC(2641) User=0.00s Sys=0.00s Real=0.01s
[949.335s][info][gc,start       ] GC(2642) Pause Young (Allocation Failure)
[949.336s][info][gc,heap        ] GC(2642) PSYoungGen: 302144K(314368K)->64K(316416K) Eden: 302080K(302080K)->0K(302080K) From: 64K(12288K)->64K(14336K)
[949.336s][info][gc,heap        ] GC(2642) ParOldGen: 597322K(597504K)->597330K(597504K)
[949.336s][info][gc,metaspace   ] GC(2642) Metaspace: 35687K(36416K)->35687K(36416K) NonClass: 26476K(27008K)->26476K(27008K) Class: 9210K(9408K)->9210K(9408K)
[949.336s][info][gc             ] GC(2642) Pause Young (Allocation Failure) 878M->583M(892M) 1.665ms
[949.336s][info][gc,cpu         ] GC(2642) User=0.01s Sys=0.00s Real=0.00s
[949.973s][info][gc,start       ] GC(2643) Pause Young (Allocation Failure)
[949.975s][info][gc,heap        ] GC(2643) PSYoungGen: 302144K(316416K)->64K(317440K) Eden: 302080K(302080K)->0K(306176K) From: 64K(14336K)->64K(11264K)
[949.975s][info][gc,heap        ] GC(2643) ParOldGen: 597330K(597504K)->597338K(597504K)
[949.975s][info][gc,metaspace   ] GC(2643) Metaspace: 35687K(36416K)->35687K(36416K) NonClass: 26476K(27008K)->26476K(27008K) Class: 9210K(9408K)->9210K(9408K)
[949.975s][info][gc             ] GC(2643) Pause Young (Allocation Failure) 878M->583M(893M) 1.600ms
[949.975s][info][gc,cpu         ] GC(2643) User=0.00s Sys=0.00s Real=0.00s
[950.917s][info][gc,start       ] GC(2644) Pause Young (Allocation Failure)
[950.919s][info][gc,heap        ] GC(2644) PSYoungGen: 306240K(317440K)->64K(294400K) Eden: 306176K(306176K)->0K(293888K) From: 64K(11264K)->64K(512K)
[950.919s][info][gc,heap        ] GC(2644) ParOldGen: 597338K(597504K)->597346K(597504K)
[950.919s][info][gc,metaspace   ] GC(2644) Metaspace: 35687K(36416K)->35687K(36416K) NonClass: 26476K(27008K)->26476K(27008K) Class: 9210K(9408K)->9210K(9408K)
[950.919s][info][gc             ] GC(2644) Pause Young (Allocation Failure) 882M->583M(871M) 2.282ms
[950.919s][info][gc,cpu         ] GC(2644) User=0.00s Sys=0.00s Real=0.01s
[951.441s][info][gc,start       ] GC(2645) Pause Young (Allocation Failure)
[951.443s][info][gc,heap        ] GC(2645) PSYoungGen: 293952K(294400K)->64K(282624K) Eden: 293888K(293888K)->0K(282112K) From: 64K(512K)->64K(512K)
[951.443s][info][gc,heap        ] GC(2645) ParOldGen: 597346K(597504K)->597354K(597504K)
[951.444s][info][gc,metaspace   ] GC(2645) Metaspace: 35687K(36416K)->35687K(36416K) NonClass: 26476K(27008K)->26476K(27008K) Class: 9210K(9408K)->9210K(9408K)
[951.444s][info][gc             ] GC(2645) Pause Young (Allocation Failure) 870M->583M(859M) 2.530ms
[951.444s][info][gc,cpu         ] GC(2645) User=0.01s Sys=0.00s Real=0.00s
[952.384s][info][gc,start       ] GC(2646) Pause Young (Allocation Failure)
[952.386s][info][gc,heap        ] GC(2646) PSYoungGen: 282176K(282624K)->64K(282112K) Eden: 282112K(282112K)->0K(271360K) From: 64K(512K)->64K(10752K)
[952.386s][info][gc,heap        ] GC(2646) ParOldGen: 597354K(597504K)->597362K(597504K)
[952.386s][info][gc,metaspace   ] GC(2646) Metaspace: 35687K(36416K)->35687K(36416K) NonClass: 26476K(27008K)->26476K(27008K) Class: 9210K(9408K)->9210K(9408K)
[952.386s][info][gc             ] GC(2646) Pause Young (Allocation Failure) 858M->583M(859M) 1.656ms
[952.386s][info][gc,cpu         ] GC(2646) User=0.00s Sys=0.00s Real=0.00s
[952.764s][info][gc,start       ] GC(2647) Pause Young (Allocation Failure)
[952.766s][info][gc,heap        ] GC(2647) PSYoungGen: 271424K(282112K)->64K(261632K) Eden: 271360K(271360K)->0K(261120K) From: 64K(10752K)->64K(512K)
[952.766s][info][gc,heap        ] GC(2647) ParOldGen: 597362K(597504K)->597370K(597504K)
[952.766s][info][gc,metaspace   ] GC(2647) Metaspace: 35687K(36416K)->35687K(36416K) NonClass: 26476K(27008K)->26476K(27008K) Class: 9210K(9408K)->9210K(9408K)
[952.766s][info][gc             ] GC(2647) Pause Young (Allocation Failure) 848M->583M(839M) 2.354ms
[952.766s][info][gc,cpu         ] GC(2647) User=0.01s Sys=0.00s Real=0.00s
[952.842s][info][gc,start       ] GC(2648) Pause Young (Allocation Failure)
[952.844s][info][gc,heap        ] GC(2648) PSYoungGen: 261184K(261632K)->64K(261120K) Eden: 261120K(261120K)->0K(251392K) From: 64K(512K)->64K(9728K)
[952.844s][info][gc,heap        ] GC(2648) ParOldGen: 597370K(597504K)->597378K(597504K)
[952.844s][info][gc,metaspace   ] GC(2648) Metaspace: 35687K(36416K)->35687K(36416K) NonClass: 26476K(27008K)->26476K(27008K) Class: 9210K(9408K)->9210K(9408K)
[952.844s][info][gc             ] GC(2648) Pause Young (Allocation Failure) 838M->583M(838M) 1.522ms
[952.844s][info][gc,cpu         ] GC(2648) User=0.01s Sys=0.00s Real=0.00s
[953.361s][info][gc,start       ] GC(2649) Pause Young (Allocation Failure)
[953.363s][info][gc,heap        ] GC(2649) PSYoungGen: 251456K(261120K)->64K(242176K) Eden: 251392K(251392K)->0K(241664K) From: 64K(9728K)->64K(512K)
[953.363s][info][gc,heap        ] GC(2649) ParOldGen: 597378K(597504K)->597386K(597504K)
[953.363s][info][gc,metaspace   ] GC(2649) Metaspace: 35687K(36416K)->35687K(36416K) NonClass: 26476K(27008K)->26476K(27008K) Class: 9210K(9408K)->9210K(9408K)
[953.363s][info][gc             ] GC(2649) Pause Young (Allocation Failure) 828M->583M(820M) 2.417ms
[953.363s][info][gc,cpu         ] GC(2649) User=0.00s Sys=0.01s Real=0.00s
[953.618s][info][gc,start       ] GC(2650) Pause Young (Allocation Failure)
[953.620s][info][gc,heap        ] GC(2650) PSYoungGen: 241728K(242176K)->64K(240640K) Eden: 241664K(241664K)->0K(232448K) From: 64K(512K)->64K(8192K)
[953.620s][info][gc,heap        ] GC(2650) ParOldGen: 597386K(597504K)->597394K(597504K)
[953.620s][info][gc,metaspace   ] GC(2650) Metaspace: 35687K(36416K)->35687K(36416K) NonClass: 26476K(27008K)->26476K(27008K) Class: 9210K(9408K)->9210K(9408K)
[953.620s][info][gc             ] GC(2650) Pause Young (Allocation Failure) 819M->583M(818M) 1.589ms
[953.620s][info][gc,cpu         ] GC(2650) User=0.00s Sys=0.00s Real=0.01s
[953.978s][info][gc,start       ] GC(2651) Pause Young (Allocation Failure)
[954.000s][info][gc,heap        ] GC(2651) PSYoungGen: 232512K(240640K)->7680K(280576K) Eden: 232448K(232448K)->0K(272896K) From: 64K(8192K)->7680K(7680K)
[954.001s][info][gc,heap        ] GC(2651) ParOldGen: 597394K(597504K)->602530K(602624K)
[954.001s][info][gc,metaspace   ] GC(2651) Metaspace: 35687K(36416K)->35687K(36416K) NonClass: 26476K(27008K)->26476K(27008K) Class: 9210K(9408K)->9210K(9408K)
[954.001s][info][gc             ] GC(2651) Pause Young (Allocation Failure) 810M->595M(862M) 22.802ms
[954.001s][info][gc,cpu         ] GC(2651) User=0.04s Sys=0.00s Real=0.03s
[954.356s][info][gc,start       ] GC(2652) Pause Young (Allocation Failure)
[954.416s][info][gc,heap        ] GC(2652) PSYoungGen: 280576K(280576K)->11264K(284160K) Eden: 272896K(272896K)->0K(272896K) From: 7680K(7680K)->11264K(11264K)
[954.416s][info][gc,heap        ] GC(2652) ParOldGen: 602530K(602624K)->622506K(622592K)
[954.416s][info][gc,metaspace   ] GC(2652) Metaspace: 35687K(36416K)->35687K(36416K) NonClass: 26476K(27008K)->26476K(27008K) Class: 9210K(9408K)->9210K(9408K)
[954.416s][info][gc             ] GC(2652) Pause Young (Allocation Failure) 862M->618M(885M) 59.316ms
[954.416s][info][gc,cpu         ] GC(2652) User=0.10s Sys=0.01s Real=0.06s
[954.658s][info][gc,start       ] GC(2653) Pause Young (Allocation Failure)
[954.702s][info][gc,heap        ] GC(2653) PSYoungGen: 284160K(284160K)->18752K(305152K) Eden: 272896K(272896K)->0K(283648K) From: 11264K(11264K)->18752K(21504K)
[954.702s][info][gc,heap        ] GC(2653) ParOldGen: 622506K(622592K)->623050K(623104K)
[954.702s][info][gc,metaspace   ] GC(2653) Metaspace: 35687K(36416K)->35687K(36416K) NonClass: 26476K(27008K)->26476K(27008K) Class: 9210K(9408K)->9210K(9408K)
[954.702s][info][gc             ] GC(2653) Pause Young (Allocation Failure) 885M->626M(906M) 43.856ms
[954.702s][info][gc,cpu         ] GC(2653) User=0.08s Sys=0.01s Real=0.05s
[954.982s][info][gc,start       ] GC(2654) Pause Young (Allocation Failure)
[954.983s][info][gc,heap        ] GC(2654) PSYoungGen: 302400K(305152K)->64K(308736K) Eden: 283648K(283648K)->0K(283648K) From: 18752K(21504K)->64K(25088K)
[954.983s][info][gc,heap        ] GC(2654) ParOldGen: 623050K(623104K)->623058K(623104K)
[954.983s][info][gc,metaspace   ] GC(2654) Metaspace: 35687K(36416K)->35687K(36416K) NonClass: 26476K(27008K)->26476K(27008K) Class: 9210K(9408K)->9210K(9408K)
[954.983s][info][gc             ] GC(2654) Pause Young (Allocation Failure) 903M->608M(910M) 1.810ms
[954.983s][info][gc,cpu         ] GC(2654) User=0.01s Sys=0.00s Real=0.00s
[955.618s][info][gc,start       ] GC(2655) Pause Young (Allocation Failure)
[955.620s][info][gc,heap        ] GC(2655) PSYoungGen: 283712K(308736K)->64K(305664K) Eden: 283648K(283648K)->0K(284672K) From: 64K(25088K)->64K(20992K)
[955.620s][info][gc,heap        ] GC(2655) ParOldGen: 623058K(623104K)->623066K(623104K)
[955.620s][info][gc,metaspace   ] GC(2655) Metaspace: 35687K(36416K)->35687K(36416K) NonClass: 26476K(27008K)->26476K(27008K) Class: 9210K(9408K)->9210K(9408K)
[955.620s][info][gc             ] GC(2655) Pause Young (Allocation Failure) 885M->608M(907M) 2.003ms
[955.620s][info][gc,cpu         ] GC(2655) User=0.00s Sys=0.00s Real=0.01s
[956.084s][info][gc,start       ] GC(2656) Pause Young (Allocation Failure)
[956.086s][info][gc,heap        ] GC(2656) PSYoungGen: 284736K(305664K)->64K(307712K) Eden: 284672K(284672K)->0K(284672K) From: 64K(20992K)->64K(23040K)
[956.086s][info][gc,heap        ] GC(2656) ParOldGen: 623066K(623104K)->623082K(623104K)
[956.086s][info][gc,metaspace   ] GC(2656) Metaspace: 35687K(36416K)->35687K(36416K) NonClass: 26476K(27008K)->26476K(27008K) Class: 9210K(9408K)->9210K(9408K)
[956.086s][info][gc             ] GC(2656) Pause Young (Allocation Failure) 886M->608M(909M) 1.891ms
[956.086s][info][gc,cpu         ] GC(2656) User=0.01s Sys=0.00s Real=0.00s
[956.319s][info][gc,start       ] GC(2657) Pause Young (Allocation Failure)
[956.321s][info][gc,heap        ] GC(2657) PSYoungGen: 284736K(307712K)->64K(308224K) Eden: 284672K(284672K)->0K(288256K) From: 64K(23040K)->64K(19968K)
[956.321s][info][gc,heap        ] GC(2657) ParOldGen: 623082K(623104K)->623098K(623104K)
[956.321s][info][gc,metaspace   ] GC(2657) Metaspace: 35687K(36416K)->35687K(36416K) NonClass: 26476K(27008K)->26476K(27008K) Class: 9210K(9408K)->9210K(9408K)
[956.321s][info][gc             ] GC(2657) Pause Young (Allocation Failure) 886M->608M(909M) 1.834ms
[956.321s][info][gc,cpu         ] GC(2657) User=0.00s Sys=0.00s Real=0.00s
[956.558s][info][gc,start       ] GC(2658) Pause Young (Allocation Failure)
[956.559s][info][gc,heap        ] GC(2658) PSYoungGen: 288320K(308224K)->64K(309760K) Eden: 288256K(288256K)->0K(288256K) From: 64K(19968K)->64K(21504K)
[956.559s][info][gc,heap        ] GC(2658) ParOldGen: 623098K(623104K)->623098K(623104K)
[956.559s][info][gc,metaspace   ] GC(2658) Metaspace: 35687K(36416K)->35687K(36416K) NonClass: 26476K(27008K)->26476K(27008K) Class: 9210K(9408K)->9210K(9408K)
[956.559s][info][gc             ] GC(2658) Pause Young (Allocation Failure) 890M->608M(911M) 1.646ms
[956.559s][info][gc,cpu         ] GC(2658) User=0.00s Sys=0.00s Real=0.01s
[956.880s][info][gc,start       ] GC(2659) Pause Young (Allocation Failure)
[956.882s][info][gc,heap        ] GC(2659) PSYoungGen: 288320K(309760K)->64K(309760K) Eden: 288256K(288256K)->0K(291840K) From: 64K(21504K)->64K(17920K)
[956.882s][info][gc,heap        ] GC(2659) ParOldGen: 623098K(623104K)->623098K(623104K)
[956.882s][info][gc,metaspace   ] GC(2659) Metaspace: 35687K(36416K)->35687K(36416K) NonClass: 26476K(27008K)->26476K(27008K) Class: 9210K(9408K)->9210K(9408K)
[956.882s][info][gc             ] GC(2659) Pause Young (Allocation Failure) 890M->608M(911M) 1.637ms
[956.882s][info][gc,cpu         ] GC(2659) User=0.00s Sys=0.00s Real=0.00s
[956.933s][info][gc,start       ] GC(2660) Pause Young (Allocation Failure)
[956.934s][info][gc,heap        ] GC(2660) PSYoungGen: 291904K(309760K)->64K(311296K) Eden: 291840K(291840K)->0K(291840K) From: 64K(17920K)->64K(19456K)
[956.934s][info][gc,heap        ] GC(2660) ParOldGen: 623098K(623104K)->623114K(623616K)
[956.934s][info][gc,metaspace   ] GC(2660) Metaspace: 35687K(36416K)->35687K(36416K) NonClass: 26476K(27008K)->26476K(27008K) Class: 9210K(9408K)->9210K(9408K)
[956.934s][info][gc             ] GC(2660) Pause Young (Allocation Failure) 893M->608M(913M) 1.718ms
[956.934s][info][gc,cpu         ] GC(2660) User=0.01s Sys=0.00s Real=0.00s
[956.985s][info][gc,start       ] GC(2661) Pause Young (Allocation Failure)
[956.986s][info][gc,heap        ] GC(2661) PSYoungGen: 291904K(311296K)->64K(311808K) Eden: 291840K(291840K)->0K(295936K) From: 64K(19456K)->64K(15872K)
[956.986s][info][gc,heap        ] GC(2661) ParOldGen: 623114K(623616K)->623114K(623616K)
[956.986s][info][gc,metaspace   ] GC(2661) Metaspace: 35687K(36416K)->35687K(36416K) NonClass: 26476K(27008K)->26476K(27008K) Class: 9210K(9408K)->9210K(9408K)
[956.986s][info][gc             ] GC(2661) Pause Young (Allocation Failure) 893M->608M(913M) 1.553ms
[956.986s][info][gc,cpu         ] GC(2661) User=0.00s Sys=0.00s Real=0.00s
[957.300s][info][gc,start       ] GC(2662) Pause Young (Allocation Failure)
[957.302s][info][gc,heap        ] GC(2662) PSYoungGen: 296000K(311808K)->64K(313344K) Eden: 295936K(295936K)->0K(295936K) From: 64K(15872K)->64K(17408K)
[957.302s][info][gc,heap        ] GC(2662) ParOldGen: 623114K(623616K)->623114K(623616K)
[957.302s][info][gc,metaspace   ] GC(2662) Metaspace: 35687K(36416K)->35687K(36416K) NonClass: 26476K(27008K)->26476K(27008K) Class: 9210K(9408K)->9210K(9408K)
[957.302s][info][gc             ] GC(2662) Pause Young (Allocation Failure) 897M->608M(915M) 1.841ms
[957.302s][info][gc,cpu         ] GC(2662) User=0.00s Sys=0.00s Real=0.00s
[957.550s][info][gc,start       ] GC(2663) Pause Young (Allocation Failure)
[957.552s][info][gc,heap        ] GC(2663) PSYoungGen: 296000K(313344K)->64K(313856K) Eden: 295936K(295936K)->0K(300032K) From: 64K(17408K)->64K(13824K)
[957.552s][info][gc,heap        ] GC(2663) ParOldGen: 623114K(623616K)->623122K(623616K)
[957.552s][info][gc,metaspace   ] GC(2663) Metaspace: 35687K(36416K)->35687K(36416K) NonClass: 26476K(27008K)->26476K(27008K) Class: 9210K(9408K)->9210K(9408K)
[957.552s][info][gc             ] GC(2663) Pause Young (Allocation Failure) 897M->608M(915M) 1.689ms
[957.552s][info][gc,cpu         ] GC(2663) User=0.00s Sys=0.00s Real=0.00s
[957.641s][info][gc,start       ] GC(2664) Pause Young (Allocation Failure)
[957.642s][info][gc,heap        ] GC(2664) PSYoungGen: 300096K(313856K)->64K(315392K) Eden: 300032K(300032K)->0K(300032K) From: 64K(13824K)->64K(15360K)
[957.642s][info][gc,heap        ] GC(2664) ParOldGen: 623122K(623616K)->623130K(623616K)
[957.642s][info][gc,metaspace   ] GC(2664) Metaspace: 35687K(36416K)->35687K(36416K) NonClass: 26476K(27008K)->26476K(27008K) Class: 9210K(9408K)->9210K(9408K)
[957.643s][info][gc             ] GC(2664) Pause Young (Allocation Failure) 901M->608M(917M) 1.748ms
[957.643s][info][gc,cpu         ] GC(2664) User=0.00s Sys=0.00s Real=0.00s
[957.790s][info][gc,start       ] GC(2665) Pause Young (Allocation Failure)
[957.792s][info][gc,heap        ] GC(2665) PSYoungGen: 300096K(315392K)->64K(316928K) Eden: 300032K(300032K)->0K(304128K) From: 64K(15360K)->64K(12800K)
[957.792s][info][gc,heap        ] GC(2665) ParOldGen: 623130K(623616K)->623138K(623616K)
[957.792s][info][gc,metaspace   ] GC(2665) Metaspace: 35687K(36416K)->35687K(36416K) NonClass: 26476K(27008K)->26476K(27008K) Class: 9210K(9408K)->9210K(9408K)
[957.792s][info][gc             ] GC(2665) Pause Young (Allocation Failure) 901M->608M(918M) 1.725ms
[957.792s][info][gc,cpu         ] GC(2665) User=0.00s Sys=0.00s Real=0.00s
[958.215s][info][gc,start       ] GC(2666) Pause Young (Allocation Failure)
[958.217s][info][gc,heap        ] GC(2666) PSYoungGen: 304192K(316928K)->64K(317952K) Eden: 304128K(304128K)->0K(304128K) From: 64K(12800K)->64K(13824K)
[958.217s][info][gc,heap        ] GC(2666) ParOldGen: 623138K(623616K)->623146K(623616K)
[958.217s][info][gc,metaspace   ] GC(2666) Metaspace: 35687K(36416K)->35687K(36416K) NonClass: 26476K(27008K)->26476K(27008K) Class: 9210K(9408K)->9210K(9408K)
[958.217s][info][gc             ] GC(2666) Pause Young (Allocation Failure) 905M->608M(919M) 1.880ms
[958.217s][info][gc,cpu         ] GC(2666) User=0.01s Sys=0.00s Real=0.00s
[959.547s][info][gc,start       ] GC(2667) Pause Young (Allocation Failure)
[959.548s][info][gc,heap        ] GC(2667) PSYoungGen: 304192K(317952K)->64K(317952K) Eden: 304128K(304128K)->0K(307200K) From: 64K(13824K)->64K(10752K)
[959.548s][info][gc,heap        ] GC(2667) ParOldGen: 623146K(623616K)->623154K(623616K)
[959.549s][info][gc,metaspace   ] GC(2667) Metaspace: 35687K(36416K)->35687K(36416K) NonClass: 26476K(27008K)->26476K(27008K) Class: 9210K(9408K)->9210K(9408K)
[959.549s][info][gc             ] GC(2667) Pause Young (Allocation Failure) 905M->608M(919M) 1.836ms
[959.549s][info][gc,cpu         ] GC(2667) User=0.00s Sys=0.00s Real=0.00s
[959.836s][info][gc,start       ] GC(2668) Pause Young (Allocation Failure)
[959.839s][info][gc,heap        ] GC(2668) PSYoungGen: 307264K(317952K)->64K(295424K) Eden: 307200K(307200K)->0K(294912K) From: 64K(10752K)->64K(512K)
[959.839s][info][gc,heap        ] GC(2668) ParOldGen: 623154K(623616K)->623162K(623616K)
[959.839s][info][gc,metaspace   ] GC(2668) Metaspace: 35687K(36416K)->35687K(36416K) NonClass: 26476K(27008K)->26476K(27008K) Class: 9210K(9408K)->9210K(9408K)
[959.839s][info][gc             ] GC(2668) Pause Young (Allocation Failure) 908M->608M(897M) 2.444ms
[959.839s][info][gc,cpu         ] GC(2668) User=0.00s Sys=0.00s Real=0.01s
[960.462s][info][gc,start       ] GC(2669) Pause Young (Allocation Failure)
[960.464s][info][gc,heap        ] GC(2669) PSYoungGen: 294976K(295424K)->64K(283648K) Eden: 294912K(294912K)->0K(283136K) From: 64K(512K)->64K(512K)
[960.464s][info][gc,heap        ] GC(2669) ParOldGen: 623162K(623616K)->623170K(623616K)
[960.464s][info][gc,metaspace   ] GC(2669) Metaspace: 35687K(36416K)->35687K(36416K) NonClass: 26476K(27008K)->26476K(27008K) Class: 9210K(9408K)->9210K(9408K)
[960.464s][info][gc             ] GC(2669) Pause Young (Allocation Failure) 896M->608M(886M) 2.178ms
[960.464s][info][gc,cpu         ] GC(2669) User=0.01s Sys=0.00s Real=0.00s
[961.240s][info][gc,start       ] GC(2670) Pause Young (Allocation Failure)
[961.241s][info][gc,heap        ] GC(2670) PSYoungGen: 283200K(283648K)->64K(282112K) Eden: 283136K(283136K)->0K(271872K) From: 64K(512K)->64K(10240K)
[961.241s][info][gc,heap        ] GC(2670) ParOldGen: 623170K(623616K)->623178K(623616K)
[961.241s][info][gc,metaspace   ] GC(2670) Metaspace: 35687K(36416K)->35687K(36416K) NonClass: 26476K(27008K)->26476K(27008K) Class: 9210K(9408K)->9210K(9408K)
[961.241s][info][gc             ] GC(2670) Pause Young (Allocation Failure) 885M->608M(884M) 1.761ms
[961.241s][info][gc,cpu         ] GC(2670) User=0.00s Sys=0.00s Real=0.00s
[961.599s][info][gc,start       ] GC(2671) Pause Young (Allocation Failure)
[961.601s][info][gc,heap        ] GC(2671) PSYoungGen: 271936K(282112K)->64K(262144K) Eden: 271872K(271872K)->0K(261632K) From: 64K(10240K)->64K(512K)
[961.601s][info][gc,heap        ] GC(2671) ParOldGen: 623178K(623616K)->623186K(623616K)
[961.601s][info][gc,metaspace   ] GC(2671) Metaspace: 35687K(36416K)->35687K(36416K) NonClass: 26476K(27008K)->26476K(27008K) Class: 9210K(9408K)->9210K(9408K)
[961.601s][info][gc             ] GC(2671) Pause Young (Allocation Failure) 874M->608M(865M) 2.172ms
[961.601s][info][gc,cpu         ] GC(2671) User=0.00s Sys=0.00s Real=0.00s
[961.701s][info][gc,start       ] GC(2672) Pause Young (Allocation Failure)
[961.703s][info][gc,heap        ] GC(2672) PSYoungGen: 261696K(262144K)->64K(260608K) Eden: 261632K(261632K)->0K(251392K) From: 64K(512K)->64K(9216K)
[961.703s][info][gc,heap        ] GC(2672) ParOldGen: 623186K(623616K)->623194K(623616K)
[961.703s][info][gc,metaspace   ] GC(2672) Metaspace: 35687K(36416K)->35687K(36416K) NonClass: 26476K(27008K)->26476K(27008K) Class: 9210K(9408K)->9210K(9408K)
[961.703s][info][gc             ] GC(2672) Pause Young (Allocation Failure) 864M->608M(863M) 1.993ms
[961.703s][info][gc,cpu         ] GC(2672) User=0.00s Sys=0.00s Real=0.00s
[962.297s][info][gc,start       ] GC(2673) Pause Young (Allocation Failure)
[962.300s][info][gc,heap        ] GC(2673) PSYoungGen: 251456K(260608K)->64K(242176K) Eden: 251392K(251392K)->0K(241664K) From: 64K(9216K)->64K(512K)
[962.300s][info][gc,heap        ] GC(2673) ParOldGen: 623194K(623616K)->623202K(623616K)
[962.300s][info][gc,metaspace   ] GC(2673) Metaspace: 35687K(36416K)->35687K(36416K) NonClass: 26476K(27008K)->26476K(27008K) Class: 9210K(9408K)->9210K(9408K)
[962.300s][info][gc             ] GC(2673) Pause Young (Allocation Failure) 854M->608M(845M) 2.922ms
[962.300s][info][gc,cpu         ] GC(2673) User=0.00s Sys=0.01s Real=0.01s
[962.529s][info][gc,start       ] GC(2674) Pause Young (Allocation Failure)
[962.531s][info][gc,heap        ] GC(2674) PSYoungGen: 241728K(242176K)->64K(240128K) Eden: 241664K(241664K)->0K(232448K) From: 64K(512K)->64K(7680K)
[962.531s][info][gc,heap        ] GC(2674) ParOldGen: 623202K(623616K)->623210K(623616K)
[962.531s][info][gc,metaspace   ] GC(2674) Metaspace: 35687K(36416K)->35687K(36416K) NonClass: 26476K(27008K)->26476K(27008K) Class: 9210K(9408K)->9210K(9408K)
[962.531s][info][gc             ] GC(2674) Pause Young (Allocation Failure) 844M->608M(843M) 2.143ms
[962.531s][info][gc,cpu         ] GC(2674) User=0.00s Sys=0.00s Real=0.00s
[962.877s][info][gc,start       ] GC(2675) Pause Young (Allocation Failure)
[962.920s][info][gc,heap        ] GC(2675) PSYoungGen: 232512K(240128K)->7168K(279040K) Eden: 232448K(232448K)->0K(271872K) From: 64K(7680K)->7168K(7168K)
[962.920s][info][gc,heap        ] GC(2675) ParOldGen: 623210K(623616K)->636162K(636416K)
[962.920s][info][gc,metaspace   ] GC(2675) Metaspace: 35687K(36416K)->35687K(36416K) NonClass: 26476K(27008K)->26476K(27008K) Class: 9210K(9408K)->9210K(9408K)
[962.920s][info][gc             ] GC(2675) Pause Young (Allocation Failure) 835M->628M(894M) 43.038ms
[962.920s][info][gc,cpu         ] GC(2675) User=0.07s Sys=0.01s Real=0.05s
[963.275s][info][gc,start       ] GC(2676) Pause Young (Allocation Failure)
[963.337s][info][gc,heap        ] GC(2676) PSYoungGen: 279040K(279040K)->13824K(285696K) Eden: 271872K(271872K)->0K(271872K) From: 7168K(7168K)->13824K(13824K)
[963.337s][info][gc,heap        ] GC(2676) ParOldGen: 636162K(636416K)->653666K(653824K)
[963.337s][info][gc,metaspace   ] GC(2676) Metaspace: 35687K(36416K)->35687K(36416K) NonClass: 26476K(27008K)->26476K(27008K) Class: 9210K(9408K)->9210K(9408K)
[963.337s][info][gc             ] GC(2676) Pause Young (Allocation Failure) 893M->651M(917M) 61.865ms
[963.337s][info][gc,cpu         ] GC(2676) User=0.11s Sys=0.01s Real=0.06s
[963.512s][info][gc,start       ] GC(2677) Pause Young (Allocation Failure)
[963.541s][info][gc,heap        ] GC(2677) PSYoungGen: 285696K(285696K)->11552K(309248K) Eden: 271872K(271872K)->0K(285696K) From: 13824K(13824K)->11552K(23552K)
[963.541s][info][gc,heap        ] GC(2677) ParOldGen: 653666K(653824K)->654130K(654336K)
[963.541s][info][gc,metaspace   ] GC(2677) Metaspace: 35687K(36416K)->35687K(36416K) NonClass: 26476K(27008K)->26476K(27008K) Class: 9210K(9408K)->9210K(9408K)
[963.541s][info][gc             ] GC(2677) Pause Young (Allocation Failure) 917M->650M(941M) 28.227ms
[963.541s][info][gc,cpu         ] GC(2677) User=0.05s Sys=0.01s Real=0.03s
[963.961s][info][gc,start       ] GC(2678) Pause Young (Allocation Failure)
[963.963s][info][gc,heap        ] GC(2678) PSYoungGen: 297248K(309248K)->64K(286208K) Eden: 285696K(285696K)->0K(285696K) From: 11552K(23552K)->64K(512K)
[963.963s][info][gc,heap        ] GC(2678) ParOldGen: 654130K(654336K)->654138K(654336K)
[963.963s][info][gc,metaspace   ] GC(2678) Metaspace: 35687K(36416K)->35687K(36416K) NonClass: 26476K(27008K)->26476K(27008K) Class: 9210K(9408K)->9210K(9408K)
[963.963s][info][gc             ] GC(2678) Pause Young (Allocation Failure) 929M->638M(918M) 2.012ms
[963.963s][info][gc,cpu         ] GC(2678) User=0.00s Sys=0.00s Real=0.00s
[964.522s][info][gc,start       ] GC(2679) Pause Young (Allocation Failure)
[964.523s][info][gc,heap        ] GC(2679) PSYoungGen: 285760K(286208K)->64K(309760K) Eden: 285696K(285696K)->0K(286720K) From: 64K(512K)->64K(23040K)
[964.523s][info][gc,heap        ] GC(2679) ParOldGen: 654138K(654336K)->654146K(654336K)
[964.523s][info][gc,metaspace   ] GC(2679) Metaspace: 35688K(36416K)->35688K(36416K) NonClass: 26477K(27008K)->26477K(27008K) Class: 9210K(9408K)->9210K(9408K)
[964.523s][info][gc             ] GC(2679) Pause Young (Allocation Failure) 917M->638M(941M) 1.919ms
[964.524s][info][gc,cpu         ] GC(2679) User=0.00s Sys=0.00s Real=0.00s
[964.955s][info][gc,start       ] GC(2680) Pause Young (Allocation Failure)
[964.957s][info][gc,heap        ] GC(2680) PSYoungGen: 286784K(309760K)->64K(309248K) Eden: 286720K(286720K)->0K(286720K) From: 64K(23040K)->64K(22528K)
[964.957s][info][gc,heap        ] GC(2680) ParOldGen: 654146K(654336K)->654162K(654336K)
[964.957s][info][gc,metaspace   ] GC(2680) Metaspace: 35688K(36416K)->35688K(36416K) NonClass: 26477K(27008K)->26477K(27008K) Class: 9210K(9408K)->9210K(9408K)
[964.957s][info][gc             ] GC(2680) Pause Young (Allocation Failure) 918M->638M(941M) 1.954ms
[964.957s][info][gc,cpu         ] GC(2680) User=0.00s Sys=0.00s Real=0.00s
[965.192s][info][gc,start       ] GC(2681) Pause Young (Allocation Failure)
[965.194s][info][gc,heap        ] GC(2681) PSYoungGen: 286784K(309248K)->64K(310272K) Eden: 286720K(286720K)->0K(289280K) From: 64K(22528K)->64K(20992K)
[965.194s][info][gc,heap        ] GC(2681) ParOldGen: 654162K(654336K)->654178K(654336K)
[965.194s][info][gc,metaspace   ] GC(2681) Metaspace: 35688K(36416K)->35688K(36416K) NonClass: 26477K(27008K)->26477K(27008K) Class: 9210K(9408K)->9210K(9408K)
[965.194s][info][gc             ] GC(2681) Pause Young (Allocation Failure) 918M->638M(942M) 1.730ms
[965.194s][info][gc,cpu         ] GC(2681) User=0.00s Sys=0.00s Real=0.00s
[965.431s][info][gc,start       ] GC(2682) Pause Young (Allocation Failure)
[965.432s][info][gc,heap        ] GC(2682) PSYoungGen: 289344K(310272K)->64K(309760K) Eden: 289280K(289280K)->0K(289280K) From: 64K(20992K)->64K(20480K)
[965.432s][info][gc,heap        ] GC(2682) ParOldGen: 654178K(654336K)->654178K(654336K)
[965.432s][info][gc,metaspace   ] GC(2682) Metaspace: 35688K(36416K)->35688K(36416K) NonClass: 26477K(27008K)->26477K(27008K) Class: 9210K(9408K)->9210K(9408K)
[965.432s][info][gc             ] GC(2682) Pause Young (Allocation Failure) 921M->638M(941M) 1.714ms
[965.432s][info][gc,cpu         ] GC(2682) User=0.00s Sys=0.00s Real=0.00s
[965.709s][info][gc,start       ] GC(2683) Pause Young (Allocation Failure)
[965.710s][info][gc,heap        ] GC(2683) PSYoungGen: 289344K(309760K)->64K(312320K) Eden: 289280K(289280K)->0K(293376K) From: 64K(20480K)->64K(18944K)
[965.710s][info][gc,heap        ] GC(2683) ParOldGen: 654178K(654336K)->654178K(654336K)
[965.710s][info][gc,metaspace   ] GC(2683) Metaspace: 35688K(36416K)->35688K(36416K) NonClass: 26477K(27008K)->26477K(27008K) Class: 9210K(9408K)->9210K(9408K)
[965.710s][info][gc             ] GC(2683) Pause Young (Allocation Failure) 921M->638M(944M) 1.740ms
[965.710s][info][gc,cpu         ] GC(2683) User=0.01s Sys=0.00s Real=0.00s
[965.761s][info][gc,start       ] GC(2684) Pause Young (Allocation Failure)
[965.762s][info][gc,heap        ] GC(2684) PSYoungGen: 293440K(312320K)->64K(311808K) Eden: 293376K(293376K)->0K(293376K) From: 64K(18944K)->64K(18432K)
[965.762s][info][gc,heap        ] GC(2684) ParOldGen: 654178K(654336K)->654194K(654336K)
[965.762s][info][gc,metaspace   ] GC(2684) Metaspace: 35688K(36416K)->35688K(36416K) NonClass: 26477K(27008K)->26477K(27008K) Class: 9210K(9408K)->9210K(9408K)
[965.762s][info][gc             ] GC(2684) Pause Young (Allocation Failure) 925M->638M(943M) 1.671ms
[965.762s][info][gc,cpu         ] GC(2684) User=0.00s Sys=0.00s Real=0.00s
[965.879s][info][gc,start       ] GC(2685) Pause Young (Allocation Failure)
[965.880s][info][gc,heap        ] GC(2685) PSYoungGen: 293440K(311808K)->64K(314368K) Eden: 293376K(293376K)->0K(297472K) From: 64K(18432K)->64K(16896K)
[965.880s][info][gc,heap        ] GC(2685) ParOldGen: 654194K(654336K)->654194K(654336K)
[965.880s][info][gc,metaspace   ] GC(2685) Metaspace: 35688K(36416K)->35688K(36416K) NonClass: 26477K(27008K)->26477K(27008K) Class: 9210K(9408K)->9210K(9408K)
[965.880s][info][gc             ] GC(2685) Pause Young (Allocation Failure) 925M->638M(946M) 1.711ms
[965.880s][info][gc,cpu         ] GC(2685) User=0.00s Sys=0.00s Real=0.00s
[966.199s][info][gc,start       ] GC(2686) Pause Young (Allocation Failure)
[966.201s][info][gc,heap        ] GC(2686) PSYoungGen: 297536K(314368K)->64K(314368K) Eden: 297472K(297472K)->0K(297472K) From: 64K(16896K)->64K(16896K)
[966.201s][info][gc,heap        ] GC(2686) ParOldGen: 654194K(654336K)->654210K(654336K)
[966.201s][info][gc,metaspace   ] GC(2686) Metaspace: 35688K(36416K)->35688K(36416K) NonClass: 26477K(27008K)->26477K(27008K) Class: 9210K(9408K)->9210K(9408K)
[966.201s][info][gc             ] GC(2686) Pause Young (Allocation Failure) 929M->638M(946M) 1.772ms
[966.201s][info][gc,cpu         ] GC(2686) User=0.01s Sys=0.00s Real=0.00s
[966.392s][info][gc,start       ] GC(2687) Pause Young (Allocation Failure)
[966.394s][info][gc,heap        ] GC(2687) PSYoungGen: 297536K(314368K)->64K(315904K) Eden: 297472K(297472K)->0K(301056K) From: 64K(16896K)->64K(14848K)
[966.394s][info][gc,heap        ] GC(2687) ParOldGen: 654210K(654336K)->654210K(654336K)
[966.394s][info][gc,metaspace   ] GC(2687) Metaspace: 35688K(36416K)->35688K(36416K) NonClass: 26477K(27008K)->26477K(27008K) Class: 9210K(9408K)->9210K(9408K)
[966.394s][info][gc             ] GC(2687) Pause Young (Allocation Failure) 929M->638M(947M) 1.780ms
[966.394s][info][gc,cpu         ] GC(2687) User=0.00s Sys=0.00s Real=0.00s
[966.479s][info][gc,start       ] GC(2688) Pause Young (Allocation Failure)
[966.481s][info][gc,heap        ] GC(2688) PSYoungGen: 301120K(315904K)->64K(315904K) Eden: 301056K(301056K)->0K(301056K) From: 64K(14848K)->64K(14848K)
[966.481s][info][gc,heap        ] GC(2688) ParOldGen: 654210K(654336K)->654226K(654336K)
[966.481s][info][gc,metaspace   ] GC(2688) Metaspace: 35688K(36416K)->35688K(36416K) NonClass: 26477K(27008K)->26477K(27008K) Class: 9210K(9408K)->9210K(9408K)
[966.481s][info][gc             ] GC(2688) Pause Young (Allocation Failure) 932M->638M(947M) 1.891ms
[966.481s][info][gc,cpu         ] GC(2688) User=0.01s Sys=0.00s Real=0.00s
[966.657s][info][gc,start       ] GC(2689) Pause Young (Allocation Failure)
[966.659s][info][gc,heap        ] GC(2689) PSYoungGen: 301120K(315904K)->64K(318464K) Eden: 301056K(301056K)->0K(304640K) From: 64K(14848K)->64K(13824K)
[966.659s][info][gc,heap        ] GC(2689) ParOldGen: 654226K(654336K)->654226K(654336K)
[966.659s][info][gc,metaspace   ] GC(2689) Metaspace: 35688K(36416K)->35688K(36416K) NonClass: 26477K(27008K)->26477K(27008K) Class: 9210K(9408K)->9210K(9408K)
[966.659s][info][gc             ] GC(2689) Pause Young (Allocation Failure) 932M->638M(950M) 1.796ms
[966.659s][info][gc,cpu         ] GC(2689) User=0.01s Sys=0.00s Real=0.01s
[967.574s][info][gc,start       ] GC(2690) Pause Young (Allocation Failure)
[967.576s][info][gc,heap        ] GC(2690) PSYoungGen: 304704K(318464K)->83K(317952K) Eden: 304640K(304640K)->0K(304640K) From: 64K(13824K)->83K(13312K)
[967.576s][info][gc,heap        ] GC(2690) ParOldGen: 654226K(654336K)->654234K(654336K)
[967.576s][info][gc,metaspace   ] GC(2690) Metaspace: 35688K(36416K)->35688K(36416K) NonClass: 26477K(27008K)->26477K(27008K) Class: 9210K(9408K)->9210K(9408K)
[967.576s][info][gc             ] GC(2690) Pause Young (Allocation Failure) 936M->638M(949M) 1.929ms
[967.576s][info][gc,cpu         ] GC(2690) User=0.00s Sys=0.00s Real=0.00s
[968.412s][info][gc,start       ] GC(2691) Pause Young (Allocation Failure)
[968.414s][info][gc,heap        ] GC(2691) PSYoungGen: 304723K(317952K)->64K(292864K) Eden: 304640K(304640K)->0K(292352K) From: 83K(13312K)->64K(512K)
[968.414s][info][gc,heap        ] GC(2691) ParOldGen: 654234K(654336K)->654242K(654336K)
[968.414s][info][gc,metaspace   ] GC(2691) Metaspace: 35688K(36416K)->35688K(36416K) NonClass: 26477K(27008K)->26477K(27008K) Class: 9210K(9408K)->9210K(9408K)
[968.414s][info][gc             ] GC(2691) Pause Young (Allocation Failure) 936M->638M(925M) 2.110ms
[968.414s][info][gc,cpu         ] GC(2691) User=0.01s Sys=0.00s Real=0.00s
[968.796s][info][gc,start       ] GC(2692) Pause Young (Allocation Failure)
[968.798s][info][gc,heap        ] GC(2692) PSYoungGen: 292416K(292864K)->64K(292864K) Eden: 292352K(292352K)->0K(281088K) From: 64K(512K)->64K(11776K)
[968.798s][info][gc,heap        ] GC(2692) ParOldGen: 654242K(654336K)->654250K(654336K)
[968.798s][info][gc,metaspace   ] GC(2692) Metaspace: 35688K(36416K)->35688K(36416K) NonClass: 26477K(27008K)->26477K(27008K) Class: 9210K(9408K)->9210K(9408K)
[968.798s][info][gc             ] GC(2692) Pause Young (Allocation Failure) 924M->638M(925M) 1.870ms
[968.798s][info][gc,cpu         ] GC(2692) User=0.00s Sys=0.00s Real=0.00s
[969.854s][info][gc,start       ] GC(2693) Pause Young (Allocation Failure)
[969.857s][info][gc,heap        ] GC(2693) PSYoungGen: 281152K(292864K)->64K(270848K) Eden: 281088K(281088K)->0K(270336K) From: 64K(11776K)->64K(512K)
[969.857s][info][gc,heap        ] GC(2693) ParOldGen: 654250K(654336K)->654258K(654336K)
[969.857s][info][gc,metaspace   ] GC(2693) Metaspace: 35688K(36416K)->35688K(36416K) NonClass: 26477K(27008K)->26477K(27008K) Class: 9210K(9408K)->9210K(9408K)
[969.857s][info][gc             ] GC(2693) Pause Young (Allocation Failure) 913M->638M(903M) 3.060ms
[969.857s][info][gc,cpu         ] GC(2693) User=0.01s Sys=0.00s Real=0.00s
[970.248s][info][gc,start       ] GC(2694) Pause Young (Allocation Failure)
[970.250s][info][gc,heap        ] GC(2694) PSYoungGen: 270400K(270848K)->64K(270336K) Eden: 270336K(270336K)->0K(260096K) From: 64K(512K)->64K(10240K)
[970.250s][info][gc,heap        ] GC(2694) ParOldGen: 654258K(654336K)->654266K(654336K)
[970.250s][info][gc,metaspace   ] GC(2694) Metaspace: 35688K(36416K)->35688K(36416K) NonClass: 26477K(27008K)->26477K(27008K) Class: 9210K(9408K)->9210K(9408K)
[970.250s][info][gc             ] GC(2694) Pause Young (Allocation Failure) 902M->638M(903M) 1.756ms
[970.250s][info][gc,cpu         ] GC(2694) User=0.00s Sys=0.00s Real=0.01s
[970.434s][info][gc,start       ] GC(2695) Pause Young (Allocation Failure)
[970.436s][info][gc,heap        ] GC(2695) PSYoungGen: 260160K(270336K)->64K(250880K) Eden: 260096K(260096K)->0K(250368K) From: 64K(10240K)->64K(512K)
[970.436s][info][gc,heap        ] GC(2695) ParOldGen: 654266K(654336K)->654274K(654336K)
[970.436s][info][gc,metaspace   ] GC(2695) Metaspace: 35688K(36416K)->35688K(36416K) NonClass: 26477K(27008K)->26477K(27008K) Class: 9210K(9408K)->9210K(9408K)
[970.436s][info][gc             ] GC(2695) Pause Young (Allocation Failure) 892M->639M(884M) 2.088ms
[970.436s][info][gc,cpu         ] GC(2695) User=0.01s Sys=0.00s Real=0.00s
[970.549s][info][gc,start       ] GC(2696) Pause Young (Allocation Failure)
[970.551s][info][gc,heap        ] GC(2696) PSYoungGen: 250432K(250880K)->64K(249856K) Eden: 250368K(250368K)->0K(241152K) From: 64K(512K)->64K(8704K)
[970.551s][info][gc,heap        ] GC(2696) ParOldGen: 654274K(654336K)->654282K(654336K)
[970.551s][info][gc,metaspace   ] GC(2696) Metaspace: 35688K(36416K)->35688K(36416K) NonClass: 26477K(27008K)->26477K(27008K) Class: 9210K(9408K)->9210K(9408K)
[970.551s][info][gc             ] GC(2696) Pause Young (Allocation Failure) 883M->639M(883M) 1.647ms
[970.551s][info][gc,cpu         ] GC(2696) User=0.00s Sys=0.00s Real=0.00s
[971.137s][info][gc,start       ] GC(2697) Pause Young (Allocation Failure)
[971.139s][info][gc,heap        ] GC(2697) PSYoungGen: 241216K(249856K)->64K(232448K) Eden: 241152K(241152K)->0K(231936K) From: 64K(8704K)->64K(512K)
[971.139s][info][gc,heap        ] GC(2697) ParOldGen: 654282K(654336K)->654290K(654336K)
[971.139s][info][gc,metaspace   ] GC(2697) Metaspace: 35688K(36416K)->35688K(36416K) NonClass: 26477K(27008K)->26477K(27008K) Class: 9210K(9408K)->9210K(9408K)
[971.139s][info][gc             ] GC(2697) Pause Young (Allocation Failure) 874M->639M(866M) 2.523ms
[971.139s][info][gc,cpu         ] GC(2697) User=0.00s Sys=0.00s Real=0.01s
[971.362s][info][gc,start       ] GC(2698) Pause Young (Allocation Failure)
[971.364s][info][gc,heap        ] GC(2698) PSYoungGen: 232000K(232448K)->64K(230912K) Eden: 231936K(231936K)->0K(223232K) From: 64K(512K)->64K(7680K)
[971.364s][info][gc,heap        ] GC(2698) ParOldGen: 654290K(654336K)->654298K(654336K)
[971.364s][info][gc,metaspace   ] GC(2698) Metaspace: 35688K(36416K)->35688K(36416K) NonClass: 26477K(27008K)->26477K(27008K) Class: 9210K(9408K)->9210K(9408K)
[971.364s][info][gc             ] GC(2698) Pause Young (Allocation Failure) 865M->639M(864M) 1.816ms
[971.364s][info][gc,cpu         ] GC(2698) User=0.00s Sys=0.00s Real=0.00s
[971.701s][info][gc,start       ] GC(2699) Pause Young (Allocation Failure)
[971.737s][info][gc,heap        ] GC(2699) PSYoungGen: 223296K(230912K)->7168K(274432K) Eden: 223232K(223232K)->0K(267264K) From: 64K(7680K)->7168K(7168K)
[971.737s][info][gc,heap        ] GC(2699) ParOldGen: 654298K(654336K)->665866K(666112K)
[971.737s][info][gc,metaspace   ] GC(2699) Metaspace: 35688K(36416K)->35688K(36416K) NonClass: 26477K(27008K)->26477K(27008K) Class: 9210K(9408K)->9210K(9408K)
[971.737s][info][gc             ] GC(2699) Pause Young (Allocation Failure) 857M->657M(918M) 35.935ms
[971.737s][info][gc,cpu         ] GC(2699) User=0.06s Sys=0.01s Real=0.03s
[972.089s][info][gc,start       ] GC(2700) Pause Full (Allocation Failure)
[972.089s][info][gc,phases,start] GC(2700) Marking Phase
[972.181s][info][gc,phases      ] GC(2700) Marking Phase 91.730ms
[972.181s][info][gc,phases,start] GC(2700) Summary Phase
[972.181s][info][gc,phases      ] GC(2700) Summary Phase 0.026ms
[972.181s][info][gc,phases,start] GC(2700) Forward
[972.205s][info][gc,phases      ] GC(2700) Forward 24.077ms
[972.205s][info][gc,phases,start] GC(2700) Adjust Pointers
[972.252s][info][gc,phases      ] GC(2700) Adjust Pointers 46.442ms
[972.252s][info][gc,phases,start] GC(2700) Compaction Phase
[972.281s][info][gc,phases      ] GC(2700) Compaction Phase 28.954ms
[972.281s][info][gc,phases,start] GC(2700) Post Compact
[972.283s][info][metaspace      ] ChkMgr @0x00007f08b403f1d0 (non-class-space): : reclaiming memory...
[972.283s][info][metaspace      ] ChkMgr @0x00007f08b403f1d0 (non-class-space): nothing reclaimed.
[972.283s][info][metaspace      ] ChkMgr @0x00007f08b403efe0 (class-space): : reclaiming memory...
[972.283s][info][metaspace      ] ChkMgr @0x00007f08b403efe0 (class-space): nothing reclaimed.
[972.283s][info][gc,phases      ] GC(2700) Post Compact 2.675ms
[972.322s][info][gc,heap        ] GC(2700) PSYoungGen: 274432K(274432K)->0K(280576K) Eden: 267264K(267264K)->0K(267264K) From: 7168K(7168K)->0K(13312K)
[972.322s][info][gc,heap        ] GC(2700) ParOldGen: 665866K(666112K)->85993K(175104K)
[972.322s][info][gc,metaspace   ] GC(2700) Metaspace: 35688K(36416K)->35555K(36416K) NonClass: 26477K(27008K)->26345K(27008K) Class: 9210K(9408K)->9210K(9408K)
[972.322s][info][gc             ] GC(2700) Pause Full (Allocation Failure) 918M->83M(445M) 232.485ms
[972.322s][info][gc,cpu         ] GC(2700) User=0.35s Sys=0.04s Real=0.23s
[972.523s][info][gc,start       ] GC(2701) Pause Young (Allocation Failure)
[972.556s][info][gc,heap        ] GC(2701) PSYoungGen: 267264K(280576K)->13312K(314368K) Eden: 267264K(267264K)->0K(301056K) From: 0K(13312K)->13312K(13312K)
[972.556s][info][gc,heap        ] GC(2701) ParOldGen: 85993K(175104K)->86137K(175104K)
[972.556s][info][gc,metaspace   ] GC(2701) Metaspace: 35555K(36416K)->35555K(36416K) NonClass: 26345K(27008K)->26345K(27008K) Class: 9210K(9408K)->9210K(9408K)
[972.556s][info][gc             ] GC(2701) Pause Young (Allocation Failure) 344M->97M(478M) 33.714ms
[972.556s][info][gc,cpu         ] GC(2701) User=0.06s Sys=0.01s Real=0.03s
[972.975s][info][gc,start       ] GC(2702) Pause Young (Allocation Failure)
[972.976s][info][gc,heap        ] GC(2702) PSYoungGen: 314368K(314368K)->64K(317440K) Eden: 301056K(301056K)->0K(301056K) From: 13312K(13312K)->64K(16384K)
[972.976s][info][gc,heap        ] GC(2702) ParOldGen: 86137K(175104K)->86153K(175104K)
[972.976s][info][gc,metaspace   ] GC(2702) Metaspace: 35555K(36416K)->35555K(36416K) NonClass: 26345K(27008K)->26345K(27008K) Class: 9210K(9408K)->9210K(9408K)
[972.976s][info][gc             ] GC(2702) Pause Young (Allocation Failure) 391M->84M(481M) 0.724ms
[972.976s][info][gc,cpu         ] GC(2702) User=0.00s Sys=0.00s Real=0.00s
[973.556s][info][gc,start       ] GC(2703) Pause Young (Allocation Failure)
[973.557s][info][gc,heap        ] GC(2703) PSYoungGen: 301120K(317440K)->64K(315392K) Eden: 301056K(301056K)->0K(302080K) From: 64K(16384K)->64K(13312K)
[973.557s][info][gc,heap        ] GC(2703) ParOldGen: 86153K(175104K)->86161K(175104K)
[973.557s][info][gc,metaspace   ] GC(2703) Metaspace: 35555K(36416K)->35555K(36416K) NonClass: 26345K(27008K)->26345K(27008K) Class: 9210K(9408K)->9210K(9408K)
[973.557s][info][gc             ] GC(2703) Pause Young (Allocation Failure) 378M->84M(479M) 0.840ms
[973.557s][info][gc,cpu         ] GC(2703) User=0.00s Sys=0.00s Real=0.00s
[974.001s][info][gc,start       ] GC(2704) Pause Young (Allocation Failure)
[974.002s][info][gc,heap        ] GC(2704) PSYoungGen: 302144K(315392K)->64K(316928K) Eden: 302080K(302080K)->0K(302080K) From: 64K(13312K)->64K(14848K)
[974.002s][info][gc,heap        ] GC(2704) ParOldGen: 86161K(175104K)->86177K(175104K)
[974.002s][info][gc,metaspace   ] GC(2704) Metaspace: 35555K(36416K)->35555K(36416K) NonClass: 26345K(27008K)->26345K(27008K) Class: 9210K(9408K)->9210K(9408K)
[974.002s][info][gc             ] GC(2704) Pause Young (Allocation Failure) 379M->84M(480M) 0.685ms
[974.002s][info][gc,cpu         ] GC(2704) User=0.00s Sys=0.00s Real=0.00s
[974.249s][info][gc,start       ] GC(2705) Pause Young (Allocation Failure)
[974.250s][info][gc,heap        ] GC(2705) PSYoungGen: 302144K(316928K)->64K(316416K) Eden: 302080K(302080K)->0K(304640K) From: 64K(14848K)->64K(11776K)
[974.250s][info][gc,heap        ] GC(2705) ParOldGen: 86177K(175104K)->86193K(175104K)
[974.250s][info][gc,metaspace   ] GC(2705) Metaspace: 35555K(36416K)->35555K(36416K) NonClass: 26345K(27008K)->26345K(27008K) Class: 9210K(9408K)->9210K(9408K)
[974.250s][info][gc             ] GC(2705) Pause Young (Allocation Failure) 379M->84M(480M) 0.691ms
[974.250s][info][gc,cpu         ] GC(2705) User=0.00s Sys=0.00s Real=0.00s
[974.609s][info][gc,start       ] GC(2706) Pause Young (Allocation Failure)
[974.610s][info][gc,heap        ] GC(2706) PSYoungGen: 304704K(316416K)->64K(293376K) Eden: 304640K(304640K)->0K(292864K) From: 64K(11776K)->64K(512K)
[974.610s][info][gc,heap        ] GC(2706) ParOldGen: 86193K(175104K)->86193K(175104K)
[974.610s][info][gc,metaspace   ] GC(2706) Metaspace: 35555K(36416K)->35555K(36416K) NonClass: 26345K(27008K)->26345K(27008K) Class: 9210K(9408K)->9210K(9408K)
[974.610s][info][gc             ] GC(2706) Pause Young (Allocation Failure) 381M->84M(457M) 1.555ms
[974.610s][info][gc,cpu         ] GC(2706) User=0.00s Sys=0.00s Real=0.00s
[974.743s][info][gc,start       ] GC(2707) Pause Young (Allocation Failure)
[974.743s][info][gc,heap        ] GC(2707) PSYoungGen: 292928K(293376K)->64K(282112K) Eden: 292864K(292864K)->0K(281600K) From: 64K(512K)->64K(512K)
[974.743s][info][gc,heap        ] GC(2707) ParOldGen: 86193K(175104K)->86201K(175104K)
[974.743s][info][gc,metaspace   ] GC(2707) Metaspace: 35555K(36416K)->35555K(36416K) NonClass: 26345K(27008K)->26345K(27008K) Class: 9210K(9408K)->9210K(9408K)
[974.744s][info][gc             ] GC(2707) Pause Young (Allocation Failure) 370M->84M(446M) 0.618ms
[974.744s][info][gc,cpu         ] GC(2707) User=0.00s Sys=0.00s Real=0.00s
[974.792s][info][gc,start       ] GC(2708) Pause Young (Allocation Failure)
[974.792s][info][gc,heap        ] GC(2708) PSYoungGen: 281664K(282112K)->64K(283136K) Eden: 281600K(281600K)->0K(270848K) From: 64K(512K)->64K(12288K)
[974.792s][info][gc,heap        ] GC(2708) ParOldGen: 86201K(175104K)->86217K(175104K)
[974.792s][info][gc,metaspace   ] GC(2708) Metaspace: 35555K(36416K)->35555K(36416K) NonClass: 26345K(27008K)->26345K(27008K) Class: 9210K(9408K)->9210K(9408K)
[974.792s][info][gc             ] GC(2708) Pause Young (Allocation Failure) 359M->84M(447M) 0.507ms
[974.792s][info][gc,cpu         ] GC(2708) User=0.00s Sys=0.00s Real=0.00s
[974.926s][info][gc,start       ] GC(2709) Pause Young (Allocation Failure)
[974.927s][info][gc,heap        ] GC(2709) PSYoungGen: 270912K(283136K)->64K(261120K) Eden: 270848K(270848K)->0K(260608K) From: 64K(12288K)->64K(512K)
[974.927s][info][gc,heap        ] GC(2709) ParOldGen: 86217K(175104K)->86217K(175104K)
[974.927s][info][gc,metaspace   ] GC(2709) Metaspace: 35555K(36416K)->35555K(36416K) NonClass: 26345K(27008K)->26345K(27008K) Class: 9210K(9408K)->9210K(9408K)
[974.927s][info][gc             ] GC(2709) Pause Young (Allocation Failure) 348M->84M(426M) 1.258ms
[974.927s][info][gc,cpu         ] GC(2709) User=0.00s Sys=0.00s Real=0.00s
[975.204s][info][gc,start       ] GC(2710) Pause Young (Allocation Failure)
[975.204s][info][gc,heap        ] GC(2710) PSYoungGen: 260672K(261120K)->64K(261632K) Eden: 260608K(260608K)->0K(250880K) From: 64K(512K)->64K(10752K)
[975.204s][info][gc,heap        ] GC(2710) ParOldGen: 86217K(175104K)->86233K(175104K)
[975.204s][info][gc,metaspace   ] GC(2710) Metaspace: 35555K(36416K)->35555K(36416K) NonClass: 26345K(27008K)->26345K(27008K) Class: 9210K(9408K)->9210K(9408K)
[975.204s][info][gc             ] GC(2710) Pause Young (Allocation Failure) 338M->84M(426M) 0.524ms
[975.204s][info][gc,cpu         ] GC(2710) User=0.00s Sys=0.00s Real=0.00s
[975.392s][info][gc,start       ] GC(2711) Pause Young (Allocation Failure)
[975.393s][info][gc,heap        ] GC(2711) PSYoungGen: 250944K(261632K)->64K(242176K) Eden: 250880K(250880K)->0K(241664K) From: 64K(10752K)->64K(512K)
[975.393s][info][gc,heap        ] GC(2711) ParOldGen: 86233K(175104K)->86233K(175104K)
[975.393s][info][gc,metaspace   ] GC(2711) Metaspace: 35555K(36416K)->35555K(36416K) NonClass: 26345K(27008K)->26345K(27008K) Class: 9210K(9408K)->9210K(9408K)
[975.393s][info][gc             ] GC(2711) Pause Young (Allocation Failure) 329M->84M(407M) 1.329ms
[975.393s][info][gc,cpu         ] GC(2711) User=0.00s Sys=0.00s Real=0.00s
[975.461s][info][gc,start       ] GC(2712) Pause Young (Allocation Failure)
[975.462s][info][gc,heap        ] GC(2712) PSYoungGen: 241728K(242176K)->64K(242176K) Eden: 241664K(241664K)->0K(232448K) From: 64K(512K)->64K(9728K)
[975.462s][info][gc,heap        ] GC(2712) ParOldGen: 86233K(175104K)->86249K(175104K)
[975.462s][info][gc,metaspace   ] GC(2712) Metaspace: 35555K(36416K)->35555K(36416K) NonClass: 26345K(27008K)->26345K(27008K) Class: 9210K(9408K)->9210K(9408K)
[975.462s][info][gc             ] GC(2712) Pause Young (Allocation Failure) 320M->84M(407M) 0.540ms
[975.462s][info][gc,cpu         ] GC(2712) User=0.00s Sys=0.00s Real=0.00s
[975.554s][info][gc,start       ] GC(2713) Pause Young (Allocation Failure)
[975.555s][info][gc,heap        ] GC(2713) PSYoungGen: 232512K(242176K)->64K(224256K) Eden: 232448K(232448K)->0K(223744K) From: 64K(9728K)->64K(512K)
[975.555s][info][gc,heap        ] GC(2713) ParOldGen: 86249K(175104K)->86249K(175104K)
[975.555s][info][gc,metaspace   ] GC(2713) Metaspace: 35555K(36416K)->35555K(36416K) NonClass: 26345K(27008K)->26345K(27008K) Class: 9210K(9408K)->9210K(9408K)
[975.555s][info][gc             ] GC(2713) Pause Young (Allocation Failure) 311M->84M(390M) 1.124ms
[975.555s][info][gc,cpu         ] GC(2713) User=0.00s Sys=0.00s Real=0.00s
[975.694s][info][gc,start       ] GC(2714) Pause Young (Allocation Failure)
[975.694s][info][gc,heap        ] GC(2714) PSYoungGen: 223808K(224256K)->64K(223744K) Eden: 223744K(223744K)->0K(215552K) From: 64K(512K)->64K(8192K)
[975.694s][info][gc,heap        ] GC(2714) ParOldGen: 86249K(175104K)->86257K(175104K)
[975.694s][info][gc,metaspace   ] GC(2714) Metaspace: 35555K(36416K)->35555K(36416K) NonClass: 26345K(27008K)->26345K(27008K) Class: 9210K(9408K)->9210K(9408K)
[975.694s][info][gc             ] GC(2714) Pause Young (Allocation Failure) 302M->84M(389M) 0.503ms
[975.694s][info][gc,cpu         ] GC(2714) User=0.00s Sys=0.00s Real=0.00s
[976.571s][info][gc,start       ] GC(2715) Pause Young (Allocation Failure)
[976.573s][info][gc,heap        ] GC(2715) PSYoungGen: 215611K(223744K)->83K(208384K) Eden: 215547K(215552K)->0K(207872K) From: 64K(8192K)->83K(512K)
[976.573s][info][gc,heap        ] GC(2715) ParOldGen: 86257K(175104K)->86265K(175104K)
[976.573s][info][gc,metaspace   ] GC(2715) Metaspace: 35555K(36416K)->35555K(36416K) NonClass: 26345K(27008K)->26345K(27008K) Class: 9210K(9408K)->9210K(9408K)
[976.573s][info][gc             ] GC(2715) Pause Young (Allocation Failure) 294M->84M(374M) 1.146ms
[976.573s][info][gc,cpu         ] GC(2715) User=0.00s Sys=0.00s Real=0.00s
[976.608s][info][gc,start       ] GC(2716) Pause Young (Allocation Failure)
[976.609s][info][gc,heap        ] GC(2716) PSYoungGen: 207955K(208384K)->51K(207872K) Eden: 207872K(207872K)->0K(200704K) From: 83K(512K)->51K(7168K)
[976.609s][info][gc,heap        ] GC(2716) ParOldGen: 86265K(175104K)->86281K(175104K)
[976.609s][info][gc,metaspace   ] GC(2716) Metaspace: 35555K(36416K)->35555K(36416K) NonClass: 26345K(27008K)->26345K(27008K) Class: 9210K(9408K)->9210K(9408K)
[976.609s][info][gc             ] GC(2716) Pause Young (Allocation Failure) 287M->84M(374M) 0.857ms
[976.609s][info][gc,cpu         ] GC(2716) User=0.00s Sys=0.00s Real=0.01s
[977.452s][info][gc,start       ] GC(2717) Pause Young (Allocation Failure)
[977.453s][info][gc,heap        ] GC(2717) PSYoungGen: 200755K(207872K)->83K(194048K) Eden: 200704K(200704K)->0K(193536K) From: 51K(7168K)->83K(512K)
[977.453s][info][gc,heap        ] GC(2717) ParOldGen: 86281K(175104K)->86281K(175104K)
[977.453s][info][gc,metaspace   ] GC(2717) Metaspace: 35555K(36416K)->35555K(36416K) NonClass: 26345K(27008K)->26345K(27008K) Class: 9210K(9408K)->9210K(9408K)
[977.453s][info][gc             ] GC(2717) Pause Young (Allocation Failure) 280M->84M(360M) 1.537ms
[977.453s][info][gc,cpu         ] GC(2717) User=0.00s Sys=0.00s Real=0.00s
[977.698s][info][gc,start       ] GC(2718) Pause Young (Allocation Failure)
[977.699s][info][gc,heap        ] GC(2718) PSYoungGen: 193619K(194048K)->64K(193536K) Eden: 193536K(193536K)->0K(186880K) From: 83K(512K)->64K(6656K)
[977.699s][info][gc,heap        ] GC(2718) ParOldGen: 86281K(175104K)->86336K(175104K)
[977.699s][info][gc,metaspace   ] GC(2718) Metaspace: 35555K(36416K)->35555K(36416K) NonClass: 26345K(27008K)->26345K(27008K) Class: 9210K(9408K)->9210K(9408K)
[977.699s][info][gc             ] GC(2718) Pause Young (Allocation Failure) 273M->84M(360M) 0.868ms
[977.699s][info][gc,cpu         ] GC(2718) User=0.00s Sys=0.00s Real=0.01s
[977.982s][info][gc,start       ] GC(2719) Pause Young (Allocation Failure)
[977.983s][info][gc,heap        ] GC(2719) PSYoungGen: 186944K(193536K)->64K(180736K) Eden: 186880K(186880K)->0K(180224K) From: 64K(6656K)->64K(512K)
[977.983s][info][gc,heap        ] GC(2719) ParOldGen: 86336K(175104K)->86344K(175104K)
[977.983s][info][gc,metaspace   ] GC(2719) Metaspace: 35555K(36416K)->35555K(36416K) NonClass: 26345K(27008K)->26345K(27008K) Class: 9210K(9408K)->9210K(9408K)
[977.983s][info][gc             ] GC(2719) Pause Young (Allocation Failure) 266M->84M(347M) 1.176ms
[977.983s][info][gc,cpu         ] GC(2719) User=0.00s Sys=0.00s Real=0.00s
[978.871s][info][gc,start       ] GC(2720) Pause Young (Allocation Failure)
[978.872s][info][gc,heap        ] GC(2720) PSYoungGen: 180288K(180736K)->64K(179712K) Eden: 180224K(180224K)->0K(174080K) From: 64K(512K)->64K(5632K)
[978.872s][info][gc,heap        ] GC(2720) ParOldGen: 86344K(175104K)->86360K(175104K)
[978.872s][info][gc,metaspace   ] GC(2720) Metaspace: 35555K(36416K)->35555K(36416K) NonClass: 26345K(27008K)->26345K(27008K) Class: 9210K(9408K)->9210K(9408K)
[978.872s][info][gc             ] GC(2720) Pause Young (Allocation Failure) 260M->84M(346M) 0.964ms
[978.872s][info][gc,cpu         ] GC(2720) User=0.00s Sys=0.00s Real=0.00s
[979.045s][info][gc,start       ] GC(2721) Pause Young (Allocation Failure)
[979.046s][info][gc,heap        ] GC(2721) PSYoungGen: 174144K(179712K)->64K(168960K) Eden: 174080K(174080K)->0K(168448K) From: 64K(5632K)->64K(512K)
[979.046s][info][gc,heap        ] GC(2721) ParOldGen: 86360K(175104K)->86368K(175104K)
[979.046s][info][gc,metaspace   ] GC(2721) Metaspace: 35555K(36416K)->35555K(36416K) NonClass: 26345K(27008K)->26345K(27008K) Class: 9210K(9408K)->9210K(9408K)
[979.046s][info][gc             ] GC(2721) Pause Young (Allocation Failure) 254M->84M(336M) 1.305ms
[979.046s][info][gc,cpu         ] GC(2721) User=0.01s Sys=0.00s Real=0.00s
[979.315s][info][gc,start       ] GC(2722) Pause Young (Allocation Failure)
[979.316s][info][gc,heap        ] GC(2722) PSYoungGen: 168512K(168960K)->64K(167424K) Eden: 168448K(168448K)->0K(162816K) From: 64K(512K)->64K(4608K)
[979.316s][info][gc,heap        ] GC(2722) ParOldGen: 86368K(175104K)->86376K(175104K)
[979.316s][info][gc,metaspace   ] GC(2722) Metaspace: 35555K(36416K)->35555K(36416K) NonClass: 26345K(27008K)->26345K(27008K) Class: 9210K(9408K)->9210K(9408K)
[979.316s][info][gc             ] GC(2722) Pause Young (Allocation Failure) 248M->84M(334M) 0.916ms
[979.316s][info][gc,cpu         ] GC(2722) User=0.00s Sys=0.00s Real=0.00s
[979.427s][info][gc,start       ] GC(2723) Pause Young (Allocation Failure)
[979.429s][info][gc,heap        ] GC(2723) PSYoungGen: 162880K(167424K)->64K(158208K) Eden: 162816K(162816K)->0K(157696K) From: 64K(4608K)->64K(512K)
[979.429s][info][gc,heap        ] GC(2723) ParOldGen: 86376K(175104K)->86384K(175104K)
[979.429s][info][gc,metaspace   ] GC(2723) Metaspace: 35555K(36416K)->35555K(36416K) NonClass: 26345K(27008K)->26345K(27008K) Class: 9210K(9408K)->9210K(9408K)
[979.429s][info][gc             ] GC(2723) Pause Young (Allocation Failure) 243M->84M(325M) 1.374ms
[979.429s][info][gc,cpu         ] GC(2723) User=0.00s Sys=0.00s Real=0.01s
[979.473s][info][gc,start       ] GC(2724) Pause Young (Allocation Failure)
[979.473s][info][gc,heap        ] GC(2724) PSYoungGen: 157760K(158208K)->64K(156672K) Eden: 157696K(157696K)->0K(152576K) From: 64K(512K)->64K(4096K)
[979.473s][info][gc,heap        ] GC(2724) ParOldGen: 86384K(175104K)->86392K(175104K)
[979.473s][info][gc,metaspace   ] GC(2724) Metaspace: 35555K(36416K)->35555K(36416K) NonClass: 26345K(27008K)->26345K(27008K) Class: 9210K(9408K)->9210K(9408K)
[979.473s][info][gc             ] GC(2724) Pause Young (Allocation Failure) 238M->84M(324M) 0.749ms
[979.473s][info][gc,cpu         ] GC(2724) User=0.00s Sys=0.00s Real=0.00s
[979.732s][info][gc,start       ] GC(2725) Pause Young (Allocation Failure)
[979.733s][info][gc,heap        ] GC(2725) PSYoungGen: 152640K(156672K)->64K(147968K) Eden: 152576K(152576K)->0K(147456K) From: 64K(4096K)->64K(512K)
[979.733s][info][gc,heap        ] GC(2725) ParOldGen: 86392K(175104K)->86400K(175104K)
[979.733s][info][gc,metaspace   ] GC(2725) Metaspace: 35555K(36416K)->35555K(36416K) NonClass: 26345K(27008K)->26345K(27008K) Class: 9210K(9408K)->9210K(9408K)
[979.733s][info][gc             ] GC(2725) Pause Young (Allocation Failure) 233M->84M(315M) 1.161ms
[979.733s][info][gc,cpu         ] GC(2725) User=0.00s Sys=0.00s Real=0.00s
[980.108s][info][gc,start       ] GC(2726) Pause Young (Allocation Failure)
[980.109s][info][gc,heap        ] GC(2726) PSYoungGen: 147520K(147968K)->64K(146432K) Eden: 147456K(147456K)->0K(142848K) From: 64K(512K)->64K(3584K)
[980.109s][info][gc,heap        ] GC(2726) ParOldGen: 86400K(175104K)->86408K(175104K)
[980.109s][info][gc,metaspace   ] GC(2726) Metaspace: 35555K(36416K)->35555K(36416K) NonClass: 26345K(27008K)->26345K(27008K) Class: 9210K(9408K)->9210K(9408K)
[980.109s][info][gc             ] GC(2726) Pause Young (Allocation Failure) 228M->84M(314M) 0.937ms
[980.109s][info][gc,cpu         ] GC(2726) User=0.00s Sys=0.00s Real=0.01s
[980.167s][info][gc,start       ] GC(2727) Pause Young (Allocation Failure)
[980.168s][info][gc,heap        ] GC(2727) PSYoungGen: 142912K(146432K)->64K(138752K) Eden: 142848K(142848K)->0K(138240K) From: 64K(3584K)->64K(512K)
[980.168s][info][gc,heap        ] GC(2727) ParOldGen: 86408K(175104K)->86416K(175104K)
[980.168s][info][gc,metaspace   ] GC(2727) Metaspace: 35555K(36416K)->35555K(36416K) NonClass: 26345K(27008K)->26345K(27008K) Class: 9210K(9408K)->9210K(9408K)
[980.168s][info][gc             ] GC(2727) Pause Young (Allocation Failure) 223M->84M(306M) 1.345ms
[980.168s][info][gc,cpu         ] GC(2727) User=0.00s Sys=0.00s Real=0.00s
[980.386s][info][gc,start       ] GC(2728) Pause Young (Allocation Failure)
[980.387s][info][gc,heap        ] GC(2728) PSYoungGen: 138304K(138752K)->64K(137216K) Eden: 138240K(138240K)->0K(134144K) From: 64K(512K)->64K(3072K)
[980.387s][info][gc,heap        ] GC(2728) ParOldGen: 86416K(175104K)->86424K(175104K)
[980.387s][info][gc,metaspace   ] GC(2728) Metaspace: 35555K(36416K)->35555K(36416K) NonClass: 26345K(27008K)->26345K(27008K) Class: 9210K(9408K)->9210K(9408K)
[980.387s][info][gc             ] GC(2728) Pause Young (Allocation Failure) 219M->84M(305M) 0.932ms
[980.387s][info][gc,cpu         ] GC(2728) User=0.00s Sys=0.00s Real=0.00s
[980.591s][info][gc,start       ] GC(2729) Pause Young (Allocation Failure)
[980.611s][info][gc,heap        ] GC(2729) PSYoungGen: 134208K(137216K)->3072K(163328K) Eden: 134144K(134144K)->0K(160256K) From: 64K(3072K)->3072K(3072K)
[980.611s][info][gc,heap        ] GC(2729) ParOldGen: 86424K(175104K)->95232K(175104K)
[980.611s][info][gc,metaspace   ] GC(2729) Metaspace: 35555K(36416K)->35555K(36416K) NonClass: 26345K(27008K)->26345K(27008K) Class: 9210K(9408K)->9210K(9408K)
[980.611s][info][gc             ] GC(2729) Pause Young (Allocation Failure) 215M->96M(330M) 19.265ms
[980.611s][info][gc,cpu         ] GC(2729) User=0.03s Sys=0.00s Real=0.02s
[980.820s][info][gc,start       ] GC(2730) Pause Young (Allocation Failure)
[980.852s][info][gc,heap        ] GC(2730) PSYoungGen: 163328K(163328K)->7168K(199168K) Eden: 160256K(160256K)->0K(192000K) From: 3072K(3072K)->7168K(7168K)
[980.852s][info][gc,heap        ] GC(2730) ParOldGen: 95232K(175104K)->106568K(175104K)
[980.852s][info][gc,metaspace   ] GC(2730) Metaspace: 35555K(36416K)->35555K(36416K) NonClass: 26345K(27008K)->26345K(27008K) Class: 9210K(9408K)->9210K(9408K)
[980.852s][info][gc             ] GC(2730) Pause Young (Allocation Failure) 252M->111M(365M) 31.707ms
[980.852s][info][gc,cpu         ] GC(2730) User=0.06s Sys=0.00s Real=0.03s
[981.102s][info][gc,start       ] GC(2731) Pause Young (Allocation Failure)
[981.138s][info][gc,heap        ] GC(2731) PSYoungGen: 199168K(199168K)->4608K(222720K) Eden: 192000K(192000K)->0K(218112K) From: 7168K(7168K)->4608K(4608K)
[981.138s][info][gc,heap        ] GC(2731) ParOldGen: 106568K(175104K)->124144K(175104K)
[981.138s][info][gc,metaspace   ] GC(2731) Metaspace: 35555K(36416K)->35555K(36416K) NonClass: 26345K(27008K)->26345K(27008K) Class: 9210K(9408K)->9210K(9408K)
[981.138s][info][gc             ] GC(2731) Pause Young (Allocation Failure) 298M->125M(388M) 35.851ms
[981.138s][info][gc,cpu         ] GC(2731) User=0.07s Sys=0.00s Real=0.03s
[981.291s][info][gc,start       ] GC(2732) Pause Young (Allocation Failure)
[981.310s][info][gc,heap        ] GC(2732) PSYoungGen: 222720K(222720K)->10656K(237056K) Eden: 218112K(218112K)->0K(218112K) From: 4608K(4608K)->10656K(18944K)
[981.310s][info][gc,heap        ] GC(2732) ParOldGen: 124144K(175104K)->124624K(175104K)
[981.310s][info][gc,metaspace   ] GC(2732) Metaspace: 35555K(36416K)->35555K(36416K) NonClass: 26345K(27008K)->26345K(27008K) Class: 9210K(9408K)->9210K(9408K)
[981.310s][info][gc             ] GC(2732) Pause Young (Allocation Failure) 338M->132M(402M) 19.893ms
[981.310s][info][gc,cpu         ] GC(2732) User=0.04s Sys=0.00s Real=0.02s
[981.465s][info][gc,start       ] GC(2733) Pause Young (Allocation Failure)
[981.466s][info][gc,heap        ] GC(2733) PSYoungGen: 228768K(237056K)->64K(280064K) Eden: 218112K(218112K)->0K(261632K) From: 10656K(18944K)->64K(18432K)
[981.466s][info][gc,heap        ] GC(2733) ParOldGen: 124624K(175104K)->124632K(175104K)
[981.466s][info][gc,metaspace   ] GC(2733) Metaspace: 35555K(36416K)->35555K(36416K) NonClass: 26345K(27008K)->26345K(27008K) Class: 9210K(9408K)->9210K(9408K)
[981.466s][info][gc             ] GC(2733) Pause Young (Allocation Failure) 345M->121M(444M) 0.792ms
[981.466s][info][gc,cpu         ] GC(2733) User=0.00s Sys=0.00s Real=0.00s
[982.120s][info][gc,start       ] GC(2734) Pause Young (Allocation Failure)
[982.121s][info][gc,heap        ] GC(2734) PSYoungGen: 261696K(280064K)->64K(280576K) Eden: 261632K(261632K)->0K(261632K) From: 64K(18432K)->64K(18944K)
[982.121s][info][gc,heap        ] GC(2734) ParOldGen: 124632K(175104K)->124648K(175104K)
[982.121s][info][gc,metaspace   ] GC(2734) Metaspace: 35555K(36416K)->35555K(36416K) NonClass: 26345K(27008K)->26345K(27008K) Class: 9210K(9408K)->9210K(9408K)
[982.121s][info][gc             ] GC(2734) Pause Young (Allocation Failure) 377M->121M(445M) 1.027ms
[982.121s][info][gc,cpu         ] GC(2734) User=0.00s Sys=0.00s Real=0.00s
[982.423s][info][gc,start       ] GC(2735) Pause Young (Allocation Failure)
[982.424s][info][gc,heap        ] GC(2735) PSYoungGen: 261696K(280576K)->64K(313856K) Eden: 261632K(261632K)->0K(296448K) From: 64K(18944K)->64K(17408K)
[982.424s][info][gc,heap        ] GC(2735) ParOldGen: 124648K(175104K)->124648K(175104K)
[982.424s][info][gc,metaspace   ] GC(2735) Metaspace: 35555K(36416K)->35555K(36416K) NonClass: 26345K(27008K)->26345K(27008K) Class: 9210K(9408K)->9210K(9408K)
[982.424s][info][gc             ] GC(2735) Pause Young (Allocation Failure) 377M->121M(477M) 0.943ms
[982.424s][info][gc,cpu         ] GC(2735) User=0.00s Sys=0.00s Real=0.00s
[982.883s][info][gc,start       ] GC(2736) Pause Young (Allocation Failure)
[982.884s][info][gc,heap        ] GC(2736) PSYoungGen: 296512K(313856K)->64K(314368K) Eden: 296448K(296448K)->0K(296448K) From: 64K(17408K)->64K(17920K)
[982.884s][info][gc,heap        ] GC(2736) ParOldGen: 124648K(175104K)->124664K(175104K)
[982.884s][info][gc,metaspace   ] GC(2736) Metaspace: 35555K(36416K)->35555K(36416K) NonClass: 26345K(27008K)->26345K(27008K) Class: 9210K(9408K)->9210K(9408K)
[982.884s][info][gc             ] GC(2736) Pause Young (Allocation Failure) 411M->121M(478M) 1.458ms
[982.884s][info][gc,cpu         ] GC(2736) User=0.00s Sys=0.00s Real=0.00s
[983.127s][info][gc,start       ] GC(2737) Pause Young (Allocation Failure)
[983.128s][info][gc,heap        ] GC(2737) PSYoungGen: 296512K(314368K)->32K(313856K) Eden: 296448K(296448K)->0K(298496K) From: 64K(17920K)->32K(15360K)
[983.128s][info][gc,heap        ] GC(2737) ParOldGen: 124664K(175104K)->124680K(175104K)
[983.128s][info][gc,metaspace   ] GC(2737) Metaspace: 35555K(36416K)->35555K(36416K) NonClass: 26345K(27008K)->26345K(27008K) Class: 9210K(9408K)->9210K(9408K)
[983.128s][info][gc             ] GC(2737) Pause Young (Allocation Failure) 411M->121M(477M) 1.194ms
[983.128s][info][gc,cpu         ] GC(2737) User=0.01s Sys=0.00s Real=0.00s
[983.501s][info][gc,start       ] GC(2738) Pause Young (Allocation Failure)
[983.502s][info][gc,heap        ] GC(2738) PSYoungGen: 298528K(313856K)->64K(314880K) Eden: 298496K(298496K)->0K(298496K) From: 32K(15360K)->64K(16384K)
[983.502s][info][gc,heap        ] GC(2738) ParOldGen: 124680K(175104K)->124680K(175104K)
[983.502s][info][gc,metaspace   ] GC(2738) Metaspace: 35555K(36416K)->35555K(36416K) NonClass: 26345K(27008K)->26345K(27008K) Class: 9210K(9408K)->9210K(9408K)
[983.502s][info][gc             ] GC(2738) Pause Young (Allocation Failure) 413M->121M(478M) 1.265ms
[983.502s][info][gc,cpu         ] GC(2738) User=0.00s Sys=0.00s Real=0.00s
[983.553s][info][gc,start       ] GC(2739) Pause Young (Allocation Failure)
[983.554s][info][gc,heap        ] GC(2739) PSYoungGen: 298560K(314880K)->64K(315904K) Eden: 298496K(298496K)->0K(301568K) From: 64K(16384K)->64K(14336K)
[983.554s][info][gc,heap        ] GC(2739) ParOldGen: 124680K(175104K)->124696K(175104K)
[983.554s][info][gc,metaspace   ] GC(2739) Metaspace: 35555K(36416K)->35555K(36416K) NonClass: 26345K(27008K)->26345K(27008K) Class: 9210K(9408K)->9210K(9408K)
[983.554s][info][gc             ] GC(2739) Pause Young (Allocation Failure) 413M->121M(479M) 0.991ms
[983.554s][info][gc,cpu         ] GC(2739) User=0.00s Sys=0.00s Real=0.00s
[983.608s][info][gc,start       ] GC(2740) Pause Young (Allocation Failure)
[983.609s][info][gc,heap        ] GC(2740) PSYoungGen: 301632K(315904K)->32K(316928K) Eden: 301568K(301568K)->0K(301568K) From: 64K(14336K)->32K(15360K)
[983.609s][info][gc,heap        ] GC(2740) ParOldGen: 124696K(175104K)->124712K(175104K)
[983.609s][info][gc,metaspace   ] GC(2740) Metaspace: 35555K(36416K)->35555K(36416K) NonClass: 26345K(27008K)->26345K(27008K) Class: 9210K(9408K)->9210K(9408K)
[983.609s][info][gc             ] GC(2740) Pause Young (Allocation Failure) 416M->121M(480M) 1.047ms
[983.609s][info][gc,cpu         ] GC(2740) User=0.00s Sys=0.00s Real=0.01s
[983.884s][info][gc,start       ] GC(2741) Pause Young (Allocation Failure)
[983.885s][info][gc,heap        ] GC(2741) PSYoungGen: 301600K(316928K)->64K(317440K) Eden: 301568K(301568K)->0K(304128K) From: 32K(15360K)->64K(13312K)
[983.885s][info][gc,heap        ] GC(2741) ParOldGen: 124712K(175104K)->124712K(175104K)
[983.885s][info][gc,metaspace   ] GC(2741) Metaspace: 35555K(36416K)->35555K(36416K) NonClass: 26345K(27008K)->26345K(27008K) Class: 9210K(9408K)->9210K(9408K)
[983.885s][info][gc             ] GC(2741) Pause Young (Allocation Failure) 416M->121M(481M) 1.112ms
[983.885s][info][gc,cpu         ] GC(2741) User=0.01s Sys=0.00s Real=0.00s
[984.155s][info][gc,start       ] GC(2742) Pause Young (Allocation Failure)
[984.156s][info][gc,heap        ] GC(2742) PSYoungGen: 304192K(317440K)->64K(317952K) Eden: 304128K(304128K)->0K(304128K) From: 64K(13312K)->64K(13824K)
[984.156s][info][gc,heap        ] GC(2742) ParOldGen: 124712K(175104K)->124720K(175104K)
[984.156s][info][gc,metaspace   ] GC(2742) Metaspace: 35555K(36416K)->35555K(36416K) NonClass: 26345K(27008K)->26345K(27008K) Class: 9210K(9408K)->9210K(9408K)
[984.156s][info][gc             ] GC(2742) Pause Young (Allocation Failure) 418M->121M(481M) 1.045ms
[984.156s][info][gc,cpu         ] GC(2742) User=0.00s Sys=0.00s Real=0.00s
[984.258s][info][gc,start       ] GC(2743) Pause Young (Allocation Failure)
[984.259s][info][gc,heap        ] GC(2743) PSYoungGen: 304192K(317952K)->64K(319488K) Eden: 304128K(304128K)->0K(307200K) From: 64K(13824K)->64K(12288K)
[984.259s][info][gc,heap        ] GC(2743) ParOldGen: 124720K(175104K)->124736K(175104K)
[984.259s][info][gc,metaspace   ] GC(2743) Metaspace: 35555K(36416K)->35555K(36416K) NonClass: 26345K(27008K)->26345K(27008K) Class: 9210K(9408K)->9210K(9408K)
[984.259s][info][gc             ] GC(2743) Pause Young (Allocation Failure) 418M->121M(483M) 1.115ms
[984.259s][info][gc,cpu         ] GC(2743) User=0.00s Sys=0.00s Real=0.01s
[984.404s][info][gc,start       ] GC(2744) Pause Young (Allocation Failure)
[984.405s][info][gc,heap        ] GC(2744) PSYoungGen: 307264K(319488K)->64K(319488K) Eden: 307200K(307200K)->0K(307200K) From: 64K(12288K)->64K(12288K)
[984.405s][info][gc,heap        ] GC(2744) ParOldGen: 124736K(175104K)->124744K(175104K)
[984.405s][info][gc,metaspace   ] GC(2744) Metaspace: 35555K(36416K)->35555K(36416K) NonClass: 26345K(27008K)->26345K(27008K) Class: 9210K(9408K)->9210K(9408K)
[984.405s][info][gc             ] GC(2744) Pause Young (Allocation Failure) 421M->121M(483M) 1.139ms
[984.405s][info][gc,cpu         ] GC(2744) User=0.00s Sys=0.00s Real=0.00s
[984.814s][info][gc,start       ] GC(2745) Pause Young (Allocation Failure)
[984.815s][info][gc,heap        ] GC(2745) PSYoungGen: 307264K(319488K)->64K(295424K) Eden: 307200K(307200K)->0K(294912K) From: 64K(12288K)->64K(512K)
[984.815s][info][gc,heap        ] GC(2745) ParOldGen: 124744K(175104K)->124752K(175104K)
[984.815s][info][gc,metaspace   ] GC(2745) Metaspace: 35555K(36416K)->35555K(36416K) NonClass: 26345K(27008K)->26345K(27008K) Class: 9210K(9408K)->9210K(9408K)
[984.815s][info][gc             ] GC(2745) Pause Young (Allocation Failure) 421M->121M(459M) 1.231ms
[984.815s][info][gc,cpu         ] GC(2745) User=0.00s Sys=0.00s Real=0.00s
[985.640s][info][gc,start       ] GC(2746) Pause Young (Allocation Failure)
[985.641s][info][gc,heap        ] GC(2746) PSYoungGen: 294976K(295424K)->64K(293888K) Eden: 294912K(294912K)->0K(283136K) From: 64K(512K)->64K(10752K)
[985.641s][info][gc,heap        ] GC(2746) ParOldGen: 124752K(175104K)->124760K(175104K)
[985.641s][info][gc,metaspace   ] GC(2746) Metaspace: 35555K(36416K)->35555K(36416K) NonClass: 26345K(27008K)->26345K(27008K) Class: 9210K(9408K)->9210K(9408K)
[985.641s][info][gc             ] GC(2746) Pause Young (Allocation Failure) 409M->121M(458M) 1.107ms
[985.641s][info][gc,cpu         ] GC(2746) User=0.00s Sys=0.00s Real=0.00s
[986.355s][info][gc,start       ] GC(2747) Pause Young (Allocation Failure)
[986.357s][info][gc,heap        ] GC(2747) PSYoungGen: 283200K(293888K)->64K(272896K) Eden: 283136K(283136K)->0K(272384K) From: 64K(10752K)->64K(512K)
[986.357s][info][gc,heap        ] GC(2747) ParOldGen: 124760K(175104K)->124768K(175104K)
[986.357s][info][gc,metaspace   ] GC(2747) Metaspace: 35555K(36416K)->35555K(36416K) NonClass: 26345K(27008K)->26345K(27008K) Class: 9210K(9408K)->9210K(9408K)
[986.357s][info][gc             ] GC(2747) Pause Young (Allocation Failure) 398M->121M(437M) 1.393ms
[986.357s][info][gc,cpu         ] GC(2747) User=0.00s Sys=0.00s Real=0.00s
[986.820s][info][gc,start       ] GC(2748) Pause Young (Allocation Failure)
[986.821s][info][gc,heap        ] GC(2748) PSYoungGen: 272448K(272896K)->64K(271360K) Eden: 272384K(272384K)->0K(262144K) From: 64K(512K)->64K(9216K)
[986.821s][info][gc,heap        ] GC(2748) ParOldGen: 124768K(175104K)->124784K(175104K)
[986.821s][info][gc,metaspace   ] GC(2748) Metaspace: 35555K(36416K)->35555K(36416K) NonClass: 26345K(27008K)->26345K(27008K) Class: 9210K(9408K)->9210K(9408K)
[986.821s][info][gc             ] GC(2748) Pause Young (Allocation Failure) 387M->121M(436M) 1.091ms
[986.821s][info][gc,cpu         ] GC(2748) User=0.00s Sys=0.00s Real=0.00s
[987.783s][info][gc,start       ] GC(2749) Pause Young (Allocation Failure)
[987.785s][info][gc,heap        ] GC(2749) PSYoungGen: 262208K(271360K)->64K(252928K) Eden: 262144K(262144K)->0K(252416K) From: 64K(9216K)->64K(512K)
[987.785s][info][gc,heap        ] GC(2749) ParOldGen: 124784K(175104K)->124792K(175104K)
[987.785s][info][gc,metaspace   ] GC(2749) Metaspace: 35555K(36416K)->35555K(36416K) NonClass: 26345K(27008K)->26345K(27008K) Class: 9210K(9408K)->9210K(9408K)
[987.785s][info][gc             ] GC(2749) Pause Young (Allocation Failure) 377M->121M(418M) 1.494ms
[987.785s][info][gc,cpu         ] GC(2749) User=0.00s Sys=0.00s Real=0.00s
[988.113s][info][gc,start       ] GC(2750) Pause Young (Allocation Failure)
[988.114s][info][gc,heap        ] GC(2750) PSYoungGen: 252480K(252928K)->64K(250880K) Eden: 252416K(252416K)->0K(242688K) From: 64K(512K)->64K(8192K)
[988.114s][info][gc,heap        ] GC(2750) ParOldGen: 124792K(175104K)->124800K(175104K)
[988.114s][info][gc,metaspace   ] GC(2750) Metaspace: 35555K(36416K)->35555K(36416K) NonClass: 26345K(27008K)->26345K(27008K) Class: 9210K(9408K)->9210K(9408K)
[988.114s][info][gc             ] GC(2750) Pause Young (Allocation Failure) 368M->121M(416M) 1.120ms
[988.114s][info][gc,cpu         ] GC(2750) User=0.00s Sys=0.00s Real=0.00s
[988.242s][info][gc,start       ] GC(2751) Pause Young (Allocation Failure)
[988.243s][info][gc,heap        ] GC(2751) PSYoungGen: 242752K(250880K)->64K(233984K) Eden: 242688K(242688K)->0K(233472K) From: 64K(8192K)->64K(512K)
[988.243s][info][gc,heap        ] GC(2751) ParOldGen: 124800K(175104K)->124808K(175104K)
[988.244s][info][gc,metaspace   ] GC(2751) Metaspace: 35555K(36416K)->35555K(36416K) NonClass: 26345K(27008K)->26345K(27008K) Class: 9210K(9408K)->9210K(9408K)
[988.244s][info][gc             ] GC(2751) Pause Young (Allocation Failure) 358M->121M(399M) 1.708ms
[988.244s][info][gc,cpu         ] GC(2751) User=0.00s Sys=0.00s Real=0.00s
[988.547s][info][gc,start       ] GC(2752) Pause Young (Allocation Failure)
[988.548s][info][gc,heap        ] GC(2752) PSYoungGen: 233536K(233984K)->64K(231936K) Eden: 233472K(233472K)->0K(224768K) From: 64K(512K)->64K(7168K)
[988.548s][info][gc,heap        ] GC(2752) ParOldGen: 124808K(175104K)->124816K(175104K)
[988.548s][info][gc,metaspace   ] GC(2752) Metaspace: 35555K(36416K)->35555K(36416K) NonClass: 26345K(27008K)->26345K(27008K) Class: 9210K(9408K)->9210K(9408K)
[988.548s][info][gc             ] GC(2752) Pause Young (Allocation Failure) 349M->121M(397M) 1.246ms
[988.548s][info][gc,cpu         ] GC(2752) User=0.00s Sys=0.00s Real=0.00s
[988.927s][info][gc,start       ] GC(2753) Pause Young (Allocation Failure)
[988.928s][info][gc,heap        ] GC(2753) PSYoungGen: 224832K(231936K)->64K(217088K) Eden: 224768K(224768K)->0K(216576K) From: 64K(7168K)->64K(512K)
[988.928s][info][gc,heap        ] GC(2753) ParOldGen: 124816K(175104K)->124824K(175104K)
[988.928s][info][gc,metaspace   ] GC(2753) Metaspace: 35555K(36416K)->35555K(36416K) NonClass: 26345K(27008K)->26345K(27008K) Class: 9210K(9408K)->9210K(9408K)
[988.928s][info][gc             ] GC(2753) Pause Young (Allocation Failure) 341M->121M(383M) 1.655ms
[988.928s][info][gc,cpu         ] GC(2753) User=0.00s Sys=0.00s Real=0.00s
[989.230s][info][gc,start       ] GC(2754) Pause Young (Allocation Failure)
[989.231s][info][gc,heap        ] GC(2754) PSYoungGen: 216640K(217088K)->64K(215040K) Eden: 216576K(216576K)->0K(208896K) From: 64K(512K)->64K(6144K)
[989.231s][info][gc,heap        ] GC(2754) ParOldGen: 124824K(175104K)->124832K(175104K)
[989.231s][info][gc,metaspace   ] GC(2754) Metaspace: 35555K(36416K)->35555K(36416K) NonClass: 26345K(27008K)->26345K(27008K) Class: 9210K(9408K)->9210K(9408K)
[989.231s][info][gc             ] GC(2754) Pause Young (Allocation Failure) 333M->121M(381M) 1.239ms
[989.231s][info][gc,cpu         ] GC(2754) User=0.00s Sys=0.00s Real=0.00s
[989.514s][info][gc,start       ] GC(2755) Pause Young (Allocation Failure)
[989.553s][info][gc,heap        ] GC(2755) PSYoungGen: 208960K(215040K)->5632K(255488K) Eden: 208896K(208896K)->0K(249856K) From: 64K(6144K)->5632K(5632K)
[989.553s][info][gc,heap        ] GC(2755) ParOldGen: 124832K(175104K)->142008K(175104K)
[989.553s][info][gc,metaspace   ] GC(2755) Metaspace: 35555K(36416K)->35555K(36416K) NonClass: 26345K(27008K)->26345K(27008K) Class: 9210K(9408K)->9210K(9408K)
[989.553s][info][gc             ] GC(2755) Pause Young (Allocation Failure) 325M->144M(420M) 38.766ms
[989.553s][info][gc,cpu         ] GC(2755) User=0.07s Sys=0.00s Real=0.04s
[989.876s][info][gc,start       ] GC(2756) Pause Young (Allocation Failure)
[989.922s][info][gc,heap        ] GC(2756) PSYoungGen: 255488K(255488K)->13312K(276480K) Eden: 249856K(249856K)->0K(263168K) From: 5632K(5632K)->13312K(13312K)
[989.922s][info][gc,heap        ] GC(2756) ParOldGen: 142008K(175104K)->157624K(175104K)
[989.922s][info][gc,metaspace   ] GC(2756) Metaspace: 35555K(36416K)->35555K(36416K) NonClass: 26345K(27008K)->26345K(27008K) Class: 9210K(9408K)->9210K(9408K)
[989.922s][info][gc             ] GC(2756) Pause Young (Allocation Failure) 388M->166M(441M) 46.319ms
[989.922s][info][gc,cpu         ] GC(2756) User=0.10s Sys=0.00s Real=0.05s
[990.092s][info][gc,start       ] GC(2757) Pause Young (Allocation Failure)
[990.118s][info][gc,heap        ] GC(2757) PSYoungGen: 276480K(276480K)->11392K(310784K) Eden: 263168K(263168K)->0K(288768K) From: 13312K(13312K)->11392K(22016K)
[990.118s][info][gc,heap        ] GC(2757) ParOldGen: 157624K(175104K)->158040K(175104K)
[990.118s][info][gc,metaspace   ] GC(2757) Metaspace: 35555K(36416K)->35555K(36416K) NonClass: 26345K(27008K)->26345K(27008K) Class: 9210K(9408K)->9210K(9408K)
[990.118s][info][gc             ] GC(2757) Pause Young (Allocation Failure) 423M->165M(474M) 26.120ms
[990.118s][info][gc,cpu         ] GC(2757) User=0.05s Sys=0.01s Real=0.02s
[990.527s][info][gc,start       ] GC(2758) Pause Young (Allocation Failure)
[990.528s][info][gc,heap        ] GC(2758) PSYoungGen: 300160K(310784K)->64K(311296K) Eden: 288768K(288768K)->0K(288768K) From: 11392K(22016K)->64K(22528K)
[990.528s][info][gc,heap        ] GC(2758) ParOldGen: 158040K(175104K)->158048K(175104K)
[990.528s][info][gc,metaspace   ] GC(2758) Metaspace: 35555K(36416K)->35555K(36416K) NonClass: 26345K(27008K)->26345K(27008K) Class: 9210K(9408K)->9210K(9408K)
[990.528s][info][gc             ] GC(2758) Pause Young (Allocation Failure) 447M->154M(475M) 0.868ms
[990.528s][info][gc,cpu         ] GC(2758) User=0.00s Sys=0.00s Real=0.00s
[991.091s][info][gc,start       ] GC(2759) Pause Young (Allocation Failure)
[991.092s][info][gc,heap        ] GC(2759) PSYoungGen: 288832K(311296K)->64K(310272K) Eden: 288768K(288768K)->0K(289280K) From: 64K(22528K)->64K(20992K)
[991.092s][info][gc,heap        ] GC(2759) ParOldGen: 158048K(175104K)->158056K(175104K)
[991.092s][info][gc,metaspace   ] GC(2759) Metaspace: 35555K(36416K)->35555K(36416K) NonClass: 26345K(27008K)->26345K(27008K) Class: 9210K(9408K)->9210K(9408K)
[991.092s][info][gc             ] GC(2759) Pause Young (Allocation Failure) 436M->154M(474M) 0.871ms
[991.092s][info][gc,cpu         ] GC(2759) User=0.00s Sys=0.00s Real=0.00s
[991.523s][info][gc,start       ] GC(2760) Pause Young (Allocation Failure)
[991.524s][info][gc,heap        ] GC(2760) PSYoungGen: 289344K(310272K)->64K(310784K) Eden: 289280K(289280K)->0K(289280K) From: 64K(20992K)->64K(21504K)
[991.524s][info][gc,heap        ] GC(2760) ParOldGen: 158056K(175104K)->158072K(175104K)
[991.524s][info][gc,metaspace   ] GC(2760) Metaspace: 35555K(36416K)->35555K(36416K) NonClass: 26345K(27008K)->26345K(27008K) Class: 9210K(9408K)->9210K(9408K)
[991.524s][info][gc             ] GC(2760) Pause Young (Allocation Failure) 436M->154M(474M) 0.758ms
[991.524s][info][gc,cpu         ] GC(2760) User=0.00s Sys=0.00s Real=0.00s
[991.760s][info][gc,start       ] GC(2761) Pause Young (Allocation Failure)
[991.760s][info][gc,heap        ] GC(2761) PSYoungGen: 289344K(310784K)->32K(310784K) Eden: 289280K(289280K)->0K(291840K) From: 64K(21504K)->32K(18944K)
[991.760s][info][gc,heap        ] GC(2761) ParOldGen: 158072K(175104K)->158088K(175104K)
[991.760s][info][gc,metaspace   ] GC(2761) Metaspace: 35555K(36416K)->35555K(36416K) NonClass: 26345K(27008K)->26345K(27008K) Class: 9210K(9408K)->9210K(9408K)
[991.760s][info][gc             ] GC(2761) Pause Young (Allocation Failure) 436M->154M(474M) 0.761ms
[991.760s][info][gc,cpu         ] GC(2761) User=0.00s Sys=0.00s Real=0.00s
[992.001s][info][gc,start       ] GC(2762) Pause Young (Allocation Failure)
[992.002s][info][gc,heap        ] GC(2762) PSYoungGen: 291872K(310784K)->32K(311296K) Eden: 291840K(291840K)->0K(291840K) From: 32K(18944K)->32K(19456K)
[992.002s][info][gc,heap        ] GC(2762) ParOldGen: 158088K(175104K)->158088K(175104K)
[992.002s][info][gc,metaspace   ] GC(2762) Metaspace: 35555K(36416K)->35555K(36416K) NonClass: 26345K(27008K)->26345K(27008K) Class: 9210K(9408K)->9210K(9408K)
[992.002s][info][gc             ] GC(2762) Pause Young (Allocation Failure) 439M->154M(475M) 0.842ms
[992.002s][info][gc,cpu         ] GC(2762) User=0.00s Sys=0.00s Real=0.00s
[992.274s][info][gc,start       ] GC(2763) Pause Young (Allocation Failure)
[992.275s][info][gc,heap        ] GC(2763) PSYoungGen: 291872K(311296K)->64K(312320K) Eden: 291840K(291840K)->0K(295424K) From: 32K(19456K)->64K(16896K)
[992.275s][info][gc,heap        ] GC(2763) ParOldGen: 158088K(175104K)->158088K(175104K)
[992.275s][info][gc,metaspace   ] GC(2763) Metaspace: 35555K(36416K)->35555K(36416K) NonClass: 26345K(27008K)->26345K(27008K) Class: 9210K(9408K)->9210K(9408K)
[992.275s][info][gc             ] GC(2763) Pause Young (Allocation Failure) 439M->154M(476M) 0.772ms
[992.275s][info][gc,cpu         ] GC(2763) User=0.00s Sys=0.00s Real=0.00s
[992.327s][info][gc,start       ] GC(2764) Pause Young (Allocation Failure)
[992.328s][info][gc,heap        ] GC(2764) PSYoungGen: 295488K(312320K)->64K(313344K) Eden: 295424K(295424K)->0K(295424K) From: 64K(16896K)->64K(17920K)
[992.328s][info][gc,heap        ] GC(2764) ParOldGen: 158088K(175104K)->158104K(175104K)
[992.328s][info][gc,metaspace   ] GC(2764) Metaspace: 35555K(36416K)->35555K(36416K) NonClass: 26345K(27008K)->26345K(27008K) Class: 9210K(9408K)->9210K(9408K)
[992.328s][info][gc             ] GC(2764) Pause Young (Allocation Failure) 442M->154M(477M) 0.753ms
[992.328s][info][gc,cpu         ] GC(2764) User=0.00s Sys=0.00s Real=0.00s
[992.454s][info][gc,start       ] GC(2765) Pause Young (Allocation Failure)
[992.455s][info][gc,heap        ] GC(2765) PSYoungGen: 295488K(313344K)->64K(313856K) Eden: 295424K(295424K)->0K(299008K) From: 64K(17920K)->64K(14848K)
[992.455s][info][gc,heap        ] GC(2765) ParOldGen: 158104K(175104K)->158104K(175104K)
[992.455s][info][gc,metaspace   ] GC(2765) Metaspace: 35555K(36416K)->35555K(36416K) NonClass: 26345K(27008K)->26345K(27008K) Class: 9210K(9408K)->9210K(9408K)
[992.455s][info][gc             ] GC(2765) Pause Young (Allocation Failure) 442M->154M(477M) 0.746ms
[992.455s][info][gc,cpu         ] GC(2765) User=0.00s Sys=0.00s Real=0.00s
[992.771s][info][gc,start       ] GC(2766) Pause Young (Allocation Failure)
[992.772s][info][gc,heap        ] GC(2766) PSYoungGen: 299072K(313856K)->64K(314880K) Eden: 299008K(299008K)->0K(299008K) From: 64K(14848K)->64K(15872K)
[992.772s][info][gc,heap        ] GC(2766) ParOldGen: 158104K(175104K)->158120K(175104K)
[992.772s][info][gc,metaspace   ] GC(2766) Metaspace: 35555K(36416K)->35555K(36416K) NonClass: 26345K(27008K)->26345K(27008K) Class: 9210K(9408K)->9210K(9408K)
[992.772s][info][gc             ] GC(2766) Pause Young (Allocation Failure) 446M->154M(478M) 0.804ms
[992.772s][info][gc,cpu         ] GC(2766) User=0.00s Sys=0.00s Real=0.00s
[992.956s][info][gc,start       ] GC(2767) Pause Young (Allocation Failure)
[992.958s][info][gc,heap        ] GC(2767) PSYoungGen: 299072K(314880K)->64K(287744K) Eden: 299008K(299008K)->0K(287232K) From: 64K(15872K)->64K(512K)
[992.958s][info][gc,heap        ] GC(2767) ParOldGen: 158120K(175104K)->158120K(175104K)
[992.958s][info][gc,metaspace   ] GC(2767) Metaspace: 35555K(36416K)->35555K(36416K) NonClass: 26345K(27008K)->26345K(27008K) Class: 9210K(9408K)->9210K(9408K)
[992.958s][info][gc             ] GC(2767) Pause Young (Allocation Failure) 446M->154M(452M) 1.187ms
[992.958s][info][gc,cpu         ] GC(2767) User=0.00s Sys=0.00s Real=0.00s
[993.038s][info][gc,start       ] GC(2768) Pause Young (Allocation Failure)
[993.038s][info][gc,heap        ] GC(2768) PSYoungGen: 287296K(287744K)->64K(290304K) Eden: 287232K(287232K)->0K(275968K) From: 64K(512K)->64K(14336K)
[993.038s][info][gc,heap        ] GC(2768) ParOldGen: 158120K(175104K)->158136K(175104K)
[993.038s][info][gc,metaspace   ] GC(2768) Metaspace: 35555K(36416K)->35555K(36416K) NonClass: 26345K(27008K)->26345K(27008K) Class: 9210K(9408K)->9210K(9408K)
[993.038s][info][gc             ] GC(2768) Pause Young (Allocation Failure) 434M->154M(454M) 0.675ms
[993.038s][info][gc,cpu         ] GC(2768) User=0.00s Sys=0.00s Real=0.00s
[993.200s][info][gc,start       ] GC(2769) Pause Young (Allocation Failure)
[993.202s][info][gc,heap        ] GC(2769) PSYoungGen: 276032K(290304K)->64K(265728K) Eden: 275968K(275968K)->0K(265216K) From: 64K(14336K)->64K(512K)
[993.202s][info][gc,heap        ] GC(2769) ParOldGen: 158136K(175104K)->158136K(175104K)
[993.202s][info][gc,metaspace   ] GC(2769) Metaspace: 35555K(36416K)->35555K(36416K) NonClass: 26345K(27008K)->26345K(27008K) Class: 9210K(9408K)->9210K(9408K)
[993.202s][info][gc             ] GC(2769) Pause Young (Allocation Failure) 423M->154M(430M) 1.993ms
[993.202s][info][gc,cpu         ] GC(2769) User=0.00s Sys=0.00s Real=0.00s
[994.117s][info][gc,start       ] GC(2770) Pause Young (Allocation Failure)
[994.119s][info][gc,heap        ] GC(2770) PSYoungGen: 265280K(265728K)->64K(267776K) Eden: 265216K(265216K)->0K(254976K) From: 64K(512K)->64K(12800K)
[994.119s][info][gc,heap        ] GC(2770) ParOldGen: 158136K(175104K)->158152K(175104K)
[994.119s][info][gc,metaspace   ] GC(2770) Metaspace: 35555K(36416K)->35555K(36416K) NonClass: 26345K(27008K)->26345K(27008K) Class: 9210K(9408K)->9210K(9408K)
[994.119s][info][gc             ] GC(2770) Pause Young (Allocation Failure) 413M->154M(432M) 1.369ms
[994.119s][info][gc,cpu         ] GC(2770) User=0.01s Sys=0.00s Real=0.01s
[994.369s][info][gc,start       ] GC(2771) Pause Young (Allocation Failure)
[994.370s][info][gc,heap        ] GC(2771) PSYoungGen: 255040K(267776K)->32K(245760K) Eden: 254976K(254976K)->0K(245248K) From: 64K(12800K)->32K(512K)
[994.370s][info][gc,heap        ] GC(2771) ParOldGen: 158152K(175104K)->158160K(175104K)
[994.370s][info][gc,metaspace   ] GC(2771) Metaspace: 35555K(36416K)->35555K(36416K) NonClass: 26345K(27008K)->26345K(27008K) Class: 9210K(9408K)->9210K(9408K)
[994.370s][info][gc             ] GC(2771) Pause Young (Allocation Failure) 403M->154M(411M) 1.490ms
[994.370s][info][gc,cpu         ] GC(2771) User=0.00s Sys=0.00s Real=0.00s
[995.065s][info][gc,start       ] GC(2772) Pause Young (Allocation Failure)
[995.065s][info][gc,heap        ] GC(2772) PSYoungGen: 245280K(245760K)->64K(247296K) Eden: 245248K(245248K)->0K(236032K) From: 32K(512K)->64K(11264K)
[995.065s][info][gc,heap        ] GC(2772) ParOldGen: 158160K(175104K)->158168K(175104K)
[995.065s][info][gc,metaspace   ] GC(2772) Metaspace: 35555K(36416K)->35555K(36416K) NonClass: 26345K(27008K)->26345K(27008K) Class: 9210K(9408K)->9210K(9408K)
[995.065s][info][gc             ] GC(2772) Pause Young (Allocation Failure) 393M->154M(412M) 0.649ms
[995.065s][info][gc,cpu         ] GC(2772) User=0.00s Sys=0.00s Real=0.00s
[995.468s][info][gc,start       ] GC(2773) Pause Young (Allocation Failure)
[995.470s][info][gc,heap        ] GC(2773) PSYoungGen: 236096K(247296K)->64K(227840K) Eden: 236032K(236032K)->0K(227328K) From: 64K(11264K)->64K(512K)
[995.470s][info][gc,heap        ] GC(2773) ParOldGen: 158168K(175104K)->158176K(175104K)
[995.470s][info][gc,metaspace   ] GC(2773) Metaspace: 35555K(36416K)->35555K(36416K) NonClass: 26345K(27008K)->26345K(27008K) Class: 9210K(9408K)->9210K(9408K)
[995.470s][info][gc             ] GC(2773) Pause Young (Allocation Failure) 385M->154M(393M) 1.847ms
[995.470s][info][gc,cpu         ] GC(2773) User=0.00s Sys=0.00s Real=0.01s
[996.399s][info][gc,start       ] GC(2774) Pause Young (Allocation Failure)
[996.400s][info][gc,heap        ] GC(2774) PSYoungGen: 227392K(227840K)->64K(228864K) Eden: 227328K(227328K)->0K(219136K) From: 64K(512K)->64K(9728K)
[996.400s][info][gc,heap        ] GC(2774) ParOldGen: 158176K(175104K)->158192K(175104K)
[996.400s][info][gc,metaspace   ] GC(2774) Metaspace: 35555K(36416K)->35555K(36416K) NonClass: 26345K(27008K)->26345K(27008K) Class: 9210K(9408K)->9210K(9408K)
[996.400s][info][gc             ] GC(2774) Pause Young (Allocation Failure) 376M->154M(394M) 1.185ms
[996.400s][info][gc,cpu         ] GC(2774) User=0.00s Sys=0.00s Real=0.00s
[996.757s][info][gc,start       ] GC(2775) Pause Young (Allocation Failure)
[996.759s][info][gc,heap        ] GC(2775) PSYoungGen: 219200K(228864K)->64K(211456K) Eden: 219136K(219136K)->0K(210944K) From: 64K(9728K)->64K(512K)
[996.759s][info][gc,heap        ] GC(2775) ParOldGen: 158192K(175104K)->158208K(175104K)
[996.759s][info][gc,metaspace   ] GC(2775) Metaspace: 35555K(36416K)->35555K(36416K) NonClass: 26345K(27008K)->26345K(27008K) Class: 9210K(9408K)->9210K(9408K)
[996.759s][info][gc             ] GC(2775) Pause Young (Allocation Failure) 368M->154M(377M) 1.918ms
[996.759s][info][gc,cpu         ] GC(2775) User=0.01s Sys=0.00s Real=0.01s
[996.949s][info][gc,start       ] GC(2776) Pause Young (Allocation Failure)
[996.950s][info][gc,heap        ] GC(2776) PSYoungGen: 211008K(211456K)->64K(211968K) Eden: 210944K(210944K)->0K(203264K) From: 64K(512K)->64K(8704K)
[996.950s][info][gc,heap        ] GC(2776) ParOldGen: 158208K(175104K)->158224K(175104K)
[996.950s][info][gc,metaspace   ] GC(2776) Metaspace: 35555K(36416K)->35555K(36416K) NonClass: 26345K(27008K)->26345K(27008K) Class: 9210K(9408K)->9210K(9408K)
[996.950s][info][gc             ] GC(2776) Pause Young (Allocation Failure) 360M->154M(378M) 1.077ms
[996.950s][info][gc,cpu         ] GC(2776) User=0.00s Sys=0.00s Real=0.00s
[996.999s][info][gc,start       ] GC(2777) Pause Young (Allocation Failure)
[997.001s][info][gc,heap        ] GC(2777) PSYoungGen: 203328K(211968K)->32K(196608K) Eden: 203264K(203264K)->0K(196096K) From: 64K(8704K)->32K(512K)
[997.001s][info][gc,heap        ] GC(2777) ParOldGen: 158224K(175104K)->158240K(175104K)
[997.001s][info][gc,metaspace   ] GC(2777) Metaspace: 35555K(36416K)->35555K(36416K) NonClass: 26345K(27008K)->26345K(27008K) Class: 9210K(9408K)->9210K(9408K)
[997.001s][info][gc             ] GC(2777) Pause Young (Allocation Failure) 353M->154M(363M) 1.773ms
[997.001s][info][gc,cpu         ] GC(2777) User=0.00s Sys=0.00s Real=0.00s
[997.273s][info][gc,start       ] GC(2778) Pause Young (Allocation Failure)
[997.274s][info][gc,heap        ] GC(2778) PSYoungGen: 196128K(196608K)->64K(196608K) Eden: 196096K(196096K)->0K(189440K) From: 32K(512K)->64K(7168K)
[997.274s][info][gc,heap        ] GC(2778) ParOldGen: 158240K(175104K)->158240K(175104K)
[997.274s][info][gc,metaspace   ] GC(2778) Metaspace: 35555K(36416K)->35555K(36416K) NonClass: 26345K(27008K)->26345K(27008K) Class: 9210K(9408K)->9210K(9408K)
[997.274s][info][gc             ] GC(2778) Pause Young (Allocation Failure) 346M->154M(363M) 1.113ms
[997.274s][info][gc,cpu         ] GC(2778) User=0.01s Sys=0.00s Real=0.00s
[997.664s][info][gc,start       ] GC(2779) Pause Young (Allocation Failure)
[997.666s][info][gc,heap        ] GC(2779) PSYoungGen: 189504K(196608K)->64K(183296K) Eden: 189440K(189440K)->0K(182784K) From: 64K(7168K)->64K(512K)
[997.666s][info][gc,heap        ] GC(2779) ParOldGen: 158240K(175104K)->158256K(175104K)
[997.666s][info][gc,metaspace   ] GC(2779) Metaspace: 35555K(36416K)->35555K(36416K) NonClass: 26345K(27008K)->26345K(27008K) Class: 9210K(9408K)->9210K(9408K)
[997.666s][info][gc             ] GC(2779) Pause Young (Allocation Failure) 339M->154M(350M) 1.755ms
[997.666s][info][gc,cpu         ] GC(2779) User=0.01s Sys=0.01s Real=0.00s
[997.838s][info][gc,start       ] GC(2780) Pause Young (Allocation Failure)
[997.839s][info][gc,heap        ] GC(2780) PSYoungGen: 182848K(183296K)->64K(183296K) Eden: 182784K(182784K)->0K(176640K) From: 64K(512K)->64K(6656K)
[997.839s][info][gc,heap        ] GC(2780) ParOldGen: 158256K(175104K)->158272K(175104K)
[997.839s][info][gc,metaspace   ] GC(2780) Metaspace: 35555K(36416K)->35555K(36416K) NonClass: 26345K(27008K)->26345K(27008K) Class: 9210K(9408K)->9210K(9408K)
[997.839s][info][gc             ] GC(2780) Pause Young (Allocation Failure) 333M->154M(350M) 1.095ms
[997.839s][info][gc,cpu         ] GC(2780) User=0.00s Sys=0.00s Real=0.01s
[998.115s][info][gc,start       ] GC(2781) Pause Young (Allocation Failure)
[998.132s][info][gc,heap        ] GC(2781) PSYoungGen: 176704K(183296K)->6144K(216576K) Eden: 176640K(176640K)->0K(210432K) From: 64K(6656K)->6144K(6144K)
[998.132s][info][gc,heap        ] GC(2781) ParOldGen: 158272K(175104K)->162272K(175104K)
[998.132s][info][gc,metaspace   ] GC(2781) Metaspace: 35555K(36416K)->35555K(36416K) NonClass: 26345K(27008K)->26345K(27008K) Class: 9210K(9408K)->9210K(9408K)
[998.132s][info][gc             ] GC(2781) Pause Young (Allocation Failure) 327M->164M(382M) 16.881ms
[998.132s][info][gc,cpu         ] GC(2781) User=0.03s Sys=0.00s Real=0.02s
[998.403s][info][gc,start       ] GC(2782) Pause Young (Allocation Failure)
[998.440s][info][gc,heap        ] GC(2782) PSYoungGen: 216576K(216576K)->9216K(253440K) Eden: 210432K(210432K)->0K(244224K) From: 6144K(6144K)->9216K(9216K)
[998.440s][info][gc,heap        ] GC(2782) ParOldGen: 162272K(175104K)->177144K(177152K)
[998.440s][info][gc,metaspace   ] GC(2782) Metaspace: 35555K(36416K)->35555K(36416K) NonClass: 26345K(27008K)->26345K(27008K) Class: 9210K(9408K)->9210K(9408K)
[998.440s][info][gc             ] GC(2782) Pause Young (Allocation Failure) 369M->181M(420M) 37.185ms
[998.440s][info][gc,cpu         ] GC(2782) User=0.07s Sys=0.00s Real=0.04s
[998.756s][info][gc,start       ] GC(2783) Pause Young (Allocation Failure)
[998.815s][info][gc,heap        ] GC(2783) PSYoungGen: 253440K(253440K)->16384K(260096K) Eden: 244224K(244224K)->0K(243712K) From: 9216K(9216K)->16384K(16384K)
[998.815s][info][gc,heap        ] GC(2783) ParOldGen: 177144K(177152K)->188984K(189440K)
[998.815s][info][gc,metaspace   ] GC(2783) Metaspace: 35555K(36416K)->35555K(36416K) NonClass: 26345K(27008K)->26345K(27008K) Class: 9210K(9408K)->9210K(9408K)
[998.815s][info][gc             ] GC(2783) Pause Young (Allocation Failure) 420M->200M(439M) 59.050ms
[998.815s][info][gc,cpu         ] GC(2783) User=0.09s Sys=0.02s Real=0.06s
[998.885s][info][gc,start       ] GC(2784) Pause Young (Allocation Failure)
[998.891s][info][gc,heap        ] GC(2784) PSYoungGen: 260096K(260096K)->736K(268288K) Eden: 243712K(243712K)->0K(243712K) From: 16384K(16384K)->736K(24576K)
[998.891s][info][gc,heap        ] GC(2784) ParOldGen: 188984K(189440K)->189304K(189440K)
[998.891s][info][gc,metaspace   ] GC(2784) Metaspace: 35555K(36416K)->35555K(36416K) NonClass: 26345K(27008K)->26345K(27008K) Class: 9210K(9408K)->9210K(9408K)
[998.891s][info][gc             ] GC(2784) Pause Young (Allocation Failure) 438M->185M(447M) 5.280ms
[998.891s][info][gc,cpu         ] GC(2784) User=0.01s Sys=0.00s Real=0.01s
[999.349s][info][gc,start       ] GC(2785) Pause Young (Allocation Failure)
[999.350s][info][gc,heap        ] GC(2785) PSYoungGen: 244448K(268288K)->64K(306176K) Eden: 243712K(243712K)->0K(285696K) From: 736K(24576K)->64K(20480K)
[999.350s][info][gc,heap        ] GC(2785) ParOldGen: 189304K(189440K)->189312K(189440K)
[999.350s][info][gc,metaspace   ] GC(2785) Metaspace: 35555K(36416K)->35555K(36416K) NonClass: 26345K(27008K)->26345K(27008K) Class: 9210K(9408K)->9210K(9408K)
[999.350s][info][gc             ] GC(2785) Pause Young (Allocation Failure) 423M->184M(484M) 0.957ms
[999.350s][info][gc,cpu         ] GC(2785) User=0.01s Sys=0.00s Real=0.00s
[999.868s][info][gc,start       ] GC(2786) Pause Young (Allocation Failure)
[999.869s][info][gc,heap        ] GC(2786) PSYoungGen: 285760K(306176K)->64K(308224K) Eden: 285696K(285696K)->0K(285696K) From: 64K(20480K)->64K(22528K)
[999.869s][info][gc,heap        ] GC(2786) ParOldGen: 189312K(189440K)->189320K(189440K)
[999.869s][info][gc,metaspace   ] GC(2786) Metaspace: 35555K(36416K)->35555K(36416K) NonClass: 26345K(27008K)->26345K(27008K) Class: 9210K(9408K)->9210K(9408K)
[999.869s][info][gc             ] GC(2786) Pause Young (Allocation Failure) 463M->184M(486M) 0.983ms
[999.869s][info][gc,cpu         ] GC(2786) User=0.00s Sys=0.00s Real=0.01s
[1000.300s][info][gc,start       ] GC(2787) Pause Young (Allocation Failure)
[1000.300s][info][gc,heap        ] GC(2787) PSYoungGen: 285760K(308224K)->64K(308736K) Eden: 285696K(285696K)->0K(289280K) From: 64K(22528K)->64K(19456K)
[1000.300s][info][gc,heap        ] GC(2787) ParOldGen: 189320K(189440K)->189336K(189440K)
[1000.301s][info][gc,metaspace   ] GC(2787) Metaspace: 35555K(36416K)->35555K(36416K) NonClass: 26345K(27008K)->26345K(27008K) Class: 9210K(9408K)->9210K(9408K)
[1000.301s][info][gc             ] GC(2787) Pause Young (Allocation Failure) 463M->184M(486M) 0.926ms
[1000.301s][info][gc,cpu         ] GC(2787) User=0.00s Sys=0.00s Real=0.00s
[1000.540s][info][gc,start       ] GC(2788) Pause Young (Allocation Failure)
[1000.541s][info][gc,heap        ] GC(2788) PSYoungGen: 289344K(308736K)->64K(310272K) Eden: 289280K(289280K)->0K(289280K) From: 64K(19456K)->64K(20992K)
[1000.541s][info][gc,heap        ] GC(2788) ParOldGen: 189336K(189440K)->189352K(189440K)
[1000.541s][info][gc,metaspace   ] GC(2788) Metaspace: 35555K(36416K)->35555K(36416K) NonClass: 26345K(27008K)->26345K(27008K) Class: 9210K(9408K)->9210K(9408K)
[1000.541s][info][gc             ] GC(2788) Pause Young (Allocation Failure) 467M->184M(488M) 0.942ms
[1000.541s][info][gc,cpu         ] GC(2788) User=0.00s Sys=0.00s Real=0.00s
[1000.892s][info][gc,start       ] GC(2789) Pause Young (Allocation Failure)
[1000.893s][info][gc,heap        ] GC(2789) PSYoungGen: 289344K(310272K)->64K(310272K) Eden: 289280K(289280K)->0K(292864K) From: 64K(20992K)->64K(17408K)
[1000.893s][info][gc,heap        ] GC(2789) ParOldGen: 189352K(189440K)->189352K(189440K)
[1000.893s][info][gc,metaspace   ] GC(2789) Metaspace: 35555K(36416K)->35555K(36416K) NonClass: 26345K(27008K)->26345K(27008K) Class: 9210K(9408K)->9210K(9408K)
[1000.893s][info][gc             ] GC(2789) Pause Young (Allocation Failure) 467M->184M(488M) 1.007ms
[1000.893s][info][gc,cpu         ] GC(2789) User=0.00s Sys=0.00s Real=0.00s
[1001.053s][info][gc,start       ] GC(2790) Pause Young (Allocation Failure)
[1001.054s][info][gc,heap        ] GC(2790) PSYoungGen: 292928K(310272K)->64K(311808K) Eden: 292864K(292864K)->0K(292864K) From: 64K(17408K)->64K(18944K)
[1001.054s][info][gc,heap        ] GC(2790) ParOldGen: 189352K(189440K)->189360K(189440K)
[1001.054s][info][gc,metaspace   ] GC(2790) Metaspace: 35555K(36416K)->35555K(36416K) NonClass: 26345K(27008K)->26345K(27008K) Class: 9210K(9408K)->9210K(9408K)
[1001.054s][info][gc             ] GC(2790) Pause Young (Allocation Failure) 470M->184M(489M) 0.926ms
[1001.054s][info][gc,cpu         ] GC(2790) User=0.00s Sys=0.00s Real=0.00s
[1001.105s][info][gc,start       ] GC(2791) Pause Young (Allocation Failure)
[1001.105s][info][gc,heap        ] GC(2791) PSYoungGen: 292928K(311808K)->64K(312320K) Eden: 292864K(292864K)->0K(296960K) From: 64K(18944K)->64K(15360K)
[1001.105s][info][gc,heap        ] GC(2791) ParOldGen: 189360K(189440K)->189376K(189440K)
[1001.105s][info][gc,metaspace   ] GC(2791) Metaspace: 35555K(36416K)->35555K(36416K) NonClass: 26345K(27008K)->26345K(27008K) Class: 9210K(9408K)->9210K(9408K)
[1001.105s][info][gc             ] GC(2791) Pause Young (Allocation Failure) 470M->185M(490M) 0.710ms
[1001.105s][info][gc,cpu         ] GC(2791) User=0.00s Sys=0.00s Real=0.00s
[1001.253s][info][gc,start       ] GC(2792) Pause Young (Allocation Failure)
[1001.254s][info][gc,heap        ] GC(2792) PSYoungGen: 297024K(312320K)->64K(313856K) Eden: 296960K(296960K)->0K(296960K) From: 64K(15360K)->64K(16896K)
[1001.254s][info][gc,heap        ] GC(2792) ParOldGen: 189376K(189440K)->189376K(189440K)
[1001.254s][info][gc,metaspace   ] GC(2792) Metaspace: 35555K(36416K)->35555K(36416K) NonClass: 26345K(27008K)->26345K(27008K) Class: 9210K(9408K)->9210K(9408K)
[1001.254s][info][gc             ] GC(2792) Pause Young (Allocation Failure) 475M->185M(491M) 0.777ms
[1001.254s][info][gc,cpu         ] GC(2792) User=0.00s Sys=0.00s Real=0.00s
[1001.567s][info][gc,start       ] GC(2793) Pause Young (Allocation Failure)
[1001.568s][info][gc,heap        ] GC(2793) PSYoungGen: 297024K(313856K)->64K(315392K) Eden: 296960K(296960K)->0K(301056K) From: 64K(16896K)->64K(14336K)
[1001.568s][info][gc,heap        ] GC(2793) ParOldGen: 189376K(189440K)->189384K(189440K)
[1001.568s][info][gc,metaspace   ] GC(2793) Metaspace: 35555K(36416K)->35555K(36416K) NonClass: 26345K(27008K)->26345K(27008K) Class: 9210K(9408K)->9210K(9408K)
[1001.568s][info][gc             ] GC(2793) Pause Young (Allocation Failure) 475M->185M(493M) 0.773ms
[1001.568s][info][gc,cpu         ] GC(2793) User=0.00s Sys=0.00s Real=0.00s
[1001.741s][info][gc,start       ] GC(2794) Pause Young (Allocation Failure)
[1001.741s][info][gc,heap        ] GC(2794) PSYoungGen: 301120K(315392K)->64K(289792K) Eden: 301056K(301056K)->0K(289280K) From: 64K(14336K)->64K(512K)
[1001.741s][info][gc,heap        ] GC(2794) ParOldGen: 189384K(189440K)->189392K(189440K)
[1001.741s][info][gc,metaspace   ] GC(2794) Metaspace: 35555K(36416K)->35555K(36416K) NonClass: 26345K(27008K)->26345K(27008K) Class: 9210K(9408K)->9210K(9408K)
[1001.741s][info][gc             ] GC(2794) Pause Young (Allocation Failure) 479M->185M(468M) 0.888ms
[1001.741s][info][gc,cpu         ] GC(2794) User=0.00s Sys=0.00s Real=0.00s
[1001.822s][info][gc,start       ] GC(2795) Pause Young (Allocation Failure)
[1001.822s][info][gc,heap        ] GC(2795) PSYoungGen: 289344K(289792K)->64K(279040K) Eden: 289280K(289280K)->0K(278016K) From: 64K(512K)->64K(1024K)
[1001.822s][info][gc,heap        ] GC(2795) ParOldGen: 189392K(189440K)->189408K(189440K)
[1001.822s][info][gc,metaspace   ] GC(2795) Metaspace: 35555K(36416K)->35555K(36416K) NonClass: 26345K(27008K)->26345K(27008K) Class: 9210K(9408K)->9210K(9408K)
[1001.822s][info][gc             ] GC(2795) Pause Young (Allocation Failure) 467M->185M(457M) 0.807ms
[1001.822s][info][gc,cpu         ] GC(2795) User=0.00s Sys=0.00s Real=0.00s
[1001.992s][info][gc,start       ] GC(2796) Pause Young (Allocation Failure)
[1001.993s][info][gc,heap        ] GC(2796) PSYoungGen: 278080K(279040K)->64K(280576K) Eden: 278016K(278016K)->0K(267264K) From: 64K(1024K)->64K(13312K)
[1001.993s][info][gc,heap        ] GC(2796) ParOldGen: 189408K(189440K)->189408K(189440K)
[1001.993s][info][gc,metaspace   ] GC(2796) Metaspace: 35555K(36416K)->35555K(36416K) NonClass: 26345K(27008K)->26345K(27008K) Class: 9210K(9408K)->9210K(9408K)
[1001.993s][info][gc             ] GC(2796) Pause Young (Allocation Failure) 456M->185M(459M) 0.743ms
[1001.993s][info][gc,cpu         ] GC(2796) User=0.00s Sys=0.00s Real=0.00s
[1002.896s][info][gc,start       ] GC(2797) Pause Young (Allocation Failure)
[1002.897s][info][gc,heap        ] GC(2797) PSYoungGen: 267328K(280576K)->64K(257536K) Eden: 267264K(267264K)->0K(257024K) From: 64K(13312K)->64K(512K)
[1002.897s][info][gc,heap        ] GC(2797) ParOldGen: 189408K(189440K)->189416K(189440K)
[1002.897s][info][gc,metaspace   ] GC(2797) Metaspace: 35555K(36416K)->35555K(36416K) NonClass: 26345K(27008K)->26345K(27008K) Class: 9210K(9408K)->9210K(9408K)
[1002.897s][info][gc             ] GC(2797) Pause Young (Allocation Failure) 446M->185M(436M) 1.415ms
[1002.897s][info][gc,cpu         ] GC(2797) User=0.00s Sys=0.00s Real=0.00s
[1003.689s][info][gc,start       ] GC(2798) Pause Young (Allocation Failure)
[1003.690s][info][gc,heap        ] GC(2798) PSYoungGen: 257088K(257536K)->32K(259072K) Eden: 257024K(257024K)->0K(247296K) From: 64K(512K)->32K(11776K)
[1003.690s][info][gc,heap        ] GC(2798) ParOldGen: 189416K(189440K)->189424K(189440K)
[1003.690s][info][gc,metaspace   ] GC(2798) Metaspace: 35555K(36416K)->35555K(36416K) NonClass: 26345K(27008K)->26345K(27008K) Class: 9210K(9408K)->9210K(9408K)
[1003.690s][info][gc             ] GC(2798) Pause Young (Allocation Failure) 436M->185M(438M) 1.426ms
[1003.690s][info][gc,cpu         ] GC(2798) User=0.00s Sys=0.00s Real=0.00s
[1003.864s][info][gc,start       ] GC(2799) Pause Young (Allocation Failure)
[1003.866s][info][gc,heap        ] GC(2799) PSYoungGen: 247328K(259072K)->64K(238592K) Eden: 247296K(247296K)->0K(238080K) From: 32K(11776K)->64K(512K)
[1003.866s][info][gc,heap        ] GC(2799) ParOldGen: 189424K(189440K)->189440K(189952K)
[1003.866s][info][gc,metaspace   ] GC(2799) Metaspace: 35555K(36416K)->35555K(36416K) NonClass: 26345K(27008K)->26345K(27008K) Class: 9210K(9408K)->9210K(9408K)
[1003.866s][info][gc             ] GC(2799) Pause Young (Allocation Failure) 426M->185M(418M) 2.022ms
[1003.866s][info][gc,cpu         ] GC(2799) User=0.00s Sys=0.00s Real=0.00s
[1004.273s][info][gc,start       ] GC(2800) Pause Young (Allocation Failure)
[1004.274s][info][gc,heap        ] GC(2800) PSYoungGen: 238144K(238592K)->64K(239616K) Eden: 238080K(238080K)->0K(229376K) From: 64K(512K)->64K(10240K)
[1004.274s][info][gc,heap        ] GC(2800) ParOldGen: 189440K(189952K)->189456K(189952K)
[1004.274s][info][gc,metaspace   ] GC(2800) Metaspace: 35555K(36416K)->35555K(36416K) NonClass: 26345K(27008K)->26345K(27008K) Class: 9210K(9408K)->9210K(9408K)
[1004.274s][info][gc             ] GC(2800) Pause Young (Allocation Failure) 417M->185M(419M) 1.352ms
[1004.274s][info][gc,cpu         ] GC(2800) User=0.00s Sys=0.00s Real=0.00s
[1005.202s][info][gc,start       ] GC(2801) Pause Young (Allocation Failure)
[1005.205s][info][gc,heap        ] GC(2801) PSYoungGen: 229440K(239616K)->64K(221696K) Eden: 229376K(229376K)->0K(221184K) From: 64K(10240K)->64K(512K)
[1005.205s][info][gc,heap        ] GC(2801) ParOldGen: 189456K(189952K)->189472K(189952K)
[1005.205s][info][gc,metaspace   ] GC(2801) Metaspace: 35555K(36416K)->35555K(36416K) NonClass: 26345K(27008K)->26345K(27008K) Class: 9210K(9408K)->9210K(9408K)
[1005.205s][info][gc             ] GC(2801) Pause Young (Allocation Failure) 409M->185M(402M) 2.247ms
[1005.205s][info][gc,cpu         ] GC(2801) User=0.00s Sys=0.00s Real=0.00s
[1005.571s][info][gc,start       ] GC(2802) Pause Young (Allocation Failure)
[1005.572s][info][gc,heap        ] GC(2802) PSYoungGen: 221248K(221696K)->64K(222208K) Eden: 221184K(221184K)->0K(212992K) From: 64K(512K)->64K(9216K)
[1005.572s][info][gc,heap        ] GC(2802) ParOldGen: 189472K(189952K)->189480K(189952K)
[1005.572s][info][gc,metaspace   ] GC(2802) Metaspace: 35555K(36416K)->35555K(36416K) NonClass: 26345K(27008K)->26345K(27008K) Class: 9210K(9408K)->9210K(9408K)
[1005.572s][info][gc             ] GC(2802) Pause Young (Allocation Failure) 401M->185M(402M) 1.197ms
[1005.572s][info][gc,cpu         ] GC(2802) User=0.00s Sys=0.00s Real=0.00s
[1005.741s][info][gc,start       ] GC(2803) Pause Young (Allocation Failure)
[1005.742s][info][gc,heap        ] GC(2803) PSYoungGen: 213056K(222208K)->64K(205824K) Eden: 212992K(212992K)->0K(205312K) From: 64K(9216K)->64K(512K)
[1005.742s][info][gc,heap        ] GC(2803) ParOldGen: 189480K(189952K)->189488K(189952K)
[1005.742s][info][gc,metaspace   ] GC(2803) Metaspace: 35555K(36416K)->35555K(36416K) NonClass: 26345K(27008K)->26345K(27008K) Class: 9210K(9408K)->9210K(9408K)
[1005.742s][info][gc             ] GC(2803) Pause Young (Allocation Failure) 393M->185M(386M) 1.411ms
[1005.742s][info][gc,cpu         ] GC(2803) User=0.00s Sys=0.01s Real=0.00s
[1005.794s][info][gc,start       ] GC(2804) Pause Young (Allocation Failure)
[1005.794s][info][gc,heap        ] GC(2804) PSYoungGen: 205376K(205824K)->64K(205824K) Eden: 205312K(205312K)->0K(198144K) From: 64K(512K)->64K(7680K)
[1005.794s][info][gc,heap        ] GC(2804) ParOldGen: 189488K(189952K)->189496K(189952K)
[1005.794s][info][gc,metaspace   ] GC(2804) Metaspace: 35555K(36416K)->35555K(36416K) NonClass: 26345K(27008K)->26345K(27008K) Class: 9210K(9408K)->9210K(9408K)
[1005.794s][info][gc             ] GC(2804) Pause Young (Allocation Failure) 385M->185M(386M) 0.665ms
[1005.794s][info][gc,cpu         ] GC(2804) User=0.00s Sys=0.00s Real=0.00s
[1006.166s][info][gc,start       ] GC(2805) Pause Young (Allocation Failure)
[1006.167s][info][gc,heap        ] GC(2805) PSYoungGen: 198208K(205824K)->64K(191488K) Eden: 198144K(198144K)->0K(190976K) From: 64K(7680K)->64K(512K)
[1006.167s][info][gc,heap        ] GC(2805) ParOldGen: 189496K(189952K)->189504K(189952K)
[1006.167s][info][gc,metaspace   ] GC(2805) Metaspace: 35555K(36416K)->35555K(36416K) NonClass: 26345K(27008K)->26345K(27008K) Class: 9210K(9408K)->9210K(9408K)
[1006.167s][info][gc             ] GC(2805) Pause Young (Allocation Failure) 378M->185M(372M) 1.454ms
[1006.167s][info][gc,cpu         ] GC(2805) User=0.00s Sys=0.00s Real=0.00s
[1006.458s][info][gc,start       ] GC(2806) Pause Young (Allocation Failure)
[1006.459s][info][gc,heap        ] GC(2806) PSYoungGen: 191040K(191488K)->64K(190976K) Eden: 190976K(190976K)->0K(184320K) From: 64K(512K)->64K(6656K)
[1006.459s][info][gc,heap        ] GC(2806) ParOldGen: 189504K(189952K)->189512K(189952K)
[1006.459s][info][gc,metaspace   ] GC(2806) Metaspace: 35555K(36416K)->35555K(36416K) NonClass: 26345K(27008K)->26345K(27008K) Class: 9210K(9408K)->9210K(9408K)
[1006.459s][info][gc             ] GC(2806) Pause Young (Allocation Failure) 371M->185M(372M) 0.748ms
[1006.459s][info][gc,cpu         ] GC(2806) User=0.00s Sys=0.00s Real=0.01s
[1006.689s][info][gc,start       ] GC(2807) Pause Young (Allocation Failure)
[1006.690s][info][gc,heap        ] GC(2807) PSYoungGen: 184384K(190976K)->64K(178688K) Eden: 184320K(184320K)->0K(178176K) From: 64K(6656K)->64K(512K)
[1006.690s][info][gc,heap        ] GC(2807) ParOldGen: 189512K(189952K)->189520K(189952K)
[1006.690s][info][gc,metaspace   ] GC(2807) Metaspace: 35555K(36416K)->35555K(36416K) NonClass: 26345K(27008K)->26345K(27008K) Class: 9210K(9408K)->9210K(9408K)
[1006.690s][info][gc             ] GC(2807) Pause Young (Allocation Failure) 365M->185M(360M) 1.407ms
[1006.690s][info][gc,cpu         ] GC(2807) User=0.00s Sys=0.00s Real=0.00s
[1006.956s][info][gc,start       ] GC(2808) Pause Young (Allocation Failure)
[1006.985s][info][gc,heap        ] GC(2808) PSYoungGen: 178240K(178688K)->5632K(218624K) Eden: 178176K(178176K)->0K(212992K) From: 64K(512K)->5632K(5632K)
[1006.985s][info][gc,heap        ] GC(2808) ParOldGen: 189520K(189952K)->199400K(199680K)
[1006.985s][info][gc,metaspace   ] GC(2808) Metaspace: 35555K(36416K)->35555K(36416K) NonClass: 26345K(27008K)->26345K(27008K) Class: 9210K(9408K)->9210K(9408K)
[1006.985s][info][gc             ] GC(2808) Pause Young (Allocation Failure) 359M->200M(408M) 28.673ms
[1006.985s][info][gc,cpu         ] GC(2808) User=0.05s Sys=0.00s Real=0.03s
[1007.261s][info][gc,start       ] GC(2809) Pause Young (Allocation Failure)
[1007.311s][info][gc,heap        ] GC(2809) PSYoungGen: 218624K(218624K)->5632K(233472K) Eden: 212992K(212992K)->0K(227840K) From: 5632K(5632K)->5632K(5632K)
[1007.311s][info][gc,heap        ] GC(2809) ParOldGen: 199400K(199680K)->218312K(218624K)
[1007.311s][info][gc,metaspace   ] GC(2809) Metaspace: 35555K(36416K)->35555K(36416K) NonClass: 26345K(27008K)->26345K(27008K) Class: 9210K(9408K)->9210K(9408K)
[1007.311s][info][gc             ] GC(2809) Pause Young (Allocation Failure) 408M->218M(441M) 49.770ms
[1007.311s][info][gc,cpu         ] GC(2809) User=0.09s Sys=0.01s Real=0.05s
[1007.580s][info][gc,start       ] GC(2810) Pause Young (Allocation Failure)
[1007.620s][info][gc,heap        ] GC(2810) PSYoungGen: 233472K(233472K)->18432K(246272K) Eden: 227840K(227840K)->0K(227840K) From: 5632K(5632K)->18432K(18432K)
[1007.620s][info][gc,heap        ] GC(2810) ParOldGen: 218312K(218624K)->223240K(223744K)
[1007.620s][info][gc,metaspace   ] GC(2810) Metaspace: 35555K(36416K)->35555K(36416K) NonClass: 26345K(27008K)->26345K(27008K) Class: 9210K(9408K)->9210K(9408K)
[1007.620s][info][gc             ] GC(2810) Pause Young (Allocation Failure) 441M->236M(459M) 39.960ms
[1007.620s][info][gc,cpu         ] GC(2810) User=0.07s Sys=0.01s Real=0.04s
[1007.687s][info][gc,start       ] GC(2811) Pause Young (Allocation Failure)
[1007.689s][info][gc,heap        ] GC(2811) PSYoungGen: 246272K(246272K)->64K(294912K) Eden: 227840K(227840K)->0K(272896K) From: 18432K(18432K)->64K(22016K)
[1007.690s][info][gc,heap        ] GC(2811) ParOldGen: 223240K(223744K)->223368K(223744K)
[1007.690s][info][gc,metaspace   ] GC(2811) Metaspace: 35555K(36416K)->35555K(36416K) NonClass: 26345K(27008K)->26345K(27008K) Class: 9210K(9408K)->9210K(9408K)
[1007.690s][info][gc             ] GC(2811) Pause Young (Allocation Failure) 458M->218M(506M) 2.331ms
[1007.690s][info][gc,cpu         ] GC(2811) User=0.01s Sys=0.00s Real=0.01s
[1008.269s][info][gc,start       ] GC(2812) Pause Young (Allocation Failure)
[1008.270s][info][gc,heap        ] GC(2812) PSYoungGen: 272960K(294912K)->64K(295936K) Eden: 272896K(272896K)->0K(272896K) From: 64K(22016K)->64K(23040K)
[1008.270s][info][gc,heap        ] GC(2812) ParOldGen: 223368K(223744K)->223376K(223744K)
[1008.270s][info][gc,metaspace   ] GC(2812) Metaspace: 35555K(36416K)->35555K(36416K) NonClass: 26345K(27008K)->26345K(27008K) Class: 9210K(9408K)->9210K(9408K)
[1008.270s][info][gc             ] GC(2812) Pause Young (Allocation Failure) 484M->218M(507M) 1.170ms
[1008.270s][info][gc,cpu         ] GC(2812) User=0.00s Sys=0.00s Real=0.00s
[1008.696s][info][gc,start       ] GC(2813) Pause Young (Allocation Failure)
[1008.697s][info][gc,heap        ] GC(2813) PSYoungGen: 272960K(295936K)->64K(308224K) Eden: 272896K(272896K)->0K(288256K) From: 64K(23040K)->64K(19968K)
[1008.697s][info][gc,heap        ] GC(2813) ParOldGen: 223376K(223744K)->223384K(223744K)
[1008.697s][info][gc,metaspace   ] GC(2813) Metaspace: 35555K(36416K)->35555K(36416K) NonClass: 26345K(27008K)->26345K(27008K) Class: 9210K(9408K)->9210K(9408K)
[1008.697s][info][gc             ] GC(2813) Pause Young (Allocation Failure) 484M->218M(519M) 0.999ms
[1008.697s][info][gc,cpu         ] GC(2813) User=0.00s Sys=0.00s Real=0.00s
[1009.144s][info][gc,start       ] GC(2814) Pause Young (Allocation Failure)
[1009.145s][info][gc,heap        ] GC(2814) PSYoungGen: 288320K(308224K)->64K(309760K) Eden: 288256K(288256K)->0K(288256K) From: 64K(19968K)->64K(21504K)
[1009.145s][info][gc,heap        ] GC(2814) ParOldGen: 223384K(223744K)->223400K(223744K)
[1009.145s][info][gc,metaspace   ] GC(2814) Metaspace: 35555K(36416K)->35555K(36416K) NonClass: 26345K(27008K)->26345K(27008K) Class: 9210K(9408K)->9210K(9408K)
[1009.145s][info][gc             ] GC(2814) Pause Young (Allocation Failure) 499M->218M(521M) 1.044ms
[1009.145s][info][gc,cpu         ] GC(2814) User=0.00s Sys=0.00s Real=0.00s
[1009.381s][info][gc,start       ] GC(2815) Pause Young (Allocation Failure)
[1009.382s][info][gc,heap        ] GC(2815) PSYoungGen: 288320K(309760K)->64K(310784K) Eden: 288256K(288256K)->0K(291840K) From: 64K(21504K)->64K(18944K)
[1009.382s][info][gc,heap        ] GC(2815) ParOldGen: 223400K(223744K)->223416K(223744K)
[1009.382s][info][gc,metaspace   ] GC(2815) Metaspace: 35555K(36416K)->35555K(36416K) NonClass: 26345K(27008K)->26345K(27008K) Class: 9210K(9408K)->9210K(9408K)
[1009.382s][info][gc             ] GC(2815) Pause Young (Allocation Failure) 499M->218M(522M) 0.911ms
[1009.382s][info][gc,cpu         ] GC(2815) User=0.00s Sys=0.00s Real=0.00s
[1009.733s][info][gc,start       ] GC(2816) Pause Young (Allocation Failure)
[1009.734s][info][gc,heap        ] GC(2816) PSYoungGen: 291904K(310784K)->64K(311808K) Eden: 291840K(291840K)->0K(291840K) From: 64K(18944K)->64K(19968K)
[1009.734s][info][gc,heap        ] GC(2816) ParOldGen: 223416K(223744K)->223416K(223744K)
[1009.734s][info][gc,metaspace   ] GC(2816) Metaspace: 35555K(36416K)->35555K(36416K) NonClass: 26345K(27008K)->26345K(27008K) Class: 9210K(9408K)->9210K(9408K)
[1009.734s][info][gc             ] GC(2816) Pause Young (Allocation Failure) 503M->218M(523M) 0.960ms
[1009.734s][info][gc,cpu         ] GC(2816) User=0.00s Sys=0.00s Real=0.00s
[1009.858s][info][gc,start       ] GC(2817) Pause Young (Allocation Failure)
[1009.859s][info][gc,heap        ] GC(2817) PSYoungGen: 291904K(311808K)->64K(311808K) Eden: 291840K(291840K)->0K(294912K) From: 64K(19968K)->64K(16896K)
[1009.859s][info][gc,heap        ] GC(2817) ParOldGen: 223416K(223744K)->223424K(223744K)
[1009.859s][info][gc,metaspace   ] GC(2817) Metaspace: 35555K(36416K)->35555K(36416K) NonClass: 26345K(27008K)->26345K(27008K) Class: 9210K(9408K)->9210K(9408K)
[1009.859s][info][gc             ] GC(2817) Pause Young (Allocation Failure) 503M->218M(523M) 0.897ms
[1009.859s][info][gc,cpu         ] GC(2817) User=0.00s Sys=0.00s Real=0.01s
[1009.913s][info][gc,start       ] GC(2818) Pause Young (Allocation Failure)
[1009.913s][info][gc,heap        ] GC(2818) PSYoungGen: 294976K(311808K)->64K(312832K) Eden: 294912K(294912K)->0K(294912K) From: 64K(16896K)->64K(17920K)
[1009.913s][info][gc,heap        ] GC(2818) ParOldGen: 223424K(223744K)->223440K(223744K)
[1009.913s][info][gc,metaspace   ] GC(2818) Metaspace: 35555K(36416K)->35555K(36416K) NonClass: 26345K(27008K)->26345K(27008K) Class: 9210K(9408K)->9210K(9408K)
[1009.913s][info][gc             ] GC(2818) Pause Young (Allocation Failure) 506M->218M(524M) 0.894ms
[1009.913s][info][gc,cpu         ] GC(2818) User=0.00s Sys=0.00s Real=0.00s
[1010.092s][info][gc,start       ] GC(2819) Pause Young (Allocation Failure)
[1010.093s][info][gc,heap        ] GC(2819) PSYoungGen: 294976K(312832K)->64K(313856K) Eden: 294912K(294912K)->0K(299008K) From: 64K(17920K)->64K(14848K)
[1010.093s][info][gc,heap        ] GC(2819) ParOldGen: 223440K(223744K)->223440K(223744K)
[1010.093s][info][gc,metaspace   ] GC(2819) Metaspace: 35555K(36416K)->35555K(36416K) NonClass: 26345K(27008K)->26345K(27008K) Class: 9210K(9408K)->9210K(9408K)
[1010.093s][info][gc             ] GC(2819) Pause Young (Allocation Failure) 506M->218M(525M) 0.968ms
[1010.093s][info][gc,cpu         ] GC(2819) User=0.00s Sys=0.00s Real=0.00s
[1010.399s][info][gc,start       ] GC(2820) Pause Young (Allocation Failure)
[1010.400s][info][gc,heap        ] GC(2820) PSYoungGen: 299072K(313856K)->64K(314880K) Eden: 299008K(299008K)->0K(299008K) From: 64K(14848K)->64K(15872K)
[1010.400s][info][gc,heap        ] GC(2820) ParOldGen: 223440K(223744K)->223448K(223744K)
[1010.400s][info][gc,metaspace   ] GC(2820) Metaspace: 35555K(36416K)->35555K(36416K) NonClass: 26345K(27008K)->26345K(27008K) Class: 9210K(9408K)->9210K(9408K)
[1010.400s][info][gc             ] GC(2820) Pause Young (Allocation Failure) 510M->218M(526M) 1.030ms
[1010.400s][info][gc,cpu         ] GC(2820) User=0.00s Sys=0.00s Real=0.00s
[1010.552s][info][gc,start       ] GC(2821) Pause Young (Allocation Failure)
[1010.553s][info][gc,heap        ] GC(2821) PSYoungGen: 299072K(314880K)->64K(287744K) Eden: 299008K(299008K)->0K(287232K) From: 64K(15872K)->64K(512K)
[1010.553s][info][gc,heap        ] GC(2821) ParOldGen: 223448K(223744K)->223456K(223744K)
[1010.553s][info][gc,metaspace   ] GC(2821) Metaspace: 35555K(36416K)->35555K(36416K) NonClass: 26345K(27008K)->26345K(27008K) Class: 9210K(9408K)->9210K(9408K)
[1010.553s][info][gc             ] GC(2821) Pause Young (Allocation Failure) 510M->218M(499M) 1.025ms
[1010.553s][info][gc,cpu         ] GC(2821) User=0.01s Sys=0.00s Real=0.00s
[1010.641s][info][gc,start       ] GC(2822) Pause Young (Allocation Failure)
[1010.641s][info][gc,heap        ] GC(2822) PSYoungGen: 287296K(287744K)->64K(290304K) Eden: 287232K(287232K)->0K(275968K) From: 64K(512K)->64K(14336K)
[1010.641s][info][gc,heap        ] GC(2822) ParOldGen: 223456K(223744K)->223464K(223744K)
[1010.641s][info][gc,metaspace   ] GC(2822) Metaspace: 35555K(36416K)->35555K(36416K) NonClass: 26345K(27008K)->26345K(27008K) Class: 9210K(9408K)->9210K(9408K)
[1010.641s][info][gc             ] GC(2822) Pause Young (Allocation Failure) 498M->218M(502M) 0.835ms
[1010.641s][info][gc,cpu         ] GC(2822) User=0.00s Sys=0.00s Real=0.00s
[1010.814s][info][gc,start       ] GC(2823) Pause Young (Allocation Failure)
[1010.815s][info][gc,heap        ] GC(2823) PSYoungGen: 276032K(290304K)->64K(265728K) Eden: 275968K(275968K)->0K(265216K) From: 64K(14336K)->64K(512K)
[1010.815s][info][gc,heap        ] GC(2823) ParOldGen: 223464K(223744K)->223472K(223744K)
[1010.815s][info][gc,metaspace   ] GC(2823) Metaspace: 35555K(36416K)->35555K(36416K) NonClass: 26345K(27008K)->26345K(27008K) Class: 9210K(9408K)->9210K(9408K)
[1010.815s][info][gc             ] GC(2823) Pause Young (Allocation Failure) 487M->218M(478M) 0.938ms
[1010.815s][info][gc,cpu         ] GC(2823) User=0.00s Sys=0.00s Real=0.00s
[1011.703s][info][gc,start       ] GC(2824) Pause Young (Allocation Failure)
[1011.704s][info][gc,heap        ] GC(2824) PSYoungGen: 265280K(265728K)->83K(267264K) Eden: 265216K(265216K)->0K(254976K) From: 64K(512K)->83K(12288K)
[1011.704s][info][gc,heap        ] GC(2824) ParOldGen: 223472K(223744K)->223480K(223744K)
[1011.704s][info][gc,metaspace   ] GC(2824) Metaspace: 35555K(36416K)->35555K(36416K) NonClass: 26345K(27008K)->26345K(27008K) Class: 9210K(9408K)->9210K(9408K)
[1011.704s][info][gc             ] GC(2824) Pause Young (Allocation Failure) 477M->218M(479M) 0.833ms
[1011.704s][info][gc,cpu         ] GC(2824) User=0.00s Sys=0.00s Real=0.00s
[1012.500s][info][gc,start       ] GC(2825) Pause Young (Allocation Failure)
[1012.501s][info][gc,heap        ] GC(2825) PSYoungGen: 255059K(267264K)->64K(245760K) Eden: 254976K(254976K)->0K(245248K) From: 83K(12288K)->64K(512K)
[1012.501s][info][gc,heap        ] GC(2825) ParOldGen: 223480K(223744K)->223488K(223744K)
[1012.501s][info][gc,metaspace   ] GC(2825) Metaspace: 35555K(36416K)->35555K(36416K) NonClass: 26345K(27008K)->26345K(27008K) Class: 9210K(9408K)->9210K(9408K)
[1012.501s][info][gc             ] GC(2825) Pause Young (Allocation Failure) 467M->218M(458M) 1.263ms
[1012.501s][info][gc,cpu         ] GC(2825) User=0.00s Sys=0.00s Real=0.00s
[1012.702s][info][gc,start       ] GC(2826) Pause Young (Allocation Failure)
[1012.703s][info][gc,heap        ] GC(2826) PSYoungGen: 245312K(245760K)->64K(246784K) Eden: 245248K(245248K)->0K(236032K) From: 64K(512K)->64K(10752K)
[1012.703s][info][gc,heap        ] GC(2826) ParOldGen: 223488K(223744K)->223496K(223744K)
[1012.703s][info][gc,metaspace   ] GC(2826) Metaspace: 35555K(36416K)->35555K(36416K) NonClass: 26345K(27008K)->26345K(27008K) Class: 9210K(9408K)->9210K(9408K)
[1012.703s][info][gc             ] GC(2826) Pause Young (Allocation Failure) 457M->218M(459M) 0.800ms
[1012.703s][info][gc,cpu         ] GC(2826) User=0.00s Sys=0.00s Real=0.00s
[1013.089s][info][gc,start       ] GC(2827) Pause Young (Allocation Failure)
[1013.090s][info][gc,heap        ] GC(2827) PSYoungGen: 236096K(246784K)->64K(227840K) Eden: 236032K(236032K)->0K(227328K) From: 64K(10752K)->64K(512K)
[1013.090s][info][gc,heap        ] GC(2827) ParOldGen: 223496K(223744K)->223504K(223744K)
[1013.090s][info][gc,metaspace   ] GC(2827) Metaspace: 35555K(36416K)->35555K(36416K) NonClass: 26345K(27008K)->26345K(27008K) Class: 9210K(9408K)->9210K(9408K)
[1013.090s][info][gc             ] GC(2827) Pause Young (Allocation Failure) 448M->218M(441M) 1.750ms
[1013.090s][info][gc,cpu         ] GC(2827) User=0.01s Sys=0.00s Real=0.00s
[1014.029s][info][gc,start       ] GC(2828) Pause Young (Allocation Failure)
[1014.030s][info][gc,heap        ] GC(2828) PSYoungGen: 227392K(227840K)->32K(228864K) Eden: 227328K(227328K)->0K(219136K) From: 64K(512K)->32K(9728K)
[1014.030s][info][gc,heap        ] GC(2828) ParOldGen: 223504K(223744K)->223512K(223744K)
[1014.030s][info][gc,metaspace   ] GC(2828) Metaspace: 35555K(36416K)->35555K(36416K) NonClass: 26345K(27008K)->26345K(27008K) Class: 9210K(9408K)->9210K(9408K)
[1014.030s][info][gc             ] GC(2828) Pause Young (Allocation Failure) 440M->218M(442M) 1.481ms
[1014.030s][info][gc,cpu         ] GC(2828) User=0.00s Sys=0.00s Real=0.00s
[1014.372s][info][gc,start       ] GC(2829) Pause Young (Allocation Failure)
[1014.374s][info][gc,heap        ] GC(2829) PSYoungGen: 219168K(228864K)->32K(211456K) Eden: 219136K(219136K)->0K(210944K) From: 32K(9728K)->32K(512K)
[1014.374s][info][gc,heap        ] GC(2829) ParOldGen: 223512K(223744K)->223520K(223744K)
[1014.374s][info][gc,metaspace   ] GC(2829) Metaspace: 35555K(36416K)->35555K(36416K) NonClass: 26345K(27008K)->26345K(27008K) Class: 9210K(9408K)->9210K(9408K)
[1014.374s][info][gc             ] GC(2829) Pause Young (Allocation Failure) 432M->218M(425M) 2.196ms
[1014.374s][info][gc,cpu         ] GC(2829) User=0.00s Sys=0.00s Real=0.00s
[1014.533s][info][gc,start       ] GC(2830) Pause Young (Allocation Failure)
[1014.534s][info][gc,heap        ] GC(2830) PSYoungGen: 210976K(211456K)->64K(211456K) Eden: 210944K(210944K)->0K(203264K) From: 32K(512K)->64K(8192K)
[1014.534s][info][gc,heap        ] GC(2830) ParOldGen: 223520K(223744K)->223528K(223744K)
[1014.534s][info][gc,metaspace   ] GC(2830) Metaspace: 35555K(36416K)->35555K(36416K) NonClass: 26345K(27008K)->26345K(27008K) Class: 9210K(9408K)->9210K(9408K)
[1014.534s][info][gc             ] GC(2830) Pause Young (Allocation Failure) 424M->218M(425M) 1.035ms
[1014.534s][info][gc,cpu         ] GC(2830) User=0.00s Sys=0.00s Real=0.00s
[1014.595s][info][gc,start       ] GC(2831) Pause Young (Allocation Failure)
[1014.597s][info][gc,heap        ] GC(2831) PSYoungGen: 203328K(211456K)->64K(196608K) Eden: 203264K(203264K)->0K(196096K) From: 64K(8192K)->64K(512K)
[1014.597s][info][gc,heap        ] GC(2831) ParOldGen: 223528K(223744K)->223536K(223744K)
[1014.597s][info][gc,metaspace   ] GC(2831) Metaspace: 35555K(36416K)->35555K(36416K) NonClass: 26345K(27008K)->26345K(27008K) Class: 9210K(9408K)->9210K(9408K)
[1014.597s][info][gc             ] GC(2831) Pause Young (Allocation Failure) 416M->218M(410M) 1.954ms
[1014.597s][info][gc,cpu         ] GC(2831) User=0.00s Sys=0.00s Real=0.00s
[1014.994s][info][gc,start       ] GC(2832) Pause Young (Allocation Failure)
[1014.995s][info][gc,heap        ] GC(2832) PSYoungGen: 196160K(196608K)->64K(196608K) Eden: 196096K(196096K)->0K(189440K) From: 64K(512K)->64K(7168K)
[1014.995s][info][gc,heap        ] GC(2832) ParOldGen: 223536K(223744K)->223544K(223744K)
[1014.995s][info][gc,metaspace   ] GC(2832) Metaspace: 35555K(36416K)->35555K(36416K) NonClass: 26345K(27008K)->26345K(27008K) Class: 9210K(9408K)->9210K(9408K)
[1014.995s][info][gc             ] GC(2832) Pause Young (Allocation Failure) 409M->218M(410M) 1.371ms
[1014.995s][info][gc,cpu         ] GC(2832) User=0.00s Sys=0.00s Real=0.00s
[1015.254s][info][gc,start       ] GC(2833) Pause Young (Allocation Failure)
[1015.256s][info][gc,heap        ] GC(2833) PSYoungGen: 189504K(196608K)->64K(183296K) Eden: 189440K(189440K)->0K(182784K) From: 64K(7168K)->64K(512K)
[1015.256s][info][gc,heap        ] GC(2833) ParOldGen: 223544K(223744K)->223552K(223744K)
[1015.256s][info][gc,metaspace   ] GC(2833) Metaspace: 35555K(36416K)->35555K(36416K) NonClass: 26345K(27008K)->26345K(27008K) Class: 9210K(9408K)->9210K(9408K)
[1015.256s][info][gc             ] GC(2833) Pause Young (Allocation Failure) 403M->218M(397M) 2.196ms
[1015.256s][info][gc,cpu         ] GC(2833) User=0.00s Sys=0.00s Real=0.00s
[1015.503s][info][gc,start       ] GC(2834) Pause Young (Allocation Failure)
[1015.504s][info][gc,heap        ] GC(2834) PSYoungGen: 182848K(183296K)->64K(182784K) Eden: 182784K(182784K)->0K(176640K) From: 64K(512K)->64K(6144K)
[1015.504s][info][gc,heap        ] GC(2834) ParOldGen: 223552K(223744K)->223560K(223744K)
[1015.504s][info][gc,metaspace   ] GC(2834) Metaspace: 35555K(36416K)->35555K(36416K) NonClass: 26345K(27008K)->26345K(27008K) Class: 9210K(9408K)->9210K(9408K)
[1015.504s][info][gc             ] GC(2834) Pause Young (Allocation Failure) 396M->218M(397M) 1.393ms
[1015.504s][info][gc,cpu         ] GC(2834) User=0.00s Sys=0.00s Real=0.00s
[1015.775s][info][gc,start       ] GC(2835) Pause Young (Allocation Failure)
[1015.809s][info][gc,heap        ] GC(2835) PSYoungGen: 176704K(182784K)->5632K(216576K) Eden: 176640K(176640K)->0K(210944K) From: 64K(6144K)->5632K(5632K)
[1015.809s][info][gc,heap        ] GC(2835) ParOldGen: 223560K(223744K)->234544K(235008K)
[1015.809s][info][gc,metaspace   ] GC(2835) Metaspace: 35555K(36416K)->35555K(36416K) NonClass: 26345K(27008K)->26345K(27008K) Class: 9210K(9408K)->9210K(9408K)
[1015.809s][info][gc             ] GC(2835) Pause Young (Allocation Failure) 390M->234M(441M) 33.657ms
[1015.809s][info][gc,cpu         ] GC(2835) User=0.05s Sys=0.01s Real=0.04s
[1016.084s][info][gc,start       ] GC(2836) Pause Young (Allocation Failure)
[1016.132s][info][gc,heap        ] GC(2836) PSYoungGen: 216576K(216576K)->11264K(251904K) Eden: 210944K(210944K)->0K(240640K) From: 5632K(5632K)->11264K(11264K)
[1016.132s][info][gc,heap        ] GC(2836) ParOldGen: 234544K(235008K)->247608K(247808K)
[1016.132s][info][gc,metaspace   ] GC(2836) Metaspace: 35555K(36416K)->35555K(36416K) NonClass: 26345K(27008K)->26345K(27008K) Class: 9210K(9408K)->9210K(9408K)
[1016.132s][info][gc             ] GC(2836) Pause Young (Allocation Failure) 440M->252M(488M) 47.682ms
[1016.132s][info][gc,cpu         ] GC(2836) User=0.08s Sys=0.01s Real=0.05s
[1016.394s][info][gc,start       ] GC(2837) Pause Young (Allocation Failure)
[1016.442s][info][gc,heap        ] GC(2837) PSYoungGen: 251904K(251904K)->18432K(266240K) Eden: 240640K(240640K)->0K(247808K) From: 11264K(11264K)->18432K(18432K)
[1016.442s][info][gc,heap        ] GC(2837) ParOldGen: 247608K(247808K)->251512K(251904K)
[1016.442s][info][gc,metaspace   ] GC(2837) Metaspace: 35555K(36416K)->35555K(36416K) NonClass: 26345K(27008K)->26345K(27008K) Class: 9210K(9408K)->9210K(9408K)
[1016.442s][info][gc             ] GC(2837) Pause Young (Allocation Failure) 487M->263M(506M) 47.885ms
[1016.442s][info][gc,cpu         ] GC(2837) User=0.07s Sys=0.01s Real=0.05s
[1016.533s][info][gc,start       ] GC(2838) Pause Young (Allocation Failure)
[1016.535s][info][gc,heap        ] GC(2838) PSYoungGen: 266240K(266240K)->64K(271360K) Eden: 247808K(247808K)->0K(247808K) From: 18432K(18432K)->64K(23552K)
[1016.535s][info][gc,heap        ] GC(2838) ParOldGen: 251512K(251904K)->251616K(251904K)
[1016.535s][info][gc,metaspace   ] GC(2838) Metaspace: 35555K(36416K)->35555K(36416K) NonClass: 26345K(27008K)->26345K(27008K) Class: 9210K(9408K)->9210K(9408K)
[1016.535s][info][gc             ] GC(2838) Pause Young (Allocation Failure) 505M->245M(511M) 2.095ms
[1016.535s][info][gc,cpu         ] GC(2838) User=0.00s Sys=0.00s Real=0.00s
[1017.107s][info][gc,start       ] GC(2839) Pause Young (Allocation Failure)
[1017.108s][info][gc,heap        ] GC(2839) PSYoungGen: 247872K(271360K)->64K(308736K) Eden: 247808K(247808K)->0K(287232K) From: 64K(23552K)->64K(21504K)
[1017.108s][info][gc,heap        ] GC(2839) ParOldGen: 251616K(251904K)->251624K(251904K)
[1017.108s][info][gc,metaspace   ] GC(2839) Metaspace: 35555K(36416K)->35555K(36416K) NonClass: 26345K(27008K)->26345K(27008K) Class: 9210K(9408K)->9210K(9408K)
[1017.108s][info][gc             ] GC(2839) Pause Young (Allocation Failure) 487M->245M(547M) 1.034ms
[1017.108s][info][gc,cpu         ] GC(2839) User=0.00s Sys=0.00s Real=0.00s
[1017.561s][info][gc,start       ] GC(2840) Pause Young (Allocation Failure)
[1017.562s][info][gc,heap        ] GC(2840) PSYoungGen: 287296K(308736K)->128K(309760K) Eden: 287232K(287232K)->0K(287232K) From: 64K(21504K)->128K(22528K)
[1017.562s][info][gc,heap        ] GC(2840) ParOldGen: 251624K(251904K)->251632K(251904K)
[1017.562s][info][gc,metaspace   ] GC(2840) Metaspace: 35622K(36416K)->35622K(36416K) NonClass: 26411K(27008K)->26411K(27008K) Class: 9210K(9408K)->9210K(9408K)
[1017.562s][info][gc             ] GC(2840) Pause Young (Allocation Failure) 526M->245M(548M) 1.643ms
[1017.562s][info][gc,cpu         ] GC(2840) User=0.01s Sys=0.00s Real=0.00s
[1017.997s][info][gc,start       ] GC(2841) Pause Young (Allocation Failure)
[1017.998s][info][gc,heap        ] GC(2841) PSYoungGen: 287360K(309760K)->64K(309248K) Eden: 287232K(287232K)->0K(289792K) From: 128K(22528K)->64K(19456K)
[1017.998s][info][gc,heap        ] GC(2841) ParOldGen: 251632K(251904K)->251720K(251904K)
[1017.998s][info][gc,metaspace   ] GC(2841) Metaspace: 35622K(36416K)->35622K(36416K) NonClass: 26411K(27008K)->26411K(27008K) Class: 9210K(9408K)->9210K(9408K)
[1017.998s][info][gc             ] GC(2841) Pause Young (Allocation Failure) 526M->245M(548M) 1.121ms
[1017.998s][info][gc,cpu         ] GC(2841) User=0.00s Sys=0.00s Real=0.00s
[1018.237s][info][gc,start       ] GC(2842) Pause Young (Allocation Failure)
[1018.237s][info][gc,heap        ] GC(2842) PSYoungGen: 289856K(309248K)->64K(310272K) Eden: 289792K(289792K)->0K(289792K) From: 64K(19456K)->64K(20480K)
[1018.237s][info][gc,heap        ] GC(2842) ParOldGen: 251720K(251904K)->251736K(251904K)
[1018.237s][info][gc,metaspace   ] GC(2842) Metaspace: 35622K(36416K)->35622K(36416K) NonClass: 26411K(27008K)->26411K(27008K) Class: 9210K(9408K)->9210K(9408K)
[1018.237s][info][gc             ] GC(2842) Pause Young (Allocation Failure) 528M->245M(549M) 0.876ms
[1018.238s][info][gc,cpu         ] GC(2842) User=0.00s Sys=0.00s Real=0.00s
[1018.586s][info][gc,start       ] GC(2843) Pause Young (Allocation Failure)
[1018.587s][info][gc,heap        ] GC(2843) PSYoungGen: 289856K(310272K)->64K(311296K) Eden: 289792K(289792K)->0K(293888K) From: 64K(20480K)->64K(17408K)
[1018.587s][info][gc,heap        ] GC(2843) ParOldGen: 251736K(251904K)->251736K(251904K)
[1018.587s][info][gc,metaspace   ] GC(2843) Metaspace: 35622K(36416K)->35622K(36416K) NonClass: 26411K(27008K)->26411K(27008K) Class: 9210K(9408K)->9210K(9408K)
[1018.587s][info][gc             ] GC(2843) Pause Young (Allocation Failure) 528M->245M(550M) 0.891ms
[1018.587s][info][gc,cpu         ] GC(2843) User=0.00s Sys=0.00s Real=0.00s
[1018.708s][info][gc,start       ] GC(2844) Pause Young (Allocation Failure)
[1018.709s][info][gc,heap        ] GC(2844) PSYoungGen: 293952K(311296K)->64K(312320K) Eden: 293888K(293888K)->0K(293888K) From: 64K(17408K)->64K(18432K)
[1018.709s][info][gc,heap        ] GC(2844) ParOldGen: 251736K(251904K)->251744K(251904K)
[1018.709s][info][gc,metaspace   ] GC(2844) Metaspace: 35622K(36416K)->35622K(36416K) NonClass: 26411K(27008K)->26411K(27008K) Class: 9210K(9408K)->9210K(9408K)
[1018.709s][info][gc             ] GC(2844) Pause Young (Allocation Failure) 532M->245M(551M) 1.019ms
[1018.709s][info][gc,cpu         ] GC(2844) User=0.00s Sys=0.00s Real=0.01s
[1018.758s][info][gc,start       ] GC(2845) Pause Young (Allocation Failure)
[1018.759s][info][gc,heap        ] GC(2845) PSYoungGen: 293952K(312320K)->64K(312832K) Eden: 293888K(293888K)->0K(297472K) From: 64K(18432K)->64K(15360K)
[1018.759s][info][gc,heap        ] GC(2845) ParOldGen: 251744K(251904K)->251760K(251904K)
[1018.759s][info][gc,metaspace   ] GC(2845) Metaspace: 35622K(36416K)->35622K(36416K) NonClass: 26411K(27008K)->26411K(27008K) Class: 9210K(9408K)->9210K(9408K)
[1018.759s][info][gc             ] GC(2845) Pause Young (Allocation Failure) 532M->245M(551M) 0.875ms
[1018.759s][info][gc,cpu         ] GC(2845) User=0.00s Sys=0.00s Real=0.01s
[1018.951s][info][gc,start       ] GC(2846) Pause Young (Allocation Failure)
[1018.952s][info][gc,heap        ] GC(2846) PSYoungGen: 297536K(312832K)->64K(314368K) Eden: 297472K(297472K)->0K(297472K) From: 64K(15360K)->64K(16896K)
[1018.952s][info][gc,heap        ] GC(2846) ParOldGen: 251760K(251904K)->251760K(251904K)
[1018.952s][info][gc,metaspace   ] GC(2846) Metaspace: 35622K(36416K)->35622K(36416K) NonClass: 26411K(27008K)->26411K(27008K) Class: 9210K(9408K)->9210K(9408K)
[1018.952s][info][gc             ] GC(2846) Pause Young (Allocation Failure) 536M->245M(553M) 0.931ms
[1018.952s][info][gc,cpu         ] GC(2846) User=0.00s Sys=0.00s Real=0.00s
[1019.249s][info][gc,start       ] GC(2847) Pause Young (Allocation Failure)
[1019.250s][info][gc,heap        ] GC(2847) PSYoungGen: 297536K(314368K)->64K(314368K) Eden: 297472K(297472K)->0K(301056K) From: 64K(16896K)->64K(13312K)
[1019.250s][info][gc,heap        ] GC(2847) ParOldGen: 251760K(251904K)->251768K(251904K)
[1019.250s][info][gc,metaspace   ] GC(2847) Metaspace: 35622K(36416K)->35622K(36416K) NonClass: 26411K(27008K)->26411K(27008K) Class: 9210K(9408K)->9210K(9408K)
[1019.250s][info][gc             ] GC(2847) Pause Young (Allocation Failure) 536M->245M(553M) 0.903ms
[1019.250s][info][gc,cpu         ] GC(2847) User=0.00s Sys=0.00s Real=0.00s
[1019.401s][info][gc,start       ] GC(2848) Pause Young (Allocation Failure)
[1019.402s][info][gc,heap        ] GC(2848) PSYoungGen: 301120K(314368K)->64K(289792K) Eden: 301056K(301056K)->0K(289280K) From: 64K(13312K)->64K(512K)
[1019.402s][info][gc,heap        ] GC(2848) ParOldGen: 251768K(251904K)->251776K(251904K)
[1019.402s][info][gc,metaspace   ] GC(2848) Metaspace: 35622K(36416K)->35622K(36416K) NonClass: 26411K(27008K)->26411K(27008K) Class: 9210K(9408K)->9210K(9408K)
[1019.402s][info][gc             ] GC(2848) Pause Young (Allocation Failure) 539M->245M(529M) 1.030ms
[1019.402s][info][gc,cpu         ] GC(2848) User=0.00s Sys=0.00s Real=0.00s
[1019.495s][info][gc,start       ] GC(2849) Pause Young (Allocation Failure)
[1019.496s][info][gc,heap        ] GC(2849) PSYoungGen: 289344K(289792K)->64K(278528K) Eden: 289280K(289280K)->0K(278016K) From: 64K(512K)->64K(512K)
[1019.496s][info][gc,heap        ] GC(2849) ParOldGen: 251776K(251904K)->251784K(251904K)
[1019.496s][info][gc,metaspace   ] GC(2849) Metaspace: 35622K(36416K)->35622K(36416K) NonClass: 26411K(27008K)->26411K(27008K) Class: 9210K(9408K)->9210K(9408K)
[1019.496s][info][gc             ] GC(2849) Pause Young (Allocation Failure) 528M->245M(518M) 0.963ms
[1019.496s][info][gc,cpu         ] GC(2849) User=0.00s Sys=0.00s Real=0.00s
[1019.669s][info][gc,start       ] GC(2850) Pause Young (Allocation Failure)
[1019.670s][info][gc,heap        ] GC(2850) PSYoungGen: 278080K(278528K)->64K(280576K) Eden: 278016K(278016K)->0K(267264K) From: 64K(512K)->64K(13312K)
[1019.670s][info][gc,heap        ] GC(2850) ParOldGen: 251784K(251904K)->251792K(251904K)
[1019.670s][info][gc,metaspace   ] GC(2850) Metaspace: 35622K(36416K)->35622K(36416K) NonClass: 26411K(27008K)->26411K(27008K) Class: 9210K(9408K)->9210K(9408K)
[1019.670s][info][gc             ] GC(2850) Pause Young (Allocation Failure) 517M->245M(520M) 1.057ms
[1019.670s][info][gc,cpu         ] GC(2850) User=0.01s Sys=0.00s Real=0.00s
[1020.551s][info][gc,start       ] GC(2851) Pause Young (Allocation Failure)
[1020.553s][info][gc,heap        ] GC(2851) PSYoungGen: 267328K(280576K)->64K(257536K) Eden: 267264K(267264K)->0K(257024K) From: 64K(13312K)->64K(512K)
[1020.553s][info][gc,heap        ] GC(2851) ParOldGen: 251792K(251904K)->251800K(251904K)
[1020.553s][info][gc,metaspace   ] GC(2851) Metaspace: 35622K(36416K)->35622K(36416K) NonClass: 26411K(27008K)->26411K(27008K) Class: 9210K(9408K)->9210K(9408K)
[1020.553s][info][gc             ] GC(2851) Pause Young (Allocation Failure) 506M->245M(497M) 1.438ms
[1020.553s][info][gc,cpu         ] GC(2851) User=0.00s Sys=0.01s Real=0.00s
[1021.363s][info][gc,start       ] GC(2852) Pause Young (Allocation Failure)
[1021.363s][info][gc,heap        ] GC(2852) PSYoungGen: 257088K(257536K)->64K(259072K) Eden: 257024K(257024K)->0K(247296K) From: 64K(512K)->64K(11776K)
[1021.364s][info][gc,heap        ] GC(2852) ParOldGen: 251800K(251904K)->251808K(251904K)
[1021.364s][info][gc,metaspace   ] GC(2852) Metaspace: 35622K(36416K)->35622K(36416K) NonClass: 26411K(27008K)->26411K(27008K) Class: 9210K(9408K)->9210K(9408K)
[1021.364s][info][gc             ] GC(2852) Pause Young (Allocation Failure) 496M->245M(499M) 0.912ms
[1021.364s][info][gc,cpu         ] GC(2852) User=0.00s Sys=0.00s Real=0.00s
[1021.602s][info][gc,start       ] GC(2853) Pause Young (Allocation Failure)
[1021.603s][info][gc,heap        ] GC(2853) PSYoungGen: 247360K(259072K)->64K(238592K) Eden: 247296K(247296K)->0K(238080K) From: 64K(11776K)->64K(512K)
[1021.603s][info][gc,heap        ] GC(2853) ParOldGen: 251808K(251904K)->251816K(251904K)
[1021.603s][info][gc,metaspace   ] GC(2853) Metaspace: 35622K(36416K)->35622K(36416K) NonClass: 26411K(27008K)->26411K(27008K) Class: 9210K(9408K)->9210K(9408K)
[1021.603s][info][gc             ] GC(2853) Pause Young (Allocation Failure) 487M->245M(479M) 1.513ms
[1021.603s][info][gc,cpu         ] GC(2853) User=0.00s Sys=0.00s Real=0.00s
[1022.018s][info][gc,start       ] GC(2854) Pause Young (Allocation Failure)
[1022.019s][info][gc,heap        ] GC(2854) PSYoungGen: 238144K(238592K)->64K(239616K) Eden: 238080K(238080K)->0K(229376K) From: 64K(512K)->64K(10240K)
[1022.019s][info][gc,heap        ] GC(2854) ParOldGen: 251816K(251904K)->251824K(251904K)
[1022.019s][info][gc,metaspace   ] GC(2854) Metaspace: 35622K(36416K)->35622K(36416K) NonClass: 26411K(27008K)->26411K(27008K) Class: 9210K(9408K)->9210K(9408K)
[1022.019s][info][gc             ] GC(2854) Pause Young (Allocation Failure) 478M->245M(480M) 0.842ms
[1022.019s][info][gc,cpu         ] GC(2854) User=0.00s Sys=0.00s Real=0.01s
[1022.924s][info][gc,start       ] GC(2855) Pause Young (Allocation Failure)
[1022.925s][info][gc,heap        ] GC(2855) PSYoungGen: 229440K(239616K)->64K(221696K) Eden: 229376K(229376K)->0K(221184K) From: 64K(10240K)->64K(512K)
[1022.925s][info][gc,heap        ] GC(2855) ParOldGen: 251824K(251904K)->251832K(251904K)
[1022.925s][info][gc,metaspace   ] GC(2855) Metaspace: 35622K(36416K)->35622K(36416K) NonClass: 26411K(27008K)->26411K(27008K) Class: 9210K(9408K)->9210K(9408K)
[1022.925s][info][gc             ] GC(2855) Pause Young (Allocation Failure) 469M->245M(462M) 1.590ms
[1022.925s][info][gc,cpu         ] GC(2855) User=0.00s Sys=0.00s Real=0.00s
[1023.255s][info][gc,start       ] GC(2856) Pause Young (Allocation Failure)
[1023.257s][info][gc,heap        ] GC(2856) PSYoungGen: 221248K(221696K)->64K(221696K) Eden: 221184K(221184K)->0K(212992K) From: 64K(512K)->64K(8704K)
[1023.257s][info][gc,heap        ] GC(2856) ParOldGen: 251832K(251904K)->251848K(251904K)
[1023.257s][info][gc,metaspace   ] GC(2856) Metaspace: 35622K(36416K)->35622K(36416K) NonClass: 26411K(27008K)->26411K(27008K) Class: 9210K(9408K)->9210K(9408K)
[1023.257s][info][gc             ] GC(2856) Pause Young (Allocation Failure) 461M->246M(462M) 1.662ms
[1023.257s][info][gc,cpu         ] GC(2856) User=0.00s Sys=0.00s Real=0.00s
[1023.404s][info][gc,start       ] GC(2857) Pause Young (Allocation Failure)
[1023.406s][info][gc,heap        ] GC(2857) PSYoungGen: 213056K(221696K)->32K(205824K) Eden: 212992K(212992K)->0K(205312K) From: 64K(8704K)->32K(512K)
[1023.406s][info][gc,heap        ] GC(2857) ParOldGen: 251848K(251904K)->251856K(251904K)
[1023.406s][info][gc,metaspace   ] GC(2857) Metaspace: 35622K(36416K)->35622K(36416K) NonClass: 26411K(27008K)->26411K(27008K) Class: 9210K(9408K)->9210K(9408K)
[1023.406s][info][gc             ] GC(2857) Pause Young (Allocation Failure) 454M->245M(447M) 2.253ms
[1023.406s][info][gc,cpu         ] GC(2857) User=0.00s Sys=0.00s Real=0.00s
[1023.485s][info][gc,start       ] GC(2858) Pause Young (Allocation Failure)
[1023.486s][info][gc,heap        ] GC(2858) PSYoungGen: 205344K(205824K)->32K(205824K) Eden: 205312K(205312K)->0K(198144K) From: 32K(512K)->32K(7680K)
[1023.486s][info][gc,heap        ] GC(2858) ParOldGen: 251856K(251904K)->251872K(251904K)
[1023.486s][info][gc,metaspace   ] GC(2858) Metaspace: 35622K(36416K)->35622K(36416K) NonClass: 26411K(27008K)->26411K(27008K) Class: 9210K(9408K)->9210K(9408K)
[1023.486s][info][gc             ] GC(2858) Pause Young (Allocation Failure) 446M->246M(447M) 1.319ms
[1023.486s][info][gc,cpu         ] GC(2858) User=0.00s Sys=0.00s Real=0.00s
[1023.945s][info][gc,start       ] GC(2859) Pause Young (Allocation Failure)
[1023.947s][info][gc,heap        ] GC(2859) PSYoungGen: 198176K(205824K)->64K(191488K) Eden: 198144K(198144K)->0K(190976K) From: 32K(7680K)->64K(512K)
[1023.947s][info][gc,heap        ] GC(2859) ParOldGen: 251872K(251904K)->251880K(251904K)
[1023.947s][info][gc,metaspace   ] GC(2859) Metaspace: 35622K(36416K)->35622K(36416K) NonClass: 26411K(27008K)->26411K(27008K) Class: 9210K(9408K)->9210K(9408K)
[1023.947s][info][gc             ] GC(2859) Pause Young (Allocation Failure) 439M->246M(433M) 1.574ms
[1023.947s][info][gc,cpu         ] GC(2859) User=0.00s Sys=0.00s Real=0.00s
[1024.129s][info][gc,start       ] GC(2860) Pause Young (Allocation Failure)
[1024.130s][info][gc,heap        ] GC(2860) PSYoungGen: 191040K(191488K)->64K(190976K) Eden: 190976K(190976K)->0K(184320K) From: 64K(512K)->64K(6656K)
[1024.130s][info][gc,heap        ] GC(2860) ParOldGen: 251880K(251904K)->251888K(251904K)
[1024.130s][info][gc,metaspace   ] GC(2860) Metaspace: 35622K(36416K)->35622K(36416K) NonClass: 26411K(27008K)->26411K(27008K) Class: 9210K(9408K)->9210K(9408K)
[1024.130s][info][gc             ] GC(2860) Pause Young (Allocation Failure) 432M->246M(432M) 0.880ms
[1024.130s][info][gc,cpu         ] GC(2860) User=0.01s Sys=0.00s Real=0.00s
[1024.439s][info][gc,start       ] GC(2861) Pause Young (Allocation Failure)
[1024.441s][info][gc,heap        ] GC(2861) PSYoungGen: 184384K(190976K)->800K(179200K) Eden: 184320K(184320K)->0K(178176K) From: 64K(6656K)->800K(1024K)
[1024.441s][info][gc,heap        ] GC(2861) ParOldGen: 251888K(251904K)->251904K(252416K)
[1024.441s][info][gc,metaspace   ] GC(2861) Metaspace: 35622K(36416K)->35622K(36416K) NonClass: 26411K(27008K)->26411K(27008K) Class: 9210K(9408K)->9210K(9408K)
[1024.441s][info][gc             ] GC(2861) Pause Young (Allocation Failure) 426M->246M(421M) 2.379ms
[1024.441s][info][gc,cpu         ] GC(2861) User=0.01s Sys=0.00s Real=0.00s
[1024.673s][info][gc,start       ] GC(2862) Pause Young (Allocation Failure)
[1024.712s][info][gc,heap        ] GC(2862) PSYoungGen: 178976K(179200K)->5632K(219136K) Eden: 178176K(178176K)->0K(213504K) From: 800K(1024K)->5632K(5632K)
[1024.712s][info][gc,heap        ] GC(2862) ParOldGen: 251904K(252416K)->266584K(266752K)
[1024.712s][info][gc,metaspace   ] GC(2862) Metaspace: 35622K(36416K)->35622K(36416K) NonClass: 26411K(27008K)->26411K(27008K) Class: 9210K(9408K)->9210K(9408K)
[1024.712s][info][gc             ] GC(2862) Pause Young (Allocation Failure) 420M->265M(474M) 39.190ms
[1024.712s][info][gc,cpu         ] GC(2862) User=0.06s Sys=0.02s Real=0.04s
[1024.990s][info][gc,start       ] GC(2863) Pause Young (Allocation Failure)
[1025.041s][info][gc,heap        ] GC(2863) PSYoungGen: 219136K(219136K)->5120K(233984K) Eden: 213504K(213504K)->0K(228864K) From: 5632K(5632K)->5120K(5120K)
[1025.041s][info][gc,heap        ] GC(2863) ParOldGen: 266584K(266752K)->286200K(286208K)
[1025.041s][info][gc,metaspace   ] GC(2863) Metaspace: 35622K(36416K)->35622K(36416K) NonClass: 26411K(27008K)->26411K(27008K) Class: 9210K(9408K)->9210K(9408K)
[1025.041s][info][gc             ] GC(2863) Pause Young (Allocation Failure) 474M->284M(508M) 51.173ms
[1025.041s][info][gc,cpu         ] GC(2863) User=0.10s Sys=0.01s Real=0.05s
[1025.259s][info][gc,start       ] GC(2864) Pause Young (Allocation Failure)
[1025.289s][info][gc,heap        ] GC(2864) PSYoungGen: 233984K(233984K)->17248K(248832K) Eden: 228864K(228864K)->0K(228864K) From: 5120K(5120K)->17248K(19968K)
[1025.289s][info][gc,heap        ] GC(2864) ParOldGen: 286200K(286208K)->286728K(287232K)
[1025.289s][info][gc,metaspace   ] GC(2864) Metaspace: 35622K(36416K)->35622K(36416K) NonClass: 26411K(27008K)->26411K(27008K) Class: 9210K(9408K)->9210K(9408K)
[1025.289s][info][gc             ] GC(2864) Pause Young (Allocation Failure) 507M->296M(523M) 30.636ms
[1025.289s][info][gc,cpu         ] GC(2864) User=0.06s Sys=0.00s Real=0.03s
[1025.380s][info][gc,start       ] GC(2865) Pause Young (Allocation Failure)
[1025.381s][info][gc,heap        ] GC(2865) PSYoungGen: 246112K(248832K)->64K(295424K) Eden: 228864K(228864K)->0K(274432K) From: 17248K(19968K)->64K(20992K)
[1025.381s][info][gc,heap        ] GC(2865) ParOldGen: 286728K(287232K)->286736K(287232K)
[1025.381s][info][gc,metaspace   ] GC(2865) Metaspace: 35622K(36416K)->35622K(36416K) NonClass: 26411K(27008K)->26411K(27008K) Class: 9210K(9408K)->9210K(9408K)
[1025.381s][info][gc             ] GC(2865) Pause Young (Allocation Failure) 520M->280M(569M) 1.150ms
[1025.381s][info][gc,cpu         ] GC(2865) User=0.00s Sys=0.00s Real=0.00s
[1026.054s][info][gc,start       ] GC(2866) Pause Young (Allocation Failure)
[1026.055s][info][gc,heap        ] GC(2866) PSYoungGen: 274496K(295424K)->64K(296448K) Eden: 274432K(274432K)->0K(274432K) From: 64K(20992K)->64K(22016K)
[1026.055s][info][gc,heap        ] GC(2866) ParOldGen: 286736K(287232K)->286744K(287232K)
[1026.055s][info][gc,metaspace   ] GC(2866) Metaspace: 35622K(36416K)->35622K(36416K) NonClass: 26411K(27008K)->26411K(27008K) Class: 9210K(9408K)->9210K(9408K)
[1026.055s][info][gc             ] GC(2866) Pause Young (Allocation Failure) 548M->280M(570M) 1.206ms
[1026.055s][info][gc,cpu         ] GC(2866) User=0.00s Sys=0.00s Real=0.00s
[1026.395s][info][gc,start       ] GC(2867) Pause Young (Allocation Failure)
[1026.396s][info][gc,heap        ] GC(2867) PSYoungGen: 274496K(296448K)->64K(309248K) Eden: 274432K(274432K)->0K(290304K) From: 64K(22016K)->64K(18944K)
[1026.396s][info][gc,heap        ] GC(2867) ParOldGen: 286744K(287232K)->286752K(287232K)
[1026.396s][info][gc,metaspace   ] GC(2867) Metaspace: 35622K(36416K)->35622K(36416K) NonClass: 26411K(27008K)->26411K(27008K) Class: 9210K(9408K)->9210K(9408K)
[1026.396s][info][gc             ] GC(2867) Pause Young (Allocation Failure) 548M->280M(582M) 1.190ms
[1026.396s][info][gc,cpu         ] GC(2867) User=0.00s Sys=0.00s Real=0.00s
[1026.844s][info][gc,start       ] GC(2868) Pause Young (Allocation Failure)
[1026.845s][info][gc,heap        ] GC(2868) PSYoungGen: 290368K(309248K)->64K(310784K) Eden: 290304K(290304K)->0K(290304K) From: 64K(18944K)->64K(20480K)
[1026.845s][info][gc,heap        ] GC(2868) ParOldGen: 286752K(287232K)->286768K(287232K)
[1026.845s][info][gc,metaspace   ] GC(2868) Metaspace: 35622K(36416K)->35622K(36416K) NonClass: 26411K(27008K)->26411K(27008K) Class: 9210K(9408K)->9210K(9408K)
[1026.845s][info][gc             ] GC(2868) Pause Young (Allocation Failure) 563M->280M(584M) 1.249ms
[1026.845s][info][gc,cpu         ] GC(2868) User=0.00s Sys=0.00s Real=0.00s
[1027.082s][info][gc,start       ] GC(2869) Pause Young (Allocation Failure)
[1027.083s][info][gc,heap        ] GC(2869) PSYoungGen: 290368K(310784K)->32K(310784K) Eden: 290304K(290304K)->0K(293376K) From: 64K(20480K)->32K(17408K)
[1027.083s][info][gc,heap        ] GC(2869) ParOldGen: 286768K(287232K)->286784K(287232K)
[1027.083s][info][gc,metaspace   ] GC(2869) Metaspace: 35622K(36416K)->35622K(36416K) NonClass: 26411K(27008K)->26411K(27008K) Class: 9210K(9408K)->9210K(9408K)
[1027.083s][info][gc             ] GC(2869) Pause Young (Allocation Failure) 563M->280M(584M) 1.129ms
[1027.083s][info][gc,cpu         ] GC(2869) User=0.01s Sys=0.00s Real=0.00s
[1027.446s][info][gc,start       ] GC(2870) Pause Young (Allocation Failure)
[1027.447s][info][gc,heap        ] GC(2870) PSYoungGen: 293408K(310784K)->64K(312320K) Eden: 293376K(293376K)->0K(293376K) From: 32K(17408K)->64K(18944K)
[1027.447s][info][gc,heap        ] GC(2870) ParOldGen: 286784K(287232K)->286784K(287232K)
[1027.447s][info][gc,metaspace   ] GC(2870) Metaspace: 35622K(36416K)->35622K(36416K) NonClass: 26411K(27008K)->26411K(27008K) Class: 9210K(9408K)->9210K(9408K)
[1027.447s][info][gc             ] GC(2870) Pause Young (Allocation Failure) 566M->280M(585M) 1.095ms
[1027.447s][info][gc,cpu         ] GC(2870) User=0.01s Sys=0.00s Real=0.00s
[1027.521s][info][gc,start       ] GC(2871) Pause Young (Allocation Failure)
[1027.522s][info][gc,heap        ] GC(2871) PSYoungGen: 293440K(312320K)->64K(312320K) Eden: 293376K(293376K)->0K(296960K) From: 64K(18944K)->64K(15360K)
[1027.522s][info][gc,heap        ] GC(2871) ParOldGen: 286784K(287232K)->286792K(287232K)
[1027.522s][info][gc,metaspace   ] GC(2871) Metaspace: 35622K(36416K)->35622K(36416K) NonClass: 26411K(27008K)->26411K(27008K) Class: 9210K(9408K)->9210K(9408K)
[1027.522s][info][gc             ] GC(2871) Pause Young (Allocation Failure) 566M->280M(585M) 0.993ms
[1027.522s][info][gc,cpu         ] GC(2871) User=0.00s Sys=0.00s Real=0.00s
[1027.575s][info][gc,start       ] GC(2872) Pause Young (Allocation Failure)
[1027.576s][info][gc,heap        ] GC(2872) PSYoungGen: 297024K(312320K)->64K(313856K) Eden: 296960K(296960K)->0K(296960K) From: 64K(15360K)->64K(16896K)
[1027.576s][info][gc,heap        ] GC(2872) ParOldGen: 286792K(287232K)->286808K(287232K)
[1027.576s][info][gc,metaspace   ] GC(2872) Metaspace: 35622K(36416K)->35622K(36416K) NonClass: 26411K(27008K)->26411K(27008K) Class: 9210K(9408K)->9210K(9408K)
[1027.576s][info][gc             ] GC(2872) Pause Young (Allocation Failure) 570M->280M(587M) 1.054ms
[1027.576s][info][gc,cpu         ] GC(2872) User=0.00s Sys=0.00s Real=0.00s
[1027.812s][info][gc,start       ] GC(2873) Pause Young (Allocation Failure)
[1027.813s][info][gc,heap        ] GC(2873) PSYoungGen: 297024K(313856K)->64K(314368K) Eden: 296960K(296960K)->0K(300544K) From: 64K(16896K)->64K(13824K)
[1027.813s][info][gc,heap        ] GC(2873) ParOldGen: 286808K(287232K)->286808K(287232K)
[1027.813s][info][gc,metaspace   ] GC(2873) Metaspace: 35622K(36416K)->35622K(36416K) NonClass: 26411K(27008K)->26411K(27008K) Class: 9210K(9408K)->9210K(9408K)
[1027.813s][info][gc             ] GC(2873) Pause Young (Allocation Failure) 570M->280M(587M) 1.024ms
[1027.813s][info][gc,cpu         ] GC(2873) User=0.00s Sys=0.00s Real=0.00s
[1028.096s][info][gc,start       ] GC(2874) Pause Young (Allocation Failure)
[1028.097s][info][gc,heap        ] GC(2874) PSYoungGen: 300608K(314368K)->64K(315904K) Eden: 300544K(300544K)->0K(300544K) From: 64K(13824K)->64K(15360K)
[1028.097s][info][gc,heap        ] GC(2874) ParOldGen: 286808K(287232K)->286816K(287232K)
[1028.097s][info][gc,metaspace   ] GC(2874) Metaspace: 35622K(36416K)->35622K(36416K) NonClass: 26411K(27008K)->26411K(27008K) Class: 9210K(9408K)->9210K(9408K)
[1028.097s][info][gc             ] GC(2874) Pause Young (Allocation Failure) 573M->280M(589M) 1.146ms
[1028.097s][info][gc,cpu         ] GC(2874) User=0.00s Sys=0.00s Real=0.00s
[1028.218s][info][gc,start       ] GC(2875) Pause Young (Allocation Failure)
[1028.219s][info][gc,heap        ] GC(2875) PSYoungGen: 300608K(315904K)->64K(316928K) Eden: 300544K(300544K)->0K(304128K) From: 64K(15360K)->64K(12800K)
[1028.219s][info][gc,heap        ] GC(2875) ParOldGen: 286816K(287232K)->286824K(287232K)
[1028.219s][info][gc,metaspace   ] GC(2875) Metaspace: 35622K(36416K)->35622K(36416K) NonClass: 26411K(27008K)->26411K(27008K) Class: 9210K(9408K)->9210K(9408K)
[1028.219s][info][gc             ] GC(2875) Pause Young (Allocation Failure) 573M->280M(590M) 1.108ms
[1028.219s][info][gc,cpu         ] GC(2875) User=0.00s Sys=0.00s Real=0.01s
[1028.345s][info][gc,start       ] GC(2876) Pause Young (Allocation Failure)
[1028.346s][info][gc,heap        ] GC(2876) PSYoungGen: 304192K(316928K)->64K(317952K) Eden: 304128K(304128K)->0K(304128K) From: 64K(12800K)->64K(13824K)
[1028.346s][info][gc,heap        ] GC(2876) ParOldGen: 286824K(287232K)->286832K(287232K)
[1028.346s][info][gc,metaspace   ] GC(2876) Metaspace: 35622K(36416K)->35622K(36416K) NonClass: 26411K(27008K)->26411K(27008K) Class: 9210K(9408K)->9210K(9408K)
[1028.346s][info][gc             ] GC(2876) Pause Young (Allocation Failure) 577M->280M(591M) 1.104ms
[1028.346s][info][gc,cpu         ] GC(2876) User=0.00s Sys=0.00s Real=0.00s
[1028.721s][info][gc,start       ] GC(2877) Pause Young (Allocation Failure)
[1028.722s][info][gc,heap        ] GC(2877) PSYoungGen: 304192K(317952K)->64K(292864K) Eden: 304128K(304128K)->0K(292352K) From: 64K(13824K)->64K(512K)
[1028.722s][info][gc,heap        ] GC(2877) ParOldGen: 286832K(287232K)->286840K(287232K)
[1028.722s][info][gc,metaspace   ] GC(2877) Metaspace: 35622K(36416K)->35622K(36416K) NonClass: 26411K(27008K)->26411K(27008K) Class: 9210K(9408K)->9210K(9408K)
[1028.722s][info][gc             ] GC(2877) Pause Young (Allocation Failure) 577M->280M(566M) 1.100ms
[1028.722s][info][gc,cpu         ] GC(2877) User=0.00s Sys=0.00s Real=0.00s
[1029.377s][info][gc,start       ] GC(2878) Pause Young (Allocation Failure)
[1029.378s][info][gc,heap        ] GC(2878) PSYoungGen: 292416K(292864K)->83K(292864K) Eden: 292352K(292352K)->0K(281088K) From: 64K(512K)->83K(11776K)
[1029.378s][info][gc,heap        ] GC(2878) ParOldGen: 286840K(287232K)->286848K(287232K)
[1029.378s][info][gc,metaspace   ] GC(2878) Metaspace: 35622K(36416K)->35622K(36416K) NonClass: 26411K(27008K)->26411K(27008K) Class: 9210K(9408K)->9210K(9408K)
[1029.378s][info][gc             ] GC(2878) Pause Young (Allocation Failure) 565M->280M(566M) 1.045ms
[1029.378s][info][gc,cpu         ] GC(2878) User=0.00s Sys=0.00s Real=0.00s
[1030.281s][info][gc,start       ] GC(2879) Pause Young (Allocation Failure)
[1030.282s][info][gc,heap        ] GC(2879) PSYoungGen: 281171K(292864K)->64K(270848K) Eden: 281088K(281088K)->0K(270336K) From: 83K(11776K)->64K(512K)
[1030.282s][info][gc,heap        ] GC(2879) ParOldGen: 286848K(287232K)->286856K(287232K)
[1030.282s][info][gc,metaspace   ] GC(2879) Metaspace: 35622K(36416K)->35622K(36416K) NonClass: 26411K(27008K)->26411K(27008K) Class: 9210K(9408K)->9210K(9408K)
[1030.282s][info][gc             ] GC(2879) Pause Young (Allocation Failure) 554M->280M(545M) 1.108ms
[1030.282s][info][gc,cpu         ] GC(2879) User=0.00s Sys=0.00s Real=0.00s
[1030.713s][info][gc,start       ] GC(2880) Pause Young (Allocation Failure)
[1030.714s][info][gc,heap        ] GC(2880) PSYoungGen: 270400K(270848K)->64K(270848K) Eden: 270336K(270336K)->0K(260096K) From: 64K(512K)->64K(10752K)
[1030.714s][info][gc,heap        ] GC(2880) ParOldGen: 286856K(287232K)->286864K(287232K)
[1030.714s][info][gc,metaspace   ] GC(2880) Metaspace: 35622K(36416K)->35622K(36416K) NonClass: 26411K(27008K)->26411K(27008K) Class: 9210K(9408K)->9210K(9408K)
[1030.714s][info][gc             ] GC(2880) Pause Young (Allocation Failure) 544M->280M(545M) 1.283ms
[1030.714s][info][gc,cpu         ] GC(2880) User=0.01s Sys=0.00s Real=0.00s
[1031.686s][info][gc,start       ] GC(2881) Pause Young (Allocation Failure)
[1031.687s][info][gc,heap        ] GC(2881) PSYoungGen: 260160K(270848K)->64K(250880K) Eden: 260096K(260096K)->0K(250368K) From: 64K(10752K)->64K(512K)
[1031.687s][info][gc,heap        ] GC(2881) ParOldGen: 286864K(287232K)->286872K(287232K)
[1031.687s][info][gc,metaspace   ] GC(2881) Metaspace: 35622K(36416K)->35622K(36416K) NonClass: 26411K(27008K)->26411K(27008K) Class: 9210K(9408K)->9210K(9408K)
[1031.687s][info][gc             ] GC(2881) Pause Young (Allocation Failure) 534M->280M(525M) 1.358ms
[1031.687s][info][gc,cpu         ] GC(2881) User=0.01s Sys=0.00s Real=0.00s
[1032.059s][info][gc,start       ] GC(2882) Pause Young (Allocation Failure)
[1032.061s][info][gc,heap        ] GC(2882) PSYoungGen: 250432K(250880K)->64K(250368K) Eden: 250368K(250368K)->0K(241152K) From: 64K(512K)->64K(9216K)
[1032.061s][info][gc,heap        ] GC(2882) ParOldGen: 286872K(287232K)->286888K(287232K)
[1032.061s][info][gc,metaspace   ] GC(2882) Metaspace: 35622K(36416K)->35622K(36416K) NonClass: 26411K(27008K)->26411K(27008K) Class: 9210K(9408K)->9210K(9408K)
[1032.061s][info][gc             ] GC(2882) Pause Young (Allocation Failure) 524M->280M(525M) 1.768ms
[1032.061s][info][gc,cpu         ] GC(2882) User=0.00s Sys=0.00s Real=0.00s
[1032.218s][info][gc,start       ] GC(2883) Pause Young (Allocation Failure)
[1032.220s][info][gc,heap        ] GC(2883) PSYoungGen: 241216K(250368K)->64K(232448K) Eden: 241152K(241152K)->0K(231936K) From: 64K(9216K)->64K(512K)
[1032.220s][info][gc,heap        ] GC(2883) ParOldGen: 286888K(287232K)->286904K(287232K)
[1032.220s][info][gc,metaspace   ] GC(2883) Metaspace: 35622K(36416K)->35622K(36416K) NonClass: 26411K(27008K)->26411K(27008K) Class: 9210K(9408K)->9210K(9408K)
[1032.220s][info][gc             ] GC(2883) Pause Young (Allocation Failure) 515M->280M(507M) 2.319ms
[1032.220s][info][gc,cpu         ] GC(2883) User=0.01s Sys=0.00s Real=0.01s
[1032.356s][info][gc,start       ] GC(2884) Pause Young (Allocation Failure)
[1032.358s][info][gc,heap        ] GC(2884) PSYoungGen: 232000K(232448K)->64K(231424K) Eden: 231936K(231936K)->0K(223232K) From: 64K(512K)->64K(8192K)
[1032.358s][info][gc,heap        ] GC(2884) ParOldGen: 286904K(287232K)->286920K(287232K)
[1032.358s][info][gc,metaspace   ] GC(2884) Metaspace: 35622K(36416K)->35622K(36416K) NonClass: 26411K(27008K)->26411K(27008K) Class: 9210K(9408K)->9210K(9408K)
[1032.358s][info][gc             ] GC(2884) Pause Young (Allocation Failure) 506M->280M(506M) 1.593ms
[1032.358s][info][gc,cpu         ] GC(2884) User=0.00s Sys=0.00s Real=0.00s
[1032.900s][info][gc,start       ] GC(2885) Pause Young (Allocation Failure)
[1032.902s][info][gc,heap        ] GC(2885) PSYoungGen: 223296K(231424K)->64K(215552K) Eden: 223232K(223232K)->0K(215040K) From: 64K(8192K)->64K(512K)
[1032.902s][info][gc,heap        ] GC(2885) ParOldGen: 286920K(287232K)->286936K(287232K)
[1032.902s][info][gc,metaspace   ] GC(2885) Metaspace: 35622K(36416K)->35622K(36416K) NonClass: 26411K(27008K)->26411K(27008K) Class: 9210K(9408K)->9210K(9408K)
[1032.902s][info][gc             ] GC(2885) Pause Young (Allocation Failure) 498M->280M(491M) 2.205ms
[1032.902s][info][gc,cpu         ] GC(2885) User=0.00s Sys=0.00s Real=0.00s
[1033.092s][info][gc,start       ] GC(2886) Pause Young (Allocation Failure)
[1033.094s][info][gc,heap        ] GC(2886) PSYoungGen: 215104K(215552K)->64K(214016K) Eden: 215040K(215040K)->0K(207360K) From: 64K(512K)->64K(6656K)
[1033.094s][info][gc,heap        ] GC(2886) ParOldGen: 286936K(287232K)->286952K(287232K)
[1033.094s][info][gc,metaspace   ] GC(2886) Metaspace: 35622K(36416K)->35622K(36416K) NonClass: 26411K(27008K)->26411K(27008K) Class: 9210K(9408K)->9210K(9408K)
[1033.094s][info][gc             ] GC(2886) Pause Young (Allocation Failure) 490M->280M(489M) 1.648ms
[1033.094s][info][gc,cpu         ] GC(2886) User=0.00s Sys=0.00s Real=0.00s
[1033.409s][info][gc,start       ] GC(2887) Pause Young (Allocation Failure)
[1033.437s][info][gc,heap        ] GC(2887) PSYoungGen: 207424K(214016K)->6656K(253952K) Eden: 207360K(207360K)->0K(247296K) From: 64K(6656K)->6656K(6656K)
[1033.437s][info][gc,heap        ] GC(2887) ParOldGen: 286952K(287232K)->294624K(294912K)
[1033.437s][info][gc,metaspace   ] GC(2887) Metaspace: 35622K(36416K)->35622K(36416K) NonClass: 26411K(27008K)->26411K(27008K) Class: 9210K(9408K)->9210K(9408K)
[1033.437s][info][gc             ] GC(2887) Pause Young (Allocation Failure) 482M->294M(536M) 28.206ms
[1033.437s][info][gc,cpu         ] GC(2887) User=0.04s Sys=0.01s Real=0.02s
[1033.763s][info][gc,start       ] GC(2888) Pause Young (Allocation Failure)
[1033.817s][info][gc,heap        ] GC(2888) PSYoungGen: 253952K(253952K)->10752K(274432K) Eden: 247296K(247296K)->0K(263680K) From: 6656K(6656K)->10752K(10752K)
[1033.817s][info][gc,heap        ] GC(2888) ParOldGen: 294624K(294912K)->312256K(312320K)
[1033.817s][info][gc,metaspace   ] GC(2888) Metaspace: 35622K(36416K)->35622K(36416K) NonClass: 26411K(27008K)->26411K(27008K) Class: 9210K(9408K)->9210K(9408K)
[1033.817s][info][gc             ] GC(2888) Pause Young (Allocation Failure) 535M->315M(573M) 54.183ms
[1033.817s][info][gc,cpu         ] GC(2888) User=0.10s Sys=0.01s Real=0.05s
[1034.072s][info][gc,start       ] GC(2889) Pause Young (Allocation Failure)
[1034.117s][info][gc,heap        ] GC(2889) PSYoungGen: 274432K(274432K)->19968K(305664K) Eden: 263680K(263680K)->0K(285696K) From: 10752K(10752K)->19968K(19968K)
[1034.117s][info][gc,heap        ] GC(2889) ParOldGen: 312256K(312320K)->312880K(313344K)
[1034.117s][info][gc,metaspace   ] GC(2889) Metaspace: 35622K(36416K)->35622K(36416K) NonClass: 26411K(27008K)->26411K(27008K) Class: 9210K(9408K)->9210K(9408K)
[1034.117s][info][gc             ] GC(2889) Pause Young (Allocation Failure) 572M->325M(604M) 45.028ms
[1034.117s][info][gc,cpu         ] GC(2889) User=0.07s Sys=0.02s Real=0.04s
[1034.353s][info][gc,start       ] GC(2890) Pause Young (Allocation Failure)
[1034.355s][info][gc,heap        ] GC(2890) PSYoungGen: 305664K(305664K)->64K(309760K) Eden: 285696K(285696K)->0K(285696K) From: 19968K(19968K)->64K(24064K)
[1034.355s][info][gc,heap        ] GC(2890) ParOldGen: 312880K(313344K)->312896K(313344K)
[1034.355s][info][gc,metaspace   ] GC(2890) Metaspace: 35622K(36416K)->35622K(36416K) NonClass: 26411K(27008K)->26411K(27008K) Class: 9210K(9408K)->9210K(9408K)
[1034.355s][info][gc             ] GC(2890) Pause Young (Allocation Failure) 604M->305M(608M) 1.221ms
[1034.355s][info][gc,cpu         ] GC(2890) User=0.00s Sys=0.00s Real=0.00s
[1035.016s][info][gc,start       ] GC(2891) Pause Young (Allocation Failure)
[1035.017s][info][gc,heap        ] GC(2891) PSYoungGen: 285760K(309760K)->64K(307200K) Eden: 285696K(285696K)->0K(286208K) From: 64K(24064K)->64K(20992K)
[1035.017s][info][gc,heap        ] GC(2891) ParOldGen: 312896K(313344K)->312904K(313344K)
[1035.017s][info][gc,metaspace   ] GC(2891) Metaspace: 35622K(36416K)->35622K(36416K) NonClass: 26411K(27008K)->26411K(27008K) Class: 9210K(9408K)->9210K(9408K)
[1035.017s][info][gc             ] GC(2891) Pause Young (Allocation Failure) 584M->305M(606M) 1.393ms
[1035.017s][info][gc,cpu         ] GC(2891) User=0.00s Sys=0.00s Real=0.00s
[1035.478s][info][gc,start       ] GC(2892) Pause Young (Allocation Failure)
[1035.479s][info][gc,heap        ] GC(2892) PSYoungGen: 286272K(307200K)->64K(308736K) Eden: 286208K(286208K)->0K(286208K) From: 64K(20992K)->64K(22528K)
[1035.479s][info][gc,heap        ] GC(2892) ParOldGen: 312904K(313344K)->312920K(313344K)
[1035.479s][info][gc,metaspace   ] GC(2892) Metaspace: 35622K(36416K)->35622K(36416K) NonClass: 26411K(27008K)->26411K(27008K) Class: 9210K(9408K)->9210K(9408K)
[1035.479s][info][gc             ] GC(2892) Pause Young (Allocation Failure) 585M->305M(607M) 1.128ms
[1035.479s][info][gc,cpu         ] GC(2892) User=0.00s Sys=0.00s Real=0.01s
[1035.713s][info][gc,start       ] GC(2893) Pause Young (Allocation Failure)
[1035.714s][info][gc,heap        ] GC(2893) PSYoungGen: 286272K(308736K)->64K(308736K) Eden: 286208K(286208K)->0K(289280K) From: 64K(22528K)->64K(19456K)
[1035.714s][info][gc,heap        ] GC(2893) ParOldGen: 312920K(313344K)->312936K(313344K)
[1035.715s][info][gc,metaspace   ] GC(2893) Metaspace: 35622K(36416K)->35622K(36416K) NonClass: 26411K(27008K)->26411K(27008K) Class: 9210K(9408K)->9210K(9408K)
[1035.715s][info][gc             ] GC(2893) Pause Young (Allocation Failure) 585M->305M(607M) 1.117ms
[1035.715s][info][gc,cpu         ] GC(2893) User=0.00s Sys=0.00s Real=0.00s
[1035.953s][info][gc,start       ] GC(2894) Pause Young (Allocation Failure)
[1035.955s][info][gc,heap        ] GC(2894) PSYoungGen: 289344K(308736K)->64K(310272K) Eden: 289280K(289280K)->0K(289280K) From: 64K(19456K)->64K(20992K)
[1035.955s][info][gc,heap        ] GC(2894) ParOldGen: 312936K(313344K)->312936K(313344K)
[1035.955s][info][gc,metaspace   ] GC(2894) Metaspace: 35622K(36416K)->35622K(36416K) NonClass: 26411K(27008K)->26411K(27008K) Class: 9210K(9408K)->9210K(9408K)
[1035.955s][info][gc             ] GC(2894) Pause Young (Allocation Failure) 588M->305M(609M) 1.224ms
[1035.955s][info][gc,cpu         ] GC(2894) User=0.00s Sys=0.00s Real=0.00s
[1036.283s][info][gc,start       ] GC(2895) Pause Young (Allocation Failure)
[1036.285s][info][gc,heap        ] GC(2895) PSYoungGen: 289344K(310272K)->64K(310272K) Eden: 289280K(289280K)->0K(292864K) From: 64K(20992K)->64K(17408K)
[1036.285s][info][gc,heap        ] GC(2895) ParOldGen: 312936K(313344K)->312936K(313344K)
[1036.285s][info][gc,metaspace   ] GC(2895) Metaspace: 35622K(36416K)->35622K(36416K) NonClass: 26411K(27008K)->26411K(27008K) Class: 9210K(9408K)->9210K(9408K)
[1036.285s][info][gc             ] GC(2895) Pause Young (Allocation Failure) 588M->305M(609M) 1.331ms
[1036.285s][info][gc,cpu         ] GC(2895) User=0.00s Sys=0.00s Real=0.00s
[1036.337s][info][gc,start       ] GC(2896) Pause Young (Allocation Failure)
[1036.338s][info][gc,heap        ] GC(2896) PSYoungGen: 292928K(310272K)->64K(311808K) Eden: 292864K(292864K)->0K(292864K) From: 64K(17408K)->64K(18944K)
[1036.338s][info][gc,heap        ] GC(2896) ParOldGen: 312936K(313344K)->312952K(313344K)
[1036.338s][info][gc,metaspace   ] GC(2896) Metaspace: 35622K(36416K)->35622K(36416K) NonClass: 26411K(27008K)->26411K(27008K) Class: 9210K(9408K)->9210K(9408K)
[1036.338s][info][gc             ] GC(2896) Pause Young (Allocation Failure) 591M->305M(610M) 1.122ms
[1036.338s][info][gc,cpu         ] GC(2896) User=0.00s Sys=0.00s Real=0.00s
[1036.388s][info][gc,start       ] GC(2897) Pause Young (Allocation Failure)
[1036.389s][info][gc,heap        ] GC(2897) PSYoungGen: 292928K(311808K)->64K(312320K) Eden: 292864K(292864K)->0K(296960K) From: 64K(18944K)->64K(15360K)
[1036.389s][info][gc,heap        ] GC(2897) ParOldGen: 312952K(313344K)->312952K(313344K)
[1036.389s][info][gc,metaspace   ] GC(2897) Metaspace: 35622K(36416K)->35622K(36416K) NonClass: 26411K(27008K)->26411K(27008K) Class: 9210K(9408K)->9210K(9408K)
[1036.389s][info][gc             ] GC(2897) Pause Young (Allocation Failure) 591M->305M(611M) 1.052ms
[1036.389s][info][gc,cpu         ] GC(2897) User=0.01s Sys=0.00s Real=0.01s
[1036.695s][info][gc,start       ] GC(2898) Pause Young (Allocation Failure)
[1036.696s][info][gc,heap        ] GC(2898) PSYoungGen: 297024K(312320K)->64K(313856K) Eden: 296960K(296960K)->0K(296960K) From: 64K(15360K)->64K(16896K)
[1036.696s][info][gc,heap        ] GC(2898) ParOldGen: 312952K(313344K)->312952K(313344K)
[1036.696s][info][gc,metaspace   ] GC(2898) Metaspace: 35622K(36416K)->35622K(36416K) NonClass: 26411K(27008K)->26411K(27008K) Class: 9210K(9408K)->9210K(9408K)
[1036.696s][info][gc             ] GC(2898) Pause Young (Allocation Failure) 595M->305M(612M) 1.131ms
[1036.696s][info][gc,cpu         ] GC(2898) User=0.00s Sys=0.00s Real=0.00s
[1036.947s][info][gc,start       ] GC(2899) Pause Young (Allocation Failure)
[1036.948s][info][gc,heap        ] GC(2899) PSYoungGen: 297024K(313856K)->64K(315392K) Eden: 296960K(296960K)->0K(301056K) From: 64K(16896K)->64K(14336K)
[1036.948s][info][gc,heap        ] GC(2899) ParOldGen: 312952K(313344K)->312960K(313344K)
[1036.948s][info][gc,metaspace   ] GC(2899) Metaspace: 35622K(36416K)->35622K(36416K) NonClass: 26411K(27008K)->26411K(27008K) Class: 9210K(9408K)->9210K(9408K)
[1036.948s][info][gc             ] GC(2899) Pause Young (Allocation Failure) 595M->305M(614M) 1.154ms
[1036.948s][info][gc,cpu         ] GC(2899) User=0.00s Sys=0.00s Real=0.00s
[1037.042s][info][gc,start       ] GC(2900) Pause Young (Allocation Failure)
[1037.043s][info][gc,heap        ] GC(2900) PSYoungGen: 301120K(315392K)->64K(316416K) Eden: 301056K(301056K)->0K(301056K) From: 64K(14336K)->64K(15360K)
[1037.043s][info][gc,heap        ] GC(2900) ParOldGen: 312960K(313344K)->312968K(313344K)
[1037.043s][info][gc,metaspace   ] GC(2900) Metaspace: 35622K(36416K)->35622K(36416K) NonClass: 26411K(27008K)->26411K(27008K) Class: 9210K(9408K)->9210K(9408K)
[1037.043s][info][gc             ] GC(2900) Pause Young (Allocation Failure) 599M->305M(615M) 1.137ms
[1037.043s][info][gc,cpu         ] GC(2900) User=0.00s Sys=0.00s Real=0.00s
[1037.190s][info][gc,start       ] GC(2901) Pause Young (Allocation Failure)
[1037.191s][info][gc,heap        ] GC(2901) PSYoungGen: 301120K(316416K)->64K(316416K) Eden: 301056K(301056K)->0K(304128K) From: 64K(15360K)->64K(12288K)
[1037.191s][info][gc,heap        ] GC(2901) ParOldGen: 312968K(313344K)->312976K(313344K)
[1037.191s][info][gc,metaspace   ] GC(2901) Metaspace: 35622K(36416K)->35622K(36416K) NonClass: 26411K(27008K)->26411K(27008K) Class: 9210K(9408K)->9210K(9408K)
[1037.191s][info][gc             ] GC(2901) Pause Young (Allocation Failure) 599M->305M(615M) 1.077ms
[1037.191s][info][gc,cpu         ] GC(2901) User=0.00s Sys=0.00s Real=0.00s
[1037.609s][info][gc,start       ] GC(2902) Pause Young (Allocation Failure)
[1037.611s][info][gc,heap        ] GC(2902) PSYoungGen: 304192K(316416K)->64K(292864K) Eden: 304128K(304128K)->0K(292352K) From: 64K(12288K)->64K(512K)
[1037.611s][info][gc,heap        ] GC(2902) ParOldGen: 312976K(313344K)->312984K(313344K)
[1037.611s][info][gc,metaspace   ] GC(2902) Metaspace: 35622K(36416K)->35622K(36416K) NonClass: 26411K(27008K)->26411K(27008K) Class: 9210K(9408K)->9210K(9408K)
[1037.611s][info][gc             ] GC(2902) Pause Young (Allocation Failure) 602M->305M(592M) 1.965ms
[1037.611s][info][gc,cpu         ] GC(2902) User=0.00s Sys=0.00s Real=0.00s
[1038.594s][info][gc,start       ] GC(2903) Pause Young (Allocation Failure)
[1038.597s][info][gc,heap        ] GC(2903) PSYoungGen: 292416K(292864K)->64K(281600K) Eden: 292352K(292352K)->0K(281088K) From: 64K(512K)->64K(512K)
[1038.597s][info][gc,heap        ] GC(2903) ParOldGen: 312984K(313344K)->312992K(313344K)
[1038.597s][info][gc,metaspace   ] GC(2903) Metaspace: 35622K(36416K)->35622K(36416K) NonClass: 26411K(27008K)->26411K(27008K) Class: 9210K(9408K)->9210K(9408K)
[1038.597s][info][gc             ] GC(2903) Pause Young (Allocation Failure) 591M->305M(581M) 2.646ms
[1038.597s][info][gc,cpu         ] GC(2903) User=0.00s Sys=0.00s Real=0.00s
[1039.150s][info][gc,start       ] GC(2904) Pause Young (Allocation Failure)
[1039.152s][info][gc,heap        ] GC(2904) PSYoungGen: 281152K(281600K)->64K(282112K) Eden: 281088K(281088K)->0K(270336K) From: 64K(512K)->64K(11776K)
[1039.152s][info][gc,heap        ] GC(2904) ParOldGen: 312992K(313344K)->313008K(313344K)
[1039.152s][info][gc,metaspace   ] GC(2904) Metaspace: 35622K(36416K)->35622K(36416K) NonClass: 26411K(27008K)->26411K(27008K) Class: 9210K(9408K)->9210K(9408K)
[1039.152s][info][gc             ] GC(2904) Pause Young (Allocation Failure) 580M->305M(581M) 2.055ms
[1039.152s][info][gc,cpu         ] GC(2904) User=0.01s Sys=0.00s Real=0.00s
[1039.642s][info][gc,start       ] GC(2905) Pause Young (Allocation Failure)
[1039.645s][info][gc,heap        ] GC(2905) PSYoungGen: 270400K(282112K)->64K(260608K) Eden: 270336K(270336K)->0K(260096K) From: 64K(11776K)->64K(512K)
[1039.645s][info][gc,heap        ] GC(2905) ParOldGen: 313008K(313344K)->313024K(313344K)
[1039.645s][info][gc,metaspace   ] GC(2905) Metaspace: 35622K(36416K)->35622K(36416K) NonClass: 26411K(27008K)->26411K(27008K) Class: 9210K(9408K)->9210K(9408K)
[1039.645s][info][gc             ] GC(2905) Pause Young (Allocation Failure) 569M->305M(560M) 2.613ms
[1039.645s][info][gc,cpu         ] GC(2905) User=0.00s Sys=0.00s Real=0.00s
[1040.577s][info][gc,start       ] GC(2906) Pause Young (Allocation Failure)
[1040.578s][info][gc,heap        ] GC(2906) PSYoungGen: 260160K(260608K)->64K(260608K) Eden: 260096K(260096K)->0K(250368K) From: 64K(512K)->64K(10240K)
[1040.578s][info][gc,heap        ] GC(2906) ParOldGen: 313024K(313344K)->313032K(313344K)
[1040.578s][info][gc,metaspace   ] GC(2906) Metaspace: 35622K(36416K)->35622K(36416K) NonClass: 26411K(27008K)->26411K(27008K) Class: 9210K(9408K)->9210K(9408K)
[1040.578s][info][gc             ] GC(2906) Pause Young (Allocation Failure) 559M->305M(560M) 1.015ms
[1040.578s][info][gc,cpu         ] GC(2906) User=0.00s Sys=0.00s Real=0.00s
[1040.905s][info][gc,start       ] GC(2907) Pause Young (Allocation Failure)
[1040.908s][info][gc,heap        ] GC(2907) PSYoungGen: 250432K(260608K)->64K(241664K) Eden: 250368K(250368K)->0K(241152K) From: 64K(10240K)->64K(512K)
[1040.908s][info][gc,heap        ] GC(2907) ParOldGen: 313032K(313344K)->313048K(313344K)
[1040.908s][info][gc,metaspace   ] GC(2907) Metaspace: 35622K(36416K)->35622K(36416K) NonClass: 26411K(27008K)->26411K(27008K) Class: 9210K(9408K)->9210K(9408K)
[1040.908s][info][gc             ] GC(2907) Pause Young (Allocation Failure) 550M->305M(542M) 2.913ms
[1040.908s][info][gc,cpu         ] GC(2907) User=0.00s Sys=0.00s Real=0.00s
[1041.034s][info][gc,start       ] GC(2908) Pause Young (Allocation Failure)
[1041.036s][info][gc,heap        ] GC(2908) PSYoungGen: 241216K(241664K)->64K(240640K) Eden: 241152K(241152K)->0K(231936K) From: 64K(512K)->64K(8704K)
[1041.036s][info][gc,heap        ] GC(2908) ParOldGen: 313048K(313344K)->313064K(313344K)
[1041.036s][info][gc,metaspace   ] GC(2908) Metaspace: 35622K(36416K)->35622K(36416K) NonClass: 26411K(27008K)->26411K(27008K) Class: 9210K(9408K)->9210K(9408K)
[1041.036s][info][gc             ] GC(2908) Pause Young (Allocation Failure) 541M->305M(541M) 1.690ms
[1041.036s][info][gc,cpu         ] GC(2908) User=0.00s Sys=0.00s Real=0.00s
[1041.338s][info][gc,start       ] GC(2909) Pause Young (Allocation Failure)
[1041.340s][info][gc,heap        ] GC(2909) PSYoungGen: 232000K(240640K)->64K(223744K) Eden: 231936K(231936K)->0K(223232K) From: 64K(8704K)->64K(512K)
[1041.340s][info][gc,heap        ] GC(2909) ParOldGen: 313064K(313344K)->313080K(313344K)
[1041.340s][info][gc,metaspace   ] GC(2909) Metaspace: 35622K(36416K)->35622K(36416K) NonClass: 26411K(27008K)->26411K(27008K) Class: 9210K(9408K)->9210K(9408K)
[1041.340s][info][gc             ] GC(2909) Pause Young (Allocation Failure) 532M->305M(524M) 2.378ms
[1041.340s][info][gc,cpu         ] GC(2909) User=0.00s Sys=0.00s Real=0.01s
[1041.720s][info][gc,start       ] GC(2910) Pause Young (Allocation Failure)
[1041.722s][info][gc,heap        ] GC(2910) PSYoungGen: 223296K(223744K)->64K(222720K) Eden: 223232K(223232K)->0K(215040K) From: 64K(512K)->64K(7680K)
[1041.722s][info][gc,heap        ] GC(2910) ParOldGen: 313080K(313344K)->313096K(313344K)
[1041.722s][info][gc,metaspace   ] GC(2910) Metaspace: 35622K(36416K)->35622K(36416K) NonClass: 26411K(27008K)->26411K(27008K) Class: 9210K(9408K)->9210K(9408K)
[1041.722s][info][gc             ] GC(2910) Pause Young (Allocation Failure) 523M->305M(523M) 1.809ms
[1041.722s][info][gc,cpu         ] GC(2910) User=0.00s Sys=0.00s Real=0.00s
[1042.013s][info][gc,start       ] GC(2911) Pause Young (Allocation Failure)
[1042.016s][info][gc,heap        ] GC(2911) PSYoungGen: 215104K(222720K)->64K(207872K) Eden: 215040K(215040K)->0K(207360K) From: 64K(7680K)->64K(512K)
[1042.016s][info][gc,heap        ] GC(2911) ParOldGen: 313096K(313344K)->313112K(313344K)
[1042.016s][info][gc,metaspace   ] GC(2911) Metaspace: 35622K(36416K)->35622K(36416K) NonClass: 26411K(27008K)->26411K(27008K) Class: 9210K(9408K)->9210K(9408K)
[1042.016s][info][gc             ] GC(2911) Pause Young (Allocation Failure) 515M->305M(509M) 2.255ms
[1042.016s][info][gc,cpu         ] GC(2911) User=0.00s Sys=0.00s Real=0.00s
[1042.296s][info][gc,start       ] GC(2912) Pause Young (Allocation Failure)
[1042.356s][info][gc,heap        ] GC(2912) PSYoungGen: 207424K(207872K)->6656K(254976K) Eden: 207360K(207360K)->0K(248320K) From: 64K(512K)->6656K(6656K)
[1042.356s][info][gc,heap        ] GC(2912) ParOldGen: 313112K(313344K)->328680K(328704K)
[1042.356s][info][gc,metaspace   ] GC(2912) Metaspace: 35622K(36416K)->35622K(36416K) NonClass: 26411K(27008K)->26411K(27008K) Class: 9210K(9408K)->9210K(9408K)
[1042.356s][info][gc             ] GC(2912) Pause Young (Allocation Failure) 508M->327M(570M) 59.860ms
[1042.356s][info][gc,cpu         ] GC(2912) User=0.07s Sys=0.02s Real=0.06s
[1042.680s][info][gc,start       ] GC(2913) Pause Young (Allocation Failure)
[1042.739s][info][gc,heap        ] GC(2913) PSYoungGen: 254976K(254976K)->10240K(254464K) Eden: 248320K(248320K)->0K(244224K) From: 6656K(6656K)->10240K(10240K)
[1042.739s][info][gc,heap        ] GC(2913) ParOldGen: 328680K(328704K)->347160K(347648K)
[1042.739s][info][gc,metaspace   ] GC(2913) Metaspace: 35622K(36416K)->35622K(36416K) NonClass: 26411K(27008K)->26411K(27008K) Class: 9210K(9408K)->9210K(9408K)
[1042.739s][info][gc             ] GC(2913) Pause Young (Allocation Failure) 569M->349M(588M) 59.694ms
[1042.739s][info][gc,cpu         ] GC(2913) User=0.11s Sys=0.01s Real=0.06s
[1042.913s][info][gc,start       ] GC(2914) Pause Young (Allocation Failure)
[1042.936s][info][gc,heap        ] GC(2914) PSYoungGen: 254464K(254464K)->12160K(266752K) Eden: 244224K(244224K)->0K(244224K) From: 10240K(10240K)->12160K(22528K)
[1042.936s][info][gc,heap        ] GC(2914) ParOldGen: 347160K(347648K)->347656K(348160K)
[1042.936s][info][gc,metaspace   ] GC(2914) Metaspace: 35622K(36416K)->35622K(36416K) NonClass: 26411K(27008K)->26411K(27008K) Class: 9210K(9408K)->9210K(9408K)
[1042.936s][info][gc             ] GC(2914) Pause Young (Allocation Failure) 587M->351M(600M) 23.114ms
[1042.936s][info][gc,cpu         ] GC(2914) User=0.05s Sys=0.00s Real=0.02s
[1043.183s][info][gc,start       ] GC(2915) Pause Young (Allocation Failure)
[1043.185s][info][gc,heap        ] GC(2915) PSYoungGen: 256384K(266752K)->64K(310272K) Eden: 244224K(244224K)->0K(287744K) From: 12160K(22528K)->64K(22528K)
[1043.185s][info][gc,heap        ] GC(2915) ParOldGen: 347656K(348160K)->347664K(348160K)
[1043.185s][info][gc,metaspace   ] GC(2915) Metaspace: 35622K(36416K)->35622K(36416K) NonClass: 26411K(27008K)->26411K(27008K) Class: 9210K(9408K)->9210K(9408K)
[1043.185s][info][gc             ] GC(2915) Pause Young (Allocation Failure) 589M->339M(643M) 1.406ms
[1043.185s][info][gc,cpu         ] GC(2915) User=0.00s Sys=0.00s Real=0.00s
[1043.844s][info][gc,start       ] GC(2916) Pause Young (Allocation Failure)
[1043.845s][info][gc,heap        ] GC(2916) PSYoungGen: 287808K(310272K)->64K(310272K) Eden: 287744K(287744K)->0K(287744K) From: 64K(22528K)->64K(22528K)
[1043.845s][info][gc,heap        ] GC(2916) ParOldGen: 347664K(348160K)->347672K(348160K)
[1043.845s][info][gc,metaspace   ] GC(2916) Metaspace: 35622K(36416K)->35622K(36416K) NonClass: 26411K(27008K)->26411K(27008K) Class: 9210K(9408K)->9210K(9408K)
[1043.845s][info][gc             ] GC(2916) Pause Young (Allocation Failure) 620M->339M(643M) 1.266ms
[1043.845s][info][gc,cpu         ] GC(2916) User=0.00s Sys=0.00s Real=0.00s
[1044.301s][info][gc,start       ] GC(2917) Pause Young (Allocation Failure)
[1044.303s][info][gc,heap        ] GC(2917) PSYoungGen: 287808K(310272K)->64K(309760K) Eden: 287744K(287744K)->0K(289280K) From: 64K(22528K)->64K(20480K)
[1044.303s][info][gc,heap        ] GC(2917) ParOldGen: 347672K(348160K)->347688K(348160K)
[1044.303s][info][gc,metaspace   ] GC(2917) Metaspace: 35622K(36416K)->35622K(36416K) NonClass: 26411K(27008K)->26411K(27008K) Class: 9210K(9408K)->9210K(9408K)
[1044.303s][info][gc             ] GC(2917) Pause Young (Allocation Failure) 620M->339M(642M) 1.344ms
[1044.303s][info][gc,cpu         ] GC(2917) User=0.00s Sys=0.00s Real=0.00s
[1044.541s][info][gc,start       ] GC(2918) Pause Young (Allocation Failure)
[1044.543s][info][gc,heap        ] GC(2918) PSYoungGen: 289344K(309760K)->64K(310272K) Eden: 289280K(289280K)->0K(289280K) From: 64K(20480K)->64K(20992K)
[1044.543s][info][gc,heap        ] GC(2918) ParOldGen: 347688K(348160K)->347704K(348160K)
[1044.543s][info][gc,metaspace   ] GC(2918) Metaspace: 35622K(36416K)->35622K(36416K) NonClass: 26411K(27008K)->26411K(27008K) Class: 9210K(9408K)->9210K(9408K)
[1044.543s][info][gc             ] GC(2918) Pause Young (Allocation Failure) 622M->339M(643M) 1.268ms
[1044.543s][info][gc,cpu         ] GC(2918) User=0.00s Sys=0.00s Real=0.00s
[1044.780s][info][gc,start       ] GC(2919) Pause Young (Allocation Failure)
[1044.781s][info][gc,heap        ] GC(2919) PSYoungGen: 289344K(310272K)->64K(312320K) Eden: 289280K(289280K)->0K(292864K) From: 64K(20992K)->64K(19456K)
[1044.781s][info][gc,heap        ] GC(2919) ParOldGen: 347704K(348160K)->347704K(348160K)
[1044.781s][info][gc,metaspace   ] GC(2919) Metaspace: 35622K(36416K)->35622K(36416K) NonClass: 26411K(27008K)->26411K(27008K) Class: 9210K(9408K)->9210K(9408K)
[1044.781s][info][gc             ] GC(2919) Pause Young (Allocation Failure) 622M->339M(645M) 1.174ms
[1044.781s][info][gc,cpu         ] GC(2919) User=0.00s Sys=0.00s Real=0.00s
[1045.105s][info][gc,start       ] GC(2920) Pause Young (Allocation Failure)
[1045.106s][info][gc,heap        ] GC(2920) PSYoungGen: 292928K(312320K)->64K(312320K) Eden: 292864K(292864K)->0K(292864K) From: 64K(19456K)->64K(19456K)
[1045.106s][info][gc,heap        ] GC(2920) ParOldGen: 347704K(348160K)->347704K(348160K)
[1045.106s][info][gc,metaspace   ] GC(2920) Metaspace: 35622K(36416K)->35622K(36416K) NonClass: 26411K(27008K)->26411K(27008K) Class: 9210K(9408K)->9210K(9408K)
[1045.106s][info][gc             ] GC(2920) Pause Young (Allocation Failure) 625M->339M(645M) 1.178ms
[1045.106s][info][gc,cpu         ] GC(2920) User=0.00s Sys=0.00s Real=0.00s
[1045.157s][info][gc,start       ] GC(2921) Pause Young (Allocation Failure)
[1045.158s][info][gc,heap        ] GC(2921) PSYoungGen: 292928K(312320K)->64K(313344K) Eden: 292864K(292864K)->0K(295936K) From: 64K(19456K)->64K(17408K)
[1045.158s][info][gc,heap        ] GC(2921) ParOldGen: 347704K(348160K)->347720K(348160K)
[1045.158s][info][gc,metaspace   ] GC(2921) Metaspace: 35622K(36416K)->35622K(36416K) NonClass: 26411K(27008K)->26411K(27008K) Class: 9210K(9408K)->9210K(9408K)
[1045.158s][info][gc             ] GC(2921) Pause Young (Allocation Failure) 625M->339M(646M) 1.115ms
[1045.158s][info][gc,cpu         ] GC(2921) User=0.00s Sys=0.00s Real=0.00s
[1045.219s][info][gc,start       ] GC(2922) Pause Young (Allocation Failure)
[1045.220s][info][gc,heap        ] GC(2922) PSYoungGen: 296000K(313344K)->64K(313344K) Eden: 295936K(295936K)->0K(295936K) From: 64K(17408K)->64K(17408K)
[1045.220s][info][gc,heap        ] GC(2922) ParOldGen: 347720K(348160K)->347720K(348160K)
[1045.220s][info][gc,metaspace   ] GC(2922) Metaspace: 35622K(36416K)->35622K(36416K) NonClass: 26411K(27008K)->26411K(27008K) Class: 9210K(9408K)->9210K(9408K)
[1045.220s][info][gc             ] GC(2922) Pause Young (Allocation Failure) 628M->339M(646M) 1.098ms
[1045.220s][info][gc,cpu         ] GC(2922) User=0.01s Sys=0.00s Real=0.00s
[1045.536s][info][gc,start       ] GC(2923) Pause Young (Allocation Failure)
[1045.537s][info][gc,heap        ] GC(2923) PSYoungGen: 296000K(313344K)->64K(315392K) Eden: 295936K(295936K)->0K(300032K) From: 64K(17408K)->64K(15360K)
[1045.537s][info][gc,heap        ] GC(2923) ParOldGen: 347720K(348160K)->347736K(348160K)
[1045.537s][info][gc,metaspace   ] GC(2923) Metaspace: 35622K(36416K)->35622K(36416K) NonClass: 26411K(27008K)->26411K(27008K) Class: 9210K(9408K)->9210K(9408K)
[1045.537s][info][gc             ] GC(2923) Pause Young (Allocation Failure) 628M->339M(648M) 1.183ms
[1045.537s][info][gc,cpu         ] GC(2923) User=0.00s Sys=0.00s Real=0.00s
[1045.793s][info][gc,start       ] GC(2924) Pause Young (Allocation Failure)
[1045.795s][info][gc,heap        ] GC(2924) PSYoungGen: 300096K(315392K)->64K(315392K) Eden: 300032K(300032K)->0K(300032K) From: 64K(15360K)->64K(15360K)
[1045.795s][info][gc,heap        ] GC(2924) ParOldGen: 347736K(348160K)->347736K(348160K)
[1045.795s][info][gc,metaspace   ] GC(2924) Metaspace: 35622K(36416K)->35622K(36416K) NonClass: 26411K(27008K)->26411K(27008K) Class: 9210K(9408K)->9210K(9408K)
[1045.795s][info][gc             ] GC(2924) Pause Young (Allocation Failure) 632M->339M(648M) 1.439ms
[1045.795s][info][gc,cpu         ] GC(2924) User=0.00s Sys=0.00s Real=0.00s
[1045.878s][info][gc,start       ] GC(2925) Pause Young (Allocation Failure)
[1045.879s][info][gc,heap        ] GC(2925) PSYoungGen: 300096K(315392K)->64K(316928K) Eden: 300032K(300032K)->0K(303616K) From: 64K(15360K)->64K(13312K)
[1045.879s][info][gc,heap        ] GC(2925) ParOldGen: 347736K(348160K)->347752K(348160K)
[1045.879s][info][gc,metaspace   ] GC(2925) Metaspace: 35622K(36416K)->35622K(36416K) NonClass: 26411K(27008K)->26411K(27008K) Class: 9210K(9408K)->9210K(9408K)
[1045.879s][info][gc             ] GC(2925) Pause Young (Allocation Failure) 632M->339M(649M) 1.181ms
[1045.879s][info][gc,cpu         ] GC(2925) User=0.00s Sys=0.00s Real=0.01s
[1046.039s][info][gc,start       ] GC(2926) Pause Young (Allocation Failure)
[1046.040s][info][gc,heap        ] GC(2926) PSYoungGen: 303680K(316928K)->64K(317440K) Eden: 303616K(303616K)->0K(303616K) From: 64K(13312K)->64K(13824K)
[1046.040s][info][gc,heap        ] GC(2926) ParOldGen: 347752K(348160K)->347752K(348160K)
[1046.040s][info][gc,metaspace   ] GC(2926) Metaspace: 35622K(36416K)->35622K(36416K) NonClass: 26411K(27008K)->26411K(27008K) Class: 9210K(9408K)->9210K(9408K)
[1046.040s][info][gc             ] GC(2926) Pause Young (Allocation Failure) 636M->339M(650M) 1.212ms
[1046.040s][info][gc,cpu         ] GC(2926) User=0.00s Sys=0.00s Real=0.00s
[1046.977s][info][gc,start       ] GC(2927) Pause Young (Allocation Failure)
[1046.978s][info][gc,heap        ] GC(2927) PSYoungGen: 303680K(317440K)->83K(292352K) Eden: 303616K(303616K)->0K(291840K) From: 64K(13824K)->83K(512K)
[1046.978s][info][gc,heap        ] GC(2927) ParOldGen: 347752K(348160K)->347760K(348160K)
[1046.978s][info][gc,metaspace   ] GC(2927) Metaspace: 35622K(36416K)->35622K(36416K) NonClass: 26411K(27008K)->26411K(27008K) Class: 9210K(9408K)->9210K(9408K)
[1046.978s][info][gc             ] GC(2927) Pause Young (Allocation Failure) 636M->339M(625M) 1.301ms
[1046.978s][info][gc,cpu         ] GC(2927) User=0.00s Sys=0.00s Real=0.00s
[1047.782s][info][gc,start       ] GC(2928) Pause Young (Allocation Failure)
[1047.783s][info][gc,heap        ] GC(2928) PSYoungGen: 291923K(292352K)->64K(292864K) Eden: 291840K(291840K)->0K(280576K) From: 83K(512K)->64K(12288K)
[1047.783s][info][gc,heap        ] GC(2928) ParOldGen: 347760K(348160K)->347768K(348160K)
[1047.783s][info][gc,metaspace   ] GC(2928) Metaspace: 35622K(36416K)->35622K(36416K) NonClass: 26411K(27008K)->26411K(27008K) Class: 9210K(9408K)->9210K(9408K)
[1047.783s][info][gc             ] GC(2928) Pause Young (Allocation Failure) 624M->339M(626M) 1.228ms
[1047.783s][info][gc,cpu         ] GC(2928) User=0.00s Sys=0.00s Real=0.00s
[1048.029s][info][gc,start       ] GC(2929) Pause Young (Allocation Failure)
[1048.030s][info][gc,heap        ] GC(2929) PSYoungGen: 280640K(292864K)->64K(270336K) Eden: 280576K(280576K)->0K(269824K) From: 64K(12288K)->64K(512K)
[1048.030s][info][gc,heap        ] GC(2929) ParOldGen: 347768K(348160K)->347776K(348160K)
[1048.030s][info][gc,metaspace   ] GC(2929) Metaspace: 35622K(36416K)->35622K(36416K) NonClass: 26411K(27008K)->26411K(27008K) Class: 9210K(9408K)->9210K(9408K)
[1048.031s][info][gc             ] GC(2929) Pause Young (Allocation Failure) 613M->339M(604M) 1.220ms
[1048.031s][info][gc,cpu         ] GC(2929) User=0.00s Sys=0.00s Real=0.00s
[1048.497s][info][gc,start       ] GC(2930) Pause Young (Allocation Failure)
[1048.498s][info][gc,heap        ] GC(2930) PSYoungGen: 269888K(270336K)->64K(270336K) Eden: 269824K(269824K)->0K(259584K) From: 64K(512K)->64K(10752K)
[1048.498s][info][gc,heap        ] GC(2930) ParOldGen: 347776K(348160K)->347784K(348160K)
[1048.498s][info][gc,metaspace   ] GC(2930) Metaspace: 35622K(36416K)->35622K(36416K) NonClass: 26411K(27008K)->26411K(27008K) Class: 9210K(9408K)->9210K(9408K)
[1048.498s][info][gc             ] GC(2930) Pause Young (Allocation Failure) 603M->339M(604M) 1.115ms
[1048.499s][info][gc,cpu         ] GC(2930) User=0.01s Sys=0.00s Real=0.00s
[1049.420s][info][gc,start       ] GC(2931) Pause Young (Allocation Failure)
[1049.422s][info][gc,heap        ] GC(2931) PSYoungGen: 259648K(270336K)->64K(250368K) Eden: 259584K(259584K)->0K(249856K) From: 64K(10752K)->64K(512K)
[1049.422s][info][gc,heap        ] GC(2931) ParOldGen: 347784K(348160K)->347792K(348160K)
[1049.422s][info][gc,metaspace   ] GC(2931) Metaspace: 35622K(36416K)->35622K(36416K) NonClass: 26411K(27008K)->26411K(27008K) Class: 9210K(9408K)->9210K(9408K)
[1049.422s][info][gc             ] GC(2931) Pause Young (Allocation Failure) 593M->339M(584M) 1.504ms
[1049.422s][info][gc,cpu         ] GC(2931) User=0.01s Sys=0.00s Real=0.00s
[1049.759s][info][gc,start       ] GC(2932) Pause Young (Allocation Failure)
[1049.760s][info][gc,heap        ] GC(2932) PSYoungGen: 249920K(250368K)->64K(249856K) Eden: 249856K(249856K)->0K(240640K) From: 64K(512K)->64K(9216K)
[1049.760s][info][gc,heap        ] GC(2932) ParOldGen: 347792K(348160K)->347800K(348160K)
[1049.760s][info][gc,metaspace   ] GC(2932) Metaspace: 35622K(36416K)->35622K(36416K) NonClass: 26411K(27008K)->26411K(27008K) Class: 9210K(9408K)->9210K(9408K)
[1049.760s][info][gc             ] GC(2932) Pause Young (Allocation Failure) 583M->339M(584M) 1.073ms
[1049.760s][info][gc,cpu         ] GC(2932) User=0.01s Sys=0.00s Real=0.00s
[1049.864s][info][gc,start       ] GC(2933) Pause Young (Allocation Failure)
[1049.866s][info][gc,heap        ] GC(2933) PSYoungGen: 240704K(249856K)->64K(232448K) Eden: 240640K(240640K)->0K(231936K) From: 64K(9216K)->64K(512K)
[1049.866s][info][gc,heap        ] GC(2933) ParOldGen: 347800K(348160K)->347808K(348160K)
[1049.866s][info][gc,metaspace   ] GC(2933) Metaspace: 35622K(36416K)->35622K(36416K) NonClass: 26411K(27008K)->26411K(27008K) Class: 9210K(9408K)->9210K(9408K)
[1049.866s][info][gc             ] GC(2933) Pause Young (Allocation Failure) 574M->339M(567M) 1.604ms
[1049.866s][info][gc,cpu         ] GC(2933) User=0.00s Sys=0.00s Real=0.00s
[1050.222s][info][gc,start       ] GC(2934) Pause Young (Allocation Failure)
[1050.223s][info][gc,heap        ] GC(2934) PSYoungGen: 232000K(232448K)->64K(231424K) Eden: 231936K(231936K)->0K(223232K) From: 64K(512K)->64K(8192K)
[1050.223s][info][gc,heap        ] GC(2934) ParOldGen: 347808K(348160K)->347816K(348160K)
[1050.223s][info][gc,metaspace   ] GC(2934) Metaspace: 35622K(36416K)->35622K(36416K) NonClass: 26411K(27008K)->26411K(27008K) Class: 9210K(9408K)->9210K(9408K)
[1050.223s][info][gc             ] GC(2934) Pause Young (Allocation Failure) 566M->339M(566M) 1.062ms
[1050.223s][info][gc,cpu         ] GC(2934) User=0.01s Sys=0.00s Real=0.00s
[1050.550s][info][gc,start       ] GC(2935) Pause Young (Allocation Failure)
[1050.552s][info][gc,heap        ] GC(2935) PSYoungGen: 223296K(231424K)->64K(215552K) Eden: 223232K(223232K)->0K(215040K) From: 64K(8192K)->64K(512K)
[1050.552s][info][gc,heap        ] GC(2935) ParOldGen: 347816K(348160K)->347824K(348160K)
[1050.552s][info][gc,metaspace   ] GC(2935) Metaspace: 35622K(36416K)->35622K(36416K) NonClass: 26411K(27008K)->26411K(27008K) Class: 9210K(9408K)->9210K(9408K)
[1050.552s][info][gc             ] GC(2935) Pause Young (Allocation Failure) 557M->339M(550M) 1.528ms
[1050.552s][info][gc,cpu         ] GC(2935) User=0.00s Sys=0.00s Real=0.00s
[1050.879s][info][gc,start       ] GC(2936) Pause Young (Allocation Failure)
[1050.883s][info][gc,heap        ] GC(2936) PSYoungGen: 215104K(215552K)->1184K(214528K) Eden: 215040K(215040K)->0K(207360K) From: 64K(512K)->1184K(7168K)
[1050.883s][info][gc,heap        ] GC(2936) ParOldGen: 347824K(348160K)->347840K(348160K)
[1050.883s][info][gc,metaspace   ] GC(2936) Metaspace: 35622K(36416K)->35622K(36416K) NonClass: 26411K(27008K)->26411K(27008K) Class: 9210K(9408K)->9210K(9408K)
[1050.883s][info][gc             ] GC(2936) Pause Young (Allocation Failure) 549M->340M(549M) 4.254ms
[1050.883s][info][gc,cpu         ] GC(2936) User=0.00s Sys=0.00s Real=0.00s
[1051.153s][info][gc,start       ] GC(2937) Pause Young (Allocation Failure)
[1051.202s][info][gc,heap        ] GC(2937) PSYoungGen: 208544K(214528K)->6656K(254976K) Eden: 207360K(207360K)->0K(248320K) From: 1184K(7168K)->6656K(6656K)
[1051.202s][info][gc,heap        ] GC(2937) ParOldGen: 347840K(348160K)->364824K(365056K)
[1051.202s][info][gc,metaspace   ] GC(2937) Metaspace: 35622K(36416K)->35622K(36416K) NonClass: 26411K(27008K)->26411K(27008K) Class: 9210K(9408K)->9210K(9408K)
[1051.202s][info][gc             ] GC(2937) Pause Young (Allocation Failure) 543M->362M(605M) 48.987ms
[1051.202s][info][gc,cpu         ] GC(2937) User=0.09s Sys=0.01s Real=0.05s
[1051.526s][info][gc,start       ] GC(2938) Pause Young (Allocation Failure)
[1051.581s][info][gc,heap        ] GC(2938) PSYoungGen: 254976K(254976K)->14336K(270336K) Eden: 248320K(248320K)->0K(256000K) From: 6656K(6656K)->14336K(14336K)
[1051.581s][info][gc,heap        ] GC(2938) ParOldGen: 364824K(365056K)->379240K(379392K)
[1051.581s][info][gc,metaspace   ] GC(2938) Metaspace: 35622K(36416K)->35622K(36416K) NonClass: 26411K(27008K)->26411K(27008K) Class: 9210K(9408K)->9210K(9408K)
[1051.581s][info][gc             ] GC(2938) Pause Young (Allocation Failure) 605M->384M(634M) 55.241ms
[1051.581s][info][gc,cpu         ] GC(2938) User=0.10s Sys=0.00s Real=0.06s
[1051.734s][info][gc,start       ] GC(2939) Pause Young (Allocation Failure)
[1051.756s][info][gc,heap        ] GC(2939) PSYoungGen: 270336K(270336K)->9600K(311296K) Eden: 256000K(256000K)->0K(288256K) From: 14336K(14336K)->9600K(23040K)
[1051.757s][info][gc,heap        ] GC(2939) ParOldGen: 379240K(379392K)->379624K(379904K)
[1051.757s][info][gc,metaspace   ] GC(2939) Metaspace: 35622K(36416K)->35622K(36416K) NonClass: 26411K(27008K)->26411K(27008K) Class: 9210K(9408K)->9210K(9408K)
[1051.757s][info][gc             ] GC(2939) Pause Young (Allocation Failure) 634M->380M(675M) 23.015ms
[1051.757s][info][gc,cpu         ] GC(2939) User=0.04s Sys=0.01s Real=0.02s
[1052.188s][info][gc,start       ] GC(2940) Pause Young (Allocation Failure)
[1052.190s][info][gc,heap        ] GC(2940) PSYoungGen: 297856K(311296K)->64K(288768K) Eden: 288256K(288256K)->0K(288256K) From: 9600K(23040K)->64K(512K)
[1052.190s][info][gc,heap        ] GC(2940) ParOldGen: 379624K(379904K)->379632K(379904K)
[1052.190s][info][gc,metaspace   ] GC(2940) Metaspace: 35622K(36416K)->35622K(36416K) NonClass: 26411K(27008K)->26411K(27008K) Class: 9210K(9408K)->9210K(9408K)
[1052.190s][info][gc             ] GC(2940) Pause Young (Allocation Failure) 661M->370M(653M) 1.316ms
[1052.190s][info][gc,cpu         ] GC(2940) User=0.00s Sys=0.00s Real=0.01s
[1052.739s][info][gc,start       ] GC(2941) Pause Young (Allocation Failure)
[1052.741s][info][gc,heap        ] GC(2941) PSYoungGen: 288320K(288768K)->64K(310784K) Eden: 288256K(288256K)->0K(288768K) From: 64K(512K)->64K(22016K)
[1052.741s][info][gc,heap        ] GC(2941) ParOldGen: 379632K(379904K)->379648K(379904K)
[1052.741s][info][gc,metaspace   ] GC(2941) Metaspace: 35623K(36416K)->35623K(36416K) NonClass: 26412K(27008K)->26412K(27008K) Class: 9210K(9408K)->9210K(9408K)
[1052.741s][info][gc             ] GC(2941) Pause Young (Allocation Failure) 652M->370M(674M) 1.442ms
[1052.741s][info][gc,cpu         ] GC(2941) User=0.00s Sys=0.00s Real=0.00s
[1053.177s][info][gc,start       ] GC(2942) Pause Young (Allocation Failure)
[1053.179s][info][gc,heap        ] GC(2942) PSYoungGen: 288832K(310784K)->64K(310272K) Eden: 288768K(288768K)->0K(288768K) From: 64K(22016K)->64K(21504K)
[1053.179s][info][gc,heap        ] GC(2942) ParOldGen: 379648K(379904K)->379664K(379904K)
[1053.179s][info][gc,metaspace   ] GC(2942) Metaspace: 35623K(36416K)->35623K(36416K) NonClass: 26412K(27008K)->26412K(27008K) Class: 9210K(9408K)->9210K(9408K)
[1053.179s][info][gc             ] GC(2942) Pause Young (Allocation Failure) 652M->370M(674M) 1.393ms
[1053.179s][info][gc,cpu         ] GC(2942) User=0.01s Sys=0.00s Real=0.01s
[1053.414s][info][gc,start       ] GC(2943) Pause Young (Allocation Failure)
[1053.416s][info][gc,heap        ] GC(2943) PSYoungGen: 288832K(310272K)->64K(311296K) Eden: 288768K(288768K)->0K(291328K) From: 64K(21504K)->64K(19968K)
[1053.416s][info][gc,heap        ] GC(2943) ParOldGen: 379664K(379904K)->379680K(379904K)
[1053.416s][info][gc,metaspace   ] GC(2943) Metaspace: 35623K(36416K)->35623K(36416K) NonClass: 26412K(27008K)->26412K(27008K) Class: 9210K(9408K)->9210K(9408K)
[1053.416s][info][gc             ] GC(2943) Pause Young (Allocation Failure) 652M->370M(675M) 1.263ms
[1053.416s][info][gc,cpu         ] GC(2943) User=0.00s Sys=0.00s Real=0.00s
[1053.656s][info][gc,start       ] GC(2944) Pause Young (Allocation Failure)
[1053.658s][info][gc,heap        ] GC(2944) PSYoungGen: 291392K(311296K)->64K(310784K) Eden: 291328K(291328K)->0K(291328K) From: 64K(19968K)->64K(19456K)
[1053.658s][info][gc,heap        ] GC(2944) ParOldGen: 379680K(379904K)->379680K(379904K)
[1053.658s][info][gc,metaspace   ] GC(2944) Metaspace: 35623K(36416K)->35623K(36416K) NonClass: 26412K(27008K)->26412K(27008K) Class: 9210K(9408K)->9210K(9408K)
[1053.658s][info][gc             ] GC(2944) Pause Young (Allocation Failure) 655M->370M(674M) 1.354ms
[1053.658s][info][gc,cpu         ] GC(2944) User=0.00s Sys=0.00s Real=0.00s
[1053.924s][info][gc,start       ] GC(2945) Pause Young (Allocation Failure)
[1053.925s][info][gc,heap        ] GC(2945) PSYoungGen: 291392K(310784K)->64K(313344K) Eden: 291328K(291328K)->0K(295424K) From: 64K(19456K)->64K(17920K)
[1053.925s][info][gc,heap        ] GC(2945) ParOldGen: 379680K(379904K)->379680K(379904K)
[1053.925s][info][gc,metaspace   ] GC(2945) Metaspace: 35623K(36416K)->35623K(36416K) NonClass: 26412K(27008K)->26412K(27008K) Class: 9210K(9408K)->9210K(9408K)
[1053.925s][info][gc             ] GC(2945) Pause Young (Allocation Failure) 655M->370M(677M) 1.202ms
[1053.925s][info][gc,cpu         ] GC(2945) User=0.00s Sys=0.00s Real=0.00s
[1053.980s][info][gc,start       ] GC(2946) Pause Young (Allocation Failure)
[1053.981s][info][gc,heap        ] GC(2946) PSYoungGen: 295488K(313344K)->64K(313344K) Eden: 295424K(295424K)->0K(295424K) From: 64K(17920K)->64K(17920K)
[1053.981s][info][gc,heap        ] GC(2946) ParOldGen: 379680K(379904K)->379696K(379904K)
[1053.981s][info][gc,metaspace   ] GC(2946) Metaspace: 35623K(36416K)->35623K(36416K) NonClass: 26412K(27008K)->26412K(27008K) Class: 9210K(9408K)->9210K(9408K)
[1053.981s][info][gc             ] GC(2946) Pause Young (Allocation Failure) 659M->370M(677M) 1.349ms
[1053.981s][info][gc,cpu         ] GC(2946) User=0.00s Sys=0.00s Real=0.00s
[1054.114s][info][gc,start       ] GC(2947) Pause Young (Allocation Failure)
[1054.115s][info][gc,heap        ] GC(2947) PSYoungGen: 295488K(313344K)->64K(314880K) Eden: 295424K(295424K)->0K(299008K) From: 64K(17920K)->64K(15872K)
[1054.115s][info][gc,heap        ] GC(2947) ParOldGen: 379696K(379904K)->379696K(379904K)
[1054.115s][info][gc,metaspace   ] GC(2947) Metaspace: 35623K(36416K)->35623K(36416K) NonClass: 26412K(27008K)->26412K(27008K) Class: 9210K(9408K)->9210K(9408K)
[1054.115s][info][gc             ] GC(2947) Pause Young (Allocation Failure) 659M->370M(678M) 1.183ms
[1054.115s][info][gc,cpu         ] GC(2947) User=0.00s Sys=0.00s Real=0.00s
[1054.435s][info][gc,start       ] GC(2948) Pause Young (Allocation Failure)
[1054.437s][info][gc,heap        ] GC(2948) PSYoungGen: 299072K(314880K)->64K(314880K) Eden: 299008K(299008K)->0K(299008K) From: 64K(15872K)->64K(15872K)
[1054.437s][info][gc,heap        ] GC(2948) ParOldGen: 379696K(379904K)->379712K(379904K)
[1054.437s][info][gc,metaspace   ] GC(2948) Metaspace: 35623K(36416K)->35623K(36416K) NonClass: 26412K(27008K)->26412K(27008K) Class: 9210K(9408K)->9210K(9408K)
[1054.437s][info][gc             ] GC(2948) Pause Young (Allocation Failure) 662M->370M(678M) 1.629ms
[1054.437s][info][gc,cpu         ] GC(2948) User=0.01s Sys=0.00s Real=0.00s
[1054.614s][info][gc,start       ] GC(2949) Pause Young (Allocation Failure)
[1054.615s][info][gc,heap        ] GC(2949) PSYoungGen: 299072K(314880K)->64K(316416K) Eden: 299008K(299008K)->0K(302592K) From: 64K(15872K)->64K(13824K)
[1054.615s][info][gc,heap        ] GC(2949) ParOldGen: 379712K(379904K)->379712K(379904K)
[1054.615s][info][gc,metaspace   ] GC(2949) Metaspace: 35623K(36416K)->35623K(36416K) NonClass: 26412K(27008K)->26412K(27008K) Class: 9210K(9408K)->9210K(9408K)
[1054.615s][info][gc             ] GC(2949) Pause Young (Allocation Failure) 662M->370M(680M) 1.323ms
[1054.615s][info][gc,cpu         ] GC(2949) User=0.01s Sys=0.00s Real=0.00s
[1054.702s][info][gc,start       ] GC(2950) Pause Young (Allocation Failure)
[1054.703s][info][gc,heap        ] GC(2950) PSYoungGen: 302656K(316416K)->64K(316928K) Eden: 302592K(302592K)->0K(302592K) From: 64K(13824K)->64K(14336K)
[1054.704s][info][gc,heap        ] GC(2950) ParOldGen: 379712K(379904K)->379728K(379904K)
[1054.704s][info][gc,metaspace   ] GC(2950) Metaspace: 35623K(36416K)->35623K(36416K) NonClass: 26412K(27008K)->26412K(27008K) Class: 9210K(9408K)->9210K(9408K)
[1054.704s][info][gc             ] GC(2950) Pause Young (Allocation Failure) 666M->370M(680M) 1.293ms
[1054.704s][info][gc,cpu         ] GC(2950) User=0.00s Sys=0.00s Real=0.00s
[1054.888s][info][gc,start       ] GC(2951) Pause Young (Allocation Failure)
[1054.889s][info][gc,heap        ] GC(2951) PSYoungGen: 302656K(316928K)->64K(318976K) Eden: 302592K(302592K)->0K(306176K) From: 64K(14336K)->64K(12800K)
[1054.889s][info][gc,heap        ] GC(2951) ParOldGen: 379728K(379904K)->379728K(379904K)
[1054.889s][info][gc,metaspace   ] GC(2951) Metaspace: 35623K(36416K)->35623K(36416K) NonClass: 26412K(27008K)->26412K(27008K) Class: 9210K(9408K)->9210K(9408K)
[1054.889s][info][gc             ] GC(2951) Pause Young (Allocation Failure) 666M->370M(682M) 1.310ms
[1054.889s][info][gc,cpu         ] GC(2951) User=0.01s Sys=0.00s Real=0.01s
[1055.796s][info][gc,start       ] GC(2952) Pause Young (Allocation Failure)
[1055.797s][info][gc,heap        ] GC(2952) PSYoungGen: 306240K(318976K)->64K(294400K) Eden: 306176K(306176K)->0K(293888K) From: 64K(12800K)->64K(512K)
[1055.797s][info][gc,heap        ] GC(2952) ParOldGen: 379728K(379904K)->379736K(379904K)
[1055.797s][info][gc,metaspace   ] GC(2952) Metaspace: 35623K(36416K)->35623K(36416K) NonClass: 26412K(27008K)->26412K(27008K) Class: 9210K(9408K)->9210K(9408K)
[1055.797s][info][gc             ] GC(2952) Pause Young (Allocation Failure) 669M->370M(658M) 1.416ms
[1055.797s][info][gc,cpu         ] GC(2952) User=0.00s Sys=0.00s Real=0.00s
[1056.620s][info][gc,start       ] GC(2953) Pause Young (Allocation Failure)
[1056.622s][info][gc,heap        ] GC(2953) PSYoungGen: 293952K(294400K)->64K(283136K) Eden: 293888K(293888K)->0K(282624K) From: 64K(512K)->64K(512K)
[1056.622s][info][gc,heap        ] GC(2953) ParOldGen: 379736K(379904K)->379744K(379904K)
[1056.622s][info][gc,metaspace   ] GC(2953) Metaspace: 35623K(36416K)->35623K(36416K) NonClass: 26412K(27008K)->26412K(27008K) Class: 9210K(9408K)->9210K(9408K)
[1056.622s][info][gc             ] GC(2953) Pause Young (Allocation Failure) 657M->370M(647M) 1.927ms
[1056.622s][info][gc,cpu         ] GC(2953) User=0.00s Sys=0.00s Real=0.00s
[1057.005s][info][gc,start       ] GC(2954) Pause Young (Allocation Failure)
[1057.006s][info][gc,heap        ] GC(2954) PSYoungGen: 282688K(283136K)->64K(283136K) Eden: 282624K(282624K)->0K(271872K) From: 64K(512K)->64K(11264K)
[1057.006s][info][gc,heap        ] GC(2954) ParOldGen: 379744K(379904K)->379752K(379904K)
[1057.006s][info][gc,metaspace   ] GC(2954) Metaspace: 35623K(36416K)->35623K(36416K) NonClass: 26412K(27008K)->26412K(27008K) Class: 9210K(9408K)->9210K(9408K)
[1057.006s][info][gc             ] GC(2954) Pause Young (Allocation Failure) 646M->370M(647M) 1.235ms
[1057.006s][info][gc,cpu         ] GC(2954) User=0.00s Sys=0.00s Real=0.00s
[1058.044s][info][gc,start       ] GC(2955) Pause Young (Allocation Failure)
[1058.046s][info][gc,heap        ] GC(2955) PSYoungGen: 271936K(283136K)->64K(262144K) Eden: 271872K(271872K)->0K(261632K) From: 64K(11264K)->64K(512K)
[1058.046s][info][gc,heap        ] GC(2955) ParOldGen: 379752K(379904K)->379760K(379904K)
[1058.046s][info][gc,metaspace   ] GC(2955) Metaspace: 35623K(36416K)->35623K(36416K) NonClass: 26412K(27008K)->26412K(27008K) Class: 9210K(9408K)->9210K(9408K)
[1058.046s][info][gc             ] GC(2955) Pause Young (Allocation Failure) 636M->370M(627M) 1.786ms
[1058.046s][info][gc,cpu         ] GC(2955) User=0.00s Sys=0.00s Real=0.00s
[1058.432s][info][gc,start       ] GC(2956) Pause Young (Allocation Failure)
[1058.434s][info][gc,heap        ] GC(2956) PSYoungGen: 261696K(262144K)->64K(261632K) Eden: 261632K(261632K)->0K(251904K) From: 64K(512K)->64K(9728K)
[1058.434s][info][gc,heap        ] GC(2956) ParOldGen: 379760K(379904K)->379776K(379904K)
[1058.434s][info][gc,metaspace   ] GC(2956) Metaspace: 35623K(36416K)->35623K(36416K) NonClass: 26412K(27008K)->26412K(27008K) Class: 9210K(9408K)->9210K(9408K)
[1058.434s][info][gc             ] GC(2956) Pause Young (Allocation Failure) 626M->370M(626M) 2.125ms
[1058.434s][info][gc,cpu         ] GC(2956) User=0.00s Sys=0.00s Real=0.00s
[1058.621s][info][gc,start       ] GC(2957) Pause Young (Allocation Failure)
[1058.623s][info][gc,heap        ] GC(2957) PSYoungGen: 251968K(261632K)->64K(242688K) Eden: 251904K(251904K)->0K(242176K) From: 64K(9728K)->64K(512K)
[1058.623s][info][gc,heap        ] GC(2957) ParOldGen: 379776K(379904K)->379792K(379904K)
[1058.623s][info][gc,metaspace   ] GC(2957) Metaspace: 35623K(36416K)->35623K(36416K) NonClass: 26412K(27008K)->26412K(27008K) Class: 9210K(9408K)->9210K(9408K)
[1058.623s][info][gc             ] GC(2957) Pause Young (Allocation Failure) 616M->370M(608M) 2.609ms
[1058.623s][info][gc,cpu         ] GC(2957) User=0.01s Sys=0.00s Real=0.00s
[1058.715s][info][gc,start       ] GC(2958) Pause Young (Allocation Failure)
[1058.716s][info][gc,heap        ] GC(2958) PSYoungGen: 242240K(242688K)->32K(241664K) Eden: 242176K(242176K)->0K(232960K) From: 64K(512K)->32K(8704K)
[1058.716s][info][gc,heap        ] GC(2958) ParOldGen: 379792K(379904K)->379800K(379904K)
[1058.716s][info][gc,metaspace   ] GC(2958) Metaspace: 35623K(36416K)->35623K(36416K) NonClass: 26412K(27008K)->26412K(27008K) Class: 9210K(9408K)->9210K(9408K)
[1058.716s][info][gc             ] GC(2958) Pause Young (Allocation Failure) 607M->370M(607M) 1.504ms
[1058.716s][info][gc,cpu         ] GC(2958) User=0.00s Sys=0.00s Real=0.00s
[1059.282s][info][gc,start       ] GC(2959) Pause Young (Allocation Failure)
[1059.283s][info][gc,heap        ] GC(2959) PSYoungGen: 232992K(241664K)->64K(224768K) Eden: 232960K(232960K)->0K(224256K) From: 32K(8704K)->64K(512K)
[1059.283s][info][gc,heap        ] GC(2959) ParOldGen: 379800K(379904K)->379808K(379904K)
[1059.283s][info][gc,metaspace   ] GC(2959) Metaspace: 35623K(36416K)->35623K(36416K) NonClass: 26412K(27008K)->26412K(27008K) Class: 9210K(9408K)->9210K(9408K)
[1059.283s][info][gc             ] GC(2959) Pause Young (Allocation Failure) 598M->370M(590M) 1.840ms
[1059.283s][info][gc,cpu         ] GC(2959) User=0.00s Sys=0.00s Real=0.00s
[1059.474s][info][gc,start       ] GC(2960) Pause Young (Allocation Failure)
[1059.476s][info][gc,heap        ] GC(2960) PSYoungGen: 224320K(224768K)->64K(223232K) Eden: 224256K(224256K)->0K(216064K) From: 64K(512K)->64K(7168K)
[1059.476s][info][gc,heap        ] GC(2960) ParOldGen: 379808K(379904K)->379824K(379904K)
[1059.476s][info][gc,metaspace   ] GC(2960) Metaspace: 35623K(36416K)->35623K(36416K) NonClass: 26412K(27008K)->26412K(27008K) Class: 9210K(9408K)->9210K(9408K)
[1059.476s][info][gc             ] GC(2960) Pause Young (Allocation Failure) 589M->370M(589M) 2.033ms
[1059.476s][info][gc,cpu         ] GC(2960) User=0.01s Sys=0.00s Real=0.00s
[1059.809s][info][gc,start       ] GC(2961) Pause Young (Allocation Failure)
[1059.837s][info][gc,heap        ] GC(2961) PSYoungGen: 216128K(223232K)->6656K(264704K) Eden: 216064K(216064K)->0K(258048K) From: 64K(7168K)->6656K(6656K)
[1059.837s][info][gc,heap        ] GC(2961) ParOldGen: 379824K(379904K)->386072K(386560K)
[1059.837s][info][gc,metaspace   ] GC(2961) Metaspace: 35623K(36416K)->35623K(36416K) NonClass: 26412K(27008K)->26412K(27008K) Class: 9210K(9408K)->9210K(9408K)
[1059.837s][info][gc             ] GC(2961) Pause Young (Allocation Failure) 581M->383M(636M) 28.095ms
[1059.837s][info][gc,cpu         ] GC(2961) User=0.03s Sys=0.01s Real=0.02s
[1060.175s][info][gc,start       ] GC(2962) Pause Young (Allocation Failure)
[1060.232s][info][gc,heap        ] GC(2962) PSYoungGen: 264704K(264704K)->10752K(271872K) Eden: 258048K(258048K)->0K(261120K) From: 6656K(6656K)->10752K(10752K)
[1060.232s][info][gc,heap        ] GC(2962) ParOldGen: 386072K(386560K)->404896K(404992K)
[1060.232s][info][gc,metaspace   ] GC(2962) Metaspace: 35623K(36416K)->35623K(36416K) NonClass: 26412K(27008K)->26412K(27008K) Class: 9210K(9408K)->9210K(9408K)
[1060.232s][info][gc             ] GC(2962) Pause Young (Allocation Failure) 635M->405M(661M) 57.548ms
[1060.232s][info][gc,cpu         ] GC(2962) User=0.10s Sys=0.01s Real=0.06s
[1060.489s][info][gc,start       ] GC(2963) Pause Young (Allocation Failure)
[1060.534s][info][gc,heap        ] GC(2963) PSYoungGen: 271872K(271872K)->19968K(304640K) Eden: 261120K(261120K)->0K(284672K) From: 10752K(10752K)->19968K(19968K)
[1060.534s][info][gc,heap        ] GC(2963) ParOldGen: 404896K(404992K)->405760K(406016K)
[1060.534s][info][gc,metaspace   ] GC(2963) Metaspace: 35623K(36416K)->35623K(36416K) NonClass: 26412K(27008K)->26412K(27008K) Class: 9210K(9408K)->9210K(9408K)
[1060.534s][info][gc             ] GC(2963) Pause Young (Allocation Failure) 660M->415M(694M) 45.601ms
[1060.534s][info][gc,cpu         ] GC(2963) User=0.08s Sys=0.02s Real=0.04s
[1060.771s][info][gc,start       ] GC(2964) Pause Young (Allocation Failure)
[1060.772s][info][gc,heap        ] GC(2964) PSYoungGen: 304640K(304640K)->64K(309248K) Eden: 284672K(284672K)->0K(284672K) From: 19968K(19968K)->64K(24576K)
[1060.772s][info][gc,heap        ] GC(2964) ParOldGen: 405760K(406016K)->405776K(406016K)
[1060.772s][info][gc,metaspace   ] GC(2964) Metaspace: 35623K(36416K)->35623K(36416K) NonClass: 26412K(27008K)->26412K(27008K) Class: 9210K(9408K)->9210K(9408K)
[1060.772s][info][gc             ] GC(2964) Pause Young (Allocation Failure) 693M->396M(698M) 1.610ms
[1060.772s][info][gc,cpu         ] GC(2964) User=0.00s Sys=0.00s Real=0.00s
[1061.441s][info][gc,start       ] GC(2965) Pause Young (Allocation Failure)
[1061.443s][info][gc,heap        ] GC(2965) PSYoungGen: 284736K(309248K)->64K(306688K) Eden: 284672K(284672K)->0K(285184K) From: 64K(24576K)->64K(21504K)
[1061.443s][info][gc,heap        ] GC(2965) ParOldGen: 405776K(406016K)->405784K(406016K)
[1061.443s][info][gc,metaspace   ] GC(2965) Metaspace: 35623K(36416K)->35623K(36416K) NonClass: 26412K(27008K)->26412K(27008K) Class: 9210K(9408K)->9210K(9408K)
[1061.443s][info][gc             ] GC(2965) Pause Young (Allocation Failure) 674M->396M(696M) 1.553ms
[1061.443s][info][gc,cpu         ] GC(2965) User=0.00s Sys=0.00s Real=0.00s
[1061.905s][info][gc,start       ] GC(2966) Pause Young (Allocation Failure)
[1061.906s][info][gc,heap        ] GC(2966) PSYoungGen: 285248K(306688K)->64K(308224K) Eden: 285184K(285184K)->0K(285184K) From: 64K(21504K)->64K(23040K)
[1061.906s][info][gc,heap        ] GC(2966) ParOldGen: 405784K(406016K)->405800K(406016K)
[1061.906s][info][gc,metaspace   ] GC(2966) Metaspace: 35623K(36416K)->35623K(36416K) NonClass: 26412K(27008K)->26412K(27008K) Class: 9210K(9408K)->9210K(9408K)
[1061.906s][info][gc             ] GC(2966) Pause Young (Allocation Failure) 674M->396M(697M) 1.346ms
[1061.906s][info][gc,cpu         ] GC(2966) User=0.00s Sys=0.00s Real=0.00s
[1062.141s][info][gc,start       ] GC(2967) Pause Young (Allocation Failure)
[1062.143s][info][gc,heap        ] GC(2967) PSYoungGen: 285248K(308224K)->32K(308224K) Eden: 285184K(285184K)->0K(288768K) From: 64K(23040K)->32K(19456K)
[1062.143s][info][gc,heap        ] GC(2967) ParOldGen: 405800K(406016K)->405816K(406016K)
[1062.143s][info][gc,metaspace   ] GC(2967) Metaspace: 35623K(36416K)->35623K(36416K) NonClass: 26412K(27008K)->26412K(27008K) Class: 9210K(9408K)->9210K(9408K)
[1062.143s][info][gc             ] GC(2967) Pause Young (Allocation Failure) 674M->396M(697M) 2.485ms
[1062.143s][info][gc,cpu         ] GC(2967) User=0.00s Sys=0.00s Real=0.00s
[1062.382s][info][gc,start       ] GC(2968) Pause Young (Allocation Failure)
[1062.384s][info][gc,heap        ] GC(2968) PSYoungGen: 288800K(308224K)->64K(309760K) Eden: 288768K(288768K)->0K(288768K) From: 32K(19456K)->64K(20992K)
[1062.384s][info][gc,heap        ] GC(2968) ParOldGen: 405816K(406016K)->405816K(406016K)
[1062.384s][info][gc,metaspace   ] GC(2968) Metaspace: 35623K(36416K)->35623K(36416K) NonClass: 26412K(27008K)->26412K(27008K) Class: 9210K(9408K)->9210K(9408K)
[1062.384s][info][gc             ] GC(2968) Pause Young (Allocation Failure) 678M->396M(699M) 2.328ms
[1062.384s][info][gc,cpu         ] GC(2968) User=0.00s Sys=0.00s Real=0.00s
[1062.720s][info][gc,start       ] GC(2969) Pause Young (Allocation Failure)
[1062.722s][info][gc,heap        ] GC(2969) PSYoungGen: 288832K(309760K)->64K(311296K) Eden: 288768K(288768K)->0K(292864K) From: 64K(20992K)->64K(18432K)
[1062.722s][info][gc,heap        ] GC(2969) ParOldGen: 405816K(406016K)->405816K(406016K)
[1062.722s][info][gc,metaspace   ] GC(2969) Metaspace: 35623K(36416K)->35623K(36416K) NonClass: 26412K(27008K)->26412K(27008K) Class: 9210K(9408K)->9210K(9408K)
[1062.722s][info][gc             ] GC(2969) Pause Young (Allocation Failure) 678M->396M(700M) 1.694ms
[1062.722s][info][gc,cpu         ] GC(2969) User=0.00s Sys=0.00s Real=0.00s
[1062.774s][info][gc,start       ] GC(2970) Pause Young (Allocation Failure)
[1062.775s][info][gc,heap        ] GC(2970) PSYoungGen: 292928K(311296K)->64K(312320K) Eden: 292864K(292864K)->0K(292864K) From: 64K(18432K)->64K(19456K)
[1062.775s][info][gc,heap        ] GC(2970) ParOldGen: 405816K(406016K)->405832K(406016K)
[1062.775s][info][gc,metaspace   ] GC(2970) Metaspace: 35623K(36416K)->35623K(36416K) NonClass: 26412K(27008K)->26412K(27008K) Class: 9210K(9408K)->9210K(9408K)
[1062.775s][info][gc             ] GC(2970) Pause Young (Allocation Failure) 682M->396M(701M) 1.350ms
[1062.775s][info][gc,cpu         ] GC(2970) User=0.01s Sys=0.00s Real=0.00s
[1062.824s][info][gc,start       ] GC(2971) Pause Young (Allocation Failure)
[1062.826s][info][gc,heap        ] GC(2971) PSYoungGen: 292928K(312320K)->64K(312320K) Eden: 292864K(292864K)->0K(295936K) From: 64K(19456K)->64K(16384K)
[1062.826s][info][gc,heap        ] GC(2971) ParOldGen: 405832K(406016K)->405832K(406016K)
[1062.826s][info][gc,metaspace   ] GC(2971) Metaspace: 35623K(36416K)->35623K(36416K) NonClass: 26412K(27008K)->26412K(27008K) Class: 9210K(9408K)->9210K(9408K)
[1062.826s][info][gc             ] GC(2971) Pause Young (Allocation Failure) 682M->396M(701M) 1.182ms
[1062.826s][info][gc,cpu         ] GC(2971) User=0.00s Sys=0.00s Real=0.00s
[1063.122s][info][gc,start       ] GC(2972) Pause Young (Allocation Failure)
[1063.123s][info][gc,heap        ] GC(2972) PSYoungGen: 296000K(312320K)->64K(313344K) Eden: 295936K(295936K)->0K(295936K) From: 64K(16384K)->64K(17408K)
[1063.123s][info][gc,heap        ] GC(2972) ParOldGen: 405832K(406016K)->405832K(406016K)
[1063.123s][info][gc,metaspace   ] GC(2972) Metaspace: 35623K(36416K)->35623K(36416K) NonClass: 26412K(27008K)->26412K(27008K) Class: 9210K(9408K)->9210K(9408K)
[1063.123s][info][gc             ] GC(2972) Pause Young (Allocation Failure) 685M->396M(702M) 1.378ms
[1063.123s][info][gc,cpu         ] GC(2972) User=0.00s Sys=0.00s Real=0.00s
[1063.380s][info][gc,start       ] GC(2973) Pause Young (Allocation Failure)
[1063.381s][info][gc,heap        ] GC(2973) PSYoungGen: 296000K(313344K)->64K(314368K) Eden: 295936K(295936K)->0K(300032K) From: 64K(17408K)->64K(14336K)
[1063.381s][info][gc,heap        ] GC(2973) ParOldGen: 405832K(406016K)->405840K(406016K)
[1063.381s][info][gc,metaspace   ] GC(2973) Metaspace: 35623K(36416K)->35623K(36416K) NonClass: 26412K(27008K)->26412K(27008K) Class: 9210K(9408K)->9210K(9408K)
[1063.381s][info][gc             ] GC(2973) Pause Young (Allocation Failure) 685M->396M(703M) 1.296ms
[1063.381s][info][gc,cpu         ] GC(2973) User=0.00s Sys=0.00s Real=0.00s
[1063.479s][info][gc,start       ] GC(2974) Pause Young (Allocation Failure)
[1063.480s][info][gc,heap        ] GC(2974) PSYoungGen: 300096K(314368K)->64K(315392K) Eden: 300032K(300032K)->0K(300032K) From: 64K(14336K)->64K(15360K)
[1063.480s][info][gc,heap        ] GC(2974) ParOldGen: 405840K(406016K)->405848K(406016K)
[1063.480s][info][gc,metaspace   ] GC(2974) Metaspace: 35623K(36416K)->35623K(36416K) NonClass: 26412K(27008K)->26412K(27008K) Class: 9210K(9408K)->9210K(9408K)
[1063.480s][info][gc             ] GC(2974) Pause Young (Allocation Failure) 689M->396M(704M) 1.375ms
[1063.480s][info][gc,cpu         ] GC(2974) User=0.00s Sys=0.00s Real=0.00s
[1063.622s][info][gc,start       ] GC(2975) Pause Young (Allocation Failure)
[1063.623s][info][gc,heap        ] GC(2975) PSYoungGen: 300096K(315392K)->64K(316416K) Eden: 300032K(300032K)->0K(304128K) From: 64K(15360K)->64K(12288K)
[1063.623s][info][gc,heap        ] GC(2975) ParOldGen: 405848K(406016K)->405856K(406016K)
[1063.623s][info][gc,metaspace   ] GC(2975) Metaspace: 35623K(36416K)->35623K(36416K) NonClass: 26412K(27008K)->26412K(27008K) Class: 9210K(9408K)->9210K(9408K)
[1063.623s][info][gc             ] GC(2975) Pause Young (Allocation Failure) 689M->396M(705M) 1.244ms
[1063.623s][info][gc,cpu         ] GC(2975) User=0.00s Sys=0.00s Real=0.00s
[1064.034s][info][gc,start       ] GC(2976) Pause Young (Allocation Failure)
[1064.035s][info][gc,heap        ] GC(2976) PSYoungGen: 304192K(316416K)->64K(317440K) Eden: 304128K(304128K)->0K(304128K) From: 64K(12288K)->64K(13312K)
[1064.035s][info][gc,heap        ] GC(2976) ParOldGen: 405856K(406016K)->405864K(406016K)
[1064.035s][info][gc,metaspace   ] GC(2976) Metaspace: 35623K(36416K)->35623K(36416K) NonClass: 26412K(27008K)->26412K(27008K) Class: 9210K(9408K)->9210K(9408K)
[1064.035s][info][gc             ] GC(2976) Pause Young (Allocation Failure) 693M->396M(706M) 1.404ms
[1064.035s][info][gc,cpu         ] GC(2976) User=0.00s Sys=0.00s Real=0.00s
[1065.005s][info][gc,start       ] GC(2977) Pause Young (Allocation Failure)
[1065.007s][info][gc,heap        ] GC(2977) PSYoungGen: 304192K(317440K)->64K(292864K) Eden: 304128K(304128K)->0K(292352K) From: 64K(13312K)->64K(512K)
[1065.007s][info][gc,heap        ] GC(2977) ParOldGen: 405864K(406016K)->405872K(406016K)
[1065.007s][info][gc,metaspace   ] GC(2977) Metaspace: 35623K(36416K)->35623K(36416K) NonClass: 26412K(27008K)->26412K(27008K) Class: 9210K(9408K)->9210K(9408K)
[1065.007s][info][gc             ] GC(2977) Pause Young (Allocation Failure) 693M->396M(682M) 1.826ms
[1065.007s][info][gc,cpu         ] GC(2977) User=0.00s Sys=0.00s Real=0.00s
[1065.617s][info][gc,start       ] GC(2978) Pause Young (Allocation Failure)
[1065.618s][info][gc,heap        ] GC(2978) PSYoungGen: 292416K(292864K)->64K(292864K) Eden: 292352K(292352K)->0K(281088K) From: 64K(512K)->64K(11776K)
[1065.618s][info][gc,heap        ] GC(2978) ParOldGen: 405872K(406016K)->405880K(406016K)
[1065.618s][info][gc,metaspace   ] GC(2978) Metaspace: 35623K(36416K)->35623K(36416K) NonClass: 26412K(27008K)->26412K(27008K) Class: 9210K(9408K)->9210K(9408K)
[1065.618s][info][gc             ] GC(2978) Pause Young (Allocation Failure) 681M->396M(682M) 1.373ms
[1065.618s][info][gc,cpu         ] GC(2978) User=0.00s Sys=0.00s Real=0.00s
[1066.109s][info][gc,start       ] GC(2979) Pause Young (Allocation Failure)
[1066.111s][info][gc,heap        ] GC(2979) PSYoungGen: 281152K(292864K)->64K(270848K) Eden: 281088K(281088K)->0K(270336K) From: 64K(11776K)->64K(512K)
[1066.111s][info][gc,heap        ] GC(2979) ParOldGen: 405880K(406016K)->405888K(406016K)
[1066.111s][info][gc,metaspace   ] GC(2979) Metaspace: 35623K(36416K)->35623K(36416K) NonClass: 26412K(27008K)->26412K(27008K) Class: 9210K(9408K)->9210K(9408K)
[1066.111s][info][gc             ] GC(2979) Pause Young (Allocation Failure) 670M->396M(661M) 1.769ms
[1066.111s][info][gc,cpu         ] GC(2979) User=0.00s Sys=0.00s Real=0.00s
[1067.039s][info][gc,start       ] GC(2980) Pause Young (Allocation Failure)
[1067.041s][info][gc,heap        ] GC(2980) PSYoungGen: 270400K(270848K)->64K(270336K) Eden: 270336K(270336K)->0K(260096K) From: 64K(512K)->64K(10240K)
[1067.041s][info][gc,heap        ] GC(2980) ParOldGen: 405888K(406016K)->405896K(406016K)
[1067.041s][info][gc,metaspace   ] GC(2980) Metaspace: 35623K(36416K)->35623K(36416K) NonClass: 26412K(27008K)->26412K(27008K) Class: 9210K(9408K)->9210K(9408K)
[1067.041s][info][gc             ] GC(2980) Pause Young (Allocation Failure) 660M->396M(660M) 1.600ms
[1067.041s][info][gc,cpu         ] GC(2980) User=0.01s Sys=0.00s Real=0.00s
[1067.401s][info][gc,start       ] GC(2981) Pause Young (Allocation Failure)
[1067.403s][info][gc,heap        ] GC(2981) PSYoungGen: 260160K(270336K)->64K(250880K) Eden: 260096K(260096K)->0K(250368K) From: 64K(10240K)->64K(512K)
[1067.403s][info][gc,heap        ] GC(2981) ParOldGen: 405896K(406016K)->405904K(406016K)
[1067.403s][info][gc,metaspace   ] GC(2981) Metaspace: 35623K(36416K)->35623K(36416K) NonClass: 26412K(27008K)->26412K(27008K) Class: 9210K(9408K)->9210K(9408K)
[1067.403s][info][gc             ] GC(2981) Pause Young (Allocation Failure) 650M->396M(641M) 1.814ms
[1067.403s][info][gc,cpu         ] GC(2981) User=0.01s Sys=0.00s Real=0.00s
[1067.485s][info][gc,start       ] GC(2982) Pause Young (Allocation Failure)
[1067.487s][info][gc,heap        ] GC(2982) PSYoungGen: 250432K(250880K)->64K(250368K) Eden: 250368K(250368K)->0K(241152K) From: 64K(512K)->64K(9216K)
[1067.487s][info][gc,heap        ] GC(2982) ParOldGen: 405904K(406016K)->405912K(406016K)
[1067.487s][info][gc,metaspace   ] GC(2982) Metaspace: 35623K(36416K)->35623K(36416K) NonClass: 26412K(27008K)->26412K(27008K) Class: 9210K(9408K)->9210K(9408K)
[1067.487s][info][gc             ] GC(2982) Pause Young (Allocation Failure) 640M->396M(641M) 1.603ms
[1067.487s][info][gc,cpu         ] GC(2982) User=0.00s Sys=0.00s Real=0.00s
[1067.934s][info][gc,start       ] GC(2983) Pause Young (Allocation Failure)
[1067.936s][info][gc,heap        ] GC(2983) PSYoungGen: 241216K(250368K)->64K(232448K) Eden: 241152K(241152K)->0K(231936K) From: 64K(9216K)->64K(512K)
[1067.936s][info][gc,heap        ] GC(2983) ParOldGen: 405912K(406016K)->405920K(406016K)
[1067.936s][info][gc,metaspace   ] GC(2983) Metaspace: 35623K(36416K)->35623K(36416K) NonClass: 26412K(27008K)->26412K(27008K) Class: 9210K(9408K)->9210K(9408K)
[1067.936s][info][gc             ] GC(2983) Pause Young (Allocation Failure) 631M->396M(623M) 1.845ms
[1067.936s][info][gc,cpu         ] GC(2983) User=0.00s Sys=0.00s Real=0.00s
[1068.208s][info][gc,start       ] GC(2984) Pause Young (Allocation Failure)
[1068.209s][info][gc,heap        ] GC(2984) PSYoungGen: 232000K(232448K)->64K(230912K) Eden: 231936K(231936K)->0K(223232K) From: 64K(512K)->64K(7680K)
[1068.209s][info][gc,heap        ] GC(2984) ParOldGen: 405920K(406016K)->405928K(406016K)
[1068.209s][info][gc,metaspace   ] GC(2984) Metaspace: 35623K(36416K)->35623K(36416K) NonClass: 26412K(27008K)->26412K(27008K) Class: 9210K(9408K)->9210K(9408K)
[1068.210s][info][gc             ] GC(2984) Pause Young (Allocation Failure) 622M->396M(622M) 1.215ms
[1068.210s][info][gc,cpu         ] GC(2984) User=0.00s Sys=0.00s Real=0.01s
[1068.566s][info][gc,start       ] GC(2985) Pause Young (Allocation Failure)
[1068.577s][info][gc,heap        ] GC(2985) PSYoungGen: 223296K(230912K)->7168K(271872K) Eden: 223232K(223232K)->0K(264704K) From: 64K(7680K)->7168K(7168K)
[1068.577s][info][gc,heap        ] GC(2985) ParOldGen: 405928K(406016K)->405944K(406016K)
[1068.577s][info][gc,metaspace   ] GC(2985) Metaspace: 35623K(36416K)->35623K(36416K) NonClass: 26412K(27008K)->26412K(27008K) Class: 9210K(9408K)->9210K(9408K)
[1068.577s][info][gc             ] GC(2985) Pause Young (Allocation Failure) 614M->403M(662M) 10.896ms
[1068.577s][info][gc,cpu         ] GC(2985) User=0.02s Sys=0.00s Real=0.01s
[1068.924s][info][gc,start       ] GC(2986) Pause Young (Allocation Failure)
[1068.985s][info][gc,heap        ] GC(2986) PSYoungGen: 271872K(271872K)->9216K(284672K) Eden: 264704K(264704K)->0K(275456K) From: 7168K(7168K)->9216K(9216K)
[1068.985s][info][gc,heap        ] GC(2986) ParOldGen: 405944K(406016K)->426896K(427008K)
[1068.985s][info][gc,metaspace   ] GC(2986) Metaspace: 35623K(36416K)->35623K(36416K) NonClass: 26412K(27008K)->26412K(27008K) Class: 9210K(9408K)->9210K(9408K)
[1068.985s][info][gc             ] GC(2986) Pause Young (Allocation Failure) 661M->425M(695M) 61.603ms
[1068.985s][info][gc,cpu         ] GC(2986) User=0.10s Sys=0.01s Real=0.06s
[1069.291s][info][gc,start       ] GC(2987) Pause Young (Allocation Failure)
[1069.348s][info][gc,heap        ] GC(2987) PSYoungGen: 284672K(284672K)->18944K(301568K) Eden: 275456K(275456K)->0K(282624K) From: 9216K(9216K)->18944K(18944K)
[1069.348s][info][gc,heap        ] GC(2987) ParOldGen: 426896K(427008K)->433800K(434176K)
[1069.349s][info][gc,metaspace   ] GC(2987) Metaspace: 35623K(36416K)->35623K(36416K) NonClass: 26412K(27008K)->26412K(27008K) Class: 9210K(9408K)->9210K(9408K)
[1069.349s][info][gc             ] GC(2987) Pause Young (Allocation Failure) 694M->442M(718M) 57.641ms
[1069.349s][info][gc,cpu         ] GC(2987) User=0.10s Sys=0.02s Real=0.06s
[1069.505s][info][gc,start       ] GC(2988) Pause Young (Allocation Failure)
[1069.508s][info][gc,heap        ] GC(2988) PSYoungGen: 301568K(301568K)->64K(308224K) Eden: 282624K(282624K)->0K(282624K) From: 18944K(18944K)->64K(25600K)
[1069.508s][info][gc,heap        ] GC(2988) ParOldGen: 433800K(434176K)->433976K(434176K)
[1069.508s][info][gc,metaspace   ] GC(2988) Metaspace: 35623K(36416K)->35623K(36416K) NonClass: 26412K(27008K)->26412K(27008K) Class: 9210K(9408K)->9210K(9408K)
[1069.508s][info][gc             ] GC(2988) Pause Young (Allocation Failure) 718M->423M(725M) 3.290ms
[1069.508s][info][gc,cpu         ] GC(2988) User=0.01s Sys=0.00s Real=0.00s
[1070.198s][info][gc,start       ] GC(2989) Pause Young (Allocation Failure)
[1070.200s][info][gc,heap        ] GC(2989) PSYoungGen: 282688K(308224K)->64K(305152K) Eden: 282624K(282624K)->0K(283648K) From: 64K(25600K)->64K(21504K)
[1070.200s][info][gc,heap        ] GC(2989) ParOldGen: 433976K(434176K)->433992K(434176K)
[1070.200s][info][gc,metaspace   ] GC(2989) Metaspace: 35623K(36416K)->35623K(36416K) NonClass: 26412K(27008K)->26412K(27008K) Class: 9210K(9408K)->9210K(9408K)
[1070.200s][info][gc             ] GC(2989) Pause Young (Allocation Failure) 699M->423M(722M) 1.795ms
[1070.200s][info][gc,cpu         ] GC(2989) User=0.01s Sys=0.00s Real=0.01s
[1070.689s][info][gc,start       ] GC(2990) Pause Young (Allocation Failure)
[1070.691s][info][gc,heap        ] GC(2990) PSYoungGen: 283712K(305152K)->64K(307200K) Eden: 283648K(283648K)->0K(283648K) From: 64K(21504K)->64K(23552K)
[1070.691s][info][gc,heap        ] GC(2990) ParOldGen: 433992K(434176K)->433992K(434176K)
[1070.691s][info][gc,metaspace   ] GC(2990) Metaspace: 35623K(36416K)->35623K(36416K) NonClass: 26412K(27008K)->26412K(27008K) Class: 9210K(9408K)->9210K(9408K)
[1070.691s][info][gc             ] GC(2990) Pause Young (Allocation Failure) 700M->423M(724M) 1.467ms
[1070.691s][info][gc,cpu         ] GC(2990) User=0.01s Sys=0.00s Real=0.00s
[1070.922s][info][gc,start       ] GC(2991) Pause Young (Allocation Failure)
[1070.923s][info][gc,heap        ] GC(2991) PSYoungGen: 283712K(307200K)->64K(307712K) Eden: 283648K(283648K)->0K(287232K) From: 64K(23552K)->64K(20480K)
[1070.923s][info][gc,heap        ] GC(2991) ParOldGen: 433992K(434176K)->434008K(434176K)
[1070.924s][info][gc,metaspace   ] GC(2991) Metaspace: 35623K(36416K)->35623K(36416K) NonClass: 26412K(27008K)->26412K(27008K) Class: 9210K(9408K)->9210K(9408K)
[1070.924s][info][gc             ] GC(2991) Pause Young (Allocation Failure) 700M->423M(724M) 1.394ms
[1070.924s][info][gc,cpu         ] GC(2991) User=0.00s Sys=0.00s Real=0.00s
[1071.159s][info][gc,start       ] GC(2992) Pause Young (Allocation Failure)
[1071.160s][info][gc,heap        ] GC(2992) PSYoungGen: 287296K(307712K)->64K(309248K) Eden: 287232K(287232K)->0K(287232K) From: 64K(20480K)->64K(22016K)
[1071.160s][info][gc,heap        ] GC(2992) ParOldGen: 434008K(434176K)->434008K(434176K)
[1071.160s][info][gc,metaspace   ] GC(2992) Metaspace: 35623K(36416K)->35623K(36416K) NonClass: 26412K(27008K)->26412K(27008K) Class: 9210K(9408K)->9210K(9408K)
[1071.160s][info][gc             ] GC(2992) Pause Young (Allocation Failure) 704M->423M(726M) 1.229ms
[1071.160s][info][gc,cpu         ] GC(2992) User=0.00s Sys=0.00s Real=0.01s
[1071.520s][info][gc,start       ] GC(2993) Pause Young (Allocation Failure)
[1071.522s][info][gc,heap        ] GC(2993) PSYoungGen: 287296K(309248K)->64K(309248K) Eden: 287232K(287232K)->0K(290816K) From: 64K(22016K)->64K(18432K)
[1071.522s][info][gc,heap        ] GC(2993) ParOldGen: 434008K(434176K)->434008K(434176K)
[1071.522s][info][gc,metaspace   ] GC(2993) Metaspace: 35623K(36416K)->35623K(36416K) NonClass: 26412K(27008K)->26412K(27008K) Class: 9210K(9408K)->9210K(9408K)
[1071.522s][info][gc             ] GC(2993) Pause Young (Allocation Failure) 704M->423M(726M) 1.424ms
[1071.522s][info][gc,cpu         ] GC(2993) User=0.01s Sys=0.00s Real=0.00s
[1071.572s][info][gc,start       ] GC(2994) Pause Young (Allocation Failure)
[1071.573s][info][gc,heap        ] GC(2994) PSYoungGen: 290880K(309248K)->64K(310784K) Eden: 290816K(290816K)->0K(290816K) From: 64K(18432K)->64K(19968K)
[1071.573s][info][gc,heap        ] GC(2994) ParOldGen: 434008K(434176K)->434024K(434176K)
[1071.573s][info][gc,metaspace   ] GC(2994) Metaspace: 35623K(36416K)->35623K(36416K) NonClass: 26412K(27008K)->26412K(27008K) Class: 9210K(9408K)->9210K(9408K)
[1071.573s][info][gc             ] GC(2994) Pause Young (Allocation Failure) 707M->423M(727M) 1.256ms
[1071.573s][info][gc,cpu         ] GC(2994) User=0.00s Sys=0.00s Real=0.00s
[1071.623s][info][gc,start       ] GC(2995) Pause Young (Allocation Failure)
[1071.624s][info][gc,heap        ] GC(2995) PSYoungGen: 290880K(310784K)->64K(311296K) Eden: 290816K(290816K)->0K(294912K) From: 64K(19968K)->64K(16384K)
[1071.624s][info][gc,heap        ] GC(2995) ParOldGen: 434024K(434176K)->434024K(434176K)
[1071.624s][info][gc,metaspace   ] GC(2995) Metaspace: 35623K(36416K)->35623K(36416K) NonClass: 26412K(27008K)->26412K(27008K) Class: 9210K(9408K)->9210K(9408K)
[1071.624s][info][gc             ] GC(2995) Pause Young (Allocation Failure) 707M->423M(728M) 1.191ms
[1071.624s][info][gc,cpu         ] GC(2995) User=0.00s Sys=0.00s Real=0.00s
[1071.879s][info][gc,start       ] GC(2996) Pause Young (Allocation Failure)
[1071.880s][info][gc,heap        ] GC(2996) PSYoungGen: 294976K(311296K)->64K(312832K) Eden: 294912K(294912K)->0K(294912K) From: 64K(16384K)->64K(17920K)
[1071.880s][info][gc,heap        ] GC(2996) ParOldGen: 434024K(434176K)->434024K(434176K)
[1071.880s][info][gc,metaspace   ] GC(2996) Metaspace: 35623K(36416K)->35623K(36416K) NonClass: 26412K(27008K)->26412K(27008K) Class: 9210K(9408K)->9210K(9408K)
[1071.880s][info][gc             ] GC(2996) Pause Young (Allocation Failure) 711M->423M(729M) 1.294ms
[1071.880s][info][gc,cpu         ] GC(2996) User=0.00s Sys=0.00s Real=0.00s
[1072.150s][info][gc,start       ] GC(2997) Pause Young (Allocation Failure)
[1072.151s][info][gc,heap        ] GC(2997) PSYoungGen: 294976K(312832K)->64K(313344K) Eden: 294912K(294912K)->0K(299008K) From: 64K(17920K)->64K(14336K)
[1072.151s][info][gc,heap        ] GC(2997) ParOldGen: 434024K(434176K)->434032K(434176K)
[1072.151s][info][gc,metaspace   ] GC(2997) Metaspace: 35623K(36416K)->35623K(36416K) NonClass: 26412K(27008K)->26412K(27008K) Class: 9210K(9408K)->9210K(9408K)
[1072.151s][info][gc             ] GC(2997) Pause Young (Allocation Failure) 711M->423M(730M) 1.345ms
[1072.151s][info][gc,cpu         ] GC(2997) User=0.00s Sys=0.00s Real=0.00s
[1072.269s][info][gc,start       ] GC(2998) Pause Young (Allocation Failure)
[1072.270s][info][gc,heap        ] GC(2998) PSYoungGen: 299072K(313344K)->64K(314880K) Eden: 299008K(299008K)->0K(299008K) From: 64K(14336K)->64K(15872K)
[1072.270s][info][gc,heap        ] GC(2998) ParOldGen: 434032K(434176K)->434040K(434176K)
[1072.270s][info][gc,metaspace   ] GC(2998) Metaspace: 35623K(36416K)->35623K(36416K) NonClass: 26412K(27008K)->26412K(27008K) Class: 9210K(9408K)->9210K(9408K)
[1072.270s][info][gc             ] GC(2998) Pause Young (Allocation Failure) 715M->423M(731M) 1.325ms
[1072.270s][info][gc,cpu         ] GC(2998) User=0.00s Sys=0.00s Real=0.00s
[1072.394s][info][gc,start       ] GC(2999) Pause Young (Allocation Failure)
[1072.395s][info][gc,heap        ] GC(2999) PSYoungGen: 299072K(314880K)->64K(315392K) Eden: 299008K(299008K)->0K(303104K) From: 64K(15872K)->64K(12288K)
[1072.395s][info][gc,heap        ] GC(2999) ParOldGen: 434040K(434176K)->434048K(434176K)
[1072.395s][info][gc,metaspace   ] GC(2999) Metaspace: 35623K(36416K)->35623K(36416K) NonClass: 26412K(27008K)->26412K(27008K) Class: 9210K(9408K)->9210K(9408K)
[1072.395s][info][gc             ] GC(2999) Pause Young (Allocation Failure) 715M->423M(732M) 1.249ms
[1072.395s][info][gc,cpu         ] GC(2999) User=0.00s Sys=0.00s Real=0.00s
[1072.777s][info][gc,start       ] GC(3000) Pause Young (Allocation Failure)
[1072.779s][info][gc,heap        ] GC(3000) PSYoungGen: 303168K(315392K)->64K(316928K) Eden: 303104K(303104K)->0K(303104K) From: 64K(12288K)->64K(13824K)
[1072.779s][info][gc,heap        ] GC(3000) ParOldGen: 434048K(434176K)->434056K(434176K)
[1072.779s][info][gc,metaspace   ] GC(3000) Metaspace: 35623K(36416K)->35623K(36416K) NonClass: 26412K(27008K)->26412K(27008K) Class: 9210K(9408K)->9210K(9408K)
[1072.779s][info][gc             ] GC(3000) Pause Young (Allocation Failure) 719M->423M(733M) 1.561ms
[1072.779s][info][gc,cpu         ] GC(3000) User=0.01s Sys=0.00s Real=0.01s
[1073.428s][info][gc,start       ] GC(3001) Pause Young (Allocation Failure)
[1073.430s][info][gc,heap        ] GC(3001) PSYoungGen: 303168K(316928K)->64K(291840K) Eden: 303104K(303104K)->0K(291328K) From: 64K(13824K)->64K(512K)
[1073.430s][info][gc,heap        ] GC(3001) ParOldGen: 434056K(434176K)->434064K(434176K)
[1073.430s][info][gc,metaspace   ] GC(3001) Metaspace: 35623K(36416K)->35623K(36416K) NonClass: 26412K(27008K)->26412K(27008K) Class: 9210K(9408K)->9210K(9408K)
[1073.430s][info][gc             ] GC(3001) Pause Young (Allocation Failure) 719M->423M(709M) 2.109ms
[1073.430s][info][gc,cpu         ] GC(3001) User=0.00s Sys=0.00s Real=0.01s
[1074.354s][info][gc,start       ] GC(3002) Pause Young (Allocation Failure)
[1074.355s][info][gc,heap        ] GC(3002) PSYoungGen: 291392K(291840K)->64K(292352K) Eden: 291328K(291328K)->0K(280064K) From: 64K(512K)->64K(12288K)
[1074.355s][info][gc,heap        ] GC(3002) ParOldGen: 434064K(434176K)->434072K(434176K)
[1074.355s][info][gc,metaspace   ] GC(3002) Metaspace: 35623K(36416K)->35623K(36416K) NonClass: 26412K(27008K)->26412K(27008K) Class: 9210K(9408K)->9210K(9408K)
[1074.355s][info][gc             ] GC(3002) Pause Young (Allocation Failure) 708M->423M(709M) 1.482ms
[1074.355s][info][gc,cpu         ] GC(3002) User=0.01s Sys=0.00s Real=0.00s
[1074.797s][info][gc,start       ] GC(3003) Pause Young (Allocation Failure)
[1074.799s][info][gc,heap        ] GC(3003) PSYoungGen: 280128K(292352K)->64K(269824K) Eden: 280064K(280064K)->0K(269312K) From: 64K(12288K)->64K(512K)
[1074.799s][info][gc,heap        ] GC(3003) ParOldGen: 434072K(434176K)->434080K(434176K)
[1074.799s][info][gc,metaspace   ] GC(3003) Metaspace: 35623K(36416K)->35623K(36416K) NonClass: 26412K(27008K)->26412K(27008K) Class: 9210K(9408K)->9210K(9408K)
[1074.799s][info][gc             ] GC(3003) Pause Young (Allocation Failure) 697M->423M(687M) 1.869ms
[1074.799s][info][gc,cpu         ] GC(3003) User=0.00s Sys=0.00s Real=0.01s
[1075.799s][info][gc,start       ] GC(3004) Pause Young (Allocation Failure)
[1075.801s][info][gc,heap        ] GC(3004) PSYoungGen: 269376K(269824K)->64K(269824K) Eden: 269312K(269312K)->0K(259072K) From: 64K(512K)->64K(10752K)
[1075.801s][info][gc,heap        ] GC(3004) ParOldGen: 434080K(434176K)->434088K(434176K)
[1075.801s][info][gc,metaspace   ] GC(3004) Metaspace: 35623K(36416K)->35623K(36416K) NonClass: 26412K(27008K)->26412K(27008K) Class: 9210K(9408K)->9210K(9408K)
[1075.801s][info][gc             ] GC(3004) Pause Young (Allocation Failure) 686M->423M(687M) 1.470ms
[1075.801s][info][gc,cpu         ] GC(3004) User=0.00s Sys=0.00s Real=0.00s
[1076.146s][info][gc,start       ] GC(3005) Pause Young (Allocation Failure)
[1076.148s][info][gc,heap        ] GC(3005) PSYoungGen: 259136K(269824K)->64K(249856K) Eden: 259072K(259072K)->0K(249344K) From: 64K(10752K)->64K(512K)
[1076.148s][info][gc,heap        ] GC(3005) ParOldGen: 434088K(434176K)->434096K(434176K)
[1076.148s][info][gc,metaspace   ] GC(3005) Metaspace: 35623K(36416K)->35623K(36416K) NonClass: 26412K(27008K)->26412K(27008K) Class: 9210K(9408K)->9210K(9408K)
[1076.148s][info][gc             ] GC(3005) Pause Young (Allocation Failure) 676M->423M(668M) 1.684ms
[1076.148s][info][gc,cpu         ] GC(3005) User=0.00s Sys=0.00s Real=0.00s
[1076.282s][info][gc,start       ] GC(3006) Pause Young (Allocation Failure)
[1076.284s][info][gc,heap        ] GC(3006) PSYoungGen: 249408K(249856K)->64K(249344K) Eden: 249344K(249344K)->0K(240128K) From: 64K(512K)->64K(9216K)
[1076.284s][info][gc,heap        ] GC(3006) ParOldGen: 434096K(434176K)->434112K(434176K)
[1076.284s][info][gc,metaspace   ] GC(3006) Metaspace: 35623K(36416K)->35623K(36416K) NonClass: 26412K(27008K)->26412K(27008K) Class: 9210K(9408K)->9210K(9408K)
[1076.284s][info][gc             ] GC(3006) Pause Young (Allocation Failure) 667M->424M(667M) 2.218ms
[1076.284s][info][gc,cpu         ] GC(3006) User=0.00s Sys=0.00s Real=0.00s
[1076.596s][info][gc,start       ] GC(3007) Pause Young (Allocation Failure)
[1076.599s][info][gc,heap        ] GC(3007) PSYoungGen: 240192K(249344K)->64K(231936K) Eden: 240128K(240128K)->0K(231424K) From: 64K(9216K)->64K(512K)
[1076.599s][info][gc,heap        ] GC(3007) ParOldGen: 434112K(434176K)->434128K(434176K)
[1076.599s][info][gc,metaspace   ] GC(3007) Metaspace: 35623K(36416K)->35623K(36416K) NonClass: 26412K(27008K)->26412K(27008K) Class: 9210K(9408K)->9210K(9408K)
[1076.599s][info][gc             ] GC(3007) Pause Young (Allocation Failure) 658M->424M(650M) 3.003ms
[1076.599s][info][gc,cpu         ] GC(3007) User=0.00s Sys=0.00s Real=0.01s
[1076.975s][info][gc,start       ] GC(3008) Pause Young (Allocation Failure)
[1076.977s][info][gc,heap        ] GC(3008) PSYoungGen: 231488K(231936K)->64K(230912K) Eden: 231424K(231424K)->0K(222720K) From: 64K(512K)->64K(8192K)
[1076.977s][info][gc,heap        ] GC(3008) ParOldGen: 434128K(434176K)->434144K(434176K)
[1076.977s][info][gc,metaspace   ] GC(3008) Metaspace: 35623K(36416K)->35623K(36416K) NonClass: 26412K(27008K)->26412K(27008K) Class: 9210K(9408K)->9210K(9408K)
[1076.977s][info][gc             ] GC(3008) Pause Young (Allocation Failure) 650M->424M(649M) 2.447ms
[1076.977s][info][gc,cpu         ] GC(3008) User=0.00s Sys=0.00s Real=0.00s
[1077.301s][info][gc,start       ] GC(3009) Pause Young (Allocation Failure)
[1077.306s][info][gc,heap        ] GC(3009) PSYoungGen: 222784K(230912K)->736K(215552K) Eden: 222720K(222720K)->0K(214528K) From: 64K(8192K)->736K(1024K)
[1077.306s][info][gc,heap        ] GC(3009) ParOldGen: 434144K(434176K)->434160K(434176K)
[1077.306s][info][gc,metaspace   ] GC(3009) Metaspace: 35623K(36416K)->35623K(36416K) NonClass: 26412K(27008K)->26412K(27008K) Class: 9210K(9408K)->9210K(9408K)
[1077.306s][info][gc             ] GC(3009) Pause Young (Allocation Failure) 641M->424M(634M) 4.799ms
[1077.306s][info][gc,cpu         ] GC(3009) User=0.00s Sys=0.00s Real=0.00s
[1077.586s][info][gc,start       ] GC(3010) Pause Young (Allocation Failure)
[1077.633s][info][gc,heap        ] GC(3010) PSYoungGen: 215264K(215552K)->6656K(263168K) Eden: 214528K(214528K)->0K(256512K) From: 736K(1024K)->6656K(6656K)
[1077.633s][info][gc,heap        ] GC(3010) ParOldGen: 434160K(434176K)->451960K(452096K)
[1077.633s][info][gc,metaspace   ] GC(3010) Metaspace: 35623K(36416K)->35623K(36416K) NonClass: 26412K(27008K)->26412K(27008K) Class: 9210K(9408K)->9210K(9408K)
[1077.633s][info][gc             ] GC(3010) Pause Young (Allocation Failure) 634M->447M(698M) 46.754ms
[1077.633s][info][gc,cpu         ] GC(3010) User=0.08s Sys=0.01s Real=0.05s
[1077.967s][info][gc,start       ] GC(3011) Pause Young (Allocation Failure)
[1078.030s][info][gc,heap        ] GC(3011) PSYoungGen: 263168K(263168K)->6656K(262656K) Eden: 256512K(256512K)->0K(256000K) From: 6656K(6656K)->6656K(6656K)
[1078.030s][info][gc,heap        ] GC(3011) ParOldGen: 451960K(452096K)->475024K(475136K)
[1078.030s][info][gc,metaspace   ] GC(3011) Metaspace: 35623K(36416K)->35623K(36416K) NonClass: 26412K(27008K)->26412K(27008K) Class: 9210K(9408K)->9210K(9408K)
[1078.030s][info][gc             ] GC(3011) Pause Young (Allocation Failure) 698M->470M(720M) 63.204ms
[1078.030s][info][gc,cpu         ] GC(3011) User=0.11s Sys=0.02s Real=0.07s
[1078.172s][info][gc,start       ] GC(3012) Pause Young (Allocation Failure)
[1078.191s][info][gc,heap        ] GC(3012) PSYoungGen: 262656K(262656K)->8288K(279552K) Eden: 256000K(256000K)->0K(256000K) From: 6656K(6656K)->8288K(23552K)
[1078.191s][info][gc,heap        ] GC(3012) ParOldGen: 475024K(475136K)->475648K(476160K)
[1078.191s][info][gc,metaspace   ] GC(3012) Metaspace: 35623K(36416K)->35623K(36416K) NonClass: 26412K(27008K)->26412K(27008K) Class: 9210K(9408K)->9210K(9408K)
[1078.191s][info][gc             ] GC(3012) Pause Young (Allocation Failure) 720M->472M(738M) 19.226ms
[1078.191s][info][gc,cpu         ] GC(3012) User=0.04s Sys=0.00s Real=0.02s
[1078.567s][info][gc,start       ] GC(3013) Pause Young (Allocation Failure)
[1078.568s][info][gc,heap        ] GC(3013) PSYoungGen: 264288K(279552K)->64K(307712K) Eden: 256000K(256000K)->0K(287232K) From: 8288K(23552K)->64K(20480K)
[1078.568s][info][gc,heap        ] GC(3013) ParOldGen: 475648K(476160K)->475656K(476160K)
[1078.568s][info][gc,metaspace   ] GC(3013) Metaspace: 35623K(36416K)->35623K(36416K) NonClass: 26412K(27008K)->26412K(27008K) Class: 9210K(9408K)->9210K(9408K)
[1078.568s][info][gc             ] GC(3013) Pause Young (Allocation Failure) 722M->464M(765M) 1.646ms
[1078.568s][info][gc,cpu         ] GC(3013) User=0.00s Sys=0.00s Real=0.00s
[1079.149s][info][gc,start       ] GC(3014) Pause Young (Allocation Failure)
[1079.150s][info][gc,heap        ] GC(3014) PSYoungGen: 287296K(307712K)->64K(309248K) Eden: 287232K(287232K)->0K(287232K) From: 64K(20480K)->64K(22016K)
[1079.150s][info][gc,heap        ] GC(3014) ParOldGen: 475656K(476160K)->475664K(476160K)
[1079.150s][info][gc,metaspace   ] GC(3014) Metaspace: 35623K(36416K)->35623K(36416K) NonClass: 26412K(27008K)->26412K(27008K) Class: 9210K(9408K)->9210K(9408K)
[1079.151s][info][gc             ] GC(3014) Pause Young (Allocation Failure) 745M->464M(767M) 1.594ms
[1079.151s][info][gc,cpu         ] GC(3014) User=0.00s Sys=0.00s Real=0.00s
[1079.585s][info][gc,start       ] GC(3015) Pause Young (Allocation Failure)
[1079.587s][info][gc,heap        ] GC(3015) PSYoungGen: 287296K(309248K)->64K(309248K) Eden: 287232K(287232K)->0K(290304K) From: 64K(22016K)->64K(18944K)
[1079.587s][info][gc,heap        ] GC(3015) ParOldGen: 475664K(476160K)->475680K(476160K)
[1079.587s][info][gc,metaspace   ] GC(3015) Metaspace: 35623K(36416K)->35623K(36416K) NonClass: 26412K(27008K)->26412K(27008K) Class: 9210K(9408K)->9210K(9408K)
[1079.587s][info][gc             ] GC(3015) Pause Young (Allocation Failure) 745M->464M(767M) 1.516ms
[1079.587s][info][gc,cpu         ] GC(3015) User=0.01s Sys=0.00s Real=0.00s
[1079.827s][info][gc,start       ] GC(3016) Pause Young (Allocation Failure)
[1079.828s][info][gc,heap        ] GC(3016) PSYoungGen: 290368K(309248K)->64K(310784K) Eden: 290304K(290304K)->0K(290304K) From: 64K(18944K)->64K(20480K)
[1079.828s][info][gc,heap        ] GC(3016) ParOldGen: 475680K(476160K)->475696K(476160K)
[1079.828s][info][gc,metaspace   ] GC(3016) Metaspace: 35623K(36416K)->35623K(36416K) NonClass: 26412K(27008K)->26412K(27008K) Class: 9210K(9408K)->9210K(9408K)
[1079.829s][info][gc             ] GC(3016) Pause Young (Allocation Failure) 748M->464M(768M) 1.582ms
[1079.829s][info][gc,cpu         ] GC(3016) User=0.00s Sys=0.00s Real=0.00s
[1080.066s][info][gc,start       ] GC(3017) Pause Young (Allocation Failure)
[1080.068s][info][gc,heap        ] GC(3017) PSYoungGen: 290368K(310784K)->64K(310784K) Eden: 290304K(290304K)->0K(293376K) From: 64K(20480K)->64K(17408K)
[1080.068s][info][gc,heap        ] GC(3017) ParOldGen: 475696K(476160K)->475696K(476160K)
[1080.068s][info][gc,metaspace   ] GC(3017) Metaspace: 35623K(36416K)->35623K(36416K) NonClass: 26412K(27008K)->26412K(27008K) Class: 9210K(9408K)->9210K(9408K)
[1080.068s][info][gc             ] GC(3017) Pause Young (Allocation Failure) 748M->464M(768M) 1.518ms
[1080.068s][info][gc,cpu         ] GC(3017) User=0.00s Sys=0.00s Real=0.00s
[1080.354s][info][gc,start       ] GC(3018) Pause Young (Allocation Failure)
[1080.355s][info][gc,heap        ] GC(3018) PSYoungGen: 293440K(310784K)->64K(312320K) Eden: 293376K(293376K)->0K(293376K) From: 64K(17408K)->64K(18944K)
[1080.355s][info][gc,heap        ] GC(3018) ParOldGen: 475696K(476160K)->475696K(476160K)
[1080.355s][info][gc,metaspace   ] GC(3018) Metaspace: 35623K(36416K)->35623K(36416K) NonClass: 26412K(27008K)->26412K(27008K) Class: 9210K(9408K)->9210K(9408K)
[1080.355s][info][gc             ] GC(3018) Pause Young (Allocation Failure) 751M->464M(770M) 1.499ms
[1080.355s][info][gc,cpu         ] GC(3018) User=0.00s Sys=0.00s Real=0.00s
[1080.406s][info][gc,start       ] GC(3019) Pause Young (Allocation Failure)
[1080.408s][info][gc,heap        ] GC(3019) PSYoungGen: 293440K(312320K)->64K(312320K) Eden: 293376K(293376K)->0K(296960K) From: 64K(18944K)->64K(15360K)
[1080.408s][info][gc,heap        ] GC(3019) ParOldGen: 475696K(476160K)->475712K(476160K)
[1080.408s][info][gc,metaspace   ] GC(3019) Metaspace: 35623K(36416K)->35623K(36416K) NonClass: 26412K(27008K)->26412K(27008K) Class: 9210K(9408K)->9210K(9408K)
[1080.408s][info][gc             ] GC(3019) Pause Young (Allocation Failure) 751M->464M(770M) 1.418ms
[1080.408s][info][gc,cpu         ] GC(3019) User=0.00s Sys=0.00s Real=0.00s
[1080.525s][info][gc,start       ] GC(3020) Pause Young (Allocation Failure)
[1080.526s][info][gc,heap        ] GC(3020) PSYoungGen: 297024K(312320K)->64K(313856K) Eden: 296960K(296960K)->0K(296960K) From: 64K(15360K)->64K(16896K)
[1080.526s][info][gc,heap        ] GC(3020) ParOldGen: 475712K(476160K)->475712K(476160K)
[1080.526s][info][gc,metaspace   ] GC(3020) Metaspace: 35623K(36416K)->35623K(36416K) NonClass: 26412K(27008K)->26412K(27008K) Class: 9210K(9408K)->9210K(9408K)
[1080.526s][info][gc             ] GC(3020) Pause Young (Allocation Failure) 754M->464M(771M) 1.442ms
[1080.526s][info][gc,cpu         ] GC(3020) User=0.00s Sys=0.00s Real=0.00s
[1080.842s][info][gc,start       ] GC(3021) Pause Young (Allocation Failure)
[1080.844s][info][gc,heap        ] GC(3021) PSYoungGen: 297024K(313856K)->64K(314368K) Eden: 296960K(296960K)->0K(300544K) From: 64K(16896K)->64K(13824K)
[1080.844s][info][gc,heap        ] GC(3021) ParOldGen: 475712K(476160K)->475728K(476160K)
[1080.844s][info][gc,metaspace   ] GC(3021) Metaspace: 35623K(36416K)->35623K(36416K) NonClass: 26412K(27008K)->26412K(27008K) Class: 9210K(9408K)->9210K(9408K)
[1080.844s][info][gc             ] GC(3021) Pause Young (Allocation Failure) 754M->464M(772M) 1.404ms
[1080.844s][info][gc,cpu         ] GC(3021) User=0.01s Sys=0.00s Real=0.00s
[1081.041s][info][gc,start       ] GC(3022) Pause Young (Allocation Failure)
[1081.042s][info][gc,heap        ] GC(3022) PSYoungGen: 300608K(314368K)->64K(315904K) Eden: 300544K(300544K)->0K(300544K) From: 64K(13824K)->64K(15360K)
[1081.042s][info][gc,heap        ] GC(3022) ParOldGen: 475728K(476160K)->475728K(476160K)
[1081.042s][info][gc,metaspace   ] GC(3022) Metaspace: 35623K(36416K)->35623K(36416K) NonClass: 26412K(27008K)->26412K(27008K) Class: 9210K(9408K)->9210K(9408K)
[1081.042s][info][gc             ] GC(3022) Pause Young (Allocation Failure) 758M->464M(773M) 1.510ms
[1081.042s][info][gc,cpu         ] GC(3022) User=0.00s Sys=0.00s Real=0.00s
[1081.125s][info][gc,start       ] GC(3023) Pause Young (Allocation Failure)
[1081.127s][info][gc,heap        ] GC(3023) PSYoungGen: 300608K(315904K)->64K(316928K) Eden: 300544K(300544K)->0K(304128K) From: 64K(15360K)->64K(12800K)
[1081.127s][info][gc,heap        ] GC(3023) ParOldGen: 475728K(476160K)->475744K(476160K)
[1081.127s][info][gc,metaspace   ] GC(3023) Metaspace: 35623K(36416K)->35623K(36416K) NonClass: 26412K(27008K)->26412K(27008K) Class: 9210K(9408K)->9210K(9408K)
[1081.127s][info][gc             ] GC(3023) Pause Young (Allocation Failure) 758M->464M(774M) 1.464ms
[1081.127s][info][gc,cpu         ] GC(3023) User=0.00s Sys=0.00s Real=0.00s
[1081.307s][info][gc,start       ] GC(3024) Pause Young (Allocation Failure)
[1081.309s][info][gc,heap        ] GC(3024) PSYoungGen: 304192K(316928K)->64K(317952K) Eden: 304128K(304128K)->0K(304128K) From: 64K(12800K)->64K(13824K)
[1081.309s][info][gc,heap        ] GC(3024) ParOldGen: 475744K(476160K)->475744K(476160K)
[1081.309s][info][gc,metaspace   ] GC(3024) Metaspace: 35623K(36416K)->35623K(36416K) NonClass: 26412K(27008K)->26412K(27008K) Class: 9210K(9408K)->9210K(9408K)
[1081.309s][info][gc             ] GC(3024) Pause Young (Allocation Failure) 761M->464M(775M) 1.563ms
[1081.309s][info][gc,cpu         ] GC(3024) User=0.00s Sys=0.00s Real=0.01s
[1082.222s][info][gc,start       ] GC(3025) Pause Young (Allocation Failure)
[1082.223s][info][gc,heap        ] GC(3025) PSYoungGen: 304192K(317952K)->64K(317952K) Eden: 304128K(304128K)->0K(307200K) From: 64K(13824K)->64K(10752K)
[1082.223s][info][gc,heap        ] GC(3025) ParOldGen: 475744K(476160K)->475752K(476160K)
[1082.223s][info][gc,metaspace   ] GC(3025) Metaspace: 35623K(36416K)->35623K(36416K) NonClass: 26412K(27008K)->26412K(27008K) Class: 9210K(9408K)->9210K(9408K)
[1082.223s][info][gc             ] GC(3025) Pause Young (Allocation Failure) 761M->464M(775M) 1.439ms
[1082.223s][info][gc,cpu         ] GC(3025) User=0.00s Sys=0.00s Real=0.00s
[1083.056s][info][gc,start       ] GC(3026) Pause Young (Allocation Failure)
[1083.058s][info][gc,heap        ] GC(3026) PSYoungGen: 307264K(317952K)->64K(295424K) Eden: 307200K(307200K)->0K(294912K) From: 64K(10752K)->64K(512K)
[1083.058s][info][gc,heap        ] GC(3026) ParOldGen: 475752K(476160K)->475760K(476160K)
[1083.058s][info][gc,metaspace   ] GC(3026) Metaspace: 35623K(36416K)->35623K(36416K) NonClass: 26412K(27008K)->26412K(27008K) Class: 9210K(9408K)->9210K(9408K)
[1083.058s][info][gc             ] GC(3026) Pause Young (Allocation Failure) 764M->464M(753M) 1.589ms
[1083.058s][info][gc,cpu         ] GC(3026) User=0.01s Sys=0.00s Real=0.00s
[1083.450s][info][gc,start       ] GC(3027) Pause Young (Allocation Failure)
[1083.451s][info][gc,heap        ] GC(3027) PSYoungGen: 294976K(295424K)->64K(283648K) Eden: 294912K(294912K)->0K(283136K) From: 64K(512K)->64K(512K)
[1083.451s][info][gc,heap        ] GC(3027) ParOldGen: 475760K(476160K)->475768K(476160K)
[1083.451s][info][gc,metaspace   ] GC(3027) Metaspace: 35623K(36416K)->35623K(36416K) NonClass: 26412K(27008K)->26412K(27008K) Class: 9210K(9408K)->9210K(9408K)
[1083.451s][info][gc             ] GC(3027) Pause Young (Allocation Failure) 752M->464M(742M) 1.535ms
[1083.451s][info][gc,cpu         ] GC(3027) User=0.00s Sys=0.00s Real=0.00s
[1084.498s][info][gc,start       ] GC(3028) Pause Young (Allocation Failure)
[1084.499s][info][gc,heap        ] GC(3028) PSYoungGen: 283200K(283648K)->64K(282624K) Eden: 283136K(283136K)->0K(272384K) From: 64K(512K)->64K(10240K)
[1084.499s][info][gc,heap        ] GC(3028) ParOldGen: 475768K(476160K)->475776K(476160K)
[1084.499s][info][gc,metaspace   ] GC(3028) Metaspace: 35623K(36416K)->35623K(36416K) NonClass: 26412K(27008K)->26412K(27008K) Class: 9210K(9408K)->9210K(9408K)
[1084.499s][info][gc             ] GC(3028) Pause Young (Allocation Failure) 741M->464M(741M) 1.465ms
[1084.499s][info][gc,cpu         ] GC(3028) User=0.00s Sys=0.00s Real=0.01s
[1084.893s][info][gc,start       ] GC(3029) Pause Young (Allocation Failure)
[1084.895s][info][gc,heap        ] GC(3029) PSYoungGen: 272448K(282624K)->64K(262656K) Eden: 272384K(272384K)->0K(262144K) From: 64K(10240K)->64K(512K)
[1084.895s][info][gc,heap        ] GC(3029) ParOldGen: 475776K(476160K)->475784K(476160K)
[1084.895s][info][gc,metaspace   ] GC(3029) Metaspace: 35623K(36416K)->35623K(36416K) NonClass: 26412K(27008K)->26412K(27008K) Class: 9210K(9408K)->9210K(9408K)
[1084.895s][info][gc             ] GC(3029) Pause Young (Allocation Failure) 730M->464M(721M) 1.781ms
[1084.895s][info][gc,cpu         ] GC(3029) User=0.00s Sys=0.00s Real=0.00s
[1085.074s][info][gc,start       ] GC(3030) Pause Young (Allocation Failure)
[1085.076s][info][gc,heap        ] GC(3030) PSYoungGen: 262208K(262656K)->64K(261632K) Eden: 262144K(262144K)->0K(252416K) From: 64K(512K)->64K(9216K)
[1085.076s][info][gc,heap        ] GC(3030) ParOldGen: 475784K(476160K)->475792K(476160K)
[1085.076s][info][gc,metaspace   ] GC(3030) Metaspace: 35623K(36416K)->35623K(36416K) NonClass: 26412K(27008K)->26412K(27008K) Class: 9210K(9408K)->9210K(9408K)
[1085.076s][info][gc             ] GC(3030) Pause Young (Allocation Failure) 720M->464M(720M) 1.510ms
[1085.076s][info][gc,cpu         ] GC(3030) User=0.00s Sys=0.00s Real=0.00s
[1085.227s][info][gc,start       ] GC(3031) Pause Young (Allocation Failure)
[1085.229s][info][gc,heap        ] GC(3031) PSYoungGen: 252480K(261632K)->64K(243200K) Eden: 252416K(252416K)->0K(242688K) From: 64K(9216K)->64K(512K)
[1085.229s][info][gc,heap        ] GC(3031) ParOldGen: 475792K(476160K)->475800K(476160K)
[1085.229s][info][gc,metaspace   ] GC(3031) Metaspace: 35623K(36416K)->35623K(36416K) NonClass: 26412K(27008K)->26412K(27008K) Class: 9210K(9408K)->9210K(9408K)
[1085.229s][info][gc             ] GC(3031) Pause Young (Allocation Failure) 711M->464M(702M) 1.866ms
[1085.229s][info][gc,cpu         ] GC(3031) User=0.00s Sys=0.00s Real=0.01s
[1085.771s][info][gc,start       ] GC(3032) Pause Young (Allocation Failure)
[1085.772s][info][gc,heap        ] GC(3032) PSYoungGen: 242752K(243200K)->64K(241664K) Eden: 242688K(242688K)->0K(233472K) From: 64K(512K)->64K(8192K)
[1085.772s][info][gc,heap        ] GC(3032) ParOldGen: 475800K(476160K)->475808K(476160K)
[1085.773s][info][gc,metaspace   ] GC(3032) Metaspace: 35623K(36416K)->35623K(36416K) NonClass: 26412K(27008K)->26412K(27008K) Class: 9210K(9408K)->9210K(9408K)
[1085.773s][info][gc             ] GC(3032) Pause Young (Allocation Failure) 701M->464M(701M) 1.468ms
[1085.773s][info][gc,cpu         ] GC(3032) User=0.00s Sys=0.00s Real=0.00s
[1086.019s][info][gc,start       ] GC(3033) Pause Young (Allocation Failure)
[1086.021s][info][gc,heap        ] GC(3033) PSYoungGen: 233536K(241664K)->64K(225280K) Eden: 233472K(233472K)->0K(224768K) From: 64K(8192K)->64K(512K)
[1086.021s][info][gc,heap        ] GC(3033) ParOldGen: 475808K(476160K)->475816K(476160K)
[1086.021s][info][gc,metaspace   ] GC(3033) Metaspace: 35623K(36416K)->35623K(36416K) NonClass: 26412K(27008K)->26412K(27008K) Class: 9210K(9408K)->9210K(9408K)
[1086.021s][info][gc             ] GC(3033) Pause Young (Allocation Failure) 692M->464M(685M) 1.769ms
[1086.021s][info][gc,cpu         ] GC(3033) User=0.00s Sys=0.00s Real=0.00s
[1086.351s][info][gc,start       ] GC(3034) Pause Young (Allocation Failure)
[1086.396s][info][gc,heap        ] GC(3034) PSYoungGen: 224832K(225280K)->6656K(275456K) Eden: 224768K(224768K)->0K(268800K) From: 64K(512K)->6656K(6656K)
[1086.396s][info][gc,heap        ] GC(3034) ParOldGen: 475816K(476160K)->490200K(490496K)
[1086.396s][info][gc,metaspace   ] GC(3034) Metaspace: 35623K(36416K)->35623K(36416K) NonClass: 26412K(27008K)->26412K(27008K) Class: 9210K(9408K)->9210K(9408K)
[1086.396s][info][gc             ] GC(3034) Pause Young (Allocation Failure) 684M->485M(748M) 44.645ms
[1086.396s][info][gc,cpu         ] GC(3034) User=0.07s Sys=0.01s Real=0.04s
[1086.747s][info][gc,start       ] GC(3035) Pause Young (Allocation Failure)
[1086.813s][info][gc,heap        ] GC(3035) PSYoungGen: 275456K(275456K)->13824K(273408K) Eden: 268800K(268800K)->0K(259584K) From: 6656K(6656K)->13824K(13824K)
[1086.813s][info][gc,heap        ] GC(3035) ParOldGen: 490200K(490496K)->507392K(507904K)
[1086.813s][info][gc,metaspace   ] GC(3035) Metaspace: 35623K(36416K)->35623K(36416K) NonClass: 26412K(27008K)->26412K(27008K) Class: 9210K(9408K)->9210K(9408K)
[1086.813s][info][gc             ] GC(3035) Pause Young (Allocation Failure) 747M->509M(763M) 66.043ms
[1086.813s][info][gc,cpu         ] GC(3035) User=0.11s Sys=0.01s Real=0.07s
[1086.979s][info][gc,start       ] GC(3036) Pause Young (Allocation Failure)
[1087.000s][info][gc,heap        ] GC(3036) PSYoungGen: 273408K(273408K)->11008K(282624K) Eden: 259584K(259584K)->0K(259584K) From: 13824K(13824K)->11008K(23040K)
[1087.000s][info][gc,heap        ] GC(3036) ParOldGen: 507392K(507904K)->507856K(507904K)
[1087.000s][info][gc,metaspace   ] GC(3036) Metaspace: 35623K(36416K)->35623K(36416K) NonClass: 26412K(27008K)->26412K(27008K) Class: 9210K(9408K)->9210K(9408K)
[1087.000s][info][gc             ] GC(3036) Pause Young (Allocation Failure) 762M->506M(772M) 21.440ms
[1087.000s][info][gc,cpu         ] GC(3036) User=0.04s Sys=0.00s Real=0.03s
[1087.342s][info][gc,start       ] GC(3037) Pause Young (Allocation Failure)
[1087.344s][info][gc,heap        ] GC(3037) PSYoungGen: 270592K(282624K)->64K(310272K) Eden: 259584K(259584K)->0K(287232K) From: 11008K(23040K)->64K(23040K)
[1087.344s][info][gc,heap        ] GC(3037) ParOldGen: 507856K(507904K)->507864K(507904K)
[1087.344s][info][gc,metaspace   ] GC(3037) Metaspace: 35623K(36416K)->35623K(36416K) NonClass: 26412K(27008K)->26412K(27008K) Class: 9210K(9408K)->9210K(9408K)
[1087.344s][info][gc             ] GC(3037) Pause Young (Allocation Failure) 760M->496M(799M) 1.725ms
[1087.344s][info][gc,cpu         ] GC(3037) User=0.00s Sys=0.01s Real=0.00s
[1087.946s][info][gc,start       ] GC(3038) Pause Young (Allocation Failure)
[1087.947s][info][gc,heap        ] GC(3038) PSYoungGen: 287296K(310272K)->64K(287744K) Eden: 287232K(287232K)->0K(287232K) From: 64K(23040K)->64K(512K)
[1087.947s][info][gc,heap        ] GC(3038) ParOldGen: 507864K(507904K)->507872K(507904K)
[1087.948s][info][gc,metaspace   ] GC(3038) Metaspace: 35623K(36416K)->35623K(36416K) NonClass: 26412K(27008K)->26412K(27008K) Class: 9210K(9408K)->9210K(9408K)
[1087.948s][info][gc             ] GC(3038) Pause Young (Allocation Failure) 776M->496M(777M) 1.556ms
[1087.948s][info][gc,cpu         ] GC(3038) User=0.01s Sys=0.00s Real=0.00s
[1088.390s][info][gc,start       ] GC(3039) Pause Young (Allocation Failure)
[1088.392s][info][gc,heap        ] GC(3039) PSYoungGen: 287296K(287744K)->64K(310784K) Eden: 287232K(287232K)->0K(288768K) From: 64K(512K)->64K(22016K)
[1088.392s][info][gc,heap        ] GC(3039) ParOldGen: 507872K(507904K)->507888K(507904K)
[1088.392s][info][gc,metaspace   ] GC(3039) Metaspace: 35623K(36416K)->35623K(36416K) NonClass: 26412K(27008K)->26412K(27008K) Class: 9210K(9408K)->9210K(9408K)
[1088.392s][info][gc             ] GC(3039) Pause Young (Allocation Failure) 776M->496M(799M) 1.644ms
[1088.392s][info][gc,cpu         ] GC(3039) User=0.00s Sys=0.00s Real=0.00s
[1088.629s][info][gc,start       ] GC(3040) Pause Young (Allocation Failure)
[1088.631s][info][gc,heap        ] GC(3040) PSYoungGen: 288832K(310784K)->64K(309760K) Eden: 288768K(288768K)->0K(288768K) From: 64K(22016K)->64K(20992K)
[1088.631s][info][gc,heap        ] GC(3040) ParOldGen: 507888K(507904K)->507904K(508416K)
[1088.631s][info][gc,metaspace   ] GC(3040) Metaspace: 35623K(36416K)->35623K(36416K) NonClass: 26412K(27008K)->26412K(27008K) Class: 9210K(9408K)->9210K(9408K)
[1088.631s][info][gc             ] GC(3040) Pause Young (Allocation Failure) 778M->496M(799M) 1.488ms
[1088.631s][info][gc,cpu         ] GC(3040) User=0.00s Sys=0.00s Real=0.00s
[1088.868s][info][gc,start       ] GC(3041) Pause Young (Allocation Failure)
[1088.869s][info][gc,heap        ] GC(3041) PSYoungGen: 288832K(309760K)->64K(311808K) Eden: 288768K(288768K)->0K(291840K) From: 64K(20992K)->64K(19968K)
[1088.869s][info][gc,heap        ] GC(3041) ParOldGen: 507904K(508416K)->507904K(508416K)
[1088.869s][info][gc,metaspace   ] GC(3041) Metaspace: 35623K(36416K)->35623K(36416K) NonClass: 26412K(27008K)->26412K(27008K) Class: 9210K(9408K)->9210K(9408K)
[1088.869s][info][gc             ] GC(3041) Pause Young (Allocation Failure) 778M->496M(801M) 1.473ms
[1088.869s][info][gc,cpu         ] GC(3041) User=0.01s Sys=0.00s Real=0.01s
[1089.166s][info][gc,start       ] GC(3042) Pause Young (Allocation Failure)
[1089.168s][info][gc,heap        ] GC(3042) PSYoungGen: 291904K(311808K)->64K(311296K) Eden: 291840K(291840K)->0K(291840K) From: 64K(19968K)->64K(19456K)
[1089.168s][info][gc,heap        ] GC(3042) ParOldGen: 507904K(508416K)->507904K(508416K)
[1089.168s][info][gc,metaspace   ] GC(3042) Metaspace: 35623K(36416K)->35623K(36416K) NonClass: 26412K(27008K)->26412K(27008K) Class: 9210K(9408K)->9210K(9408K)
[1089.168s][info][gc             ] GC(3042) Pause Young (Allocation Failure) 781M->496M(800M) 1.458ms
[1089.168s][info][gc,cpu         ] GC(3042) User=0.01s Sys=0.00s Real=0.00s
[1089.217s][info][gc,start       ] GC(3043) Pause Young (Allocation Failure)
[1089.218s][info][gc,heap        ] GC(3043) PSYoungGen: 291904K(311296K)->64K(313344K) Eden: 291840K(291840K)->0K(295424K) From: 64K(19456K)->64K(17920K)
[1089.218s][info][gc,heap        ] GC(3043) ParOldGen: 507904K(508416K)->507920K(508416K)
[1089.218s][info][gc,metaspace   ] GC(3043) Metaspace: 35623K(36416K)->35623K(36416K) NonClass: 26412K(27008K)->26412K(27008K) Class: 9210K(9408K)->9210K(9408K)
[1089.218s][info][gc             ] GC(3043) Pause Young (Allocation Failure) 781M->496M(802M) 1.422ms
[1089.218s][info][gc,cpu         ] GC(3043) User=0.01s Sys=0.00s Real=0.00s
[1089.310s][info][gc,start       ] GC(3044) Pause Young (Allocation Failure)
[1089.312s][info][gc,heap        ] GC(3044) PSYoungGen: 295488K(313344K)->64K(312832K) Eden: 295424K(295424K)->0K(295424K) From: 64K(17920K)->64K(17408K)
[1089.312s][info][gc,heap        ] GC(3044) ParOldGen: 507920K(508416K)->507920K(508416K)
[1089.312s][info][gc,metaspace   ] GC(3044) Metaspace: 35623K(36416K)->35623K(36416K) NonClass: 26412K(27008K)->26412K(27008K) Class: 9210K(9408K)->9210K(9408K)
[1089.312s][info][gc             ] GC(3044) Pause Young (Allocation Failure) 784M->496M(802M) 1.469ms
[1089.312s][info][gc,cpu         ] GC(3044) User=0.00s Sys=0.00s Real=0.00s
[1089.626s][info][gc,start       ] GC(3045) Pause Young (Allocation Failure)
[1089.627s][info][gc,heap        ] GC(3045) PSYoungGen: 295488K(312832K)->64K(315392K) Eden: 295424K(295424K)->0K(299008K) From: 64K(17408K)->64K(16384K)
[1089.627s][info][gc,heap        ] GC(3045) ParOldGen: 507920K(508416K)->507936K(508416K)
[1089.627s][info][gc,metaspace   ] GC(3045) Metaspace: 35623K(36416K)->35623K(36416K) NonClass: 26412K(27008K)->26412K(27008K) Class: 9210K(9408K)->9210K(9408K)
[1089.627s][info][gc             ] GC(3045) Pause Young (Allocation Failure) 784M->496M(804M) 1.490ms
[1089.627s][info][gc,cpu         ] GC(3045) User=0.01s Sys=0.00s Real=0.00s
[1089.844s][info][gc,start       ] GC(3046) Pause Young (Allocation Failure)
[1089.845s][info][gc,heap        ] GC(3046) PSYoungGen: 299072K(315392K)->64K(314880K) Eden: 299008K(299008K)->0K(299008K) From: 64K(16384K)->64K(15872K)
[1089.845s][info][gc,heap        ] GC(3046) ParOldGen: 507936K(508416K)->507936K(508416K)
[1089.845s][info][gc,metaspace   ] GC(3046) Metaspace: 35623K(36416K)->35623K(36416K) NonClass: 26412K(27008K)->26412K(27008K) Class: 9210K(9408K)->9210K(9408K)
[1089.845s][info][gc             ] GC(3046) Pause Young (Allocation Failure) 788M->496M(804M) 1.615ms
[1089.845s][info][gc,cpu         ] GC(3046) User=0.00s Sys=0.00s Real=0.00s
[1089.928s][info][gc,start       ] GC(3047) Pause Young (Allocation Failure)
[1089.929s][info][gc,heap        ] GC(3047) PSYoungGen: 299072K(314880K)->64K(316928K) Eden: 299008K(299008K)->0K(302592K) From: 64K(15872K)->64K(14336K)
[1089.929s][info][gc,heap        ] GC(3047) ParOldGen: 507936K(508416K)->507952K(508416K)
[1089.929s][info][gc,metaspace   ] GC(3047) Metaspace: 35623K(36416K)->35623K(36416K) NonClass: 26412K(27008K)->26412K(27008K) Class: 9210K(9408K)->9210K(9408K)
[1089.929s][info][gc             ] GC(3047) Pause Young (Allocation Failure) 788M->496M(806M) 1.528ms
[1089.929s][info][gc,cpu         ] GC(3047) User=0.00s Sys=0.00s Real=0.01s
[1090.098s][info][gc,start       ] GC(3048) Pause Young (Allocation Failure)
[1090.100s][info][gc,heap        ] GC(3048) PSYoungGen: 302656K(316928K)->64K(316416K) Eden: 302592K(302592K)->0K(302592K) From: 64K(14336K)->64K(13824K)
[1090.100s][info][gc,heap        ] GC(3048) ParOldGen: 507952K(508416K)->507952K(508416K)
[1090.100s][info][gc,metaspace   ] GC(3048) Metaspace: 35623K(36416K)->35623K(36416K) NonClass: 26412K(27008K)->26412K(27008K) Class: 9210K(9408K)->9210K(9408K)
[1090.100s][info][gc             ] GC(3048) Pause Young (Allocation Failure) 791M->496M(805M) 1.560ms
[1090.100s][info][gc,cpu         ] GC(3048) User=0.01s Sys=0.00s Real=0.01s
[1091.035s][info][gc,start       ] GC(3049) Pause Young (Allocation Failure)
[1091.037s][info][gc,heap        ] GC(3049) PSYoungGen: 302656K(316416K)->64K(318976K) Eden: 302592K(302592K)->0K(306176K) From: 64K(13824K)->64K(12800K)
[1091.037s][info][gc,heap        ] GC(3049) ParOldGen: 507952K(508416K)->507960K(508416K)
[1091.037s][info][gc,metaspace   ] GC(3049) Metaspace: 35623K(36416K)->35623K(36416K) NonClass: 26412K(27008K)->26412K(27008K) Class: 9210K(9408K)->9210K(9408K)
[1091.037s][info][gc             ] GC(3049) Pause Young (Allocation Failure) 791M->496M(808M) 1.656ms
[1091.037s][info][gc,cpu         ] GC(3049) User=0.00s Sys=0.00s Real=0.00s
[1091.855s][info][gc,start       ] GC(3050) Pause Young (Allocation Failure)
[1091.857s][info][gc,heap        ] GC(3050) PSYoungGen: 306240K(318976K)->64K(294400K) Eden: 306176K(306176K)->0K(293888K) From: 64K(12800K)->64K(512K)
[1091.857s][info][gc,heap        ] GC(3050) ParOldGen: 507960K(508416K)->507968K(508416K)
[1091.857s][info][gc,metaspace   ] GC(3050) Metaspace: 35623K(36416K)->35623K(36416K) NonClass: 26412K(27008K)->26412K(27008K) Class: 9210K(9408K)->9210K(9408K)
[1091.857s][info][gc             ] GC(3050) Pause Young (Allocation Failure) 795M->496M(784M) 1.631ms
[1091.857s][info][gc,cpu         ] GC(3050) User=0.01s Sys=0.00s Real=0.00s
[1092.199s][info][gc,start       ] GC(3051) Pause Young (Allocation Failure)
[1092.200s][info][gc,heap        ] GC(3051) PSYoungGen: 293952K(294400K)->64K(283136K) Eden: 293888K(293888K)->0K(282624K) From: 64K(512K)->64K(512K)
[1092.200s][info][gc,heap        ] GC(3051) ParOldGen: 507968K(508416K)->507976K(508416K)
[1092.200s][info][gc,metaspace   ] GC(3051) Metaspace: 35623K(36416K)->35623K(36416K) NonClass: 26412K(27008K)->26412K(27008K) Class: 9210K(9408K)->9210K(9408K)
[1092.200s][info][gc             ] GC(3051) Pause Young (Allocation Failure) 783M->496M(773M) 1.468ms
[1092.200s][info][gc,cpu         ] GC(3051) User=0.00s Sys=0.00s Real=0.00s
[1093.288s][info][gc,start       ] GC(3052) Pause Young (Allocation Failure)
[1093.289s][info][gc,heap        ] GC(3052) PSYoungGen: 282688K(283136K)->64K(282624K) Eden: 282624K(282624K)->0K(271872K) From: 64K(512K)->64K(10752K)
[1093.289s][info][gc,heap        ] GC(3052) ParOldGen: 507976K(508416K)->507984K(508416K)
