[0.002s][info][metaspace]  - commit_granule_bytes: 65536.
[0.002s][info][metaspace]  - commit_granule_words: 8192.
[0.002s][info][metaspace]  - virtual_space_node_default_size: 8388608.
[0.002s][info][metaspace]  - enlarge_chunks_in_place: 1.
[0.004s][info][gc,init  ] CardTable entry size: 512
[0.004s][info][gc       ] Using Parallel
[0.005s][info][gc,init  ] Version: 24-internal-adhoc.root.jdk (release)
[0.005s][info][gc,init  ] CPUs: 2 total, 2 available
[0.005s][info][gc,init  ] Memory: 3908M
[0.005s][info][gc,init  ] Large Page Support: Disabled
[0.005s][info][gc,init  ] NUMA Support: Disabled
[0.005s][info][gc,init  ] Compressed Oops: Enabled (32-bit)
[0.005s][info][gc,init  ] Alignments: Space 512K, Generation 512K, Heap 2M
[0.005s][info][gc,init  ] Heap Min Capacity: 256M
[0.005s][info][gc,init  ] Heap Initial Capacity: 256M
[0.005s][info][gc,init  ] Heap Max Capacity: 978M
[0.005s][info][gc,init  ] Pre-touch: Disabled
[0.005s][info][gc,init  ] Parallel Workers: 2
[0.020s][info][gc,metaspace] CDS archive(s) mapped at: [0x00007fccba000000-0x00007fccbae7b000-0x00007fccbae7b000), size 15183872, SharedBaseAddress: 0x00007fccba000000, ArchiveRelocationMode: 1.
[0.020s][info][gc,metaspace] Compressed class space mapped at: 0x00007fccbb000000-0x00007fccfb000000, reserved size: 1073741824
[0.020s][info][gc,metaspace] UseCompressedClassPointers 1, UseCompactObjectHeaders 1
[0.020s][info][gc,metaspace] Narrow klass pointer bits 22, Max shift 10
[0.020s][info][gc,metaspace] Narrow klass base: 0x00007fccba000000, Narrow klass shift: 10
[0.020s][info][gc,metaspace] Encoding Range: [0x00007fccba000000 - 0x00007fcdba000000), (4294967296 bytes)
[0.020s][info][gc,metaspace] Klass Range:    [0x00007fccba000000 - 0x00007fccfb000000), (1090519040 bytes)
[0.020s][info][gc,metaspace] Klass ID Range:  [1 - 1064960) (1064959)
[1.263s][info][gc,start    ] GC(0) Pause Young (Allocation Failure)
[1.274s][info][gc,heap     ] GC(0) PSYoungGen: 65536K(76288K)->8492K(76288K) Eden: 65536K(65536K)->0K(65536K) From: 0K(10752K)->8492K(10752K)
[1.274s][info][gc,heap     ] GC(0) ParOldGen: 1088K(175104K)->1088K(175104K)
[1.274s][info][gc,metaspace] GC(0) Metaspace: 9290K(9408K)->9290K(9408K) NonClass: 8054K(8128K)->8054K(8128K) Class: 1235K(1280K)->1235K(1280K)
[1.274s][info][gc          ] GC(0) Pause Young (Allocation Failure) 65M->9M(245M) 10.810ms
[1.274s][info][gc,cpu      ] GC(0) User=0.02s Sys=0.00s Real=0.01s
[1.939s][info][metaspace   ] ChkMgr @0x00007fcd1803ef70 (class-space): failed to commit 183 words on chunk @0x00007fcc6c352128, f, base 0x00007fccbb2f0000, level lv10.
[1.939s][info][metaspace   ] Arena @0x00007fcd18269d70 (class arena): failed to allocate new chunk for requested word size 183.
[1.939s][info][metaspace   ] Arena @0x00007fcd18269d70 (class arena): allocation failed, returned null.
[1.939s][info][metaspace   ] ChkMgr @0x00007fcd1803ef70 (class-space): failed to commit 183 words on chunk @0x00007fcc6c352128, f, base 0x00007fccbb2f0000, level lv10.
[1.939s][info][metaspace   ] Arena @0x00007fcd18269d70 (class arena): failed to allocate new chunk for requested word size 183.
[1.939s][info][metaspace   ] Arena @0x00007fcd18269d70 (class arena): allocation failed, returned null.
[1.939s][info][metaspace   ] ChkMgr @0x00007fcd1803ef70 (class-space): failed to commit 183 words on chunk @0x00007fcc6c352128, f, base 0x00007fccbb2f0000, level lv10.
[1.939s][info][metaspace   ] Arena @0x00007fcd18269d70 (class arena): failed to allocate new chunk for requested word size 183.
[1.939s][info][metaspace   ] Arena @0x00007fcd18269d70 (class arena): allocation failed, returned null.
[1.939s][info][gc,start    ] GC(1) Pause Full (Metadata GC Threshold)
[1.939s][info][gc,phases,start] GC(1) Marking Phase
[1.951s][info][gc,phases      ] GC(1) Marking Phase 11.458ms
[1.951s][info][gc,phases,start] GC(1) Summary Phase
[1.951s][info][gc,phases      ] GC(1) Summary Phase 0.010ms
[1.951s][info][gc,phases,start] GC(1) Forward
[1.952s][info][gc,phases      ] GC(1) Forward 1.744ms
[1.952s][info][gc,phases,start] GC(1) Adjust Pointers
[1.958s][info][gc,phases      ] GC(1) Adjust Pointers 5.016ms
[1.958s][info][gc,phases,start] GC(1) Compaction Phase
[1.964s][info][gc,phases      ] GC(1) Compaction Phase 6.888ms
[1.965s][info][gc,phases,start] GC(1) Post Compact
[1.966s][info][gc,phases      ] GC(1) Post Compact 1.430ms
[1.966s][info][gc,heap        ] GC(1) PSYoungGen: 54802K(76288K)->0K(76288K) Eden: 46309K(65536K)->0K(65536K) From: 8492K(10752K)->0K(10752K)
[1.966s][info][gc,heap        ] GC(1) ParOldGen: 1088K(175104K)->10525K(175104K)
[1.966s][info][gc,metaspace   ] GC(1) Metaspace: 21293K(21504K)->21293K(21504K) NonClass: 18351K(18496K)->18351K(18496K) Class: 2942K(3008K)->2942K(3008K)
[1.966s][info][gc             ] GC(1) Pause Full (Metadata GC Threshold) 54M->10M(245M) 26.855ms
[1.966s][info][gc,cpu         ] GC(1) User=0.04s Sys=0.01s Real=0.03s
[3.068s][info][gc,start       ] GC(2) Pause Young (Allocation Failure)
[3.078s][info][gc,heap        ] GC(2) PSYoungGen: 65536K(76288K)->4096K(76288K) Eden: 65536K(65536K)->0K(65536K) From: 0K(10752K)->4096K(10752K)
[3.078s][info][gc,heap        ] GC(2) ParOldGen: 141597K(175104K)->141605K(175104K)
[3.078s][info][gc,metaspace   ] GC(2) Metaspace: 32155K(32320K)->32155K(32320K) NonClass: 27713K(27840K)->27713K(27840K) Class: 4442K(4480K)->4442K(4480K)
[3.078s][info][gc             ] GC(2) Pause Young (Allocation Failure) 202M->142M(245M) 10.047ms
[3.078s][info][gc,cpu         ] GC(2) User=0.01s Sys=0.01s Real=0.01s
[3.341s][info][metaspace      ] ChkMgr @0x00007fcd1803f160 (non-class-space): failed to commit 150 words on chunk @0x00007fcd187abe00, f, base 0x00007fccb1eb0000, level lv10.
[3.341s][info][metaspace      ] Arena @0x00007fcd18269d20 (non-class arena): failed to allocate new chunk for requested word size 150.
[3.341s][info][metaspace      ] Arena @0x00007fcd18269d20 (non-class arena): allocation failed, returned null.
[3.341s][info][metaspace      ] ChkMgr @0x00007fcd1803f160 (non-class-space): failed to commit 150 words on chunk @0x00007fcd187abe00, f, base 0x00007fccb1eb0000, level lv10.
[3.341s][info][metaspace      ] Arena @0x00007fcd18269d20 (non-class arena): failed to allocate new chunk for requested word size 150.
[3.341s][info][metaspace      ] Arena @0x00007fcd18269d20 (non-class arena): allocation failed, returned null.
[3.341s][info][metaspace      ] ChkMgr @0x00007fcd1803f160 (non-class-space): failed to commit 150 words on chunk @0x00007fcd187abe00, f, base 0x00007fccb1eb0000, level lv10.
[3.341s][info][metaspace      ] Arena @0x00007fcd18269d20 (non-class arena): failed to allocate new chunk for requested word size 150.
[3.341s][info][metaspace      ] Arena @0x00007fcd18269d20 (non-class arena): allocation failed, returned null.
[3.342s][info][gc,start       ] GC(3) Pause Full (Metadata GC Threshold)
[3.342s][info][gc,phases,start] GC(3) Marking Phase
[3.359s][info][gc,phases      ] GC(3) Marking Phase 16.985ms
[3.359s][info][gc,phases,start] GC(3) Summary Phase
[3.359s][info][gc,phases      ] GC(3) Summary Phase 0.019ms
[3.359s][info][gc,phases,start] GC(3) Forward
[3.363s][info][gc,phases      ] GC(3) Forward 4.014ms
[3.363s][info][gc,phases,start] GC(3) Adjust Pointers
[3.371s][info][gc,phases      ] GC(3) Adjust Pointers 8.345ms
[3.371s][info][gc,phases,start] GC(3) Compaction Phase
[3.397s][info][gc,phases      ] GC(3) Compaction Phase 26.322ms
[3.398s][info][gc,phases,start] GC(3) Post Compact
[3.401s][info][gc,phases      ] GC(3) Post Compact 3.427ms
[3.401s][info][gc,heap        ] GC(3) PSYoungGen: 61685K(76288K)->43863K(76288K) Eden: 57589K(65536K)->43863K(65536K) From: 4096K(10752K)->0K(10752K)
[3.401s][info][gc,heap        ] GC(3) ParOldGen: 180667K(214528K)->180512K(214528K)
[3.401s][info][gc,metaspace   ] GC(3) Metaspace: 35662K(35840K)->35662K(35840K) NonClass: 30748K(30848K)->30748K(30848K) Class: 4913K(4992K)->4913K(4992K)
[3.401s][info][gc             ] GC(3) Pause Full (Metadata GC Threshold) 236M->219M(284M) 59.525ms
[3.401s][info][gc,cpu         ] GC(3) User=0.09s Sys=0.01s Real=0.06s
[3.637s][info][gc,start       ] GC(4) Pause Young (Allocation Failure)
[3.682s][info][gc,heap        ] GC(4) PSYoungGen: 65536K(76288K)->5664K(76288K) Eden: 65536K(65536K)->0K(65536K) From: 0K(10752K)->5664K(10752K)
[3.682s][info][gc,heap        ] GC(4) ParOldGen: 180512K(214528K)->219582K(253952K)
[3.682s][info][gc,metaspace   ] GC(4) Metaspace: 39189K(39360K)->39189K(39360K) NonClass: 33794K(33920K)->33794K(33920K) Class: 5394K(5440K)->5394K(5440K)
[3.682s][info][gc             ] GC(4) Pause Young (Allocation Failure) 240M->219M(322M) 44.990ms
[3.682s][info][gc,cpu         ] GC(4) User=0.07s Sys=0.03s Real=0.04s
[4.542s][info][gc,start       ] GC(5) Pause Young (Allocation Failure)
[4.557s][info][gc,heap        ] GC(5) PSYoungGen: 71116K(76288K)->8799K(141824K) Eden: 65452K(65536K)->0K(131072K) From: 5664K(10752K)->8799K(10752K)
[4.557s][info][gc,heap        ] GC(5) ParOldGen: 219582K(253952K)->219590K(253952K)
[4.557s][info][gc,metaspace   ] GC(5) Metaspace: 49942K(50240K)->49942K(50240K) NonClass: 42494K(42752K)->42494K(42752K) Class: 7447K(7488K)->7447K(7488K)
[4.557s][info][gc             ] GC(5) Pause Young (Allocation Failure) 283M->223M(386M) 15.488ms
[4.557s][info][gc,cpu         ] GC(5) User=0.02s Sys=0.00s Real=0.02s
[7.108s][info][gc,start       ] GC(6) Pause Young (Allocation Failure)
[7.149s][info][gc,heap        ] GC(6) PSYoungGen: 139871K(141824K)->10751K(141824K) Eden: 131072K(131072K)->0K(131072K) From: 8799K(10752K)->10751K(10752K)
[7.149s][info][gc,heap        ] GC(6) ParOldGen: 219590K(253952K)->243170K(253952K)
[7.149s][info][gc,metaspace   ] GC(6) Metaspace: 54363K(54720K)->54363K(54720K) NonClass: 46136K(46400K)->46136K(46400K) Class: 8226K(8320K)->8226K(8320K)
[7.149s][info][gc             ] GC(6) Pause Young (Allocation Failure) 351M->247M(386M) 41.081ms
[7.149s][info][gc,cpu         ] GC(6) User=0.05s Sys=0.02s Real=0.04s
[7.788s][info][gc,start       ] GC(7) Pause Young (Allocation Failure)
[7.842s][info][gc,heap        ] GC(7) PSYoungGen: 141823K(141824K)->28644K(279040K) Eden: 131072K(131072K)->0K(250368K) From: 10751K(10752K)->28644K(28672K)
[7.842s][info][gc,heap        ] GC(7) ParOldGen: 243170K(253952K)->252507K(253952K)
[7.842s][info][gc,metaspace   ] GC(7) Metaspace: 54826K(55168K)->54826K(55168K) NonClass: 46599K(46848K)->46599K(46848K) Class: 8227K(8320K)->8227K(8320K)
[7.842s][info][gc             ] GC(7) Pause Young (Allocation Failure) 375M->274M(520M) 54.231ms
[7.842s][info][gc,cpu         ] GC(7) User=0.09s Sys=0.02s Real=0.05s
[8.881s][info][gc,start       ] GC(8) Pause Young (Allocation Failure)
[8.942s][info][gc,heap        ] GC(8) PSYoungGen: 279012K(279040K)->37892K(288768K) Eden: 250368K(250368K)->0K(250368K) From: 28644K(28672K)->37892K(38400K)
[8.942s][info][gc,heap        ] GC(8) ParOldGen: 252507K(253952K)->252571K(253952K)
[8.942s][info][gc,metaspace   ] GC(8) Metaspace: 55079K(55424K)->55079K(55424K) NonClass: 46846K(47104K)->46846K(47104K) Class: 8233K(8320K)->8233K(8320K)
[8.942s][info][gc             ] GC(8) Pause Young (Allocation Failure) 519M->283M(530M) 61.017ms
[8.942s][info][gc,cpu         ] GC(8) User=0.09s Sys=0.03s Real=0.06s
[9.619s][info][gc,start       ] GC(9) Pause Young (Allocation Failure)
[9.671s][info][gc,heap        ] GC(9) PSYoungGen: 288260K(288768K)->33067K(277504K) Eden: 250368K(250368K)->0K(232448K) From: 37892K(38400K)->33067K(45056K)
[9.671s][info][gc,heap        ] GC(9) ParOldGen: 252571K(253952K)->258301K(258560K)
[9.671s][info][gc,metaspace   ] GC(9) Metaspace: 55240K(55552K)->55240K(55552K) NonClass: 46999K(47232K)->46999K(47232K) Class: 8241K(8320K)->8241K(8320K)
[9.671s][info][gc             ] GC(9) Pause Young (Allocation Failure) 528M->284M(523M) 51.895ms
[9.671s][info][gc,cpu         ] GC(9) User=0.09s Sys=0.00s Real=0.05s
[10.267s][info][gc,start       ] GC(10) Pause Young (Allocation Failure)
[10.312s][info][gc,heap        ] GC(10) PSYoungGen: 265515K(277504K)->13887K(283136K) Eden: 232448K(232448K)->0K(232448K) From: 33067K(45056K)->13887K(50688K)
[10.312s][info][gc,heap        ] GC(10) ParOldGen: 258301K(258560K)->277348K(277504K)
[10.312s][info][gc,metaspace   ] GC(10) Metaspace: 55420K(55744K)->55420K(55744K) NonClass: 47179K(47424K)->47179K(47424K) Class: 8241K(8320K)->8241K(8320K)
[10.312s][info][gc             ] GC(10) Pause Young (Allocation Failure) 511M->284M(547M) 45.628ms
[10.312s][info][gc,cpu         ] GC(10) User=0.08s Sys=0.01s Real=0.04s
[11.045s][info][gc,start       ] GC(11) Pause Young (Allocation Failure)
[11.055s][info][gc,heap        ] GC(11) PSYoungGen: 246335K(283136K)->760K(282112K) Eden: 232448K(232448K)->0K(234496K) From: 13887K(50688K)->760K(47616K)
[11.055s][info][gc,heap        ] GC(11) ParOldGen: 277348K(277504K)->280099K(280576K)
[11.055s][info][gc,metaspace   ] GC(11) Metaspace: 55432K(55744K)->55432K(55744K) NonClass: 47190K(47424K)->47190K(47424K) Class: 8241K(8320K)->8241K(8320K)
[11.055s][info][gc             ] GC(11) Pause Young (Allocation Failure) 511M->274M(549M) 10.731ms
[11.055s][info][gc,cpu         ] GC(11) User=0.02s Sys=0.01s Real=0.01s
[11.605s][info][gc,start       ] GC(12) Pause Young (Allocation Failure)
[11.607s][info][gc,heap        ] GC(12) PSYoungGen: 235256K(282112K)->224K(283648K) Eden: 234496K(234496K)->0K(234496K) From: 760K(47616K)->224K(49152K)
[11.607s][info][gc,heap        ] GC(12) ParOldGen: 280099K(280576K)->280374K(280576K)
[11.607s][info][gc,metaspace   ] GC(12) Metaspace: 55433K(55744K)->55433K(55744K) NonClass: 47191K(47424K)->47191K(47424K) Class: 8241K(8320K)->8241K(8320K)
[11.607s][info][gc             ] GC(12) Pause Young (Allocation Failure) 503M->274M(551M) 2.381ms
[11.607s][info][gc,cpu         ] GC(12) User=0.00s Sys=0.00s Real=0.01s
[12.289s][info][gc,start       ] GC(13) Pause Young (Allocation Failure)
[12.291s][info][gc,heap        ] GC(13) PSYoungGen: 234537K(283648K)->416K(283648K) Eden: 234313K(234496K)->0K(235520K) From: 224K(49152K)->416K(48128K)
[12.291s][info][gc,heap        ] GC(13) ParOldGen: 280374K(280576K)->280510K(280576K)
[12.291s][info][gc,metaspace   ] GC(13) Metaspace: 55434K(55744K)->55434K(55744K) NonClass: 47192K(47424K)->47192K(47424K) Class: 8241K(8320K)->8241K(8320K)
[12.291s][info][gc             ] GC(13) Pause Young (Allocation Failure) 502M->274M(551M) 2.328ms
[12.291s][info][gc,cpu         ] GC(13) User=0.00s Sys=0.00s Real=0.00s
[12.933s][info][gc,start       ] GC(14) Pause Young (Allocation Failure)
[12.938s][info][gc,heap        ] GC(14) PSYoungGen: 235936K(283648K)->1375K(284160K) Eden: 235520K(235520K)->0K(235520K) From: 416K(48128K)->1375K(48640K)
[12.938s][info][gc,heap        ] GC(14) ParOldGen: 280510K(280576K)->280654K(281088K)
[12.938s][info][gc,metaspace   ] GC(14) Metaspace: 55436K(55744K)->55436K(55744K) NonClass: 47194K(47424K)->47194K(47424K) Class: 8241K(8320K)->8241K(8320K)
[12.938s][info][gc             ] GC(14) Pause Young (Allocation Failure) 504M->275M(552M) 5.178ms
[12.938s][info][gc,cpu         ] GC(14) User=0.01s Sys=0.00s Real=0.01s
[13.516s][info][gc,start       ] GC(15) Pause Young (Allocation Failure)
[13.520s][info][gc,heap        ] GC(15) PSYoungGen: 236736K(284160K)->960K(282624K) Eden: 235360K(235520K)->0K(237568K) From: 1375K(48640K)->960K(45056K)
[13.520s][info][gc,heap        ] GC(15) ParOldGen: 280654K(281088K)->280790K(281088K)
[13.520s][info][gc,metaspace   ] GC(15) Metaspace: 55436K(55744K)->55436K(55744K) NonClass: 47194K(47424K)->47194K(47424K) Class: 8241K(8320K)->8241K(8320K)
[13.520s][info][gc             ] GC(15) Pause Young (Allocation Failure) 505M->275M(550M) 4.488ms
[13.520s][info][gc,cpu         ] GC(15) User=0.01s Sys=0.00s Real=0.01s
[14.133s][info][gc,start       ] GC(16) Pause Young (Allocation Failure)
[14.140s][info][gc,heap        ] GC(16) PSYoungGen: 238528K(282624K)->1216K(283648K) Eden: 237568K(237568K)->0K(237568K) From: 960K(45056K)->1216K(46080K)
[14.140s][info][gc,heap        ] GC(16) ParOldGen: 280790K(281088K)->280902K(281088K)
[14.140s][info][gc,metaspace   ] GC(16) Metaspace: 55453K(55808K)->55453K(55808K) NonClass: 47206K(47424K)->47206K(47424K) Class: 8246K(8384K)->8246K(8384K)
[14.140s][info][gc             ] GC(16) Pause Young (Allocation Failure) 507M->275M(551M) 6.819ms
[14.140s][info][gc,cpu         ] GC(16) User=0.01s Sys=0.01s Real=0.01s
[14.869s][info][gc,start       ] GC(17) Pause Young (Allocation Failure)
[14.891s][info][gc,heap        ] GC(17) PSYoungGen: 238771K(283648K)->960K(283648K) Eden: 237555K(237568K)->0K(242688K) From: 1216K(46080K)->960K(40960K)
[14.891s][info][gc,heap        ] GC(17) ParOldGen: 280902K(281088K)->281006K(281088K)
[14.891s][info][gc,metaspace   ] GC(17) Metaspace: 55454K(55808K)->55454K(55808K) NonClass: 47208K(47424K)->47208K(47424K) Class: 8246K(8384K)->8246K(8384K)
[14.892s][info][gc             ] GC(17) Pause Young (Allocation Failure) 507M->275M(551M) 22.657ms
[14.892s][info][gc,cpu         ] GC(17) User=0.03s Sys=0.00s Real=0.02s
[15.506s][info][gc,start       ] GC(18) Pause Young (Allocation Failure)
[15.509s][info][gc,heap        ] GC(18) PSYoungGen: 243648K(283648K)->1247K(285696K) Eden: 242688K(242688K)->0K(242688K) From: 960K(40960K)->1247K(43008K)
[15.509s][info][gc,heap        ] GC(18) ParOldGen: 281006K(281088K)->281094K(281600K)
[15.509s][info][gc,metaspace   ] GC(18) Metaspace: 55455K(55808K)->55455K(55808K) NonClass: 47208K(47424K)->47208K(47424K) Class: 8246K(8384K)->8246K(8384K)
[15.509s][info][gc             ] GC(18) Pause Young (Allocation Failure) 512M->275M(554M) 3.123ms
[15.509s][info][gc,cpu         ] GC(18) User=0.01s Sys=0.00s Real=0.00s
[16.129s][info][gc,start       ] GC(19) Pause Young (Allocation Failure)
[16.135s][info][gc,heap        ] GC(19) PSYoungGen: 243935K(285696K)->3038K(286208K) Eden: 242688K(242688K)->0K(249344K) From: 1247K(43008K)->3038K(36864K)
[16.135s][info][gc,heap        ] GC(19) ParOldGen: 281094K(281600K)->281182K(281600K)
[16.135s][info][gc,metaspace   ] GC(19) Metaspace: 55455K(55808K)->55455K(55808K) NonClass: 47208K(47424K)->47208K(47424K) Class: 8246K(8384K)->8246K(8384K)
[16.135s][info][gc             ] GC(19) Pause Young (Allocation Failure) 512M->277M(554M) 6.253ms
[16.135s][info][gc,cpu         ] GC(19) User=0.02s Sys=0.00s Real=0.00s
[16.915s][info][gc,start       ] GC(20) Pause Young (Allocation Failure)
[16.918s][info][gc,heap        ] GC(20) PSYoungGen: 252382K(286208K)->672K(288768K) Eden: 249344K(249344K)->0K(249344K) From: 3038K(36864K)->672K(39424K)
[16.918s][info][gc,heap        ] GC(20) ParOldGen: 281182K(281600K)->281262K(281600K)
[16.918s][info][gc,metaspace   ] GC(20) Metaspace: 55455K(55808K)->55455K(55808K) NonClass: 47208K(47424K)->47208K(47424K) Class: 8246K(8384K)->8246K(8384K)
[16.918s][info][gc             ] GC(20) Pause Young (Allocation Failure) 521M->275M(557M) 2.768ms
[16.918s][info][gc,cpu         ] GC(20) User=0.00s Sys=0.00s Real=0.01s
[17.516s][info][gc,start       ] GC(21) Pause Young (Allocation Failure)
[17.520s][info][gc,heap        ] GC(21) PSYoungGen: 250016K(288768K)->1888K(289280K) Eden: 249344K(249344K)->0K(256512K) From: 672K(39424K)->1888K(32768K)
[17.520s][info][gc,heap        ] GC(21) ParOldGen: 281262K(281600K)->281342K(281600K)
[17.520s][info][gc,metaspace   ] GC(21) Metaspace: 55456K(55808K)->55456K(55808K) NonClass: 47209K(47424K)->47209K(47424K) Class: 8246K(8384K)->8246K(8384K)
[17.520s][info][gc             ] GC(21) Pause Young (Allocation Failure) 518M->276M(557M) 4.448ms
[17.520s][info][gc,cpu         ] GC(21) User=0.01s Sys=0.00s Real=0.00s
[18.208s][info][gc,start       ] GC(22) Pause Young (Allocation Failure)
[18.214s][info][gc,heap        ] GC(22) PSYoungGen: 258400K(289280K)->1151K(292352K) Eden: 256512K(256512K)->0K(256512K) From: 1888K(32768K)->1151K(35840K)
[18.214s][info][gc,heap        ] GC(22) ParOldGen: 281342K(281600K)->281414K(281600K)
[18.214s][info][gc,metaspace   ] GC(22) Metaspace: 55473K(55808K)->55473K(55808K) NonClass: 47222K(47424K)->47222K(47424K) Class: 8250K(8384K)->8250K(8384K)
[18.214s][info][gc             ] GC(22) Pause Young (Allocation Failure) 527M->275M(560M) 6.046ms
[18.214s][info][gc,cpu         ] GC(22) User=0.01s Sys=0.00s Real=0.00s
[18.850s][info][gc,start       ] GC(23) Pause Young (Allocation Failure)
[18.856s][info][gc,heap        ] GC(23) PSYoungGen: 257663K(292352K)->799K(259072K) Eden: 256512K(256512K)->0K(246784K) From: 1151K(35840K)->799K(12288K)
[18.856s][info][gc,heap        ] GC(23) ParOldGen: 281414K(281600K)->281494K(281600K)
[18.856s][info][gc,metaspace   ] GC(23) Metaspace: 55473K(55808K)->55473K(55808K) NonClass: 47222K(47424K)->47222K(47424K) Class: 8250K(8384K)->8250K(8384K)
[18.856s][info][gc             ] GC(23) Pause Young (Allocation Failure) 526M->275M(528M) 5.962ms
[18.856s][info][gc,cpu         ] GC(23) User=0.02s Sys=0.00s Real=0.01s
[19.507s][info][gc,start       ] GC(24) Pause Young (Allocation Failure)
[19.512s][info][gc,heap        ] GC(24) PSYoungGen: 247442K(259072K)->1984K(239104K) Eden: 246642K(246784K)->0K(237056K) From: 799K(12288K)->1984K(2048K)
[19.512s][info][gc,heap        ] GC(24) ParOldGen: 281494K(281600K)->281566K(281600K)
[19.512s][info][gc,metaspace   ] GC(24) Metaspace: 55474K(55808K)->55474K(55808K) NonClass: 47223K(47424K)->47223K(47424K) Class: 8250K(8384K)->8250K(8384K)
[19.512s][info][gc             ] GC(24) Pause Young (Allocation Failure) 516M->276M(508M) 5.417ms
[19.512s][info][gc,cpu         ] GC(24) User=0.01s Sys=0.00s Real=0.00s
[20.117s][info][gc,start       ] GC(25) Pause Young (Allocation Failure)
[20.123s][info][gc,heap        ] GC(25) PSYoungGen: 239040K(239104K)->2399K(242688K) Eden: 237056K(237056K)->0K(227840K) From: 1984K(2048K)->2399K(14848K)
[20.123s][info][gc,heap        ] GC(25) ParOldGen: 281566K(281600K)->281630K(282112K)
[20.123s][info][gc,metaspace   ] GC(25) Metaspace: 55474K(55808K)->55474K(55808K) NonClass: 47223K(47424K)->47223K(47424K) Class: 8250K(8384K)->8250K(8384K)
[20.123s][info][gc             ] GC(25) Pause Young (Allocation Failure) 508M->277M(512M) 6.537ms
[20.123s][info][gc,cpu         ] GC(25) User=0.01s Sys=0.00s Real=0.00s
[20.708s][info][gc,start       ] GC(26) Pause Young (Allocation Failure)
[20.713s][info][gc,heap        ] GC(26) PSYoungGen: 230136K(242688K)->2143K(221696K) Eden: 227737K(227840K)->0K(219136K) From: 2399K(14848K)->2143K(2560K)
[20.713s][info][gc,heap        ] GC(26) ParOldGen: 281630K(282112K)->281694K(282112K)
[20.713s][info][gc,metaspace   ] GC(26) Metaspace: 55474K(55808K)->55474K(55808K) NonClass: 47223K(47424K)->47223K(47424K) Class: 8250K(8384K)->8250K(8384K)
[20.713s][info][gc             ] GC(26) Pause Young (Allocation Failure) 499M->277M(492M) 5.176ms
[20.713s][info][gc,cpu         ] GC(26) User=0.01s Sys=0.01s Real=0.00s
[21.297s][info][gc,start       ] GC(27) Pause Young (Allocation Failure)
[21.301s][info][gc,heap        ] GC(27) PSYoungGen: 221279K(221696K)->1215K(226304K) Eden: 219136K(219136K)->0K(210944K) From: 2143K(2560K)->1215K(15360K)
[21.301s][info][gc,heap        ] GC(27) ParOldGen: 281694K(282112K)->281750K(282112K)
[21.301s][info][gc,metaspace   ] GC(27) Metaspace: 55474K(55808K)->55474K(55808K) NonClass: 47223K(47424K)->47223K(47424K) Class: 8250K(8384K)->8250K(8384K)
[21.301s][info][gc             ] GC(27) Pause Young (Allocation Failure) 491M->276M(496M) 3.693ms
[21.301s][info][gc,cpu         ] GC(27) User=0.00s Sys=0.00s Real=0.00s
[21.823s][info][gc,start       ] GC(28) Pause Young (Allocation Failure)
[21.828s][info][gc,heap        ] GC(28) PSYoungGen: 212159K(226304K)->1568K(205312K) Eden: 210944K(210944K)->0K(203264K) From: 1215K(15360K)->1568K(2048K)
[21.828s][info][gc,heap        ] GC(28) ParOldGen: 281750K(282112K)->281806K(282112K)
[21.828s][info][gc,metaspace   ] GC(28) Metaspace: 55483K(55808K)->55483K(55808K) NonClass: 47233K(47424K)->47233K(47424K) Class: 8250K(8384K)->8250K(8384K)
[21.828s][info][gc             ] GC(28) Pause Young (Allocation Failure) 482M->276M(476M) 5.130ms
[21.828s][info][gc,cpu         ] GC(28) User=0.01s Sys=0.00s Real=0.01s
[22.335s][info][gc,start       ] GC(29) Pause Young (Allocation Failure)
[22.340s][info][gc,heap        ] GC(29) PSYoungGen: 204800K(205312K)->1056K(209408K) Eden: 203232K(203264K)->0K(195584K) From: 1568K(2048K)->1056K(13824K)
[22.340s][info][gc,heap        ] GC(29) ParOldGen: 281806K(282112K)->281846K(282112K)
[22.340s][info][gc,metaspace   ] GC(29) Metaspace: 55485K(55808K)->55485K(55808K) NonClass: 47234K(47424K)->47234K(47424K) Class: 8250K(8384K)->8250K(8384K)
[22.340s][info][gc             ] GC(29) Pause Young (Allocation Failure) 475M->276M(480M) 4.091ms
[22.340s][info][gc,cpu         ] GC(29) User=0.00s Sys=0.00s Real=0.01s
[22.896s][info][gc,start       ] GC(30) Pause Young (Allocation Failure)
[22.899s][info][gc,heap        ] GC(30) PSYoungGen: 196639K(209408K)->799K(189440K) Eden: 195583K(195584K)->0K(188416K) From: 1056K(13824K)->799K(1024K)
[22.899s][info][gc,heap        ] GC(30) ParOldGen: 281846K(282112K)->281894K(282112K)
[22.899s][info][gc,metaspace   ] GC(30) Metaspace: 55485K(55808K)->55485K(55808K) NonClass: 47234K(47424K)->47234K(47424K) Class: 8250K(8384K)->8250K(8384K)
[22.899s][info][gc             ] GC(30) Pause Young (Allocation Failure) 467M->276M(460M) 3.285ms
[22.899s][info][gc,cpu         ] GC(30) User=0.00s Sys=0.00s Real=0.00s
[23.332s][info][gc,start       ] GC(31) Pause Young (Allocation Failure)
[23.336s][info][gc,heap        ] GC(31) PSYoungGen: 189215K(189440K)->1152K(194048K) Eden: 188416K(188416K)->0K(181760K) From: 799K(1024K)->1152K(12288K)
[23.336s][info][gc,heap        ] GC(31) ParOldGen: 281894K(282112K)->281934K(282112K)
[23.336s][info][gc,metaspace   ] GC(31) Metaspace: 55486K(55808K)->55486K(55808K) NonClass: 47235K(47424K)->47235K(47424K) Class: 8250K(8384K)->8250K(8384K)
[23.336s][info][gc             ] GC(31) Pause Young (Allocation Failure) 460M->276M(465M) 4.011ms
[23.336s][info][gc,cpu         ] GC(31) User=0.00s Sys=0.00s Real=0.01s
[23.818s][info][gc,start       ] GC(32) Pause Young (Allocation Failure)
[23.848s][info][gc,heap        ] GC(32) PSYoungGen: 182912K(194048K)->3072K(201728K) Eden: 181760K(181760K)->0K(181760K) From: 1152K(12288K)->3072K(19968K)
[23.848s][info][gc,heap        ] GC(32) ParOldGen: 281934K(282112K)->281966K(282112K)
[23.848s][info][gc,metaspace   ] GC(32) Metaspace: 55486K(55808K)->55486K(55808K) NonClass: 47235K(47424K)->47235K(47424K) Class: 8250K(8384K)->8250K(8384K)
[23.848s][info][gc             ] GC(32) Pause Young (Allocation Failure) 453M->278M(472M) 29.742ms
[23.848s][info][gc,cpu         ] GC(32) User=0.02s Sys=0.00s Real=0.03s
[24.311s][info][gc,start       ] GC(33) Pause Young (Allocation Failure)
[24.314s][info][gc,heap        ] GC(33) PSYoungGen: 184832K(201728K)->1055K(252928K) Eden: 181760K(181760K)->0K(236544K) From: 3072K(19968K)->1055K(16384K)
[24.314s][info][gc,heap        ] GC(33) ParOldGen: 281966K(282112K)->282006K(282112K)
[24.314s][info][gc,metaspace   ] GC(33) Metaspace: 55488K(55872K)->55488K(55872K) NonClass: 47237K(47488K)->47237K(47488K) Class: 8250K(8384K)->8250K(8384K)
[24.314s][info][gc             ] GC(33) Pause Young (Allocation Failure) 455M->276M(522M) 3.230ms
[24.314s][info][gc,cpu         ] GC(33) User=0.01s Sys=0.00s Real=0.00s
[25.036s][info][gc,start       ] GC(34) Pause Young (Allocation Failure)
[25.048s][info][gc,heap        ] GC(34) PSYoungGen: 237599K(252928K)->3167K(253952K) Eden: 236544K(236544K)->0K(236544K) From: 1055K(16384K)->3167K(17408K)
[25.048s][info][gc,heap        ] GC(34) ParOldGen: 282006K(282112K)->282046K(282112K)
[25.048s][info][gc,metaspace   ] GC(34) Metaspace: 55488K(55872K)->55488K(55872K) NonClass: 47237K(47488K)->47237K(47488K) Class: 8250K(8384K)->8250K(8384K)
[25.048s][info][gc             ] GC(34) Pause Young (Allocation Failure) 507M->278M(523M) 12.186ms
[25.048s][info][gc,cpu         ] GC(34) User=0.02s Sys=0.00s Real=0.01s
[25.527s][info][gc,start       ] GC(35) Pause Young (Allocation Failure)
[25.532s][info][gc,heap        ] GC(35) PSYoungGen: 239711K(253952K)->1600K(309760K) Eden: 236544K(236544K)->0K(295936K) From: 3167K(17408K)->1600K(13824K)
[25.532s][info][gc,heap        ] GC(35) ParOldGen: 282046K(282112K)->282094K(282112K)
[25.532s][info][gc,metaspace   ] GC(35) Metaspace: 55488K(55872K)->55488K(55872K) NonClass: 47237K(47488K)->47237K(47488K) Class: 8250K(8384K)->8250K(8384K)
[25.532s][info][gc             ] GC(35) Pause Young (Allocation Failure) 509M->277M(578M) 4.604ms
[25.532s][info][gc,cpu         ] GC(35) User=0.01s Sys=0.00s Real=0.00s
[26.315s][info][gc,start       ] GC(36) Pause Young (Allocation Failure)
[26.320s][info][gc,heap        ] GC(36) PSYoungGen: 297536K(309760K)->1855K(310784K) Eden: 295936K(295936K)->0K(295936K) From: 1600K(13824K)->1855K(14848K)
[26.320s][info][gc,heap        ] GC(36) ParOldGen: 282094K(282112K)->282142K(282624K)
[26.320s][info][gc,metaspace   ] GC(36) Metaspace: 55488K(55872K)->55488K(55872K) NonClass: 47237K(47488K)->47237K(47488K) Class: 8250K(8384K)->8250K(8384K)
[26.320s][info][gc             ] GC(36) Pause Young (Allocation Failure) 566M->277M(579M) 4.606ms
[26.320s][info][gc,cpu         ] GC(36) User=0.01s Sys=0.00s Real=0.01s
[27.103s][info][gc,start       ] GC(37) Pause Young (Allocation Failure)
[27.116s][info][gc,heap        ] GC(37) PSYoungGen: 297791K(310784K)->1888K(316928K) Eden: 295936K(295936K)->0K(305152K) From: 1855K(14848K)->1888K(11776K)
[27.116s][info][gc,heap        ] GC(37) ParOldGen: 282142K(282624K)->282190K(282624K)
[27.116s][info][gc,metaspace   ] GC(37) Metaspace: 55488K(55872K)->55488K(55872K) NonClass: 47237K(47488K)->47237K(47488K) Class: 8250K(8384K)->8250K(8384K)
[27.116s][info][gc             ] GC(37) Pause Young (Allocation Failure) 566M->277M(585M) 12.549ms
[27.116s][info][gc,cpu         ] GC(37) User=0.01s Sys=0.00s Real=0.01s
[27.889s][info][gc,start       ] GC(38) Pause Young (Allocation Failure)
[27.892s][info][gc,heap        ] GC(38) PSYoungGen: 307040K(316928K)->712K(317952K) Eden: 305152K(305152K)->0K(305152K) From: 1888K(11776K)->712K(12800K)
[27.892s][info][gc,heap        ] GC(38) ParOldGen: 282190K(282624K)->282238K(282624K)
[27.892s][info][gc,metaspace   ] GC(38) Metaspace: 55488K(55872K)->55488K(55872K) NonClass: 47237K(47488K)->47237K(47488K) Class: 8250K(8384K)->8250K(8384K)
[27.892s][info][gc             ] GC(38) Pause Young (Allocation Failure) 575M->276M(586M) 2.784ms
[27.892s][info][gc,cpu         ] GC(38) User=0.00s Sys=0.00s Real=0.00s
[28.640s][info][gc,start       ] GC(39) Pause Young (Allocation Failure)
[28.643s][info][gc,heap        ] GC(39) PSYoungGen: 305797K(317952K)->736K(293888K) Eden: 305084K(305152K)->0K(292864K) From: 712K(12800K)->736K(1024K)
[28.643s][info][gc,heap        ] GC(39) ParOldGen: 282238K(282624K)->282278K(282624K)
[28.643s][info][gc,metaspace   ] GC(39) Metaspace: 55488K(55872K)->55488K(55872K) NonClass: 47237K(47488K)->47237K(47488K) Class: 8250K(8384K)->8250K(8384K)
[28.643s][info][gc             ] GC(39) Pause Young (Allocation Failure) 574M->276M(563M) 3.288ms
[28.643s][info][gc,cpu         ] GC(39) User=0.01s Sys=0.00s Real=0.00s
[29.427s][info][gc,start       ] GC(40) Pause Young (Allocation Failure)
[29.431s][info][gc,heap        ] GC(40) PSYoungGen: 293600K(293888K)->2175K(292864K) Eden: 292864K(292864K)->0K(281088K) From: 736K(1024K)->2175K(11776K)
[29.431s][info][gc,heap        ] GC(40) ParOldGen: 282278K(282624K)->282326K(282624K)
[29.431s][info][gc,metaspace   ] GC(40) Metaspace: 55490K(55872K)->55490K(55872K) NonClass: 47239K(47488K)->47239K(47488K) Class: 8251K(8384K)->8251K(8384K)
[29.431s][info][gc             ] GC(40) Pause Young (Allocation Failure) 562M->277M(562M) 4.447ms
[29.431s][info][gc,cpu         ] GC(40) User=0.01s Sys=0.00s Real=0.00s
[30.132s][info][gc,start       ] GC(41) Pause Young (Allocation Failure)
[30.136s][info][gc,heap        ] GC(41) PSYoungGen: 283245K(292864K)->1024K(270848K) Eden: 281069K(281088K)->0K(269824K) From: 2175K(11776K)->1024K(1024K)
[30.136s][info][gc,heap        ] GC(41) ParOldGen: 282326K(282624K)->282374K(282624K)
[30.136s][info][gc,metaspace   ] GC(41) Metaspace: 55490K(55872K)->55490K(55872K) NonClass: 47239K(47488K)->47239K(47488K) Class: 8251K(8384K)->8251K(8384K)
[30.136s][info][gc             ] GC(41) Pause Young (Allocation Failure) 552M->276M(540M) 3.721ms
[30.136s][info][gc,cpu         ] GC(41) User=0.01s Sys=0.00s Real=0.01s
[30.828s][info][gc,start       ] GC(42) Pause Young (Allocation Failure)
[30.832s][info][gc,heap        ] GC(42) PSYoungGen: 270848K(270848K)->1823K(269312K) Eden: 269824K(269824K)->0K(259072K) From: 1024K(1024K)->1823K(10240K)
[30.832s][info][gc,heap        ] GC(42) ParOldGen: 282374K(282624K)->282414K(282624K)
[30.832s][info][gc,metaspace   ] GC(42) Metaspace: 55490K(55872K)->55490K(55872K) NonClass: 47239K(47488K)->47239K(47488K) Class: 8251K(8384K)->8251K(8384K)
[30.832s][info][gc             ] GC(42) Pause Young (Allocation Failure) 540M->277M(539M) 4.155ms
[30.832s][info][gc,cpu         ] GC(42) User=0.01s Sys=0.00s Real=0.00s
[31.511s][info][gc,start       ] GC(43) Pause Young (Allocation Failure)
[31.515s][info][gc,heap        ] GC(43) PSYoungGen: 260895K(269312K)->1599K(250880K) Eden: 259072K(259072K)->0K(248832K) From: 1823K(10240K)->1599K(2048K)
[31.515s][info][gc,heap        ] GC(43) ParOldGen: 282414K(282624K)->282454K(282624K)
[31.515s][info][gc,metaspace   ] GC(43) Metaspace: 55490K(55872K)->55490K(55872K) NonClass: 47239K(47488K)->47239K(47488K) Class: 8251K(8384K)->8251K(8384K)
[31.515s][info][gc             ] GC(43) Pause Young (Allocation Failure) 530M->277M(521M) 3.993ms
[31.515s][info][gc,cpu         ] GC(43) User=0.01s Sys=0.00s Real=0.00s
[32.128s][info][gc,start       ] GC(44) Pause Young (Allocation Failure)
[32.132s][info][gc,heap        ] GC(44) PSYoungGen: 250237K(250880K)->1152K(240640K) Eden: 248638K(248832K)->0K(239104K) From: 1599K(2048K)->1152K(1536K)
[32.132s][info][gc,heap        ] GC(44) ParOldGen: 282454K(282624K)->282486K(282624K)
[32.132s][info][gc,metaspace   ] GC(44) Metaspace: 55491K(55872K)->55491K(55872K) NonClass: 47240K(47488K)->47240K(47488K) Class: 8251K(8384K)->8251K(8384K)
[32.132s][info][gc             ] GC(44) Pause Young (Allocation Failure) 520M->276M(511M) 3.476ms
[32.132s][info][gc,cpu         ] GC(44) User=0.00s Sys=0.00s Real=0.00s
[32.889s][info][gc,start       ] GC(45) Pause Young (Allocation Failure)
[32.892s][info][gc,heap        ] GC(45) PSYoungGen: 240256K(240640K)->608K(230912K) Eden: 239104K(239104K)->0K(229888K) From: 1152K(1536K)->608K(1024K)
[32.892s][info][gc,heap        ] GC(45) ParOldGen: 282486K(282624K)->282518K(282624K)
[32.892s][info][gc,metaspace   ] GC(45) Metaspace: 55491K(55872K)->55491K(55872K) NonClass: 47240K(47488K)->47240K(47488K) Class: 8251K(8384K)->8251K(8384K)
[32.892s][info][gc             ] GC(45) Pause Young (Allocation Failure) 510M->276M(501M) 2.829ms
[32.892s][info][gc,cpu         ] GC(45) User=0.00s Sys=0.00s Real=0.00s
[33.485s][info][gc,start       ] GC(46) Pause Young (Allocation Failure)
[33.487s][info][gc,heap        ] GC(46) PSYoungGen: 230496K(230912K)->256K(229376K) Eden: 229888K(229888K)->0K(221184K) From: 608K(1024K)->256K(8192K)
[33.487s][info][gc,heap        ] GC(46) ParOldGen: 282518K(282624K)->282550K(282624K)
[33.487s][info][gc,metaspace   ] GC(46) Metaspace: 55491K(55872K)->55491K(55872K) NonClass: 47240K(47488K)->47240K(47488K) Class: 8251K(8384K)->8251K(8384K)
[33.487s][info][gc             ] GC(46) Pause Young (Allocation Failure) 500M->276M(500M) 2.060ms
[33.487s][info][gc,cpu         ] GC(46) User=0.01s Sys=0.00s Real=0.01s
[34.017s][info][gc,start       ] GC(47) Pause Young (Allocation Failure)
[34.022s][info][gc,heap        ] GC(47) PSYoungGen: 221440K(229376K)->1952K(215040K) Eden: 221184K(221184K)->0K(212992K) From: 256K(8192K)->1952K(2048K)
[34.022s][info][gc,heap        ] GC(47) ParOldGen: 282550K(282624K)->282590K(282624K)
[34.022s][info][gc,metaspace   ] GC(47) Metaspace: 55491K(55872K)->55491K(55872K) NonClass: 47240K(47488K)->47240K(47488K) Class: 8251K(8384K)->8251K(8384K)
[34.022s][info][gc             ] GC(47) Pause Young (Allocation Failure) 492M->277M(486M) 4.824ms
[34.022s][info][gc,cpu         ] GC(47) User=0.01s Sys=0.00s Real=0.00s
[34.599s][info][gc,start       ] GC(48) Pause Young (Allocation Failure)
[34.602s][info][gc,heap        ] GC(48) PSYoungGen: 214944K(215040K)->704K(206336K) Eden: 212992K(212992K)->0K(205312K) From: 1952K(2048K)->704K(1024K)
[34.602s][info][gc,heap        ] GC(48) ParOldGen: 282590K(282624K)->282622K(282624K)
[34.602s][info][gc,metaspace   ] GC(48) Metaspace: 55495K(55872K)->55495K(55872K) NonClass: 47244K(47488K)->47244K(47488K) Class: 8251K(8384K)->8251K(8384K)
[34.602s][info][gc             ] GC(48) Pause Young (Allocation Failure) 485M->276M(477M) 2.603ms
[34.602s][info][gc,cpu         ] GC(48) User=0.00s Sys=0.00s Real=0.00s
[35.132s][info][gc,start       ] GC(49) Pause Young (Allocation Failure)
[35.136s][info][gc,heap        ] GC(49) PSYoungGen: 206016K(206336K)->1408K(199168K) Eden: 205312K(205312K)->0K(197632K) From: 704K(1024K)->1408K(1536K)
[35.136s][info][gc,heap        ] GC(49) ParOldGen: 282622K(282624K)->282654K(283136K)
[35.136s][info][gc,metaspace   ] GC(49) Metaspace: 55495K(55872K)->55495K(55872K) NonClass: 47244K(47488K)->47244K(47488K) Class: 8251K(8384K)->8251K(8384K)
[35.136s][info][gc             ] GC(49) Pause Young (Allocation Failure) 477M->277M(471M) 4.050ms
[35.136s][info][gc,cpu         ] GC(49) User=0.01s Sys=0.00s Real=0.01s
[35.619s][info][gc,start       ] GC(50) Pause Young (Allocation Failure)
[35.622s][info][gc,heap        ] GC(50) PSYoungGen: 199039K(199168K)->1536K(192000K) Eden: 197631K(197632K)->0K(190464K) From: 1408K(1536K)->1536K(1536K)
[35.622s][info][gc,heap        ] GC(50) ParOldGen: 282654K(283136K)->282686K(283136K)
[35.622s][info][gc,metaspace   ] GC(50) Metaspace: 55495K(55872K)->55495K(55872K) NonClass: 47244K(47488K)->47244K(47488K) Class: 8251K(8384K)->8251K(8384K)
[35.622s][info][gc             ] GC(50) Pause Young (Allocation Failure) 470M->277M(464M) 3.817ms
[35.622s][info][gc,cpu         ] GC(50) User=0.01s Sys=0.00s Real=0.00s
[36.151s][info][gc,start       ] GC(51) Pause Young (Allocation Failure)
[36.164s][info][gc,heap        ] GC(51) PSYoungGen: 191930K(192000K)->2752K(233984K) Eden: 190394K(190464K)->0K(230912K) From: 1536K(1536K)->2752K(3072K)
[36.164s][info][gc,heap        ] GC(51) ParOldGen: 282686K(283136K)->282718K(283136K)
[36.164s][info][gc,metaspace   ] GC(51) Metaspace: 55495K(55872K)->55495K(55872K) NonClass: 47244K(47488K)->47244K(47488K) Class: 8251K(8384K)->8251K(8384K)
[36.165s][info][gc             ] GC(51) Pause Young (Allocation Failure) 463M->278M(505M) 13.233ms
[36.165s][info][gc,cpu         ] GC(51) User=0.01s Sys=0.00s Real=0.01s
[36.714s][info][gc,start       ] GC(52) Pause Young (Allocation Failure)
[36.721s][info][gc,heap        ] GC(52) PSYoungGen: 233664K(233984K)->2239K(272384K) Eden: 230912K(230912K)->0K(266240K) From: 2752K(3072K)->2239K(6144K)
[36.721s][info][gc,heap        ] GC(52) ParOldGen: 282718K(283136K)->282750K(283136K)
[36.721s][info][gc,metaspace   ] GC(52) Metaspace: 55515K(55872K)->55515K(55872K) NonClass: 47261K(47488K)->47261K(47488K) Class: 8253K(8384K)->8253K(8384K)
[36.721s][info][gc             ] GC(52) Pause Young (Allocation Failure) 504M->278M(542M) 6.732ms
[36.721s][info][gc,cpu         ] GC(52) User=0.01s Sys=0.00s Real=0.01s
[37.409s][info][gc,start       ] GC(53) Pause Young (Allocation Failure)
[37.413s][info][gc,heap        ] GC(53) PSYoungGen: 268467K(272384K)->1664K(258048K) Eden: 266228K(266240K)->0K(256000K) From: 2239K(6144K)->1664K(2048K)
[37.413s][info][gc,heap        ] GC(53) ParOldGen: 282750K(283136K)->282806K(283136K)
[37.413s][info][gc,metaspace   ] GC(53) Metaspace: 55515K(55872K)->55515K(55872K) NonClass: 47261K(47488K)->47261K(47488K) Class: 8253K(8384K)->8253K(8384K)
[37.413s][info][gc             ] GC(53) Pause Young (Allocation Failure) 538M->277M(528M) 4.811ms
[37.413s][info][gc,cpu         ] GC(53) User=0.01s Sys=0.00s Real=0.00s
[38.092s][info][gc,start       ] GC(54) Pause Young (Allocation Failure)
[38.095s][info][gc,heap        ] GC(54) PSYoungGen: 257664K(258048K)->1279K(247808K) Eden: 256000K(256000K)->0K(246272K) From: 1664K(2048K)->1279K(1536K)
[38.095s][info][gc,heap        ] GC(54) ParOldGen: 282806K(283136K)->282838K(283136K)
[38.095s][info][gc,metaspace   ] GC(54) Metaspace: 55519K(55872K)->55519K(55872K) NonClass: 47265K(47488K)->47265K(47488K) Class: 8253K(8384K)->8253K(8384K)
[38.095s][info][gc             ] GC(54) Pause Young (Allocation Failure) 527M->277M(518M) 3.120ms
[38.095s][info][gc,cpu         ] GC(54) User=0.01s Sys=0.00s Real=0.00s
[38.710s][info][gc,start       ] GC(55) Pause Young (Allocation Failure)
[38.716s][info][gc,heap        ] GC(55) PSYoungGen: 247333K(247808K)->2368K(239616K) Eden: 246054K(246272K)->0K(237056K) From: 1279K(1536K)->2368K(2560K)
[38.716s][info][gc,heap        ] GC(55) ParOldGen: 282838K(283136K)->282870K(283136K)
[38.716s][info][gc,metaspace   ] GC(55) Metaspace: 55519K(55872K)->55519K(55872K) NonClass: 47265K(47488K)->47265K(47488K) Class: 8253K(8384K)->8253K(8384K)
[38.716s][info][gc             ] GC(55) Pause Young (Allocation Failure) 517M->278M(510M) 5.976ms
[38.716s][info][gc,cpu         ] GC(55) User=0.01s Sys=0.00s Real=0.01s
[39.318s][info][gc,start       ] GC(56) Pause Young (Allocation Failure)
[39.322s][info][gc,heap        ] GC(56) PSYoungGen: 239424K(239616K)->1823K(229888K) Eden: 237056K(237056K)->0K(227840K) From: 2368K(2560K)->1823K(2048K)
[39.322s][info][gc,heap        ] GC(56) ParOldGen: 282870K(283136K)->282902K(283136K)
[39.322s][info][gc,metaspace   ] GC(56) Metaspace: 55519K(55872K)->55519K(55872K) NonClass: 47265K(47488K)->47265K(47488K) Class: 8253K(8384K)->8253K(8384K)
[39.322s][info][gc             ] GC(56) Pause Young (Allocation Failure) 510M->278M(501M) 3.912ms
[39.322s][info][gc,cpu         ] GC(56) User=0.01s Sys=0.00s Real=0.00s
[39.905s][info][gc,start       ] GC(57) Pause Young (Allocation Failure)
[39.910s][info][gc,heap        ] GC(57) PSYoungGen: 229663K(229888K)->2303K(221696K) Eden: 227840K(227840K)->0K(219136K) From: 1823K(2048K)->2303K(2560K)
[39.910s][info][gc,heap        ] GC(57) ParOldGen: 282902K(283136K)->282934K(283136K)
[39.910s][info][gc,metaspace   ] GC(57) Metaspace: 55519K(55872K)->55519K(55872K) NonClass: 47265K(47488K)->47265K(47488K) Class: 8253K(8384K)->8253K(8384K)
[39.910s][info][gc             ] GC(57) Pause Young (Allocation Failure) 500M->278M(493M) 4.515ms
[39.910s][info][gc,cpu         ] GC(57) User=0.01s Sys=0.00s Real=0.01s
[40.497s][info][gc,start       ] GC(58) Pause Young (Allocation Failure)
[40.499s][info][gc,heap        ] GC(58) PSYoungGen: 221439K(221696K)->991K(211968K) Eden: 219136K(219136K)->0K(210944K) From: 2303K(2560K)->991K(1024K)
[40.499s][info][gc,heap        ] GC(58) ParOldGen: 282934K(283136K)->282966K(283136K)
[40.499s][info][gc,metaspace   ] GC(58) Metaspace: 55519K(55872K)->55519K(55872K) NonClass: 47265K(47488K)->47265K(47488K) Class: 8253K(8384K)->8253K(8384K)
[40.499s][info][gc             ] GC(58) Pause Young (Allocation Failure) 492M->277M(483M) 2.598ms
[40.499s][info][gc,cpu         ] GC(58) User=0.01s Sys=0.00s Real=0.00s
[41.022s][info][gc,start       ] GC(59) Pause Young (Allocation Failure)
[41.027s][info][gc,heap        ] GC(59) PSYoungGen: 211935K(211968K)->2047K(205312K) Eden: 210944K(210944K)->0K(203264K) From: 991K(1024K)->2047K(2048K)
[41.027s][info][gc,heap        ] GC(59) ParOldGen: 282966K(283136K)->282998K(283136K)
[41.027s][info][gc,metaspace   ] GC(59) Metaspace: 55519K(55872K)->55519K(55872K) NonClass: 47265K(47488K)->47265K(47488K) Class: 8253K(8384K)->8253K(8384K)
[41.027s][info][gc             ] GC(59) Pause Young (Allocation Failure) 483M->278M(477M) 4.921ms
[41.027s][info][gc,cpu         ] GC(59) User=0.01s Sys=0.00s Real=0.01s
[41.539s][info][gc,start       ] GC(60) Pause Young (Allocation Failure)
[41.543s][info][gc,heap        ] GC(60) PSYoungGen: 205311K(205312K)->959K(196608K) Eden: 203264K(203264K)->0K(195584K) From: 2047K(2048K)->959K(1024K)
[41.543s][info][gc,heap        ] GC(60) ParOldGen: 282998K(283136K)->283022K(283136K)
[41.543s][info][gc,metaspace   ] GC(60) Metaspace: 55519K(55872K)->55519K(55872K) NonClass: 47265K(47488K)->47265K(47488K) Class: 8253K(8384K)->8253K(8384K)
[41.543s][info][gc             ] GC(60) Pause Young (Allocation Failure) 476M->277M(468M) 3.739ms
[41.543s][info][gc,cpu         ] GC(60) User=0.01s Sys=0.00s Real=0.00s
[42.086s][info][gc,start       ] GC(61) Pause Young (Allocation Failure)
[42.088s][info][gc,heap        ] GC(61) PSYoungGen: 196543K(196608K)->249K(188928K) Eden: 195584K(195584K)->0K(188416K) From: 959K(1024K)->249K(512K)
[42.088s][info][gc,heap        ] GC(61) ParOldGen: 283022K(283136K)->283046K(283136K)
[42.088s][info][gc,metaspace   ] GC(61) Metaspace: 55519K(55872K)->55519K(55872K) NonClass: 47265K(47488K)->47265K(47488K) Class: 8253K(8384K)->8253K(8384K)
[42.088s][info][gc             ] GC(61) Pause Young (Allocation Failure) 468M->276M(461M) 2.192ms
[42.088s][info][gc,cpu         ] GC(61) User=0.00s Sys=0.00s Real=0.01s
[42.529s][info][gc,start       ] GC(62) Pause Young (Allocation Failure)
[42.531s][info][gc,heap        ] GC(62) PSYoungGen: 188665K(188928K)->1279K(186368K) Eden: 188416K(188416K)->0K(181760K) From: 249K(512K)->1279K(4608K)
[42.531s][info][gc,heap        ] GC(62) ParOldGen: 283046K(283136K)->283070K(283136K)
[42.531s][info][gc,metaspace   ] GC(62) Metaspace: 55519K(55872K)->55519K(55872K) NonClass: 47265K(47488K)->47265K(47488K) Class: 8253K(8384K)->8253K(8384K)
[42.532s][info][gc             ] GC(62) Pause Young (Allocation Failure) 460M->277M(458M) 2.889ms
[42.532s][info][gc,cpu         ] GC(62) User=0.01s Sys=0.01s Real=0.00s
[43.013s][info][gc,start       ] GC(63) Pause Young (Allocation Failure)
[43.017s][info][gc,heap        ] GC(63) PSYoungGen: 183039K(186368K)->1632K(177152K) Eden: 181760K(181760K)->0K(175104K) From: 1279K(4608K)->1632K(2048K)
[43.017s][info][gc,heap        ] GC(63) ParOldGen: 283070K(283136K)->283094K(283136K)
[43.017s][info][gc,metaspace   ] GC(63) Metaspace: 55519K(55872K)->55519K(55872K) NonClass: 47265K(47488K)->47265K(47488K) Class: 8253K(8384K)->8253K(8384K)
[43.017s][info][gc             ] GC(63) Pause Young (Allocation Failure) 455M->278M(449M) 4.042ms
[43.017s][info][gc,cpu         ] GC(63) User=0.01s Sys=0.00s Real=0.01s
[43.491s][info][gc,start       ] GC(64) Pause Young (Allocation Failure)
[43.494s][info][gc,heap        ] GC(64) PSYoungGen: 176736K(177152K)->640K(169984K) Eden: 175104K(175104K)->0K(168960K) From: 1632K(2048K)->640K(1024K)
[43.494s][info][gc,heap        ] GC(64) ParOldGen: 283094K(283136K)->283110K(283136K)
[43.494s][info][gc,metaspace   ] GC(64) Metaspace: 55519K(55872K)->55519K(55872K) NonClass: 47265K(47488K)->47265K(47488K) Class: 8253K(8384K)->8253K(8384K)
[43.494s][info][gc             ] GC(64) Pause Young (Allocation Failure) 449M->277M(442M) 2.496ms
[43.494s][info][gc,cpu         ] GC(64) User=0.00s Sys=0.00s Real=0.00s
[43.904s][info][gc,start       ] GC(65) Pause Young (Allocation Failure)
[43.908s][info][gc,heap        ] GC(65) PSYoungGen: 169540K(169984K)->1824K(165376K) Eden: 168900K(168960K)->0K(163328K) From: 640K(1024K)->1824K(2048K)
[43.908s][info][gc,heap        ] GC(65) ParOldGen: 283110K(283136K)->283134K(283136K)
[43.908s][info][gc,metaspace   ] GC(65) Metaspace: 55519K(55872K)->55519K(55872K) NonClass: 47265K(47488K)->47265K(47488K) Class: 8253K(8384K)->8253K(8384K)
[43.908s][info][gc             ] GC(65) Pause Young (Allocation Failure) 442M->278M(438M) 4.280ms
[43.908s][info][gc,cpu         ] GC(65) User=0.00s Sys=0.00s Real=0.01s
[44.437s][info][gc,start       ] GC(66) Pause Young (Allocation Failure)
[44.443s][info][gc,heap        ] GC(66) PSYoungGen: 165152K(165376K)->2815K(160768K) Eden: 163328K(163328K)->0K(157696K) From: 1824K(2048K)->2815K(3072K)
[44.443s][info][gc,heap        ] GC(66) ParOldGen: 283134K(283136K)->283158K(283648K)
[44.443s][info][gc,metaspace   ] GC(66) Metaspace: 55519K(55872K)->55519K(55872K) NonClass: 47265K(47488K)->47265K(47488K) Class: 8253K(8384K)->8253K(8384K)
[44.443s][info][gc             ] GC(66) Pause Young (Allocation Failure) 437M->279M(434M) 5.286ms
[44.443s][info][gc,cpu         ] GC(66) User=0.01s Sys=0.00s Real=0.00s
[44.821s][info][gc,start       ] GC(67) Pause Young (Allocation Failure)
[44.825s][info][gc,heap        ] GC(67) PSYoungGen: 160511K(160768K)->2143K(155136K) Eden: 157696K(157696K)->0K(152576K) From: 2815K(3072K)->2143K(2560K)
[44.825s][info][gc,heap        ] GC(67) ParOldGen: 283158K(283648K)->283182K(283648K)
[44.825s][info][gc,metaspace   ] GC(67) Metaspace: 55519K(55872K)->55519K(55872K) NonClass: 47265K(47488K)->47265K(47488K) Class: 8253K(8384K)->8253K(8384K)
[44.825s][info][gc             ] GC(67) Pause Young (Allocation Failure) 433M->278M(428M) 4.104ms
[44.825s][info][gc,cpu         ] GC(67) User=0.01s Sys=0.00s Real=0.00s
[45.218s][info][gc,start       ] GC(68) Pause Young (Allocation Failure)
[45.223s][info][gc,heap        ] GC(68) PSYoungGen: 154719K(155136K)->2463K(150016K) Eden: 152576K(152576K)->0K(147456K) From: 2143K(2560K)->2463K(2560K)
[45.223s][info][gc,heap        ] GC(68) ParOldGen: 283182K(283648K)->283206K(283648K)
[45.223s][info][gc,metaspace   ] GC(68) Metaspace: 55519K(55872K)->55519K(55872K) NonClass: 47265K(47488K)->47265K(47488K) Class: 8253K(8384K)->8253K(8384K)
[45.223s][info][gc             ] GC(68) Pause Young (Allocation Failure) 427M->278M(423M) 4.668ms
[45.223s][info][gc,cpu         ] GC(68) User=0.01s Sys=0.00s Real=0.00s
[45.611s][info][gc,start       ] GC(69) Pause Young (Allocation Failure)
[45.614s][info][gc,heap        ] GC(69) PSYoungGen: 149919K(150016K)->1535K(144384K) Eden: 147456K(147456K)->0K(142848K) From: 2463K(2560K)->1535K(1536K)
[45.614s][info][gc,heap        ] GC(69) ParOldGen: 283206K(283648K)->283230K(283648K)
[45.614s][info][gc,metaspace   ] GC(69) Metaspace: 55519K(55872K)->55519K(55872K) NonClass: 47265K(47488K)->47265K(47488K) Class: 8253K(8384K)->8253K(8384K)
[45.614s][info][gc             ] GC(69) Pause Young (Allocation Failure) 422M->278M(418M) 3.534ms
[45.614s][info][gc,cpu         ] GC(69) User=0.01s Sys=0.00s Real=0.00s
[45.997s][info][gc,start       ] GC(70) Pause Young (Allocation Failure)
[46.001s][info][gc,heap        ] GC(70) PSYoungGen: 144383K(144384K)->1535K(139776K) Eden: 142848K(142848K)->0K(138240K) From: 1535K(1536K)->1535K(1536K)
[46.001s][info][gc,heap        ] GC(70) ParOldGen: 283230K(283648K)->283246K(283648K)
[46.001s][info][gc,metaspace   ] GC(70) Metaspace: 55519K(55872K)->55519K(55872K) NonClass: 47265K(47488K)->47265K(47488K) Class: 8253K(8384K)->8253K(8384K)
[46.001s][info][gc             ] GC(70) Pause Young (Allocation Failure) 417M->278M(413M) 3.361ms
[46.001s][info][gc,cpu         ] GC(70) User=0.01s Sys=0.00s Real=0.00s
[46.321s][info][gc,start       ] GC(71) Pause Young (Allocation Failure)
[46.325s][info][gc,heap        ] GC(71) PSYoungGen: 139545K(139776K)->1568K(135680K) Eden: 138010K(138240K)->0K(133632K) From: 1535K(1536K)->1568K(2048K)
[46.325s][info][gc,heap        ] GC(71) ParOldGen: 283246K(283648K)->283262K(283648K)
[46.325s][info][gc,metaspace   ] GC(71) Metaspace: 55519K(55872K)->55519K(55872K) NonClass: 47265K(47488K)->47265K(47488K) Class: 8253K(8384K)->8253K(8384K)
[46.325s][info][gc             ] GC(71) Pause Young (Allocation Failure) 412M->278M(409M) 3.826ms
[46.325s][info][gc,cpu         ] GC(71) User=0.01s Sys=0.00s Real=0.00s
[46.695s][info][gc,start       ] GC(72) Pause Young (Allocation Failure)
[46.698s][info][gc,heap        ] GC(72) PSYoungGen: 135200K(135680K)->1375K(131072K) Eden: 133632K(133632K)->0K(129536K) From: 1568K(2048K)->1375K(1536K)
[46.698s][info][gc,heap        ] GC(72) ParOldGen: 283262K(283648K)->283278K(283648K)
[46.698s][info][gc,metaspace   ] GC(72) Metaspace: 55519K(55872K)->55519K(55872K) NonClass: 47265K(47488K)->47265K(47488K) Class: 8253K(8384K)->8253K(8384K)
[46.698s][info][gc             ] GC(72) Pause Young (Allocation Failure) 408M->277M(405M) 3.157ms
[46.698s][info][gc,cpu         ] GC(72) User=0.01s Sys=0.00s Real=0.01s
[47.011s][info][gc,start       ] GC(73) Pause Young (Allocation Failure)
[47.015s][info][gc,heap        ] GC(73) PSYoungGen: 130757K(131072K)->1951K(127488K) Eden: 129381K(129536K)->0K(125440K) From: 1375K(1536K)->1951K(2048K)
[47.015s][info][gc,heap        ] GC(73) ParOldGen: 283278K(283648K)->283294K(283648K)
[47.015s][info][gc,metaspace   ] GC(73) Metaspace: 55519K(55872K)->55519K(55872K) NonClass: 47265K(47488K)->47265K(47488K) Class: 8253K(8384K)->8253K(8384K)
[47.015s][info][gc             ] GC(73) Pause Young (Allocation Failure) 404M->278M(401M) 3.957ms
[47.015s][info][gc,cpu         ] GC(73) User=0.01s Sys=0.00s Real=0.00s
[47.321s][info][gc,start       ] GC(74) Pause Young (Allocation Failure)
[47.325s][info][gc,heap        ] GC(74) PSYoungGen: 127391K(127488K)->1887K(123392K) Eden: 125440K(125440K)->0K(121344K) From: 1951K(2048K)->1887K(2048K)
[47.325s][info][gc,heap        ] GC(74) ParOldGen: 283294K(283648K)->283318K(283648K)
[47.325s][info][gc,metaspace   ] GC(74) Metaspace: 55519K(55872K)->55519K(55872K) NonClass: 47265K(47488K)->47265K(47488K) Class: 8253K(8384K)->8253K(8384K)
[47.325s][info][gc             ] GC(74) Pause Young (Allocation Failure) 401M->278M(397M) 3.838ms
[47.325s][info][gc,cpu         ] GC(74) User=0.01s Sys=0.00s Real=0.00s
[47.632s][info][gc,start       ] GC(75) Pause Young (Allocation Failure)
[47.634s][info][gc,heap        ] GC(75) PSYoungGen: 123139K(123392K)->736K(118784K) Eden: 121252K(121344K)->0K(117760K) From: 1887K(2048K)->736K(1024K)
[47.634s][info][gc,heap        ] GC(75) ParOldGen: 283318K(283648K)->283334K(283648K)
[47.634s][info][gc,metaspace   ] GC(75) Metaspace: 55519K(55872K)->55519K(55872K) NonClass: 47265K(47488K)->47265K(47488K) Class: 8253K(8384K)->8253K(8384K)
[47.635s][info][gc             ] GC(75) Pause Young (Allocation Failure) 396M->277M(393M) 2.657ms
[47.635s][info][gc,cpu         ] GC(75) User=0.01s Sys=0.00s Real=0.00s
[47.979s][info][gc,start       ] GC(76) Pause Young (Allocation Failure)
[47.981s][info][gc,heap        ] GC(76) PSYoungGen: 118386K(118784K)->320K(114688K) Eden: 117650K(117760K)->0K(114176K) From: 736K(1024K)->320K(512K)
[47.981s][info][gc,heap        ] GC(76) ParOldGen: 283334K(283648K)->283350K(283648K)
[47.981s][info][gc,metaspace   ] GC(76) Metaspace: 55519K(55872K)->55519K(55872K) NonClass: 47265K(47488K)->47265K(47488K) Class: 8253K(8384K)->8253K(8384K)
[47.981s][info][gc             ] GC(76) Pause Young (Allocation Failure) 392M->277M(389M) 1.945ms
[47.981s][info][gc,cpu         ] GC(76) User=0.00s Sys=0.00s Real=0.00s
[48.237s][info][gc,start       ] GC(77) Pause Young (Allocation Failure)
[48.247s][info][gc,heap        ] GC(77) PSYoungGen: 114496K(114688K)->608K(138240K) Eden: 114176K(114176K)->0K(137216K) From: 320K(512K)->608K(1024K)
[48.247s][info][gc,heap        ] GC(77) ParOldGen: 283350K(283648K)->283366K(283648K)
[48.247s][info][gc,metaspace   ] GC(77) Metaspace: 55519K(55872K)->55519K(55872K) NonClass: 47265K(47488K)->47265K(47488K) Class: 8253K(8384K)->8253K(8384K)
[48.247s][info][gc             ] GC(77) Pause Young (Allocation Failure) 388M->277M(412M) 10.540ms
[48.247s][info][gc,cpu         ] GC(77) User=0.02s Sys=0.00s Real=0.01s
[48.608s][info][gc,start       ] GC(78) Pause Young (Allocation Failure)
[48.612s][info][gc,heap        ] GC(78) PSYoungGen: 137824K(138240K)->2080K(167424K) Eden: 137216K(137216K)->0K(164864K) From: 608K(1024K)->2080K(2560K)
[48.612s][info][gc,heap        ] GC(78) ParOldGen: 283366K(283648K)->283382K(283648K)
[48.612s][info][gc,metaspace   ] GC(78) Metaspace: 55519K(55872K)->55519K(55872K) NonClass: 47265K(47488K)->47265K(47488K) Class: 8253K(8384K)->8253K(8384K)
[48.612s][info][gc             ] GC(78) Pause Young (Allocation Failure) 411M->278M(440M) 4.351ms
[48.612s][info][gc,cpu         ] GC(78) User=0.01s Sys=0.00s Real=0.00s
[49.096s][info][gc,start       ] GC(79) Pause Young (Allocation Failure)
[49.100s][info][gc,heap        ] GC(79) PSYoungGen: 166736K(167424K)->2272K(200704K) Eden: 164656K(164864K)->0K(198144K) From: 2080K(2560K)->2272K(2560K)
[49.100s][info][gc,heap        ] GC(79) ParOldGen: 283382K(283648K)->283406K(283648K)
[49.100s][info][gc,metaspace   ] GC(79) Metaspace: 55519K(55872K)->55519K(55872K) NonClass: 47265K(47488K)->47265K(47488K) Class: 8253K(8384K)->8253K(8384K)
[49.100s][info][gc             ] GC(79) Pause Young (Allocation Failure) 439M->278M(473M) 4.702ms
[49.100s][info][gc,cpu         ] GC(79) User=0.01s Sys=0.00s Real=0.01s
[49.539s][info][gc,start       ] GC(80) Pause Young (Allocation Failure)
[49.541s][info][gc,heap        ] GC(80) PSYoungGen: 200416K(200704K)->352K(239616K) Eden: 198144K(198144K)->0K(236032K) From: 2272K(2560K)->352K(3584K)
[49.541s][info][gc,heap        ] GC(80) ParOldGen: 283406K(283648K)->283422K(283648K)
[49.541s][info][gc,metaspace   ] GC(80) Metaspace: 55525K(55872K)->55525K(55872K) NonClass: 47271K(47488K)->47271K(47488K) Class: 8253K(8384K)->8253K(8384K)
[49.541s][info][gc             ] GC(80) Pause Young (Allocation Failure) 472M->277M(511M) 2.055ms
[49.541s][info][gc,cpu         ] GC(80) User=0.00s Sys=0.00s Real=0.00s
[50.190s][info][gc,start       ] GC(81) Pause Young (Allocation Failure)
[50.193s][info][gc,heap        ] GC(81) PSYoungGen: 236384K(239616K)->703K(227840K) Eden: 236032K(236032K)->0K(226816K) From: 352K(3584K)->703K(1024K)
[50.193s][info][gc,heap        ] GC(81) ParOldGen: 283422K(283648K)->283446K(283648K)
[50.193s][info][gc,metaspace   ] GC(81) Metaspace: 55525K(55872K)->55525K(55872K) NonClass: 47271K(47488K)->47271K(47488K) Class: 8253K(8384K)->8253K(8384K)
[50.193s][info][gc             ] GC(81) Pause Young (Allocation Failure) 507M->277M(499M) 2.911ms
[50.193s][info][gc,cpu         ] GC(81) User=0.01s Sys=0.01s Real=0.00s
[50.785s][info][gc,start       ] GC(82) Pause Young (Allocation Failure)
[50.787s][info][gc,heap        ] GC(82) PSYoungGen: 227436K(227840K)->544K(219136K) Eden: 226732K(226816K)->0K(218112K) From: 703K(1024K)->544K(1024K)
[50.787s][info][gc,heap        ] GC(82) ParOldGen: 283446K(283648K)->283470K(283648K)
[50.787s][info][gc,metaspace   ] GC(82) Metaspace: 55525K(55872K)->55525K(55872K) NonClass: 47271K(47488K)->47271K(47488K) Class: 8253K(8384K)->8253K(8384K)
[50.787s][info][gc             ] GC(82) Pause Young (Allocation Failure) 498M->277M(491M) 2.345ms
[50.787s][info][gc,cpu         ] GC(82) User=0.01s Sys=0.00s Real=0.01s
[51.310s][info][gc,start       ] GC(83) Pause Young (Allocation Failure)
[51.314s][info][gc,heap        ] GC(83) PSYoungGen: 218656K(219136K)->1664K(211968K) Eden: 218112K(218112K)->0K(209920K) From: 544K(1024K)->1664K(2048K)
[51.314s][info][gc,heap        ] GC(83) ParOldGen: 283470K(283648K)->283494K(283648K)
[51.314s][info][gc,metaspace   ] GC(83) Metaspace: 55525K(55872K)->55525K(55872K) NonClass: 47271K(47488K)->47271K(47488K) Class: 8253K(8384K)->8253K(8384K)
[51.314s][info][gc             ] GC(83) Pause Young (Allocation Failure) 490M->278M(484M) 3.981ms
[51.314s][info][gc,cpu         ] GC(83) User=0.01s Sys=0.00s Real=0.00s
[51.858s][info][gc,start       ] GC(84) Pause Young (Allocation Failure)
[51.860s][info][gc,heap        ] GC(84) PSYoungGen: 211584K(211968K)->831K(203264K) Eden: 209920K(209920K)->0K(202240K) From: 1664K(2048K)->831K(1024K)
[51.860s][info][gc,heap        ] GC(84) ParOldGen: 283494K(283648K)->283510K(283648K)
[51.860s][info][gc,metaspace   ] GC(84) Metaspace: 55525K(55872K)->55525K(55872K) NonClass: 47271K(47488K)->47271K(47488K) Class: 8253K(8384K)->8253K(8384K)
[51.860s][info][gc             ] GC(84) Pause Young (Allocation Failure) 483M->277M(475M) 2.418ms
[51.860s][info][gc,cpu         ] GC(84) User=0.01s Sys=0.00s Real=0.00s
[52.395s][info][gc,start       ] GC(85) Pause Young (Allocation Failure)
[52.399s][info][gc,heap        ] GC(85) PSYoungGen: 203071K(203264K)->1503K(196608K) Eden: 202240K(202240K)->0K(195072K) From: 831K(1024K)->1503K(1536K)
[52.399s][info][gc,heap        ] GC(85) ParOldGen: 283510K(283648K)->283526K(283648K)
[52.399s][info][gc,metaspace   ] GC(85) Metaspace: 55525K(55872K)->55525K(55872K) NonClass: 47271K(47488K)->47271K(47488K) Class: 8253K(8384K)->8253K(8384K)
[52.399s][info][gc             ] GC(85) Pause Young (Allocation Failure) 475M->278M(469M) 3.301ms
[52.399s][info][gc,cpu         ] GC(85) User=0.00s Sys=0.00s Real=0.01s
[52.923s][info][gc,start       ] GC(86) Pause Young (Allocation Failure)
[52.933s][info][gc,heap        ] GC(86) PSYoungGen: 196575K(196608K)->1937K(189952K) Eden: 195072K(195072K)->0K(187904K) From: 1503K(1536K)->1937K(2048K)
[52.933s][info][gc,heap        ] GC(86) ParOldGen: 283526K(283648K)->283542K(283648K)
[52.935s][info][gc,metaspace   ] GC(86) Metaspace: 55525K(55872K)->55525K(55872K) NonClass: 47271K(47488K)->47271K(47488K) Class: 8253K(8384K)->8253K(8384K)
[52.935s][info][gc             ] GC(86) Pause Young (Allocation Failure) 468M->278M(462M) 11.811ms
[52.935s][info][gc,cpu         ] GC(86) User=0.01s Sys=0.00s Real=0.01s
[53.392s][info][gc,start       ] GC(87) Pause Young (Allocation Failure)
[53.397s][info][gc,heap        ] GC(87) PSYoungGen: 189841K(189952K)->800K(182272K) Eden: 187904K(187904K)->0K(181248K) From: 1937K(2048K)->800K(1024K)
[53.397s][info][gc,heap        ] GC(87) ParOldGen: 283542K(283648K)->283566K(283648K)
[53.397s][info][gc,metaspace   ] GC(87) Metaspace: 55525K(55872K)->55525K(55872K) NonClass: 47271K(47488K)->47271K(47488K) Class: 8253K(8384K)->8253K(8384K)
[53.397s][info][gc             ] GC(87) Pause Young (Allocation Failure) 462M->277M(455M) 4.654ms
[53.397s][info][gc,cpu         ] GC(87) User=0.01s Sys=0.00s Real=0.01s
[53.825s][info][gc,start       ] GC(88) Pause Young (Allocation Failure)
[53.828s][info][gc,heap        ] GC(88) PSYoungGen: 182048K(182272K)->1056K(176640K) Eden: 181248K(181248K)->0K(175104K) From: 800K(1024K)->1056K(1536K)
[53.828s][info][gc,heap        ] GC(88) ParOldGen: 283566K(283648K)->283590K(283648K)
[53.828s][info][gc,metaspace   ] GC(88) Metaspace: 55525K(55872K)->55525K(55872K) NonClass: 47271K(47488K)->47271K(47488K) Class: 8253K(8384K)->8253K(8384K)
[53.828s][info][gc             ] GC(88) Pause Young (Allocation Failure) 454M->277M(449M) 3.048ms
[53.828s][info][gc,cpu         ] GC(88) User=0.01s Sys=0.00s Real=0.01s
[54.304s][info][gc,start       ] GC(89) Pause Young (Allocation Failure)
[54.307s][info][gc,heap        ] GC(89) PSYoungGen: 176160K(176640K)->1664K(171008K) Eden: 175104K(175104K)->0K(168960K) From: 1056K(1536K)->1664K(2048K)
[54.307s][info][gc,heap        ] GC(89) ParOldGen: 283590K(283648K)->283614K(283648K)
[54.307s][info][gc,metaspace   ] GC(89) Metaspace: 55525K(55872K)->55525K(55872K) NonClass: 47271K(47488K)->47271K(47488K) Class: 8253K(8384K)->8253K(8384K)
[54.307s][info][gc             ] GC(89) Pause Young (Allocation Failure) 448M->278M(444M) 3.747ms
[54.307s][info][gc,cpu         ] GC(89) User=0.01s Sys=0.00s Real=0.01s
[54.722s][info][gc,start       ] GC(90) Pause Young (Allocation Failure)
[54.725s][info][gc,heap        ] GC(90) PSYoungGen: 170624K(171008K)->1472K(164864K) Eden: 168960K(168960K)->0K(163328K) From: 1664K(2048K)->1472K(1536K)
[54.725s][info][gc,heap        ] GC(90) ParOldGen: 283614K(283648K)->283638K(283648K)
[54.725s][info][gc,metaspace   ] GC(90) Metaspace: 55525K(55872K)->55525K(55872K) NonClass: 47271K(47488K)->47271K(47488K) Class: 8253K(8384K)->8253K(8384K)
[54.725s][info][gc             ] GC(90) Pause Young (Allocation Failure) 443M->278M(438M) 3.640ms
[54.725s][info][gc,cpu         ] GC(90) User=0.00s Sys=0.00s Real=0.00s
[55.147s][info][gc,start       ] GC(91) Pause Young (Allocation Failure)
[55.150s][info][gc,heap        ] GC(91) PSYoungGen: 164800K(164864K)->503K(158208K) Eden: 163328K(163328K)->0K(157696K) From: 1472K(1536K)->503K(512K)
[55.150s][info][gc,heap        ] GC(91) ParOldGen: 283638K(283648K)->283654K(284160K)
[55.150s][info][gc,metaspace   ] GC(91) Metaspace: 55525K(55872K)->55525K(55872K) NonClass: 47271K(47488K)->47271K(47488K) Class: 8253K(8384K)->8253K(8384K)
[55.150s][info][gc             ] GC(91) Pause Young (Allocation Failure) 437M->277M(432M) 2.134ms
[55.150s][info][gc,cpu         ] GC(91) User=0.01s Sys=0.00s Real=0.00s
[55.586s][info][gc,start       ] GC(92) Pause Young (Allocation Failure)
[55.588s][info][gc,heap        ] GC(92) PSYoungGen: 158199K(158208K)->276K(155648K) Eden: 157696K(157696K)->0K(152576K) From: 503K(512K)->276K(3072K)
[55.588s][info][gc,heap        ] GC(92) ParOldGen: 283654K(284160K)->283670K(284160K)
[55.588s][info][gc,metaspace   ] GC(92) Metaspace: 55525K(55872K)->55525K(55872K) NonClass: 47271K(47488K)->47271K(47488K) Class: 8253K(8384K)->8253K(8384K)
[55.588s][info][gc             ] GC(92) Pause Young (Allocation Failure) 431M->277M(429M) 1.793ms
[55.588s][info][gc,cpu         ] GC(92) User=0.01s Sys=0.00s Real=0.00s
[55.937s][info][gc,start       ] GC(93) Pause Young (Allocation Failure)
[55.940s][info][gc,heap        ] GC(93) PSYoungGen: 152852K(155648K)->927K(148480K) Eden: 152576K(152576K)->0K(147456K) From: 276K(3072K)->927K(1024K)
[55.940s][info][gc,heap        ] GC(93) ParOldGen: 283670K(284160K)->283686K(284160K)
[55.940s][info][gc,metaspace   ] GC(93) Metaspace: 55525K(55872K)->55525K(55872K) NonClass: 47271K(47488K)->47271K(47488K) Class: 8253K(8384K)->8253K(8384K)
[55.940s][info][gc             ] GC(93) Pause Young (Allocation Failure) 426M->277M(422M) 2.573ms
[55.940s][info][gc,cpu         ] GC(93) User=0.00s Sys=0.00s Real=0.00s
[56.477s][info][gc,start       ] GC(94) Pause Young (Allocation Failure)
[56.481s][info][gc,heap        ] GC(94) PSYoungGen: 148383K(148480K)->2015K(144896K) Eden: 147456K(147456K)->0K(142848K) From: 927K(1024K)->2015K(2048K)
[56.481s][info][gc,heap        ] GC(94) ParOldGen: 283686K(284160K)->283710K(284160K)
[56.481s][info][gc,metaspace   ] GC(94) Metaspace: 55525K(55872K)->55525K(55872K) NonClass: 47271K(47488K)->47271K(47488K) Class: 8253K(8384K)->8253K(8384K)
[56.481s][info][gc             ] GC(94) Pause Young (Allocation Failure) 421M->279M(419M) 3.914ms
[56.481s][info][gc,cpu         ] GC(94) User=0.01s Sys=0.00s Real=0.00s
[56.812s][info][gc,start       ] GC(95) Pause Young (Allocation Failure)
[56.815s][info][gc,heap        ] GC(95) PSYoungGen: 144863K(144896K)->1280K(139776K) Eden: 142848K(142848K)->0K(138240K) From: 2015K(2048K)->1280K(1536K)
[56.815s][info][gc,heap        ] GC(95) ParOldGen: 283710K(284160K)->283726K(284160K)
[56.815s][info][gc,metaspace   ] GC(95) Metaspace: 55525K(55872K)->55525K(55872K) NonClass: 47271K(47488K)->47271K(47488K) Class: 8253K(8384K)->8253K(8384K)
[56.815s][info][gc             ] GC(95) Pause Young (Allocation Failure) 418M->278M(414M) 3.395ms
[56.815s][info][gc,cpu         ] GC(95) User=0.01s Sys=0.00s Real=0.00s
[57.190s][info][gc,start       ] GC(96) Pause Young (Allocation Failure)
[57.195s][info][gc,heap        ] GC(96) PSYoungGen: 139520K(139776K)->607K(134656K) Eden: 138240K(138240K)->0K(133632K) From: 1280K(1536K)->607K(1024K)
[57.195s][info][gc,heap        ] GC(96) ParOldGen: 283726K(284160K)->283742K(284160K)
[57.195s][info][gc,metaspace   ] GC(96) Metaspace: 55525K(55872K)->55525K(55872K) NonClass: 47271K(47488K)->47271K(47488K) Class: 8253K(8384K)->8253K(8384K)
[57.195s][info][gc             ] GC(96) Pause Young (Allocation Failure) 413M->277M(409M) 4.981ms
[57.195s][info][gc,cpu         ] GC(96) User=0.01s Sys=0.00s Real=0.00s
[57.507s][info][gc,start       ] GC(97) Pause Young (Allocation Failure)
[57.513s][info][gc,heap        ] GC(97) PSYoungGen: 134239K(134656K)->2111K(163328K) Eden: 133632K(133632K)->0K(160768K) From: 607K(1024K)->2111K(2560K)
[57.513s][info][gc,heap        ] GC(97) ParOldGen: 283742K(284160K)->283766K(284160K)
[57.513s][info][gc,metaspace   ] GC(97) Metaspace: 55525K(55872K)->55525K(55872K) NonClass: 47271K(47488K)->47271K(47488K) Class: 8253K(8384K)->8253K(8384K)
[57.513s][info][gc             ] GC(97) Pause Young (Allocation Failure) 408M->279M(437M) 6.253ms
[57.513s][info][gc,cpu         ] GC(97) User=0.00s Sys=0.00s Real=0.00s
[57.917s][info][gc,start       ] GC(98) Pause Young (Allocation Failure)
[57.922s][info][gc,heap        ] GC(98) PSYoungGen: 162795K(163328K)->1984K(195072K) Eden: 160683K(160768K)->0K(193024K) From: 2111K(2560K)->1984K(2048K)
[57.922s][info][gc,heap        ] GC(98) ParOldGen: 283766K(284160K)->283782K(284160K)
[57.922s][info][gc,metaspace   ] GC(98) Metaspace: 55525K(55872K)->55525K(55872K) NonClass: 47271K(47488K)->47271K(47488K) Class: 8253K(8384K)->8253K(8384K)
[57.922s][info][gc             ] GC(98) Pause Young (Allocation Failure) 436M->279M(468M) 4.483ms
[57.922s][info][gc,cpu         ] GC(98) User=0.01s Sys=0.00s Real=0.00s
[58.424s][info][gc,start       ] GC(99) Pause Young (Allocation Failure)
[58.428s][info][gc,heap        ] GC(99) PSYoungGen: 194808K(195072K)->1824K(217600K) Eden: 192824K(193024K)->0K(215552K) From: 1984K(2048K)->1824K(2048K)
[58.428s][info][gc,heap        ] GC(99) ParOldGen: 283782K(284160K)->283806K(284160K)
[58.428s][info][gc,metaspace   ] GC(99) Metaspace: 55525K(55872K)->55525K(55872K) NonClass: 47271K(47488K)->47271K(47488K) Class: 8253K(8384K)->8253K(8384K)
[58.428s][info][gc             ] GC(99) Pause Young (Allocation Failure) 467M->278M(490M) 4.092ms
[58.428s][info][gc,cpu         ] GC(99) User=0.00s Sys=0.00s Real=0.01s
[60.097s][info][gc,start       ] GC(100) Pause Young (Allocation Failure)
[60.099s][info][gc,heap        ] GC(100) PSYoungGen: 213356K(217600K)->128K(207872K) Eden: 211532K(215552K)->0K(207360K) From: 1824K(2048K)->128K(512K)
[60.099s][info][gc,heap        ] GC(100) ParOldGen: 283806K(284160K)->283822K(284160K)
[60.099s][info][gc,metaspace   ] GC(100) Metaspace: 55735K(56128K)->55735K(56128K) NonClass: 47442K(47744K)->47442K(47744K) Class: 8292K(8384K)->8292K(8384K)
[60.099s][info][gc             ] GC(100) Pause Young (Allocation Failure) 485M->277M(480M) 2.102ms
[60.099s][info][gc,cpu         ] GC(100) User=0.01s Sys=0.00s Real=0.00s
[61.885s][info][gc,start       ] GC(101) Pause Young (Allocation Failure)
[61.978s][info][gc,heap        ] GC(101) PSYoungGen: 207365K(207872K)->3063K(173056K) Eden: 207237K(207360K)->0K(169984K) From: 128K(512K)->3063K(3072K)
[61.978s][info][gc,heap        ] GC(101) ParOldGen: 283822K(284160K)->397989K(398336K)
[61.978s][info][gc,metaspace   ] GC(101) Metaspace: 56053K(56448K)->56053K(56448K) NonClass: 47760K(48064K)->47760K(48064K) Class: 8292K(8384K)->8292K(8384K)
[61.978s][info][gc             ] GC(101) Pause Young (Allocation Failure) 479M->391M(558M) 93.134ms
[61.978s][info][gc,cpu         ] GC(101) User=0.11s Sys=0.07s Real=0.10s
[62.401s][info][gc,start       ] GC(102) Pause Young (Allocation Failure)
[62.417s][info][gc,heap        ] GC(102) PSYoungGen: 173047K(173056K)->8787K(216064K) Eden: 169984K(169984K)->0K(169984K) From: 3063K(3072K)->8787K(46080K)
[62.417s][info][gc,heap        ] GC(102) ParOldGen: 397989K(398336K)->401057K(401408K)
[62.417s][info][gc,metaspace   ] GC(102) Metaspace: 56054K(56448K)->56054K(56448K) NonClass: 47761K(48064K)->47761K(48064K) Class: 8292K(8384K)->8292K(8384K)
[62.417s][info][gc             ] GC(102) Pause Young (Allocation Failure) 557M->400M(603M) 16.368ms
[62.417s][info][gc,cpu         ] GC(102) User=0.02s Sys=0.01s Real=0.02s
[62.797s][info][gc,start       ] GC(103) Pause Young (Allocation Failure)
[62.806s][info][gc,heap        ] GC(103) PSYoungGen: 178743K(216064K)->640K(245760K) Eden: 169956K(169984K)->0K(204288K) From: 8787K(46080K)->640K(41472K)
[62.806s][info][gc,heap        ] GC(103) ParOldGen: 401057K(401408K)->407880K(408064K)
[62.806s][info][gc,metaspace   ] GC(103) Metaspace: 56055K(56448K)->56055K(56448K) NonClass: 47762K(48064K)->47762K(48064K) Class: 8292K(8384K)->8292K(8384K)
[62.806s][info][gc             ] GC(103) Pause Young (Allocation Failure) 566M->398M(638M) 8.373ms
[62.806s][info][gc,cpu         ] GC(103) User=0.01s Sys=0.01s Real=0.00s
[63.324s][info][gc,start       ] GC(104) Pause Young (Allocation Failure)
[63.327s][info][gc,heap        ] GC(104) PSYoungGen: 204928K(245760K)->1375K(246784K) Eden: 204288K(204288K)->0K(204288K) From: 640K(41472K)->1375K(42496K)
[63.327s][info][gc,heap        ] GC(104) ParOldGen: 407880K(408064K)->407896K(408064K)
[63.327s][info][gc,metaspace   ] GC(104) Metaspace: 56055K(56448K)->56055K(56448K) NonClass: 47762K(48064K)->47762K(48064K) Class: 8292K(8384K)->8292K(8384K)
[63.327s][info][gc             ] GC(104) Pause Young (Allocation Failure) 598M->399M(639M) 3.290ms
[63.328s][info][gc,cpu         ] GC(104) User=0.00s Sys=0.00s Real=0.01s
[63.860s][info][gc,start       ] GC(105) Pause Young (Allocation Failure)
[63.863s][info][gc,heap        ] GC(105) PSYoungGen: 205358K(246784K)->608K(283136K) Eden: 203983K(204288K)->0K(245248K) From: 1375K(42496K)->608K(37888K)
[63.863s][info][gc,heap        ] GC(105) ParOldGen: 407896K(408064K)->407912K(408064K)
[63.863s][info][gc,metaspace   ] GC(105) Metaspace: 56062K(56448K)->56062K(56448K) NonClass: 47769K(48064K)->47769K(48064K) Class: 8292K(8384K)->8292K(8384K)
[63.863s][info][gc             ] GC(105) Pause Young (Allocation Failure) 598M->398M(675M) 2.987ms
[63.863s][info][gc,cpu         ] GC(105) User=0.01s Sys=0.01s Real=0.00s
[64.566s][info][gc,start       ] GC(106) Pause Young (Allocation Failure)
[64.569s][info][gc,heap        ] GC(106) PSYoungGen: 245856K(283136K)->704K(284672K) Eden: 245248K(245248K)->0K(245248K) From: 608K(37888K)->704K(39424K)
[64.569s][info][gc,heap        ] GC(106) ParOldGen: 407912K(408064K)->407928K(408064K)
[64.569s][info][gc,metaspace   ] GC(106) Metaspace: 56062K(56448K)->56062K(56448K) NonClass: 47769K(48064K)->47769K(48064K) Class: 8292K(8384K)->8292K(8384K)
[64.569s][info][gc             ] GC(106) Pause Young (Allocation Failure) 638M->399M(676M) 2.901ms
[64.569s][info][gc,cpu         ] GC(106) User=0.00s Sys=0.00s Real=0.00s
[65.114s][info][gc,start       ] GC(107) Pause Young (Allocation Failure)
[65.119s][info][gc,heap        ] GC(107) PSYoungGen: 245952K(284672K)->1824K(291328K) Eden: 245248K(245248K)->0K(256512K) From: 704K(39424K)->1824K(34816K)
[65.119s][info][gc,heap        ] GC(107) ParOldGen: 407928K(408064K)->407944K(408064K)
[65.119s][info][gc,metaspace   ] GC(107) Metaspace: 56063K(56448K)->56063K(56448K) NonClass: 47770K(48064K)->47770K(48064K) Class: 8292K(8384K)->8292K(8384K)
[65.119s][info][gc             ] GC(107) Pause Young (Allocation Failure) 638M->400M(683M) 4.963ms
[65.119s][info][gc,cpu         ] GC(107) User=0.01s Sys=0.00s Real=0.01s
[65.804s][info][gc,start       ] GC(108) Pause Young (Allocation Failure)
[65.809s][info][gc,heap        ] GC(108) PSYoungGen: 258336K(291328K)->1631K(292864K) Eden: 256512K(256512K)->0K(256512K) From: 1824K(34816K)->1631K(36352K)
[65.809s][info][gc,heap        ] GC(108) ParOldGen: 407944K(408064K)->407968K(408064K)
[65.809s][info][gc,metaspace   ] GC(108) Metaspace: 56063K(56448K)->56063K(56448K) NonClass: 47770K(48064K)->47770K(48064K) Class: 8292K(8384K)->8292K(8384K)
[65.809s][info][gc             ] GC(108) Pause Young (Allocation Failure) 650M->400M(684M) 5.169ms
[65.809s][info][gc,cpu         ] GC(108) User=0.01s Sys=0.00s Real=0.01s
[66.516s][info][gc,start       ] GC(109) Pause Young (Allocation Failure)
[66.523s][info][gc,heap        ] GC(109) PSYoungGen: 258143K(292864K)->3262K(293888K) Eden: 256512K(256512K)->0K(263168K) From: 1631K(36352K)->3262K(30720K)
[66.523s][info][gc,heap        ] GC(109) ParOldGen: 407968K(408064K)->407984K(408064K)
[66.523s][info][gc,metaspace   ] GC(109) Metaspace: 56063K(56448K)->56063K(56448K) NonClass: 47770K(48064K)->47770K(48064K) Class: 8292K(8384K)->8292K(8384K)
[66.523s][info][gc             ] GC(109) Pause Young (Allocation Failure) 650M->401M(685M) 6.801ms
[66.523s][info][gc,cpu         ] GC(109) User=0.01s Sys=0.00s Real=0.00s
[67.109s][info][gc,start       ] GC(110) Pause Young (Allocation Failure)
[67.114s][info][gc,heap        ] GC(110) PSYoungGen: 266430K(293888K)->1663K(254976K) Eden: 263168K(263168K)->0K(252928K) From: 3262K(30720K)->1663K(2048K)
[67.114s][info][gc,heap        ] GC(110) ParOldGen: 407984K(408064K)->408000K(408064K)
[67.114s][info][gc,metaspace   ] GC(110) Metaspace: 56063K(56448K)->56063K(56448K) NonClass: 47770K(48064K)->47770K(48064K) Class: 8292K(8384K)->8292K(8384K)
[67.114s][info][gc             ] GC(110) Pause Young (Allocation Failure) 658M->400M(647M) 4.365ms
[67.114s][info][gc,cpu         ] GC(110) User=0.01s Sys=0.00s Real=0.00s
[67.786s][info][gc,start       ] GC(111) Pause Young (Allocation Failure)
[67.788s][info][gc,heap        ] GC(111) PSYoungGen: 254591K(254976K)->415K(261120K) Eden: 252928K(252928K)->0K(243200K) From: 1663K(2048K)->415K(17920K)
[67.788s][info][gc,heap        ] GC(111) ParOldGen: 408000K(408064K)->408032K(408064K)
[67.788s][info][gc,metaspace   ] GC(111) Metaspace: 56063K(56448K)->56063K(56448K) NonClass: 47770K(48064K)->47770K(48064K) Class: 8292K(8384K)->8292K(8384K)
[67.788s][info][gc             ] GC(111) Pause Young (Allocation Failure) 647M->398M(653M) 2.424ms
[67.788s][info][gc,cpu         ] GC(111) User=0.01s Sys=0.00s Real=0.00s
[68.398s][info][gc,start       ] GC(112) Pause Young (Allocation Failure)
[68.401s][info][gc,heap        ] GC(112) PSYoungGen: 243615K(261120K)->1344K(235520K) Eden: 243200K(243200K)->0K(233984K) From: 415K(17920K)->1344K(1536K)
[68.401s][info][gc,heap        ] GC(112) ParOldGen: 408032K(408064K)->408056K(408064K)
[68.401s][info][gc,metaspace   ] GC(112) Metaspace: 56063K(56448K)->56063K(56448K) NonClass: 47770K(48064K)->47770K(48064K) Class: 8292K(8384K)->8292K(8384K)
[68.401s][info][gc             ] GC(112) Pause Young (Allocation Failure) 636M->399M(628M) 3.924ms
[68.401s][info][gc,cpu         ] GC(112) User=0.01s Sys=0.00s Real=0.00s
[69.002s][info][gc,start       ] GC(113) Pause Young (Allocation Failure)
[69.006s][info][gc,heap        ] GC(113) PSYoungGen: 235328K(235520K)->1502K(241152K) Eden: 233984K(233984K)->0K(225280K) From: 1344K(1536K)->1502K(15872K)
[69.006s][info][gc,heap        ] GC(113) ParOldGen: 408056K(408064K)->408072K(408576K)
[69.006s][info][gc,metaspace   ] GC(113) Metaspace: 56063K(56448K)->56063K(56448K) NonClass: 47770K(48064K)->47770K(48064K) Class: 8292K(8384K)->8292K(8384K)
[69.006s][info][gc             ] GC(113) Pause Young (Allocation Failure) 628M->399M(634M) 3.828ms
[69.006s][info][gc,cpu         ] GC(113) User=0.01s Sys=0.00s Real=0.01s
[69.586s][info][gc,start       ] GC(114) Pause Young (Allocation Failure)
[69.588s][info][gc,heap        ] GC(114) PSYoungGen: 226782K(241152K)->287K(217088K) Eden: 225280K(225280K)->0K(216576K) From: 1502K(15872K)->287K(512K)
[69.588s][info][gc,heap        ] GC(114) ParOldGen: 408072K(408576K)->408088K(408576K)
[69.588s][info][gc,metaspace   ] GC(114) Metaspace: 56067K(56448K)->56067K(56448K) NonClass: 47774K(48064K)->47774K(48064K) Class: 8292K(8384K)->8292K(8384K)
[69.588s][info][gc             ] GC(114) Pause Young (Allocation Failure) 619M->398M(611M) 2.127ms
[69.588s][info][gc,cpu         ] GC(114) User=0.01s Sys=0.00s Real=0.00s
[70.113s][info][gc,start       ] GC(115) Pause Young (Allocation Failure)
[70.117s][info][gc,heap        ] GC(115) PSYoungGen: 216863K(217088K)->1311K(222720K) Eden: 216576K(216576K)->0K(208384K) From: 287K(512K)->1311K(14336K)
[70.117s][info][gc,heap        ] GC(115) ParOldGen: 408088K(408576K)->408104K(408576K)
[70.117s][info][gc,metaspace   ] GC(115) Metaspace: 56067K(56448K)->56067K(56448K) NonClass: 47774K(48064K)->47774K(48064K) Class: 8292K(8384K)->8292K(8384K)
[70.117s][info][gc             ] GC(115) Pause Young (Allocation Failure) 610M->399M(616M) 3.756ms
[70.117s][info][gc,cpu         ] GC(115) User=0.00s Sys=0.00s Real=0.01s
[70.631s][info][gc,start       ] GC(116) Pause Young (Allocation Failure)
[70.634s][info][gc,heap        ] GC(116) PSYoungGen: 209695K(222720K)->256K(201216K) Eden: 208384K(208384K)->0K(200704K) From: 1311K(14336K)->256K(512K)
[70.634s][info][gc,heap        ] GC(116) ParOldGen: 408104K(408576K)->408120K(408576K)
[70.634s][info][gc,metaspace   ] GC(116) Metaspace: 56067K(56448K)->56067K(56448K) NonClass: 47774K(48064K)->47774K(48064K) Class: 8292K(8384K)->8292K(8384K)
[70.634s][info][gc             ] GC(116) Pause Young (Allocation Failure) 603M->398M(595M) 2.799ms
[70.634s][info][gc,cpu         ] GC(116) User=0.00s Sys=0.00s Real=0.00s
[71.192s][info][gc,start       ] GC(117) Pause Young (Allocation Failure)
[71.196s][info][gc,heap        ] GC(117) PSYoungGen: 200960K(201216K)->885K(206336K) Eden: 200704K(200704K)->0K(193536K) From: 256K(512K)->885K(12800K)
[71.196s][info][gc,heap        ] GC(117) ParOldGen: 408120K(408576K)->408136K(408576K)
[71.196s][info][gc,metaspace   ] GC(117) Metaspace: 56067K(56448K)->56067K(56448K) NonClass: 47774K(48064K)->47774K(48064K) Class: 8292K(8384K)->8292K(8384K)
[71.196s][info][gc             ] GC(117) Pause Young (Allocation Failure) 594M->399M(600M) 3.452ms
[71.196s][info][gc,cpu         ] GC(117) User=0.01s Sys=0.00s Real=0.01s
[71.689s][info][gc,start       ] GC(118) Pause Young (Allocation Failure)
[71.692s][info][gc,heap        ] GC(118) PSYoungGen: 194421K(206336K)->575K(187392K) Eden: 193536K(193536K)->0K(186368K) From: 885K(12800K)->575K(1024K)
[71.692s][info][gc,heap        ] GC(118) ParOldGen: 408136K(408576K)->408152K(408576K)
[71.692s][info][gc,metaspace   ] GC(118) Metaspace: 56067K(56448K)->56067K(56448K) NonClass: 47774K(48064K)->47774K(48064K) Class: 8292K(8384K)->8292K(8384K)
[71.692s][info][gc             ] GC(118) Pause Young (Allocation Failure) 588M->399M(582M) 3.155ms
[71.692s][info][gc,cpu         ] GC(118) User=0.01s Sys=0.00s Real=0.00s
[72.152s][info][gc,start       ] GC(119) Pause Young (Allocation Failure)
[72.156s][info][gc,heap        ] GC(119) PSYoungGen: 186827K(187392K)->1152K(190464K) Eden: 186252K(186368K)->0K(179712K) From: 575K(1024K)->1152K(10752K)
[72.156s][info][gc,heap        ] GC(119) ParOldGen: 408152K(408576K)->408168K(408576K)
[72.156s][info][gc,metaspace   ] GC(119) Metaspace: 56069K(56448K)->56069K(56448K) NonClass: 47776K(48064K)->47776K(48064K) Class: 8292K(8384K)->8292K(8384K)
[72.156s][info][gc             ] GC(119) Pause Young (Allocation Failure) 581M->399M(585M) 3.920ms
[72.156s][info][gc,cpu         ] GC(119) User=0.01s Sys=0.00s Real=0.01s
[72.603s][info][gc,start       ] GC(120) Pause Young (Allocation Failure)
[72.608s][info][gc,heap        ] GC(120) PSYoungGen: 180864K(190464K)->1823K(175616K) Eden: 179712K(179712K)->0K(173568K) From: 1152K(10752K)->1823K(2048K)
[72.608s][info][gc,heap        ] GC(120) ParOldGen: 408168K(408576K)->408184K(408576K)
[72.608s][info][gc,metaspace   ] GC(120) Metaspace: 56069K(56448K)->56069K(56448K) NonClass: 47776K(48064K)->47776K(48064K) Class: 8292K(8384K)->8292K(8384K)
[72.608s][info][gc             ] GC(120) Pause Young (Allocation Failure) 575M->400M(570M) 4.453ms
[72.608s][info][gc,cpu         ] GC(120) User=0.00s Sys=0.01s Real=0.01s
[73.026s][info][gc,start       ] GC(121) Pause Young (Allocation Failure)
[73.031s][info][gc,heap        ] GC(121) PSYoungGen: 175391K(175616K)->1983K(176128K) Eden: 173568K(173568K)->0K(167424K) From: 1823K(2048K)->1983K(8704K)
[73.031s][info][gc,heap        ] GC(121) ParOldGen: 408184K(408576K)->408200K(408576K)
[73.031s][info][gc,metaspace   ] GC(121) Metaspace: 56069K(56448K)->56069K(56448K) NonClass: 47776K(48064K)->47776K(48064K) Class: 8292K(8384K)->8292K(8384K)
[73.031s][info][gc             ] GC(121) Pause Young (Allocation Failure) 569M->400M(571M) 4.584ms
[73.031s][info][gc,cpu         ] GC(121) User=0.01s Sys=0.01s Real=0.00s
[73.489s][info][gc,start       ] GC(122) Pause Young (Allocation Failure)
[73.492s][info][gc,heap        ] GC(122) PSYoungGen: 169407K(176128K)->512K(162304K) Eden: 167424K(167424K)->0K(161792K) From: 1983K(8704K)->512K(512K)
[73.492s][info][gc,heap        ] GC(122) ParOldGen: 408200K(408576K)->408216K(408576K)
[73.492s][info][gc,metaspace   ] GC(122) Metaspace: 56069K(56448K)->56069K(56448K) NonClass: 47776K(48064K)->47776K(48064K) Class: 8292K(8384K)->8292K(8384K)
[73.492s][info][gc             ] GC(122) Pause Young (Allocation Failure) 564M->399M(557M) 2.832ms
[73.492s][info][gc,cpu         ] GC(122) User=0.01s Sys=0.00s Real=0.00s
[73.895s][info][gc,start       ] GC(123) Pause Young (Allocation Failure)
[73.899s][info][gc,heap        ] GC(123) PSYoungGen: 162116K(162304K)->1216K(163328K) Eden: 161604K(161792K)->0K(156160K) From: 512K(512K)->1216K(7168K)
[73.899s][info][gc,heap        ] GC(123) ParOldGen: 408216K(408576K)->408232K(408576K)
[73.899s][info][gc,metaspace   ] GC(123) Metaspace: 56069K(56448K)->56069K(56448K) NonClass: 47776K(48064K)->47776K(48064K) Class: 8292K(8384K)->8292K(8384K)
[73.899s][info][gc             ] GC(123) Pause Young (Allocation Failure) 556M->399M(558M) 3.762ms
[73.899s][info][gc,cpu         ] GC(123) User=0.00s Sys=0.00s Real=0.01s
[74.355s][info][gc,start       ] GC(124) Pause Young (Allocation Failure)
[74.359s][info][gc,heap        ] GC(124) PSYoungGen: 157376K(163328K)->1343K(152576K) Eden: 156160K(156160K)->0K(151040K) From: 1216K(7168K)->1343K(1536K)
[74.359s][info][gc,heap        ] GC(124) ParOldGen: 408232K(408576K)->408248K(408576K)
[74.359s][info][gc,metaspace   ] GC(124) Metaspace: 56071K(56448K)->56071K(56448K) NonClass: 47778K(48064K)->47778K(48064K) Class: 8292K(8384K)->8292K(8384K)
[74.359s][info][gc             ] GC(124) Pause Young (Allocation Failure) 552M->399M(548M) 3.547ms
[74.359s][info][gc,cpu         ] GC(124) User=0.00s Sys=0.00s Real=0.01s
[74.688s][info][gc,start       ] GC(125) Pause Young (Allocation Failure)
[74.690s][info][gc,heap        ] GC(125) PSYoungGen: 152383K(152576K)->256K(152064K) Eden: 151040K(151040K)->0K(145920K) From: 1343K(1536K)->256K(6144K)
[74.690s][info][gc,heap        ] GC(125) ParOldGen: 408248K(408576K)->408264K(408576K)
[74.690s][info][gc,metaspace   ] GC(125) Metaspace: 56071K(56448K)->56071K(56448K) NonClass: 47778K(48064K)->47778K(48064K) Class: 8292K(8384K)->8292K(8384K)
[74.690s][info][gc             ] GC(125) Pause Young (Allocation Failure) 547M->398M(547M) 2.506ms
[74.690s][info][gc,cpu         ] GC(125) User=0.01s Sys=0.00s Real=0.00s
[75.030s][info][gc,start       ] GC(126) Pause Young (Allocation Failure)
[75.034s][info][gc,heap        ] GC(126) PSYoungGen: 146078K(152064K)->864K(142336K) Eden: 145822K(145920K)->0K(141312K) From: 256K(6144K)->864K(1024K)
[75.034s][info][gc,heap        ] GC(126) ParOldGen: 408264K(408576K)->408280K(408576K)
[75.034s][info][gc,metaspace   ] GC(126) Metaspace: 56071K(56448K)->56071K(56448K) NonClass: 47778K(48064K)->47778K(48064K) Class: 8292K(8384K)->8292K(8384K)
[75.034s][info][gc             ] GC(126) Pause Young (Allocation Failure) 541M->399M(538M) 3.274ms
[75.034s][info][gc,cpu         ] GC(126) User=0.01s Sys=0.00s Real=0.00s
[75.409s][info][gc,start       ] GC(127) Pause Young (Allocation Failure)
[75.414s][info][gc,heap        ] GC(127) PSYoungGen: 142176K(142336K)->2079K(141312K) Eden: 141312K(141312K)->0K(136704K) From: 864K(1024K)->2079K(4608K)
[75.414s][info][gc,heap        ] GC(127) ParOldGen: 408280K(408576K)->408296K(408576K)
[75.414s][info][gc,metaspace   ] GC(127) Metaspace: 56071K(56448K)->56071K(56448K) NonClass: 47778K(48064K)->47778K(48064K) Class: 8292K(8384K)->8292K(8384K)
[75.414s][info][gc             ] GC(127) Pause Young (Allocation Failure) 537M->400M(537M) 4.810ms
[75.414s][info][gc,cpu         ] GC(127) User=0.01s Sys=0.00s Real=0.00s
[75.785s][info][gc,start       ] GC(128) Pause Young (Allocation Failure)
[75.787s][info][gc,heap        ] GC(128) PSYoungGen: 138783K(141312K)->96K(132608K) Eden: 136704K(136704K)->0K(132096K) From: 2079K(4608K)->96K(512K)
[75.787s][info][gc,heap        ] GC(128) ParOldGen: 408296K(408576K)->408312K(408576K)
[75.787s][info][gc,metaspace   ] GC(128) Metaspace: 56071K(56448K)->56071K(56448K) NonClass: 47778K(48064K)->47778K(48064K) Class: 8292K(8384K)->8292K(8384K)
[75.787s][info][gc             ] GC(128) Pause Young (Allocation Failure) 534M->398M(528M) 2.148ms
[75.787s][info][gc,cpu         ] GC(128) User=0.01s Sys=0.00s Real=0.01s
[76.116s][info][gc,start       ] GC(129) Pause Young (Allocation Failure)
[76.121s][info][gc,heap        ] GC(129) PSYoungGen: 132192K(132608K)->1215K(130560K) Eden: 132096K(132096K)->0K(128000K) From: 96K(512K)->1215K(2560K)
[76.121s][info][gc,heap        ] GC(129) ParOldGen: 408312K(408576K)->408328K(408576K)
[76.121s][info][gc,metaspace   ] GC(129) Metaspace: 56071K(56448K)->56071K(56448K) NonClass: 47778K(48064K)->47778K(48064K) Class: 8292K(8384K)->8292K(8384K)
[76.121s][info][gc             ] GC(129) Pause Young (Allocation Failure) 527M->399M(526M) 4.818ms
[76.121s][info][gc,cpu         ] GC(129) User=0.01s Sys=0.00s Real=0.00s
[76.426s][info][gc,start       ] GC(130) Pause Young (Allocation Failure)
[76.430s][info][gc,heap        ] GC(130) PSYoungGen: 129064K(130560K)->1568K(125952K) Eden: 127849K(128000K)->0K(123904K) From: 1215K(2560K)->1568K(2048K)
[76.430s][info][gc,heap        ] GC(130) ParOldGen: 408328K(408576K)->408344K(408576K)
[76.430s][info][gc,metaspace   ] GC(130) Metaspace: 56071K(56448K)->56071K(56448K) NonClass: 47778K(48064K)->47778K(48064K) Class: 8292K(8384K)->8292K(8384K)
[76.430s][info][gc             ] GC(130) Pause Young (Allocation Failure) 524M->400M(522M) 4.066ms
[76.430s][info][gc,cpu         ] GC(130) User=0.01s Sys=0.00s Real=0.00s
[76.734s][info][gc,start       ] GC(131) Pause Young (Allocation Failure)
[76.736s][info][gc,heap        ] GC(131) PSYoungGen: 125472K(125952K)->607K(121344K) Eden: 123904K(123904K)->0K(120320K) From: 1568K(2048K)->607K(1024K)
[76.736s][info][gc,heap        ] GC(131) ParOldGen: 408344K(408576K)->408360K(408576K)
[76.736s][info][gc,metaspace   ] GC(131) Metaspace: 56071K(56448K)->56071K(56448K) NonClass: 47778K(48064K)->47778K(48064K) Class: 8292K(8384K)->8292K(8384K)
[76.736s][info][gc             ] GC(131) Pause Young (Allocation Failure) 521M->399M(517M) 2.667ms
[76.736s][info][gc,cpu         ] GC(131) User=0.00s Sys=0.00s Real=0.01s
[77.087s][info][gc,start       ] GC(132) Pause Young (Allocation Failure)
[77.089s][info][gc,heap        ] GC(132) PSYoungGen: 120927K(121344K)->639K(124928K) Eden: 120320K(120320K)->0K(116736K) From: 607K(1024K)->639K(8192K)
[77.089s][info][gc,heap        ] GC(132) ParOldGen: 408360K(408576K)->408376K(408576K)
[77.089s][info][gc,metaspace   ] GC(132) Metaspace: 56071K(56448K)->56071K(56448K) NonClass: 47778K(48064K)->47778K(48064K) Class: 8292K(8384K)->8292K(8384K)
[77.089s][info][gc             ] GC(132) Pause Young (Allocation Failure) 516M->399M(521M) 2.149ms
[77.089s][info][gc,cpu         ] GC(132) User=0.01s Sys=0.00s Real=0.00s
[77.507s][info][gc,start       ] GC(133) Pause Young (Allocation Failure)
[77.512s][info][gc,heap        ] GC(133) PSYoungGen: 117375K(124928K)->2335K(115712K) Eden: 116736K(116736K)->0K(113152K) From: 639K(8192K)->2335K(2560K)
[77.512s][info][gc,heap        ] GC(133) ParOldGen: 408376K(408576K)->408392K(408576K)
[77.512s][info][gc,metaspace   ] GC(133) Metaspace: 56071K(56448K)->56071K(56448K) NonClass: 47778K(48064K)->47778K(48064K) Class: 8292K(8384K)->8292K(8384K)
[77.512s][info][gc             ] GC(133) Pause Young (Allocation Failure) 513M->401M(512M) 4.825ms
[77.512s][info][gc,cpu         ] GC(133) User=0.01s Sys=0.00s Real=0.00s
[77.736s][info][gc,start       ] GC(134) Pause Young (Allocation Failure)
[77.739s][info][gc,heap        ] GC(134) PSYoungGen: 115487K(115712K)->959K(111104K) Eden: 113152K(113152K)->0K(110080K) From: 2335K(2560K)->959K(1024K)
[77.739s][info][gc,heap        ] GC(134) ParOldGen: 408392K(408576K)->408408K(408576K)
[77.739s][info][gc,metaspace   ] GC(134) Metaspace: 56071K(56448K)->56071K(56448K) NonClass: 47778K(48064K)->47778K(48064K) Class: 8292K(8384K)->8292K(8384K)
[77.739s][info][gc             ] GC(134) Pause Young (Allocation Failure) 511M->399M(507M) 2.657ms
[77.739s][info][gc,cpu         ] GC(134) User=0.01s Sys=0.00s Real=0.00s
[78.019s][info][gc,start       ] GC(135) Pause Young (Allocation Failure)
[78.024s][info][gc,heap        ] GC(135) PSYoungGen: 111039K(111104K)->2175K(122368K) Eden: 110080K(110080K)->0K(115200K) From: 959K(1024K)->2175K(7168K)
[78.024s][info][gc,heap        ] GC(135) ParOldGen: 408408K(408576K)->408424K(408576K)
[78.024s][info][gc,metaspace   ] GC(135) Metaspace: 56071K(56448K)->56071K(56448K) NonClass: 47778K(48064K)->47778K(48064K) Class: 8292K(8384K)->8292K(8384K)
[78.024s][info][gc             ] GC(135) Pause Young (Allocation Failure) 507M->400M(518M) 4.276ms
[78.024s][info][gc,cpu         ] GC(135) User=0.01s Sys=0.00s Real=0.00s
[78.329s][info][gc,start       ] GC(136) Pause Young (Allocation Failure)
[78.333s][info][gc,heap        ] GC(136) PSYoungGen: 117315K(122368K)->1312K(121856K) Eden: 115140K(115200K)->0K(115200K) From: 2175K(7168K)->1312K(6656K)
[78.333s][info][gc,heap        ] GC(136) ParOldGen: 408424K(408576K)->408440K(408576K)
[78.333s][info][gc,metaspace   ] GC(136) Metaspace: 56071K(56448K)->56071K(56448K) NonClass: 47778K(48064K)->47778K(48064K) Class: 8292K(8384K)->8292K(8384K)
[78.333s][info][gc             ] GC(136) Pause Young (Allocation Failure) 513M->400M(518M) 4.251ms
[78.333s][info][gc,cpu         ] GC(136) User=0.01s Sys=0.00s Real=0.00s
[78.614s][info][gc,start       ] GC(137) Pause Young (Allocation Failure)
[78.619s][info][gc,heap        ] GC(137) PSYoungGen: 116512K(121856K)->2399K(144384K) Eden: 115200K(115200K)->0K(138240K) From: 1312K(6656K)->2399K(6144K)
[78.619s][info][gc,heap        ] GC(137) ParOldGen: 408440K(408576K)->408456K(408576K)
[78.619s][info][gc,metaspace   ] GC(137) Metaspace: 56071K(56448K)->56071K(56448K) NonClass: 47778K(48064K)->47778K(48064K) Class: 8292K(8384K)->8292K(8384K)
[78.619s][info][gc             ] GC(137) Pause Young (Allocation Failure) 512M->401M(540M) 5.183ms
[78.619s][info][gc,cpu         ] GC(137) User=0.01s Sys=0.00s Real=0.01s
[79.014s][info][gc,start       ] GC(138) Pause Young (Allocation Failure)
[79.021s][info][gc,heap        ] GC(138) PSYoungGen: 140639K(144384K)->1248K(144384K) Eden: 138240K(138240K)->0K(138240K) From: 2399K(6144K)->1248K(6144K)
[79.021s][info][gc,heap        ] GC(138) ParOldGen: 408456K(408576K)->408472K(408576K)
[79.021s][info][gc,metaspace   ] GC(138) Metaspace: 56071K(56448K)->56071K(56448K) NonClass: 47778K(48064K)->47778K(48064K) Class: 8292K(8384K)->8292K(8384K)
[79.021s][info][gc             ] GC(138) Pause Young (Allocation Failure) 536M->400M(540M) 7.088ms
[79.021s][info][gc,cpu         ] GC(138) User=0.01s Sys=0.00s Real=0.01s
[79.343s][info][gc,start       ] GC(139) Pause Young (Allocation Failure)
[79.345s][info][gc,heap        ] GC(139) PSYoungGen: 139393K(144384K)->800K(171520K) Eden: 138145K(138240K)->0K(165888K) From: 1248K(6144K)->800K(5632K)
[79.345s][info][gc,heap        ] GC(139) ParOldGen: 408472K(408576K)->408488K(408576K)
[79.345s][info][gc,metaspace   ] GC(139) Metaspace: 56071K(56448K)->56071K(56448K) NonClass: 47778K(48064K)->47778K(48064K) Class: 8292K(8384K)->8292K(8384K)
[79.345s][info][gc             ] GC(139) Pause Young (Allocation Failure) 535M->399M(566M) 2.950ms
[79.345s][info][gc,cpu         ] GC(139) User=0.00s Sys=0.00s Real=0.00s
[79.854s][info][gc,start       ] GC(140) Pause Young (Allocation Failure)
[79.858s][info][gc,heap        ] GC(140) PSYoungGen: 166688K(171520K)->1311K(171520K) Eden: 165888K(165888K)->0K(165888K) From: 800K(5632K)->1311K(5632K)
[79.858s][info][gc,heap        ] GC(140) ParOldGen: 408488K(408576K)->408504K(408576K)
[79.858s][info][gc,metaspace   ] GC(140) Metaspace: 56071K(56448K)->56071K(56448K) NonClass: 47778K(48064K)->47778K(48064K) Class: 8292K(8384K)->8292K(8384K)
[79.858s][info][gc             ] GC(140) Pause Young (Allocation Failure) 561M->400M(566M) 4.633ms
[79.858s][info][gc,cpu         ] GC(140) User=0.01s Sys=0.00s Real=0.01s
[80.207s][info][gc,start       ] GC(141) Pause Young (Allocation Failure)
[80.212s][info][gc,heap        ] GC(141) PSYoungGen: 167199K(171520K)->2175K(204288K) Eden: 165888K(165888K)->0K(199168K) From: 1311K(5632K)->2175K(5120K)
[80.212s][info][gc,heap        ] GC(141) ParOldGen: 408504K(408576K)->408520K(408576K)
[80.212s][info][gc,metaspace   ] GC(141) Metaspace: 56071K(56448K)->56071K(56448K) NonClass: 47778K(48064K)->47778K(48064K) Class: 8292K(8384K)->8292K(8384K)
[80.212s][info][gc             ] GC(141) Pause Young (Allocation Failure) 562M->401M(598M) 5.008ms
[80.212s][info][gc,cpu         ] GC(141) User=0.01s Sys=0.00s Real=0.00s
[80.724s][info][gc,start       ] GC(142) Pause Young (Allocation Failure)
[80.728s][info][gc,heap        ] GC(142) PSYoungGen: 201343K(204288K)->1918K(204288K) Eden: 199168K(199168K)->0K(199168K) From: 2175K(5120K)->1918K(5120K)
[80.728s][info][gc,heap        ] GC(142) ParOldGen: 408520K(408576K)->408536K(408576K)
[80.728s][info][gc,metaspace   ] GC(142) Metaspace: 56071K(56448K)->56071K(56448K) NonClass: 47778K(48064K)->47778K(48064K) Class: 8292K(8384K)->8292K(8384K)
[80.728s][info][gc             ] GC(142) Pause Young (Allocation Failure) 595M->400M(598M) 4.066ms
[80.728s][info][gc,cpu         ] GC(142) User=0.00s Sys=0.00s Real=0.01s
[81.220s][info][gc,start       ] GC(143) Pause Young (Allocation Failure)
[81.225s][info][gc,heap        ] GC(143) PSYoungGen: 201086K(204288K)->2270K(243200K) Eden: 199167K(199168K)->0K(239104K) From: 1918K(5120K)->2270K(4096K)
[81.225s][info][gc,heap        ] GC(143) ParOldGen: 408536K(408576K)->408552K(408576K)
[81.225s][info][gc,metaspace   ] GC(143) Metaspace: 56071K(56448K)->56071K(56448K) NonClass: 47778K(48064K)->47778K(48064K) Class: 8292K(8384K)->8292K(8384K)
[81.225s][info][gc             ] GC(143) Pause Young (Allocation Failure) 595M->401M(636M) 4.978ms
[81.225s][info][gc,cpu         ] GC(143) User=0.01s Sys=0.00s Real=0.00s
[81.940s][info][gc,start       ] GC(144) Pause Young (Allocation Failure)
[81.943s][info][gc,heap        ] GC(144) PSYoungGen: 241229K(243200K)->800K(230912K) Eden: 238958K(239104K)->0K(229888K) From: 2270K(4096K)->800K(1024K)
[81.943s][info][gc,heap        ] GC(144) ParOldGen: 408552K(408576K)->408568K(408576K)
[81.943s][info][gc,metaspace   ] GC(144) Metaspace: 56071K(56448K)->56071K(56448K) NonClass: 47778K(48064K)->47778K(48064K) Class: 8292K(8384K)->8292K(8384K)
[81.943s][info][gc             ] GC(144) Pause Young (Allocation Failure) 634M->399M(624M) 3.346ms
[81.943s][info][gc,cpu         ] GC(144) User=0.01s Sys=0.00s Real=0.00s
[82.427s][info][gc,start       ] GC(145) Pause Young (Allocation Failure)
[82.431s][info][gc,heap        ] GC(145) PSYoungGen: 230688K(230912K)->864K(222208K) Eden: 229888K(229888K)->0K(221184K) From: 800K(1024K)->864K(1024K)
[82.431s][info][gc,heap        ] GC(145) ParOldGen: 408568K(408576K)->408584K(409088K)
[82.431s][info][gc,metaspace   ] GC(145) Metaspace: 56071K(56448K)->56071K(56448K) NonClass: 47778K(48064K)->47778K(48064K) Class: 8292K(8384K)->8292K(8384K)
[82.431s][info][gc             ] GC(145) Pause Young (Allocation Failure) 624M->399M(616M) 3.355ms
[82.431s][info][gc,cpu         ] GC(145) User=0.00s Sys=0.00s Real=0.00s
[83.022s][info][gc,start       ] GC(146) Pause Young (Allocation Failure)
[83.027s][info][gc,heap        ] GC(146) PSYoungGen: 222048K(222208K)->2367K(215552K) Eden: 221184K(221184K)->0K(212992K) From: 864K(1024K)->2367K(2560K)
[83.027s][info][gc,heap        ] GC(146) ParOldGen: 408584K(409088K)->408608K(409088K)
[83.027s][info][gc,metaspace   ] GC(146) Metaspace: 56071K(56448K)->56071K(56448K) NonClass: 47778K(48064K)->47778K(48064K) Class: 8292K(8384K)->8292K(8384K)
[83.027s][info][gc             ] GC(146) Pause Young (Allocation Failure) 615M->401M(610M) 4.971ms
[83.027s][info][gc,cpu         ] GC(146) User=0.01s Sys=0.00s Real=0.01s
[83.632s][info][gc,start       ] GC(147) Pause Young (Allocation Failure)
[83.634s][info][gc,heap        ] GC(147) PSYoungGen: 215359K(215552K)->288K(205824K) Eden: 212992K(212992K)->0K(205312K) From: 2367K(2560K)->288K(512K)
[83.634s][info][gc,heap        ] GC(147) ParOldGen: 408608K(409088K)->408624K(409088K)
[83.634s][info][gc,metaspace   ] GC(147) Metaspace: 56071K(56448K)->56071K(56448K) NonClass: 47778K(48064K)->47778K(48064K) Class: 8292K(8384K)->8292K(8384K)
[83.634s][info][gc             ] GC(147) Pause Young (Allocation Failure) 609M->399M(600M) 2.367ms
[83.634s][info][gc,cpu         ] GC(147) User=0.00s Sys=0.00s Real=0.00s
[84.101s][info][gc,start       ] GC(148) Pause Young (Allocation Failure)
[84.104s][info][gc,heap        ] GC(148) PSYoungGen: 205600K(205824K)->1216K(202240K) Eden: 205312K(205312K)->0K(197632K) From: 288K(512K)->1216K(4608K)
[84.104s][info][gc,heap        ] GC(148) ParOldGen: 408624K(409088K)->408640K(409088K)
[84.104s][info][gc,metaspace   ] GC(148) Metaspace: 56071K(56448K)->56071K(56448K) NonClass: 47778K(48064K)->47778K(48064K) Class: 8292K(8384K)->8292K(8384K)
[84.104s][info][gc             ] GC(148) Pause Young (Allocation Failure) 599M->400M(597M) 3.332ms
[84.104s][info][gc,cpu         ] GC(148) User=0.01s Sys=0.00s Real=0.00s
[84.606s][info][gc,start       ] GC(149) Pause Young (Allocation Failure)
[84.610s][info][gc,heap        ] GC(149) PSYoungGen: 198848K(202240K)->1856K(192512K) Eden: 197632K(197632K)->0K(190464K) From: 1216K(4608K)->1856K(2048K)
[84.610s][info][gc,heap        ] GC(149) ParOldGen: 408640K(409088K)->408656K(409088K)
[84.610s][info][gc,metaspace   ] GC(149) Metaspace: 56074K(56448K)->56074K(56448K) NonClass: 47781K(48064K)->47781K(48064K) Class: 8292K(8384K)->8292K(8384K)
[84.610s][info][gc             ] GC(149) Pause Young (Allocation Failure) 593M->400M(587M) 4.418ms
[84.611s][info][gc,cpu         ] GC(149) User=0.01s Sys=0.00s Real=0.00s
[85.099s][info][gc,start       ] GC(150) Pause Young (Allocation Failure)
[85.102s][info][gc,heap        ] GC(150) PSYoungGen: 192320K(192512K)->1439K(185344K) Eden: 190464K(190464K)->0K(183808K) From: 1856K(2048K)->1439K(1536K)
[85.102s][info][gc,heap        ] GC(150) ParOldGen: 408656K(409088K)->408672K(409088K)
[85.102s][info][gc,metaspace   ] GC(150) Metaspace: 56074K(56448K)->56074K(56448K) NonClass: 47781K(48064K)->47781K(48064K) Class: 8292K(8384K)->8292K(8384K)
[85.102s][info][gc             ] GC(150) Pause Young (Allocation Failure) 586M->400M(580M) 3.284ms
[85.102s][info][gc,cpu         ] GC(150) User=0.01s Sys=0.00s Real=0.00s
[85.588s][info][gc,start       ] GC(151) Pause Young (Allocation Failure)
[85.590s][info][gc,heap        ] GC(151) PSYoungGen: 185247K(185344K)->419K(177664K) Eden: 183808K(183808K)->0K(177152K) From: 1439K(1536K)->419K(512K)
[85.590s][info][gc,heap        ] GC(151) ParOldGen: 408672K(409088K)->408688K(409088K)
[85.590s][info][gc,metaspace   ] GC(151) Metaspace: 56074K(56448K)->56074K(56448K) NonClass: 47781K(48064K)->47781K(48064K) Class: 8292K(8384K)->8292K(8384K)
[85.590s][info][gc             ] GC(151) Pause Young (Allocation Failure) 580M->399M(573M) 2.508ms
[85.590s][info][gc,cpu         ] GC(151) User=0.00s Sys=0.00s Real=0.00s
[86.030s][info][gc,start       ] GC(152) Pause Young (Allocation Failure)
[86.033s][info][gc,heap        ] GC(152) PSYoungGen: 177571K(177664K)->1024K(175104K) Eden: 177152K(177152K)->0K(171008K) From: 419K(512K)->1024K(4096K)
[86.033s][info][gc,heap        ] GC(152) ParOldGen: 408688K(409088K)->408704K(409088K)
[86.033s][info][gc,metaspace   ] GC(152) Metaspace: 56074K(56448K)->56074K(56448K) NonClass: 47781K(48064K)->47781K(48064K) Class: 8292K(8384K)->8292K(8384K)
[86.033s][info][gc             ] GC(152) Pause Young (Allocation Failure) 572M->400M(570M) 3.006ms
[86.033s][info][gc,cpu         ] GC(152) User=0.01s Sys=0.00s Real=0.00s
[86.430s][info][gc,start       ] GC(153) Pause Young (Allocation Failure)
[86.434s][info][gc,heap        ] GC(153) PSYoungGen: 171765K(175104K)->1664K(166912K) Eden: 170741K(171008K)->0K(164864K) From: 1024K(4096K)->1664K(2048K)
[86.434s][info][gc,heap        ] GC(153) ParOldGen: 408704K(409088K)->408720K(409088K)
[86.434s][info][gc,metaspace   ] GC(153) Metaspace: 56074K(56448K)->56074K(56448K) NonClass: 47781K(48064K)->47781K(48064K) Class: 8292K(8384K)->8292K(8384K)
[86.434s][info][gc             ] GC(153) Pause Young (Allocation Failure) 566M->400M(562M) 4.026ms
[86.434s][info][gc,cpu         ] GC(153) User=0.00s Sys=0.00s Real=0.00s
[86.889s][info][gc,start       ] GC(154) Pause Young (Allocation Failure)
[86.891s][info][gc,heap        ] GC(154) PSYoungGen: 166528K(166912K)->480K(159744K) Eden: 164864K(164864K)->0K(159232K) From: 1664K(2048K)->480K(512K)
[86.891s][info][gc,heap        ] GC(154) ParOldGen: 408720K(409088K)->408736K(409088K)
[86.891s][info][gc,metaspace   ] GC(154) Metaspace: 56074K(56448K)->56074K(56448K) NonClass: 47781K(48064K)->47781K(48064K) Class: 8292K(8384K)->8292K(8384K)
[86.891s][info][gc             ] GC(154) Pause Young (Allocation Failure) 561M->399M(555M) 2.384ms
[86.891s][info][gc,cpu         ] GC(154) User=0.00s Sys=0.00s Real=0.00s
[87.292s][info][gc,start       ] GC(155) Pause Young (Allocation Failure)
[87.295s][info][gc,heap        ] GC(155) PSYoungGen: 159712K(159744K)->768K(154624K) Eden: 159232K(159232K)->0K(153600K) From: 480K(512K)->768K(1024K)
[87.295s][info][gc,heap        ] GC(155) ParOldGen: 408736K(409088K)->408752K(409088K)
[87.295s][info][gc,metaspace   ] GC(155) Metaspace: 56074K(56448K)->56074K(56448K) NonClass: 47781K(48064K)->47781K(48064K) Class: 8292K(8384K)->8292K(8384K)
[87.295s][info][gc             ] GC(155) Pause Young (Allocation Failure) 555M->399M(550M) 2.877ms
[87.295s][info][gc,cpu         ] GC(155) User=0.00s Sys=0.00s Real=0.00s
[87.699s][info][gc,start       ] GC(156) Pause Young (Allocation Failure)
[87.702s][info][gc,heap        ] GC(156) PSYoungGen: 154368K(154624K)->1535K(150016K) Eden: 153600K(153600K)->0K(148480K) From: 768K(1024K)->1535K(1536K)
[87.702s][info][gc,heap        ] GC(156) ParOldGen: 408752K(409088K)->408768K(409088K)
[87.702s][info][gc,metaspace   ] GC(156) Metaspace: 56075K(56448K)->56075K(56448K) NonClass: 47783K(48064K)->47783K(48064K) Class: 8292K(8384K)->8292K(8384K)
[87.702s][info][gc             ] GC(156) Pause Young (Allocation Failure) 549M->400M(546M) 3.313ms
[87.702s][info][gc,cpu         ] GC(156) User=0.01s Sys=0.00s Real=0.00s
[88.025s][info][gc,start       ] GC(157) Pause Young (Allocation Failure)
[88.029s][info][gc,heap        ] GC(157) PSYoungGen: 150015K(150016K)->1567K(145408K) Eden: 148480K(148480K)->0K(143360K) From: 1535K(1536K)->1567K(2048K)
[88.029s][info][gc,heap        ] GC(157) ParOldGen: 408768K(409088K)->408784K(409088K)
[88.029s][info][gc,metaspace   ] GC(157) Metaspace: 56075K(56448K)->56075K(56448K) NonClass: 47783K(48064K)->47783K(48064K) Class: 8292K(8384K)->8292K(8384K)
[88.029s][info][gc             ] GC(157) Pause Young (Allocation Failure) 545M->400M(541M) 3.501ms
[88.029s][info][gc,cpu         ] GC(157) User=0.01s Sys=0.00s Real=0.01s
[88.409s][info][gc,start       ] GC(158) Pause Young (Allocation Failure)
[88.413s][info][gc,heap        ] GC(158) PSYoungGen: 144927K(145408K)->2079K(141312K) Eden: 143360K(143360K)->0K(138752K) From: 1567K(2048K)->2079K(2560K)
[88.413s][info][gc,heap        ] GC(158) ParOldGen: 408784K(409088K)->408800K(409088K)
[88.414s][info][gc,metaspace   ] GC(158) Metaspace: 56075K(56448K)->56075K(56448K) NonClass: 47783K(48064K)->47783K(48064K) Class: 8292K(8384K)->8292K(8384K)
[88.414s][info][gc             ] GC(158) Pause Young (Allocation Failure) 540M->401M(537M) 4.129ms
[88.414s][info][gc,cpu         ] GC(158) User=0.01s Sys=0.00s Real=0.00s
[88.810s][info][gc,start       ] GC(159) Pause Young (Allocation Failure)
[88.824s][info][gc,heap        ] GC(159) PSYoungGen: 140831K(141312K)->640K(167936K) Eden: 138752K(138752K)->0K(166912K) From: 2079K(2560K)->640K(1024K)
[88.824s][info][gc,heap        ] GC(159) ParOldGen: 408800K(409088K)->408816K(409088K)
[88.824s][info][gc,metaspace   ] GC(159) Metaspace: 56075K(56448K)->56075K(56448K) NonClass: 47783K(48064K)->47783K(48064K) Class: 8292K(8384K)->8292K(8384K)
[88.824s][info][gc             ] GC(159) Pause Young (Allocation Failure) 536M->399M(563M) 14.165ms
[88.824s][info][gc,cpu         ] GC(159) User=0.01s Sys=0.01s Real=0.01s
[89.303s][info][gc,start       ] GC(160) Pause Young (Allocation Failure)
[89.309s][info][gc,heap        ] GC(160) PSYoungGen: 167552K(167936K)->1536K(204288K) Eden: 166912K(166912K)->0K(200704K) From: 640K(1024K)->1536K(3584K)
[89.309s][info][gc,heap        ] GC(160) ParOldGen: 408816K(409088K)->408832K(409088K)
[89.309s][info][gc,metaspace   ] GC(160) Metaspace: 56077K(56448K)->56077K(56448K) NonClass: 47784K(48064K)->47784K(48064K) Class: 8292K(8384K)->8292K(8384K)
[89.309s][info][gc             ] GC(160) Pause Young (Allocation Failure) 562M->400M(599M) 5.557ms
[89.309s][info][gc,cpu         ] GC(160) User=0.01s Sys=0.00s Real=0.01s
[89.812s][info][gc,start       ] GC(161) Pause Young (Allocation Failure)
[89.815s][info][gc,heap        ] GC(161) PSYoungGen: 202240K(204288K)->1535K(215552K) Eden: 200704K(200704K)->0K(212480K) From: 1536K(3584K)->1535K(3072K)
[89.815s][info][gc,heap        ] GC(161) ParOldGen: 408832K(409088K)->408848K(409088K)
[89.815s][info][gc,metaspace   ] GC(161) Metaspace: 56077K(56448K)->56077K(56448K) NonClass: 47784K(48064K)->47784K(48064K) Class: 8292K(8384K)->8292K(8384K)
[89.815s][info][gc             ] GC(161) Pause Young (Allocation Failure) 596M->400M(610M) 3.393ms
[89.815s][info][gc,cpu         ] GC(161) User=0.01s Sys=0.00s Real=0.00s
[90.385s][info][gc,start       ] GC(162) Pause Young (Allocation Failure)
[90.387s][info][gc,heap        ] GC(162) PSYoungGen: 214015K(215552K)->240K(205312K) Eden: 212480K(212480K)->0K(204800K) From: 1535K(3072K)->240K(512K)
[90.387s][info][gc,heap        ] GC(162) ParOldGen: 408848K(409088K)->408864K(409088K)
[90.387s][info][gc,metaspace   ] GC(162) Metaspace: 56077K(56448K)->56077K(56448K) NonClass: 47784K(48064K)->47784K(48064K) Class: 8292K(8384K)->8292K(8384K)
[90.387s][info][gc             ] GC(162) Pause Young (Allocation Failure) 608M->399M(600M) 2.061ms
[90.387s][info][gc,cpu         ] GC(162) User=0.00s Sys=0.00s Real=0.01s
[90.895s][info][gc,start       ] GC(163) Pause Young (Allocation Failure)
[90.899s][info][gc,heap        ] GC(163) PSYoungGen: 205040K(205312K)->1279K(198656K) Eden: 204800K(204800K)->0K(197120K) From: 240K(512K)->1279K(1536K)
[90.899s][info][gc,heap        ] GC(163) ParOldGen: 408864K(409088K)->408880K(409088K)
[90.899s][info][gc,metaspace   ] GC(163) Metaspace: 56077K(56448K)->56077K(56448K) NonClass: 47784K(48064K)->47784K(48064K) Class: 8292K(8384K)->8292K(8384K)
[90.899s][info][gc             ] GC(163) Pause Young (Allocation Failure) 599M->400M(593M) 4.125ms
[90.899s][info][gc,cpu         ] GC(163) User=0.00s Sys=0.00s Real=0.01s
[91.404s][info][gc,start       ] GC(164) Pause Young (Allocation Failure)
[91.408s][info][gc,heap        ] GC(164) PSYoungGen: 198399K(198656K)->1760K(192000K) Eden: 197120K(197120K)->0K(189952K) From: 1279K(1536K)->1760K(2048K)
[91.408s][info][gc,heap        ] GC(164) ParOldGen: 408880K(409088K)->408896K(409088K)
[91.408s][info][gc,metaspace   ] GC(164) Metaspace: 56077K(56448K)->56077K(56448K) NonClass: 47784K(48064K)->47784K(48064K) Class: 8292K(8384K)->8292K(8384K)
[91.408s][info][gc             ] GC(164) Pause Young (Allocation Failure) 593M->401M(587M) 3.991ms
[91.408s][info][gc,cpu         ] GC(164) User=0.00s Sys=0.00s Real=0.01s
[91.897s][info][gc,start       ] GC(165) Pause Young (Allocation Failure)
[91.900s][info][gc,heap        ] GC(165) PSYoungGen: 191712K(192000K)->1183K(184832K) Eden: 189952K(189952K)->0K(183296K) From: 1760K(2048K)->1183K(1536K)
[91.900s][info][gc,heap        ] GC(165) ParOldGen: 408896K(409088K)->408912K(409088K)
[91.900s][info][gc,metaspace   ] GC(165) Metaspace: 56077K(56448K)->56077K(56448K) NonClass: 47784K(48064K)->47784K(48064K) Class: 8292K(8384K)->8292K(8384K)
[91.900s][info][gc             ] GC(165) Pause Young (Allocation Failure) 586M->400M(580M) 3.093ms
[91.900s][info][gc,cpu         ] GC(165) User=0.00s Sys=0.00s Real=0.00s
[92.379s][info][gc,start       ] GC(166) Pause Young (Allocation Failure)
[92.382s][info][gc,heap        ] GC(166) PSYoungGen: 184479K(184832K)->1119K(178176K) Eden: 183296K(183296K)->0K(176640K) From: 1183K(1536K)->1119K(1536K)
[92.382s][info][gc,heap        ] GC(166) ParOldGen: 408912K(409088K)->408928K(409088K)
[92.382s][info][gc,metaspace   ] GC(166) Metaspace: 56077K(56448K)->56077K(56448K) NonClass: 47784K(48064K)->47784K(48064K) Class: 8292K(8384K)->8292K(8384K)
[92.382s][info][gc             ] GC(166) Pause Young (Allocation Failure) 579M->400M(573M) 2.949ms
[92.382s][info][gc,cpu         ] GC(166) User=0.00s Sys=0.00s Real=0.00s
[92.804s][info][gc,start       ] GC(167) Pause Young (Allocation Failure)
[92.808s][info][gc,heap        ] GC(167) PSYoungGen: 177759K(178176K)->2175K(173056K) Eden: 176640K(176640K)->0K(170496K) From: 1119K(1536K)->2175K(2560K)
[92.808s][info][gc,heap        ] GC(167) ParOldGen: 408928K(409088K)->408944K(409088K)
[92.808s][info][gc,metaspace   ] GC(167) Metaspace: 56077K(56448K)->56077K(56448K) NonClass: 47784K(48064K)->47784K(48064K) Class: 8292K(8384K)->8292K(8384K)
[92.808s][info][gc             ] GC(167) Pause Young (Allocation Failure) 572M->401M(568M) 4.156ms
[92.808s][info][gc,cpu         ] GC(167) User=0.01s Sys=0.00s Real=0.01s
[93.231s][info][gc,start       ] GC(168) Pause Young (Allocation Failure)
[93.235s][info][gc,heap        ] GC(168) PSYoungGen: 172353K(173056K)->1440K(165888K) Eden: 170178K(170496K)->0K(164352K) From: 2175K(2560K)->1440K(1536K)
[93.235s][info][gc,heap        ] GC(168) ParOldGen: 408944K(409088K)->408960K(409088K)
[93.235s][info][gc,metaspace   ] GC(168) Metaspace: 56077K(56448K)->56077K(56448K) NonClass: 47784K(48064K)->47784K(48064K) Class: 8292K(8384K)->8292K(8384K)
[93.235s][info][gc             ] GC(168) Pause Young (Allocation Failure) 567M->400M(561M) 3.690ms
[93.235s][info][gc,cpu         ] GC(168) User=0.00s Sys=0.00s Real=0.00s
[93.686s][info][gc,start       ] GC(169) Pause Young (Allocation Failure)
[93.688s][info][gc,heap        ] GC(169) PSYoungGen: 165792K(165888K)->298K(159232K) Eden: 164352K(164352K)->0K(158720K) From: 1440K(1536K)->298K(512K)
[93.688s][info][gc,heap        ] GC(169) ParOldGen: 408960K(409088K)->408976K(409088K)
[93.688s][info][gc,metaspace   ] GC(169) Metaspace: 56077K(56448K)->56077K(56448K) NonClass: 47784K(48064K)->47784K(48064K) Class: 8292K(8384K)->8292K(8384K)
[93.688s][info][gc             ] GC(169) Pause Young (Allocation Failure) 561M->399M(555M) 2.121ms
[93.688s][info][gc,cpu         ] GC(169) User=0.00s Sys=0.00s Real=0.01s
[94.087s][info][gc,start       ] GC(170) Pause Young (Allocation Failure)
[94.089s][info][gc,heap        ] GC(170) PSYoungGen: 159018K(159232K)->361K(156672K) Eden: 158720K(158720K)->0K(153600K) From: 298K(512K)->361K(3072K)
[94.089s][info][gc,heap        ] GC(170) ParOldGen: 408976K(409088K)->408992K(409088K)
[94.089s][info][gc,metaspace   ] GC(170) Metaspace: 56077K(56448K)->56077K(56448K) NonClass: 47784K(48064K)->47784K(48064K) Class: 8292K(8384K)->8292K(8384K)
[94.089s][info][gc             ] GC(170) Pause Young (Allocation Failure) 554M->399M(552M) 2.034ms
[94.089s][info][gc,cpu         ] GC(170) User=0.01s Sys=0.00s Real=0.00s
[94.438s][info][gc,start       ] GC(171) Pause Young (Allocation Failure)
[94.440s][info][gc,heap        ] GC(171) PSYoungGen: 153961K(156672K)->543K(149504K) Eden: 153600K(153600K)->0K(148480K) From: 361K(3072K)->543K(1024K)
[94.440s][info][gc,heap        ] GC(171) ParOldGen: 408992K(409088K)->409008K(409088K)
[94.440s][info][gc,metaspace   ] GC(171) Metaspace: 56077K(56448K)->56077K(56448K) NonClass: 47784K(48064K)->47784K(48064K) Class: 8292K(8384K)->8292K(8384K)
[94.440s][info][gc             ] GC(171) Pause Young (Allocation Failure) 549M->399M(545M) 2.166ms
[94.440s][info][gc,cpu         ] GC(171) User=0.00s Sys=0.00s Real=0.00s
[94.826s][info][gc,start       ] GC(172) Pause Young (Allocation Failure)
[94.830s][info][gc,heap        ] GC(172) PSYoungGen: 149023K(149504K)->1664K(145408K) Eden: 148480K(148480K)->0K(143360K) From: 543K(1024K)->1664K(2048K)
[94.830s][info][gc,heap        ] GC(172) ParOldGen: 409008K(409088K)->409024K(409088K)
[94.830s][info][gc,metaspace   ] GC(172) Metaspace: 56077K(56448K)->56077K(56448K) NonClass: 47784K(48064K)->47784K(48064K) Class: 8292K(8384K)->8292K(8384K)
[94.830s][info][gc             ] GC(172) Pause Young (Allocation Failure) 544M->401M(541M) 3.904ms
[94.830s][info][gc,cpu         ] GC(172) User=0.00s Sys=0.00s Real=0.00s
[95.218s][info][gc,start       ] GC(173) Pause Young (Allocation Failure)
[95.221s][info][gc,heap        ] GC(173) PSYoungGen: 145024K(145408K)->1823K(140800K) Eden: 143360K(143360K)->0K(138752K) From: 1664K(2048K)->1823K(2048K)
[95.221s][info][gc,heap        ] GC(173) ParOldGen: 409024K(409088K)->409040K(409088K)
[95.221s][info][gc,metaspace   ] GC(173) Metaspace: 56077K(56448K)->56077K(56448K) NonClass: 47784K(48064K)->47784K(48064K) Class: 8292K(8384K)->8292K(8384K)
[95.221s][info][gc             ] GC(173) Pause Young (Allocation Failure) 541M->401M(537M) 3.667ms
[95.221s][info][gc,cpu         ] GC(173) User=0.01s Sys=0.00s Real=0.00s
[95.590s][info][gc,start       ] GC(174) Pause Young (Allocation Failure)
[95.593s][info][gc,heap        ] GC(174) PSYoungGen: 140575K(140800K)->700K(135168K) Eden: 138752K(138752K)->0K(134144K) From: 1823K(2048K)->700K(1024K)
[95.593s][info][gc,heap        ] GC(174) ParOldGen: 409040K(409088K)->409056K(409088K)
[95.593s][info][gc,metaspace   ] GC(174) Metaspace: 56077K(56448K)->56077K(56448K) NonClass: 47784K(48064K)->47784K(48064K) Class: 8292K(8384K)->8292K(8384K)
[95.593s][info][gc             ] GC(174) Pause Young (Allocation Failure) 536M->400M(531M) 2.564ms
[95.593s][info][gc,cpu         ] GC(174) User=0.00s Sys=0.00s Real=0.00s
[95.907s][info][gc,start       ] GC(175) Pause Young (Allocation Failure)
[95.912s][info][gc,heap        ] GC(175) PSYoungGen: 134844K(135168K)->1888K(132096K) Eden: 134144K(134144K)->0K(130048K) From: 700K(1024K)->1888K(2048K)
[95.912s][info][gc,heap        ] GC(175) ParOldGen: 409056K(409088K)->409072K(409088K)
[95.912s][info][gc,metaspace   ] GC(175) Metaspace: 56077K(56448K)->56077K(56448K) NonClass: 47784K(48064K)->47784K(48064K) Class: 8292K(8384K)->8292K(8384K)
[95.912s][info][gc             ] GC(175) Pause Young (Allocation Failure) 531M->401M(528M) 4.265ms
[95.912s][info][gc,cpu         ] GC(175) User=0.00s Sys=0.00s Real=0.00s
[96.263s][info][gc,start       ] GC(176) Pause Young (Allocation Failure)
[96.292s][info][gc,heap        ] GC(176) PSYoungGen: 131854K(132096K)->960K(157184K) Eden: 129966K(130048K)->0K(156160K) From: 1888K(2048K)->960K(1024K)
[96.292s][info][gc,heap        ] GC(176) ParOldGen: 409072K(409088K)->409088K(409600K)
[96.292s][info][gc,metaspace   ] GC(176) Metaspace: 56077K(56448K)->56077K(56448K) NonClass: 47784K(48064K)->47784K(48064K) Class: 8292K(8384K)->8292K(8384K)
[96.292s][info][gc             ] GC(176) Pause Young (Allocation Failure) 528M->400M(553M) 28.761ms
[96.292s][info][gc,cpu         ] GC(176) User=0.03s Sys=0.00s Real=0.03s
[96.631s][info][gc,start       ] GC(177) Pause Young (Allocation Failure)
[96.634s][info][gc,heap        ] GC(177) PSYoungGen: 156918K(157184K)->1216K(188928K) Eden: 155958K(156160K)->0K(187392K) From: 960K(1024K)->1216K(1536K)
[96.634s][info][gc,heap        ] GC(177) ParOldGen: 409088K(409600K)->409104K(409600K)
[96.634s][info][gc,metaspace   ] GC(177) Metaspace: 56077K(56448K)->56077K(56448K) NonClass: 47784K(48064K)->47784K(48064K) Class: 8292K(8384K)->8292K(8384K)
[96.634s][info][gc             ] GC(177) Pause Young (Allocation Failure) 552M->400M(584M) 3.410ms
[96.634s][info][gc,cpu         ] GC(177) User=0.00s Sys=0.00s Real=0.00s
[97.174s][info][gc,start       ] GC(178) Pause Young (Allocation Failure)
[97.179s][info][gc,heap        ] GC(178) PSYoungGen: 187993K(188928K)->2591K(194048K) Eden: 186777K(187392K)->0K(190976K) From: 1216K(1536K)->2591K(3072K)
[97.179s][info][gc,heap        ] GC(178) ParOldGen: 409104K(409600K)->409120K(409600K)
[97.179s][info][gc,metaspace   ] GC(178) Metaspace: 56077K(56448K)->56077K(56448K) NonClass: 47785K(48064K)->47785K(48064K) Class: 8292K(8384K)->8292K(8384K)
[97.179s][info][gc             ] GC(178) Pause Young (Allocation Failure) 583M->402M(589M) 4.789ms
[97.179s][info][gc,cpu         ] GC(178) User=0.01s Sys=0.00s Real=0.01s
[97.609s][info][gc,start       ] GC(179) Pause Young (Allocation Failure)
[97.614s][info][gc,heap        ] GC(179) PSYoungGen: 193567K(194048K)->1696K(228352K) Eden: 190976K(190976K)->0K(225280K) From: 2591K(3072K)->1696K(3072K)
[97.614s][info][gc,heap        ] GC(179) ParOldGen: 409120K(409600K)->409136K(409600K)
[97.614s][info][gc,metaspace   ] GC(179) Metaspace: 56077K(56448K)->56077K(56448K) NonClass: 47785K(48064K)->47785K(48064K) Class: 8292K(8384K)->8292K(8384K)
[97.614s][info][gc             ] GC(179) Pause Young (Allocation Failure) 588M->401M(623M) 4.727ms
[97.614s][info][gc,cpu         ] GC(179) User=0.01s Sys=0.00s Real=0.00s
[98.199s][info][gc,start       ] GC(180) Pause Young (Allocation Failure)
[98.202s][info][gc,heap        ] GC(180) PSYoungGen: 226976K(228352K)->1342K(228352K) Eden: 225280K(225280K)->0K(225280K) From: 1696K(3072K)->1342K(3072K)
[98.202s][info][gc,heap        ] GC(180) ParOldGen: 409136K(409600K)->409152K(409600K)
[98.202s][info][gc,metaspace   ] GC(180) Metaspace: 56077K(56448K)->56077K(56448K) NonClass: 47785K(48064K)->47785K(48064K) Class: 8292K(8384K)->8292K(8384K)
[98.202s][info][gc             ] GC(180) Pause Young (Allocation Failure) 621M->400M(623M) 3.399ms
[98.202s][info][gc,cpu         ] GC(180) User=0.01s Sys=0.00s Real=0.00s
[98.732s][info][gc,start       ] GC(181) Pause Young (Allocation Failure)
[98.735s][info][gc,heap        ] GC(181) PSYoungGen: 226554K(228352K)->480K(273408K) Eden: 225212K(225280K)->0K(270336K) From: 1342K(3072K)->480K(3072K)
[98.735s][info][gc,heap        ] GC(181) ParOldGen: 409152K(409600K)->409176K(409600K)
[98.735s][info][gc,metaspace   ] GC(181) Metaspace: 56077K(56448K)->56077K(56448K) NonClass: 47785K(48064K)->47785K(48064K) Class: 8292K(8384K)->8292K(8384K)
[98.735s][info][gc             ] GC(181) Pause Young (Allocation Failure) 620M->400M(667M) 2.629ms
[98.735s][info][gc,cpu         ] GC(181) User=0.00s Sys=0.00s Real=0.00s
[99.443s][info][gc,start       ] GC(182) Pause Young (Allocation Failure)
[99.451s][info][gc,heap        ] GC(182) PSYoungGen: 270816K(273408K)->1279K(273408K) Eden: 270336K(270336K)->0K(270336K) From: 480K(3072K)->1279K(3072K)
[99.451s][info][gc,heap        ] GC(182) ParOldGen: 409176K(409600K)->409192K(409600K)
[99.451s][info][gc,metaspace   ] GC(182) Metaspace: 56079K(56448K)->56079K(56448K) NonClass: 47786K(48064K)->47786K(48064K) Class: 8292K(8384K)->8292K(8384K)
[99.451s][info][gc             ] GC(182) Pause Young (Allocation Failure) 664M->400M(667M) 8.412ms
[99.451s][info][gc,cpu         ] GC(182) User=0.00s Sys=0.00s Real=0.01s
[100.131s][info][gc,start       ] GC(183) Pause Young (Allocation Failure)
[100.135s][info][gc,heap        ] GC(183) PSYoungGen: 271615K(273408K)->1503K(261120K) Eden: 270336K(270336K)->0K(259584K) From: 1279K(3072K)->1503K(1536K)
[100.135s][info][gc,heap        ] GC(183) ParOldGen: 409192K(409600K)->409208K(409600K)
[100.135s][info][gc,metaspace   ] GC(183) Metaspace: 56079K(56448K)->56079K(56448K) NonClass: 47786K(48064K)->47786K(48064K) Class: 8292K(8384K)->8292K(8384K)
[100.135s][info][gc             ] GC(183) Pause Young (Allocation Failure) 664M->401M(655M) 4.028ms
[100.135s][info][gc,cpu         ] GC(183) User=0.00s Sys=0.00s Real=0.00s
[100.809s][info][gc,start       ] GC(184) Pause Young (Allocation Failure)
[100.816s][info][gc,heap        ] GC(184) PSYoungGen: 261087K(261120K)->2174K(251904K) Eden: 259584K(259584K)->0K(249344K) From: 1503K(1536K)->2174K(2560K)
[100.816s][info][gc,heap        ] GC(184) ParOldGen: 409208K(409600K)->409224K(409600K)
[100.816s][info][gc,metaspace   ] GC(184) Metaspace: 56079K(56448K)->56079K(56448K) NonClass: 47786K(48064K)->47786K(48064K) Class: 8292K(8384K)->8292K(8384K)
[100.816s][info][gc             ] GC(184) Pause Young (Allocation Failure) 654M->401M(646M) 6.409ms
[100.816s][info][gc,cpu         ] GC(184) User=0.00s Sys=0.00s Real=0.01s
[101.432s][info][gc,start       ] GC(185) Pause Young (Allocation Failure)
[101.436s][info][gc,heap        ] GC(185) PSYoungGen: 251518K(251904K)->991K(240640K) Eden: 249344K(249344K)->0K(239616K) From: 2174K(2560K)->991K(1024K)
[101.436s][info][gc,heap        ] GC(185) ParOldGen: 409224K(409600K)->409240K(409600K)
[101.436s][info][gc,metaspace   ] GC(185) Metaspace: 56079K(56448K)->56079K(56448K) NonClass: 47786K(48064K)->47786K(48064K) Class: 8292K(8384K)->8292K(8384K)
[101.436s][info][gc             ] GC(185) Pause Young (Allocation Failure) 645M->400M(635M) 4.071ms
[101.436s][info][gc,cpu         ] GC(185) User=0.00s Sys=0.01s Real=0.01s
[102.088s][info][gc,start       ] GC(186) Pause Young (Allocation Failure)
[102.090s][info][gc,heap        ] GC(186) PSYoungGen: 240607K(240640K)->543K(231424K) Eden: 239616K(239616K)->0K(230400K) From: 991K(1024K)->543K(1024K)
[102.090s][info][gc,heap        ] GC(186) ParOldGen: 409240K(409600K)->409256K(409600K)
[102.090s][info][gc,metaspace   ] GC(186) Metaspace: 56079K(56448K)->56079K(56448K) NonClass: 47786K(48064K)->47786K(48064K) Class: 8292K(8384K)->8292K(8384K)
[102.090s][info][gc             ] GC(186) Pause Young (Allocation Failure) 634M->400M(626M) 2.560ms
[102.090s][info][gc,cpu         ] GC(186) User=0.01s Sys=0.00s Real=0.00s
[102.660s][info][gc,start       ] GC(187) Pause Young (Allocation Failure)
[102.663s][info][gc,heap        ] GC(187) PSYoungGen: 230943K(231424K)->799K(222720K) Eden: 230400K(230400K)->0K(221696K) From: 543K(1024K)->799K(1024K)
[102.663s][info][gc,heap        ] GC(187) ParOldGen: 409256K(409600K)->409272K(409600K)
[102.663s][info][gc,metaspace   ] GC(187) Metaspace: 56079K(56448K)->56079K(56448K) NonClass: 47786K(48064K)->47786K(48064K) Class: 8292K(8384K)->8292K(8384K)
[102.663s][info][gc             ] GC(187) Pause Young (Allocation Failure) 625M->400M(617M) 2.684ms
[102.663s][info][gc,cpu         ] GC(187) User=0.01s Sys=0.00s Real=0.00s
[103.213s][info][gc,start       ] GC(188) Pause Young (Allocation Failure)
[103.219s][info][gc,heap        ] GC(188) PSYoungGen: 222495K(222720K)->2463K(216064K) Eden: 221696K(221696K)->0K(213504K) From: 799K(1024K)->2463K(2560K)
[103.219s][info][gc,heap        ] GC(188) ParOldGen: 409272K(409600K)->409288K(409600K)
[103.219s][info][gc,metaspace   ] GC(188) Metaspace: 56079K(56448K)->56079K(56448K) NonClass: 47786K(48064K)->47786K(48064K) Class: 8292K(8384K)->8292K(8384K)
[103.219s][info][gc             ] GC(188) Pause Young (Allocation Failure) 616M->402M(611M) 5.554ms
[103.219s][info][gc,cpu         ] GC(188) User=0.00s Sys=0.00s Real=0.01s
[103.789s][info][gc,start       ] GC(189) Pause Young (Allocation Failure)
[103.792s][info][gc,heap        ] GC(189) PSYoungGen: 215967K(216064K)->639K(206848K) Eden: 213504K(213504K)->0K(205824K) From: 2463K(2560K)->639K(1024K)
[103.792s][info][gc,heap        ] GC(189) ParOldGen: 409288K(409600K)->409304K(409600K)
[103.792s][info][gc,metaspace   ] GC(189) Metaspace: 56079K(56448K)->56079K(56448K) NonClass: 47786K(48064K)->47786K(48064K) Class: 8292K(8384K)->8292K(8384K)
[103.792s][info][gc             ] GC(189) Pause Young (Allocation Failure) 610M->400M(602M) 2.644ms
[103.792s][info][gc,cpu         ] GC(189) User=0.01s Sys=0.00s Real=0.00s
[104.304s][info][gc,start       ] GC(190) Pause Young (Allocation Failure)
[104.311s][info][gc,heap        ] GC(190) PSYoungGen: 206463K(206848K)->1951K(200192K) Eden: 205824K(205824K)->0K(198144K) From: 639K(1024K)->1951K(2048K)
[104.311s][info][gc,heap        ] GC(190) ParOldGen: 409304K(409600K)->409328K(409600K)
[104.311s][info][gc,metaspace   ] GC(190) Metaspace: 56079K(56448K)->56079K(56448K) NonClass: 47786K(48064K)->47786K(48064K) Class: 8292K(8384K)->8292K(8384K)
[104.311s][info][gc             ] GC(190) Pause Young (Allocation Failure) 601M->401M(595M) 7.559ms
[104.311s][info][gc,cpu         ] GC(190) User=0.01s Sys=0.01s Real=0.01s
[104.857s][info][gc,start       ] GC(191) Pause Young (Allocation Failure)
[104.860s][info][gc,heap        ] GC(191) PSYoungGen: 200095K(200192K)->1120K(192512K) Eden: 198144K(198144K)->0K(190976K) From: 1951K(2048K)->1120K(1536K)
[104.860s][info][gc,heap        ] GC(191) ParOldGen: 409328K(409600K)->409344K(409600K)
[104.860s][info][gc,metaspace   ] GC(191) Metaspace: 56079K(56448K)->56079K(56448K) NonClass: 47786K(48064K)->47786K(48064K) Class: 8292K(8384K)->8292K(8384K)
[104.860s][info][gc             ] GC(191) Pause Young (Allocation Failure) 595M->400M(588M) 3.661ms
[104.860s][info][gc,cpu         ] GC(191) User=0.00s Sys=0.00s Real=0.00s
[105.297s][info][gc,start       ] GC(192) Pause Young (Allocation Failure)
[105.300s][info][gc,heap        ] GC(192) PSYoungGen: 191855K(192512K)->640K(185344K) Eden: 190735K(190976K)->0K(184320K) From: 1120K(1536K)->640K(1024K)
[105.300s][info][gc,heap        ] GC(192) ParOldGen: 409344K(409600K)->409360K(409600K)
[105.300s][info][gc,metaspace   ] GC(192) Metaspace: 56079K(56448K)->56079K(56448K) NonClass: 47786K(48064K)->47786K(48064K) Class: 8292K(8384K)->8292K(8384K)
[105.300s][info][gc             ] GC(192) Pause Young (Allocation Failure) 587M->400M(581M) 2.872ms
[105.300s][info][gc,cpu         ] GC(192) User=0.00s Sys=0.00s Real=0.00s
[105.787s][info][gc,start       ] GC(193) Pause Young (Allocation Failure)
[105.789s][info][gc,heap        ] GC(193) PSYoungGen: 184960K(185344K)->352K(178176K) Eden: 184320K(184320K)->0K(177664K) From: 640K(1024K)->352K(512K)
[105.789s][info][gc,heap        ] GC(193) ParOldGen: 409360K(409600K)->409376K(409600K)
[105.789s][info][gc,metaspace   ] GC(193) Metaspace: 56079K(56448K)->56079K(56448K) NonClass: 47786K(48064K)->47786K(48064K) Class: 8292K(8384K)->8292K(8384K)
[105.789s][info][gc             ] GC(193) Pause Young (Allocation Failure) 580M->400M(574M) 2.328ms
[105.789s][info][gc,cpu         ] GC(193) User=0.00s Sys=0.00s Real=0.00s
[106.217s][info][gc,start       ] GC(194) Pause Young (Allocation Failure)
[106.223s][info][gc,heap        ] GC(194) PSYoungGen: 178016K(178176K)->2079K(174592K) Eden: 177664K(177664K)->0K(171520K) From: 352K(512K)->2079K(3072K)
[106.223s][info][gc,heap        ] GC(194) ParOldGen: 409376K(409600K)->409392K(409600K)
[106.223s][info][gc,metaspace   ] GC(194) Metaspace: 56079K(56448K)->56079K(56448K) NonClass: 47786K(48064K)->47786K(48064K) Class: 8292K(8384K)->8292K(8384K)
[106.223s][info][gc             ] GC(194) Pause Young (Allocation Failure) 573M->401M(570M) 6.337ms
[106.223s][info][gc,cpu         ] GC(194) User=0.01s Sys=0.00s Real=0.00s
[106.686s][info][gc,start       ] GC(195) Pause Young (Allocation Failure)
[106.689s][info][gc,heap        ] GC(195) PSYoungGen: 173599K(174592K)->404K(165888K) Eden: 171520K(171520K)->0K(165376K) From: 2079K(3072K)->404K(512K)
[106.689s][info][gc,heap        ] GC(195) ParOldGen: 409392K(409600K)->409408K(409600K)
[106.689s][info][gc,metaspace   ] GC(195) Metaspace: 56079K(56448K)->56079K(56448K) NonClass: 47786K(48064K)->47786K(48064K) Class: 8292K(8384K)->8292K(8384K)
[106.689s][info][gc             ] GC(195) Pause Young (Allocation Failure) 569M->400M(562M) 2.369ms
[106.689s][info][gc,cpu         ] GC(195) User=0.01s Sys=0.00s Real=0.00s
[107.097s][info][gc,start       ] GC(196) Pause Young (Allocation Failure)
[107.100s][info][gc,heap        ] GC(196) PSYoungGen: 165780K(165888K)->1247K(162816K) Eden: 165376K(165376K)->0K(159744K) From: 404K(512K)->1247K(3072K)
[107.100s][info][gc,heap        ] GC(196) ParOldGen: 409408K(409600K)->409424K(409600K)
[107.100s][info][gc,metaspace   ] GC(196) Metaspace: 56079K(56448K)->56079K(56448K) NonClass: 47786K(48064K)->47786K(48064K) Class: 8292K(8384K)->8292K(8384K)
[107.100s][info][gc             ] GC(196) Pause Young (Allocation Failure) 561M->401M(559M) 3.315ms
[107.100s][info][gc,cpu         ] GC(196) User=0.01s Sys=0.00s Real=0.00s
[107.524s][info][gc,start       ] GC(197) Pause Young (Allocation Failure)
[107.532s][info][gc,heap        ] GC(197) PSYoungGen: 160991K(162816K)->2228K(194560K) Eden: 159744K(159744K)->0K(192000K) From: 1247K(3072K)->2228K(2560K)
[107.532s][info][gc,heap        ] GC(197) ParOldGen: 409424K(409600K)->409440K(409600K)
[107.532s][info][gc,metaspace   ] GC(197) Metaspace: 56079K(56448K)->56079K(56448K) NonClass: 47786K(48064K)->47786K(48064K) Class: 8292K(8384K)->8292K(8384K)
[107.532s][info][gc             ] GC(197) Pause Young (Allocation Failure) 557M->402M(590M) 8.183ms
[107.532s][info][gc,cpu         ] GC(197) User=0.01s Sys=0.00s Real=0.01s
[107.995s][info][gc,start       ] GC(198) Pause Young (Allocation Failure)
[107.999s][info][gc,heap        ] GC(198) PSYoungGen: 194228K(194560K)->1145K(186880K) Eden: 192000K(192000K)->0K(185344K) From: 2228K(2560K)->1145K(1536K)
[107.999s][info][gc,heap        ] GC(198) ParOldGen: 409440K(409600K)->409456K(409600K)
[107.999s][info][gc,metaspace   ] GC(198) Metaspace: 56079K(56448K)->56079K(56448K) NonClass: 47786K(48064K)->47786K(48064K) Class: 8292K(8384K)->8292K(8384K)
[107.999s][info][gc             ] GC(198) Pause Young (Allocation Failure) 589M->400M(582M) 4.225ms
[107.999s][info][gc,cpu         ] GC(198) User=0.00s Sys=0.00s Real=0.01s
[108.431s][info][gc,start       ] GC(199) Pause Young (Allocation Failure)
[108.434s][info][gc,heap        ] GC(199) PSYoungGen: 186489K(186880K)->1119K(180224K) Eden: 185344K(185344K)->0K(178688K) From: 1145K(1536K)->1119K(1536K)
[108.434s][info][gc,heap        ] GC(199) ParOldGen: 409456K(409600K)->409472K(409600K)
[108.434s][info][gc,metaspace   ] GC(199) Metaspace: 56080K(56448K)->56080K(56448K) NonClass: 47787K(48064K)->47787K(48064K) Class: 8292K(8384K)->8292K(8384K)
[108.434s][info][gc             ] GC(199) Pause Young (Allocation Failure) 581M->400M(576M) 3.229ms
[108.434s][info][gc,cpu         ] GC(199) User=0.01s Sys=0.00s Real=0.00s
[108.909s][info][gc,start       ] GC(200) Pause Young (Allocation Failure)
[108.913s][info][gc,heap        ] GC(200) PSYoungGen: 179684K(180224K)->1216K(174080K) Eden: 178565K(178688K)->0K(172544K) From: 1119K(1536K)->1216K(1536K)
[108.913s][info][gc,heap        ] GC(200) ParOldGen: 409472K(409600K)->409488K(409600K)
[108.913s][info][gc,metaspace   ] GC(200) Metaspace: 56082K(56448K)->56082K(56448K) NonClass: 47789K(48064K)->47789K(48064K) Class: 8292K(8384K)->8292K(8384K)
[108.913s][info][gc             ] GC(200) Pause Young (Allocation Failure) 575M->401M(570M) 3.938ms
[108.913s][info][gc,cpu         ] GC(200) User=0.00s Sys=0.00s Real=0.00s
[109.322s][info][gc,start       ] GC(201) Pause Young (Allocation Failure)
[109.326s][info][gc,heap        ] GC(201) PSYoungGen: 173615K(174080K)->1215K(167936K) Eden: 172399K(172544K)->0K(166400K) From: 1216K(1536K)->1215K(1536K)
[109.326s][info][gc,heap        ] GC(201) ParOldGen: 409488K(409600K)->409504K(409600K)
[109.326s][info][gc,metaspace   ] GC(201) Metaspace: 56082K(56448K)->56082K(56448K) NonClass: 47789K(48064K)->47789K(48064K) Class: 8292K(8384K)->8292K(8384K)
[109.326s][info][gc             ] GC(201) Pause Young (Allocation Failure) 569M->401M(564M) 3.625ms
[109.326s][info][gc,cpu         ] GC(201) User=0.01s Sys=0.00s Real=0.01s
[109.794s][info][gc,start       ] GC(202) Pause Young (Allocation Failure)
[109.797s][info][gc,heap        ] GC(202) PSYoungGen: 167615K(167936K)->1119K(162304K) Eden: 166400K(166400K)->0K(160768K) From: 1215K(1536K)->1119K(1536K)
[109.797s][info][gc,heap        ] GC(202) ParOldGen: 409504K(409600K)->409520K(409600K)
[109.797s][info][gc,metaspace   ] GC(202) Metaspace: 56082K(56448K)->56082K(56448K) NonClass: 47789K(48064K)->47789K(48064K) Class: 8292K(8384K)->8292K(8384K)
[109.797s][info][gc             ] GC(202) Pause Young (Allocation Failure) 563M->401M(558M) 3.121ms
[109.797s][info][gc,cpu         ] GC(202) User=0.00s Sys=0.00s Real=0.01s
[110.197s][info][gc,start       ] GC(203) Pause Young (Allocation Failure)
[110.200s][info][gc,heap        ] GC(203) PSYoungGen: 161688K(162304K)->1184K(156672K) Eden: 160569K(160768K)->0K(155136K) From: 1119K(1536K)->1184K(1536K)
[110.200s][info][gc,heap        ] GC(203) ParOldGen: 409520K(409600K)->409536K(409600K)
[110.200s][info][gc,metaspace   ] GC(203) Metaspace: 56082K(56448K)->56082K(56448K) NonClass: 47789K(48064K)->47789K(48064K) Class: 8292K(8384K)->8292K(8384K)
[110.200s][info][gc             ] GC(203) Pause Young (Allocation Failure) 557M->401M(553M) 3.252ms
[110.200s][info][gc,cpu         ] GC(203) User=0.01s Sys=0.00s Real=0.00s
[110.601s][info][gc,start       ] GC(204) Pause Young (Allocation Failure)
[110.605s][info][gc,heap        ] GC(204) PSYoungGen: 156320K(156672K)->1248K(151552K) Eden: 155136K(155136K)->0K(150016K) From: 1184K(1536K)->1248K(1536K)
[110.605s][info][gc,heap        ] GC(204) ParOldGen: 409536K(409600K)->409552K(409600K)
[110.605s][info][gc,metaspace   ] GC(204) Metaspace: 56082K(56448K)->56082K(56448K) NonClass: 47789K(48064K)->47789K(48064K) Class: 8292K(8384K)->8292K(8384K)
[110.605s][info][gc             ] GC(204) Pause Young (Allocation Failure) 552M->401M(548M) 3.921ms
[110.605s][info][gc,cpu         ] GC(204) User=0.00s Sys=0.00s Real=0.00s
[110.990s][info][gc,start       ] GC(205) Pause Young (Allocation Failure)
[110.992s][info][gc,heap        ] GC(205) PSYoungGen: 151264K(151552K)->661K(145920K) Eden: 150016K(150016K)->0K(144896K) From: 1248K(1536K)->661K(1024K)
[110.992s][info][gc,heap        ] GC(205) ParOldGen: 409552K(409600K)->409568K(409600K)
[110.992s][info][gc,metaspace   ] GC(205) Metaspace: 56082K(56448K)->56082K(56448K) NonClass: 47789K(48064K)->47789K(48064K) Class: 8292K(8384K)->8292K(8384K)
[110.992s][info][gc             ] GC(205) Pause Young (Allocation Failure) 547M->400M(542M) 2.785ms
[110.992s][info][gc,cpu         ] GC(205) User=0.01s Sys=0.00s Real=0.00s
[111.322s][info][gc,start       ] GC(206) Pause Young (Allocation Failure)
[111.327s][info][gc,heap        ] GC(206) PSYoungGen: 145327K(145920K)->1440K(141824K) Eden: 144665K(144896K)->0K(140288K) From: 661K(1024K)->1440K(1536K)
[111.327s][info][gc,heap        ] GC(206) ParOldGen: 409568K(409600K)->409584K(409600K)
[111.327s][info][gc,metaspace   ] GC(206) Metaspace: 56082K(56448K)->56082K(56448K) NonClass: 47789K(48064K)->47789K(48064K) Class: 8292K(8384K)->8292K(8384K)
[111.327s][info][gc             ] GC(206) Pause Young (Allocation Failure) 541M->401M(538M) 4.133ms
[111.327s][info][gc,cpu         ] GC(206) User=0.00s Sys=0.00s Real=0.01s
[111.813s][info][gc,start       ] GC(207) Pause Young (Allocation Failure)
[111.824s][info][gc,heap        ] GC(207) PSYoungGen: 141728K(141824K)->2560K(171008K) Eden: 140288K(140288K)->0K(168448K) From: 1440K(1536K)->2560K(2560K)
[111.824s][info][gc,heap        ] GC(207) ParOldGen: 409584K(409600K)->411592K(411648K)
[111.824s][info][gc,metaspace   ] GC(207) Metaspace: 56082K(56448K)->56082K(56448K) NonClass: 47789K(48064K)->47789K(48064K) Class: 8292K(8384K)->8292K(8384K)
[111.824s][info][gc             ] GC(207) Pause Young (Allocation Failure) 538M->404M(569M) 10.628ms
[111.824s][info][gc,cpu         ] GC(207) User=0.01s Sys=0.01s Real=0.01s
[112.168s][info][gc,start       ] GC(208) Pause Young (Allocation Failure)
[112.220s][info][gc,heap        ] GC(208) PSYoungGen: 144979K(171008K)->128K(202752K) Eden: 142419K(168448K)->0K(202240K) From: 2560K(2560K)->128K(512K)
[112.220s][info][gc,heap        ] GC(208) ParOldGen: 411592K(411648K)->453222K(453632K)
[112.220s][info][gc,metaspace   ] GC(208) Metaspace: 56089K(56448K)->56089K(56448K) NonClass: 47796K(48064K)->47796K(48064K) Class: 8292K(8384K)->8292K(8384K)
[112.220s][info][gc             ] GC(208) Pause Young (Allocation Failure) 543M->442M(641M) 51.552ms
[112.220s][info][gc,cpu         ] GC(208) User=0.07s Sys=0.02s Real=0.05s
[114.792s][info][gc,start       ] GC(209) Pause Young (Allocation Failure)
[114.857s][info][gc,heap        ] GC(209) PSYoungGen: 202267K(202752K)->3577K(246272K) Eden: 202139K(202240K)->0K(242688K) From: 128K(512K)->3577K(3584K)
[114.857s][info][gc,heap        ] GC(209) ParOldGen: 453222K(453632K)->540623K(541184K)
[114.857s][info][gc,metaspace   ] GC(209) Metaspace: 56405K(56704K)->56405K(56704K) NonClass: 48111K(48320K)->48111K(48320K) Class: 8293K(8384K)->8293K(8384K)
[114.858s][info][gc             ] GC(209) Pause Young (Allocation Failure) 640M->531M(769M) 65.236ms
[114.858s][info][gc,cpu         ] GC(209) User=0.06s Sys=0.06s Real=0.07s
[115.393s][info][gc,start       ] GC(210) Pause Young (Allocation Failure)
[115.400s][info][gc,heap        ] GC(210) PSYoungGen: 246265K(246272K)->1534K(279040K) Eden: 242688K(242688K)->0K(242688K) From: 3577K(3584K)->1534K(36352K)
[115.400s][info][gc,heap        ] GC(210) ParOldGen: 540623K(541184K)->544192K(544256K)
[115.400s][info][gc,metaspace   ] GC(210) Metaspace: 56405K(56704K)->56405K(56704K) NonClass: 48111K(48320K)->48111K(48320K) Class: 8293K(8384K)->8293K(8384K)
[115.400s][info][gc             ] GC(210) Pause Young (Allocation Failure) 768M->532M(804M) 6.581ms
[115.400s][info][gc,cpu         ] GC(210) User=0.01s Sys=0.00s Real=0.01s
[116.009s][info][gc,start       ] GC(211) Pause Young (Allocation Failure)
[116.013s][info][gc,heap        ] GC(211) PSYoungGen: 244222K(279040K)->1568K(294400K) Eden: 242688K(242688K)->0K(262144K) From: 1534K(36352K)->1568K(32256K)
[116.013s][info][gc,heap        ] GC(211) ParOldGen: 544192K(544256K)->544543K(544768K)
[116.013s][info][gc,metaspace   ] GC(211) Metaspace: 56405K(56704K)->56405K(56704K) NonClass: 48111K(48320K)->48111K(48320K) Class: 8293K(8384K)->8293K(8384K)
[116.013s][info][gc             ] GC(211) Pause Young (Allocation Failure) 769M->533M(819M) 4.334ms
[116.013s][info][gc,cpu         ] GC(211) User=0.01s Sys=0.00s Real=0.00s
[116.695s][info][gc,start       ] GC(212) Pause Young (Allocation Failure)
[116.698s][info][gc,heap        ] GC(212) PSYoungGen: 263712K(294400K)->960K(296448K) Eden: 262144K(262144K)->0K(262144K) From: 1568K(32256K)->960K(34304K)
[116.699s][info][gc,heap        ] GC(212) ParOldGen: 544543K(544768K)->544559K(544768K)
[116.699s][info][gc,metaspace   ] GC(212) Metaspace: 56405K(56704K)->56405K(56704K) NonClass: 48111K(48320K)->48111K(48320K) Class: 8293K(8384K)->8293K(8384K)
[116.699s][info][gc             ] GC(212) Pause Young (Allocation Failure) 789M->532M(821M) 3.094ms
[116.699s][info][gc,cpu         ] GC(212) User=0.01s Sys=0.00s Real=0.01s
[117.336s][info][gc,start       ] GC(213) Pause Young (Allocation Failure)
[117.339s][info][gc,heap        ] GC(213) PSYoungGen: 263104K(296448K)->1342K(295424K) Eden: 262144K(262144K)->0K(266240K) From: 960K(34304K)->1342K(29184K)
[117.339s][info][gc,heap        ] GC(213) ParOldGen: 544559K(544768K)->544575K(544768K)
[117.339s][info][gc,metaspace   ] GC(213) Metaspace: 56405K(56704K)->56405K(56704K) NonClass: 48111K(48320K)->48111K(48320K) Class: 8293K(8384K)->8293K(8384K)
[117.339s][info][gc             ] GC(213) Pause Young (Allocation Failure) 788M->533M(820M) 3.614ms
[117.339s][info][gc,cpu         ] GC(213) User=0.01s Sys=0.00s Real=0.01s
[118.022s][info][gc,start       ] GC(214) Pause Young (Allocation Failure)
[118.027s][info][gc,heap        ] GC(214) PSYoungGen: 267582K(295424K)->2271K(297984K) Eden: 266240K(266240K)->0K(266240K) From: 1342K(29184K)->2271K(31744K)
[118.027s][info][gc,heap        ] GC(214) ParOldGen: 544575K(544768K)->544591K(544768K)
[118.027s][info][gc,metaspace   ] GC(214) Metaspace: 56405K(56704K)->56405K(56704K) NonClass: 48111K(48320K)->48111K(48320K) Class: 8293K(8384K)->8293K(8384K)
[118.027s][info][gc             ] GC(214) Pause Young (Allocation Failure) 793M->534M(823M) 4.433ms
[118.027s][info][gc,cpu         ] GC(214) User=0.01s Sys=0.00s Real=0.01s
[118.708s][info][gc,start       ] GC(215) Pause Young (Allocation Failure)
[118.713s][info][gc,heap        ] GC(215) PSYoungGen: 268511K(297984K)->2398K(297984K) Eden: 266240K(266240K)->0K(271872K) From: 2271K(31744K)->2398K(26112K)
[118.713s][info][gc,heap        ] GC(215) ParOldGen: 544591K(544768K)->544607K(544768K)
[118.713s][info][gc,metaspace   ] GC(215) Metaspace: 56405K(56704K)->56405K(56704K) NonClass: 48111K(48320K)->48111K(48320K) Class: 8293K(8384K)->8293K(8384K)
[118.713s][info][gc             ] GC(215) Pause Young (Allocation Failure) 794M->534M(823M) 5.198ms
[118.713s][info][gc,cpu         ] GC(215) User=0.01s Sys=0.01s Real=0.00s
[119.422s][info][gc,start       ] GC(216) Pause Young (Allocation Failure)
[119.427s][info][gc,heap        ] GC(216) PSYoungGen: 274270K(297984K)->2047K(300544K) Eden: 271872K(271872K)->0K(271872K) From: 2398K(26112K)->2047K(28672K)
[119.427s][info][gc,heap        ] GC(216) ParOldGen: 544607K(544768K)->544623K(544768K)
[119.427s][info][gc,metaspace   ] GC(216) Metaspace: 56405K(56704K)->56405K(56704K) NonClass: 48111K(48320K)->48111K(48320K) Class: 8293K(8384K)->8293K(8384K)
[119.427s][info][gc             ] GC(216) Pause Young (Allocation Failure) 799M->533M(825M) 4.777ms
[119.427s][info][gc,cpu         ] GC(216) User=0.00s Sys=0.00s Real=0.01s
[120.107s][info][gc,start       ] GC(217) Pause Young (Allocation Failure)
[120.112s][info][gc,heap        ] GC(217) PSYoungGen: 273919K(300544K)->1792K(267264K) Eden: 271872K(271872K)->0K(261120K) From: 2047K(28672K)->1792K(6144K)
[120.112s][info][gc,heap        ] GC(217) ParOldGen: 544623K(544768K)->544639K(544768K)
[120.112s][info][gc,metaspace   ] GC(217) Metaspace: 56405K(56704K)->56405K(56704K) NonClass: 48111K(48320K)->48111K(48320K) Class: 8293K(8384K)->8293K(8384K)
[120.112s][info][gc             ] GC(217) Pause Young (Allocation Failure) 799M->533M(793M) 4.928ms
[120.112s][info][gc,cpu         ] GC(217) User=0.01s Sys=0.00s Real=0.00s
[120.791s][info][gc,start       ] GC(218) Pause Young (Allocation Failure)
[120.795s][info][gc,heap        ] GC(218) PSYoungGen: 262912K(267264K)->980K(251904K) Eden: 261120K(261120K)->0K(250880K) From: 1792K(6144K)->980K(1024K)
[120.795s][info][gc,heap        ] GC(218) ParOldGen: 544639K(544768K)->544655K(544768K)
[120.795s][info][gc,metaspace   ] GC(218) Metaspace: 56405K(56704K)->56405K(56704K) NonClass: 48111K(48320K)->48111K(48320K) Class: 8293K(8384K)->8293K(8384K)
[120.795s][info][gc             ] GC(218) Pause Young (Allocation Failure) 788M->532M(778M) 3.209ms
[120.795s][info][gc,cpu         ] GC(218) User=0.01s Sys=0.00s Real=0.00s
[121.409s][info][gc,start       ] GC(219) Pause Young (Allocation Failure)
[121.414s][info][gc,heap        ] GC(219) PSYoungGen: 251860K(251904K)->1855K(246272K) Eden: 250880K(250880K)->0K(241152K) From: 980K(1024K)->1855K(5120K)
[121.414s][info][gc,heap        ] GC(219) ParOldGen: 544655K(544768K)->544671K(544768K)
[121.414s][info][gc,metaspace   ] GC(219) Metaspace: 56405K(56704K)->56405K(56704K) NonClass: 48111K(48320K)->48111K(48320K) Class: 8293K(8384K)->8293K(8384K)
[121.414s][info][gc             ] GC(219) Pause Young (Allocation Failure) 777M->533M(772M) 5.317ms
[121.414s][info][gc,cpu         ] GC(219) User=0.01s Sys=0.00s Real=0.00s
[122.017s][info][gc,start       ] GC(220) Pause Young (Allocation Failure)
[122.022s][info][gc,heap        ] GC(220) PSYoungGen: 243007K(246272K)->2335K(234496K) Eden: 241152K(241152K)->0K(231936K) From: 1855K(5120K)->2335K(2560K)
[122.022s][info][gc,heap        ] GC(220) ParOldGen: 544671K(544768K)->544687K(544768K)
[122.022s][info][gc,metaspace   ] GC(220) Metaspace: 56405K(56704K)->56405K(56704K) NonClass: 48111K(48320K)->48111K(48320K) Class: 8293K(8384K)->8293K(8384K)
[122.022s][info][gc             ] GC(220) Pause Young (Allocation Failure) 769M->534M(761M) 4.746ms
[122.022s][info][gc,cpu         ] GC(220) User=0.01s Sys=0.00s Real=0.00s
[122.681s][info][gc,start       ] GC(221) Pause Young (Allocation Failure)
[122.686s][info][gc,heap        ] GC(221) PSYoungGen: 234271K(234496K)->2080K(226304K) Eden: 231936K(231936K)->0K(223232K) From: 2335K(2560K)->2080K(3072K)
[122.686s][info][gc,heap        ] GC(221) ParOldGen: 544687K(544768K)->544703K(544768K)
[122.686s][info][gc,metaspace   ] GC(221) Metaspace: 56405K(56704K)->56405K(56704K) NonClass: 48111K(48320K)->48111K(48320K) Class: 8293K(8384K)->8293K(8384K)
[122.686s][info][gc             ] GC(221) Pause Young (Allocation Failure) 760M->533M(753M) 5.434ms
[122.686s][info][gc,cpu         ] GC(221) User=0.01s Sys=0.00s Real=0.01s
[123.203s][info][gc,start       ] GC(222) Pause Young (Allocation Failure)
[123.206s][info][gc,heap        ] GC(222) PSYoungGen: 225312K(226304K)->3089K(218624K) Eden: 223232K(223232K)->0K(215040K) From: 2080K(3072K)->3089K(3584K)
[123.206s][info][gc,heap        ] GC(222) ParOldGen: 544703K(544768K)->544719K(544768K)
[123.206s][info][gc,metaspace   ] GC(222) Metaspace: 56405K(56704K)->56405K(56704K) NonClass: 48111K(48320K)->48111K(48320K) Class: 8293K(8384K)->8293K(8384K)
[123.206s][info][gc             ] GC(222) Pause Young (Allocation Failure) 751M->534M(745M) 3.560ms
[123.206s][info][gc,cpu         ] GC(222) User=0.01s Sys=0.00s Real=0.01s
[123.727s][info][gc,start       ] GC(223) Pause Young (Allocation Failure)
[123.732s][info][gc,heap        ] GC(223) PSYoungGen: 218030K(218624K)->1216K(208384K) Eden: 214941K(215040K)->0K(206848K) From: 3089K(3584K)->1216K(1536K)
[123.732s][info][gc,heap        ] GC(223) ParOldGen: 544719K(544768K)->546657K(546816K)
[123.732s][info][gc,metaspace   ] GC(223) Metaspace: 56405K(56704K)->56405K(56704K) NonClass: 48111K(48320K)->48111K(48320K) Class: 8293K(8384K)->8293K(8384K)
[123.732s][info][gc             ] GC(223) Pause Young (Allocation Failure) 744M->535M(737M) 5.546ms
[123.732s][info][gc,cpu         ] GC(223) User=0.00s Sys=0.00s Real=0.00s
[124.293s][info][gc,start       ] GC(224) Pause Young (Allocation Failure)
[124.296s][info][gc,heap        ] GC(224) PSYoungGen: 208064K(208384K)->1001K(217088K) Eden: 206848K(206848K)->0K(199168K) From: 1216K(1536K)->1001K(17920K)
[124.296s][info][gc,heap        ] GC(224) ParOldGen: 546657K(546816K)->546673K(546816K)
[124.296s][info][gc,metaspace   ] GC(224) Metaspace: 56405K(56704K)->56405K(56704K) NonClass: 48111K(48320K)->48111K(48320K) Class: 8293K(8384K)->8293K(8384K)
[124.296s][info][gc             ] GC(224) Pause Young (Allocation Failure) 737M->534M(746M) 3.187ms
[124.296s][info][gc,cpu         ] GC(224) User=0.00s Sys=0.00s Real=0.01s
[124.794s][info][gc,start       ] GC(225) Pause Young (Allocation Failure)
[124.798s][info][gc,heap        ] GC(225) PSYoungGen: 200169K(217088K)->1694K(194048K) Eden: 199168K(199168K)->0K(192000K) From: 1001K(17920K)->1694K(2048K)
[124.798s][info][gc,heap        ] GC(225) ParOldGen: 546673K(546816K)->546689K(546816K)
[124.798s][info][gc,metaspace   ] GC(225) Metaspace: 56405K(56704K)->56405K(56704K) NonClass: 48111K(48320K)->48111K(48320K) Class: 8293K(8384K)->8293K(8384K)
[124.798s][info][gc             ] GC(225) Pause Young (Allocation Failure) 729M->535M(723M) 4.431ms
[124.798s][info][gc,cpu         ] GC(225) User=0.01s Sys=0.00s Real=0.01s
[125.295s][info][gc,start       ] GC(226) Pause Young (Allocation Failure)
[125.297s][info][gc,heap        ] GC(226) PSYoungGen: 193694K(194048K)->1147K(186880K) Eden: 192000K(192000K)->0K(185344K) From: 1694K(2048K)->1147K(1536K)
[125.297s][info][gc,heap        ] GC(226) ParOldGen: 546689K(546816K)->546705K(546816K)
[125.297s][info][gc,metaspace   ] GC(226) Metaspace: 56405K(56704K)->56405K(56704K) NonClass: 48111K(48320K)->48111K(48320K) Class: 8293K(8384K)->8293K(8384K)
[125.297s][info][gc             ] GC(226) Pause Young (Allocation Failure) 723M->535M(716M) 2.837ms
[125.297s][info][gc,cpu         ] GC(226) User=0.00s Sys=0.00s Real=0.01s
[125.730s][info][gc,start       ] GC(227) Pause Young (Allocation Failure)
[125.734s][info][gc,heap        ] GC(227) PSYoungGen: 186254K(186880K)->928K(179712K) Eden: 185106K(185344K)->0K(178688K) From: 1147K(1536K)->928K(1024K)
[125.734s][info][gc,heap        ] GC(227) ParOldGen: 546705K(546816K)->546721K(546816K)
[125.734s][info][gc,metaspace   ] GC(227) Metaspace: 56405K(56704K)->56405K(56704K) NonClass: 48111K(48320K)->48111K(48320K) Class: 8293K(8384K)->8293K(8384K)
[125.734s][info][gc             ] GC(227) Pause Young (Allocation Failure) 715M->534M(709M) 4.156ms
[125.734s][info][gc,cpu         ] GC(227) User=0.01s Sys=0.01s Real=0.00s
[126.206s][info][gc,start       ] GC(228) Pause Young (Allocation Failure)
[126.210s][info][gc,heap        ] GC(228) PSYoungGen: 179616K(179712K)->1503K(186880K) Eden: 178688K(178688K)->0K(172544K) From: 928K(1024K)->1503K(14336K)
[126.210s][info][gc,heap        ] GC(228) ParOldGen: 546721K(546816K)->546737K(546816K)
[126.210s][info][gc,metaspace   ] GC(228) Metaspace: 56409K(56704K)->56409K(56704K) NonClass: 48115K(48320K)->48115K(48320K) Class: 8293K(8384K)->8293K(8384K)
[126.210s][info][gc             ] GC(228) Pause Young (Allocation Failure) 709M->535M(716M) 3.642ms
[126.210s][info][gc,cpu         ] GC(228) User=0.01s Sys=0.00s Real=0.00s
[126.627s][info][gc,start       ] GC(229) Pause Young (Allocation Failure)
[126.631s][info][gc,heap        ] GC(229) PSYoungGen: 173820K(186880K)->1247K(167936K) Eden: 172316K(172544K)->0K(166400K) From: 1503K(14336K)->1247K(1536K)
[126.631s][info][gc,heap        ] GC(229) ParOldGen: 546737K(546816K)->546753K(546816K)
[126.631s][info][gc,metaspace   ] GC(229) Metaspace: 56409K(56704K)->56409K(56704K) NonClass: 48115K(48320K)->48115K(48320K) Class: 8293K(8384K)->8293K(8384K)
[126.631s][info][gc             ] GC(229) Pause Young (Allocation Failure) 703M->535M(698M) 4.042ms
[126.631s][info][gc,cpu         ] GC(229) User=0.00s Sys=0.00s Real=0.00s
[127.092s][info][gc,start       ] GC(230) Pause Young (Allocation Failure)
[127.095s][info][gc,heap        ] GC(230) PSYoungGen: 167647K(167936K)->768K(161792K) Eden: 166400K(166400K)->0K(160768K) From: 1247K(1536K)->768K(1024K)
[127.095s][info][gc,heap        ] GC(230) ParOldGen: 546753K(546816K)->546769K(546816K)
[127.095s][info][gc,metaspace   ] GC(230) Metaspace: 56414K(56768K)->56414K(56768K) NonClass: 48120K(48384K)->48120K(48384K) Class: 8293K(8384K)->8293K(8384K)
[127.095s][info][gc             ] GC(230) Pause Young (Allocation Failure) 697M->534M(692M) 2.917ms
[127.095s][info][gc,cpu         ] GC(230) User=0.01s Sys=0.00s Real=0.00s
[127.498s][info][gc,start       ] GC(231) Pause Young (Allocation Failure)
[127.502s][info][gc,heap        ] GC(231) PSYoungGen: 161536K(161792K)->992K(156160K) Eden: 160768K(160768K)->0K(155136K) From: 768K(1024K)->992K(1024K)
[127.502s][info][gc,heap        ] GC(231) ParOldGen: 546769K(546816K)->546785K(546816K)
[127.502s][info][gc,metaspace   ] GC(231) Metaspace: 56414K(56768K)->56414K(56768K) NonClass: 48120K(48384K)->48120K(48384K) Class: 8293K(8384K)->8293K(8384K)
[127.502s][info][gc             ] GC(231) Pause Young (Allocation Failure) 691M->534M(686M) 3.923ms
[127.502s][info][gc,cpu         ] GC(231) User=0.00s Sys=0.00s Real=0.00s
[127.943s][info][gc,start       ] GC(232) Pause Young (Allocation Failure)
[127.946s][info][gc,heap        ] GC(232) PSYoungGen: 156128K(156160K)->1408K(161280K) Eden: 155136K(155136K)->0K(150016K) From: 992K(1024K)->1408K(11264K)
[127.946s][info][gc,heap        ] GC(232) ParOldGen: 546785K(546816K)->546801K(546816K)
[127.946s][info][gc,metaspace   ] GC(232) Metaspace: 56414K(56768K)->56414K(56768K) NonClass: 48120K(48384K)->48120K(48384K) Class: 8293K(8384K)->8293K(8384K)
[127.947s][info][gc             ] GC(232) Pause Young (Allocation Failure) 686M->535M(691M) 3.841ms
[127.947s][info][gc,cpu         ] GC(232) User=0.01s Sys=0.00s Real=0.01s
[128.290s][info][gc,start       ] GC(233) Pause Young (Allocation Failure)
[128.293s][info][gc,heap        ] GC(233) PSYoungGen: 151424K(161280K)->735K(145920K) Eden: 150016K(150016K)->0K(144896K) From: 1408K(11264K)->735K(1024K)
[128.293s][info][gc,heap        ] GC(233) ParOldGen: 546801K(546816K)->546817K(547328K)
[128.293s][info][gc,metaspace   ] GC(233) Metaspace: 56414K(56768K)->56414K(56768K) NonClass: 48120K(48384K)->48120K(48384K) Class: 8293K(8384K)->8293K(8384K)
[128.293s][info][gc             ] GC(233) Pause Young (Allocation Failure) 681M->534M(677M) 3.374ms
[128.293s][info][gc,cpu         ] GC(233) User=0.01s Sys=0.00s Real=0.00s
[128.621s][info][gc,start       ] GC(234) Pause Young (Allocation Failure)
[128.625s][info][gc,heap        ] GC(234) PSYoungGen: 145631K(145920K)->2015K(150528K) Eden: 144896K(144896K)->0K(140288K) From: 735K(1024K)->2015K(10240K)
[128.625s][info][gc,heap        ] GC(234) ParOldGen: 546817K(547328K)->546833K(547328K)
[128.625s][info][gc,metaspace   ] GC(234) Metaspace: 56414K(56768K)->56414K(56768K) NonClass: 48120K(48384K)->48120K(48384K) Class: 8293K(8384K)->8293K(8384K)
[128.625s][info][gc             ] GC(234) Pause Young (Allocation Failure) 676M->535M(681M) 4.235ms
[128.625s][info][gc,cpu         ] GC(234) User=0.01s Sys=0.00s Real=0.00s
[129.007s][info][gc,start       ] GC(235) Pause Young (Allocation Failure)
[129.011s][info][gc,heap        ] GC(235) PSYoungGen: 142303K(150528K)->1471K(137216K) Eden: 140287K(140288K)->0K(135680K) From: 2015K(10240K)->1471K(1536K)
[129.011s][info][gc,heap        ] GC(235) ParOldGen: 546833K(547328K)->546849K(547328K)
[129.011s][info][gc,metaspace   ] GC(235) Metaspace: 56414K(56768K)->56414K(56768K) NonClass: 48120K(48384K)->48120K(48384K) Class: 8293K(8384K)->8293K(8384K)
[129.011s][info][gc             ] GC(235) Pause Young (Allocation Failure) 672M->535M(668M) 3.851ms
[129.011s][info][gc,cpu         ] GC(235) User=0.01s Sys=0.00s Real=0.00s
[129.328s][info][gc,start       ] GC(236) Pause Young (Allocation Failure)
[129.332s][info][gc,heap        ] GC(236) PSYoungGen: 136962K(137216K)->1152K(133120K) Eden: 135491K(135680K)->0K(131584K) From: 1471K(1536K)->1152K(1536K)
[129.332s][info][gc,heap        ] GC(236) ParOldGen: 546849K(547328K)->546865K(547328K)
[129.332s][info][gc,metaspace   ] GC(236) Metaspace: 56414K(56768K)->56414K(56768K) NonClass: 48120K(48384K)->48120K(48384K) Class: 8293K(8384K)->8293K(8384K)
[129.332s][info][gc             ] GC(236) Pause Young (Allocation Failure) 667M->535M(664M) 3.405ms
[129.332s][info][gc,cpu         ] GC(236) User=0.00s Sys=0.00s Real=0.00s
[129.693s][info][gc,start       ] GC(237) Pause Young (Allocation Failure)
[129.696s][info][gc,heap        ] GC(237) PSYoungGen: 132512K(133120K)->960K(128512K) Eden: 131360K(131584K)->0K(127488K) From: 1152K(1536K)->960K(1024K)
[129.696s][info][gc,heap        ] GC(237) ParOldGen: 546865K(547328K)->546881K(547328K)
[129.696s][info][gc,metaspace   ] GC(237) Metaspace: 56414K(56768K)->56414K(56768K) NonClass: 48120K(48384K)->48120K(48384K) Class: 8293K(8384K)->8293K(8384K)
[129.696s][info][gc             ] GC(237) Pause Young (Allocation Failure) 663M->535M(660M) 3.508ms
[129.696s][info][gc,cpu         ] GC(237) User=0.00s Sys=0.00s Real=0.01s
[130.008s][info][gc,start       ] GC(238) Pause Young (Allocation Failure)
[130.011s][info][gc,heap        ] GC(238) PSYoungGen: 128448K(128512K)->1887K(131072K) Eden: 127488K(127488K)->0K(123392K) From: 960K(1024K)->1887K(7680K)
[130.011s][info][gc,heap        ] GC(238) ParOldGen: 546881K(547328K)->546897K(547328K)
[130.011s][info][gc,metaspace   ] GC(238) Metaspace: 56414K(56768K)->56414K(56768K) NonClass: 48120K(48384K)->48120K(48384K) Class: 8293K(8384K)->8293K(8384K)
[130.011s][info][gc             ] GC(238) Pause Young (Allocation Failure) 659M->535M(662M) 3.887ms
[130.012s][info][gc,cpu         ] GC(238) User=0.00s Sys=0.00s Real=0.00s
[130.313s][info][gc,start       ] GC(239) Pause Young (Allocation Failure)
[130.318s][info][gc,heap        ] GC(239) PSYoungGen: 125279K(131072K)->1504K(154112K) Eden: 123392K(123392K)->0K(146944K) From: 1887K(7680K)->1504K(7168K)
[130.318s][info][gc,heap        ] GC(239) ParOldGen: 546897K(547328K)->546913K(547328K)
[130.319s][info][gc,metaspace   ] GC(239) Metaspace: 56414K(56768K)->56414K(56768K) NonClass: 48120K(48384K)->48120K(48384K) Class: 8293K(8384K)->8293K(8384K)
[130.319s][info][gc             ] GC(239) Pause Young (Allocation Failure) 656M->535M(685M) 5.664ms
[130.319s][info][gc,cpu         ] GC(239) User=0.01s Sys=0.00s Real=0.01s
[130.701s][info][gc,start       ] GC(240) Pause Young (Allocation Failure)
[130.704s][info][gc,heap        ] GC(240) PSYoungGen: 148448K(154112K)->1791K(153600K) Eden: 146944K(146944K)->0K(146944K) From: 1504K(7168K)->1791K(6656K)
[130.705s][info][gc,heap        ] GC(240) ParOldGen: 546913K(547328K)->546929K(547328K)
[130.705s][info][gc,metaspace   ] GC(240) Metaspace: 56414K(56768K)->56414K(56768K) NonClass: 48120K(48384K)->48120K(48384K) Class: 8293K(8384K)->8293K(8384K)
[130.705s][info][gc             ] GC(240) Pause Young (Allocation Failure) 679M->535M(684M) 3.850ms
[130.705s][info][gc,cpu         ] GC(240) User=0.01s Sys=0.00s Real=0.00s
[131.089s][info][gc,start       ] GC(241) Pause Young (Allocation Failure)
[131.091s][info][gc,heap        ] GC(241) PSYoungGen: 148735K(153600K)->470K(142848K) Eden: 146944K(146944K)->0K(142336K) From: 1791K(6656K)->470K(512K)
[131.091s][info][gc,heap        ] GC(241) ParOldGen: 546929K(547328K)->546945K(547328K)
[131.091s][info][gc,metaspace   ] GC(241) Metaspace: 56414K(56768K)->56414K(56768K) NonClass: 48120K(48384K)->48120K(48384K) Class: 8293K(8384K)->8293K(8384K)
[131.091s][info][gc             ] GC(241) Pause Young (Allocation Failure) 679M->534M(674M) 2.574ms
[131.091s][info][gc,cpu         ] GC(241) User=0.00s Sys=0.00s Real=0.00s
[131.418s][info][gc,start       ] GC(242) Pause Young (Allocation Failure)
[131.423s][info][gc,heap        ] GC(242) PSYoungGen: 142770K(142848K)->1824K(177152K) Eden: 142299K(142336K)->0K(171008K) From: 470K(512K)->1824K(6144K)
[131.423s][info][gc,heap        ] GC(242) ParOldGen: 546945K(547328K)->546961K(547328K)
[131.423s][info][gc,metaspace   ] GC(242) Metaspace: 56414K(56768K)->56414K(56768K) NonClass: 48120K(48384K)->48120K(48384K) Class: 8293K(8384K)->8293K(8384K)
[131.423s][info][gc             ] GC(242) Pause Young (Allocation Failure) 673M->535M(707M) 4.877ms
[131.423s][info][gc,cpu         ] GC(242) User=0.01s Sys=0.00s Real=0.00s
[131.945s][info][gc,start       ] GC(243) Pause Young (Allocation Failure)
[131.949s][info][gc,heap        ] GC(243) PSYoungGen: 172832K(177152K)->1534K(166400K) Eden: 171008K(171008K)->0K(164864K) From: 1824K(6144K)->1534K(1536K)
[131.949s][info][gc,heap        ] GC(243) ParOldGen: 546961K(547328K)->546977K(547328K)
[131.949s][info][gc,metaspace   ] GC(243) Metaspace: 56414K(56768K)->56414K(56768K) NonClass: 48120K(48384K)->48120K(48384K) Class: 8293K(8384K)->8293K(8384K)
[131.949s][info][gc             ] GC(243) Pause Young (Allocation Failure) 702M->535M(697M) 3.812ms
[131.949s][info][gc,cpu         ] GC(243) User=0.01s Sys=0.00s Real=0.01s
[132.299s][info][gc,start       ] GC(244) Pause Young (Allocation Failure)
[132.302s][info][gc,heap        ] GC(244) PSYoungGen: 166398K(166400K)->1088K(160768K) Eden: 164864K(164864K)->0K(159232K) From: 1534K(1536K)->1088K(1536K)
[132.302s][info][gc,heap        ] GC(244) ParOldGen: 546977K(547328K)->546993K(547328K)
[132.302s][info][gc,metaspace   ] GC(244) Metaspace: 56414K(56768K)->56414K(56768K) NonClass: 48120K(48384K)->48120K(48384K) Class: 8293K(8384K)->8293K(8384K)
[132.302s][info][gc             ] GC(244) Pause Young (Allocation Failure) 696M->535M(691M) 3.309ms
[132.302s][info][gc,cpu         ] GC(244) User=0.01s Sys=0.00s Real=0.00s
[132.702s][info][gc,start       ] GC(245) Pause Young (Allocation Failure)
[132.707s][info][gc,heap        ] GC(245) PSYoungGen: 160320K(160768K)->2142K(173056K) Eden: 159232K(159232K)->0K(167936K) From: 1088K(1536K)->2142K(5120K)
[132.707s][info][gc,heap        ] GC(245) ParOldGen: 546993K(547328K)->547009K(547328K)
[132.707s][info][gc,metaspace   ] GC(245) Metaspace: 56414K(56768K)->56414K(56768K) NonClass: 48120K(48384K)->48120K(48384K) Class: 8293K(8384K)->8293K(8384K)
[132.707s][info][gc             ] GC(245) Pause Young (Allocation Failure) 690M->536M(703M) 4.966ms
[132.707s][info][gc,cpu         ] GC(245) User=0.01s Sys=0.00s Real=0.01s
[133.214s][info][gc,start       ] GC(246) Pause Young (Allocation Failure)
[133.220s][info][gc,heap        ] GC(246) PSYoungGen: 169957K(173056K)->2624K(173056K) Eden: 167815K(167936K)->0K(167936K) From: 2142K(5120K)->2624K(5120K)
[133.220s][info][gc,heap        ] GC(246) ParOldGen: 547009K(547328K)->547025K(547328K)
[133.220s][info][gc,metaspace   ] GC(246) Metaspace: 56414K(56768K)->56414K(56768K) NonClass: 48120K(48384K)->48120K(48384K) Class: 8293K(8384K)->8293K(8384K)
[133.220s][info][gc             ] GC(246) Pause Young (Allocation Failure) 700M->536M(703M) 6.111ms
[133.220s][info][gc,cpu         ] GC(246) User=0.01s Sys=0.00s Real=0.01s
[133.633s][info][gc,start       ] GC(247) Pause Young (Allocation Failure)
[133.637s][info][gc,heap        ] GC(247) PSYoungGen: 170560K(173056K)->1342K(163840K) Eden: 167936K(167936K)->0K(162304K) From: 2624K(5120K)->1342K(1536K)
[133.637s][info][gc,heap        ] GC(247) ParOldGen: 547025K(547328K)->547041K(547328K)
[133.637s][info][gc,metaspace   ] GC(247) Metaspace: 56414K(56768K)->56414K(56768K) NonClass: 48120K(48384K)->48120K(48384K) Class: 8293K(8384K)->8293K(8384K)
[133.637s][info][gc             ] GC(247) Pause Young (Allocation Failure) 700M->535M(694M) 3.526ms
[133.637s][info][gc,cpu         ] GC(247) User=0.00s Sys=0.00s Real=0.01s
[134.087s][info][gc,start       ] GC(248) Pause Young (Allocation Failure)
[134.090s][info][gc,heap        ] GC(248) PSYoungGen: 163646K(163840K)->457K(157184K) Eden: 162304K(162304K)->0K(156672K) From: 1342K(1536K)->457K(512K)
[134.090s][info][gc,heap        ] GC(248) ParOldGen: 547041K(547328K)->547057K(547328K)
[134.090s][info][gc,metaspace   ] GC(248) Metaspace: 56414K(56768K)->56414K(56768K) NonClass: 48120K(48384K)->48120K(48384K) Class: 8293K(8384K)->8293K(8384K)
[134.090s][info][gc             ] GC(248) Pause Young (Allocation Failure) 694M->534M(688M) 2.678ms
[134.090s][info][gc,cpu         ] GC(248) User=0.00s Sys=0.00s Real=0.00s
[134.488s][info][gc,start       ] GC(249) Pause Young (Allocation Failure)
[134.491s][info][gc,heap        ] GC(249) PSYoungGen: 157129K(157184K)->935K(152576K) Eden: 156672K(156672K)->0K(151552K) From: 457K(512K)->935K(1024K)
[134.491s][info][gc,heap        ] GC(249) ParOldGen: 547057K(547328K)->547073K(547328K)
[134.491s][info][gc,metaspace   ] GC(249) Metaspace: 56414K(56768K)->56414K(56768K) NonClass: 48120K(48384K)->48120K(48384K) Class: 8293K(8384K)->8293K(8384K)
[134.491s][info][gc             ] GC(249) Pause Young (Allocation Failure) 687M->535M(683M) 2.941ms
[134.491s][info][gc,cpu         ] GC(249) User=0.00s Sys=0.00s Real=0.00s
[134.836s][info][gc,start       ] GC(250) Pause Young (Allocation Failure)
[134.839s][info][gc,heap        ] GC(250) PSYoungGen: 152315K(152576K)->288K(146944K) Eden: 151379K(151552K)->0K(146432K) From: 935K(1024K)->288K(512K)
[134.839s][info][gc,heap        ] GC(250) ParOldGen: 547073K(547328K)->547089K(547328K)
[134.839s][info][gc,metaspace   ] GC(250) Metaspace: 56414K(56768K)->56414K(56768K) NonClass: 48120K(48384K)->48120K(48384K) Class: 8293K(8384K)->8293K(8384K)
[134.839s][info][gc             ] GC(250) Pause Young (Allocation Failure) 682M->534M(678M) 2.512ms
[134.839s][info][gc,cpu         ] GC(250) User=0.00s Sys=0.00s Real=0.00s
[135.282s][info][gc,start       ] GC(251) Pause Young (Allocation Failure)
[135.298s][info][gc,heap        ] GC(251) PSYoungGen: 146720K(146944K)->2527K(178688K) Eden: 146432K(146432K)->0K(176128K) From: 288K(512K)->2527K(2560K)
[135.298s][info][gc,heap        ] GC(251) ParOldGen: 547089K(547328K)->547105K(547328K)
[135.298s][info][gc,metaspace   ] GC(251) Metaspace: 56414K(56768K)->56414K(56768K) NonClass: 48120K(48384K)->48120K(48384K) Class: 8293K(8384K)->8293K(8384K)
[135.298s][info][gc             ] GC(251) Pause Young (Allocation Failure) 677M->536M(709M) 16.502ms
[135.299s][info][gc,cpu         ] GC(251) User=0.02s Sys=0.00s Real=0.02s
[135.696s][info][gc,start       ] GC(252) Pause Young (Allocation Failure)
[135.699s][info][gc,heap        ] GC(252) PSYoungGen: 178596K(178688K)->928K(196608K) Eden: 176069K(176128K)->0K(192000K) From: 2527K(2560K)->928K(4608K)
[135.699s][info][gc,heap        ] GC(252) ParOldGen: 547105K(547328K)->547121K(547328K)
[135.699s][info][gc,metaspace   ] GC(252) Metaspace: 56414K(56768K)->56414K(56768K) NonClass: 48120K(48384K)->48120K(48384K) Class: 8293K(8384K)->8293K(8384K)
[135.699s][info][gc             ] GC(252) Pause Young (Allocation Failure) 708M->535M(726M) 3.352ms
[135.699s][info][gc,cpu         ] GC(252) User=0.00s Sys=0.00s Real=0.00s
[136.249s][info][gc,start       ] GC(253) Pause Young (Allocation Failure)
[136.253s][info][gc,heap        ] GC(253) PSYoungGen: 192928K(196608K)->504K(216576K) Eden: 192000K(192000K)->0K(211968K) From: 928K(4608K)->504K(4608K)
[136.253s][info][gc,heap        ] GC(253) ParOldGen: 547121K(547328K)->547137K(547328K)
[136.253s][info][gc,metaspace   ] GC(253) Metaspace: 56414K(56768K)->56414K(56768K) NonClass: 48120K(48384K)->48120K(48384K) Class: 8293K(8384K)->8293K(8384K)
[136.253s][info][gc             ] GC(253) Pause Young (Allocation Failure) 722M->534M(746M) 4.877ms
[136.253s][info][gc,cpu         ] GC(253) User=0.01s Sys=0.00s Real=0.00s
[136.711s][info][gc,start       ] GC(254) Pause Young (Allocation Failure)
[136.715s][info][gc,heap        ] GC(254) PSYoungGen: 212472K(216576K)->2110K(216064K) Eden: 211968K(211968K)->0K(211968K) From: 504K(4608K)->2110K(4096K)
[136.715s][info][gc,heap        ] GC(254) ParOldGen: 547137K(547328K)->547153K(547328K)
[136.715s][info][gc,metaspace   ] GC(254) Metaspace: 56414K(56768K)->56414K(56768K) NonClass: 48120K(48384K)->48120K(48384K) Class: 8293K(8384K)->8293K(8384K)
[136.715s][info][gc             ] GC(254) Pause Young (Allocation Failure) 741M->536M(745M) 4.631ms
[136.715s][info][gc,cpu         ] GC(254) User=0.00s Sys=0.00s Real=0.00s
[137.269s][info][gc,start       ] GC(255) Pause Young (Allocation Failure)
[137.286s][info][gc,heap        ] GC(255) PSYoungGen: 214078K(216064K)->1439K(258560K) Eden: 211968K(211968K)->0K(254464K) From: 2110K(4096K)->1439K(4096K)
[137.286s][info][gc,heap        ] GC(255) ParOldGen: 547153K(547328K)->547169K(547328K)
[137.286s][info][gc,metaspace   ] GC(255) Metaspace: 56414K(56768K)->56414K(56768K) NonClass: 48120K(48384K)->48120K(48384K) Class: 8293K(8384K)->8293K(8384K)
[137.286s][info][gc             ] GC(255) Pause Young (Allocation Failure) 743M->535M(787M) 17.295ms
[137.286s][info][gc,cpu         ] GC(255) User=0.01s Sys=0.01s Real=0.02s
[137.916s][info][gc,start       ] GC(256) Pause Young (Allocation Failure)
[137.920s][info][gc,heap        ] GC(256) PSYoungGen: 255903K(258560K)->1024K(258560K) Eden: 254464K(254464K)->0K(254464K) From: 1439K(4096K)->1024K(4096K)
[137.920s][info][gc,heap        ] GC(256) ParOldGen: 547169K(547328K)->547185K(547328K)
[137.920s][info][gc,metaspace   ] GC(256) Metaspace: 56414K(56768K)->56414K(56768K) NonClass: 48120K(48384K)->48120K(48384K) Class: 8293K(8384K)->8293K(8384K)
[137.920s][info][gc             ] GC(256) Pause Young (Allocation Failure) 784M->535M(787M) 3.641ms
[137.920s][info][gc,cpu         ] GC(256) User=0.01s Sys=0.00s Real=0.00s
[138.539s][info][gc,start       ] GC(257) Pause Young (Allocation Failure)
[138.541s][info][gc,heap        ] GC(257) PSYoungGen: 255255K(258560K)->480K(308736K) Eden: 254231K(254464K)->0K(305664K) From: 1024K(4096K)->480K(3072K)
[138.541s][info][gc,heap        ] GC(257) ParOldGen: 547185K(547328K)->547201K(547328K)
[138.541s][info][gc,metaspace   ] GC(257) Metaspace: 56414K(56768K)->56414K(56768K) NonClass: 48120K(48384K)->48120K(48384K) Class: 8293K(8384K)->8293K(8384K)
[138.541s][info][gc             ] GC(257) Pause Young (Allocation Failure) 783M->534M(836M) 2.790ms
[138.541s][info][gc,cpu         ] GC(257) User=0.01s Sys=0.00s Real=0.00s
[139.339s][info][gc,start       ] GC(258) Pause Young (Allocation Failure)
[139.343s][info][gc,heap        ] GC(258) PSYoungGen: 306144K(308736K)->1438K(294912K) Eden: 305664K(305664K)->0K(293376K) From: 480K(3072K)->1438K(1536K)
[139.343s][info][gc,heap        ] GC(258) ParOldGen: 547201K(547328K)->547217K(547328K)
[139.343s][info][gc,metaspace   ] GC(258) Metaspace: 56415K(56768K)->56415K(56768K) NonClass: 48121K(48384K)->48121K(48384K) Class: 8293K(8384K)->8293K(8384K)
[139.343s][info][gc             ] GC(258) Pause Young (Allocation Failure) 833M->535M(822M) 3.606ms
[139.343s][info][gc,cpu         ] GC(258) User=0.01s Sys=0.00s Real=0.00s
[140.100s][info][gc,start       ] GC(259) Pause Young (Allocation Failure)
[140.104s][info][gc,heap        ] GC(259) PSYoungGen: 294584K(294912K)->1280K(283136K) Eden: 293146K(293376K)->0K(281600K) From: 1438K(1536K)->1280K(1536K)
[140.104s][info][gc,heap        ] GC(259) ParOldGen: 547217K(547328K)->547233K(547328K)
[140.104s][info][gc,metaspace   ] GC(259) Metaspace: 56415K(56768K)->56415K(56768K) NonClass: 48121K(48384K)->48121K(48384K) Class: 8293K(8384K)->8293K(8384K)
[140.104s][info][gc             ] GC(259) Pause Young (Allocation Failure) 822M->535M(811M) 4.032ms
[140.104s][info][gc,cpu         ] GC(259) User=0.00s Sys=0.00s Real=0.00s
[140.802s][info][gc,start       ] GC(260) Pause Young (Allocation Failure)
[140.807s][info][gc,heap        ] GC(260) PSYoungGen: 282591K(283136K)->1824K(272384K) Eden: 281311K(281600K)->0K(270336K) From: 1280K(1536K)->1824K(2048K)
[140.807s][info][gc,heap        ] GC(260) ParOldGen: 547233K(547328K)->547249K(547328K)
[140.807s][info][gc,metaspace   ] GC(260) Metaspace: 56415K(56768K)->56415K(56768K) NonClass: 48121K(48384K)->48121K(48384K) Class: 8293K(8384K)->8293K(8384K)
[140.807s][info][gc             ] GC(260) Pause Young (Allocation Failure) 810M->536M(800M) 4.597ms
[140.807s][info][gc,cpu         ] GC(260) User=0.01s Sys=0.00s Real=0.01s
[141.504s][info][gc,start       ] GC(261) Pause Young (Allocation Failure)
[141.508s][info][gc,heap        ] GC(261) PSYoungGen: 272160K(272384K)->1982K(261632K) Eden: 270336K(270336K)->0K(259584K) From: 1824K(2048K)->1982K(2048K)
[141.508s][info][gc,heap        ] GC(261) ParOldGen: 547249K(547328K)->547265K(547328K)
[141.508s][info][gc,metaspace   ] GC(261) Metaspace: 56415K(56768K)->56415K(56768K) NonClass: 48121K(48384K)->48121K(48384K) Class: 8293K(8384K)->8293K(8384K)
[141.508s][info][gc             ] GC(261) Pause Young (Allocation Failure) 800M->536M(790M) 4.442ms
[141.508s][info][gc,cpu         ] GC(261) User=0.01s Sys=0.00s Real=0.01s
[142.140s][info][gc,start       ] GC(262) Pause Young (Allocation Failure)
[142.142s][info][gc,heap        ] GC(262) PSYoungGen: 261566K(261632K)->366K(249856K) Eden: 259584K(259584K)->0K(249344K) From: 1982K(2048K)->366K(512K)
[142.142s][info][gc,heap        ] GC(262) ParOldGen: 547265K(547328K)->547281K(547328K)
[142.142s][info][gc,metaspace   ] GC(262) Metaspace: 56415K(56768K)->56415K(56768K) NonClass: 48121K(48384K)->48121K(48384K) Class: 8293K(8384K)->8293K(8384K)
[142.142s][info][gc             ] GC(262) Pause Young (Allocation Failure) 789M->534M(778M) 2.422ms
[142.142s][info][gc,cpu         ] GC(262) User=0.00s Sys=0.00s Real=0.00s
[142.808s][info][gc,start       ] GC(263) Pause Young (Allocation Failure)
[142.811s][info][gc,heap        ] GC(263) PSYoungGen: 249567K(249856K)->1280K(241152K) Eden: 249201K(249344K)->0K(239616K) From: 366K(512K)->1280K(1536K)
[142.811s][info][gc,heap        ] GC(263) ParOldGen: 547281K(547328K)->547297K(547328K)
[142.811s][info][gc,metaspace   ] GC(263) Metaspace: 56415K(56768K)->56415K(56768K) NonClass: 48121K(48384K)->48121K(48384K) Class: 8293K(8384K)->8293K(8384K)
[142.811s][info][gc             ] GC(263) Pause Young (Allocation Failure) 778M->535M(770M) 3.755ms
[142.811s][info][gc,cpu         ] GC(263) User=0.00s Sys=0.00s Real=0.00s
[143.416s][info][gc,start       ] GC(264) Pause Young (Allocation Failure)
[143.421s][info][gc,heap        ] GC(264) PSYoungGen: 240896K(241152K)->2272K(232960K) Eden: 239616K(239616K)->0K(230400K) From: 1280K(1536K)->2272K(2560K)
[143.421s][info][gc,heap        ] GC(264) ParOldGen: 547297K(547328K)->547313K(547328K)
[143.421s][info][gc,metaspace   ] GC(264) Metaspace: 56415K(56768K)->56415K(56768K) NonClass: 48121K(48384K)->48121K(48384K) Class: 8293K(8384K)->8293K(8384K)
[143.421s][info][gc             ] GC(264) Pause Young (Allocation Failure) 769M->536M(762M) 5.074ms
[143.421s][info][gc,cpu         ] GC(264) User=0.01s Sys=0.00s Real=0.00s
[144.109s][info][gc,start       ] GC(265) Pause Young (Allocation Failure)
[144.113s][info][gc,heap        ] GC(265) PSYoungGen: 232672K(232960K)->1759K(223744K) Eden: 230400K(230400K)->0K(221696K) From: 2272K(2560K)->1759K(2048K)
[144.113s][info][gc,heap        ] GC(265) ParOldGen: 547313K(547328K)->547329K(547840K)
[144.113s][info][gc,metaspace   ] GC(265) Metaspace: 56415K(56768K)->56415K(56768K) NonClass: 48121K(48384K)->48121K(48384K) Class: 8293K(8384K)->8293K(8384K)
[144.113s][info][gc             ] GC(265) Pause Young (Allocation Failure) 761M->536M(753M) 4.009ms
[144.113s][info][gc,cpu         ] GC(265) User=0.01s Sys=0.01s Real=0.00s
[144.693s][info][gc,start       ] GC(266) Pause Young (Allocation Failure)
[144.696s][info][gc,heap        ] GC(266) PSYoungGen: 223455K(223744K)->1407K(215040K) Eden: 221696K(221696K)->0K(213504K) From: 1759K(2048K)->1407K(1536K)
[144.696s][info][gc,heap        ] GC(266) ParOldGen: 547329K(547840K)->547345K(547840K)
[144.696s][info][gc,metaspace   ] GC(266) Metaspace: 56415K(56768K)->56415K(56768K) NonClass: 48121K(48384K)->48121K(48384K) Class: 8293K(8384K)->8293K(8384K)
[144.696s][info][gc             ] GC(266) Pause Young (Allocation Failure) 752M->535M(745M) 3.497ms
[144.696s][info][gc,cpu         ] GC(266) User=0.00s Sys=0.00s Real=0.01s
[145.215s][info][gc,start       ] GC(267) Pause Young (Allocation Failure)
[145.219s][info][gc,heap        ] GC(267) PSYoungGen: 214911K(215040K)->1887K(207872K) Eden: 213504K(213504K)->0K(205824K) From: 1407K(1536K)->1887K(2048K)
[145.219s][info][gc,heap        ] GC(267) ParOldGen: 547345K(547840K)->547361K(547840K)
[145.219s][info][gc,metaspace   ] GC(267) Metaspace: 56415K(56768K)->56415K(56768K) NonClass: 48121K(48384K)->48121K(48384K) Class: 8293K(8384K)->8293K(8384K)
[145.219s][info][gc             ] GC(267) Pause Young (Allocation Failure) 744M->536M(738M) 4.149ms
[145.219s][info][gc,cpu         ] GC(267) User=0.01s Sys=0.00s Real=0.01s
[145.821s][info][gc,start       ] GC(268) Pause Young (Allocation Failure)
[145.825s][info][gc,heap        ] GC(268) PSYoungGen: 207711K(207872K)->1087K(199680K) Eden: 205824K(205824K)->0K(198144K) From: 1887K(2048K)->1087K(1536K)
[145.825s][info][gc,heap        ] GC(268) ParOldGen: 547361K(547840K)->547377K(547840K)
[145.825s][info][gc,metaspace   ] GC(268) Metaspace: 56415K(56768K)->56415K(56768K) NonClass: 48121K(48384K)->48121K(48384K) Class: 8293K(8384K)->8293K(8384K)
[145.825s][info][gc             ] GC(268) Pause Young (Allocation Failure) 737M->535M(730M) 3.189ms
[145.825s][info][gc,cpu         ] GC(268) User=0.00s Sys=0.00s Real=0.00s
[146.285s][info][gc,start       ] GC(269) Pause Young (Allocation Failure)
[146.287s][info][gc,heap        ] GC(269) PSYoungGen: 199231K(199680K)->192K(191488K) Eden: 198144K(198144K)->0K(190976K) From: 1087K(1536K)->192K(512K)
[146.288s][info][gc,heap        ] GC(269) ParOldGen: 547377K(547840K)->547393K(547840K)
[146.288s][info][gc,metaspace   ] GC(269) Metaspace: 56415K(56768K)->56415K(56768K) NonClass: 48121K(48384K)->48121K(48384K) Class: 8293K(8384K)->8293K(8384K)
[146.288s][info][gc             ] GC(269) Pause Young (Allocation Failure) 729M->534M(722M) 2.373ms
[146.288s][info][gc,cpu         ] GC(269) User=0.00s Sys=0.00s Real=0.01s
[146.779s][info][gc,start       ] GC(270) Pause Young (Allocation Failure)
[146.781s][info][gc,heap        ] GC(270) PSYoungGen: 191168K(191488K)->863K(187392K) Eden: 190976K(190976K)->0K(184320K) From: 192K(512K)->863K(3072K)
[146.781s][info][gc,heap        ] GC(270) ParOldGen: 547393K(547840K)->547409K(547840K)
[146.781s][info][gc,metaspace   ] GC(270) Metaspace: 56415K(56768K)->56415K(56768K) NonClass: 48121K(48384K)->48121K(48384K) Class: 8293K(8384K)->8293K(8384K)
[146.781s][info][gc             ] GC(270) Pause Young (Allocation Failure) 721M->535M(718M) 2.700ms
[146.781s][info][gc,cpu         ] GC(270) User=0.01s Sys=0.00s Real=0.00s
[147.215s][info][gc,start       ] GC(271) Pause Young (Allocation Failure)
[147.219s][info][gc,heap        ] GC(271) PSYoungGen: 185183K(187392K)->2207K(180224K) Eden: 184320K(184320K)->0K(177664K) From: 863K(3072K)->2207K(2560K)
[147.219s][info][gc,heap        ] GC(271) ParOldGen: 547409K(547840K)->547425K(547840K)
[147.219s][info][gc,metaspace   ] GC(271) Metaspace: 56415K(56768K)->56415K(56768K) NonClass: 48121K(48384K)->48121K(48384K) Class: 8293K(8384K)->8293K(8384K)
[147.219s][info][gc             ] GC(271) Pause Young (Allocation Failure) 715M->536M(711M) 4.477ms
[147.219s][info][gc,cpu         ] GC(271) User=0.01s Sys=0.00s Real=0.01s
[147.751s][info][gc,start       ] GC(272) Pause Young (Allocation Failure)
[147.755s][info][gc,heap        ] GC(272) PSYoungGen: 179871K(180224K)->1471K(173056K) Eden: 177664K(177664K)->0K(171520K) From: 2207K(2560K)->1471K(1536K)
[147.755s][info][gc,heap        ] GC(272) ParOldGen: 547425K(547840K)->547441K(547840K)
[147.755s][info][gc,metaspace   ] GC(272) Metaspace: 56415K(56768K)->56415K(56768K) NonClass: 48121K(48384K)->48121K(48384K) Class: 8293K(8384K)->8293K(8384K)
[147.755s][info][gc             ] GC(272) Pause Young (Allocation Failure) 710M->536M(704M) 3.581ms
[147.755s][info][gc,cpu         ] GC(272) User=0.00s Sys=0.00s Real=0.00s
[148.117s][info][gc,start       ] GC(273) Pause Young (Allocation Failure)
[148.121s][info][gc,heap        ] GC(273) PSYoungGen: 172991K(173056K)->1856K(167424K) Eden: 171520K(171520K)->0K(165376K) From: 1471K(1536K)->1856K(2048K)
[148.121s][info][gc,heap        ] GC(273) ParOldGen: 547441K(547840K)->547457K(547840K)
[148.121s][info][gc,metaspace   ] GC(273) Metaspace: 56415K(56768K)->56415K(56768K) NonClass: 48121K(48384K)->48121K(48384K) Class: 8293K(8384K)->8293K(8384K)
[148.121s][info][gc             ] GC(273) Pause Young (Allocation Failure) 703M->536M(698M) 4.485ms
[148.121s][info][gc,cpu         ] GC(273) User=0.01s Sys=0.00s Real=0.00s
[148.534s][info][gc,start       ] GC(274) Pause Young (Allocation Failure)
[148.537s][info][gc,heap        ] GC(274) PSYoungGen: 167061K(167424K)->832K(160768K) Eden: 165205K(165376K)->0K(159744K) From: 1856K(2048K)->832K(1024K)
[148.537s][info][gc,heap        ] GC(274) ParOldGen: 547457K(547840K)->547473K(547840K)
[148.537s][info][gc,metaspace   ] GC(274) Metaspace: 56415K(56768K)->56415K(56768K) NonClass: 48121K(48384K)->48121K(48384K) Class: 8293K(8384K)->8293K(8384K)
[148.537s][info][gc             ] GC(274) Pause Young (Allocation Failure) 697M->535M(692M) 3.139ms
[148.537s][info][gc,cpu         ] GC(274) User=0.01s Sys=0.00s Real=0.01s
[148.937s][info][gc,start       ] GC(275) Pause Young (Allocation Failure)
[148.940s][info][gc,heap        ] GC(275) PSYoungGen: 160442K(160768K)->320K(154624K) Eden: 159610K(159744K)->0K(154112K) From: 832K(1024K)->320K(512K)
[148.940s][info][gc,heap        ] GC(275) ParOldGen: 547473K(547840K)->547489K(547840K)
[148.940s][info][gc,metaspace   ] GC(275) Metaspace: 56415K(56768K)->56415K(56768K) NonClass: 48121K(48384K)->48121K(48384K) Class: 8293K(8384K)->8293K(8384K)
[148.940s][info][gc             ] GC(275) Pause Young (Allocation Failure) 691M->534M(686M) 2.719ms
[148.940s][info][gc,cpu         ] GC(275) User=0.00s Sys=0.00s Real=0.00s
[149.426s][info][gc,start       ] GC(276) Pause Young (Allocation Failure)
[149.429s][info][gc,heap        ] GC(276) PSYoungGen: 154432K(154624K)->1215K(152064K) Eden: 154112K(154112K)->0K(148992K) From: 320K(512K)->1215K(3072K)
[149.429s][info][gc,heap        ] GC(276) ParOldGen: 547489K(547840K)->547505K(547840K)
[149.429s][info][gc,metaspace   ] GC(276) Metaspace: 56418K(56768K)->56418K(56768K) NonClass: 48124K(48384K)->48124K(48384K) Class: 8293K(8384K)->8293K(8384K)
[149.429s][info][gc             ] GC(276) Pause Young (Allocation Failure) 685M->535M(683M) 3.137ms
[149.429s][info][gc,cpu         ] GC(276) User=0.00s Sys=0.00s Real=0.00s
[149.719s][info][gc,start       ] GC(277) Pause Young (Allocation Failure)
[149.724s][info][gc,heap        ] GC(277) PSYoungGen: 150207K(152064K)->2655K(146944K) Eden: 148992K(148992K)->0K(143872K) From: 1215K(3072K)->2655K(3072K)
[149.724s][info][gc,heap        ] GC(277) ParOldGen: 547505K(547840K)->547521K(547840K)
[149.724s][info][gc,metaspace   ] GC(277) Metaspace: 56418K(56768K)->56418K(56768K) NonClass: 48124K(48384K)->48124K(48384K) Class: 8293K(8384K)->8293K(8384K)
[149.724s][info][gc             ] GC(277) Pause Young (Allocation Failure) 681M->537M(678M) 4.963ms
[149.724s][info][gc,cpu         ] GC(277) User=0.01s Sys=0.00s Real=0.00s
[150.101s][info][gc,start       ] GC(278) Pause Young (Allocation Failure)
[150.105s][info][gc,heap        ] GC(278) PSYoungGen: 146527K(146944K)->1887K(141312K) Eden: 143872K(143872K)->0K(139264K) From: 2655K(3072K)->1887K(2048K)
[150.105s][info][gc,heap        ] GC(278) ParOldGen: 547521K(547840K)->547537K(547840K)
[150.105s][info][gc,metaspace   ] GC(278) Metaspace: 56418K(56768K)->56418K(56768K) NonClass: 48124K(48384K)->48124K(48384K) Class: 8293K(8384K)->8293K(8384K)
[150.105s][info][gc             ] GC(278) Pause Young (Allocation Failure) 677M->536M(673M) 4.184ms
[150.105s][info][gc,cpu         ] GC(278) User=0.00s Sys=0.00s Real=0.00s
[150.446s][info][gc,start       ] GC(279) Pause Young (Allocation Failure)
[150.449s][info][gc,heap        ] GC(279) PSYoungGen: 141151K(141312K)->799K(135680K) Eden: 139264K(139264K)->0K(134656K) From: 1887K(2048K)->799K(1024K)
[150.449s][info][gc,heap        ] GC(279) ParOldGen: 547537K(547840K)->547553K(547840K)
[150.449s][info][gc,metaspace   ] GC(279) Metaspace: 56418K(56768K)->56418K(56768K) NonClass: 48124K(48384K)->48124K(48384K) Class: 8293K(8384K)->8293K(8384K)
[150.449s][info][gc             ] GC(279) Pause Young (Allocation Failure) 672M->535M(667M) 2.869ms
[150.449s][info][gc,cpu         ] GC(279) User=0.01s Sys=0.00s Real=0.00s
[150.802s][info][gc,start       ] GC(280) Pause Young (Allocation Failure)
[150.806s][info][gc,heap        ] GC(280) PSYoungGen: 135455K(135680K)->1919K(132608K) Eden: 134656K(134656K)->0K(130560K) From: 799K(1024K)->1919K(2048K)
[150.806s][info][gc,heap        ] GC(280) ParOldGen: 547553K(547840K)->547569K(547840K)
[150.806s][info][gc,metaspace   ] GC(280) Metaspace: 56418K(56768K)->56418K(56768K) NonClass: 48124K(48384K)->48124K(48384K) Class: 8293K(8384K)->8293K(8384K)
[150.806s][info][gc             ] GC(280) Pause Young (Allocation Failure) 667M->536M(664M) 4.091ms
[150.806s][info][gc,cpu         ] GC(280) User=0.00s Sys=0.00s Real=0.01s
[151.125s][info][gc,start       ] GC(281) Pause Young (Allocation Failure)
[151.130s][info][gc,heap        ] GC(281) PSYoungGen: 132479K(132608K)->2207K(159232K) Eden: 130560K(130560K)->0K(156672K) From: 1919K(2048K)->2207K(2560K)
[151.130s][info][gc,heap        ] GC(281) ParOldGen: 547569K(547840K)->547585K(547840K)
[151.130s][info][gc,metaspace   ] GC(281) Metaspace: 56418K(56768K)->56418K(56768K) NonClass: 48124K(48384K)->48124K(48384K) Class: 8293K(8384K)->8293K(8384K)
[151.130s][info][gc             ] GC(281) Pause Young (Allocation Failure) 664M->536M(690M) 4.513ms
[151.130s][info][gc,cpu         ] GC(281) User=0.01s Sys=0.00s Real=0.01s
[151.525s][info][gc,start       ] GC(282) Pause Young (Allocation Failure)
[151.530s][info][gc,heap        ] GC(282) PSYoungGen: 158879K(159232K)->2303K(190976K) Eden: 156672K(156672K)->0K(188416K) From: 2207K(2560K)->2303K(2560K)
[151.530s][info][gc,heap        ] GC(282) ParOldGen: 547585K(547840K)->547601K(547840K)
[151.530s][info][gc,metaspace   ] GC(282) Metaspace: 56418K(56768K)->56418K(56768K) NonClass: 48124K(48384K)->48124K(48384K) Class: 8293K(8384K)->8293K(8384K)
[151.530s][info][gc             ] GC(282) Pause Young (Allocation Failure) 689M->537M(721M) 4.729ms
[151.530s][info][gc,cpu         ] GC(282) User=0.01s Sys=0.00s Real=0.01s
[152.006s][info][gc,start       ] GC(283) Pause Young (Allocation Failure)
[152.011s][info][gc,heap        ] GC(283) PSYoungGen: 190719K(190976K)->2239K(228864K) Eden: 188416K(188416K)->0K(226304K) From: 2303K(2560K)->2239K(2560K)
[152.011s][info][gc,heap        ] GC(283) ParOldGen: 547601K(547840K)->547617K(547840K)
[152.011s][info][gc,metaspace   ] GC(283) Metaspace: 56418K(56768K)->56418K(56768K) NonClass: 48124K(48384K)->48124K(48384K) Class: 8293K(8384K)->8293K(8384K)
[152.011s][info][gc             ] GC(283) Pause Young (Allocation Failure) 721M->536M(758M) 4.476ms
[152.011s][info][gc,cpu         ] GC(283) User=0.01s Sys=0.00s Real=0.00s
[152.608s][info][gc,start       ] GC(284) Pause Young (Allocation Failure)
[152.612s][info][gc,heap        ] GC(284) PSYoungGen: 228543K(228864K)->2111K(220160K) Eden: 226304K(226304K)->0K(217600K) From: 2239K(2560K)->2111K(2560K)
[152.612s][info][gc,heap        ] GC(284) ParOldGen: 547617K(547840K)->547633K(547840K)
[152.612s][info][gc,metaspace   ] GC(284) Metaspace: 56418K(56768K)->56418K(56768K) NonClass: 48124K(48384K)->48124K(48384K) Class: 8293K(8384K)->8293K(8384K)
[152.612s][info][gc             ] GC(284) Pause Young (Allocation Failure) 757M->536M(750M) 4.443ms
[152.612s][info][gc,cpu         ] GC(284) User=0.01s Sys=0.00s Real=0.00s
[153.186s][info][gc,start       ] GC(285) Pause Young (Allocation Failure)
[153.189s][info][gc,heap        ] GC(285) PSYoungGen: 219711K(220160K)->288K(209920K) Eden: 217600K(217600K)->0K(209408K) From: 2111K(2560K)->288K(512K)
[153.189s][info][gc,heap        ] GC(285) ParOldGen: 547633K(547840K)->547649K(547840K)
[153.189s][info][gc,metaspace   ] GC(285) Metaspace: 56423K(56768K)->56423K(56768K) NonClass: 48129K(48384K)->48129K(48384K) Class: 8293K(8384K)->8293K(8384K)
[153.189s][info][gc             ] GC(285) Pause Young (Allocation Failure) 749M->535M(740M) 2.448ms
[153.189s][info][gc,cpu         ] GC(285) User=0.00s Sys=0.00s Real=0.00s
[153.707s][info][gc,start       ] GC(286) Pause Young (Allocation Failure)
[153.712s][info][gc,heap        ] GC(286) PSYoungGen: 209696K(209920K)->2143K(205312K) Eden: 209408K(209408K)->0K(201728K) From: 288K(512K)->2143K(3584K)
[153.712s][info][gc,heap        ] GC(286) ParOldGen: 547649K(547840K)->547665K(547840K)
[153.712s][info][gc,metaspace   ] GC(286) Metaspace: 56423K(56768K)->56423K(56768K) NonClass: 48129K(48384K)->48129K(48384K) Class: 8293K(8384K)->8293K(8384K)
[153.712s][info][gc             ] GC(286) Pause Young (Allocation Failure) 739M->536M(735M) 4.267ms
[153.712s][info][gc,cpu         ] GC(286) User=0.01s Sys=0.00s Real=0.00s
[154.318s][info][gc,start       ] GC(287) Pause Young (Allocation Failure)
[154.322s][info][gc,heap        ] GC(287) PSYoungGen: 203871K(205312K)->1632K(196608K) Eden: 201728K(201728K)->0K(194560K) From: 2143K(3584K)->1632K(2048K)
[154.322s][info][gc,heap        ] GC(287) ParOldGen: 547665K(547840K)->547681K(547840K)
[154.322s][info][gc,metaspace   ] GC(287) Metaspace: 56423K(56768K)->56423K(56768K) NonClass: 48129K(48384K)->48129K(48384K) Class: 8293K(8384K)->8293K(8384K)
[154.322s][info][gc             ] GC(287) Pause Young (Allocation Failure) 733M->536M(727M) 4.109ms
[154.322s][info][gc,cpu         ] GC(287) User=0.00s Sys=0.00s Real=0.00s
[154.812s][info][gc,start       ] GC(288) Pause Young (Allocation Failure)
[154.815s][info][gc,heap        ] GC(288) PSYoungGen: 196192K(196608K)->1407K(188928K) Eden: 194560K(194560K)->0K(187392K) From: 1632K(2048K)->1407K(1536K)
[154.815s][info][gc,heap        ] GC(288) ParOldGen: 547681K(547840K)->547697K(547840K)
[154.815s][info][gc,metaspace   ] GC(288) Metaspace: 56423K(56768K)->56423K(56768K) NonClass: 48129K(48384K)->48129K(48384K) Class: 8293K(8384K)->8293K(8384K)
[154.815s][info][gc             ] GC(288) Pause Young (Allocation Failure) 726M->536M(719M) 3.486ms
[154.815s][info][gc,cpu         ] GC(288) User=0.00s Sys=0.00s Real=0.00s
[155.305s][info][gc,start       ] GC(289) Pause Young (Allocation Failure)
[155.309s][info][gc,heap        ] GC(289) PSYoungGen: 188799K(188928K)->1919K(182784K) Eden: 187392K(187392K)->0K(180736K) From: 1407K(1536K)->1919K(2048K)
[155.309s][info][gc,heap        ] GC(289) ParOldGen: 547697K(547840K)->547713K(547840K)
[155.309s][info][gc,metaspace   ] GC(289) Metaspace: 56423K(56768K)->56423K(56768K) NonClass: 48129K(48384K)->48129K(48384K) Class: 8293K(8384K)->8293K(8384K)
[155.309s][info][gc             ] GC(289) Pause Young (Allocation Failure) 719M->536M(713M) 4.101ms
[155.309s][info][gc,cpu         ] GC(289) User=0.01s Sys=0.00s Real=0.01s
[155.739s][info][gc,start       ] GC(290) Pause Young (Allocation Failure)
[155.742s][info][gc,heap        ] GC(290) PSYoungGen: 182655K(182784K)->64K(175104K) Eden: 180736K(180736K)->0K(174592K) From: 1919K(2048K)->64K(512K)
[155.742s][info][gc,heap        ] GC(290) ParOldGen: 547713K(547840K)->547729K(547840K)
[155.742s][info][gc,metaspace   ] GC(290) Metaspace: 56423K(56768K)->56423K(56768K) NonClass: 48129K(48384K)->48129K(48384K) Class: 8293K(8384K)->8293K(8384K)
[155.742s][info][gc             ] GC(290) Pause Young (Allocation Failure) 713M->534M(706M) 2.084ms
[155.742s][info][gc,cpu         ] GC(290) User=0.00s Sys=0.00s Real=0.00s
[156.208s][info][gc,start       ] GC(291) Pause Young (Allocation Failure)
[156.212s][info][gc,heap        ] GC(291) PSYoungGen: 174656K(175104K)->1952K(170496K) Eden: 174592K(174592K)->0K(168448K) From: 64K(512K)->1952K(2048K)
[156.212s][info][gc,heap        ] GC(291) ParOldGen: 547729K(547840K)->547745K(547840K)
[156.212s][info][gc,metaspace   ] GC(291) Metaspace: 56423K(56768K)->56423K(56768K) NonClass: 48129K(48384K)->48129K(48384K) Class: 8293K(8384K)->8293K(8384K)
[156.212s][info][gc             ] GC(291) Pause Young (Allocation Failure) 705M->536M(701M) 4.621ms
[156.212s][info][gc,cpu         ] GC(291) User=0.00s Sys=0.00s Real=0.00s
[156.625s][info][gc,start       ] GC(292) Pause Young (Allocation Failure)
[156.629s][info][gc,heap        ] GC(292) PSYoungGen: 170400K(170496K)->1823K(164864K) Eden: 168448K(168448K)->0K(162816K) From: 1952K(2048K)->1823K(2048K)
[156.629s][info][gc,heap        ] GC(292) ParOldGen: 547745K(547840K)->547761K(547840K)
[156.629s][info][gc,metaspace   ] GC(292) Metaspace: 56423K(56768K)->56423K(56768K) NonClass: 48129K(48384K)->48129K(48384K) Class: 8293K(8384K)->8293K(8384K)
[156.629s][info][gc             ] GC(292) Pause Young (Allocation Failure) 701M->536M(696M) 4.025ms
[156.629s][info][gc,cpu         ] GC(292) User=0.00s Sys=0.00s Real=0.01s
[157.028s][info][gc,start       ] GC(293) Pause Young (Allocation Failure)
[157.031s][info][gc,heap        ] GC(293) PSYoungGen: 164639K(164864K)->1055K(158720K) Eden: 162816K(162816K)->0K(157184K) From: 1823K(2048K)->1055K(1536K)
[157.031s][info][gc,heap        ] GC(293) ParOldGen: 547761K(547840K)->547777K(547840K)
[157.031s][info][gc,metaspace   ] GC(293) Metaspace: 56423K(56768K)->56423K(56768K) NonClass: 48129K(48384K)->48129K(48384K) Class: 8293K(8384K)->8293K(8384K)
[157.031s][info][gc             ] GC(293) Pause Young (Allocation Failure) 695M->535M(690M) 3.061ms
[157.032s][info][gc,cpu         ] GC(293) User=0.00s Sys=0.00s Real=0.00s
[157.433s][info][gc,start       ] GC(294) Pause Young (Allocation Failure)
[157.436s][info][gc,heap        ] GC(294) PSYoungGen: 158239K(158720K)->991K(153088K) Eden: 157184K(157184K)->0K(152064K) From: 1055K(1536K)->991K(1024K)
[157.436s][info][gc,heap        ] GC(294) ParOldGen: 547777K(547840K)->547793K(547840K)
[157.436s][info][gc,metaspace   ] GC(294) Metaspace: 56423K(56768K)->56423K(56768K) NonClass: 48129K(48384K)->48129K(48384K) Class: 8293K(8384K)->8293K(8384K)
[157.436s][info][gc             ] GC(294) Pause Young (Allocation Failure) 689M->535M(684M) 2.901ms
[157.436s][info][gc,cpu         ] GC(294) User=0.00s Sys=0.00s Real=0.01s
[157.825s][info][gc,start       ] GC(295) Pause Young (Allocation Failure)
[157.829s][info][gc,heap        ] GC(295) PSYoungGen: 152899K(153088K)->1855K(148992K) Eden: 151908K(152064K)->0K(146944K) From: 991K(1024K)->1855K(2048K)
[157.829s][info][gc,heap        ] GC(295) ParOldGen: 547793K(547840K)->547809K(547840K)
[157.829s][info][gc,metaspace   ] GC(295) Metaspace: 56423K(56768K)->56423K(56768K) NonClass: 48129K(48384K)->48129K(48384K) Class: 8293K(8384K)->8293K(8384K)
[157.829s][info][gc             ] GC(295) Pause Young (Allocation Failure) 684M->536M(680M) 4.022ms
[157.829s][info][gc,cpu         ] GC(295) User=0.01s Sys=0.00s Real=0.01s
[158.210s][info][gc,start       ] GC(296) Pause Young (Allocation Failure)
[158.214s][info][gc,heap        ] GC(296) PSYoungGen: 148799K(148992K)->1983K(144384K) Eden: 146944K(146944K)->0K(142336K) From: 1855K(2048K)->1983K(2048K)
[158.214s][info][gc,heap        ] GC(296) ParOldGen: 547809K(547840K)->547825K(547840K)
[158.214s][info][gc,metaspace   ] GC(296) Metaspace: 56423K(56768K)->56423K(56768K) NonClass: 48129K(48384K)->48129K(48384K) Class: 8293K(8384K)->8293K(8384K)
[158.214s][info][gc             ] GC(296) Pause Young (Allocation Failure) 680M->536M(676M) 4.336ms
[158.214s][info][gc,cpu         ] GC(296) User=0.01s Sys=0.00s Real=0.00s
[158.597s][info][gc,start       ] GC(297) Pause Young (Allocation Failure)
[158.600s][info][gc,heap        ] GC(297) PSYoungGen: 144319K(144384K)->1183K(139264K) Eden: 142336K(142336K)->0K(137728K) From: 1983K(2048K)->1183K(1536K)
[158.600s][info][gc,heap        ] GC(297) ParOldGen: 547825K(547840K)->547841K(548352K)
[158.600s][info][gc,metaspace   ] GC(297) Metaspace: 56423K(56768K)->56423K(56768K) NonClass: 48129K(48384K)->48129K(48384K) Class: 8293K(8384K)->8293K(8384K)
[158.600s][info][gc             ] GC(297) Pause Young (Allocation Failure) 675M->536M(671M) 3.086ms
[158.600s][info][gc,cpu         ] GC(297) User=0.00s Sys=0.00s Real=0.00s
[158.919s][info][gc,start       ] GC(298) Pause Young (Allocation Failure)
[158.923s][info][gc,heap        ] GC(298) PSYoungGen: 138911K(139264K)->1727K(135168K) Eden: 137728K(137728K)->0K(133120K) From: 1183K(1536K)->1727K(2048K)
[158.923s][info][gc,heap        ] GC(298) ParOldGen: 547841K(548352K)->547857K(548352K)
[158.923s][info][gc,metaspace   ] GC(298) Metaspace: 56423K(56768K)->56423K(56768K) NonClass: 48129K(48384K)->48129K(48384K) Class: 8293K(8384K)->8293K(8384K)
[158.923s][info][gc             ] GC(298) Pause Young (Allocation Failure) 670M->536M(667M) 3.724ms
[158.923s][info][gc,cpu         ] GC(298) User=0.00s Sys=0.00s Real=0.00s
[159.297s][info][gc,start       ] GC(299) Pause Young (Allocation Failure)
[159.301s][info][gc,heap        ] GC(299) PSYoungGen: 134847K(135168K)->1439K(130560K) Eden: 133120K(133120K)->0K(129024K) From: 1727K(2048K)->1439K(1536K)
[159.301s][info][gc,heap        ] GC(299) ParOldGen: 547857K(548352K)->547873K(548352K)
[159.301s][info][gc,metaspace   ] GC(299) Metaspace: 56423K(56768K)->56423K(56768K) NonClass: 48129K(48384K)->48129K(48384K) Class: 8293K(8384K)->8293K(8384K)
[159.301s][info][gc             ] GC(299) Pause Young (Allocation Failure) 666M->536M(663M) 3.492ms
[159.301s][info][gc,cpu         ] GC(299) User=0.00s Sys=0.00s Real=0.00s
[159.628s][info][gc,start       ] GC(300) Pause Young (Allocation Failure)
[159.634s][info][gc,heap        ] GC(300) PSYoungGen: 130463K(130560K)->3072K(158208K) Eden: 129024K(129024K)->0K(155136K) From: 1439K(1536K)->3072K(3072K)
[159.634s][info][gc,heap        ] GC(300) ParOldGen: 547873K(548352K)->548624K(548864K)
[159.634s][info][gc,metaspace   ] GC(300) Metaspace: 56423K(56768K)->56423K(56768K) NonClass: 48129K(48384K)->48129K(48384K) Class: 8293K(8384K)->8293K(8384K)
[159.634s][info][gc             ] GC(300) Pause Young (Allocation Failure) 662M->538M(690M) 6.613ms
[159.634s][info][gc,cpu         ] GC(300) User=0.01s Sys=0.00s Real=0.00s
[160.010s][info][gc,start       ] GC(301) Pause Young (Allocation Failure)
[160.019s][info][gc,heap        ] GC(301) PSYoungGen: 158208K(158208K)->1440K(187904K) Eden: 155136K(155136K)->0K(186368K) From: 3072K(3072K)->1440K(1536K)
[160.019s][info][gc,heap        ] GC(301) ParOldGen: 548624K(548864K)->551696K(551936K)
[160.019s][info][gc,metaspace   ] GC(301) Metaspace: 56423K(56768K)->56423K(56768K) NonClass: 48129K(48384K)->48129K(48384K) Class: 8293K(8384K)->8293K(8384K)
[160.019s][info][gc             ] GC(301) Pause Young (Allocation Failure) 690M->540M(722M) 8.986ms
[160.019s][info][gc,cpu         ] GC(301) User=0.01s Sys=0.00s Real=0.01s
[160.497s][info][gc,start       ] GC(302) Pause Young (Allocation Failure)
[160.500s][info][gc,heap        ] GC(302) PSYoungGen: 187808K(187904K)->1503K(225280K) Eden: 186368K(186368K)->0K(223744K) From: 1440K(1536K)->1503K(1536K)
[160.500s][info][gc,heap        ] GC(302) ParOldGen: 551696K(551936K)->551776K(551936K)
[160.500s][info][gc,metaspace   ] GC(302) Metaspace: 56423K(56768K)->56423K(56768K) NonClass: 48129K(48384K)->48129K(48384K) Class: 8293K(8384K)->8293K(8384K)
[160.500s][info][gc             ] GC(302) Pause Young (Allocation Failure) 722M->540M(759M) 3.901ms
[160.501s][info][gc,cpu         ] GC(302) User=0.00s Sys=0.00s Real=0.00s
[161.035s][info][gc,start       ] GC(303) Pause Young (Allocation Failure)
[161.038s][info][gc,heap        ] GC(303) PSYoungGen: 225204K(225280K)->704K(250368K) Eden: 223700K(223744K)->0K(246784K) From: 1503K(1536K)->704K(3584K)
[161.038s][info][gc,heap        ] GC(303) ParOldGen: 551776K(551936K)->551792K(551936K)
[161.038s][info][gc,metaspace   ] GC(303) Metaspace: 56423K(56768K)->56423K(56768K) NonClass: 48129K(48384K)->48129K(48384K) Class: 8293K(8384K)->8293K(8384K)
[161.038s][info][gc             ] GC(303) Pause Young (Allocation Failure) 758M->539M(783M) 3.060ms
[161.038s][info][gc,cpu         ] GC(303) User=0.00s Sys=0.00s Real=0.01s
[161.696s][info][gc,start       ] GC(304) Pause Young (Allocation Failure)
[161.699s][info][gc,heap        ] GC(304) PSYoungGen: 247488K(250368K)->1311K(238592K) Eden: 246784K(246784K)->0K(237056K) From: 704K(3584K)->1311K(1536K)
[161.699s][info][gc,heap        ] GC(304) ParOldGen: 551792K(551936K)->551808K(551936K)
[161.699s][info][gc,metaspace   ] GC(304) Metaspace: 56423K(56768K)->56423K(56768K) NonClass: 48129K(48384K)->48129K(48384K) Class: 8293K(8384K)->8293K(8384K)
[161.699s][info][gc             ] GC(304) Pause Young (Allocation Failure) 780M->540M(772M) 3.396ms
[161.699s][info][gc,cpu         ] GC(304) User=0.01s Sys=0.00s Real=0.01s
[162.305s][info][gc,start       ] GC(305) Pause Young (Allocation Failure)
[162.317s][info][gc,heap        ] GC(305) PSYoungGen: 238367K(238592K)->2560K(245760K) Eden: 237056K(237056K)->0K(243200K) From: 1311K(1536K)->2560K(2560K)
[162.317s][info][gc,heap        ] GC(305) ParOldGen: 551808K(551936K)->555519K(555520K)
[162.317s][info][gc,metaspace   ] GC(305) Metaspace: 56423K(56768K)->56423K(56768K) NonClass: 48129K(48384K)->48129K(48384K) Class: 8293K(8384K)->8293K(8384K)
[162.317s][info][gc             ] GC(305) Pause Young (Allocation Failure) 771M->544M(782M) 11.457ms
[162.317s][info][gc,cpu         ] GC(305) User=0.02s Sys=0.01s Real=0.02s
[162.920s][info][gc,start       ] GC(306) Pause Young (Allocation Failure)
[162.928s][info][gc,heap        ] GC(306) PSYoungGen: 245760K(245760K)->2112K(248320K) Eden: 243200K(243200K)->0K(243200K) From: 2560K(2560K)->2112K(5120K)
[162.928s][info][gc,heap        ] GC(306) ParOldGen: 555519K(555520K)->558079K(558080K)
[162.928s][info][gc,metaspace   ] GC(306) Metaspace: 56423K(56768K)->56423K(56768K) NonClass: 48129K(48384K)->48129K(48384K) Class: 8293K(8384K)->8293K(8384K)
[162.928s][info][gc             ] GC(306) Pause Young (Allocation Failure) 782M->547M(787M) 8.081ms
[162.928s][info][gc,cpu         ] GC(306) User=0.01s Sys=0.01s Real=0.01s
[163.531s][info][gc,start       ] GC(307) Pause Young (Allocation Failure)
[163.535s][info][gc,heap        ] GC(307) PSYoungGen: 245312K(248320K)->960K(296448K) Eden: 243200K(243200K)->0K(291840K) From: 2112K(5120K)->960K(4608K)
[163.535s][info][gc,heap        ] GC(307) ParOldGen: 558079K(558080K)->558455K(558592K)
[163.535s][info][gc,metaspace   ] GC(307) Metaspace: 56423K(56768K)->56423K(56768K) NonClass: 48129K(48384K)->48129K(48384K) Class: 8293K(8384K)->8293K(8384K)
[163.535s][info][gc             ] GC(307) Pause Young (Allocation Failure) 784M->546M(835M) 4.226ms
[163.535s][info][gc,cpu         ] GC(307) User=0.01s Sys=0.00s Real=0.00s
[164.311s][info][gc,start       ] GC(308) Pause Young (Allocation Failure)
[164.314s][info][gc,heap        ] GC(308) PSYoungGen: 292682K(296448K)->928K(281088K) Eden: 291722K(291840K)->0K(280064K) From: 960K(4608K)->928K(1024K)
[164.314s][info][gc,heap        ] GC(308) ParOldGen: 558455K(558592K)->558471K(558592K)
[164.314s][info][gc,metaspace   ] GC(308) Metaspace: 56423K(56768K)->56423K(56768K) NonClass: 48129K(48384K)->48129K(48384K) Class: 8293K(8384K)->8293K(8384K)
[164.314s][info][gc             ] GC(308) Pause Young (Allocation Failure) 831M->546M(820M) 3.293ms
[164.314s][info][gc,cpu         ] GC(308) User=0.01s Sys=0.00s Real=0.00s
[164.948s][info][gc,start       ] GC(309) Pause Young (Allocation Failure)
[164.951s][info][gc,heap        ] GC(309) PSYoungGen: 264360K(281088K)->64K(269312K) Eden: 263432K(280064K)->0K(268800K) From: 928K(1024K)->64K(512K)
[164.951s][info][gc,heap        ] GC(309) ParOldGen: 558471K(558592K)->558487K(558592K)
[164.951s][info][gc,metaspace   ] GC(309) Metaspace: 56425K(56768K)->56425K(56768K) NonClass: 48131K(48384K)->48131K(48384K) Class: 8293K(8384K)->8293K(8384K)
[164.951s][info][gc             ] GC(309) Pause Young (Allocation Failure) 803M->545M(808M) 2.276ms
[164.951s][info][gc,cpu         ] GC(309) User=0.01s Sys=0.00s Real=0.00s
[167.570s][info][gc,start       ] GC(310) Pause Young (Allocation Failure)
[167.633s][info][gc,heap        ] GC(310) PSYoungGen: 268864K(269312K)->4601K(288768K) Eden: 268800K(268800K)->0K(284160K) From: 64K(512K)->4601K(4608K)
[167.633s][info][gc,heap        ] GC(310) ParOldGen: 558487K(558592K)->646771K(647168K)
[167.633s][info][gc,metaspace   ] GC(310) Metaspace: 56668K(57024K)->56668K(57024K) NonClass: 48374K(48640K)->48374K(48640K) Class: 8293K(8384K)->8293K(8384K)
[167.633s][info][gc             ] GC(310) Pause Young (Allocation Failure) 807M->636M(914M) 63.451ms
[167.633s][info][gc,cpu         ] GC(310) User=0.08s Sys=0.04s Real=0.06s
[168.221s][info][gc,start       ] GC(311) Pause Full (Allocation Failure)
[168.221s][info][gc,phases,start] GC(311) Marking Phase
[168.265s][info][gc,phases      ] GC(311) Marking Phase 44.389ms
[168.265s][info][gc,phases,start] GC(311) Summary Phase
[168.265s][info][gc,phases      ] GC(311) Summary Phase 0.043ms
[168.265s][info][gc,phases,start] GC(311) Forward
[168.273s][info][gc,phases      ] GC(311) Forward 7.778ms
[168.273s][info][gc,phases,start] GC(311) Adjust Pointers
[168.298s][info][gc,phases      ] GC(311) Adjust Pointers 24.478ms
[168.298s][info][gc,phases,start] GC(311) Compaction Phase
[168.317s][info][gc,phases      ] GC(311) Compaction Phase 19.610ms
[168.317s][info][gc,phases,start] GC(311) Post Compact
[168.330s][info][gc,phases      ] GC(311) Post Compact 12.499ms
[168.352s][info][gc,heap        ] GC(311) PSYoungGen: 288761K(288768K)->0K(295936K) Eden: 284160K(284160K)->0K(258048K) From: 4601K(4608K)->0K(37888K)
[168.352s][info][gc,heap        ] GC(311) ParOldGen: 646771K(647168K)->276516K(380928K)
[168.352s][info][gc,metaspace   ] GC(311) Metaspace: 56668K(57024K)->56668K(57024K) NonClass: 48374K(48640K)->48374K(48640K) Class: 8293K(8384K)->8293K(8384K)
[168.352s][info][gc             ] GC(311) Pause Full (Allocation Failure) 913M->270M(661M) 131.132ms
[168.352s][info][gc,cpu         ] GC(311) User=0.15s Sys=0.03s Real=0.13s
[168.903s][info][gc,start       ] GC(312) Pause Young (Allocation Failure)
[168.907s][info][gc,heap        ] GC(312) PSYoungGen: 258048K(295936K)->2016K(260096K) Eden: 258048K(258048K)->0K(258048K) From: 0K(37888K)->2016K(2048K)
[168.907s][info][gc,heap        ] GC(312) ParOldGen: 276516K(380928K)->276516K(380928K)
[168.907s][info][gc,metaspace   ] GC(312) Metaspace: 56668K(57024K)->56668K(57024K) NonClass: 48374K(48640K)->48374K(48640K) Class: 8293K(8384K)->8293K(8384K)
[168.907s][info][gc             ] GC(312) Pause Young (Allocation Failure) 522M->272M(626M) 4.182ms
[168.907s][info][gc,cpu         ] GC(312) User=0.01s Sys=0.00s Real=0.01s
[169.587s][info][gc,start       ] GC(313) Pause Young (Allocation Failure)
[169.590s][info][gc,heap        ] GC(313) PSYoungGen: 260064K(260096K)->374K(273408K) Eden: 258048K(258048K)->0K(248320K) From: 2016K(2048K)->374K(25088K)
[169.590s][info][gc,heap        ] GC(313) ParOldGen: 276516K(380928K)->276564K(380928K)
[169.590s][info][gc,metaspace   ] GC(313) Metaspace: 56668K(57024K)->56668K(57024K) NonClass: 48374K(48640K)->48374K(48640K) Class: 8293K(8384K)->8293K(8384K)
[169.590s][info][gc             ] GC(313) Pause Young (Allocation Failure) 524M->270M(639M) 2.104ms
[169.590s][info][gc,cpu         ] GC(313) User=0.00s Sys=0.00s Real=0.00s
[170.209s][info][gc,start       ] GC(314) Pause Young (Allocation Failure)
[170.212s][info][gc,heap        ] GC(314) PSYoungGen: 248694K(273408K)->1920K(241152K) Eden: 248320K(248320K)->0K(239104K) From: 374K(25088K)->1920K(2048K)
[170.212s][info][gc,heap        ] GC(314) ParOldGen: 276564K(380928K)->276580K(380928K)
[170.212s][info][gc,metaspace   ] GC(314) Metaspace: 56668K(57024K)->56668K(57024K) NonClass: 48374K(48640K)->48374K(48640K) Class: 8293K(8384K)->8293K(8384K)
[170.212s][info][gc             ] GC(314) Pause Young (Allocation Failure) 512M->271M(607M) 3.866ms
[170.212s][info][gc,cpu         ] GC(314) User=0.01s Sys=0.00s Real=0.00s
[170.865s][info][gc,start       ] GC(315) Pause Young (Allocation Failure)
[170.869s][info][gc,heap        ] GC(315) PSYoungGen: 240711K(241152K)->1856K(251904K) Eden: 238791K(239104K)->0K(229888K) From: 1920K(2048K)->1856K(22016K)
[170.869s][info][gc,heap        ] GC(315) ParOldGen: 276580K(380928K)->276596K(380928K)
[170.869s][info][gc,metaspace   ] GC(315) Metaspace: 56668K(57024K)->56668K(57024K) NonClass: 48374K(48640K)->48374K(48640K) Class: 8293K(8384K)->8293K(8384K)
[170.869s][info][gc             ] GC(315) Pause Young (Allocation Failure) 505M->271M(618M) 3.809ms
[170.869s][info][gc,cpu         ] GC(315) User=0.01s Sys=0.00s Real=0.01s
[171.408s][info][gc,start       ] GC(316) Pause Young (Allocation Failure)
[171.413s][info][gc,heap        ] GC(316) PSYoungGen: 231744K(251904K)->2335K(223744K) Eden: 229888K(229888K)->0K(221184K) From: 1856K(22016K)->2335K(2560K)
[171.413s][info][gc,heap        ] GC(316) ParOldGen: 276596K(380928K)->276612K(380928K)
[171.413s][info][gc,metaspace   ] GC(316) Metaspace: 56668K(57024K)->56668K(57024K) NonClass: 48374K(48640K)->48374K(48640K) Class: 8293K(8384K)->8293K(8384K)
[171.413s][info][gc             ] GC(316) Pause Young (Allocation Failure) 496M->272M(590M) 4.509ms
[171.413s][info][gc,cpu         ] GC(316) User=0.01s Sys=0.00s Real=0.00s
[172.055s][info][gc,start       ] GC(317) Pause Young (Allocation Failure)
[172.066s][info][gc,heap        ] GC(317) PSYoungGen: 223519K(223744K)->1728K(253952K) Eden: 221184K(221184K)->0K(222720K) From: 2335K(2560K)->1728K(31232K)
[172.066s][info][gc,heap        ] GC(317) ParOldGen: 276612K(380928K)->276628K(380928K)
[172.066s][info][gc,metaspace   ] GC(317) Metaspace: 56668K(57024K)->56668K(57024K) NonClass: 48374K(48640K)->48374K(48640K) Class: 8293K(8384K)->8293K(8384K)
[172.066s][info][gc             ] GC(317) Pause Young (Allocation Failure) 488M->271M(620M) 11.221ms
[172.066s][info][gc,cpu         ] GC(317) User=0.01s Sys=0.00s Real=0.02s
[172.585s][info][gc,start       ] GC(318) Pause Young (Allocation Failure)
[172.593s][info][gc,heap        ] GC(318) PSYoungGen: 224448K(253952K)->6226K(252416K) Eden: 222720K(222720K)->0K(222720K) From: 1728K(31232K)->6226K(29696K)
[172.593s][info][gc,heap        ] GC(318) ParOldGen: 276628K(380928K)->277220K(380928K)
[172.593s][info][gc,metaspace   ] GC(318) Metaspace: 56668K(57024K)->56668K(57024K) NonClass: 48374K(48640K)->48374K(48640K) Class: 8293K(8384K)->8293K(8384K)
[172.593s][info][gc             ] GC(318) Pause Young (Allocation Failure) 489M->276M(618M) 7.801ms
[172.593s][info][gc,cpu         ] GC(318) User=0.01s Sys=0.00s Real=0.01s
[173.116s][info][gc,start       ] GC(319) Pause Young (Allocation Failure)
[173.123s][info][gc,heap        ] GC(319) PSYoungGen: 228946K(252416K)->1888K(290304K) Eden: 222720K(222720K)->0K(265216K) From: 6226K(29696K)->1888K(25088K)
[173.123s][info][gc,heap        ] GC(319) ParOldGen: 277220K(380928K)->283215K(380928K)
[173.123s][info][gc,metaspace   ] GC(319) Metaspace: 56668K(57024K)->56668K(57024K) NonClass: 48374K(48640K)->48374K(48640K) Class: 8293K(8384K)->8293K(8384K)
[173.123s][info][gc             ] GC(319) Pause Young (Allocation Failure) 494M->278M(655M) 7.531ms
[173.123s][info][gc,cpu         ] GC(319) User=0.02s Sys=0.00s Real=0.00s
[173.814s][info][gc,start       ] GC(320) Pause Young (Allocation Failure)
[173.818s][info][gc,heap        ] GC(320) PSYoungGen: 267104K(290304K)->2303K(291328K) Eden: 265216K(265216K)->0K(265216K) From: 1888K(25088K)->2303K(26112K)
[173.818s][info][gc,heap        ] GC(320) ParOldGen: 283215K(380928K)->283231K(380928K)
[173.818s][info][gc,metaspace   ] GC(320) Metaspace: 56668K(57024K)->56668K(57024K) NonClass: 48374K(48640K)->48374K(48640K) Class: 8293K(8384K)->8293K(8384K)
[173.818s][info][gc             ] GC(320) Pause Young (Allocation Failure) 537M->278M(656M) 3.996ms
[173.818s][info][gc,cpu         ] GC(320) User=0.01s Sys=0.00s Real=0.01s
[174.505s][info][gc,start       ] GC(321) Pause Young (Allocation Failure)
[174.509s][info][gc,heap        ] GC(321) PSYoungGen: 267519K(291328K)->1568K(257024K) Eden: 265216K(265216K)->0K(254976K) From: 2303K(26112K)->1568K(2048K)
[174.509s][info][gc,heap        ] GC(321) ParOldGen: 283231K(380928K)->283247K(380928K)
[174.509s][info][gc,metaspace   ] GC(321) Metaspace: 56668K(57024K)->56668K(57024K) NonClass: 48374K(48640K)->48374K(48640K) Class: 8293K(8384K)->8293K(8384K)
[174.509s][info][gc             ] GC(321) Pause Young (Allocation Failure) 537M->278M(623M) 4.152ms
[174.509s][info][gc,cpu         ] GC(321) User=0.01s Sys=0.00s Real=0.01s
[175.127s][info][gc,start       ] GC(322) Pause Young (Allocation Failure)
[175.130s][info][gc,heap        ] GC(322) PSYoungGen: 256272K(257024K)->1599K(247296K) Eden: 254704K(254976K)->0K(245248K) From: 1568K(2048K)->1599K(2048K)
[175.130s][info][gc,heap        ] GC(322) ParOldGen: 283247K(380928K)->283263K(380928K)
[175.130s][info][gc,metaspace   ] GC(322) Metaspace: 56668K(57024K)->56668K(57024K) NonClass: 48374K(48640K)->48374K(48640K) Class: 8293K(8384K)->8293K(8384K)
[175.130s][info][gc             ] GC(322) Pause Young (Allocation Failure) 526M->278M(613M) 3.239ms
[175.130s][info][gc,cpu         ] GC(322) User=0.01s Sys=0.00s Real=0.00s
[175.790s][info][gc,start       ] GC(323) Pause Young (Allocation Failure)
[175.793s][info][gc,heap        ] GC(323) PSYoungGen: 246847K(247296K)->608K(237056K) Eden: 245248K(245248K)->0K(236032K) From: 1599K(2048K)->608K(1024K)
[175.793s][info][gc,heap        ] GC(323) ParOldGen: 283263K(380928K)->283279K(380928K)
[175.793s][info][gc,metaspace   ] GC(323) Metaspace: 56668K(57024K)->56668K(57024K) NonClass: 48374K(48640K)->48374K(48640K) Class: 8293K(8384K)->8293K(8384K)
[175.793s][info][gc             ] GC(323) Pause Young (Allocation Failure) 517M->277M(603M) 2.583ms
[175.793s][info][gc,cpu         ] GC(323) User=0.00s Sys=0.00s Real=0.00s
[176.392s][info][gc,start       ] GC(324) Pause Young (Allocation Failure)
[176.394s][info][gc,heap        ] GC(324) PSYoungGen: 236616K(237056K)->800K(248832K) Eden: 236008K(236032K)->0K(227328K) From: 608K(1024K)->800K(21504K)
[176.394s][info][gc,heap        ] GC(324) ParOldGen: 283279K(380928K)->283295K(380928K)
[176.394s][info][gc,metaspace   ] GC(324) Metaspace: 56668K(57024K)->56668K(57024K) NonClass: 48374K(48640K)->48374K(48640K) Class: 8293K(8384K)->8293K(8384K)
[176.394s][info][gc             ] GC(324) Pause Young (Allocation Failure) 507M->277M(615M) 2.350ms
[176.394s][info][gc,cpu         ] GC(324) User=0.01s Sys=0.00s Real=0.00s
[176.986s][info][gc,start       ] GC(325) Pause Young (Allocation Failure)
[176.989s][info][gc,heap        ] GC(325) PSYoungGen: 228128K(248832K)->467K(219136K) Eden: 227328K(227328K)->0K(218624K) From: 800K(21504K)->467K(512K)
[176.989s][info][gc,heap        ] GC(325) ParOldGen: 283295K(380928K)->283311K(380928K)
[176.989s][info][gc,metaspace   ] GC(325) Metaspace: 56668K(57024K)->56668K(57024K) NonClass: 48374K(48640K)->48374K(48640K) Class: 8293K(8384K)->8293K(8384K)
[176.989s][info][gc             ] GC(325) Pause Young (Allocation Failure) 499M->277M(586M) 3.038ms
[176.989s][info][gc,cpu         ] GC(325) User=0.00s Sys=0.00s Real=0.00s
[177.509s][info][gc,start       ] GC(326) Pause Young (Allocation Failure)
[177.512s][info][gc,heap        ] GC(326) PSYoungGen: 219091K(219136K)->1855K(229888K) Eden: 218624K(218624K)->0K(210432K) From: 467K(512K)->1855K(19456K)
[177.513s][info][gc,heap        ] GC(326) ParOldGen: 283311K(380928K)->283327K(380928K)
[177.513s][info][gc,metaspace   ] GC(326) Metaspace: 56668K(57024K)->56668K(57024K) NonClass: 48374K(48640K)->48374K(48640K) Class: 8293K(8384K)->8293K(8384K)
[177.513s][info][gc             ] GC(326) Pause Young (Allocation Failure) 490M->278M(596M) 3.363ms
[177.513s][info][gc,cpu         ] GC(326) User=0.00s Sys=0.00s Real=0.00s
[178.086s][info][gc,start       ] GC(327) Pause Young (Allocation Failure)
[178.089s][info][gc,heap        ] GC(327) PSYoungGen: 212287K(229888K)->404K(203264K) Eden: 210432K(210432K)->0K(202752K) From: 1855K(19456K)->404K(512K)
[178.089s][info][gc,heap        ] GC(327) ParOldGen: 283327K(380928K)->283343K(380928K)
[178.089s][info][gc,metaspace   ] GC(327) Metaspace: 56668K(57024K)->56668K(57024K) NonClass: 48374K(48640K)->48374K(48640K) Class: 8293K(8384K)->8293K(8384K)
[178.089s][info][gc             ] GC(327) Pause Young (Allocation Failure) 483M->277M(570M) 2.993ms
[178.089s][info][gc,cpu         ] GC(327) User=0.00s Sys=0.00s Real=0.00s
[178.644s][info][gc,start       ] GC(328) Pause Young (Allocation Failure)
[178.650s][info][gc,heap        ] GC(328) PSYoungGen: 202996K(203264K)->1430K(212992K) Eden: 202592K(202752K)->0K(195584K) From: 404K(512K)->1430K(17408K)
[178.650s][info][gc,heap        ] GC(328) ParOldGen: 283343K(380928K)->283359K(380928K)
[178.650s][info][gc,metaspace   ] GC(328) Metaspace: 56668K(57024K)->56668K(57024K) NonClass: 48374K(48640K)->48374K(48640K) Class: 8293K(8384K)->8293K(8384K)
[178.650s][info][gc             ] GC(328) Pause Young (Allocation Failure) 474M->278M(580M) 5.691ms
[178.650s][info][gc,cpu         ] GC(328) User=0.00s Sys=0.00s Real=0.01s
[179.100s][info][gc,start       ] GC(329) Pause Young (Allocation Failure)
[179.105s][info][gc,heap        ] GC(329) PSYoungGen: 197014K(212992K)->1248K(189952K) Eden: 195584K(195584K)->0K(188416K) From: 1430K(17408K)->1248K(1536K)
[179.105s][info][gc,heap        ] GC(329) ParOldGen: 283359K(380928K)->283375K(380928K)
[179.105s][info][gc,metaspace   ] GC(329) Metaspace: 56668K(57024K)->56668K(57024K) NonClass: 48374K(48640K)->48374K(48640K) Class: 8293K(8384K)->8293K(8384K)
[179.105s][info][gc             ] GC(329) Pause Young (Allocation Failure) 469M->277M(557M) 5.243ms
[179.105s][info][gc,cpu         ] GC(329) User=0.00s Sys=0.00s Real=0.00s
[179.588s][info][gc,start       ] GC(330) Pause Young (Allocation Failure)
[179.590s][info][gc,heap        ] GC(330) PSYoungGen: 189664K(189952K)->627K(197120K) Eden: 188416K(188416K)->0K(181760K) From: 1248K(1536K)->627K(15360K)
[179.590s][info][gc,heap        ] GC(330) ParOldGen: 283375K(380928K)->283391K(380928K)
[179.590s][info][gc,metaspace   ] GC(330) Metaspace: 56668K(57024K)->56668K(57024K) NonClass: 48374K(48640K)->48374K(48640K) Class: 8293K(8384K)->8293K(8384K)
[179.590s][info][gc             ] GC(330) Pause Young (Allocation Failure) 461M->277M(564M) 2.108ms
[179.590s][info][gc,cpu         ] GC(330) User=0.01s Sys=0.00s Real=0.00s
[180.023s][info][gc,start       ] GC(331) Pause Young (Allocation Failure)
[180.027s][info][gc,heap        ] GC(331) PSYoungGen: 182248K(197120K)->1984K(177664K) Eden: 181620K(181760K)->0K(175616K) From: 627K(15360K)->1984K(2048K)
[180.027s][info][gc,heap        ] GC(331) ParOldGen: 283391K(380928K)->283407K(380928K)
[180.027s][info][gc,metaspace   ] GC(331) Metaspace: 56668K(57024K)->56668K(57024K) NonClass: 48374K(48640K)->48374K(48640K) Class: 8293K(8384K)->8293K(8384K)
[180.027s][info][gc             ] GC(331) Pause Young (Allocation Failure) 454M->278M(545M) 4.930ms
[180.027s][info][gc,cpu         ] GC(331) User=0.01s Sys=0.00s Real=0.01s
[180.495s][info][gc,start       ] GC(332) Pause Young (Allocation Failure)
[180.498s][info][gc,heap        ] GC(332) PSYoungGen: 177600K(177664K)->1407K(171008K) Eden: 175616K(175616K)->0K(169472K) From: 1984K(2048K)->1407K(1536K)
[180.498s][info][gc,heap        ] GC(332) ParOldGen: 283407K(380928K)->283423K(380928K)
[180.498s][info][gc,metaspace   ] GC(332) Metaspace: 56668K(57024K)->56668K(57024K) NonClass: 48374K(48640K)->48374K(48640K) Class: 8293K(8384K)->8293K(8384K)
[180.498s][info][gc             ] GC(332) Pause Young (Allocation Failure) 450M->278M(539M) 2.928ms
[180.498s][info][gc,cpu         ] GC(332) User=0.01s Sys=0.00s Real=0.01s
[180.909s][info][gc,start       ] GC(333) Pause Young (Allocation Failure)
[180.914s][info][gc,heap        ] GC(333) PSYoungGen: 170879K(171008K)->2111K(166400K) Eden: 169472K(169472K)->0K(163840K) From: 1407K(1536K)->2111K(2560K)
[180.914s][info][gc,heap        ] GC(333) ParOldGen: 283423K(380928K)->283439K(380928K)
[180.914s][info][gc,metaspace   ] GC(333) Metaspace: 56668K(57024K)->56668K(57024K) NonClass: 48374K(48640K)->48374K(48640K) Class: 8293K(8384K)->8293K(8384K)
[180.914s][info][gc             ] GC(333) Pause Young (Allocation Failure) 443M->278M(534M) 4.403ms
[180.914s][info][gc,cpu         ] GC(333) User=0.00s Sys=0.00s Real=0.00s
[181.317s][info][gc,start       ] GC(334) Pause Young (Allocation Failure)
[181.322s][info][gc,heap        ] GC(334) PSYoungGen: 165951K(166400K)->2463K(160768K) Eden: 163840K(163840K)->0K(158208K) From: 2111K(2560K)->2463K(2560K)
[181.322s][info][gc,heap        ] GC(334) ParOldGen: 283439K(380928K)->283455K(380928K)
[181.322s][info][gc,metaspace   ] GC(334) Metaspace: 56668K(57024K)->56668K(57024K) NonClass: 48374K(48640K)->48374K(48640K) Class: 8293K(8384K)->8293K(8384K)
[181.322s][info][gc             ] GC(334) Pause Young (Allocation Failure) 438M->279M(529M) 4.282ms
[181.322s][info][gc,cpu         ] GC(334) User=0.00s Sys=0.00s Real=0.00s
[181.722s][info][gc,start       ] GC(335) Pause Young (Allocation Failure)
[181.726s][info][gc,heap        ] GC(335) PSYoungGen: 160671K(160768K)->1568K(155136K) Eden: 158208K(158208K)->0K(153088K) From: 2463K(2560K)->1568K(2048K)
[181.726s][info][gc,heap        ] GC(335) ParOldGen: 283455K(380928K)->283471K(380928K)
[181.726s][info][gc,metaspace   ] GC(335) Metaspace: 56668K(57024K)->56668K(57024K) NonClass: 48374K(48640K)->48374K(48640K) Class: 8293K(8384K)->8293K(8384K)
[181.726s][info][gc             ] GC(335) Pause Young (Allocation Failure) 433M->278M(523M) 3.942ms
[181.726s][info][gc,cpu         ] GC(335) User=0.01s Sys=0.01s Real=0.01s
[182.116s][info][gc,start       ] GC(336) Pause Young (Allocation Failure)
[182.120s][info][gc,heap        ] GC(336) PSYoungGen: 154656K(155136K)->2495K(150528K) Eden: 153088K(153088K)->0K(147968K) From: 1568K(2048K)->2495K(2560K)
[182.120s][info][gc,heap        ] GC(336) ParOldGen: 283471K(380928K)->283487K(380928K)
[182.120s][info][gc,metaspace   ] GC(336) Metaspace: 56668K(57024K)->56668K(57024K) NonClass: 48374K(48640K)->48374K(48640K) Class: 8293K(8384K)->8293K(8384K)
[182.120s][info][gc             ] GC(336) Pause Young (Allocation Failure) 427M->279M(519M) 4.416ms
[182.120s][info][gc,cpu         ] GC(336) User=0.01s Sys=0.00s Real=0.01s
[182.508s][info][gc,start       ] GC(337) Pause Young (Allocation Failure)
[182.513s][info][gc,heap        ] GC(337) PSYoungGen: 150463K(150528K)->2495K(145920K) Eden: 147968K(147968K)->0K(143360K) From: 2495K(2560K)->2495K(2560K)
[182.513s][info][gc,heap        ] GC(337) ParOldGen: 283487K(380928K)->283503K(380928K)
[182.513s][info][gc,metaspace   ] GC(337) Metaspace: 56668K(57024K)->56668K(57024K) NonClass: 48374K(48640K)->48374K(48640K) Class: 8293K(8384K)->8293K(8384K)
[182.513s][info][gc             ] GC(337) Pause Young (Allocation Failure) 423M->279M(514M) 4.704ms
[182.513s][info][gc,cpu         ] GC(337) User=0.01s Sys=0.00s Real=0.00s
[182.992s][info][gc,start       ] GC(338) Pause Young (Allocation Failure)
[182.994s][info][gc,heap        ] GC(338) PSYoungGen: 145855K(145920K)->1087K(140288K) Eden: 143360K(143360K)->0K(138752K) From: 2495K(2560K)->1087K(1536K)
[182.994s][info][gc,heap        ] GC(338) ParOldGen: 283503K(380928K)->283519K(380928K)
[182.994s][info][gc,metaspace   ] GC(338) Metaspace: 56668K(57024K)->56668K(57024K) NonClass: 48374K(48640K)->48374K(48640K) Class: 8293K(8384K)->8293K(8384K)
[182.994s][info][gc             ] GC(338) Pause Young (Allocation Failure) 419M->277M(509M) 2.547ms
[182.994s][info][gc,cpu         ] GC(338) User=0.00s Sys=0.00s Real=0.00s
[183.318s][info][gc,start       ] GC(339) Pause Young (Allocation Failure)
[183.325s][info][gc,heap        ] GC(339) PSYoungGen: 139839K(140288K)->2176K(167936K) Eden: 138752K(138752K)->0K(165376K) From: 1087K(1536K)->2176K(2560K)
[183.325s][info][gc,heap        ] GC(339) ParOldGen: 283519K(380928K)->283535K(380928K)
[183.325s][info][gc,metaspace   ] GC(339) Metaspace: 56668K(57024K)->56668K(57024K) NonClass: 48374K(48640K)->48374K(48640K) Class: 8293K(8384K)->8293K(8384K)
[183.325s][info][gc             ] GC(339) Pause Young (Allocation Failure) 413M->279M(536M) 6.445ms
[183.325s][info][gc,cpu         ] GC(339) User=0.00s Sys=0.00s Real=0.00s
[183.736s][info][gc,start       ] GC(340) Pause Young (Allocation Failure)
[183.740s][info][gc,heap        ] GC(340) PSYoungGen: 167340K(167936K)->640K(174592K) Eden: 165164K(165376K)->0K(166912K) From: 2176K(2560K)->640K(7680K)
[183.740s][info][gc,heap        ] GC(340) ParOldGen: 283535K(380928K)->283551K(380928K)
[183.740s][info][gc,metaspace   ] GC(340) Metaspace: 56668K(57024K)->56668K(57024K) NonClass: 48374K(48640K)->48374K(48640K) Class: 8293K(8384K)->8293K(8384K)
[183.740s][info][gc             ] GC(340) Pause Young (Allocation Failure) 440M->277M(542M) 4.353ms
[183.740s][info][gc,cpu         ] GC(340) User=0.00s Sys=0.00s Real=0.00s
[184.194s][info][gc,start       ] GC(341) Pause Young (Allocation Failure)
[184.197s][info][gc,heap        ] GC(341) PSYoungGen: 167552K(174592K)->1662K(205312K) Eden: 166912K(166912K)->0K(197632K) From: 640K(7680K)->1662K(7680K)
[184.197s][info][gc,heap        ] GC(341) ParOldGen: 283551K(380928K)->283567K(380928K)
[184.197s][info][gc,metaspace   ] GC(341) Metaspace: 56668K(57024K)->56668K(57024K) NonClass: 48374K(48640K)->48374K(48640K) Class: 8293K(8384K)->8293K(8384K)
[184.197s][info][gc             ] GC(341) Pause Young (Allocation Failure) 440M->278M(572M) 3.441ms
[184.197s][info][gc,cpu         ] GC(341) User=0.00s Sys=0.00s Real=0.01s
[184.703s][info][gc,start       ] GC(342) Pause Young (Allocation Failure)
[184.706s][info][gc,heap        ] GC(342) PSYoungGen: 199294K(205312K)->1278K(192000K) Eden: 197632K(197632K)->0K(190464K) From: 1662K(7680K)->1278K(1536K)
[184.706s][info][gc,heap        ] GC(342) ParOldGen: 283567K(380928K)->283583K(380928K)
[184.706s][info][gc,metaspace   ] GC(342) Metaspace: 56668K(57024K)->56668K(57024K) NonClass: 48374K(48640K)->48374K(48640K) Class: 8293K(8384K)->8293K(8384K)
[184.706s][info][gc             ] GC(342) Pause Young (Allocation Failure) 471M->278M(559M) 2.787ms
[184.706s][info][gc,cpu         ] GC(342) User=0.00s Sys=0.00s Real=0.01s
[185.200s][info][gc,start       ] GC(343) Pause Young (Allocation Failure)
[185.202s][info][gc,heap        ] GC(343) PSYoungGen: 191719K(192000K)->958K(184832K) Eden: 190440K(190464K)->0K(183808K) From: 1278K(1536K)->958K(1024K)
[185.202s][info][gc,heap        ] GC(343) ParOldGen: 283583K(380928K)->283599K(380928K)
[185.202s][info][gc,metaspace   ] GC(343) Metaspace: 56668K(57024K)->56668K(57024K) NonClass: 48374K(48640K)->48374K(48640K) Class: 8293K(8384K)->8293K(8384K)
[185.202s][info][gc             ] GC(343) Pause Young (Allocation Failure) 464M->277M(552M) 2.377ms
[185.202s][info][gc,cpu         ] GC(343) User=0.00s Sys=0.00s Real=0.00s
[185.623s][info][gc,start       ] GC(344) Pause Young (Allocation Failure)
[185.630s][info][gc,heap        ] GC(344) PSYoungGen: 184766K(184832K)->1760K(193536K) Eden: 183808K(183808K)->0K(186880K) From: 958K(1024K)->1760K(6656K)
[185.630s][info][gc,heap        ] GC(344) ParOldGen: 283599K(380928K)->283615K(380928K)
[185.630s][info][gc,metaspace   ] GC(344) Metaspace: 56668K(57024K)->56668K(57024K) NonClass: 48374K(48640K)->48374K(48640K) Class: 8293K(8384K)->8293K(8384K)
[185.630s][info][gc             ] GC(344) Pause Young (Allocation Failure) 457M->278M(561M) 7.242ms
[185.630s][info][gc,cpu         ] GC(344) User=0.00s Sys=0.00s Real=0.01s
[186.110s][info][gc,start       ] GC(345) Pause Young (Allocation Failure)
[186.121s][info][gc,heap        ] GC(345) PSYoungGen: 188557K(193536K)->2144K(225280K) Eden: 186797K(186880K)->0K(219136K) From: 1760K(6656K)->2144K(6144K)
[186.121s][info][gc,heap        ] GC(345) ParOldGen: 283615K(380928K)->283631K(380928K)
[186.121s][info][gc,metaspace   ] GC(345) Metaspace: 56668K(57024K)->56668K(57024K) NonClass: 48374K(48640K)->48374K(48640K) Class: 8293K(8384K)->8293K(8384K)
[186.121s][info][gc             ] GC(345) Pause Young (Allocation Failure) 461M->279M(592M) 10.835ms
[186.121s][info][gc,cpu         ] GC(345) User=0.02s Sys=0.00s Real=0.01s
[186.698s][info][gc,start       ] GC(346) Pause Young (Allocation Failure)
[186.700s][info][gc,heap        ] GC(346) PSYoungGen: 221280K(225280K)->185K(224768K) Eden: 219136K(219136K)->0K(219136K) From: 2144K(6144K)->185K(5632K)
[186.700s][info][gc,heap        ] GC(346) ParOldGen: 283631K(380928K)->283647K(380928K)
[186.700s][info][gc,metaspace   ] GC(346) Metaspace: 56668K(57024K)->56668K(57024K) NonClass: 48374K(48640K)->48374K(48640K) Class: 8293K(8384K)->8293K(8384K)
[186.700s][info][gc             ] GC(346) Pause Young (Allocation Failure) 493M->277M(591M) 1.776ms
[186.700s][info][gc,cpu         ] GC(346) User=0.00s Sys=0.00s Real=0.00s
[187.225s][info][gc,start       ] GC(347) Pause Young (Allocation Failure)
[187.229s][info][gc,heap        ] GC(347) PSYoungGen: 219130K(224768K)->1760K(265216K) Eden: 218945K(219136K)->0K(260608K) From: 185K(5632K)->1760K(4608K)
[187.229s][info][gc,heap        ] GC(347) ParOldGen: 283647K(380928K)->283663K(380928K)
[187.229s][info][gc,metaspace   ] GC(347) Metaspace: 56668K(57024K)->56668K(57024K) NonClass: 48374K(48640K)->48374K(48640K) Class: 8293K(8384K)->8293K(8384K)
[187.229s][info][gc             ] GC(347) Pause Young (Allocation Failure) 490M->278M(631M) 4.265ms
[187.229s][info][gc,cpu         ] GC(347) User=0.00s Sys=0.00s Real=0.01s
[187.916s][info][gc,start       ] GC(348) Pause Young (Allocation Failure)
[187.922s][info][gc,heap        ] GC(348) PSYoungGen: 262368K(265216K)->1791K(265728K) Eden: 260608K(260608K)->0K(260608K) From: 1760K(4608K)->1791K(5120K)
[187.922s][info][gc,heap        ] GC(348) ParOldGen: 283663K(380928K)->283679K(380928K)
[187.922s][info][gc,metaspace   ] GC(348) Metaspace: 56668K(57024K)->56668K(57024K) NonClass: 48374K(48640K)->48374K(48640K) Class: 8293K(8384K)->8293K(8384K)
[187.922s][info][gc             ] GC(348) Pause Young (Allocation Failure) 533M->278M(631M) 6.420ms
[187.922s][info][gc,cpu         ] GC(348) User=0.00s Sys=0.01s Real=0.00s
[188.595s][info][gc,start       ] GC(349) Pause Young (Allocation Failure)
[188.598s][info][gc,heap        ] GC(349) PSYoungGen: 262399K(265728K)->1662K(252416K) Eden: 260608K(260608K)->0K(250368K) From: 1791K(5120K)->1662K(2048K)
[188.598s][info][gc,heap        ] GC(349) ParOldGen: 283679K(380928K)->283695K(380928K)
[188.598s][info][gc,metaspace   ] GC(349) Metaspace: 56668K(57024K)->56668K(57024K) NonClass: 48374K(48640K)->48374K(48640K) Class: 8293K(8384K)->8293K(8384K)
[188.598s][info][gc             ] GC(349) Pause Young (Allocation Failure) 533M->278M(618M) 3.366ms
[188.598s][info][gc,cpu         ] GC(349) User=0.01s Sys=0.00s Real=0.01s
[189.208s][info][gc,start       ] GC(350) Pause Young (Allocation Failure)
[189.213s][info][gc,heap        ] GC(350) PSYoungGen: 252030K(252416K)->2016K(242688K) Eden: 250368K(250368K)->0K(240640K) From: 1662K(2048K)->2016K(2048K)
[189.213s][info][gc,heap        ] GC(350) ParOldGen: 283695K(380928K)->283711K(380928K)
[189.213s][info][gc,metaspace   ] GC(350) Metaspace: 56668K(57024K)->56668K(57024K) NonClass: 48374K(48640K)->48374K(48640K) Class: 8293K(8384K)->8293K(8384K)
[189.213s][info][gc             ] GC(350) Pause Young (Allocation Failure) 523M->279M(609M) 4.772ms
[189.213s][info][gc,cpu         ] GC(350) User=0.01s Sys=0.00s Real=0.00s
[189.821s][info][gc,start       ] GC(351) Pause Young (Allocation Failure)
[189.826s][info][gc,heap        ] GC(351) PSYoungGen: 242656K(242688K)->1888K(233472K) Eden: 240640K(240640K)->0K(231424K) From: 2016K(2048K)->1888K(2048K)
[189.826s][info][gc,heap        ] GC(351) ParOldGen: 283711K(380928K)->283727K(380928K)
[189.826s][info][gc,metaspace   ] GC(351) Metaspace: 56668K(57024K)->56668K(57024K) NonClass: 48374K(48640K)->48374K(48640K) Class: 8293K(8384K)->8293K(8384K)
[189.826s][info][gc             ] GC(351) Pause Young (Allocation Failure) 514M->278M(600M) 4.593ms
[189.826s][info][gc,cpu         ] GC(351) User=0.01s Sys=0.00s Real=0.01s
[190.416s][info][gc,start       ] GC(352) Pause Young (Allocation Failure)
[190.421s][info][gc,heap        ] GC(352) PSYoungGen: 233312K(233472K)->2590K(225792K) Eden: 231424K(231424K)->0K(222720K) From: 1888K(2048K)->2590K(3072K)
[190.421s][info][gc,heap        ] GC(352) ParOldGen: 283727K(380928K)->283743K(380928K)
[190.421s][info][gc,metaspace   ] GC(352) Metaspace: 56668K(57024K)->56668K(57024K) NonClass: 48374K(48640K)->48374K(48640K) Class: 8293K(8384K)->8293K(8384K)
[190.421s][info][gc             ] GC(352) Pause Young (Allocation Failure) 504M->279M(592M) 5.151ms
[190.421s][info][gc,cpu         ] GC(352) User=0.01s Sys=0.01s Real=0.00s
[191.009s][info][gc,start       ] GC(353) Pause Young (Allocation Failure)
[191.013s][info][gc,heap        ] GC(353) PSYoungGen: 225310K(225792K)->1663K(216576K) Eden: 222720K(222720K)->0K(214528K) From: 2590K(3072K)->1663K(2048K)
[191.013s][info][gc,heap        ] GC(353) ParOldGen: 283743K(380928K)->283759K(380928K)
[191.013s][info][gc,metaspace   ] GC(353) Metaspace: 56668K(57024K)->56668K(57024K) NonClass: 48374K(48640K)->48374K(48640K) Class: 8293K(8384K)->8293K(8384K)
[191.013s][info][gc             ] GC(353) Pause Young (Allocation Failure) 497M->278M(583M) 3.836ms
[191.013s][info][gc,cpu         ] GC(353) User=0.01s Sys=0.00s Real=0.00s
[191.528s][info][gc,start       ] GC(354) Pause Young (Allocation Failure)
[191.531s][info][gc,heap        ] GC(354) PSYoungGen: 216191K(216576K)->832K(207872K) Eden: 214528K(214528K)->0K(206848K) From: 1663K(2048K)->832K(1024K)
[191.531s][info][gc,heap        ] GC(354) ParOldGen: 283759K(380928K)->283775K(380928K)
[191.531s][info][gc,metaspace   ] GC(354) Metaspace: 56668K(57024K)->56668K(57024K) NonClass: 48374K(48640K)->48374K(48640K) Class: 8293K(8384K)->8293K(8384K)
[191.531s][info][gc             ] GC(354) Pause Young (Allocation Failure) 488M->277M(575M) 3.026ms
[191.531s][info][gc,cpu         ] GC(354) User=0.00s Sys=0.00s Real=0.00s
[192.096s][info][gc,start       ] GC(355) Pause Young (Allocation Failure)
[192.099s][info][gc,heap        ] GC(355) PSYoungGen: 207680K(207872K)->1471K(200704K) Eden: 206848K(206848K)->0K(199168K) From: 832K(1024K)->1471K(1536K)
[192.099s][info][gc,heap        ] GC(355) ParOldGen: 283775K(380928K)->283791K(380928K)
[192.099s][info][gc,metaspace   ] GC(355) Metaspace: 56668K(57024K)->56668K(57024K) NonClass: 48374K(48640K)->48374K(48640K) Class: 8293K(8384K)->8293K(8384K)
[192.099s][info][gc             ] GC(355) Pause Young (Allocation Failure) 479M->278M(568M) 3.297ms
[192.099s][info][gc,cpu         ] GC(355) User=0.00s Sys=0.00s Real=0.00s
[192.603s][info][gc,start       ] GC(356) Pause Young (Allocation Failure)
[192.607s][info][gc,heap        ] GC(356) PSYoungGen: 200639K(200704K)->1854K(194048K) Eden: 199168K(199168K)->0K(192000K) From: 1471K(1536K)->1854K(2048K)
[192.607s][info][gc,heap        ] GC(356) ParOldGen: 283791K(380928K)->283807K(380928K)
[192.607s][info][gc,metaspace   ] GC(356) Metaspace: 56668K(57024K)->56668K(57024K) NonClass: 48374K(48640K)->48374K(48640K) Class: 8293K(8384K)->8293K(8384K)
[192.607s][info][gc             ] GC(356) Pause Young (Allocation Failure) 473M->278M(561M) 3.893ms
[192.607s][info][gc,cpu         ] GC(356) User=0.00s Sys=0.00s Real=0.01s
[193.098s][info][gc,start       ] GC(357) Pause Young (Allocation Failure)
[193.102s][info][gc,heap        ] GC(357) PSYoungGen: 193835K(194048K)->1375K(186880K) Eden: 191981K(192000K)->0K(185344K) From: 1854K(2048K)->1375K(1536K)
[193.102s][info][gc,heap        ] GC(357) ParOldGen: 283807K(380928K)->283823K(380928K)
[193.102s][info][gc,metaspace   ] GC(357) Metaspace: 56668K(57024K)->56668K(57024K) NonClass: 48374K(48640K)->48374K(48640K) Class: 8293K(8384K)->8293K(8384K)
[193.102s][info][gc             ] GC(357) Pause Young (Allocation Failure) 466M->278M(554M) 4.228ms
[193.102s][info][gc,cpu         ] GC(357) User=0.01s Sys=0.00s Real=0.00s
[193.536s][info][gc,start       ] GC(358) Pause Young (Allocation Failure)
[193.538s][info][gc,heap        ] GC(358) PSYoungGen: 186646K(186880K)->288K(179200K) Eden: 185270K(185344K)->0K(178688K) From: 1375K(1536K)->288K(512K)
[193.538s][info][gc,heap        ] GC(358) ParOldGen: 283823K(380928K)->283839K(380928K)
[193.538s][info][gc,metaspace   ] GC(358) Metaspace: 56668K(57024K)->56668K(57024K) NonClass: 48374K(48640K)->48374K(48640K) Class: 8293K(8384K)->8293K(8384K)
[193.538s][info][gc             ] GC(358) Pause Young (Allocation Failure) 459M->277M(547M) 2.005ms
[193.538s][info][gc,cpu         ] GC(358) User=0.00s Sys=0.00s Real=0.00s
[194.157s][info][gc,start       ] GC(359) Pause Young (Allocation Failure)
[194.160s][info][gc,heap        ] GC(359) PSYoungGen: 178976K(179200K)->1312K(174080K) Eden: 178688K(178688K)->0K(172544K) From: 288K(512K)->1312K(1536K)
[194.160s][info][gc,heap        ] GC(359) ParOldGen: 283839K(380928K)->283855K(380928K)
[194.160s][info][gc,metaspace   ] GC(359) Metaspace: 56668K(57024K)->56668K(57024K) NonClass: 48374K(48640K)->48374K(48640K) Class: 8293K(8384K)->8293K(8384K)
[194.160s][info][gc             ] GC(359) Pause Young (Allocation Failure) 451M->278M(542M) 3.410ms
[194.160s][info][gc,cpu         ] GC(359) User=0.01s Sys=0.00s Real=0.00s
[194.585s][info][gc,start       ] GC(360) Pause Young (Allocation Failure)
[194.587s][info][gc,heap        ] GC(360) PSYoungGen: 173856K(174080K)->256K(166912K) Eden: 172544K(172544K)->0K(166400K) From: 1312K(1536K)->256K(512K)
[194.587s][info][gc,heap        ] GC(360) ParOldGen: 283855K(380928K)->283871K(380928K)
[194.587s][info][gc,metaspace   ] GC(360) Metaspace: 56668K(57024K)->56668K(57024K) NonClass: 48374K(48640K)->48374K(48640K) Class: 8293K(8384K)->8293K(8384K)
[194.587s][info][gc             ] GC(360) Pause Young (Allocation Failure) 446M->277M(535M) 1.901ms
[194.587s][info][gc,cpu         ] GC(360) User=0.01s Sys=0.00s Real=0.01s
[194.997s][info][gc,start       ] GC(361) Pause Young (Allocation Failure)
[195.000s][info][gc,heap        ] GC(361) PSYoungGen: 166656K(166912K)->1950K(162816K) Eden: 166400K(166400K)->0K(160768K) From: 256K(512K)->1950K(2048K)
[195.000s][info][gc,heap        ] GC(361) ParOldGen: 283871K(380928K)->283887K(380928K)
[195.000s][info][gc,metaspace   ] GC(361) Metaspace: 56668K(57024K)->56668K(57024K) NonClass: 48374K(48640K)->48374K(48640K) Class: 8293K(8384K)->8293K(8384K)
[195.000s][info][gc             ] GC(361) Pause Young (Allocation Failure) 439M->279M(531M) 3.841ms
[195.000s][info][gc,cpu         ] GC(361) User=0.01s Sys=0.00s Real=0.00s
[195.405s][info][gc,start       ] GC(362) Pause Young (Allocation Failure)
[195.408s][info][gc,heap        ] GC(362) PSYoungGen: 162718K(162816K)->1631K(157696K) Eden: 160768K(160768K)->0K(155648K) From: 1950K(2048K)->1631K(2048K)
[195.408s][info][gc,heap        ] GC(362) ParOldGen: 283887K(380928K)->283903K(380928K)
[195.408s][info][gc,metaspace   ] GC(362) Metaspace: 56668K(57024K)->56668K(57024K) NonClass: 48374K(48640K)->48374K(48640K) Class: 8293K(8384K)->8293K(8384K)
[195.408s][info][gc             ] GC(362) Pause Young (Allocation Failure) 436M->278M(526M) 3.659ms
[195.408s][info][gc,cpu         ] GC(362) User=0.00s Sys=0.01s Real=0.01s
[195.805s][info][gc,start       ] GC(363) Pause Young (Allocation Failure)
[195.810s][info][gc,heap        ] GC(363) PSYoungGen: 157279K(157696K)->2238K(153088K) Eden: 155648K(155648K)->0K(150528K) From: 1631K(2048K)->2238K(2560K)
[195.810s][info][gc,heap        ] GC(363) ParOldGen: 283903K(380928K)->283919K(380928K)
[195.810s][info][gc,metaspace   ] GC(363) Metaspace: 56668K(57024K)->56668K(57024K) NonClass: 48374K(48640K)->48374K(48640K) Class: 8293K(8384K)->8293K(8384K)
[195.810s][info][gc             ] GC(363) Pause Young (Allocation Failure) 430M->279M(521M) 4.389ms
[195.810s][info][gc,cpu         ] GC(363) User=0.01s Sys=0.00s Real=0.01s
[196.195s][info][gc,start       ] GC(364) Pause Young (Allocation Failure)
[196.199s][info][gc,heap        ] GC(364) PSYoungGen: 152766K(153088K)->1592K(147456K) Eden: 150528K(150528K)->0K(145408K) From: 2238K(2560K)->1592K(2048K)
[196.199s][info][gc,heap        ] GC(364) ParOldGen: 283919K(380928K)->283935K(380928K)
[196.199s][info][gc,metaspace   ] GC(364) Metaspace: 56668K(57024K)->56668K(57024K) NonClass: 48374K(48640K)->48374K(48640K) Class: 8293K(8384K)->8293K(8384K)
[196.199s][info][gc             ] GC(364) Pause Young (Allocation Failure) 426M->278M(516M) 3.626ms
[196.199s][info][gc,cpu         ] GC(364) User=0.00s Sys=0.00s Real=0.01s
[196.530s][info][gc,start       ] GC(365) Pause Young (Allocation Failure)
[196.533s][info][gc,heap        ] GC(365) PSYoungGen: 146751K(147456K)->832K(141824K) Eden: 145159K(145408K)->0K(140800K) From: 1592K(2048K)->832K(1024K)
[196.533s][info][gc,heap        ] GC(365) ParOldGen: 283935K(380928K)->283951K(380928K)
[196.533s][info][gc,metaspace   ] GC(365) Metaspace: 56668K(57024K)->56668K(57024K) NonClass: 48374K(48640K)->48374K(48640K) Class: 8293K(8384K)->8293K(8384K)
[196.533s][info][gc             ] GC(365) Pause Young (Allocation Failure) 420M->278M(510M) 2.834ms
[196.533s][info][gc,cpu         ] GC(365) User=0.00s Sys=0.00s Real=0.00s
[196.906s][info][gc,start       ] GC(366) Pause Young (Allocation Failure)
[196.911s][info][gc,heap        ] GC(366) PSYoungGen: 141632K(141824K)->1824K(138240K) Eden: 140800K(140800K)->0K(136192K) From: 832K(1024K)->1824K(2048K)
[196.911s][info][gc,heap        ] GC(366) ParOldGen: 283951K(380928K)->283967K(380928K)
[196.911s][info][gc,metaspace   ] GC(366) Metaspace: 56668K(57024K)->56668K(57024K) NonClass: 48374K(48640K)->48374K(48640K) Class: 8293K(8384K)->8293K(8384K)
[196.911s][info][gc             ] GC(366) Pause Young (Allocation Failure) 415M->279M(507M) 4.467ms
[196.911s][info][gc,cpu         ] GC(366) User=0.01s Sys=0.00s Real=0.00s
[197.285s][info][gc,start       ] GC(367) Pause Young (Allocation Failure)
[197.287s][info][gc,heap        ] GC(367) PSYoungGen: 138016K(138240K)->224K(132608K) Eden: 136192K(136192K)->0K(132096K) From: 1824K(2048K)->224K(512K)
[197.287s][info][gc,heap        ] GC(367) ParOldGen: 283967K(380928K)->283983K(380928K)
[197.287s][info][gc,metaspace   ] GC(367) Metaspace: 56668K(57024K)->56668K(57024K) NonClass: 48374K(48640K)->48374K(48640K) Class: 8293K(8384K)->8293K(8384K)
[197.287s][info][gc             ] GC(367) Pause Young (Allocation Failure) 412M->277M(501M) 1.867ms
[197.287s][info][gc,cpu         ] GC(367) User=0.00s Sys=0.00s Real=0.01s
[197.602s][info][gc,start       ] GC(368) Pause Young (Allocation Failure)
[197.606s][info][gc,heap        ] GC(368) PSYoungGen: 132320K(132608K)->2270K(131584K) Eden: 132096K(132096K)->0K(128000K) From: 224K(512K)->2270K(3584K)
[197.606s][info][gc,heap        ] GC(368) ParOldGen: 283983K(380928K)->283999K(380928K)
[197.606s][info][gc,metaspace   ] GC(368) Metaspace: 56668K(57024K)->56668K(57024K) NonClass: 48374K(48640K)->48374K(48640K) Class: 8293K(8384K)->8293K(8384K)
[197.606s][info][gc             ] GC(368) Pause Young (Allocation Failure) 406M->279M(500M) 4.481ms
[197.606s][info][gc,cpu         ] GC(368) User=0.00s Sys=0.01s Real=0.01s
[197.914s][info][gc,start       ] GC(369) Pause Young (Allocation Failure)
[197.917s][info][gc,heap        ] GC(369) PSYoungGen: 130105K(131584K)->1568K(154112K) Eden: 127835K(128000K)->0K(152064K) From: 2270K(3584K)->1568K(2048K)
[197.917s][info][gc,heap        ] GC(369) ParOldGen: 283999K(380928K)->284015K(380928K)
[197.917s][info][gc,metaspace   ] GC(369) Metaspace: 56668K(57024K)->56668K(57024K) NonClass: 48374K(48640K)->48374K(48640K) Class: 8293K(8384K)->8293K(8384K)
[197.917s][info][gc             ] GC(369) Pause Young (Allocation Failure) 404M->278M(522M) 3.383ms
[197.917s][info][gc,cpu         ] GC(369) User=0.01s Sys=0.00s Real=0.01s
[198.308s][info][gc,start       ] GC(370) Pause Young (Allocation Failure)
[198.312s][info][gc,heap        ] GC(370) PSYoungGen: 153632K(154112K)->1951K(183296K) Eden: 152064K(152064K)->0K(181248K) From: 1568K(2048K)->1951K(2048K)
[198.312s][info][gc,heap        ] GC(370) ParOldGen: 284015K(380928K)->284031K(380928K)
[198.312s][info][gc,metaspace   ] GC(370) Metaspace: 56670K(57024K)->56670K(57024K) NonClass: 48376K(48640K)->48376K(48640K) Class: 8293K(8384K)->8293K(8384K)
[198.312s][info][gc             ] GC(370) Pause Young (Allocation Failure) 427M->279M(551M) 4.195ms
[198.312s][info][gc,cpu         ] GC(370) User=0.01s Sys=0.00s Real=0.00s
[198.790s][info][gc,start       ] GC(371) Pause Young (Allocation Failure)
[198.792s][info][gc,heap        ] GC(371) PSYoungGen: 183199K(183296K)->1087K(176640K) Eden: 181248K(181248K)->0K(175104K) From: 1951K(2048K)->1087K(1536K)
[198.793s][info][gc,heap        ] GC(371) ParOldGen: 284031K(380928K)->284047K(380928K)
[198.793s][info][gc,metaspace   ] GC(371) Metaspace: 56670K(57024K)->56670K(57024K) NonClass: 48376K(48640K)->48376K(48640K) Class: 8293K(8384K)->8293K(8384K)
[198.793s][info][gc             ] GC(371) Pause Young (Allocation Failure) 456M->278M(544M) 2.454ms
[198.793s][info][gc,cpu         ] GC(371) User=0.00s Sys=0.00s Real=0.00s
[199.214s][info][gc,start       ] GC(372) Pause Young (Allocation Failure)
[199.223s][info][gc,heap        ] GC(372) PSYoungGen: 176191K(176640K)->1887K(210944K) Eden: 175104K(175104K)->0K(208896K) From: 1087K(1536K)->1887K(2048K)
[199.223s][info][gc,heap        ] GC(372) ParOldGen: 284047K(380928K)->284063K(380928K)
[199.223s][info][gc,metaspace   ] GC(372) Metaspace: 56670K(57024K)->56670K(57024K) NonClass: 48376K(48640K)->48376K(48640K) Class: 8293K(8384K)->8293K(8384K)
[199.223s][info][gc             ] GC(372) Pause Young (Allocation Failure) 449M->279M(578M) 8.635ms
[199.223s][info][gc,cpu         ] GC(372) User=0.00s Sys=0.00s Real=0.01s
[199.729s][info][gc,start       ] GC(373) Pause Young (Allocation Failure)
[199.733s][info][gc,heap        ] GC(373) PSYoungGen: 210783K(210944K)->1151K(250368K) Eden: 208896K(208896K)->0K(248832K) From: 1887K(2048K)->1151K(1536K)
[199.733s][info][gc,heap        ] GC(373) ParOldGen: 284063K(380928K)->284079K(380928K)
[199.733s][info][gc,metaspace   ] GC(373) Metaspace: 56670K(57024K)->56670K(57024K) NonClass: 48376K(48640K)->48376K(48640K) Class: 8293K(8384K)->8293K(8384K)
[199.733s][info][gc             ] GC(373) Pause Young (Allocation Failure) 483M->278M(616M) 4.234ms
[199.733s][info][gc,cpu         ] GC(373) User=0.00s Sys=0.00s Real=0.00s
[200.403s][info][gc,start       ] GC(374) Pause Young (Allocation Failure)
[200.407s][info][gc,heap        ] GC(374) PSYoungGen: 249983K(250368K)->1472K(240640K) Eden: 248832K(248832K)->0K(239104K) From: 1151K(1536K)->1472K(1536K)
[200.407s][info][gc,heap        ] GC(374) ParOldGen: 284079K(380928K)->284095K(380928K)
[200.407s][info][gc,metaspace   ] GC(374) Metaspace: 56670K(57024K)->56670K(57024K) NonClass: 48376K(48640K)->48376K(48640K) Class: 8293K(8384K)->8293K(8384K)
[200.407s][info][gc             ] GC(374) Pause Young (Allocation Failure) 521M->278M(607M) 3.883ms
[200.407s][info][gc,cpu         ] GC(374) User=0.01s Sys=0.00s Real=0.01s
[201.004s][info][gc,start       ] GC(375) Pause Young (Allocation Failure)
[201.007s][info][gc,heap        ] GC(375) PSYoungGen: 240375K(240640K)->1280K(231424K) Eden: 238903K(239104K)->0K(229888K) From: 1472K(1536K)->1280K(1536K)
[201.007s][info][gc,heap        ] GC(375) ParOldGen: 284095K(380928K)->284111K(380928K)
[201.007s][info][gc,metaspace   ] GC(375) Metaspace: 56670K(57024K)->56670K(57024K) NonClass: 48376K(48640K)->48376K(48640K) Class: 8293K(8384K)->8293K(8384K)
[201.007s][info][gc             ] GC(375) Pause Young (Allocation Failure) 512M->278M(598M) 3.069ms
[201.007s][info][gc,cpu         ] GC(375) User=0.00s Sys=0.00s Real=0.01s
[201.602s][info][gc,start       ] GC(376) Pause Young (Allocation Failure)
[201.606s][info][gc,heap        ] GC(376) PSYoungGen: 231168K(231424K)->1504K(222720K) Eden: 229888K(229888K)->0K(221184K) From: 1280K(1536K)->1504K(1536K)
[201.606s][info][gc,heap        ] GC(376) ParOldGen: 284111K(380928K)->284127K(380928K)
[201.606s][info][gc,metaspace   ] GC(376) Metaspace: 56670K(57024K)->56670K(57024K) NonClass: 48376K(48640K)->48376K(48640K) Class: 8293K(8384K)->8293K(8384K)
[201.606s][info][gc             ] GC(376) Pause Young (Allocation Failure) 503M->278M(589M) 4.135ms
[201.606s][info][gc,cpu         ] GC(376) User=0.00s Sys=0.01s Real=0.01s
[202.193s][info][gc,start       ] GC(377) Pause Young (Allocation Failure)
[202.196s][info][gc,heap        ] GC(377) PSYoungGen: 222688K(222720K)->1279K(214528K) Eden: 221184K(221184K)->0K(212992K) From: 1504K(1536K)->1279K(1536K)
[202.196s][info][gc,heap        ] GC(377) ParOldGen: 284127K(380928K)->284143K(380928K)
[202.196s][info][gc,metaspace   ] GC(377) Metaspace: 56670K(57024K)->56670K(57024K) NonClass: 48376K(48640K)->48376K(48640K) Class: 8293K(8384K)->8293K(8384K)
[202.196s][info][gc             ] GC(377) Pause Young (Allocation Failure) 494M->278M(581M) 2.883ms
[202.196s][info][gc,cpu         ] GC(377) User=0.01s Sys=0.00s Real=0.00s
[202.709s][info][gc,start       ] GC(378) Pause Young (Allocation Failure)
[202.713s][info][gc,heap        ] GC(378) PSYoungGen: 214271K(214528K)->2112K(207872K) Eden: 212992K(212992K)->0K(205312K) From: 1279K(1536K)->2112K(2560K)
[202.713s][info][gc,heap        ] GC(378) ParOldGen: 284143K(380928K)->284159K(380928K)
[202.713s][info][gc,metaspace   ] GC(378) Metaspace: 56670K(57024K)->56670K(57024K) NonClass: 48376K(48640K)->48376K(48640K) Class: 8293K(8384K)->8293K(8384K)
[202.713s][info][gc             ] GC(378) Pause Young (Allocation Failure) 486M->279M(575M) 4.225ms
[202.713s][info][gc,cpu         ] GC(378) User=0.01s Sys=0.00s Real=0.00s
[203.225s][info][gc,start       ] GC(379) Pause Young (Allocation Failure)
[203.229s][info][gc,heap        ] GC(379) PSYoungGen: 207423K(207872K)->1536K(199168K) Eden: 205311K(205312K)->0K(197632K) From: 2112K(2560K)->1536K(1536K)
[203.229s][info][gc,heap        ] GC(379) ParOldGen: 284159K(380928K)->284550K(380928K)
[203.229s][info][gc,metaspace   ] GC(379) Metaspace: 56670K(57024K)->56670K(57024K) NonClass: 48376K(48640K)->48376K(48640K) Class: 8293K(8384K)->8293K(8384K)
[203.229s][info][gc             ] GC(379) Pause Young (Allocation Failure) 480M->279M(566M) 3.844ms
[203.229s][info][gc,cpu         ] GC(379) User=0.00s Sys=0.00s Real=0.01s
[203.726s][info][gc,start       ] GC(380) Pause Young (Allocation Failure)
[203.731s][info][gc,heap        ] GC(380) PSYoungGen: 198939K(199168K)->1504K(192000K) Eden: 197403K(197632K)->0K(190464K) From: 1536K(1536K)->1504K(1536K)
[203.731s][info][gc,heap        ] GC(380) ParOldGen: 284550K(380928K)->286078K(380928K)
[203.731s][info][gc,metaspace   ] GC(380) Metaspace: 56670K(57024K)->56670K(57024K) NonClass: 48376K(48640K)->48376K(48640K) Class: 8293K(8384K)->8293K(8384K)
[203.731s][info][gc             ] GC(380) Pause Young (Allocation Failure) 472M->280M(559M) 5.197ms
[203.731s][info][gc,cpu         ] GC(380) User=0.01s Sys=0.00s Real=0.00s
[204.219s][info][gc,start       ] GC(381) Pause Young (Allocation Failure)
[204.223s][info][gc,heap        ] GC(381) PSYoungGen: 191968K(192000K)->2046K(185856K) Eden: 190464K(190464K)->0K(183808K) From: 1504K(1536K)->2046K(2048K)
[204.223s][info][gc,heap        ] GC(381) ParOldGen: 286078K(380928K)->286126K(380928K)
[204.223s][info][gc,metaspace   ] GC(381) Metaspace: 56670K(57024K)->56670K(57024K) NonClass: 48376K(48640K)->48376K(48640K) Class: 8293K(8384K)->8293K(8384K)
[204.223s][info][gc             ] GC(381) Pause Young (Allocation Failure) 466M->281M(553M) 3.745ms
[204.223s][info][gc,cpu         ] GC(381) User=0.01s Sys=0.00s Real=0.00s
[204.700s][info][gc,start       ] GC(382) Pause Young (Allocation Failure)
[204.704s][info][gc,heap        ] GC(382) PSYoungGen: 185657K(185856K)->1504K(178688K) Eden: 183610K(183808K)->0K(177152K) From: 2046K(2048K)->1504K(1536K)
[204.704s][info][gc,heap        ] GC(382) ParOldGen: 286126K(380928K)->286142K(380928K)
[204.704s][info][gc,metaspace   ] GC(382) Metaspace: 56670K(57024K)->56670K(57024K) NonClass: 48376K(48640K)->48376K(48640K) Class: 8293K(8384K)->8293K(8384K)
[204.704s][info][gc             ] GC(382) Pause Young (Allocation Failure) 460M->280M(546M) 4.008ms
[204.704s][info][gc,cpu         ] GC(382) User=0.01s Sys=0.00s Real=0.00s
[205.134s][info][gc,start       ] GC(383) Pause Young (Allocation Failure)
[205.136s][info][gc,heap        ] GC(383) PSYoungGen: 178369K(178688K)->352K(171520K) Eden: 176865K(177152K)->0K(171008K) From: 1504K(1536K)->352K(512K)
[205.136s][info][gc,heap        ] GC(383) ParOldGen: 286142K(380928K)->286158K(380928K)
[205.136s][info][gc,metaspace   ] GC(383) Metaspace: 56670K(57024K)->56670K(57024K) NonClass: 48376K(48640K)->48376K(48640K) Class: 8293K(8384K)->8293K(8384K)
[205.136s][info][gc             ] GC(383) Pause Young (Allocation Failure) 453M->279M(539M) 2.130ms
[205.136s][info][gc,cpu         ] GC(383) User=0.01s Sys=0.00s Real=0.01s
[205.601s][info][gc,start       ] GC(384) Pause Young (Allocation Failure)
[205.608s][info][gc,heap        ] GC(384) PSYoungGen: 171360K(171520K)->1887K(168448K) Eden: 171008K(171008K)->0K(165376K) From: 352K(512K)->1887K(3072K)
[205.608s][info][gc,heap        ] GC(384) ParOldGen: 286158K(380928K)->286174K(380928K)
[205.608s][info][gc,metaspace   ] GC(384) Metaspace: 56670K(57024K)->56670K(57024K) NonClass: 48376K(48640K)->48376K(48640K) Class: 8293K(8384K)->8293K(8384K)
[205.608s][info][gc             ] GC(384) Pause Young (Allocation Failure) 446M->281M(536M) 6.844ms
[205.608s][info][gc,cpu         ] GC(384) User=0.00s Sys=0.00s Real=0.01s
[206.024s][info][gc,start       ] GC(385) Pause Young (Allocation Failure)
[206.029s][info][gc,heap        ] GC(385) PSYoungGen: 167208K(168448K)->1568K(198656K) Eden: 165321K(165376K)->0K(196608K) From: 1887K(3072K)->1568K(2048K)
[206.029s][info][gc,heap        ] GC(385) ParOldGen: 286174K(380928K)->286190K(380928K)
[206.029s][info][gc,metaspace   ] GC(385) Metaspace: 56670K(57024K)->56670K(57024K) NonClass: 48376K(48640K)->48376K(48640K) Class: 8293K(8384K)->8293K(8384K)
[206.029s][info][gc             ] GC(385) Pause Young (Allocation Failure) 442M->281M(566M) 5.134ms
[206.029s][info][gc,cpu         ] GC(385) User=0.00s Sys=0.00s Real=0.01s
[206.515s][info][gc,start       ] GC(386) Pause Young (Allocation Failure)
[206.519s][info][gc,heap        ] GC(386) PSYoungGen: 198176K(198656K)->2238K(192000K) Eden: 196608K(196608K)->0K(189440K) From: 1568K(2048K)->2238K(2560K)
[206.519s][info][gc,heap        ] GC(386) ParOldGen: 286190K(380928K)->286206K(380928K)
[206.519s][info][gc,metaspace   ] GC(386) Metaspace: 56670K(57024K)->56670K(57024K) NonClass: 48376K(48640K)->48376K(48640K) Class: 8293K(8384K)->8293K(8384K)
[206.519s][info][gc             ] GC(386) Pause Young (Allocation Failure) 473M->281M(559M) 3.592ms
[206.519s][info][gc,cpu         ] GC(386) User=0.00s Sys=0.00s Real=0.01s
[207.003s][info][gc,start       ] GC(387) Pause Young (Allocation Failure)
[207.006s][info][gc,heap        ] GC(387) PSYoungGen: 191678K(192000K)->1344K(184320K) Eden: 189440K(189440K)->0K(182784K) From: 2238K(2560K)->1344K(1536K)
[207.006s][info][gc,heap        ] GC(387) ParOldGen: 286206K(380928K)->286222K(380928K)
[207.006s][info][gc,metaspace   ] GC(387) Metaspace: 56670K(57024K)->56670K(57024K) NonClass: 48376K(48640K)->48376K(48640K) Class: 8293K(8384K)->8293K(8384K)
[207.006s][info][gc             ] GC(387) Pause Young (Allocation Failure) 466M->280M(552M) 3.269ms
[207.006s][info][gc,cpu         ] GC(387) User=0.00s Sys=0.00s Real=0.01s
[207.494s][info][gc,start       ] GC(388) Pause Young (Allocation Failure)
[207.497s][info][gc,heap        ] GC(388) PSYoungGen: 184128K(184320K)->1081K(178176K) Eden: 182784K(182784K)->0K(176640K) From: 1344K(1536K)->1081K(1536K)
[207.497s][info][gc,heap        ] GC(388) ParOldGen: 286222K(380928K)->286238K(380928K)
[207.497s][info][gc,metaspace   ] GC(388) Metaspace: 56670K(57024K)->56670K(57024K) NonClass: 48376K(48640K)->48376K(48640K) Class: 8293K(8384K)->8293K(8384K)
[207.497s][info][gc             ] GC(388) Pause Young (Allocation Failure) 459M->280M(546M) 2.568ms
[207.497s][info][gc,cpu         ] GC(388) User=0.00s Sys=0.00s Real=0.01s
[207.920s][info][gc,start       ] GC(389) Pause Young (Allocation Failure)
[207.923s][info][gc,heap        ] GC(389) PSYoungGen: 177668K(178176K)->1888K(172544K) Eden: 176586K(176640K)->0K(170496K) From: 1081K(1536K)->1888K(2048K)
[207.923s][info][gc,heap        ] GC(389) ParOldGen: 286238K(380928K)->286254K(380928K)
[207.923s][info][gc,metaspace   ] GC(389) Metaspace: 56670K(57024K)->56670K(57024K) NonClass: 48376K(48640K)->48376K(48640K) Class: 8293K(8384K)->8293K(8384K)
[207.923s][info][gc             ] GC(389) Pause Young (Allocation Failure) 453M->281M(540M) 3.838ms
[207.923s][info][gc,cpu         ] GC(389) User=0.01s Sys=0.01s Real=0.00s
[208.388s][info][gc,start       ] GC(390) Pause Young (Allocation Failure)
[208.390s][info][gc,heap        ] GC(390) PSYoungGen: 172384K(172544K)->543K(165888K) Eden: 170496K(170496K)->0K(164864K) From: 1888K(2048K)->543K(1024K)
[208.390s][info][gc,heap        ] GC(390) ParOldGen: 286254K(380928K)->286270K(380928K)
[208.390s][info][gc,metaspace   ] GC(390) Metaspace: 56670K(57024K)->56670K(57024K) NonClass: 48376K(48640K)->48376K(48640K) Class: 8293K(8384K)->8293K(8384K)
[208.390s][info][gc             ] GC(390) Pause Young (Allocation Failure) 447M->280M(534M) 2.057ms
[208.390s][info][gc,cpu         ] GC(390) User=0.00s Sys=0.00s Real=0.00s
[208.866s][info][gc,start       ] GC(391) Pause Young (Allocation Failure)
[208.868s][info][gc,heap        ] GC(391) PSYoungGen: 165407K(165888K)->383K(159744K) Eden: 164864K(164864K)->0K(159232K) From: 543K(1024K)->383K(512K)
[208.868s][info][gc,heap        ] GC(391) ParOldGen: 286270K(380928K)->286286K(380928K)
[208.868s][info][gc,metaspace   ] GC(391) Metaspace: 56670K(57024K)->56670K(57024K) NonClass: 48376K(48640K)->48376K(48640K) Class: 8293K(8384K)->8293K(8384K)
[208.868s][info][gc             ] GC(391) Pause Young (Allocation Failure) 441M->279M(528M) 1.909ms
[208.868s][info][gc,cpu         ] GC(391) User=0.01s Sys=0.00s Real=0.00s
[209.207s][info][gc,start       ] GC(392) Pause Young (Allocation Failure)
[209.211s][info][gc,heap        ] GC(392) PSYoungGen: 159615K(159744K)->2622K(157184K) Eden: 159232K(159232K)->0K(154112K) From: 383K(512K)->2622K(3072K)
[209.211s][info][gc,heap        ] GC(392) ParOldGen: 286286K(380928K)->286302K(380928K)
[209.211s][info][gc,metaspace   ] GC(392) Metaspace: 56670K(57024K)->56670K(57024K) NonClass: 48376K(48640K)->48376K(48640K) Class: 8293K(8384K)->8293K(8384K)
[209.211s][info][gc             ] GC(392) Pause Young (Allocation Failure) 435M->282M(525M) 3.876ms
[209.211s][info][gc,cpu         ] GC(392) User=0.01s Sys=0.00s Real=0.00s
[209.598s][info][gc,start       ] GC(393) Pause Young (Allocation Failure)
[209.601s][info][gc,heap        ] GC(393) PSYoungGen: 156734K(157184K)->1312K(150528K) Eden: 154112K(154112K)->0K(148992K) From: 2622K(3072K)->1312K(1536K)
[209.601s][info][gc,heap        ] GC(393) ParOldGen: 286302K(380928K)->286318K(380928K)
[209.601s][info][gc,metaspace   ] GC(393) Metaspace: 56670K(57024K)->56670K(57024K) NonClass: 48376K(48640K)->48376K(48640K) Class: 8293K(8384K)->8293K(8384K)
[209.601s][info][gc             ] GC(393) Pause Young (Allocation Failure) 432M->280M(519M) 3.219ms
[209.601s][info][gc,cpu         ] GC(393) User=0.00s Sys=0.00s Real=0.00s
[210.056s][info][gc,start       ] GC(394) Pause Young (Allocation Failure)
[210.059s][info][gc,heap        ] GC(394) PSYoungGen: 150304K(150528K)->1055K(145920K) Eden: 148992K(148992K)->0K(144384K) From: 1312K(1536K)->1055K(1536K)
[210.059s][info][gc,heap        ] GC(394) ParOldGen: 286318K(380928K)->286334K(380928K)
[210.059s][info][gc,metaspace   ] GC(394) Metaspace: 56670K(57024K)->56670K(57024K) NonClass: 48376K(48640K)->48376K(48640K) Class: 8293K(8384K)->8293K(8384K)
[210.059s][info][gc             ] GC(394) Pause Young (Allocation Failure) 426M->280M(514M) 3.282ms
[210.059s][info][gc,cpu         ] GC(394) User=0.00s Sys=0.00s Real=0.00s
[210.326s][info][gc,start       ] GC(395) Pause Young (Allocation Failure)
[210.329s][info][gc,heap        ] GC(395) PSYoungGen: 145413K(145920K)->1472K(141312K) Eden: 144358K(144384K)->0K(139776K) From: 1055K(1536K)->1472K(1536K)
[210.329s][info][gc,heap        ] GC(395) ParOldGen: 286334K(380928K)->286350K(380928K)
[210.329s][info][gc,metaspace   ] GC(395) Metaspace: 56670K(57024K)->56670K(57024K) NonClass: 48376K(48640K)->48376K(48640K) Class: 8293K(8384K)->8293K(8384K)
[210.329s][info][gc             ] GC(395) Pause Young (Allocation Failure) 421M->281M(510M) 3.305ms
[210.329s][info][gc,cpu         ] GC(395) User=0.00s Sys=0.00s Real=0.00s
[210.702s][info][gc,start       ] GC(396) Pause Young (Allocation Failure)
[210.705s][info][gc,heap        ] GC(396) PSYoungGen: 141248K(141312K)->1695K(137216K) Eden: 139776K(139776K)->0K(135168K) From: 1472K(1536K)->1695K(2048K)
[210.705s][info][gc,heap        ] GC(396) ParOldGen: 286350K(380928K)->286366K(380928K)
[210.705s][info][gc,metaspace   ] GC(396) Metaspace: 56670K(57024K)->56670K(57024K) NonClass: 48376K(48640K)->48376K(48640K) Class: 8293K(8384K)->8293K(8384K)
[210.705s][info][gc             ] GC(396) Pause Young (Allocation Failure) 417M->281M(506M) 3.268ms
[210.705s][info][gc,cpu         ] GC(396) User=0.01s Sys=0.00s Real=0.00s
[211.024s][info][gc,start       ] GC(397) Pause Young (Allocation Failure)
[211.027s][info][gc,heap        ] GC(397) PSYoungGen: 136724K(137216K)->992K(132096K) Eden: 135029K(135168K)->0K(131072K) From: 1695K(2048K)->992K(1024K)
[211.027s][info][gc,heap        ] GC(397) ParOldGen: 286366K(380928K)->286382K(380928K)
[211.027s][info][gc,metaspace   ] GC(397) Metaspace: 56670K(57024K)->56670K(57024K) NonClass: 48376K(48640K)->48376K(48640K) Class: 8293K(8384K)->8293K(8384K)
[211.027s][info][gc             ] GC(397) Pause Young (Allocation Failure) 413M->280M(501M) 2.937ms
[211.027s][info][gc,cpu         ] GC(397) User=0.01s Sys=0.00s Real=0.01s
[211.397s][info][gc,start       ] GC(398) Pause Young (Allocation Failure)
[211.400s][info][gc,heap        ] GC(398) PSYoungGen: 132064K(132096K)->1535K(128512K) Eden: 131072K(131072K)->0K(126976K) From: 992K(1024K)->1535K(1536K)
[211.400s][info][gc,heap        ] GC(398) ParOldGen: 286382K(380928K)->286398K(380928K)
[211.400s][info][gc,metaspace   ] GC(398) Metaspace: 56670K(57024K)->56670K(57024K) NonClass: 48376K(48640K)->48376K(48640K) Class: 8293K(8384K)->8293K(8384K)
[211.400s][info][gc             ] GC(398) Pause Young (Allocation Failure) 408M->281M(497M) 2.904ms
[211.400s][info][gc,cpu         ] GC(398) User=0.01s Sys=0.00s Real=0.00s
[211.721s][info][gc,start       ] GC(399) Pause Young (Allocation Failure)
[211.724s][info][gc,heap        ] GC(399) PSYoungGen: 128511K(128512K)->1279K(124416K) Eden: 126976K(126976K)->0K(122880K) From: 1535K(1536K)->1279K(1536K)
[211.724s][info][gc,heap        ] GC(399) ParOldGen: 286398K(380928K)->286414K(380928K)
[211.724s][info][gc,metaspace   ] GC(399) Metaspace: 56670K(57024K)->56670K(57024K) NonClass: 48376K(48640K)->48376K(48640K) Class: 8293K(8384K)->8293K(8384K)
[211.724s][info][gc             ] GC(399) Pause Young (Allocation Failure) 405M->280M(493M) 2.786ms
[211.724s][info][gc,cpu         ] GC(399) User=0.00s Sys=0.00s Real=0.00s
[212.009s][info][gc,start       ] GC(400) Pause Young (Allocation Failure)
[212.013s][info][gc,heap        ] GC(400) PSYoungGen: 124159K(124416K)->2303K(121856K) Eden: 122880K(122880K)->0K(119296K) From: 1279K(1536K)->2303K(2560K)
[212.013s][info][gc,heap        ] GC(400) ParOldGen: 286414K(380928K)->286430K(380928K)
[212.013s][info][gc,metaspace   ] GC(400) Metaspace: 56670K(57024K)->56670K(57024K) NonClass: 48376K(48640K)->48376K(48640K) Class: 8293K(8384K)->8293K(8384K)
[212.014s][info][gc             ] GC(400) Pause Young (Allocation Failure) 400M->281M(491M) 4.009ms
[212.014s][info][gc,cpu         ] GC(400) User=0.01s Sys=0.00s Real=0.00s
[212.319s][info][gc,start       ] GC(401) Pause Young (Allocation Failure)
[212.323s][info][gc,heap        ] GC(401) PSYoungGen: 121599K(121856K)->1536K(143872K) Eden: 119296K(119296K)->0K(142336K) From: 2303K(2560K)->1536K(1536K)
[212.323s][info][gc,heap        ] GC(401) ParOldGen: 286430K(380928K)->287205K(380928K)
[212.323s][info][gc,metaspace   ] GC(401) Metaspace: 56670K(57024K)->56670K(57024K) NonClass: 48376K(48640K)->48376K(48640K) Class: 8293K(8384K)->8293K(8384K)
[212.323s][info][gc             ] GC(401) Pause Young (Allocation Failure) 398M->281M(512M) 3.905ms
[212.323s][info][gc,cpu         ] GC(401) User=0.01s Sys=0.00s Real=0.00s
[212.769s][info][gc,start       ] GC(402) Pause Young (Allocation Failure)
[212.776s][info][gc,heap        ] GC(402) PSYoungGen: 143872K(143872K)->1728K(171520K) Eden: 142336K(142336K)->0K(169472K) From: 1536K(1536K)->1728K(2048K)
[212.776s][info][gc,heap        ] GC(402) ParOldGen: 287205K(380928K)->288733K(380928K)
[212.776s][info][gc,metaspace   ] GC(402) Metaspace: 56670K(57024K)->56670K(57024K) NonClass: 48376K(48640K)->48376K(48640K) Class: 8293K(8384K)->8293K(8384K)
[212.776s][info][gc             ] GC(402) Pause Young (Allocation Failure) 420M->283M(539M) 6.983ms
[212.776s][info][gc,cpu         ] GC(402) User=0.01s Sys=0.00s Real=0.01s
[213.116s][info][gc,start       ] GC(403) Pause Young (Allocation Failure)
[213.121s][info][gc,heap        ] GC(403) PSYoungGen: 171128K(171520K)->1247K(203776K) Eden: 169400K(169472K)->0K(202240K) From: 1728K(2048K)->1247K(1536K)
[213.121s][info][gc,heap        ] GC(403) ParOldGen: 288733K(380928K)->288829K(380928K)
[213.121s][info][gc,metaspace   ] GC(403) Metaspace: 56670K(57024K)->56670K(57024K) NonClass: 48376K(48640K)->48376K(48640K) Class: 8293K(8384K)->8293K(8384K)
[213.121s][info][gc             ] GC(403) Pause Young (Allocation Failure) 449M->283M(571M) 5.065ms
[213.121s][info][gc,cpu         ] GC(403) User=0.01s Sys=0.00s Real=0.00s
[213.620s][info][gc,start       ] GC(404) Pause Young (Allocation Failure)
[213.624s][info][gc,heap        ] GC(404) PSYoungGen: 203487K(203776K)->2207K(239616K) Eden: 202240K(202240K)->0K(236544K) From: 1247K(1536K)->2207K(3072K)
[213.624s][info][gc,heap        ] GC(404) ParOldGen: 288829K(380928K)->288845K(380928K)
[213.624s][info][gc,metaspace   ] GC(404) Metaspace: 56670K(57024K)->56670K(57024K) NonClass: 48376K(48640K)->48376K(48640K) Class: 8293K(8384K)->8293K(8384K)
[213.624s][info][gc             ] GC(404) Pause Young (Allocation Failure) 480M->284M(606M) 3.917ms
[213.624s][info][gc,cpu         ] GC(404) User=0.01s Sys=0.00s Real=0.00s
[214.247s][info][gc,start       ] GC(405) Pause Young (Allocation Failure)
[214.251s][info][gc,heap        ] GC(405) PSYoungGen: 238751K(239616K)->1566K(243712K) Eden: 236544K(236544K)->0K(240640K) From: 2207K(3072K)->1566K(3072K)
[214.251s][info][gc,heap        ] GC(405) ParOldGen: 288845K(380928K)->288861K(380928K)
[214.251s][info][gc,metaspace   ] GC(405) Metaspace: 56670K(57024K)->56670K(57024K) NonClass: 48376K(48640K)->48376K(48640K) Class: 8293K(8384K)->8293K(8384K)
[214.251s][info][gc             ] GC(405) Pause Young (Allocation Failure) 515M->283M(610M) 3.514ms
[214.251s][info][gc,cpu         ] GC(405) User=0.01s Sys=0.00s Real=0.00s
[214.888s][info][gc,start       ] GC(406) Pause Young (Allocation Failure)
[214.890s][info][gc,heap        ] GC(406) PSYoungGen: 242206K(243712K)->480K(231936K) Eden: 240640K(240640K)->0K(231424K) From: 1566K(3072K)->480K(512K)
[214.890s][info][gc,heap        ] GC(406) ParOldGen: 288861K(380928K)->288877K(380928K)
[214.890s][info][gc,metaspace   ] GC(406) Metaspace: 56670K(57024K)->56670K(57024K) NonClass: 48376K(48640K)->48376K(48640K) Class: 8293K(8384K)->8293K(8384K)
[214.890s][info][gc             ] GC(406) Pause Young (Allocation Failure) 518M->282M(598M) 2.064ms
[214.890s][info][gc,cpu         ] GC(406) User=0.00s Sys=0.00s Real=0.00s
[215.547s][info][gc,start       ] GC(407) Pause Young (Allocation Failure)
[215.549s][info][gc,heap        ] GC(407) PSYoungGen: 231904K(231936K)->256K(223232K) Eden: 231424K(231424K)->0K(222720K) From: 480K(512K)->256K(512K)
[215.549s][info][gc,heap        ] GC(407) ParOldGen: 288877K(380928K)->288893K(380928K)
[215.549s][info][gc,metaspace   ] GC(407) Metaspace: 56670K(57024K)->56670K(57024K) NonClass: 48376K(48640K)->48376K(48640K) Class: 8293K(8384K)->8293K(8384K)
[215.549s][info][gc             ] GC(407) Pause Young (Allocation Failure) 508M->282M(590M) 1.882ms
[215.549s][info][gc,cpu         ] GC(407) User=0.00s Sys=0.00s Real=0.00s
[216.014s][info][gc,start       ] GC(408) Pause Young (Allocation Failure)
[216.018s][info][gc,heap        ] GC(408) PSYoungGen: 222798K(223232K)->2080K(217600K) Eden: 222542K(222720K)->0K(214528K) From: 256K(512K)->2080K(3072K)
[216.018s][info][gc,heap        ] GC(408) ParOldGen: 288893K(380928K)->288909K(380928K)
[216.018s][info][gc,metaspace   ] GC(408) Metaspace: 56670K(57024K)->56670K(57024K) NonClass: 48376K(48640K)->48376K(48640K) Class: 8293K(8384K)->8293K(8384K)
[216.018s][info][gc             ] GC(408) Pause Young (Allocation Failure) 499M->284M(584M) 4.012ms
[216.018s][info][gc,cpu         ] GC(408) User=0.00s Sys=0.00s Real=0.01s
[216.596s][info][gc,start       ] GC(409) Pause Young (Allocation Failure)
[216.599s][info][gc,heap        ] GC(409) PSYoungGen: 216608K(217600K)->1375K(208384K) Eden: 214528K(214528K)->0K(206848K) From: 2080K(3072K)->1375K(1536K)
[216.599s][info][gc,heap        ] GC(409) ParOldGen: 288909K(380928K)->288925K(380928K)
[216.599s][info][gc,metaspace   ] GC(409) Metaspace: 56670K(57024K)->56670K(57024K) NonClass: 48376K(48640K)->48376K(48640K) Class: 8293K(8384K)->8293K(8384K)
[216.599s][info][gc             ] GC(409) Pause Young (Allocation Failure) 493M->283M(575M) 2.920ms
[216.599s][info][gc,cpu         ] GC(409) User=0.01s Sys=0.01s Real=0.00s
[217.104s][info][gc,start       ] GC(410) Pause Young (Allocation Failure)
[217.107s][info][gc,heap        ] GC(410) PSYoungGen: 207906K(208384K)->3057K(202240K) Eden: 206531K(206848K)->0K(199168K) From: 1375K(1536K)->3057K(3072K)
[217.107s][info][gc,heap        ] GC(410) ParOldGen: 288925K(380928K)->291071K(380928K)
[217.107s][info][gc,metaspace   ] GC(410) Metaspace: 56670K(57024K)->56670K(57024K) NonClass: 48376K(48640K)->48376K(48640K) Class: 8293K(8384K)->8293K(8384K)
[217.107s][info][gc             ] GC(410) Pause Young (Allocation Failure) 485M->287M(569M) 3.431ms
[217.107s][info][gc,cpu         ] GC(410) User=0.01s Sys=0.00s Real=0.01s
[217.547s][info][gc,start       ] GC(411) Pause Young (Allocation Failure)
[217.549s][info][gc,heap        ] GC(411) PSYoungGen: 185407K(202240K)->64K(192512K) Eden: 182350K(199168K)->0K(192000K) From: 3057K(3072K)->64K(512K)
[217.549s][info][gc,heap        ] GC(411) ParOldGen: 291071K(380928K)->293161K(380928K)
[217.549s][info][gc,metaspace   ] GC(411) Metaspace: 56671K(57024K)->56671K(57024K) NonClass: 48377K(48640K)->48377K(48640K) Class: 8293K(8384K)->8293K(8384K)
[217.549s][info][gc             ] GC(411) Pause Young (Allocation Failure) 465M->286M(560M) 2.020ms
[217.549s][info][gc,cpu         ] GC(411) User=0.00s Sys=0.00s Real=0.00s
[220.108s][info][gc,start       ] GC(412) Pause Young (Allocation Failure)
[220.124s][info][gc,heap        ] GC(412) PSYoungGen: 192064K(192512K)->1408K(189952K) Eden: 192000K(192000K)->0K(185344K) From: 64K(512K)->1408K(4608K)
[220.124s][info][gc,heap        ] GC(412) ParOldGen: 293161K(380928K)->371310K(380928K)
[220.124s][info][gc,metaspace   ] GC(412) Metaspace: 56831K(57152K)->56831K(57152K) NonClass: 48537K(48768K)->48537K(48768K) Class: 8293K(8384K)->8293K(8384K)
[220.124s][info][gc             ] GC(412) Pause Young (Allocation Failure) 473M->363M(557M) 16.566ms
[220.124s][info][gc,cpu         ] GC(412) User=0.03s Sys=0.00s Real=0.01s
[220.697s][info][gc,start       ] GC(413) Pause Young (Allocation Failure)
[220.704s][info][gc,heap        ] GC(413) PSYoungGen: 186752K(189952K)->4090K(182784K) Eden: 185344K(185344K)->0K(178688K) From: 1408K(4608K)->4090K(4096K)
[220.704s][info][gc,heap        ] GC(413) ParOldGen: 371310K(380928K)->382166K(382464K)
[220.704s][info][gc,metaspace   ] GC(413) Metaspace: 56870K(57152K)->56870K(57152K) NonClass: 48576K(48768K)->48576K(48768K) Class: 8293K(8384K)->8293K(8384K)
[220.704s][info][gc             ] GC(413) Pause Young (Allocation Failure) 544M->377M(552M) 7.393ms
[220.704s][info][gc,cpu         ] GC(413) User=0.02s Sys=0.00s Real=0.00s
[221.123s][info][gc,start       ] GC(414) Pause Young (Allocation Failure)
[221.131s][info][gc,heap        ] GC(414) PSYoungGen: 182778K(182784K)->2623K(215552K) Eden: 178688K(178688K)->0K(212480K) From: 4090K(4096K)->2623K(3072K)
[221.132s][info][gc,heap        ] GC(414) ParOldGen: 382166K(382464K)->386257K(386560K)
[221.132s][info][gc,metaspace   ] GC(414) Metaspace: 56870K(57152K)->56870K(57152K) NonClass: 48576K(48768K)->48576K(48768K) Class: 8293K(8384K)->8293K(8384K)
[221.132s][info][gc             ] GC(414) Pause Young (Allocation Failure) 551M->379M(588M) 8.530ms
[221.132s][info][gc,cpu         ] GC(414) User=0.01s Sys=0.01s Real=0.01s
[221.695s][info][gc,start       ] GC(415) Pause Young (Allocation Failure)
[221.699s][info][gc,heap        ] GC(415) PSYoungGen: 215103K(215552K)->1726K(206848K) Eden: 212480K(212480K)->0K(204800K) From: 2623K(3072K)->1726K(2048K)
[221.699s][info][gc,heap        ] GC(415) ParOldGen: 386257K(386560K)->386601K(387072K)
[221.699s][info][gc,metaspace   ] GC(415) Metaspace: 56870K(57152K)->56870K(57152K) NonClass: 48576K(48768K)->48576K(48768K) Class: 8293K(8384K)->8293K(8384K)
[221.699s][info][gc             ] GC(415) Pause Young (Allocation Failure) 587M->379M(580M) 3.869ms
[221.699s][info][gc,cpu         ] GC(415) User=0.00s Sys=0.00s Real=0.01s
[222.200s][info][gc,start       ] GC(416) Pause Young (Allocation Failure)
[222.204s][info][gc,heap        ] GC(416) PSYoungGen: 206526K(206848K)->1951K(199680K) Eden: 204800K(204800K)->0K(197632K) From: 1726K(2048K)->1951K(2048K)
[222.204s][info][gc,heap        ] GC(416) ParOldGen: 386601K(387072K)->386617K(387072K)
[222.204s][info][gc,metaspace   ] GC(416) Metaspace: 56870K(57152K)->56870K(57152K) NonClass: 48576K(48768K)->48576K(48768K) Class: 8293K(8384K)->8293K(8384K)
[222.204s][info][gc             ] GC(416) Pause Young (Allocation Failure) 579M->379M(573M) 3.834ms
[222.204s][info][gc,cpu         ] GC(416) User=0.01s Sys=0.00s Real=0.00s
[222.709s][info][gc,start       ] GC(417) Pause Young (Allocation Failure)
[222.713s][info][gc,heap        ] GC(417) PSYoungGen: 199583K(199680K)->1632K(192512K) Eden: 197632K(197632K)->0K(190464K) From: 1951K(2048K)->1632K(2048K)
[222.713s][info][gc,heap        ] GC(417) ParOldGen: 386617K(387072K)->386633K(387072K)
[222.713s][info][gc,metaspace   ] GC(417) Metaspace: 56870K(57152K)->56870K(57152K) NonClass: 48576K(48768K)->48576K(48768K) Class: 8293K(8384K)->8293K(8384K)
[222.713s][info][gc             ] GC(417) Pause Young (Allocation Failure) 572M->379M(566M) 4.135ms
[222.713s][info][gc,cpu         ] GC(417) User=0.01s Sys=0.00s Real=0.00s
[223.200s][info][gc,start       ] GC(418) Pause Young (Allocation Failure)
[223.204s][info][gc,heap        ] GC(418) PSYoungGen: 192096K(192512K)->1663K(185856K) Eden: 190464K(190464K)->0K(183808K) From: 1632K(2048K)->1663K(2048K)
[223.204s][info][gc,heap        ] GC(418) ParOldGen: 386633K(387072K)->386649K(387072K)
[223.204s][info][gc,metaspace   ] GC(418) Metaspace: 56870K(57152K)->56870K(57152K) NonClass: 48576K(48768K)->48576K(48768K) Class: 8293K(8384K)->8293K(8384K)
[223.204s][info][gc             ] GC(418) Pause Young (Allocation Failure) 565M->379M(559M) 3.449ms
[223.204s][info][gc,cpu         ] GC(418) User=0.00s Sys=0.00s Real=0.00s
[223.691s][info][gc,start       ] GC(419) Pause Young (Allocation Failure)
[223.694s][info][gc,heap        ] GC(419) PSYoungGen: 185276K(185856K)->608K(178176K) Eden: 183613K(183808K)->0K(177152K) From: 1663K(2048K)->608K(1024K)
[223.694s][info][gc,heap        ] GC(419) ParOldGen: 386649K(387072K)->386665K(387072K)
[223.694s][info][gc,metaspace   ] GC(419) Metaspace: 56870K(57152K)->56870K(57152K) NonClass: 48576K(48768K)->48576K(48768K) Class: 8293K(8384K)->8293K(8384K)
[223.694s][info][gc             ] GC(419) Pause Young (Allocation Failure) 558M->378M(552M) 2.805ms
[223.694s][info][gc,cpu         ] GC(419) User=0.00s Sys=0.00s Real=0.00s
[224.120s][info][gc,start       ] GC(420) Pause Young (Allocation Failure)
[224.124s][info][gc,heap        ] GC(420) PSYoungGen: 177562K(178176K)->2176K(178176K) Eden: 176954K(177152K)->0K(171008K) From: 608K(1024K)->2176K(7168K)
[224.124s][info][gc,heap        ] GC(420) ParOldGen: 386665K(387072K)->386681K(387072K)
[224.124s][info][gc,metaspace   ] GC(420) Metaspace: 56870K(57152K)->56870K(57152K) NonClass: 48576K(48768K)->48576K(48768K) Class: 8293K(8384K)->8293K(8384K)
[224.124s][info][gc             ] GC(420) Pause Young (Allocation Failure) 551M->379M(552M) 4.527ms
[224.124s][info][gc,cpu         ] GC(420) User=0.00s Sys=0.00s Real=0.00s
[224.589s][info][gc,start       ] GC(421) Pause Young (Allocation Failure)
[224.592s][info][gc,heap        ] GC(421) PSYoungGen: 173184K(178176K)->703K(166400K) Eden: 171008K(171008K)->0K(165376K) From: 2176K(7168K)->703K(1024K)
[224.592s][info][gc,heap        ] GC(421) ParOldGen: 386681K(387072K)->386697K(387072K)
[224.592s][info][gc,metaspace   ] GC(421) Metaspace: 56870K(57152K)->56870K(57152K) NonClass: 48576K(48768K)->48576K(48768K) Class: 8293K(8384K)->8293K(8384K)
[224.592s][info][gc             ] GC(421) Pause Young (Allocation Failure) 546M->378M(540M) 2.749ms
[224.592s][info][gc,cpu         ] GC(421) User=0.00s Sys=0.00s Real=0.00s
[225.049s][info][gc,start       ] GC(422) Pause Young (Allocation Failure)
[225.052s][info][gc,heap        ] GC(422) PSYoungGen: 166079K(166400K)->928K(166400K) Eden: 165376K(165376K)->0K(159744K) From: 703K(1024K)->928K(6656K)
[225.052s][info][gc,heap        ] GC(422) ParOldGen: 386697K(387072K)->386713K(387072K)
[225.052s][info][gc,metaspace   ] GC(422) Metaspace: 56870K(57152K)->56870K(57152K) NonClass: 48576K(48768K)->48576K(48768K) Class: 8293K(8384K)->8293K(8384K)
[225.052s][info][gc             ] GC(422) Pause Young (Allocation Failure) 539M->378M(540M) 2.825ms
[225.052s][info][gc,cpu         ] GC(422) User=0.01s Sys=0.00s Real=0.00s
[225.405s][info][gc,start       ] GC(423) Pause Young (Allocation Failure)
[225.409s][info][gc,heap        ] GC(423) PSYoungGen: 160672K(166400K)->2239K(157184K) Eden: 159744K(159744K)->0K(154624K) From: 928K(6656K)->2239K(2560K)
[225.409s][info][gc,heap        ] GC(423) ParOldGen: 386713K(387072K)->386729K(387072K)
[225.409s][info][gc,metaspace   ] GC(423) Metaspace: 56870K(57152K)->56870K(57152K) NonClass: 48576K(48768K)->48576K(48768K) Class: 8293K(8384K)->8293K(8384K)
[225.409s][info][gc             ] GC(423) Pause Young (Allocation Failure) 534M->379M(531M) 4.313ms
[225.409s][info][gc,cpu         ] GC(423) User=0.01s Sys=0.00s Real=0.01s
[225.805s][info][gc,start       ] GC(424) Pause Young (Allocation Failure)
[225.808s][info][gc,heap        ] GC(424) PSYoungGen: 156863K(157184K)->1632K(151552K) Eden: 154624K(154624K)->0K(149504K) From: 2239K(2560K)->1632K(2048K)
[225.808s][info][gc,heap        ] GC(424) ParOldGen: 386729K(387072K)->386745K(387072K)
[225.808s][info][gc,metaspace   ] GC(424) Metaspace: 56870K(57152K)->56870K(57152K) NonClass: 48576K(48768K)->48576K(48768K) Class: 8293K(8384K)->8293K(8384K)
[225.808s][info][gc             ] GC(424) Pause Young (Allocation Failure) 530M->379M(526M) 3.859ms
[225.808s][info][gc,cpu         ] GC(424) User=0.01s Sys=0.00s Real=0.01s
[226.199s][info][gc,start       ] GC(425) Pause Young (Allocation Failure)
[226.203s][info][gc,heap        ] GC(425) PSYoungGen: 150831K(151552K)->1152K(146432K) Eden: 149199K(149504K)->0K(144896K) From: 1632K(2048K)->1152K(1536K)
[226.203s][info][gc,heap        ] GC(425) ParOldGen: 386745K(387072K)->386761K(387072K)
[226.203s][info][gc,metaspace   ] GC(425) Metaspace: 56870K(57152K)->56870K(57152K) NonClass: 48576K(48768K)->48576K(48768K) Class: 8293K(8384K)->8293K(8384K)
[226.203s][info][gc             ] GC(425) Pause Young (Allocation Failure) 524M->378M(521M) 3.341ms
[226.203s][info][gc,cpu         ] GC(425) User=0.01s Sys=0.01s Real=0.00s
[226.537s][info][gc,start       ] GC(426) Pause Young (Allocation Failure)
[226.540s][info][gc,heap        ] GC(426) PSYoungGen: 146048K(146432K)->576K(141312K) Eden: 144896K(144896K)->0K(140288K) From: 1152K(1536K)->576K(1024K)
[226.540s][info][gc,heap        ] GC(426) ParOldGen: 386761K(387072K)->386777K(387072K)
[226.540s][info][gc,metaspace   ] GC(426) Metaspace: 56870K(57152K)->56870K(57152K) NonClass: 48576K(48768K)->48576K(48768K) Class: 8293K(8384K)->8293K(8384K)
[226.540s][info][gc             ] GC(426) Pause Young (Allocation Failure) 520M->378M(516M) 2.388ms
[226.540s][info][gc,cpu         ] GC(426) User=0.00s Sys=0.00s Real=0.00s
[226.913s][info][gc,start       ] GC(427) Pause Young (Allocation Failure)
[226.917s][info][gc,heap        ] GC(427) PSYoungGen: 140864K(141312K)->1952K(137728K) Eden: 140288K(140288K)->0K(135680K) From: 576K(1024K)->1952K(2048K)
[226.917s][info][gc,heap        ] GC(427) ParOldGen: 386777K(387072K)->386793K(387072K)
[226.917s][info][gc,metaspace   ] GC(427) Metaspace: 56870K(57152K)->56870K(57152K) NonClass: 48576K(48768K)->48576K(48768K) Class: 8293K(8384K)->8293K(8384K)
[226.917s][info][gc             ] GC(427) Pause Young (Allocation Failure) 515M->379M(512M) 4.267ms
[226.917s][info][gc,cpu         ] GC(427) User=0.01s Sys=0.00s Real=0.01s
[227.286s][info][gc,start       ] GC(428) Pause Young (Allocation Failure)
[227.288s][info][gc,heap        ] GC(428) PSYoungGen: 137420K(137728K)->224K(132096K) Eden: 135468K(135680K)->0K(131584K) From: 1952K(2048K)->224K(512K)
[227.288s][info][gc,heap        ] GC(428) ParOldGen: 386793K(387072K)->386809K(387072K)
[227.288s][info][gc,metaspace   ] GC(428) Metaspace: 56870K(57152K)->56870K(57152K) NonClass: 48576K(48768K)->48576K(48768K) Class: 8293K(8384K)->8293K(8384K)
[227.288s][info][gc             ] GC(428) Pause Young (Allocation Failure) 511M->377M(507M) 1.870ms
[227.288s][info][gc,cpu         ] GC(428) User=0.00s Sys=0.00s Real=0.00s
[227.606s][info][gc,start       ] GC(429) Pause Young (Allocation Failure)
[227.610s][info][gc,heap        ] GC(429) PSYoungGen: 131808K(132096K)->2047K(129536K) Eden: 131584K(131584K)->0K(127488K) From: 224K(512K)->2047K(2048K)
[227.610s][info][gc,heap        ] GC(429) ParOldGen: 386809K(387072K)->386825K(387072K)
[227.610s][info][gc,metaspace   ] GC(429) Metaspace: 56870K(57152K)->56870K(57152K) NonClass: 48576K(48768K)->48576K(48768K) Class: 8293K(8384K)->8293K(8384K)
[227.610s][info][gc             ] GC(429) Pause Young (Allocation Failure) 506M->379M(504M) 3.985ms
[227.610s][info][gc,cpu         ] GC(429) User=0.00s Sys=0.00s Real=0.00s
[227.928s][info][gc,start       ] GC(430) Pause Young (Allocation Failure)
[227.931s][info][gc,heap        ] GC(430) PSYoungGen: 129535K(129536K)->1503K(124928K) Eden: 127488K(127488K)->0K(123392K) From: 2047K(2048K)->1503K(1536K)
[227.931s][info][gc,heap        ] GC(430) ParOldGen: 386825K(387072K)->386841K(387072K)
[227.931s][info][gc,metaspace   ] GC(430) Metaspace: 56870K(57152K)->56870K(57152K) NonClass: 48576K(48768K)->48576K(48768K) Class: 8293K(8384K)->8293K(8384K)
[227.931s][info][gc             ] GC(430) Pause Young (Allocation Failure) 504M->379M(500M) 3.328ms
[227.931s][info][gc,cpu         ] GC(430) User=0.01s Sys=0.00s Real=0.00s
[228.219s][info][gc,start       ] GC(431) Pause Young (Allocation Failure)
[228.223s][info][gc,heap        ] GC(431) PSYoungGen: 124663K(124928K)->1952K(148992K) Eden: 123160K(123392K)->0K(146944K) From: 1503K(1536K)->1952K(2048K)
[228.223s][info][gc,heap        ] GC(431) ParOldGen: 386841K(387072K)->386857K(387072K)
[228.223s][info][gc,metaspace   ] GC(431) Metaspace: 56870K(57152K)->56870K(57152K) NonClass: 48576K(48768K)->48576K(48768K) Class: 8293K(8384K)->8293K(8384K)
[228.224s][info][gc             ] GC(431) Pause Young (Allocation Failure) 499M->379M(523M) 4.439ms
[228.224s][info][gc,cpu         ] GC(431) User=0.01s Sys=0.00s Real=0.00s
[228.609s][info][gc,start       ] GC(432) Pause Young (Allocation Failure)
[228.613s][info][gc,heap        ] GC(432) PSYoungGen: 148896K(148992K)->1951K(179200K) Eden: 146944K(146944K)->0K(174592K) From: 1952K(2048K)->1951K(4608K)
[228.613s][info][gc,heap        ] GC(432) ParOldGen: 386857K(387072K)->386873K(387072K)
[228.613s][info][gc,metaspace   ] GC(432) Metaspace: 56870K(57152K)->56870K(57152K) NonClass: 48576K(48768K)->48576K(48768K) Class: 8293K(8384K)->8293K(8384K)
[228.613s][info][gc             ] GC(432) Pause Young (Allocation Failure) 523M->379M(553M) 3.828ms
[228.613s][info][gc,cpu         ] GC(432) User=0.00s Sys=0.00s Real=0.00s
[229.133s][info][gc,start       ] GC(433) Pause Young (Allocation Failure)
[229.135s][info][gc,heap        ] GC(433) PSYoungGen: 176504K(179200K)->384K(168960K) Eden: 174553K(174592K)->0K(168448K) From: 1951K(4608K)->384K(512K)
[229.135s][info][gc,heap        ] GC(433) ParOldGen: 386873K(387072K)->386889K(387072K)
[229.135s][info][gc,metaspace   ] GC(433) Metaspace: 56870K(57152K)->56870K(57152K) NonClass: 48576K(48768K)->48576K(48768K) Class: 8293K(8384K)->8293K(8384K)
[229.135s][info][gc             ] GC(433) Pause Young (Allocation Failure) 550M->378M(543M) 2.355ms
[229.135s][info][gc,cpu         ] GC(433) User=0.01s Sys=0.00s Real=0.00s
[229.499s][info][gc,start       ] GC(434) Pause Young (Allocation Failure)
[229.502s][info][gc,heap        ] GC(434) PSYoungGen: 168832K(168960K)->1631K(166912K) Eden: 168448K(168448K)->0K(162816K) From: 384K(512K)->1631K(4096K)
[229.502s][info][gc,heap        ] GC(434) ParOldGen: 386889K(387072K)->386905K(387072K)
[229.502s][info][gc,metaspace   ] GC(434) Metaspace: 56870K(57152K)->56870K(57152K) NonClass: 48576K(48768K)->48576K(48768K) Class: 8293K(8384K)->8293K(8384K)
[229.502s][info][gc             ] GC(434) Pause Young (Allocation Failure) 542M->379M(541M) 3.283ms
[229.502s][info][gc,cpu         ] GC(434) User=0.01s Sys=0.00s Real=0.00s
[229.909s][info][gc,start       ] GC(435) Pause Young (Allocation Failure)
[229.913s][info][gc,heap        ] GC(435) PSYoungGen: 164447K(166912K)->2207K(159744K) Eden: 162816K(162816K)->0K(157184K) From: 1631K(4096K)->2207K(2560K)
[229.913s][info][gc,heap        ] GC(435) ParOldGen: 386905K(387072K)->386921K(387072K)
[229.913s][info][gc,metaspace   ] GC(435) Metaspace: 56870K(57152K)->56870K(57152K) NonClass: 48576K(48768K)->48576K(48768K) Class: 8293K(8384K)->8293K(8384K)
[229.913s][info][gc             ] GC(435) Pause Young (Allocation Failure) 538M->380M(534M) 4.263ms
[229.913s][info][gc,cpu         ] GC(435) User=0.01s Sys=0.00s Real=0.00s
[230.312s][info][gc,start       ] GC(436) Pause Young (Allocation Failure)
[230.317s][info][gc,heap        ] GC(436) PSYoungGen: 159391K(159744K)->2463K(154624K) Eden: 157184K(157184K)->0K(152064K) From: 2207K(2560K)->2463K(2560K)
[230.317s][info][gc,heap        ] GC(436) ParOldGen: 386921K(387072K)->386937K(387072K)
[230.317s][info][gc,metaspace   ] GC(436) Metaspace: 56870K(57152K)->56870K(57152K) NonClass: 48576K(48768K)->48576K(48768K) Class: 8293K(8384K)->8293K(8384K)
[230.317s][info][gc             ] GC(436) Pause Young (Allocation Failure) 533M->380M(529M) 4.502ms
[230.317s][info][gc,cpu         ] GC(436) User=0.00s Sys=0.00s Real=0.01s
[230.707s][info][gc,start       ] GC(437) Pause Young (Allocation Failure)
[230.711s][info][gc,heap        ] GC(437) PSYoungGen: 154527K(154624K)->2143K(149504K) Eden: 152064K(152064K)->0K(146944K) From: 2463K(2560K)->2143K(2560K)
[230.711s][info][gc,heap        ] GC(437) ParOldGen: 386937K(387072K)->386953K(387072K)
[230.711s][info][gc,metaspace   ] GC(437) Metaspace: 56870K(57152K)->56870K(57152K) NonClass: 48576K(48768K)->48576K(48768K) Class: 8293K(8384K)->8293K(8384K)
[230.711s][info][gc             ] GC(437) Pause Young (Allocation Failure) 528M->379M(524M) 4.082ms
[230.711s][info][gc,cpu         ] GC(437) User=0.01s Sys=0.00s Real=0.00s
[231.097s][info][gc,start       ] GC(438) Pause Young (Allocation Failure)
[231.100s][info][gc,heap        ] GC(438) PSYoungGen: 149087K(149504K)->1120K(143872K) Eden: 146944K(146944K)->0K(142336K) From: 2143K(2560K)->1120K(1536K)
[231.100s][info][gc,heap        ] GC(438) ParOldGen: 386953K(387072K)->386969K(387072K)
[231.100s][info][gc,metaspace   ] GC(438) Metaspace: 56870K(57152K)->56870K(57152K) NonClass: 48576K(48768K)->48576K(48768K) Class: 8293K(8384K)->8293K(8384K)
[231.100s][info][gc             ] GC(438) Pause Young (Allocation Failure) 523M->378M(518M) 3.197ms
[231.100s][info][gc,cpu         ] GC(438) User=0.01s Sys=0.01s Real=0.00s
[231.430s][info][gc,start       ] GC(439) Pause Young (Allocation Failure)
[231.433s][info][gc,heap        ] GC(439) PSYoungGen: 143456K(143872K)->1023K(138752K) Eden: 142336K(142336K)->0K(137728K) From: 1120K(1536K)->1023K(1024K)
[231.433s][info][gc,heap        ] GC(439) ParOldGen: 386969K(387072K)->386985K(387072K)
[231.433s][info][gc,metaspace   ] GC(439) Metaspace: 56870K(57152K)->56870K(57152K) NonClass: 48576K(48768K)->48576K(48768K) Class: 8293K(8384K)->8293K(8384K)
[231.433s][info][gc             ] GC(439) Pause Young (Allocation Failure) 517M->378M(513M) 2.699ms
[231.433s][info][gc,cpu         ] GC(439) User=0.00s Sys=0.00s Real=0.00s
[231.821s][info][gc,start       ] GC(440) Pause Young (Allocation Failure)
[231.837s][info][gc,heap        ] GC(440) PSYoungGen: 138751K(138752K)->2751K(165888K) Eden: 137728K(137728K)->0K(161792K) From: 1023K(1024K)->2751K(4096K)
[231.837s][info][gc,heap        ] GC(440) ParOldGen: 386985K(387072K)->387001K(387072K)
[231.837s][info][gc,metaspace   ] GC(440) Metaspace: 56870K(57152K)->56870K(57152K) NonClass: 48576K(48768K)->48576K(48768K) Class: 8293K(8384K)->8293K(8384K)
[231.837s][info][gc             ] GC(440) Pause Young (Allocation Failure) 513M->380M(540M) 16.307ms
[231.837s][info][gc,cpu         ] GC(440) User=0.02s Sys=0.01s Real=0.02s
[232.210s][info][gc,start       ] GC(441) Pause Young (Allocation Failure)
[232.214s][info][gc,heap        ] GC(441) PSYoungGen: 164543K(165888K)->1600K(168448K) Eden: 161792K(161792K)->0K(164352K) From: 2751K(4096K)->1600K(4096K)
[232.214s][info][gc,heap        ] GC(441) ParOldGen: 387001K(387072K)->387017K(387072K)
[232.214s][info][gc,metaspace   ] GC(441) Metaspace: 56870K(57152K)->56870K(57152K) NonClass: 48576K(48768K)->48576K(48768K) Class: 8293K(8384K)->8293K(8384K)
[232.214s][info][gc             ] GC(441) Pause Young (Allocation Failure) 538M->379M(542M) 3.792ms
[232.214s][info][gc,cpu         ] GC(441) User=0.01s Sys=0.00s Real=0.00s
[232.624s][info][gc,start       ] GC(442) Pause Young (Allocation Failure)
[232.627s][info][gc,heap        ] GC(442) PSYoungGen: 165655K(168448K)->1280K(168448K) Eden: 164055K(164352K)->0K(164352K) From: 1600K(4096K)->1280K(4096K)
[232.627s][info][gc,heap        ] GC(442) ParOldGen: 387017K(387072K)->387033K(387072K)
[232.627s][info][gc,metaspace   ] GC(442) Metaspace: 56870K(57152K)->56870K(57152K) NonClass: 48576K(48768K)->48576K(48768K) Class: 8293K(8384K)->8293K(8384K)
[232.627s][info][gc             ] GC(442) Pause Young (Allocation Failure) 539M->379M(542M) 3.300ms
[232.627s][info][gc,cpu         ] GC(442) User=0.01s Sys=0.00s Real=0.01s
[233.086s][info][gc,start       ] GC(443) Pause Young (Allocation Failure)
[233.087s][info][gc,heap        ] GC(443) PSYoungGen: 165632K(168448K)->296K(199168K) Eden: 164352K(164352K)->0K(195584K) From: 1280K(4096K)->296K(3584K)
[233.087s][info][gc,heap        ] GC(443) ParOldGen: 387033K(387072K)->387049K(387072K)
[233.087s][info][gc,metaspace   ] GC(443) Metaspace: 56870K(57152K)->56870K(57152K) NonClass: 48576K(48768K)->48576K(48768K) Class: 8293K(8384K)->8293K(8384K)
[233.087s][info][gc             ] GC(443) Pause Young (Allocation Failure) 539M->378M(572M) 1.908ms
[233.087s][info][gc,cpu         ] GC(443) User=0.00s Sys=0.00s Real=0.01s
[233.548s][info][gc,start       ] GC(444) Pause Young (Allocation Failure)
[233.551s][info][gc,heap        ] GC(444) PSYoungGen: 195880K(199168K)->1246K(199680K) Eden: 195584K(195584K)->0K(195584K) From: 296K(3584K)->1246K(4096K)
[233.551s][info][gc,heap        ] GC(444) ParOldGen: 387049K(387072K)->387065K(387072K)
[233.551s][info][gc,metaspace   ] GC(444) Metaspace: 56870K(57152K)->56870K(57152K) NonClass: 48576K(48768K)->48576K(48768K) Class: 8293K(8384K)->8293K(8384K)
[233.551s][info][gc             ] GC(444) Pause Young (Allocation Failure) 569M->379M(573M) 3.140ms
[233.551s][info][gc,cpu         ] GC(444) User=0.00s Sys=0.00s Real=0.00s
[234.039s][info][gc,start       ] GC(445) Pause Young (Allocation Failure)
[234.042s][info][gc,heap        ] GC(445) PSYoungGen: 196830K(199680K)->1118K(189952K) Eden: 195584K(195584K)->0K(188416K) From: 1246K(4096K)->1118K(1536K)
[234.042s][info][gc,heap        ] GC(445) ParOldGen: 387065K(387072K)->387081K(387584K)
[234.042s][info][gc,metaspace   ] GC(445) Metaspace: 56870K(57152K)->56870K(57152K) NonClass: 48576K(48768K)->48576K(48768K) Class: 8293K(8384K)->8293K(8384K)
[234.042s][info][gc             ] GC(445) Pause Young (Allocation Failure) 570M->379M(564M) 2.964ms
[234.042s][info][gc,cpu         ] GC(445) User=0.01s Sys=0.00s Real=0.00s
[234.523s][info][gc,start       ] GC(446) Pause Young (Allocation Failure)
[234.528s][info][gc,heap        ] GC(446) PSYoungGen: 189534K(189952K)->2271K(184320K) Eden: 188416K(188416K)->0K(181760K) From: 1118K(1536K)->2271K(2560K)
[234.528s][info][gc,heap        ] GC(446) ParOldGen: 387081K(387584K)->387097K(387584K)
[234.528s][info][gc,metaspace   ] GC(446) Metaspace: 56870K(57152K)->56870K(57152K) NonClass: 48576K(48768K)->48576K(48768K) Class: 8293K(8384K)->8293K(8384K)
[234.528s][info][gc             ] GC(446) Pause Young (Allocation Failure) 563M->380M(558M) 5.125ms
[234.528s][info][gc,cpu         ] GC(446) User=0.01s Sys=0.01s Real=0.01s
[235.004s][info][gc,start       ] GC(447) Pause Young (Allocation Failure)
[235.008s][info][gc,heap        ] GC(447) PSYoungGen: 184031K(184320K)->1694K(177664K) Eden: 181760K(181760K)->0K(175616K) From: 2271K(2560K)->1694K(2048K)
[235.008s][info][gc,heap        ] GC(447) ParOldGen: 387097K(387584K)->387113K(387584K)
[235.008s][info][gc,metaspace   ] GC(447) Metaspace: 56870K(57152K)->56870K(57152K) NonClass: 48576K(48768K)->48576K(48768K) Class: 8293K(8384K)->8293K(8384K)
[235.008s][info][gc             ] GC(447) Pause Young (Allocation Failure) 557M->379M(552M) 3.796ms
[235.008s][info][gc,cpu         ] GC(447) User=0.00s Sys=0.00s Real=0.01s
[235.430s][info][gc,start       ] GC(448) Pause Young (Allocation Failure)
[235.434s][info][gc,heap        ] GC(448) PSYoungGen: 176994K(177664K)->1216K(171008K) Eden: 175299K(175616K)->0K(169472K) From: 1694K(2048K)->1216K(1536K)
[235.434s][info][gc,heap        ] GC(448) ParOldGen: 387113K(387584K)->387129K(387584K)
[235.434s][info][gc,metaspace   ] GC(448) Metaspace: 56870K(57152K)->56870K(57152K) NonClass: 48576K(48768K)->48576K(48768K) Class: 8293K(8384K)->8293K(8384K)
[235.434s][info][gc             ] GC(448) Pause Young (Allocation Failure) 550M->379M(545M) 3.623ms
[235.434s][info][gc,cpu         ] GC(448) User=0.01s Sys=0.00s Real=0.00s
[235.895s][info][gc,start       ] GC(449) Pause Young (Allocation Failure)
[235.899s][info][gc,heap        ] GC(449) PSYoungGen: 170688K(171008K)->1375K(165376K) Eden: 169472K(169472K)->0K(163840K) From: 1216K(1536K)->1375K(1536K)
[235.899s][info][gc,heap        ] GC(449) ParOldGen: 387129K(387584K)->387145K(387584K)
[235.899s][info][gc,metaspace   ] GC(449) Metaspace: 56870K(57152K)->56870K(57152K) NonClass: 48576K(48768K)->48576K(48768K) Class: 8293K(8384K)->8293K(8384K)
[235.899s][info][gc             ] GC(449) Pause Young (Allocation Failure) 544M->379M(540M) 3.928ms
[235.899s][info][gc,cpu         ] GC(449) User=0.01s Sys=0.00s Real=0.01s
[236.303s][info][gc,start       ] GC(450) Pause Young (Allocation Failure)
[236.307s][info][gc,heap        ] GC(450) PSYoungGen: 165215K(165376K)->1536K(159744K) Eden: 163840K(163840K)->0K(158208K) From: 1375K(1536K)->1536K(1536K)
[236.307s][info][gc,heap        ] GC(450) ParOldGen: 387145K(387584K)->387161K(387584K)
[236.307s][info][gc,metaspace   ] GC(450) Metaspace: 56870K(57152K)->56870K(57152K) NonClass: 48576K(48768K)->48576K(48768K) Class: 8293K(8384K)->8293K(8384K)
[236.307s][info][gc             ] GC(450) Pause Young (Allocation Failure) 539M->379M(534M) 4.373ms
[236.307s][info][gc,cpu         ] GC(450) User=0.01s Sys=0.01s Real=0.01s
[236.714s][info][gc,start       ] GC(451) Pause Young (Allocation Failure)
[236.718s][info][gc,heap        ] GC(451) PSYoungGen: 159744K(159744K)->1184K(154624K) Eden: 158208K(158208K)->0K(153088K) From: 1536K(1536K)->1184K(1536K)
[236.718s][info][gc,heap        ] GC(451) ParOldGen: 387161K(387584K)->387177K(387584K)
[236.718s][info][gc,metaspace   ] GC(451) Metaspace: 56870K(57152K)->56870K(57152K) NonClass: 48576K(48768K)->48576K(48768K) Class: 8293K(8384K)->8293K(8384K)
[236.718s][info][gc             ] GC(451) Pause Young (Allocation Failure) 534M->379M(529M) 3.379ms
[236.718s][info][gc,cpu         ] GC(451) User=0.01s Sys=0.00s Real=0.01s
[237.101s][info][gc,start       ] GC(452) Pause Young (Allocation Failure)
[237.105s][info][gc,heap        ] GC(452) PSYoungGen: 153972K(154624K)->1248K(149504K) Eden: 152788K(153088K)->0K(147968K) From: 1184K(1536K)->1248K(1536K)
[237.105s][info][gc,heap        ] GC(452) ParOldGen: 387177K(387584K)->387193K(387584K)
[237.105s][info][gc,metaspace   ] GC(452) Metaspace: 56870K(57152K)->56870K(57152K) NonClass: 48576K(48768K)->48576K(48768K) Class: 8293K(8384K)->8293K(8384K)
[237.105s][info][gc             ] GC(452) Pause Young (Allocation Failure) 528M->379M(524M) 3.693ms
[237.105s][info][gc,cpu         ] GC(452) User=0.00s Sys=0.00s Real=0.00s
[237.492s][info][gc,start       ] GC(453) Pause Young (Allocation Failure)
[237.495s][info][gc,heap        ] GC(453) PSYoungGen: 149216K(149504K)->736K(144384K) Eden: 147968K(147968K)->0K(143360K) From: 1248K(1536K)->736K(1024K)
[237.495s][info][gc,heap        ] GC(453) ParOldGen: 387193K(387584K)->387209K(387584K)
[237.495s][info][gc,metaspace   ] GC(453) Metaspace: 56870K(57152K)->56870K(57152K) NonClass: 48576K(48768K)->48576K(48768K) Class: 8293K(8384K)->8293K(8384K)
[237.495s][info][gc             ] GC(453) Pause Young (Allocation Failure) 523M->378M(519M) 2.676ms
[237.495s][info][gc,cpu         ] GC(453) User=0.01s Sys=0.00s Real=0.00s
[237.832s][info][gc,start       ] GC(454) Pause Young (Allocation Failure)
[237.836s][info][gc,heap        ] GC(454) PSYoungGen: 144096K(144384K)->1791K(140800K) Eden: 143360K(143360K)->0K(138752K) From: 736K(1024K)->1791K(2048K)
[237.836s][info][gc,heap        ] GC(454) ParOldGen: 387209K(387584K)->387225K(387584K)
[237.836s][info][gc,metaspace   ] GC(454) Metaspace: 56870K(57152K)->56870K(57152K) NonClass: 48576K(48768K)->48576K(48768K) Class: 8293K(8384K)->8293K(8384K)
[237.836s][info][gc             ] GC(454) Pause Young (Allocation Failure) 518M->379M(516M) 4.277ms
[237.836s][info][gc,cpu         ] GC(454) User=0.00s Sys=0.00s Real=0.01s
[238.205s][info][gc,start       ] GC(455) Pause Young (Allocation Failure)
[238.209s][info][gc,heap        ] GC(455) PSYoungGen: 140543K(140800K)->1568K(136192K) Eden: 138752K(138752K)->0K(134144K) From: 1791K(2048K)->1568K(2048K)
[238.209s][info][gc,heap        ] GC(455) ParOldGen: 387225K(387584K)->387241K(387584K)
[238.209s][info][gc,metaspace   ] GC(455) Metaspace: 56870K(57152K)->56870K(57152K) NonClass: 48576K(48768K)->48576K(48768K) Class: 8293K(8384K)->8293K(8384K)
[238.209s][info][gc             ] GC(455) Pause Young (Allocation Failure) 515M->379M(511M) 3.684ms
[238.209s][info][gc,cpu         ] GC(455) User=0.00s Sys=0.00s Real=0.01s
[238.523s][info][gc,start       ] GC(456) Pause Young (Allocation Failure)
[238.528s][info][gc,heap        ] GC(456) PSYoungGen: 135630K(136192K)->1728K(161792K) Eden: 134062K(134144K)->0K(159744K) From: 1568K(2048K)->1728K(2048K)
[238.528s][info][gc,heap        ] GC(456) ParOldGen: 387241K(387584K)->387257K(387584K)
[238.528s][info][gc,metaspace   ] GC(456) Metaspace: 56870K(57152K)->56870K(57152K) NonClass: 48576K(48768K)->48576K(48768K) Class: 8293K(8384K)->8293K(8384K)
[238.528s][info][gc             ] GC(456) Pause Young (Allocation Failure) 510M->379M(536M) 4.619ms
[238.528s][info][gc,cpu         ] GC(456) User=0.01s Sys=0.00s Real=0.01s
[239.037s][info][gc,start       ] GC(457) Pause Young (Allocation Failure)
[239.039s][info][gc,heap        ] GC(457) PSYoungGen: 161442K(161792K)->736K(155648K) Eden: 159714K(159744K)->0K(154624K) From: 1728K(2048K)->736K(1024K)
[239.039s][info][gc,heap        ] GC(457) ParOldGen: 387257K(387584K)->387273K(387584K)
[239.039s][info][gc,metaspace   ] GC(457) Metaspace: 56870K(57152K)->56870K(57152K) NonClass: 48576K(48768K)->48576K(48768K) Class: 8293K(8384K)->8293K(8384K)
[239.039s][info][gc             ] GC(457) Pause Young (Allocation Failure) 535M->378M(530M) 2.565ms
[239.039s][info][gc,cpu         ] GC(457) User=0.00s Sys=0.00s Real=0.00s
[239.334s][info][gc,start       ] GC(458) Pause Young (Allocation Failure)
[239.337s][info][gc,heap        ] GC(458) PSYoungGen: 155254K(155648K)->960K(150528K) Eden: 154518K(154624K)->0K(149504K) From: 736K(1024K)->960K(1024K)
[239.337s][info][gc,heap        ] GC(458) ParOldGen: 387273K(387584K)->387289K(387584K)
[239.337s][info][gc,metaspace   ] GC(458) Metaspace: 56870K(57152K)->56870K(57152K) NonClass: 48576K(48768K)->48576K(48768K) Class: 8293K(8384K)->8293K(8384K)
[239.337s][info][gc             ] GC(458) Pause Young (Allocation Failure) 529M->379M(525M) 3.208ms
[239.337s][info][gc,cpu         ] GC(458) User=0.01s Sys=0.00s Real=0.01s
[239.718s][info][gc,start       ] GC(459) Pause Young (Allocation Failure)
[239.722s][info][gc,heap        ] GC(459) PSYoungGen: 150218K(150528K)->1824K(180224K) Eden: 149258K(149504K)->0K(178176K) From: 960K(1024K)->1824K(2048K)
[239.722s][info][gc,heap        ] GC(459) ParOldGen: 387289K(387584K)->387305K(387584K)
[239.722s][info][gc,metaspace   ] GC(459) Metaspace: 56870K(57152K)->56870K(57152K) NonClass: 48576K(48768K)->48576K(48768K) Class: 8293K(8384K)->8293K(8384K)
[239.722s][info][gc             ] GC(459) Pause Young (Allocation Failure) 524M->380M(554M) 4.198ms
[239.722s][info][gc,cpu         ] GC(459) User=0.01s Sys=0.00s Real=0.00s
[240.218s][info][gc,start       ] GC(460) Pause Young (Allocation Failure)
[240.232s][info][gc,heap        ] GC(460) PSYoungGen: 180000K(180224K)->1662K(214528K) Eden: 178176K(178176K)->0K(212480K) From: 1824K(2048K)->1662K(2048K)
[240.232s][info][gc,heap        ] GC(460) ParOldGen: 387305K(387584K)->387321K(387584K)
[240.232s][info][gc,metaspace   ] GC(460) Metaspace: 56870K(57152K)->56870K(57152K) NonClass: 48576K(48768K)->48576K(48768K) Class: 8293K(8384K)->8293K(8384K)
[240.232s][info][gc             ] GC(460) Pause Young (Allocation Failure) 554M->379M(588M) 14.034ms
[240.232s][info][gc,cpu         ] GC(460) User=0.01s Sys=0.00s Real=0.01s
[240.816s][info][gc,start       ] GC(461) Pause Young (Allocation Failure)
[240.822s][info][gc,heap        ] GC(461) PSYoungGen: 214142K(214528K)->2464K(215552K) Eden: 212480K(212480K)->0K(212480K) From: 1662K(2048K)->2464K(3072K)
[240.822s][info][gc,heap        ] GC(461) ParOldGen: 387321K(387584K)->387337K(387584K)
[240.822s][info][gc,metaspace   ] GC(461) Metaspace: 56870K(57152K)->56870K(57152K) NonClass: 48576K(48768K)->48576K(48768K) Class: 8293K(8384K)->8293K(8384K)
[240.822s][info][gc             ] GC(461) Pause Young (Allocation Failure) 587M->380M(589M) 5.671ms
[240.822s][info][gc,cpu         ] GC(461) User=0.01s Sys=0.00s Real=0.00s
[241.388s][info][gc,start       ] GC(462) Pause Young (Allocation Failure)
[241.390s][info][gc,heap        ] GC(462) PSYoungGen: 214944K(215552K)->521K(215552K) Eden: 212480K(212480K)->0K(212480K) From: 2464K(3072K)->521K(3072K)
[241.390s][info][gc,heap        ] GC(462) ParOldGen: 387337K(387584K)->387353K(387584K)
[241.390s][info][gc,metaspace   ] GC(462) Metaspace: 56870K(57152K)->56870K(57152K) NonClass: 48576K(48768K)->48576K(48768K) Class: 8293K(8384K)->8293K(8384K)
[241.390s][info][gc             ] GC(462) Pause Young (Allocation Failure) 588M->378M(589M) 2.327ms
[241.390s][info][gc,cpu         ] GC(462) User=0.00s Sys=0.01s Real=0.00s
[241.914s][info][gc,start       ] GC(463) Pause Young (Allocation Failure)
[241.919s][info][gc,heap        ] GC(463) PSYoungGen: 213001K(215552K)->2527K(255488K) Eden: 212480K(212480K)->0K(252416K) From: 521K(3072K)->2527K(3072K)
[241.919s][info][gc,heap        ] GC(463) ParOldGen: 387353K(387584K)->387369K(387584K)
[241.919s][info][gc,metaspace   ] GC(463) Metaspace: 56870K(57152K)->56870K(57152K) NonClass: 48576K(48768K)->48576K(48768K) Class: 8293K(8384K)->8293K(8384K)
[241.919s][info][gc             ] GC(463) Pause Young (Allocation Failure) 586M->380M(628M) 5.477ms
[241.919s][info][gc,cpu         ] GC(463) User=0.01s Sys=0.00s Real=0.01s
[242.603s][info][gc,start       ] GC(464) Pause Young (Allocation Failure)
[242.612s][info][gc,heap        ] GC(464) PSYoungGen: 254943K(255488K)->308K(256000K) Eden: 252416K(252416K)->0K(252416K) From: 2527K(3072K)->308K(3584K)
[242.612s][info][gc,heap        ] GC(464) ParOldGen: 387369K(387584K)->387385K(387584K)
[242.612s][info][gc,metaspace   ] GC(464) Metaspace: 56870K(57152K)->56870K(57152K) NonClass: 48576K(48768K)->48576K(48768K) Class: 8293K(8384K)->8293K(8384K)
[242.612s][info][gc             ] GC(464) Pause Young (Allocation Failure) 627M->378M(628M) 8.898ms
[242.612s][info][gc,cpu         ] GC(464) User=0.01s Sys=0.00s Real=0.01s
[243.212s][info][gc,start       ] GC(465) Pause Young (Allocation Failure)
[243.218s][info][gc,heap        ] GC(465) PSYoungGen: 252672K(256000K)->1696K(304128K) Eden: 252364K(252416K)->0K(300544K) From: 308K(3584K)->1696K(3584K)
[243.218s][info][gc,heap        ] GC(465) ParOldGen: 387385K(387584K)->387401K(387584K)
[243.218s][info][gc,metaspace   ] GC(465) Metaspace: 56870K(57152K)->56870K(57152K) NonClass: 48576K(48768K)->48576K(48768K) Class: 8293K(8384K)->8293K(8384K)
[243.218s][info][gc             ] GC(465) Pause Young (Allocation Failure) 625M->379M(675M) 5.588ms
[243.218s][info][gc,cpu         ] GC(465) User=0.00s Sys=0.00s Real=0.01s
[243.991s][info][gc,start       ] GC(466) Pause Young (Allocation Failure)
[243.993s][info][gc,heap        ] GC(466) PSYoungGen: 302240K(304128K)->416K(289280K) Eden: 300544K(300544K)->0K(288768K) From: 1696K(3584K)->416K(512K)
[243.993s][info][gc,heap        ] GC(466) ParOldGen: 387401K(387584K)->387417K(387584K)
[243.993s][info][gc,metaspace   ] GC(466) Metaspace: 56870K(57152K)->56870K(57152K) NonClass: 48576K(48768K)->48576K(48768K) Class: 8293K(8384K)->8293K(8384K)
[243.993s][info][gc             ] GC(466) Pause Young (Allocation Failure) 673M->378M(661M) 2.700ms
[243.994s][info][gc,cpu         ] GC(466) User=0.01s Sys=0.00s Real=0.00s
[244.712s][info][gc,start       ] GC(467) Pause Young (Allocation Failure)
[244.718s][info][gc,heap        ] GC(467) PSYoungGen: 289184K(289280K)->2110K(280064K) Eden: 288768K(288768K)->0K(277504K) From: 416K(512K)->2110K(2560K)
[244.718s][info][gc,heap        ] GC(467) ParOldGen: 387417K(387584K)->387433K(387584K)
[244.718s][info][gc,metaspace   ] GC(467) Metaspace: 56870K(57152K)->56870K(57152K) NonClass: 48576K(48768K)->48576K(48768K) Class: 8293K(8384K)->8293K(8384K)
[244.718s][info][gc             ] GC(467) Pause Young (Allocation Failure) 660M->380M(652M) 5.651ms
[244.718s][info][gc,cpu         ] GC(467) User=0.01s Sys=0.00s Real=0.01s
[245.412s][info][gc,start       ] GC(468) Pause Young (Allocation Failure)
[245.416s][info][gc,heap        ] GC(468) PSYoungGen: 279614K(280064K)->1792K(268800K) Eden: 277504K(277504K)->0K(266752K) From: 2110K(2560K)->1792K(2048K)
[245.416s][info][gc,heap        ] GC(468) ParOldGen: 387433K(387584K)->387449K(387584K)
[245.416s][info][gc,metaspace   ] GC(468) Metaspace: 56870K(57152K)->56870K(57152K) NonClass: 48576K(48768K)->48576K(48768K) Class: 8293K(8384K)->8293K(8384K)
[245.416s][info][gc             ] GC(468) Pause Young (Allocation Failure) 651M->380M(641M) 4.473ms
[245.416s][info][gc,cpu         ] GC(468) User=0.01s Sys=0.00s Real=0.01s
[246.105s][info][gc,start       ] GC(469) Pause Young (Allocation Failure)
[246.109s][info][gc,heap        ] GC(469) PSYoungGen: 268544K(268800K)->1567K(258560K) Eden: 266752K(266752K)->0K(256512K) From: 1792K(2048K)->1567K(2048K)
[246.109s][info][gc,heap        ] GC(469) ParOldGen: 387449K(387584K)->387465K(387584K)
[246.109s][info][gc,metaspace   ] GC(469) Metaspace: 56870K(57152K)->56870K(57152K) NonClass: 48576K(48768K)->48576K(48768K) Class: 8293K(8384K)->8293K(8384K)
[246.109s][info][gc             ] GC(469) Pause Young (Allocation Failure) 640M->379M(631M) 3.665ms
[246.109s][info][gc,cpu         ] GC(469) User=0.01s Sys=0.00s Real=0.01s
[246.728s][info][gc,start       ] GC(470) Pause Young (Allocation Failure)
[246.731s][info][gc,heap        ] GC(470) PSYoungGen: 258079K(258560K)->799K(247808K) Eden: 256512K(256512K)->0K(246784K) From: 1567K(2048K)->799K(1024K)
[246.731s][info][gc,heap        ] GC(470) ParOldGen: 387465K(387584K)->387481K(387584K)
[246.731s][info][gc,metaspace   ] GC(470) Metaspace: 56870K(57152K)->56870K(57152K) NonClass: 48576K(48768K)->48576K(48768K) Class: 8293K(8384K)->8293K(8384K)
[246.731s][info][gc             ] GC(470) Pause Young (Allocation Failure) 630M->379M(620M) 2.431ms
[246.731s][info][gc,cpu         ] GC(470) User=0.01s Sys=0.00s Real=0.00s
[247.437s][info][gc,start       ] GC(471) Pause Young (Allocation Failure)
[247.439s][info][gc,heap        ] GC(471) PSYoungGen: 247541K(247808K)->640K(238592K) Eden: 246742K(246784K)->0K(237568K) From: 799K(1024K)->640K(1024K)
[247.439s][info][gc,heap        ] GC(471) ParOldGen: 387481K(387584K)->387497K(387584K)
[247.439s][info][gc,metaspace   ] GC(471) Metaspace: 56870K(57152K)->56870K(57152K) NonClass: 48576K(48768K)->48576K(48768K) Class: 8293K(8384K)->8293K(8384K)
[247.439s][info][gc             ] GC(471) Pause Young (Allocation Failure) 620M->379M(611M) 2.540ms
[247.439s][info][gc,cpu         ] GC(471) User=0.00s Sys=0.00s Real=0.00s
[248.005s][info][gc,start       ] GC(472) Pause Young (Allocation Failure)
[248.009s][info][gc,heap        ] GC(472) PSYoungGen: 238181K(238592K)->1600K(230912K) Eden: 237541K(237568K)->0K(228864K) From: 640K(1024K)->1600K(2048K)
[248.009s][info][gc,heap        ] GC(472) ParOldGen: 387497K(387584K)->387513K(387584K)
[248.009s][info][gc,metaspace   ] GC(472) Metaspace: 56870K(57152K)->56870K(57152K) NonClass: 48576K(48768K)->48576K(48768K) Class: 8293K(8384K)->8293K(8384K)
[248.009s][info][gc             ] GC(472) Pause Young (Allocation Failure) 611M->379M(604M) 3.657ms
[248.009s][info][gc,cpu         ] GC(472) User=0.00s Sys=0.00s Real=0.01s
[248.595s][info][gc,start       ] GC(473) Pause Young (Allocation Failure)
[248.598s][info][gc,heap        ] GC(473) PSYoungGen: 230464K(230912K)->1343K(221696K) Eden: 228864K(228864K)->0K(220160K) From: 1600K(2048K)->1343K(1536K)
[248.598s][info][gc,heap        ] GC(473) ParOldGen: 387513K(387584K)->387529K(387584K)
[248.598s][info][gc,metaspace   ] GC(473) Metaspace: 56870K(57152K)->56870K(57152K) NonClass: 48576K(48768K)->48576K(48768K) Class: 8293K(8384K)->8293K(8384K)
[248.598s][info][gc             ] GC(473) Pause Young (Allocation Failure) 603M->379M(595M) 3.117ms
[248.598s][info][gc,cpu         ] GC(473) User=0.01s Sys=0.00s Real=0.01s
[249.129s][info][gc,start       ] GC(474) Pause Young (Allocation Failure)
[249.134s][info][gc,heap        ] GC(474) PSYoungGen: 221503K(221696K)->2430K(214528K) Eden: 220160K(220160K)->0K(211968K) From: 1343K(1536K)->2430K(2560K)
[249.134s][info][gc,heap        ] GC(474) ParOldGen: 387529K(387584K)->387545K(387584K)
[249.134s][info][gc,metaspace   ] GC(474) Metaspace: 56870K(57152K)->56870K(57152K) NonClass: 48576K(48768K)->48576K(48768K) Class: 8293K(8384K)->8293K(8384K)
[249.134s][info][gc             ] GC(474) Pause Young (Allocation Failure) 594M->380M(588M) 4.828ms
[249.134s][info][gc,cpu         ] GC(474) User=0.00s Sys=0.00s Real=0.00s
[249.698s][info][gc,start       ] GC(475) Pause Young (Allocation Failure)
[249.702s][info][gc,heap        ] GC(475) PSYoungGen: 214398K(214528K)->1184K(205824K) Eden: 211968K(211968K)->0K(204288K) From: 2430K(2560K)->1184K(1536K)
[249.702s][info][gc,heap        ] GC(475) ParOldGen: 387545K(387584K)->387561K(387584K)
[249.702s][info][gc,metaspace   ] GC(475) Metaspace: 56870K(57152K)->56870K(57152K) NonClass: 48576K(48768K)->48576K(48768K) Class: 8293K(8384K)->8293K(8384K)
[249.702s][info][gc             ] GC(475) Pause Young (Allocation Failure) 587M->379M(579M) 3.252ms
[249.702s][info][gc,cpu         ] GC(475) User=0.01s Sys=0.00s Real=0.00s
[250.211s][info][gc,start       ] GC(476) Pause Young (Allocation Failure)
[250.216s][info][gc,heap        ] GC(476) PSYoungGen: 205472K(205824K)->2112K(199680K) Eden: 204288K(204288K)->0K(197120K) From: 1184K(1536K)->2112K(2560K)
[250.216s][info][gc,heap        ] GC(476) ParOldGen: 387561K(387584K)->387577K(387584K)
[250.216s][info][gc,metaspace   ] GC(476) Metaspace: 56870K(57152K)->56870K(57152K) NonClass: 48576K(48768K)->48576K(48768K) Class: 8293K(8384K)->8293K(8384K)
[250.216s][info][gc             ] GC(476) Pause Young (Allocation Failure) 579M->380M(573M) 4.373ms
[250.216s][info][gc,cpu         ] GC(476) User=0.01s Sys=0.00s Real=0.01s
[250.713s][info][gc,start       ] GC(477) Pause Young (Allocation Failure)
[250.717s][info][gc,heap        ] GC(477) PSYoungGen: 199232K(199680K)->2079K(192512K) Eden: 197120K(197120K)->0K(189952K) From: 2112K(2560K)->2079K(2560K)
[250.717s][info][gc,heap        ] GC(477) ParOldGen: 387577K(387584K)->387593K(388096K)
[250.717s][info][gc,metaspace   ] GC(477) Metaspace: 56870K(57152K)->56870K(57152K) NonClass: 48576K(48768K)->48576K(48768K) Class: 8293K(8384K)->8293K(8384K)
[250.717s][info][gc             ] GC(477) Pause Young (Allocation Failure) 573M->380M(567M) 3.954ms
[250.717s][info][gc,cpu         ] GC(477) User=0.00s Sys=0.00s Real=0.01s
[251.205s][info][gc,start       ] GC(478) Pause Young (Allocation Failure)
[251.208s][info][gc,heap        ] GC(478) PSYoungGen: 192031K(192512K)->1215K(184832K) Eden: 189952K(189952K)->0K(183296K) From: 2079K(2560K)->1215K(1536K)
[251.208s][info][gc,heap        ] GC(478) ParOldGen: 387593K(388096K)->387609K(388096K)
[251.208s][info][gc,metaspace   ] GC(478) Metaspace: 56870K(57152K)->56870K(57152K) NonClass: 48576K(48768K)->48576K(48768K) Class: 8293K(8384K)->8293K(8384K)
[251.208s][info][gc             ] GC(478) Pause Young (Allocation Failure) 566M->379M(559M) 2.928ms
[251.208s][info][gc,cpu         ] GC(478) User=0.01s Sys=0.00s Real=0.01s
[251.692s][info][gc,start       ] GC(479) Pause Young (Allocation Failure)
[251.694s][info][gc,heap        ] GC(479) PSYoungGen: 184425K(184832K)->480K(177664K) Eden: 183209K(183296K)->0K(177152K) From: 1215K(1536K)->480K(512K)
[251.694s][info][gc,heap        ] GC(479) ParOldGen: 387609K(388096K)->387625K(388096K)
[251.694s][info][gc,metaspace   ] GC(479) Metaspace: 56870K(57152K)->56870K(57152K) NonClass: 48576K(48768K)->48576K(48768K) Class: 8293K(8384K)->8293K(8384K)
[251.694s][info][gc             ] GC(479) Pause Young (Allocation Failure) 558M->379M(552M) 2.418ms
[251.694s][info][gc,cpu         ] GC(479) User=0.01s Sys=0.00s Real=0.00s
[252.121s][info][gc,start       ] GC(480) Pause Young (Allocation Failure)
[252.125s][info][gc,heap        ] GC(480) PSYoungGen: 177632K(177664K)->2783K(174080K) Eden: 177152K(177152K)->0K(171008K) From: 480K(512K)->2783K(3072K)
[252.125s][info][gc,heap        ] GC(480) ParOldGen: 387625K(388096K)->387641K(388096K)
[252.125s][info][gc,metaspace   ] GC(480) Metaspace: 56870K(57152K)->56870K(57152K) NonClass: 48576K(48768K)->48576K(48768K) Class: 8293K(8384K)->8293K(8384K)
[252.126s][info][gc             ] GC(480) Pause Young (Allocation Failure) 552M->381M(549M) 4.935ms
[252.126s][info][gc,cpu         ] GC(480) User=0.01s Sys=0.00s Real=0.00s
[252.633s][info][gc,start       ] GC(481) Pause Young (Allocation Failure)
[252.636s][info][gc,heap        ] GC(481) PSYoungGen: 173791K(174080K)->1054K(166912K) Eden: 171008K(171008K)->0K(165376K) From: 2783K(3072K)->1054K(1536K)
[252.636s][info][gc,heap        ] GC(481) ParOldGen: 387641K(388096K)->387657K(388096K)
[252.636s][info][gc,metaspace   ] GC(481) Metaspace: 56870K(57152K)->56870K(57152K) NonClass: 48576K(48768K)->48576K(48768K) Class: 8293K(8384K)->8293K(8384K)
[252.636s][info][gc             ] GC(481) Pause Young (Allocation Failure) 548M->379M(542M) 2.399ms
[252.636s][info][gc,cpu         ] GC(481) User=0.00s Sys=0.00s Real=0.01s
[252.994s][info][gc,start       ] GC(482) Pause Young (Allocation Failure)
[252.997s][info][gc,heap        ] GC(482) PSYoungGen: 166430K(166912K)->1343K(161280K) Eden: 165376K(165376K)->0K(159744K) From: 1054K(1536K)->1343K(1536K)
[252.997s][info][gc,heap        ] GC(482) ParOldGen: 387657K(388096K)->387673K(388096K)
[252.997s][info][gc,metaspace   ] GC(482) Metaspace: 56870K(57152K)->56870K(57152K) NonClass: 48576K(48768K)->48576K(48768K) Class: 8293K(8384K)->8293K(8384K)
[252.997s][info][gc             ] GC(482) Pause Young (Allocation Failure) 541M->379M(536M) 3.058ms
[252.997s][info][gc,cpu         ] GC(482) User=0.01s Sys=0.00s Real=0.01s
[253.403s][info][gc,start       ] GC(483) Pause Young (Allocation Failure)
[253.407s][info][gc,heap        ] GC(483) PSYoungGen: 160804K(161280K)->1248K(156160K) Eden: 159461K(159744K)->0K(154624K) From: 1343K(1536K)->1248K(1536K)
[253.407s][info][gc,heap        ] GC(483) ParOldGen: 387673K(388096K)->387689K(388096K)
[253.407s][info][gc,metaspace   ] GC(483) Metaspace: 56870K(57152K)->56870K(57152K) NonClass: 48576K(48768K)->48576K(48768K) Class: 8293K(8384K)->8293K(8384K)
[253.407s][info][gc             ] GC(483) Pause Young (Allocation Failure) 535M->379M(531M) 3.360ms
[253.407s][info][gc,cpu         ] GC(483) User=0.00s Sys=0.00s Real=0.01s
[253.802s][info][gc,start       ] GC(484) Pause Young (Allocation Failure)
[253.804s][info][gc,heap        ] GC(484) PSYoungGen: 155872K(156160K)->320K(150016K) Eden: 154624K(154624K)->0K(149504K) From: 1248K(1536K)->320K(512K)
[253.804s][info][gc,heap        ] GC(484) ParOldGen: 387689K(388096K)->387705K(388096K)
[253.804s][info][gc,metaspace   ] GC(484) Metaspace: 56870K(57152K)->56870K(57152K) NonClass: 48576K(48768K)->48576K(48768K) Class: 8293K(8384K)->8293K(8384K)
[253.804s][info][gc             ] GC(484) Pause Young (Allocation Failure) 530M->378M(525M) 2.097ms
[253.804s][info][gc,cpu         ] GC(484) User=0.00s Sys=0.00s Real=0.00s
[254.194s][info][gc,start       ] GC(485) Pause Young (Allocation Failure)
[254.197s][info][gc,heap        ] GC(485) PSYoungGen: 149824K(150016K)->896K(145920K) Eden: 149504K(149504K)->0K(144896K) From: 320K(512K)->896K(1024K)
[254.197s][info][gc,heap        ] GC(485) ParOldGen: 387705K(388096K)->387721K(388096K)
[254.197s][info][gc,metaspace   ] GC(485) Metaspace: 56870K(57152K)->56870K(57152K) NonClass: 48576K(48768K)->48576K(48768K) Class: 8293K(8384K)->8293K(8384K)
[254.197s][info][gc             ] GC(485) Pause Young (Allocation Failure) 524M->379M(521M) 2.795ms
[254.197s][info][gc,cpu         ] GC(485) User=0.01s Sys=0.00s Real=0.01s
[254.576s][info][gc,start       ] GC(486) Pause Young (Allocation Failure)
[254.579s][info][gc,heap        ] GC(486) PSYoungGen: 145595K(145920K)->1120K(141824K) Eden: 144699K(144896K)->0K(140288K) From: 896K(1024K)->1120K(1536K)
[254.579s][info][gc,heap        ] GC(486) ParOldGen: 387721K(388096K)->387737K(388096K)
[254.579s][info][gc,metaspace   ] GC(486) Metaspace: 56870K(57152K)->56870K(57152K) NonClass: 48576K(48768K)->48576K(48768K) Class: 8293K(8384K)->8293K(8384K)
[254.579s][info][gc             ] GC(486) Pause Young (Allocation Failure) 520M->379M(517M) 3.010ms
[254.579s][info][gc,cpu         ] GC(486) User=0.01s Sys=0.00s Real=0.00s
[254.905s][info][gc,start       ] GC(487) Pause Young (Allocation Failure)
[254.909s][info][gc,heap        ] GC(487) PSYoungGen: 141319K(141824K)->1728K(137728K) Eden: 140199K(140288K)->0K(135680K) From: 1120K(1536K)->1728K(2048K)
[254.909s][info][gc,heap        ] GC(487) ParOldGen: 387737K(388096K)->387753K(388096K)
[254.909s][info][gc,metaspace   ] GC(487) Metaspace: 56870K(57152K)->56870K(57152K) NonClass: 48576K(48768K)->48576K(48768K) Class: 8293K(8384K)->8293K(8384K)
[254.909s][info][gc             ] GC(487) Pause Young (Allocation Failure) 516M->380M(513M) 3.814ms
[254.909s][info][gc,cpu         ] GC(487) User=0.00s Sys=0.00s Real=0.01s
[255.229s][info][gc,start       ] GC(488) Pause Young (Allocation Failure)
[255.232s][info][gc,heap        ] GC(488) PSYoungGen: 137390K(137728K)->1248K(133120K) Eden: 135662K(135680K)->0K(131584K) From: 1728K(2048K)->1248K(1536K)
[255.232s][info][gc,heap        ] GC(488) ParOldGen: 387753K(388096K)->387769K(388096K)
[255.232s][info][gc,metaspace   ] GC(488) Metaspace: 56870K(57152K)->56870K(57152K) NonClass: 48576K(48768K)->48576K(48768K) Class: 8293K(8384K)->8293K(8384K)
[255.232s][info][gc             ] GC(488) Pause Young (Allocation Failure) 512M->379M(509M) 3.299ms
[255.232s][info][gc,cpu         ] GC(488) User=0.01s Sys=0.00s Real=0.00s
[255.628s][info][gc,start       ] GC(489) Pause Young (Allocation Failure)
[255.644s][info][gc,heap        ] GC(489) PSYoungGen: 132832K(133120K)->1980K(159232K) Eden: 131584K(131584K)->0K(157184K) From: 1248K(1536K)->1980K(2048K)
[255.644s][info][gc,heap        ] GC(489) ParOldGen: 387769K(388096K)->387785K(388096K)
[255.644s][info][gc,metaspace   ] GC(489) Metaspace: 56870K(57152K)->56870K(57152K) NonClass: 48576K(48768K)->48576K(48768K) Class: 8293K(8384K)->8293K(8384K)
[255.644s][info][gc             ] GC(489) Pause Young (Allocation Failure) 508M->380M(534M) 15.969ms
[255.644s][info][gc,cpu         ] GC(489) User=0.01s Sys=0.00s Real=0.01s
[255.993s][info][gc,start       ] GC(490) Pause Young (Allocation Failure)
[255.999s][info][gc,heap        ] GC(490) PSYoungGen: 159164K(159232K)->3058K(190976K) Eden: 157184K(157184K)->0K(187904K) From: 1980K(2048K)->3058K(3072K)
[255.999s][info][gc,heap        ] GC(490) ParOldGen: 387785K(388096K)->391932K(392192K)
[255.999s][info][gc,metaspace   ] GC(490) Metaspace: 56870K(57152K)->56870K(57152K) NonClass: 48576K(48768K)->48576K(48768K) Class: 8293K(8384K)->8293K(8384K)
[255.999s][info][gc             ] GC(490) Pause Young (Allocation Failure) 534M->385M(569M) 5.939ms
[255.999s][info][gc,cpu         ] GC(490) User=0.00s Sys=0.00s Real=0.01s
[256.432s][info][gc,start       ] GC(491) Pause Young (Allocation Failure)
[256.436s][info][gc,heap        ] GC(491) PSYoungGen: 190962K(190976K)->767K(225280K) Eden: 187904K(187904K)->0K(224256K) From: 3058K(3072K)->767K(1024K)
[256.436s][info][gc,heap        ] GC(491) ParOldGen: 391932K(392192K)->394571K(394752K)
[256.436s][info][gc,metaspace   ] GC(491) Metaspace: 56870K(57152K)->56870K(57152K) NonClass: 48576K(48768K)->48576K(48768K) Class: 8293K(8384K)->8293K(8384K)
[256.436s][info][gc             ] GC(491) Pause Young (Allocation Failure) 569M->386M(605M) 3.616ms
[256.436s][info][gc,cpu         ] GC(491) User=0.00s Sys=0.01s Real=0.01s
[257.019s][info][gc,start       ] GC(492) Pause Young (Allocation Failure)
[257.024s][info][gc,heap        ] GC(492) PSYoungGen: 225023K(225280K)->2304K(269824K) Eden: 224256K(224256K)->0K(266240K) From: 767K(1024K)->2304K(3584K)
[257.024s][info][gc,heap        ] GC(492) ParOldGen: 394571K(394752K)->394587K(394752K)
[257.024s][info][gc,metaspace   ] GC(492) Metaspace: 56870K(57152K)->56870K(57152K) NonClass: 48576K(48768K)->48576K(48768K) Class: 8293K(8384K)->8293K(8384K)
[257.024s][info][gc             ] GC(492) Pause Young (Allocation Failure) 605M->387M(649M) 4.591ms
[257.024s][info][gc,cpu         ] GC(492) User=0.01s Sys=0.00s Real=0.00s
[257.708s][info][gc,start       ] GC(493) Pause Young (Allocation Failure)
[257.712s][info][gc,heap        ] GC(493) PSYoungGen: 268544K(269824K)->1952K(270848K) Eden: 266240K(266240K)->0K(267264K) From: 2304K(3584K)->1952K(3584K)
[257.712s][info][gc,heap        ] GC(493) ParOldGen: 394587K(394752K)->394603K(394752K)
[257.712s][info][gc,metaspace   ] GC(493) Metaspace: 56870K(57152K)->56870K(57152K) NonClass: 48576K(48768K)->48576K(48768K) Class: 8293K(8384K)->8293K(8384K)
[257.713s][info][gc             ] GC(493) Pause Young (Allocation Failure) 647M->387M(650M) 4.165ms
[257.713s][info][gc,cpu         ] GC(493) User=0.01s Sys=0.00s Real=0.00s
[258.399s][info][gc,start       ] GC(494) Pause Young (Allocation Failure)
[258.403s][info][gc,heap        ] GC(494) PSYoungGen: 269216K(270848K)->1567K(259072K) Eden: 267264K(267264K)->0K(257024K) From: 1952K(3584K)->1567K(2048K)
[258.403s][info][gc,heap        ] GC(494) ParOldGen: 394603K(394752K)->394619K(394752K)
[258.403s][info][gc,metaspace   ] GC(494) Metaspace: 56870K(57152K)->56870K(57152K) NonClass: 48576K(48768K)->48576K(48768K) Class: 8293K(8384K)->8293K(8384K)
[258.403s][info][gc             ] GC(494) Pause Young (Allocation Failure) 648M->386M(638M) 3.530ms
[258.403s][info][gc,cpu         ] GC(494) User=0.01s Sys=0.00s Real=0.00s
[259.046s][info][gc,start       ] GC(495) Pause Young (Allocation Failure)
[259.048s][info][gc,heap        ] GC(495) PSYoungGen: 258591K(259072K)->192K(247808K) Eden: 257024K(257024K)->0K(247296K) From: 1567K(2048K)->192K(512K)
[259.048s][info][gc,heap        ] GC(495) ParOldGen: 394619K(394752K)->394635K(394752K)
[259.048s][info][gc,metaspace   ] GC(495) Metaspace: 56870K(57152K)->56870K(57152K) NonClass: 48576K(48768K)->48576K(48768K) Class: 8293K(8384K)->8293K(8384K)
[259.048s][info][gc             ] GC(495) Pause Young (Allocation Failure) 637M->385M(627M) 2.211ms
[259.048s][info][gc,cpu         ] GC(495) User=0.00s Sys=0.00s Real=0.00s
[259.702s][info][gc,start       ] GC(496) Pause Young (Allocation Failure)
[259.705s][info][gc,heap        ] GC(496) PSYoungGen: 247323K(247808K)->1184K(241664K) Eden: 247131K(247296K)->0K(238080K) From: 192K(512K)->1184K(3584K)
[259.705s][info][gc,heap        ] GC(496) ParOldGen: 394635K(394752K)->394651K(394752K)
[259.705s][info][gc,metaspace   ] GC(496) Metaspace: 56870K(57152K)->56870K(57152K) NonClass: 48576K(48768K)->48576K(48768K) Class: 8293K(8384K)->8293K(8384K)
[259.705s][info][gc             ] GC(496) Pause Young (Allocation Failure) 626M->386M(621M) 3.243ms
[259.705s][info][gc,cpu         ] GC(496) User=0.01s Sys=0.00s Real=0.00s
[260.302s][info][gc,start       ] GC(497) Pause Young (Allocation Failure)
[260.306s][info][gc,heap        ] GC(497) PSYoungGen: 239264K(241664K)->1760K(230912K) Eden: 238080K(238080K)->0K(228864K) From: 1184K(3584K)->1760K(2048K)
[260.306s][info][gc,heap        ] GC(497) ParOldGen: 394651K(394752K)->394667K(394752K)
[260.306s][info][gc,metaspace   ] GC(497) Metaspace: 56870K(57152K)->56870K(57152K) NonClass: 48576K(48768K)->48576K(48768K) Class: 8293K(8384K)->8293K(8384K)
[260.306s][info][gc             ] GC(497) Pause Young (Allocation Failure) 619M->387M(611M) 3.973ms
[260.306s][info][gc,cpu         ] GC(497) User=0.01s Sys=0.00s Real=0.01s
[260.915s][info][gc,start       ] GC(498) Pause Young (Allocation Failure)
[260.918s][info][gc,heap        ] GC(498) PSYoungGen: 230624K(230912K)->1503K(221696K) Eden: 228864K(228864K)->0K(220160K) From: 1760K(2048K)->1503K(1536K)
[260.918s][info][gc,heap        ] GC(498) ParOldGen: 394667K(394752K)->394683K(394752K)
[260.918s][info][gc,metaspace   ] GC(498) Metaspace: 56870K(57152K)->56870K(57152K) NonClass: 48576K(48768K)->48576K(48768K) Class: 8293K(8384K)->8293K(8384K)
[260.918s][info][gc             ] GC(498) Pause Young (Allocation Failure) 610M->386M(602M) 3.196ms
[260.918s][info][gc,cpu         ] GC(498) User=0.01s Sys=0.00s Real=0.01s
[261.428s][info][gc,start       ] GC(499) Pause Young (Allocation Failure)
[261.431s][info][gc,heap        ] GC(499) PSYoungGen: 221663K(221696K)->1151K(213504K) Eden: 220160K(220160K)->0K(211968K) From: 1503K(1536K)->1151K(1536K)
[261.431s][info][gc,heap        ] GC(499) ParOldGen: 394683K(394752K)->394699K(394752K)
[261.431s][info][gc,metaspace   ] GC(499) Metaspace: 56870K(57152K)->56870K(57152K) NonClass: 48576K(48768K)->48576K(48768K) Class: 8293K(8384K)->8293K(8384K)
[261.431s][info][gc             ] GC(499) Pause Young (Allocation Failure) 601M->386M(594M) 2.710ms
[261.431s][info][gc,cpu         ] GC(499) User=0.00s Sys=0.00s Real=0.00s
[262.003s][info][gc,start       ] GC(500) Pause Young (Allocation Failure)
[262.007s][info][gc,heap        ] GC(500) PSYoungGen: 213119K(213504K)->1151K(205824K) Eden: 211968K(211968K)->0K(204288K) From: 1151K(1536K)->1151K(1536K)
[262.007s][info][gc,heap        ] GC(500) ParOldGen: 394699K(394752K)->394715K(394752K)
[262.007s][info][gc,metaspace   ] GC(500) Metaspace: 56870K(57152K)->56870K(57152K) NonClass: 48576K(48768K)->48576K(48768K) Class: 8293K(8384K)->8293K(8384K)
[262.007s][info][gc             ] GC(500) Pause Young (Allocation Failure) 593M->386M(586M) 4.222ms
[262.007s][info][gc,cpu         ] GC(500) User=0.01s Sys=0.00s Real=0.01s
[262.512s][info][gc,start       ] GC(501) Pause Young (Allocation Failure)
[262.517s][info][gc,heap        ] GC(501) PSYoungGen: 205439K(205824K)->2751K(200192K) Eden: 204288K(204288K)->0K(197120K) From: 1151K(1536K)->2751K(3072K)
[262.517s][info][gc,heap        ] GC(501) ParOldGen: 394715K(394752K)->394731K(394752K)
[262.517s][info][gc,metaspace   ] GC(501) Metaspace: 56870K(57152K)->56870K(57152K) NonClass: 48576K(48768K)->48576K(48768K) Class: 8293K(8384K)->8293K(8384K)
[262.517s][info][gc             ] GC(501) Pause Young (Allocation Failure) 586M->388M(581M) 4.877ms
[262.517s][info][gc,cpu         ] GC(501) User=0.01s Sys=0.00s Real=0.01s
[263.012s][info][gc,start       ] GC(502) Pause Young (Allocation Failure)
[263.016s][info][gc,heap        ] GC(502) PSYoungGen: 199871K(200192K)->2207K(192512K) Eden: 197120K(197120K)->0K(189952K) From: 2751K(3072K)->2207K(2560K)
[263.016s][info][gc,heap        ] GC(502) ParOldGen: 394731K(394752K)->394747K(394752K)
[263.016s][info][gc,metaspace   ] GC(502) Metaspace: 56870K(57152K)->56870K(57152K) NonClass: 48576K(48768K)->48576K(48768K) Class: 8293K(8384K)->8293K(8384K)
[263.016s][info][gc             ] GC(502) Pause Young (Allocation Failure) 580M->387M(573M) 4.280ms
[263.016s][info][gc,cpu         ] GC(502) User=0.00s Sys=0.00s Real=0.01s
[263.512s][info][gc,start       ] GC(503) Pause Young (Allocation Failure)
[263.515s][info][gc,heap        ] GC(503) PSYoungGen: 192159K(192512K)->1280K(184832K) Eden: 189952K(189952K)->0K(183296K) From: 2207K(2560K)->1280K(1536K)
[263.515s][info][gc,heap        ] GC(503) ParOldGen: 394747K(394752K)->394763K(395264K)
[263.515s][info][gc,metaspace   ] GC(503) Metaspace: 56870K(57152K)->56870K(57152K) NonClass: 48576K(48768K)->48576K(48768K) Class: 8293K(8384K)->8293K(8384K)
[263.515s][info][gc             ] GC(503) Pause Young (Allocation Failure) 573M->386M(566M) 3.326ms
[263.515s][info][gc,cpu         ] GC(503) User=0.01s Sys=0.00s Real=0.00s
[264.063s][info][gc,start       ] GC(504) Pause Young (Allocation Failure)
[264.067s][info][gc,heap        ] GC(504) PSYoungGen: 184417K(184832K)->960K(178176K) Eden: 183137K(183296K)->0K(177152K) From: 1280K(1536K)->960K(1024K)
[264.067s][info][gc,heap        ] GC(504) ParOldGen: 394763K(395264K)->394779K(395264K)
[264.067s][info][gc,metaspace   ] GC(504) Metaspace: 56870K(57152K)->56870K(57152K) NonClass: 48576K(48768K)->48576K(48768K) Class: 8293K(8384K)->8293K(8384K)
[264.067s][info][gc             ] GC(504) Pause Young (Allocation Failure) 565M->386M(560M) 3.920ms
[264.067s][info][gc,cpu         ] GC(504) User=0.01s Sys=0.00s Real=0.01s
[264.419s][info][gc,start       ] GC(505) Pause Young (Allocation Failure)
[264.423s][info][gc,heap        ] GC(505) PSYoungGen: 178112K(178176K)->2207K(173568K) Eden: 177152K(177152K)->0K(171008K) From: 960K(1024K)->2207K(2560K)
[264.423s][info][gc,heap        ] GC(505) ParOldGen: 394779K(395264K)->394795K(395264K)
[264.423s][info][gc,metaspace   ] GC(505) Metaspace: 56870K(57152K)->56870K(57152K) NonClass: 48576K(48768K)->48576K(48768K) Class: 8293K(8384K)->8293K(8384K)
[264.423s][info][gc             ] GC(505) Pause Young (Allocation Failure) 559M->387M(555M) 4.136ms
[264.423s][info][gc,cpu         ] GC(505) User=0.01s Sys=0.00s Real=0.00s
[264.888s][info][gc,start       ] GC(506) Pause Young (Allocation Failure)
[264.890s][info][gc,heap        ] GC(506) PSYoungGen: 173215K(173568K)->384K(165888K) Eden: 171008K(171008K)->0K(165376K) From: 2207K(2560K)->384K(512K)
[264.890s][info][gc,heap        ] GC(506) ParOldGen: 394795K(395264K)->394811K(395264K)
[264.890s][info][gc,metaspace   ] GC(506) Metaspace: 56870K(57152K)->56870K(57152K) NonClass: 48576K(48768K)->48576K(48768K) Class: 8293K(8384K)->8293K(8384K)
[264.890s][info][gc             ] GC(506) Pause Young (Allocation Failure) 554M->385M(548M) 2.158ms
[264.890s][info][gc,cpu         ] GC(506) User=0.00s Sys=0.00s Real=0.00s
[265.297s][info][gc,start       ] GC(507) Pause Young (Allocation Failure)
[265.300s][info][gc,heap        ] GC(507) PSYoungGen: 165760K(165888K)->640K(160768K) Eden: 165376K(165376K)->0K(159744K) From: 384K(512K)->640K(1024K)
[265.300s][info][gc,heap        ] GC(507) ParOldGen: 394811K(395264K)->394827K(395264K)
[265.300s][info][gc,metaspace   ] GC(507) Metaspace: 56870K(57152K)->56870K(57152K) NonClass: 48576K(48768K)->48576K(48768K) Class: 8293K(8384K)->8293K(8384K)
[265.300s][info][gc             ] GC(507) Pause Young (Allocation Failure) 547M->386M(543M) 2.576ms
[265.300s][info][gc,cpu         ] GC(507) User=0.00s Sys=0.00s Real=0.00s
[265.732s][info][gc,start       ] GC(508) Pause Young (Allocation Failure)
[265.736s][info][gc,heap        ] GC(508) PSYoungGen: 160384K(160768K)->1535K(158208K) Eden: 159744K(159744K)->0K(154624K) From: 640K(1024K)->1535K(3584K)
[265.736s][info][gc,heap        ] GC(508) ParOldGen: 394827K(395264K)->394843K(395264K)
[265.736s][info][gc,metaspace   ] GC(508) Metaspace: 56870K(57152K)->56870K(57152K) NonClass: 48576K(48768K)->48576K(48768K) Class: 8293K(8384K)->8293K(8384K)
[265.736s][info][gc             ] GC(508) Pause Young (Allocation Failure) 542M->387M(540M) 3.240ms
[265.736s][info][gc,cpu         ] GC(508) User=0.01s Sys=0.00s Real=0.00s
[266.101s][info][gc,start       ] GC(509) Pause Young (Allocation Failure)
[266.104s][info][gc,heap        ] GC(509) PSYoungGen: 156159K(158208K)->960K(150528K) Eden: 154624K(154624K)->0K(149504K) From: 1535K(3584K)->960K(1024K)
[266.104s][info][gc,heap        ] GC(509) ParOldGen: 394843K(395264K)->394859K(395264K)
[266.104s][info][gc,metaspace   ] GC(509) Metaspace: 56870K(57152K)->56870K(57152K) NonClass: 48576K(48768K)->48576K(48768K) Class: 8293K(8384K)->8293K(8384K)
[266.104s][info][gc             ] GC(509) Pause Young (Allocation Failure) 538M->386M(533M) 2.857ms
[266.104s][info][gc,cpu         ] GC(509) User=0.01s Sys=0.00s Real=0.00s
[266.494s][info][gc,start       ] GC(510) Pause Young (Allocation Failure)
[266.497s][info][gc,heap        ] GC(510) PSYoungGen: 150464K(150528K)->1119K(146432K) Eden: 149504K(149504K)->0K(144896K) From: 960K(1024K)->1119K(1536K)
[266.497s][info][gc,heap        ] GC(510) ParOldGen: 394859K(395264K)->394875K(395264K)
[266.497s][info][gc,metaspace   ] GC(510) Metaspace: 56870K(57152K)->56870K(57152K) NonClass: 48576K(48768K)->48576K(48768K) Class: 8293K(8384K)->8293K(8384K)
[266.497s][info][gc             ] GC(510) Pause Young (Allocation Failure) 532M->386M(529M) 2.654ms
[266.497s][info][gc,cpu         ] GC(510) User=0.01s Sys=0.00s Real=0.01s
[266.947s][info][gc,start       ] GC(511) Pause Young (Allocation Failure)
[266.950s][info][gc,heap        ] GC(511) PSYoungGen: 146015K(146432K)->1375K(141824K) Eden: 144896K(144896K)->0K(140288K) From: 1119K(1536K)->1375K(1536K)
[266.950s][info][gc,heap        ] GC(511) ParOldGen: 394875K(395264K)->394891K(395264K)
[266.950s][info][gc,metaspace   ] GC(511) Metaspace: 56870K(57152K)->56870K(57152K) NonClass: 48576K(48768K)->48576K(48768K) Class: 8293K(8384K)->8293K(8384K)
[266.950s][info][gc             ] GC(511) Pause Young (Allocation Failure) 528M->386M(524M) 3.090ms
[266.950s][info][gc,cpu         ] GC(511) User=0.00s Sys=0.00s Real=0.00s
[267.309s][info][gc,start       ] GC(512) Pause Young (Allocation Failure)
[267.313s][info][gc,heap        ] GC(512) PSYoungGen: 141652K(141824K)->1984K(137728K) Eden: 140277K(140288K)->0K(135680K) From: 1375K(1536K)->1984K(2048K)
[267.313s][info][gc,heap        ] GC(512) ParOldGen: 394891K(395264K)->394907K(395264K)
[267.313s][info][gc,metaspace   ] GC(512) Metaspace: 56870K(57152K)->56870K(57152K) NonClass: 48576K(48768K)->48576K(48768K) Class: 8293K(8384K)->8293K(8384K)
[267.313s][info][gc             ] GC(512) Pause Young (Allocation Failure) 523M->387M(520M) 4.231ms
[267.313s][info][gc,cpu         ] GC(512) User=0.01s Sys=0.00s Real=0.00s
[267.633s][info][gc,start       ] GC(513) Pause Young (Allocation Failure)
[267.635s][info][gc,heap        ] GC(513) PSYoungGen: 137402K(137728K)->352K(132096K) Eden: 135418K(135680K)->0K(131584K) From: 1984K(2048K)->352K(512K)
[267.635s][info][gc,heap        ] GC(513) ParOldGen: 394907K(395264K)->394923K(395264K)
[267.635s][info][gc,metaspace   ] GC(513) Metaspace: 56870K(57152K)->56870K(57152K) NonClass: 48576K(48768K)->48576K(48768K) Class: 8293K(8384K)->8293K(8384K)
[267.635s][info][gc             ] GC(513) Pause Young (Allocation Failure) 519M->386M(515M) 2.166ms
[267.635s][info][gc,cpu         ] GC(513) User=0.01s Sys=0.00s Real=0.00s
[267.999s][info][gc,start       ] GC(514) Pause Young (Allocation Failure)
[268.002s][info][gc,heap        ] GC(514) PSYoungGen: 131936K(132096K)->1631K(130560K) Eden: 131584K(131584K)->0K(127488K) From: 352K(512K)->1631K(3072K)
[268.002s][info][gc,heap        ] GC(514) ParOldGen: 394923K(395264K)->394939K(395264K)
[268.002s][info][gc,metaspace   ] GC(514) Metaspace: 56870K(57152K)->56870K(57152K) NonClass: 48576K(48768K)->48576K(48768K) Class: 8293K(8384K)->8293K(8384K)
[268.002s][info][gc             ] GC(514) Pause Young (Allocation Failure) 514M->387M(513M) 3.222ms
[268.002s][info][gc,cpu         ] GC(514) User=0.01s Sys=0.00s Real=0.00s
[268.315s][info][gc,start       ] GC(515) Pause Young (Allocation Failure)
[268.319s][info][gc,heap        ] GC(515) PSYoungGen: 129119K(130560K)->1503K(124928K) Eden: 127488K(127488K)->0K(123392K) From: 1631K(3072K)->1503K(1536K)
[268.319s][info][gc,heap        ] GC(515) ParOldGen: 394939K(395264K)->394955K(395264K)
[268.319s][info][gc,metaspace   ] GC(515) Metaspace: 56870K(57152K)->56870K(57152K) NonClass: 48576K(48768K)->48576K(48768K) Class: 8293K(8384K)->8293K(8384K)
[268.319s][info][gc             ] GC(515) Pause Young (Allocation Failure) 511M->387M(508M) 3.300ms
[268.319s][info][gc,cpu         ] GC(515) User=0.01s Sys=0.00s Real=0.01s
[268.626s][info][gc,start       ] GC(516) Pause Young (Allocation Failure)
[268.629s][info][gc,heap        ] GC(516) PSYoungGen: 124895K(124928K)->1888K(121856K) Eden: 123392K(123392K)->0K(119808K) From: 1503K(1536K)->1888K(2048K)
[268.630s][info][gc,heap        ] GC(516) ParOldGen: 394955K(395264K)->394971K(395264K)
[268.630s][info][gc,metaspace   ] GC(516) Metaspace: 56870K(57152K)->56870K(57152K) NonClass: 48576K(48768K)->48576K(48768K) Class: 8293K(8384K)->8293K(8384K)
[268.630s][info][gc             ] GC(516) Pause Young (Allocation Failure) 507M->387M(505M) 3.968ms
[268.630s][info][gc,cpu         ] GC(516) User=0.01s Sys=0.00s Real=0.01s
[268.920s][info][gc,start       ] GC(517) Pause Young (Allocation Failure)
[268.923s][info][gc,heap        ] GC(517) PSYoungGen: 121696K(121856K)->1791K(144896K) Eden: 119808K(119808K)->0K(142848K) From: 1888K(2048K)->1791K(2048K)
[268.923s][info][gc,heap        ] GC(517) ParOldGen: 394971K(395264K)->394987K(395264K)
[268.923s][info][gc,metaspace   ] GC(517) Metaspace: 56870K(57152K)->56870K(57152K) NonClass: 48576K(48768K)->48576K(48768K) Class: 8293K(8384K)->8293K(8384K)
[268.924s][info][gc             ] GC(517) Pause Young (Allocation Failure) 504M->387M(527M) 3.736ms
[268.924s][info][gc,cpu         ] GC(517) User=0.01s Sys=0.00s Real=0.00s
[269.308s][info][gc,start       ] GC(518) Pause Young (Allocation Failure)
[269.312s][info][gc,heap        ] GC(518) PSYoungGen: 144639K(144896K)->1887K(172032K) Eden: 142848K(142848K)->0K(169984K) From: 1791K(2048K)->1887K(2048K)
[269.312s][info][gc,heap        ] GC(518) ParOldGen: 394987K(395264K)->395003K(395264K)
[269.312s][info][gc,metaspace   ] GC(518) Metaspace: 56870K(57152K)->56870K(57152K) NonClass: 48576K(48768K)->48576K(48768K) Class: 8293K(8384K)->8293K(8384K)
[269.312s][info][gc             ] GC(518) Pause Young (Allocation Failure) 526M->387M(554M) 3.818ms
[269.312s][info][gc,cpu         ] GC(518) User=0.00s Sys=0.00s Real=0.00s
[269.725s][info][gc,start       ] GC(519) Pause Young (Allocation Failure)
[269.729s][info][gc,heap        ] GC(519) PSYoungGen: 171613K(172032K)->1440K(165888K) Eden: 169726K(169984K)->0K(164352K) From: 1887K(2048K)->1440K(1536K)
[269.729s][info][gc,heap        ] GC(519) ParOldGen: 395003K(395264K)->395019K(395264K)
[269.729s][info][gc,metaspace   ] GC(519) Metaspace: 56870K(57152K)->56870K(57152K) NonClass: 48576K(48768K)->48576K(48768K) Class: 8293K(8384K)->8293K(8384K)
[269.729s][info][gc             ] GC(519) Pause Young (Allocation Failure) 553M->387M(548M) 3.525ms
[269.729s][info][gc,cpu         ] GC(519) User=0.00s Sys=0.00s Real=0.01s
[270.185s][info][gc,start       ] GC(520) Pause Young (Allocation Failure)
[270.187s][info][gc,heap        ] GC(520) PSYoungGen: 165792K(165888K)->331K(159232K) Eden: 164352K(164352K)->0K(158720K) From: 1440K(1536K)->331K(512K)
[270.187s][info][gc,heap        ] GC(520) ParOldGen: 395019K(395264K)->395035K(395264K)
[270.187s][info][gc,metaspace   ] GC(520) Metaspace: 56873K(57152K)->56873K(57152K) NonClass: 48579K(48768K)->48579K(48768K) Class: 8293K(8384K)->8293K(8384K)
[270.187s][info][gc             ] GC(520) Pause Young (Allocation Failure) 547M->386M(541M) 2.040ms
[270.187s][info][gc,cpu         ] GC(520) User=0.01s Sys=0.00s Real=0.01s
[270.597s][info][gc,start       ] GC(521) Pause Young (Allocation Failure)
[270.645s][info][gc,heap        ] GC(521) PSYoungGen: 158379K(159232K)->64K(190464K) Eden: 158047K(158720K)->0K(189952K) From: 331K(512K)->64K(512K)
[270.645s][info][gc,heap        ] GC(521) ParOldGen: 395035K(395264K)->434114K(434688K)
[270.645s][info][gc,metaspace   ] GC(521) Metaspace: 56874K(57152K)->56874K(57152K) NonClass: 48580K(48768K)->48580K(48768K) Class: 8293K(8384K)->8293K(8384K)
[270.645s][info][gc             ] GC(521) Pause Young (Allocation Failure) 540M->424M(610M) 48.186ms
[270.645s][info][gc,cpu         ] GC(521) User=0.06s Sys=0.03s Real=0.04s
[273.347s][info][gc,start       ] GC(522) Pause Young (Allocation Failure)
[273.413s][info][gc,heap        ] GC(522) PSYoungGen: 189736K(190464K)->3064K(230912K) Eden: 189672K(189952K)->0K(227840K) From: 64K(512K)->3064K(3072K)
[273.413s][info][gc,heap        ] GC(522) ParOldGen: 434114K(434688K)->524255K(524800K)
[273.413s][info][gc,metaspace   ] GC(522) Metaspace: 57092K(57408K)->57092K(57408K) NonClass: 48797K(49024K)->48797K(49024K) Class: 8294K(8384K)->8294K(8384K)
[273.413s][info][gc             ] GC(522) Pause Young (Allocation Failure) 609M->514M(738M) 66.281ms
[273.413s][info][gc,cpu         ] GC(522) User=0.07s Sys=0.06s Real=0.06s
[273.904s][info][gc,start       ] GC(523) Pause Young (Allocation Failure)
[273.915s][info][gc,heap        ] GC(523) PSYoungGen: 230904K(230912K)->2526K(265728K) Eden: 227840K(227840K)->0K(228864K) From: 3064K(3072K)->2526K(36864K)
[273.915s][info][gc,heap        ] GC(523) ParOldGen: 524255K(524800K)->527392K(527872K)
[273.915s][info][gc,metaspace   ] GC(523) Metaspace: 57092K(57408K)->57092K(57408K) NonClass: 48797K(49024K)->48797K(49024K) Class: 8294K(8384K)->8294K(8384K)
[273.915s][info][gc             ] GC(523) Pause Young (Allocation Failure) 737M->517M(775M) 10.392ms
[273.915s][info][gc,cpu         ] GC(523) User=0.01s Sys=0.00s Real=0.01s
[274.497s][info][gc,start       ] GC(524) Pause Young (Allocation Failure)
[274.501s][info][gc,heap        ] GC(524) PSYoungGen: 231390K(265728K)->1376K(264704K) Eden: 228864K(228864K)->0K(228864K) From: 2526K(36864K)->1376K(35840K)
[274.501s][info][gc,heap        ] GC(524) ParOldGen: 527392K(527872K)->527791K(527872K)
[274.501s][info][gc,metaspace   ] GC(524) Metaspace: 57092K(57408K)->57092K(57408K) NonClass: 48797K(49024K)->48797K(49024K) Class: 8294K(8384K)->8294K(8384K)
[274.501s][info][gc             ] GC(524) Pause Young (Allocation Failure) 740M->516M(774M) 3.992ms
[274.501s][info][gc,cpu         ] GC(524) User=0.00s Sys=0.00s Real=0.00s
[275.097s][info][gc,start       ] GC(525) Pause Young (Allocation Failure)
[275.100s][info][gc,heap        ] GC(525) PSYoungGen: 230240K(264704K)->704K(296448K) Eden: 228864K(228864K)->0K(262144K) From: 1376K(35840K)->704K(34304K)
[275.100s][info][gc,heap        ] GC(525) ParOldGen: 527791K(527872K)->527807K(527872K)
[275.100s][info][gc,metaspace   ] GC(525) Metaspace: 57092K(57408K)->57092K(57408K) NonClass: 48797K(49024K)->48797K(49024K) Class: 8294K(8384K)->8294K(8384K)
[275.100s][info][gc             ] GC(525) Pause Young (Allocation Failure) 740M->516M(805M) 2.993ms
[275.100s][info][gc,cpu         ] GC(525) User=0.00s Sys=0.00s Real=0.00s
[275.835s][info][gc,start       ] GC(526) Pause Young (Allocation Failure)
[275.838s][info][gc,heap        ] GC(526) PSYoungGen: 262657K(296448K)->735K(295424K) Eden: 261953K(262144K)->0K(262144K) From: 704K(34304K)->735K(33280K)
[275.838s][info][gc,heap        ] GC(526) ParOldGen: 527807K(527872K)->527823K(527872K)
[275.838s][info][gc,metaspace   ] GC(526) Metaspace: 57092K(57408K)->57092K(57408K) NonClass: 48797K(49024K)->48797K(49024K) Class: 8294K(8384K)->8294K(8384K)
[275.838s][info][gc             ] GC(526) Pause Young (Allocation Failure) 771M->516M(804M) 3.444ms
[275.838s][info][gc,cpu         ] GC(526) User=0.01s Sys=0.00s Real=0.01s
[276.416s][info][gc,start       ] GC(527) Pause Young (Allocation Failure)
[276.421s][info][gc,heap        ] GC(527) PSYoungGen: 262879K(295424K)->1664K(299008K) Eden: 262144K(262144K)->0K(267776K) From: 735K(33280K)->1664K(31232K)
[276.421s][info][gc,heap        ] GC(527) ParOldGen: 527823K(527872K)->527839K(527872K)
[276.421s][info][gc,metaspace   ] GC(527) Metaspace: 57092K(57408K)->57092K(57408K) NonClass: 48797K(49024K)->48797K(49024K) Class: 8294K(8384K)->8294K(8384K)
[276.421s][info][gc             ] GC(527) Pause Young (Allocation Failure) 772M->517M(807M) 4.533ms
[276.421s][info][gc,cpu         ] GC(527) User=0.01s Sys=0.00s Real=0.00s
[277.111s][info][gc,start       ] GC(528) Pause Young (Allocation Failure)
[277.116s][info][gc,heap        ] GC(528) PSYoungGen: 269440K(299008K)->1728K(298496K) Eden: 267776K(267776K)->0K(267776K) From: 1664K(31232K)->1728K(30720K)
[277.116s][info][gc,heap        ] GC(528) ParOldGen: 527839K(527872K)->527855K(527872K)
[277.116s][info][gc,metaspace   ] GC(528) Metaspace: 57092K(57408K)->57092K(57408K) NonClass: 48797K(49024K)->48797K(49024K) Class: 8294K(8384K)->8294K(8384K)
[277.116s][info][gc             ] GC(528) Pause Young (Allocation Failure) 778M->517M(807M) 4.768ms
[277.116s][info][gc,cpu         ] GC(528) User=0.01s Sys=0.00s Real=0.01s
[277.870s][info][gc,start       ] GC(529) Pause Young (Allocation Failure)
[277.874s][info][gc,heap        ] GC(529) PSYoungGen: 269202K(298496K)->1312K(301568K) Eden: 267474K(267776K)->0K(273408K) From: 1728K(30720K)->1312K(28160K)
[277.874s][info][gc,heap        ] GC(529) ParOldGen: 527855K(527872K)->527871K(527872K)
[277.874s][info][gc,metaspace   ] GC(529) Metaspace: 57092K(57408K)->57092K(57408K) NonClass: 48797K(49024K)->48797K(49024K) Class: 8294K(8384K)->8294K(8384K)
[277.874s][info][gc             ] GC(529) Pause Young (Allocation Failure) 778M->516M(810M) 4.107ms
[277.874s][info][gc,cpu         ] GC(529) User=0.00s Sys=0.01s Real=0.00s
[278.500s][info][gc,start       ] GC(530) Pause Young (Allocation Failure)
[278.505s][info][gc,heap        ] GC(530) PSYoungGen: 274720K(301568K)->2430K(265216K) Eden: 273408K(273408K)->0K(262656K) From: 1312K(28160K)->2430K(2560K)
[278.505s][info][gc,heap        ] GC(530) ParOldGen: 527871K(527872K)->527887K(528384K)
[278.505s][info][gc,metaspace   ] GC(530) Metaspace: 57092K(57408K)->57092K(57408K) NonClass: 48797K(49024K)->48797K(49024K) Class: 8294K(8384K)->8294K(8384K)
[278.505s][info][gc             ] GC(530) Pause Young (Allocation Failure) 783M->517M(775M) 4.503ms
[278.505s][info][gc,cpu         ] GC(530) User=0.00s Sys=0.01s Real=0.00s
[279.192s][info][gc,start       ] GC(531) Pause Young (Allocation Failure)
[279.194s][info][gc,heap        ] GC(531) PSYoungGen: 265086K(265216K)->256K(266240K) Eden: 262656K(262656K)->0K(252416K) From: 2430K(2560K)->256K(13824K)
[279.194s][info][gc,heap        ] GC(531) ParOldGen: 527887K(528384K)->528544K(528896K)
[279.194s][info][gc,metaspace   ] GC(531) Metaspace: 57092K(57408K)->57092K(57408K) NonClass: 48797K(49024K)->48797K(49024K) Class: 8294K(8384K)->8294K(8384K)
[279.194s][info][gc             ] GC(531) Pause Young (Allocation Failure) 774M->516M(776M) 2.772ms
[279.194s][info][gc,cpu         ] GC(531) User=0.00s Sys=0.00s Real=0.00s
[279.804s][info][gc,start       ] GC(532) Pause Young (Allocation Failure)
[279.808s][info][gc,heap        ] GC(532) PSYoungGen: 252404K(266240K)->1280K(244224K) Eden: 252148K(252416K)->0K(242688K) From: 256K(13824K)->1280K(1536K)
[279.808s][info][gc,heap        ] GC(532) ParOldGen: 528544K(528896K)->528560K(528896K)
[279.808s][info][gc,metaspace   ] GC(532) Metaspace: 57092K(57408K)->57092K(57408K) NonClass: 48797K(49024K)->48797K(49024K) Class: 8294K(8384K)->8294K(8384K)
[279.808s][info][gc             ] GC(532) Pause Young (Allocation Failure) 762M->517M(755M) 3.830ms
[279.808s][info][gc,cpu         ] GC(532) User=0.01s Sys=0.00s Real=0.01s
[280.416s][info][gc,start       ] GC(533) Pause Young (Allocation Failure)
[280.423s][info][gc,heap        ] GC(533) PSYoungGen: 243968K(244224K)->3487K(244736K) Eden: 242688K(242688K)->0K(233472K) From: 1280K(1536K)->3487K(11264K)
[280.423s][info][gc,heap        ] GC(533) ParOldGen: 528560K(528896K)->528576K(528896K)
[280.423s][info][gc,metaspace   ] GC(533) Metaspace: 57092K(57408K)->57092K(57408K) NonClass: 48797K(49024K)->48797K(49024K) Class: 8294K(8384K)->8294K(8384K)
[280.423s][info][gc             ] GC(533) Pause Young (Allocation Failure) 754M->519M(755M) 6.294ms
[280.423s][info][gc,cpu         ] GC(533) User=0.01s Sys=0.00s Real=0.00s
[281.008s][info][gc,start       ] GC(534) Pause Young (Allocation Failure)
[281.013s][info][gc,heap        ] GC(534) PSYoungGen: 236801K(244736K)->2240K(227328K) Eden: 233314K(233472K)->0K(224768K) From: 3487K(11264K)->2240K(2560K)
[281.013s][info][gc,heap        ] GC(534) ParOldGen: 528576K(528896K)->528592K(528896K)
[281.013s][info][gc,metaspace   ] GC(534) Metaspace: 57092K(57408K)->57092K(57408K) NonClass: 48797K(49024K)->48797K(49024K) Class: 8294K(8384K)->8294K(8384K)
[281.013s][info][gc             ] GC(534) Pause Young (Allocation Failure) 747M->518M(738M) 5.416ms
[281.013s][info][gc,cpu         ] GC(534) User=0.01s Sys=0.00s Real=0.00s
[281.655s][info][gc,start       ] GC(535) Pause Young (Allocation Failure)
[281.659s][info][gc,heap        ] GC(535) PSYoungGen: 227008K(227328K)->1374K(225792K) Eden: 224768K(224768K)->0K(216576K) From: 2240K(2560K)->1374K(9216K)
[281.659s][info][gc,heap        ] GC(535) ParOldGen: 528592K(528896K)->528608K(528896K)
[281.659s][info][gc,metaspace   ] GC(535) Metaspace: 57092K(57408K)->57092K(57408K) NonClass: 48797K(49024K)->48797K(49024K) Class: 8294K(8384K)->8294K(8384K)
[281.659s][info][gc             ] GC(535) Pause Young (Allocation Failure) 737M->517M(737M) 3.698ms
[281.659s][info][gc,cpu         ] GC(535) User=0.01s Sys=0.00s Real=0.01s
[282.128s][info][gc,start       ] GC(536) Pause Young (Allocation Failure)
[282.131s][info][gc,heap        ] GC(536) PSYoungGen: 217950K(225792K)->703K(209408K) Eden: 216576K(216576K)->0K(208384K) From: 1374K(9216K)->703K(1024K)
[282.131s][info][gc,heap        ] GC(536) ParOldGen: 528608K(528896K)->528624K(528896K)
[282.131s][info][gc,metaspace   ] GC(536) Metaspace: 57092K(57408K)->57092K(57408K) NonClass: 48797K(49024K)->48797K(49024K) Class: 8294K(8384K)->8294K(8384K)
[282.131s][info][gc             ] GC(536) Pause Young (Allocation Failure) 729M->516M(721M) 2.941ms
[282.131s][info][gc,cpu         ] GC(536) User=0.00s Sys=0.00s Real=0.00s
[282.733s][info][gc,start       ] GC(537) Pause Young (Allocation Failure)
[282.749s][info][gc,heap        ] GC(537) PSYoungGen: 209087K(209408K)->1887K(207872K) Eden: 208384K(208384K)->0K(200704K) From: 703K(1024K)->1887K(7168K)
[282.749s][info][gc,heap        ] GC(537) ParOldGen: 528624K(528896K)->528640K(528896K)
[282.749s][info][gc,metaspace   ] GC(537) Metaspace: 57092K(57408K)->57092K(57408K) NonClass: 48797K(49024K)->48797K(49024K) Class: 8294K(8384K)->8294K(8384K)
[282.749s][info][gc             ] GC(537) Pause Young (Allocation Failure) 720M->518M(719M) 16.057ms
[282.749s][info][gc,cpu         ] GC(537) User=0.01s Sys=0.00s Real=0.02s
[283.204s][info][gc,start       ] GC(538) Pause Young (Allocation Failure)
[283.208s][info][gc,heap        ] GC(538) PSYoungGen: 202384K(207872K)->1376K(195072K) Eden: 200496K(200704K)->0K(193536K) From: 1887K(7168K)->1376K(1536K)
[283.208s][info][gc,heap        ] GC(538) ParOldGen: 528640K(528896K)->528656K(528896K)
[283.208s][info][gc,metaspace   ] GC(538) Metaspace: 57092K(57408K)->57092K(57408K) NonClass: 48797K(49024K)->48797K(49024K) Class: 8294K(8384K)->8294K(8384K)
[283.208s][info][gc             ] GC(538) Pause Young (Allocation Failure) 713M->517M(707M) 3.965ms
[283.208s][info][gc,cpu         ] GC(538) User=0.00s Sys=0.00s Real=0.01s
[283.706s][info][gc,start       ] GC(539) Pause Young (Allocation Failure)
[283.711s][info][gc,heap        ] GC(539) PSYoungGen: 194912K(195072K)->1760K(192000K) Eden: 193536K(193536K)->0K(186880K) From: 1376K(1536K)->1760K(5120K)
[283.711s][info][gc,heap        ] GC(539) ParOldGen: 528656K(528896K)->528672K(528896K)
[283.711s][info][gc,metaspace   ] GC(539) Metaspace: 57092K(57408K)->57092K(57408K) NonClass: 48797K(49024K)->48797K(49024K) Class: 8294K(8384K)->8294K(8384K)
[283.711s][info][gc             ] GC(539) Pause Young (Allocation Failure) 706M->518M(704M) 4.866ms
[283.711s][info][gc,cpu         ] GC(539) User=0.01s Sys=0.00s Real=0.00s
[284.295s][info][gc,start       ] GC(540) Pause Young (Allocation Failure)
[284.299s][info][gc,heap        ] GC(540) PSYoungGen: 188640K(192000K)->1247K(181760K) Eden: 186880K(186880K)->0K(180224K) From: 1760K(5120K)->1247K(1536K)
[284.299s][info][gc,heap        ] GC(540) ParOldGen: 528672K(528896K)->528688K(528896K)
[284.299s][info][gc,metaspace   ] GC(540) Metaspace: 57092K(57408K)->57092K(57408K) NonClass: 48797K(49024K)->48797K(49024K) Class: 8294K(8384K)->8294K(8384K)
[284.299s][info][gc             ] GC(540) Pause Young (Allocation Failure) 700M->517M(694M) 3.352ms
[284.299s][info][gc,cpu         ] GC(540) User=0.00s Sys=0.00s Real=0.01s
[284.731s][info][gc,start       ] GC(541) Pause Young (Allocation Failure)
[284.734s][info][gc,heap        ] GC(541) PSYoungGen: 181471K(181760K)->736K(176128K) Eden: 180224K(180224K)->0K(174080K) From: 1247K(1536K)->736K(2048K)
[284.734s][info][gc,heap        ] GC(541) ParOldGen: 528688K(528896K)->528704K(528896K)
[284.734s][info][gc,metaspace   ] GC(541) Metaspace: 57092K(57408K)->57092K(57408K) NonClass: 48797K(49024K)->48797K(49024K) Class: 8294K(8384K)->8294K(8384K)
[284.734s][info][gc             ] GC(541) Pause Young (Allocation Failure) 693M->517M(688M) 3.441ms
[284.734s][info][gc,cpu         ] GC(541) User=0.00s Sys=0.00s Real=0.00s
[285.203s][info][gc,start       ] GC(542) Pause Young (Allocation Failure)
[285.207s][info][gc,heap        ] GC(542) PSYoungGen: 174816K(176128K)->1760K(169984K) Eden: 174080K(174080K)->0K(167936K) From: 736K(2048K)->1760K(2048K)
[285.207s][info][gc,heap        ] GC(542) ParOldGen: 528704K(528896K)->528720K(528896K)
[285.207s][info][gc,metaspace   ] GC(542) Metaspace: 57092K(57408K)->57092K(57408K) NonClass: 48797K(49024K)->48797K(49024K) Class: 8294K(8384K)->8294K(8384K)
[285.207s][info][gc             ] GC(542) Pause Young (Allocation Failure) 687M->518M(682M) 4.072ms
[285.207s][info][gc,cpu         ] GC(542) User=0.00s Sys=0.00s Real=0.01s
[285.620s][info][gc,start       ] GC(543) Pause Young (Allocation Failure)
[285.625s][info][gc,heap        ] GC(543) PSYoungGen: 169696K(169984K)->2432K(164864K) Eden: 167936K(167936K)->0K(162304K) From: 1760K(2048K)->2432K(2560K)
[285.625s][info][gc,heap        ] GC(543) ParOldGen: 528720K(528896K)->528736K(528896K)
[285.625s][info][gc,metaspace   ] GC(543) Metaspace: 57092K(57408K)->57092K(57408K) NonClass: 48797K(49024K)->48797K(49024K) Class: 8294K(8384K)->8294K(8384K)
[285.625s][info][gc             ] GC(543) Pause Young (Allocation Failure) 682M->518M(677M) 5.691ms
[285.625s][info][gc,cpu         ] GC(543) User=0.01s Sys=0.00s Real=0.00s
[286.028s][info][gc,start       ] GC(544) Pause Young (Allocation Failure)
[286.032s][info][gc,heap        ] GC(544) PSYoungGen: 164736K(164864K)->1663K(158720K) Eden: 162304K(162304K)->0K(156672K) From: 2432K(2560K)->1663K(2048K)
[286.032s][info][gc,heap        ] GC(544) ParOldGen: 528736K(528896K)->528752K(528896K)
[286.032s][info][gc,metaspace   ] GC(544) Metaspace: 57092K(57408K)->57092K(57408K) NonClass: 48797K(49024K)->48797K(49024K) Class: 8294K(8384K)->8294K(8384K)
[286.032s][info][gc             ] GC(544) Pause Young (Allocation Failure) 677M->517M(671M) 3.698ms
[286.032s][info][gc,cpu         ] GC(544) User=0.00s Sys=0.00s Real=0.00s
[286.426s][info][gc,start       ] GC(545) Pause Young (Allocation Failure)
[286.430s][info][gc,heap        ] GC(545) PSYoungGen: 158335K(158720K)->1567K(153600K) Eden: 156672K(156672K)->0K(151552K) From: 1663K(2048K)->1567K(2048K)
[286.430s][info][gc,heap        ] GC(545) ParOldGen: 528752K(528896K)->528768K(528896K)
[286.430s][info][gc,metaspace   ] GC(545) Metaspace: 57092K(57408K)->57092K(57408K) NonClass: 48797K(49024K)->48797K(49024K) Class: 8294K(8384K)->8294K(8384K)
[286.430s][info][gc             ] GC(545) Pause Young (Allocation Failure) 670M->517M(666M) 4.140ms
[286.430s][info][gc,cpu         ] GC(545) User=0.00s Sys=0.00s Real=0.01s
[286.814s][info][gc,start       ] GC(546) Pause Young (Allocation Failure)
[286.819s][info][gc,heap        ] GC(546) PSYoungGen: 152982K(153600K)->2048K(148480K) Eden: 151414K(151552K)->0K(146432K) From: 1567K(2048K)->2048K(2048K)
[286.819s][info][gc,heap        ] GC(546) ParOldGen: 528768K(528896K)->528784K(528896K)
[286.819s][info][gc,metaspace   ] GC(546) Metaspace: 57092K(57408K)->57092K(57408K) NonClass: 48797K(49024K)->48797K(49024K) Class: 8294K(8384K)->8294K(8384K)
[286.819s][info][gc             ] GC(546) Pause Young (Allocation Failure) 665M->518M(661M) 4.478ms
[286.819s][info][gc,cpu         ] GC(546) User=0.01s Sys=0.00s Real=0.01s
[287.208s][info][gc,start       ] GC(547) Pause Young (Allocation Failure)
[287.212s][info][gc,heap        ] GC(547) PSYoungGen: 148480K(148480K)->1664K(143872K) Eden: 146432K(146432K)->0K(141824K) From: 2048K(2048K)->1664K(2048K)
[287.212s][info][gc,heap        ] GC(547) ParOldGen: 528784K(528896K)->528800K(528896K)
[287.212s][info][gc,metaspace   ] GC(547) Metaspace: 57092K(57408K)->57092K(57408K) NonClass: 48797K(49024K)->48797K(49024K) Class: 8294K(8384K)->8294K(8384K)
[287.212s][info][gc             ] GC(547) Pause Young (Allocation Failure) 661M->518M(657M) 4.513ms
[287.212s][info][gc,cpu         ] GC(547) User=0.00s Sys=0.00s Real=0.00s
[287.594s][info][gc,start       ] GC(548) Pause Young (Allocation Failure)
[287.597s][info][gc,heap        ] GC(548) PSYoungGen: 143488K(143872K)->1279K(138752K) Eden: 141824K(141824K)->0K(137216K) From: 1664K(2048K)->1279K(1536K)
[287.597s][info][gc,heap        ] GC(548) ParOldGen: 528800K(528896K)->528816K(528896K)
[287.597s][info][gc,metaspace   ] GC(548) Metaspace: 57092K(57408K)->57092K(57408K) NonClass: 48797K(49024K)->48797K(49024K) Class: 8294K(8384K)->8294K(8384K)
[287.597s][info][gc             ] GC(548) Pause Young (Allocation Failure) 656M->517M(652M) 3.109ms
[287.597s][info][gc,cpu         ] GC(548) User=0.00s Sys=0.01s Real=0.01s
[287.917s][info][gc,start       ] GC(549) Pause Young (Allocation Failure)
[287.922s][info][gc,heap        ] GC(549) PSYoungGen: 138495K(138752K)->2559K(159232K) Eden: 137216K(137216K)->0K(150528K) From: 1279K(1536K)->2559K(8704K)
[287.922s][info][gc,heap        ] GC(549) ParOldGen: 528816K(528896K)->528832K(528896K)
[287.922s][info][gc,metaspace   ] GC(549) Metaspace: 57092K(57408K)->57092K(57408K) NonClass: 48797K(49024K)->48797K(49024K) Class: 8294K(8384K)->8294K(8384K)
[287.922s][info][gc             ] GC(549) Pause Young (Allocation Failure) 651M->518M(672M) 4.571ms
[287.922s][info][gc,cpu         ] GC(549) User=0.01s Sys=0.00s Real=0.00s
[288.354s][info][gc,start       ] GC(550) Pause Young (Allocation Failure)
[288.358s][info][gc,heap        ] GC(550) PSYoungGen: 153087K(159232K)->1824K(158720K) Eden: 150528K(150528K)->0K(150528K) From: 2559K(8704K)->1824K(8192K)
[288.358s][info][gc,heap        ] GC(550) ParOldGen: 528832K(528896K)->528848K(528896K)
[288.358s][info][gc,metaspace   ] GC(550) Metaspace: 57092K(57408K)->57092K(57408K) NonClass: 48797K(49024K)->48797K(49024K) Class: 8294K(8384K)->8294K(8384K)
[288.358s][info][gc             ] GC(550) Pause Young (Allocation Failure) 665M->518M(671M) 4.189ms
[288.358s][info][gc,cpu         ] GC(550) User=0.01s Sys=0.00s Real=0.01s
[288.704s][info][gc,start       ] GC(551) Pause Young (Allocation Failure)
[288.708s][info][gc,heap        ] GC(551) PSYoungGen: 152352K(158720K)->1184K(185856K) Eden: 150528K(150528K)->0K(179200K) From: 1824K(8192K)->1184K(6656K)
[288.708s][info][gc,heap        ] GC(551) ParOldGen: 528848K(528896K)->528864K(528896K)
[288.708s][info][gc,metaspace   ] GC(551) Metaspace: 57092K(57408K)->57092K(57408K) NonClass: 48797K(49024K)->48797K(49024K) Class: 8294K(8384K)->8294K(8384K)
[288.708s][info][gc             ] GC(551) Pause Young (Allocation Failure) 665M->517M(698M) 3.676ms
[288.708s][info][gc,cpu         ] GC(551) User=0.01s Sys=0.00s Real=0.01s
[289.140s][info][gc,start       ] GC(552) Pause Young (Allocation Failure)
[289.144s][info][gc,heap        ] GC(552) PSYoungGen: 180384K(185856K)->958K(174080K) Eden: 179200K(179200K)->0K(173056K) From: 1184K(6656K)->958K(1024K)
[289.144s][info][gc,heap        ] GC(552) ParOldGen: 528864K(528896K)->528880K(528896K)
[289.144s][info][gc,metaspace   ] GC(552) Metaspace: 57092K(57408K)->57092K(57408K) NonClass: 48797K(49024K)->48797K(49024K) Class: 8294K(8384K)->8294K(8384K)
[289.144s][info][gc             ] GC(552) Pause Young (Allocation Failure) 692M->517M(686M) 3.279ms
[289.144s][info][gc,cpu         ] GC(552) User=0.00s Sys=0.00s Real=0.00s
[289.604s][info][gc,start       ] GC(553) Pause Young (Allocation Failure)
[289.609s][info][gc,heap        ] GC(553) PSYoungGen: 174014K(174080K)->2174K(169472K) Eden: 173056K(173056K)->0K(166912K) From: 958K(1024K)->2174K(2560K)
[289.609s][info][gc,heap        ] GC(553) ParOldGen: 528880K(528896K)->528896K(529408K)
[289.609s][info][gc,metaspace   ] GC(553) Metaspace: 57092K(57408K)->57092K(57408K) NonClass: 48797K(49024K)->48797K(49024K) Class: 8294K(8384K)->8294K(8384K)
[289.609s][info][gc             ] GC(553) Pause Young (Allocation Failure) 686M->518M(682M) 4.854ms
[289.609s][info][gc,cpu         ] GC(553) User=0.00s Sys=0.00s Real=0.01s
[290.022s][info][gc,start       ] GC(554) Pause Young (Allocation Failure)
[290.025s][info][gc,heap        ] GC(554) PSYoungGen: 169086K(169472K)->1567K(163328K) Eden: 166912K(166912K)->0K(161280K) From: 2174K(2560K)->1567K(2048K)
[290.025s][info][gc,heap        ] GC(554) ParOldGen: 528896K(529408K)->528912K(529408K)
[290.025s][info][gc,metaspace   ] GC(554) Metaspace: 57092K(57408K)->57092K(57408K) NonClass: 48797K(49024K)->48797K(49024K) Class: 8294K(8384K)->8294K(8384K)
[290.025s][info][gc             ] GC(554) Pause Young (Allocation Failure) 681M->518M(676M) 3.640ms
[290.025s][info][gc,cpu         ] GC(554) User=0.00s Sys=0.00s Real=0.00s
[290.429s][info][gc,start       ] GC(555) Pause Young (Allocation Failure)
[290.433s][info][gc,heap        ] GC(555) PSYoungGen: 162847K(163328K)->1471K(157184K) Eden: 161280K(161280K)->0K(155648K) From: 1567K(2048K)->1471K(1536K)
[290.433s][info][gc,heap        ] GC(555) ParOldGen: 528912K(529408K)->528928K(529408K)
[290.433s][info][gc,metaspace   ] GC(555) Metaspace: 57092K(57408K)->57092K(57408K) NonClass: 48797K(49024K)->48797K(49024K) Class: 8294K(8384K)->8294K(8384K)
[290.433s][info][gc             ] GC(555) Pause Young (Allocation Failure) 675M->517M(670M) 3.756ms
[290.433s][info][gc,cpu         ] GC(555) User=0.00s Sys=0.00s Real=0.00s
[290.873s][info][gc,start       ] GC(556) Pause Young (Allocation Failure)
[290.877s][info][gc,heap        ] GC(556) PSYoungGen: 157068K(157184K)->1024K(151552K) Eden: 155597K(155648K)->0K(150528K) From: 1471K(1536K)->1024K(1024K)
[290.877s][info][gc,heap        ] GC(556) ParOldGen: 528928K(529408K)->528944K(529408K)
[290.877s][info][gc,metaspace   ] GC(556) Metaspace: 57092K(57408K)->57092K(57408K) NonClass: 48797K(49024K)->48797K(49024K) Class: 8294K(8384K)->8294K(8384K)
[290.877s][info][gc             ] GC(556) Pause Young (Allocation Failure) 669M->517M(665M) 3.224ms
[290.877s][info][gc,cpu         ] GC(556) User=0.01s Sys=0.00s Real=0.01s
[291.214s][info][gc,start       ] GC(557) Pause Young (Allocation Failure)
[291.219s][info][gc,heap        ] GC(557) PSYoungGen: 151317K(151552K)->2048K(169984K) Eden: 150293K(150528K)->0K(164352K) From: 1024K(1024K)->2048K(5632K)
[291.219s][info][gc,heap        ] GC(557) ParOldGen: 528944K(529408K)->528960K(529408K)
[291.219s][info][gc,metaspace   ] GC(557) Metaspace: 57092K(57408K)->57092K(57408K) NonClass: 48797K(49024K)->48797K(49024K) Class: 8294K(8384K)->8294K(8384K)
[291.219s][info][gc             ] GC(557) Pause Young (Allocation Failure) 664M->518M(683M) 4.566ms
[291.219s][info][gc,cpu         ] GC(557) User=0.01s Sys=0.00s Real=0.01s
[291.629s][info][gc,start       ] GC(558) Pause Young (Allocation Failure)
[291.632s][info][gc,heap        ] GC(558) PSYoungGen: 166361K(169984K)->704K(159744K) Eden: 164313K(164352K)->0K(158720K) From: 2048K(5632K)->704K(1024K)
[291.632s][info][gc,heap        ] GC(558) ParOldGen: 528960K(529408K)->528976K(529408K)
[291.632s][info][gc,metaspace   ] GC(558) Metaspace: 57092K(57408K)->57092K(57408K) NonClass: 48797K(49024K)->48797K(49024K) Class: 8294K(8384K)->8294K(8384K)
[291.632s][info][gc             ] GC(558) Pause Young (Allocation Failure) 679M->517M(673M) 3.040ms
[291.632s][info][gc,cpu         ] GC(558) User=0.00s Sys=0.00s Real=0.00s
[292.086s][info][gc,start       ] GC(559) Pause Young (Allocation Failure)
[292.089s][info][gc,heap        ] GC(559) PSYoungGen: 159424K(159744K)->287K(154112K) Eden: 158720K(158720K)->0K(153600K) From: 704K(1024K)->287K(512K)
[292.089s][info][gc,heap        ] GC(559) ParOldGen: 528976K(529408K)->528992K(529408K)
[292.089s][info][gc,metaspace   ] GC(559) Metaspace: 57092K(57408K)->57092K(57408K) NonClass: 48797K(49024K)->48797K(49024K) Class: 8294K(8384K)->8294K(8384K)
[292.089s][info][gc             ] GC(559) Pause Young (Allocation Failure) 672M->516M(667M) 2.387ms
[292.089s][info][gc,cpu         ] GC(559) User=0.00s Sys=0.00s Real=0.00s
[292.439s][info][gc,start       ] GC(560) Pause Young (Allocation Failure)
[292.441s][info][gc,heap        ] GC(560) PSYoungGen: 153887K(154112K)->735K(153600K) Eden: 153600K(153600K)->0K(148480K) From: 287K(512K)->735K(5120K)
[292.441s][info][gc,heap        ] GC(560) ParOldGen: 528992K(529408K)->529008K(529408K)
[292.441s][info][gc,metaspace   ] GC(560) Metaspace: 57092K(57408K)->57092K(57408K) NonClass: 48797K(49024K)->48797K(49024K) Class: 8294K(8384K)->8294K(8384K)
[292.441s][info][gc             ] GC(560) Pause Young (Allocation Failure) 666M->517M(667M) 2.348ms
[292.441s][info][gc,cpu         ] GC(560) User=0.00s Sys=0.00s Real=0.00s
[292.823s][info][gc,start       ] GC(561) Pause Young (Allocation Failure)
[292.828s][info][gc,heap        ] GC(561) PSYoungGen: 149051K(153600K)->1664K(145920K) Eden: 148316K(148480K)->0K(143872K) From: 735K(5120K)->1664K(2048K)
[292.828s][info][gc,heap        ] GC(561) ParOldGen: 529008K(529408K)->529024K(529408K)
[292.828s][info][gc,metaspace   ] GC(561) Metaspace: 57092K(57408K)->57092K(57408K) NonClass: 48797K(49024K)->48797K(49024K) Class: 8294K(8384K)->8294K(8384K)
[292.828s][info][gc             ] GC(561) Pause Young (Allocation Failure) 662M->518M(659M) 4.320ms
[292.828s][info][gc,cpu         ] GC(561) User=0.01s Sys=0.00s Real=0.01s
[293.207s][info][gc,start       ] GC(562) Pause Young (Allocation Failure)
[293.211s][info][gc,heap        ] GC(562) PSYoungGen: 145536K(145920K)->1600K(141312K) Eden: 143872K(143872K)->0K(139264K) From: 1664K(2048K)->1600K(2048K)
[293.211s][info][gc,heap        ] GC(562) ParOldGen: 529024K(529408K)->529040K(529408K)
[293.211s][info][gc,metaspace   ] GC(562) Metaspace: 57092K(57408K)->57092K(57408K) NonClass: 48797K(49024K)->48797K(49024K) Class: 8294K(8384K)->8294K(8384K)
[293.211s][info][gc             ] GC(562) Pause Young (Allocation Failure) 658M->518M(655M) 3.985ms
[293.211s][info][gc,cpu         ] GC(562) User=0.01s Sys=0.00s Real=0.00s
[293.587s][info][gc,start       ] GC(563) Pause Young (Allocation Failure)
[293.590s][info][gc,heap        ] GC(563) PSYoungGen: 140864K(141312K)->320K(135168K) Eden: 139264K(139264K)->0K(134656K) From: 1600K(2048K)->320K(512K)
[293.590s][info][gc,heap        ] GC(563) ParOldGen: 529040K(529408K)->529056K(529408K)
[293.590s][info][gc,metaspace   ] GC(563) Metaspace: 57092K(57408K)->57092K(57408K) NonClass: 48797K(49024K)->48797K(49024K) Class: 8294K(8384K)->8294K(8384K)
[293.590s][info][gc             ] GC(563) Pause Young (Allocation Failure) 654M->516M(649M) 2.458ms
[293.590s][info][gc,cpu         ] GC(563) User=0.01s Sys=0.00s Real=0.00s
[293.905s][info][gc,start       ] GC(564) Pause Young (Allocation Failure)
[293.908s][info][gc,heap        ] GC(564) PSYoungGen: 134714K(135168K)->1200K(135168K) Eden: 134394K(134656K)->0K(130560K) From: 320K(512K)->1200K(4608K)
[293.908s][info][gc,heap        ] GC(564) ParOldGen: 529056K(529408K)->529072K(529408K)
[293.908s][info][gc,metaspace   ] GC(564) Metaspace: 57092K(57408K)->57092K(57408K) NonClass: 48797K(49024K)->48797K(49024K) Class: 8294K(8384K)->8294K(8384K)
[293.908s][info][gc             ] GC(564) Pause Young (Allocation Failure) 648M->517M(649M) 2.268ms
[293.908s][info][gc,cpu         ] GC(564) User=0.00s Sys=0.00s Real=0.01s
[294.220s][info][gc,start       ] GC(565) Pause Young (Allocation Failure)
[294.225s][info][gc,heap        ] GC(565) PSYoungGen: 131617K(135168K)->1695K(128512K) Eden: 130416K(130560K)->0K(126464K) From: 1200K(4608K)->1695K(2048K)
[294.225s][info][gc,heap        ] GC(565) ParOldGen: 529072K(529408K)->530049K(530432K)
[294.225s][info][gc,metaspace   ] GC(565) Metaspace: 57092K(57408K)->57092K(57408K) NonClass: 48797K(49024K)->48797K(49024K) Class: 8294K(8384K)->8294K(8384K)
[294.225s][info][gc             ] GC(565) Pause Young (Allocation Failure) 645M->519M(643M) 4.677ms
[294.225s][info][gc,cpu         ] GC(565) User=0.01s Sys=0.00s Real=0.00s
[294.591s][info][gc,start       ] GC(566) Pause Young (Allocation Failure)
[294.593s][info][gc,heap        ] GC(566) PSYoungGen: 128159K(128512K)->320K(123392K) Eden: 126464K(126464K)->0K(122880K) From: 1695K(2048K)->320K(512K)
[294.593s][info][gc,heap        ] GC(566) ParOldGen: 530049K(530432K)->530065K(530432K)
[294.593s][info][gc,metaspace   ] GC(566) Metaspace: 57092K(57408K)->57092K(57408K) NonClass: 48797K(49024K)->48797K(49024K) Class: 8294K(8384K)->8294K(8384K)
[294.593s][info][gc             ] GC(566) Pause Young (Allocation Failure) 642M->517M(638M) 2.239ms
[294.593s][info][gc,cpu         ] GC(566) User=0.00s Sys=0.00s Real=0.00s
[295.004s][info][gc,start       ] GC(567) Pause Young (Allocation Failure)
[295.008s][info][gc,heap        ] GC(567) PSYoungGen: 123200K(123392K)->352K(119808K) Eden: 122880K(122880K)->0K(119296K) From: 320K(512K)->352K(512K)
[295.008s][info][gc,heap        ] GC(567) ParOldGen: 530065K(530432K)->530081K(530432K)
[295.008s][info][gc,metaspace   ] GC(567) Metaspace: 57092K(57408K)->57092K(57408K) NonClass: 48797K(49024K)->48797K(49024K) Class: 8294K(8384K)->8294K(8384K)
[295.008s][info][gc             ] GC(567) Pause Young (Allocation Failure) 637M->518M(635M) 4.537ms
[295.008s][info][gc,cpu         ] GC(567) User=0.00s Sys=0.00s Real=0.01s
[295.303s][info][gc,start       ] GC(568) Pause Young (Allocation Failure)
[295.306s][info][gc,heap        ] GC(568) PSYoungGen: 119648K(119808K)->1663K(119808K) Eden: 119296K(119296K)->0K(115712K) From: 352K(512K)->1663K(4096K)
[295.306s][info][gc,heap        ] GC(568) ParOldGen: 530081K(530432K)->530097K(530432K)
[295.306s][info][gc,metaspace   ] GC(568) Metaspace: 57092K(57408K)->57092K(57408K) NonClass: 48797K(49024K)->48797K(49024K) Class: 8294K(8384K)->8294K(8384K)
[295.306s][info][gc             ] GC(568) Pause Young (Allocation Failure) 634M->519M(635M) 3.579ms
[295.306s][info][gc,cpu         ] GC(568) User=0.01s Sys=0.00s Real=0.01s
[295.601s][info][gc,start       ] GC(569) Pause Young (Allocation Failure)
[295.605s][info][gc,heap        ] GC(569) PSYoungGen: 117375K(119808K)->1631K(140288K) Eden: 115712K(115712K)->0K(138240K) From: 1663K(4096K)->1631K(2048K)
[295.605s][info][gc,heap        ] GC(569) ParOldGen: 530097K(530432K)->530113K(530432K)
[295.605s][info][gc,metaspace   ] GC(569) Metaspace: 57092K(57408K)->57092K(57408K) NonClass: 48797K(49024K)->48797K(49024K) Class: 8294K(8384K)->8294K(8384K)
[295.605s][info][gc             ] GC(569) Pause Young (Allocation Failure) 632M->519M(655M) 3.719ms
[295.605s][info][gc,cpu         ] GC(569) User=0.00s Sys=0.00s Real=0.00s
[295.926s][info][gc,start       ] GC(570) Pause Young (Allocation Failure)
[295.929s][info][gc,heap        ] GC(570) PSYoungGen: 139591K(140288K)->1344K(144896K) Eden: 137959K(138240K)->0K(141312K) From: 1631K(2048K)->1344K(3584K)
[295.929s][info][gc,heap        ] GC(570) ParOldGen: 530113K(530432K)->530129K(530432K)
[295.929s][info][gc,metaspace   ] GC(570) Metaspace: 57092K(57408K)->57092K(57408K) NonClass: 48797K(49024K)->48797K(49024K) Class: 8294K(8384K)->8294K(8384K)
[295.929s][info][gc             ] GC(570) Pause Young (Allocation Failure) 654M->519M(659M) 3.621ms
[295.929s][info][gc,cpu         ] GC(570) User=0.01s Sys=0.00s Real=0.01s
[296.305s][info][gc,start       ] GC(571) Pause Young (Allocation Failure)
[296.310s][info][gc,heap        ] GC(571) PSYoungGen: 142656K(144896K)->2270K(167936K) Eden: 141312K(141312K)->0K(164352K) From: 1344K(3584K)->2270K(3584K)
[296.310s][info][gc,heap        ] GC(571) ParOldGen: 530129K(530432K)->530145K(530432K)
[296.310s][info][gc,metaspace   ] GC(571) Metaspace: 57092K(57408K)->57092K(57408K) NonClass: 48797K(49024K)->48797K(49024K) Class: 8294K(8384K)->8294K(8384K)
[296.310s][info][gc             ] GC(571) Pause Young (Allocation Failure) 657M->519M(682M) 4.815ms
[296.310s][info][gc,cpu         ] GC(571) User=0.01s Sys=0.00s Real=0.01s
[296.724s][info][gc,start       ] GC(572) Pause Young (Allocation Failure)
[296.728s][info][gc,heap        ] GC(572) PSYoungGen: 166599K(167936K)->1440K(167936K) Eden: 164329K(164352K)->0K(164352K) From: 2270K(3584K)->1440K(3584K)
[296.728s][info][gc,heap        ] GC(572) ParOldGen: 530145K(530432K)->530161K(530432K)
[296.728s][info][gc,metaspace   ] GC(572) Metaspace: 57092K(57408K)->57092K(57408K) NonClass: 48797K(49024K)->48797K(49024K) Class: 8294K(8384K)->8294K(8384K)
[296.728s][info][gc             ] GC(572) Pause Young (Allocation Failure) 680M->519M(682M) 4.047ms
[296.728s][info][gc,cpu         ] GC(572) User=0.01s Sys=0.00s Real=0.01s
[297.235s][info][gc,start       ] GC(573) Pause Young (Allocation Failure)
[297.238s][info][gc,heap        ] GC(573) PSYoungGen: 165574K(167936K)->608K(159744K) Eden: 164134K(164352K)->0K(158720K) From: 1440K(3584K)->608K(1024K)
[297.238s][info][gc,heap        ] GC(573) ParOldGen: 530161K(530432K)->530177K(530432K)
[297.238s][info][gc,metaspace   ] GC(573) Metaspace: 57092K(57408K)->57092K(57408K) NonClass: 48797K(49024K)->48797K(49024K) Class: 8294K(8384K)->8294K(8384K)
[297.238s][info][gc             ] GC(573) Pause Young (Allocation Failure) 679M->518M(674M) 2.921ms
[297.238s][info][gc,cpu         ] GC(573) User=0.00s Sys=0.00s Real=0.01s
[297.538s][info][gc,start       ] GC(574) Pause Young (Allocation Failure)
[297.541s][info][gc,heap        ] GC(574) PSYoungGen: 159328K(159744K)->523K(154624K) Eden: 158720K(158720K)->0K(153600K) From: 608K(1024K)->523K(1024K)
[297.541s][info][gc,heap        ] GC(574) ParOldGen: 530177K(530432K)->530193K(530432K)
[297.541s][info][gc,metaspace   ] GC(574) Metaspace: 57092K(57408K)->57092K(57408K) NonClass: 48797K(49024K)->48797K(49024K) Class: 8294K(8384K)->8294K(8384K)
[297.541s][info][gc             ] GC(574) Pause Young (Allocation Failure) 673M->518M(669M) 2.474ms
[297.541s][info][gc,cpu         ] GC(574) User=0.00s Sys=0.00s Real=0.00s
[297.929s][info][gc,start       ] GC(575) Pause Young (Allocation Failure)
[297.933s][info][gc,heap        ] GC(575) PSYoungGen: 154123K(154624K)->1502K(150016K) Eden: 153600K(153600K)->0K(148480K) From: 523K(1024K)->1502K(1536K)
[297.933s][info][gc,heap        ] GC(575) ParOldGen: 530193K(530432K)->530209K(530432K)
[297.933s][info][gc,metaspace   ] GC(575) Metaspace: 57092K(57408K)->57092K(57408K) NonClass: 48797K(49024K)->48797K(49024K) Class: 8294K(8384K)->8294K(8384K)
[297.933s][info][gc             ] GC(575) Pause Young (Allocation Failure) 668M->519M(664M) 3.795ms
[297.933s][info][gc,cpu         ] GC(575) User=0.00s Sys=0.01s Real=0.00s
[298.316s][info][gc,start       ] GC(576) Pause Young (Allocation Failure)
[298.321s][info][gc,heap        ] GC(576) PSYoungGen: 149982K(150016K)->2240K(179200K) Eden: 148480K(148480K)->0K(176640K) From: 1502K(1536K)->2240K(2560K)
[298.321s][info][gc,heap        ] GC(576) ParOldGen: 530209K(530432K)->530225K(530432K)
[298.321s][info][gc,metaspace   ] GC(576) Metaspace: 57092K(57408K)->57092K(57408K) NonClass: 48797K(49024K)->48797K(49024K) Class: 8294K(8384K)->8294K(8384K)
[298.321s][info][gc             ] GC(576) Pause Young (Allocation Failure) 664M->519M(693M) 5.381ms
[298.321s][info][gc,cpu         ] GC(576) User=0.01s Sys=0.00s Real=0.00s
[298.797s][info][gc,start       ] GC(577) Pause Young (Allocation Failure)
[298.800s][info][gc,heap        ] GC(577) PSYoungGen: 178880K(179200K)->1310K(172032K) Eden: 176640K(176640K)->0K(170496K) From: 2240K(2560K)->1310K(1536K)
[298.800s][info][gc,heap        ] GC(577) ParOldGen: 530225K(530432K)->530241K(530432K)
[298.800s][info][gc,metaspace   ] GC(577) Metaspace: 57092K(57408K)->57092K(57408K) NonClass: 48797K(49024K)->48797K(49024K) Class: 8294K(8384K)->8294K(8384K)
[298.800s][info][gc             ] GC(577) Pause Young (Allocation Failure) 692M->519M(686M) 3.427ms
[298.800s][info][gc,cpu         ] GC(577) User=0.00s Sys=0.00s Real=0.00s
[299.215s][info][gc,start       ] GC(578) Pause Young (Allocation Failure)
[299.222s][info][gc,heap        ] GC(578) PSYoungGen: 171806K(172032K)->2976K(193024K) Eden: 170496K(170496K)->0K(189952K) From: 1310K(1536K)->2976K(3072K)
[299.222s][info][gc,heap        ] GC(578) ParOldGen: 530241K(530432K)->530576K(530944K)
[299.222s][info][gc,metaspace   ] GC(578) Metaspace: 57092K(57408K)->57092K(57408K) NonClass: 48797K(49024K)->48797K(49024K) Class: 8294K(8384K)->8294K(8384K)
[299.222s][info][gc             ] GC(578) Pause Young (Allocation Failure) 685M->521M(707M) 6.637ms
[299.222s][info][gc,cpu         ] GC(578) User=0.02s Sys=0.01s Real=0.01s
[299.713s][info][gc,start       ] GC(579) Pause Young (Allocation Failure)
[299.717s][info][gc,heap        ] GC(579) PSYoungGen: 192928K(193024K)->1758K(206848K) Eden: 189952K(189952K)->0K(203264K) From: 2976K(3072K)->1758K(3584K)
[299.717s][info][gc,heap        ] GC(579) ParOldGen: 530576K(530944K)->530592K(530944K)
[299.717s][info][gc,metaspace   ] GC(579) Metaspace: 57092K(57408K)->57092K(57408K) NonClass: 48797K(49024K)->48797K(49024K) Class: 8294K(8384K)->8294K(8384K)
[299.717s][info][gc             ] GC(579) Pause Young (Allocation Failure) 706M->519M(720M) 3.983ms
[299.717s][info][gc,cpu         ] GC(579) User=0.00s Sys=0.00s Real=0.01s
[300.214s][info][gc,start       ] GC(580) Pause Young (Allocation Failure)
[300.220s][info][gc,heap        ] GC(580) PSYoungGen: 205022K(206848K)->2687K(206848K) Eden: 203264K(203264K)->0K(203264K) From: 1758K(3584K)->2687K(3584K)
[300.220s][info][gc,heap        ] GC(580) ParOldGen: 530592K(530944K)->530608K(530944K)
[300.220s][info][gc,metaspace   ] GC(580) Metaspace: 57092K(57408K)->57092K(57408K) NonClass: 48797K(49024K)->48797K(49024K) Class: 8294K(8384K)->8294K(8384K)
[300.220s][info][gc             ] GC(580) Pause Young (Allocation Failure) 718M->520M(720M) 5.933ms
[300.220s][info][gc,cpu         ] GC(580) User=0.01s Sys=0.00s Real=0.01s
[300.777s][info][gc,start       ] GC(581) Pause Young (Allocation Failure)
[300.781s][info][gc,heap        ] GC(581) PSYoungGen: 205951K(206848K)->1279K(197632K) Eden: 203264K(203264K)->0K(196096K) From: 2687K(3584K)->1279K(1536K)
[300.781s][info][gc,heap        ] GC(581) ParOldGen: 530608K(530944K)->530624K(530944K)
[300.781s][info][gc,metaspace   ] GC(581) Metaspace: 57092K(57408K)->57092K(57408K) NonClass: 48797K(49024K)->48797K(49024K) Class: 8294K(8384K)->8294K(8384K)
[300.781s][info][gc             ] GC(581) Pause Young (Allocation Failure) 719M->519M(711M) 3.742ms
[300.781s][info][gc,cpu         ] GC(581) User=0.00s Sys=0.00s Real=0.00s
[301.229s][info][gc,start       ] GC(582) Pause Young (Allocation Failure)
[301.233s][info][gc,heap        ] GC(582) PSYoungGen: 197162K(197632K)->1248K(190464K) Eden: 195882K(196096K)->0K(188928K) From: 1279K(1536K)->1248K(1536K)
[301.233s][info][gc,heap        ] GC(582) ParOldGen: 530624K(530944K)->530640K(530944K)
[301.233s][info][gc,metaspace   ] GC(582) Metaspace: 57092K(57408K)->57092K(57408K) NonClass: 48797K(49024K)->48797K(49024K) Class: 8294K(8384K)->8294K(8384K)
[301.233s][info][gc             ] GC(582) Pause Young (Allocation Failure) 710M->519M(704M) 3.953ms
[301.233s][info][gc,cpu         ] GC(582) User=0.01s Sys=0.00s Real=0.00s
[301.713s][info][gc,start       ] GC(583) Pause Young (Allocation Failure)
[301.718s][info][gc,heap        ] GC(583) PSYoungGen: 190176K(190464K)->2366K(184832K) Eden: 188928K(188928K)->0K(182272K) From: 1248K(1536K)->2366K(2560K)
[301.718s][info][gc,heap        ] GC(583) ParOldGen: 530640K(530944K)->530656K(530944K)
[301.718s][info][gc,metaspace   ] GC(583) Metaspace: 57092K(57408K)->57092K(57408K) NonClass: 48797K(49024K)->48797K(49024K) Class: 8294K(8384K)->8294K(8384K)
[301.718s][info][gc             ] GC(583) Pause Young (Allocation Failure) 703M->520M(699M) 5.076ms
[301.718s][info][gc,cpu         ] GC(583) User=0.01s Sys=0.01s Real=0.01s
[302.199s][info][gc,start       ] GC(584) Pause Young (Allocation Failure)
[302.203s][info][gc,heap        ] GC(584) PSYoungGen: 184638K(184832K)->1598K(178176K) Eden: 182272K(182272K)->0K(176128K) From: 2366K(2560K)->1598K(2048K)
[302.203s][info][gc,heap        ] GC(584) ParOldGen: 530656K(530944K)->530672K(530944K)
[302.203s][info][gc,metaspace   ] GC(584) Metaspace: 57092K(57408K)->57092K(57408K) NonClass: 48797K(49024K)->48797K(49024K) Class: 8294K(8384K)->8294K(8384K)
[302.203s][info][gc             ] GC(584) Pause Young (Allocation Failure) 698M->519M(692M) 3.814ms
[302.203s][info][gc,cpu         ] GC(584) User=0.00s Sys=0.00s Real=0.00s
[302.625s][info][gc,start       ] GC(585) Pause Young (Allocation Failure)
[302.630s][info][gc,heap        ] GC(585) PSYoungGen: 177636K(178176K)->1888K(172032K) Eden: 176038K(176128K)->0K(169984K) From: 1598K(2048K)->1888K(2048K)
[302.630s][info][gc,heap        ] GC(585) ParOldGen: 530672K(530944K)->530688K(530944K)
[302.630s][info][gc,metaspace   ] GC(585) Metaspace: 57092K(57408K)->57092K(57408K) NonClass: 48797K(49024K)->48797K(49024K) Class: 8294K(8384K)->8294K(8384K)
[302.630s][info][gc             ] GC(585) Pause Young (Allocation Failure) 691M->520M(686M) 4.571ms
[302.630s][info][gc,cpu         ] GC(585) User=0.01s Sys=0.00s Real=0.01s
[303.091s][info][gc,start       ] GC(586) Pause Young (Allocation Failure)
[303.094s][info][gc,heap        ] GC(586) PSYoungGen: 171872K(172032K)->757K(165376K) Eden: 169984K(169984K)->0K(164352K) From: 1888K(2048K)->757K(1024K)
[303.094s][info][gc,heap        ] GC(586) ParOldGen: 530688K(530944K)->530704K(530944K)
[303.094s][info][gc,metaspace   ] GC(586) Metaspace: 57092K(57408K)->57092K(57408K) NonClass: 48797K(49024K)->48797K(49024K) Class: 8294K(8384K)->8294K(8384K)
[303.094s][info][gc             ] GC(586) Pause Young (Allocation Failure) 686M->519M(680M) 3.084ms
[303.094s][info][gc,cpu         ] GC(586) User=0.01s Sys=0.00s Real=0.00s
[303.503s][info][gc,start       ] GC(587) Pause Young (Allocation Failure)
[303.507s][info][gc,heap        ] GC(587) PSYoungGen: 165109K(165376K)->1791K(160768K) Eden: 164352K(164352K)->0K(158720K) From: 757K(1024K)->1791K(2048K)
[303.507s][info][gc,heap        ] GC(587) ParOldGen: 530704K(530944K)->530720K(530944K)
[303.507s][info][gc,metaspace   ] GC(587) Metaspace: 57092K(57408K)->57092K(57408K) NonClass: 48797K(49024K)->48797K(49024K) Class: 8294K(8384K)->8294K(8384K)
[303.507s][info][gc             ] GC(587) Pause Young (Allocation Failure) 679M->520M(675M) 4.506ms
[303.507s][info][gc,cpu         ] GC(587) User=0.01s Sys=0.00s Real=0.01s
[303.902s][info][gc,start       ] GC(588) Pause Young (Allocation Failure)
[303.906s][info][gc,heap        ] GC(588) PSYoungGen: 160511K(160768K)->1759K(155648K) Eden: 158720K(158720K)->0K(153600K) From: 1791K(2048K)->1759K(2048K)
[303.906s][info][gc,heap        ] GC(588) ParOldGen: 530720K(530944K)->530736K(530944K)
[303.906s][info][gc,metaspace   ] GC(588) Metaspace: 57092K(57408K)->57092K(57408K) NonClass: 48797K(49024K)->48797K(49024K) Class: 8294K(8384K)->8294K(8384K)
[303.906s][info][gc             ] GC(588) Pause Young (Allocation Failure) 675M->520M(670M) 4.410ms
[303.906s][info][gc,cpu         ] GC(588) User=0.01s Sys=0.00s Real=0.01s
[304.302s][info][gc,start       ] GC(589) Pause Young (Allocation Failure)
[304.305s][info][gc,heap        ] GC(589) PSYoungGen: 155359K(155648K)->1758K(150528K) Eden: 153600K(153600K)->0K(148480K) From: 1759K(2048K)->1758K(2048K)
[304.305s][info][gc,heap        ] GC(589) ParOldGen: 530736K(530944K)->530752K(530944K)
[304.306s][info][gc,metaspace   ] GC(589) Metaspace: 57092K(57408K)->57092K(57408K) NonClass: 48797K(49024K)->48797K(49024K) Class: 8294K(8384K)->8294K(8384K)
[304.306s][info][gc             ] GC(589) Pause Young (Allocation Failure) 670M->520M(665M) 3.897ms
[304.306s][info][gc,cpu         ] GC(589) User=0.00s Sys=0.00s Real=0.00s
[304.698s][info][gc,start       ] GC(590) Pause Young (Allocation Failure)
[304.701s][info][gc,heap        ] GC(590) PSYoungGen: 150238K(150528K)->736K(144896K) Eden: 148480K(148480K)->0K(143872K) From: 1758K(2048K)->736K(1024K)
[304.701s][info][gc,heap        ] GC(590) ParOldGen: 530752K(530944K)->530768K(530944K)
[304.701s][info][gc,metaspace   ] GC(590) Metaspace: 57092K(57408K)->57092K(57408K) NonClass: 48797K(49024K)->48797K(49024K) Class: 8294K(8384K)->8294K(8384K)
[304.701s][info][gc             ] GC(590) Pause Young (Allocation Failure) 665M->519M(660M) 3.042ms
[304.701s][info][gc,cpu         ] GC(590) User=0.00s Sys=0.00s Real=0.00s
[305.029s][info][gc,start       ] GC(591) Pause Young (Allocation Failure)
[305.032s][info][gc,heap        ] GC(591) PSYoungGen: 144608K(144896K)->1055K(140800K) Eden: 143872K(143872K)->0K(139264K) From: 736K(1024K)->1055K(1536K)
[305.032s][info][gc,heap        ] GC(591) ParOldGen: 530768K(530944K)->530784K(530944K)
[305.032s][info][gc,metaspace   ] GC(591) Metaspace: 57092K(57408K)->57092K(57408K) NonClass: 48797K(49024K)->48797K(49024K) Class: 8294K(8384K)->8294K(8384K)
[305.032s][info][gc             ] GC(591) Pause Young (Allocation Failure) 659M->519M(656M) 2.777ms
[305.032s][info][gc,cpu         ] GC(591) User=0.01s Sys=0.00s Real=0.00s
[305.410s][info][gc,start       ] GC(592) Pause Young (Allocation Failure)
[305.416s][info][gc,heap        ] GC(592) PSYoungGen: 140319K(140800K)->2399K(168448K) Eden: 139264K(139264K)->0K(165888K) From: 1055K(1536K)->2399K(2560K)
[305.416s][info][gc,heap        ] GC(592) ParOldGen: 530784K(530944K)->530800K(530944K)
[305.416s][info][gc,metaspace   ] GC(592) Metaspace: 57092K(57408K)->57092K(57408K) NonClass: 48797K(49024K)->48797K(49024K) Class: 8294K(8384K)->8294K(8384K)
[305.416s][info][gc             ] GC(592) Pause Young (Allocation Failure) 655M->520M(683M) 6.249ms
[305.416s][info][gc,cpu         ] GC(592) User=0.01s Sys=0.00s Real=0.01s
[305.818s][info][gc,start       ] GC(593) Pause Young (Allocation Failure)
[305.822s][info][gc,heap        ] GC(593) PSYoungGen: 168287K(168448K)->1727K(199168K) Eden: 165888K(165888K)->0K(197120K) From: 2399K(2560K)->1727K(2048K)
[305.822s][info][gc,heap        ] GC(593) ParOldGen: 530800K(530944K)->530816K(530944K)
[305.822s][info][gc,metaspace   ] GC(593) Metaspace: 57092K(57408K)->57092K(57408K) NonClass: 48797K(49024K)->48797K(49024K) Class: 8294K(8384K)->8294K(8384K)
[305.822s][info][gc             ] GC(593) Pause Young (Allocation Failure) 682M->520M(713M) 4.033ms
[305.822s][info][gc,cpu         ] GC(593) User=0.01s Sys=0.00s Real=0.00s
[306.322s][info][gc,start       ] GC(594) Pause Young (Allocation Failure)
[306.327s][info][gc,heap        ] GC(594) PSYoungGen: 198847K(199168K)->1887K(229376K) Eden: 197120K(197120K)->0K(226304K) From: 1727K(2048K)->1887K(3072K)
[306.327s][info][gc,heap        ] GC(594) ParOldGen: 530816K(530944K)->530832K(530944K)
[306.327s][info][gc,metaspace   ] GC(594) Metaspace: 57092K(57408K)->57092K(57408K) NonClass: 48797K(49024K)->48797K(49024K) Class: 8294K(8384K)->8294K(8384K)
[306.327s][info][gc             ] GC(594) Pause Young (Allocation Failure) 712M->520M(742M) 4.534ms
[306.327s][info][gc,cpu         ] GC(594) User=0.01s Sys=0.00s Real=0.01s
[306.951s][info][gc,start       ] GC(595) Pause Young (Allocation Failure)
[306.958s][info][gc,heap        ] GC(595) PSYoungGen: 227918K(229376K)->2944K(237056K) Eden: 226031K(226304K)->0K(233984K) From: 1887K(3072K)->2944K(3072K)
[306.958s][info][gc,heap        ] GC(595) ParOldGen: 530832K(530944K)->530848K(530944K)
[306.958s][info][gc,metaspace   ] GC(595) Metaspace: 57092K(57408K)->57092K(57408K) NonClass: 48797K(49024K)->48797K(49024K) Class: 8294K(8384K)->8294K(8384K)
[306.958s][info][gc             ] GC(595) Pause Young (Allocation Failure) 740M->521M(750M) 6.936ms
[306.958s][info][gc,cpu         ] GC(595) User=0.01s Sys=0.00s Real=0.01s
[307.517s][info][gc,start       ] GC(596) Pause Young (Allocation Failure)
[307.521s][info][gc,heap        ] GC(596) PSYoungGen: 236928K(237056K)->1600K(227328K) Eden: 233984K(233984K)->0K(225280K) From: 2944K(3072K)->1600K(2048K)
[307.521s][info][gc,heap        ] GC(596) ParOldGen: 530848K(530944K)->530864K(530944K)
[307.521s][info][gc,metaspace   ] GC(596) Metaspace: 57092K(57408K)->57092K(57408K) NonClass: 48797K(49024K)->48797K(49024K) Class: 8294K(8384K)->8294K(8384K)
[307.521s][info][gc             ] GC(596) Pause Young (Allocation Failure) 749M->519M(740M) 4.655ms
[307.521s][info][gc,cpu         ] GC(596) User=0.01s Sys=0.00s Real=0.00s
[308.103s][info][gc,start       ] GC(597) Pause Young (Allocation Failure)
[308.107s][info][gc,heap        ] GC(597) PSYoungGen: 226880K(227328K)->1983K(219136K) Eden: 225280K(225280K)->0K(217088K) From: 1600K(2048K)->1983K(2048K)
[308.108s][info][gc,heap        ] GC(597) ParOldGen: 530864K(530944K)->530880K(530944K)
[308.108s][info][gc,metaspace   ] GC(597) Metaspace: 57092K(57408K)->57092K(57408K) NonClass: 48797K(49024K)->48797K(49024K) Class: 8294K(8384K)->8294K(8384K)
[308.108s][info][gc             ] GC(597) Pause Young (Allocation Failure) 739M->520M(732M) 4.442ms
[308.108s][info][gc,cpu         ] GC(597) User=0.00s Sys=0.00s Real=0.01s
[308.632s][info][gc,start       ] GC(598) Pause Young (Allocation Failure)
[308.635s][info][gc,heap        ] GC(598) PSYoungGen: 219071K(219136K)->1055K(210432K) Eden: 217088K(217088K)->0K(208896K) From: 1983K(2048K)->1055K(1536K)
[308.636s][info][gc,heap        ] GC(598) ParOldGen: 530880K(530944K)->530896K(530944K)
[308.636s][info][gc,metaspace   ] GC(598) Metaspace: 57092K(57408K)->57092K(57408K) NonClass: 48797K(49024K)->48797K(49024K) Class: 8294K(8384K)->8294K(8384K)
[308.636s][info][gc             ] GC(598) Pause Young (Allocation Failure) 732M->519M(724M) 3.044ms
[308.636s][info][gc,cpu         ] GC(598) User=0.01s Sys=0.00s Real=0.00s
[309.201s][info][gc,start       ] GC(599) Pause Young (Allocation Failure)
[309.204s][info][gc,heap        ] GC(599) PSYoungGen: 209951K(210432K)->672K(202240K) Eden: 208896K(208896K)->0K(201216K) From: 1055K(1536K)->672K(1024K)
[309.204s][info][gc,heap        ] GC(599) ParOldGen: 530896K(530944K)->530912K(530944K)
[309.204s][info][gc,metaspace   ] GC(599) Metaspace: 57092K(57408K)->57092K(57408K) NonClass: 48797K(49024K)->48797K(49024K) Class: 8294K(8384K)->8294K(8384K)
[309.204s][info][gc             ] GC(599) Pause Young (Allocation Failure) 723M->519M(716M) 2.980ms
[309.204s][info][gc,cpu         ] GC(599) User=0.00s Sys=0.00s Real=0.00s
[309.707s][info][gc,start       ] GC(600) Pause Young (Allocation Failure)
[309.711s][info][gc,heap        ] GC(600) PSYoungGen: 201888K(202240K)->1728K(197632K) Eden: 201216K(201216K)->0K(194048K) From: 672K(1024K)->1728K(3584K)
[309.711s][info][gc,heap        ] GC(600) ParOldGen: 530912K(530944K)->530928K(530944K)
[309.711s][info][gc,metaspace   ] GC(600) Metaspace: 57092K(57408K)->57092K(57408K) NonClass: 48797K(49024K)->48797K(49024K) Class: 8294K(8384K)->8294K(8384K)
[309.711s][info][gc             ] GC(600) Pause Young (Allocation Failure) 715M->520M(711M) 4.074ms
[309.711s][info][gc,cpu         ] GC(600) User=0.00s Sys=0.00s Real=0.00s
[310.204s][info][gc,start       ] GC(601) Pause Young (Allocation Failure)
[310.208s][info][gc,heap        ] GC(601) PSYoungGen: 195776K(197632K)->1664K(189440K) Eden: 194048K(194048K)->0K(187392K) From: 1728K(3584K)->1664K(2048K)
[310.208s][info][gc,heap        ] GC(601) ParOldGen: 530928K(530944K)->530944K(531456K)
[310.208s][info][gc,metaspace   ] GC(601) Metaspace: 57092K(57408K)->57092K(57408K) NonClass: 48797K(49024K)->48797K(49024K) Class: 8294K(8384K)->8294K(8384K)
[310.208s][info][gc             ] GC(601) Pause Young (Allocation Failure) 709M->520M(704M) 3.990ms
[310.208s][info][gc,cpu         ] GC(601) User=0.00s Sys=0.00s Real=0.01s
[310.700s][info][gc,start       ] GC(602) Pause Young (Allocation Failure)
[310.703s][info][gc,heap        ] GC(602) PSYoungGen: 189056K(189440K)->1376K(182272K) Eden: 187392K(187392K)->0K(180736K) From: 1664K(2048K)->1376K(1536K)
[310.703s][info][gc,heap        ] GC(602) ParOldGen: 530944K(531456K)->530960K(531456K)
[310.703s][info][gc,metaspace   ] GC(602) Metaspace: 57092K(57408K)->57092K(57408K) NonClass: 48797K(49024K)->48797K(49024K) Class: 8294K(8384K)->8294K(8384K)
[310.703s][info][gc             ] GC(602) Pause Young (Allocation Failure) 703M->519M(697M) 3.744ms
[310.703s][info][gc,cpu         ] GC(602) User=0.01s Sys=0.00s Real=0.00s
[311.128s][info][gc,start       ] GC(603) Pause Young (Allocation Failure)
[311.131s][info][gc,heap        ] GC(603) PSYoungGen: 182112K(182272K)->1279K(176128K) Eden: 180736K(180736K)->0K(174592K) From: 1376K(1536K)->1279K(1536K)
[311.131s][info][gc,heap        ] GC(603) ParOldGen: 530960K(531456K)->530976K(531456K)
[311.131s][info][gc,metaspace   ] GC(603) Metaspace: 57092K(57408K)->57092K(57408K) NonClass: 48797K(49024K)->48797K(49024K) Class: 8294K(8384K)->8294K(8384K)
[311.131s][info][gc             ] GC(603) Pause Young (Allocation Failure) 696M->519M(691M) 3.160ms
[311.132s][info][gc,cpu         ] GC(603) User=0.00s Sys=0.00s Real=0.00s
[311.603s][info][gc,start       ] GC(604) Pause Young (Allocation Failure)
[311.607s][info][gc,heap        ] GC(604) PSYoungGen: 175871K(176128K)->1727K(170496K) Eden: 174592K(174592K)->0K(168448K) From: 1279K(1536K)->1727K(2048K)
[311.607s][info][gc,heap        ] GC(604) ParOldGen: 530976K(531456K)->530992K(531456K)
[311.607s][info][gc,metaspace   ] GC(604) Metaspace: 57092K(57408K)->57092K(57408K) NonClass: 48797K(49024K)->48797K(49024K) Class: 8294K(8384K)->8294K(8384K)
[311.607s][info][gc             ] GC(604) Pause Young (Allocation Failure) 690M->520M(685M) 3.752ms
[311.607s][info][gc,cpu         ] GC(604) User=0.01s Sys=0.00s Real=0.01s
[312.061s][info][gc,start       ] GC(605) Pause Young (Allocation Failure)
[312.065s][info][gc,heap        ] GC(605) PSYoungGen: 170030K(170496K)->2016K(164864K) Eden: 168302K(168448K)->0K(162816K) From: 1727K(2048K)->2016K(2048K)
[312.065s][info][gc,heap        ] GC(605) ParOldGen: 530992K(531456K)->531008K(531456K)
[312.065s][info][gc,metaspace   ] GC(605) Metaspace: 57092K(57408K)->57092K(57408K) NonClass: 48797K(49024K)->48797K(49024K) Class: 8294K(8384K)->8294K(8384K)
[312.065s][info][gc             ] GC(605) Pause Young (Allocation Failure) 684M->520M(680M) 4.443ms
[312.065s][info][gc,cpu         ] GC(605) User=0.01s Sys=0.00s Real=0.00s
[312.426s][info][gc,start       ] GC(606) Pause Young (Allocation Failure)
[312.429s][info][gc,heap        ] GC(606) PSYoungGen: 164623K(164864K)->928K(158208K) Eden: 162607K(162816K)->0K(157184K) From: 2016K(2048K)->928K(1024K)
[312.429s][info][gc,heap        ] GC(606) ParOldGen: 531008K(531456K)->531024K(531456K)
[312.429s][info][gc,metaspace   ] GC(606) Metaspace: 57092K(57408K)->57092K(57408K) NonClass: 48797K(49024K)->48797K(49024K) Class: 8294K(8384K)->8294K(8384K)
[312.429s][info][gc             ] GC(606) Pause Young (Allocation Failure) 679M->519M(673M) 3.061ms
[312.429s][info][gc,cpu         ] GC(606) User=0.01s Sys=0.00s Real=0.00s
[312.835s][info][gc,start       ] GC(607) Pause Young (Allocation Failure)
[312.842s][info][gc,heap        ] GC(607) PSYoungGen: 157899K(158208K)->959K(188416K) Eden: 156971K(157184K)->0K(187392K) From: 928K(1024K)->959K(1024K)
[312.842s][info][gc,heap        ] GC(607) ParOldGen: 531024K(531456K)->531040K(531456K)
[312.842s][info][gc,metaspace   ] GC(607) Metaspace: 57092K(57408K)->57092K(57408K) NonClass: 48797K(49024K)->48797K(49024K) Class: 8294K(8384K)->8294K(8384K)
[312.842s][info][gc             ] GC(607) Pause Young (Allocation Failure) 672M->519M(703M) 7.258ms
[312.842s][info][gc,cpu         ] GC(607) User=0.01s Sys=0.00s Real=0.01s
[313.322s][info][gc,start       ] GC(608) Pause Young (Allocation Failure)
[313.327s][info][gc,heap        ] GC(608) PSYoungGen: 188351K(188416K)->2463K(220672K) Eden: 187392K(187392K)->0K(217600K) From: 959K(1024K)->2463K(3072K)
[313.327s][info][gc,heap        ] GC(608) ParOldGen: 531040K(531456K)->531056K(531456K)
[313.327s][info][gc,metaspace   ] GC(608) Metaspace: 57092K(57408K)->57092K(57408K) NonClass: 48797K(49024K)->48797K(49024K) Class: 8294K(8384K)->8294K(8384K)
[313.327s][info][gc             ] GC(608) Pause Young (Allocation Failure) 702M->521M(734M) 4.582ms
[313.327s][info][gc,cpu         ] GC(608) User=0.01s Sys=0.00s Real=0.01s
[313.894s][info][gc,start       ] GC(609) Pause Young (Allocation Failure)
[313.898s][info][gc,heap        ] GC(609) PSYoungGen: 220063K(220672K)->992K(210432K) Eden: 217600K(217600K)->0K(209408K) From: 2463K(3072K)->992K(1024K)
[313.898s][info][gc,heap        ] GC(609) ParOldGen: 531056K(531456K)->531072K(531456K)
[313.898s][info][gc,metaspace   ] GC(609) Metaspace: 57092K(57408K)->57092K(57408K) NonClass: 48797K(49024K)->48797K(49024K) Class: 8294K(8384K)->8294K(8384K)
[313.898s][info][gc             ] GC(609) Pause Young (Allocation Failure) 733M->519M(724M) 3.385ms
[313.898s][info][gc,cpu         ] GC(609) User=0.01s Sys=0.00s Real=0.01s
[314.420s][info][gc,start       ] GC(610) Pause Young (Allocation Failure)
[314.425s][info][gc,heap        ] GC(610) PSYoungGen: 210400K(210432K)->2336K(204288K) Eden: 209408K(209408K)->0K(201728K) From: 992K(1024K)->2336K(2560K)
[314.425s][info][gc,heap        ] GC(610) ParOldGen: 531072K(531456K)->531088K(531456K)
[314.425s][info][gc,metaspace   ] GC(610) Metaspace: 57092K(57408K)->57092K(57408K) NonClass: 48797K(49024K)->48797K(49024K) Class: 8294K(8384K)->8294K(8384K)
[314.425s][info][gc             ] GC(610) Pause Young (Allocation Failure) 724M->520M(718M) 4.917ms
[314.425s][info][gc,cpu         ] GC(610) User=0.01s Sys=0.00s Real=0.00s
[314.923s][info][gc,start       ] GC(611) Pause Young (Allocation Failure)
[314.927s][info][gc,heap        ] GC(611) PSYoungGen: 204064K(204288K)->1376K(196096K) Eden: 201728K(201728K)->0K(194560K) From: 2336K(2560K)->1376K(1536K)
[314.927s][info][gc,heap        ] GC(611) ParOldGen: 531088K(531456K)->531104K(531456K)
[314.927s][info][gc,metaspace   ] GC(611) Metaspace: 57092K(57408K)->57092K(57408K) NonClass: 48797K(49024K)->48797K(49024K) Class: 8294K(8384K)->8294K(8384K)
[314.927s][info][gc             ] GC(611) Pause Young (Allocation Failure) 717M->520M(710M) 4.069ms
[314.927s][info][gc,cpu         ] GC(611) User=0.01s Sys=0.01s Real=0.01s
[315.427s][info][gc,start       ] GC(612) Pause Young (Allocation Failure)
[315.430s][info][gc,heap        ] GC(612) PSYoungGen: 195936K(196096K)->1663K(189440K) Eden: 194560K(194560K)->0K(187392K) From: 1376K(1536K)->1663K(2048K)
[315.430s][info][gc,heap        ] GC(612) ParOldGen: 531104K(531456K)->531120K(531456K)
[315.430s][info][gc,metaspace   ] GC(612) Metaspace: 57092K(57408K)->57092K(57408K) NonClass: 48797K(49024K)->48797K(49024K) Class: 8294K(8384K)->8294K(8384K)
[315.430s][info][gc             ] GC(612) Pause Young (Allocation Failure) 710M->520M(704M) 3.715ms
[315.431s][info][gc,cpu         ] GC(612) User=0.01s Sys=0.00s Real=0.00s
[315.973s][info][gc,start       ] GC(613) Pause Young (Allocation Failure)
[315.976s][info][gc,heap        ] GC(613) PSYoungGen: 189055K(189440K)->1758K(182784K) Eden: 187392K(187392K)->0K(180736K) From: 1663K(2048K)->1758K(2048K)
[315.976s][info][gc,heap        ] GC(613) ParOldGen: 531120K(531456K)->531136K(531456K)
[315.976s][info][gc,metaspace   ] GC(613) Metaspace: 57092K(57408K)->57092K(57408K) NonClass: 48797K(49024K)->48797K(49024K) Class: 8294K(8384K)->8294K(8384K)
[315.976s][info][gc             ] GC(613) Pause Young (Allocation Failure) 703M->520M(697M) 3.421ms
[315.976s][info][gc,cpu         ] GC(613) User=0.00s Sys=0.00s Real=0.01s
[316.399s][info][gc,start       ] GC(614) Pause Young (Allocation Failure)
[316.403s][info][gc,heap        ] GC(614) PSYoungGen: 182494K(182784K)->1631K(176640K) Eden: 180736K(180736K)->0K(174592K) From: 1758K(2048K)->1631K(2048K)
[316.403s][info][gc,heap        ] GC(614) ParOldGen: 531136K(531456K)->531152K(531456K)
[316.403s][info][gc,metaspace   ] GC(614) Metaspace: 57092K(57408K)->57092K(57408K) NonClass: 48797K(49024K)->48797K(49024K) Class: 8294K(8384K)->8294K(8384K)
[316.403s][info][gc             ] GC(614) Pause Young (Allocation Failure) 696M->520M(691M) 3.649ms
[316.403s][info][gc,cpu         ] GC(614) User=0.01s Sys=0.00s Real=0.00s
[316.827s][info][gc,start       ] GC(615) Pause Young (Allocation Failure)
[316.831s][info][gc,heap        ] GC(615) PSYoungGen: 176192K(176640K)->1408K(169984K) Eden: 174561K(174592K)->0K(168448K) From: 1631K(2048K)->1408K(1536K)
[316.831s][info][gc,heap        ] GC(615) ParOldGen: 531152K(531456K)->531168K(531456K)
[316.831s][info][gc,metaspace   ] GC(615) Metaspace: 57092K(57408K)->57092K(57408K) NonClass: 48797K(49024K)->48797K(49024K) Class: 8294K(8384K)->8294K(8384K)
[316.831s][info][gc             ] GC(615) Pause Young (Allocation Failure) 690M->520M(685M) 3.683ms
[316.831s][info][gc,cpu         ] GC(615) User=0.01s Sys=0.00s Real=0.00s
[317.307s][info][gc,start       ] GC(616) Pause Young (Allocation Failure)
[317.320s][info][gc,heap        ] GC(616) PSYoungGen: 169856K(169984K)->3056K(203776K) Eden: 168448K(168448K)->0K(200704K) From: 1408K(1536K)->3056K(3072K)
[317.320s][info][gc,heap        ] GC(616) ParOldGen: 531168K(531456K)->538795K(539136K)
[317.320s][info][gc,metaspace   ] GC(616) Metaspace: 57092K(57408K)->57092K(57408K) NonClass: 48797K(49024K)->48797K(49024K) Class: 8294K(8384K)->8294K(8384K)
[317.320s][info][gc             ] GC(616) Pause Young (Allocation Failure) 684M->529M(725M) 13.738ms
[317.320s][info][gc,cpu         ] GC(616) User=0.01s Sys=0.00s Real=0.01s
[317.790s][info][gc,start       ] GC(617) Pause Young (Allocation Failure)
[317.796s][info][gc,heap        ] GC(617) PSYoungGen: 203760K(203776K)->1086K(213504K) Eden: 200704K(200704K)->0K(211456K) From: 3056K(3072K)->1086K(2048K)
[317.796s][info][gc,heap        ] GC(617) ParOldGen: 538795K(539136K)->541859K(542208K)
[317.796s][info][gc,metaspace   ] GC(617) Metaspace: 57092K(57408K)->57092K(57408K) NonClass: 48797K(49024K)->48797K(49024K) Class: 8294K(8384K)->8294K(8384K)
[317.796s][info][gc             ] GC(617) Pause Young (Allocation Failure) 725M->530M(738M) 6.263ms
[317.796s][info][gc,cpu         ] GC(617) User=0.01s Sys=0.00s Real=0.01s
[318.314s][info][gc,start       ] GC(618) Pause Young (Allocation Failure)
[318.318s][info][gc,heap        ] GC(618) PSYoungGen: 212542K(213504K)->1600K(217600K) Eden: 211456K(211456K)->0K(211456K) From: 1086K(2048K)->1600K(6144K)
[318.318s][info][gc,heap        ] GC(618) ParOldGen: 541859K(542208K)->542218K(542720K)
[318.318s][info][gc,metaspace   ] GC(618) Metaspace: 57092K(57408K)->57092K(57408K) NonClass: 48797K(49024K)->48797K(49024K) Class: 8294K(8384K)->8294K(8384K)
[318.318s][info][gc             ] GC(618) Pause Young (Allocation Failure) 736M->531M(742M) 4.212ms
[318.318s][info][gc,cpu         ] GC(618) User=0.01s Sys=0.00s Real=0.01s
[318.835s][info][gc,start       ] GC(619) Pause Young (Allocation Failure)
[318.837s][info][gc,heap        ] GC(619) PSYoungGen: 213056K(217600K)->640K(256512K) Eden: 211456K(211456K)->0K(251392K) From: 1600K(6144K)->640K(5120K)
[318.837s][info][gc,heap        ] GC(619) ParOldGen: 542218K(542720K)->542234K(542720K)
[318.837s][info][gc,metaspace   ] GC(619) Metaspace: 57092K(57408K)->57092K(57408K) NonClass: 48797K(49024K)->48797K(49024K) Class: 8294K(8384K)->8294K(8384K)
[318.837s][info][gc             ] GC(619) Pause Young (Allocation Failure) 737M->530M(780M) 2.906ms
[318.837s][info][gc,cpu         ] GC(619) User=0.01s Sys=0.00s Real=0.01s
[319.516s][info][gc,start       ] GC(620) Pause Young (Allocation Failure)
[319.519s][info][gc,heap        ] GC(620) PSYoungGen: 252029K(256512K)->736K(242688K) Eden: 251389K(251392K)->0K(241664K) From: 640K(5120K)->736K(1024K)
[319.519s][info][gc,heap        ] GC(620) ParOldGen: 542234K(542720K)->542250K(542720K)
[319.519s][info][gc,metaspace   ] GC(620) Metaspace: 57092K(57408K)->57092K(57408K) NonClass: 48797K(49024K)->48797K(49024K) Class: 8294K(8384K)->8294K(8384K)
[319.519s][info][gc             ] GC(620) Pause Young (Allocation Failure) 775M->530M(767M) 3.012ms
[319.519s][info][gc,cpu         ] GC(620) User=0.00s Sys=0.00s Real=0.00s
[320.111s][info][gc,start       ] GC(621) Pause Young (Allocation Failure)
[320.116s][info][gc,heap        ] GC(621) PSYoungGen: 242400K(242688K)->2176K(235008K) Eden: 241664K(241664K)->0K(232448K) From: 736K(1024K)->2176K(2560K)
[320.116s][info][gc,heap        ] GC(621) ParOldGen: 542250K(542720K)->542266K(542720K)
[320.116s][info][gc,metaspace   ] GC(621) Metaspace: 57092K(57408K)->57092K(57408K) NonClass: 48797K(49024K)->48797K(49024K) Class: 8294K(8384K)->8294K(8384K)
[320.116s][info][gc             ] GC(621) Pause Young (Allocation Failure) 766M->531M(759M) 5.577ms
[320.116s][info][gc,cpu         ] GC(621) User=0.01s Sys=0.00s Real=0.01s
[320.704s][info][gc,start       ] GC(622) Pause Young (Allocation Failure)
[320.708s][info][gc,heap        ] GC(622) PSYoungGen: 234624K(235008K)->1312K(225280K) Eden: 232448K(232448K)->0K(223744K) From: 2176K(2560K)->1312K(1536K)
[320.708s][info][gc,heap        ] GC(622) ParOldGen: 542266K(542720K)->542282K(542720K)
[320.708s][info][gc,metaspace   ] GC(622) Metaspace: 57092K(57408K)->57092K(57408K) NonClass: 48797K(49024K)->48797K(49024K) Class: 8294K(8384K)->8294K(8384K)
[320.708s][info][gc             ] GC(622) Pause Young (Allocation Failure) 758M->530M(750M) 3.806ms
[320.708s][info][gc,cpu         ] GC(622) User=0.01s Sys=0.00s Real=0.01s
[321.293s][info][gc,start       ] GC(623) Pause Young (Allocation Failure)
[321.296s][info][gc,heap        ] GC(623) PSYoungGen: 225056K(225280K)->800K(216576K) Eden: 223744K(223744K)->0K(215552K) From: 1312K(1536K)->800K(1024K)
[321.296s][info][gc,heap        ] GC(623) ParOldGen: 542282K(542720K)->542298K(542720K)
[321.296s][info][gc,metaspace   ] GC(623) Metaspace: 57092K(57408K)->57092K(57408K) NonClass: 48797K(49024K)->48797K(49024K) Class: 8294K(8384K)->8294K(8384K)
[321.296s][info][gc             ] GC(623) Pause Young (Allocation Failure) 749M->530M(741M) 3.081ms
[321.296s][info][gc,cpu         ] GC(623) User=0.01s Sys=0.00s Real=0.01s
[321.820s][info][gc,start       ] GC(624) Pause Young (Allocation Failure)
[321.824s][info][gc,heap        ] GC(624) PSYoungGen: 216352K(216576K)->1919K(212992K) Eden: 215552K(215552K)->0K(207872K) From: 800K(1024K)->1919K(5120K)
[321.824s][info][gc,heap        ] GC(624) ParOldGen: 542298K(542720K)->542314K(542720K)
[321.824s][info][gc,metaspace   ] GC(624) Metaspace: 57092K(57408K)->57092K(57408K) NonClass: 48797K(49024K)->48797K(49024K) Class: 8294K(8384K)->8294K(8384K)
[321.824s][info][gc             ] GC(624) Pause Young (Allocation Failure) 740M->531M(738M) 4.042ms
[321.824s][info][gc,cpu         ] GC(624) User=0.01s Sys=0.00s Real=0.00s
[322.338s][info][gc,start       ] GC(625) Pause Young (Allocation Failure)
[322.340s][info][gc,heap        ] GC(625) PSYoungGen: 209568K(212992K)->288K(200704K) Eden: 207649K(207872K)->0K(200192K) From: 1919K(5120K)->288K(512K)
[322.340s][info][gc,heap        ] GC(625) ParOldGen: 542314K(542720K)->542330K(542720K)
[322.340s][info][gc,metaspace   ] GC(625) Metaspace: 57092K(57408K)->57092K(57408K) NonClass: 48797K(49024K)->48797K(49024K) Class: 8294K(8384K)->8294K(8384K)
[322.340s][info][gc             ] GC(625) Pause Young (Allocation Failure) 734M->529M(726M) 2.551ms
[322.340s][info][gc,cpu         ] GC(625) User=0.00s Sys=0.00s Real=0.00s
[322.895s][info][gc,start       ] GC(626) Pause Young (Allocation Failure)
[322.897s][info][gc,heap        ] GC(626) PSYoungGen: 200270K(200704K)->352K(197632K) Eden: 199982K(200192K)->0K(193024K) From: 288K(512K)->352K(4608K)
[322.899s][info][gc,heap        ] GC(626) ParOldGen: 542330K(542720K)->542346K(542720K)
[322.899s][info][gc,metaspace   ] GC(626) Metaspace: 57092K(57408K)->57092K(57408K) NonClass: 48797K(49024K)->48797K(49024K) Class: 8294K(8384K)->8294K(8384K)
[322.899s][info][gc             ] GC(626) Pause Young (Allocation Failure) 725M->529M(723M) 4.157ms
[322.899s][info][gc,cpu         ] GC(626) User=0.00s Sys=0.00s Real=0.01s
[323.386s][info][gc,start       ] GC(627) Pause Young (Allocation Failure)
[323.389s][info][gc,heap        ] GC(627) PSYoungGen: 193376K(197632K)->405K(186880K) Eden: 193024K(193024K)->0K(186368K) From: 352K(4608K)->405K(512K)
[323.389s][info][gc,heap        ] GC(627) ParOldGen: 542346K(542720K)->542362K(542720K)
[323.389s][info][gc,metaspace   ] GC(627) Metaspace: 57092K(57408K)->57092K(57408K) NonClass: 48797K(49024K)->48797K(49024K) Class: 8294K(8384K)->8294K(8384K)
[323.389s][info][gc             ] GC(627) Pause Young (Allocation Failure) 718M->530M(712M) 2.592ms
[323.389s][info][gc,cpu         ] GC(627) User=0.01s Sys=0.00s Real=0.00s
[324.765s][info][gc,start       ] GC(628) Pause Young (Allocation Failure)
[324.813s][info][gc,heap        ] GC(628) PSYoungGen: 164504K(186880K)->64K(226816K) Eden: 164099K(186368K)->0K(222208K) From: 405K(512K)->64K(4608K)
[324.813s][info][gc,heap        ] GC(628) ParOldGen: 542362K(542720K)->581441K(582144K)
[324.813s][info][gc,metaspace   ] GC(628) Metaspace: 57097K(57408K)->57097K(57408K) NonClass: 48802K(49024K)->48802K(49024K) Class: 8294K(8384K)->8294K(8384K)
[324.813s][info][gc             ] GC(628) Pause Young (Allocation Failure) 690M->567M(790M) 47.280ms
[324.813s][info][gc,cpu         ] GC(628) User=0.06s Sys=0.02s Real=0.05s
[326.311s][info][gc,start       ] GC(629) Pause Young (Allocation Failure)
[326.353s][info][gc,heap        ] GC(629) PSYoungGen: 222263K(226816K)->4602K(216064K) Eden: 222199K(222208K)->0K(211456K) From: 64K(4608K)->4602K(4608K)
[326.353s][info][gc,heap        ] GC(629) ParOldGen: 581441K(582144K)->630958K(631296K)
[326.353s][info][gc,metaspace   ] GC(629) Metaspace: 57307K(57600K)->57307K(57600K) NonClass: 49012K(49216K)->49012K(49216K) Class: 8294K(8384K)->8294K(8384K)
[326.353s][info][gc             ] GC(629) Pause Young (Allocation Failure) 784M->620M(827M) 41.487ms
[326.353s][info][gc,cpu         ] GC(629) User=0.04s Sys=0.04s Real=0.04s
[326.827s][info][gc,start       ] GC(630) Pause Young (Allocation Failure)
[326.836s][info][gc,heap        ] GC(630) PSYoungGen: 215774K(216064K)->1280K(235520K) Eden: 211172K(211456K)->0K(211456K) From: 4602K(4608K)->1280K(24064K)
[326.836s][info][gc,heap        ] GC(630) ParOldGen: 630958K(631296K)->635568K(635904K)
[326.836s][info][gc,metaspace   ] GC(630) Metaspace: 57307K(57600K)->57307K(57600K) NonClass: 49012K(49216K)->49012K(49216K) Class: 8294K(8384K)->8294K(8384K)
[326.836s][info][gc             ] GC(630) Pause Young (Allocation Failure) 826M->621M(851M) 8.373ms
[326.836s][info][gc,cpu         ] GC(630) User=0.02s Sys=0.01s Real=0.01s
[327.401s][info][gc,start       ] GC(631) Pause Young (Allocation Failure)
[327.406s][info][gc,heap        ] GC(631) PSYoungGen: 212736K(235520K)->1791K(273408K) Eden: 211456K(211456K)->0K(252416K) From: 1280K(24064K)->1791K(20992K)
[327.406s][info][gc,heap        ] GC(631) ParOldGen: 635568K(635904K)->635880K(635904K)
[327.406s][info][gc,metaspace   ] GC(631) Metaspace: 57307K(57600K)->57307K(57600K) NonClass: 49012K(49216K)->49012K(49216K) Class: 8294K(8384K)->8294K(8384K)
[327.406s][info][gc             ] GC(631) Pause Young (Allocation Failure) 828M->622M(888M) 5.042ms
[327.406s][info][gc,cpu         ] GC(631) User=0.00s Sys=0.00s Real=0.01s
[328.033s][info][gc,start       ] GC(632) Pause Young (Allocation Failure)
[328.037s][info][gc,heap        ] GC(632) PSYoungGen: 254204K(273408K)->1088K(274432K) Eden: 252413K(252416K)->0K(252416K) From: 1791K(20992K)->1088K(22016K)
[328.037s][info][gc,heap        ] GC(632) ParOldGen: 635880K(635904K)->635896K(635904K)
[328.037s][info][gc,metaspace   ] GC(632) Metaspace: 57307K(57600K)->57307K(57600K) NonClass: 49012K(49216K)->49012K(49216K) Class: 8294K(8384K)->8294K(8384K)
[328.037s][info][gc             ] GC(632) Pause Young (Allocation Failure) 869M->622M(889M) 3.825ms
[328.037s][info][gc,cpu         ] GC(632) User=0.01s Sys=0.00s Real=0.01s
[328.704s][info][gc,start       ] GC(633) Pause Young (Allocation Failure)
[328.709s][info][gc,heap        ] GC(633) PSYoungGen: 253504K(274432K)->2142K(309760K) Eden: 252416K(252416K)->0K(290816K) From: 1088K(22016K)->2142K(18944K)
[328.709s][info][gc,heap        ] GC(633) ParOldGen: 635896K(635904K)->635912K(636416K)
[328.709s][info][gc,metaspace   ] GC(633) Metaspace: 57307K(57600K)->57307K(57600K) NonClass: 49012K(49216K)->49012K(49216K) Class: 8294K(8384K)->8294K(8384K)
[328.709s][info][gc             ] GC(633) Pause Young (Allocation Failure) 868M->623M(924M) 4.960ms
[328.709s][info][gc,cpu         ] GC(633) User=0.00s Sys=0.00s Real=0.01s
[329.438s][info][gc,start       ] GC(634) Pause Young (Allocation Failure)
[329.441s][info][gc,heap        ] GC(634) PSYoungGen: 292958K(309760K)->1056K(310784K) Eden: 290816K(290816K)->0K(290816K) From: 2142K(18944K)->1056K(19968K)
[329.441s][info][gc,heap        ] GC(634) ParOldGen: 635912K(636416K)->635928K(636416K)
[329.441s][info][gc,metaspace   ] GC(634) Metaspace: 57307K(57600K)->57307K(57600K) NonClass: 49012K(49216K)->49012K(49216K) Class: 8294K(8384K)->8294K(8384K)
[329.441s][info][gc             ] GC(634) Pause Young (Allocation Failure) 907M->622M(925M) 3.667ms
[329.441s][info][gc,cpu         ] GC(634) User=0.01s Sys=0.00s Real=0.00s
[330.192s][info][gc,start       ] GC(635) Pause Young (Allocation Failure)
[330.196s][info][gc,heap        ] GC(635) PSYoungGen: 291872K(310784K)->1018K(281600K) Eden: 290816K(290816K)->0K(279552K) From: 1056K(19968K)->1018K(2048K)
[330.196s][info][gc,heap        ] GC(635) ParOldGen: 635928K(636416K)->635944K(636416K)
[330.196s][info][gc,metaspace   ] GC(635) Metaspace: 57307K(57600K)->57307K(57600K) NonClass: 49012K(49216K)->49012K(49216K) Class: 8294K(8384K)->8294K(8384K)
[330.196s][info][gc             ] GC(635) Pause Young (Allocation Failure) 906M->622M(896M) 3.598ms
[330.196s][info][gc,cpu         ] GC(635) User=0.00s Sys=0.00s Real=0.01s
[330.905s][info][gc,start       ] GC(636) Pause Young (Allocation Failure)
[330.909s][info][gc,heap        ] GC(636) PSYoungGen: 280570K(281600K)->1536K(270336K) Eden: 279552K(279552K)->0K(268800K) From: 1018K(2048K)->1536K(1536K)
[330.909s][info][gc,heap        ] GC(636) ParOldGen: 635944K(636416K)->635960K(636416K)
[330.909s][info][gc,metaspace   ] GC(636) Metaspace: 57307K(57600K)->57307K(57600K) NonClass: 49012K(49216K)->49012K(49216K) Class: 8294K(8384K)->8294K(8384K)
[330.909s][info][gc             ] GC(636) Pause Young (Allocation Failure) 895M->622M(885M) 4.046ms
[330.909s][info][gc,cpu         ] GC(636) User=0.01s Sys=0.00s Real=0.01s
[331.595s][info][gc,start       ] GC(637) Pause Young (Allocation Failure)
[331.599s][info][gc,heap        ] GC(637) PSYoungGen: 270336K(270336K)->1183K(260096K) Eden: 268800K(268800K)->0K(258560K) From: 1536K(1536K)->1183K(1536K)
[331.599s][info][gc,heap        ] GC(637) ParOldGen: 635960K(636416K)->635976K(636416K)
[331.599s][info][gc,metaspace   ] GC(637) Metaspace: 57307K(57600K)->57307K(57600K) NonClass: 49012K(49216K)->49012K(49216K) Class: 8294K(8384K)->8294K(8384K)
[331.599s][info][gc             ] GC(637) Pause Young (Allocation Failure) 885M->622M(875M) 3.931ms
[331.599s][info][gc,cpu         ] GC(637) User=0.00s Sys=0.01s Real=0.01s
[332.227s][info][gc,start       ] GC(638) Pause Young (Allocation Failure)
[332.230s][info][gc,heap        ] GC(638) PSYoungGen: 259736K(260096K)->992K(249856K) Eden: 258552K(258560K)->0K(248832K) From: 1183K(1536K)->992K(1024K)
[332.230s][info][gc,heap        ] GC(638) ParOldGen: 635976K(636416K)->635992K(636416K)
[332.230s][info][gc,metaspace   ] GC(638) Metaspace: 57307K(57600K)->57307K(57600K) NonClass: 49012K(49216K)->49012K(49216K) Class: 8294K(8384K)->8294K(8384K)
[332.230s][info][gc             ] GC(638) Pause Young (Allocation Failure) 874M->622M(865M) 3.393ms
[332.230s][info][gc,cpu         ] GC(638) User=0.01s Sys=0.00s Real=0.00s
[332.896s][info][gc,start       ] GC(639) Pause Young (Allocation Failure)
[332.900s][info][gc,heap        ] GC(639) PSYoungGen: 249824K(249856K)->1375K(240640K) Eden: 248832K(248832K)->0K(239104K) From: 992K(1024K)->1375K(1536K)
[332.900s][info][gc,heap        ] GC(639) ParOldGen: 635992K(636416K)->636008K(636416K)
[332.900s][info][gc,metaspace   ] GC(639) Metaspace: 57307K(57600K)->57307K(57600K) NonClass: 49012K(49216K)->49012K(49216K) Class: 8294K(8384K)->8294K(8384K)
[332.900s][info][gc             ] GC(639) Pause Young (Allocation Failure) 865M->622M(856M) 3.983ms
[332.900s][info][gc,cpu         ] GC(639) User=0.01s Sys=0.00s Real=0.00s
[333.496s][info][gc,start       ] GC(640) Pause Young (Allocation Failure)
[333.498s][info][gc,heap        ] GC(640) PSYoungGen: 240479K(240640K)->512K(230400K) Eden: 239104K(239104K)->0K(229888K) From: 1375K(1536K)->512K(512K)
[333.498s][info][gc,heap        ] GC(640) ParOldGen: 636008K(636416K)->636024K(636416K)
[333.499s][info][gc,metaspace   ] GC(640) Metaspace: 57307K(57600K)->57307K(57600K) NonClass: 49012K(49216K)->49012K(49216K) Class: 8294K(8384K)->8294K(8384K)
[333.499s][info][gc             ] GC(640) Pause Young (Allocation Failure) 855M->621M(846M) 2.688ms
[333.499s][info][gc,cpu         ] GC(640) User=0.00s Sys=0.00s Real=0.00s
[334.093s][info][gc,start       ] GC(641) Pause Young (Allocation Failure)
[334.097s][info][gc,heap        ] GC(641) PSYoungGen: 230400K(230400K)->928K(222208K) Eden: 229888K(229888K)->0K(221184K) From: 512K(512K)->928K(1024K)
[334.097s][info][gc,heap        ] GC(641) ParOldGen: 636024K(636416K)->636040K(636416K)
[334.097s][info][gc,metaspace   ] GC(641) Metaspace: 57307K(57600K)->57307K(57600K) NonClass: 49012K(49216K)->49012K(49216K) Class: 8294K(8384K)->8294K(8384K)
[334.097s][info][gc             ] GC(641) Pause Young (Allocation Failure) 846M->622M(838M) 4.003ms
[334.097s][info][gc,cpu         ] GC(641) User=0.01s Sys=0.00s Real=0.01s
[334.628s][info][gc,start       ] GC(642) Pause Young (Allocation Failure)
[334.632s][info][gc,heap        ] GC(642) PSYoungGen: 222112K(222208K)->1695K(226304K) Eden: 221184K(221184K)->0K(212992K) From: 928K(1024K)->1695K(13312K)
[334.632s][info][gc,heap        ] GC(642) ParOldGen: 636040K(636416K)->636056K(636416K)
[334.632s][info][gc,metaspace   ] GC(642) Metaspace: 57307K(57600K)->57307K(57600K) NonClass: 49012K(49216K)->49012K(49216K) Class: 8294K(8384K)->8294K(8384K)
[334.632s][info][gc             ] GC(642) Pause Young (Allocation Failure) 838M->622M(842M) 3.861ms
[334.632s][info][gc,cpu         ] GC(642) User=0.00s Sys=0.00s Real=0.00s
[335.203s][info][gc,start       ] GC(643) Pause Young (Allocation Failure)
[335.207s][info][gc,heap        ] GC(643) PSYoungGen: 214687K(226304K)->1727K(207360K) Eden: 212992K(212992K)->0K(205312K) From: 1695K(13312K)->1727K(2048K)
[335.207s][info][gc,heap        ] GC(643) ParOldGen: 636056K(636416K)->636072K(636416K)
[335.207s][info][gc,metaspace   ] GC(643) Metaspace: 57307K(57600K)->57307K(57600K) NonClass: 49012K(49216K)->49012K(49216K) Class: 8294K(8384K)->8294K(8384K)
[335.207s][info][gc             ] GC(643) Pause Young (Allocation Failure) 830M->622M(824M) 4.502ms
[335.207s][info][gc,cpu         ] GC(643) User=0.00s Sys=0.00s Real=0.01s
[335.716s][info][gc,start       ] GC(644) Pause Young (Allocation Failure)
[335.720s][info][gc,heap        ] GC(644) PSYoungGen: 207039K(207360K)->1535K(199168K) Eden: 205312K(205312K)->0K(197632K) From: 1727K(2048K)->1535K(1536K)
[335.720s][info][gc,heap        ] GC(644) ParOldGen: 636072K(636416K)->636088K(636416K)
[335.720s][info][gc,metaspace   ] GC(644) Metaspace: 57307K(57600K)->57307K(57600K) NonClass: 49012K(49216K)->49012K(49216K) Class: 8294K(8384K)->8294K(8384K)
[335.720s][info][gc             ] GC(644) Pause Young (Allocation Failure) 823M->622M(816M) 4.109ms
[335.720s][info][gc,cpu         ] GC(644) User=0.00s Sys=0.00s Real=0.00s
[336.212s][info][gc,start       ] GC(645) Pause Young (Allocation Failure)
[336.218s][info][gc,heap        ] GC(645) PSYoungGen: 199167K(199168K)->1632K(192512K) Eden: 197632K(197632K)->0K(190464K) From: 1535K(1536K)->1632K(2048K)
[336.218s][info][gc,heap        ] GC(645) ParOldGen: 636088K(636416K)->636104K(636416K)
[336.218s][info][gc,metaspace   ] GC(645) Metaspace: 57307K(57600K)->57307K(57600K) NonClass: 49012K(49216K)->49012K(49216K) Class: 8294K(8384K)->8294K(8384K)
[336.218s][info][gc             ] GC(645) Pause Young (Allocation Failure) 815M->622M(809M) 5.449ms
[336.218s][info][gc,cpu         ] GC(645) User=0.01s Sys=0.00s Real=0.01s
[336.711s][info][gc,start       ] GC(646) Pause Young (Allocation Failure)
[336.715s][info][gc,heap        ] GC(646) PSYoungGen: 192096K(192512K)->1728K(185856K) Eden: 190464K(190464K)->0K(183808K) From: 1632K(2048K)->1728K(2048K)
[336.715s][info][gc,heap        ] GC(646) ParOldGen: 636104K(636416K)->636120K(636416K)
[336.715s][info][gc,metaspace   ] GC(646) Metaspace: 57307K(57600K)->57307K(57600K) NonClass: 49012K(49216K)->49012K(49216K) Class: 8294K(8384K)->8294K(8384K)
[336.715s][info][gc             ] GC(646) Pause Young (Allocation Failure) 808M->622M(803M) 4.241ms
[336.715s][info][gc,cpu         ] GC(646) User=0.01s Sys=0.00s Real=0.00s
[337.200s][info][gc,start       ] GC(647) Pause Young (Allocation Failure)
[337.203s][info][gc,heap        ] GC(647) PSYoungGen: 185536K(185856K)->896K(178176K) Eden: 183808K(183808K)->0K(177152K) From: 1728K(2048K)->896K(1024K)
[337.203s][info][gc,heap        ] GC(647) ParOldGen: 636120K(636416K)->636136K(636416K)
[337.203s][info][gc,metaspace   ] GC(647) Metaspace: 57307K(57600K)->57307K(57600K) NonClass: 49012K(49216K)->49012K(49216K) Class: 8294K(8384K)->8294K(8384K)
[337.203s][info][gc             ] GC(647) Pause Young (Allocation Failure) 802M->622M(795M) 3.648ms
[337.203s][info][gc,cpu         ] GC(647) User=0.01s Sys=0.01s Real=0.00s
[337.620s][info][gc,start       ] GC(648) Pause Young (Allocation Failure)
[337.624s][info][gc,heap        ] GC(648) PSYoungGen: 178048K(178176K)->1951K(180224K) Eden: 177152K(177152K)->0K(171008K) From: 896K(1024K)->1951K(9216K)
[337.624s][info][gc,heap        ] GC(648) ParOldGen: 636136K(636416K)->636152K(636416K)
[337.624s][info][gc,metaspace   ] GC(648) Metaspace: 57307K(57600K)->57307K(57600K) NonClass: 49012K(49216K)->49012K(49216K) Class: 8294K(8384K)->8294K(8384K)
[337.624s][info][gc             ] GC(648) Pause Young (Allocation Failure) 795M->623M(797M) 4.175ms
[337.624s][info][gc,cpu         ] GC(648) User=0.01s Sys=0.00s Real=0.00s
[338.092s][info][gc,start       ] GC(649) Pause Young (Allocation Failure)
[338.095s][info][gc,heap        ] GC(649) PSYoungGen: 172959K(180224K)->640K(166400K) Eden: 171008K(171008K)->0K(165376K) From: 1951K(9216K)->640K(1024K)
[338.095s][info][gc,heap        ] GC(649) ParOldGen: 636152K(636416K)->636168K(636416K)
[338.095s][info][gc,metaspace   ] GC(649) Metaspace: 57307K(57600K)->57307K(57600K) NonClass: 49012K(49216K)->49012K(49216K) Class: 8294K(8384K)->8294K(8384K)
[338.095s][info][gc             ] GC(649) Pause Young (Allocation Failure) 790M->621M(784M) 3.327ms
[338.095s][info][gc,cpu         ] GC(649) User=0.01s Sys=0.00s Real=0.00s
[338.526s][info][gc,start       ] GC(650) Pause Young (Allocation Failure)
[338.531s][info][gc,heap        ] GC(650) PSYoungGen: 166016K(166400K)->1920K(167936K) Eden: 165376K(165376K)->0K(159744K) From: 640K(1024K)->1920K(8192K)
[338.531s][info][gc,heap        ] GC(650) ParOldGen: 636168K(636416K)->636184K(636416K)
[338.531s][info][gc,metaspace   ] GC(650) Metaspace: 57307K(57600K)->57307K(57600K) NonClass: 49012K(49216K)->49012K(49216K) Class: 8294K(8384K)->8294K(8384K)
[338.531s][info][gc             ] GC(650) Pause Young (Allocation Failure) 783M->623M(785M) 4.503ms
[338.531s][info][gc,cpu         ] GC(650) User=0.00s Sys=0.00s Real=0.00s
[338.912s][info][gc,start       ] GC(651) Pause Young (Allocation Failure)
[338.917s][info][gc,heap        ] GC(651) PSYoungGen: 161664K(167936K)->2175K(157184K) Eden: 159744K(159744K)->0K(154624K) From: 1920K(8192K)->2175K(2560K)
[338.917s][info][gc,heap        ] GC(651) ParOldGen: 636184K(636416K)->636200K(636416K)
[338.917s][info][gc,metaspace   ] GC(651) Metaspace: 57307K(57600K)->57307K(57600K) NonClass: 49012K(49216K)->49012K(49216K) Class: 8294K(8384K)->8294K(8384K)
[338.917s][info][gc             ] GC(651) Pause Young (Allocation Failure) 779M->623M(775M) 4.911ms
[338.917s][info][gc,cpu         ] GC(651) User=0.01s Sys=0.00s Real=0.01s
[339.306s][info][gc,start       ] GC(652) Pause Young (Allocation Failure)
[339.310s][info][gc,heap        ] GC(652) PSYoungGen: 156546K(157184K)->1760K(151552K) Eden: 154371K(154624K)->0K(149504K) From: 2175K(2560K)->1760K(2048K)
[339.310s][info][gc,heap        ] GC(652) ParOldGen: 636200K(636416K)->636216K(636416K)
[339.310s][info][gc,metaspace   ] GC(652) Metaspace: 57307K(57600K)->57307K(57600K) NonClass: 49012K(49216K)->49012K(49216K) Class: 8294K(8384K)->8294K(8384K)
[339.310s][info][gc             ] GC(652) Pause Young (Allocation Failure) 774M->623M(769M) 4.270ms
[339.310s][info][gc,cpu         ] GC(652) User=0.00s Sys=0.00s Real=0.00s
[339.779s][info][gc,start       ] GC(653) Pause Young (Allocation Failure)
[339.783s][info][gc,heap        ] GC(653) PSYoungGen: 151264K(151552K)->1216K(146432K) Eden: 149504K(149504K)->0K(144896K) From: 1760K(2048K)->1216K(1536K)
[339.783s][info][gc,heap        ] GC(653) ParOldGen: 636216K(636416K)->636232K(636416K)
[339.783s][info][gc,metaspace   ] GC(653) Metaspace: 57307K(57600K)->57307K(57600K) NonClass: 49012K(49216K)->49012K(49216K) Class: 8294K(8384K)->8294K(8384K)
[339.783s][info][gc             ] GC(653) Pause Young (Allocation Failure) 769M->622M(764M) 3.846ms
[339.783s][info][gc,cpu         ] GC(653) User=0.01s Sys=0.00s Real=0.00s
[340.087s][info][gc,start       ] GC(654) Pause Young (Allocation Failure)
[340.090s][info][gc,heap        ] GC(654) PSYoungGen: 146112K(146432K)->448K(140800K) Eden: 144896K(144896K)->0K(140288K) From: 1216K(1536K)->448K(512K)
[340.090s][info][gc,heap        ] GC(654) ParOldGen: 636232K(636416K)->636248K(636416K)
[340.090s][info][gc,metaspace   ] GC(654) Metaspace: 57307K(57600K)->57307K(57600K) NonClass: 49012K(49216K)->49012K(49216K) Class: 8294K(8384K)->8294K(8384K)
[340.090s][info][gc             ] GC(654) Pause Young (Allocation Failure) 764M->621M(759M) 2.503ms
[340.090s][info][gc,cpu         ] GC(654) User=0.01s Sys=0.00s Real=0.00s
[340.414s][info][gc,start       ] GC(655) Pause Young (Allocation Failure)
[340.418s][info][gc,heap        ] GC(655) PSYoungGen: 140736K(140800K)->1919K(137728K) Eden: 140288K(140288K)->0K(135680K) From: 448K(512K)->1919K(2048K)
[340.418s][info][gc,heap        ] GC(655) ParOldGen: 636248K(636416K)->636264K(636416K)
[340.418s][info][gc,metaspace   ] GC(655) Metaspace: 57307K(57600K)->57307K(57600K) NonClass: 49012K(49216K)->49012K(49216K) Class: 8294K(8384K)->8294K(8384K)
[340.418s][info][gc             ] GC(655) Pause Young (Allocation Failure) 758M->623M(756M) 4.269ms
[340.418s][info][gc,cpu         ] GC(655) User=0.00s Sys=0.01s Real=0.01s
[340.792s][info][gc,start       ] GC(656) Pause Young (Allocation Failure)
[340.795s][info][gc,heap        ] GC(656) PSYoungGen: 137599K(137728K)->1023K(132608K) Eden: 135680K(135680K)->0K(131584K) From: 1919K(2048K)->1023K(1024K)
[340.795s][info][gc,heap        ] GC(656) ParOldGen: 636264K(636416K)->636280K(636416K)
[340.795s][info][gc,metaspace   ] GC(656) Metaspace: 57307K(57600K)->57307K(57600K) NonClass: 49012K(49216K)->49012K(49216K) Class: 8294K(8384K)->8294K(8384K)
[340.795s][info][gc             ] GC(656) Pause Young (Allocation Failure) 755M->622M(751M) 3.006ms
[340.795s][info][gc,cpu         ] GC(656) User=0.00s Sys=0.00s Real=0.00s
[341.109s][info][gc,start       ] GC(657) Pause Young (Allocation Failure)
[341.114s][info][gc,heap        ] GC(657) PSYoungGen: 132607K(132608K)->2111K(159232K) Eden: 131584K(131584K)->0K(156672K) From: 1023K(1024K)->2111K(2560K)
[341.114s][info][gc,heap        ] GC(657) ParOldGen: 636280K(636416K)->636296K(636416K)
[341.114s][info][gc,metaspace   ] GC(657) Metaspace: 57307K(57600K)->57307K(57600K) NonClass: 49012K(49216K)->49012K(49216K) Class: 8294K(8384K)->8294K(8384K)
[341.114s][info][gc             ] GC(657) Pause Young (Allocation Failure) 750M->623M(777M) 4.568ms
[341.114s][info][gc,cpu         ] GC(657) User=0.01s Sys=0.00s Real=0.00s
[341.509s][info][gc,start       ] GC(658) Pause Young (Allocation Failure)
[341.514s][info][gc,heap        ] GC(658) PSYoungGen: 158783K(159232K)->2335K(189440K) Eden: 156672K(156672K)->0K(186880K) From: 2111K(2560K)->2335K(2560K)
[341.514s][info][gc,heap        ] GC(658) ParOldGen: 636296K(636416K)->636312K(636416K)
[341.514s][info][gc,metaspace   ] GC(658) Metaspace: 57307K(57600K)->57307K(57600K) NonClass: 49012K(49216K)->49012K(49216K) Class: 8294K(8384K)->8294K(8384K)
[341.514s][info][gc             ] GC(658) Pause Young (Allocation Failure) 776M->623M(806M) 4.606ms
[341.514s][info][gc,cpu         ] GC(658) User=0.01s Sys=0.00s Real=0.00s
[342.002s][info][gc,start       ] GC(659) Pause Young (Allocation Failure)
[342.005s][info][gc,heap        ] GC(659) PSYoungGen: 189215K(189440K)->1727K(200192K) Eden: 186880K(186880K)->0K(195072K) From: 2335K(2560K)->1727K(5120K)
[342.005s][info][gc,heap        ] GC(659) ParOldGen: 636312K(636416K)->636328K(636416K)
[342.005s][info][gc,metaspace   ] GC(659) Metaspace: 57307K(57600K)->57307K(57600K) NonClass: 49012K(49216K)->49012K(49216K) Class: 8294K(8384K)->8294K(8384K)
[342.005s][info][gc             ] GC(659) Pause Young (Allocation Failure) 806M->623M(817M) 3.894ms
[342.006s][info][gc,cpu         ] GC(659) User=0.01s Sys=0.00s Real=0.00s
[342.500s][info][gc,start       ] GC(660) Pause Young (Allocation Failure)
[342.504s][info][gc,heap        ] GC(660) PSYoungGen: 196624K(200192K)->1472K(189440K) Eden: 194897K(195072K)->0K(187904K) From: 1727K(5120K)->1472K(1536K)
[342.504s][info][gc,heap        ] GC(660) ParOldGen: 636328K(636416K)->636344K(636416K)
[342.504s][info][gc,metaspace   ] GC(660) Metaspace: 57307K(57600K)->57307K(57600K) NonClass: 49012K(49216K)->49012K(49216K) Class: 8294K(8384K)->8294K(8384K)
[342.504s][info][gc             ] GC(660) Pause Young (Allocation Failure) 813M->622M(806M) 4.199ms
[342.504s][info][gc,cpu         ] GC(660) User=0.01s Sys=0.00s Real=0.00s
[342.994s][info][gc,start       ] GC(661) Pause Young (Allocation Failure)
[342.997s][info][gc,heap        ] GC(661) PSYoungGen: 189376K(189440K)->1258K(182784K) Eden: 187904K(187904K)->0K(181248K) From: 1472K(1536K)->1258K(1536K)
[342.997s][info][gc,heap        ] GC(661) ParOldGen: 636344K(636416K)->636360K(636416K)
[342.997s][info][gc,metaspace   ] GC(661) Metaspace: 57307K(57600K)->57307K(57600K) NonClass: 49012K(49216K)->49012K(49216K) Class: 8294K(8384K)->8294K(8384K)
[342.997s][info][gc             ] GC(661) Pause Young (Allocation Failure) 806M->622M(800M) 3.400ms
[342.997s][info][gc,cpu         ] GC(661) User=0.01s Sys=0.00s Real=0.01s
[343.420s][info][gc,start       ] GC(662) Pause Young (Allocation Failure)
[343.424s][info][gc,heap        ] GC(662) PSYoungGen: 182192K(182784K)->1792K(177152K) Eden: 180934K(181248K)->0K(175104K) From: 1258K(1536K)->1792K(2048K)
[343.424s][info][gc,heap        ] GC(662) ParOldGen: 636360K(636416K)->636376K(636416K)
[343.424s][info][gc,metaspace   ] GC(662) Metaspace: 57307K(57600K)->57307K(57600K) NonClass: 49012K(49216K)->49012K(49216K) Class: 8294K(8384K)->8294K(8384K)
[343.424s][info][gc             ] GC(662) Pause Young (Allocation Failure) 799M->623M(794M) 4.242ms
[343.424s][info][gc,cpu         ] GC(662) User=0.01s Sys=0.00s Real=0.00s
[343.897s][info][gc,start       ] GC(663) Pause Young (Allocation Failure)
[343.901s][info][gc,heap        ] GC(663) PSYoungGen: 176896K(177152K)->960K(169984K) Eden: 175104K(175104K)->0K(168960K) From: 1792K(2048K)->960K(1024K)
[343.901s][info][gc,heap        ] GC(663) ParOldGen: 636376K(636416K)->636392K(636416K)
[343.901s][info][gc,metaspace   ] GC(663) Metaspace: 57307K(57600K)->57307K(57600K) NonClass: 49012K(49216K)->49012K(49216K) Class: 8294K(8384K)->8294K(8384K)
[343.901s][info][gc             ] GC(663) Pause Young (Allocation Failure) 794M->622M(787M) 3.362ms
[343.901s][info][gc,cpu         ] GC(663) User=0.01s Sys=0.00s Real=0.00s
[344.312s][info][gc,start       ] GC(664) Pause Young (Allocation Failure)
[344.316s][info][gc,heap        ] GC(664) PSYoungGen: 169920K(169984K)->1855K(165376K) Eden: 168960K(168960K)->0K(163328K) From: 960K(1024K)->1855K(2048K)
[344.316s][info][gc,heap        ] GC(664) ParOldGen: 636392K(636416K)->636408K(636416K)
[344.316s][info][gc,metaspace   ] GC(664) Metaspace: 57307K(57600K)->57307K(57600K) NonClass: 49012K(49216K)->49012K(49216K) Class: 8294K(8384K)->8294K(8384K)
[344.316s][info][gc             ] GC(664) Pause Young (Allocation Failure) 787M->623M(783M) 3.911ms
[344.316s][info][gc,cpu         ] GC(664) User=0.00s Sys=0.00s Real=0.01s
[344.720s][info][gc,start       ] GC(665) Pause Young (Allocation Failure)
[344.725s][info][gc,heap        ] GC(665) PSYoungGen: 164872K(165376K)->2175K(160256K) Eden: 163017K(163328K)->0K(157696K) From: 1855K(2048K)->2175K(2560K)
[344.725s][info][gc,heap        ] GC(665) ParOldGen: 636408K(636416K)->636424K(636928K)
[344.725s][info][gc,metaspace   ] GC(665) Metaspace: 57307K(57600K)->57307K(57600K) NonClass: 49012K(49216K)->49012K(49216K) Class: 8294K(8384K)->8294K(8384K)
[344.725s][info][gc             ] GC(665) Pause Young (Allocation Failure) 782M->623M(778M) 4.510ms
[344.725s][info][gc,cpu         ] GC(665) User=0.01s Sys=0.00s Real=0.00s
[345.203s][info][gc,start       ] GC(666) Pause Young (Allocation Failure)
[345.212s][info][gc,heap        ] GC(666) PSYoungGen: 159772K(160256K)->2048K(187904K) Eden: 157597K(157696K)->0K(183808K) From: 2175K(2560K)->2048K(4096K)
[345.212s][info][gc,heap        ] GC(666) ParOldGen: 636424K(636928K)->636440K(636928K)
[345.212s][info][gc,metaspace   ] GC(666) Metaspace: 57307K(57600K)->57307K(57600K) NonClass: 49012K(49216K)->49012K(49216K) Class: 8294K(8384K)->8294K(8384K)
[345.212s][info][gc             ] GC(666) Pause Young (Allocation Failure) 777M->623M(805M) 9.429ms
[345.212s][info][gc,cpu         ] GC(666) User=0.01s Sys=0.00s Real=0.01s
[345.609s][info][gc,start       ] GC(667) Pause Young (Allocation Failure)
[345.613s][info][gc,heap        ] GC(667) PSYoungGen: 185856K(187904K)->1694K(192512K) Eden: 183808K(183808K)->0K(188416K) From: 2048K(4096K)->1694K(4096K)
[345.613s][info][gc,heap        ] GC(667) ParOldGen: 636440K(636928K)->636456K(636928K)
[345.613s][info][gc,metaspace   ] GC(667) Metaspace: 57307K(57600K)->57307K(57600K) NonClass: 49012K(49216K)->49012K(49216K) Class: 8294K(8384K)->8294K(8384K)
[345.613s][info][gc             ] GC(667) Pause Young (Allocation Failure) 803M->623M(810M) 4.537ms
[345.613s][info][gc,cpu         ] GC(667) User=0.01s Sys=0.01s Real=0.00s
[346.099s][info][gc,start       ] GC(668) Pause Young (Allocation Failure)
[346.102s][info][gc,heap        ] GC(668) PSYoungGen: 189899K(192512K)->1088K(192000K) Eden: 188204K(188416K)->0K(188416K) From: 1694K(4096K)->1088K(3584K)
[346.102s][info][gc,heap        ] GC(668) ParOldGen: 636456K(636928K)->636472K(636928K)
[346.102s][info][gc,metaspace   ] GC(668) Metaspace: 57307K(57600K)->57307K(57600K) NonClass: 49012K(49216K)->49012K(49216K) Class: 8294K(8384K)->8294K(8384K)
[346.102s][info][gc             ] GC(668) Pause Young (Allocation Failure) 806M->622M(809M) 3.325ms
[346.102s][info][gc,cpu         ] GC(668) User=0.01s Sys=0.00s Real=0.00s
[346.586s][info][gc,start       ] GC(669) Pause Young (Allocation Failure)
[346.589s][info][gc,heap        ] GC(669) PSYoungGen: 189504K(192000K)->894K(182784K) Eden: 188416K(188416K)->0K(181760K) From: 1088K(3584K)->894K(1024K)
[346.589s][info][gc,heap        ] GC(669) ParOldGen: 636472K(636928K)->636488K(636928K)
[346.589s][info][gc,metaspace   ] GC(669) Metaspace: 57307K(57600K)->57307K(57600K) NonClass: 49012K(49216K)->49012K(49216K) Class: 8294K(8384K)->8294K(8384K)
[346.589s][info][gc             ] GC(669) Pause Young (Allocation Failure) 806M->622M(800M) 2.873ms
[346.589s][info][gc,cpu         ] GC(669) User=0.00s Sys=0.00s Real=0.00s
[347.017s][info][gc,start       ] GC(670) Pause Young (Allocation Failure)
[347.026s][info][gc,heap        ] GC(670) PSYoungGen: 182654K(182784K)->2431K(219136K) Eden: 181760K(181760K)->0K(216576K) From: 894K(1024K)->2431K(2560K)
[347.026s][info][gc,heap        ] GC(670) ParOldGen: 636488K(636928K)->636504K(636928K)
[347.026s][info][gc,metaspace   ] GC(670) Metaspace: 57307K(57600K)->57307K(57600K) NonClass: 49012K(49216K)->49012K(49216K) Class: 8294K(8384K)->8294K(8384K)
[347.026s][info][gc             ] GC(670) Pause Young (Allocation Failure) 799M->623M(836M) 8.743ms
[347.026s][info][gc,cpu         ] GC(670) User=0.01s Sys=0.00s Real=0.01s
[347.619s][info][gc,start       ] GC(671) Pause Young (Allocation Failure)
[347.623s][info][gc,heap        ] GC(671) PSYoungGen: 219007K(219136K)->1247K(224768K) Eden: 216576K(216576K)->0K(221184K) From: 2431K(2560K)->1247K(3584K)
[347.623s][info][gc,heap        ] GC(671) ParOldGen: 636504K(636928K)->636520K(636928K)
[347.623s][info][gc,metaspace   ] GC(671) Metaspace: 57307K(57600K)->57307K(57600K) NonClass: 49012K(49216K)->49012K(49216K) Class: 8294K(8384K)->8294K(8384K)
[347.623s][info][gc             ] GC(671) Pause Young (Allocation Failure) 835M->622M(841M) 3.577ms
[347.623s][info][gc,cpu         ] GC(671) User=0.01s Sys=0.00s Real=0.00s
[348.134s][info][gc,start       ] GC(672) Pause Young (Allocation Failure)
[348.137s][info][gc,heap        ] GC(672) PSYoungGen: 222394K(224768K)->512K(213504K) Eden: 221147K(221184K)->0K(212992K) From: 1247K(3584K)->512K(512K)
[348.137s][info][gc,heap        ] GC(672) ParOldGen: 636520K(636928K)->636536K(636928K)
[348.137s][info][gc,metaspace   ] GC(672) Metaspace: 57307K(57600K)->57307K(57600K) NonClass: 49012K(49216K)->49012K(49216K) Class: 8294K(8384K)->8294K(8384K)
[348.137s][info][gc             ] GC(672) Pause Young (Allocation Failure) 838M->622M(830M) 3.048ms
[348.137s][info][gc,cpu         ] GC(672) User=0.01s Sys=0.00s Real=0.01s
[348.729s][info][gc,start       ] GC(673) Pause Young (Allocation Failure)
[348.759s][info][gc,heap        ] GC(673) PSYoungGen: 213504K(213504K)->3312K(221184K) Eden: 212992K(212992K)->0K(217600K) From: 512K(512K)->3312K(3584K)
[348.759s][info][gc,heap        ] GC(673) ParOldGen: 636536K(636928K)->636552K(636928K)
[348.759s][info][gc,metaspace   ] GC(673) Metaspace: 57307K(57600K)->57307K(57600K) NonClass: 49012K(49216K)->49012K(49216K) Class: 8294K(8384K)->8294K(8384K)
[348.759s][info][gc             ] GC(673) Pause Young (Allocation Failure) 830M->624M(838M) 29.489ms
[348.759s][info][gc,cpu         ] GC(673) User=0.03s Sys=0.00s Real=0.03s
[349.232s][info][gc,start       ] GC(674) Pause Young (Allocation Failure)
[349.234s][info][gc,heap        ] GC(674) PSYoungGen: 220912K(221184K)->842K(221696K) Eden: 217600K(217600K)->0K(217600K) From: 3312K(3584K)->842K(4096K)
[349.234s][info][gc,heap        ] GC(674) ParOldGen: 636552K(636928K)->636584K(636928K)
[349.234s][info][gc,metaspace   ] GC(674) Metaspace: 57307K(57600K)->57307K(57600K) NonClass: 49012K(49216K)->49012K(49216K) Class: 8294K(8384K)->8294K(8384K)
[349.234s][info][gc             ] GC(674) Pause Young (Allocation Failure) 837M->622M(838M) 2.391ms
[349.235s][info][gc,cpu         ] GC(674) User=0.00s Sys=0.00s Real=0.00s
[349.883s][info][gc,start       ] GC(675) Pause Young (Allocation Failure)
[349.888s][info][gc,heap        ] GC(675) PSYoungGen: 218442K(221696K)->2303K(263680K) Eden: 217600K(217600K)->0K(259584K) From: 842K(4096K)->2303K(4096K)
[349.888s][info][gc,heap        ] GC(675) ParOldGen: 636584K(636928K)->637241K(637440K)
[349.888s][info][gc,metaspace   ] GC(675) Metaspace: 57307K(57600K)->57307K(57600K) NonClass: 49012K(49216K)->49012K(49216K) Class: 8294K(8384K)->8294K(8384K)
[349.888s][info][gc             ] GC(675) Pause Young (Allocation Failure) 834M->624M(880M) 5.861ms
[349.888s][info][gc,cpu         ] GC(675) User=0.01s Sys=0.00s Real=0.01s
[350.502s][info][gc,start       ] GC(676) Pause Young (Allocation Failure)
[350.506s][info][gc,heap        ] GC(676) PSYoungGen: 261887K(263680K)->1934K(263680K) Eden: 259584K(259584K)->0K(259584K) From: 2303K(4096K)->1934K(4096K)
[350.506s][info][gc,heap        ] GC(676) ParOldGen: 637241K(637440K)->637257K(637440K)
[350.506s][info][gc,metaspace   ] GC(676) Metaspace: 57307K(57600K)->57307K(57600K) NonClass: 49012K(49216K)->49012K(49216K) Class: 8294K(8384K)->8294K(8384K)
[350.506s][info][gc             ] GC(676) Pause Young (Allocation Failure) 878M->624M(880M) 4.240ms
[350.506s][info][gc,cpu         ] GC(676) User=0.01s Sys=0.00s Real=0.01s
[351.194s][info][gc,start       ] GC(677) Pause Young (Allocation Failure)
[351.200s][info][gc,heap        ] GC(677) PSYoungGen: 261518K(263680K)->2559K(313344K) Eden: 259584K(259584K)->0K(309248K) From: 1934K(4096K)->2559K(4096K)
[351.200s][info][gc,heap        ] GC(677) ParOldGen: 637257K(637440K)->637593K(637952K)
[351.200s][info][gc,metaspace   ] GC(677) Metaspace: 57307K(57600K)->57307K(57600K) NonClass: 49012K(49216K)->49012K(49216K) Class: 8294K(8384K)->8294K(8384K)
[351.200s][info][gc             ] GC(677) Pause Young (Allocation Failure) 877M->625M(929M) 6.051ms
[351.200s][info][gc,cpu         ] GC(677) User=0.01s Sys=0.00s Real=0.01s
[351.935s][info][gc,start       ] GC(678) Pause Young (Allocation Failure)
[351.940s][info][gc,heap        ] GC(678) PSYoungGen: 311807K(313344K)->2494K(313344K) Eden: 309248K(309248K)->0K(309248K) From: 2559K(4096K)->2494K(4096K)
[351.940s][info][gc,heap        ] GC(678) ParOldGen: 637593K(637952K)->637609K(637952K)
[351.940s][info][gc,metaspace   ] GC(678) Metaspace: 57307K(57600K)->57307K(57600K) NonClass: 49012K(49216K)->49012K(49216K) Class: 8294K(8384K)->8294K(8384K)
[351.940s][info][gc             ] GC(678) Pause Young (Allocation Failure) 927M->625M(929M) 5.385ms
[351.940s][info][gc,cpu         ] GC(678) User=0.01s Sys=0.00s Real=0.01s
[352.714s][info][gc,start       ] GC(679) Pause Young (Allocation Failure)
[352.720s][info][gc,heap        ] GC(679) PSYoungGen: 311742K(313344K)->2303K(299520K) Eden: 309248K(309248K)->0K(296960K) From: 2494K(4096K)->2303K(2560K)
[352.720s][info][gc,heap        ] GC(679) ParOldGen: 637609K(637952K)->637625K(637952K)
[352.720s][info][gc,metaspace   ] GC(679) Metaspace: 57307K(57600K)->57307K(57600K) NonClass: 49012K(49216K)->49012K(49216K) Class: 8294K(8384K)->8294K(8384K)
[352.720s][info][gc             ] GC(679) Pause Young (Allocation Failure) 927M->624M(915M) 5.602ms
[352.720s][info][gc,cpu         ] GC(679) User=0.01s Sys=0.00s Real=0.01s
[353.496s][info][gc,start       ] GC(680) Pause Young (Allocation Failure)
[353.501s][info][gc,heap        ] GC(680) PSYoungGen: 299263K(299520K)->864K(286208K) Eden: 296960K(296960K)->0K(285184K) From: 2303K(2560K)->864K(1024K)
[353.501s][info][gc,heap        ] GC(680) ParOldGen: 637625K(637952K)->637641K(637952K)
[353.501s][info][gc,metaspace   ] GC(680) Metaspace: 57307K(57600K)->57307K(57600K) NonClass: 49012K(49216K)->49012K(49216K) Class: 8294K(8384K)->8294K(8384K)
[353.501s][info][gc             ] GC(680) Pause Young (Allocation Failure) 914M->623M(902M) 5.018ms
[353.501s][info][gc,cpu         ] GC(680) User=0.01s Sys=0.01s Real=0.00s
[354.217s][info][gc,start       ] GC(681) Pause Young (Allocation Failure)
[354.221s][info][gc,heap        ] GC(681) PSYoungGen: 285818K(286208K)->1120K(275456K) Eden: 284954K(285184K)->0K(273920K) From: 864K(1024K)->1120K(1536K)
[354.221s][info][gc,heap        ] GC(681) ParOldGen: 637641K(637952K)->637657K(637952K)
[354.221s][info][gc,metaspace   ] GC(681) Metaspace: 57307K(57600K)->57307K(57600K) NonClass: 49012K(49216K)->49012K(49216K) Class: 8294K(8384K)->8294K(8384K)
[354.221s][info][gc             ] GC(681) Pause Young (Allocation Failure) 901M->623M(892M) 3.950ms
[354.221s][info][gc,cpu         ] GC(681) User=0.00s Sys=0.00s Real=0.00s
[354.912s][info][gc,start       ] GC(682) Pause Young (Allocation Failure)
[354.917s][info][gc,heap        ] GC(682) PSYoungGen: 274747K(275456K)->1760K(265216K) Eden: 273627K(273920K)->0K(263168K) From: 1120K(1536K)->1760K(2048K)
[354.917s][info][gc,heap        ] GC(682) ParOldGen: 637657K(637952K)->637673K(637952K)
[354.917s][info][gc,metaspace   ] GC(682) Metaspace: 57307K(57600K)->57307K(57600K) NonClass: 49012K(49216K)->49012K(49216K) Class: 8294K(8384K)->8294K(8384K)
[354.917s][info][gc             ] GC(682) Pause Young (Allocation Failure) 891M->624M(882M) 4.997ms
[354.917s][info][gc,cpu         ] GC(682) User=0.01s Sys=0.00s Real=0.01s
[355.615s][info][gc,start       ] GC(683) Pause Young (Allocation Failure)
[355.646s][info][gc,heap        ] GC(683) PSYoungGen: 264928K(265216K)->2015K(315904K) Eden: 263168K(263168K)->0K(313856K) From: 1760K(2048K)->2015K(2048K)
[355.646s][info][gc,heap        ] GC(683) ParOldGen: 637673K(637952K)->637689K(637952K)
[355.646s][info][gc,metaspace   ] GC(683) Metaspace: 57307K(57600K)->57307K(57600K) NonClass: 49012K(49216K)->49012K(49216K) Class: 8294K(8384K)->8294K(8384K)
[355.646s][info][gc             ] GC(683) Pause Young (Allocation Failure) 881M->624M(931M) 30.800ms
[355.646s][info][gc,cpu         ] GC(683) User=0.03s Sys=0.00s Real=0.04s
[356.406s][info][gc,start       ] GC(684) Pause Young (Allocation Failure)
[356.411s][info][gc,heap        ] GC(684) PSYoungGen: 315871K(315904K)->1822K(321536K) Eden: 313856K(313856K)->0K(317952K) From: 2015K(2048K)->1822K(3584K)
[356.411s][info][gc,heap        ] GC(684) ParOldGen: 637689K(637952K)->637705K(637952K)
[356.411s][info][gc,metaspace   ] GC(684) Metaspace: 57311K(57600K)->57311K(57600K) NonClass: 49016K(49216K)->49016K(49216K) Class: 8294K(8384K)->8294K(8384K)
[356.411s][info][gc             ] GC(684) Pause Young (Allocation Failure) 931M->624M(937M) 5.017ms
[356.411s][info][gc,cpu         ] GC(684) User=0.01s Sys=0.01s Real=0.00s
[357.200s][info][gc,start       ] GC(685) Pause Young (Allocation Failure)
[357.216s][info][gc,heap        ] GC(685) PSYoungGen: 319774K(321536K)->3568K(321024K) Eden: 317952K(317952K)->0K(317440K) From: 1822K(3584K)->3568K(3584K)
[357.216s][info][gc,heap        ] GC(685) ParOldGen: 637705K(637952K)->648648K(648704K)
[357.216s][info][gc,metaspace   ] GC(685) Metaspace: 57311K(57600K)->57311K(57600K) NonClass: 49016K(49216K)->49016K(49216K) Class: 8294K(8384K)->8294K(8384K)
[357.216s][info][gc             ] GC(685) Pause Young (Allocation Failure) 935M->636M(947M) 15.824ms
[357.216s][info][gc,cpu         ] GC(685) User=0.02s Sys=0.01s Real=0.02s
[358.015s][info][gc,start       ] GC(686) Pause Young (Allocation Failure)
[358.025s][info][gc,heap        ] GC(686) PSYoungGen: 320887K(321024K)->2207K(325632K) Eden: 317318K(317440K)->0K(317440K) From: 3568K(3584K)->2207K(8192K)
[358.025s][info][gc,heap        ] GC(686) ParOldGen: 648648K(648704K)->652209K(652288K)
[358.025s][info][gc,metaspace   ] GC(686) Metaspace: 57311K(57600K)->57311K(57600K) NonClass: 49016K(49216K)->49016K(49216K) Class: 8294K(8384K)->8294K(8384K)
[358.025s][info][gc             ] GC(686) Pause Young (Allocation Failure) 946M->639M(955M) 9.886ms
[358.025s][info][gc,cpu         ] GC(686) User=0.02s Sys=0.00s Real=0.01s
[358.816s][info][gc,start       ] GC(687) Pause Young (Allocation Failure)
[358.821s][info][gc,heap        ] GC(687) PSYoungGen: 319647K(325632K)->1758K(325120K) Eden: 317440K(317440K)->0K(317952K) From: 2207K(8192K)->1758K(7168K)
[358.821s][info][gc,heap        ] GC(687) ParOldGen: 652209K(652288K)->652433K(652800K)
[358.821s][info][gc,metaspace   ] GC(687) Metaspace: 57311K(57600K)->57311K(57600K) NonClass: 49016K(49216K)->49016K(49216K) Class: 8294K(8384K)->8294K(8384K)
[358.821s][info][gc             ] GC(687) Pause Young (Allocation Failure) 949M->638M(955M) 4.565ms
[358.821s][info][gc,cpu         ] GC(687) User=0.01s Sys=0.00s Real=0.00s
[359.677s][info][gc,start       ] GC(688) Pause Young (Allocation Failure)
[359.681s][info][gc,heap        ] GC(688) PSYoungGen: 319553K(325120K)->1568K(325632K) Eden: 317795K(317952K)->0K(317952K) From: 1758K(7168K)->1568K(7680K)
[359.681s][info][gc,heap        ] GC(688) ParOldGen: 652433K(652800K)->652449K(652800K)
[359.681s][info][gc,metaspace   ] GC(688) Metaspace: 57311K(57600K)->57311K(57600K) NonClass: 49016K(49216K)->49016K(49216K) Class: 8294K(8384K)->8294K(8384K)
[359.681s][info][gc             ] GC(688) Pause Young (Allocation Failure) 949M->638M(955M) 4.121ms
[359.681s][info][gc,cpu         ] GC(688) User=0.00s Sys=0.00s Real=0.00s
[360.433s][info][gc,start       ] GC(689) Pause Young (Allocation Failure)
[360.435s][info][gc,heap        ] GC(689) PSYoungGen: 319520K(325632K)->224K(305664K) Eden: 317952K(317952K)->0K(305152K) From: 1568K(7680K)->224K(512K)
[360.435s][info][gc,heap        ] GC(689) ParOldGen: 652449K(652800K)->652465K(652800K)
[360.435s][info][gc,metaspace   ] GC(689) Metaspace: 57311K(57600K)->57311K(57600K) NonClass: 49016K(49216K)->49016K(49216K) Class: 8294K(8384K)->8294K(8384K)
[360.435s][info][gc             ] GC(689) Pause Young (Allocation Failure) 949M->637M(936M) 2.645ms
[360.435s][info][gc,cpu         ] GC(689) User=0.01s Sys=0.00s Real=0.00s
[361.218s][info][gc,start       ] GC(690) Pause Young (Allocation Failure)
[361.223s][info][gc,heap        ] GC(690) PSYoungGen: 305376K(305664K)->2079K(300032K) Eden: 305152K(305152K)->0K(292864K) From: 224K(512K)->2079K(7168K)
[361.223s][info][gc,heap        ] GC(690) ParOldGen: 652465K(652800K)->652481K(652800K)
[361.223s][info][gc,metaspace   ] GC(690) Metaspace: 57312K(57664K)->57312K(57664K) NonClass: 49017K(49280K)->49017K(49280K) Class: 8294K(8384K)->8294K(8384K)
[361.223s][info][gc             ] GC(690) Pause Young (Allocation Failure) 935M->639M(930M) 4.434ms
[361.223s][info][gc,cpu         ] GC(690) User=0.01s Sys=0.00s Real=0.00s
[361.994s][info][gc,start       ] GC(691) Pause Young (Allocation Failure)
[361.997s][info][gc,heap        ] GC(691) PSYoungGen: 294943K(300032K)->1087K(282624K) Eden: 292864K(292864K)->0K(281088K) From: 2079K(7168K)->1087K(1536K)
[361.997s][info][gc,heap        ] GC(691) ParOldGen: 652481K(652800K)->652497K(652800K)
[361.997s][info][gc,metaspace   ] GC(691) Metaspace: 57312K(57664K)->57312K(57664K) NonClass: 49017K(49280K)->49017K(49280K) Class: 8294K(8384K)->8294K(8384K)
[361.997s][info][gc             ] GC(691) Pause Young (Allocation Failure) 925M->638M(913M) 3.441ms
[361.997s][info][gc,cpu         ] GC(691) User=0.00s Sys=0.00s Real=0.01s
[362.743s][info][gc,start       ] GC(692) Pause Young (Allocation Failure)
[362.749s][info][gc,heap        ] GC(692) PSYoungGen: 282175K(282624K)->3359K(273408K) Eden: 281088K(281088K)->0K(269824K) From: 1087K(1536K)->3359K(3584K)
[362.749s][info][gc,heap        ] GC(692) ParOldGen: 652497K(652800K)->652513K(652800K)
[362.749s][info][gc,metaspace   ] GC(692) Metaspace: 57312K(57664K)->57312K(57664K) NonClass: 49018K(49280K)->49018K(49280K) Class: 8294K(8384K)->8294K(8384K)
[362.749s][info][gc             ] GC(692) Pause Young (Allocation Failure) 912M->640M(904M) 6.276ms
[362.749s][info][gc,cpu         ] GC(692) User=0.01s Sys=0.00s Real=0.01s
[363.400s][info][gc,start       ] GC(693) Pause Young (Allocation Failure)
[363.405s][info][gc,heap        ] GC(693) PSYoungGen: 273007K(273408K)->1504K(261120K) Eden: 269648K(269824K)->0K(259584K) From: 3359K(3584K)->1504K(1536K)
[363.405s][info][gc,heap        ] GC(693) ParOldGen: 652513K(652800K)->652529K(652800K)
[363.405s][info][gc,metaspace   ] GC(693) Metaspace: 57312K(57664K)->57312K(57664K) NonClass: 49018K(49280K)->49018K(49280K) Class: 8294K(8384K)->8294K(8384K)
[363.405s][info][gc             ] GC(693) Pause Young (Allocation Failure) 903M->638M(892M) 4.367ms
[363.405s][info][gc,cpu         ] GC(693) User=0.01s Sys=0.00s Real=0.00s
[364.042s][info][gc,start       ] GC(694) Pause Young (Allocation Failure)
[364.045s][info][gc,heap        ] GC(694) PSYoungGen: 261073K(261120K)->64K(249856K) Eden: 259569K(259584K)->0K(249344K) From: 1504K(1536K)->64K(512K)
[364.045s][info][gc,heap        ] GC(694) ParOldGen: 652529K(652800K)->652545K(652800K)
[364.045s][info][gc,metaspace   ] GC(694) Metaspace: 57312K(57664K)->57312K(57664K) NonClass: 49018K(49280K)->49018K(49280K) Class: 8294K(8384K)->8294K(8384K)
[364.045s][info][gc             ] GC(694) Pause Young (Allocation Failure) 892M->637M(881M) 2.676ms
[364.045s][info][gc,cpu         ] GC(694) User=0.01s Sys=0.00s Real=0.00s
[364.709s][info][gc,start       ] GC(695) Pause Young (Allocation Failure)
[364.714s][info][gc,heap        ] GC(695) PSYoungGen: 249408K(249856K)->1344K(241152K) Eden: 249344K(249344K)->0K(239616K) From: 64K(512K)->1344K(1536K)
[364.714s][info][gc,heap        ] GC(695) ParOldGen: 652545K(652800K)->652561K(652800K)
[364.714s][info][gc,metaspace   ] GC(695) Metaspace: 57312K(57664K)->57312K(57664K) NonClass: 49018K(49280K)->49018K(49280K) Class: 8294K(8384K)->8294K(8384K)
[364.714s][info][gc             ] GC(695) Pause Young (Allocation Failure) 880M->638M(873M) 4.202ms
[364.714s][info][gc,cpu         ] GC(695) User=0.00s Sys=0.00s Real=0.00s
[365.363s][info][gc,start       ] GC(696) Pause Young (Allocation Failure)
[365.367s][info][gc,heap        ] GC(696) PSYoungGen: 240960K(241152K)->896K(231424K) Eden: 239616K(239616K)->0K(230400K) From: 1344K(1536K)->896K(1024K)
[365.367s][info][gc,heap        ] GC(696) ParOldGen: 652561K(652800K)->652577K(652800K)
[365.367s][info][gc,metaspace   ] GC(696) Metaspace: 57312K(57664K)->57312K(57664K) NonClass: 49018K(49280K)->49018K(49280K) Class: 8294K(8384K)->8294K(8384K)
[365.367s][info][gc             ] GC(696) Pause Young (Allocation Failure) 872M->638M(863M) 3.952ms
[365.367s][info][gc,cpu         ] GC(696) User=0.01s Sys=0.00s Real=0.01s
[365.907s][info][gc,start       ] GC(697) Pause Young (Allocation Failure)
[365.911s][info][gc,heap        ] GC(697) PSYoungGen: 231080K(231424K)->1728K(223744K) Eden: 230184K(230400K)->0K(221696K) From: 896K(1024K)->1728K(2048K)
[365.911s][info][gc,heap        ] GC(697) ParOldGen: 652577K(652800K)->652593K(652800K)
[365.911s][info][gc,metaspace   ] GC(697) Metaspace: 57312K(57664K)->57312K(57664K) NonClass: 49018K(49280K)->49018K(49280K) Class: 8294K(8384K)->8294K(8384K)
[365.911s][info][gc             ] GC(697) Pause Young (Allocation Failure) 862M->638M(856M) 4.515ms
[365.911s][info][gc,cpu         ] GC(697) User=0.01s Sys=0.00s Real=0.00s
[366.490s][info][gc,start       ] GC(698) Pause Young (Allocation Failure)
[366.493s][info][gc,heap        ] GC(698) PSYoungGen: 223424K(223744K)->758K(214528K) Eden: 221696K(221696K)->0K(213504K) From: 1728K(2048K)->758K(1024K)
[366.493s][info][gc,heap        ] GC(698) ParOldGen: 652593K(652800K)->652609K(652800K)
[366.493s][info][gc,metaspace   ] GC(698) Metaspace: 57312K(57664K)->57312K(57664K) NonClass: 49018K(49280K)->49018K(49280K) Class: 8294K(8384K)->8294K(8384K)
[366.493s][info][gc             ] GC(698) Pause Young (Allocation Failure) 855M->638M(847M) 3.105ms
[366.493s][info][gc,cpu         ] GC(698) User=0.01s Sys=0.00s Real=0.00s
[367.012s][info][gc,start       ] GC(699) Pause Young (Allocation Failure)
[367.017s][info][gc,heap        ] GC(699) PSYoungGen: 214262K(214528K)->1856K(207872K) Eden: 213504K(213504K)->0K(205824K) From: 758K(1024K)->1856K(2048K)
[367.017s][info][gc,heap        ] GC(699) ParOldGen: 652609K(652800K)->652625K(652800K)
[367.017s][info][gc,metaspace   ] GC(699) Metaspace: 57312K(57664K)->57312K(57664K) NonClass: 49018K(49280K)->49018K(49280K) Class: 8294K(8384K)->8294K(8384K)
[367.017s][info][gc             ] GC(699) Pause Young (Allocation Failure) 846M->639M(840M) 4.737ms
[367.017s][info][gc,cpu         ] GC(699) User=0.01s Sys=0.00s Real=0.01s
[367.588s][info][gc,start       ] GC(700) Pause Young (Allocation Failure)
[367.591s][info][gc,heap        ] GC(700) PSYoungGen: 207680K(207872K)->768K(199168K) Eden: 205824K(205824K)->0K(198144K) From: 1856K(2048K)->768K(1024K)
[367.591s][info][gc,heap        ] GC(700) ParOldGen: 652625K(652800K)->652641K(652800K)
[367.591s][info][gc,metaspace   ] GC(700) Metaspace: 57312K(57664K)->57312K(57664K) NonClass: 49018K(49280K)->49018K(49280K) Class: 8294K(8384K)->8294K(8384K)
[367.591s][info][gc             ] GC(700) Pause Young (Allocation Failure) 840M->638M(832M) 3.170ms
[367.591s][info][gc,cpu         ] GC(700) User=0.01s Sys=0.00s Real=0.00s
[368.040s][info][gc,start       ] GC(701) Pause Young (Allocation Failure)
[368.042s][info][gc,heap        ] GC(701) PSYoungGen: 198912K(199168K)->64K(191488K) Eden: 198144K(198144K)->0K(190976K) From: 768K(1024K)->64K(512K)
[368.042s][info][gc,heap        ] GC(701) ParOldGen: 652641K(652800K)->652657K(652800K)
[368.042s][info][gc,metaspace   ] GC(701) Metaspace: 57312K(57664K)->57312K(57664K) NonClass: 49018K(49280K)->49018K(49280K) Class: 8294K(8384K)->8294K(8384K)
[368.042s][info][gc             ] GC(701) Pause Young (Allocation Failure) 831M->637M(824M) 2.510ms
[368.042s][info][gc,cpu         ] GC(701) User=0.01s Sys=0.00s Real=0.00s
[368.527s][info][gc,start       ] GC(702) Pause Young (Allocation Failure)
[368.530s][info][gc,heap        ] GC(702) PSYoungGen: 191040K(191488K)->1151K(189440K) Eden: 190976K(190976K)->0K(184320K) From: 64K(512K)->1151K(5120K)
[368.530s][info][gc,heap        ] GC(702) ParOldGen: 652657K(652800K)->652673K(652800K)
[368.530s][info][gc,metaspace   ] GC(702) Metaspace: 57315K(57664K)->57315K(57664K) NonClass: 49020K(49280K)->49020K(49280K) Class: 8294K(8384K)->8294K(8384K)
[368.530s][info][gc             ] GC(702) Pause Young (Allocation Failure) 823M->638M(822M) 3.489ms
[368.530s][info][gc,cpu         ] GC(702) User=0.01s Sys=0.00s Real=0.00s
[369.020s][info][gc,start       ] GC(703) Pause Young (Allocation Failure)
[369.024s][info][gc,heap        ] GC(703) PSYoungGen: 185471K(189440K)->2015K(179712K) Eden: 184320K(184320K)->0K(177664K) From: 1151K(5120K)->2015K(2048K)
[369.024s][info][gc,heap        ] GC(703) ParOldGen: 652673K(652800K)->652689K(652800K)
[369.024s][info][gc,metaspace   ] GC(703) Metaspace: 57315K(57664K)->57315K(57664K) NonClass: 49020K(49280K)->49020K(49280K) Class: 8294K(8384K)->8294K(8384K)
[369.024s][info][gc             ] GC(703) Pause Young (Allocation Failure) 818M->639M(813M) 4.328ms
[369.024s][info][gc,cpu         ] GC(703) User=0.01s Sys=0.00s Real=0.00s
[369.506s][info][gc,start       ] GC(704) Pause Young (Allocation Failure)
[369.517s][info][gc,heap        ] GC(704) PSYoungGen: 179679K(179712K)->2079K(214016K) Eden: 177664K(177664K)->0K(211456K) From: 2015K(2048K)->2079K(2560K)
[369.517s][info][gc,heap        ] GC(704) ParOldGen: 652689K(652800K)->652705K(652800K)
[369.517s][info][gc,metaspace   ] GC(704) Metaspace: 57315K(57664K)->57315K(57664K) NonClass: 49020K(49280K)->49020K(49280K) Class: 8294K(8384K)->8294K(8384K)
[369.517s][info][gc             ] GC(704) Pause Young (Allocation Failure) 812M->639M(846M) 11.381ms
[369.517s][info][gc,cpu         ] GC(704) User=0.01s Sys=0.00s Real=0.02s
[370.018s][info][gc,start       ] GC(705) Pause Young (Allocation Failure)
[370.025s][info][gc,heap        ] GC(705) PSYoungGen: 213382K(214016K)->2240K(254464K) Eden: 211302K(211456K)->0K(251904K) From: 2079K(2560K)->2240K(2560K)
[370.025s][info][gc,heap        ] GC(705) ParOldGen: 652705K(652800K)->652721K(652800K)
[370.025s][info][gc,metaspace   ] GC(705) Metaspace: 57315K(57664K)->57315K(57664K) NonClass: 49020K(49280K)->49020K(49280K) Class: 8294K(8384K)->8294K(8384K)
[370.025s][info][gc             ] GC(705) Pause Young (Allocation Failure) 845M->639M(886M) 6.642ms
[370.025s][info][gc,cpu         ] GC(705) User=0.01s Sys=0.00s Real=0.00s
[370.694s][info][gc,start       ] GC(706) Pause Young (Allocation Failure)
[370.698s][info][gc,heap        ] GC(706) PSYoungGen: 254144K(254464K)->959K(281600K) Eden: 251904K(251904K)->0K(276992K) From: 2240K(2560K)->959K(4608K)
[370.698s][info][gc,heap        ] GC(706) ParOldGen: 652721K(652800K)->652737K(652800K)
[370.698s][info][gc,metaspace   ] GC(706) Metaspace: 57315K(57664K)->57315K(57664K) NonClass: 49020K(49280K)->49020K(49280K) Class: 8294K(8384K)->8294K(8384K)
[370.698s][info][gc             ] GC(706) Pause Young (Allocation Failure) 885M->638M(912M) 3.489ms
[370.698s][info][gc,cpu         ] GC(706) User=0.00s Sys=0.00s Real=0.01s
[371.396s][info][gc,start       ] GC(707) Pause Young (Allocation Failure)
[371.401s][info][gc,heap        ] GC(707) PSYoungGen: 277951K(281600K)->1854K(268288K) Eden: 276992K(276992K)->0K(266240K) From: 959K(4608K)->1854K(2048K)
[371.401s][info][gc,heap        ] GC(707) ParOldGen: 652737K(652800K)->652753K(652800K)
[371.401s][info][gc,metaspace   ] GC(707) Metaspace: 57315K(57664K)->57315K(57664K) NonClass: 49020K(49280K)->49020K(49280K) Class: 8294K(8384K)->8294K(8384K)
[371.401s][info][gc             ] GC(707) Pause Young (Allocation Failure) 908M->639M(899M) 4.448ms
[371.401s][info][gc,cpu         ] GC(707) User=0.01s Sys=0.01s Real=0.00s
[372.040s][info][gc,start       ] GC(708) Pause Young (Allocation Failure)
[372.043s][info][gc,heap        ] GC(708) PSYoungGen: 268094K(268288K)->799K(257024K) Eden: 266240K(266240K)->0K(256000K) From: 1854K(2048K)->799K(1024K)
[372.043s][info][gc,heap        ] GC(708) ParOldGen: 652753K(652800K)->652769K(652800K)
[372.044s][info][gc,metaspace   ] GC(708) Metaspace: 57315K(57664K)->57315K(57664K) NonClass: 49020K(49280K)->49020K(49280K) Class: 8294K(8384K)->8294K(8384K)
[372.044s][info][gc             ] GC(708) Pause Young (Allocation Failure) 899M->638M(888M) 3.331ms
[372.044s][info][gc,cpu         ] GC(708) User=0.01s Sys=0.00s Real=0.00s
[372.708s][info][gc,start       ] GC(709) Pause Young (Allocation Failure)
[372.713s][info][gc,heap        ] GC(709) PSYoungGen: 256799K(257024K)->1920K(248320K) Eden: 256000K(256000K)->0K(246272K) From: 799K(1024K)->1920K(2048K)
[372.713s][info][gc,heap        ] GC(709) ParOldGen: 652769K(652800K)->652785K(652800K)
[372.713s][info][gc,metaspace   ] GC(709) Metaspace: 57315K(57664K)->57315K(57664K) NonClass: 49020K(49280K)->49020K(49280K) Class: 8294K(8384K)->8294K(8384K)
[372.713s][info][gc             ] GC(709) Pause Young (Allocation Failure) 888M->639M(880M) 5.203ms
[372.713s][info][gc,cpu         ] GC(709) User=0.01s Sys=0.00s Real=0.00s
[373.433s][info][gc,start       ] GC(710) Pause Young (Allocation Failure)
[373.457s][info][gc,heap        ] GC(710) PSYoungGen: 248192K(248320K)->4096K(297984K) Eden: 246272K(246272K)->0K(293888K) From: 1920K(2048K)->4096K(4096K)
[373.457s][info][gc,heap        ] GC(710) ParOldGen: 652785K(652800K)->655952K(656384K)
[373.457s][info][gc,metaspace   ] GC(710) Metaspace: 57315K(57664K)->57315K(57664K) NonClass: 49020K(49280K)->49020K(49280K) Class: 8294K(8384K)->8294K(8384K)
[373.457s][info][gc             ] GC(710) Pause Young (Allocation Failure) 879M->644M(932M) 24.262ms
[373.457s][info][gc,cpu         ] GC(710) User=0.03s Sys=0.00s Real=0.03s
[374.114s][info][gc,start       ] GC(711) Pause Young (Allocation Failure)
[374.123s][info][gc,heap        ] GC(711) PSYoungGen: 297984K(297984K)->1855K(300544K) Eden: 293888K(293888K)->0K(294400K) From: 4096K(4096K)->1855K(6144K)
[374.124s][info][gc,heap        ] GC(711) ParOldGen: 655952K(656384K)->659304K(659456K)
[374.124s][info][gc,metaspace   ] GC(711) Metaspace: 57315K(57664K)->57315K(57664K) NonClass: 49020K(49280K)->49020K(49280K) Class: 8294K(8384K)->8294K(8384K)
[374.124s][info][gc             ] GC(711) Pause Young (Allocation Failure) 931M->645M(937M) 9.713ms
[374.124s][info][gc,cpu         ] GC(711) User=0.01s Sys=0.00s Real=0.01s
[374.894s][info][gc,start       ] GC(712) Pause Young (Allocation Failure)
[374.899s][info][gc,heap        ] GC(712) PSYoungGen: 296255K(300544K)->905K(300032K) Eden: 294400K(294400K)->0K(294400K) From: 1855K(6144K)->905K(5632K)
[374.899s][info][gc,heap        ] GC(712) ParOldGen: 659304K(659456K)->659464K(659968K)
[374.899s][info][gc,metaspace   ] GC(712) Metaspace: 57315K(57664K)->57315K(57664K) NonClass: 49020K(49280K)->49020K(49280K) Class: 8294K(8384K)->8294K(8384K)
[374.899s][info][gc             ] GC(712) Pause Young (Allocation Failure) 933M->644M(937M) 5.890ms
[374.899s][info][gc,cpu         ] GC(712) User=0.01s Sys=0.00s Real=0.01s
[375.616s][info][gc,start       ] GC(713) Pause Young (Allocation Failure)
[375.626s][info][gc,heap        ] GC(713) PSYoungGen: 295305K(300032K)->2591K(327680K) Eden: 294400K(294400K)->0K(322048K) From: 905K(5632K)->2591K(5632K)
[375.626s][info][gc,heap        ] GC(713) ParOldGen: 659464K(659968K)->659480K(659968K)
[375.626s][info][gc,metaspace   ] GC(713) Metaspace: 57315K(57664K)->57315K(57664K) NonClass: 49020K(49280K)->49020K(49280K) Class: 8294K(8384K)->8294K(8384K)
[375.626s][info][gc             ] GC(713) Pause Young (Allocation Failure) 932M->646M(964M) 10.105ms
[375.626s][info][gc,cpu         ] GC(713) User=0.02s Sys=0.00s Real=0.01s
[378.415s][info][gc,start       ] GC(714) Pause Young (Allocation Failure)
[378.420s][info][gc,promotion   ] GC(714) Promotion failed
[378.420s][info][gc,heap        ] GC(714) PSYoungGen: 324639K(327680K)->324639K(327680K) Eden: 322048K(322048K)->322048K(322048K) From: 2591K(5632K)->2591K(5632K)
[378.420s][info][gc,heap        ] GC(714) ParOldGen: 659480K(659968K)->659488K(667648K)
[378.420s][info][gc,metaspace   ] GC(714) Metaspace: 57427K(57792K)->57427K(57792K) NonClass: 49131K(49408K)->49131K(49408K) Class: 8295K(8384K)->8295K(8384K)
[378.420s][info][gc             ] GC(714) Pause Young (Allocation Failure) 961M->961M(972M) 5.688ms
[378.420s][info][gc,cpu         ] GC(714) User=0.01s Sys=0.00s Real=0.01s
[378.420s][info][gc,start       ] GC(715) Pause Full (Allocation Failure)
[378.420s][info][gc,phases,start] GC(715) Marking Phase
[378.465s][info][gc,phases      ] GC(715) Marking Phase 44.291ms
[378.465s][info][gc,phases,start] GC(715) Summary Phase
[378.465s][info][gc,phases      ] GC(715) Summary Phase 0.027ms
[378.465s][info][gc,phases,start] GC(715) Forward
[378.467s][info][gc,phases      ] GC(715) Forward 2.594ms
[378.467s][info][gc,phases,start] GC(715) Adjust Pointers
[378.487s][info][gc,phases      ] GC(715) Adjust Pointers 19.071ms
[378.487s][info][gc,phases,start] GC(715) Compaction Phase
[378.506s][info][gc,phases      ] GC(715) Compaction Phase 19.381ms
[378.506s][info][gc,phases,start] GC(715) Post Compact
[378.510s][info][gc,phases      ] GC(715) Post Compact 4.349ms
[378.538s][info][gc,heap        ] GC(715) PSYoungGen: 324639K(327680K)->0K(327680K) Eden: 322048K(322048K)->0K(322048K) From: 2591K(5632K)->0K(5632K)
[378.539s][info][gc,heap        ] GC(715) ParOldGen: 659488K(667648K)->263407K(339456K)
[378.539s][info][gc,metaspace   ] GC(715) Metaspace: 57427K(57792K)->57427K(57792K) NonClass: 49131K(49408K)->49131K(49408K) Class: 8295K(8384K)->8295K(8384K)
[378.539s][info][gc             ] GC(715) Pause Full (Allocation Failure) 961M->257M(651M) 118.142ms
[378.539s][info][gc,cpu         ] GC(715) User=0.14s Sys=0.03s Real=0.12s
[379.415s][info][gc,start       ] GC(716) Pause Young (Allocation Failure)
[379.423s][info][gc,heap        ] GC(716) PSYoungGen: 321733K(327680K)->5627K(318976K) Eden: 321733K(322048K)->0K(313344K) From: 0K(5632K)->5627K(5632K)
[379.424s][info][gc,heap        ] GC(716) ParOldGen: 263407K(339456K)->273227K(339456K)
[379.424s][info][gc,metaspace   ] GC(716) Metaspace: 57447K(57792K)->57447K(57792K) NonClass: 49151K(49408K)->49151K(49408K) Class: 8295K(8384K)->8295K(8384K)
[379.424s][info][gc             ] GC(716) Pause Young (Allocation Failure) 571M->272M(643M) 8.727ms
[379.424s][info][gc,cpu         ] GC(716) User=0.01s Sys=0.00s Real=0.01s
[380.216s][info][gc,start       ] GC(717) Pause Young (Allocation Failure)
[380.224s][info][gc,heap        ] GC(717) PSYoungGen: 318971K(318976K)->2304K(303616K) Eden: 313344K(313344K)->0K(301056K) From: 5627K(5632K)->2304K(2560K)
[380.224s][info][gc,heap        ] GC(717) ParOldGen: 273227K(339456K)->278855K(339456K)
[380.224s][info][gc,metaspace   ] GC(717) Metaspace: 57447K(57792K)->57447K(57792K) NonClass: 49151K(49408K)->49151K(49408K) Class: 8295K(8384K)->8295K(8384K)
[380.224s][info][gc             ] GC(717) Pause Young (Allocation Failure) 578M->274M(628M) 7.694ms
[380.224s][info][gc,cpu         ] GC(717) User=0.01s Sys=0.00s Real=0.00s
[381.007s][info][gc,start       ] GC(718) Pause Young (Allocation Failure)
[381.011s][info][gc,heap        ] GC(718) PSYoungGen: 303360K(303616K)->1855K(291328K) Eden: 301056K(301056K)->0K(289280K) From: 2304K(2560K)->1855K(2048K)
[381.011s][info][gc,heap        ] GC(718) ParOldGen: 278855K(339456K)->278975K(339456K)
[381.011s][info][gc,metaspace   ] GC(718) Metaspace: 57447K(57792K)->57447K(57792K) NonClass: 49151K(49408K)->49151K(49408K) Class: 8295K(8384K)->8295K(8384K)
[381.011s][info][gc             ] GC(718) Pause Young (Allocation Failure) 568M->274M(616M) 4.042ms
[381.011s][info][gc,cpu         ] GC(718) User=0.01s Sys=0.00s Real=0.00s
[381.728s][info][gc,start       ] GC(719) Pause Young (Allocation Failure)
[381.730s][info][gc,heap        ] GC(719) PSYoungGen: 291077K(291328K)->799K(279040K) Eden: 289222K(289280K)->0K(278016K) From: 1855K(2048K)->799K(1024K)
[381.730s][info][gc,heap        ] GC(719) ParOldGen: 278975K(339456K)->278991K(339456K)
[381.730s][info][gc,metaspace   ] GC(719) Metaspace: 57447K(57792K)->57447K(57792K) NonClass: 49151K(49408K)->49151K(49408K) Class: 8295K(8384K)->8295K(8384K)
[381.730s][info][gc             ] GC(719) Pause Young (Allocation Failure) 556M->273M(604M) 2.182ms
[381.730s][info][gc,cpu         ] GC(719) User=0.00s Sys=0.00s Real=0.00s
[382.487s][info][gc,start       ] GC(720) Pause Young (Allocation Failure)
[382.489s][info][gc,heap        ] GC(720) PSYoungGen: 278815K(279040K)->340K(267776K) Eden: 278016K(278016K)->0K(267264K) From: 799K(1024K)->340K(512K)
[382.489s][info][gc,heap        ] GC(720) ParOldGen: 278991K(339456K)->279007K(339456K)
[382.489s][info][gc,metaspace   ] GC(720) Metaspace: 57447K(57792K)->57447K(57792K) NonClass: 49151K(49408K)->49151K(49408K) Class: 8295K(8384K)->8295K(8384K)
[382.489s][info][gc             ] GC(720) Pause Young (Allocation Failure) 544M->272M(593M) 2.350ms
[382.489s][info][gc,cpu         ] GC(720) User=0.00s Sys=0.00s Real=0.00s
[383.131s][info][gc,start       ] GC(721) Pause Young (Allocation Failure)
[383.134s][info][gc,heap        ] GC(721) PSYoungGen: 267604K(267776K)->1344K(265728K) Eden: 267264K(267264K)->0K(257024K) From: 340K(512K)->1344K(8704K)
[383.134s][info][gc,heap        ] GC(721) ParOldGen: 279007K(339456K)->279023K(339456K)
[383.134s][info][gc,metaspace   ] GC(721) Metaspace: 57447K(57792K)->57447K(57792K) NonClass: 49151K(49408K)->49151K(49408K) Class: 8295K(8384K)->8295K(8384K)
[383.134s][info][gc             ] GC(721) Pause Young (Allocation Failure) 533M->273M(591M) 3.138ms
[383.134s][info][gc,cpu         ] GC(721) User=0.01s Sys=0.00s Real=0.00s
[383.799s][info][gc,start       ] GC(722) Pause Young (Allocation Failure)
[383.803s][info][gc,heap        ] GC(722) PSYoungGen: 258368K(265728K)->1695K(249344K) Eden: 257024K(257024K)->0K(247296K) From: 1344K(8704K)->1695K(2048K)
[383.803s][info][gc,heap        ] GC(722) ParOldGen: 279023K(339456K)->279039K(339456K)
[383.803s][info][gc,metaspace   ] GC(722) Metaspace: 57447K(57792K)->57447K(57792K) NonClass: 49151K(49408K)->49151K(49408K) Class: 8295K(8384K)->8295K(8384K)
[383.803s][info][gc             ] GC(722) Pause Young (Allocation Failure) 524M->274M(575M) 3.848ms
[383.803s][info][gc,cpu         ] GC(722) User=0.01s Sys=0.00s Real=0.00s
[384.416s][info][gc,start       ] GC(723) Pause Young (Allocation Failure)
[384.419s][info][gc,heap        ] GC(723) PSYoungGen: 248991K(249344K)->1759K(240128K) Eden: 247296K(247296K)->0K(238080K) From: 1695K(2048K)->1759K(2048K)
[384.419s][info][gc,heap        ] GC(723) ParOldGen: 279039K(339456K)->279055K(339456K)
[384.419s][info][gc,metaspace   ] GC(723) Metaspace: 57448K(57792K)->57448K(57792K) NonClass: 49152K(49408K)->49152K(49408K) Class: 8295K(8384K)->8295K(8384K)
[384.419s][info][gc             ] GC(723) Pause Young (Allocation Failure) 515M->274M(566M) 3.446ms
[384.419s][info][gc,cpu         ] GC(723) User=0.00s Sys=0.00s Real=0.00s
[385.023s][info][gc,start       ] GC(724) Pause Young (Allocation Failure)
[385.027s][info][gc,heap        ] GC(724) PSYoungGen: 239523K(240128K)->1568K(231424K) Eden: 237763K(238080K)->0K(229376K) From: 1759K(2048K)->1568K(2048K)
[385.027s][info][gc,heap        ] GC(724) ParOldGen: 279055K(339456K)->279071K(339456K)
[385.027s][info][gc,metaspace   ] GC(724) Metaspace: 57448K(57792K)->57448K(57792K) NonClass: 49152K(49408K)->49152K(49408K) Class: 8295K(8384K)->8295K(8384K)
[385.027s][info][gc             ] GC(724) Pause Young (Allocation Failure) 506M->274M(557M) 3.992ms
[385.027s][info][gc,cpu         ] GC(724) User=0.01s Sys=0.01s Real=0.01s
[385.615s][info][gc,start       ] GC(725) Pause Young (Allocation Failure)
[385.620s][info][gc,heap        ] GC(725) PSYoungGen: 230944K(231424K)->2400K(223232K) Eden: 229376K(229376K)->0K(220672K) From: 1568K(2048K)->2400K(2560K)
[385.620s][info][gc,heap        ] GC(725) ParOldGen: 279071K(339456K)->279087K(339456K)
[385.620s][info][gc,metaspace   ] GC(725) Metaspace: 57451K(57792K)->57451K(57792K) NonClass: 49155K(49408K)->49155K(49408K) Class: 8295K(8384K)->8295K(8384K)
[385.620s][info][gc             ] GC(725) Pause Young (Allocation Failure) 498M->274M(549M) 4.649ms
[385.620s][info][gc,cpu         ] GC(725) User=0.01s Sys=0.00s Real=0.01s
[386.201s][info][gc,start       ] GC(726) Pause Young (Allocation Failure)
[386.204s][info][gc,heap        ] GC(726) PSYoungGen: 223072K(223232K)->960K(213504K) Eden: 220672K(220672K)->0K(212480K) From: 2400K(2560K)->960K(1024K)
[386.204s][info][gc,heap        ] GC(726) ParOldGen: 279087K(339456K)->279103K(339456K)
[386.204s][info][gc,metaspace   ] GC(726) Metaspace: 57451K(57792K)->57451K(57792K) NonClass: 49155K(49408K)->49155K(49408K) Class: 8295K(8384K)->8295K(8384K)
[386.204s][info][gc             ] GC(726) Pause Young (Allocation Failure) 490M->273M(540M) 3.009ms
[386.204s][info][gc,cpu         ] GC(726) User=0.01s Sys=0.00s Real=0.00s
[386.720s][info][gc,start       ] GC(727) Pause Young (Allocation Failure)
[386.725s][info][gc,heap        ] GC(727) PSYoungGen: 213440K(213504K)->2431K(211456K) Eden: 212480K(212480K)->0K(204800K) From: 960K(1024K)->2431K(6656K)
[386.725s][info][gc,heap        ] GC(727) ParOldGen: 279103K(339456K)->279119K(339456K)
[386.725s][info][gc,metaspace   ] GC(727) Metaspace: 57451K(57792K)->57451K(57792K) NonClass: 49155K(49408K)->49155K(49408K) Class: 8295K(8384K)->8295K(8384K)
[386.725s][info][gc             ] GC(727) Pause Young (Allocation Failure) 480M->274M(538M) 4.366ms
[386.725s][info][gc,cpu         ] GC(727) User=0.00s Sys=0.01s Real=0.00s
[387.236s][info][gc,start       ] GC(728) Pause Young (Allocation Failure)
[387.238s][info][gc,heap        ] GC(728) PSYoungGen: 207231K(211456K)->831K(198656K) Eden: 204800K(204800K)->0K(197632K) From: 2431K(6656K)->831K(1024K)
[387.238s][info][gc,heap        ] GC(728) ParOldGen: 279119K(339456K)->279135K(339456K)
[387.238s][info][gc,metaspace   ] GC(728) Metaspace: 57453K(57792K)->57453K(57792K) NonClass: 49157K(49408K)->49157K(49408K) Class: 8295K(8384K)->8295K(8384K)
[387.238s][info][gc             ] GC(728) Pause Young (Allocation Failure) 474M->273M(525M) 2.507ms
[387.238s][info][gc,cpu         ] GC(728) User=0.01s Sys=0.00s Real=0.01s
[387.787s][info][gc,start       ] GC(729) Pause Young (Allocation Failure)
[387.789s][info][gc,heap        ] GC(729) PSYoungGen: 198463K(198656K)->310K(190976K) Eden: 197632K(197632K)->0K(190464K) From: 831K(1024K)->310K(512K)
[387.789s][info][gc,heap        ] GC(729) ParOldGen: 279135K(339456K)->279151K(339456K)
[387.789s][info][gc,metaspace   ] GC(729) Metaspace: 57453K(57792K)->57453K(57792K) NonClass: 49157K(49408K)->49157K(49408K) Class: 8295K(8384K)->8295K(8384K)
[387.789s][info][gc             ] GC(729) Pause Young (Allocation Failure) 466M->272M(518M) 1.773ms
[387.789s][info][gc,cpu         ] GC(729) User=0.01s Sys=0.00s Real=0.00s
[388.244s][info][gc,start       ] GC(730) Pause Young (Allocation Failure)
[388.247s][info][gc,heap        ] GC(730) PSYoungGen: 190757K(190976K)->1088K(185344K) Eden: 190446K(190464K)->0K(183808K) From: 310K(512K)->1088K(1536K)
[388.247s][info][gc,heap        ] GC(730) ParOldGen: 279151K(339456K)->279167K(339456K)
[388.247s][info][gc,metaspace   ] GC(730) Metaspace: 57453K(57792K)->57453K(57792K) NonClass: 49157K(49408K)->49157K(49408K) Class: 8295K(8384K)->8295K(8384K)
[388.247s][info][gc             ] GC(730) Pause Young (Allocation Failure) 458M->273M(512M) 3.456ms
[388.247s][info][gc,cpu         ] GC(730) User=0.01s Sys=0.00s Real=0.01s
[388.710s][info][gc,start       ] GC(731) Pause Young (Allocation Failure)
[388.714s][info][gc,heap        ] GC(731) PSYoungGen: 184896K(185344K)->1792K(179712K) Eden: 183808K(183808K)->0K(177664K) From: 1088K(1536K)->1792K(2048K)
[388.714s][info][gc,heap        ] GC(731) ParOldGen: 279167K(339456K)->279183K(339456K)
[388.714s][info][gc,metaspace   ] GC(731) Metaspace: 57453K(57792K)->57453K(57792K) NonClass: 49157K(49408K)->49157K(49408K) Class: 8295K(8384K)->8295K(8384K)
[388.714s][info][gc             ] GC(731) Pause Young (Allocation Failure) 453M->274M(507M) 3.877ms
[388.714s][info][gc,cpu         ] GC(731) User=0.00s Sys=0.00s Real=0.00s
[389.187s][info][gc,start       ] GC(732) Pause Young (Allocation Failure)
[389.189s][info][gc,heap        ] GC(732) PSYoungGen: 179456K(179712K)->489K(172032K) Eden: 177664K(177664K)->0K(171520K) From: 1792K(2048K)->489K(512K)
[389.189s][info][gc,heap        ] GC(732) ParOldGen: 279183K(339456K)->279199K(339456K)
[389.189s][info][gc,metaspace   ] GC(732) Metaspace: 57453K(57792K)->57453K(57792K) NonClass: 49157K(49408K)->49157K(49408K) Class: 8295K(8384K)->8295K(8384K)
[389.189s][info][gc             ] GC(732) Pause Young (Allocation Failure) 447M->273M(499M) 2.250ms
[389.189s][info][gc,cpu         ] GC(732) User=0.00s Sys=0.00s Real=0.00s
[389.605s][info][gc,start       ] GC(733) Pause Young (Allocation Failure)
[389.608s][info][gc,heap        ] GC(733) PSYoungGen: 172009K(172032K)->1471K(171008K) Eden: 171520K(171520K)->0K(165888K) From: 489K(512K)->1471K(5120K)
[389.608s][info][gc,heap        ] GC(733) ParOldGen: 279199K(339456K)->279215K(339456K)
[389.608s][info][gc,metaspace   ] GC(733) Metaspace: 57453K(57792K)->57453K(57792K) NonClass: 49157K(49408K)->49157K(49408K) Class: 8295K(8384K)->8295K(8384K)
[389.608s][info][gc             ] GC(733) Pause Young (Allocation Failure) 440M->274M(498M) 2.833ms
[389.608s][info][gc,cpu         ] GC(733) User=0.01s Sys=0.00s Real=0.01s
[390.095s][info][gc,start       ] GC(734) Pause Young (Allocation Failure)
[390.102s][info][gc,heap        ] GC(734) PSYoungGen: 167359K(171008K)->2878K(163328K) Eden: 165888K(165888K)->0K(160256K) From: 1471K(5120K)->2878K(3072K)
[390.102s][info][gc,heap        ] GC(734) ParOldGen: 279215K(339456K)->279231K(339456K)
[390.102s][info][gc,metaspace   ] GC(734) Metaspace: 57453K(57792K)->57453K(57792K) NonClass: 49157K(49408K)->49157K(49408K) Class: 8295K(8384K)->8295K(8384K)
[390.102s][info][gc             ] GC(734) Pause Young (Allocation Failure) 436M->275M(491M) 6.902ms
[390.102s][info][gc,cpu         ] GC(734) User=0.01s Sys=0.00s Real=0.01s
[390.418s][info][gc,start       ] GC(735) Pause Young (Allocation Failure)
[390.421s][info][gc,heap        ] GC(735) PSYoungGen: 162908K(163328K)->1600K(157184K) Eden: 160030K(160256K)->0K(155136K) From: 2878K(3072K)->1600K(2048K)
[390.421s][info][gc,heap        ] GC(735) ParOldGen: 279231K(339456K)->279247K(339456K)
[390.421s][info][gc,metaspace   ] GC(735) Metaspace: 57453K(57792K)->57453K(57792K) NonClass: 49157K(49408K)->49157K(49408K) Class: 8295K(8384K)->8295K(8384K)
[390.422s][info][gc             ] GC(735) Pause Young (Allocation Failure) 431M->274M(485M) 3.676ms
[390.422s][info][gc,cpu         ] GC(735) User=0.00s Sys=0.00s Real=0.00s
[390.820s][info][gc,start       ] GC(736) Pause Young (Allocation Failure)
[390.823s][info][gc,heap        ] GC(736) PSYoungGen: 156736K(157184K)->2143K(152576K) Eden: 155136K(155136K)->0K(150016K) From: 1600K(2048K)->2143K(2560K)
[390.824s][info][gc,heap        ] GC(736) ParOldGen: 279247K(339456K)->279263K(339456K)
[390.824s][info][gc,metaspace   ] GC(736) Metaspace: 57453K(57792K)->57453K(57792K) NonClass: 49157K(49408K)->49157K(49408K) Class: 8295K(8384K)->8295K(8384K)
[390.824s][info][gc             ] GC(736) Pause Young (Allocation Failure) 425M->274M(480M) 3.958ms
[390.824s][info][gc,cpu         ] GC(736) User=0.00s Sys=0.00s Real=0.00s
[391.209s][info][gc,start       ] GC(737) Pause Young (Allocation Failure)
[391.213s][info][gc,heap        ] GC(737) PSYoungGen: 152159K(152576K)->1728K(147456K) Eden: 150016K(150016K)->0K(145408K) From: 2143K(2560K)->1728K(2048K)
[391.213s][info][gc,heap        ] GC(737) ParOldGen: 279263K(339456K)->279279K(339456K)
[391.213s][info][gc,metaspace   ] GC(737) Metaspace: 57453K(57792K)->57453K(57792K) NonClass: 49157K(49408K)->49157K(49408K) Class: 8295K(8384K)->8295K(8384K)
[391.213s][info][gc             ] GC(737) Pause Young (Allocation Failure) 421M->274M(475M) 3.701ms
[391.213s][info][gc,cpu         ] GC(737) User=0.01s Sys=0.00s Real=0.00s
[391.598s][info][gc,start       ] GC(738) Pause Young (Allocation Failure)
[391.601s][info][gc,heap        ] GC(738) PSYoungGen: 147136K(147456K)->1567K(142848K) Eden: 145408K(145408K)->0K(140800K) From: 1728K(2048K)->1567K(2048K)
[391.601s][info][gc,heap        ] GC(738) ParOldGen: 279279K(339456K)->279295K(339456K)
[391.601s][info][gc,metaspace   ] GC(738) Metaspace: 57453K(57792K)->57453K(57792K) NonClass: 49157K(49408K)->49157K(49408K) Class: 8295K(8384K)->8295K(8384K)
[391.601s][info][gc             ] GC(738) Pause Young (Allocation Failure) 416M->274M(471M) 3.212ms
[391.601s][info][gc,cpu         ] GC(738) User=0.01s Sys=0.00s Real=0.00s
[391.933s][info][gc,start       ] GC(739) Pause Young (Allocation Failure)
[391.935s][info][gc,heap        ] GC(739) PSYoungGen: 142354K(142848K)->704K(137216K) Eden: 140787K(140800K)->0K(136192K) From: 1567K(2048K)->704K(1024K)
[391.935s][info][gc,heap        ] GC(739) ParOldGen: 279295K(339456K)->279311K(339456K)
[391.935s][info][gc,metaspace   ] GC(739) Metaspace: 57453K(57792K)->57453K(57792K) NonClass: 49157K(49408K)->49157K(49408K) Class: 8295K(8384K)->8295K(8384K)
[391.935s][info][gc             ] GC(739) Pause Young (Allocation Failure) 411M->273M(465M) 2.405ms
[391.935s][info][gc,cpu         ] GC(739) User=0.00s Sys=0.00s Real=0.00s
[392.316s][info][gc,start       ] GC(740) Pause Young (Allocation Failure)
[392.332s][info][gc,heap        ] GC(740) PSYoungGen: 136896K(137216K)->2495K(165888K) Eden: 136192K(136192K)->0K(163328K) From: 704K(1024K)->2495K(2560K)
[392.332s][info][gc,heap        ] GC(740) ParOldGen: 279311K(339456K)->279327K(339456K)
[392.332s][info][gc,metaspace   ] GC(740) Metaspace: 57453K(57792K)->57453K(57792K) NonClass: 49157K(49408K)->49157K(49408K) Class: 8295K(8384K)->8295K(8384K)
[392.332s][info][gc             ] GC(740) Pause Young (Allocation Failure) 406M->275M(493M) 16.266ms
[392.332s][info][gc,cpu         ] GC(740) User=0.01s Sys=0.00s Real=0.01s
[392.707s][info][gc,start       ] GC(741) Pause Young (Allocation Failure)
[392.710s][info][gc,heap        ] GC(741) PSYoungGen: 165823K(165888K)->1919K(197120K) Eden: 163328K(163328K)->0K(195072K) From: 2495K(2560K)->1919K(2048K)
[392.710s][info][gc,heap        ] GC(741) ParOldGen: 279327K(339456K)->279343K(339456K)
[392.710s][info][gc,metaspace   ] GC(741) Metaspace: 57453K(57792K)->57453K(57792K) NonClass: 49157K(49408K)->49157K(49408K) Class: 8295K(8384K)->8295K(8384K)
[392.710s][info][gc             ] GC(741) Pause Young (Allocation Failure) 434M->274M(524M) 3.619ms
[392.710s][info][gc,cpu         ] GC(741) User=0.01s Sys=0.00s Real=0.00s
[393.206s][info][gc,start       ] GC(742) Pause Young (Allocation Failure)
[393.209s][info][gc,heap        ] GC(742) PSYoungGen: 196991K(197120K)->1759K(235008K) Eden: 195072K(195072K)->0K(232960K) From: 1919K(2048K)->1759K(2048K)
[393.209s][info][gc,heap        ] GC(742) ParOldGen: 279343K(339456K)->279359K(339456K)
[393.209s][info][gc,metaspace   ] GC(742) Metaspace: 57453K(57792K)->57453K(57792K) NonClass: 49157K(49408K)->49157K(49408K) Class: 8295K(8384K)->8295K(8384K)
[393.209s][info][gc             ] GC(742) Pause Young (Allocation Failure) 465M->274M(561M) 3.305ms
[393.209s][info][gc,cpu         ] GC(742) User=0.01s Sys=0.00s Real=0.00s
[393.805s][info][gc,start       ] GC(743) Pause Young (Allocation Failure)
[393.808s][info][gc,heap        ] GC(743) PSYoungGen: 234719K(235008K)->1536K(249856K) Eden: 232960K(232960K)->0K(245760K) From: 1759K(2048K)->1536K(4096K)
[393.808s][info][gc,heap        ] GC(743) ParOldGen: 279359K(339456K)->279375K(339456K)
[393.808s][info][gc,metaspace   ] GC(743) Metaspace: 57453K(57792K)->57453K(57792K) NonClass: 49157K(49408K)->49157K(49408K) Class: 8295K(8384K)->8295K(8384K)
[393.808s][info][gc             ] GC(743) Pause Young (Allocation Failure) 502M->274M(575M) 3.384ms
[393.808s][info][gc,cpu         ] GC(743) User=0.00s Sys=0.00s Real=0.01s
[394.467s][info][gc,start       ] GC(744) Pause Young (Allocation Failure)
[394.472s][info][gc,heap        ] GC(744) PSYoungGen: 247296K(249856K)->3570K(280064K) Eden: 245760K(245760K)->0K(276480K) From: 1536K(4096K)->3570K(3584K)
[394.472s][info][gc,heap        ] GC(744) ParOldGen: 279375K(339456K)->280817K(339456K)
[394.472s][info][gc,metaspace   ] GC(744) Metaspace: 57453K(57792K)->57453K(57792K) NonClass: 49157K(49408K)->49157K(49408K) Class: 8295K(8384K)->8295K(8384K)
[394.472s][info][gc             ] GC(744) Pause Young (Allocation Failure) 514M->277M(605M) 5.192ms
[394.472s][info][gc,cpu         ] GC(744) User=0.01s Sys=0.01s Real=0.00s
[395.134s][info][gc,start       ] GC(745) Pause Young (Allocation Failure)
[395.143s][info][gc,heap        ] GC(745) PSYoungGen: 280050K(280064K)->2175K(281088K) Eden: 276480K(276480K)->0K(276480K) From: 3570K(3584K)->2175K(4608K)
[395.143s][info][gc,heap        ] GC(745) ParOldGen: 280817K(339456K)->282947K(339456K)
[395.143s][info][gc,metaspace   ] GC(745) Metaspace: 57453K(57792K)->57453K(57792K) NonClass: 49157K(49408K)->49157K(49408K) Class: 8295K(8384K)->8295K(8384K)
[395.143s][info][gc             ] GC(745) Pause Young (Allocation Failure) 547M->278M(606M) 9.336ms
[395.143s][info][gc,cpu         ] GC(745) User=0.01s Sys=0.00s Real=0.01s
[395.822s][info][gc,start       ] GC(746) Pause Young (Allocation Failure)
[395.826s][info][gc,heap        ] GC(746) PSYoungGen: 278655K(281088K)->2430K(329216K) Eden: 276480K(276480K)->0K(324608K) From: 2175K(4608K)->2430K(4608K)
[395.826s][info][gc,heap        ] GC(746) ParOldGen: 282947K(339456K)->282963K(339456K)
[395.826s][info][gc,metaspace   ] GC(746) Metaspace: 57453K(57792K)->57453K(57792K) NonClass: 49157K(49408K)->49157K(49408K) Class: 8295K(8384K)->8295K(8384K)
[395.826s][info][gc             ] GC(746) Pause Young (Allocation Failure) 548M->278M(653M) 4.682ms
[395.826s][info][gc,cpu         ] GC(746) User=0.00s Sys=0.01s Real=0.01s
[396.687s][info][gc,start       ] GC(747) Pause Young (Allocation Failure)
[396.689s][info][gc,heap        ] GC(747) PSYoungGen: 327038K(329216K)->223K(312320K) Eden: 324608K(324608K)->0K(311808K) From: 2430K(4608K)->223K(512K)
[396.689s][info][gc,heap        ] GC(747) ParOldGen: 282963K(339456K)->282979K(339456K)
[396.689s][info][gc,metaspace   ] GC(747) Metaspace: 57453K(57792K)->57453K(57792K) NonClass: 49157K(49408K)->49157K(49408K) Class: 8295K(8384K)->8295K(8384K)
[396.689s][info][gc             ] GC(747) Pause Young (Allocation Failure) 595M->276M(636M) 2.188ms
[396.689s][info][gc,cpu         ] GC(747) User=0.00s Sys=0.00s Real=0.00s
[397.544s][info][gc,start       ] GC(748) Pause Young (Allocation Failure)
[397.548s][info][gc,heap        ] GC(748) PSYoungGen: 312031K(312320K)->427K(300032K) Eden: 311808K(311808K)->0K(299520K) From: 223K(512K)->427K(512K)
[397.548s][info][gc,heap        ] GC(748) ParOldGen: 282979K(339456K)->282995K(339456K)
[397.548s][info][gc,metaspace   ] GC(748) Metaspace: 57457K(57792K)->57457K(57792K) NonClass: 49161K(49408K)->49161K(49408K) Class: 8295K(8384K)->8295K(8384K)
[397.548s][info][gc             ] GC(748) Pause Young (Allocation Failure) 581M->276M(624M) 4.259ms
[397.548s][info][gc,cpu         ] GC(748) User=0.01s Sys=0.00s Real=0.01s
[398.222s][info][gc,start       ] GC(749) Pause Young (Allocation Failure)
[398.225s][info][gc,heap        ] GC(749) PSYoungGen: 299947K(300032K)->1727K(292352K) Eden: 299520K(299520K)->0K(287744K) From: 427K(512K)->1727K(4608K)
[398.225s][info][gc,heap        ] GC(749) ParOldGen: 282995K(339456K)->283011K(339456K)
[398.225s][info][gc,metaspace   ] GC(749) Metaspace: 57457K(57792K)->57457K(57792K) NonClass: 49161K(49408K)->49161K(49408K) Class: 8295K(8384K)->8295K(8384K)
[398.225s][info][gc             ] GC(749) Pause Young (Allocation Failure) 569M->278M(617M) 3.876ms
[398.225s][info][gc,cpu         ] GC(749) User=0.00s Sys=0.00s Real=0.00s
[398.991s][info][gc,start       ] GC(750) Pause Young (Allocation Failure)
[398.993s][info][gc,heap        ] GC(750) PSYoungGen: 289471K(292352K)->959K(277504K) Eden: 287744K(287744K)->0K(276480K) From: 1727K(4608K)->959K(1024K)
[398.993s][info][gc,heap        ] GC(750) ParOldGen: 283011K(339456K)->283027K(339456K)
[398.993s][info][gc,metaspace   ] GC(750) Metaspace: 57457K(57792K)->57457K(57792K) NonClass: 49161K(49408K)->49161K(49408K) Class: 8295K(8384K)->8295K(8384K)
[398.993s][info][gc             ] GC(750) Pause Young (Allocation Failure) 559M->277M(602M) 2.416ms
[398.993s][info][gc,cpu         ] GC(750) User=0.01s Sys=0.00s Real=0.00s
[399.710s][info][gc,start       ] GC(751) Pause Young (Allocation Failure)
[399.717s][info][gc,heap        ] GC(751) PSYoungGen: 277439K(277504K)->1791K(267776K) Eden: 276480K(276480K)->0K(265728K) From: 959K(1024K)->1791K(2048K)
[399.717s][info][gc,heap        ] GC(751) ParOldGen: 283027K(339456K)->283043K(339456K)
[399.717s][info][gc,metaspace   ] GC(751) Metaspace: 57457K(57792K)->57457K(57792K) NonClass: 49161K(49408K)->49161K(49408K) Class: 8295K(8384K)->8295K(8384K)
[399.717s][info][gc             ] GC(751) Pause Young (Allocation Failure) 547M->278M(593M) 6.517ms
[399.717s][info][gc,cpu         ] GC(751) User=0.00s Sys=0.00s Real=0.01s
[400.394s][info][gc,start       ] GC(752) Pause Young (Allocation Failure)
[400.396s][info][gc,heap        ] GC(752) PSYoungGen: 267519K(267776K)->415K(256000K) Eden: 265728K(265728K)->0K(255488K) From: 1791K(2048K)->415K(512K)
[400.396s][info][gc,heap        ] GC(752) ParOldGen: 283043K(339456K)->283059K(339456K)
[400.396s][info][gc,metaspace   ] GC(752) Metaspace: 57457K(57792K)->57457K(57792K) NonClass: 49161K(49408K)->49161K(49408K) Class: 8295K(8384K)->8295K(8384K)
[400.396s][info][gc             ] GC(752) Pause Young (Allocation Failure) 537M->276M(581M) 2.133ms
[400.396s][info][gc,cpu         ] GC(752) User=0.01s Sys=0.00s Real=0.01s
[401.009s][info][gc,start       ] GC(753) Pause Young (Allocation Failure)
[401.012s][info][gc,heap        ] GC(753) PSYoungGen: 255903K(256000K)->1535K(249856K) Eden: 255488K(255488K)->0K(245760K) From: 415K(512K)->1535K(4096K)
[401.012s][info][gc,heap        ] GC(753) ParOldGen: 283059K(339456K)->283075K(339456K)
[401.012s][info][gc,metaspace   ] GC(753) Metaspace: 57457K(57792K)->57457K(57792K) NonClass: 49161K(49408K)->49161K(49408K) Class: 8295K(8384K)->8295K(8384K)
[401.012s][info][gc             ] GC(753) Pause Young (Allocation Failure) 526M->277M(575M) 2.990ms
[401.012s][info][gc,cpu         ] GC(753) User=0.00s Sys=0.00s Real=0.00s
[401.625s][info][gc,start       ] GC(754) Pause Young (Allocation Failure)
[401.628s][info][gc,heap        ] GC(754) PSYoungGen: 247295K(249856K)->1791K(238592K) Eden: 245760K(245760K)->0K(236544K) From: 1535K(4096K)->1791K(2048K)
[401.628s][info][gc,heap        ] GC(754) ParOldGen: 283075K(339456K)->283091K(339456K)
[401.628s][info][gc,metaspace   ] GC(754) Metaspace: 57457K(57792K)->57457K(57792K) NonClass: 49161K(49408K)->49161K(49408K) Class: 8295K(8384K)->8295K(8384K)
[401.628s][info][gc             ] GC(754) Pause Young (Allocation Failure) 517M->278M(564M) 3.634ms
[401.629s][info][gc,cpu         ] GC(754) User=0.01s Sys=0.00s Real=0.01s
[402.233s][info][gc,start       ] GC(755) Pause Young (Allocation Failure)
[402.239s][info][gc,heap        ] GC(755) PSYoungGen: 238335K(238592K)->991K(228864K) Eden: 236544K(236544K)->0K(227840K) From: 1791K(2048K)->991K(1024K)
[402.239s][info][gc,heap        ] GC(755) ParOldGen: 283091K(339456K)->283107K(339456K)
[402.239s][info][gc,metaspace   ] GC(755) Metaspace: 57457K(57792K)->57457K(57792K) NonClass: 49161K(49408K)->49161K(49408K) Class: 8295K(8384K)->8295K(8384K)
[402.239s][info][gc             ] GC(755) Pause Young (Allocation Failure) 509M->277M(555M) 6.173ms
[402.239s][info][gc,cpu         ] GC(755) User=0.01s Sys=0.00s Real=0.01s
[402.825s][info][gc,start       ] GC(756) Pause Young (Allocation Failure)
[402.830s][info][gc,heap        ] GC(756) PSYoungGen: 228831K(228864K)->2462K(222208K) Eden: 227840K(227840K)->0K(219648K) From: 991K(1024K)->2462K(2560K)
[402.830s][info][gc,heap        ] GC(756) ParOldGen: 283107K(339456K)->283123K(339456K)
[402.830s][info][gc,metaspace   ] GC(756) Metaspace: 57457K(57792K)->57457K(57792K) NonClass: 49161K(49408K)->49161K(49408K) Class: 8295K(8384K)->8295K(8384K)
[402.830s][info][gc             ] GC(756) Pause Young (Allocation Failure) 499M->278M(548M) 4.591ms
[402.830s][info][gc,cpu         ] GC(756) User=0.01s Sys=0.01s Real=0.01s
[403.401s][info][gc,start       ] GC(757) Pause Young (Allocation Failure)
[403.405s][info][gc,heap        ] GC(757) PSYoungGen: 222110K(222208K)->2495K(214016K) Eden: 219648K(219648K)->0K(211456K) From: 2462K(2560K)->2495K(2560K)
[403.405s][info][gc,heap        ] GC(757) ParOldGen: 283123K(339456K)->283139K(339456K)
[403.405s][info][gc,metaspace   ] GC(757) Metaspace: 57459K(57792K)->57459K(57792K) NonClass: 49163K(49408K)->49163K(49408K) Class: 8295K(8384K)->8295K(8384K)
[403.405s][info][gc             ] GC(757) Pause Young (Allocation Failure) 493M->278M(540M) 4.406ms
[403.405s][info][gc,cpu         ] GC(757) User=0.01s Sys=0.00s Real=0.00s
[403.927s][info][gc,start       ] GC(758) Pause Young (Allocation Failure)
[403.930s][info][gc,heap        ] GC(758) PSYoungGen: 213951K(214016K)->1215K(205312K) Eden: 211456K(211456K)->0K(203776K) From: 2495K(2560K)->1215K(1536K)
[403.930s][info][gc,heap        ] GC(758) ParOldGen: 283139K(339456K)->283155K(339456K)
[403.930s][info][gc,metaspace   ] GC(758) Metaspace: 57459K(57792K)->57459K(57792K) NonClass: 49163K(49408K)->49163K(49408K) Class: 8295K(8384K)->8295K(8384K)
[403.930s][info][gc             ] GC(758) Pause Young (Allocation Failure) 485M->277M(532M) 2.727ms
[403.930s][info][gc,cpu         ] GC(758) User=0.00s Sys=0.00s Real=0.00s
[404.486s][info][gc,start       ] GC(759) Pause Young (Allocation Failure)
[404.488s][info][gc,heap        ] GC(759) PSYoungGen: 204991K(205312K)->354K(197120K) Eden: 203776K(203776K)->0K(196608K) From: 1215K(1536K)->354K(512K)
[404.488s][info][gc,heap        ] GC(759) ParOldGen: 283155K(339456K)->283171K(339456K)
[404.488s][info][gc,metaspace   ] GC(759) Metaspace: 57459K(57792K)->57459K(57792K) NonClass: 49163K(49408K)->49163K(49408K) Class: 8295K(8384K)->8295K(8384K)
[404.488s][info][gc             ] GC(759) Pause Young (Allocation Failure) 476M->276M(524M) 1.918ms
[404.488s][info][gc,cpu         ] GC(759) User=0.01s Sys=0.00s Real=0.00s
[404.986s][info][gc,start       ] GC(760) Pause Young (Allocation Failure)
[404.988s][info][gc,heap        ] GC(760) PSYoungGen: 196962K(197120K)->424K(189952K) Eden: 196608K(196608K)->0K(189440K) From: 354K(512K)->424K(512K)
[404.988s][info][gc,heap        ] GC(760) ParOldGen: 283171K(339456K)->283187K(339456K)
[404.988s][info][gc,metaspace   ] GC(760) Metaspace: 57459K(57792K)->57459K(57792K) NonClass: 49163K(49408K)->49163K(49408K) Class: 8295K(8384K)->8295K(8384K)
[404.988s][info][gc             ] GC(760) Pause Young (Allocation Failure) 468M->276M(517M) 1.983ms
[404.988s][info][gc,cpu         ] GC(760) User=0.00s Sys=0.00s Real=0.01s
[405.634s][info][gc,start       ] GC(761) Pause Young (Allocation Failure)
[405.639s][info][gc,heap        ] GC(761) PSYoungGen: 189799K(189952K)->1664K(186880K) Eden: 189375K(189440K)->0K(182784K) From: 424K(512K)->1664K(4096K)
[405.639s][info][gc,heap        ] GC(761) ParOldGen: 283187K(339456K)->283203K(339456K)
[405.639s][info][gc,metaspace   ] GC(761) Metaspace: 57459K(57792K)->57459K(57792K) NonClass: 49163K(49408K)->49163K(49408K) Class: 8295K(8384K)->8295K(8384K)
[405.639s][info][gc             ] GC(761) Pause Young (Allocation Failure) 461M->278M(514M) 4.981ms
[405.639s][info][gc,cpu         ] GC(761) User=0.01s Sys=0.00s Real=0.01s
[406.010s][info][gc,start       ] GC(762) Pause Young (Allocation Failure)
[406.014s][info][gc,heap        ] GC(762) PSYoungGen: 184196K(186880K)->1600K(178688K) Eden: 182532K(182784K)->0K(176640K) From: 1664K(4096K)->1600K(2048K)
[406.014s][info][gc,heap        ] GC(762) ParOldGen: 283203K(339456K)->283219K(339456K)
[406.014s][info][gc,metaspace   ] GC(762) Metaspace: 57459K(57792K)->57459K(57792K) NonClass: 49163K(49408K)->49163K(49408K) Class: 8295K(8384K)->8295K(8384K)
[406.014s][info][gc             ] GC(762) Pause Young (Allocation Failure) 456M->278M(506M) 3.592ms
[406.014s][info][gc,cpu         ] GC(762) User=0.01s Sys=0.00s Real=0.00s
[406.429s][info][gc,start       ] GC(763) Pause Young (Allocation Failure)
[406.432s][info][gc,heap        ] GC(763) PSYoungGen: 178177K(178688K)->704K(171520K) Eden: 176577K(176640K)->0K(170496K) From: 1600K(2048K)->704K(1024K)
[406.432s][info][gc,heap        ] GC(763) ParOldGen: 283219K(339456K)->283235K(339456K)
[406.432s][info][gc,metaspace   ] GC(763) Metaspace: 57459K(57792K)->57459K(57792K) NonClass: 49163K(49408K)->49163K(49408K) Class: 8295K(8384K)->8295K(8384K)
[406.432s][info][gc             ] GC(763) Pause Young (Allocation Failure) 450M->277M(499M) 2.412ms
[406.432s][info][gc,cpu         ] GC(763) User=0.01s Sys=0.00s Real=0.00s
[406.897s][info][gc,start       ] GC(764) Pause Young (Allocation Failure)
[406.900s][info][gc,heap        ] GC(764) PSYoungGen: 171200K(171520K)->1120K(166400K) Eden: 170496K(170496K)->0K(164864K) From: 704K(1024K)->1120K(1536K)
[406.900s][info][gc,heap        ] GC(764) ParOldGen: 283235K(339456K)->283251K(339456K)
[406.900s][info][gc,metaspace   ] GC(764) Metaspace: 57459K(57792K)->57459K(57792K) NonClass: 49163K(49408K)->49163K(49408K) Class: 8295K(8384K)->8295K(8384K)
[406.900s][info][gc             ] GC(764) Pause Young (Allocation Failure) 443M->277M(494M) 3.055ms
[406.900s][info][gc,cpu         ] GC(764) User=0.00s Sys=0.00s Real=0.00s
[407.311s][info][gc,start       ] GC(765) Pause Young (Allocation Failure)
[407.314s][info][gc,heap        ] GC(765) PSYoungGen: 165984K(166400K)->1599K(161280K) Eden: 164864K(164864K)->0K(159232K) From: 1120K(1536K)->1599K(2048K)
[407.314s][info][gc,heap        ] GC(765) ParOldGen: 283251K(339456K)->283267K(339456K)
[407.314s][info][gc,metaspace   ] GC(765) Metaspace: 57459K(57792K)->57459K(57792K) NonClass: 49163K(49408K)->49163K(49408K) Class: 8295K(8384K)->8295K(8384K)
[407.314s][info][gc             ] GC(765) Pause Young (Allocation Failure) 438M->278M(489M) 3.215ms
[407.314s][info][gc,cpu         ] GC(765) User=0.00s Sys=0.00s Real=0.00s
[407.711s][info][gc,start       ] GC(766) Pause Young (Allocation Failure)
[407.717s][info][gc,heap        ] GC(766) PSYoungGen: 160831K(161280K)->2143K(156672K) Eden: 159232K(159232K)->0K(154112K) From: 1599K(2048K)->2143K(2560K)
[407.717s][info][gc,heap        ] GC(766) ParOldGen: 283267K(339456K)->283283K(339456K)
[407.717s][info][gc,metaspace   ] GC(766) Metaspace: 57459K(57792K)->57459K(57792K) NonClass: 49163K(49408K)->49163K(49408K) Class: 8295K(8384K)->8295K(8384K)
[407.717s][info][gc             ] GC(766) Pause Young (Allocation Failure) 433M->278M(484M) 6.096ms
[407.717s][info][gc,cpu         ] GC(766) User=0.00s Sys=0.00s Real=0.01s
[408.112s][info][gc,start       ] GC(767) Pause Young (Allocation Failure)
[408.116s][info][gc,heap        ] GC(767) PSYoungGen: 156059K(156672K)->1984K(151040K) Eden: 153916K(154112K)->0K(148992K) From: 2143K(2560K)->1984K(2048K)
[408.116s][info][gc,heap        ] GC(767) ParOldGen: 283283K(339456K)->283299K(339456K)
[408.116s][info][gc,metaspace   ] GC(767) Metaspace: 57459K(57792K)->57459K(57792K) NonClass: 49163K(49408K)->49163K(49408K) Class: 8295K(8384K)->8295K(8384K)
[408.116s][info][gc             ] GC(767) Pause Young (Allocation Failure) 429M->278M(479M) 4.130ms
[408.116s][info][gc,cpu         ] GC(767) User=0.00s Sys=0.00s Real=0.01s
[408.498s][info][gc,start       ] GC(768) Pause Young (Allocation Failure)
[408.501s][info][gc,heap        ] GC(768) PSYoungGen: 150976K(151040K)->1503K(145920K) Eden: 148992K(148992K)->0K(144384K) From: 1984K(2048K)->1503K(1536K)
[408.501s][info][gc,heap        ] GC(768) ParOldGen: 283299K(339456K)->283315K(339456K)
[408.501s][info][gc,metaspace   ] GC(768) Metaspace: 57459K(57792K)->57459K(57792K) NonClass: 49163K(49408K)->49163K(49408K) Class: 8295K(8384K)->8295K(8384K)
[408.501s][info][gc             ] GC(768) Pause Young (Allocation Failure) 424M->278M(474M) 2.980ms
[408.501s][info][gc,cpu         ] GC(768) User=0.01s Sys=0.00s Real=0.00s
[408.931s][info][gc,start       ] GC(769) Pause Young (Allocation Failure)
[408.933s][info][gc,heap        ] GC(769) PSYoungGen: 145887K(145920K)->799K(140800K) Eden: 144384K(144384K)->0K(139776K) From: 1503K(1536K)->799K(1024K)
[408.933s][info][gc,heap        ] GC(769) ParOldGen: 283315K(339456K)->283331K(339456K)
[408.933s][info][gc,metaspace   ] GC(769) Metaspace: 57462K(57792K)->57462K(57792K) NonClass: 49166K(49408K)->49166K(49408K) Class: 8295K(8384K)->8295K(8384K)
[408.933s][info][gc             ] GC(769) Pause Young (Allocation Failure) 419M->277M(469M) 2.158ms
[408.934s][info][gc,cpu         ] GC(769) User=0.01s Sys=0.00s Real=0.00s
[409.211s][info][gc,start       ] GC(770) Pause Young (Allocation Failure)
[409.215s][info][gc,heap        ] GC(770) PSYoungGen: 140575K(140800K)->2079K(138240K) Eden: 139776K(139776K)->0K(135680K) From: 799K(1024K)->2079K(2560K)
[409.215s][info][gc,heap        ] GC(770) ParOldGen: 283331K(339456K)->283347K(339456K)
[409.215s][info][gc,metaspace   ] GC(770) Metaspace: 57462K(57792K)->57462K(57792K) NonClass: 49166K(49408K)->49166K(49408K) Class: 8295K(8384K)->8295K(8384K)
[409.215s][info][gc             ] GC(770) Pause Young (Allocation Failure) 413M->278M(466M) 3.694ms
[409.215s][info][gc,cpu         ] GC(770) User=0.00s Sys=0.00s Real=0.00s
[409.536s][info][gc,start       ] GC(771) Pause Young (Allocation Failure)
[409.538s][info][gc,heap        ] GC(771) PSYoungGen: 137759K(138240K)->476K(132096K) Eden: 135680K(135680K)->0K(131584K) From: 2079K(2560K)->476K(512K)
[409.538s][info][gc,heap        ] GC(771) ParOldGen: 283347K(339456K)->283363K(339456K)
[409.538s][info][gc,metaspace   ] GC(771) Metaspace: 57462K(57792K)->57462K(57792K) NonClass: 49166K(49408K)->49166K(49408K) Class: 8295K(8384K)->8295K(8384K)
[409.538s][info][gc             ] GC(771) Pause Young (Allocation Failure) 411M->277M(460M) 1.940ms
[409.538s][info][gc,cpu         ] GC(771) User=0.00s Sys=0.00s Real=0.00s
[409.915s][info][gc,start       ] GC(772) Pause Young (Allocation Failure)
[409.919s][info][gc,heap        ] GC(772) PSYoungGen: 132060K(132096K)->2495K(130048K) Eden: 131584K(131584K)->0K(127488K) From: 476K(512K)->2495K(2560K)
[409.919s][info][gc,heap        ] GC(772) ParOldGen: 283363K(339456K)->283379K(339456K)
[409.919s][info][gc,metaspace   ] GC(772) Metaspace: 57462K(57792K)->57462K(57792K) NonClass: 49166K(49408K)->49166K(49408K) Class: 8295K(8384K)->8295K(8384K)
[409.919s][info][gc             ] GC(772) Pause Young (Allocation Failure) 405M->279M(458M) 4.406ms
[409.919s][info][gc,cpu         ] GC(772) User=0.01s Sys=0.00s Real=0.01s
[410.220s][info][gc,start       ] GC(773) Pause Young (Allocation Failure)
[410.223s][info][gc,heap        ] GC(773) PSYoungGen: 129852K(130048K)->1728K(125952K) Eden: 127357K(127488K)->0K(123904K) From: 2495K(2560K)->1728K(2048K)
[410.223s][info][gc,heap        ] GC(773) ParOldGen: 283379K(339456K)->283395K(339456K)
[410.223s][info][gc,metaspace   ] GC(773) Metaspace: 57462K(57792K)->57462K(57792K) NonClass: 49166K(49408K)->49166K(49408K) Class: 8295K(8384K)->8295K(8384K)
[410.223s][info][gc             ] GC(773) Pause Young (Allocation Failure) 403M->278M(454M) 3.776ms
[410.223s][info][gc,cpu         ] GC(773) User=0.01s Sys=0.00s Real=0.00s
[410.525s][info][gc,start       ] GC(774) Pause Young (Allocation Failure)
[410.528s][info][gc,heap        ] GC(774) PSYoungGen: 125632K(125952K)->1567K(122368K) Eden: 123904K(123904K)->0K(120320K) From: 1728K(2048K)->1567K(2048K)
[410.528s][info][gc,heap        ] GC(774) ParOldGen: 283395K(339456K)->283411K(339456K)
[410.528s][info][gc,metaspace   ] GC(774) Metaspace: 57462K(57792K)->57462K(57792K) NonClass: 49166K(49408K)->49166K(49408K) Class: 8295K(8384K)->8295K(8384K)
[410.528s][info][gc             ] GC(774) Pause Young (Allocation Failure) 399M->278M(451M) 3.120ms
[410.528s][info][gc,cpu         ] GC(774) User=0.01s Sys=0.00s Real=0.01s
[410.837s][info][gc,start       ] GC(775) Pause Young (Allocation Failure)
[410.839s][info][gc,heap        ] GC(775) PSYoungGen: 121887K(122368K)->576K(117760K) Eden: 120320K(120320K)->0K(116736K) From: 1567K(2048K)->576K(1024K)
[410.839s][info][gc,heap        ] GC(775) ParOldGen: 283411K(339456K)->283427K(339456K)
[410.839s][info][gc,metaspace   ] GC(775) Metaspace: 57462K(57792K)->57462K(57792K) NonClass: 49166K(49408K)->49166K(49408K) Class: 8295K(8384K)->8295K(8384K)
[410.839s][info][gc             ] GC(775) Pause Young (Allocation Failure) 395M->277M(446M) 2.394ms
[410.839s][info][gc,cpu         ] GC(775) User=0.01s Sys=0.00s Real=0.00s
[411.140s][info][gc,start       ] GC(776) Pause Young (Allocation Failure)
[411.143s][info][gc,heap        ] GC(776) PSYoungGen: 117295K(117760K)->416K(113664K) Eden: 116719K(116736K)->0K(113152K) From: 576K(1024K)->416K(512K)
[411.143s][info][gc,heap        ] GC(776) ParOldGen: 283427K(339456K)->283443K(339456K)
[411.143s][info][gc,metaspace   ] GC(776) Metaspace: 57462K(57792K)->57462K(57792K) NonClass: 49166K(49408K)->49166K(49408K) Class: 8295K(8384K)->8295K(8384K)
[411.143s][info][gc             ] GC(776) Pause Young (Allocation Failure) 391M->277M(442M) 2.792ms
[411.143s][info][gc,cpu         ] GC(776) User=0.01s Sys=0.00s Real=0.00s
[411.431s][info][gc,start       ] GC(777) Pause Young (Allocation Failure)
[411.434s][info][gc,heap        ] GC(777) PSYoungGen: 113568K(113664K)->1695K(113664K) Eden: 113152K(113152K)->0K(110080K) From: 416K(512K)->1695K(3584K)
[411.434s][info][gc,heap        ] GC(777) ParOldGen: 283443K(339456K)->283459K(339456K)
[411.434s][info][gc,metaspace   ] GC(777) Metaspace: 57462K(57792K)->57462K(57792K) NonClass: 49166K(49408K)->49166K(49408K) Class: 8295K(8384K)->8295K(8384K)
[411.434s][info][gc             ] GC(777) Pause Young (Allocation Failure) 387M->278M(442M) 3.080ms
[411.434s][info][gc,cpu         ] GC(777) User=0.00s Sys=0.00s Real=0.00s
[411.718s][info][gc,start       ] GC(778) Pause Young (Allocation Failure)
[411.722s][info][gc,heap        ] GC(778) PSYoungGen: 111775K(113664K)->2751K(134144K) Eden: 110080K(110080K)->0K(131072K) From: 1695K(3584K)->2751K(3072K)
[411.722s][info][gc,heap        ] GC(778) ParOldGen: 283459K(339456K)->283475K(339456K)
[411.722s][info][gc,metaspace   ] GC(778) Metaspace: 57462K(57792K)->57462K(57792K) NonClass: 49166K(49408K)->49166K(49408K) Class: 8295K(8384K)->8295K(8384K)
[411.722s][info][gc             ] GC(778) Pause Young (Allocation Failure) 385M->279M(462M) 4.485ms
[411.722s][info][gc,cpu         ] GC(778) User=0.01s Sys=0.00s Real=0.00s
[412.039s][info][gc,start       ] GC(779) Pause Young (Allocation Failure)
[412.041s][info][gc,heap        ] GC(779) PSYoungGen: 133517K(134144K)->416K(127488K) Eden: 130766K(131072K)->0K(126976K) From: 2751K(3072K)->416K(512K)
[412.041s][info][gc,heap        ] GC(779) ParOldGen: 283475K(339456K)->283491K(339456K)
[412.041s][info][gc,metaspace   ] GC(779) Metaspace: 57462K(57792K)->57462K(57792K) NonClass: 49166K(49408K)->49166K(49408K) Class: 8295K(8384K)->8295K(8384K)
[412.042s][info][gc             ] GC(779) Pause Young (Allocation Failure) 407M->277M(456M) 2.110ms
[412.042s][info][gc,cpu         ] GC(779) User=0.01s Sys=0.00s Real=0.00s
[412.396s][info][gc,start       ] GC(780) Pause Young (Allocation Failure)
[412.398s][info][gc,heap        ] GC(780) PSYoungGen: 127392K(127488K)->992K(124416K) Eden: 126976K(126976K)->0K(123392K) From: 416K(512K)->992K(1024K)
[412.398s][info][gc,heap        ] GC(780) ParOldGen: 283491K(339456K)->283507K(339456K)
[412.398s][info][gc,metaspace   ] GC(780) Metaspace: 57462K(57792K)->57462K(57792K) NonClass: 49166K(49408K)->49166K(49408K) Class: 8295K(8384K)->8295K(8384K)
[412.398s][info][gc             ] GC(780) Pause Young (Allocation Failure) 401M->277M(453M) 2.738ms
[412.398s][info][gc,cpu         ] GC(780) User=0.01s Sys=0.00s Real=0.01s
[412.714s][info][gc,start       ] GC(781) Pause Young (Allocation Failure)
[412.716s][info][gc,heap        ] GC(781) PSYoungGen: 124384K(124416K)->1183K(121344K) Eden: 123392K(123392K)->0K(119808K) From: 992K(1024K)->1183K(1536K)
[412.717s][info][gc,heap        ] GC(781) ParOldGen: 283507K(339456K)->283523K(339456K)
[412.717s][info][gc,metaspace   ] GC(781) Metaspace: 57462K(57792K)->57462K(57792K) NonClass: 49166K(49408K)->49166K(49408K) Class: 8295K(8384K)->8295K(8384K)
[412.717s][info][gc             ] GC(781) Pause Young (Allocation Failure) 398M->278M(450M) 2.455ms
[412.717s][info][gc,cpu         ] GC(781) User=0.00s Sys=0.00s Real=0.01s
[413.000s][info][gc,start       ] GC(782) Pause Young (Allocation Failure)
[413.003s][info][gc,heap        ] GC(782) PSYoungGen: 120991K(121344K)->1759K(118272K) Eden: 119808K(119808K)->0K(116224K) From: 1183K(1536K)->1759K(2048K)
[413.003s][info][gc,heap        ] GC(782) ParOldGen: 283523K(339456K)->283539K(339456K)
[413.003s][info][gc,metaspace   ] GC(782) Metaspace: 57462K(57792K)->57462K(57792K) NonClass: 49166K(49408K)->49166K(49408K) Class: 8295K(8384K)->8295K(8384K)
[413.003s][info][gc             ] GC(782) Pause Young (Allocation Failure) 395M->278M(447M) 3.470ms
[413.003s][info][gc,cpu         ] GC(782) User=0.01s Sys=0.00s Real=0.00s
[413.296s][info][gc,start       ] GC(783) Pause Young (Allocation Failure)
[413.299s][info][gc,heap        ] GC(783) PSYoungGen: 117983K(118272K)->1151K(114688K) Eden: 116224K(116224K)->0K(113152K) From: 1759K(2048K)->1151K(1536K)
[413.299s][info][gc,heap        ] GC(783) ParOldGen: 283539K(339456K)->283555K(339456K)
[413.299s][info][gc,metaspace   ] GC(783) Metaspace: 57462K(57792K)->57462K(57792K) NonClass: 49166K(49408K)->49166K(49408K) Class: 8295K(8384K)->8295K(8384K)
[413.299s][info][gc             ] GC(783) Pause Young (Allocation Failure) 392M->278M(443M) 2.583ms
[413.299s][info][gc,cpu         ] GC(783) User=0.00s Sys=0.00s Real=0.00s
[413.593s][info][gc,start       ] GC(784) Pause Young (Allocation Failure)
[413.595s][info][gc,heap        ] GC(784) PSYoungGen: 114179K(114688K)->736K(111104K) Eden: 113028K(113152K)->0K(110080K) From: 1151K(1536K)->736K(1024K)
[413.595s][info][gc,heap        ] GC(784) ParOldGen: 283555K(339456K)->283571K(339456K)
[413.595s][info][gc,metaspace   ] GC(784) Metaspace: 57462K(57792K)->57462K(57792K) NonClass: 49166K(49408K)->49166K(49408K) Class: 8295K(8384K)->8295K(8384K)
[413.595s][info][gc             ] GC(784) Pause Young (Allocation Failure) 388M->277M(440M) 2.345ms
[413.595s][info][gc,cpu         ] GC(784) User=0.00s Sys=0.00s Real=0.00s
[413.888s][info][gc,start       ] GC(785) Pause Young (Allocation Failure)
[413.891s][info][gc,heap        ] GC(785) PSYoungGen: 110816K(111104K)->863K(108032K) Eden: 110080K(110080K)->0K(107008K) From: 736K(1024K)->863K(1024K)
[413.891s][info][gc,heap        ] GC(785) ParOldGen: 283571K(339456K)->283587K(339456K)
[413.891s][info][gc,metaspace   ] GC(785) Metaspace: 57462K(57792K)->57462K(57792K) NonClass: 49166K(49408K)->49166K(49408K) Class: 8295K(8384K)->8295K(8384K)
[413.891s][info][gc             ] GC(785) Pause Young (Allocation Failure) 385M->277M(437M) 2.125ms
[413.891s][info][gc,cpu         ] GC(785) User=0.01s Sys=0.00s Real=0.00s
[414.117s][info][gc,start       ] GC(786) Pause Young (Allocation Failure)
[414.120s][info][gc,heap        ] GC(786) PSYoungGen: 107871K(108032K)->1983K(129536K) Eden: 107008K(107008K)->0K(127488K) From: 863K(1024K)->1983K(2048K)
[414.120s][info][gc,heap        ] GC(786) ParOldGen: 283587K(339456K)->283603K(339456K)
[414.120s][info][gc,metaspace   ] GC(786) Metaspace: 57462K(57792K)->57462K(57792K) NonClass: 49166K(49408K)->49166K(49408K) Class: 8295K(8384K)->8295K(8384K)
[414.120s][info][gc             ] GC(786) Pause Young (Allocation Failure) 382M->278M(458M) 3.552ms
[414.120s][info][gc,cpu         ] GC(786) User=0.01s Sys=0.00s Real=0.00s
[414.433s][info][gc,start       ] GC(787) Pause Young (Allocation Failure)
[414.435s][info][gc,heap        ] GC(787) PSYoungGen: 129471K(129536K)->767K(124928K) Eden: 127488K(127488K)->0K(123904K) From: 1983K(2048K)->767K(1024K)
[414.435s][info][gc,heap        ] GC(787) ParOldGen: 283603K(339456K)->283619K(339456K)
[414.435s][info][gc,metaspace   ] GC(787) Metaspace: 57462K(57792K)->57462K(57792K) NonClass: 49166K(49408K)->49166K(49408K) Class: 8295K(8384K)->8295K(8384K)
[414.435s][info][gc             ] GC(787) Pause Young (Allocation Failure) 403M->277M(453M) 2.042ms
[414.436s][info][gc,cpu         ] GC(787) User=0.00s Sys=0.00s Real=0.00s
[414.793s][info][gc,start       ] GC(788) Pause Young (Allocation Failure)
[414.794s][info][gc,heap        ] GC(788) PSYoungGen: 124671K(124928K)->352K(120832K) Eden: 123904K(123904K)->0K(120320K) From: 767K(1024K)->352K(512K)
[414.794s][info][gc,heap        ] GC(788) ParOldGen: 283619K(339456K)->283635K(339456K)
[414.794s][info][gc,metaspace   ] GC(788) Metaspace: 57462K(57792K)->57462K(57792K) NonClass: 49166K(49408K)->49166K(49408K) Class: 8295K(8384K)->8295K(8384K)
[414.795s][info][gc             ] GC(788) Pause Young (Allocation Failure) 398M->277M(449M) 1.911ms
[414.795s][info][gc,cpu         ] GC(788) User=0.01s Sys=0.00s Real=0.00s
[415.099s][info][gc,start       ] GC(789) Pause Young (Allocation Failure)
[415.102s][info][gc,heap        ] GC(789) PSYoungGen: 120672K(120832K)->1503K(119808K) Eden: 120320K(120320K)->0K(116736K) From: 352K(512K)->1503K(3072K)
[415.102s][info][gc,heap        ] GC(789) ParOldGen: 283635K(339456K)->283651K(339456K)
[415.102s][info][gc,metaspace   ] GC(789) Metaspace: 57462K(57792K)->57462K(57792K) NonClass: 49166K(49408K)->49166K(49408K) Class: 8295K(8384K)->8295K(8384K)
[415.102s][info][gc             ] GC(789) Pause Young (Allocation Failure) 394M->278M(448M) 2.942ms
[415.102s][info][gc,cpu         ] GC(789) User=0.00s Sys=0.00s Real=0.00s
[415.396s][info][gc,start       ] GC(790) Pause Young (Allocation Failure)
[415.399s][info][gc,heap        ] GC(790) PSYoungGen: 118239K(119808K)->1407K(114688K) Eden: 116736K(116736K)->0K(113152K) From: 1503K(3072K)->1407K(1536K)
[415.399s][info][gc,heap        ] GC(790) ParOldGen: 283651K(339456K)->283667K(339456K)
[415.399s][info][gc,metaspace   ] GC(790) Metaspace: 57462K(57792K)->57462K(57792K) NonClass: 49166K(49408K)->49166K(49408K) Class: 8295K(8384K)->8295K(8384K)
[415.399s][info][gc             ] GC(790) Pause Young (Allocation Failure) 392M->278M(443M) 2.904ms
[415.399s][info][gc,cpu         ] GC(790) User=0.01s Sys=0.00s Real=0.00s
[415.706s][info][gc,start       ] GC(791) Pause Young (Allocation Failure)
[415.708s][info][gc,heap        ] GC(791) PSYoungGen: 114559K(114688K)->330K(110592K) Eden: 113152K(113152K)->0K(110080K) From: 1407K(1536K)->330K(512K)
[415.708s][info][gc,heap        ] GC(791) ParOldGen: 283667K(339456K)->283683K(339456K)
[415.708s][info][gc,metaspace   ] GC(791) Metaspace: 57462K(57792K)->57462K(57792K) NonClass: 49166K(49408K)->49166K(49408K) Class: 8295K(8384K)->8295K(8384K)
[415.708s][info][gc             ] GC(791) Pause Young (Allocation Failure) 388M->277M(439M) 2.491ms
[415.708s][info][gc,cpu         ] GC(791) User=0.01s Sys=0.00s Real=0.01s
[415.934s][info][gc,start       ] GC(792) Pause Young (Allocation Failure)
[415.938s][info][gc,heap        ] GC(792) PSYoungGen: 110364K(110592K)->1024K(132096K) Eden: 110033K(110080K)->0K(131072K) From: 330K(512K)->1024K(1024K)
[415.938s][info][gc,heap        ] GC(792) ParOldGen: 283683K(339456K)->283699K(339456K)
[415.939s][info][gc,metaspace   ] GC(792) Metaspace: 57462K(57792K)->57462K(57792K) NonClass: 49166K(49408K)->49166K(49408K) Class: 8295K(8384K)->8295K(8384K)
[415.939s][info][gc             ] GC(792) Pause Young (Allocation Failure) 384M->278M(460M) 4.660ms
[415.939s][info][gc,cpu         ] GC(792) User=0.01s Sys=0.00s Real=0.01s
[416.297s][info][gc,start       ] GC(793) Pause Young (Allocation Failure)
[416.300s][info][gc,heap        ] GC(793) PSYoungGen: 132096K(132096K)->1311K(159744K) Eden: 131072K(131072K)->0K(156672K) From: 1024K(1024K)->1311K(3072K)
[416.300s][info][gc,heap        ] GC(793) ParOldGen: 283699K(339456K)->283715K(339456K)
[416.300s][info][gc,metaspace   ] GC(793) Metaspace: 57462K(57792K)->57462K(57792K) NonClass: 49166K(49408K)->49166K(49408K) Class: 8295K(8384K)->8295K(8384K)
[416.300s][info][gc             ] GC(793) Pause Young (Allocation Failure) 406M->278M(487M) 2.747ms
[416.300s][info][gc,cpu         ] GC(793) User=0.00s Sys=0.00s Real=0.00s
[416.699s][info][gc,start       ] GC(794) Pause Young (Allocation Failure)
[416.704s][info][gc,heap        ] GC(794) PSYoungGen: 157983K(159744K)->1247K(188416K) Eden: 156672K(156672K)->0K(186880K) From: 1311K(3072K)->1247K(1536K)
[416.705s][info][gc,heap        ] GC(794) ParOldGen: 283715K(339456K)->283731K(339456K)
[416.705s][info][gc,metaspace   ] GC(794) Metaspace: 57462K(57792K)->57462K(57792K) NonClass: 49166K(49408K)->49166K(49408K) Class: 8295K(8384K)->8295K(8384K)
[416.705s][info][gc             ] GC(794) Pause Young (Allocation Failure) 431M->278M(515M) 5.787ms
[416.705s][info][gc,cpu         ] GC(794) User=0.01s Sys=0.00s Real=0.00s
[417.242s][info][gc,start       ] GC(795) Pause Young (Allocation Failure)
[417.244s][info][gc,heap        ] GC(795) PSYoungGen: 188127K(188416K)->703K(181248K) Eden: 186880K(186880K)->0K(180224K) From: 1247K(1536K)->703K(1024K)
[417.244s][info][gc,heap        ] GC(795) ParOldGen: 283731K(339456K)->283747K(339456K)
[417.244s][info][gc,metaspace   ] GC(795) Metaspace: 57462K(57792K)->57462K(57792K) NonClass: 49166K(49408K)->49166K(49408K) Class: 8295K(8384K)->8295K(8384K)
[417.244s][info][gc             ] GC(795) Pause Young (Allocation Failure) 460M->277M(508M) 2.110ms
[417.244s][info][gc,cpu         ] GC(795) User=0.01s Sys=0.00s Real=0.00s
[417.711s][info][gc,start       ] GC(796) Pause Young (Allocation Failure)
[417.714s][info][gc,heap        ] GC(796) PSYoungGen: 180927K(181248K)->2143K(176640K) Eden: 180224K(180224K)->0K(174080K) From: 703K(1024K)->2143K(2560K)
[417.714s][info][gc,heap        ] GC(796) ParOldGen: 283747K(339456K)->283763K(339456K)
[417.714s][info][gc,metaspace   ] GC(796) Metaspace: 57462K(57792K)->57462K(57792K) NonClass: 49166K(49408K)->49166K(49408K) Class: 8295K(8384K)->8295K(8384K)
[417.714s][info][gc             ] GC(796) Pause Young (Allocation Failure) 453M->279M(504M) 3.744ms
[417.714s][info][gc,cpu         ] GC(796) User=0.00s Sys=0.00s Real=0.00s
[418.190s][info][gc,start       ] GC(797) Pause Young (Allocation Failure)
[418.192s][info][gc,heap        ] GC(797) PSYoungGen: 176223K(176640K)->576K(169472K) Eden: 174080K(174080K)->0K(168448K) From: 2143K(2560K)->576K(1024K)
[418.192s][info][gc,heap        ] GC(797) ParOldGen: 283763K(339456K)->283779K(339456K)
[418.192s][info][gc,metaspace   ] GC(797) Metaspace: 57462K(57792K)->57462K(57792K) NonClass: 49166K(49408K)->49166K(49408K) Class: 8295K(8384K)->8295K(8384K)
[418.192s][info][gc             ] GC(797) Pause Young (Allocation Failure) 449M->277M(497M) 2.256ms
[418.192s][info][gc,cpu         ] GC(797) User=0.00s Sys=0.00s Real=0.00s
[418.606s][info][gc,start       ] GC(798) Pause Young (Allocation Failure)
[418.609s][info][gc,heap        ] GC(798) PSYoungGen: 169024K(169472K)->1567K(164864K) Eden: 168448K(168448K)->0K(162816K) From: 576K(1024K)->1567K(2048K)
[418.609s][info][gc,heap        ] GC(798) ParOldGen: 283779K(339456K)->283795K(339456K)
[418.609s][info][gc,metaspace   ] GC(798) Metaspace: 57462K(57792K)->57462K(57792K) NonClass: 49166K(49408K)->49166K(49408K) Class: 8295K(8384K)->8295K(8384K)
[418.609s][info][gc             ] GC(798) Pause Young (Allocation Failure) 442M->278M(492M) 3.149ms
[418.609s][info][gc,cpu         ] GC(798) User=0.00s Sys=0.00s Real=0.00s
[419.019s][info][gc,start       ] GC(799) Pause Young (Allocation Failure)
[419.023s][info][gc,heap        ] GC(799) PSYoungGen: 164383K(164864K)->2815K(160768K) Eden: 162816K(162816K)->0K(157696K) From: 1567K(2048K)->2815K(3072K)
[419.023s][info][gc,heap        ] GC(799) ParOldGen: 283795K(339456K)->283811K(339456K)
[419.023s][info][gc,metaspace   ] GC(799) Metaspace: 57462K(57792K)->57462K(57792K) NonClass: 49166K(49408K)->49166K(49408K) Class: 8295K(8384K)->8295K(8384K)
[419.023s][info][gc             ] GC(799) Pause Young (Allocation Failure) 437M->279M(488M) 4.779ms
[419.023s][info][gc,cpu         ] GC(799) User=0.00s Sys=0.00s Real=0.00s
[419.425s][info][gc,start       ] GC(800) Pause Young (Allocation Failure)
[419.428s][info][gc,heap        ] GC(800) PSYoungGen: 160511K(160768K)->1536K(154112K) Eden: 157696K(157696K)->0K(152576K) From: 2815K(3072K)->1536K(1536K)
[419.428s][info][gc,heap        ] GC(800) ParOldGen: 283811K(339456K)->284410K(339456K)
[419.428s][info][gc,metaspace   ] GC(800) Metaspace: 57462K(57792K)->57462K(57792K) NonClass: 49166K(49408K)->49166K(49408K) Class: 8295K(8384K)->8295K(8384K)
[419.428s][info][gc             ] GC(800) Pause Young (Allocation Failure) 433M->279M(482M) 3.834ms
[419.428s][info][gc,cpu         ] GC(800) User=0.01s Sys=0.00s Real=0.01s
[419.811s][info][gc,start       ] GC(801) Pause Young (Allocation Failure)
[419.816s][info][gc,heap        ] GC(801) PSYoungGen: 154112K(154112K)->1856K(149504K) Eden: 152576K(152576K)->0K(147456K) From: 1536K(1536K)->1856K(2048K)
[419.816s][info][gc,heap        ] GC(801) ParOldGen: 284410K(339456K)->285754K(339456K)
[419.816s][info][gc,metaspace   ] GC(801) Metaspace: 57462K(57792K)->57462K(57792K) NonClass: 49166K(49408K)->49166K(49408K) Class: 8295K(8384K)->8295K(8384K)
[419.816s][info][gc             ] GC(801) Pause Young (Allocation Failure) 428M->280M(477M) 4.929ms
[419.816s][info][gc,cpu         ] GC(801) User=0.01s Sys=0.00s Real=0.01s
[420.202s][info][gc,start       ] GC(802) Pause Young (Allocation Failure)
[420.206s][info][gc,heap        ] GC(802) PSYoungGen: 149312K(149504K)->1727K(144896K) Eden: 147456K(147456K)->0K(142848K) From: 1856K(2048K)->1727K(2048K)
[420.206s][info][gc,heap        ] GC(802) ParOldGen: 285754K(339456K)->285882K(339456K)
[420.206s][info][gc,metaspace   ] GC(802) Metaspace: 57462K(57792K)->57462K(57792K) NonClass: 49166K(49408K)->49166K(49408K) Class: 8295K(8384K)->8295K(8384K)
[420.206s][info][gc             ] GC(802) Pause Young (Allocation Failure) 424M->280M(473M) 3.533ms
[420.206s][info][gc,cpu         ] GC(802) User=0.00s Sys=0.00s Real=0.01s
[420.549s][info][gc,start       ] GC(803) Pause Young (Allocation Failure)
[420.551s][info][gc,heap        ] GC(803) PSYoungGen: 144265K(144896K)->352K(138752K) Eden: 142538K(142848K)->0K(138240K) From: 1727K(2048K)->352K(512K)
[420.551s][info][gc,heap        ] GC(803) ParOldGen: 285882K(339456K)->285898K(339456K)
[420.551s][info][gc,metaspace   ] GC(803) Metaspace: 57462K(57792K)->57462K(57792K) NonClass: 49166K(49408K)->49166K(49408K) Class: 8295K(8384K)->8295K(8384K)
[420.551s][info][gc             ] GC(803) Pause Young (Allocation Failure) 420M->279M(467M) 1.895ms
[420.551s][info][gc,cpu         ] GC(803) User=0.01s Sys=0.00s Real=0.00s
[420.907s][info][gc,start       ] GC(804) Pause Young (Allocation Failure)
[420.911s][info][gc,heap        ] GC(804) PSYoungGen: 138592K(138752K)->1952K(136192K) Eden: 138240K(138240K)->0K(134144K) From: 352K(512K)->1952K(2048K)
[420.911s][info][gc,heap        ] GC(804) ParOldGen: 285898K(339456K)->285914K(339456K)
[420.911s][info][gc,metaspace   ] GC(804) Metaspace: 57462K(57792K)->57462K(57792K) NonClass: 49166K(49408K)->49166K(49408K) Class: 8295K(8384K)->8295K(8384K)
[420.911s][info][gc             ] GC(804) Pause Young (Allocation Failure) 414M->281M(464M) 4.176ms
[420.911s][info][gc,cpu         ] GC(804) User=0.00s Sys=0.00s Real=0.00s
[421.228s][info][gc,start       ] GC(805) Pause Young (Allocation Failure)
[421.231s][info][gc,heap        ] GC(805) PSYoungGen: 136096K(136192K)->1439K(131584K) Eden: 134144K(134144K)->0K(130048K) From: 1952K(2048K)->1439K(1536K)
[421.231s][info][gc,heap        ] GC(805) ParOldGen: 285914K(339456K)->285930K(339456K)
[421.231s][info][gc,metaspace   ] GC(805) Metaspace: 57462K(57792K)->57462K(57792K) NonClass: 49166K(49408K)->49166K(49408K) Class: 8295K(8384K)->8295K(8384K)
[421.231s][info][gc             ] GC(805) Pause Young (Allocation Failure) 412M->280M(460M) 3.064ms
[421.231s][info][gc,cpu         ] GC(805) User=0.00s Sys=0.00s Real=0.00s
[421.594s][info][gc,start       ] GC(806) Pause Young (Allocation Failure)
[421.597s][info][gc,heap        ] GC(806) PSYoungGen: 131487K(131584K)->1439K(127488K) Eden: 130048K(130048K)->0K(125952K) From: 1439K(1536K)->1439K(1536K)
[421.597s][info][gc,heap        ] GC(806) ParOldGen: 285930K(339456K)->285946K(339456K)
[421.597s][info][gc,metaspace   ] GC(806) Metaspace: 57462K(57792K)->57462K(57792K) NonClass: 49166K(49408K)->49166K(49408K) Class: 8295K(8384K)->8295K(8384K)
[421.597s][info][gc             ] GC(806) Pause Young (Allocation Failure) 407M->280M(456M) 2.852ms
[421.597s][info][gc,cpu         ] GC(806) User=0.00s Sys=0.00s Real=0.01s
[421.905s][info][gc,start       ] GC(807) Pause Young (Allocation Failure)
[421.909s][info][gc,heap        ] GC(807) PSYoungGen: 127391K(127488K)->2111K(124928K) Eden: 125952K(125952K)->0K(122368K) From: 1439K(1536K)->2111K(2560K)
[421.909s][info][gc,heap        ] GC(807) ParOldGen: 285946K(339456K)->285962K(339456K)
[421.909s][info][gc,metaspace   ] GC(807) Metaspace: 57462K(57792K)->57462K(57792K) NonClass: 49166K(49408K)->49166K(49408K) Class: 8295K(8384K)->8295K(8384K)
[421.909s][info][gc             ] GC(807) Pause Young (Allocation Failure) 403M->281M(453M) 3.766ms
[421.909s][info][gc,cpu         ] GC(807) User=0.00s Sys=0.00s Real=0.01s
[422.205s][info][gc,start       ] GC(808) Pause Young (Allocation Failure)
[422.209s][info][gc,heap        ] GC(808) PSYoungGen: 124479K(124928K)->2335K(148480K) Eden: 122368K(122368K)->0K(145920K) From: 2111K(2560K)->2335K(2560K)
[422.209s][info][gc,heap        ] GC(808) ParOldGen: 285962K(339456K)->285978K(339456K)
[422.209s][info][gc,metaspace   ] GC(808) Metaspace: 57462K(57792K)->57462K(57792K) NonClass: 49166K(49408K)->49166K(49408K) Class: 8295K(8384K)->8295K(8384K)
[422.209s][info][gc             ] GC(808) Pause Young (Allocation Failure) 400M->281M(476M) 4.082ms
[422.209s][info][gc,cpu         ] GC(808) User=0.01s Sys=0.00s Real=0.01s
[422.610s][info][gc,start       ] GC(809) Pause Young (Allocation Failure)
[422.612s][info][gc,heap        ] GC(809) PSYoungGen: 147978K(148480K)->736K(142336K) Eden: 145643K(145920K)->0K(141312K) From: 2335K(2560K)->736K(1024K)
[422.612s][info][gc,heap        ] GC(809) ParOldGen: 285978K(339456K)->285994K(339456K)
[422.612s][info][gc,metaspace   ] GC(809) Metaspace: 57462K(57792K)->57462K(57792K) NonClass: 49166K(49408K)->49166K(49408K) Class: 8295K(8384K)->8295K(8384K)
[422.612s][info][gc             ] GC(809) Pause Young (Allocation Failure) 423M->280M(470M) 2.458ms
[422.612s][info][gc,cpu         ] GC(809) User=0.00s Sys=0.00s Real=0.00s
[422.930s][info][gc,start       ] GC(810) Pause Young (Allocation Failure)
[422.933s][info][gc,heap        ] GC(810) PSYoungGen: 141971K(142336K)->1120K(138240K) Eden: 141235K(141312K)->0K(136704K) From: 736K(1024K)->1120K(1536K)
[422.933s][info][gc,heap        ] GC(810) ParOldGen: 285994K(339456K)->286010K(339456K)
[422.933s][info][gc,metaspace   ] GC(810) Metaspace: 57462K(57792K)->57462K(57792K) NonClass: 49166K(49408K)->49166K(49408K) Class: 8295K(8384K)->8295K(8384K)
[422.933s][info][gc             ] GC(810) Pause Young (Allocation Failure) 417M->280M(466M) 3.038ms
[422.933s][info][gc,cpu         ] GC(810) User=0.00s Sys=0.00s Real=0.00s
[423.304s][info][gc,start       ] GC(811) Pause Young (Allocation Failure)
[423.308s][info][gc,heap        ] GC(811) PSYoungGen: 137824K(138240K)->1887K(134656K) Eden: 136704K(136704K)->0K(132608K) From: 1120K(1536K)->1887K(2048K)
[423.308s][info][gc,heap        ] GC(811) ParOldGen: 286010K(339456K)->286026K(339456K)
[423.308s][info][gc,metaspace   ] GC(811) Metaspace: 57462K(57792K)->57462K(57792K) NonClass: 49166K(49408K)->49166K(49408K) Class: 8295K(8384K)->8295K(8384K)
[423.308s][info][gc             ] GC(811) Pause Young (Allocation Failure) 413M->281M(463M) 3.581ms
[423.308s][info][gc,cpu         ] GC(811) User=0.01s Sys=0.00s Real=0.01s
[423.617s][info][gc,start       ] GC(812) Pause Young (Allocation Failure)
[423.621s][info][gc,heap        ] GC(812) PSYoungGen: 134325K(134656K)->1824K(130560K) Eden: 132437K(132608K)->0K(128512K) From: 1887K(2048K)->1824K(2048K)
[423.621s][info][gc,heap        ] GC(812) ParOldGen: 286026K(339456K)->286042K(339456K)
[423.621s][info][gc,metaspace   ] GC(812) Metaspace: 57462K(57792K)->57462K(57792K) NonClass: 49166K(49408K)->49166K(49408K) Class: 8295K(8384K)->8295K(8384K)
[423.621s][info][gc             ] GC(812) Pause Young (Allocation Failure) 410M->281M(459M) 3.797ms
[423.621s][info][gc,cpu         ] GC(812) User=0.01s Sys=0.00s Real=0.00s
[423.985s][info][gc,start       ] GC(813) Pause Young (Allocation Failure)
[423.987s][info][gc,heap        ] GC(813) PSYoungGen: 130336K(130560K)->224K(124928K) Eden: 128512K(128512K)->0K(124416K) From: 1824K(2048K)->224K(512K)
[423.987s][info][gc,heap        ] GC(813) ParOldGen: 286042K(339456K)->286058K(339456K)
[423.987s][info][gc,metaspace   ] GC(813) Metaspace: 57462K(57792K)->57462K(57792K) NonClass: 49166K(49408K)->49166K(49408K) Class: 8295K(8384K)->8295K(8384K)
[423.987s][info][gc             ] GC(813) Pause Young (Allocation Failure) 406M->279M(453M) 1.709ms
[423.987s][info][gc,cpu         ] GC(813) User=0.01s Sys=0.00s Real=0.01s
[424.297s][info][gc,start       ] GC(814) Pause Young (Allocation Failure)
[424.300s][info][gc,heap        ] GC(814) PSYoungGen: 124381K(124928K)->960K(121856K) Eden: 124157K(124416K)->0K(120832K) From: 224K(512K)->960K(1024K)
[424.300s][info][gc,heap        ] GC(814) ParOldGen: 286058K(339456K)->286074K(339456K)
[424.300s][info][gc,metaspace   ] GC(814) Metaspace: 57462K(57792K)->57462K(57792K) NonClass: 49166K(49408K)->49166K(49408K) Class: 8295K(8384K)->8295K(8384K)
[424.300s][info][gc             ] GC(814) Pause Young (Allocation Failure) 400M->280M(450M) 2.645ms
[424.300s][info][gc,cpu         ] GC(814) User=0.01s Sys=0.00s Real=0.00s
[424.600s][info][gc,start       ] GC(815) Pause Young (Allocation Failure)
[424.603s][info][gc,heap        ] GC(815) PSYoungGen: 121792K(121856K)->1567K(119296K) Eden: 120832K(120832K)->0K(117248K) From: 960K(1024K)->1567K(2048K)
[424.603s][info][gc,heap        ] GC(815) ParOldGen: 286074K(339456K)->286090K(339456K)
[424.603s][info][gc,metaspace   ] GC(815) Metaspace: 57462K(57792K)->57462K(57792K) NonClass: 49166K(49408K)->49166K(49408K) Class: 8295K(8384K)->8295K(8384K)
[424.603s][info][gc             ] GC(815) Pause Young (Allocation Failure) 398M->280M(448M) 2.979ms
[424.603s][info][gc,cpu         ] GC(815) User=0.01s Sys=0.00s Real=0.00s
[424.901s][info][gc,start       ] GC(816) Pause Young (Allocation Failure)
[424.904s][info][gc,heap        ] GC(816) PSYoungGen: 118815K(119296K)->1376K(115200K) Eden: 117248K(117248K)->0K(113664K) From: 1567K(2048K)->1376K(1536K)
[424.904s][info][gc,heap        ] GC(816) ParOldGen: 286090K(339456K)->286106K(339456K)
[424.904s][info][gc,metaspace   ] GC(816) Metaspace: 57462K(57792K)->57462K(57792K) NonClass: 49166K(49408K)->49166K(49408K) Class: 8295K(8384K)->8295K(8384K)
[424.904s][info][gc             ] GC(816) Pause Young (Allocation Failure) 395M->280M(444M) 3.309ms
[424.904s][info][gc,cpu         ] GC(816) User=0.01s Sys=0.00s Real=0.00s
[425.207s][info][gc,start       ] GC(817) Pause Young (Allocation Failure)
[425.212s][info][gc,heap        ] GC(817) PSYoungGen: 115040K(115200K)->2880K(138752K) Eden: 113664K(113664K)->0K(135680K) From: 1376K(1536K)->2880K(3072K)
[425.212s][info][gc,heap        ] GC(817) ParOldGen: 286106K(339456K)->286122K(339456K)
[425.213s][info][gc,metaspace   ] GC(817) Metaspace: 57462K(57792K)->57462K(57792K) NonClass: 49166K(49408K)->49166K(49408K) Class: 8295K(8384K)->8295K(8384K)
[425.213s][info][gc             ] GC(817) Pause Young (Allocation Failure) 391M->282M(467M) 5.177ms
[425.213s][info][gc,cpu         ] GC(817) User=0.01s Sys=0.00s Real=0.00s
[425.520s][info][gc,start       ] GC(818) Pause Young (Allocation Failure)
[425.524s][info][gc,heap        ] GC(818) PSYoungGen: 138332K(138752K)->1920K(163840K) Eden: 135452K(135680K)->0K(161792K) From: 2880K(3072K)->1920K(2048K)
[425.524s][info][gc,heap        ] GC(818) ParOldGen: 286122K(339456K)->286138K(339456K)
[425.524s][info][gc,metaspace   ] GC(818) Metaspace: 57462K(57792K)->57462K(57792K) NonClass: 49166K(49408K)->49166K(49408K) Class: 8295K(8384K)->8295K(8384K)
[425.524s][info][gc             ] GC(818) Pause Young (Allocation Failure) 414M->281M(491M) 3.754ms
[425.524s][info][gc,cpu         ] GC(818) User=0.00s Sys=0.00s Real=0.00s
[425.928s][info][gc,start       ] GC(819) Pause Young (Allocation Failure)
[425.931s][info][gc,heap        ] GC(819) PSYoungGen: 163550K(163840K)->1120K(194560K) Eden: 161630K(161792K)->0K(193024K) From: 1920K(2048K)->1120K(1536K)
[425.931s][info][gc,heap        ] GC(819) ParOldGen: 286138K(339456K)->286154K(339456K)
[425.931s][info][gc,metaspace   ] GC(819) Metaspace: 57462K(57792K)->57462K(57792K) NonClass: 49166K(49408K)->49166K(49408K) Class: 8295K(8384K)->8295K(8384K)
[425.931s][info][gc             ] GC(819) Pause Young (Allocation Failure) 439M->280M(521M) 2.896ms
[425.931s][info][gc,cpu         ] GC(819) User=0.01s Sys=0.00s Real=0.00s
[426.470s][info][gc,start       ] GC(820) Pause Young (Allocation Failure)
[426.473s][info][gc,heap        ] GC(820) PSYoungGen: 193989K(194560K)->896K(187392K) Eden: 192869K(193024K)->0K(186368K) From: 1120K(1536K)->896K(1024K)
[426.473s][info][gc,heap        ] GC(820) ParOldGen: 286154K(339456K)->286170K(339456K)
[426.473s][info][gc,metaspace   ] GC(820) Metaspace: 57462K(57792K)->57462K(57792K) NonClass: 49166K(49408K)->49166K(49408K) Class: 8295K(8384K)->8295K(8384K)
[426.473s][info][gc             ] GC(820) Pause Young (Allocation Failure) 468M->280M(514M) 2.628ms
[426.473s][info][gc,cpu         ] GC(820) User=0.01s Sys=0.00s Real=0.00s
[426.912s][info][gc,start       ] GC(821) Pause Young (Allocation Failure)
[426.916s][info][gc,heap        ] GC(821) PSYoungGen: 187264K(187392K)->1791K(181760K) Eden: 186368K(186368K)->0K(179712K) From: 896K(1024K)->1791K(2048K)
[426.916s][info][gc,heap        ] GC(821) ParOldGen: 286170K(339456K)->286186K(339456K)
[426.916s][info][gc,metaspace   ] GC(821) Metaspace: 57462K(57792K)->57462K(57792K) NonClass: 49166K(49408K)->49166K(49408K) Class: 8295K(8384K)->8295K(8384K)
[426.916s][info][gc             ] GC(821) Pause Young (Allocation Failure) 462M->281M(509M) 3.314ms
[426.916s][info][gc,cpu         ] GC(821) User=0.00s Sys=0.00s Real=0.01s
[427.398s][info][gc,start       ] GC(822) Pause Young (Allocation Failure)
[427.401s][info][gc,heap        ] GC(822) PSYoungGen: 181272K(181760K)->1056K(175104K) Eden: 179481K(179712K)->0K(173568K) From: 1791K(2048K)->1056K(1536K)
[427.401s][info][gc,heap        ] GC(822) ParOldGen: 286186K(339456K)->286202K(339456K)
[427.401s][info][gc,metaspace   ] GC(822) Metaspace: 57462K(57792K)->57462K(57792K) NonClass: 49166K(49408K)->49166K(49408K) Class: 8295K(8384K)->8295K(8384K)
[427.401s][info][gc             ] GC(822) Pause Young (Allocation Failure) 456M->280M(502M) 2.982ms
[427.401s][info][gc,cpu         ] GC(822) User=0.01s Sys=0.00s Real=0.00s
[427.817s][info][gc,start       ] GC(823) Pause Young (Allocation Failure)
[427.821s][info][gc,heap        ] GC(823) PSYoungGen: 174541K(175104K)->2080K(170496K) Eden: 173485K(173568K)->0K(167936K) From: 1056K(1536K)->2080K(2560K)
[427.821s][info][gc,heap        ] GC(823) ParOldGen: 286202K(339456K)->286218K(339456K)
[427.821s][info][gc,metaspace   ] GC(823) Metaspace: 57462K(57792K)->57462K(57792K) NonClass: 49166K(49408K)->49166K(49408K) Class: 8295K(8384K)->8295K(8384K)
[427.821s][info][gc             ] GC(823) Pause Young (Allocation Failure) 449M->281M(498M) 4.221ms
[427.821s][info][gc,cpu         ] GC(823) User=0.01s Sys=0.00s Real=0.00s
[428.282s][info][gc,start       ] GC(824) Pause Young (Allocation Failure)
[428.293s][info][gc,heap        ] GC(824) PSYoungGen: 169902K(170496K)->448K(201216K) Eden: 167822K(167936K)->0K(200704K) From: 2080K(2560K)->448K(512K)
[428.293s][info][gc,heap        ] GC(824) ParOldGen: 286218K(339456K)->286234K(339456K)
[428.293s][info][gc,metaspace   ] GC(824) Metaspace: 57462K(57792K)->57462K(57792K) NonClass: 49166K(49408K)->49166K(49408K) Class: 8295K(8384K)->8295K(8384K)
[428.296s][info][gc             ] GC(824) Pause Young (Allocation Failure) 445M->279M(528M) 13.689ms
[428.296s][info][gc,cpu         ] GC(824) User=0.01s Sys=0.00s Real=0.02s
[428.887s][info][gc,start       ] GC(825) Pause Young (Allocation Failure)
[428.889s][info][gc,heap        ] GC(825) PSYoungGen: 201152K(201216K)->416K(196608K) Eden: 200704K(200704K)->0K(193536K) From: 448K(512K)->416K(3072K)
[428.889s][info][gc,heap        ] GC(825) ParOldGen: 286234K(339456K)->286250K(339456K)
[428.889s][info][gc,metaspace   ] GC(825) Metaspace: 57462K(57792K)->57462K(57792K) NonClass: 49166K(49408K)->49166K(49408K) Class: 8295K(8384K)->8295K(8384K)
[428.889s][info][gc             ] GC(825) Pause Young (Allocation Failure) 475M->279M(523M) 1.816ms
[428.889s][info][gc,cpu         ] GC(825) User=0.01s Sys=0.00s Real=0.00s
[430.219s][info][gc,start       ] GC(826) Pause Young (Allocation Failure)
[430.233s][info][gc,heap        ] GC(826) PSYoungGen: 162674K(196608K)->64K(220672K) Eden: 162258K(193536K)->0K(217600K) From: 416K(3072K)->64K(3072K)
[430.233s][info][gc,heap        ] GC(826) ParOldGen: 286250K(339456K)->325329K(339456K)
[430.233s][info][gc,metaspace   ] GC(826) Metaspace: 57466K(57792K)->57466K(57792K) NonClass: 49170K(49408K)->49170K(49408K) Class: 8295K(8384K)->8295K(8384K)
[430.233s][info][gc             ] GC(826) Pause Young (Allocation Failure) 438M->317M(547M) 14.125ms
[430.233s][info][gc,cpu         ] GC(826) User=0.02s Sys=0.00s Real=0.01s
[431.906s][info][gc,start       ] GC(827) Pause Young (Allocation Failure)
[431.937s][info][gc,heap        ] GC(827) PSYoungGen: 217664K(220672K)->3064K(220672K) Eden: 217600K(217600K)->0K(217600K) From: 64K(3072K)->3064K(3072K)
[431.937s][info][gc,heap        ] GC(827) ParOldGen: 325329K(339456K)->377553K(378880K)
[431.937s][info][gc,metaspace   ] GC(827) Metaspace: 57596K(57920K)->57596K(57920K) NonClass: 49300K(49536K)->49300K(49536K) Class: 8295K(8384K)->8295K(8384K)
[431.937s][info][gc             ] GC(827) Pause Young (Allocation Failure) 530M->371M(585M) 31.327ms
[431.937s][info][gc,cpu         ] GC(827) User=0.04s Sys=0.02s Real=0.04s
[432.430s][info][gc,start       ] GC(828) Pause Young (Allocation Failure)
[432.437s][info][gc,heap        ] GC(828) PSYoungGen: 220664K(220672K)->1182K(281600K) Eden: 217600K(217600K)->0K(259584K) From: 3064K(3072K)->1182K(22016K)
[432.437s][info][gc,heap        ] GC(828) ParOldGen: 377553K(378880K)->380626K(380928K)
[432.437s][info][gc,metaspace   ] GC(828) Metaspace: 57596K(57920K)->57596K(57920K) NonClass: 49300K(49536K)->49300K(49536K) Class: 8295K(8384K)->8295K(8384K)
[432.437s][info][gc             ] GC(828) Pause Young (Allocation Failure) 584M->372M(647M) 6.819ms
[432.437s][info][gc,cpu         ] GC(828) User=0.01s Sys=0.00s Real=0.01s
[433.117s][info][gc,start       ] GC(829) Pause Young (Allocation Failure)
[433.122s][info][gc,heap        ] GC(829) PSYoungGen: 260766K(281600K)->2046K(282112K) Eden: 259584K(259584K)->0K(259584K) From: 1182K(22016K)->2046K(22528K)
[433.122s][info][gc,heap        ] GC(829) ParOldGen: 380626K(380928K)->381209K(381440K)
[433.122s][info][gc,metaspace   ] GC(829) Metaspace: 57596K(57920K)->57596K(57920K) NonClass: 49300K(49536K)->49300K(49536K) Class: 8295K(8384K)->8295K(8384K)
[433.122s][info][gc             ] GC(829) Pause Young (Allocation Failure) 626M->374M(648M) 4.810ms
[433.122s][info][gc,cpu         ] GC(829) User=0.01s Sys=0.01s Real=0.00s
[433.795s][info][gc,start       ] GC(830) Pause Young (Allocation Failure)
[433.798s][info][gc,heap        ] GC(830) PSYoungGen: 261630K(282112K)->1184K(251392K) Eden: 259584K(259584K)->0K(249856K) From: 2046K(22528K)->1184K(1536K)
[433.798s][info][gc,heap        ] GC(830) ParOldGen: 381209K(381440K)->381225K(381440K)
[433.798s][info][gc,metaspace   ] GC(830) Metaspace: 57596K(57920K)->57596K(57920K) NonClass: 49300K(49536K)->49300K(49536K) Class: 8295K(8384K)->8295K(8384K)
[433.798s][info][gc             ] GC(830) Pause Young (Allocation Failure) 627M->373M(618M) 3.465ms
[433.798s][info][gc,cpu         ] GC(830) User=0.01s Sys=0.00s Real=0.01s
[434.419s][info][gc,start       ] GC(831) Pause Young (Allocation Failure)
[434.423s][info][gc,heap        ] GC(831) PSYoungGen: 250988K(251392K)->1440K(242176K) Eden: 249804K(249856K)->0K(240640K) From: 1184K(1536K)->1440K(1536K)
[434.423s][info][gc,heap        ] GC(831) ParOldGen: 381225K(381440K)->381241K(381440K)
[434.423s][info][gc,metaspace   ] GC(831) Metaspace: 57596K(57920K)->57596K(57920K) NonClass: 49300K(49536K)->49300K(49536K) Class: 8295K(8384K)->8295K(8384K)
[434.423s][info][gc             ] GC(831) Pause Young (Allocation Failure) 617M->373M(609M) 4.043ms
[434.423s][info][gc,cpu         ] GC(831) User=0.01s Sys=0.00s Real=0.00s
[435.066s][info][gc,start       ] GC(832) Pause Young (Allocation Failure)
[435.070s][info][gc,heap        ] GC(832) PSYoungGen: 241779K(242176K)->1567K(233472K) Eden: 240339K(240640K)->0K(231424K) From: 1440K(1536K)->1567K(2048K)
[435.070s][info][gc,heap        ] GC(832) ParOldGen: 381241K(381440K)->381257K(381440K)
[435.070s][info][gc,metaspace   ] GC(832) Metaspace: 57596K(57920K)->57596K(57920K) NonClass: 49300K(49536K)->49300K(49536K) Class: 8295K(8384K)->8295K(8384K)
[435.070s][info][gc             ] GC(832) Pause Young (Allocation Failure) 608M->373M(600M) 3.978ms
[435.070s][info][gc,cpu         ] GC(832) User=0.00s Sys=0.00s Real=0.00s
[435.619s][info][gc,start       ] GC(833) Pause Young (Allocation Failure)
[435.623s][info][gc,heap        ] GC(833) PSYoungGen: 232877K(233472K)->1856K(224768K) Eden: 231309K(231424K)->0K(222720K) From: 1567K(2048K)->1856K(2048K)
[435.623s][info][gc,heap        ] GC(833) ParOldGen: 381257K(381440K)->381273K(381440K)
[435.623s][info][gc,metaspace   ] GC(833) Metaspace: 57598K(57920K)->57598K(57920K) NonClass: 49302K(49536K)->49302K(49536K) Class: 8295K(8384K)->8295K(8384K)
[435.623s][info][gc             ] GC(833) Pause Young (Allocation Failure) 599M->374M(592M) 4.140ms
[435.623s][info][gc,cpu         ] GC(833) User=0.01s Sys=0.00s Real=0.00s
[436.206s][info][gc,start       ] GC(834) Pause Young (Allocation Failure)
[436.210s][info][gc,heap        ] GC(834) PSYoungGen: 224576K(224768K)->1440K(216064K) Eden: 222720K(222720K)->0K(214528K) From: 1856K(2048K)->1440K(1536K)
[436.210s][info][gc,heap        ] GC(834) ParOldGen: 381273K(381440K)->381289K(381440K)
[436.210s][info][gc,metaspace   ] GC(834) Metaspace: 57598K(57920K)->57598K(57920K) NonClass: 49302K(49536K)->49302K(49536K) Class: 8295K(8384K)->8295K(8384K)
[436.210s][info][gc             ] GC(834) Pause Young (Allocation Failure) 591M->373M(583M) 4.086ms
[436.210s][info][gc,cpu         ] GC(834) User=0.01s Sys=0.00s Real=0.00s
[436.730s][info][gc,start       ] GC(835) Pause Young (Allocation Failure)
[436.732s][info][gc,heap        ] GC(835) PSYoungGen: 215968K(216064K)->927K(207872K) Eden: 214528K(214528K)->0K(206848K) From: 1440K(1536K)->927K(1024K)
[436.732s][info][gc,heap        ] GC(835) ParOldGen: 381289K(381440K)->381305K(381440K)
[436.732s][info][gc,metaspace   ] GC(835) Metaspace: 57598K(57920K)->57598K(57920K) NonClass: 49302K(49536K)->49302K(49536K) Class: 8295K(8384K)->8295K(8384K)
[436.732s][info][gc             ] GC(835) Pause Young (Allocation Failure) 583M->373M(575M) 2.499ms
[436.732s][info][gc,cpu         ] GC(835) User=0.01s Sys=0.00s Real=0.00s
[437.297s][info][gc,start       ] GC(836) Pause Young (Allocation Failure)
[437.300s][info][gc,heap        ] GC(836) PSYoungGen: 207775K(207872K)->1630K(201728K) Eden: 206848K(206848K)->0K(199680K) From: 927K(1024K)->1630K(2048K)
[437.300s][info][gc,heap        ] GC(836) ParOldGen: 381305K(381440K)->381321K(381440K)
[437.300s][info][gc,metaspace   ] GC(836) Metaspace: 57598K(57920K)->57598K(57920K) NonClass: 49302K(49536K)->49302K(49536K) Class: 8295K(8384K)->8295K(8384K)
[437.300s][info][gc             ] GC(836) Pause Young (Allocation Failure) 575M->373M(569M) 3.208ms
[437.300s][info][gc,cpu         ] GC(836) User=0.00s Sys=0.00s Real=0.00s
[437.803s][info][gc,start       ] GC(837) Pause Young (Allocation Failure)
[437.807s][info][gc,heap        ] GC(837) PSYoungGen: 201310K(201728K)->1791K(194560K) Eden: 199680K(199680K)->0K(192512K) From: 1630K(2048K)->1791K(2048K)
[437.807s][info][gc,heap        ] GC(837) ParOldGen: 381321K(381440K)->381337K(381440K)
[437.807s][info][gc,metaspace   ] GC(837) Metaspace: 57598K(57920K)->57598K(57920K) NonClass: 49302K(49536K)->49302K(49536K) Class: 8295K(8384K)->8295K(8384K)
[437.807s][info][gc             ] GC(837) Pause Young (Allocation Failure) 568M->374M(562M) 3.738ms
[437.807s][info][gc,cpu         ] GC(837) User=0.01s Sys=0.00s Real=0.01s
[438.297s][info][gc,start       ] GC(838) Pause Young (Allocation Failure)
[438.301s][info][gc,heap        ] GC(838) PSYoungGen: 194303K(194560K)->1280K(187392K) Eden: 192512K(192512K)->0K(185856K) From: 1791K(2048K)->1280K(1536K)
[438.301s][info][gc,heap        ] GC(838) ParOldGen: 381337K(381440K)->381353K(381440K)
[438.301s][info][gc,metaspace   ] GC(838) Metaspace: 57598K(57920K)->57598K(57920K) NonClass: 49302K(49536K)->49302K(49536K) Class: 8295K(8384K)->8295K(8384K)
[438.301s][info][gc             ] GC(838) Pause Young (Allocation Failure) 562M->373M(555M) 4.070ms
[438.301s][info][gc,cpu         ] GC(838) User=0.01s Sys=0.00s Real=0.00s
[438.787s][info][gc,start       ] GC(839) Pause Young (Allocation Failure)
[438.789s][info][gc,heap        ] GC(839) PSYoungGen: 187136K(187392K)->424K(179712K) Eden: 185856K(185856K)->0K(179200K) From: 1280K(1536K)->424K(512K)
[438.789s][info][gc,heap        ] GC(839) ParOldGen: 381353K(381440K)->381369K(381440K)
[438.789s][info][gc,metaspace   ] GC(839) Metaspace: 57598K(57920K)->57598K(57920K) NonClass: 49302K(49536K)->49302K(49536K) Class: 8295K(8384K)->8295K(8384K)
[438.789s][info][gc             ] GC(839) Pause Young (Allocation Failure) 555M->372M(548M) 2.011ms
[438.789s][info][gc,cpu         ] GC(839) User=0.00s Sys=0.00s Real=0.00s
[439.214s][info][gc,start       ] GC(840) Pause Young (Allocation Failure)
[439.219s][info][gc,heap        ] GC(840) PSYoungGen: 179442K(179712K)->1856K(175104K) Eden: 179018K(179200K)->0K(173056K) From: 424K(512K)->1856K(2048K)
[439.219s][info][gc,heap        ] GC(840) ParOldGen: 381369K(381440K)->381385K(381440K)
[439.219s][info][gc,metaspace   ] GC(840) Metaspace: 57598K(57920K)->57598K(57920K) NonClass: 49302K(49536K)->49302K(49536K) Class: 8295K(8384K)->8295K(8384K)
[439.219s][info][gc             ] GC(840) Pause Young (Allocation Failure) 547M->374M(543M) 5.622ms
[439.219s][info][gc,cpu         ] GC(840) User=0.01s Sys=0.00s Real=0.01s
[439.689s][info][gc,start       ] GC(841) Pause Young (Allocation Failure)
[439.692s][info][gc,heap        ] GC(841) PSYoungGen: 174912K(175104K)->575K(168448K) Eden: 173056K(173056K)->0K(167424K) From: 1856K(2048K)->575K(1024K)
[439.692s][info][gc,heap        ] GC(841) ParOldGen: 381385K(381440K)->381401K(381440K)
[439.692s][info][gc,metaspace   ] GC(841) Metaspace: 57598K(57920K)->57598K(57920K) NonClass: 49302K(49536K)->49302K(49536K) Class: 8295K(8384K)->8295K(8384K)
[439.692s][info][gc             ] GC(841) Pause Young (Allocation Failure) 543M->373M(537M) 2.733ms
[439.692s][info][gc,cpu         ] GC(841) User=0.01s Sys=0.00s Real=0.00s
[440.190s][info][gc,start       ] GC(842) Pause Young (Allocation Failure)
[440.199s][info][gc,heap        ] GC(842) PSYoungGen: 167999K(168448K)->1855K(163840K) Eden: 167424K(167424K)->0K(161792K) From: 575K(1024K)->1855K(2048K)
[440.199s][info][gc,heap        ] GC(842) ParOldGen: 381401K(381440K)->381417K(381440K)
[440.199s][info][gc,metaspace   ] GC(842) Metaspace: 57598K(57920K)->57598K(57920K) NonClass: 49302K(49536K)->49302K(49536K) Class: 8295K(8384K)->8295K(8384K)
[440.199s][info][gc             ] GC(842) Pause Young (Allocation Failure) 536M->374M(532M) 8.470ms
[440.199s][info][gc,cpu         ] GC(842) User=0.01s Sys=0.00s Real=0.01s
[440.511s][info][gc,start       ] GC(843) Pause Young (Allocation Failure)
[440.515s][info][gc,heap        ] GC(843) PSYoungGen: 163530K(163840K)->1792K(158720K) Eden: 161675K(161792K)->0K(156672K) From: 1855K(2048K)->1792K(2048K)
[440.515s][info][gc,heap        ] GC(843) ParOldGen: 381417K(381440K)->381433K(381440K)
[440.515s][info][gc,metaspace   ] GC(843) Metaspace: 57598K(57920K)->57598K(57920K) NonClass: 49302K(49536K)->49302K(49536K) Class: 8295K(8384K)->8295K(8384K)
[440.515s][info][gc             ] GC(843) Pause Young (Allocation Failure) 532M->374M(527M) 4.117ms
[440.515s][info][gc,cpu         ] GC(843) User=0.01s Sys=0.00s Real=0.00s
[440.910s][info][gc,start       ] GC(844) Pause Young (Allocation Failure)
[440.915s][info][gc,heap        ] GC(844) PSYoungGen: 158464K(158720K)->2175K(189440K) Eden: 156672K(156672K)->0K(186880K) From: 1792K(2048K)->2175K(2560K)
[440.915s][info][gc,heap        ] GC(844) ParOldGen: 381433K(381440K)->381449K(381952K)
[440.915s][info][gc,metaspace   ] GC(844) Metaspace: 57598K(57920K)->57598K(57920K) NonClass: 49302K(49536K)->49302K(49536K) Class: 8295K(8384K)->8295K(8384K)
[440.915s][info][gc             ] GC(844) Pause Young (Allocation Failure) 527M->374M(558M) 4.616ms
[440.915s][info][gc,cpu         ] GC(844) User=0.01s Sys=0.00s Real=0.00s
[441.406s][info][gc,start       ] GC(845) Pause Young (Allocation Failure)
[441.410s][info][gc,heap        ] GC(845) PSYoungGen: 189055K(189440K)->1472K(181760K) Eden: 186880K(186880K)->0K(180224K) From: 2175K(2560K)->1472K(1536K)
[441.410s][info][gc,heap        ] GC(845) ParOldGen: 381449K(381952K)->381465K(381952K)
[441.410s][info][gc,metaspace   ] GC(845) Metaspace: 57598K(57920K)->57598K(57920K) NonClass: 49302K(49536K)->49302K(49536K) Class: 8295K(8384K)->8295K(8384K)
[441.410s][info][gc             ] GC(845) Pause Young (Allocation Failure) 557M->373M(550M) 3.700ms
[441.410s][info][gc,cpu         ] GC(845) User=0.00s Sys=0.00s Real=0.00s
[441.935s][info][gc,start       ] GC(846) Pause Young (Allocation Failure)
[441.938s][info][gc,heap        ] GC(846) PSYoungGen: 181696K(181760K)->352K(174592K) Eden: 180224K(180224K)->0K(174080K) From: 1472K(1536K)->352K(512K)
[441.938s][info][gc,heap        ] GC(846) ParOldGen: 381465K(381952K)->381481K(381952K)
[441.938s][info][gc,metaspace   ] GC(846) Metaspace: 57598K(57920K)->57598K(57920K) NonClass: 49302K(49536K)->49302K(49536K) Class: 8295K(8384K)->8295K(8384K)
[441.938s][info][gc             ] GC(846) Pause Young (Allocation Failure) 549M->372M(543M) 2.599ms
[441.938s][info][gc,cpu         ] GC(846) User=0.01s Sys=0.00s Real=0.01s
[442.307s][info][gc,start       ] GC(847) Pause Young (Allocation Failure)
[442.311s][info][gc,heap        ] GC(847) PSYoungGen: 174432K(174592K)->1600K(177152K) Eden: 174080K(174080K)->0K(168448K) From: 352K(512K)->1600K(8704K)
[442.311s][info][gc,heap        ] GC(847) ParOldGen: 381481K(381952K)->381497K(381952K)
[442.311s][info][gc,metaspace   ] GC(847) Metaspace: 57598K(57920K)->57598K(57920K) NonClass: 49302K(49536K)->49302K(49536K) Class: 8295K(8384K)->8295K(8384K)
[442.311s][info][gc             ] GC(847) Pause Young (Allocation Failure) 542M->374M(546M) 3.661ms
[442.311s][info][gc,cpu         ] GC(847) User=0.01s Sys=0.00s Real=0.00s
[442.723s][info][gc,start       ] GC(848) Pause Young (Allocation Failure)
[442.727s][info][gc,heap        ] GC(848) PSYoungGen: 170048K(177152K)->1887K(164864K) Eden: 168448K(168448K)->0K(162816K) From: 1600K(8704K)->1887K(2048K)
[442.727s][info][gc,heap        ] GC(848) ParOldGen: 381497K(381952K)->381513K(381952K)
[442.727s][info][gc,metaspace   ] GC(848) Metaspace: 57598K(57920K)->57598K(57920K) NonClass: 49302K(49536K)->49302K(49536K) Class: 8295K(8384K)->8295K(8384K)
[442.727s][info][gc             ] GC(848) Pause Young (Allocation Failure) 538M->374M(534M) 4.135ms
[442.727s][info][gc,cpu         ] GC(848) User=0.00s Sys=0.00s Real=0.01s
[443.185s][info][gc,start       ] GC(849) Pause Young (Allocation Failure)
[443.188s][info][gc,heap        ] GC(849) PSYoungGen: 164642K(164864K)->672K(158720K) Eden: 162755K(162816K)->0K(157696K) From: 1887K(2048K)->672K(1024K)
[443.188s][info][gc,heap        ] GC(849) ParOldGen: 381513K(381952K)->381529K(381952K)
[443.188s][info][gc,metaspace   ] GC(849) Metaspace: 57599K(57920K)->57599K(57920K) NonClass: 49303K(49536K)->49303K(49536K) Class: 8295K(8384K)->8295K(8384K)
[443.188s][info][gc             ] GC(849) Pause Young (Allocation Failure) 533M->373M(528M) 2.521ms
[443.188s][info][gc,cpu         ] GC(849) User=0.01s Sys=0.00s Real=0.01s
[443.570s][info][gc,start       ] GC(850) Pause Young (Allocation Failure)
[443.572s][info][gc,heap        ] GC(850) PSYoungGen: 158367K(158720K)->64K(153088K) Eden: 157695K(157696K)->0K(152576K) From: 672K(1024K)->64K(512K)
[443.572s][info][gc,heap        ] GC(850) ParOldGen: 381529K(381952K)->381545K(381952K)
[443.572s][info][gc,metaspace   ] GC(850) Metaspace: 57599K(57920K)->57599K(57920K) NonClass: 49303K(49536K)->49303K(49536K) Class: 8295K(8384K)->8295K(8384K)
[443.572s][info][gc             ] GC(850) Pause Young (Allocation Failure) 527M->372M(522M) 2.125ms
[443.572s][info][gc,cpu         ] GC(850) User=0.00s Sys=0.00s Real=0.00s
[443.925s][info][gc,start       ] GC(851) Pause Young (Allocation Failure)
[443.928s][info][gc,heap        ] GC(851) PSYoungGen: 152523K(153088K)->1088K(154624K) Eden: 152459K(152576K)->0K(147456K) From: 64K(512K)->1088K(7168K)
[443.928s][info][gc,heap        ] GC(851) ParOldGen: 381545K(381952K)->381561K(381952K)
[443.928s][info][gc,metaspace   ] GC(851) Metaspace: 57599K(57920K)->57599K(57920K) NonClass: 49303K(49536K)->49303K(49536K) Class: 8295K(8384K)->8295K(8384K)
[443.928s][info][gc             ] GC(851) Pause Young (Allocation Failure) 521M->373M(524M) 2.899ms
[443.928s][info][gc,cpu         ] GC(851) User=0.01s Sys=0.00s Real=0.01s
[444.355s][info][gc,start       ] GC(852) Pause Young (Allocation Failure)
[444.360s][info][gc,heap        ] GC(852) PSYoungGen: 148381K(154624K)->2720K(145920K) Eden: 147293K(147456K)->0K(142848K) From: 1088K(7168K)->2720K(3072K)
[444.360s][info][gc,heap        ] GC(852) ParOldGen: 381561K(381952K)->381577K(381952K)
[444.360s][info][gc,metaspace   ] GC(852) Metaspace: 57599K(57920K)->57599K(57920K) NonClass: 49303K(49536K)->49303K(49536K) Class: 8295K(8384K)->8295K(8384K)
[444.360s][info][gc             ] GC(852) Pause Young (Allocation Failure) 517M->375M(515M) 5.479ms
[444.360s][info][gc,cpu         ] GC(852) User=0.01s Sys=0.00s Real=0.01s
[444.697s][info][gc,start       ] GC(853) Pause Young (Allocation Failure)
[444.701s][info][gc,heap        ] GC(853) PSYoungGen: 145323K(145920K)->1408K(139776K) Eden: 142603K(142848K)->0K(138240K) From: 2720K(3072K)->1408K(1536K)
[444.701s][info][gc,heap        ] GC(853) ParOldGen: 381577K(381952K)->381593K(381952K)
[444.701s][info][gc,metaspace   ] GC(853) Metaspace: 57599K(57920K)->57599K(57920K) NonClass: 49303K(49536K)->49303K(49536K) Class: 8295K(8384K)->8295K(8384K)
[444.701s][info][gc             ] GC(853) Pause Young (Allocation Failure) 514M->374M(509M) 3.558ms
[444.701s][info][gc,cpu         ] GC(853) User=0.00s Sys=0.00s Real=0.00s
[445.020s][info][gc,start       ] GC(854) Pause Young (Allocation Failure)
[445.025s][info][gc,heap        ] GC(854) PSYoungGen: 139648K(139776K)->2303K(136704K) Eden: 138240K(138240K)->0K(134144K) From: 1408K(1536K)->2303K(2560K)
[445.025s][info][gc,heap        ] GC(854) ParOldGen: 381593K(381952K)->381609K(381952K)
[445.025s][info][gc,metaspace   ] GC(854) Metaspace: 57599K(57920K)->57599K(57920K) NonClass: 49303K(49536K)->49303K(49536K) Class: 8295K(8384K)->8295K(8384K)
[445.025s][info][gc             ] GC(854) Pause Young (Allocation Failure) 509M->374M(506M) 4.370ms
[445.025s][info][gc,cpu         ] GC(854) User=0.01s Sys=0.00s Real=0.00s
[445.398s][info][gc,start       ] GC(855) Pause Young (Allocation Failure)
[445.401s][info][gc,heap        ] GC(855) PSYoungGen: 136447K(136704K)->1279K(131584K) Eden: 134144K(134144K)->0K(130048K) From: 2303K(2560K)->1279K(1536K)
[445.401s][info][gc,heap        ] GC(855) ParOldGen: 381609K(381952K)->381625K(381952K)
[445.401s][info][gc,metaspace   ] GC(855) Metaspace: 57599K(57920K)->57599K(57920K) NonClass: 49303K(49536K)->49303K(49536K) Class: 8295K(8384K)->8295K(8384K)
[445.401s][info][gc             ] GC(855) Pause Young (Allocation Failure) 505M->373M(501M) 2.982ms
[445.401s][info][gc,cpu         ] GC(855) User=0.00s Sys=0.00s Real=0.00s
[445.706s][info][gc,start       ] GC(856) Pause Young (Allocation Failure)
[445.711s][info][gc,heap        ] GC(856) PSYoungGen: 131103K(131584K)->1920K(157184K) Eden: 129824K(130048K)->0K(155136K) From: 1279K(1536K)->1920K(2048K)
[445.711s][info][gc,heap        ] GC(856) ParOldGen: 381625K(381952K)->381641K(381952K)
[445.711s][info][gc,metaspace   ] GC(856) Metaspace: 57599K(57920K)->57599K(57920K) NonClass: 49303K(49536K)->49303K(49536K) Class: 8295K(8384K)->8295K(8384K)
[445.711s][info][gc             ] GC(856) Pause Young (Allocation Failure) 500M->374M(526M) 4.397ms
[445.711s][info][gc,cpu         ] GC(856) User=0.01s Sys=0.00s Real=0.00s
[446.112s][info][gc,start       ] GC(857) Pause Young (Allocation Failure)
[446.116s][info][gc,heap        ] GC(857) PSYoungGen: 157056K(157184K)->2143K(167424K) Eden: 155136K(155136K)->0K(162304K) From: 1920K(2048K)->2143K(5120K)
[446.116s][info][gc,heap        ] GC(857) ParOldGen: 381641K(381952K)->381657K(381952K)
[446.116s][info][gc,metaspace   ] GC(857) Metaspace: 57599K(57920K)->57599K(57920K) NonClass: 49303K(49536K)->49303K(49536K) Class: 8295K(8384K)->8295K(8384K)
[446.116s][info][gc             ] GC(857) Pause Young (Allocation Failure) 526M->374M(536M) 4.129ms
[446.116s][info][gc,cpu         ] GC(857) User=0.01s Sys=0.00s Real=0.01s
[446.514s][info][gc,start       ] GC(858) Pause Young (Allocation Failure)
[446.519s][info][gc,heap        ] GC(858) PSYoungGen: 164447K(167424K)->1632K(189952K) Eden: 162304K(162304K)->0K(184832K) From: 2143K(5120K)->1632K(5120K)
[446.519s][info][gc,heap        ] GC(858) ParOldGen: 381657K(381952K)->381673K(381952K)
[446.519s][info][gc,metaspace   ] GC(858) Metaspace: 57599K(57920K)->57599K(57920K) NonClass: 49303K(49536K)->49303K(49536K) Class: 8295K(8384K)->8295K(8384K)
[446.519s][info][gc             ] GC(858) Pause Young (Allocation Failure) 533M->374M(558M) 4.436ms
[446.519s][info][gc,cpu         ] GC(858) User=0.01s Sys=0.00s Real=0.01s
[447.038s][info][gc,start       ] GC(859) Pause Young (Allocation Failure)
[447.041s][info][gc,heap        ] GC(859) PSYoungGen: 186464K(189952K)->608K(179712K) Eden: 184832K(184832K)->0K(178688K) From: 1632K(5120K)->608K(1024K)
[447.041s][info][gc,heap        ] GC(859) ParOldGen: 381673K(381952K)->381689K(381952K)
[447.041s][info][gc,metaspace   ] GC(859) Metaspace: 57599K(57920K)->57599K(57920K) NonClass: 49303K(49536K)->49303K(49536K) Class: 8295K(8384K)->8295K(8384K)
[447.041s][info][gc             ] GC(859) Pause Young (Allocation Failure) 554M->373M(548M) 2.550ms
[447.041s][info][gc,cpu         ] GC(859) User=0.00s Sys=0.00s Real=0.00s
[447.422s][info][gc,start       ] GC(860) Pause Young (Allocation Failure)
[447.426s][info][gc,heap        ] GC(860) PSYoungGen: 179295K(179712K)->1566K(174592K) Eden: 178687K(178688K)->0K(172544K) From: 608K(1024K)->1566K(2048K)
[447.426s][info][gc,heap        ] GC(860) ParOldGen: 381689K(381952K)->381705K(381952K)
[447.426s][info][gc,metaspace   ] GC(860) Metaspace: 57599K(57920K)->57599K(57920K) NonClass: 49303K(49536K)->49303K(49536K) Class: 8295K(8384K)->8295K(8384K)
[447.426s][info][gc             ] GC(860) Pause Young (Allocation Failure) 547M->374M(543M) 3.496ms
[447.426s][info][gc,cpu         ] GC(860) User=0.00s Sys=0.00s Real=0.01s
[447.901s][info][gc,start       ] GC(861) Pause Young (Allocation Failure)
[447.904s][info][gc,heap        ] GC(861) PSYoungGen: 174110K(174592K)->1631K(168960K) Eden: 172544K(172544K)->0K(166912K) From: 1566K(2048K)->1631K(2048K)
[447.904s][info][gc,heap        ] GC(861) ParOldGen: 381705K(381952K)->381721K(381952K)
[447.904s][info][gc,metaspace   ] GC(861) Metaspace: 57599K(57920K)->57599K(57920K) NonClass: 49303K(49536K)->49303K(49536K) Class: 8295K(8384K)->8295K(8384K)
[447.904s][info][gc             ] GC(861) Pause Young (Allocation Failure) 542M->374M(538M) 3.245ms
[447.904s][info][gc,cpu         ] GC(861) User=0.01s Sys=0.00s Real=0.00s
[448.308s][info][gc,start       ] GC(862) Pause Young (Allocation Failure)
[448.313s][info][gc,heap        ] GC(862) PSYoungGen: 168543K(168960K)->2750K(164352K) Eden: 166912K(166912K)->0K(161280K) From: 1631K(2048K)->2750K(3072K)
[448.313s][info][gc,heap        ] GC(862) ParOldGen: 381721K(381952K)->381737K(381952K)
[448.313s][info][gc,metaspace   ] GC(862) Metaspace: 57599K(57920K)->57599K(57920K) NonClass: 49303K(49536K)->49303K(49536K) Class: 8295K(8384K)->8295K(8384K)
[448.313s][info][gc             ] GC(862) Pause Young (Allocation Failure) 537M->375M(533M) 4.940ms
[448.313s][info][gc,cpu         ] GC(862) User=0.01s Sys=0.01s Real=0.00s
[448.715s][info][gc,start       ] GC(863) Pause Young (Allocation Failure)
[448.719s][info][gc,heap        ] GC(863) PSYoungGen: 164015K(164352K)->1888K(158208K) Eden: 161265K(161280K)->0K(156160K) From: 2750K(3072K)->1888K(2048K)
[448.719s][info][gc,heap        ] GC(863) ParOldGen: 381737K(381952K)->381753K(381952K)
[448.719s][info][gc,metaspace   ] GC(863) Metaspace: 57599K(57920K)->57599K(57920K) NonClass: 49303K(49536K)->49303K(49536K) Class: 8295K(8384K)->8295K(8384K)
[448.719s][info][gc             ] GC(863) Pause Young (Allocation Failure) 532M->374M(527M) 4.211ms
[448.719s][info][gc,cpu         ] GC(863) User=0.00s Sys=0.00s Real=0.01s
[449.163s][info][gc,start       ] GC(864) Pause Young (Allocation Failure)
[449.166s][info][gc,heap        ] GC(864) PSYoungGen: 158048K(158208K)->1664K(153088K) Eden: 156160K(156160K)->0K(151040K) From: 1888K(2048K)->1664K(2048K)
[449.166s][info][gc,heap        ] GC(864) ParOldGen: 381753K(381952K)->381769K(381952K)
[449.166s][info][gc,metaspace   ] GC(864) Metaspace: 57599K(57920K)->57599K(57920K) NonClass: 49303K(49536K)->49303K(49536K) Class: 8295K(8384K)->8295K(8384K)
[449.166s][info][gc             ] GC(864) Pause Young (Allocation Failure) 527M->374M(522M) 3.899ms
[449.166s][info][gc,cpu         ] GC(864) User=0.01s Sys=0.00s Real=0.01s
[449.515s][info][gc,start       ] GC(865) Pause Young (Allocation Failure)
[449.519s][info][gc,heap        ] GC(865) PSYoungGen: 152704K(153088K)->2366K(148992K) Eden: 151040K(151040K)->0K(146432K) From: 1664K(2048K)->2366K(2560K)
[449.519s][info][gc,heap        ] GC(865) ParOldGen: 381769K(381952K)->381785K(381952K)
[449.519s][info][gc,metaspace   ] GC(865) Metaspace: 57599K(57920K)->57599K(57920K) NonClass: 49303K(49536K)->49303K(49536K) Class: 8295K(8384K)->8295K(8384K)
[449.519s][info][gc             ] GC(865) Pause Young (Allocation Failure) 521M->375M(518M) 4.045ms
[449.519s][info][gc,cpu         ] GC(865) User=0.01s Sys=0.00s Real=0.01s
[449.898s][info][gc,start       ] GC(866) Pause Young (Allocation Failure)
[449.901s][info][gc,heap        ] GC(866) PSYoungGen: 148798K(148992K)->1854K(143872K) Eden: 146432K(146432K)->0K(141824K) From: 2366K(2560K)->1854K(2048K)
[449.901s][info][gc,heap        ] GC(866) ParOldGen: 381785K(381952K)->381801K(381952K)
[449.901s][info][gc,metaspace   ] GC(866) Metaspace: 57599K(57920K)->57599K(57920K) NonClass: 49303K(49536K)->49303K(49536K) Class: 8295K(8384K)->8295K(8384K)
[449.901s][info][gc             ] GC(866) Pause Young (Allocation Failure) 518M->374M(513M) 3.285ms
[449.901s][info][gc,cpu         ] GC(866) User=0.01s Sys=0.00s Real=0.00s
[450.286s][info][gc,start       ] GC(867) Pause Young (Allocation Failure)
[450.288s][info][gc,heap        ] GC(867) PSYoungGen: 143678K(143872K)->192K(137728K) Eden: 141824K(141824K)->0K(137216K) From: 1854K(2048K)->192K(512K)
[450.288s][info][gc,heap        ] GC(867) ParOldGen: 381801K(381952K)->381817K(381952K)
[450.288s][info][gc,metaspace   ] GC(867) Metaspace: 57599K(57920K)->57599K(57920K) NonClass: 49303K(49536K)->49303K(49536K) Class: 8295K(8384K)->8295K(8384K)
[450.288s][info][gc             ] GC(867) Pause Young (Allocation Failure) 513M->373M(507M) 1.943ms
[450.288s][info][gc,cpu         ] GC(867) User=0.01s Sys=0.00s Real=0.00s
[450.609s][info][gc,start       ] GC(868) Pause Young (Allocation Failure)
[450.613s][info][gc,heap        ] GC(868) PSYoungGen: 137408K(137728K)->2047K(135168K) Eden: 137216K(137216K)->0K(133120K) From: 192K(512K)->2047K(2048K)
[450.613s][info][gc,heap        ] GC(868) ParOldGen: 381817K(381952K)->381833K(381952K)
[450.613s][info][gc,metaspace   ] GC(868) Metaspace: 57599K(57920K)->57599K(57920K) NonClass: 49303K(49536K)->49303K(49536K) Class: 8295K(8384K)->8295K(8384K)
[450.613s][info][gc             ] GC(868) Pause Young (Allocation Failure) 507M->374M(505M) 4.075ms
[450.613s][info][gc,cpu         ] GC(868) User=0.01s Sys=0.00s Real=0.00s
[450.928s][info][gc,start       ] GC(869) Pause Young (Allocation Failure)
[450.931s][info][gc,heap        ] GC(869) PSYoungGen: 134875K(135168K)->896K(130048K) Eden: 132828K(133120K)->0K(129024K) From: 2047K(2048K)->896K(1024K)
[450.931s][info][gc,heap        ] GC(869) ParOldGen: 381833K(381952K)->381849K(381952K)
[450.931s][info][gc,metaspace   ] GC(869) Metaspace: 57599K(57920K)->57599K(57920K) NonClass: 49303K(49536K)->49303K(49536K) Class: 8295K(8384K)->8295K(8384K)
[450.931s][info][gc             ] GC(869) Pause Young (Allocation Failure) 504M->373M(500M) 2.939ms
[450.931s][info][gc,cpu         ] GC(869) User=0.00s Sys=0.00s Real=0.00s
[451.294s][info][gc,start       ] GC(870) Pause Young (Allocation Failure)
[451.297s][info][gc,heap        ] GC(870) PSYoungGen: 129920K(130048K)->1151K(126464K) Eden: 129024K(129024K)->0K(124928K) From: 896K(1024K)->1151K(1536K)
[451.297s][info][gc,heap        ] GC(870) ParOldGen: 381849K(381952K)->381865K(381952K)
[451.297s][info][gc,metaspace   ] GC(870) Metaspace: 57599K(57920K)->57599K(57920K) NonClass: 49303K(49536K)->49303K(49536K) Class: 8295K(8384K)->8295K(8384K)
[451.297s][info][gc             ] GC(870) Pause Young (Allocation Failure) 499M->374M(496M) 2.757ms
[451.297s][info][gc,cpu         ] GC(870) User=0.00s Sys=0.00s Real=0.01s
[451.704s][info][gc,start       ] GC(871) Pause Young (Allocation Failure)
[451.708s][info][gc,heap        ] GC(871) PSYoungGen: 126079K(126464K)->1983K(123392K) Eden: 124928K(124928K)->0K(121344K) From: 1151K(1536K)->1983K(2048K)
[451.708s][info][gc,heap        ] GC(871) ParOldGen: 381865K(381952K)->381881K(381952K)
[451.708s][info][gc,metaspace   ] GC(871) Metaspace: 57599K(57920K)->57599K(57920K) NonClass: 49303K(49536K)->49303K(49536K) Class: 8295K(8384K)->8295K(8384K)
[451.708s][info][gc             ] GC(871) Pause Young (Allocation Failure) 496M->374M(493M) 3.750ms
[451.708s][info][gc,cpu         ] GC(871) User=0.01s Sys=0.00s Real=0.01s
[452.010s][info][gc,start       ] GC(872) Pause Young (Allocation Failure)
[452.014s][info][gc,heap        ] GC(872) PSYoungGen: 123327K(123392K)->1887K(119808K) Eden: 121344K(121344K)->0K(117760K) From: 1983K(2048K)->1887K(2048K)
[452.014s][info][gc,heap        ] GC(872) ParOldGen: 381881K(381952K)->381897K(381952K)
[452.014s][info][gc,metaspace   ] GC(872) Metaspace: 57599K(57920K)->57599K(57920K) NonClass: 49303K(49536K)->49303K(49536K) Class: 8295K(8384K)->8295K(8384K)
[452.014s][info][gc             ] GC(872) Pause Young (Allocation Failure) 493M->374M(490M) 3.841ms
[452.014s][info][gc,cpu         ] GC(872) User=0.01s Sys=0.00s Real=0.00s
[452.307s][info][gc,start       ] GC(873) Pause Young (Allocation Failure)
[452.310s][info][gc,heap        ] GC(873) PSYoungGen: 119400K(119808K)->1728K(142336K) Eden: 117513K(117760K)->0K(140288K) From: 1887K(2048K)->1728K(2048K)
[452.310s][info][gc,heap        ] GC(873) ParOldGen: 381897K(381952K)->381913K(381952K)
[452.310s][info][gc,metaspace   ] GC(873) Metaspace: 57599K(57920K)->57599K(57920K) NonClass: 49303K(49536K)->49303K(49536K) Class: 8295K(8384K)->8295K(8384K)
[452.310s][info][gc             ] GC(873) Pause Young (Allocation Failure) 489M->374M(512M) 3.740ms
[452.310s][info][gc,cpu         ] GC(873) User=0.00s Sys=0.00s Real=0.00s
[452.687s][info][gc,start       ] GC(874) Pause Young (Allocation Failure)
[452.689s][info][gc,heap        ] GC(874) PSYoungGen: 142016K(142336K)->352K(136192K) Eden: 140288K(140288K)->0K(135680K) From: 1728K(2048K)->352K(512K)
[452.689s][info][gc,heap        ] GC(874) ParOldGen: 381913K(381952K)->381929K(381952K)
[452.689s][info][gc,metaspace   ] GC(874) Metaspace: 57599K(57920K)->57599K(57920K) NonClass: 49303K(49536K)->49303K(49536K) Class: 8295K(8384K)->8295K(8384K)
[452.689s][info][gc             ] GC(874) Pause Young (Allocation Failure) 511M->373M(506M) 2.209ms
[452.689s][info][gc,cpu         ] GC(874) User=0.00s Sys=0.00s Real=0.00s
[453.009s][info][gc,start       ] GC(875) Pause Young (Allocation Failure)
[453.012s][info][gc,heap        ] GC(875) PSYoungGen: 136032K(136192K)->1407K(135168K) Eden: 135680K(135680K)->0K(131584K) From: 352K(512K)->1407K(3584K)
[453.012s][info][gc,heap        ] GC(875) ParOldGen: 381929K(381952K)->381945K(381952K)
[453.012s][info][gc,metaspace   ] GC(875) Metaspace: 57599K(57920K)->57599K(57920K) NonClass: 49303K(49536K)->49303K(49536K) Class: 8295K(8384K)->8295K(8384K)
[453.012s][info][gc             ] GC(875) Pause Young (Allocation Failure) 505M->374M(505M) 2.942ms
[453.012s][info][gc,cpu         ] GC(875) User=0.01s Sys=0.00s Real=0.00s
[453.335s][info][gc,start       ] GC(876) Pause Young (Allocation Failure)
[453.338s][info][gc,heap        ] GC(876) PSYoungGen: 132895K(135168K)->1375K(129024K) Eden: 131488K(131584K)->0K(127488K) From: 1407K(3584K)->1375K(1536K)
[453.339s][info][gc,heap        ] GC(876) ParOldGen: 381945K(381952K)->381961K(382464K)
[453.339s][info][gc,metaspace   ] GC(876) Metaspace: 57599K(57920K)->57599K(57920K) NonClass: 49303K(49536K)->49303K(49536K) Class: 8295K(8384K)->8295K(8384K)
[453.339s][info][gc             ] GC(876) Pause Young (Allocation Failure) 502M->374M(499M) 3.104ms
[453.339s][info][gc,cpu         ] GC(876) User=0.01s Sys=0.00s Real=0.01s
[453.692s][info][gc,start       ] GC(877) Pause Young (Allocation Failure)
[453.694s][info][gc,heap        ] GC(877) PSYoungGen: 128863K(129024K)->832K(124928K) Eden: 127488K(127488K)->0K(123904K) From: 1375K(1536K)->832K(1024K)
[453.694s][info][gc,heap        ] GC(877) ParOldGen: 381961K(382464K)->381977K(382464K)
[453.694s][info][gc,metaspace   ] GC(877) Metaspace: 57599K(57920K)->57599K(57920K) NonClass: 49303K(49536K)->49303K(49536K) Class: 8295K(8384K)->8295K(8384K)
[453.694s][info][gc             ] GC(877) Pause Young (Allocation Failure) 498M->373M(495M) 2.648ms
[453.694s][info][gc,cpu         ] GC(877) User=0.00s Sys=0.00s Real=0.00s
[454.002s][info][gc,start       ] GC(878) Pause Young (Allocation Failure)
[454.006s][info][gc,heap        ] GC(878) PSYoungGen: 124736K(124928K)->1759K(122368K) Eden: 123904K(123904K)->0K(120320K) From: 832K(1024K)->1759K(2048K)
[454.006s][info][gc,heap        ] GC(878) ParOldGen: 381977K(382464K)->381993K(382464K)
[454.006s][info][gc,metaspace   ] GC(878) Metaspace: 57599K(57920K)->57599K(57920K) NonClass: 49303K(49536K)->49303K(49536K) Class: 8295K(8384K)->8295K(8384K)
[454.006s][info][gc             ] GC(878) Pause Young (Allocation Failure) 494M->374M(493M) 3.444ms
[454.006s][info][gc,cpu         ] GC(878) User=0.01s Sys=0.00s Real=0.00s
[454.300s][info][gc,start       ] GC(879) Pause Young (Allocation Failure)
[454.303s][info][gc,heap        ] GC(879) PSYoungGen: 122079K(122368K)->1536K(118272K) Eden: 120320K(120320K)->0K(116736K) From: 1759K(2048K)->1536K(1536K)
[454.303s][info][gc,heap        ] GC(879) ParOldGen: 381993K(382464K)->382009K(382464K)
[454.303s][info][gc,metaspace   ] GC(879) Metaspace: 57599K(57920K)->57599K(57920K) NonClass: 49303K(49536K)->49303K(49536K) Class: 8295K(8384K)->8295K(8384K)
[454.303s][info][gc             ] GC(879) Pause Young (Allocation Failure) 492M->374M(489M) 3.506ms
[454.303s][info][gc,cpu         ] GC(879) User=0.00s Sys=0.01s Real=0.00s
[454.599s][info][gc,start       ] GC(880) Pause Young (Allocation Failure)
[454.602s][info][gc,heap        ] GC(880) PSYoungGen: 118272K(118272K)->1727K(141312K) Eden: 116736K(116736K)->0K(139264K) From: 1536K(1536K)->1727K(2048K)
[454.602s][info][gc,heap        ] GC(880) ParOldGen: 382009K(382464K)->382025K(382464K)
[454.602s][info][gc,metaspace   ] GC(880) Metaspace: 57599K(57920K)->57599K(57920K) NonClass: 49303K(49536K)->49303K(49536K) Class: 8295K(8384K)->8295K(8384K)
[454.603s][info][gc             ] GC(880) Pause Young (Allocation Failure) 488M->374M(511M) 3.426ms
[454.603s][info][gc,cpu         ] GC(880) User=0.00s Sys=0.00s Real=0.00s
[454.983s][info][gc,start       ] GC(881) Pause Young (Allocation Failure)
[454.987s][info][gc,heap        ] GC(881) PSYoungGen: 140991K(141312K)->1663K(137216K) Eden: 139264K(139264K)->0K(135168K) From: 1727K(2048K)->1663K(2048K)
[454.987s][info][gc,heap        ] GC(881) ParOldGen: 382025K(382464K)->382041K(382464K)
[454.987s][info][gc,metaspace   ] GC(881) Metaspace: 57599K(57920K)->57599K(57920K) NonClass: 49303K(49536K)->49303K(49536K) Class: 8295K(8384K)->8295K(8384K)
[454.987s][info][gc             ] GC(881) Pause Young (Allocation Failure) 510M->374M(507M) 3.526ms
[454.987s][info][gc,cpu         ] GC(881) User=0.01s Sys=0.00s Real=0.01s
[455.298s][info][gc,start       ] GC(882) Pause Young (Allocation Failure)
[455.301s][info][gc,heap        ] GC(882) PSYoungGen: 136831K(137216K)->1056K(132608K) Eden: 135168K(135168K)->0K(131072K) From: 1663K(2048K)->1056K(1536K)
[455.301s][info][gc,heap        ] GC(882) ParOldGen: 382041K(382464K)->382057K(382464K)
[455.301s][info][gc,metaspace   ] GC(882) Metaspace: 57599K(57920K)->57599K(57920K) NonClass: 49303K(49536K)->49303K(49536K) Class: 8295K(8384K)->8295K(8384K)
[455.301s][info][gc             ] GC(882) Pause Young (Allocation Failure) 506M->374M(503M) 3.038ms
[455.301s][info][gc,cpu         ] GC(882) User=0.00s Sys=0.00s Real=0.00s
[455.616s][info][gc,start       ] GC(883) Pause Young (Allocation Failure)
[455.622s][info][gc,heap        ] GC(883) PSYoungGen: 132128K(132608K)->3007K(150016K) Eden: 131072K(131072K)->0K(146944K) From: 1056K(1536K)->3007K(3072K)
[455.622s][info][gc,heap        ] GC(883) ParOldGen: 382057K(382464K)->382073K(382464K)
[455.622s][info][gc,metaspace   ] GC(883) Metaspace: 57599K(57920K)->57599K(57920K) NonClass: 49303K(49536K)->49303K(49536K) Class: 8295K(8384K)->8295K(8384K)
[455.622s][info][gc             ] GC(883) Pause Young (Allocation Failure) 502M->376M(520M) 6.346ms
[455.622s][info][gc,cpu         ] GC(883) User=0.01s Sys=0.00s Real=0.00s
[456.002s][info][gc,start       ] GC(884) Pause Young (Allocation Failure)
[456.008s][info][gc,heap        ] GC(884) PSYoungGen: 149951K(150016K)->1600K(160768K) Eden: 146944K(146944K)->0K(157184K) From: 3007K(3072K)->1600K(3584K)
[456.008s][info][gc,heap        ] GC(884) ParOldGen: 382073K(382464K)->382089K(382464K)
[456.008s][info][gc,metaspace   ] GC(884) Metaspace: 57599K(57920K)->57599K(57920K) NonClass: 49303K(49536K)->49303K(49536K) Class: 8295K(8384K)->8295K(8384K)
[456.008s][info][gc             ] GC(884) Pause Young (Allocation Failure) 519M->374M(530M) 6.158ms
[456.008s][info][gc,cpu         ] GC(884) User=0.01s Sys=0.00s Real=0.01s
[456.402s][info][gc,start       ] GC(885) Pause Young (Allocation Failure)
[456.405s][info][gc,heap        ] GC(885) PSYoungGen: 158784K(160768K)->1344K(160256K) Eden: 157184K(157184K)->0K(157184K) From: 1600K(3584K)->1344K(3072K)
[456.405s][info][gc,heap        ] GC(885) ParOldGen: 382089K(382464K)->382105K(382464K)
[456.405s][info][gc,metaspace   ] GC(885) Metaspace: 57599K(57920K)->57599K(57920K) NonClass: 49304K(49536K)->49304K(49536K) Class: 8295K(8384K)->8295K(8384K)
[456.405s][info][gc             ] GC(885) Pause Young (Allocation Failure) 528M->374M(530M) 3.752ms
[456.405s][info][gc,cpu         ] GC(885) User=0.01s Sys=0.00s Real=0.00s
[456.804s][info][gc,start       ] GC(886) Pause Young (Allocation Failure)
[456.808s][info][gc,heap        ] GC(886) PSYoungGen: 158528K(160256K)->2014K(190976K) Eden: 157184K(157184K)->0K(187904K) From: 1344K(3072K)->2014K(3072K)
[456.808s][info][gc,heap        ] GC(886) ParOldGen: 382105K(382464K)->382121K(382464K)
[456.808s][info][gc,metaspace   ] GC(886) Metaspace: 57599K(57920K)->57599K(57920K) NonClass: 49304K(49536K)->49304K(49536K) Class: 8295K(8384K)->8295K(8384K)
[456.808s][info][gc             ] GC(886) Pause Young (Allocation Failure) 527M->375M(560M) 4.080ms
[456.808s][info][gc,cpu         ] GC(886) User=0.01s Sys=0.01s Real=0.01s
[457.297s][info][gc,start       ] GC(887) Pause Young (Allocation Failure)
[457.300s][info][gc,heap        ] GC(887) PSYoungGen: 189918K(190976K)->672K(190976K) Eden: 187904K(187904K)->0K(187904K) From: 2014K(3072K)->672K(3072K)
[457.300s][info][gc,heap        ] GC(887) ParOldGen: 382121K(382464K)->382137K(382464K)
[457.300s][info][gc,metaspace   ] GC(887) Metaspace: 57599K(57920K)->57599K(57920K) NonClass: 49304K(49536K)->49304K(49536K) Class: 8295K(8384K)->8295K(8384K)
[457.300s][info][gc             ] GC(887) Pause Young (Allocation Failure) 558M->373M(560M) 2.577ms
[457.300s][info][gc,cpu         ] GC(887) User=0.00s Sys=0.00s Real=0.00s
[457.841s][info][gc,start       ] GC(888) Pause Young (Allocation Failure)
[457.843s][info][gc,heap        ] GC(888) PSYoungGen: 188576K(190976K)->288K(181760K) Eden: 187904K(187904K)->0K(181248K) From: 672K(3072K)->288K(512K)
[457.843s][info][gc,heap        ] GC(888) ParOldGen: 382137K(382464K)->382153K(382464K)
[457.843s][info][gc,metaspace   ] GC(888) Metaspace: 57599K(57920K)->57599K(57920K) NonClass: 49304K(49536K)->49304K(49536K) Class: 8295K(8384K)->8295K(8384K)
[457.843s][info][gc             ] GC(888) Pause Young (Allocation Failure) 557M->373M(551M) 2.004ms
[457.843s][info][gc,cpu         ] GC(888) User=0.01s Sys=0.00s Real=0.00s
[458.216s][info][gc,start       ] GC(889) Pause Young (Allocation Failure)
[458.219s][info][gc,heap        ] GC(889) PSYoungGen: 181536K(181760K)->1534K(178176K) Eden: 181248K(181248K)->0K(175104K) From: 288K(512K)->1534K(3072K)
[458.219s][info][gc,heap        ] GC(889) ParOldGen: 382153K(382464K)->382169K(382464K)
[458.219s][info][gc,metaspace   ] GC(889) Metaspace: 57599K(57920K)->57599K(57920K) NonClass: 49304K(49536K)->49304K(49536K) Class: 8295K(8384K)->8295K(8384K)
[458.219s][info][gc             ] GC(889) Pause Young (Allocation Failure) 550M->374M(547M) 3.420ms
[458.219s][info][gc,cpu         ] GC(889) User=0.00s Sys=0.00s Real=0.00s
[458.694s][info][gc,start       ] GC(890) Pause Young (Allocation Failure)
[458.697s][info][gc,heap        ] GC(890) PSYoungGen: 176638K(178176K)->1129K(170496K) Eden: 175104K(175104K)->0K(168960K) From: 1534K(3072K)->1129K(1536K)
[458.697s][info][gc,heap        ] GC(890) ParOldGen: 382169K(382464K)->382185K(382464K)
[458.697s][info][gc,metaspace   ] GC(890) Metaspace: 57599K(57920K)->57599K(57920K) NonClass: 49304K(49536K)->49304K(49536K) Class: 8295K(8384K)->8295K(8384K)
[458.697s][info][gc             ] GC(890) Pause Young (Allocation Failure) 545M->374M(540M) 3.371ms
[458.697s][info][gc,cpu         ] GC(890) User=0.01s Sys=0.01s Real=0.01s
[459.107s][info][gc,start       ] GC(891) Pause Young (Allocation Failure)
[459.111s][info][gc,heap        ] GC(891) PSYoungGen: 170089K(170496K)->1600K(165376K) Eden: 168960K(168960K)->0K(163328K) From: 1129K(1536K)->1600K(2048K)
[459.111s][info][gc,heap        ] GC(891) ParOldGen: 382185K(382464K)->382201K(382464K)
[459.111s][info][gc,metaspace   ] GC(891) Metaspace: 57599K(57920K)->57599K(57920K) NonClass: 49304K(49536K)->49304K(49536K) Class: 8295K(8384K)->8295K(8384K)
[459.111s][info][gc             ] GC(891) Pause Young (Allocation Failure) 539M->374M(535M) 4.377ms
[459.111s][info][gc,cpu         ] GC(891) User=0.01s Sys=0.00s Real=0.00s
[459.509s][info][gc,start       ] GC(892) Pause Young (Allocation Failure)
[459.515s][info][gc,heap        ] GC(892) PSYoungGen: 164928K(165376K)->2974K(197632K) Eden: 163328K(163328K)->0K(194560K) From: 1600K(2048K)->2974K(3072K)
[459.515s][info][gc,heap        ] GC(892) ParOldGen: 382201K(382464K)->382217K(382464K)
[459.515s][info][gc,metaspace   ] GC(892) Metaspace: 57602K(57920K)->57602K(57920K) NonClass: 49306K(49536K)->49306K(49536K) Class: 8295K(8384K)->8295K(8384K)
[459.515s][info][gc             ] GC(892) Pause Young (Allocation Failure) 534M->376M(566M) 5.286ms
[459.515s][info][gc,cpu         ] GC(892) User=0.01s Sys=0.00s Real=0.00s
[460.016s][info][gc,start       ] GC(893) Pause Young (Allocation Failure)
[460.020s][info][gc,heap        ] GC(893) PSYoungGen: 197382K(197632K)->1536K(189440K) Eden: 194407K(194560K)->0K(187904K) From: 2974K(3072K)->1536K(1536K)
[460.020s][info][gc,heap        ] GC(893) ParOldGen: 382217K(382464K)->382233K(382464K)
[460.020s][info][gc,metaspace   ] GC(893) Metaspace: 57602K(57920K)->57602K(57920K) NonClass: 49306K(49536K)->49306K(49536K) Class: 8295K(8384K)->8295K(8384K)
[460.020s][info][gc             ] GC(893) Pause Young (Allocation Failure) 566M->374M(558M) 4.306ms
[460.020s][info][gc,cpu         ] GC(893) User=0.01s Sys=0.01s Real=0.01s
[460.501s][info][gc,start       ] GC(894) Pause Young (Allocation Failure)
[460.505s][info][gc,heap        ] GC(894) PSYoungGen: 189440K(189440K)->1439K(182784K) Eden: 187904K(187904K)->0K(181248K) From: 1536K(1536K)->1439K(1536K)
[460.505s][info][gc,heap        ] GC(894) ParOldGen: 382233K(382464K)->382249K(382464K)
[460.505s][info][gc,metaspace   ] GC(894) Metaspace: 57602K(57920K)->57602K(57920K) NonClass: 49306K(49536K)->49306K(49536K) Class: 8295K(8384K)->8295K(8384K)
[460.505s][info][gc             ] GC(894) Pause Young (Allocation Failure) 558M->374M(552M) 3.493ms
[460.505s][info][gc,cpu         ] GC(894) User=0.01s Sys=0.01s Real=0.00s
[460.977s][info][gc,start       ] GC(895) Pause Young (Allocation Failure)
[460.986s][info][gc,heap        ] GC(895) PSYoungGen: 182683K(182784K)->767K(218112K) Eden: 181243K(181248K)->0K(215040K) From: 1439K(1536K)->767K(3072K)
[460.986s][info][gc,heap        ] GC(895) ParOldGen: 382249K(382464K)->382265K(382464K)
[460.986s][info][gc,metaspace   ] GC(895) Metaspace: 57602K(57920K)->57602K(57920K) NonClass: 49306K(49536K)->49306K(49536K) Class: 8295K(8384K)->8295K(8384K)
[460.986s][info][gc             ] GC(895) Pause Young (Allocation Failure) 551M->374M(586M) 9.669ms
[460.986s][info][gc,cpu         ] GC(895) User=0.01s Sys=0.00s Real=0.01s
[461.524s][info][gc,start       ] GC(896) Pause Young (Allocation Failure)
[461.528s][info][gc,heap        ] GC(896) PSYoungGen: 215807K(218112K)->1023K(219136K) Eden: 215040K(215040K)->0K(216064K) From: 767K(3072K)->1023K(3072K)
[461.528s][info][gc,heap        ] GC(896) ParOldGen: 382265K(382464K)->382281K(382464K)
[461.528s][info][gc,metaspace   ] GC(896) Metaspace: 57602K(57920K)->57602K(57920K) NonClass: 49306K(49536K)->49306K(49536K) Class: 8295K(8384K)->8295K(8384K)
[461.528s][info][gc             ] GC(896) Pause Young (Allocation Failure) 584M->374M(587M) 4.250ms
[461.528s][info][gc,cpu         ] GC(896) User=0.01s Sys=0.00s Real=0.01s
[462.046s][info][gc,start       ] GC(897) Pause Young (Allocation Failure)
[462.048s][info][gc,heap        ] GC(897) PSYoungGen: 217087K(219136K)->926K(209408K) Eden: 216064K(216064K)->0K(208384K) From: 1023K(3072K)->926K(1024K)
[462.048s][info][gc,heap        ] GC(897) ParOldGen: 382281K(382464K)->382297K(382464K)
[462.048s][info][gc,metaspace   ] GC(897) Metaspace: 57602K(57920K)->57602K(57920K) NonClass: 49306K(49536K)->49306K(49536K) Class: 8295K(8384K)->8295K(8384K)
[462.048s][info][gc             ] GC(897) Pause Young (Allocation Failure) 585M->374M(578M) 2.728ms
[462.049s][info][gc,cpu         ] GC(897) User=0.00s Sys=0.00s Real=0.00s
[462.598s][info][gc,start       ] GC(898) Pause Young (Allocation Failure)
[462.602s][info][gc,heap        ] GC(898) PSYoungGen: 209065K(209408K)->1440K(202240K) Eden: 208138K(208384K)->0K(200704K) From: 926K(1024K)->1440K(1536K)
[462.602s][info][gc,heap        ] GC(898) ParOldGen: 382297K(382464K)->382313K(382464K)
[462.602s][info][gc,metaspace   ] GC(898) Metaspace: 57602K(57920K)->57602K(57920K) NonClass: 49306K(49536K)->49306K(49536K) Class: 8295K(8384K)->8295K(8384K)
[462.602s][info][gc             ] GC(898) Pause Young (Allocation Failure) 577M->374M(571M) 3.992ms
[462.602s][info][gc,cpu         ] GC(898) User=0.01s Sys=0.00s Real=0.00s
[463.203s][info][gc,start       ] GC(899) Pause Young (Allocation Failure)
[463.207s][info][gc,heap        ] GC(899) PSYoungGen: 202144K(202240K)->1951K(195584K) Eden: 200704K(200704K)->0K(193536K) From: 1440K(1536K)->1951K(2048K)
[463.207s][info][gc,heap        ] GC(899) ParOldGen: 382313K(382464K)->382329K(382464K)
[463.207s][info][gc,metaspace   ] GC(899) Metaspace: 57602K(57920K)->57602K(57920K) NonClass: 49306K(49536K)->49306K(49536K) Class: 8295K(8384K)->8295K(8384K)
[463.207s][info][gc             ] GC(899) Pause Young (Allocation Failure) 570M->375M(564M) 3.778ms
[463.207s][info][gc,cpu         ] GC(899) User=0.00s Sys=0.00s Real=0.01s
[463.699s][info][gc,start       ] GC(900) Pause Young (Allocation Failure)
[463.702s][info][gc,heap        ] GC(900) PSYoungGen: 195268K(195584K)->832K(187904K) Eden: 193316K(193536K)->0K(186880K) From: 1951K(2048K)->832K(1024K)
[463.702s][info][gc,heap        ] GC(900) ParOldGen: 382329K(382464K)->382345K(382464K)
[463.702s][info][gc,metaspace   ] GC(900) Metaspace: 57602K(57920K)->57602K(57920K) NonClass: 49306K(49536K)->49306K(49536K) Class: 8295K(8384K)->8295K(8384K)
[463.702s][info][gc             ] GC(900) Pause Young (Allocation Failure) 564M->374M(557M) 3.192ms
[463.702s][info][gc,cpu         ] GC(900) User=0.01s Sys=0.00s Real=0.00s
[464.187s][info][gc,start       ] GC(901) Pause Young (Allocation Failure)
[464.189s][info][gc,heap        ] GC(901) PSYoungGen: 187712K(187904K)->528K(181248K) Eden: 186880K(186880K)->0K(180224K) From: 832K(1024K)->528K(1024K)
[464.189s][info][gc,heap        ] GC(901) ParOldGen: 382345K(382464K)->382361K(382464K)
[464.189s][info][gc,metaspace   ] GC(901) Metaspace: 57602K(57920K)->57602K(57920K) NonClass: 49306K(49536K)->49306K(49536K) Class: 8295K(8384K)->8295K(8384K)
[464.189s][info][gc             ] GC(901) Pause Young (Allocation Failure) 556M->373M(550M) 2.150ms
[464.189s][info][gc,cpu         ] GC(901) User=0.00s Sys=0.00s Real=0.00s
[464.614s][info][gc,start       ] GC(902) Pause Young (Allocation Failure)
[464.618s][info][gc,heap        ] GC(902) PSYoungGen: 180752K(181248K)->1920K(176128K) Eden: 180224K(180224K)->0K(174080K) From: 528K(1024K)->1920K(2048K)
[464.618s][info][gc,heap        ] GC(902) ParOldGen: 382361K(382464K)->382377K(382464K)
[464.618s][info][gc,metaspace   ] GC(902) Metaspace: 57602K(57920K)->57602K(57920K) NonClass: 49306K(49536K)->49306K(49536K) Class: 8295K(8384K)->8295K(8384K)
[464.618s][info][gc             ] GC(902) Pause Young (Allocation Failure) 549M->375M(545M) 4.200ms
[464.618s][info][gc,cpu         ] GC(902) User=0.00s Sys=0.00s Real=0.01s
[465.089s][info][gc,start       ] GC(903) Pause Young (Allocation Failure)
[465.091s][info][gc,heap        ] GC(903) PSYoungGen: 176000K(176128K)->640K(169472K) Eden: 174080K(174080K)->0K(168448K) From: 1920K(2048K)->640K(1024K)
[465.091s][info][gc,heap        ] GC(903) ParOldGen: 382377K(382464K)->382393K(382464K)
[465.091s][info][gc,metaspace   ] GC(903) Metaspace: 57602K(57920K)->57602K(57920K) NonClass: 49306K(49536K)->49306K(49536K) Class: 8295K(8384K)->8295K(8384K)
[465.091s][info][gc             ] GC(903) Pause Young (Allocation Failure) 545M->374M(539M) 2.470ms
[465.091s][info][gc,cpu         ] GC(903) User=0.01s Sys=0.00s Real=0.00s
[465.504s][info][gc,start       ] GC(904) Pause Young (Allocation Failure)
[465.508s][info][gc,heap        ] GC(904) PSYoungGen: 169088K(169472K)->2015K(164864K) Eden: 168448K(168448K)->0K(162816K) From: 640K(1024K)->2015K(2048K)
[465.508s][info][gc,heap        ] GC(904) ParOldGen: 382393K(382464K)->382409K(382464K)
[465.508s][info][gc,metaspace   ] GC(904) Metaspace: 57602K(57920K)->57602K(57920K) NonClass: 49306K(49536K)->49306K(49536K) Class: 8295K(8384K)->8295K(8384K)
[465.508s][info][gc             ] GC(904) Pause Young (Allocation Failure) 538M->375M(534M) 3.942ms
[465.508s][info][gc,cpu         ] GC(904) User=0.01s Sys=0.00s Real=0.01s
[465.913s][info][gc,start       ] GC(905) Pause Young (Allocation Failure)
[465.917s][info][gc,heap        ] GC(905) PSYoungGen: 164831K(164864K)->2080K(160256K) Eden: 162816K(162816K)->0K(157696K) From: 2015K(2048K)->2080K(2560K)
[465.917s][info][gc,heap        ] GC(905) ParOldGen: 382409K(382464K)->382425K(382464K)
[465.917s][info][gc,metaspace   ] GC(905) Metaspace: 57602K(57920K)->57602K(57920K) NonClass: 49306K(49536K)->49306K(49536K) Class: 8295K(8384K)->8295K(8384K)
[465.918s][info][gc             ] GC(905) Pause Young (Allocation Failure) 534M->375M(530M) 4.469ms
[465.918s][info][gc,cpu         ] GC(905) User=0.01s Sys=0.00s Real=0.01s
[466.360s][info][gc,start       ] GC(906) Pause Young (Allocation Failure)
[466.363s][info][gc,heap        ] GC(906) PSYoungGen: 159683K(160256K)->832K(153600K) Eden: 157603K(157696K)->0K(152576K) From: 2080K(2560K)->832K(1024K)
[466.363s][info][gc,heap        ] GC(906) ParOldGen: 382425K(382464K)->382441K(382464K)
[466.363s][info][gc,metaspace   ] GC(906) Metaspace: 57602K(57920K)->57602K(57920K) NonClass: 49306K(49536K)->49306K(49536K) Class: 8295K(8384K)->8295K(8384K)
[466.363s][info][gc             ] GC(906) Pause Young (Allocation Failure) 529M->374M(523M) 2.906ms
[466.363s][info][gc,cpu         ] GC(906) User=0.00s Sys=0.00s Real=0.00s
[466.710s][info][gc,start       ] GC(907) Pause Young (Allocation Failure)
[466.714s][info][gc,heap        ] GC(907) PSYoungGen: 153352K(153600K)->1664K(149504K) Eden: 152520K(152576K)->0K(147456K) From: 832K(1024K)->1664K(2048K)
[466.714s][info][gc,heap        ] GC(907) ParOldGen: 382441K(382464K)->382457K(382464K)
[466.714s][info][gc,metaspace   ] GC(907) Metaspace: 57602K(57920K)->57602K(57920K) NonClass: 49306K(49536K)->49306K(49536K) Class: 8295K(8384K)->8295K(8384K)
[466.714s][info][gc             ] GC(907) Pause Young (Allocation Failure) 523M->375M(519M) 3.946ms
[466.714s][info][gc,cpu         ] GC(907) User=0.00s Sys=0.00s Real=0.00s
[467.098s][info][gc,start       ] GC(908) Pause Young (Allocation Failure)
[467.101s][info][gc,heap        ] GC(908) PSYoungGen: 148986K(149504K)->1088K(144384K) Eden: 147322K(147456K)->0K(142848K) From: 1664K(2048K)->1088K(1536K)
[467.101s][info][gc,heap        ] GC(908) ParOldGen: 382457K(382464K)->382473K(382976K)
[467.101s][info][gc,metaspace   ] GC(908) Metaspace: 57602K(57920K)->57602K(57920K) NonClass: 49306K(49536K)->49306K(49536K) Class: 8295K(8384K)->8295K(8384K)
[467.101s][info][gc             ] GC(908) Pause Young (Allocation Failure) 518M->374M(515M) 3.007ms
[467.101s][info][gc,cpu         ] GC(908) User=0.01s Sys=0.00s Real=0.00s
[467.484s][info][gc,start       ] GC(909) Pause Young (Allocation Failure)
[467.487s][info][gc,heap        ] GC(909) PSYoungGen: 143936K(144384K)->1023K(139264K) Eden: 142848K(142848K)->0K(138240K) From: 1088K(1536K)->1023K(1024K)
[467.487s][info][gc,heap        ] GC(909) ParOldGen: 382473K(382976K)->382489K(382976K)
[467.487s][info][gc,metaspace   ] GC(909) Metaspace: 57602K(57920K)->57602K(57920K) NonClass: 49306K(49536K)->49306K(49536K) Class: 8295K(8384K)->8295K(8384K)
[467.487s][info][gc             ] GC(909) Pause Young (Allocation Failure) 514M->374M(510M) 2.624ms
[467.487s][info][gc,cpu         ] GC(909) User=0.01s Sys=0.00s Real=0.01s
[467.806s][info][gc,start       ] GC(910) Pause Young (Allocation Failure)
[467.810s][info][gc,heap        ] GC(910) PSYoungGen: 139263K(139264K)->1951K(136192K) Eden: 138240K(138240K)->0K(134144K) From: 1023K(1024K)->1951K(2048K)
[467.810s][info][gc,heap        ] GC(910) ParOldGen: 382489K(382976K)->382505K(382976K)
[467.810s][info][gc,metaspace   ] GC(910) Metaspace: 57602K(57920K)->57602K(57920K) NonClass: 49306K(49536K)->49306K(49536K) Class: 8295K(8384K)->8295K(8384K)
[467.810s][info][gc             ] GC(910) Pause Young (Allocation Failure) 509M->375M(507M) 3.957ms
[467.810s][info][gc,cpu         ] GC(910) User=0.00s Sys=0.00s Real=0.00s
[468.126s][info][gc,start       ] GC(911) Pause Young (Allocation Failure)
[468.129s][info][gc,heap        ] GC(911) PSYoungGen: 136095K(136192K)->1535K(131584K) Eden: 134144K(134144K)->0K(130048K) From: 1951K(2048K)->1535K(1536K)
[468.129s][info][gc,heap        ] GC(911) ParOldGen: 382505K(382976K)->382521K(382976K)
[468.129s][info][gc,metaspace   ] GC(911) Metaspace: 57602K(57920K)->57602K(57920K) NonClass: 49306K(49536K)->49306K(49536K) Class: 8295K(8384K)->8295K(8384K)
[468.129s][info][gc             ] GC(911) Pause Young (Allocation Failure) 506M->375M(502M) 3.452ms
[468.129s][info][gc,cpu         ] GC(911) User=0.01s Sys=0.00s Real=0.00s
[468.527s][info][gc,start       ] GC(912) Pause Young (Allocation Failure)
[468.529s][info][gc,heap        ] GC(912) PSYoungGen: 131583K(131584K)->799K(126976K) Eden: 130048K(130048K)->0K(125952K) From: 1535K(1536K)->799K(1024K)
[468.529s][info][gc,heap        ] GC(912) ParOldGen: 382521K(382976K)->382537K(382976K)
[468.529s][info][gc,metaspace   ] GC(912) Metaspace: 57602K(57920K)->57602K(57920K) NonClass: 49306K(49536K)->49306K(49536K) Class: 8295K(8384K)->8295K(8384K)
[468.529s][info][gc             ] GC(912) Pause Young (Allocation Failure) 502M->374M(498M) 2.289ms
[468.529s][info][gc,cpu         ] GC(912) User=0.00s Sys=0.00s Real=0.00s
[468.803s][info][gc,start       ] GC(913) Pause Young (Allocation Failure)
[468.807s][info][gc,heap        ] GC(913) PSYoungGen: 126751K(126976K)->1759K(124416K) Eden: 125952K(125952K)->0K(122368K) From: 799K(1024K)->1759K(2048K)
[468.807s][info][gc,heap        ] GC(913) ParOldGen: 382537K(382976K)->382553K(382976K)
[468.807s][info][gc,metaspace   ] GC(913) Metaspace: 57602K(57920K)->57602K(57920K) NonClass: 49306K(49536K)->49306K(49536K) Class: 8295K(8384K)->8295K(8384K)
[468.807s][info][gc             ] GC(913) Pause Young (Allocation Failure) 497M->375M(495M) 3.516ms
[468.807s][info][gc,cpu         ] GC(913) User=0.01s Sys=0.00s Real=0.01s
[469.107s][info][gc,start       ] GC(914) Pause Young (Allocation Failure)
[469.111s][info][gc,heap        ] GC(914) PSYoungGen: 124127K(124416K)->1536K(147456K) Eden: 122368K(122368K)->0K(145920K) From: 1759K(2048K)->1536K(1536K)
[469.111s][info][gc,heap        ] GC(914) ParOldGen: 382553K(382976K)->382569K(382976K)
[469.111s][info][gc,metaspace   ] GC(914) Metaspace: 57602K(57920K)->57602K(57920K) NonClass: 49306K(49536K)->49306K(49536K) Class: 8295K(8384K)->8295K(8384K)
[469.111s][info][gc             ] GC(914) Pause Young (Allocation Failure) 494M->375M(518M) 4.027ms
[469.111s][info][gc,cpu         ] GC(914) User=0.01s Sys=0.00s Real=0.00s
[469.498s][info][gc,start       ] GC(915) Pause Young (Allocation Failure)
[469.501s][info][gc,heap        ] GC(915) PSYoungGen: 147456K(147456K)->1567K(143360K) Eden: 145920K(145920K)->0K(141312K) From: 1536K(1536K)->1567K(2048K)
[469.501s][info][gc,heap        ] GC(915) ParOldGen: 382569K(382976K)->382585K(382976K)
[469.501s][info][gc,metaspace   ] GC(915) Metaspace: 57602K(57920K)->57602K(57920K) NonClass: 49306K(49536K)->49306K(49536K) Class: 8295K(8384K)->8295K(8384K)
[469.501s][info][gc             ] GC(915) Pause Young (Allocation Failure) 517M->375M(514M) 3.199ms
[469.501s][info][gc,cpu         ] GC(915) User=0.00s Sys=0.00s Real=0.00s
[469.827s][info][gc,start       ] GC(916) Pause Young (Allocation Failure)
[469.830s][info][gc,heap        ] GC(916) PSYoungGen: 142879K(143360K)->1599K(138752K) Eden: 141312K(141312K)->0K(136704K) From: 1567K(2048K)->1599K(2048K)
[469.830s][info][gc,heap        ] GC(916) ParOldGen: 382585K(382976K)->382601K(382976K)
[469.830s][info][gc,metaspace   ] GC(916) Metaspace: 57602K(57920K)->57602K(57920K) NonClass: 49306K(49536K)->49306K(49536K) Class: 8295K(8384K)->8295K(8384K)
[469.830s][info][gc             ] GC(916) Pause Young (Allocation Failure) 513M->375M(509M) 3.269ms
[469.830s][info][gc,cpu         ] GC(916) User=0.01s Sys=0.00s Real=0.00s
[470.203s][info][gc,start       ] GC(917) Pause Young (Allocation Failure)
[470.206s][info][gc,heap        ] GC(917) PSYoungGen: 138303K(138752K)->1344K(134144K) Eden: 136704K(136704K)->0K(132608K) From: 1599K(2048K)->1344K(1536K)
[470.206s][info][gc,heap        ] GC(917) ParOldGen: 382601K(382976K)->382617K(382976K)
[470.206s][info][gc,metaspace   ] GC(917) Metaspace: 57602K(57920K)->57602K(57920K) NonClass: 49306K(49536K)->49306K(49536K) Class: 8295K(8384K)->8295K(8384K)
[470.206s][info][gc             ] GC(917) Pause Young (Allocation Failure) 508M->374M(505M) 3.360ms
[470.206s][info][gc,cpu         ] GC(917) User=0.01s Sys=0.00s Real=0.01s
[470.524s][info][gc,start       ] GC(918) Pause Young (Allocation Failure)
[470.529s][info][gc,heap        ] GC(918) PSYoungGen: 133952K(134144K)->1920K(160256K) Eden: 132608K(132608K)->0K(158208K) From: 1344K(1536K)->1920K(2048K)
[470.529s][info][gc,heap        ] GC(918) ParOldGen: 382617K(382976K)->383272K(383488K)
[470.529s][info][gc,metaspace   ] GC(918) Metaspace: 57602K(57920K)->57602K(57920K) NonClass: 49306K(49536K)->49306K(49536K) Class: 8295K(8384K)->8295K(8384K)
[470.529s][info][gc             ] GC(918) Pause Young (Allocation Failure) 504M->376M(531M) 4.439ms
[470.529s][info][gc,cpu         ] GC(918) User=0.01s Sys=0.00s Real=0.01s
[470.917s][info][gc,start       ] GC(919) Pause Young (Allocation Failure)
[470.922s][info][gc,heap        ] GC(919) PSYoungGen: 160128K(160256K)->2431K(190976K) Eden: 158208K(158208K)->0K(188416K) From: 1920K(2048K)->2431K(2560K)
[470.922s][info][gc,heap        ] GC(919) ParOldGen: 383272K(383488K)->383288K(383488K)
[470.922s][info][gc,metaspace   ] GC(919) Metaspace: 57602K(57920K)->57602K(57920K) NonClass: 49306K(49536K)->49306K(49536K) Class: 8295K(8384K)->8295K(8384K)
[470.922s][info][gc             ] GC(919) Pause Young (Allocation Failure) 530M->376M(561M) 4.343ms
[470.922s][info][gc,cpu         ] GC(919) User=0.01s Sys=0.00s Real=0.00s
[471.438s][info][gc,start       ] GC(920) Pause Young (Allocation Failure)
[471.450s][info][gc,heap        ] GC(920) PSYoungGen: 190774K(190976K)->1536K(190976K) Eden: 188343K(188416K)->0K(189440K) From: 2431K(2560K)->1536K(1536K)
[471.450s][info][gc,heap        ] GC(920) ParOldGen: 383288K(383488K)->385016K(385024K)
[471.450s][info][gc,metaspace   ] GC(920) Metaspace: 57602K(57920K)->57602K(57920K) NonClass: 49306K(49536K)->49306K(49536K) Class: 8295K(8384K)->8295K(8384K)
[471.450s][info][gc             ] GC(920) Pause Young (Allocation Failure) 560M->377M(562M) 11.894ms
[471.450s][info][gc,cpu         ] GC(920) User=0.01s Sys=0.01s Real=0.01s
[471.903s][info][gc,start       ] GC(921) Pause Young (Allocation Failure)
[471.909s][info][gc,heap        ] GC(921) PSYoungGen: 190976K(190976K)->2239K(193024K) Eden: 189440K(189440K)->0K(189440K) From: 1536K(1536K)->2239K(3584K)
[471.909s][info][gc,heap        ] GC(921) ParOldGen: 385016K(385024K)->386544K(386560K)
[471.909s][info][gc,metaspace   ] GC(921) Metaspace: 57602K(57920K)->57602K(57920K) NonClass: 49306K(49536K)->49306K(49536K) Class: 8295K(8384K)->8295K(8384K)
[471.909s][info][gc             ] GC(921) Pause Young (Allocation Failure) 562M->379M(566M) 6.053ms
[471.909s][info][gc,cpu         ] GC(921) User=0.01s Sys=0.01s Real=0.01s
[472.406s][info][gc,start       ] GC(922) Pause Young (Allocation Failure)
[472.410s][info][gc,heap        ] GC(922) PSYoungGen: 191679K(193024K)->1790K(228864K) Eden: 189440K(189440K)->0K(225792K) From: 2239K(3584K)->1790K(3072K)
[472.410s][info][gc,heap        ] GC(922) ParOldGen: 386544K(386560K)->386943K(387072K)
[472.410s][info][gc,metaspace   ] GC(922) Metaspace: 57602K(57920K)->57602K(57920K) NonClass: 49306K(49536K)->49306K(49536K) Class: 8295K(8384K)->8295K(8384K)
[472.410s][info][gc             ] GC(922) Pause Young (Allocation Failure) 564M->379M(601M) 4.463ms
[472.410s][info][gc,cpu         ] GC(922) User=0.01s Sys=0.00s Real=0.00s
[472.954s][info][gc,start       ] GC(923) Pause Young (Allocation Failure)
[472.956s][info][gc,heap        ] GC(923) PSYoungGen: 227582K(228864K)->288K(229376K) Eden: 225792K(225792K)->0K(225792K) From: 1790K(3072K)->288K(3584K)
[472.956s][info][gc,heap        ] GC(923) ParOldGen: 386943K(387072K)->386959K(387072K)
[472.956s][info][gc,metaspace   ] GC(923) Metaspace: 57602K(57920K)->57602K(57920K) NonClass: 49306K(49536K)->49306K(49536K) Class: 8295K(8384K)->8295K(8384K)
[472.956s][info][gc             ] GC(923) Pause Young (Allocation Failure) 600M->378M(602M) 2.154ms
[472.956s][info][gc,cpu         ] GC(923) User=0.01s Sys=0.00s Real=0.01s
[473.534s][info][gc,start       ] GC(924) Pause Young (Allocation Failure)
[473.538s][info][gc,heap        ] GC(924) PSYoungGen: 226080K(229376K)->2047K(219648K) Eden: 225792K(225792K)->0K(217600K) From: 288K(3584K)->2047K(2048K)
[473.538s][info][gc,heap        ] GC(924) ParOldGen: 386959K(387072K)->386975K(387072K)
[473.538s][info][gc,metaspace   ] GC(924) Metaspace: 57602K(57920K)->57602K(57920K) NonClass: 49306K(49536K)->49306K(49536K) Class: 8295K(8384K)->8295K(8384K)
[473.538s][info][gc             ] GC(924) Pause Young (Allocation Failure) 598M->379M(592M) 4.608ms
[473.538s][info][gc,cpu         ] GC(924) User=0.00s Sys=0.00s Real=0.01s
[474.099s][info][gc,start       ] GC(925) Pause Young (Allocation Failure)
[474.103s][info][gc,heap        ] GC(925) PSYoungGen: 219527K(219648K)->1408K(211456K) Eden: 217479K(217600K)->0K(209920K) From: 2047K(2048K)->1408K(1536K)
[474.103s][info][gc,heap        ] GC(925) ParOldGen: 386975K(387072K)->386991K(387072K)
[474.103s][info][gc,metaspace   ] GC(925) Metaspace: 57602K(57920K)->57602K(57920K) NonClass: 49306K(49536K)->49306K(49536K) Class: 8295K(8384K)->8295K(8384K)
[474.103s][info][gc             ] GC(925) Pause Young (Allocation Failure) 592M->379M(584M) 4.003ms
[474.103s][info][gc,cpu         ] GC(925) User=0.00s Sys=0.00s Real=0.00s
[474.767s][info][gc,start       ] GC(926) Pause Young (Allocation Failure)
[474.773s][info][gc,heap        ] GC(926) PSYoungGen: 211328K(211456K)->2782K(205312K) Eden: 209920K(209920K)->0K(202240K) From: 1408K(1536K)->2782K(3072K)
[474.773s][info][gc,heap        ] GC(926) ParOldGen: 386991K(387072K)->387007K(387072K)
[474.773s][info][gc,metaspace   ] GC(926) Metaspace: 57602K(57920K)->57602K(57920K) NonClass: 49306K(49536K)->49306K(49536K) Class: 8295K(8384K)->8295K(8384K)
[474.773s][info][gc             ] GC(926) Pause Young (Allocation Failure) 584M->380M(578M) 5.750ms
[474.773s][info][gc,cpu         ] GC(926) User=0.01s Sys=0.00s Real=0.00s
[475.227s][info][gc,start       ] GC(927) Pause Young (Allocation Failure)
[475.231s][info][gc,heap        ] GC(927) PSYoungGen: 205022K(205312K)->1854K(197120K) Eden: 202240K(202240K)->0K(195072K) From: 2782K(3072K)->1854K(2048K)
[475.231s][info][gc,heap        ] GC(927) ParOldGen: 387007K(387072K)->387023K(387072K)
[475.231s][info][gc,metaspace   ] GC(927) Metaspace: 57602K(57920K)->57602K(57920K) NonClass: 49306K(49536K)->49306K(49536K) Class: 8295K(8384K)->8295K(8384K)
[475.231s][info][gc             ] GC(927) Pause Young (Allocation Failure) 578M->379M(570M) 4.307ms
[475.232s][info][gc,cpu         ] GC(927) User=0.00s Sys=0.00s Real=0.00s
[475.724s][info][gc,start       ] GC(928) Pause Young (Allocation Failure)
[475.728s][info][gc,heap        ] GC(928) PSYoungGen: 196926K(197120K)->1663K(190464K) Eden: 195072K(195072K)->0K(188416K) From: 1854K(2048K)->1663K(2048K)
[475.728s][info][gc,heap        ] GC(928) ParOldGen: 387023K(387072K)->387039K(387072K)
[475.728s][info][gc,metaspace   ] GC(928) Metaspace: 57602K(57920K)->57602K(57920K) NonClass: 49306K(49536K)->49306K(49536K) Class: 8295K(8384K)->8295K(8384K)
[475.728s][info][gc             ] GC(928) Pause Young (Allocation Failure) 570M->379M(564M) 3.631ms
[475.728s][info][gc,cpu         ] GC(928) User=0.00s Sys=0.00s Real=0.01s
[476.216s][info][gc,start       ] GC(929) Pause Young (Allocation Failure)
[476.220s][info][gc,heap        ] GC(929) PSYoungGen: 190079K(190464K)->1376K(183296K) Eden: 188416K(188416K)->0K(181760K) From: 1663K(2048K)->1376K(1536K)
[476.220s][info][gc,heap        ] GC(929) ParOldGen: 387039K(387072K)->387055K(387072K)
[476.220s][info][gc,metaspace   ] GC(929) Metaspace: 57602K(57920K)->57602K(57920K) NonClass: 49306K(49536K)->49306K(49536K) Class: 8295K(8384K)->8295K(8384K)
[476.220s][info][gc             ] GC(929) Pause Young (Allocation Failure) 563M->379M(557M) 4.460ms
[476.220s][info][gc,cpu         ] GC(929) User=0.01s Sys=0.01s Real=0.00s
[476.700s][info][gc,start       ] GC(930) Pause Young (Allocation Failure)
[476.704s][info][gc,heap        ] GC(930) PSYoungGen: 183136K(183296K)->1726K(177664K) Eden: 181760K(181760K)->0K(175616K) From: 1376K(1536K)->1726K(2048K)
[476.704s][info][gc,heap        ] GC(930) ParOldGen: 387055K(387072K)->387071K(387072K)
[476.704s][info][gc,metaspace   ] GC(930) Metaspace: 57602K(57920K)->57602K(57920K) NonClass: 49306K(49536K)->49306K(49536K) Class: 8295K(8384K)->8295K(8384K)
[476.704s][info][gc             ] GC(930) Pause Young (Allocation Failure) 556M->379M(551M) 3.686ms
[476.704s][info][gc,cpu         ] GC(930) User=0.01s Sys=0.00s Real=0.00s
[477.121s][info][gc,start       ] GC(931) Pause Young (Allocation Failure)
[477.125s][info][gc,heap        ] GC(931) PSYoungGen: 177342K(177664K)->2462K(172032K) Eden: 175616K(175616K)->0K(169472K) From: 1726K(2048K)->2462K(2560K)
[477.125s][info][gc,heap        ] GC(931) ParOldGen: 387071K(387072K)->387087K(387584K)
[477.125s][info][gc,metaspace   ] GC(931) Metaspace: 57602K(57920K)->57602K(57920K) NonClass: 49306K(49536K)->49306K(49536K) Class: 8295K(8384K)->8295K(8384K)
[477.126s][info][gc             ] GC(931) Pause Young (Allocation Failure) 551M->380M(546M) 4.926ms
[477.126s][info][gc,cpu         ] GC(931) User=0.01s Sys=0.00s Real=0.00s
[477.588s][info][gc,start       ] GC(932) Pause Young (Allocation Failure)
[477.591s][info][gc,heap        ] GC(932) PSYoungGen: 171934K(172032K)->574K(164864K) Eden: 169472K(169472K)->0K(163840K) From: 2462K(2560K)->574K(1024K)
[477.591s][info][gc,heap        ] GC(932) ParOldGen: 387087K(387584K)->387103K(387584K)
[477.591s][info][gc,metaspace   ] GC(932) Metaspace: 57602K(57920K)->57602K(57920K) NonClass: 49306K(49536K)->49306K(49536K) Class: 8295K(8384K)->8295K(8384K)
[477.591s][info][gc             ] GC(932) Pause Young (Allocation Failure) 545M->378M(539M) 2.259ms
[477.591s][info][gc,cpu         ] GC(932) User=0.00s Sys=0.00s Real=0.00s
[478.038s][info][gc,start       ] GC(933) Pause Young (Allocation Failure)
[478.041s][info][gc,heap        ] GC(933) PSYoungGen: 164414K(164864K)->1342K(159744K) Eden: 163840K(163840K)->0K(158208K) From: 574K(1024K)->1342K(1536K)
[478.041s][info][gc,heap        ] GC(933) ParOldGen: 387103K(387584K)->387119K(387584K)
[478.041s][info][gc,metaspace   ] GC(933) Metaspace: 57602K(57920K)->57602K(57920K) NonClass: 49306K(49536K)->49306K(49536K) Class: 8295K(8384K)->8295K(8384K)
[478.041s][info][gc             ] GC(933) Pause Young (Allocation Failure) 538M->379M(534M) 3.197ms
[478.041s][info][gc,cpu         ] GC(933) User=0.00s Sys=0.00s Real=0.00s
[478.398s][info][gc,start       ] GC(934) Pause Young (Allocation Failure)
[478.401s][info][gc,heap        ] GC(934) PSYoungGen: 159550K(159744K)->1471K(154624K) Eden: 158208K(158208K)->0K(153088K) From: 1342K(1536K)->1471K(1536K)
[478.401s][info][gc,heap        ] GC(934) ParOldGen: 387119K(387584K)->387135K(387584K)
[478.401s][info][gc,metaspace   ] GC(934) Metaspace: 57602K(57920K)->57602K(57920K) NonClass: 49306K(49536K)->49306K(49536K) Class: 8295K(8384K)->8295K(8384K)
[478.401s][info][gc             ] GC(934) Pause Young (Allocation Failure) 533M->379M(529M) 3.397ms
[478.401s][info][gc,cpu         ] GC(934) User=0.00s Sys=0.00s Real=0.00s
[478.825s][info][gc,start       ] GC(935) Pause Young (Allocation Failure)
[478.832s][info][gc,heap        ] GC(935) PSYoungGen: 154559K(154624K)->1566K(184320K) Eden: 153088K(153088K)->0K(182272K) From: 1471K(1536K)->1566K(2048K)
[478.832s][info][gc,heap        ] GC(935) ParOldGen: 387135K(387584K)->387151K(387584K)
[478.832s][info][gc,metaspace   ] GC(935) Metaspace: 57602K(57920K)->57602K(57920K) NonClass: 49306K(49536K)->49306K(49536K) Class: 8295K(8384K)->8295K(8384K)
[478.832s][info][gc             ] GC(935) Pause Young (Allocation Failure) 528M->379M(558M) 7.601ms
[478.832s][info][gc,cpu         ] GC(935) User=0.00s Sys=0.00s Real=0.01s
[479.220s][info][gc,start       ] GC(936) Pause Young (Allocation Failure)
[479.227s][info][gc,heap        ] GC(936) PSYoungGen: 183838K(184320K)->3057K(220672K) Eden: 182272K(182272K)->0K(217600K) From: 1566K(2048K)->3057K(3072K)
[479.227s][info][gc,heap        ] GC(936) ParOldGen: 387151K(387584K)->390233K(390656K)
[479.227s][info][gc,metaspace   ] GC(936) Metaspace: 57602K(57920K)->57602K(57920K) NonClass: 49306K(49536K)->49306K(49536K) Class: 8295K(8384K)->8295K(8384K)
[479.227s][info][gc             ] GC(936) Pause Young (Allocation Failure) 557M->384M(597M) 7.188ms
[479.227s][info][gc,cpu         ] GC(936) User=0.01s Sys=0.01s Real=0.01s
[479.824s][info][gc,start       ] GC(937) Pause Young (Allocation Failure)
[479.873s][info][gc,heap        ] GC(937) PSYoungGen: 220657K(220672K)->2271K(256000K) Eden: 217600K(217600K)->0K(251392K) From: 3057K(3072K)->2271K(4608K)
[479.873s][info][gc,heap        ] GC(937) ParOldGen: 390233K(390656K)->393274K(393728K)
[479.873s][info][gc,metaspace   ] GC(937) Metaspace: 57602K(57920K)->57602K(57920K) NonClass: 49306K(49536K)->49306K(49536K) Class: 8295K(8384K)->8295K(8384K)
[479.873s][info][gc             ] GC(937) Pause Young (Allocation Failure) 596M->386M(634M) 48.936ms
[479.873s][info][gc,cpu         ] GC(937) User=0.02s Sys=0.00s Real=0.05s
[480.440s][info][gc,start       ] GC(938) Pause Young (Allocation Failure)
[480.444s][info][gc,heap        ] GC(938) PSYoungGen: 253663K(256000K)->2384K(265216K) Eden: 251392K(251392K)->0K(260608K) From: 2271K(4608K)->2384K(4608K)
[480.444s][info][gc,heap        ] GC(938) ParOldGen: 393274K(393728K)->393322K(393728K)
[480.444s][info][gc,metaspace   ] GC(938) Metaspace: 57602K(57920K)->57602K(57920K) NonClass: 49306K(49536K)->49306K(49536K) Class: 8295K(8384K)->8295K(8384K)
[480.444s][info][gc             ] GC(938) Pause Young (Allocation Failure) 631M->386M(643M) 4.354ms
[480.444s][info][gc,cpu         ] GC(938) User=0.01s Sys=0.00s Real=0.00s
[481.110s][info][gc,start       ] GC(939) Pause Young (Allocation Failure)
[481.116s][info][gc,heap        ] GC(939) PSYoungGen: 262944K(265216K)->2272K(265216K) Eden: 260560K(260608K)->0K(260608K) From: 2384K(4608K)->2272K(4608K)
[481.116s][info][gc,heap        ] GC(939) ParOldGen: 393322K(393728K)->394299K(394752K)
[481.116s][info][gc,metaspace   ] GC(939) Metaspace: 57602K(57920K)->57602K(57920K) NonClass: 49306K(49536K)->49306K(49536K) Class: 8295K(8384K)->8295K(8384K)
[481.116s][info][gc             ] GC(939) Pause Young (Allocation Failure) 640M->387M(644M) 5.867ms
[481.116s][info][gc,cpu         ] GC(939) User=0.01s Sys=0.00s Real=0.01s
[481.842s][info][gc,start       ] GC(940) Pause Young (Allocation Failure)
[481.845s][info][gc,heap        ] GC(940) PSYoungGen: 262880K(265216K)->595K(314880K) Eden: 260608K(260608K)->0K(311296K) From: 2272K(4608K)->595K(3584K)
[481.845s][info][gc,heap        ] GC(940) ParOldGen: 394299K(394752K)->394315K(394752K)
[481.845s][info][gc,metaspace   ] GC(940) Metaspace: 57602K(57920K)->57602K(57920K) NonClass: 49306K(49536K)->49306K(49536K) Class: 8295K(8384K)->8295K(8384K)
[481.845s][info][gc             ] GC(940) Pause Young (Allocation Failure) 641M->385M(693M) 2.581ms
[481.845s][info][gc,cpu         ] GC(940) User=0.00s Sys=0.00s Real=0.00s
[484.534s][info][gc,start       ] GC(941) Pause Young (Allocation Failure)
[484.615s][info][gc,heap        ] GC(941) PSYoungGen: 311867K(314880K)->4088K(315392K) Eden: 311271K(311296K)->0K(311296K) From: 595K(3584K)->4088K(4096K)
[484.616s][info][gc,heap        ] GC(941) ParOldGen: 394315K(394752K)->496362K(496640K)
[484.616s][info][gc,metaspace   ] GC(941) Metaspace: 57770K(58112K)->57770K(58112K) NonClass: 49474K(49728K)->49474K(49728K) Class: 8295K(8384K)->8295K(8384K)
[484.616s][info][gc             ] GC(941) Pause Young (Allocation Failure) 689M->488M(793M) 81.610ms
[484.616s][info][gc,cpu         ] GC(941) User=0.08s Sys=0.07s Real=0.08s
[485.203s][info][gc,start       ] GC(942) Pause Young (Allocation Failure)
[485.235s][info][gc,heap        ] GC(942) PSYoungGen: 315384K(315392K)->17333K(269312K) Eden: 311296K(311296K)->0K(250880K) From: 4088K(4096K)->17333K(18432K)
[485.235s][info][gc,heap        ] GC(942) ParOldGen: 496362K(496640K)->500431K(500736K)
[485.235s][info][gc,metaspace   ] GC(942) Metaspace: 57770K(58112K)->57770K(58112K) NonClass: 49474K(49728K)->49474K(49728K) Class: 8295K(8384K)->8295K(8384K)
[485.235s][info][gc             ] GC(942) Pause Young (Allocation Failure) 792M->505M(752M) 32.137ms
[485.235s][info][gc,cpu         ] GC(942) User=0.05s Sys=0.02s Real=0.03s
[485.826s][info][gc,start       ] GC(943) Pause Young (Allocation Failure)
[485.844s][info][gc,heap        ] GC(943) PSYoungGen: 268213K(269312K)->1791K(292352K) Eden: 250880K(250880K)->0K(250880K) From: 17333K(18432K)->1791K(41472K)
[485.844s][info][gc,heap        ] GC(943) ParOldGen: 500431K(500736K)->515885K(516096K)
[485.844s][info][gc,metaspace   ] GC(943) Metaspace: 57770K(58112K)->57770K(58112K) NonClass: 49474K(49728K)->49474K(49728K) Class: 8295K(8384K)->8295K(8384K)
[485.844s][info][gc             ] GC(943) Pause Young (Allocation Failure) 750M->505M(789M) 18.240ms
[485.844s][info][gc,cpu         ] GC(943) User=0.02s Sys=0.01s Real=0.01s
[486.496s][info][gc,start       ] GC(944) Pause Young (Allocation Failure)
[486.499s][info][gc,heap        ] GC(944) PSYoungGen: 252625K(292352K)->1088K(289280K) Eden: 250834K(250880K)->0K(251904K) From: 1791K(41472K)->1088K(37376K)
[486.499s][info][gc,heap        ] GC(944) ParOldGen: 515885K(516096K)->515901K(516096K)
[486.499s][info][gc,metaspace   ] GC(944) Metaspace: 57770K(58112K)->57770K(58112K) NonClass: 49474K(49728K)->49474K(49728K) Class: 8295K(8384K)->8295K(8384K)
[486.499s][info][gc             ] GC(944) Pause Young (Allocation Failure) 750M->504M(786M) 3.376ms
[486.499s][info][gc,cpu         ] GC(944) User=0.01s Sys=0.01s Real=0.00s
[487.123s][info][gc,start       ] GC(945) Pause Young (Allocation Failure)
[487.128s][info][gc,heap        ] GC(945) PSYoungGen: 252877K(289280K)->1824K(291328K) Eden: 251789K(251904K)->0K(251904K) From: 1088K(37376K)->1824K(39424K)
[487.128s][info][gc,heap        ] GC(945) ParOldGen: 515901K(516096K)->515917K(516096K)
[487.128s][info][gc,metaspace   ] GC(945) Metaspace: 57772K(58112K)->57772K(58112K) NonClass: 49476K(49728K)->49476K(49728K) Class: 8295K(8384K)->8295K(8384K)
[487.128s][info][gc             ] GC(945) Pause Young (Allocation Failure) 750M->505M(788M) 4.408ms
[487.128s][info][gc,cpu         ] GC(945) User=0.01s Sys=0.00s Real=0.01s
[487.797s][info][gc,start       ] GC(946) Pause Young (Allocation Failure)
[487.800s][info][gc,heap        ] GC(946) PSYoungGen: 253728K(291328K)->1221K(290304K) Eden: 251904K(251904K)->0K(256000K) From: 1824K(39424K)->1221K(34304K)
[487.800s][info][gc,heap        ] GC(946) ParOldGen: 515917K(516096K)->515933K(516096K)
[487.801s][info][gc,metaspace   ] GC(946) Metaspace: 57772K(58112K)->57772K(58112K) NonClass: 49476K(49728K)->49476K(49728K) Class: 8295K(8384K)->8295K(8384K)
[487.801s][info][gc             ] GC(946) Pause Young (Allocation Failure) 751M->505M(787M) 3.377ms
[487.801s][info][gc,cpu         ] GC(946) User=0.01s Sys=0.00s Real=0.00s
[488.426s][info][gc,start       ] GC(947) Pause Young (Allocation Failure)
[488.429s][info][gc,heap        ] GC(947) PSYoungGen: 257172K(290304K)->1280K(292864K) Eden: 255950K(256000K)->0K(256000K) From: 1221K(34304K)->1280K(36864K)
[488.429s][info][gc,heap        ] GC(947) ParOldGen: 515933K(516096K)->515949K(516096K)
[488.429s][info][gc,metaspace   ] GC(947) Metaspace: 57772K(58112K)->57772K(58112K) NonClass: 49476K(49728K)->49476K(49728K) Class: 8295K(8384K)->8295K(8384K)
[488.429s][info][gc             ] GC(947) Pause Young (Allocation Failure) 754M->505M(790M) 3.643ms
[488.429s][info][gc,cpu         ] GC(947) User=0.00s Sys=0.00s Real=0.00s
[489.101s][info][gc,start       ] GC(948) Pause Young (Allocation Failure)
[489.104s][info][gc,heap        ] GC(948) PSYoungGen: 257003K(292864K)->1472K(292864K) Eden: 255723K(256000K)->0K(261632K) From: 1280K(36864K)->1472K(31232K)
[489.104s][info][gc,heap        ] GC(948) ParOldGen: 515949K(516096K)->515965K(516096K)
[489.104s][info][gc,metaspace   ] GC(948) Metaspace: 57772K(58112K)->57772K(58112K) NonClass: 49476K(49728K)->49476K(49728K) Class: 8295K(8384K)->8295K(8384K)
[489.104s][info][gc             ] GC(948) Pause Young (Allocation Failure) 754M->505M(790M) 3.823ms
[489.105s][info][gc,cpu         ] GC(948) User=0.00s Sys=0.00s Real=0.00s
[489.789s][info][gc,start       ] GC(949) Pause Young (Allocation Failure)
[489.792s][info][gc,heap        ] GC(949) PSYoungGen: 263104K(292864K)->576K(252928K) Eden: 261632K(261632K)->0K(251904K) From: 1472K(31232K)->576K(1024K)
[489.792s][info][gc,heap        ] GC(949) ParOldGen: 515965K(516096K)->515981K(516096K)
[489.792s][info][gc,metaspace   ] GC(949) Metaspace: 57772K(58112K)->57772K(58112K) NonClass: 49476K(49728K)->49476K(49728K) Class: 8295K(8384K)->8295K(8384K)
[489.792s][info][gc             ] GC(949) Pause Young (Allocation Failure) 760M->504M(751M) 3.432ms
[489.792s][info][gc,cpu         ] GC(949) User=0.01s Sys=0.01s Real=0.00s
[490.414s][info][gc,start       ] GC(950) Pause Young (Allocation Failure)
[490.419s][info][gc,heap        ] GC(950) PSYoungGen: 252392K(252928K)->1888K(261632K) Eden: 251816K(251904K)->0K(242176K) From: 576K(1024K)->1888K(19456K)
[490.419s][info][gc,heap        ] GC(950) ParOldGen: 515981K(516096K)->515997K(516096K)
[490.419s][info][gc,metaspace   ] GC(950) Metaspace: 57772K(58112K)->57772K(58112K) NonClass: 49476K(49728K)->49476K(49728K) Class: 8295K(8384K)->8295K(8384K)
[490.419s][info][gc             ] GC(950) Pause Young (Allocation Failure) 750M->505M(759M) 5.400ms
[490.419s][info][gc,cpu         ] GC(950) User=0.00s Sys=0.01s Real=0.01s
[491.024s][info][gc,start       ] GC(951) Pause Young (Allocation Failure)
[491.029s][info][gc,heap        ] GC(951) PSYoungGen: 244064K(261632K)->1664K(235008K) Eden: 242176K(242176K)->0K(232960K) From: 1888K(19456K)->1664K(2048K)
[491.029s][info][gc,heap        ] GC(951) ParOldGen: 515997K(516096K)->516013K(516096K)
[491.029s][info][gc,metaspace   ] GC(951) Metaspace: 57772K(58112K)->57772K(58112K) NonClass: 49476K(49728K)->49476K(49728K) Class: 8295K(8384K)->8295K(8384K)
[491.029s][info][gc             ] GC(951) Pause Young (Allocation Failure) 742M->505M(733M) 5.124ms
[491.029s][info][gc,cpu         ] GC(951) User=0.01s Sys=0.01s Real=0.01s
[491.615s][info][gc,start       ] GC(952) Pause Young (Allocation Failure)
[491.621s][info][gc,heap        ] GC(952) PSYoungGen: 234624K(235008K)->2272K(241664K) Eden: 232960K(232960K)->0K(224256K) From: 1664K(2048K)->2272K(17408K)
[491.621s][info][gc,heap        ] GC(952) ParOldGen: 516013K(516096K)->516029K(516096K)
[491.621s][info][gc,metaspace   ] GC(952) Metaspace: 57772K(58112K)->57772K(58112K) NonClass: 49476K(49728K)->49476K(49728K) Class: 8295K(8384K)->8295K(8384K)
[491.621s][info][gc             ] GC(952) Pause Young (Allocation Failure) 733M->506M(740M) 5.861ms
[491.621s][info][gc,cpu         ] GC(952) User=0.01s Sys=0.00s Real=0.01s
[492.208s][info][gc,start       ] GC(953) Pause Young (Allocation Failure)
[492.213s][info][gc,heap        ] GC(953) PSYoungGen: 226528K(241664K)->1792K(218112K) Eden: 224256K(224256K)->0K(216064K) From: 2272K(17408K)->1792K(2048K)
[492.213s][info][gc,heap        ] GC(953) ParOldGen: 516029K(516096K)->516045K(516096K)
[492.213s][info][gc,metaspace   ] GC(953) Metaspace: 57772K(58112K)->57772K(58112K) NonClass: 49476K(49728K)->49476K(49728K) Class: 8295K(8384K)->8295K(8384K)
[492.213s][info][gc             ] GC(953) Pause Young (Allocation Failure) 725M->505M(717M) 5.296ms
[492.213s][info][gc,cpu         ] GC(953) User=0.01s Sys=0.00s Real=0.00s
[492.830s][info][gc,start       ] GC(954) Pause Young (Allocation Failure)
[492.833s][info][gc,heap        ] GC(954) PSYoungGen: 217540K(218112K)->352K(223744K) Eden: 215748K(216064K)->0K(208384K) From: 1792K(2048K)->352K(15360K)
[492.833s][info][gc,heap        ] GC(954) ParOldGen: 516045K(516096K)->516061K(516096K)
[492.833s][info][gc,metaspace   ] GC(954) Metaspace: 57772K(58112K)->57772K(58112K) NonClass: 49476K(49728K)->49476K(49728K) Class: 8295K(8384K)->8295K(8384K)
[492.833s][info][gc             ] GC(954) Pause Young (Allocation Failure) 716M->504M(722M) 3.047ms
[492.833s][info][gc,cpu         ] GC(954) User=0.00s Sys=0.00s Real=0.00s
[493.400s][info][gc,start       ] GC(955) Pause Young (Allocation Failure)
[493.404s][info][gc,heap        ] GC(955) PSYoungGen: 208736K(223744K)->1695K(202752K) Eden: 208384K(208384K)->0K(200704K) From: 352K(15360K)->1695K(2048K)
[493.404s][info][gc,heap        ] GC(955) ParOldGen: 516061K(516096K)->516077K(516096K)
[493.404s][info][gc,metaspace   ] GC(955) Metaspace: 57772K(58112K)->57772K(58112K) NonClass: 49476K(49728K)->49476K(49728K) Class: 8295K(8384K)->8295K(8384K)
[493.405s][info][gc             ] GC(955) Pause Young (Allocation Failure) 707M->505M(702M) 4.660ms
[493.405s][info][gc,cpu         ] GC(955) User=0.01s Sys=0.00s Real=0.00s
[493.948s][info][gc,start       ] GC(956) Pause Young (Allocation Failure)
[493.957s][info][gc,heap        ] GC(956) PSYoungGen: 202399K(202752K)->3807K(206336K) Eden: 200704K(200704K)->0K(193536K) From: 1695K(2048K)->3807K(12800K)
[493.957s][info][gc,heap        ] GC(956) ParOldGen: 516077K(516096K)->516093K(516096K)
[493.957s][info][gc,metaspace   ] GC(956) Metaspace: 57772K(58112K)->57772K(58112K) NonClass: 49476K(49728K)->49476K(49728K) Class: 8295K(8384K)->8295K(8384K)
[493.957s][info][gc             ] GC(956) Pause Young (Allocation Failure) 701M->507M(705M) 8.567ms
[493.957s][info][gc,cpu         ] GC(956) User=0.01s Sys=0.00s Real=0.01s
[494.412s][info][gc,start       ] GC(957) Pause Young (Allocation Failure)
[494.417s][info][gc,heap        ] GC(957) PSYoungGen: 197343K(206336K)->2527K(189440K) Eden: 193536K(193536K)->0K(186880K) From: 3807K(12800K)->2527K(2560K)
[494.417s][info][gc,heap        ] GC(957) ParOldGen: 516093K(516096K)->516109K(516608K)
[494.417s][info][gc,metaspace   ] GC(957) Metaspace: 57772K(58112K)->57772K(58112K) NonClass: 49476K(49728K)->49476K(49728K) Class: 8295K(8384K)->8295K(8384K)
[494.417s][info][gc             ] GC(957) Pause Young (Allocation Failure) 696M->506M(689M) 5.658ms
[494.417s][info][gc,cpu         ] GC(957) User=0.01s Sys=0.00s Real=0.01s
[494.899s][info][gc,start       ] GC(958) Pause Young (Allocation Failure)
[494.903s][info][gc,heap        ] GC(958) PSYoungGen: 189407K(189440K)->1184K(191488K) Eden: 186880K(186880K)->0K(180224K) From: 2527K(2560K)->1184K(11264K)
[494.903s][info][gc,heap        ] GC(958) ParOldGen: 516109K(516608K)->516125K(516608K)
[494.903s][info][gc,metaspace   ] GC(958) Metaspace: 57772K(58112K)->57772K(58112K) NonClass: 49476K(49728K)->49476K(49728K) Class: 8295K(8384K)->8295K(8384K)
[494.903s][info][gc             ] GC(958) Pause Young (Allocation Failure) 688M->505M(691M) 4.176ms
[494.903s][info][gc,cpu         ] GC(958) User=0.00s Sys=0.00s Real=0.00s
[495.330s][info][gc,start       ] GC(959) Pause Young (Allocation Failure)
[495.335s][info][gc,heap        ] GC(959) PSYoungGen: 181408K(191488K)->1535K(175616K) Eden: 180224K(180224K)->0K(174080K) From: 1184K(11264K)->1535K(1536K)
[495.335s][info][gc,heap        ] GC(959) ParOldGen: 516125K(516608K)->516141K(516608K)
[495.335s][info][gc,metaspace   ] GC(959) Metaspace: 57772K(58112K)->57772K(58112K) NonClass: 49476K(49728K)->49476K(49728K) Class: 8295K(8384K)->8295K(8384K)
[495.335s][info][gc             ] GC(959) Pause Young (Allocation Failure) 681M->505M(676M) 4.343ms
[495.335s][info][gc,cpu         ] GC(959) User=0.01s Sys=0.00s Real=0.00s
[495.803s][info][gc,start       ] GC(960) Pause Young (Allocation Failure)
[495.807s][info][gc,heap        ] GC(960) PSYoungGen: 175615K(175616K)->2238K(178688K) Eden: 174080K(174080K)->0K(168448K) From: 1535K(1536K)->2238K(10240K)
[495.807s][info][gc,heap        ] GC(960) ParOldGen: 516141K(516608K)->516157K(516608K)
[495.807s][info][gc,metaspace   ] GC(960) Metaspace: 57772K(58112K)->57772K(58112K) NonClass: 49476K(49728K)->49476K(49728K) Class: 8295K(8384K)->8295K(8384K)
[495.807s][info][gc             ] GC(960) Pause Young (Allocation Failure) 675M->506M(679M) 4.602ms
[495.807s][info][gc,cpu         ] GC(960) User=0.00s Sys=0.00s Real=0.01s
[496.283s][info][gc,start       ] GC(961) Pause Young (Allocation Failure)
[496.286s][info][gc,heap        ] GC(961) PSYoungGen: 170376K(178688K)->480K(163328K) Eden: 168137K(168448K)->0K(162816K) From: 2238K(10240K)->480K(512K)
[496.286s][info][gc,heap        ] GC(961) ParOldGen: 516157K(516608K)->516173K(516608K)
[496.286s][info][gc,metaspace   ] GC(961) Metaspace: 57772K(58112K)->57772K(58112K) NonClass: 49476K(49728K)->49476K(49728K) Class: 8295K(8384K)->8295K(8384K)
[496.286s][info][gc             ] GC(961) Pause Young (Allocation Failure) 670M->504M(664M) 3.233ms
[496.286s][info][gc,cpu         ] GC(961) User=0.00s Sys=0.00s Real=0.01s
[496.629s][info][gc,start       ] GC(962) Pause Young (Allocation Failure)
[496.633s][info][gc,heap        ] GC(962) PSYoungGen: 163296K(163328K)->1343K(166400K) Eden: 162816K(162816K)->0K(157696K) From: 480K(512K)->1343K(8704K)
[496.633s][info][gc,heap        ] GC(962) ParOldGen: 516173K(516608K)->516189K(516608K)
[496.633s][info][gc,metaspace   ] GC(962) Metaspace: 57772K(58112K)->57772K(58112K) NonClass: 49476K(49728K)->49476K(49728K) Class: 8295K(8384K)->8295K(8384K)
[496.633s][info][gc             ] GC(962) Pause Young (Allocation Failure) 663M->505M(667M) 3.975ms
[496.633s][info][gc,cpu         ] GC(962) User=0.01s Sys=0.00s Real=0.00s
[497.036s][info][gc,start       ] GC(963) Pause Young (Allocation Failure)
[497.040s][info][gc,heap        ] GC(963) PSYoungGen: 159039K(166400K)->1151K(154112K) Eden: 157696K(157696K)->0K(152576K) From: 1343K(8704K)->1151K(1536K)
[497.040s][info][gc,heap        ] GC(963) ParOldGen: 516189K(516608K)->516205K(516608K)
[497.040s][info][gc,metaspace   ] GC(963) Metaspace: 57772K(58112K)->57772K(58112K) NonClass: 49476K(49728K)->49476K(49728K) Class: 8295K(8384K)->8295K(8384K)
[497.040s][info][gc             ] GC(963) Pause Young (Allocation Failure) 659M->505M(655M) 3.568ms
[497.040s][info][gc,cpu         ] GC(963) User=0.01s Sys=0.00s Real=0.00s
[497.419s][info][gc,start       ] GC(964) Pause Young (Allocation Failure)
[497.424s][info][gc,heap        ] GC(964) PSYoungGen: 153727K(154112K)->1951K(154624K) Eden: 152575K(152576K)->0K(147456K) From: 1151K(1536K)->1951K(7168K)
[497.424s][info][gc,heap        ] GC(964) ParOldGen: 516205K(516608K)->516221K(516608K)
[497.424s][info][gc,metaspace   ] GC(964) Metaspace: 57772K(58112K)->57772K(58112K) NonClass: 49476K(49728K)->49476K(49728K) Class: 8295K(8384K)->8295K(8384K)
[497.424s][info][gc             ] GC(964) Pause Young (Allocation Failure) 654M->506M(655M) 4.574ms
[497.424s][info][gc,cpu         ] GC(964) User=0.01s Sys=0.00s Real=0.00s
[497.858s][info][gc,start       ] GC(965) Pause Young (Allocation Failure)
[497.861s][info][gc,heap        ] GC(965) PSYoungGen: 149407K(154624K)->728K(143872K) Eden: 147456K(147456K)->0K(142848K) From: 1951K(7168K)->728K(1024K)
[497.861s][info][gc,heap        ] GC(965) ParOldGen: 516221K(516608K)->516237K(516608K)
[497.861s][info][gc,metaspace   ] GC(965) Metaspace: 57772K(58112K)->57772K(58112K) NonClass: 49476K(49728K)->49476K(49728K) Class: 8295K(8384K)->8295K(8384K)
[497.861s][info][gc             ] GC(965) Pause Young (Allocation Failure) 650M->504M(645M) 3.053ms
[497.861s][info][gc,cpu         ] GC(965) User=0.01s Sys=0.00s Real=0.00s
[498.197s][info][gc,start       ] GC(966) Pause Young (Allocation Failure)
[498.200s][info][gc,heap        ] GC(966) PSYoungGen: 143576K(143872K)->1407K(144896K) Eden: 142848K(142848K)->0K(138240K) From: 728K(1024K)->1407K(6656K)
[498.200s][info][gc,heap        ] GC(966) ParOldGen: 516237K(516608K)->516253K(516608K)
[498.200s][info][gc,metaspace   ] GC(966) Metaspace: 57772K(58112K)->57772K(58112K) NonClass: 49476K(49728K)->49476K(49728K) Class: 8295K(8384K)->8295K(8384K)
[498.200s][info][gc             ] GC(966) Pause Young (Allocation Failure) 644M->505M(646M) 3.752ms
[498.200s][info][gc,cpu         ] GC(966) User=0.01s Sys=0.00s Real=0.00s
[498.529s][info][gc,start       ] GC(967) Pause Young (Allocation Failure)
[498.534s][info][gc,heap        ] GC(967) PSYoungGen: 139647K(144896K)->1983K(136192K) Eden: 138240K(138240K)->0K(134144K) From: 1407K(6656K)->1983K(2048K)
[498.534s][info][gc,heap        ] GC(967) ParOldGen: 516253K(516608K)->516269K(516608K)
[498.534s][info][gc,metaspace   ] GC(967) Metaspace: 57772K(58112K)->57772K(58112K) NonClass: 49476K(49728K)->49476K(49728K) Class: 8295K(8384K)->8295K(8384K)
[498.534s][info][gc             ] GC(967) Pause Young (Allocation Failure) 640M->506M(637M) 4.480ms
[498.534s][info][gc,cpu         ] GC(967) User=0.01s Sys=0.00s Real=0.00s
[498.912s][info][gc,start       ] GC(968) Pause Young (Allocation Failure)
[498.916s][info][gc,heap        ] GC(968) PSYoungGen: 136127K(136192K)->1695K(135680K) Eden: 134144K(134144K)->0K(130048K) From: 1983K(2048K)->1695K(5632K)
[498.916s][info][gc,heap        ] GC(968) ParOldGen: 516269K(516608K)->516285K(516608K)
[498.916s][info][gc,metaspace   ] GC(968) Metaspace: 57772K(58112K)->57772K(58112K) NonClass: 49476K(49728K)->49476K(49728K) Class: 8295K(8384K)->8295K(8384K)
[498.916s][info][gc             ] GC(968) Pause Young (Allocation Failure) 637M->505M(637M) 4.005ms
[498.916s][info][gc,cpu         ] GC(968) User=0.01s Sys=0.00s Real=0.01s
[499.214s][info][gc,start       ] GC(969) Pause Young (Allocation Failure)
[499.218s][info][gc,heap        ] GC(969) PSYoungGen: 131743K(135680K)->2367K(140288K) Eden: 130048K(130048K)->0K(130048K) From: 1695K(5632K)->2367K(10240K)
[499.218s][info][gc,heap        ] GC(969) ParOldGen: 516285K(516608K)->516301K(516608K)
[499.218s][info][gc,metaspace   ] GC(969) Metaspace: 57772K(58112K)->57772K(58112K) NonClass: 49476K(49728K)->49476K(49728K) Class: 8295K(8384K)->8295K(8384K)
[499.218s][info][gc             ] GC(969) Pause Young (Allocation Failure) 632M->506M(641M) 4.505ms
[499.218s][info][gc,cpu         ] GC(969) User=0.01s Sys=0.00s Real=0.01s
[499.534s][info][gc,start       ] GC(970) Pause Young (Allocation Failure)
[499.538s][info][gc,heap        ] GC(970) PSYoungGen: 132410K(140288K)->1375K(163328K) Eden: 130042K(130048K)->0K(155136K) From: 2367K(10240K)->1375K(8192K)
[499.538s][info][gc,heap        ] GC(970) ParOldGen: 516301K(516608K)->516317K(516608K)
[499.538s][info][gc,metaspace   ] GC(970) Metaspace: 57772K(58112K)->57772K(58112K) NonClass: 49476K(49728K)->49476K(49728K) Class: 8295K(8384K)->8295K(8384K)
[499.538s][info][gc             ] GC(970) Pause Young (Allocation Failure) 633M->505M(664M) 3.590ms
[499.538s][info][gc,cpu         ] GC(970) User=0.01s Sys=0.00s Real=0.01s
[499.968s][info][gc,start       ] GC(971) Pause Young (Allocation Failure)
[499.972s][info][gc,heap        ] GC(971) PSYoungGen: 156511K(163328K)->1375K(163840K) Eden: 155136K(155136K)->0K(155136K) From: 1375K(8192K)->1375K(8704K)
[499.972s][info][gc,heap        ] GC(971) ParOldGen: 516317K(516608K)->516333K(516608K)
[499.972s][info][gc,metaspace   ] GC(971) Metaspace: 57772K(58112K)->57772K(58112K) NonClass: 49476K(49728K)->49476K(49728K) Class: 8295K(8384K)->8295K(8384K)
[499.972s][info][gc             ] GC(971) Pause Young (Allocation Failure) 657M->505M(664M) 3.742ms
[499.972s][info][gc,cpu         ] GC(971) User=0.00s Sys=0.00s Real=0.00s
[500.331s][info][gc,start       ] GC(972) Pause Young (Allocation Failure)
[500.335s][info][gc,heap        ] GC(972) PSYoungGen: 156446K(163840K)->1216K(193024K) Eden: 155070K(155136K)->0K(184832K) From: 1375K(8704K)->1216K(8192K)
[500.335s][info][gc,heap        ] GC(972) ParOldGen: 516333K(516608K)->516349K(516608K)
[500.335s][info][gc,metaspace   ] GC(972) Metaspace: 57772K(58112K)->57772K(58112K) NonClass: 49476K(49728K)->49476K(49728K) Class: 8295K(8384K)->8295K(8384K)
[500.335s][info][gc             ] GC(972) Pause Young (Allocation Failure) 657M->505M(693M) 3.960ms
[500.335s][info][gc,cpu         ] GC(972) User=0.01s Sys=0.00s Real=0.00s
[500.823s][info][gc,start       ] GC(973) Pause Young (Allocation Failure)
[500.828s][info][gc,heap        ] GC(973) PSYoungGen: 186048K(193024K)->1728K(193024K) Eden: 184832K(184832K)->0K(184832K) From: 1216K(8192K)->1728K(8192K)
[500.828s][info][gc,heap        ] GC(973) ParOldGen: 516349K(516608K)->516365K(516608K)
[500.828s][info][gc,metaspace   ] GC(973) Metaspace: 57772K(58112K)->57772K(58112K) NonClass: 49476K(49728K)->49476K(49728K) Class: 8295K(8384K)->8295K(8384K)
[500.828s][info][gc             ] GC(973) Pause Young (Allocation Failure) 685M->505M(693M) 4.637ms
[500.828s][info][gc,cpu         ] GC(973) User=0.00s Sys=0.00s Real=0.01s
[501.300s][info][gc,start       ] GC(974) Pause Young (Allocation Failure)
[501.303s][info][gc,heap        ] GC(974) PSYoungGen: 186560K(193024K)->1088K(180224K) Eden: 184832K(184832K)->0K(178688K) From: 1728K(8192K)->1088K(1536K)
[501.303s][info][gc,heap        ] GC(974) ParOldGen: 516365K(516608K)->516381K(516608K)
[501.303s][info][gc,metaspace   ] GC(974) Metaspace: 57772K(58112K)->57772K(58112K) NonClass: 49476K(49728K)->49476K(49728K) Class: 8295K(8384K)->8295K(8384K)
[501.303s][info][gc             ] GC(974) Pause Young (Allocation Failure) 686M->505M(680M) 3.695ms
[501.303s][info][gc,cpu         ] GC(974) User=0.00s Sys=0.00s Real=0.00s
[501.825s][info][gc,start       ] GC(975) Pause Young (Allocation Failure)
[501.828s][info][gc,heap        ] GC(975) PSYoungGen: 179776K(180224K)->992K(173568K) Eden: 178688K(178688K)->0K(172544K) From: 1088K(1536K)->992K(1024K)
[501.828s][info][gc,heap        ] GC(975) ParOldGen: 516381K(516608K)->516397K(516608K)
[501.828s][info][gc,metaspace   ] GC(975) Metaspace: 57772K(58112K)->57772K(58112K) NonClass: 49476K(49728K)->49476K(49728K) Class: 8295K(8384K)->8295K(8384K)
[501.828s][info][gc             ] GC(975) Pause Young (Allocation Failure) 679M->505M(674M) 3.504ms
[501.828s][info][gc,cpu         ] GC(975) User=0.00s Sys=0.00s Real=0.01s
[502.202s][info][gc,start       ] GC(976) Pause Young (Allocation Failure)
[502.207s][info][gc,heap        ] GC(976) PSYoungGen: 173536K(173568K)->2334K(208384K) Eden: 172544K(172544K)->0K(205824K) From: 992K(1024K)->2334K(2560K)
[502.207s][info][gc,heap        ] GC(976) ParOldGen: 516397K(516608K)->516413K(516608K)
[502.207s][info][gc,metaspace   ] GC(976) Metaspace: 57772K(58112K)->57772K(58112K) NonClass: 49476K(49728K)->49476K(49728K) Class: 8295K(8384K)->8295K(8384K)
[502.207s][info][gc             ] GC(976) Pause Young (Allocation Failure) 673M->506M(708M) 5.028ms
[502.207s][info][gc,cpu         ] GC(976) User=0.01s Sys=0.00s Real=0.01s
[502.767s][info][gc,start       ] GC(977) Pause Young (Allocation Failure)
[502.801s][info][gc,heap        ] GC(977) PSYoungGen: 208158K(208384K)->3199K(218112K) Eden: 205824K(205824K)->0K(211456K) From: 2334K(2560K)->3199K(6656K)
[502.801s][info][gc,heap        ] GC(977) ParOldGen: 516413K(516608K)->516429K(516608K)
[502.801s][info][gc,metaspace   ] GC(977) Metaspace: 57772K(58112K)->57772K(58112K) NonClass: 49476K(49728K)->49476K(49728K) Class: 8295K(8384K)->8295K(8384K)
[502.801s][info][gc             ] GC(977) Pause Young (Allocation Failure) 707M->507M(717M) 34.355ms
[502.801s][info][gc,cpu         ] GC(977) User=0.03s Sys=0.01s Real=0.03s
[503.340s][info][gc,start       ] GC(978) Pause Young (Allocation Failure)
[503.342s][info][gc,heap        ] GC(978) PSYoungGen: 214655K(218112K)->288K(253440K) Eden: 211456K(211456K)->0K(246784K) From: 3199K(6656K)->288K(6656K)
[503.342s][info][gc,heap        ] GC(978) ParOldGen: 516429K(516608K)->516445K(516608K)
[503.342s][info][gc,metaspace   ] GC(978) Metaspace: 57772K(58112K)->57772K(58112K) NonClass: 49476K(49728K)->49476K(49728K) Class: 8295K(8384K)->8295K(8384K)
[503.342s][info][gc             ] GC(978) Pause Young (Allocation Failure) 713M->504M(752M) 2.785ms
[503.342s][info][gc,cpu         ] GC(978) User=0.01s Sys=0.00s Real=0.00s
[504.011s][info][gc,start       ] GC(979) Pause Young (Allocation Failure)
[504.017s][info][gc,heap        ] GC(979) PSYoungGen: 247072K(253440K)->1055K(252928K) Eden: 246784K(246784K)->0K(246784K) From: 288K(6656K)->1055K(6144K)
[504.017s][info][gc,heap        ] GC(979) ParOldGen: 516445K(516608K)->516461K(516608K)
[504.017s][info][gc,metaspace   ] GC(979) Metaspace: 57772K(58112K)->57772K(58112K) NonClass: 49476K(49728K)->49476K(49728K) Class: 8295K(8384K)->8295K(8384K)
[504.017s][info][gc             ] GC(979) Pause Young (Allocation Failure) 745M->505M(751M) 6.224ms
[504.017s][info][gc,cpu         ] GC(979) User=0.00s Sys=0.00s Real=0.01s
[504.612s][info][gc,start       ] GC(980) Pause Young (Allocation Failure)
[504.617s][info][gc,heap        ] GC(980) PSYoungGen: 247839K(252928K)->2430K(301056K) Eden: 246784K(246784K)->0K(294912K) From: 1055K(6144K)->2430K(6144K)
[504.617s][info][gc,heap        ] GC(980) ParOldGen: 516461K(516608K)->516477K(516608K)
[504.617s][info][gc,metaspace   ] GC(980) Metaspace: 57772K(58112K)->57772K(58112K) NonClass: 49476K(49728K)->49476K(49728K) Class: 8295K(8384K)->8295K(8384K)
[504.617s][info][gc             ] GC(980) Pause Young (Allocation Failure) 746M->506M(798M) 5.409ms
[504.617s][info][gc,cpu         ] GC(980) User=0.01s Sys=0.00s Real=0.01s
[505.399s][info][gc,start       ] GC(981) Pause Young (Allocation Failure)
[505.402s][info][gc,heap        ] GC(981) PSYoungGen: 297342K(301056K)->1406K(301056K) Eden: 294912K(294912K)->0K(294912K) From: 2430K(6144K)->1406K(6144K)
[505.403s][info][gc,heap        ] GC(981) ParOldGen: 516477K(516608K)->516493K(516608K)
[505.403s][info][gc,metaspace   ] GC(981) Metaspace: 57772K(58112K)->57772K(58112K) NonClass: 49476K(49728K)->49476K(49728K) Class: 8295K(8384K)->8295K(8384K)
[505.403s][info][gc             ] GC(981) Pause Young (Allocation Failure) 794M->505M(798M) 3.433ms
[505.403s][info][gc,cpu         ] GC(981) User=0.00s Sys=0.00s Real=0.00s
[506.125s][info][gc,start       ] GC(982) Pause Young (Allocation Failure)
[506.130s][info][gc,heap        ] GC(982) PSYoungGen: 296089K(301056K)->1888K(327168K) Eden: 294682K(294912K)->0K(322048K) From: 1406K(6144K)->1888K(5120K)
[506.130s][info][gc,heap        ] GC(982) ParOldGen: 516493K(516608K)->516509K(516608K)
[506.130s][info][gc,metaspace   ] GC(982) Metaspace: 57772K(58112K)->57772K(58112K) NonClass: 49476K(49728K)->49476K(49728K) Class: 8295K(8384K)->8295K(8384K)
[506.130s][info][gc             ] GC(982) Pause Young (Allocation Failure) 793M->506M(824M) 5.332ms
[506.130s][info][gc,cpu         ] GC(982) User=0.01s Sys=0.00s Real=0.01s
[507.011s][info][gc,start       ] GC(983) Pause Young (Allocation Failure)
[507.020s][info][gc,heap        ] GC(983) PSYoungGen: 323936K(327168K)->1374K(327168K) Eden: 322048K(322048K)->0K(322048K) From: 1888K(5120K)->1374K(5120K)
[507.020s][info][gc,heap        ] GC(983) ParOldGen: 516509K(516608K)->516525K(516608K)
[507.020s][info][gc,metaspace   ] GC(983) Metaspace: 57772K(58112K)->57772K(58112K) NonClass: 49476K(49728K)->49476K(49728K) Class: 8295K(8384K)->8295K(8384K)
[507.020s][info][gc             ] GC(983) Pause Young (Allocation Failure) 820M->505M(824M) 9.539ms
[507.020s][info][gc,cpu         ] GC(983) User=0.01s Sys=0.00s Real=0.01s
[507.819s][info][gc,start       ] GC(984) Pause Young (Allocation Failure)
[507.823s][info][gc,heap        ] GC(984) PSYoungGen: 323422K(327168K)->1567K(311296K) Eden: 322048K(322048K)->0K(309248K) From: 1374K(5120K)->1567K(2048K)
[507.823s][info][gc,heap        ] GC(984) ParOldGen: 516525K(516608K)->516541K(516608K)
[507.823s][info][gc,metaspace   ] GC(984) Metaspace: 57772K(58112K)->57772K(58112K) NonClass: 49476K(49728K)->49476K(49728K) Class: 8295K(8384K)->8295K(8384K)
[507.823s][info][gc             ] GC(984) Pause Young (Allocation Failure) 820M->505M(808M) 4.376ms
[507.823s][info][gc,cpu         ] GC(984) User=0.01s Sys=0.00s Real=0.00s
[508.643s][info][gc,start       ] GC(985) Pause Young (Allocation Failure)
[508.646s][info][gc,heap        ] GC(985) PSYoungGen: 310815K(311296K)->1662K(299008K) Eden: 309248K(309248K)->0K(296960K) From: 1567K(2048K)->1662K(2048K)
[508.646s][info][gc,heap        ] GC(985) ParOldGen: 516541K(516608K)->516557K(516608K)
[508.646s][info][gc,metaspace   ] GC(985) Metaspace: 57772K(58112K)->57772K(58112K) NonClass: 49476K(49728K)->49476K(49728K) Class: 8295K(8384K)->8295K(8384K)
[508.646s][info][gc             ] GC(985) Pause Young (Allocation Failure) 807M->506M(796M) 3.514ms
[508.646s][info][gc,cpu         ] GC(985) User=0.01s Sys=0.00s Real=0.01s
[509.330s][info][gc,start       ] GC(986) Pause Young (Allocation Failure)
[509.334s][info][gc,heap        ] GC(986) PSYoungGen: 298622K(299008K)->1247K(286720K) Eden: 296960K(296960K)->0K(285184K) From: 1662K(2048K)->1247K(1536K)
[509.334s][info][gc,heap        ] GC(986) ParOldGen: 516557K(516608K)->516573K(516608K)
[509.334s][info][gc,metaspace   ] GC(986) Metaspace: 57772K(58112K)->57772K(58112K) NonClass: 49476K(49728K)->49476K(49728K) Class: 8295K(8384K)->8295K(8384K)
[509.334s][info][gc             ] GC(986) Pause Young (Allocation Failure) 796M->505M(784M) 4.047ms
[509.334s][info][gc,cpu         ] GC(986) User=0.01s Sys=0.00s Real=0.00s
[510.093s][info][gc,start       ] GC(987) Pause Young (Allocation Failure)
[510.096s][info][gc,heap        ] GC(987) PSYoungGen: 286431K(286720K)->1056K(275456K) Eden: 285184K(285184K)->0K(273920K) From: 1247K(1536K)->1056K(1536K)
[510.096s][info][gc,heap        ] GC(987) ParOldGen: 516573K(516608K)->516589K(516608K)
[510.096s][info][gc,metaspace   ] GC(987) Metaspace: 57772K(58112K)->57772K(58112K) NonClass: 49476K(49728K)->49476K(49728K) Class: 8295K(8384K)->8295K(8384K)
[510.096s][info][gc             ] GC(987) Pause Young (Allocation Failure) 784M->505M(773M) 3.312ms
[510.096s][info][gc,cpu         ] GC(987) User=0.01s Sys=0.00s Real=0.01s
[510.799s][info][gc,start       ] GC(988) Pause Young (Allocation Failure)
[510.803s][info][gc,heap        ] GC(988) PSYoungGen: 274976K(275456K)->1567K(265216K) Eden: 273920K(273920K)->0K(263168K) From: 1056K(1536K)->1567K(2048K)
[510.803s][info][gc,heap        ] GC(988) ParOldGen: 516589K(516608K)->516605K(516608K)
[510.803s][info][gc,metaspace   ] GC(988) Metaspace: 57772K(58112K)->57772K(58112K) NonClass: 49476K(49728K)->49476K(49728K) Class: 8295K(8384K)->8295K(8384K)
[510.803s][info][gc             ] GC(988) Pause Young (Allocation Failure) 773M->506M(763M) 3.794ms
[510.803s][info][gc,cpu         ] GC(988) User=0.00s Sys=0.01s Real=0.00s
[511.438s][info][gc,start       ] GC(989) Pause Young (Allocation Failure)
[511.441s][info][gc,heap        ] GC(989) PSYoungGen: 264735K(265216K)->959K(253952K) Eden: 263168K(263168K)->0K(252928K) From: 1567K(2048K)->959K(1024K)
[511.441s][info][gc,heap        ] GC(989) ParOldGen: 516605K(516608K)->516621K(517120K)
[511.441s][info][gc,metaspace   ] GC(989) Metaspace: 57772K(58112K)->57772K(58112K) NonClass: 49476K(49728K)->49476K(49728K) Class: 8295K(8384K)->8295K(8384K)
[511.441s][info][gc             ] GC(989) Pause Young (Allocation Failure) 763M->505M(753M) 2.961ms
[511.441s][info][gc,cpu         ] GC(989) User=0.00s Sys=0.00s Real=0.00s
[512.111s][info][gc,start       ] GC(990) Pause Young (Allocation Failure)
[512.115s][info][gc,heap        ] GC(990) PSYoungGen: 253887K(253952K)->1664K(245248K) Eden: 252928K(252928K)->0K(243200K) From: 959K(1024K)->1664K(2048K)
[512.115s][info][gc,heap        ] GC(990) ParOldGen: 516621K(517120K)->516637K(517120K)
[512.115s][info][gc,metaspace   ] GC(990) Metaspace: 57772K(58112K)->57772K(58112K) NonClass: 49476K(49728K)->49476K(49728K) Class: 8295K(8384K)->8295K(8384K)
[512.115s][info][gc             ] GC(990) Pause Young (Allocation Failure) 752M->506M(744M) 4.111ms
[512.115s][info][gc,cpu         ] GC(990) User=0.00s Sys=0.00s Real=0.00s
[512.725s][info][gc,start       ] GC(991) Pause Young (Allocation Failure)
[512.730s][info][gc,heap        ] GC(991) PSYoungGen: 244864K(245248K)->2303K(236544K) Eden: 243200K(243200K)->0K(233984K) From: 1664K(2048K)->2303K(2560K)
[512.730s][info][gc,heap        ] GC(991) ParOldGen: 516637K(517120K)->516653K(517120K)
[512.730s][info][gc,metaspace   ] GC(991) Metaspace: 57772K(58112K)->57772K(58112K) NonClass: 49476K(49728K)->49476K(49728K) Class: 8295K(8384K)->8295K(8384K)
[512.730s][info][gc             ] GC(991) Pause Young (Allocation Failure) 743M->506M(736M) 4.630ms
[512.730s][info][gc,cpu         ] GC(991) User=0.01s Sys=0.00s Real=0.01s
[513.470s][info][gc,start       ] GC(992) Pause Young (Allocation Failure)
[513.475s][info][gc,heap        ] GC(992) PSYoungGen: 236287K(236544K)->2495K(227840K) Eden: 233984K(233984K)->0K(225280K) From: 2303K(2560K)->2495K(2560K)
[513.475s][info][gc,heap        ] GC(992) ParOldGen: 516653K(517120K)->516669K(517120K)
[513.475s][info][gc,metaspace   ] GC(992) Metaspace: 57772K(58112K)->57772K(58112K) NonClass: 49476K(49728K)->49476K(49728K) Class: 8295K(8384K)->8295K(8384K)
[513.475s][info][gc             ] GC(992) Pause Young (Allocation Failure) 735M->506M(727M) 4.910ms
[513.475s][info][gc,cpu         ] GC(992) User=0.01s Sys=0.00s Real=0.00s
[514.007s][info][gc,start       ] GC(993) Pause Young (Allocation Failure)
[514.011s][info][gc,heap        ] GC(993) PSYoungGen: 227775K(227840K)->1823K(219136K) Eden: 225280K(225280K)->0K(217088K) From: 2495K(2560K)->1823K(2048K)
[514.011s][info][gc,heap        ] GC(993) ParOldGen: 516669K(517120K)->516685K(517120K)
[514.011s][info][gc,metaspace   ] GC(993) Metaspace: 57772K(58112K)->57772K(58112K) NonClass: 49476K(49728K)->49476K(49728K) Class: 8295K(8384K)->8295K(8384K)
[514.011s][info][gc             ] GC(993) Pause Young (Allocation Failure) 726M->506M(719M) 4.028ms
[514.011s][info][gc,cpu         ] GC(993) User=0.01s Sys=0.00s Real=0.00s
[514.589s][info][gc,start       ] GC(994) Pause Young (Allocation Failure)
[514.591s][info][gc,heap        ] GC(994) PSYoungGen: 218911K(219136K)->653K(210432K) Eden: 217088K(217088K)->0K(209408K) From: 1823K(2048K)->653K(1024K)
[514.591s][info][gc,heap        ] GC(994) ParOldGen: 516685K(517120K)->516701K(517120K)
[514.591s][info][gc,metaspace   ] GC(994) Metaspace: 57772K(58112K)->57772K(58112K) NonClass: 49476K(49728K)->49476K(49728K) Class: 8295K(8384K)->8295K(8384K)
[514.592s][info][gc             ] GC(994) Pause Young (Allocation Failure) 718M->505M(710M) 2.696ms
[514.592s][info][gc,cpu         ] GC(994) User=0.01s Sys=0.00s Real=0.00s
[515.112s][info][gc,start       ] GC(995) Pause Young (Allocation Failure)
[515.117s][info][gc,heap        ] GC(995) PSYoungGen: 210061K(210432K)->2271K(204288K) Eden: 209408K(209408K)->0K(201728K) From: 653K(1024K)->2271K(2560K)
[515.117s][info][gc,heap        ] GC(995) ParOldGen: 516701K(517120K)->516717K(517120K)
[515.117s][info][gc,metaspace   ] GC(995) Metaspace: 57772K(58112K)->57772K(58112K) NonClass: 49476K(49728K)->49476K(49728K) Class: 8295K(8384K)->8295K(8384K)
[515.117s][info][gc             ] GC(995) Pause Young (Allocation Failure) 709M->506M(704M) 4.680ms
[515.117s][info][gc,cpu         ] GC(995) User=0.01s Sys=0.00s Real=0.01s
[515.676s][info][gc,start       ] GC(996) Pause Young (Allocation Failure)
[515.679s][info][gc,heap        ] GC(996) PSYoungGen: 203999K(204288K)->1215K(196096K) Eden: 201728K(201728K)->0K(194560K) From: 2271K(2560K)->1215K(1536K)
[515.679s][info][gc,heap        ] GC(996) ParOldGen: 516717K(517120K)->516733K(517120K)
[515.679s][info][gc,metaspace   ] GC(996) Metaspace: 57772K(58112K)->57772K(58112K) NonClass: 49476K(49728K)->49476K(49728K) Class: 8295K(8384K)->8295K(8384K)
[515.679s][info][gc             ] GC(996) Pause Young (Allocation Failure) 703M->505M(696M) 3.246ms
[515.679s][info][gc,cpu         ] GC(996) User=0.01s Sys=0.00s Real=0.00s
[516.120s][info][gc,start       ] GC(997) Pause Young (Allocation Failure)
[516.124s][info][gc,heap        ] GC(997) PSYoungGen: 195632K(196096K)->1600K(189952K) Eden: 194417K(194560K)->0K(187904K) From: 1215K(1536K)->1600K(2048K)
[516.124s][info][gc,heap        ] GC(997) ParOldGen: 516733K(517120K)->516749K(517120K)
[516.124s][info][gc,metaspace   ] GC(997) Metaspace: 57772K(58112K)->57772K(58112K) NonClass: 49476K(49728K)->49476K(49728K) Class: 8295K(8384K)->8295K(8384K)
[516.124s][info][gc             ] GC(997) Pause Young (Allocation Failure) 695M->506M(690M) 4.114ms
[516.124s][info][gc,cpu         ] GC(997) User=0.01s Sys=0.00s Real=0.00s
[516.609s][info][gc,start       ] GC(998) Pause Young (Allocation Failure)
[516.614s][info][gc,heap        ] GC(998) PSYoungGen: 189346K(189952K)->1888K(183296K) Eden: 187746K(187904K)->0K(181248K) From: 1600K(2048K)->1888K(2048K)
[516.614s][info][gc,heap        ] GC(998) ParOldGen: 516749K(517120K)->516765K(517120K)
[516.614s][info][gc,metaspace   ] GC(998) Metaspace: 57772K(58112K)->57772K(58112K) NonClass: 49476K(49728K)->49476K(49728K) Class: 8295K(8384K)->8295K(8384K)
[516.614s][info][gc             ] GC(998) Pause Young (Allocation Failure) 689M->506M(684M) 4.445ms
[516.614s][info][gc,cpu         ] GC(998) User=0.01s Sys=0.00s Real=0.00s
[517.089s][info][gc,start       ] GC(999) Pause Young (Allocation Failure)
[517.092s][info][gc,heap        ] GC(999) PSYoungGen: 183136K(183296K)->608K(176128K) Eden: 181248K(181248K)->0K(175104K) From: 1888K(2048K)->608K(1024K)
[517.092s][info][gc,heap        ] GC(999) ParOldGen: 516765K(517120K)->516781K(517120K)
[517.092s][info][gc,metaspace   ] GC(999) Metaspace: 57772K(58112K)->57772K(58112K) NonClass: 49476K(49728K)->49476K(49728K) Class: 8295K(8384K)->8295K(8384K)
[517.092s][info][gc             ] GC(999) Pause Young (Allocation Failure) 683M->505M(677M) 2.762ms
[517.092s][info][gc,cpu         ] GC(999) User=0.01s Sys=0.00s Real=0.00s
[517.512s][info][gc,start       ] GC(1000) Pause Young (Allocation Failure)
[517.517s][info][gc,heap        ] GC(1000) PSYoungGen: 175682K(176128K)->2016K(171008K) Eden: 175074K(175104K)->0K(168960K) From: 608K(1024K)->2016K(2048K)
[517.517s][info][gc,heap        ] GC(1000) ParOldGen: 516781K(517120K)->516797K(517120K)
[517.517s][info][gc,metaspace   ] GC(1000) Metaspace: 57772K(58112K)->57772K(58112K) NonClass: 49476K(49728K)->49476K(49728K) Class: 8295K(8384K)->8295K(8384K)
[517.517s][info][gc             ] GC(1000) Pause Young (Allocation Failure) 676M->506M(672M) 4.650ms
[517.517s][info][gc,cpu         ] GC(1000) User=0.01s Sys=0.00s Real=0.01s
[517.984s][info][gc,start       ] GC(1001) Pause Young (Allocation Failure)
[517.987s][info][gc,heap        ] GC(1001) PSYoungGen: 170824K(171008K)->704K(164352K) Eden: 168808K(168960K)->0K(163328K) From: 2016K(2048K)->704K(1024K)
[517.987s][info][gc,heap        ] GC(1001) ParOldGen: 516797K(517120K)->516813K(517120K)
[517.987s][info][gc,metaspace   ] GC(1001) Metaspace: 57772K(58112K)->57772K(58112K) NonClass: 49476K(49728K)->49476K(49728K) Class: 8295K(8384K)->8295K(8384K)
[517.987s][info][gc             ] GC(1001) Pause Young (Allocation Failure) 671M->505M(665M) 2.856ms
[517.987s][info][gc,cpu         ] GC(1001) User=0.01s Sys=0.00s Real=0.01s
[518.390s][info][gc,start       ] GC(1002) Pause Young (Allocation Failure)
[518.392s][info][gc,heap        ] GC(1002) PSYoungGen: 164032K(164352K)->799K(158720K) Eden: 163328K(163328K)->0K(157696K) From: 704K(1024K)->799K(1024K)
[518.392s][info][gc,heap        ] GC(1002) ParOldGen: 516813K(517120K)->516829K(517120K)
[518.392s][info][gc,metaspace   ] GC(1002) Metaspace: 57772K(58112K)->57772K(58112K) NonClass: 49476K(49728K)->49476K(49728K) Class: 8295K(8384K)->8295K(8384K)
[518.392s][info][gc             ] GC(1002) Pause Young (Allocation Failure) 664M->505M(660M) 2.628ms
[518.393s][info][gc,cpu         ] GC(1002) User=0.01s Sys=0.00s Real=0.00s
[518.791s][info][gc,start       ] GC(1003) Pause Young (Allocation Failure)
[518.793s][info][gc,heap        ] GC(1003) PSYoungGen: 158495K(158720K)->1004K(153600K) Eden: 157696K(157696K)->0K(152576K) From: 799K(1024K)->1004K(1024K)
[518.793s][info][gc,heap        ] GC(1003) ParOldGen: 516829K(517120K)->516845K(517120K)
[518.793s][info][gc,metaspace   ] GC(1003) Metaspace: 57772K(58112K)->57772K(58112K) NonClass: 49476K(49728K)->49476K(49728K) Class: 8295K(8384K)->8295K(8384K)
[518.793s][info][gc             ] GC(1003) Pause Young (Allocation Failure) 659M->505M(655M) 2.729ms
[518.793s][info][gc,cpu         ] GC(1003) User=0.01s Sys=0.00s Real=0.00s
[519.186s][info][gc,start       ] GC(1004) Pause Young (Allocation Failure)
[519.188s][info][gc,heap        ] GC(1004) PSYoungGen: 153580K(153600K)->224K(147968K) Eden: 152576K(152576K)->0K(147456K) From: 1004K(1024K)->224K(512K)
[519.188s][info][gc,heap        ] GC(1004) ParOldGen: 516845K(517120K)->516861K(517120K)
[519.188s][info][gc,metaspace   ] GC(1004) Metaspace: 57772K(58112K)->57772K(58112K) NonClass: 49476K(49728K)->49476K(49728K) Class: 8295K(8384K)->8295K(8384K)
[519.188s][info][gc             ] GC(1004) Pause Young (Allocation Failure) 654M->504M(649M) 2.263ms
[519.188s][info][gc,cpu         ] GC(1004) User=0.01s Sys=0.01s Real=0.00s
[519.527s][info][gc,start       ] GC(1005) Pause Young (Allocation Failure)
[519.531s][info][gc,heap        ] GC(1005) PSYoungGen: 147680K(147968K)->1664K(146432K) Eden: 147456K(147456K)->0K(142848K) From: 224K(512K)->1664K(3584K)
[519.531s][info][gc,heap        ] GC(1005) ParOldGen: 516861K(517120K)->516877K(517120K)
[519.531s][info][gc,metaspace   ] GC(1005) Metaspace: 57772K(58112K)->57772K(58112K) NonClass: 49476K(49728K)->49476K(49728K) Class: 8295K(8384K)->8295K(8384K)
[519.531s][info][gc             ] GC(1005) Pause Young (Allocation Failure) 648M->506M(648M) 3.931ms
[519.531s][info][gc,cpu         ] GC(1005) User=0.00s Sys=0.00s Real=0.00s
[519.909s][info][gc,start       ] GC(1006) Pause Young (Allocation Failure)
[519.913s][info][gc,heap        ] GC(1006) PSYoungGen: 144512K(146432K)->1599K(140288K) Eden: 142848K(142848K)->0K(138240K) From: 1664K(3584K)->1599K(2048K)
[519.913s][info][gc,heap        ] GC(1006) ParOldGen: 516877K(517120K)->516893K(517120K)
[519.913s][info][gc,metaspace   ] GC(1006) Metaspace: 57772K(58112K)->57772K(58112K) NonClass: 49476K(49728K)->49476K(49728K) Class: 8295K(8384K)->8295K(8384K)
[519.913s][info][gc             ] GC(1006) Pause Young (Allocation Failure) 645M->506M(642M) 3.533ms
[519.913s][info][gc,cpu         ] GC(1006) User=0.01s Sys=0.00s Real=0.00s
[520.241s][info][gc,start       ] GC(1007) Pause Young (Allocation Failure)
[520.244s][info][gc,heap        ] GC(1007) PSYoungGen: 139839K(140288K)->1023K(135168K) Eden: 138240K(138240K)->0K(134144K) From: 1599K(2048K)->1023K(1024K)
[520.244s][info][gc,heap        ] GC(1007) ParOldGen: 516893K(517120K)->516909K(517120K)
[520.244s][info][gc,metaspace   ] GC(1007) Metaspace: 57772K(58112K)->57772K(58112K) NonClass: 49476K(49728K)->49476K(49728K) Class: 8295K(8384K)->8295K(8384K)
[520.244s][info][gc             ] GC(1007) Pause Young (Allocation Failure) 641M->505M(637M) 2.906ms
[520.244s][info][gc,cpu         ] GC(1007) User=0.00s Sys=0.00s Real=0.00s
[520.601s][info][gc,start       ] GC(1008) Pause Young (Allocation Failure)
[520.605s][info][gc,heap        ] GC(1008) PSYoungGen: 135167K(135168K)->1472K(131584K) Eden: 134144K(134144K)->0K(130048K) From: 1023K(1024K)->1472K(1536K)
[520.605s][info][gc,heap        ] GC(1008) ParOldGen: 516909K(517120K)->516925K(517120K)
[520.605s][info][gc,metaspace   ] GC(1008) Metaspace: 57772K(58112K)->57772K(58112K) NonClass: 49476K(49728K)->49476K(49728K) Class: 8295K(8384K)->8295K(8384K)
[520.605s][info][gc             ] GC(1008) Pause Young (Allocation Failure) 636M->506M(633M) 3.946ms
[520.605s][info][gc,cpu         ] GC(1008) User=0.01s Sys=0.00s Real=0.00s
[520.917s][info][gc,start       ] GC(1009) Pause Young (Allocation Failure)
[520.922s][info][gc,heap        ] GC(1009) PSYoungGen: 131520K(131584K)->2047K(157184K) Eden: 130048K(130048K)->0K(155136K) From: 1472K(1536K)->2047K(2048K)
[520.922s][info][gc,heap        ] GC(1009) ParOldGen: 516925K(517120K)->516941K(517120K)
[520.922s][info][gc,metaspace   ] GC(1009) Metaspace: 57772K(58112K)->57772K(58112K) NonClass: 49476K(49728K)->49476K(49728K) Class: 8295K(8384K)->8295K(8384K)
[520.922s][info][gc             ] GC(1009) Pause Young (Allocation Failure) 633M->506M(658M) 4.365ms
[520.922s][info][gc,cpu         ] GC(1009) User=0.01s Sys=0.00s Real=0.00s
[521.320s][info][gc,start       ] GC(1010) Pause Young (Allocation Failure)
[521.324s][info][gc,heap        ] GC(1010) PSYoungGen: 157183K(157184K)->1727K(152064K) Eden: 155136K(155136K)->0K(150016K) From: 2047K(2048K)->1727K(2048K)
[521.324s][info][gc,heap        ] GC(1010) ParOldGen: 516941K(517120K)->516957K(517120K)
[521.324s][info][gc,metaspace   ] GC(1010) Metaspace: 57772K(58112K)->57772K(58112K) NonClass: 49476K(49728K)->49476K(49728K) Class: 8295K(8384K)->8295K(8384K)
[521.324s][info][gc             ] GC(1010) Pause Young (Allocation Failure) 658M->506M(653M) 3.864ms
[521.324s][info][gc,cpu         ] GC(1010) User=0.01s Sys=0.00s Real=0.00s
[521.709s][info][gc,start       ] GC(1011) Pause Young (Allocation Failure)
[521.714s][info][gc,heap        ] GC(1011) PSYoungGen: 151743K(152064K)->2559K(181248K) Eden: 150016K(150016K)->0K(178688K) From: 1727K(2048K)->2559K(2560K)
[521.714s][info][gc,heap        ] GC(1011) ParOldGen: 516957K(517120K)->516973K(517120K)
[521.714s][info][gc,metaspace   ] GC(1011) Metaspace: 57772K(58112K)->57772K(58112K) NonClass: 49476K(49728K)->49476K(49728K) Class: 8295K(8384K)->8295K(8384K)
[521.714s][info][gc             ] GC(1011) Pause Young (Allocation Failure) 653M->507M(682M) 4.821ms
[521.714s][info][gc,cpu         ] GC(1011) User=0.01s Sys=0.00s Real=0.00s
[522.193s][info][gc,start       ] GC(1012) Pause Young (Allocation Failure)
[522.196s][info][gc,heap        ] GC(1012) PSYoungGen: 181247K(181248K)->863K(173568K) Eden: 178688K(178688K)->0K(172544K) From: 2559K(2560K)->863K(1024K)
[522.196s][info][gc,heap        ] GC(1012) ParOldGen: 516973K(517120K)->516989K(517120K)
[522.196s][info][gc,metaspace   ] GC(1012) Metaspace: 57772K(58112K)->57772K(58112K) NonClass: 49476K(49728K)->49476K(49728K) Class: 8295K(8384K)->8295K(8384K)
[522.196s][info][gc             ] GC(1012) Pause Young (Allocation Failure) 681M->505M(674M) 2.619ms
[522.196s][info][gc,cpu         ] GC(1012) User=0.00s Sys=0.00s Real=0.00s
[522.619s][info][gc,start       ] GC(1013) Pause Young (Allocation Failure)
[522.638s][info][gc,heap        ] GC(1013) PSYoungGen: 173407K(173568K)->2560K(208896K) Eden: 172544K(172544K)->0K(206336K) From: 863K(1024K)->2560K(2560K)
[522.638s][info][gc,heap        ] GC(1013) ParOldGen: 516989K(517120K)->517005K(517120K)
[522.638s][info][gc,metaspace   ] GC(1013) Metaspace: 57772K(58112K)->57772K(58112K) NonClass: 49476K(49728K)->49476K(49728K) Class: 8295K(8384K)->8295K(8384K)
[522.638s][info][gc             ] GC(1013) Pause Young (Allocation Failure) 674M->507M(709M) 18.213ms
[522.638s][info][gc,cpu         ] GC(1013) User=0.01s Sys=0.00s Real=0.02s
[523.133s][info][gc,start       ] GC(1014) Pause Young (Allocation Failure)
[523.139s][info][gc,heap        ] GC(1014) PSYoungGen: 208615K(208896K)->800K(247808K) Eden: 206055K(206336K)->0K(246784K) From: 2560K(2560K)->800K(1024K)
[523.139s][info][gc,heap        ] GC(1014) ParOldGen: 517005K(517120K)->517021K(517120K)
[523.139s][info][gc,metaspace   ] GC(1014) Metaspace: 57772K(58112K)->57772K(58112K) NonClass: 49476K(49728K)->49476K(49728K) Class: 8295K(8384K)->8295K(8384K)
[523.139s][info][gc             ] GC(1014) Pause Young (Allocation Failure) 708M->505M(747M) 5.376ms
[523.139s][info][gc,cpu         ] GC(1014) User=0.01s Sys=0.00s Real=0.01s
[523.853s][info][gc,start       ] GC(1015) Pause Young (Allocation Failure)
[523.856s][info][gc,heap        ] GC(1015) PSYoungGen: 247584K(247808K)->1234K(281600K) Eden: 246784K(246784K)->0K(278016K) From: 800K(1024K)->1234K(3584K)
[523.856s][info][gc,heap        ] GC(1015) ParOldGen: 517021K(517120K)->517037K(517120K)
[523.856s][info][gc,metaspace   ] GC(1015) Metaspace: 57772K(58112K)->57772K(58112K) NonClass: 49476K(49728K)->49476K(49728K) Class: 8295K(8384K)->8295K(8384K)
[523.856s][info][gc             ] GC(1015) Pause Young (Allocation Failure) 746M->506M(780M) 3.196ms
[523.856s][info][gc,cpu         ] GC(1015) User=0.01s Sys=0.00s Real=0.01s
[524.499s][info][gc,start       ] GC(1016) Pause Young (Allocation Failure)
[524.503s][info][gc,heap        ] GC(1016) PSYoungGen: 279250K(281600K)->1662K(298496K) Eden: 278016K(278016K)->0K(294912K) From: 1234K(3584K)->1662K(3584K)
[524.503s][info][gc,heap        ] GC(1016) ParOldGen: 517037K(517120K)->517053K(517120K)
[524.503s][info][gc,metaspace   ] GC(1016) Metaspace: 57772K(58112K)->57772K(58112K) NonClass: 49476K(49728K)->49476K(49728K) Class: 8295K(8384K)->8295K(8384K)
[524.503s][info][gc             ] GC(1016) Pause Young (Allocation Failure) 777M->506M(796M) 4.087ms
[524.503s][info][gc,cpu         ] GC(1016) User=0.00s Sys=0.00s Real=0.00s
[525.249s][info][gc,start       ] GC(1017) Pause Young (Allocation Failure)
[525.252s][info][gc,heap        ] GC(1017) PSYoungGen: 296574K(298496K)->831K(284160K) Eden: 294912K(294912K)->0K(283136K) From: 1662K(3584K)->831K(1024K)
[525.252s][info][gc,heap        ] GC(1017) ParOldGen: 517053K(517120K)->517069K(517120K)
[525.252s][info][gc,metaspace   ] GC(1017) Metaspace: 57772K(58112K)->57772K(58112K) NonClass: 49476K(49728K)->49476K(49728K) Class: 8295K(8384K)->8295K(8384K)
[525.252s][info][gc             ] GC(1017) Pause Young (Allocation Failure) 794M->505M(782M) 3.111ms
[525.252s][info][gc,cpu         ] GC(1017) User=0.00s Sys=0.00s Real=0.00s
[525.995s][info][gc,start       ] GC(1018) Pause Young (Allocation Failure)
[525.999s][info][gc,heap        ] GC(1018) PSYoungGen: 283967K(284160K)->1758K(273920K) Eden: 283136K(283136K)->0K(271872K) From: 831K(1024K)->1758K(2048K)
[525.999s][info][gc,heap        ] GC(1018) ParOldGen: 517069K(517120K)->517085K(517120K)
[525.999s][info][gc,metaspace   ] GC(1018) Metaspace: 57772K(58112K)->57772K(58112K) NonClass: 49476K(49728K)->49476K(49728K) Class: 8295K(8384K)->8295K(8384K)
[526.000s][info][gc             ] GC(1018) Pause Young (Allocation Failure) 782M->506M(772M) 4.192ms
[526.000s][info][gc,cpu         ] GC(1018) User=0.01s Sys=0.01s Real=0.01s
[526.698s][info][gc,start       ] GC(1019) Pause Young (Allocation Failure)
[526.701s][info][gc,heap        ] GC(1019) PSYoungGen: 273630K(273920K)->1183K(263168K) Eden: 271872K(271872K)->0K(261632K) From: 1758K(2048K)->1183K(1536K)
[526.701s][info][gc,heap        ] GC(1019) ParOldGen: 517085K(517120K)->517101K(517120K)
[526.701s][info][gc,metaspace   ] GC(1019) Metaspace: 57772K(58112K)->57772K(58112K) NonClass: 49476K(49728K)->49476K(49728K) Class: 8295K(8384K)->8295K(8384K)
[526.701s][info][gc             ] GC(1019) Pause Young (Allocation Failure) 772M->506M(762M) 3.136ms
[526.701s][info][gc,cpu         ] GC(1019) User=0.00s Sys=0.00s Real=0.00s
[527.430s][info][gc,start       ] GC(1020) Pause Young (Allocation Failure)
[527.441s][info][gc,heap        ] GC(1020) PSYoungGen: 262815K(263168K)->895K(252928K) Eden: 261632K(261632K)->0K(251904K) From: 1183K(1536K)->895K(1024K)
[527.441s][info][gc,heap        ] GC(1020) ParOldGen: 517101K(517120K)->517117K(517120K)
[527.441s][info][gc,metaspace   ] GC(1020) Metaspace: 57772K(58112K)->57772K(58112K) NonClass: 49476K(49728K)->49476K(49728K) Class: 8295K(8384K)->8295K(8384K)
[527.441s][info][gc             ] GC(1020) Pause Young (Allocation Failure) 761M->505M(752M) 10.957ms
[527.441s][info][gc,cpu         ] GC(1020) User=0.01s Sys=0.00s Real=0.01s
[528.008s][info][gc,start       ] GC(1021) Pause Young (Allocation Failure)
[528.011s][info][gc,heap        ] GC(1021) PSYoungGen: 252554K(252928K)->736K(243200K) Eden: 251659K(251904K)->0K(242176K) From: 895K(1024K)->736K(1024K)
[528.011s][info][gc,heap        ] GC(1021) ParOldGen: 517117K(517120K)->517133K(517632K)
[528.011s][info][gc,metaspace   ] GC(1021) Metaspace: 57772K(58112K)->57772K(58112K) NonClass: 49476K(49728K)->49476K(49728K) Class: 8295K(8384K)->8295K(8384K)
[528.011s][info][gc             ] GC(1021) Pause Young (Allocation Failure) 751M->505M(743M) 3.422ms
[528.011s][info][gc,cpu         ] GC(1021) User=0.01s Sys=0.00s Real=0.00s
[528.617s][info][gc,start       ] GC(1022) Pause Young (Allocation Failure)
[528.621s][info][gc,heap        ] GC(1022) PSYoungGen: 242912K(243200K)->1247K(234496K) Eden: 242176K(242176K)->0K(232960K) From: 736K(1024K)->1247K(1536K)
[528.621s][info][gc,heap        ] GC(1022) ParOldGen: 517133K(517632K)->517149K(517632K)
[528.621s][info][gc,metaspace   ] GC(1022) Metaspace: 57772K(58112K)->57772K(58112K) NonClass: 49476K(49728K)->49476K(49728K) Class: 8295K(8384K)->8295K(8384K)
[528.621s][info][gc             ] GC(1022) Pause Young (Allocation Failure) 742M->506M(734M) 3.337ms
[528.621s][info][gc,cpu         ] GC(1022) User=0.00s Sys=0.00s Real=0.00s
[529.213s][info][gc,start       ] GC(1023) Pause Young (Allocation Failure)
[529.218s][info][gc,heap        ] GC(1023) PSYoungGen: 234207K(234496K)->2431K(226816K) Eden: 232960K(232960K)->0K(224256K) From: 1247K(1536K)->2431K(2560K)
[529.218s][info][gc,heap        ] GC(1023) ParOldGen: 517149K(517632K)->517165K(517632K)
[529.218s][info][gc,metaspace   ] GC(1023) Metaspace: 57773K(58112K)->57773K(58112K) NonClass: 49477K(49728K)->49477K(49728K) Class: 8295K(8384K)->8295K(8384K)
[529.218s][info][gc             ] GC(1023) Pause Young (Allocation Failure) 733M->507M(727M) 4.875ms
[529.218s][info][gc,cpu         ] GC(1023) User=0.01s Sys=0.00s Real=0.01s
[529.803s][info][gc,start       ] GC(1024) Pause Young (Allocation Failure)
[529.807s][info][gc,heap        ] GC(1024) PSYoungGen: 226687K(226816K)->1600K(218112K) Eden: 224256K(224256K)->0K(216064K) From: 2431K(2560K)->1600K(2048K)
[529.807s][info][gc,heap        ] GC(1024) ParOldGen: 517165K(517632K)->517181K(517632K)
[529.807s][info][gc,metaspace   ] GC(1024) Metaspace: 57773K(58112K)->57773K(58112K) NonClass: 49477K(49728K)->49477K(49728K) Class: 8295K(8384K)->8295K(8384K)
[529.807s][info][gc             ] GC(1024) Pause Young (Allocation Failure) 726M->506M(718M) 4.061ms
[529.807s][info][gc,cpu         ] GC(1024) User=0.00s Sys=0.00s Real=0.01s
[530.331s][info][gc,start       ] GC(1025) Pause Young (Allocation Failure)
[530.335s][info][gc,heap        ] GC(1025) PSYoungGen: 217664K(218112K)->1343K(209920K) Eden: 216064K(216064K)->0K(208384K) From: 1600K(2048K)->1343K(1536K)
[530.335s][info][gc,heap        ] GC(1025) ParOldGen: 517181K(517632K)->517197K(517632K)
[530.335s][info][gc,metaspace   ] GC(1025) Metaspace: 57773K(58112K)->57773K(58112K) NonClass: 49477K(49728K)->49477K(49728K) Class: 8295K(8384K)->8295K(8384K)
[530.335s][info][gc             ] GC(1025) Pause Young (Allocation Failure) 717M->506M(710M) 3.485ms
[530.335s][info][gc,cpu         ] GC(1025) User=0.01s Sys=0.00s Real=0.00s
[530.898s][info][gc,start       ] GC(1026) Pause Young (Allocation Failure)
[530.901s][info][gc,heap        ] GC(1026) PSYoungGen: 209727K(209920K)->1407K(202240K) Eden: 208384K(208384K)->0K(200704K) From: 1343K(1536K)->1407K(1536K)
[530.901s][info][gc,heap        ] GC(1026) ParOldGen: 517197K(517632K)->517213K(517632K)
[530.901s][info][gc,metaspace   ] GC(1026) Metaspace: 57773K(58112K)->57773K(58112K) NonClass: 49477K(49728K)->49477K(49728K) Class: 8295K(8384K)->8295K(8384K)
[530.901s][info][gc             ] GC(1026) Pause Young (Allocation Failure) 709M->506M(703M) 3.454ms
[530.901s][info][gc,cpu         ] GC(1026) User=0.01s Sys=0.00s Real=0.00s
[531.409s][info][gc,start       ] GC(1027) Pause Young (Allocation Failure)
[531.413s][info][gc,heap        ] GC(1027) PSYoungGen: 202111K(202240K)->1663K(195584K) Eden: 200704K(200704K)->0K(193536K) From: 1407K(1536K)->1663K(2048K)
[531.413s][info][gc,heap        ] GC(1027) ParOldGen: 517213K(517632K)->517229K(517632K)
[531.413s][info][gc,metaspace   ] GC(1027) Metaspace: 57773K(58112K)->57773K(58112K) NonClass: 49477K(49728K)->49477K(49728K) Class: 8295K(8384K)->8295K(8384K)
[531.413s][info][gc             ] GC(1027) Pause Young (Allocation Failure) 702M->506M(696M) 3.831ms
[531.413s][info][gc,cpu         ] GC(1027) User=0.01s Sys=0.00s Real=0.00s
[531.912s][info][gc,start       ] GC(1028) Pause Young (Allocation Failure)
[531.917s][info][gc,heap        ] GC(1028) PSYoungGen: 195199K(195584K)->1952K(188928K) Eden: 193536K(193536K)->0K(186880K) From: 1663K(2048K)->1952K(2048K)
[531.917s][info][gc,heap        ] GC(1028) ParOldGen: 517229K(517632K)->517245K(517632K)
[531.917s][info][gc,metaspace   ] GC(1028) Metaspace: 57773K(58112K)->57773K(58112K) NonClass: 49477K(49728K)->49477K(49728K) Class: 8295K(8384K)->8295K(8384K)
[531.917s][info][gc             ] GC(1028) Pause Young (Allocation Failure) 695M->507M(690M) 4.781ms
[531.917s][info][gc,cpu         ] GC(1028) User=0.01s Sys=0.00s Real=0.01s
[532.412s][info][gc,start       ] GC(1029) Pause Young (Allocation Failure)
[532.415s][info][gc,heap        ] GC(1029) PSYoungGen: 188832K(188928K)->831K(181248K) Eden: 186880K(186880K)->0K(180224K) From: 1952K(2048K)->831K(1024K)
[532.415s][info][gc,heap        ] GC(1029) ParOldGen: 517245K(517632K)->517261K(517632K)
[532.415s][info][gc,metaspace   ] GC(1029) Metaspace: 57773K(58112K)->57773K(58112K) NonClass: 49477K(49728K)->49477K(49728K) Class: 8295K(8384K)->8295K(8384K)
[532.415s][info][gc             ] GC(1029) Pause Young (Allocation Failure) 689M->505M(682M) 2.748ms
[532.415s][info][gc,cpu         ] GC(1029) User=0.00s Sys=0.00s Real=0.00s
[532.827s][info][gc,start       ] GC(1030) Pause Young (Allocation Failure)
[532.831s][info][gc,heap        ] GC(1030) PSYoungGen: 181055K(181248K)->1599K(176128K) Eden: 180224K(180224K)->0K(174080K) From: 831K(1024K)->1599K(2048K)
[532.831s][info][gc,heap        ] GC(1030) ParOldGen: 517261K(517632K)->517277K(517632K)
[532.831s][info][gc,metaspace   ] GC(1030) Metaspace: 57773K(58112K)->57773K(58112K) NonClass: 49477K(49728K)->49477K(49728K) Class: 8295K(8384K)->8295K(8384K)
[532.831s][info][gc             ] GC(1030) Pause Young (Allocation Failure) 681M->506M(677M) 3.637ms
[532.831s][info][gc,cpu         ] GC(1030) User=0.01s Sys=0.00s Real=0.00s
[533.298s][info][gc,start       ] GC(1031) Pause Young (Allocation Failure)
[533.302s][info][gc,heap        ] GC(1031) PSYoungGen: 175679K(176128K)->1631K(170496K) Eden: 174080K(174080K)->0K(168448K) From: 1599K(2048K)->1631K(2048K)
[533.302s][info][gc,heap        ] GC(1031) ParOldGen: 517277K(517632K)->517293K(517632K)
[533.302s][info][gc,metaspace   ] GC(1031) Metaspace: 57773K(58112K)->57773K(58112K) NonClass: 49477K(49728K)->49477K(49728K) Class: 8295K(8384K)->8295K(8384K)
[533.302s][info][gc             ] GC(1031) Pause Young (Allocation Failure) 676M->506M(672M) 3.712ms
[533.302s][info][gc,cpu         ] GC(1031) User=0.01s Sys=0.00s Real=0.00s
[533.715s][info][gc,start       ] GC(1032) Pause Young (Allocation Failure)
[533.719s][info][gc,heap        ] GC(1032) PSYoungGen: 170079K(170496K)->1440K(164352K) Eden: 168448K(168448K)->0K(162816K) From: 1631K(2048K)->1440K(1536K)
[533.719s][info][gc,heap        ] GC(1032) ParOldGen: 517293K(517632K)->517309K(517632K)
[533.719s][info][gc,metaspace   ] GC(1032) Metaspace: 57773K(58112K)->57773K(58112K) NonClass: 49477K(49728K)->49477K(49728K) Class: 8295K(8384K)->8295K(8384K)
[533.719s][info][gc             ] GC(1032) Pause Young (Allocation Failure) 671M->506M(666M) 3.991ms
[533.719s][info][gc,cpu         ] GC(1032) User=0.00s Sys=0.00s Real=0.01s
[534.125s][info][gc,start       ] GC(1033) Pause Young (Allocation Failure)
[534.128s][info][gc,heap        ] GC(1033) PSYoungGen: 163947K(164352K)->1088K(159232K) Eden: 162507K(162816K)->0K(157696K) From: 1440K(1536K)->1088K(1536K)
[534.128s][info][gc,heap        ] GC(1033) ParOldGen: 517309K(517632K)->517325K(517632K)
[534.128s][info][gc,metaspace   ] GC(1033) Metaspace: 57773K(58112K)->57773K(58112K) NonClass: 49477K(49728K)->49477K(49728K) Class: 8295K(8384K)->8295K(8384K)
[534.128s][info][gc             ] GC(1033) Pause Young (Allocation Failure) 665M->506M(661M) 3.305ms
[534.128s][info][gc,cpu         ] GC(1033) User=0.00s Sys=0.00s Real=0.01s
[534.534s][info][gc,start       ] GC(1034) Pause Young (Allocation Failure)
[534.537s][info][gc,heap        ] GC(1034) PSYoungGen: 158784K(159232K)->991K(153600K) Eden: 157696K(157696K)->0K(152576K) From: 1088K(1536K)->991K(1024K)
[534.537s][info][gc,heap        ] GC(1034) ParOldGen: 517325K(517632K)->517341K(517632K)
[534.537s][info][gc,metaspace   ] GC(1034) Metaspace: 57773K(58112K)->57773K(58112K) NonClass: 49477K(49728K)->49477K(49728K) Class: 8295K(8384K)->8295K(8384K)
[534.537s][info][gc             ] GC(1034) Pause Young (Allocation Failure) 660M->506M(655M) 2.911ms
[534.537s][info][gc,cpu         ] GC(1034) User=0.01s Sys=0.00s Real=0.01s
[535.863s][info][gc,start       ] GC(1035) Pause Young (Allocation Failure)
[535.903s][info][gc,heap        ] GC(1035) PSYoungGen: 131363K(153600K)->64K(182784K) Eden: 130372K(152576K)->0K(182272K) From: 991K(1024K)->64K(512K)
[535.903s][info][gc,heap        ] GC(1035) ParOldGen: 517341K(517632K)->556420K(557056K)
[535.903s][info][gc,metaspace   ] GC(1035) Metaspace: 57775K(58112K)->57775K(58112K) NonClass: 49479K(49728K)->49479K(49728K) Class: 8295K(8384K)->8295K(8384K)
[535.903s][info][gc             ] GC(1035) Pause Young (Allocation Failure) 633M->543M(722M) 40.137ms
[535.904s][info][gc,cpu         ] GC(1035) User=0.04s Sys=0.02s Real=0.04s
[537.506s][info][gc,start       ] GC(1036) Pause Young (Allocation Failure)
[537.547s][info][gc,heap        ] GC(1036) PSYoungGen: 182336K(182784K)->2552K(220672K) Eden: 182272K(182272K)->0K(218112K) From: 64K(512K)->2552K(2560K)
[537.547s][info][gc,heap        ] GC(1036) ParOldGen: 556420K(557056K)->616264K(616448K)
[537.547s][info][gc,metaspace   ] GC(1036) Metaspace: 57840K(58112K)->57840K(58112K) NonClass: 49544K(49728K)->49544K(49728K) Class: 8295K(8384K)->8295K(8384K)
[537.547s][info][gc             ] GC(1036) Pause Young (Allocation Failure) 721M->604M(817M) 41.319ms
[537.547s][info][gc,cpu         ] GC(1036) User=0.04s Sys=0.04s Real=0.04s
[538.030s][info][gc,start       ] GC(1037) Pause Young (Allocation Failure)
[538.036s][info][gc,heap        ] GC(1037) PSYoungGen: 220445K(220672K)->1152K(252416K) Eden: 217893K(218112K)->0K(227328K) From: 2552K(2560K)->1152K(25088K)
[538.036s][info][gc,heap        ] GC(1037) ParOldGen: 616264K(616448K)->618815K(619008K)
[538.036s][info][gc,metaspace   ] GC(1037) Metaspace: 57840K(58112K)->57840K(58112K) NonClass: 49544K(49728K)->49544K(49728K) Class: 8295K(8384K)->8295K(8384K)
[538.036s][info][gc             ] GC(1037) Pause Young (Allocation Failure) 817M->605M(851M) 6.409ms
[538.036s][info][gc,cpu         ] GC(1037) User=0.01s Sys=0.00s Real=0.01s
[538.615s][info][gc,start       ] GC(1038) Pause Young (Allocation Failure)
[538.621s][info][gc,heap        ] GC(1038) PSYoungGen: 228258K(252416K)->1696K(286208K) Eden: 227106K(227328K)->0K(261632K) From: 1152K(25088K)->1696K(24576K)
[538.621s][info][gc,heap        ] GC(1038) ParOldGen: 618815K(619008K)->618943K(619008K)
[538.621s][info][gc,metaspace   ] GC(1038) Metaspace: 57840K(58112K)->57840K(58112K) NonClass: 49544K(49728K)->49544K(49728K) Class: 8295K(8384K)->8295K(8384K)
[538.621s][info][gc             ] GC(1038) Pause Young (Allocation Failure) 827M->606M(884M) 5.185ms
[538.621s][info][gc,cpu         ] GC(1038) User=0.01s Sys=0.01s Real=0.01s
[539.298s][info][gc,start       ] GC(1039) Pause Young (Allocation Failure)
[539.302s][info][gc,heap        ] GC(1039) PSYoungGen: 263328K(286208K)->1727K(285184K) Eden: 261632K(261632K)->0K(261632K) From: 1696K(24576K)->1727K(23552K)
[539.302s][info][gc,heap        ] GC(1039) ParOldGen: 618943K(619008K)->618959K(619008K)
[539.302s][info][gc,metaspace   ] GC(1039) Metaspace: 57840K(58112K)->57840K(58112K) NonClass: 49544K(49728K)->49544K(49728K) Class: 8295K(8384K)->8295K(8384K)
[539.302s][info][gc             ] GC(1039) Pause Young (Allocation Failure) 861M->606M(883M) 3.942ms
[539.302s][info][gc,cpu         ] GC(1039) User=0.01s Sys=0.00s Real=0.00s
[539.986s][info][gc,start       ] GC(1040) Pause Young (Allocation Failure)
[539.989s][info][gc,heap        ] GC(1040) PSYoungGen: 263359K(285184K)->288K(252416K) Eden: 261632K(261632K)->0K(251904K) From: 1727K(23552K)->288K(512K)
[539.989s][info][gc,heap        ] GC(1040) ParOldGen: 618959K(619008K)->618975K(619008K)
[539.989s][info][gc,metaspace   ] GC(1040) Metaspace: 57840K(58112K)->57840K(58112K) NonClass: 49544K(49728K)->49544K(49728K) Class: 8295K(8384K)->8295K(8384K)
[539.989s][info][gc             ] GC(1040) Pause Young (Allocation Failure) 861M->604M(851M) 2.565ms
[539.989s][info][gc,cpu         ] GC(1040) User=0.00s Sys=0.00s Real=0.00s
[540.606s][info][gc,start       ] GC(1041) Pause Young (Allocation Failure)
[540.611s][info][gc,heap        ] GC(1041) PSYoungGen: 251968K(252416K)->2176K(264192K) Eden: 251680K(251904K)->0K(242176K) From: 288K(512K)->2176K(22016K)
[540.611s][info][gc,heap        ] GC(1041) ParOldGen: 618975K(619008K)->618991K(619008K)
[540.611s][info][gc,metaspace   ] GC(1041) Metaspace: 57840K(58112K)->57840K(58112K) NonClass: 49544K(49728K)->49544K(49728K) Class: 8295K(8384K)->8295K(8384K)
[540.611s][info][gc             ] GC(1041) Pause Young (Allocation Failure) 850M->606M(862M) 4.851ms
[540.611s][info][gc,cpu         ] GC(1041) User=0.01s Sys=0.00s Real=0.00s
[541.208s][info][gc,start       ] GC(1042) Pause Young (Allocation Failure)
[541.215s][info][gc,heap        ] GC(1042) PSYoungGen: 244352K(264192K)->3070K(236032K) Eden: 242176K(242176K)->0K(232960K) From: 2176K(22016K)->3070K(3072K)
[541.215s][info][gc,heap        ] GC(1042) ParOldGen: 618991K(619008K)->619007K(619008K)
[541.215s][info][gc,metaspace   ] GC(1042) Metaspace: 57840K(58112K)->57840K(58112K) NonClass: 49544K(49728K)->49544K(49728K) Class: 8295K(8384K)->8295K(8384K)
[541.215s][info][gc             ] GC(1042) Pause Young (Allocation Failure) 843M->607M(835M) 6.530ms
[541.215s][info][gc,cpu         ] GC(1042) User=0.01s Sys=0.00s Real=0.00s
[541.814s][info][gc,start       ] GC(1043) Pause Young (Allocation Failure)
[541.818s][info][gc,heap        ] GC(1043) PSYoungGen: 236030K(236032K)->2143K(226816K) Eden: 232960K(232960K)->0K(224256K) From: 3070K(3072K)->2143K(2560K)
[541.818s][info][gc,heap        ] GC(1043) ParOldGen: 619007K(619008K)->619023K(619520K)
[541.818s][info][gc,metaspace   ] GC(1043) Metaspace: 57840K(58112K)->57840K(58112K) NonClass: 49544K(49728K)->49544K(49728K) Class: 8295K(8384K)->8295K(8384K)
[541.818s][info][gc             ] GC(1043) Pause Young (Allocation Failure) 834M->606M(826M) 4.639ms
[541.818s][info][gc,cpu         ] GC(1043) User=0.01s Sys=0.00s Real=0.01s
[542.403s][info][gc,start       ] GC(1044) Pause Young (Allocation Failure)
[542.408s][info][gc,heap        ] GC(1044) PSYoungGen: 226268K(226816K)->1760K(218112K) Eden: 224125K(224256K)->0K(216064K) From: 2143K(2560K)->1760K(2048K)
[542.408s][info][gc,heap        ] GC(1044) ParOldGen: 619023K(619520K)->619039K(619520K)
[542.408s][info][gc,metaspace   ] GC(1044) Metaspace: 57840K(58112K)->57840K(58112K) NonClass: 49544K(49728K)->49544K(49728K) Class: 8295K(8384K)->8295K(8384K)
[542.408s][info][gc             ] GC(1044) Pause Young (Allocation Failure) 825M->606M(818M) 4.947ms
[542.408s][info][gc,cpu         ] GC(1044) User=0.01s Sys=0.00s Real=0.01s
[542.970s][info][gc,start       ] GC(1045) Pause Young (Allocation Failure)
[542.974s][info][gc,heap        ] GC(1045) PSYoungGen: 217824K(218112K)->1471K(209920K) Eden: 216064K(216064K)->0K(208384K) From: 1760K(2048K)->1471K(1536K)
[542.974s][info][gc,heap        ] GC(1045) ParOldGen: 619039K(619520K)->619055K(619520K)
[542.974s][info][gc,metaspace   ] GC(1045) Metaspace: 57840K(58112K)->57840K(58112K) NonClass: 49544K(49728K)->49544K(49728K) Class: 8295K(8384K)->8295K(8384K)
[542.974s][info][gc             ] GC(1045) Pause Young (Allocation Failure) 817M->605M(810M) 3.653ms
[542.974s][info][gc,cpu         ] GC(1045) User=0.00s Sys=0.00s Real=0.00s
[543.492s][info][gc,start       ] GC(1046) Pause Young (Allocation Failure)
[543.496s][info][gc,heap        ] GC(1046) PSYoungGen: 209741K(209920K)->768K(201728K) Eden: 208270K(208384K)->0K(200704K) From: 1471K(1536K)->768K(1024K)
[543.496s][info][gc,heap        ] GC(1046) ParOldGen: 619055K(619520K)->619071K(619520K)
[543.496s][info][gc,metaspace   ] GC(1046) Metaspace: 57840K(58112K)->57840K(58112K) NonClass: 49544K(49728K)->49544K(49728K) Class: 8295K(8384K)->8295K(8384K)
[543.496s][info][gc             ] GC(1046) Pause Young (Allocation Failure) 809M->605M(802M) 4.736ms
[543.496s][info][gc,cpu         ] GC(1046) User=0.01s Sys=0.00s Real=0.01s
[544.001s][info][gc,start       ] GC(1047) Pause Young (Allocation Failure)
[544.005s][info][gc,heap        ] GC(1047) PSYoungGen: 201278K(201728K)->1536K(209408K) Eden: 200510K(200704K)->0K(193536K) From: 768K(1024K)->1536K(15872K)
[544.005s][info][gc,heap        ] GC(1047) ParOldGen: 619071K(619520K)->619087K(619520K)
[544.005s][info][gc,metaspace   ] GC(1047) Metaspace: 57840K(58112K)->57840K(58112K) NonClass: 49544K(49728K)->49544K(49728K) Class: 8295K(8384K)->8295K(8384K)
[544.005s][info][gc             ] GC(1047) Pause Young (Allocation Failure) 801M->606M(809M) 3.998ms
[544.005s][info][gc,cpu         ] GC(1047) User=0.00s Sys=0.00s Real=0.00s
[544.497s][info][gc,start       ] GC(1048) Pause Young (Allocation Failure)
[544.502s][info][gc,heap        ] GC(1048) PSYoungGen: 195072K(209408K)->1567K(188928K) Eden: 193536K(193536K)->0K(186880K) From: 1536K(15872K)->1567K(2048K)
[544.502s][info][gc,heap        ] GC(1048) ParOldGen: 619087K(619520K)->619103K(619520K)
[544.502s][info][gc,metaspace   ] GC(1048) Metaspace: 57840K(58112K)->57840K(58112K) NonClass: 49544K(49728K)->49544K(49728K) Class: 8295K(8384K)->8295K(8384K)
[544.502s][info][gc             ] GC(1048) Pause Young (Allocation Failure) 795M->606M(789M) 4.627ms
[544.502s][info][gc,cpu         ] GC(1048) User=0.00s Sys=0.00s Real=0.00s
[545.024s][info][gc,start       ] GC(1049) Pause Young (Allocation Failure)
[545.026s][info][gc,heap        ] GC(1049) PSYoungGen: 188447K(188928K)->384K(180736K) Eden: 186880K(186880K)->0K(180224K) From: 1567K(2048K)->384K(512K)
[545.026s][info][gc,heap        ] GC(1049) ParOldGen: 619103K(619520K)->619119K(619520K)
[545.026s][info][gc,metaspace   ] GC(1049) Metaspace: 57840K(58112K)->57840K(58112K) NonClass: 49544K(49728K)->49544K(49728K) Class: 8295K(8384K)->8295K(8384K)
[545.026s][info][gc             ] GC(1049) Pause Young (Allocation Failure) 788M->604M(781M) 2.694ms
[545.026s][info][gc,cpu         ] GC(1049) User=0.01s Sys=0.00s Real=0.01s
[545.419s][info][gc,start       ] GC(1050) Pause Young (Allocation Failure)
[545.425s][info][gc,heap        ] GC(1050) PSYoungGen: 180608K(180736K)->2719K(177152K) Eden: 180224K(180224K)->0K(174080K) From: 384K(512K)->2719K(3072K)
[545.425s][info][gc,heap        ] GC(1050) ParOldGen: 619119K(619520K)->619135K(619520K)
[545.425s][info][gc,metaspace   ] GC(1050) Metaspace: 57840K(58112K)->57840K(58112K) NonClass: 49544K(49728K)->49544K(49728K) Class: 8295K(8384K)->8295K(8384K)
[545.425s][info][gc             ] GC(1050) Pause Young (Allocation Failure) 780M->607M(778M) 5.945ms
[545.425s][info][gc,cpu         ] GC(1050) User=0.01s Sys=0.00s Real=0.00s
[545.904s][info][gc,start       ] GC(1051) Pause Young (Allocation Failure)
[545.909s][info][gc,heap        ] GC(1051) PSYoungGen: 176799K(177152K)->1567K(170496K) Eden: 174080K(174080K)->0K(168448K) From: 2719K(3072K)->1567K(2048K)
[545.909s][info][gc,heap        ] GC(1051) ParOldGen: 619135K(619520K)->619151K(619520K)
[545.909s][info][gc,metaspace   ] GC(1051) Metaspace: 57840K(58112K)->57840K(58112K) NonClass: 49544K(49728K)->49544K(49728K) Class: 8295K(8384K)->8295K(8384K)
[545.909s][info][gc             ] GC(1051) Pause Young (Allocation Failure) 777M->606M(771M) 4.961ms
[545.909s][info][gc,cpu         ] GC(1051) User=0.01s Sys=0.00s Real=0.01s
[546.308s][info][gc,start       ] GC(1052) Pause Young (Allocation Failure)
[546.313s][info][gc,heap        ] GC(1052) PSYoungGen: 170015K(170496K)->2431K(165376K) Eden: 168448K(168448K)->0K(162816K) From: 1567K(2048K)->2431K(2560K)
[546.313s][info][gc,heap        ] GC(1052) ParOldGen: 619151K(619520K)->619167K(619520K)
[546.313s][info][gc,metaspace   ] GC(1052) Metaspace: 57840K(58112K)->57840K(58112K) NonClass: 49544K(49728K)->49544K(49728K) Class: 8295K(8384K)->8295K(8384K)
[546.313s][info][gc             ] GC(1052) Pause Young (Allocation Failure) 770M->607M(766M) 5.534ms
[546.313s][info][gc,cpu         ] GC(1052) User=0.01s Sys=0.00s Real=0.00s
[546.720s][info][gc,start       ] GC(1053) Pause Young (Allocation Failure)
[546.725s][info][gc,heap        ] GC(1053) PSYoungGen: 165218K(165376K)->2143K(196608K) Eden: 162787K(162816K)->0K(194048K) From: 2431K(2560K)->2143K(2560K)
[546.725s][info][gc,heap        ] GC(1053) ParOldGen: 619167K(619520K)->619183K(619520K)
[546.725s][info][gc,metaspace   ] GC(1053) Metaspace: 57840K(58112K)->57840K(58112K) NonClass: 49544K(49728K)->49544K(49728K) Class: 8295K(8384K)->8295K(8384K)
[546.725s][info][gc             ] GC(1053) Pause Young (Allocation Failure) 766M->606M(797M) 4.653ms
[546.725s][info][gc,cpu         ] GC(1053) User=0.00s Sys=0.00s Real=0.00s
[547.217s][info][gc,start       ] GC(1054) Pause Young (Allocation Failure)
[547.222s][info][gc,heap        ] GC(1054) PSYoungGen: 195971K(196608K)->2176K(189952K) Eden: 193827K(194048K)->0K(187392K) From: 2143K(2560K)->2176K(2560K)
[547.222s][info][gc,heap        ] GC(1054) ParOldGen: 619183K(619520K)->619199K(619520K)
[547.222s][info][gc,metaspace   ] GC(1054) Metaspace: 57840K(58112K)->57840K(58112K) NonClass: 49544K(49728K)->49544K(49728K) Class: 8295K(8384K)->8295K(8384K)
[547.222s][info][gc             ] GC(1054) Pause Young (Allocation Failure) 796M->606M(790M) 5.303ms
[547.222s][info][gc,cpu         ] GC(1054) User=0.01s Sys=0.00s Real=0.00s
[547.740s][info][gc,start       ] GC(1055) Pause Young (Allocation Failure)
[547.752s][info][gc,heap        ] GC(1055) PSYoungGen: 189568K(189952K)->3199K(197120K) Eden: 187392K(187392K)->0K(187392K) From: 2176K(2560K)->3199K(9728K)
[547.752s][info][gc,heap        ] GC(1055) ParOldGen: 619199K(619520K)->619215K(619520K)
[547.752s][info][gc,metaspace   ] GC(1055) Metaspace: 57840K(58112K)->57840K(58112K) NonClass: 49544K(49728K)->49544K(49728K) Class: 8295K(8384K)->8295K(8384K)
[547.752s][info][gc             ] GC(1055) Pause Young (Allocation Failure) 789M->607M(797M) 11.857ms
[547.752s][info][gc,cpu         ] GC(1055) User=0.01s Sys=0.00s Real=0.01s
[548.299s][info][gc,start       ] GC(1056) Pause Young (Allocation Failure)
[548.304s][info][gc,heap        ] GC(1056) PSYoungGen: 190591K(197120K)->1440K(231936K) Eden: 187392K(187392K)->0K(223744K) From: 3199K(9728K)->1440K(8192K)
[548.304s][info][gc,heap        ] GC(1056) ParOldGen: 619215K(619520K)->619231K(619520K)
[548.304s][info][gc,metaspace   ] GC(1056) Metaspace: 57840K(58112K)->57840K(58112K) NonClass: 49544K(49728K)->49544K(49728K) Class: 8295K(8384K)->8295K(8384K)
[548.304s][info][gc             ] GC(1056) Pause Young (Allocation Failure) 790M->606M(831M) 5.275ms
[548.304s][info][gc,cpu         ] GC(1056) User=0.01s Sys=0.00s Real=0.00s
[548.886s][info][gc,start       ] GC(1057) Pause Young (Allocation Failure)
[548.888s][info][gc,heap        ] GC(1057) PSYoungGen: 225184K(231936K)->256K(232448K) Eden: 223744K(223744K)->0K(223744K) From: 1440K(8192K)->256K(8704K)
[548.888s][info][gc,heap        ] GC(1057) ParOldGen: 619231K(619520K)->619247K(619520K)
[548.888s][info][gc,metaspace   ] GC(1057) Metaspace: 57840K(58112K)->57840K(58112K) NonClass: 49544K(49728K)->49544K(49728K) Class: 8295K(8384K)->8295K(8384K)
[548.888s][info][gc             ] GC(1057) Pause Young (Allocation Failure) 824M->604M(832M) 2.382ms
[548.888s][info][gc,cpu         ] GC(1057) User=0.00s Sys=0.00s Real=0.00s
[549.423s][info][gc,start       ] GC(1058) Pause Young (Allocation Failure)
[549.429s][info][gc,heap        ] GC(1058) PSYoungGen: 224000K(232448K)->2590K(274432K) Eden: 223744K(223744K)->0K(266752K) From: 256K(8704K)->2590K(7680K)
[549.429s][info][gc,heap        ] GC(1058) ParOldGen: 619247K(619520K)->619263K(619520K)
[549.429s][info][gc,metaspace   ] GC(1058) Metaspace: 57840K(58112K)->57840K(58112K) NonClass: 49544K(49728K)->49544K(49728K) Class: 8295K(8384K)->8295K(8384K)
[549.429s][info][gc             ] GC(1058) Pause Young (Allocation Failure) 823M->607M(873M) 5.761ms
[549.429s][info][gc,cpu         ] GC(1058) User=0.01s Sys=0.00s Real=0.01s
[550.125s][info][gc,start       ] GC(1059) Pause Young (Allocation Failure)
[550.129s][info][gc,heap        ] GC(1059) PSYoungGen: 269302K(274432K)->1216K(258048K) Eden: 266711K(266752K)->0K(256512K) From: 2590K(7680K)->1216K(1536K)
[550.130s][info][gc,heap        ] GC(1059) ParOldGen: 619263K(619520K)->619279K(619520K)
[550.130s][info][gc,metaspace   ] GC(1059) Metaspace: 57840K(58112K)->57840K(58112K) NonClass: 49544K(49728K)->49544K(49728K) Class: 8295K(8384K)->8295K(8384K)
[550.130s][info][gc             ] GC(1059) Pause Young (Allocation Failure) 867M->605M(857M) 4.172ms
[550.130s][info][gc,cpu         ] GC(1059) User=0.01s Sys=0.00s Real=0.01s
[550.793s][info][gc,start       ] GC(1060) Pause Young (Allocation Failure)
[550.796s][info][gc,heap        ] GC(1060) PSYoungGen: 257728K(258048K)->1182K(248320K) Eden: 256512K(256512K)->0K(246784K) From: 1216K(1536K)->1182K(1536K)
[550.796s][info][gc,heap        ] GC(1060) ParOldGen: 619279K(619520K)->619295K(619520K)
[550.796s][info][gc,metaspace   ] GC(1060) Metaspace: 57840K(58112K)->57840K(58112K) NonClass: 49544K(49728K)->49544K(49728K) Class: 8295K(8384K)->8295K(8384K)
[550.796s][info][gc             ] GC(1060) Pause Young (Allocation Failure) 856M->605M(847M) 3.447ms
[550.796s][info][gc,cpu         ] GC(1060) User=0.00s Sys=0.00s Real=0.01s
[551.405s][info][gc,start       ] GC(1061) Pause Young (Allocation Failure)
[551.409s][info][gc,heap        ] GC(1061) PSYoungGen: 247966K(248320K)->1600K(239616K) Eden: 246784K(246784K)->0K(237568K) From: 1182K(1536K)->1600K(2048K)
[551.409s][info][gc,heap        ] GC(1061) ParOldGen: 619295K(619520K)->619311K(619520K)
[551.409s][info][gc,metaspace   ] GC(1061) Metaspace: 57840K(58112K)->57840K(58112K) NonClass: 49544K(49728K)->49544K(49728K) Class: 8295K(8384K)->8295K(8384K)
[551.409s][info][gc             ] GC(1061) Pause Young (Allocation Failure) 846M->606M(839M) 4.080ms
[551.409s][info][gc,cpu         ] GC(1061) User=0.00s Sys=0.00s Real=0.01s
[552.008s][info][gc,start       ] GC(1062) Pause Young (Allocation Failure)
[552.012s][info][gc,heap        ] GC(1062) PSYoungGen: 239168K(239616K)->1504K(230400K) Eden: 237568K(237568K)->0K(228864K) From: 1600K(2048K)->1504K(1536K)
[552.012s][info][gc,heap        ] GC(1062) ParOldGen: 619311K(619520K)->619327K(619520K)
[552.012s][info][gc,metaspace   ] GC(1062) Metaspace: 57840K(58112K)->57840K(58112K) NonClass: 49544K(49728K)->49544K(49728K) Class: 8295K(8384K)->8295K(8384K)
[552.012s][info][gc             ] GC(1062) Pause Young (Allocation Failure) 838M->606M(830M) 4.352ms
[552.012s][info][gc,cpu         ] GC(1062) User=0.01s Sys=0.00s Real=0.00s
[552.608s][info][gc,start       ] GC(1063) Pause Young (Allocation Failure)
[552.612s][info][gc,heap        ] GC(1063) PSYoungGen: 230368K(230400K)->1440K(222208K) Eden: 228864K(228864K)->0K(220672K) From: 1504K(1536K)->1440K(1536K)
[552.612s][info][gc,heap        ] GC(1063) ParOldGen: 619327K(619520K)->619343K(619520K)
[552.612s][info][gc,metaspace   ] GC(1063) Metaspace: 57840K(58112K)->57840K(58112K) NonClass: 49544K(49728K)->49544K(49728K) Class: 8295K(8384K)->8295K(8384K)
[552.612s][info][gc             ] GC(1063) Pause Young (Allocation Failure) 829M->606M(822M) 4.001ms
[552.612s][info][gc,cpu         ] GC(1063) User=0.00s Sys=0.00s Real=0.00s
[553.192s][info][gc,start       ] GC(1064) Pause Young (Allocation Failure)
[553.196s][info][gc,heap        ] GC(1064) PSYoungGen: 222112K(222208K)->821K(213504K) Eden: 220672K(220672K)->0K(212480K) From: 1440K(1536K)->821K(1024K)
[553.196s][info][gc,heap        ] GC(1064) ParOldGen: 619343K(619520K)->619359K(619520K)
[553.196s][info][gc,metaspace   ] GC(1064) Metaspace: 57840K(58112K)->57840K(58112K) NonClass: 49544K(49728K)->49544K(49728K) Class: 8295K(8384K)->8295K(8384K)
[553.196s][info][gc             ] GC(1064) Pause Young (Allocation Failure) 821M->605M(813M) 3.315ms
[553.196s][info][gc,cpu         ] GC(1064) User=0.01s Sys=0.00s Real=0.00s
[553.711s][info][gc,start       ] GC(1065) Pause Young (Allocation Failure)
[553.715s][info][gc,heap        ] GC(1065) PSYoungGen: 213301K(213504K)->1919K(210944K) Eden: 212480K(212480K)->0K(204800K) From: 821K(1024K)->1919K(6144K)
[553.715s][info][gc,heap        ] GC(1065) ParOldGen: 619359K(619520K)->619375K(619520K)
[553.715s][info][gc,metaspace   ] GC(1065) Metaspace: 57840K(58112K)->57840K(58112K) NonClass: 49544K(49728K)->49544K(49728K) Class: 8295K(8384K)->8295K(8384K)
[553.715s][info][gc             ] GC(1065) Pause Young (Allocation Failure) 813M->606M(811M) 4.246ms
[553.715s][info][gc,cpu         ] GC(1065) User=0.01s Sys=0.00s Real=0.00s
[554.333s][info][gc,start       ] GC(1066) Pause Young (Allocation Failure)
[554.337s][info][gc,heap        ] GC(1066) PSYoungGen: 206719K(210944K)->1088K(199168K) Eden: 204800K(204800K)->0K(197632K) From: 1919K(6144K)->1088K(1536K)
[554.337s][info][gc,heap        ] GC(1066) ParOldGen: 619375K(619520K)->619391K(619520K)
[554.337s][info][gc,metaspace   ] GC(1066) Metaspace: 57840K(58112K)->57840K(58112K) NonClass: 49544K(49728K)->49544K(49728K) Class: 8295K(8384K)->8295K(8384K)
[554.337s][info][gc             ] GC(1066) Pause Young (Allocation Failure) 806M->605M(799M) 3.979ms
[554.337s][info][gc,cpu         ] GC(1066) User=0.01s Sys=0.00s Real=0.01s
[554.737s][info][gc,start       ] GC(1067) Pause Young (Allocation Failure)
[554.740s][info][gc,heap        ] GC(1067) PSYoungGen: 198507K(199168K)->288K(190976K) Eden: 197419K(197632K)->0K(190464K) From: 1088K(1536K)->288K(512K)
[554.740s][info][gc,heap        ] GC(1067) ParOldGen: 619391K(619520K)->619407K(619520K)
[554.740s][info][gc,metaspace   ] GC(1067) Metaspace: 57840K(58112K)->57840K(58112K) NonClass: 49544K(49728K)->49544K(49728K) Class: 8295K(8384K)->8295K(8384K)
[554.740s][info][gc             ] GC(1067) Pause Young (Allocation Failure) 798M->605M(791M) 2.716ms
[554.740s][info][gc,cpu         ] GC(1067) User=0.01s Sys=0.00s Real=0.00s
[555.228s][info][gc,start       ] GC(1068) Pause Young (Allocation Failure)
[555.232s][info][gc,heap        ] GC(1068) PSYoungGen: 190752K(190976K)->1311K(185344K) Eden: 190464K(190464K)->0K(183808K) From: 288K(512K)->1311K(1536K)
[555.232s][info][gc,heap        ] GC(1068) ParOldGen: 619407K(619520K)->619423K(619520K)
[555.232s][info][gc,metaspace   ] GC(1068) Metaspace: 57840K(58112K)->57840K(58112K) NonClass: 49544K(49728K)->49544K(49728K) Class: 8295K(8384K)->8295K(8384K)
[555.232s][info][gc             ] GC(1068) Pause Young (Allocation Failure) 791M->606M(786M) 3.555ms
[555.232s][info][gc,cpu         ] GC(1068) User=0.01s Sys=0.00s Real=0.00s
[555.716s][info][gc,start       ] GC(1069) Pause Young (Allocation Failure)
[555.725s][info][gc,heap        ] GC(1069) PSYoungGen: 185119K(185344K)->2815K(180736K) Eden: 183808K(183808K)->0K(177664K) From: 1311K(1536K)->2815K(3072K)
[555.725s][info][gc,heap        ] GC(1069) ParOldGen: 619423K(619520K)->619439K(619520K)
[555.725s][info][gc,metaspace   ] GC(1069) Metaspace: 57840K(58112K)->57840K(58112K) NonClass: 49544K(49728K)->49544K(49728K) Class: 8295K(8384K)->8295K(8384K)
[555.725s][info][gc             ] GC(1069) Pause Young (Allocation Failure) 785M->607M(781M) 8.494ms
[555.725s][info][gc,cpu         ] GC(1069) User=0.00s Sys=0.00s Real=0.00s
[556.189s][info][gc,start       ] GC(1070) Pause Young (Allocation Failure)
[556.193s][info][gc,heap        ] GC(1070) PSYoungGen: 180479K(180736K)->288K(172032K) Eden: 177664K(177664K)->0K(171520K) From: 2815K(3072K)->288K(512K)
[556.193s][info][gc,heap        ] GC(1070) ParOldGen: 619439K(619520K)->619455K(619520K)
[556.193s][info][gc,metaspace   ] GC(1070) Metaspace: 57840K(58112K)->57840K(58112K) NonClass: 49544K(49728K)->49544K(49728K) Class: 8295K(8384K)->8295K(8384K)
[556.193s][info][gc             ] GC(1070) Pause Young (Allocation Failure) 781M->605M(773M) 3.865ms
[556.193s][info][gc,cpu         ] GC(1070) User=0.01s Sys=0.00s Real=0.00s
[556.609s][info][gc,start       ] GC(1071) Pause Young (Allocation Failure)
[556.627s][info][gc,heap        ] GC(1071) PSYoungGen: 171808K(172032K)->2176K(209920K) Eden: 171520K(171520K)->0K(204800K) From: 288K(512K)->2176K(5120K)
[556.627s][info][gc,heap        ] GC(1071) ParOldGen: 619455K(619520K)->619471K(619520K)
[556.627s][info][gc,metaspace   ] GC(1071) Metaspace: 57840K(58112K)->57840K(58112K) NonClass: 49544K(49728K)->49544K(49728K) Class: 8295K(8384K)->8295K(8384K)
[556.627s][info][gc             ] GC(1071) Pause Young (Allocation Failure) 772M->607M(810M) 18.670ms
[556.627s][info][gc,cpu         ] GC(1071) User=0.01s Sys=0.00s Real=0.02s
[557.119s][info][gc,start       ] GC(1072) Pause Young (Allocation Failure)
[557.124s][info][gc,heap        ] GC(1072) PSYoungGen: 206976K(209920K)->2304K(236544K) Eden: 204800K(204800K)->0K(231424K) From: 2176K(5120K)->2304K(5120K)
[557.124s][info][gc,heap        ] GC(1072) ParOldGen: 619471K(619520K)->619487K(619520K)
[557.124s][info][gc,metaspace   ] GC(1072) Metaspace: 57840K(58112K)->57840K(58112K) NonClass: 49544K(49728K)->49544K(49728K) Class: 8295K(8384K)->8295K(8384K)
[557.124s][info][gc             ] GC(1072) Pause Young (Allocation Failure) 807M->607M(836M) 4.995ms
[557.124s][info][gc,cpu         ] GC(1072) User=0.01s Sys=0.00s Real=0.00s
[557.718s][info][gc,start       ] GC(1073) Pause Young (Allocation Failure)
[557.723s][info][gc,heap        ] GC(1073) PSYoungGen: 233628K(236544K)->2144K(236544K) Eden: 231324K(231424K)->0K(231424K) From: 2304K(5120K)->2144K(5120K)
[557.723s][info][gc,heap        ] GC(1073) ParOldGen: 619487K(619520K)->619503K(619520K)
[557.723s][info][gc,metaspace   ] GC(1073) Metaspace: 57840K(58112K)->57840K(58112K) NonClass: 49544K(49728K)->49544K(49728K) Class: 8295K(8384K)->8295K(8384K)
[557.723s][info][gc             ] GC(1073) Pause Young (Allocation Failure) 833M->607M(836M) 5.099ms
[557.723s][info][gc,cpu         ] GC(1073) User=0.01s Sys=0.00s Real=0.00s
[558.314s][info][gc,start       ] GC(1074) Pause Young (Allocation Failure)
[558.318s][info][gc,heap        ] GC(1074) PSYoungGen: 233385K(236544K)->1376K(280064K) Eden: 231241K(231424K)->0K(275968K) From: 2144K(5120K)->1376K(4096K)
[558.318s][info][gc,heap        ] GC(1074) ParOldGen: 619503K(619520K)->619519K(619520K)
[558.318s][info][gc,metaspace   ] GC(1074) Metaspace: 57840K(58112K)->57840K(58112K) NonClass: 49544K(49728K)->49544K(49728K) Class: 8295K(8384K)->8295K(8384K)
[558.318s][info][gc             ] GC(1074) Pause Young (Allocation Failure) 832M->606M(878M) 4.289ms
[558.318s][info][gc,cpu         ] GC(1074) User=0.01s Sys=0.00s Real=0.01s
[559.024s][info][gc,start       ] GC(1075) Pause Young (Allocation Failure)
[559.031s][info][gc,heap        ] GC(1075) PSYoungGen: 277344K(280064K)->1472K(280576K) Eden: 275968K(275968K)->0K(275968K) From: 1376K(4096K)->1472K(4608K)
[559.031s][info][gc,heap        ] GC(1075) ParOldGen: 619519K(619520K)->619535K(620032K)
[559.031s][info][gc,metaspace   ] GC(1075) Metaspace: 57840K(58112K)->57840K(58112K) NonClass: 49544K(49728K)->49544K(49728K) Class: 8295K(8384K)->8295K(8384K)
[559.031s][info][gc             ] GC(1075) Pause Young (Allocation Failure) 875M->606M(879M) 7.451ms
[559.031s][info][gc,cpu         ] GC(1075) User=0.01s Sys=0.00s Real=0.01s
[559.715s][info][gc,start       ] GC(1076) Pause Young (Allocation Failure)
[559.720s][info][gc,heap        ] GC(1076) PSYoungGen: 277440K(280576K)->1600K(328192K) Eden: 275968K(275968K)->0K(324608K) From: 1472K(4608K)->1600K(3584K)
[559.720s][info][gc,heap        ] GC(1076) ParOldGen: 619535K(620032K)->619551K(620032K)
[559.720s][info][gc,metaspace   ] GC(1076) Metaspace: 57840K(58112K)->57840K(58112K) NonClass: 49544K(49728K)->49544K(49728K) Class: 8295K(8384K)->8295K(8384K)
[559.720s][info][gc             ] GC(1076) Pause Young (Allocation Failure) 875M->606M(926M) 4.688ms
[559.720s][info][gc,cpu         ] GC(1076) User=0.01s Sys=0.00s Real=0.01s
[560.553s][info][gc,start       ] GC(1077) Pause Young (Allocation Failure)
[560.556s][info][gc,heap        ] GC(1077) PSYoungGen: 325988K(328192K)->832K(312832K) Eden: 324388K(324608K)->0K(311808K) From: 1600K(3584K)->832K(1024K)
[560.556s][info][gc,heap        ] GC(1077) ParOldGen: 619551K(620032K)->619567K(620032K)
[560.556s][info][gc,metaspace   ] GC(1077) Metaspace: 57840K(58112K)->57840K(58112K) NonClass: 49544K(49728K)->49544K(49728K) Class: 8295K(8384K)->8295K(8384K)
[560.556s][info][gc             ] GC(1077) Pause Young (Allocation Failure) 923M->605M(911M) 3.519ms
[560.556s][info][gc,cpu         ] GC(1077) User=0.01s Sys=0.00s Real=0.01s
[561.324s][info][gc,start       ] GC(1078) Pause Young (Allocation Failure)
[561.328s][info][gc,heap        ] GC(1078) PSYoungGen: 312386K(312832K)->896K(300544K) Eden: 311554K(311808K)->0K(299520K) From: 832K(1024K)->896K(1024K)
[561.328s][info][gc,heap        ] GC(1078) ParOldGen: 619567K(620032K)->619583K(620032K)
[561.328s][info][gc,metaspace   ] GC(1078) Metaspace: 57840K(58112K)->57840K(58112K) NonClass: 49544K(49728K)->49544K(49728K) Class: 8295K(8384K)->8295K(8384K)
[561.328s][info][gc             ] GC(1078) Pause Young (Allocation Failure) 910M->605M(899M) 3.680ms
[561.328s][info][gc,cpu         ] GC(1078) User=0.01s Sys=0.00s Real=0.01s
[562.111s][info][gc,start       ] GC(1079) Pause Young (Allocation Failure)
[562.116s][info][gc,heap        ] GC(1079) PSYoungGen: 300416K(300544K)->2526K(290304K) Eden: 299520K(299520K)->0K(287744K) From: 896K(1024K)->2526K(2560K)
[562.116s][info][gc,heap        ] GC(1079) ParOldGen: 619583K(620032K)->619599K(620032K)
[562.116s][info][gc,metaspace   ] GC(1079) Metaspace: 57840K(58112K)->57840K(58112K) NonClass: 49544K(49728K)->49544K(49728K) Class: 8295K(8384K)->8295K(8384K)
[562.116s][info][gc             ] GC(1079) Pause Young (Allocation Failure) 898M->607M(889M) 4.813ms
[562.116s][info][gc,cpu         ] GC(1079) User=0.01s Sys=0.00s Real=0.01s
[562.834s][info][gc,start       ] GC(1080) Pause Young (Allocation Failure)
[562.838s][info][gc,heap        ] GC(1080) PSYoungGen: 290270K(290304K)->959K(277504K) Eden: 287744K(287744K)->0K(276480K) From: 2526K(2560K)->959K(1024K)
[562.838s][info][gc,heap        ] GC(1080) ParOldGen: 619599K(620032K)->619615K(620032K)
[562.838s][info][gc,metaspace   ] GC(1080) Metaspace: 57840K(58112K)->57840K(58112K) NonClass: 49544K(49728K)->49544K(49728K) Class: 8295K(8384K)->8295K(8384K)
[562.838s][info][gc             ] GC(1080) Pause Young (Allocation Failure) 888M->606M(876M) 3.275ms
[562.838s][info][gc,cpu         ] GC(1080) User=0.00s Sys=0.00s Real=0.01s
[563.586s][info][gc,start       ] GC(1081) Pause Young (Allocation Failure)
[563.589s][info][gc,heap        ] GC(1081) PSYoungGen: 277439K(277504K)->354K(266240K) Eden: 276480K(276480K)->0K(265728K) From: 959K(1024K)->354K(512K)
[563.589s][info][gc,heap        ] GC(1081) ParOldGen: 619615K(620032K)->619631K(620032K)
[563.589s][info][gc,metaspace   ] GC(1081) Metaspace: 57840K(58112K)->57840K(58112K) NonClass: 49544K(49728K)->49544K(49728K) Class: 8295K(8384K)->8295K(8384K)
[563.589s][info][gc             ] GC(1081) Pause Young (Allocation Failure) 876M->605M(865M) 2.725ms
[563.589s][info][gc,cpu         ] GC(1081) User=0.01s Sys=0.00s Real=0.00s
[564.229s][info][gc,start       ] GC(1082) Pause Young (Allocation Failure)
[564.233s][info][gc,heap        ] GC(1082) PSYoungGen: 266082K(266240K)->1471K(257024K) Eden: 265728K(265728K)->0K(255488K) From: 354K(512K)->1471K(1536K)
[564.233s][info][gc,heap        ] GC(1082) ParOldGen: 619631K(620032K)->619647K(620032K)
[564.233s][info][gc,metaspace   ] GC(1082) Metaspace: 57840K(58112K)->57840K(58112K) NonClass: 49544K(49728K)->49544K(49728K) Class: 8295K(8384K)->8295K(8384K)
[564.233s][info][gc             ] GC(1082) Pause Young (Allocation Failure) 864M->606M(856M) 3.763ms
[564.233s][info][gc,cpu         ] GC(1082) User=0.00s Sys=0.00s Real=0.00s
[564.906s][info][gc,start       ] GC(1083) Pause Young (Allocation Failure)
[564.910s][info][gc,heap        ] GC(1083) PSYoungGen: 256959K(257024K)->1631K(247808K) Eden: 255488K(255488K)->0K(245760K) From: 1471K(1536K)->1631K(2048K)
[564.910s][info][gc,heap        ] GC(1083) ParOldGen: 619647K(620032K)->619663K(620032K)
[564.910s][info][gc,metaspace   ] GC(1083) Metaspace: 57840K(58112K)->57840K(58112K) NonClass: 49544K(49728K)->49544K(49728K) Class: 8295K(8384K)->8295K(8384K)
[564.910s][info][gc             ] GC(1083) Pause Young (Allocation Failure) 856M->606M(847M) 3.941ms
[564.910s][info][gc,cpu         ] GC(1083) User=0.01s Sys=0.00s Real=0.00s
[565.572s][info][gc,start       ] GC(1084) Pause Young (Allocation Failure)
[565.574s][info][gc,heap        ] GC(1084) PSYoungGen: 247323K(247808K)->320K(237056K) Eden: 245692K(245760K)->0K(236544K) From: 1631K(2048K)->320K(512K)
[565.574s][info][gc,heap        ] GC(1084) ParOldGen: 619663K(620032K)->619679K(620032K)
[565.574s][info][gc,metaspace   ] GC(1084) Metaspace: 57840K(58112K)->57840K(58112K) NonClass: 49544K(49728K)->49544K(49728K) Class: 8295K(8384K)->8295K(8384K)
[565.574s][info][gc             ] GC(1084) Pause Young (Allocation Failure) 846M->605M(837M) 2.762ms
[565.574s][info][gc,cpu         ] GC(1084) User=0.01s Sys=0.00s Real=0.00s
[566.119s][info][gc,start       ] GC(1085) Pause Young (Allocation Failure)
[566.124s][info][gc,heap        ] GC(1085) PSYoungGen: 236823K(237056K)->1952K(231424K) Eden: 236503K(236544K)->0K(227840K) From: 320K(512K)->1952K(3584K)
[566.124s][info][gc,heap        ] GC(1085) ParOldGen: 619679K(620032K)->619695K(620032K)
[566.124s][info][gc,metaspace   ] GC(1085) Metaspace: 57840K(58112K)->57840K(58112K) NonClass: 49544K(49728K)->49544K(49728K) Class: 8295K(8384K)->8295K(8384K)
[566.124s][info][gc             ] GC(1085) Pause Young (Allocation Failure) 836M->607M(831M) 4.701ms
[566.124s][info][gc,cpu         ] GC(1085) User=0.01s Sys=0.00s Real=0.00s
[566.816s][info][gc,start       ] GC(1086) Pause Young (Allocation Failure)
[566.822s][info][gc,heap        ] GC(1086) PSYoungGen: 229792K(231424K)->3358K(223232K) Eden: 227840K(227840K)->0K(219648K) From: 1952K(3584K)->3358K(3584K)
[566.822s][info][gc,heap        ] GC(1086) ParOldGen: 619695K(620032K)->619711K(620032K)
[566.822s][info][gc,metaspace   ] GC(1086) Metaspace: 57840K(58112K)->57840K(58112K) NonClass: 49544K(49728K)->49544K(49728K) Class: 8295K(8384K)->8295K(8384K)
[566.822s][info][gc             ] GC(1086) Pause Young (Allocation Failure) 829M->608M(823M) 5.956ms
[566.822s][info][gc,cpu         ] GC(1086) User=0.01s Sys=0.00s Real=0.00s
[567.300s][info][gc,start       ] GC(1087) Pause Young (Allocation Failure)
[567.305s][info][gc,heap        ] GC(1087) PSYoungGen: 223006K(223232K)->1888K(213504K) Eden: 219648K(219648K)->0K(211456K) From: 3358K(3584K)->1888K(2048K)
[567.305s][info][gc,heap        ] GC(1087) ParOldGen: 619711K(620032K)->619727K(620032K)
[567.305s][info][gc,metaspace   ] GC(1087) Metaspace: 57840K(58112K)->57840K(58112K) NonClass: 49544K(49728K)->49544K(49728K) Class: 8295K(8384K)->8295K(8384K)
[567.306s][info][gc             ] GC(1087) Pause Young (Allocation Failure) 822M->607M(814M) 5.570ms
[567.306s][info][gc,cpu         ] GC(1087) User=0.01s Sys=0.00s Real=0.00s
[567.826s][info][gc,start       ] GC(1088) Pause Young (Allocation Failure)
[567.830s][info][gc,heap        ] GC(1088) PSYoungGen: 213344K(213504K)->1983K(205824K) Eden: 211456K(211456K)->0K(203776K) From: 1888K(2048K)->1983K(2048K)
[567.830s][info][gc,heap        ] GC(1088) ParOldGen: 619727K(620032K)->619743K(620032K)
[567.830s][info][gc,metaspace   ] GC(1088) Metaspace: 57840K(58112K)->57840K(58112K) NonClass: 49544K(49728K)->49544K(49728K) Class: 8295K(8384K)->8295K(8384K)
[567.830s][info][gc             ] GC(1088) Pause Young (Allocation Failure) 813M->607M(806M) 4.367ms
[567.830s][info][gc,cpu         ] GC(1088) User=0.01s Sys=0.00s Real=0.00s
[568.386s][info][gc,start       ] GC(1089) Pause Young (Allocation Failure)
[568.388s][info][gc,heap        ] GC(1089) PSYoungGen: 205759K(205824K)->349K(197120K) Eden: 203776K(203776K)->0K(196608K) From: 1983K(2048K)->349K(512K)
[568.388s][info][gc,heap        ] GC(1089) ParOldGen: 619743K(620032K)->619759K(620032K)
[568.388s][info][gc,metaspace   ] GC(1089) Metaspace: 57840K(58112K)->57840K(58112K) NonClass: 49544K(49728K)->49544K(49728K) Class: 8295K(8384K)->8295K(8384K)
[568.388s][info][gc             ] GC(1089) Pause Young (Allocation Failure) 806M->605M(798M) 2.448ms
[568.388s][info][gc,cpu         ] GC(1089) User=0.00s Sys=0.00s Real=0.00s
[568.889s][info][gc,start       ] GC(1090) Pause Young (Allocation Failure)
[568.892s][info][gc,heap        ] GC(1090) PSYoungGen: 196957K(197120K)->734K(190464K) Eden: 196608K(196608K)->0K(189440K) From: 349K(512K)->734K(1024K)
[568.892s][info][gc,heap        ] GC(1090) ParOldGen: 619759K(620032K)->619775K(620032K)
[568.892s][info][gc,metaspace   ] GC(1090) Metaspace: 57840K(58112K)->57840K(58112K) NonClass: 49544K(49728K)->49544K(49728K) Class: 8295K(8384K)->8295K(8384K)
[568.892s][info][gc             ] GC(1090) Pause Young (Allocation Failure) 797M->605M(791M) 3.066ms
[568.892s][info][gc,cpu         ] GC(1090) User=0.00s Sys=0.00s Real=0.00s
[569.368s][info][gc,start       ] GC(1091) Pause Young (Allocation Failure)
[569.370s][info][gc,heap        ] GC(1091) PSYoungGen: 190174K(190464K)->575K(186880K) Eden: 189440K(189440K)->0K(182784K) From: 734K(1024K)->575K(4096K)
[569.370s][info][gc,heap        ] GC(1091) ParOldGen: 619775K(620032K)->619791K(620032K)
[569.370s][info][gc,metaspace   ] GC(1091) Metaspace: 57840K(58112K)->57840K(58112K) NonClass: 49544K(49728K)->49544K(49728K) Class: 8295K(8384K)->8295K(8384K)
[569.370s][info][gc             ] GC(1091) Pause Young (Allocation Failure) 790M->605M(788M) 2.462ms
[569.370s][info][gc,cpu         ] GC(1091) User=0.01s Sys=0.00s Real=0.00s
[569.823s][info][gc,start       ] GC(1092) Pause Young (Allocation Failure)
[569.827s][info][gc,heap        ] GC(1092) PSYoungGen: 183359K(186880K)->1888K(178688K) Eden: 182784K(182784K)->0K(176640K) From: 575K(4096K)->1888K(2048K)
[569.827s][info][gc,heap        ] GC(1092) ParOldGen: 619791K(620032K)->619807K(620032K)
[569.827s][info][gc,metaspace   ] GC(1092) Metaspace: 57840K(58112K)->57840K(58112K) NonClass: 49544K(49728K)->49544K(49728K) Class: 8295K(8384K)->8295K(8384K)
[569.827s][info][gc             ] GC(1092) Pause Young (Allocation Failure) 784M->607M(780M) 4.553ms
[569.827s][info][gc,cpu         ] GC(1092) User=0.01s Sys=0.00s Real=0.01s
[570.296s][info][gc,start       ] GC(1093) Pause Young (Allocation Failure)
[570.299s][info][gc,heap        ] GC(1093) PSYoungGen: 178528K(178688K)->542K(171520K) Eden: 176640K(176640K)->0K(170496K) From: 1888K(2048K)->542K(1024K)
[570.299s][info][gc,heap        ] GC(1093) ParOldGen: 619807K(620032K)->619823K(620032K)
[570.299s][info][gc,metaspace   ] GC(1093) Metaspace: 57840K(58112K)->57840K(58112K) NonClass: 49544K(49728K)->49544K(49728K) Class: 8295K(8384K)->8295K(8384K)
[570.299s][info][gc             ] GC(1093) Pause Young (Allocation Failure) 779M->605M(773M) 2.778ms
[570.299s][info][gc,cpu         ] GC(1093) User=0.00s Sys=0.00s Real=0.00s
[570.705s][info][gc,start       ] GC(1094) Pause Young (Allocation Failure)
[570.709s][info][gc,heap        ] GC(1094) PSYoungGen: 171038K(171520K)->1854K(166912K) Eden: 170496K(170496K)->0K(164864K) From: 542K(1024K)->1854K(2048K)
[570.709s][info][gc,heap        ] GC(1094) ParOldGen: 619823K(620032K)->619839K(620032K)
[570.709s][info][gc,metaspace   ] GC(1094) Metaspace: 57840K(58112K)->57840K(58112K) NonClass: 49544K(49728K)->49544K(49728K) Class: 8295K(8384K)->8295K(8384K)
[570.709s][info][gc             ] GC(1094) Pause Young (Allocation Failure) 772M->607M(768M) 3.735ms
[570.709s][info][gc,cpu         ] GC(1094) User=0.01s Sys=0.00s Real=0.01s
[571.119s][info][gc,start       ] GC(1095) Pause Young (Allocation Failure)
[571.123s][info][gc,heap        ] GC(1095) PSYoungGen: 166718K(166912K)->2526K(161792K) Eden: 164864K(164864K)->0K(159232K) From: 1854K(2048K)->2526K(2560K)
[571.123s][info][gc,heap        ] GC(1095) ParOldGen: 619839K(620032K)->619855K(620032K)
[571.123s][info][gc,metaspace   ] GC(1095) Metaspace: 57840K(58112K)->57840K(58112K) NonClass: 49544K(49728K)->49544K(49728K) Class: 8295K(8384K)->8295K(8384K)
[571.123s][info][gc             ] GC(1095) Pause Young (Allocation Failure) 768M->607M(763M) 4.685ms
[571.124s][info][gc,cpu         ] GC(1095) User=0.01s Sys=0.00s Real=0.00s
[571.529s][info][gc,start       ] GC(1096) Pause Young (Allocation Failure)
[571.534s][info][gc,heap        ] GC(1096) PSYoungGen: 161502K(161792K)->2016K(156160K) Eden: 158976K(159232K)->0K(154112K) From: 2526K(2560K)->2016K(2048K)
[571.534s][info][gc,heap        ] GC(1096) ParOldGen: 619855K(620032K)->619871K(620032K)
[571.534s][info][gc,metaspace   ] GC(1096) Metaspace: 57840K(58112K)->57840K(58112K) NonClass: 49544K(49728K)->49544K(49728K) Class: 8295K(8384K)->8295K(8384K)
[571.534s][info][gc             ] GC(1096) Pause Young (Allocation Failure) 763M->607M(758M) 4.726ms
[571.534s][info][gc,cpu         ] GC(1096) User=0.01s Sys=0.00s Real=0.00s
[571.921s][info][gc,start       ] GC(1097) Pause Young (Allocation Failure)
[571.926s][info][gc,heap        ] GC(1097) PSYoungGen: 156128K(156160K)->2623K(152064K) Eden: 154112K(154112K)->0K(148992K) From: 2016K(2048K)->2623K(3072K)
[571.926s][info][gc,heap        ] GC(1097) ParOldGen: 619871K(620032K)->619887K(620032K)
[571.926s][info][gc,metaspace   ] GC(1097) Metaspace: 57840K(58112K)->57840K(58112K) NonClass: 49544K(49728K)->49544K(49728K) Class: 8295K(8384K)->8295K(8384K)
[571.926s][info][gc             ] GC(1097) Pause Young (Allocation Failure) 757M->607M(754M) 5.019ms
[571.926s][info][gc,cpu         ] GC(1097) User=0.00s Sys=0.00s Real=0.01s
[572.355s][info][gc,start       ] GC(1098) Pause Young (Allocation Failure)
[572.359s][info][gc,heap        ] GC(1098) PSYoungGen: 151615K(152064K)->1375K(145920K) Eden: 148992K(148992K)->0K(144384K) From: 2623K(3072K)->1375K(1536K)
[572.359s][info][gc,heap        ] GC(1098) ParOldGen: 619887K(620032K)->619903K(620032K)
[572.359s][info][gc,metaspace   ] GC(1098) Metaspace: 57840K(58112K)->57840K(58112K) NonClass: 49544K(49728K)->49544K(49728K) Class: 8295K(8384K)->8295K(8384K)
[572.359s][info][gc             ] GC(1098) Pause Young (Allocation Failure) 753M->606M(748M) 3.495ms
[572.359s][info][gc,cpu         ] GC(1098) User=0.01s Sys=0.00s Real=0.01s
[572.699s][info][gc,start       ] GC(1099) Pause Young (Allocation Failure)
[572.702s][info][gc,heap        ] GC(1099) PSYoungGen: 145759K(145920K)->1311K(141312K) Eden: 144384K(144384K)->0K(139776K) From: 1375K(1536K)->1311K(1536K)
[572.702s][info][gc,heap        ] GC(1099) ParOldGen: 619903K(620032K)->619919K(620032K)
[572.702s][info][gc,metaspace   ] GC(1099) Metaspace: 57840K(58112K)->57840K(58112K) NonClass: 49544K(49728K)->49544K(49728K) Class: 8295K(8384K)->8295K(8384K)
[572.702s][info][gc             ] GC(1099) Pause Young (Allocation Failure) 747M->606M(743M) 3.482ms
[572.702s][info][gc,cpu         ] GC(1099) User=0.01s Sys=0.00s Real=0.00s
[573.027s][info][gc,start       ] GC(1100) Pause Young (Allocation Failure)
[573.031s][info][gc,heap        ] GC(1100) PSYoungGen: 140865K(141312K)->1120K(137216K) Eden: 139554K(139776K)->0K(135680K) From: 1311K(1536K)->1120K(1536K)
[573.031s][info][gc,heap        ] GC(1100) ParOldGen: 619919K(620032K)->619935K(620032K)
[573.031s][info][gc,metaspace   ] GC(1100) Metaspace: 57840K(58112K)->57840K(58112K) NonClass: 49544K(49728K)->49544K(49728K) Class: 8295K(8384K)->8295K(8384K)
[573.031s][info][gc             ] GC(1100) Pause Young (Allocation Failure) 742M->606M(739M) 3.631ms
[573.031s][info][gc,cpu         ] GC(1100) User=0.01s Sys=0.00s Real=0.00s
[573.399s][info][gc,start       ] GC(1101) Pause Young (Allocation Failure)
[573.403s][info][gc,heap        ] GC(1101) PSYoungGen: 136800K(137216K)->1375K(133120K) Eden: 135680K(135680K)->0K(131584K) From: 1120K(1536K)->1375K(1536K)
[573.403s][info][gc,heap        ] GC(1101) ParOldGen: 619935K(620032K)->619951K(620032K)
[573.403s][info][gc,metaspace   ] GC(1101) Metaspace: 57840K(58112K)->57840K(58112K) NonClass: 49544K(49728K)->49544K(49728K) Class: 8295K(8384K)->8295K(8384K)
[573.403s][info][gc             ] GC(1101) Pause Young (Allocation Failure) 738M->606M(735M) 3.501ms
[573.403s][info][gc,cpu         ] GC(1101) User=0.01s Sys=0.00s Real=0.00s
[573.716s][info][gc,start       ] GC(1102) Pause Young (Allocation Failure)
[573.721s][info][gc,heap        ] GC(1102) PSYoungGen: 132959K(133120K)->2751K(160256K) Eden: 131584K(131584K)->0K(157184K) From: 1375K(1536K)->2751K(3072K)
[573.721s][info][gc,heap        ] GC(1102) ParOldGen: 619951K(620032K)->619967K(620032K)
[573.721s][info][gc,metaspace   ] GC(1102) Metaspace: 57840K(58112K)->57840K(58112K) NonClass: 49544K(49728K)->49544K(49728K) Class: 8295K(8384K)->8295K(8384K)
[573.721s][info][gc             ] GC(1102) Pause Young (Allocation Failure) 735M->608M(762M) 5.224ms
[573.721s][info][gc,cpu         ] GC(1102) User=0.01s Sys=0.00s Real=0.01s
[574.112s][info][gc,start       ] GC(1103) Pause Young (Allocation Failure)
[574.117s][info][gc,heap        ] GC(1103) PSYoungGen: 159935K(160256K)->2623K(190976K) Eden: 157184K(157184K)->0K(187904K) From: 2751K(3072K)->2623K(3072K)
[574.117s][info][gc,heap        ] GC(1103) ParOldGen: 619967K(620032K)->619983K(620032K)
[574.117s][info][gc,metaspace   ] GC(1103) Metaspace: 57840K(58112K)->57840K(58112K) NonClass: 49544K(49728K)->49544K(49728K) Class: 8295K(8384K)->8295K(8384K)
[574.117s][info][gc             ] GC(1103) Pause Young (Allocation Failure) 761M->608M(792M) 5.233ms
[574.117s][info][gc,cpu         ] GC(1103) User=0.01s Sys=0.00s Real=0.01s
[574.607s][info][gc,start       ] GC(1104) Pause Young (Allocation Failure)
[574.611s][info][gc,heap        ] GC(1104) PSYoungGen: 190527K(190976K)->1504K(225792K) Eden: 187904K(187904K)->0K(224256K) From: 2623K(3072K)->1504K(1536K)
[574.611s][info][gc,heap        ] GC(1104) ParOldGen: 619983K(620032K)->620638K(621056K)
[574.611s][info][gc,metaspace   ] GC(1104) Metaspace: 57840K(58112K)->57840K(58112K) NonClass: 49544K(49728K)->49544K(49728K) Class: 8295K(8384K)->8295K(8384K)
[574.611s][info][gc             ] GC(1104) Pause Young (Allocation Failure) 791M->607M(827M) 4.420ms
[574.611s][info][gc,cpu         ] GC(1104) User=0.01s Sys=0.00s Real=0.00s
[575.208s][info][gc,start       ] GC(1105) Pause Young (Allocation Failure)
[575.211s][info][gc,heap        ] GC(1105) PSYoungGen: 225760K(225792K)->1343K(217600K) Eden: 224256K(224256K)->0K(216064K) From: 1504K(1536K)->1343K(1536K)
[575.211s][info][gc,heap        ] GC(1105) ParOldGen: 620638K(621056K)->620654K(621056K)
[575.211s][info][gc,metaspace   ] GC(1105) Metaspace: 57840K(58112K)->57840K(58112K) NonClass: 49544K(49728K)->49544K(49728K) Class: 8295K(8384K)->8295K(8384K)
[575.211s][info][gc             ] GC(1105) Pause Young (Allocation Failure) 826M->607M(819M) 3.533ms
[575.211s][info][gc,cpu         ] GC(1105) User=0.00s Sys=0.00s Real=0.00s
[575.719s][info][gc,start       ] GC(1106) Pause Young (Allocation Failure)
[575.724s][info][gc,heap        ] GC(1106) PSYoungGen: 217407K(217600K)->3006K(211456K) Eden: 216064K(216064K)->0K(208384K) From: 1343K(1536K)->3006K(3072K)
[575.724s][info][gc,heap        ] GC(1106) ParOldGen: 620654K(621056K)->620670K(621056K)
[575.724s][info][gc,metaspace   ] GC(1106) Metaspace: 57840K(58112K)->57840K(58112K) NonClass: 49544K(49728K)->49544K(49728K) Class: 8295K(8384K)->8295K(8384K)
[575.724s][info][gc             ] GC(1106) Pause Young (Allocation Failure) 818M->609M(813M) 5.286ms
[575.724s][info][gc,cpu         ] GC(1106) User=0.01s Sys=0.00s Real=0.00s
[576.286s][info][gc,start       ] GC(1107) Pause Young (Allocation Failure)
[576.289s][info][gc,heap        ] GC(1107) PSYoungGen: 211390K(211456K)->256K(201216K) Eden: 208384K(208384K)->0K(200704K) From: 3006K(3072K)->256K(512K)
[576.289s][info][gc,heap        ] GC(1107) ParOldGen: 620670K(621056K)->620686K(621056K)
[576.289s][info][gc,metaspace   ] GC(1107) Metaspace: 57840K(58112K)->57840K(58112K) NonClass: 49544K(49728K)->49544K(49728K) Class: 8295K(8384K)->8295K(8384K)
[576.289s][info][gc             ] GC(1107) Pause Young (Allocation Failure) 812M->606M(803M) 2.512ms
[576.289s][info][gc,cpu         ] GC(1107) User=0.00s Sys=0.00s Real=0.00s
[576.793s][info][gc,start       ] GC(1108) Pause Young (Allocation Failure)
[576.796s][info][gc,heap        ] GC(1108) PSYoungGen: 200960K(201216K)->1247K(195072K) Eden: 200704K(200704K)->0K(193536K) From: 256K(512K)->1247K(1536K)
[576.796s][info][gc,heap        ] GC(1108) ParOldGen: 620686K(621056K)->620702K(621056K)
[576.796s][info][gc,metaspace   ] GC(1108) Metaspace: 57840K(58112K)->57840K(58112K) NonClass: 49544K(49728K)->49544K(49728K) Class: 8295K(8384K)->8295K(8384K)
[576.797s][info][gc             ] GC(1108) Pause Young (Allocation Failure) 802M->607M(797M) 3.426ms
[576.797s][info][gc,cpu         ] GC(1108) User=0.00s Sys=0.00s Real=0.01s
[577.291s][info][gc,start       ] GC(1109) Pause Young (Allocation Failure)
[577.294s][info][gc,heap        ] GC(1109) PSYoungGen: 194783K(195072K)->1310K(188416K) Eden: 193536K(193536K)->0K(186880K) From: 1247K(1536K)->1310K(1536K)
[577.294s][info][gc,heap        ] GC(1109) ParOldGen: 620702K(621056K)->620718K(621056K)
[577.294s][info][gc,metaspace   ] GC(1109) Metaspace: 57840K(58112K)->57840K(58112K) NonClass: 49544K(49728K)->49544K(49728K) Class: 8295K(8384K)->8295K(8384K)
[577.294s][info][gc             ] GC(1109) Pause Young (Allocation Failure) 796M->607M(790M) 3.005ms
[577.294s][info][gc,cpu         ] GC(1109) User=0.00s Sys=0.01s Real=0.00s
[577.732s][info][gc,start       ] GC(1110) Pause Young (Allocation Failure)
[577.735s][info][gc,heap        ] GC(1110) PSYoungGen: 188057K(188416K)->1151K(181760K) Eden: 186747K(186880K)->0K(180224K) From: 1310K(1536K)->1151K(1536K)
[577.735s][info][gc,heap        ] GC(1110) ParOldGen: 620718K(621056K)->620734K(621056K)
[577.736s][info][gc,metaspace   ] GC(1110) Metaspace: 57840K(58112K)->57840K(58112K) NonClass: 49544K(49728K)->49544K(49728K) Class: 8295K(8384K)->8295K(8384K)
[577.736s][info][gc             ] GC(1110) Pause Young (Allocation Failure) 789M->607M(784M) 3.442ms
[577.736s][info][gc,cpu         ] GC(1110) User=0.01s Sys=0.00s Real=0.00s
[578.212s][info][gc,start       ] GC(1111) Pause Young (Allocation Failure)
[578.217s][info][gc,heap        ] GC(1111) PSYoungGen: 181375K(181760K)->2079K(176640K) Eden: 180224K(180224K)->0K(174080K) From: 1151K(1536K)->2079K(2560K)
[578.217s][info][gc,heap        ] GC(1111) ParOldGen: 620734K(621056K)->620750K(621056K)
[578.217s][info][gc,metaspace   ] GC(1111) Metaspace: 57840K(58112K)->57840K(58112K) NonClass: 49544K(49728K)->49544K(49728K) Class: 8295K(8384K)->8295K(8384K)
[578.217s][info][gc             ] GC(1111) Pause Young (Allocation Failure) 783M->608M(779M) 4.447ms
[578.217s][info][gc,cpu         ] GC(1111) User=0.01s Sys=0.00s Real=0.01s
[578.686s][info][gc,start       ] GC(1112) Pause Young (Allocation Failure)
[578.689s][info][gc,heap        ] GC(1112) PSYoungGen: 176159K(176640K)->502K(168960K) Eden: 174080K(174080K)->0K(168448K) From: 2079K(2560K)->502K(512K)
[578.689s][info][gc,heap        ] GC(1112) ParOldGen: 620750K(621056K)->620766K(621056K)
[578.689s][info][gc,metaspace   ] GC(1112) Metaspace: 57840K(58112K)->57840K(58112K) NonClass: 49544K(49728K)->49544K(49728K) Class: 8295K(8384K)->8295K(8384K)
[578.689s][info][gc             ] GC(1112) Pause Young (Allocation Failure) 778M->606M(771M) 2.616ms
[578.689s][info][gc,cpu         ] GC(1112) User=0.00s Sys=0.00s Real=0.00s
[579.110s][info][gc,start       ] GC(1113) Pause Young (Allocation Failure)
[579.114s][info][gc,heap        ] GC(1113) PSYoungGen: 168950K(168960K)->1696K(166400K) Eden: 168448K(168448K)->0K(162816K) From: 502K(512K)->1696K(3584K)
[579.114s][info][gc,heap        ] GC(1113) ParOldGen: 620766K(621056K)->620782K(621056K)
[579.114s][info][gc,metaspace   ] GC(1113) Metaspace: 57840K(58112K)->57840K(58112K) NonClass: 49544K(49728K)->49544K(49728K) Class: 8295K(8384K)->8295K(8384K)
[579.114s][info][gc             ] GC(1113) Pause Young (Allocation Failure) 771M->607M(769M) 4.118ms
[579.114s][info][gc,cpu         ] GC(1113) User=0.01s Sys=0.00s Real=0.00s
[579.513s][info][gc,start       ] GC(1114) Pause Young (Allocation Failure)
[579.518s][info][gc,heap        ] GC(1114) PSYoungGen: 164269K(166400K)->2016K(159744K) Eden: 162573K(162816K)->0K(157696K) From: 1696K(3584K)->2016K(2048K)
[579.518s][info][gc,heap        ] GC(1114) ParOldGen: 620782K(621056K)->620798K(621056K)
[579.518s][info][gc,metaspace   ] GC(1114) Metaspace: 57840K(58112K)->57840K(58112K) NonClass: 49544K(49728K)->49544K(49728K) Class: 8295K(8384K)->8295K(8384K)
[579.518s][info][gc             ] GC(1114) Pause Young (Allocation Failure) 766M->608M(762M) 4.714ms
[579.518s][info][gc,cpu         ] GC(1114) User=0.01s Sys=0.00s Real=0.01s
[579.923s][info][gc,start       ] GC(1115) Pause Young (Allocation Failure)
[579.929s][info][gc,heap        ] GC(1115) PSYoungGen: 159532K(159744K)->2336K(155136K) Eden: 157516K(157696K)->0K(152576K) From: 2016K(2048K)->2336K(2560K)
[579.929s][info][gc,heap        ] GC(1115) ParOldGen: 620798K(621056K)->620814K(621056K)
[579.929s][info][gc,metaspace   ] GC(1115) Metaspace: 57840K(58112K)->57840K(58112K) NonClass: 49544K(49728K)->49544K(49728K) Class: 8295K(8384K)->8295K(8384K)
[579.929s][info][gc             ] GC(1115) Pause Young (Allocation Failure) 762M->608M(758M) 5.145ms
[579.929s][info][gc,cpu         ] GC(1115) User=0.01s Sys=0.00s Real=0.01s
[580.363s][info][gc,start       ] GC(1116) Pause Young (Allocation Failure)
[580.369s][info][gc,heap        ] GC(1116) PSYoungGen: 154886K(155136K)->2880K(184832K) Eden: 152550K(152576K)->0K(181760K) From: 2336K(2560K)->2880K(3072K)
[580.369s][info][gc,heap        ] GC(1116) ParOldGen: 620814K(621056K)->620830K(621056K)
[580.369s][info][gc,metaspace   ] GC(1116) Metaspace: 57840K(58112K)->57840K(58112K) NonClass: 49544K(49728K)->49544K(49728K) Class: 8295K(8384K)->8295K(8384K)
[580.369s][info][gc             ] GC(1116) Pause Young (Allocation Failure) 757M->609M(787M) 5.690ms
[580.369s][info][gc,cpu         ] GC(1116) User=0.02s Sys=0.00s Real=0.01s
[580.803s][info][gc,start       ] GC(1117) Pause Young (Allocation Failure)
[580.807s][info][gc,heap        ] GC(1117) PSYoungGen: 184640K(184832K)->1343K(177152K) Eden: 181760K(181760K)->0K(175616K) From: 2880K(3072K)->1343K(1536K)
[580.807s][info][gc,heap        ] GC(1117) ParOldGen: 620830K(621056K)->620846K(621056K)
[580.807s][info][gc,metaspace   ] GC(1117) Metaspace: 57840K(58112K)->57840K(58112K) NonClass: 49544K(49728K)->49544K(49728K) Class: 8295K(8384K)->8295K(8384K)
[580.807s][info][gc             ] GC(1117) Pause Young (Allocation Failure) 786M->607M(779M) 3.718ms
[580.807s][info][gc,cpu         ] GC(1117) User=0.00s Sys=0.00s Real=0.01s
[581.225s][info][gc,start       ] GC(1118) Pause Young (Allocation Failure)
[581.229s][info][gc,heap        ] GC(1118) PSYoungGen: 176933K(177152K)->1600K(211456K) Eden: 175589K(175616K)->0K(209408K) From: 1343K(1536K)->1600K(2048K)
[581.229s][info][gc,heap        ] GC(1118) ParOldGen: 620846K(621056K)->620862K(621056K)
[581.229s][info][gc,metaspace   ] GC(1118) Metaspace: 57840K(58112K)->57840K(58112K) NonClass: 49544K(49728K)->49544K(49728K) Class: 8295K(8384K)->8295K(8384K)
[581.229s][info][gc             ] GC(1118) Pause Young (Allocation Failure) 779M->607M(813M) 4.414ms
[581.229s][info][gc,cpu         ] GC(1118) User=0.01s Sys=0.00s Real=0.01s
[581.793s][info][gc,start       ] GC(1119) Pause Young (Allocation Failure)
[581.797s][info][gc,heap        ] GC(1119) PSYoungGen: 211008K(211456K)->1247K(203264K) Eden: 209408K(209408K)->0K(201728K) From: 1600K(2048K)->1247K(1536K)
[581.797s][info][gc,heap        ] GC(1119) ParOldGen: 620862K(621056K)->620878K(621056K)
[581.797s][info][gc,metaspace   ] GC(1119) Metaspace: 57840K(58112K)->57840K(58112K) NonClass: 49544K(49728K)->49544K(49728K) Class: 8295K(8384K)->8295K(8384K)
[581.797s][info][gc             ] GC(1119) Pause Young (Allocation Failure) 812M->607M(805M) 3.489ms
[581.797s][info][gc,cpu         ] GC(1119) User=0.01s Sys=0.00s Real=0.01s
[582.302s][info][gc,start       ] GC(1120) Pause Young (Allocation Failure)
[582.306s][info][gc,heap        ] GC(1120) PSYoungGen: 202975K(203264K)->1855K(196608K) Eden: 201728K(201728K)->0K(194560K) From: 1247K(1536K)->1855K(2048K)
[582.306s][info][gc,heap        ] GC(1120) ParOldGen: 620878K(621056K)->620894K(621056K)
[582.306s][info][gc,metaspace   ] GC(1120) Metaspace: 57840K(58112K)->57840K(58112K) NonClass: 49544K(49728K)->49544K(49728K) Class: 8295K(8384K)->8295K(8384K)
[582.306s][info][gc             ] GC(1120) Pause Young (Allocation Failure) 804M->608M(798M) 4.189ms
[582.306s][info][gc,cpu         ] GC(1120) User=0.01s Sys=0.00s Real=0.01s
[582.802s][info][gc,start       ] GC(1121) Pause Young (Allocation Failure)
[582.806s][info][gc,heap        ] GC(1121) PSYoungGen: 196415K(196608K)->1855K(189952K) Eden: 194560K(194560K)->0K(187904K) From: 1855K(2048K)->1855K(2048K)
[582.806s][info][gc,heap        ] GC(1121) ParOldGen: 620894K(621056K)->620910K(621056K)
[582.806s][info][gc,metaspace   ] GC(1121) Metaspace: 57840K(58112K)->57840K(58112K) NonClass: 49544K(49728K)->49544K(49728K) Class: 8295K(8384K)->8295K(8384K)
[582.806s][info][gc             ] GC(1121) Pause Young (Allocation Failure) 798M->608M(792M) 4.197ms
[582.806s][info][gc,cpu         ] GC(1121) User=0.00s Sys=0.00s Real=0.01s
[583.295s][info][gc,start       ] GC(1122) Pause Young (Allocation Failure)
[583.299s][info][gc,heap        ] GC(1122) PSYoungGen: 189627K(189952K)->832K(182272K) Eden: 187772K(187904K)->0K(181248K) From: 1855K(2048K)->832K(1024K)
[583.299s][info][gc,heap        ] GC(1122) ParOldGen: 620910K(621056K)->620926K(621056K)
[583.299s][info][gc,metaspace   ] GC(1122) Metaspace: 57840K(58112K)->57840K(58112K) NonClass: 49544K(49728K)->49544K(49728K) Class: 8295K(8384K)->8295K(8384K)
[583.299s][info][gc             ] GC(1122) Pause Young (Allocation Failure) 791M->607M(784M) 3.281ms
[583.299s][info][gc,cpu         ] GC(1122) User=0.01s Sys=0.00s Real=0.01s
[583.724s][info][gc,start       ] GC(1123) Pause Young (Allocation Failure)
[583.728s][info][gc,heap        ] GC(1123) PSYoungGen: 181932K(182272K)->1440K(178688K) Eden: 181100K(181248K)->0K(175104K) From: 832K(1024K)->1440K(3584K)
[583.728s][info][gc,heap        ] GC(1123) ParOldGen: 620926K(621056K)->620942K(621056K)
[583.728s][info][gc,metaspace   ] GC(1123) Metaspace: 57840K(58112K)->57840K(58112K) NonClass: 49544K(49728K)->49544K(49728K) Class: 8295K(8384K)->8295K(8384K)
[583.728s][info][gc             ] GC(1123) Pause Young (Allocation Failure) 784M->607M(781M) 3.986ms
[583.728s][info][gc,cpu         ] GC(1123) User=0.01s Sys=0.00s Real=0.01s
[584.200s][info][gc,start       ] GC(1124) Pause Young (Allocation Failure)
[584.204s][info][gc,heap        ] GC(1124) PSYoungGen: 176540K(178688K)->1312K(170496K) Eden: 175100K(175104K)->0K(168960K) From: 1440K(3584K)->1312K(1536K)
[584.204s][info][gc,heap        ] GC(1124) ParOldGen: 620942K(621056K)->620958K(621056K)
[584.204s][info][gc,metaspace   ] GC(1124) Metaspace: 57840K(58112K)->57840K(58112K) NonClass: 49544K(49728K)->49544K(49728K) Class: 8295K(8384K)->8295K(8384K)
[584.204s][info][gc             ] GC(1124) Pause Young (Allocation Failure) 778M->607M(773M) 3.839ms
[584.204s][info][gc,cpu         ] GC(1124) User=0.00s Sys=0.00s Real=0.00s
[584.610s][info][gc,start       ] GC(1125) Pause Young (Allocation Failure)
[584.615s][info][gc,heap        ] GC(1125) PSYoungGen: 170048K(170496K)->2080K(165888K) Eden: 168736K(168960K)->0K(163328K) From: 1312K(1536K)->2080K(2560K)
[584.615s][info][gc,heap        ] GC(1125) ParOldGen: 620958K(621056K)->620974K(621056K)
[584.615s][info][gc,metaspace   ] GC(1125) Metaspace: 57840K(58112K)->57840K(58112K) NonClass: 49544K(49728K)->49544K(49728K) Class: 8295K(8384K)->8295K(8384K)
[584.615s][info][gc             ] GC(1125) Pause Young (Allocation Failure) 772M->608M(768M) 4.813ms
[584.615s][info][gc,cpu         ] GC(1125) User=0.01s Sys=0.00s Real=0.00s
[585.081s][info][gc,start       ] GC(1126) Pause Young (Allocation Failure)
[585.085s][info][gc,heap        ] GC(1126) PSYoungGen: 165367K(165888K)->1792K(159744K) Eden: 163287K(163328K)->0K(157696K) From: 2080K(2560K)->1792K(2048K)
[585.085s][info][gc,heap        ] GC(1126) ParOldGen: 620974K(621056K)->620990K(621056K)
[585.085s][info][gc,metaspace   ] GC(1126) Metaspace: 57840K(58112K)->57840K(58112K) NonClass: 49544K(49728K)->49544K(49728K) Class: 8295K(8384K)->8295K(8384K)
[585.085s][info][gc             ] GC(1126) Pause Young (Allocation Failure) 767M->608M(762M) 4.362ms
[585.085s][info][gc,cpu         ] GC(1126) User=0.01s Sys=0.00s Real=0.00s
[585.423s][info][gc,start       ] GC(1127) Pause Young (Allocation Failure)
[585.427s][info][gc,heap        ] GC(1127) PSYoungGen: 159488K(159744K)->1567K(154624K) Eden: 157696K(157696K)->0K(152576K) From: 1792K(2048K)->1567K(2048K)
[585.427s][info][gc,heap        ] GC(1127) ParOldGen: 620990K(621056K)->621006K(621056K)
[585.427s][info][gc,metaspace   ] GC(1127) Metaspace: 57840K(58112K)->57840K(58112K) NonClass: 49544K(49728K)->49544K(49728K) Class: 8295K(8384K)->8295K(8384K)
[585.427s][info][gc             ] GC(1127) Pause Young (Allocation Failure) 762M->607M(757M) 3.787ms
[585.427s][info][gc,cpu         ] GC(1127) User=0.01s Sys=0.00s Real=0.01s
[585.820s][info][gc,start       ] GC(1128) Pause Young (Allocation Failure)
[585.824s][info][gc,heap        ] GC(1128) PSYoungGen: 154143K(154624K)->2239K(150016K) Eden: 152576K(152576K)->0K(147456K) From: 1567K(2048K)->2239K(2560K)
[585.824s][info][gc,heap        ] GC(1128) ParOldGen: 621006K(621056K)->621022K(621056K)
[585.824s][info][gc,metaspace   ] GC(1128) Metaspace: 57840K(58112K)->57840K(58112K) NonClass: 49544K(49728K)->49544K(49728K) Class: 8295K(8384K)->8295K(8384K)
[585.824s][info][gc             ] GC(1128) Pause Young (Allocation Failure) 756M->608M(753M) 4.330ms
[585.824s][info][gc,cpu         ] GC(1128) User=0.01s Sys=0.00s Real=0.00s
[586.253s][info][gc,start       ] GC(1129) Pause Young (Allocation Failure)
[586.258s][info][gc,heap        ] GC(1129) PSYoungGen: 149695K(150016K)->2432K(178176K) Eden: 147456K(147456K)->0K(175616K) From: 2239K(2560K)->2432K(2560K)
[586.258s][info][gc,heap        ] GC(1129) ParOldGen: 621022K(621056K)->621038K(621056K)
[586.258s][info][gc,metaspace   ] GC(1129) Metaspace: 57840K(58112K)->57840K(58112K) NonClass: 49544K(49728K)->49544K(49728K) Class: 8295K(8384K)->8295K(8384K)
[586.258s][info][gc             ] GC(1129) Pause Young (Allocation Failure) 752M->608M(780M) 5.304ms
[586.258s][info][gc,cpu         ] GC(1129) User=0.01s Sys=0.00s Real=0.01s
[586.633s][info][gc,start       ] GC(1130) Pause Young (Allocation Failure)
[586.636s][info][gc,heap        ] GC(1130) PSYoungGen: 177894K(178176K)->608K(170496K) Eden: 175462K(175616K)->0K(169472K) From: 2432K(2560K)->608K(1024K)
[586.636s][info][gc,heap        ] GC(1130) ParOldGen: 621038K(621056K)->621054K(621056K)
[586.636s][info][gc,metaspace   ] GC(1130) Metaspace: 57840K(58112K)->57840K(58112K) NonClass: 49544K(49728K)->49544K(49728K) Class: 8295K(8384K)->8295K(8384K)
[586.636s][info][gc             ] GC(1130) Pause Young (Allocation Failure) 780M->607M(773M) 2.794ms
[586.636s][info][gc,cpu         ] GC(1130) User=0.00s Sys=0.00s Real=0.01s
[587.100s][info][gc,start       ] GC(1131) Pause Young (Allocation Failure)
[587.104s][info][gc,heap        ] GC(1131) PSYoungGen: 170080K(170496K)->1663K(167424K) Eden: 169472K(169472K)->0K(163840K) From: 608K(1024K)->1663K(3584K)
[587.104s][info][gc,heap        ] GC(1131) ParOldGen: 621054K(621056K)->621070K(621568K)
[587.104s][info][gc,metaspace   ] GC(1131) Metaspace: 57840K(58112K)->57840K(58112K) NonClass: 49544K(49728K)->49544K(49728K) Class: 8295K(8384K)->8295K(8384K)
[587.104s][info][gc             ] GC(1131) Pause Young (Allocation Failure) 772M->608M(770M) 3.866ms
[587.104s][info][gc,cpu         ] GC(1131) User=0.00s Sys=0.00s Real=0.00s
[587.556s][info][gc,start       ] GC(1132) Pause Young (Allocation Failure)
[587.603s][info][gc,heap        ] GC(1132) PSYoungGen: 150677K(167424K)->64K(196608K) Eden: 149014K(163840K)->0K(196096K) From: 1663K(3584K)->64K(512K)
[587.603s][info][gc,heap        ] GC(1132) ParOldGen: 621070K(621568K)->660148K(660992K)
[587.603s][info][gc,metaspace   ] GC(1132) Metaspace: 57844K(58112K)->57844K(58112K) NonClass: 49548K(49728K)->49548K(49728K) Class: 8295K(8384K)->8295K(8384K)
[587.603s][info][gc             ] GC(1132) Pause Young (Allocation Failure) 753M->644M(837M) 47.750ms
[587.603s][info][gc,cpu         ] GC(1132) User=0.06s Sys=0.02s Real=0.05s
[589.377s][info][gc,heap,exit   ] Heap
[589.377s][info][gc,heap,exit   ]  PSYoungGen      total 196608K, used 58665K [0x00000000eba00000, 0x00000000fae00000, 0x0000000100000000)
[589.377s][info][gc,heap,exit   ]   eden space 196096K, 29% used [0x00000000eba00000,0x00000000ef33a670,0x00000000f7980000)
[589.377s][info][gc,heap,exit   ]   from space 512K, 12% used [0x00000000fad80000,0x00000000fad90000,0x00000000fae00000)
[589.377s][info][gc,heap,exit   ]   to   space 3584K, 0% used [0x00000000fa700000,0x00000000fa700000,0x00000000faa80000)
[589.377s][info][gc,heap,exit   ]  ParOldGen       total 660992K, used 660148K [0x00000000c2e00000, 0x00000000eb380000, 0x00000000eba00000)
[589.377s][info][gc,heap,exit   ]   object space 660992K, 99% used [0x00000000c2e00000,0x00000000eb2ad3c0,0x00000000eb380000)
[589.377s][info][gc,heap,exit   ]  Metaspace       used 58411K, committed 58752K, reserved 1114112K
[589.377s][info][gc,heap,exit   ]   class space    used 8483K, committed 8576K, reserved 1048576K
