[0.002s][info][metaspace]  - commit_granule_bytes: 65536.
[0.002s][info][metaspace]  - commit_granule_words: 8192.
[0.002s][info][metaspace]  - virtual_space_node_default_size: 8388608.
[0.002s][info][metaspace]  - enlarge_chunks_in_place: 1.
[0.004s][info][gc,init  ] CardTable entry size: 512
[0.004s][info][gc       ] Using Parallel
[0.005s][info][gc,init  ] Version: 24-internal-adhoc.root.jdk (release)
[0.005s][info][gc,init  ] CPUs: 2 total, 2 available
[0.005s][info][gc,init  ] Memory: 3908M
[0.005s][info][gc,init  ] Large Page Support: Disabled
[0.005s][info][gc,init  ] NUMA Support: Disabled
[0.005s][info][gc,init  ] Compressed Oops: Enabled (32-bit)
[0.005s][info][gc,init  ] Alignments: Space 512K, Generation 512K, Heap 2M
[0.005s][info][gc,init  ] Heap Min Capacity: 256M
[0.005s][info][gc,init  ] Heap Initial Capacity: 256M
[0.005s][info][gc,init  ] Heap Max Capacity: 978M
[0.005s][info][gc,init  ] Pre-touch: Disabled
[0.005s][info][gc,init  ] Parallel Workers: 2
[0.021s][info][gc,metaspace] CDS archive(s) mapped at: [0x00007ff75e000000-0x00007ff75ee7b000-0x00007ff75ee7b000), size 15183872, SharedBaseAddress: 0x00007ff75e000000, ArchiveRelocationMode: 1.
[0.021s][info][gc,metaspace] Compressed class space mapped at: 0x00007ff75f000000-0x00007ff79f000000, reserved size: 1073741824
[0.022s][info][gc,metaspace] UseCompressedClassPointers 1, UseCompactObjectHeaders 1
[0.022s][info][gc,metaspace] Narrow klass pointer bits 22, Max shift 10
[0.022s][info][gc,metaspace] Narrow klass base: 0x00007ff75e000000, Narrow klass shift: 10
[0.022s][info][gc,metaspace] Encoding Range: [0x00007ff75e000000 - 0x00007ff85e000000), (4294967296 bytes)
[0.022s][info][gc,metaspace] Klass Range:    [0x00007ff75e000000 - 0x00007ff79f000000), (1090519040 bytes)
[0.022s][info][gc,metaspace] Klass ID Range:  [1 - 1064960) (1064959)
[1.275s][info][gc,start    ] GC(0) Pause Young (Allocation Failure)
[1.287s][info][gc,heap     ] GC(0) PSYoungGen: 65536K(76288K)->8446K(76288K) Eden: 65536K(65536K)->0K(65536K) From: 0K(10752K)->8446K(10752K)
[1.287s][info][gc,heap     ] GC(0) ParOldGen: 1088K(175104K)->1096K(175104K)
[1.287s][info][gc,metaspace] GC(0) Metaspace: 10010K(10176K)->10010K(10176K) NonClass: 8690K(8768K)->8690K(8768K) Class: 1319K(1408K)->1319K(1408K)
[1.288s][info][gc          ] GC(0) Pause Young (Allocation Failure) 65M->9M(245M) 12.033ms
[1.288s][info][gc,cpu      ] GC(0) User=0.01s Sys=0.01s Real=0.02s
[1.914s][info][metaspace   ] ChkMgr @0x00007ff7bc03f160 (non-class-space): failed to commit 146 words on chunk @0x00007ff710325088, f, base 0x00007ff7552d0000, level lv10.
[1.915s][info][metaspace   ] Arena @0x00007ff7bc240600 (non-class arena): failed to allocate new chunk for requested word size 146.
[1.915s][info][metaspace   ] Arena @0x00007ff7bc240600 (non-class arena): allocation failed, returned null.
[1.915s][info][metaspace   ] ChkMgr @0x00007ff7bc03f160 (non-class-space): failed to commit 146 words on chunk @0x00007ff710325088, f, base 0x00007ff7552d0000, level lv10.
[1.915s][info][metaspace   ] Arena @0x00007ff7bc240600 (non-class arena): failed to allocate new chunk for requested word size 146.
[1.915s][info][metaspace   ] Arena @0x00007ff7bc240600 (non-class arena): allocation failed, returned null.
[1.917s][info][metaspace   ] ChkMgr @0x00007ff7bc03f160 (non-class-space): failed to commit 146 words on chunk @0x00007ff710325088, f, base 0x00007ff7552d0000, level lv10.
[1.917s][info][metaspace   ] Arena @0x00007ff7bc240600 (non-class arena): failed to allocate new chunk for requested word size 146.
[1.917s][info][metaspace   ] Arena @0x00007ff7bc240600 (non-class arena): allocation failed, returned null.
[1.917s][info][gc,start    ] GC(1) Pause Full (Metadata GC Threshold)
[1.917s][info][gc,phases,start] GC(1) Marking Phase
[1.930s][info][gc,phases      ] GC(1) Marking Phase 13.361ms
[1.930s][info][gc,phases,start] GC(1) Summary Phase
[1.930s][info][gc,phases      ] GC(1) Summary Phase 0.010ms
[1.930s][info][gc,phases,start] GC(1) Forward
[1.932s][info][gc,phases      ] GC(1) Forward 2.057ms
[1.932s][info][gc,phases,start] GC(1) Adjust Pointers
[1.938s][info][gc,phases      ] GC(1) Adjust Pointers 5.044ms
[1.938s][info][gc,phases,start] GC(1) Compaction Phase
[1.944s][info][gc,phases      ] GC(1) Compaction Phase 6.596ms
[1.944s][info][gc,phases,start] GC(1) Post Compact
[1.946s][info][gc,phases      ] GC(1) Post Compact 1.346ms
[1.946s][info][gc,heap        ] GC(1) PSYoungGen: 52772K(76288K)->0K(76288K) Eden: 44326K(65536K)->0K(65536K) From: 8446K(10752K)->0K(10752K)
[1.946s][info][gc,heap        ] GC(1) ParOldGen: 1096K(175104K)->10528K(175104K)
[1.946s][info][gc,metaspace   ] GC(1) Metaspace: 21370K(21504K)->21370K(21504K) NonClass: 18403K(18496K)->18403K(18496K) Class: 2966K(3008K)->2966K(3008K)
[1.946s][info][gc             ] GC(1) Pause Full (Metadata GC Threshold) 52M->10M(245M) 28.693ms
[1.946s][info][gc,cpu         ] GC(1) User=0.04s Sys=0.00s Real=0.02s
[3.250s][info][gc,start       ] GC(2) Pause Young (Allocation Failure)
[3.259s][info][gc,heap        ] GC(2) PSYoungGen: 64998K(76288K)->3920K(76288K) Eden: 64998K(65536K)->0K(65536K) From: 0K(10752K)->3920K(10752K)
[3.259s][info][gc,heap        ] GC(2) ParOldGen: 219725K(253952K)->219733K(253952K)
[3.259s][info][gc,metaspace   ] GC(2) Metaspace: 32043K(32192K)->32043K(32192K) NonClass: 27603K(27712K)->27603K(27712K) Class: 4439K(4480K)->4439K(4480K)
[3.259s][info][gc             ] GC(2) Pause Young (Allocation Failure) 278M->218M(322M) 8.857ms
[3.259s][info][gc,cpu         ] GC(2) User=0.02s Sys=0.00s Real=0.01s
[3.473s][info][metaspace      ] ChkMgr @0x00007ff7bc03f160 (non-class-space): failed to commit 65 words on chunk @0x00007ff7bc7812d8, f, base 0x00007ff755ea0000, level lv10.
[3.473s][info][metaspace      ] Arena @0x00007ff7bc240600 (non-class arena): failed to allocate new chunk for requested word size 65.
[3.473s][info][metaspace      ] Arena @0x00007ff7bc240600 (non-class arena): allocation failed, returned null.
[3.474s][info][metaspace      ] ChkMgr @0x00007ff7bc03f160 (non-class-space): failed to commit 65 words on chunk @0x00007ff7bc7812d8, f, base 0x00007ff755ea0000, level lv10.
[3.474s][info][metaspace      ] Arena @0x00007ff7bc240600 (non-class arena): failed to allocate new chunk for requested word size 65.
[3.474s][info][metaspace      ] Arena @0x00007ff7bc240600 (non-class arena): allocation failed, returned null.
[3.474s][info][metaspace      ] ChkMgr @0x00007ff7bc03f160 (non-class-space): failed to commit 91 words on chunk @0x00007ff7bc7812d8, f, base 0x00007ff755ea0000, level lv10.
[3.474s][info][metaspace      ] Arena @0x00007ff7bc240600 (non-class arena): failed to allocate new chunk for requested word size 91.
[3.474s][info][metaspace      ] Arena @0x00007ff7bc240600 (non-class arena): allocation failed, returned null.
[3.474s][info][metaspace      ] ChkMgr @0x00007ff7bc03f160 (non-class-space): failed to commit 91 words on chunk @0x00007ff7bc7812d8, f, base 0x00007ff755ea0000, level lv10.
[3.474s][info][metaspace      ] Arena @0x00007ff7bc240600 (non-class arena): failed to allocate new chunk for requested word size 91.
[3.474s][info][metaspace      ] Arena @0x00007ff7bc240600 (non-class arena): allocation failed, returned null.
[3.474s][info][metaspace      ] ChkMgr @0x00007ff7bc03f160 (non-class-space): failed to commit 65 words on chunk @0x00007ff7bc7812d8, f, base 0x00007ff755ea0000, level lv10.
[3.474s][info][metaspace      ] Arena @0x00007ff7bc240600 (non-class arena): failed to allocate new chunk for requested word size 65.
[3.474s][info][metaspace      ] Arena @0x00007ff7bc240600 (non-class arena): allocation failed, returned null.
[3.474s][info][gc,start       ] GC(3) Pause Full (Metadata GC Threshold)
[3.474s][info][gc,phases,start] GC(3) Marking Phase
[3.493s][info][gc,phases      ] GC(3) Marking Phase 19.066ms
[3.493s][info][gc,phases,start] GC(3) Summary Phase
[3.493s][info][gc,phases      ] GC(3) Summary Phase 0.014ms
[3.493s][info][gc,phases,start] GC(3) Forward
[3.494s][info][gc,phases      ] GC(3) Forward 1.403ms
[3.494s][info][gc,phases,start] GC(3) Adjust Pointers
[3.503s][info][gc,phases      ] GC(3) Adjust Pointers 8.072ms
[3.503s][info][gc,phases,start] GC(3) Compaction Phase
[3.508s][info][gc,phases      ] GC(3) Compaction Phase 5.330ms
[3.508s][info][gc,phases,start] GC(3) Post Compact
[3.511s][info][gc,phases      ] GC(3) Post Compact 3.011ms
[3.511s][info][gc,heap        ] GC(3) PSYoungGen: 22223K(76288K)->0K(76288K) Eden: 18303K(65536K)->0K(65536K) From: 3920K(10752K)->0K(10752K)
[3.511s][info][gc,heap        ] GC(3) ParOldGen: 219733K(253952K)->224510K(253952K)
[3.511s][info][gc,metaspace   ] GC(3) Metaspace: 35669K(35840K)->35669K(35840K) NonClass: 30728K(30848K)->30728K(30848K) Class: 4940K(4992K)->4940K(4992K)
[3.511s][info][gc             ] GC(3) Pause Full (Metadata GC Threshold) 236M->219M(322M) 37.192ms
[3.511s][info][gc,cpu         ] GC(3) User=0.06s Sys=0.00s Real=0.04s
[4.335s][info][gc,start       ] GC(4) Pause Young (Allocation Failure)
[4.341s][info][gc,heap        ] GC(4) PSYoungGen: 65536K(76288K)->2944K(76288K) Eden: 65536K(65536K)->0K(65536K) From: 0K(10752K)->2944K(10752K)
[4.341s][info][gc,heap        ] GC(4) ParOldGen: 224510K(253952K)->224518K(253952K)
[4.341s][info][gc,metaspace   ] GC(4) Metaspace: 46368K(46720K)->46368K(46720K) NonClass: 39633K(39872K)->39633K(39872K) Class: 6735K(6848K)->6735K(6848K)
[4.341s][info][gc             ] GC(4) Pause Young (Allocation Failure) 283M->222M(322M) 6.513ms
[4.341s][info][gc,cpu         ] GC(4) User=0.01s Sys=0.00s Real=0.01s
[6.585s][info][gc,start       ] GC(5) Pause Young (Allocation Failure)
[6.594s][info][gc,heap        ] GC(5) PSYoungGen: 68480K(76288K)->5312K(76288K) Eden: 65536K(65536K)->0K(65536K) From: 2944K(10752K)->5312K(10752K)
[6.594s][info][gc,heap        ] GC(5) ParOldGen: 224518K(253952K)->224526K(253952K)
[6.594s][info][gc,metaspace   ] GC(5) Metaspace: 52569K(52864K)->52569K(52864K) NonClass: 44601K(44800K)->44601K(44800K) Class: 7967K(8064K)->7967K(8064K)
[6.594s][info][gc             ] GC(5) Pause Young (Allocation Failure) 286M->224M(322M) 9.433ms
[6.594s][info][gc,cpu         ] GC(5) User=0.02s Sys=0.00s Real=0.01s
[7.068s][info][gc,start       ] GC(6) Pause Young (Allocation Failure)
[7.096s][info][gc,heap        ] GC(6) PSYoungGen: 70848K(76288K)->10737K(76288K) Eden: 65536K(65536K)->0K(65536K) From: 5312K(10752K)->10737K(10752K)
[7.096s][info][gc,heap        ] GC(6) ParOldGen: 224526K(253952K)->237322K(253952K)
[7.096s][info][gc,metaspace   ] GC(6) Metaspace: 54290K(54592K)->54290K(54592K) NonClass: 46057K(46272K)->46057K(46272K) Class: 8233K(8320K)->8233K(8320K)
[7.096s][info][gc             ] GC(6) Pause Young (Allocation Failure) 288M->242M(322M) 28.033ms
[7.096s][info][gc,cpu         ] GC(6) User=0.05s Sys=0.01s Real=0.03s
[7.391s][info][gc,start       ] GC(7) Pause Young (Allocation Failure)
[7.428s][info][gc,heap        ] GC(7) PSYoungGen: 76273K(76288K)->20477K(141312K) Eden: 65536K(65536K)->0K(120832K) From: 10737K(10752K)->20477K(20480K)
[7.428s][info][gc,heap        ] GC(7) ParOldGen: 237322K(253952K)->247066K(253952K)
[7.428s][info][gc,metaspace   ] GC(7) Metaspace: 54462K(54784K)->54462K(54784K) NonClass: 46228K(46464K)->46228K(46464K) Class: 8234K(8320K)->8234K(8320K)
[7.428s][info][gc             ] GC(7) Pause Young (Allocation Failure) 306M->261M(386M) 36.524ms
[7.428s][info][gc,cpu         ] GC(7) User=0.05s Sys=0.03s Real=0.04s
[8.014s][info][gc,start       ] GC(8) Pause Young (Allocation Failure)
[8.066s][info][gc,heap        ] GC(8) PSYoungGen: 141307K(141312K)->30719K(151552K) Eden: 120829K(120832K)->0K(120832K) From: 20477K(20480K)->30719K(30720K)
[8.066s][info][gc,heap        ] GC(8) ParOldGen: 247066K(253952K)->254156K(254464K)
[8.066s][info][gc,metaspace   ] GC(8) Metaspace: 54837K(55168K)->54837K(55168K) NonClass: 46602K(46848K)->46602K(46848K) Class: 8234K(8320K)->8234K(8320K)
[8.066s][info][gc             ] GC(8) Pause Young (Allocation Failure) 379M->278M(396M) 51.995ms
[8.066s][info][gc,cpu         ] GC(8) User=0.08s Sys=0.03s Real=0.06s
[8.528s][info][gc,start       ] GC(9) Pause Young (Allocation Failure)
[8.587s][info][gc,heap        ] GC(9) PSYoungGen: 151551K(151552K)->35885K(276992K) Eden: 120832K(120832K)->0K(236032K) From: 30719K(30720K)->35885K(40960K)
[8.587s][info][gc,heap        ] GC(9) ParOldGen: 254156K(254464K)->258536K(258560K)
[8.587s][info][gc,metaspace   ] GC(9) Metaspace: 54919K(55232K)->54919K(55232K) NonClass: 46684K(46912K)->46684K(46912K) Class: 8234K(8320K)->8234K(8320K)
[8.587s][info][gc             ] GC(9) Pause Young (Allocation Failure) 396M->287M(523M) 59.057ms
[8.587s][info][gc,cpu         ] GC(9) User=0.10s Sys=0.02s Real=0.06s
[9.371s][info][gc,start       ] GC(10) Pause Young (Allocation Failure)
[9.425s][info][gc,heap        ] GC(10) PSYoungGen: 271808K(276992K)->25825K(282624K) Eden: 235922K(236032K)->0K(236032K) From: 35885K(40960K)->25825K(46592K)
[9.425s][info][gc,heap        ] GC(10) ParOldGen: 258536K(258560K)->272541K(272896K)
[9.425s][info][gc,metaspace   ] GC(10) Metaspace: 55157K(55552K)->55157K(55552K) NonClass: 46909K(47168K)->46909K(47168K) Class: 8248K(8384K)->8248K(8384K)
[9.425s][info][gc             ] GC(10) Pause Young (Allocation Failure) 517M->291M(542M) 54.357ms
[9.425s][info][gc,cpu         ] GC(10) User=0.09s Sys=0.03s Real=0.05s
[10.058s][info][gc,start       ] GC(11) Pause Young (Allocation Failure)
[10.090s][info][gc,heap        ] GC(11) PSYoungGen: 261539K(282624K)->12223K(284160K) Eden: 235714K(236032K)->0K(240640K) From: 25825K(46592K)->12223K(43520K)
[10.090s][info][gc,heap        ] GC(11) ParOldGen: 272541K(272896K)->286417K(286720K)
[10.090s][info][gc,metaspace   ] GC(11) Metaspace: 55301K(55680K)->55301K(55680K) NonClass: 47053K(47296K)->47053K(47296K) Class: 8248K(8384K)->8248K(8384K)
[10.090s][info][gc             ] GC(11) Pause Young (Allocation Failure) 521M->291M(557M) 32.393ms
[10.090s][info][gc,cpu         ] GC(11) User=0.06s Sys=0.01s Real=0.03s
[10.719s][info][gc,start       ] GC(12) Pause Young (Allocation Failure)
[10.737s][info][gc,heap        ] GC(12) PSYoungGen: 252863K(284160K)->11583K(285696K) Eden: 240640K(240640K)->0K(240640K) From: 12223K(43520K)->11583K(45056K)
[10.737s][info][gc,heap        ] GC(12) ParOldGen: 286417K(286720K)->287249K(287744K)
[10.737s][info][gc,metaspace   ] GC(12) Metaspace: 55416K(55808K)->55416K(55808K) NonClass: 47168K(47424K)->47168K(47424K) Class: 8248K(8384K)->8248K(8384K)
[10.737s][info][gc             ] GC(12) Pause Young (Allocation Failure) 526M->291M(560M) 18.511ms
[10.737s][info][gc,cpu         ] GC(12) User=0.04s Sys=0.00s Real=0.02s
[11.421s][info][gc,start       ] GC(13) Pause Young (Allocation Failure)
[11.440s][info][gc,heap        ] GC(13) PSYoungGen: 252223K(285696K)->11487K(285696K) Eden: 240640K(240640K)->0K(245248K) From: 11583K(45056K)->11487K(40448K)
[11.441s][info][gc,heap        ] GC(13) ParOldGen: 287249K(287744K)->287377K(287744K)
[11.441s][info][gc,metaspace   ] GC(13) Metaspace: 55425K(55808K)->55425K(55808K) NonClass: 47177K(47424K)->47177K(47424K) Class: 8248K(8384K)->8248K(8384K)
[11.441s][info][gc             ] GC(13) Pause Young (Allocation Failure) 526M->291M(560M) 19.090ms
[11.441s][info][gc,cpu         ] GC(13) User=0.04s Sys=0.00s Real=0.02s
[12.087s][info][gc,start       ] GC(14) Pause Young (Allocation Failure)
[12.110s][info][gc,heap        ] GC(14) PSYoungGen: 256735K(285696K)->11519K(287232K) Eden: 245248K(245248K)->0K(245248K) From: 11487K(40448K)->11519K(41984K)
[12.110s][info][gc,heap        ] GC(14) ParOldGen: 287377K(287744K)->287489K(287744K)
[12.110s][info][gc,metaspace   ] GC(14) Metaspace: 55427K(55808K)->55427K(55808K) NonClass: 47179K(47424K)->47179K(47424K) Class: 8248K(8384K)->8248K(8384K)
[12.110s][info][gc             ] GC(14) Pause Young (Allocation Failure) 531M->292M(561M) 23.545ms
[12.110s][info][gc,cpu         ] GC(14) User=0.04s Sys=0.01s Real=0.02s
[12.823s][info][gc,start       ] GC(15) Pause Young (Allocation Failure)
[12.841s][info][gc,heap        ] GC(15) PSYoungGen: 256767K(287232K)->11519K(288768K) Eden: 245248K(245248K)->0K(251392K) From: 11519K(41984K)->11519K(37376K)
[12.841s][info][gc,heap        ] GC(15) ParOldGen: 287489K(287744K)->287617K(287744K)
[12.841s][info][gc,metaspace   ] GC(15) Metaspace: 55427K(55808K)->55427K(55808K) NonClass: 47179K(47424K)->47179K(47424K) Class: 8248K(8384K)->8248K(8384K)
[12.841s][info][gc             ] GC(15) Pause Young (Allocation Failure) 531M->292M(563M) 17.882ms
[12.841s][info][gc,cpu         ] GC(15) User=0.04s Sys=0.00s Real=0.02s
[13.563s][info][gc,start       ] GC(16) Pause Young (Allocation Failure)
[13.568s][info][gc,heap        ] GC(16) PSYoungGen: 262911K(288768K)->550K(290304K) Eden: 251392K(251392K)->0K(251392K) From: 11519K(37376K)->550K(38912K)
[13.569s][info][gc,heap        ] GC(16) ParOldGen: 287617K(287744K)->287753K(288256K)
[13.569s][info][gc,metaspace   ] GC(16) Metaspace: 55432K(55808K)->55432K(55808K) NonClass: 47183K(47424K)->47183K(47424K) Class: 8248K(8384K)->8248K(8384K)
[13.569s][info][gc             ] GC(16) Pause Young (Allocation Failure) 537M->281M(565M) 5.161ms
[13.569s][info][gc,cpu         ] GC(16) User=0.01s Sys=0.00s Real=0.01s
[14.168s][info][gc,start       ] GC(17) Pause Young (Allocation Failure)
[14.172s][info][gc,heap        ] GC(17) PSYoungGen: 251942K(290304K)->507K(294400K) Eden: 251392K(251392K)->0K(254976K) From: 550K(38912K)->507K(39424K)
[14.172s][info][gc,heap        ] GC(17) ParOldGen: 287753K(288256K)->287932K(288256K)
[14.172s][info][gc,metaspace   ] GC(17) Metaspace: 55450K(55808K)->55450K(55808K) NonClass: 47197K(47424K)->47197K(47424K) Class: 8253K(8384K)->8253K(8384K)
[14.172s][info][gc             ] GC(17) Pause Young (Allocation Failure) 527M->281M(569M) 4.032ms
[14.172s][info][gc,cpu         ] GC(17) User=0.01s Sys=0.00s Real=0.00s
[14.863s][info][gc,start       ] GC(18) Pause Young (Allocation Failure)
[14.867s][info][gc,heap        ] GC(18) PSYoungGen: 255204K(294400K)->1248K(256512K) Eden: 254696K(254976K)->0K(254976K) From: 507K(39424K)->1248K(1536K)
[14.867s][info][gc,heap        ] GC(18) ParOldGen: 287932K(288256K)->288052K(288256K)
[14.867s][info][gc,metaspace   ] GC(18) Metaspace: 55451K(55808K)->55451K(55808K) NonClass: 47198K(47424K)->47198K(47424K) Class: 8253K(8384K)->8253K(8384K)
[14.867s][info][gc             ] GC(18) Pause Young (Allocation Failure) 530M->282M(532M) 3.898ms
[14.867s][info][gc,cpu         ] GC(18) User=0.01s Sys=0.01s Real=0.01s
[15.605s][info][gc,start       ] GC(19) Pause Young (Allocation Failure)
[15.608s][info][gc,heap        ] GC(19) PSYoungGen: 256224K(256512K)->1471K(294912K) Eden: 254976K(254976K)->0K(256000K) From: 1248K(1536K)->1471K(38912K)
[15.608s][info][gc,heap        ] GC(19) ParOldGen: 288052K(288256K)->288156K(288256K)
[15.608s][info][gc,metaspace   ] GC(19) Metaspace: 55451K(55808K)->55451K(55808K) NonClass: 47198K(47424K)->47198K(47424K) Class: 8253K(8384K)->8253K(8384K)
[15.608s][info][gc             ] GC(19) Pause Young (Allocation Failure) 531M->282M(569M) 3.452ms
[15.608s][info][gc,cpu         ] GC(19) User=0.00s Sys=0.00s Real=0.01s
[16.235s][info][gc,start       ] GC(20) Pause Young (Allocation Failure)
[16.238s][info][gc,heap        ] GC(20) PSYoungGen: 257471K(294912K)->288K(293888K) Eden: 256000K(256000K)->0K(256000K) From: 1471K(38912K)->288K(37888K)
[16.238s][info][gc,heap        ] GC(20) ParOldGen: 288156K(288256K)->288252K(288256K)
[16.238s][info][gc,metaspace   ] GC(20) Metaspace: 55452K(55808K)->55452K(55808K) NonClass: 47198K(47424K)->47198K(47424K) Class: 8253K(8384K)->8253K(8384K)
[16.238s][info][gc             ] GC(20) Pause Young (Allocation Failure) 532M->281M(568M) 2.340ms
[16.238s][info][gc,cpu         ] GC(20) User=0.00s Sys=0.00s Real=0.01s
[16.891s][info][gc,start       ] GC(21) Pause Young (Allocation Failure)
[16.896s][info][gc,heap        ] GC(21) PSYoungGen: 256288K(293888K)->2176K(294912K) Eden: 256000K(256000K)->0K(258048K) From: 288K(37888K)->2176K(36864K)
[16.896s][info][gc,heap        ] GC(21) ParOldGen: 288252K(288256K)->288340K(288768K)
[16.896s][info][gc,metaspace   ] GC(21) Metaspace: 55452K(55808K)->55452K(55808K) NonClass: 47198K(47424K)->47198K(47424K) Class: 8253K(8384K)->8253K(8384K)
[16.896s][info][gc             ] GC(21) Pause Young (Allocation Failure) 531M->283M(570M) 4.904ms
[16.896s][info][gc,cpu         ] GC(21) User=0.01s Sys=0.00s Real=0.01s
[17.492s][info][gc,start       ] GC(22) Pause Young (Allocation Failure)
[17.496s][info][gc,heap        ] GC(22) PSYoungGen: 260221K(294912K)->1950K(293888K) Eden: 258045K(258048K)->0K(258048K) From: 2176K(36864K)->1950K(35840K)
[17.496s][info][gc,heap        ] GC(22) ParOldGen: 288340K(288768K)->288412K(288768K)
[17.496s][info][gc,metaspace   ] GC(22) Metaspace: 55452K(55808K)->55452K(55808K) NonClass: 47198K(47424K)->47198K(47424K) Class: 8253K(8384K)->8253K(8384K)
[17.496s][info][gc             ] GC(22) Pause Young (Allocation Failure) 535M->283M(569M) 3.807ms
[17.496s][info][gc,cpu         ] GC(22) User=0.01s Sys=0.00s Real=0.01s
[18.154s][info][gc,start       ] GC(23) Pause Young (Allocation Failure)
[18.159s][info][gc,heap        ] GC(23) PSYoungGen: 259998K(293888K)->1151K(265728K) Eden: 258048K(258048K)->0K(247808K) From: 1950K(35840K)->1151K(17920K)
[18.159s][info][gc,heap        ] GC(23) ParOldGen: 288412K(288768K)->288484K(288768K)
[18.159s][info][gc,metaspace   ] GC(23) Metaspace: 55452K(55808K)->55452K(55808K) NonClass: 47198K(47424K)->47198K(47424K) Class: 8253K(8384K)->8253K(8384K)
[18.159s][info][gc             ] GC(23) Pause Young (Allocation Failure) 535M->282M(541M) 4.663ms
[18.159s][info][gc,cpu         ] GC(23) User=0.01s Sys=0.00s Real=0.01s
[18.769s][info][gc,start       ] GC(24) Pause Young (Allocation Failure)
[18.774s][info][gc,heap        ] GC(24) PSYoungGen: 248959K(265728K)->1471K(239616K) Eden: 247807K(247808K)->0K(238080K) From: 1151K(17920K)->1471K(1536K)
[18.774s][info][gc,heap        ] GC(24) ParOldGen: 288484K(288768K)->288556K(288768K)
[18.774s][info][gc,metaspace   ] GC(24) Metaspace: 55469K(55872K)->55469K(55872K) NonClass: 47211K(47488K)->47211K(47488K) Class: 8257K(8384K)->8257K(8384K)
[18.774s][info][gc             ] GC(24) Pause Young (Allocation Failure) 524M->283M(516M) 4.717ms
[18.774s][info][gc,cpu         ] GC(24) User=0.01s Sys=0.00s Real=0.00s
[19.357s][info][gc,start       ] GC(25) Pause Young (Allocation Failure)
[19.364s][info][gc,heap        ] GC(25) PSYoungGen: 239551K(239616K)->2048K(247808K) Eden: 238080K(238080K)->0K(228864K) From: 1471K(1536K)->2048K(18944K)
[19.364s][info][gc,heap        ] GC(25) ParOldGen: 288556K(288768K)->288628K(288768K)
[19.364s][info][gc,metaspace   ] GC(25) Metaspace: 55471K(55872K)->55471K(55872K) NonClass: 47213K(47488K)->47213K(47488K) Class: 8257K(8384K)->8257K(8384K)
[19.364s][info][gc             ] GC(25) Pause Young (Allocation Failure) 515M->283M(524M) 6.613ms
[19.364s][info][gc,cpu         ] GC(25) User=0.00s Sys=0.01s Real=0.00s
[19.997s][info][gc,start       ] GC(26) Pause Young (Allocation Failure)
[20.004s][info][gc,heap        ] GC(26) PSYoungGen: 230912K(247808K)->2174K(222720K) Eden: 228864K(228864K)->0K(220160K) From: 2048K(18944K)->2174K(2560K)
[20.004s][info][gc,heap        ] GC(26) ParOldGen: 288628K(288768K)->288692K(288768K)
[20.004s][info][gc,metaspace   ] GC(26) Metaspace: 55471K(55872K)->55471K(55872K) NonClass: 47213K(47488K)->47213K(47488K) Class: 8257K(8384K)->8257K(8384K)
[20.004s][info][gc             ] GC(26) Pause Young (Allocation Failure) 507M->284M(499M) 6.540ms
[20.004s][info][gc,cpu         ] GC(26) User=0.01s Sys=0.00s Real=0.00s
[20.455s][info][gc,start       ] GC(27) Pause Young (Allocation Failure)
[20.459s][info][gc,heap        ] GC(27) PSYoungGen: 222334K(222720K)->1888K(228864K) Eden: 220160K(220160K)->0K(211968K) From: 2174K(2560K)->1888K(16896K)
[20.459s][info][gc,heap        ] GC(27) ParOldGen: 288692K(288768K)->288748K(288768K)
[20.459s][info][gc,metaspace   ] GC(27) Metaspace: 55471K(55872K)->55471K(55872K) NonClass: 47213K(47488K)->47213K(47488K) Class: 8257K(8384K)->8257K(8384K)
[20.459s][info][gc             ] GC(27) Pause Young (Allocation Failure) 499M->283M(505M) 4.558ms
[20.459s][info][gc,cpu         ] GC(27) User=0.00s Sys=0.00s Real=0.01s
[20.966s][info][gc,start       ] GC(28) Pause Young (Allocation Failure)
[20.971s][info][gc,heap        ] GC(28) PSYoungGen: 213856K(228864K)->2655K(207360K) Eden: 211968K(211968K)->0K(204288K) From: 1888K(16896K)->2655K(3072K)
[20.971s][info][gc,heap        ] GC(28) ParOldGen: 288748K(288768K)->288804K(289280K)
[20.971s][info][gc,metaspace   ] GC(28) Metaspace: 55471K(55872K)->55471K(55872K) NonClass: 47213K(47488K)->47213K(47488K) Class: 8257K(8384K)->8257K(8384K)
[20.971s][info][gc             ] GC(28) Pause Young (Allocation Failure) 490M->284M(485M) 5.456ms
[20.971s][info][gc,cpu         ] GC(28) User=0.01s Sys=0.01s Real=0.01s
[21.574s][info][gc,start       ] GC(29) Pause Young (Allocation Failure)
[21.579s][info][gc,heap        ] GC(29) PSYoungGen: 206943K(207360K)->2047K(210944K) Eden: 204288K(204288K)->0K(196608K) From: 2655K(3072K)->2047K(14336K)
[21.579s][info][gc,heap        ] GC(29) ParOldGen: 288804K(289280K)->288852K(289280K)
[21.579s][info][gc,metaspace   ] GC(29) Metaspace: 55471K(55872K)->55471K(55872K) NonClass: 47213K(47488K)->47213K(47488K) Class: 8257K(8384K)->8257K(8384K)
[21.579s][info][gc             ] GC(29) Pause Young (Allocation Failure) 484M->284M(488M) 4.787ms
[21.579s][info][gc,cpu         ] GC(29) User=0.01s Sys=0.00s Real=0.01s
[22.057s][info][gc,start       ] GC(30) Pause Young (Allocation Failure)
[22.062s][info][gc,heap        ] GC(30) PSYoungGen: 198655K(210944K)->1888K(191488K) Eden: 196608K(196608K)->0K(189440K) From: 2047K(14336K)->1888K(2048K)
[22.062s][info][gc,heap        ] GC(30) ParOldGen: 288852K(289280K)->288900K(289280K)
[22.062s][info][gc,metaspace   ] GC(30) Metaspace: 55471K(55872K)->55471K(55872K) NonClass: 47213K(47488K)->47213K(47488K) Class: 8257K(8384K)->8257K(8384K)
[22.062s][info][gc             ] GC(30) Pause Young (Allocation Failure) 476M->283M(469M) 5.068ms
[22.062s][info][gc,cpu         ] GC(30) User=0.01s Sys=0.00s Real=0.00s
[22.543s][info][gc,start       ] GC(31) Pause Young (Allocation Failure)
[22.546s][info][gc,heap        ] GC(31) PSYoungGen: 191328K(191488K)->723K(196608K) Eden: 189440K(189440K)->0K(182784K) From: 1888K(2048K)->723K(13824K)
[22.546s][info][gc,heap        ] GC(31) ParOldGen: 288900K(289280K)->288940K(289280K)
[22.546s][info][gc,metaspace   ] GC(31) Metaspace: 55471K(55872K)->55471K(55872K) NonClass: 47213K(47488K)->47213K(47488K) Class: 8257K(8384K)->8257K(8384K)
[22.546s][info][gc             ] GC(31) Pause Young (Allocation Failure) 468M->282M(474M) 3.052ms
[22.546s][info][gc,cpu         ] GC(31) User=0.01s Sys=0.00s Real=0.00s
[22.971s][info][gc,start       ] GC(32) Pause Young (Allocation Failure)
[22.976s][info][gc,heap        ] GC(32) PSYoungGen: 183507K(196608K)->2080K(178688K) Eden: 182784K(182784K)->0K(176128K) From: 723K(13824K)->2080K(2560K)
[22.976s][info][gc,heap        ] GC(32) ParOldGen: 288940K(289280K)->288980K(289280K)
[22.976s][info][gc,metaspace   ] GC(32) Metaspace: 55471K(55872K)->55471K(55872K) NonClass: 47213K(47488K)->47213K(47488K) Class: 8257K(8384K)->8257K(8384K)
[22.976s][info][gc             ] GC(32) Pause Young (Allocation Failure) 461M->284M(457M) 5.082ms
[22.976s][info][gc,cpu         ] GC(32) User=0.01s Sys=0.00s Real=0.01s
[23.390s][info][gc,start       ] GC(33) Pause Young (Allocation Failure)
[23.393s][info][gc,heap        ] GC(33) PSYoungGen: 178208K(178688K)->499K(181760K) Eden: 176128K(176128K)->0K(169984K) From: 2080K(2560K)->499K(11776K)
[23.393s][info][gc,heap        ] GC(33) ParOldGen: 288980K(289280K)->289012K(289280K)
[23.393s][info][gc,metaspace   ] GC(33) Metaspace: 55471K(55872K)->55471K(55872K) NonClass: 47214K(47488K)->47214K(47488K) Class: 8257K(8384K)->8257K(8384K)
[23.393s][info][gc             ] GC(33) Pause Young (Allocation Failure) 456M->282M(460M) 2.643ms
[23.393s][info][gc,cpu         ] GC(33) User=0.00s Sys=0.01s Real=0.00s
[23.845s][info][gc,start       ] GC(34) Pause Young (Allocation Failure)
[23.849s][info][gc,heap        ] GC(34) PSYoungGen: 170483K(181760K)->960K(165376K) Eden: 169984K(169984K)->0K(164352K) From: 499K(11776K)->960K(1024K)
[23.849s][info][gc,heap        ] GC(34) ParOldGen: 289012K(289280K)->289052K(289280K)
[23.849s][info][gc,metaspace   ] GC(34) Metaspace: 55484K(55872K)->55484K(55872K) NonClass: 47226K(47488K)->47226K(47488K) Class: 8258K(8384K)->8258K(8384K)
[23.849s][info][gc             ] GC(34) Pause Young (Allocation Failure) 448M->283M(444M) 3.600ms
[23.849s][info][gc,cpu         ] GC(34) User=0.01s Sys=0.00s Real=0.01s
[24.247s][info][gc,start       ] GC(35) Pause Young (Allocation Failure)
[24.251s][info][gc,heap        ] GC(35) PSYoungGen: 165312K(165376K)->1183K(168960K) Eden: 164352K(164352K)->0K(158720K) From: 960K(1024K)->1183K(10240K)
[24.251s][info][gc,heap        ] GC(35) ParOldGen: 289052K(289280K)->289092K(289280K)
[24.251s][info][gc,metaspace   ] GC(35) Metaspace: 55485K(55872K)->55485K(55872K) NonClass: 47227K(47488K)->47227K(47488K) Class: 8258K(8384K)->8258K(8384K)
[24.251s][info][gc             ] GC(35) Pause Young (Allocation Failure) 443M->283M(447M) 3.549ms
[24.251s][info][gc,cpu         ] GC(35) User=0.01s Sys=0.00s Real=0.00s
[24.651s][info][gc,start       ] GC(36) Pause Young (Allocation Failure)
[24.661s][info][gc,heap        ] GC(36) PSYoungGen: 159903K(168960K)->1151K(175616K) Eden: 158720K(158720K)->0K(158720K) From: 1183K(10240K)->1151K(16896K)
[24.661s][info][gc,heap        ] GC(36) ParOldGen: 289092K(289280K)->289124K(289280K)
[24.661s][info][gc,metaspace   ] GC(36) Metaspace: 55485K(55872K)->55485K(55872K) NonClass: 47227K(47488K)->47227K(47488K) Class: 8258K(8384K)->8258K(8384K)
[24.661s][info][gc             ] GC(36) Pause Young (Allocation Failure) 438M->283M(454M) 9.598ms
[24.661s][info][gc,cpu         ] GC(36) User=0.01s Sys=0.00s Real=0.01s
[25.042s][info][gc,start       ] GC(37) Pause Young (Allocation Failure)
[25.047s][info][gc,heap        ] GC(37) PSYoungGen: 159871K(175616K)->917K(213504K) Eden: 158720K(158720K)->0K(198656K) From: 1151K(16896K)->917K(14848K)
[25.047s][info][gc,heap        ] GC(37) ParOldGen: 289124K(289280K)->289156K(289280K)
[25.047s][info][gc,metaspace   ] GC(37) Metaspace: 55485K(55872K)->55485K(55872K) NonClass: 47227K(47488K)->47227K(47488K) Class: 8258K(8384K)->8258K(8384K)
[25.047s][info][gc             ] GC(37) Pause Young (Allocation Failure) 438M->283M(491M) 4.792ms
[25.047s][info][gc,cpu         ] GC(37) User=0.00s Sys=0.00s Real=0.01s
[25.495s][info][gc,start       ] GC(38) Pause Young (Allocation Failure)
[25.498s][info][gc,heap        ] GC(38) PSYoungGen: 199573K(213504K)->544K(192512K) Eden: 198656K(198656K)->0K(191488K) From: 917K(14848K)->544K(1024K)
[25.498s][info][gc,heap        ] GC(38) ParOldGen: 289156K(289280K)->289188K(289280K)
[25.498s][info][gc,metaspace   ] GC(38) Metaspace: 55487K(55872K)->55487K(55872K) NonClass: 47229K(47488K)->47229K(47488K) Class: 8258K(8384K)->8258K(8384K)
[25.498s][info][gc             ] GC(38) Pause Young (Allocation Failure) 477M->282M(470M) 2.634ms
[25.498s][info][gc,cpu         ] GC(38) User=0.00s Sys=0.00s Real=0.01s
[25.969s][info][gc,start       ] GC(39) Pause Young (Allocation Failure)
[25.975s][info][gc,heap        ] GC(39) PSYoungGen: 192032K(192512K)->2495K(206848K) Eden: 191488K(191488K)->0K(192512K) From: 544K(1024K)->2495K(14336K)
[25.975s][info][gc,heap        ] GC(39) ParOldGen: 289188K(289280K)->289228K(289280K)
[25.975s][info][gc,metaspace   ] GC(39) Metaspace: 55487K(55872K)->55487K(55872K) NonClass: 47229K(47488K)->47229K(47488K) Class: 8258K(8384K)->8258K(8384K)
[25.975s][info][gc             ] GC(39) Pause Young (Allocation Failure) 469M->284M(484M) 5.610ms
[25.975s][info][gc,cpu         ] GC(39) User=0.01s Sys=0.00s Real=0.00s
[26.455s][info][gc,start       ] GC(40) Pause Young (Allocation Failure)
[26.460s][info][gc,heap        ] GC(40) PSYoungGen: 195007K(206848K)->1951K(187392K) Eden: 192512K(192512K)->0K(185344K) From: 2495K(14336K)->1951K(2048K)
[26.460s][info][gc,heap        ] GC(40) ParOldGen: 289228K(289280K)->289260K(289280K)
[26.460s][info][gc,metaspace   ] GC(40) Metaspace: 55487K(55872K)->55487K(55872K) NonClass: 47229K(47488K)->47229K(47488K) Class: 8258K(8384K)->8258K(8384K)
[26.460s][info][gc             ] GC(40) Pause Young (Allocation Failure) 472M->284M(465M) 4.123ms
[26.460s][info][gc,cpu         ] GC(40) User=0.01s Sys=0.00s Real=0.01s
[26.936s][info][gc,start       ] GC(41) Pause Young (Allocation Failure)
[26.938s][info][gc,heap        ] GC(41) PSYoungGen: 187295K(187392K)->192K(183296K) Eden: 185344K(185344K)->0K(178688K) From: 1951K(2048K)->192K(4608K)
[26.938s][info][gc,heap        ] GC(41) ParOldGen: 289260K(289280K)->289292K(289792K)
[26.938s][info][gc,metaspace   ] GC(41) Metaspace: 55487K(55872K)->55487K(55872K) NonClass: 47229K(47488K)->47229K(47488K) Class: 8258K(8384K)->8258K(8384K)
[26.938s][info][gc             ] GC(41) Pause Young (Allocation Failure) 465M->282M(462M) 2.143ms
[26.938s][info][gc,cpu         ] GC(41) User=0.00s Sys=0.00s Real=0.00s
[27.355s][info][gc,start       ] GC(42) Pause Young (Allocation Failure)
[27.358s][info][gc,heap        ] GC(42) PSYoungGen: 178880K(183296K)->1695K(174592K) Eden: 178688K(178688K)->0K(172544K) From: 192K(4608K)->1695K(2048K)
[27.358s][info][gc,heap        ] GC(42) ParOldGen: 289292K(289792K)->289324K(289792K)
[27.358s][info][gc,metaspace   ] GC(42) Metaspace: 55487K(55872K)->55487K(55872K) NonClass: 47229K(47488K)->47229K(47488K) Class: 8258K(8384K)->8258K(8384K)
[27.358s][info][gc             ] GC(42) Pause Young (Allocation Failure) 457M->284M(453M) 3.794ms
[27.358s][info][gc,cpu         ] GC(42) User=0.00s Sys=0.00s Real=0.01s
[27.813s][info][gc,start       ] GC(43) Pause Young (Allocation Failure)
[27.817s][info][gc,heap        ] GC(43) PSYoungGen: 174239K(174592K)->1216K(167936K) Eden: 172544K(172544K)->0K(166400K) From: 1695K(2048K)->1216K(1536K)
[27.817s][info][gc,heap        ] GC(43) ParOldGen: 289324K(289792K)->289356K(289792K)
[27.817s][info][gc,metaspace   ] GC(43) Metaspace: 55487K(55872K)->55487K(55872K) NonClass: 47229K(47488K)->47229K(47488K) Class: 8258K(8384K)->8258K(8384K)
[27.817s][info][gc             ] GC(43) Pause Young (Allocation Failure) 452M->283M(447M) 3.895ms
[27.817s][info][gc,cpu         ] GC(43) User=0.00s Sys=0.00s Real=0.01s
[28.167s][info][gc,start       ] GC(44) Pause Young (Allocation Failure)
[28.172s][info][gc,heap        ] GC(44) PSYoungGen: 167616K(167936K)->2048K(171008K) Eden: 166400K(166400K)->0K(160768K) From: 1216K(1536K)->2048K(10240K)
[28.172s][info][gc,heap        ] GC(44) ParOldGen: 289356K(289792K)->289380K(289792K)
[28.172s][info][gc,metaspace   ] GC(44) Metaspace: 55487K(55872K)->55487K(55872K) NonClass: 47229K(47488K)->47229K(47488K) Class: 8258K(8384K)->8258K(8384K)
[28.172s][info][gc             ] GC(44) Pause Young (Allocation Failure) 446M->284M(450M) 4.658ms
[28.172s][info][gc,cpu         ] GC(44) User=0.01s Sys=0.00s Real=0.00s
[28.563s][info][gc,start       ] GC(45) Pause Young (Allocation Failure)
[28.567s][info][gc,heap        ] GC(45) PSYoungGen: 162771K(171008K)->1632K(157184K) Eden: 160723K(160768K)->0K(155136K) From: 2048K(10240K)->1632K(2048K)
[28.567s][info][gc,heap        ] GC(45) ParOldGen: 289380K(289792K)->289412K(289792K)
[28.567s][info][gc,metaspace   ] GC(45) Metaspace: 55487K(55872K)->55487K(55872K) NonClass: 47229K(47488K)->47229K(47488K) Class: 8258K(8384K)->8258K(8384K)
[28.567s][info][gc             ] GC(45) Pause Young (Allocation Failure) 441M->284M(436M) 4.379ms
[28.567s][info][gc,cpu         ] GC(45) User=0.00s Sys=0.00s Real=0.01s
[28.966s][info][gc,start       ] GC(46) Pause Young (Allocation Failure)
[28.988s][info][gc,heap        ] GC(46) PSYoungGen: 156768K(157184K)->2688K(172032K) Eden: 155136K(155136K)->0K(163328K) From: 1632K(2048K)->2688K(8704K)
[28.988s][info][gc,heap        ] GC(46) ParOldGen: 289412K(289792K)->289436K(289792K)
[28.988s][info][gc,metaspace   ] GC(46) Metaspace: 55487K(55872K)->55487K(55872K) NonClass: 47229K(47488K)->47229K(47488K) Class: 8258K(8384K)->8258K(8384K)
[28.988s][info][gc             ] GC(46) Pause Young (Allocation Failure) 435M->285M(451M) 22.236ms
[28.988s][info][gc,cpu         ] GC(46) User=0.01s Sys=0.00s Real=0.02s
[29.356s][info][gc,start       ] GC(47) Pause Young (Allocation Failure)
[29.360s][info][gc,heap        ] GC(47) PSYoungGen: 166016K(172032K)->1503K(198144K) Eden: 163328K(163328K)->0K(189952K) From: 2688K(8704K)->1503K(8192K)
[29.360s][info][gc,heap        ] GC(47) ParOldGen: 289436K(289792K)->289468K(289792K)
[29.360s][info][gc,metaspace   ] GC(47) Metaspace: 55490K(55872K)->55490K(55872K) NonClass: 47232K(47488K)->47232K(47488K) Class: 8258K(8384K)->8258K(8384K)
[29.360s][info][gc             ] GC(47) Pause Young (Allocation Failure) 444M->284M(476M) 3.926ms
[29.360s][info][gc,cpu         ] GC(47) User=0.01s Sys=0.00s Real=0.00s
[29.839s][info][gc,start       ] GC(48) Pause Young (Allocation Failure)
[29.842s][info][gc,heap        ] GC(48) PSYoungGen: 191455K(198144K)->925K(197632K) Eden: 189952K(189952K)->0K(189952K) From: 1503K(8192K)->925K(7680K)
[29.842s][info][gc,heap        ] GC(48) ParOldGen: 289468K(289792K)->289500K(289792K)
[29.842s][info][gc,metaspace   ] GC(48) Metaspace: 55490K(55872K)->55490K(55872K) NonClass: 47232K(47488K)->47232K(47488K) Class: 8258K(8384K)->8258K(8384K)
[29.842s][info][gc             ] GC(48) Pause Young (Allocation Failure) 469M->283M(476M) 2.643ms
[29.842s][info][gc,cpu         ] GC(48) User=0.01s Sys=0.00s Real=0.00s
[30.275s][info][gc,start       ] GC(49) Pause Young (Allocation Failure)
[30.280s][info][gc,heap        ] GC(49) PSYoungGen: 190877K(197632K)->2143K(238592K) Eden: 189952K(189952K)->0K(231936K) From: 925K(7680K)->2143K(6656K)
[30.280s][info][gc,heap        ] GC(49) ParOldGen: 289500K(289792K)->289532K(289792K)
[30.280s][info][gc,metaspace   ] GC(49) Metaspace: 55490K(55872K)->55490K(55872K) NonClass: 47232K(47488K)->47232K(47488K) Class: 8258K(8384K)->8258K(8384K)
[30.280s][info][gc             ] GC(49) Pause Young (Allocation Failure) 469M->284M(516M) 5.049ms
[30.280s][info][gc,cpu         ] GC(49) User=0.01s Sys=0.00s Real=0.01s
[30.865s][info][gc,start       ] GC(50) Pause Young (Allocation Failure)
[30.869s][info][gc,heap        ] GC(50) PSYoungGen: 234079K(238592K)->1726K(239104K) Eden: 231936K(231936K)->0K(231936K) From: 2143K(6656K)->1726K(7168K)
[30.869s][info][gc,heap        ] GC(50) ParOldGen: 289532K(289792K)->289564K(289792K)
[30.869s][info][gc,metaspace   ] GC(50) Metaspace: 55490K(55872K)->55490K(55872K) NonClass: 47232K(47488K)->47232K(47488K) Class: 8258K(8384K)->8258K(8384K)
[30.869s][info][gc             ] GC(50) Pause Young (Allocation Failure) 511M->284M(516M) 3.988ms
[30.869s][info][gc,cpu         ] GC(50) User=0.00s Sys=0.00s Real=0.01s
[31.448s][info][gc,start       ] GC(51) Pause Young (Allocation Failure)
[31.451s][info][gc,heap        ] GC(51) PSYoungGen: 233662K(239104K)->736K(286720K) Eden: 231936K(231936K)->0K(281088K) From: 1726K(7168K)->736K(5632K)
[31.451s][info][gc,heap        ] GC(51) ParOldGen: 289564K(289792K)->289596K(289792K)
[31.451s][info][gc,metaspace   ] GC(51) Metaspace: 55490K(55872K)->55490K(55872K) NonClass: 47232K(47488K)->47232K(47488K) Class: 8258K(8384K)->8258K(8384K)
[31.451s][info][gc             ] GC(51) Pause Young (Allocation Failure) 510M->283M(563M) 2.922ms
[31.451s][info][gc,cpu         ] GC(51) User=0.00s Sys=0.00s Real=0.00s
[32.181s][info][gc,start       ] GC(52) Pause Young (Allocation Failure)
[32.185s][info][gc,heap        ] GC(52) PSYoungGen: 281824K(286720K)->1855K(271872K) Eden: 281088K(281088K)->0K(269824K) From: 736K(5632K)->1855K(2048K)
[32.185s][info][gc,heap        ] GC(52) ParOldGen: 289596K(289792K)->289628K(289792K)
[32.185s][info][gc,metaspace   ] GC(52) Metaspace: 55490K(55872K)->55490K(55872K) NonClass: 47232K(47488K)->47232K(47488K) Class: 8258K(8384K)->8258K(8384K)
[32.185s][info][gc             ] GC(52) Pause Young (Allocation Failure) 558M->284M(548M) 4.532ms
[32.185s][info][gc,cpu         ] GC(52) User=0.00s Sys=0.00s Real=0.00s
[32.777s][info][gc,start       ] GC(53) Pause Young (Allocation Failure)
[32.781s][info][gc,heap        ] GC(53) PSYoungGen: 271679K(271872K)->1599K(261120K) Eden: 269824K(269824K)->0K(259072K) From: 1855K(2048K)->1599K(2048K)
[32.781s][info][gc,heap        ] GC(53) ParOldGen: 289628K(289792K)->289660K(289792K)
[32.781s][info][gc,metaspace   ] GC(53) Metaspace: 55490K(55872K)->55490K(55872K) NonClass: 47232K(47488K)->47232K(47488K) Class: 8258K(8384K)->8258K(8384K)
[32.781s][info][gc             ] GC(53) Pause Young (Allocation Failure) 548M->284M(538M) 4.154ms
[32.781s][info][gc,cpu         ] GC(53) User=0.00s Sys=0.00s Real=0.00s
[33.445s][info][gc,start       ] GC(54) Pause Young (Allocation Failure)
[33.447s][info][gc,heap        ] GC(54) PSYoungGen: 260671K(261120K)->512K(249344K) Eden: 259072K(259072K)->0K(248832K) From: 1599K(2048K)->512K(512K)
[33.447s][info][gc,heap        ] GC(54) ParOldGen: 289660K(289792K)->289692K(289792K)
[33.447s][info][gc,metaspace   ] GC(54) Metaspace: 55490K(55872K)->55490K(55872K) NonClass: 47232K(47488K)->47232K(47488K) Class: 8258K(8384K)->8258K(8384K)
[33.447s][info][gc             ] GC(54) Pause Young (Allocation Failure) 537M->283M(526M) 2.498ms
[33.447s][info][gc,cpu         ] GC(54) User=0.01s Sys=0.00s Real=0.01s
[34.052s][info][gc,start       ] GC(55) Pause Young (Allocation Failure)
[34.056s][info][gc,heap        ] GC(55) PSYoungGen: 249344K(249344K)->1472K(240640K) Eden: 248832K(248832K)->0K(239104K) From: 512K(512K)->1472K(1536K)
[34.056s][info][gc,heap        ] GC(55) ParOldGen: 289692K(289792K)->289732K(289792K)
[34.056s][info][gc,metaspace   ] GC(55) Metaspace: 55491K(55872K)->55491K(55872K) NonClass: 47232K(47488K)->47232K(47488K) Class: 8258K(8384K)->8258K(8384K)
[34.056s][info][gc             ] GC(55) Pause Young (Allocation Failure) 526M->284M(518M) 4.374ms
[34.056s][info][gc,cpu         ] GC(55) User=0.01s Sys=0.00s Real=0.01s
[34.645s][info][gc,start       ] GC(56) Pause Young (Allocation Failure)
[34.648s][info][gc,heap        ] GC(56) PSYoungGen: 240576K(240640K)->1598K(231936K) Eden: 239104K(239104K)->0K(229888K) From: 1472K(1536K)->1598K(2048K)
[34.648s][info][gc,heap        ] GC(56) ParOldGen: 289732K(289792K)->289764K(289792K)
[34.648s][info][gc,metaspace   ] GC(56) Metaspace: 55493K(55872K)->55493K(55872K) NonClass: 47235K(47488K)->47235K(47488K) Class: 8258K(8384K)->8258K(8384K)
[34.648s][info][gc             ] GC(56) Pause Young (Allocation Failure) 517M->284M(509M) 3.109ms
[34.648s][info][gc,cpu         ] GC(56) User=0.01s Sys=0.00s Real=0.01s
[35.177s][info][gc,start       ] GC(57) Pause Young (Allocation Failure)
[35.182s][info][gc,heap        ] GC(57) PSYoungGen: 231415K(231936K)->1472K(222720K) Eden: 229817K(229888K)->0K(221184K) From: 1598K(2048K)->1472K(1536K)
[35.182s][info][gc,heap        ] GC(57) ParOldGen: 289764K(289792K)->289804K(290304K)
[35.182s][info][gc,metaspace   ] GC(57) Metaspace: 55493K(55872K)->55493K(55872K) NonClass: 47235K(47488K)->47235K(47488K) Class: 8258K(8384K)->8258K(8384K)
[35.182s][info][gc             ] GC(57) Pause Young (Allocation Failure) 508M->284M(501M) 5.073ms
[35.182s][info][gc,cpu         ] GC(57) User=0.00s Sys=0.00s Real=0.00s
[35.750s][info][gc,start       ] GC(58) Pause Young (Allocation Failure)
[35.753s][info][gc,heap        ] GC(58) PSYoungGen: 222656K(222720K)->1599K(215040K) Eden: 221184K(221184K)->0K(212992K) From: 1472K(1536K)->1599K(2048K)
[35.753s][info][gc,heap        ] GC(58) ParOldGen: 289804K(290304K)->289828K(290304K)
[35.753s][info][gc,metaspace   ] GC(58) Metaspace: 55493K(55872K)->55493K(55872K) NonClass: 47235K(47488K)->47235K(47488K) Class: 8258K(8384K)->8258K(8384K)
[35.753s][info][gc             ] GC(58) Pause Young (Allocation Failure) 500M->284M(493M) 3.436ms
[35.753s][info][gc,cpu         ] GC(58) User=0.01s Sys=0.00s Real=0.00s
[36.263s][info][gc,start       ] GC(59) Pause Young (Allocation Failure)
[36.267s][info][gc,heap        ] GC(59) PSYoungGen: 214591K(215040K)->1855K(207360K) Eden: 212992K(212992K)->0K(205312K) From: 1599K(2048K)->1855K(2048K)
[36.267s][info][gc,heap        ] GC(59) ParOldGen: 289828K(290304K)->289852K(290304K)
[36.267s][info][gc,metaspace   ] GC(59) Metaspace: 55493K(55872K)->55493K(55872K) NonClass: 47235K(47488K)->47235K(47488K) Class: 8258K(8384K)->8258K(8384K)
[36.267s][info][gc             ] GC(59) Pause Young (Allocation Failure) 492M->284M(486M) 4.271ms
[36.267s][info][gc,cpu         ] GC(59) User=0.01s Sys=0.00s Real=0.01s
[36.765s][info][gc,start       ] GC(60) Pause Young (Allocation Failure)
[36.769s][info][gc,heap        ] GC(60) PSYoungGen: 206912K(207360K)->1504K(199168K) Eden: 205056K(205312K)->0K(197632K) From: 1855K(2048K)->1504K(1536K)
[36.769s][info][gc,heap        ] GC(60) ParOldGen: 289852K(290304K)->289876K(290304K)
[36.769s][info][gc,metaspace   ] GC(60) Metaspace: 55518K(55872K)->55518K(55872K) NonClass: 47257K(47488K)->47257K(47488K) Class: 8260K(8384K)->8260K(8384K)
[36.769s][info][gc             ] GC(60) Pause Young (Allocation Failure) 485M->284M(478M) 3.923ms
[36.769s][info][gc,cpu         ] GC(60) User=0.00s Sys=0.00s Real=0.01s
[37.255s][info][gc,start       ] GC(61) Pause Young (Allocation Failure)
[37.259s][info][gc,heap        ] GC(61) PSYoungGen: 199090K(199168K)->1600K(192512K) Eden: 197586K(197632K)->0K(190464K) From: 1504K(1536K)->1600K(2048K)
[37.259s][info][gc,heap        ] GC(61) ParOldGen: 289876K(290304K)->289924K(290304K)
[37.259s][info][gc,metaspace   ] GC(61) Metaspace: 55518K(55872K)->55518K(55872K) NonClass: 47257K(47488K)->47257K(47488K) Class: 8260K(8384K)->8260K(8384K)
[37.259s][info][gc             ] GC(61) Pause Young (Allocation Failure) 477M->284M(471M) 4.118ms
[37.259s][info][gc,cpu         ] GC(61) User=0.00s Sys=0.00s Real=0.01s
[37.841s][info][gc,start       ] GC(62) Pause Young (Allocation Failure)
[37.844s][info][gc,heap        ] GC(62) PSYoungGen: 192064K(192512K)->777K(184832K) Eden: 190464K(190464K)->0K(183808K) From: 1600K(2048K)->777K(1024K)
[37.844s][info][gc,heap        ] GC(62) ParOldGen: 289924K(290304K)->289948K(290304K)
[37.844s][info][gc,metaspace   ] GC(62) Metaspace: 55518K(55872K)->55518K(55872K) NonClass: 47257K(47488K)->47257K(47488K) Class: 8260K(8384K)->8260K(8384K)
[37.844s][info][gc             ] GC(62) Pause Young (Allocation Failure) 470M->283M(464M) 2.817ms
[37.844s][info][gc,cpu         ] GC(62) User=0.00s Sys=0.00s Real=0.00s
[38.270s][info][gc,start       ] GC(63) Pause Young (Allocation Failure)
[38.274s][info][gc,heap        ] GC(63) PSYoungGen: 184585K(184832K)->1568K(179200K) Eden: 183808K(183808K)->0K(177152K) From: 777K(1024K)->1568K(2048K)
[38.274s][info][gc,heap        ] GC(63) ParOldGen: 289948K(290304K)->289980K(290304K)
[38.274s][info][gc,metaspace   ] GC(63) Metaspace: 55518K(55872K)->55518K(55872K) NonClass: 47257K(47488K)->47257K(47488K) Class: 8260K(8384K)->8260K(8384K)
[38.274s][info][gc             ] GC(63) Pause Young (Allocation Failure) 463M->284M(458M) 4.105ms
[38.274s][info][gc,cpu         ] GC(63) User=0.01s Sys=0.00s Real=0.00s
[38.738s][info][gc,start       ] GC(64) Pause Young (Allocation Failure)
[38.741s][info][gc,heap        ] GC(64) PSYoungGen: 178720K(179200K)->576K(172032K) Eden: 177152K(177152K)->0K(171008K) From: 1568K(2048K)->576K(1024K)
[38.741s][info][gc,heap        ] GC(64) ParOldGen: 289980K(290304K)->290004K(290304K)
[38.741s][info][gc,metaspace   ] GC(64) Metaspace: 55518K(55872K)->55518K(55872K) NonClass: 47257K(47488K)->47257K(47488K) Class: 8260K(8384K)->8260K(8384K)
[38.741s][info][gc             ] GC(64) Pause Young (Allocation Failure) 457M->283M(451M) 2.470ms
[38.741s][info][gc,cpu         ] GC(64) User=0.00s Sys=0.00s Real=0.00s
[39.147s][info][gc,start       ] GC(65) Pause Young (Allocation Failure)
[39.151s][info][gc,heap        ] GC(65) PSYoungGen: 171584K(172032K)->1614K(166912K) Eden: 171008K(171008K)->0K(164864K) From: 576K(1024K)->1614K(2048K)
[39.151s][info][gc,heap        ] GC(65) ParOldGen: 290004K(290304K)->290028K(290304K)
[39.151s][info][gc,metaspace   ] GC(65) Metaspace: 55518K(55872K)->55518K(55872K) NonClass: 47257K(47488K)->47257K(47488K) Class: 8260K(8384K)->8260K(8384K)
[39.151s][info][gc             ] GC(65) Pause Young (Allocation Failure) 450M->284M(446M) 3.351ms
[39.151s][info][gc,cpu         ] GC(65) User=0.01s Sys=0.00s Real=0.00s
[39.548s][info][gc,start       ] GC(66) Pause Young (Allocation Failure)
[39.551s][info][gc,heap        ] GC(66) PSYoungGen: 166478K(166912K)->1311K(160768K) Eden: 164864K(164864K)->0K(159232K) From: 1614K(2048K)->1311K(1536K)
[39.551s][info][gc,heap        ] GC(66) ParOldGen: 290028K(290304K)->290044K(290304K)
[39.551s][info][gc,metaspace   ] GC(66) Metaspace: 55518K(55872K)->55518K(55872K) NonClass: 47257K(47488K)->47257K(47488K) Class: 8260K(8384K)->8260K(8384K)
[39.551s][info][gc             ] GC(66) Pause Young (Allocation Failure) 445M->284M(440M) 3.070ms
[39.551s][info][gc,cpu         ] GC(66) User=0.01s Sys=0.00s Real=0.00s
[39.946s][info][gc,start       ] GC(67) Pause Young (Allocation Failure)
[39.948s][info][gc,heap        ] GC(67) PSYoungGen: 160543K(160768K)->1215K(155136K) Eden: 159232K(159232K)->0K(153600K) From: 1311K(1536K)->1215K(1536K)
[39.948s][info][gc,heap        ] GC(67) ParOldGen: 290044K(290304K)->290068K(290304K)
[39.948s][info][gc,metaspace   ] GC(67) Metaspace: 55519K(55872K)->55519K(55872K) NonClass: 47258K(47488K)->47258K(47488K) Class: 8260K(8384K)->8260K(8384K)
[39.948s][info][gc             ] GC(67) Pause Young (Allocation Failure) 440M->284M(435M) 2.846ms
[39.948s][info][gc,cpu         ] GC(67) User=0.01s Sys=0.00s Real=0.01s
[40.336s][info][gc,start       ] GC(68) Pause Young (Allocation Failure)
[40.338s][info][gc,heap        ] GC(68) PSYoungGen: 154815K(155136K)->160K(148992K) Eden: 153600K(153600K)->0K(148480K) From: 1215K(1536K)->160K(512K)
[40.338s][info][gc,heap        ] GC(68) ParOldGen: 290068K(290304K)->290084K(290304K)
[40.338s][info][gc,metaspace   ] GC(68) Metaspace: 55519K(55872K)->55519K(55872K) NonClass: 47258K(47488K)->47258K(47488K) Class: 8260K(8384K)->8260K(8384K)
[40.338s][info][gc             ] GC(68) Pause Young (Allocation Failure) 434M->283M(429M) 1.875ms
[40.338s][info][gc,cpu         ] GC(68) User=0.00s Sys=0.01s Real=0.00s
[40.662s][info][gc,start       ] GC(69) Pause Young (Allocation Failure)
[40.667s][info][gc,heap        ] GC(69) PSYoungGen: 148427K(148992K)->2080K(145920K) Eden: 148267K(148480K)->0K(143360K) From: 160K(512K)->2080K(2560K)
[40.667s][info][gc,heap        ] GC(69) ParOldGen: 290084K(290304K)->290108K(290304K)
[40.667s][info][gc,metaspace   ] GC(69) Metaspace: 55519K(55872K)->55519K(55872K) NonClass: 47258K(47488K)->47258K(47488K) Class: 8260K(8384K)->8260K(8384K)
[40.667s][info][gc             ] GC(69) Pause Young (Allocation Failure) 428M->285M(426M) 4.578ms
[40.667s][info][gc,cpu         ] GC(69) User=0.01s Sys=0.00s Real=0.01s
[41.043s][info][gc,start       ] GC(70) Pause Young (Allocation Failure)
[41.046s][info][gc,heap        ] GC(70) PSYoungGen: 145440K(145920K)->576K(139776K) Eden: 143360K(143360K)->0K(138752K) From: 2080K(2560K)->576K(1024K)
[41.046s][info][gc,heap        ] GC(70) ParOldGen: 290108K(290304K)->290124K(290304K)
[41.046s][info][gc,metaspace   ] GC(70) Metaspace: 55522K(55872K)->55522K(55872K) NonClass: 47261K(47488K)->47261K(47488K) Class: 8260K(8384K)->8260K(8384K)
[41.046s][info][gc             ] GC(70) Pause Young (Allocation Failure) 425M->283M(420M) 2.514ms
[41.046s][info][gc,cpu         ] GC(70) User=0.01s Sys=0.00s Real=0.00s
[41.373s][info][gc,start       ] GC(71) Pause Young (Allocation Failure)
[41.376s][info][gc,heap        ] GC(71) PSYoungGen: 139328K(139776K)->1024K(135168K) Eden: 138752K(138752K)->0K(134144K) From: 576K(1024K)->1024K(1024K)
[41.376s][info][gc,heap        ] GC(71) ParOldGen: 290124K(290304K)->290140K(290304K)
[41.376s][info][gc,metaspace   ] GC(71) Metaspace: 55522K(55872K)->55522K(55872K) NonClass: 47261K(47488K)->47261K(47488K) Class: 8260K(8384K)->8260K(8384K)
[41.376s][info][gc             ] GC(71) Pause Young (Allocation Failure) 419M->284M(415M) 3.060ms
[41.376s][info][gc,cpu         ] GC(71) User=0.01s Sys=0.00s Real=0.01s
[41.684s][info][gc,start       ] GC(72) Pause Young (Allocation Failure)
[41.686s][info][gc,heap        ] GC(72) PSYoungGen: 135168K(135168K)->927K(131072K) Eden: 134144K(134144K)->0K(130048K) From: 1024K(1024K)->927K(1024K)
[41.687s][info][gc,heap        ] GC(72) ParOldGen: 290140K(290304K)->290156K(290304K)
[41.687s][info][gc,metaspace   ] GC(72) Metaspace: 55522K(55872K)->55522K(55872K) NonClass: 47261K(47488K)->47261K(47488K) Class: 8260K(8384K)->8260K(8384K)
[41.687s][info][gc             ] GC(72) Pause Young (Allocation Failure) 415M->284M(411M) 2.491ms
[41.687s][info][gc,cpu         ] GC(72) User=0.01s Sys=0.00s Real=0.01s
[42.042s][info][gc,start       ] GC(73) Pause Young (Allocation Failure)
[42.044s][info][gc,heap        ] GC(73) PSYoungGen: 130975K(131072K)->991K(126976K) Eden: 130048K(130048K)->0K(125952K) From: 927K(1024K)->991K(1024K)
[42.044s][info][gc,heap        ] GC(73) ParOldGen: 290156K(290304K)->290172K(290304K)
[42.044s][info][gc,metaspace   ] GC(73) Metaspace: 55522K(55872K)->55522K(55872K) NonClass: 47261K(47488K)->47261K(47488K) Class: 8260K(8384K)->8260K(8384K)
[42.044s][info][gc             ] GC(73) Pause Young (Allocation Failure) 411M->284M(407M) 2.537ms
[42.044s][info][gc,cpu         ] GC(73) User=0.00s Sys=0.00s Real=0.00s
[42.345s][info][gc,start       ] GC(74) Pause Young (Allocation Failure)
[42.348s][info][gc,heap        ] GC(74) PSYoungGen: 126943K(126976K)->1471K(123392K) Eden: 125952K(125952K)->0K(121856K) From: 991K(1024K)->1471K(1536K)
[42.348s][info][gc,heap        ] GC(74) ParOldGen: 290172K(290304K)->290188K(290304K)
[42.348s][info][gc,metaspace   ] GC(74) Metaspace: 55522K(55872K)->55522K(55872K) NonClass: 47261K(47488K)->47261K(47488K) Class: 8260K(8384K)->8260K(8384K)
[42.348s][info][gc             ] GC(74) Pause Young (Allocation Failure) 407M->284M(404M) 3.107ms
[42.348s][info][gc,cpu         ] GC(74) User=0.00s Sys=0.00s Real=0.01s
[42.643s][info][gc,start       ] GC(75) Pause Young (Allocation Failure)
[42.646s][info][gc,heap        ] GC(75) PSYoungGen: 123327K(123392K)->895K(119296K) Eden: 121856K(121856K)->0K(118272K) From: 1471K(1536K)->895K(1024K)
[42.646s][info][gc,heap        ] GC(75) ParOldGen: 290188K(290304K)->290204K(290304K)
[42.646s][info][gc,metaspace   ] GC(75) Metaspace: 55522K(55872K)->55522K(55872K) NonClass: 47261K(47488K)->47261K(47488K) Class: 8260K(8384K)->8260K(8384K)
[42.646s][info][gc             ] GC(75) Pause Young (Allocation Failure) 403M->284M(400M) 2.858ms
[42.646s][info][gc,cpu         ] GC(75) User=0.01s Sys=0.00s Real=0.00s
[42.981s][info][gc,start       ] GC(76) Pause Young (Allocation Failure)
[42.983s][info][gc,heap        ] GC(76) PSYoungGen: 119167K(119296K)->288K(115200K) Eden: 118272K(118272K)->0K(114688K) From: 895K(1024K)->288K(512K)
[42.983s][info][gc,heap        ] GC(76) ParOldGen: 290204K(290304K)->290220K(290304K)
[42.983s][info][gc,metaspace   ] GC(76) Metaspace: 55522K(55872K)->55522K(55872K) NonClass: 47261K(47488K)->47261K(47488K) Class: 8260K(8384K)->8260K(8384K)
[42.983s][info][gc             ] GC(76) Pause Young (Allocation Failure) 399M->283M(396M) 1.908ms
[42.983s][info][gc,cpu         ] GC(76) User=0.00s Sys=0.00s Real=0.00s
[43.176s][info][gc,start       ] GC(77) Pause Young (Allocation Failure)
[43.179s][info][gc,heap        ] GC(77) PSYoungGen: 114822K(115200K)->1440K(112640K) Eden: 114534K(114688K)->0K(111104K) From: 288K(512K)->1440K(1536K)
[43.179s][info][gc,heap        ] GC(77) ParOldGen: 290220K(290304K)->290244K(290304K)
[43.179s][info][gc,metaspace   ] GC(77) Metaspace: 55522K(55872K)->55522K(55872K) NonClass: 47261K(47488K)->47261K(47488K) Class: 8260K(8384K)->8260K(8384K)
[43.179s][info][gc             ] GC(77) Pause Young (Allocation Failure) 395M->284M(393M) 3.583ms
[43.179s][info][gc,cpu         ] GC(77) User=0.00s Sys=0.00s Real=0.01s
[43.457s][info][gc,start       ] GC(78) Pause Young (Allocation Failure)
[43.460s][info][gc,heap        ] GC(78) PSYoungGen: 112544K(112640K)->1184K(109568K) Eden: 111104K(111104K)->0K(108032K) From: 1440K(1536K)->1184K(1536K)
[43.460s][info][gc,heap        ] GC(78) ParOldGen: 290244K(290304K)->290260K(290304K)
[43.460s][info][gc,metaspace   ] GC(78) Metaspace: 55522K(55872K)->55522K(55872K) NonClass: 47261K(47488K)->47261K(47488K) Class: 8260K(8384K)->8260K(8384K)
[43.460s][info][gc             ] GC(78) Pause Young (Allocation Failure) 393M->284M(390M) 3.244ms
[43.460s][info][gc,cpu         ] GC(78) User=0.01s Sys=0.00s Real=0.00s
[43.744s][info][gc,start       ] GC(79) Pause Young (Allocation Failure)
[43.746s][info][gc,heap        ] GC(79) PSYoungGen: 109216K(109568K)->1247K(106496K) Eden: 108032K(108032K)->0K(104960K) From: 1184K(1536K)->1247K(1536K)
[43.746s][info][gc,heap        ] GC(79) ParOldGen: 290260K(290304K)->290276K(290304K)
[43.746s][info][gc,metaspace   ] GC(79) Metaspace: 55522K(55872K)->55522K(55872K) NonClass: 47261K(47488K)->47261K(47488K) Class: 8260K(8384K)->8260K(8384K)
[43.746s][info][gc             ] GC(79) Pause Young (Allocation Failure) 390M->284M(387M) 2.753ms
[43.746s][info][gc,cpu         ] GC(79) User=0.01s Sys=0.00s Real=0.01s
[44.018s][info][gc,start       ] GC(80) Pause Young (Allocation Failure)
[44.023s][info][gc,heap        ] GC(80) PSYoungGen: 106011K(106496K)->2208K(128512K) Eden: 104764K(104960K)->0K(125952K) From: 1247K(1536K)->2208K(2560K)
[44.023s][info][gc,heap        ] GC(80) ParOldGen: 290276K(290304K)->290284K(290304K)
[44.023s][info][gc,metaspace   ] GC(80) Metaspace: 55522K(55872K)->55522K(55872K) NonClass: 47261K(47488K)->47261K(47488K) Class: 8260K(8384K)->8260K(8384K)
[44.023s][info][gc             ] GC(80) Pause Young (Allocation Failure) 387M->285M(409M) 4.632ms
[44.023s][info][gc,cpu         ] GC(80) User=0.01s Sys=0.00s Real=0.00s
[44.278s][info][gc,start       ] GC(81) Pause Young (Allocation Failure)
[44.285s][info][gc,heap        ] GC(81) PSYoungGen: 127859K(128512K)->1536K(153088K) Eden: 125651K(125952K)->0K(151552K) From: 2208K(2560K)->1536K(1536K)
[44.285s][info][gc,heap        ] GC(81) ParOldGen: 290284K(290304K)->290396K(290816K)
[44.285s][info][gc,metaspace   ] GC(81) Metaspace: 55522K(55872K)->55522K(55872K) NonClass: 47261K(47488K)->47261K(47488K) Class: 8260K(8384K)->8260K(8384K)
[44.285s][info][gc             ] GC(81) Pause Young (Allocation Failure) 408M->285M(433M) 7.686ms
[44.285s][info][gc,cpu         ] GC(81) User=0.01s Sys=0.00s Real=0.00s
[44.657s][info][gc,start       ] GC(82) Pause Young (Allocation Failure)
[44.661s][info][gc,heap        ] GC(82) PSYoungGen: 153088K(153088K)->2047K(184320K) Eden: 151552K(151552K)->0K(182272K) From: 1536K(1536K)->2047K(2048K)
[44.661s][info][gc,heap        ] GC(82) ParOldGen: 290396K(290816K)->290804K(290816K)
[44.661s][info][gc,metaspace   ] GC(82) Metaspace: 55522K(55872K)->55522K(55872K) NonClass: 47261K(47488K)->47261K(47488K) Class: 8260K(8384K)->8260K(8384K)
[44.661s][info][gc             ] GC(82) Pause Young (Allocation Failure) 433M->285M(464M) 4.510ms
[44.661s][info][gc,cpu         ] GC(82) User=0.01s Sys=0.00s Real=0.00s
[45.085s][info][gc,start       ] GC(83) Pause Young (Allocation Failure)
[45.088s][info][gc,heap        ] GC(83) PSYoungGen: 184208K(184320K)->512K(219648K) Eden: 182161K(182272K)->0K(219136K) From: 2047K(2048K)->512K(512K)
[45.088s][info][gc,heap        ] GC(83) ParOldGen: 290804K(290816K)->290828K(291328K)
[45.088s][info][gc,metaspace   ] GC(83) Metaspace: 55522K(55872K)->55522K(55872K) NonClass: 47261K(47488K)->47261K(47488K) Class: 8260K(8384K)->8260K(8384K)
[45.088s][info][gc             ] GC(83) Pause Young (Allocation Failure) 463M->284M(499M) 2.487ms
[45.088s][info][gc,cpu         ] GC(83) User=0.01s Sys=0.00s Real=0.01s
[45.652s][info][gc,start       ] GC(84) Pause Young (Allocation Failure)
[45.656s][info][gc,heap        ] GC(84) PSYoungGen: 219648K(219648K)->1951K(237056K) Eden: 219136K(219136K)->0K(233984K) From: 512K(512K)->1951K(3072K)
[45.656s][info][gc,heap        ] GC(84) ParOldGen: 290828K(291328K)->290852K(291328K)
[45.656s][info][gc,metaspace   ] GC(84) Metaspace: 55522K(55872K)->55522K(55872K) NonClass: 47261K(47488K)->47261K(47488K) Class: 8260K(8384K)->8260K(8384K)
[45.656s][info][gc             ] GC(84) Pause Young (Allocation Failure) 498M->285M(516M) 3.875ms
[45.656s][info][gc,cpu         ] GC(84) User=0.00s Sys=0.00s Real=0.01s
[46.305s][info][gc,start       ] GC(85) Pause Young (Allocation Failure)
[46.310s][info][gc,heap        ] GC(85) PSYoungGen: 235935K(237056K)->1504K(266240K) Eden: 233984K(233984K)->0K(263168K) From: 1951K(3072K)->1504K(3072K)
[46.310s][info][gc,heap        ] GC(85) ParOldGen: 290852K(291328K)->290876K(291328K)
[46.310s][info][gc,metaspace   ] GC(85) Metaspace: 55522K(55872K)->55522K(55872K) NonClass: 47261K(47488K)->47261K(47488K) Class: 8260K(8384K)->8260K(8384K)
[46.310s][info][gc             ] GC(85) Pause Young (Allocation Failure) 514M->285M(544M) 5.742ms
[46.310s][info][gc,cpu         ] GC(85) User=0.01s Sys=0.00s Real=0.01s
[46.887s][info][gc,start       ] GC(86) Pause Young (Allocation Failure)
[46.893s][info][gc,heap        ] GC(86) PSYoungGen: 264672K(266240K)->1087K(254464K) Eden: 263168K(263168K)->0K(252928K) From: 1504K(3072K)->1087K(1536K)
[46.893s][info][gc,heap        ] GC(86) ParOldGen: 290876K(291328K)->290900K(291328K)
[46.893s][info][gc,metaspace   ] GC(86) Metaspace: 55522K(55872K)->55522K(55872K) NonClass: 47261K(47488K)->47261K(47488K) Class: 8260K(8384K)->8260K(8384K)
[46.893s][info][gc             ] GC(86) Pause Young (Allocation Failure) 542M->285M(533M) 5.363ms
[46.893s][info][gc,cpu         ] GC(86) User=0.00s Sys=0.00s Real=0.00s
[47.542s][info][gc,start       ] GC(87) Pause Young (Allocation Failure)
[47.547s][info][gc,heap        ] GC(87) PSYoungGen: 253759K(254464K)->1056K(244736K) Eden: 252672K(252928K)->0K(243200K) From: 1087K(1536K)->1056K(1536K)
[47.547s][info][gc,heap        ] GC(87) ParOldGen: 290900K(291328K)->290924K(291328K)
[47.547s][info][gc,metaspace   ] GC(87) Metaspace: 55522K(55872K)->55522K(55872K) NonClass: 47261K(47488K)->47261K(47488K) Class: 8260K(8384K)->8260K(8384K)
[47.547s][info][gc             ] GC(87) Pause Young (Allocation Failure) 531M->285M(523M) 5.150ms
[47.547s][info][gc,cpu         ] GC(87) User=0.01s Sys=0.00s Real=0.01s
[48.075s][info][gc,start       ] GC(88) Pause Young (Allocation Failure)
[48.079s][info][gc,heap        ] GC(88) PSYoungGen: 244191K(244736K)->1408K(235520K) Eden: 243135K(243200K)->0K(233984K) From: 1056K(1536K)->1408K(1536K)
[48.079s][info][gc,heap        ] GC(88) ParOldGen: 290924K(291328K)->290948K(291328K)
[48.079s][info][gc,metaspace   ] GC(88) Metaspace: 55522K(55872K)->55522K(55872K) NonClass: 47261K(47488K)->47261K(47488K) Class: 8260K(8384K)->8260K(8384K)
[48.079s][info][gc             ] GC(88) Pause Young (Allocation Failure) 522M->285M(514M) 3.598ms
[48.079s][info][gc,cpu         ] GC(88) User=0.00s Sys=0.00s Real=0.01s
[48.663s][info][gc,start       ] GC(89) Pause Young (Allocation Failure)
[48.668s][info][gc,heap        ] GC(89) PSYoungGen: 235392K(235520K)->2239K(227840K) Eden: 233984K(233984K)->0K(225280K) From: 1408K(1536K)->2239K(2560K)
[48.668s][info][gc,heap        ] GC(89) ParOldGen: 290948K(291328K)->290972K(291328K)
[48.668s][info][gc,metaspace   ] GC(89) Metaspace: 55522K(55872K)->55522K(55872K) NonClass: 47261K(47488K)->47261K(47488K) Class: 8260K(8384K)->8260K(8384K)
[48.668s][info][gc             ] GC(89) Pause Young (Allocation Failure) 514M->286M(507M) 4.391ms
[48.668s][info][gc,cpu         ] GC(89) User=0.01s Sys=0.00s Real=0.01s
[49.304s][info][gc,start       ] GC(90) Pause Young (Allocation Failure)
[49.314s][info][gc,heap        ] GC(90) PSYoungGen: 227519K(227840K)->672K(217600K) Eden: 225280K(225280K)->0K(216576K) From: 2239K(2560K)->672K(1024K)
[49.314s][info][gc,heap        ] GC(90) ParOldGen: 290972K(291328K)->290996K(291328K)
[49.314s][info][gc,metaspace   ] GC(90) Metaspace: 55524K(55872K)->55524K(55872K) NonClass: 47263K(47488K)->47263K(47488K) Class: 8260K(8384K)->8260K(8384K)
[49.314s][info][gc             ] GC(90) Pause Young (Allocation Failure) 506M->284M(497M) 10.073ms
[49.314s][info][gc,cpu         ] GC(90) User=0.01s Sys=0.00s Real=0.01s
[49.755s][info][gc,start       ] GC(91) Pause Young (Allocation Failure)
[49.759s][info][gc,heap        ] GC(91) PSYoungGen: 217248K(217600K)->2526K(210944K) Eden: 216576K(216576K)->0K(208384K) From: 672K(1024K)->2526K(2560K)
[49.759s][info][gc,heap        ] GC(91) ParOldGen: 290996K(291328K)->291020K(291328K)
[49.759s][info][gc,metaspace   ] GC(91) Metaspace: 55524K(55872K)->55524K(55872K) NonClass: 47263K(47488K)->47263K(47488K) Class: 8260K(8384K)->8260K(8384K)
[49.759s][info][gc             ] GC(91) Pause Young (Allocation Failure) 496M->286M(490M) 4.200ms
[49.759s][info][gc,cpu         ] GC(91) User=0.01s Sys=0.00s Real=0.01s
[50.264s][info][gc,start       ] GC(92) Pause Young (Allocation Failure)
[50.268s][info][gc,heap        ] GC(92) PSYoungGen: 210910K(210944K)->2368K(203264K) Eden: 208384K(208384K)->0K(200704K) From: 2526K(2560K)->2368K(2560K)
[50.268s][info][gc,heap        ] GC(92) ParOldGen: 291020K(291328K)->291044K(291328K)
[50.268s][info][gc,metaspace   ] GC(92) Metaspace: 55524K(55872K)->55524K(55872K) NonClass: 47263K(47488K)->47263K(47488K) Class: 8260K(8384K)->8260K(8384K)
[50.268s][info][gc             ] GC(92) Pause Young (Allocation Failure) 490M->286M(483M) 4.992ms
[50.269s][info][gc,cpu         ] GC(92) User=0.00s Sys=0.00s Real=0.01s
[50.762s][info][gc,start       ] GC(93) Pause Young (Allocation Failure)
[50.767s][info][gc,heap        ] GC(93) PSYoungGen: 202817K(203264K)->1536K(195072K) Eden: 200449K(200704K)->0K(193536K) From: 2368K(2560K)->1536K(1536K)
[50.767s][info][gc,heap        ] GC(93) ParOldGen: 291044K(291328K)->291724K(291840K)
[50.767s][info][gc,metaspace   ] GC(93) Metaspace: 55527K(55872K)->55527K(55872K) NonClass: 47266K(47488K)->47266K(47488K) Class: 8260K(8384K)->8260K(8384K)
[50.767s][info][gc             ] GC(93) Pause Young (Allocation Failure) 482M->286M(475M) 4.943ms
[50.767s][info][gc,cpu         ] GC(93) User=0.01s Sys=0.00s Real=0.01s
[51.252s][info][gc,start       ] GC(94) Pause Young (Allocation Failure)
[51.255s][info][gc,heap        ] GC(94) PSYoungGen: 195072K(195072K)->1119K(187904K) Eden: 193536K(193536K)->0K(186368K) From: 1536K(1536K)->1119K(1536K)
[51.255s][info][gc,heap        ] GC(94) ParOldGen: 291724K(291840K)->292420K(292864K)
[51.255s][info][gc,metaspace   ] GC(94) Metaspace: 55527K(55872K)->55527K(55872K) NonClass: 47266K(47488K)->47266K(47488K) Class: 8260K(8384K)->8260K(8384K)
[51.256s][info][gc             ] GC(94) Pause Young (Allocation Failure) 475M->286M(469M) 3.595ms
[51.256s][info][gc,cpu         ] GC(94) User=0.01s Sys=0.00s Real=0.00s
[51.722s][info][gc,start       ] GC(95) Pause Young (Allocation Failure)
[51.729s][info][gc,heap        ] GC(95) PSYoungGen: 187487K(187904K)->1311K(181248K) Eden: 186368K(186368K)->0K(179712K) From: 1119K(1536K)->1311K(1536K)
[51.729s][info][gc,heap        ] GC(95) ParOldGen: 292420K(292864K)->292795K(292864K)
[51.729s][info][gc,metaspace   ] GC(95) Metaspace: 55527K(55872K)->55527K(55872K) NonClass: 47266K(47488K)->47266K(47488K) Class: 8260K(8384K)->8260K(8384K)
[51.729s][info][gc             ] GC(95) Pause Young (Allocation Failure) 468M->287M(463M) 6.527ms
[51.729s][info][gc,cpu         ] GC(95) User=0.01s Sys=0.00s Real=0.01s
[52.150s][info][gc,start       ] GC(96) Pause Young (Allocation Failure)
[52.155s][info][gc,heap        ] GC(96) PSYoungGen: 180849K(181248K)->1344K(217600K) Eden: 179538K(179712K)->0K(216064K) From: 1311K(1536K)->1344K(1536K)
[52.155s][info][gc,heap        ] GC(96) ParOldGen: 292795K(292864K)->292819K(292864K)
[52.155s][info][gc,metaspace   ] GC(96) Metaspace: 55527K(55872K)->55527K(55872K) NonClass: 47266K(47488K)->47266K(47488K) Class: 8260K(8384K)->8260K(8384K)
[52.155s][info][gc             ] GC(96) Pause Young (Allocation Failure) 462M->287M(498M) 4.701ms
[52.155s][info][gc,cpu         ] GC(96) User=0.01s Sys=0.00s Real=0.00s
[52.668s][info][gc,start       ] GC(97) Pause Young (Allocation Failure)
[52.672s][info][gc,heap        ] GC(97) PSYoungGen: 217408K(217600K)->1663K(209920K) Eden: 216064K(216064K)->0K(207872K) From: 1344K(1536K)->1663K(2048K)
[52.672s][info][gc,heap        ] GC(97) ParOldGen: 292819K(292864K)->292835K(292864K)
[52.672s][info][gc,metaspace   ] GC(97) Metaspace: 55527K(55872K)->55527K(55872K) NonClass: 47266K(47488K)->47266K(47488K) Class: 8260K(8384K)->8260K(8384K)
[52.672s][info][gc             ] GC(97) Pause Young (Allocation Failure) 498M->287M(491M) 3.646ms
[52.672s][info][gc,cpu         ] GC(97) User=0.00s Sys=0.00s Real=0.00s
[53.167s][info][gc,start       ] GC(98) Pause Young (Allocation Failure)
[53.178s][info][gc,heap        ] GC(98) PSYoungGen: 209535K(209920K)->2048K(252416K) Eden: 207872K(207872K)->0K(249344K) From: 1663K(2048K)->2048K(3072K)
[53.178s][info][gc,heap        ] GC(98) ParOldGen: 292835K(292864K)->292851K(292864K)
[53.178s][info][gc,metaspace   ] GC(98) Metaspace: 55527K(55872K)->55527K(55872K) NonClass: 47266K(47488K)->47266K(47488K) Class: 8260K(8384K)->8260K(8384K)
[53.178s][info][gc             ] GC(98) Pause Young (Allocation Failure) 490M->287M(532M) 10.549ms
[53.178s][info][gc,cpu         ] GC(98) User=0.01s Sys=0.00s Real=0.01s
[53.950s][info][gc,start       ] GC(99) Pause Young (Allocation Failure)
[53.956s][info][gc,heap        ] GC(99) PSYoungGen: 251392K(252416K)->3072K(252416K) Eden: 249344K(249344K)->0K(249344K) From: 2048K(3072K)->3072K(3072K)
[53.956s][info][gc,heap        ] GC(99) ParOldGen: 292851K(292864K)->293394K(293888K)
[53.956s][info][gc,metaspace   ] GC(99) Metaspace: 55527K(55872K)->55527K(55872K) NonClass: 47266K(47488K)->47266K(47488K) Class: 8260K(8384K)->8260K(8384K)
[53.956s][info][gc             ] GC(99) Pause Young (Allocation Failure) 531M->289M(533M) 6.837ms
[53.956s][info][gc,cpu         ] GC(99) User=0.02s Sys=0.00s Real=0.01s
[54.482s][info][gc,start       ] GC(100) Pause Young (Allocation Failure)
[54.485s][info][gc,heap        ] GC(100) PSYoungGen: 252416K(252416K)->927K(240640K) Eden: 249344K(249344K)->0K(239616K) From: 3072K(3072K)->927K(1024K)
[54.485s][info][gc,heap        ] GC(100) ParOldGen: 293394K(293888K)->293930K(294400K)
[54.485s][info][gc,metaspace   ] GC(100) Metaspace: 55527K(55872K)->55527K(55872K) NonClass: 47266K(47488K)->47266K(47488K) Class: 8260K(8384K)->8260K(8384K)
[54.485s][info][gc             ] GC(100) Pause Young (Allocation Failure) 533M->287M(522M) 3.393ms
[54.485s][info][gc,cpu         ] GC(100) User=0.01s Sys=0.01s Real=0.00s
[55.076s][info][gc,start       ] GC(101) Pause Young (Allocation Failure)
[55.079s][info][gc,heap        ] GC(101) PSYoungGen: 240543K(240640K)->1024K(231424K) Eden: 239616K(239616K)->0K(230400K) From: 927K(1024K)->1024K(1024K)
[55.079s][info][gc,heap        ] GC(101) ParOldGen: 293930K(294400K)->293994K(294400K)
[55.079s][info][gc,metaspace   ] GC(101) Metaspace: 55527K(55872K)->55527K(55872K) NonClass: 47266K(47488K)->47266K(47488K) Class: 8260K(8384K)->8260K(8384K)
[55.079s][info][gc             ] GC(101) Pause Young (Allocation Failure) 521M->288M(513M) 3.355ms
[55.079s][info][gc,cpu         ] GC(101) User=0.01s Sys=0.00s Real=0.01s
[55.659s][info][gc,start       ] GC(102) Pause Young (Allocation Failure)
[55.664s][info][gc,heap        ] GC(102) PSYoungGen: 231424K(231424K)->2272K(224256K) Eden: 230400K(230400K)->0K(221696K) From: 1024K(1024K)->2272K(2560K)
[55.664s][info][gc,heap        ] GC(102) ParOldGen: 293994K(294400K)->294018K(294400K)
[55.664s][info][gc,metaspace   ] GC(102) Metaspace: 55527K(55872K)->55527K(55872K) NonClass: 47266K(47488K)->47266K(47488K) Class: 8260K(8384K)->8260K(8384K)
[55.664s][info][gc             ] GC(102) Pause Young (Allocation Failure) 513M->289M(506M) 4.747ms
[55.664s][info][gc,cpu         ] GC(102) User=0.01s Sys=0.00s Real=0.00s
[56.238s][info][gc,start       ] GC(103) Pause Young (Allocation Failure)
[56.241s][info][gc,heap        ] GC(103) PSYoungGen: 223968K(224256K)->635K(214528K) Eden: 221696K(221696K)->0K(213504K) From: 2272K(2560K)->635K(1024K)
[56.241s][info][gc,heap        ] GC(103) ParOldGen: 294018K(294400K)->294034K(294400K)
[56.241s][info][gc,metaspace   ] GC(103) Metaspace: 55527K(55872K)->55527K(55872K) NonClass: 47266K(47488K)->47266K(47488K) Class: 8260K(8384K)->8260K(8384K)
[56.241s][info][gc             ] GC(103) Pause Young (Allocation Failure) 505M->287M(497M) 2.464ms
[56.241s][info][gc,cpu         ] GC(103) User=0.00s Sys=0.00s Real=0.00s
[56.753s][info][gc,start       ] GC(104) Pause Young (Allocation Failure)
[56.756s][info][gc,heap        ] GC(104) PSYoungGen: 214139K(214528K)->1791K(207872K) Eden: 213504K(213504K)->0K(205824K) From: 635K(1024K)->1791K(2048K)
[56.756s][info][gc,heap        ] GC(104) ParOldGen: 294034K(294400K)->294050K(294400K)
[56.756s][info][gc,metaspace   ] GC(104) Metaspace: 55527K(55872K)->55527K(55872K) NonClass: 47266K(47488K)->47266K(47488K) Class: 8260K(8384K)->8260K(8384K)
[56.756s][info][gc             ] GC(104) Pause Young (Allocation Failure) 496M->288M(490M) 3.615ms
[56.757s][info][gc,cpu         ] GC(104) User=0.01s Sys=0.00s Real=0.01s
[57.301s][info][gc,start       ] GC(105) Pause Young (Allocation Failure)
[57.306s][info][gc,heap        ] GC(105) PSYoungGen: 207615K(207872K)->1888K(200192K) Eden: 205824K(205824K)->0K(198144K) From: 1791K(2048K)->1888K(2048K)
[57.306s][info][gc,heap        ] GC(105) ParOldGen: 294050K(294400K)->294074K(294400K)
[57.306s][info][gc,metaspace   ] GC(105) Metaspace: 55527K(55872K)->55527K(55872K) NonClass: 47266K(47488K)->47266K(47488K) Class: 8260K(8384K)->8260K(8384K)
[57.306s][info][gc             ] GC(105) Pause Young (Allocation Failure) 489M->289M(483M) 5.200ms
[57.306s][info][gc,cpu         ] GC(105) User=0.00s Sys=0.00s Real=0.01s
[57.748s][info][gc,start       ] GC(106) Pause Young (Allocation Failure)
[57.752s][info][gc,heap        ] GC(106) PSYoungGen: 200032K(200192K)->1727K(193024K) Eden: 198144K(198144K)->0K(190976K) From: 1888K(2048K)->1727K(2048K)
[57.752s][info][gc,heap        ] GC(106) ParOldGen: 294074K(294400K)->294090K(294400K)
[57.752s][info][gc,metaspace   ] GC(106) Metaspace: 55527K(55872K)->55527K(55872K) NonClass: 47266K(47488K)->47266K(47488K) Class: 8260K(8384K)->8260K(8384K)
[57.752s][info][gc             ] GC(106) Pause Young (Allocation Failure) 482M->288M(476M) 3.523ms
[57.752s][info][gc,cpu         ] GC(106) User=0.00s Sys=0.00s Real=0.00s
[58.183s][info][gc,start       ] GC(107) Pause Young (Allocation Failure)
[58.186s][info][gc,heap        ] GC(107) PSYoungGen: 192703K(193024K)->1279K(185856K) Eden: 190976K(190976K)->0K(184320K) From: 1727K(2048K)->1279K(1536K)
[58.187s][info][gc,heap        ] GC(107) ParOldGen: 294090K(294400K)->294106K(294400K)
[58.187s][info][gc,metaspace   ] GC(107) Metaspace: 55528K(55872K)->55528K(55872K) NonClass: 47267K(47488K)->47267K(47488K) Class: 8260K(8384K)->8260K(8384K)
[58.187s][info][gc             ] GC(107) Pause Young (Allocation Failure) 475M->288M(469M) 3.070ms
[58.187s][info][gc,cpu         ] GC(107) User=0.00s Sys=0.00s Real=0.01s
[58.655s][info][gc,start       ] GC(108) Pause Young (Allocation Failure)
[58.658s][info][gc,heap        ] GC(108) PSYoungGen: 185599K(185856K)->1759K(179712K) Eden: 184320K(184320K)->0K(177664K) From: 1279K(1536K)->1759K(2048K)
[58.658s][info][gc,heap        ] GC(108) ParOldGen: 294106K(294400K)->294122K(294400K)
[58.658s][info][gc,metaspace   ] GC(108) Metaspace: 55528K(55872K)->55528K(55872K) NonClass: 47267K(47488K)->47267K(47488K) Class: 8260K(8384K)->8260K(8384K)
[58.658s][info][gc             ] GC(108) Pause Young (Allocation Failure) 468M->288M(463M) 3.513ms
[58.658s][info][gc,cpu         ] GC(108) User=0.01s Sys=0.00s Real=0.01s
[59.071s][info][gc,start       ] GC(109) Pause Young (Allocation Failure)
[59.075s][info][gc,heap        ] GC(109) PSYoungGen: 179423K(179712K)->1920K(173568K) Eden: 177664K(177664K)->0K(171520K) From: 1759K(2048K)->1920K(2048K)
[59.075s][info][gc,heap        ] GC(109) ParOldGen: 294122K(294400K)->294138K(294400K)
[59.075s][info][gc,metaspace   ] GC(109) Metaspace: 55528K(55872K)->55528K(55872K) NonClass: 47267K(47488K)->47267K(47488K) Class: 8260K(8384K)->8260K(8384K)
[59.075s][info][gc             ] GC(109) Pause Young (Allocation Failure) 462M->289M(457M) 4.235ms
[59.075s][info][gc,cpu         ] GC(109) User=0.01s Sys=0.00s Real=0.00s
[60.499s][info][gc,start       ] GC(110) Pause Young (Allocation Failure)
[60.501s][info][gc,heap        ] GC(110) PSYoungGen: 142129K(173568K)->96K(165888K) Eden: 140209K(171520K)->0K(165376K) From: 1920K(2048K)->96K(512K)
[60.501s][info][gc,heap        ] GC(110) ParOldGen: 294138K(294400K)->294154K(294400K)
[60.501s][info][gc,metaspace   ] GC(110) Metaspace: 55741K(56064K)->55741K(56064K) NonClass: 47441K(47680K)->47441K(47680K) Class: 8299K(8384K)->8299K(8384K)
[60.501s][info][gc             ] GC(110) Pause Young (Allocation Failure) 426M->287M(449M) 2.050ms
[60.501s][info][gc,cpu         ] GC(110) User=0.00s Sys=0.00s Real=0.00s
[62.250s][info][gc,start       ] GC(111) Pause Young (Allocation Failure)
[62.322s][info][gc,heap        ] GC(111) PSYoungGen: 165472K(165888K)->3576K(200704K) Eden: 165376K(165376K)->0K(197120K) From: 96K(512K)->3576K(3584K)
[62.322s][info][gc,heap        ] GC(111) ParOldGen: 294154K(294400K)->387778K(388608K)
[62.322s][info][gc,metaspace   ] GC(111) Metaspace: 56057K(56384K)->56057K(56384K) NonClass: 47757K(48000K)->47757K(48000K) Class: 8299K(8384K)->8299K(8384K)
[62.322s][info][gc             ] GC(111) Pause Young (Allocation Failure) 448M->382M(575M) 71.756ms
[62.322s][info][gc,cpu         ] GC(111) User=0.07s Sys=0.07s Real=0.07s
[62.696s][info][gc,start       ] GC(112) Pause Young (Allocation Failure)
[62.711s][info][gc,heap        ] GC(112) PSYoungGen: 200502K(200704K)->13050K(235520K) Eden: 196926K(197120K)->0K(197120K) From: 3576K(3584K)->13050K(38400K)
[62.711s][info][gc,heap        ] GC(112) ParOldGen: 387778K(388608K)->391346K(391680K)
[62.711s][info][gc,metaspace   ] GC(112) Metaspace: 56058K(56384K)->56058K(56384K) NonClass: 47758K(48000K)->47758K(48000K) Class: 8299K(8384K)->8299K(8384K)
[62.711s][info][gc             ] GC(112) Pause Young (Allocation Failure) 574M->394M(612M) 15.009ms
[62.711s][info][gc,cpu         ] GC(112) User=0.03s Sys=0.00s Real=0.01s
[63.150s][info][gc,start       ] GC(113) Pause Young (Allocation Failure)
[63.162s][info][gc,heap        ] GC(113) PSYoungGen: 210170K(235520K)->991K(271360K) Eden: 197120K(197120K)->0K(236544K) From: 13050K(38400K)->991K(34816K)
[63.162s][info][gc,heap        ] GC(113) ParOldGen: 391346K(391680K)->403716K(403968K)
[63.162s][info][gc,metaspace   ] GC(113) Metaspace: 56058K(56384K)->56058K(56384K) NonClass: 47758K(48000K)->47758K(48000K) Class: 8299K(8384K)->8299K(8384K)
[63.162s][info][gc             ] GC(113) Pause Young (Allocation Failure) 587M->395M(659M) 12.407ms
[63.162s][info][gc,cpu         ] GC(113) User=0.01s Sys=0.02s Real=0.01s
[63.742s][info][gc,start       ] GC(114) Pause Young (Allocation Failure)
[63.746s][info][gc,heap        ] GC(114) PSYoungGen: 237535K(271360K)->1054K(272384K) Eden: 236544K(236544K)->0K(236544K) From: 991K(34816K)->1054K(35840K)
[63.746s][info][gc,heap        ] GC(114) ParOldGen: 403716K(403968K)->403732K(403968K)
[63.746s][info][gc,metaspace   ] GC(114) Metaspace: 56058K(56384K)->56058K(56384K) NonClass: 47758K(48000K)->47758K(48000K) Class: 8299K(8384K)->8299K(8384K)
[63.746s][info][gc             ] GC(114) Pause Young (Allocation Failure) 626M->395M(660M) 4.232ms
[63.746s][info][gc,cpu         ] GC(114) User=0.01s Sys=0.00s Real=0.01s
[64.310s][info][gc,start       ] GC(115) Pause Young (Allocation Failure)
[64.312s][info][gc,heap        ] GC(115) PSYoungGen: 237575K(272384K)->224K(295936K) Eden: 236520K(236544K)->0K(263168K) From: 1054K(35840K)->224K(32768K)
[64.312s][info][gc,heap        ] GC(115) ParOldGen: 403732K(403968K)->403748K(403968K)
[64.312s][info][gc,metaspace   ] GC(115) Metaspace: 56058K(56384K)->56058K(56384K) NonClass: 47758K(48000K)->47758K(48000K) Class: 8299K(8384K)->8299K(8384K)
[64.312s][info][gc             ] GC(115) Pause Young (Allocation Failure) 626M->394M(683M) 2.367ms
[64.312s][info][gc,cpu         ] GC(115) User=0.01s Sys=0.00s Real=0.00s
[64.978s][info][gc,start       ] GC(116) Pause Young (Allocation Failure)
[64.981s][info][gc,heap        ] GC(116) PSYoungGen: 263392K(295936K)->630K(296960K) Eden: 263168K(263168K)->0K(263168K) From: 224K(32768K)->630K(33792K)
[64.981s][info][gc,heap        ] GC(116) ParOldGen: 403748K(403968K)->403764K(403968K)
[64.981s][info][gc,metaspace   ] GC(116) Metaspace: 56058K(56384K)->56058K(56384K) NonClass: 47758K(48000K)->47758K(48000K) Class: 8299K(8384K)->8299K(8384K)
[64.981s][info][gc             ] GC(116) Pause Young (Allocation Failure) 651M->394M(684M) 3.032ms
[64.981s][info][gc,cpu         ] GC(116) User=0.00s Sys=0.00s Real=0.00s
[65.641s][info][gc,start       ] GC(117) Pause Young (Allocation Failure)
[65.645s][info][gc,heap        ] GC(117) PSYoungGen: 263798K(296960K)->1472K(296960K) Eden: 263168K(263168K)->0K(267264K) From: 630K(33792K)->1472K(29696K)
[65.645s][info][gc,heap        ] GC(117) ParOldGen: 403764K(403968K)->403788K(403968K)
[65.645s][info][gc,metaspace   ] GC(117) Metaspace: 56059K(56384K)->56059K(56384K) NonClass: 47759K(48000K)->47759K(48000K) Class: 8299K(8384K)->8299K(8384K)
[65.645s][info][gc             ] GC(117) Pause Young (Allocation Failure) 651M->395M(684M) 4.341ms
[65.645s][info][gc,cpu         ] GC(117) User=0.01s Sys=0.00s Real=0.00s
[66.258s][info][gc,start       ] GC(118) Pause Young (Allocation Failure)
[66.262s][info][gc,heap        ] GC(118) PSYoungGen: 268443K(296960K)->1280K(258560K) Eden: 266971K(267264K)->0K(257024K) From: 1472K(29696K)->1280K(1536K)
[66.262s][info][gc,heap        ] GC(118) ParOldGen: 403788K(403968K)->403804K(403968K)
[66.262s][info][gc,metaspace   ] GC(118) Metaspace: 56059K(56384K)->56059K(56384K) NonClass: 47759K(48000K)->47759K(48000K) Class: 8299K(8384K)->8299K(8384K)
[66.262s][info][gc             ] GC(118) Pause Young (Allocation Failure) 656M->395M(647M) 4.123ms
[66.262s][info][gc,cpu         ] GC(118) User=0.00s Sys=0.00s Real=0.00s
[66.969s][info][gc,start       ] GC(119) Pause Young (Allocation Failure)
[66.974s][info][gc,heap        ] GC(119) PSYoungGen: 258304K(258560K)->1920K(263168K) Eden: 257024K(257024K)->0K(246784K) From: 1280K(1536K)->1920K(16384K)
[66.974s][info][gc,heap        ] GC(119) ParOldGen: 403804K(403968K)->403820K(403968K)
[66.974s][info][gc,metaspace   ] GC(119) Metaspace: 56059K(56384K)->56059K(56384K) NonClass: 47759K(48000K)->47759K(48000K) Class: 8299K(8384K)->8299K(8384K)
[66.974s][info][gc             ] GC(119) Pause Young (Allocation Failure) 646M->396M(651M) 5.085ms
[66.974s][info][gc,cpu         ] GC(119) User=0.00s Sys=0.00s Real=0.00s
[67.564s][info][gc,start       ] GC(120) Pause Young (Allocation Failure)
[67.569s][info][gc,heap        ] GC(120) PSYoungGen: 248704K(263168K)->2527K(239616K) Eden: 246784K(246784K)->0K(237056K) From: 1920K(16384K)->2527K(2560K)
[67.569s][info][gc,heap        ] GC(120) ParOldGen: 403820K(403968K)->403836K(403968K)
[67.569s][info][gc,metaspace   ] GC(120) Metaspace: 56059K(56384K)->56059K(56384K) NonClass: 47760K(48000K)->47760K(48000K) Class: 8299K(8384K)->8299K(8384K)
[67.569s][info][gc             ] GC(120) Pause Young (Allocation Failure) 637M->396M(628M) 4.891ms
[67.569s][info][gc,cpu         ] GC(120) User=0.01s Sys=0.00s Real=0.01s
[68.157s][info][gc,start       ] GC(121) Pause Young (Allocation Failure)
[68.161s][info][gc,heap        ] GC(121) PSYoungGen: 239583K(239616K)->1344K(242176K) Eden: 237056K(237056K)->0K(227840K) From: 2527K(2560K)->1344K(14336K)
[68.161s][info][gc,heap        ] GC(121) ParOldGen: 403836K(403968K)->403852K(403968K)
[68.161s][info][gc,metaspace   ] GC(121) Metaspace: 56059K(56384K)->56059K(56384K) NonClass: 47760K(48000K)->47760K(48000K) Class: 8299K(8384K)->8299K(8384K)
[68.161s][info][gc             ] GC(121) Pause Young (Allocation Failure) 628M->395M(631M) 3.767ms
[68.161s][info][gc,cpu         ] GC(121) User=0.00s Sys=0.00s Real=0.00s
[68.684s][info][gc,start       ] GC(122) Pause Young (Allocation Failure)
[68.687s][info][gc,heap        ] GC(122) PSYoungGen: 229184K(242176K)->1119K(220672K) Eden: 227840K(227840K)->0K(219136K) From: 1344K(14336K)->1119K(1536K)
[68.687s][info][gc,heap        ] GC(122) ParOldGen: 403852K(403968K)->403868K(403968K)
[68.687s][info][gc,metaspace   ] GC(122) Metaspace: 56059K(56384K)->56059K(56384K) NonClass: 47760K(48000K)->47760K(48000K) Class: 8299K(8384K)->8299K(8384K)
[68.687s][info][gc             ] GC(122) Pause Young (Allocation Failure) 618M->395M(610M) 3.119ms
[68.687s][info][gc,cpu         ] GC(122) User=0.01s Sys=0.00s Real=0.01s
[69.250s][info][gc,start       ] GC(123) Pause Young (Allocation Failure)
[69.253s][info][gc,heap        ] GC(123) PSYoungGen: 220255K(220672K)->1279K(223744K) Eden: 219136K(219136K)->0K(210944K) From: 1119K(1536K)->1279K(12800K)
[69.253s][info][gc,heap        ] GC(123) ParOldGen: 403868K(403968K)->403884K(403968K)
[69.253s][info][gc,metaspace   ] GC(123) Metaspace: 56061K(56384K)->56061K(56384K) NonClass: 47761K(48000K)->47761K(48000K) Class: 8299K(8384K)->8299K(8384K)
[69.253s][info][gc             ] GC(123) Pause Young (Allocation Failure) 609M->395M(613M) 3.797ms
[69.253s][info][gc,cpu         ] GC(123) User=0.00s Sys=0.00s Real=0.00s
[69.753s][info][gc,start       ] GC(124) Pause Young (Allocation Failure)
[69.757s][info][gc,heap        ] GC(124) PSYoungGen: 211916K(223744K)->1216K(204800K) Eden: 210636K(210944K)->0K(203264K) From: 1279K(12800K)->1216K(1536K)
[69.757s][info][gc,heap        ] GC(124) ParOldGen: 403884K(403968K)->403900K(403968K)
[69.757s][info][gc,metaspace   ] GC(124) Metaspace: 56062K(56384K)->56062K(56384K) NonClass: 47762K(48000K)->47762K(48000K) Class: 8299K(8384K)->8299K(8384K)
[69.757s][info][gc             ] GC(124) Pause Young (Allocation Failure) 601M->395M(594M) 4.114ms
[69.757s][info][gc,cpu         ] GC(124) User=0.01s Sys=0.00s Real=0.01s
[70.245s][info][gc,start       ] GC(125) Pause Young (Allocation Failure)
[70.248s][info][gc,heap        ] GC(125) PSYoungGen: 204480K(204800K)->1406K(207360K) Eden: 203264K(203264K)->0K(195584K) From: 1216K(1536K)->1406K(11776K)
[70.248s][info][gc,heap        ] GC(125) ParOldGen: 403900K(403968K)->403916K(403968K)
[70.248s][info][gc,metaspace   ] GC(125) Metaspace: 56062K(56384K)->56062K(56384K) NonClass: 47762K(48000K)->47762K(48000K) Class: 8299K(8384K)->8299K(8384K)
[70.248s][info][gc             ] GC(125) Pause Young (Allocation Failure) 594M->395M(597M) 3.912ms
[70.249s][info][gc,cpu         ] GC(125) User=0.01s Sys=0.00s Real=0.01s
[70.735s][info][gc,start       ] GC(126) Pause Young (Allocation Failure)
[70.738s][info][gc,heap        ] GC(126) PSYoungGen: 196990K(207360K)->1214K(189952K) Eden: 195584K(195584K)->0K(188416K) From: 1406K(11776K)->1214K(1536K)
[70.738s][info][gc,heap        ] GC(126) ParOldGen: 403916K(403968K)->403932K(403968K)
[70.738s][info][gc,metaspace   ] GC(126) Metaspace: 56062K(56384K)->56062K(56384K) NonClass: 47762K(48000K)->47762K(48000K) Class: 8299K(8384K)->8299K(8384K)
[70.738s][info][gc             ] GC(126) Pause Young (Allocation Failure) 586M->395M(580M) 3.326ms
[70.738s][info][gc,cpu         ] GC(126) User=0.00s Sys=0.00s Real=0.01s
[71.157s][info][gc,start       ] GC(127) Pause Young (Allocation Failure)
[71.161s][info][gc,heap        ] GC(127) PSYoungGen: 189630K(189952K)->2271K(192000K) Eden: 188416K(188416K)->0K(181760K) From: 1214K(1536K)->2271K(10240K)
[71.161s][info][gc,heap        ] GC(127) ParOldGen: 403932K(403968K)->403948K(403968K)
[71.161s][info][gc,metaspace   ] GC(127) Metaspace: 56062K(56384K)->56062K(56384K) NonClass: 47762K(48000K)->47762K(48000K) Class: 8299K(8384K)->8299K(8384K)
[71.161s][info][gc             ] GC(127) Pause Young (Allocation Failure) 579M->396M(582M) 4.949ms
[71.161s][info][gc,cpu         ] GC(127) User=0.01s Sys=0.00s Real=0.00s
[71.637s][info][gc,start       ] GC(128) Pause Young (Allocation Failure)
[71.639s][info][gc,heap        ] GC(128) PSYoungGen: 184031K(192000K)->361K(175616K) Eden: 181760K(181760K)->0K(175104K) From: 2271K(10240K)->361K(512K)
[71.639s][info][gc,heap        ] GC(128) ParOldGen: 403948K(403968K)->403964K(403968K)
[71.639s][info][gc,metaspace   ] GC(128) Metaspace: 56062K(56384K)->56062K(56384K) NonClass: 47762K(48000K)->47762K(48000K) Class: 8299K(8384K)->8299K(8384K)
[71.639s][info][gc             ] GC(128) Pause Young (Allocation Failure) 574M->394M(566M) 2.763ms
[71.639s][info][gc,cpu         ] GC(128) User=0.00s Sys=0.00s Real=0.00s
[72.051s][info][gc,start       ] GC(129) Pause Young (Allocation Failure)
[72.055s][info][gc,heap        ] GC(129) PSYoungGen: 175465K(175616K)->1376K(177664K) Eden: 175104K(175104K)->0K(168960K) From: 361K(512K)->1376K(8704K)
[72.055s][info][gc,heap        ] GC(129) ParOldGen: 403964K(403968K)->403980K(404480K)
[72.055s][info][gc,metaspace   ] GC(129) Metaspace: 56062K(56384K)->56062K(56384K) NonClass: 47762K(48000K)->47762K(48000K) Class: 8299K(8384K)->8299K(8384K)
[72.055s][info][gc             ] GC(129) Pause Young (Allocation Failure) 565M->395M(568M) 4.170ms
[72.055s][info][gc,cpu         ] GC(129) User=0.01s Sys=0.00s Real=0.00s
[72.513s][info][gc,start       ] GC(130) Pause Young (Allocation Failure)
[72.518s][info][gc,heap        ] GC(130) PSYoungGen: 170336K(177664K)->1695K(165376K) Eden: 168960K(168960K)->0K(163328K) From: 1376K(8704K)->1695K(2048K)
[72.518s][info][gc,heap        ] GC(130) ParOldGen: 403980K(404480K)->403996K(404480K)
[72.518s][info][gc,metaspace   ] GC(130) Metaspace: 56063K(56384K)->56063K(56384K) NonClass: 47764K(48000K)->47764K(48000K) Class: 8299K(8384K)->8299K(8384K)
[72.518s][info][gc             ] GC(130) Pause Young (Allocation Failure) 560M->396M(556M) 4.202ms
[72.518s][info][gc,cpu         ] GC(130) User=0.01s Sys=0.00s Real=0.01s
[72.852s][info][gc,start       ] GC(131) Pause Young (Allocation Failure)
[72.855s][info][gc,heap        ] GC(131) PSYoungGen: 164733K(165376K)->1024K(164864K) Eden: 163037K(163328K)->0K(157696K) From: 1695K(2048K)->1024K(7168K)
[72.855s][info][gc,heap        ] GC(131) ParOldGen: 403996K(404480K)->404012K(404480K)
[72.855s][info][gc,metaspace   ] GC(131) Metaspace: 56063K(56384K)->56063K(56384K) NonClass: 47764K(48000K)->47764K(48000K) Class: 8299K(8384K)->8299K(8384K)
[72.855s][info][gc             ] GC(131) Pause Young (Allocation Failure) 555M->395M(556M) 3.581ms
[72.855s][info][gc,cpu         ] GC(131) User=0.00s Sys=0.01s Real=0.00s
[73.241s][info][gc,start       ] GC(132) Pause Young (Allocation Failure)
[73.244s][info][gc,heap        ] GC(132) PSYoungGen: 158720K(164864K)->704K(153600K) Eden: 157696K(157696K)->0K(152576K) From: 1024K(7168K)->704K(1024K)
[73.244s][info][gc,heap        ] GC(132) ParOldGen: 404012K(404480K)->404028K(404480K)
[73.244s][info][gc,metaspace   ] GC(132) Metaspace: 56063K(56384K)->56063K(56384K) NonClass: 47764K(48000K)->47764K(48000K) Class: 8299K(8384K)->8299K(8384K)
[73.244s][info][gc             ] GC(132) Pause Young (Allocation Failure) 549M->395M(545M) 2.991ms
[73.244s][info][gc,cpu         ] GC(132) User=0.01s Sys=0.00s Real=0.00s
[73.580s][info][gc,start       ] GC(133) Pause Young (Allocation Failure)
[73.599s][info][gc,heap        ] GC(133) PSYoungGen: 153138K(153600K)->1248K(166912K) Eden: 152434K(152576K)->0K(153600K) From: 704K(1024K)->1248K(13312K)
[73.599s][info][gc,heap        ] GC(133) ParOldGen: 404028K(404480K)->404044K(404480K)
[73.599s][info][gc,metaspace   ] GC(133) Metaspace: 56063K(56384K)->56063K(56384K) NonClass: 47764K(48000K)->47764K(48000K) Class: 8299K(8384K)->8299K(8384K)
[73.599s][info][gc             ] GC(133) Pause Young (Allocation Failure) 544M->395M(558M) 18.614ms
[73.599s][info][gc,cpu         ] GC(133) User=0.01s Sys=0.00s Real=0.02s
[73.960s][info][gc,start       ] GC(134) Pause Young (Allocation Failure)
[73.965s][info][gc,heap        ] GC(134) PSYoungGen: 154848K(166912K)->1568K(165888K) Eden: 153600K(153600K)->0K(153600K) From: 1248K(13312K)->1568K(12288K)
[73.965s][info][gc,heap        ] GC(134) ParOldGen: 404044K(404480K)->404060K(404480K)
[73.965s][info][gc,metaspace   ] GC(134) Metaspace: 56063K(56384K)->56063K(56384K) NonClass: 47764K(48000K)->47764K(48000K) Class: 8299K(8384K)->8299K(8384K)
[73.965s][info][gc             ] GC(134) Pause Young (Allocation Failure) 545M->396M(557M) 4.462ms
[73.965s][info][gc,cpu         ] GC(134) User=0.01s Sys=0.00s Real=0.00s
[74.345s][info][gc,start       ] GC(135) Pause Young (Allocation Failure)
[74.348s][info][gc,heap        ] GC(135) PSYoungGen: 155168K(165888K)->1023K(194560K) Eden: 153600K(153600K)->0K(184320K) From: 1568K(12288K)->1023K(10240K)
[74.348s][info][gc,heap        ] GC(135) ParOldGen: 404060K(404480K)->404076K(404480K)
[74.348s][info][gc,metaspace   ] GC(135) Metaspace: 56066K(56384K)->56066K(56384K) NonClass: 47766K(48000K)->47766K(48000K) Class: 8299K(8384K)->8299K(8384K)
[74.348s][info][gc             ] GC(135) Pause Young (Allocation Failure) 546M->395M(585M) 3.665ms
[74.348s][info][gc,cpu         ] GC(135) User=0.00s Sys=0.00s Real=0.01s
[74.768s][info][gc,start       ] GC(136) Pause Young (Allocation Failure)
[74.772s][info][gc,heap        ] GC(136) PSYoungGen: 185211K(194560K)->1728K(195072K) Eden: 184187K(184320K)->0K(184320K) From: 1023K(10240K)->1728K(10752K)
[74.772s][info][gc,heap        ] GC(136) ParOldGen: 404076K(404480K)->404092K(404480K)
[74.772s][info][gc,metaspace   ] GC(136) Metaspace: 56066K(56384K)->56066K(56384K) NonClass: 47766K(48000K)->47766K(48000K) Class: 8299K(8384K)->8299K(8384K)
[74.772s][info][gc             ] GC(136) Pause Young (Allocation Failure) 575M->396M(585M) 4.801ms
[74.772s][info][gc,cpu         ] GC(136) User=0.01s Sys=0.00s Real=0.00s
[75.237s][info][gc,start       ] GC(137) Pause Young (Allocation Failure)
[75.240s][info][gc,heap        ] GC(137) PSYoungGen: 186048K(195072K)->425K(230400K) Eden: 184320K(184320K)->0K(221184K) From: 1728K(10752K)->425K(9216K)
[75.240s][info][gc,heap        ] GC(137) ParOldGen: 404092K(404480K)->404108K(404480K)
[75.240s][info][gc,metaspace   ] GC(137) Metaspace: 56066K(56384K)->56066K(56384K) NonClass: 47766K(48000K)->47766K(48000K) Class: 8299K(8384K)->8299K(8384K)
[75.240s][info][gc             ] GC(137) Pause Young (Allocation Failure) 576M->395M(620M) 2.336ms
[75.240s][info][gc,cpu         ] GC(137) User=0.01s Sys=0.00s Real=0.00s
[75.800s][info][gc,start       ] GC(138) Pause Young (Allocation Failure)
[75.803s][info][gc,heap        ] GC(138) PSYoungGen: 221609K(230400K)->384K(213504K) Eden: 221184K(221184K)->0K(212992K) From: 425K(9216K)->384K(512K)
[75.803s][info][gc,heap        ] GC(138) ParOldGen: 404108K(404480K)->404124K(404480K)
[75.803s][info][gc,metaspace   ] GC(138) Metaspace: 56066K(56384K)->56066K(56384K) NonClass: 47766K(48000K)->47766K(48000K) Class: 8299K(8384K)->8299K(8384K)
[75.803s][info][gc             ] GC(138) Pause Young (Allocation Failure) 611M->395M(603M) 2.441ms
[75.803s][info][gc,cpu         ] GC(138) User=0.00s Sys=0.00s Real=0.00s
[76.273s][info][gc,start       ] GC(139) Pause Young (Allocation Failure)
[76.277s][info][gc,heap        ] GC(139) PSYoungGen: 213376K(213504K)->768K(206336K) Eden: 212992K(212992K)->0K(205312K) From: 384K(512K)->768K(1024K)
[76.277s][info][gc,heap        ] GC(139) ParOldGen: 404124K(404480K)->404140K(404480K)
[76.277s][info][gc,metaspace   ] GC(139) Metaspace: 56066K(56384K)->56066K(56384K) NonClass: 47766K(48000K)->47766K(48000K) Class: 8299K(8384K)->8299K(8384K)
[76.277s][info][gc             ] GC(139) Pause Young (Allocation Failure) 603M->395M(596M) 3.216ms
[76.277s][info][gc,cpu         ] GC(139) User=0.00s Sys=0.00s Real=0.01s
[76.768s][info][gc,start       ] GC(140) Pause Young (Allocation Failure)
[76.772s][info][gc,heap        ] GC(140) PSYoungGen: 206080K(206336K)->1919K(206336K) Eden: 205312K(205312K)->0K(197632K) From: 768K(1024K)->1919K(8704K)
[76.772s][info][gc,heap        ] GC(140) ParOldGen: 404140K(404480K)->404156K(404480K)
[76.772s][info][gc,metaspace   ] GC(140) Metaspace: 56066K(56384K)->56066K(56384K) NonClass: 47766K(48000K)->47766K(48000K) Class: 8299K(8384K)->8299K(8384K)
[76.772s][info][gc             ] GC(140) Pause Young (Allocation Failure) 595M->396M(596M) 3.979ms
[76.772s][info][gc,cpu         ] GC(140) User=0.01s Sys=0.00s Real=0.00s
[77.252s][info][gc,start       ] GC(141) Pause Young (Allocation Failure)
[77.255s][info][gc,heap        ] GC(141) PSYoungGen: 199551K(206336K)->1247K(192000K) Eden: 197632K(197632K)->0K(190464K) From: 1919K(8704K)->1247K(1536K)
[77.255s][info][gc,heap        ] GC(141) ParOldGen: 404156K(404480K)->404172K(404480K)
[77.255s][info][gc,metaspace   ] GC(141) Metaspace: 56066K(56384K)->56066K(56384K) NonClass: 47766K(48000K)->47766K(48000K) Class: 8299K(8384K)->8299K(8384K)
[77.255s][info][gc             ] GC(141) Pause Young (Allocation Failure) 589M->395M(582M) 3.463ms
[77.255s][info][gc,cpu         ] GC(141) User=0.01s Sys=0.00s Real=0.00s
[77.809s][info][gc,start       ] GC(142) Pause Young (Allocation Failure)
[77.826s][info][gc,heap        ] GC(142) PSYoungGen: 191711K(192000K)->4799K(208896K) Eden: 190464K(190464K)->0K(201216K) From: 1247K(1536K)->4799K(7680K)
[77.826s][info][gc,heap        ] GC(142) ParOldGen: 404172K(404480K)->404188K(404480K)
[77.826s][info][gc,metaspace   ] GC(142) Metaspace: 56066K(56384K)->56066K(56384K) NonClass: 47766K(48000K)->47766K(48000K) Class: 8299K(8384K)->8299K(8384K)
[77.826s][info][gc             ] GC(142) Pause Young (Allocation Failure) 581M->399M(599M) 16.435ms
[77.826s][info][gc,cpu         ] GC(142) User=0.02s Sys=0.00s Real=0.02s
[78.174s][info][gc,start       ] GC(143) Pause Young (Allocation Failure)
[78.178s][info][gc,heap        ] GC(143) PSYoungGen: 206015K(208896K)->1664K(237568K) Eden: 201216K(201216K)->0K(229376K) From: 4799K(7680K)->1664K(8192K)
[78.178s][info][gc,heap        ] GC(143) ParOldGen: 404188K(404480K)->404204K(404480K)
[78.178s][info][gc,metaspace   ] GC(143) Metaspace: 56066K(56384K)->56066K(56384K) NonClass: 47766K(48000K)->47766K(48000K) Class: 8299K(8384K)->8299K(8384K)
[78.179s][info][gc             ] GC(143) Pause Young (Allocation Failure) 595M->396M(627M) 4.742ms
[78.179s][info][gc,cpu         ] GC(143) User=0.01s Sys=0.00s Real=0.01s
[78.758s][info][gc,start       ] GC(144) Pause Young (Allocation Failure)
[78.762s][info][gc,heap        ] GC(144) PSYoungGen: 231040K(237568K)->1088K(237056K) Eden: 229376K(229376K)->0K(229376K) From: 1664K(8192K)->1088K(7680K)
[78.762s][info][gc,heap        ] GC(144) ParOldGen: 404204K(404480K)->404220K(404480K)
[78.762s][info][gc,metaspace   ] GC(144) Metaspace: 56066K(56384K)->56066K(56384K) NonClass: 47766K(48000K)->47766K(48000K) Class: 8299K(8384K)->8299K(8384K)
[78.762s][info][gc             ] GC(144) Pause Young (Allocation Failure) 620M->395M(626M) 3.622ms
[78.762s][info][gc,cpu         ] GC(144) User=0.00s Sys=0.01s Real=0.00s
[79.280s][info][gc,start       ] GC(145) Pause Young (Allocation Failure)
[79.284s][info][gc,heap        ] GC(145) PSYoungGen: 230232K(237056K)->928K(221696K) Eden: 229144K(229376K)->0K(220672K) From: 1088K(7680K)->928K(1024K)
[79.284s][info][gc,heap        ] GC(145) ParOldGen: 404220K(404480K)->404236K(404480K)
[79.284s][info][gc,metaspace   ] GC(145) Metaspace: 56066K(56384K)->56066K(56384K) NonClass: 47766K(48000K)->47766K(48000K) Class: 8299K(8384K)->8299K(8384K)
[79.284s][info][gc             ] GC(145) Pause Young (Allocation Failure) 619M->395M(611M) 3.392ms
[79.284s][info][gc,cpu         ] GC(145) User=0.01s Sys=0.00s Real=0.00s
[79.846s][info][gc,start       ] GC(146) Pause Young (Allocation Failure)
[79.850s][info][gc,heap        ] GC(146) PSYoungGen: 221600K(221696K)->1598K(219136K) Eden: 220672K(220672K)->0K(212480K) From: 928K(1024K)->1598K(6656K)
[79.850s][info][gc,heap        ] GC(146) ParOldGen: 404236K(404480K)->404252K(404480K)
[79.850s][info][gc,metaspace   ] GC(146) Metaspace: 56066K(56384K)->56066K(56384K) NonClass: 47766K(48000K)->47766K(48000K) Class: 8299K(8384K)->8299K(8384K)
[79.850s][info][gc             ] GC(146) Pause Young (Allocation Failure) 611M->396M(609M) 3.777ms
[79.850s][info][gc,cpu         ] GC(146) User=0.01s Sys=0.00s Real=0.00s
[80.353s][info][gc,start       ] GC(147) Pause Young (Allocation Failure)
[80.356s][info][gc,heap        ] GC(147) PSYoungGen: 213793K(219136K)->864K(205824K) Eden: 212194K(212480K)->0K(204800K) From: 1598K(6656K)->864K(1024K)
[80.356s][info][gc,heap        ] GC(147) ParOldGen: 404252K(404480K)->404268K(404480K)
[80.356s][info][gc,metaspace   ] GC(147) Metaspace: 56066K(56384K)->56066K(56384K) NonClass: 47766K(48000K)->47766K(48000K) Class: 8299K(8384K)->8299K(8384K)
[80.356s][info][gc             ] GC(147) Pause Young (Allocation Failure) 603M->395M(596M) 3.281ms
[80.356s][info][gc,cpu         ] GC(147) User=0.00s Sys=0.00s Real=0.00s
[80.852s][info][gc,start       ] GC(148) Pause Young (Allocation Failure)
[80.856s][info][gc,heap        ] GC(148) PSYoungGen: 205664K(205824K)->1983K(203264K) Eden: 204800K(204800K)->0K(197120K) From: 864K(1024K)->1983K(6144K)
[80.856s][info][gc,heap        ] GC(148) ParOldGen: 404268K(404480K)->404284K(404480K)
[80.856s][info][gc,metaspace   ] GC(148) Metaspace: 56066K(56384K)->56066K(56384K) NonClass: 47766K(48000K)->47766K(48000K) Class: 8299K(8384K)->8299K(8384K)
[80.856s][info][gc             ] GC(148) Pause Young (Allocation Failure) 595M->396M(593M) 4.738ms
[80.856s][info][gc,cpu         ] GC(148) User=0.00s Sys=0.00s Real=0.01s
[81.342s][info][gc,start       ] GC(149) Pause Young (Allocation Failure)
[81.345s][info][gc,heap        ] GC(149) PSYoungGen: 199103K(203264K)->991K(190976K) Eden: 197120K(197120K)->0K(189952K) From: 1983K(6144K)->991K(1024K)
[81.345s][info][gc,heap        ] GC(149) ParOldGen: 404284K(404480K)->404300K(404480K)
[81.345s][info][gc,metaspace   ] GC(149) Metaspace: 56066K(56384K)->56066K(56384K) NonClass: 47766K(48000K)->47766K(48000K) Class: 8299K(8384K)->8299K(8384K)
[81.346s][info][gc             ] GC(149) Pause Young (Allocation Failure) 589M->395M(581M) 3.305ms
[81.346s][info][gc,cpu         ] GC(149) User=0.01s Sys=0.01s Real=0.00s
[81.766s][info][gc,start       ] GC(150) Pause Young (Allocation Failure)
[81.771s][info][gc,heap        ] GC(150) PSYoungGen: 190943K(190976K)->2366K(185856K) Eden: 189952K(189952K)->0K(183296K) From: 991K(1024K)->2366K(2560K)
[81.771s][info][gc,heap        ] GC(150) ParOldGen: 404300K(404480K)->404316K(404480K)
[81.771s][info][gc,metaspace   ] GC(150) Metaspace: 56066K(56384K)->56066K(56384K) NonClass: 47766K(48000K)->47766K(48000K) Class: 8299K(8384K)->8299K(8384K)
[81.771s][info][gc             ] GC(150) Pause Young (Allocation Failure) 581M->397M(576M) 4.879ms
[81.771s][info][gc,cpu         ] GC(150) User=0.00s Sys=0.01s Real=0.01s
[82.240s][info][gc,start       ] GC(151) Pause Young (Allocation Failure)
[82.242s][info][gc,heap        ] GC(151) PSYoungGen: 185662K(185856K)->804K(177664K) Eden: 183296K(183296K)->0K(176640K) From: 2366K(2560K)->804K(1024K)
[82.243s][info][gc,heap        ] GC(151) ParOldGen: 404316K(404480K)->404332K(404480K)
[82.243s][info][gc,metaspace   ] GC(151) Metaspace: 56066K(56384K)->56066K(56384K) NonClass: 47766K(48000K)->47766K(48000K) Class: 8299K(8384K)->8299K(8384K)
[82.243s][info][gc             ] GC(151) Pause Young (Allocation Failure) 576M->395M(568M) 2.846ms
[82.243s][info][gc,cpu         ] GC(151) User=0.01s Sys=0.00s Real=0.00s
[82.652s][info][gc,start       ] GC(152) Pause Young (Allocation Failure)
[82.656s][info][gc,heap        ] GC(152) PSYoungGen: 177444K(177664K)->1854K(172544K) Eden: 176640K(176640K)->0K(170496K) From: 804K(1024K)->1854K(2048K)
[82.656s][info][gc,heap        ] GC(152) ParOldGen: 404332K(404480K)->404348K(404480K)
[82.656s][info][gc,metaspace   ] GC(152) Metaspace: 56066K(56384K)->56066K(56384K) NonClass: 47766K(48000K)->47766K(48000K) Class: 8299K(8384K)->8299K(8384K)
[82.656s][info][gc             ] GC(152) Pause Young (Allocation Failure) 568M->396M(563M) 4.266ms
[82.656s][info][gc,cpu         ] GC(152) User=0.00s Sys=0.00s Real=0.01s
[83.058s][info][gc,start       ] GC(153) Pause Young (Allocation Failure)
[83.063s][info][gc,heap        ] GC(153) PSYoungGen: 172350K(172544K)->2303K(166912K) Eden: 170496K(170496K)->0K(164352K) From: 1854K(2048K)->2303K(2560K)
[83.063s][info][gc,heap        ] GC(153) ParOldGen: 404348K(404480K)->404364K(404480K)
[83.063s][info][gc,metaspace   ] GC(153) Metaspace: 56066K(56384K)->56066K(56384K) NonClass: 47766K(48000K)->47766K(48000K) Class: 8299K(8384K)->8299K(8384K)
[83.063s][info][gc             ] GC(153) Pause Young (Allocation Failure) 563M->397M(558M) 4.666ms
[83.063s][info][gc,cpu         ] GC(153) User=0.01s Sys=0.00s Real=0.00s
[83.457s][info][gc,start       ] GC(154) Pause Young (Allocation Failure)
[83.460s][info][gc,heap        ] GC(154) PSYoungGen: 166655K(166912K)->960K(159744K) Eden: 164352K(164352K)->0K(158720K) From: 2303K(2560K)->960K(1024K)
[83.460s][info][gc,heap        ] GC(154) ParOldGen: 404364K(404480K)->404380K(404480K)
[83.460s][info][gc,metaspace   ] GC(154) Metaspace: 56066K(56384K)->56066K(56384K) NonClass: 47766K(48000K)->47766K(48000K) Class: 8299K(8384K)->8299K(8384K)
[83.460s][info][gc             ] GC(154) Pause Young (Allocation Failure) 557M->395M(551M) 3.422ms
[83.460s][info][gc,cpu         ] GC(154) User=0.00s Sys=0.00s Real=0.00s
[83.855s][info][gc,start       ] GC(155) Pause Young (Allocation Failure)
[83.858s][info][gc,heap        ] GC(155) PSYoungGen: 159680K(159744K)->1631K(155648K) Eden: 158720K(158720K)->0K(153600K) From: 960K(1024K)->1631K(2048K)
[83.858s][info][gc,heap        ] GC(155) ParOldGen: 404380K(404480K)->404396K(404480K)
[83.858s][info][gc,metaspace   ] GC(155) Metaspace: 56066K(56384K)->56066K(56384K) NonClass: 47766K(48000K)->47766K(48000K) Class: 8299K(8384K)->8299K(8384K)
[83.858s][info][gc             ] GC(155) Pause Young (Allocation Failure) 550M->396M(547M) 3.717ms
[83.858s][info][gc,cpu         ] GC(155) User=0.01s Sys=0.00s Real=0.01s
[84.238s][info][gc,start       ] GC(156) Pause Young (Allocation Failure)
[84.240s][info][gc,heap        ] GC(156) PSYoungGen: 155231K(155648K)->553K(149504K) Eden: 153600K(153600K)->0K(148480K) From: 1631K(2048K)->553K(1024K)
[84.240s][info][gc,heap        ] GC(156) ParOldGen: 404396K(404480K)->404412K(404480K)
[84.240s][info][gc,metaspace   ] GC(156) Metaspace: 56069K(56384K)->56069K(56384K) NonClass: 47769K(48000K)->47769K(48000K) Class: 8299K(8384K)->8299K(8384K)
[84.240s][info][gc             ] GC(156) Pause Young (Allocation Failure) 546M->395M(541M) 2.627ms
[84.240s][info][gc,cpu         ] GC(156) User=0.01s Sys=0.00s Real=0.00s
[84.568s][info][gc,start       ] GC(157) Pause Young (Allocation Failure)
[84.573s][info][gc,heap        ] GC(157) PSYoungGen: 149033K(149504K)->2718K(181248K) Eden: 148480K(148480K)->0K(178176K) From: 553K(1024K)->2718K(3072K)
[84.573s][info][gc,heap        ] GC(157) ParOldGen: 404412K(404480K)->404428K(404480K)
[84.573s][info][gc,metaspace   ] GC(157) Metaspace: 56069K(56384K)->56069K(56384K) NonClass: 47769K(48000K)->47769K(48000K) Class: 8299K(8384K)->8299K(8384K)
[84.573s][info][gc             ] GC(157) Pause Young (Allocation Failure) 540M->397M(572M) 5.557ms
[84.573s][info][gc,cpu         ] GC(157) User=0.01s Sys=0.01s Real=0.00s
[84.986s][info][gc,start       ] GC(158) Pause Young (Allocation Failure)
[84.989s][info][gc,heap        ] GC(158) PSYoungGen: 180744K(181248K)->480K(172544K) Eden: 178025K(178176K)->0K(172032K) From: 2718K(3072K)->480K(512K)
[84.989s][info][gc,heap        ] GC(158) ParOldGen: 404428K(404480K)->404444K(404480K)
[84.989s][info][gc,metaspace   ] GC(158) Metaspace: 56069K(56384K)->56069K(56384K) NonClass: 47769K(48000K)->47769K(48000K) Class: 8299K(8384K)->8299K(8384K)
[84.989s][info][gc             ] GC(158) Pause Young (Allocation Failure) 571M->395M(563M) 3.725ms
[84.989s][info][gc,cpu         ] GC(158) User=0.01s Sys=0.01s Real=0.01s
[85.440s][info][gc,start       ] GC(159) Pause Young (Allocation Failure)
[85.442s][info][gc,heap        ] GC(159) PSYoungGen: 172512K(172544K)->672K(166912K) Eden: 172032K(172032K)->0K(165888K) From: 480K(512K)->672K(1024K)
[85.442s][info][gc,heap        ] GC(159) ParOldGen: 404444K(404480K)->404460K(404480K)
[85.442s][info][gc,metaspace   ] GC(159) Metaspace: 56069K(56384K)->56069K(56384K) NonClass: 47769K(48000K)->47769K(48000K) Class: 8299K(8384K)->8299K(8384K)
[85.442s][info][gc             ] GC(159) Pause Young (Allocation Failure) 563M->395M(558M) 2.898ms
[85.442s][info][gc,cpu         ] GC(159) User=0.00s Sys=0.00s Real=0.00s
[85.845s][info][gc,start       ] GC(160) Pause Young (Allocation Failure)
[85.853s][info][gc,heap        ] GC(160) PSYoungGen: 166560K(166912K)->1023K(203776K) Eden: 165888K(165888K)->0K(199168K) From: 672K(1024K)->1023K(4608K)
[85.853s][info][gc,heap        ] GC(160) ParOldGen: 404460K(404480K)->404476K(404480K)
[85.853s][info][gc,metaspace   ] GC(160) Metaspace: 56069K(56384K)->56069K(56384K) NonClass: 47769K(48000K)->47769K(48000K) Class: 8299K(8384K)->8299K(8384K)
[85.853s][info][gc             ] GC(160) Pause Young (Allocation Failure) 557M->395M(594M) 8.545ms
[85.853s][info][gc,cpu         ] GC(160) User=0.01s Sys=0.00s Real=0.01s
[86.283s][info][gc,start       ] GC(161) Pause Young (Allocation Failure)
[86.286s][info][gc,heap        ] GC(161) PSYoungGen: 200191K(203776K)->736K(240128K) Eden: 199168K(199168K)->0K(239104K) From: 1023K(4608K)->736K(1024K)
[86.286s][info][gc,heap        ] GC(161) ParOldGen: 404476K(404480K)->404492K(404992K)
[86.286s][info][gc,metaspace   ] GC(161) Metaspace: 56069K(56384K)->56069K(56384K) NonClass: 47769K(48000K)->47769K(48000K) Class: 8299K(8384K)->8299K(8384K)
[86.286s][info][gc             ] GC(161) Pause Young (Allocation Failure) 590M->395M(630M) 3.165ms
[86.286s][info][gc,cpu         ] GC(161) User=0.01s Sys=0.00s Real=0.01s
[86.874s][info][gc,start       ] GC(162) Pause Young (Allocation Failure)
[86.879s][info][gc,heap        ] GC(162) PSYoungGen: 239825K(240128K)->1568K(231936K) Eden: 239089K(239104K)->0K(229888K) From: 736K(1024K)->1568K(2048K)
[86.879s][info][gc,heap        ] GC(162) ParOldGen: 404492K(404992K)->404508K(404992K)
[86.879s][info][gc,metaspace   ] GC(162) Metaspace: 56069K(56384K)->56069K(56384K) NonClass: 47769K(48000K)->47769K(48000K) Class: 8299K(8384K)->8299K(8384K)
[86.879s][info][gc             ] GC(162) Pause Young (Allocation Failure) 629M->396M(622M) 4.354ms
[86.879s][info][gc,cpu         ] GC(162) User=0.01s Sys=0.00s Real=0.01s
[87.453s][info][gc,start       ] GC(163) Pause Young (Allocation Failure)
[87.457s][info][gc,heap        ] GC(163) PSYoungGen: 231456K(231936K)->1854K(223232K) Eden: 229888K(229888K)->0K(221184K) From: 1568K(2048K)->1854K(2048K)
[87.457s][info][gc,heap        ] GC(163) ParOldGen: 404508K(404992K)->404524K(404992K)
[87.457s][info][gc,metaspace   ] GC(163) Metaspace: 56069K(56384K)->56069K(56384K) NonClass: 47769K(48000K)->47769K(48000K) Class: 8299K(8384K)->8299K(8384K)
[87.457s][info][gc             ] GC(163) Pause Young (Allocation Failure) 621M->396M(613M) 4.258ms
[87.457s][info][gc,cpu         ] GC(163) User=0.01s Sys=0.00s Real=0.01s
[87.995s][info][gc,start       ] GC(164) Pause Young (Allocation Failure)
[88.000s][info][gc,heap        ] GC(164) PSYoungGen: 222857K(223232K)->2016K(215040K) Eden: 221002K(221184K)->0K(212992K) From: 1854K(2048K)->2016K(2048K)
[88.000s][info][gc,heap        ] GC(164) ParOldGen: 404524K(404992K)->404540K(404992K)
[88.000s][info][gc,metaspace   ] GC(164) Metaspace: 56069K(56384K)->56069K(56384K) NonClass: 47769K(48000K)->47769K(48000K) Class: 8299K(8384K)->8299K(8384K)
[88.000s][info][gc             ] GC(164) Pause Young (Allocation Failure) 612M->397M(605M) 4.523ms
[88.000s][info][gc,cpu         ] GC(164) User=0.01s Sys=0.00s Real=0.01s
[88.473s][info][gc,start       ] GC(165) Pause Young (Allocation Failure)
[88.477s][info][gc,heap        ] GC(165) PSYoungGen: 215008K(215040K)->1983K(207360K) Eden: 212992K(212992K)->0K(205312K) From: 2016K(2048K)->1983K(2048K)
[88.477s][info][gc,heap        ] GC(165) ParOldGen: 404540K(404992K)->404556K(404992K)
[88.477s][info][gc,metaspace   ] GC(165) Metaspace: 56071K(56384K)->56071K(56384K) NonClass: 47771K(48000K)->47771K(48000K) Class: 8299K(8384K)->8299K(8384K)
[88.477s][info][gc             ] GC(165) Pause Young (Allocation Failure) 605M->397M(598M) 4.585ms
[88.477s][info][gc,cpu         ] GC(165) User=0.01s Sys=0.00s Real=0.01s
[88.970s][info][gc,start       ] GC(166) Pause Young (Allocation Failure)
[88.975s][info][gc,heap        ] GC(166) PSYoungGen: 207295K(207360K)->2622K(200704K) Eden: 205312K(205312K)->0K(197632K) From: 1983K(2048K)->2622K(3072K)
[88.975s][info][gc,heap        ] GC(166) ParOldGen: 404556K(404992K)->404572K(404992K)
[88.975s][info][gc,metaspace   ] GC(166) Metaspace: 56071K(56384K)->56071K(56384K) NonClass: 47771K(48000K)->47771K(48000K) Class: 8299K(8384K)->8299K(8384K)
[88.975s][info][gc             ] GC(166) Pause Young (Allocation Failure) 597M->397M(591M) 4.620ms
[88.975s][info][gc,cpu         ] GC(166) User=0.01s Sys=0.00s Real=0.00s
[89.558s][info][gc,start       ] GC(167) Pause Young (Allocation Failure)
[89.562s][info][gc,heap        ] GC(167) PSYoungGen: 200254K(200704K)->1983K(192512K) Eden: 197632K(197632K)->0K(190464K) From: 2622K(3072K)->1983K(2048K)
[89.562s][info][gc,heap        ] GC(167) ParOldGen: 404572K(404992K)->404588K(404992K)
[89.562s][info][gc,metaspace   ] GC(167) Metaspace: 56072K(56384K)->56072K(56384K) NonClass: 47773K(48000K)->47773K(48000K) Class: 8299K(8384K)->8299K(8384K)
[89.562s][info][gc             ] GC(167) Pause Young (Allocation Failure) 590M->397M(583M) 3.963ms
[89.562s][info][gc,cpu         ] GC(167) User=0.01s Sys=0.00s Real=0.00s
[90.039s][info][gc,start       ] GC(168) Pause Young (Allocation Failure)
[90.042s][info][gc,heap        ] GC(168) PSYoungGen: 192447K(192512K)->756K(184832K) Eden: 190464K(190464K)->0K(183808K) From: 1983K(2048K)->756K(1024K)
[90.042s][info][gc,heap        ] GC(168) ParOldGen: 404588K(404992K)->404604K(404992K)
[90.042s][info][gc,metaspace   ] GC(168) Metaspace: 56072K(56384K)->56072K(56384K) NonClass: 47773K(48000K)->47773K(48000K) Class: 8299K(8384K)->8299K(8384K)
[90.042s][info][gc             ] GC(168) Pause Young (Allocation Failure) 583M->395M(576M) 2.791ms
[90.042s][info][gc,cpu         ] GC(168) User=0.01s Sys=0.00s Real=0.00s
[90.461s][info][gc,start       ] GC(169) Pause Young (Allocation Failure)
[90.465s][info][gc,heap        ] GC(169) PSYoungGen: 184564K(184832K)->1951K(179200K) Eden: 183808K(183808K)->0K(177152K) From: 756K(1024K)->1951K(2048K)
[90.465s][info][gc,heap        ] GC(169) ParOldGen: 404604K(404992K)->404620K(404992K)
[90.465s][info][gc,metaspace   ] GC(169) Metaspace: 56072K(56384K)->56072K(56384K) NonClass: 47773K(48000K)->47773K(48000K) Class: 8299K(8384K)->8299K(8384K)
[90.465s][info][gc             ] GC(169) Pause Young (Allocation Failure) 575M->397M(570M) 4.218ms
[90.465s][info][gc,cpu         ] GC(169) User=0.00s Sys=0.00s Real=0.00s
[90.874s][info][gc,start       ] GC(170) Pause Young (Allocation Failure)
[90.878s][info][gc,heap        ] GC(170) PSYoungGen: 179103K(179200K)->2174K(173568K) Eden: 177152K(177152K)->0K(171008K) From: 1951K(2048K)->2174K(2560K)
[90.878s][info][gc,heap        ] GC(170) ParOldGen: 404620K(404992K)->404636K(404992K)
[90.878s][info][gc,metaspace   ] GC(170) Metaspace: 56072K(56384K)->56072K(56384K) NonClass: 47773K(48000K)->47773K(48000K) Class: 8299K(8384K)->8299K(8384K)
[90.878s][info][gc             ] GC(170) Pause Young (Allocation Failure) 570M->397M(565M) 3.987ms
[90.878s][info][gc,cpu         ] GC(170) User=0.01s Sys=0.00s Real=0.01s
[91.285s][info][gc,start       ] GC(171) Pause Young (Allocation Failure)
[91.288s][info][gc,heap        ] GC(171) PSYoungGen: 173182K(173568K)->703K(165888K) Eden: 171007K(171008K)->0K(164864K) From: 2174K(2560K)->703K(1024K)
[91.288s][info][gc,heap        ] GC(171) ParOldGen: 404636K(404992K)->404652K(404992K)
[91.288s][info][gc,metaspace   ] GC(171) Metaspace: 56072K(56384K)->56072K(56384K) NonClass: 47773K(48000K)->47773K(48000K) Class: 8299K(8384K)->8299K(8384K)
[91.288s][info][gc             ] GC(171) Pause Young (Allocation Failure) 564M->395M(557M) 2.468ms
[91.288s][info][gc,cpu         ] GC(171) User=0.01s Sys=0.00s Real=0.01s
[91.683s][info][gc,start       ] GC(172) Pause Young (Allocation Failure)
[91.686s][info][gc,heap        ] GC(172) PSYoungGen: 165482K(165888K)->320K(159744K) Eden: 164778K(164864K)->0K(159232K) From: 703K(1024K)->320K(512K)
[91.686s][info][gc,heap        ] GC(172) ParOldGen: 404652K(404992K)->404668K(404992K)
[91.686s][info][gc,metaspace   ] GC(172) Metaspace: 56072K(56384K)->56072K(56384K) NonClass: 47773K(48000K)->47773K(48000K) Class: 8299K(8384K)->8299K(8384K)
[91.686s][info][gc             ] GC(172) Pause Young (Allocation Failure) 556M->395M(551M) 2.202ms
[91.686s][info][gc,cpu         ] GC(172) User=0.00s Sys=0.00s Real=0.00s
[92.086s][info][gc,start       ] GC(173) Pause Young (Allocation Failure)
[92.091s][info][gc,heap        ] GC(173) PSYoungGen: 159552K(159744K)->2079K(156160K) Eden: 159232K(159232K)->0K(153600K) From: 320K(512K)->2079K(2560K)
[92.091s][info][gc,heap        ] GC(173) ParOldGen: 404668K(404992K)->404684K(404992K)
[92.091s][info][gc,metaspace   ] GC(173) Metaspace: 56072K(56384K)->56072K(56384K) NonClass: 47773K(48000K)->47773K(48000K) Class: 8299K(8384K)->8299K(8384K)
[92.091s][info][gc             ] GC(173) Pause Young (Allocation Failure) 550M->397M(548M) 4.570ms
[92.091s][info][gc,cpu         ] GC(173) User=0.01s Sys=0.00s Real=0.00s
[92.501s][info][gc,start       ] GC(174) Pause Young (Allocation Failure)
[92.505s][info][gc,heap        ] GC(174) PSYoungGen: 155679K(156160K)->1983K(150528K) Eden: 153600K(153600K)->0K(148480K) From: 2079K(2560K)->1983K(2048K)
[92.505s][info][gc,heap        ] GC(174) ParOldGen: 404684K(404992K)->404700K(404992K)
[92.505s][info][gc,metaspace   ] GC(174) Metaspace: 56072K(56384K)->56072K(56384K) NonClass: 47773K(48000K)->47773K(48000K) Class: 8299K(8384K)->8299K(8384K)
[92.505s][info][gc             ] GC(174) Pause Young (Allocation Failure) 547M->397M(542M) 4.185ms
[92.505s][info][gc,cpu         ] GC(174) User=0.01s Sys=0.00s Real=0.00s
[92.837s][info][gc,start       ] GC(175) Pause Young (Allocation Failure)
[92.839s][info][gc,heap        ] GC(175) PSYoungGen: 150463K(150528K)->447K(143872K) Eden: 148480K(148480K)->0K(143360K) From: 1983K(2048K)->447K(512K)
[92.839s][info][gc,heap        ] GC(175) ParOldGen: 404700K(404992K)->404716K(404992K)
[92.840s][info][gc,metaspace   ] GC(175) Metaspace: 56072K(56384K)->56072K(56384K) NonClass: 47773K(48000K)->47773K(48000K) Class: 8299K(8384K)->8299K(8384K)
[92.840s][info][gc             ] GC(175) Pause Young (Allocation Failure) 542M->395M(536M) 2.363ms
[92.840s][info][gc,cpu         ] GC(175) User=0.01s Sys=0.00s Real=0.00s
[93.162s][info][gc,start       ] GC(176) Pause Young (Allocation Failure)
[93.165s][info][gc,heap        ] GC(176) PSYoungGen: 143807K(143872K)->1056K(142336K) Eden: 143360K(143360K)->0K(138752K) From: 447K(512K)->1056K(3584K)
[93.165s][info][gc,heap        ] GC(176) ParOldGen: 404716K(404992K)->404732K(404992K)
[93.165s][info][gc,metaspace   ] GC(176) Metaspace: 56072K(56384K)->56072K(56384K) NonClass: 47773K(48000K)->47773K(48000K) Class: 8299K(8384K)->8299K(8384K)
[93.165s][info][gc             ] GC(176) Pause Young (Allocation Failure) 535M->396M(534M) 3.122ms
[93.165s][info][gc,cpu         ] GC(176) User=0.01s Sys=0.00s Real=0.00s
[93.516s][info][gc,start       ] GC(177) Pause Young (Allocation Failure)
[93.519s][info][gc,heap        ] GC(177) PSYoungGen: 139497K(142336K)->704K(135168K) Eden: 138441K(138752K)->0K(134144K) From: 1056K(3584K)->704K(1024K)
[93.519s][info][gc,heap        ] GC(177) ParOldGen: 404732K(404992K)->404748K(404992K)
[93.519s][info][gc,metaspace   ] GC(177) Metaspace: 56073K(56384K)->56073K(56384K) NonClass: 47773K(48000K)->47773K(48000K) Class: 8299K(8384K)->8299K(8384K)
[93.519s][info][gc             ] GC(177) Pause Young (Allocation Failure) 531M->395M(527M) 2.756ms
[93.519s][info][gc,cpu         ] GC(177) User=0.01s Sys=0.00s Real=0.00s
[93.840s][info][gc,start       ] GC(178) Pause Young (Allocation Failure)
[93.842s][info][gc,heap        ] GC(178) PSYoungGen: 134848K(135168K)->639K(131072K) Eden: 134144K(134144K)->0K(130048K) From: 704K(1024K)->639K(1024K)
[93.842s][info][gc,heap        ] GC(178) ParOldGen: 404748K(404992K)->404764K(404992K)
[93.842s][info][gc,metaspace   ] GC(178) Metaspace: 56073K(56384K)->56073K(56384K) NonClass: 47773K(48000K)->47773K(48000K) Class: 8299K(8384K)->8299K(8384K)
[93.842s][info][gc             ] GC(178) Pause Young (Allocation Failure) 526M->395M(523M) 2.441ms
[93.842s][info][gc,cpu         ] GC(178) User=0.00s Sys=0.00s Real=0.00s
[94.148s][info][gc,start       ] GC(179) Pause Young (Allocation Failure)
[94.152s][info][gc,heap        ] GC(179) PSYoungGen: 130687K(131072K)->1583K(128000K) Eden: 130048K(130048K)->0K(125952K) From: 639K(1024K)->1583K(2048K)
[94.152s][info][gc,heap        ] GC(179) ParOldGen: 404764K(404992K)->404780K(404992K)
[94.152s][info][gc,metaspace   ] GC(179) Metaspace: 56074K(56384K)->56074K(56384K) NonClass: 47774K(48000K)->47774K(48000K) Class: 8299K(8384K)->8299K(8384K)
[94.152s][info][gc             ] GC(179) Pause Young (Allocation Failure) 522M->396M(520M) 3.739ms
[94.152s][info][gc,cpu         ] GC(179) User=0.01s Sys=0.00s Real=0.00s
[94.445s][info][gc,start       ] GC(180) Pause Young (Allocation Failure)
[94.447s][info][gc,heap        ] GC(180) PSYoungGen: 127535K(128000K)->768K(122880K) Eden: 125952K(125952K)->0K(121856K) From: 1583K(2048K)->768K(1024K)
[94.447s][info][gc,heap        ] GC(180) ParOldGen: 404780K(404992K)->404796K(404992K)
[94.447s][info][gc,metaspace   ] GC(180) Metaspace: 56074K(56384K)->56074K(56384K) NonClass: 47774K(48000K)->47774K(48000K) Class: 8299K(8384K)->8299K(8384K)
[94.447s][info][gc             ] GC(180) Pause Young (Allocation Failure) 519M->396M(515M) 2.667ms
[94.447s][info][gc,cpu         ] GC(180) User=0.01s Sys=0.00s Real=0.01s
[94.742s][info][gc,start       ] GC(181) Pause Young (Allocation Failure)
[94.745s][info][gc,heap        ] GC(181) PSYoungGen: 122624K(122880K)->967K(119296K) Eden: 121856K(121856K)->0K(118272K) From: 768K(1024K)->967K(1024K)
[94.745s][info][gc,heap        ] GC(181) ParOldGen: 404796K(404992K)->404812K(404992K)
[94.745s][info][gc,metaspace   ] GC(181) Metaspace: 56074K(56384K)->56074K(56384K) NonClass: 47774K(48000K)->47774K(48000K) Class: 8299K(8384K)->8299K(8384K)
[94.745s][info][gc             ] GC(181) Pause Young (Allocation Failure) 515M->396M(512M) 2.737ms
[94.745s][info][gc,cpu         ] GC(181) User=0.01s Sys=0.00s Real=0.00s
[94.988s][info][gc,start       ] GC(182) Pause Young (Allocation Failure)
[94.990s][info][gc,heap        ] GC(182) PSYoungGen: 119239K(119296K)->288K(115200K) Eden: 118272K(118272K)->0K(114688K) From: 967K(1024K)->288K(512K)
[94.990s][info][gc,heap        ] GC(182) ParOldGen: 404812K(404992K)->404828K(404992K)
[94.990s][info][gc,metaspace   ] GC(182) Metaspace: 56074K(56384K)->56074K(56384K) NonClass: 47774K(48000K)->47774K(48000K) Class: 8299K(8384K)->8299K(8384K)
[94.990s][info][gc             ] GC(182) Pause Young (Allocation Failure) 511M->395M(508M) 2.154ms
[94.990s][info][gc,cpu         ] GC(182) User=0.00s Sys=0.00s Real=0.00s
[95.281s][info][gc,start       ] GC(183) Pause Young (Allocation Failure)
[95.295s][info][gc,heap        ] GC(183) PSYoungGen: 114976K(115200K)->1472K(139264K) Eden: 114688K(114688K)->0K(137728K) From: 288K(512K)->1472K(1536K)
[95.295s][info][gc,heap        ] GC(183) ParOldGen: 404828K(404992K)->404844K(404992K)
[95.295s][info][gc,metaspace   ] GC(183) Metaspace: 56074K(56384K)->56074K(56384K) NonClass: 47774K(48000K)->47774K(48000K) Class: 8299K(8384K)->8299K(8384K)
[95.295s][info][gc             ] GC(183) Pause Young (Allocation Failure) 507M->396M(531M) 14.172ms
[95.295s][info][gc,cpu         ] GC(183) User=0.01s Sys=0.00s Real=0.01s
[95.638s][info][gc,start       ] GC(184) Pause Young (Allocation Failure)
[95.640s][info][gc,heap        ] GC(184) PSYoungGen: 139200K(139264K)->521K(166400K) Eden: 137728K(137728K)->0K(165376K) From: 1472K(1536K)->521K(1024K)
[95.640s][info][gc,heap        ] GC(184) ParOldGen: 404844K(404992K)->404860K(404992K)
[95.640s][info][gc,metaspace   ] GC(184) Metaspace: 56074K(56384K)->56074K(56384K) NonClass: 47774K(48000K)->47774K(48000K) Class: 8299K(8384K)->8299K(8384K)
[95.640s][info][gc             ] GC(184) Pause Young (Allocation Failure) 531M->395M(558M) 2.379ms
[95.640s][info][gc,cpu         ] GC(184) User=0.01s Sys=0.00s Real=0.00s
[96.037s][info][gc,start       ] GC(185) Pause Young (Allocation Failure)
[96.040s][info][gc,heap        ] GC(185) PSYoungGen: 165897K(166400K)->457K(199168K) Eden: 165376K(165376K)->0K(198656K) From: 521K(1024K)->457K(512K)
[96.040s][info][gc,heap        ] GC(185) ParOldGen: 404860K(404992K)->404876K(404992K)
[96.040s][info][gc,metaspace   ] GC(185) Metaspace: 56074K(56384K)->56074K(56384K) NonClass: 47774K(48000K)->47774K(48000K) Class: 8299K(8384K)->8299K(8384K)
[96.040s][info][gc             ] GC(185) Pause Young (Allocation Failure) 557M->395M(590M) 2.592ms
[96.040s][info][gc,cpu         ] GC(185) User=0.00s Sys=0.00s Real=0.00s
[96.569s][info][gc,start       ] GC(186) Pause Young (Allocation Failure)
[96.574s][info][gc,heap        ] GC(186) PSYoungGen: 199082K(199168K)->1440K(208896K) Eden: 198624K(198656K)->0K(205824K) From: 457K(512K)->1440K(3072K)
[96.574s][info][gc,heap        ] GC(186) ParOldGen: 404876K(404992K)->404892K(404992K)
[96.574s][info][gc,metaspace   ] GC(186) Metaspace: 56074K(56384K)->56074K(56384K) NonClass: 47774K(48000K)->47774K(48000K) Class: 8299K(8384K)->8299K(8384K)
[96.574s][info][gc             ] GC(186) Pause Young (Allocation Failure) 589M->396M(599M) 5.044ms
[96.574s][info][gc,cpu         ] GC(186) User=0.01s Sys=0.00s Real=0.00s
[96.978s][info][gc,start       ] GC(187) Pause Young (Allocation Failure)
[96.982s][info][gc,heap        ] GC(187) PSYoungGen: 207016K(208896K)->1440K(241664K) Eden: 205576K(205824K)->0K(238592K) From: 1440K(3072K)->1440K(3072K)
[96.982s][info][gc,heap        ] GC(187) ParOldGen: 404892K(404992K)->404908K(404992K)
[96.982s][info][gc,metaspace   ] GC(187) Metaspace: 56074K(56384K)->56074K(56384K) NonClass: 47774K(48000K)->47774K(48000K) Class: 8299K(8384K)->8299K(8384K)
[96.982s][info][gc             ] GC(187) Pause Young (Allocation Failure) 597M->396M(631M) 4.275ms
[96.982s][info][gc,cpu         ] GC(187) User=0.01s Sys=0.00s Real=0.00s
[97.635s][info][gc,start       ] GC(188) Pause Young (Allocation Failure)
[97.638s][info][gc,heap        ] GC(188) PSYoungGen: 239767K(241664K)->1150K(230912K) Eden: 238327K(238592K)->0K(229376K) From: 1440K(3072K)->1150K(1536K)
[97.638s][info][gc,heap        ] GC(188) ParOldGen: 404908K(404992K)->404924K(404992K)
[97.638s][info][gc,metaspace   ] GC(188) Metaspace: 56074K(56384K)->56074K(56384K) NonClass: 47774K(48000K)->47774K(48000K) Class: 8299K(8384K)->8299K(8384K)
[97.638s][info][gc             ] GC(188) Pause Young (Allocation Failure) 629M->396M(621M) 2.974ms
[97.638s][info][gc,cpu         ] GC(188) User=0.01s Sys=0.00s Real=0.01s
[98.142s][info][gc,start       ] GC(189) Pause Young (Allocation Failure)
[98.145s][info][gc,heap        ] GC(189) PSYoungGen: 230526K(230912K)->544K(221696K) Eden: 229376K(229376K)->0K(220672K) From: 1150K(1536K)->544K(1024K)
[98.145s][info][gc,heap        ] GC(189) ParOldGen: 404924K(404992K)->404940K(404992K)
[98.145s][info][gc,metaspace   ] GC(189) Metaspace: 56074K(56384K)->56074K(56384K) NonClass: 47774K(48000K)->47774K(48000K) Class: 8299K(8384K)->8299K(8384K)
[98.145s][info][gc             ] GC(189) Pause Young (Allocation Failure) 620M->395M(612M) 2.705ms
[98.145s][info][gc,cpu         ] GC(189) User=0.01s Sys=0.00s Real=0.00s
[98.660s][info][gc,start       ] GC(190) Pause Young (Allocation Failure)
[98.664s][info][gc,heap        ] GC(190) PSYoungGen: 221216K(221696K)->2111K(215040K) Eden: 220672K(220672K)->0K(212480K) From: 544K(1024K)->2111K(2560K)
[98.664s][info][gc,heap        ] GC(190) ParOldGen: 404940K(404992K)->404956K(404992K)
[98.664s][info][gc,metaspace   ] GC(190) Metaspace: 56074K(56384K)->56074K(56384K) NonClass: 47774K(48000K)->47774K(48000K) Class: 8299K(8384K)->8299K(8384K)
[98.664s][info][gc             ] GC(190) Pause Young (Allocation Failure) 611M->397M(605M) 4.771ms
[98.664s][info][gc,cpu         ] GC(190) User=0.01s Sys=0.00s Real=0.00s
[99.171s][info][gc,start       ] GC(191) Pause Young (Allocation Failure)
[99.174s][info][gc,heap        ] GC(191) PSYoungGen: 214591K(215040K)->1152K(206336K) Eden: 212480K(212480K)->0K(204800K) From: 2111K(2560K)->1152K(1536K)
[99.174s][info][gc,heap        ] GC(191) ParOldGen: 404956K(404992K)->404972K(404992K)
[99.174s][info][gc,metaspace   ] GC(191) Metaspace: 56075K(56384K)->56075K(56384K) NonClass: 47775K(48000K)->47775K(48000K) Class: 8299K(8384K)->8299K(8384K)
[99.174s][info][gc             ] GC(191) Pause Young (Allocation Failure) 605M->396M(597M) 3.406ms
[99.174s][info][gc,cpu         ] GC(191) User=0.01s Sys=0.00s Real=0.00s
[99.666s][info][gc,start       ] GC(192) Pause Young (Allocation Failure)
[99.671s][info][gc,heap        ] GC(192) PSYoungGen: 205952K(206336K)->2208K(199680K) Eden: 204800K(204800K)->0K(197120K) From: 1152K(1536K)->2208K(2560K)
[99.671s][info][gc,heap        ] GC(192) ParOldGen: 404972K(404992K)->404988K(404992K)
[99.671s][info][gc,metaspace   ] GC(192) Metaspace: 56075K(56384K)->56075K(56384K) NonClass: 47775K(48000K)->47775K(48000K) Class: 8299K(8384K)->8299K(8384K)
[99.671s][info][gc             ] GC(192) Pause Young (Allocation Failure) 596M->397M(590M) 4.643ms
[99.671s][info][gc,cpu         ] GC(192) User=0.01s Sys=0.00s Real=0.00s
[100.156s][info][gc,start       ] GC(193) Pause Young (Allocation Failure)
[100.159s][info][gc,heap        ] GC(193) PSYoungGen: 199328K(199680K)->1407K(191488K) Eden: 197120K(197120K)->0K(189952K) From: 2208K(2560K)->1407K(1536K)
[100.159s][info][gc,heap        ] GC(193) ParOldGen: 404988K(404992K)->405004K(405504K)
[100.159s][info][gc,metaspace   ] GC(193) Metaspace: 56075K(56384K)->56075K(56384K) NonClass: 47775K(48000K)->47775K(48000K) Class: 8299K(8384K)->8299K(8384K)
[100.159s][info][gc             ] GC(193) Pause Young (Allocation Failure) 590M->396M(583M) 3.347ms
[100.159s][info][gc,cpu         ] GC(193) User=0.01s Sys=0.00s Real=0.01s
[100.756s][info][gc,start       ] GC(194) Pause Young (Allocation Failure)
[100.769s][info][gc,heap        ] GC(194) PSYoungGen: 191191K(191488K)->320K(228864K) Eden: 189784K(189952K)->0K(228352K) From: 1407K(1536K)->320K(512K)
[100.769s][info][gc,heap        ] GC(194) ParOldGen: 405004K(405504K)->405020K(405504K)
[100.769s][info][gc,metaspace   ] GC(194) Metaspace: 56075K(56384K)->56075K(56384K) NonClass: 47775K(48000K)->47775K(48000K) Class: 8299K(8384K)->8299K(8384K)
[100.769s][info][gc             ] GC(194) Pause Young (Allocation Failure) 582M->395M(619M) 12.475ms
[100.769s][info][gc,cpu         ] GC(194) User=0.02s Sys=0.00s Real=0.01s
[101.259s][info][gc,start       ] GC(195) Pause Young (Allocation Failure)
[101.263s][info][gc,heap        ] GC(195) PSYoungGen: 228672K(228864K)->1759K(221696K) Eden: 228352K(228352K)->0K(219648K) From: 320K(512K)->1759K(2048K)
[101.263s][info][gc,heap        ] GC(195) ParOldGen: 405020K(405504K)->405036K(405504K)
[101.263s][info][gc,metaspace   ] GC(195) Metaspace: 56075K(56384K)->56075K(56384K) NonClass: 47775K(48000K)->47775K(48000K) Class: 8299K(8384K)->8299K(8384K)
[101.263s][info][gc             ] GC(195) Pause Young (Allocation Failure) 618M->397M(612M) 3.885ms
[101.263s][info][gc,cpu         ] GC(195) User=0.01s Sys=0.00s Real=0.00s
[101.770s][info][gc,start       ] GC(196) Pause Young (Allocation Failure)
[101.775s][info][gc,heap        ] GC(196) PSYoungGen: 221407K(221696K)->2047K(213504K) Eden: 219648K(219648K)->0K(211456K) From: 1759K(2048K)->2047K(2048K)
[101.775s][info][gc,heap        ] GC(196) ParOldGen: 405036K(405504K)->405052K(405504K)
[101.775s][info][gc,metaspace   ] GC(196) Metaspace: 56075K(56384K)->56075K(56384K) NonClass: 47775K(48000K)->47775K(48000K) Class: 8299K(8384K)->8299K(8384K)
[101.775s][info][gc             ] GC(196) Pause Young (Allocation Failure) 611M->397M(604M) 4.294ms
[101.775s][info][gc,cpu         ] GC(196) User=0.01s Sys=0.00s Real=0.00s
[102.283s][info][gc,start       ] GC(197) Pause Young (Allocation Failure)
[102.287s][info][gc,heap        ] GC(197) PSYoungGen: 213503K(213504K)->1439K(205312K) Eden: 211456K(211456K)->0K(203776K) From: 2047K(2048K)->1439K(1536K)
[102.287s][info][gc,heap        ] GC(197) ParOldGen: 405052K(405504K)->405068K(405504K)
[102.287s][info][gc,metaspace   ] GC(197) Metaspace: 56075K(56384K)->56075K(56384K) NonClass: 47775K(48000K)->47775K(48000K) Class: 8299K(8384K)->8299K(8384K)
[102.287s][info][gc             ] GC(197) Pause Young (Allocation Failure) 604M->396M(596M) 3.452ms
[102.287s][info][gc,cpu         ] GC(197) User=0.00s Sys=0.00s Real=0.01s
[102.776s][info][gc,start       ] GC(198) Pause Young (Allocation Failure)
[102.780s][info][gc,heap        ] GC(198) PSYoungGen: 205215K(205312K)->1759K(198144K) Eden: 203776K(203776K)->0K(196096K) From: 1439K(1536K)->1759K(2048K)
[102.780s][info][gc,heap        ] GC(198) ParOldGen: 405068K(405504K)->405084K(405504K)
[102.780s][info][gc,metaspace   ] GC(198) Metaspace: 56075K(56384K)->56075K(56384K) NonClass: 47775K(48000K)->47775K(48000K) Class: 8299K(8384K)->8299K(8384K)
[102.780s][info][gc             ] GC(198) Pause Young (Allocation Failure) 595M->397M(589M) 3.807ms
[102.780s][info][gc,cpu         ] GC(198) User=0.01s Sys=0.00s Real=0.00s
[103.261s][info][gc,start       ] GC(199) Pause Young (Allocation Failure)
[103.265s][info][gc,heap        ] GC(199) PSYoungGen: 197835K(198144K)->1984K(190976K) Eden: 196075K(196096K)->0K(188928K) From: 1759K(2048K)->1984K(2048K)
[103.265s][info][gc,heap        ] GC(199) ParOldGen: 405084K(405504K)->405100K(405504K)
[103.265s][info][gc,metaspace   ] GC(199) Metaspace: 56075K(56384K)->56075K(56384K) NonClass: 47775K(48000K)->47775K(48000K) Class: 8299K(8384K)->8299K(8384K)
[103.265s][info][gc             ] GC(199) Pause Young (Allocation Failure) 588M->397M(582M) 4.369ms
[103.265s][info][gc,cpu         ] GC(199) User=0.01s Sys=0.00s Real=0.00s
[103.742s][info][gc,start       ] GC(200) Pause Young (Allocation Failure)
[103.745s][info][gc,heap        ] GC(200) PSYoungGen: 190912K(190976K)->826K(183296K) Eden: 188928K(188928K)->0K(182272K) From: 1984K(2048K)->826K(1024K)
[103.745s][info][gc,heap        ] GC(200) ParOldGen: 405100K(405504K)->405116K(405504K)
[103.745s][info][gc,metaspace   ] GC(200) Metaspace: 56075K(56384K)->56075K(56384K) NonClass: 47775K(48000K)->47775K(48000K) Class: 8299K(8384K)->8299K(8384K)
[103.745s][info][gc             ] GC(200) Pause Young (Allocation Failure) 582M->396M(575M) 2.825ms
[103.745s][info][gc,cpu         ] GC(200) User=0.01s Sys=0.00s Real=0.00s
[104.164s][info][gc,start       ] GC(201) Pause Young (Allocation Failure)
[104.167s][info][gc,heap        ] GC(201) PSYoungGen: 183098K(183296K)->1664K(177664K) Eden: 182272K(182272K)->0K(175616K) From: 826K(1024K)->1664K(2048K)
[104.168s][info][gc,heap        ] GC(201) ParOldGen: 405116K(405504K)->405132K(405504K)
[104.168s][info][gc,metaspace   ] GC(201) Metaspace: 56075K(56384K)->56075K(56384K) NonClass: 47775K(48000K)->47775K(48000K) Class: 8299K(8384K)->8299K(8384K)
[104.168s][info][gc             ] GC(201) Pause Young (Allocation Failure) 574M->397M(569M) 4.023ms
[104.168s][info][gc,cpu         ] GC(201) User=0.00s Sys=0.00s Real=0.01s
[104.572s][info][gc,start       ] GC(202) Pause Young (Allocation Failure)
[104.576s][info][gc,heap        ] GC(202) PSYoungGen: 177183K(177664K)->1983K(171520K) Eden: 175519K(175616K)->0K(169472K) From: 1664K(2048K)->1983K(2048K)
[104.576s][info][gc,heap        ] GC(202) ParOldGen: 405132K(405504K)->405148K(405504K)
[104.576s][info][gc,metaspace   ] GC(202) Metaspace: 56075K(56384K)->56075K(56384K) NonClass: 47775K(48000K)->47775K(48000K) Class: 8299K(8384K)->8299K(8384K)
[104.576s][info][gc             ] GC(202) Pause Young (Allocation Failure) 568M->397M(563M) 4.036ms
[104.576s][info][gc,cpu         ] GC(202) User=0.01s Sys=0.00s Real=0.01s
[105.077s][info][gc,start       ] GC(203) Pause Young (Allocation Failure)
[105.083s][info][gc,heap        ] GC(203) PSYoungGen: 171436K(171520K)->1439K(165376K) Eden: 169453K(169472K)->0K(163840K) From: 1983K(2048K)->1439K(1536K)
[105.083s][info][gc,heap        ] GC(203) ParOldGen: 405148K(405504K)->405164K(405504K)
[105.083s][info][gc,metaspace   ] GC(203) Metaspace: 56075K(56384K)->56075K(56384K) NonClass: 47775K(48000K)->47775K(48000K) Class: 8299K(8384K)->8299K(8384K)
[105.083s][info][gc             ] GC(203) Pause Young (Allocation Failure) 563M->397M(557M) 6.031ms
[105.083s][info][gc,cpu         ] GC(203) User=0.00s Sys=0.00s Real=0.00s
[105.377s][info][gc,start       ] GC(204) Pause Young (Allocation Failure)
[105.381s][info][gc,heap        ] GC(204) PSYoungGen: 165279K(165376K)->1440K(159744K) Eden: 163840K(163840K)->0K(158208K) From: 1439K(1536K)->1440K(1536K)
[105.381s][info][gc,heap        ] GC(204) ParOldGen: 405164K(405504K)->405180K(405504K)
[105.381s][info][gc,metaspace   ] GC(204) Metaspace: 56075K(56384K)->56075K(56384K) NonClass: 47775K(48000K)->47775K(48000K) Class: 8299K(8384K)->8299K(8384K)
[105.381s][info][gc             ] GC(204) Pause Young (Allocation Failure) 557M->397M(552M) 3.807ms
[105.381s][info][gc,cpu         ] GC(204) User=0.01s Sys=0.00s Real=0.00s
[105.768s][info][gc,start       ] GC(205) Pause Young (Allocation Failure)
[105.772s][info][gc,heap        ] GC(205) PSYoungGen: 159648K(159744K)->1632K(155136K) Eden: 158208K(158208K)->0K(153088K) From: 1440K(1536K)->1632K(2048K)
[105.772s][info][gc,heap        ] GC(205) ParOldGen: 405180K(405504K)->405196K(405504K)
[105.772s][info][gc,metaspace   ] GC(205) Metaspace: 56075K(56384K)->56075K(56384K) NonClass: 47775K(48000K)->47775K(48000K) Class: 8299K(8384K)->8299K(8384K)
[105.772s][info][gc             ] GC(205) Pause Young (Allocation Failure) 551M->397M(547M) 4.014ms
[105.772s][info][gc,cpu         ] GC(205) User=0.01s Sys=0.00s Real=0.00s
[106.177s][info][gc,start       ] GC(206) Pause Young (Allocation Failure)
[106.180s][info][gc,heap        ] GC(206) PSYoungGen: 154720K(155136K)->1695K(150016K) Eden: 153088K(153088K)->0K(147968K) From: 1632K(2048K)->1695K(2048K)
[106.180s][info][gc,heap        ] GC(206) ParOldGen: 405196K(405504K)->405212K(405504K)
[106.180s][info][gc,metaspace   ] GC(206) Metaspace: 56075K(56384K)->56075K(56384K) NonClass: 47775K(48000K)->47775K(48000K) Class: 8299K(8384K)->8299K(8384K)
[106.180s][info][gc             ] GC(206) Pause Young (Allocation Failure) 546M->397M(542M) 3.668ms
[106.180s][info][gc,cpu         ] GC(206) User=0.00s Sys=0.00s Real=0.00s
[106.477s][info][gc,start       ] GC(207) Pause Young (Allocation Failure)
[106.480s][info][gc,heap        ] GC(207) PSYoungGen: 149663K(150016K)->1119K(144384K) Eden: 147968K(147968K)->0K(142848K) From: 1695K(2048K)->1119K(1536K)
[106.480s][info][gc,heap        ] GC(207) ParOldGen: 405212K(405504K)->405228K(405504K)
[106.480s][info][gc,metaspace   ] GC(207) Metaspace: 56075K(56384K)->56075K(56384K) NonClass: 47775K(48000K)->47775K(48000K) Class: 8299K(8384K)->8299K(8384K)
[106.480s][info][gc             ] GC(207) Pause Young (Allocation Failure) 541M->396M(537M) 2.906ms
[106.480s][info][gc,cpu         ] GC(207) User=0.01s Sys=0.00s Real=0.00s
[106.855s][info][gc,start       ] GC(208) Pause Young (Allocation Failure)
[106.859s][info][gc,heap        ] GC(208) PSYoungGen: 143967K(144384K)->1760K(140288K) Eden: 142848K(142848K)->0K(138240K) From: 1119K(1536K)->1760K(2048K)
[106.859s][info][gc,heap        ] GC(208) ParOldGen: 405228K(405504K)->405244K(405504K)
[106.859s][info][gc,metaspace   ] GC(208) Metaspace: 56075K(56384K)->56075K(56384K) NonClass: 47775K(48000K)->47775K(48000K) Class: 8299K(8384K)->8299K(8384K)
[106.859s][info][gc             ] GC(208) Pause Young (Allocation Failure) 536M->397M(533M) 4.058ms
[106.859s][info][gc,cpu         ] GC(208) User=0.01s Sys=0.00s Real=0.01s
[107.171s][info][gc,start       ] GC(209) Pause Young (Allocation Failure)
[107.174s][info][gc,heap        ] GC(209) PSYoungGen: 139982K(140288K)->1376K(135168K) Eden: 138222K(138240K)->0K(133632K) From: 1760K(2048K)->1376K(1536K)
[107.174s][info][gc,heap        ] GC(209) ParOldGen: 405244K(405504K)->405260K(405504K)
[107.174s][info][gc,metaspace   ] GC(209) Metaspace: 56075K(56384K)->56075K(56384K) NonClass: 47775K(48000K)->47775K(48000K) Class: 8299K(8384K)->8299K(8384K)
[107.174s][info][gc             ] GC(209) Pause Young (Allocation Failure) 532M->397M(528M) 3.528ms
[107.174s][info][gc,cpu         ] GC(209) User=0.01s Sys=0.00s Real=0.00s
[107.481s][info][gc,start       ] GC(210) Pause Young (Allocation Failure)
[107.484s][info][gc,heap        ] GC(210) PSYoungGen: 134728K(135168K)->1088K(131072K) Eden: 133352K(133632K)->0K(129536K) From: 1376K(1536K)->1088K(1536K)
[107.484s][info][gc,heap        ] GC(210) ParOldGen: 405260K(405504K)->405276K(405504K)
[107.484s][info][gc,metaspace   ] GC(210) Metaspace: 56075K(56384K)->56075K(56384K) NonClass: 47775K(48000K)->47775K(48000K) Class: 8299K(8384K)->8299K(8384K)
[107.484s][info][gc             ] GC(210) Pause Young (Allocation Failure) 527M->396M(524M) 3.329ms
[107.484s][info][gc,cpu         ] GC(210) User=0.00s Sys=0.01s Real=0.00s
[107.836s][info][gc,start       ] GC(211) Pause Young (Allocation Failure)
[107.838s][info][gc,heap        ] GC(211) PSYoungGen: 130624K(131072K)->285K(125952K) Eden: 129536K(129536K)->0K(125440K) From: 1088K(1536K)->285K(512K)
[107.838s][info][gc,heap        ] GC(211) ParOldGen: 405276K(405504K)->405292K(405504K)
[107.838s][info][gc,metaspace   ] GC(211) Metaspace: 56075K(56384K)->56075K(56384K) NonClass: 47775K(48000K)->47775K(48000K) Class: 8299K(8384K)->8299K(8384K)
[107.838s][info][gc             ] GC(211) Pause Young (Allocation Failure) 523M->396M(519M) 2.230ms
[107.838s][info][gc,cpu         ] GC(211) User=0.01s Sys=0.00s Real=0.01s
[108.136s][info][gc,start       ] GC(212) Pause Young (Allocation Failure)
[108.138s][info][gc,heap        ] GC(212) PSYoungGen: 125725K(125952K)->288K(121856K) Eden: 125440K(125440K)->0K(121344K) From: 285K(512K)->288K(512K)
[108.138s][info][gc,heap        ] GC(212) ParOldGen: 405292K(405504K)->405308K(405504K)
[108.138s][info][gc,metaspace   ] GC(212) Metaspace: 56075K(56384K)->56075K(56384K) NonClass: 47775K(48000K)->47775K(48000K) Class: 8299K(8384K)->8299K(8384K)
[108.138s][info][gc             ] GC(212) Pause Young (Allocation Failure) 518M->396M(515M) 1.935ms
[108.138s][info][gc,cpu         ] GC(212) User=0.00s Sys=0.00s Real=0.00s
[108.388s][info][gc,start       ] GC(213) Pause Young (Allocation Failure)
[108.391s][info][gc,heap        ] GC(213) PSYoungGen: 121584K(121856K)->800K(118784K) Eden: 121296K(121344K)->0K(117760K) From: 288K(512K)->800K(1024K)
[108.391s][info][gc,heap        ] GC(213) ParOldGen: 405308K(405504K)->405324K(405504K)
[108.391s][info][gc,metaspace   ] GC(213) Metaspace: 56076K(56384K)->56076K(56384K) NonClass: 47776K(48000K)->47776K(48000K) Class: 8299K(8384K)->8299K(8384K)
[108.391s][info][gc             ] GC(213) Pause Young (Allocation Failure) 514M->396M(512M) 2.874ms
[108.391s][info][gc,cpu         ] GC(213) User=0.01s Sys=0.00s Real=0.00s
[108.668s][info][gc,start       ] GC(214) Pause Young (Allocation Failure)
[108.673s][info][gc,heap        ] GC(214) PSYoungGen: 118560K(118784K)->2399K(143872K) Eden: 117760K(117760K)->0K(141312K) From: 800K(1024K)->2399K(2560K)
[108.673s][info][gc,heap        ] GC(214) ParOldGen: 405324K(405504K)->405340K(405504K)
[108.673s][info][gc,metaspace   ] GC(214) Metaspace: 56076K(56384K)->56076K(56384K) NonClass: 47776K(48000K)->47776K(48000K) Class: 8299K(8384K)->8299K(8384K)
[108.673s][info][gc             ] GC(214) Pause Young (Allocation Failure) 511M->398M(536M) 4.519ms
[108.673s][info][gc,cpu         ] GC(214) User=0.01s Sys=0.00s Real=0.00s
[109.041s][info][gc,start       ] GC(215) Pause Young (Allocation Failure)
[109.044s][info][gc,heap        ] GC(215) PSYoungGen: 143594K(143872K)->800K(137728K) Eden: 141195K(141312K)->0K(136704K) From: 2399K(2560K)->800K(1024K)
[109.044s][info][gc,heap        ] GC(215) ParOldGen: 405340K(405504K)->405356K(405504K)
[109.044s][info][gc,metaspace   ] GC(215) Metaspace: 56076K(56384K)->56076K(56384K) NonClass: 47776K(48000K)->47776K(48000K) Class: 8299K(8384K)->8299K(8384K)
[109.044s][info][gc             ] GC(215) Pause Young (Allocation Failure) 536M->396M(530M) 2.803ms
[109.044s][info][gc,cpu         ] GC(215) User=0.00s Sys=0.00s Real=0.00s
[109.356s][info][gc,start       ] GC(216) Pause Young (Allocation Failure)
[109.359s][info][gc,heap        ] GC(216) PSYoungGen: 137192K(137728K)->1472K(133632K) Eden: 136392K(136704K)->0K(132096K) From: 800K(1024K)->1472K(1536K)
[109.359s][info][gc,heap        ] GC(216) ParOldGen: 405356K(405504K)->405372K(405504K)
[109.359s][info][gc,metaspace   ] GC(216) Metaspace: 56076K(56384K)->56076K(56384K) NonClass: 47776K(48000K)->47776K(48000K) Class: 8299K(8384K)->8299K(8384K)
[109.359s][info][gc             ] GC(216) Pause Young (Allocation Failure) 529M->397M(526M) 3.759ms
[109.359s][info][gc,cpu         ] GC(216) User=0.00s Sys=0.00s Real=0.01s
[109.662s][info][gc,start       ] GC(217) Pause Young (Allocation Failure)
[109.666s][info][gc,heap        ] GC(217) PSYoungGen: 133568K(133632K)->2142K(161280K) Eden: 132096K(132096K)->0K(158720K) From: 1472K(1536K)->2142K(2560K)
[109.666s][info][gc,heap        ] GC(217) ParOldGen: 405372K(405504K)->405388K(405504K)
[109.666s][info][gc,metaspace   ] GC(217) Metaspace: 56076K(56384K)->56076K(56384K) NonClass: 47776K(48000K)->47776K(48000K) Class: 8299K(8384K)->8299K(8384K)
[109.666s][info][gc             ] GC(217) Pause Young (Allocation Failure) 526M->397M(553M) 3.728ms
[109.666s][info][gc,cpu         ] GC(217) User=0.00s Sys=0.00s Real=0.00s
[110.057s][info][gc,start       ] GC(218) Pause Young (Allocation Failure)
[110.060s][info][gc,heap        ] GC(218) PSYoungGen: 160862K(161280K)->1471K(155136K) Eden: 158720K(158720K)->0K(153600K) From: 2142K(2560K)->1471K(1536K)
[110.060s][info][gc,heap        ] GC(218) ParOldGen: 405388K(405504K)->405404K(405504K)
[110.060s][info][gc,metaspace   ] GC(218) Metaspace: 56076K(56384K)->56076K(56384K) NonClass: 47776K(48000K)->47776K(48000K) Class: 8299K(8384K)->8299K(8384K)
[110.060s][info][gc             ] GC(218) Pause Young (Allocation Failure) 552M->397M(547M) 3.340ms
[110.060s][info][gc,cpu         ] GC(218) User=0.01s Sys=0.00s Real=0.00s
[110.443s][info][gc,start       ] GC(219) Pause Young (Allocation Failure)
[110.446s][info][gc,heap        ] GC(219) PSYoungGen: 155071K(155136K)->1198K(150016K) Eden: 153600K(153600K)->0K(148480K) From: 1471K(1536K)->1198K(1536K)
[110.446s][info][gc,heap        ] GC(219) ParOldGen: 405404K(405504K)->405420K(405504K)
[110.446s][info][gc,metaspace   ] GC(219) Metaspace: 56076K(56384K)->56076K(56384K) NonClass: 47776K(48000K)->47776K(48000K) Class: 8299K(8384K)->8299K(8384K)
[110.446s][info][gc             ] GC(219) Pause Young (Allocation Failure) 547M->397M(542M) 2.739ms
[110.446s][info][gc,cpu         ] GC(219) User=0.00s Sys=0.00s Real=0.01s
[110.772s][info][gc,start       ] GC(220) Pause Young (Allocation Failure)
[110.776s][info][gc,heap        ] GC(220) PSYoungGen: 149678K(150016K)->2143K(145920K) Eden: 148480K(148480K)->0K(143360K) From: 1198K(1536K)->2143K(2560K)
[110.776s][info][gc,heap        ] GC(220) ParOldGen: 405420K(405504K)->405436K(405504K)
[110.776s][info][gc,metaspace   ] GC(220) Metaspace: 56076K(56384K)->56076K(56384K) NonClass: 47776K(48000K)->47776K(48000K) Class: 8299K(8384K)->8299K(8384K)
[110.776s][info][gc             ] GC(220) Pause Young (Allocation Failure) 542M->398M(538M) 4.273ms
[110.776s][info][gc,cpu         ] GC(220) User=0.01s Sys=0.00s Real=0.01s
[111.155s][info][gc,start       ] GC(221) Pause Young (Allocation Failure)
[111.157s][info][gc,heap        ] GC(221) PSYoungGen: 145503K(145920K)->735K(139776K) Eden: 143360K(143360K)->0K(138752K) From: 2143K(2560K)->735K(1024K)
[111.157s][info][gc,heap        ] GC(221) ParOldGen: 405436K(405504K)->405452K(405504K)
[111.157s][info][gc,metaspace   ] GC(221) Metaspace: 56076K(56384K)->56076K(56384K) NonClass: 47776K(48000K)->47776K(48000K) Class: 8299K(8384K)->8299K(8384K)
[111.157s][info][gc             ] GC(221) Pause Young (Allocation Failure) 538M->396M(532M) 2.389ms
[111.157s][info][gc,cpu         ] GC(221) User=0.00s Sys=0.00s Real=0.01s
[111.464s][info][gc,start       ] GC(222) Pause Young (Allocation Failure)
[111.467s][info][gc,heap        ] GC(222) PSYoungGen: 139487K(139776K)->1631K(136192K) Eden: 138752K(138752K)->0K(134144K) From: 735K(1024K)->1631K(2048K)
[111.467s][info][gc,heap        ] GC(222) ParOldGen: 405452K(405504K)->405468K(405504K)
[111.467s][info][gc,metaspace   ] GC(222) Metaspace: 56076K(56384K)->56076K(56384K) NonClass: 47776K(48000K)->47776K(48000K) Class: 8299K(8384K)->8299K(8384K)
[111.467s][info][gc             ] GC(222) Pause Young (Allocation Failure) 532M->397M(529M) 3.457ms
[111.467s][info][gc,cpu         ] GC(222) User=0.01s Sys=0.00s Real=0.01s
[111.773s][info][gc,start       ] GC(223) Pause Young (Allocation Failure)
[111.777s][info][gc,heap        ] GC(223) PSYoungGen: 135775K(136192K)->1855K(132096K) Eden: 134144K(134144K)->0K(130048K) From: 1631K(2048K)->1855K(2048K)
[111.777s][info][gc,heap        ] GC(223) ParOldGen: 405468K(405504K)->405484K(405504K)
[111.777s][info][gc,metaspace   ] GC(223) Metaspace: 56076K(56384K)->56076K(56384K) NonClass: 47776K(48000K)->47776K(48000K) Class: 8299K(8384K)->8299K(8384K)
[111.777s][info][gc             ] GC(223) Pause Young (Allocation Failure) 528M->397M(525M) 4.018ms
[111.777s][info][gc,cpu         ] GC(223) User=0.00s Sys=0.00s Real=0.01s
[112.308s][info][gc,start       ] GC(224) Pause Young (Allocation Failure)
[112.312s][info][gc,heap        ] GC(224) PSYoungGen: 131903K(132096K)->1055K(127488K) Eden: 130048K(130048K)->0K(125952K) From: 1855K(2048K)->1055K(1536K)
[112.312s][info][gc,heap        ] GC(224) ParOldGen: 405484K(405504K)->405500K(405504K)
[112.312s][info][gc,metaspace   ] GC(224) Metaspace: 56076K(56384K)->56076K(56384K) NonClass: 47776K(48000K)->47776K(48000K) Class: 8299K(8384K)->8299K(8384K)
[112.312s][info][gc             ] GC(224) Pause Young (Allocation Failure) 524M->397M(520M) 3.946ms
[112.312s][info][gc,cpu         ] GC(224) User=0.01s Sys=0.00s Real=0.00s
[112.494s][info][gc,start       ] GC(225) Pause Young (Allocation Failure)
[112.497s][info][gc,heap        ] GC(225) PSYoungGen: 127007K(127488K)->575K(122880K) Eden: 125952K(125952K)->0K(121856K) From: 1055K(1536K)->575K(1024K)
[112.497s][info][gc,heap        ] GC(225) ParOldGen: 405500K(405504K)->405516K(406016K)
[112.497s][info][gc,metaspace   ] GC(225) Metaspace: 56076K(56384K)->56076K(56384K) NonClass: 47776K(48000K)->47776K(48000K) Class: 8299K(8384K)->8299K(8384K)
[112.497s][info][gc             ] GC(225) Pause Young (Allocation Failure) 520M->396M(516M) 2.313ms
[112.497s][info][gc,cpu         ] GC(225) User=0.00s Sys=0.00s Real=0.01s
[113.645s][info][gc,start       ] GC(226) Pause Young (Allocation Failure)
[113.647s][info][gc,heap        ] GC(226) PSYoungGen: 89954K(122880K)->64K(118784K) Eden: 89379K(121856K)->0K(118272K) From: 575K(1024K)->64K(512K)
[113.647s][info][gc,heap        ] GC(226) ParOldGen: 405516K(406016K)->405532K(406016K)
[113.647s][info][gc,metaspace   ] GC(226) Metaspace: 56087K(56384K)->56087K(56384K) NonClass: 47787K(48000K)->47787K(48000K) Class: 8299K(8384K)->8299K(8384K)
[113.647s][info][gc             ] GC(226) Pause Young (Allocation Failure) 483M->396M(512M) 1.835ms
[113.647s][info][gc,cpu         ] GC(226) User=0.01s Sys=0.00s Real=0.01s
[115.057s][info][gc,start       ] GC(227) Pause Young (Allocation Failure)
[115.107s][info][gc,heap        ] GC(227) PSYoungGen: 118336K(118784K)->3048K(145408K) Eden: 118272K(118272K)->0K(142336K) From: 64K(512K)->3048K(3072K)
[115.107s][info][gc,heap        ] GC(227) ParOldGen: 405532K(406016K)->485721K(485888K)
[115.107s][info][gc,metaspace   ] GC(227) Metaspace: 56394K(56704K)->56394K(56704K) NonClass: 48094K(48320K)->48094K(48320K) Class: 8299K(8384K)->8299K(8384K)
[115.107s][info][gc             ] GC(227) Pause Young (Allocation Failure) 511M->477M(616M) 49.921ms
[115.107s][info][gc,cpu         ] GC(227) User=0.04s Sys=0.06s Real=0.05s
[115.389s][info][gc,start       ] GC(228) Pause Young (Allocation Failure)
[115.419s][info][gc,heap        ] GC(228) PSYoungGen: 145384K(145408K)->21935K(175616K) Eden: 142336K(142336K)->0K(142336K) From: 3048K(3072K)->21935K(33280K)
[115.419s][info][gc,heap        ] GC(228) ParOldGen: 485721K(485888K)->488757K(488960K)
[115.419s][info][gc,metaspace   ] GC(228) Metaspace: 56394K(56704K)->56394K(56704K) NonClass: 48094K(48320K)->48094K(48320K) Class: 8299K(8384K)->8299K(8384K)
[115.419s][info][gc             ] GC(228) Pause Young (Allocation Failure) 616M->498M(649M) 29.473ms
[115.419s][info][gc,cpu         ] GC(228) User=0.04s Sys=0.00s Real=0.03s
[115.663s][info][gc,start       ] GC(229) Pause Young (Allocation Failure)
[115.681s][info][gc,heap        ] GC(229) PSYoungGen: 164053K(175616K)->2048K(204288K) Eden: 142117K(142336K)->0K(171008K) From: 21935K(33280K)->2048K(33280K)
[115.681s][info][gc,heap        ] GC(229) ParOldGen: 488757K(488960K)->508638K(508928K)
[115.681s][info][gc,metaspace   ] GC(229) Metaspace: 56394K(56704K)->56394K(56704K) NonClass: 48094K(48320K)->48094K(48320K) Class: 8299K(8384K)->8299K(8384K)
[115.682s][info][gc             ] GC(229) Pause Young (Allocation Failure) 637M->498M(696M) 18.148ms
[115.682s][info][gc,cpu         ] GC(229) User=0.02s Sys=0.02s Real=0.02s
[116.083s][info][gc,start       ] GC(230) Pause Young (Allocation Failure)
[116.086s][info][gc,heap        ] GC(230) PSYoungGen: 173056K(204288K)->1279K(205312K) Eden: 171008K(171008K)->0K(171008K) From: 2048K(33280K)->1279K(34304K)
[116.086s][info][gc,heap        ] GC(230) ParOldGen: 508638K(508928K)->508654K(508928K)
[116.086s][info][gc,metaspace   ] GC(230) Metaspace: 56394K(56704K)->56394K(56704K) NonClass: 48094K(48320K)->48094K(48320K) Class: 8299K(8384K)->8299K(8384K)
[116.086s][info][gc             ] GC(230) Pause Young (Allocation Failure) 665M->497M(697M) 3.358ms
[116.086s][info][gc,cpu         ] GC(230) User=0.00s Sys=0.00s Real=0.01s
[116.537s][info][gc,start       ] GC(231) Pause Young (Allocation Failure)
[116.541s][info][gc,heap        ] GC(231) PSYoungGen: 172287K(205312K)->500K(237568K) Eden: 171008K(171008K)->0K(205312K) From: 1279K(34304K)->500K(32256K)
[116.541s][info][gc,heap        ] GC(231) ParOldGen: 508654K(508928K)->508670K(508928K)
[116.541s][info][gc,metaspace   ] GC(231) Metaspace: 56394K(56704K)->56394K(56704K) NonClass: 48094K(48320K)->48094K(48320K) Class: 8299K(8384K)->8299K(8384K)
[116.541s][info][gc             ] GC(231) Pause Young (Allocation Failure) 664M->497M(729M) 3.510ms
[116.541s][info][gc,cpu         ] GC(231) User=0.01s Sys=0.00s Real=0.00s
[117.037s][info][gc,start       ] GC(232) Pause Young (Allocation Failure)
[117.039s][info][gc,heap        ] GC(232) PSYoungGen: 205812K(237568K)->446K(238080K) Eden: 205312K(205312K)->0K(205312K) From: 500K(32256K)->446K(32768K)
[117.039s][info][gc,heap        ] GC(232) ParOldGen: 508670K(508928K)->508686K(508928K)
[117.039s][info][gc,metaspace   ] GC(232) Metaspace: 56394K(56704K)->56394K(56704K) NonClass: 48094K(48320K)->48094K(48320K) Class: 8299K(8384K)->8299K(8384K)
[117.039s][info][gc             ] GC(232) Pause Young (Allocation Failure) 697M->497M(729M) 2.512ms
[117.040s][info][gc,cpu         ] GC(232) User=0.00s Sys=0.00s Real=0.00s
[117.536s][info][gc,start       ] GC(233) Pause Young (Allocation Failure)
[117.538s][info][gc,heap        ] GC(233) PSYoungGen: 205758K(238080K)->224K(275968K) Eden: 205312K(205312K)->0K(246784K) From: 446K(32768K)->224K(29184K)
[117.538s][info][gc,heap        ] GC(233) ParOldGen: 508686K(508928K)->508702K(508928K)
[117.538s][info][gc,metaspace   ] GC(233) Metaspace: 56394K(56704K)->56394K(56704K) NonClass: 48094K(48320K)->48094K(48320K) Class: 8299K(8384K)->8299K(8384K)
[117.538s][info][gc             ] GC(233) Pause Young (Allocation Failure) 697M->496M(766M) 2.244ms
[117.538s][info][gc,cpu         ] GC(233) User=0.01s Sys=0.00s Real=0.01s
[118.103s][info][gc,start       ] GC(234) Pause Young (Allocation Failure)
[118.106s][info][gc,heap        ] GC(234) PSYoungGen: 246818K(275968K)->736K(276992K) Eden: 246594K(246784K)->0K(246784K) From: 224K(29184K)->736K(30208K)
[118.106s][info][gc,heap        ] GC(234) ParOldGen: 508702K(508928K)->508718K(508928K)
[118.106s][info][gc,metaspace   ] GC(234) Metaspace: 56394K(56704K)->56394K(56704K) NonClass: 48094K(48320K)->48094K(48320K) Class: 8299K(8384K)->8299K(8384K)
[118.106s][info][gc             ] GC(234) Pause Young (Allocation Failure) 737M->497M(767M) 3.130ms
[118.106s][info][gc,cpu         ] GC(234) User=0.01s Sys=0.00s Real=0.00s
[118.678s][info][gc,start       ] GC(235) Pause Young (Allocation Failure)
[118.683s][info][gc,heap        ] GC(235) PSYoungGen: 247520K(276992K)->1535K(302080K) Eden: 246784K(246784K)->0K(274944K) From: 736K(30208K)->1535K(27136K)
[118.683s][info][gc,heap        ] GC(235) ParOldGen: 508718K(508928K)->508734K(508928K)
[118.683s][info][gc,metaspace   ] GC(235) Metaspace: 56394K(56704K)->56394K(56704K) NonClass: 48094K(48320K)->48094K(48320K) Class: 8299K(8384K)->8299K(8384K)
[118.683s][info][gc             ] GC(235) Pause Young (Allocation Failure) 738M->498M(792M) 4.181ms
[118.683s][info][gc,cpu         ] GC(235) User=0.00s Sys=0.00s Real=0.00s
[119.368s][info][gc,start       ] GC(236) Pause Young (Allocation Failure)
[119.371s][info][gc,heap        ] GC(236) PSYoungGen: 276479K(302080K)->1630K(302592K) Eden: 274944K(274944K)->0K(274944K) From: 1535K(27136K)->1630K(27648K)
[119.371s][info][gc,heap        ] GC(236) ParOldGen: 508734K(508928K)->508750K(508928K)
[119.371s][info][gc,metaspace   ] GC(236) Metaspace: 56394K(56704K)->56394K(56704K) NonClass: 48094K(48320K)->48094K(48320K) Class: 8299K(8384K)->8299K(8384K)
[119.371s][info][gc             ] GC(236) Pause Young (Allocation Failure) 766M->498M(792M) 3.878ms
[119.371s][info][gc,cpu         ] GC(236) User=0.01s Sys=0.00s Real=0.00s
[120.041s][info][gc,start       ] GC(237) Pause Young (Allocation Failure)
[120.044s][info][gc,heap        ] GC(237) PSYoungGen: 276574K(302592K)->735K(272384K) Eden: 274944K(274944K)->0K(264192K) From: 1630K(27648K)->735K(8192K)
[120.044s][info][gc,heap        ] GC(237) ParOldGen: 508750K(508928K)->508766K(508928K)
[120.044s][info][gc,metaspace   ] GC(237) Metaspace: 56394K(56704K)->56394K(56704K) NonClass: 48094K(48320K)->48094K(48320K) Class: 8299K(8384K)->8299K(8384K)
[120.044s][info][gc             ] GC(237) Pause Young (Allocation Failure) 766M->497M(763M) 3.115ms
[120.044s][info][gc,cpu         ] GC(237) User=0.01s Sys=0.00s Real=0.00s
[120.658s][info][gc,start       ] GC(238) Pause Young (Allocation Failure)
[120.664s][info][gc,heap        ] GC(238) PSYoungGen: 264927K(272384K)->1984K(256000K) Eden: 264192K(264192K)->0K(253952K) From: 735K(8192K)->1984K(2048K)
[120.664s][info][gc,heap        ] GC(238) ParOldGen: 508766K(508928K)->508782K(508928K)
[120.664s][info][gc,metaspace   ] GC(238) Metaspace: 56394K(56704K)->56394K(56704K) NonClass: 48094K(48320K)->48094K(48320K) Class: 8299K(8384K)->8299K(8384K)
[120.664s][info][gc             ] GC(238) Pause Young (Allocation Failure) 755M->498M(747M) 5.637ms
[120.664s][info][gc,cpu         ] GC(238) User=0.01s Sys=0.00s Real=0.00s
[121.266s][info][gc,start       ] GC(239) Pause Young (Allocation Failure)
[121.272s][info][gc,heap        ] GC(239) PSYoungGen: 255936K(256000K)->2430K(248832K) Eden: 253952K(253952K)->0K(244224K) From: 1984K(2048K)->2430K(4608K)
[121.272s][info][gc,heap        ] GC(239) ParOldGen: 508782K(508928K)->508798K(508928K)
[121.272s][info][gc,metaspace   ] GC(239) Metaspace: 56401K(56704K)->56401K(56704K) NonClass: 48101K(48320K)->48101K(48320K) Class: 8299K(8384K)->8299K(8384K)
[121.272s][info][gc             ] GC(239) Pause Young (Allocation Failure) 746M->499M(740M) 6.228ms
[121.272s][info][gc,cpu         ] GC(239) User=0.01s Sys=0.00s Real=0.00s
[121.854s][info][gc,start       ] GC(240) Pause Young (Allocation Failure)
[121.858s][info][gc,heap        ] GC(240) PSYoungGen: 246654K(248832K)->1919K(237056K) Eden: 244224K(244224K)->0K(235008K) From: 2430K(4608K)->1919K(2048K)
[121.858s][info][gc,heap        ] GC(240) ParOldGen: 508798K(508928K)->508814K(508928K)
[121.858s][info][gc,metaspace   ] GC(240) Metaspace: 56401K(56704K)->56401K(56704K) NonClass: 48101K(48320K)->48101K(48320K) Class: 8299K(8384K)->8299K(8384K)
[121.858s][info][gc             ] GC(240) Pause Young (Allocation Failure) 737M->498M(728M) 4.151ms
[121.858s][info][gc,cpu         ] GC(240) User=0.01s Sys=0.00s Real=0.01s
[122.443s][info][gc,start       ] GC(241) Pause Young (Allocation Failure)
[122.447s][info][gc,heap        ] GC(241) PSYoungGen: 236927K(237056K)->784K(228864K) Eden: 235008K(235008K)->0K(226304K) From: 1919K(2048K)->784K(2560K)
[122.447s][info][gc,heap        ] GC(241) ParOldGen: 508814K(508928K)->508830K(508928K)
[122.447s][info][gc,metaspace   ] GC(241) Metaspace: 56402K(56704K)->56402K(56704K) NonClass: 48102K(48320K)->48102K(48320K) Class: 8299K(8384K)->8299K(8384K)
[122.447s][info][gc             ] GC(241) Pause Young (Allocation Failure) 728M->497M(720M) 3.897ms
[122.447s][info][gc,cpu         ] GC(241) User=0.01s Sys=0.00s Real=0.01s
[122.966s][info][gc,start       ] GC(242) Pause Young (Allocation Failure)
[122.971s][info][gc,heap        ] GC(242) PSYoungGen: 227088K(228864K)->2207K(220160K) Eden: 226304K(226304K)->0K(217600K) From: 784K(2560K)->2207K(2560K)
[122.971s][info][gc,heap        ] GC(242) ParOldGen: 508830K(508928K)->508846K(508928K)
[122.971s][info][gc,metaspace   ] GC(242) Metaspace: 56402K(56704K)->56402K(56704K) NonClass: 48102K(48320K)->48102K(48320K) Class: 8299K(8384K)->8299K(8384K)
[122.971s][info][gc             ] GC(242) Pause Young (Allocation Failure) 718M->499M(712M) 4.626ms
[122.971s][info][gc,cpu         ] GC(242) User=0.01s Sys=0.00s Real=0.00s
[123.489s][info][gc,start       ] GC(243) Pause Young (Allocation Failure)
[123.492s][info][gc,heap        ] GC(243) PSYoungGen: 219807K(220160K)->156K(209920K) Eden: 217600K(217600K)->0K(209408K) From: 2207K(2560K)->156K(512K)
[123.492s][info][gc,heap        ] GC(243) ParOldGen: 508846K(508928K)->508862K(508928K)
[123.492s][info][gc,metaspace   ] GC(243) Metaspace: 56402K(56704K)->56402K(56704K) NonClass: 48102K(48320K)->48102K(48320K) Class: 8299K(8384K)->8299K(8384K)
[123.492s][info][gc             ] GC(243) Pause Young (Allocation Failure) 711M->497M(702M) 3.307ms
[123.492s][info][gc,cpu         ] GC(243) User=0.00s Sys=0.00s Real=0.00s
[124.036s][info][gc,start       ] GC(244) Pause Young (Allocation Failure)
[124.039s][info][gc,heap        ] GC(244) PSYoungGen: 209564K(209920K)->223K(219136K) Eden: 209408K(209408K)->0K(201728K) From: 156K(512K)->223K(17408K)
[124.039s][info][gc,heap        ] GC(244) ParOldGen: 508862K(508928K)->508878K(508928K)
[124.039s][info][gc,metaspace   ] GC(244) Metaspace: 56402K(56704K)->56402K(56704K) NonClass: 48102K(48320K)->48102K(48320K) Class: 8299K(8384K)->8299K(8384K)
[124.039s][info][gc             ] GC(244) Pause Young (Allocation Failure) 701M->497M(711M) 2.143ms
[124.039s][info][gc,cpu         ] GC(244) User=0.01s Sys=0.00s Real=0.00s
[124.478s][info][gc,start       ] GC(245) Pause Young (Allocation Failure)
[124.483s][info][gc,heap        ] GC(245) PSYoungGen: 201951K(219136K)->1375K(196096K) Eden: 201728K(201728K)->0K(194560K) From: 223K(17408K)->1375K(1536K)
[124.483s][info][gc,heap        ] GC(245) ParOldGen: 508878K(508928K)->508894K(508928K)
[124.483s][info][gc,metaspace   ] GC(245) Metaspace: 56402K(56704K)->56402K(56704K) NonClass: 48103K(48320K)->48103K(48320K) Class: 8299K(8384K)->8299K(8384K)
[124.483s][info][gc             ] GC(245) Pause Young (Allocation Failure) 694M->498M(688M) 4.424ms
[124.483s][info][gc,cpu         ] GC(245) User=0.01s Sys=0.01s Real=0.00s
[124.970s][info][gc,start       ] GC(246) Pause Young (Allocation Failure)
[124.974s][info][gc,heap        ] GC(246) PSYoungGen: 195935K(196096K)->1727K(202752K) Eden: 194560K(194560K)->0K(187392K) From: 1375K(1536K)->1727K(15360K)
[124.974s][info][gc,heap        ] GC(246) ParOldGen: 508894K(508928K)->508910K(508928K)
[124.974s][info][gc,metaspace   ] GC(246) Metaspace: 56402K(56704K)->56402K(56704K) NonClass: 48103K(48320K)->48103K(48320K) Class: 8299K(8384K)->8299K(8384K)
[124.974s][info][gc             ] GC(246) Pause Young (Allocation Failure) 688M->498M(695M) 3.914ms
[124.974s][info][gc,cpu         ] GC(246) User=0.01s Sys=0.00s Real=0.00s
[125.438s][info][gc,start       ] GC(247) Pause Young (Allocation Failure)
[125.441s][info][gc,heap        ] GC(247) PSYoungGen: 189119K(202752K)->402K(181248K) Eden: 187392K(187392K)->0K(180736K) From: 1727K(15360K)->402K(512K)
[125.441s][info][gc,heap        ] GC(247) ParOldGen: 508910K(508928K)->508926K(508928K)
[125.441s][info][gc,metaspace   ] GC(247) Metaspace: 56402K(56704K)->56402K(56704K) NonClass: 48103K(48320K)->48103K(48320K) Class: 8299K(8384K)->8299K(8384K)
[125.441s][info][gc             ] GC(247) Pause Young (Allocation Failure) 681M->497M(674M) 3.156ms
[125.441s][info][gc,cpu         ] GC(247) User=0.00s Sys=0.00s Real=0.00s
[125.888s][info][gc,start       ] GC(248) Pause Young (Allocation Failure)
[125.900s][info][gc,heap        ] GC(248) PSYoungGen: 181138K(181248K)->2975K(202752K) Eden: 180736K(180736K)->0K(189440K) From: 402K(512K)->2975K(13312K)
[125.900s][info][gc,heap        ] GC(248) ParOldGen: 508926K(508928K)->508942K(509440K)
[125.900s][info][gc,metaspace   ] GC(248) Metaspace: 56402K(56704K)->56402K(56704K) NonClass: 48103K(48320K)->48103K(48320K) Class: 8299K(8384K)->8299K(8384K)
[125.900s][info][gc             ] GC(248) Pause Young (Allocation Failure) 673M->499M(695M) 12.509ms
[125.900s][info][gc,cpu         ] GC(248) User=0.01s Sys=0.00s Real=0.01s
[126.336s][info][gc,start       ] GC(249) Pause Young (Allocation Failure)
[126.340s][info][gc,heap        ] GC(249) PSYoungGen: 192415K(202752K)->990K(230912K) Eden: 189439K(189440K)->0K(218112K) From: 2975K(13312K)->990K(12800K)
[126.340s][info][gc,heap        ] GC(249) ParOldGen: 508942K(509440K)->508958K(509440K)
[126.340s][info][gc,metaspace   ] GC(249) Metaspace: 56407K(56704K)->56407K(56704K) NonClass: 48107K(48320K)->48107K(48320K) Class: 8299K(8384K)->8299K(8384K)
[126.340s][info][gc             ] GC(249) Pause Young (Allocation Failure) 684M->497M(723M) 3.777ms
[126.340s][info][gc,cpu         ] GC(249) User=0.00s Sys=0.00s Real=0.00s
[126.914s][info][gc,start       ] GC(250) Pause Young (Allocation Failure)
[126.918s][info][gc,heap        ] GC(250) PSYoungGen: 219056K(230912K)->1280K(211456K) Eden: 218066K(218112K)->0K(209920K) From: 990K(12800K)->1280K(1536K)
[126.918s][info][gc,heap        ] GC(250) ParOldGen: 508958K(509440K)->508974K(509440K)
[126.918s][info][gc,metaspace   ] GC(250) Metaspace: 56412K(56704K)->56412K(56704K) NonClass: 48112K(48320K)->48112K(48320K) Class: 8299K(8384K)->8299K(8384K)
[126.918s][info][gc             ] GC(250) Pause Young (Allocation Failure) 710M->498M(704M) 3.956ms
[126.918s][info][gc,cpu         ] GC(250) User=0.01s Sys=0.00s Real=0.01s
[127.353s][info][gc,start       ] GC(251) Pause Young (Allocation Failure)
[127.358s][info][gc,heap        ] GC(251) PSYoungGen: 211200K(211456K)->2302K(204800K) Eden: 209920K(209920K)->0K(202240K) From: 1280K(1536K)->2302K(2560K)
[127.358s][info][gc,heap        ] GC(251) ParOldGen: 508974K(509440K)->508990K(509440K)
[127.358s][info][gc,metaspace   ] GC(251) Metaspace: 56412K(56704K)->56412K(56704K) NonClass: 48112K(48320K)->48112K(48320K) Class: 8299K(8384K)->8299K(8384K)
[127.358s][info][gc             ] GC(251) Pause Young (Allocation Failure) 703M->499M(697M) 5.166ms
[127.358s][info][gc,cpu         ] GC(251) User=0.01s Sys=0.00s Real=0.01s
[127.848s][info][gc,start       ] GC(252) Pause Young (Allocation Failure)
[127.852s][info][gc,heap        ] GC(252) PSYoungGen: 204370K(204800K)->1280K(196608K) Eden: 202068K(202240K)->0K(195072K) From: 2302K(2560K)->1280K(1536K)
[127.852s][info][gc,heap        ] GC(252) ParOldGen: 508990K(509440K)->509006K(509440K)
[127.852s][info][gc,metaspace   ] GC(252) Metaspace: 56412K(56704K)->56412K(56704K) NonClass: 48112K(48320K)->48112K(48320K) Class: 8299K(8384K)->8299K(8384K)
[127.852s][info][gc             ] GC(252) Pause Young (Allocation Failure) 696M->498M(689M) 3.655ms
[127.852s][info][gc,cpu         ] GC(252) User=0.00s Sys=0.00s Real=0.00s
[128.336s][info][gc,start       ] GC(253) Pause Young (Allocation Failure)
[128.338s][info][gc,heap        ] GC(253) PSYoungGen: 196352K(196608K)->192K(188416K) Eden: 195072K(195072K)->0K(187904K) From: 1280K(1536K)->192K(512K)
[128.338s][info][gc,heap        ] GC(253) ParOldGen: 509006K(509440K)->509022K(509440K)
[128.338s][info][gc,metaspace   ] GC(253) Metaspace: 56412K(56704K)->56412K(56704K) NonClass: 48112K(48320K)->48112K(48320K) Class: 8299K(8384K)->8299K(8384K)
[128.339s][info][gc             ] GC(253) Pause Young (Allocation Failure) 688M->497M(681M) 2.594ms
[128.339s][info][gc,cpu         ] GC(253) User=0.01s Sys=0.00s Real=0.00s
[128.771s][info][gc,start       ] GC(254) Pause Young (Allocation Failure)
[128.774s][info][gc,heap        ] GC(254) PSYoungGen: 188096K(188416K)->1280K(190464K) Eden: 187904K(187904K)->0K(181248K) From: 192K(512K)->1280K(9216K)
[128.774s][info][gc,heap        ] GC(254) ParOldGen: 509022K(509440K)->509038K(509440K)
[128.774s][info][gc,metaspace   ] GC(254) Metaspace: 56412K(56704K)->56412K(56704K) NonClass: 48112K(48320K)->48112K(48320K) Class: 8299K(8384K)->8299K(8384K)
[128.774s][info][gc             ] GC(254) Pause Young (Allocation Failure) 680M->498M(683M) 3.425ms
[128.774s][info][gc,cpu         ] GC(254) User=0.01s Sys=0.00s Real=0.00s
[129.182s][info][gc,start       ] GC(255) Pause Young (Allocation Failure)
[129.185s][info][gc,heap        ] GC(255) PSYoungGen: 182300K(190464K)->416K(175616K) Eden: 181020K(181248K)->0K(175104K) From: 1280K(9216K)->416K(512K)
[129.185s][info][gc,heap        ] GC(255) ParOldGen: 509038K(509440K)->509054K(509440K)
[129.185s][info][gc,metaspace   ] GC(255) Metaspace: 56412K(56704K)->56412K(56704K) NonClass: 48112K(48320K)->48112K(48320K) Class: 8299K(8384K)->8299K(8384K)
[129.185s][info][gc             ] GC(255) Pause Young (Allocation Failure) 675M->497M(669M) 3.113ms
[129.185s][info][gc,cpu         ] GC(255) User=0.00s Sys=0.00s Real=0.00s
[129.644s][info][gc,start       ] GC(256) Pause Young (Allocation Failure)
[129.646s][info][gc,heap        ] GC(256) PSYoungGen: 175520K(175616K)->704K(177152K) Eden: 175104K(175104K)->0K(168960K) From: 416K(512K)->704K(8192K)
[129.646s][info][gc,heap        ] GC(256) ParOldGen: 509054K(509440K)->509070K(509440K)
[129.646s][info][gc,metaspace   ] GC(256) Metaspace: 56412K(56704K)->56412K(56704K) NonClass: 48112K(48320K)->48112K(48320K) Class: 8299K(8384K)->8299K(8384K)
[129.646s][info][gc             ] GC(256) Pause Young (Allocation Failure) 668M->497M(670M) 2.752ms
[129.646s][info][gc,cpu         ] GC(256) User=0.00s Sys=0.00s Real=0.01s
[130.049s][info][gc,start       ] GC(257) Pause Young (Allocation Failure)
[130.053s][info][gc,heap        ] GC(257) PSYoungGen: 169664K(177152K)->1503K(164864K) Eden: 168960K(168960K)->0K(163328K) From: 704K(8192K)->1503K(1536K)
[130.053s][info][gc,heap        ] GC(257) ParOldGen: 509070K(509440K)->509086K(509440K)
[130.053s][info][gc,metaspace   ] GC(257) Metaspace: 56412K(56704K)->56412K(56704K) NonClass: 48112K(48320K)->48112K(48320K) Class: 8299K(8384K)->8299K(8384K)
[130.053s][info][gc             ] GC(257) Pause Young (Allocation Failure) 662M->498M(658M) 3.861ms
[130.053s][info][gc,cpu         ] GC(257) User=0.01s Sys=0.00s Real=0.00s
[130.444s][info][gc,start       ] GC(258) Pause Young (Allocation Failure)
[130.447s][info][gc,heap        ] GC(258) PSYoungGen: 164831K(164864K)->1151K(159232K) Eden: 163328K(163328K)->0K(157696K) From: 1503K(1536K)->1151K(1536K)
[130.447s][info][gc,heap        ] GC(258) ParOldGen: 509086K(509440K)->509102K(509440K)
[130.447s][info][gc,metaspace   ] GC(258) Metaspace: 56412K(56704K)->56412K(56704K) NonClass: 48112K(48320K)->48112K(48320K) Class: 8299K(8384K)->8299K(8384K)
[130.447s][info][gc             ] GC(258) Pause Young (Allocation Failure) 658M->498M(653M) 3.048ms
[130.447s][info][gc,cpu         ] GC(258) User=0.00s Sys=0.00s Real=0.01s
[130.791s][info][gc,start       ] GC(259) Pause Young (Allocation Failure)
[130.794s][info][gc,heap        ] GC(259) PSYoungGen: 158847K(159232K)->703K(153600K) Eden: 157696K(157696K)->0K(152576K) From: 1151K(1536K)->703K(1024K)
[130.794s][info][gc,heap        ] GC(259) ParOldGen: 509102K(509440K)->509118K(509440K)
[130.794s][info][gc,metaspace   ] GC(259) Metaspace: 56412K(56704K)->56412K(56704K) NonClass: 48112K(48320K)->48112K(48320K) Class: 8299K(8384K)->8299K(8384K)
[130.794s][info][gc             ] GC(259) Pause Young (Allocation Failure) 652M->497M(647M) 2.682ms
[130.794s][info][gc,cpu         ] GC(259) User=0.00s Sys=0.00s Real=0.00s
[131.165s][info][gc,start       ] GC(260) Pause Young (Allocation Failure)
[131.169s][info][gc,heap        ] GC(260) PSYoungGen: 153279K(153600K)->1823K(154112K) Eden: 152576K(152576K)->0K(147456K) From: 703K(1024K)->1823K(6656K)
[131.169s][info][gc,heap        ] GC(260) ParOldGen: 509118K(509440K)->509134K(509440K)
[131.169s][info][gc,metaspace   ] GC(260) Metaspace: 56412K(56704K)->56412K(56704K) NonClass: 48112K(48320K)->48112K(48320K) Class: 8299K(8384K)->8299K(8384K)
[131.169s][info][gc             ] GC(260) Pause Young (Allocation Failure) 646M->498M(648M) 3.890ms
[131.169s][info][gc,cpu         ] GC(260) User=0.00s Sys=0.00s Real=0.01s
[131.547s][info][gc,start       ] GC(261) Pause Young (Allocation Failure)
[131.551s][info][gc,heap        ] GC(261) PSYoungGen: 149279K(154112K)->960K(143872K) Eden: 147456K(147456K)->0K(142848K) From: 1823K(6656K)->960K(1024K)
[131.551s][info][gc,heap        ] GC(261) ParOldGen: 509134K(509440K)->509150K(509440K)
[131.551s][info][gc,metaspace   ] GC(261) Metaspace: 56412K(56704K)->56412K(56704K) NonClass: 48112K(48320K)->48112K(48320K) Class: 8299K(8384K)->8299K(8384K)
[131.551s][info][gc             ] GC(261) Pause Young (Allocation Failure) 642M->498M(638M) 3.510ms
[131.551s][info][gc,cpu         ] GC(261) User=0.01s Sys=0.00s Real=0.00s
[131.870s][info][gc,start       ] GC(262) Pause Young (Allocation Failure)
[131.874s][info][gc,heap        ] GC(262) PSYoungGen: 143808K(143872K)->2335K(140800K) Eden: 142848K(142848K)->0K(138240K) From: 960K(1024K)->2335K(2560K)
[131.874s][info][gc,heap        ] GC(262) ParOldGen: 509150K(509440K)->509166K(509440K)
[131.874s][info][gc,metaspace   ] GC(262) Metaspace: 56412K(56704K)->56412K(56704K) NonClass: 48112K(48320K)->48112K(48320K) Class: 8299K(8384K)->8299K(8384K)
[131.874s][info][gc             ] GC(262) Pause Young (Allocation Failure) 637M->499M(635M) 4.620ms
[131.874s][info][gc,cpu         ] GC(262) User=0.01s Sys=0.00s Real=0.00s
[132.237s][info][gc,start       ] GC(263) Pause Young (Allocation Failure)
[132.239s][info][gc,heap        ] GC(263) PSYoungGen: 140575K(140800K)->362K(134144K) Eden: 138240K(138240K)->0K(133632K) From: 2335K(2560K)->362K(512K)
[132.239s][info][gc,heap        ] GC(263) ParOldGen: 509166K(509440K)->509182K(509440K)
[132.239s][info][gc,metaspace   ] GC(263) Metaspace: 56412K(56704K)->56412K(56704K) NonClass: 48112K(48320K)->48112K(48320K) Class: 8299K(8384K)->8299K(8384K)
[132.239s][info][gc             ] GC(263) Pause Young (Allocation Failure) 634M->497M(628M) 2.552ms
[132.239s][info][gc,cpu         ] GC(263) User=0.00s Sys=0.00s Real=0.00s
[132.548s][info][gc,start       ] GC(264) Pause Young (Allocation Failure)
[132.553s][info][gc,heap        ] GC(264) PSYoungGen: 133994K(134144K)->1663K(166400K) Eden: 133632K(133632K)->0K(160768K) From: 362K(512K)->1663K(5632K)
[132.553s][info][gc,heap        ] GC(264) ParOldGen: 509182K(509440K)->509198K(509440K)
[132.553s][info][gc,metaspace   ] GC(264) Metaspace: 56412K(56704K)->56412K(56704K) NonClass: 48112K(48320K)->48112K(48320K) Class: 8299K(8384K)->8299K(8384K)
[132.553s][info][gc             ] GC(264) Pause Young (Allocation Failure) 628M->498M(660M) 5.238ms
[132.553s][info][gc,cpu         ] GC(264) User=0.01s Sys=0.00s Real=0.00s
[132.941s][info][gc,start       ] GC(265) Pause Young (Allocation Failure)
[132.944s][info][gc,heap        ] GC(265) PSYoungGen: 162431K(166400K)->1341K(156672K) Eden: 160768K(160768K)->0K(155136K) From: 1663K(5632K)->1341K(1536K)
[132.944s][info][gc,heap        ] GC(265) ParOldGen: 509198K(509440K)->509214K(509440K)
[132.944s][info][gc,metaspace   ] GC(265) Metaspace: 56412K(56704K)->56412K(56704K) NonClass: 48112K(48320K)->48112K(48320K) Class: 8299K(8384K)->8299K(8384K)
[132.944s][info][gc             ] GC(265) Pause Young (Allocation Failure) 655M->498M(650M) 3.080ms
[132.944s][info][gc,cpu         ] GC(265) User=0.01s Sys=0.00s Real=0.00s
[133.281s][info][gc,start       ] GC(266) Pause Young (Allocation Failure)
[133.284s][info][gc,heap        ] GC(266) PSYoungGen: 156477K(156672K)->1343K(151552K) Eden: 155136K(155136K)->0K(150016K) From: 1341K(1536K)->1343K(1536K)
[133.284s][info][gc,heap        ] GC(266) ParOldGen: 509214K(509440K)->509230K(509440K)
[133.284s][info][gc,metaspace   ] GC(266) Metaspace: 56412K(56704K)->56412K(56704K) NonClass: 48112K(48320K)->48112K(48320K) Class: 8299K(8384K)->8299K(8384K)
[133.284s][info][gc             ] GC(266) Pause Young (Allocation Failure) 650M->498M(645M) 3.512ms
[133.284s][info][gc,cpu         ] GC(266) User=0.00s Sys=0.00s Real=0.00s
[133.662s][info][gc,start       ] GC(267) Pause Young (Allocation Failure)
[133.666s][info][gc,heap        ] GC(267) PSYoungGen: 151359K(151552K)->1823K(146944K) Eden: 150016K(150016K)->0K(144896K) From: 1343K(1536K)->1823K(2048K)
[133.666s][info][gc,heap        ] GC(267) ParOldGen: 509230K(509440K)->509246K(509440K)
[133.666s][info][gc,metaspace   ] GC(267) Metaspace: 56412K(56704K)->56412K(56704K) NonClass: 48112K(48320K)->48112K(48320K) Class: 8299K(8384K)->8299K(8384K)
[133.666s][info][gc             ] GC(267) Pause Young (Allocation Failure) 645M->499M(641M) 4.046ms
[133.666s][info][gc,cpu         ] GC(267) User=0.01s Sys=0.00s Real=0.01s
[134.140s][info][gc,start       ] GC(268) Pause Young (Allocation Failure)
[134.144s][info][gc,heap        ] GC(268) PSYoungGen: 146719K(146944K)->896K(141312K) Eden: 144896K(144896K)->0K(140288K) From: 1823K(2048K)->896K(1024K)
[134.144s][info][gc,heap        ] GC(268) ParOldGen: 509246K(509440K)->509262K(509440K)
[134.144s][info][gc,metaspace   ] GC(268) Metaspace: 56412K(56704K)->56412K(56704K) NonClass: 48112K(48320K)->48112K(48320K) Class: 8299K(8384K)->8299K(8384K)
[134.144s][info][gc             ] GC(268) Pause Young (Allocation Failure) 640M->498M(635M) 3.709ms
[134.144s][info][gc,cpu         ] GC(268) User=0.01s Sys=0.00s Real=0.00s
[134.453s][info][gc,start       ] GC(269) Pause Young (Allocation Failure)
[134.457s][info][gc,heap        ] GC(269) PSYoungGen: 141184K(141312K)->1664K(137728K) Eden: 140288K(140288K)->0K(135680K) From: 896K(1024K)->1664K(2048K)
[134.457s][info][gc,heap        ] GC(269) ParOldGen: 509262K(509440K)->509278K(509440K)
[134.457s][info][gc,metaspace   ] GC(269) Metaspace: 56412K(56704K)->56412K(56704K) NonClass: 48112K(48320K)->48112K(48320K) Class: 8299K(8384K)->8299K(8384K)
[134.457s][info][gc             ] GC(269) Pause Young (Allocation Failure) 635M->498M(632M) 4.214ms
[134.457s][info][gc,cpu         ] GC(269) User=0.01s Sys=0.00s Real=0.01s
[134.765s][info][gc,start       ] GC(270) Pause Young (Allocation Failure)
[134.770s][info][gc,heap        ] GC(270) PSYoungGen: 137090K(137728K)->1888K(165376K) Eden: 135426K(135680K)->0K(161280K) From: 1664K(2048K)->1888K(4096K)
[134.770s][info][gc,heap        ] GC(270) ParOldGen: 509278K(509440K)->509294K(509440K)
[134.770s][info][gc,metaspace   ] GC(270) Metaspace: 56412K(56704K)->56412K(56704K) NonClass: 48112K(48320K)->48112K(48320K) Class: 8299K(8384K)->8299K(8384K)
[134.770s][info][gc             ] GC(270) Pause Young (Allocation Failure) 631M->499M(659M) 4.297ms
[134.770s][info][gc,cpu         ] GC(270) User=0.01s Sys=0.00s Real=0.01s
[135.161s][info][gc,start       ] GC(271) Pause Young (Allocation Failure)
[135.164s][info][gc,heap        ] GC(271) PSYoungGen: 162965K(165376K)->1600K(167424K) Eden: 161077K(161280K)->0K(163328K) From: 1888K(4096K)->1600K(4096K)
[135.164s][info][gc,heap        ] GC(271) ParOldGen: 509294K(509440K)->509310K(509440K)
[135.164s][info][gc,metaspace   ] GC(271) Metaspace: 56412K(56704K)->56412K(56704K) NonClass: 48112K(48320K)->48112K(48320K) Class: 8299K(8384K)->8299K(8384K)
[135.165s][info][gc             ] GC(271) Pause Young (Allocation Failure) 656M->498M(661M) 3.993ms
[135.165s][info][gc,cpu         ] GC(271) User=0.01s Sys=0.00s Real=0.00s
[135.554s][info][gc,start       ] GC(272) Pause Young (Allocation Failure)
[135.557s][info][gc,heap        ] GC(272) PSYoungGen: 164928K(167424K)->1791K(166912K) Eden: 163328K(163328K)->0K(163328K) From: 1600K(4096K)->1791K(3584K)
[135.557s][info][gc,heap        ] GC(272) ParOldGen: 509310K(509440K)->509326K(509440K)
[135.557s][info][gc,metaspace   ] GC(272) Metaspace: 56412K(56704K)->56412K(56704K) NonClass: 48112K(48320K)->48112K(48320K) Class: 8299K(8384K)->8299K(8384K)
[135.558s][info][gc             ] GC(272) Pause Young (Allocation Failure) 658M->499M(660M) 3.906ms
[135.558s][info][gc,cpu         ] GC(272) User=0.01s Sys=0.00s Real=0.01s
[135.956s][info][gc,start       ] GC(273) Pause Young (Allocation Failure)
[135.960s][info][gc,heap        ] GC(273) PSYoungGen: 165032K(166912K)->1216K(159232K) Eden: 163240K(163328K)->0K(157696K) From: 1791K(3584K)->1216K(1536K)
[135.960s][info][gc,heap        ] GC(273) ParOldGen: 509326K(509440K)->509342K(509440K)
[135.960s][info][gc,metaspace   ] GC(273) Metaspace: 56412K(56704K)->56412K(56704K) NonClass: 48112K(48320K)->48112K(48320K) Class: 8299K(8384K)->8299K(8384K)
[135.960s][info][gc             ] GC(273) Pause Young (Allocation Failure) 658M->498M(653M) 4.072ms
[135.960s][info][gc,cpu         ] GC(273) User=0.00s Sys=0.00s Real=0.00s
[136.343s][info][gc,start       ] GC(274) Pause Young (Allocation Failure)
[136.346s][info][gc,heap        ] GC(274) PSYoungGen: 158912K(159232K)->1186K(154112K) Eden: 157696K(157696K)->0K(152576K) From: 1216K(1536K)->1186K(1536K)
[136.346s][info][gc,heap        ] GC(274) ParOldGen: 509342K(509440K)->509358K(509440K)
[136.346s][info][gc,metaspace   ] GC(274) Metaspace: 56412K(56704K)->56412K(56704K) NonClass: 48112K(48320K)->48112K(48320K) Class: 8299K(8384K)->8299K(8384K)
[136.346s][info][gc             ] GC(274) Pause Young (Allocation Failure) 652M->498M(648M) 3.713ms
[136.346s][info][gc,cpu         ] GC(274) User=0.00s Sys=0.00s Real=0.01s
[136.675s][info][gc,start       ] GC(275) Pause Young (Allocation Failure)
[136.679s][info][gc,heap        ] GC(275) PSYoungGen: 153762K(154112K)->1344K(184832K) Eden: 152576K(152576K)->0K(183296K) From: 1186K(1536K)->1344K(1536K)
[136.679s][info][gc,heap        ] GC(275) ParOldGen: 509358K(509440K)->509374K(509440K)
[136.679s][info][gc,metaspace   ] GC(275) Metaspace: 56412K(56704K)->56412K(56704K) NonClass: 48112K(48320K)->48112K(48320K) Class: 8299K(8384K)->8299K(8384K)
[136.679s][info][gc             ] GC(275) Pause Young (Allocation Failure) 647M->498M(678M) 4.059ms
[136.679s][info][gc,cpu         ] GC(275) User=0.01s Sys=0.00s Real=0.01s
[137.149s][info][gc,start       ] GC(276) Pause Young (Allocation Failure)
[137.152s][info][gc,heap        ] GC(276) PSYoungGen: 184640K(184832K)->1087K(178176K) Eden: 183296K(183296K)->0K(176640K) From: 1344K(1536K)->1087K(1536K)
[137.152s][info][gc,heap        ] GC(276) ParOldGen: 509374K(509440K)->509390K(509440K)
[137.152s][info][gc,metaspace   ] GC(276) Metaspace: 56412K(56704K)->56412K(56704K) NonClass: 48112K(48320K)->48112K(48320K) Class: 8299K(8384K)->8299K(8384K)
[137.152s][info][gc             ] GC(276) Pause Young (Allocation Failure) 677M->498M(671M) 3.283ms
[137.152s][info][gc,cpu         ] GC(276) User=0.00s Sys=0.00s Real=0.00s
[137.565s][info][gc,start       ] GC(277) Pause Young (Allocation Failure)
[137.570s][info][gc,heap        ] GC(277) PSYoungGen: 177727K(178176K)->2590K(173568K) Eden: 176640K(176640K)->0K(170496K) From: 1087K(1536K)->2590K(3072K)
[137.570s][info][gc,heap        ] GC(277) ParOldGen: 509390K(509440K)->509406K(509440K)
[137.570s][info][gc,metaspace   ] GC(277) Metaspace: 56412K(56704K)->56412K(56704K) NonClass: 48112K(48320K)->48112K(48320K) Class: 8299K(8384K)->8299K(8384K)
[137.570s][info][gc             ] GC(277) Pause Young (Allocation Failure) 671M->499M(667M) 4.993ms
[137.570s][info][gc,cpu         ] GC(277) User=0.01s Sys=0.00s Real=0.01s
[137.971s][info][gc,start       ] GC(278) Pause Young (Allocation Failure)
[137.976s][info][gc,heap        ] GC(278) PSYoungGen: 172872K(173568K)->1664K(193536K) Eden: 170281K(170496K)->0K(189952K) From: 2590K(3072K)->1664K(3584K)
[137.976s][info][gc,heap        ] GC(278) ParOldGen: 509406K(509440K)->509422K(509440K)
[137.976s][info][gc,metaspace   ] GC(278) Metaspace: 56412K(56704K)->56412K(56704K) NonClass: 48112K(48320K)->48112K(48320K) Class: 8299K(8384K)->8299K(8384K)
[137.976s][info][gc             ] GC(278) Pause Young (Allocation Failure) 666M->499M(686M) 4.837ms
[137.976s][info][gc,cpu         ] GC(278) User=0.01s Sys=0.00s Real=0.00s
[138.454s][info][gc,start       ] GC(279) Pause Young (Allocation Failure)
[138.458s][info][gc,heap        ] GC(279) PSYoungGen: 191579K(193536K)->1152K(184832K) Eden: 189915K(189952K)->0K(183296K) From: 1664K(3584K)->1152K(1536K)
[138.458s][info][gc,heap        ] GC(279) ParOldGen: 509422K(509440K)->509438K(509440K)
[138.458s][info][gc,metaspace   ] GC(279) Metaspace: 56412K(56704K)->56412K(56704K) NonClass: 48112K(48320K)->48112K(48320K) Class: 8299K(8384K)->8299K(8384K)
[138.458s][info][gc             ] GC(279) Pause Young (Allocation Failure) 684M->498M(678M) 3.673ms
[138.458s][info][gc,cpu         ] GC(279) User=0.00s Sys=0.00s Real=0.01s
[138.865s][info][gc,start       ] GC(280) Pause Young (Allocation Failure)
[138.870s][info][gc,heap        ] GC(280) PSYoungGen: 184448K(184832K)->2175K(206848K) Eden: 183296K(183296K)->0K(203776K) From: 1152K(1536K)->2175K(3072K)
[138.870s][info][gc,heap        ] GC(280) ParOldGen: 509438K(509440K)->509454K(509952K)
[138.870s][info][gc,metaspace   ] GC(280) Metaspace: 56412K(56704K)->56412K(56704K) NonClass: 48112K(48320K)->48112K(48320K) Class: 8299K(8384K)->8299K(8384K)
[138.870s][info][gc             ] GC(280) Pause Young (Allocation Failure) 677M->499M(700M) 5.307ms
[138.870s][info][gc,cpu         ] GC(280) User=0.01s Sys=0.00s Real=0.01s
[139.371s][info][gc,start       ] GC(281) Pause Young (Allocation Failure)
[139.375s][info][gc,heap        ] GC(281) PSYoungGen: 205951K(206848K)->2046K(198144K) Eden: 203776K(203776K)->0K(196096K) From: 2175K(3072K)->2046K(2048K)
[139.375s][info][gc,heap        ] GC(281) ParOldGen: 509454K(509952K)->509470K(509952K)
[139.375s][info][gc,metaspace   ] GC(281) Metaspace: 56413K(56704K)->56413K(56704K) NonClass: 48113K(48320K)->48113K(48320K) Class: 8299K(8384K)->8299K(8384K)
[139.375s][info][gc             ] GC(281) Pause Young (Allocation Failure) 698M->499M(691M) 4.557ms
[139.375s][info][gc,cpu         ] GC(281) User=0.01s Sys=0.01s Real=0.00s
[139.853s][info][gc,start       ] GC(282) Pause Young (Allocation Failure)
[139.858s][info][gc,heap        ] GC(282) PSYoungGen: 198142K(198144K)->2334K(191488K) Eden: 196096K(196096K)->0K(188928K) From: 2046K(2048K)->2334K(2560K)
[139.858s][info][gc,heap        ] GC(282) ParOldGen: 509470K(509952K)->509486K(509952K)
[139.858s][info][gc,metaspace   ] GC(282) Metaspace: 56413K(56704K)->56413K(56704K) NonClass: 48113K(48320K)->48113K(48320K) Class: 8299K(8384K)->8299K(8384K)
[139.858s][info][gc             ] GC(282) Pause Young (Allocation Failure) 691M->499M(685M) 5.060ms
[139.858s][info][gc,cpu         ] GC(282) User=0.01s Sys=0.01s Real=0.01s
[140.285s][info][gc,start       ] GC(283) Pause Young (Allocation Failure)
[140.288s][info][gc,heap        ] GC(283) PSYoungGen: 191258K(191488K)->992K(183296K) Eden: 188923K(188928K)->0K(182272K) From: 2334K(2560K)->992K(1024K)
[140.288s][info][gc,heap        ] GC(283) ParOldGen: 509486K(509952K)->509502K(509952K)
[140.288s][info][gc,metaspace   ] GC(283) Metaspace: 56413K(56704K)->56413K(56704K) NonClass: 48113K(48320K)->48113K(48320K) Class: 8299K(8384K)->8299K(8384K)
[140.288s][info][gc             ] GC(283) Pause Young (Allocation Failure) 684M->498M(677M) 3.626ms
[140.288s][info][gc,cpu         ] GC(283) User=0.00s Sys=0.00s Real=0.01s
[140.750s][info][gc,start       ] GC(284) Pause Young (Allocation Failure)
[140.755s][info][gc,heap        ] GC(284) PSYoungGen: 183264K(183296K)->1950K(177664K) Eden: 182272K(182272K)->0K(175616K) From: 992K(1024K)->1950K(2048K)
[140.755s][info][gc,heap        ] GC(284) ParOldGen: 509502K(509952K)->509518K(509952K)
[140.755s][info][gc,metaspace   ] GC(284) Metaspace: 56413K(56704K)->56413K(56704K) NonClass: 48113K(48320K)->48113K(48320K) Class: 8299K(8384K)->8299K(8384K)
[140.755s][info][gc             ] GC(284) Pause Young (Allocation Failure) 676M->499M(671M) 4.490ms
[140.755s][info][gc,cpu         ] GC(284) User=0.01s Sys=0.00s Real=0.00s
[141.161s][info][gc,start       ] GC(285) Pause Young (Allocation Failure)
[141.165s][info][gc,heap        ] GC(285) PSYoungGen: 177268K(177664K)->1344K(171008K) Eden: 175317K(175616K)->0K(169472K) From: 1950K(2048K)->1344K(1536K)
[141.165s][info][gc,heap        ] GC(285) ParOldGen: 509518K(509952K)->509534K(509952K)
[141.165s][info][gc,metaspace   ] GC(285) Metaspace: 56413K(56704K)->56413K(56704K) NonClass: 48113K(48320K)->48113K(48320K) Class: 8299K(8384K)->8299K(8384K)
[141.165s][info][gc             ] GC(285) Pause Young (Allocation Failure) 670M->498M(665M) 3.974ms
[141.165s][info][gc,cpu         ] GC(285) User=0.01s Sys=0.01s Real=0.00s
[141.565s][info][gc,start       ] GC(286) Pause Young (Allocation Failure)
[141.571s][info][gc,heap        ] GC(286) PSYoungGen: 170816K(171008K)->2143K(206336K) Eden: 169472K(169472K)->0K(203776K) From: 1344K(1536K)->2143K(2560K)
[141.571s][info][gc,heap        ] GC(286) ParOldGen: 509534K(509952K)->509550K(509952K)
[141.571s][info][gc,metaspace   ] GC(286) Metaspace: 56413K(56704K)->56413K(56704K) NonClass: 48113K(48320K)->48113K(48320K) Class: 8299K(8384K)->8299K(8384K)
[141.571s][info][gc             ] GC(286) Pause Young (Allocation Failure) 664M->499M(699M) 5.965ms
[141.571s][info][gc,cpu         ] GC(286) User=0.01s Sys=0.00s Real=0.01s
[142.062s][info][gc,start       ] GC(287) Pause Young (Allocation Failure)
[142.065s][info][gc,heap        ] GC(287) PSYoungGen: 205919K(206336K)->1471K(197632K) Eden: 203776K(203776K)->0K(196096K) From: 2143K(2560K)->1471K(1536K)
[142.065s][info][gc,heap        ] GC(287) ParOldGen: 509550K(509952K)->509566K(509952K)
[142.065s][info][gc,metaspace   ] GC(287) Metaspace: 56413K(56704K)->56413K(56704K) NonClass: 48113K(48320K)->48113K(48320K) Class: 8299K(8384K)->8299K(8384K)
[142.065s][info][gc             ] GC(287) Pause Young (Allocation Failure) 698M->499M(691M) 3.490ms
[142.065s][info][gc,cpu         ] GC(287) User=0.01s Sys=0.00s Real=0.00s
[142.547s][info][gc,start       ] GC(288) Pause Young (Allocation Failure)
[142.551s][info][gc,heap        ] GC(288) PSYoungGen: 197567K(197632K)->1534K(190464K) Eden: 196096K(196096K)->0K(188928K) From: 1471K(1536K)->1534K(1536K)
[142.551s][info][gc,heap        ] GC(288) ParOldGen: 509566K(509952K)->509582K(509952K)
[142.551s][info][gc,metaspace   ] GC(288) Metaspace: 56413K(56704K)->56413K(56704K) NonClass: 48113K(48320K)->48113K(48320K) Class: 8299K(8384K)->8299K(8384K)
[142.551s][info][gc             ] GC(288) Pause Young (Allocation Failure) 690M->499M(684M) 3.828ms
[142.551s][info][gc,cpu         ] GC(288) User=0.00s Sys=0.00s Real=0.00s
[143.026s][info][gc,start       ] GC(289) Pause Young (Allocation Failure)
[143.032s][info][gc,heap        ] GC(289) PSYoungGen: 190462K(190464K)->1440K(183808K) Eden: 188928K(188928K)->0K(182272K) From: 1534K(1536K)->1440K(1536K)
[143.032s][info][gc,heap        ] GC(289) ParOldGen: 509582K(509952K)->509598K(509952K)
[143.032s][info][gc,metaspace   ] GC(289) Metaspace: 56413K(56704K)->56413K(56704K) NonClass: 48113K(48320K)->48113K(48320K) Class: 8299K(8384K)->8299K(8384K)
[143.032s][info][gc             ] GC(289) Pause Young (Allocation Failure) 683M->499M(677M) 6.126ms
[143.032s][info][gc,cpu         ] GC(289) User=0.01s Sys=0.00s Real=0.01s
[143.444s][info][gc,start       ] GC(290) Pause Young (Allocation Failure)
[143.447s][info][gc,heap        ] GC(290) PSYoungGen: 183712K(183808K)->1183K(177152K) Eden: 182272K(182272K)->0K(175616K) From: 1440K(1536K)->1183K(1536K)
[143.447s][info][gc,heap        ] GC(290) ParOldGen: 509598K(509952K)->509614K(509952K)
[143.447s][info][gc,metaspace   ] GC(290) Metaspace: 56413K(56704K)->56413K(56704K) NonClass: 48113K(48320K)->48113K(48320K) Class: 8299K(8384K)->8299K(8384K)
[143.447s][info][gc             ] GC(290) Pause Young (Allocation Failure) 677M->498M(671M) 3.159ms
[143.447s][info][gc,cpu         ] GC(290) User=0.01s Sys=0.00s Real=0.01s
[143.852s][info][gc,start       ] GC(291) Pause Young (Allocation Failure)
[143.856s][info][gc,heap        ] GC(291) PSYoungGen: 176799K(177152K)->1536K(171008K) Eden: 175616K(175616K)->0K(169472K) From: 1183K(1536K)->1536K(1536K)
[143.856s][info][gc,heap        ] GC(291) ParOldGen: 509614K(509952K)->509630K(509952K)
[143.856s][info][gc,metaspace   ] GC(291) Metaspace: 56413K(56704K)->56413K(56704K) NonClass: 48113K(48320K)->48113K(48320K) Class: 8299K(8384K)->8299K(8384K)
[143.856s][info][gc             ] GC(291) Pause Young (Allocation Failure) 670M->499M(665M) 4.080ms
[143.856s][info][gc,cpu         ] GC(291) User=0.01s Sys=0.00s Real=0.01s
[144.261s][info][gc,start       ] GC(292) Pause Young (Allocation Failure)
[144.266s][info][gc,heap        ] GC(292) PSYoungGen: 171008K(171008K)->2302K(166400K) Eden: 169472K(169472K)->0K(163840K) From: 1536K(1536K)->2302K(2560K)
[144.266s][info][gc,heap        ] GC(292) ParOldGen: 509630K(509952K)->509646K(509952K)
[144.266s][info][gc,metaspace   ] GC(292) Metaspace: 56413K(56704K)->56413K(56704K) NonClass: 48113K(48320K)->48113K(48320K) Class: 8299K(8384K)->8299K(8384K)
[144.266s][info][gc             ] GC(292) Pause Young (Allocation Failure) 664M->499M(660M) 4.838ms
[144.266s][info][gc,cpu         ] GC(292) User=0.00s Sys=0.00s Real=0.00s
[144.654s][info][gc,start       ] GC(293) Pause Young (Allocation Failure)
[144.657s][info][gc,heap        ] GC(293) PSYoungGen: 166043K(166400K)->896K(159232K) Eden: 163740K(163840K)->0K(158208K) From: 2302K(2560K)->896K(1024K)
[144.657s][info][gc,heap        ] GC(293) ParOldGen: 509646K(509952K)->509662K(509952K)
[144.657s][info][gc,metaspace   ] GC(293) Metaspace: 56413K(56704K)->56413K(56704K) NonClass: 48113K(48320K)->48113K(48320K) Class: 8299K(8384K)->8299K(8384K)
[144.657s][info][gc             ] GC(293) Pause Young (Allocation Failure) 659M->498M(653M) 3.235ms
[144.657s][info][gc,cpu         ] GC(293) User=0.00s Sys=0.00s Real=0.01s
[145.049s][info][gc,start       ] GC(294) Pause Young (Allocation Failure)
[145.054s][info][gc,heap        ] GC(294) PSYoungGen: 158941K(159232K)->928K(154112K) Eden: 158045K(158208K)->0K(153088K) From: 896K(1024K)->928K(1024K)
[145.054s][info][gc,heap        ] GC(294) ParOldGen: 509662K(509952K)->509678K(509952K)
[145.054s][info][gc,metaspace   ] GC(294) Metaspace: 56413K(56704K)->56413K(56704K) NonClass: 48113K(48320K)->48113K(48320K) Class: 8299K(8384K)->8299K(8384K)
[145.055s][info][gc             ] GC(294) Pause Young (Allocation Failure) 652M->498M(648M) 5.205ms
[145.055s][info][gc,cpu         ] GC(294) User=0.01s Sys=0.00s Real=0.00s
[145.479s][info][gc,start       ] GC(295) Pause Young (Allocation Failure)
[145.482s][info][gc,heap        ] GC(295) PSYoungGen: 153735K(154112K)->928K(148992K) Eden: 152807K(153088K)->0K(147968K) From: 928K(1024K)->928K(1024K)
[145.482s][info][gc,heap        ] GC(295) ParOldGen: 509678K(509952K)->509694K(509952K)
[145.482s][info][gc,metaspace   ] GC(295) Metaspace: 56413K(56704K)->56413K(56704K) NonClass: 48113K(48320K)->48113K(48320K) Class: 8299K(8384K)->8299K(8384K)
[145.482s][info][gc             ] GC(295) Pause Young (Allocation Failure) 647M->498M(643M) 3.243ms
[145.482s][info][gc,cpu         ] GC(295) User=0.01s Sys=0.00s Real=0.00s
[145.857s][info][gc,start       ] GC(296) Pause Young (Allocation Failure)
[145.861s][info][gc,heap        ] GC(296) PSYoungGen: 148896K(148992K)->1791K(144896K) Eden: 147968K(147968K)->0K(142848K) From: 928K(1024K)->1791K(2048K)
[145.861s][info][gc,heap        ] GC(296) ParOldGen: 509694K(509952K)->509710K(509952K)
[145.861s][info][gc,metaspace   ] GC(296) Metaspace: 56413K(56704K)->56413K(56704K) NonClass: 48113K(48320K)->48113K(48320K) Class: 8299K(8384K)->8299K(8384K)
[145.861s][info][gc             ] GC(296) Pause Young (Allocation Failure) 643M->499M(639M) 3.792ms
[145.861s][info][gc,cpu         ] GC(296) User=0.01s Sys=0.00s Real=0.00s
[146.186s][info][gc,start       ] GC(297) Pause Young (Allocation Failure)
[146.189s][info][gc,heap        ] GC(297) PSYoungGen: 144566K(144896K)->448K(138752K) Eden: 142775K(142848K)->0K(138240K) From: 1791K(2048K)->448K(512K)
[146.189s][info][gc,heap        ] GC(297) ParOldGen: 509710K(509952K)->509726K(509952K)
[146.189s][info][gc,metaspace   ] GC(297) Metaspace: 56413K(56704K)->56413K(56704K) NonClass: 48113K(48320K)->48113K(48320K) Class: 8299K(8384K)->8299K(8384K)
[146.189s][info][gc             ] GC(297) Pause Young (Allocation Failure) 638M->498M(633M) 2.566ms
[146.189s][info][gc,cpu         ] GC(297) User=0.01s Sys=0.00s Real=0.00s
[146.548s][info][gc,start       ] GC(298) Pause Young (Allocation Failure)
[146.551s][info][gc,heap        ] GC(298) PSYoungGen: 138688K(138752K)->1439K(136704K) Eden: 138240K(138240K)->0K(133632K) From: 448K(512K)->1439K(3072K)
[146.551s][info][gc,heap        ] GC(298) ParOldGen: 509726K(509952K)->509742K(509952K)
[146.551s][info][gc,metaspace   ] GC(298) Metaspace: 56413K(56704K)->56413K(56704K) NonClass: 48113K(48320K)->48113K(48320K) Class: 8299K(8384K)->8299K(8384K)
[146.551s][info][gc             ] GC(298) Pause Young (Allocation Failure) 633M->499M(631M) 3.231ms
[146.551s][info][gc,cpu         ] GC(298) User=0.00s Sys=0.00s Real=0.00s
[146.864s][info][gc,start       ] GC(299) Pause Young (Allocation Failure)
[146.868s][info][gc,heap        ] GC(299) PSYoungGen: 135071K(136704K)->1728K(131584K) Eden: 133632K(133632K)->0K(129536K) From: 1439K(3072K)->1728K(2048K)
[146.868s][info][gc,heap        ] GC(299) ParOldGen: 509742K(509952K)->509758K(509952K)
[146.868s][info][gc,metaspace   ] GC(299) Metaspace: 56413K(56704K)->56413K(56704K) NonClass: 48113K(48320K)->48113K(48320K) Class: 8299K(8384K)->8299K(8384K)
[146.868s][info][gc             ] GC(299) Pause Young (Allocation Failure) 629M->499M(626M) 4.173ms
[146.868s][info][gc,cpu         ] GC(299) User=0.01s Sys=0.00s Real=0.01s
[147.170s][info][gc,start       ] GC(300) Pause Young (Allocation Failure)
[147.174s][info][gc,heap        ] GC(300) PSYoungGen: 131264K(131584K)->1855K(157696K) Eden: 129536K(129536K)->0K(155648K) From: 1728K(2048K)->1855K(2048K)
[147.174s][info][gc,heap        ] GC(300) ParOldGen: 509758K(509952K)->509774K(509952K)
[147.174s][info][gc,metaspace   ] GC(300) Metaspace: 56413K(56704K)->56413K(56704K) NonClass: 48113K(48320K)->48113K(48320K) Class: 8299K(8384K)->8299K(8384K)
[147.174s][info][gc             ] GC(300) Pause Young (Allocation Failure) 625M->499M(652M) 3.937ms
[147.174s][info][gc,cpu         ] GC(300) User=0.00s Sys=0.00s Real=0.00s
[147.556s][info][gc,start       ] GC(301) Pause Young (Allocation Failure)
[147.560s][info][gc,heap        ] GC(301) PSYoungGen: 157503K(157696K)->1567K(188928K) Eden: 155648K(155648K)->0K(186880K) From: 1855K(2048K)->1567K(2048K)
[147.560s][info][gc,heap        ] GC(301) ParOldGen: 509774K(509952K)->509790K(509952K)
[147.560s][info][gc,metaspace   ] GC(301) Metaspace: 56413K(56704K)->56413K(56704K) NonClass: 48113K(48320K)->48113K(48320K) Class: 8299K(8384K)->8299K(8384K)
[147.560s][info][gc             ] GC(301) Pause Young (Allocation Failure) 651M->499M(682M) 4.389ms
[147.560s][info][gc,cpu         ] GC(301) User=0.01s Sys=0.00s Real=0.00s
[148.037s][info][gc,start       ] GC(302) Pause Young (Allocation Failure)
[148.039s][info][gc,heap        ] GC(302) PSYoungGen: 188447K(188928K)->288K(180736K) Eden: 186880K(186880K)->0K(180224K) From: 1567K(2048K)->288K(512K)
[148.039s][info][gc,heap        ] GC(302) ParOldGen: 509790K(509952K)->509806K(509952K)
[148.039s][info][gc,metaspace   ] GC(302) Metaspace: 56413K(56704K)->56413K(56704K) NonClass: 48113K(48320K)->48113K(48320K) Class: 8299K(8384K)->8299K(8384K)
[148.039s][info][gc             ] GC(302) Pause Young (Allocation Failure) 681M->498M(674M) 2.323ms
[148.039s][info][gc,cpu         ] GC(302) User=0.00s Sys=0.00s Real=0.00s
[148.496s][info][gc,start       ] GC(303) Pause Young (Allocation Failure)
[148.499s][info][gc,heap        ] GC(303) PSYoungGen: 180512K(180736K)->1407K(175616K) Eden: 180224K(180224K)->0K(174080K) From: 288K(512K)->1407K(1536K)
[148.499s][info][gc,heap        ] GC(303) ParOldGen: 509806K(509952K)->509822K(509952K)
[148.499s][info][gc,metaspace   ] GC(303) Metaspace: 56414K(56704K)->56414K(56704K) NonClass: 48114K(48320K)->48114K(48320K) Class: 8299K(8384K)->8299K(8384K)
[148.499s][info][gc             ] GC(303) Pause Young (Allocation Failure) 674M->499M(669M) 3.434ms
[148.499s][info][gc,cpu         ] GC(303) User=0.01s Sys=0.00s Real=0.01s
[148.863s][info][gc,start       ] GC(304) Pause Young (Allocation Failure)
[148.867s][info][gc,heap        ] GC(304) PSYoungGen: 175487K(175616K)->2239K(170496K) Eden: 174080K(174080K)->0K(167936K) From: 1407K(1536K)->2239K(2560K)
[148.867s][info][gc,heap        ] GC(304) ParOldGen: 509822K(509952K)->509838K(509952K)
[148.867s][info][gc,metaspace   ] GC(304) Metaspace: 56414K(56704K)->56414K(56704K) NonClass: 48114K(48320K)->48114K(48320K) Class: 8299K(8384K)->8299K(8384K)
[148.867s][info][gc             ] GC(304) Pause Young (Allocation Failure) 669M->500M(664M) 4.620ms
[148.867s][info][gc,cpu         ] GC(304) User=0.01s Sys=0.00s Real=0.01s
[149.268s][info][gc,start       ] GC(305) Pause Young (Allocation Failure)
[149.272s][info][gc,heap        ] GC(305) PSYoungGen: 170121K(170496K)->1760K(164352K) Eden: 167882K(167936K)->0K(162304K) From: 2239K(2560K)->1760K(2048K)
[149.272s][info][gc,heap        ] GC(305) ParOldGen: 509838K(509952K)->509854K(509952K)
[149.272s][info][gc,metaspace   ] GC(305) Metaspace: 56414K(56704K)->56414K(56704K) NonClass: 48114K(48320K)->48114K(48320K) Class: 8299K(8384K)->8299K(8384K)
[149.272s][info][gc             ] GC(305) Pause Young (Allocation Failure) 664M->499M(658M) 4.331ms
[149.272s][info][gc,cpu         ] GC(305) User=0.01s Sys=0.00s Real=0.00s
[149.666s][info][gc,start       ] GC(306) Pause Young (Allocation Failure)
[149.671s][info][gc,heap        ] GC(306) PSYoungGen: 164064K(164352K)->2559K(192512K) Eden: 162304K(162304K)->0K(189440K) From: 1760K(2048K)->2559K(3072K)
[149.671s][info][gc,heap        ] GC(306) ParOldGen: 509854K(509952K)->509870K(509952K)
[149.671s][info][gc,metaspace   ] GC(306) Metaspace: 56414K(56704K)->56414K(56704K) NonClass: 48114K(48320K)->48114K(48320K) Class: 8299K(8384K)->8299K(8384K)
[149.671s][info][gc             ] GC(306) Pause Young (Allocation Failure) 658M->500M(686M) 4.923ms
[149.671s][info][gc,cpu         ] GC(306) User=0.01s Sys=0.00s Real=0.00s
[150.147s][info][gc,start       ] GC(307) Pause Young (Allocation Failure)
[150.151s][info][gc,heap        ] GC(307) PSYoungGen: 191999K(192512K)->1822K(184832K) Eden: 189440K(189440K)->0K(182784K) From: 2559K(3072K)->1822K(2048K)
[150.152s][info][gc,heap        ] GC(307) ParOldGen: 509870K(509952K)->509886K(509952K)
[150.152s][info][gc,metaspace   ] GC(307) Metaspace: 56414K(56704K)->56414K(56704K) NonClass: 48114K(48320K)->48114K(48320K) Class: 8299K(8384K)->8299K(8384K)
[150.152s][info][gc             ] GC(307) Pause Young (Allocation Failure) 685M->499M(678M) 4.275ms
[150.152s][info][gc,cpu         ] GC(307) User=0.01s Sys=0.01s Real=0.00s
[150.568s][info][gc,start       ] GC(308) Pause Young (Allocation Failure)
[150.573s][info][gc,heap        ] GC(308) PSYoungGen: 184606K(184832K)->2048K(197120K) Eden: 182784K(182784K)->0K(194048K) From: 1822K(2048K)->2048K(3072K)
[150.573s][info][gc,heap        ] GC(308) ParOldGen: 509886K(509952K)->509902K(509952K)
[150.573s][info][gc,metaspace   ] GC(308) Metaspace: 56414K(56704K)->56414K(56704K) NonClass: 48114K(48320K)->48114K(48320K) Class: 8299K(8384K)->8299K(8384K)
[150.573s][info][gc             ] GC(308) Pause Young (Allocation Failure) 678M->499M(690M) 4.886ms
[150.573s][info][gc,cpu         ] GC(308) User=0.01s Sys=0.00s Real=0.00s
[151.052s][info][gc,start       ] GC(309) Pause Young (Allocation Failure)
[151.056s][info][gc,heap        ] GC(309) PSYoungGen: 196096K(197120K)->1598K(188928K) Eden: 194048K(194048K)->0K(186880K) From: 2048K(3072K)->1598K(2048K)
[151.056s][info][gc,heap        ] GC(309) ParOldGen: 509902K(509952K)->509918K(509952K)
[151.056s][info][gc,metaspace   ] GC(309) Metaspace: 56414K(56704K)->56414K(56704K) NonClass: 48114K(48320K)->48114K(48320K) Class: 8299K(8384K)->8299K(8384K)
[151.056s][info][gc             ] GC(309) Pause Young (Allocation Failure) 689M->499M(682M) 3.806ms
[151.056s][info][gc,cpu         ] GC(309) User=0.01s Sys=0.00s Real=0.00s
[151.477s][info][gc,start       ] GC(310) Pause Young (Allocation Failure)
[151.481s][info][gc,heap        ] GC(310) PSYoungGen: 188339K(188928K)->1472K(181760K) Eden: 186740K(186880K)->0K(180224K) From: 1598K(2048K)->1472K(1536K)
[151.481s][info][gc,heap        ] GC(310) ParOldGen: 509918K(509952K)->509934K(509952K)
[151.481s][info][gc,metaspace   ] GC(310) Metaspace: 56414K(56704K)->56414K(56704K) NonClass: 48114K(48320K)->48114K(48320K) Class: 8299K(8384K)->8299K(8384K)
[151.481s][info][gc             ] GC(310) Pause Young (Allocation Failure) 681M->499M(675M) 4.425ms
[151.481s][info][gc,cpu         ] GC(310) User=0.01s Sys=0.00s Real=0.00s
[151.946s][info][gc,start       ] GC(311) Pause Young (Allocation Failure)
[151.950s][info][gc,heap        ] GC(311) PSYoungGen: 181696K(181760K)->1598K(176128K) Eden: 180224K(180224K)->0K(174080K) From: 1472K(1536K)->1598K(2048K)
[151.950s][info][gc,heap        ] GC(311) ParOldGen: 509934K(509952K)->509950K(509952K)
[151.950s][info][gc,metaspace   ] GC(311) Metaspace: 56414K(56704K)->56414K(56704K) NonClass: 48114K(48320K)->48114K(48320K) Class: 8299K(8384K)->8299K(8384K)
[151.950s][info][gc             ] GC(311) Pause Young (Allocation Failure) 675M->499M(670M) 4.003ms
[151.950s][info][gc,cpu         ] GC(311) User=0.00s Sys=0.00s Real=0.00s
[152.359s][info][gc,start       ] GC(312) Pause Young (Allocation Failure)
[152.364s][info][gc,heap        ] GC(312) PSYoungGen: 175678K(176128K)->2270K(170496K) Eden: 174080K(174080K)->0K(167936K) From: 1598K(2048K)->2270K(2560K)
[152.364s][info][gc,heap        ] GC(312) ParOldGen: 509950K(509952K)->509966K(510464K)
[152.364s][info][gc,metaspace   ] GC(312) Metaspace: 56414K(56704K)->56414K(56704K) NonClass: 48114K(48320K)->48114K(48320K) Class: 8299K(8384K)->8299K(8384K)
[152.364s][info][gc             ] GC(312) Pause Young (Allocation Failure) 669M->500M(665M) 5.121ms
[152.364s][info][gc,cpu         ] GC(312) User=0.00s Sys=0.00s Real=0.00s
[152.758s][info][gc,start       ] GC(313) Pause Young (Allocation Failure)
[152.761s][info][gc,heap        ] GC(313) PSYoungGen: 170206K(170496K)->1216K(163840K) Eden: 167936K(167936K)->0K(162304K) From: 2270K(2560K)->1216K(1536K)
[152.761s][info][gc,heap        ] GC(313) ParOldGen: 509966K(510464K)->509982K(510464K)
[152.761s][info][gc,metaspace   ] GC(313) Metaspace: 56414K(56704K)->56414K(56704K) NonClass: 48114K(48320K)->48114K(48320K) Class: 8299K(8384K)->8299K(8384K)
[152.761s][info][gc             ] GC(313) Pause Young (Allocation Failure) 664M->499M(658M) 3.431ms
[152.762s][info][gc,cpu         ] GC(313) User=0.01s Sys=0.00s Real=0.00s
[153.147s][info][gc,start       ] GC(314) Pause Young (Allocation Failure)
[153.151s][info][gc,heap        ] GC(314) PSYoungGen: 163520K(163840K)->1630K(158720K) Eden: 162304K(162304K)->0K(156672K) From: 1216K(1536K)->1630K(2048K)
[153.151s][info][gc,heap        ] GC(314) ParOldGen: 509982K(510464K)->509998K(510464K)
[153.151s][info][gc,metaspace   ] GC(314) Metaspace: 56414K(56704K)->56414K(56704K) NonClass: 48114K(48320K)->48114K(48320K) Class: 8299K(8384K)->8299K(8384K)
[153.151s][info][gc             ] GC(314) Pause Young (Allocation Failure) 657M->499M(653M) 4.130ms
[153.151s][info][gc,cpu         ] GC(314) User=0.00s Sys=0.00s Real=0.00s
[153.537s][info][gc,start       ] GC(315) Pause Young (Allocation Failure)
[153.540s][info][gc,heap        ] GC(315) PSYoungGen: 158302K(158720K)->447K(152064K) Eden: 156672K(156672K)->0K(151552K) From: 1630K(2048K)->447K(512K)
[153.540s][info][gc,heap        ] GC(315) ParOldGen: 509998K(510464K)->510014K(510464K)
[153.540s][info][gc,metaspace   ] GC(315) Metaspace: 56418K(56704K)->56418K(56704K) NonClass: 48118K(48320K)->48118K(48320K) Class: 8299K(8384K)->8299K(8384K)
[153.540s][info][gc             ] GC(315) Pause Young (Allocation Failure) 652M->498M(647M) 2.503ms
[153.540s][info][gc,cpu         ] GC(315) User=0.01s Sys=0.00s Real=0.00s
[153.866s][info][gc,start       ] GC(316) Pause Young (Allocation Failure)
[153.872s][info][gc,heap        ] GC(316) PSYoungGen: 151999K(152064K)->2750K(185344K) Eden: 151552K(151552K)->0K(182272K) From: 447K(512K)->2750K(3072K)
[153.872s][info][gc,heap        ] GC(316) ParOldGen: 510014K(510464K)->510030K(510464K)
[153.872s][info][gc,metaspace   ] GC(316) Metaspace: 56419K(56704K)->56419K(56704K) NonClass: 48119K(48320K)->48119K(48320K) Class: 8299K(8384K)->8299K(8384K)
[153.872s][info][gc             ] GC(316) Pause Young (Allocation Failure) 646M->500M(679M) 5.678ms
[153.872s][info][gc,cpu         ] GC(316) User=0.01s Sys=0.00s Real=0.00s
[154.362s][info][gc,start       ] GC(317) Pause Young (Allocation Failure)
[154.372s][info][gc,heap        ] GC(317) PSYoungGen: 185022K(185344K)->895K(212992K) Eden: 182272K(182272K)->0K(209920K) From: 2750K(3072K)->895K(3072K)
[154.372s][info][gc,heap        ] GC(317) ParOldGen: 510030K(510464K)->510046K(510464K)
[154.372s][info][gc,metaspace   ] GC(317) Metaspace: 56419K(56704K)->56419K(56704K) NonClass: 48119K(48320K)->48119K(48320K) Class: 8299K(8384K)->8299K(8384K)
[154.372s][info][gc             ] GC(317) Pause Young (Allocation Failure) 678M->498M(706M) 10.240ms
[154.372s][info][gc,cpu         ] GC(317) User=0.01s Sys=0.00s Real=0.01s
[154.849s][info][gc,start       ] GC(318) Pause Young (Allocation Failure)
[154.851s][info][gc,heap        ] GC(318) PSYoungGen: 210815K(212992K)->736K(213504K) Eden: 209920K(209920K)->0K(209920K) From: 895K(3072K)->736K(3584K)
[154.851s][info][gc,heap        ] GC(318) ParOldGen: 510046K(510464K)->510062K(510464K)
[154.851s][info][gc,metaspace   ] GC(318) Metaspace: 56419K(56704K)->56419K(56704K) NonClass: 48119K(48320K)->48119K(48320K) Class: 8299K(8384K)->8299K(8384K)
[154.851s][info][gc             ] GC(318) Pause Young (Allocation Failure) 703M->498M(707M) 2.861ms
[154.851s][info][gc,cpu         ] GC(318) User=0.00s Sys=0.00s Real=0.00s
[155.352s][info][gc,start       ] GC(319) Pause Young (Allocation Failure)
[155.356s][info][gc,heap        ] GC(319) PSYoungGen: 210656K(213504K)->992K(203264K) Eden: 209920K(209920K)->0K(202240K) From: 736K(3584K)->992K(1024K)
[155.356s][info][gc,heap        ] GC(319) ParOldGen: 510062K(510464K)->510078K(510464K)
[155.356s][info][gc,metaspace   ] GC(319) Metaspace: 56419K(56704K)->56419K(56704K) NonClass: 48119K(48320K)->48119K(48320K) Class: 8299K(8384K)->8299K(8384K)
[155.356s][info][gc             ] GC(319) Pause Young (Allocation Failure) 703M->499M(697M) 3.550ms
[155.356s][info][gc,cpu         ] GC(319) User=0.01s Sys=0.00s Real=0.00s
[155.839s][info][gc,start       ] GC(320) Pause Young (Allocation Failure)
[155.842s][info][gc,heap        ] GC(320) PSYoungGen: 203232K(203264K)->681K(196096K) Eden: 202240K(202240K)->0K(195072K) From: 992K(1024K)->681K(1024K)
[155.842s][info][gc,heap        ] GC(320) ParOldGen: 510078K(510464K)->510094K(510464K)
[155.842s][info][gc,metaspace   ] GC(320) Metaspace: 56419K(56704K)->56419K(56704K) NonClass: 48119K(48320K)->48119K(48320K) Class: 8299K(8384K)->8299K(8384K)
[155.842s][info][gc             ] GC(320) Pause Young (Allocation Failure) 696M->498M(690M) 2.974ms
[155.842s][info][gc,cpu         ] GC(320) User=0.01s Sys=0.00s Real=0.00s
[156.450s][info][gc,start       ] GC(321) Pause Young (Allocation Failure)
[156.453s][info][gc,heap        ] GC(321) PSYoungGen: 195753K(196096K)->735K(188928K) Eden: 195072K(195072K)->0K(187904K) From: 681K(1024K)->735K(1024K)
[156.453s][info][gc,heap        ] GC(321) ParOldGen: 510094K(510464K)->510110K(510464K)
[156.453s][info][gc,metaspace   ] GC(321) Metaspace: 56419K(56704K)->56419K(56704K) NonClass: 48119K(48320K)->48119K(48320K) Class: 8299K(8384K)->8299K(8384K)
[156.453s][info][gc             ] GC(321) Pause Young (Allocation Failure) 689M->498M(683M) 2.831ms
[156.453s][info][gc,cpu         ] GC(321) User=0.00s Sys=0.00s Real=0.00s
[156.854s][info][gc,start       ] GC(322) Pause Young (Allocation Failure)
[156.858s][info][gc,heap        ] GC(322) PSYoungGen: 188639K(188928K)->2174K(183808K) Eden: 187904K(187904K)->0K(181248K) From: 735K(1024K)->2174K(2560K)
[156.858s][info][gc,heap        ] GC(322) ParOldGen: 510110K(510464K)->510126K(510464K)
[156.858s][info][gc,metaspace   ] GC(322) Metaspace: 56419K(56704K)->56419K(56704K) NonClass: 48119K(48320K)->48119K(48320K) Class: 8299K(8384K)->8299K(8384K)
[156.858s][info][gc             ] GC(322) Pause Young (Allocation Failure) 682M->500M(678M) 4.800ms
[156.858s][info][gc,cpu         ] GC(322) User=0.01s Sys=0.00s Real=0.01s
[157.274s][info][gc,start       ] GC(323) Pause Young (Allocation Failure)
[157.277s][info][gc,heap        ] GC(323) PSYoungGen: 183422K(183808K)->1119K(176640K) Eden: 181248K(181248K)->0K(175104K) From: 2174K(2560K)->1119K(1536K)
[157.277s][info][gc,heap        ] GC(323) ParOldGen: 510126K(510464K)->510142K(510464K)
[157.277s][info][gc,metaspace   ] GC(323) Metaspace: 56419K(56704K)->56419K(56704K) NonClass: 48119K(48320K)->48119K(48320K) Class: 8299K(8384K)->8299K(8384K)
[157.277s][info][gc             ] GC(323) Pause Young (Allocation Failure) 677M->499M(671M) 3.131ms
[157.277s][info][gc,cpu         ] GC(323) User=0.01s Sys=0.00s Real=0.01s
[157.704s][info][gc,start       ] GC(324) Pause Young (Allocation Failure)
[157.706s][info][gc,heap        ] GC(324) PSYoungGen: 176215K(176640K)->64K(169472K) Eden: 175096K(175104K)->0K(168960K) From: 1119K(1536K)->64K(512K)
[157.706s][info][gc,heap        ] GC(324) ParOldGen: 510142K(510464K)->510158K(510464K)
[157.706s][info][gc,metaspace   ] GC(324) Metaspace: 56419K(56704K)->56419K(56704K) NonClass: 48119K(48320K)->48119K(48320K) Class: 8299K(8384K)->8299K(8384K)
[157.706s][info][gc             ] GC(324) Pause Young (Allocation Failure) 670M->498M(664M) 2.057ms
[157.706s][info][gc,cpu         ] GC(324) User=0.00s Sys=0.00s Real=0.00s
[158.138s][info][gc,start       ] GC(325) Pause Young (Allocation Failure)
[158.141s][info][gc,heap        ] GC(325) PSYoungGen: 169024K(169472K)->512K(163840K) Eden: 168960K(168960K)->0K(163328K) From: 64K(512K)->512K(512K)
[158.141s][info][gc,heap        ] GC(325) ParOldGen: 510158K(510464K)->510174K(510464K)
[158.141s][info][gc,metaspace   ] GC(325) Metaspace: 56419K(56704K)->56419K(56704K) NonClass: 48119K(48320K)->48119K(48320K) Class: 8299K(8384K)->8299K(8384K)
[158.141s][info][gc             ] GC(325) Pause Young (Allocation Failure) 663M->498M(658M) 2.620ms
[158.141s][info][gc,cpu         ] GC(325) User=0.00s Sys=0.00s Real=0.00s
[158.539s][info][gc,start       ] GC(326) Pause Young (Allocation Failure)
[158.541s][info][gc,heap        ] GC(326) PSYoungGen: 163840K(163840K)->479K(160768K) Eden: 163328K(163328K)->0K(157696K) From: 512K(512K)->479K(3072K)
[158.541s][info][gc,heap        ] GC(326) ParOldGen: 510174K(510464K)->510190K(510464K)
[158.541s][info][gc,metaspace   ] GC(326) Metaspace: 56419K(56704K)->56419K(56704K) NonClass: 48119K(48320K)->48119K(48320K) Class: 8299K(8384K)->8299K(8384K)
[158.541s][info][gc             ] GC(326) Pause Young (Allocation Failure) 658M->498M(655M) 2.499ms
[158.541s][info][gc,cpu         ] GC(326) User=0.01s Sys=0.00s Real=0.00s
[158.877s][info][gc,start       ] GC(327) Pause Young (Allocation Failure)
[158.881s][info][gc,heap        ] GC(327) PSYoungGen: 157858K(160768K)->1216K(154112K) Eden: 157378K(157696K)->0K(152576K) From: 479K(3072K)->1216K(1536K)
[158.881s][info][gc,heap        ] GC(327) ParOldGen: 510190K(510464K)->510206K(510464K)
[158.881s][info][gc,metaspace   ] GC(327) Metaspace: 56419K(56704K)->56419K(56704K) NonClass: 48119K(48320K)->48119K(48320K) Class: 8299K(8384K)->8299K(8384K)
[158.881s][info][gc             ] GC(327) Pause Young (Allocation Failure) 652M->499M(649M) 3.925ms
[158.881s][info][gc,cpu         ] GC(327) User=0.00s Sys=0.00s Real=0.00s
[159.256s][info][gc,start       ] GC(328) Pause Young (Allocation Failure)
[159.261s][info][gc,heap        ] GC(328) PSYoungGen: 153673K(154112K)->1696K(149504K) Eden: 152457K(152576K)->0K(147456K) From: 1216K(1536K)->1696K(2048K)
[159.261s][info][gc,heap        ] GC(328) ParOldGen: 510206K(510464K)->510222K(510464K)
[159.261s][info][gc,metaspace   ] GC(328) Metaspace: 56419K(56704K)->56419K(56704K) NonClass: 48119K(48320K)->48119K(48320K) Class: 8299K(8384K)->8299K(8384K)
[159.261s][info][gc             ] GC(328) Pause Young (Allocation Failure) 648M->499M(644M) 4.731ms
[159.261s][info][gc,cpu         ] GC(328) User=0.01s Sys=0.00s Real=0.00s
[159.660s][info][gc,start       ] GC(329) Pause Young (Allocation Failure)
[159.663s][info][gc,heap        ] GC(329) PSYoungGen: 149152K(149504K)->543K(143872K) Eden: 147456K(147456K)->0K(142848K) From: 1696K(2048K)->543K(1024K)
[159.663s][info][gc,heap        ] GC(329) ParOldGen: 510222K(510464K)->510238K(510464K)
[159.663s][info][gc,metaspace   ] GC(329) Metaspace: 56419K(56704K)->56419K(56704K) NonClass: 48119K(48320K)->48119K(48320K) Class: 8299K(8384K)->8299K(8384K)
[159.663s][info][gc             ] GC(329) Pause Young (Allocation Failure) 643M->498M(639M) 2.834ms
[159.663s][info][gc,cpu         ] GC(329) User=0.00s Sys=0.00s Real=0.00s
[159.957s][info][gc,start       ] GC(330) Pause Young (Allocation Failure)
[159.961s][info][gc,heap        ] GC(330) PSYoungGen: 143391K(143872K)->1822K(140288K) Eden: 142848K(142848K)->0K(138240K) From: 543K(1024K)->1822K(2048K)
[159.961s][info][gc,heap        ] GC(330) ParOldGen: 510238K(510464K)->510254K(510464K)
[159.961s][info][gc,metaspace   ] GC(330) Metaspace: 56419K(56704K)->56419K(56704K) NonClass: 48119K(48320K)->48119K(48320K) Class: 8299K(8384K)->8299K(8384K)
[159.961s][info][gc             ] GC(330) Pause Young (Allocation Failure) 638M->500M(635M) 4.227ms
[159.961s][info][gc,cpu         ] GC(330) User=0.01s Sys=0.00s Real=0.00s
[160.272s][info][gc,start       ] GC(331) Pause Young (Allocation Failure)
[160.276s][info][gc,heap        ] GC(331) PSYoungGen: 139956K(140288K)->1664K(167936K) Eden: 138133K(138240K)->0K(165888K) From: 1822K(2048K)->1664K(2048K)
[160.276s][info][gc,heap        ] GC(331) ParOldGen: 510254K(510464K)->510270K(510464K)
[160.276s][info][gc,metaspace   ] GC(331) Metaspace: 56419K(56704K)->56419K(56704K) NonClass: 48119K(48320K)->48119K(48320K) Class: 8299K(8384K)->8299K(8384K)
[160.276s][info][gc             ] GC(331) Pause Young (Allocation Failure) 634M->499M(662M) 4.238ms
[160.276s][info][gc,cpu         ] GC(331) User=0.01s Sys=0.00s Real=0.01s
[160.712s][info][gc,start       ] GC(332) Pause Young (Allocation Failure)
[160.715s][info][gc,heap        ] GC(332) PSYoungGen: 167552K(167936K)->1086K(161792K) Eden: 165888K(165888K)->0K(160256K) From: 1664K(2048K)->1086K(1536K)
[160.715s][info][gc,heap        ] GC(332) ParOldGen: 510270K(510464K)->510286K(510464K)
[160.715s][info][gc,metaspace   ] GC(332) Metaspace: 56419K(56704K)->56419K(56704K) NonClass: 48119K(48320K)->48119K(48320K) Class: 8299K(8384K)->8299K(8384K)
[160.715s][info][gc             ] GC(332) Pause Young (Allocation Failure) 661M->499M(656M) 3.099ms
[160.715s][info][gc,cpu         ] GC(332) User=0.01s Sys=0.00s Real=0.00s
[161.066s][info][gc,start       ] GC(333) Pause Young (Allocation Failure)
[161.070s][info][gc,heap        ] GC(333) PSYoungGen: 161342K(161792K)->1919K(156672K) Eden: 160256K(160256K)->0K(154624K) From: 1086K(1536K)->1919K(2048K)
[161.070s][info][gc,heap        ] GC(333) ParOldGen: 510286K(510464K)->510302K(510464K)
[161.070s][info][gc,metaspace   ] GC(333) Metaspace: 56419K(56704K)->56419K(56704K) NonClass: 48119K(48320K)->48119K(48320K) Class: 8299K(8384K)->8299K(8384K)
[161.070s][info][gc             ] GC(333) Pause Young (Allocation Failure) 655M->500M(651M) 4.084ms
[161.070s][info][gc,cpu         ] GC(333) User=0.01s Sys=0.00s Real=0.00s
[161.455s][info][gc,start       ] GC(334) Pause Young (Allocation Failure)
[161.459s][info][gc,heap        ] GC(334) PSYoungGen: 156543K(156672K)->1982K(151552K) Eden: 154624K(154624K)->0K(149504K) From: 1919K(2048K)->1982K(2048K)
[161.459s][info][gc,heap        ] GC(334) ParOldGen: 510302K(510464K)->510318K(510464K)
[161.459s][info][gc,metaspace   ] GC(334) Metaspace: 56419K(56704K)->56419K(56704K) NonClass: 48119K(48320K)->48119K(48320K) Class: 8299K(8384K)->8299K(8384K)
[161.459s][info][gc             ] GC(334) Pause Young (Allocation Failure) 651M->500M(646M) 4.462ms
[161.459s][info][gc,cpu         ] GC(334) User=0.00s Sys=0.00s Real=0.01s
[161.836s][info][gc,start       ] GC(335) Pause Young (Allocation Failure)
[161.838s][info][gc,heap        ] GC(335) PSYoungGen: 151486K(151552K)->288K(144896K) Eden: 149504K(149504K)->0K(144384K) From: 1982K(2048K)->288K(512K)
[161.838s][info][gc,heap        ] GC(335) ParOldGen: 510318K(510464K)->510334K(510464K)
[161.838s][info][gc,metaspace   ] GC(335) Metaspace: 56419K(56704K)->56419K(56704K) NonClass: 48119K(48320K)->48119K(48320K) Class: 8299K(8384K)->8299K(8384K)
[161.838s][info][gc             ] GC(335) Pause Young (Allocation Failure) 646M->498M(640M) 2.374ms
[161.838s][info][gc,cpu         ] GC(335) User=0.00s Sys=0.01s Real=0.01s
[162.155s][info][gc,start       ] GC(336) Pause Young (Allocation Failure)
[162.160s][info][gc,heap        ] GC(336) PSYoungGen: 144672K(144896K)->1632K(176640K) Eden: 144384K(144384K)->0K(173568K) From: 288K(512K)->1632K(3072K)
[162.160s][info][gc,heap        ] GC(336) ParOldGen: 510334K(510464K)->510350K(510464K)
[162.160s][info][gc,metaspace   ] GC(336) Metaspace: 56419K(56704K)->56419K(56704K) NonClass: 48119K(48320K)->48119K(48320K) Class: 8299K(8384K)->8299K(8384K)
[162.160s][info][gc             ] GC(336) Pause Young (Allocation Failure) 639M->499M(671M) 4.558ms
[162.160s][info][gc,cpu         ] GC(336) User=0.01s Sys=0.00s Real=0.01s
[162.570s][info][gc,start       ] GC(337) Pause Young (Allocation Failure)
[162.575s][info][gc,heap        ] GC(337) PSYoungGen: 175200K(176640K)->2494K(210944K) Eden: 173568K(173568K)->0K(208384K) From: 1632K(3072K)->2494K(2560K)
[162.575s][info][gc,heap        ] GC(337) ParOldGen: 510350K(510464K)->510366K(510464K)
[162.575s][info][gc,metaspace   ] GC(337) Metaspace: 56419K(56704K)->56419K(56704K) NonClass: 48119K(48320K)->48119K(48320K) Class: 8299K(8384K)->8299K(8384K)
[162.575s][info][gc             ] GC(337) Pause Young (Allocation Failure) 669M->500M(704M) 4.630ms
[162.575s][info][gc,cpu         ] GC(337) User=0.00s Sys=0.00s Real=0.00s
[163.075s][info][gc,start       ] GC(338) Pause Young (Allocation Failure)
[163.079s][info][gc,heap        ] GC(338) PSYoungGen: 210606K(210944K)->1376K(202240K) Eden: 208111K(208384K)->0K(200704K) From: 2494K(2560K)->1376K(1536K)
[163.079s][info][gc,heap        ] GC(338) ParOldGen: 510366K(510464K)->510382K(510464K)
[163.079s][info][gc,metaspace   ] GC(338) Metaspace: 56419K(56704K)->56419K(56704K) NonClass: 48119K(48320K)->48119K(48320K) Class: 8299K(8384K)->8299K(8384K)
[163.079s][info][gc             ] GC(338) Pause Young (Allocation Failure) 704M->499M(696M) 4.355ms
[163.079s][info][gc,cpu         ] GC(338) User=0.00s Sys=0.01s Real=0.01s
[163.575s][info][gc,start       ] GC(339) Pause Young (Allocation Failure)
[163.580s][info][gc,heap        ] GC(339) PSYoungGen: 202080K(202240K)->2654K(196608K) Eden: 200704K(200704K)->0K(193536K) From: 1376K(1536K)->2654K(3072K)
[163.580s][info][gc,heap        ] GC(339) ParOldGen: 510382K(510464K)->510398K(510464K)
[163.580s][info][gc,metaspace   ] GC(339) Metaspace: 56419K(56704K)->56419K(56704K) NonClass: 48119K(48320K)->48119K(48320K) Class: 8299K(8384K)->8299K(8384K)
[163.580s][info][gc             ] GC(339) Pause Young (Allocation Failure) 695M->501M(690M) 5.040ms
[163.580s][info][gc,cpu         ] GC(339) User=0.01s Sys=0.00s Real=0.01s
[164.056s][info][gc,start       ] GC(340) Pause Young (Allocation Failure)
[164.060s][info][gc,heap        ] GC(340) PSYoungGen: 196190K(196608K)->1120K(187904K) Eden: 193536K(193536K)->0K(186368K) From: 2654K(3072K)->1120K(1536K)
[164.060s][info][gc,heap        ] GC(340) ParOldGen: 510398K(510464K)->510414K(510464K)
[164.060s][info][gc,metaspace   ] GC(340) Metaspace: 56419K(56704K)->56419K(56704K) NonClass: 48119K(48320K)->48119K(48320K) Class: 8299K(8384K)->8299K(8384K)
[164.060s][info][gc             ] GC(340) Pause Young (Allocation Failure) 690M->499M(682M) 3.991ms
[164.060s][info][gc,cpu         ] GC(340) User=0.00s Sys=0.00s Real=0.00s
[164.597s][info][gc,start       ] GC(341) Pause Young (Allocation Failure)
[164.600s][info][gc,heap        ] GC(341) PSYoungGen: 187488K(187904K)->990K(180736K) Eden: 186368K(186368K)->0K(179712K) From: 1120K(1536K)->990K(1024K)
[164.600s][info][gc,heap        ] GC(341) ParOldGen: 510414K(510464K)->510430K(510464K)
[164.600s][info][gc,metaspace   ] GC(341) Metaspace: 56419K(56704K)->56419K(56704K) NonClass: 48119K(48320K)->48119K(48320K) Class: 8299K(8384K)->8299K(8384K)
[164.600s][info][gc             ] GC(341) Pause Young (Allocation Failure) 681M->499M(675M) 2.935ms
[164.600s][info][gc,cpu         ] GC(341) User=0.01s Sys=0.00s Real=0.00s
[164.952s][info][gc,start       ] GC(342) Pause Young (Allocation Failure)
[164.957s][info][gc,heap        ] GC(342) PSYoungGen: 180702K(180736K)->2110K(176128K) Eden: 179712K(179712K)->0K(173568K) From: 990K(1024K)->2110K(2560K)
[164.957s][info][gc,heap        ] GC(342) ParOldGen: 510430K(510464K)->510446K(510464K)
[164.957s][info][gc,metaspace   ] GC(342) Metaspace: 56419K(56704K)->56419K(56704K) NonClass: 48119K(48320K)->48119K(48320K) Class: 8299K(8384K)->8299K(8384K)
[164.957s][info][gc             ] GC(342) Pause Young (Allocation Failure) 674M->500M(670M) 4.609ms
[164.957s][info][gc,cpu         ] GC(342) User=0.01s Sys=0.00s Real=0.01s
[165.298s][info][gc,start       ] GC(343) Pause Young (Allocation Failure)
[165.300s][info][gc,heap        ] GC(343) PSYoungGen: 158362K(176128K)->64K(167936K) Eden: 156251K(173568K)->0K(167424K) From: 2110K(2560K)->64K(512K)
[165.300s][info][gc,heap        ] GC(343) ParOldGen: 510446K(510464K)->510462K(510464K)
[165.300s][info][gc,metaspace   ] GC(343) Metaspace: 56423K(56704K)->56423K(56704K) NonClass: 48122K(48320K)->48122K(48320K) Class: 8300K(8384K)->8300K(8384K)
[165.300s][info][gc             ] GC(343) Pause Young (Allocation Failure) 653M->498M(662M) 2.233ms
[165.300s][info][gc,cpu         ] GC(343) User=0.01s Sys=0.00s Real=0.00s
[166.619s][info][gc,start       ] GC(344) Pause Young (Allocation Failure)
[166.680s][info][gc,heap        ] GC(344) PSYoungGen: 167488K(167936K)->128K(204800K) Eden: 167424K(167424K)->0K(201216K) From: 64K(512K)->128K(3584K)
[166.680s][info][gc,heap        ] GC(344) ParOldGen: 510462K(510464K)->588603K(589824K)
[166.680s][info][gc,metaspace   ] GC(344) Metaspace: 56427K(56704K)->56427K(56704K) NonClass: 48126K(48320K)->48126K(48320K) Class: 8300K(8384K)->8300K(8384K)
[166.680s][info][gc             ] GC(344) Pause Young (Allocation Failure) 662M->574M(776M) 60.984ms
[166.680s][info][gc,cpu         ] GC(344) User=0.05s Sys=0.05s Real=0.06s
[168.371s][info][gc,start       ] GC(345) Pause Young (Allocation Failure)
[168.390s][info][gc,heap        ] GC(345) PSYoungGen: 201344K(204800K)->3577K(213504K) Eden: 201216K(201216K)->0K(209920K) From: 128K(3584K)->3577K(3584K)
[168.390s][info][gc,heap        ] GC(345) ParOldGen: 588603K(589824K)->608809K(609280K)
[168.390s][info][gc,metaspace   ] GC(345) Metaspace: 56651K(56960K)->56651K(56960K) NonClass: 48350K(48576K)->48350K(48576K) Class: 8300K(8384K)->8300K(8384K)
[168.390s][info][gc             ] GC(345) Pause Young (Allocation Failure) 771M->598M(803M) 18.497ms
[168.390s][info][gc,cpu         ] GC(345) User=0.02s Sys=0.02s Real=0.02s
[168.865s][info][gc,start       ] GC(346) Pause Young (Allocation Failure)
[168.873s][info][gc,heap        ] GC(346) PSYoungGen: 213497K(213504K)->2622K(221696K) Eden: 209920K(209920K)->0K(209920K) From: 3577K(3584K)->2622K(11776K)
[168.873s][info][gc,heap        ] GC(346) ParOldGen: 608809K(609280K)->612386K(612864K)
[168.873s][info][gc,metaspace   ] GC(346) Metaspace: 56651K(56960K)->56651K(56960K) NonClass: 48350K(48576K)->48350K(48576K) Class: 8300K(8384K)->8300K(8384K)
[168.873s][info][gc             ] GC(346) Pause Young (Allocation Failure) 803M->600M(815M) 8.747ms
[168.873s][info][gc,cpu         ] GC(346) User=0.02s Sys=0.01s Real=0.01s
[169.364s][info][gc,start       ] GC(347) Pause Young (Allocation Failure)
[169.369s][info][gc,heap        ] GC(347) PSYoungGen: 212542K(221696K)->2014K(262144K) Eden: 209920K(209920K)->0K(251904K) From: 2622K(11776K)->2014K(10240K)
[169.369s][info][gc,heap        ] GC(347) ParOldGen: 612386K(612864K)->612873K(613376K)
[169.369s][info][gc,metaspace   ] GC(347) Metaspace: 56651K(56960K)->56651K(56960K) NonClass: 48350K(48576K)->48350K(48576K) Class: 8300K(8384K)->8300K(8384K)
[169.369s][info][gc             ] GC(347) Pause Young (Allocation Failure) 805M->600M(855M) 5.063ms
[169.369s][info][gc,cpu         ] GC(347) User=0.01s Sys=0.00s Real=0.01s
[169.984s][info][gc,start       ] GC(348) Pause Young (Allocation Failure)
[169.988s][info][gc,heap        ] GC(348) PSYoungGen: 253884K(262144K)->1918K(262656K) Eden: 251870K(251904K)->0K(251904K) From: 2014K(10240K)->1918K(10752K)
[169.988s][info][gc,heap        ] GC(348) ParOldGen: 612873K(613376K)->612889K(613376K)
[169.988s][info][gc,metaspace   ] GC(348) Metaspace: 56651K(56960K)->56651K(56960K) NonClass: 48350K(48576K)->48350K(48576K) Class: 8300K(8384K)->8300K(8384K)
[169.988s][info][gc             ] GC(348) Pause Young (Allocation Failure) 846M->600M(855M) 4.497ms
[169.988s][info][gc,cpu         ] GC(348) User=0.01s Sys=0.01s Real=0.01s
[170.578s][info][gc,start       ] GC(349) Pause Young (Allocation Failure)
[170.582s][info][gc,heap        ] GC(349) PSYoungGen: 253822K(262656K)->2014K(311808K) Eden: 251904K(251904K)->0K(302592K) From: 1918K(10752K)->2014K(9216K)
[170.582s][info][gc,heap        ] GC(349) ParOldGen: 612889K(613376K)->612905K(613376K)
[170.582s][info][gc,metaspace   ] GC(349) Metaspace: 56651K(56960K)->56651K(56960K) NonClass: 48350K(48576K)->48350K(48576K) Class: 8300K(8384K)->8300K(8384K)
[170.582s][info][gc             ] GC(349) Pause Young (Allocation Failure) 846M->600M(903M) 4.707ms
[170.582s][info][gc,cpu         ] GC(349) User=0.01s Sys=0.01s Real=0.00s
[171.367s][info][gc,start       ] GC(350) Pause Young (Allocation Failure)
[171.380s][info][gc,heap        ] GC(350) PSYoungGen: 304606K(311808K)->1342K(312320K) Eden: 302592K(302592K)->0K(302592K) From: 2014K(9216K)->1342K(9728K)
[171.380s][info][gc,heap        ] GC(350) ParOldGen: 612905K(613376K)->612921K(613376K)
[171.380s][info][gc,metaspace   ] GC(350) Metaspace: 56651K(56960K)->56651K(56960K) NonClass: 48350K(48576K)->48350K(48576K) Class: 8300K(8384K)->8300K(8384K)
[171.380s][info][gc             ] GC(350) Pause Young (Allocation Failure) 896M->599M(904M) 13.049ms
[171.380s][info][gc,cpu         ] GC(350) User=0.01s Sys=0.00s Real=0.01s
[172.062s][info][gc,start       ] GC(351) Pause Young (Allocation Failure)
[172.066s][info][gc,heap        ] GC(351) PSYoungGen: 303934K(312320K)->1662K(323072K) Eden: 302592K(302592K)->0K(314880K) From: 1342K(9728K)->1662K(8192K)
[172.066s][info][gc,heap        ] GC(351) ParOldGen: 612921K(613376K)->612937K(613376K)
[172.066s][info][gc,metaspace   ] GC(351) Metaspace: 56651K(56960K)->56651K(56960K) NonClass: 48350K(48576K)->48350K(48576K) Class: 8300K(8384K)->8300K(8384K)
[172.066s][info][gc             ] GC(351) Pause Young (Allocation Failure) 895M->600M(914M) 4.282ms
[172.066s][info][gc,cpu         ] GC(351) User=0.01s Sys=0.00s Real=0.00s
[172.838s][info][gc,start       ] GC(352) Pause Young (Allocation Failure)
[172.841s][info][gc,heap        ] GC(352) PSYoungGen: 316542K(323072K)->500K(302592K) Eden: 314880K(314880K)->0K(302080K) From: 1662K(8192K)->500K(512K)
[172.841s][info][gc,heap        ] GC(352) ParOldGen: 612937K(613376K)->612953K(613376K)
[172.841s][info][gc,metaspace   ] GC(352) Metaspace: 56651K(56960K)->56651K(56960K) NonClass: 48350K(48576K)->48350K(48576K) Class: 8300K(8384K)->8300K(8384K)
[172.841s][info][gc             ] GC(352) Pause Young (Allocation Failure) 907M->599M(894M) 2.923ms
[172.841s][info][gc,cpu         ] GC(352) User=0.00s Sys=0.00s Real=0.00s
[173.554s][info][gc,start       ] GC(353) Pause Young (Allocation Failure)
[173.559s][info][gc,heap        ] GC(353) PSYoungGen: 302279K(302592K)->1536K(291328K) Eden: 301779K(302080K)->0K(289792K) From: 500K(512K)->1536K(1536K)
[173.559s][info][gc,heap        ] GC(353) ParOldGen: 612953K(613376K)->612969K(613376K)
[173.559s][info][gc,metaspace   ] GC(353) Metaspace: 56651K(56960K)->56651K(56960K) NonClass: 48350K(48576K)->48350K(48576K) Class: 8300K(8384K)->8300K(8384K)
[173.559s][info][gc             ] GC(353) Pause Young (Allocation Failure) 893M->600M(883M) 4.658ms
[173.559s][info][gc,cpu         ] GC(353) User=0.01s Sys=0.00s Real=0.01s
[174.262s][info][gc,start       ] GC(354) Pause Young (Allocation Failure)
[174.266s][info][gc,heap        ] GC(354) PSYoungGen: 291328K(291328K)->1664K(280064K) Eden: 289792K(289792K)->0K(278016K) From: 1536K(1536K)->1664K(2048K)
[174.266s][info][gc,heap        ] GC(354) ParOldGen: 612969K(613376K)->612985K(613376K)
[174.266s][info][gc,metaspace   ] GC(354) Metaspace: 56651K(56960K)->56651K(56960K) NonClass: 48350K(48576K)->48350K(48576K) Class: 8300K(8384K)->8300K(8384K)
[174.266s][info][gc             ] GC(354) Pause Young (Allocation Failure) 883M->600M(872M) 4.318ms
[174.266s][info][gc,cpu         ] GC(354) User=0.01s Sys=0.00s Real=0.01s
[174.945s][info][gc,start       ] GC(355) Pause Young (Allocation Failure)
[174.949s][info][gc,heap        ] GC(355) PSYoungGen: 279680K(280064K)->1662K(269312K) Eden: 278016K(278016K)->0K(267264K) From: 1664K(2048K)->1662K(2048K)
[174.949s][info][gc,heap        ] GC(355) ParOldGen: 612985K(613376K)->613001K(613376K)
[174.949s][info][gc,metaspace   ] GC(355) Metaspace: 56651K(56960K)->56651K(56960K) NonClass: 48350K(48576K)->48350K(48576K) Class: 8300K(8384K)->8300K(8384K)
[174.949s][info][gc             ] GC(355) Pause Young (Allocation Failure) 871M->600M(862M) 3.934ms
[174.949s][info][gc,cpu         ] GC(355) User=0.00s Sys=0.00s Real=0.01s
[175.564s][info][gc,start       ] GC(356) Pause Young (Allocation Failure)
[175.568s][info][gc,heap        ] GC(356) PSYoungGen: 268926K(269312K)->1632K(259072K) Eden: 267264K(267264K)->0K(257024K) From: 1662K(2048K)->1632K(2048K)
[175.568s][info][gc,heap        ] GC(356) ParOldGen: 613001K(613376K)->613017K(613376K)
[175.568s][info][gc,metaspace   ] GC(356) Metaspace: 56651K(56960K)->56651K(56960K) NonClass: 48350K(48576K)->48350K(48576K) Class: 8300K(8384K)->8300K(8384K)
[175.568s][info][gc             ] GC(356) Pause Young (Allocation Failure) 861M->600M(852M) 4.252ms
[175.568s][info][gc,cpu         ] GC(356) User=0.01s Sys=0.00s Real=0.01s
[176.177s][info][gc,start       ] GC(357) Pause Young (Allocation Failure)
[176.180s][info][gc,heap        ] GC(357) PSYoungGen: 258656K(259072K)->768K(247808K) Eden: 257024K(257024K)->0K(246784K) From: 1632K(2048K)->768K(1024K)
[176.180s][info][gc,heap        ] GC(357) ParOldGen: 613017K(613376K)->613033K(613376K)
[176.180s][info][gc,metaspace   ] GC(357) Metaspace: 56651K(56960K)->56651K(56960K) NonClass: 48350K(48576K)->48350K(48576K) Class: 8300K(8384K)->8300K(8384K)
[176.180s][info][gc             ] GC(357) Pause Young (Allocation Failure) 851M->599M(841M) 3.560ms
[176.180s][info][gc,cpu         ] GC(357) User=0.01s Sys=0.00s Real=0.00s
[176.780s][info][gc,start       ] GC(358) Pause Young (Allocation Failure)
[176.783s][info][gc,heap        ] GC(358) PSYoungGen: 247552K(247808K)->1343K(238592K) Eden: 246784K(246784K)->0K(237056K) From: 768K(1024K)->1343K(1536K)
[176.783s][info][gc,heap        ] GC(358) ParOldGen: 613033K(613376K)->613049K(613376K)
[176.783s][info][gc,metaspace   ] GC(358) Metaspace: 56651K(56960K)->56651K(56960K) NonClass: 48350K(48576K)->48350K(48576K) Class: 8300K(8384K)->8300K(8384K)
[176.783s][info][gc             ] GC(358) Pause Young (Allocation Failure) 840M->599M(832M) 3.532ms
[176.783s][info][gc,cpu         ] GC(358) User=0.00s Sys=0.00s Real=0.00s
[177.365s][info][gc,start       ] GC(359) Pause Young (Allocation Failure)
[177.370s][info][gc,heap        ] GC(359) PSYoungGen: 238399K(238592K)->2623K(230912K) Eden: 237056K(237056K)->0K(227840K) From: 1343K(1536K)->2623K(3072K)
[177.370s][info][gc,heap        ] GC(359) ParOldGen: 613049K(613376K)->613065K(613376K)
[177.370s][info][gc,metaspace   ] GC(359) Metaspace: 56651K(56960K)->56651K(56960K) NonClass: 48350K(48576K)->48350K(48576K) Class: 8300K(8384K)->8300K(8384K)
[177.370s][info][gc             ] GC(359) Pause Young (Allocation Failure) 831M->601M(824M) 5.375ms
[177.370s][info][gc,cpu         ] GC(359) User=0.01s Sys=0.00s Real=0.01s
[177.943s][info][gc,start       ] GC(360) Pause Young (Allocation Failure)
[177.947s][info][gc,heap        ] GC(360) PSYoungGen: 230463K(230912K)->959K(220160K) Eden: 227840K(227840K)->0K(219136K) From: 2623K(3072K)->959K(1024K)
[177.947s][info][gc,heap        ] GC(360) ParOldGen: 613065K(613376K)->613081K(613376K)
[177.947s][info][gc,metaspace   ] GC(360) Metaspace: 56651K(56960K)->56651K(56960K) NonClass: 48350K(48576K)->48350K(48576K) Class: 8300K(8384K)->8300K(8384K)
[177.947s][info][gc             ] GC(360) Pause Young (Allocation Failure) 823M->599M(814M) 3.604ms
[177.947s][info][gc,cpu         ] GC(360) User=0.01s Sys=0.00s Real=0.01s
[178.463s][info][gc,start       ] GC(361) Pause Young (Allocation Failure)
[178.467s][info][gc,heap        ] GC(361) PSYoungGen: 220095K(220160K)->2142K(213504K) Eden: 219136K(219136K)->0K(210944K) From: 959K(1024K)->2142K(2560K)
[178.467s][info][gc,heap        ] GC(361) ParOldGen: 613081K(613376K)->613097K(613376K)
[178.467s][info][gc,metaspace   ] GC(361) Metaspace: 56651K(56960K)->56651K(56960K) NonClass: 48350K(48576K)->48350K(48576K) Class: 8300K(8384K)->8300K(8384K)
[178.467s][info][gc             ] GC(361) Pause Young (Allocation Failure) 813M->600M(807M) 4.450ms
[178.467s][info][gc,cpu         ] GC(361) User=0.01s Sys=0.00s Real=0.01s
[178.961s][info][gc,start       ] GC(362) Pause Young (Allocation Failure)
[178.966s][info][gc,heap        ] GC(362) PSYoungGen: 213086K(213504K)->1952K(205312K) Eden: 210944K(210944K)->0K(203264K) From: 2142K(2560K)->1952K(2048K)
[178.966s][info][gc,heap        ] GC(362) ParOldGen: 613097K(613376K)->613113K(613376K)
[178.966s][info][gc,metaspace   ] GC(362) Metaspace: 56651K(56960K)->56651K(56960K) NonClass: 48350K(48576K)->48350K(48576K) Class: 8300K(8384K)->8300K(8384K)
[178.966s][info][gc             ] GC(362) Pause Young (Allocation Failure) 806M->600M(799M) 4.727ms
[178.966s][info][gc,cpu         ] GC(362) User=0.01s Sys=0.00s Real=0.00s
[179.461s][info][gc,start       ] GC(363) Pause Young (Allocation Failure)
[179.465s][info][gc,heap        ] GC(363) PSYoungGen: 205216K(205312K)->1919K(197632K) Eden: 203264K(203264K)->0K(195584K) From: 1952K(2048K)->1919K(2048K)
[179.465s][info][gc,heap        ] GC(363) ParOldGen: 613113K(613376K)->613129K(613376K)
[179.465s][info][gc,metaspace   ] GC(363) Metaspace: 56651K(56960K)->56651K(56960K) NonClass: 48350K(48576K)->48350K(48576K) Class: 8300K(8384K)->8300K(8384K)
[179.465s][info][gc             ] GC(363) Pause Young (Allocation Failure) 799M->600M(792M) 4.454ms
[179.465s][info][gc,cpu         ] GC(363) User=0.01s Sys=0.00s Real=0.00s
[179.948s][info][gc,start       ] GC(364) Pause Young (Allocation Failure)
[179.951s][info][gc,heap        ] GC(364) PSYoungGen: 197503K(197632K)->1087K(189952K) Eden: 195584K(195584K)->0K(188416K) From: 1919K(2048K)->1087K(1536K)
[179.951s][info][gc,heap        ] GC(364) ParOldGen: 613129K(613376K)->613145K(613376K)
[179.951s][info][gc,metaspace   ] GC(364) Metaspace: 56651K(56960K)->56651K(56960K) NonClass: 48350K(48576K)->48350K(48576K) Class: 8300K(8384K)->8300K(8384K)
[179.951s][info][gc             ] GC(364) Pause Young (Allocation Failure) 791M->599M(784M) 3.195ms
[179.951s][info][gc,cpu         ] GC(364) User=0.01s Sys=0.00s Real=0.00s
[180.380s][info][gc,start       ] GC(365) Pause Young (Allocation Failure)
[180.384s][info][gc,heap        ] GC(365) PSYoungGen: 189503K(189952K)->1567K(183808K) Eden: 188416K(188416K)->0K(181760K) From: 1087K(1536K)->1567K(2048K)
[180.384s][info][gc,heap        ] GC(365) ParOldGen: 613145K(613376K)->613161K(613376K)
[180.384s][info][gc,metaspace   ] GC(365) Metaspace: 56651K(56960K)->56651K(56960K) NonClass: 48350K(48576K)->48350K(48576K) Class: 8300K(8384K)->8300K(8384K)
[180.384s][info][gc             ] GC(365) Pause Young (Allocation Failure) 783M->600M(778M) 4.156ms
[180.384s][info][gc,cpu         ] GC(365) User=0.01s Sys=0.01s Real=0.00s
[180.848s][info][gc,start       ] GC(366) Pause Young (Allocation Failure)
[180.852s][info][gc,heap        ] GC(366) PSYoungGen: 183327K(183808K)->1599K(177152K) Eden: 181760K(181760K)->0K(175104K) From: 1567K(2048K)->1599K(2048K)
[180.852s][info][gc,heap        ] GC(366) ParOldGen: 613161K(613376K)->613177K(613376K)
[180.852s][info][gc,metaspace   ] GC(366) Metaspace: 56651K(56960K)->56651K(56960K) NonClass: 48350K(48576K)->48350K(48576K) Class: 8300K(8384K)->8300K(8384K)
[180.852s][info][gc             ] GC(366) Pause Young (Allocation Failure) 777M->600M(772M) 3.887ms
[180.852s][info][gc,cpu         ] GC(366) User=0.00s Sys=0.00s Real=0.00s
[181.255s][info][gc,start       ] GC(367) Pause Young (Allocation Failure)
[181.259s][info][gc,heap        ] GC(367) PSYoungGen: 176703K(177152K)->1855K(171008K) Eden: 175104K(175104K)->0K(168960K) From: 1599K(2048K)->1855K(2048K)
[181.259s][info][gc,heap        ] GC(367) ParOldGen: 613177K(613376K)->613193K(613376K)
[181.260s][info][gc,metaspace   ] GC(367) Metaspace: 56651K(56960K)->56651K(56960K) NonClass: 48350K(48576K)->48350K(48576K) Class: 8300K(8384K)->8300K(8384K)
[181.260s][info][gc             ] GC(367) Pause Young (Allocation Failure) 771M->600M(766M) 4.456ms
[181.260s][info][gc,cpu         ] GC(367) User=0.01s Sys=0.00s Real=0.01s
[181.659s][info][gc,start       ] GC(368) Pause Young (Allocation Failure)
[181.664s][info][gc,heap        ] GC(368) PSYoungGen: 170815K(171008K)->2208K(165888K) Eden: 168960K(168960K)->0K(163328K) From: 1855K(2048K)->2208K(2560K)
[181.664s][info][gc,heap        ] GC(368) ParOldGen: 613193K(613376K)->613209K(613376K)
[181.664s][info][gc,metaspace   ] GC(368) Metaspace: 56651K(56960K)->56651K(56960K) NonClass: 48350K(48576K)->48350K(48576K) Class: 8300K(8384K)->8300K(8384K)
[181.664s][info][gc             ] GC(368) Pause Young (Allocation Failure) 765M->600M(761M) 5.016ms
[181.664s][info][gc,cpu         ] GC(368) User=0.01s Sys=0.00s Real=0.00s
[182.060s][info][gc,start       ] GC(369) Pause Young (Allocation Failure)
[182.065s][info][gc,heap        ] GC(369) PSYoungGen: 165536K(165888K)->1888K(159744K) Eden: 163328K(163328K)->0K(157696K) From: 2208K(2560K)->1888K(2048K)
[182.065s][info][gc,heap        ] GC(369) ParOldGen: 613209K(613376K)->613225K(613376K)
[182.065s][info][gc,metaspace   ] GC(369) Metaspace: 56651K(56960K)->56651K(56960K) NonClass: 48350K(48576K)->48350K(48576K) Class: 8300K(8384K)->8300K(8384K)
[182.065s][info][gc             ] GC(369) Pause Young (Allocation Failure) 760M->600M(755M) 4.617ms
[182.065s][info][gc,cpu         ] GC(369) User=0.01s Sys=0.00s Real=0.00s
[182.450s][info][gc,start       ] GC(370) Pause Young (Allocation Failure)
[182.454s][info][gc,heap        ] GC(370) PSYoungGen: 159584K(159744K)->1344K(154112K) Eden: 157696K(157696K)->0K(152576K) From: 1888K(2048K)->1344K(1536K)
[182.454s][info][gc,heap        ] GC(370) ParOldGen: 613225K(613376K)->613241K(613376K)
[182.454s][info][gc,metaspace   ] GC(370) Metaspace: 56652K(56960K)->56652K(56960K) NonClass: 48351K(48576K)->48351K(48576K) Class: 8300K(8384K)->8300K(8384K)
[182.454s][info][gc             ] GC(370) Pause Young (Allocation Failure) 754M->600M(749M) 4.381ms
[182.454s][info][gc,cpu         ] GC(370) User=0.01s Sys=0.00s Real=0.00s
[182.778s][info][gc,start       ] GC(371) Pause Young (Allocation Failure)
[182.781s][info][gc,heap        ] GC(371) PSYoungGen: 153920K(154112K)->1023K(148480K) Eden: 152576K(152576K)->0K(147456K) From: 1344K(1536K)->1023K(1024K)
[182.781s][info][gc,heap        ] GC(371) ParOldGen: 613241K(613376K)->613257K(613376K)
[182.781s][info][gc,metaspace   ] GC(371) Metaspace: 56652K(56960K)->56652K(56960K) NonClass: 48351K(48576K)->48351K(48576K) Class: 8300K(8384K)->8300K(8384K)
[182.781s][info][gc             ] GC(371) Pause Young (Allocation Failure) 749M->599M(744M) 3.244ms
[182.782s][info][gc,cpu         ] GC(371) User=0.00s Sys=0.00s Real=0.00s
[183.157s][info][gc,start       ] GC(372) Pause Young (Allocation Failure)
[183.161s][info][gc,heap        ] GC(372) PSYoungGen: 148479K(148480K)->1887K(146944K) Eden: 147456K(147456K)->0K(142848K) From: 1023K(1024K)->1887K(4096K)
[183.161s][info][gc,heap        ] GC(372) ParOldGen: 613257K(613376K)->613273K(613376K)
[183.161s][info][gc,metaspace   ] GC(372) Metaspace: 56652K(56960K)->56652K(56960K) NonClass: 48351K(48576K)->48351K(48576K) Class: 8300K(8384K)->8300K(8384K)
[183.161s][info][gc             ] GC(372) Pause Young (Allocation Failure) 743M->600M(742M) 4.094ms
[183.161s][info][gc,cpu         ] GC(372) User=0.00s Sys=0.00s Real=0.00s
[183.482s][info][gc,start       ] GC(373) Pause Young (Allocation Failure)
[183.484s][info][gc,heap        ] GC(373) PSYoungGen: 144532K(146944K)->480K(138752K) Eden: 142645K(142848K)->0K(138240K) From: 1887K(4096K)->480K(512K)
[183.484s][info][gc,heap        ] GC(373) ParOldGen: 613273K(613376K)->613289K(613376K)
[183.484s][info][gc,metaspace   ] GC(373) Metaspace: 56652K(56960K)->56652K(56960K) NonClass: 48351K(48576K)->48351K(48576K) Class: 8300K(8384K)->8300K(8384K)
[183.484s][info][gc             ] GC(373) Pause Young (Allocation Failure) 740M->599M(734M) 2.922ms
[183.484s][info][gc,cpu         ] GC(373) User=0.00s Sys=0.00s Real=0.00s
[183.851s][info][gc,start       ] GC(374) Pause Young (Allocation Failure)
[183.855s][info][gc,heap        ] GC(374) PSYoungGen: 138720K(138752K)->1823K(137216K) Eden: 138240K(138240K)->0K(133632K) From: 480K(512K)->1823K(3584K)
[183.855s][info][gc,heap        ] GC(374) ParOldGen: 613289K(613376K)->613305K(613376K)
[183.855s][info][gc,metaspace   ] GC(374) Metaspace: 56652K(56960K)->56652K(56960K) NonClass: 48351K(48576K)->48351K(48576K) Class: 8300K(8384K)->8300K(8384K)
[183.855s][info][gc             ] GC(374) Pause Young (Allocation Failure) 734M->600M(733M) 3.957ms
[183.855s][info][gc,cpu         ] GC(374) User=0.01s Sys=0.00s Real=0.00s
[184.160s][info][gc,start       ] GC(375) Pause Young (Allocation Failure)
[184.165s][info][gc,heap        ] GC(375) PSYoungGen: 135455K(137216K)->1920K(162816K) Eden: 133632K(133632K)->0K(160768K) From: 1823K(3584K)->1920K(2048K)
[184.165s][info][gc,heap        ] GC(375) ParOldGen: 613305K(613376K)->613321K(613376K)
[184.165s][info][gc,metaspace   ] GC(375) Metaspace: 56652K(56960K)->56652K(56960K) NonClass: 48351K(48576K)->48351K(48576K) Class: 8300K(8384K)->8300K(8384K)
[184.165s][info][gc             ] GC(375) Pause Young (Allocation Failure) 731M->600M(758M) 4.719ms
[184.165s][info][gc,cpu         ] GC(375) User=0.01s Sys=0.00s Real=0.00s
[184.588s][info][gc,start       ] GC(376) Pause Young (Allocation Failure)
[184.592s][info][gc,heap        ] GC(376) PSYoungGen: 162394K(162816K)->1536K(194560K) Eden: 160474K(160768K)->0K(193024K) From: 1920K(2048K)->1536K(1536K)
[184.592s][info][gc,heap        ] GC(376) ParOldGen: 613321K(613376K)->613337K(613376K)
[184.592s][info][gc,metaspace   ] GC(376) Metaspace: 56657K(56960K)->56657K(56960K) NonClass: 48356K(48576K)->48356K(48576K) Class: 8300K(8384K)->8300K(8384K)
[184.592s][info][gc             ] GC(376) Pause Young (Allocation Failure) 757M->600M(789M) 4.178ms
[184.592s][info][gc,cpu         ] GC(376) User=0.01s Sys=0.00s Real=0.00s
[185.036s][info][gc,start       ] GC(377) Pause Young (Allocation Failure)
[185.038s][info][gc,heap        ] GC(377) PSYoungGen: 194560K(194560K)->192K(186368K) Eden: 193024K(193024K)->0K(185856K) From: 1536K(1536K)->192K(512K)
[185.038s][info][gc,heap        ] GC(377) ParOldGen: 613337K(613376K)->613353K(613376K)
[185.038s][info][gc,metaspace   ] GC(377) Metaspace: 56657K(56960K)->56657K(56960K) NonClass: 48356K(48576K)->48356K(48576K) Class: 8300K(8384K)->8300K(8384K)
[185.038s][info][gc             ] GC(377) Pause Young (Allocation Failure) 788M->599M(781M) 2.502ms
[185.038s][info][gc,cpu         ] GC(377) User=0.00s Sys=0.00s Real=0.01s
[185.462s][info][gc,start       ] GC(378) Pause Young (Allocation Failure)
[185.466s][info][gc,heap        ] GC(378) PSYoungGen: 186048K(186368K)->1631K(182784K) Eden: 185856K(185856K)->0K(179200K) From: 192K(512K)->1631K(3584K)
[185.466s][info][gc,heap        ] GC(378) ParOldGen: 613353K(613376K)->613369K(613376K)
[185.466s][info][gc,metaspace   ] GC(378) Metaspace: 56657K(56960K)->56657K(56960K) NonClass: 48356K(48576K)->48356K(48576K) Class: 8300K(8384K)->8300K(8384K)
[185.466s][info][gc             ] GC(378) Pause Young (Allocation Failure) 780M->600M(777M) 3.648ms
[185.466s][info][gc,cpu         ] GC(378) User=0.01s Sys=0.00s Real=0.00s
[185.874s][info][gc,start       ] GC(379) Pause Young (Allocation Failure)
[185.878s][info][gc,heap        ] GC(379) PSYoungGen: 180831K(182784K)->1280K(174592K) Eden: 179200K(179200K)->0K(173056K) From: 1631K(3584K)->1280K(1536K)
[185.878s][info][gc,heap        ] GC(379) ParOldGen: 613369K(613376K)->613385K(613888K)
[185.878s][info][gc,metaspace   ] GC(379) Metaspace: 56657K(56960K)->56657K(56960K) NonClass: 48356K(48576K)->48356K(48576K) Class: 8300K(8384K)->8300K(8384K)
[185.878s][info][gc             ] GC(379) Pause Young (Allocation Failure) 775M->600M(770M) 3.913ms
[185.878s][info][gc,cpu         ] GC(379) User=0.00s Sys=0.00s Real=0.01s
[186.337s][info][gc,start       ] GC(380) Pause Young (Allocation Failure)
[186.339s][info][gc,heap        ] GC(380) PSYoungGen: 174336K(174592K)->320K(167424K) Eden: 173056K(173056K)->0K(166912K) From: 1280K(1536K)->320K(512K)
[186.339s][info][gc,heap        ] GC(380) ParOldGen: 613385K(613888K)->613401K(613888K)
[186.339s][info][gc,metaspace   ] GC(380) Metaspace: 56657K(56960K)->56657K(56960K) NonClass: 48356K(48576K)->48356K(48576K) Class: 8300K(8384K)->8300K(8384K)
[186.339s][info][gc             ] GC(380) Pause Young (Allocation Failure) 769M->599M(763M) 2.479ms
[186.339s][info][gc,cpu         ] GC(380) User=0.01s Sys=0.00s Real=0.00s
[186.741s][info][gc,start       ] GC(381) Pause Young (Allocation Failure)
[186.744s][info][gc,heap        ] GC(381) PSYoungGen: 167232K(167424K)->662K(162304K) Eden: 166912K(166912K)->0K(161280K) From: 320K(512K)->662K(1024K)
[186.744s][info][gc,heap        ] GC(381) ParOldGen: 613401K(613888K)->613417K(613888K)
[186.744s][info][gc,metaspace   ] GC(381) Metaspace: 56657K(56960K)->56657K(56960K) NonClass: 48356K(48576K)->48356K(48576K) Class: 8300K(8384K)->8300K(8384K)
[186.744s][info][gc             ] GC(381) Pause Young (Allocation Failure) 762M->599M(758M) 2.956ms
[186.744s][info][gc,cpu         ] GC(381) User=0.00s Sys=0.00s Real=0.00s
[187.087s][info][gc,start       ] GC(382) Pause Young (Allocation Failure)
[187.089s][info][gc,heap        ] GC(382) PSYoungGen: 161623K(162304K)->735K(156672K) Eden: 160961K(161280K)->0K(155648K) From: 662K(1024K)->735K(1024K)
[187.089s][info][gc,heap        ] GC(382) ParOldGen: 613417K(613888K)->613433K(613888K)
[187.089s][info][gc,metaspace   ] GC(382) Metaspace: 56657K(56960K)->56657K(56960K) NonClass: 48356K(48576K)->48356K(48576K) Class: 8300K(8384K)->8300K(8384K)
[187.089s][info][gc             ] GC(382) Pause Young (Allocation Failure) 756M->599M(752M) 2.631ms
[187.089s][info][gc,cpu         ] GC(382) User=0.00s Sys=0.00s Real=0.00s
[187.478s][info][gc,start       ] GC(383) Pause Young (Allocation Failure)
[187.483s][info][gc,heap        ] GC(383) PSYoungGen: 156383K(156672K)->1983K(152576K) Eden: 155648K(155648K)->0K(150528K) From: 735K(1024K)->1983K(2048K)
[187.483s][info][gc,heap        ] GC(383) ParOldGen: 613433K(613888K)->613449K(613888K)
[187.483s][info][gc,metaspace   ] GC(383) Metaspace: 56657K(56960K)->56657K(56960K) NonClass: 48356K(48576K)->48356K(48576K) Class: 8300K(8384K)->8300K(8384K)
[187.483s][info][gc             ] GC(383) Pause Young (Allocation Failure) 751M->601M(748M) 4.463ms
[187.483s][info][gc,cpu         ] GC(383) User=0.00s Sys=0.00s Real=0.00s
[187.852s][info][gc,start       ] GC(384) Pause Young (Allocation Failure)
[187.856s][info][gc,heap        ] GC(384) PSYoungGen: 152511K(152576K)->1024K(146432K) Eden: 150528K(150528K)->0K(145408K) From: 1983K(2048K)->1024K(1024K)
[187.856s][info][gc,heap        ] GC(384) ParOldGen: 613449K(613888K)->613465K(613888K)
[187.856s][info][gc,metaspace   ] GC(384) Metaspace: 56657K(56960K)->56657K(56960K) NonClass: 48356K(48576K)->48356K(48576K) Class: 8300K(8384K)->8300K(8384K)
[187.856s][info][gc             ] GC(384) Pause Young (Allocation Failure) 748M->600M(742M) 3.557ms
[187.856s][info][gc,cpu         ] GC(384) User=0.01s Sys=0.00s Real=0.00s
[188.179s][info][gc,start       ] GC(385) Pause Young (Allocation Failure)
[188.183s][info][gc,heap        ] GC(385) PSYoungGen: 146432K(146432K)->1599K(142848K) Eden: 145408K(145408K)->0K(140800K) From: 1024K(1024K)->1599K(2048K)
[188.183s][info][gc,heap        ] GC(385) ParOldGen: 613465K(613888K)->613481K(613888K)
[188.183s][info][gc,metaspace   ] GC(385) Metaspace: 56657K(56960K)->56657K(56960K) NonClass: 48356K(48576K)->48356K(48576K) Class: 8300K(8384K)->8300K(8384K)
[188.183s][info][gc             ] GC(385) Pause Young (Allocation Failure) 742M->600M(739M) 3.760ms
[188.183s][info][gc,cpu         ] GC(385) User=0.01s Sys=0.00s Real=0.00s
[188.551s][info][gc,start       ] GC(386) Pause Young (Allocation Failure)
[188.555s][info][gc,heap        ] GC(386) PSYoungGen: 142399K(142848K)->1535K(137728K) Eden: 140800K(140800K)->0K(136192K) From: 1599K(2048K)->1535K(1536K)
[188.555s][info][gc,heap        ] GC(386) ParOldGen: 613481K(613888K)->613497K(613888K)
[188.555s][info][gc,metaspace   ] GC(386) Metaspace: 56657K(56960K)->56657K(56960K) NonClass: 48356K(48576K)->48356K(48576K) Class: 8300K(8384K)->8300K(8384K)
[188.555s][info][gc             ] GC(386) Pause Young (Allocation Failure) 738M->600M(734M) 3.822ms
[188.555s][info][gc,cpu         ] GC(386) User=0.01s Sys=0.00s Real=0.00s
[188.864s][info][gc,start       ] GC(387) Pause Young (Allocation Failure)
[188.867s][info][gc,heap        ] GC(387) PSYoungGen: 137727K(137728K)->1407K(133632K) Eden: 136192K(136192K)->0K(132096K) From: 1535K(1536K)->1407K(1536K)
[188.867s][info][gc,heap        ] GC(387) ParOldGen: 613497K(613888K)->613513K(613888K)
[188.867s][info][gc,metaspace   ] GC(387) Metaspace: 56657K(56960K)->56657K(56960K) NonClass: 48356K(48576K)->48356K(48576K) Class: 8300K(8384K)->8300K(8384K)
[188.868s][info][gc             ] GC(387) Pause Young (Allocation Failure) 733M->600M(730M) 3.550ms
[188.868s][info][gc,cpu         ] GC(387) User=0.00s Sys=0.00s Real=0.01s
[189.175s][info][gc,start       ] GC(388) Pause Young (Allocation Failure)
[189.179s][info][gc,heap        ] GC(388) PSYoungGen: 133503K(133632K)->2142K(161280K) Eden: 132096K(132096K)->0K(158720K) From: 1407K(1536K)->2142K(2560K)
[189.179s][info][gc,heap        ] GC(388) ParOldGen: 613513K(613888K)->613529K(613888K)
[189.179s][info][gc,metaspace   ] GC(388) Metaspace: 56657K(56960K)->56657K(56960K) NonClass: 48356K(48576K)->48356K(48576K) Class: 8300K(8384K)->8300K(8384K)
[189.179s][info][gc             ] GC(388) Pause Young (Allocation Failure) 729M->601M(757M) 4.245ms
[189.179s][info][gc,cpu         ] GC(388) User=0.00s Sys=0.00s Real=0.01s
[189.569s][info][gc,start       ] GC(389) Pause Young (Allocation Failure)
[189.574s][info][gc,heap        ] GC(389) PSYoungGen: 160862K(161280K)->1952K(192512K) Eden: 158720K(158720K)->0K(190464K) From: 2142K(2560K)->1952K(2048K)
[189.574s][info][gc,heap        ] GC(389) ParOldGen: 613529K(613888K)->613545K(613888K)
[189.574s][info][gc,metaspace   ] GC(389) Metaspace: 56657K(56960K)->56657K(56960K) NonClass: 48356K(48576K)->48356K(48576K) Class: 8300K(8384K)->8300K(8384K)
[189.574s][info][gc             ] GC(389) Pause Young (Allocation Failure) 756M->601M(787M) 4.804ms
[189.574s][info][gc,cpu         ] GC(389) User=0.01s Sys=0.00s Real=0.00s
[190.048s][info][gc,start       ] GC(390) Pause Young (Allocation Failure)
[190.055s][info][gc,heap        ] GC(390) PSYoungGen: 192416K(192512K)->1727K(230912K) Eden: 190464K(190464K)->0K(228864K) From: 1952K(2048K)->1727K(2048K)
[190.055s][info][gc,heap        ] GC(390) ParOldGen: 613545K(613888K)->613561K(613888K)
[190.055s][info][gc,metaspace   ] GC(390) Metaspace: 56657K(56960K)->56657K(56960K) NonClass: 48356K(48576K)->48356K(48576K) Class: 8300K(8384K)->8300K(8384K)
[190.055s][info][gc             ] GC(390) Pause Young (Allocation Failure) 787M->600M(825M) 7.513ms
[190.055s][info][gc,cpu         ] GC(390) User=0.00s Sys=0.00s Real=0.00s
[190.573s][info][gc,start       ] GC(391) Pause Young (Allocation Failure)
[190.577s][info][gc,heap        ] GC(391) PSYoungGen: 230591K(230912K)->1791K(242176K) Eden: 228864K(228864K)->0K(239616K) From: 1727K(2048K)->1791K(2560K)
[190.577s][info][gc,heap        ] GC(391) ParOldGen: 613561K(613888K)->613577K(613888K)
[190.577s][info][gc,metaspace   ] GC(391) Metaspace: 56657K(56960K)->56657K(56960K) NonClass: 48356K(48576K)->48356K(48576K) Class: 8300K(8384K)->8300K(8384K)
[190.577s][info][gc             ] GC(391) Pause Young (Allocation Failure) 824M->600M(836M) 4.083ms
[190.577s][info][gc,cpu         ] GC(391) User=0.01s Sys=0.00s Real=0.01s
[191.165s][info][gc,start       ] GC(392) Pause Young (Allocation Failure)
[191.169s][info][gc,heap        ] GC(392) PSYoungGen: 241258K(242176K)->1632K(232448K) Eden: 239467K(239616K)->0K(230400K) From: 1791K(2560K)->1632K(2048K)
[191.169s][info][gc,heap        ] GC(392) ParOldGen: 613577K(613888K)->613593K(613888K)
[191.169s][info][gc,metaspace   ] GC(392) Metaspace: 56657K(56960K)->56657K(56960K) NonClass: 48356K(48576K)->48356K(48576K) Class: 8300K(8384K)->8300K(8384K)
[191.169s][info][gc             ] GC(392) Pause Young (Allocation Failure) 834M->600M(826M) 4.415ms
[191.169s][info][gc,cpu         ] GC(392) User=0.01s Sys=0.00s Real=0.01s
[191.743s][info][gc,start       ] GC(393) Pause Young (Allocation Failure)
[191.746s][info][gc,heap        ] GC(393) PSYoungGen: 232032K(232448K)->768K(222720K) Eden: 230400K(230400K)->0K(221696K) From: 1632K(2048K)->768K(1024K)
[191.746s][info][gc,heap        ] GC(393) ParOldGen: 613593K(613888K)->613609K(613888K)
[191.746s][info][gc,metaspace   ] GC(393) Metaspace: 56657K(56960K)->56657K(56960K) NonClass: 48356K(48576K)->48356K(48576K) Class: 8300K(8384K)->8300K(8384K)
[191.746s][info][gc             ] GC(393) Pause Young (Allocation Failure) 825M->599M(817M) 3.117ms
[191.746s][info][gc,cpu         ] GC(393) User=0.00s Sys=0.00s Real=0.01s
[192.265s][info][gc,start       ] GC(394) Pause Young (Allocation Failure)
[192.269s][info][gc,heap        ] GC(394) PSYoungGen: 222464K(222720K)->1568K(215552K) Eden: 221696K(221696K)->0K(213504K) From: 768K(1024K)->1568K(2048K)
[192.269s][info][gc,heap        ] GC(394) ParOldGen: 613609K(613888K)->613625K(613888K)
[192.269s][info][gc,metaspace   ] GC(394) Metaspace: 56657K(56960K)->56657K(56960K) NonClass: 48356K(48576K)->48356K(48576K) Class: 8300K(8384K)->8300K(8384K)
[192.269s][info][gc             ] GC(394) Pause Young (Allocation Failure) 816M->600M(810M) 4.216ms
[192.269s][info][gc,cpu         ] GC(394) User=0.01s Sys=0.00s Real=0.01s
[192.769s][info][gc,start       ] GC(395) Pause Young (Allocation Failure)
[192.774s][info][gc,heap        ] GC(395) PSYoungGen: 215072K(215552K)->1888K(207872K) Eden: 213504K(213504K)->0K(205824K) From: 1568K(2048K)->1888K(2048K)
[192.774s][info][gc,heap        ] GC(395) ParOldGen: 613625K(613888K)->613641K(613888K)
[192.774s][info][gc,metaspace   ] GC(395) Metaspace: 56657K(56960K)->56657K(56960K) NonClass: 48356K(48576K)->48356K(48576K) Class: 8300K(8384K)->8300K(8384K)
[192.774s][info][gc             ] GC(395) Pause Young (Allocation Failure) 809M->601M(802M) 4.571ms
[192.774s][info][gc,cpu         ] GC(395) User=0.01s Sys=0.00s Real=0.00s
[193.271s][info][gc,start       ] GC(396) Pause Young (Allocation Failure)
[193.276s][info][gc,heap        ] GC(396) PSYoungGen: 207712K(207872K)->2111K(200704K) Eden: 205824K(205824K)->0K(198144K) From: 1888K(2048K)->2111K(2560K)
[193.276s][info][gc,heap        ] GC(396) ParOldGen: 613641K(613888K)->613657K(613888K)
[193.276s][info][gc,metaspace   ] GC(396) Metaspace: 56657K(56960K)->56657K(56960K) NonClass: 48356K(48576K)->48356K(48576K) Class: 8300K(8384K)->8300K(8384K)
[193.276s][info][gc             ] GC(396) Pause Young (Allocation Failure) 802M->601M(795M) 4.657ms
[193.276s][info][gc,cpu         ] GC(396) User=0.00s Sys=0.00s Real=0.00s
[193.758s][info][gc,start       ] GC(397) Pause Young (Allocation Failure)
[193.762s][info][gc,heap        ] GC(397) PSYoungGen: 200255K(200704K)->2015K(193024K) Eden: 198144K(198144K)->0K(190976K) From: 2111K(2560K)->2015K(2048K)
[193.762s][info][gc,heap        ] GC(397) ParOldGen: 613657K(613888K)->613673K(613888K)
[193.762s][info][gc,metaspace   ] GC(397) Metaspace: 56657K(56960K)->56657K(56960K) NonClass: 48356K(48576K)->48356K(48576K) Class: 8300K(8384K)->8300K(8384K)
[193.763s][info][gc             ] GC(397) Pause Young (Allocation Failure) 794M->601M(788M) 4.155ms
[193.763s][info][gc,cpu         ] GC(397) User=0.01s Sys=0.00s Real=0.00s
[194.241s][info][gc,start       ] GC(398) Pause Young (Allocation Failure)
[194.244s][info][gc,heap        ] GC(398) PSYoungGen: 192991K(193024K)->703K(185344K) Eden: 190976K(190976K)->0K(184320K) From: 2015K(2048K)->703K(1024K)
[194.244s][info][gc,heap        ] GC(398) ParOldGen: 613673K(613888K)->613689K(613888K)
[194.244s][info][gc,metaspace   ] GC(398) Metaspace: 56657K(56960K)->56657K(56960K) NonClass: 48356K(48576K)->48356K(48576K) Class: 8300K(8384K)->8300K(8384K)
[194.244s][info][gc             ] GC(398) Pause Young (Allocation Failure) 787M->599M(780M) 2.942ms
[194.244s][info][gc,cpu         ] GC(398) User=0.01s Sys=0.00s Real=0.00s
[194.735s][info][gc,start       ] GC(399) Pause Young (Allocation Failure)
[194.738s][info][gc,heap        ] GC(399) PSYoungGen: 185023K(185344K)->1120K(179200K) Eden: 184320K(184320K)->0K(177664K) From: 703K(1024K)->1120K(1536K)
[194.738s][info][gc,heap        ] GC(399) ParOldGen: 613689K(613888K)->613705K(613888K)
[194.738s][info][gc,metaspace   ] GC(399) Metaspace: 56657K(56960K)->56657K(56960K) NonClass: 48356K(48576K)->48356K(48576K) Class: 8300K(8384K)->8300K(8384K)
[194.738s][info][gc             ] GC(399) Pause Young (Allocation Failure) 779M->600M(774M) 3.704ms
[194.738s][info][gc,cpu         ] GC(399) User=0.01s Sys=0.00s Real=0.01s
[195.075s][info][gc,start       ] GC(400) Pause Young (Allocation Failure)
[195.079s][info][gc,heap        ] GC(400) PSYoungGen: 178784K(179200K)->1759K(173568K) Eden: 177664K(177664K)->0K(171520K) From: 1120K(1536K)->1759K(2048K)
[195.079s][info][gc,heap        ] GC(400) ParOldGen: 613705K(613888K)->613721K(613888K)
[195.079s][info][gc,metaspace   ] GC(400) Metaspace: 56657K(56960K)->56657K(56960K) NonClass: 48356K(48576K)->48356K(48576K) Class: 8300K(8384K)->8300K(8384K)
[195.079s][info][gc             ] GC(400) Pause Young (Allocation Failure) 773M->601M(769M) 4.005ms
[195.079s][info][gc,cpu         ] GC(400) User=0.01s Sys=0.00s Real=0.01s
[195.483s][info][gc,start       ] GC(401) Pause Young (Allocation Failure)
[195.486s][info][gc,heap        ] GC(401) PSYoungGen: 173036K(173568K)->608K(166400K) Eden: 171277K(171520K)->0K(165376K) From: 1759K(2048K)->608K(1024K)
[195.486s][info][gc,heap        ] GC(401) ParOldGen: 613721K(613888K)->613737K(613888K)
[195.486s][info][gc,metaspace   ] GC(401) Metaspace: 56657K(56960K)->56657K(56960K) NonClass: 48356K(48576K)->48356K(48576K) Class: 8300K(8384K)->8300K(8384K)
[195.486s][info][gc             ] GC(401) Pause Young (Allocation Failure) 768M->599M(762M) 2.992ms
[195.486s][info][gc,cpu         ] GC(401) User=0.01s Sys=0.00s Real=0.01s
[195.927s][info][gc,start       ] GC(402) Pause Young (Allocation Failure)
[195.930s][info][gc,heap        ] GC(402) PSYoungGen: 165984K(166400K)->1183K(161280K) Eden: 165376K(165376K)->0K(159744K) From: 608K(1024K)->1183K(1536K)
[195.930s][info][gc,heap        ] GC(402) ParOldGen: 613737K(613888K)->613753K(613888K)
[195.930s][info][gc,metaspace   ] GC(402) Metaspace: 56657K(56960K)->56657K(56960K) NonClass: 48356K(48576K)->48356K(48576K) Class: 8300K(8384K)->8300K(8384K)
[195.930s][info][gc             ] GC(402) Pause Young (Allocation Failure) 761M->600M(757M) 3.299ms
[195.930s][info][gc,cpu         ] GC(402) User=0.00s Sys=0.00s Real=0.00s
[196.271s][info][gc,start       ] GC(403) Pause Young (Allocation Failure)
[196.275s][info][gc,heap        ] GC(403) PSYoungGen: 160625K(161280K)->1568K(156160K) Eden: 159441K(159744K)->0K(154112K) From: 1183K(1536K)->1568K(2048K)
[196.275s][info][gc,heap        ] GC(403) ParOldGen: 613753K(613888K)->613769K(613888K)
[196.275s][info][gc,metaspace   ] GC(403) Metaspace: 56657K(56960K)->56657K(56960K) NonClass: 48356K(48576K)->48356K(48576K) Class: 8300K(8384K)->8300K(8384K)
[196.275s][info][gc             ] GC(403) Pause Young (Allocation Failure) 756M->600M(752M) 4.109ms
[196.275s][info][gc,cpu         ] GC(403) User=0.00s Sys=0.00s Real=0.00s
[196.659s][info][gc,start       ] GC(404) Pause Young (Allocation Failure)
[196.663s][info][gc,heap        ] GC(404) PSYoungGen: 155680K(156160K)->1727K(151040K) Eden: 154112K(154112K)->0K(148992K) From: 1568K(2048K)->1727K(2048K)
[196.663s][info][gc,heap        ] GC(404) ParOldGen: 613769K(613888K)->613785K(613888K)
[196.663s][info][gc,metaspace   ] GC(404) Metaspace: 56657K(56960K)->56657K(56960K) NonClass: 48356K(48576K)->48356K(48576K) Class: 8300K(8384K)->8300K(8384K)
[196.663s][info][gc             ] GC(404) Pause Young (Allocation Failure) 751M->601M(747M) 4.048ms
[196.663s][info][gc,cpu         ] GC(404) User=0.01s Sys=0.00s Real=0.00s
[197.039s][info][gc,start       ] GC(405) Pause Young (Allocation Failure)
[197.041s][info][gc,heap        ] GC(405) PSYoungGen: 150719K(151040K)->487K(144384K) Eden: 148992K(148992K)->0K(143872K) From: 1727K(2048K)->487K(512K)
[197.041s][info][gc,heap        ] GC(405) ParOldGen: 613785K(613888K)->613801K(613888K)
[197.041s][info][gc,metaspace   ] GC(405) Metaspace: 56657K(56960K)->56657K(56960K) NonClass: 48356K(48576K)->48356K(48576K) Class: 8300K(8384K)->8300K(8384K)
[197.041s][info][gc             ] GC(405) Pause Young (Allocation Failure) 746M->599M(740M) 2.597ms
[197.041s][info][gc,cpu         ] GC(405) User=0.00s Sys=0.00s Real=0.00s
[197.360s][info][gc,start       ] GC(406) Pause Young (Allocation Failure)
[197.363s][info][gc,heap        ] GC(406) PSYoungGen: 144359K(144384K)->1759K(142336K) Eden: 143872K(143872K)->0K(139264K) From: 487K(512K)->1759K(3072K)
[197.363s][info][gc,heap        ] GC(406) ParOldGen: 613801K(613888K)->613817K(613888K)
[197.363s][info][gc,metaspace   ] GC(406) Metaspace: 56657K(56960K)->56657K(56960K) NonClass: 48356K(48576K)->48356K(48576K) Class: 8300K(8384K)->8300K(8384K)
[197.364s][info][gc             ] GC(406) Pause Young (Allocation Failure) 740M->601M(738M) 3.793ms
[197.364s][info][gc,cpu         ] GC(406) User=0.01s Sys=0.00s Real=0.00s
[197.678s][info][gc,start       ] GC(407) Pause Young (Allocation Failure)
[197.682s][info][gc,heap        ] GC(407) PSYoungGen: 141023K(142336K)->1695K(136704K) Eden: 139264K(139264K)->0K(134656K) From: 1759K(3072K)->1695K(2048K)
[197.682s][info][gc,heap        ] GC(407) ParOldGen: 613817K(613888K)->613833K(613888K)
[197.682s][info][gc,metaspace   ] GC(407) Metaspace: 56657K(56960K)->56657K(56960K) NonClass: 48356K(48576K)->48356K(48576K) Class: 8300K(8384K)->8300K(8384K)
[197.682s][info][gc             ] GC(407) Pause Young (Allocation Failure) 737M->601M(733M) 4.054ms
[197.682s][info][gc,cpu         ] GC(407) User=0.01s Sys=0.00s Real=0.00s
[198.039s][info][gc,start       ] GC(408) Pause Young (Allocation Failure)
[198.042s][info][gc,heap        ] GC(408) PSYoungGen: 136351K(136704K)->509K(131072K) Eden: 134656K(134656K)->0K(130560K) From: 1695K(2048K)->509K(512K)
[198.042s][info][gc,heap        ] GC(408) ParOldGen: 613833K(613888K)->613849K(613888K)
[198.042s][info][gc,metaspace   ] GC(408) Metaspace: 56657K(56960K)->56657K(56960K) NonClass: 48356K(48576K)->48356K(48576K) Class: 8300K(8384K)->8300K(8384K)
[198.042s][info][gc             ] GC(408) Pause Young (Allocation Failure) 732M->599M(727M) 2.599ms
[198.042s][info][gc,cpu         ] GC(408) User=0.01s Sys=0.00s Real=0.00s
[198.403s][info][gc,start       ] GC(409) Pause Young (Allocation Failure)
[198.406s][info][gc,heap        ] GC(409) PSYoungGen: 131069K(131072K)->607K(127488K) Eden: 130560K(130560K)->0K(126464K) From: 509K(512K)->607K(1024K)
[198.406s][info][gc,heap        ] GC(409) ParOldGen: 613849K(613888K)->613865K(613888K)
[198.406s][info][gc,metaspace   ] GC(409) Metaspace: 56665K(57024K)->56665K(57024K) NonClass: 48364K(48640K)->48364K(48640K) Class: 8300K(8384K)->8300K(8384K)
[198.406s][info][gc             ] GC(409) Pause Young (Allocation Failure) 727M->600M(724M) 2.630ms
[198.406s][info][gc,cpu         ] GC(409) User=0.00s Sys=0.00s Real=0.00s
[198.650s][info][gc,start       ] GC(410) Pause Young (Allocation Failure)
[198.654s][info][gc,heap        ] GC(410) PSYoungGen: 127071K(127488K)->1695K(124416K) Eden: 126464K(126464K)->0K(122368K) From: 607K(1024K)->1695K(2048K)
[198.654s][info][gc,heap        ] GC(410) ParOldGen: 613865K(613888K)->613881K(613888K)
[198.654s][info][gc,metaspace   ] GC(410) Metaspace: 56665K(57024K)->56665K(57024K) NonClass: 48364K(48640K)->48364K(48640K) Class: 8300K(8384K)->8300K(8384K)
[198.654s][info][gc             ] GC(410) Pause Young (Allocation Failure) 723M->601M(721M) 3.942ms
[198.654s][info][gc,cpu         ] GC(410) User=0.00s Sys=0.00s Real=0.00s
[198.950s][info][gc,start       ] GC(411) Pause Young (Allocation Failure)
[198.953s][info][gc,heap        ] GC(411) PSYoungGen: 124063K(124416K)->1343K(148480K) Eden: 122368K(122368K)->0K(146944K) From: 1695K(2048K)->1343K(1536K)
[198.953s][info][gc,heap        ] GC(411) ParOldGen: 613881K(613888K)->613897K(614400K)
[198.953s][info][gc,metaspace   ] GC(411) Metaspace: 56665K(57024K)->56665K(57024K) NonClass: 48364K(48640K)->48364K(48640K) Class: 8300K(8384K)->8300K(8384K)
[198.953s][info][gc             ] GC(411) Pause Young (Allocation Failure) 720M->600M(745M) 3.431ms
[198.953s][info][gc,cpu         ] GC(411) User=0.01s Sys=0.00s Real=0.00s
[199.273s][info][gc,start       ] GC(412) Pause Young (Allocation Failure)
[199.278s][info][gc,heap        ] GC(412) PSYoungGen: 148287K(148480K)->2111K(179200K) Eden: 146944K(146944K)->0K(176640K) From: 1343K(1536K)->2111K(2560K)
[199.278s][info][gc,heap        ] GC(412) ParOldGen: 613897K(614400K)->613913K(614400K)
[199.278s][info][gc,metaspace   ] GC(412) Metaspace: 56665K(57024K)->56665K(57024K) NonClass: 48364K(48640K)->48364K(48640K) Class: 8300K(8384K)->8300K(8384K)
[199.278s][info][gc             ] GC(412) Pause Young (Allocation Failure) 744M->601M(775M) 4.368ms
[199.278s][info][gc,cpu         ] GC(412) User=0.01s Sys=0.00s Real=0.01s
[199.737s][info][gc,start       ] GC(413) Pause Young (Allocation Failure)
[199.740s][info][gc,heap        ] GC(413) PSYoungGen: 178643K(179200K)->384K(171008K) Eden: 176531K(176640K)->0K(170496K) From: 2111K(2560K)->384K(512K)
[199.740s][info][gc,heap        ] GC(413) ParOldGen: 613913K(614400K)->613929K(614400K)
[199.740s][info][gc,metaspace   ] GC(413) Metaspace: 56665K(57024K)->56665K(57024K) NonClass: 48364K(48640K)->48364K(48640K) Class: 8300K(8384K)->8300K(8384K)
[199.740s][info][gc             ] GC(413) Pause Young (Allocation Failure) 773M->599M(767M) 2.675ms
[199.740s][info][gc,cpu         ] GC(413) User=0.00s Sys=0.00s Real=0.00s
[200.144s][info][gc,start       ] GC(414) Pause Young (Allocation Failure)
[200.148s][info][gc,heap        ] GC(414) PSYoungGen: 170880K(171008K)->1471K(167424K) Eden: 170496K(170496K)->0K(164352K) From: 384K(512K)->1471K(3072K)
[200.148s][info][gc,heap        ] GC(414) ParOldGen: 613929K(614400K)->613945K(614400K)
[200.148s][info][gc,metaspace   ] GC(414) Metaspace: 56665K(57024K)->56665K(57024K) NonClass: 48364K(48640K)->48364K(48640K) Class: 8300K(8384K)->8300K(8384K)
[200.148s][info][gc             ] GC(414) Pause Young (Allocation Failure) 766M->600M(763M) 3.511ms
[200.148s][info][gc,cpu         ] GC(414) User=0.00s Sys=0.00s Real=0.01s
[200.558s][info][gc,start       ] GC(415) Pause Young (Allocation Failure)
[200.577s][info][gc,heap        ] GC(415) PSYoungGen: 165823K(167424K)->1279K(199168K) Eden: 164352K(164352K)->0K(197632K) From: 1471K(3072K)->1279K(1536K)
[200.577s][info][gc,heap        ] GC(415) ParOldGen: 613945K(614400K)->613961K(614400K)
[200.577s][info][gc,metaspace   ] GC(415) Metaspace: 56665K(57024K)->56665K(57024K) NonClass: 48364K(48640K)->48364K(48640K) Class: 8300K(8384K)->8300K(8384K)
[200.578s][info][gc             ] GC(415) Pause Young (Allocation Failure) 761M->600M(794M) 19.071ms
[200.578s][info][gc,cpu         ] GC(415) User=0.01s Sys=0.00s Real=0.02s
[200.988s][info][gc,start       ] GC(416) Pause Young (Allocation Failure)
[200.992s][info][gc,heap        ] GC(416) PSYoungGen: 198911K(199168K)->831K(214016K) Eden: 197632K(197632K)->0K(210944K) From: 1279K(1536K)->831K(3072K)
[200.992s][info][gc,heap        ] GC(416) ParOldGen: 613961K(614400K)->613977K(614400K)
[200.992s][info][gc,metaspace   ] GC(416) Metaspace: 56665K(57024K)->56665K(57024K) NonClass: 48364K(48640K)->48364K(48640K) Class: 8300K(8384K)->8300K(8384K)
[200.992s][info][gc             ] GC(416) Pause Young (Allocation Failure) 793M->600M(809M) 3.885ms
[200.992s][info][gc,cpu         ] GC(416) User=0.01s Sys=0.00s Real=0.00s
[201.537s][info][gc,start       ] GC(417) Pause Young (Allocation Failure)
[201.540s][info][gc,heap        ] GC(417) PSYoungGen: 211641K(214016K)->352K(240128K) Eden: 210810K(210944K)->0K(237568K) From: 831K(3072K)->352K(2560K)
[201.540s][info][gc,heap        ] GC(417) ParOldGen: 613977K(614400K)->613993K(614400K)
[201.540s][info][gc,metaspace   ] GC(417) Metaspace: 56665K(57024K)->56665K(57024K) NonClass: 48364K(48640K)->48364K(48640K) Class: 8300K(8384K)->8300K(8384K)
[201.540s][info][gc             ] GC(417) Pause Young (Allocation Failure) 806M->599M(834M) 2.704ms
[201.540s][info][gc,cpu         ] GC(417) User=0.00s Sys=0.00s Real=0.00s
[202.107s][info][gc,start       ] GC(418) Pause Young (Allocation Failure)
[202.113s][info][gc,heap        ] GC(418) PSYoungGen: 237807K(240128K)->1856K(240128K) Eden: 237455K(237568K)->0K(237568K) From: 352K(2560K)->1856K(2560K)
[202.113s][info][gc,heap        ] GC(418) ParOldGen: 613993K(614400K)->614009K(614400K)
[202.113s][info][gc,metaspace   ] GC(418) Metaspace: 56665K(57024K)->56665K(57024K) NonClass: 48364K(48640K)->48364K(48640K) Class: 8300K(8384K)->8300K(8384K)
[202.113s][info][gc             ] GC(418) Pause Young (Allocation Failure) 831M->601M(834M) 5.265ms
[202.113s][info][gc,cpu         ] GC(418) User=0.01s Sys=0.00s Real=0.00s
[202.663s][info][gc,start       ] GC(419) Pause Young (Allocation Failure)
[202.670s][info][gc,heap        ] GC(419) PSYoungGen: 239424K(240128K)->2271K(288256K) Eden: 237568K(237568K)->0K(285184K) From: 1856K(2560K)->2271K(3072K)
[202.670s][info][gc,heap        ] GC(419) ParOldGen: 614009K(614400K)->614025K(614400K)
[202.670s][info][gc,metaspace   ] GC(419) Metaspace: 56665K(57024K)->56665K(57024K) NonClass: 48364K(48640K)->48364K(48640K) Class: 8300K(8384K)->8300K(8384K)
[202.670s][info][gc             ] GC(419) Pause Young (Allocation Failure) 833M->601M(881M) 6.950ms
[202.670s][info][gc,cpu         ] GC(419) User=0.01s Sys=0.00s Real=0.01s
[203.369s][info][gc,start       ] GC(420) Pause Young (Allocation Failure)
[203.374s][info][gc,heap        ] GC(420) PSYoungGen: 287455K(288256K)->1088K(288256K) Eden: 285184K(285184K)->0K(285184K) From: 2271K(3072K)->1088K(3072K)
[203.374s][info][gc,heap        ] GC(420) ParOldGen: 614025K(614400K)->614041K(614400K)
[203.374s][info][gc,metaspace   ] GC(420) Metaspace: 56665K(57024K)->56665K(57024K) NonClass: 48364K(48640K)->48364K(48640K) Class: 8300K(8384K)->8300K(8384K)
[203.374s][info][gc             ] GC(420) Pause Young (Allocation Failure) 880M->600M(881M) 4.763ms
[203.374s][info][gc,cpu         ] GC(420) User=0.00s Sys=0.01s Real=0.00s
[204.059s][info][gc,start       ] GC(421) Pause Young (Allocation Failure)
[204.070s][info][gc,heap        ] GC(421) PSYoungGen: 286272K(288256K)->1695K(330752K) Eden: 285184K(285184K)->0K(327680K) From: 1088K(3072K)->1695K(3072K)
[204.070s][info][gc,heap        ] GC(421) ParOldGen: 614041K(614400K)->614057K(614400K)
[204.070s][info][gc,metaspace   ] GC(421) Metaspace: 56665K(57024K)->56665K(57024K) NonClass: 48364K(48640K)->48364K(48640K) Class: 8300K(8384K)->8300K(8384K)
[204.070s][info][gc             ] GC(421) Pause Young (Allocation Failure) 879M->601M(923M) 11.032ms
[204.070s][info][gc,cpu         ] GC(421) User=0.01s Sys=0.00s Real=0.01s
[204.852s][info][gc,start       ] GC(422) Pause Young (Allocation Failure)
[204.858s][info][gc,heap        ] GC(422) PSYoungGen: 329375K(330752K)->1758K(330752K) Eden: 327680K(327680K)->0K(327680K) From: 1695K(3072K)->1758K(3072K)
[204.858s][info][gc,heap        ] GC(422) ParOldGen: 614057K(614400K)->614073K(614400K)
[204.858s][info][gc,metaspace   ] GC(422) Metaspace: 56665K(57024K)->56665K(57024K) NonClass: 48364K(48640K)->48364K(48640K) Class: 8300K(8384K)->8300K(8384K)
[204.858s][info][gc             ] GC(422) Pause Young (Allocation Failure) 921M->601M(923M) 5.576ms
[204.858s][info][gc,cpu         ] GC(422) User=0.01s Sys=0.00s Real=0.01s
[205.687s][info][gc,start       ] GC(423) Pause Young (Allocation Failure)
[205.690s][info][gc,heap        ] GC(423) PSYoungGen: 329438K(330752K)->494K(314880K) Eden: 327680K(327680K)->0K(314368K) From: 1758K(3072K)->494K(512K)
[205.690s][info][gc,heap        ] GC(423) ParOldGen: 614073K(614400K)->614089K(614400K)
[205.690s][info][gc,metaspace   ] GC(423) Metaspace: 56665K(57024K)->56665K(57024K) NonClass: 48364K(48640K)->48364K(48640K) Class: 8300K(8384K)->8300K(8384K)
[205.690s][info][gc             ] GC(423) Pause Young (Allocation Failure) 921M->600M(907M) 2.820ms
[205.690s][info][gc,cpu         ] GC(423) User=0.00s Sys=0.00s Real=0.00s
[206.366s][info][gc,start       ] GC(424) Pause Young (Allocation Failure)
[206.370s][info][gc,heap        ] GC(424) PSYoungGen: 314862K(314880K)->2112K(304640K) Eden: 314368K(314368K)->0K(301568K) From: 494K(512K)->2112K(3072K)
[206.370s][info][gc,heap        ] GC(424) ParOldGen: 614089K(614400K)->614105K(614400K)
[206.370s][info][gc,metaspace   ] GC(424) Metaspace: 56665K(57024K)->56665K(57024K) NonClass: 48364K(48640K)->48364K(48640K) Class: 8300K(8384K)->8300K(8384K)
[206.370s][info][gc             ] GC(424) Pause Young (Allocation Failure) 907M->601M(897M) 4.840ms
[206.370s][info][gc,cpu         ] GC(424) User=0.01s Sys=0.00s Real=0.01s
[207.136s][info][gc,start       ] GC(425) Pause Young (Allocation Failure)
[207.139s][info][gc,heap        ] GC(425) PSYoungGen: 303680K(304640K)->288K(289792K) Eden: 301568K(301568K)->0K(289280K) From: 2112K(3072K)->288K(512K)
[207.139s][info][gc,heap        ] GC(425) ParOldGen: 614105K(614400K)->614121K(614400K)
[207.139s][info][gc,metaspace   ] GC(425) Metaspace: 56665K(57024K)->56665K(57024K) NonClass: 48364K(48640K)->48364K(48640K) Class: 8300K(8384K)->8300K(8384K)
[207.139s][info][gc             ] GC(425) Pause Young (Allocation Failure) 896M->600M(883M) 2.489ms
[207.139s][info][gc,cpu         ] GC(425) User=0.01s Sys=0.00s Real=0.00s
[207.836s][info][gc,start       ] GC(426) Pause Young (Allocation Failure)
[207.839s][info][gc,heap        ] GC(426) PSYoungGen: 289529K(289792K)->320K(280576K) Eden: 289241K(289280K)->0K(277504K) From: 288K(512K)->320K(3072K)
[207.839s][info][gc,heap        ] GC(426) ParOldGen: 614121K(614400K)->614137K(614400K)
[207.839s][info][gc,metaspace   ] GC(426) Metaspace: 56665K(57024K)->56665K(57024K) NonClass: 48364K(48640K)->48364K(48640K) Class: 8300K(8384K)->8300K(8384K)
[207.839s][info][gc             ] GC(426) Pause Young (Allocation Failure) 882M->600M(874M) 2.382ms
[207.839s][info][gc,cpu         ] GC(426) User=0.01s Sys=0.00s Real=0.00s
[208.474s][info][gc,start       ] GC(427) Pause Young (Allocation Failure)
[208.478s][info][gc,heap        ] GC(427) PSYoungGen: 277657K(280576K)->1568K(268800K) Eden: 277337K(277504K)->0K(266752K) From: 320K(3072K)->1568K(2048K)
[208.478s][info][gc,heap        ] GC(427) ParOldGen: 614137K(614400K)->614153K(614400K)
[208.478s][info][gc,metaspace   ] GC(427) Metaspace: 56665K(57024K)->56665K(57024K) NonClass: 48364K(48640K)->48364K(48640K) Class: 8300K(8384K)->8300K(8384K)
[208.478s][info][gc             ] GC(427) Pause Young (Allocation Failure) 870M->601M(862M) 4.306ms
[208.478s][info][gc,cpu         ] GC(427) User=0.00s Sys=0.00s Real=0.01s
[209.143s][info][gc,start       ] GC(428) Pause Young (Allocation Failure)
[209.146s][info][gc,heap        ] GC(428) PSYoungGen: 268320K(268800K)->1000K(257536K) Eden: 266752K(266752K)->0K(256512K) From: 1568K(2048K)->1000K(1024K)
[209.146s][info][gc,heap        ] GC(428) ParOldGen: 614153K(614400K)->614169K(614400K)
[209.146s][info][gc,metaspace   ] GC(428) Metaspace: 56665K(57024K)->56665K(57024K) NonClass: 48364K(48640K)->48364K(48640K) Class: 8300K(8384K)->8300K(8384K)
[209.146s][info][gc             ] GC(428) Pause Young (Allocation Failure) 861M->600M(851M) 3.467ms
[209.146s][info][gc,cpu         ] GC(428) User=0.00s Sys=0.00s Real=0.01s
[209.755s][info][gc,start       ] GC(429) Pause Young (Allocation Failure)
[209.759s][info][gc,heap        ] GC(429) PSYoungGen: 257512K(257536K)->2046K(248832K) Eden: 256512K(256512K)->0K(246784K) From: 1000K(1024K)->2046K(2048K)
[209.759s][info][gc,heap        ] GC(429) ParOldGen: 614169K(614400K)->614185K(614400K)
[209.759s][info][gc,metaspace   ] GC(429) Metaspace: 56665K(57024K)->56665K(57024K) NonClass: 48364K(48640K)->48364K(48640K) Class: 8300K(8384K)->8300K(8384K)
[209.759s][info][gc             ] GC(429) Pause Young (Allocation Failure) 851M->601M(843M) 4.502ms
[209.759s][info][gc,cpu         ] GC(429) User=0.00s Sys=0.00s Real=0.01s
[210.358s][info][gc,start       ] GC(430) Pause Young (Allocation Failure)
[210.362s][info][gc,heap        ] GC(430) PSYoungGen: 248830K(248832K)->1792K(239104K) Eden: 246784K(246784K)->0K(237056K) From: 2046K(2048K)->1792K(2048K)
[210.362s][info][gc,heap        ] GC(430) ParOldGen: 614185K(614400K)->614201K(614400K)
[210.362s][info][gc,metaspace   ] GC(430) Metaspace: 56665K(57024K)->56665K(57024K) NonClass: 48364K(48640K)->48364K(48640K) Class: 8300K(8384K)->8300K(8384K)
[210.362s][info][gc             ] GC(430) Pause Young (Allocation Failure) 842M->601M(833M) 4.699ms
[210.362s][info][gc,cpu         ] GC(430) User=0.01s Sys=0.00s Real=0.00s
[210.943s][info][gc,start       ] GC(431) Pause Young (Allocation Failure)
[210.947s][info][gc,heap        ] GC(431) PSYoungGen: 238848K(239104K)->1183K(229376K) Eden: 237056K(237056K)->0K(227840K) From: 1792K(2048K)->1183K(1536K)
[210.947s][info][gc,heap        ] GC(431) ParOldGen: 614201K(614400K)->614217K(614400K)
[210.947s][info][gc,metaspace   ] GC(431) Metaspace: 56665K(57024K)->56665K(57024K) NonClass: 48364K(48640K)->48364K(48640K) Class: 8300K(8384K)->8300K(8384K)
[210.947s][info][gc             ] GC(431) Pause Young (Allocation Failure) 833M->600M(824M) 3.325ms
[210.947s][info][gc,cpu         ] GC(431) User=0.00s Sys=0.00s Real=0.01s
[211.506s][info][gc,start       ] GC(432) Pause Young (Allocation Failure)
[211.510s][info][gc,heap        ] GC(432) PSYoungGen: 229023K(229376K)->1599K(221184K) Eden: 227840K(227840K)->0K(219136K) From: 1183K(1536K)->1599K(2048K)
[211.510s][info][gc,heap        ] GC(432) ParOldGen: 614217K(614400K)->614233K(614400K)
[211.510s][info][gc,metaspace   ] GC(432) Metaspace: 56665K(57024K)->56665K(57024K) NonClass: 48364K(48640K)->48364K(48640K) Class: 8300K(8384K)->8300K(8384K)
[211.510s][info][gc             ] GC(432) Pause Young (Allocation Failure) 823M->601M(816M) 3.906ms
[211.510s][info][gc,cpu         ] GC(432) User=0.01s Sys=0.00s Real=0.00s
[212.036s][info][gc,start       ] GC(433) Pause Young (Allocation Failure)
[212.038s][info][gc,heap        ] GC(433) PSYoungGen: 220735K(221184K)->224K(211456K) Eden: 219136K(219136K)->0K(210944K) From: 1599K(2048K)->224K(512K)
[212.038s][info][gc,heap        ] GC(433) ParOldGen: 614233K(614400K)->614249K(614400K)
[212.038s][info][gc,metaspace   ] GC(433) Metaspace: 56665K(57024K)->56665K(57024K) NonClass: 48364K(48640K)->48364K(48640K) Class: 8300K(8384K)->8300K(8384K)
[212.038s][info][gc             ] GC(433) Pause Young (Allocation Failure) 815M->600M(806M) 2.439ms
[212.038s][info][gc,cpu         ] GC(433) User=0.00s Sys=0.01s Real=0.00s
[212.538s][info][gc,start       ] GC(434) Pause Young (Allocation Failure)
[212.540s][info][gc,heap        ] GC(434) PSYoungGen: 211168K(211456K)->415K(206336K) Eden: 210944K(210944K)->0K(203264K) From: 224K(512K)->415K(3072K)
[212.540s][info][gc,heap        ] GC(434) ParOldGen: 614249K(614400K)->614265K(614400K)
[212.540s][info][gc,metaspace   ] GC(434) Metaspace: 56665K(57024K)->56665K(57024K) NonClass: 48364K(48640K)->48364K(48640K) Class: 8300K(8384K)->8300K(8384K)
[212.540s][info][gc             ] GC(434) Pause Young (Allocation Failure) 806M->600M(801M) 2.442ms
[212.540s][info][gc,cpu         ] GC(434) User=0.00s Sys=0.00s Real=0.00s
[212.977s][info][gc,start       ] GC(435) Pause Young (Allocation Failure)
[212.980s][info][gc,heap        ] GC(435) PSYoungGen: 203509K(206336K)->544K(196608K) Eden: 203093K(203264K)->0K(195584K) From: 415K(3072K)->544K(1024K)
[212.980s][info][gc,heap        ] GC(435) ParOldGen: 614265K(614400K)->614281K(614400K)
[212.980s][info][gc,metaspace   ] GC(435) Metaspace: 56665K(57024K)->56665K(57024K) NonClass: 48364K(48640K)->48364K(48640K) Class: 8300K(8384K)->8300K(8384K)
[212.980s][info][gc             ] GC(435) Pause Young (Allocation Failure) 798M->600M(792M) 3.013ms
[212.980s][info][gc,cpu         ] GC(435) User=0.01s Sys=0.00s Real=0.00s
[213.472s][info][gc,start       ] GC(436) Pause Young (Allocation Failure)
[213.476s][info][gc,heap        ] GC(436) PSYoungGen: 196127K(196608K)->1663K(190464K) Eden: 195583K(195584K)->0K(188416K) From: 544K(1024K)->1663K(2048K)
[213.476s][info][gc,heap        ] GC(436) ParOldGen: 614281K(614400K)->614297K(614400K)
[213.476s][info][gc,metaspace   ] GC(436) Metaspace: 56665K(57024K)->56665K(57024K) NonClass: 48364K(48640K)->48364K(48640K) Class: 8300K(8384K)->8300K(8384K)
[213.476s][info][gc             ] GC(436) Pause Young (Allocation Failure) 791M->601M(786M) 3.884ms
[213.476s][info][gc,cpu         ] GC(436) User=0.01s Sys=0.00s Real=0.01s
[213.948s][info][gc,start       ] GC(437) Pause Young (Allocation Failure)
[213.951s][info][gc,heap        ] GC(437) PSYoungGen: 190079K(190464K)->1407K(183296K) Eden: 188416K(188416K)->0K(181760K) From: 1663K(2048K)->1407K(1536K)
[213.951s][info][gc,heap        ] GC(437) ParOldGen: 614297K(614400K)->614313K(614400K)
[213.951s][info][gc,metaspace   ] GC(437) Metaspace: 56665K(57024K)->56665K(57024K) NonClass: 48364K(48640K)->48364K(48640K) Class: 8300K(8384K)->8300K(8384K)
[213.951s][info][gc             ] GC(437) Pause Young (Allocation Failure) 785M->601M(779M) 3.587ms
[213.951s][info][gc,cpu         ] GC(437) User=0.00s Sys=0.00s Real=0.00s
[214.366s][info][gc,start       ] GC(438) Pause Young (Allocation Failure)
[214.372s][info][gc,heap        ] GC(438) PSYoungGen: 183167K(183296K)->1824K(177152K) Eden: 181760K(181760K)->0K(175104K) From: 1407K(1536K)->1824K(2048K)
[214.372s][info][gc,heap        ] GC(438) ParOldGen: 614313K(614400K)->614329K(614400K)
[214.372s][info][gc,metaspace   ] GC(438) Metaspace: 56665K(57024K)->56665K(57024K) NonClass: 48364K(48640K)->48364K(48640K) Class: 8300K(8384K)->8300K(8384K)
[214.372s][info][gc             ] GC(438) Pause Young (Allocation Failure) 778M->601M(773M) 6.177ms
[214.372s][info][gc,cpu         ] GC(438) User=0.01s Sys=0.00s Real=0.01s
[214.784s][info][gc,start       ] GC(439) Pause Young (Allocation Failure)
[214.788s][info][gc,heap        ] GC(439) PSYoungGen: 176735K(177152K)->1152K(170496K) Eden: 174911K(175104K)->0K(168960K) From: 1824K(2048K)->1152K(1536K)
[214.788s][info][gc,heap        ] GC(439) ParOldGen: 614329K(614400K)->614345K(614400K)
[214.788s][info][gc,metaspace   ] GC(439) Metaspace: 56665K(57024K)->56665K(57024K) NonClass: 48364K(48640K)->48364K(48640K) Class: 8300K(8384K)->8300K(8384K)
[214.788s][info][gc             ] GC(439) Pause Young (Allocation Failure) 772M->601M(766M) 4.083ms
[214.788s][info][gc,cpu         ] GC(439) User=0.00s Sys=0.00s Real=0.01s
[215.184s][info][gc,start       ] GC(440) Pause Young (Allocation Failure)
[215.187s][info][gc,heap        ] GC(440) PSYoungGen: 170112K(170496K)->959K(164352K) Eden: 168960K(168960K)->0K(163328K) From: 1152K(1536K)->959K(1024K)
[215.187s][info][gc,heap        ] GC(440) ParOldGen: 614345K(614400K)->614361K(614400K)
[215.187s][info][gc,metaspace   ] GC(440) Metaspace: 56665K(57024K)->56665K(57024K) NonClass: 48364K(48640K)->48364K(48640K) Class: 8300K(8384K)->8300K(8384K)
[215.188s][info][gc             ] GC(440) Pause Young (Allocation Failure) 766M->600M(760M) 3.106ms
[215.188s][info][gc,cpu         ] GC(440) User=0.00s Sys=0.00s Real=0.01s
[215.579s][info][gc,start       ] GC(441) Pause Young (Allocation Failure)
[215.583s][info][gc,heap        ] GC(441) PSYoungGen: 164287K(164352K)->1503K(159232K) Eden: 163328K(163328K)->0K(157696K) From: 959K(1024K)->1503K(1536K)
[215.583s][info][gc,heap        ] GC(441) ParOldGen: 614361K(614400K)->614377K(614400K)
[215.583s][info][gc,metaspace   ] GC(441) Metaspace: 56665K(57024K)->56665K(57024K) NonClass: 48364K(48640K)->48364K(48640K) Class: 8300K(8384K)->8300K(8384K)
[215.583s][info][gc             ] GC(441) Pause Young (Allocation Failure) 760M->601M(755M) 3.756ms
[215.583s][info][gc,cpu         ] GC(441) User=0.01s Sys=0.00s Real=0.00s
[215.967s][info][gc,start       ] GC(442) Pause Young (Allocation Failure)
[215.972s][info][gc,heap        ] GC(442) PSYoungGen: 159195K(159232K)->2208K(155136K) Eden: 157692K(157696K)->0K(152576K) From: 1503K(1536K)->2208K(2560K)
[215.972s][info][gc,heap        ] GC(442) ParOldGen: 614377K(614400K)->614393K(614400K)
[215.972s][info][gc,metaspace   ] GC(442) Metaspace: 56665K(57024K)->56665K(57024K) NonClass: 48364K(48640K)->48364K(48640K) Class: 8300K(8384K)->8300K(8384K)
[215.972s][info][gc             ] GC(442) Pause Young (Allocation Failure) 755M->602M(751M) 4.982ms
[215.972s][info][gc,cpu         ] GC(442) User=0.01s Sys=0.00s Real=0.00s
[216.353s][info][gc,start       ] GC(443) Pause Young (Allocation Failure)
[216.357s][info][gc,heap        ] GC(443) PSYoungGen: 154784K(155136K)->1312K(148992K) Eden: 152576K(152576K)->0K(147456K) From: 2208K(2560K)->1312K(1536K)
[216.357s][info][gc,heap        ] GC(443) ParOldGen: 614393K(614400K)->614409K(614912K)
[216.357s][info][gc,metaspace   ] GC(443) Metaspace: 56665K(57024K)->56665K(57024K) NonClass: 48364K(48640K)->48364K(48640K) Class: 8300K(8384K)->8300K(8384K)
[216.357s][info][gc             ] GC(443) Pause Young (Allocation Failure) 751M->601M(746M) 3.680ms
[216.357s][info][gc,cpu         ] GC(443) User=0.00s Sys=0.00s Real=0.01s
[216.684s][info][gc,start       ] GC(444) Pause Young (Allocation Failure)
[216.687s][info][gc,heap        ] GC(444) PSYoungGen: 148582K(148992K)->1120K(144384K) Eden: 147270K(147456K)->0K(142848K) From: 1312K(1536K)->1120K(1536K)
[216.687s][info][gc,heap        ] GC(444) ParOldGen: 614409K(614912K)->614425K(614912K)
[216.687s][info][gc,metaspace   ] GC(444) Metaspace: 56665K(57024K)->56665K(57024K) NonClass: 48364K(48640K)->48364K(48640K) Class: 8300K(8384K)->8300K(8384K)
[216.687s][info][gc             ] GC(444) Pause Young (Allocation Failure) 745M->601M(741M) 3.463ms
[216.687s][info][gc,cpu         ] GC(444) User=0.00s Sys=0.00s Real=0.01s
[217.051s][info][gc,start       ] GC(445) Pause Young (Allocation Failure)
[217.055s][info][gc,heap        ] GC(445) PSYoungGen: 143968K(144384K)->1664K(140288K) Eden: 142848K(142848K)->0K(138240K) From: 1120K(1536K)->1664K(2048K)
[217.055s][info][gc,heap        ] GC(445) ParOldGen: 614425K(614912K)->614441K(614912K)
[217.055s][info][gc,metaspace   ] GC(445) Metaspace: 56665K(57024K)->56665K(57024K) NonClass: 48364K(48640K)->48364K(48640K) Class: 8300K(8384K)->8300K(8384K)
[217.055s][info][gc             ] GC(445) Pause Young (Allocation Failure) 740M->601M(737M) 4.218ms
[217.055s][info][gc,cpu         ] GC(445) User=0.01s Sys=0.00s Real=0.00s
[217.366s][info][gc,start       ] GC(446) Pause Young (Allocation Failure)
[217.371s][info][gc,heap        ] GC(446) PSYoungGen: 139904K(140288K)->2304K(168448K) Eden: 138240K(138240K)->0K(165888K) From: 1664K(2048K)->2304K(2560K)
[217.371s][info][gc,heap        ] GC(446) ParOldGen: 614441K(614912K)->614457K(614912K)
[217.371s][info][gc,metaspace   ] GC(446) Metaspace: 56665K(57024K)->56665K(57024K) NonClass: 48364K(48640K)->48364K(48640K) Class: 8300K(8384K)->8300K(8384K)
[217.371s][info][gc             ] GC(446) Pause Young (Allocation Failure) 736M->602M(765M) 5.091ms
[217.371s][info][gc,cpu         ] GC(446) User=0.01s Sys=0.00s Real=0.00s
[217.910s][info][gc,start       ] GC(447) Pause Young (Allocation Failure)
[217.918s][info][gc,heap        ] GC(447) PSYoungGen: 168192K(168448K)->1024K(200192K) Eden: 165888K(165888K)->0K(199168K) From: 2304K(2560K)->1024K(1024K)
[217.918s][info][gc,heap        ] GC(447) ParOldGen: 614457K(614912K)->616167K(616448K)
[217.918s][info][gc,metaspace   ] GC(447) Metaspace: 56665K(57024K)->56665K(57024K) NonClass: 48364K(48640K)->48364K(48640K) Class: 8300K(8384K)->8300K(8384K)
[217.918s][info][gc             ] GC(447) Pause Young (Allocation Failure) 764M->602M(797M) 8.021ms
[217.918s][info][gc,cpu         ] GC(447) User=0.01s Sys=0.01s Real=0.01s
[219.377s][info][gc,start       ] GC(448) Pause Young (Allocation Failure)
[219.381s][info][gc,heap        ] GC(448) PSYoungGen: 181815K(200192K)->96K(192512K) Eden: 180791K(199168K)->0K(192000K) From: 1024K(1024K)->96K(512K)
[219.381s][info][gc,heap        ] GC(448) ParOldGen: 616167K(616448K)->617191K(617472K)
[219.381s][info][gc,metaspace   ] GC(448) Metaspace: 56671K(57024K)->56671K(57024K) NonClass: 48370K(48640K)->48370K(48640K) Class: 8300K(8384K)->8300K(8384K)
[219.381s][info][gc             ] GC(448) Pause Young (Allocation Failure) 779M->602M(791M) 3.625ms
[219.381s][info][gc,cpu         ] GC(448) User=0.01s Sys=0.01s Real=0.00s
[220.929s][info][gc,start       ] GC(449) Pause Young (Allocation Failure)
[220.980s][info][gc,promotion   ] GC(449) Promotion failed
[220.980s][info][gc,heap        ] GC(449) PSYoungGen: 191807K(192512K)->191807K(192512K) Eden: 191711K(192000K)->191711K(192000K) From: 96K(512K)->96K(512K)
[220.980s][info][gc,heap        ] GC(449) ParOldGen: 617191K(617472K)->667635K(667648K)
[220.980s][info][gc,metaspace   ] GC(449) Metaspace: 56867K(57216K)->56867K(57216K) NonClass: 48566K(48832K)->48566K(48832K) Class: 8300K(8384K)->8300K(8384K)
[220.980s][info][gc             ] GC(449) Pause Young (Allocation Failure) 790M->839M(840M) 51.703ms
[220.980s][info][gc,cpu         ] GC(449) User=0.06s Sys=0.04s Real=0.05s
[220.980s][info][gc,start       ] GC(450) Pause Full (Allocation Failure)
[220.980s][info][gc,phases,start] GC(450) Marking Phase
[221.031s][info][gc,phases      ] GC(450) Marking Phase 50.155ms
[221.031s][info][gc,phases,start] GC(450) Summary Phase
[221.031s][info][gc,phases      ] GC(450) Summary Phase 0.038ms
[221.031s][info][gc,phases,start] GC(450) Forward
[221.039s][info][gc,phases      ] GC(450) Forward 8.644ms
[221.039s][info][gc,phases,start] GC(450) Adjust Pointers
[221.067s][info][gc,phases      ] GC(450) Adjust Pointers 27.396ms
[221.067s][info][gc,phases,start] GC(450) Compaction Phase
[221.091s][info][gc,phases      ] GC(450) Compaction Phase 24.097ms
[221.091s][info][gc,phases,start] GC(450) Post Compact
[221.102s][info][gc,phases      ] GC(450) Post Compact 10.440ms
[221.126s][info][gc,heap        ] GC(450) PSYoungGen: 191807K(192512K)->0K(229888K) Eden: 191711K(192000K)->0K(229376K) From: 96K(512K)->0K(512K)
[221.126s][info][gc,heap        ] GC(450) ParOldGen: 667635K(667648K)->288312K(357376K)
[221.126s][info][gc,metaspace   ] GC(450) Metaspace: 56867K(57216K)->56867K(57216K) NonClass: 48566K(48832K)->48566K(48832K) Class: 8300K(8384K)->8300K(8384K)
[221.126s][info][gc             ] GC(450) Pause Full (Allocation Failure) 839M->281M(573M) 145.526ms
[221.126s][info][gc,cpu         ] GC(450) User=0.18s Sys=0.04s Real=0.15s
[221.580s][info][gc,start       ] GC(451) Pause Young (Allocation Failure)
[221.583s][info][gc,heap        ] GC(451) PSYoungGen: 229220K(229888K)->671K(277504K) Eden: 229220K(229376K)->0K(273920K) From: 0K(512K)->671K(3584K)
[221.583s][info][gc,heap        ] GC(451) ParOldGen: 288312K(357376K)->288312K(357376K)
[221.583s][info][gc,metaspace   ] GC(451) Metaspace: 56867K(57216K)->56867K(57216K) NonClass: 48566K(48832K)->48566K(48832K) Class: 8300K(8384K)->8300K(8384K)
[221.583s][info][gc             ] GC(451) Pause Young (Allocation Failure) 505M->282M(620M) 2.172ms
[221.583s][info][gc,cpu         ] GC(451) User=0.00s Sys=0.00s Real=0.00s
[222.265s][info][gc,start       ] GC(452) Pause Young (Allocation Failure)
[222.269s][info][gc,heap        ] GC(452) PSYoungGen: 274591K(277504K)->1984K(298496K) Eden: 273919K(273920K)->0K(294912K) From: 671K(3584K)->1984K(3584K)
[222.269s][info][gc,heap        ] GC(452) ParOldGen: 288312K(357376K)->288735K(357376K)
[222.269s][info][gc,metaspace   ] GC(452) Metaspace: 56867K(57216K)->56867K(57216K) NonClass: 48566K(48832K)->48566K(48832K) Class: 8300K(8384K)->8300K(8384K)
[222.269s][info][gc             ] GC(452) Pause Young (Allocation Failure) 549M->283M(640M) 4.819ms
[222.269s][info][gc,cpu         ] GC(452) User=0.01s Sys=0.00s Real=0.01s
[222.972s][info][gc,start       ] GC(453) Pause Young (Allocation Failure)
[222.976s][info][gc,heap        ] GC(453) PSYoungGen: 296896K(298496K)->2271K(298496K) Eden: 294912K(294912K)->0K(294912K) From: 1984K(3584K)->2271K(3584K)
[222.976s][info][gc,heap        ] GC(453) ParOldGen: 288735K(357376K)->288751K(357376K)
[222.976s][info][gc,metaspace   ] GC(453) Metaspace: 56867K(57216K)->56867K(57216K) NonClass: 48566K(48832K)->48566K(48832K) Class: 8300K(8384K)->8300K(8384K)
[222.976s][info][gc             ] GC(453) Pause Young (Allocation Failure) 571M->284M(640M) 4.017ms
[222.976s][info][gc,cpu         ] GC(453) User=0.01s Sys=0.00s Real=0.01s
[223.680s][info][gc,start       ] GC(454) Pause Young (Allocation Failure)
[223.683s][info][gc,heap        ] GC(454) PSYoungGen: 297087K(298496K)->1248K(284672K) Eden: 294816K(294912K)->0K(283136K) From: 2271K(3584K)->1248K(1536K)
[223.683s][info][gc,heap        ] GC(454) ParOldGen: 288751K(357376K)->288767K(357376K)
[223.683s][info][gc,metaspace   ] GC(454) Metaspace: 56867K(57216K)->56867K(57216K) NonClass: 48566K(48832K)->48566K(48832K) Class: 8300K(8384K)->8300K(8384K)
[223.683s][info][gc             ] GC(454) Pause Young (Allocation Failure) 572M->283M(627M) 3.532ms
[223.683s][info][gc,cpu         ] GC(454) User=0.00s Sys=0.00s Real=0.00s
[224.375s][info][gc,start       ] GC(455) Pause Young (Allocation Failure)
[224.380s][info][gc,heap        ] GC(455) PSYoungGen: 284383K(284672K)->1951K(273920K) Eden: 283135K(283136K)->0K(271872K) From: 1248K(1536K)->1951K(2048K)
[224.380s][info][gc,heap        ] GC(455) ParOldGen: 288767K(357376K)->288783K(357376K)
[224.380s][info][gc,metaspace   ] GC(455) Metaspace: 56867K(57216K)->56867K(57216K) NonClass: 48566K(48832K)->48566K(48832K) Class: 8300K(8384K)->8300K(8384K)
[224.380s][info][gc             ] GC(455) Pause Young (Allocation Failure) 559M->283M(616M) 5.127ms
[224.380s][info][gc,cpu         ] GC(455) User=0.01s Sys=0.01s Real=0.01s
[225.052s][info][gc,start       ] GC(456) Pause Young (Allocation Failure)
[225.056s][info][gc,heap        ] GC(456) PSYoungGen: 273823K(273920K)->1887K(263168K) Eden: 271872K(271872K)->0K(261120K) From: 1951K(2048K)->1887K(2048K)
[225.056s][info][gc,heap        ] GC(456) ParOldGen: 288783K(357376K)->288799K(357376K)
[225.056s][info][gc,metaspace   ] GC(456) Metaspace: 56867K(57216K)->56867K(57216K) NonClass: 48566K(48832K)->48566K(48832K) Class: 8300K(8384K)->8300K(8384K)
[225.056s][info][gc             ] GC(456) Pause Young (Allocation Failure) 549M->283M(606M) 4.314ms
[225.056s][info][gc,cpu         ] GC(456) User=0.00s Sys=0.00s Real=0.01s
[225.775s][info][gc,start       ] GC(457) Pause Young (Allocation Failure)
[225.782s][info][gc,heap        ] GC(457) PSYoungGen: 263007K(263168K)->3455K(254464K) Eden: 261120K(261120K)->0K(250880K) From: 1887K(2048K)->3455K(3584K)
[225.782s][info][gc,heap        ] GC(457) ParOldGen: 288799K(357376K)->288815K(357376K)
[225.782s][info][gc,metaspace   ] GC(457) Metaspace: 56867K(57216K)->56867K(57216K) NonClass: 48566K(48832K)->48566K(48832K) Class: 8300K(8384K)->8300K(8384K)
[225.782s][info][gc             ] GC(457) Pause Young (Allocation Failure) 538M->285M(597M) 6.707ms
[225.782s][info][gc,cpu         ] GC(457) User=0.00s Sys=0.00s Real=0.01s
[226.274s][info][gc,start       ] GC(458) Pause Young (Allocation Failure)
[226.278s][info][gc,heap        ] GC(458) PSYoungGen: 254335K(254464K)->2046K(243200K) Eden: 250880K(250880K)->0K(241152K) From: 3455K(3584K)->2046K(2048K)
[226.278s][info][gc,heap        ] GC(458) ParOldGen: 288815K(357376K)->289103K(357376K)
[226.278s][info][gc,metaspace   ] GC(458) Metaspace: 56867K(57216K)->56867K(57216K) NonClass: 48566K(48832K)->48566K(48832K) Class: 8300K(8384K)->8300K(8384K)
[226.278s][info][gc             ] GC(458) Pause Young (Allocation Failure) 530M->284M(586M) 4.068ms
[226.278s][info][gc,cpu         ] GC(458) User=0.01s Sys=0.00s Real=0.01s
[226.870s][info][gc,start       ] GC(459) Pause Young (Allocation Failure)
[226.874s][info][gc,heap        ] GC(459) PSYoungGen: 243198K(243200K)->1024K(232960K) Eden: 241152K(241152K)->0K(231936K) From: 2046K(2048K)->1024K(1024K)
[226.874s][info][gc,heap        ] GC(459) ParOldGen: 289103K(357376K)->290335K(357376K)
[226.874s][info][gc,metaspace   ] GC(459) Metaspace: 56867K(57216K)->56867K(57216K) NonClass: 48566K(48832K)->48566K(48832K) Class: 8300K(8384K)->8300K(8384K)
[226.874s][info][gc             ] GC(459) Pause Young (Allocation Failure) 519M->284M(576M) 4.353ms
[226.874s][info][gc,cpu         ] GC(459) User=0.00s Sys=0.01s Real=0.00s
[227.445s][info][gc,start       ] GC(460) Pause Young (Allocation Failure)
[227.448s][info][gc,heap        ] GC(460) PSYoungGen: 232960K(232960K)->1375K(224768K) Eden: 231936K(231936K)->0K(223232K) From: 1024K(1024K)->1375K(1536K)
[227.448s][info][gc,heap        ] GC(460) ParOldGen: 290335K(357376K)->290383K(357376K)
[227.448s][info][gc,metaspace   ] GC(460) Metaspace: 56867K(57216K)->56867K(57216K) NonClass: 48566K(48832K)->48566K(48832K) Class: 8300K(8384K)->8300K(8384K)
[227.448s][info][gc             ] GC(460) Pause Young (Allocation Failure) 511M->284M(568M) 3.196ms
[227.448s][info][gc,cpu         ] GC(460) User=0.00s Sys=0.00s Real=0.01s
[227.965s][info][gc,start       ] GC(461) Pause Young (Allocation Failure)
[227.970s][info][gc,heap        ] GC(461) PSYoungGen: 224607K(224768K)->2399K(217600K) Eden: 223232K(223232K)->0K(215040K) From: 1375K(1536K)->2399K(2560K)
[227.970s][info][gc,heap        ] GC(461) ParOldGen: 290383K(357376K)->290399K(357376K)
[227.970s][info][gc,metaspace   ] GC(461) Metaspace: 56867K(57216K)->56867K(57216K) NonClass: 48566K(48832K)->48566K(48832K) Class: 8300K(8384K)->8300K(8384K)
[227.970s][info][gc             ] GC(461) Pause Young (Allocation Failure) 502M->285M(561M) 5.383ms
[227.970s][info][gc,cpu         ] GC(461) User=0.00s Sys=0.00s Real=0.01s
[228.471s][info][gc,start       ] GC(462) Pause Young (Allocation Failure)
[228.475s][info][gc,heap        ] GC(462) PSYoungGen: 217439K(217600K)->1855K(209408K) Eden: 215040K(215040K)->0K(207360K) From: 2399K(2560K)->1855K(2048K)
[228.475s][info][gc,heap        ] GC(462) ParOldGen: 290399K(357376K)->290415K(357376K)
[228.475s][info][gc,metaspace   ] GC(462) Metaspace: 56867K(57216K)->56867K(57216K) NonClass: 48566K(48832K)->48566K(48832K) Class: 8300K(8384K)->8300K(8384K)
[228.475s][info][gc             ] GC(462) Pause Young (Allocation Failure) 495M->285M(553M) 3.967ms
[228.475s][info][gc,cpu         ] GC(462) User=0.01s Sys=0.00s Real=0.00s
[228.975s][info][gc,start       ] GC(463) Pause Young (Allocation Failure)
[228.978s][info][gc,heap        ] GC(463) PSYoungGen: 208951K(209408K)->1344K(201216K) Eden: 207096K(207360K)->0K(199680K) From: 1855K(2048K)->1344K(1536K)
[228.978s][info][gc,heap        ] GC(463) ParOldGen: 290415K(357376K)->290431K(357376K)
[228.979s][info][gc,metaspace   ] GC(463) Metaspace: 56867K(57216K)->56867K(57216K) NonClass: 48566K(48832K)->48566K(48832K) Class: 8300K(8384K)->8300K(8384K)
[228.979s][info][gc             ] GC(463) Pause Young (Allocation Failure) 487M->284M(545M) 3.749ms
[228.979s][info][gc,cpu         ] GC(463) User=0.01s Sys=0.00s Real=0.01s
[229.560s][info][gc,start       ] GC(464) Pause Young (Allocation Failure)
[229.564s][info][gc,heap        ] GC(464) PSYoungGen: 201024K(201216K)->1919K(194560K) Eden: 199680K(199680K)->0K(192512K) From: 1344K(1536K)->1919K(2048K)
[229.564s][info][gc,heap        ] GC(464) ParOldGen: 290431K(357376K)->290447K(357376K)
[229.564s][info][gc,metaspace   ] GC(464) Metaspace: 56867K(57216K)->56867K(57216K) NonClass: 48566K(48832K)->48566K(48832K) Class: 8300K(8384K)->8300K(8384K)
[229.564s][info][gc             ] GC(464) Pause Young (Allocation Failure) 479M->285M(539M) 4.082ms
[229.564s][info][gc,cpu         ] GC(464) User=0.01s Sys=0.00s Real=0.00s
[229.951s][info][gc,start       ] GC(465) Pause Young (Allocation Failure)
[229.955s][info][gc,heap        ] GC(465) PSYoungGen: 194431K(194560K)->1440K(187392K) Eden: 192512K(192512K)->0K(185856K) From: 1919K(2048K)->1440K(1536K)
[229.955s][info][gc,heap        ] GC(465) ParOldGen: 290447K(357376K)->290463K(357376K)
[229.955s][info][gc,metaspace   ] GC(465) Metaspace: 56867K(57216K)->56867K(57216K) NonClass: 48566K(48832K)->48566K(48832K) Class: 8300K(8384K)->8300K(8384K)
[229.955s][info][gc             ] GC(465) Pause Young (Allocation Failure) 473M->285M(532M) 3.974ms
[229.955s][info][gc,cpu         ] GC(465) User=0.01s Sys=0.00s Real=0.00s
[230.375s][info][gc,start       ] GC(466) Pause Young (Allocation Failure)
[230.379s][info][gc,heap        ] GC(466) PSYoungGen: 187295K(187392K)->2303K(181760K) Eden: 185855K(185856K)->0K(179200K) From: 1440K(1536K)->2303K(2560K)
[230.379s][info][gc,heap        ] GC(466) ParOldGen: 290463K(357376K)->290479K(357376K)
[230.379s][info][gc,metaspace   ] GC(466) Metaspace: 56867K(57216K)->56867K(57216K) NonClass: 48566K(48832K)->48566K(48832K) Class: 8300K(8384K)->8300K(8384K)
[230.379s][info][gc             ] GC(466) Pause Young (Allocation Failure) 466M->285M(526M) 4.564ms
[230.379s][info][gc,cpu         ] GC(466) User=0.01s Sys=0.00s Real=0.01s
[230.837s][info][gc,start       ] GC(467) Pause Young (Allocation Failure)
[230.839s][info][gc,heap        ] GC(467) PSYoungGen: 181503K(181760K)->446K(173568K) Eden: 179200K(179200K)->0K(173056K) From: 2303K(2560K)->446K(512K)
[230.839s][info][gc,heap        ] GC(467) ParOldGen: 290479K(357376K)->290495K(357376K)
[230.839s][info][gc,metaspace   ] GC(467) Metaspace: 56867K(57216K)->56867K(57216K) NonClass: 48566K(48832K)->48566K(48832K) Class: 8300K(8384K)->8300K(8384K)
[230.839s][info][gc             ] GC(467) Pause Young (Allocation Failure) 460M->284M(518M) 2.304ms
[230.839s][info][gc,cpu         ] GC(467) User=0.00s Sys=0.01s Real=0.00s
[231.246s][info][gc,start       ] GC(468) Pause Young (Allocation Failure)
[231.248s][info][gc,heap        ] GC(468) PSYoungGen: 173502K(173568K)->800K(167936K) Eden: 173056K(173056K)->0K(166912K) From: 446K(512K)->800K(1024K)
[231.248s][info][gc,heap        ] GC(468) ParOldGen: 290495K(357376K)->290511K(357376K)
[231.248s][info][gc,metaspace   ] GC(468) Metaspace: 56867K(57216K)->56867K(57216K) NonClass: 48566K(48832K)->48566K(48832K) Class: 8300K(8384K)->8300K(8384K)
[231.248s][info][gc             ] GC(468) Pause Young (Allocation Failure) 453M->284M(513M) 2.837ms
[231.249s][info][gc,cpu         ] GC(468) User=0.01s Sys=0.00s Real=0.01s
[231.648s][info][gc,start       ] GC(469) Pause Young (Allocation Failure)
[231.652s][info][gc,heap        ] GC(469) PSYoungGen: 167712K(167936K)->1056K(162816K) Eden: 166912K(166912K)->0K(161280K) From: 800K(1024K)->1056K(1536K)
[231.652s][info][gc,heap        ] GC(469) ParOldGen: 290511K(357376K)->290527K(357376K)
[231.652s][info][gc,metaspace   ] GC(469) Metaspace: 56867K(57216K)->56867K(57216K) NonClass: 48566K(48832K)->48566K(48832K) Class: 8300K(8384K)->8300K(8384K)
[231.652s][info][gc             ] GC(469) Pause Young (Allocation Failure) 447M->284M(508M) 3.293ms
[231.652s][info][gc,cpu         ] GC(469) User=0.01s Sys=0.00s Real=0.00s
[232.056s][info][gc,start       ] GC(470) Pause Young (Allocation Failure)
[232.060s][info][gc,heap        ] GC(470) PSYoungGen: 162336K(162816K)->2079K(158208K) Eden: 161280K(161280K)->0K(155648K) From: 1056K(1536K)->2079K(2560K)
[232.060s][info][gc,heap        ] GC(470) ParOldGen: 290527K(357376K)->290543K(357376K)
[232.060s][info][gc,metaspace   ] GC(470) Metaspace: 56867K(57216K)->56867K(57216K) NonClass: 48566K(48832K)->48566K(48832K) Class: 8300K(8384K)->8300K(8384K)
[232.060s][info][gc             ] GC(470) Pause Young (Allocation Failure) 442M->285M(503M) 4.585ms
[232.060s][info][gc,cpu         ] GC(470) User=0.00s Sys=0.00s Real=0.01s
[232.381s][info][gc,start       ] GC(471) Pause Young (Allocation Failure)
[232.384s][info][gc,heap        ] GC(471) PSYoungGen: 157727K(158208K)->1054K(152064K) Eden: 155648K(155648K)->0K(150528K) From: 2079K(2560K)->1054K(1536K)
[232.384s][info][gc,heap        ] GC(471) ParOldGen: 290543K(357376K)->290559K(357376K)
[232.384s][info][gc,metaspace   ] GC(471) Metaspace: 56867K(57216K)->56867K(57216K) NonClass: 48566K(48832K)->48566K(48832K) Class: 8300K(8384K)->8300K(8384K)
[232.384s][info][gc             ] GC(471) Pause Young (Allocation Failure) 437M->284M(497M) 2.695ms
[232.384s][info][gc,cpu         ] GC(471) User=0.00s Sys=0.00s Real=0.00s
[232.763s][info][gc,start       ] GC(472) Pause Young (Allocation Failure)
[232.768s][info][gc,heap        ] GC(472) PSYoungGen: 151582K(152064K)->2047K(147456K) Eden: 150528K(150528K)->0K(145408K) From: 1054K(1536K)->2047K(2048K)
[232.768s][info][gc,heap        ] GC(472) ParOldGen: 290559K(357376K)->290575K(357376K)
[232.768s][info][gc,metaspace   ] GC(472) Metaspace: 56867K(57216K)->56867K(57216K) NonClass: 48566K(48832K)->48566K(48832K) Class: 8300K(8384K)->8300K(8384K)
[232.768s][info][gc             ] GC(472) Pause Young (Allocation Failure) 431M->285M(493M) 4.342ms
[232.768s][info][gc,cpu         ] GC(472) User=0.01s Sys=0.00s Real=0.01s
[233.175s][info][gc,start       ] GC(473) Pause Young (Allocation Failure)
[233.177s][info][gc,heap        ] GC(473) PSYoungGen: 147455K(147456K)->416K(141312K) Eden: 145408K(145408K)->0K(140800K) From: 2047K(2048K)->416K(512K)
[233.177s][info][gc,heap        ] GC(473) ParOldGen: 290575K(357376K)->290591K(357376K)
[233.177s][info][gc,metaspace   ] GC(473) Metaspace: 56867K(57216K)->56867K(57216K) NonClass: 48566K(48832K)->48566K(48832K) Class: 8300K(8384K)->8300K(8384K)
[233.177s][info][gc             ] GC(473) Pause Young (Allocation Failure) 427M->284M(487M) 2.109ms
[233.177s][info][gc,cpu         ] GC(473) User=0.00s Sys=0.00s Real=0.01s
[233.463s][info][gc,start       ] GC(474) Pause Young (Allocation Failure)
[233.466s][info][gc,heap        ] GC(474) PSYoungGen: 141216K(141312K)->2047K(138240K) Eden: 140800K(140800K)->0K(136192K) From: 416K(512K)->2047K(2048K)
[233.467s][info][gc,heap        ] GC(474) ParOldGen: 290591K(357376K)->290607K(357376K)
[233.467s][info][gc,metaspace   ] GC(474) Metaspace: 56867K(57216K)->56867K(57216K) NonClass: 48566K(48832K)->48566K(48832K) Class: 8300K(8384K)->8300K(8384K)
[233.467s][info][gc             ] GC(474) Pause Young (Allocation Failure) 421M->285M(484M) 3.890ms
[233.467s][info][gc,cpu         ] GC(474) User=0.00s Sys=0.00s Real=0.01s
[233.771s][info][gc,start       ] GC(475) Pause Young (Allocation Failure)
[233.775s][info][gc,heap        ] GC(475) PSYoungGen: 138239K(138240K)->1856K(164864K) Eden: 136192K(136192K)->0K(162816K) From: 2047K(2048K)->1856K(2048K)
[233.775s][info][gc,heap        ] GC(475) ParOldGen: 290607K(357376K)->290623K(357376K)
[233.775s][info][gc,metaspace   ] GC(475) Metaspace: 56867K(57216K)->56867K(57216K) NonClass: 48566K(48832K)->48566K(48832K) Class: 8300K(8384K)->8300K(8384K)
[233.775s][info][gc             ] GC(475) Pause Young (Allocation Failure) 418M->285M(510M) 4.001ms
[233.775s][info][gc,cpu         ] GC(475) User=0.00s Sys=0.00s Real=0.00s
[234.199s][info][gc,start       ] GC(476) Pause Young (Allocation Failure)
[234.204s][info][gc,heap        ] GC(476) PSYoungGen: 164600K(164864K)->2304K(196608K) Eden: 162744K(162816K)->0K(194048K) From: 1856K(2048K)->2304K(2560K)
[234.204s][info][gc,heap        ] GC(476) ParOldGen: 290623K(357376K)->290639K(357376K)
[234.204s][info][gc,metaspace   ] GC(476) Metaspace: 56867K(57216K)->56867K(57216K) NonClass: 48566K(48832K)->48566K(48832K) Class: 8300K(8384K)->8300K(8384K)
[234.204s][info][gc             ] GC(476) Pause Young (Allocation Failure) 444M->286M(541M) 4.665ms
[234.204s][info][gc,cpu         ] GC(476) User=0.01s Sys=0.00s Real=0.00s
[234.652s][info][gc,start       ] GC(477) Pause Young (Allocation Failure)
[234.655s][info][gc,heap        ] GC(477) PSYoungGen: 196352K(196608K)->1503K(188416K) Eden: 194048K(194048K)->0K(186880K) From: 2304K(2560K)->1503K(1536K)
[234.655s][info][gc,heap        ] GC(477) ParOldGen: 290639K(357376K)->290655K(357376K)
[234.655s][info][gc,metaspace   ] GC(477) Metaspace: 56867K(57216K)->56867K(57216K) NonClass: 48566K(48832K)->48566K(48832K) Class: 8300K(8384K)->8300K(8384K)
[234.655s][info][gc             ] GC(477) Pause Young (Allocation Failure) 475M->285M(533M) 3.243ms
[234.655s][info][gc,cpu         ] GC(477) User=0.01s Sys=0.00s Real=0.00s
[235.122s][info][gc,start       ] GC(478) Pause Young (Allocation Failure)
[235.124s][info][gc,heap        ] GC(478) PSYoungGen: 188360K(188416K)->608K(181248K) Eden: 186857K(186880K)->0K(180224K) From: 1503K(1536K)->608K(1024K)
[235.124s][info][gc,heap        ] GC(478) ParOldGen: 290655K(357376K)->290671K(357376K)
[235.124s][info][gc,metaspace   ] GC(478) Metaspace: 56867K(57216K)->56867K(57216K) NonClass: 48566K(48832K)->48566K(48832K) Class: 8300K(8384K)->8300K(8384K)
[235.124s][info][gc             ] GC(478) Pause Young (Allocation Failure) 467M->284M(526M) 2.459ms
[235.124s][info][gc,cpu         ] GC(478) User=0.00s Sys=0.00s Real=0.00s
[235.549s][info][gc,start       ] GC(479) Pause Young (Allocation Failure)
[235.552s][info][gc,heap        ] GC(479) PSYoungGen: 180832K(181248K)->1535K(177664K) Eden: 180224K(180224K)->0K(174080K) From: 608K(1024K)->1535K(3584K)
[235.552s][info][gc,heap        ] GC(479) ParOldGen: 290671K(357376K)->290687K(357376K)
[235.552s][info][gc,metaspace   ] GC(479) Metaspace: 56867K(57216K)->56867K(57216K) NonClass: 48566K(48832K)->48566K(48832K) Class: 8300K(8384K)->8300K(8384K)
[235.552s][info][gc             ] GC(479) Pause Young (Allocation Failure) 460M->285M(522M) 3.099ms
[235.552s][info][gc,cpu         ] GC(479) User=0.00s Sys=0.00s Real=0.00s
[235.962s][info][gc,start       ] GC(480) Pause Young (Allocation Failure)
[235.966s][info][gc,heap        ] GC(480) PSYoungGen: 175615K(177664K)->1504K(169472K) Eden: 174080K(174080K)->0K(167936K) From: 1535K(3584K)->1504K(1536K)
[235.966s][info][gc,heap        ] GC(480) ParOldGen: 290687K(357376K)->290703K(357376K)
[235.966s][info][gc,metaspace   ] GC(480) Metaspace: 56867K(57216K)->56867K(57216K) NonClass: 48566K(48832K)->48566K(48832K) Class: 8300K(8384K)->8300K(8384K)
[235.966s][info][gc             ] GC(480) Pause Young (Allocation Failure) 455M->285M(514M) 3.572ms
[235.966s][info][gc,cpu         ] GC(480) User=0.01s Sys=0.00s Real=0.00s
[236.364s][info][gc,start       ] GC(481) Pause Young (Allocation Failure)
[236.368s][info][gc,heap        ] GC(481) PSYoungGen: 169440K(169472K)->1919K(164352K) Eden: 167936K(167936K)->0K(162304K) From: 1504K(1536K)->1919K(2048K)
[236.368s][info][gc,heap        ] GC(481) ParOldGen: 290703K(357376K)->290719K(357376K)
[236.368s][info][gc,metaspace   ] GC(481) Metaspace: 56867K(57216K)->56867K(57216K) NonClass: 48566K(48832K)->48566K(48832K) Class: 8300K(8384K)->8300K(8384K)
[236.368s][info][gc             ] GC(481) Pause Young (Allocation Failure) 449M->285M(509M) 3.636ms
[236.368s][info][gc,cpu         ] GC(481) User=0.01s Sys=0.00s Real=0.01s
[236.757s][info][gc,start       ] GC(482) Pause Young (Allocation Failure)
[236.761s][info][gc,heap        ] GC(482) PSYoungGen: 164223K(164352K)->2111K(159232K) Eden: 162304K(162304K)->0K(156672K) From: 1919K(2048K)->2111K(2560K)
[236.761s][info][gc,heap        ] GC(482) ParOldGen: 290719K(357376K)->290735K(357376K)
[236.761s][info][gc,metaspace   ] GC(482) Metaspace: 56867K(57216K)->56867K(57216K) NonClass: 48566K(48832K)->48566K(48832K) Class: 8300K(8384K)->8300K(8384K)
[236.761s][info][gc             ] GC(482) Pause Young (Allocation Failure) 444M->285M(504M) 3.929ms
[236.761s][info][gc,cpu         ] GC(482) User=0.00s Sys=0.00s Real=0.00s
[237.151s][info][gc,start       ] GC(483) Pause Young (Allocation Failure)
[237.154s][info][gc,heap        ] GC(483) PSYoungGen: 158783K(159232K)->1695K(153600K) Eden: 156672K(156672K)->0K(151552K) From: 2111K(2560K)->1695K(2048K)
[237.154s][info][gc,heap        ] GC(483) ParOldGen: 290735K(357376K)->290751K(357376K)
[237.154s][info][gc,metaspace   ] GC(483) Metaspace: 56867K(57216K)->56867K(57216K) NonClass: 48566K(48832K)->48566K(48832K) Class: 8300K(8384K)->8300K(8384K)
[237.154s][info][gc             ] GC(483) Pause Young (Allocation Failure) 438M->285M(499M) 3.323ms
[237.154s][info][gc,cpu         ] GC(483) User=0.01s Sys=0.00s Real=0.00s
[237.537s][info][gc,start       ] GC(484) Pause Young (Allocation Failure)
[237.539s][info][gc,heap        ] GC(484) PSYoungGen: 153247K(153600K)->393K(146944K) Eden: 151552K(151552K)->0K(146432K) From: 1695K(2048K)->393K(512K)
[237.539s][info][gc,heap        ] GC(484) ParOldGen: 290751K(357376K)->290767K(357376K)
[237.539s][info][gc,metaspace   ] GC(484) Metaspace: 56867K(57216K)->56867K(57216K) NonClass: 48566K(48832K)->48566K(48832K) Class: 8300K(8384K)->8300K(8384K)
[237.539s][info][gc             ] GC(484) Pause Young (Allocation Failure) 433M->284M(492M) 1.994ms
[237.539s][info][gc,cpu         ] GC(484) User=0.01s Sys=0.00s Real=0.00s
[237.864s][info][gc,start       ] GC(485) Pause Young (Allocation Failure)
[237.868s][info][gc,heap        ] GC(485) PSYoungGen: 146825K(146944K)->2399K(144384K) Eden: 146432K(146432K)->0K(141824K) From: 393K(512K)->2399K(2560K)
[237.868s][info][gc,heap        ] GC(485) ParOldGen: 290767K(357376K)->290783K(357376K)
[237.868s][info][gc,metaspace   ] GC(485) Metaspace: 56867K(57216K)->56867K(57216K) NonClass: 48566K(48832K)->48566K(48832K) Class: 8300K(8384K)->8300K(8384K)
[237.868s][info][gc             ] GC(485) Pause Young (Allocation Failure) 427M->286M(490M) 4.172ms
[237.868s][info][gc,cpu         ] GC(485) User=0.01s Sys=0.00s Real=0.01s
[238.237s][info][gc,start       ] GC(486) Pause Young (Allocation Failure)
[238.239s][info][gc,heap        ] GC(486) PSYoungGen: 144215K(144384K)->352K(137728K) Eden: 141816K(141824K)->0K(137216K) From: 2399K(2560K)->352K(512K)
[238.239s][info][gc,heap        ] GC(486) ParOldGen: 290783K(357376K)->290799K(357376K)
[238.239s][info][gc,metaspace   ] GC(486) Metaspace: 56867K(57216K)->56867K(57216K) NonClass: 48566K(48832K)->48566K(48832K) Class: 8300K(8384K)->8300K(8384K)
[238.239s][info][gc             ] GC(486) Pause Young (Allocation Failure) 424M->284M(483M) 2.008ms
[238.239s][info][gc,cpu         ] GC(486) User=0.01s Sys=0.00s Real=0.00s
[238.552s][info][gc,start       ] GC(487) Pause Young (Allocation Failure)
[238.555s][info][gc,heap        ] GC(487) PSYoungGen: 137568K(137728K)->1439K(136704K) Eden: 137216K(137216K)->0K(133120K) From: 352K(512K)->1439K(3584K)
[238.555s][info][gc,heap        ] GC(487) ParOldGen: 290799K(357376K)->290815K(357376K)
[238.555s][info][gc,metaspace   ] GC(487) Metaspace: 56867K(57216K)->56867K(57216K) NonClass: 48566K(48832K)->48566K(48832K) Class: 8300K(8384K)->8300K(8384K)
[238.555s][info][gc             ] GC(487) Pause Young (Allocation Failure) 418M->285M(482M) 2.854ms
[238.555s][info][gc,cpu         ] GC(487) User=0.00s Sys=0.00s Real=0.00s
[238.858s][info][gc,start       ] GC(488) Pause Young (Allocation Failure)
[238.862s][info][gc,heap        ] GC(488) PSYoungGen: 134559K(136704K)->1920K(131072K) Eden: 133120K(133120K)->0K(129024K) From: 1439K(3584K)->1920K(2048K)
[238.862s][info][gc,heap        ] GC(488) ParOldGen: 290815K(357376K)->290831K(357376K)
[238.862s][info][gc,metaspace   ] GC(488) Metaspace: 56867K(57216K)->56867K(57216K) NonClass: 48566K(48832K)->48566K(48832K) Class: 8300K(8384K)->8300K(8384K)
[238.862s][info][gc             ] GC(488) Pause Young (Allocation Failure) 415M->285M(477M) 3.998ms
[238.862s][info][gc,cpu         ] GC(488) User=0.01s Sys=0.00s Real=0.00s
[239.211s][info][gc,start       ] GC(489) Pause Young (Allocation Failure)
[239.215s][info][gc,heap        ] GC(489) PSYoungGen: 130944K(131072K)->2175K(127488K) Eden: 129024K(129024K)->0K(124928K) From: 1920K(2048K)->2175K(2560K)
[239.215s][info][gc,heap        ] GC(489) ParOldGen: 290831K(357376K)->290847K(357376K)
[239.215s][info][gc,metaspace   ] GC(489) Metaspace: 56867K(57216K)->56867K(57216K) NonClass: 48566K(48832K)->48566K(48832K) Class: 8300K(8384K)->8300K(8384K)
[239.215s][info][gc             ] GC(489) Pause Young (Allocation Failure) 411M->286M(473M) 4.001ms
[239.215s][info][gc,cpu         ] GC(489) User=0.01s Sys=0.01s Real=0.00s
[239.467s][info][gc,start       ] GC(490) Pause Young (Allocation Failure)
[239.471s][info][gc,heap        ] GC(490) PSYoungGen: 126871K(127488K)->1920K(151040K) Eden: 124695K(124928K)->0K(148992K) From: 2175K(2560K)->1920K(2048K)
[239.471s][info][gc,heap        ] GC(490) ParOldGen: 290847K(357376K)->290863K(357376K)
[239.471s][info][gc,metaspace   ] GC(490) Metaspace: 56867K(57216K)->56867K(57216K) NonClass: 48566K(48832K)->48566K(48832K) Class: 8300K(8384K)->8300K(8384K)
[239.471s][info][gc             ] GC(490) Pause Young (Allocation Failure) 407M->285M(496M) 3.958ms
[239.471s][info][gc,cpu         ] GC(490) User=0.00s Sys=0.00s Real=0.00s
[239.854s][info][gc,start       ] GC(491) Pause Young (Allocation Failure)
[239.859s][info][gc,heap        ] GC(491) PSYoungGen: 150912K(151040K)->928K(179200K) Eden: 148992K(148992K)->0K(178176K) From: 1920K(2048K)->928K(1024K)
[239.859s][info][gc,heap        ] GC(491) ParOldGen: 290863K(357376K)->290879K(357376K)
[239.859s][info][gc,metaspace   ] GC(491) Metaspace: 56867K(57216K)->56867K(57216K) NonClass: 48566K(48832K)->48566K(48832K) Class: 8300K(8384K)->8300K(8384K)
[239.859s][info][gc             ] GC(491) Pause Young (Allocation Failure) 431M->284M(524M) 5.206ms
[239.859s][info][gc,cpu         ] GC(491) User=0.00s Sys=0.00s Real=0.01s
[240.384s][info][gc,start       ] GC(492) Pause Young (Allocation Failure)
[240.390s][info][gc,heap        ] GC(492) PSYoungGen: 179104K(179200K)->2144K(215040K) Eden: 178176K(178176K)->0K(212480K) From: 928K(1024K)->2144K(2560K)
[240.390s][info][gc,heap        ] GC(492) ParOldGen: 290879K(357376K)->290895K(357376K)
[240.390s][info][gc,metaspace   ] GC(492) Metaspace: 56867K(57216K)->56867K(57216K) NonClass: 48566K(48832K)->48566K(48832K) Class: 8300K(8384K)->8300K(8384K)
[240.390s][info][gc             ] GC(492) Pause Young (Allocation Failure) 458M->286M(559M) 5.743ms
[240.390s][info][gc,cpu         ] GC(492) User=0.01s Sys=0.00s Real=0.01s
[240.868s][info][gc,start       ] GC(493) Pause Young (Allocation Failure)
[240.871s][info][gc,heap        ] GC(493) PSYoungGen: 214436K(215040K)->1504K(254464K) Eden: 212292K(212480K)->0K(252928K) From: 2144K(2560K)->1504K(1536K)
[240.871s][info][gc,heap        ] GC(493) ParOldGen: 290895K(357376K)->290911K(357376K)
[240.871s][info][gc,metaspace   ] GC(493) Metaspace: 56867K(57216K)->56867K(57216K) NonClass: 48566K(48832K)->48566K(48832K) Class: 8300K(8384K)->8300K(8384K)
[240.871s][info][gc             ] GC(493) Pause Young (Allocation Failure) 493M->285M(597M) 3.760ms
[240.871s][info][gc,cpu         ] GC(493) User=0.01s Sys=0.00s Real=0.00s
[241.482s][info][gc,start       ] GC(494) Pause Young (Allocation Failure)
[241.484s][info][gc,heap        ] GC(494) PSYoungGen: 254432K(254464K)->703K(244224K) Eden: 252928K(252928K)->0K(243200K) From: 1504K(1536K)->703K(1024K)
[241.484s][info][gc,heap        ] GC(494) ParOldGen: 290911K(357376K)->290927K(357376K)
[241.484s][info][gc,metaspace   ] GC(494) Metaspace: 56867K(57216K)->56867K(57216K) NonClass: 48566K(48832K)->48566K(48832K) Class: 8300K(8384K)->8300K(8384K)
[241.484s][info][gc             ] GC(494) Pause Young (Allocation Failure) 532M->284M(587M) 2.120ms
[241.484s][info][gc,cpu         ] GC(494) User=0.00s Sys=0.00s Real=0.00s
[242.076s][info][gc,start       ] GC(495) Pause Young (Allocation Failure)
[242.079s][info][gc,heap        ] GC(495) PSYoungGen: 243903K(244224K)->1216K(235520K) Eden: 243200K(243200K)->0K(233984K) From: 703K(1024K)->1216K(1536K)
[242.079s][info][gc,heap        ] GC(495) ParOldGen: 290927K(357376K)->290943K(357376K)
[242.079s][info][gc,metaspace   ] GC(495) Metaspace: 56867K(57216K)->56867K(57216K) NonClass: 48566K(48832K)->48566K(48832K) Class: 8300K(8384K)->8300K(8384K)
[242.079s][info][gc             ] GC(495) Pause Young (Allocation Failure) 522M->285M(579M) 3.059ms
[242.079s][info][gc,cpu         ] GC(495) User=0.00s Sys=0.00s Real=0.00s
[242.717s][info][gc,start       ] GC(496) Pause Young (Allocation Failure)
[242.720s][info][gc,heap        ] GC(496) PSYoungGen: 235200K(235520K)->1535K(226816K) Eden: 233984K(233984K)->0K(225280K) From: 1216K(1536K)->1535K(1536K)
[242.720s][info][gc,heap        ] GC(496) ParOldGen: 290943K(357376K)->290959K(357376K)
[242.720s][info][gc,metaspace   ] GC(496) Metaspace: 56867K(57216K)->56867K(57216K) NonClass: 48566K(48832K)->48566K(48832K) Class: 8300K(8384K)->8300K(8384K)
[242.720s][info][gc             ] GC(496) Pause Young (Allocation Failure) 513M->285M(570M) 3.278ms
[242.721s][info][gc,cpu         ] GC(496) User=0.00s Sys=0.00s Real=0.00s
[243.182s][info][gc,start       ] GC(497) Pause Young (Allocation Failure)
[243.184s][info][gc,heap        ] GC(497) PSYoungGen: 226815K(226816K)->232K(217600K) Eden: 225280K(225280K)->0K(217088K) From: 1535K(1536K)->232K(512K)
[243.184s][info][gc,heap        ] GC(497) ParOldGen: 290959K(357376K)->290975K(357376K)
[243.184s][info][gc,metaspace   ] GC(497) Metaspace: 56867K(57216K)->56867K(57216K) NonClass: 48566K(48832K)->48566K(48832K) Class: 8300K(8384K)->8300K(8384K)
[243.184s][info][gc             ] GC(497) Pause Young (Allocation Failure) 505M->284M(561M) 1.776ms
[243.184s][info][gc,cpu         ] GC(497) User=0.00s Sys=0.00s Real=0.00s
[243.794s][info][gc,start       ] GC(498) Pause Young (Allocation Failure)
[243.797s][info][gc,heap        ] GC(498) PSYoungGen: 217320K(217600K)->1695K(210944K) Eden: 217088K(217088K)->0K(208896K) From: 232K(512K)->1695K(2048K)
[243.797s][info][gc,heap        ] GC(498) ParOldGen: 290975K(357376K)->290991K(357376K)
[243.797s][info][gc,metaspace   ] GC(498) Metaspace: 56867K(57216K)->56867K(57216K) NonClass: 48566K(48832K)->48566K(48832K) Class: 8300K(8384K)->8300K(8384K)
[243.797s][info][gc             ] GC(498) Pause Young (Allocation Failure) 496M->285M(555M) 3.409ms
[243.797s][info][gc,cpu         ] GC(498) User=0.01s Sys=0.00s Real=0.01s
[244.251s][info][gc,start       ] GC(499) Pause Young (Allocation Failure)
[244.254s][info][gc,heap        ] GC(499) PSYoungGen: 210591K(210944K)->1663K(203264K) Eden: 208896K(208896K)->0K(201216K) From: 1695K(2048K)->1663K(2048K)
[244.255s][info][gc,heap        ] GC(499) ParOldGen: 290991K(357376K)->291007K(357376K)
[244.255s][info][gc,metaspace   ] GC(499) Metaspace: 56867K(57216K)->56867K(57216K) NonClass: 48566K(48832K)->48566K(48832K) Class: 8300K(8384K)->8300K(8384K)
[244.255s][info][gc             ] GC(499) Pause Young (Allocation Failure) 489M->285M(547M) 3.413ms
[244.255s][info][gc,cpu         ] GC(499) User=0.01s Sys=0.00s Real=0.00s
[244.795s][info][gc,start       ] GC(500) Pause Young (Allocation Failure)
[244.797s][info][gc,heap        ] GC(500) PSYoungGen: 202769K(203264K)->672K(195072K) Eden: 201106K(201216K)->0K(194048K) From: 1663K(2048K)->672K(1024K)
[244.797s][info][gc,heap        ] GC(500) ParOldGen: 291007K(357376K)->291023K(357376K)
[244.797s][info][gc,metaspace   ] GC(500) Metaspace: 56867K(57216K)->56867K(57216K) NonClass: 48566K(48832K)->48566K(48832K) Class: 8300K(8384K)->8300K(8384K)
[244.797s][info][gc             ] GC(500) Pause Young (Allocation Failure) 482M->284M(539M) 2.327ms
[244.797s][info][gc,cpu         ] GC(500) User=0.01s Sys=0.00s Real=0.01s
[245.178s][info][gc,start       ] GC(501) Pause Young (Allocation Failure)
[245.181s][info][gc,heap        ] GC(501) PSYoungGen: 194720K(195072K)->1375K(188416K) Eden: 194048K(194048K)->0K(186880K) From: 672K(1024K)->1375K(1536K)
[245.181s][info][gc,heap        ] GC(501) ParOldGen: 291023K(357376K)->291039K(357376K)
[245.181s][info][gc,metaspace   ] GC(501) Metaspace: 56867K(57216K)->56867K(57216K) NonClass: 48566K(48832K)->48566K(48832K) Class: 8300K(8384K)->8300K(8384K)
[245.181s][info][gc             ] GC(501) Pause Young (Allocation Failure) 474M->285M(533M) 2.953ms
[245.181s][info][gc,cpu         ] GC(501) User=0.00s Sys=0.00s Real=0.00s
[245.655s][info][gc,start       ] GC(502) Pause Young (Allocation Failure)
[245.659s][info][gc,heap        ] GC(502) PSYoungGen: 188255K(188416K)->1823K(182272K) Eden: 186880K(186880K)->0K(180224K) From: 1375K(1536K)->1823K(2048K)
[245.659s][info][gc,heap        ] GC(502) ParOldGen: 291039K(357376K)->291055K(357376K)
[245.659s][info][gc,metaspace   ] GC(502) Metaspace: 56867K(57216K)->56867K(57216K) NonClass: 48566K(48832K)->48566K(48832K) Class: 8300K(8384K)->8300K(8384K)
[245.659s][info][gc             ] GC(502) Pause Young (Allocation Failure) 468M->286M(527M) 3.506ms
[245.659s][info][gc,cpu         ] GC(502) User=0.01s Sys=0.00s Real=0.01s
[246.067s][info][gc,start       ] GC(503) Pause Young (Allocation Failure)
[246.071s][info][gc,heap        ] GC(503) PSYoungGen: 182047K(182272K)->2399K(176640K) Eden: 180224K(180224K)->0K(174080K) From: 1823K(2048K)->2399K(2560K)
[246.071s][info][gc,heap        ] GC(503) ParOldGen: 291055K(357376K)->291071K(357376K)
[246.072s][info][gc,metaspace   ] GC(503) Metaspace: 56867K(57216K)->56867K(57216K) NonClass: 48566K(48832K)->48566K(48832K) Class: 8300K(8384K)->8300K(8384K)
[246.072s][info][gc             ] GC(503) Pause Young (Allocation Failure) 462M->286M(521M) 4.711ms
[246.072s][info][gc,cpu         ] GC(503) User=0.01s Sys=0.00s Real=0.00s
[246.488s][info][gc,start       ] GC(504) Pause Young (Allocation Failure)
[246.492s][info][gc,heap        ] GC(504) PSYoungGen: 176325K(176640K)->927K(168960K) Eden: 173925K(174080K)->0K(167936K) From: 2399K(2560K)->927K(1024K)
[246.492s][info][gc,heap        ] GC(504) ParOldGen: 291071K(357376K)->291087K(357376K)
[246.492s][info][gc,metaspace   ] GC(504) Metaspace: 56867K(57216K)->56867K(57216K) NonClass: 48566K(48832K)->48566K(48832K) Class: 8300K(8384K)->8300K(8384K)
[246.492s][info][gc             ] GC(504) Pause Young (Allocation Failure) 456M->285M(514M) 4.032ms
[246.492s][info][gc,cpu         ] GC(504) User=0.01s Sys=0.00s Real=0.00s
[246.881s][info][gc,start       ] GC(505) Pause Young (Allocation Failure)
[246.883s][info][gc,heap        ] GC(505) PSYoungGen: 168863K(168960K)->353K(162816K) Eden: 167936K(167936K)->0K(162304K) From: 927K(1024K)->353K(512K)
[246.883s][info][gc,heap        ] GC(505) ParOldGen: 291087K(357376K)->291103K(357376K)
[246.883s][info][gc,metaspace   ] GC(505) Metaspace: 56867K(57216K)->56867K(57216K) NonClass: 48566K(48832K)->48566K(48832K) Class: 8300K(8384K)->8300K(8384K)
[246.883s][info][gc             ] GC(505) Pause Young (Allocation Failure) 449M->284M(508M) 1.823ms
[246.883s][info][gc,cpu         ] GC(505) User=0.00s Sys=0.00s Real=0.00s
[247.383s][info][gc,start       ] GC(506) Pause Young (Allocation Failure)
[247.388s][info][gc,heap        ] GC(506) PSYoungGen: 162556K(162816K)->1056K(158208K) Eden: 162202K(162304K)->0K(156672K) From: 353K(512K)->1056K(1536K)
[247.388s][info][gc,heap        ] GC(506) ParOldGen: 291103K(357376K)->291119K(357376K)
[247.388s][info][gc,metaspace   ] GC(506) Metaspace: 56867K(57216K)->56867K(57216K) NonClass: 48566K(48832K)->48566K(48832K) Class: 8300K(8384K)->8300K(8384K)
[247.388s][info][gc             ] GC(506) Pause Young (Allocation Failure) 443M->285M(503M) 4.630ms
[247.388s][info][gc,cpu         ] GC(506) User=0.00s Sys=0.00s Real=0.01s
[247.673s][info][gc,start       ] GC(507) Pause Young (Allocation Failure)
[247.677s][info][gc,heap        ] GC(507) PSYoungGen: 157728K(158208K)->1856K(153600K) Eden: 156672K(156672K)->0K(151552K) From: 1056K(1536K)->1856K(2048K)
[247.677s][info][gc,heap        ] GC(507) ParOldGen: 291119K(357376K)->291135K(357376K)
[247.677s][info][gc,metaspace   ] GC(507) Metaspace: 56867K(57216K)->56867K(57216K) NonClass: 48566K(48832K)->48566K(48832K) Class: 8300K(8384K)->8300K(8384K)
[247.677s][info][gc             ] GC(507) Pause Young (Allocation Failure) 438M->286M(499M) 4.007ms
[247.677s][info][gc,cpu         ] GC(507) User=0.01s Sys=0.00s Real=0.01s
[248.054s][info][gc,start       ] GC(508) Pause Young (Allocation Failure)
[248.057s][info][gc,heap        ] GC(508) PSYoungGen: 153408K(153600K)->1440K(147968K) Eden: 151552K(151552K)->0K(146432K) From: 1856K(2048K)->1440K(1536K)
[248.057s][info][gc,heap        ] GC(508) ParOldGen: 291135K(357376K)->291151K(357376K)
[248.057s][info][gc,metaspace   ] GC(508) Metaspace: 56867K(57216K)->56867K(57216K) NonClass: 48566K(48832K)->48566K(48832K) Class: 8300K(8384K)->8300K(8384K)
[248.057s][info][gc             ] GC(508) Pause Young (Allocation Failure) 434M->285M(493M) 3.392ms
[248.057s][info][gc,cpu         ] GC(508) User=0.01s Sys=0.00s Real=0.01s
[248.385s][info][gc,start       ] GC(509) Pause Young (Allocation Failure)
[248.387s][info][gc,heap        ] GC(509) PSYoungGen: 147872K(147968K)->991K(142848K) Eden: 146432K(146432K)->0K(141824K) From: 1440K(1536K)->991K(1024K)
[248.387s][info][gc,heap        ] GC(509) ParOldGen: 291151K(357376K)->291167K(357376K)
[248.387s][info][gc,metaspace   ] GC(509) Metaspace: 56867K(57216K)->56867K(57216K) NonClass: 48566K(48832K)->48566K(48832K) Class: 8300K(8384K)->8300K(8384K)
[248.387s][info][gc             ] GC(509) Pause Young (Allocation Failure) 428M->285M(488M) 2.408ms
[248.387s][info][gc,cpu         ] GC(509) User=0.01s Sys=0.00s Real=0.01s
[248.755s][info][gc,start       ] GC(510) Pause Young (Allocation Failure)
[248.758s][info][gc,heap        ] GC(510) PSYoungGen: 142815K(142848K)->1983K(139264K) Eden: 141824K(141824K)->0K(137216K) From: 991K(1024K)->1983K(2048K)
[248.758s][info][gc,heap        ] GC(510) ParOldGen: 291167K(357376K)->291183K(357376K)
[248.758s][info][gc,metaspace   ] GC(510) Metaspace: 56867K(57216K)->56867K(57216K) NonClass: 48566K(48832K)->48566K(48832K) Class: 8300K(8384K)->8300K(8384K)
[248.758s][info][gc             ] GC(510) Pause Young (Allocation Failure) 423M->286M(485M) 3.774ms
[248.758s][info][gc,cpu         ] GC(510) User=0.01s Sys=0.00s Real=0.01s
[249.068s][info][gc,start       ] GC(511) Pause Young (Allocation Failure)
[249.072s][info][gc,heap        ] GC(511) PSYoungGen: 139199K(139264K)->2112K(166400K) Eden: 137216K(137216K)->0K(163840K) From: 1983K(2048K)->2112K(2560K)
[249.072s][info][gc,heap        ] GC(511) ParOldGen: 291183K(357376K)->291199K(357376K)
[249.072s][info][gc,metaspace   ] GC(511) Metaspace: 56867K(57216K)->56867K(57216K) NonClass: 48566K(48832K)->48566K(48832K) Class: 8300K(8384K)->8300K(8384K)
[249.072s][info][gc             ] GC(511) Pause Young (Allocation Failure) 420M->286M(511M) 4.285ms
[249.072s][info][gc,cpu         ] GC(511) User=0.00s Sys=0.00s Real=0.00s
[249.467s][info][gc,start       ] GC(512) Pause Young (Allocation Failure)
[249.471s][info][gc,heap        ] GC(512) PSYoungGen: 165952K(166400K)->1920K(197120K) Eden: 163840K(163840K)->0K(195072K) From: 2112K(2560K)->1920K(2048K)
[249.471s][info][gc,heap        ] GC(512) ParOldGen: 291199K(357376K)->291215K(357376K)
[249.471s][info][gc,metaspace   ] GC(512) Metaspace: 56867K(57216K)->56867K(57216K) NonClass: 48566K(48832K)->48566K(48832K) Class: 8300K(8384K)->8300K(8384K)
[249.471s][info][gc             ] GC(512) Pause Young (Allocation Failure) 446M->286M(541M) 3.872ms
[249.471s][info][gc,cpu         ] GC(512) User=0.01s Sys=0.00s Real=0.00s
[249.948s][info][gc,start       ] GC(513) Pause Young (Allocation Failure)
[249.951s][info][gc,heap        ] GC(513) PSYoungGen: 196992K(197120K)->1759K(189952K) Eden: 195072K(195072K)->0K(187904K) From: 1920K(2048K)->1759K(2048K)
[249.951s][info][gc,heap        ] GC(513) ParOldGen: 291215K(357376K)->291231K(357376K)
[249.951s][info][gc,metaspace   ] GC(513) Metaspace: 56867K(57216K)->56867K(57216K) NonClass: 48566K(48832K)->48566K(48832K) Class: 8300K(8384K)->8300K(8384K)
[249.951s][info][gc             ] GC(513) Pause Young (Allocation Failure) 476M->286M(534M) 3.432ms
[249.952s][info][gc,cpu         ] GC(513) User=0.01s Sys=0.00s Real=0.00s
[250.378s][info][gc,start       ] GC(514) Pause Young (Allocation Failure)
[250.381s][info][gc,heap        ] GC(514) PSYoungGen: 189475K(189952K)->1184K(182784K) Eden: 187716K(187904K)->0K(181248K) From: 1759K(2048K)->1184K(1536K)
[250.381s][info][gc,heap        ] GC(514) ParOldGen: 291231K(357376K)->291247K(357376K)
[250.381s][info][gc,metaspace   ] GC(514) Metaspace: 56867K(57216K)->56867K(57216K) NonClass: 48566K(48832K)->48566K(48832K) Class: 8300K(8384K)->8300K(8384K)
[250.381s][info][gc             ] GC(514) Pause Young (Allocation Failure) 469M->285M(527M) 3.052ms
[250.381s][info][gc,cpu         ] GC(514) User=0.00s Sys=0.00s Real=0.00s
[250.843s][info][gc,start       ] GC(515) Pause Young (Allocation Failure)
[250.846s][info][gc,heap        ] GC(515) PSYoungGen: 182432K(182784K)->1183K(176640K) Eden: 181248K(181248K)->0K(175104K) From: 1184K(1536K)->1183K(1536K)
[250.846s][info][gc,heap        ] GC(515) ParOldGen: 291247K(357376K)->291263K(357376K)
[250.846s][info][gc,metaspace   ] GC(515) Metaspace: 56867K(57216K)->56867K(57216K) NonClass: 48566K(48832K)->48566K(48832K) Class: 8300K(8384K)->8300K(8384K)
[250.846s][info][gc             ] GC(515) Pause Young (Allocation Failure) 462M->285M(521M) 2.725ms
[250.846s][info][gc,cpu         ] GC(515) User=0.01s Sys=0.00s Real=0.01s
[251.258s][info][gc,start       ] GC(516) Pause Young (Allocation Failure)
[251.261s][info][gc,heap        ] GC(516) PSYoungGen: 176080K(176640K)->1568K(171008K) Eden: 174897K(175104K)->0K(168960K) From: 1183K(1536K)->1568K(2048K)
[251.261s][info][gc,heap        ] GC(516) ParOldGen: 291263K(357376K)->291279K(357376K)
[251.261s][info][gc,metaspace   ] GC(516) Metaspace: 56867K(57216K)->56867K(57216K) NonClass: 48566K(48832K)->48566K(48832K) Class: 8300K(8384K)->8300K(8384K)
[251.261s][info][gc             ] GC(516) Pause Young (Allocation Failure) 456M->285M(516M) 3.586ms
[251.261s][info][gc,cpu         ] GC(516) User=0.01s Sys=0.00s Real=0.00s
[251.775s][info][gc,start       ] GC(517) Pause Young (Allocation Failure)
[251.803s][info][gc,heap        ] GC(517) PSYoungGen: 170528K(171008K)->3072K(205312K) Eden: 168960K(168960K)->0K(202240K) From: 1568K(2048K)->3072K(3072K)
[251.803s][info][gc,heap        ] GC(517) ParOldGen: 291279K(357376K)->291655K(357376K)
[251.803s][info][gc,metaspace   ] GC(517) Metaspace: 56867K(57216K)->56867K(57216K) NonClass: 48566K(48832K)->48566K(48832K) Class: 8300K(8384K)->8300K(8384K)
[251.803s][info][gc             ] GC(517) Pause Young (Allocation Failure) 450M->287M(549M) 27.676ms
[251.803s][info][gc,cpu         ] GC(517) User=0.03s Sys=0.00s Real=0.03s
[252.258s][info][gc,start       ] GC(518) Pause Young (Allocation Failure)
[252.264s][info][gc,heap        ] GC(518) PSYoungGen: 205312K(205312K)->1536K(243200K) Eden: 202240K(202240K)->0K(241664K) From: 3072K(3072K)->1536K(1536K)
[252.264s][info][gc,heap        ] GC(518) ParOldGen: 291655K(357376K)->295062K(357376K)
[252.264s][info][gc,metaspace   ] GC(518) Metaspace: 56867K(57216K)->56867K(57216K) NonClass: 48566K(48832K)->48566K(48832K) Class: 8300K(8384K)->8300K(8384K)
[252.264s][info][gc             ] GC(518) Pause Young (Allocation Failure) 485M->289M(586M) 6.262ms
[252.264s][info][gc,cpu         ] GC(518) User=0.02s Sys=0.00s Real=0.00s
[252.849s][info][gc,start       ] GC(519) Pause Young (Allocation Failure)
[252.853s][info][gc,heap        ] GC(519) PSYoungGen: 243200K(243200K)->1440K(246272K) Eden: 241664K(241664K)->0K(241664K) From: 1536K(1536K)->1440K(4608K)
[252.853s][info][gc,heap        ] GC(519) ParOldGen: 295062K(357376K)->296494K(357376K)
[252.853s][info][gc,metaspace   ] GC(519) Metaspace: 56867K(57216K)->56867K(57216K) NonClass: 48566K(48832K)->48566K(48832K) Class: 8300K(8384K)->8300K(8384K)
[252.853s][info][gc             ] GC(519) Pause Young (Allocation Failure) 525M->290M(589M) 4.692ms
[252.853s][info][gc,cpu         ] GC(519) User=0.01s Sys=0.00s Real=0.00s
[253.444s][info][gc,start       ] GC(520) Pause Young (Allocation Failure)
[253.448s][info][gc,heap        ] GC(520) PSYoungGen: 243104K(246272K)->1279K(291328K) Eden: 241664K(241664K)->0K(288256K) From: 1440K(4608K)->1279K(3072K)
[253.448s][info][gc,heap        ] GC(520) ParOldGen: 296494K(357376K)->296670K(357376K)
[253.448s][info][gc,metaspace   ] GC(520) Metaspace: 56867K(57216K)->56867K(57216K) NonClass: 48566K(48832K)->48566K(48832K) Class: 8300K(8384K)->8300K(8384K)
[253.448s][info][gc             ] GC(520) Pause Young (Allocation Failure) 526M->290M(633M) 3.472ms
[253.448s][info][gc,cpu         ] GC(520) User=0.00s Sys=0.00s Real=0.01s
[254.162s][info][gc,start       ] GC(521) Pause Young (Allocation Failure)
[254.165s][info][gc,heap        ] GC(521) PSYoungGen: 289535K(291328K)->640K(292352K) Eden: 288256K(288256K)->0K(288256K) From: 1279K(3072K)->640K(4096K)
[254.165s][info][gc,heap        ] GC(521) ParOldGen: 296670K(357376K)->296686K(357376K)
[254.165s][info][gc,metaspace   ] GC(521) Metaspace: 56867K(57216K)->56867K(57216K) NonClass: 48566K(48832K)->48566K(48832K) Class: 8300K(8384K)->8300K(8384K)
[254.165s][info][gc             ] GC(521) Pause Young (Allocation Failure) 572M->290M(634M) 2.488ms
[254.165s][info][gc,cpu         ] GC(521) User=0.01s Sys=0.00s Real=0.00s
[254.842s][info][gc,start       ] GC(522) Pause Young (Allocation Failure)
[254.845s][info][gc,heap        ] GC(522) PSYoungGen: 288896K(292352K)->1279K(278528K) Eden: 288256K(288256K)->0K(276992K) From: 640K(4096K)->1279K(1536K)
[254.845s][info][gc,heap        ] GC(522) ParOldGen: 296686K(357376K)->296702K(357376K)
[254.845s][info][gc,metaspace   ] GC(522) Metaspace: 56867K(57216K)->56867K(57216K) NonClass: 48566K(48832K)->48566K(48832K) Class: 8300K(8384K)->8300K(8384K)
[254.845s][info][gc             ] GC(522) Pause Young (Allocation Failure) 571M->290M(621M) 3.229ms
[254.845s][info][gc,cpu         ] GC(522) User=0.00s Sys=0.00s Real=0.00s
[255.476s][info][gc,start       ] GC(523) Pause Young (Allocation Failure)
[255.480s][info][gc,heap        ] GC(523) PSYoungGen: 278271K(278528K)->1472K(267776K) Eden: 276991K(276992K)->0K(266240K) From: 1279K(1536K)->1472K(1536K)
[255.480s][info][gc,heap        ] GC(523) ParOldGen: 296702K(357376K)->296718K(357376K)
[255.480s][info][gc,metaspace   ] GC(523) Metaspace: 56867K(57216K)->56867K(57216K) NonClass: 48566K(48832K)->48566K(48832K) Class: 8300K(8384K)->8300K(8384K)
[255.480s][info][gc             ] GC(523) Pause Young (Allocation Failure) 561M->291M(610M) 4.125ms
[255.480s][info][gc,cpu         ] GC(523) User=0.01s Sys=0.00s Real=0.01s
[256.159s][info][gc,start       ] GC(524) Pause Young (Allocation Failure)
[256.191s][info][gc,heap        ] GC(524) PSYoungGen: 267712K(267776K)->1791K(320000K) Eden: 266240K(266240K)->0K(317952K) From: 1472K(1536K)->1791K(2048K)
[256.191s][info][gc,heap        ] GC(524) ParOldGen: 296718K(357376K)->296734K(357376K)
[256.191s][info][gc,metaspace   ] GC(524) Metaspace: 56867K(57216K)->56867K(57216K) NonClass: 48566K(48832K)->48566K(48832K) Class: 8300K(8384K)->8300K(8384K)
[256.191s][info][gc             ] GC(524) Pause Young (Allocation Failure) 551M->291M(661M) 31.933ms
[256.191s][info][gc,cpu         ] GC(524) User=0.01s Sys=0.00s Real=0.03s
[256.907s][info][gc,start       ] GC(525) Pause Young (Allocation Failure)
[256.909s][info][gc,heap        ] GC(525) PSYoungGen: 319647K(320000K)->288K(324608K) Eden: 317855K(317952K)->0K(321024K) From: 1791K(2048K)->288K(3584K)
[256.909s][info][gc,heap        ] GC(525) ParOldGen: 296734K(357376K)->296750K(357376K)
[256.909s][info][gc,metaspace   ] GC(525) Metaspace: 56867K(57216K)->56867K(57216K) NonClass: 48566K(48832K)->48566K(48832K) Class: 8300K(8384K)->8300K(8384K)
[256.909s][info][gc             ] GC(525) Pause Young (Allocation Failure) 601M->290M(666M) 2.092ms
[256.909s][info][gc,cpu         ] GC(525) User=0.00s Sys=0.00s Real=0.00s
[257.677s][info][gc,start       ] GC(526) Pause Young (Allocation Failure)
[257.681s][info][gc,heap        ] GC(526) PSYoungGen: 321312K(324608K)->1504K(329728K) Eden: 321024K(321024K)->0K(326144K) From: 288K(3584K)->1504K(3584K)
[257.683s][info][gc,heap        ] GC(526) ParOldGen: 296750K(357376K)->296766K(357376K)
[257.683s][info][gc,metaspace   ] GC(526) Metaspace: 56867K(57216K)->56867K(57216K) NonClass: 48566K(48832K)->48566K(48832K) Class: 8300K(8384K)->8300K(8384K)
[257.683s][info][gc             ] GC(526) Pause Young (Allocation Failure) 603M->291M(671M) 5.774ms
[257.683s][info][gc,cpu         ] GC(526) User=0.01s Sys=0.00s Real=0.00s
[258.476s][info][gc,start       ] GC(527) Pause Young (Allocation Failure)
[258.481s][info][gc,heap        ] GC(527) PSYoungGen: 327648K(329728K)->2334K(329728K) Eden: 326144K(326144K)->0K(326144K) From: 1504K(3584K)->2334K(3584K)
[258.481s][info][gc,heap        ] GC(527) ParOldGen: 296766K(357376K)->296782K(357376K)
[258.481s][info][gc,metaspace   ] GC(527) Metaspace: 56867K(57216K)->56867K(57216K) NonClass: 48566K(48832K)->48566K(48832K) Class: 8300K(8384K)->8300K(8384K)
[258.481s][info][gc             ] GC(527) Pause Young (Allocation Failure) 609M->292M(671M) 4.664ms
[258.481s][info][gc,cpu         ] GC(527) User=0.01s Sys=0.00s Real=0.00s
[260.007s][info][gc,start       ] GC(528) Pause Young (Allocation Failure)
[260.011s][info][gc,heap        ] GC(528) PSYoungGen: 328478K(329728K)->1919K(314880K) Eden: 326144K(326144K)->0K(312832K) From: 2334K(3584K)->1919K(2048K)
[260.011s][info][gc,heap        ] GC(528) ParOldGen: 296782K(357376K)->296798K(357376K)
[260.011s][info][gc,metaspace   ] GC(528) Metaspace: 56867K(57216K)->56867K(57216K) NonClass: 48566K(48832K)->48566K(48832K) Class: 8300K(8384K)->8300K(8384K)
[260.011s][info][gc             ] GC(528) Pause Young (Allocation Failure) 610M->291M(656M) 3.906ms
[260.011s][info][gc,cpu         ] GC(528) User=0.01s Sys=0.00s Real=0.00s
[260.738s][info][gc,start       ] GC(529) Pause Young (Allocation Failure)
[260.740s][info][gc,heap        ] GC(529) PSYoungGen: 314751K(314880K)->415K(300544K) Eden: 312832K(312832K)->0K(300032K) From: 1919K(2048K)->415K(512K)
[260.740s][info][gc,heap        ] GC(529) ParOldGen: 296798K(357376K)->296814K(357376K)
[260.740s][info][gc,metaspace   ] GC(529) Metaspace: 56867K(57216K)->56867K(57216K) NonClass: 48566K(48832K)->48566K(48832K) Class: 8300K(8384K)->8300K(8384K)
[260.740s][info][gc             ] GC(529) Pause Young (Allocation Failure) 597M->290M(642M) 2.049ms
[260.740s][info][gc,cpu         ] GC(529) User=0.01s Sys=0.00s Real=0.00s
[261.449s][info][gc,start       ] GC(530) Pause Young (Allocation Failure)
[261.452s][info][gc,heap        ] GC(530) PSYoungGen: 300431K(300544K)->1024K(289280K) Eden: 300016K(300032K)->0K(288256K) From: 415K(512K)->1024K(1024K)
[261.452s][info][gc,heap        ] GC(530) ParOldGen: 296814K(357376K)->296830K(357376K)
[261.452s][info][gc,metaspace   ] GC(530) Metaspace: 56867K(57216K)->56867K(57216K) NonClass: 48566K(48832K)->48566K(48832K) Class: 8300K(8384K)->8300K(8384K)
[261.452s][info][gc             ] GC(530) Pause Young (Allocation Failure) 583M->290M(631M) 2.873ms
[261.452s][info][gc,cpu         ] GC(530) User=0.00s Sys=0.00s Real=0.00s
[262.148s][info][gc,start       ] GC(531) Pause Young (Allocation Failure)
[262.151s][info][gc,heap        ] GC(531) PSYoungGen: 289280K(289280K)->1184K(278528K) Eden: 288256K(288256K)->0K(276992K) From: 1024K(1024K)->1184K(1536K)
[262.151s][info][gc,heap        ] GC(531) ParOldGen: 296830K(357376K)->296846K(357376K)
[262.151s][info][gc,metaspace   ] GC(531) Metaspace: 56867K(57216K)->56867K(57216K) NonClass: 48566K(48832K)->48566K(48832K) Class: 8300K(8384K)->8300K(8384K)
[262.151s][info][gc             ] GC(531) Pause Young (Allocation Failure) 572M->291M(621M) 3.136ms
[262.151s][info][gc,cpu         ] GC(531) User=0.01s Sys=0.00s Real=0.00s
[262.795s][info][gc,start       ] GC(532) Pause Young (Allocation Failure)
[262.797s][info][gc,heap        ] GC(532) PSYoungGen: 278086K(278528K)->320K(266752K) Eden: 276902K(276992K)->0K(266240K) From: 1184K(1536K)->320K(512K)
[262.797s][info][gc,heap        ] GC(532) ParOldGen: 296846K(357376K)->296862K(357376K)
[262.797s][info][gc,metaspace   ] GC(532) Metaspace: 56867K(57216K)->56867K(57216K) NonClass: 48566K(48832K)->48566K(48832K) Class: 8300K(8384K)->8300K(8384K)
[262.797s][info][gc             ] GC(532) Pause Young (Allocation Failure) 561M->290M(609M) 2.171ms
[262.797s][info][gc,cpu         ] GC(532) User=0.00s Sys=0.00s Real=0.01s
[263.453s][info][gc,start       ] GC(533) Pause Young (Allocation Failure)
[263.456s][info][gc,heap        ] GC(533) PSYoungGen: 266560K(266752K)->1280K(259584K) Eden: 266240K(266240K)->0K(256000K) From: 320K(512K)->1280K(3584K)
[263.456s][info][gc,heap        ] GC(533) ParOldGen: 296862K(357376K)->296878K(357376K)
[263.456s][info][gc,metaspace   ] GC(533) Metaspace: 56867K(57216K)->56867K(57216K) NonClass: 48566K(48832K)->48566K(48832K) Class: 8300K(8384K)->8300K(8384K)
[263.456s][info][gc             ] GC(533) Pause Young (Allocation Failure) 550M->291M(602M) 3.142ms
[263.456s][info][gc,cpu         ] GC(533) User=0.00s Sys=0.00s Real=0.00s
[264.065s][info][gc,start       ] GC(534) Pause Young (Allocation Failure)
[264.068s][info][gc,heap        ] GC(534) PSYoungGen: 257280K(259584K)->1567K(248320K) Eden: 256000K(256000K)->0K(246272K) From: 1280K(3584K)->1567K(2048K)
[264.068s][info][gc,heap        ] GC(534) ParOldGen: 296878K(357376K)->296894K(357376K)
[264.068s][info][gc,metaspace   ] GC(534) Metaspace: 56867K(57216K)->56867K(57216K) NonClass: 48566K(48832K)->48566K(48832K) Class: 8300K(8384K)->8300K(8384K)
[264.068s][info][gc             ] GC(534) Pause Young (Allocation Failure) 541M->291M(591M) 3.293ms
[264.068s][info][gc,cpu         ] GC(534) User=0.00s Sys=0.01s Real=0.01s
[264.713s][info][gc,start       ] GC(535) Pause Young (Allocation Failure)
[264.715s][info][gc,heap        ] GC(535) PSYoungGen: 247839K(248320K)->703K(238080K) Eden: 246272K(246272K)->0K(237056K) From: 1567K(2048K)->703K(1024K)
[264.715s][info][gc,heap        ] GC(535) ParOldGen: 296894K(357376K)->296910K(357376K)
[264.715s][info][gc,metaspace   ] GC(535) Metaspace: 56867K(57216K)->56867K(57216K) NonClass: 48566K(48832K)->48566K(48832K) Class: 8300K(8384K)->8300K(8384K)
[264.715s][info][gc             ] GC(535) Pause Young (Allocation Failure) 531M->290M(581M) 2.109ms
[264.715s][info][gc,cpu         ] GC(535) User=0.01s Sys=0.00s Real=0.00s
[265.248s][info][gc,start       ] GC(536) Pause Young (Allocation Failure)
[265.252s][info][gc,heap        ] GC(536) PSYoungGen: 237759K(238080K)->1599K(230400K) Eden: 237056K(237056K)->0K(228352K) From: 703K(1024K)->1599K(2048K)
[265.252s][info][gc,heap        ] GC(536) ParOldGen: 296910K(357376K)->296926K(357376K)
[265.252s][info][gc,metaspace   ] GC(536) Metaspace: 56867K(57216K)->56867K(57216K) NonClass: 48566K(48832K)->48566K(48832K) Class: 8300K(8384K)->8300K(8384K)
[265.252s][info][gc             ] GC(536) Pause Young (Allocation Failure) 522M->291M(574M) 3.218ms
[265.252s][info][gc,cpu         ] GC(536) User=0.00s Sys=0.01s Real=0.00s
[265.774s][info][gc,start       ] GC(537) Pause Young (Allocation Failure)
[265.778s][info][gc,heap        ] GC(537) PSYoungGen: 229951K(230400K)->1440K(221184K) Eden: 228352K(228352K)->0K(219648K) From: 1599K(2048K)->1440K(1536K)
[265.778s][info][gc,heap        ] GC(537) ParOldGen: 296926K(357376K)->296942K(357376K)
[265.778s][info][gc,metaspace   ] GC(537) Metaspace: 56867K(57216K)->56867K(57216K) NonClass: 48566K(48832K)->48566K(48832K) Class: 8300K(8384K)->8300K(8384K)
[265.778s][info][gc             ] GC(537) Pause Young (Allocation Failure) 514M->291M(565M) 3.494ms
[265.778s][info][gc,cpu         ] GC(537) User=0.01s Sys=0.00s Real=0.01s
[266.340s][info][gc,start       ] GC(538) Pause Young (Allocation Failure)
[266.343s][info][gc,heap        ] GC(538) PSYoungGen: 221088K(221184K)->1087K(212992K) Eden: 219648K(219648K)->0K(211456K) From: 1440K(1536K)->1087K(1536K)
[266.343s][info][gc,heap        ] GC(538) ParOldGen: 296942K(357376K)->296958K(357376K)
[266.343s][info][gc,metaspace   ] GC(538) Metaspace: 56867K(57216K)->56867K(57216K) NonClass: 48566K(48832K)->48566K(48832K) Class: 8300K(8384K)->8300K(8384K)
[266.343s][info][gc             ] GC(538) Pause Young (Allocation Failure) 505M->291M(557M) 2.590ms
[266.343s][info][gc,cpu         ] GC(538) User=0.00s Sys=0.00s Real=0.00s
[266.851s][info][gc,start       ] GC(539) Pause Young (Allocation Failure)
[266.854s][info][gc,heap        ] GC(539) PSYoungGen: 212543K(212992K)->1695K(205824K) Eden: 211456K(211456K)->0K(203776K) From: 1087K(1536K)->1695K(2048K)
[266.854s][info][gc,heap        ] GC(539) ParOldGen: 296958K(357376K)->296974K(357376K)
[266.854s][info][gc,metaspace   ] GC(539) Metaspace: 56867K(57216K)->56867K(57216K) NonClass: 48566K(48832K)->48566K(48832K) Class: 8300K(8384K)->8300K(8384K)
[266.854s][info][gc             ] GC(539) Pause Young (Allocation Failure) 497M->291M(550M) 3.445ms
[266.854s][info][gc,cpu         ] GC(539) User=0.00s Sys=0.00s Real=0.00s
[267.345s][info][gc,start       ] GC(540) Pause Young (Allocation Failure)
[267.348s][info][gc,heap        ] GC(540) PSYoungGen: 205471K(205824K)->1439K(198144K) Eden: 203776K(203776K)->0K(196608K) From: 1695K(2048K)->1439K(1536K)
[267.348s][info][gc,heap        ] GC(540) ParOldGen: 296974K(357376K)->296990K(357376K)
[267.348s][info][gc,metaspace   ] GC(540) Metaspace: 56867K(57216K)->56867K(57216K) NonClass: 48566K(48832K)->48566K(48832K) Class: 8300K(8384K)->8300K(8384K)
[267.348s][info][gc             ] GC(540) Pause Young (Allocation Failure) 490M->291M(542M) 3.085ms
[267.348s][info][gc,cpu         ] GC(540) User=0.00s Sys=0.00s Real=0.01s
[267.941s][info][gc,start       ] GC(541) Pause Young (Allocation Failure)
[267.944s][info][gc,heap        ] GC(541) PSYoungGen: 197934K(198144K)->799K(190464K) Eden: 196494K(196608K)->0K(189440K) From: 1439K(1536K)->799K(1024K)
[267.944s][info][gc,heap        ] GC(541) ParOldGen: 296990K(357376K)->297006K(357376K)
[267.944s][info][gc,metaspace   ] GC(541) Metaspace: 56867K(57216K)->56867K(57216K) NonClass: 48566K(48832K)->48566K(48832K) Class: 8300K(8384K)->8300K(8384K)
[267.944s][info][gc             ] GC(541) Pause Young (Allocation Failure) 483M->290M(535M) 2.280ms
[267.944s][info][gc,cpu         ] GC(541) User=0.00s Sys=0.00s Real=0.00s
[268.360s][info][gc,start       ] GC(542) Pause Young (Allocation Failure)
[268.363s][info][gc,heap        ] GC(542) PSYoungGen: 190239K(190464K)->1471K(184320K) Eden: 189440K(189440K)->0K(182784K) From: 799K(1024K)->1471K(1536K)
[268.363s][info][gc,heap        ] GC(542) ParOldGen: 297006K(357376K)->297022K(357376K)
[268.363s][info][gc,metaspace   ] GC(542) Metaspace: 56867K(57216K)->56867K(57216K) NonClass: 48566K(48832K)->48566K(48832K) Class: 8300K(8384K)->8300K(8384K)
[268.363s][info][gc             ] GC(542) Pause Young (Allocation Failure) 475M->291M(529M) 3.113ms
[268.363s][info][gc,cpu         ] GC(542) User=0.00s Sys=0.00s Real=0.00s
[268.788s][info][gc,start       ] GC(543) Pause Young (Allocation Failure)
[268.791s][info][gc,heap        ] GC(543) PSYoungGen: 184107K(184320K)->736K(177152K) Eden: 182636K(182784K)->0K(176128K) From: 1471K(1536K)->736K(1024K)
[268.791s][info][gc,heap        ] GC(543) ParOldGen: 297022K(357376K)->297038K(357376K)
[268.791s][info][gc,metaspace   ] GC(543) Metaspace: 56867K(57216K)->56867K(57216K) NonClass: 48566K(48832K)->48566K(48832K) Class: 8300K(8384K)->8300K(8384K)
[268.791s][info][gc             ] GC(543) Pause Young (Allocation Failure) 469M->290M(522M) 2.443ms
[268.791s][info][gc,cpu         ] GC(543) User=0.01s Sys=0.00s Real=0.00s
[269.247s][info][gc,start       ] GC(544) Pause Young (Allocation Failure)
[269.252s][info][gc,heap        ] GC(544) PSYoungGen: 176864K(177152K)->1120K(171520K) Eden: 176128K(176128K)->0K(169984K) From: 736K(1024K)->1120K(1536K)
[269.253s][info][gc,heap        ] GC(544) ParOldGen: 297038K(357376K)->297054K(357376K)
[269.253s][info][gc,metaspace   ] GC(544) Metaspace: 56867K(57216K)->56867K(57216K) NonClass: 48566K(48832K)->48566K(48832K) Class: 8300K(8384K)->8300K(8384K)
[269.253s][info][gc             ] GC(544) Pause Young (Allocation Failure) 462M->291M(516M) 5.361ms
[269.253s][info][gc,cpu         ] GC(544) User=0.00s Sys=0.00s Real=0.00s
[269.653s][info][gc,start       ] GC(545) Pause Young (Allocation Failure)
[269.657s][info][gc,heap        ] GC(545) PSYoungGen: 171104K(171520K)->1791K(166400K) Eden: 169984K(169984K)->0K(164352K) From: 1120K(1536K)->1791K(2048K)
[269.657s][info][gc,heap        ] GC(545) ParOldGen: 297054K(357376K)->297070K(357376K)
[269.657s][info][gc,metaspace   ] GC(545) Metaspace: 56867K(57216K)->56867K(57216K) NonClass: 48566K(48832K)->48566K(48832K) Class: 8300K(8384K)->8300K(8384K)
[269.657s][info][gc             ] GC(545) Pause Young (Allocation Failure) 457M->291M(511M) 3.538ms
[269.657s][info][gc,cpu         ] GC(545) User=0.00s Sys=0.00s Real=0.01s
[270.100s][info][gc,start       ] GC(546) Pause Young (Allocation Failure)
[270.103s][info][gc,heap        ] GC(546) PSYoungGen: 166143K(166400K)->1503K(160256K) Eden: 164352K(164352K)->0K(158720K) From: 1791K(2048K)->1503K(1536K)
[270.103s][info][gc,heap        ] GC(546) ParOldGen: 297070K(357376K)->297086K(357376K)
[270.103s][info][gc,metaspace   ] GC(546) Metaspace: 56867K(57216K)->56867K(57216K) NonClass: 48566K(48832K)->48566K(48832K) Class: 8300K(8384K)->8300K(8384K)
[270.103s][info][gc             ] GC(546) Pause Young (Allocation Failure) 452M->291M(505M) 3.052ms
[270.103s][info][gc,cpu         ] GC(546) User=0.00s Sys=0.00s Real=0.00s
[270.438s][info][gc,start       ] GC(547) Pause Young (Allocation Failure)
[270.440s][info][gc,heap        ] GC(547) PSYoungGen: 159939K(160256K)->384K(154112K) Eden: 158436K(158720K)->0K(153600K) From: 1503K(1536K)->384K(512K)
[270.440s][info][gc,heap        ] GC(547) ParOldGen: 297086K(357376K)->297102K(357376K)
[270.440s][info][gc,metaspace   ] GC(547) Metaspace: 56867K(57216K)->56867K(57216K) NonClass: 48566K(48832K)->48566K(48832K) Class: 8300K(8384K)->8300K(8384K)
[270.440s][info][gc             ] GC(547) Pause Young (Allocation Failure) 446M->290M(499M) 1.986ms
[270.440s][info][gc,cpu         ] GC(547) User=0.00s Sys=0.00s Real=0.00s
[270.771s][info][gc,start       ] GC(548) Pause Young (Allocation Failure)
[270.775s][info][gc,heap        ] GC(548) PSYoungGen: 153984K(154112K)->1983K(150528K) Eden: 153600K(153600K)->0K(148480K) From: 384K(512K)->1983K(2048K)
[270.775s][info][gc,heap        ] GC(548) ParOldGen: 297102K(357376K)->297118K(357376K)
[270.775s][info][gc,metaspace   ] GC(548) Metaspace: 56867K(57216K)->56867K(57216K) NonClass: 48566K(48832K)->48566K(48832K) Class: 8300K(8384K)->8300K(8384K)
[270.775s][info][gc             ] GC(548) Pause Young (Allocation Failure) 440M->292M(496M) 3.832ms
[270.775s][info][gc,cpu         ] GC(548) User=0.00s Sys=0.00s Real=0.00s
[271.159s][info][gc,start       ] GC(549) Pause Young (Allocation Failure)
[271.173s][info][gc,heap        ] GC(549) PSYoungGen: 150463K(150528K)->2975K(180224K) Eden: 148480K(148480K)->0K(177152K) From: 1983K(2048K)->2975K(3072K)
[271.173s][info][gc,heap        ] GC(549) ParOldGen: 297118K(357376K)->297134K(357376K)
[271.173s][info][gc,metaspace   ] GC(549) Metaspace: 56870K(57216K)->56870K(57216K) NonClass: 48569K(48832K)->48569K(48832K) Class: 8300K(8384K)->8300K(8384K)
[271.173s][info][gc             ] GC(549) Pause Young (Allocation Failure) 437M->293M(525M) 14.078ms
[271.173s][info][gc,cpu         ] GC(549) User=0.02s Sys=0.00s Real=0.01s
[271.568s][info][gc,start       ] GC(550) Pause Young (Allocation Failure)
[271.572s][info][gc,heap        ] GC(550) PSYoungGen: 180127K(180224K)->1536K(213504K) Eden: 177152K(177152K)->0K(211968K) From: 2975K(3072K)->1536K(1536K)
[271.572s][info][gc,heap        ] GC(550) ParOldGen: 297134K(357376K)->297949K(357376K)
[271.572s][info][gc,metaspace   ] GC(550) Metaspace: 56870K(57216K)->56870K(57216K) NonClass: 48569K(48832K)->48569K(48832K) Class: 8300K(8384K)->8300K(8384K)
[271.572s][info][gc             ] GC(550) Pause Young (Allocation Failure) 466M->292M(557M) 4.196ms
[271.572s][info][gc,cpu         ] GC(550) User=0.01s Sys=0.00s Real=0.00s
[272.029s][info][gc,start       ] GC(551) Pause Young (Allocation Failure)
[272.040s][info][gc,heap        ] GC(551) PSYoungGen: 178321K(213504K)->160K(253952K) Eden: 176785K(211968K)->0K(253440K) From: 1536K(1536K)->160K(512K)
[272.040s][info][gc,heap        ] GC(551) ParOldGen: 297949K(357376K)->338452K(357376K)
[272.040s][info][gc,metaspace   ] GC(551) Metaspace: 56870K(57216K)->56870K(57216K) NonClass: 48569K(48832K)->48569K(48832K) Class: 8300K(8384K)->8300K(8384K)
[272.040s][info][gc             ] GC(551) Pause Young (Allocation Failure) 465M->330M(597M) 11.418ms
[272.040s][info][gc,cpu         ] GC(551) User=0.02s Sys=0.00s Real=0.01s
[274.760s][info][gc,start       ] GC(552) Pause Young (Allocation Failure)
[274.821s][info][gc,heap        ] GC(552) PSYoungGen: 253384K(253952K)->3576K(255488K) Eden: 253224K(253440K)->0K(251904K) From: 160K(512K)->3576K(3584K)
[274.821s][info][gc,heap        ] GC(552) ParOldGen: 338452K(357376K)->437302K(437760K)
[274.821s][info][gc,metaspace   ] GC(552) Metaspace: 57105K(57408K)->57105K(57408K) NonClass: 48803K(49024K)->48803K(49024K) Class: 8301K(8384K)->8301K(8384K)
[274.821s][info][gc             ] GC(552) Pause Young (Allocation Failure) 577M->430M(677M) 61.585ms
[274.821s][info][gc,cpu         ] GC(552) User=0.07s Sys=0.06s Real=0.06s
[275.376s][info][gc,start       ] GC(553) Pause Young (Allocation Failure)
[275.384s][info][gc,heap        ] GC(553) PSYoungGen: 255327K(255488K)->1344K(292864K) Eden: 251750K(251904K)->0K(251904K) From: 3576K(3584K)->1344K(40960K)
[275.384s][info][gc,heap        ] GC(553) ParOldGen: 437302K(437760K)->440879K(441344K)
[275.384s][info][gc,metaspace   ] GC(553) Metaspace: 57105K(57408K)->57105K(57408K) NonClass: 48803K(49024K)->48803K(49024K) Class: 8301K(8384K)->8301K(8384K)
[275.384s][info][gc             ] GC(553) Pause Young (Allocation Failure) 676M->431M(717M) 8.267ms
[275.384s][info][gc,cpu         ] GC(553) User=0.01s Sys=0.00s Real=0.01s
[275.982s][info][gc,start       ] GC(554) Pause Young (Allocation Failure)
[275.985s][info][gc,heap        ] GC(554) PSYoungGen: 252937K(292864K)->512K(289280K) Eden: 251593K(251904K)->0K(253440K) From: 1344K(40960K)->512K(35840K)
[275.985s][info][gc,heap        ] GC(554) ParOldGen: 440879K(441344K)->440935K(441344K)
[275.985s][info][gc,metaspace   ] GC(554) Metaspace: 57105K(57408K)->57105K(57408K) NonClass: 48803K(49024K)->48803K(49024K) Class: 8301K(8384K)->8301K(8384K)
[275.985s][info][gc             ] GC(554) Pause Young (Allocation Failure) 677M->431M(713M) 2.753ms
[275.985s][info][gc,cpu         ] GC(554) User=0.01s Sys=0.00s Real=0.00s
[276.637s][info][gc,start       ] GC(555) Pause Young (Allocation Failure)
[276.640s][info][gc,heap        ] GC(555) PSYoungGen: 253952K(289280K)->383K(291840K) Eden: 253440K(253440K)->0K(253440K) From: 512K(35840K)->383K(38400K)
[276.640s][info][gc,heap        ] GC(555) ParOldGen: 440935K(441344K)->440951K(441344K)
[276.640s][info][gc,metaspace   ] GC(555) Metaspace: 57105K(57408K)->57105K(57408K) NonClass: 48803K(49024K)->48803K(49024K) Class: 8301K(8384K)->8301K(8384K)
[276.640s][info][gc             ] GC(555) Pause Young (Allocation Failure) 678M->430M(716M) 2.206ms
[276.640s][info][gc,cpu         ] GC(555) User=0.01s Sys=0.00s Real=0.00s
[277.245s][info][gc,start       ] GC(556) Pause Young (Allocation Failure)
[277.247s][info][gc,heap        ] GC(556) PSYoungGen: 253823K(291840K)->1534K(261632K) Eden: 253440K(253440K)->0K(243712K) From: 383K(38400K)->1534K(17920K)
[277.247s][info][gc,heap        ] GC(556) ParOldGen: 440951K(441344K)->440967K(441344K)
[277.247s][info][gc,metaspace   ] GC(556) Metaspace: 57105K(57408K)->57105K(57408K) NonClass: 48803K(49024K)->48803K(49024K) Class: 8301K(8384K)->8301K(8384K)
[277.248s][info][gc             ] GC(556) Pause Young (Allocation Failure) 678M->432M(686M) 2.920ms
[277.248s][info][gc,cpu         ] GC(556) User=0.01s Sys=0.00s Real=0.01s
[277.837s][info][gc,start       ] GC(557) Pause Young (Allocation Failure)
[277.840s][info][gc,heap        ] GC(557) PSYoungGen: 245246K(261632K)->531K(235520K) Eden: 243712K(243712K)->0K(234496K) From: 1534K(17920K)->531K(1024K)
[277.840s][info][gc,heap        ] GC(557) ParOldGen: 440967K(441344K)->440983K(441344K)
[277.840s][info][gc,metaspace   ] GC(557) Metaspace: 57105K(57408K)->57105K(57408K) NonClass: 48803K(49024K)->48803K(49024K) Class: 8301K(8384K)->8301K(8384K)
[277.840s][info][gc             ] GC(557) Pause Young (Allocation Failure) 670M->431M(661M) 2.545ms
[277.840s][info][gc,cpu         ] GC(557) User=0.00s Sys=0.00s Real=0.00s
[278.373s][info][gc,start       ] GC(558) Pause Young (Allocation Failure)
[278.378s][info][gc,heap        ] GC(558) PSYoungGen: 235027K(235520K)->1983K(247808K) Eden: 234496K(234496K)->0K(225792K) From: 531K(1024K)->1983K(22016K)
[278.378s][info][gc,heap        ] GC(558) ParOldGen: 440983K(441344K)->440999K(441344K)
[278.378s][info][gc,metaspace   ] GC(558) Metaspace: 57105K(57408K)->57105K(57408K) NonClass: 48803K(49024K)->48803K(49024K) Class: 8301K(8384K)->8301K(8384K)
[278.378s][info][gc             ] GC(558) Pause Young (Allocation Failure) 660M->432M(673M) 4.833ms
[278.378s][info][gc,cpu         ] GC(558) User=0.01s Sys=0.00s Real=0.01s
[278.948s][info][gc,start       ] GC(559) Pause Young (Allocation Failure)
[278.952s][info][gc,heap        ] GC(559) PSYoungGen: 227775K(247808K)->1695K(219648K) Eden: 225792K(225792K)->0K(217600K) From: 1983K(22016K)->1695K(2048K)
[278.952s][info][gc,heap        ] GC(559) ParOldGen: 440999K(441344K)->441015K(441344K)
[278.952s][info][gc,metaspace   ] GC(559) Metaspace: 57105K(57408K)->57105K(57408K) NonClass: 48803K(49024K)->48803K(49024K) Class: 8301K(8384K)->8301K(8384K)
[278.952s][info][gc             ] GC(559) Pause Young (Allocation Failure) 653M->432M(645M) 4.443ms
[278.952s][info][gc,cpu         ] GC(559) User=0.01s Sys=0.00s Real=0.00s
[279.462s][info][gc,start       ] GC(560) Pause Young (Allocation Failure)
[279.467s][info][gc,heap        ] GC(560) PSYoungGen: 219174K(219648K)->1632K(227840K) Eden: 217479K(217600K)->0K(209408K) From: 1695K(2048K)->1632K(18432K)
[279.467s][info][gc,heap        ] GC(560) ParOldGen: 441015K(441344K)->441031K(441344K)
[279.467s][info][gc,metaspace   ] GC(560) Metaspace: 57105K(57408K)->57105K(57408K) NonClass: 48803K(49024K)->48803K(49024K) Class: 8301K(8384K)->8301K(8384K)
[279.467s][info][gc             ] GC(560) Pause Young (Allocation Failure) 644M->432M(653M) 4.875ms
[279.467s][info][gc,cpu         ] GC(560) User=0.01s Sys=0.00s Real=0.01s
[279.966s][info][gc,start       ] GC(561) Pause Young (Allocation Failure)
[279.971s][info][gc,heap        ] GC(561) PSYoungGen: 211040K(227840K)->2143K(204288K) Eden: 209408K(209408K)->0K(201728K) From: 1632K(18432K)->2143K(2560K)
[279.971s][info][gc,heap        ] GC(561) ParOldGen: 441031K(441344K)->441047K(441344K)
[279.971s][info][gc,metaspace   ] GC(561) Metaspace: 57105K(57408K)->57105K(57408K) NonClass: 48803K(49024K)->48803K(49024K) Class: 8301K(8384K)->8301K(8384K)
[279.971s][info][gc             ] GC(561) Pause Young (Allocation Failure) 636M->432M(630M) 4.825ms
[279.971s][info][gc,cpu         ] GC(561) User=0.00s Sys=0.00s Real=0.00s
[280.459s][info][gc,start       ] GC(562) Pause Young (Allocation Failure)
[280.463s][info][gc,heap        ] GC(562) PSYoungGen: 203752K(204288K)->1472K(211456K) Eden: 201609K(201728K)->0K(194560K) From: 2143K(2560K)->1472K(16896K)
[280.463s][info][gc,heap        ] GC(562) ParOldGen: 441047K(441344K)->441063K(441344K)
[280.463s][info][gc,metaspace   ] GC(562) Metaspace: 57105K(57408K)->57105K(57408K) NonClass: 48803K(49024K)->48803K(49024K) Class: 8301K(8384K)->8301K(8384K)
[280.463s][info][gc             ] GC(562) Pause Young (Allocation Failure) 629M->432M(637M) 4.155ms
[280.463s][info][gc,cpu         ] GC(562) User=0.00s Sys=0.00s Real=0.00s
[280.945s][info][gc,start       ] GC(563) Pause Young (Allocation Failure)
[280.948s][info][gc,heap        ] GC(563) PSYoungGen: 195754K(211456K)->608K(188416K) Eden: 194282K(194560K)->0K(187392K) From: 1472K(16896K)->608K(1024K)
[280.949s][info][gc,heap        ] GC(563) ParOldGen: 441063K(441344K)->441079K(441344K)
[280.949s][info][gc,metaspace   ] GC(563) Metaspace: 57105K(57408K)->57105K(57408K) NonClass: 48803K(49024K)->48803K(49024K) Class: 8301K(8384K)->8301K(8384K)
[280.949s][info][gc             ] GC(563) Pause Young (Allocation Failure) 621M->431M(615M) 3.126ms
[280.949s][info][gc,cpu         ] GC(563) User=0.00s Sys=0.00s Real=0.01s
[281.371s][info][gc,start       ] GC(564) Pause Young (Allocation Failure)
[281.375s][info][gc,heap        ] GC(564) PSYoungGen: 188000K(188416K)->1983K(195584K) Eden: 187392K(187392K)->0K(180736K) From: 608K(1024K)->1983K(14848K)
[281.375s][info][gc,heap        ] GC(564) ParOldGen: 441079K(441344K)->441095K(441344K)
[281.375s][info][gc,metaspace   ] GC(564) Metaspace: 57105K(57408K)->57105K(57408K) NonClass: 48803K(49024K)->48803K(49024K) Class: 8301K(8384K)->8301K(8384K)
[281.375s][info][gc             ] GC(564) Pause Young (Allocation Failure) 614M->432M(622M) 4.632ms
[281.375s][info][gc,cpu         ] GC(564) User=0.00s Sys=0.01s Real=0.00s
[281.846s][info][gc,start       ] GC(565) Pause Young (Allocation Failure)
[281.849s][info][gc,heap        ] GC(565) PSYoungGen: 182719K(195584K)->832K(175616K) Eden: 180736K(180736K)->0K(174592K) From: 1983K(14848K)->832K(1024K)
[281.849s][info][gc,heap        ] GC(565) ParOldGen: 441095K(441344K)->441111K(441344K)
[281.849s][info][gc,metaspace   ] GC(565) Metaspace: 57105K(57408K)->57105K(57408K) NonClass: 48803K(49024K)->48803K(49024K) Class: 8301K(8384K)->8301K(8384K)
[281.849s][info][gc             ] GC(565) Pause Young (Allocation Failure) 609M->431M(602M) 3.439ms
[281.849s][info][gc,cpu         ] GC(565) User=0.00s Sys=0.00s Real=0.01s
[282.252s][info][gc,start       ] GC(566) Pause Young (Allocation Failure)
[282.256s][info][gc,heap        ] GC(566) PSYoungGen: 175321K(175616K)->1344K(181760K) Eden: 174489K(174592K)->0K(168448K) From: 832K(1024K)->1344K(13312K)
[282.256s][info][gc,heap        ] GC(566) ParOldGen: 441111K(441344K)->441127K(441344K)
[282.256s][info][gc,metaspace   ] GC(566) Metaspace: 57105K(57408K)->57105K(57408K) NonClass: 48803K(49024K)->48803K(49024K) Class: 8301K(8384K)->8301K(8384K)
[282.256s][info][gc             ] GC(566) Pause Young (Allocation Failure) 601M->432M(608M) 3.960ms
[282.256s][info][gc,cpu         ] GC(566) User=0.00s Sys=0.00s Real=0.01s
[282.689s][info][gc,start       ] GC(567) Pause Young (Allocation Failure)
[282.695s][info][gc,heap        ] GC(567) PSYoungGen: 169509K(181760K)->2592K(165888K) Eden: 168165K(168448K)->0K(162816K) From: 1344K(13312K)->2592K(3072K)
[282.695s][info][gc,heap        ] GC(567) ParOldGen: 441127K(441344K)->441143K(441344K)
[282.695s][info][gc,metaspace   ] GC(567) Metaspace: 57105K(57408K)->57105K(57408K) NonClass: 48803K(49024K)->48803K(49024K) Class: 8301K(8384K)->8301K(8384K)
[282.695s][info][gc             ] GC(567) Pause Young (Allocation Failure) 596M->433M(593M) 5.611ms
[282.695s][info][gc,cpu         ] GC(567) User=0.01s Sys=0.00s Real=0.00s
[283.053s][info][gc,start       ] GC(568) Pause Young (Allocation Failure)
[283.058s][info][gc,heap        ] GC(568) PSYoungGen: 165408K(165888K)->1728K(167424K) Eden: 162816K(162816K)->0K(157184K) From: 2592K(3072K)->1728K(10240K)
[283.058s][info][gc,heap        ] GC(568) ParOldGen: 441143K(441344K)->441159K(441344K)
[283.058s][info][gc,metaspace   ] GC(568) Metaspace: 57105K(57408K)->57105K(57408K) NonClass: 48803K(49024K)->48803K(49024K) Class: 8301K(8384K)->8301K(8384K)
[283.058s][info][gc             ] GC(568) Pause Young (Allocation Failure) 592M->432M(594M) 4.552ms
[283.058s][info][gc,cpu         ] GC(568) User=0.00s Sys=0.00s Real=0.01s
[283.443s][info][gc,start       ] GC(569) Pause Young (Allocation Failure)
[283.446s][info][gc,heap        ] GC(569) PSYoungGen: 158912K(167424K)->1022K(153088K) Eden: 157184K(157184K)->0K(152064K) From: 1728K(10240K)->1022K(1024K)
[283.446s][info][gc,heap        ] GC(569) ParOldGen: 441159K(441344K)->441175K(441344K)
[283.447s][info][gc,metaspace   ] GC(569) Metaspace: 57105K(57408K)->57105K(57408K) NonClass: 48803K(49024K)->48803K(49024K) Class: 8301K(8384K)->8301K(8384K)
[283.447s][info][gc             ] GC(569) Pause Young (Allocation Failure) 586M->431M(580M) 3.065ms
[283.447s][info][gc,cpu         ] GC(569) User=0.01s Sys=0.00s Real=0.01s
[283.810s][info][gc,start       ] GC(570) Pause Young (Allocation Failure)
[283.813s][info][gc,heap        ] GC(570) PSYoungGen: 153009K(153088K)->992K(157184K) Eden: 151987K(152064K)->0K(146944K) From: 1022K(1024K)->992K(10240K)
[283.813s][info][gc,heap        ] GC(570) ParOldGen: 441175K(441344K)->441191K(441344K)
[283.813s][info][gc,metaspace   ] GC(570) Metaspace: 57105K(57408K)->57105K(57408K) NonClass: 48803K(49024K)->48803K(49024K) Class: 8301K(8384K)->8301K(8384K)
[283.813s][info][gc             ] GC(570) Pause Young (Allocation Failure) 580M->431M(584M) 3.561ms
[283.814s][info][gc,cpu         ] GC(570) User=0.00s Sys=0.00s Real=0.00s
[284.157s][info][gc,start       ] GC(571) Pause Young (Allocation Failure)
[284.161s][info][gc,heap        ] GC(571) PSYoungGen: 147849K(157184K)->1536K(143872K) Eden: 146857K(146944K)->0K(142336K) From: 992K(10240K)->1536K(1536K)
[284.161s][info][gc,heap        ] GC(571) ParOldGen: 441191K(441344K)->441207K(441344K)
[284.161s][info][gc,metaspace   ] GC(571) Metaspace: 57105K(57408K)->57105K(57408K) NonClass: 48803K(49024K)->48803K(49024K) Class: 8301K(8384K)->8301K(8384K)
[284.161s][info][gc             ] GC(571) Pause Young (Allocation Failure) 575M->432M(571M) 4.014ms
[284.161s][info][gc,cpu         ] GC(571) User=0.00s Sys=0.00s Real=0.00s
[284.481s][info][gc,start       ] GC(572) Pause Young (Allocation Failure)
[284.485s][info][gc,heap        ] GC(572) PSYoungGen: 143574K(143872K)->1472K(145920K) Eden: 142038K(142336K)->0K(137728K) From: 1536K(1536K)->1472K(8192K)
[284.485s][info][gc,heap        ] GC(572) ParOldGen: 441207K(441344K)->441223K(441344K)
[284.485s][info][gc,metaspace   ] GC(572) Metaspace: 57105K(57408K)->57105K(57408K) NonClass: 48803K(49024K)->48803K(49024K) Class: 8301K(8384K)->8301K(8384K)
[284.485s][info][gc             ] GC(572) Pause Young (Allocation Failure) 571M->432M(573M) 4.132ms
[284.485s][info][gc,cpu         ] GC(572) User=0.01s Sys=0.00s Real=0.00s
[284.842s][info][gc,start       ] GC(573) Pause Young (Allocation Failure)
[284.845s][info][gc,heap        ] GC(573) PSYoungGen: 139200K(145920K)->827K(134144K) Eden: 137728K(137728K)->0K(133120K) From: 1472K(8192K)->827K(1024K)
[284.845s][info][gc,heap        ] GC(573) ParOldGen: 441223K(441344K)->441239K(441344K)
[284.845s][info][gc,metaspace   ] GC(573) Metaspace: 57105K(57408K)->57105K(57408K) NonClass: 48803K(49024K)->48803K(49024K) Class: 8301K(8384K)->8301K(8384K)
[284.845s][info][gc             ] GC(573) Pause Young (Allocation Failure) 566M->431M(562M) 3.082ms
[284.845s][info][gc,cpu         ] GC(573) User=0.01s Sys=0.00s Real=0.00s
[285.150s][info][gc,start       ] GC(574) Pause Young (Allocation Failure)
[285.154s][info][gc,heap        ] GC(574) PSYoungGen: 133947K(134144K)->1248K(136704K) Eden: 133120K(133120K)->0K(129024K) From: 827K(1024K)->1248K(7680K)
[285.154s][info][gc,heap        ] GC(574) ParOldGen: 441239K(441344K)->441255K(441344K)
[285.154s][info][gc,metaspace   ] GC(574) Metaspace: 57105K(57408K)->57105K(57408K) NonClass: 48803K(49024K)->48803K(49024K) Class: 8301K(8384K)->8301K(8384K)
[285.154s][info][gc             ] GC(574) Pause Young (Allocation Failure) 561M->432M(564M) 3.594ms
[285.154s][info][gc,cpu         ] GC(574) User=0.00s Sys=0.00s Real=0.00s
[285.458s][info][gc,start       ] GC(575) Pause Young (Allocation Failure)
[285.463s][info][gc,heap        ] GC(575) PSYoungGen: 130272K(136704K)->1920K(141312K) Eden: 129024K(129024K)->0K(129024K) From: 1248K(7680K)->1920K(12288K)
[285.463s][info][gc,heap        ] GC(575) ParOldGen: 441255K(441344K)->441271K(441344K)
[285.463s][info][gc,metaspace   ] GC(575) Metaspace: 57105K(57408K)->57105K(57408K) NonClass: 48803K(49024K)->48803K(49024K) Class: 8301K(8384K)->8301K(8384K)
[285.463s][info][gc             ] GC(575) Pause Young (Allocation Failure) 558M->432M(569M) 4.261ms
[285.463s][info][gc,cpu         ] GC(575) User=0.01s Sys=0.00s Real=0.00s
[285.781s][info][gc,start       ] GC(576) Pause Young (Allocation Failure)
[285.789s][info][gc,heap        ] GC(576) PSYoungGen: 130810K(141312K)->4222K(165376K) Eden: 128890K(129024K)->0K(154112K) From: 1920K(12288K)->4222K(11264K)
[285.789s][info][gc,heap        ] GC(576) ParOldGen: 441271K(441344K)->441287K(441344K)
[285.789s][info][gc,metaspace   ] GC(576) Metaspace: 57105K(57408K)->57105K(57408K) NonClass: 48803K(49024K)->48803K(49024K) Class: 8301K(8384K)->8301K(8384K)
[285.789s][info][gc             ] GC(576) Pause Young (Allocation Failure) 558M->435M(592M) 8.190ms
[285.789s][info][gc,cpu         ] GC(576) User=0.01s Sys=0.01s Real=0.01s
[286.148s][info][gc,start       ] GC(577) Pause Young (Allocation Failure)
[286.152s][info][gc,heap        ] GC(577) PSYoungGen: 158334K(165376K)->1918K(165376K) Eden: 154112K(154112K)->0K(154112K) From: 4222K(11264K)->1918K(11264K)
[286.153s][info][gc,heap        ] GC(577) ParOldGen: 441287K(441344K)->441303K(441344K)
[286.153s][info][gc,metaspace   ] GC(577) Metaspace: 57105K(57408K)->57105K(57408K) NonClass: 48803K(49024K)->48803K(49024K) Class: 8301K(8384K)->8301K(8384K)
[286.153s][info][gc             ] GC(577) Pause Young (Allocation Failure) 585M->432M(592M) 4.381ms
[286.153s][info][gc,cpu         ] GC(577) User=0.01s Sys=0.01s Real=0.00s
[286.485s][info][gc,start       ] GC(578) Pause Young (Allocation Failure)
[286.487s][info][gc,heap        ] GC(578) PSYoungGen: 155997K(165376K)->288K(193536K) Eden: 154078K(154112K)->0K(184320K) From: 1918K(11264K)->288K(9216K)
[286.487s][info][gc,heap        ] GC(578) ParOldGen: 441303K(441344K)->441319K(441344K)
[286.487s][info][gc,metaspace   ] GC(578) Metaspace: 57105K(57408K)->57105K(57408K) NonClass: 48803K(49024K)->48803K(49024K) Class: 8301K(8384K)->8301K(8384K)
[286.487s][info][gc             ] GC(578) Pause Young (Allocation Failure) 583M->431M(620M) 2.123ms
[286.487s][info][gc,cpu         ] GC(578) User=0.00s Sys=0.00s Real=0.01s
[287.015s][info][gc,start       ] GC(579) Pause Young (Allocation Failure)
[287.017s][info][gc,heap        ] GC(579) PSYoungGen: 184419K(193536K)->800K(194048K) Eden: 184131K(184320K)->0K(184320K) From: 288K(9216K)->800K(9728K)
[287.017s][info][gc,heap        ] GC(579) ParOldGen: 441319K(441344K)->441335K(441344K)
[287.017s][info][gc,metaspace   ] GC(579) Metaspace: 57105K(57408K)->57105K(57408K) NonClass: 48803K(49024K)->48803K(49024K) Class: 8301K(8384K)->8301K(8384K)
[287.017s][info][gc             ] GC(579) Pause Young (Allocation Failure) 611M->431M(620M) 2.927ms
[287.018s][info][gc,cpu         ] GC(579) User=0.00s Sys=0.00s Real=0.01s
[287.385s][info][gc,start       ] GC(580) Pause Young (Allocation Failure)
[287.388s][info][gc,heap        ] GC(580) PSYoungGen: 185119K(194048K)->1055K(179200K) Eden: 184319K(184320K)->0K(177664K) From: 800K(9728K)->1055K(1536K)
[287.388s][info][gc,heap        ] GC(580) ParOldGen: 441335K(441344K)->441351K(441856K)
[287.389s][info][gc,metaspace   ] GC(580) Metaspace: 57105K(57408K)->57105K(57408K) NonClass: 48803K(49024K)->48803K(49024K) Class: 8301K(8384K)->8301K(8384K)
[287.389s][info][gc             ] GC(580) Pause Young (Allocation Failure) 611M->432M(606M) 3.115ms
[287.389s][info][gc,cpu         ] GC(580) User=0.01s Sys=0.00s Real=0.01s
[287.846s][info][gc,start       ] GC(581) Pause Young (Allocation Failure)
[287.850s][info][gc,heap        ] GC(581) PSYoungGen: 178719K(179200K)->1152K(173056K) Eden: 177664K(177664K)->0K(171520K) From: 1055K(1536K)->1152K(1536K)
[287.850s][info][gc,heap        ] GC(581) ParOldGen: 441351K(441856K)->441367K(441856K)
[287.850s][info][gc,metaspace   ] GC(581) Metaspace: 57105K(57408K)->57105K(57408K) NonClass: 48803K(49024K)->48803K(49024K) Class: 8301K(8384K)->8301K(8384K)
[287.850s][info][gc             ] GC(581) Pause Young (Allocation Failure) 605M->432M(600M) 3.583ms
[287.850s][info][gc,cpu         ] GC(581) User=0.01s Sys=0.00s Real=0.00s
[288.253s][info][gc,start       ] GC(582) Pause Young (Allocation Failure)
[288.257s][info][gc,heap        ] GC(582) PSYoungGen: 172672K(173056K)->1504K(167424K) Eden: 171520K(171520K)->0K(165888K) From: 1152K(1536K)->1504K(1536K)
[288.257s][info][gc,heap        ] GC(582) ParOldGen: 441367K(441856K)->441383K(441856K)
[288.257s][info][gc,metaspace   ] GC(582) Metaspace: 57105K(57408K)->57105K(57408K) NonClass: 48803K(49024K)->48803K(49024K) Class: 8301K(8384K)->8301K(8384K)
[288.257s][info][gc             ] GC(582) Pause Young (Allocation Failure) 599M->432M(595M) 4.239ms
[288.257s][info][gc,cpu         ] GC(582) User=0.01s Sys=0.00s Real=0.01s
[288.657s][info][gc,start       ] GC(583) Pause Young (Allocation Failure)
[288.662s][info][gc,heap        ] GC(583) PSYoungGen: 167392K(167424K)->2654K(200704K) Eden: 165888K(165888K)->0K(197632K) From: 1504K(1536K)->2654K(3072K)
[288.662s][info][gc,heap        ] GC(583) ParOldGen: 441383K(441856K)->441399K(441856K)
[288.662s][info][gc,metaspace   ] GC(583) Metaspace: 57105K(57408K)->57105K(57408K) NonClass: 48803K(49024K)->48803K(49024K) Class: 8301K(8384K)->8301K(8384K)
[288.662s][info][gc             ] GC(583) Pause Young (Allocation Failure) 594M->433M(627M) 5.531ms
[288.662s][info][gc,cpu         ] GC(583) User=0.01s Sys=0.00s Real=0.00s
[289.146s][info][gc,start       ] GC(584) Pause Young (Allocation Failure)
[289.150s][info][gc,heap        ] GC(584) PSYoungGen: 200286K(200704K)->1438K(192000K) Eden: 197632K(197632K)->0K(190464K) From: 2654K(3072K)->1438K(1536K)
[289.150s][info][gc,heap        ] GC(584) ParOldGen: 441399K(441856K)->441415K(441856K)
[289.150s][info][gc,metaspace   ] GC(584) Metaspace: 57105K(57408K)->57105K(57408K) NonClass: 48803K(49024K)->48803K(49024K) Class: 8301K(8384K)->8301K(8384K)
[289.150s][info][gc             ] GC(584) Pause Young (Allocation Failure) 626M->432M(619M) 3.498ms
[289.150s][info][gc,cpu         ] GC(584) User=0.00s Sys=0.00s Real=0.00s
[289.576s][info][gc,start       ] GC(585) Pause Young (Allocation Failure)
[289.581s][info][gc,heap        ] GC(585) PSYoungGen: 191902K(192000K)->2046K(208384K) Eden: 190464K(190464K)->0K(201216K) From: 1438K(1536K)->2046K(7168K)
[289.581s][info][gc,heap        ] GC(585) ParOldGen: 441415K(441856K)->441431K(441856K)
[289.581s][info][gc,metaspace   ] GC(585) Metaspace: 57105K(57408K)->57105K(57408K) NonClass: 48803K(49024K)->48803K(49024K) Class: 8301K(8384K)->8301K(8384K)
[289.581s][info][gc             ] GC(585) Pause Young (Allocation Failure) 618M->433M(635M) 4.728ms
[289.581s][info][gc,cpu         ] GC(585) User=0.01s Sys=0.01s Real=0.00s
[290.175s][info][gc,start       ] GC(586) Pause Young (Allocation Failure)
[290.180s][info][gc,heap        ] GC(586) PSYoungGen: 203262K(208384K)->2686K(197120K) Eden: 201216K(201216K)->0K(194048K) From: 2046K(7168K)->2686K(3072K)
[290.180s][info][gc,heap        ] GC(586) ParOldGen: 441431K(441856K)->441447K(441856K)
[290.180s][info][gc,metaspace   ] GC(586) Metaspace: 57105K(57408K)->57105K(57408K) NonClass: 48803K(49024K)->48803K(49024K) Class: 8301K(8384K)->8301K(8384K)
[290.180s][info][gc             ] GC(586) Pause Young (Allocation Failure) 629M->433M(624M) 5.477ms
[290.180s][info][gc,cpu         ] GC(586) User=0.01s Sys=0.00s Real=0.01s
[290.658s][info][gc,start       ] GC(587) Pause Young (Allocation Failure)
[290.663s][info][gc,heap        ] GC(587) PSYoungGen: 196615K(197120K)->1664K(188928K) Eden: 193929K(194048K)->0K(186880K) From: 2686K(3072K)->1664K(2048K)
[290.663s][info][gc,heap        ] GC(587) ParOldGen: 441447K(441856K)->441463K(441856K)
[290.663s][info][gc,metaspace   ] GC(587) Metaspace: 57105K(57408K)->57105K(57408K) NonClass: 48803K(49024K)->48803K(49024K) Class: 8301K(8384K)->8301K(8384K)
[290.663s][info][gc             ] GC(587) Pause Young (Allocation Failure) 623M->432M(616M) 4.561ms
[290.663s][info][gc,cpu         ] GC(587) User=0.01s Sys=0.00s Real=0.00s
[291.084s][info][gc,start       ] GC(588) Pause Young (Allocation Failure)
[291.087s][info][gc,heap        ] GC(588) PSYoungGen: 188544K(188928K)->1055K(181760K) Eden: 186880K(186880K)->0K(180224K) From: 1664K(2048K)->1055K(1536K)
[291.087s][info][gc,heap        ] GC(588) ParOldGen: 441463K(441856K)->441479K(441856K)
[291.087s][info][gc,metaspace   ] GC(588) Metaspace: 57105K(57408K)->57105K(57408K) NonClass: 48803K(49024K)->48803K(49024K) Class: 8301K(8384K)->8301K(8384K)
[291.087s][info][gc             ] GC(588) Pause Young (Allocation Failure) 615M->432M(609M) 3.212ms
[291.087s][info][gc,cpu         ] GC(588) User=0.01s Sys=0.00s Real=0.01s
[291.548s][info][gc,start       ] GC(589) Pause Young (Allocation Failure)
[291.552s][info][gc,heap        ] GC(589) PSYoungGen: 181279K(181760K)->1248K(175616K) Eden: 180224K(180224K)->0K(174080K) From: 1055K(1536K)->1248K(1536K)
[291.552s][info][gc,heap        ] GC(589) ParOldGen: 441479K(441856K)->441495K(441856K)
[291.552s][info][gc,metaspace   ] GC(589) Metaspace: 57106K(57408K)->57106K(57408K) NonClass: 48804K(49024K)->48804K(49024K) Class: 8301K(8384K)->8301K(8384K)
[291.552s][info][gc             ] GC(589) Pause Young (Allocation Failure) 608M->432M(603M) 3.762ms
[291.552s][info][gc,cpu         ] GC(589) User=0.01s Sys=0.00s Real=0.00s
[291.958s][info][gc,start       ] GC(590) Pause Young (Allocation Failure)
[291.961s][info][gc,heap        ] GC(590) PSYoungGen: 175328K(175616K)->1439K(169472K) Eden: 174080K(174080K)->0K(167936K) From: 1248K(1536K)->1439K(1536K)
[291.961s][info][gc,heap        ] GC(590) ParOldGen: 441495K(441856K)->441511K(441856K)
[291.961s][info][gc,metaspace   ] GC(590) Metaspace: 57106K(57408K)->57106K(57408K) NonClass: 48804K(49024K)->48804K(49024K) Class: 8301K(8384K)->8301K(8384K)
[291.961s][info][gc             ] GC(590) Pause Young (Allocation Failure) 602M->432M(597M) 3.410ms
[291.961s][info][gc,cpu         ] GC(590) User=0.00s Sys=0.00s Real=0.00s
[292.369s][info][gc,start       ] GC(591) Pause Young (Allocation Failure)
[292.372s][info][gc,heap        ] GC(591) PSYoungGen: 169375K(169472K)->1248K(163840K) Eden: 167936K(167936K)->0K(162304K) From: 1439K(1536K)->1248K(1536K)
[292.372s][info][gc,heap        ] GC(591) ParOldGen: 441511K(441856K)->441527K(441856K)
[292.372s][info][gc,metaspace   ] GC(591) Metaspace: 57106K(57408K)->57106K(57408K) NonClass: 48804K(49024K)->48804K(49024K) Class: 8301K(8384K)->8301K(8384K)
[292.372s][info][gc             ] GC(591) Pause Young (Allocation Failure) 596M->432M(591M) 3.563ms
[292.372s][info][gc,cpu         ] GC(591) User=0.00s Sys=0.00s Real=0.00s
[292.762s][info][gc,start       ] GC(592) Pause Young (Allocation Failure)
[292.767s][info][gc,heap        ] GC(592) PSYoungGen: 163552K(163840K)->2270K(159232K) Eden: 162304K(162304K)->0K(156672K) From: 1248K(1536K)->2270K(2560K)
[292.767s][info][gc,heap        ] GC(592) ParOldGen: 441527K(441856K)->441543K(441856K)
[292.767s][info][gc,metaspace   ] GC(592) Metaspace: 57106K(57408K)->57106K(57408K) NonClass: 48804K(49024K)->48804K(49024K) Class: 8301K(8384K)->8301K(8384K)
[292.767s][info][gc             ] GC(592) Pause Young (Allocation Failure) 590M->433M(587M) 4.900ms
[292.767s][info][gc,cpu         ] GC(592) User=0.00s Sys=0.00s Real=0.01s
[293.191s][info][gc,start       ] GC(593) Pause Young (Allocation Failure)
[293.195s][info][gc,heap        ] GC(593) PSYoungGen: 158942K(159232K)->1344K(153088K) Eden: 156672K(156672K)->0K(151552K) From: 2270K(2560K)->1344K(1536K)
[293.195s][info][gc,heap        ] GC(593) ParOldGen: 441543K(441856K)->441559K(441856K)
[293.195s][info][gc,metaspace   ] GC(593) Metaspace: 57106K(57408K)->57106K(57408K) NonClass: 48804K(49024K)->48804K(49024K) Class: 8301K(8384K)->8301K(8384K)
[293.195s][info][gc             ] GC(593) Pause Young (Allocation Failure) 586M->432M(581M) 4.274ms
[293.195s][info][gc,cpu         ] GC(593) User=0.01s Sys=0.00s Real=0.00s
[293.536s][info][gc,start       ] GC(594) Pause Young (Allocation Failure)
[293.539s][info][gc,heap        ] GC(594) PSYoungGen: 152896K(153088K)->554K(147456K) Eden: 151552K(151552K)->0K(146432K) From: 1344K(1536K)->554K(1024K)
[293.539s][info][gc,heap        ] GC(594) ParOldGen: 441559K(441856K)->441575K(441856K)
[293.539s][info][gc,metaspace   ] GC(594) Metaspace: 57106K(57408K)->57106K(57408K) NonClass: 48804K(49024K)->48804K(49024K) Class: 8301K(8384K)->8301K(8384K)
[293.539s][info][gc             ] GC(594) Pause Young (Allocation Failure) 580M->431M(575M) 2.222ms
[293.539s][info][gc,cpu         ] GC(594) User=0.00s Sys=0.00s Real=0.00s
[293.864s][info][gc,start       ] GC(595) Pause Young (Allocation Failure)
[293.870s][info][gc,heap        ] GC(595) PSYoungGen: 146986K(147456K)->2847K(178176K) Eden: 146432K(146432K)->0K(175104K) From: 554K(1024K)->2847K(3072K)
[293.870s][info][gc,heap        ] GC(595) ParOldGen: 441575K(441856K)->441591K(441856K)
[293.870s][info][gc,metaspace   ] GC(595) Metaspace: 57106K(57408K)->57106K(57408K) NonClass: 48804K(49024K)->48804K(49024K) Class: 8301K(8384K)->8301K(8384K)
[293.870s][info][gc             ] GC(595) Pause Young (Allocation Failure) 574M->434M(605M) 5.775ms
[293.870s][info][gc,cpu         ] GC(595) User=0.01s Sys=0.00s Real=0.01s
[294.281s][info][gc,start       ] GC(596) Pause Young (Allocation Failure)
[294.284s][info][gc,heap        ] GC(596) PSYoungGen: 177951K(178176K)->1439K(209920K) Eden: 175104K(175104K)->0K(205312K) From: 2847K(3072K)->1439K(4608K)
[294.284s][info][gc,heap        ] GC(596) ParOldGen: 441591K(441856K)->441607K(441856K)
[294.284s][info][gc,metaspace   ] GC(596) Metaspace: 57106K(57408K)->57106K(57408K) NonClass: 48804K(49024K)->48804K(49024K) Class: 8301K(8384K)->8301K(8384K)
[294.284s][info][gc             ] GC(596) Pause Young (Allocation Failure) 605M->432M(636M) 3.374ms
[294.284s][info][gc,cpu         ] GC(596) User=0.00s Sys=0.00s Real=0.00s
[294.779s][info][gc,start       ] GC(597) Pause Young (Allocation Failure)
[294.783s][info][gc,heap        ] GC(597) PSYoungGen: 206751K(209920K)->2015K(199680K) Eden: 205312K(205312K)->0K(197632K) From: 1439K(4608K)->2015K(2048K)
[294.783s][info][gc,heap        ] GC(597) ParOldGen: 441607K(441856K)->441623K(441856K)
[294.783s][info][gc,metaspace   ] GC(597) Metaspace: 57106K(57408K)->57106K(57408K) NonClass: 48804K(49024K)->48804K(49024K) Class: 8301K(8384K)->8301K(8384K)
[294.783s][info][gc             ] GC(597) Pause Young (Allocation Failure) 633M->433M(626M) 4.469ms
[294.783s][info][gc,cpu         ] GC(597) User=0.01s Sys=0.00s Real=0.00s
[295.276s][info][gc,start       ] GC(598) Pause Young (Allocation Failure)
[295.283s][info][gc,heap        ] GC(598) PSYoungGen: 199647K(199680K)->3072K(205312K) Eden: 197632K(197632K)->0K(202240K) From: 2015K(2048K)->3072K(3072K)
[295.283s][info][gc,heap        ] GC(598) ParOldGen: 441623K(441856K)->442669K(442880K)
[295.283s][info][gc,metaspace   ] GC(598) Metaspace: 57106K(57408K)->57106K(57408K) NonClass: 48804K(49024K)->48804K(49024K) Class: 8301K(8384K)->8301K(8384K)
[295.283s][info][gc             ] GC(598) Pause Young (Allocation Failure) 626M->435M(633M) 7.131ms
[295.283s][info][gc,cpu         ] GC(598) User=0.01s Sys=0.00s Real=0.00s
[295.752s][info][gc,start       ] GC(599) Pause Young (Allocation Failure)
[295.759s][info][gc,heap        ] GC(599) PSYoungGen: 205312K(205312K)->1919K(207360K) Eden: 202240K(202240K)->0K(202240K) From: 3072K(3072K)->1919K(5120K)
[295.759s][info][gc,heap        ] GC(599) ParOldGen: 442669K(442880K)->445741K(445952K)
[295.759s][info][gc,metaspace   ] GC(599) Metaspace: 57106K(57408K)->57106K(57408K) NonClass: 48804K(49024K)->48804K(49024K) Class: 8301K(8384K)->8301K(8384K)
[295.759s][info][gc             ] GC(599) Pause Young (Allocation Failure) 632M->437M(638M) 7.670ms
[295.759s][info][gc,cpu         ] GC(599) User=0.01s Sys=0.00s Real=0.01s
[296.251s][info][gc,start       ] GC(600) Pause Young (Allocation Failure)
[296.256s][info][gc,heap        ] GC(600) PSYoungGen: 204159K(207360K)->2014K(245760K) Eden: 202240K(202240K)->0K(241152K) From: 1919K(5120K)->2014K(4608K)
[296.256s][info][gc,heap        ] GC(600) ParOldGen: 445741K(445952K)->445829K(445952K)
[296.256s][info][gc,metaspace   ] GC(600) Metaspace: 57106K(57408K)->57106K(57408K) NonClass: 48804K(49024K)->48804K(49024K) Class: 8301K(8384K)->8301K(8384K)
[296.256s][info][gc             ] GC(600) Pause Young (Allocation Failure) 634M->437M(675M) 4.834ms
[296.256s][info][gc,cpu         ] GC(600) User=0.01s Sys=0.01s Real=0.00s
[296.848s][info][gc,start       ] GC(601) Pause Young (Allocation Failure)
[296.851s][info][gc,heap        ] GC(601) PSYoungGen: 243166K(245760K)->1087K(245760K) Eden: 241152K(241152K)->0K(241152K) From: 2014K(4608K)->1087K(4608K)
[296.851s][info][gc,heap        ] GC(601) ParOldGen: 445829K(445952K)->445845K(445952K)
[296.851s][info][gc,metaspace   ] GC(601) Metaspace: 57106K(57408K)->57106K(57408K) NonClass: 48804K(49024K)->48804K(49024K) Class: 8301K(8384K)->8301K(8384K)
[296.851s][info][gc             ] GC(601) Pause Young (Allocation Failure) 672M->436M(675M) 3.031ms
[296.851s][info][gc,cpu         ] GC(601) User=0.01s Sys=0.00s Real=0.00s
[297.437s][info][gc,start       ] GC(602) Pause Young (Allocation Failure)
[297.439s][info][gc,heap        ] GC(602) PSYoungGen: 242239K(245760K)->372K(232448K) Eden: 241152K(241152K)->0K(231936K) From: 1087K(4608K)->372K(512K)
[297.439s][info][gc,heap        ] GC(602) ParOldGen: 445845K(445952K)->445861K(445952K)
[297.439s][info][gc,metaspace   ] GC(602) Metaspace: 57106K(57408K)->57106K(57408K) NonClass: 48804K(49024K)->48804K(49024K) Class: 8301K(8384K)->8301K(8384K)
[297.439s][info][gc             ] GC(602) Pause Young (Allocation Failure) 671M->435M(662M) 2.292ms
[297.439s][info][gc,cpu         ] GC(602) User=0.01s Sys=0.00s Real=0.00s
[297.967s][info][gc,start       ] GC(603) Pause Young (Allocation Failure)
[297.972s][info][gc,heap        ] GC(603) PSYoungGen: 232308K(232448K)->2462K(227840K) Eden: 231936K(231936K)->0K(223232K) From: 372K(512K)->2462K(4608K)
[297.972s][info][gc,heap        ] GC(603) ParOldGen: 445861K(445952K)->445877K(445952K)
[297.972s][info][gc,metaspace   ] GC(603) Metaspace: 57106K(57408K)->57106K(57408K) NonClass: 48804K(49024K)->48804K(49024K) Class: 8301K(8384K)->8301K(8384K)
[297.972s][info][gc             ] GC(603) Pause Young (Allocation Failure) 662M->437M(658M) 5.195ms
[297.972s][info][gc,cpu         ] GC(603) User=0.01s Sys=0.00s Real=0.00s
[298.537s][info][gc,start       ] GC(604) Pause Young (Allocation Failure)
[298.540s][info][gc,heap        ] GC(604) PSYoungGen: 225694K(227840K)->457K(215552K) Eden: 223232K(223232K)->0K(215040K) From: 2462K(4608K)->457K(512K)
[298.540s][info][gc,heap        ] GC(604) ParOldGen: 445877K(445952K)->445893K(445952K)
[298.540s][info][gc,metaspace   ] GC(604) Metaspace: 57106K(57408K)->57106K(57408K) NonClass: 48804K(49024K)->48804K(49024K) Class: 8301K(8384K)->8301K(8384K)
[298.540s][info][gc             ] GC(604) Pause Young (Allocation Failure) 655M->435M(646M) 2.473ms
[298.540s][info][gc,cpu         ] GC(604) User=0.00s Sys=0.00s Real=0.00s
[299.044s][info][gc,start       ] GC(605) Pause Young (Allocation Failure)
[299.047s][info][gc,heap        ] GC(605) PSYoungGen: 215497K(215552K)->1662K(211968K) Eden: 215040K(215040K)->0K(207360K) From: 457K(512K)->1662K(4608K)
[299.047s][info][gc,heap        ] GC(605) ParOldGen: 445893K(445952K)->445909K(445952K)
[299.047s][info][gc,metaspace   ] GC(605) Metaspace: 57106K(57408K)->57106K(57408K) NonClass: 48804K(49024K)->48804K(49024K) Class: 8301K(8384K)->8301K(8384K)
[299.047s][info][gc             ] GC(605) Pause Young (Allocation Failure) 645M->437M(642M) 3.661ms
[299.047s][info][gc,cpu         ] GC(605) User=0.01s Sys=0.00s Real=0.01s
[299.545s][info][gc,start       ] GC(606) Pause Young (Allocation Failure)
[299.548s][info][gc,heap        ] GC(606) PSYoungGen: 209022K(211968K)->1247K(201216K) Eden: 207360K(207360K)->0K(199680K) From: 1662K(4608K)->1247K(1536K)
[299.548s][info][gc,heap        ] GC(606) ParOldGen: 445909K(445952K)->445925K(445952K)
[299.548s][info][gc,metaspace   ] GC(606) Metaspace: 57106K(57408K)->57106K(57408K) NonClass: 48804K(49024K)->48804K(49024K) Class: 8301K(8384K)->8301K(8384K)
[299.548s][info][gc             ] GC(606) Pause Young (Allocation Failure) 639M->436M(632M) 3.056ms
[299.548s][info][gc,cpu         ] GC(606) User=0.00s Sys=0.00s Real=0.01s
[300.102s][info][gc,start       ] GC(607) Pause Young (Allocation Failure)
[300.104s][info][gc,heap        ] GC(607) PSYoungGen: 200927K(201216K)->128K(193024K) Eden: 199680K(199680K)->0K(192512K) From: 1247K(1536K)->128K(512K)
[300.104s][info][gc,heap        ] GC(607) ParOldGen: 445925K(445952K)->445941K(445952K)
[300.104s][info][gc,metaspace   ] GC(607) Metaspace: 57106K(57408K)->57106K(57408K) NonClass: 48804K(49024K)->48804K(49024K) Class: 8301K(8384K)->8301K(8384K)
[300.104s][info][gc             ] GC(607) Pause Young (Allocation Failure) 631M->435M(624M) 1.926ms
[300.104s][info][gc,cpu         ] GC(607) User=0.00s Sys=0.01s Real=0.00s
[300.465s][info][gc,start       ] GC(608) Pause Young (Allocation Failure)
[300.471s][info][gc,heap        ] GC(608) PSYoungGen: 192640K(193024K)->2942K(188928K) Eden: 192512K(192512K)->0K(185856K) From: 128K(512K)->2942K(3072K)
[300.471s][info][gc,heap        ] GC(608) ParOldGen: 445941K(445952K)->445957K(446464K)
[300.471s][info][gc,metaspace   ] GC(608) Metaspace: 57106K(57408K)->57106K(57408K) NonClass: 48804K(49024K)->48804K(49024K) Class: 8301K(8384K)->8301K(8384K)
[300.471s][info][gc             ] GC(608) Pause Young (Allocation Failure) 623M->438M(620M) 5.837ms
[300.471s][info][gc,cpu         ] GC(608) User=0.01s Sys=0.01s Real=0.01s
[300.942s][info][gc,start       ] GC(609) Pause Young (Allocation Failure)
[300.945s][info][gc,heap        ] GC(609) PSYoungGen: 188566K(188928K)->928K(180224K) Eden: 185623K(185856K)->0K(179200K) From: 2942K(3072K)->928K(1024K)
[300.945s][info][gc,heap        ] GC(609) ParOldGen: 445957K(446464K)->445973K(446464K)
[300.945s][info][gc,metaspace   ] GC(609) Metaspace: 57106K(57408K)->57106K(57408K) NonClass: 48804K(49024K)->48804K(49024K) Class: 8301K(8384K)->8301K(8384K)
[300.945s][info][gc             ] GC(609) Pause Young (Allocation Failure) 619M->436M(612M) 3.280ms
[300.945s][info][gc,cpu         ] GC(609) User=0.01s Sys=0.00s Real=0.00s
[301.473s][info][gc,start       ] GC(610) Pause Young (Allocation Failure)
[301.478s][info][gc,heap        ] GC(610) PSYoungGen: 180128K(180224K)->2687K(176128K) Eden: 179200K(179200K)->0K(173056K) From: 928K(1024K)->2687K(3072K)
[301.478s][info][gc,heap        ] GC(610) ParOldGen: 445973K(446464K)->445989K(446464K)
[301.478s][info][gc,metaspace   ] GC(610) Metaspace: 57106K(57408K)->57106K(57408K) NonClass: 48804K(49024K)->48804K(49024K) Class: 8301K(8384K)->8301K(8384K)
[301.478s][info][gc             ] GC(610) Pause Young (Allocation Failure) 611M->438M(608M) 5.631ms
[301.478s][info][gc,cpu         ] GC(610) User=0.01s Sys=0.00s Real=0.01s
[301.863s][info][gc,start       ] GC(611) Pause Young (Allocation Failure)
[301.868s][info][gc,heap        ] GC(611) PSYoungGen: 175743K(176128K)->2431K(208896K) Eden: 173056K(173056K)->0K(206336K) From: 2687K(3072K)->2431K(2560K)
[301.868s][info][gc,heap        ] GC(611) ParOldGen: 445989K(446464K)->446005K(446464K)
[301.868s][info][gc,metaspace   ] GC(611) Metaspace: 57106K(57408K)->57106K(57408K) NonClass: 48804K(49024K)->48804K(49024K) Class: 8301K(8384K)->8301K(8384K)
[301.868s][info][gc             ] GC(611) Pause Young (Allocation Failure) 607M->437M(640M) 5.654ms
[301.869s][info][gc,cpu         ] GC(611) User=0.01s Sys=0.00s Real=0.01s
[302.368s][info][gc,start       ] GC(612) Pause Young (Allocation Failure)
[302.372s][info][gc,heap        ] GC(612) PSYoungGen: 208767K(208896K)->1887K(200704K) Eden: 206336K(206336K)->0K(198656K) From: 2431K(2560K)->1887K(2048K)
[302.372s][info][gc,heap        ] GC(612) ParOldGen: 446005K(446464K)->446021K(446464K)
[302.372s][info][gc,metaspace   ] GC(612) Metaspace: 57106K(57408K)->57106K(57408K) NonClass: 48804K(49024K)->48804K(49024K) Class: 8301K(8384K)->8301K(8384K)
[302.372s][info][gc             ] GC(612) Pause Young (Allocation Failure) 639M->437M(632M) 4.262ms
[302.372s][info][gc,cpu         ] GC(612) User=0.00s Sys=0.01s Real=0.00s
[302.853s][info][gc,start       ] GC(613) Pause Young (Allocation Failure)
[302.858s][info][gc,heap        ] GC(613) PSYoungGen: 200364K(200704K)->1792K(193536K) Eden: 198476K(198656K)->0K(191488K) From: 1887K(2048K)->1792K(2048K)
[302.858s][info][gc,heap        ] GC(613) ParOldGen: 446021K(446464K)->446037K(446464K)
[302.858s][info][gc,metaspace   ] GC(613) Metaspace: 57111K(57408K)->57111K(57408K) NonClass: 48809K(49024K)->48809K(49024K) Class: 8301K(8384K)->8301K(8384K)
[302.858s][info][gc             ] GC(613) Pause Young (Allocation Failure) 631M->437M(625M) 4.769ms
[302.858s][info][gc,cpu         ] GC(613) User=0.01s Sys=0.00s Real=0.01s
[303.338s][info][gc,start       ] GC(614) Pause Young (Allocation Failure)
[303.341s][info][gc,heap        ] GC(614) PSYoungGen: 193280K(193536K)->457K(185344K) Eden: 191488K(191488K)->0K(184832K) From: 1792K(2048K)->457K(512K)
[303.341s][info][gc,heap        ] GC(614) ParOldGen: 446037K(446464K)->446053K(446464K)
[303.341s][info][gc,metaspace   ] GC(614) Metaspace: 57111K(57408K)->57111K(57408K) NonClass: 48809K(49024K)->48809K(49024K) Class: 8301K(8384K)->8301K(8384K)
[303.341s][info][gc             ] GC(614) Pause Young (Allocation Failure) 624M->436M(617M) 2.665ms
[303.341s][info][gc,cpu         ] GC(614) User=0.00s Sys=0.00s Real=0.00s
[303.760s][info][gc,start       ] GC(615) Pause Young (Allocation Failure)
[303.763s][info][gc,heap        ] GC(615) PSYoungGen: 185081K(185344K)->1280K(182272K) Eden: 184623K(184832K)->0K(178176K) From: 457K(512K)->1280K(4096K)
[303.763s][info][gc,heap        ] GC(615) ParOldGen: 446053K(446464K)->446069K(446464K)
[303.763s][info][gc,metaspace   ] GC(615) Metaspace: 57111K(57408K)->57111K(57408K) NonClass: 48809K(49024K)->48809K(49024K) Class: 8301K(8384K)->8301K(8384K)
[303.764s][info][gc             ] GC(615) Pause Young (Allocation Failure) 616M->436M(614M) 3.774ms
[303.764s][info][gc,cpu         ] GC(615) User=0.01s Sys=0.00s Real=0.00s
[304.172s][info][gc,start       ] GC(616) Pause Young (Allocation Failure)
[304.177s][info][gc,heap        ] GC(616) PSYoungGen: 179456K(182272K)->2111K(174592K) Eden: 178176K(178176K)->0K(172032K) From: 1280K(4096K)->2111K(2560K)
[304.177s][info][gc,heap        ] GC(616) ParOldGen: 446069K(446464K)->446085K(446464K)
[304.177s][info][gc,metaspace   ] GC(616) Metaspace: 57111K(57408K)->57111K(57408K) NonClass: 48809K(49024K)->48809K(49024K) Class: 8301K(8384K)->8301K(8384K)
[304.177s][info][gc             ] GC(616) Pause Young (Allocation Failure) 610M->437M(606M) 4.643ms
[304.177s][info][gc,cpu         ] GC(616) User=0.00s Sys=0.00s Real=0.01s
[304.638s][info][gc,start       ] GC(617) Pause Young (Allocation Failure)
[304.641s][info][gc,heap        ] GC(617) PSYoungGen: 173946K(174592K)->736K(166912K) Eden: 171835K(172032K)->0K(165888K) From: 2111K(2560K)->736K(1024K)
[304.641s][info][gc,heap        ] GC(617) ParOldGen: 446085K(446464K)->446101K(446464K)
[304.641s][info][gc,metaspace   ] GC(617) Metaspace: 57111K(57408K)->57111K(57408K) NonClass: 48809K(49024K)->48809K(49024K) Class: 8301K(8384K)->8301K(8384K)
[304.641s][info][gc             ] GC(617) Pause Young (Allocation Failure) 605M->436M(599M) 3.128ms
[304.641s][info][gc,cpu         ] GC(617) User=0.01s Sys=0.00s Real=0.00s
[304.979s][info][gc,start       ] GC(618) Pause Young (Allocation Failure)
[304.982s][info][gc,heap        ] GC(618) PSYoungGen: 166624K(166912K)->1534K(161792K) Eden: 165888K(165888K)->0K(160256K) From: 736K(1024K)->1534K(1536K)
[304.982s][info][gc,heap        ] GC(618) ParOldGen: 446101K(446464K)->446117K(446464K)
[304.982s][info][gc,metaspace   ] GC(618) Metaspace: 57111K(57408K)->57111K(57408K) NonClass: 48809K(49024K)->48809K(49024K) Class: 8301K(8384K)->8301K(8384K)
[304.983s][info][gc             ] GC(618) Pause Young (Allocation Failure) 598M->437M(594M) 3.344ms
[304.983s][info][gc,cpu         ] GC(618) User=0.00s Sys=0.01s Real=0.00s
[305.372s][info][gc,start       ] GC(619) Pause Young (Allocation Failure)
[305.378s][info][gc,heap        ] GC(619) PSYoungGen: 161790K(161792K)->2654K(194048K) Eden: 160256K(160256K)->0K(190976K) From: 1534K(1536K)->2654K(3072K)
[305.378s][info][gc,heap        ] GC(619) ParOldGen: 446117K(446464K)->446133K(446464K)
[305.378s][info][gc,metaspace   ] GC(619) Metaspace: 57111K(57408K)->57111K(57408K) NonClass: 48809K(49024K)->48809K(49024K) Class: 8301K(8384K)->8301K(8384K)
[305.378s][info][gc             ] GC(619) Pause Young (Allocation Failure) 593M->438M(625M) 5.487ms
[305.378s][info][gc,cpu         ] GC(619) User=0.01s Sys=0.00s Real=0.01s
[305.853s][info][gc,start       ] GC(620) Pause Young (Allocation Failure)
[305.858s][info][gc,heap        ] GC(620) PSYoungGen: 193630K(194048K)->2046K(186368K) Eden: 190976K(190976K)->0K(184320K) From: 2654K(3072K)->2046K(2048K)
[305.858s][info][gc,heap        ] GC(620) ParOldGen: 446133K(446464K)->446149K(446464K)
[305.858s][info][gc,metaspace   ] GC(620) Metaspace: 57111K(57408K)->57111K(57408K) NonClass: 48809K(49024K)->48809K(49024K) Class: 8301K(8384K)->8301K(8384K)
[305.858s][info][gc             ] GC(620) Pause Young (Allocation Failure) 624M->437M(618M) 4.164ms
[305.858s][info][gc,cpu         ] GC(620) User=0.01s Sys=0.00s Real=0.01s
[306.273s][info][gc,start       ] GC(621) Pause Young (Allocation Failure)
[306.278s][info][gc,heap        ] GC(621) PSYoungGen: 186366K(186368K)->2206K(222208K) Eden: 184320K(184320K)->0K(219648K) From: 2046K(2048K)->2206K(2560K)
[306.278s][info][gc,heap        ] GC(621) ParOldGen: 446149K(446464K)->446165K(446464K)
[306.278s][info][gc,metaspace   ] GC(621) Metaspace: 57111K(57408K)->57111K(57408K) NonClass: 48809K(49024K)->48809K(49024K) Class: 8301K(8384K)->8301K(8384K)
[306.278s][info][gc             ] GC(621) Pause Young (Allocation Failure) 617M->437M(653M) 4.772ms
[306.278s][info][gc,cpu         ] GC(621) User=0.01s Sys=0.00s Real=0.01s
[306.844s][info][gc,start       ] GC(622) Pause Young (Allocation Failure)
[306.847s][info][gc,heap        ] GC(622) PSYoungGen: 221854K(222208K)->1407K(212992K) Eden: 219648K(219648K)->0K(211456K) From: 2206K(2560K)->1407K(1536K)
[306.847s][info][gc,heap        ] GC(622) ParOldGen: 446165K(446464K)->446181K(446464K)
[306.847s][info][gc,metaspace   ] GC(622) Metaspace: 57111K(57408K)->57111K(57408K) NonClass: 48809K(49024K)->48809K(49024K) Class: 8301K(8384K)->8301K(8384K)
[306.847s][info][gc             ] GC(622) Pause Young (Allocation Failure) 652M->437M(644M) 3.164ms
[306.847s][info][gc,cpu         ] GC(622) User=0.01s Sys=0.00s Real=0.01s
[307.366s][info][gc,start       ] GC(623) Pause Young (Allocation Failure)
[307.373s][info][gc,heap        ] GC(623) PSYoungGen: 212863K(212992K)->3583K(255488K) Eden: 211456K(211456K)->0K(251904K) From: 1407K(1536K)->3583K(3584K)
[307.373s][info][gc,heap        ] GC(623) ParOldGen: 446181K(446464K)->446197K(446464K)
[307.373s][info][gc,metaspace   ] GC(623) Metaspace: 57111K(57408K)->57111K(57408K) NonClass: 48809K(49024K)->48809K(49024K) Class: 8301K(8384K)->8301K(8384K)
[307.373s][info][gc             ] GC(623) Pause Young (Allocation Failure) 643M->439M(685M) 7.327ms
[307.373s][info][gc,cpu         ] GC(623) User=0.01s Sys=0.00s Real=0.00s
[307.960s][info][gc,start       ] GC(624) Pause Young (Allocation Failure)
[307.963s][info][gc,heap        ] GC(624) PSYoungGen: 255487K(255488K)->1024K(243200K) Eden: 251904K(251904K)->0K(242176K) From: 3583K(3584K)->1024K(1024K)
[307.963s][info][gc,heap        ] GC(624) ParOldGen: 446197K(446464K)->446213K(446464K)
[307.963s][info][gc,metaspace   ] GC(624) Metaspace: 57111K(57408K)->57111K(57408K) NonClass: 48809K(49024K)->48809K(49024K) Class: 8301K(8384K)->8301K(8384K)
[307.963s][info][gc             ] GC(624) Pause Young (Allocation Failure) 685M->436M(673M) 3.082ms
[307.963s][info][gc,cpu         ] GC(624) User=0.00s Sys=0.00s Real=0.00s
[308.547s][info][gc,start       ] GC(625) Pause Young (Allocation Failure)
[308.551s][info][gc,heap        ] GC(625) PSYoungGen: 243200K(243200K)->1758K(235008K) Eden: 242176K(242176K)->0K(232960K) From: 1024K(1024K)->1758K(2048K)
[308.551s][info][gc,heap        ] GC(625) ParOldGen: 446213K(446464K)->446229K(446464K)
[308.551s][info][gc,metaspace   ] GC(625) Metaspace: 57111K(57408K)->57111K(57408K) NonClass: 48809K(49024K)->48809K(49024K) Class: 8301K(8384K)->8301K(8384K)
[308.551s][info][gc             ] GC(625) Pause Young (Allocation Failure) 673M->437M(665M) 3.726ms
[308.551s][info][gc,cpu         ] GC(625) User=0.00s Sys=0.00s Real=0.00s
[309.081s][info][gc,start       ] GC(626) Pause Young (Allocation Failure)
[309.084s][info][gc,heap        ] GC(626) PSYoungGen: 234581K(235008K)->608K(225280K) Eden: 232823K(232960K)->0K(224256K) From: 1758K(2048K)->608K(1024K)
[309.084s][info][gc,heap        ] GC(626) ParOldGen: 446229K(446464K)->446245K(446464K)
[309.084s][info][gc,metaspace   ] GC(626) Metaspace: 57111K(57408K)->57111K(57408K) NonClass: 48809K(49024K)->48809K(49024K) Class: 8301K(8384K)->8301K(8384K)
[309.084s][info][gc             ] GC(626) Pause Young (Allocation Failure) 664M->436M(656M) 2.778ms
[309.084s][info][gc,cpu         ] GC(626) User=0.00s Sys=0.00s Real=0.00s
[309.648s][info][gc,start       ] GC(627) Pause Young (Allocation Failure)
[309.652s][info][gc,heap        ] GC(627) PSYoungGen: 224864K(225280K)->1823K(220160K) Eden: 224256K(224256K)->0K(216064K) From: 608K(1024K)->1823K(4096K)
[309.652s][info][gc,heap        ] GC(627) ParOldGen: 446245K(446464K)->446261K(446464K)
[309.652s][info][gc,metaspace   ] GC(627) Metaspace: 57111K(57408K)->57111K(57408K) NonClass: 48809K(49024K)->48809K(49024K) Class: 8301K(8384K)->8301K(8384K)
[309.652s][info][gc             ] GC(627) Pause Young (Allocation Failure) 655M->437M(651M) 3.775ms
[309.652s][info][gc,cpu         ] GC(627) User=0.01s Sys=0.00s Real=0.00s
[310.164s][info][gc,start       ] GC(628) Pause Young (Allocation Failure)
[310.168s][info][gc,heap        ] GC(628) PSYoungGen: 217866K(220160K)->2016K(209920K) Eden: 216043K(216064K)->0K(207872K) From: 1823K(4096K)->2016K(2048K)
[310.168s][info][gc,heap        ] GC(628) ParOldGen: 446261K(446464K)->446277K(446464K)
[310.168s][info][gc,metaspace   ] GC(628) Metaspace: 57111K(57408K)->57111K(57408K) NonClass: 48809K(49024K)->48809K(49024K) Class: 8301K(8384K)->8301K(8384K)
[310.169s][info][gc             ] GC(628) Pause Young (Allocation Failure) 648M->437M(641M) 4.792ms
[310.169s][info][gc,cpu         ] GC(628) User=0.00s Sys=0.00s Real=0.01s
[310.661s][info][gc,start       ] GC(629) Pause Young (Allocation Failure)
[310.666s][info][gc,heap        ] GC(629) PSYoungGen: 209888K(209920K)->2016K(202240K) Eden: 207872K(207872K)->0K(200192K) From: 2016K(2048K)->2016K(2048K)
[310.666s][info][gc,heap        ] GC(629) ParOldGen: 446277K(446464K)->446293K(446464K)
[310.666s][info][gc,metaspace   ] GC(629) Metaspace: 57111K(57408K)->57111K(57408K) NonClass: 48809K(49024K)->48809K(49024K) Class: 8301K(8384K)->8301K(8384K)
[310.666s][info][gc             ] GC(629) Pause Young (Allocation Failure) 640M->437M(633M) 4.416ms
[310.666s][info][gc,cpu         ] GC(629) User=0.01s Sys=0.00s Real=0.00s
[311.155s][info][gc,start       ] GC(630) Pause Young (Allocation Failure)
[311.158s][info][gc,heap        ] GC(630) PSYoungGen: 202208K(202240K)->1535K(194560K) Eden: 200192K(200192K)->0K(193024K) From: 2016K(2048K)->1535K(1536K)
[311.158s][info][gc,heap        ] GC(630) ParOldGen: 446293K(446464K)->446309K(446464K)
[311.158s][info][gc,metaspace   ] GC(630) Metaspace: 57111K(57408K)->57111K(57408K) NonClass: 48809K(49024K)->48809K(49024K) Class: 8301K(8384K)->8301K(8384K)
[311.158s][info][gc             ] GC(630) Pause Young (Allocation Failure) 633M->437M(626M) 3.444ms
[311.158s][info][gc,cpu         ] GC(630) User=0.01s Sys=0.00s Real=0.01s
[311.639s][info][gc,start       ] GC(631) Pause Young (Allocation Failure)
[311.642s][info][gc,heap        ] GC(631) PSYoungGen: 194559K(194560K)->607K(187392K) Eden: 193024K(193024K)->0K(186368K) From: 1535K(1536K)->607K(1024K)
[311.642s][info][gc,heap        ] GC(631) ParOldGen: 446309K(446464K)->446325K(446464K)
[311.642s][info][gc,metaspace   ] GC(631) Metaspace: 57111K(57408K)->57111K(57408K) NonClass: 48809K(49024K)->48809K(49024K) Class: 8301K(8384K)->8301K(8384K)
[311.642s][info][gc             ] GC(631) Pause Young (Allocation Failure) 625M->436M(619M) 2.539ms
[311.642s][info][gc,cpu         ] GC(631) User=0.01s Sys=0.00s Real=0.00s
[312.059s][info][gc,start       ] GC(632) Pause Young (Allocation Failure)
[312.063s][info][gc,heap        ] GC(632) PSYoungGen: 186975K(187392K)->2144K(182272K) Eden: 186368K(186368K)->0K(179712K) From: 607K(1024K)->2144K(2560K)
[312.063s][info][gc,heap        ] GC(632) ParOldGen: 446325K(446464K)->446341K(446464K)
[312.063s][info][gc,metaspace   ] GC(632) Metaspace: 57111K(57408K)->57111K(57408K) NonClass: 48809K(49024K)->48809K(49024K) Class: 8301K(8384K)->8301K(8384K)
[312.063s][info][gc             ] GC(632) Pause Young (Allocation Failure) 618M->437M(614M) 4.482ms
[312.063s][info][gc,cpu         ] GC(632) User=0.01s Sys=0.00s Real=0.00s
[312.584s][info][gc,start       ] GC(633) Pause Young (Allocation Failure)
[312.587s][info][gc,heap        ] GC(633) PSYoungGen: 181856K(182272K)->639K(174592K) Eden: 179712K(179712K)->0K(173568K) From: 2144K(2560K)->639K(1024K)
[312.587s][info][gc,heap        ] GC(633) ParOldGen: 446341K(446464K)->446357K(446464K)
[312.587s][info][gc,metaspace   ] GC(633) Metaspace: 57111K(57408K)->57111K(57408K) NonClass: 48809K(49024K)->48809K(49024K) Class: 8301K(8384K)->8301K(8384K)
[312.587s][info][gc             ] GC(633) Pause Young (Allocation Failure) 613M->436M(606M) 2.303ms
[312.587s][info][gc,cpu         ] GC(633) User=0.00s Sys=0.00s Real=0.01s
[313.046s][info][gc,start       ] GC(634) Pause Young (Allocation Failure)
[313.050s][info][gc,heap        ] GC(634) PSYoungGen: 174207K(174592K)->1471K(168960K) Eden: 173568K(173568K)->0K(167424K) From: 639K(1024K)->1471K(1536K)
[313.050s][info][gc,heap        ] GC(634) ParOldGen: 446357K(446464K)->446373K(446464K)
[313.050s][info][gc,metaspace   ] GC(634) Metaspace: 57111K(57408K)->57111K(57408K) NonClass: 48809K(49024K)->48809K(49024K) Class: 8301K(8384K)->8301K(8384K)
[313.050s][info][gc             ] GC(634) Pause Young (Allocation Failure) 606M->437M(601M) 3.236ms
[313.050s][info][gc,cpu         ] GC(634) User=0.00s Sys=0.00s Real=0.00s
[313.446s][info][gc,start       ] GC(635) Pause Young (Allocation Failure)
[313.449s][info][gc,heap        ] GC(635) PSYoungGen: 168895K(168960K)->1407K(163328K) Eden: 167424K(167424K)->0K(161792K) From: 1471K(1536K)->1407K(1536K)
[313.449s][info][gc,heap        ] GC(635) ParOldGen: 446373K(446464K)->446389K(446464K)
[313.449s][info][gc,metaspace   ] GC(635) Metaspace: 57111K(57408K)->57111K(57408K) NonClass: 48809K(49024K)->48809K(49024K) Class: 8301K(8384K)->8301K(8384K)
[313.449s][info][gc             ] GC(635) Pause Young (Allocation Failure) 600M->437M(595M) 3.194ms
[313.449s][info][gc,cpu         ] GC(635) User=0.01s Sys=0.00s Real=0.00s
[313.848s][info][gc,start       ] GC(636) Pause Young (Allocation Failure)
[313.851s][info][gc,heap        ] GC(636) PSYoungGen: 163199K(163328K)->992K(157184K) Eden: 161792K(161792K)->0K(156160K) From: 1407K(1536K)->992K(1024K)
[313.851s][info][gc,heap        ] GC(636) ParOldGen: 446389K(446464K)->446405K(446464K)
[313.851s][info][gc,metaspace   ] GC(636) Metaspace: 57111K(57408K)->57111K(57408K) NonClass: 48809K(49024K)->48809K(49024K) Class: 8301K(8384K)->8301K(8384K)
[313.851s][info][gc             ] GC(636) Pause Young (Allocation Failure) 595M->436M(589M) 3.021ms
[313.851s][info][gc,cpu         ] GC(636) User=0.01s Sys=0.00s Real=0.00s
[314.237s][info][gc,start       ] GC(637) Pause Young (Allocation Failure)
[314.241s][info][gc,heap        ] GC(637) PSYoungGen: 157152K(157184K)->512K(152064K) Eden: 156160K(156160K)->0K(151040K) From: 992K(1024K)->512K(1024K)
[314.241s][info][gc,heap        ] GC(637) ParOldGen: 446405K(446464K)->446421K(446464K)
[314.241s][info][gc,metaspace   ] GC(637) Metaspace: 57111K(57408K)->57111K(57408K) NonClass: 48809K(49024K)->48809K(49024K) Class: 8301K(8384K)->8301K(8384K)
[314.241s][info][gc             ] GC(637) Pause Young (Allocation Failure) 589M->436M(584M) 3.990ms
[314.241s][info][gc,cpu         ] GC(637) User=0.00s Sys=0.00s Real=0.00s
[314.566s][info][gc,start       ] GC(638) Pause Young (Allocation Failure)
[314.570s][info][gc,heap        ] GC(638) PSYoungGen: 151552K(152064K)->1983K(147968K) Eden: 151040K(151040K)->0K(145920K) From: 512K(1024K)->1983K(2048K)
[314.570s][info][gc,heap        ] GC(638) ParOldGen: 446421K(446464K)->446437K(446464K)
[314.570s][info][gc,metaspace   ] GC(638) Metaspace: 57111K(57408K)->57111K(57408K) NonClass: 48809K(49024K)->48809K(49024K) Class: 8301K(8384K)->8301K(8384K)
[314.570s][info][gc             ] GC(638) Pause Young (Allocation Failure) 583M->437M(580M) 3.934ms
[314.570s][info][gc,cpu         ] GC(638) User=0.00s Sys=0.00s Real=0.00s
[314.945s][info][gc,start       ] GC(639) Pause Young (Allocation Failure)
[314.948s][info][gc,heap        ] GC(639) PSYoungGen: 147903K(147968K)->1343K(142848K) Eden: 145920K(145920K)->0K(141312K) From: 1983K(2048K)->1343K(1536K)
[314.948s][info][gc,heap        ] GC(639) ParOldGen: 446437K(446464K)->446453K(446464K)
[314.948s][info][gc,metaspace   ] GC(639) Metaspace: 57111K(57408K)->57111K(57408K) NonClass: 48809K(49024K)->48809K(49024K) Class: 8301K(8384K)->8301K(8384K)
[314.948s][info][gc             ] GC(639) Pause Young (Allocation Failure) 580M->437M(575M) 3.136ms
[314.948s][info][gc,cpu         ] GC(639) User=0.00s Sys=0.01s Real=0.01s
[315.267s][info][gc,start       ] GC(640) Pause Young (Allocation Failure)
[315.272s][info][gc,heap        ] GC(640) PSYoungGen: 142655K(142848K)->3071K(172032K) Eden: 141312K(141312K)->0K(168960K) From: 1343K(1536K)->3071K(3072K)
[315.272s][info][gc,heap        ] GC(640) ParOldGen: 446453K(446464K)->446469K(446976K)
[315.272s][info][gc,metaspace   ] GC(640) Metaspace: 57111K(57408K)->57111K(57408K) NonClass: 48809K(49024K)->48809K(49024K) Class: 8301K(8384K)->8301K(8384K)
[315.272s][info][gc             ] GC(640) Pause Young (Allocation Failure) 575M->439M(604M) 5.424ms
[315.272s][info][gc,cpu         ] GC(640) User=0.01s Sys=0.00s Real=0.00s
[315.665s][info][gc,start       ] GC(641) Pause Young (Allocation Failure)
[315.670s][info][gc,heap        ] GC(641) PSYoungGen: 171993K(172032K)->2208K(203776K) Eden: 168922K(168960K)->0K(201216K) From: 3071K(3072K)->2208K(2560K)
[315.670s][info][gc,heap        ] GC(641) ParOldGen: 446469K(446976K)->446485K(446976K)
[315.670s][info][gc,metaspace   ] GC(641) Metaspace: 57111K(57408K)->57111K(57408K) NonClass: 48809K(49024K)->48809K(49024K) Class: 8301K(8384K)->8301K(8384K)
[315.670s][info][gc             ] GC(641) Pause Young (Allocation Failure) 603M->438M(635M) 4.710ms
[315.670s][info][gc,cpu         ] GC(641) User=0.01s Sys=0.00s Real=0.01s
[316.169s][info][gc,start       ] GC(642) Pause Young (Allocation Failure)
[316.172s][info][gc,heap        ] GC(642) PSYoungGen: 203424K(203776K)->1855K(229376K) Eden: 201216K(201216K)->0K(227328K) From: 2208K(2560K)->1855K(2048K)
[316.172s][info][gc,heap        ] GC(642) ParOldGen: 446485K(446976K)->446501K(446976K)
[316.172s][info][gc,metaspace   ] GC(642) Metaspace: 57111K(57408K)->57111K(57408K) NonClass: 48809K(49024K)->48809K(49024K) Class: 8301K(8384K)->8301K(8384K)
[316.172s][info][gc             ] GC(642) Pause Young (Allocation Failure) 634M->437M(660M) 3.808ms
[316.172s][info][gc,cpu         ] GC(642) User=0.01s Sys=0.00s Real=0.00s
[316.737s][info][gc,start       ] GC(643) Pause Young (Allocation Failure)
[316.739s][info][gc,heap        ] GC(643) PSYoungGen: 229183K(229376K)->425K(219136K) Eden: 227328K(227328K)->0K(218624K) From: 1855K(2048K)->425K(512K)
[316.739s][info][gc,heap        ] GC(643) ParOldGen: 446501K(446976K)->446517K(446976K)
[316.739s][info][gc,metaspace   ] GC(643) Metaspace: 57111K(57408K)->57111K(57408K) NonClass: 48809K(49024K)->48809K(49024K) Class: 8301K(8384K)->8301K(8384K)
[316.739s][info][gc             ] GC(643) Pause Young (Allocation Failure) 659M->436M(650M) 2.302ms
[316.739s][info][gc,cpu         ] GC(643) User=0.01s Sys=0.00s Real=0.00s
[317.250s][info][gc,start       ] GC(644) Pause Young (Allocation Failure)
[317.254s][info][gc,heap        ] GC(644) PSYoungGen: 219049K(219136K)->1568K(212480K) Eden: 218624K(218624K)->0K(210432K) From: 425K(512K)->1568K(2048K)
[317.254s][info][gc,heap        ] GC(644) ParOldGen: 446517K(446976K)->446533K(446976K)
[317.254s][info][gc,metaspace   ] GC(644) Metaspace: 57111K(57408K)->57111K(57408K) NonClass: 48809K(49024K)->48809K(49024K) Class: 8301K(8384K)->8301K(8384K)
[317.254s][info][gc             ] GC(644) Pause Young (Allocation Failure) 649M->437M(644M) 3.919ms
[317.254s][info][gc,cpu         ] GC(644) User=0.01s Sys=0.00s Real=0.00s
[317.755s][info][gc,start       ] GC(645) Pause Young (Allocation Failure)
[317.759s][info][gc,heap        ] GC(645) PSYoungGen: 211999K(212480K)->1472K(204288K) Eden: 210431K(210432K)->0K(202752K) From: 1568K(2048K)->1472K(1536K)
[317.759s][info][gc,heap        ] GC(645) ParOldGen: 446533K(446976K)->446549K(446976K)
[317.759s][info][gc,metaspace   ] GC(645) Metaspace: 57111K(57408K)->57111K(57408K) NonClass: 48809K(49024K)->48809K(49024K) Class: 8301K(8384K)->8301K(8384K)
[317.759s][info][gc             ] GC(645) Pause Young (Allocation Failure) 643M->437M(636M) 3.733ms
[317.759s][info][gc,cpu         ] GC(645) User=0.00s Sys=0.00s Real=0.01s
[318.252s][info][gc,start       ] GC(646) Pause Young (Allocation Failure)
[318.256s][info][gc,heap        ] GC(646) PSYoungGen: 204224K(204288K)->1408K(197120K) Eden: 202752K(202752K)->0K(195584K) From: 1472K(1536K)->1408K(1536K)
[318.256s][info][gc,heap        ] GC(646) ParOldGen: 446549K(446976K)->446565K(446976K)
[318.256s][info][gc,metaspace   ] GC(646) Metaspace: 57111K(57408K)->57111K(57408K) NonClass: 48809K(49024K)->48809K(49024K) Class: 8301K(8384K)->8301K(8384K)
[318.256s][info][gc             ] GC(646) Pause Young (Allocation Failure) 635M->437M(629M) 3.683ms
[318.256s][info][gc,cpu         ] GC(646) User=0.00s Sys=0.00s Real=0.00s
[318.694s][info][gc,start       ] GC(647) Pause Young (Allocation Failure)
[318.696s][info][gc,heap        ] GC(647) PSYoungGen: 196992K(197120K)->64K(188928K) Eden: 195584K(195584K)->0K(188416K) From: 1408K(1536K)->64K(512K)
[318.696s][info][gc,heap        ] GC(647) ParOldGen: 446565K(446976K)->446581K(446976K)
[318.696s][info][gc,metaspace   ] GC(647) Metaspace: 57111K(57408K)->57111K(57408K) NonClass: 48809K(49024K)->48809K(49024K) Class: 8301K(8384K)->8301K(8384K)
[318.696s][info][gc             ] GC(647) Pause Young (Allocation Failure) 628M->436M(621M) 1.985ms
[318.696s][info][gc,cpu         ] GC(647) User=0.01s Sys=0.00s Real=0.00s
[319.163s][info][gc,start       ] GC(648) Pause Young (Allocation Failure)
[319.168s][info][gc,heap        ] GC(648) PSYoungGen: 188480K(188928K)->2526K(184320K) Eden: 188416K(188416K)->0K(181760K) From: 64K(512K)->2526K(2560K)
[319.168s][info][gc,heap        ] GC(648) ParOldGen: 446581K(446976K)->446597K(446976K)
[319.168s][info][gc,metaspace   ] GC(648) Metaspace: 57111K(57408K)->57111K(57408K) NonClass: 48809K(49024K)->48809K(49024K) Class: 8301K(8384K)->8301K(8384K)
[319.168s][info][gc             ] GC(648) Pause Young (Allocation Failure) 620M->438M(616M) 4.209ms
[319.168s][info][gc,cpu         ] GC(648) User=0.01s Sys=0.00s Real=0.01s
[319.588s][info][gc,start       ] GC(649) Pause Young (Allocation Failure)
[319.590s][info][gc,heap        ] GC(649) PSYoungGen: 184233K(184320K)->512K(176128K) Eden: 181706K(181760K)->0K(175616K) From: 2526K(2560K)->512K(512K)
[319.590s][info][gc,heap        ] GC(649) ParOldGen: 446597K(446976K)->446613K(446976K)
[319.590s][info][gc,metaspace   ] GC(649) Metaspace: 57111K(57408K)->57111K(57408K) NonClass: 48809K(49024K)->48809K(49024K) Class: 8301K(8384K)->8301K(8384K)
[319.590s][info][gc             ] GC(649) Pause Young (Allocation Failure) 616M->436M(608M) 2.476ms
[319.590s][info][gc,cpu         ] GC(649) User=0.01s Sys=0.00s Real=0.00s
[320.045s][info][gc,start       ] GC(650) Pause Young (Allocation Failure)
[320.048s][info][gc,heap        ] GC(650) PSYoungGen: 176128K(176128K)->1311K(171008K) Eden: 175616K(175616K)->0K(169472K) From: 512K(512K)->1311K(1536K)
[320.048s][info][gc,heap        ] GC(650) ParOldGen: 446613K(446976K)->446629K(446976K)
[320.048s][info][gc,metaspace   ] GC(650) Metaspace: 57111K(57408K)->57111K(57408K) NonClass: 48809K(49024K)->48809K(49024K) Class: 8301K(8384K)->8301K(8384K)
[320.048s][info][gc             ] GC(650) Pause Young (Allocation Failure) 608M->437M(603M) 3.222ms
[320.048s][info][gc,cpu         ] GC(650) User=0.00s Sys=0.00s Real=0.01s
[320.445s][info][gc,start       ] GC(651) Pause Young (Allocation Failure)
[320.448s][info][gc,heap        ] GC(651) PSYoungGen: 170640K(171008K)->992K(164864K) Eden: 169329K(169472K)->0K(163840K) From: 1311K(1536K)->992K(1024K)
[320.448s][info][gc,heap        ] GC(651) ParOldGen: 446629K(446976K)->446645K(446976K)
[320.448s][info][gc,metaspace   ] GC(651) Metaspace: 57111K(57408K)->57111K(57408K) NonClass: 48809K(49024K)->48809K(49024K) Class: 8301K(8384K)->8301K(8384K)
[320.448s][info][gc             ] GC(651) Pause Young (Allocation Failure) 602M->437M(597M) 3.069ms
[320.448s][info][gc,cpu         ] GC(651) User=0.00s Sys=0.01s Real=0.01s
[320.845s][info][gc,start       ] GC(652) Pause Young (Allocation Failure)
[320.848s][info][gc,heap        ] GC(652) PSYoungGen: 164832K(164864K)->2013K(160256K) Eden: 163840K(163840K)->0K(158208K) From: 992K(1024K)->2013K(2048K)
[320.848s][info][gc,heap        ] GC(652) ParOldGen: 446645K(446976K)->446661K(446976K)
[320.848s][info][gc,metaspace   ] GC(652) Metaspace: 57111K(57408K)->57111K(57408K) NonClass: 48809K(49024K)->48809K(49024K) Class: 8301K(8384K)->8301K(8384K)
[320.848s][info][gc             ] GC(652) Pause Young (Allocation Failure) 597M->438M(593M) 3.239ms
[320.848s][info][gc,cpu         ] GC(652) User=0.00s Sys=0.00s Real=0.01s
[321.240s][info][gc,start       ] GC(653) Pause Young (Allocation Failure)
[321.242s][info][gc,heap        ] GC(653) PSYoungGen: 160221K(160256K)->544K(154112K) Eden: 158208K(158208K)->0K(153088K) From: 2013K(2048K)->544K(1024K)
[321.242s][info][gc,heap        ] GC(653) ParOldGen: 446661K(446976K)->446677K(446976K)
[321.242s][info][gc,metaspace   ] GC(653) Metaspace: 57111K(57408K)->57111K(57408K) NonClass: 48809K(49024K)->48809K(49024K) Class: 8301K(8384K)->8301K(8384K)
[321.242s][info][gc             ] GC(653) Pause Young (Allocation Failure) 592M->436M(587M) 2.517ms
[321.242s][info][gc,cpu         ] GC(653) User=0.00s Sys=0.00s Real=0.00s
[321.638s][info][gc,start       ] GC(654) Pause Young (Allocation Failure)
[321.642s][info][gc,heap        ] GC(654) PSYoungGen: 153394K(154112K)->1600K(150016K) Eden: 152850K(153088K)->0K(147968K) From: 544K(1024K)->1600K(2048K)
[321.642s][info][gc,heap        ] GC(654) ParOldGen: 446677K(446976K)->446693K(446976K)
[321.642s][info][gc,metaspace   ] GC(654) Metaspace: 57111K(57408K)->57111K(57408K) NonClass: 48809K(49024K)->48809K(49024K) Class: 8301K(8384K)->8301K(8384K)
[321.642s][info][gc             ] GC(654) Pause Young (Allocation Failure) 586M->437M(583M) 3.979ms
[321.642s][info][gc,cpu         ] GC(654) User=0.00s Sys=0.00s Real=0.00s
[321.951s][info][gc,start       ] GC(655) Pause Young (Allocation Failure)
[321.954s][info][gc,heap        ] GC(655) PSYoungGen: 149568K(150016K)->1791K(145408K) Eden: 147968K(147968K)->0K(143360K) From: 1600K(2048K)->1791K(2048K)
[321.954s][info][gc,heap        ] GC(655) ParOldGen: 446693K(446976K)->446709K(446976K)
[321.954s][info][gc,metaspace   ] GC(655) Metaspace: 57111K(57408K)->57111K(57408K) NonClass: 48809K(49024K)->48809K(49024K) Class: 8301K(8384K)->8301K(8384K)
[321.954s][info][gc             ] GC(655) Pause Young (Allocation Failure) 582M->437M(578M) 3.744ms
[321.954s][info][gc,cpu         ] GC(655) User=0.01s Sys=0.00s Real=0.00s
[322.342s][info][gc,start       ] GC(656) Pause Young (Allocation Failure)
[322.347s][info][gc,heap        ] GC(656) PSYoungGen: 145151K(145408K)->1631K(140800K) Eden: 143360K(143360K)->0K(138752K) From: 1791K(2048K)->1631K(2048K)
[322.347s][info][gc,heap        ] GC(656) ParOldGen: 446709K(446976K)->446725K(446976K)
[322.347s][info][gc,metaspace   ] GC(656) Metaspace: 57111K(57408K)->57111K(57408K) NonClass: 48809K(49024K)->48809K(49024K) Class: 8301K(8384K)->8301K(8384K)
[322.347s][info][gc             ] GC(656) Pause Young (Allocation Failure) 577M->437M(574M) 4.303ms
[322.347s][info][gc,cpu         ] GC(656) User=0.01s Sys=0.01s Real=0.01s
[322.642s][info][gc,start       ] GC(657) Pause Young (Allocation Failure)
[322.645s][info][gc,heap        ] GC(657) PSYoungGen: 140383K(140800K)->736K(135168K) Eden: 138752K(138752K)->0K(134144K) From: 1631K(2048K)->736K(1024K)
[322.645s][info][gc,heap        ] GC(657) ParOldGen: 446725K(446976K)->446741K(446976K)
[322.645s][info][gc,metaspace   ] GC(657) Metaspace: 57111K(57408K)->57111K(57408K) NonClass: 48809K(49024K)->48809K(49024K) Class: 8301K(8384K)->8301K(8384K)
[322.645s][info][gc             ] GC(657) Pause Young (Allocation Failure) 573M->436M(568M) 2.766ms
[322.645s][info][gc,cpu         ] GC(657) User=0.01s Sys=0.00s Real=0.00s
[322.956s][info][gc,start       ] GC(658) Pause Young (Allocation Failure)
[322.959s][info][gc,heap        ] GC(658) PSYoungGen: 134880K(135168K)->1536K(131584K) Eden: 134144K(134144K)->0K(130048K) From: 736K(1024K)->1536K(1536K)
[322.959s][info][gc,heap        ] GC(658) ParOldGen: 446741K(446976K)->446757K(446976K)
[322.960s][info][gc,metaspace   ] GC(658) Metaspace: 57111K(57408K)->57111K(57408K) NonClass: 48809K(49024K)->48809K(49024K) Class: 8301K(8384K)->8301K(8384K)
[322.960s][info][gc             ] GC(658) Pause Young (Allocation Failure) 567M->437M(565M) 3.758ms
[322.960s][info][gc,cpu         ] GC(658) User=0.01s Sys=0.00s Real=0.01s
[323.265s][info][gc,start       ] GC(659) Pause Young (Allocation Failure)
[323.269s][info][gc,heap        ] GC(659) PSYoungGen: 131584K(131584K)->2111K(157696K) Eden: 130048K(130048K)->0K(155136K) From: 1536K(1536K)->2111K(2560K)
[323.269s][info][gc,heap        ] GC(659) ParOldGen: 446757K(446976K)->446773K(446976K)
[323.269s][info][gc,metaspace   ] GC(659) Metaspace: 57111K(57408K)->57111K(57408K) NonClass: 48809K(49024K)->48809K(49024K) Class: 8301K(8384K)->8301K(8384K)
[323.269s][info][gc             ] GC(659) Pause Young (Allocation Failure) 564M->438M(590M) 4.089ms
[323.269s][info][gc,cpu         ] GC(659) User=0.01s Sys=0.00s Real=0.01s
[323.705s][info][gc,start       ] GC(660) Pause Young (Allocation Failure)
[323.708s][info][gc,heap        ] GC(660) PSYoungGen: 157148K(157696K)->1280K(151552K) Eden: 155037K(155136K)->0K(150016K) From: 2111K(2560K)->1280K(1536K)
[323.708s][info][gc,heap        ] GC(660) ParOldGen: 446773K(446976K)->446789K(446976K)
[323.708s][info][gc,metaspace   ] GC(660) Metaspace: 57111K(57408K)->57111K(57408K) NonClass: 48809K(49024K)->48809K(49024K) Class: 8301K(8384K)->8301K(8384K)
[323.708s][info][gc             ] GC(660) Pause Young (Allocation Failure) 589M->437M(584M) 3.410ms
[323.708s][info][gc,cpu         ] GC(660) User=0.01s Sys=0.00s Real=0.01s
[324.038s][info][gc,start       ] GC(661) Pause Young (Allocation Failure)
[324.040s][info][gc,heap        ] GC(661) PSYoungGen: 151296K(151552K)->448K(145408K) Eden: 150016K(150016K)->0K(144896K) From: 1280K(1536K)->448K(512K)
[324.040s][info][gc,heap        ] GC(661) ParOldGen: 446789K(446976K)->446805K(446976K)
[324.040s][info][gc,metaspace   ] GC(661) Metaspace: 57111K(57408K)->57111K(57408K) NonClass: 48809K(49024K)->48809K(49024K) Class: 8301K(8384K)->8301K(8384K)
[324.040s][info][gc             ] GC(661) Pause Young (Allocation Failure) 584M->436M(578M) 2.181ms
[324.040s][info][gc,cpu         ] GC(661) User=0.00s Sys=0.00s Real=0.00s
[324.365s][info][gc,start       ] GC(662) Pause Young (Allocation Failure)
[324.368s][info][gc,heap        ] GC(662) PSYoungGen: 145344K(145408K)->1152K(141824K) Eden: 144896K(144896K)->0K(140288K) From: 448K(512K)->1152K(1536K)
[324.368s][info][gc,heap        ] GC(662) ParOldGen: 446805K(446976K)->446821K(446976K)
[324.368s][info][gc,metaspace   ] GC(662) Metaspace: 57111K(57408K)->57111K(57408K) NonClass: 48809K(49024K)->48809K(49024K) Class: 8301K(8384K)->8301K(8384K)
[324.368s][info][gc             ] GC(662) Pause Young (Allocation Failure) 578M->437M(575M) 3.266ms
[324.368s][info][gc,cpu         ] GC(662) User=0.01s Sys=0.00s Real=0.01s
[324.684s][info][gc,start       ] GC(663) Pause Young (Allocation Failure)
[324.687s][info][gc,heap        ] GC(663) PSYoungGen: 141311K(141824K)->608K(136704K) Eden: 140159K(140288K)->0K(135680K) From: 1152K(1536K)->608K(1024K)
[324.687s][info][gc,heap        ] GC(663) ParOldGen: 446821K(446976K)->446837K(446976K)
[324.687s][info][gc,metaspace   ] GC(663) Metaspace: 57111K(57408K)->57111K(57408K) NonClass: 48809K(49024K)->48809K(49024K) Class: 8301K(8384K)->8301K(8384K)
[324.687s][info][gc             ] GC(663) Pause Young (Allocation Failure) 574M->436M(570M) 2.528ms
[324.687s][info][gc,cpu         ] GC(663) User=0.00s Sys=0.00s Real=0.01s
[325.033s][info][gc,start       ] GC(664) Pause Young (Allocation Failure)
[325.081s][info][gc,heap        ] GC(664) PSYoungGen: 126947K(136704K)->64K(163328K) Eden: 126339K(135680K)->0K(162816K) From: 608K(1024K)->64K(512K)
[325.081s][info][gc,heap        ] GC(664) ParOldGen: 446837K(446976K)->485916K(486400K)
[325.081s][info][gc,metaspace   ] GC(664) Metaspace: 57115K(57408K)->57115K(57408K) NonClass: 48813K(49024K)->48813K(49024K) Class: 8301K(8384K)->8301K(8384K)
[325.081s][info][gc             ] GC(664) Pause Young (Allocation Failure) 560M->474M(634M) 48.445ms
[325.081s][info][gc,cpu         ] GC(664) User=0.05s Sys=0.03s Real=0.05s
[327.552s][info][gc,start       ] GC(665) Pause Young (Allocation Failure)
[327.620s][info][gc,heap        ] GC(665) PSYoungGen: 162880K(163328K)->3047K(198144K) Eden: 162816K(162816K)->0K(195072K) From: 64K(512K)->3047K(3072K)
[327.620s][info][gc,heap        ] GC(665) ParOldGen: 485916K(486400K)->565025K(565760K)
[327.620s][info][gc,metaspace   ] GC(665) Metaspace: 57324K(57664K)->57324K(57664K) NonClass: 49022K(49280K)->49022K(49280K) Class: 8301K(8384K)->8301K(8384K)
[327.620s][info][gc             ] GC(665) Pause Young (Allocation Failure) 633M->554M(746M) 68.115ms
[327.620s][info][gc,cpu         ] GC(665) User=0.09s Sys=0.05s Real=0.07s
[328.044s][info][gc,start       ] GC(666) Pause Young (Allocation Failure)
[328.065s][info][gc,heap        ] GC(666) PSYoungGen: 198119K(198144K)->22640K(225280K) Eden: 195072K(195072K)->0K(192512K) From: 3047K(3072K)->22640K(32768K)
[328.065s][info][gc,heap        ] GC(666) ParOldGen: 565025K(565760K)->568056K(568320K)
[328.065s][info][gc,metaspace   ] GC(666) Metaspace: 57324K(57664K)->57324K(57664K) NonClass: 49022K(49280K)->49022K(49280K) Class: 8301K(8384K)->8301K(8384K)
[328.065s][info][gc             ] GC(666) Pause Young (Allocation Failure) 745M->576M(775M) 21.232ms
[328.065s][info][gc,cpu         ] GC(666) User=0.02s Sys=0.02s Real=0.02s
[328.479s][info][gc,start       ] GC(667) Pause Young (Allocation Failure)
[328.494s][info][gc,heap        ] GC(667) PSYoungGen: 215152K(225280K)->703K(227840K) Eden: 192512K(192512K)->0K(192512K) From: 22640K(32768K)->703K(35328K)
[328.494s][info][gc,heap        ] GC(667) ParOldGen: 568056K(568320K)->589082K(589312K)
[328.494s][info][gc,metaspace   ] GC(667) Metaspace: 57324K(57664K)->57324K(57664K) NonClass: 49022K(49280K)->49022K(49280K) Class: 8301K(8384K)->8301K(8384K)
[328.494s][info][gc             ] GC(667) Pause Young (Allocation Failure) 764M->575M(798M) 15.152ms
[328.494s][info][gc,cpu         ] GC(667) User=0.02s Sys=0.01s Real=0.01s
[328.967s][info][gc,start       ] GC(668) Pause Young (Allocation Failure)
[328.970s][info][gc,heap        ] GC(668) PSYoungGen: 193215K(227840K)->608K(263680K) Eden: 192512K(192512K)->0K(230912K) From: 703K(35328K)->608K(32768K)
[328.970s][info][gc,heap        ] GC(668) ParOldGen: 589082K(589312K)->589098K(589312K)
[328.970s][info][gc,metaspace   ] GC(668) Metaspace: 57324K(57664K)->57324K(57664K) NonClass: 49022K(49280K)->49022K(49280K) Class: 8301K(8384K)->8301K(8384K)
[328.970s][info][gc             ] GC(668) Pause Young (Allocation Failure) 763M->575M(833M) 2.876ms
[328.970s][info][gc,cpu         ] GC(668) User=0.00s Sys=0.00s Real=0.00s
[329.549s][info][gc,start       ] GC(669) Pause Young (Allocation Failure)
[329.552s][info][gc,heap        ] GC(669) PSYoungGen: 231520K(263680K)->1342K(264704K) Eden: 230912K(230912K)->0K(230912K) From: 608K(32768K)->1342K(33792K)
[329.552s][info][gc,heap        ] GC(669) ParOldGen: 589098K(589312K)->589114K(589312K)
[329.552s][info][gc,metaspace   ] GC(669) Metaspace: 57324K(57664K)->57324K(57664K) NonClass: 49022K(49280K)->49022K(49280K) Class: 8301K(8384K)->8301K(8384K)
[329.552s][info][gc             ] GC(669) Pause Young (Allocation Failure) 801M->576M(834M) 2.860ms
[329.552s][info][gc,cpu         ] GC(669) User=0.00s Sys=0.00s Real=0.00s
[330.113s][info][gc,start       ] GC(670) Pause Young (Allocation Failure)
[330.118s][info][gc,heap        ] GC(670) PSYoungGen: 232030K(264704K)->1887K(298496K) Eden: 230687K(230912K)->0K(267776K) From: 1342K(33792K)->1887K(30720K)
[330.118s][info][gc,heap        ] GC(670) ParOldGen: 589114K(589312K)->589130K(589312K)
[330.118s][info][gc,metaspace   ] GC(670) Metaspace: 57324K(57664K)->57324K(57664K) NonClass: 49022K(49280K)->49022K(49280K) Class: 8301K(8384K)->8301K(8384K)
[330.118s][info][gc             ] GC(670) Pause Young (Allocation Failure) 801M->577M(867M) 4.694ms
[330.118s][info][gc,cpu         ] GC(670) User=0.01s Sys=0.00s Real=0.01s
[330.750s][info][gc,start       ] GC(671) Pause Young (Allocation Failure)
[330.753s][info][gc,heap        ] GC(671) PSYoungGen: 269663K(298496K)->795K(299008K) Eden: 267776K(267776K)->0K(267776K) From: 1887K(30720K)->795K(31232K)
[330.753s][info][gc,heap        ] GC(671) ParOldGen: 589130K(589312K)->589146K(589312K)
[330.753s][info][gc,metaspace   ] GC(671) Metaspace: 57324K(57664K)->57324K(57664K) NonClass: 49022K(49280K)->49022K(49280K) Class: 8301K(8384K)->8301K(8384K)
[330.753s][info][gc             ] GC(671) Pause Young (Allocation Failure) 838M->576M(867M) 2.848ms
[330.753s][info][gc,cpu         ] GC(671) User=0.01s Sys=0.00s Real=0.00s
[331.368s][info][gc,start       ] GC(672) Pause Young (Allocation Failure)
[331.373s][info][gc,heap        ] GC(672) PSYoungGen: 268401K(299008K)->2336K(300544K) Eden: 267606K(267776K)->0K(272896K) From: 795K(31232K)->2336K(27648K)
[331.373s][info][gc,heap        ] GC(672) ParOldGen: 589146K(589312K)->589162K(589312K)
[331.373s][info][gc,metaspace   ] GC(672) Metaspace: 57324K(57664K)->57324K(57664K) NonClass: 49022K(49280K)->49022K(49280K) Class: 8301K(8384K)->8301K(8384K)
[331.373s][info][gc             ] GC(672) Pause Young (Allocation Failure) 837M->577M(869M) 5.792ms
[331.373s][info][gc,cpu         ] GC(672) User=0.01s Sys=0.00s Real=0.00s
[332.051s][info][gc,start       ] GC(673) Pause Young (Allocation Failure)
[332.055s][info][gc,heap        ] GC(673) PSYoungGen: 275232K(300544K)->1024K(301056K) Eden: 272896K(272896K)->0K(272896K) From: 2336K(27648K)->1024K(28160K)
[332.055s][info][gc,heap        ] GC(673) ParOldGen: 589162K(589312K)->589178K(589312K)
[332.055s][info][gc,metaspace   ] GC(673) Metaspace: 57324K(57664K)->57324K(57664K) NonClass: 49022K(49280K)->49022K(49280K) Class: 8301K(8384K)->8301K(8384K)
[332.055s][info][gc             ] GC(673) Pause Young (Allocation Failure) 844M->576M(869M) 3.576ms
[332.055s][info][gc,cpu         ] GC(673) User=0.01s Sys=0.00s Real=0.00s
[332.674s][info][gc,start       ] GC(674) Pause Young (Allocation Failure)
[332.678s][info][gc,heap        ] GC(674) PSYoungGen: 273773K(301056K)->1599K(303104K) Eden: 272749K(272896K)->0K(278528K) From: 1024K(28160K)->1599K(24576K)
[332.678s][info][gc,heap        ] GC(674) ParOldGen: 589178K(589312K)->589194K(589312K)
[332.678s][info][gc,metaspace   ] GC(674) Metaspace: 57324K(57664K)->57324K(57664K) NonClass: 49022K(49280K)->49022K(49280K) Class: 8301K(8384K)->8301K(8384K)
[332.678s][info][gc             ] GC(674) Pause Young (Allocation Failure) 842M->576M(871M) 4.224ms
[332.678s][info][gc,cpu         ] GC(674) User=0.01s Sys=0.00s Real=0.01s
[333.422s][info][gc,start       ] GC(675) Pause Young (Allocation Failure)
[333.427s][info][gc,heap        ] GC(675) PSYoungGen: 279841K(303104K)->1840K(269824K) Eden: 278242K(278528K)->0K(267776K) From: 1599K(24576K)->1840K(2048K)
[333.427s][info][gc,heap        ] GC(675) ParOldGen: 589194K(589312K)->589210K(589312K)
[333.427s][info][gc,metaspace   ] GC(675) Metaspace: 57324K(57664K)->57324K(57664K) NonClass: 49022K(49280K)->49022K(49280K) Class: 8301K(8384K)->8301K(8384K)
[333.427s][info][gc             ] GC(675) Pause Young (Allocation Failure) 848M->577M(839M) 4.936ms
[333.427s][info][gc,cpu         ] GC(675) User=0.01s Sys=0.00s Real=0.01s
[334.038s][info][gc,start       ] GC(676) Pause Young (Allocation Failure)
[334.040s][info][gc,heap        ] GC(676) PSYoungGen: 269616K(269824K)->383K(269312K) Eden: 267776K(267776K)->0K(257536K) From: 1840K(2048K)->383K(11776K)
[334.040s][info][gc,heap        ] GC(676) ParOldGen: 589210K(589312K)->589226K(589312K)
[334.040s][info][gc,metaspace   ] GC(676) Metaspace: 57324K(57664K)->57324K(57664K) NonClass: 49022K(49280K)->49022K(49280K) Class: 8301K(8384K)->8301K(8384K)
[334.040s][info][gc             ] GC(676) Pause Young (Allocation Failure) 838M->575M(838M) 2.673ms
[334.040s][info][gc,cpu         ] GC(676) User=0.01s Sys=0.00s Real=0.00s
[334.650s][info][gc,start       ] GC(677) Pause Young (Allocation Failure)
[334.653s][info][gc,heap        ] GC(677) PSYoungGen: 257919K(269312K)->1631K(249856K) Eden: 257536K(257536K)->0K(247808K) From: 383K(11776K)->1631K(2048K)
[334.653s][info][gc,heap        ] GC(677) ParOldGen: 589226K(589312K)->589242K(589312K)
[334.654s][info][gc,metaspace   ] GC(677) Metaspace: 57324K(57664K)->57324K(57664K) NonClass: 49022K(49280K)->49022K(49280K) Class: 8301K(8384K)->8301K(8384K)
[334.654s][info][gc             ] GC(677) Pause Young (Allocation Failure) 827M->577M(819M) 3.942ms
[334.654s][info][gc,cpu         ] GC(677) User=0.00s Sys=0.00s Real=0.00s
[335.247s][info][gc,start       ] GC(678) Pause Young (Allocation Failure)
[335.251s][info][gc,heap        ] GC(678) PSYoungGen: 249439K(249856K)->1599K(247296K) Eden: 247808K(247808K)->0K(238592K) From: 1631K(2048K)->1599K(8704K)
[335.251s][info][gc,heap        ] GC(678) ParOldGen: 589242K(589312K)->589258K(589312K)
[335.251s][info][gc,metaspace   ] GC(678) Metaspace: 57324K(57664K)->57324K(57664K) NonClass: 49022K(49280K)->49022K(49280K) Class: 8301K(8384K)->8301K(8384K)
[335.251s][info][gc             ] GC(678) Pause Young (Allocation Failure) 819M->577M(817M) 3.823ms
[335.251s][info][gc,cpu         ] GC(678) User=0.00s Sys=0.00s Real=0.00s
[335.836s][info][gc,start       ] GC(679) Pause Young (Allocation Failure)
[335.838s][info][gc,heap        ] GC(679) PSYoungGen: 240191K(247296K)->192K(229888K) Eden: 238592K(238592K)->0K(229376K) From: 1599K(8704K)->192K(512K)
[335.838s][info][gc,heap        ] GC(679) ParOldGen: 589258K(589312K)->589274K(589312K)
[335.838s][info][gc,metaspace   ] GC(679) Metaspace: 57324K(57664K)->57324K(57664K) NonClass: 49022K(49280K)->49022K(49280K) Class: 8301K(8384K)->8301K(8384K)
[335.838s][info][gc             ] GC(679) Pause Young (Allocation Failure) 810M->575M(800M) 2.675ms
[335.838s][info][gc,cpu         ] GC(679) User=0.00s Sys=0.00s Real=0.01s
[336.364s][info][gc,start       ] GC(680) Pause Young (Allocation Failure)
[336.370s][info][gc,heap        ] GC(680) PSYoungGen: 229568K(229888K)->2335K(225280K) Eden: 229376K(229376K)->0K(220672K) From: 192K(512K)->2335K(4608K)
[336.370s][info][gc,heap        ] GC(680) ParOldGen: 589274K(589312K)->589290K(589312K)
[336.370s][info][gc,metaspace   ] GC(680) Metaspace: 57324K(57664K)->57324K(57664K) NonClass: 49022K(49280K)->49022K(49280K) Class: 8301K(8384K)->8301K(8384K)
[336.370s][info][gc             ] GC(680) Pause Young (Allocation Failure) 799M->577M(795M) 5.612ms
[336.370s][info][gc,cpu         ] GC(680) User=0.01s Sys=0.00s Real=0.01s
[336.927s][info][gc,start       ] GC(681) Pause Young (Allocation Failure)
[336.930s][info][gc,heap        ] GC(681) PSYoungGen: 223007K(225280K)->671K(213504K) Eden: 220672K(220672K)->0K(212480K) From: 2335K(4608K)->671K(1024K)
[336.930s][info][gc,heap        ] GC(681) ParOldGen: 589290K(589312K)->589306K(589312K)
[336.930s][info][gc,metaspace   ] GC(681) Metaspace: 57324K(57664K)->57324K(57664K) NonClass: 49022K(49280K)->49022K(49280K) Class: 8301K(8384K)->8301K(8384K)
[336.930s][info][gc             ] GC(681) Pause Young (Allocation Failure) 793M->576M(784M) 2.745ms
[336.930s][info][gc,cpu         ] GC(681) User=0.01s Sys=0.00s Real=0.00s
[337.438s][info][gc,start       ] GC(682) Pause Young (Allocation Failure)
[337.441s][info][gc,heap        ] GC(682) PSYoungGen: 213151K(213504K)->479K(207360K) Eden: 212480K(212480K)->0K(204800K) From: 671K(1024K)->479K(2560K)
[337.441s][info][gc,heap        ] GC(682) ParOldGen: 589306K(589312K)->589322K(589824K)
[337.441s][info][gc,metaspace   ] GC(682) Metaspace: 57324K(57664K)->57324K(57664K) NonClass: 49022K(49280K)->49022K(49280K) Class: 8301K(8384K)->8301K(8384K)
[337.441s][info][gc             ] GC(682) Pause Young (Allocation Failure) 783M->575M(778M) 3.540ms
[337.442s][info][gc,cpu         ] GC(682) User=0.00s Sys=0.00s Real=0.00s
[337.973s][info][gc,start       ] GC(683) Pause Young (Allocation Failure)
[337.976s][info][gc,heap        ] GC(683) PSYoungGen: 205279K(207360K)->435K(197632K) Eden: 204800K(204800K)->0K(197120K) From: 479K(2560K)->435K(512K)
[337.976s][info][gc,heap        ] GC(683) ParOldGen: 589322K(589824K)->589338K(589824K)
[337.976s][info][gc,metaspace   ] GC(683) Metaspace: 57324K(57664K)->57324K(57664K) NonClass: 49022K(49280K)->49022K(49280K) Class: 8301K(8384K)->8301K(8384K)
[337.976s][info][gc             ] GC(683) Pause Young (Allocation Failure) 775M->575M(769M) 2.675ms
[337.976s][info][gc,cpu         ] GC(683) User=0.00s Sys=0.01s Real=0.01s
[338.369s][info][gc,start       ] GC(684) Pause Young (Allocation Failure)
[338.374s][info][gc,heap        ] GC(684) PSYoungGen: 197350K(197632K)->1536K(191488K) Eden: 196914K(197120K)->0K(189952K) From: 435K(512K)->1536K(1536K)
[338.374s][info][gc,heap        ] GC(684) ParOldGen: 589338K(589824K)->589354K(589824K)
[338.374s][info][gc,metaspace   ] GC(684) Metaspace: 57324K(57664K)->57324K(57664K) NonClass: 49022K(49280K)->49022K(49280K) Class: 8301K(8384K)->8301K(8384K)
[338.374s][info][gc             ] GC(684) Pause Young (Allocation Failure) 768M->577M(763M) 4.890ms
[338.374s][info][gc,cpu         ] GC(684) User=0.01s Sys=0.00s Real=0.00s
[338.855s][info][gc,start       ] GC(685) Pause Young (Allocation Failure)
[338.859s][info][gc,heap        ] GC(685) PSYoungGen: 191488K(191488K)->1664K(197632K) Eden: 189952K(189952K)->0K(183296K) From: 1536K(1536K)->1664K(14336K)
[338.859s][info][gc,heap        ] GC(685) ParOldGen: 589354K(589824K)->589370K(589824K)
[338.859s][info][gc,metaspace   ] GC(685) Metaspace: 57324K(57664K)->57324K(57664K) NonClass: 49022K(49280K)->49022K(49280K) Class: 8301K(8384K)->8301K(8384K)
[338.859s][info][gc             ] GC(685) Pause Young (Allocation Failure) 762M->577M(769M) 4.036ms
[338.859s][info][gc,cpu         ] GC(685) User=0.01s Sys=0.00s Real=0.01s
[339.277s][info][gc,start       ] GC(686) Pause Young (Allocation Failure)
[339.282s][info][gc,heap        ] GC(686) PSYoungGen: 184960K(197632K)->1664K(178688K) Eden: 183296K(183296K)->0K(176640K) From: 1664K(14336K)->1664K(2048K)
[339.282s][info][gc,heap        ] GC(686) ParOldGen: 589370K(589824K)->589386K(589824K)
[339.282s][info][gc,metaspace   ] GC(686) Metaspace: 57324K(57664K)->57324K(57664K) NonClass: 49022K(49280K)->49022K(49280K) Class: 8301K(8384K)->8301K(8384K)
[339.282s][info][gc             ] GC(686) Pause Young (Allocation Failure) 756M->577M(750M) 4.777ms
[339.282s][info][gc,cpu         ] GC(686) User=0.01s Sys=0.00s Real=0.00s
[339.736s][info][gc,start       ] GC(687) Pause Young (Allocation Failure)
[339.738s][info][gc,heap        ] GC(687) PSYoungGen: 178304K(178688K)->267K(171008K) Eden: 176640K(176640K)->0K(170496K) From: 1664K(2048K)->267K(512K)
[339.738s][info][gc,heap        ] GC(687) ParOldGen: 589386K(589824K)->589402K(589824K)
[339.738s][info][gc,metaspace   ] GC(687) Metaspace: 57324K(57664K)->57324K(57664K) NonClass: 49022K(49280K)->49022K(49280K) Class: 8301K(8384K)->8301K(8384K)
[339.738s][info][gc             ] GC(687) Pause Young (Allocation Failure) 749M->575M(743M) 2.293ms
[339.738s][info][gc,cpu         ] GC(687) User=0.00s Sys=0.00s Real=0.00s
[340.139s][info][gc,start       ] GC(688) Pause Young (Allocation Failure)
[340.143s][info][gc,heap        ] GC(688) PSYoungGen: 170763K(171008K)->703K(165888K) Eden: 170496K(170496K)->0K(164864K) From: 267K(512K)->703K(1024K)
[340.143s][info][gc,heap        ] GC(688) ParOldGen: 589402K(589824K)->589418K(589824K)
[340.143s][info][gc,metaspace   ] GC(688) Metaspace: 57324K(57664K)->57324K(57664K) NonClass: 49022K(49280K)->49022K(49280K) Class: 8301K(8384K)->8301K(8384K)
[340.143s][info][gc             ] GC(688) Pause Young (Allocation Failure) 742M->576M(738M) 3.436ms
[340.143s][info][gc,cpu         ] GC(688) User=0.01s Sys=0.00s Real=0.00s
[340.538s][info][gc,start       ] GC(689) Pause Young (Allocation Failure)
[340.541s][info][gc,heap        ] GC(689) PSYoungGen: 165567K(165888K)->607K(170496K) Eden: 164864K(164864K)->0K(159232K) From: 703K(1024K)->607K(11264K)
[340.541s][info][gc,heap        ] GC(689) ParOldGen: 589418K(589824K)->589434K(589824K)
[340.541s][info][gc,metaspace   ] GC(689) Metaspace: 57324K(57664K)->57324K(57664K) NonClass: 49022K(49280K)->49022K(49280K) Class: 8301K(8384K)->8301K(8384K)
[340.541s][info][gc             ] GC(689) Pause Young (Allocation Failure) 737M->576M(742M) 2.687ms
[340.541s][info][gc,cpu         ] GC(689) User=0.01s Sys=0.00s Real=0.00s
[340.882s][info][gc,start       ] GC(690) Pause Young (Allocation Failure)
[340.886s][info][gc,heap        ] GC(690) PSYoungGen: 159839K(170496K)->895K(155136K) Eden: 159232K(159232K)->0K(154112K) From: 607K(11264K)->895K(1024K)
[340.886s][info][gc,heap        ] GC(690) ParOldGen: 589434K(589824K)->589450K(589824K)
[340.886s][info][gc,metaspace   ] GC(690) Metaspace: 57324K(57664K)->57324K(57664K) NonClass: 49022K(49280K)->49022K(49280K) Class: 8301K(8384K)->8301K(8384K)
[340.886s][info][gc             ] GC(690) Pause Young (Allocation Failure) 731M->576M(727M) 3.467ms
[340.886s][info][gc,cpu         ] GC(690) User=0.01s Sys=0.00s Real=0.00s
[341.265s][info][gc,start       ] GC(691) Pause Young (Allocation Failure)
[341.269s][info][gc,heap        ] GC(691) PSYoungGen: 155007K(155136K)->2399K(158720K) Eden: 154112K(154112K)->0K(148992K) From: 895K(1024K)->2399K(9728K)
[341.269s][info][gc,heap        ] GC(691) ParOldGen: 589450K(589824K)->589466K(589824K)
[341.269s][info][gc,metaspace   ] GC(691) Metaspace: 57324K(57664K)->57324K(57664K) NonClass: 49022K(49280K)->49022K(49280K) Class: 8301K(8384K)->8301K(8384K)
[341.269s][info][gc             ] GC(691) Pause Young (Allocation Failure) 727M->577M(731M) 4.685ms
[341.269s][info][gc,cpu         ] GC(691) User=0.01s Sys=0.00s Real=0.01s
[341.647s][info][gc,start       ] GC(692) Pause Young (Allocation Failure)
[341.650s][info][gc,heap        ] GC(692) PSYoungGen: 151391K(158720K)->1503K(145920K) Eden: 148992K(148992K)->0K(144384K) From: 2399K(9728K)->1503K(1536K)
[341.650s][info][gc,heap        ] GC(692) ParOldGen: 589466K(589824K)->589482K(589824K)
[341.650s][info][gc,metaspace   ] GC(692) Metaspace: 57324K(57664K)->57324K(57664K) NonClass: 49022K(49280K)->49022K(49280K) Class: 8301K(8384K)->8301K(8384K)
[341.651s][info][gc             ] GC(692) Pause Young (Allocation Failure) 723M->577M(718M) 3.970ms
[341.651s][info][gc,cpu         ] GC(692) User=0.01s Sys=0.00s Real=0.00s
[342.072s][info][gc,start       ] GC(693) Pause Young (Allocation Failure)
[342.077s][info][gc,heap        ] GC(693) PSYoungGen: 145887K(145920K)->2079K(142336K) Eden: 144384K(144384K)->0K(139776K) From: 1503K(1536K)->2079K(2560K)
[342.077s][info][gc,heap        ] GC(693) ParOldGen: 589482K(589824K)->589498K(589824K)
[342.077s][info][gc,metaspace   ] GC(693) Metaspace: 57324K(57664K)->57324K(57664K) NonClass: 49022K(49280K)->49022K(49280K) Class: 8301K(8384K)->8301K(8384K)
[342.077s][info][gc             ] GC(693) Pause Young (Allocation Failure) 718M->577M(715M) 4.390ms
[342.077s][info][gc,cpu         ] GC(693) User=0.01s Sys=0.00s Real=0.01s
[342.441s][info][gc,start       ] GC(694) Pause Young (Allocation Failure)
[342.444s][info][gc,heap        ] GC(694) PSYoungGen: 141855K(142336K)->898K(136192K) Eden: 139776K(139776K)->0K(135168K) From: 2079K(2560K)->898K(1024K)
[342.444s][info][gc,heap        ] GC(694) ParOldGen: 589498K(589824K)->589514K(589824K)
[342.444s][info][gc,metaspace   ] GC(694) Metaspace: 57324K(57664K)->57324K(57664K) NonClass: 49022K(49280K)->49022K(49280K) Class: 8301K(8384K)->8301K(8384K)
[342.444s][info][gc             ] GC(694) Pause Young (Allocation Failure) 714M->576M(709M) 3.198ms
[342.444s][info][gc,cpu         ] GC(694) User=0.00s Sys=0.00s Real=0.00s
[342.754s][info][gc,start       ] GC(695) Pause Young (Allocation Failure)
[342.758s][info][gc,heap        ] GC(695) PSYoungGen: 136017K(136192K)->1600K(138752K) Eden: 135119K(135168K)->0K(131072K) From: 898K(1024K)->1600K(7680K)
[342.758s][info][gc,heap        ] GC(695) ParOldGen: 589514K(589824K)->589530K(589824K)
[342.758s][info][gc,metaspace   ] GC(695) Metaspace: 57324K(57664K)->57324K(57664K) NonClass: 49022K(49280K)->49022K(49280K) Class: 8301K(8384K)->8301K(8384K)
[342.758s][info][gc             ] GC(695) Pause Young (Allocation Failure) 708M->577M(711M) 4.059ms
[342.758s][info][gc,cpu         ] GC(695) User=0.01s Sys=0.00s Real=0.01s
[343.060s][info][gc,start       ] GC(696) Pause Young (Allocation Failure)
[343.064s][info][gc,heap        ] GC(696) PSYoungGen: 132672K(138752K)->1951K(163328K) Eden: 131072K(131072K)->0K(156672K) From: 1600K(7680K)->1951K(6656K)
[343.064s][info][gc,heap        ] GC(696) ParOldGen: 589530K(589824K)->589546K(589824K)
[343.064s][info][gc,metaspace   ] GC(696) Metaspace: 57324K(57664K)->57324K(57664K) NonClass: 49022K(49280K)->49022K(49280K) Class: 8301K(8384K)->8301K(8384K)
[343.064s][info][gc             ] GC(696) Pause Young (Allocation Failure) 705M->577M(735M) 4.117ms
[343.064s][info][gc,cpu         ] GC(696) User=0.00s Sys=0.00s Real=0.00s
[343.454s][info][gc,start       ] GC(697) Pause Young (Allocation Failure)
[343.458s][info][gc,heap        ] GC(697) PSYoungGen: 158623K(163328K)->1344K(163328K) Eden: 156672K(156672K)->0K(156672K) From: 1951K(6656K)->1344K(6656K)
[343.458s][info][gc,heap        ] GC(697) ParOldGen: 589546K(589824K)->589562K(589824K)
[343.458s][info][gc,metaspace   ] GC(697) Metaspace: 57324K(57664K)->57324K(57664K) NonClass: 49022K(49280K)->49022K(49280K) Class: 8301K(8384K)->8301K(8384K)
[343.458s][info][gc             ] GC(697) Pause Young (Allocation Failure) 730M->577M(735M) 3.632ms
[343.458s][info][gc,cpu         ] GC(697) User=0.01s Sys=0.00s Real=0.01s
[343.843s][info][gc,start       ] GC(698) Pause Young (Allocation Failure)
[343.846s][info][gc,heap        ] GC(698) PSYoungGen: 158016K(163328K)->1246K(193024K) Eden: 156672K(156672K)->0K(186880K) From: 1344K(6656K)->1246K(6144K)
[343.846s][info][gc,heap        ] GC(698) ParOldGen: 589562K(589824K)->589578K(589824K)
[343.846s][info][gc,metaspace   ] GC(698) Metaspace: 57324K(57664K)->57324K(57664K) NonClass: 49022K(49280K)->49022K(49280K) Class: 8301K(8384K)->8301K(8384K)
[343.847s][info][gc             ] GC(698) Pause Young (Allocation Failure) 730M->576M(764M) 3.652ms
[343.847s][info][gc,cpu         ] GC(698) User=0.00s Sys=0.00s Real=0.01s
[344.275s][info][gc,start       ] GC(699) Pause Young (Allocation Failure)
[344.279s][info][gc,heap        ] GC(699) PSYoungGen: 188126K(193024K)->1728K(193024K) Eden: 186880K(186880K)->0K(186880K) From: 1246K(6144K)->1728K(6144K)
[344.279s][info][gc,heap        ] GC(699) ParOldGen: 589578K(589824K)->589594K(589824K)
[344.279s][info][gc,metaspace   ] GC(699) Metaspace: 57324K(57664K)->57324K(57664K) NonClass: 49022K(49280K)->49022K(49280K) Class: 8301K(8384K)->8301K(8384K)
[344.279s][info][gc             ] GC(699) Pause Young (Allocation Failure) 759M->577M(764M) 4.666ms
[344.279s][info][gc,cpu         ] GC(699) User=0.01s Sys=0.01s Real=0.01s
[344.742s][info][gc,start       ] GC(700) Pause Young (Allocation Failure)
[344.745s][info][gc,heap        ] GC(700) PSYoungGen: 188608K(193024K)->859K(181248K) Eden: 186880K(186880K)->0K(180224K) From: 1728K(6144K)->859K(1024K)
[344.745s][info][gc,heap        ] GC(700) ParOldGen: 589594K(589824K)->589610K(589824K)
[344.745s][info][gc,metaspace   ] GC(700) Metaspace: 57324K(57664K)->57324K(57664K) NonClass: 49022K(49280K)->49022K(49280K) Class: 8301K(8384K)->8301K(8384K)
[344.745s][info][gc             ] GC(700) Pause Young (Allocation Failure) 759M->576M(753M) 3.258ms
[344.745s][info][gc,cpu         ] GC(700) User=0.00s Sys=0.00s Real=0.00s
[345.162s][info][gc,start       ] GC(701) Pause Young (Allocation Failure)
[345.167s][info][gc,heap        ] GC(701) PSYoungGen: 181083K(181248K)->2206K(217600K) Eden: 180224K(180224K)->0K(215040K) From: 859K(1024K)->2206K(2560K)
[345.167s][info][gc,heap        ] GC(701) ParOldGen: 589610K(589824K)->589626K(589824K)
[345.167s][info][gc,metaspace   ] GC(701) Metaspace: 57324K(57664K)->57324K(57664K) NonClass: 49022K(49280K)->49022K(49280K) Class: 8301K(8384K)->8301K(8384K)
[345.167s][info][gc             ] GC(701) Pause Young (Allocation Failure) 752M->577M(788M) 4.912ms
[345.167s][info][gc,cpu         ] GC(701) User=0.01s Sys=0.00s Real=0.01s
[345.690s][info][gc,start       ] GC(702) Pause Young (Allocation Failure)
[345.694s][info][gc,heap        ] GC(702) PSYoungGen: 217246K(217600K)->1758K(209408K) Eden: 215040K(215040K)->0K(207360K) From: 2206K(2560K)->1758K(2048K)
[345.694s][info][gc,heap        ] GC(702) ParOldGen: 589626K(589824K)->589642K(589824K)
[345.694s][info][gc,metaspace   ] GC(702) Metaspace: 57324K(57664K)->57324K(57664K) NonClass: 49022K(49280K)->49022K(49280K) Class: 8301K(8384K)->8301K(8384K)
[345.694s][info][gc             ] GC(702) Pause Young (Allocation Failure) 787M->577M(780M) 4.073ms
[345.694s][info][gc,cpu         ] GC(702) User=0.01s Sys=0.00s Real=0.00s
[346.177s][info][gc,start       ] GC(703) Pause Young (Allocation Failure)
[346.182s][info][gc,heap        ] GC(703) PSYoungGen: 209118K(209408K)->2207K(202240K) Eden: 207360K(207360K)->0K(199680K) From: 1758K(2048K)->2207K(2560K)
[346.182s][info][gc,heap        ] GC(703) ParOldGen: 589642K(589824K)->589658K(589824K)
[346.182s][info][gc,metaspace   ] GC(703) Metaspace: 57324K(57664K)->57324K(57664K) NonClass: 49022K(49280K)->49022K(49280K) Class: 8301K(8384K)->8301K(8384K)
[346.182s][info][gc             ] GC(703) Pause Young (Allocation Failure) 780M->577M(773M) 5.287ms
[346.182s][info][gc,cpu         ] GC(703) User=0.01s Sys=0.00s Real=0.00s
[346.663s][info][gc,start       ] GC(704) Pause Young (Allocation Failure)
[346.671s][info][gc,heap        ] GC(704) PSYoungGen: 201887K(202240K)->2910K(219136K) Eden: 199680K(199680K)->0K(214528K) From: 2207K(2560K)->2910K(4608K)
[346.671s][info][gc,heap        ] GC(704) ParOldGen: 589658K(589824K)->589674K(589824K)
[346.671s][info][gc,metaspace   ] GC(704) Metaspace: 57324K(57664K)->57324K(57664K) NonClass: 49022K(49280K)->49022K(49280K) Class: 8301K(8384K)->8301K(8384K)
[346.671s][info][gc             ] GC(704) Pause Young (Allocation Failure) 772M->578M(790M) 7.477ms
[346.671s][info][gc,cpu         ] GC(704) User=0.01s Sys=0.01s Real=0.01s
[347.175s][info][gc,start       ] GC(705) Pause Young (Allocation Failure)
[347.177s][info][gc,heap        ] GC(705) PSYoungGen: 217438K(219136K)->352K(207360K) Eden: 214528K(214528K)->0K(206848K) From: 2910K(4608K)->352K(512K)
[347.177s][info][gc,heap        ] GC(705) ParOldGen: 589674K(589824K)->589690K(589824K)
[347.177s][info][gc,metaspace   ] GC(705) Metaspace: 57324K(57664K)->57324K(57664K) NonClass: 49022K(49280K)->49022K(49280K) Class: 8301K(8384K)->8301K(8384K)
[347.177s][info][gc             ] GC(705) Pause Young (Allocation Failure) 788M->576M(778M) 2.605ms
[347.177s][info][gc,cpu         ] GC(705) User=0.01s Sys=0.00s Real=0.01s
[347.716s][info][gc,start       ] GC(706) Pause Young (Allocation Failure)
[347.720s][info][gc,heap        ] GC(706) PSYoungGen: 206895K(207360K)->1728K(201216K) Eden: 206543K(206848K)->0K(199168K) From: 352K(512K)->1728K(2048K)
[347.720s][info][gc,heap        ] GC(706) ParOldGen: 589690K(589824K)->589706K(589824K)
[347.720s][info][gc,metaspace   ] GC(706) Metaspace: 57324K(57664K)->57324K(57664K) NonClass: 49022K(49280K)->49022K(49280K) Class: 8301K(8384K)->8301K(8384K)
[347.720s][info][gc             ] GC(706) Pause Young (Allocation Failure) 777M->577M(772M) 4.537ms
[347.720s][info][gc,cpu         ] GC(706) User=0.01s Sys=0.01s Real=0.01s
[348.164s][info][gc,start       ] GC(707) Pause Young (Allocation Failure)
[348.172s][info][gc,heap        ] GC(707) PSYoungGen: 200896K(201216K)->1984K(212480K) Eden: 199168K(199168K)->0K(207872K) From: 1728K(2048K)->1984K(4608K)
[348.172s][info][gc,heap        ] GC(707) ParOldGen: 589706K(589824K)->589722K(589824K)
[348.172s][info][gc,metaspace   ] GC(707) Metaspace: 57324K(57664K)->57324K(57664K) NonClass: 49022K(49280K)->49022K(49280K) Class: 8301K(8384K)->8301K(8384K)
[348.172s][info][gc             ] GC(707) Pause Young (Allocation Failure) 772M->577M(783M) 8.617ms
[348.172s][info][gc,cpu         ] GC(707) User=0.01s Sys=0.00s Real=0.01s
[348.714s][info][gc,start       ] GC(708) Pause Young (Allocation Failure)
[348.750s][info][gc,heap        ] GC(708) PSYoungGen: 209856K(212480K)->3391K(242176K) Eden: 207872K(207872K)->0K(237568K) From: 1984K(4608K)->3391K(4608K)
[348.750s][info][gc,heap        ] GC(708) ParOldGen: 589722K(589824K)->589738K(589824K)
[348.750s][info][gc,metaspace   ] GC(708) Metaspace: 57324K(57664K)->57324K(57664K) NonClass: 49022K(49280K)->49022K(49280K) Class: 8301K(8384K)->8301K(8384K)
[348.750s][info][gc             ] GC(708) Pause Young (Allocation Failure) 780M->579M(812M) 35.659ms
[348.750s][info][gc,cpu         ] GC(708) User=0.02s Sys=0.00s Real=0.04s
[349.255s][info][gc,start       ] GC(709) Pause Young (Allocation Failure)
[349.260s][info][gc,heap        ] GC(709) PSYoungGen: 240959K(242176K)->1151K(242176K) Eden: 237568K(237568K)->0K(237568K) From: 3391K(4608K)->1151K(4608K)
[349.260s][info][gc,heap        ] GC(709) ParOldGen: 589738K(589824K)->589754K(589824K)
[349.260s][info][gc,metaspace   ] GC(709) Metaspace: 57324K(57664K)->57324K(57664K) NonClass: 49022K(49280K)->49022K(49280K) Class: 8301K(8384K)->8301K(8384K)
[349.260s][info][gc             ] GC(709) Pause Young (Allocation Failure) 811M->577M(812M) 5.402ms
[349.260s][info][gc,cpu         ] GC(709) User=0.01s Sys=0.00s Real=0.01s
[349.838s][info][gc,start       ] GC(710) Pause Young (Allocation Failure)
[349.841s][info][gc,heap        ] GC(710) PSYoungGen: 238719K(242176K)->512K(287744K) Eden: 237568K(237568K)->0K(283648K) From: 1151K(4608K)->512K(4096K)
[349.841s][info][gc,heap        ] GC(710) ParOldGen: 589754K(589824K)->589770K(589824K)
[349.841s][info][gc,metaspace   ] GC(710) Metaspace: 57324K(57664K)->57324K(57664K) NonClass: 49022K(49280K)->49022K(49280K) Class: 8301K(8384K)->8301K(8384K)
[349.841s][info][gc             ] GC(710) Pause Young (Allocation Failure) 809M->576M(857M) 2.765ms
[349.841s][info][gc,cpu         ] GC(710) User=0.00s Sys=0.00s Real=0.00s
[350.503s][info][gc,start       ] GC(711) Pause Young (Allocation Failure)
[350.507s][info][gc,heap        ] GC(711) PSYoungGen: 284160K(287744K)->1470K(288256K) Eden: 283648K(283648K)->0K(283648K) From: 512K(4096K)->1470K(4608K)
[350.507s][info][gc,heap        ] GC(711) ParOldGen: 589770K(589824K)->589786K(589824K)
[350.507s][info][gc,metaspace   ] GC(711) Metaspace: 57324K(57664K)->57324K(57664K) NonClass: 49022K(49280K)->49022K(49280K) Class: 8301K(8384K)->8301K(8384K)
[350.507s][info][gc             ] GC(711) Pause Young (Allocation Failure) 853M->577M(857M) 3.813ms
[350.507s][info][gc,cpu         ] GC(711) User=0.00s Sys=0.00s Real=0.01s
[351.174s][info][gc,start       ] GC(712) Pause Young (Allocation Failure)
[351.179s][info][gc,heap        ] GC(712) PSYoungGen: 284873K(288256K)->1952K(328192K) Eden: 283402K(283648K)->0K(324608K) From: 1470K(4608K)->1952K(3584K)
[351.179s][info][gc,heap        ] GC(712) ParOldGen: 589786K(589824K)->589802K(589824K)
[351.179s][info][gc,metaspace   ] GC(712) Metaspace: 57324K(57664K)->57324K(57664K) NonClass: 49022K(49280K)->49022K(49280K) Class: 8301K(8384K)->8301K(8384K)
[351.179s][info][gc             ] GC(712) Pause Young (Allocation Failure) 854M->577M(896M) 5.123ms
[351.179s][info][gc,cpu         ] GC(712) User=0.00s Sys=0.00s Real=0.01s
[351.972s][info][gc,start       ] GC(713) Pause Young (Allocation Failure)
[351.976s][info][gc,heap        ] GC(713) PSYoungGen: 326560K(328192K)->1440K(328704K) Eden: 324608K(324608K)->0K(324608K) From: 1952K(3584K)->1440K(4096K)
[351.976s][info][gc,heap        ] GC(713) ParOldGen: 589802K(589824K)->589818K(589824K)
[351.976s][info][gc,metaspace   ] GC(713) Metaspace: 57324K(57664K)->57324K(57664K) NonClass: 49022K(49280K)->49022K(49280K) Class: 8301K(8384K)->8301K(8384K)
[351.976s][info][gc             ] GC(713) Pause Young (Allocation Failure) 894M->577M(897M) 4.330ms
[351.976s][info][gc,cpu         ] GC(713) User=0.01s Sys=0.00s Real=0.01s
[352.858s][info][gc,start       ] GC(714) Pause Young (Allocation Failure)
[352.863s][info][gc,heap        ] GC(714) PSYoungGen: 326048K(328704K)->1918K(313344K) Eden: 324608K(324608K)->0K(311296K) From: 1440K(4096K)->1918K(2048K)
[352.863s][info][gc,heap        ] GC(714) ParOldGen: 589818K(589824K)->589834K(590336K)
[352.863s][info][gc,metaspace   ] GC(714) Metaspace: 57324K(57664K)->57324K(57664K) NonClass: 49022K(49280K)->49022K(49280K) Class: 8301K(8384K)->8301K(8384K)
[352.863s][info][gc             ] GC(714) Pause Young (Allocation Failure) 894M->577M(882M) 4.842ms
[352.863s][info][gc,cpu         ] GC(714) User=0.01s Sys=0.00s Real=0.00s
[353.635s][info][gc,start       ] GC(715) Pause Young (Allocation Failure)
[353.637s][info][gc,heap        ] GC(715) PSYoungGen: 313214K(313344K)->125K(299520K) Eden: 311296K(311296K)->0K(299008K) From: 1918K(2048K)->125K(512K)
[353.637s][info][gc,heap        ] GC(715) ParOldGen: 589834K(590336K)->589850K(590336K)
[353.637s][info][gc,metaspace   ] GC(715) Metaspace: 57324K(57664K)->57324K(57664K) NonClass: 49022K(49280K)->49022K(49280K) Class: 8301K(8384K)->8301K(8384K)
[353.637s][info][gc             ] GC(715) Pause Young (Allocation Failure) 881M->576M(869M) 2.260ms
[353.637s][info][gc,cpu         ] GC(715) User=0.00s Sys=0.00s Real=0.01s
[354.370s][info][gc,start       ] GC(716) Pause Young (Allocation Failure)
[354.383s][info][gc,heap        ] GC(716) PSYoungGen: 299133K(299520K)->1567K(326656K) Eden: 299008K(299008K)->0K(322560K) From: 125K(512K)->1567K(4096K)
[354.383s][info][gc,heap        ] GC(716) ParOldGen: 589850K(590336K)->589866K(590336K)
[354.383s][info][gc,metaspace   ] GC(716) Metaspace: 57324K(57664K)->57324K(57664K) NonClass: 49022K(49280K)->49022K(49280K) Class: 8301K(8384K)->8301K(8384K)
[354.383s][info][gc             ] GC(716) Pause Young (Allocation Failure) 868M->577M(895M) 13.268ms
[354.383s][info][gc,cpu         ] GC(716) User=0.01s Sys=0.00s Real=0.01s
[355.137s][info][gc,start       ] GC(717) Pause Young (Allocation Failure)
[355.140s][info][gc,heap        ] GC(717) PSYoungGen: 324127K(326656K)->416K(309760K) Eden: 322560K(322560K)->0K(309248K) From: 1567K(4096K)->416K(512K)
[355.140s][info][gc,heap        ] GC(717) ParOldGen: 589866K(590336K)->589882K(590336K)
[355.140s][info][gc,metaspace   ] GC(717) Metaspace: 57324K(57664K)->57324K(57664K) NonClass: 49022K(49280K)->49022K(49280K) Class: 8301K(8384K)->8301K(8384K)
[355.140s][info][gc             ] GC(717) Pause Young (Allocation Failure) 892M->576M(879M) 3.069ms
[355.140s][info][gc,cpu         ] GC(717) User=0.00s Sys=0.00s Real=0.00s
[355.856s][info][gc,start       ] GC(718) Pause Young (Allocation Failure)
[355.860s][info][gc,heap        ] GC(718) PSYoungGen: 309664K(309760K)->1694K(299008K) Eden: 309248K(309248K)->0K(296960K) From: 416K(512K)->1694K(2048K)
[355.860s][info][gc,heap        ] GC(718) ParOldGen: 589882K(590336K)->589898K(590336K)
[355.860s][info][gc,metaspace   ] GC(718) Metaspace: 57324K(57664K)->57324K(57664K) NonClass: 49022K(49280K)->49022K(49280K) Class: 8301K(8384K)->8301K(8384K)
[355.860s][info][gc             ] GC(718) Pause Young (Allocation Failure) 878M->577M(868M) 3.791ms
[355.860s][info][gc,cpu         ] GC(718) User=0.00s Sys=0.00s Real=0.00s
[356.564s][info][gc,start       ] GC(719) Pause Young (Allocation Failure)
[356.569s][info][gc,heap        ] GC(719) PSYoungGen: 298654K(299008K)->2271K(287744K) Eden: 296960K(296960K)->0K(285184K) From: 1694K(2048K)->2271K(2560K)
[356.569s][info][gc,heap        ] GC(719) ParOldGen: 589898K(590336K)->589914K(590336K)
[356.569s][info][gc,metaspace   ] GC(719) Metaspace: 57324K(57664K)->57324K(57664K) NonClass: 49022K(49280K)->49022K(49280K) Class: 8301K(8384K)->8301K(8384K)
[356.569s][info][gc             ] GC(719) Pause Young (Allocation Failure) 867M->578M(857M) 4.691ms
[356.569s][info][gc,cpu         ] GC(719) User=0.01s Sys=0.00s Real=0.01s
[357.263s][info][gc,start       ] GC(720) Pause Young (Allocation Failure)
[357.267s][info][gc,heap        ] GC(720) PSYoungGen: 287455K(287744K)->1184K(275456K) Eden: 285184K(285184K)->0K(273920K) From: 2271K(2560K)->1184K(1536K)
[357.267s][info][gc,heap        ] GC(720) ParOldGen: 589914K(590336K)->589930K(590336K)
[357.267s][info][gc,metaspace   ] GC(720) Metaspace: 57324K(57664K)->57324K(57664K) NonClass: 49022K(49280K)->49022K(49280K) Class: 8301K(8384K)->8301K(8384K)
[357.267s][info][gc             ] GC(720) Pause Young (Allocation Failure) 856M->577M(845M) 3.609ms
[357.267s][info][gc,cpu         ] GC(720) User=0.01s Sys=0.00s Real=0.01s
[357.943s][info][gc,start       ] GC(721) Pause Young (Allocation Failure)
[357.946s][info][gc,heap        ] GC(721) PSYoungGen: 275104K(275456K)->1003K(264192K) Eden: 273920K(273920K)->0K(263168K) From: 1184K(1536K)->1003K(1024K)
[357.946s][info][gc,heap        ] GC(721) ParOldGen: 589930K(590336K)->589946K(590336K)
[357.946s][info][gc,metaspace   ] GC(721) Metaspace: 57324K(57664K)->57324K(57664K) NonClass: 49022K(49280K)->49022K(49280K) Class: 8301K(8384K)->8301K(8384K)
[357.946s][info][gc             ] GC(721) Pause Young (Allocation Failure) 844M->577M(834M) 3.069ms
[357.946s][info][gc,cpu         ] GC(721) User=0.00s Sys=0.01s Real=0.01s
[358.561s][info][gc,start       ] GC(722) Pause Young (Allocation Failure)
[358.565s][info][gc,heap        ] GC(722) PSYoungGen: 263920K(264192K)->1856K(254976K) Eden: 262916K(263168K)->0K(252928K) From: 1003K(1024K)->1856K(2048K)
[358.566s][info][gc,heap        ] GC(722) ParOldGen: 589946K(590336K)->589962K(590336K)
[358.566s][info][gc,metaspace   ] GC(722) Metaspace: 57324K(57664K)->57324K(57664K) NonClass: 49022K(49280K)->49022K(49280K) Class: 8301K(8384K)->8301K(8384K)
[358.566s][info][gc             ] GC(722) Pause Young (Allocation Failure) 833M->577M(825M) 4.479ms
[358.566s][info][gc,cpu         ] GC(722) User=0.01s Sys=0.00s Real=0.00s
[359.171s][info][gc,start       ] GC(723) Pause Young (Allocation Failure)
[359.175s][info][gc,heap        ] GC(723) PSYoungGen: 254784K(254976K)->2335K(245760K) Eden: 252928K(252928K)->0K(243200K) From: 1856K(2048K)->2335K(2560K)
[359.175s][info][gc,heap        ] GC(723) ParOldGen: 589962K(590336K)->589978K(590336K)
[359.175s][info][gc,metaspace   ] GC(723) Metaspace: 57324K(57664K)->57324K(57664K) NonClass: 49022K(49280K)->49022K(49280K) Class: 8301K(8384K)->8301K(8384K)
[359.175s][info][gc             ] GC(723) Pause Young (Allocation Failure) 824M->578M(816M) 4.833ms
[359.175s][info][gc,cpu         ] GC(723) User=0.01s Sys=0.00s Real=0.00s
[359.759s][info][gc,start       ] GC(724) Pause Young (Allocation Failure)
[359.764s][info][gc,heap        ] GC(724) PSYoungGen: 245366K(245760K)->2016K(236032K) Eden: 243031K(243200K)->0K(233984K) From: 2335K(2560K)->2016K(2048K)
[359.764s][info][gc,heap        ] GC(724) ParOldGen: 589978K(590336K)->589994K(590336K)
[359.764s][info][gc,metaspace   ] GC(724) Metaspace: 57324K(57664K)->57324K(57664K) NonClass: 49022K(49280K)->49022K(49280K) Class: 8301K(8384K)->8301K(8384K)
[359.764s][info][gc             ] GC(724) Pause Young (Allocation Failure) 815M->578M(807M) 4.663ms
[359.764s][info][gc,cpu         ] GC(724) User=0.01s Sys=0.00s Real=0.00s
[360.348s][info][gc,start       ] GC(725) Pause Young (Allocation Failure)
[360.352s][info][gc,heap        ] GC(725) PSYoungGen: 236000K(236032K)->1503K(226816K) Eden: 233984K(233984K)->0K(225280K) From: 2016K(2048K)->1503K(1536K)
[360.352s][info][gc,heap        ] GC(725) ParOldGen: 589994K(590336K)->590010K(590336K)
[360.352s][info][gc,metaspace   ] GC(725) Metaspace: 57324K(57664K)->57324K(57664K) NonClass: 49022K(49280K)->49022K(49280K) Class: 8301K(8384K)->8301K(8384K)
[360.352s][info][gc             ] GC(725) Pause Young (Allocation Failure) 806M->577M(798M) 3.582ms
[360.352s][info][gc,cpu         ] GC(725) User=0.00s Sys=0.00s Real=0.00s
[360.873s][info][gc,start       ] GC(726) Pause Young (Allocation Failure)
[360.878s][info][gc,heap        ] GC(726) PSYoungGen: 226752K(226816K)->2016K(219136K) Eden: 225249K(225280K)->0K(217088K) From: 1503K(1536K)->2016K(2048K)
[360.878s][info][gc,heap        ] GC(726) ParOldGen: 590010K(590336K)->590026K(590336K)
[360.878s][info][gc,metaspace   ] GC(726) Metaspace: 57324K(57664K)->57324K(57664K) NonClass: 49022K(49280K)->49022K(49280K) Class: 8301K(8384K)->8301K(8384K)
[360.878s][info][gc             ] GC(726) Pause Young (Allocation Failure) 797M->578M(790M) 4.531ms
[360.878s][info][gc,cpu         ] GC(726) User=0.00s Sys=0.00s Real=0.01s
[361.397s][info][gc,start       ] GC(727) Pause Young (Allocation Failure)
[361.400s][info][gc,heap        ] GC(727) PSYoungGen: 218997K(219136K)->448K(209408K) Eden: 216981K(217088K)->0K(208896K) From: 2016K(2048K)->448K(512K)
[361.400s][info][gc,heap        ] GC(727) ParOldGen: 590026K(590336K)->590042K(590336K)
[361.400s][info][gc,metaspace   ] GC(727) Metaspace: 57324K(57664K)->57324K(57664K) NonClass: 49022K(49280K)->49022K(49280K) Class: 8301K(8384K)->8301K(8384K)
[361.400s][info][gc             ] GC(727) Pause Young (Allocation Failure) 790M->576M(781M) 2.730ms
[361.400s][info][gc,cpu         ] GC(727) User=0.00s Sys=0.00s Real=0.00s
[361.886s][info][gc,start       ] GC(728) Pause Young (Allocation Failure)
[361.889s][info][gc,heap        ] GC(728) PSYoungGen: 209344K(209408K)->735K(202240K) Eden: 208896K(208896K)->0K(201216K) From: 448K(512K)->735K(1024K)
[361.889s][info][gc,heap        ] GC(728) ParOldGen: 590042K(590336K)->590058K(590336K)
[361.889s][info][gc,metaspace   ] GC(728) Metaspace: 57324K(57664K)->57324K(57664K) NonClass: 49022K(49280K)->49022K(49280K) Class: 8301K(8384K)->8301K(8384K)
[361.889s][info][gc             ] GC(728) Pause Young (Allocation Failure) 780M->576M(774M) 2.654ms
[361.889s][info][gc,cpu         ] GC(728) User=0.00s Sys=0.00s Real=0.00s
[362.418s][info][gc,start       ] GC(729) Pause Young (Allocation Failure)
[362.421s][info][gc,heap        ] GC(729) PSYoungGen: 201951K(202240K)->1248K(195584K) Eden: 201216K(201216K)->0K(194048K) From: 735K(1024K)->1248K(1536K)
[362.421s][info][gc,heap        ] GC(729) ParOldGen: 590058K(590336K)->590074K(590336K)
[362.421s][info][gc,metaspace   ] GC(729) Metaspace: 57324K(57664K)->57324K(57664K) NonClass: 49022K(49280K)->49022K(49280K) Class: 8301K(8384K)->8301K(8384K)
[362.421s][info][gc             ] GC(729) Pause Young (Allocation Failure) 773M->577M(767M) 3.542ms
[362.421s][info][gc,cpu         ] GC(729) User=0.01s Sys=0.00s Real=0.00s
[362.862s][info][gc,start       ] GC(730) Pause Young (Allocation Failure)
[362.867s][info][gc,heap        ] GC(730) PSYoungGen: 195296K(195584K)->2431K(189440K) Eden: 194048K(194048K)->0K(186880K) From: 1248K(1536K)->2431K(2560K)
[362.867s][info][gc,heap        ] GC(730) ParOldGen: 590074K(590336K)->590090K(590336K)
[362.867s][info][gc,metaspace   ] GC(730) Metaspace: 57325K(57664K)->57325K(57664K) NonClass: 49023K(49280K)->49023K(49280K) Class: 8301K(8384K)->8301K(8384K)
[362.867s][info][gc             ] GC(730) Pause Young (Allocation Failure) 766M->578M(761M) 4.665ms
[362.867s][info][gc,cpu         ] GC(730) User=0.01s Sys=0.00s Real=0.01s
[363.337s][info][gc,start       ] GC(731) Pause Young (Allocation Failure)
[363.339s][info][gc,heap        ] GC(731) PSYoungGen: 189311K(189440K)->320K(180736K) Eden: 186880K(186880K)->0K(180224K) From: 2431K(2560K)->320K(512K)
[363.339s][info][gc,heap        ] GC(731) ParOldGen: 590090K(590336K)->590106K(590336K)
[363.339s][info][gc,metaspace   ] GC(731) Metaspace: 57325K(57664K)->57325K(57664K) NonClass: 49023K(49280K)->49023K(49280K) Class: 8301K(8384K)->8301K(8384K)
[363.339s][info][gc             ] GC(731) Pause Young (Allocation Failure) 761M->576M(753M) 2.431ms
[363.339s][info][gc,cpu         ] GC(731) User=0.00s Sys=0.00s Real=0.00s
[363.758s][info][gc,start       ] GC(732) Pause Young (Allocation Failure)
[363.766s][info][gc,heap        ] GC(732) PSYoungGen: 180544K(180736K)->1952K(217088K) Eden: 180224K(180224K)->0K(215040K) From: 320K(512K)->1952K(2048K)
[363.766s][info][gc,heap        ] GC(732) ParOldGen: 590106K(590336K)->590122K(590336K)
[363.766s][info][gc,metaspace   ] GC(732) Metaspace: 57325K(57664K)->57325K(57664K) NonClass: 49023K(49280K)->49023K(49280K) Class: 8301K(8384K)->8301K(8384K)
[363.766s][info][gc             ] GC(732) Pause Young (Allocation Failure) 752M->578M(788M) 8.655ms
[363.766s][info][gc,cpu         ] GC(732) User=0.01s Sys=0.00s Real=0.01s
[364.263s][info][gc,start       ] GC(733) Pause Young (Allocation Failure)
[364.268s][info][gc,heap        ] GC(733) PSYoungGen: 216992K(217088K)->2304K(258560K) Eden: 215040K(215040K)->0K(256000K) From: 1952K(2048K)->2304K(2560K)
[364.268s][info][gc,heap        ] GC(733) ParOldGen: 590122K(590336K)->590138K(590336K)
[364.268s][info][gc,metaspace   ] GC(733) Metaspace: 57325K(57664K)->57325K(57664K) NonClass: 49023K(49280K)->49023K(49280K) Class: 8301K(8384K)->8301K(8384K)
[364.268s][info][gc             ] GC(733) Pause Young (Allocation Failure) 788M->578M(829M) 5.092ms
[364.268s][info][gc,cpu         ] GC(733) User=0.01s Sys=0.00s Real=0.01s
[364.882s][info][gc,start       ] GC(734) Pause Young (Allocation Failure)
[364.886s][info][gc,heap        ] GC(734) PSYoungGen: 258304K(258560K)->1695K(248320K) Eden: 256000K(256000K)->0K(246272K) From: 2304K(2560K)->1695K(2048K)
[364.886s][info][gc,heap        ] GC(734) ParOldGen: 590138K(590336K)->590154K(590336K)
[364.886s][info][gc,metaspace   ] GC(734) Metaspace: 57325K(57664K)->57325K(57664K) NonClass: 49023K(49280K)->49023K(49280K) Class: 8301K(8384K)->8301K(8384K)
[364.886s][info][gc             ] GC(734) Pause Young (Allocation Failure) 828M->577M(819M) 3.866ms
[364.886s][info][gc,cpu         ] GC(734) User=0.01s Sys=0.01s Real=0.01s
[365.470s][info][gc,start       ] GC(735) Pause Young (Allocation Failure)
[365.474s][info][gc,heap        ] GC(735) PSYoungGen: 247811K(248320K)->1664K(239104K) Eden: 246115K(246272K)->0K(237056K) From: 1695K(2048K)->1664K(2048K)
[365.474s][info][gc,heap        ] GC(735) ParOldGen: 590154K(590336K)->590170K(590336K)
[365.474s][info][gc,metaspace   ] GC(735) Metaspace: 57325K(57664K)->57325K(57664K) NonClass: 49023K(49280K)->49023K(49280K) Class: 8301K(8384K)->8301K(8384K)
[365.474s][info][gc             ] GC(735) Pause Young (Allocation Failure) 818M->577M(810M) 4.277ms
[365.474s][info][gc,cpu         ] GC(735) User=0.01s Sys=0.00s Real=0.00s
[366.059s][info][gc,start       ] GC(736) Pause Young (Allocation Failure)
[366.063s][info][gc,heap        ] GC(736) PSYoungGen: 238720K(239104K)->1599K(230400K) Eden: 237056K(237056K)->0K(228352K) From: 1664K(2048K)->1599K(2048K)
[366.063s][info][gc,heap        ] GC(736) ParOldGen: 590170K(590336K)->590186K(590336K)
[366.063s][info][gc,metaspace   ] GC(736) Metaspace: 57325K(57664K)->57325K(57664K) NonClass: 49023K(49280K)->49023K(49280K) Class: 8301K(8384K)->8301K(8384K)
[366.063s][info][gc             ] GC(736) Pause Young (Allocation Failure) 809M->577M(801M) 3.792ms
[366.063s][info][gc,cpu         ] GC(736) User=0.01s Sys=0.00s Real=0.00s
[366.615s][info][gc,start       ] GC(737) Pause Young (Allocation Failure)
[366.617s][info][gc,heap        ] GC(737) PSYoungGen: 229951K(230400K)->64K(220160K) Eden: 228352K(228352K)->0K(219648K) From: 1599K(2048K)->64K(512K)
[366.617s][info][gc,heap        ] GC(737) ParOldGen: 590186K(590336K)->590202K(590336K)
[366.617s][info][gc,metaspace   ] GC(737) Metaspace: 57325K(57664K)->57325K(57664K) NonClass: 49023K(49280K)->49023K(49280K) Class: 8301K(8384K)->8301K(8384K)
[366.617s][info][gc             ] GC(737) Pause Young (Allocation Failure) 800M->576M(791M) 2.105ms
[366.617s][info][gc,cpu         ] GC(737) User=0.00s Sys=0.01s Real=0.01s
[367.151s][info][gc,start       ] GC(738) Pause Young (Allocation Failure)
[367.155s][info][gc,heap        ] GC(738) PSYoungGen: 219712K(220160K)->1759K(213504K) Eden: 219648K(219648K)->0K(211456K) From: 64K(512K)->1759K(2048K)
[367.155s][info][gc,heap        ] GC(738) ParOldGen: 590202K(590336K)->590218K(590336K)
[367.155s][info][gc,metaspace   ] GC(738) Metaspace: 57325K(57664K)->57325K(57664K) NonClass: 49023K(49280K)->49023K(49280K) Class: 8301K(8384K)->8301K(8384K)
[367.155s][info][gc             ] GC(738) Pause Young (Allocation Failure) 790M->578M(785M) 3.912ms
[367.155s][info][gc,cpu         ] GC(738) User=0.01s Sys=0.00s Real=0.00s
[367.654s][info][gc,start       ] GC(739) Pause Young (Allocation Failure)
[367.658s][info][gc,heap        ] GC(739) PSYoungGen: 213185K(213504K)->1504K(205312K) Eden: 211426K(211456K)->0K(203776K) From: 1759K(2048K)->1504K(1536K)
[367.658s][info][gc,heap        ] GC(739) ParOldGen: 590218K(590336K)->590234K(590336K)
[367.658s][info][gc,metaspace   ] GC(739) Metaspace: 57325K(57664K)->57325K(57664K) NonClass: 49023K(49280K)->49023K(49280K) Class: 8301K(8384K)->8301K(8384K)
[367.658s][info][gc             ] GC(739) Pause Young (Allocation Failure) 784M->577M(777M) 4.124ms
[367.658s][info][gc,cpu         ] GC(739) User=0.01s Sys=0.00s Real=0.01s
[368.151s][info][gc,start       ] GC(740) Pause Young (Allocation Failure)
[368.154s][info][gc,heap        ] GC(740) PSYoungGen: 205280K(205312K)->1631K(198656K) Eden: 203776K(203776K)->0K(196608K) From: 1504K(1536K)->1631K(2048K)
[368.154s][info][gc,heap        ] GC(740) ParOldGen: 590234K(590336K)->590250K(590336K)
[368.154s][info][gc,metaspace   ] GC(740) Metaspace: 57325K(57664K)->57325K(57664K) NonClass: 49023K(49280K)->49023K(49280K) Class: 8301K(8384K)->8301K(8384K)
[368.154s][info][gc             ] GC(740) Pause Young (Allocation Failure) 776M->578M(770M) 3.746ms
[368.154s][info][gc,cpu         ] GC(740) User=0.00s Sys=0.00s Real=0.00s
[368.639s][info][gc,start       ] GC(741) Pause Young (Allocation Failure)
[368.642s][info][gc,heap        ] GC(741) PSYoungGen: 198239K(198656K)->576K(190464K) Eden: 196608K(196608K)->0K(189440K) From: 1631K(2048K)->576K(1024K)
[368.642s][info][gc,heap        ] GC(741) ParOldGen: 590250K(590336K)->590266K(590336K)
[368.642s][info][gc,metaspace   ] GC(741) Metaspace: 57325K(57664K)->57325K(57664K) NonClass: 49023K(49280K)->49023K(49280K) Class: 8301K(8384K)->8301K(8384K)
[368.642s][info][gc             ] GC(741) Pause Young (Allocation Failure) 770M->576M(762M) 2.689ms
[368.642s][info][gc,cpu         ] GC(741) User=0.01s Sys=0.00s Real=0.00s
[369.064s][info][gc,start       ] GC(742) Pause Young (Allocation Failure)
[369.069s][info][gc,heap        ] GC(742) PSYoungGen: 189855K(190464K)->2240K(185344K) Eden: 189278K(189440K)->0K(182784K) From: 576K(1024K)->2240K(2560K)
[369.069s][info][gc,heap        ] GC(742) ParOldGen: 590266K(590336K)->590282K(590336K)
[369.069s][info][gc,metaspace   ] GC(742) Metaspace: 57325K(57664K)->57325K(57664K) NonClass: 49023K(49280K)->49023K(49280K) Class: 8301K(8384K)->8301K(8384K)
[369.069s][info][gc             ] GC(742) Pause Young (Allocation Failure) 761M->578M(757M) 4.873ms
[369.069s][info][gc,cpu         ] GC(742) User=0.01s Sys=0.00s Real=0.01s
[369.587s][info][gc,start       ] GC(743) Pause Young (Allocation Failure)
[369.590s][info][gc,heap        ] GC(743) PSYoungGen: 185024K(185344K)->383K(176640K) Eden: 182784K(182784K)->0K(176128K) From: 2240K(2560K)->383K(512K)
[369.590s][info][gc,heap        ] GC(743) ParOldGen: 590282K(590336K)->590298K(590336K)
[369.590s][info][gc,metaspace   ] GC(743) Metaspace: 57325K(57664K)->57325K(57664K) NonClass: 49023K(49280K)->49023K(49280K) Class: 8301K(8384K)->8301K(8384K)
[369.590s][info][gc             ] GC(743) Pause Young (Allocation Failure) 757M->576M(749M) 2.560ms
[369.590s][info][gc,cpu         ] GC(743) User=0.00s Sys=0.00s Real=0.00s
[369.945s][info][gc,start       ] GC(744) Pause Young (Allocation Failure)
[369.949s][info][gc,heap        ] GC(744) PSYoungGen: 176511K(176640K)->1375K(171520K) Eden: 176128K(176128K)->0K(169984K) From: 383K(512K)->1375K(1536K)
[369.949s][info][gc,heap        ] GC(744) ParOldGen: 590298K(590336K)->590314K(590336K)
[369.949s][info][gc,metaspace   ] GC(744) Metaspace: 57325K(57664K)->57325K(57664K) NonClass: 49023K(49280K)->49023K(49280K) Class: 8301K(8384K)->8301K(8384K)
[369.949s][info][gc             ] GC(744) Pause Young (Allocation Failure) 748M->577M(744M) 3.461ms
[369.949s][info][gc,cpu         ] GC(744) User=0.01s Sys=0.00s Real=0.01s
[370.352s][info][gc,start       ] GC(745) Pause Young (Allocation Failure)
[370.356s][info][gc,heap        ] GC(745) PSYoungGen: 171359K(171520K)->2015K(166400K) Eden: 169984K(169984K)->0K(164352K) From: 1375K(1536K)->2015K(2048K)
[370.356s][info][gc,heap        ] GC(745) ParOldGen: 590314K(590336K)->590330K(590336K)
[370.356s][info][gc,metaspace   ] GC(745) Metaspace: 57328K(57664K)->57328K(57664K) NonClass: 49026K(49280K)->49026K(49280K) Class: 8301K(8384K)->8301K(8384K)
[370.356s][info][gc             ] GC(745) Pause Young (Allocation Failure) 743M->578M(739M) 4.121ms
[370.356s][info][gc,cpu         ] GC(745) User=0.01s Sys=0.00s Real=0.01s
[370.760s][info][gc,start       ] GC(746) Pause Young (Allocation Failure)
[370.763s][info][gc,heap        ] GC(746) PSYoungGen: 166367K(166400K)->1023K(159744K) Eden: 164352K(164352K)->0K(158720K) From: 2015K(2048K)->1023K(1024K)
[370.763s][info][gc,heap        ] GC(746) ParOldGen: 590330K(590336K)->590346K(590848K)
[370.763s][info][gc,metaspace   ] GC(746) Metaspace: 57328K(57664K)->57328K(57664K) NonClass: 49026K(49280K)->49026K(49280K) Class: 8301K(8384K)->8301K(8384K)
[370.763s][info][gc             ] GC(746) Pause Young (Allocation Failure) 738M->577M(733M) 2.974ms
[370.763s][info][gc,cpu         ] GC(746) User=0.00s Sys=0.00s Real=0.00s
[371.144s][info][gc,start       ] GC(747) Pause Young (Allocation Failure)
[371.147s][info][gc,heap        ] GC(747) PSYoungGen: 159743K(159744K)->768K(154624K) Eden: 158720K(158720K)->0K(153600K) From: 1023K(1024K)->768K(1024K)
[371.147s][info][gc,heap        ] GC(747) ParOldGen: 590346K(590848K)->590362K(590848K)
[371.147s][info][gc,metaspace   ] GC(747) Metaspace: 57328K(57664K)->57328K(57664K) NonClass: 49026K(49280K)->49026K(49280K) Class: 8301K(8384K)->8301K(8384K)
[371.147s][info][gc             ] GC(747) Pause Young (Allocation Failure) 732M->577M(728M) 2.949ms
[371.147s][info][gc,cpu         ] GC(747) User=0.00s Sys=0.00s Real=0.01s
[371.480s][info][gc,start       ] GC(748) Pause Young (Allocation Failure)
[371.483s][info][gc,heap        ] GC(748) PSYoungGen: 154312K(154624K)->1056K(150016K) Eden: 153544K(153600K)->0K(148480K) From: 768K(1024K)->1056K(1536K)
[371.483s][info][gc,heap        ] GC(748) ParOldGen: 590362K(590848K)->590378K(590848K)
[371.483s][info][gc,metaspace   ] GC(748) Metaspace: 57328K(57664K)->57328K(57664K) NonClass: 49026K(49280K)->49026K(49280K) Class: 8301K(8384K)->8301K(8384K)
[371.483s][info][gc             ] GC(748) Pause Young (Allocation Failure) 727M->577M(723M) 3.286ms
[371.483s][info][gc,cpu         ] GC(748) User=0.01s Sys=0.00s Real=0.00s
[371.858s][info][gc,start       ] GC(749) Pause Young (Allocation Failure)
[371.862s][info][gc,heap        ] GC(749) PSYoungGen: 149536K(150016K)->1664K(145920K) Eden: 148480K(148480K)->0K(143872K) From: 1056K(1536K)->1664K(2048K)
[371.862s][info][gc,heap        ] GC(749) ParOldGen: 590378K(590848K)->590394K(590848K)
[371.862s][info][gc,metaspace   ] GC(749) Metaspace: 57328K(57664K)->57328K(57664K) NonClass: 49026K(49280K)->49026K(49280K) Class: 8301K(8384K)->8301K(8384K)
[371.862s][info][gc             ] GC(749) Pause Young (Allocation Failure) 722M->578M(719M) 4.201ms
[371.862s][info][gc,cpu         ] GC(749) User=0.01s Sys=0.00s Real=0.00s
[372.230s][info][gc,start       ] GC(750) Pause Young (Allocation Failure)
[372.233s][info][gc,heap        ] GC(750) PSYoungGen: 145536K(145920K)->1055K(140800K) Eden: 143872K(143872K)->0K(139264K) From: 1664K(2048K)->1055K(1536K)
[372.233s][info][gc,heap        ] GC(750) ParOldGen: 590394K(590848K)->590410K(590848K)
[372.233s][info][gc,metaspace   ] GC(750) Metaspace: 57328K(57664K)->57328K(57664K) NonClass: 49026K(49280K)->49026K(49280K) Class: 8301K(8384K)->8301K(8384K)
[372.233s][info][gc             ] GC(750) Pause Young (Allocation Failure) 718M->577M(714M) 3.494ms
[372.233s][info][gc,cpu         ] GC(750) User=0.01s Sys=0.00s Real=0.00s
[372.545s][info][gc,start       ] GC(751) Pause Young (Allocation Failure)
[372.548s][info][gc,heap        ] GC(751) PSYoungGen: 140319K(140800K)->1407K(136192K) Eden: 139264K(139264K)->0K(134656K) From: 1055K(1536K)->1407K(1536K)
[372.548s][info][gc,heap        ] GC(751) ParOldGen: 590410K(590848K)->590426K(590848K)
[372.548s][info][gc,metaspace   ] GC(751) Metaspace: 57328K(57664K)->57328K(57664K) NonClass: 49026K(49280K)->49026K(49280K) Class: 8301K(8384K)->8301K(8384K)
[372.548s][info][gc             ] GC(751) Pause Young (Allocation Failure) 713M->577M(710M) 3.400ms
[372.548s][info][gc,cpu         ] GC(751) User=0.01s Sys=0.00s Real=0.01s
[372.857s][info][gc,start       ] GC(752) Pause Young (Allocation Failure)
[372.860s][info][gc,heap        ] GC(752) PSYoungGen: 136063K(136192K)->1311K(132096K) Eden: 134656K(134656K)->0K(130560K) From: 1407K(1536K)->1311K(1536K)
[372.860s][info][gc,heap        ] GC(752) ParOldGen: 590426K(590848K)->590442K(590848K)
[372.860s][info][gc,metaspace   ] GC(752) Metaspace: 57328K(57664K)->57328K(57664K) NonClass: 49026K(49280K)->49026K(49280K) Class: 8301K(8384K)->8301K(8384K)
[372.860s][info][gc             ] GC(752) Pause Young (Allocation Failure) 709M->577M(706M) 3.311ms
[372.860s][info][gc,cpu         ] GC(752) User=0.01s Sys=0.00s Real=0.00s
[373.167s][info][gc,start       ] GC(753) Pause Young (Allocation Failure)
[373.171s][info][gc,heap        ] GC(753) PSYoungGen: 131871K(132096K)->1888K(157696K) Eden: 130560K(130560K)->0K(155648K) From: 1311K(1536K)->1888K(2048K)
[373.171s][info][gc,heap        ] GC(753) ParOldGen: 590442K(590848K)->590458K(590848K)
[373.171s][info][gc,metaspace   ] GC(753) Metaspace: 57328K(57664K)->57328K(57664K) NonClass: 49026K(49280K)->49026K(49280K) Class: 8301K(8384K)->8301K(8384K)
[373.171s][info][gc             ] GC(753) Pause Young (Allocation Failure) 705M->578M(731M) 4.292ms
[373.171s][info][gc,cpu         ] GC(753) User=0.01s Sys=0.00s Real=0.00s
[373.552s][info][gc,start       ] GC(754) Pause Young (Allocation Failure)
[373.555s][info][gc,heap        ] GC(754) PSYoungGen: 157536K(157696K)->1279K(186880K) Eden: 155648K(155648K)->0K(185344K) From: 1888K(2048K)->1279K(1536K)
[373.555s][info][gc,heap        ] GC(754) ParOldGen: 590458K(590848K)->590474K(590848K)
[373.555s][info][gc,metaspace   ] GC(754) Metaspace: 57328K(57664K)->57328K(57664K) NonClass: 49026K(49280K)->49026K(49280K) Class: 8301K(8384K)->8301K(8384K)
[373.555s][info][gc             ] GC(754) Pause Young (Allocation Failure) 730M->577M(759M) 3.313ms
[373.555s][info][gc,cpu         ] GC(754) User=0.01s Sys=0.00s Real=0.00s
[373.978s][info][gc,start       ] GC(755) Pause Young (Allocation Failure)
[373.984s][info][gc,heap        ] GC(755) PSYoungGen: 186623K(186880K)->1248K(222720K) Eden: 185344K(185344K)->0K(221184K) From: 1279K(1536K)->1248K(1536K)
[373.984s][info][gc,heap        ] GC(755) ParOldGen: 590474K(590848K)->590490K(590848K)
[373.984s][info][gc,metaspace   ] GC(755) Metaspace: 57328K(57664K)->57328K(57664K) NonClass: 49026K(49280K)->49026K(49280K) Class: 8301K(8384K)->8301K(8384K)
[373.984s][info][gc             ] GC(755) Pause Young (Allocation Failure) 758M->577M(794M) 6.420ms
[373.984s][info][gc,cpu         ] GC(755) User=0.01s Sys=0.00s Real=0.00s
[374.544s][info][gc,start       ] GC(756) Pause Young (Allocation Failure)
[374.547s][info][gc,heap        ] GC(756) PSYoungGen: 222432K(222720K)->984K(214016K) Eden: 221184K(221184K)->0K(212992K) From: 1248K(1536K)->984K(1024K)
[374.547s][info][gc,heap        ] GC(756) ParOldGen: 590490K(590848K)->590506K(590848K)
[374.547s][info][gc,metaspace   ] GC(756) Metaspace: 57328K(57664K)->57328K(57664K) NonClass: 49026K(49280K)->49026K(49280K) Class: 8301K(8384K)->8301K(8384K)
[374.547s][info][gc             ] GC(756) Pause Young (Allocation Failure) 793M->577M(786M) 3.223ms
[374.547s][info][gc,cpu         ] GC(756) User=0.00s Sys=0.00s Real=0.01s
[375.048s][info][gc,start       ] GC(757) Pause Young (Allocation Failure)
[375.051s][info][gc,heap        ] GC(757) PSYoungGen: 213976K(214016K)->800K(206336K) Eden: 212992K(212992K)->0K(205312K) From: 984K(1024K)->800K(1024K)
[375.051s][info][gc,heap        ] GC(757) ParOldGen: 590506K(590848K)->590522K(590848K)
[375.051s][info][gc,metaspace   ] GC(757) Metaspace: 57328K(57664K)->57328K(57664K) NonClass: 49026K(49280K)->49026K(49280K) Class: 8301K(8384K)->8301K(8384K)
[375.051s][info][gc             ] GC(757) Pause Young (Allocation Failure) 785M->577M(778M) 3.014ms
[375.051s][info][gc,cpu         ] GC(757) User=0.01s Sys=0.00s Real=0.00s
[375.546s][info][gc,start       ] GC(758) Pause Young (Allocation Failure)
[375.549s][info][gc,heap        ] GC(758) PSYoungGen: 206112K(206336K)->1087K(199168K) Eden: 205312K(205312K)->0K(197632K) From: 800K(1024K)->1087K(1536K)
[375.549s][info][gc,heap        ] GC(758) ParOldGen: 590522K(590848K)->590538K(590848K)
[375.549s][info][gc,metaspace   ] GC(758) Metaspace: 57328K(57664K)->57328K(57664K) NonClass: 49026K(49280K)->49026K(49280K) Class: 8301K(8384K)->8301K(8384K)
[375.549s][info][gc             ] GC(758) Pause Young (Allocation Failure) 777M->577M(771M) 3.073ms
[375.549s][info][gc,cpu         ] GC(758) User=0.00s Sys=0.01s Real=0.00s
[376.036s][info][gc,start       ] GC(759) Pause Young (Allocation Failure)
[376.038s][info][gc,heap        ] GC(759) PSYoungGen: 198719K(199168K)->465K(190976K) Eden: 197632K(197632K)->0K(190464K) From: 1087K(1536K)->465K(512K)
[376.038s][info][gc,heap        ] GC(759) ParOldGen: 590538K(590848K)->590554K(590848K)
[376.038s][info][gc,metaspace   ] GC(759) Metaspace: 57328K(57664K)->57328K(57664K) NonClass: 49026K(49280K)->49026K(49280K) Class: 8301K(8384K)->8301K(8384K)
[376.039s][info][gc             ] GC(759) Pause Young (Allocation Failure) 770M->577M(763M) 2.392ms
[376.039s][info][gc,cpu         ] GC(759) User=0.01s Sys=0.00s Real=0.00s
[376.465s][info][gc,start       ] GC(760) Pause Young (Allocation Failure)
[376.469s][info][gc,heap        ] GC(760) PSYoungGen: 190929K(190976K)->2430K(186368K) Eden: 190464K(190464K)->0K(183808K) From: 465K(512K)->2430K(2560K)
[376.469s][info][gc,heap        ] GC(760) ParOldGen: 590554K(590848K)->590570K(590848K)
[376.469s][info][gc,metaspace   ] GC(760) Metaspace: 57328K(57664K)->57328K(57664K) NonClass: 49026K(49280K)->49026K(49280K) Class: 8301K(8384K)->8301K(8384K)
[376.469s][info][gc             ] GC(760) Pause Young (Allocation Failure) 763M->579M(759M) 4.321ms
[376.469s][info][gc,cpu         ] GC(760) User=0.01s Sys=0.00s Real=0.01s
[376.942s][info][gc,start       ] GC(761) Pause Young (Allocation Failure)
[376.945s][info][gc,heap        ] GC(761) PSYoungGen: 186238K(186368K)->1055K(178688K) Eden: 183808K(183808K)->0K(177152K) From: 2430K(2560K)->1055K(1536K)
[376.945s][info][gc,heap        ] GC(761) ParOldGen: 590570K(590848K)->590586K(590848K)
[376.945s][info][gc,metaspace   ] GC(761) Metaspace: 57328K(57664K)->57328K(57664K) NonClass: 49026K(49280K)->49026K(49280K) Class: 8301K(8384K)->8301K(8384K)
[376.945s][info][gc             ] GC(761) Pause Young (Allocation Failure) 758M->577M(751M) 3.016ms
[376.945s][info][gc,cpu         ] GC(761) User=0.01s Sys=0.00s Real=0.00s
[377.357s][info][gc,start       ] GC(762) Pause Young (Allocation Failure)
[377.361s][info][gc,heap        ] GC(762) PSYoungGen: 178207K(178688K)->1631K(173056K) Eden: 177152K(177152K)->0K(171008K) From: 1055K(1536K)->1631K(2048K)
[377.361s][info][gc,heap        ] GC(762) ParOldGen: 590586K(590848K)->590602K(590848K)
[377.361s][info][gc,metaspace   ] GC(762) Metaspace: 57328K(57664K)->57328K(57664K) NonClass: 49026K(49280K)->49026K(49280K) Class: 8301K(8384K)->8301K(8384K)
[377.361s][info][gc             ] GC(762) Pause Young (Allocation Failure) 750M->578M(746M) 3.698ms
[377.361s][info][gc,cpu         ] GC(762) User=0.01s Sys=0.00s Real=0.00s
[377.778s][info][gc,start       ] GC(763) Pause Young (Allocation Failure)
[377.785s][info][gc,heap        ] GC(763) PSYoungGen: 172635K(173056K)->2560K(206336K) Eden: 171004K(171008K)->0K(203776K) From: 1631K(2048K)->2560K(2560K)
[377.785s][info][gc,heap        ] GC(763) ParOldGen: 590602K(590848K)->591450K(591872K)
[377.785s][info][gc,metaspace   ] GC(763) Metaspace: 57328K(57664K)->57328K(57664K) NonClass: 49026K(49280K)->49026K(49280K) Class: 8301K(8384K)->8301K(8384K)
[377.785s][info][gc             ] GC(763) Pause Young (Allocation Failure) 745M->580M(779M) 6.917ms
[377.785s][info][gc,cpu         ] GC(763) User=0.02s Sys=0.00s Real=0.00s
[379.644s][info][gc,start       ] GC(764) Pause Young (Allocation Failure)
[379.694s][info][gc,promotion   ] GC(764) Promotion failed
[379.694s][info][gc,heap        ] GC(764) PSYoungGen: 206335K(206336K)->206335K(206336K) Eden: 203775K(203776K)->203775K(203776K) From: 2560K(2560K)->2560K(2560K)
[379.694s][info][gc,heap        ] GC(764) ParOldGen: 591450K(591872K)->633384K(667648K)
[379.694s][info][gc,metaspace   ] GC(764) Metaspace: 57404K(57728K)->57404K(57728K) NonClass: 49102K(49344K)->49102K(49344K) Class: 8301K(8384K)->8301K(8384K)
[379.694s][info][gc             ] GC(764) Pause Young (Allocation Failure) 779M->820M(853M) 50.402ms
[379.694s][info][gc,cpu         ] GC(764) User=0.03s Sys=0.05s Real=0.05s
[379.695s][info][gc,start       ] GC(765) Pause Full (Allocation Failure)
[379.695s][info][gc,phases,start] GC(765) Marking Phase
[379.743s][info][gc,phases      ] GC(765) Marking Phase 48.675ms
[379.743s][info][gc,phases,start] GC(765) Summary Phase
[379.743s][info][gc,phases      ] GC(765) Summary Phase 0.023ms
[379.743s][info][gc,phases,start] GC(765) Forward
[379.745s][info][gc,phases      ] GC(765) Forward 2.099ms
[379.745s][info][gc,phases,start] GC(765) Adjust Pointers
[379.764s][info][gc,phases      ] GC(765) Adjust Pointers 18.462ms
[379.764s][info][gc,phases,start] GC(765) Compaction Phase
[379.778s][info][gc,phases      ] GC(765) Compaction Phase 14.257ms
[379.778s][info][gc,phases,start] GC(765) Post Compact
[379.782s][info][gc,phases      ] GC(765) Post Compact 3.246ms
[379.807s][info][gc,heap        ] GC(765) PSYoungGen: 206335K(206336K)->0K(243712K) Eden: 203775K(203776K)->0K(243200K) From: 2560K(2560K)->0K(512K)
[379.807s][info][gc,heap        ] GC(765) ParOldGen: 633384K(667648K)->263280K(334848K)
[379.807s][info][gc,metaspace   ] GC(765) Metaspace: 57404K(57728K)->57404K(57728K) NonClass: 49102K(49344K)->49102K(49344K) Class: 8301K(8384K)->8301K(8384K)
[379.807s][info][gc             ] GC(765) Pause Full (Allocation Failure) 820M->257M(565M) 112.534ms
[379.807s][info][gc,cpu         ] GC(765) User=0.12s Sys=0.03s Real=0.12s
[380.983s][info][gc,start       ] GC(766) Pause Young (Allocation Failure)
[380.990s][info][gc,heap        ] GC(766) PSYoungGen: 242950K(243712K)->3570K(263168K) Eden: 242950K(243200K)->0K(259584K) From: 0K(512K)->3570K(3584K)
[380.990s][info][gc,heap        ] GC(766) ParOldGen: 263280K(334848K)->283110K(334848K)
[380.990s][info][gc,metaspace   ] GC(766) Metaspace: 57445K(57728K)->57445K(57728K) NonClass: 49143K(49344K)->49143K(49344K) Class: 8301K(8384K)->8301K(8384K)
[380.990s][info][gc             ] GC(766) Pause Young (Allocation Failure) 494M->279M(584M) 7.508ms
[380.990s][info][gc,cpu         ] GC(766) User=0.02s Sys=0.00s Real=0.01s
[381.645s][info][gc,start       ] GC(767) Pause Young (Allocation Failure)
[381.650s][info][gc,heap        ] GC(767) PSYoungGen: 263154K(263168K)->1821K(301568K) Eden: 259584K(259584K)->0K(290304K) From: 3570K(3584K)->1821K(11264K)
[381.650s][info][gc,heap        ] GC(767) ParOldGen: 283110K(334848K)->286688K(334848K)
[381.650s][info][gc,metaspace   ] GC(767) Metaspace: 57445K(57728K)->57445K(57728K) NonClass: 49143K(49344K)->49143K(49344K) Class: 8301K(8384K)->8301K(8384K)
[381.650s][info][gc             ] GC(767) Pause Young (Allocation Failure) 533M->281M(621M) 5.671ms
[381.650s][info][gc,cpu         ] GC(767) User=0.01s Sys=0.00s Real=0.01s
[382.348s][info][gc,start       ] GC(768) Pause Young (Allocation Failure)
[382.351s][info][gc,heap        ] GC(768) PSYoungGen: 291882K(301568K)->704K(280064K) Eden: 290060K(290304K)->0K(279040K) From: 1821K(11264K)->704K(1024K)
[382.351s][info][gc,heap        ] GC(768) ParOldGen: 286688K(334848K)->287031K(334848K)
[382.351s][info][gc,metaspace   ] GC(768) Metaspace: 57445K(57728K)->57445K(57728K) NonClass: 49143K(49344K)->49143K(49344K) Class: 8301K(8384K)->8301K(8384K)
[382.351s][info][gc             ] GC(768) Pause Young (Allocation Failure) 565M->280M(600M) 2.758ms
[382.351s][info][gc,cpu         ] GC(768) User=0.00s Sys=0.00s Real=0.00s
[382.976s][info][gc,start       ] GC(769) Pause Young (Allocation Failure)
[382.979s][info][gc,heap        ] GC(769) PSYoungGen: 279744K(280064K)->896K(269312K) Eden: 279040K(279040K)->0K(268288K) From: 704K(1024K)->896K(1024K)
[382.979s][info][gc,heap        ] GC(769) ParOldGen: 287031K(334848K)->287047K(334848K)
[382.979s][info][gc,metaspace   ] GC(769) Metaspace: 57445K(57728K)->57445K(57728K) NonClass: 49143K(49344K)->49143K(49344K) Class: 8301K(8384K)->8301K(8384K)
[382.979s][info][gc             ] GC(769) Pause Young (Allocation Failure) 553M->281M(590M) 3.080ms
[382.979s][info][gc,cpu         ] GC(769) User=0.00s Sys=0.00s Real=0.00s
[383.651s][info][gc,start       ] GC(770) Pause Young (Allocation Failure)
[383.654s][info][gc,heap        ] GC(770) PSYoungGen: 269184K(269312K)->1983K(268288K) Eden: 268288K(268288K)->0K(258048K) From: 896K(1024K)->1983K(10240K)
[383.654s][info][gc,heap        ] GC(770) ParOldGen: 287047K(334848K)->287063K(334848K)
[383.654s][info][gc,metaspace   ] GC(770) Metaspace: 57445K(57728K)->57445K(57728K) NonClass: 49143K(49344K)->49143K(49344K) Class: 8301K(8384K)->8301K(8384K)
[383.654s][info][gc             ] GC(770) Pause Young (Allocation Failure) 543M->282M(589M) 3.808ms
[383.655s][info][gc,cpu         ] GC(770) User=0.00s Sys=0.00s Real=0.00s
[384.263s][info][gc,start       ] GC(771) Pause Young (Allocation Failure)
[384.266s][info][gc,heap        ] GC(771) PSYoungGen: 259876K(268288K)->1184K(249856K) Eden: 257893K(258048K)->0K(248320K) From: 1983K(10240K)->1184K(1536K)
[384.266s][info][gc,heap        ] GC(771) ParOldGen: 287063K(334848K)->287079K(334848K)
[384.266s][info][gc,metaspace   ] GC(771) Metaspace: 57445K(57728K)->57445K(57728K) NonClass: 49143K(49344K)->49143K(49344K) Class: 8301K(8384K)->8301K(8384K)
[384.266s][info][gc             ] GC(771) Pause Young (Allocation Failure) 534M->281M(571M) 3.418ms
[384.267s][info][gc,cpu         ] GC(771) User=0.00s Sys=0.00s Real=0.01s
[384.859s][info][gc,start       ] GC(772) Pause Young (Allocation Failure)
[384.863s][info][gc,heap        ] GC(772) PSYoungGen: 249504K(249856K)->2239K(241664K) Eden: 248320K(248320K)->0K(239104K) From: 1184K(1536K)->2239K(2560K)
[384.863s][info][gc,heap        ] GC(772) ParOldGen: 287079K(334848K)->287095K(334848K)
[384.863s][info][gc,metaspace   ] GC(772) Metaspace: 57445K(57728K)->57445K(57728K) NonClass: 49143K(49344K)->49143K(49344K) Class: 8301K(8384K)->8301K(8384K)
[384.863s][info][gc             ] GC(772) Pause Young (Allocation Failure) 524M->282M(563M) 4.127ms
[384.863s][info][gc,cpu         ] GC(772) User=0.01s Sys=0.00s Real=0.00s
[385.458s][info][gc,start       ] GC(773) Pause Young (Allocation Failure)
[385.460s][info][gc,heap        ] GC(773) PSYoungGen: 241343K(241664K)->671K(231424K) Eden: 239104K(239104K)->0K(230400K) From: 2239K(2560K)->671K(1024K)
[385.460s][info][gc,heap        ] GC(773) ParOldGen: 287095K(334848K)->287111K(334848K)
[385.460s][info][gc,metaspace   ] GC(773) Metaspace: 57445K(57728K)->57445K(57728K) NonClass: 49143K(49344K)->49143K(49344K) Class: 8301K(8384K)->8301K(8384K)
[385.460s][info][gc             ] GC(773) Pause Young (Allocation Failure) 516M->281M(553M) 2.509ms
[385.460s][info][gc,cpu         ] GC(773) User=0.00s Sys=0.00s Real=0.00s
[385.976s][info][gc,start       ] GC(774) Pause Young (Allocation Failure)
[385.979s][info][gc,heap        ] GC(774) PSYoungGen: 231053K(231424K)->1344K(230400K) Eden: 230382K(230400K)->0K(221696K) From: 671K(1024K)->1344K(8704K)
[385.979s][info][gc,heap        ] GC(774) ParOldGen: 287111K(334848K)->287127K(334848K)
[385.979s][info][gc,metaspace   ] GC(774) Metaspace: 57445K(57728K)->57445K(57728K) NonClass: 49143K(49344K)->49143K(49344K) Class: 8301K(8384K)->8301K(8384K)
[385.979s][info][gc             ] GC(774) Pause Young (Allocation Failure) 506M->281M(552M) 3.215ms
[385.979s][info][gc,cpu         ] GC(774) User=0.01s Sys=0.00s Real=0.00s
[386.545s][info][gc,start       ] GC(775) Pause Young (Allocation Failure)
[386.548s][info][gc,heap        ] GC(775) PSYoungGen: 223040K(230400K)->992K(214528K) Eden: 221696K(221696K)->0K(213504K) From: 1344K(8704K)->992K(1024K)
[386.548s][info][gc,heap        ] GC(775) ParOldGen: 287127K(334848K)->287143K(334848K)
[386.548s][info][gc,metaspace   ] GC(775) Metaspace: 57445K(57728K)->57445K(57728K) NonClass: 49143K(49344K)->49143K(49344K) Class: 8301K(8384K)->8301K(8384K)
[386.548s][info][gc             ] GC(775) Pause Young (Allocation Failure) 498M->281M(536M) 3.267ms
[386.548s][info][gc,cpu         ] GC(775) User=0.00s Sys=0.00s Real=0.01s
[387.057s][info][gc,start       ] GC(776) Pause Young (Allocation Failure)
[387.061s][info][gc,heap        ] GC(776) PSYoungGen: 214219K(214528K)->1824K(207872K) Eden: 213227K(213504K)->0K(205824K) From: 992K(1024K)->1824K(2048K)
[387.061s][info][gc,heap        ] GC(776) ParOldGen: 287143K(334848K)->287159K(334848K)
[387.061s][info][gc,metaspace   ] GC(776) Metaspace: 57445K(57728K)->57445K(57728K) NonClass: 49143K(49344K)->49143K(49344K) Class: 8301K(8384K)->8301K(8384K)
[387.061s][info][gc             ] GC(776) Pause Young (Allocation Failure) 489M->282M(530M) 3.983ms
[387.061s][info][gc,cpu         ] GC(776) User=0.01s Sys=0.01s Real=0.00s
[387.552s][info][gc,start       ] GC(777) Pause Young (Allocation Failure)
[387.556s][info][gc,heap        ] GC(777) PSYoungGen: 207648K(207872K)->1886K(200704K) Eden: 205824K(205824K)->0K(198656K) From: 1824K(2048K)->1886K(2048K)
[387.556s][info][gc,heap        ] GC(777) ParOldGen: 287159K(334848K)->287175K(334848K)
[387.556s][info][gc,metaspace   ] GC(777) Metaspace: 57445K(57728K)->57445K(57728K) NonClass: 49143K(49344K)->49143K(49344K) Class: 8301K(8384K)->8301K(8384K)
[387.556s][info][gc             ] GC(777) Pause Young (Allocation Failure) 483M->282M(523M) 4.016ms
[387.556s][info][gc,cpu         ] GC(777) User=0.01s Sys=0.00s Real=0.01s
[388.045s][info][gc,start       ] GC(778) Pause Young (Allocation Failure)
[388.054s][info][gc,heap        ] GC(778) PSYoungGen: 200542K(200704K)->863K(192512K) Eden: 198656K(198656K)->0K(191488K) From: 1886K(2048K)->863K(1024K)
[388.054s][info][gc,heap        ] GC(778) ParOldGen: 287175K(334848K)->287191K(334848K)
[388.054s][info][gc,metaspace   ] GC(778) Metaspace: 57445K(57728K)->57445K(57728K) NonClass: 49143K(49344K)->49143K(49344K) Class: 8301K(8384K)->8301K(8384K)
[388.054s][info][gc             ] GC(778) Pause Young (Allocation Failure) 476M->281M(515M) 9.089ms
[388.054s][info][gc,cpu         ] GC(778) User=0.01s Sys=0.00s Real=0.01s
[388.469s][info][gc,start       ] GC(779) Pause Young (Allocation Failure)
[388.474s][info][gc,heap        ] GC(779) PSYoungGen: 192351K(192512K)->2463K(230400K) Eden: 191488K(191488K)->0K(227840K) From: 863K(1024K)->2463K(2560K)
[388.474s][info][gc,heap        ] GC(779) ParOldGen: 287191K(334848K)->287207K(334848K)
[388.474s][info][gc,metaspace   ] GC(779) Metaspace: 57445K(57728K)->57445K(57728K) NonClass: 49143K(49344K)->49143K(49344K) Class: 8301K(8384K)->8301K(8384K)
[388.474s][info][gc             ] GC(779) Pause Young (Allocation Failure) 468M->282M(552M) 5.587ms
[388.474s][info][gc,cpu         ] GC(779) User=0.01s Sys=0.00s Real=0.00s
[389.122s][info][gc,start       ] GC(780) Pause Young (Allocation Failure)
[389.125s][info][gc,heap        ] GC(780) PSYoungGen: 230303K(230400K)->1568K(221696K) Eden: 227840K(227840K)->0K(219648K) From: 2463K(2560K)->1568K(2048K)
[389.126s][info][gc,heap        ] GC(780) ParOldGen: 287207K(334848K)->287223K(334848K)
[389.126s][info][gc,metaspace   ] GC(780) Metaspace: 57445K(57728K)->57445K(57728K) NonClass: 49143K(49344K)->49143K(49344K) Class: 8301K(8384K)->8301K(8384K)
[389.126s][info][gc             ] GC(780) Pause Young (Allocation Failure) 505M->282M(543M) 3.867ms
[389.126s][info][gc,cpu         ] GC(780) User=0.01s Sys=0.00s Real=0.00s
[389.565s][info][gc,start       ] GC(781) Pause Young (Allocation Failure)
[389.569s][info][gc,heap        ] GC(781) PSYoungGen: 221216K(221696K)->1855K(213504K) Eden: 219648K(219648K)->0K(211456K) From: 1568K(2048K)->1855K(2048K)
[389.569s][info][gc,heap        ] GC(781) ParOldGen: 287223K(334848K)->287239K(334848K)
[389.569s][info][gc,metaspace   ] GC(781) Metaspace: 57447K(57728K)->57447K(57728K) NonClass: 49145K(49344K)->49145K(49344K) Class: 8301K(8384K)->8301K(8384K)
[389.569s][info][gc             ] GC(781) Pause Young (Allocation Failure) 496M->282M(535M) 3.974ms
[389.569s][info][gc,cpu         ] GC(781) User=0.01s Sys=0.01s Real=0.01s
[390.066s][info][gc,start       ] GC(782) Pause Young (Allocation Failure)
[390.071s][info][gc,heap        ] GC(782) PSYoungGen: 213263K(213504K)->2080K(206336K) Eden: 211407K(211456K)->0K(203776K) From: 1855K(2048K)->2080K(2560K)
[390.071s][info][gc,heap        ] GC(782) ParOldGen: 287239K(334848K)->287255K(334848K)
[390.071s][info][gc,metaspace   ] GC(782) Metaspace: 57447K(57728K)->57447K(57728K) NonClass: 49145K(49344K)->49145K(49344K) Class: 8301K(8384K)->8301K(8384K)
[390.071s][info][gc             ] GC(782) Pause Young (Allocation Failure) 488M->282M(528M) 4.463ms
[390.071s][info][gc,cpu         ] GC(782) User=0.01s Sys=0.00s Real=0.00s
[390.564s][info][gc,start       ] GC(783) Pause Young (Allocation Failure)
[390.568s][info][gc,heap        ] GC(783) PSYoungGen: 205856K(206336K)->1791K(198656K) Eden: 203776K(203776K)->0K(196608K) From: 2080K(2560K)->1791K(2048K)
[390.568s][info][gc,heap        ] GC(783) ParOldGen: 287255K(334848K)->287271K(334848K)
[390.568s][info][gc,metaspace   ] GC(783) Metaspace: 57447K(57728K)->57447K(57728K) NonClass: 49145K(49344K)->49145K(49344K) Class: 8301K(8384K)->8301K(8384K)
[390.568s][info][gc             ] GC(783) Pause Young (Allocation Failure) 481M->282M(521M) 3.841ms
[390.568s][info][gc,cpu         ] GC(783) User=0.01s Sys=0.01s Real=0.01s
[391.053s][info][gc,start       ] GC(784) Pause Young (Allocation Failure)
[391.056s][info][gc,heap        ] GC(784) PSYoungGen: 198399K(198656K)->1120K(190976K) Eden: 196608K(196608K)->0K(189440K) From: 1791K(2048K)->1120K(1536K)
[391.056s][info][gc,heap        ] GC(784) ParOldGen: 287271K(334848K)->287287K(334848K)
[391.056s][info][gc,metaspace   ] GC(784) Metaspace: 57447K(57728K)->57447K(57728K) NonClass: 49145K(49344K)->49145K(49344K) Class: 8301K(8384K)->8301K(8384K)
[391.056s][info][gc             ] GC(784) Pause Young (Allocation Failure) 474M->281M(513M) 3.224ms
[391.056s][info][gc,cpu         ] GC(784) User=0.00s Sys=0.01s Real=0.01s
[391.478s][info][gc,start       ] GC(785) Pause Young (Allocation Failure)
[391.481s][info][gc,heap        ] GC(785) PSYoungGen: 190384K(190976K)->1088K(184320K) Eden: 189264K(189440K)->0K(182784K) From: 1120K(1536K)->1088K(1536K)
[391.481s][info][gc,heap        ] GC(785) ParOldGen: 287287K(334848K)->287303K(334848K)
[391.481s][info][gc,metaspace   ] GC(785) Metaspace: 57447K(57728K)->57447K(57728K) NonClass: 49145K(49344K)->49145K(49344K) Class: 8301K(8384K)->8301K(8384K)
[391.481s][info][gc             ] GC(785) Pause Young (Allocation Failure) 466M->281M(507M) 3.215ms
[391.481s][info][gc,cpu         ] GC(785) User=0.01s Sys=0.00s Real=0.00s
[391.946s][info][gc,start       ] GC(786) Pause Young (Allocation Failure)
[391.948s][info][gc,heap        ] GC(786) PSYoungGen: 183872K(184320K)->1279K(178176K) Eden: 182784K(182784K)->0K(176640K) From: 1088K(1536K)->1279K(1536K)
[391.949s][info][gc,heap        ] GC(786) ParOldGen: 287303K(334848K)->287319K(334848K)
[391.949s][info][gc,metaspace   ] GC(786) Metaspace: 57447K(57728K)->57447K(57728K) NonClass: 49145K(49344K)->49145K(49344K) Class: 8301K(8384K)->8301K(8384K)
[391.949s][info][gc             ] GC(786) Pause Young (Allocation Failure) 460M->281M(501M) 2.827ms
[391.949s][info][gc,cpu         ] GC(786) User=0.00s Sys=0.00s Real=0.01s
[392.361s][info][gc,start       ] GC(787) Pause Young (Allocation Failure)
[392.366s][info][gc,heap        ] GC(787) PSYoungGen: 177919K(178176K)->2430K(173056K) Eden: 176640K(176640K)->0K(170496K) From: 1279K(1536K)->2430K(2560K)
[392.366s][info][gc,heap        ] GC(787) ParOldGen: 287319K(334848K)->287335K(334848K)
[392.366s][info][gc,metaspace   ] GC(787) Metaspace: 57447K(57728K)->57447K(57728K) NonClass: 49145K(49344K)->49145K(49344K) Class: 8301K(8384K)->8301K(8384K)
[392.366s][info][gc             ] GC(787) Pause Young (Allocation Failure) 454M->282M(496M) 4.184ms
[392.366s][info][gc,cpu         ] GC(787) User=0.01s Sys=0.00s Real=0.00s
[392.761s][info][gc,start       ] GC(788) Pause Young (Allocation Failure)
[392.765s][info][gc,heap        ] GC(788) PSYoungGen: 172926K(173056K)->2079K(167424K) Eden: 170496K(170496K)->0K(164864K) From: 2430K(2560K)->2079K(2560K)
[392.766s][info][gc,heap        ] GC(788) ParOldGen: 287335K(334848K)->287351K(334848K)
[392.766s][info][gc,metaspace   ] GC(788) Metaspace: 57447K(57728K)->57447K(57728K) NonClass: 49145K(49344K)->49145K(49344K) Class: 8301K(8384K)->8301K(8384K)
[392.766s][info][gc             ] GC(788) Pause Young (Allocation Failure) 449M->282M(490M) 4.038ms
[392.766s][info][gc,cpu         ] GC(788) User=0.01s Sys=0.00s Real=0.00s
[393.168s][info][gc,start       ] GC(789) Pause Young (Allocation Failure)
[393.171s][info][gc,heap        ] GC(789) PSYoungGen: 166943K(167424K)->1599K(161280K) Eden: 164864K(164864K)->0K(159232K) From: 2079K(2560K)->1599K(2048K)
[393.171s][info][gc,heap        ] GC(789) ParOldGen: 287351K(334848K)->287367K(334848K)
[393.171s][info][gc,metaspace   ] GC(789) Metaspace: 57448K(57728K)->57448K(57728K) NonClass: 49146K(49344K)->49146K(49344K) Class: 8301K(8384K)->8301K(8384K)
[393.171s][info][gc             ] GC(789) Pause Young (Allocation Failure) 443M->282M(484M) 3.456ms
[393.171s][info][gc,cpu         ] GC(789) User=0.01s Sys=0.00s Real=0.00s
[393.557s][info][gc,start       ] GC(790) Pause Young (Allocation Failure)
[393.561s][info][gc,heap        ] GC(790) PSYoungGen: 160567K(161280K)->2207K(156672K) Eden: 158968K(159232K)->0K(154112K) From: 1599K(2048K)->2207K(2560K)
[393.561s][info][gc,heap        ] GC(790) ParOldGen: 287367K(334848K)->287383K(334848K)
[393.561s][info][gc,metaspace   ] GC(790) Metaspace: 57448K(57728K)->57448K(57728K) NonClass: 49146K(49344K)->49146K(49344K) Class: 8301K(8384K)->8301K(8384K)
[393.561s][info][gc             ] GC(790) Pause Young (Allocation Failure) 437M->282M(480M) 4.166ms
[393.561s][info][gc,cpu         ] GC(790) User=0.00s Sys=0.00s Real=0.00s
[393.945s][info][gc,start       ] GC(791) Pause Young (Allocation Failure)
[393.947s][info][gc,heap        ] GC(791) PSYoungGen: 156319K(156672K)->1023K(150016K) Eden: 154112K(154112K)->0K(148992K) From: 2207K(2560K)->1023K(1024K)
[393.947s][info][gc,heap        ] GC(791) ParOldGen: 287383K(334848K)->287399K(334848K)
[393.947s][info][gc,metaspace   ] GC(791) Metaspace: 57448K(57728K)->57448K(57728K) NonClass: 49146K(49344K)->49146K(49344K) Class: 8301K(8384K)->8301K(8384K)
[393.947s][info][gc             ] GC(791) Pause Young (Allocation Failure) 433M->281M(473M) 2.683ms
[393.947s][info][gc,cpu         ] GC(791) User=0.00s Sys=0.00s Real=0.01s
[394.273s][info][gc,start       ] GC(792) Pause Young (Allocation Failure)
[394.277s][info][gc,heap        ] GC(792) PSYoungGen: 149772K(150016K)->1984K(146432K) Eden: 148749K(148992K)->0K(144384K) From: 1023K(1024K)->1984K(2048K)
[394.277s][info][gc,heap        ] GC(792) ParOldGen: 287399K(334848K)->287415K(334848K)
[394.277s][info][gc,metaspace   ] GC(792) Metaspace: 57450K(57728K)->57450K(57728K) NonClass: 49148K(49344K)->49148K(49344K) Class: 8301K(8384K)->8301K(8384K)
[394.277s][info][gc             ] GC(792) Pause Young (Allocation Failure) 426M->282M(470M) 4.251ms
[394.277s][info][gc,cpu         ] GC(792) User=0.00s Sys=0.00s Real=0.01s
[394.645s][info][gc,start       ] GC(793) Pause Young (Allocation Failure)
[394.648s][info][gc,heap        ] GC(793) PSYoungGen: 146368K(146432K)->1119K(141312K) Eden: 144384K(144384K)->0K(139776K) From: 1984K(2048K)->1119K(1536K)
[394.648s][info][gc,heap        ] GC(793) ParOldGen: 287415K(334848K)->287431K(334848K)
[394.648s][info][gc,metaspace   ] GC(793) Metaspace: 57450K(57728K)->57450K(57728K) NonClass: 49148K(49344K)->49148K(49344K) Class: 8301K(8384K)->8301K(8384K)
[394.648s][info][gc             ] GC(793) Pause Young (Allocation Failure) 423M->281M(465M) 2.800ms
[394.648s][info][gc,cpu         ] GC(793) User=0.01s Sys=0.00s Real=0.01s
[394.967s][info][gc,start       ] GC(794) Pause Young (Allocation Failure)
[394.979s][info][gc,heap        ] GC(794) PSYoungGen: 140895K(141312K)->2271K(169984K) Eden: 139776K(139776K)->0K(167424K) From: 1119K(1536K)->2271K(2560K)
[394.979s][info][gc,heap        ] GC(794) ParOldGen: 287431K(334848K)->287447K(334848K)
[394.979s][info][gc,metaspace   ] GC(794) Metaspace: 57450K(57728K)->57450K(57728K) NonClass: 49148K(49344K)->49148K(49344K) Class: 8301K(8384K)->8301K(8384K)
[394.979s][info][gc             ] GC(794) Pause Young (Allocation Failure) 418M->282M(493M) 12.273ms
[394.979s][info][gc,cpu         ] GC(794) User=0.01s Sys=0.00s Real=0.01s
[395.363s][info][gc,start       ] GC(795) Pause Young (Allocation Failure)
[395.368s][info][gc,heap        ] GC(795) PSYoungGen: 169695K(169984K)->2367K(202752K) Eden: 167424K(167424K)->0K(200192K) From: 2271K(2560K)->2367K(2560K)
[395.368s][info][gc,heap        ] GC(795) ParOldGen: 287447K(334848K)->287463K(334848K)
[395.368s][info][gc,metaspace   ] GC(795) Metaspace: 57450K(57728K)->57450K(57728K) NonClass: 49148K(49344K)->49148K(49344K) Class: 8301K(8384K)->8301K(8384K)
[395.368s][info][gc             ] GC(795) Pause Young (Allocation Failure) 446M->283M(525M) 5.044ms
[395.368s][info][gc,cpu         ] GC(795) User=0.01s Sys=0.00s Real=0.01s
[395.853s][info][gc,start       ] GC(796) Pause Young (Allocation Failure)
[395.856s][info][gc,heap        ] GC(796) PSYoungGen: 202559K(202752K)->1375K(217088K) Eden: 200192K(200192K)->0K(212992K) From: 2367K(2560K)->1375K(4096K)
[395.856s][info][gc,heap        ] GC(796) ParOldGen: 287463K(334848K)->287479K(334848K)
[395.856s][info][gc,metaspace   ] GC(796) Metaspace: 57450K(57728K)->57450K(57728K) NonClass: 49148K(49344K)->49148K(49344K) Class: 8301K(8384K)->8301K(8384K)
[395.856s][info][gc             ] GC(796) Pause Young (Allocation Failure) 478M->282M(539M) 2.988ms
[395.856s][info][gc,cpu         ] GC(796) User=0.01s Sys=0.00s Real=0.00s
[396.383s][info][gc,start       ] GC(797) Pause Young (Allocation Failure)
[396.386s][info][gc,heap        ] GC(797) PSYoungGen: 214367K(217088K)->1342K(243712K) Eden: 212992K(212992K)->0K(239616K) From: 1375K(4096K)->1342K(4096K)
[396.386s][info][gc,heap        ] GC(797) ParOldGen: 287479K(334848K)->287495K(334848K)
[396.386s][info][gc,metaspace   ] GC(797) Metaspace: 57450K(57728K)->57450K(57728K) NonClass: 49148K(49344K)->49148K(49344K) Class: 8301K(8384K)->8301K(8384K)
[396.386s][info][gc             ] GC(797) Pause Young (Allocation Failure) 490M->282M(565M) 3.244ms
[396.386s][info][gc,cpu         ] GC(797) User=0.00s Sys=0.00s Real=0.01s
[396.955s][info][gc,start       ] GC(798) Pause Young (Allocation Failure)
[396.959s][info][gc,heap        ] GC(798) PSYoungGen: 240958K(243712K)->1886K(243200K) Eden: 239616K(239616K)->0K(239616K) From: 1342K(4096K)->1886K(3584K)
[396.959s][info][gc,heap        ] GC(798) ParOldGen: 287495K(334848K)->287511K(334848K)
[396.959s][info][gc,metaspace   ] GC(798) Metaspace: 57450K(57728K)->57450K(57728K) NonClass: 49148K(49344K)->49148K(49344K) Class: 8301K(8384K)->8301K(8384K)
[396.959s][info][gc             ] GC(798) Pause Young (Allocation Failure) 516M->282M(564M) 3.956ms
[396.959s][info][gc,cpu         ] GC(798) User=0.01s Sys=0.00s Real=0.01s
[397.540s][info][gc,start       ] GC(799) Pause Young (Allocation Failure)
[397.543s][info][gc,heap        ] GC(799) PSYoungGen: 241502K(243200K)->680K(231424K) Eden: 239616K(239616K)->0K(230400K) From: 1886K(3584K)->680K(1024K)
[397.543s][info][gc,heap        ] GC(799) ParOldGen: 287511K(334848K)->287527K(334848K)
[397.543s][info][gc,metaspace   ] GC(799) Metaspace: 57450K(57728K)->57450K(57728K) NonClass: 49148K(49344K)->49148K(49344K) Class: 8301K(8384K)->8301K(8384K)
[397.543s][info][gc             ] GC(799) Pause Young (Allocation Failure) 516M->281M(553M) 2.776ms
[397.543s][info][gc,cpu         ] GC(799) User=0.01s Sys=0.00s Real=0.00s
[398.074s][info][gc,start       ] GC(800) Pause Young (Allocation Failure)
[398.079s][info][gc,heap        ] GC(800) PSYoungGen: 231080K(231424K)->1664K(223744K) Eden: 230400K(230400K)->0K(221696K) From: 680K(1024K)->1664K(2048K)
[398.079s][info][gc,heap        ] GC(800) ParOldGen: 287527K(334848K)->287543K(334848K)
[398.079s][info][gc,metaspace   ] GC(800) Metaspace: 57450K(57728K)->57450K(57728K) NonClass: 49148K(49344K)->49148K(49344K) Class: 8301K(8384K)->8301K(8384K)
[398.079s][info][gc             ] GC(800) Pause Young (Allocation Failure) 506M->282M(545M) 4.664ms
[398.079s][info][gc,cpu         ] GC(800) User=0.01s Sys=0.00s Real=0.01s
[398.640s][info][gc,start       ] GC(801) Pause Young (Allocation Failure)
[398.642s][info][gc,heap        ] GC(801) PSYoungGen: 223360K(223744K)->822K(214528K) Eden: 221696K(221696K)->0K(213504K) From: 1664K(2048K)->822K(1024K)
[398.642s][info][gc,heap        ] GC(801) ParOldGen: 287543K(334848K)->287559K(334848K)
[398.642s][info][gc,metaspace   ] GC(801) Metaspace: 57450K(57728K)->57450K(57728K) NonClass: 49148K(49344K)->49148K(49344K) Class: 8301K(8384K)->8301K(8384K)
[398.642s][info][gc             ] GC(801) Pause Young (Allocation Failure) 498M->281M(536M) 2.613ms
[398.642s][info][gc,cpu         ] GC(801) User=0.01s Sys=0.00s Real=0.00s
[399.147s][info][gc,start       ] GC(802) Pause Young (Allocation Failure)
[399.151s][info][gc,heap        ] GC(802) PSYoungGen: 214326K(214528K)->1591K(209408K) Eden: 213504K(213504K)->0K(205824K) From: 822K(1024K)->1591K(3584K)
[399.151s][info][gc,heap        ] GC(802) ParOldGen: 287559K(334848K)->287575K(334848K)
[399.151s][info][gc,metaspace   ] GC(802) Metaspace: 57451K(57728K)->57451K(57728K) NonClass: 49149K(49344K)->49149K(49344K) Class: 8301K(8384K)->8301K(8384K)
[399.151s][info][gc             ] GC(802) Pause Young (Allocation Failure) 490M->282M(531M) 3.998ms
[399.151s][info][gc,cpu         ] GC(802) User=0.00s Sys=0.00s Real=0.00s
[399.647s][info][gc,start       ] GC(803) Pause Young (Allocation Failure)
[399.654s][info][gc,heap        ] GC(803) PSYoungGen: 207415K(209408K)->1023K(199680K) Eden: 205824K(205824K)->0K(198656K) From: 1591K(3584K)->1023K(1024K)
[399.654s][info][gc,heap        ] GC(803) ParOldGen: 287575K(334848K)->287591K(334848K)
[399.654s][info][gc,metaspace   ] GC(803) Metaspace: 57451K(57728K)->57451K(57728K) NonClass: 49149K(49344K)->49149K(49344K) Class: 8301K(8384K)->8301K(8384K)
[399.654s][info][gc             ] GC(803) Pause Young (Allocation Failure) 483M->281M(522M) 7.537ms
[399.654s][info][gc,cpu         ] GC(803) User=0.01s Sys=0.00s Real=0.00s
[400.095s][info][gc,start       ] GC(804) Pause Young (Allocation Failure)
[400.097s][info][gc,heap        ] GC(804) PSYoungGen: 199599K(199680K)->512K(192000K) Eden: 198575K(198656K)->0K(191488K) From: 1023K(1024K)->512K(512K)
[400.097s][info][gc,heap        ] GC(804) ParOldGen: 287591K(334848K)->287607K(334848K)
[400.097s][info][gc,metaspace   ] GC(804) Metaspace: 57451K(57728K)->57451K(57728K) NonClass: 49149K(49344K)->49149K(49344K) Class: 8301K(8384K)->8301K(8384K)
[400.097s][info][gc             ] GC(804) Pause Young (Allocation Failure) 475M->281M(514M) 2.481ms
[400.097s][info][gc,cpu         ] GC(804) User=0.00s Sys=0.00s Real=0.01s
[400.568s][info][gc,start       ] GC(805) Pause Young (Allocation Failure)
[400.577s][info][gc,heap        ] GC(805) PSYoungGen: 192000K(192000K)->1792K(230400K) Eden: 191488K(191488K)->0K(228352K) From: 512K(512K)->1792K(2048K)
[400.577s][info][gc,heap        ] GC(805) ParOldGen: 287607K(334848K)->287623K(334848K)
[400.577s][info][gc,metaspace   ] GC(805) Metaspace: 57451K(57728K)->57451K(57728K) NonClass: 49149K(49344K)->49149K(49344K) Class: 8301K(8384K)->8301K(8384K)
[400.577s][info][gc             ] GC(805) Pause Young (Allocation Failure) 468M->282M(552M) 8.363ms
[400.577s][info][gc,cpu         ] GC(805) User=0.01s Sys=0.00s Real=0.01s
[401.145s][info][gc,start       ] GC(806) Pause Young (Allocation Failure)
[401.148s][info][gc,heap        ] GC(806) PSYoungGen: 230144K(230400K)->1534K(221184K) Eden: 228352K(228352K)->0K(219648K) From: 1792K(2048K)->1534K(1536K)
[401.148s][info][gc,heap        ] GC(806) ParOldGen: 287623K(334848K)->287639K(334848K)
[401.148s][info][gc,metaspace   ] GC(806) Metaspace: 57451K(57728K)->57451K(57728K) NonClass: 49149K(49344K)->49149K(49344K) Class: 8301K(8384K)->8301K(8384K)
[401.148s][info][gc             ] GC(806) Pause Young (Allocation Failure) 505M->282M(543M) 3.541ms
[401.148s][info][gc,cpu         ] GC(806) User=0.00s Sys=0.00s Real=0.01s
[401.660s][info][gc,start       ] GC(807) Pause Young (Allocation Failure)
[401.664s][info][gc,heap        ] GC(807) PSYoungGen: 220878K(221184K)->1216K(212992K) Eden: 219343K(219648K)->0K(211456K) From: 1534K(1536K)->1216K(1536K)
[401.664s][info][gc,heap        ] GC(807) ParOldGen: 287639K(334848K)->287655K(334848K)
[401.664s][info][gc,metaspace   ] GC(807) Metaspace: 57451K(57728K)->57451K(57728K) NonClass: 49149K(49344K)->49149K(49344K) Class: 8301K(8384K)->8301K(8384K)
[401.664s][info][gc             ] GC(807) Pause Young (Allocation Failure) 496M->282M(535M) 3.546ms
[401.664s][info][gc,cpu         ] GC(807) User=0.01s Sys=0.00s Real=0.00s
[402.162s][info][gc,start       ] GC(808) Pause Young (Allocation Failure)
[402.165s][info][gc,heap        ] GC(808) PSYoungGen: 212672K(212992K)->1342K(205312K) Eden: 211456K(211456K)->0K(203776K) From: 1216K(1536K)->1342K(1536K)
[402.165s][info][gc,heap        ] GC(808) ParOldGen: 287655K(334848K)->287671K(334848K)
[402.165s][info][gc,metaspace   ] GC(808) Metaspace: 57451K(57728K)->57451K(57728K) NonClass: 49149K(49344K)->49149K(49344K) Class: 8301K(8384K)->8301K(8384K)
[402.165s][info][gc             ] GC(808) Pause Young (Allocation Failure) 488M->282M(527M) 3.312ms
[402.165s][info][gc,cpu         ] GC(808) User=0.01s Sys=0.00s Real=0.00s
[402.654s][info][gc,start       ] GC(809) Pause Young (Allocation Failure)
[402.658s][info][gc,heap        ] GC(809) PSYoungGen: 205118K(205312K)->1534K(198144K) Eden: 203776K(203776K)->0K(196608K) From: 1342K(1536K)->1534K(1536K)
[402.658s][info][gc,heap        ] GC(809) ParOldGen: 287671K(334848K)->287687K(334848K)
[402.658s][info][gc,metaspace   ] GC(809) Metaspace: 57451K(57728K)->57451K(57728K) NonClass: 49149K(49344K)->49149K(49344K) Class: 8301K(8384K)->8301K(8384K)
[402.658s][info][gc             ] GC(809) Pause Young (Allocation Failure) 481M->282M(520M) 3.417ms
[402.658s][info][gc,cpu         ] GC(809) User=0.01s Sys=0.00s Real=0.01s
[403.140s][info][gc,start       ] GC(810) Pause Young (Allocation Failure)
[403.142s][info][gc,heap        ] GC(810) PSYoungGen: 198142K(198144K)->288K(189952K) Eden: 196608K(196608K)->0K(189440K) From: 1534K(1536K)->288K(512K)
[403.142s][info][gc,heap        ] GC(810) ParOldGen: 287687K(334848K)->287703K(334848K)
[403.142s][info][gc,metaspace   ] GC(810) Metaspace: 57451K(57728K)->57451K(57728K) NonClass: 49149K(49344K)->49149K(49344K) Class: 8301K(8384K)->8301K(8384K)
[403.142s][info][gc             ] GC(810) Pause Young (Allocation Failure) 474M->281M(512M) 2.058ms
[403.143s][info][gc,cpu         ] GC(810) User=0.00s Sys=0.00s Real=0.00s
[403.572s][info][gc,start       ] GC(811) Pause Young (Allocation Failure)
[403.576s][info][gc,heap        ] GC(811) PSYoungGen: 189728K(189952K)->2048K(184832K) Eden: 189440K(189440K)->0K(182784K) From: 288K(512K)->2048K(2048K)
[403.576s][info][gc,heap        ] GC(811) ParOldGen: 287703K(334848K)->287719K(334848K)
[403.576s][info][gc,metaspace   ] GC(811) Metaspace: 57451K(57728K)->57451K(57728K) NonClass: 49149K(49344K)->49149K(49344K) Class: 8301K(8384K)->8301K(8384K)
[403.576s][info][gc             ] GC(811) Pause Young (Allocation Failure) 466M->282M(507M) 4.570ms
[403.576s][info][gc,cpu         ] GC(811) User=0.01s Sys=0.00s Real=0.01s
[404.043s][info][gc,start       ] GC(812) Pause Young (Allocation Failure)
[404.046s][info][gc,heap        ] GC(812) PSYoungGen: 184832K(184832K)->832K(177664K) Eden: 182784K(182784K)->0K(176640K) From: 2048K(2048K)->832K(1024K)
[404.046s][info][gc,heap        ] GC(812) ParOldGen: 287719K(334848K)->287735K(334848K)
[404.046s][info][gc,metaspace   ] GC(812) Metaspace: 57454K(57728K)->57454K(57728K) NonClass: 49152K(49344K)->49152K(49344K) Class: 8301K(8384K)->8301K(8384K)
[404.046s][info][gc             ] GC(812) Pause Young (Allocation Failure) 461M->281M(500M) 2.988ms
[404.046s][info][gc,cpu         ] GC(812) User=0.00s Sys=0.00s Real=0.01s
[404.507s][info][gc,start       ] GC(813) Pause Young (Allocation Failure)
[404.514s][info][gc,heap        ] GC(813) PSYoungGen: 177472K(177664K)->2622K(173568K) Eden: 176640K(176640K)->0K(170496K) From: 832K(1024K)->2622K(3072K)
[404.514s][info][gc,heap        ] GC(813) ParOldGen: 287735K(334848K)->287751K(334848K)
[404.514s][info][gc,metaspace   ] GC(813) Metaspace: 57454K(57728K)->57454K(57728K) NonClass: 49152K(49344K)->49152K(49344K) Class: 8301K(8384K)->8301K(8384K)
[404.514s][info][gc             ] GC(813) Pause Young (Allocation Failure) 454M->283M(496M) 7.079ms
[404.514s][info][gc,cpu         ] GC(813) User=0.01s Sys=0.00s Real=0.00s
[404.864s][info][gc,start       ] GC(814) Pause Young (Allocation Failure)
[404.870s][info][gc,heap        ] GC(814) PSYoungGen: 173118K(173568K)->2240K(205824K) Eden: 170496K(170496K)->0K(203264K) From: 2622K(3072K)->2240K(2560K)
[404.870s][info][gc,heap        ] GC(814) ParOldGen: 287751K(334848K)->287767K(334848K)
[404.870s][info][gc,metaspace   ] GC(814) Metaspace: 57454K(57728K)->57454K(57728K) NonClass: 49152K(49344K)->49152K(49344K) Class: 8301K(8384K)->8301K(8384K)
[404.870s][info][gc             ] GC(814) Pause Young (Allocation Failure) 450M->283M(528M) 5.905ms
[404.870s][info][gc,cpu         ] GC(814) User=0.01s Sys=0.00s Real=0.01s
[405.362s][info][gc,start       ] GC(815) Pause Young (Allocation Failure)
[405.366s][info][gc,heap        ] GC(815) PSYoungGen: 205504K(205824K)->1536K(243712K) Eden: 203264K(203264K)->0K(242176K) From: 2240K(2560K)->1536K(1536K)
[405.366s][info][gc,heap        ] GC(815) ParOldGen: 287767K(334848K)->287783K(334848K)
[405.366s][info][gc,metaspace   ] GC(815) Metaspace: 57454K(57728K)->57454K(57728K) NonClass: 49152K(49344K)->49152K(49344K) Class: 8301K(8384K)->8301K(8384K)
[405.366s][info][gc             ] GC(815) Pause Young (Allocation Failure) 481M->282M(565M) 3.851ms
[405.366s][info][gc,cpu         ] GC(815) User=0.01s Sys=0.00s Real=0.00s
[405.953s][info][gc,start       ] GC(816) Pause Young (Allocation Failure)
[405.957s][info][gc,heap        ] GC(816) PSYoungGen: 243712K(243712K)->1120K(234496K) Eden: 242176K(242176K)->0K(232960K) From: 1536K(1536K)->1120K(1536K)
[405.957s][info][gc,heap        ] GC(816) ParOldGen: 287783K(334848K)->287799K(334848K)
[405.957s][info][gc,metaspace   ] GC(816) Metaspace: 57454K(57728K)->57454K(57728K) NonClass: 49152K(49344K)->49152K(49344K) Class: 8301K(8384K)->8301K(8384K)
[405.957s][info][gc             ] GC(816) Pause Young (Allocation Failure) 519M->282M(556M) 3.496ms
[405.957s][info][gc,cpu         ] GC(816) User=0.01s Sys=0.00s Real=0.01s
[406.490s][info][gc,start       ] GC(817) Pause Young (Allocation Failure)
[406.492s][info][gc,heap        ] GC(817) PSYoungGen: 234080K(234496K)->831K(225280K) Eden: 232960K(232960K)->0K(224256K) From: 1120K(1536K)->831K(1024K)
[406.492s][info][gc,heap        ] GC(817) ParOldGen: 287799K(334848K)->287815K(334848K)
[406.492s][info][gc,metaspace   ] GC(817) Metaspace: 57454K(57728K)->57454K(57728K) NonClass: 49152K(49344K)->49152K(49344K) Class: 8301K(8384K)->8301K(8384K)
[406.492s][info][gc             ] GC(817) Pause Young (Allocation Failure) 509M->281M(547M) 2.406ms
[406.492s][info][gc,cpu         ] GC(817) User=0.00s Sys=0.00s Real=0.00s
[407.054s][info][gc,start       ] GC(818) Pause Young (Allocation Failure)
[407.057s][info][gc,heap        ] GC(818) PSYoungGen: 224845K(225280K)->1598K(218112K) Eden: 224014K(224256K)->0K(216064K) From: 831K(1024K)->1598K(2048K)
[407.057s][info][gc,heap        ] GC(818) ParOldGen: 287815K(334848K)->287831K(334848K)
[407.057s][info][gc,metaspace   ] GC(818) Metaspace: 57454K(57728K)->57454K(57728K) NonClass: 49152K(49344K)->49152K(49344K) Class: 8301K(8384K)->8301K(8384K)
[407.057s][info][gc             ] GC(818) Pause Young (Allocation Failure) 500M->282M(540M) 3.659ms
[407.057s][info][gc,cpu         ] GC(818) User=0.00s Sys=0.00s Real=0.01s
[407.560s][info][gc,start       ] GC(819) Pause Young (Allocation Failure)
[407.564s][info][gc,heap        ] GC(819) PSYoungGen: 217662K(218112K)->1632K(210432K) Eden: 216064K(216064K)->0K(208384K) From: 1598K(2048K)->1632K(2048K)
[407.564s][info][gc,heap        ] GC(819) ParOldGen: 287831K(334848K)->287847K(334848K)
[407.564s][info][gc,metaspace   ] GC(819) Metaspace: 57454K(57728K)->57454K(57728K) NonClass: 49152K(49344K)->49152K(49344K) Class: 8301K(8384K)->8301K(8384K)
[407.564s][info][gc             ] GC(819) Pause Young (Allocation Failure) 493M->282M(532M) 3.999ms
[407.564s][info][gc,cpu         ] GC(819) User=0.01s Sys=0.00s Real=0.00s
[408.067s][info][gc,start       ] GC(820) Pause Young (Allocation Failure)
[408.071s][info][gc,heap        ] GC(820) PSYoungGen: 210016K(210432K)->1664K(202752K) Eden: 208384K(208384K)->0K(200704K) From: 1632K(2048K)->1664K(2048K)
[408.071s][info][gc,heap        ] GC(820) ParOldGen: 287847K(334848K)->287863K(334848K)
[408.071s][info][gc,metaspace   ] GC(820) Metaspace: 57454K(57728K)->57454K(57728K) NonClass: 49152K(49344K)->49152K(49344K) Class: 8301K(8384K)->8301K(8384K)
[408.071s][info][gc             ] GC(820) Pause Young (Allocation Failure) 486M->282M(525M) 4.419ms
[408.071s][info][gc,cpu         ] GC(820) User=0.01s Sys=0.00s Real=0.00s
[408.560s][info][gc,start       ] GC(821) Pause Young (Allocation Failure)
[408.563s][info][gc,heap        ] GC(821) PSYoungGen: 202368K(202752K)->1216K(195072K) Eden: 200704K(200704K)->0K(193536K) From: 1664K(2048K)->1216K(1536K)
[408.563s][info][gc,heap        ] GC(821) ParOldGen: 287863K(334848K)->287879K(334848K)
[408.563s][info][gc,metaspace   ] GC(821) Metaspace: 57454K(57728K)->57454K(57728K) NonClass: 49152K(49344K)->49152K(49344K) Class: 8301K(8384K)->8301K(8384K)
[408.563s][info][gc             ] GC(821) Pause Young (Allocation Failure) 478M->282M(517M) 3.343ms
[408.563s][info][gc,cpu         ] GC(821) User=0.00s Sys=0.00s Real=0.00s
[409.040s][info][gc,start       ] GC(822) Pause Young (Allocation Failure)
[409.043s][info][gc,heap        ] GC(822) PSYoungGen: 194752K(195072K)->1165K(188416K) Eden: 193536K(193536K)->0K(186880K) From: 1216K(1536K)->1165K(1536K)
[409.043s][info][gc,heap        ] GC(822) ParOldGen: 287879K(334848K)->287895K(334848K)
[409.043s][info][gc,metaspace   ] GC(822) Metaspace: 57454K(57728K)->57454K(57728K) NonClass: 49152K(49344K)->49152K(49344K) Class: 8301K(8384K)->8301K(8384K)
[409.043s][info][gc             ] GC(822) Pause Young (Allocation Failure) 471M->282M(511M) 2.993ms
[409.043s][info][gc,cpu         ] GC(822) User=0.00s Sys=0.01s Real=0.00s
[409.471s][info][gc,start       ] GC(823) Pause Young (Allocation Failure)
[409.475s][info][gc,heap        ] GC(823) PSYoungGen: 188045K(188416K)->1855K(182272K) Eden: 186880K(186880K)->0K(180224K) From: 1165K(1536K)->1855K(2048K)
[409.475s][info][gc,heap        ] GC(823) ParOldGen: 287895K(334848K)->287911K(334848K)
[409.475s][info][gc,metaspace   ] GC(823) Metaspace: 57454K(57728K)->57454K(57728K) NonClass: 49152K(49344K)->49152K(49344K) Class: 8301K(8384K)->8301K(8384K)
[409.475s][info][gc             ] GC(823) Pause Young (Allocation Failure) 464M->282M(505M) 3.876ms
[409.475s][info][gc,cpu         ] GC(823) User=0.01s Sys=0.00s Real=0.00s
[409.938s][info][gc,start       ] GC(824) Pause Young (Allocation Failure)
[409.940s][info][gc,heap        ] GC(824) PSYoungGen: 182079K(182272K)->511K(174592K) Eden: 180224K(180224K)->0K(174080K) From: 1855K(2048K)->511K(512K)
[409.940s][info][gc,heap        ] GC(824) ParOldGen: 287911K(334848K)->287927K(334848K)
[409.940s][info][gc,metaspace   ] GC(824) Metaspace: 57454K(57728K)->57454K(57728K) NonClass: 49152K(49344K)->49152K(49344K) Class: 8301K(8384K)->8301K(8384K)
[409.940s][info][gc             ] GC(824) Pause Young (Allocation Failure) 458M->281M(497M) 2.390ms
[409.940s][info][gc,cpu         ] GC(824) User=0.00s Sys=0.00s Real=0.00s
[410.350s][info][gc,start       ] GC(825) Pause Young (Allocation Failure)
[410.353s][info][gc,heap        ] GC(825) PSYoungGen: 174591K(174592K)->896K(168960K) Eden: 174080K(174080K)->0K(167936K) From: 511K(512K)->896K(1024K)
[410.353s][info][gc,heap        ] GC(825) ParOldGen: 287927K(334848K)->287943K(334848K)
[410.353s][info][gc,metaspace   ] GC(825) Metaspace: 57454K(57728K)->57454K(57728K) NonClass: 49152K(49344K)->49152K(49344K) Class: 8301K(8384K)->8301K(8384K)
[410.353s][info][gc             ] GC(825) Pause Young (Allocation Failure) 451M->282M(492M) 2.938ms
[410.353s][info][gc,cpu         ] GC(825) User=0.00s Sys=0.00s Real=0.00s
[410.751s][info][gc,start       ] GC(826) Pause Young (Allocation Failure)
[410.758s][info][gc,heap        ] GC(826) PSYoungGen: 168832K(168960K)->1982K(164352K) Eden: 167936K(167936K)->0K(162304K) From: 896K(1024K)->1982K(2048K)
[410.758s][info][gc,heap        ] GC(826) ParOldGen: 287943K(334848K)->287959K(334848K)
[410.758s][info][gc,metaspace   ] GC(826) Metaspace: 57457K(57728K)->57457K(57728K) NonClass: 49155K(49344K)->49155K(49344K) Class: 8301K(8384K)->8301K(8384K)
[410.758s][info][gc             ] GC(826) Pause Young (Allocation Failure) 446M->283M(487M) 7.116ms
[410.758s][info][gc,cpu         ] GC(826) User=0.01s Sys=0.00s Real=0.01s
[411.149s][info][gc,start       ] GC(827) Pause Young (Allocation Failure)
[411.153s][info][gc,heap        ] GC(827) PSYoungGen: 164286K(164352K)->1407K(158208K) Eden: 162304K(162304K)->0K(156672K) From: 1982K(2048K)->1407K(1536K)
[411.153s][info][gc,heap        ] GC(827) ParOldGen: 287959K(334848K)->287975K(334848K)
[411.153s][info][gc,metaspace   ] GC(827) Metaspace: 57457K(57728K)->57457K(57728K) NonClass: 49155K(49344K)->49155K(49344K) Class: 8301K(8384K)->8301K(8384K)
[411.153s][info][gc             ] GC(827) Pause Young (Allocation Failure) 441M->282M(481M) 3.455ms
[411.153s][info][gc,cpu         ] GC(827) User=0.01s Sys=0.00s Real=0.00s
[411.537s][info][gc,start       ] GC(828) Pause Young (Allocation Failure)
[411.540s][info][gc,heap        ] GC(828) PSYoungGen: 158079K(158208K)->556K(152576K) Eden: 156672K(156672K)->0K(151552K) From: 1407K(1536K)->556K(1024K)
[411.540s][info][gc,heap        ] GC(828) ParOldGen: 287975K(334848K)->287991K(334848K)
[411.540s][info][gc,metaspace   ] GC(828) Metaspace: 57457K(57728K)->57457K(57728K) NonClass: 49155K(49344K)->49155K(49344K) Class: 8301K(8384K)->8301K(8384K)
[411.540s][info][gc             ] GC(828) Pause Young (Allocation Failure) 435M->281M(476M) 2.734ms
[411.540s][info][gc,cpu         ] GC(828) User=0.00s Sys=0.00s Real=0.00s
[411.871s][info][gc,start       ] GC(829) Pause Young (Allocation Failure)
[411.875s][info][gc,heap        ] GC(829) PSYoungGen: 151839K(152576K)->2112K(148992K) Eden: 151283K(151552K)->0K(146432K) From: 556K(1024K)->2112K(2560K)
[411.875s][info][gc,heap        ] GC(829) ParOldGen: 287991K(334848K)->288007K(334848K)
[411.875s][info][gc,metaspace   ] GC(829) Metaspace: 57457K(57728K)->57457K(57728K) NonClass: 49155K(49344K)->49155K(49344K) Class: 8301K(8384K)->8301K(8384K)
[411.875s][info][gc             ] GC(829) Pause Young (Allocation Failure) 429M->283M(472M) 4.447ms
[411.876s][info][gc,cpu         ] GC(829) User=0.01s Sys=0.00s Real=0.00s
[412.352s][info][gc,start       ] GC(830) Pause Young (Allocation Failure)
[412.355s][info][gc,heap        ] GC(830) PSYoungGen: 148544K(148992K)->1662K(143872K) Eden: 146432K(146432K)->0K(141824K) From: 2112K(2560K)->1662K(2048K)
[412.355s][info][gc,heap        ] GC(830) ParOldGen: 288007K(334848K)->288023K(334848K)
[412.355s][info][gc,metaspace   ] GC(830) Metaspace: 57457K(57728K)->57457K(57728K) NonClass: 49155K(49344K)->49155K(49344K) Class: 8301K(8384K)->8301K(8384K)
[412.355s][info][gc             ] GC(830) Pause Young (Allocation Failure) 426M->282M(467M) 3.625ms
[412.355s][info][gc,cpu         ] GC(830) User=0.01s Sys=0.00s Real=0.00s
[412.669s][info][gc,start       ] GC(831) Pause Young (Allocation Failure)
[412.674s][info][gc,heap        ] GC(831) PSYoungGen: 143486K(143872K)->1856K(171520K) Eden: 141824K(141824K)->0K(169472K) From: 1662K(2048K)->1856K(2048K)
[412.674s][info][gc,heap        ] GC(831) ParOldGen: 288023K(334848K)->288039K(334848K)
[412.674s][info][gc,metaspace   ] GC(831) Metaspace: 57457K(57728K)->57457K(57728K) NonClass: 49155K(49344K)->49155K(49344K) Class: 8301K(8384K)->8301K(8384K)
[412.674s][info][gc             ] GC(831) Pause Young (Allocation Failure) 421M->283M(494M) 4.517ms
[412.674s][info][gc,cpu         ] GC(831) User=0.01s Sys=0.00s Real=0.00s
[413.075s][info][gc,start       ] GC(832) Pause Young (Allocation Failure)
[413.080s][info][gc,heap        ] GC(832) PSYoungGen: 171328K(171520K)->2078K(204800K) Eden: 169472K(169472K)->0K(202240K) From: 1856K(2048K)->2078K(2560K)
[413.080s][info][gc,heap        ] GC(832) ParOldGen: 288039K(334848K)->288055K(334848K)
[413.080s][info][gc,metaspace   ] GC(832) Metaspace: 57457K(57728K)->57457K(57728K) NonClass: 49155K(49344K)->49155K(49344K) Class: 8301K(8384K)->8301K(8384K)
[413.080s][info][gc             ] GC(832) Pause Young (Allocation Failure) 448M->283M(527M) 4.428ms
[413.080s][info][gc,cpu         ] GC(832) User=0.00s Sys=0.00s Real=0.01s
[413.573s][info][gc,start       ] GC(833) Pause Young (Allocation Failure)
[413.577s][info][gc,heap        ] GC(833) PSYoungGen: 204318K(204800K)->1888K(242688K) Eden: 202240K(202240K)->0K(240640K) From: 2078K(2560K)->1888K(2048K)
[413.577s][info][gc,heap        ] GC(833) ParOldGen: 288055K(334848K)->288390K(334848K)
[413.577s][info][gc,metaspace   ] GC(833) Metaspace: 57457K(57728K)->57457K(57728K) NonClass: 49155K(49344K)->49155K(49344K) Class: 8301K(8384K)->8301K(8384K)
[413.577s][info][gc             ] GC(833) Pause Young (Allocation Failure) 480M->283M(564M) 4.097ms
[413.577s][info][gc,cpu         ] GC(833) User=0.01s Sys=0.00s Real=0.01s
[414.162s][info][gc,start       ] GC(834) Pause Young (Allocation Failure)
[414.166s][info][gc,heap        ] GC(834) PSYoungGen: 242528K(242688K)->1951K(233472K) Eden: 240640K(240640K)->0K(231424K) From: 1888K(2048K)->1951K(2048K)
[414.166s][info][gc,heap        ] GC(834) ParOldGen: 288390K(334848K)->288406K(334848K)
[414.166s][info][gc,metaspace   ] GC(834) Metaspace: 57457K(57728K)->57457K(57728K) NonClass: 49155K(49344K)->49155K(49344K) Class: 8301K(8384K)->8301K(8384K)
[414.166s][info][gc             ] GC(834) Pause Young (Allocation Failure) 518M->283M(555M) 4.430ms
[414.166s][info][gc,cpu         ] GC(834) User=0.00s Sys=0.01s Real=0.01s
[414.742s][info][gc,start       ] GC(835) Pause Young (Allocation Failure)
[414.747s][info][gc,heap        ] GC(835) PSYoungGen: 233375K(233472K)->873K(223744K) Eden: 231424K(231424K)->0K(222720K) From: 1951K(2048K)->873K(1024K)
[414.747s][info][gc,heap        ] GC(835) ParOldGen: 288406K(334848K)->288422K(334848K)
[414.747s][info][gc,metaspace   ] GC(835) Metaspace: 57457K(57728K)->57457K(57728K) NonClass: 49155K(49344K)->49155K(49344K) Class: 8301K(8384K)->8301K(8384K)
[414.747s][info][gc             ] GC(835) Pause Young (Allocation Failure) 509M->282M(545M) 5.246ms
[414.747s][info][gc,cpu         ] GC(835) User=0.00s Sys=0.00s Real=0.01s
[415.261s][info][gc,start       ] GC(836) Pause Young (Allocation Failure)
[415.268s][info][gc,heap        ] GC(836) PSYoungGen: 223593K(223744K)->2815K(244224K) Eden: 222720K(222720K)->0K(241152K) From: 873K(1024K)->2815K(3072K)
[415.268s][info][gc,heap        ] GC(836) ParOldGen: 288422K(334848K)->288438K(334848K)
[415.268s][info][gc,metaspace   ] GC(836) Metaspace: 57457K(57728K)->57457K(57728K) NonClass: 49155K(49344K)->49155K(49344K) Class: 8301K(8384K)->8301K(8384K)
[415.268s][info][gc             ] GC(836) Pause Young (Allocation Failure) 500M->284M(565M) 7.217ms
[415.268s][info][gc,cpu         ] GC(836) User=0.01s Sys=0.01s Real=0.01s
[415.850s][info][gc,start       ] GC(837) Pause Young (Allocation Failure)
[415.853s][info][gc,heap        ] GC(837) PSYoungGen: 243967K(244224K)->1726K(233984K) Eden: 241152K(241152K)->0K(231936K) From: 2815K(3072K)->1726K(2048K)
[415.853s][info][gc,heap        ] GC(837) ParOldGen: 288438K(334848K)->288454K(334848K)
[415.853s][info][gc,metaspace   ] GC(837) Metaspace: 57457K(57728K)->57457K(57728K) NonClass: 49155K(49344K)->49155K(49344K) Class: 8301K(8384K)->8301K(8384K)
[415.853s][info][gc             ] GC(837) Pause Young (Allocation Failure) 519M->283M(555M) 3.749ms
[415.853s][info][gc,cpu         ] GC(837) User=0.00s Sys=0.01s Real=0.00s
[416.448s][info][gc,start       ] GC(838) Pause Young (Allocation Failure)
[416.451s][info][gc,heap        ] GC(838) PSYoungGen: 233662K(233984K)->1118K(224768K) Eden: 231936K(231936K)->0K(223232K) From: 1726K(2048K)->1118K(1536K)
[416.451s][info][gc,heap        ] GC(838) ParOldGen: 288454K(334848K)->288470K(334848K)
[416.451s][info][gc,metaspace   ] GC(838) Metaspace: 57457K(57728K)->57457K(57728K) NonClass: 49155K(49344K)->49155K(49344K) Class: 8301K(8384K)->8301K(8384K)
[416.451s][info][gc             ] GC(838) Pause Young (Allocation Failure) 509M->282M(546M) 2.873ms
[416.451s][info][gc,cpu         ] GC(838) User=0.01s Sys=0.00s Real=0.00s
[416.953s][info][gc,start       ] GC(839) Pause Young (Allocation Failure)
[416.956s][info][gc,heap        ] GC(839) PSYoungGen: 224350K(224768K)->1374K(216576K) Eden: 223232K(223232K)->0K(215040K) From: 1118K(1536K)->1374K(1536K)
[416.956s][info][gc,heap        ] GC(839) ParOldGen: 288470K(334848K)->288486K(334848K)
[416.956s][info][gc,metaspace   ] GC(839) Metaspace: 57457K(57728K)->57457K(57728K) NonClass: 49155K(49344K)->49155K(49344K) Class: 8301K(8384K)->8301K(8384K)
[416.956s][info][gc             ] GC(839) Pause Young (Allocation Failure) 500M->283M(538M) 3.193ms
[416.956s][info][gc,cpu         ] GC(839) User=0.00s Sys=0.00s Real=0.01s
[417.464s][info][gc,start       ] GC(840) Pause Young (Allocation Failure)
[417.469s][info][gc,heap        ] GC(840) PSYoungGen: 216414K(216576K)->2270K(209920K) Eden: 215040K(215040K)->0K(207360K) From: 1374K(1536K)->2270K(2560K)
[417.469s][info][gc,heap        ] GC(840) ParOldGen: 288486K(334848K)->288502K(334848K)
[417.469s][info][gc,metaspace   ] GC(840) Metaspace: 57457K(57728K)->57457K(57728K) NonClass: 49155K(49344K)->49155K(49344K) Class: 8301K(8384K)->8301K(8384K)
[417.469s][info][gc             ] GC(840) Pause Young (Allocation Failure) 493M->283M(532M) 4.645ms
[417.469s][info][gc,cpu         ] GC(840) User=0.01s Sys=0.00s Real=0.01s
[417.964s][info][gc,start       ] GC(841) Pause Young (Allocation Failure)
[417.969s][info][gc,heap        ] GC(841) PSYoungGen: 209630K(209920K)->2334K(202240K) Eden: 207360K(207360K)->0K(199680K) From: 2270K(2560K)->2334K(2560K)
[417.969s][info][gc,heap        ] GC(841) ParOldGen: 288502K(334848K)->288518K(334848K)
[417.969s][info][gc,metaspace   ] GC(841) Metaspace: 57457K(57728K)->57457K(57728K) NonClass: 49155K(49344K)->49155K(49344K) Class: 8301K(8384K)->8301K(8384K)
[417.969s][info][gc             ] GC(841) Pause Young (Allocation Failure) 486M->284M(524M) 4.613ms
[417.969s][info][gc,cpu         ] GC(841) User=0.01s Sys=0.00s Real=0.01s
[418.510s][info][gc,start       ] GC(842) Pause Young (Allocation Failure)
[418.515s][info][gc,heap        ] GC(842) PSYoungGen: 202014K(202240K)->2014K(194560K) Eden: 199680K(199680K)->0K(192512K) From: 2334K(2560K)->2014K(2048K)
[418.515s][info][gc,heap        ] GC(842) ParOldGen: 288518K(334848K)->288534K(334848K)
[418.515s][info][gc,metaspace   ] GC(842) Metaspace: 57457K(57728K)->57457K(57728K) NonClass: 49155K(49344K)->49155K(49344K) Class: 8301K(8384K)->8301K(8384K)
[418.515s][info][gc             ] GC(842) Pause Young (Allocation Failure) 479M->283M(517M) 4.575ms
[418.515s][info][gc,cpu         ] GC(842) User=0.01s Sys=0.00s Real=0.00s
[418.936s][info][gc,start       ] GC(843) Pause Young (Allocation Failure)
[418.938s][info][gc,heap        ] GC(843) PSYoungGen: 194526K(194560K)->455K(186368K) Eden: 192512K(192512K)->0K(185856K) From: 2014K(2048K)->455K(512K)
[418.938s][info][gc,heap        ] GC(843) ParOldGen: 288534K(334848K)->288550K(334848K)
[418.938s][info][gc,metaspace   ] GC(843) Metaspace: 57457K(57728K)->57457K(57728K) NonClass: 49155K(49344K)->49155K(49344K) Class: 8301K(8384K)->8301K(8384K)
[418.938s][info][gc             ] GC(843) Pause Young (Allocation Failure) 471M->282M(509M) 2.143ms
[418.938s][info][gc,cpu         ] GC(843) User=0.01s Sys=0.00s Real=0.00s
[419.401s][info][gc,start       ] GC(844) Pause Young (Allocation Failure)
[419.406s][info][gc,heap        ] GC(844) PSYoungGen: 186288K(186368K)->1952K(182784K) Eden: 185833K(185856K)->0K(179200K) From: 455K(512K)->1952K(3584K)
[419.407s][info][gc,heap        ] GC(844) ParOldGen: 288550K(334848K)->288566K(334848K)
[419.407s][info][gc,metaspace   ] GC(844) Metaspace: 57457K(57728K)->57457K(57728K) NonClass: 49155K(49344K)->49155K(49344K) Class: 8301K(8384K)->8301K(8384K)
[419.407s][info][gc             ] GC(844) Pause Young (Allocation Failure) 463M->283M(505M) 5.279ms
[419.407s][info][gc,cpu         ] GC(844) User=0.00s Sys=0.01s Real=0.01s
[419.777s][info][gc,start       ] GC(845) Pause Young (Allocation Failure)
[419.781s][info][gc,heap        ] GC(845) PSYoungGen: 181066K(182784K)->1408K(174592K) Eden: 179114K(179200K)->0K(173056K) From: 1952K(3584K)->1408K(1536K)
[419.781s][info][gc,heap        ] GC(845) ParOldGen: 288566K(334848K)->288582K(334848K)
[419.781s][info][gc,metaspace   ] GC(845) Metaspace: 57457K(57728K)->57457K(57728K) NonClass: 49155K(49344K)->49155K(49344K) Class: 8301K(8384K)->8301K(8384K)
[419.781s][info][gc             ] GC(845) Pause Young (Allocation Failure) 458M->283M(497M) 3.992ms
[419.781s][info][gc,cpu         ] GC(845) User=0.01s Sys=0.00s Real=0.00s
[420.193s][info][gc,start       ] GC(846) Pause Young (Allocation Failure)
[420.196s][info][gc,heap        ] GC(846) PSYoungGen: 174464K(174592K)->742K(168448K) Eden: 173056K(173056K)->0K(167424K) From: 1408K(1536K)->742K(1024K)
[420.196s][info][gc,heap        ] GC(846) ParOldGen: 288582K(334848K)->288598K(334848K)
[420.196s][info][gc,metaspace   ] GC(846) Metaspace: 57457K(57728K)->57457K(57728K) NonClass: 49155K(49344K)->49155K(49344K) Class: 8301K(8384K)->8301K(8384K)
[420.196s][info][gc             ] GC(846) Pause Young (Allocation Failure) 452M->282M(491M) 2.272ms
[420.196s][info][gc,cpu         ] GC(846) User=0.00s Sys=0.00s Real=0.00s
[420.637s][info][gc,start       ] GC(847) Pause Young (Allocation Failure)
[420.639s][info][gc,heap        ] GC(847) PSYoungGen: 168166K(168448K)->381K(162304K) Eden: 167424K(167424K)->0K(161792K) From: 742K(1024K)->381K(512K)
[420.639s][info][gc,heap        ] GC(847) ParOldGen: 288598K(334848K)->288614K(334848K)
[420.639s][info][gc,metaspace   ] GC(847) Metaspace: 57457K(57728K)->57457K(57728K) NonClass: 49155K(49344K)->49155K(49344K) Class: 8301K(8384K)->8301K(8384K)
[420.639s][info][gc             ] GC(847) Pause Young (Allocation Failure) 446M->282M(485M) 2.078ms
[420.639s][info][gc,cpu         ] GC(847) User=0.00s Sys=0.00s Real=0.00s
[420.987s][info][gc,start       ] GC(848) Pause Young (Allocation Failure)
[420.990s][info][gc,heap        ] GC(848) PSYoungGen: 162173K(162304K)->703K(160256K) Eden: 161792K(161792K)->0K(156672K) From: 381K(512K)->703K(3584K)
[420.990s][info][gc,heap        ] GC(848) ParOldGen: 288614K(334848K)->288630K(334848K)
[420.990s][info][gc,metaspace   ] GC(848) Metaspace: 57457K(57728K)->57457K(57728K) NonClass: 49155K(49344K)->49155K(49344K) Class: 8301K(8384K)->8301K(8384K)
[420.990s][info][gc             ] GC(848) Pause Young (Allocation Failure) 440M->282M(483M) 2.345ms
[420.990s][info][gc,cpu         ] GC(848) User=0.00s Sys=0.00s Real=0.00s
[421.375s][info][gc,start       ] GC(849) Pause Young (Allocation Failure)
[421.380s][info][gc,heap        ] GC(849) PSYoungGen: 157375K(160256K)->2080K(154112K) Eden: 156672K(156672K)->0K(151552K) From: 703K(3584K)->2080K(2560K)
[421.380s][info][gc,heap        ] GC(849) ParOldGen: 288630K(334848K)->288646K(334848K)
[421.380s][info][gc,metaspace   ] GC(849) Metaspace: 57457K(57728K)->57457K(57728K) NonClass: 49155K(49344K)->49155K(49344K) Class: 8301K(8384K)->8301K(8384K)
[421.380s][info][gc             ] GC(849) Pause Young (Allocation Failure) 435M->283M(477M) 4.888ms
[421.380s][info][gc,cpu         ] GC(849) User=0.01s Sys=0.00s Real=0.01s
[421.754s][info][gc,start       ] GC(850) Pause Young (Allocation Failure)
[421.758s][info][gc,heap        ] GC(850) PSYoungGen: 153632K(154112K)->1982K(148480K) Eden: 151552K(151552K)->0K(146432K) From: 2080K(2560K)->1982K(2048K)
[421.758s][info][gc,heap        ] GC(850) ParOldGen: 288646K(334848K)->288662K(334848K)
[421.758s][info][gc,metaspace   ] GC(850) Metaspace: 57457K(57728K)->57457K(57728K) NonClass: 49155K(49344K)->49155K(49344K) Class: 8301K(8384K)->8301K(8384K)
[421.758s][info][gc             ] GC(850) Pause Young (Allocation Failure) 431M->283M(472M) 4.130ms
[421.758s][info][gc,cpu         ] GC(850) User=0.01s Sys=0.00s Real=0.01s
[422.094s][info][gc,start       ] GC(851) Pause Young (Allocation Failure)
[422.096s][info][gc,heap        ] GC(851) PSYoungGen: 148414K(148480K)->384K(142336K) Eden: 146432K(146432K)->0K(141824K) From: 1982K(2048K)->384K(512K)
[422.096s][info][gc,heap        ] GC(851) ParOldGen: 288662K(334848K)->288678K(334848K)
[422.096s][info][gc,metaspace   ] GC(851) Metaspace: 57457K(57728K)->57457K(57728K) NonClass: 49155K(49344K)->49155K(49344K) Class: 8301K(8384K)->8301K(8384K)
[422.096s][info][gc             ] GC(851) Pause Young (Allocation Failure) 426M->282M(466M) 1.990ms
[422.096s][info][gc,cpu         ] GC(851) User=0.00s Sys=0.00s Real=0.01s
[422.456s][info][gc,start       ] GC(852) Pause Young (Allocation Failure)
[422.459s][info][gc,heap        ] GC(852) PSYoungGen: 142208K(142336K)->1664K(140800K) Eden: 141824K(141824K)->0K(137216K) From: 384K(512K)->1664K(3584K)
[422.459s][info][gc,heap        ] GC(852) ParOldGen: 288678K(334848K)->288694K(334848K)
[422.459s][info][gc,metaspace   ] GC(852) Metaspace: 57457K(57728K)->57457K(57728K) NonClass: 49155K(49344K)->49155K(49344K) Class: 8301K(8384K)->8301K(8384K)
[422.460s][info][gc             ] GC(852) Pause Young (Allocation Failure) 420M->283M(464M) 3.728ms
[422.460s][info][gc,cpu         ] GC(852) User=0.01s Sys=0.00s Real=0.01s
[422.777s][info][gc,start       ] GC(853) Pause Young (Allocation Failure)
[422.781s][info][gc,heap        ] GC(853) PSYoungGen: 138740K(140800K)->1888K(165888K) Eden: 137076K(137216K)->0K(163840K) From: 1664K(3584K)->1888K(2048K)
[422.781s][info][gc,heap        ] GC(853) ParOldGen: 288694K(334848K)->288710K(334848K)
[422.781s][info][gc,metaspace   ] GC(853) Metaspace: 57457K(57728K)->57457K(57728K) NonClass: 49155K(49344K)->49155K(49344K) Class: 8301K(8384K)->8301K(8384K)
[422.781s][info][gc             ] GC(853) Pause Young (Allocation Failure) 417M->283M(489M) 4.557ms
[422.781s][info][gc,cpu         ] GC(853) User=0.01s Sys=0.01s Real=0.00s
[423.164s][info][gc,start       ] GC(854) Pause Young (Allocation Failure)
[423.168s][info][gc,heap        ] GC(854) PSYoungGen: 165728K(165888K)->2175K(197632K) Eden: 163840K(163840K)->0K(195072K) From: 1888K(2048K)->2175K(2560K)
[423.168s][info][gc,heap        ] GC(854) ParOldGen: 288710K(334848K)->288726K(334848K)
[423.168s][info][gc,metaspace   ] GC(854) Metaspace: 57457K(57728K)->57457K(57728K) NonClass: 49155K(49344K)->49155K(49344K) Class: 8301K(8384K)->8301K(8384K)
[423.169s][info][gc             ] GC(854) Pause Young (Allocation Failure) 443M->284M(520M) 4.166ms
[423.169s][info][gc,cpu         ] GC(854) User=0.01s Sys=0.00s Real=0.01s
[423.823s][info][gc,start       ] GC(855) Pause Young (Allocation Failure)
[423.826s][info][gc,heap        ] GC(855) PSYoungGen: 197247K(197632K)->1694K(190464K) Eden: 195072K(195072K)->0K(188416K) From: 2175K(2560K)->1694K(2048K)
[423.826s][info][gc,heap        ] GC(855) ParOldGen: 288726K(334848K)->288742K(334848K)
[423.826s][info][gc,metaspace   ] GC(855) Metaspace: 57459K(57728K)->57459K(57728K) NonClass: 49157K(49344K)->49157K(49344K) Class: 8301K(8384K)->8301K(8384K)
[423.826s][info][gc             ] GC(855) Pause Young (Allocation Failure) 474M->283M(513M) 3.121ms
[423.826s][info][gc,cpu         ] GC(855) User=0.01s Sys=0.00s Real=0.01s
[424.193s][info][gc,start       ] GC(856) Pause Young (Allocation Failure)
[424.195s][info][gc,heap        ] GC(856) PSYoungGen: 189907K(190464K)->512K(182272K) Eden: 188213K(188416K)->0K(181760K) From: 1694K(2048K)->512K(512K)
[424.195s][info][gc,heap        ] GC(856) ParOldGen: 288742K(334848K)->288758K(334848K)
[424.195s][info][gc,metaspace   ] GC(856) Metaspace: 57459K(57792K)->57459K(57792K) NonClass: 49157K(49408K)->49157K(49408K) Class: 8301K(8384K)->8301K(8384K)
[424.195s][info][gc             ] GC(856) Pause Young (Allocation Failure) 467M->282M(505M) 2.334ms
[424.195s][info][gc,cpu         ] GC(856) User=0.00s Sys=0.00s Real=0.00s
[424.653s][info][gc,start       ] GC(857) Pause Young (Allocation Failure)
[424.657s][info][gc,heap        ] GC(857) PSYoungGen: 182021K(182272K)->1664K(177664K) Eden: 181509K(181760K)->0K(175616K) From: 512K(512K)->1664K(2048K)
[424.657s][info][gc,heap        ] GC(857) ParOldGen: 288758K(334848K)->288774K(334848K)
[424.657s][info][gc,metaspace   ] GC(857) Metaspace: 57459K(57792K)->57459K(57792K) NonClass: 49157K(49408K)->49157K(49408K) Class: 8301K(8384K)->8301K(8384K)
[424.657s][info][gc             ] GC(857) Pause Young (Allocation Failure) 459M->283M(500M) 3.760ms
[424.657s][info][gc,cpu         ] GC(857) User=0.01s Sys=0.00s Real=0.01s
[425.063s][info][gc,start       ] GC(858) Pause Young (Allocation Failure)
[425.067s][info][gc,heap        ] GC(858) PSYoungGen: 177000K(177664K)->1888K(171520K) Eden: 175336K(175616K)->0K(169472K) From: 1664K(2048K)->1888K(2048K)
[425.067s][info][gc,heap        ] GC(858) ParOldGen: 288774K(334848K)->288790K(334848K)
[425.067s][info][gc,metaspace   ] GC(858) Metaspace: 57459K(57792K)->57459K(57792K) NonClass: 49157K(49408K)->49157K(49408K) Class: 8301K(8384K)->8301K(8384K)
[425.067s][info][gc             ] GC(858) Pause Young (Allocation Failure) 454M->283M(494M) 4.111ms
[425.067s][info][gc,cpu         ] GC(858) User=0.01s Sys=0.00s Real=0.01s
[425.464s][info][gc,start       ] GC(859) Pause Young (Allocation Failure)
[425.468s][info][gc,heap        ] GC(859) PSYoungGen: 171360K(171520K)->1984K(165888K) Eden: 169472K(169472K)->0K(163840K) From: 1888K(2048K)->1984K(2048K)
[425.468s][info][gc,heap        ] GC(859) ParOldGen: 288790K(334848K)->288806K(334848K)
[425.468s][info][gc,metaspace   ] GC(859) Metaspace: 57459K(57792K)->57459K(57792K) NonClass: 49157K(49408K)->49157K(49408K) Class: 8301K(8384K)->8301K(8384K)
[425.468s][info][gc             ] GC(859) Pause Young (Allocation Failure) 449M->283M(489M) 4.273ms
[425.468s][info][gc,cpu         ] GC(859) User=0.01s Sys=0.00s Real=0.01s
[425.866s][info][gc,start       ] GC(860) Pause Young (Allocation Failure)
[425.869s][info][gc,heap        ] GC(860) PSYoungGen: 165824K(165888K)->1695K(160256K) Eden: 163840K(163840K)->0K(158208K) From: 1984K(2048K)->1695K(2048K)
[425.869s][info][gc,heap        ] GC(860) ParOldGen: 288806K(334848K)->288822K(334848K)
[425.869s][info][gc,metaspace   ] GC(860) Metaspace: 57459K(57792K)->57459K(57792K) NonClass: 49157K(49408K)->49157K(49408K) Class: 8301K(8384K)->8301K(8384K)
[425.869s][info][gc             ] GC(860) Pause Young (Allocation Failure) 443M->283M(483M) 3.508ms
[425.869s][info][gc,cpu         ] GC(860) User=0.01s Sys=0.00s Real=0.01s
[426.254s][info][gc,start       ] GC(861) Pause Young (Allocation Failure)
[426.257s][info][gc,heap        ] GC(861) PSYoungGen: 159903K(160256K)->1535K(154624K) Eden: 158208K(158208K)->0K(153088K) From: 1695K(2048K)->1535K(1536K)
[426.257s][info][gc,heap        ] GC(861) ParOldGen: 288822K(334848K)->288838K(334848K)
[426.257s][info][gc,metaspace   ] GC(861) Metaspace: 57459K(57792K)->57459K(57792K) NonClass: 49157K(49408K)->49157K(49408K) Class: 8301K(8384K)->8301K(8384K)
[426.257s][info][gc             ] GC(861) Pause Young (Allocation Failure) 438M->283M(478M) 3.247ms
[426.257s][info][gc,cpu         ] GC(861) User=0.00s Sys=0.00s Real=0.01s
[426.640s][info][gc,start       ] GC(862) Pause Young (Allocation Failure)
[426.643s][info][gc,heap        ] GC(862) PSYoungGen: 154623K(154624K)->672K(148992K) Eden: 153088K(153088K)->0K(147968K) From: 1535K(1536K)->672K(1024K)
[426.643s][info][gc,heap        ] GC(862) ParOldGen: 288838K(334848K)->288854K(334848K)
[426.643s][info][gc,metaspace   ] GC(862) Metaspace: 57459K(57792K)->57459K(57792K) NonClass: 49157K(49408K)->49157K(49408K) Class: 8301K(8384K)->8301K(8384K)
[426.643s][info][gc             ] GC(862) Pause Young (Allocation Failure) 433M->282M(472M) 2.381ms
[426.643s][info][gc,cpu         ] GC(862) User=0.00s Sys=0.00s Real=0.00s
[426.968s][info][gc,start       ] GC(863) Pause Young (Allocation Failure)
[426.972s][info][gc,heap        ] GC(863) PSYoungGen: 148640K(148992K)->2144K(145920K) Eden: 147968K(147968K)->0K(143360K) From: 672K(1024K)->2144K(2560K)
[426.972s][info][gc,heap        ] GC(863) ParOldGen: 288854K(334848K)->288870K(334848K)
[426.972s][info][gc,metaspace   ] GC(863) Metaspace: 57459K(57792K)->57459K(57792K) NonClass: 49157K(49408K)->49157K(49408K) Class: 8301K(8384K)->8301K(8384K)
[426.972s][info][gc             ] GC(863) Pause Young (Allocation Failure) 427M->284M(469M) 4.365ms
[426.973s][info][gc,cpu         ] GC(863) User=0.01s Sys=0.00s Real=0.00s
[427.345s][info][gc,start       ] GC(864) Pause Young (Allocation Failure)
[427.347s][info][gc,heap        ] GC(864) PSYoungGen: 145504K(145920K)->1438K(140288K) Eden: 143360K(143360K)->0K(138752K) From: 2144K(2560K)->1438K(1536K)
[427.347s][info][gc,heap        ] GC(864) ParOldGen: 288870K(334848K)->288886K(334848K)
[427.347s][info][gc,metaspace   ] GC(864) Metaspace: 57459K(57792K)->57459K(57792K) NonClass: 49157K(49408K)->49157K(49408K) Class: 8301K(8384K)->8301K(8384K)
[427.347s][info][gc             ] GC(864) Pause Young (Allocation Failure) 424M->283M(464M) 2.719ms
[427.347s][info][gc,cpu         ] GC(864) User=0.01s Sys=0.00s Real=0.01s
[427.661s][info][gc,start       ] GC(865) Pause Young (Allocation Failure)
[427.665s][info][gc,heap        ] GC(865) PSYoungGen: 140190K(140288K)->2302K(137216K) Eden: 138752K(138752K)->0K(134656K) From: 1438K(1536K)->2302K(2560K)
[427.665s][info][gc,heap        ] GC(865) ParOldGen: 288886K(334848K)->288902K(334848K)
[427.665s][info][gc,metaspace   ] GC(865) Metaspace: 57459K(57792K)->57459K(57792K) NonClass: 49157K(49408K)->49157K(49408K) Class: 8301K(8384K)->8301K(8384K)
[427.665s][info][gc             ] GC(865) Pause Young (Allocation Failure) 419M->284M(461M) 3.818ms
[427.665s][info][gc,cpu         ] GC(865) User=0.00s Sys=0.00s Real=0.00s
[428.050s][info][gc,start       ] GC(866) Pause Young (Allocation Failure)
[428.053s][info][gc,heap        ] GC(866) PSYoungGen: 136958K(137216K)->1951K(132608K) Eden: 134656K(134656K)->0K(130560K) From: 2302K(2560K)->1951K(2048K)
[428.053s][info][gc,heap        ] GC(866) ParOldGen: 288902K(334848K)->288918K(334848K)
[428.053s][info][gc,metaspace   ] GC(866) Metaspace: 57459K(57792K)->57459K(57792K) NonClass: 49157K(49408K)->49157K(49408K) Class: 8301K(8384K)->8301K(8384K)
[428.053s][info][gc             ] GC(866) Pause Young (Allocation Failure) 415M->284M(456M) 3.836ms
[428.054s][info][gc,cpu         ] GC(866) User=0.01s Sys=0.00s Real=0.00s
[428.284s][info][gc,start       ] GC(867) Pause Young (Allocation Failure)
[428.287s][info][gc,heap        ] GC(867) PSYoungGen: 132511K(132608K)->1471K(157184K) Eden: 130560K(130560K)->0K(155648K) From: 1951K(2048K)->1471K(1536K)
[428.287s][info][gc,heap        ] GC(867) ParOldGen: 288918K(334848K)->288934K(334848K)
[428.287s][info][gc,metaspace   ] GC(867) Metaspace: 57459K(57792K)->57459K(57792K) NonClass: 49157K(49408K)->49157K(49408K) Class: 8301K(8384K)->8301K(8384K)
[428.287s][info][gc             ] GC(867) Pause Young (Allocation Failure) 411M->283M(480M) 3.162ms
[428.287s][info][gc,cpu         ] GC(867) User=0.01s Sys=0.00s Real=0.01s
[428.668s][info][gc,start       ] GC(868) Pause Young (Allocation Failure)
[428.671s][info][gc,heap        ] GC(868) PSYoungGen: 157119K(157184K)->1759K(187392K) Eden: 155648K(155648K)->0K(185344K) From: 1471K(1536K)->1759K(2048K)
[428.672s][info][gc,heap        ] GC(868) ParOldGen: 288934K(334848K)->288950K(334848K)
[428.672s][info][gc,metaspace   ] GC(868) Metaspace: 57459K(57792K)->57459K(57792K) NonClass: 49157K(49408K)->49157K(49408K) Class: 8301K(8384K)->8301K(8384K)
[428.672s][info][gc             ] GC(868) Pause Young (Allocation Failure) 435M->283M(510M) 3.520ms
[428.672s][info][gc,cpu         ] GC(868) User=0.01s Sys=0.00s Real=0.00s
[429.138s][info][gc,start       ] GC(869) Pause Young (Allocation Failure)
[429.140s][info][gc,heap        ] GC(869) PSYoungGen: 187103K(187392K)->527K(179712K) Eden: 185344K(185344K)->0K(178688K) From: 1759K(2048K)->527K(1024K)
[429.140s][info][gc,heap        ] GC(869) ParOldGen: 288950K(334848K)->288966K(334848K)
[429.140s][info][gc,metaspace   ] GC(869) Metaspace: 57459K(57792K)->57459K(57792K) NonClass: 49157K(49408K)->49157K(49408K) Class: 8301K(8384K)->8301K(8384K)
[429.140s][info][gc             ] GC(869) Pause Young (Allocation Failure) 464M->282M(502M) 2.107ms
[429.140s][info][gc,cpu         ] GC(869) User=0.00s Sys=0.00s Real=0.00s
[429.556s][info][gc,start       ] GC(870) Pause Young (Allocation Failure)
[429.559s][info][gc,heap        ] GC(870) PSYoungGen: 179215K(179712K)->1823K(174592K) Eden: 178688K(178688K)->0K(172544K) From: 527K(1024K)->1823K(2048K)
[429.560s][info][gc,heap        ] GC(870) ParOldGen: 288966K(334848K)->288982K(334848K)
[429.560s][info][gc,metaspace   ] GC(870) Metaspace: 57459K(57792K)->57459K(57792K) NonClass: 49157K(49408K)->49157K(49408K) Class: 8301K(8384K)->8301K(8384K)
[429.560s][info][gc             ] GC(870) Pause Young (Allocation Failure) 457M->283M(497M) 3.705ms
[429.560s][info][gc,cpu         ] GC(870) User=0.01s Sys=0.00s Real=0.01s
[429.976s][info][gc,start       ] GC(871) Pause Young (Allocation Failure)
[429.985s][info][gc,heap        ] GC(871) PSYoungGen: 174367K(174592K)->2367K(208384K) Eden: 172544K(172544K)->0K(205824K) From: 1823K(2048K)->2367K(2560K)
[429.985s][info][gc,heap        ] GC(871) ParOldGen: 288982K(334848K)->288998K(334848K)
[429.985s][info][gc,metaspace   ] GC(871) Metaspace: 57459K(57792K)->57459K(57792K) NonClass: 49157K(49408K)->49157K(49408K) Class: 8301K(8384K)->8301K(8384K)
[429.985s][info][gc             ] GC(871) Pause Young (Allocation Failure) 452M->284M(530M) 9.199ms
[429.985s][info][gc,cpu         ] GC(871) User=0.01s Sys=0.00s Real=0.00s
[430.460s][info][gc,start       ] GC(872) Pause Young (Allocation Failure)
[430.465s][info][gc,heap        ] GC(872) PSYoungGen: 208191K(208384K)->1600K(225280K) Eden: 205824K(205824K)->0K(222208K) From: 2367K(2560K)->1600K(3072K)
[430.465s][info][gc,heap        ] GC(872) ParOldGen: 288998K(334848K)->289014K(334848K)
[430.465s][info][gc,metaspace   ] GC(872) Metaspace: 57459K(57792K)->57459K(57792K) NonClass: 49157K(49408K)->49157K(49408K) Class: 8301K(8384K)->8301K(8384K)
[430.465s][info][gc             ] GC(872) Pause Young (Allocation Failure) 485M->283M(547M) 4.443ms
[430.465s][info][gc,cpu         ] GC(872) User=0.01s Sys=0.00s Real=0.00s
[432.094s][info][gc,start       ] GC(873) Pause Young (Allocation Failure)
[432.095s][info][gc,heap        ] GC(873) PSYoungGen: 190685K(225280K)->64K(214528K) Eden: 189085K(222208K)->0K(214016K) From: 1600K(3072K)->64K(512K)
[432.095s][info][gc,heap        ] GC(873) ParOldGen: 289014K(334848K)->289030K(334848K)
[432.095s][info][gc,metaspace   ] GC(873) Metaspace: 57463K(57792K)->57463K(57792K) NonClass: 49161K(49408K)->49161K(49408K) Class: 8301K(8384K)->8301K(8384K)
[432.095s][info][gc             ] GC(873) Pause Young (Allocation Failure) 468M->282M(536M) 1.692ms
[432.095s][info][gc,cpu         ] GC(873) User=0.01s Sys=0.00s Real=0.00s
[433.477s][info][gc,start       ] GC(874) Pause Young (Allocation Failure)
[433.536s][info][gc,heap        ] GC(874) PSYoungGen: 214080K(214528K)->3064K(246272K) Eden: 214016K(214016K)->0K(243200K) From: 64K(512K)->3064K(3072K)
[433.536s][info][gc,heap        ] GC(874) ParOldGen: 289030K(334848K)->378792K(378880K)
[433.536s][info][gc,metaspace   ] GC(874) Metaspace: 57611K(57920K)->57611K(57920K) NonClass: 49309K(49536K)->49309K(49536K) Class: 8301K(8384K)->8301K(8384K)
[433.536s][info][gc             ] GC(874) Pause Young (Allocation Failure) 491M->372M(610M) 58.875ms
[433.536s][info][gc,cpu         ] GC(874) User=0.08s Sys=0.03s Real=0.06s
[434.039s][info][gc,start       ] GC(875) Pause Young (Allocation Failure)
[434.056s][info][gc,heap        ] GC(875) PSYoungGen: 246264K(246272K)->7740K(294912K) Eden: 243200K(243200K)->0K(258048K) From: 3064K(3072K)->7740K(36864K)
[434.056s][info][gc,heap        ] GC(875) ParOldGen: 378792K(378880K)->381872K(381952K)
[434.056s][info][gc,metaspace   ] GC(875) Metaspace: 57611K(57920K)->57611K(57920K) NonClass: 49309K(49536K)->49309K(49536K) Class: 8301K(8384K)->8301K(8384K)
[434.056s][info][gc             ] GC(875) Pause Young (Allocation Failure) 610M->380M(661M) 17.639ms
[434.056s][info][gc,cpu         ] GC(875) User=0.03s Sys=0.01s Real=0.02s
[434.656s][info][gc,start       ] GC(876) Pause Young (Allocation Failure)
[434.667s][info][gc,heap        ] GC(876) PSYoungGen: 265788K(294912K)->1151K(292864K) Eden: 258048K(258048K)->0K(258048K) From: 7740K(36864K)->1151K(34816K)
[434.667s][info][gc,heap        ] GC(876) ParOldGen: 381872K(381952K)->389307K(389632K)
[434.667s][info][gc,metaspace   ] GC(876) Metaspace: 57611K(57920K)->57611K(57920K) NonClass: 49309K(49536K)->49309K(49536K) Class: 8301K(8384K)->8301K(8384K)
[434.667s][info][gc             ] GC(876) Pause Young (Allocation Failure) 632M->381M(666M) 10.951ms
[434.667s][info][gc,cpu         ] GC(876) User=0.01s Sys=0.01s Real=0.02s
[435.259s][info][gc,start       ] GC(877) Pause Young (Allocation Failure)
[435.264s][info][gc,heap        ] GC(877) PSYoungGen: 259199K(292864K)->2112K(296960K) Eden: 258048K(258048K)->0K(263168K) From: 1151K(34816K)->2112K(33792K)
[435.264s][info][gc,heap        ] GC(877) ParOldGen: 389307K(389632K)->389323K(389632K)
[435.264s][info][gc,metaspace   ] GC(877) Metaspace: 57611K(57920K)->57611K(57920K) NonClass: 49309K(49536K)->49309K(49536K) Class: 8301K(8384K)->8301K(8384K)
[435.264s][info][gc             ] GC(877) Pause Young (Allocation Failure) 633M->382M(670M) 4.641ms
[435.264s][info][gc,cpu         ] GC(877) User=0.01s Sys=0.00s Real=0.00s
[435.928s][info][gc,start       ] GC(878) Pause Young (Allocation Failure)
[435.932s][info][gc,heap        ] GC(878) PSYoungGen: 265280K(296960K)->1534K(295936K) Eden: 263168K(263168K)->0K(263168K) From: 2112K(33792K)->1534K(32768K)
[435.932s][info][gc,heap        ] GC(878) ParOldGen: 389323K(389632K)->389339K(389632K)
[435.932s][info][gc,metaspace   ] GC(878) Metaspace: 57613K(57920K)->57613K(57920K) NonClass: 49311K(49536K)->49311K(49536K) Class: 8301K(8384K)->8301K(8384K)
[435.932s][info][gc             ] GC(878) Pause Young (Allocation Failure) 639M->381M(669M) 3.709ms
[435.932s][info][gc,cpu         ] GC(878) User=0.01s Sys=0.00s Real=0.00s
[436.546s][info][gc,start       ] GC(879) Pause Young (Allocation Failure)
[436.549s][info][gc,heap        ] GC(879) PSYoungGen: 264702K(295936K)->1407K(299520K) Eden: 263168K(263168K)->0K(268800K) From: 1534K(32768K)->1407K(30720K)
[436.549s][info][gc,heap        ] GC(879) ParOldGen: 389339K(389632K)->389355K(389632K)
[436.549s][info][gc,metaspace   ] GC(879) Metaspace: 57613K(57920K)->57613K(57920K) NonClass: 49311K(49536K)->49311K(49536K) Class: 8301K(8384K)->8301K(8384K)
[436.549s][info][gc             ] GC(879) Pause Young (Allocation Failure) 638M->381M(673M) 3.153ms
[436.549s][info][gc,cpu         ] GC(879) User=0.00s Sys=0.01s Real=0.00s
[437.182s][info][gc,start       ] GC(880) Pause Young (Allocation Failure)
[437.187s][info][gc,heap        ] GC(880) PSYoungGen: 270045K(299520K)->1888K(299008K) Eden: 268638K(268800K)->0K(268800K) From: 1407K(30720K)->1888K(30208K)
[437.187s][info][gc,heap        ] GC(880) ParOldGen: 389355K(389632K)->389371K(389632K)
[437.187s][info][gc,metaspace   ] GC(880) Metaspace: 57613K(57920K)->57613K(57920K) NonClass: 49311K(49536K)->49311K(49536K) Class: 8301K(8384K)->8301K(8384K)
[437.187s][info][gc             ] GC(880) Pause Young (Allocation Failure) 643M->382M(672M) 5.038ms
[437.187s][info][gc,cpu         ] GC(880) User=0.00s Sys=0.00s Real=0.01s
[437.846s][info][gc,start       ] GC(881) Pause Young (Allocation Failure)
[437.849s][info][gc,heap        ] GC(881) PSYoungGen: 270688K(299008K)->800K(270336K) Eden: 268800K(268800K)->0K(258560K) From: 1888K(30208K)->800K(11776K)
[437.849s][info][gc,heap        ] GC(881) ParOldGen: 389371K(389632K)->389387K(389632K)
[437.849s][info][gc,metaspace   ] GC(881) Metaspace: 57613K(57920K)->57613K(57920K) NonClass: 49311K(49536K)->49311K(49536K) Class: 8301K(8384K)->8301K(8384K)
[437.849s][info][gc             ] GC(881) Pause Young (Allocation Failure) 644M->381M(644M) 3.107ms
[437.849s][info][gc,cpu         ] GC(881) User=0.00s Sys=0.01s Real=0.00s
[438.458s][info][gc,start       ] GC(882) Pause Young (Allocation Failure)
[438.463s][info][gc,heap        ] GC(882) PSYoungGen: 259360K(270336K)->2080K(251392K) Eden: 258560K(258560K)->0K(248832K) From: 800K(11776K)->2080K(2560K)
[438.463s][info][gc,heap        ] GC(882) ParOldGen: 389387K(389632K)->389403K(389632K)
[438.463s][info][gc,metaspace   ] GC(882) Metaspace: 57613K(57920K)->57613K(57920K) NonClass: 49311K(49536K)->49311K(49536K) Class: 8301K(8384K)->8301K(8384K)
[438.463s][info][gc             ] GC(882) Pause Young (Allocation Failure) 633M->382M(626M) 4.590ms
[438.463s][info][gc,cpu         ] GC(882) User=0.01s Sys=0.00s Real=0.00s
[439.065s][info][gc,start       ] GC(883) Pause Young (Allocation Failure)
[439.071s][info][gc,heap        ] GC(883) PSYoungGen: 250912K(251392K)->2718K(253440K) Eden: 248832K(248832K)->0K(239616K) From: 2080K(2560K)->2718K(13824K)
[439.071s][info][gc,heap        ] GC(883) ParOldGen: 389403K(389632K)->389419K(389632K)
[439.071s][info][gc,metaspace   ] GC(883) Metaspace: 57613K(57920K)->57613K(57920K) NonClass: 49311K(49536K)->49311K(49536K) Class: 8301K(8384K)->8301K(8384K)
[439.072s][info][gc             ] GC(883) Pause Young (Allocation Failure) 625M->382M(628M) 6.782ms
[439.072s][info][gc,cpu         ] GC(883) User=0.01s Sys=0.00s Real=0.01s
[439.657s][info][gc,start       ] GC(884) Pause Young (Allocation Failure)
[439.660s][info][gc,heap        ] GC(884) PSYoungGen: 242041K(253440K)->1024K(231424K) Eden: 239322K(239616K)->0K(230400K) From: 2718K(13824K)->1024K(1024K)
[439.660s][info][gc,heap        ] GC(884) ParOldGen: 389419K(389632K)->389435K(389632K)
[439.660s][info][gc,metaspace   ] GC(884) Metaspace: 57613K(57920K)->57613K(57920K) NonClass: 49311K(49536K)->49311K(49536K) Class: 8301K(8384K)->8301K(8384K)
[439.660s][info][gc             ] GC(884) Pause Young (Allocation Failure) 616M->381M(606M) 3.185ms
[439.660s][info][gc,cpu         ] GC(884) User=0.00s Sys=0.00s Real=0.00s
[440.185s][info][gc,start       ] GC(885) Pause Young (Allocation Failure)
[440.189s][info][gc,heap        ] GC(885) PSYoungGen: 231424K(231424K)->1183K(234496K) Eden: 230400K(230400K)->0K(221696K) From: 1024K(1024K)->1183K(12800K)
[440.189s][info][gc,heap        ] GC(885) ParOldGen: 389435K(389632K)->389451K(389632K)
[440.189s][info][gc,metaspace   ] GC(885) Metaspace: 57613K(57920K)->57613K(57920K) NonClass: 49311K(49536K)->49311K(49536K) Class: 8301K(8384K)->8301K(8384K)
[440.189s][info][gc             ] GC(885) Pause Young (Allocation Failure) 606M->381M(609M) 3.312ms
[440.189s][info][gc,cpu         ] GC(885) User=0.00s Sys=0.00s Real=0.01s
[440.746s][info][gc,start       ] GC(886) Pause Young (Allocation Failure)
[440.750s][info][gc,heap        ] GC(886) PSYoungGen: 222879K(234496K)->1343K(215040K) Eden: 221696K(221696K)->0K(213504K) From: 1183K(12800K)->1343K(1536K)
[440.750s][info][gc,heap        ] GC(886) ParOldGen: 389451K(389632K)->389467K(389632K)
[440.750s][info][gc,metaspace   ] GC(886) Metaspace: 57613K(57920K)->57613K(57920K) NonClass: 49311K(49536K)->49311K(49536K) Class: 8301K(8384K)->8301K(8384K)
[440.750s][info][gc             ] GC(886) Pause Young (Allocation Failure) 597M->381M(590M) 3.833ms
[440.750s][info][gc,cpu         ] GC(886) User=0.01s Sys=0.00s Real=0.00s
[441.252s][info][gc,start       ] GC(887) Pause Young (Allocation Failure)
[441.257s][info][gc,heap        ] GC(887) PSYoungGen: 214847K(215040K)->1600K(216576K) Eden: 213504K(213504K)->0K(205824K) From: 1343K(1536K)->1600K(10752K)
[441.257s][info][gc,heap        ] GC(887) ParOldGen: 389467K(389632K)->389483K(389632K)
[441.257s][info][gc,metaspace   ] GC(887) Metaspace: 57613K(57920K)->57613K(57920K) NonClass: 49311K(49536K)->49311K(49536K) Class: 8301K(8384K)->8301K(8384K)
[441.257s][info][gc             ] GC(887) Pause Young (Allocation Failure) 590M->381M(592M) 4.562ms
[441.257s][info][gc,cpu         ] GC(887) User=0.00s Sys=0.00s Real=0.01s
[441.847s][info][gc,start       ] GC(888) Pause Young (Allocation Failure)
[441.852s][info][gc,heap        ] GC(888) PSYoungGen: 207424K(216576K)->1536K(200192K) Eden: 205824K(205824K)->0K(198656K) From: 1600K(10752K)->1536K(1536K)
[441.852s][info][gc,heap        ] GC(888) ParOldGen: 389483K(389632K)->389499K(389632K)
[441.852s][info][gc,metaspace   ] GC(888) Metaspace: 57613K(57920K)->57613K(57920K) NonClass: 49311K(49536K)->49311K(49536K) Class: 8301K(8384K)->8301K(8384K)
[441.852s][info][gc             ] GC(888) Pause Young (Allocation Failure) 582M->381M(576M) 4.455ms
[441.852s][info][gc,cpu         ] GC(888) User=0.00s Sys=0.00s Real=0.00s
[442.241s][info][gc,start       ] GC(889) Pause Young (Allocation Failure)
[442.244s][info][gc,heap        ] GC(889) PSYoungGen: 200192K(200192K)->927K(201216K) Eden: 198656K(198656K)->0K(191488K) From: 1536K(1536K)->927K(9728K)
[442.244s][info][gc,heap        ] GC(889) ParOldGen: 389499K(389632K)->389515K(389632K)
[442.244s][info][gc,metaspace   ] GC(889) Metaspace: 57613K(57920K)->57613K(57920K) NonClass: 49311K(49536K)->49311K(49536K) Class: 8301K(8384K)->8301K(8384K)
[442.244s][info][gc             ] GC(889) Pause Young (Allocation Failure) 575M->381M(577M) 3.277ms
[442.244s][info][gc,cpu         ] GC(889) User=0.00s Sys=0.00s Real=0.00s
[442.669s][info][gc,start       ] GC(890) Pause Young (Allocation Failure)
[442.674s][info][gc,heap        ] GC(890) PSYoungGen: 192153K(201216K)->2016K(186880K) Eden: 191226K(191488K)->0K(184832K) From: 927K(9728K)->2016K(2048K)
[442.674s][info][gc,heap        ] GC(890) ParOldGen: 389515K(389632K)->389531K(389632K)
[442.674s][info][gc,metaspace   ] GC(890) Metaspace: 57613K(57920K)->57613K(57920K) NonClass: 49311K(49536K)->49311K(49536K) Class: 8301K(8384K)->8301K(8384K)
[442.674s][info][gc             ] GC(890) Pause Young (Allocation Failure) 568M->382M(563M) 4.955ms
[442.674s][info][gc,cpu         ] GC(890) User=0.01s Sys=0.00s Real=0.00s
[443.141s][info][gc,start       ] GC(891) Pause Young (Allocation Failure)
[443.144s][info][gc,heap        ] GC(891) PSYoungGen: 186848K(186880K)->927K(186368K) Eden: 184832K(184832K)->0K(178176K) From: 2016K(2048K)->927K(8192K)
[443.144s][info][gc,heap        ] GC(891) ParOldGen: 389531K(389632K)->389547K(389632K)
[443.144s][info][gc,metaspace   ] GC(891) Metaspace: 57613K(57920K)->57613K(57920K) NonClass: 49311K(49536K)->49311K(49536K) Class: 8301K(8384K)->8301K(8384K)
[443.144s][info][gc             ] GC(891) Pause Young (Allocation Failure) 562M->381M(562M) 3.194ms
[443.144s][info][gc,cpu         ] GC(891) User=0.01s Sys=0.01s Real=0.00s
[443.558s][info][gc,start       ] GC(892) Pause Young (Allocation Failure)
[443.562s][info][gc,heap        ] GC(892) PSYoungGen: 178804K(186368K)->1184K(173568K) Eden: 177877K(178176K)->0K(172032K) From: 927K(8192K)->1184K(1536K)
[443.562s][info][gc,heap        ] GC(892) ParOldGen: 389547K(389632K)->389563K(389632K)
[443.562s][info][gc,metaspace   ] GC(892) Metaspace: 57613K(57920K)->57613K(57920K) NonClass: 49311K(49536K)->49311K(49536K) Class: 8301K(8384K)->8301K(8384K)
[443.562s][info][gc             ] GC(892) Pause Young (Allocation Failure) 555M->381M(550M) 3.834ms
[443.562s][info][gc,cpu         ] GC(892) User=0.01s Sys=0.00s Real=0.00s
[443.962s][info][gc,start       ] GC(893) Pause Young (Allocation Failure)
[443.967s][info][gc,heap        ] GC(893) PSYoungGen: 173216K(173568K)->2782K(173056K) Eden: 172032K(172032K)->0K(166400K) From: 1184K(1536K)->2782K(6656K)
[443.967s][info][gc,heap        ] GC(893) ParOldGen: 389563K(389632K)->389579K(389632K)
[443.967s][info][gc,metaspace   ] GC(893) Metaspace: 57613K(57920K)->57613K(57920K) NonClass: 49311K(49536K)->49311K(49536K) Class: 8301K(8384K)->8301K(8384K)
[443.967s][info][gc             ] GC(893) Pause Young (Allocation Failure) 549M->383M(549M) 5.268ms
[443.967s][info][gc,cpu         ] GC(893) User=0.01s Sys=0.00s Real=0.01s
[444.367s][info][gc,start       ] GC(894) Pause Young (Allocation Failure)
[444.371s][info][gc,heap        ] GC(894) PSYoungGen: 169182K(173056K)->1823K(162816K) Eden: 166400K(166400K)->0K(160768K) From: 2782K(6656K)->1823K(2048K)
[444.371s][info][gc,heap        ] GC(894) ParOldGen: 389579K(389632K)->389595K(389632K)
[444.371s][info][gc,metaspace   ] GC(894) Metaspace: 57613K(57920K)->57613K(57920K) NonClass: 49311K(49536K)->49311K(49536K) Class: 8301K(8384K)->8301K(8384K)
[444.371s][info][gc             ] GC(894) Pause Young (Allocation Failure) 545M->382M(539M) 4.216ms
[444.371s][info][gc,cpu         ] GC(894) User=0.01s Sys=0.00s Real=0.00s
[444.762s][info][gc,start       ] GC(895) Pause Young (Allocation Failure)
[444.767s][info][gc,heap        ] GC(895) PSYoungGen: 162591K(162816K)->2111K(160768K) Eden: 160768K(160768K)->0K(155648K) From: 1823K(2048K)->2111K(5120K)
[444.767s][info][gc,heap        ] GC(895) ParOldGen: 389595K(389632K)->389611K(389632K)
[444.767s][info][gc,metaspace   ] GC(895) Metaspace: 57613K(57920K)->57613K(57920K) NonClass: 49311K(49536K)->49311K(49536K) Class: 8301K(8384K)->8301K(8384K)
[444.767s][info][gc             ] GC(895) Pause Young (Allocation Failure) 539M->382M(537M) 4.663ms
[444.767s][info][gc,cpu         ] GC(895) User=0.01s Sys=0.00s Real=0.01s
[445.152s][info][gc,start       ] GC(896) Pause Young (Allocation Failure)
[445.156s][info][gc,heap        ] GC(896) PSYoungGen: 157759K(160768K)->1439K(152064K) Eden: 155648K(155648K)->0K(150528K) From: 2111K(5120K)->1439K(1536K)
[445.156s][info][gc,heap        ] GC(896) ParOldGen: 389611K(389632K)->389627K(389632K)
[445.156s][info][gc,metaspace   ] GC(896) Metaspace: 57613K(57920K)->57613K(57920K) NonClass: 49311K(49536K)->49311K(49536K) Class: 8301K(8384K)->8301K(8384K)
[445.156s][info][gc             ] GC(896) Pause Young (Allocation Failure) 534M->381M(529M) 3.549ms
[445.156s][info][gc,cpu         ] GC(896) User=0.01s Sys=0.00s Real=0.00s
[445.490s][info][gc,start       ] GC(897) Pause Young (Allocation Failure)
[445.493s][info][gc,heap        ] GC(897) PSYoungGen: 151967K(152064K)->703K(148992K) Eden: 150528K(150528K)->0K(145920K) From: 1439K(1536K)->703K(3072K)
[445.493s][info][gc,heap        ] GC(897) ParOldGen: 389627K(389632K)->389643K(390144K)
[445.493s][info][gc,metaspace   ] GC(897) Metaspace: 57613K(57920K)->57613K(57920K) NonClass: 49311K(49536K)->49311K(49536K) Class: 8301K(8384K)->8301K(8384K)
[445.493s][info][gc             ] GC(897) Pause Young (Allocation Failure) 528M->381M(526M) 2.874ms
[445.493s][info][gc,cpu         ] GC(897) User=0.00s Sys=0.00s Real=0.00s
[445.878s][info][gc,start       ] GC(898) Pause Young (Allocation Failure)
[445.882s][info][gc,heap        ] GC(898) PSYoungGen: 146623K(148992K)->1632K(143360K) Eden: 145920K(145920K)->0K(141312K) From: 703K(3072K)->1632K(2048K)
[445.882s][info][gc,heap        ] GC(898) ParOldGen: 389643K(390144K)->389659K(390144K)
[445.882s][info][gc,metaspace   ] GC(898) Metaspace: 57613K(57920K)->57613K(57920K) NonClass: 49311K(49536K)->49311K(49536K) Class: 8301K(8384K)->8301K(8384K)
[445.882s][info][gc             ] GC(898) Pause Young (Allocation Failure) 523M->382M(521M) 4.228ms
[445.882s][info][gc,cpu         ] GC(898) User=0.01s Sys=0.00s Real=0.00s
[446.184s][info][gc,start       ] GC(899) Pause Young (Allocation Failure)
[446.188s][info][gc,heap        ] GC(899) PSYoungGen: 142944K(143360K)->1726K(138752K) Eden: 141312K(141312K)->0K(136704K) From: 1632K(2048K)->1726K(2048K)
[446.188s][info][gc,heap        ] GC(899) ParOldGen: 389659K(390144K)->389675K(390144K)
[446.188s][info][gc,metaspace   ] GC(899) Metaspace: 57613K(57920K)->57613K(57920K) NonClass: 49311K(49536K)->49311K(49536K) Class: 8301K(8384K)->8301K(8384K)
[446.188s][info][gc             ] GC(899) Pause Young (Allocation Failure) 520M->382M(516M) 3.745ms
[446.188s][info][gc,cpu         ] GC(899) User=0.01s Sys=0.00s Real=0.01s
[446.543s][info][gc,start       ] GC(900) Pause Young (Allocation Failure)
[446.546s][info][gc,heap        ] GC(900) PSYoungGen: 138430K(138752K)->1279K(134144K) Eden: 136704K(136704K)->0K(132608K) From: 1726K(2048K)->1279K(1536K)
[446.546s][info][gc,heap        ] GC(900) ParOldGen: 389675K(390144K)->389691K(390144K)
[446.546s][info][gc,metaspace   ] GC(900) Metaspace: 57613K(57920K)->57613K(57920K) NonClass: 49311K(49536K)->49311K(49536K) Class: 8301K(8384K)->8301K(8384K)
[446.546s][info][gc             ] GC(900) Pause Young (Allocation Failure) 515M->381M(512M) 3.130ms
[446.546s][info][gc,cpu         ] GC(900) User=0.01s Sys=0.00s Real=0.01s
[446.855s][info][gc,start       ] GC(901) Pause Young (Allocation Failure)
[446.859s][info][gc,heap        ] GC(901) PSYoungGen: 133887K(134144K)->1855K(130560K) Eden: 132608K(132608K)->0K(128512K) From: 1279K(1536K)->1855K(2048K)
[446.859s][info][gc,heap        ] GC(901) ParOldGen: 389691K(390144K)->389707K(390144K)
[446.859s][info][gc,metaspace   ] GC(901) Metaspace: 57613K(57920K)->57613K(57920K) NonClass: 49311K(49536K)->49311K(49536K) Class: 8301K(8384K)->8301K(8384K)
[446.859s][info][gc             ] GC(901) Pause Young (Allocation Failure) 511M->382M(508M) 4.227ms
[446.859s][info][gc,cpu         ] GC(901) User=0.01s Sys=0.01s Real=0.01s
[447.156s][info][gc,start       ] GC(902) Pause Young (Allocation Failure)
[447.160s][info][gc,heap        ] GC(902) PSYoungGen: 130367K(130560K)->1824K(140288K) Eden: 128512K(128512K)->0K(132096K) From: 1855K(2048K)->1824K(8192K)
[447.160s][info][gc,heap        ] GC(902) ParOldGen: 389707K(390144K)->389723K(390144K)
[447.160s][info][gc,metaspace   ] GC(902) Metaspace: 57613K(57920K)->57613K(57920K) NonClass: 49311K(49536K)->49311K(49536K) Class: 8301K(8384K)->8301K(8384K)
[447.160s][info][gc             ] GC(902) Pause Young (Allocation Failure) 507M->382M(518M) 4.127ms
[447.160s][info][gc,cpu         ] GC(902) User=0.01s Sys=0.00s Real=0.00s
[447.537s][info][gc,start       ] GC(903) Pause Young (Allocation Failure)
[447.540s][info][gc,heap        ] GC(903) PSYoungGen: 133920K(140288K)->1118K(129536K) Eden: 132096K(132096K)->0K(128000K) From: 1824K(8192K)->1118K(1536K)
[447.540s][info][gc,heap        ] GC(903) ParOldGen: 389723K(390144K)->389739K(390144K)
[447.540s][info][gc,metaspace   ] GC(903) Metaspace: 57613K(57920K)->57613K(57920K) NonClass: 49311K(49536K)->49311K(49536K) Class: 8301K(8384K)->8301K(8384K)
[447.540s][info][gc             ] GC(903) Pause Young (Allocation Failure) 511M->381M(507M) 2.804ms
[447.540s][info][gc,cpu         ] GC(903) User=0.01s Sys=0.00s Real=0.00s
[447.774s][info][gc,start       ] GC(904) Pause Young (Allocation Failure)
[447.778s][info][gc,heap        ] GC(904) PSYoungGen: 129118K(129536K)->1759K(155136K) Eden: 128000K(128000K)->0K(147456K) From: 1118K(1536K)->1759K(7680K)
[447.778s][info][gc,heap        ] GC(904) ParOldGen: 389739K(390144K)->389755K(390144K)
[447.778s][info][gc,metaspace   ] GC(904) Metaspace: 57613K(57920K)->57613K(57920K) NonClass: 49311K(49536K)->49311K(49536K) Class: 8301K(8384K)->8301K(8384K)
[447.778s][info][gc             ] GC(904) Pause Young (Allocation Failure) 506M->382M(532M) 3.964ms
[447.778s][info][gc,cpu         ] GC(904) User=0.00s Sys=0.00s Real=0.01s
[448.154s][info][gc,start       ] GC(905) Pause Young (Allocation Failure)
[448.158s][info][gc,heap        ] GC(905) PSYoungGen: 149215K(155136K)->1886K(160256K) Eden: 147456K(147456K)->0K(153088K) From: 1759K(7680K)->1886K(7168K)
[448.158s][info][gc,heap        ] GC(905) ParOldGen: 389755K(390144K)->389771K(390144K)
[448.158s][info][gc,metaspace   ] GC(905) Metaspace: 57613K(57920K)->57613K(57920K) NonClass: 49311K(49536K)->49311K(49536K) Class: 8301K(8384K)->8301K(8384K)
[448.158s][info][gc             ] GC(905) Pause Young (Allocation Failure) 526M->382M(537M) 4.139ms
[448.158s][info][gc,cpu         ] GC(905) User=0.01s Sys=0.00s Real=0.01s
[448.545s][info][gc,start       ] GC(906) Pause Young (Allocation Failure)
[448.547s][info][gc,heap        ] GC(906) PSYoungGen: 154816K(160256K)->640K(159744K) Eden: 152929K(153088K)->0K(153088K) From: 1886K(7168K)->640K(6656K)
[448.547s][info][gc,heap        ] GC(906) ParOldGen: 389771K(390144K)->389787K(390144K)
[448.547s][info][gc,metaspace   ] GC(906) Metaspace: 57613K(57920K)->57613K(57920K) NonClass: 49311K(49536K)->49311K(49536K) Class: 8301K(8384K)->8301K(8384K)
[448.547s][info][gc             ] GC(906) Pause Young (Allocation Failure) 531M->381M(537M) 2.773ms
[448.547s][info][gc,cpu         ] GC(906) User=0.01s Sys=0.00s Real=0.01s
[448.907s][info][gc,start       ] GC(907) Pause Young (Allocation Failure)
[448.911s][info][gc,heap        ] GC(907) PSYoungGen: 153657K(159744K)->1312K(188416K) Eden: 153017K(153088K)->0K(182272K) From: 640K(6656K)->1312K(6144K)
[448.911s][info][gc,heap        ] GC(907) ParOldGen: 389787K(390144K)->389803K(390144K)
[448.911s][info][gc,metaspace   ] GC(907) Metaspace: 57613K(57920K)->57613K(57920K) NonClass: 49311K(49536K)->49311K(49536K) Class: 8301K(8384K)->8301K(8384K)
[448.911s][info][gc             ] GC(907) Pause Young (Allocation Failure) 530M->381M(565M) 3.979ms
[448.911s][info][gc,cpu         ] GC(907) User=0.01s Sys=0.01s Real=0.00s
[449.350s][info][gc,start       ] GC(908) Pause Young (Allocation Failure)
[449.353s][info][gc,heap        ] GC(908) PSYoungGen: 183584K(188416K)->1310K(177664K) Eden: 182272K(182272K)->0K(176128K) From: 1312K(6144K)->1310K(1536K)
[449.353s][info][gc,heap        ] GC(908) ParOldGen: 389803K(390144K)->389819K(390144K)
[449.353s][info][gc,metaspace   ] GC(908) Metaspace: 57613K(57920K)->57613K(57920K) NonClass: 49311K(49536K)->49311K(49536K) Class: 8301K(8384K)->8301K(8384K)
[449.353s][info][gc             ] GC(908) Pause Young (Allocation Failure) 559M->381M(554M) 3.134ms
[449.353s][info][gc,cpu         ] GC(908) User=0.01s Sys=0.00s Real=0.00s
[449.758s][info][gc,start       ] GC(909) Pause Young (Allocation Failure)
[449.763s][info][gc,heap        ] GC(909) PSYoungGen: 177438K(177664K)->2142K(183296K) Eden: 176128K(176128K)->0K(178176K) From: 1310K(1536K)->2142K(5120K)
[449.763s][info][gc,heap        ] GC(909) ParOldGen: 389819K(390144K)->389835K(390144K)
[449.763s][info][gc,metaspace   ] GC(909) Metaspace: 57613K(57920K)->57613K(57920K) NonClass: 49311K(49536K)->49311K(49536K) Class: 8301K(8384K)->8301K(8384K)
[449.763s][info][gc             ] GC(909) Pause Young (Allocation Failure) 553M->382M(560M) 4.513ms
[449.763s][info][gc,cpu         ] GC(909) User=0.01s Sys=0.01s Real=0.00s
[450.168s][info][gc,start       ] GC(910) Pause Young (Allocation Failure)
[450.172s][info][gc,heap        ] GC(910) PSYoungGen: 180099K(183296K)->1984K(183808K) Eden: 177956K(178176K)->0K(178176K) From: 2142K(5120K)->1984K(5632K)
[450.172s][info][gc,heap        ] GC(910) ParOldGen: 389835K(390144K)->389851K(390144K)
[450.173s][info][gc,metaspace   ] GC(910) Metaspace: 57613K(57920K)->57613K(57920K) NonClass: 49311K(49536K)->49311K(49536K) Class: 8301K(8384K)->8301K(8384K)
[450.173s][info][gc             ] GC(910) Pause Young (Allocation Failure) 556M->382M(560M) 4.290ms
[450.173s][info][gc,cpu         ] GC(910) User=0.01s Sys=0.00s Real=0.00s
[450.592s][info][gc,start       ] GC(911) Pause Young (Allocation Failure)
[450.594s][info][gc,heap        ] GC(911) PSYoungGen: 180160K(183808K)->863K(173056K) Eden: 178176K(178176K)->0K(172032K) From: 1984K(5632K)->863K(1024K)
[450.595s][info][gc,heap        ] GC(911) ParOldGen: 389851K(390144K)->389867K(390144K)
[450.595s][info][gc,metaspace   ] GC(911) Metaspace: 57613K(57920K)->57613K(57920K) NonClass: 49311K(49536K)->49311K(49536K) Class: 8301K(8384K)->8301K(8384K)
[450.595s][info][gc             ] GC(911) Pause Young (Allocation Failure) 556M->381M(550M) 2.837ms
[450.595s][info][gc,cpu         ] GC(911) User=0.00s Sys=0.00s Real=0.00s
[451.062s][info][gc,start       ] GC(912) Pause Young (Allocation Failure)
[451.064s][info][gc,heap        ] GC(912) PSYoungGen: 172895K(173056K)->926K(171520K) Eden: 172032K(172032K)->0K(166400K) From: 863K(1024K)->926K(5120K)
[451.064s][info][gc,heap        ] GC(912) ParOldGen: 389867K(390144K)->389883K(390144K)
[451.064s][info][gc,metaspace   ] GC(912) Metaspace: 57613K(57920K)->57613K(57920K) NonClass: 49311K(49536K)->49311K(49536K) Class: 8301K(8384K)->8301K(8384K)
[451.064s][info][gc             ] GC(912) Pause Young (Allocation Failure) 549M->381M(548M) 2.645ms
[451.064s][info][gc,cpu         ] GC(912) User=0.01s Sys=0.00s Real=0.00s
[451.439s][info][gc,start       ] GC(913) Pause Young (Allocation Failure)
[451.442s][info][gc,heap        ] GC(913) PSYoungGen: 167326K(171520K)->639K(161792K) Eden: 166400K(166400K)->0K(160768K) From: 926K(5120K)->639K(1024K)
[451.442s][info][gc,heap        ] GC(913) ParOldGen: 389883K(390144K)->389899K(390144K)
[451.442s][info][gc,metaspace   ] GC(913) Metaspace: 57613K(57920K)->57613K(57920K) NonClass: 49311K(49536K)->49311K(49536K) Class: 8301K(8384K)->8301K(8384K)
[451.442s][info][gc             ] GC(913) Pause Young (Allocation Failure) 544M->381M(539M) 2.705ms
[451.442s][info][gc,cpu         ] GC(913) User=0.00s Sys=0.00s Real=0.00s
[451.800s][info][gc,start       ] GC(914) Pause Young (Allocation Failure)
[451.802s][info][gc,heap        ] GC(914) PSYoungGen: 161406K(161792K)->384K(156160K) Eden: 160767K(160768K)->0K(155648K) From: 639K(1024K)->384K(512K)
[451.802s][info][gc,heap        ] GC(914) ParOldGen: 389899K(390144K)->389915K(390144K)
[451.802s][info][gc,metaspace   ] GC(914) Metaspace: 57616K(57920K)->57616K(57920K) NonClass: 49314K(49536K)->49314K(49536K) Class: 8301K(8384K)->8301K(8384K)
[451.802s][info][gc             ] GC(914) Pause Young (Allocation Failure) 538M->381M(533M) 2.328ms
[451.802s][info][gc,cpu         ] GC(914) User=0.00s Sys=0.01s Real=0.00s
[452.173s][info][gc,start       ] GC(915) Pause Young (Allocation Failure)
[452.177s][info][gc,heap        ] GC(915) PSYoungGen: 156032K(156160K)->1440K(152064K) Eden: 155648K(155648K)->0K(150528K) From: 384K(512K)->1440K(1536K)
[452.177s][info][gc,heap        ] GC(915) ParOldGen: 389915K(390144K)->389931K(390144K)
[452.177s][info][gc,metaspace   ] GC(915) Metaspace: 57616K(57920K)->57616K(57920K) NonClass: 49314K(49536K)->49314K(49536K) Class: 8301K(8384K)->8301K(8384K)
[452.177s][info][gc             ] GC(915) Pause Young (Allocation Failure) 533M->382M(529M) 4.303ms
[452.177s][info][gc,cpu         ] GC(915) User=0.01s Sys=0.00s Real=0.01s
[452.557s][info][gc,start       ] GC(916) Pause Young (Allocation Failure)
[452.562s][info][gc,heap        ] GC(916) PSYoungGen: 151968K(152064K)->2110K(148480K) Eden: 150528K(150528K)->0K(145920K) From: 1440K(1536K)->2110K(2560K)
[452.562s][info][gc,heap        ] GC(916) ParOldGen: 389931K(390144K)->389947K(390144K)
[452.562s][info][gc,metaspace   ] GC(916) Metaspace: 57616K(57920K)->57616K(57920K) NonClass: 49314K(49536K)->49314K(49536K) Class: 8301K(8384K)->8301K(8384K)
[452.562s][info][gc             ] GC(916) Pause Young (Allocation Failure) 529M->382M(526M) 4.649ms
[452.562s][info][gc,cpu         ] GC(916) User=0.00s Sys=0.00s Real=0.00s
[453.046s][info][gc,start       ] GC(917) Pause Young (Allocation Failure)
[453.056s][info][gc,heap        ] GC(917) PSYoungGen: 147889K(148480K)->1215K(175616K) Eden: 145779K(145920K)->0K(174080K) From: 2110K(2560K)->1215K(1536K)
[453.056s][info][gc,heap        ] GC(917) ParOldGen: 389947K(390144K)->389963K(390144K)
[453.056s][info][gc,metaspace   ] GC(917) Metaspace: 57616K(57920K)->57616K(57920K) NonClass: 49314K(49536K)->49314K(49536K) Class: 8301K(8384K)->8301K(8384K)
[453.056s][info][gc             ] GC(917) Pause Young (Allocation Failure) 525M->382M(552M) 9.914ms
[453.056s][info][gc,cpu         ] GC(917) User=0.00s Sys=0.00s Real=0.01s
[453.438s][info][gc,start       ] GC(918) Pause Young (Allocation Failure)
[453.441s][info][gc,heap        ] GC(918) PSYoungGen: 174997K(175616K)->480K(203264K) Eden: 173782K(174080K)->0K(199168K) From: 1215K(1536K)->480K(4096K)
[453.441s][info][gc,heap        ] GC(918) ParOldGen: 389963K(390144K)->389979K(390144K)
[453.441s][info][gc,metaspace   ] GC(918) Metaspace: 57616K(57920K)->57616K(57920K) NonClass: 49314K(49536K)->49314K(49536K) Class: 8301K(8384K)->8301K(8384K)
[453.441s][info][gc             ] GC(918) Pause Young (Allocation Failure) 551M->381M(579M) 2.503ms
[453.441s][info][gc,cpu         ] GC(918) User=0.01s Sys=0.00s Real=0.00s
[453.894s][info][gc,start       ] GC(919) Pause Young (Allocation Failure)
[453.898s][info][gc,heap        ] GC(919) PSYoungGen: 199648K(203264K)->1854K(211456K) Eden: 199168K(199168K)->0K(207360K) From: 480K(4096K)->1854K(4096K)
[453.898s][info][gc,heap        ] GC(919) ParOldGen: 389979K(390144K)->389995K(390144K)
[453.898s][info][gc,metaspace   ] GC(919) Metaspace: 57616K(57920K)->57616K(57920K) NonClass: 49314K(49536K)->49314K(49536K) Class: 8301K(8384K)->8301K(8384K)
[453.898s][info][gc             ] GC(919) Pause Young (Allocation Failure) 575M->382M(587M) 4.242ms
[453.898s][info][gc,cpu         ] GC(919) User=0.00s Sys=0.01s Real=0.01s
[454.388s][info][gc,start       ] GC(920) Pause Young (Allocation Failure)
[454.391s][info][gc,heap        ] GC(920) PSYoungGen: 209214K(211456K)->1024K(200704K) Eden: 207360K(207360K)->0K(199680K) From: 1854K(4096K)->1024K(1024K)
[454.391s][info][gc,heap        ] GC(920) ParOldGen: 389995K(390144K)->390011K(390144K)
[454.391s][info][gc,metaspace   ] GC(920) Metaspace: 57616K(57920K)->57616K(57920K) NonClass: 49314K(49536K)->49314K(49536K) Class: 8301K(8384K)->8301K(8384K)
[454.391s][info][gc             ] GC(920) Pause Young (Allocation Failure) 585M->381M(577M) 3.639ms
[454.391s][info][gc,cpu         ] GC(920) User=0.01s Sys=0.00s Real=0.00s
[454.872s][info][gc,start       ] GC(921) Pause Young (Allocation Failure)
[454.877s][info][gc,heap        ] GC(921) PSYoungGen: 200704K(200704K)->2494K(195072K) Eden: 199680K(199680K)->0K(192512K) From: 1024K(1024K)->2494K(2560K)
[454.877s][info][gc,heap        ] GC(921) ParOldGen: 390011K(390144K)->390027K(390144K)
[454.877s][info][gc,metaspace   ] GC(921) Metaspace: 57616K(57920K)->57616K(57920K) NonClass: 49314K(49536K)->49314K(49536K) Class: 8301K(8384K)->8301K(8384K)
[454.877s][info][gc             ] GC(921) Pause Young (Allocation Failure) 576M->383M(571M) 5.338ms
[454.877s][info][gc,cpu         ] GC(921) User=0.01s Sys=0.00s Real=0.01s
[455.403s][info][gc,start       ] GC(922) Pause Young (Allocation Failure)
[455.406s][info][gc,heap        ] GC(922) PSYoungGen: 195006K(195072K)->1183K(187392K) Eden: 192512K(192512K)->0K(185856K) From: 2494K(2560K)->1183K(1536K)
[455.406s][info][gc,heap        ] GC(922) ParOldGen: 390027K(390144K)->390043K(390144K)
[455.406s][info][gc,metaspace   ] GC(922) Metaspace: 57616K(57920K)->57616K(57920K) NonClass: 49314K(49536K)->49314K(49536K) Class: 8301K(8384K)->8301K(8384K)
[455.406s][info][gc             ] GC(922) Pause Young (Allocation Failure) 571M->382M(564M) 2.961ms
[455.406s][info][gc,cpu         ] GC(922) User=0.01s Sys=0.00s Real=0.00s
[455.778s][info][gc,start       ] GC(923) Pause Young (Allocation Failure)
[455.782s][info][gc,heap        ] GC(923) PSYoungGen: 186992K(187392K)->1344K(180736K) Eden: 185809K(185856K)->0K(179200K) From: 1183K(1536K)->1344K(1536K)
[455.782s][info][gc,heap        ] GC(923) ParOldGen: 390043K(390144K)->390059K(390144K)
[455.782s][info][gc,metaspace   ] GC(923) Metaspace: 57616K(57920K)->57616K(57920K) NonClass: 49314K(49536K)->49314K(49536K) Class: 8301K(8384K)->8301K(8384K)
[455.782s][info][gc             ] GC(923) Pause Young (Allocation Failure) 563M->382M(557M) 3.608ms
[455.782s][info][gc,cpu         ] GC(923) User=0.00s Sys=0.00s Real=0.00s
[456.242s][info][gc,start       ] GC(924) Pause Young (Allocation Failure)
[456.245s][info][gc,heap        ] GC(924) PSYoungGen: 180544K(180736K)->704K(174080K) Eden: 179200K(179200K)->0K(173056K) From: 1344K(1536K)->704K(1024K)
[456.245s][info][gc,heap        ] GC(924) ParOldGen: 390059K(390144K)->390075K(390144K)
[456.245s][info][gc,metaspace   ] GC(924) Metaspace: 57616K(57920K)->57616K(57920K) NonClass: 49314K(49536K)->49314K(49536K) Class: 8301K(8384K)->8301K(8384K)
[456.245s][info][gc             ] GC(924) Pause Young (Allocation Failure) 557M->381M(551M) 2.627ms
[456.245s][info][gc,cpu         ] GC(924) User=0.01s Sys=0.00s Real=0.00s
[456.650s][info][gc,start       ] GC(925) Pause Young (Allocation Failure)
[456.654s][info][gc,heap        ] GC(925) PSYoungGen: 173760K(174080K)->1503K(168960K) Eden: 173056K(173056K)->0K(167424K) From: 704K(1024K)->1503K(1536K)
[456.654s][info][gc,heap        ] GC(925) ParOldGen: 390075K(390144K)->390091K(390144K)
[456.654s][info][gc,metaspace   ] GC(925) Metaspace: 57616K(57920K)->57616K(57920K) NonClass: 49314K(49536K)->49314K(49536K) Class: 8301K(8384K)->8301K(8384K)
[456.654s][info][gc             ] GC(925) Pause Young (Allocation Failure) 550M->382M(546M) 3.481ms
[456.654s][info][gc,cpu         ] GC(925) User=0.00s Sys=0.00s Real=0.00s
[457.053s][info][gc,start       ] GC(926) Pause Young (Allocation Failure)
[457.057s][info][gc,heap        ] GC(926) PSYoungGen: 168927K(168960K)->1631K(163840K) Eden: 167424K(167424K)->0K(161792K) From: 1503K(1536K)->1631K(2048K)
[457.057s][info][gc,heap        ] GC(926) ParOldGen: 390091K(390144K)->390107K(390144K)
[457.057s][info][gc,metaspace   ] GC(926) Metaspace: 57616K(57920K)->57616K(57920K) NonClass: 49314K(49536K)->49314K(49536K) Class: 8301K(8384K)->8301K(8384K)
[457.057s][info][gc             ] GC(926) Pause Young (Allocation Failure) 545M->382M(541M) 3.435ms
[457.057s][info][gc,cpu         ] GC(926) User=0.01s Sys=0.00s Real=0.01s
[457.457s][info][gc,start       ] GC(927) Pause Young (Allocation Failure)
[457.459s][info][gc,heap        ] GC(927) PSYoungGen: 163193K(163840K)->352K(157184K) Eden: 161562K(161792K)->0K(156672K) From: 1631K(2048K)->352K(512K)
[457.459s][info][gc,heap        ] GC(927) ParOldGen: 390107K(390144K)->390123K(390144K)
[457.459s][info][gc,metaspace   ] GC(927) Metaspace: 57616K(57920K)->57616K(57920K) NonClass: 49314K(49536K)->49314K(49536K) Class: 8301K(8384K)->8301K(8384K)
[457.459s][info][gc             ] GC(927) Pause Young (Allocation Failure) 540M->381M(534M) 2.391ms
[457.459s][info][gc,cpu         ] GC(927) User=0.01s Sys=0.00s Real=0.00s
[457.796s][info][gc,start       ] GC(928) Pause Young (Allocation Failure)
[457.798s][info][gc,heap        ] GC(928) PSYoungGen: 157024K(157184K)->491K(155136K) Eden: 156672K(156672K)->0K(151552K) From: 352K(512K)->491K(3584K)
[457.798s][info][gc,heap        ] GC(928) ParOldGen: 390123K(390144K)->390139K(390144K)
[457.798s][info][gc,metaspace   ] GC(928) Metaspace: 57616K(57920K)->57616K(57920K) NonClass: 49314K(49536K)->49314K(49536K) Class: 8301K(8384K)->8301K(8384K)
[457.798s][info][gc             ] GC(928) Pause Young (Allocation Failure) 534M->381M(532M) 1.977ms
[457.798s][info][gc,cpu         ] GC(928) User=0.00s Sys=0.00s Real=0.00s
[458.167s][info][gc,start       ] GC(929) Pause Young (Allocation Failure)
[458.170s][info][gc,heap        ] GC(929) PSYoungGen: 152043K(155136K)->1503K(147968K) Eden: 151552K(151552K)->0K(146432K) From: 491K(3584K)->1503K(1536K)
[458.170s][info][gc,heap        ] GC(929) ParOldGen: 390139K(390144K)->390155K(390656K)
[458.170s][info][gc,metaspace   ] GC(929) Metaspace: 57616K(57920K)->57616K(57920K) NonClass: 49314K(49536K)->49314K(49536K) Class: 8301K(8384K)->8301K(8384K)
[458.170s][info][gc             ] GC(929) Pause Young (Allocation Failure) 529M->382M(526M) 3.439ms
[458.170s][info][gc,cpu         ] GC(929) User=0.01s Sys=0.01s Real=0.00s
[458.542s][info][gc,start       ] GC(930) Pause Young (Allocation Failure)
[458.544s][info][gc,heap        ] GC(930) PSYoungGen: 147935K(147968K)->671K(142848K) Eden: 146432K(146432K)->0K(141824K) From: 1503K(1536K)->671K(1024K)
[458.545s][info][gc,heap        ] GC(930) ParOldGen: 390155K(390656K)->390171K(390656K)
[458.545s][info][gc,metaspace   ] GC(930) Metaspace: 57616K(57920K)->57616K(57920K) NonClass: 49314K(49536K)->49314K(49536K) Class: 8301K(8384K)->8301K(8384K)
[458.545s][info][gc             ] GC(930) Pause Young (Allocation Failure) 525M->381M(521M) 2.267ms
[458.545s][info][gc,cpu         ] GC(930) User=0.01s Sys=0.00s Real=0.00s
[458.863s][info][gc,start       ] GC(931) Pause Young (Allocation Failure)
[458.868s][info][gc,heap        ] GC(931) PSYoungGen: 142495K(142848K)->2271K(139776K) Eden: 141824K(141824K)->0K(137216K) From: 671K(1024K)->2271K(2560K)
[458.868s][info][gc,heap        ] GC(931) ParOldGen: 390171K(390656K)->390187K(390656K)
[458.868s][info][gc,metaspace   ] GC(931) Metaspace: 57616K(57920K)->57616K(57920K) NonClass: 49314K(49536K)->49314K(49536K) Class: 8301K(8384K)->8301K(8384K)
[458.868s][info][gc             ] GC(931) Pause Young (Allocation Failure) 520M->383M(518M) 4.432ms
[458.868s][info][gc,cpu         ] GC(931) User=0.01s Sys=0.00s Real=0.01s
[459.254s][info][gc,start       ] GC(932) Pause Young (Allocation Failure)
[459.270s][info][gc,heap        ] GC(932) PSYoungGen: 139211K(139776K)->928K(165376K) Eden: 136939K(137216K)->0K(164352K) From: 2271K(2560K)->928K(1024K)
[459.270s][info][gc,heap        ] GC(932) ParOldGen: 390187K(390656K)->390203K(390656K)
[459.270s][info][gc,metaspace   ] GC(932) Metaspace: 57617K(57920K)->57617K(57920K) NonClass: 49315K(49536K)->49315K(49536K) Class: 8301K(8384K)->8301K(8384K)
[459.270s][info][gc             ] GC(932) Pause Young (Allocation Failure) 516M->381M(543M) 16.050ms
[459.270s][info][gc,cpu         ] GC(932) User=0.01s Sys=0.00s Real=0.02s
[459.581s][info][gc,start       ] GC(933) Pause Young (Allocation Failure)
[459.584s][info][gc,heap        ] GC(933) PSYoungGen: 165280K(165376K)->1215K(191488K) Eden: 164352K(164352K)->0K(188416K) From: 928K(1024K)->1215K(3072K)
[459.584s][info][gc,heap        ] GC(933) ParOldGen: 390203K(390656K)->390219K(390656K)
[459.584s][info][gc,metaspace   ] GC(933) Metaspace: 57617K(57920K)->57617K(57920K) NonClass: 49315K(49536K)->49315K(49536K) Class: 8301K(8384K)->8301K(8384K)
[459.584s][info][gc             ] GC(933) Pause Young (Allocation Failure) 542M->382M(568M) 3.008ms
[459.584s][info][gc,cpu         ] GC(933) User=0.01s Sys=0.00s Real=0.00s
[460.056s][info][gc,start       ] GC(934) Pause Young (Allocation Failure)
[460.059s][info][gc,heap        ] GC(934) PSYoungGen: 189631K(191488K)->1663K(191488K) Eden: 188416K(188416K)->0K(188416K) From: 1215K(3072K)->1663K(3072K)
[460.059s][info][gc,heap        ] GC(934) ParOldGen: 390219K(390656K)->390235K(390656K)
[460.059s][info][gc,metaspace   ] GC(934) Metaspace: 57617K(57920K)->57617K(57920K) NonClass: 49315K(49536K)->49315K(49536K) Class: 8301K(8384K)->8301K(8384K)
[460.059s][info][gc             ] GC(934) Pause Young (Allocation Failure) 566M->382M(568M) 3.514ms
[460.059s][info][gc,cpu         ] GC(934) User=0.01s Sys=0.00s Real=0.00s
[460.524s][info][gc,start       ] GC(935) Pause Young (Allocation Failure)
[460.527s][info][gc,heap        ] GC(935) PSYoungGen: 190079K(191488K)->1022K(227840K) Eden: 188416K(188416K)->0K(224768K) From: 1663K(3072K)->1022K(3072K)
[460.527s][info][gc,heap        ] GC(935) ParOldGen: 390235K(390656K)->390251K(390656K)
[460.527s][info][gc,metaspace   ] GC(935) Metaspace: 57617K(57920K)->57617K(57920K) NonClass: 49315K(49536K)->49315K(49536K) Class: 8301K(8384K)->8301K(8384K)
[460.527s][info][gc             ] GC(935) Pause Young (Allocation Failure) 566M->382M(604M) 2.855ms
[460.527s][info][gc,cpu         ] GC(935) User=0.00s Sys=0.00s Real=0.01s
[461.063s][info][gc,start       ] GC(936) Pause Young (Allocation Failure)
[461.067s][info][gc,heap        ] GC(936) PSYoungGen: 225790K(227840K)->1758K(227840K) Eden: 224768K(224768K)->0K(224768K) From: 1022K(3072K)->1758K(3072K)
[461.067s][info][gc,heap        ] GC(936) ParOldGen: 390251K(390656K)->390267K(390656K)
[461.067s][info][gc,metaspace   ] GC(936) Metaspace: 57617K(57920K)->57617K(57920K) NonClass: 49315K(49536K)->49315K(49536K) Class: 8301K(8384K)->8301K(8384K)
[461.067s][info][gc             ] GC(936) Pause Young (Allocation Failure) 601M->382M(604M) 3.962ms
[461.067s][info][gc,cpu         ] GC(936) User=0.00s Sys=0.00s Real=0.01s
[461.593s][info][gc,start       ] GC(937) Pause Young (Allocation Failure)
[461.597s][info][gc,heap        ] GC(937) PSYoungGen: 226297K(227840K)->1696K(270848K) Eden: 224539K(224768K)->0K(267776K) From: 1758K(3072K)->1696K(3072K)
[461.597s][info][gc,heap        ] GC(937) ParOldGen: 390267K(390656K)->390283K(390656K)
[461.597s][info][gc,metaspace   ] GC(937) Metaspace: 57617K(57920K)->57617K(57920K) NonClass: 49315K(49536K)->49315K(49536K) Class: 8301K(8384K)->8301K(8384K)
[461.597s][info][gc             ] GC(937) Pause Young (Allocation Failure) 602M->382M(646M) 4.692ms
[461.597s][info][gc,cpu         ] GC(937) User=0.00s Sys=0.00s Real=0.01s
[462.254s][info][gc,start       ] GC(938) Pause Young (Allocation Failure)
[462.258s][info][gc,heap        ] GC(938) PSYoungGen: 269472K(270848K)->1470K(259072K) Eden: 267776K(267776K)->0K(257536K) From: 1696K(3072K)->1470K(1536K)
[462.258s][info][gc,heap        ] GC(938) ParOldGen: 390283K(390656K)->390299K(390656K)
[462.258s][info][gc,metaspace   ] GC(938) Metaspace: 57617K(57920K)->57617K(57920K) NonClass: 49315K(49536K)->49315K(49536K) Class: 8301K(8384K)->8301K(8384K)
[462.258s][info][gc             ] GC(938) Pause Young (Allocation Failure) 644M->382M(634M) 3.503ms
[462.258s][info][gc,cpu         ] GC(938) User=0.01s Sys=0.00s Real=0.01s
[462.856s][info][gc,start       ] GC(939) Pause Young (Allocation Failure)
[462.860s][info][gc,heap        ] GC(939) PSYoungGen: 259006K(259072K)->1792K(249856K) Eden: 257536K(257536K)->0K(247808K) From: 1470K(1536K)->1792K(2048K)
[462.860s][info][gc,heap        ] GC(939) ParOldGen: 390299K(390656K)->390315K(390656K)
[462.860s][info][gc,metaspace   ] GC(939) Metaspace: 57617K(57920K)->57617K(57920K) NonClass: 49315K(49536K)->49315K(49536K) Class: 8301K(8384K)->8301K(8384K)
[462.860s][info][gc             ] GC(939) Pause Young (Allocation Failure) 634M->382M(625M) 4.691ms
[462.860s][info][gc,cpu         ] GC(939) User=0.00s Sys=0.00s Real=0.01s
[463.479s][info][gc,start       ] GC(940) Pause Young (Allocation Failure)
[463.482s][info][gc,heap        ] GC(940) PSYoungGen: 249600K(249856K)->1023K(239616K) Eden: 247808K(247808K)->0K(238592K) From: 1792K(2048K)->1023K(1024K)
[463.482s][info][gc,heap        ] GC(940) ParOldGen: 390315K(390656K)->390331K(390656K)
[463.482s][info][gc,metaspace   ] GC(940) Metaspace: 57617K(57920K)->57617K(57920K) NonClass: 49315K(49536K)->49315K(49536K) Class: 8301K(8384K)->8301K(8384K)
[463.482s][info][gc             ] GC(940) Pause Young (Allocation Failure) 624M->382M(615M) 2.936ms
[463.482s][info][gc,cpu         ] GC(940) User=0.01s Sys=0.00s Real=0.00s
[464.041s][info][gc,start       ] GC(941) Pause Young (Allocation Failure)
[464.044s][info][gc,heap        ] GC(941) PSYoungGen: 239615K(239616K)->608K(230912K) Eden: 238592K(238592K)->0K(229888K) From: 1023K(1024K)->608K(1024K)
[464.044s][info][gc,heap        ] GC(941) ParOldGen: 390331K(390656K)->390347K(390656K)
[464.044s][info][gc,metaspace   ] GC(941) Metaspace: 57617K(57920K)->57617K(57920K) NonClass: 49315K(49536K)->49315K(49536K) Class: 8301K(8384K)->8301K(8384K)
[464.044s][info][gc             ] GC(941) Pause Young (Allocation Failure) 615M->381M(607M) 2.686ms
[464.044s][info][gc,cpu         ] GC(941) User=0.01s Sys=0.00s Real=0.00s
[464.670s][info][gc,start       ] GC(942) Pause Young (Allocation Failure)
[464.674s][info][gc,heap        ] GC(942) PSYoungGen: 230496K(230912K)->1951K(223232K) Eden: 229888K(229888K)->0K(221184K) From: 608K(1024K)->1951K(2048K)
[464.674s][info][gc,heap        ] GC(942) ParOldGen: 390347K(390656K)->390363K(390656K)
[464.674s][info][gc,metaspace   ] GC(942) Metaspace: 57617K(57920K)->57617K(57920K) NonClass: 49315K(49536K)->49315K(49536K) Class: 8301K(8384K)->8301K(8384K)
[464.674s][info][gc             ] GC(942) Pause Young (Allocation Failure) 606M->383M(599M) 4.030ms
[464.674s][info][gc,cpu         ] GC(942) User=0.01s Sys=0.00s Real=0.00s
[465.192s][info][gc,start       ] GC(943) Pause Young (Allocation Failure)
[465.195s][info][gc,heap        ] GC(943) PSYoungGen: 223135K(223232K)->288K(213504K) Eden: 221184K(221184K)->0K(212992K) From: 1951K(2048K)->288K(512K)
[465.195s][info][gc,heap        ] GC(943) ParOldGen: 390363K(390656K)->390379K(390656K)
[465.195s][info][gc,metaspace   ] GC(943) Metaspace: 57617K(57920K)->57617K(57920K) NonClass: 49315K(49536K)->49315K(49536K) Class: 8301K(8384K)->8301K(8384K)
[465.195s][info][gc             ] GC(943) Pause Young (Allocation Failure) 599M->381M(590M) 2.309ms
[465.195s][info][gc,cpu         ] GC(943) User=0.00s Sys=0.00s Real=0.00s
[465.740s][info][gc,start       ] GC(944) Pause Young (Allocation Failure)
[465.743s][info][gc,heap        ] GC(944) PSYoungGen: 213280K(213504K)->544K(208384K) Eden: 212992K(212992K)->0K(205312K) From: 288K(512K)->544K(3072K)
[465.743s][info][gc,heap        ] GC(944) ParOldGen: 390379K(390656K)->390395K(390656K)
[465.743s][info][gc,metaspace   ] GC(944) Metaspace: 57617K(57920K)->57617K(57920K) NonClass: 49315K(49536K)->49315K(49536K) Class: 8301K(8384K)->8301K(8384K)
[465.743s][info][gc             ] GC(944) Pause Young (Allocation Failure) 589M->381M(585M) 2.338ms
[465.743s][info][gc,cpu         ] GC(944) User=0.00s Sys=0.00s Real=0.00s
[466.239s][info][gc,start       ] GC(945) Pause Young (Allocation Failure)
[466.242s][info][gc,heap        ] GC(945) PSYoungGen: 205856K(208384K)->544K(199168K) Eden: 205312K(205312K)->0K(198144K) From: 544K(3072K)->544K(1024K)
[466.242s][info][gc,heap        ] GC(945) ParOldGen: 390395K(390656K)->390411K(390656K)
[466.242s][info][gc,metaspace   ] GC(945) Metaspace: 57617K(57920K)->57617K(57920K) NonClass: 49315K(49536K)->49315K(49536K) Class: 8301K(8384K)->8301K(8384K)
[466.242s][info][gc             ] GC(945) Pause Young (Allocation Failure) 582M->381M(576M) 2.542ms
[466.242s][info][gc,cpu         ] GC(945) User=0.01s Sys=0.00s Real=0.00s
[466.689s][info][gc,start       ] GC(946) Pause Young (Allocation Failure)
[466.693s][info][gc,heap        ] GC(946) PSYoungGen: 198639K(199168K)->960K(192000K) Eden: 198095K(198144K)->0K(190976K) From: 544K(1024K)->960K(1024K)
[466.693s][info][gc,heap        ] GC(946) ParOldGen: 390411K(390656K)->390427K(390656K)
[466.693s][info][gc,metaspace   ] GC(946) Metaspace: 57617K(57920K)->57617K(57920K) NonClass: 49315K(49536K)->49315K(49536K) Class: 8301K(8384K)->8301K(8384K)
[466.693s][info][gc             ] GC(946) Pause Young (Allocation Failure) 575M->382M(569M) 3.976ms
[466.693s][info][gc,cpu         ] GC(946) User=0.01s Sys=0.00s Real=0.00s
[467.167s][info][gc,start       ] GC(947) Pause Young (Allocation Failure)
[467.171s][info][gc,heap        ] GC(947) PSYoungGen: 191936K(192000K)->1727K(186368K) Eden: 190976K(190976K)->0K(184320K) From: 960K(1024K)->1727K(2048K)
[467.171s][info][gc,heap        ] GC(947) ParOldGen: 390427K(390656K)->390443K(390656K)
[467.171s][info][gc,metaspace   ] GC(947) Metaspace: 57617K(57920K)->57617K(57920K) NonClass: 49315K(49536K)->49315K(49536K) Class: 8301K(8384K)->8301K(8384K)
[467.171s][info][gc             ] GC(947) Pause Young (Allocation Failure) 568M->382M(563M) 3.842ms
[467.171s][info][gc,cpu         ] GC(947) User=0.00s Sys=0.00s Real=0.00s
[467.637s][info][gc,start       ] GC(948) Pause Young (Allocation Failure)
[467.639s][info][gc,heap        ] GC(948) PSYoungGen: 186047K(186368K)->320K(178688K) Eden: 184320K(184320K)->0K(178176K) From: 1727K(2048K)->320K(512K)
[467.639s][info][gc,heap        ] GC(948) ParOldGen: 390443K(390656K)->390459K(390656K)
[467.639s][info][gc,metaspace   ] GC(948) Metaspace: 57617K(57920K)->57617K(57920K) NonClass: 49315K(49536K)->49315K(49536K) Class: 8301K(8384K)->8301K(8384K)
[467.639s][info][gc             ] GC(948) Pause Young (Allocation Failure) 562M->381M(556M) 2.164ms
[467.639s][info][gc,cpu         ] GC(948) User=0.00s Sys=0.00s Real=0.00s
[468.054s][info][gc,start       ] GC(949) Pause Young (Allocation Failure)
[468.058s][info][gc,heap        ] GC(949) PSYoungGen: 178496K(178688K)->1855K(174080K) Eden: 178176K(178176K)->0K(172032K) From: 320K(512K)->1855K(2048K)
[468.058s][info][gc,heap        ] GC(949) ParOldGen: 390459K(390656K)->390475K(390656K)
[468.058s][info][gc,metaspace   ] GC(949) Metaspace: 57617K(57920K)->57617K(57920K) NonClass: 49315K(49536K)->49315K(49536K) Class: 8301K(8384K)->8301K(8384K)
[468.058s][info][gc             ] GC(949) Pause Young (Allocation Failure) 555M->383M(551M) 3.936ms
[468.058s][info][gc,cpu         ] GC(949) User=0.00s Sys=0.00s Real=0.01s
[468.462s][info][gc,start       ] GC(950) Pause Young (Allocation Failure)
[468.465s][info][gc,heap        ] GC(950) PSYoungGen: 173793K(174080K)->1024K(167424K) Eden: 171937K(172032K)->0K(166400K) From: 1855K(2048K)->1024K(1024K)
[468.465s][info][gc,heap        ] GC(950) ParOldGen: 390475K(390656K)->390491K(390656K)
[468.465s][info][gc,metaspace   ] GC(950) Metaspace: 57617K(57920K)->57617K(57920K) NonClass: 49315K(49536K)->49315K(49536K) Class: 8301K(8384K)->8301K(8384K)
[468.465s][info][gc             ] GC(950) Pause Young (Allocation Failure) 551M->382M(545M) 3.167ms
[468.465s][info][gc,cpu         ] GC(950) User=0.00s Sys=0.00s Real=0.00s
[468.856s][info][gc,start       ] GC(951) Pause Young (Allocation Failure)
[468.860s][info][gc,heap        ] GC(951) PSYoungGen: 167424K(167424K)->2047K(162816K) Eden: 166400K(166400K)->0K(160768K) From: 1024K(1024K)->2047K(2048K)
[468.860s][info][gc,heap        ] GC(951) ParOldGen: 390491K(390656K)->390507K(390656K)
[468.860s][info][gc,metaspace   ] GC(951) Metaspace: 57617K(57920K)->57617K(57920K) NonClass: 49315K(49536K)->49315K(49536K) Class: 8301K(8384K)->8301K(8384K)
[468.860s][info][gc             ] GC(951) Pause Young (Allocation Failure) 544M->383M(540M) 4.114ms
[468.860s][info][gc,cpu         ] GC(951) User=0.01s Sys=0.00s Real=0.00s
[469.251s][info][gc,start       ] GC(952) Pause Young (Allocation Failure)
[469.255s][info][gc,heap        ] GC(952) PSYoungGen: 162815K(162816K)->1567K(157696K) Eden: 160768K(160768K)->0K(155648K) From: 2047K(2048K)->1567K(2048K)
[469.255s][info][gc,heap        ] GC(952) ParOldGen: 390507K(390656K)->390523K(390656K)
[469.255s][info][gc,metaspace   ] GC(952) Metaspace: 57617K(57920K)->57617K(57920K) NonClass: 49315K(49536K)->49315K(49536K) Class: 8301K(8384K)->8301K(8384K)
[469.255s][info][gc             ] GC(952) Pause Young (Allocation Failure) 540M->382M(535M) 3.538ms
[469.255s][info][gc,cpu         ] GC(952) User=0.00s Sys=0.00s Real=0.00s
[469.636s][info][gc,start       ] GC(953) Pause Young (Allocation Failure)
[469.638s][info][gc,heap        ] GC(953) PSYoungGen: 157215K(157696K)->262K(151040K) Eden: 155648K(155648K)->0K(150528K) From: 1567K(2048K)->262K(512K)
[469.638s][info][gc,heap        ] GC(953) ParOldGen: 390523K(390656K)->390539K(390656K)
[469.638s][info][gc,metaspace   ] GC(953) Metaspace: 57617K(57920K)->57617K(57920K) NonClass: 49315K(49536K)->49315K(49536K) Class: 8301K(8384K)->8301K(8384K)
[469.638s][info][gc             ] GC(953) Pause Young (Allocation Failure) 534M->381M(529M) 2.166ms
[469.638s][info][gc,cpu         ] GC(953) User=0.01s Sys=0.00s Real=0.00s
[469.981s][info][gc,start       ] GC(954) Pause Young (Allocation Failure)
[470.001s][info][gc,heap        ] GC(954) PSYoungGen: 150790K(151040K)->2815K(183296K) Eden: 150528K(150528K)->0K(180224K) From: 262K(512K)->2815K(3072K)
[470.001s][info][gc,heap        ] GC(954) ParOldGen: 390539K(390656K)->390555K(390656K)
[470.001s][info][gc,metaspace   ] GC(954) Metaspace: 57617K(57920K)->57617K(57920K) NonClass: 49315K(49536K)->49315K(49536K) Class: 8301K(8384K)->8301K(8384K)
[470.001s][info][gc             ] GC(954) Pause Young (Allocation Failure) 528M->384M(560M) 19.960ms
[470.001s][info][gc,cpu         ] GC(954) User=0.01s Sys=0.00s Real=0.02s
[470.391s][info][gc,start       ] GC(955) Pause Young (Allocation Failure)
[470.394s][info][gc,heap        ] GC(955) PSYoungGen: 183039K(183296K)->735K(216576K) Eden: 180224K(180224K)->0K(215552K) From: 2815K(3072K)->735K(1024K)
[470.394s][info][gc,heap        ] GC(955) ParOldGen: 390555K(390656K)->390571K(390656K)
[470.394s][info][gc,metaspace   ] GC(955) Metaspace: 57617K(57920K)->57617K(57920K) NonClass: 49315K(49536K)->49315K(49536K) Class: 8301K(8384K)->8301K(8384K)
[470.394s][info][gc             ] GC(955) Pause Young (Allocation Failure) 560M->382M(593M) 3.055ms
[470.394s][info][gc,cpu         ] GC(955) User=0.00s Sys=0.00s Real=0.00s
[470.948s][info][gc,start       ] GC(956) Pause Young (Allocation Failure)
[470.951s][info][gc,heap        ] GC(956) PSYoungGen: 216287K(216576K)->864K(246784K) Eden: 215552K(215552K)->0K(243200K) From: 735K(1024K)->864K(3584K)
[470.951s][info][gc,heap        ] GC(956) ParOldGen: 390571K(390656K)->390587K(390656K)
[470.951s][info][gc,metaspace   ] GC(956) Metaspace: 57617K(57920K)->57617K(57920K) NonClass: 49315K(49536K)->49315K(49536K) Class: 8301K(8384K)->8301K(8384K)
[470.951s][info][gc             ] GC(956) Pause Young (Allocation Failure) 592M->382M(622M) 2.843ms
[470.951s][info][gc,cpu         ] GC(956) User=0.00s Sys=0.00s Real=0.00s
[471.538s][info][gc,start       ] GC(957) Pause Young (Allocation Failure)
[471.541s][info][gc,heap        ] GC(957) PSYoungGen: 244064K(246784K)->415K(260608K) Eden: 243200K(243200K)->0K(257536K) From: 864K(3584K)->415K(3072K)
[471.541s][info][gc,heap        ] GC(957) ParOldGen: 390587K(390656K)->390603K(390656K)
[471.541s][info][gc,metaspace   ] GC(957) Metaspace: 57617K(57920K)->57617K(57920K) NonClass: 49315K(49536K)->49315K(49536K) Class: 8301K(8384K)->8301K(8384K)
[471.541s][info][gc             ] GC(957) Pause Young (Allocation Failure) 619M->381M(636M) 2.441ms
[471.541s][info][gc,cpu         ] GC(957) User=0.01s Sys=0.00s Real=0.00s
[472.150s][info][gc,start       ] GC(958) Pause Young (Allocation Failure)
[472.154s][info][gc,heap        ] GC(958) PSYoungGen: 257930K(260608K)->768K(260608K) Eden: 257515K(257536K)->0K(257536K) From: 415K(3072K)->768K(3072K)
[472.154s][info][gc,heap        ] GC(958) ParOldGen: 390603K(390656K)->390619K(390656K)
[472.154s][info][gc,metaspace   ] GC(958) Metaspace: 57617K(57920K)->57617K(57920K) NonClass: 49315K(49536K)->49315K(49536K) Class: 8301K(8384K)->8301K(8384K)
[472.155s][info][gc             ] GC(958) Pause Young (Allocation Failure) 633M->382M(636M) 4.470ms
[472.155s][info][gc,cpu         ] GC(958) User=0.01s Sys=0.00s Real=0.00s
[472.758s][info][gc,start       ] GC(959) Pause Young (Allocation Failure)
[472.762s][info][gc,heap        ] GC(959) PSYoungGen: 258304K(260608K)->1790K(249856K) Eden: 257536K(257536K)->0K(247808K) From: 768K(3072K)->1790K(2048K)
[472.762s][info][gc,heap        ] GC(959) ParOldGen: 390619K(390656K)->390635K(390656K)
[472.762s][info][gc,metaspace   ] GC(959) Metaspace: 57617K(57920K)->57617K(57920K) NonClass: 49315K(49536K)->49315K(49536K) Class: 8301K(8384K)->8301K(8384K)
[472.762s][info][gc             ] GC(959) Pause Young (Allocation Failure) 633M->383M(625M) 4.131ms
[472.762s][info][gc,cpu         ] GC(959) User=0.01s Sys=0.00s Real=0.00s
[473.355s][info][gc,start       ] GC(960) Pause Young (Allocation Failure)
[473.359s][info][gc,heap        ] GC(960) PSYoungGen: 249598K(249856K)->1248K(240128K) Eden: 247808K(247808K)->0K(238592K) From: 1790K(2048K)->1248K(1536K)
[473.359s][info][gc,heap        ] GC(960) ParOldGen: 390635K(390656K)->390651K(390656K)
[473.359s][info][gc,metaspace   ] GC(960) Metaspace: 57617K(57920K)->57617K(57920K) NonClass: 49315K(49536K)->49315K(49536K) Class: 8301K(8384K)->8301K(8384K)
[473.359s][info][gc             ] GC(960) Pause Young (Allocation Failure) 625M->382M(616M) 3.984ms
[473.359s][info][gc,cpu         ] GC(960) User=0.00s Sys=0.00s Real=0.01s
[473.962s][info][gc,start       ] GC(961) Pause Young (Allocation Failure)
[473.964s][info][gc,heap        ] GC(961) PSYoungGen: 239840K(240128K)->926K(230912K) Eden: 238592K(238592K)->0K(229888K) From: 1248K(1536K)->926K(1024K)
[473.964s][info][gc,heap        ] GC(961) ParOldGen: 390651K(390656K)->390667K(391168K)
[473.964s][info][gc,metaspace   ] GC(961) Metaspace: 57617K(57920K)->57617K(57920K) NonClass: 49315K(49536K)->49315K(49536K) Class: 8301K(8384K)->8301K(8384K)
[473.964s][info][gc             ] GC(961) Pause Young (Allocation Failure) 615M->382M(607M) 2.808ms
[473.964s][info][gc,cpu         ] GC(961) User=0.00s Sys=0.00s Real=0.00s
[474.467s][info][gc,start       ] GC(962) Pause Young (Allocation Failure)
[474.472s][info][gc,heap        ] GC(962) PSYoungGen: 230814K(230912K)->1888K(223232K) Eden: 229888K(229888K)->0K(221184K) From: 926K(1024K)->1888K(2048K)
[474.472s][info][gc,heap        ] GC(962) ParOldGen: 390667K(391168K)->390683K(391168K)
[474.472s][info][gc,metaspace   ] GC(962) Metaspace: 57617K(57920K)->57617K(57920K) NonClass: 49315K(49536K)->49315K(49536K) Class: 8301K(8384K)->8301K(8384K)
[474.472s][info][gc             ] GC(962) Pause Young (Allocation Failure) 606M->383M(600M) 5.027ms
[474.472s][info][gc,cpu         ] GC(962) User=0.01s Sys=0.00s Real=0.00s
[474.991s][info][gc,start       ] GC(963) Pause Young (Allocation Failure)
[474.993s][info][gc,heap        ] GC(963) PSYoungGen: 222756K(223232K)->416K(213504K) Eden: 220868K(221184K)->0K(212992K) From: 1888K(2048K)->416K(512K)
[474.993s][info][gc,heap        ] GC(963) ParOldGen: 390683K(391168K)->390699K(391168K)
[474.993s][info][gc,metaspace   ] GC(963) Metaspace: 57617K(57920K)->57617K(57920K) NonClass: 49315K(49536K)->49315K(49536K) Class: 8301K(8384K)->8301K(8384K)
[474.993s][info][gc             ] GC(963) Pause Young (Allocation Failure) 599M->381M(590M) 2.544ms
[474.993s][info][gc,cpu         ] GC(963) User=0.00s Sys=0.00s Real=0.00s
[475.538s][info][gc,start       ] GC(964) Pause Young (Allocation Failure)
[475.541s][info][gc,heap        ] GC(964) PSYoungGen: 213408K(213504K)->533K(208384K) Eden: 212992K(212992K)->0K(205312K) From: 416K(512K)->533K(3072K)
[475.541s][info][gc,heap        ] GC(964) ParOldGen: 390699K(391168K)->390715K(391168K)
[475.541s][info][gc,metaspace   ] GC(964) Metaspace: 57617K(57920K)->57617K(57920K) NonClass: 49315K(49536K)->49315K(49536K) Class: 8301K(8384K)->8301K(8384K)
[475.541s][info][gc             ] GC(964) Pause Young (Allocation Failure) 589M->382M(585M) 2.489ms
[475.541s][info][gc,cpu         ] GC(964) User=0.01s Sys=0.00s Real=0.00s
[476.094s][info][gc,start       ] GC(965) Pause Young (Allocation Failure)
[476.096s][info][gc,heap        ] GC(965) PSYoungGen: 205845K(208384K)->468K(198656K) Eden: 205312K(205312K)->0K(198144K) From: 533K(3072K)->468K(512K)
[476.096s][info][gc,heap        ] GC(965) ParOldGen: 390715K(391168K)->390731K(391168K)
[476.096s][info][gc,metaspace   ] GC(965) Metaspace: 57617K(57920K)->57617K(57920K) NonClass: 49315K(49536K)->49315K(49536K) Class: 8301K(8384K)->8301K(8384K)
[476.096s][info][gc             ] GC(965) Pause Young (Allocation Failure) 582M->382M(576M) 2.231ms
[476.096s][info][gc,cpu         ] GC(965) User=0.00s Sys=0.00s Real=0.01s
[476.576s][info][gc,start       ] GC(966) Pause Young (Allocation Failure)
[476.582s][info][gc,heap        ] GC(966) PSYoungGen: 198612K(198656K)->1792K(194048K) Eden: 198144K(198144K)->0K(190976K) From: 468K(512K)->1792K(3072K)
[476.582s][info][gc,heap        ] GC(966) ParOldGen: 390731K(391168K)->390747K(391168K)
[476.582s][info][gc,metaspace   ] GC(966) Metaspace: 57617K(57920K)->57617K(57920K) NonClass: 49315K(49536K)->49315K(49536K) Class: 8301K(8384K)->8301K(8384K)
[476.582s][info][gc             ] GC(966) Pause Young (Allocation Failure) 575M->383M(571M) 6.009ms
[476.582s][info][gc,cpu         ] GC(966) User=0.01s Sys=0.00s Real=0.00s
[477.055s][info][gc,start       ] GC(967) Pause Young (Allocation Failure)
[477.060s][info][gc,heap        ] GC(967) PSYoungGen: 192768K(194048K)->1279K(185856K) Eden: 190976K(190976K)->0K(184320K) From: 1792K(3072K)->1279K(1536K)
[477.060s][info][gc,heap        ] GC(967) ParOldGen: 390747K(391168K)->390763K(391168K)
[477.060s][info][gc,metaspace   ] GC(967) Metaspace: 57617K(57920K)->57617K(57920K) NonClass: 49315K(49536K)->49315K(49536K) Class: 8301K(8384K)->8301K(8384K)
[477.060s][info][gc             ] GC(967) Pause Young (Allocation Failure) 569M->382M(563M) 5.690ms
[477.060s][info][gc,cpu         ] GC(967) User=0.01s Sys=0.00s Real=0.01s
[477.483s][info][gc,start       ] GC(968) Pause Young (Allocation Failure)
[477.487s][info][gc,heap        ] GC(968) PSYoungGen: 185370K(185856K)->1184K(179712K) Eden: 184091K(184320K)->0K(178176K) From: 1279K(1536K)->1184K(1536K)
[477.487s][info][gc,heap        ] GC(968) ParOldGen: 390763K(391168K)->390779K(391168K)
[477.487s][info][gc,metaspace   ] GC(968) Metaspace: 57617K(57920K)->57617K(57920K) NonClass: 49315K(49536K)->49315K(49536K) Class: 8301K(8384K)->8301K(8384K)
[477.487s][info][gc             ] GC(968) Pause Young (Allocation Failure) 562M->382M(557M) 3.774ms
[477.487s][info][gc,cpu         ] GC(968) User=0.00s Sys=0.00s Real=0.01s
[477.943s][info][gc,start       ] GC(969) Pause Young (Allocation Failure)
[477.946s][info][gc,heap        ] GC(969) PSYoungGen: 179360K(179712K)->967K(173056K) Eden: 178176K(178176K)->0K(172032K) From: 1184K(1536K)->967K(1024K)
[477.946s][info][gc,heap        ] GC(969) ParOldGen: 390779K(391168K)->390795K(391168K)
[477.946s][info][gc,metaspace   ] GC(969) Metaspace: 57617K(57920K)->57617K(57920K) NonClass: 49315K(49536K)->49315K(49536K) Class: 8301K(8384K)->8301K(8384K)
[477.946s][info][gc             ] GC(969) Pause Young (Allocation Failure) 556M->382M(551M) 2.989ms
[477.946s][info][gc,cpu         ] GC(969) User=0.01s Sys=0.00s Real=0.01s
[478.351s][info][gc,start       ] GC(970) Pause Young (Allocation Failure)
[478.355s][info][gc,heap        ] GC(970) PSYoungGen: 172999K(173056K)->1876K(168448K) Eden: 172032K(172032K)->0K(166400K) From: 967K(1024K)->1876K(2048K)
[478.355s][info][gc,heap        ] GC(970) ParOldGen: 390795K(391168K)->390811K(391168K)
[478.355s][info][gc,metaspace   ] GC(970) Metaspace: 57617K(57920K)->57617K(57920K) NonClass: 49315K(49536K)->49315K(49536K) Class: 8301K(8384K)->8301K(8384K)
[478.355s][info][gc             ] GC(970) Pause Young (Allocation Failure) 550M->383M(546M) 4.108ms
[478.355s][info][gc,cpu         ] GC(970) User=0.01s Sys=0.00s Real=0.00s
[478.754s][info][gc,start       ] GC(971) Pause Young (Allocation Failure)
[478.758s][info][gc,heap        ] GC(971) PSYoungGen: 168276K(168448K)->1663K(162816K) Eden: 166400K(166400K)->0K(160768K) From: 1876K(2048K)->1663K(2048K)
[478.758s][info][gc,heap        ] GC(971) ParOldGen: 390811K(391168K)->390827K(391168K)
[478.758s][info][gc,metaspace   ] GC(971) Metaspace: 57617K(57920K)->57617K(57920K) NonClass: 49315K(49536K)->49315K(49536K) Class: 8301K(8384K)->8301K(8384K)
[478.758s][info][gc             ] GC(971) Pause Young (Allocation Failure) 545M->383M(541M) 3.773ms
[478.758s][info][gc,cpu         ] GC(971) User=0.00s Sys=0.00s Real=0.01s
[479.145s][info][gc,start       ] GC(972) Pause Young (Allocation Failure)
[479.149s][info][gc,heap        ] GC(972) PSYoungGen: 162431K(162816K)->1407K(157184K) Eden: 160768K(160768K)->0K(155648K) From: 1663K(2048K)->1407K(1536K)
[479.149s][info][gc,heap        ] GC(972) ParOldGen: 390827K(391168K)->390843K(391168K)
[479.149s][info][gc,metaspace   ] GC(972) Metaspace: 57617K(57920K)->57617K(57920K) NonClass: 49315K(49536K)->49315K(49536K) Class: 8301K(8384K)->8301K(8384K)
[479.149s][info][gc             ] GC(972) Pause Young (Allocation Failure) 540M->383M(535M) 3.808ms
[479.149s][info][gc,cpu         ] GC(972) User=0.01s Sys=0.00s Real=0.01s
[479.490s][info][gc,start       ] GC(973) Pause Young (Allocation Failure)
[479.493s][info][gc,heap        ] GC(973) PSYoungGen: 157055K(157184K)->1023K(151552K) Eden: 155648K(155648K)->0K(150528K) From: 1407K(1536K)->1023K(1024K)
[479.493s][info][gc,heap        ] GC(973) ParOldGen: 390843K(391168K)->390859K(391168K)
[479.493s][info][gc,metaspace   ] GC(973) Metaspace: 57617K(57920K)->57617K(57920K) NonClass: 49315K(49536K)->49315K(49536K) Class: 8301K(8384K)->8301K(8384K)
[479.493s][info][gc             ] GC(973) Pause Young (Allocation Failure) 535M->382M(530M) 3.018ms
[479.493s][info][gc,cpu         ] GC(973) User=0.01s Sys=0.00s Real=0.00s
[479.862s][info][gc,start       ] GC(974) Pause Young (Allocation Failure)
[479.867s][info][gc,heap        ] GC(974) PSYoungGen: 151551K(151552K)->1952K(181248K) Eden: 150528K(150528K)->0K(179200K) From: 1023K(1024K)->1952K(2048K)
[479.867s][info][gc,heap        ] GC(974) ParOldGen: 390859K(391168K)->390875K(391168K)
[479.867s][info][gc,metaspace   ] GC(974) Metaspace: 57617K(57920K)->57617K(57920K) NonClass: 49315K(49536K)->49315K(49536K) Class: 8301K(8384K)->8301K(8384K)
[479.867s][info][gc             ] GC(974) Pause Young (Allocation Failure) 529M->383M(559M) 5.058ms
[479.867s][info][gc,cpu         ] GC(974) User=0.00s Sys=0.00s Real=0.01s
[480.286s][info][gc,start       ] GC(975) Pause Young (Allocation Failure)
[480.289s][info][gc,heap        ] GC(975) PSYoungGen: 180856K(181248K)->736K(174080K) Eden: 178904K(179200K)->0K(173056K) From: 1952K(2048K)->736K(1024K)
[480.289s][info][gc,heap        ] GC(975) ParOldGen: 390875K(391168K)->390891K(391168K)
[480.289s][info][gc,metaspace   ] GC(975) Metaspace: 57617K(57920K)->57617K(57920K) NonClass: 49315K(49536K)->49315K(49536K) Class: 8301K(8384K)->8301K(8384K)
[480.289s][info][gc             ] GC(975) Pause Young (Allocation Failure) 558M->382M(552M) 2.734ms
[480.289s][info][gc,cpu         ] GC(975) User=0.01s Sys=0.00s Real=0.00s
[480.740s][info][gc,start       ] GC(976) Pause Young (Allocation Failure)
[480.742s][info][gc,heap        ] GC(976) PSYoungGen: 173792K(174080K)->288K(167936K) Eden: 173056K(173056K)->0K(167424K) From: 736K(1024K)->288K(512K)
[480.743s][info][gc,heap        ] GC(976) ParOldGen: 390891K(391168K)->390907K(391168K)
[480.743s][info][gc,metaspace   ] GC(976) Metaspace: 57617K(57920K)->57617K(57920K) NonClass: 49315K(49536K)->49315K(49536K) Class: 8301K(8384K)->8301K(8384K)
[480.743s][info][gc             ] GC(976) Pause Young (Allocation Failure) 551M->382M(546M) 2.180ms
[480.743s][info][gc,cpu         ] GC(976) User=0.00s Sys=0.00s Real=0.00s
[481.139s][info][gc,start       ] GC(977) Pause Young (Allocation Failure)
[481.145s][info][gc,heap        ] GC(977) PSYoungGen: 167712K(167936K)->544K(162816K) Eden: 167424K(167424K)->0K(161792K) From: 288K(512K)->544K(1024K)
[481.145s][info][gc,heap        ] GC(977) ParOldGen: 390907K(391168K)->390923K(391168K)
[481.145s][info][gc,metaspace   ] GC(977) Metaspace: 57617K(57920K)->57617K(57920K) NonClass: 49315K(49536K)->49315K(49536K) Class: 8301K(8384K)->8301K(8384K)
[481.145s][info][gc             ] GC(977) Pause Young (Allocation Failure) 545M->382M(541M) 5.980ms
[481.145s][info][gc,cpu         ] GC(977) User=0.01s Sys=0.00s Real=0.00s
[481.484s][info][gc,start       ] GC(978) Pause Young (Allocation Failure)
[481.489s][info][gc,heap        ] GC(978) PSYoungGen: 162336K(162816K)->767K(194048K) Eden: 161792K(161792K)->0K(193024K) From: 544K(1024K)->767K(1024K)
[481.489s][info][gc,heap        ] GC(978) ParOldGen: 390923K(391168K)->390939K(391168K)
[481.489s][info][gc,metaspace   ] GC(978) Metaspace: 57617K(57920K)->57617K(57920K) NonClass: 49315K(49536K)->49315K(49536K) Class: 8301K(8384K)->8301K(8384K)
[481.489s][info][gc             ] GC(978) Pause Young (Allocation Failure) 540M->382M(571M) 4.600ms
[481.489s][info][gc,cpu         ] GC(978) User=0.00s Sys=0.00s Real=0.01s
[482.023s][info][gc,start       ] GC(979) Pause Young (Allocation Failure)
[482.028s][info][gc,heap        ] GC(979) PSYoungGen: 193791K(194048K)->2302K(232448K) Eden: 193024K(193024K)->0K(229888K) From: 767K(1024K)->2302K(2560K)
[482.028s][info][gc,heap        ] GC(979) ParOldGen: 390939K(391168K)->390955K(391168K)
[482.028s][info][gc,metaspace   ] GC(979) Metaspace: 57617K(57920K)->57617K(57920K) NonClass: 49315K(49536K)->49315K(49536K) Class: 8301K(8384K)->8301K(8384K)
[482.028s][info][gc             ] GC(979) Pause Young (Allocation Failure) 571M->384M(609M) 4.835ms
[482.028s][info][gc,cpu         ] GC(979) User=0.01s Sys=0.00s Real=0.01s
[482.540s][info][gc,start       ] GC(980) Pause Young (Allocation Failure)
[482.543s][info][gc,heap        ] GC(980) PSYoungGen: 232190K(232448K)->703K(222208K) Eden: 229888K(229888K)->0K(221184K) From: 2302K(2560K)->703K(1024K)
[482.543s][info][gc,heap        ] GC(980) ParOldGen: 390955K(391168K)->390971K(391168K)
[482.543s][info][gc,metaspace   ] GC(980) Metaspace: 57617K(57920K)->57617K(57920K) NonClass: 49315K(49536K)->49315K(49536K) Class: 8301K(8384K)->8301K(8384K)
[482.543s][info][gc             ] GC(980) Pause Young (Allocation Failure) 608M->382M(599M) 2.983ms
[482.543s][info][gc,cpu         ] GC(980) User=0.00s Sys=0.00s Real=0.00s
[483.059s][info][gc,start       ] GC(981) Pause Young (Allocation Failure)
[483.064s][info][gc,heap        ] GC(981) PSYoungGen: 221887K(222208K)->2238K(215552K) Eden: 221184K(221184K)->0K(212992K) From: 703K(1024K)->2238K(2560K)
[483.064s][info][gc,heap        ] GC(981) ParOldGen: 390971K(391168K)->390987K(391168K)
[483.064s][info][gc,metaspace   ] GC(981) Metaspace: 57617K(57920K)->57617K(57920K) NonClass: 49315K(49536K)->49315K(49536K) Class: 8301K(8384K)->8301K(8384K)
[483.064s][info][gc             ] GC(981) Pause Young (Allocation Failure) 598M->384M(592M) 4.625ms
[483.064s][info][gc,cpu         ] GC(981) User=0.00s Sys=0.00s Real=0.00s
[483.490s][info][gc,start       ] GC(982) Pause Young (Allocation Failure)
[483.492s][info][gc,heap        ] GC(982) PSYoungGen: 192626K(215552K)->64K(205824K) Eden: 190388K(212992K)->0K(205312K) From: 2238K(2560K)->64K(512K)
[483.492s][info][gc,heap        ] GC(982) ParOldGen: 390987K(391168K)->391003K(391168K)
[483.492s][info][gc,metaspace   ] GC(982) Metaspace: 57619K(57920K)->57619K(57920K) NonClass: 49317K(49536K)->49317K(49536K) Class: 8301K(8384K)->8301K(8384K)
[483.492s][info][gc             ] GC(982) Pause Young (Allocation Failure) 569M->381M(583M) 1.971ms
[483.492s][info][gc,cpu         ] GC(982) User=0.00s Sys=0.00s Real=0.00s
[486.143s][info][gc,start       ] GC(983) Pause Young (Allocation Failure)
[486.196s][info][gc,heap        ] GC(983) PSYoungGen: 205376K(205824K)->3063K(247808K) Eden: 205312K(205312K)->0K(244736K) From: 64K(512K)->3063K(3072K)
[486.196s][info][gc,heap        ] GC(983) ParOldGen: 391003K(391168K)->471161K(471552K)
[486.196s][info][gc,metaspace   ] GC(983) Metaspace: 57764K(58048K)->57764K(58048K) NonClass: 49462K(49664K)->49462K(49664K) Class: 8301K(8384K)->8301K(8384K)
[486.196s][info][gc             ] GC(983) Pause Young (Allocation Failure) 582M->463M(702M) 52.945ms
[486.196s][info][gc,cpu         ] GC(983) User=0.05s Sys=0.05s Real=0.06s
[486.773s][info][gc,start       ] GC(984) Pause Young (Allocation Failure)
[486.786s][info][gc,heap        ] GC(984) PSYoungGen: 247799K(247808K)->11398K(278016K) Eden: 244736K(244736K)->0K(244736K) From: 3063K(3072K)->11398K(33280K)
[486.786s][info][gc,heap        ] GC(984) ParOldGen: 471161K(471552K)->474193K(474624K)
[486.786s][info][gc,metaspace   ] GC(984) Metaspace: 57764K(58048K)->57764K(58048K) NonClass: 49462K(49664K)->49462K(49664K) Class: 8301K(8384K)->8301K(8384K)
[486.786s][info][gc             ] GC(984) Pause Young (Allocation Failure) 702M->474M(735M) 12.790ms
[486.786s][info][gc,cpu         ] GC(984) User=0.02s Sys=0.00s Real=0.01s
[487.369s][info][gc,start       ] GC(985) Pause Young (Allocation Failure)
[487.380s][info][gc,heap        ] GC(985) PSYoungGen: 256134K(278016K)->1536K(296960K) Eden: 244736K(244736K)->0K(268800K) From: 11398K(33280K)->1536K(28160K)
[487.380s][info][gc,heap        ] GC(985) ParOldGen: 474193K(474624K)->483869K(484352K)
[487.380s][info][gc,metaspace   ] GC(985) Metaspace: 57764K(58048K)->57764K(58048K) NonClass: 49462K(49664K)->49462K(49664K) Class: 8301K(8384K)->8301K(8384K)
[487.380s][info][gc             ] GC(985) Pause Young (Allocation Failure) 713M->474M(763M) 11.244ms
[487.380s][info][gc,cpu         ] GC(985) User=0.01s Sys=0.01s Real=0.01s
[488.046s][info][gc,start       ] GC(986) Pause Young (Allocation Failure)
[488.050s][info][gc,heap        ] GC(986) PSYoungGen: 270336K(296960K)->1470K(299520K) Eden: 268800K(268800K)->0K(268800K) From: 1536K(28160K)->1470K(30720K)
[488.050s][info][gc,heap        ] GC(986) ParOldGen: 483869K(484352K)->483885K(484352K)
[488.050s][info][gc,metaspace   ] GC(986) Metaspace: 57764K(58048K)->57764K(58048K) NonClass: 49462K(49664K)->49462K(49664K) Class: 8301K(8384K)->8301K(8384K)
[488.050s][info][gc             ] GC(986) Pause Young (Allocation Failure) 736M->473M(765M) 3.630ms
[488.050s][info][gc,cpu         ] GC(986) User=0.01s Sys=0.00s Real=0.00s
[488.669s][info][gc,start       ] GC(987) Pause Young (Allocation Failure)
[488.675s][info][gc,heap        ] GC(987) PSYoungGen: 270270K(299520K)->2814K(299520K) Eden: 268800K(268800K)->0K(272896K) From: 1470K(30720K)->2814K(26624K)
[488.675s][info][gc,heap        ] GC(987) ParOldGen: 483885K(484352K)->483901K(484352K)
[488.675s][info][gc,metaspace   ] GC(987) Metaspace: 57764K(58048K)->57764K(58048K) NonClass: 49462K(49664K)->49462K(49664K) Class: 8301K(8384K)->8301K(8384K)
[488.675s][info][gc             ] GC(987) Pause Young (Allocation Failure) 736M->475M(765M) 6.161ms
[488.675s][info][gc,cpu         ] GC(987) User=0.01s Sys=0.00s Real=0.00s
[489.349s][info][gc,start       ] GC(988) Pause Young (Allocation Failure)
[489.353s][info][gc,heap        ] GC(988) PSYoungGen: 275710K(299520K)->1662K(301568K) Eden: 272896K(272896K)->0K(272896K) From: 2814K(26624K)->1662K(28672K)
[489.353s][info][gc,heap        ] GC(988) ParOldGen: 483901K(484352K)->483917K(484352K)
[489.353s][info][gc,metaspace   ] GC(988) Metaspace: 57766K(58048K)->57766K(58048K) NonClass: 49464K(49664K)->49464K(49664K) Class: 8301K(8384K)->8301K(8384K)
[489.353s][info][gc             ] GC(988) Pause Young (Allocation Failure) 741M->474M(767M) 3.968ms
[489.353s][info][gc,cpu         ] GC(988) User=0.00s Sys=0.00s Real=0.00s
[489.979s][info][gc,start       ] GC(989) Pause Young (Allocation Failure)
[489.983s][info][gc,heap        ] GC(989) PSYoungGen: 274402K(301568K)->1600K(271360K) Eden: 272740K(272896K)->0K(262144K) From: 1662K(28672K)->1600K(9216K)
[489.983s][info][gc,heap        ] GC(989) ParOldGen: 483917K(484352K)->483933K(484352K)
[489.983s][info][gc,metaspace   ] GC(989) Metaspace: 57766K(58048K)->57766K(58048K) NonClass: 49464K(49664K)->49464K(49664K) Class: 8301K(8384K)->8301K(8384K)
[489.983s][info][gc             ] GC(989) Pause Young (Allocation Failure) 740M->474M(738M) 4.570ms
[489.983s][info][gc,cpu         ] GC(989) User=0.01s Sys=0.00s Real=0.00s
[490.638s][info][gc,start       ] GC(990) Pause Young (Allocation Failure)
[490.640s][info][gc,heap        ] GC(990) PSYoungGen: 263744K(271360K)->512K(252416K) Eden: 262144K(262144K)->0K(251904K) From: 1600K(9216K)->512K(512K)
[490.640s][info][gc,heap        ] GC(990) ParOldGen: 483933K(484352K)->483949K(484352K)
[490.640s][info][gc,metaspace   ] GC(990) Metaspace: 57766K(58048K)->57766K(58048K) NonClass: 49464K(49664K)->49464K(49664K) Class: 8301K(8384K)->8301K(8384K)
[490.640s][info][gc             ] GC(990) Pause Young (Allocation Failure) 730M->473M(719M) 2.652ms
[490.640s][info][gc,cpu         ] GC(990) User=0.01s Sys=0.00s Real=0.00s
[491.243s][info][gc,start       ] GC(991) Pause Young (Allocation Failure)
[491.247s][info][gc,heap        ] GC(991) PSYoungGen: 252416K(252416K)->1311K(251392K) Eden: 251904K(251904K)->0K(242176K) From: 512K(512K)->1311K(9216K)
[491.247s][info][gc,heap        ] GC(991) ParOldGen: 483949K(484352K)->483965K(484352K)
[491.247s][info][gc,metaspace   ] GC(991) Metaspace: 57766K(58048K)->57766K(58048K) NonClass: 49464K(49664K)->49464K(49664K) Class: 8301K(8384K)->8301K(8384K)
[491.247s][info][gc             ] GC(991) Pause Young (Allocation Failure) 719M->473M(718M) 3.795ms
[491.247s][info][gc,cpu         ] GC(991) User=0.01s Sys=0.00s Real=0.01s
[491.837s][info][gc,start       ] GC(992) Pause Young (Allocation Failure)
[491.839s][info][gc,heap        ] GC(992) PSYoungGen: 243487K(251392K)->288K(233472K) Eden: 242176K(242176K)->0K(232960K) From: 1311K(9216K)->288K(512K)
[491.839s][info][gc,heap        ] GC(992) ParOldGen: 483965K(484352K)->483997K(484352K)
[491.839s][info][gc,metaspace   ] GC(992) Metaspace: 57766K(58048K)->57766K(58048K) NonClass: 49464K(49664K)->49464K(49664K) Class: 8301K(8384K)->8301K(8384K)
[491.839s][info][gc             ] GC(992) Pause Young (Allocation Failure) 710M->472M(701M) 2.499ms
[491.839s][info][gc,cpu         ] GC(992) User=0.00s Sys=0.00s Real=0.00s
[492.368s][info][gc,start       ] GC(993) Pause Young (Allocation Failure)
[492.373s][info][gc,heap        ] GC(993) PSYoungGen: 233248K(233472K)->2175K(233984K) Eden: 232960K(232960K)->0K(224256K) From: 288K(512K)->2175K(9728K)
[492.373s][info][gc,heap        ] GC(993) ParOldGen: 483997K(484352K)->484013K(484352K)
[492.373s][info][gc,metaspace   ] GC(993) Metaspace: 57766K(58048K)->57766K(58048K) NonClass: 49464K(49664K)->49464K(49664K) Class: 8301K(8384K)->8301K(8384K)
[492.373s][info][gc             ] GC(993) Pause Young (Allocation Failure) 700M->474M(701M) 4.936ms
[492.373s][info][gc,cpu         ] GC(993) User=0.01s Sys=0.00s Real=0.00s
[492.940s][info][gc,start       ] GC(994) Pause Young (Allocation Failure)
[492.943s][info][gc,heap        ] GC(994) PSYoungGen: 226431K(233984K)->675K(217088K) Eden: 224256K(224256K)->0K(216064K) From: 2175K(9728K)->675K(1024K)
[492.943s][info][gc,heap        ] GC(994) ParOldGen: 484013K(484352K)->484029K(484352K)
[492.943s][info][gc,metaspace   ] GC(994) Metaspace: 57766K(58048K)->57766K(58048K) NonClass: 49464K(49664K)->49464K(49664K) Class: 8301K(8384K)->8301K(8384K)
[492.943s][info][gc             ] GC(994) Pause Young (Allocation Failure) 693M->473M(685M) 3.346ms
[492.943s][info][gc,cpu         ] GC(994) User=0.00s Sys=0.00s Real=0.00s
[493.463s][info][gc,start       ] GC(995) Pause Young (Allocation Failure)
[493.467s][info][gc,heap        ] GC(995) PSYoungGen: 216732K(217088K)->1312K(218624K) Eden: 216057K(216064K)->0K(208384K) From: 675K(1024K)->1312K(10240K)
[493.467s][info][gc,heap        ] GC(995) ParOldGen: 484029K(484352K)->484045K(484352K)
[493.467s][info][gc,metaspace   ] GC(995) Metaspace: 57766K(58048K)->57766K(58048K) NonClass: 49464K(49664K)->49464K(49664K) Class: 8301K(8384K)->8301K(8384K)
[493.467s][info][gc             ] GC(995) Pause Young (Allocation Failure) 684M->473M(686M) 4.415ms
[493.467s][info][gc,cpu         ] GC(995) User=0.01s Sys=0.00s Real=0.01s
[493.956s][info][gc,start       ] GC(996) Pause Young (Allocation Failure)
[493.960s][info][gc,heap        ] GC(996) PSYoungGen: 209696K(218624K)->1247K(202240K) Eden: 208384K(208384K)->0K(200704K) From: 1312K(10240K)->1247K(1536K)
[493.960s][info][gc,heap        ] GC(996) ParOldGen: 484045K(484352K)->484061K(484352K)
[493.960s][info][gc,metaspace   ] GC(996) Metaspace: 57766K(58048K)->57766K(58048K) NonClass: 49464K(49664K)->49464K(49664K) Class: 8301K(8384K)->8301K(8384K)
[493.960s][info][gc             ] GC(996) Pause Young (Allocation Failure) 677M->473M(670M) 3.814ms
[493.960s][info][gc,cpu         ] GC(996) User=0.01s Sys=0.00s Real=0.00s
[494.507s][info][gc,start       ] GC(997) Pause Young (Allocation Failure)
[494.516s][info][gc,heap        ] GC(997) PSYoungGen: 201951K(202240K)->1759K(201728K) Eden: 200704K(200704K)->0K(193536K) From: 1247K(1536K)->1759K(8192K)
[494.516s][info][gc,heap        ] GC(997) ParOldGen: 484061K(484352K)->484077K(484352K)
[494.516s][info][gc,metaspace   ] GC(997) Metaspace: 57766K(58048K)->57766K(58048K) NonClass: 49464K(49664K)->49464K(49664K) Class: 8301K(8384K)->8301K(8384K)
[494.516s][info][gc             ] GC(997) Pause Young (Allocation Failure) 669M->474M(670M) 9.498ms
[494.516s][info][gc,cpu         ] GC(997) User=0.01s Sys=0.00s Real=0.01s
[494.882s][info][gc,start       ] GC(998) Pause Young (Allocation Failure)
[494.886s][info][gc,heap        ] GC(998) PSYoungGen: 195092K(201728K)->896K(187904K) Eden: 193333K(193536K)->0K(186880K) From: 1759K(8192K)->896K(1024K)
[494.886s][info][gc,heap        ] GC(998) ParOldGen: 484077K(484352K)->484093K(484352K)
[494.886s][info][gc,metaspace   ] GC(998) Metaspace: 57766K(58048K)->57766K(58048K) NonClass: 49464K(49664K)->49464K(49664K) Class: 8301K(8384K)->8301K(8384K)
[494.886s][info][gc             ] GC(998) Pause Young (Allocation Failure) 663M->473M(656M) 3.656ms
[494.886s][info][gc,cpu         ] GC(998) User=0.01s Sys=0.00s Real=0.01s
[495.355s][info][gc,start       ] GC(999) Pause Young (Allocation Failure)
[495.359s][info][gc,heap        ] GC(999) PSYoungGen: 187776K(187904K)->1664K(186880K) Eden: 186880K(186880K)->0K(180224K) From: 896K(1024K)->1664K(6656K)
[495.359s][info][gc,heap        ] GC(999) ParOldGen: 484093K(484352K)->484109K(484352K)
[495.359s][info][gc,metaspace   ] GC(999) Metaspace: 57766K(58048K)->57766K(58048K) NonClass: 49464K(49664K)->49464K(49664K) Class: 8301K(8384K)->8301K(8384K)
[495.359s][info][gc             ] GC(999) Pause Young (Allocation Failure) 656M->474M(655M) 4.808ms
[495.359s][info][gc,cpu         ] GC(999) User=0.01s Sys=0.00s Real=0.01s
[495.775s][info][gc,start       ] GC(1000) Pause Young (Allocation Failure)
[495.780s][info][gc,heap        ] GC(1000) PSYoungGen: 181856K(186880K)->1856K(176128K) Eden: 180192K(180224K)->0K(174080K) From: 1664K(6656K)->1856K(2048K)
[495.780s][info][gc,heap        ] GC(1000) ParOldGen: 484109K(484352K)->484125K(484352K)
[495.780s][info][gc,metaspace   ] GC(1000) Metaspace: 57766K(58048K)->57766K(58048K) NonClass: 49464K(49664K)->49464K(49664K) Class: 8301K(8384K)->8301K(8384K)
[495.780s][info][gc             ] GC(1000) Pause Young (Allocation Failure) 650M->474M(645M) 4.840ms
[495.780s][info][gc,cpu         ] GC(1000) User=0.01s Sys=0.00s Real=0.01s
[496.236s][info][gc,start       ] GC(1001) Pause Young (Allocation Failure)
[496.239s][info][gc,heap        ] GC(1001) PSYoungGen: 175936K(176128K)->560K(173056K) Eden: 174080K(174080K)->0K(167936K) From: 1856K(2048K)->560K(5120K)
[496.239s][info][gc,heap        ] GC(1001) ParOldGen: 484125K(484352K)->484141K(484352K)
[496.239s][info][gc,metaspace   ] GC(1001) Metaspace: 57766K(58048K)->57766K(58048K) NonClass: 49464K(49664K)->49464K(49664K) Class: 8301K(8384K)->8301K(8384K)
[496.239s][info][gc             ] GC(1001) Pause Young (Allocation Failure) 644M->473M(642M) 2.858ms
[496.239s][info][gc,cpu         ] GC(1001) User=0.00s Sys=0.00s Real=0.00s
[496.639s][info][gc,start       ] GC(1002) Pause Young (Allocation Failure)
[496.642s][info][gc,heap        ] GC(1002) PSYoungGen: 168461K(173056K)->571K(163328K) Eden: 167900K(167936K)->0K(162304K) From: 560K(5120K)->571K(1024K)
[496.642s][info][gc,heap        ] GC(1002) ParOldGen: 484141K(484352K)->484461K(484864K)
[496.642s][info][gc,metaspace   ] GC(1002) Metaspace: 57766K(58048K)->57766K(58048K) NonClass: 49464K(49664K)->49464K(49664K) Class: 8301K(8384K)->8301K(8384K)
[496.642s][info][gc             ] GC(1002) Pause Young (Allocation Failure) 637M->473M(633M) 2.939ms
[496.642s][info][gc,cpu         ] GC(1002) User=0.00s Sys=0.00s Real=0.00s
[497.082s][info][gc,start       ] GC(1003) Pause Young (Allocation Failure)
[497.085s][info][gc,heap        ] GC(1003) PSYoungGen: 162875K(163328K)->356K(159744K) Eden: 162304K(162304K)->0K(156672K) From: 571K(1024K)->356K(3072K)
[497.085s][info][gc,heap        ] GC(1003) ParOldGen: 484461K(484864K)->484477K(484864K)
[497.085s][info][gc,metaspace   ] GC(1003) Metaspace: 57766K(58048K)->57766K(58048K) NonClass: 49464K(49664K)->49464K(49664K) Class: 8301K(8384K)->8301K(8384K)
[497.085s][info][gc             ] GC(1003) Pause Young (Allocation Failure) 632M->473M(629M) 2.931ms
[497.085s][info][gc,cpu         ] GC(1003) User=0.00s Sys=0.00s Real=0.00s
[497.369s][info][gc,start       ] GC(1004) Pause Young (Allocation Failure)
[497.373s][info][gc,heap        ] GC(1004) PSYoungGen: 157028K(159744K)->1919K(153600K) Eden: 156672K(156672K)->0K(151552K) From: 356K(3072K)->1919K(2048K)
[497.373s][info][gc,heap        ] GC(1004) ParOldGen: 484477K(484864K)->484493K(484864K)
[497.373s][info][gc,metaspace   ] GC(1004) Metaspace: 57766K(58048K)->57766K(58048K) NonClass: 49464K(49664K)->49464K(49664K) Class: 8301K(8384K)->8301K(8384K)
[497.373s][info][gc             ] GC(1004) Pause Young (Allocation Failure) 626M->475M(623M) 4.170ms
[497.373s][info][gc,cpu         ] GC(1004) User=0.01s Sys=0.00s Real=0.00s
[497.760s][info][gc,start       ] GC(1005) Pause Young (Allocation Failure)
[497.765s][info][gc,heap        ] GC(1005) PSYoungGen: 153471K(153600K)->1919K(148480K) Eden: 151552K(151552K)->0K(146432K) From: 1919K(2048K)->1919K(2048K)
[497.765s][info][gc,heap        ] GC(1005) ParOldGen: 484493K(484864K)->484509K(484864K)
[497.765s][info][gc,metaspace   ] GC(1005) Metaspace: 57766K(58048K)->57766K(58048K) NonClass: 49464K(49664K)->49464K(49664K) Class: 8301K(8384K)->8301K(8384K)
[497.765s][info][gc             ] GC(1005) Pause Young (Allocation Failure) 623M->475M(618M) 4.502ms
[497.765s][info][gc,cpu         ] GC(1005) User=0.00s Sys=0.00s Real=0.00s
[498.087s][info][gc,start       ] GC(1006) Pause Young (Allocation Failure)
[498.090s][info][gc,heap        ] GC(1006) PSYoungGen: 148335K(148480K)->352K(142336K) Eden: 146416K(146432K)->0K(141824K) From: 1919K(2048K)->352K(512K)
[498.090s][info][gc,heap        ] GC(1006) ParOldGen: 484509K(484864K)->484525K(484864K)
[498.090s][info][gc,metaspace   ] GC(1006) Metaspace: 57766K(58048K)->57766K(58048K) NonClass: 49464K(49664K)->49464K(49664K) Class: 8301K(8384K)->8301K(8384K)
[498.090s][info][gc             ] GC(1006) Pause Young (Allocation Failure) 618M->473M(612M) 2.461ms
[498.090s][info][gc,cpu         ] GC(1006) User=0.00s Sys=0.00s Real=0.00s
[498.454s][info][gc,start       ] GC(1007) Pause Young (Allocation Failure)
[498.458s][info][gc,heap        ] GC(1007) PSYoungGen: 142176K(142336K)->1535K(138752K) Eden: 141824K(141824K)->0K(137216K) From: 352K(512K)->1535K(1536K)
[498.458s][info][gc,heap        ] GC(1007) ParOldGen: 484525K(484864K)->484541K(484864K)
[498.458s][info][gc,metaspace   ] GC(1007) Metaspace: 57766K(58048K)->57766K(58048K) NonClass: 49464K(49664K)->49464K(49664K) Class: 8301K(8384K)->8301K(8384K)
[498.458s][info][gc             ] GC(1007) Pause Young (Allocation Failure) 612M->474M(609M) 4.131ms
[498.458s][info][gc,cpu         ] GC(1007) User=0.01s Sys=0.00s Real=0.01s
[498.770s][info][gc,start       ] GC(1008) Pause Young (Allocation Failure)
[498.775s][info][gc,heap        ] GC(1008) PSYoungGen: 138751K(138752K)->2271K(150016K) Eden: 137216K(137216K)->0K(140800K) From: 1535K(1536K)->2271K(9216K)
[498.775s][info][gc,heap        ] GC(1008) ParOldGen: 484541K(484864K)->484557K(484864K)
[498.775s][info][gc,metaspace   ] GC(1008) Metaspace: 57766K(58048K)->57766K(58048K) NonClass: 49464K(49664K)->49464K(49664K) Class: 8301K(8384K)->8301K(8384K)
[498.775s][info][gc             ] GC(1008) Pause Young (Allocation Failure) 608M->475M(620M) 4.583ms
[498.775s][info][gc,cpu         ] GC(1008) User=0.01s Sys=0.00s Real=0.00s
[499.144s][info][gc,start       ] GC(1009) Pause Young (Allocation Failure)
[499.148s][info][gc,heap        ] GC(1009) PSYoungGen: 143071K(150016K)->991K(173056K) Eden: 140800K(140800K)->0K(164352K) From: 2271K(9216K)->991K(8704K)
[499.148s][info][gc,heap        ] GC(1009) ParOldGen: 484557K(484864K)->484573K(484864K)
[499.148s][info][gc,metaspace   ] GC(1009) Metaspace: 57766K(58048K)->57766K(58048K) NonClass: 49464K(49664K)->49464K(49664K) Class: 8301K(8384K)->8301K(8384K)
[499.148s][info][gc             ] GC(1009) Pause Young (Allocation Failure) 612M->474M(642M) 3.809ms
[499.148s][info][gc,cpu         ] GC(1009) User=0.00s Sys=0.00s Real=0.01s
[499.542s][info][gc,start       ] GC(1010) Pause Young (Allocation Failure)
[499.545s][info][gc,heap        ] GC(1010) PSYoungGen: 165343K(173056K)->609K(159744K) Eden: 164352K(164352K)->0K(158720K) From: 991K(8704K)->609K(1024K)
[499.545s][info][gc,heap        ] GC(1010) ParOldGen: 484573K(484864K)->484589K(484864K)
[499.545s][info][gc,metaspace   ] GC(1010) Metaspace: 57766K(58048K)->57766K(58048K) NonClass: 49464K(49664K)->49464K(49664K) Class: 8301K(8384K)->8301K(8384K)
[499.545s][info][gc             ] GC(1010) Pause Young (Allocation Failure) 634M->473M(629M) 2.822ms
[499.545s][info][gc,cpu         ] GC(1010) User=0.00s Sys=0.00s Real=0.00s
[499.944s][info][gc,start       ] GC(1011) Pause Young (Allocation Failure)
[499.948s][info][gc,heap        ] GC(1011) PSYoungGen: 159329K(159744K)->1151K(155136K) Eden: 158720K(158720K)->0K(153600K) From: 609K(1024K)->1151K(1536K)
[499.948s][info][gc,heap        ] GC(1011) ParOldGen: 484589K(484864K)->484605K(484864K)
[499.948s][info][gc,metaspace   ] GC(1011) Metaspace: 57766K(58048K)->57766K(58048K) NonClass: 49464K(49664K)->49464K(49664K) Class: 8301K(8384K)->8301K(8384K)
[499.948s][info][gc             ] GC(1011) Pause Young (Allocation Failure) 628M->474M(625M) 3.484ms
[499.948s][info][gc,cpu         ] GC(1011) User=0.01s Sys=0.00s Real=0.01s
[500.265s][info][gc,start       ] GC(1012) Pause Young (Allocation Failure)
[500.269s][info][gc,heap        ] GC(1012) PSYoungGen: 154751K(155136K)->1855K(150528K) Eden: 153600K(153600K)->0K(148480K) From: 1151K(1536K)->1855K(2048K)
[500.269s][info][gc,heap        ] GC(1012) ParOldGen: 484605K(484864K)->484621K(484864K)
[500.269s][info][gc,metaspace   ] GC(1012) Metaspace: 57766K(58048K)->57766K(58048K) NonClass: 49464K(49664K)->49464K(49664K) Class: 8301K(8384K)->8301K(8384K)
[500.269s][info][gc             ] GC(1012) Pause Young (Allocation Failure) 624M->475M(620M) 3.975ms
[500.269s][info][gc,cpu         ] GC(1012) User=0.01s Sys=0.00s Real=0.01s
[500.645s][info][gc,start       ] GC(1013) Pause Young (Allocation Failure)
[500.648s][info][gc,heap        ] GC(1013) PSYoungGen: 150335K(150528K)->1055K(145408K) Eden: 148480K(148480K)->0K(143872K) From: 1855K(2048K)->1055K(1536K)
[500.648s][info][gc,heap        ] GC(1013) ParOldGen: 484621K(484864K)->484637K(484864K)
[500.648s][info][gc,metaspace   ] GC(1013) Metaspace: 57766K(58048K)->57766K(58048K) NonClass: 49464K(49664K)->49464K(49664K) Class: 8301K(8384K)->8301K(8384K)
[500.648s][info][gc             ] GC(1013) Pause Young (Allocation Failure) 620M->474M(615M) 3.164ms
[500.648s][info][gc,cpu         ] GC(1013) User=0.00s Sys=0.00s Real=0.01s
[500.965s][info][gc,start       ] GC(1014) Pause Young (Allocation Failure)
[500.970s][info][gc,heap        ] GC(1014) PSYoungGen: 144927K(145408K)->1984K(154624K) Eden: 143872K(143872K)->0K(147968K) From: 1055K(1536K)->1984K(6656K)
[500.970s][info][gc,heap        ] GC(1014) ParOldGen: 484637K(484864K)->484653K(484864K)
[500.970s][info][gc,metaspace   ] GC(1014) Metaspace: 57766K(58048K)->57766K(58048K) NonClass: 49464K(49664K)->49464K(49664K) Class: 8301K(8384K)->8301K(8384K)
[500.970s][info][gc             ] GC(1014) Pause Young (Allocation Failure) 614M->475M(624M) 4.463ms
[500.970s][info][gc,cpu         ] GC(1014) User=0.01s Sys=0.00s Real=0.01s
[501.350s][info][gc,start       ] GC(1015) Pause Young (Allocation Failure)
[501.354s][info][gc,heap        ] GC(1015) PSYoungGen: 149853K(154624K)->1152K(178176K) Eden: 147869K(147968K)->0K(172032K) From: 1984K(6656K)->1152K(6144K)
[501.354s][info][gc,heap        ] GC(1015) ParOldGen: 484653K(484864K)->484669K(484864K)
[501.354s][info][gc,metaspace   ] GC(1015) Metaspace: 57766K(58048K)->57766K(58048K) NonClass: 49464K(49664K)->49464K(49664K) Class: 8301K(8384K)->8301K(8384K)
[501.354s][info][gc             ] GC(1015) Pause Young (Allocation Failure) 619M->474M(647M) 3.659ms
[501.354s][info][gc,cpu         ] GC(1015) User=0.01s Sys=0.00s Real=0.00s
[501.764s][info][gc,start       ] GC(1016) Pause Young (Allocation Failure)
[501.768s][info][gc,heap        ] GC(1016) PSYoungGen: 173184K(178176K)->1248K(177664K) Eden: 172032K(172032K)->0K(172032K) From: 1152K(6144K)->1248K(5632K)
[501.768s][info][gc,heap        ] GC(1016) ParOldGen: 484669K(484864K)->484685K(484864K)
[501.768s][info][gc,metaspace   ] GC(1016) Metaspace: 57766K(58048K)->57766K(58048K) NonClass: 49464K(49664K)->49464K(49664K) Class: 8301K(8384K)->8301K(8384K)
[501.768s][info][gc             ] GC(1016) Pause Young (Allocation Failure) 642M->474M(647M) 3.842ms
[501.768s][info][gc,cpu         ] GC(1016) User=0.01s Sys=0.00s Real=0.01s
[502.208s][info][gc,start       ] GC(1017) Pause Young (Allocation Failure)
[502.212s][info][gc,heap        ] GC(1017) PSYoungGen: 173280K(177664K)->2110K(209920K) Eden: 172032K(172032K)->0K(205312K) From: 1248K(5632K)->2110K(4608K)
[502.212s][info][gc,heap        ] GC(1017) ParOldGen: 484685K(484864K)->484701K(484864K)
[502.212s][info][gc,metaspace   ] GC(1017) Metaspace: 57766K(58048K)->57766K(58048K) NonClass: 49464K(49664K)->49464K(49664K) Class: 8301K(8384K)->8301K(8384K)
[502.212s][info][gc             ] GC(1017) Pause Young (Allocation Failure) 642M->475M(678M) 4.688ms
[502.212s][info][gc,cpu         ] GC(1017) User=0.01s Sys=0.00s Real=0.00s
[502.670s][info][gc,start       ] GC(1018) Pause Young (Allocation Failure)
[502.674s][info][gc,heap        ] GC(1018) PSYoungGen: 207422K(209920K)->1406K(199680K) Eden: 205312K(205312K)->0K(198144K) From: 2110K(4608K)->1406K(1536K)
[502.674s][info][gc,heap        ] GC(1018) ParOldGen: 484701K(484864K)->484717K(484864K)
[502.674s][info][gc,metaspace   ] GC(1018) Metaspace: 57766K(58048K)->57766K(58048K) NonClass: 49464K(49664K)->49464K(49664K) Class: 8301K(8384K)->8301K(8384K)
[502.674s][info][gc             ] GC(1018) Pause Young (Allocation Failure) 675M->474M(668M) 3.512ms
[502.674s][info][gc,cpu         ] GC(1018) User=0.00s Sys=0.00s Real=0.00s
[503.183s][info][gc,start       ] GC(1019) Pause Young (Allocation Failure)
[503.187s][info][gc,heap        ] GC(1019) PSYoungGen: 199550K(199680K)->1342K(192512K) Eden: 198144K(198144K)->0K(190976K) From: 1406K(1536K)->1342K(1536K)
[503.187s][info][gc,heap        ] GC(1019) ParOldGen: 484717K(484864K)->484733K(484864K)
[503.187s][info][gc,metaspace   ] GC(1019) Metaspace: 57766K(58048K)->57766K(58048K) NonClass: 49464K(49664K)->49464K(49664K) Class: 8301K(8384K)->8301K(8384K)
[503.187s][info][gc             ] GC(1019) Pause Young (Allocation Failure) 668M->474M(661M) 3.856ms
[503.187s][info][gc,cpu         ] GC(1019) User=0.01s Sys=0.00s Real=0.01s
[503.583s][info][gc,start       ] GC(1020) Pause Young (Allocation Failure)
[503.586s][info][gc,heap        ] GC(1020) PSYoungGen: 192142K(192512K)->1663K(186368K) Eden: 190799K(190976K)->0K(184320K) From: 1342K(1536K)->1663K(2048K)
[503.586s][info][gc,heap        ] GC(1020) ParOldGen: 484733K(484864K)->484749K(484864K)
[503.586s][info][gc,metaspace   ] GC(1020) Metaspace: 57766K(58048K)->57766K(58048K) NonClass: 49464K(49664K)->49464K(49664K) Class: 8301K(8384K)->8301K(8384K)
[503.586s][info][gc             ] GC(1020) Pause Young (Allocation Failure) 661M->475M(655M) 3.892ms
[503.586s][info][gc,cpu         ] GC(1020) User=0.01s Sys=0.00s Real=0.01s
[504.060s][info][gc,start       ] GC(1021) Pause Young (Allocation Failure)
[504.068s][info][gc,heap        ] GC(1021) PSYoungGen: 185983K(186368K)->4512K(202240K) Eden: 184320K(184320K)->0K(197632K) From: 1663K(2048K)->4512K(4608K)
[504.068s][info][gc,heap        ] GC(1021) ParOldGen: 484749K(484864K)->484765K(484864K)
[504.068s][info][gc,metaspace   ] GC(1021) Metaspace: 57766K(58048K)->57766K(58048K) NonClass: 49464K(49664K)->49464K(49664K) Class: 8301K(8384K)->8301K(8384K)
[504.068s][info][gc             ] GC(1021) Pause Young (Allocation Failure) 655M->477M(671M) 7.862ms
[504.068s][info][gc,cpu         ] GC(1021) User=0.01s Sys=0.00s Real=0.01s
[504.515s][info][gc,start       ] GC(1022) Pause Young (Allocation Failure)
[504.523s][info][gc,heap        ] GC(1022) PSYoungGen: 202142K(202240K)->2176K(202752K) Eden: 197629K(197632K)->0K(197632K) From: 4512K(4608K)->2176K(5120K)
[504.523s][info][gc,heap        ] GC(1022) ParOldGen: 484765K(484864K)->488462K(488960K)
[504.523s][info][gc,metaspace   ] GC(1022) Metaspace: 57766K(58048K)->57766K(58048K) NonClass: 49464K(49664K)->49464K(49664K) Class: 8301K(8384K)->8301K(8384K)
[504.523s][info][gc             ] GC(1022) Pause Young (Allocation Failure) 670M->479M(675M) 7.754ms
[504.523s][info][gc,cpu         ] GC(1022) User=0.01s Sys=0.00s Real=0.01s
[504.973s][info][gc,start       ] GC(1023) Pause Young (Allocation Failure)
[504.981s][info][gc,heap        ] GC(1023) PSYoungGen: 199652K(202752K)->1888K(240128K) Eden: 197475K(197632K)->0K(236032K) From: 2176K(5120K)->1888K(4096K)
[504.981s][info][gc,heap        ] GC(1023) ParOldGen: 488462K(488960K)->490623K(491008K)
[504.981s][info][gc,metaspace   ] GC(1023) Metaspace: 57766K(58048K)->57766K(58048K) NonClass: 49464K(49664K)->49464K(49664K) Class: 8301K(8384K)->8301K(8384K)
[504.981s][info][gc             ] GC(1023) Pause Young (Allocation Failure) 671M->480M(714M) 7.321ms
[504.981s][info][gc,cpu         ] GC(1023) User=0.01s Sys=0.00s Real=0.01s
[505.555s][info][gc,start       ] GC(1024) Pause Young (Allocation Failure)
[505.564s][info][gc,heap        ] GC(1024) PSYoungGen: 237920K(240128K)->4595K(240640K) Eden: 236032K(236032K)->0K(236032K) From: 1888K(4096K)->4595K(4608K)
[505.564s][info][gc,heap        ] GC(1024) ParOldGen: 490623K(491008K)->497164K(497664K)
[505.564s][info][gc,metaspace   ] GC(1024) Metaspace: 57766K(58048K)->57766K(58048K) NonClass: 49464K(49664K)->49464K(49664K) Class: 8301K(8384K)->8301K(8384K)
[505.564s][info][gc             ] GC(1024) Pause Young (Allocation Failure) 711M->489M(721M) 9.256ms
[505.564s][info][gc,cpu         ] GC(1024) User=0.00s Sys=0.01s Real=0.01s
[506.095s][info][gc,start       ] GC(1025) Pause Young (Allocation Failure)
[506.103s][info][gc,heap        ] GC(1025) PSYoungGen: 240627K(240640K)->1119K(289280K) Eden: 236032K(236032K)->0K(282112K) From: 4595K(4608K)->1119K(7168K)
[506.104s][info][gc,heap        ] GC(1025) ParOldGen: 497164K(497664K)->501767K(502272K)
[506.104s][info][gc,metaspace   ] GC(1025) Metaspace: 57766K(58048K)->57766K(58048K) NonClass: 49464K(49664K)->49464K(49664K) Class: 8301K(8384K)->8301K(8384K)
[506.104s][info][gc             ] GC(1025) Pause Young (Allocation Failure) 720M->491M(773M) 8.711ms
[506.104s][info][gc,cpu         ] GC(1025) User=0.01s Sys=0.00s Real=0.01s
[506.792s][info][gc,start       ] GC(1026) Pause Young (Allocation Failure)
[506.798s][info][gc,heap        ] GC(1026) PSYoungGen: 283231K(289280K)->2207K(289792K) Eden: 282112K(282112K)->0K(282112K) From: 1119K(7168K)->2207K(7680K)
[506.798s][info][gc,heap        ] GC(1026) ParOldGen: 501767K(502272K)->502055K(502272K)
[506.798s][info][gc,metaspace   ] GC(1026) Metaspace: 57766K(58048K)->57766K(58048K) NonClass: 49464K(49664K)->49464K(49664K) Class: 8301K(8384K)->8301K(8384K)
[506.798s][info][gc             ] GC(1026) Pause Young (Allocation Failure) 766M->492M(773M) 5.811ms
[506.798s][info][gc,cpu         ] GC(1026) User=0.01s Sys=0.00s Real=0.01s
[507.466s][info][gc,start       ] GC(1027) Pause Young (Allocation Failure)
[507.471s][info][gc,heap        ] GC(1027) PSYoungGen: 284319K(289792K)->2175K(326144K) Eden: 282112K(282112K)->0K(318976K) From: 2207K(7680K)->2175K(7168K)
[507.471s][info][gc,heap        ] GC(1027) ParOldGen: 502055K(502272K)->502071K(502272K)
[507.471s][info][gc,metaspace   ] GC(1027) Metaspace: 57766K(58048K)->57766K(58048K) NonClass: 49464K(49664K)->49464K(49664K) Class: 8301K(8384K)->8301K(8384K)
[507.471s][info][gc             ] GC(1027) Pause Young (Allocation Failure) 767M->492M(809M) 5.339ms
[507.471s][info][gc,cpu         ] GC(1027) User=0.01s Sys=0.00s Real=0.00s
[508.256s][info][gc,start       ] GC(1028) Pause Young (Allocation Failure)
[508.261s][info][gc,heap        ] GC(1028) PSYoungGen: 321151K(326144K)->1599K(326144K) Eden: 318976K(318976K)->0K(318976K) From: 2175K(7168K)->1599K(7168K)
[508.261s][info][gc,heap        ] GC(1028) ParOldGen: 502071K(502272K)->502087K(502272K)
[508.261s][info][gc,metaspace   ] GC(1028) Metaspace: 57766K(58048K)->57766K(58048K) NonClass: 49464K(49664K)->49464K(49664K) Class: 8301K(8384K)->8301K(8384K)
[508.261s][info][gc             ] GC(1028) Pause Young (Allocation Failure) 803M->491M(809M) 5.365ms
[508.261s][info][gc,cpu         ] GC(1028) User=0.00s Sys=0.00s Real=0.00s
[509.049s][info][gc,start       ] GC(1029) Pause Young (Allocation Failure)
[509.052s][info][gc,heap        ] GC(1029) PSYoungGen: 320575K(326144K)->192K(306688K) Eden: 318976K(318976K)->0K(306176K) From: 1599K(7168K)->192K(512K)
[509.052s][info][gc,heap        ] GC(1029) ParOldGen: 502087K(502272K)->502103K(502272K)
[509.052s][info][gc,metaspace   ] GC(1029) Metaspace: 57766K(58048K)->57766K(58048K) NonClass: 49464K(49664K)->49464K(49664K) Class: 8301K(8384K)->8301K(8384K)
[509.052s][info][gc             ] GC(1029) Pause Young (Allocation Failure) 803M->490M(790M) 3.209ms
[509.053s][info][gc,cpu         ] GC(1029) User=0.00s Sys=0.00s Real=0.00s
[509.758s][info][gc,start       ] GC(1030) Pause Young (Allocation Failure)
[509.765s][info][gc,heap        ] GC(1030) PSYoungGen: 306368K(306688K)->1728K(300544K) Eden: 306176K(306176K)->0K(293888K) From: 192K(512K)->1728K(6656K)
[509.765s][info][gc,heap        ] GC(1030) ParOldGen: 502103K(502272K)->502119K(502272K)
[509.765s][info][gc,metaspace   ] GC(1030) Metaspace: 57766K(58048K)->57766K(58048K) NonClass: 49464K(49664K)->49464K(49664K) Class: 8301K(8384K)->8301K(8384K)
[509.765s][info][gc             ] GC(1030) Pause Young (Allocation Failure) 789M->492M(784M) 7.091ms
[509.765s][info][gc,cpu         ] GC(1030) User=0.00s Sys=0.00s Real=0.00s
[510.464s][info][gc,start       ] GC(1031) Pause Young (Allocation Failure)
[510.469s][info][gc,heap        ] GC(1031) PSYoungGen: 295374K(300544K)->1568K(284160K) Eden: 293646K(293888K)->0K(282112K) From: 1728K(6656K)->1568K(2048K)
[510.469s][info][gc,heap        ] GC(1031) ParOldGen: 502119K(502272K)->502135K(502272K)
[510.469s][info][gc,metaspace   ] GC(1031) Metaspace: 57766K(58048K)->57766K(58048K) NonClass: 49464K(49664K)->49464K(49664K) Class: 8301K(8384K)->8301K(8384K)
[510.469s][info][gc             ] GC(1031) Pause Young (Allocation Failure) 778M->491M(768M) 4.715ms
[510.469s][info][gc,cpu         ] GC(1031) User=0.01s Sys=0.00s Real=0.01s
[511.151s][info][gc,start       ] GC(1032) Pause Young (Allocation Failure)
[511.154s][info][gc,heap        ] GC(1032) PSYoungGen: 283680K(284160K)->1248K(272384K) Eden: 282112K(282112K)->0K(270848K) From: 1568K(2048K)->1248K(1536K)
[511.154s][info][gc,heap        ] GC(1032) ParOldGen: 502135K(502272K)->502151K(502272K)
[511.154s][info][gc,metaspace   ] GC(1032) Metaspace: 57766K(58048K)->57766K(58048K) NonClass: 49464K(49664K)->49464K(49664K) Class: 8301K(8384K)->8301K(8384K)
[511.154s][info][gc             ] GC(1032) Pause Young (Allocation Failure) 767M->491M(756M) 3.651ms
[511.155s][info][gc,cpu         ] GC(1032) User=0.00s Sys=0.00s Real=0.00s
[511.781s][info][gc,start       ] GC(1033) Pause Young (Allocation Failure)
[511.785s][info][gc,heap        ] GC(1033) PSYoungGen: 272096K(272384K)->960K(261632K) Eden: 270848K(270848K)->0K(260608K) From: 1248K(1536K)->960K(1024K)
[511.785s][info][gc,heap        ] GC(1033) ParOldGen: 502151K(502272K)->502167K(502272K)
[511.785s][info][gc,metaspace   ] GC(1033) Metaspace: 57766K(58048K)->57766K(58048K) NonClass: 49464K(49664K)->49464K(49664K) Class: 8301K(8384K)->8301K(8384K)
[511.785s][info][gc             ] GC(1033) Pause Young (Allocation Failure) 756M->491M(746M) 3.521ms
[511.785s][info][gc,cpu         ] GC(1033) User=0.00s Sys=0.00s Real=0.00s
[512.443s][info][gc,start       ] GC(1034) Pause Young (Allocation Failure)
[512.447s][info][gc,heap        ] GC(1034) PSYoungGen: 261568K(261632K)->1194K(252416K) Eden: 260608K(260608K)->0K(250880K) From: 960K(1024K)->1194K(1536K)
[512.447s][info][gc,heap        ] GC(1034) ParOldGen: 502167K(502272K)->502183K(502272K)
[512.447s][info][gc,metaspace   ] GC(1034) Metaspace: 57766K(58048K)->57766K(58048K) NonClass: 49464K(49664K)->49464K(49664K) Class: 8301K(8384K)->8301K(8384K)
[512.447s][info][gc             ] GC(1034) Pause Young (Allocation Failure) 745M->491M(737M) 3.181ms
[512.447s][info][gc,cpu         ] GC(1034) User=0.00s Sys=0.00s Real=0.01s
[513.101s][info][gc,start       ] GC(1035) Pause Young (Allocation Failure)
[513.104s][info][gc,heap        ] GC(1035) PSYoungGen: 251957K(252416K)->672K(242176K) Eden: 250762K(250880K)->0K(241152K) From: 1194K(1536K)->672K(1024K)
[513.104s][info][gc,heap        ] GC(1035) ParOldGen: 502183K(502272K)->502199K(502272K)
[513.104s][info][gc,metaspace   ] GC(1035) Metaspace: 57766K(58048K)->57766K(58048K) NonClass: 49464K(49664K)->49464K(49664K) Class: 8301K(8384K)->8301K(8384K)
[513.104s][info][gc             ] GC(1035) Pause Young (Allocation Failure) 736M->491M(727M) 3.086ms
[513.104s][info][gc,cpu         ] GC(1035) User=0.00s Sys=0.00s Real=0.00s
[513.637s][info][gc,start       ] GC(1036) Pause Young (Allocation Failure)
[513.639s][info][gc,heap        ] GC(1036) PSYoungGen: 241824K(242176K)->361K(232448K) Eden: 241152K(241152K)->0K(231936K) From: 672K(1024K)->361K(512K)
[513.639s][info][gc,heap        ] GC(1036) ParOldGen: 502199K(502272K)->502215K(502272K)
[513.639s][info][gc,metaspace   ] GC(1036) Metaspace: 57766K(58048K)->57766K(58048K) NonClass: 49464K(49664K)->49464K(49664K) Class: 8301K(8384K)->8301K(8384K)
[513.639s][info][gc             ] GC(1036) Pause Young (Allocation Failure) 726M->490M(717M) 2.452ms
[513.639s][info][gc,cpu         ] GC(1036) User=0.00s Sys=0.00s Real=0.00s
[514.170s][info][gc,start       ] GC(1037) Pause Young (Allocation Failure)
[514.174s][info][gc,heap        ] GC(1037) PSYoungGen: 232090K(232448K)->1376K(224768K) Eden: 231728K(231936K)->0K(223232K) From: 361K(512K)->1376K(1536K)
[514.174s][info][gc,heap        ] GC(1037) ParOldGen: 502215K(502272K)->502231K(502272K)
[514.174s][info][gc,metaspace   ] GC(1037) Metaspace: 57766K(58048K)->57766K(58048K) NonClass: 49464K(49664K)->49464K(49664K) Class: 8301K(8384K)->8301K(8384K)
[514.174s][info][gc             ] GC(1037) Pause Young (Allocation Failure) 717M->491M(710M) 4.025ms
[514.174s][info][gc,cpu         ] GC(1037) User=0.01s Sys=0.00s Real=0.00s
[514.687s][info][gc,start       ] GC(1038) Pause Young (Allocation Failure)
[514.690s][info][gc,heap        ] GC(1038) PSYoungGen: 224469K(224768K)->576K(216064K) Eden: 223093K(223232K)->0K(215040K) From: 1376K(1536K)->576K(1024K)
[514.690s][info][gc,heap        ] GC(1038) ParOldGen: 502231K(502272K)->502247K(502272K)
[514.690s][info][gc,metaspace   ] GC(1038) Metaspace: 57766K(58048K)->57766K(58048K) NonClass: 49464K(49664K)->49464K(49664K) Class: 8301K(8384K)->8301K(8384K)
[514.690s][info][gc             ] GC(1038) Pause Young (Allocation Failure) 709M->491M(701M) 2.799ms
[514.690s][info][gc,cpu         ] GC(1038) User=0.01s Sys=0.00s Real=0.00s
[515.241s][info][gc,start       ] GC(1039) Pause Young (Allocation Failure)
[515.244s][info][gc,heap        ] GC(1039) PSYoungGen: 215616K(216064K)->703K(208384K) Eden: 215040K(215040K)->0K(207360K) From: 576K(1024K)->703K(1024K)
[515.244s][info][gc,heap        ] GC(1039) ParOldGen: 502247K(502272K)->502263K(502272K)
[515.244s][info][gc,metaspace   ] GC(1039) Metaspace: 57766K(58048K)->57766K(58048K) NonClass: 49464K(49664K)->49464K(49664K) Class: 8301K(8384K)->8301K(8384K)
[515.244s][info][gc             ] GC(1039) Pause Young (Allocation Failure) 701M->491M(694M) 3.077ms
[515.244s][info][gc,cpu         ] GC(1039) User=0.00s Sys=0.00s Real=0.00s
[515.739s][info][gc,start       ] GC(1040) Pause Young (Allocation Failure)
[515.742s][info][gc,heap        ] GC(1040) PSYoungGen: 208063K(208384K)->585K(200704K) Eden: 207360K(207360K)->0K(199680K) From: 703K(1024K)->585K(1024K)
[515.742s][info][gc,heap        ] GC(1040) ParOldGen: 502263K(502272K)->502279K(502784K)
[515.742s][info][gc,metaspace   ] GC(1040) Metaspace: 57766K(58048K)->57766K(58048K) NonClass: 49464K(49664K)->49464K(49664K) Class: 8301K(8384K)->8301K(8384K)
[515.742s][info][gc             ] GC(1040) Pause Young (Allocation Failure) 693M->491M(687M) 2.654ms
[515.742s][info][gc,cpu         ] GC(1040) User=0.01s Sys=0.00s Real=0.00s
[516.184s][info][gc,start       ] GC(1041) Pause Young (Allocation Failure)
[516.187s][info][gc,heap        ] GC(1041) PSYoungGen: 200265K(200704K)->1023K(193536K) Eden: 199680K(199680K)->0K(192512K) From: 585K(1024K)->1023K(1024K)
[516.188s][info][gc,heap        ] GC(1041) ParOldGen: 502279K(502784K)->502295K(502784K)
[516.188s][info][gc,metaspace   ] GC(1041) Metaspace: 57766K(58048K)->57766K(58048K) NonClass: 49464K(49664K)->49464K(49664K) Class: 8301K(8384K)->8301K(8384K)
[516.188s][info][gc             ] GC(1041) Pause Young (Allocation Failure) 686M->491M(680M) 3.300ms
[516.188s][info][gc,cpu         ] GC(1041) User=0.00s Sys=0.00s Real=0.01s
[516.756s][info][gc,start       ] GC(1042) Pause Young (Allocation Failure)
[516.763s][info][gc,heap        ] GC(1042) PSYoungGen: 193535K(193536K)->3391K(189440K) Eden: 192512K(192512K)->0K(185856K) From: 1023K(1024K)->3391K(3584K)
[516.763s][info][gc,heap        ] GC(1042) ParOldGen: 502295K(502784K)->502311K(502784K)
[516.763s][info][gc,metaspace   ] GC(1042) Metaspace: 57766K(58048K)->57766K(58048K) NonClass: 49464K(49664K)->49464K(49664K) Class: 8301K(8384K)->8301K(8384K)
[516.763s][info][gc             ] GC(1042) Pause Young (Allocation Failure) 679M->493M(676M) 6.282ms
[516.763s][info][gc,cpu         ] GC(1042) User=0.01s Sys=0.00s Real=0.00s
[517.142s][info][gc,start       ] GC(1043) Pause Young (Allocation Failure)
[517.145s][info][gc,heap        ] GC(1043) PSYoungGen: 189247K(189440K)->895K(180224K) Eden: 185856K(185856K)->0K(179200K) From: 3391K(3584K)->895K(1024K)
[517.145s][info][gc,heap        ] GC(1043) ParOldGen: 502311K(502784K)->502327K(502784K)
[517.145s][info][gc,metaspace   ] GC(1043) Metaspace: 57766K(58048K)->57766K(58048K) NonClass: 49464K(49664K)->49464K(49664K) Class: 8301K(8384K)->8301K(8384K)
[517.145s][info][gc             ] GC(1043) Pause Young (Allocation Failure) 675M->491M(667M) 2.883ms
[517.145s][info][gc,cpu         ] GC(1043) User=0.00s Sys=0.00s Real=0.00s
[517.556s][info][gc,start       ] GC(1044) Pause Young (Allocation Failure)
[517.559s][info][gc,heap        ] GC(1044) PSYoungGen: 180095K(180224K)->1503K(177664K) Eden: 179200K(179200K)->0K(173056K) From: 895K(1024K)->1503K(4608K)
[517.559s][info][gc,heap        ] GC(1044) ParOldGen: 502327K(502784K)->502343K(502784K)
[517.559s][info][gc,metaspace   ] GC(1044) Metaspace: 57766K(58048K)->57766K(58048K) NonClass: 49464K(49664K)->49464K(49664K) Class: 8301K(8384K)->8301K(8384K)
[517.559s][info][gc             ] GC(1044) Pause Young (Allocation Failure) 666M->492M(664M) 3.569ms
[517.559s][info][gc,cpu         ] GC(1044) User=0.01s Sys=0.00s Real=0.01s
[517.965s][info][gc,start       ] GC(1045) Pause Young (Allocation Failure)
[517.970s][info][gc,heap        ] GC(1045) PSYoungGen: 174559K(177664K)->2335K(169984K) Eden: 173056K(173056K)->0K(167424K) From: 1503K(4608K)->2335K(2560K)
[517.970s][info][gc,heap        ] GC(1045) ParOldGen: 502343K(502784K)->502359K(502784K)
[517.970s][info][gc,metaspace   ] GC(1045) Metaspace: 57766K(58048K)->57766K(58048K) NonClass: 49464K(49664K)->49464K(49664K) Class: 8301K(8384K)->8301K(8384K)
[517.970s][info][gc             ] GC(1045) Pause Young (Allocation Failure) 661M->492M(657M) 4.681ms
[517.970s][info][gc,cpu         ] GC(1045) User=0.01s Sys=0.00s Real=0.01s
[518.373s][info][gc,start       ] GC(1046) Pause Young (Allocation Failure)
[518.378s][info][gc,heap        ] GC(1046) PSYoungGen: 169759K(169984K)->2047K(163840K) Eden: 167424K(167424K)->0K(161792K) From: 2335K(2560K)->2047K(2048K)
[518.378s][info][gc,heap        ] GC(1046) ParOldGen: 502359K(502784K)->502375K(502784K)
[518.378s][info][gc,metaspace   ] GC(1046) Metaspace: 57766K(58048K)->57766K(58048K) NonClass: 49464K(49664K)->49464K(49664K) Class: 8301K(8384K)->8301K(8384K)
[518.378s][info][gc             ] GC(1046) Pause Young (Allocation Failure) 656M->492M(651M) 4.641ms
[518.378s][info][gc,cpu         ] GC(1046) User=0.01s Sys=0.00s Real=0.01s
[518.768s][info][gc,start       ] GC(1047) Pause Young (Allocation Failure)
[518.773s][info][gc,heap        ] GC(1047) PSYoungGen: 163839K(163840K)->1984K(158720K) Eden: 161792K(161792K)->0K(156672K) From: 2047K(2048K)->1984K(2048K)
[518.773s][info][gc,heap        ] GC(1047) ParOldGen: 502375K(502784K)->502391K(502784K)
[518.773s][info][gc,metaspace   ] GC(1047) Metaspace: 57766K(58048K)->57766K(58048K) NonClass: 49464K(49664K)->49464K(49664K) Class: 8301K(8384K)->8301K(8384K)
[518.773s][info][gc             ] GC(1047) Pause Young (Allocation Failure) 650M->492M(646M) 4.666ms
[518.773s][info][gc,cpu         ] GC(1047) User=0.00s Sys=0.00s Real=0.00s
[519.181s][info][gc,start       ] GC(1048) Pause Young (Allocation Failure)
[519.192s][info][gc,heap        ] GC(1048) PSYoungGen: 158656K(158720K)->2687K(190464K) Eden: 156672K(156672K)->0K(187392K) From: 1984K(2048K)->2687K(3072K)
[519.192s][info][gc,heap        ] GC(1048) ParOldGen: 502391K(502784K)->502407K(502784K)
[519.192s][info][gc,metaspace   ] GC(1048) Metaspace: 57766K(58048K)->57766K(58048K) NonClass: 49464K(49664K)->49464K(49664K) Class: 8301K(8384K)->8301K(8384K)
[519.192s][info][gc             ] GC(1048) Pause Young (Allocation Failure) 645M->493M(677M) 10.926ms
[519.192s][info][gc,cpu         ] GC(1048) User=0.01s Sys=0.00s Real=0.01s
[519.584s][info][gc,start       ] GC(1049) Pause Young (Allocation Failure)
[519.590s][info][gc,heap        ] GC(1049) PSYoungGen: 189990K(190464K)->896K(225280K) Eden: 187303K(187392K)->0K(224256K) From: 2687K(3072K)->896K(1024K)
[519.590s][info][gc,heap        ] GC(1049) ParOldGen: 502407K(502784K)->502423K(502784K)
[519.590s][info][gc,metaspace   ] GC(1049) Metaspace: 57766K(58048K)->57766K(58048K) NonClass: 49464K(49664K)->49464K(49664K) Class: 8301K(8384K)->8301K(8384K)
[519.590s][info][gc             ] GC(1049) Pause Young (Allocation Failure) 676M->491M(711M) 6.527ms
[519.590s][info][gc,cpu         ] GC(1049) User=0.00s Sys=0.00s Real=0.01s
[520.150s][info][gc,start       ] GC(1050) Pause Young (Allocation Failure)
[520.155s][info][gc,heap        ] GC(1050) PSYoungGen: 225152K(225280K)->1087K(269312K) Eden: 224256K(224256K)->0K(267776K) From: 896K(1024K)->1087K(1536K)
[520.155s][info][gc,heap        ] GC(1050) ParOldGen: 502423K(502784K)->502439K(502784K)
[520.155s][info][gc,metaspace   ] GC(1050) Metaspace: 57766K(58048K)->57766K(58048K) NonClass: 49464K(49664K)->49464K(49664K) Class: 8301K(8384K)->8301K(8384K)
[520.155s][info][gc             ] GC(1050) Pause Young (Allocation Failure) 710M->491M(754M) 5.065ms
[520.155s][info][gc,cpu         ] GC(1050) User=0.00s Sys=0.00s Real=0.00s
[520.777s][info][gc,start       ] GC(1051) Pause Young (Allocation Failure)
[520.781s][info][gc,heap        ] GC(1051) PSYoungGen: 268863K(269312K)->1696K(279552K) Eden: 267776K(267776K)->0K(275456K) From: 1087K(1536K)->1696K(4096K)
[520.781s][info][gc,heap        ] GC(1051) ParOldGen: 502439K(502784K)->502455K(502784K)
[520.781s][info][gc,metaspace   ] GC(1051) Metaspace: 57766K(58048K)->57766K(58048K) NonClass: 49464K(49664K)->49464K(49664K) Class: 8301K(8384K)->8301K(8384K)
[520.781s][info][gc             ] GC(1051) Pause Young (Allocation Failure) 753M->492M(764M) 4.255ms
[520.781s][info][gc,cpu         ] GC(1051) User=0.01s Sys=0.00s Real=0.00s
[521.460s][info][gc,start       ] GC(1052) Pause Young (Allocation Failure)
[521.464s][info][gc,heap        ] GC(1052) PSYoungGen: 277129K(279552K)->1072K(266240K) Eden: 275433K(275456K)->0K(264704K) From: 1696K(4096K)->1072K(1536K)
[521.464s][info][gc,heap        ] GC(1052) ParOldGen: 502455K(502784K)->502471K(502784K)
[521.464s][info][gc,metaspace   ] GC(1052) Metaspace: 57766K(58048K)->57766K(58048K) NonClass: 49464K(49664K)->49464K(49664K) Class: 8301K(8384K)->8301K(8384K)
[521.464s][info][gc             ] GC(1052) Pause Young (Allocation Failure) 761M->491M(751M) 3.611ms
[521.464s][info][gc,cpu         ] GC(1052) User=0.00s Sys=0.00s Real=0.00s
[522.125s][info][gc,start       ] GC(1053) Pause Young (Allocation Failure)
[522.129s][info][gc,heap        ] GC(1053) PSYoungGen: 265776K(266240K)->1472K(256000K) Eden: 264704K(264704K)->0K(254464K) From: 1072K(1536K)->1472K(1536K)
[522.129s][info][gc,heap        ] GC(1053) ParOldGen: 502471K(502784K)->502487K(502784K)
[522.129s][info][gc,metaspace   ] GC(1053) Metaspace: 57766K(58048K)->57766K(58048K) NonClass: 49464K(49664K)->49464K(49664K) Class: 8301K(8384K)->8301K(8384K)
[522.129s][info][gc             ] GC(1053) Pause Young (Allocation Failure) 750M->492M(741M) 4.112ms
[522.129s][info][gc,cpu         ] GC(1053) User=0.00s Sys=0.00s Real=0.01s
[522.735s][info][gc,start       ] GC(1054) Pause Young (Allocation Failure)
[522.738s][info][gc,heap        ] GC(1054) PSYoungGen: 255936K(256000K)->479K(245248K) Eden: 254464K(254464K)->0K(244736K) From: 1472K(1536K)->479K(512K)
[522.738s][info][gc,heap        ] GC(1054) ParOldGen: 502487K(502784K)->502503K(502784K)
[522.738s][info][gc,metaspace   ] GC(1054) Metaspace: 57766K(58048K)->57766K(58048K) NonClass: 49464K(49664K)->49464K(49664K) Class: 8301K(8384K)->8301K(8384K)
[522.738s][info][gc             ] GC(1054) Pause Young (Allocation Failure) 740M->491M(730M) 2.348ms
[522.738s][info][gc,cpu         ] GC(1054) User=0.01s Sys=0.00s Real=0.01s
[523.290s][info][gc,start       ] GC(1055) Pause Young (Allocation Failure)
[523.293s][info][gc,heap        ] GC(1055) PSYoungGen: 244993K(245248K)->576K(236544K) Eden: 244513K(244736K)->0K(235520K) From: 479K(512K)->576K(1024K)
[523.293s][info][gc,heap        ] GC(1055) ParOldGen: 502503K(502784K)->502519K(502784K)
[523.293s][info][gc,metaspace   ] GC(1055) Metaspace: 57766K(58048K)->57766K(58048K) NonClass: 49464K(49664K)->49464K(49664K) Class: 8301K(8384K)->8301K(8384K)
[523.293s][info][gc             ] GC(1055) Pause Young (Allocation Failure) 729M->491M(722M) 2.915ms
[523.293s][info][gc,cpu         ] GC(1055) User=0.01s Sys=0.00s Real=0.00s
[523.878s][info][gc,start       ] GC(1056) Pause Young (Allocation Failure)
[523.884s][info][gc,heap        ] GC(1056) PSYoungGen: 236096K(236544K)->1664K(228864K) Eden: 235520K(235520K)->0K(226816K) From: 576K(1024K)->1664K(2048K)
[523.884s][info][gc,heap        ] GC(1056) ParOldGen: 502519K(502784K)->502535K(502784K)
[523.884s][info][gc,metaspace   ] GC(1056) Metaspace: 57766K(58048K)->57766K(58048K) NonClass: 49464K(49664K)->49464K(49664K) Class: 8301K(8384K)->8301K(8384K)
[523.884s][info][gc             ] GC(1056) Pause Young (Allocation Failure) 721M->492M(714M) 5.479ms
[523.884s][info][gc,cpu         ] GC(1056) User=0.01s Sys=0.00s Real=0.00s
[524.450s][info][gc,start       ] GC(1057) Pause Young (Allocation Failure)
[524.453s][info][gc,heap        ] GC(1057) PSYoungGen: 228480K(228864K)->1088K(220160K) Eden: 226816K(226816K)->0K(218624K) From: 1664K(2048K)->1088K(1536K)
[524.453s][info][gc,heap        ] GC(1057) ParOldGen: 502535K(502784K)->502551K(502784K)
[524.454s][info][gc,metaspace   ] GC(1057) Metaspace: 57766K(58048K)->57766K(58048K) NonClass: 49464K(49664K)->49464K(49664K) Class: 8301K(8384K)->8301K(8384K)
[524.454s][info][gc             ] GC(1057) Pause Young (Allocation Failure) 713M->491M(706M) 3.759ms
[524.454s][info][gc,cpu         ] GC(1057) User=0.01s Sys=0.00s Real=0.00s
[524.960s][info][gc,start       ] GC(1058) Pause Young (Allocation Failure)
[524.965s][info][gc,heap        ] GC(1058) PSYoungGen: 219712K(220160K)->1888K(212480K) Eden: 218624K(218624K)->0K(210432K) From: 1088K(1536K)->1888K(2048K)
[524.965s][info][gc,heap        ] GC(1058) ParOldGen: 502551K(502784K)->502567K(502784K)
[524.965s][info][gc,metaspace   ] GC(1058) Metaspace: 57766K(58048K)->57766K(58048K) NonClass: 49464K(49664K)->49464K(49664K) Class: 8301K(8384K)->8301K(8384K)
[524.965s][info][gc             ] GC(1058) Pause Young (Allocation Failure) 705M->492M(698M) 4.489ms
[524.965s][info][gc,cpu         ] GC(1058) User=0.01s Sys=0.00s Real=0.00s
[525.462s][info][gc,start       ] GC(1059) Pause Young (Allocation Failure)
[525.466s][info][gc,heap        ] GC(1059) PSYoungGen: 212320K(212480K)->2111K(205312K) Eden: 210432K(210432K)->0K(202752K) From: 1888K(2048K)->2111K(2560K)
[525.466s][info][gc,heap        ] GC(1059) ParOldGen: 502567K(502784K)->502583K(502784K)
[525.466s][info][gc,metaspace   ] GC(1059) Metaspace: 57766K(58048K)->57766K(58048K) NonClass: 49464K(49664K)->49464K(49664K) Class: 8301K(8384K)->8301K(8384K)
[525.466s][info][gc             ] GC(1059) Pause Young (Allocation Failure) 698M->492M(691M) 4.358ms
[525.466s][info][gc,cpu         ] GC(1059) User=0.01s Sys=0.00s Real=0.01s
[526.028s][info][gc,start       ] GC(1060) Pause Young (Allocation Failure)
[526.031s][info][gc,heap        ] GC(1060) PSYoungGen: 204863K(205312K)->1055K(197120K) Eden: 202752K(202752K)->0K(195584K) From: 2111K(2560K)->1055K(1536K)
[526.031s][info][gc,heap        ] GC(1060) ParOldGen: 502583K(502784K)->502599K(502784K)
[526.031s][info][gc,metaspace   ] GC(1060) Metaspace: 57766K(58048K)->57766K(58048K) NonClass: 49464K(49664K)->49464K(49664K) Class: 8301K(8384K)->8301K(8384K)
[526.032s][info][gc             ] GC(1060) Pause Young (Allocation Failure) 690M->491M(683M) 3.056ms
[526.032s][info][gc,cpu         ] GC(1060) User=0.01s Sys=0.00s Real=0.00s
[526.444s][info][gc,start       ] GC(1061) Pause Young (Allocation Failure)
[526.447s][info][gc,heap        ] GC(1061) PSYoungGen: 196639K(197120K)->1119K(189952K) Eden: 195584K(195584K)->0K(188416K) From: 1055K(1536K)->1119K(1536K)
[526.447s][info][gc,heap        ] GC(1061) ParOldGen: 502599K(502784K)->502615K(502784K)
[526.447s][info][gc,metaspace   ] GC(1061) Metaspace: 57766K(58048K)->57766K(58048K) NonClass: 49464K(49664K)->49464K(49664K) Class: 8301K(8384K)->8301K(8384K)
[526.447s][info][gc             ] GC(1061) Pause Young (Allocation Failure) 682M->491M(676M) 3.191ms
[526.447s][info][gc,cpu         ] GC(1061) User=0.01s Sys=0.00s Real=0.01s
[526.870s][info][gc,start       ] GC(1062) Pause Young (Allocation Failure)
[526.875s][info][gc,heap        ] GC(1062) PSYoungGen: 189535K(189952K)->1952K(183808K) Eden: 188416K(188416K)->0K(181760K) From: 1119K(1536K)->1952K(2048K)
[526.875s][info][gc,heap        ] GC(1062) ParOldGen: 502615K(502784K)->502631K(502784K)
[526.875s][info][gc,metaspace   ] GC(1062) Metaspace: 57766K(58048K)->57766K(58048K) NonClass: 49464K(49664K)->49464K(49664K) Class: 8301K(8384K)->8301K(8384K)
[526.875s][info][gc             ] GC(1062) Pause Young (Allocation Failure) 675M->492M(670M) 4.536ms
[526.875s][info][gc,cpu         ] GC(1062) User=0.01s Sys=0.00s Real=0.00s
[527.441s][info][gc,start       ] GC(1063) Pause Young (Allocation Failure)
[527.444s][info][gc,heap        ] GC(1063) PSYoungGen: 183712K(183808K)->339K(176128K) Eden: 181760K(181760K)->0K(175616K) From: 1952K(2048K)->339K(512K)
[527.444s][info][gc,heap        ] GC(1063) ParOldGen: 502631K(502784K)->502647K(502784K)
[527.444s][info][gc,metaspace   ] GC(1063) Metaspace: 57766K(58048K)->57766K(58048K) NonClass: 49464K(49664K)->49464K(49664K) Class: 8301K(8384K)->8301K(8384K)
[527.444s][info][gc             ] GC(1063) Pause Young (Allocation Failure) 670M->491M(663M) 2.476ms
[527.444s][info][gc,cpu         ] GC(1063) User=0.00s Sys=0.00s Real=0.00s
[527.855s][info][gc,start       ] GC(1064) Pause Young (Allocation Failure)
[527.858s][info][gc,heap        ] GC(1064) PSYoungGen: 175955K(176128K)->1344K(173056K) Eden: 175616K(175616K)->0K(169472K) From: 339K(512K)->1344K(3584K)
[527.858s][info][gc,heap        ] GC(1064) ParOldGen: 502647K(502784K)->502663K(502784K)
[527.858s][info][gc,metaspace   ] GC(1064) Metaspace: 57766K(58048K)->57766K(58048K) NonClass: 49464K(49664K)->49464K(49664K) Class: 8301K(8384K)->8301K(8384K)
[527.859s][info][gc             ] GC(1064) Pause Young (Allocation Failure) 662M->492M(660M) 3.484ms
[527.859s][info][gc,cpu         ] GC(1064) User=0.00s Sys=0.00s Real=0.01s
[528.261s][info][gc,start       ] GC(1065) Pause Young (Allocation Failure)
[528.265s][info][gc,heap        ] GC(1065) PSYoungGen: 170816K(173056K)->2143K(166400K) Eden: 169472K(169472K)->0K(163840K) From: 1344K(3584K)->2143K(2560K)
[528.265s][info][gc,heap        ] GC(1065) ParOldGen: 502663K(502784K)->502679K(502784K)
[528.265s][info][gc,metaspace   ] GC(1065) Metaspace: 57766K(58048K)->57766K(58048K) NonClass: 49464K(49664K)->49464K(49664K) Class: 8301K(8384K)->8301K(8384K)
[528.266s][info][gc             ] GC(1065) Pause Young (Allocation Failure) 657M->492M(653M) 4.451ms
[528.266s][info][gc,cpu         ] GC(1065) User=0.01s Sys=0.00s Real=0.00s
[528.655s][info][gc,start       ] GC(1066) Pause Young (Allocation Failure)
[528.659s][info][gc,heap        ] GC(1066) PSYoungGen: 165983K(166400K)->1951K(160256K) Eden: 163840K(163840K)->0K(158208K) From: 2143K(2560K)->1951K(2048K)
[528.659s][info][gc,heap        ] GC(1066) ParOldGen: 502679K(502784K)->502695K(502784K)
[528.659s][info][gc,metaspace   ] GC(1066) Metaspace: 57766K(58048K)->57766K(58048K) NonClass: 49464K(49664K)->49464K(49664K) Class: 8301K(8384K)->8301K(8384K)
[528.659s][info][gc             ] GC(1066) Pause Young (Allocation Failure) 652M->492M(647M) 4.328ms
[528.659s][info][gc,cpu         ] GC(1066) User=0.00s Sys=0.00s Real=0.01s
[529.050s][info][gc,start       ] GC(1067) Pause Young (Allocation Failure)
[529.054s][info][gc,heap        ] GC(1067) PSYoungGen: 160159K(160256K)->1471K(154624K) Eden: 158208K(158208K)->0K(153088K) From: 1951K(2048K)->1471K(1536K)
[529.054s][info][gc,heap        ] GC(1067) ParOldGen: 502695K(502784K)->502711K(502784K)
[529.054s][info][gc,metaspace   ] GC(1067) Metaspace: 57766K(58048K)->57766K(58048K) NonClass: 49464K(49664K)->49464K(49664K) Class: 8301K(8384K)->8301K(8384K)
[529.054s][info][gc             ] GC(1067) Pause Young (Allocation Failure) 647M->492M(642M) 3.408ms
[529.054s][info][gc,cpu         ] GC(1067) User=0.01s Sys=0.00s Real=0.00s
[529.451s][info][gc,start       ] GC(1068) Pause Young (Allocation Failure)
[529.453s][info][gc,heap        ] GC(1068) PSYoungGen: 154559K(154624K)->464K(148480K) Eden: 153088K(153088K)->0K(147968K) From: 1471K(1536K)->464K(512K)
[529.453s][info][gc,heap        ] GC(1068) ParOldGen: 502711K(502784K)->502727K(502784K)
[529.453s][info][gc,metaspace   ] GC(1068) Metaspace: 57766K(58048K)->57766K(58048K) NonClass: 49464K(49664K)->49464K(49664K) Class: 8301K(8384K)->8301K(8384K)
[529.453s][info][gc             ] GC(1068) Pause Young (Allocation Failure) 641M->491M(636M) 2.378ms
[529.453s][info][gc,cpu         ] GC(1068) User=0.00s Sys=0.00s Real=0.00s
[529.767s][info][gc,start       ] GC(1069) Pause Young (Allocation Failure)
[529.771s][info][gc,heap        ] GC(1069) PSYoungGen: 148432K(148480K)->1632K(145408K) Eden: 147968K(147968K)->0K(143360K) From: 464K(512K)->1632K(2048K)
[529.771s][info][gc,heap        ] GC(1069) ParOldGen: 502727K(502784K)->502743K(502784K)
[529.771s][info][gc,metaspace   ] GC(1069) Metaspace: 57766K(58048K)->57766K(58048K) NonClass: 49464K(49664K)->49464K(49664K) Class: 8301K(8384K)->8301K(8384K)
[529.771s][info][gc             ] GC(1069) Pause Young (Allocation Failure) 635M->492M(633M) 4.046ms
[529.771s][info][gc,cpu         ] GC(1069) User=0.01s Sys=0.00s Real=0.00s
[530.139s][info][gc,start       ] GC(1070) Pause Young (Allocation Failure)
[530.142s][info][gc,heap        ] GC(1070) PSYoungGen: 144992K(145408K)->576K(139776K) Eden: 143360K(143360K)->0K(138752K) From: 1632K(2048K)->576K(1024K)
[530.142s][info][gc,heap        ] GC(1070) ParOldGen: 502743K(502784K)->502759K(502784K)
[530.142s][info][gc,metaspace   ] GC(1070) Metaspace: 57766K(58048K)->57766K(58048K) NonClass: 49464K(49664K)->49464K(49664K) Class: 8301K(8384K)->8301K(8384K)
[530.142s][info][gc             ] GC(1070) Pause Young (Allocation Failure) 632M->491M(627M) 2.706ms
[530.142s][info][gc,cpu         ] GC(1070) User=0.00s Sys=0.00s Real=0.00s
[530.467s][info][gc,start       ] GC(1071) Pause Young (Allocation Failure)
[530.472s][info][gc,heap        ] GC(1071) PSYoungGen: 139328K(139776K)->2080K(167936K) Eden: 138752K(138752K)->0K(165376K) From: 576K(1024K)->2080K(2560K)
[530.472s][info][gc,heap        ] GC(1071) ParOldGen: 502759K(502784K)->502775K(502784K)
[530.472s][info][gc,metaspace   ] GC(1071) Metaspace: 57766K(58048K)->57766K(58048K) NonClass: 49464K(49664K)->49464K(49664K) Class: 8301K(8384K)->8301K(8384K)
[530.472s][info][gc             ] GC(1071) Pause Young (Allocation Failure) 627M->493M(655M) 4.770ms
[530.472s][info][gc,cpu         ] GC(1071) User=0.00s Sys=0.00s Real=0.00s
[530.858s][info][gc,start       ] GC(1072) Pause Young (Allocation Failure)
[530.865s][info][gc,heap        ] GC(1072) PSYoungGen: 167446K(167936K)->1983K(199168K) Eden: 165366K(165376K)->0K(197120K) From: 2080K(2560K)->1983K(2048K)
[530.865s][info][gc,heap        ] GC(1072) ParOldGen: 502775K(502784K)->502791K(503296K)
[530.865s][info][gc,metaspace   ] GC(1072) Metaspace: 57766K(58048K)->57766K(58048K) NonClass: 49464K(49664K)->49464K(49664K) Class: 8301K(8384K)->8301K(8384K)
[530.865s][info][gc             ] GC(1072) Pause Young (Allocation Failure) 654M->492M(686M) 6.653ms
[530.865s][info][gc,cpu         ] GC(1072) User=0.01s Sys=0.00s Real=0.00s
[531.349s][info][gc,start       ] GC(1073) Pause Young (Allocation Failure)
[531.352s][info][gc,heap        ] GC(1073) PSYoungGen: 199103K(199168K)->1120K(236032K) Eden: 197120K(197120K)->0K(234496K) From: 1983K(2048K)->1120K(1536K)
[531.352s][info][gc,heap        ] GC(1073) ParOldGen: 502791K(503296K)->502807K(503296K)
[531.353s][info][gc,metaspace   ] GC(1073) Metaspace: 57766K(58048K)->57766K(58048K) NonClass: 49464K(49664K)->49464K(49664K) Class: 8301K(8384K)->8301K(8384K)
[531.353s][info][gc             ] GC(1073) Pause Young (Allocation Failure) 685M->492M(722M) 3.483ms
[531.353s][info][gc,cpu         ] GC(1073) User=0.01s Sys=0.00s Real=0.00s
[531.879s][info][gc,start       ] GC(1074) Pause Young (Allocation Failure)
[531.882s][info][gc,heap        ] GC(1074) PSYoungGen: 235616K(236032K)->1247K(227328K) Eden: 234496K(234496K)->0K(225792K) From: 1120K(1536K)->1247K(1536K)
[531.882s][info][gc,heap        ] GC(1074) ParOldGen: 502807K(503296K)->502823K(503296K)
[531.882s][info][gc,metaspace   ] GC(1074) Metaspace: 57766K(58048K)->57766K(58048K) NonClass: 49464K(49664K)->49464K(49664K) Class: 8301K(8384K)->8301K(8384K)
[531.882s][info][gc             ] GC(1074) Pause Young (Allocation Failure) 721M->492M(713M) 3.235ms
[531.882s][info][gc,cpu         ] GC(1074) User=0.01s Sys=0.00s Real=0.00s
[532.452s][info][gc,start       ] GC(1075) Pause Young (Allocation Failure)
[532.455s][info][gc,heap        ] GC(1075) PSYoungGen: 227039K(227328K)->1535K(219136K) Eden: 225792K(225792K)->0K(217600K) From: 1247K(1536K)->1535K(1536K)
[532.455s][info][gc,heap        ] GC(1075) ParOldGen: 502823K(503296K)->502839K(503296K)
[532.455s][info][gc,metaspace   ] GC(1075) Metaspace: 57766K(58048K)->57766K(58048K) NonClass: 49464K(49664K)->49464K(49664K) Class: 8301K(8384K)->8301K(8384K)
[532.455s][info][gc             ] GC(1075) Pause Young (Allocation Failure) 712M->492M(705M) 3.646ms
[532.455s][info][gc,cpu         ] GC(1075) User=0.00s Sys=0.00s Real=0.00s
[532.968s][info][gc,start       ] GC(1076) Pause Young (Allocation Failure)
[532.974s][info][gc,heap        ] GC(1076) PSYoungGen: 219135K(219136K)->1823K(211456K) Eden: 217600K(217600K)->0K(209408K) From: 1535K(1536K)->1823K(2048K)
[532.974s][info][gc,heap        ] GC(1076) ParOldGen: 502839K(503296K)->502855K(503296K)
[532.974s][info][gc,metaspace   ] GC(1076) Metaspace: 57766K(58048K)->57766K(58048K) NonClass: 49464K(49664K)->49464K(49664K) Class: 8301K(8384K)->8301K(8384K)
[532.974s][info][gc             ] GC(1076) Pause Young (Allocation Failure) 705M->492M(698M) 6.247ms
[532.974s][info][gc,cpu         ] GC(1076) User=0.01s Sys=0.00s Real=0.00s
[533.471s][info][gc,start       ] GC(1077) Pause Young (Allocation Failure)
[533.477s][info][gc,heap        ] GC(1077) PSYoungGen: 211231K(211456K)->2271K(246272K) Eden: 209408K(209408K)->0K(243200K) From: 1823K(2048K)->2271K(3072K)
[533.477s][info][gc,heap        ] GC(1077) ParOldGen: 502855K(503296K)->502871K(503296K)
[533.477s][info][gc,metaspace   ] GC(1077) Metaspace: 57766K(58048K)->57766K(58048K) NonClass: 49464K(49664K)->49464K(49664K) Class: 8301K(8384K)->8301K(8384K)
[533.477s][info][gc             ] GC(1077) Pause Young (Allocation Failure) 697M->493M(732M) 6.342ms
[533.477s][info][gc,cpu         ] GC(1077) User=0.01s Sys=0.00s Real=0.01s
[534.066s][info][gc,start       ] GC(1078) Pause Young (Allocation Failure)
[534.071s][info][gc,heap        ] GC(1078) PSYoungGen: 245471K(246272K)->1408K(235520K) Eden: 243200K(243200K)->0K(233984K) From: 2271K(3072K)->1408K(1536K)
[534.071s][info][gc,heap        ] GC(1078) ParOldGen: 502871K(503296K)->502887K(503296K)
[534.071s][info][gc,metaspace   ] GC(1078) Metaspace: 57766K(58048K)->57766K(58048K) NonClass: 49464K(49664K)->49464K(49664K) Class: 8301K(8384K)->8301K(8384K)
[534.071s][info][gc             ] GC(1078) Pause Young (Allocation Failure) 730M->492M(721M) 5.028ms
[534.071s][info][gc,cpu         ] GC(1078) User=0.01s Sys=0.00s Real=0.00s
[534.648s][info][gc,start       ] GC(1079) Pause Young (Allocation Failure)
[534.651s][info][gc,heap        ] GC(1079) PSYoungGen: 235312K(235520K)->1184K(226816K) Eden: 233904K(233984K)->0K(225280K) From: 1408K(1536K)->1184K(1536K)
[534.651s][info][gc,heap        ] GC(1079) ParOldGen: 502887K(503296K)->502903K(503296K)
[534.651s][info][gc,metaspace   ] GC(1079) Metaspace: 57766K(58048K)->57766K(58048K) NonClass: 49464K(49664K)->49464K(49664K) Class: 8301K(8384K)->8301K(8384K)
[534.651s][info][gc             ] GC(1079) Pause Young (Allocation Failure) 720M->492M(713M) 3.449ms
[534.652s][info][gc,cpu         ] GC(1079) User=0.00s Sys=0.00s Real=0.00s
[535.166s][info][gc,start       ] GC(1080) Pause Young (Allocation Failure)
[535.171s][info][gc,heap        ] GC(1080) PSYoungGen: 226198K(226816K)->2528K(219648K) Eden: 225014K(225280K)->0K(217088K) From: 1184K(1536K)->2528K(2560K)
[535.171s][info][gc,heap        ] GC(1080) ParOldGen: 502903K(503296K)->502919K(503296K)
[535.171s][info][gc,metaspace   ] GC(1080) Metaspace: 57766K(58048K)->57766K(58048K) NonClass: 49464K(49664K)->49464K(49664K) Class: 8301K(8384K)->8301K(8384K)
[535.171s][info][gc             ] GC(1080) Pause Young (Allocation Failure) 712M->493M(706M) 5.305ms
[535.171s][info][gc,cpu         ] GC(1080) User=0.01s Sys=0.00s Real=0.01s
[535.681s][info][gc,start       ] GC(1081) Pause Young (Allocation Failure)
[535.684s][info][gc,heap        ] GC(1081) PSYoungGen: 219616K(219648K)->1151K(210944K) Eden: 217088K(217088K)->0K(209408K) From: 2528K(2560K)->1151K(1536K)
[535.684s][info][gc,heap        ] GC(1081) ParOldGen: 502919K(503296K)->502935K(503296K)
[535.684s][info][gc,metaspace   ] GC(1081) Metaspace: 57766K(58048K)->57766K(58048K) NonClass: 49464K(49664K)->49464K(49664K) Class: 8301K(8384K)->8301K(8384K)
[535.684s][info][gc             ] GC(1081) Pause Young (Allocation Failure) 705M->492M(697M) 3.157ms
[535.684s][info][gc,cpu         ] GC(1081) User=0.00s Sys=0.00s Real=0.00s
[536.236s][info][gc,start       ] GC(1082) Pause Young (Allocation Failure)
[536.238s][info][gc,heap        ] GC(1082) PSYoungGen: 210559K(210944K)->294K(202240K) Eden: 209408K(209408K)->0K(201728K) From: 1151K(1536K)->294K(512K)
[536.239s][info][gc,heap        ] GC(1082) ParOldGen: 502935K(503296K)->502951K(503296K)
[536.239s][info][gc,metaspace   ] GC(1082) Metaspace: 57766K(58048K)->57766K(58048K) NonClass: 49464K(49664K)->49464K(49664K) Class: 8301K(8384K)->8301K(8384K)
[536.239s][info][gc             ] GC(1082) Pause Young (Allocation Failure) 696M->491M(689M) 2.256ms
[536.239s][info][gc,cpu         ] GC(1082) User=0.00s Sys=0.00s Real=0.00s
[537.695s][info][gc,start       ] GC(1083) Pause Young (Allocation Failure)
[537.736s][info][gc,heap        ] GC(1083) PSYoungGen: 170365K(202240K)->64K(239616K) Eden: 170071K(201728K)->0K(236544K) From: 294K(512K)->64K(3072K)
[537.736s][info][gc,heap        ] GC(1083) ParOldGen: 502951K(503296K)->542030K(542720K)
[537.736s][info][gc,metaspace   ] GC(1083) Metaspace: 57768K(58048K)->57768K(58048K) NonClass: 49466K(49664K)->49466K(49664K) Class: 8301K(8384K)->8301K(8384K)
[537.736s][info][gc             ] GC(1083) Pause Young (Allocation Failure) 657M->529M(764M) 40.723ms
[537.736s][info][gc,cpu         ] GC(1083) User=0.05s Sys=0.02s Real=0.04s
[539.370s][info][gc,start       ] GC(1084) Pause Young (Allocation Failure)
[539.419s][info][gc,heap        ] GC(1084) PSYoungGen: 236608K(239616K)->3575K(240128K) Eden: 236544K(236544K)->0K(236544K) From: 64K(3072K)->3575K(3584K)
[539.419s][info][gc,heap        ] GC(1084) ParOldGen: 542030K(542720K)->591389K(591872K)
[539.419s][info][gc,metaspace   ] GC(1084) Metaspace: 57841K(58176K)->57841K(58176K) NonClass: 49538K(49792K)->49538K(49792K) Class: 8302K(8384K)->8302K(8384K)
[539.419s][info][gc             ] GC(1084) Pause Young (Allocation Failure) 760M->581M(812M) 48.243ms
[539.419s][info][gc,cpu         ] GC(1084) User=0.07s Sys=0.03s Real=0.05s
[539.954s][info][gc,start       ] GC(1085) Pause Young (Allocation Failure)
[539.964s][info][gc,heap        ] GC(1085) PSYoungGen: 240119K(240128K)->1824K(303616K) Eden: 236544K(236544K)->0K(282624K) From: 3575K(3584K)->1824K(20992K)
[539.964s][info][gc,heap        ] GC(1085) ParOldGen: 591389K(591872K)->594653K(594944K)
[539.964s][info][gc,metaspace   ] GC(1085) Metaspace: 57841K(58176K)->57841K(58176K) NonClass: 49538K(49792K)->49538K(49792K) Class: 8302K(8384K)->8302K(8384K)
[539.964s][info][gc             ] GC(1085) Pause Young (Allocation Failure) 812M->582M(877M) 10.068ms
[539.964s][info][gc,cpu         ] GC(1085) User=0.01s Sys=0.01s Real=0.01s
[540.646s][info][gc,start       ] GC(1086) Pause Young (Allocation Failure)
[540.649s][info][gc,heap        ] GC(1086) PSYoungGen: 284448K(303616K)->576K(304128K) Eden: 282624K(282624K)->0K(282624K) From: 1824K(20992K)->576K(21504K)
[540.649s][info][gc,heap        ] GC(1086) ParOldGen: 594653K(594944K)->594845K(594944K)
[540.649s][info][gc,metaspace   ] GC(1086) Metaspace: 57841K(58176K)->57841K(58176K) NonClass: 49538K(49792K)->49538K(49792K) Class: 8302K(8384K)->8302K(8384K)
[540.649s][info][gc             ] GC(1086) Pause Young (Allocation Failure) 858M->581M(878M) 3.402ms
[540.650s][info][gc,cpu         ] GC(1086) User=0.01s Sys=0.00s Real=0.00s
[541.278s][info][gc,start       ] GC(1087) Pause Young (Allocation Failure)
[541.282s][info][gc,heap        ] GC(1087) PSYoungGen: 283200K(304128K)->1374K(310272K) Eden: 282624K(282624K)->0K(291328K) From: 576K(21504K)->1374K(18944K)
[541.282s][info][gc,heap        ] GC(1087) ParOldGen: 594845K(594944K)->594861K(594944K)
[541.282s][info][gc,metaspace   ] GC(1087) Metaspace: 57841K(58176K)->57841K(58176K) NonClass: 49538K(49792K)->49538K(49792K) Class: 8302K(8384K)->8302K(8384K)
[541.282s][info][gc             ] GC(1087) Pause Young (Allocation Failure) 857M->582M(884M) 4.427ms
[541.282s][info][gc,cpu         ] GC(1087) User=0.01s Sys=0.00s Real=0.00s
[541.989s][info][gc,start       ] GC(1088) Pause Young (Allocation Failure)
[541.992s][info][gc,heap        ] GC(1088) PSYoungGen: 292702K(310272K)->1246K(311296K) Eden: 291328K(291328K)->0K(291328K) From: 1374K(18944K)->1246K(19968K)
[541.993s][info][gc,heap        ] GC(1088) ParOldGen: 594861K(594944K)->594877K(594944K)
[541.993s][info][gc,metaspace   ] GC(1088) Metaspace: 57841K(58176K)->57841K(58176K) NonClass: 49538K(49792K)->49538K(49792K) Class: 8302K(8384K)->8302K(8384K)
[541.993s][info][gc             ] GC(1088) Pause Young (Allocation Failure) 866M->582M(885M) 3.630ms
[541.993s][info][gc,cpu         ] GC(1088) User=0.01s Sys=0.00s Real=0.00s
[542.687s][info][gc,start       ] GC(1089) Pause Young (Allocation Failure)
[542.690s][info][gc,heap        ] GC(1089) PSYoungGen: 292574K(311296K)->862K(282624K) Eden: 291328K(291328K)->0K(280064K) From: 1246K(19968K)->862K(2560K)
[542.690s][info][gc,heap        ] GC(1089) ParOldGen: 594877K(594944K)->594893K(594944K)
[542.690s][info][gc,metaspace   ] GC(1089) Metaspace: 57841K(58176K)->57841K(58176K) NonClass: 49538K(49792K)->49538K(49792K) Class: 8302K(8384K)->8302K(8384K)
[542.690s][info][gc             ] GC(1089) Pause Young (Allocation Failure) 866M->581M(857M) 3.006ms
[542.690s][info][gc,cpu         ] GC(1089) User=0.00s Sys=0.00s Real=0.00s
[543.376s][info][gc,start       ] GC(1090) Pause Young (Allocation Failure)
[543.381s][info][gc,heap        ] GC(1090) PSYoungGen: 280743K(282624K)->1984K(271360K) Eden: 279880K(280064K)->0K(269312K) From: 862K(2560K)->1984K(2048K)
[543.381s][info][gc,heap        ] GC(1090) ParOldGen: 594893K(594944K)->594909K(594944K)
[543.381s][info][gc,metaspace   ] GC(1090) Metaspace: 57841K(58176K)->57841K(58176K) NonClass: 49538K(49792K)->49538K(49792K) Class: 8302K(8384K)->8302K(8384K)
[543.381s][info][gc             ] GC(1090) Pause Young (Allocation Failure) 855M->582M(846M) 4.893ms
[543.381s][info][gc,cpu         ] GC(1090) User=0.01s Sys=0.00s Real=0.00s
[544.048s][info][gc,start       ] GC(1091) Pause Young (Allocation Failure)
[544.053s][info][gc,heap        ] GC(1091) PSYoungGen: 271296K(271360K)->1662K(261120K) Eden: 269312K(269312K)->0K(259072K) From: 1984K(2048K)->1662K(2048K)
[544.053s][info][gc,heap        ] GC(1091) ParOldGen: 594909K(594944K)->594925K(594944K)
[544.053s][info][gc,metaspace   ] GC(1091) Metaspace: 57841K(58176K)->57841K(58176K) NonClass: 49538K(49792K)->49538K(49792K) Class: 8302K(8384K)->8302K(8384K)
[544.053s][info][gc             ] GC(1091) Pause Young (Allocation Failure) 845M->582M(836M) 4.655ms
[544.053s][info][gc,cpu         ] GC(1091) User=0.00s Sys=0.00s Real=0.00s
[544.730s][info][gc,start       ] GC(1092) Pause Young (Allocation Failure)
[544.733s][info][gc,heap        ] GC(1092) PSYoungGen: 260734K(261120K)->895K(250368K) Eden: 259072K(259072K)->0K(249344K) From: 1662K(2048K)->895K(1024K)
[544.733s][info][gc,heap        ] GC(1092) ParOldGen: 594925K(594944K)->594941K(594944K)
[544.733s][info][gc,metaspace   ] GC(1092) Metaspace: 57841K(58176K)->57841K(58176K) NonClass: 49538K(49792K)->49538K(49792K) Class: 8302K(8384K)->8302K(8384K)
[544.733s][info][gc             ] GC(1092) Pause Young (Allocation Failure) 835M->581M(825M) 3.093ms
[544.733s][info][gc,cpu         ] GC(1092) User=0.01s Sys=0.00s Real=0.00s
[545.262s][info][gc,start       ] GC(1093) Pause Young (Allocation Failure)
[545.267s][info][gc,heap        ] GC(1093) PSYoungGen: 250239K(250368K)->2271K(242688K) Eden: 249344K(249344K)->0K(240128K) From: 895K(1024K)->2271K(2560K)
[545.267s][info][gc,heap        ] GC(1093) ParOldGen: 594941K(594944K)->594957K(595456K)
[545.267s][info][gc,metaspace   ] GC(1093) Metaspace: 57841K(58176K)->57841K(58176K) NonClass: 49538K(49792K)->49538K(49792K) Class: 8302K(8384K)->8302K(8384K)
[545.267s][info][gc             ] GC(1093) Pause Young (Allocation Failure) 825M->583M(818M) 5.520ms
[545.267s][info][gc,cpu         ] GC(1093) User=0.01s Sys=0.00s Real=0.01s
[545.904s][info][gc,start       ] GC(1094) Pause Young (Allocation Failure)
[545.908s][info][gc,heap        ] GC(1094) PSYoungGen: 242399K(242688K)->1280K(232448K) Eden: 240128K(240128K)->0K(230912K) From: 2271K(2560K)->1280K(1536K)
[545.908s][info][gc,heap        ] GC(1094) ParOldGen: 594957K(595456K)->594973K(595456K)
[545.908s][info][gc,metaspace   ] GC(1094) Metaspace: 57841K(58176K)->57841K(58176K) NonClass: 49538K(49792K)->49538K(49792K) Class: 8302K(8384K)->8302K(8384K)
[545.908s][info][gc             ] GC(1094) Pause Young (Allocation Failure) 817M->582M(808M) 4.127ms
[545.908s][info][gc,cpu         ] GC(1094) User=0.01s Sys=0.00s Real=0.01s
[546.435s][info][gc,start       ] GC(1095) Pause Young (Allocation Failure)
[546.438s][info][gc,heap        ] GC(1095) PSYoungGen: 232192K(232448K)->64K(222720K) Eden: 230912K(230912K)->0K(222208K) From: 1280K(1536K)->64K(512K)
[546.438s][info][gc,heap        ] GC(1095) ParOldGen: 594973K(595456K)->594989K(595456K)
[546.438s][info][gc,metaspace   ] GC(1095) Metaspace: 57841K(58176K)->57841K(58176K) NonClass: 49538K(49792K)->49538K(49792K) Class: 8302K(8384K)->8302K(8384K)
[546.438s][info][gc             ] GC(1095) Pause Young (Allocation Failure) 807M->581M(799M) 3.113ms
[546.438s][info][gc,cpu         ] GC(1095) User=0.00s Sys=0.00s Real=0.01s
[546.973s][info][gc,start       ] GC(1096) Pause Young (Allocation Failure)
[546.977s][info][gc,heap        ] GC(1096) PSYoungGen: 222209K(222720K)->960K(227328K) Eden: 222145K(222208K)->0K(214016K) From: 64K(512K)->960K(13312K)
[546.977s][info][gc,heap        ] GC(1096) ParOldGen: 594989K(595456K)->595005K(595456K)
[546.977s][info][gc,metaspace   ] GC(1096) Metaspace: 57841K(58176K)->57841K(58176K) NonClass: 49538K(49792K)->49538K(49792K) Class: 8302K(8384K)->8302K(8384K)
[546.977s][info][gc             ] GC(1096) Pause Young (Allocation Failure) 798M->581M(803M) 3.504ms
[546.977s][info][gc,cpu         ] GC(1096) User=0.01s Sys=0.00s Real=0.01s
[547.455s][info][gc,start       ] GC(1097) Pause Young (Allocation Failure)
[547.460s][info][gc,heap        ] GC(1097) PSYoungGen: 214976K(227328K)->1312K(207872K) Eden: 214016K(214016K)->0K(206336K) From: 960K(13312K)->1312K(1536K)
[547.460s][info][gc,heap        ] GC(1097) ParOldGen: 595005K(595456K)->595021K(595456K)
[547.460s][info][gc,metaspace   ] GC(1097) Metaspace: 57841K(58176K)->57841K(58176K) NonClass: 49538K(49792K)->49538K(49792K) Class: 8302K(8384K)->8302K(8384K)
[547.460s][info][gc             ] GC(1097) Pause Young (Allocation Failure) 790M->582M(784M) 4.725ms
[547.460s][info][gc,cpu         ] GC(1097) User=0.01s Sys=0.00s Real=0.01s
[547.965s][info][gc,start       ] GC(1098) Pause Young (Allocation Failure)
[547.979s][info][gc,heap        ] GC(1098) PSYoungGen: 207648K(207872K)->2111K(245760K) Eden: 206336K(206336K)->0K(233472K) From: 1312K(1536K)->2111K(12288K)
[547.979s][info][gc,heap        ] GC(1098) ParOldGen: 595021K(595456K)->595037K(595456K)
[547.979s][info][gc,metaspace   ] GC(1098) Metaspace: 57841K(58176K)->57841K(58176K) NonClass: 49538K(49792K)->49538K(49792K) Class: 8302K(8384K)->8302K(8384K)
[547.979s][info][gc             ] GC(1098) Pause Young (Allocation Failure) 783M->583M(821M) 14.222ms
[547.980s][info][gc,cpu         ] GC(1098) User=0.01s Sys=0.00s Real=0.02s
[548.536s][info][gc,start       ] GC(1099) Pause Young (Allocation Failure)
[548.538s][info][gc,heap        ] GC(1099) PSYoungGen: 235583K(245760K)->256K(258048K) Eden: 233472K(233472K)->0K(246784K) From: 2111K(12288K)->256K(11264K)
[548.538s][info][gc,heap        ] GC(1099) ParOldGen: 595037K(595456K)->595053K(595456K)
[548.538s][info][gc,metaspace   ] GC(1099) Metaspace: 57841K(58176K)->57841K(58176K) NonClass: 49538K(49792K)->49538K(49792K) Class: 8302K(8384K)->8302K(8384K)
[548.538s][info][gc             ] GC(1099) Pause Young (Allocation Failure) 811M->581M(833M) 2.631ms
[548.538s][info][gc,cpu         ] GC(1099) User=0.01s Sys=0.00s Real=0.01s
[549.135s][info][gc,start       ] GC(1100) Pause Young (Allocation Failure)
[549.137s][info][gc,heap        ] GC(1100) PSYoungGen: 247040K(258048K)->128K(238080K) Eden: 246784K(246784K)->0K(237568K) From: 256K(11264K)->128K(512K)
[549.137s][info][gc,heap        ] GC(1100) ParOldGen: 595053K(595456K)->595069K(595456K)
[549.137s][info][gc,metaspace   ] GC(1100) Metaspace: 57841K(58176K)->57841K(58176K) NonClass: 49538K(49792K)->49538K(49792K) Class: 8302K(8384K)->8302K(8384K)
[549.137s][info][gc             ] GC(1100) Pause Young (Allocation Failure) 822M->581M(814M) 2.377ms
[549.137s][info][gc,cpu         ] GC(1100) User=0.01s Sys=0.00s Real=0.01s
[549.769s][info][gc,start       ] GC(1101) Pause Young (Allocation Failure)
[549.774s][info][gc,heap        ] GC(1101) PSYoungGen: 237696K(238080K)->2047K(230912K) Eden: 237568K(237568K)->0K(228864K) From: 128K(512K)->2047K(2048K)
[549.774s][info][gc,heap        ] GC(1101) ParOldGen: 595069K(595456K)->595085K(595456K)
[549.774s][info][gc,metaspace   ] GC(1101) Metaspace: 57841K(58176K)->57841K(58176K) NonClass: 49538K(49792K)->49538K(49792K) Class: 8302K(8384K)->8302K(8384K)
[549.774s][info][gc             ] GC(1101) Pause Young (Allocation Failure) 813M->583M(807M) 5.142ms
[549.774s][info][gc,cpu         ] GC(1101) User=0.01s Sys=0.00s Real=0.00s
[550.345s][info][gc,start       ] GC(1102) Pause Young (Allocation Failure)
[550.348s][info][gc,heap        ] GC(1102) PSYoungGen: 230911K(230912K)->1407K(221696K) Eden: 228863K(228864K)->0K(220160K) From: 2047K(2048K)->1407K(1536K)
[550.348s][info][gc,heap        ] GC(1102) ParOldGen: 595085K(595456K)->595101K(595456K)
[550.348s][info][gc,metaspace   ] GC(1102) Metaspace: 57841K(58176K)->57841K(58176K) NonClass: 49538K(49792K)->49538K(49792K) Class: 8302K(8384K)->8302K(8384K)
[550.348s][info][gc             ] GC(1102) Pause Young (Allocation Failure) 806M->582M(798M) 3.735ms
[550.348s][info][gc,cpu         ] GC(1102) User=0.01s Sys=0.00s Real=0.01s
[550.859s][info][gc,start       ] GC(1103) Pause Young (Allocation Failure)
[550.864s][info][gc,heap        ] GC(1103) PSYoungGen: 221567K(221696K)->2079K(214528K) Eden: 220160K(220160K)->0K(211968K) From: 1407K(1536K)->2079K(2560K)
[550.864s][info][gc,heap        ] GC(1103) ParOldGen: 595101K(595456K)->595117K(595456K)
[550.864s][info][gc,metaspace   ] GC(1103) Metaspace: 57841K(58176K)->57841K(58176K) NonClass: 49538K(49792K)->49538K(49792K) Class: 8302K(8384K)->8302K(8384K)
[550.864s][info][gc             ] GC(1103) Pause Young (Allocation Failure) 797M->583M(791M) 5.009ms
[550.864s][info][gc,cpu         ] GC(1103) User=0.01s Sys=0.00s Real=0.00s
[551.363s][info][gc,start       ] GC(1104) Pause Young (Allocation Failure)
[551.368s][info][gc,heap        ] GC(1104) PSYoungGen: 214047K(214528K)->2335K(206848K) Eden: 211968K(211968K)->0K(204288K) From: 2079K(2560K)->2335K(2560K)
[551.368s][info][gc,heap        ] GC(1104) ParOldGen: 595117K(595456K)->595133K(595456K)
[551.368s][info][gc,metaspace   ] GC(1104) Metaspace: 57841K(58176K)->57841K(58176K) NonClass: 49538K(49792K)->49538K(49792K) Class: 8302K(8384K)->8302K(8384K)
[551.368s][info][gc             ] GC(1104) Pause Young (Allocation Failure) 790M->583M(783M) 5.058ms
[551.368s][info][gc,cpu         ] GC(1104) User=0.01s Sys=0.00s Real=0.01s
[551.858s][info][gc,start       ] GC(1105) Pause Young (Allocation Failure)
[551.863s][info][gc,heap        ] GC(1105) PSYoungGen: 206623K(206848K)->2112K(199680K) Eden: 204288K(204288K)->0K(197120K) From: 2335K(2560K)->2112K(2560K)
[551.863s][info][gc,heap        ] GC(1105) ParOldGen: 595133K(595456K)->595149K(595456K)
[551.863s][info][gc,metaspace   ] GC(1105) Metaspace: 57841K(58176K)->57841K(58176K) NonClass: 49538K(49792K)->49538K(49792K) Class: 8302K(8384K)->8302K(8384K)
[551.863s][info][gc             ] GC(1105) Pause Young (Allocation Failure) 782M->583M(776M) 4.987ms
[551.863s][info][gc,cpu         ] GC(1105) User=0.01s Sys=0.00s Real=0.00s
[552.352s][info][gc,start       ] GC(1106) Pause Young (Allocation Failure)
[552.356s][info][gc,heap        ] GC(1106) PSYoungGen: 198960K(199680K)->928K(190976K) Eden: 196848K(197120K)->0K(189952K) From: 2112K(2560K)->928K(1024K)
[552.356s][info][gc,heap        ] GC(1106) ParOldGen: 595149K(595456K)->595486K(595968K)
[552.356s][info][gc,metaspace   ] GC(1106) Metaspace: 57841K(58176K)->57841K(58176K) NonClass: 49538K(49792K)->49538K(49792K) Class: 8302K(8384K)->8302K(8384K)
[552.356s][info][gc             ] GC(1106) Pause Young (Allocation Failure) 775M->582M(768M) 3.746ms
[552.356s][info][gc,cpu         ] GC(1106) User=0.01s Sys=0.01s Real=0.01s
[552.784s][info][gc,start       ] GC(1107) Pause Young (Allocation Failure)
[552.787s][info][gc,heap        ] GC(1107) PSYoungGen: 190880K(190976K)->1151K(184832K) Eden: 189952K(189952K)->0K(183296K) From: 928K(1024K)->1151K(1536K)
[552.787s][info][gc,heap        ] GC(1107) ParOldGen: 595486K(595968K)->595502K(595968K)
[552.787s][info][gc,metaspace   ] GC(1107) Metaspace: 57841K(58176K)->57841K(58176K) NonClass: 49538K(49792K)->49538K(49792K) Class: 8302K(8384K)->8302K(8384K)
[552.787s][info][gc             ] GC(1107) Pause Young (Allocation Failure) 767M->582M(762M) 3.742ms
[552.787s][info][gc,cpu         ] GC(1107) User=0.00s Sys=0.00s Real=0.01s
[553.252s][info][gc,start       ] GC(1108) Pause Young (Allocation Failure)
[553.256s][info][gc,heap        ] GC(1108) PSYoungGen: 184190K(184832K)->1504K(178688K) Eden: 183038K(183296K)->0K(177152K) From: 1151K(1536K)->1504K(1536K)
[553.256s][info][gc,heap        ] GC(1108) ParOldGen: 595502K(595968K)->595518K(595968K)
[553.256s][info][gc,metaspace   ] GC(1108) Metaspace: 57841K(58176K)->57841K(58176K) NonClass: 49538K(49792K)->49538K(49792K) Class: 8302K(8384K)->8302K(8384K)
[553.256s][info][gc             ] GC(1108) Pause Young (Allocation Failure) 761M->583M(756M) 4.122ms
[553.256s][info][gc,cpu         ] GC(1108) User=0.00s Sys=0.00s Real=0.01s
[553.681s][info][gc,start       ] GC(1109) Pause Young (Allocation Failure)
[553.686s][info][gc,heap        ] GC(1109) PSYoungGen: 178656K(178688K)->2399K(173568K) Eden: 177152K(177152K)->0K(171008K) From: 1504K(1536K)->2399K(2560K)
[553.686s][info][gc,heap        ] GC(1109) ParOldGen: 595518K(595968K)->595534K(595968K)
[553.686s][info][gc,metaspace   ] GC(1109) Metaspace: 57841K(58176K)->57841K(58176K) NonClass: 49538K(49792K)->49538K(49792K) Class: 8302K(8384K)->8302K(8384K)
[553.686s][info][gc             ] GC(1109) Pause Young (Allocation Failure) 756M->583M(751M) 5.272ms
[553.686s][info][gc,cpu         ] GC(1109) User=0.01s Sys=0.00s Real=0.01s
[554.071s][info][gc,start       ] GC(1110) Pause Young (Allocation Failure)
[554.076s][info][gc,heap        ] GC(1110) PSYoungGen: 173407K(173568K)->1952K(167424K) Eden: 171008K(171008K)->0K(165376K) From: 2399K(2560K)->1952K(2048K)
[554.076s][info][gc,heap        ] GC(1110) ParOldGen: 595534K(595968K)->595550K(595968K)
[554.076s][info][gc,metaspace   ] GC(1110) Metaspace: 57841K(58176K)->57841K(58176K) NonClass: 49538K(49792K)->49538K(49792K) Class: 8302K(8384K)->8302K(8384K)
[554.076s][info][gc             ] GC(1110) Pause Young (Allocation Failure) 750M->583M(745M) 4.820ms
[554.076s][info][gc,cpu         ] GC(1110) User=0.01s Sys=0.00s Real=0.01s
[554.476s][info][gc,start       ] GC(1111) Pause Young (Allocation Failure)
[554.481s][info][gc,heap        ] GC(1111) PSYoungGen: 167328K(167424K)->1631K(199168K) Eden: 165376K(165376K)->0K(197120K) From: 1952K(2048K)->1631K(2048K)
[554.481s][info][gc,heap        ] GC(1111) ParOldGen: 595550K(595968K)->595566K(595968K)
[554.481s][info][gc,metaspace   ] GC(1111) Metaspace: 57841K(58176K)->57841K(58176K) NonClass: 49538K(49792K)->49538K(49792K) Class: 8302K(8384K)->8302K(8384K)
[554.481s][info][gc             ] GC(1111) Pause Young (Allocation Failure) 744M->583M(776M) 4.875ms
[554.481s][info][gc,cpu         ] GC(1111) User=0.01s Sys=0.00s Real=0.00s
[554.960s][info][gc,start       ] GC(1112) Pause Young (Allocation Failure)
[554.970s][info][gc,heap        ] GC(1112) PSYoungGen: 198516K(199168K)->2144K(211968K) Eden: 196885K(197120K)->0K(206848K) From: 1631K(2048K)->2144K(5120K)
[554.970s][info][gc,heap        ] GC(1112) ParOldGen: 595566K(595968K)->595582K(595968K)
[554.970s][info][gc,metaspace   ] GC(1112) Metaspace: 57841K(58176K)->57841K(58176K) NonClass: 49538K(49792K)->49538K(49792K) Class: 8302K(8384K)->8302K(8384K)
[554.970s][info][gc             ] GC(1112) Pause Young (Allocation Failure) 775M->583M(789M) 9.904ms
[554.970s][info][gc,cpu         ] GC(1112) User=0.01s Sys=0.00s Real=0.01s
[555.462s][info][gc,start       ] GC(1113) Pause Young (Allocation Failure)
[555.472s][info][gc,heap        ] GC(1113) PSYoungGen: 208992K(211968K)->2335K(240128K) Eden: 206848K(206848K)->0K(235008K) From: 2144K(5120K)->2335K(5120K)
[555.472s][info][gc,heap        ] GC(1113) ParOldGen: 595582K(595968K)->595598K(595968K)
[555.472s][info][gc,metaspace   ] GC(1113) Metaspace: 57841K(58176K)->57841K(58176K) NonClass: 49538K(49792K)->49538K(49792K) Class: 8302K(8384K)->8302K(8384K)
[555.472s][info][gc             ] GC(1113) Pause Young (Allocation Failure) 785M->583M(816M) 9.852ms
[555.472s][info][gc,cpu         ] GC(1113) User=0.01s Sys=0.00s Real=0.01s
[556.055s][info][gc,start       ] GC(1114) Pause Young (Allocation Failure)
[556.059s][info][gc,heap        ] GC(1114) PSYoungGen: 237343K(240128K)->1566K(240128K) Eden: 235008K(235008K)->0K(235008K) From: 2335K(5120K)->1566K(5120K)
[556.059s][info][gc,heap        ] GC(1114) ParOldGen: 595598K(595968K)->595614K(595968K)
[556.059s][info][gc,metaspace   ] GC(1114) Metaspace: 57841K(58176K)->57841K(58176K) NonClass: 49538K(49792K)->49538K(49792K) Class: 8302K(8384K)->8302K(8384K)
[556.059s][info][gc             ] GC(1114) Pause Young (Allocation Failure) 813M->583M(816M) 4.032ms
[556.059s][info][gc,cpu         ] GC(1114) User=0.00s Sys=0.00s Real=0.01s
[556.582s][info][gc,start       ] GC(1115) Pause Young (Allocation Failure)
[556.586s][info][gc,heap        ] GC(1115) PSYoungGen: 236574K(240128K)->608K(284672K) Eden: 235008K(235008K)->0K(280064K) From: 1566K(5120K)->608K(4608K)
[556.586s][info][gc,heap        ] GC(1115) ParOldGen: 595614K(595968K)->595630K(595968K)
[556.586s][info][gc,metaspace   ] GC(1115) Metaspace: 57841K(58176K)->57841K(58176K) NonClass: 49538K(49792K)->49538K(49792K) Class: 8302K(8384K)->8302K(8384K)
[556.586s][info][gc             ] GC(1115) Pause Young (Allocation Failure) 812M->582M(860M) 3.292ms
[556.586s][info][gc,cpu         ] GC(1115) User=0.00s Sys=0.01s Real=0.00s
[557.285s][info][gc,start       ] GC(1116) Pause Young (Allocation Failure)
[557.289s][info][gc,heap        ] GC(1116) PSYoungGen: 280672K(284672K)->1184K(270848K) Eden: 280064K(280064K)->0K(269312K) From: 608K(4608K)->1184K(1536K)
[557.289s][info][gc,heap        ] GC(1116) ParOldGen: 595630K(595968K)->595646K(595968K)
[557.289s][info][gc,metaspace   ] GC(1116) Metaspace: 57841K(58176K)->57841K(58176K) NonClass: 49538K(49792K)->49538K(49792K) Class: 8302K(8384K)->8302K(8384K)
[557.289s][info][gc             ] GC(1116) Pause Young (Allocation Failure) 855M->582M(846M) 4.360ms
[557.289s][info][gc,cpu         ] GC(1116) User=0.01s Sys=0.00s Real=0.01s
[557.946s][info][gc,start       ] GC(1117) Pause Young (Allocation Failure)
[557.950s][info][gc,heap        ] GC(1117) PSYoungGen: 270496K(270848K)->1598K(261120K) Eden: 269312K(269312K)->0K(259072K) From: 1184K(1536K)->1598K(2048K)
[557.950s][info][gc,heap        ] GC(1117) ParOldGen: 595646K(595968K)->595662K(595968K)
[557.950s][info][gc,metaspace   ] GC(1117) Metaspace: 57841K(58176K)->57841K(58176K) NonClass: 49538K(49792K)->49538K(49792K) Class: 8302K(8384K)->8302K(8384K)
[557.950s][info][gc             ] GC(1117) Pause Young (Allocation Failure) 845M->583M(837M) 4.226ms
[557.950s][info][gc,cpu         ] GC(1117) User=0.01s Sys=0.00s Real=0.00s
[558.555s][info][gc,start       ] GC(1118) Pause Young (Allocation Failure)
[558.559s][info][gc,heap        ] GC(1118) PSYoungGen: 260670K(261120K)->1791K(251392K) Eden: 259072K(259072K)->0K(249344K) From: 1598K(2048K)->1791K(2048K)
[558.559s][info][gc,heap        ] GC(1118) ParOldGen: 595662K(595968K)->595678K(595968K)
[558.559s][info][gc,metaspace   ] GC(1118) Metaspace: 57841K(58176K)->57841K(58176K) NonClass: 49538K(49792K)->49538K(49792K) Class: 8302K(8384K)->8302K(8384K)
[558.559s][info][gc             ] GC(1118) Pause Young (Allocation Failure) 836M->583M(827M) 4.404ms
[558.559s][info][gc,cpu         ] GC(1118) User=0.01s Sys=0.00s Real=0.01s
[559.163s][info][gc,start       ] GC(1119) Pause Young (Allocation Failure)
[559.168s][info][gc,heap        ] GC(1119) PSYoungGen: 251135K(251392K)->2111K(242688K) Eden: 249344K(249344K)->0K(240128K) From: 1791K(2048K)->2111K(2560K)
[559.168s][info][gc,heap        ] GC(1119) ParOldGen: 595678K(595968K)->595694K(595968K)
[559.168s][info][gc,metaspace   ] GC(1119) Metaspace: 57841K(58176K)->57841K(58176K) NonClass: 49538K(49792K)->49538K(49792K) Class: 8302K(8384K)->8302K(8384K)
[559.168s][info][gc             ] GC(1119) Pause Young (Allocation Failure) 826M->583M(819M) 5.523ms
[559.169s][info][gc,cpu         ] GC(1119) User=0.01s Sys=0.01s Real=0.01s
[559.756s][info][gc,start       ] GC(1120) Pause Young (Allocation Failure)
[559.760s][info][gc,heap        ] GC(1120) PSYoungGen: 242239K(242688K)->1408K(232448K) Eden: 240128K(240128K)->0K(230912K) From: 2111K(2560K)->1408K(1536K)
[559.760s][info][gc,heap        ] GC(1120) ParOldGen: 595694K(595968K)->595710K(595968K)
[559.760s][info][gc,metaspace   ] GC(1120) Metaspace: 57841K(58176K)->57841K(58176K) NonClass: 49538K(49792K)->49538K(49792K) Class: 8302K(8384K)->8302K(8384K)
[559.760s][info][gc             ] GC(1120) Pause Young (Allocation Failure) 818M->583M(809M) 4.163ms
[559.760s][info][gc,cpu         ] GC(1120) User=0.00s Sys=0.00s Real=0.01s
[560.274s][info][gc,start       ] GC(1121) Pause Young (Allocation Failure)
[560.295s][info][gc,heap        ] GC(1121) PSYoungGen: 232320K(232448K)->4065K(269312K) Eden: 230912K(230912K)->0K(265216K) From: 1408K(1536K)->4065K(4096K)
[560.295s][info][gc,heap        ] GC(1121) ParOldGen: 595710K(595968K)->608245K(608256K)
[560.295s][info][gc,metaspace   ] GC(1121) Metaspace: 57841K(58176K)->57841K(58176K) NonClass: 49538K(49792K)->49538K(49792K) Class: 8302K(8384K)->8302K(8384K)
[560.295s][info][gc             ] GC(1121) Pause Young (Allocation Failure) 808M->597M(857M) 21.520ms
[560.296s][info][gc,cpu         ] GC(1121) User=0.02s Sys=0.01s Real=0.02s
[560.946s][info][gc,start       ] GC(1122) Pause Young (Allocation Failure)
[560.956s][info][gc,heap        ] GC(1122) PSYoungGen: 269199K(269312K)->1088K(274432K) Eden: 265134K(265216K)->0K(265216K) From: 4065K(4096K)->1088K(9216K)
[560.956s][info][gc,heap        ] GC(1122) ParOldGen: 608245K(608256K)->612303K(612352K)
[560.956s][info][gc,metaspace   ] GC(1122) Metaspace: 57841K(58176K)->57841K(58176K) NonClass: 49538K(49792K)->49538K(49792K) Class: 8302K(8384K)->8302K(8384K)
[560.956s][info][gc             ] GC(1122) Pause Young (Allocation Failure) 856M->599M(866M) 9.800ms
[560.956s][info][gc,cpu         ] GC(1122) User=0.01s Sys=0.01s Real=0.01s
[561.562s][info][gc,start       ] GC(1123) Pause Young (Allocation Failure)
[561.568s][info][gc,heap        ] GC(1123) PSYoungGen: 266304K(274432K)->2462K(323584K) Eden: 265216K(265216K)->0K(315392K) From: 1088K(9216K)->2462K(8192K)
[561.568s][info][gc,heap        ] GC(1123) ParOldGen: 612303K(612352K)->612367K(612864K)
[561.568s][info][gc,metaspace   ] GC(1123) Metaspace: 57841K(58176K)->57841K(58176K) NonClass: 49538K(49792K)->49538K(49792K) Class: 8302K(8384K)->8302K(8384K)
[561.568s][info][gc             ] GC(1123) Pause Young (Allocation Failure) 858M->600M(914M) 6.186ms
[561.568s][info][gc,cpu         ] GC(1123) User=0.01s Sys=0.00s Real=0.01s
[562.351s][info][gc,start       ] GC(1124) Pause Young (Allocation Failure)
[562.358s][info][gc,heap        ] GC(1124) PSYoungGen: 317854K(323584K)->1535K(324096K) Eden: 315392K(315392K)->0K(315392K) From: 2462K(8192K)->1535K(8704K)
[562.358s][info][gc,heap        ] GC(1124) ParOldGen: 612367K(612864K)->612383K(612864K)
[562.358s][info][gc,metaspace   ] GC(1124) Metaspace: 57841K(58176K)->57841K(58176K) NonClass: 49538K(49792K)->49538K(49792K) Class: 8302K(8384K)->8302K(8384K)
[562.358s][info][gc             ] GC(1124) Pause Young (Allocation Failure) 908M->599M(915M) 7.008ms
[562.358s][info][gc,cpu         ] GC(1124) User=0.01s Sys=0.00s Real=0.01s
[563.094s][info][gc,start       ] GC(1125) Pause Young (Allocation Failure)
[563.098s][info][gc,heap        ] GC(1125) PSYoungGen: 316898K(324096K)->928K(325120K) Eden: 315362K(315392K)->0K(316928K) From: 1535K(8704K)->928K(8192K)
[563.098s][info][gc,heap        ] GC(1125) ParOldGen: 612383K(612864K)->612399K(612864K)
[563.098s][info][gc,metaspace   ] GC(1125) Metaspace: 57841K(58176K)->57841K(58176K) NonClass: 49538K(49792K)->49538K(49792K) Class: 8302K(8384K)->8302K(8384K)
[563.098s][info][gc             ] GC(1125) Pause Young (Allocation Failure) 907M->598M(916M) 3.457ms
[563.098s][info][gc,cpu         ] GC(1125) User=0.01s Sys=0.00s Real=0.01s
[563.881s][info][gc,start       ] GC(1126) Pause Young (Allocation Failure)
[563.898s][info][gc,heap        ] GC(1126) PSYoungGen: 317856K(325120K)->1888K(325120K) Eden: 316928K(316928K)->0K(316928K) From: 928K(8192K)->1888K(8192K)
[563.898s][info][gc,heap        ] GC(1126) ParOldGen: 612399K(612864K)->612415K(612864K)
[563.898s][info][gc,metaspace   ] GC(1126) Metaspace: 57841K(58176K)->57841K(58176K) NonClass: 49538K(49792K)->49538K(49792K) Class: 8302K(8384K)->8302K(8384K)
[563.898s][info][gc             ] GC(1126) Pause Young (Allocation Failure) 908M->599M(916M) 17.008ms
[563.898s][info][gc,cpu         ] GC(1126) User=0.02s Sys=0.00s Real=0.02s
[564.644s][info][gc,start       ] GC(1127) Pause Young (Allocation Failure)
[564.648s][info][gc,heap        ] GC(1127) PSYoungGen: 318816K(325120K)->1151K(325120K) Eden: 316928K(316928K)->0K(317952K) From: 1888K(8192K)->1151K(7168K)
[564.648s][info][gc,heap        ] GC(1127) ParOldGen: 612415K(612864K)->612431K(612864K)
[564.648s][info][gc,metaspace   ] GC(1127) Metaspace: 57841K(58176K)->57841K(58176K) NonClass: 49538K(49792K)->49538K(49792K) Class: 8302K(8384K)->8302K(8384K)
[564.648s][info][gc             ] GC(1127) Pause Young (Allocation Failure) 909M->599M(916M) 3.311ms
[564.648s][info][gc,cpu         ] GC(1127) User=0.01s Sys=0.00s Real=0.01s
[565.379s][info][gc,start       ] GC(1128) Pause Young (Allocation Failure)
[565.383s][info][gc,heap        ] GC(1128) PSYoungGen: 318826K(325120K)->1152K(325120K) Eden: 317674K(317952K)->0K(317952K) From: 1151K(7168K)->1152K(7168K)
[565.383s][info][gc,heap        ] GC(1128) ParOldGen: 612431K(612864K)->612447K(612864K)
[565.383s][info][gc,metaspace   ] GC(1128) Metaspace: 57841K(58176K)->57841K(58176K) NonClass: 49538K(49792K)->49538K(49792K) Class: 8302K(8384K)->8302K(8384K)
[565.383s][info][gc             ] GC(1128) Pause Young (Allocation Failure) 909M->599M(916M) 3.910ms
[565.383s][info][gc,cpu         ] GC(1128) User=0.00s Sys=0.00s Real=0.00s
[566.198s][info][gc,start       ] GC(1129) Pause Young (Allocation Failure)
[566.207s][info][gc,heap        ] GC(1129) PSYoungGen: 319104K(325120K)->3455K(326656K) Eden: 317952K(317952K)->0K(319488K) From: 1152K(7168K)->3455K(7168K)
[566.207s][info][gc,heap        ] GC(1129) ParOldGen: 612447K(612864K)->612463K(612864K)
[566.207s][info][gc,metaspace   ] GC(1129) Metaspace: 57841K(58176K)->57841K(58176K) NonClass: 49538K(49792K)->49538K(49792K) Class: 8302K(8384K)->8302K(8384K)
[566.207s][info][gc             ] GC(1129) Pause Young (Allocation Failure) 909M->601M(917M) 8.400ms
[566.207s][info][gc,cpu         ] GC(1129) User=0.01s Sys=0.01s Real=0.01s
[566.954s][info][gc,start       ] GC(1130) Pause Young (Allocation Failure)
[566.959s][info][gc,heap        ] GC(1130) PSYoungGen: 322943K(326656K)->1983K(308736K) Eden: 319488K(319488K)->0K(306688K) From: 3455K(7168K)->1983K(2048K)
[566.959s][info][gc,heap        ] GC(1130) ParOldGen: 612463K(612864K)->612479K(612864K)
[566.959s][info][gc,metaspace   ] GC(1130) Metaspace: 57841K(58176K)->57841K(58176K) NonClass: 49538K(49792K)->49538K(49792K) Class: 8302K(8384K)->8302K(8384K)
[566.959s][info][gc             ] GC(1130) Pause Young (Allocation Failure) 913M->600M(900M) 5.474ms
[566.959s][info][gc,cpu         ] GC(1130) User=0.01s Sys=0.00s Real=0.01s
[567.678s][info][gc,start       ] GC(1131) Pause Young (Allocation Failure)
[567.685s][info][gc,heap        ] GC(1131) PSYoungGen: 308562K(308736K)->1504K(295936K) Eden: 306579K(306688K)->0K(294400K) From: 1983K(2048K)->1504K(1536K)
[567.686s][info][gc,heap        ] GC(1131) ParOldGen: 612479K(612864K)->612495K(612864K)
[567.686s][info][gc,metaspace   ] GC(1131) Metaspace: 57841K(58176K)->57841K(58176K) NonClass: 49538K(49792K)->49538K(49792K) Class: 8302K(8384K)->8302K(8384K)
[567.686s][info][gc             ] GC(1131) Pause Young (Allocation Failure) 899M->599M(887M) 7.072ms
[567.686s][info][gc,cpu         ] GC(1131) User=0.00s Sys=0.00s Real=0.00s
[568.378s][info][gc,start       ] GC(1132) Pause Young (Allocation Failure)
[568.381s][info][gc,heap        ] GC(1132) PSYoungGen: 295730K(295936K)->1024K(283648K) Eden: 294226K(294400K)->0K(282624K) From: 1504K(1536K)->1024K(1024K)
[568.381s][info][gc,heap        ] GC(1132) ParOldGen: 612495K(612864K)->612511K(612864K)
[568.381s][info][gc,metaspace   ] GC(1132) Metaspace: 57841K(58176K)->57841K(58176K) NonClass: 49538K(49792K)->49538K(49792K) Class: 8302K(8384K)->8302K(8384K)
[568.381s][info][gc             ] GC(1132) Pause Young (Allocation Failure) 886M->599M(875M) 3.738ms
[568.381s][info][gc,cpu         ] GC(1132) User=0.01s Sys=0.00s Real=0.00s
[569.067s][info][gc,start       ] GC(1133) Pause Young (Allocation Failure)
[569.072s][info][gc,heap        ] GC(1133) PSYoungGen: 283648K(283648K)->1536K(272896K) Eden: 282624K(282624K)->0K(271360K) From: 1024K(1024K)->1536K(1536K)
[569.072s][info][gc,heap        ] GC(1133) ParOldGen: 612511K(612864K)->612527K(612864K)
[569.072s][info][gc,metaspace   ] GC(1133) Metaspace: 57841K(58176K)->57841K(58176K) NonClass: 49538K(49792K)->49538K(49792K) Class: 8302K(8384K)->8302K(8384K)
[569.072s][info][gc             ] GC(1133) Pause Young (Allocation Failure) 875M->599M(865M) 4.515ms
[569.072s][info][gc,cpu         ] GC(1133) User=0.01s Sys=0.00s Real=0.00s
[569.745s][info][gc,start       ] GC(1134) Pause Young (Allocation Failure)
[569.752s][info][gc,heap        ] GC(1134) PSYoungGen: 272896K(272896K)->1343K(262656K) Eden: 271360K(271360K)->0K(261120K) From: 1536K(1536K)->1343K(1536K)
[569.752s][info][gc,heap        ] GC(1134) ParOldGen: 612527K(612864K)->612543K(612864K)
[569.752s][info][gc,metaspace   ] GC(1134) Metaspace: 57841K(58176K)->57841K(58176K) NonClass: 49538K(49792K)->49538K(49792K) Class: 8302K(8384K)->8302K(8384K)
[569.752s][info][gc             ] GC(1134) Pause Young (Allocation Failure) 864M->599M(855M) 6.250ms
[569.752s][info][gc,cpu         ] GC(1134) User=0.01s Sys=0.00s Real=0.01s
[570.362s][info][gc,start       ] GC(1135) Pause Young (Allocation Failure)
[570.367s][info][gc,heap        ] GC(1135) PSYoungGen: 262463K(262656K)->1504K(252416K) Eden: 261120K(261120K)->0K(250880K) From: 1343K(1536K)->1504K(1536K)
[570.367s][info][gc,heap        ] GC(1135) ParOldGen: 612543K(612864K)->612559K(612864K)
[570.367s][info][gc,metaspace   ] GC(1135) Metaspace: 57841K(58176K)->57841K(58176K) NonClass: 49538K(49792K)->49538K(49792K) Class: 8302K(8384K)->8302K(8384K)
[570.367s][info][gc             ] GC(1135) Pause Young (Allocation Failure) 854M->599M(845M) 4.624ms
[570.367s][info][gc,cpu         ] GC(1135) User=0.01s Sys=0.00s Real=0.01s
[571.037s][info][gc,start       ] GC(1136) Pause Young (Allocation Failure)
[571.041s][info][gc,heap        ] GC(1136) PSYoungGen: 252384K(252416K)->1600K(243200K) Eden: 250880K(250880K)->0K(241152K) From: 1504K(1536K)->1600K(2048K)
[571.041s][info][gc,heap        ] GC(1136) ParOldGen: 612559K(612864K)->612575K(612864K)
[571.041s][info][gc,metaspace   ] GC(1136) Metaspace: 57841K(58176K)->57841K(58176K) NonClass: 49538K(49792K)->49538K(49792K) Class: 8302K(8384K)->8302K(8384K)
[571.041s][info][gc             ] GC(1136) Pause Young (Allocation Failure) 844M->599M(836M) 4.429ms
[571.041s][info][gc,cpu         ] GC(1136) User=0.01s Sys=0.00s Real=0.00s
[571.561s][info][gc,start       ] GC(1137) Pause Young (Allocation Failure)
[571.566s][info][gc,heap        ] GC(1137) PSYoungGen: 242752K(243200K)->1600K(233984K) Eden: 241152K(241152K)->0K(231936K) From: 1600K(2048K)->1600K(2048K)
[571.566s][info][gc,heap        ] GC(1137) ParOldGen: 612575K(612864K)->612591K(612864K)
[571.566s][info][gc,metaspace   ] GC(1137) Metaspace: 57841K(58176K)->57841K(58176K) NonClass: 49538K(49792K)->49538K(49792K) Class: 8302K(8384K)->8302K(8384K)
[571.566s][info][gc             ] GC(1137) Pause Young (Allocation Failure) 835M->599M(827M) 4.632ms
[571.566s][info][gc,cpu         ] GC(1137) User=0.01s Sys=0.00s Real=0.00s
[572.136s][info][gc,start       ] GC(1138) Pause Young (Allocation Failure)
[572.138s][info][gc,heap        ] GC(1138) PSYoungGen: 233536K(233984K)->192K(223744K) Eden: 231936K(231936K)->0K(223232K) From: 1600K(2048K)->192K(512K)
[572.138s][info][gc,heap        ] GC(1138) ParOldGen: 612591K(612864K)->612607K(612864K)
[572.138s][info][gc,metaspace   ] GC(1138) Metaspace: 57841K(58176K)->57841K(58176K) NonClass: 49538K(49792K)->49538K(49792K) Class: 8302K(8384K)->8302K(8384K)
[572.138s][info][gc             ] GC(1138) Pause Young (Allocation Failure) 826M->598M(817M) 2.486ms
[572.138s][info][gc,cpu         ] GC(1138) User=0.01s Sys=0.00s Real=0.01s
[572.655s][info][gc,start       ] GC(1139) Pause Young (Allocation Failure)
[572.659s][info][gc,heap        ] GC(1139) PSYoungGen: 223313K(223744K)->1248K(216576K) Eden: 223121K(223232K)->0K(215040K) From: 192K(512K)->1248K(1536K)
[572.659s][info][gc,heap        ] GC(1139) ParOldGen: 612607K(612864K)->612623K(612864K)
[572.659s][info][gc,metaspace   ] GC(1139) Metaspace: 57841K(58176K)->57841K(58176K) NonClass: 49538K(49792K)->49538K(49792K) Class: 8302K(8384K)->8302K(8384K)
[572.659s][info][gc             ] GC(1139) Pause Young (Allocation Failure) 816M->599M(810M) 4.064ms
[572.659s][info][gc,cpu         ] GC(1139) User=0.01s Sys=0.00s Real=0.01s
[573.165s][info][gc,start       ] GC(1140) Pause Young (Allocation Failure)
[573.169s][info][gc,heap        ] GC(1140) PSYoungGen: 216218K(216576K)->1216K(208896K) Eden: 214970K(215040K)->0K(207360K) From: 1248K(1536K)->1216K(1536K)
[573.169s][info][gc,heap        ] GC(1140) ParOldGen: 612623K(612864K)->612639K(612864K)
[573.169s][info][gc,metaspace   ] GC(1140) Metaspace: 57841K(58176K)->57841K(58176K) NonClass: 49538K(49792K)->49538K(49792K) Class: 8302K(8384K)->8302K(8384K)
[573.169s][info][gc             ] GC(1140) Pause Young (Allocation Failure) 809M->599M(802M) 3.933ms
[573.169s][info][gc,cpu         ] GC(1140) User=0.01s Sys=0.00s Real=0.01s
[573.661s][info][gc,start       ] GC(1141) Pause Young (Allocation Failure)
[573.666s][info][gc,heap        ] GC(1141) PSYoungGen: 208576K(208896K)->1344K(201216K) Eden: 207360K(207360K)->0K(199680K) From: 1216K(1536K)->1344K(1536K)
[573.666s][info][gc,heap        ] GC(1141) ParOldGen: 612639K(612864K)->612655K(612864K)
[573.666s][info][gc,metaspace   ] GC(1141) Metaspace: 57841K(58176K)->57841K(58176K) NonClass: 49538K(49792K)->49538K(49792K) Class: 8302K(8384K)->8302K(8384K)
[573.666s][info][gc             ] GC(1141) Pause Young (Allocation Failure) 801M->599M(795M) 4.209ms
[573.666s][info][gc,cpu         ] GC(1141) User=0.01s Sys=0.00s Real=0.00s
[574.159s][info][gc,start       ] GC(1142) Pause Young (Allocation Failure)
[574.163s][info][gc,heap        ] GC(1142) PSYoungGen: 201024K(201216K)->1088K(194048K) Eden: 199680K(199680K)->0K(192512K) From: 1344K(1536K)->1088K(1536K)
[574.163s][info][gc,heap        ] GC(1142) ParOldGen: 612655K(612864K)->612671K(612864K)
[574.163s][info][gc,metaspace   ] GC(1142) Metaspace: 57841K(58176K)->57841K(58176K) NonClass: 49538K(49792K)->49538K(49792K) Class: 8302K(8384K)->8302K(8384K)
[574.163s][info][gc             ] GC(1142) Pause Young (Allocation Failure) 794M->599M(788M) 3.795ms
[574.163s][info][gc,cpu         ] GC(1142) User=0.01s Sys=0.00s Real=0.00s
[574.639s][info][gc,start       ] GC(1143) Pause Young (Allocation Failure)
[574.644s][info][gc,heap        ] GC(1143) PSYoungGen: 193600K(194048K)->672K(186880K) Eden: 192512K(192512K)->0K(185856K) From: 1088K(1536K)->672K(1024K)
[574.644s][info][gc,heap        ] GC(1143) ParOldGen: 612671K(612864K)->612687K(612864K)
[574.644s][info][gc,metaspace   ] GC(1143) Metaspace: 57841K(58176K)->57841K(58176K) NonClass: 49538K(49792K)->49538K(49792K) Class: 8302K(8384K)->8302K(8384K)
[574.644s][info][gc             ] GC(1143) Pause Young (Allocation Failure) 787M->598M(781M) 5.056ms
[574.644s][info][gc,cpu         ] GC(1143) User=0.01s Sys=0.00s Real=0.00s
[575.062s][info][gc,start       ] GC(1144) Pause Young (Allocation Failure)
[575.066s][info][gc,heap        ] GC(1144) PSYoungGen: 186528K(186880K)->1472K(180736K) Eden: 185856K(185856K)->0K(179200K) From: 672K(1024K)->1472K(1536K)
[575.066s][info][gc,heap        ] GC(1144) ParOldGen: 612687K(612864K)->612703K(612864K)
[575.066s][info][gc,metaspace   ] GC(1144) Metaspace: 57841K(58176K)->57841K(58176K) NonClass: 49538K(49792K)->49538K(49792K) Class: 8302K(8384K)->8302K(8384K)
[575.066s][info][gc             ] GC(1144) Pause Young (Allocation Failure) 780M->599M(775M) 4.109ms
[575.066s][info][gc,cpu         ] GC(1144) User=0.00s Sys=0.00s Real=0.00s
[575.484s][info][gc,start       ] GC(1145) Pause Young (Allocation Failure)
[575.487s][info][gc,heap        ] GC(1145) PSYoungGen: 180672K(180736K)->1087K(174592K) Eden: 179200K(179200K)->0K(173056K) From: 1472K(1536K)->1087K(1536K)
[575.487s][info][gc,heap        ] GC(1145) ParOldGen: 612703K(612864K)->612719K(612864K)
[575.487s][info][gc,metaspace   ] GC(1145) Metaspace: 57841K(58176K)->57841K(58176K) NonClass: 49538K(49792K)->49538K(49792K) Class: 8302K(8384K)->8302K(8384K)
[575.487s][info][gc             ] GC(1145) Pause Young (Allocation Failure) 774M->599M(769M) 3.400ms
[575.487s][info][gc,cpu         ] GC(1145) User=0.00s Sys=0.00s Real=0.01s
[575.950s][info][gc,start       ] GC(1146) Pause Young (Allocation Failure)
[575.955s][info][gc,heap        ] GC(1146) PSYoungGen: 174143K(174592K)->2175K(169984K) Eden: 173056K(173056K)->0K(167424K) From: 1087K(1536K)->2175K(2560K)
[575.955s][info][gc,heap        ] GC(1146) ParOldGen: 612719K(612864K)->612735K(612864K)
[575.955s][info][gc,metaspace   ] GC(1146) Metaspace: 57841K(58176K)->57841K(58176K) NonClass: 49538K(49792K)->49538K(49792K) Class: 8302K(8384K)->8302K(8384K)
[575.955s][info][gc             ] GC(1146) Pause Young (Allocation Failure) 768M->600M(764M) 4.632ms
[575.955s][info][gc,cpu         ] GC(1146) User=0.01s Sys=0.00s Real=0.00s
[576.339s][info][gc,start       ] GC(1147) Pause Young (Allocation Failure)
[576.342s][info][gc,heap        ] GC(1147) PSYoungGen: 169599K(169984K)->563K(162816K) Eden: 167424K(167424K)->0K(161792K) From: 2175K(2560K)->563K(1024K)
[576.342s][info][gc,heap        ] GC(1147) ParOldGen: 612735K(612864K)->612751K(612864K)
[576.342s][info][gc,metaspace   ] GC(1147) Metaspace: 57841K(58176K)->57841K(58176K) NonClass: 49538K(49792K)->49538K(49792K) Class: 8302K(8384K)->8302K(8384K)
[576.342s][info][gc             ] GC(1147) Pause Young (Allocation Failure) 763M->598M(757M) 2.981ms
[576.342s][info][gc,cpu         ] GC(1147) User=0.00s Sys=0.00s Real=0.00s
[576.690s][info][gc,start       ] GC(1148) Pause Young (Allocation Failure)
[576.693s][info][gc,heap        ] GC(1148) PSYoungGen: 162355K(162816K)->448K(157184K) Eden: 161792K(161792K)->0K(156672K) From: 563K(1024K)->448K(512K)
[576.693s][info][gc,heap        ] GC(1148) ParOldGen: 612751K(612864K)->612767K(612864K)
[576.693s][info][gc,metaspace   ] GC(1148) Metaspace: 57841K(58176K)->57841K(58176K) NonClass: 49538K(49792K)->49538K(49792K) Class: 8302K(8384K)->8302K(8384K)
[576.693s][info][gc             ] GC(1148) Pause Young (Allocation Failure) 756M->598M(752M) 2.791ms
[576.693s][info][gc,cpu         ] GC(1148) User=0.00s Sys=0.00s Real=0.00s
[577.194s][info][gc,start       ] GC(1149) Pause Young (Allocation Failure)
[577.217s][info][gc,heap        ] GC(1149) PSYoungGen: 157120K(157184K)->2367K(190464K) Eden: 156672K(156672K)->0K(187904K) From: 448K(512K)->2367K(2560K)
[577.217s][info][gc,heap        ] GC(1149) ParOldGen: 612767K(612864K)->612783K(612864K)
[577.217s][info][gc,metaspace   ] GC(1149) Metaspace: 57841K(58176K)->57841K(58176K) NonClass: 49538K(49792K)->49538K(49792K) Class: 8302K(8384K)->8302K(8384K)
[577.217s][info][gc             ] GC(1149) Pause Young (Allocation Failure) 751M->600M(784M) 23.354ms
[577.217s][info][gc,cpu         ] GC(1149) User=0.03s Sys=0.00s Real=0.03s
[577.653s][info][gc,start       ] GC(1150) Pause Young (Allocation Failure)
[577.657s][info][gc,heap        ] GC(1150) PSYoungGen: 190271K(190464K)->1152K(226304K) Eden: 187904K(187904K)->0K(224768K) From: 2367K(2560K)->1152K(1536K)
[577.657s][info][gc,heap        ] GC(1150) ParOldGen: 612783K(612864K)->612799K(612864K)
[577.657s][info][gc,metaspace   ] GC(1150) Metaspace: 57841K(58176K)->57841K(58176K) NonClass: 49538K(49792K)->49538K(49792K) Class: 8302K(8384K)->8302K(8384K)
[577.657s][info][gc             ] GC(1150) Pause Young (Allocation Failure) 784M->599M(819M) 3.922ms
[577.657s][info][gc,cpu         ] GC(1150) User=0.00s Sys=0.01s Real=0.01s
[578.172s][info][gc,start       ] GC(1151) Pause Young (Allocation Failure)
[578.177s][info][gc,heap        ] GC(1151) PSYoungGen: 225920K(226304K)->2527K(270848K) Eden: 224768K(224768K)->0K(268288K) From: 1152K(1536K)->2527K(2560K)
[578.177s][info][gc,heap        ] GC(1151) ParOldGen: 612799K(612864K)->612815K(612864K)
[578.177s][info][gc,metaspace   ] GC(1151) Metaspace: 57841K(58176K)->57841K(58176K) NonClass: 49538K(49792K)->49538K(49792K) Class: 8302K(8384K)->8302K(8384K)
[578.177s][info][gc             ] GC(1151) Pause Young (Allocation Failure) 819M->600M(863M) 5.281ms
[578.177s][info][gc,cpu         ] GC(1151) User=0.01s Sys=0.00s Real=0.01s
[578.846s][info][gc,start       ] GC(1152) Pause Young (Allocation Failure)
[578.849s][info][gc,heap        ] GC(1152) PSYoungGen: 270815K(270848K)->1407K(279552K) Eden: 268288K(268288K)->0K(275456K) From: 2527K(2560K)->1407K(4096K)
[578.849s][info][gc,heap        ] GC(1152) ParOldGen: 612815K(612864K)->612831K(612864K)
[578.849s][info][gc,metaspace   ] GC(1152) Metaspace: 57841K(58176K)->57841K(58176K) NonClass: 49538K(49792K)->49538K(49792K) Class: 8302K(8384K)->8302K(8384K)
[578.849s][info][gc             ] GC(1152) Pause Young (Allocation Failure) 862M->599M(871M) 3.722ms
[578.849s][info][gc,cpu         ] GC(1152) User=0.01s Sys=0.00s Real=0.01s
[579.478s][info][gc,start       ] GC(1153) Pause Young (Allocation Failure)
[579.483s][info][gc,heap        ] GC(1153) PSYoungGen: 276740K(279552K)->1376K(323584K) Eden: 275333K(275456K)->0K(320000K) From: 1407K(4096K)->1376K(3584K)
[579.483s][info][gc,heap        ] GC(1153) ParOldGen: 612831K(612864K)->612847K(612864K)
[579.483s][info][gc,metaspace   ] GC(1153) Metaspace: 57841K(58176K)->57841K(58176K) NonClass: 49538K(49792K)->49538K(49792K) Class: 8302K(8384K)->8302K(8384K)
[579.483s][info][gc             ] GC(1153) Pause Young (Allocation Failure) 868M->599M(914M) 4.555ms
[579.483s][info][gc,cpu         ] GC(1153) User=0.01s Sys=0.00s Real=0.00s
[580.283s][info][gc,start       ] GC(1154) Pause Young (Allocation Failure)
[580.287s][info][gc,heap        ] GC(1154) PSYoungGen: 321376K(323584K)->1470K(308736K) Eden: 320000K(320000K)->0K(307200K) From: 1376K(3584K)->1470K(1536K)
[580.287s][info][gc,heap        ] GC(1154) ParOldGen: 612847K(612864K)->612863K(612864K)
[580.287s][info][gc,metaspace   ] GC(1154) Metaspace: 57841K(58176K)->57841K(58176K) NonClass: 49538K(49792K)->49538K(49792K) Class: 8302K(8384K)->8302K(8384K)
[580.287s][info][gc             ] GC(1154) Pause Young (Allocation Failure) 912M->599M(900M) 3.995ms
[580.287s][info][gc,cpu         ] GC(1154) User=0.01s Sys=0.00s Real=0.01s
[580.983s][info][gc,start       ] GC(1155) Pause Young (Allocation Failure)
[580.987s][info][gc,heap        ] GC(1155) PSYoungGen: 308405K(308736K)->1056K(296448K) Eden: 306935K(307200K)->0K(294912K) From: 1470K(1536K)->1056K(1536K)
[580.987s][info][gc,heap        ] GC(1155) ParOldGen: 612863K(612864K)->612879K(613376K)
[580.987s][info][gc,metaspace   ] GC(1155) Metaspace: 57841K(58176K)->57841K(58176K) NonClass: 49538K(49792K)->49538K(49792K) Class: 8302K(8384K)->8302K(8384K)
[580.987s][info][gc             ] GC(1155) Pause Young (Allocation Failure) 899M->599M(888M) 4.135ms
[580.987s][info][gc,cpu         ] GC(1155) User=0.01s Sys=0.00s Real=0.01s
[581.694s][info][gc,start       ] GC(1156) Pause Young (Allocation Failure)
[581.696s][info][gc,heap        ] GC(1156) PSYoungGen: 295968K(296448K)->448K(283648K) Eden: 294912K(294912K)->0K(283136K) From: 1056K(1536K)->448K(512K)
[581.697s][info][gc,heap        ] GC(1156) ParOldGen: 612879K(613376K)->612895K(613376K)
[581.697s][info][gc,metaspace   ] GC(1156) Metaspace: 57842K(58176K)->57842K(58176K) NonClass: 49539K(49792K)->49539K(49792K) Class: 8302K(8384K)->8302K(8384K)
[581.697s][info][gc             ] GC(1156) Pause Young (Allocation Failure) 887M->598M(876M) 2.893ms
[581.697s][info][gc,cpu         ] GC(1156) User=0.01s Sys=0.00s Real=0.01s
[582.377s][info][gc,start       ] GC(1157) Pause Young (Allocation Failure)
[582.382s][info][gc,heap        ] GC(1157) PSYoungGen: 283359K(283648K)->1792K(273920K) Eden: 282911K(283136K)->0K(271872K) From: 448K(512K)->1792K(2048K)
[582.382s][info][gc,heap        ] GC(1157) ParOldGen: 612895K(613376K)->612911K(613376K)
[582.382s][info][gc,metaspace   ] GC(1157) Metaspace: 57842K(58176K)->57842K(58176K) NonClass: 49539K(49792K)->49539K(49792K) Class: 8302K(8384K)->8302K(8384K)
[582.382s][info][gc             ] GC(1157) Pause Young (Allocation Failure) 875M->600M(866M) 5.096ms
[582.382s][info][gc,cpu         ] GC(1157) User=0.01s Sys=0.00s Real=0.00s
[583.052s][info][gc,start       ] GC(1158) Pause Young (Allocation Failure)
[583.056s][info][gc,heap        ] GC(1158) PSYoungGen: 273664K(273920K)->1886K(263168K) Eden: 271872K(271872K)->0K(261120K) From: 1792K(2048K)->1886K(2048K)
[583.057s][info][gc,heap        ] GC(1158) ParOldGen: 612911K(613376K)->612927K(613376K)
[583.057s][info][gc,metaspace   ] GC(1158) Metaspace: 57842K(58176K)->57842K(58176K) NonClass: 49539K(49792K)->49539K(49792K) Class: 8302K(8384K)->8302K(8384K)
[583.057s][info][gc             ] GC(1158) Pause Young (Allocation Failure) 865M->600M(856M) 4.280ms
[583.057s][info][gc,cpu         ] GC(1158) User=0.00s Sys=0.00s Real=0.01s
[583.667s][info][gc,start       ] GC(1159) Pause Young (Allocation Failure)
[583.672s][info][gc,heap        ] GC(1159) PSYoungGen: 263006K(263168K)->1215K(252416K) Eden: 261120K(261120K)->0K(250880K) From: 1886K(2048K)->1215K(1536K)
[583.672s][info][gc,heap        ] GC(1159) ParOldGen: 612927K(613376K)->612943K(613376K)
[583.672s][info][gc,metaspace   ] GC(1159) Metaspace: 57842K(58176K)->57842K(58176K) NonClass: 49539K(49792K)->49539K(49792K) Class: 8302K(8384K)->8302K(8384K)
[583.672s][info][gc             ] GC(1159) Pause Young (Allocation Failure) 855M->599M(845M) 5.141ms
[583.672s][info][gc,cpu         ] GC(1159) User=0.00s Sys=0.00s Real=0.00s
[584.271s][info][gc,start       ] GC(1160) Pause Young (Allocation Failure)
[584.276s][info][gc,heap        ] GC(1160) PSYoungGen: 252095K(252416K)->2207K(243712K) Eden: 250880K(250880K)->0K(241152K) From: 1215K(1536K)->2207K(2560K)
[584.276s][info][gc,heap        ] GC(1160) ParOldGen: 612943K(613376K)->612959K(613376K)
[584.276s][info][gc,metaspace   ] GC(1160) Metaspace: 57842K(58176K)->57842K(58176K) NonClass: 49539K(49792K)->49539K(49792K) Class: 8302K(8384K)->8302K(8384K)
[584.276s][info][gc             ] GC(1160) Pause Young (Allocation Failure) 844M->600M(837M) 4.844ms
[584.276s][info][gc,cpu         ] GC(1160) User=0.01s Sys=0.00s Real=0.00s
[584.856s][info][gc,start       ] GC(1161) Pause Young (Allocation Failure)
[584.860s][info][gc,heap        ] GC(1161) PSYoungGen: 243240K(243712K)->1663K(233984K) Eden: 241033K(241152K)->0K(231936K) From: 2207K(2560K)->1663K(2048K)
[584.860s][info][gc,heap        ] GC(1161) ParOldGen: 612959K(613376K)->612975K(613376K)
[584.860s][info][gc,metaspace   ] GC(1161) Metaspace: 57842K(58176K)->57842K(58176K) NonClass: 49539K(49792K)->49539K(49792K) Class: 8302K(8384K)->8302K(8384K)
[584.860s][info][gc             ] GC(1161) Pause Young (Allocation Failure) 836M->600M(827M) 4.118ms
[584.860s][info][gc,cpu         ] GC(1161) User=0.00s Sys=0.00s Real=0.00s
[585.438s][info][gc,start       ] GC(1162) Pause Young (Allocation Failure)
[585.441s][info][gc,heap        ] GC(1162) PSYoungGen: 233599K(233984K)->512K(223744K) Eden: 231936K(231936K)->0K(223232K) From: 1663K(2048K)->512K(512K)
[585.441s][info][gc,heap        ] GC(1162) ParOldGen: 612975K(613376K)->612991K(613376K)
[585.441s][info][gc,metaspace   ] GC(1162) Metaspace: 57842K(58176K)->57842K(58176K) NonClass: 49539K(49792K)->49539K(49792K) Class: 8302K(8384K)->8302K(8384K)
[585.441s][info][gc             ] GC(1162) Pause Young (Allocation Failure) 826M->599M(817M) 2.889ms
[585.441s][info][gc,cpu         ] GC(1162) User=0.00s Sys=0.00s Real=0.00s
[585.956s][info][gc,start       ] GC(1163) Pause Young (Allocation Failure)
[585.961s][info][gc,heap        ] GC(1163) PSYoungGen: 223744K(223744K)->2303K(217600K) Eden: 223232K(223232K)->0K(215040K) From: 512K(512K)->2303K(2560K)
[585.961s][info][gc,heap        ] GC(1163) ParOldGen: 612991K(613376K)->613007K(613376K)
[585.961s][info][gc,metaspace   ] GC(1163) Metaspace: 57842K(58176K)->57842K(58176K) NonClass: 49539K(49792K)->49539K(49792K) Class: 8302K(8384K)->8302K(8384K)
[585.961s][info][gc             ] GC(1163) Pause Young (Allocation Failure) 817M->600M(811M) 4.705ms
[585.961s][info][gc,cpu         ] GC(1163) User=0.01s Sys=0.01s Real=0.00s
[586.468s][info][gc,start       ] GC(1164) Pause Young (Allocation Failure)
[586.472s][info][gc,heap        ] GC(1164) PSYoungGen: 217343K(217600K)->1568K(209408K) Eden: 215040K(215040K)->0K(207360K) From: 2303K(2560K)->1568K(2048K)
[586.472s][info][gc,heap        ] GC(1164) ParOldGen: 613007K(613376K)->613023K(613376K)
[586.472s][info][gc,metaspace   ] GC(1164) Metaspace: 57842K(58176K)->57842K(58176K) NonClass: 49539K(49792K)->49539K(49792K) Class: 8302K(8384K)->8302K(8384K)
[586.472s][info][gc             ] GC(1164) Pause Young (Allocation Failure) 810M->600M(803M) 4.201ms
[586.472s][info][gc,cpu         ] GC(1164) User=0.01s Sys=0.00s Real=0.00s
[586.974s][info][gc,start       ] GC(1165) Pause Young (Allocation Failure)
[586.979s][info][gc,heap        ] GC(1165) PSYoungGen: 208928K(209408K)->1984K(201728K) Eden: 207360K(207360K)->0K(199680K) From: 1568K(2048K)->1984K(2048K)
[586.979s][info][gc,heap        ] GC(1165) ParOldGen: 613023K(613376K)->613039K(613376K)
[586.979s][info][gc,metaspace   ] GC(1165) Metaspace: 57842K(58176K)->57842K(58176K) NonClass: 49539K(49792K)->49539K(49792K) Class: 8302K(8384K)->8302K(8384K)
[586.979s][info][gc             ] GC(1165) Pause Young (Allocation Failure) 802M->600M(796M) 5.189ms
[586.980s][info][gc,cpu         ] GC(1165) User=0.01s Sys=0.00s Real=0.01s
[587.460s][info][gc,start       ] GC(1166) Pause Young (Allocation Failure)
[587.464s][info][gc,heap        ] GC(1166) PSYoungGen: 201664K(201728K)->1855K(194560K) Eden: 199680K(199680K)->0K(192512K) From: 1984K(2048K)->1855K(2048K)
[587.464s][info][gc,heap        ] GC(1166) ParOldGen: 613039K(613376K)->613055K(613376K)
[587.464s][info][gc,metaspace   ] GC(1166) Metaspace: 57842K(58176K)->57842K(58176K) NonClass: 49539K(49792K)->49539K(49792K) Class: 8302K(8384K)->8302K(8384K)
[587.464s][info][gc             ] GC(1166) Pause Young (Allocation Failure) 795M->600M(789M) 4.172ms
[587.464s][info][gc,cpu         ] GC(1166) User=0.00s Sys=0.01s Real=0.00s
[587.946s][info][gc,start       ] GC(1167) Pause Young (Allocation Failure)
[587.949s][info][gc,heap        ] GC(1167) PSYoungGen: 194367K(194560K)->864K(186880K) Eden: 192512K(192512K)->0K(185856K) From: 1855K(2048K)->864K(1024K)
[587.949s][info][gc,heap        ] GC(1167) ParOldGen: 613055K(613376K)->613071K(613376K)
[587.949s][info][gc,metaspace   ] GC(1167) Metaspace: 57842K(58176K)->57842K(58176K) NonClass: 49539K(49792K)->49539K(49792K) Class: 8302K(8384K)->8302K(8384K)
[587.949s][info][gc             ] GC(1167) Pause Young (Allocation Failure) 788M->599M(781M) 3.304ms
[587.949s][info][gc,cpu         ] GC(1167) User=0.00s Sys=0.00s Real=0.01s
[588.448s][info][gc,start       ] GC(1168) Pause Young (Allocation Failure)
[588.452s][info][gc,heap        ] GC(1168) PSYoungGen: 186662K(186880K)->1632K(181248K) Eden: 185798K(185856K)->0K(179200K) From: 864K(1024K)->1632K(2048K)
[588.452s][info][gc,heap        ] GC(1168) ParOldGen: 613071K(613376K)->613087K(613376K)
[588.452s][info][gc,metaspace   ] GC(1168) Metaspace: 57842K(58176K)->57842K(58176K) NonClass: 49539K(49792K)->49539K(49792K) Class: 8302K(8384K)->8302K(8384K)
[588.452s][info][gc             ] GC(1168) Pause Young (Allocation Failure) 780M->600M(776M) 4.085ms
[588.452s][info][gc,cpu         ] GC(1168) User=0.01s Sys=0.00s Real=0.00s
[588.836s][info][gc,start       ] GC(1169) Pause Young (Allocation Failure)
[588.838s][info][gc,heap        ] GC(1169) PSYoungGen: 180832K(181248K)->312K(173568K) Eden: 179200K(179200K)->0K(173056K) From: 1632K(2048K)->312K(512K)
[588.838s][info][gc,heap        ] GC(1169) ParOldGen: 613087K(613376K)->613103K(613376K)
[588.838s][info][gc,metaspace   ] GC(1169) Metaspace: 57842K(58176K)->57842K(58176K) NonClass: 49539K(49792K)->49539K(49792K) Class: 8302K(8384K)->8302K(8384K)
[588.839s][info][gc             ] GC(1169) Pause Young (Allocation Failure) 775M->599M(768M) 2.479ms
[588.839s][info][gc,cpu         ] GC(1169) User=0.00s Sys=0.00s Real=0.00s
[589.208s][info][gc,start       ] GC(1170) Pause Young (Allocation Failure)
[589.213s][info][gc,heap        ] GC(1170) PSYoungGen: 167138K(173568K)->64K(170496K) Eden: 166826K(173056K)->0K(167424K) From: 312K(512K)->64K(3072K)
[589.213s][info][gc,heap        ] GC(1170) ParOldGen: 613103K(613376K)->613119K(613376K)
[589.213s][info][gc,metaspace   ] GC(1170) Metaspace: 57845K(58176K)->57845K(58176K) NonClass: 49542K(49792K)->49542K(49792K) Class: 8302K(8384K)->8302K(8384K)
[589.213s][info][gc             ] GC(1170) Pause Young (Allocation Failure) 761M->598M(765M) 4.194ms
[589.213s][info][gc,cpu         ] GC(1170) User=0.01s Sys=0.00s Real=0.00s
[591.149s][info][gc,heap,exit   ] Heap
[591.149s][info][gc,heap,exit   ]  PSYoungGen      total 170496K, used 101545K [0x00000000eba00000, 0x00000000fe480000, 0x0000000100000000)
[591.149s][info][gc,heap,exit   ]   eden space 167424K, 60% used [0x00000000eba00000,0x00000000f1d1a448,0x00000000f5d80000)
[591.149s][info][gc,heap,exit   ]   from space 3072K, 2% used [0x00000000fde80000,0x00000000fde90000,0x00000000fe180000)
[591.149s][info][gc,heap,exit   ]   to   space 3072K, 0% used [0x00000000fe180000,0x00000000fe180000,0x00000000fe480000)
[591.149s][info][gc,heap,exit   ]  ParOldGen       total 613376K, used 613119K [0x00000000c2e00000, 0x00000000e8500000, 0x00000000eba00000)
[591.149s][info][gc,heap,exit   ]   object space 613376K, 99% used [0x00000000c2e00000,0x00000000e84bfe88,0x00000000e8500000)
[591.149s][info][gc,heap,exit   ]  Metaspace       used 58399K, committed 58688K, reserved 1114112K
[591.149s][info][gc,heap,exit   ]   class space    used 8488K, committed 8576K, reserved 1048576K
