[0.003s][info][metaspace]  - commit_granule_bytes: 65536.
[0.003s][info][metaspace]  - commit_granule_words: 8192.
[0.003s][info][metaspace]  - virtual_space_node_default_size: 8388608.
[0.003s][info][metaspace]  - enlarge_chunks_in_place: 1.
[0.007s][info][gc,init  ] CardTable entry size: 512
[0.007s][info][gc       ] Using Parallel
[0.008s][info][gc,init  ] Version: 24-internal-adhoc.root.jdk (release)
[0.009s][info][gc,init  ] CPUs: 2 total, 2 available
[0.009s][info][gc,init  ] Memory: 3908M
[0.009s][info][gc,init  ] Large Page Support: Disabled
[0.009s][info][gc,init  ] NUMA Support: Disabled
[0.009s][info][gc,init  ] Compressed Oops: Enabled (32-bit)
[0.009s][info][gc,init  ] Alignments: Space 512K, Generation 512K, Heap 2M
[0.009s][info][gc,init  ] Heap Min Capacity: 256M
[0.009s][info][gc,init  ] Heap Initial Capacity: 256M
[0.009s][info][gc,init  ] Heap Max Capacity: 978M
[0.009s][info][gc,init  ] Pre-touch: Disabled
[0.009s][info][gc,init  ] Parallel Workers: 2
[0.180s][info][gc,metaspace] CDS archive(s) mapped at: [0x00007f02b2000000-0x00007f02b2dc0000-0x00007f02b2dc0000), size 14417920, SharedBaseAddress: 0x00007f02b2000000, ArchiveRelocationMode: 1.
[0.180s][info][gc,metaspace] Compressed class space mapped at: 0x00007f02b3000000-0x00007f02f3000000, reserved size: 1073741824
[0.180s][info][gc,metaspace] UseCompressedClassPointers 1, UseCompactObjectHeaders 0
[0.180s][info][gc,metaspace] Narrow klass pointer bits 32, Max shift 3
[0.180s][info][gc,metaspace] Narrow klass base: 0x00007f02b2000000, Narrow klass shift: 0
[0.180s][info][gc,metaspace] Encoding Range: [0x00007f02b2000000 - 0x00007f03b2000000), (4294967296 bytes)
[0.180s][info][gc,metaspace] Klass Range:    [0x00007f02b2000000 - 0x00007f02f3000000), (1090519040 bytes)
[0.180s][info][gc,metaspace] Klass ID Range:  [8 - 1090519033) (1090519025)
[1.166s][info][gc,start    ] GC(0) Pause Young (Allocation Failure)
[1.199s][info][gc,heap     ] GC(0) PSYoungGen: 65536K(76288K)->10197K(76288K) Eden: 65536K(65536K)->0K(65536K) From: 0K(10752K)->10197K(10752K)
[1.199s][info][gc,heap     ] GC(0) ParOldGen: 1157K(175104K)->1165K(175104K)
[1.199s][info][gc,metaspace] GC(0) Metaspace: 4861K(4992K)->4861K(4992K) NonClass: 4363K(4416K)->4363K(4416K) Class: 497K(576K)->497K(576K)
[1.199s][info][gc          ] GC(0) Pause Young (Allocation Failure) 65M->11M(245M) 33.066ms
[1.199s][info][gc,cpu      ] GC(0) User=0.05s Sys=0.01s Real=0.03s
[14.519s][info][gc,start    ] GC(1) Pause Young (Allocation Failure)
[14.544s][info][gc,heap     ] GC(1) PSYoungGen: 75733K(76288K)->10734K(141824K) Eden: 65536K(65536K)->0K(131072K) From: 10197K(10752K)->10734K(10752K)
[14.544s][info][gc,heap     ] GC(1) ParOldGen: 1165K(175104K)->3629K(175104K)
[14.544s][info][gc,metaspace] GC(1) Metaspace: 5244K(5376K)->5244K(5376K) NonClass: 4745K(4800K)->4745K(4800K) Class: 498K(576K)->498K(576K)
[14.544s][info][gc          ] GC(1) Pause Young (Allocation Failure) 75M->14M(309M) 25.655ms
[14.544s][info][gc,cpu      ] GC(1) User=0.03s Sys=0.01s Real=0.02s
[34.715s][info][gc,start    ] GC(2) Pause Young (Allocation Failure)
[34.742s][info][gc,heap     ] GC(2) PSYoungGen: 141806K(141824K)->10703K(141824K) Eden: 131072K(131072K)->0K(131072K) From: 10734K(10752K)->10703K(10752K)
[34.742s][info][gc,heap     ] GC(2) ParOldGen: 3629K(175104K)->3637K(175104K)
[34.742s][info][gc,metaspace] GC(2) Metaspace: 5252K(5376K)->5252K(5376K) NonClass: 4753K(4800K)->4753K(4800K) Class: 498K(576K)->498K(576K)
[34.742s][info][gc          ] GC(2) Pause Young (Allocation Failure) 142M->14M(309M) 27.598ms
[34.742s][info][gc,cpu      ] GC(2) User=0.04s Sys=0.02s Real=0.03s
[52.830s][info][gc,start    ] GC(3) Pause Young (Allocation Failure)
[52.862s][info][gc,heap     ] GC(3) PSYoungGen: 141775K(141824K)->10733K(141824K) Eden: 131072K(131072K)->0K(131072K) From: 10703K(10752K)->10733K(10752K)
[52.862s][info][gc,heap     ] GC(3) ParOldGen: 3637K(175104K)->3637K(175104K)
[52.862s][info][gc,metaspace] GC(3) Metaspace: 5253K(5376K)->5253K(5376K) NonClass: 4755K(4800K)->4755K(4800K) Class: 498K(576K)->498K(576K)
[52.863s][info][gc          ] GC(3) Pause Young (Allocation Failure) 142M->14M(309M) 32.468ms
[52.863s][info][gc,cpu      ] GC(3) User=0.06s Sys=0.01s Real=0.03s
[72.164s][info][gc,start    ] GC(4) Pause Young (Allocation Failure)
[72.184s][info][gc,heap     ] GC(4) PSYoungGen: 141805K(141824K)->10719K(137728K) Eden: 131072K(131072K)->0K(126976K) From: 10733K(10752K)->10719K(10752K)
[72.184s][info][gc,heap     ] GC(4) ParOldGen: 3637K(175104K)->3637K(175104K)
[72.184s][info][gc,metaspace] GC(4) Metaspace: 5253K(5376K)->5253K(5376K) NonClass: 4755K(4800K)->4755K(4800K) Class: 498K(576K)->498K(576K)
[72.184s][info][gc          ] GC(4) Pause Young (Allocation Failure) 142M->14M(305M) 20.511ms
[72.184s][info][gc,cpu      ] GC(4) User=0.04s Sys=0.00s Real=0.02s
[91.699s][info][gc,start    ] GC(5) Pause Young (Allocation Failure)
[91.731s][info][gc,heap     ] GC(5) PSYoungGen: 137695K(137728K)->10703K(133632K) Eden: 126976K(126976K)->0K(122880K) From: 10719K(10752K)->10703K(10752K)
[91.732s][info][gc,heap     ] GC(5) ParOldGen: 3637K(175104K)->3645K(175104K)
[91.732s][info][gc,metaspace] GC(5) Metaspace: 5253K(5376K)->5253K(5376K) NonClass: 4755K(4800K)->4755K(4800K) Class: 498K(576K)->498K(576K)
[91.732s][info][gc          ] GC(5) Pause Young (Allocation Failure) 138M->14M(301M) 32.377ms
[91.732s][info][gc,cpu      ] GC(5) User=0.06s Sys=0.01s Real=0.03s
[109.630s][info][gc,start    ] GC(6) Pause Young (Allocation Failure)
[109.658s][info][gc,heap     ] GC(6) PSYoungGen: 133583K(133632K)->64K(119808K) Eden: 122880K(122880K)->0K(119296K) From: 10703K(10752K)->64K(512K)
[109.658s][info][gc,heap     ] GC(6) ParOldGen: 3645K(175104K)->14119K(175104K)
[109.658s][info][gc,metaspace] GC(6) Metaspace: 5254K(5376K)->5254K(5376K) NonClass: 4755K(4800K)->4755K(4800K) Class: 498K(576K)->498K(576K)
[109.658s][info][gc          ] GC(6) Pause Young (Allocation Failure) 134M->13M(288M) 28.382ms
[109.658s][info][gc,cpu      ] GC(6) User=0.05s Sys=0.01s Real=0.03s
[127.403s][info][gc,start    ] GC(7) Pause Young (Allocation Failure)
[127.405s][info][gc,heap     ] GC(7) PSYoungGen: 119359K(119808K)->544K(116736K) Eden: 119295K(119296K)->0K(115712K) From: 64K(512K)->544K(1024K)
[127.405s][info][gc,heap     ] GC(7) ParOldGen: 14119K(175104K)->14127K(175104K)
[127.405s][info][gc,metaspace] GC(7) Metaspace: 5254K(5376K)->5254K(5376K) NonClass: 4755K(4800K)->4755K(4800K) Class: 498K(576K)->498K(576K)
[127.405s][info][gc          ] GC(7) Pause Young (Allocation Failure) 130M->14M(285M) 2.643ms
[127.405s][info][gc,cpu      ] GC(7) User=0.00s Sys=0.00s Real=0.01s
[145.906s][info][gc,start    ] GC(8) Pause Young (Allocation Failure)
[145.938s][info][gc,heap     ] GC(8) PSYoungGen: 116256K(116736K)->11969K(124416K) Eden: 115712K(115712K)->0K(112128K) From: 544K(1024K)->11969K(12288K)
[145.939s][info][gc,heap     ] GC(8) ParOldGen: 14127K(175104K)->14135K(175104K)
[145.939s][info][gc,metaspace] GC(8) Metaspace: 5440K(5568K)->5440K(5568K) NonClass: 4931K(4992K)->4931K(4992K) Class: 508K(576K)->508K(576K)
[145.939s][info][gc          ] GC(8) Pause Young (Allocation Failure) 127M->25M(292M) 32.419ms
[145.939s][info][gc,cpu      ] GC(8) User=0.05s Sys=0.01s Real=0.03s
[166.357s][info][gc,start    ] GC(9) Pause Young (Allocation Failure)
[166.380s][info][gc,heap     ] GC(9) PSYoungGen: 124097K(124416K)->11457K(120832K) Eden: 112127K(112128K)->0K(109056K) From: 11969K(12288K)->11457K(11776K)
[166.380s][info][gc,heap     ] GC(9) ParOldGen: 14135K(175104K)->14631K(175104K)
[166.380s][info][gc,metaspace] GC(9) Metaspace: 5442K(5568K)->5442K(5568K) NonClass: 4933K(4992K)->4933K(4992K) Class: 508K(576K)->508K(576K)
[166.380s][info][gc          ] GC(9) Pause Young (Allocation Failure) 134M->25M(289M) 23.119ms
[166.380s][info][gc,cpu      ] GC(9) User=0.03s Sys=0.01s Real=0.02s
[182.764s][info][gc,start    ] GC(10) Pause Young (Allocation Failure)
[182.790s][info][gc,heap     ] GC(10) PSYoungGen: 120513K(120832K)->64K(106496K) Eden: 109056K(109056K)->0K(105984K) From: 11457K(11776K)->64K(512K)
[182.790s][info][gc,heap     ] GC(10) ParOldGen: 14631K(175104K)->25811K(175104K)
[182.790s][info][gc,metaspace] GC(10) Metaspace: 5443K(5568K)->5443K(5568K) NonClass: 4934K(4992K)->4934K(4992K) Class: 508K(576K)->508K(576K)
[182.790s][info][gc          ] GC(10) Pause Young (Allocation Failure) 131M->25M(275M) 25.684ms
[182.790s][info][gc,cpu      ] GC(10) User=0.04s Sys=0.01s Real=0.03s
[200.045s][info][gc,start    ] GC(11) Pause Young (Allocation Failure)
[200.048s][info][gc,heap     ] GC(11) PSYoungGen: 106048K(106496K)->480K(103424K) Eden: 105984K(105984K)->0K(102912K) From: 64K(512K)->480K(512K)
[200.048s][info][gc,heap     ] GC(11) ParOldGen: 25811K(175104K)->25819K(175104K)
[200.048s][info][gc,metaspace] GC(11) Metaspace: 5443K(5568K)->5443K(5568K) NonClass: 4934K(4992K)->4934K(4992K) Class: 508K(576K)->508K(576K)
[200.048s][info][gc          ] GC(11) Pause Young (Allocation Failure) 128M->25M(272M) 3.311ms
[200.048s][info][gc,cpu      ] GC(11) User=0.00s Sys=0.00s Real=0.00s
[215.734s][info][gc,start    ] GC(12) Pause Young (Allocation Failure)
[215.739s][info][gc,heap     ] GC(12) PSYoungGen: 103391K(103424K)->448K(118272K) Eden: 102911K(102912K)->0K(99840K) From: 480K(512K)->448K(18432K)
[215.739s][info][gc,heap     ] GC(12) ParOldGen: 25819K(175104K)->26267K(175104K)
[215.739s][info][gc,metaspace] GC(12) Metaspace: 5443K(5568K)->5443K(5568K) NonClass: 4934K(4992K)->4934K(4992K) Class: 508K(576K)->508K(576K)
[215.739s][info][gc          ] GC(12) Pause Young (Allocation Failure) 126M->26M(286M) 4.489ms
[215.739s][info][gc,cpu      ] GC(12) User=0.00s Sys=0.00s Real=0.01s
[231.429s][info][gc,start    ] GC(13) Pause Young (Allocation Failure)
[231.431s][info][gc,heap     ] GC(13) PSYoungGen: 100288K(118272K)->448K(97792K) Eden: 99840K(99840K)->0K(97280K) From: 448K(18432K)->448K(512K)
[231.431s][info][gc,heap     ] GC(13) ParOldGen: 26267K(175104K)->26675K(175104K)
[231.431s][info][gc,metaspace] GC(13) Metaspace: 5443K(5568K)->5443K(5568K) NonClass: 4934K(4992K)->4934K(4992K) Class: 508K(576K)->508K(576K)
[231.431s][info][gc          ] GC(13) Pause Young (Allocation Failure) 123M->26M(266M) 2.634ms
[231.431s][info][gc,cpu      ] GC(13) User=0.00s Sys=0.00s Real=0.00s
[247.910s][info][gc,start    ] GC(14) Pause Young (Allocation Failure)
[247.913s][info][gc,heap     ] GC(14) PSYoungGen: 97728K(97792K)->416K(113152K) Eden: 97280K(97280K)->0K(94720K) From: 448K(512K)->416K(18432K)
[247.913s][info][gc,heap     ] GC(14) ParOldGen: 26675K(175104K)->27099K(175104K)
[247.913s][info][gc,metaspace] GC(14) Metaspace: 5443K(5568K)->5443K(5568K) NonClass: 4934K(4992K)->4934K(4992K) Class: 508K(576K)->508K(576K)
[247.913s][info][gc          ] GC(14) Pause Young (Allocation Failure) 121M->26M(281M) 3.537ms
[247.913s][info][gc,cpu      ] GC(14) User=0.00s Sys=0.00s Real=0.00s
[263.011s][info][gc,start    ] GC(15) Pause Young (Allocation Failure)
[263.013s][info][gc,heap     ] GC(15) PSYoungGen: 95136K(113152K)->416K(92672K) Eden: 94720K(94720K)->0K(92160K) From: 416K(18432K)->416K(512K)
[263.013s][info][gc,heap     ] GC(15) ParOldGen: 27099K(175104K)->27491K(175104K)
[263.013s][info][gc,metaspace] GC(15) Metaspace: 5443K(5568K)->5443K(5568K) NonClass: 4934K(4992K)->4934K(4992K) Class: 508K(576K)->508K(576K)
[263.013s][info][gc          ] GC(15) Pause Young (Allocation Failure) 119M->27M(261M) 2.382ms
[263.013s][info][gc,cpu      ] GC(15) User=0.00s Sys=0.00s Real=0.00s
[277.493s][info][gc,start    ] GC(16) Pause Young (Allocation Failure)
[277.495s][info][gc,heap     ] GC(16) PSYoungGen: 92576K(92672K)->416K(107520K) Eden: 92160K(92160K)->0K(89600K) From: 416K(512K)->416K(17920K)
[277.495s][info][gc,heap     ] GC(16) ParOldGen: 27491K(175104K)->27859K(175104K)
[277.495s][info][gc,metaspace] GC(16) Metaspace: 5443K(5568K)->5443K(5568K) NonClass: 4934K(4992K)->4934K(4992K) Class: 508K(576K)->508K(576K)
[277.495s][info][gc          ] GC(16) Pause Young (Allocation Failure) 117M->27M(276M) 2.195ms
[277.495s][info][gc,cpu      ] GC(16) User=0.01s Sys=0.00s Real=0.00s
[294.585s][info][gc,start    ] GC(17) Pause Young (Allocation Failure)
[294.614s][info][gc,heap     ] GC(17) PSYoungGen: 90016K(107520K)->11122K(98304K) Eden: 89600K(89600K)->0K(87040K) From: 416K(17920K)->11122K(11264K)
[294.614s][info][gc,heap     ] GC(17) ParOldGen: 27859K(175104K)->28235K(175104K)
[294.614s][info][gc,metaspace] GC(17) Metaspace: 5470K(5632K)->5470K(5632K) NonClass: 4961K(5056K)->4961K(5056K) Class: 508K(576K)->508K(576K)
[294.614s][info][gc          ] GC(17) Pause Young (Allocation Failure) 115M->38M(267M) 29.442ms
[294.614s][info][gc,cpu      ] GC(17) User=0.04s Sys=0.02s Real=0.03s
[309.980s][info][gc,start    ] GC(18) Pause Young (Allocation Failure)
[310.008s][info][gc,heap     ] GC(18) PSYoungGen: 98162K(98304K)->64K(85504K) Eden: 87040K(87040K)->0K(84992K) From: 11122K(11264K)->64K(512K)
[310.008s][info][gc,heap     ] GC(18) ParOldGen: 28235K(175104K)->39075K(175104K)
[310.008s][info][gc,metaspace] GC(18) Metaspace: 5471K(5632K)->5471K(5632K) NonClass: 4962K(5056K)->4962K(5056K) Class: 508K(576K)->508K(576K)
[310.008s][info][gc          ] GC(18) Pause Young (Allocation Failure) 123M->38M(254M) 27.461ms
[310.008s][info][gc,cpu      ] GC(18) User=0.03s Sys=0.02s Real=0.03s
[322.238s][info][gc,start    ] GC(19) Pause Young (Allocation Failure)
[322.241s][info][gc,heap     ] GC(19) PSYoungGen: 85056K(85504K)->448K(83456K) Eden: 84992K(84992K)->0K(82944K) From: 64K(512K)->448K(512K)
[322.241s][info][gc,heap     ] GC(19) ParOldGen: 39075K(175104K)->39083K(175104K)
[322.241s][info][gc,metaspace] GC(19) Metaspace: 5471K(5632K)->5471K(5632K) NonClass: 4962K(5056K)->4962K(5056K) Class: 508K(576K)->508K(576K)
[322.241s][info][gc          ] GC(19) Pause Young (Allocation Failure) 121M->38M(252M) 3.228ms
[322.241s][info][gc,cpu      ] GC(19) User=0.00s Sys=0.00s Real=0.00s
[335.083s][info][gc,start    ] GC(20) Pause Young (Allocation Failure)
[335.085s][info][gc,heap     ] GC(20) PSYoungGen: 83392K(83456K)->352K(98304K) Eden: 82944K(82944K)->0K(80896K) From: 448K(512K)->352K(17408K)
[335.085s][info][gc,heap     ] GC(20) ParOldGen: 39083K(175104K)->39491K(175104K)
[335.085s][info][gc,metaspace] GC(20) Metaspace: 5471K(5632K)->5471K(5632K) NonClass: 4962K(5056K)->4962K(5056K) Class: 508K(576K)->508K(576K)
[335.085s][info][gc          ] GC(20) Pause Young (Allocation Failure) 119M->38M(267M) 2.678ms
[335.085s][info][gc,cpu      ] GC(20) User=0.00s Sys=0.00s Real=0.01s
[346.686s][info][gc,start    ] GC(21) Pause Young (Allocation Failure)
[346.690s][info][gc,heap     ] GC(21) PSYoungGen: 81248K(98304K)->384K(79360K) Eden: 80896K(80896K)->0K(78848K) From: 352K(17408K)->384K(512K)
[346.690s][info][gc,heap     ] GC(21) ParOldGen: 39491K(175104K)->39835K(175104K)
[346.690s][info][gc,metaspace] GC(21) Metaspace: 5471K(5632K)->5471K(5632K) NonClass: 4962K(5056K)->4962K(5056K) Class: 508K(576K)->508K(576K)
[346.690s][info][gc          ] GC(21) Pause Young (Allocation Failure) 117M->39M(248M) 3.653ms
[346.690s][info][gc,cpu      ] GC(21) User=0.01s Sys=0.00s Real=0.00s
[358.271s][info][gc,start    ] GC(22) Pause Young (Allocation Failure)
[358.274s][info][gc,heap     ] GC(22) PSYoungGen: 79232K(79360K)->416K(92672K) Eden: 78848K(78848K)->0K(76800K) From: 384K(512K)->416K(15872K)
[358.274s][info][gc,heap     ] GC(22) ParOldGen: 39835K(175104K)->40171K(175104K)
[358.274s][info][gc,metaspace] GC(22) Metaspace: 5471K(5632K)->5471K(5632K) NonClass: 4962K(5056K)->4962K(5056K) Class: 508K(576K)->508K(576K)
[358.274s][info][gc          ] GC(22) Pause Young (Allocation Failure) 116M->39M(261M) 2.408ms
[358.274s][info][gc,cpu      ] GC(22) User=0.01s Sys=0.00s Real=0.00s
[370.120s][info][gc,start    ] GC(23) Pause Young (Allocation Failure)
[370.123s][info][gc,heap     ] GC(23) PSYoungGen: 77215K(92672K)->352K(75264K) Eden: 76799K(76800K)->0K(74752K) From: 416K(15872K)->352K(512K)
[370.123s][info][gc,heap     ] GC(23) ParOldGen: 40171K(175104K)->40499K(175104K)
[370.123s][info][gc,metaspace] GC(23) Metaspace: 5471K(5632K)->5471K(5632K) NonClass: 4962K(5056K)->4962K(5056K) Class: 508K(576K)->508K(576K)
[370.123s][info][gc          ] GC(23) Pause Young (Allocation Failure) 114M->39M(244M) 3.953ms
[370.124s][info][gc,cpu      ] GC(23) User=0.01s Sys=0.00s Real=0.00s
[380.835s][info][gc,start    ] GC(24) Pause Young (Allocation Failure)
[380.837s][info][gc,heap     ] GC(24) PSYoungGen: 75104K(75264K)->352K(88064K) Eden: 74752K(74752K)->0K(73216K) From: 352K(512K)->352K(14848K)
[380.837s][info][gc,heap     ] GC(24) ParOldGen: 40499K(175104K)->40827K(175104K)
[380.837s][info][gc,metaspace] GC(24) Metaspace: 5471K(5632K)->5471K(5632K) NonClass: 4962K(5056K)->4962K(5056K) Class: 508K(576K)->508K(576K)
[380.837s][info][gc          ] GC(24) Pause Young (Allocation Failure) 112M->40M(257M) 2.469ms
[380.837s][info][gc,cpu      ] GC(24) User=0.00s Sys=0.00s Real=0.01s
[391.522s][info][gc,start    ] GC(25) Pause Young (Allocation Failure)
[391.526s][info][gc,heap     ] GC(25) PSYoungGen: 73567K(88064K)->352K(72192K) Eden: 73215K(73216K)->0K(71680K) From: 352K(14848K)->352K(512K)
[391.526s][info][gc,heap     ] GC(25) ParOldGen: 40827K(175104K)->41147K(175104K)
[391.526s][info][gc,metaspace] GC(25) Metaspace: 5471K(5632K)->5471K(5632K) NonClass: 4962K(5056K)->4962K(5056K) Class: 508K(576K)->508K(576K)
[391.526s][info][gc          ] GC(25) Pause Young (Allocation Failure) 111M->40M(241M) 3.945ms
[391.526s][info][gc,cpu      ] GC(25) User=0.00s Sys=0.00s Real=0.01s
[401.779s][info][gc,start    ] GC(26) Pause Young (Allocation Failure)
[401.781s][info][gc,heap     ] GC(26) PSYoungGen: 72032K(72192K)->320K(83456K) Eden: 71680K(71680K)->0K(70144K) From: 352K(512K)->320K(13312K)
[401.781s][info][gc,heap     ] GC(26) ParOldGen: 41147K(175104K)->41443K(175104K)
[401.781s][info][gc,metaspace] GC(26) Metaspace: 5471K(5632K)->5471K(5632K) NonClass: 4962K(5056K)->4962K(5056K) Class: 508K(576K)->508K(576K)
[401.781s][info][gc          ] GC(26) Pause Young (Allocation Failure) 110M->40M(252M) 2.200ms
[401.781s][info][gc,cpu      ] GC(26) User=0.01s Sys=0.00s Real=0.00s
[412.661s][info][gc,start    ] GC(27) Pause Young (Allocation Failure)
[412.665s][info][gc,heap     ] GC(27) PSYoungGen: 70464K(83456K)->320K(75264K) Eden: 70144K(70144K)->0K(68608K) From: 320K(13312K)->320K(6656K)
[412.665s][info][gc,heap     ] GC(27) ParOldGen: 41443K(175104K)->41723K(175104K)
[412.665s][info][gc,metaspace] GC(27) Metaspace: 5471K(5632K)->5471K(5632K) NonClass: 4962K(5056K)->4962K(5056K) Class: 508K(576K)->508K(576K)
[412.665s][info][gc          ] GC(27) Pause Young (Allocation Failure) 109M->41M(244M) 4.132ms
[412.665s][info][gc,cpu      ] GC(27) User=0.01s Sys=0.00s Real=0.01s
[420.807s][info][gc,start    ] GC(28) Pause Young (Allocation Failure)
[420.821s][info][gc,heap     ] GC(28) PSYoungGen: 68928K(75264K)->10033K(78848K) Eden: 68608K(68608K)->0K(67072K) From: 320K(6656K)->10033K(11776K)
[420.821s][info][gc,heap     ] GC(28) ParOldGen: 41723K(175104K)->42011K(175104K)
[420.821s][info][gc,metaspace] GC(28) Metaspace: 5480K(5632K)->5480K(5632K) NonClass: 4971K(5056K)->4971K(5056K) Class: 508K(576K)->508K(576K)
[420.821s][info][gc          ] GC(28) Pause Young (Allocation Failure) 108M->50M(248M) 14.184ms
[420.821s][info][gc,cpu      ] GC(28) User=0.03s Sys=0.00s Real=0.01s
[436.800s][info][gc,start    ] GC(29) Pause Young (Allocation Failure)
[436.819s][info][gc,heap     ] GC(29) PSYoungGen: 77105K(78848K)->1233K(76800K) Eden: 67072K(67072K)->0K(65536K) From: 10033K(11776K)->1233K(11264K)
[436.819s][info][gc,heap     ] GC(29) ParOldGen: 42011K(175104K)->51773K(175104K)
[436.819s][info][gc,metaspace] GC(29) Metaspace: 5509K(5632K)->5509K(5632K) NonClass: 5000K(5056K)->5000K(5056K) Class: 508K(576K)->508K(576K)
[436.819s][info][gc          ] GC(29) Pause Young (Allocation Failure) 116M->51M(246M) 19.542ms
[436.819s][info][gc,cpu      ] GC(29) User=0.03s Sys=0.01s Real=0.02s
[447.267s][info][gc,start    ] GC(30) Pause Young (Allocation Failure)
[447.271s][info][gc,heap     ] GC(30) PSYoungGen: 66769K(76800K)->64K(64512K) Eden: 65536K(65536K)->0K(64000K) From: 1233K(11264K)->64K(512K)
[447.271s][info][gc,heap     ] GC(30) ParOldGen: 51773K(175104K)->52917K(175104K)
[447.271s][info][gc,metaspace] GC(30) Metaspace: 5511K(5632K)->5511K(5632K) NonClass: 5002K(5056K)->5002K(5056K) Class: 508K(576K)->508K(576K)
[447.271s][info][gc          ] GC(30) Pause Young (Allocation Failure) 115M->51M(234M) 3.174ms
[447.271s][info][gc,cpu      ] GC(30) User=0.00s Sys=0.00s Real=0.00s
[455.737s][info][gc,start    ] GC(31) Pause Young (Allocation Failure)
[455.738s][info][gc,heap     ] GC(31) PSYoungGen: 64064K(64512K)->320K(74240K) Eden: 64000K(64000K)->0K(63488K) From: 64K(512K)->320K(10752K)
[455.738s][info][gc,heap     ] GC(31) ParOldGen: 52917K(175104K)->52925K(175104K)
[455.738s][info][gc,metaspace] GC(31) Metaspace: 5511K(5632K)->5511K(5632K) NonClass: 5002K(5056K)->5002K(5056K) Class: 508K(576K)->508K(576K)
[455.738s][info][gc          ] GC(31) Pause Young (Allocation Failure) 114M->51M(243M) 1.542ms
[455.738s][info][gc,cpu      ] GC(31) User=0.01s Sys=0.00s Real=0.00s
[464.068s][info][gc,start    ] GC(32) Pause Young (Allocation Failure)
[464.070s][info][gc,heap     ] GC(32) PSYoungGen: 63808K(74240K)->288K(75264K) Eden: 63488K(63488K)->0K(63488K) From: 320K(10752K)->288K(11776K)
[464.070s][info][gc,heap     ] GC(32) ParOldGen: 52925K(175104K)->53221K(175104K)
[464.070s][info][gc,metaspace] GC(32) Metaspace: 5511K(5632K)->5511K(5632K) NonClass: 5002K(5056K)->5002K(5056K) Class: 508K(576K)->508K(576K)
[464.070s][info][gc          ] GC(32) Pause Young (Allocation Failure) 113M->52M(244M) 1.735ms
[464.070s][info][gc,cpu      ] GC(32) User=0.00s Sys=0.00s Real=0.00s
[473.210s][info][gc,start    ] GC(33) Pause Young (Allocation Failure)
[473.212s][info][gc,heap     ] GC(33) PSYoungGen: 63776K(75264K)->320K(76288K) Eden: 63488K(63488K)->0K(65024K) From: 288K(11776K)->320K(11264K)
[473.212s][info][gc,heap     ] GC(33) ParOldGen: 53221K(175104K)->53477K(175104K)
[473.212s][info][gc,metaspace] GC(33) Metaspace: 5511K(5632K)->5511K(5632K) NonClass: 5002K(5056K)->5002K(5056K) Class: 508K(576K)->508K(576K)
[473.212s][info][gc          ] GC(33) Pause Young (Allocation Failure) 114M->52M(245M) 2.076ms
[473.212s][info][gc,cpu      ] GC(33) User=0.00s Sys=0.01s Real=0.00s
[482.708s][info][gc,start    ] GC(34) Pause Young (Allocation Failure)
[482.710s][info][gc,heap     ] GC(34) PSYoungGen: 65344K(76288K)->320K(75776K) Eden: 65024K(65024K)->0K(65024K) From: 320K(11264K)->320K(10752K)
[482.710s][info][gc,heap     ] GC(34) ParOldGen: 53477K(175104K)->53749K(175104K)
[482.710s][info][gc,metaspace] GC(34) Metaspace: 5511K(5632K)->5511K(5632K) NonClass: 5002K(5056K)->5002K(5056K) Class: 508K(576K)->508K(576K)
[482.710s][info][gc          ] GC(34) Pause Young (Allocation Failure) 116M->52M(245M) 2.362ms
[482.710s][info][gc,cpu      ] GC(34) User=0.01s Sys=0.01s Real=0.00s
[491.137s][info][gc,start    ] GC(35) Pause Young (Allocation Failure)
[491.139s][info][gc,heap     ] GC(35) PSYoungGen: 65344K(75776K)->320K(77312K) Eden: 65024K(65024K)->0K(67072K) From: 320K(10752K)->320K(10240K)
[491.139s][info][gc,heap     ] GC(35) ParOldGen: 53749K(175104K)->54013K(175104K)
[491.139s][info][gc,metaspace] GC(35) Metaspace: 5511K(5632K)->5511K(5632K) NonClass: 5002K(5056K)->5002K(5056K) Class: 508K(576K)->508K(576K)
[491.139s][info][gc          ] GC(35) Pause Young (Allocation Failure) 116M->53M(246M) 1.762ms
[491.139s][info][gc,cpu      ] GC(35) User=0.00s Sys=0.00s Real=0.00s
[500.846s][info][gc,start    ] GC(36) Pause Young (Allocation Failure)
[500.848s][info][gc,heap     ] GC(36) PSYoungGen: 67392K(77312K)->320K(76800K) Eden: 67072K(67072K)->0K(67072K) From: 320K(10240K)->320K(9728K)
[500.848s][info][gc,heap     ] GC(36) ParOldGen: 54013K(175104K)->54285K(175104K)
[500.848s][info][gc,metaspace] GC(36) Metaspace: 5511K(5632K)->5511K(5632K) NonClass: 5002K(5056K)->5002K(5056K) Class: 508K(576K)->508K(576K)
[500.848s][info][gc          ] GC(36) Pause Young (Allocation Failure) 118M->53M(246M) 2.186ms
[500.848s][info][gc,cpu      ] GC(36) User=0.00s Sys=0.00s Real=0.00s
[511.729s][info][gc,start    ] GC(37) Pause Young (Allocation Failure)
[511.731s][info][gc,heap     ] GC(37) PSYoungGen: 67392K(76800K)->288K(78848K) Eden: 67072K(67072K)->0K(70144K) From: 320K(9728K)->288K(8704K)
[511.731s][info][gc,heap     ] GC(37) ParOldGen: 54285K(175104K)->54557K(175104K)
[511.731s][info][gc,metaspace] GC(37) Metaspace: 5511K(5632K)->5511K(5632K) NonClass: 5002K(5056K)->5002K(5056K) Class: 508K(576K)->508K(576K)
[511.731s][info][gc          ] GC(37) Pause Young (Allocation Failure) 118M->53M(248M) 2.166ms
[511.731s][info][gc,cpu      ] GC(37) User=0.00s Sys=0.00s Real=0.00s
[522.468s][info][gc,start    ] GC(38) Pause Young (Allocation Failure)
[522.470s][info][gc,heap     ] GC(38) PSYoungGen: 70432K(78848K)->320K(78336K) Eden: 70144K(70144K)->0K(70144K) From: 288K(8704K)->320K(8192K)
[522.470s][info][gc,heap     ] GC(38) ParOldGen: 54557K(175104K)->54837K(175104K)
[522.470s][info][gc,metaspace] GC(38) Metaspace: 5511K(5632K)->5511K(5632K) NonClass: 5002K(5056K)->5002K(5056K) Class: 508K(576K)->508K(576K)
[522.470s][info][gc          ] GC(38) Pause Young (Allocation Failure) 122M->53M(247M) 1.770ms
[522.470s][info][gc,cpu      ] GC(38) User=0.00s Sys=0.00s Real=0.00s
[532.979s][info][gc,start    ] GC(39) Pause Young (Allocation Failure)
[532.980s][info][gc,heap     ] GC(39) PSYoungGen: 70464K(78336K)->320K(79872K) Eden: 70144K(70144K)->0K(72192K) From: 320K(8192K)->320K(7680K)
[532.980s][info][gc,heap     ] GC(39) ParOldGen: 54837K(175104K)->55133K(175104K)
[532.980s][info][gc,metaspace] GC(39) Metaspace: 5511K(5632K)->5511K(5632K) NonClass: 5002K(5056K)->5002K(5056K) Class: 508K(576K)->508K(576K)
[532.980s][info][gc          ] GC(39) Pause Young (Allocation Failure) 122M->54M(249M) 1.760ms
[532.981s][info][gc,cpu      ] GC(39) User=0.00s Sys=0.00s Real=0.00s
[543.287s][info][gc,start    ] GC(40) Pause Young (Allocation Failure)
[543.291s][info][gc,heap     ] GC(40) PSYoungGen: 72512K(79872K)->352K(79360K) Eden: 72192K(72192K)->0K(72192K) From: 320K(7680K)->352K(7168K)
[543.291s][info][gc,heap     ] GC(40) ParOldGen: 55133K(175104K)->55413K(175104K)
[543.291s][info][gc,metaspace] GC(40) Metaspace: 5511K(5632K)->5511K(5632K) NonClass: 5002K(5056K)->5002K(5056K) Class: 508K(576K)->508K(576K)
[543.291s][info][gc          ] GC(40) Pause Young (Allocation Failure) 124M->54M(248M) 3.224ms
[543.291s][info][gc,cpu      ] GC(40) User=0.00s Sys=0.00s Real=0.00s
[553.951s][info][gc,start    ] GC(41) Pause Young (Allocation Failure)
[553.956s][info][gc,heap     ] GC(41) PSYoungGen: 72544K(79360K)->320K(80384K) Eden: 72192K(72192K)->0K(73216K) From: 352K(7168K)->320K(7168K)
[553.956s][info][gc,heap     ] GC(41) ParOldGen: 55413K(175104K)->55709K(175104K)
[553.956s][info][gc,metaspace] GC(41) Metaspace: 5511K(5632K)->5511K(5632K) NonClass: 5002K(5056K)->5002K(5056K) Class: 508K(576K)->508K(576K)
[553.956s][info][gc          ] GC(41) Pause Young (Allocation Failure) 124M->54M(249M) 5.264ms
[553.956s][info][gc,cpu      ] GC(41) User=0.00s Sys=0.00s Real=0.01s
[568.031s][info][gc,start    ] GC(42) Pause Young (Allocation Failure)
[568.049s][info][gc,heap     ] GC(42) PSYoungGen: 73536K(80384K)->6637K(78336K) Eden: 73216K(73216K)->0K(71680K) From: 320K(7168K)->6637K(6656K)
[568.049s][info][gc,heap     ] GC(42) ParOldGen: 55709K(175104K)->60182K(175104K)
[568.049s][info][gc,metaspace] GC(42) Metaspace: 5531K(5696K)->5531K(5696K) NonClass: 5022K(5120K)->5022K(5120K) Class: 508K(576K)->508K(576K)
[568.049s][info][gc          ] GC(42) Pause Young (Allocation Failure) 126M->65M(247M) 18.045ms
[568.049s][info][gc,cpu      ] GC(42) User=0.04s Sys=0.00s Real=0.02s
[580.336s][info][gc,start    ] GC(43) Pause Young (Allocation Failure)
[580.350s][info][gc,heap     ] GC(43) PSYoungGen: 78317K(78336K)->64K(77312K) Eden: 71680K(71680K)->0K(70144K) From: 6637K(6656K)->64K(7168K)
[580.350s][info][gc,heap     ] GC(43) ParOldGen: 60182K(175104K)->66677K(175104K)
[580.350s][info][gc,metaspace] GC(43) Metaspace: 5531K(5696K)->5531K(5696K) NonClass: 5022K(5120K)->5022K(5120K) Class: 508K(576K)->508K(576K)
[580.350s][info][gc          ] GC(43) Pause Young (Allocation Failure) 135M->65M(246M) 14.065ms
[580.351s][info][gc,cpu      ] GC(43) User=0.03s Sys=0.01s Real=0.01s
[590.138s][info][gc,start    ] GC(44) Pause Young (Allocation Failure)
[590.140s][info][gc,heap     ] GC(44) PSYoungGen: 70208K(77312K)->384K(70656K) Eden: 70144K(70144K)->0K(70144K) From: 64K(7168K)->384K(512K)
[590.140s][info][gc,heap     ] GC(44) ParOldGen: 66677K(175104K)->66685K(175104K)
[590.140s][info][gc,metaspace] GC(44) Metaspace: 5531K(5696K)->5531K(5696K) NonClass: 5022K(5120K)->5022K(5120K) Class: 508K(576K)->508K(576K)
[590.140s][info][gc          ] GC(44) Pause Young (Allocation Failure) 133M->65M(240M) 1.751ms
[590.140s][info][gc,cpu      ] GC(44) User=0.01s Sys=0.00s Real=0.00s
[599.477s][info][gc,start    ] GC(45) Pause Young (Allocation Failure)
[599.479s][info][gc,heap     ] GC(45) PSYoungGen: 70528K(70656K)->288K(78848K) Eden: 70144K(70144K)->0K(70144K) From: 384K(512K)->288K(8704K)
[599.479s][info][gc,heap     ] GC(45) ParOldGen: 66685K(175104K)->67013K(175104K)
[599.479s][info][gc,metaspace] GC(45) Metaspace: 5531K(5696K)->5531K(5696K) NonClass: 5022K(5120K)->5022K(5120K) Class: 508K(576K)->508K(576K)
[599.479s][info][gc          ] GC(45) Pause Young (Allocation Failure) 133M->65M(248M) 1.860ms
[599.479s][info][gc,cpu      ] GC(45) User=0.00s Sys=0.00s Real=0.00s
[609.435s][info][gc,start    ] GC(46) Pause Young (Allocation Failure)
[609.436s][info][gc,heap     ] GC(46) PSYoungGen: 70432K(78848K)->352K(78336K) Eden: 70144K(70144K)->0K(70144K) From: 288K(8704K)->352K(8192K)
[609.436s][info][gc,heap     ] GC(46) ParOldGen: 67013K(175104K)->67293K(175104K)
[609.436s][info][gc,metaspace] GC(46) Metaspace: 5531K(5696K)->5531K(5696K) NonClass: 5022K(5120K)->5022K(5120K) Class: 508K(576K)->508K(576K)
[609.436s][info][gc          ] GC(46) Pause Young (Allocation Failure) 134M->66M(247M) 1.856ms
[609.436s][info][gc,cpu      ] GC(46) User=0.00s Sys=0.00s Real=0.01s
[619.509s][info][gc,start    ] GC(47) Pause Young (Allocation Failure)
[619.510s][info][gc,heap     ] GC(47) PSYoungGen: 70496K(78336K)->320K(79360K) Eden: 70144K(70144K)->0K(71680K) From: 352K(8192K)->320K(7680K)
[619.510s][info][gc,heap     ] GC(47) ParOldGen: 67293K(175104K)->67605K(175104K)
[619.510s][info][gc,metaspace] GC(47) Metaspace: 5531K(5696K)->5531K(5696K) NonClass: 5022K(5120K)->5022K(5120K) Class: 508K(576K)->508K(576K)
[619.510s][info][gc          ] GC(47) Pause Young (Allocation Failure) 134M->66M(248M) 1.898ms
[619.511s][info][gc,cpu      ] GC(47) User=0.00s Sys=0.00s Real=0.00s
[629.300s][info][gc,start    ] GC(48) Pause Young (Allocation Failure)
[629.302s][info][gc,heap     ] GC(48) PSYoungGen: 72000K(79360K)->320K(79360K) Eden: 71680K(71680K)->0K(71680K) From: 320K(7680K)->320K(7680K)
[629.302s][info][gc,heap     ] GC(48) ParOldGen: 67605K(175104K)->67885K(175104K)
[629.302s][info][gc,metaspace] GC(48) Metaspace: 5531K(5696K)->5531K(5696K) NonClass: 5022K(5120K)->5022K(5120K) Class: 508K(576K)->508K(576K)
[629.302s][info][gc          ] GC(48) Pause Young (Allocation Failure) 136M->66M(248M) 2.278ms
[629.302s][info][gc,cpu      ] GC(48) User=0.01s Sys=0.00s Real=0.00s
[640.150s][info][gc,start    ] GC(49) Pause Young (Allocation Failure)
[640.152s][info][gc,heap     ] GC(49) PSYoungGen: 72000K(79360K)->352K(80384K) Eden: 71680K(71680K)->0K(73216K) From: 320K(7680K)->352K(7168K)
[640.152s][info][gc,heap     ] GC(49) ParOldGen: 67885K(175104K)->68173K(175104K)
[640.152s][info][gc,metaspace] GC(49) Metaspace: 5531K(5696K)->5531K(5696K) NonClass: 5022K(5120K)->5022K(5120K) Class: 508K(576K)->508K(576K)
[640.152s][info][gc          ] GC(49) Pause Young (Allocation Failure) 136M->66M(249M) 2.161ms
[640.152s][info][gc,cpu      ] GC(49) User=0.00s Sys=0.00s Real=0.00s
[650.458s][info][gc,start    ] GC(50) Pause Young (Allocation Failure)
[650.460s][info][gc,heap     ] GC(50) PSYoungGen: 73568K(80384K)->384K(79872K) Eden: 73216K(73216K)->0K(73216K) From: 352K(7168K)->384K(6656K)
[650.460s][info][gc,heap     ] GC(50) ParOldGen: 68173K(175104K)->68469K(175104K)
[650.460s][info][gc,metaspace] GC(50) Metaspace: 5531K(5696K)->5531K(5696K) NonClass: 5022K(5120K)->5022K(5120K) Class: 508K(576K)->508K(576K)
[650.460s][info][gc          ] GC(50) Pause Young (Allocation Failure) 138M->67M(249M) 2.249ms
[650.460s][info][gc,cpu      ] GC(50) User=0.01s Sys=0.00s Real=0.00s
[661.012s][info][gc,start    ] GC(51) Pause Young (Allocation Failure)
[661.014s][info][gc,heap     ] GC(51) PSYoungGen: 73600K(79872K)->320K(81408K) Eden: 73216K(73216K)->0K(75264K) From: 384K(6656K)->320K(6144K)
[661.014s][info][gc,heap     ] GC(51) ParOldGen: 68469K(175104K)->68765K(175104K)
[661.014s][info][gc,metaspace] GC(51) Metaspace: 5531K(5696K)->5531K(5696K) NonClass: 5022K(5120K)->5022K(5120K) Class: 508K(576K)->508K(576K)
[661.014s][info][gc          ] GC(51) Pause Young (Allocation Failure) 138M->67M(250M) 2.531ms
[661.015s][info][gc,cpu      ] GC(51) User=0.00s Sys=0.00s Real=0.00s
[671.745s][info][gc,start    ] GC(52) Pause Young (Allocation Failure)
[671.747s][info][gc,heap     ] GC(52) PSYoungGen: 75584K(81408K)->320K(80896K) Eden: 75264K(75264K)->0K(75264K) From: 320K(6144K)->320K(5632K)
[671.747s][info][gc,heap     ] GC(52) ParOldGen: 68765K(175104K)->69061K(175104K)
[671.747s][info][gc,metaspace] GC(52) Metaspace: 5531K(5696K)->5531K(5696K) NonClass: 5022K(5120K)->5022K(5120K) Class: 508K(576K)->508K(576K)
[671.747s][info][gc          ] GC(52) Pause Young (Allocation Failure) 140M->67M(250M) 2.041ms
[671.747s][info][gc,cpu      ] GC(52) User=0.00s Sys=0.01s Real=0.00s
[682.124s][info][gc,start    ] GC(53) Pause Young (Allocation Failure)
[682.126s][info][gc,heap     ] GC(53) PSYoungGen: 75584K(80896K)->320K(81920K) Eden: 75264K(75264K)->0K(76288K) From: 320K(5632K)->320K(5632K)
[682.126s][info][gc,heap     ] GC(53) ParOldGen: 69061K(175104K)->69333K(175104K)
[682.126s][info][gc,metaspace] GC(53) Metaspace: 5531K(5696K)->5531K(5696K) NonClass: 5022K(5120K)->5022K(5120K) Class: 508K(576K)->508K(576K)
[682.126s][info][gc          ] GC(53) Pause Young (Allocation Failure) 141M->68M(251M) 1.931ms
[682.126s][info][gc,cpu      ] GC(53) User=0.00s Sys=0.00s Real=0.01s
[696.244s][info][gc,start    ] GC(54) Pause Young (Allocation Failure)
[696.263s][info][gc,heap     ] GC(54) PSYoungGen: 76608K(81920K)->5096K(79360K) Eden: 76288K(76288K)->0K(74240K) From: 320K(5632K)->5096K(5120K)
[696.263s][info][gc,heap     ] GC(54) ParOldGen: 69333K(175104K)->75396K(175104K)
[696.263s][info][gc,metaspace] GC(54) Metaspace: 5557K(5696K)->5557K(5696K) NonClass: 5047K(5120K)->5047K(5120K) Class: 509K(576K)->509K(576K)
[696.263s][info][gc          ] GC(54) Pause Young (Allocation Failure) 142M->78M(248M) 19.377ms
[696.263s][info][gc,cpu      ] GC(54) User=0.03s Sys=0.01s Real=0.02s
[709.993s][info][gc,start    ] GC(55) Pause Young (Allocation Failure)
[710.010s][info][gc,heap     ] GC(55) PSYoungGen: 79336K(79360K)->64K(78848K) Eden: 74240K(74240K)->0K(72704K) From: 5096K(5120K)->64K(6144K)
[710.010s][info][gc,heap     ] GC(55) ParOldGen: 75396K(175104K)->80393K(175104K)
[710.010s][info][gc,metaspace] GC(55) Metaspace: 5557K(5696K)->5557K(5696K) NonClass: 5047K(5120K)->5047K(5120K) Class: 509K(576K)->509K(576K)
[710.010s][info][gc          ] GC(55) Pause Young (Allocation Failure) 151M->78M(248M) 17.509ms
[710.010s][info][gc,cpu      ] GC(55) User=0.03s Sys=0.01s Real=0.02s
[720.235s][info][gc,start    ] GC(56) Pause Young (Allocation Failure)
[720.236s][info][gc,heap     ] GC(56) PSYoungGen: 72768K(78848K)->384K(73216K) Eden: 72704K(72704K)->0K(72704K) From: 64K(6144K)->384K(512K)
[720.236s][info][gc,heap     ] GC(56) ParOldGen: 80393K(175104K)->80401K(175104K)
[720.236s][info][gc,metaspace] GC(56) Metaspace: 5557K(5696K)->5557K(5696K) NonClass: 5047K(5120K)->5047K(5120K) Class: 509K(576K)->509K(576K)
[720.236s][info][gc          ] GC(56) Pause Young (Allocation Failure) 149M->78M(242M) 1.582ms
[720.237s][info][gc,cpu      ] GC(56) User=0.01s Sys=0.00s Real=0.01s
[729.488s][info][gc,start    ] GC(57) Pause Young (Allocation Failure)
[729.490s][info][gc,heap     ] GC(57) PSYoungGen: 73088K(73216K)->320K(79360K) Eden: 72704K(72704K)->0K(71680K) From: 384K(512K)->320K(7680K)
[729.490s][info][gc,heap     ] GC(57) ParOldGen: 80401K(175104K)->80761K(175104K)
[729.490s][info][gc,metaspace] GC(57) Metaspace: 5557K(5696K)->5557K(5696K) NonClass: 5047K(5120K)->5047K(5120K) Class: 509K(576K)->509K(576K)
[729.490s][info][gc          ] GC(57) Pause Young (Allocation Failure) 149M->79M(248M) 2.014ms
[729.490s][info][gc,cpu      ] GC(57) User=0.00s Sys=0.00s Real=0.00s
[739.234s][info][gc,start    ] GC(58) Pause Young (Allocation Failure)
[739.236s][info][gc,heap     ] GC(58) PSYoungGen: 72000K(79360K)->352K(79360K) Eden: 71680K(71680K)->0K(71680K) From: 320K(7680K)->352K(7680K)
[739.236s][info][gc,heap     ] GC(58) ParOldGen: 80761K(175104K)->81065K(175104K)
[739.236s][info][gc,metaspace] GC(58) Metaspace: 5557K(5696K)->5557K(5696K) NonClass: 5047K(5120K)->5047K(5120K) Class: 509K(576K)->509K(576K)
[739.236s][info][gc          ] GC(58) Pause Young (Allocation Failure) 149M->79M(248M) 2.081ms
[739.236s][info][gc,cpu      ] GC(58) User=0.01s Sys=0.00s Real=0.01s
[749.164s][info][gc,start    ] GC(59) Pause Young (Allocation Failure)
[749.166s][info][gc,heap     ] GC(59) PSYoungGen: 72032K(79360K)->320K(80384K) Eden: 71680K(71680K)->0K(73216K) From: 352K(7680K)->320K(7168K)
[749.166s][info][gc,heap     ] GC(59) ParOldGen: 81065K(175104K)->81369K(175104K)
[749.166s][info][gc,metaspace] GC(59) Metaspace: 5557K(5696K)->5557K(5696K) NonClass: 5047K(5120K)->5047K(5120K) Class: 509K(576K)->509K(576K)
[749.166s][info][gc          ] GC(59) Pause Young (Allocation Failure) 149M->79M(249M) 1.983ms
[749.166s][info][gc,cpu      ] GC(59) User=0.01s Sys=0.01s Real=0.01s
[758.938s][info][gc,start    ] GC(60) Pause Young (Allocation Failure)
[758.940s][info][gc,heap     ] GC(60) PSYoungGen: 73536K(80384K)->352K(79872K) Eden: 73216K(73216K)->0K(73216K) From: 320K(7168K)->352K(6656K)
[758.940s][info][gc,heap     ] GC(60) ParOldGen: 81369K(175104K)->81657K(175104K)
[758.940s][info][gc,metaspace] GC(60) Metaspace: 5557K(5696K)->5557K(5696K) NonClass: 5047K(5120K)->5047K(5120K) Class: 509K(576K)->509K(576K)
[758.940s][info][gc          ] GC(60) Pause Young (Allocation Failure) 151M->80M(249M) 1.918ms
[758.940s][info][gc,cpu      ] GC(60) User=0.00s Sys=0.00s Real=0.00s
[769.175s][info][gc,start    ] GC(61) Pause Young (Allocation Failure)
[769.177s][info][gc,heap     ] GC(61) PSYoungGen: 73568K(79872K)->352K(80896K) Eden: 73216K(73216K)->0K(74752K) From: 352K(6656K)->352K(6144K)
[769.177s][info][gc,heap     ] GC(61) ParOldGen: 81657K(175104K)->81961K(175104K)
[769.177s][info][gc,metaspace] GC(61) Metaspace: 5557K(5696K)->5557K(5696K) NonClass: 5047K(5120K)->5047K(5120K) Class: 509K(576K)->509K(576K)
[769.177s][info][gc          ] GC(61) Pause Young (Allocation Failure) 151M->80M(250M) 1.899ms
[769.177s][info][gc,cpu      ] GC(61) User=0.00s Sys=0.00s Real=0.00s
[779.520s][info][gc,start    ] GC(62) Pause Young (Allocation Failure)
[779.523s][info][gc,heap     ] GC(62) PSYoungGen: 75104K(80896K)->320K(80896K) Eden: 74752K(74752K)->0K(74752K) From: 352K(6144K)->320K(6144K)
[779.523s][info][gc,heap     ] GC(62) ParOldGen: 81961K(175104K)->82265K(175104K)
[779.523s][info][gc,metaspace] GC(62) Metaspace: 5557K(5696K)->5557K(5696K) NonClass: 5047K(5120K)->5047K(5120K) Class: 509K(576K)->509K(576K)
[779.523s][info][gc          ] GC(62) Pause Young (Allocation Failure) 153M->80M(250M) 2.260ms
[779.523s][info][gc,cpu      ] GC(62) User=0.00s Sys=0.00s Real=0.00s
[790.312s][info][gc,start    ] GC(63) Pause Young (Allocation Failure)
[790.315s][info][gc,heap     ] GC(63) PSYoungGen: 75072K(80896K)->320K(81920K) Eden: 74752K(74752K)->0K(76288K) From: 320K(6144K)->320K(5632K)
[790.315s][info][gc,heap     ] GC(63) ParOldGen: 82265K(175104K)->82561K(175104K)
[790.315s][info][gc,metaspace] GC(63) Metaspace: 5557K(5696K)->5557K(5696K) NonClass: 5047K(5120K)->5047K(5120K) Class: 509K(576K)->509K(576K)
[790.315s][info][gc          ] GC(63) Pause Young (Allocation Failure) 153M->80M(251M) 2.481ms
[790.315s][info][gc,cpu      ] GC(63) User=0.01s Sys=0.00s Real=0.00s
[800.523s][info][gc,start    ] GC(64) Pause Young (Allocation Failure)
[800.525s][info][gc,heap     ] GC(64) PSYoungGen: 76608K(81920K)->320K(81408K) Eden: 76288K(76288K)->0K(76288K) From: 320K(5632K)->320K(5120K)
[800.525s][info][gc,heap     ] GC(64) ParOldGen: 82561K(175104K)->82857K(175104K)
[800.525s][info][gc,metaspace] GC(64) Metaspace: 5557K(5696K)->5557K(5696K) NonClass: 5047K(5120K)->5047K(5120K) Class: 509K(576K)->509K(576K)
[800.525s][info][gc          ] GC(64) Pause Young (Allocation Failure) 155M->81M(250M) 2.857ms
[800.525s][info][gc,cpu      ] GC(64) User=0.00s Sys=0.00s Real=0.01s
[810.306s][info][gc,start    ] GC(65) Pause Young (Allocation Failure)
[810.308s][info][gc,heap     ] GC(65) PSYoungGen: 76608K(81408K)->320K(82432K) Eden: 76288K(76288K)->0K(77312K) From: 320K(5120K)->320K(5120K)
[810.308s][info][gc,heap     ] GC(65) ParOldGen: 82857K(175104K)->83145K(175104K)
[810.308s][info][gc,metaspace] GC(65) Metaspace: 5557K(5696K)->5557K(5696K) NonClass: 5047K(5120K)->5047K(5120K) Class: 509K(576K)->509K(576K)
[810.308s][info][gc          ] GC(65) Pause Young (Allocation Failure) 155M->81M(251M) 2.014ms
[810.308s][info][gc,cpu      ] GC(65) User=0.00s Sys=0.00s Real=0.00s
[824.081s][info][gc,start    ] GC(66) Pause Young (Allocation Failure)
[824.104s][info][gc,heap     ] GC(66) PSYoungGen: 77632K(82432K)->4582K(79872K) Eden: 77312K(77312K)->0K(75264K) From: 320K(5120K)->4582K(4608K)
[824.104s][info][gc,heap     ] GC(66) ParOldGen: 83145K(175104K)->89698K(175104K)
[824.104s][info][gc,metaspace] GC(66) Metaspace: 5569K(5760K)->5569K(5760K) NonClass: 5059K(5184K)->5059K(5184K) Class: 509K(576K)->509K(576K)
[824.104s][info][gc          ] GC(66) Pause Young (Allocation Failure) 157M->92M(249M) 22.948ms
[824.104s][info][gc,cpu      ] GC(66) User=0.03s Sys=0.00s Real=0.02s
[836.615s][info][gc,start    ] GC(67) Pause Young (Allocation Failure)
[836.628s][info][gc,heap     ] GC(67) PSYoungGen: 79846K(79872K)->640K(79360K) Eden: 75264K(75264K)->0K(73728K) From: 4582K(4608K)->640K(5632K)
[836.628s][info][gc,heap     ] GC(67) ParOldGen: 89698K(175104K)->94220K(175104K)
[836.628s][info][gc,metaspace] GC(67) Metaspace: 5569K(5760K)->5569K(5760K) NonClass: 5059K(5184K)->5059K(5184K) Class: 509K(576K)->509K(576K)
[836.628s][info][gc          ] GC(67) Pause Young (Allocation Failure) 165M->92M(248M) 12.426ms
[836.628s][info][gc,cpu      ] GC(67) User=0.02s Sys=0.00s Real=0.01s
[846.798s][info][gc,start    ] GC(68) Pause Young (Allocation Failure)
[846.801s][info][gc,heap     ] GC(68) PSYoungGen: 74368K(79360K)->384K(74240K) Eden: 73728K(73728K)->0K(73728K) From: 640K(5632K)->384K(512K)
[846.801s][info][gc,heap     ] GC(68) ParOldGen: 94220K(175104K)->94820K(175104K)
[846.801s][info][gc,metaspace] GC(68) Metaspace: 5569K(5760K)->5569K(5760K) NonClass: 5059K(5184K)->5059K(5184K) Class: 509K(576K)->509K(576K)
[846.802s][info][gc          ] GC(68) Pause Young (Allocation Failure) 164M->92M(243M) 3.971ms
[846.802s][info][gc,cpu      ] GC(68) User=0.00s Sys=0.00s Real=0.00s
[856.163s][info][gc,start    ] GC(69) Pause Young (Allocation Failure)
[856.167s][info][gc,heap     ] GC(69) PSYoungGen: 74112K(74240K)->320K(79872K) Eden: 73728K(73728K)->0K(72704K) From: 384K(512K)->320K(7168K)
[856.167s][info][gc,heap     ] GC(69) ParOldGen: 94820K(175104K)->95180K(175104K)
[856.167s][info][gc,metaspace] GC(69) Metaspace: 5569K(5760K)->5569K(5760K) NonClass: 5059K(5184K)->5059K(5184K) Class: 509K(576K)->509K(576K)
[856.167s][info][gc          ] GC(69) Pause Young (Allocation Failure) 164M->93M(249M) 3.368ms
[856.167s][info][gc,cpu      ] GC(69) User=0.00s Sys=0.01s Real=0.01s
[866.594s][info][gc,start    ] GC(70) Pause Young (Allocation Failure)
[866.596s][info][gc,heap     ] GC(70) PSYoungGen: 73024K(79872K)->384K(79872K) Eden: 72704K(72704K)->0K(72704K) From: 320K(7168K)->384K(7168K)
[866.596s][info][gc,heap     ] GC(70) ParOldGen: 95180K(175104K)->95484K(175104K)
[866.596s][info][gc,metaspace] GC(70) Metaspace: 5569K(5760K)->5569K(5760K) NonClass: 5059K(5184K)->5059K(5184K) Class: 509K(576K)->509K(576K)
[866.596s][info][gc          ] GC(70) Pause Young (Allocation Failure) 164M->93M(249M) 1.985ms
[866.596s][info][gc,cpu      ] GC(70) User=0.00s Sys=0.00s Real=0.01s
[876.307s][info][gc,start    ] GC(71) Pause Young (Allocation Failure)
[876.309s][info][gc,heap     ] GC(71) PSYoungGen: 73088K(79872K)->352K(80896K) Eden: 72704K(72704K)->0K(74240K) From: 384K(7168K)->352K(6656K)
[876.309s][info][gc,heap     ] GC(71) ParOldGen: 95484K(175104K)->95796K(175104K)
[876.309s][info][gc,metaspace] GC(71) Metaspace: 5569K(5760K)->5569K(5760K) NonClass: 5059K(5184K)->5059K(5184K) Class: 509K(576K)->509K(576K)
[876.309s][info][gc          ] GC(71) Pause Young (Allocation Failure) 164M->93M(250M) 1.908ms
[876.309s][info][gc,cpu      ] GC(71) User=0.01s Sys=0.00s Real=0.00s
[885.888s][info][gc,start    ] GC(72) Pause Young (Allocation Failure)
[885.889s][info][gc,heap     ] GC(72) PSYoungGen: 74592K(80896K)->352K(80384K) Eden: 74240K(74240K)->0K(74240K) From: 352K(6656K)->352K(6144K)
[885.889s][info][gc,heap     ] GC(72) ParOldGen: 95796K(175104K)->96092K(175104K)
[885.889s][info][gc,metaspace] GC(72) Metaspace: 5569K(5760K)->5569K(5760K) NonClass: 5059K(5184K)->5059K(5184K) Class: 509K(576K)->509K(576K)
[885.889s][info][gc          ] GC(72) Pause Young (Allocation Failure) 166M->94M(249M) 1.953ms
[885.889s][info][gc,cpu      ] GC(72) User=0.00s Sys=0.00s Real=0.00s
[896.421s][info][gc,start    ] GC(73) Pause Young (Allocation Failure)
[896.426s][info][gc,heap     ] GC(73) PSYoungGen: 74592K(80384K)->416K(81408K) Eden: 74240K(74240K)->0K(75264K) From: 352K(6144K)->416K(6144K)
[896.426s][info][gc,heap     ] GC(73) ParOldGen: 96092K(175104K)->96388K(175104K)
[896.426s][info][gc,metaspace] GC(73) Metaspace: 5569K(5760K)->5569K(5760K) NonClass: 5059K(5184K)->5059K(5184K) Class: 509K(576K)->509K(576K)
[896.426s][info][gc          ] GC(73) Pause Young (Allocation Failure) 166M->94M(250M) 4.984ms
[896.426s][info][gc,cpu      ] GC(73) User=0.01s Sys=0.00s Real=0.01s
[907.034s][info][gc,start    ] GC(74) Pause Young (Allocation Failure)
[907.038s][info][gc,heap     ] GC(74) PSYoungGen: 75680K(81408K)->352K(80896K) Eden: 75264K(75264K)->0K(75264K) From: 416K(6144K)->352K(5632K)
[907.038s][info][gc,heap     ] GC(74) ParOldGen: 96388K(175104K)->96708K(175104K)
[907.038s][info][gc,metaspace] GC(74) Metaspace: 5569K(5760K)->5569K(5760K) NonClass: 5059K(5184K)->5059K(5184K) Class: 509K(576K)->509K(576K)
[907.038s][info][gc          ] GC(74) Pause Young (Allocation Failure) 168M->94M(250M) 4.635ms
[907.038s][info][gc,cpu      ] GC(74) User=0.00s Sys=0.00s Real=0.01s
[918.582s][info][gc,start    ] GC(75) Pause Young (Allocation Failure)
[918.585s][info][gc,heap     ] GC(75) PSYoungGen: 75616K(80896K)->352K(81920K) Eden: 75264K(75264K)->0K(76288K) From: 352K(5632K)->352K(5632K)
[918.585s][info][gc,heap     ] GC(75) ParOldGen: 96708K(175104K)->97012K(175104K)
[918.585s][info][gc,metaspace] GC(75) Metaspace: 5569K(5760K)->5569K(5760K) NonClass: 5059K(5184K)->5059K(5184K) Class: 509K(576K)->509K(576K)
[918.585s][info][gc          ] GC(75) Pause Young (Allocation Failure) 168M->95M(251M) 2.621ms
[918.585s][info][gc,cpu      ] GC(75) User=0.00s Sys=0.00s Real=0.00s
[928.820s][info][gc,start    ] GC(76) Pause Young (Allocation Failure)
[928.822s][info][gc,heap     ] GC(76) PSYoungGen: 76639K(81920K)->352K(81408K) Eden: 76287K(76288K)->0K(76288K) From: 352K(5632K)->352K(5120K)
[928.822s][info][gc,heap     ] GC(76) ParOldGen: 97012K(175104K)->97316K(175104K)
[928.822s][info][gc,metaspace] GC(76) Metaspace: 5569K(5760K)->5569K(5760K) NonClass: 5059K(5184K)->5059K(5184K) Class: 509K(576K)->509K(576K)
[928.822s][info][gc          ] GC(76) Pause Young (Allocation Failure) 169M->95M(250M) 1.985ms
[928.822s][info][gc,cpu      ] GC(76) User=0.01s Sys=0.00s Real=0.00s
[938.622s][info][gc,start    ] GC(77) Pause Young (Allocation Failure)
[938.623s][info][gc,heap     ] GC(77) PSYoungGen: 76640K(81408K)->320K(82432K) Eden: 76288K(76288K)->0K(77824K) From: 352K(5120K)->320K(4608K)
[938.623s][info][gc,heap     ] GC(77) ParOldGen: 97316K(175104K)->97612K(175104K)
[938.623s][info][gc,metaspace] GC(77) Metaspace: 5569K(5760K)->5569K(5760K) NonClass: 5059K(5184K)->5059K(5184K) Class: 509K(576K)->509K(576K)
[938.623s][info][gc          ] GC(77) Pause Young (Allocation Failure) 169M->95M(251M) 1.928ms
[938.623s][info][gc,cpu      ] GC(77) User=0.00s Sys=0.00s Real=0.00s
[952.110s][info][gc,start    ] GC(78) Pause Young (Allocation Failure)
[952.135s][info][gc,heap     ] GC(78) PSYoungGen: 78144K(82432K)->4584K(80384K) Eden: 77824K(77824K)->0K(75776K) From: 320K(4608K)->4584K(4608K)
[952.135s][info][gc,heap     ] GC(78) ParOldGen: 97612K(175104K)->104172K(175104K)
[952.135s][info][gc,metaspace] GC(78) Metaspace: 5622K(5824K)->5622K(5824K) NonClass: 5113K(5248K)->5113K(5248K) Class: 509K(576K)->509K(576K)
[952.135s][info][gc          ] GC(78) Pause Young (Allocation Failure) 171M->106M(249M) 24.943ms
[952.135s][info][gc,cpu      ] GC(78) User=0.03s Sys=0.01s Real=0.03s
[964.932s][info][gc,start    ] GC(79) Pause Young (Allocation Failure)
[964.943s][info][gc,heap     ] GC(79) PSYoungGen: 80360K(80384K)->64K(79872K) Eden: 75776K(75776K)->0K(74240K) From: 4584K(4608K)->64K(5632K)
[964.943s][info][gc,heap     ] GC(79) ParOldGen: 104172K(175104K)->108652K(175104K)
[964.943s][info][gc,metaspace] GC(79) Metaspace: 5622K(5824K)->5622K(5824K) NonClass: 5113K(5248K)->5113K(5248K) Class: 509K(576K)->509K(576K)
[964.943s][info][gc          ] GC(79) Pause Young (Allocation Failure) 180M->106M(249M) 10.663ms
[964.943s][info][gc,cpu      ] GC(79) User=0.02s Sys=0.01s Real=0.01s
[975.049s][info][gc,start    ] GC(80) Pause Young (Allocation Failure)
[975.051s][info][gc,heap     ] GC(80) PSYoungGen: 74304K(79872K)->384K(74752K) Eden: 74240K(74240K)->0K(74240K) From: 64K(5632K)->384K(512K)
[975.051s][info][gc,heap     ] GC(80) ParOldGen: 108652K(175104K)->108668K(175104K)
[975.051s][info][gc,metaspace] GC(80) Metaspace: 5623K(5824K)->5623K(5824K) NonClass: 5113K(5248K)->5113K(5248K) Class: 509K(576K)->509K(576K)
[975.051s][info][gc          ] GC(80) Pause Young (Allocation Failure) 178M->106M(244M) 1.696ms
[975.051s][info][gc,cpu      ] GC(80) User=0.01s Sys=0.00s Real=0.00s
[984.493s][info][gc,start    ] GC(81) Pause Young (Allocation Failure)
[984.495s][info][gc,heap     ] GC(81) PSYoungGen: 74623K(74752K)->352K(79872K) Eden: 74239K(74240K)->0K(72704K) From: 384K(512K)->352K(7168K)
[984.495s][info][gc,heap     ] GC(81) ParOldGen: 108668K(175104K)->109028K(175104K)
[984.495s][info][gc,metaspace] GC(81) Metaspace: 5623K(5824K)->5623K(5824K) NonClass: 5113K(5248K)->5113K(5248K) Class: 509K(576K)->509K(576K)
[984.495s][info][gc          ] GC(81) Pause Young (Allocation Failure) 178M->106M(249M) 2.265ms
[984.495s][info][gc,cpu      ] GC(81) User=0.01s Sys=0.00s Real=0.01s
[995.321s][info][gc,start    ] GC(82) Pause Young (Allocation Failure)
[995.323s][info][gc,heap     ] GC(82) PSYoungGen: 73056K(79872K)->384K(79872K) Eden: 72704K(72704K)->0K(72704K) From: 352K(7168K)->384K(7168K)
[995.323s][info][gc,heap     ] GC(82) ParOldGen: 109028K(175104K)->109332K(175104K)
[995.323s][info][gc,metaspace] GC(82) Metaspace: 5623K(5824K)->5623K(5824K) NonClass: 5113K(5248K)->5113K(5248K) Class: 509K(576K)->509K(576K)
[995.323s][info][gc          ] GC(82) Pause Young (Allocation Failure) 177M->107M(249M) 1.970ms
[995.323s][info][gc,cpu      ] GC(82) User=0.00s Sys=0.00s Real=0.00s
[1005.404s][info][gc,start    ] GC(83) Pause Young (Allocation Failure)
[1005.406s][info][gc,heap     ] GC(83) PSYoungGen: 73088K(79872K)->320K(80896K) Eden: 72704K(72704K)->0K(74240K) From: 384K(7168K)->320K(6656K)
[1005.406s][info][gc,heap     ] GC(83) ParOldGen: 109332K(175104K)->109644K(175104K)
[1005.406s][info][gc,metaspace] GC(83) Metaspace: 5623K(5824K)->5623K(5824K) NonClass: 5113K(5248K)->5113K(5248K) Class: 509K(576K)->509K(576K)
[1005.406s][info][gc          ] GC(83) Pause Young (Allocation Failure) 178M->107M(250M) 1.958ms
[1005.406s][info][gc,cpu      ] GC(83) User=0.00s Sys=0.00s Real=0.01s
[1015.129s][info][gc,start    ] GC(84) Pause Young (Allocation Failure)
[1015.131s][info][gc,heap     ] GC(84) PSYoungGen: 74560K(80896K)->320K(80384K) Eden: 74240K(74240K)->0K(74240K) From: 320K(6656K)->320K(6144K)
[1015.131s][info][gc,heap     ] GC(84) ParOldGen: 109644K(175104K)->109940K(175104K)
[1015.131s][info][gc,metaspace] GC(84) Metaspace: 5623K(5824K)->5623K(5824K) NonClass: 5113K(5248K)->5113K(5248K) Class: 509K(576K)->509K(576K)
[1015.131s][info][gc          ] GC(84) Pause Young (Allocation Failure) 179M->107M(249M) 2.062ms
[1015.131s][info][gc,cpu      ] GC(84) User=0.00s Sys=0.00s Real=0.00s
[1026.099s][info][gc,start    ] GC(85) Pause Young (Allocation Failure)
[1026.101s][info][gc,heap     ] GC(85) PSYoungGen: 74560K(80384K)->352K(81408K) Eden: 74240K(74240K)->0K(75264K) From: 320K(6144K)->352K(6144K)
[1026.101s][info][gc,heap     ] GC(85) ParOldGen: 109940K(175104K)->110244K(175104K)
[1026.101s][info][gc,metaspace] GC(85) Metaspace: 5623K(5824K)->5623K(5824K) NonClass: 5113K(5248K)->5113K(5248K) Class: 509K(576K)->509K(576K)
[1026.101s][info][gc          ] GC(85) Pause Young (Allocation Failure) 180M->108M(250M) 2.073ms
[1026.101s][info][gc,cpu      ] GC(85) User=0.01s Sys=0.00s Real=0.00s
[1037.263s][info][gc,start    ] GC(86) Pause Young (Allocation Failure)
[1037.265s][info][gc,heap     ] GC(86) PSYoungGen: 75616K(81408K)->352K(80896K) Eden: 75264K(75264K)->0K(75264K) From: 352K(6144K)->352K(5632K)
[1037.265s][info][gc,heap     ] GC(86) ParOldGen: 110244K(175104K)->110548K(175104K)
[1037.265s][info][gc,metaspace] GC(86) Metaspace: 5623K(5824K)->5623K(5824K) NonClass: 5113K(5248K)->5113K(5248K) Class: 509K(576K)->509K(576K)
[1037.265s][info][gc          ] GC(86) Pause Young (Allocation Failure) 181M->108M(250M) 2.086ms
[1037.265s][info][gc,cpu      ] GC(86) User=0.00s Sys=0.00s Real=0.01s
[1046.481s][info][gc,start    ] GC(87) Pause Young (Allocation Failure)
[1046.483s][info][gc,heap     ] GC(87) PSYoungGen: 75616K(80896K)->320K(81920K) Eden: 75264K(75264K)->0K(76800K) From: 352K(5632K)->320K(5120K)
[1046.483s][info][gc,heap     ] GC(87) ParOldGen: 110548K(175104K)->110860K(175104K)
[1046.483s][info][gc,metaspace] GC(87) Metaspace: 5623K(5824K)->5623K(5824K) NonClass: 5113K(5248K)->5113K(5248K) Class: 509K(576K)->509K(576K)
[1046.483s][info][gc          ] GC(87) Pause Young (Allocation Failure) 181M->108M(251M) 2.073ms
[1046.483s][info][gc,cpu      ] GC(87) User=0.01s Sys=0.00s Real=0.00s
[1058.034s][info][gc,start    ] GC(88) Pause Young (Allocation Failure)
[1058.036s][info][gc,heap     ] GC(88) PSYoungGen: 77120K(81920K)->352K(81920K) Eden: 76800K(76800K)->0K(76800K) From: 320K(5120K)->352K(5120K)
[1058.036s][info][gc,heap     ] GC(88) ParOldGen: 110860K(175104K)->111140K(175104K)
[1058.036s][info][gc,metaspace] GC(88) Metaspace: 5623K(5824K)->5623K(5824K) NonClass: 5113K(5248K)->5113K(5248K) Class: 509K(576K)->509K(576K)
[1058.036s][info][gc          ] GC(88) Pause Young (Allocation Failure) 183M->108M(251M) 2.032ms
[1058.036s][info][gc,cpu      ] GC(88) User=0.00s Sys=0.00s Real=0.01s
[1068.448s][info][gc,start    ] GC(89) Pause Young (Allocation Failure)
[1068.450s][info][gc,heap     ] GC(89) PSYoungGen: 77152K(81920K)->384K(82432K) Eden: 76800K(76800K)->0K(77824K) From: 352K(5120K)->384K(4608K)
[1068.450s][info][gc,heap     ] GC(89) ParOldGen: 111140K(175104K)->111428K(175104K)
[1068.450s][info][gc,metaspace] GC(89) Metaspace: 5623K(5824K)->5623K(5824K) NonClass: 5113K(5248K)->5113K(5248K) Class: 509K(576K)->509K(576K)
[1068.450s][info][gc          ] GC(89) Pause Young (Allocation Failure) 183M->109M(251M) 2.566ms
[1068.451s][info][gc,cpu      ] GC(89) User=0.00s Sys=0.00s Real=0.00s
[1082.653s][info][gc,start    ] GC(90) Pause Young (Allocation Failure)
[1082.673s][info][gc,heap     ] GC(90) PSYoungGen: 78208K(82432K)->4588K(80384K) Eden: 77824K(77824K)->0K(75776K) From: 384K(4608K)->4588K(4608K)
[1082.673s][info][gc,heap     ] GC(90) ParOldGen: 111428K(175104K)->117932K(175104K)
[1082.673s][info][gc,metaspace] GC(90) Metaspace: 5626K(5824K)->5626K(5824K) NonClass: 5116K(5248K)->5116K(5248K) Class: 509K(576K)->509K(576K)
[1082.673s][info][gc          ] GC(90) Pause Young (Allocation Failure) 185M->119M(249M) 20.209ms
[1082.673s][info][gc,cpu      ] GC(90) User=0.03s Sys=0.01s Real=0.02s
[1094.076s][info][gc,start    ] GC(91) Pause Young (Allocation Failure)
[1094.093s][info][gc,heap     ] GC(91) PSYoungGen: 80364K(80384K)->544K(79872K) Eden: 75776K(75776K)->0K(74240K) From: 4588K(4608K)->544K(5632K)
[1094.093s][info][gc,heap     ] GC(91) ParOldGen: 117932K(175104K)->122428K(175104K)
[1094.093s][info][gc,metaspace] GC(91) Metaspace: 5626K(5824K)->5626K(5824K) NonClass: 5116K(5248K)->5116K(5248K) Class: 509K(576K)->509K(576K)
[1094.093s][info][gc          ] GC(91) Pause Young (Allocation Failure) 193M->120M(249M) 16.903ms
[1094.093s][info][gc,cpu      ] GC(91) User=0.03s Sys=0.01s Real=0.01s
[1103.706s][info][gc,start    ] GC(92) Pause Young (Allocation Failure)
[1103.708s][info][gc,heap     ] GC(92) PSYoungGen: 74784K(79872K)->352K(74752K) Eden: 74240K(74240K)->0K(74240K) From: 544K(5632K)->352K(512K)
[1103.708s][info][gc,heap     ] GC(92) ParOldGen: 122428K(175104K)->122940K(175104K)
[1103.708s][info][gc,metaspace] GC(92) Metaspace: 5626K(5824K)->5626K(5824K) NonClass: 5116K(5248K)->5116K(5248K) Class: 509K(576K)->509K(576K)
[1103.708s][info][gc          ] GC(92) Pause Young (Allocation Failure) 192M->120M(244M) 2.537ms
[1103.708s][info][gc,cpu      ] GC(92) User=0.00s Sys=0.00s Real=0.00s
[1113.902s][info][gc,start    ] GC(93) Pause Young (Allocation Failure)
[1113.904s][info][gc,heap     ] GC(93) PSYoungGen: 74592K(74752K)->416K(80384K) Eden: 74240K(74240K)->0K(73216K) From: 352K(512K)->416K(7168K)
[1113.904s][info][gc,heap     ] GC(93) ParOldGen: 122940K(175104K)->123276K(175104K)
[1113.904s][info][gc,metaspace] GC(93) Metaspace: 5626K(5824K)->5626K(5824K) NonClass: 5116K(5248K)->5116K(5248K) Class: 509K(576K)->509K(576K)
[1113.904s][info][gc          ] GC(93) Pause Young (Allocation Failure) 192M->120M(249M) 2.501ms
[1113.904s][info][gc,cpu      ] GC(93) User=0.00s Sys=0.00s Real=0.00s
[1124.979s][info][gc,start    ] GC(94) Pause Young (Allocation Failure)
[1124.982s][info][gc,heap     ] GC(94) PSYoungGen: 73632K(80384K)->352K(79872K) Eden: 73216K(73216K)->0K(73216K) From: 416K(7168K)->352K(6656K)
[1124.982s][info][gc,heap     ] GC(94) ParOldGen: 123276K(175104K)->123588K(175104K)
[1124.982s][info][gc,metaspace] GC(94) Metaspace: 5626K(5824K)->5626K(5824K) NonClass: 5116K(5248K)->5116K(5248K) Class: 509K(576K)->509K(576K)
[1124.982s][info][gc          ] GC(94) Pause Young (Allocation Failure) 192M->121M(249M) 3.102ms
[1124.982s][info][gc,cpu      ] GC(94) User=0.00s Sys=0.00s Real=0.00s
[1134.977s][info][gc,start    ] GC(95) Pause Young (Allocation Failure)
[1134.980s][info][gc,heap     ] GC(95) PSYoungGen: 73568K(79872K)->352K(80896K) Eden: 73216K(73216K)->0K(74240K) From: 352K(6656K)->352K(6656K)
[1134.980s][info][gc,heap     ] GC(95) ParOldGen: 123588K(175104K)->123892K(175104K)
[1134.980s][info][gc,metaspace] GC(95) Metaspace: 5626K(5824K)->5626K(5824K) NonClass: 5116K(5248K)->5116K(5248K) Class: 509K(576K)->509K(576K)
[1134.980s][info][gc          ] GC(95) Pause Young (Allocation Failure) 192M->121M(250M) 2.620ms
[1134.980s][info][gc,cpu      ] GC(95) User=0.00s Sys=0.00s Real=0.00s
[1145.173s][info][gc,start    ] GC(96) Pause Young (Allocation Failure)
[1145.176s][info][gc,heap     ] GC(96) PSYoungGen: 74591K(80896K)->352K(80384K) Eden: 74239K(74240K)->0K(74240K) From: 352K(6656K)->352K(6144K)
[1145.176s][info][gc,heap     ] GC(96) ParOldGen: 123892K(175104K)->124196K(175104K)
[1145.176s][info][gc,metaspace] GC(96) Metaspace: 5626K(5824K)->5626K(5824K) NonClass: 5116K(5248K)->5116K(5248K) Class: 509K(576K)->509K(576K)
[1145.176s][info][gc          ] GC(96) Pause Young (Allocation Failure) 193M->121M(249M) 2.871ms
[1145.176s][info][gc,cpu      ] GC(96) User=0.00s Sys=0.00s Real=0.01s
[1155.803s][info][gc,start    ] GC(97) Pause Young (Allocation Failure)
[1155.805s][info][gc,heap     ] GC(97) PSYoungGen: 74592K(80384K)->352K(81408K) Eden: 74240K(74240K)->0K(75264K) From: 352K(6144K)->352K(6144K)
[1155.805s][info][gc,heap     ] GC(97) ParOldGen: 124196K(175104K)->124508K(175104K)
[1155.805s][info][gc,metaspace] GC(97) Metaspace: 5626K(5824K)->5626K(5824K) NonClass: 5116K(5248K)->5116K(5248K) Class: 509K(576K)->509K(576K)
[1155.805s][info][gc          ] GC(97) Pause Young (Allocation Failure) 194M->121M(250M) 2.137ms
[1155.805s][info][gc,cpu      ] GC(97) User=0.00s Sys=0.00s Real=0.01s
[1166.400s][info][gc,start    ] GC(98) Pause Young (Allocation Failure)
[1166.403s][info][gc,heap     ] GC(98) PSYoungGen: 75616K(81408K)->352K(80896K) Eden: 75264K(75264K)->0K(75264K) From: 352K(6144K)->352K(5632K)
[1166.403s][info][gc,heap     ] GC(98) ParOldGen: 124508K(175104K)->124812K(175104K)
[1166.403s][info][gc,metaspace] GC(98) Metaspace: 5626K(5824K)->5626K(5824K) NonClass: 5116K(5248K)->5116K(5248K) Class: 509K(576K)->509K(576K)
[1166.403s][info][gc          ] GC(98) Pause Young (Allocation Failure) 195M->122M(250M) 2.992ms
[1166.403s][info][gc,cpu      ] GC(98) User=0.00s Sys=0.00s Real=0.00s
[1176.365s][info][gc,start    ] GC(99) Pause Young (Allocation Failure)
[1176.367s][info][gc,heap     ] GC(99) PSYoungGen: 75616K(80896K)->384K(81920K) Eden: 75264K(75264K)->0K(76800K) From: 352K(5632K)->384K(5120K)
[1176.367s][info][gc,heap     ] GC(99) ParOldGen: 124812K(175104K)->125108K(175104K)
[1176.367s][info][gc,metaspace] GC(99) Metaspace: 5626K(5824K)->5626K(5824K) NonClass: 5116K(5248K)->5116K(5248K) Class: 509K(576K)->509K(576K)
[1176.367s][info][gc          ] GC(99) Pause Young (Allocation Failure) 195M->122M(251M) 2.069ms
[1176.367s][info][gc,cpu      ] GC(99) User=0.01s Sys=0.00s Real=0.01s
[1186.768s][info][gc,start    ] GC(100) Pause Young (Allocation Failure)
[1186.770s][info][gc,heap     ] GC(100) PSYoungGen: 77184K(81920K)->416K(81920K) Eden: 76800K(76800K)->0K(76800K) From: 384K(5120K)->416K(5120K)
[1186.770s][info][gc,heap     ] GC(100) ParOldGen: 125108K(175104K)->125420K(175104K)
[1186.770s][info][gc,metaspace] GC(100) Metaspace: 5626K(5824K)->5626K(5824K) NonClass: 5116K(5248K)->5116K(5248K) Class: 509K(576K)->509K(576K)
[1186.771s][info][gc          ] GC(100) Pause Young (Allocation Failure) 197M->122M(251M) 2.142ms
[1186.771s][info][gc,cpu      ] GC(100) User=0.00s Sys=0.01s Real=0.00s
[1196.707s][info][gc,start    ] GC(101) Pause Young (Allocation Failure)
[1196.729s][info][gc,heap     ] GC(101) PSYoungGen: 77216K(81920K)->4583K(79360K) Eden: 76800K(76800K)->0K(74752K) From: 416K(5120K)->4583K(4608K)
[1196.729s][info][gc,heap     ] GC(101) ParOldGen: 125420K(175104K)->129237K(175104K)
[1196.729s][info][gc,metaspace] GC(101) Metaspace: 5631K(5824K)->5631K(5824K) NonClass: 5121K(5248K)->5121K(5248K) Class: 509K(576K)->509K(576K)
[1196.729s][info][gc          ] GC(101) Pause Young (Allocation Failure) 197M->130M(248M) 21.879ms
[1196.729s][info][gc,cpu      ] GC(101) User=0.04s Sys=0.01s Real=0.02s
[1211.972s][info][gc,start    ] GC(102) Pause Young (Allocation Failure)
[1211.990s][info][gc,heap     ] GC(102) PSYoungGen: 79335K(79360K)->4137K(77824K) Eden: 74752K(74752K)->0K(73216K) From: 4583K(4608K)->4137K(4608K)
[1211.990s][info][gc,heap     ] GC(102) ParOldGen: 129237K(175104K)->133779K(175104K)
[1211.990s][info][gc,metaspace] GC(102) Metaspace: 5633K(5824K)->5633K(5824K) NonClass: 5123K(5248K)->5123K(5248K) Class: 509K(576K)->509K(576K)
[1211.990s][info][gc          ] GC(102) Pause Young (Allocation Failure) 203M->134M(247M) 18.021ms
[1211.990s][info][gc,cpu      ] GC(102) User=0.04s Sys=0.00s Real=0.02s
[1223.120s][info][gc,start    ] GC(103) Pause Young (Allocation Failure)
[1223.131s][info][gc,heap     ] GC(103) PSYoungGen: 77353K(77824K)->480K(78848K) Eden: 73216K(73216K)->0K(72704K) From: 4137K(4608K)->480K(6144K)
[1223.131s][info][gc,heap     ] GC(103) ParOldGen: 133779K(175104K)->137823K(175104K)
[1223.131s][info][gc,metaspace] GC(103) Metaspace: 5633K(5824K)->5633K(5824K) NonClass: 5123K(5248K)->5123K(5248K) Class: 509K(576K)->509K(576K)
[1223.131s][info][gc          ] GC(103) Pause Young (Allocation Failure) 206M->135M(248M) 11.012ms
[1223.131s][info][gc,cpu      ] GC(103) User=0.02s Sys=0.00s Real=0.01s
[1232.613s][info][gc,start    ] GC(104) Pause Young (Allocation Failure)
[1232.616s][info][gc,heap     ] GC(104) PSYoungGen: 73184K(78848K)->352K(79872K) Eden: 72704K(72704K)->0K(72704K) From: 480K(6144K)->352K(7168K)
[1232.616s][info][gc,heap     ] GC(104) ParOldGen: 137823K(175104K)->138279K(175104K)
[1232.616s][info][gc,metaspace] GC(104) Metaspace: 5633K(5824K)->5633K(5824K) NonClass: 5123K(5248K)->5123K(5248K) Class: 509K(576K)->509K(576K)
[1232.616s][info][gc          ] GC(104) Pause Young (Allocation Failure) 206M->135M(249M) 2.269ms
[1232.616s][info][gc,cpu      ] GC(104) User=0.00s Sys=0.00s Real=0.01s
[1242.297s][info][gc,start    ] GC(105) Pause Young (Allocation Failure)
[1242.299s][info][gc,heap     ] GC(105) PSYoungGen: 73056K(79872K)->352K(80384K) Eden: 72704K(72704K)->0K(73216K) From: 352K(7168K)->352K(7168K)
[1242.299s][info][gc,heap     ] GC(105) ParOldGen: 138279K(175104K)->138607K(175104K)
[1242.299s][info][gc,metaspace] GC(105) Metaspace: 5633K(5824K)->5633K(5824K) NonClass: 5123K(5248K)->5123K(5248K) Class: 509K(576K)->509K(576K)
[1242.299s][info][gc          ] GC(105) Pause Young (Allocation Failure) 206M->135M(249M) 2.147ms
[1242.299s][info][gc,cpu      ] GC(105) User=0.00s Sys=0.00s Real=0.00s
[1252.766s][info][gc,start    ] GC(106) Pause Young (Allocation Failure)
[1252.769s][info][gc,heap     ] GC(106) PSYoungGen: 73568K(80384K)->352K(79872K) Eden: 73216K(73216K)->0K(73216K) From: 352K(7168K)->352K(6656K)
[1252.769s][info][gc,heap     ] GC(106) ParOldGen: 138607K(175104K)->138911K(175104K)
[1252.769s][info][gc,metaspace] GC(106) Metaspace: 5633K(5824K)->5633K(5824K) NonClass: 5123K(5248K)->5123K(5248K) Class: 509K(576K)->509K(576K)
[1252.769s][info][gc          ] GC(106) Pause Young (Allocation Failure) 207M->135M(249M) 3.241ms
[1252.769s][info][gc,cpu      ] GC(106) User=0.01s Sys=0.00s Real=0.00s
[1262.827s][info][gc,start    ] GC(107) Pause Young (Allocation Failure)
[1262.829s][info][gc,heap     ] GC(107) PSYoungGen: 73568K(79872K)->352K(80896K) Eden: 73216K(73216K)->0K(74752K) From: 352K(6656K)->352K(6144K)
[1262.829s][info][gc,heap     ] GC(107) ParOldGen: 138911K(175104K)->139207K(175104K)
[1262.829s][info][gc,metaspace] GC(107) Metaspace: 5633K(5824K)->5633K(5824K) NonClass: 5123K(5248K)->5123K(5248K) Class: 509K(576K)->509K(576K)
[1262.829s][info][gc          ] GC(107) Pause Young (Allocation Failure) 207M->136M(250M) 2.069ms
[1262.829s][info][gc,cpu      ] GC(107) User=0.00s Sys=0.00s Real=0.00s
[1273.318s][info][gc,start    ] GC(108) Pause Young (Allocation Failure)
[1273.321s][info][gc,heap     ] GC(108) PSYoungGen: 75104K(80896K)->352K(80896K) Eden: 74752K(74752K)->0K(74752K) From: 352K(6144K)->352K(6144K)
[1273.321s][info][gc,heap     ] GC(108) ParOldGen: 139207K(175104K)->139519K(175104K)
[1273.321s][info][gc,metaspace] GC(108) Metaspace: 5633K(5824K)->5633K(5824K) NonClass: 5123K(5248K)->5123K(5248K) Class: 509K(576K)->509K(576K)
[1273.321s][info][gc          ] GC(108) Pause Young (Allocation Failure) 209M->136M(250M) 3.170ms
[1273.321s][info][gc,cpu      ] GC(108) User=0.01s Sys=0.00s Real=0.00s
[1284.311s][info][gc,start    ] GC(109) Pause Young (Allocation Failure)
[1284.314s][info][gc,heap     ] GC(109) PSYoungGen: 75104K(80896K)->416K(81408K) Eden: 74752K(74752K)->0K(75776K) From: 352K(6144K)->416K(5632K)
[1284.314s][info][gc,heap     ] GC(109) ParOldGen: 139519K(175104K)->139831K(175104K)
[1284.314s][info][gc,metaspace] GC(109) Metaspace: 5633K(5824K)->5633K(5824K) NonClass: 5123K(5248K)->5123K(5248K) Class: 509K(576K)->509K(576K)
[1284.314s][info][gc          ] GC(109) Pause Young (Allocation Failure) 209M->136M(250M) 2.692ms
[1284.314s][info][gc,cpu      ] GC(109) User=0.00s Sys=0.00s Real=0.00s
[1295.731s][info][gc,start    ] GC(110) Pause Young (Allocation Failure)
[1295.733s][info][gc,heap     ] GC(110) PSYoungGen: 76192K(81408K)->352K(81408K) Eden: 75776K(75776K)->0K(75776K) From: 416K(5632K)->352K(5632K)
[1295.733s][info][gc,heap     ] GC(110) ParOldGen: 139831K(175104K)->140151K(175104K)
[1295.733s][info][gc,metaspace] GC(110) Metaspace: 5633K(5824K)->5633K(5824K) NonClass: 5123K(5248K)->5123K(5248K) Class: 509K(576K)->509K(576K)
[1295.733s][info][gc          ] GC(110) Pause Young (Allocation Failure) 210M->137M(250M) 2.324ms
[1295.733s][info][gc,cpu      ] GC(110) User=0.00s Sys=0.01s Real=0.00s
[1306.545s][info][gc,start    ] GC(111) Pause Young (Allocation Failure)
[1306.547s][info][gc,heap     ] GC(111) PSYoungGen: 76127K(81408K)->352K(81920K) Eden: 75775K(75776K)->0K(76800K) From: 352K(5632K)->352K(5120K)
[1306.547s][info][gc,heap     ] GC(111) ParOldGen: 140151K(175104K)->140463K(175104K)
[1306.547s][info][gc,metaspace] GC(111) Metaspace: 5633K(5824K)->5633K(5824K) NonClass: 5123K(5248K)->5123K(5248K) Class: 509K(576K)->509K(576K)
[1306.547s][info][gc          ] GC(111) Pause Young (Allocation Failure) 211M->137M(251M) 2.159ms
[1306.547s][info][gc,cpu      ] GC(111) User=0.00s Sys=0.00s Real=0.01s
[1317.286s][info][gc,start    ] GC(112) Pause Young (Allocation Failure)
[1317.289s][info][gc,heap     ] GC(112) PSYoungGen: 77152K(81920K)->384K(81920K) Eden: 76800K(76800K)->0K(76800K) From: 352K(5120K)->384K(5120K)
[1317.289s][info][gc,heap     ] GC(112) ParOldGen: 140463K(175104K)->140791K(175104K)
[1317.289s][info][gc,metaspace] GC(112) Metaspace: 5633K(5824K)->5633K(5824K) NonClass: 5123K(5248K)->5123K(5248K) Class: 509K(576K)->509K(576K)
[1317.289s][info][gc          ] GC(112) Pause Young (Allocation Failure) 212M->137M(251M) 3.107ms
[1317.289s][info][gc,cpu      ] GC(112) User=0.00s Sys=0.00s Real=0.00s
[1328.304s][info][gc,start    ] GC(113) Pause Young (Allocation Failure)
[1328.324s][info][gc,heap     ] GC(113) PSYoungGen: 77184K(81920K)->4602K(78848K) Eden: 76800K(76800K)->0K(74240K) From: 384K(5120K)->4602K(4608K)
[1328.324s][info][gc,heap     ] GC(113) ParOldGen: 140791K(175104K)->147476K(175104K)
[1328.324s][info][gc,metaspace] GC(113) Metaspace: 5636K(5824K)->5636K(5824K) NonClass: 5126K(5248K)->5126K(5248K) Class: 509K(576K)->509K(576K)
[1328.324s][info][gc          ] GC(113) Pause Young (Allocation Failure) 212M->148M(248M) 20.513ms
[1328.324s][info][gc,cpu      ] GC(113) User=0.03s Sys=0.01s Real=0.02s
[1341.904s][info][gc,start    ] GC(114) Pause Young (Allocation Failure)
[1341.915s][info][gc,heap     ] GC(114) PSYoungGen: 78842K(78848K)->64K(73216K) Eden: 74240K(74240K)->0K(72704K) From: 4602K(4608K)->64K(512K)
[1341.915s][info][gc,heap     ] GC(114) ParOldGen: 147476K(175104K)->151996K(175104K)
[1341.915s][info][gc,metaspace] GC(114) Metaspace: 5636K(5824K)->5636K(5824K) NonClass: 5126K(5248K)->5126K(5248K) Class: 509K(576K)->509K(576K)
[1341.915s][info][gc          ] GC(114) Pause Young (Allocation Failure) 221M->148M(242M) 10.713ms
[1341.915s][info][gc,cpu      ] GC(114) User=0.02s Sys=0.01s Real=0.01s
[1353.062s][info][gc,start    ] GC(115) Pause Young (Allocation Failure)
[1353.065s][info][gc,heap     ] GC(115) PSYoungGen: 72768K(73216K)->448K(78336K) Eden: 72704K(72704K)->0K(71680K) From: 64K(512K)->448K(6656K)
[1353.065s][info][gc,heap     ] GC(115) ParOldGen: 151996K(175104K)->152004K(175104K)
[1353.065s][info][gc,metaspace] GC(115) Metaspace: 5636K(5824K)->5636K(5824K) NonClass: 5126K(5248K)->5126K(5248K) Class: 509K(576K)->509K(576K)
[1353.065s][info][gc          ] GC(115) Pause Young (Allocation Failure) 219M->148M(247M) 2.395ms
[1353.065s][info][gc,cpu      ] GC(115) User=0.00s Sys=0.00s Real=0.00s
[1362.938s][info][gc,start    ] GC(116) Pause Young (Allocation Failure)
[1362.941s][info][gc,heap     ] GC(116) PSYoungGen: 72128K(78336K)->352K(79360K) Eden: 71680K(71680K)->0K(71680K) From: 448K(6656K)->352K(7680K)
[1362.941s][info][gc,heap     ] GC(116) ParOldGen: 152004K(175104K)->152444K(175104K)
[1362.941s][info][gc,metaspace] GC(116) Metaspace: 5636K(5824K)->5636K(5824K) NonClass: 5126K(5248K)->5126K(5248K) Class: 509K(576K)->509K(576K)
[1362.941s][info][gc          ] GC(116) Pause Young (Allocation Failure) 218M->149M(248M) 2.470ms
[1362.941s][info][gc,cpu      ] GC(116) User=0.00s Sys=0.00s Real=0.00s
[1373.159s][info][gc,start    ] GC(117) Pause Young (Allocation Failure)
[1373.161s][info][gc,heap     ] GC(117) PSYoungGen: 72032K(79360K)->352K(80384K) Eden: 71680K(71680K)->0K(73216K) From: 352K(7680K)->352K(7168K)
[1373.161s][info][gc,heap     ] GC(117) ParOldGen: 152444K(175104K)->152748K(175104K)
[1373.161s][info][gc,metaspace] GC(117) Metaspace: 5636K(5824K)->5636K(5824K) NonClass: 5126K(5248K)->5126K(5248K) Class: 509K(576K)->509K(576K)
[1373.161s][info][gc          ] GC(117) Pause Young (Allocation Failure) 219M->149M(249M) 2.167ms
[1373.161s][info][gc,cpu      ] GC(117) User=0.00s Sys=0.00s Real=0.00s
[1384.337s][info][gc,start    ] GC(118) Pause Young (Allocation Failure)
[1384.341s][info][gc,heap     ] GC(118) PSYoungGen: 73568K(80384K)->352K(79872K) Eden: 73216K(73216K)->0K(73216K) From: 352K(7168K)->352K(6656K)
[1384.341s][info][gc,heap     ] GC(118) ParOldGen: 152748K(175104K)->153052K(175104K)
[1384.341s][info][gc,metaspace] GC(118) Metaspace: 5636K(5824K)->5636K(5824K) NonClass: 5126K(5248K)->5126K(5248K) Class: 509K(576K)->509K(576K)
[1384.341s][info][gc          ] GC(118) Pause Young (Allocation Failure) 221M->149M(249M) 3.396ms
[1384.341s][info][gc,cpu      ] GC(118) User=0.01s Sys=0.00s Real=0.00s
[1394.802s][info][gc,start    ] GC(119) Pause Young (Allocation Failure)
[1394.804s][info][gc,heap     ] GC(119) PSYoungGen: 73568K(79872K)->352K(80896K) Eden: 73216K(73216K)->0K(74240K) From: 352K(6656K)->352K(6656K)
[1394.804s][info][gc,heap     ] GC(119) ParOldGen: 153052K(175104K)->153348K(175104K)
[1394.804s][info][gc,metaspace] GC(119) Metaspace: 5636K(5824K)->5636K(5824K) NonClass: 5126K(5248K)->5126K(5248K) Class: 509K(576K)->509K(576K)
[1394.804s][info][gc          ] GC(119) Pause Young (Allocation Failure) 221M->150M(250M) 2.197ms
[1394.804s][info][gc,cpu      ] GC(119) User=0.00s Sys=0.00s Real=0.00s
[1405.085s][info][gc,start    ] GC(120) Pause Young (Allocation Failure)
[1405.087s][info][gc,heap     ] GC(120) PSYoungGen: 74592K(80896K)->384K(80384K) Eden: 74240K(74240K)->0K(74240K) From: 352K(6656K)->384K(6144K)
[1405.087s][info][gc,heap     ] GC(120) ParOldGen: 153348K(175104K)->153660K(175104K)
[1405.087s][info][gc,metaspace] GC(120) Metaspace: 5636K(5824K)->5636K(5824K) NonClass: 5126K(5248K)->5126K(5248K) Class: 509K(576K)->509K(576K)
[1405.087s][info][gc          ] GC(120) Pause Young (Allocation Failure) 222M->150M(249M) 2.143ms
[1405.087s][info][gc,cpu      ] GC(120) User=0.00s Sys=0.00s Real=0.01s
[1416.214s][info][gc,start    ] GC(121) Pause Young (Allocation Failure)
[1416.220s][info][gc,heap     ] GC(121) PSYoungGen: 74624K(80384K)->384K(81408K) Eden: 74240K(74240K)->0K(75776K) From: 384K(6144K)->384K(5632K)
[1416.220s][info][gc,heap     ] GC(121) ParOldGen: 153660K(175104K)->153964K(175104K)
[1416.220s][info][gc,metaspace] GC(121) Metaspace: 5636K(5824K)->5636K(5824K) NonClass: 5126K(5248K)->5126K(5248K) Class: 509K(576K)->509K(576K)
[1416.220s][info][gc          ] GC(121) Pause Young (Allocation Failure) 222M->150M(250M) 5.853ms
[1416.220s][info][gc,cpu      ] GC(121) User=0.00s Sys=0.00s Real=0.01s
[1427.136s][info][gc,start    ] GC(122) Pause Young (Allocation Failure)
[1427.141s][info][gc,heap     ] GC(122) PSYoungGen: 76160K(81408K)->384K(81408K) Eden: 75776K(75776K)->0K(75776K) From: 384K(5632K)->384K(5632K)
[1427.141s][info][gc,heap     ] GC(122) ParOldGen: 153964K(175104K)->154276K(175104K)
[1427.141s][info][gc,metaspace] GC(122) Metaspace: 5636K(5824K)->5636K(5824K) NonClass: 5126K(5248K)->5126K(5248K) Class: 509K(576K)->509K(576K)
[1427.141s][info][gc          ] GC(122) Pause Young (Allocation Failure) 224M->151M(250M) 4.503ms
[1427.141s][info][gc,cpu      ] GC(122) User=0.00s Sys=0.00s Real=0.00s
[1438.174s][info][gc,start    ] GC(123) Pause Young (Allocation Failure)
[1438.177s][info][gc,heap     ] GC(123) PSYoungGen: 76160K(81408K)->320K(81920K) Eden: 75776K(75776K)->0K(76800K) From: 384K(5632K)->320K(5120K)
[1438.177s][info][gc,heap     ] GC(123) ParOldGen: 154276K(175104K)->154612K(175104K)
[1438.177s][info][gc,metaspace] GC(123) Metaspace: 5636K(5824K)->5636K(5824K) NonClass: 5126K(5248K)->5126K(5248K) Class: 509K(576K)->509K(576K)
[1438.177s][info][gc          ] GC(123) Pause Young (Allocation Failure) 225M->151M(251M) 3.780ms
[1438.177s][info][gc,cpu      ] GC(123) User=0.00s Sys=0.00s Real=0.01s
[1449.084s][info][gc,start    ] GC(124) Pause Young (Allocation Failure)
[1449.087s][info][gc,heap     ] GC(124) PSYoungGen: 77119K(81920K)->384K(81920K) Eden: 76799K(76800K)->0K(76800K) From: 320K(5120K)->384K(5120K)
[1449.087s][info][gc,heap     ] GC(124) ParOldGen: 154612K(175104K)->154908K(175104K)
[1449.087s][info][gc,metaspace] GC(124) Metaspace: 5636K(5824K)->5636K(5824K) NonClass: 5126K(5248K)->5126K(5248K) Class: 509K(576K)->509K(576K)
[1449.087s][info][gc          ] GC(124) Pause Young (Allocation Failure) 226M->151M(251M) 2.168ms
[1449.087s][info][gc,cpu      ] GC(124) User=0.01s Sys=0.00s Real=0.01s
[1457.029s][info][gc,heap,exit] Heap
[1457.029s][info][gc,heap,exit]  PSYoungGen      total 81920K, used 58294K [0x00000000eba00000, 0x00000000f0f00000, 0x0000000100000000)
[1457.029s][info][gc,heap,exit]   eden space 76800K, 75% used [0x00000000eba00000,0x00000000ef28dbf0,0x00000000f0500000)
[1457.029s][info][gc,heap,exit]   from space 5120K, 7% used [0x00000000f0500000,0x00000000f0560000,0x00000000f0a00000)
[1457.029s][info][gc,heap,exit]   to   space 4608K, 0% used [0x00000000f0a80000,0x00000000f0a80000,0x00000000f0f00000)
[1457.029s][info][gc,heap,exit]  ParOldGen       total 175104K, used 154908K [0x00000000c2e00000, 0x00000000cd900000, 0x00000000eba00000)
[1457.029s][info][gc,heap,exit]   object space 175104K, 88% used [0x00000000c2e00000,0x00000000cc547398,0x00000000cd900000)
[1457.029s][info][gc,heap,exit]  Metaspace       used 5713K, committed 5888K, reserved 1114112K
[1457.029s][info][gc,heap,exit]   class space    used 517K, committed 576K, reserved 1048576K
