[0.003s][info][metaspace]  - commit_granule_bytes: 65536.
[0.003s][info][metaspace]  - commit_granule_words: 8192.
[0.003s][info][metaspace]  - virtual_space_node_default_size: 8388608.
[0.003s][info][metaspace]  - enlarge_chunks_in_place: 1.
[0.005s][info][gc,init  ] CardTable entry size: 512
[0.005s][info][gc       ] Using Parallel
[0.006s][info][gc,init  ] Version: 24-internal-adhoc.root.jdk (release)
[0.006s][info][gc,init  ] CPUs: 2 total, 2 available
[0.006s][info][gc,init  ] Memory: 3908M
[0.006s][info][gc,init  ] Large Page Support: Disabled
[0.006s][info][gc,init  ] NUMA Support: Disabled
[0.006s][info][gc,init  ] Compressed Oops: Enabled (32-bit)
[0.006s][info][gc,init  ] Alignments: Space 512K, Generation 512K, Heap 2M
[0.006s][info][gc,init  ] Heap Min Capacity: 256M
[0.006s][info][gc,init  ] Heap Initial Capacity: 256M
[0.006s][info][gc,init  ] Heap Max Capacity: 978M
[0.006s][info][gc,init  ] Pre-touch: Disabled
[0.006s][info][gc,init  ] Parallel Workers: 2
[0.023s][info][gc,metaspace] CDS archive(s) mapped at: [0x00007f4e1e000000-0x00007f4e1edc0000-0x00007f4e1edc0000), size 14417920, SharedBaseAddress: 0x00007f4e1e000000, ArchiveRelocationMode: 1.
[0.023s][info][gc,metaspace] Compressed class space mapped at: 0x00007f4e1f000000-0x00007f4e5f000000, reserved size: 1073741824
[0.023s][info][gc,metaspace] UseCompressedClassPointers 1, UseCompactObjectHeaders 0
[0.023s][info][gc,metaspace] Narrow klass pointer bits 32, Max shift 3
[0.023s][info][gc,metaspace] Narrow klass base: 0x00007f4e1e000000, Narrow klass shift: 0
[0.023s][info][gc,metaspace] Encoding Range: [0x00007f4e1e000000 - 0x00007f4f1e000000), (4294967296 bytes)
[0.023s][info][gc,metaspace] Klass Range:    [0x00007f4e1e000000 - 0x00007f4e5f000000), (1090519040 bytes)
[0.023s][info][gc,metaspace] Klass ID Range:  [8 - 1090519033) (1090519025)
[1.610s][info][gc,start    ] GC(0) Pause Young (Allocation Failure)
[1.618s][info][gc,heap     ] GC(0) PSYoungGen: 65536K(76288K)->4180K(76288K) Eden: 65536K(65536K)->0K(65536K) From: 0K(10752K)->4180K(10752K)
[1.618s][info][gc,heap     ] GC(0) ParOldGen: 1157K(175104K)->1165K(175104K)
[1.618s][info][gc,metaspace] GC(0) Metaspace: 8260K(8448K)->8260K(8448K) NonClass: 7581K(7680K)->7581K(7680K) Class: 679K(768K)->679K(768K)
[1.618s][info][gc          ] GC(0) Pause Young (Allocation Failure) 65M->5M(245M) 7.713ms
[1.618s][info][gc,cpu      ] GC(0) User=0.01s Sys=0.00s Real=0.01s
[4.168s][info][gc,start    ] GC(1) Pause Young (Allocation Failure)
[4.193s][info][gc,heap     ] GC(1) PSYoungGen: 69716K(76288K)->8601K(76288K) Eden: 65536K(65536K)->0K(65536K) From: 4180K(10752K)->8601K(10752K)
[4.193s][info][gc,heap     ] GC(1) ParOldGen: 1165K(175104K)->1173K(175104K)
[4.193s][info][gc,metaspace] GC(1) Metaspace: 20911K(21312K)->20911K(21312K) NonClass: 19332K(19584K)->19332K(19584K) Class: 1579K(1728K)->1579K(1728K)
[4.193s][info][gc          ] GC(1) Pause Young (Allocation Failure) 69M->9M(245M) 24.630ms
[4.193s][info][gc,cpu      ] GC(1) User=0.02s Sys=0.01s Real=0.02s
[5.796s][info][metaspace   ] ChkMgr @0x00007f4e7c03aad0 (non-class-space): failed to commit 7 words on chunk @0x00007f4e7c60c8e0, f, base 0x00007f4e15370000, level lv14.
[5.796s][info][metaspace   ] Arena @0x00007f4e7c4be180 (non-class arena): failed to allocate new chunk for requested word size 7.
[5.796s][info][metaspace   ] Arena @0x00007f4e7c4be180 (non-class arena): allocation failed, returned null.
[5.796s][info][metaspace   ] ChkMgr @0x00007f4e7c03aad0 (non-class-space): failed to commit 7 words on chunk @0x00007f4e7c60c8e0, f, base 0x00007f4e15370000, level lv14.
[5.796s][info][metaspace   ] Arena @0x00007f4e7c4be180 (non-class arena): failed to allocate new chunk for requested word size 7.
[5.796s][info][metaspace   ] Arena @0x00007f4e7c4be180 (non-class arena): allocation failed, returned null.
[5.796s][info][metaspace   ] ChkMgr @0x00007f4e7c03aad0 (non-class-space): failed to commit 7 words on chunk @0x00007f4e7c60c8e0, f, base 0x00007f4e15370000, level lv14.
[5.796s][info][metaspace   ] Arena @0x00007f4e7c4be180 (non-class arena): failed to allocate new chunk for requested word size 7.
[5.796s][info][metaspace   ] Arena @0x00007f4e7c4be180 (non-class arena): allocation failed, returned null.
[5.796s][info][gc,start    ] GC(2) Pause Full (Metadata GC Threshold)
[5.796s][info][gc,phases,start] GC(2) Marking Phase
[5.810s][info][gc,phases      ] GC(2) Marking Phase 14.160ms
[5.810s][info][gc,phases,start] GC(2) Summary Phase
[5.810s][info][gc,phases      ] GC(2) Summary Phase 0.010ms
[5.810s][info][gc,phases,start] GC(2) Forward
[5.812s][info][gc,phases      ] GC(2) Forward 1.812ms
[5.812s][info][gc,phases,start] GC(2) Adjust Pointers
[5.819s][info][gc,phases      ] GC(2) Adjust Pointers 6.360ms
[5.819s][info][gc,phases,start] GC(2) Compaction Phase
[5.826s][info][gc,phases      ] GC(2) Compaction Phase 6.878ms
[5.826s][info][gc,phases,start] GC(2) Post Compact
[5.827s][info][gc,phases      ] GC(2) Post Compact 1.500ms
[5.827s][info][gc,heap        ] GC(2) PSYoungGen: 17985K(76288K)->0K(76288K) Eden: 9383K(65536K)->0K(65536K) From: 8601K(10752K)->0K(10752K)
[5.827s][info][gc,heap        ] GC(2) ParOldGen: 1173K(175104K)->9820K(175104K)
[5.827s][info][gc,metaspace   ] GC(2) Metaspace: 21078K(21504K)->21078K(21504K) NonClass: 19487K(19712K)->19487K(19712K) Class: 1590K(1792K)->1590K(1792K)
[5.827s][info][gc             ] GC(2) Pause Full (Metadata GC Threshold) 18M->9M(245M) 31.024ms
[5.827s][info][gc,cpu         ] GC(2) User=0.04s Sys=0.01s Real=0.03s
[6.581s][info][gc,start       ] GC(3) Pause Young (Allocation Failure)
[6.588s][info][gc,heap        ] GC(3) PSYoungGen: 65536K(76288K)->2052K(76288K) Eden: 65536K(65536K)->0K(65536K) From: 0K(10752K)->2052K(10752K)
[6.588s][info][gc,heap        ] GC(3) ParOldGen: 9820K(175104K)->9828K(175104K)
[6.588s][info][gc,metaspace   ] GC(3) Metaspace: 23976K(24320K)->23976K(24320K) NonClass: 22193K(22400K)->22193K(22400K) Class: 1782K(1920K)->1782K(1920K)
[6.588s][info][gc             ] GC(3) Pause Young (Allocation Failure) 73M->11M(245M) 7.110ms
[6.588s][info][gc,cpu         ] GC(3) User=0.01s Sys=0.00s Real=0.01s
[7.062s][info][gc,start       ] GC(4) Pause Young (Allocation Failure)
[7.067s][info][gc,heap        ] GC(4) PSYoungGen: 67588K(76288K)->3824K(76288K) Eden: 65536K(65536K)->0K(65536K) From: 2052K(10752K)->3824K(10752K)
[7.067s][info][gc,heap        ] GC(4) ParOldGen: 9828K(175104K)->9836K(175104K)
[7.067s][info][gc,metaspace   ] GC(4) Metaspace: 24325K(24704K)->24325K(24704K) NonClass: 22535K(22784K)->22535K(22784K) Class: 1789K(1920K)->1789K(1920K)
[7.067s][info][gc             ] GC(4) Pause Young (Allocation Failure) 75M->13M(245M) 4.979ms
[7.067s][info][gc,cpu         ] GC(4) User=0.01s Sys=0.00s Real=0.01s
[7.587s][info][gc,start       ] GC(5) Pause Young (Allocation Failure)
[7.592s][info][gc,heap        ] GC(5) PSYoungGen: 69360K(76288K)->4998K(76288K) Eden: 65536K(65536K)->0K(65536K) From: 3824K(10752K)->4998K(10752K)
[7.592s][info][gc,heap        ] GC(5) ParOldGen: 9836K(175104K)->9844K(175104K)
[7.592s][info][gc,metaspace   ] GC(5) Metaspace: 25714K(26112K)->25714K(26112K) NonClass: 23785K(24000K)->23785K(24000K) Class: 1928K(2112K)->1928K(2112K)
[7.592s][info][gc             ] GC(5) Pause Young (Allocation Failure) 77M->14M(245M) 5.726ms
[7.592s][info][gc,cpu         ] GC(5) User=0.01s Sys=0.00s Real=0.00s
[7.991s][info][gc,start       ] GC(6) Pause Young (Allocation Failure)
[8.000s][info][gc,heap        ] GC(6) PSYoungGen: 70118K(76288K)->6150K(78336K) Eden: 65119K(65536K)->0K(69632K) From: 4998K(10752K)->6150K(8704K)
[8.000s][info][gc,heap        ] GC(6) ParOldGen: 9844K(175104K)->9852K(175104K)
[8.000s][info][gc,metaspace   ] GC(6) Metaspace: 25968K(26368K)->25968K(26368K) NonClass: 24036K(24256K)->24036K(24256K) Class: 1932K(2112K)->1932K(2112K)
[8.000s][info][gc             ] GC(6) Pause Young (Allocation Failure) 78M->15M(247M) 9.685ms
[8.000s][info][gc,cpu         ] GC(6) User=0.02s Sys=0.00s Real=0.01s
[8.111s][info][gc,start       ] GC(7) Pause Young (Allocation Failure)
[8.119s][info][gc,heap        ] GC(7) PSYoungGen: 75208K(78336K)->6166K(78336K) Eden: 69057K(69632K)->0K(69632K) From: 6150K(8704K)->6166K(8704K)
[8.119s][info][gc,heap        ] GC(7) ParOldGen: 9852K(175104K)->9860K(175104K)
[8.119s][info][gc,metaspace   ] GC(7) Metaspace: 25991K(26432K)->25991K(26432K) NonClass: 24059K(24320K)->24059K(24320K) Class: 1932K(2112K)->1932K(2112K)
[8.119s][info][gc             ] GC(7) Pause Young (Allocation Failure) 83M->15M(247M) 8.024ms
[8.119s][info][gc,cpu         ] GC(7) User=0.01s Sys=0.01s Real=0.01s
[8.271s][info][gc,start       ] GC(8) Pause Young (Allocation Failure)
[8.280s][info][gc,heap        ] GC(8) PSYoungGen: 75798K(78336K)->2854K(148480K) Eden: 69632K(69632K)->0K(139264K) From: 6166K(8704K)->2854K(9216K)
[8.280s][info][gc,heap        ] GC(8) ParOldGen: 9860K(175104K)->13276K(175104K)
[8.280s][info][gc,metaspace   ] GC(8) Metaspace: 26080K(26496K)->26080K(26496K) NonClass: 24144K(24384K)->24144K(24384K) Class: 1935K(2112K)->1935K(2112K)
[8.280s][info][gc             ] GC(8) Pause Young (Allocation Failure) 83M->15M(316M) 9.012ms
[8.280s][info][gc,cpu         ] GC(8) User=0.01s Sys=0.00s Real=0.01s
[9.577s][info][gc,start       ] GC(9) Pause Young (Allocation Failure)
[9.589s][info][gc,heap        ] GC(9) PSYoungGen: 142118K(148480K)->3792K(148480K) Eden: 139264K(139264K)->0K(139264K) From: 2854K(9216K)->3792K(9216K)
[9.589s][info][gc,heap        ] GC(9) ParOldGen: 13276K(175104K)->15645K(175104K)
[9.589s][info][gc,metaspace   ] GC(9) Metaspace: 28099K(28480K)->28099K(28480K) NonClass: 26033K(26240K)->26033K(26240K) Class: 2065K(2240K)->2065K(2240K)
[9.589s][info][gc             ] GC(9) Pause Young (Allocation Failure) 151M->18M(316M) 11.205ms
[9.589s][info][gc,cpu         ] GC(9) User=0.02s Sys=0.01s Real=0.01s
[11.099s][info][gc,start       ] GC(10) Pause Young (Allocation Failure)
[11.125s][info][gc,heap        ] GC(10) PSYoungGen: 143056K(148480K)->8686K(228352K) Eden: 139264K(139264K)->0K(219648K) From: 3792K(9216K)->8686K(8704K)
[11.125s][info][gc,heap        ] GC(10) ParOldGen: 15645K(175104K)->22141K(175104K)
[11.125s][info][gc,metaspace   ] GC(10) Metaspace: 28513K(28864K)->28513K(28864K) NonClass: 26421K(26624K)->26421K(26624K) Class: 2091K(2240K)->2091K(2240K)
[11.125s][info][gc             ] GC(10) Pause Young (Allocation Failure) 154M->30M(394M) 25.912ms
[11.125s][info][gc,cpu         ] GC(10) User=0.04s Sys=0.02s Real=0.03s
[12.158s][info][gc,start       ] GC(11) Pause Young (Allocation Failure)
[12.205s][info][gc,heap        ] GC(11) PSYoungGen: 228334K(228352K)->12266K(231936K) Eden: 219648K(219648K)->0K(219648K) From: 8686K(8704K)->12266K(12288K)
[12.205s][info][gc,heap        ] GC(11) ParOldGen: 22141K(175104K)->44570K(175104K)
[12.205s][info][gc,metaspace   ] GC(11) Metaspace: 28576K(28928K)->28576K(28928K) NonClass: 26475K(26688K)->26475K(26688K) Class: 2101K(2240K)->2101K(2240K)
[12.205s][info][gc             ] GC(11) Pause Young (Allocation Failure) 244M->55M(397M) 46.993ms
[12.205s][info][gc,cpu         ] GC(11) User=0.05s Sys=0.04s Real=0.05s
[12.957s][info][gc,start       ] GC(12) Pause Young (Allocation Failure)
[13.024s][info][gc,heap        ] GC(12) PSYoungGen: 231914K(231936K)->22520K(291840K) Eden: 219648K(219648K)->0K(269312K) From: 12266K(12288K)->22520K(22528K)
[13.025s][info][gc,heap        ] GC(12) ParOldGen: 44570K(175104K)->60666K(175104K)
[13.025s][info][gc,metaspace   ] GC(12) Metaspace: 28635K(28992K)->28635K(28992K) NonClass: 26529K(26752K)->26529K(26752K) Class: 2105K(2240K)->2105K(2240K)
[13.025s][info][gc             ] GC(12) Pause Young (Allocation Failure) 270M->81M(456M) 67.973ms
[13.025s][info][gc,cpu         ] GC(12) User=0.11s Sys=0.03s Real=0.07s
[13.850s][info][gc,start       ] GC(13) Pause Young (Allocation Failure)
[13.925s][info][gc,heap        ] GC(13) PSYoungGen: 291832K(291840K)->32240K(301568K) Eden: 269312K(269312K)->0K(269312K) From: 22520K(22528K)->32240K(32256K)
[13.926s][info][gc,heap        ] GC(13) ParOldGen: 60666K(175104K)->82642K(175104K)
[13.926s][info][gc,metaspace   ] GC(13) Metaspace: 28636K(28992K)->28636K(28992K) NonClass: 26530K(26752K)->26530K(26752K) Class: 2105K(2240K)->2105K(2240K)
[13.926s][info][gc             ] GC(13) Pause Young (Allocation Failure) 344M->112M(465M) 75.679ms
[13.926s][info][gc,cpu         ] GC(13) User=0.12s Sys=0.04s Real=0.08s
[16.565s][info][gc,start       ] GC(14) Pause Young (Allocation Failure)
[16.628s][info][gc,heap        ] GC(14) PSYoungGen: 301552K(301568K)->23278K(274944K) Eden: 269312K(269312K)->0K(242688K) From: 32240K(32256K)->23278K(32256K)
[16.628s][info][gc,heap        ] GC(14) ParOldGen: 82642K(175104K)->115139K(175104K)
[16.628s][info][gc,metaspace   ] GC(14) Metaspace: 28683K(29056K)->28683K(29056K) NonClass: 26577K(26816K)->26577K(26816K) Class: 2105K(2240K)->2105K(2240K)
[16.628s][info][gc             ] GC(14) Pause Young (Allocation Failure) 375M->135M(439M) 62.606ms
[16.628s][info][gc,cpu         ] GC(14) User=0.09s Sys=0.04s Real=0.06s
[18.344s][info][gc,start       ] GC(15) Pause Young (Allocation Failure)
[18.391s][info][gc,heap        ] GC(15) PSYoungGen: 265966K(274944K)->21323K(288256K) Eden: 242688K(242688K)->0K(242688K) From: 23278K(32256K)->21323K(45568K)
[18.391s][info][gc,heap        ] GC(15) ParOldGen: 115139K(175104K)->138481K(175104K)
[18.391s][info][gc,metaspace   ] GC(15) Metaspace: 28709K(29120K)->28709K(29120K) NonClass: 26601K(26816K)->26601K(26816K) Class: 2108K(2304K)->2108K(2304K)
[18.391s][info][gc             ] GC(15) Pause Young (Allocation Failure) 372M->156M(452M) 47.068ms
[18.391s][info][gc,cpu         ] GC(15) User=0.08s Sys=0.01s Real=0.05s
[19.987s][info][gc,start       ] GC(16) Pause Young (Allocation Failure)
[20.036s][info][gc,heap        ] GC(16) PSYoungGen: 264011K(288256K)->27134K(287232K) Eden: 242688K(242688K)->0K(242688K) From: 21323K(45568K)->27134K(44544K)
[20.036s][info][gc,heap        ] GC(16) ParOldGen: 138481K(175104K)->159955K(175104K)
[20.036s][info][gc,metaspace   ] GC(16) Metaspace: 28750K(29184K)->28750K(29184K) NonClass: 26642K(26880K)->26642K(26880K) Class: 2108K(2304K)->2108K(2304K)
[20.036s][info][gc             ] GC(16) Pause Young (Allocation Failure) 393M->182M(451M) 48.548ms
[20.036s][info][gc,cpu         ] GC(16) User=0.09s Sys=0.01s Real=0.05s
[21.103s][info][gc,start       ] GC(17) Pause Young (Allocation Failure)
[21.157s][info][gc,heap        ] GC(17) PSYoungGen: 269822K(287232K)->32176K(274944K) Eden: 242688K(242688K)->0K(242688K) From: 27134K(44544K)->32176K(32256K)
[21.158s][info][gc,heap        ] GC(17) ParOldGen: 159955K(175104K)->183969K(184320K)
[21.158s][info][gc,metaspace   ] GC(17) Metaspace: 28787K(29184K)->28787K(29184K) NonClass: 26675K(26880K)->26675K(26880K) Class: 2111K(2304K)->2111K(2304K)
[21.158s][info][gc             ] GC(17) Pause Young (Allocation Failure) 419M->211M(448M) 55.060ms
[21.158s][info][gc,cpu         ] GC(17) User=0.09s Sys=0.02s Real=0.06s
[21.772s][info][gc,start       ] GC(18) Pause Young (Allocation Failure)
[21.840s][info][gc,heap        ] GC(18) PSYoungGen: 274864K(274944K)->30235K(283648K) Eden: 242688K(242688K)->0K(235520K) From: 32176K(32256K)->30235K(48128K)
[21.840s][info][gc,heap        ] GC(18) ParOldGen: 183969K(184320K)->215476K(215552K)
[21.840s][info][gc,metaspace   ] GC(18) Metaspace: 28788K(29184K)->28788K(29184K) NonClass: 26676K(26880K)->26676K(26880K) Class: 2111K(2304K)->2111K(2304K)
[21.840s][info][gc             ] GC(18) Pause Young (Allocation Failure) 448M->239M(487M) 67.707ms
[21.840s][info][gc,cpu         ] GC(18) User=0.11s Sys=0.03s Real=0.07s
[22.431s][info][gc,start       ] GC(19) Pause Young (Allocation Failure)
[22.495s][info][gc,heap        ] GC(19) PSYoungGen: 265755K(283648K)->29184K(265216K) Eden: 235520K(235520K)->0K(235520K) From: 30235K(48128K)->29184K(29696K)
[22.495s][info][gc,heap        ] GC(19) ParOldGen: 215476K(215552K)->244268K(244736K)
[22.495s][info][gc,metaspace   ] GC(19) Metaspace: 28788K(29184K)->28788K(29184K) NonClass: 26676K(26880K)->26676K(26880K) Class: 2111K(2304K)->2111K(2304K)
[22.495s][info][gc             ] GC(19) Pause Young (Allocation Failure) 469M->267M(498M) 64.140ms
[22.495s][info][gc,cpu         ] GC(19) User=0.10s Sys=0.02s Real=0.07s
[24.108s][info][gc,start       ] GC(20) Pause Young (Allocation Failure)
[24.160s][info][gc,heap        ] GC(20) PSYoungGen: 264704K(265216K)->14064K(285696K) Eden: 235520K(235520K)->0K(236032K) From: 29184K(29696K)->14064K(49664K)
[24.160s][info][gc,heap        ] GC(20) ParOldGen: 244268K(244736K)->273669K(273920K)
[24.160s][info][gc,metaspace   ] GC(20) Metaspace: 28833K(29248K)->28833K(29248K) NonClass: 26722K(26944K)->26722K(26944K) Class: 2111K(2304K)->2111K(2304K)
[24.160s][info][gc             ] GC(20) Pause Young (Allocation Failure) 497M->280M(546M) 51.902ms
[24.160s][info][gc,cpu         ] GC(20) User=0.07s Sys=0.02s Real=0.05s
[25.274s][info][gc,start       ] GC(21) Pause Young (Allocation Failure)
[25.299s][info][gc,heap        ] GC(21) PSYoungGen: 250096K(285696K)->11243K(247296K) Eden: 236032K(236032K)->0K(236032K) From: 14064K(49664K)->11243K(11264K)
[25.299s][info][gc,heap        ] GC(21) ParOldGen: 273669K(273920K)->286249K(286720K)
[25.299s][info][gc,metaspace   ] GC(21) Metaspace: 28865K(29312K)->28865K(29312K) NonClass: 26753K(27008K)->26753K(27008K) Class: 2111K(2304K)->2111K(2304K)
[25.299s][info][gc             ] GC(21) Pause Young (Allocation Failure) 511M->290M(521M) 25.328ms
[25.299s][info][gc,cpu         ] GC(21) User=0.04s Sys=0.01s Real=0.03s
[26.660s][info][gc,start       ] GC(22) Pause Young (Allocation Failure)
[26.697s][info][gc,heap        ] GC(22) PSYoungGen: 247275K(247296K)->24692K(283136K) Eden: 236032K(236032K)->0K(236544K) From: 11243K(11264K)->24692K(46592K)
[26.697s][info][gc,heap        ] GC(22) ParOldGen: 286249K(286720K)->297132K(297472K)
[26.697s][info][gc,metaspace   ] GC(22) Metaspace: 28874K(29312K)->28874K(29312K) NonClass: 26762K(27008K)->26762K(27008K) Class: 2111K(2304K)->2111K(2304K)
[26.697s][info][gc             ] GC(22) Pause Young (Allocation Failure) 521M->314M(567M) 36.311ms
[26.697s][info][gc,cpu         ] GC(22) User=0.06s Sys=0.01s Real=0.04s
[27.984s][info][gc,start       ] GC(23) Pause Young (Allocation Failure)
[28.035s][info][gc,heap        ] GC(23) PSYoungGen: 261236K(283136K)->22438K(282624K) Eden: 236544K(236544K)->0K(236544K) From: 24692K(46592K)->22438K(46080K)
[28.035s][info][gc,heap        ] GC(23) ParOldGen: 297132K(297472K)->321820K(322048K)
[28.035s][info][gc,metaspace   ] GC(23) Metaspace: 28881K(29312K)->28881K(29312K) NonClass: 26770K(27008K)->26770K(27008K) Class: 2111K(2304K)->2111K(2304K)
[28.035s][info][gc             ] GC(23) Pause Young (Allocation Failure) 545M->336M(590M) 50.570ms
[28.035s][info][gc,cpu         ] GC(23) User=0.08s Sys=0.03s Real=0.05s
[29.280s][info][gc,start       ] GC(24) Pause Young (Allocation Failure)
[29.325s][info][gc,heap        ] GC(24) PSYoungGen: 258982K(282624K)->19948K(285696K) Eden: 236544K(236544K)->0K(243200K) From: 22438K(46080K)->19948K(42496K)
[29.325s][info][gc,heap        ] GC(24) ParOldGen: 321820K(322048K)->343861K(344064K)
[29.325s][info][gc,metaspace   ] GC(24) Metaspace: 28897K(29312K)->28897K(29312K) NonClass: 26785K(27008K)->26785K(27008K) Class: 2111K(2304K)->2111K(2304K)
[29.325s][info][gc             ] GC(24) Pause Young (Allocation Failure) 567M->355M(615M) 45.231ms
[29.325s][info][gc,cpu         ] GC(24) User=0.07s Sys=0.01s Real=0.05s
[32.996s][info][gc,start       ] GC(25) Pause Young (Allocation Failure)
[33.034s][info][gc,heap        ] GC(25) PSYoungGen: 263148K(285696K)->11035K(285184K) Eden: 243200K(243200K)->0K(243200K) From: 19948K(42496K)->11035K(41984K)
[33.034s][info][gc,heap        ] GC(25) ParOldGen: 343861K(344064K)->363888K(364032K)
[33.034s][info][gc,metaspace   ] GC(25) Metaspace: 33547K(33920K)->33547K(33920K) NonClass: 31237K(31488K)->31237K(31488K) Class: 2310K(2432K)->2310K(2432K)
[33.034s][info][gc             ] GC(25) Pause Young (Allocation Failure) 592M->366M(634M) 37.360ms
[33.034s][info][gc,cpu         ] GC(25) User=0.06s Sys=0.02s Real=0.03s
[35.381s][info][gc,start       ] GC(26) Pause Young (Allocation Failure)
[35.408s][info][gc,heap        ] GC(26) PSYoungGen: 254235K(285184K)->11550K(290816K) Eden: 243200K(243200K)->0K(250368K) From: 11035K(41984K)->11550K(40448K)
[35.408s][info][gc,heap        ] GC(26) ParOldGen: 363888K(364032K)->370658K(370688K)
[35.408s][info][gc,metaspace   ] GC(26) Metaspace: 34016K(34368K)->34016K(34368K) NonClass: 31705K(31936K)->31705K(31936K) Class: 2311K(2432K)->2311K(2432K)
[35.408s][info][gc             ] GC(26) Pause Young (Allocation Failure) 603M->373M(646M) 27.300ms
[35.408s][info][gc,cpu         ] GC(26) User=0.04s Sys=0.00s Real=0.03s
[37.459s][info][gc,start       ] GC(27) Pause Young (Allocation Failure)
[37.467s][info][gc,heap        ] GC(27) PSYoungGen: 261918K(290816K)->6069K(290816K) Eden: 250368K(250368K)->0K(250368K) From: 11550K(40448K)->6069K(40448K)
[37.467s][info][gc,heap        ] GC(27) ParOldGen: 370658K(370688K)->371794K(372224K)
[37.467s][info][gc,metaspace   ] GC(27) Metaspace: 34141K(34496K)->34141K(34496K) NonClass: 31829K(32064K)->31829K(32064K) Class: 2312K(2432K)->2312K(2432K)
[37.467s][info][gc             ] GC(27) Pause Young (Allocation Failure) 617M->369M(647M) 8.360ms
[37.467s][info][gc,cpu         ] GC(27) User=0.01s Sys=0.00s Real=0.01s
[39.142s][info][gc,start       ] GC(28) Pause Young (Allocation Failure)
[39.155s][info][gc,heap        ] GC(28) PSYoungGen: 256437K(290816K)->7496K(292352K) Eden: 250368K(250368K)->0K(252928K) From: 6069K(40448K)->7496K(39424K)
[39.155s][info][gc,heap        ] GC(28) ParOldGen: 371794K(372224K)->373497K(373760K)
[39.155s][info][gc,metaspace   ] GC(28) Metaspace: 34188K(34560K)->34188K(34560K) NonClass: 31876K(32128K)->31876K(32128K) Class: 2312K(2432K)->2312K(2432K)
[39.155s][info][gc             ] GC(28) Pause Young (Allocation Failure) 613M->372M(650M) 13.085ms
[39.155s][info][gc,cpu         ] GC(28) User=0.03s Sys=0.00s Real=0.02s
[40.892s][info][gc,start       ] GC(29) Pause Young (Allocation Failure)
[40.907s][info][gc,heap        ] GC(29) PSYoungGen: 260424K(292352K)->18411K(292864K) Eden: 252928K(252928K)->0K(252928K) From: 7496K(39424K)->18411K(39936K)
[40.907s][info][gc,heap        ] GC(29) ParOldGen: 373497K(373760K)->374696K(374784K)
[40.907s][info][gc,metaspace   ] GC(29) Metaspace: 34228K(34560K)->34228K(34560K) NonClass: 31915K(32128K)->31915K(32128K) Class: 2312K(2432K)->2312K(2432K)
[40.907s][info][gc             ] GC(29) Pause Young (Allocation Failure) 619M->383M(652M) 15.077ms
[40.907s][info][gc,cpu         ] GC(29) User=0.03s Sys=0.00s Real=0.02s
[41.929s][info][gc,start       ] GC(30) Pause Full (CodeCache GC Threshold)
[41.929s][info][gc,phases,start] GC(30) Marking Phase
[42.009s][info][gc,phases      ] GC(30) Marking Phase 80.220ms
[42.009s][info][gc,phases,start] GC(30) Summary Phase
[42.009s][info][gc,phases      ] GC(30) Summary Phase 0.040ms
[42.009s][info][gc,phases,start] GC(30) Forward
[42.021s][info][gc,phases      ] GC(30) Forward 11.703ms
[42.021s][info][gc,phases,start] GC(30) Adjust Pointers
[42.066s][info][gc,phases      ] GC(30) Adjust Pointers 44.878ms
[42.066s][info][gc,phases,start] GC(30) Compaction Phase
[42.084s][info][gc,phases      ] GC(30) Compaction Phase 18.208ms
[42.084s][info][gc,phases,start] GC(30) Post Compact
[42.092s][info][gc,phases      ] GC(30) Post Compact 7.390ms
[42.092s][info][gc,heap        ] GC(30) PSYoungGen: 180880K(292864K)->0K(292864K) Eden: 162469K(252928K)->0K(252928K) From: 18411K(39936K)->0K(39936K)
[42.092s][info][gc,heap        ] GC(30) ParOldGen: 374696K(374784K)->74018K(374784K)
[42.092s][info][gc,metaspace   ] GC(30) Metaspace: 34242K(34624K)->34242K(34624K) NonClass: 31930K(32192K)->31930K(32192K) Class: 2312K(2432K)->2312K(2432K)
[42.092s][info][gc             ] GC(30) Pause Full (CodeCache GC Threshold) 542M->72M(652M) 162.901ms
[42.092s][info][gc,cpu         ] GC(30) User=0.24s Sys=0.02s Real=0.16s
[44.056s][info][gc,start       ] GC(31) Pause Young (Allocation Failure)
[44.115s][info][gc,heap        ] GC(31) PSYoungGen: 252928K(292864K)->38390K(280064K) Eden: 252928K(252928K)->0K(241664K) From: 0K(39936K)->38390K(38400K)
[44.115s][info][gc,heap        ] GC(31) ParOldGen: 74018K(374784K)->78762K(374784K)
[44.115s][info][gc,metaspace   ] GC(31) Metaspace: 34271K(34624K)->34271K(34624K) NonClass: 31959K(32192K)->31959K(32192K) Class: 2312K(2432K)->2312K(2432K)
[44.115s][info][gc             ] GC(31) Pause Young (Allocation Failure) 319M->114M(639M) 59.329ms
[44.115s][info][gc,cpu         ] GC(31) User=0.11s Sys=0.00s Real=0.06s
[45.855s][info][gc,start       ] GC(32) Pause Young (Allocation Failure)
[45.919s][info][gc,heap        ] GC(32) PSYoungGen: 280054K(280064K)->15526K(287744K) Eden: 241664K(241664K)->0K(241664K) From: 38390K(38400K)->15526K(46080K)
[45.919s][info][gc,heap        ] GC(32) ParOldGen: 78762K(374784K)->111988K(374784K)
[45.919s][info][gc,metaspace   ] GC(32) Metaspace: 34299K(34688K)->34299K(34688K) NonClass: 31987K(32256K)->31987K(32256K) Class: 2312K(2432K)->2312K(2432K)
[45.919s][info][gc             ] GC(32) Pause Young (Allocation Failure) 350M->124M(647M) 64.034ms
[45.919s][info][gc,cpu         ] GC(32) User=0.12s Sys=0.00s Real=0.06s
[47.506s][info][gc,start       ] GC(33) Pause Young (Allocation Failure)
[47.517s][info][gc,heap        ] GC(33) PSYoungGen: 257190K(287744K)->8140K(284672K) Eden: 241664K(241664K)->0K(243712K) From: 15526K(46080K)->8140K(40960K)
[47.517s][info][gc,heap        ] GC(33) ParOldGen: 111988K(374784K)->115429K(374784K)
[47.517s][info][gc,metaspace   ] GC(33) Metaspace: 34341K(34688K)->34341K(34688K) NonClass: 32029K(32256K)->32029K(32256K) Class: 2312K(2432K)->2312K(2432K)
[47.517s][info][gc             ] GC(33) Pause Young (Allocation Failure) 360M->120M(644M) 11.565ms
[47.517s][info][gc,cpu         ] GC(33) User=0.02s Sys=0.00s Real=0.01s
[48.896s][info][gc,start       ] GC(34) Pause Young (Allocation Failure)
[48.915s][info][gc,heap        ] GC(34) PSYoungGen: 251852K(284672K)->13455K(287232K) Eden: 243712K(243712K)->0K(243712K) From: 8140K(40960K)->13455K(43520K)
[48.915s][info][gc,heap        ] GC(34) ParOldGen: 115429K(374784K)->116680K(374784K)
[48.915s][info][gc,metaspace   ] GC(34) Metaspace: 34356K(34688K)->34356K(34688K) NonClass: 32044K(32256K)->32044K(32256K) Class: 2312K(2432K)->2312K(2432K)
[48.915s][info][gc             ] GC(34) Pause Young (Allocation Failure) 358M->127M(646M) 18.741ms
[48.915s][info][gc,cpu         ] GC(34) User=0.03s Sys=0.01s Real=0.02s
[49.966s][info][gc,start       ] GC(35) Pause Young (Allocation Failure)
[50.019s][info][gc,heap        ] GC(35) PSYoungGen: 257167K(287232K)->41449K(278016K) Eden: 243712K(243712K)->0K(236544K) From: 13455K(43520K)->41449K(41472K)
[50.019s][info][gc,heap        ] GC(35) ParOldGen: 116680K(374784K)->118199K(374784K)
[50.019s][info][gc,metaspace   ] GC(35) Metaspace: 34366K(34752K)->34366K(34752K) NonClass: 32054K(32320K)->32054K(32320K) Class: 2312K(2432K)->2312K(2432K)
[50.019s][info][gc             ] GC(35) Pause Young (Allocation Failure) 365M->155M(637M) 53.215ms
[50.019s][info][gc,cpu         ] GC(35) User=0.07s Sys=0.00s Real=0.05s
[51.691s][info][gc,start       ] GC(36) Pause Young (Allocation Failure)
[51.748s][info][gc,heap        ] GC(36) PSYoungGen: 277993K(278016K)->17932K(285184K) Eden: 236544K(236544K)->0K(236544K) From: 41449K(41472K)->17932K(48640K)
[51.748s][info][gc,heap        ] GC(36) ParOldGen: 118199K(374784K)->143810K(374784K)
[51.748s][info][gc,metaspace   ] GC(36) Metaspace: 34369K(34752K)->34369K(34752K) NonClass: 32057K(32320K)->32057K(32320K) Class: 2312K(2432K)->2312K(2432K)
[51.748s][info][gc             ] GC(36) Pause Young (Allocation Failure) 386M->157M(644M) 56.616ms
[51.748s][info][gc,cpu         ] GC(36) User=0.11s Sys=0.00s Real=0.06s
[53.296s][info][gc,start       ] GC(37) Pause Young (Allocation Failure)
[53.363s][info][gc,heap        ] GC(37) PSYoungGen: 254476K(285184K)->30354K(284672K) Eden: 236544K(236544K)->0K(238592K) From: 17932K(48640K)->30354K(46080K)
[53.363s][info][gc,heap        ] GC(37) ParOldGen: 143810K(374784K)->161462K(374784K)
[53.363s][info][gc,metaspace   ] GC(37) Metaspace: 34380K(34816K)->34380K(34816K) NonClass: 32068K(32384K)->32068K(32384K) Class: 2312K(2432K)->2312K(2432K)
[53.363s][info][gc             ] GC(37) Pause Young (Allocation Failure) 388M->187M(644M) 66.601ms
[53.363s][info][gc,cpu         ] GC(37) User=0.13s Sys=0.00s Real=0.06s
[54.753s][info][gc,start       ] GC(38) Pause Young (Allocation Failure)
[54.791s][info][gc,heap        ] GC(38) PSYoungGen: 268946K(284672K)->18201K(257024K) Eden: 238592K(238592K)->0K(238592K) From: 30354K(46080K)->18201K(18432K)
[54.791s][info][gc,heap        ] GC(38) ParOldGen: 161462K(374784K)->187169K(374784K)
[54.791s][info][gc,metaspace   ] GC(38) Metaspace: 35037K(35392K)->35037K(35392K) NonClass: 32657K(32896K)->32657K(32896K) Class: 2380K(2496K)->2380K(2496K)
[54.791s][info][gc             ] GC(38) Pause Young (Allocation Failure) 420M->200M(617M) 38.389ms
[54.791s][info][gc,cpu         ] GC(38) User=0.07s Sys=0.00s Real=0.04s
[55.945s][info][gc,start       ] GC(39) Pause Young (Allocation Failure)
[55.957s][info][gc,heap        ] GC(39) PSYoungGen: 256793K(257024K)->1905K(284160K) Eden: 238592K(238592K)->0K(239104K) From: 18201K(18432K)->1905K(45056K)
[55.958s][info][gc,heap        ] GC(39) ParOldGen: 187169K(374784K)->197923K(374784K)
[55.958s][info][gc,metaspace   ] GC(39) Metaspace: 35342K(35712K)->35342K(35712K) NonClass: 32960K(33216K)->32960K(33216K) Class: 2382K(2496K)->2382K(2496K)
[55.958s][info][gc             ] GC(39) Pause Young (Allocation Failure) 433M->195M(643M) 12.818ms
[55.958s][info][gc,cpu         ] GC(39) User=0.02s Sys=0.00s Real=0.01s
[56.949s][info][gc,start       ] GC(40) Pause Young (Allocation Failure)
[56.979s][info][gc,heap        ] GC(40) PSYoungGen: 241009K(284160K)->46078K(285184K) Eden: 239104K(239104K)->0K(239104K) From: 1905K(45056K)->46078K(46080K)
[56.979s][info][gc,heap        ] GC(40) ParOldGen: 197923K(374784K)->200526K(374784K)
[56.979s][info][gc,metaspace   ] GC(40) Metaspace: 35371K(35712K)->35371K(35712K) NonClass: 32988K(33216K)->32988K(33216K) Class: 2382K(2496K)->2382K(2496K)
[56.979s][info][gc             ] GC(40) Pause Young (Allocation Failure) 428M->240M(644M) 30.036ms
[56.979s][info][gc,cpu         ] GC(40) User=0.06s Sys=0.00s Real=0.03s
[58.014s][info][gc,start       ] GC(41) Pause Young (Allocation Failure)
[58.062s][info][gc,heap        ] GC(41) PSYoungGen: 285182K(285184K)->48610K(252416K) Eden: 239104K(239104K)->0K(203776K) From: 46078K(46080K)->48610K(48640K)
[58.062s][info][gc,heap        ] GC(41) ParOldGen: 200526K(374784K)->211040K(374784K)
[58.062s][info][gc,metaspace   ] GC(41) Metaspace: 35391K(35712K)->35391K(35712K) NonClass: 33009K(33216K)->33009K(33216K) Class: 2382K(2496K)->2382K(2496K)
[58.062s][info][gc             ] GC(41) Pause Young (Allocation Failure) 474M->253M(612M) 48.164ms
[58.062s][info][gc,cpu         ] GC(41) User=0.09s Sys=0.00s Real=0.05s
[58.804s][info][gc,start       ] GC(42) Pause Young (Allocation Failure)
[58.874s][info][gc,heap        ] GC(42) PSYoungGen: 252386K(252416K)->64992K(268800K) Eden: 203776K(203776K)->0K(203776K) From: 48610K(48640K)->64992K(65024K)
[58.874s][info][gc,heap        ] GC(42) ParOldGen: 211040K(374784K)->255980K(374784K)
[58.874s][info][gc,metaspace   ] GC(42) Metaspace: 35399K(35712K)->35399K(35712K) NonClass: 33016K(33216K)->33016K(33216K) Class: 2382K(2496K)->2382K(2496K)
[58.874s][info][gc             ] GC(42) Pause Young (Allocation Failure) 452M->313M(628M) 69.853ms
[58.874s][info][gc,cpu         ] GC(42) User=0.14s Sys=0.00s Real=0.07s
[59.672s][info][gc,start       ] GC(43) Pause Young (Allocation Failure)
[59.753s][info][gc,heap        ] GC(43) PSYoungGen: 268768K(268800K)->65022K(176640K) Eden: 203776K(203776K)->0K(111616K) From: 64992K(65024K)->65022K(65024K)
[59.753s][info][gc,heap        ] GC(43) ParOldGen: 255980K(374784K)->329137K(374784K)
[59.753s][info][gc,metaspace   ] GC(43) Metaspace: 35403K(35712K)->35403K(35712K) NonClass: 33020K(33216K)->33020K(33216K) Class: 2382K(2496K)->2382K(2496K)
[59.753s][info][gc             ] GC(43) Pause Young (Allocation Failure) 512M->384M(538M) 80.909ms
[59.753s][info][gc,cpu         ] GC(43) User=0.17s Sys=0.00s Real=0.08s
[60.135s][info][gc,start       ] GC(44) Pause Young (Allocation Failure)
[60.259s][info][gc,heap        ] GC(44) PSYoungGen: 176638K(176640K)->74404K(222720K) Eden: 111616K(111616K)->0K(111616K) From: 65022K(65024K)->74404K(111104K)
[60.259s][info][gc,heap        ] GC(44) ParOldGen: 329137K(374784K)->393720K(393728K)
[60.259s][info][gc,metaspace   ] GC(44) Metaspace: 35403K(35712K)->35403K(35712K) NonClass: 33020K(33216K)->33020K(33216K) Class: 2382K(2496K)->2382K(2496K)
[60.259s][info][gc             ] GC(44) Pause Young (Allocation Failure) 493M->457M(602M) 124.240ms
[60.259s][info][gc,cpu         ] GC(44) User=0.24s Sys=0.01s Real=0.12s
[60.672s][info][gc,start       ] GC(45) Pause Young (Allocation Failure)
[60.767s][info][gc,heap        ] GC(45) PSYoungGen: 185957K(222720K)->55374K(222720K) Eden: 111553K(111616K)->0K(111616K) From: 74404K(111104K)->55374K(111104K)
[60.767s][info][gc,heap        ] GC(45) ParOldGen: 393720K(393728K)->451474K(451584K)
[60.767s][info][gc,metaspace   ] GC(45) Metaspace: 35404K(35712K)->35404K(35712K) NonClass: 33021K(33216K)->33021K(33216K) Class: 2382K(2496K)->2382K(2496K)
[60.767s][info][gc             ] GC(45) Pause Young (Allocation Failure) 566M->494M(658M) 95.779ms
[60.767s][info][gc,cpu         ] GC(45) User=0.15s Sys=0.04s Real=0.10s
[61.164s][info][gc,start       ] GC(46) Pause Young (Allocation Failure)
[61.213s][info][gc,heap        ] GC(46) PSYoungGen: 166990K(222720K)->8470K(222720K) Eden: 111616K(111616K)->0K(111616K) From: 55374K(111104K)->8470K(111104K)
[61.213s][info][gc,heap        ] GC(46) ParOldGen: 451474K(451584K)->489974K(489984K)
[61.213s][info][gc,metaspace   ] GC(46) Metaspace: 35404K(35712K)->35404K(35712K) NonClass: 33021K(33216K)->33021K(33216K) Class: 2382K(2496K)->2382K(2496K)
[61.213s][info][gc             ] GC(46) Pause Young (Allocation Failure) 603M->486M(696M) 48.895ms
[61.213s][info][gc,cpu         ] GC(46) User=0.07s Sys=0.03s Real=0.05s
[61.604s][info][gc,start       ] GC(47) Pause Young (Allocation Failure)
[61.614s][info][gc,heap        ] GC(47) PSYoungGen: 120086K(222720K)->11350K(222720K) Eden: 111616K(111616K)->0K(111616K) From: 8470K(111104K)->11350K(111104K)
[61.614s][info][gc,heap        ] GC(47) ParOldGen: 489974K(489984K)->490375K(490496K)
[61.614s][info][gc,metaspace   ] GC(47) Metaspace: 35417K(35776K)->35417K(35776K) NonClass: 33032K(33280K)->33032K(33280K) Class: 2384K(2496K)->2384K(2496K)
[61.614s][info][gc             ] GC(47) Pause Young (Allocation Failure) 595M->489M(696M) 9.614ms
[61.614s][info][gc,cpu         ] GC(47) User=0.01s Sys=0.00s Real=0.01s
[62.026s][info][gc,start       ] GC(48) Pause Young (Allocation Failure)
[62.031s][info][gc,heap        ] GC(48) PSYoungGen: 122966K(222720K)->3323K(222720K) Eden: 111616K(111616K)->0K(111616K) From: 11350K(111104K)->3323K(111104K)
[62.031s][info][gc,heap        ] GC(48) ParOldGen: 490375K(490496K)->490978K(491008K)
[62.031s][info][gc,metaspace   ] GC(48) Metaspace: 35419K(35776K)->35419K(35776K) NonClass: 33035K(33280K)->33035K(33280K) Class: 2384K(2496K)->2384K(2496K)
[62.031s][info][gc             ] GC(48) Pause Young (Allocation Failure) 598M->482M(697M) 4.881ms
[62.031s][info][gc,cpu         ] GC(48) User=0.01s Sys=0.00s Real=0.00s
[62.436s][info][gc,start       ] GC(49) Pause Young (Allocation Failure)
[62.467s][info][gc,heap        ] GC(49) PSYoungGen: 114939K(222720K)->34694K(222720K) Eden: 111616K(111616K)->0K(111616K) From: 3323K(111104K)->34694K(111104K)
[62.467s][info][gc,heap        ] GC(49) ParOldGen: 490978K(491008K)->491311K(491520K)
[62.467s][info][gc,metaspace   ] GC(49) Metaspace: 35421K(35776K)->35421K(35776K) NonClass: 33037K(33280K)->33037K(33280K) Class: 2384K(2496K)->2384K(2496K)
[62.467s][info][gc             ] GC(49) Pause Young (Allocation Failure) 591M->513M(697M) 30.780ms
[62.467s][info][gc,cpu         ] GC(49) User=0.06s Sys=0.00s Real=0.03s
[62.869s][info][gc,start       ] GC(50) Pause Young (Allocation Failure)
[62.881s][info][gc,heap        ] GC(50) PSYoungGen: 146310K(222720K)->9714K(121344K) Eden: 111616K(111616K)->0K(111616K) From: 34694K(111104K)->9714K(9728K)
[62.881s][info][gc,heap        ] GC(50) ParOldGen: 491311K(491520K)->491878K(492032K)
[62.881s][info][gc,metaspace   ] GC(50) Metaspace: 35429K(35776K)->35429K(35776K) NonClass: 33045K(33280K)->33045K(33280K) Class: 2384K(2496K)->2384K(2496K)
[62.881s][info][gc             ] GC(50) Pause Young (Allocation Failure) 622M->489M(599M) 12.549ms
[62.881s][info][gc,cpu         ] GC(50) User=0.02s Sys=0.00s Real=0.01s
[63.252s][info][gc,start       ] GC(51) Pause Young (Allocation Failure)
[63.260s][info][gc,heap        ] GC(51) PSYoungGen: 121330K(121344K)->9585K(222720K) Eden: 111616K(111616K)->0K(114688K) From: 9714K(9728K)->9585K(108032K)
[63.260s][info][gc,heap        ] GC(51) ParOldGen: 491878K(492032K)->492524K(492544K)
[63.260s][info][gc,metaspace   ] GC(51) Metaspace: 35430K(35776K)->35430K(35776K) NonClass: 33046K(33280K)->33046K(33280K) Class: 2384K(2496K)->2384K(2496K)
[63.260s][info][gc             ] GC(51) Pause Young (Allocation Failure) 598M->490M(698M) 8.024ms
[63.260s][info][gc,cpu         ] GC(51) User=0.01s Sys=0.00s Real=0.01s
[63.646s][info][gc,start       ] GC(52) Pause Young (Allocation Failure)
[63.650s][info][gc,heap        ] GC(52) PSYoungGen: 124273K(222720K)->3286K(219648K) Eden: 114688K(114688K)->0K(114688K) From: 9585K(108032K)->3286K(104960K)
[63.650s][info][gc,heap        ] GC(52) ParOldGen: 492524K(492544K)->492773K(493056K)
[63.650s][info][gc,metaspace   ] GC(52) Metaspace: 35431K(35776K)->35431K(35776K) NonClass: 33047K(33280K)->33047K(33280K) Class: 2384K(2496K)->2384K(2496K)
[63.650s][info][gc             ] GC(52) Pause Young (Allocation Failure) 602M->484M(696M) 4.516ms
[63.650s][info][gc,cpu         ] GC(52) User=0.01s Sys=0.00s Real=0.00s
[64.037s][info][gc,start       ] GC(53) Pause Young (Allocation Failure)
[64.056s][info][gc,heap        ] GC(53) PSYoungGen: 117974K(219648K)->28762K(220160K) Eden: 114688K(114688K)->0K(126464K) From: 3286K(104960K)->28762K(93696K)
[64.056s][info][gc,heap        ] GC(53) ParOldGen: 492773K(493056K)->493082K(493568K)
[64.056s][info][gc,metaspace   ] GC(53) Metaspace: 35431K(35776K)->35431K(35776K) NonClass: 33047K(33280K)->33047K(33280K) Class: 2384K(2496K)->2384K(2496K)
[64.056s][info][gc             ] GC(53) Pause Young (Allocation Failure) 596M->509M(697M) 19.526ms
[64.056s][info][gc,cpu         ] GC(53) User=0.03s Sys=0.01s Real=0.02s
[64.487s][info][gc,start       ] GC(54) Pause Young (Allocation Failure)
[64.505s][info][gc,heap        ] GC(54) PSYoungGen: 155226K(220160K)->29088K(221696K) Eden: 126464K(126464K)->0K(126464K) From: 28762K(93696K)->29088K(95232K)
[64.505s][info][gc,heap        ] GC(54) ParOldGen: 493082K(493568K)->493888K(494080K)
[64.505s][info][gc,metaspace   ] GC(54) Metaspace: 35432K(35776K)->35432K(35776K) NonClass: 33048K(33280K)->33048K(33280K) Class: 2384K(2496K)->2384K(2496K)
[64.505s][info][gc             ] GC(54) Pause Young (Allocation Failure) 633M->510M(699M) 18.698ms
[64.506s][info][gc,cpu         ] GC(54) User=0.04s Sys=0.00s Real=0.02s
[64.965s][info][gc,start       ] GC(55) Pause Young (Allocation Failure)
[65.006s][info][gc,heap        ] GC(55) PSYoungGen: 155552K(221696K)->27755K(232448K) Eden: 126464K(126464K)->0K(150016K) From: 29088K(95232K)->27755K(82432K)
[65.006s][info][gc,heap        ] GC(55) ParOldGen: 493888K(494080K)->516866K(517120K)
[65.006s][info][gc,metaspace   ] GC(55) Metaspace: 35509K(35840K)->35509K(35840K) NonClass: 33121K(33344K)->33121K(33344K) Class: 2387K(2496K)->2387K(2496K)
[65.006s][info][gc             ] GC(55) Pause Young (Allocation Failure) 634M->531M(732M) 41.352ms
[65.006s][info][gc,cpu         ] GC(55) User=0.06s Sys=0.02s Real=0.04s
[65.456s][info][gc,start       ] GC(56) Pause Young (Allocation Failure)
[65.486s][info][gc,heap        ] GC(56) PSYoungGen: 177771K(232448K)->672K(232960K) Eden: 150016K(150016K)->0K(150016K) From: 27755K(82432K)->672K(82944K)
[65.486s][info][gc,heap        ] GC(56) ParOldGen: 516866K(517120K)->543748K(544256K)
[65.486s][info][gc,metaspace   ] GC(56) Metaspace: 35521K(35840K)->35521K(35840K) NonClass: 33133K(33344K)->33133K(33344K) Class: 2387K(2496K)->2387K(2496K)
[65.486s][info][gc             ] GC(56) Pause Young (Allocation Failure) 678M->531M(759M) 29.340ms
[65.486s][info][gc,cpu         ] GC(56) User=0.03s Sys=0.03s Real=0.03s
[65.931s][info][gc,start       ] GC(57) Pause Young (Allocation Failure)
[65.934s][info][gc,heap        ] GC(57) PSYoungGen: 150688K(232960K)->812K(247808K) Eden: 150016K(150016K)->0K(168448K) From: 672K(82944K)->812K(79360K)
[65.934s][info][gc,heap        ] GC(57) ParOldGen: 543748K(544256K)->543795K(544256K)
[65.934s][info][gc,metaspace   ] GC(57) Metaspace: 35521K(35840K)->35521K(35840K) NonClass: 33133K(33344K)->33133K(33344K) Class: 2387K(2496K)->2387K(2496K)
[65.934s][info][gc             ] GC(57) Pause Young (Allocation Failure) 678M->531M(773M) 2.921ms
[65.934s][info][gc,cpu         ] GC(57) User=0.00s Sys=0.00s Real=0.00s
[66.443s][info][gc,start       ] GC(58) Pause Young (Allocation Failure)
[66.449s][info][gc,heap        ] GC(58) PSYoungGen: 169260K(247808K)->1836K(249344K) Eden: 168448K(168448K)->0K(168448K) From: 812K(79360K)->1836K(80896K)
[66.450s][info][gc,heap        ] GC(58) ParOldGen: 543795K(544256K)->544219K(544256K)
[66.450s][info][gc,metaspace   ] GC(58) Metaspace: 35853K(36224K)->35853K(36224K) NonClass: 33411K(33664K)->33411K(33664K) Class: 2441K(2560K)->2441K(2560K)
[66.450s][info][gc             ] GC(58) Pause Young (Allocation Failure) 696M->533M(775M) 6.483ms
[66.450s][info][gc,cpu         ] GC(58) User=0.01s Sys=0.00s Real=0.01s
[66.834s][info][gc,start       ] GC(59) Pause Young (Allocation Failure)
[66.845s][info][gc,heap        ] GC(59) PSYoungGen: 170284K(249344K)->4856K(247296K) Eden: 168448K(168448K)->0K(174080K) From: 1836K(80896K)->4856K(73216K)
[66.845s][info][gc,heap        ] GC(59) ParOldGen: 544219K(544256K)->545589K(546304K)
[66.845s][info][gc,metaspace   ] GC(59) Metaspace: 35907K(36288K)->35907K(36288K) NonClass: 33459K(33728K)->33459K(33728K) Class: 2447K(2560K)->2447K(2560K)
[66.845s][info][gc             ] GC(59) Pause Young (Allocation Failure) 697M->537M(775M) 10.798ms
[66.845s][info][gc,cpu         ] GC(59) User=0.02s Sys=0.00s Real=0.02s
[67.130s][info][gc,start       ] GC(60) Pause Young (Allocation Failure)
[67.138s][info][gc,heap        ] GC(60) PSYoungGen: 178936K(247296K)->3054K(249856K) Eden: 174080K(174080K)->0K(174080K) From: 4856K(73216K)->3054K(75776K)
[67.138s][info][gc,heap        ] GC(60) ParOldGen: 545589K(546304K)->546918K(547328K)
[67.138s][info][gc,metaspace   ] GC(60) Metaspace: 35930K(36288K)->35930K(36288K) NonClass: 33482K(33728K)->33482K(33728K) Class: 2447K(2560K)->2447K(2560K)
[67.138s][info][gc             ] GC(60) Pause Young (Allocation Failure) 707M->537M(778M) 7.982ms
[67.138s][info][gc,cpu         ] GC(60) User=0.01s Sys=0.00s Real=0.01s
[67.731s][info][gc,start       ] GC(61) Pause Young (Allocation Failure)
[67.742s][info][gc,heap        ] GC(61) PSYoungGen: 177134K(249856K)->9364K(249856K) Eden: 174080K(174080K)->0K(184832K) From: 3054K(75776K)->9364K(65024K)
[67.742s][info][gc,heap        ] GC(61) ParOldGen: 546918K(547328K)->547170K(547328K)
[67.742s][info][gc,metaspace   ] GC(61) Metaspace: 36464K(36864K)->36464K(36864K) NonClass: 33975K(34240K)->33975K(34240K) Class: 2489K(2624K)->2489K(2624K)
[67.742s][info][gc             ] GC(61) Pause Young (Allocation Failure) 707M->543M(778M) 10.884ms
[67.742s][info][gc,cpu         ] GC(61) User=0.02s Sys=0.00s Real=0.01s
[68.035s][info][gc,start       ] GC(62) Pause Young (Allocation Failure)
[68.050s][info][gc,heap        ] GC(62) PSYoungGen: 193563K(249856K)->1568K(253952K) Eden: 184198K(184832K)->0K(184832K) From: 9364K(65024K)->1568K(69120K)
[68.050s][info][gc,heap        ] GC(62) ParOldGen: 547170K(547328K)->556169K(556544K)
[68.050s][info][gc,metaspace   ] GC(62) Metaspace: 36541K(36864K)->36541K(36864K) NonClass: 34050K(34240K)->34050K(34240K) Class: 2490K(2624K)->2490K(2624K)
[68.050s][info][gc             ] GC(62) Pause Young (Allocation Failure) 723M->544M(791M) 14.516ms
[68.050s][info][gc,cpu         ] GC(62) User=0.02s Sys=0.00s Real=0.01s
[68.382s][info][gc,start       ] GC(63) Pause Young (Allocation Failure)
[68.393s][info][gc,heap        ] GC(63) PSYoungGen: 185459K(253952K)->2136K(258048K) Eden: 183891K(184832K)->0K(198144K) From: 1568K(69120K)->2136K(59904K)
[68.393s][info][gc,heap        ] GC(63) ParOldGen: 556169K(556544K)->557713K(558080K)
[68.393s][info][gc,metaspace   ] GC(63) Metaspace: 37939K(38336K)->37939K(38336K) NonClass: 35341K(35584K)->35341K(35584K) Class: 2598K(2752K)->2598K(2752K)
[68.394s][info][gc             ] GC(63) Pause Young (Allocation Failure) 724M->546M(797M) 11.900ms
[68.394s][info][gc,cpu         ] GC(63) User=0.03s Sys=0.01s Real=0.01s
[68.715s][info][gc,start       ] GC(64) Pause Young (Allocation Failure)
[68.722s][info][gc,heap        ] GC(64) PSYoungGen: 200220K(258048K)->1472K(262144K) Eden: 198083K(198144K)->0K(198144K) From: 2136K(59904K)->1472K(64000K)
[68.722s][info][gc,heap        ] GC(64) ParOldGen: 557713K(558080K)->559789K(560128K)
[68.722s][info][gc,metaspace   ] GC(64) Metaspace: 38118K(38464K)->38118K(38464K) NonClass: 35519K(35712K)->35519K(35712K) Class: 2599K(2752K)->2599K(2752K)
[68.722s][info][gc             ] GC(64) Pause Young (Allocation Failure) 740M->548M(803M) 7.475ms
[68.722s][info][gc,cpu         ] GC(64) User=0.01s Sys=0.00s Real=0.00s
[69.078s][info][gc,start       ] GC(65) Pause Young (Allocation Failure)
[69.084s][info][gc,heap        ] GC(65) PSYoungGen: 199088K(262144K)->2587K(262656K) Eden: 197615K(198144K)->0K(208896K) From: 1472K(64000K)->2587K(53760K)
[69.084s][info][gc,heap        ] GC(65) ParOldGen: 559789K(560128K)->561189K(561664K)
[69.084s][info][gc,metaspace   ] GC(65) Metaspace: 38170K(38528K)->38170K(38528K) NonClass: 35571K(35776K)->35571K(35776K) Class: 2599K(2752K)->2599K(2752K)
[69.084s][info][gc             ] GC(65) Pause Young (Allocation Failure) 741M->550M(805M) 6.417ms
[69.084s][info][gc,cpu         ] GC(65) User=0.01s Sys=0.01s Real=0.00s
[69.467s][info][gc,start       ] GC(66) Pause Young (Allocation Failure)
[69.486s][info][gc,heap        ] GC(66) PSYoungGen: 210289K(262656K)->8186K(266752K) Eden: 207701K(208896K)->0K(208896K) From: 2587K(53760K)->8186K(57856K)
[69.486s][info][gc,heap        ] GC(66) ParOldGen: 561189K(561664K)->563716K(564224K)
[69.486s][info][gc,metaspace   ] GC(66) Metaspace: 38306K(38656K)->38306K(38656K) NonClass: 35707K(35904K)->35707K(35904K) Class: 2599K(2752K)->2599K(2752K)
[69.486s][info][gc             ] GC(66) Pause Young (Allocation Failure) 753M->558M(811M) 18.371ms
[69.486s][info][gc,cpu         ] GC(66) User=0.04s Sys=0.01s Real=0.02s
[69.813s][info][gc,start       ] GC(67) Pause Young (Allocation Failure)
[69.830s][info][gc,heap        ] GC(67) PSYoungGen: 217082K(266752K)->4678K(269312K) Eden: 208896K(208896K)->0K(221696K) From: 8186K(57856K)->4678K(47616K)
[69.831s][info][gc,heap        ] GC(67) ParOldGen: 563716K(564224K)->571948K(572416K)
[69.831s][info][gc,metaspace   ] GC(67) Metaspace: 38332K(38720K)->38332K(38720K) NonClass: 35733K(35968K)->35733K(35968K) Class: 2599K(2752K)->2599K(2752K)
[69.831s][info][gc             ] GC(67) Pause Young (Allocation Failure) 762M->563M(822M) 17.336ms
[69.831s][info][gc,cpu         ] GC(67) User=0.03s Sys=0.01s Real=0.02s
[70.169s][info][gc,start       ] GC(68) Pause Young (Allocation Failure)
[70.186s][info][gc,heap        ] GC(68) PSYoungGen: 226374K(269312K)->5191K(272896K) Eden: 221696K(221696K)->0K(221696K) From: 4678K(47616K)->5191K(51200K)
[70.186s][info][gc,heap        ] GC(68) ParOldGen: 571948K(572416K)->576628K(577024K)
[70.186s][info][gc,metaspace   ] GC(68) Metaspace: 38349K(38720K)->38349K(38720K) NonClass: 35750K(35968K)->35750K(35968K) Class: 2599K(2752K)->2599K(2752K)
[70.186s][info][gc             ] GC(68) Pause Young (Allocation Failure) 779M->568M(830M) 16.608ms
[70.186s][info][gc,cpu         ] GC(68) User=0.02s Sys=0.01s Real=0.02s
[71.303s][info][gc,start       ] GC(69) Pause Young (Allocation Failure)
[71.324s][info][gc,heap        ] GC(69) PSYoungGen: 226887K(272896K)->14126K(276992K) Eden: 221696K(221696K)->0K(234496K) From: 5191K(51200K)->14126K(42496K)
[71.324s][info][gc,heap        ] GC(69) ParOldGen: 576628K(577024K)->581548K(581632K)
[71.325s][info][gc,metaspace   ] GC(69) Metaspace: 39018K(39360K)->39018K(39360K) NonClass: 36345K(36544K)->36345K(36544K) Class: 2672K(2816K)->2672K(2816K)
[71.325s][info][gc             ] GC(69) Pause Young (Allocation Failure) 784M->581M(838M) 21.163ms
[71.325s][info][gc,cpu         ] GC(69) User=0.03s Sys=0.01s Real=0.03s
[72.433s][info][gc,start       ] GC(70) Pause Young (Allocation Failure)
[72.455s][info][gc,heap        ] GC(70) PSYoungGen: 248622K(276992K)->4776K(280064K) Eden: 234496K(234496K)->0K(234496K) From: 14126K(42496K)->4776K(45568K)
[72.455s][info][gc,heap        ] GC(70) ParOldGen: 581548K(581632K)->595776K(595968K)
[72.455s][info][gc,metaspace   ] GC(70) Metaspace: 39378K(39744K)->39378K(39744K) NonClass: 36686K(36928K)->36686K(36928K) Class: 2692K(2816K)->2692K(2816K)
[72.455s][info][gc             ] GC(70) Pause Young (Allocation Failure) 810M->586M(855M) 22.476ms
[72.455s][info][gc,cpu         ] GC(70) User=0.04s Sys=0.01s Real=0.03s
[73.121s][info][gc,start       ] GC(71) Pause Young (Allocation Failure)
[73.127s][info][gc,heap        ] GC(71) PSYoungGen: 239272K(280064K)->3625K(283648K) Eden: 234496K(234496K)->0K(245248K) From: 4776K(45568K)->3625K(38400K)
[73.127s][info][gc,heap        ] GC(71) ParOldGen: 595776K(595968K)->596528K(596992K)
[73.127s][info][gc,metaspace   ] GC(71) Metaspace: 39388K(39744K)->39388K(39744K) NonClass: 36695K(36928K)->36695K(36928K) Class: 2692K(2816K)->2692K(2816K)
[73.127s][info][gc             ] GC(71) Pause Young (Allocation Failure) 815M->586M(860M) 6.266ms
[73.127s][info][gc,cpu         ] GC(71) User=0.01s Sys=0.00s Real=0.01s
[73.815s][info][gc,start       ] GC(72) Pause Young (Allocation Failure)
[73.824s][info][gc,heap        ] GC(72) PSYoungGen: 248873K(283648K)->6433K(286208K) Eden: 245248K(245248K)->0K(245248K) From: 3625K(38400K)->6433K(40960K)
[73.824s][info][gc,heap        ] GC(72) ParOldGen: 596528K(596992K)->596552K(596992K)
[73.824s][info][gc,metaspace   ] GC(72) Metaspace: 39417K(39808K)->39417K(39808K) NonClass: 36724K(36992K)->36724K(36992K) Class: 2692K(2816K)->2692K(2816K)
[73.824s][info][gc             ] GC(72) Pause Young (Allocation Failure) 825M->588M(862M) 8.887ms
[73.824s][info][gc,cpu         ] GC(72) User=0.01s Sys=0.00s Real=0.00s
[74.695s][info][gc,start       ] GC(73) Pause Young (Allocation Failure)
[74.700s][info][gc,heap        ] GC(73) PSYoungGen: 251681K(286208K)->3394K(288768K) Eden: 245248K(245248K)->0K(254464K) From: 6433K(40960K)->3394K(34304K)
[74.700s][info][gc,heap        ] GC(73) ParOldGen: 596552K(596992K)->596604K(596992K)
[74.700s][info][gc,metaspace   ] GC(73) Metaspace: 40038K(40448K)->40038K(40448K) NonClass: 37249K(37504K)->37249K(37504K) Class: 2789K(2944K)->2789K(2944K)
[74.700s][info][gc             ] GC(73) Pause Young (Allocation Failure) 828M->585M(865M) 5.052ms
[74.700s][info][gc,cpu         ] GC(73) User=0.01s Sys=0.00s Real=0.00s
[76.267s][info][gc,start       ] GC(74) Pause Young (Allocation Failure)
[76.280s][info][gc,heap        ] GC(74) PSYoungGen: 257858K(288768K)->7072K(290816K) Eden: 254464K(254464K)->0K(254464K) From: 3394K(34304K)->7072K(36352K)
[76.280s][info][gc,heap        ] GC(74) ParOldGen: 596604K(596992K)->597088K(597504K)
[76.280s][info][gc,metaspace   ] GC(74) Metaspace: 40317K(40768K)->40317K(40768K) NonClass: 37528K(37824K)->37528K(37824K) Class: 2789K(2944K)->2789K(2944K)
[76.280s][info][gc             ] GC(74) Pause Young (Allocation Failure) 834M->590M(867M) 13.397ms
[76.280s][info][gc,cpu         ] GC(74) User=0.03s Sys=0.00s Real=0.01s
[78.051s][info][gc,start       ] GC(75) Pause Young (Allocation Failure)
[78.059s][info][gc,heap        ] GC(75) PSYoungGen: 261536K(290816K)->3218K(294912K) Eden: 254464K(254464K)->0K(263680K) From: 7072K(36352K)->3218K(31232K)
[78.059s][info][gc,heap        ] GC(75) ParOldGen: 597088K(597504K)->597216K(597504K)
[78.059s][info][gc,metaspace   ] GC(75) Metaspace: 40549K(40960K)->40549K(40960K) NonClass: 37749K(38016K)->37749K(38016K) Class: 2800K(2944K)->2800K(2944K)
[78.059s][info][gc             ] GC(75) Pause Young (Allocation Failure) 838M->586M(871M) 7.574ms
[78.059s][info][gc,cpu         ] GC(75) User=0.01s Sys=0.00s Real=0.01s
[79.256s][info][gc,start       ] GC(76) Pause Young (Allocation Failure)
[79.287s][info][gc,heap        ] GC(76) PSYoungGen: 266898K(294912K)->22298K(295936K) Eden: 263680K(263680K)->0K(263680K) From: 3218K(31232K)->22298K(32256K)
[79.287s][info][gc,heap        ] GC(76) ParOldGen: 597216K(597504K)->600379K(600576K)
[79.287s][info][gc,metaspace   ] GC(76) Metaspace: 40862K(41216K)->40862K(41216K) NonClass: 38047K(38272K)->38047K(38272K) Class: 2814K(2944K)->2814K(2944K)
[79.287s][info][gc             ] GC(76) Pause Young (Allocation Failure) 843M->608M(875M) 30.648ms
[79.287s][info][gc,cpu         ] GC(76) User=0.06s Sys=0.00s Real=0.03s
[80.329s][info][gc,start       ] GC(77) Pause Young (Allocation Failure)
[80.394s][info][gc,heap        ] GC(77) PSYoungGen: 285978K(295936K)->29452K(289280K) Eden: 263680K(263680K)->0K(253952K) From: 22298K(32256K)->29452K(35328K)
[80.394s][info][gc,heap        ] GC(77) ParOldGen: 600379K(600576K)->622265K(622592K)
[80.394s][info][gc,metaspace   ] GC(77) Metaspace: 40883K(41280K)->40883K(41280K) NonClass: 38068K(38336K)->38068K(38336K) Class: 2814K(2944K)->2814K(2944K)
[80.394s][info][gc             ] GC(77) Pause Young (Allocation Failure) 865M->636M(890M) 64.760ms
[80.394s][info][gc,cpu         ] GC(77) User=0.10s Sys=0.03s Real=0.06s
[81.296s][info][gc,start       ] GC(78) Pause Young (Allocation Failure)
[81.367s][info][gc,heap        ] GC(78) PSYoungGen: 283404K(289280K)->29306K(283648K) Eden: 253952K(253952K)->0K(253952K) From: 29452K(35328K)->29306K(29696K)
[81.367s][info][gc,heap        ] GC(78) ParOldGen: 622265K(622592K)->650161K(650240K)
[81.368s][info][gc,metaspace   ] GC(78) Metaspace: 40891K(41280K)->40891K(41280K) NonClass: 38076K(38336K)->38076K(38336K) Class: 2814K(2944K)->2814K(2944K)
[81.368s][info][gc             ] GC(78) Pause Young (Allocation Failure) 884M->663M(912M) 72.021ms
[81.368s][info][gc,cpu         ] GC(78) User=0.13s Sys=0.01s Real=0.07s
[85.431s][info][gc,start       ] GC(79) Pause Full (Allocation Failure)
[85.431s][info][gc,phases,start] GC(79) Marking Phase
[85.519s][info][gc,phases      ] GC(79) Marking Phase 88.176ms
[85.520s][info][gc,phases,start] GC(79) Summary Phase
[85.520s][info][gc,phases      ] GC(79) Summary Phase 0.071ms
[85.520s][info][gc,phases,start] GC(79) Forward
[85.526s][info][gc,phases      ] GC(79) Forward 6.273ms
[85.526s][info][gc,phases,start] GC(79) Adjust Pointers
[85.562s][info][gc,phases      ] GC(79) Adjust Pointers 35.745ms
[85.562s][info][gc,phases,start] GC(79) Compaction Phase
[85.570s][info][gc,phases      ] GC(79) Compaction Phase 8.214ms
[85.570s][info][gc,phases,start] GC(79) Post Compact
[85.580s][info][gc,phases      ] GC(79) Post Compact 9.342ms
[85.617s][info][gc,heap        ] GC(79) PSYoungGen: 283258K(283648K)->0K(289792K) Eden: 253952K(253952K)->0K(245760K) From: 29306K(29696K)->0K(44032K)
[85.617s][info][gc,heap        ] GC(79) ParOldGen: 650161K(650240K)->62179K(175104K)
[85.617s][info][gc,metaspace   ] GC(79) Metaspace: 40906K(41280K)->40906K(41280K) NonClass: 38091K(38336K)->38091K(38336K) Class: 2814K(2944K)->2814K(2944K)
[85.617s][info][gc             ] GC(79) Pause Full (Allocation Failure) 911M->60M(454M) 186.022ms
[85.617s][info][gc,cpu         ] GC(79) User=0.18s Sys=0.05s Real=0.19s
[86.768s][info][gc,start       ] GC(80) Pause Young (Allocation Failure)
[86.781s][info][gc,heap        ] GC(80) PSYoungGen: 245760K(289792K)->7614K(253440K) Eden: 245760K(245760K)->0K(245760K) From: 0K(44032K)->7614K(7680K)
[86.781s][info][gc,heap        ] GC(80) ParOldGen: 62179K(175104K)->62187K(175104K)
[86.781s][info][gc,metaspace   ] GC(80) Metaspace: 41114K(41536K)->41114K(41536K) NonClass: 38299K(38592K)->38299K(38592K) Class: 2814K(2944K)->2814K(2944K)
[86.781s][info][gc             ] GC(80) Pause Young (Allocation Failure) 300M->68M(418M) 13.447ms
[86.781s][info][gc,cpu         ] GC(80) User=0.02s Sys=0.00s Real=0.01s
[87.430s][info][gc,start       ] GC(81) Pause Young (Allocation Failure)
[87.460s][info][gc,heap        ] GC(81) PSYoungGen: 253374K(253440K)->27436K(285184K) Eden: 245760K(245760K)->0K(243200K) From: 7614K(7680K)->27436K(41984K)
[87.460s][info][gc,heap        ] GC(81) ParOldGen: 62187K(175104K)->67447K(175104K)
[87.460s][info][gc,metaspace   ] GC(81) Metaspace: 41148K(41536K)->41148K(41536K) NonClass: 38333K(38592K)->38333K(38592K) Class: 2814K(2944K)->2814K(2944K)
[87.460s][info][gc             ] GC(81) Pause Young (Allocation Failure) 308M->92M(449M) 29.836ms
[87.460s][info][gc,cpu         ] GC(81) User=0.06s Sys=0.00s Real=0.03s
[88.066s][info][gc,start       ] GC(82) Pause Young (Allocation Failure)
[88.141s][info][gc,heap        ] GC(82) PSYoungGen: 270636K(285184K)->29656K(272896K) Eden: 243200K(243200K)->0K(243200K) From: 27436K(41984K)->29656K(29696K)
[88.141s][info][gc,heap        ] GC(82) ParOldGen: 67447K(175104K)->94211K(175104K)
[88.141s][info][gc,metaspace   ] GC(82) Metaspace: 41148K(41536K)->41148K(41536K) NonClass: 38334K(38592K)->38334K(38592K) Class: 2814K(2944K)->2814K(2944K)
[88.141s][info][gc             ] GC(82) Pause Young (Allocation Failure) 330M->120M(437M) 75.367ms
[88.141s][info][gc,cpu         ] GC(82) User=0.15s Sys=0.00s Real=0.07s
[88.765s][info][gc,start       ] GC(83) Pause Young (Allocation Failure)
[88.875s][info][gc,heap        ] GC(83) PSYoungGen: 272856K(272896K)->30352K(281600K) Eden: 243200K(243200K)->0K(234496K) From: 29656K(29696K)->30352K(47104K)
[88.875s][info][gc,heap        ] GC(83) ParOldGen: 94211K(175104K)->122203K(175104K)
[88.875s][info][gc,metaspace   ] GC(83) Metaspace: 41148K(41536K)->41148K(41536K) NonClass: 38334K(38592K)->38334K(38592K) Class: 2814K(2944K)->2814K(2944K)
[88.875s][info][gc             ] GC(83) Pause Young (Allocation Failure) 358M->148M(446M) 109.246ms
[88.875s][info][gc,cpu         ] GC(83) User=0.21s Sys=0.00s Real=0.11s
[90.729s][info][gc,start       ] GC(84) Pause Young (Allocation Failure)
[90.758s][info][gc,heap        ] GC(84) PSYoungGen: 264848K(281600K)->11184K(284160K) Eden: 234496K(234496K)->0K(234496K) From: 30352K(47104K)->11184K(49664K)
[90.758s][info][gc,heap        ] GC(84) ParOldGen: 122203K(175104K)->152764K(175104K)
[90.758s][info][gc,metaspace   ] GC(84) Metaspace: 41150K(41536K)->41150K(41536K) NonClass: 38335K(38592K)->38335K(38592K) Class: 2814K(2944K)->2814K(2944K)
[90.758s][info][gc             ] GC(84) Pause Young (Allocation Failure) 377M->160M(448M) 29.637ms
[90.758s][info][gc,cpu         ] GC(84) User=0.06s Sys=0.00s Real=0.03s
[92.316s][info][gc,start       ] GC(85) Pause Young (Allocation Failure)
[92.324s][info][gc,heap        ] GC(85) PSYoungGen: 245680K(284160K)->1010K(283136K) Eden: 234496K(234496K)->0K(237056K) From: 11184K(49664K)->1010K(46080K)
[92.324s][info][gc,heap        ] GC(85) ParOldGen: 152764K(175104K)->162840K(175104K)
[92.325s][info][gc,metaspace   ] GC(85) Metaspace: 41156K(41536K)->41156K(41536K) NonClass: 38341K(38592K)->38341K(38592K) Class: 2815K(2944K)->2815K(2944K)
[92.325s][info][gc             ] GC(85) Pause Young (Allocation Failure) 389M->160M(447M) 8.109ms
[92.325s][info][gc,cpu         ] GC(85) User=0.02s Sys=0.00s Real=0.01s
[93.649s][info][gc,start       ] GC(86) Pause Young (Allocation Failure)
[93.672s][info][gc,heap        ] GC(86) PSYoungGen: 238066K(283136K)->21763K(283648K) Eden: 237056K(237056K)->0K(237056K) From: 1010K(46080K)->21763K(46592K)
[93.672s][info][gc,heap        ] GC(86) ParOldGen: 162840K(175104K)->163631K(175104K)
[93.672s][info][gc,metaspace   ] GC(86) Metaspace: 41156K(41536K)->41156K(41536K) NonClass: 38341K(38592K)->38341K(38592K) Class: 2815K(2944K)->2815K(2944K)
[93.672s][info][gc             ] GC(86) Pause Young (Allocation Failure) 391M->181M(448M) 23.087ms
[93.673s][info][gc,cpu         ] GC(86) User=0.05s Sys=0.00s Real=0.02s
[95.071s][info][gc,start       ] GC(87) Pause Young (Allocation Failure)
[95.112s][info][gc,heap        ] GC(87) PSYoungGen: 258819K(283648K)->22320K(286208K) Eden: 237056K(237056K)->0K(241152K) From: 21763K(46592K)->22320K(45056K)
[95.112s][info][gc,heap        ] GC(87) ParOldGen: 163631K(175104K)->185528K(185856K)
[95.112s][info][gc,metaspace   ] GC(87) Metaspace: 41157K(41536K)->41157K(41536K) NonClass: 38342K(38592K)->38342K(38592K) Class: 2815K(2944K)->2815K(2944K)
[95.112s][info][gc             ] GC(87) Pause Young (Allocation Failure) 412M->202M(461M) 41.290ms
[95.112s][info][gc,cpu         ] GC(87) User=0.08s Sys=0.01s Real=0.04s
[96.112s][info][gc,start       ] GC(88) Pause Young (Allocation Failure)
[96.164s][info][gc,heap        ] GC(88) PSYoungGen: 263472K(286208K)->30935K(272384K) Eden: 241152K(241152K)->0K(241152K) From: 22320K(45056K)->30935K(31232K)
[96.164s][info][gc,heap        ] GC(88) ParOldGen: 185528K(185856K)->207837K(207872K)
[96.164s][info][gc,metaspace   ] GC(88) Metaspace: 41162K(41536K)->41162K(41536K) NonClass: 38347K(38592K)->38347K(38592K) Class: 2815K(2944K)->2815K(2944K)
[96.164s][info][gc             ] GC(88) Pause Young (Allocation Failure) 438M->233M(469M) 52.293ms
[96.164s][info][gc,cpu         ] GC(88) User=0.08s Sys=0.02s Real=0.05s
[96.783s][info][gc,start       ] GC(89) Pause Young (Allocation Failure)
[96.848s][info][gc,heap        ] GC(89) PSYoungGen: 272087K(272384K)->30028K(282624K) Eden: 241152K(241152K)->0K(234496K) From: 30935K(31232K)->30028K(48128K)
[96.848s][info][gc,heap        ] GC(89) ParOldGen: 207837K(207872K)->238438K(238592K)
[96.848s][info][gc,metaspace   ] GC(89) Metaspace: 41162K(41536K)->41162K(41536K) NonClass: 38347K(38592K)->38347K(38592K) Class: 2815K(2944K)->2815K(2944K)
[96.848s][info][gc             ] GC(89) Pause Young (Allocation Failure) 468M->262M(509M) 65.300ms
[96.848s][info][gc,cpu         ] GC(89) User=0.11s Sys=0.02s Real=0.07s
[97.386s][info][gc,start       ] GC(90) Pause Young (Allocation Failure)
[97.454s][info][gc,heap        ] GC(90) PSYoungGen: 264463K(282624K)->26808K(284160K) Eden: 234435K(234496K)->0K(234496K) From: 30028K(48128K)->26808K(49664K)
[97.454s][info][gc,heap        ] GC(90) ParOldGen: 238438K(238592K)->268694K(268800K)
[97.454s][info][gc,metaspace   ] GC(90) Metaspace: 41162K(41536K)->41162K(41536K) NonClass: 38347K(38592K)->38347K(38592K) Class: 2815K(2944K)->2815K(2944K)
[97.454s][info][gc             ] GC(90) Pause Young (Allocation Failure) 491M->288M(540M) 68.711ms
[97.455s][info][gc,cpu         ] GC(90) User=0.11s Sys=0.03s Real=0.07s
[99.038s][info][gc,start       ] GC(91) Pause Young (Allocation Failure)
[99.093s][info][gc,heap        ] GC(91) PSYoungGen: 261304K(284160K)->20208K(278016K) Eden: 234496K(234496K)->0K(234496K) From: 26808K(49664K)->20208K(43520K)
[99.093s][info][gc,heap        ] GC(91) ParOldGen: 268694K(268800K)->295447K(295936K)
[99.093s][info][gc,metaspace   ] GC(91) Metaspace: 41162K(41536K)->41162K(41536K) NonClass: 38347K(38592K)->38347K(38592K) Class: 2815K(2944K)->2815K(2944K)
[99.093s][info][gc             ] GC(91) Pause Young (Allocation Failure) 517M->308M(560M) 54.919ms
[99.093s][info][gc,cpu         ] GC(91) User=0.09s Sys=0.02s Real=0.05s
[100.073s][info][gc,start       ] GC(92) Pause Young (Allocation Failure)
[100.102s][info][gc,heap        ] GC(92) PSYoungGen: 254704K(278016K)->9047K(281088K) Eden: 234496K(234496K)->0K(234496K) From: 20208K(43520K)->9047K(46592K)
[100.102s][info][gc,heap        ] GC(92) ParOldGen: 295447K(295936K)->315708K(315904K)
[100.102s][info][gc,metaspace   ] GC(92) Metaspace: 41185K(41536K)->41185K(41536K) NonClass: 38369K(38592K)->38369K(38592K) Class: 2815K(2944K)->2815K(2944K)
[100.102s][info][gc             ] GC(92) Pause Young (Allocation Failure) 537M->317M(583M) 29.456ms
[100.102s][info][gc,cpu         ] GC(92) User=0.04s Sys=0.02s Real=0.03s
[101.354s][info][gc,start       ] GC(93) Pause Young (Allocation Failure)
[101.361s][info][gc,heap        ] GC(93) PSYoungGen: 243543K(281088K)->192K(286720K) Eden: 234496K(234496K)->0K(240640K) From: 9047K(46592K)->192K(46080K)
[101.361s][info][gc,heap        ] GC(93) ParOldGen: 315708K(315904K)->321365K(321536K)
[101.361s][info][gc,metaspace   ] GC(93) Metaspace: 41185K(41536K)->41185K(41536K) NonClass: 38369K(38592K)->38369K(38592K) Class: 2815K(2944K)->2815K(2944K)
[101.361s][info][gc             ] GC(93) Pause Young (Allocation Failure) 546M->314M(594M) 6.990ms
[101.361s][info][gc,cpu         ] GC(93) User=0.01s Sys=0.00s Real=0.01s
[102.692s][info][gc,start       ] GC(94) Pause Young (Allocation Failure)
[102.714s][info][gc,heap        ] GC(94) PSYoungGen: 240832K(286720K)->22551K(263680K) Eden: 240640K(240640K)->0K(240640K) From: 192K(46080K)->22551K(23040K)
[102.714s][info][gc,heap        ] GC(94) ParOldGen: 321365K(321536K)->321488K(321536K)
[102.714s][info][gc,metaspace   ] GC(94) Metaspace: 41185K(41536K)->41185K(41536K) NonClass: 38370K(38592K)->38370K(38592K) Class: 2815K(2944K)->2815K(2944K)
[102.714s][info][gc             ] GC(94) Pause Young (Allocation Failure) 549M->335M(571M) 22.746ms
[102.715s][info][gc,cpu         ] GC(94) User=0.04s Sys=0.00s Real=0.03s
[104.010s][info][gc,start       ] GC(95) Pause Young (Allocation Failure)
[104.059s][info][gc,heap        ] GC(95) PSYoungGen: 263191K(263680K)->23919K(287232K) Eden: 240640K(240640K)->0K(241664K) From: 22551K(23040K)->23919K(45568K)
[104.059s][info][gc,heap        ] GC(95) ParOldGen: 321488K(321536K)->344125K(344576K)
[104.059s][info][gc,metaspace   ] GC(95) Metaspace: 41186K(41536K)->41186K(41536K) NonClass: 38370K(38592K)->38370K(38592K) Class: 2815K(2944K)->2815K(2944K)
[104.059s][info][gc             ] GC(95) Pause Young (Allocation Failure) 570M->359M(617M) 49.037ms
[104.060s][info][gc,cpu         ] GC(95) User=0.08s Sys=0.02s Real=0.05s
[105.911s][info][gc,start       ] GC(96) Pause Young (Allocation Failure)
[105.949s][info][gc,heap        ] GC(96) PSYoungGen: 265583K(287232K)->14893K(257024K) Eden: 241664K(241664K)->0K(241664K) From: 23919K(45568K)->14893K(15360K)
[105.949s][info][gc,heap        ] GC(96) ParOldGen: 344125K(344576K)->366575K(366592K)
[105.949s][info][gc,metaspace   ] GC(96) Metaspace: 41215K(41600K)->41215K(41600K) NonClass: 38400K(38656K)->38400K(38656K) Class: 2815K(2944K)->2815K(2944K)
[105.949s][info][gc             ] GC(96) Pause Young (Allocation Failure) 595M->372M(609M) 37.678ms
[105.949s][info][gc,cpu         ] GC(96) User=0.06s Sys=0.02s Real=0.04s
[107.360s][info][gc,start       ] GC(97) Pause Young (Allocation Failure)
[107.377s][info][gc,heap        ] GC(97) PSYoungGen: 256557K(257024K)->3978K(286208K) Eden: 241664K(241664K)->0K(243200K) From: 14893K(15360K)->3978K(43008K)
[107.377s][info][gc,heap        ] GC(97) ParOldGen: 366575K(366592K)->376510K(376832K)
[107.377s][info][gc,metaspace   ] GC(97) Metaspace: 41227K(41664K)->41227K(41664K) NonClass: 38412K(38720K)->38412K(38720K) Class: 2815K(2944K)->2815K(2944K)
[107.377s][info][gc             ] GC(97) Pause Young (Allocation Failure) 608M->371M(647M) 17.640ms
[107.377s][info][gc,cpu         ] GC(97) User=0.03s Sys=0.01s Real=0.02s
[108.947s][info][gc,start       ] GC(98) Pause Young (Allocation Failure)
[108.970s][info][gc,heap        ] GC(98) PSYoungGen: 247178K(286208K)->22562K(286208K) Eden: 243200K(243200K)->0K(243200K) From: 3978K(43008K)->22562K(43008K)
[108.971s][info][gc,heap        ] GC(98) ParOldGen: 376510K(376832K)->377330K(377344K)
[108.971s][info][gc,metaspace   ] GC(98) Metaspace: 41235K(41664K)->41235K(41664K) NonClass: 38419K(38720K)->38419K(38720K) Class: 2815K(2944K)->2815K(2944K)
[108.971s][info][gc             ] GC(98) Pause Young (Allocation Failure) 609M->390M(648M) 23.179ms
[108.971s][info][gc,cpu         ] GC(98) User=0.05s Sys=0.00s Real=0.02s
[110.189s][info][gc,start       ] GC(99) Pause Young (Allocation Failure)
[110.196s][info][gc,heap        ] GC(99) PSYoungGen: 265762K(286208K)->4719K(290304K) Eden: 243200K(243200K)->0K(248320K) From: 22562K(43008K)->4719K(41984K)
[110.196s][info][gc,heap        ] GC(99) ParOldGen: 377330K(377344K)->378634K(378880K)
[110.196s][info][gc,metaspace   ] GC(99) Metaspace: 41250K(41664K)->41250K(41664K) NonClass: 38435K(38720K)->38435K(38720K) Class: 2815K(2944K)->2815K(2944K)
[110.196s][info][gc             ] GC(99) Pause Young (Allocation Failure) 628M->374M(653M) 7.245ms
[110.196s][info][gc,cpu         ] GC(99) User=0.01s Sys=0.00s Real=0.01s
[111.359s][info][gc,start       ] GC(100) Pause Young (Allocation Failure)
[111.367s][info][gc,heap        ] GC(100) PSYoungGen: 253039K(290304K)->4269K(290304K) Eden: 248320K(248320K)->0K(248320K) From: 4719K(41984K)->4269K(41984K)
[111.367s][info][gc,heap        ] GC(100) ParOldGen: 378634K(378880K)->379530K(379904K)
[111.367s][info][gc,metaspace   ] GC(100) Metaspace: 41265K(41664K)->41265K(41664K) NonClass: 38450K(38720K)->38450K(38720K) Class: 2815K(2944K)->2815K(2944K)
[111.367s][info][gc             ] GC(100) Pause Young (Allocation Failure) 616M->374M(654M) 7.247ms
[111.367s][info][gc,cpu         ] GC(100) User=0.02s Sys=0.00s Real=0.01s
[112.451s][info][gc,start       ] GC(101) Pause Young (Allocation Failure)
[112.480s][info][gc,heap        ] GC(101) PSYoungGen: 252589K(290304K)->24983K(290304K) Eden: 248320K(248320K)->0K(248832K) From: 4269K(41984K)->24983K(41472K)
[112.480s][info][gc,heap        ] GC(101) ParOldGen: 379530K(379904K)->380834K(380928K)
[112.480s][info][gc,metaspace   ] GC(101) Metaspace: 41271K(41664K)->41271K(41664K) NonClass: 38456K(38720K)->38456K(38720K) Class: 2815K(2944K)->2815K(2944K)
[112.481s][info][gc             ] GC(101) Pause Young (Allocation Failure) 617M->396M(655M) 29.932ms
[112.481s][info][gc,cpu         ] GC(101) User=0.06s Sys=0.00s Real=0.03s
[113.713s][info][gc,start       ] GC(102) Pause Young (Allocation Failure)
[113.729s][info][gc,heap        ] GC(102) PSYoungGen: 273815K(290304K)->13651K(262656K) Eden: 248832K(248832K)->0K(248832K) From: 24983K(41472K)->13651K(13824K)
[113.729s][info][gc,heap        ] GC(102) ParOldGen: 380834K(380928K)->381546K(381952K)
[113.729s][info][gc,metaspace   ] GC(102) Metaspace: 41274K(41664K)->41274K(41664K) NonClass: 38459K(38720K)->38459K(38720K) Class: 2815K(2944K)->2815K(2944K)
[113.729s][info][gc             ] GC(102) Pause Young (Allocation Failure) 639M->385M(629M) 15.305ms
[113.729s][info][gc,cpu         ] GC(102) User=0.03s Sys=0.00s Real=0.02s
[114.792s][info][gc,start       ] GC(103) Pause Young (Allocation Failure)
[114.805s][info][gc,heap        ] GC(103) PSYoungGen: 262483K(262656K)->14011K(292864K) Eden: 248832K(248832K)->0K(252416K) From: 13651K(13824K)->14011K(40448K)
[114.806s][info][gc,heap        ] GC(103) ParOldGen: 381546K(381952K)->382714K(382976K)
[114.806s][info][gc,metaspace   ] GC(103) Metaspace: 41278K(41728K)->41278K(41728K) NonClass: 38463K(38784K)->38463K(38784K) Class: 2815K(2944K)->2815K(2944K)
[114.806s][info][gc             ] GC(103) Pause Young (Allocation Failure) 628M->387M(660M) 13.884ms
[114.806s][info][gc,cpu         ] GC(103) User=0.02s Sys=0.00s Real=0.02s
[115.880s][info][gc,start       ] GC(104) Pause Young (Allocation Failure)
[115.892s][info][gc,heap        ] GC(104) PSYoungGen: 266427K(292864K)->10431K(290304K) Eden: 252416K(252416K)->0K(252416K) From: 14011K(40448K)->10431K(37888K)
[115.892s][info][gc,heap        ] GC(104) ParOldGen: 382714K(382976K)->383642K(384000K)
[115.892s][info][gc,metaspace   ] GC(104) Metaspace: 41285K(41728K)->41285K(41728K) NonClass: 38470K(38784K)->38470K(38784K) Class: 2815K(2944K)->2815K(2944K)
[115.892s][info][gc             ] GC(104) Pause Young (Allocation Failure) 633M->384M(658M) 11.607ms
[115.892s][info][gc,cpu         ] GC(104) User=0.03s Sys=0.00s Real=0.01s
[116.977s][info][gc,start       ] GC(105) Pause Young (Allocation Failure)
[116.987s][info][gc,heap        ] GC(105) PSYoungGen: 262847K(290304K)->9283K(293888K) Eden: 252416K(252416K)->0K(257024K) From: 10431K(37888K)->9283K(36864K)
[116.987s][info][gc,heap        ] GC(105) ParOldGen: 383642K(384000K)->384802K(385024K)
[116.987s][info][gc,metaspace   ] GC(105) Metaspace: 41304K(41728K)->41304K(41728K) NonClass: 38489K(38784K)->38489K(38784K) Class: 2815K(2944K)->2815K(2944K)
[116.987s][info][gc             ] GC(105) Pause Young (Allocation Failure) 631M->384M(663M) 10.170ms
[116.987s][info][gc,cpu         ] GC(105) User=0.02s Sys=0.00s Real=0.01s
[117.880s][info][gc,start       ] GC(106) Pause Young (Allocation Failure)
[117.925s][info][gc,heap        ] GC(106) PSYoungGen: 266307K(293888K)->35308K(292352K) Eden: 257024K(257024K)->0K(257024K) From: 9283K(36864K)->35308K(35328K)
[117.925s][info][gc,heap        ] GC(106) ParOldGen: 384802K(385024K)->395562K(395776K)
[117.925s][info][gc,metaspace   ] GC(106) Metaspace: 41305K(41728K)->41305K(41728K) NonClass: 38490K(38784K)->38490K(38784K) Class: 2815K(2944K)->2815K(2944K)
[117.925s][info][gc             ] GC(106) Pause Young (Allocation Failure) 635M->420M(672M) 45.553ms
[117.925s][info][gc,cpu         ] GC(106) User=0.07s Sys=0.01s Real=0.05s
[119.220s][info][gc,start       ] GC(107) Pause Young (Allocation Failure)
[119.274s][info][gc,heap        ] GC(107) PSYoungGen: 292332K(292352K)->23260K(286208K) Eden: 257024K(257024K)->0K(244736K) From: 35308K(35328K)->23260K(41472K)
[119.274s][info][gc,heap        ] GC(107) ParOldGen: 395562K(395776K)->414774K(415232K)
[119.274s][info][gc,metaspace   ] GC(107) Metaspace: 41305K(41728K)->41305K(41728K) NonClass: 38490K(38784K)->38490K(38784K) Class: 2815K(2944K)->2815K(2944K)
[119.274s][info][gc             ] GC(107) Pause Young (Allocation Failure) 671M->427M(685M) 54.007ms
[119.274s][info][gc,cpu         ] GC(107) User=0.09s Sys=0.02s Real=0.05s
[120.202s][info][gc,start       ] GC(108) Pause Young (Allocation Failure)
[120.251s][info][gc,heap        ] GC(108) PSYoungGen: 267996K(286208K)->16914K(289280K) Eden: 244736K(244736K)->0K(244736K) From: 23260K(41472K)->16914K(44544K)
[120.251s][info][gc,heap        ] GC(108) ParOldGen: 414774K(415232K)->437893K(438272K)
[120.251s][info][gc,metaspace   ] GC(108) Metaspace: 41326K(41728K)->41326K(41728K) NonClass: 38511K(38784K)->38511K(38784K) Class: 2815K(2944K)->2815K(2944K)
[120.251s][info][gc             ] GC(108) Pause Young (Allocation Failure) 666M->444M(710M) 49.109ms
[120.251s][info][gc,cpu         ] GC(108) User=0.08s Sys=0.02s Real=0.05s
[121.084s][info][gc,start       ] GC(109) Pause Young (Allocation Failure)
[121.106s][info][gc,heap        ] GC(109) PSYoungGen: 261650K(289280K)->23911K(288768K) Eden: 244736K(244736K)->0K(247296K) From: 16914K(44544K)->23911K(41472K)
[121.106s][info][gc,heap        ] GC(109) ParOldGen: 437893K(438272K)->441448K(441856K)
[121.106s][info][gc,metaspace   ] GC(109) Metaspace: 41345K(41728K)->41345K(41728K) NonClass: 38530K(38784K)->38530K(38784K) Class: 2815K(2944K)->2815K(2944K)
[121.106s][info][gc             ] GC(109) Pause Young (Allocation Failure) 683M->454M(713M) 22.116ms
[121.106s][info][gc,cpu         ] GC(109) User=0.05s Sys=0.00s Real=0.03s
[122.092s][info][gc,start       ] GC(110) Pause Young (Allocation Failure)
[122.107s][info][gc,heap        ] GC(110) PSYoungGen: 271207K(288768K)->4345K(289280K) Eden: 247296K(247296K)->0K(247296K) From: 23911K(41472K)->4345K(41984K)
[122.107s][info][gc,heap        ] GC(110) ParOldGen: 441448K(441856K)->451844K(452096K)
[122.107s][info][gc,metaspace   ] GC(110) Metaspace: 41346K(41728K)->41346K(41728K) NonClass: 38531K(38784K)->38531K(38784K) Class: 2815K(2944K)->2815K(2944K)
[122.107s][info][gc             ] GC(110) Pause Young (Allocation Failure) 695M->445M(724M) 15.436ms
[122.107s][info][gc,cpu         ] GC(110) User=0.03s Sys=0.01s Real=0.02s
[122.992s][info][gc,start       ] GC(111) Pause Young (Allocation Failure)
[123.023s][info][gc,heap        ] GC(111) PSYoungGen: 251641K(289280K)->34913K(283648K) Eden: 247296K(247296K)->0K(241664K) From: 4345K(41984K)->34913K(41984K)
[123.023s][info][gc,heap        ] GC(111) ParOldGen: 451844K(452096K)->452243K(452608K)
[123.023s][info][gc,metaspace   ] GC(111) Metaspace: 41346K(41728K)->41346K(41728K) NonClass: 38531K(38784K)->38531K(38784K) Class: 2815K(2944K)->2815K(2944K)
[123.023s][info][gc             ] GC(111) Pause Young (Allocation Failure) 686M->475M(719M) 30.995ms
[123.023s][info][gc,cpu         ] GC(111) User=0.06s Sys=0.00s Real=0.03s
[123.882s][info][gc,start       ] GC(112) Pause Young (Allocation Failure)
[123.891s][info][gc,heap        ] GC(112) PSYoungGen: 276577K(283648K)->10029K(287744K) Eden: 241664K(241664K)->0K(241664K) From: 34913K(41984K)->10029K(46080K)
[123.891s][info][gc,heap        ] GC(112) ParOldGen: 452243K(452608K)->453006K(453120K)
[123.891s][info][gc,metaspace   ] GC(112) Metaspace: 41347K(41728K)->41347K(41728K) NonClass: 38532K(38784K)->38532K(38784K) Class: 2815K(2944K)->2815K(2944K)
[123.891s][info][gc             ] GC(112) Pause Young (Allocation Failure) 711M->452M(723M) 8.651ms
[123.891s][info][gc,cpu         ] GC(112) User=0.01s Sys=0.00s Real=0.01s
[124.717s][info][gc,start       ] GC(113) Pause Young (Allocation Failure)
[124.759s][info][gc,heap        ] GC(113) PSYoungGen: 251693K(287744K)->45052K(266240K) Eden: 241664K(241664K)->0K(221184K) From: 10029K(46080K)->45052K(45056K)
[124.759s][info][gc,heap        ] GC(113) ParOldGen: 453006K(453120K)->464343K(464384K)
[124.759s][info][gc,metaspace   ] GC(113) Metaspace: 41347K(41728K)->41347K(41728K) NonClass: 38532K(38784K)->38532K(38784K) Class: 2815K(2944K)->2815K(2944K)
[124.759s][info][gc             ] GC(113) Pause Young (Allocation Failure) 688M->497M(713M) 42.348ms
[124.759s][info][gc,cpu         ] GC(113) User=0.07s Sys=0.01s Real=0.04s
[125.545s][info][gc,start       ] GC(114) Pause Young (Allocation Failure)
[125.671s][info][gc,heap        ] GC(114) PSYoungGen: 266236K(266240K)->56296K(277504K) Eden: 221184K(221184K)->0K(221184K) From: 45052K(45056K)->56296K(56320K)
[125.671s][info][gc,heap        ] GC(114) ParOldGen: 464343K(464384K)->547361K(547840K)
[125.671s][info][gc,metaspace   ] GC(114) Metaspace: 41347K(41728K)->41347K(41728K) NonClass: 38532K(38784K)->38532K(38784K) Class: 2815K(2944K)->2815K(2944K)
[125.671s][info][gc             ] GC(114) Pause Young (Allocation Failure) 713M->589M(806M) 125.569ms
[125.671s][info][gc,cpu         ] GC(114) User=0.18s Sys=0.06s Real=0.12s
[126.415s][info][gc,start       ] GC(115) Pause Young (Allocation Failure)
[126.491s][info][gc,heap        ] GC(115) PSYoungGen: 277480K(277504K)->15289K(203776K) Eden: 221184K(221184K)->0K(147456K) From: 56296K(56320K)->15289K(56320K)
[126.491s][info][gc,heap        ] GC(115) ParOldGen: 547361K(547840K)->603200K(603648K)
[126.491s][info][gc,metaspace   ] GC(115) Metaspace: 41347K(41728K)->41347K(41728K) NonClass: 38532K(38784K)->38532K(38784K) Class: 2815K(2944K)->2815K(2944K)
[126.491s][info][gc             ] GC(115) Pause Young (Allocation Failure) 805M->603M(788M) 76.380ms
[126.491s][info][gc,cpu         ] GC(115) User=0.11s Sys=0.04s Real=0.07s
[127.023s][info][gc,start       ] GC(116) Pause Full (Allocation Failure)
[127.023s][info][gc,phases,start] GC(116) Marking Phase
[127.109s][info][gc,phases      ] GC(116) Marking Phase 85.878ms
[127.109s][info][gc,phases,start] GC(116) Summary Phase
[127.109s][info][gc,phases      ] GC(116) Summary Phase 0.032ms
[127.109s][info][gc,phases,start] GC(116) Forward
[127.120s][info][gc,phases      ] GC(116) Forward 10.941ms
[127.120s][info][gc,phases,start] GC(116) Adjust Pointers
[127.164s][info][gc,phases      ] GC(116) Adjust Pointers 43.707ms
[127.164s][info][gc,phases,start] GC(116) Compaction Phase
[127.180s][info][gc,phases      ] GC(116) Compaction Phase 15.863ms
[127.180s][info][gc,phases,start] GC(116) Post Compact
[127.184s][info][gc,phases      ] GC(116) Post Compact 3.288ms
[127.213s][info][gc,heap        ] GC(116) PSYoungGen: 162745K(203776K)->0K(240640K) Eden: 147456K(147456K)->0K(147456K) From: 15289K(56320K)->0K(93184K)
[127.213s][info][gc,heap        ] GC(116) ParOldGen: 603200K(603648K)->86572K(228864K)
[127.213s][info][gc,metaspace   ] GC(116) Metaspace: 41347K(41728K)->41347K(41728K) NonClass: 38532K(38784K)->38532K(38784K) Class: 2815K(2944K)->2815K(2944K)
[127.213s][info][gc             ] GC(116) Pause Full (Allocation Failure) 747M->84M(458M) 189.770ms
[127.213s][info][gc,cpu         ] GC(116) User=0.24s Sys=0.03s Real=0.19s
[127.743s][info][gc,start       ] GC(117) Pause Young (Allocation Failure)
[127.750s][info][gc,heap        ] GC(117) PSYoungGen: 147456K(240640K)->8490K(236544K) Eden: 147456K(147456K)->0K(147456K) From: 0K(93184K)->8490K(89088K)
[127.750s][info][gc,heap        ] GC(117) ParOldGen: 86572K(228864K)->86572K(228864K)
[127.750s][info][gc,metaspace   ] GC(117) Metaspace: 41352K(41728K)->41352K(41728K) NonClass: 38537K(38784K)->38537K(38784K) Class: 2815K(2944K)->2815K(2944K)
[127.750s][info][gc             ] GC(117) Pause Young (Allocation Failure) 228M->92M(454M) 6.951ms
[127.750s][info][gc,cpu         ] GC(117) User=0.01s Sys=0.00s Real=0.01s
[128.216s][info][gc,start       ] GC(118) Pause Young (Allocation Failure)
[128.229s][info][gc,heap        ] GC(118) PSYoungGen: 155946K(236544K)->21162K(238592K) Eden: 147456K(147456K)->0K(147456K) From: 8490K(89088K)->21162K(91136K)
[128.229s][info][gc,heap        ] GC(118) ParOldGen: 86572K(228864K)->87809K(228864K)
[128.229s][info][gc,metaspace   ] GC(118) Metaspace: 41356K(41728K)->41356K(41728K) NonClass: 38541K(38784K)->38541K(38784K) Class: 2815K(2944K)->2815K(2944K)
[128.229s][info][gc             ] GC(118) Pause Young (Allocation Failure) 236M->106M(456M) 12.799ms
[128.229s][info][gc,cpu         ] GC(118) User=0.02s Sys=0.00s Real=0.01s
[128.714s][info][gc,start       ] GC(119) Pause Young (Allocation Failure)
[128.732s][info][gc,heap        ] GC(119) PSYoungGen: 168618K(238592K)->29616K(233984K) Eden: 147456K(147456K)->0K(156160K) From: 21162K(91136K)->29616K(77824K)
[128.732s][info][gc,heap        ] GC(119) ParOldGen: 87809K(228864K)->88473K(228864K)
[128.732s][info][gc,metaspace   ] GC(119) Metaspace: 41356K(41728K)->41356K(41728K) NonClass: 38541K(38784K)->38541K(38784K) Class: 2815K(2944K)->2815K(2944K)
[128.733s][info][gc             ] GC(119) Pause Young (Allocation Failure) 250M->115M(452M) 18.233ms
[128.733s][info][gc,cpu         ] GC(119) User=0.04s Sys=0.01s Real=0.02s
[129.245s][info][gc,start       ] GC(120) Pause Young (Allocation Failure)
[129.268s][info][gc,heap        ] GC(120) PSYoungGen: 185776K(233984K)->37781K(237056K) Eden: 156160K(156160K)->0K(156160K) From: 29616K(77824K)->37781K(80896K)
[129.268s][info][gc,heap        ] GC(120) ParOldGen: 88473K(228864K)->88832K(228864K)
[129.268s][info][gc,metaspace   ] GC(120) Metaspace: 41356K(41728K)->41356K(41728K) NonClass: 38541K(38784K)->38541K(38784K) Class: 2815K(2944K)->2815K(2944K)
[129.268s][info][gc             ] GC(120) Pause Young (Allocation Failure) 267M->123M(455M) 22.976ms
[129.268s][info][gc,cpu         ] GC(120) User=0.04s Sys=0.00s Real=0.02s
[129.781s][info][gc,start       ] GC(121) Pause Young (Allocation Failure)
[129.784s][info][gc,heap        ] GC(121) PSYoungGen: 193941K(237056K)->2303K(250368K) Eden: 156160K(156160K)->0K(173568K) From: 37781K(80896K)->2303K(76800K)
[129.784s][info][gc,heap        ] GC(121) ParOldGen: 88832K(228864K)->89273K(228864K)
[129.784s][info][gc,metaspace   ] GC(121) Metaspace: 41359K(41728K)->41359K(41728K) NonClass: 38544K(38784K)->38544K(38784K) Class: 2815K(2944K)->2815K(2944K)
[129.784s][info][gc             ] GC(121) Pause Young (Allocation Failure) 276M->89M(468M) 3.008ms
[129.784s][info][gc,cpu         ] GC(121) User=0.00s Sys=0.00s Real=0.00s
[130.291s][info][gc,start       ] GC(122) Pause Young (Allocation Failure)
[130.305s][info][gc,heap        ] GC(122) PSYoungGen: 175871K(250368K)->22335K(252416K) Eden: 173568K(173568K)->0K(173568K) From: 2303K(76800K)->22335K(78848K)
[130.305s][info][gc,heap        ] GC(122) ParOldGen: 89273K(228864K)->89836K(228864K)
[130.305s][info][gc,metaspace   ] GC(122) Metaspace: 41359K(41728K)->41359K(41728K) NonClass: 38544K(38784K)->38544K(38784K) Class: 2815K(2944K)->2815K(2944K)
[130.305s][info][gc             ] GC(122) Pause Young (Allocation Failure) 258M->109M(470M) 13.810ms
[130.305s][info][gc,cpu         ] GC(122) User=0.02s Sys=0.00s Real=0.02s
[130.833s][info][gc,start       ] GC(123) Pause Young (Allocation Failure)
[130.844s][info][gc,heap        ] GC(123) PSYoungGen: 195903K(252416K)->684K(253440K) Eden: 173568K(173568K)->0K(178688K) From: 22335K(78848K)->684K(74752K)
[130.844s][info][gc,heap        ] GC(123) ParOldGen: 89836K(228864K)->111228K(228864K)
[130.844s][info][gc,metaspace   ] GC(123) Metaspace: 41359K(41728K)->41359K(41728K) NonClass: 38544K(38784K)->38544K(38784K) Class: 2815K(2944K)->2815K(2944K)
[130.844s][info][gc             ] GC(123) Pause Young (Allocation Failure) 279M->109M(471M) 11.463ms
[130.844s][info][gc,cpu         ] GC(123) User=0.02s Sys=0.00s Real=0.01s
[131.341s][info][gc,start       ] GC(124) Pause Young (Allocation Failure)
[131.343s][info][gc,heap        ] GC(124) PSYoungGen: 179372K(253440K)->1440K(252928K) Eden: 178688K(178688K)->0K(178688K) From: 684K(74752K)->1440K(74240K)
[131.343s][info][gc,heap        ] GC(124) ParOldGen: 111228K(228864K)->111339K(228864K)
[131.343s][info][gc,metaspace   ] GC(124) Metaspace: 41359K(41728K)->41359K(41728K) NonClass: 38544K(38784K)->38544K(38784K) Class: 2815K(2944K)->2815K(2944K)
[131.343s][info][gc             ] GC(124) Pause Young (Allocation Failure) 283M->110M(470M) 2.239ms
[131.343s][info][gc,cpu         ] GC(124) User=0.00s Sys=0.00s Real=0.00s
[131.707s][info][gc,start       ] GC(125) Pause Young (Allocation Failure)
[131.711s][info][gc,heap        ] GC(125) PSYoungGen: 180128K(252928K)->3132K(258048K) Eden: 178688K(178688K)->0K(186368K) From: 1440K(74240K)->3132K(71680K)
[131.711s][info][gc,heap        ] GC(125) ParOldGen: 111339K(228864K)->111909K(228864K)
[131.711s][info][gc,metaspace   ] GC(125) Metaspace: 41368K(41728K)->41368K(41728K) NonClass: 38553K(38784K)->38553K(38784K) Class: 2815K(2944K)->2815K(2944K)
[131.711s][info][gc             ] GC(125) Pause Young (Allocation Failure) 284M->112M(475M) 3.561ms
[131.711s][info][gc,cpu         ] GC(125) User=0.01s Sys=0.00s Real=0.00s
[132.012s][info][gc,start       ] GC(126) Pause Young (Allocation Failure)
[132.016s][info][gc,heap        ] GC(126) PSYoungGen: 189500K(258048K)->3502K(257536K) Eden: 186368K(186368K)->0K(186368K) From: 3132K(71680K)->3502K(71168K)
[132.016s][info][gc,heap        ] GC(126) ParOldGen: 111909K(228864K)->113527K(228864K)
[132.016s][info][gc,metaspace   ] GC(126) Metaspace: 41385K(41792K)->41385K(41792K) NonClass: 38570K(38848K)->38570K(38848K) Class: 2815K(2944K)->2815K(2944K)
[132.016s][info][gc             ] GC(126) Pause Young (Allocation Failure) 294M->114M(475M) 4.208ms
[132.016s][info][gc,cpu         ] GC(126) User=0.01s Sys=0.00s Real=0.01s
[132.399s][info][gc,start       ] GC(127) Pause Young (Allocation Failure)
[132.407s][info][gc,heap        ] GC(127) PSYoungGen: 189081K(257536K)->10533K(258560K) Eden: 185578K(186368K)->0K(194048K) From: 3502K(71168K)->10533K(64512K)
[132.407s][info][gc,heap        ] GC(127) ParOldGen: 113527K(228864K)->113787K(228864K)
[132.407s][info][gc,metaspace   ] GC(127) Metaspace: 41426K(41792K)->41426K(41792K) NonClass: 38610K(38848K)->38610K(38848K) Class: 2815K(2944K)->2815K(2944K)
[132.407s][info][gc             ] GC(127) Pause Young (Allocation Failure) 295M->121M(476M) 7.292ms
[132.407s][info][gc,cpu         ] GC(127) User=0.01s Sys=0.00s Real=0.01s
[132.651s][info][gc,start       ] GC(128) Pause Young (Allocation Failure)
[132.657s][info][gc,heap        ] GC(128) PSYoungGen: 203111K(258560K)->1056K(259072K) Eden: 192578K(194048K)->0K(194048K) From: 10533K(64512K)->1056K(65024K)
[132.657s][info][gc,heap        ] GC(128) ParOldGen: 113787K(228864K)->124107K(228864K)
[132.657s][info][gc,metaspace   ] GC(128) Metaspace: 41426K(41792K)->41426K(41792K) NonClass: 38610K(38848K)->38610K(38848K) Class: 2815K(2944K)->2815K(2944K)
[132.657s][info][gc             ] GC(128) Pause Young (Allocation Failure) 309M->122M(476M) 6.796ms
[132.657s][info][gc,cpu         ] GC(128) User=0.01s Sys=0.00s Real=0.01s
[132.912s][info][gc,start       ] GC(129) Pause Young (Allocation Failure)
[132.919s][info][gc,heap        ] GC(129) PSYoungGen: 193288K(259072K)->1320K(266240K) Eden: 192232K(194048K)->0K(205824K) From: 1056K(65024K)->1320K(60416K)
[132.919s][info][gc,heap        ] GC(129) ParOldGen: 124107K(228864K)->125119K(228864K)
[132.919s][info][gc,metaspace   ] GC(129) Metaspace: 41426K(41792K)->41426K(41792K) NonClass: 38610K(38848K)->38610K(38848K) Class: 2815K(2944K)->2815K(2944K)
[132.919s][info][gc             ] GC(129) Pause Young (Allocation Failure) 309M->123M(483M) 6.436ms
[132.919s][info][gc,cpu         ] GC(129) User=0.01s Sys=0.00s Real=0.01s
[133.202s][info][gc,start       ] GC(130) Pause Young (Allocation Failure)
[133.211s][info][gc,heap        ] GC(130) PSYoungGen: 207144K(266240K)->3088K(266752K) Eden: 205824K(205824K)->0K(205824K) From: 1320K(60416K)->3088K(60928K)
[133.211s][info][gc,heap        ] GC(130) ParOldGen: 125119K(228864K)->126399K(228864K)
[133.211s][info][gc,metaspace   ] GC(130) Metaspace: 41437K(41856K)->41437K(41856K) NonClass: 38622K(38912K)->38622K(38912K) Class: 2815K(2944K)->2815K(2944K)
[133.211s][info][gc             ] GC(130) Pause Young (Allocation Failure) 324M->126M(484M) 8.840ms
[133.211s][info][gc,cpu         ] GC(130) User=0.01s Sys=0.00s Real=0.01s
[133.497s][info][gc,start       ] GC(131) Pause Young (Allocation Failure)
[133.505s][info][gc,heap        ] GC(131) PSYoungGen: 207827K(266752K)->4579K(269312K) Eden: 204738K(205824K)->0K(215040K) From: 3088K(60928K)->4579K(54272K)
[133.505s][info][gc,heap        ] GC(131) ParOldGen: 126399K(228864K)->129511K(228864K)
[133.505s][info][gc,metaspace   ] GC(131) Metaspace: 41470K(41856K)->41470K(41856K) NonClass: 38654K(38912K)->38654K(38912K) Class: 2816K(2944K)->2816K(2944K)
[133.505s][info][gc             ] GC(131) Pause Young (Allocation Failure) 326M->130M(486M) 7.527ms
[133.505s][info][gc,cpu         ] GC(131) User=0.01s Sys=0.00s Real=0.01s
[133.830s][info][gc,start       ] GC(132) Pause Young (Allocation Failure)
[133.850s][info][gc,heap        ] GC(132) PSYoungGen: 218805K(269312K)->5840K(269824K) Eden: 214226K(215040K)->0K(215040K) From: 4579K(54272K)->5840K(54784K)
[133.850s][info][gc,heap        ] GC(132) ParOldGen: 129511K(228864K)->134142K(228864K)
[133.850s][info][gc,metaspace   ] GC(132) Metaspace: 41479K(41856K)->41479K(41856K) NonClass: 38663K(38912K)->38663K(38912K) Class: 2816K(2944K)->2816K(2944K)
[133.850s][info][gc             ] GC(132) Pause Young (Allocation Failure) 340M->136M(487M) 20.077ms
[133.850s][info][gc,cpu         ] GC(132) User=0.04s Sys=0.00s Real=0.02s
[134.156s][info][gc,start       ] GC(133) Pause Young (Allocation Failure)
[134.167s][info][gc,heap        ] GC(133) PSYoungGen: 220550K(269824K)->4998K(276480K) Eden: 214709K(215040K)->0K(227328K) From: 5840K(54784K)->4998K(49152K)
[134.167s][info][gc,heap        ] GC(133) ParOldGen: 134142K(228864K)->140070K(228864K)
[134.167s][info][gc,metaspace   ] GC(133) Metaspace: 41482K(41856K)->41482K(41856K) NonClass: 38666K(38912K)->38666K(38912K) Class: 2816K(2944K)->2816K(2944K)
[134.167s][info][gc             ] GC(133) Pause Young (Allocation Failure) 346M->141M(493M) 11.136ms
[134.167s][info][gc,cpu         ] GC(133) User=0.02s Sys=0.00s Real=0.01s
[134.518s][info][gc,start       ] GC(134) Pause Young (Allocation Failure)
[134.544s][info][gc,heap        ] GC(134) PSYoungGen: 231631K(276480K)->10425K(276480K) Eden: 226633K(227328K)->0K(227328K) From: 4998K(49152K)->10425K(49152K)
[134.544s][info][gc,heap        ] GC(134) ParOldGen: 140070K(228864K)->145065K(228864K)
[134.544s][info][gc,metaspace   ] GC(134) Metaspace: 41510K(41856K)->41510K(41856K) NonClass: 38694K(38912K)->38694K(38912K) Class: 2816K(2944K)->2816K(2944K)
[134.544s][info][gc             ] GC(134) Pause Young (Allocation Failure) 362M->151M(493M) 26.610ms
[134.544s][info][gc,cpu         ] GC(134) User=0.05s Sys=0.00s Real=0.02s
[135.164s][info][gc,start       ] GC(135) Pause Young (Allocation Failure)
[135.181s][info][gc,heap        ] GC(135) PSYoungGen: 237753K(276480K)->8000K(281600K) Eden: 227328K(227328K)->0K(238592K) From: 10425K(49152K)->8000K(43008K)
[135.181s][info][gc,heap        ] GC(135) ParOldGen: 145065K(228864K)->155650K(228864K)
[135.181s][info][gc,metaspace   ] GC(135) Metaspace: 41556K(41920K)->41556K(41920K) NonClass: 38740K(38976K)->38740K(38976K) Class: 2816K(2944K)->2816K(2944K)
[135.181s][info][gc             ] GC(135) Pause Young (Allocation Failure) 373M->159M(498M) 17.671ms
[135.181s][info][gc,cpu         ] GC(135) User=0.04s Sys=0.00s Real=0.02s
[135.770s][info][gc,start       ] GC(136) Pause Young (Allocation Failure)
[135.781s][info][gc,heap        ] GC(136) PSYoungGen: 246592K(281600K)->2044K(281088K) Eden: 238592K(238592K)->0K(238592K) From: 8000K(43008K)->2044K(42496K)
[135.781s][info][gc,heap        ] GC(136) ParOldGen: 155650K(228864K)->162992K(228864K)
[135.781s][info][gc,metaspace   ] GC(136) Metaspace: 41562K(41920K)->41562K(41920K) NonClass: 38746K(38976K)->38746K(38976K) Class: 2816K(2944K)->2816K(2944K)
[135.781s][info][gc             ] GC(136) Pause Young (Allocation Failure) 392M->161M(498M) 10.857ms
[135.781s][info][gc,cpu         ] GC(136) User=0.02s Sys=0.00s Real=0.01s
[136.357s][info][gc,start       ] GC(137) Pause Young (Allocation Failure)
[136.361s][info][gc,heap        ] GC(137) PSYoungGen: 240636K(281088K)->3313K(289280K) Eden: 238592K(238592K)->0K(250368K) From: 2044K(42496K)->3313K(38912K)
[136.361s][info][gc,heap        ] GC(137) ParOldGen: 162992K(228864K)->163178K(228864K)
[136.361s][info][gc,metaspace   ] GC(137) Metaspace: 41567K(41920K)->41567K(41920K) NonClass: 38750K(38976K)->38750K(38976K) Class: 2816K(2944K)->2816K(2944K)
[136.361s][info][gc             ] GC(137) Pause Young (Allocation Failure) 394M->162M(506M) 4.139ms
[136.361s][info][gc,cpu         ] GC(137) User=0.00s Sys=0.00s Real=0.00s
[136.958s][info][gc,start       ] GC(138) Pause Young (Allocation Failure)
[136.965s][info][gc,heap        ] GC(138) PSYoungGen: 253681K(289280K)->4440K(289280K) Eden: 250368K(250368K)->0K(250368K) From: 3313K(38912K)->4440K(38912K)
[136.965s][info][gc,heap        ] GC(138) ParOldGen: 163178K(228864K)->163194K(228864K)
[136.965s][info][gc,metaspace   ] GC(138) Metaspace: 41567K(41920K)->41567K(41920K) NonClass: 38751K(38976K)->38751K(38976K) Class: 2816K(2944K)->2816K(2944K)
[136.965s][info][gc             ] GC(138) Pause Young (Allocation Failure) 407M->163M(506M) 6.874ms
[136.965s][info][gc,cpu         ] GC(138) User=0.01s Sys=0.00s Real=0.01s
[137.680s][info][gc,start       ] GC(139) Pause Young (Allocation Failure)
[137.684s][info][gc,heap        ] GC(139) PSYoungGen: 254808K(289280K)->5017K(291840K) Eden: 250368K(250368K)->0K(258048K) From: 4440K(38912K)->5017K(33792K)
[137.684s][info][gc,heap        ] GC(139) ParOldGen: 163194K(228864K)->163242K(228864K)
[137.684s][info][gc,metaspace   ] GC(139) Metaspace: 41574K(41920K)->41574K(41920K) NonClass: 38758K(38976K)->38758K(38976K) Class: 2816K(2944K)->2816K(2944K)
[137.684s][info][gc             ] GC(139) Pause Young (Allocation Failure) 408M->164M(508M) 3.832ms
[137.684s][info][gc,cpu         ] GC(139) User=0.01s Sys=0.00s Real=0.00s
[138.394s][info][gc,start       ] GC(140) Pause Young (Allocation Failure)
[138.398s][info][gc,heap        ] GC(140) PSYoungGen: 263065K(291840K)->3037K(292352K) Eden: 258048K(258048K)->0K(258048K) From: 5017K(33792K)->3037K(34304K)
[138.398s][info][gc,heap        ] GC(140) ParOldGen: 163242K(228864K)->164879K(228864K)
[138.398s][info][gc,metaspace   ] GC(140) Metaspace: 41579K(41920K)->41579K(41920K) NonClass: 38762K(38976K)->38762K(38976K) Class: 2816K(2944K)->2816K(2944K)
[138.398s][info][gc             ] GC(140) Pause Young (Allocation Failure) 416M->163M(509M) 3.401ms
[138.398s][info][gc,cpu         ] GC(140) User=0.01s Sys=0.00s Real=0.01s
[139.980s][info][gc,start       ] GC(141) Pause Young (Allocation Failure)
[139.995s][info][gc,heap        ] GC(141) PSYoungGen: 261085K(292352K)->13418K(299008K) Eden: 258048K(258048K)->0K(266240K) From: 3037K(34304K)->13418K(32768K)
[139.995s][info][gc,heap        ] GC(141) ParOldGen: 164879K(228864K)->165273K(228864K)
[139.995s][info][gc,metaspace   ] GC(141) Metaspace: 41698K(42112K)->41698K(42112K) NonClass: 38882K(39168K)->38882K(39168K) Class: 2816K(2944K)->2816K(2944K)
[139.995s][info][gc             ] GC(141) Pause Young (Allocation Failure) 415M->174M(515M) 14.801ms
[139.995s][info][gc,cpu         ] GC(141) User=0.02s Sys=0.00s Real=0.02s
[140.725s][info][gc,start       ] GC(142) Pause Young (Allocation Failure)
[140.764s][info][gc,heap        ] GC(142) PSYoungGen: 279658K(299008K)->29283K(295936K) Eden: 266240K(266240K)->0K(266240K) From: 13418K(32768K)->29283K(29696K)
[140.764s][info][gc,heap        ] GC(142) ParOldGen: 165273K(228864K)->178554K(228864K)
[140.764s][info][gc,metaspace   ] GC(142) Metaspace: 41698K(42112K)->41698K(42112K) NonClass: 38882K(39168K)->38882K(39168K) Class: 2816K(2944K)->2816K(2944K)
[140.764s][info][gc             ] GC(142) Pause Young (Allocation Failure) 434M->202M(512M) 39.496ms
[140.764s][info][gc,cpu         ] GC(142) User=0.07s Sys=0.00s Real=0.03s
[141.355s][info][gc,start       ] GC(143) Pause Young (Allocation Failure)
[141.413s][info][gc,heap        ] GC(143) PSYoungGen: 295523K(295936K)->29560K(287744K) Eden: 266240K(266240K)->0K(249856K) From: 29283K(29696K)->29560K(37888K)
[141.413s][info][gc,heap        ] GC(143) ParOldGen: 178554K(228864K)->207153K(228864K)
[141.413s][info][gc,metaspace   ] GC(143) Metaspace: 41698K(42112K)->41698K(42112K) NonClass: 38882K(39168K)->38882K(39168K) Class: 2816K(2944K)->2816K(2944K)
[141.413s][info][gc             ] GC(143) Pause Young (Allocation Failure) 462M->231M(504M) 58.093ms
[141.413s][info][gc,cpu         ] GC(143) User=0.11s Sys=0.00s Real=0.05s
[142.082s][info][gc,start       ] GC(144) Pause Young (GCLocker Initiated GC)
[142.137s][info][gc,heap        ] GC(144) PSYoungGen: 279416K(287744K)->28311K(278528K) Eden: 249856K(249856K)->0K(249856K) From: 29560K(37888K)->28311K(28672K)
[142.137s][info][gc,heap        ] GC(144) ParOldGen: 207153K(228864K)->234985K(235008K)
[142.137s][info][gc,metaspace   ] GC(144) Metaspace: 41701K(42112K)->41701K(42112K) NonClass: 38884K(39168K)->38884K(39168K) Class: 2816K(2944K)->2816K(2944K)
[142.137s][info][gc             ] GC(144) Pause Young (GCLocker Initiated GC) 475M->257M(501M) 55.439ms
[142.137s][info][gc,cpu         ] GC(144) User=0.10s Sys=0.00s Real=0.06s
[145.813s][info][gc,start       ] GC(145) Pause Young (Allocation Failure)
[145.852s][info][gc,heap        ] GC(145) PSYoungGen: 278167K(278528K)->5519K(290304K) Eden: 249856K(249856K)->0K(245248K) From: 28311K(28672K)->5519K(45056K)
[145.852s][info][gc,heap        ] GC(145) ParOldGen: 234985K(235008K)->263438K(263680K)
[145.852s][info][gc,metaspace   ] GC(145) Metaspace: 41773K(42176K)->41773K(42176K) NonClass: 38957K(39232K)->38957K(39232K) Class: 2816K(2944K)->2816K(2944K)
[145.852s][info][gc             ] GC(145) Pause Young (Allocation Failure) 501M->262M(541M) 39.186ms
[145.852s][info][gc,cpu         ] GC(145) User=0.06s Sys=0.01s Real=0.04s
[146.509s][info][gc,start       ] GC(146) Pause Young (Allocation Failure)
[146.541s][info][gc,heap        ] GC(146) PSYoungGen: 250767K(290304K)->28672K(274432K) Eden: 245248K(245248K)->0K(245248K) From: 5519K(45056K)->28672K(29184K)
[146.541s][info][gc,heap        ] GC(146) ParOldGen: 263438K(263680K)->267491K(267776K)
[146.541s][info][gc,metaspace   ] GC(146) Metaspace: 41776K(42176K)->41776K(42176K) NonClass: 38959K(39232K)->38959K(39232K) Class: 2816K(2944K)->2816K(2944K)
[146.541s][info][gc             ] GC(146) Pause Young (Allocation Failure) 502M->289M(529M) 32.498ms
[146.541s][info][gc,cpu         ] GC(146) User=0.06s Sys=0.00s Real=0.03s
[147.130s][info][gc,start       ] GC(147) Pause Young (Allocation Failure)
[147.199s][info][gc,heap        ] GC(147) PSYoungGen: 273920K(274432K)->29912K(282624K) Eden: 245248K(245248K)->0K(236544K) From: 28672K(29184K)->29912K(46080K)
[147.199s][info][gc,heap        ] GC(147) ParOldGen: 267491K(267776K)->295459K(295936K)
[147.199s][info][gc,metaspace   ] GC(147) Metaspace: 41776K(42176K)->41776K(42176K) NonClass: 38959K(39232K)->38959K(39232K) Class: 2816K(2944K)->2816K(2944K)
[147.199s][info][gc             ] GC(147) Pause Young (Allocation Failure) 528M->317M(565M) 69.668ms
[147.199s][info][gc,cpu         ] GC(147) User=0.12s Sys=0.02s Real=0.07s
[147.793s][info][gc,start       ] GC(148) Pause Young (Allocation Failure)
[147.860s][info][gc,heap        ] GC(148) PSYoungGen: 266456K(282624K)->29616K(266240K) Eden: 236544K(236544K)->0K(236544K) From: 29912K(46080K)->29616K(29696K)
[147.860s][info][gc,heap        ] GC(148) ParOldGen: 295459K(295936K)->323699K(324096K)
[147.860s][info][gc,metaspace   ] GC(148) Metaspace: 41776K(42176K)->41776K(42176K) NonClass: 38959K(39232K)->38959K(39232K) Class: 2816K(2944K)->2816K(2944K)
[147.860s][info][gc             ] GC(148) Pause Young (Allocation Failure) 548M->345M(576M) 66.436ms
[147.860s][info][gc,cpu         ] GC(148) User=0.11s Sys=0.02s Real=0.07s
[149.526s][info][gc,start       ] GC(149) Pause Young (Allocation Failure)
[149.573s][info][gc,heap        ] GC(149) PSYoungGen: 266160K(266240K)->13629K(286208K) Eden: 236544K(236544K)->0K(235520K) From: 29616K(29696K)->13629K(50688K)
[149.573s][info][gc,heap        ] GC(149) ParOldGen: 323699K(324096K)->353516K(353792K)
[149.573s][info][gc,metaspace   ] GC(149) Metaspace: 41776K(42176K)->41776K(42176K) NonClass: 38960K(39232K)->38960K(39232K) Class: 2816K(2944K)->2816K(2944K)
[149.573s][info][gc             ] GC(149) Pause Young (Allocation Failure) 576M->358M(625M) 47.510ms
[149.573s][info][gc,cpu         ] GC(149) User=0.06s Sys=0.03s Real=0.04s
[150.882s][info][gc,start       ] GC(150) Pause Young (Allocation Failure)
[150.896s][info][gc,heap        ] GC(150) PSYoungGen: 249149K(286208K)->795K(283136K) Eden: 235520K(235520K)->0K(235520K) From: 13629K(50688K)->795K(47616K)
[150.896s][info][gc,heap        ] GC(150) ParOldGen: 353516K(353792K)->365106K(365568K)
[150.896s][info][gc,metaspace   ] GC(150) Metaspace: 41776K(42176K)->41776K(42176K) NonClass: 38960K(39232K)->38960K(39232K) Class: 2816K(2944K)->2816K(2944K)
[150.896s][info][gc             ] GC(150) Pause Young (Allocation Failure) 588M->357M(633M) 14.398ms
[150.896s][info][gc,cpu         ] GC(150) User=0.02s Sys=0.01s Real=0.02s
[152.193s][info][gc,start       ] GC(151) Pause Young (Allocation Failure)
[152.216s][info][gc,heap        ] GC(151) PSYoungGen: 236315K(283136K)->22289K(283648K) Eden: 235520K(235520K)->0K(236032K) From: 795K(47616K)->22289K(47616K)
[152.216s][info][gc,heap        ] GC(151) ParOldGen: 365106K(365568K)->365851K(366080K)
[152.216s][info][gc,metaspace   ] GC(151) Metaspace: 41778K(42176K)->41778K(42176K) NonClass: 38961K(39232K)->38961K(39232K) Class: 2816K(2944K)->2816K(2944K)
[152.216s][info][gc             ] GC(151) Pause Young (Allocation Failure) 587M->379M(634M) 23.434ms
[152.216s][info][gc,cpu         ] GC(151) User=0.05s Sys=0.00s Real=0.03s
[153.604s][info][gc,start       ] GC(152) Pause Young (Allocation Failure)
[153.651s][info][gc,heap        ] GC(152) PSYoungGen: 258321K(283648K)->22118K(283136K) Eden: 236032K(236032K)->0K(236032K) From: 22289K(47616K)->22118K(47104K)
[153.651s][info][gc,heap        ] GC(152) ParOldGen: 365851K(366080K)->388305K(388608K)
[153.651s][info][gc,metaspace   ] GC(152) Metaspace: 41778K(42176K)->41778K(42176K) NonClass: 38961K(39232K)->38961K(39232K) Class: 2816K(2944K)->2816K(2944K)
[153.651s][info][gc             ] GC(152) Pause Young (Allocation Failure) 609M->400M(656M) 47.240ms
[153.651s][info][gc,cpu         ] GC(152) User=0.07s Sys=0.02s Real=0.05s
[154.698s][info][gc,start       ] GC(153) Pause Young (Allocation Failure)
[154.749s][info][gc,heap        ] GC(153) PSYoungGen: 258150K(283136K)->29893K(283136K) Eden: 236032K(236032K)->0K(237056K) From: 22118K(47104K)->29893K(46080K)
[154.749s][info][gc,heap        ] GC(153) ParOldGen: 388305K(388608K)->410419K(410624K)
[154.749s][info][gc,metaspace   ] GC(153) Metaspace: 41778K(42176K)->41778K(42176K) NonClass: 38961K(39232K)->38961K(39232K) Class: 2816K(2944K)->2816K(2944K)
[154.749s][info][gc             ] GC(153) Pause Young (Allocation Failure) 631M->429M(677M) 51.086ms
[154.749s][info][gc,cpu         ] GC(153) User=0.09s Sys=0.01s Real=0.05s
[155.352s][info][gc,start       ] GC(154) Pause Young (Allocation Failure)
[155.413s][info][gc,heap        ] GC(154) PSYoungGen: 266949K(283136K)->29580K(266752K) Eden: 237056K(237056K)->0K(237056K) From: 29893K(46080K)->29580K(29696K)
[155.414s][info][gc,heap        ] GC(154) ParOldGen: 410419K(410624K)->440052K(440320K)
[155.414s][info][gc,metaspace   ] GC(154) Metaspace: 41778K(42176K)->41778K(42176K) NonClass: 38961K(39232K)->38961K(39232K) Class: 2816K(2944K)->2816K(2944K)
[155.414s][info][gc             ] GC(154) Pause Young (Allocation Failure) 661M->458M(690M) 61.930ms
[155.414s][info][gc,cpu         ] GC(154) User=0.11s Sys=0.02s Real=0.06s
[155.948s][info][gc,start       ] GC(155) Pause Young (Allocation Failure)
[156.014s][info][gc,heap        ] GC(155) PSYoungGen: 266636K(266752K)->26968K(284672K) Eden: 237056K(237056K)->0K(235520K) From: 29580K(29696K)->26968K(49152K)
[156.014s][info][gc,heap        ] GC(155) ParOldGen: 440052K(440320K)->469820K(470016K)
[156.014s][info][gc,metaspace   ] GC(155) Metaspace: 41778K(42176K)->41778K(42176K) NonClass: 38961K(39232K)->38961K(39232K) Class: 2816K(2944K)->2816K(2944K)
[156.014s][info][gc             ] GC(155) Pause Young (Allocation Failure) 690M->485M(737M) 65.759ms
[156.014s][info][gc,cpu         ] GC(155) User=0.11s Sys=0.02s Real=0.06s
[157.500s][info][gc,start       ] GC(156) Pause Young (Allocation Failure)
[157.560s][info][gc,heap        ] GC(156) PSYoungGen: 262488K(284672K)->23418K(259072K) Eden: 235520K(235520K)->0K(235520K) From: 26968K(49152K)->23418K(23552K)
[157.560s][info][gc,heap        ] GC(156) ParOldGen: 469820K(470016K)->496813K(497152K)
[157.560s][info][gc,metaspace   ] GC(156) Metaspace: 41778K(42176K)->41778K(42176K) NonClass: 38961K(39232K)->38961K(39232K) Class: 2816K(2944K)->2816K(2944K)
[157.560s][info][gc             ] GC(156) Pause Young (Allocation Failure) 715M->508M(738M) 59.926ms
[157.560s][info][gc,cpu         ] GC(156) User=0.10s Sys=0.02s Real=0.06s
[158.495s][info][gc,start       ] GC(157) Pause Young (Allocation Failure)
[158.527s][info][gc,heap        ] GC(157) PSYoungGen: 258938K(259072K)->8657K(284160K) Eden: 235520K(235520K)->0K(236544K) From: 23418K(23552K)->8657K(47616K)
[158.527s][info][gc,heap        ] GC(157) ParOldGen: 496813K(497152K)->519330K(519680K)
[158.527s][info][gc,metaspace   ] GC(157) Metaspace: 41778K(42176K)->41778K(42176K) NonClass: 38961K(39232K)->38961K(39232K) Class: 2816K(2944K)->2816K(2944K)
[158.527s][info][gc             ] GC(157) Pause Young (Allocation Failure) 738M->515M(785M) 32.293ms
[158.527s][info][gc,cpu         ] GC(157) User=0.05s Sys=0.01s Real=0.03s
[159.807s][info][gc,start       ] GC(158) Pause Young (Allocation Failure)
[159.816s][info][gc,heap        ] GC(158) PSYoungGen: 245201K(284160K)->1707K(283136K) Eden: 236544K(236544K)->0K(236544K) From: 8657K(47616K)->1707K(46592K)
[159.816s][info][gc,heap        ] GC(158) ParOldGen: 519330K(519680K)->525070K(525312K)
[159.816s][info][gc,metaspace   ] GC(158) Metaspace: 41778K(42176K)->41778K(42176K) NonClass: 38961K(39232K)->38961K(39232K) Class: 2816K(2944K)->2816K(2944K)
[159.816s][info][gc             ] GC(158) Pause Young (Allocation Failure) 746M->514M(789M) 8.827ms
[159.816s][info][gc,cpu         ] GC(158) User=0.02s Sys=0.00s Real=0.01s
[161.131s][info][gc,start       ] GC(159) Pause Young (Allocation Failure)
[161.155s][info][gc,heap        ] GC(159) PSYoungGen: 238251K(283136K)->20925K(284672K) Eden: 236544K(236544K)->0K(240128K) From: 1707K(46592K)->20925K(44544K)
[161.155s][info][gc,heap        ] GC(159) ParOldGen: 525070K(525312K)->526316K(526336K)
[161.155s][info][gc,metaspace   ] GC(159) Metaspace: 41778K(42176K)->41778K(42176K) NonClass: 38961K(39232K)->38961K(39232K) Class: 2816K(2944K)->2816K(2944K)
[161.155s][info][gc             ] GC(159) Pause Young (Allocation Failure) 745M->534M(792M) 23.436ms
[161.155s][info][gc,cpu         ] GC(159) User=0.04s Sys=0.00s Real=0.03s
[162.463s][info][gc,start       ] GC(160) Pause Young (Allocation Failure)
[162.511s][info][gc,heap        ] GC(160) PSYoungGen: 261053K(284672K)->23845K(285696K) Eden: 240128K(240128K)->0K(240128K) From: 20925K(44544K)->23845K(45568K)
[162.511s][info][gc,heap        ] GC(160) ParOldGen: 526316K(526336K)->547448K(547840K)
[162.511s][info][gc,metaspace   ] GC(160) Metaspace: 41778K(42176K)->41778K(42176K) NonClass: 38961K(39232K)->38961K(39232K) Class: 2816K(2944K)->2816K(2944K)
[162.511s][info][gc             ] GC(160) Pause Young (Allocation Failure) 768M->557M(814M) 48.113ms
[162.511s][info][gc,cpu         ] GC(160) User=0.08s Sys=0.01s Real=0.05s
[163.587s][info][gc,start       ] GC(161) Pause Young (Allocation Failure)
[163.625s][info][gc,heap        ] GC(161) PSYoungGen: 263973K(285696K)->12922K(283648K) Eden: 240128K(240128K)->0K(243200K) From: 23845K(45568K)->12922K(40448K)
[163.625s][info][gc,heap        ] GC(161) ParOldGen: 547448K(547840K)->571303K(571392K)
[163.625s][info][gc,metaspace   ] GC(161) Metaspace: 41791K(42176K)->41791K(42176K) NonClass: 38975K(39232K)->38975K(39232K) Class: 2816K(2944K)->2816K(2944K)
[163.625s][info][gc             ] GC(161) Pause Young (Allocation Failure) 792M->570M(835M) 38.650ms
[163.625s][info][gc,cpu         ] GC(161) User=0.05s Sys=0.02s Real=0.04s
[164.611s][info][gc,start       ] GC(162) Pause Young (Allocation Failure)
[164.627s][info][gc,heap        ] GC(162) PSYoungGen: 254401K(283648K)->1385K(286208K) Eden: 241479K(243200K)->0K(243200K) From: 12922K(40448K)->1385K(43008K)
[164.627s][info][gc,heap        ] GC(162) ParOldGen: 571303K(571392K)->582236K(582656K)
[164.627s][info][gc,metaspace   ] GC(162) Metaspace: 41798K(42176K)->41798K(42176K) NonClass: 38981K(39232K)->38981K(39232K) Class: 2816K(2944K)->2816K(2944K)
[164.627s][info][gc             ] GC(162) Pause Young (Allocation Failure) 806M->569M(848M) 15.855ms
[164.627s][info][gc,cpu         ] GC(162) User=0.02s Sys=0.01s Real=0.02s
[165.573s][info][gc,start       ] GC(163) Pause Young (Allocation Failure)
[165.602s][info][gc,heap        ] GC(163) PSYoungGen: 244585K(286208K)->23275K(290304K) Eden: 243200K(243200K)->0K(246784K) From: 1385K(43008K)->23275K(43520K)
[165.602s][info][gc,heap        ] GC(163) ParOldGen: 582236K(582656K)->583112K(583168K)
[165.602s][info][gc,metaspace   ] GC(163) Metaspace: 41803K(42176K)->41803K(42176K) NonClass: 38987K(39232K)->38987K(39232K) Class: 2816K(2944K)->2816K(2944K)
[165.602s][info][gc             ] GC(163) Pause Young (Allocation Failure) 807M->592M(853M) 28.888ms
[165.602s][info][gc,cpu         ] GC(163) User=0.05s Sys=0.00s Real=0.03s
[166.441s][info][gc,start       ] GC(164) Pause Young (Allocation Failure)
[166.446s][info][gc,heap        ] GC(164) PSYoungGen: 270059K(290304K)->1169K(290304K) Eden: 246784K(246784K)->0K(246784K) From: 23275K(43520K)->1169K(43520K)
[166.446s][info][gc,heap        ] GC(164) ParOldGen: 583112K(583168K)->584288K(584704K)
[166.446s][info][gc,metaspace   ] GC(164) Metaspace: 41804K(42176K)->41804K(42176K) NonClass: 38988K(39232K)->38988K(39232K) Class: 2816K(2944K)->2816K(2944K)
[166.446s][info][gc             ] GC(164) Pause Young (Allocation Failure) 833M->571M(854M) 4.708ms
[166.446s][info][gc,cpu         ] GC(164) User=0.01s Sys=0.01s Real=0.01s
[167.257s][info][gc,start       ] GC(165) Pause Young (Allocation Failure)
[167.266s][info][gc,heap        ] GC(165) PSYoungGen: 247953K(290304K)->8347K(287232K) Eden: 246784K(246784K)->0K(246784K) From: 1169K(43520K)->8347K(40448K)
[167.266s][info][gc,heap        ] GC(165) ParOldGen: 584288K(584704K)->585272K(585728K)
[167.266s][info][gc,metaspace   ] GC(165) Metaspace: 41804K(42176K)->41804K(42176K) NonClass: 38988K(39232K)->38988K(39232K) Class: 2816K(2944K)->2816K(2944K)
[167.266s][info][gc             ] GC(165) Pause Young (Allocation Failure) 812M->579M(852M) 9.263ms
[167.266s][info][gc,cpu         ] GC(165) User=0.02s Sys=0.01s Real=0.01s
[168.208s][info][gc,start       ] GC(166) Pause Young (Allocation Failure)
[168.230s][info][gc,heap        ] GC(166) PSYoungGen: 255131K(287232K)->24000K(288768K) Eden: 246784K(246784K)->0K(246784K) From: 8347K(40448K)->24000K(41984K)
[168.230s][info][gc,heap        ] GC(166) ParOldGen: 585272K(585728K)->586512K(586752K)
[168.231s][info][gc,metaspace   ] GC(166) Metaspace: 41805K(42176K)->41805K(42176K) NonClass: 38989K(39232K)->38989K(39232K) Class: 2816K(2944K)->2816K(2944K)
[168.231s][info][gc             ] GC(166) Pause Young (Allocation Failure) 820M->596M(855M) 22.164ms
[168.231s][info][gc,cpu         ] GC(166) User=0.04s Sys=0.00s Real=0.02s
[169.148s][info][gc,start       ] GC(167) Pause Young (Allocation Failure)
[169.172s][info][gc,heap        ] GC(167) PSYoungGen: 270784K(288768K)->13216K(288256K) Eden: 246784K(246784K)->0K(249344K) From: 24000K(41984K)->13216K(38912K)
[169.172s][info][gc,heap        ] GC(167) ParOldGen: 586512K(586752K)->587264K(587776K)
[169.172s][info][gc,metaspace   ] GC(167) Metaspace: 41805K(42176K)->41805K(42176K) NonClass: 38989K(39232K)->38989K(39232K) Class: 2816K(2944K)->2816K(2944K)
[169.172s][info][gc             ] GC(167) Pause Young (Allocation Failure) 837M->586M(855M) 24.165ms
[169.172s][info][gc,cpu         ] GC(167) User=0.03s Sys=0.00s Real=0.02s
[170.011s][info][gc,start       ] GC(168) Pause Young (Allocation Failure)
[170.020s][info][gc,heap        ] GC(168) PSYoungGen: 262560K(288256K)->8597K(289792K) Eden: 249344K(249344K)->0K(249344K) From: 13216K(38912K)->8597K(40448K)
[170.020s][info][gc,heap        ] GC(168) ParOldGen: 587264K(587776K)->588424K(588800K)
[170.020s][info][gc,metaspace   ] GC(168) Metaspace: 41805K(42176K)->41805K(42176K) NonClass: 38989K(39232K)->38989K(39232K) Class: 2816K(2944K)->2816K(2944K)
[170.020s][info][gc             ] GC(168) Pause Young (Allocation Failure) 829M->583M(858M) 8.821ms
[170.020s][info][gc,cpu         ] GC(168) User=0.02s Sys=0.00s Real=0.01s
[170.954s][info][gc,start       ] GC(169) Pause Young (Allocation Failure)
[170.960s][info][gc,heap        ] GC(169) PSYoungGen: 257941K(289792K)->5429K(292352K) Eden: 249344K(249344K)->0K(254464K) From: 8597K(40448K)->5429K(37888K)
[170.960s][info][gc,heap        ] GC(169) ParOldGen: 588424K(588800K)->589360K(589824K)
[170.960s][info][gc,metaspace   ] GC(169) Metaspace: 41805K(42176K)->41805K(42176K) NonClass: 38989K(39232K)->38989K(39232K) Class: 2816K(2944K)->2816K(2944K)
[170.960s][info][gc             ] GC(169) Pause Young (Allocation Failure) 826M->580M(861M) 6.473ms
[170.960s][info][gc,cpu         ] GC(169) User=0.01s Sys=0.00s Real=0.01s
[172.021s][info][gc,start       ] GC(170) Pause Young (Allocation Failure)
[172.035s][info][gc,heap        ] GC(170) PSYoungGen: 259893K(292352K)->12940K(292864K) Eden: 254464K(254464K)->0K(254464K) From: 5429K(37888K)->12940K(38400K)
[172.035s][info][gc,heap        ] GC(170) ParOldGen: 589360K(589824K)->590472K(590848K)
[172.035s][info][gc,metaspace   ] GC(170) Metaspace: 41805K(42176K)->41805K(42176K) NonClass: 38989K(39232K)->38989K(39232K) Class: 2816K(2944K)->2816K(2944K)
[172.035s][info][gc             ] GC(170) Pause Young (Allocation Failure) 829M->589M(863M) 13.970ms
[172.035s][info][gc,cpu         ] GC(170) User=0.03s Sys=0.00s Real=0.02s
[172.779s][info][gc,start       ] GC(171) Pause Young (Allocation Failure)
[172.820s][info][gc,heap        ] GC(171) PSYoungGen: 267404K(292864K)->35810K(280576K) Eden: 254464K(254464K)->0K(244736K) From: 12940K(38400K)->35810K(35840K)
[172.820s][info][gc,heap        ] GC(171) ParOldGen: 590472K(590848K)->597435K(597504K)
[172.820s][info][gc,metaspace   ] GC(171) Metaspace: 41807K(42176K)->41807K(42176K) NonClass: 38990K(39232K)->38990K(39232K) Class: 2816K(2944K)->2816K(2944K)
[172.820s][info][gc             ] GC(171) Pause Young (Allocation Failure) 837M->618M(857M) 41.235ms
[172.820s][info][gc,cpu         ] GC(171) User=0.07s Sys=0.01s Real=0.04s
[173.918s][info][gc,start       ] GC(172) Pause Young (Allocation Failure)
[173.979s][info][gc,heap        ] GC(172) PSYoungGen: 280546K(280576K)->26191K(271360K) Eden: 244736K(244736K)->0K(244736K) From: 35810K(35840K)->26191K(26624K)
[173.979s][info][gc,heap        ] GC(172) ParOldGen: 597435K(597504K)->620109K(620544K)
[173.979s][info][gc,metaspace   ] GC(172) Metaspace: 41807K(42176K)->41807K(42176K) NonClass: 38990K(39232K)->38990K(39232K) Class: 2816K(2944K)->2816K(2944K)
[173.979s][info][gc             ] GC(172) Pause Young (Allocation Failure) 857M->631M(871M) 60.787ms
[173.979s][info][gc,cpu         ] GC(172) User=0.11s Sys=0.02s Real=0.06s
[175.141s][info][gc,start       ] GC(173) Pause Young (Allocation Failure)
[175.244s][info][gc,heap        ] GC(173) PSYoungGen: 270927K(271360K)->29316K(284672K) Eden: 244736K(244736K)->0K(239616K) From: 26191K(26624K)->29316K(45056K)
[175.244s][info][gc,heap        ] GC(173) ParOldGen: 620109K(620544K)->646168K(646656K)
[175.244s][info][gc,metaspace   ] GC(173) Metaspace: 41807K(42176K)->41807K(42176K) NonClass: 38991K(39232K)->38991K(39232K) Class: 2816K(2944K)->2816K(2944K)
[175.244s][info][gc             ] GC(173) Pause Young (Allocation Failure) 870M->659M(909M) 103.245ms
[175.244s][info][gc,cpu         ] GC(173) User=0.19s Sys=0.02s Real=0.10s
[175.990s][info][gc,start       ] GC(174) Pause Full (Allocation Failure)
[175.990s][info][gc,phases,start] GC(174) Marking Phase
[176.089s][info][gc,phases      ] GC(174) Marking Phase 98.344ms
[176.089s][info][gc,phases,start] GC(174) Summary Phase
[176.089s][info][gc,phases      ] GC(174) Summary Phase 0.055ms
[176.089s][info][gc,phases,start] GC(174) Forward
[176.110s][info][gc,phases      ] GC(174) Forward 21.850ms
[176.111s][info][gc,phases,start] GC(174) Adjust Pointers
[176.173s][info][gc,phases      ] GC(174) Adjust Pointers 62.831ms
[176.173s][info][gc,phases,start] GC(174) Compaction Phase
[176.195s][info][gc,phases      ] GC(174) Compaction Phase 21.349ms
[176.195s][info][gc,phases,start] GC(174) Post Compact
[176.198s][info][gc,phases      ] GC(174) Post Compact 3.304ms
[176.231s][info][gc,heap        ] GC(174) PSYoungGen: 268932K(284672K)->0K(286720K) Eden: 239616K(239616K)->0K(239616K) From: 29316K(45056K)->0K(47104K)
[176.232s][info][gc,heap        ] GC(174) ParOldGen: 646168K(646656K)->102075K(221184K)
[176.232s][info][gc,metaspace   ] GC(174) Metaspace: 41814K(42176K)->41814K(42176K) NonClass: 38998K(39232K)->38998K(39232K) Class: 2816K(2944K)->2816K(2944K)
[176.232s][info][gc             ] GC(174) Pause Full (Allocation Failure) 893M->99M(496M) 241.476ms
[176.232s][info][gc,cpu         ] GC(174) User=0.39s Sys=0.03s Real=0.24s
[177.006s][info][gc,start       ] GC(175) Pause Young (Allocation Failure)
[177.032s][info][gc,heap        ] GC(175) PSYoungGen: 239616K(286720K)->40751K(276480K) Eden: 239616K(239616K)->0K(229376K) From: 0K(47104K)->40751K(47104K)
[177.032s][info][gc,heap        ] GC(175) ParOldGen: 102075K(221184K)->102075K(221184K)
[177.032s][info][gc,metaspace   ] GC(175) Metaspace: 41814K(42176K)->41814K(42176K) NonClass: 38998K(39232K)->38998K(39232K) Class: 2816K(2944K)->2816K(2944K)
[177.032s][info][gc             ] GC(175) Pause Young (Allocation Failure) 333M->139M(486M) 26.332ms
[177.032s][info][gc,cpu         ] GC(175) User=0.06s Sys=0.00s Real=0.02s
[177.760s][info][gc,start       ] GC(176) Pause Young (Allocation Failure)
[177.781s][info][gc,heap        ] GC(176) PSYoungGen: 270127K(276480K)->8774K(281600K) Eden: 229376K(229376K)->0K(229376K) From: 40751K(47104K)->8774K(52224K)
[177.781s][info][gc,heap        ] GC(176) ParOldGen: 102075K(221184K)->128841K(221184K)
[177.781s][info][gc,metaspace   ] GC(176) Metaspace: 41820K(42176K)->41820K(42176K) NonClass: 39004K(39232K)->39004K(39232K) Class: 2816K(2944K)->2816K(2944K)
[177.781s][info][gc             ] GC(176) Pause Young (Allocation Failure) 363M->134M(491M) 21.691ms
[177.781s][info][gc,cpu         ] GC(176) User=0.04s Sys=0.00s Real=0.02s
[178.581s][info][gc,start       ] GC(177) Pause Young (Allocation Failure)
[178.597s][info][gc,heap        ] GC(177) PSYoungGen: 238150K(281600K)->21495K(275456K) Eden: 229376K(229376K)->0K(230400K) From: 8774K(52224K)->21495K(45056K)
[178.597s][info][gc,heap        ] GC(177) ParOldGen: 128841K(221184K)->129544K(221184K)
[178.597s][info][gc,metaspace   ] GC(177) Metaspace: 41820K(42176K)->41820K(42176K) NonClass: 39004K(39232K)->39004K(39232K) Class: 2816K(2944K)->2816K(2944K)
[178.597s][info][gc             ] GC(177) Pause Young (Allocation Failure) 358M->147M(485M) 15.200ms
[178.597s][info][gc,cpu         ] GC(177) User=0.03s Sys=0.00s Real=0.02s
[179.345s][info][gc,start       ] GC(178) Pause Young (Allocation Failure)
[179.383s][info][gc,heap        ] GC(178) PSYoungGen: 251895K(275456K)->48611K(279040K) Eden: 230400K(230400K)->0K(230400K) From: 21495K(45056K)->48611K(48640K)
[179.383s][info][gc,heap        ] GC(178) ParOldGen: 129544K(221184K)->146016K(221184K)
[179.383s][info][gc,metaspace   ] GC(178) Metaspace: 41821K(42176K)->41821K(42176K) NonClass: 39004K(39232K)->39004K(39232K) Class: 2816K(2944K)->2816K(2944K)
[179.383s][info][gc             ] GC(178) Pause Young (Allocation Failure) 372M->190M(488M) 38.298ms
[179.383s][info][gc,cpu         ] GC(178) User=0.07s Sys=0.00s Real=0.03s
[180.186s][info][gc,start       ] GC(179) Pause Young (Allocation Failure)
[180.313s][info][gc,heap        ] GC(179) PSYoungGen: 279011K(279040K)->54753K(166400K) Eden: 230400K(230400K)->0K(111616K) From: 48611K(48640K)->54753K(54784K)
[180.313s][info][gc,heap        ] GC(179) ParOldGen: 146016K(221184K)->263777K(264192K)
[180.313s][info][gc,metaspace   ] GC(179) Metaspace: 41821K(42176K)->41821K(42176K) NonClass: 39004K(39232K)->39004K(39232K) Class: 2816K(2944K)->2816K(2944K)
[180.313s][info][gc             ] GC(179) Pause Young (Allocation Failure) 415M->311M(420M) 127.173ms
[180.313s][info][gc,cpu         ] GC(179) User=0.21s Sys=0.03s Real=0.12s
[180.710s][info][gc,start       ] GC(180) Pause Young (Allocation Failure)
[180.801s][info][gc,heap        ] GC(180) PSYoungGen: 166369K(166400K)->60023K(222720K) Eden: 111616K(111616K)->0K(111616K) From: 54753K(54784K)->60023K(111104K)
[180.801s][info][gc,heap        ] GC(180) ParOldGen: 263777K(264192K)->305325K(305664K)
[180.801s][info][gc,metaspace   ] GC(180) Metaspace: 41821K(42176K)->41821K(42176K) NonClass: 39004K(39232K)->39004K(39232K) Class: 2816K(2944K)->2816K(2944K)
[180.801s][info][gc             ] GC(180) Pause Young (Allocation Failure) 420M->356M(516M) 90.137ms
[180.801s][info][gc,cpu         ] GC(180) User=0.15s Sys=0.03s Real=0.09s
[181.173s][info][gc,start       ] GC(181) Pause Young (Allocation Failure)
[181.240s][info][gc,heap        ] GC(181) PSYoungGen: 171639K(222720K)->11378K(222720K) Eden: 111616K(111616K)->0K(111616K) From: 60023K(111104K)->11378K(111104K)
[181.240s][info][gc,heap        ] GC(181) ParOldGen: 305325K(305664K)->359554K(359936K)
[181.240s][info][gc,metaspace   ] GC(181) Metaspace: 41821K(42176K)->41821K(42176K) NonClass: 39004K(39232K)->39004K(39232K) Class: 2816K(2944K)->2816K(2944K)
[181.240s][info][gc             ] GC(181) Pause Young (Allocation Failure) 465M->362M(569M) 66.343ms
[181.240s][info][gc,cpu         ] GC(181) User=0.10s Sys=0.03s Real=0.07s
[181.598s][info][gc,start       ] GC(182) Pause Young (Allocation Failure)
[181.612s][info][gc,heap        ] GC(182) PSYoungGen: 122994K(222720K)->8659K(120320K) Eden: 111616K(111616K)->0K(111616K) From: 11378K(111104K)->8659K(8704K)
[181.613s][info][gc,heap        ] GC(182) ParOldGen: 359554K(359936K)->366991K(367104K)
[181.613s][info][gc,metaspace   ] GC(182) Metaspace: 41823K(42176K)->41823K(42176K) NonClass: 39006K(39232K)->39006K(39232K) Class: 2816K(2944K)->2816K(2944K)
[181.613s][info][gc             ] GC(182) Pause Young (Allocation Failure) 471M->366M(476M) 14.273ms
[181.613s][info][gc,cpu         ] GC(182) User=0.03s Sys=0.00s Real=0.01s
[182.006s][info][gc,start       ] GC(183) Pause Young (Allocation Failure)
[182.032s][info][gc,heap        ] GC(183) PSYoungGen: 120275K(120320K)->39715K(226816K) Eden: 111616K(111616K)->0K(117248K) From: 8659K(8704K)->39715K(109568K)
[182.032s][info][gc,heap        ] GC(183) ParOldGen: 366991K(367104K)->367536K(367616K)
[182.032s][info][gc,metaspace   ] GC(183) Metaspace: 41823K(42176K)->41823K(42176K) NonClass: 39007K(39232K)->39007K(39232K) Class: 2816K(2944K)->2816K(2944K)
[182.032s][info][gc             ] GC(183) Pause Young (Allocation Failure) 475M->397M(580M) 26.270ms
[182.032s][info][gc,cpu         ] GC(183) User=0.05s Sys=0.00s Real=0.02s
[182.433s][info][gc,start       ] GC(184) Pause Young (Allocation Failure)
[182.450s][info][gc,heap        ] GC(184) PSYoungGen: 156963K(226816K)->22712K(140288K) Eden: 117248K(117248K)->0K(117248K) From: 39715K(109568K)->22712K(23040K)
[182.450s][info][gc,heap        ] GC(184) ParOldGen: 367536K(367616K)->368039K(368128K)
[182.450s][info][gc,metaspace   ] GC(184) Metaspace: 41823K(42176K)->41823K(42176K) NonClass: 39007K(39232K)->39007K(39232K) Class: 2816K(2944K)->2816K(2944K)
[182.450s][info][gc             ] GC(184) Pause Young (Allocation Failure) 512M->381M(496M) 16.943ms
[182.450s][info][gc,cpu         ] GC(184) User=0.03s Sys=0.00s Real=0.02s
[182.851s][info][gc,start       ] GC(185) Pause Young (Allocation Failure)
[182.856s][info][gc,heap        ] GC(185) PSYoungGen: 139960K(140288K)->2527K(220672K) Eden: 117248K(117248K)->0K(121344K) From: 22712K(23040K)->2527K(99328K)
[182.856s][info][gc,heap        ] GC(185) ParOldGen: 368039K(368128K)->368672K(369152K)
[182.856s][info][gc,metaspace   ] GC(185) Metaspace: 41823K(42176K)->41823K(42176K) NonClass: 39007K(39232K)->39007K(39232K) Class: 2816K(2944K)->2816K(2944K)
[182.856s][info][gc             ] GC(185) Pause Young (Allocation Failure) 496M->362M(576M) 4.751ms
[182.856s][info][gc,cpu         ] GC(185) User=0.01s Sys=0.00s Real=0.01s
[183.231s][info][gc,start       ] GC(186) Pause Young (Allocation Failure)
[183.234s][info][gc,heap        ] GC(186) PSYoungGen: 123871K(220672K)->928K(219648K) Eden: 121344K(121344K)->0K(121344K) From: 2527K(99328K)->928K(98304K)
[183.234s][info][gc,heap        ] GC(186) ParOldGen: 368672K(369152K)->369241K(369664K)
[183.234s][info][gc,metaspace   ] GC(186) Metaspace: 41823K(42176K)->41823K(42176K) NonClass: 39007K(39232K)->39007K(39232K) Class: 2816K(2944K)->2816K(2944K)
[183.234s][info][gc             ] GC(186) Pause Young (Allocation Failure) 481M->361M(575M) 3.147ms
[183.234s][info][gc,cpu         ] GC(186) User=0.00s Sys=0.00s Real=0.00s
[183.632s][info][gc,start       ] GC(187) Pause Young (Allocation Failure)
[183.635s][info][gc,heap        ] GC(187) PSYoungGen: 122272K(219648K)->928K(233472K) Eden: 121344K(121344K)->0K(138240K) From: 928K(98304K)->928K(95232K)
[183.635s][info][gc,heap        ] GC(187) ParOldGen: 369241K(369664K)->369540K(369664K)
[183.635s][info][gc,metaspace   ] GC(187) Metaspace: 41823K(42176K)->41823K(42176K) NonClass: 39007K(39232K)->39007K(39232K) Class: 2816K(2944K)->2816K(2944K)
[183.635s][info][gc             ] GC(187) Pause Young (Allocation Failure) 479M->361M(589M) 2.793ms
[183.635s][info][gc,cpu         ] GC(187) User=0.01s Sys=0.00s Real=0.01s
[184.078s][info][gc,start       ] GC(188) Pause Young (Allocation Failure)
[184.102s][info][gc,heap        ] GC(188) PSYoungGen: 139168K(233472K)->37037K(232960K) Eden: 138240K(138240K)->0K(138240K) From: 928K(95232K)->37037K(94720K)
[184.102s][info][gc,heap        ] GC(188) ParOldGen: 369540K(369664K)->369841K(370176K)
[184.102s][info][gc,metaspace   ] GC(188) Metaspace: 41823K(42176K)->41823K(42176K) NonClass: 39007K(39232K)->39007K(39232K) Class: 2816K(2944K)->2816K(2944K)
[184.102s][info][gc             ] GC(188) Pause Young (Allocation Failure) 496M->397M(589M) 23.828ms
[184.102s][info][gc,cpu         ] GC(188) User=0.05s Sys=0.00s Real=0.02s
[184.544s][info][gc,start       ] GC(189) Pause Young (Allocation Failure)
[184.548s][info][gc,heap        ] GC(189) PSYoungGen: 175277K(232960K)->2832K(237056K) Eden: 138240K(138240K)->0K(145920K) From: 37037K(94720K)->2832K(91136K)
[184.548s][info][gc,heap        ] GC(189) ParOldGen: 369841K(370176K)->370248K(370688K)
[184.549s][info][gc,metaspace   ] GC(189) Metaspace: 41823K(42176K)->41823K(42176K) NonClass: 39007K(39232K)->39007K(39232K) Class: 2816K(2944K)->2816K(2944K)
[184.549s][info][gc             ] GC(189) Pause Young (Allocation Failure) 532M->364M(593M) 4.317ms
[184.549s][info][gc,cpu         ] GC(189) User=0.00s Sys=0.00s Real=0.01s
[184.976s][info][gc,start       ] GC(190) Pause Young (Allocation Failure)
[184.990s][info][gc,heap        ] GC(190) PSYoungGen: 148752K(237056K)->22777K(235520K) Eden: 145920K(145920K)->0K(145920K) From: 2832K(91136K)->22777K(89600K)
[184.990s][info][gc,heap        ] GC(190) ParOldGen: 370248K(370688K)->370484K(370688K)
[184.990s][info][gc,metaspace   ] GC(190) Metaspace: 41825K(42176K)->41825K(42176K) NonClass: 39009K(39232K)->39009K(39232K) Class: 2816K(2944K)->2816K(2944K)
[184.990s][info][gc             ] GC(190) Pause Young (Allocation Failure) 506M->384M(592M) 14.657ms
[184.990s][info][gc,cpu         ] GC(190) User=0.03s Sys=0.00s Real=0.01s
[185.403s][info][gc,start       ] GC(191) Pause Young (Allocation Failure)
[185.425s][info][gc,heap        ] GC(191) PSYoungGen: 168697K(235520K)->1547K(238080K) Eden: 145920K(145920K)->0K(155136K) From: 22777K(89600K)->1547K(82944K)
[185.425s][info][gc,heap        ] GC(191) ParOldGen: 370484K(370688K)->392202K(392704K)
[185.425s][info][gc,metaspace   ] GC(191) Metaspace: 41825K(42176K)->41825K(42176K) NonClass: 39009K(39232K)->39009K(39232K) Class: 2816K(2944K)->2816K(2944K)
[185.425s][info][gc             ] GC(191) Pause Young (Allocation Failure) 526M->384M(616M) 22.446ms
[185.425s][info][gc,cpu         ] GC(191) User=0.03s Sys=0.02s Real=0.03s
[185.888s][info][gc,start       ] GC(192) Pause Young (Allocation Failure)
[185.891s][info][gc,heap        ] GC(192) PSYoungGen: 156683K(238080K)->1100K(236032K) Eden: 155136K(155136K)->0K(155136K) From: 1547K(82944K)->1100K(80896K)
[185.891s][info][gc,heap        ] GC(192) ParOldGen: 392202K(392704K)->392306K(392704K)
[185.891s][info][gc,metaspace   ] GC(192) Metaspace: 41825K(42176K)->41825K(42176K) NonClass: 39009K(39232K)->39009K(39232K) Class: 2816K(2944K)->2816K(2944K)
[185.891s][info][gc             ] GC(192) Pause Young (Allocation Failure) 536M->384M(614M) 2.811ms
[185.891s][info][gc,cpu         ] GC(192) User=0.00s Sys=0.00s Real=0.00s
[186.332s][info][gc,start       ] GC(193) Pause Young (Allocation Failure)
[186.339s][info][gc,heap        ] GC(193) PSYoungGen: 156236K(236032K)->5319K(249344K) Eden: 155136K(155136K)->0K(173568K) From: 1100K(80896K)->5319K(75776K)
[186.339s][info][gc,heap        ] GC(193) ParOldGen: 392306K(392704K)->392738K(393216K)
[186.339s][info][gc,metaspace   ] GC(193) Metaspace: 41832K(42176K)->41832K(42176K) NonClass: 39016K(39232K)->39016K(39232K) Class: 2816K(2944K)->2816K(2944K)
[186.339s][info][gc             ] GC(193) Pause Young (Allocation Failure) 535M->388M(627M) 6.420ms
[186.339s][info][gc,cpu         ] GC(193) User=0.01s Sys=0.00s Real=0.01s
[186.608s][info][gc,start       ] GC(194) Pause Young (Allocation Failure)
[186.614s][info][gc,heap        ] GC(194) PSYoungGen: 178887K(249344K)->3406K(248832K) Eden: 173568K(173568K)->0K(173568K) From: 5319K(75776K)->3406K(75264K)
[186.614s][info][gc,heap        ] GC(194) ParOldGen: 392738K(393216K)->394694K(394752K)
[186.614s][info][gc,metaspace   ] GC(194) Metaspace: 41832K(42176K)->41832K(42176K) NonClass: 39016K(39232K)->39016K(39232K) Class: 2816K(2944K)->2816K(2944K)
[186.614s][info][gc             ] GC(194) Pause Young (Allocation Failure) 558M->388M(628M) 6.002ms
[186.614s][info][gc,cpu         ] GC(194) User=0.01s Sys=0.00s Real=0.00s
[186.891s][info][gc,start       ] GC(195) Pause Young (Allocation Failure)
[186.896s][info][gc,heap        ] GC(195) PSYoungGen: 176974K(248832K)->3662K(255488K) Eden: 173568K(173568K)->0K(185856K) From: 3406K(75264K)->3662K(69632K)
[186.896s][info][gc,heap        ] GC(195) ParOldGen: 394694K(394752K)->394782K(395264K)
[186.896s][info][gc,metaspace   ] GC(195) Metaspace: 41832K(42176K)->41832K(42176K) NonClass: 39016K(39232K)->39016K(39232K) Class: 2816K(2944K)->2816K(2944K)
[186.896s][info][gc             ] GC(195) Pause Young (Allocation Failure) 558M->389M(635M) 4.496ms
[186.896s][info][gc,cpu         ] GC(195) User=0.00s Sys=0.00s Real=0.01s
[187.250s][info][gc,start       ] GC(196) Pause Young (Allocation Failure)
[187.259s][info][gc,heap        ] GC(196) PSYoungGen: 188437K(255488K)->10504K(254976K) Eden: 184774K(185856K)->0K(185856K) From: 3662K(69632K)->10504K(69120K)
[187.259s][info][gc,heap        ] GC(196) ParOldGen: 394782K(395264K)->395034K(395264K)
[187.259s][info][gc,metaspace   ] GC(196) Metaspace: 41852K(42240K)->41852K(42240K) NonClass: 39036K(39296K)->39036K(39296K) Class: 2816K(2944K)->2816K(2944K)
[187.259s][info][gc             ] GC(196) Pause Young (Allocation Failure) 569M->396M(635M) 9.245ms
[187.259s][info][gc,cpu         ] GC(196) User=0.01s Sys=0.00s Real=0.01s
[187.491s][info][gc,start       ] GC(197) Pause Young (Allocation Failure)
[187.503s][info][gc,heap        ] GC(197) PSYoungGen: 195359K(254976K)->1152K(262144K) Eden: 184854K(185856K)->0K(197632K) From: 10504K(69120K)->1152K(64512K)
[187.503s][info][gc,heap        ] GC(197) ParOldGen: 395034K(395264K)->405369K(405504K)
[187.504s][info][gc,metaspace   ] GC(197) Metaspace: 41852K(42240K)->41852K(42240K) NonClass: 39036K(39296K)->39036K(39296K) Class: 2816K(2944K)->2816K(2944K)
[187.504s][info][gc             ] GC(197) Pause Young (Allocation Failure) 576M->396M(652M) 12.664ms
[187.504s][info][gc,cpu         ] GC(197) User=0.02s Sys=0.01s Real=0.01s
[187.762s][info][gc,start       ] GC(198) Pause Young (Allocation Failure)
[187.769s][info][gc,heap        ] GC(198) PSYoungGen: 198508K(262144K)->1848K(259584K) Eden: 197356K(197632K)->0K(197632K) From: 1152K(64512K)->1848K(61952K)
[187.769s][info][gc,heap        ] GC(198) ParOldGen: 405369K(405504K)->406468K(406528K)
[187.769s][info][gc,metaspace   ] GC(198) Metaspace: 41853K(42240K)->41853K(42240K) NonClass: 39036K(39296K)->39036K(39296K) Class: 2816K(2944K)->2816K(2944K)
[187.769s][info][gc             ] GC(198) Pause Young (Allocation Failure) 589M->398M(650M) 7.435ms
[187.769s][info][gc,cpu         ] GC(198) User=0.01s Sys=0.00s Real=0.01s
[188.030s][info][gc,start       ] GC(199) Pause Young (Allocation Failure)
[188.039s][info][gc,heap        ] GC(199) PSYoungGen: 198473K(259584K)->2644K(268800K) Eden: 196625K(197632K)->0K(209920K) From: 1848K(61952K)->2644K(58880K)
[188.039s][info][gc,heap        ] GC(199) ParOldGen: 406468K(406528K)->408329K(408576K)
[188.039s][info][gc,metaspace   ] GC(199) Metaspace: 41853K(42240K)->41853K(42240K) NonClass: 39036K(39296K)->39036K(39296K) Class: 2816K(2944K)->2816K(2944K)
[188.039s][info][gc             ] GC(199) Pause Young (Allocation Failure) 590M->401M(661M) 8.796ms
[188.039s][info][gc,cpu         ] GC(199) User=0.01s Sys=0.00s Real=0.01s
[188.328s][info][gc,start       ] GC(200) Pause Young (Allocation Failure)
[188.340s][info][gc,heap        ] GC(200) PSYoungGen: 210847K(268800K)->5009K(266240K) Eden: 208203K(209920K)->0K(209920K) From: 2644K(58880K)->5009K(56320K)
[188.340s][info][gc,heap        ] GC(200) ParOldGen: 408329K(408576K)->410992K(411136K)
[188.340s][info][gc,metaspace   ] GC(200) Metaspace: 41855K(42240K)->41855K(42240K) NonClass: 39038K(39296K)->39038K(39296K) Class: 2816K(2944K)->2816K(2944K)
[188.340s][info][gc             ] GC(200) Pause Young (Allocation Failure) 604M->406M(661M) 12.239ms
[188.340s][info][gc,cpu         ] GC(200) User=0.02s Sys=0.00s Real=0.01s
[188.642s][info][gc,start       ] GC(201) Pause Young (Allocation Failure)
[188.657s][info][gc,heap        ] GC(201) PSYoungGen: 214496K(266240K)->6179K(274432K) Eden: 209486K(209920K)->0K(221696K) From: 5009K(56320K)->6179K(52736K)
[188.657s][info][gc,heap        ] GC(201) ParOldGen: 410992K(411136K)->416004K(416256K)
[188.657s][info][gc,metaspace   ] GC(201) Metaspace: 41856K(42240K)->41856K(42240K) NonClass: 39039K(39296K)->39039K(39296K) Class: 2816K(2944K)->2816K(2944K)
[188.657s][info][gc             ] GC(201) Pause Young (Allocation Failure) 610M->412M(674M) 15.026ms
[188.657s][info][gc,cpu         ] GC(201) User=0.03s Sys=0.01s Real=0.02s
[188.954s][info][gc,start       ] GC(202) Pause Young (Allocation Failure)
[188.968s][info][gc,heap        ] GC(202) PSYoungGen: 226748K(274432K)->3950K(271360K) Eden: 220568K(221696K)->0K(221696K) From: 6179K(52736K)->3950K(49664K)
[188.968s][info][gc,heap        ] GC(202) ParOldGen: 416004K(416256K)->422296K(422400K)
[188.968s][info][gc,metaspace   ] GC(202) Metaspace: 41857K(42240K)->41857K(42240K) NonClass: 39041K(39296K)->39041K(39296K) Class: 2816K(2944K)->2816K(2944K)
[188.968s][info][gc             ] GC(202) Pause Young (Allocation Failure) 627M->416M(677M) 13.551ms
[188.968s][info][gc,cpu         ] GC(202) User=0.02s Sys=0.00s Real=0.02s
[189.298s][info][gc,start       ] GC(203) Pause Young (Allocation Failure)
[189.318s][info][gc,heap        ] GC(203) PSYoungGen: 225646K(271360K)->10437K(280576K) Eden: 221696K(221696K)->0K(235008K) From: 3950K(49664K)->10437K(45568K)
[189.318s][info][gc,heap        ] GC(203) ParOldGen: 422296K(422400K)->426252K(426496K)
[189.318s][info][gc,metaspace   ] GC(203) Metaspace: 41857K(42240K)->41857K(42240K) NonClass: 39041K(39296K)->39041K(39296K) Class: 2816K(2944K)->2816K(2944K)
[189.318s][info][gc             ] GC(203) Pause Young (Allocation Failure) 632M->426M(690M) 19.958ms
[189.318s][info][gc,cpu         ] GC(203) User=0.03s Sys=0.00s Real=0.02s
[189.936s][info][gc,start       ] GC(204) Pause Young (Allocation Failure)
[189.960s][info][gc,heap        ] GC(204) PSYoungGen: 245445K(280576K)->8903K(278016K) Eden: 235008K(235008K)->0K(235008K) From: 10437K(45568K)->8903K(43008K)
[189.960s][info][gc,heap        ] GC(204) ParOldGen: 426252K(426496K)->436764K(437248K)
[189.960s][info][gc,metaspace   ] GC(204) Metaspace: 41946K(42304K)->41946K(42304K) NonClass: 39130K(39360K)->39130K(39360K) Class: 2816K(2944K)->2816K(2944K)
[189.960s][info][gc             ] GC(204) Pause Young (Allocation Failure) 655M->435M(698M) 23.891ms
[189.960s][info][gc,cpu         ] GC(204) User=0.04s Sys=0.00s Real=0.02s
[190.554s][info][gc,start       ] GC(205) Pause Young (Allocation Failure)
[190.570s][info][gc,heap        ] GC(205) PSYoungGen: 243911K(278016K)->3984K(287232K) Eden: 235008K(235008K)->0K(247296K) From: 8903K(43008K)->3984K(39936K)
[190.570s][info][gc,heap        ] GC(205) ParOldGen: 436764K(437248K)->444301K(444416K)
[190.570s][info][gc,metaspace   ] GC(205) Metaspace: 41951K(42304K)->41951K(42304K) NonClass: 39135K(39360K)->39135K(39360K) Class: 2816K(2944K)->2816K(2944K)
[190.570s][info][gc             ] GC(205) Pause Young (Allocation Failure) 664M->437M(714M) 16.167ms
[190.570s][info][gc,cpu         ] GC(205) User=0.03s Sys=0.01s Real=0.02s
[191.173s][info][gc,start       ] GC(206) Pause Young (Allocation Failure)
[191.178s][info][gc,heap        ] GC(206) PSYoungGen: 251280K(287232K)->1600K(285184K) Eden: 247296K(247296K)->0K(247296K) From: 3984K(39936K)->1600K(37888K)
[191.178s][info][gc,heap        ] GC(206) ParOldGen: 444301K(444416K)->444309K(444416K)
[191.178s][info][gc,metaspace   ] GC(206) Metaspace: 41957K(42304K)->41957K(42304K) NonClass: 39140K(39360K)->39140K(39360K) Class: 2816K(2944K)->2816K(2944K)
[191.178s][info][gc             ] GC(206) Pause Young (Allocation Failure) 679M->435M(712M) 5.057ms
[191.178s][info][gc,cpu         ] GC(206) User=0.01s Sys=0.00s Real=0.01s
[191.748s][info][gc,start       ] GC(207) Pause Young (Allocation Failure)
[191.753s][info][gc,heap        ] GC(207) PSYoungGen: 248896K(285184K)->4164K(293888K) Eden: 247296K(247296K)->0K(258048K) From: 1600K(37888K)->4164K(35840K)
[191.753s][info][gc,heap        ] GC(207) ParOldGen: 444309K(444416K)->444317K(444416K)
[191.753s][info][gc,metaspace   ] GC(207) Metaspace: 41960K(42304K)->41960K(42304K) NonClass: 39144K(39360K)->39144K(39360K) Class: 2816K(2944K)->2816K(2944K)
[191.753s][info][gc             ] GC(207) Pause Young (Allocation Failure) 676M->437M(721M) 5.126ms
[191.753s][info][gc,cpu         ] GC(207) User=0.01s Sys=0.00s Real=0.00s
[192.392s][info][gc,start       ] GC(208) Pause Young (Allocation Failure)
[192.397s][info][gc,heap        ] GC(208) PSYoungGen: 262212K(293888K)->6978K(292352K) Eden: 258048K(258048K)->0K(258048K) From: 4164K(35840K)->6978K(34304K)
[192.397s][info][gc,heap        ] GC(208) ParOldGen: 444317K(444416K)->444365K(444416K)
[192.397s][info][gc,metaspace   ] GC(208) Metaspace: 41970K(42304K)->41970K(42304K) NonClass: 39152K(39360K)->39152K(39360K) Class: 2817K(2944K)->2817K(2944K)
[192.398s][info][gc             ] GC(208) Pause Young (Allocation Failure) 689M->440M(719M) 5.956ms
[192.398s][info][gc,cpu         ] GC(208) User=0.02s Sys=0.00s Real=0.01s
[193.221s][info][gc,start       ] GC(209) Pause Young (Allocation Failure)
[193.230s][info][gc,heap        ] GC(209) PSYoungGen: 265026K(292352K)->3090K(296960K) Eden: 258048K(258048K)->0K(265216K) From: 6978K(34304K)->3090K(31744K)
[193.230s][info][gc,heap        ] GC(209) ParOldGen: 444365K(444416K)->444493K(444928K)
[193.230s][info][gc,metaspace   ] GC(209) Metaspace: 41980K(42368K)->41980K(42368K) NonClass: 39163K(39424K)->39163K(39424K) Class: 2817K(2944K)->2817K(2944K)
[193.230s][info][gc             ] GC(209) Pause Young (Allocation Failure) 692M->437M(724M) 8.334ms
[193.230s][info][gc,cpu         ] GC(209) User=0.02s Sys=0.00s Real=0.01s
[194.610s][info][gc,start       ] GC(210) Pause Young (Allocation Failure)
[194.628s][info][gc,heap        ] GC(210) PSYoungGen: 268306K(296960K)->16396K(295424K) Eden: 265216K(265216K)->0K(265216K) From: 3090K(31744K)->16396K(30208K)
[194.628s][info][gc,heap        ] GC(210) ParOldGen: 444493K(444928K)->447399K(447488K)
[194.628s][info][gc,metaspace   ] GC(210) Metaspace: 42063K(42432K)->42063K(42432K) NonClass: 39246K(39488K)->39246K(39488K) Class: 2817K(2944K)->2817K(2944K)
[194.628s][info][gc             ] GC(210) Pause Young (Allocation Failure) 696M->452M(725M) 18.125ms
[194.628s][info][gc,cpu         ] GC(210) User=0.03s Sys=0.00s Real=0.02s
[195.387s][info][gc,start       ] GC(211) Pause Young (Allocation Failure)
[195.443s][info][gc,heap        ] GC(211) PSYoungGen: 281612K(295424K)->29772K(291328K) Eden: 265216K(265216K)->0K(260096K) From: 16396K(30208K)->29772K(31232K)
[195.443s][info][gc,heap        ] GC(211) ParOldGen: 447399K(447488K)->463580K(463872K)
[195.443s][info][gc,metaspace   ] GC(211) Metaspace: 42067K(42432K)->42067K(42432K) NonClass: 39249K(39488K)->39249K(39488K) Class: 2817K(2944K)->2817K(2944K)
[195.443s][info][gc             ] GC(211) Pause Young (Allocation Failure) 711M->481M(737M) 56.380ms
[195.443s][info][gc,cpu         ] GC(211) User=0.09s Sys=0.02s Real=0.05s
[196.145s][info][gc,start       ] GC(212) Pause Young (Allocation Failure)
[196.213s][info][gc,heap        ] GC(212) PSYoungGen: 289868K(291328K)->26552K(286720K) Eden: 260096K(260096K)->0K(260096K) From: 29772K(31232K)->26552K(26624K)
[196.213s][info][gc,heap        ] GC(212) ParOldGen: 463580K(463872K)->493516K(493568K)
[196.213s][info][gc,metaspace   ] GC(212) Metaspace: 42068K(42432K)->42068K(42432K) NonClass: 39251K(39488K)->39251K(39488K) Class: 2817K(2944K)->2817K(2944K)
[196.213s][info][gc             ] GC(212) Pause Young (Allocation Failure) 735M->507M(762M) 68.133ms
[196.213s][info][gc,cpu         ] GC(212) User=0.11s Sys=0.03s Real=0.06s
[199.807s][info][gc,start       ] GC(213) Pause Young (Allocation Failure)
[199.886s][info][gc,heap        ] GC(213) PSYoungGen: 286648K(286720K)->26640K(288256K) Eden: 260096K(260096K)->0K(247808K) From: 26552K(26624K)->26640K(40448K)
[199.886s][info][gc,heap        ] GC(213) ParOldGen: 493516K(493568K)->520029K(520192K)
[199.886s][info][gc,metaspace   ] GC(213) Metaspace: 42084K(42496K)->42084K(42496K) NonClass: 39267K(39552K)->39267K(39552K) Class: 2817K(2944K)->2817K(2944K)
[199.886s][info][gc             ] GC(213) Pause Young (Allocation Failure) 761M->533M(789M) 79.774ms
[199.886s][info][gc,cpu         ] GC(213) User=0.11s Sys=0.02s Real=0.08s
[200.750s][info][gc,start       ] GC(214) Pause Young (Allocation Failure)
[200.787s][info][gc,heap        ] GC(214) PSYoungGen: 274448K(288256K)->6848K(290816K) Eden: 247808K(247808K)->0K(247808K) From: 26640K(40448K)->6848K(43008K)
[200.787s][info][gc,heap        ] GC(214) ParOldGen: 520029K(520192K)->546661K(546816K)
[200.788s][info][gc,metaspace   ] GC(214) Metaspace: 42136K(42496K)->42136K(42496K) NonClass: 39319K(39552K)->39319K(39552K) Class: 2817K(2944K)->2817K(2944K)
[200.788s][info][gc             ] GC(214) Pause Young (Allocation Failure) 775M->540M(818M) 37.060ms
[200.788s][info][gc,cpu         ] GC(214) User=0.05s Sys=0.02s Real=0.04s
[201.385s][info][gc,start       ] GC(215) Pause Young (Allocation Failure)
[201.424s][info][gc,heap        ] GC(215) PSYoungGen: 254656K(290816K)->30668K(284672K) Eden: 247808K(247808K)->0K(243712K) From: 6848K(43008K)->30668K(40960K)
[201.424s][info][gc,heap        ] GC(215) ParOldGen: 546661K(546816K)->553347K(553472K)
[201.424s][info][gc,metaspace   ] GC(215) Metaspace: 42136K(42496K)->42136K(42496K) NonClass: 39319K(39552K)->39319K(39552K) Class: 2817K(2944K)->2817K(2944K)
[201.424s][info][gc             ] GC(215) Pause Young (Allocation Failure) 782M->570M(818M) 38.607ms
[201.424s][info][gc,cpu         ] GC(215) User=0.07s Sys=0.01s Real=0.03s
[201.994s][info][gc,start       ] GC(216) Pause Young (Allocation Failure)
[202.064s][info][gc,heap        ] GC(216) PSYoungGen: 274380K(284672K)->29528K(273408K) Eden: 243712K(243712K)->0K(243712K) From: 30668K(40960K)->29528K(29696K)
[202.064s][info][gc,heap        ] GC(216) ParOldGen: 553347K(553472K)->583365K(583680K)
[202.064s][info][gc,metaspace   ] GC(216) Metaspace: 42136K(42496K)->42136K(42496K) NonClass: 39319K(39552K)->39319K(39552K) Class: 2817K(2944K)->2817K(2944K)
[202.064s][info][gc             ] GC(216) Pause Young (Allocation Failure) 808M->598M(837M) 70.131ms
[202.064s][info][gc,cpu         ] GC(216) User=0.12s Sys=0.02s Real=0.07s
[202.990s][info][gc,start       ] GC(217) Pause Young (Allocation Failure)
[203.078s][info][gc,heap        ] GC(217) PSYoungGen: 273240K(273408K)->47600K(248320K) Eden: 243712K(243712K)->0K(200704K) From: 29528K(29696K)->47600K(47616K)
[203.078s][info][gc,heap        ] GC(217) ParOldGen: 583365K(583680K)->612206K(612352K)
[203.078s][info][gc,metaspace   ] GC(217) Metaspace: 42136K(42496K)->42136K(42496K) NonClass: 39319K(39552K)->39319K(39552K) Class: 2817K(2944K)->2817K(2944K)
[203.078s][info][gc             ] GC(217) Pause Young (Allocation Failure) 836M->644M(840M) 88.110ms
[203.078s][info][gc,cpu         ] GC(217) User=0.15s Sys=0.02s Real=0.09s
[204.378s][info][gc,start       ] GC(218) Pause Young (Allocation Failure)
[204.417s][info][gc,heap        ] GC(218) PSYoungGen: 248304K(248320K)->9666K(267264K) Eden: 200704K(200704K)->0K(200704K) From: 47600K(47616K)->9666K(66560K)
[204.417s][info][gc,heap        ] GC(218) ParOldGen: 612206K(612352K)->637846K(637952K)
[204.417s][info][gc,metaspace   ] GC(218) Metaspace: 42136K(42496K)->42136K(42496K) NonClass: 39319K(39552K)->39319K(39552K) Class: 2817K(2944K)->2817K(2944K)
[204.417s][info][gc             ] GC(218) Pause Young (Allocation Failure) 840M->632M(884M) 38.680ms
[204.417s][info][gc,cpu         ] GC(218) User=0.06s Sys=0.02s Real=0.04s
[205.489s][info][gc,start       ] GC(219) Pause Full (Allocation Failure)
[205.489s][info][gc,phases,start] GC(219) Marking Phase
[205.543s][info][gc,phases      ] GC(219) Marking Phase 53.526ms
[205.543s][info][gc,phases,start] GC(219) Summary Phase
[205.543s][info][gc,phases      ] GC(219) Summary Phase 0.031ms
[205.543s][info][gc,phases,start] GC(219) Forward
[205.548s][info][gc,phases      ] GC(219) Forward 4.983ms
[205.548s][info][gc,phases,start] GC(219) Adjust Pointers
[205.593s][info][gc,phases      ] GC(219) Adjust Pointers 44.772ms
[205.593s][info][gc,phases,start] GC(219) Compaction Phase
[205.600s][info][gc,phases      ] GC(219) Compaction Phase 7.482ms
[205.600s][info][gc,phases,start] GC(219) Post Compact
[205.603s][info][gc,phases      ] GC(219) Post Compact 2.645ms
[205.639s][info][gc,heap        ] GC(219) PSYoungGen: 210370K(267264K)->0K(265216K) Eden: 200704K(200704K)->0K(202752K) From: 9666K(66560K)->0K(62464K)
[205.639s][info][gc,heap        ] GC(219) ParOldGen: 637846K(637952K)->59769K(188416K)
[205.639s][info][gc,metaspace   ] GC(219) Metaspace: 42136K(42496K)->42136K(42496K) NonClass: 39319K(39552K)->39319K(39552K) Class: 2817K(2944K)->2817K(2944K)
[205.639s][info][gc             ] GC(219) Pause Full (Allocation Failure) 828M->58M(443M) 149.714ms
[205.639s][info][gc,cpu         ] GC(219) User=0.15s Sys=0.03s Real=0.15s
[206.764s][info][gc,start       ] GC(220) Pause Young (Allocation Failure)
[206.784s][info][gc,heap        ] GC(220) PSYoungGen: 202752K(265216K)->20349K(267264K) Eden: 202752K(202752K)->0K(202752K) From: 0K(62464K)->20349K(64512K)
[206.784s][info][gc,heap        ] GC(220) ParOldGen: 59769K(188416K)->59769K(188416K)
[206.784s][info][gc,metaspace   ] GC(220) Metaspace: 42144K(42496K)->42144K(42496K) NonClass: 39327K(39552K)->39327K(39552K) Class: 2817K(2944K)->2817K(2944K)
[206.784s][info][gc             ] GC(220) Pause Young (Allocation Failure) 256M->78M(445M) 19.916ms
[206.784s][info][gc,cpu         ] GC(220) User=0.03s Sys=0.00s Real=0.02s
[207.992s][info][gc,start       ] GC(221) Pause Young (Allocation Failure)
[208.025s][info][gc,heap        ] GC(221) PSYoungGen: 223101K(267264K)->18451K(264192K) Eden: 202752K(202752K)->0K(208896K) From: 20349K(64512K)->18451K(55296K)
[208.025s][info][gc,heap        ] GC(221) ParOldGen: 59769K(188416K)->80013K(188416K)
[208.025s][info][gc,metaspace   ] GC(221) Metaspace: 42144K(42496K)->42144K(42496K) NonClass: 39327K(39552K)->39327K(39552K) Class: 2817K(2944K)->2817K(2944K)
[208.025s][info][gc             ] GC(221) Pause Young (Allocation Failure) 276M->96M(442M) 32.925ms
[208.025s][info][gc,cpu         ] GC(221) User=0.06s Sys=0.00s Real=0.04s
[209.173s][info][gc,start       ] GC(222) Pause Young (Allocation Failure)
[209.205s][info][gc,heap        ] GC(222) PSYoungGen: 227347K(264192K)->19766K(265728K) Eden: 208896K(208896K)->0K(208896K) From: 18451K(55296K)->19766K(56832K)
[209.205s][info][gc,heap        ] GC(222) ParOldGen: 80013K(188416K)->98411K(188416K)
[209.205s][info][gc,metaspace   ] GC(222) Metaspace: 42144K(42496K)->42144K(42496K) NonClass: 39327K(39552K)->39327K(39552K) Class: 2817K(2944K)->2817K(2944K)
[209.205s][info][gc             ] GC(222) Pause Young (Allocation Failure) 300M->115M(443M) 31.699ms
[209.205s][info][gc,cpu         ] GC(222) User=0.06s Sys=0.01s Real=0.04s
[209.804s][info][gc,start       ] GC(223) Pause Young (Allocation Failure)
[209.844s][info][gc,heap        ] GC(223) PSYoungGen: 228662K(265728K)->31106K(274432K) Eden: 208896K(208896K)->0K(221184K) From: 19766K(56832K)->31106K(53248K)
[209.844s][info][gc,heap        ] GC(223) ParOldGen: 98411K(188416K)->117423K(188416K)
[209.844s][info][gc,metaspace   ] GC(223) Metaspace: 42144K(42496K)->42144K(42496K) NonClass: 39327K(39552K)->39327K(39552K) Class: 2817K(2944K)->2817K(2944K)
[209.844s][info][gc             ] GC(223) Pause Young (Allocation Failure) 319M->145M(452M) 40.680ms
[209.844s][info][gc,cpu         ] GC(223) User=0.08s Sys=0.00s Real=0.04s
[210.384s][info][gc,start       ] GC(224) Pause Young (Allocation Failure)
[210.435s][info][gc,heap        ] GC(224) PSYoungGen: 252290K(274432K)->27384K(274944K) Eden: 221184K(221184K)->0K(221184K) From: 31106K(53248K)->27384K(53760K)
[210.435s][info][gc,heap        ] GC(224) ParOldGen: 117423K(188416K)->147842K(188416K)
[210.435s][info][gc,metaspace   ] GC(224) Metaspace: 42144K(42496K)->42144K(42496K) NonClass: 39327K(39552K)->39327K(39552K) Class: 2817K(2944K)->2817K(2944K)
[210.435s][info][gc             ] GC(224) Pause Young (Allocation Failure) 361M->171M(452M) 51.232ms
[210.435s][info][gc,cpu         ] GC(224) User=0.10s Sys=0.00s Real=0.06s
[210.989s][info][gc,start       ] GC(225) Pause Young (Allocation Failure)
[211.036s][info][gc,heap        ] GC(225) PSYoungGen: 248568K(274944K)->27808K(278528K) Eden: 221184K(221184K)->0K(227328K) From: 27384K(53760K)->27808K(51200K)
[211.036s][info][gc,heap        ] GC(225) ParOldGen: 147842K(188416K)->173762K(188416K)
[211.036s][info][gc,metaspace   ] GC(225) Metaspace: 42144K(42496K)->42144K(42496K) NonClass: 39327K(39552K)->39327K(39552K) Class: 2817K(2944K)->2817K(2944K)
[211.036s][info][gc             ] GC(225) Pause Young (Allocation Failure) 387M->196M(456M) 47.151ms
[211.036s][info][gc,cpu         ] GC(225) User=0.09s Sys=0.00s Real=0.05s
[212.557s][info][gc,start       ] GC(226) Pause Young (Allocation Failure)
[212.597s][info][gc,heap        ] GC(226) PSYoungGen: 255135K(278528K)->12528K(279040K) Eden: 227327K(227328K)->0K(227328K) From: 27808K(51200K)->12528K(51712K)
[212.597s][info][gc,heap        ] GC(226) ParOldGen: 173762K(188416K)->201771K(202240K)
[212.597s][info][gc,metaspace   ] GC(226) Metaspace: 42144K(42496K)->42144K(42496K) NonClass: 39327K(39552K)->39327K(39552K) Class: 2817K(2944K)->2817K(2944K)
[212.597s][info][gc             ] GC(226) Pause Young (Allocation Failure) 418M->209M(470M) 40.562ms
[212.597s][info][gc,cpu         ] GC(226) User=0.07s Sys=0.01s Real=0.04s
[213.533s][info][gc,start       ] GC(227) Pause Young (Allocation Failure)
[213.557s][info][gc,heap        ] GC(227) PSYoungGen: 239856K(279040K)->10574K(280576K) Eden: 227328K(227328K)->0K(231424K) From: 12528K(51712K)->10574K(49152K)
[213.557s][info][gc,heap        ] GC(227) ParOldGen: 201771K(202240K)->213867K(214016K)
[213.557s][info][gc,metaspace   ] GC(227) Metaspace: 42144K(42496K)->42144K(42496K) NonClass: 39327K(39552K)->39327K(39552K) Class: 2817K(2944K)->2817K(2944K)
[213.557s][info][gc             ] GC(227) Pause Young (Allocation Failure) 431M->219M(483M) 23.551ms
[213.557s][info][gc,cpu         ] GC(227) User=0.04s Sys=0.01s Real=0.03s
[214.827s][info][gc,start       ] GC(228) Pause Young (Allocation Failure)
[214.844s][info][gc,heap        ] GC(228) PSYoungGen: 241998K(280576K)->5703K(281088K) Eden: 231424K(231424K)->0K(231424K) From: 10574K(49152K)->5703K(49664K)
[214.844s][info][gc,heap        ] GC(228) ParOldGen: 213867K(214016K)->223699K(223744K)
[214.844s][info][gc,metaspace   ] GC(228) Metaspace: 42144K(42496K)->42144K(42496K) NonClass: 39327K(39552K)->39327K(39552K) Class: 2817K(2944K)->2817K(2944K)
[214.844s][info][gc             ] GC(228) Pause Young (Allocation Failure) 445M->224M(493M) 16.803ms
[214.844s][info][gc,cpu         ] GC(228) User=0.03s Sys=0.00s Real=0.01s
[216.126s][info][gc,start       ] GC(229) Pause Young (Allocation Failure)
[216.155s][info][gc,heap        ] GC(229) PSYoungGen: 237127K(281088K)->22903K(281088K) Eden: 231424K(231424K)->0K(235008K) From: 5703K(49664K)->22903K(46080K)
[216.155s][info][gc,heap        ] GC(229) ParOldGen: 223699K(223744K)->228999K(229376K)
[216.155s][info][gc,metaspace   ] GC(229) Metaspace: 42144K(42496K)->42144K(42496K) NonClass: 39327K(39552K)->39327K(39552K) Class: 2817K(2944K)->2817K(2944K)
[216.155s][info][gc             ] GC(229) Pause Young (Allocation Failure) 450M->245M(498M) 28.771ms
[216.155s][info][gc,cpu         ] GC(229) User=0.06s Sys=0.00s Real=0.03s
[217.446s][info][gc,start       ] GC(230) Pause Young (Allocation Failure)
[217.493s][info][gc,heap        ] GC(230) PSYoungGen: 257911K(281088K)->20008K(282624K) Eden: 235008K(235008K)->0K(235008K) From: 22903K(46080K)->20008K(47616K)
[217.493s][info][gc,heap        ] GC(230) ParOldGen: 228999K(229376K)->251958K(252416K)
[217.493s][info][gc,metaspace   ] GC(230) Metaspace: 42144K(42496K)->42144K(42496K) NonClass: 39327K(39552K)->39327K(39552K) Class: 2817K(2944K)->2817K(2944K)
[217.493s][info][gc             ] GC(230) Pause Young (Allocation Failure) 475M->265M(522M) 47.009ms
[217.493s][info][gc,cpu         ] GC(230) User=0.08s Sys=0.02s Real=0.04s
[218.375s][info][gc,start       ] GC(231) Pause Young (Allocation Failure)
[218.406s][info][gc,heap        ] GC(231) PSYoungGen: 255016K(282624K)->11365K(285184K) Eden: 235008K(235008K)->0K(241152K) From: 20008K(47616K)->11365K(44032K)
[218.406s][info][gc,heap        ] GC(231) ParOldGen: 251958K(252416K)->271882K(272384K)
[218.406s][info][gc,metaspace   ] GC(231) Metaspace: 42161K(42560K)->42161K(42560K) NonClass: 39344K(39616K)->39344K(39616K) Class: 2817K(2944K)->2817K(2944K)
[218.406s][info][gc             ] GC(231) Pause Young (Allocation Failure) 495M->276M(544M) 31.801ms
[218.406s][info][gc,cpu         ] GC(231) User=0.04s Sys=0.01s Real=0.03s
[219.510s][info][gc,start       ] GC(232) Pause Young (Allocation Failure)
[219.522s][info][gc,heap        ] GC(232) PSYoungGen: 252517K(285184K)->6174K(285184K) Eden: 241152K(241152K)->0K(241152K) From: 11365K(44032K)->6174K(44032K)
[219.522s][info][gc,heap        ] GC(232) ParOldGen: 271882K(272384K)->279939K(280064K)
[219.522s][info][gc,metaspace   ] GC(232) Metaspace: 42162K(42560K)->42162K(42560K) NonClass: 39345K(39616K)->39345K(39616K) Class: 2817K(2944K)->2817K(2944K)
[219.523s][info][gc             ] GC(232) Pause Young (Allocation Failure) 512M->279M(552M) 12.984ms
[219.523s][info][gc,cpu         ] GC(232) User=0.02s Sys=0.00s Real=0.01s
[220.464s][info][gc,start       ] GC(233) Pause Young (Allocation Failure)
[220.494s][info][gc,heap        ] GC(233) PSYoungGen: 247326K(285184K)->23253K(289280K) Eden: 241152K(241152K)->0K(246272K) From: 6174K(44032K)->23253K(43008K)
[220.494s][info][gc,heap        ] GC(233) ParOldGen: 279939K(280064K)->280851K(281088K)
[220.494s][info][gc,metaspace   ] GC(233) Metaspace: 42163K(42560K)->42163K(42560K) NonClass: 39346K(39616K)->39346K(39616K) Class: 2817K(2944K)->2817K(2944K)
[220.494s][info][gc             ] GC(233) Pause Young (Allocation Failure) 514M->296M(557M) 29.845ms
[220.494s][info][gc,cpu         ] GC(233) User=0.05s Sys=0.00s Real=0.02s
[221.279s][info][gc,start       ] GC(234) Pause Young (Allocation Failure)
[221.285s][info][gc,heap        ] GC(234) PSYoungGen: 269525K(289280K)->5024K(289280K) Eden: 246272K(246272K)->0K(246272K) From: 23253K(43008K)->5024K(43008K)
[221.285s][info][gc,heap        ] GC(234) ParOldGen: 280851K(281088K)->282163K(282624K)
[221.285s][info][gc,metaspace   ] GC(234) Metaspace: 42172K(42560K)->42172K(42560K) NonClass: 39355K(39616K)->39355K(39616K) Class: 2817K(2944K)->2817K(2944K)
[221.285s][info][gc             ] GC(234) Pause Young (Allocation Failure) 537M->280M(558M) 6.054ms
[221.285s][info][gc,cpu         ] GC(234) User=0.01s Sys=0.00s Real=0.01s
[222.138s][info][gc,start       ] GC(235) Pause Young (Allocation Failure)
[222.142s][info][gc,heap        ] GC(235) PSYoungGen: 251296K(289280K)->4052K(289792K) Eden: 246272K(246272K)->0K(247808K) From: 5024K(43008K)->4052K(41984K)
[222.142s][info][gc,heap        ] GC(235) ParOldGen: 282163K(282624K)->283075K(283136K)
[222.142s][info][gc,metaspace   ] GC(235) Metaspace: 42174K(42560K)->42174K(42560K) NonClass: 39357K(39616K)->39357K(39616K) Class: 2817K(2944K)->2817K(2944K)
[222.142s][info][gc             ] GC(235) Pause Young (Allocation Failure) 520M->280M(559M) 4.500ms
[222.142s][info][gc,cpu         ] GC(235) User=0.01s Sys=0.00s Real=0.00s
[223.058s][info][gc,start       ] GC(236) Pause Young (Allocation Failure)
[223.080s][info][gc,heap        ] GC(236) PSYoungGen: 251860K(289792K)->22930K(290304K) Eden: 247808K(247808K)->0K(247808K) From: 4052K(41984K)->22930K(42496K)
[223.080s][info][gc,heap        ] GC(236) ParOldGen: 283075K(283136K)->284339K(284672K)
[223.080s][info][gc,metaspace   ] GC(236) Metaspace: 42176K(42560K)->42176K(42560K) NonClass: 39359K(39616K)->39359K(39616K) Class: 2817K(2944K)->2817K(2944K)
[223.080s][info][gc             ] GC(236) Pause Young (Allocation Failure) 522M->300M(561M) 21.781ms
[223.080s][info][gc,cpu         ] GC(236) User=0.05s Sys=0.00s Real=0.02s
[224.004s][info][gc,start       ] GC(237) Pause Young (Allocation Failure)
[224.018s][info][gc,heap        ] GC(237) PSYoungGen: 270738K(290304K)->14377K(287232K) Eden: 247808K(247808K)->0K(248832K) From: 22930K(42496K)->14377K(38400K)
[224.018s][info][gc,heap        ] GC(237) ParOldGen: 284339K(284672K)->285051K(285184K)
[224.018s][info][gc,metaspace   ] GC(237) Metaspace: 42176K(42560K)->42176K(42560K) NonClass: 39359K(39616K)->39359K(39616K) Class: 2817K(2944K)->2817K(2944K)
[224.018s][info][gc             ] GC(237) Pause Young (Allocation Failure) 542M->292M(559M) 13.882ms
[224.018s][info][gc,cpu         ] GC(237) User=0.03s Sys=0.00s Real=0.02s
[224.799s][info][gc,start       ] GC(238) Pause Young (Allocation Failure)
[224.813s][info][gc,heap        ] GC(238) PSYoungGen: 263209K(287232K)->14673K(289280K) Eden: 248832K(248832K)->0K(248832K) From: 14377K(38400K)->14673K(40448K)
[224.813s][info][gc,heap        ] GC(238) ParOldGen: 285051K(285184K)->286219K(286720K)
[224.813s][info][gc,metaspace   ] GC(238) Metaspace: 42177K(42560K)->42177K(42560K) NonClass: 39360K(39616K)->39360K(39616K) Class: 2817K(2944K)->2817K(2944K)
[224.813s][info][gc             ] GC(238) Pause Young (Allocation Failure) 535M->293M(562M) 14.151ms
[224.813s][info][gc,cpu         ] GC(238) User=0.02s Sys=0.00s Real=0.01s
[225.640s][info][gc,start       ] GC(239) Pause Young (Allocation Failure)
[225.650s][info][gc,heap        ] GC(239) PSYoungGen: 263505K(289280K)->9616K(291840K) Eden: 248832K(248832K)->0K(255488K) From: 14673K(40448K)->9616K(36352K)
[225.650s][info][gc,heap        ] GC(239) ParOldGen: 286219K(286720K)->287147K(287232K)
[225.650s][info][gc,metaspace   ] GC(239) Metaspace: 42178K(42560K)->42178K(42560K) NonClass: 39361K(39616K)->39361K(39616K) Class: 2817K(2944K)->2817K(2944K)
[225.650s][info][gc             ] GC(239) Pause Young (Allocation Failure) 536M->289M(565M) 10.318ms
[225.650s][info][gc,cpu         ] GC(239) User=0.02s Sys=0.00s Real=0.01s
[226.558s][info][gc,start       ] GC(240) Pause Young (Allocation Failure)
[226.566s][info][gc,heap        ] GC(240) PSYoungGen: 265104K(291840K)->7959K(292352K) Eden: 255488K(255488K)->0K(255488K) From: 9616K(36352K)->7959K(36864K)
[226.566s][info][gc,heap        ] GC(240) ParOldGen: 287147K(287232K)->288223K(288256K)
[226.566s][info][gc,metaspace   ] GC(240) Metaspace: 42178K(42560K)->42178K(42560K) NonClass: 39361K(39616K)->39361K(39616K) Class: 2817K(2944K)->2817K(2944K)
[226.566s][info][gc             ] GC(240) Pause Young (Allocation Failure) 539M->289M(567M) 8.118ms
[226.566s][info][gc,cpu         ] GC(240) User=0.02s Sys=0.00s Real=0.01s
[227.347s][info][gc,start       ] GC(241) Pause Young (Allocation Failure)
[227.392s][info][gc,heap        ] GC(241) PSYoungGen: 263447K(292352K)->35815K(280576K) Eden: 255488K(255488K)->0K(244736K) From: 7959K(36864K)->35815K(35840K)
[227.392s][info][gc,heap        ] GC(241) ParOldGen: 288223K(288256K)->295887K(295936K)
[227.392s][info][gc,metaspace   ] GC(241) Metaspace: 42178K(42560K)->42178K(42560K) NonClass: 39361K(39616K)->39361K(39616K) Class: 2817K(2944K)->2817K(2944K)
[227.392s][info][gc             ] GC(241) Pause Young (Allocation Failure) 538M->323M(563M) 45.010ms
[227.392s][info][gc,cpu         ] GC(241) User=0.08s Sys=0.01s Real=0.04s
[228.526s][info][gc,start       ] GC(242) Pause Young (Allocation Failure)
[228.574s][info][gc,heap        ] GC(242) PSYoungGen: 280551K(280576K)->20054K(289280K) Eden: 244736K(244736K)->0K(244736K) From: 35815K(35840K)->20054K(44544K)
[228.574s][info][gc,heap        ] GC(242) ParOldGen: 295887K(295936K)->315151K(315392K)
[228.574s][info][gc,metaspace   ] GC(242) Metaspace: 42179K(42560K)->42179K(42560K) NonClass: 39362K(39616K)->39362K(39616K) Class: 2817K(2944K)->2817K(2944K)
[228.574s][info][gc             ] GC(242) Pause Young (Allocation Failure) 562M->327M(590M) 48.405ms
[228.574s][info][gc,cpu         ] GC(242) User=0.08s Sys=0.02s Real=0.04s
[229.418s][info][gc,start       ] GC(243) Pause Young (Allocation Failure)
[229.465s][info][gc,heap        ] GC(243) PSYoungGen: 264790K(289280K)->22548K(285696K) Eden: 244736K(244736K)->0K(246272K) From: 20054K(44544K)->22548K(39424K)
[229.465s][info][gc,heap        ] GC(243) ParOldGen: 315151K(315392K)->334870K(335360K)
[229.465s][info][gc,metaspace   ] GC(243) Metaspace: 42181K(42560K)->42181K(42560K) NonClass: 39364K(39616K)->39364K(39616K) Class: 2817K(2944K)->2817K(2944K)
[229.465s][info][gc             ] GC(243) Pause Young (Allocation Failure) 566M->349M(606M) 47.582ms
[229.465s][info][gc,cpu         ] GC(243) User=0.08s Sys=0.01s Real=0.05s
[230.327s][info][gc,start       ] GC(244) Pause Young (Allocation Failure)
[230.373s][info][gc,heap        ] GC(244) PSYoungGen: 268820K(285696K)->41980K(288256K) Eden: 246272K(246272K)->0K(246272K) From: 22548K(39424K)->41980K(41984K)
[230.373s][info][gc,heap        ] GC(244) ParOldGen: 334870K(335360K)->349902K(350208K)
[230.373s][info][gc,metaspace   ] GC(244) Metaspace: 42193K(42560K)->42193K(42560K) NonClass: 39376K(39616K)->39376K(39616K) Class: 2817K(2944K)->2817K(2944K)
[230.373s][info][gc             ] GC(244) Pause Young (Allocation Failure) 589M->382M(623M) 45.896ms
[230.373s][info][gc,cpu         ] GC(244) User=0.08s Sys=0.01s Real=0.04s
[231.148s][info][gc,start       ] GC(245) Pause Young (Allocation Failure)
[231.200s][info][gc,heap        ] GC(245) PSYoungGen: 288252K(288256K)->40392K(263680K) Eden: 246272K(246272K)->0K(218112K) From: 41980K(41984K)->40392K(45568K)
[231.200s][info][gc,heap        ] GC(245) ParOldGen: 349902K(350208K)->382229K(382464K)
[231.200s][info][gc,metaspace   ] GC(245) Metaspace: 42195K(42560K)->42195K(42560K) NonClass: 39378K(39616K)->39378K(39616K) Class: 2817K(2944K)->2817K(2944K)
[231.201s][info][gc             ] GC(245) Pause Young (Allocation Failure) 623M->412M(631M) 52.663ms
[231.201s][info][gc,cpu         ] GC(245) User=0.08s Sys=0.02s Real=0.05s
[231.885s][info][gc,start       ] GC(246) Pause Young (Allocation Failure)
[231.913s][info][gc,heap        ] GC(246) PSYoungGen: 258504K(263680K)->30480K(275968K) Eden: 218112K(218112K)->0K(218112K) From: 40392K(45568K)->30480K(57856K)
[231.913s][info][gc,heap        ] GC(246) ParOldGen: 382229K(382464K)->390900K(391168K)
[231.913s][info][gc,metaspace   ] GC(246) Metaspace: 42196K(42560K)->42196K(42560K) NonClass: 39379K(39616K)->39379K(39616K) Class: 2817K(2944K)->2817K(2944K)
[231.913s][info][gc             ] GC(246) Pause Young (Allocation Failure) 625M->411M(651M) 28.014ms
[231.913s][info][gc,cpu         ] GC(246) User=0.05s Sys=0.01s Real=0.02s
[232.668s][info][gc,start       ] GC(247) Pause Young (Allocation Failure)
[232.690s][info][gc,heap        ] GC(247) PSYoungGen: 248592K(275968K)->25214K(268800K) Eden: 218112K(218112K)->0K(219136K) From: 30480K(57856K)->25214K(49664K)
[232.690s][info][gc,heap        ] GC(247) ParOldGen: 390900K(391168K)->391691K(392192K)
[232.690s][info][gc,metaspace   ] GC(247) Metaspace: 42196K(42560K)->42196K(42560K) NonClass: 39379K(39616K)->39379K(39616K) Class: 2817K(2944K)->2817K(2944K)
[232.690s][info][gc             ] GC(247) Pause Young (Allocation Failure) 624M->407M(645M) 21.339ms
[232.690s][info][gc,cpu         ] GC(247) User=0.04s Sys=0.00s Real=0.02s
[233.393s][info][gc,start       ] GC(248) Pause Young (Allocation Failure)
[233.445s][info][gc,heap        ] GC(248) PSYoungGen: 244350K(268800K)->53735K(272896K) Eden: 219136K(219136K)->0K(219136K) From: 25214K(49664K)->53735K(53760K)
[233.445s][info][gc,heap        ] GC(248) ParOldGen: 391691K(392192K)->403436K(403456K)
[233.445s][info][gc,metaspace   ] GC(248) Metaspace: 42198K(42560K)->42198K(42560K) NonClass: 39380K(39616K)->39380K(39616K) Class: 2817K(2944K)->2817K(2944K)
[233.445s][info][gc             ] GC(248) Pause Young (Allocation Failure) 621M->446M(660M) 52.377ms
[233.445s][info][gc,cpu         ] GC(248) User=0.09s Sys=0.02s Real=0.06s
[234.198s][info][gc,start       ] GC(249) Pause Young (Allocation Failure)
[234.339s][info][gc,heap        ] GC(249) PSYoungGen: 272871K(272896K)->60910K(173568K) Eden: 219136K(219136K)->0K(112640K) From: 53735K(53760K)->60910K(60928K)
[234.339s][info][gc,heap        ] GC(249) ParOldGen: 403436K(403456K)->501077K(501248K)
[234.339s][info][gc,metaspace   ] GC(249) Metaspace: 42199K(42560K)->42199K(42560K) NonClass: 39381K(39616K)->39381K(39616K) Class: 2817K(2944K)->2817K(2944K)
[234.339s][info][gc             ] GC(249) Pause Young (Allocation Failure) 660M->548M(659M) 140.508ms
[234.339s][info][gc,cpu         ] GC(249) User=0.20s Sys=0.08s Real=0.14s
[234.740s][info][gc,start       ] GC(250) Pause Young (Allocation Failure)
[234.838s][info][gc,heap        ] GC(250) PSYoungGen: 173550K(173568K)->61561K(174592K) Eden: 112640K(112640K)->0K(112640K) From: 60910K(60928K)->61561K(61952K)
[234.838s][info][gc,heap        ] GC(250) ParOldGen: 501077K(501248K)->549265K(549376K)
[234.838s][info][gc,metaspace   ] GC(250) Metaspace: 42199K(42560K)->42199K(42560K) NonClass: 39381K(39616K)->39381K(39616K) Class: 2817K(2944K)->2817K(2944K)
[234.838s][info][gc             ] GC(250) Pause Young (Allocation Failure) 658M->596M(707M) 97.630ms
[234.838s][info][gc,cpu         ] GC(250) User=0.16s Sys=0.04s Real=0.10s
[235.213s][info][gc,start       ] GC(251) Pause Young (Allocation Failure)
[235.283s][info][gc,heap        ] GC(251) PSYoungGen: 174201K(174592K)->14766K(224768K) Eden: 112640K(112640K)->0K(113664K) From: 61561K(61952K)->14766K(111104K)
[235.283s][info][gc,heap        ] GC(251) ParOldGen: 549265K(549376K)->604857K(605184K)
[235.283s][info][gc,metaspace   ] GC(251) Metaspace: 42200K(42560K)->42200K(42560K) NonClass: 39383K(39616K)->39383K(39616K) Class: 2817K(2944K)->2817K(2944K)
[235.283s][info][gc             ] GC(251) Pause Young (Allocation Failure) 706M->605M(810M) 70.019ms
[235.283s][info][gc,cpu         ] GC(251) User=0.09s Sys=0.04s Real=0.07s
[235.660s][info][gc,start       ] GC(252) Pause Full (Allocation Failure)
[235.660s][info][gc,phases,start] GC(252) Marking Phase
[235.725s][info][gc,phases      ] GC(252) Marking Phase 65.511ms
[235.725s][info][gc,phases,start] GC(252) Summary Phase
[235.725s][info][gc,phases      ] GC(252) Summary Phase 0.030ms
[235.725s][info][gc,phases,start] GC(252) Forward
[235.734s][info][gc,phases      ] GC(252) Forward 8.561ms
[235.734s][info][gc,phases,start] GC(252) Adjust Pointers
[235.772s][info][gc,phases      ] GC(252) Adjust Pointers 38.048ms
[235.772s][info][gc,phases,start] GC(252) Compaction Phase
[235.787s][info][gc,phases      ] GC(252) Compaction Phase 14.915ms
[235.787s][info][gc,phases,start] GC(252) Post Compact
[235.789s][info][gc,phases      ] GC(252) Post Compact 2.222ms
[235.816s][info][gc,heap        ] GC(252) PSYoungGen: 128430K(224768K)->0K(222720K) Eden: 113664K(113664K)->0K(113664K) From: 14766K(111104K)->0K(109056K)
[235.816s][info][gc,heap        ] GC(252) ParOldGen: 604857K(605184K)->86118K(248320K)
[235.816s][info][gc,metaspace   ] GC(252) Metaspace: 42200K(42560K)->42200K(42560K) NonClass: 39383K(39616K)->39383K(39616K) Class: 2817K(2944K)->2817K(2944K)
[235.816s][info][gc             ] GC(252) Pause Full (Allocation Failure) 716M->84M(460M) 156.192ms
[235.816s][info][gc,cpu         ] GC(252) User=0.20s Sys=0.03s Real=0.16s
[236.207s][info][gc,start       ] GC(253) Pause Young (Allocation Failure)
[236.235s][info][gc,heap        ] GC(253) PSYoungGen: 113664K(222720K)->45155K(216576K) Eden: 113664K(113664K)->0K(115712K) From: 0K(109056K)->45155K(100864K)
[236.236s][info][gc,heap        ] GC(253) ParOldGen: 86118K(248320K)->86118K(248320K)
[236.236s][info][gc,metaspace   ] GC(253) Metaspace: 42200K(42560K)->42200K(42560K) NonClass: 39383K(39616K)->39383K(39616K) Class: 2817K(2944K)->2817K(2944K)
[236.236s][info][gc             ] GC(253) Pause Young (Allocation Failure) 195M->128M(454M) 28.289ms
[236.236s][info][gc,cpu         ] GC(253) User=0.06s Sys=0.00s Real=0.03s
[236.689s][info][gc,start       ] GC(254) Pause Young (Allocation Failure)
[236.706s][info][gc,heap        ] GC(254) PSYoungGen: 160867K(216576K)->20500K(219648K) Eden: 115712K(115712K)->0K(115712K) From: 45155K(100864K)->20500K(103936K)
[236.706s][info][gc,heap        ] GC(254) ParOldGen: 86118K(248320K)->93693K(248320K)
[236.706s][info][gc,metaspace   ] GC(254) Metaspace: 42200K(42560K)->42200K(42560K) NonClass: 39383K(39616K)->39383K(39616K) Class: 2817K(2944K)->2817K(2944K)
[236.707s][info][gc             ] GC(254) Pause Young (Allocation Failure) 241M->111M(457M) 17.288ms
[236.707s][info][gc,cpu         ] GC(254) User=0.03s Sys=0.00s Real=0.02s
[237.110s][info][gc,start       ] GC(255) Pause Young (Allocation Failure)
[237.113s][info][gc,heap        ] GC(255) PSYoungGen: 136212K(219648K)->2142K(229376K) Eden: 115712K(115712K)->0K(128512K) From: 20500K(103936K)->2142K(100864K)
[237.113s][info][gc,heap        ] GC(255) ParOldGen: 93693K(248320K)->94334K(248320K)
[237.113s][info][gc,metaspace   ] GC(255) Metaspace: 42200K(42560K)->42200K(42560K) NonClass: 39383K(39616K)->39383K(39616K) Class: 2817K(2944K)->2817K(2944K)
[237.113s][info][gc             ] GC(255) Pause Young (Allocation Failure) 224M->94M(466M) 3.182ms
[237.113s][info][gc,cpu         ] GC(255) User=0.01s Sys=0.00s Real=0.00s
[237.506s][info][gc,start       ] GC(256) Pause Young (Allocation Failure)
[237.509s][info][gc,heap        ] GC(256) PSYoungGen: 130654K(229376K)->3479K(229888K) Eden: 128512K(128512K)->0K(128512K) From: 2142K(100864K)->3479K(101376K)
[237.510s][info][gc,heap        ] GC(256) ParOldGen: 94334K(248320K)->94523K(248320K)
[237.510s][info][gc,metaspace   ] GC(256) Metaspace: 42200K(42560K)->42200K(42560K) NonClass: 39383K(39616K)->39383K(39616K) Class: 2817K(2944K)->2817K(2944K)
[237.510s][info][gc             ] GC(256) Pause Young (Allocation Failure) 219M->95M(467M) 3.344ms
[237.510s][info][gc,cpu         ] GC(256) User=0.01s Sys=0.00s Real=0.00s
[237.931s][info][gc,start       ] GC(257) Pause Young (Allocation Failure)
[237.936s][info][gc,heap        ] GC(257) PSYoungGen: 131991K(229888K)->5968K(227840K) Eden: 128512K(128512K)->0K(132096K) From: 3479K(101376K)->5968K(95744K)
[237.936s][info][gc,heap        ] GC(257) ParOldGen: 94523K(248320K)->95218K(248320K)
[237.936s][info][gc,metaspace   ] GC(257) Metaspace: 42200K(42560K)->42200K(42560K) NonClass: 39383K(39616K)->39383K(39616K) Class: 2817K(2944K)->2817K(2944K)
[237.936s][info][gc             ] GC(257) Pause Young (Allocation Failure) 221M->98M(465M) 5.266ms
[237.936s][info][gc,cpu         ] GC(257) User=0.01s Sys=0.00s Real=0.01s
[238.363s][info][gc,start       ] GC(258) Pause Young (Allocation Failure)
[238.385s][info][gc,heap        ] GC(258) PSYoungGen: 138064K(227840K)->37865K(229888K) Eden: 132096K(132096K)->0K(132096K) From: 5968K(95744K)->37865K(97792K)
[238.386s][info][gc,heap        ] GC(258) ParOldGen: 95218K(248320K)->95535K(248320K)
[238.386s][info][gc,metaspace   ] GC(258) Metaspace: 42200K(42560K)->42200K(42560K) NonClass: 39383K(39616K)->39383K(39616K) Class: 2817K(2944K)->2817K(2944K)
[238.386s][info][gc             ] GC(258) Pause Young (Allocation Failure) 227M->130M(467M) 23.076ms
[238.386s][info][gc,cpu         ] GC(258) User=0.05s Sys=0.00s Real=0.03s
[238.801s][info][gc,start       ] GC(259) Pause Young (Allocation Failure)
[238.804s][info][gc,heap        ] GC(259) PSYoungGen: 169961K(229888K)->3477K(233472K) Eden: 132096K(132096K)->0K(141824K) From: 37865K(97792K)->3477K(91648K)
[238.804s][info][gc,heap        ] GC(259) ParOldGen: 95535K(248320K)->95901K(248320K)
[238.804s][info][gc,metaspace   ] GC(259) Metaspace: 42200K(42560K)->42200K(42560K) NonClass: 39383K(39616K)->39383K(39616K) Class: 2817K(2944K)->2817K(2944K)
[238.804s][info][gc             ] GC(259) Pause Young (Allocation Failure) 259M->97M(470M) 3.436ms
[238.804s][info][gc,cpu         ] GC(259) User=0.01s Sys=0.00s Real=0.00s
[239.226s][info][gc,start       ] GC(260) Pause Young (Allocation Failure)
[239.240s][info][gc,heap        ] GC(260) PSYoungGen: 145301K(233472K)->22505K(233984K) Eden: 141824K(141824K)->0K(141824K) From: 3477K(91648K)->22505K(92160K)
[239.240s][info][gc,heap        ] GC(260) ParOldGen: 95901K(248320K)->96138K(248320K)
[239.240s][info][gc,metaspace   ] GC(260) Metaspace: 42201K(42560K)->42201K(42560K) NonClass: 39383K(39616K)->39383K(39616K) Class: 2817K(2944K)->2817K(2944K)
[239.240s][info][gc             ] GC(260) Pause Young (Allocation Failure) 235M->115M(471M) 13.388ms
[239.240s][info][gc,cpu         ] GC(260) User=0.03s Sys=0.00s Real=0.01s
[239.649s][info][gc,start       ] GC(261) Pause Young (Allocation Failure)
[239.662s][info][gc,heap        ] GC(261) PSYoungGen: 164329K(233984K)->2404K(239104K) Eden: 141824K(141824K)->0K(152064K) From: 22505K(92160K)->2404K(87040K)
[239.662s][info][gc,heap        ] GC(261) ParOldGen: 96138K(248320K)->117841K(248320K)
[239.662s][info][gc,metaspace   ] GC(261) Metaspace: 42201K(42560K)->42201K(42560K) NonClass: 39383K(39616K)->39383K(39616K) Class: 2817K(2944K)->2817K(2944K)
[239.662s][info][gc             ] GC(261) Pause Young (Allocation Failure) 254M->117M(476M) 13.035ms
[239.662s][info][gc,cpu         ] GC(261) User=0.03s Sys=0.00s Real=0.01s
[240.114s][info][gc,start       ] GC(262) Pause Young (Allocation Failure)
[240.117s][info][gc,heap        ] GC(262) PSYoungGen: 154468K(239104K)->1189K(237056K) Eden: 152064K(152064K)->0K(152064K) From: 2404K(87040K)->1189K(84992K)
[240.117s][info][gc,heap        ] GC(262) ParOldGen: 117841K(248320K)->117913K(248320K)
[240.117s][info][gc,metaspace   ] GC(262) Metaspace: 42201K(42560K)->42201K(42560K) NonClass: 39383K(39616K)->39383K(39616K) Class: 2817K(2944K)->2817K(2944K)
[240.117s][info][gc             ] GC(262) Pause Young (Allocation Failure) 265M->116M(474M) 2.233ms
[240.117s][info][gc,cpu         ] GC(262) User=0.00s Sys=0.00s Real=0.01s
[240.559s][info][gc,start       ] GC(263) Pause Young (Allocation Failure)
[240.563s][info][gc,heap        ] GC(263) PSYoungGen: 153176K(237056K)->3171K(246272K) Eden: 151986K(152064K)->0K(164352K) From: 1189K(84992K)->3171K(81920K)
[240.563s][info][gc,heap        ] GC(263) ParOldGen: 117913K(248320K)->118321K(248320K)
[240.563s][info][gc,metaspace   ] GC(263) Metaspace: 42201K(42560K)->42201K(42560K) NonClass: 39383K(39616K)->39383K(39616K) Class: 2817K(2944K)->2817K(2944K)
[240.563s][info][gc             ] GC(263) Pause Young (Allocation Failure) 264M->118M(483M) 3.756ms
[240.563s][info][gc,cpu         ] GC(263) User=0.01s Sys=0.00s Real=0.00s
[240.827s][info][gc,start       ] GC(264) Pause Young (Allocation Failure)
[240.831s][info][gc,heap        ] GC(264) PSYoungGen: 167523K(246272K)->3086K(244736K) Eden: 164352K(164352K)->0K(164352K) From: 3171K(81920K)->3086K(80384K)
[240.831s][info][gc,heap        ] GC(264) ParOldGen: 118321K(248320K)->120304K(248320K)
[240.831s][info][gc,metaspace   ] GC(264) Metaspace: 42201K(42560K)->42201K(42560K) NonClass: 39383K(39616K)->39383K(39616K) Class: 2817K(2944K)->2817K(2944K)
[240.831s][info][gc             ] GC(264) Pause Young (Allocation Failure) 279M->120M(481M) 4.369ms
[240.831s][info][gc,cpu         ] GC(264) User=0.01s Sys=0.00s Real=0.00s
[241.092s][info][gc,start       ] GC(265) Pause Young (Allocation Failure)
[241.095s][info][gc,heap        ] GC(265) PSYoungGen: 167438K(244736K)->1461K(250368K) Eden: 164352K(164352K)->0K(174592K) From: 3086K(80384K)->1461K(75776K)
[241.095s][info][gc,heap        ] GC(265) ParOldGen: 120304K(248320K)->120424K(248320K)
[241.095s][info][gc,metaspace   ] GC(265) Metaspace: 42201K(42560K)->42201K(42560K) NonClass: 39383K(39616K)->39383K(39616K) Class: 2817K(2944K)->2817K(2944K)
[241.095s][info][gc             ] GC(265) Pause Young (Allocation Failure) 280M->119M(487M) 2.726ms
[241.095s][info][gc,cpu         ] GC(265) User=0.00s Sys=0.00s Real=0.01s
[241.444s][info][gc,start       ] GC(266) Pause Young (Allocation Failure)
[241.451s][info][gc,heap        ] GC(266) PSYoungGen: 174380K(250368K)->10467K(248832K) Eden: 172918K(174592K)->0K(174592K) From: 1461K(75776K)->10467K(74240K)
[241.451s][info][gc,heap        ] GC(266) ParOldGen: 120424K(248320K)->120676K(248320K)
[241.451s][info][gc,metaspace   ] GC(266) Metaspace: 42203K(42560K)->42203K(42560K) NonClass: 39386K(39616K)->39386K(39616K) Class: 2817K(2944K)->2817K(2944K)
[241.451s][info][gc             ] GC(266) Pause Young (Allocation Failure) 287M->128M(485M) 7.359ms
[241.451s][info][gc,cpu         ] GC(266) User=0.01s Sys=0.00s Real=0.01s
[241.662s][info][gc,start       ] GC(267) Pause Young (Allocation Failure)
[241.668s][info][gc,heap        ] GC(267) PSYoungGen: 183204K(248832K)->224K(256000K) Eden: 172737K(174592K)->0K(186368K) From: 10467K(74240K)->224K(69632K)
[241.668s][info][gc,heap        ] GC(267) ParOldGen: 120676K(248320K)->130961K(248320K)
[241.668s][info][gc,metaspace   ] GC(267) Metaspace: 42203K(42560K)->42203K(42560K) NonClass: 39386K(39616K)->39386K(39616K) Class: 2817K(2944K)->2817K(2944K)
[241.668s][info][gc             ] GC(267) Pause Young (Allocation Failure) 296M->128M(492M) 6.064ms
[241.668s][info][gc,cpu         ] GC(267) User=0.01s Sys=0.00s Real=0.01s
[241.905s][info][gc,start       ] GC(268) Pause Young (Allocation Failure)
[241.908s][info][gc,heap        ] GC(268) PSYoungGen: 186323K(256000K)->2060K(253440K) Eden: 186099K(186368K)->0K(186368K) From: 224K(69632K)->2060K(67072K)
[241.908s][info][gc,heap        ] GC(268) ParOldGen: 130961K(248320K)->131139K(248320K)
[241.908s][info][gc,metaspace   ] GC(268) Metaspace: 42203K(42560K)->42203K(42560K) NonClass: 39386K(39616K)->39386K(39616K) Class: 2817K(2944K)->2817K(2944K)
[241.908s][info][gc             ] GC(268) Pause Young (Allocation Failure) 309M->130M(490M) 3.395ms
[241.908s][info][gc,cpu         ] GC(268) User=0.01s Sys=0.01s Real=0.00s
[242.142s][info][gc,start       ] GC(269) Pause Young (Allocation Failure)
[242.147s][info][gc,heap        ] GC(269) PSYoungGen: 188428K(253440K)->1424K(263680K) Eden: 186368K(186368K)->0K(200192K) From: 2060K(67072K)->1424K(63488K)
[242.147s][info][gc,heap        ] GC(269) ParOldGen: 131139K(248320K)->133155K(248320K)
[242.147s][info][gc,metaspace   ] GC(269) Metaspace: 42203K(42560K)->42203K(42560K) NonClass: 39386K(39616K)->39386K(39616K) Class: 2817K(2944K)->2817K(2944K)
[242.147s][info][gc             ] GC(269) Pause Young (Allocation Failure) 312M->131M(500M) 4.456ms
[242.147s][info][gc,cpu         ] GC(269) User=0.01s Sys=0.00s Real=0.01s
[242.408s][info][gc,start       ] GC(270) Pause Young (Allocation Failure)
[242.412s][info][gc,heap        ] GC(270) PSYoungGen: 201080K(263680K)->2603K(261120K) Eden: 199655K(200192K)->0K(200192K) From: 1424K(63488K)->2603K(60928K)
[242.412s][info][gc,heap        ] GC(270) ParOldGen: 133155K(248320K)->134531K(248320K)
[242.412s][info][gc,metaspace   ] GC(270) Metaspace: 42203K(42560K)->42203K(42560K) NonClass: 39386K(39616K)->39386K(39616K) Class: 2817K(2944K)->2817K(2944K)
[242.412s][info][gc             ] GC(270) Pause Young (Allocation Failure) 326M->133M(497M) 4.462ms
[242.412s][info][gc,cpu         ] GC(270) User=0.01s Sys=0.00s Real=0.00s
[242.692s][info][gc,start       ] GC(271) Pause Young (Allocation Failure)
[242.702s][info][gc,heap        ] GC(271) PSYoungGen: 202795K(261120K)->6384K(269312K) Eden: 200192K(200192K)->0K(212992K) From: 2603K(60928K)->6384K(56320K)
[242.702s][info][gc,heap        ] GC(271) ParOldGen: 134531K(248320K)->137080K(248320K)
[242.702s][info][gc,metaspace   ] GC(271) Metaspace: 42203K(42560K)->42203K(42560K) NonClass: 39386K(39616K)->39386K(39616K) Class: 2817K(2944K)->2817K(2944K)
[242.702s][info][gc             ] GC(271) Pause Young (Allocation Failure) 329M->140M(505M) 9.154ms
[242.702s][info][gc,cpu         ] GC(271) User=0.02s Sys=0.00s Real=0.01s
[242.997s][info][gc,start       ] GC(272) Pause Young (Allocation Failure)
[243.009s][info][gc,heap        ] GC(272) PSYoungGen: 219376K(269312K)->6063K(267264K) Eden: 212992K(212992K)->0K(212992K) From: 6384K(56320K)->6063K(54272K)
[243.009s][info][gc,heap        ] GC(272) ParOldGen: 137080K(248320K)->143544K(248320K)
[243.009s][info][gc,metaspace   ] GC(272) Metaspace: 42203K(42560K)->42203K(42560K) NonClass: 39386K(39616K)->39386K(39616K) Class: 2817K(2944K)->2817K(2944K)
[243.009s][info][gc             ] GC(272) Pause Young (Allocation Failure) 348M->146M(503M) 12.118ms
[243.009s][info][gc,cpu         ] GC(272) User=0.02s Sys=0.00s Real=0.01s
[243.302s][info][gc,start       ] GC(273) Pause Young (Allocation Failure)
[243.317s][info][gc,heap        ] GC(273) PSYoungGen: 219055K(267264K)->5141K(276480K) Eden: 212992K(212992K)->0K(226304K) From: 6063K(54272K)->5141K(50176K)
[243.317s][info][gc,heap        ] GC(273) ParOldGen: 143544K(248320K)->149702K(248320K)
[243.317s][info][gc,metaspace   ] GC(273) Metaspace: 42203K(42560K)->42203K(42560K) NonClass: 39386K(39616K)->39386K(39616K) Class: 2817K(2944K)->2817K(2944K)
[243.317s][info][gc             ] GC(273) Pause Young (Allocation Failure) 354M->151M(512M) 14.964ms
[243.317s][info][gc,cpu         ] GC(273) User=0.03s Sys=0.00s Real=0.02s
[243.779s][info][gc,start       ] GC(274) Pause Young (Allocation Failure)
[243.796s][info][gc,heap        ] GC(274) PSYoungGen: 231445K(276480K)->14647K(273920K) Eden: 226304K(226304K)->0K(226304K) From: 5141K(50176K)->14647K(47616K)
[243.796s][info][gc,heap        ] GC(274) ParOldGen: 149702K(248320K)->154664K(248320K)
[243.796s][info][gc,metaspace   ] GC(274) Metaspace: 42208K(42560K)->42208K(42560K) NonClass: 39390K(39616K)->39390K(39616K) Class: 2817K(2944K)->2817K(2944K)
[243.796s][info][gc             ] GC(274) Pause Young (Allocation Failure) 372M->165M(510M) 16.694ms
[243.796s][info][gc,cpu         ] GC(274) User=0.04s Sys=0.00s Real=0.02s
[244.315s][info][gc,start       ] GC(275) Pause Young (Allocation Failure)
[244.332s][info][gc,heap        ] GC(275) PSYoungGen: 240951K(273920K)->3985K(283648K) Eden: 226304K(226304K)->0K(238592K) From: 14647K(47616K)->3985K(45056K)
[244.332s][info][gc,heap        ] GC(275) ParOldGen: 154664K(248320K)->169135K(248320K)
[244.332s][info][gc,metaspace   ] GC(275) Metaspace: 42229K(42624K)->42229K(42624K) NonClass: 39411K(39680K)->39411K(39680K) Class: 2817K(2944K)->2817K(2944K)
[244.332s][info][gc             ] GC(275) Pause Young (Allocation Failure) 386M->169M(519M) 16.700ms
[244.332s][info][gc,cpu         ] GC(275) User=0.03s Sys=0.00s Real=0.01s
[244.886s][info][gc,start       ] GC(276) Pause Young (Allocation Failure)
[244.891s][info][gc,heap        ] GC(276) PSYoungGen: 242577K(283648K)->4307K(281600K) Eden: 238592K(238592K)->0K(238592K) From: 3985K(45056K)->4307K(43008K)
[244.891s][info][gc,heap        ] GC(276) ParOldGen: 169135K(248320K)->169807K(248320K)
[244.891s][info][gc,metaspace   ] GC(276) Metaspace: 42240K(42624K)->42240K(42624K) NonClass: 39423K(39680K)->39423K(39680K) Class: 2817K(2944K)->2817K(2944K)
[244.891s][info][gc             ] GC(276) Pause Young (Allocation Failure) 402M->170M(517M) 4.513ms
[244.891s][info][gc,cpu         ] GC(276) User=0.01s Sys=0.00s Real=0.00s
[245.431s][info][gc,start       ] GC(277) Pause Young (Allocation Failure)
[245.435s][info][gc,heap        ] GC(277) PSYoungGen: 242899K(281600K)->4344K(288256K) Eden: 238592K(238592K)->0K(248320K) From: 4307K(43008K)->4344K(39936K)
[245.435s][info][gc,heap        ] GC(277) ParOldGen: 169807K(248320K)->169823K(248320K)
[245.435s][info][gc,metaspace   ] GC(277) Metaspace: 42242K(42624K)->42242K(42624K) NonClass: 39425K(39680K)->39425K(39680K) Class: 2817K(2944K)->2817K(2944K)
[245.435s][info][gc             ] GC(277) Pause Young (Allocation Failure) 403M->170M(524M) 4.310ms
[245.435s][info][gc,cpu         ] GC(277) User=0.01s Sys=0.00s Real=0.01s
[245.997s][info][gc,start       ] GC(278) Pause Young (Allocation Failure)
[246.000s][info][gc,heap        ] GC(278) PSYoungGen: 252664K(288256K)->3290K(286720K) Eden: 248320K(248320K)->0K(248320K) From: 4344K(39936K)->3290K(38400K)
[246.000s][info][gc,heap        ] GC(278) ParOldGen: 169823K(248320K)->169855K(248320K)
[246.000s][info][gc,metaspace   ] GC(278) Metaspace: 42311K(42688K)->42311K(42688K) NonClass: 39493K(39744K)->39493K(39744K) Class: 2817K(2944K)->2817K(2944K)
[246.000s][info][gc             ] GC(278) Pause Young (Allocation Failure) 412M->169M(522M) 2.958ms
[246.000s][info][gc,cpu         ] GC(278) User=0.01s Sys=0.00s Real=0.00s
[246.581s][info][gc,start       ] GC(279) Pause Young (Allocation Failure)
[246.587s][info][gc,heap        ] GC(279) PSYoungGen: 251610K(286720K)->7361K(292864K) Eden: 248320K(248320K)->0K(258048K) From: 3290K(38400K)->7361K(34816K)
[246.587s][info][gc,heap        ] GC(279) ParOldGen: 169855K(248320K)->170430K(248320K)
[246.587s][info][gc,metaspace   ] GC(279) Metaspace: 42426K(42816K)->42426K(42816K) NonClass: 39609K(39872K)->39609K(39872K) Class: 2817K(2944K)->2817K(2944K)
[246.587s][info][gc             ] GC(279) Pause Young (Allocation Failure) 411M->173M(528M) 5.891ms
[246.587s][info][gc,cpu         ] GC(279) User=0.01s Sys=0.00s Real=0.01s
[247.684s][info][gc,start       ] GC(280) Pause Young (Allocation Failure)
[247.689s][info][gc,heap        ] GC(280) PSYoungGen: 265409K(292864K)->3314K(291840K) Eden: 258048K(258048K)->0K(258048K) From: 7361K(34816K)->3314K(33792K)
[247.689s][info][gc,heap        ] GC(280) ParOldGen: 170430K(248320K)->170550K(248320K)
[247.689s][info][gc,metaspace   ] GC(280) Metaspace: 42441K(42816K)->42441K(42816K) NonClass: 39624K(39872K)->39624K(39872K) Class: 2817K(2944K)->2817K(2944K)
[247.689s][info][gc             ] GC(280) Pause Young (Allocation Failure) 425M->169M(527M) 5.072ms
[247.689s][info][gc,cpu         ] GC(280) User=0.01s Sys=0.00s Real=0.01s
[248.713s][info][gc,start       ] GC(281) Pause Young (Allocation Failure)
[248.738s][info][gc,heap        ] GC(281) PSYoungGen: 261362K(291840K)->25386K(292352K) Eden: 258048K(258048K)->0K(260608K) From: 3314K(33792K)->25386K(31744K)
[248.738s][info][gc,heap        ] GC(281) ParOldGen: 170550K(248320K)->173768K(248320K)
[248.738s][info][gc,metaspace   ] GC(281) Metaspace: 42467K(42816K)->42467K(42816K) NonClass: 39649K(39872K)->39649K(39872K) Class: 2817K(2944K)->2817K(2944K)
[248.738s][info][gc             ] GC(281) Pause Young (Allocation Failure) 421M->194M(528M) 25.195ms
[248.738s][info][gc,cpu         ] GC(281) User=0.05s Sys=0.00s Real=0.03s
[249.326s][info][gc,start       ] GC(282) Pause Young (Allocation Failure)
[249.376s][info][gc,heap        ] GC(282) PSYoungGen: 285994K(292352K)->29624K(290304K) Eden: 260608K(260608K)->0K(260608K) From: 25386K(31744K)->29624K(29696K)
[249.376s][info][gc,heap        ] GC(282) ParOldGen: 173768K(248320K)->198365K(248320K)
[249.376s][info][gc,metaspace   ] GC(282) Metaspace: 42467K(42816K)->42467K(42816K) NonClass: 39649K(39872K)->39649K(39872K) Class: 2817K(2944K)->2817K(2944K)
[249.376s][info][gc             ] GC(282) Pause Young (Allocation Failure) 448M->222M(526M) 50.325ms
[249.376s][info][gc,cpu         ] GC(282) User=0.10s Sys=0.00s Real=0.05s
[249.976s][info][gc,start       ] GC(283) Pause Young (Allocation Failure)
[250.028s][info][gc,heap        ] GC(283) PSYoungGen: 290232K(290304K)->29568K(285696K) Eden: 260608K(260608K)->0K(244736K) From: 29624K(29696K)->29568K(40960K)
[250.028s][info][gc,heap        ] GC(283) ParOldGen: 198365K(248320K)->226553K(248320K)
[250.028s][info][gc,metaspace   ] GC(283) Metaspace: 42467K(42816K)->42467K(42816K) NonClass: 39649K(39872K)->39649K(39872K) Class: 2817K(2944K)->2817K(2944K)
[250.028s][info][gc             ] GC(283) Pause Young (Allocation Failure) 477M->250M(521M) 51.668ms
[250.028s][info][gc,cpu         ] GC(283) User=0.10s Sys=0.01s Real=0.05s
[253.609s][info][gc,start       ] GC(284) Pause Young (Allocation Failure)
[253.671s][info][gc,heap        ] GC(284) PSYoungGen: 274298K(285696K)->15376K(289280K) Eden: 244730K(244736K)->0K(244736K) From: 29568K(40960K)->15376K(44544K)
[253.671s][info][gc,heap        ] GC(284) ParOldGen: 226553K(248320K)->256290K(256512K)
[253.671s][info][gc,metaspace   ] GC(284) Metaspace: 42485K(42816K)->42485K(42816K) NonClass: 39667K(39872K)->39667K(39872K) Class: 2817K(2944K)->2817K(2944K)
[253.671s][info][gc             ] GC(284) Pause Young (Allocation Failure) 489M->265M(533M) 61.720ms
[253.671s][info][gc,cpu         ] GC(284) User=0.12s Sys=0.00s Real=0.06s
[254.428s][info][gc,start       ] GC(285) Pause Young (Allocation Failure)
[254.458s][info][gc,heap        ] GC(285) PSYoungGen: 260112K(289280K)->14458K(282624K) Eden: 244736K(244736K)->0K(246784K) From: 15376K(44544K)->14458K(35840K)
[254.458s][info][gc,heap        ] GC(285) ParOldGen: 256290K(256512K)->271444K(271872K)
[254.458s][info][gc,metaspace   ] GC(285) Metaspace: 42495K(42816K)->42495K(42816K) NonClass: 39677K(39872K)->39677K(39872K) Class: 2817K(2944K)->2817K(2944K)
[254.458s][info][gc             ] GC(285) Pause Young (Allocation Failure) 504M->279M(541M) 30.291ms
[254.458s][info][gc,cpu         ] GC(285) User=0.05s Sys=0.02s Real=0.03s
[255.083s][info][gc,start       ] GC(286) Pause Young (Allocation Failure)
[255.131s][info][gc,heap        ] GC(286) PSYoungGen: 261242K(282624K)->30636K(286720K) Eden: 246784K(246784K)->0K(246784K) From: 14458K(35840K)->30636K(39936K)
[255.131s][info][gc,heap        ] GC(286) ParOldGen: 271444K(271872K)->285493K(285696K)
[255.131s][info][gc,metaspace   ] GC(286) Metaspace: 42495K(42816K)->42495K(42816K) NonClass: 39677K(39872K)->39677K(39872K) Class: 2817K(2944K)->2817K(2944K)
[255.131s][info][gc             ] GC(286) Pause Young (Allocation Failure) 520M->308M(559M) 48.287ms
[255.131s][info][gc,cpu         ] GC(286) User=0.09s Sys=0.01s Real=0.05s
[255.745s][info][gc,start       ] GC(287) Pause Young (Allocation Failure)
[255.813s][info][gc,heap        ] GC(287) PSYoungGen: 277420K(286720K)->31256K(284160K) Eden: 246784K(246784K)->0K(240640K) From: 30636K(39936K)->31256K(43520K)
[255.813s][info][gc,heap        ] GC(287) ParOldGen: 285493K(285696K)->314645K(314880K)
[255.813s][info][gc,metaspace   ] GC(287) Metaspace: 42495K(42816K)->42495K(42816K) NonClass: 39677K(39872K)->39677K(39872K) Class: 2817K(2944K)->2817K(2944K)
[255.813s][info][gc             ] GC(287) Pause Young (Allocation Failure) 549M->337M(585M) 68.269ms
[255.813s][info][gc,cpu         ] GC(287) User=0.11s Sys=0.03s Real=0.06s
[257.283s][info][gc,start       ] GC(288) Pause Young (Allocation Failure)
[257.340s][info][gc,heap        ] GC(288) PSYoungGen: 271896K(284160K)->19572K(287232K) Eden: 240640K(240640K)->0K(240640K) From: 31256K(43520K)->19572K(46592K)
[257.340s][info][gc,heap        ] GC(288) ParOldGen: 314645K(314880K)->345926K(346112K)
[257.340s][info][gc,metaspace   ] GC(288) Metaspace: 42495K(42816K)->42495K(42816K) NonClass: 39677K(39872K)->39677K(39872K) Class: 2817K(2944K)->2817K(2944K)
[257.340s][info][gc             ] GC(288) Pause Young (Allocation Failure) 572M->356M(618M) 57.584ms
[257.340s][info][gc,cpu         ] GC(288) User=0.08s Sys=0.03s Real=0.06s
[258.408s][info][gc,start       ] GC(289) Pause Young (Allocation Failure)
[258.440s][info][gc,heap        ] GC(289) PSYoungGen: 260212K(287232K)->12518K(281600K) Eden: 240640K(240640K)->0K(242176K) From: 19572K(46592K)->12518K(39424K)
[258.440s][info][gc,heap        ] GC(289) ParOldGen: 345926K(346112K)->364003K(364032K)
[258.440s][info][gc,metaspace   ] GC(289) Metaspace: 42495K(42816K)->42495K(42816K) NonClass: 39677K(39872K)->39677K(39872K) Class: 2817K(2944K)->2817K(2944K)
[258.440s][info][gc             ] GC(289) Pause Young (Allocation Failure) 591M->367M(630M) 31.683ms
[258.440s][info][gc,cpu         ] GC(289) User=0.05s Sys=0.02s Real=0.03s
[259.838s][info][gc,start       ] GC(290) Pause Young (Allocation Failure)
[259.874s][info][gc,heap        ] GC(290) PSYoungGen: 254694K(281600K)->24601K(285184K) Eden: 242176K(242176K)->0K(242176K) From: 12518K(39424K)->24601K(43008K)
[259.874s][info][gc,heap        ] GC(290) ParOldGen: 364003K(364032K)->376566K(376832K)
[259.874s][info][gc,metaspace   ] GC(290) Metaspace: 42496K(42816K)->42496K(42816K) NonClass: 39678K(39872K)->39678K(39872K) Class: 2817K(2944K)->2817K(2944K)
[259.874s][info][gc             ] GC(290) Pause Young (Allocation Failure) 604M->391M(646M) 36.425ms
[259.874s][info][gc,cpu         ] GC(290) User=0.06s Sys=0.01s Real=0.03s
[261.241s][info][gc,start       ] GC(291) Pause Young (Allocation Failure)
[261.290s][info][gc,heap        ] GC(291) PSYoungGen: 266777K(285184K)->21809K(289792K) Eden: 242176K(242176K)->0K(247808K) From: 24601K(43008K)->21809K(41984K)
[261.290s][info][gc,heap        ] GC(291) ParOldGen: 376566K(376832K)->401103K(401408K)
[261.290s][info][gc,metaspace   ] GC(291) Metaspace: 42496K(42816K)->42496K(42816K) NonClass: 39678K(39872K)->39678K(39872K) Class: 2817K(2944K)->2817K(2944K)
[261.290s][info][gc             ] GC(291) Pause Young (Allocation Failure) 628M->413M(675M) 49.523ms
[261.290s][info][gc,cpu         ] GC(291) User=0.08s Sys=0.02s Real=0.05s
[262.635s][info][gc,start       ] GC(292) Pause Young (Allocation Failure)
[262.682s][info][gc,heap        ] GC(292) PSYoungGen: 269617K(289792K)->22839K(290304K) Eden: 247808K(247808K)->0K(247808K) From: 21809K(41984K)->22839K(42496K)
[262.682s][info][gc,heap        ] GC(292) ParOldGen: 401103K(401408K)->422846K(422912K)
[262.682s][info][gc,metaspace   ] GC(292) Metaspace: 42496K(42816K)->42496K(42816K) NonClass: 39678K(39872K)->39678K(39872K) Class: 2817K(2944K)->2817K(2944K)
[262.682s][info][gc             ] GC(292) Pause Young (Allocation Failure) 655M->435M(696M) 47.153ms
[262.682s][info][gc,cpu         ] GC(292) User=0.07s Sys=0.02s Real=0.04s
[263.284s][info][gc,start       ] GC(293) Pause Young (Allocation Failure)
[263.344s][info][gc,heap        ] GC(293) PSYoungGen: 270647K(290304K)->36598K(283136K) Eden: 247808K(247808K)->0K(241664K) From: 22839K(42496K)->36598K(41472K)
[263.344s][info][gc,heap        ] GC(293) ParOldGen: 422846K(422912K)->444895K(444928K)
[263.344s][info][gc,metaspace   ] GC(293) Metaspace: 42496K(42816K)->42496K(42816K) NonClass: 39678K(39872K)->39678K(39872K) Class: 2817K(2944K)->2817K(2944K)
[263.344s][info][gc             ] GC(293) Pause Young (Allocation Failure) 677M->470M(711M) 59.631ms
[263.344s][info][gc,cpu         ] GC(293) User=0.11s Sys=0.01s Real=0.06s
[263.921s][info][gc,start       ] GC(294) Pause Young (Allocation Failure)
[263.997s][info][gc,heap        ] GC(294) PSYoungGen: 278262K(283136K)->29432K(271360K) Eden: 241664K(241664K)->0K(241664K) From: 36598K(41472K)->29432K(29696K)
[263.997s][info][gc,heap        ] GC(294) ParOldGen: 444895K(444928K)->480858K(481280K)
[263.997s][info][gc,metaspace   ] GC(294) Metaspace: 42496K(42816K)->42496K(42816K) NonClass: 39678K(39872K)->39678K(39872K) Class: 2817K(2944K)->2817K(2944K)
[263.998s][info][gc             ] GC(294) Pause Young (Allocation Failure) 706M->498M(735M) 76.174ms
[263.998s][info][gc,cpu         ] GC(294) User=0.12s Sys=0.03s Real=0.08s
[264.624s][info][gc,start       ] GC(295) Pause Young (Allocation Failure)
[264.691s][info][gc,heap        ] GC(295) PSYoungGen: 271096K(271360K)->30574K(284672K) Eden: 241664K(241664K)->0K(237568K) From: 29432K(29696K)->30574K(47104K)
[264.691s][info][gc,heap        ] GC(295) ParOldGen: 480858K(481280K)->508594K(508928K)
[264.691s][info][gc,metaspace   ] GC(295) Metaspace: 42496K(42816K)->42496K(42816K) NonClass: 39678K(39872K)->39678K(39872K) Class: 2817K(2944K)->2817K(2944K)
[264.691s][info][gc             ] GC(295) Pause Young (Allocation Failure) 734M->526M(775M) 66.479ms
[264.691s][info][gc,cpu         ] GC(295) User=0.11s Sys=0.03s Real=0.07s
[266.325s][info][gc,start       ] GC(296) Pause Young (Allocation Failure)
[266.364s][info][gc,heap        ] GC(296) PSYoungGen: 268142K(284672K)->6936K(285696K) Eden: 237568K(237568K)->0K(237568K) From: 30574K(47104K)->6936K(48128K)
[266.364s][info][gc,heap        ] GC(296) ParOldGen: 508594K(508928K)->538760K(539136K)
[266.364s][info][gc,metaspace   ] GC(296) Metaspace: 42496K(42816K)->42496K(42816K) NonClass: 39678K(39872K)->39678K(39872K) Class: 2817K(2944K)->2817K(2944K)
[266.364s][info][gc             ] GC(296) Pause Young (Allocation Failure) 758M->532M(805M) 39.128ms
[266.364s][info][gc,cpu         ] GC(296) User=0.05s Sys=0.03s Real=0.03s
[267.586s][info][gc,start       ] GC(297) Pause Young (Allocation Failure)
[267.594s][info][gc,heap        ] GC(297) PSYoungGen: 244504K(285696K)->519K(284672K) Eden: 237568K(237568K)->0K(236544K) From: 6936K(48128K)->519K(48128K)
[267.594s][info][gc,heap        ] GC(297) ParOldGen: 538760K(539136K)->544885K(545280K)
[267.594s][info][gc,metaspace   ] GC(297) Metaspace: 42496K(42816K)->42496K(42816K) NonClass: 39678K(39872K)->39678K(39872K) Class: 2817K(2944K)->2817K(2944K)
[267.594s][info][gc             ] GC(297) Pause Young (Allocation Failure) 764M->532M(810M) 8.388ms
[267.594s][info][gc,cpu         ] GC(297) User=0.01s Sys=0.01s Real=0.00s
[268.844s][info][gc,start       ] GC(298) Pause Young (Allocation Failure)
[268.868s][info][gc,heap        ] GC(298) PSYoungGen: 237063K(284672K)->23853K(260608K) Eden: 236544K(236544K)->0K(236544K) From: 519K(48128K)->23853K(24064K)
[268.868s][info][gc,heap        ] GC(298) ParOldGen: 544885K(545280K)->545364K(545792K)
[268.868s][info][gc,metaspace   ] GC(298) Metaspace: 42496K(42816K)->42496K(42816K) NonClass: 39678K(39872K)->39678K(39872K) Class: 2817K(2944K)->2817K(2944K)
[268.868s][info][gc             ] GC(298) Pause Young (Allocation Failure) 763M->555M(787M) 24.629ms
[268.868s][info][gc,cpu         ] GC(298) User=0.05s Sys=0.00s Real=0.03s
[270.224s][info][gc,start       ] GC(299) Pause Young (Allocation Failure)
[270.273s][info][gc,heap        ] GC(299) PSYoungGen: 260397K(260608K)->22913K(286208K) Eden: 236544K(236544K)->0K(238592K) From: 23853K(24064K)->22913K(47616K)
[270.273s][info][gc,heap        ] GC(299) ParOldGen: 545364K(545792K)->569317K(569344K)
[270.273s][info][gc,metaspace   ] GC(299) Metaspace: 42496K(42816K)->42496K(42816K) NonClass: 39678K(39872K)->39678K(39872K) Class: 2817K(2944K)->2817K(2944K)
[270.273s][info][gc             ] GC(299) Pause Young (Allocation Failure) 786M->578M(835M) 49.247ms
[270.273s][info][gc,cpu         ] GC(299) User=0.09s Sys=0.01s Real=0.05s
[271.400s][info][gc,start       ] GC(300) Pause Young (Allocation Failure)
[271.445s][info][gc,heap        ] GC(300) PSYoungGen: 261505K(286208K)->21649K(284672K) Eden: 238592K(238592K)->0K(238592K) From: 22913K(47616K)->21649K(46080K)
[271.445s][info][gc,heap        ] GC(300) ParOldGen: 569317K(569344K)->592303K(592384K)
[271.445s][info][gc,metaspace   ] GC(300) Metaspace: 42502K(42816K)->42502K(42816K) NonClass: 39685K(39872K)->39685K(39872K) Class: 2817K(2944K)->2817K(2944K)
[271.445s][info][gc             ] GC(300) Pause Young (Allocation Failure) 811M->599M(856M) 44.633ms
[271.445s][info][gc,cpu         ] GC(300) User=0.07s Sys=0.02s Real=0.05s
[272.306s][info][gc,start       ] GC(301) Pause Young (Allocation Failure)
[272.339s][info][gc,heap        ] GC(301) PSYoungGen: 260241K(284672K)->17847K(285184K) Eden: 238592K(238592K)->0K(242688K) From: 21649K(46080K)->17847K(42496K)
[272.339s][info][gc,heap        ] GC(301) ParOldGen: 592303K(592384K)->608351K(608768K)
[272.339s][info][gc,metaspace   ] GC(301) Metaspace: 42516K(42816K)->42516K(42816K) NonClass: 39698K(39872K)->39698K(39872K) Class: 2817K(2944K)->2817K(2944K)
[272.339s][info][gc             ] GC(301) Pause Young (Allocation Failure) 832M->611M(873M) 32.967ms
[272.339s][info][gc,cpu         ] GC(301) User=0.06s Sys=0.01s Real=0.03s
[273.289s][info][gc,start       ] GC(302) Pause Young (Allocation Failure)
[273.307s][info][gc,heap        ] GC(302) PSYoungGen: 260535K(285184K)->20932K(284672K) Eden: 242688K(242688K)->0K(242688K) From: 17847K(42496K)->20932K(41984K)
[273.307s][info][gc,heap        ] GC(302) ParOldGen: 608351K(608768K)->609099K(609280K)
[273.307s][info][gc,metaspace   ] GC(302) Metaspace: 42516K(42816K)->42516K(42816K) NonClass: 39698K(39872K)->39698K(39872K) Class: 2817K(2944K)->2817K(2944K)
[273.307s][info][gc             ] GC(302) Pause Young (Allocation Failure) 848M->615M(873M) 18.681ms
[273.307s][info][gc,cpu         ] GC(302) User=0.04s Sys=0.00s Real=0.02s
[274.252s][info][gc,start       ] GC(303) Pause Young (Allocation Failure)
[274.257s][info][gc,heap        ] GC(303) PSYoungGen: 263620K(284672K)->1424K(288768K) Eden: 242688K(242688K)->0K(248320K) From: 20932K(41984K)->1424K(40448K)
[274.257s][info][gc,heap        ] GC(303) ParOldGen: 609099K(609280K)->610187K(610304K)
[274.257s][info][gc,metaspace   ] GC(303) Metaspace: 42516K(42816K)->42516K(42816K) NonClass: 39699K(39872K)->39699K(39872K) Class: 2817K(2944K)->2817K(2944K)
[274.257s][info][gc             ] GC(303) Pause Young (Allocation Failure) 852M->597M(878M) 5.049ms
[274.257s][info][gc,cpu         ] GC(303) User=0.01s Sys=0.00s Real=0.01s
[275.055s][info][gc,start       ] GC(304) Pause Young (Allocation Failure)
[275.060s][info][gc,heap        ] GC(304) PSYoungGen: 249744K(288768K)->4086K(289792K) Eden: 248320K(248320K)->0K(248320K) From: 1424K(40448K)->4086K(41472K)
[275.061s][info][gc,heap        ] GC(304) ParOldGen: 610187K(610304K)->611419K(611840K)
[275.061s][info][gc,metaspace   ] GC(304) Metaspace: 42527K(42880K)->42527K(42880K) NonClass: 39709K(39936K)->39709K(39936K) Class: 2818K(2944K)->2818K(2944K)
[275.061s][info][gc             ] GC(304) Pause Young (Allocation Failure) 839M->601M(880M) 5.710ms
[275.061s][info][gc,cpu         ] GC(304) User=0.01s Sys=0.00s Real=0.00s
[275.908s][info][gc,start       ] GC(305) Pause Young (Allocation Failure)
[275.933s][info][gc,heap        ] GC(305) PSYoungGen: 252406K(289792K)->28163K(288256K) Eden: 248320K(248320K)->0K(246784K) From: 4086K(41472K)->28163K(41472K)
[275.933s][info][gc,heap        ] GC(305) ParOldGen: 611419K(611840K)->612611K(612864K)
[275.933s][info][gc,metaspace   ] GC(305) Metaspace: 42527K(42880K)->42527K(42880K) NonClass: 39709K(39936K)->39709K(39936K) Class: 2818K(2944K)->2818K(2944K)
[275.933s][info][gc             ] GC(305) Pause Young (Allocation Failure) 843M->625M(880M) 24.524ms
[275.933s][info][gc,cpu         ] GC(305) User=0.05s Sys=0.00s Real=0.02s
[276.887s][info][gc,start       ] GC(306) Pause Young (Allocation Failure)
[276.899s][info][gc,heap        ] GC(306) PSYoungGen: 274947K(288256K)->9330K(290304K) Eden: 246784K(246784K)->0K(246784K) From: 28163K(41472K)->9330K(43520K)
[276.899s][info][gc,heap        ] GC(306) ParOldGen: 612611K(612864K)->613411K(613888K)
[276.899s][info][gc,metaspace   ] GC(306) Metaspace: 42527K(42880K)->42527K(42880K) NonClass: 39709K(39936K)->39709K(39936K) Class: 2818K(2944K)->2818K(2944K)
[276.899s][info][gc             ] GC(306) Pause Young (Allocation Failure) 866M->608M(883M) 11.443ms
[276.899s][info][gc,cpu         ] GC(306) User=0.02s Sys=0.00s Real=0.01s
[277.675s][info][gc,start       ] GC(307) Pause Young (Allocation Failure)
[277.689s][info][gc,heap        ] GC(307) PSYoungGen: 256114K(290304K)->5563K(287232K) Eden: 246784K(246784K)->0K(247808K) From: 9330K(43520K)->5563K(39424K)
[277.689s][info][gc,heap        ] GC(307) ParOldGen: 613411K(613888K)->614555K(614912K)
[277.689s][info][gc,metaspace   ] GC(307) Metaspace: 42528K(42880K)->42528K(42880K) NonClass: 39710K(39936K)->39710K(39936K) Class: 2818K(2944K)->2818K(2944K)
[277.689s][info][gc             ] GC(307) Pause Young (Allocation Failure) 849M->605M(881M) 13.571ms
[277.689s][info][gc,cpu         ] GC(307) User=0.02s Sys=0.00s Real=0.01s
[278.544s][info][gc,start       ] GC(308) Pause Young (Allocation Failure)
[278.551s][info][gc,heap        ] GC(308) PSYoungGen: 253371K(287232K)->6504K(289280K) Eden: 247808K(247808K)->0K(247808K) From: 5563K(39424K)->6504K(41472K)
[278.551s][info][gc,heap        ] GC(308) ParOldGen: 614555K(614912K)->615531K(615936K)
[278.551s][info][gc,metaspace   ] GC(308) Metaspace: 42528K(42880K)->42528K(42880K) NonClass: 39710K(39936K)->39710K(39936K) Class: 2818K(2944K)->2818K(2944K)
[278.551s][info][gc             ] GC(308) Pause Young (Allocation Failure) 847M->607M(884M) 7.636ms
[278.551s][info][gc,cpu         ] GC(308) User=0.02s Sys=0.00s Real=0.01s
[279.353s][info][gc,start       ] GC(309) Pause Young (Allocation Failure)
[279.360s][info][gc,heap        ] GC(309) PSYoungGen: 254312K(289280K)->7428K(289280K) Eden: 247808K(247808K)->0K(251904K) From: 6504K(41472K)->7428K(37376K)
[279.360s][info][gc,heap        ] GC(309) ParOldGen: 615531K(615936K)->616599K(616960K)
[279.360s][info][gc,metaspace   ] GC(309) Metaspace: 42528K(42880K)->42528K(42880K) NonClass: 39710K(39936K)->39710K(39936K) Class: 2818K(2944K)->2818K(2944K)
[279.360s][info][gc             ] GC(309) Pause Young (Allocation Failure) 849M->609M(885M) 7.847ms
[279.360s][info][gc,cpu         ] GC(309) User=0.01s Sys=0.00s Real=0.01s
[280.146s][info][gc,start       ] GC(310) Pause Young (Allocation Failure)
[280.169s][info][gc,heap        ] GC(310) PSYoungGen: 259332K(289280K)->28882K(291328K) Eden: 251904K(251904K)->0K(251904K) From: 7428K(37376K)->28882K(39424K)
[280.169s][info][gc,heap        ] GC(310) ParOldGen: 616599K(616960K)->617583K(617984K)
[280.170s][info][gc,metaspace   ] GC(310) Metaspace: 42528K(42880K)->42528K(42880K) NonClass: 39710K(39936K)->39710K(39936K) Class: 2818K(2944K)->2818K(2944K)
[280.170s][info][gc             ] GC(310) Pause Young (Allocation Failure) 855M->631M(888M) 23.543ms
[280.170s][info][gc,cpu         ] GC(310) User=0.05s Sys=0.00s Real=0.02s
[281.238s][info][gc,start       ] GC(311) Pause Young (Allocation Failure)
[281.287s][info][gc,heap        ] GC(311) PSYoungGen: 280786K(291328K)->24775K(290304K) Eden: 251904K(251904K)->0K(247808K) From: 28882K(39424K)->24775K(42496K)
[281.287s][info][gc,heap        ] GC(311) ParOldGen: 617583K(617984K)->635145K(635392K)
[281.287s][info][gc,metaspace   ] GC(311) Metaspace: 42530K(42880K)->42530K(42880K) NonClass: 39711K(39936K)->39711K(39936K) Class: 2818K(2944K)->2818K(2944K)
[281.287s][info][gc             ] GC(311) Pause Young (Allocation Failure) 877M->644M(904M) 48.833ms
[281.287s][info][gc,cpu         ] GC(311) User=0.08s Sys=0.01s Real=0.05s
[282.348s][info][gc,start       ] GC(312) Pause Full (Allocation Failure)
[282.348s][info][gc,phases,start] GC(312) Marking Phase
[282.441s][info][gc,phases      ] GC(312) Marking Phase 92.465ms
[282.441s][info][gc,phases,start] GC(312) Summary Phase
[282.441s][info][gc,phases      ] GC(312) Summary Phase 0.032ms
[282.441s][info][gc,phases,start] GC(312) Forward
[282.459s][info][gc,phases      ] GC(312) Forward 17.717ms
[282.459s][info][gc,phases,start] GC(312) Adjust Pointers
[282.502s][info][gc,phases      ] GC(312) Adjust Pointers 43.803ms
[282.502s][info][gc,phases,start] GC(312) Compaction Phase
[282.521s][info][gc,phases      ] GC(312) Compaction Phase 18.671ms
[282.521s][info][gc,phases,start] GC(312) Post Compact
[282.524s][info][gc,phases      ] GC(312) Post Compact 2.602ms
[282.558s][info][gc,heap        ] GC(312) PSYoungGen: 272583K(290304K)->0K(290816K) Eden: 247808K(247808K)->0K(247808K) From: 24775K(42496K)->0K(43008K)
[282.558s][info][gc,heap        ] GC(312) ParOldGen: 635145K(635392K)->88018K(214016K)
[282.558s][info][gc,metaspace   ] GC(312) Metaspace: 42530K(42880K)->42530K(42880K) NonClass: 39711K(39936K)->39711K(39936K) Class: 2818K(2944K)->2818K(2944K)
[282.558s][info][gc             ] GC(312) Pause Full (Allocation Failure) 886M->85M(493M) 209.555ms
[282.558s][info][gc,cpu         ] GC(312) User=0.24s Sys=0.04s Real=0.21s
[283.281s][info][gc,start       ] GC(313) Pause Young (Allocation Failure)
[283.291s][info][gc,heap        ] GC(313) PSYoungGen: 247808K(290816K)->11429K(287744K) Eden: 247808K(247808K)->0K(247808K) From: 0K(43008K)->11429K(39936K)
[283.291s][info][gc,heap        ] GC(313) ParOldGen: 88018K(214016K)->88018K(214016K)
[283.291s][info][gc,metaspace   ] GC(313) Metaspace: 42531K(42880K)->42531K(42880K) NonClass: 39713K(39936K)->39713K(39936K) Class: 2818K(2944K)->2818K(2944K)
[283.291s][info][gc             ] GC(313) Pause Young (Allocation Failure) 327M->97M(490M) 10.301ms
[283.291s][info][gc,cpu         ] GC(313) User=0.02s Sys=0.00s Real=0.01s
[284.070s][info][gc,start       ] GC(314) Pause Young (Allocation Failure)
[284.082s][info][gc,heap        ] GC(314) PSYoungGen: 259237K(287744K)->7897K(289280K) Eden: 247808K(247808K)->0K(247808K) From: 11429K(39936K)->7897K(41472K)
[284.082s][info][gc,heap        ] GC(314) ParOldGen: 88018K(214016K)->97354K(214016K)
[284.082s][info][gc,metaspace   ] GC(314) Metaspace: 42533K(42880K)->42533K(42880K) NonClass: 39715K(39936K)->39715K(39936K) Class: 2818K(2944K)->2818K(2944K)
[284.082s][info][gc             ] GC(314) Pause Young (Allocation Failure) 339M->102M(491M) 12.217ms
[284.082s][info][gc,cpu         ] GC(314) User=0.02s Sys=0.00s Real=0.01s
[284.851s][info][gc,start       ] GC(315) Pause Young (Allocation Failure)
[284.885s][info][gc,heap        ] GC(315) PSYoungGen: 255705K(289280K)->39919K(271360K) Eden: 247808K(247808K)->0K(231424K) From: 7897K(41472K)->39919K(39936K)
[284.885s][info][gc,heap        ] GC(315) ParOldGen: 97354K(214016K)->109073K(214016K)
[284.885s][info][gc,metaspace   ] GC(315) Metaspace: 42533K(42880K)->42533K(42880K) NonClass: 39715K(39936K)->39715K(39936K) Class: 2818K(2944K)->2818K(2944K)
[284.885s][info][gc             ] GC(315) Pause Young (Allocation Failure) 344M->145M(474M) 33.809ms
[284.885s][info][gc,cpu         ] GC(315) User=0.06s Sys=0.00s Real=0.04s
[285.693s][info][gc,start       ] GC(316) Pause Young (Allocation Failure)
[285.734s][info][gc,heap        ] GC(316) PSYoungGen: 271343K(271360K)->51145K(282624K) Eden: 231424K(231424K)->0K(231424K) From: 39919K(39936K)->51145K(51200K)
[285.734s][info][gc,heap        ] GC(316) ParOldGen: 109073K(214016K)->114166K(214016K)
[285.734s][info][gc,metaspace   ] GC(316) Metaspace: 42533K(42880K)->42533K(42880K) NonClass: 39715K(39936K)->39715K(39936K) Class: 2818K(2944K)->2818K(2944K)
[285.734s][info][gc             ] GC(316) Pause Young (Allocation Failure) 371M->161M(485M) 40.839ms
[285.734s][info][gc,cpu         ] GC(316) User=0.08s Sys=0.00s Real=0.04s
[286.470s][info][gc,start       ] GC(317) Pause Young (Allocation Failure)
[286.537s][info][gc,heap        ] GC(317) PSYoungGen: 282569K(282624K)->51199K(208896K) Eden: 231424K(231424K)->0K(157696K) From: 51145K(51200K)->51199K(51200K)
[286.537s][info][gc,heap        ] GC(317) ParOldGen: 114166K(214016K)->171189K(214016K)
[286.537s][info][gc,metaspace   ] GC(317) Metaspace: 42534K(42880K)->42534K(42880K) NonClass: 39715K(39936K)->39715K(39936K) Class: 2818K(2944K)->2818K(2944K)
[286.537s][info][gc             ] GC(317) Pause Young (Allocation Failure) 387M->217M(413M) 67.275ms
[286.537s][info][gc,cpu         ] GC(317) User=0.13s Sys=0.00s Real=0.07s
[287.083s][info][gc,start       ] GC(318) Pause Young (Allocation Failure)
[287.149s][info][gc,heap        ] GC(318) PSYoungGen: 208895K(208896K)->87272K(245248K) Eden: 157696K(157696K)->0K(157696K) From: 51199K(51200K)->87272K(87552K)
[287.149s][info][gc,heap        ] GC(318) ParOldGen: 171189K(214016K)->201818K(214016K)
[287.149s][info][gc,metaspace   ] GC(318) Metaspace: 42534K(42880K)->42534K(42880K) NonClass: 39715K(39936K)->39715K(39936K) Class: 2818K(2944K)->2818K(2944K)
[287.149s][info][gc             ] GC(318) Pause Young (Allocation Failure) 371M->282M(448M) 66.773ms
[287.149s][info][gc,cpu         ] GC(318) User=0.13s Sys=0.00s Real=0.07s
[287.700s][info][gc,start       ] GC(319) Pause Young (Allocation Failure)
[287.826s][info][gc,heap        ] GC(319) PSYoungGen: 244968K(245248K)->87873K(200192K) Eden: 157696K(157696K)->0K(111616K) From: 87272K(87552K)->87873K(88576K)
[287.826s][info][gc,heap        ] GC(319) ParOldGen: 201818K(214016K)->277589K(278016K)
[287.826s][info][gc,metaspace   ] GC(319) Metaspace: 42534K(42880K)->42534K(42880K) NonClass: 39715K(39936K)->39715K(39936K) Class: 2818K(2944K)->2818K(2944K)
[287.826s][info][gc             ] GC(319) Pause Young (Allocation Failure) 436M->356M(467M) 125.865ms
[287.826s][info][gc,cpu         ] GC(319) User=0.21s Sys=0.04s Real=0.13s
[288.202s][info][gc,start       ] GC(320) Pause Young (Allocation Failure)
[288.304s][info][gc,heap        ] GC(320) PSYoungGen: 199489K(200192K)->29229K(222720K) Eden: 111616K(111616K)->0K(111616K) From: 87873K(88576K)->29229K(111104K)
[288.304s][info][gc,heap        ] GC(320) ParOldGen: 277589K(278016K)->355220K(355328K)
[288.304s][info][gc,metaspace   ] GC(320) Metaspace: 42534K(42880K)->42534K(42880K) NonClass: 39715K(39936K)->39715K(39936K) Class: 2818K(2944K)->2818K(2944K)
[288.304s][info][gc             ] GC(320) Pause Young (Allocation Failure) 465M->375M(564M) 101.516ms
[288.304s][info][gc,cpu         ] GC(320) User=0.15s Sys=0.05s Real=0.10s
[288.674s][info][gc,start       ] GC(321) Pause Young (Allocation Failure)
[288.708s][info][gc,heap        ] GC(321) PSYoungGen: 140845K(222720K)->2701K(220160K) Eden: 111616K(111616K)->0K(112128K) From: 29229K(111104K)->2701K(108032K)
[288.708s][info][gc,heap        ] GC(321) ParOldGen: 355220K(355328K)->382892K(382976K)
[288.708s][info][gc,metaspace   ] GC(321) Metaspace: 42534K(42880K)->42534K(42880K) NonClass: 39715K(39936K)->39715K(39936K) Class: 2818K(2944K)->2818K(2944K)
[288.708s][info][gc             ] GC(321) Pause Young (Allocation Failure) 484M->376M(589M) 33.520ms
[288.708s][info][gc,cpu         ] GC(321) User=0.04s Sys=0.02s Real=0.04s
[289.076s][info][gc,start       ] GC(322) Pause Young (Allocation Failure)
[289.088s][info][gc,heap        ] GC(322) PSYoungGen: 114829K(220160K)->18953K(221696K) Eden: 112128K(112128K)->0K(112128K) From: 2701K(108032K)->18953K(109568K)
[289.088s][info][gc,heap        ] GC(322) ParOldGen: 382892K(382976K)->383413K(383488K)
[289.088s][info][gc,metaspace   ] GC(322) Metaspace: 42534K(42880K)->42534K(42880K) NonClass: 39715K(39936K)->39715K(39936K) Class: 2818K(2944K)->2818K(2944K)
[289.088s][info][gc             ] GC(322) Pause Young (Allocation Failure) 486M->392M(591M) 12.514ms
[289.088s][info][gc,cpu         ] GC(322) User=0.03s Sys=0.00s Real=0.01s
[289.477s][info][gc,start       ] GC(323) Pause Young (Allocation Failure)
[289.489s][info][gc,heap        ] GC(323) PSYoungGen: 131081K(221696K)->11532K(220672K) Eden: 112128K(112128K)->0K(118784K) From: 18953K(109568K)->11532K(101888K)
[289.489s][info][gc,heap        ] GC(323) ParOldGen: 383413K(383488K)->383870K(384000K)
[289.489s][info][gc,metaspace   ] GC(323) Metaspace: 42535K(42880K)->42535K(42880K) NonClass: 39716K(39936K)->39716K(39936K) Class: 2818K(2944K)->2818K(2944K)
[289.489s][info][gc             ] GC(323) Pause Young (Allocation Failure) 502M->386M(590M) 12.691ms
[289.489s][info][gc,cpu         ] GC(323) User=0.02s Sys=0.00s Real=0.01s
[289.902s][info][gc,start       ] GC(324) Pause Young (Allocation Failure)
[289.911s][info][gc,heap        ] GC(324) PSYoungGen: 130316K(220672K)->10377K(221184K) Eden: 118784K(118784K)->0K(118784K) From: 11532K(101888K)->10377K(102400K)
[289.911s][info][gc,heap        ] GC(324) ParOldGen: 383870K(384000K)->384381K(384512K)
[289.911s][info][gc,metaspace   ] GC(324) Metaspace: 42535K(42880K)->42535K(42880K) NonClass: 39716K(39936K)->39716K(39936K) Class: 2818K(2944K)->2818K(2944K)
[289.911s][info][gc             ] GC(324) Pause Young (Allocation Failure) 502M->385M(591M) 8.691ms
[289.911s][info][gc,cpu         ] GC(324) User=0.01s Sys=0.00s Real=0.01s
[290.282s][info][gc,start       ] GC(325) Pause Young (Allocation Failure)
[290.292s][info][gc,heap        ] GC(325) PSYoungGen: 129161K(221184K)->12257K(225792K) Eden: 118784K(118784K)->0K(132096K) From: 10377K(102400K)->12257K(93696K)
[290.292s][info][gc,heap        ] GC(325) ParOldGen: 384381K(384512K)->384868K(385024K)
[290.292s][info][gc,metaspace   ] GC(325) Metaspace: 42535K(42880K)->42535K(42880K) NonClass: 39716K(39936K)->39716K(39936K) Class: 2818K(2944K)->2818K(2944K)
[290.292s][info][gc             ] GC(325) Pause Young (Allocation Failure) 501M->387M(596M) 9.468ms
[290.292s][info][gc,cpu         ] GC(325) User=0.02s Sys=0.00s Real=0.01s
[290.709s][info][gc,start       ] GC(326) Pause Young (Allocation Failure)
[290.734s][info][gc,heap        ] GC(326) PSYoungGen: 144353K(225792K)->39701K(227328K) Eden: 132096K(132096K)->0K(132096K) From: 12257K(93696K)->39701K(95232K)
[290.734s][info][gc,heap        ] GC(326) ParOldGen: 384868K(385024K)->385526K(385536K)
[290.734s][info][gc,metaspace   ] GC(326) Metaspace: 42535K(42880K)->42535K(42880K) NonClass: 39716K(39936K)->39716K(39936K) Class: 2818K(2944K)->2818K(2944K)
[290.734s][info][gc             ] GC(326) Pause Young (Allocation Failure) 516M->415M(598M) 24.891ms
[290.734s][info][gc,cpu         ] GC(326) User=0.05s Sys=0.01s Real=0.02s
[291.188s][info][gc,start       ] GC(327) Pause Young (Allocation Failure)
[291.194s][info][gc,heap        ] GC(327) PSYoungGen: 171797K(227328K)->5680K(235520K) Eden: 132096K(132096K)->0K(145920K) From: 39701K(95232K)->5680K(89600K)
[291.194s][info][gc,heap        ] GC(327) ParOldGen: 385526K(385536K)->385885K(386048K)
[291.194s][info][gc,metaspace   ] GC(327) Metaspace: 42535K(42880K)->42535K(42880K) NonClass: 39716K(39936K)->39716K(39936K) Class: 2818K(2944K)->2818K(2944K)
[291.194s][info][gc             ] GC(327) Pause Young (Allocation Failure) 544M->382M(607M) 5.671ms
[291.194s][info][gc,cpu         ] GC(327) User=0.01s Sys=0.00s Real=0.00s
[291.665s][info][gc,start       ] GC(328) Pause Young (Allocation Failure)
[291.683s][info][gc,heap        ] GC(328) PSYoungGen: 151600K(235520K)->28836K(236544K) Eden: 145920K(145920K)->0K(145920K) From: 5680K(89600K)->28836K(90624K)
[291.683s][info][gc,heap        ] GC(328) ParOldGen: 385885K(386048K)->386630K(387072K)
[291.683s][info][gc,metaspace   ] GC(328) Metaspace: 42535K(42880K)->42535K(42880K) NonClass: 39716K(39936K)->39716K(39936K) Class: 2818K(2944K)->2818K(2944K)
[291.683s][info][gc             ] GC(328) Pause Young (Allocation Failure) 524M->405M(609M) 18.572ms
[291.683s][info][gc,cpu         ] GC(328) User=0.04s Sys=0.00s Real=0.01s
[292.118s][info][gc,start       ] GC(329) Pause Young (Allocation Failure)
[292.159s][info][gc,heap        ] GC(329) PSYoungGen: 174756K(236544K)->31307K(238592K) Eden: 145920K(145920K)->0K(158208K) From: 28836K(90624K)->31307K(80384K)
[292.159s][info][gc,heap        ] GC(329) ParOldGen: 386630K(387072K)->407508K(407552K)
[292.159s][info][gc,metaspace   ] GC(329) Metaspace: 42537K(42880K)->42537K(42880K) NonClass: 39718K(39936K)->39718K(39936K) Class: 2818K(2944K)->2818K(2944K)
[292.159s][info][gc             ] GC(329) Pause Young (Allocation Failure) 548M->428M(631M) 41.557ms
[292.159s][info][gc,cpu         ] GC(329) User=0.07s Sys=0.02s Real=0.04s
[292.607s][info][gc,start       ] GC(330) Pause Young (Allocation Failure)
[292.640s][info][gc,heap        ] GC(330) PSYoungGen: 189515K(238592K)->872K(238592K) Eden: 158208K(158208K)->0K(158208K) From: 31307K(80384K)->872K(80384K)
[292.640s][info][gc,heap        ] GC(330) ParOldGen: 407508K(407552K)->437947K(438272K)
[292.640s][info][gc,metaspace   ] GC(330) Metaspace: 42537K(42880K)->42537K(42880K) NonClass: 39718K(39936K)->39718K(39936K) Class: 2818K(2944K)->2818K(2944K)
[292.640s][info][gc             ] GC(330) Pause Young (Allocation Failure) 583M->428M(661M) 32.837ms
[292.640s][info][gc,cpu         ] GC(330) User=0.04s Sys=0.02s Real=0.03s
[293.105s][info][gc,start       ] GC(331) Pause Young (Allocation Failure)
[293.108s][info][gc,heap        ] GC(331) PSYoungGen: 159080K(238592K)->1036K(250880K) Eden: 158208K(158208K)->0K(173568K) From: 872K(80384K)->1036K(77312K)
[293.108s][info][gc,heap        ] GC(331) ParOldGen: 437947K(438272K)->438004K(438272K)
[293.108s][info][gc,metaspace   ] GC(331) Metaspace: 42537K(42880K)->42537K(42880K) NonClass: 39719K(39936K)->39719K(39936K) Class: 2818K(2944K)->2818K(2944K)
[293.108s][info][gc             ] GC(331) Pause Young (Allocation Failure) 583M->428M(673M) 2.812ms
[293.108s][info][gc,cpu         ] GC(331) User=0.00s Sys=0.00s Real=0.00s
[293.594s][info][gc,start       ] GC(332) Pause Young (Allocation Failure)
[293.600s][info][gc,heap        ] GC(332) PSYoungGen: 174604K(250880K)->4871K(251904K) Eden: 173568K(173568K)->0K(173568K) From: 1036K(77312K)->4871K(78336K)
[293.600s][info][gc,heap        ] GC(332) ParOldGen: 438004K(438272K)->438428K(438784K)
[293.601s][info][gc,metaspace   ] GC(332) Metaspace: 42537K(42880K)->42537K(42880K) NonClass: 39719K(39936K)->39719K(39936K) Class: 2818K(2944K)->2818K(2944K)
[293.601s][info][gc             ] GC(332) Pause Young (Allocation Failure) 598M->432M(674M) 6.214ms
[293.601s][info][gc,cpu         ] GC(332) User=0.02s Sys=0.00s Real=0.01s
[293.873s][info][gc,start       ] GC(333) Pause Young (Allocation Failure)
[293.879s][info][gc,heap        ] GC(333) PSYoungGen: 178439K(251904K)->2862K(252928K) Eden: 173568K(173568K)->0K(179712K) From: 4871K(78336K)->2862K(73216K)
[293.879s][info][gc,heap        ] GC(333) ParOldGen: 438428K(438784K)->440439K(440832K)
[293.879s][info][gc,metaspace   ] GC(333) Metaspace: 42537K(42880K)->42537K(42880K) NonClass: 39719K(39936K)->39719K(39936K) Class: 2818K(2944K)->2818K(2944K)
[293.879s][info][gc             ] GC(333) Pause Young (Allocation Failure) 602M->432M(677M) 6.003ms
[293.879s][info][gc,cpu         ] GC(333) User=0.02s Sys=0.00s Real=0.01s
[294.163s][info][gc,start       ] GC(334) Pause Young (Allocation Failure)
[294.166s][info][gc,heap        ] GC(334) PSYoungGen: 182574K(252928K)->1646K(253440K) Eden: 179712K(179712K)->0K(179712K) From: 2862K(73216K)->1646K(73728K)
[294.166s][info][gc,heap        ] GC(334) ParOldGen: 440439K(440832K)->440543K(440832K)
[294.166s][info][gc,metaspace   ] GC(334) Metaspace: 42537K(42880K)->42537K(42880K) NonClass: 39719K(39936K)->39719K(39936K) Class: 2818K(2944K)->2818K(2944K)
[294.166s][info][gc             ] GC(334) Pause Young (Allocation Failure) 608M->431M(678M) 3.369ms
[294.166s][info][gc,cpu         ] GC(334) User=0.01s Sys=0.00s Real=0.01s
[294.502s][info][gc,start       ] GC(335) Pause Young (Allocation Failure)
[294.510s][info][gc,heap        ] GC(335) PSYoungGen: 179814K(253440K)->10537K(253952K) Eden: 178167K(179712K)->0K(188928K) From: 1646K(73728K)->10537K(65024K)
[294.510s][info][gc,heap        ] GC(335) ParOldGen: 440543K(440832K)->440803K(440832K)
[294.510s][info][gc,metaspace   ] GC(335) Metaspace: 42540K(42880K)->42540K(42880K) NonClass: 39721K(39936K)->39721K(39936K) Class: 2818K(2944K)->2818K(2944K)
[294.510s][info][gc             ] GC(335) Pause Young (Allocation Failure) 605M->440M(678M) 8.144ms
[294.510s][info][gc,cpu         ] GC(335) User=0.01s Sys=0.00s Real=0.01s
[294.741s][info][gc,start       ] GC(336) Pause Young (Allocation Failure)
[294.753s][info][gc,heap        ] GC(336) PSYoungGen: 198010K(253952K)->1152K(256000K) Eden: 187473K(188928K)->0K(188928K) From: 10537K(65024K)->1152K(67072K)
[294.753s][info][gc,heap        ] GC(336) ParOldGen: 440803K(440832K)->451133K(451584K)
[294.753s][info][gc,metaspace   ] GC(336) Metaspace: 42540K(42880K)->42540K(42880K) NonClass: 39721K(39936K)->39721K(39936K) Class: 2818K(2944K)->2818K(2944K)
[294.753s][info][gc             ] GC(336) Pause Young (Allocation Failure) 623M->441M(691M) 12.204ms
[294.753s][info][gc,cpu         ] GC(336) User=0.01s Sys=0.01s Real=0.01s
[294.990s][info][gc,start       ] GC(337) Pause Young (Allocation Failure)
[294.994s][info][gc,heap        ] GC(337) PSYoungGen: 188428K(256000K)->1208K(262144K) Eden: 187276K(188928K)->0K(202240K) From: 1152K(67072K)->1208K(59904K)
[294.994s][info][gc,heap        ] GC(337) ParOldGen: 451133K(451584K)->452236K(452608K)
[294.994s][info][gc,metaspace   ] GC(337) Metaspace: 42540K(42880K)->42540K(42880K) NonClass: 39721K(39936K)->39721K(39936K) Class: 2818K(2944K)->2818K(2944K)
[294.994s][info][gc             ] GC(337) Pause Young (Allocation Failure) 624M->442M(698M) 4.635ms
[294.994s][info][gc,cpu         ] GC(337) User=0.00s Sys=0.00s Real=0.00s
[295.260s][info][gc,start       ] GC(338) Pause Young (Allocation Failure)
[295.266s][info][gc,heap        ] GC(338) PSYoungGen: 203427K(262144K)->3120K(264192K) Eden: 202218K(202240K)->0K(202240K) From: 1208K(59904K)->3120K(61952K)
[295.266s][info][gc,heap        ] GC(338) ParOldGen: 452236K(452608K)->453413K(453632K)
[295.266s][info][gc,metaspace   ] GC(338) Metaspace: 42540K(42880K)->42540K(42880K) NonClass: 39721K(39936K)->39721K(39936K) Class: 2818K(2944K)->2818K(2944K)
[295.266s][info][gc             ] GC(338) Pause Young (Allocation Failure) 640M->445M(701M) 6.467ms
[295.266s][info][gc,cpu         ] GC(338) User=0.01s Sys=0.01s Real=0.01s
[295.534s][info][gc,start       ] GC(339) Pause Young (Allocation Failure)
[295.543s][info][gc,heap        ] GC(339) PSYoungGen: 205360K(264192K)->4615K(266752K) Eden: 202240K(202240K)->0K(212992K) From: 3120K(61952K)->4615K(53760K)
[295.543s][info][gc,heap        ] GC(339) ParOldGen: 453413K(453632K)->456511K(456704K)
[295.543s][info][gc,metaspace   ] GC(339) Metaspace: 42540K(42880K)->42540K(42880K) NonClass: 39721K(39936K)->39721K(39936K) Class: 2818K(2944K)->2818K(2944K)
[295.543s][info][gc             ] GC(339) Pause Young (Allocation Failure) 643M->450M(706M) 9.687ms
[295.543s][info][gc,cpu         ] GC(339) User=0.01s Sys=0.00s Real=0.01s
[295.834s][info][gc,start       ] GC(340) Pause Young (Allocation Failure)
[295.847s][info][gc,heap        ] GC(340) PSYoungGen: 217607K(266752K)->5859K(268800K) Eden: 212992K(212992K)->0K(212992K) From: 4615K(53760K)->5859K(55808K)
[295.847s][info][gc,heap        ] GC(340) ParOldGen: 456511K(456704K)->461137K(461312K)
[295.847s][info][gc,metaspace   ] GC(340) Metaspace: 42540K(42880K)->42540K(42880K) NonClass: 39721K(39936K)->39721K(39936K) Class: 2818K(2944K)->2818K(2944K)
[295.847s][info][gc             ] GC(340) Pause Young (Allocation Failure) 658M->456M(713M) 13.088ms
[295.847s][info][gc,cpu         ] GC(340) User=0.03s Sys=0.00s Real=0.02s
[296.135s][info][gc,start       ] GC(341) Pause Young (Allocation Failure)
[296.149s][info][gc,heap        ] GC(341) PSYoungGen: 217397K(268800K)->4972K(273408K) Eden: 211538K(212992K)->0K(225792K) From: 5859K(55808K)->4972K(47616K)
[296.149s][info][gc,heap        ] GC(341) ParOldGen: 461137K(461312K)->467062K(467456K)
[296.150s][info][gc,metaspace   ] GC(341) Metaspace: 42540K(42880K)->42540K(42880K) NonClass: 39721K(39936K)->39721K(39936K) Class: 2818K(2944K)->2818K(2944K)
[296.150s][info][gc             ] GC(341) Pause Young (Allocation Failure) 662M->460M(723M) 14.081ms
[296.150s][info][gc,cpu         ] GC(341) User=0.02s Sys=0.01s Real=0.01s
[296.482s][info][gc,start       ] GC(342) Pause Young (Allocation Failure)
[296.500s][info][gc,heap        ] GC(342) PSYoungGen: 229546K(273408K)->10480K(274944K) Eden: 224574K(225792K)->0K(225792K) From: 4972K(47616K)->10480K(49152K)
[296.500s][info][gc,heap        ] GC(342) ParOldGen: 467062K(467456K)->472078K(472576K)
[296.500s][info][gc,metaspace   ] GC(342) Metaspace: 42540K(42880K)->42540K(42880K) NonClass: 39721K(39936K)->39721K(39936K) Class: 2818K(2944K)->2818K(2944K)
[296.500s][info][gc             ] GC(342) Pause Young (Allocation Failure) 680M->471M(730M) 17.436ms
[296.500s][info][gc,cpu         ] GC(342) User=0.03s Sys=0.00s Real=0.02s
[297.009s][info][gc,start       ] GC(343) Pause Young (Allocation Failure)
[297.030s][info][gc,heap        ] GC(343) PSYoungGen: 236272K(274944K)->8832K(280576K) Eden: 225792K(225792K)->0K(239104K) From: 10480K(49152K)->8832K(41472K)
[297.030s][info][gc,heap        ] GC(343) ParOldGen: 472078K(472576K)->482584K(482816K)
[297.030s][info][gc,metaspace   ] GC(343) Metaspace: 42631K(42944K)->42631K(42944K) NonClass: 39813K(40000K)->39813K(40000K) Class: 2818K(2944K)->2818K(2944K)
[297.030s][info][gc             ] GC(343) Pause Young (Allocation Failure) 691M->479M(745M) 21.977ms
[297.031s][info][gc,cpu         ] GC(343) User=0.04s Sys=0.01s Real=0.02s
[297.601s][info][gc,start       ] GC(344) Pause Young (Allocation Failure)
[297.613s][info][gc,heap        ] GC(344) PSYoungGen: 247936K(280576K)->4140K(281600K) Eden: 239104K(239104K)->0K(239104K) From: 8832K(41472K)->4140K(42496K)
[297.613s][info][gc,heap        ] GC(344) ParOldGen: 482584K(482816K)->489906K(489984K)
[297.613s][info][gc,metaspace   ] GC(344) Metaspace: 42634K(42944K)->42634K(42944K) NonClass: 39815K(40000K)->39815K(40000K) Class: 2818K(2944K)->2818K(2944K)
[297.613s][info][gc             ] GC(344) Pause Young (Allocation Failure) 713M->482M(753M) 12.531ms
[297.613s][info][gc,cpu         ] GC(344) User=0.02s Sys=0.00s Real=0.01s
[298.167s][info][gc,start       ] GC(345) Pause Young (Allocation Failure)
[298.172s][info][gc,heap        ] GC(345) PSYoungGen: 243244K(281600K)->3121K(288256K) Eden: 239104K(239104K)->0K(250880K) From: 4140K(42496K)->3121K(37376K)
[298.172s][info][gc,heap        ] GC(345) ParOldGen: 489906K(489984K)->490083K(490496K)
[298.172s][info][gc,metaspace   ] GC(345) Metaspace: 42635K(42944K)->42635K(42944K) NonClass: 39816K(40000K)->39816K(40000K) Class: 2818K(2944K)->2818K(2944K)
[298.172s][info][gc             ] GC(345) Pause Young (Allocation Failure) 715M->481M(760M) 4.588ms
[298.172s][info][gc,cpu         ] GC(345) User=0.01s Sys=0.00s Real=0.00s
[298.729s][info][gc,start       ] GC(346) Pause Young (Allocation Failure)
[298.734s][info][gc,heap        ] GC(346) PSYoungGen: 254001K(288256K)->4472K(289280K) Eden: 250880K(250880K)->0K(250880K) From: 3121K(37376K)->4472K(38400K)
[298.735s][info][gc,heap        ] GC(346) ParOldGen: 490083K(490496K)->490099K(490496K)
[298.735s][info][gc,metaspace   ] GC(346) Metaspace: 42635K(42944K)->42635K(42944K) NonClass: 39816K(40000K)->39816K(40000K) Class: 2818K(2944K)->2818K(2944K)
[298.735s][info][gc             ] GC(346) Pause Young (Allocation Failure) 726M->482M(761M) 5.430ms
[298.735s][info][gc,cpu         ] GC(346) User=0.01s Sys=0.00s Real=0.01s
[299.335s][info][gc,start       ] GC(347) Pause Young (Allocation Failure)
[299.338s][info][gc,heap        ] GC(347) PSYoungGen: 255352K(289280K)->2149K(293376K) Eden: 250880K(250880K)->0K(259072K) From: 4472K(38400K)->2149K(34304K)
[299.338s][info][gc,heap        ] GC(347) ParOldGen: 490099K(490496K)->490155K(490496K)
[299.338s][info][gc,metaspace   ] GC(347) Metaspace: 42636K(42944K)->42636K(42944K) NonClass: 39817K(40000K)->39817K(40000K) Class: 2818K(2944K)->2818K(2944K)
[299.338s][info][gc             ] GC(347) Pause Young (Allocation Failure) 727M->480M(765M) 3.249ms
[299.338s][info][gc,cpu         ] GC(347) User=0.01s Sys=0.00s Real=0.00s
[299.953s][info][gc,start       ] GC(348) Pause Young (Allocation Failure)
[299.959s][info][gc,heap        ] GC(348) PSYoungGen: 261221K(293376K)->5515K(293888K) Eden: 259072K(259072K)->0K(259072K) From: 2149K(34304K)->5515K(34816K)
[299.959s][info][gc,heap        ] GC(348) ParOldGen: 490155K(490496K)->492099K(492544K)
[299.959s][info][gc,metaspace   ] GC(348) Metaspace: 42684K(43008K)->42684K(43008K) NonClass: 39866K(40064K)->39866K(40064K) Class: 2818K(2944K)->2818K(2944K)
[299.959s][info][gc             ] GC(348) Pause Young (Allocation Failure) 733M->485M(768M) 6.504ms
[299.959s][info][gc,cpu         ] GC(348) User=0.01s Sys=0.00s Real=0.01s
[301.432s][info][gc,start       ] GC(349) Pause Young (Allocation Failure)
[301.446s][info][gc,heap        ] GC(349) PSYoungGen: 264587K(293888K)->10319K(297472K) Eden: 259072K(259072K)->0K(266240K) From: 5515K(34816K)->10319K(31232K)
[301.446s][info][gc,heap        ] GC(349) ParOldGen: 492099K(492544K)->494725K(495104K)
[301.446s][info][gc,metaspace   ] GC(349) Metaspace: 42729K(43136K)->42729K(43136K) NonClass: 39911K(40192K)->39911K(40192K) Class: 2818K(2944K)->2818K(2944K)
[301.446s][info][gc             ] GC(349) Pause Young (Allocation Failure) 738M->493M(774M) 14.451ms
[301.446s][info][gc,cpu         ] GC(349) User=0.02s Sys=0.01s Real=0.02s
[302.045s][info][gc,start       ] GC(350) Pause Young (Allocation Failure)
[302.087s][info][gc,heap        ] GC(350) PSYoungGen: 276559K(297472K)->29644K(296960K) Eden: 266240K(266240K)->0K(266240K) From: 10319K(31232K)->29644K(30720K)
[302.087s][info][gc,heap        ] GC(350) ParOldGen: 494725K(495104K)->505006K(505344K)
[302.087s][info][gc,metaspace   ] GC(350) Metaspace: 42729K(43136K)->42729K(43136K) NonClass: 39911K(40192K)->39911K(40192K) Class: 2818K(2944K)->2818K(2944K)
[302.087s][info][gc             ] GC(350) Pause Young (Allocation Failure) 753M->522M(783M) 42.281ms
[302.087s][info][gc,cpu         ] GC(350) User=0.07s Sys=0.01s Real=0.04s
[302.697s][info][gc,start       ] GC(351) Pause Young (Allocation Failure)
[302.772s][info][gc,heap        ] GC(351) PSYoungGen: 295884K(296960K)->30232K(287744K) Eden: 266240K(266240K)->0K(250880K) From: 29644K(30720K)->30232K(36864K)
[302.772s][info][gc,heap        ] GC(351) ParOldGen: 505006K(505344K)->533960K(534016K)
[302.772s][info][gc,metaspace   ] GC(351) Metaspace: 42730K(43136K)->42730K(43136K) NonClass: 39911K(40192K)->39911K(40192K) Class: 2818K(2944K)->2818K(2944K)
[302.772s][info][gc             ] GC(351) Pause Young (Allocation Failure) 782M->550M(802M) 75.666ms
[302.772s][info][gc,cpu         ] GC(351) User=0.11s Sys=0.04s Real=0.07s
[303.368s][info][gc,start       ] GC(352) Pause Young (Allocation Failure)
[303.436s][info][gc,heap        ] GC(352) PSYoungGen: 281112K(287744K)->28016K(279040K) Eden: 250880K(250880K)->0K(250880K) From: 30232K(36864K)->28016K(28160K)
[303.436s][info][gc,heap        ] GC(352) ParOldGen: 533960K(534016K)->562517K(562688K)
[303.436s][info][gc,metaspace   ] GC(352) Metaspace: 42732K(43136K)->42732K(43136K) NonClass: 39914K(40192K)->39914K(40192K) Class: 2818K(2944K)->2818K(2944K)
[303.436s][info][gc             ] GC(352) Pause Young (Allocation Failure) 795M->576M(822M) 68.072ms
[303.436s][info][gc,cpu         ] GC(352) User=0.11s Sys=0.03s Real=0.07s
[307.308s][info][gc,start       ] GC(353) Pause Young (Allocation Failure)
[307.349s][info][gc,heap        ] GC(353) PSYoungGen: 278896K(279040K)->7646K(291328K) Eden: 250880K(250880K)->0K(246784K) From: 28016K(28160K)->7646K(44544K)
[307.349s][info][gc,heap        ] GC(353) ParOldGen: 562517K(562688K)->590674K(590848K)
[307.349s][info][gc,metaspace   ] GC(353) Metaspace: 42761K(43136K)->42761K(43136K) NonClass: 39941K(40192K)->39941K(40192K) Class: 2819K(2944K)->2819K(2944K)
[307.350s][info][gc             ] GC(353) Pause Young (Allocation Failure) 821M->584M(861M) 41.667ms
[307.350s][info][gc,cpu         ] GC(353) User=0.07s Sys=0.01s Real=0.04s
[308.332s][info][gc,start       ] GC(354) Pause Young (Allocation Failure)
[308.343s][info][gc,heap        ] GC(354) PSYoungGen: 254430K(291328K)->6464K(253440K) Eden: 246784K(246784K)->0K(246784K) From: 7646K(44544K)->6464K(6656K)
[308.343s][info][gc,heap        ] GC(354) ParOldGen: 590674K(590848K)->594510K(594944K)
[308.343s][info][gc,metaspace   ] GC(354) Metaspace: 42762K(43136K)->42762K(43136K) NonClass: 39942K(40192K)->39942K(40192K) Class: 2819K(2944K)->2819K(2944K)
[308.343s][info][gc             ] GC(354) Pause Young (Allocation Failure) 825M->586M(828M) 11.564ms
[308.343s][info][gc,cpu         ] GC(354) User=0.02s Sys=0.00s Real=0.01s
[309.726s][info][gc,start       ] GC(355) Pause Young (Allocation Failure)
[309.733s][info][gc,heap        ] GC(355) PSYoungGen: 253248K(253440K)->320K(287744K) Eden: 246784K(246784K)->0K(247296K) From: 6464K(6656K)->320K(40448K)
[309.733s][info][gc,heap        ] GC(355) ParOldGen: 594510K(594944K)->598724K(599040K)
[309.733s][info][gc,metaspace   ] GC(355) Metaspace: 42763K(43136K)->42763K(43136K) NonClass: 39943K(40192K)->39943K(40192K) Class: 2819K(2944K)->2819K(2944K)
[309.733s][info][gc             ] GC(355) Pause Young (Allocation Failure) 827M->585M(866M) 7.392ms
[309.733s][info][gc,cpu         ] GC(355) User=0.01s Sys=0.01s Real=0.00s
[311.125s][info][gc,start       ] GC(356) Pause Young (Allocation Failure)
[311.148s][info][gc,heap        ] GC(356) PSYoungGen: 247616K(287744K)->21473K(287232K) Eden: 247296K(247296K)->0K(247296K) From: 320K(40448K)->21473K(39936K)
[311.148s][info][gc,heap        ] GC(356) ParOldGen: 598724K(599040K)->598975K(599040K)
[311.148s][info][gc,metaspace   ] GC(356) Metaspace: 42763K(43136K)->42763K(43136K) NonClass: 39943K(40192K)->39943K(40192K) Class: 2819K(2944K)->2819K(2944K)
[311.148s][info][gc             ] GC(356) Pause Young (Allocation Failure) 826M->605M(865M) 22.764ms
[311.148s][info][gc,cpu         ] GC(356) User=0.05s Sys=0.00s Real=0.02s
[312.517s][info][gc,start       ] GC(357) Pause Young (Allocation Failure)
[312.565s][info][gc,heap        ] GC(357) PSYoungGen: 268769K(287232K)->23419K(290816K) Eden: 247296K(247296K)->0K(249856K) From: 21473K(39936K)->23419K(40960K)
[312.565s][info][gc,heap        ] GC(357) ParOldGen: 598975K(599040K)->620553K(621056K)
[312.565s][info][gc,metaspace   ] GC(357) Metaspace: 42763K(43136K)->42763K(43136K) NonClass: 39944K(40192K)->39944K(40192K) Class: 2819K(2944K)->2819K(2944K)
[312.565s][info][gc             ] GC(357) Pause Young (Allocation Failure) 847M->628M(890M) 48.535ms
[312.565s][info][gc,cpu         ] GC(357) User=0.08s Sys=0.02s Real=0.05s
[313.436s][info][gc,start       ] GC(358) Pause Young (Allocation Failure)
[313.494s][info][gc,heap        ] GC(358) PSYoungGen: 273275K(290816K)->34026K(284160K) Eden: 249856K(249856K)->0K(249856K) From: 23419K(40960K)->34026K(34304K)
[313.495s][info][gc,heap        ] GC(358) ParOldGen: 620553K(621056K)->643915K(644096K)
[313.495s][info][gc,metaspace   ] GC(358) Metaspace: 42763K(43136K)->42763K(43136K) NonClass: 39944K(40192K)->39944K(40192K) Class: 2819K(2944K)->2819K(2944K)
[313.495s][info][gc             ] GC(358) Pause Young (Allocation Failure) 872M->662M(906M) 58.936ms
[313.495s][info][gc,cpu         ] GC(358) User=0.10s Sys=0.01s Real=0.06s
[314.107s][info][gc,start       ] GC(359) Pause Full (Allocation Failure)
[314.107s][info][gc,phases,start] GC(359) Marking Phase
[314.195s][info][gc,phases      ] GC(359) Marking Phase 87.712ms
[314.195s][info][gc,phases,start] GC(359) Summary Phase
[314.195s][info][gc,phases      ] GC(359) Summary Phase 0.031ms
[314.195s][info][gc,phases,start] GC(359) Forward
[314.216s][info][gc,phases      ] GC(359) Forward 21.357ms
[314.216s][info][gc,phases,start] GC(359) Adjust Pointers
[314.269s][info][gc,phases      ] GC(359) Adjust Pointers 53.248ms
[314.269s][info][gc,phases,start] GC(359) Compaction Phase
[314.294s][info][gc,phases      ] GC(359) Compaction Phase 24.992ms
[314.294s][info][gc,phases,start] GC(359) Post Compact
[314.298s][info][gc,phases      ] GC(359) Post Compact 3.191ms
[314.333s][info][gc,heap        ] GC(359) PSYoungGen: 283882K(284160K)->0K(286720K) Eden: 249856K(249856K)->0K(239616K) From: 34026K(34304K)->0K(47104K)
[314.333s][info][gc,heap        ] GC(359) ParOldGen: 643915K(644096K)->103355K(235520K)
[314.333s][info][gc,metaspace   ] GC(359) Metaspace: 42763K(43136K)->42763K(43136K) NonClass: 39944K(40192K)->39944K(40192K) Class: 2819K(2944K)->2819K(2944K)
[314.333s][info][gc             ] GC(359) Pause Full (Allocation Failure) 906M->100M(510M) 225.936ms
[314.333s][info][gc,cpu         ] GC(359) User=0.32s Sys=0.04s Real=0.22s
[314.954s][info][gc,start       ] GC(360) Pause Young (Allocation Failure)
[314.988s][info][gc,heap        ] GC(360) PSYoungGen: 239616K(286720K)->29664K(269312K) Eden: 239616K(239616K)->0K(239616K) From: 0K(47104K)->29664K(29696K)
[314.988s][info][gc,heap        ] GC(360) ParOldGen: 103355K(235520K)->103355K(235520K)
[314.988s][info][gc,metaspace   ] GC(360) Metaspace: 42763K(43136K)->42763K(43136K) NonClass: 39944K(40192K)->39944K(40192K) Class: 2819K(2944K)->2819K(2944K)
[314.988s][info][gc             ] GC(360) Pause Young (Allocation Failure) 334M->129M(493M) 33.739ms
[314.988s][info][gc,cpu         ] GC(360) User=0.07s Sys=0.00s Real=0.04s
[316.559s][info][gc,start       ] GC(361) Pause Young (Allocation Failure)
[316.591s][info][gc,heap        ] GC(361) PSYoungGen: 269280K(269312K)->12240K(287232K) Eden: 239616K(239616K)->0K(238080K) From: 29664K(29696K)->12240K(49152K)
[316.591s][info][gc,heap        ] GC(361) ParOldGen: 103355K(235520K)->133252K(235520K)
[316.591s][info][gc,metaspace   ] GC(361) Metaspace: 42763K(43136K)->42763K(43136K) NonClass: 39944K(40192K)->39944K(40192K) Class: 2819K(2944K)->2819K(2944K)
[316.591s][info][gc             ] GC(361) Pause Young (Allocation Failure) 363M->142M(510M) 32.021ms
[316.591s][info][gc,cpu         ] GC(361) User=0.07s Sys=0.00s Real=0.03s
[317.616s][info][gc,start       ] GC(362) Pause Young (Allocation Failure)
[317.637s][info][gc,heap        ] GC(362) PSYoungGen: 250320K(287232K)->13920K(252416K) Eden: 238080K(238080K)->0K(238080K) From: 12240K(49152K)->13920K(14336K)
[317.637s][info][gc,heap        ] GC(362) ParOldGen: 133252K(235520K)->144812K(235520K)
[317.637s][info][gc,metaspace   ] GC(362) Metaspace: 42763K(43136K)->42763K(43136K) NonClass: 39944K(40192K)->39944K(40192K) Class: 2819K(2944K)->2819K(2944K)
[317.637s][info][gc             ] GC(362) Pause Young (Allocation Failure) 374M->155M(476M) 20.528ms
[317.637s][info][gc,cpu         ] GC(362) User=0.03s Sys=0.00s Real=0.02s
[318.964s][info][gc,start       ] GC(363) Pause Young (Allocation Failure)
[318.997s][info][gc,heap        ] GC(363) PSYoungGen: 252000K(252416K)->25990K(281088K) Eden: 238080K(238080K)->0K(237056K) From: 13920K(14336K)->25990K(44032K)
[318.997s][info][gc,heap        ] GC(363) ParOldGen: 144812K(235520K)->158801K(235520K)
[318.997s][info][gc,metaspace   ] GC(363) Metaspace: 42763K(43136K)->42763K(43136K) NonClass: 39944K(40192K)->39944K(40192K) Class: 2819K(2944K)->2819K(2944K)
[318.997s][info][gc             ] GC(363) Pause Young (Allocation Failure) 387M->180M(504M) 33.205ms
[318.997s][info][gc,cpu         ] GC(363) User=0.06s Sys=0.00s Real=0.04s
[320.295s][info][gc,start       ] GC(364) Pause Young (Allocation Failure)
[320.334s][info][gc,heap        ] GC(364) PSYoungGen: 263046K(281088K)->22100K(282112K) Eden: 237056K(237056K)->0K(237056K) From: 25990K(44032K)->22100K(45056K)
[320.334s][info][gc,heap        ] GC(364) ParOldGen: 158801K(235520K)->184411K(235520K)
[320.334s][info][gc,metaspace   ] GC(364) Metaspace: 42764K(43136K)->42764K(43136K) NonClass: 39944K(40192K)->39944K(40192K) Class: 2819K(2944K)->2819K(2944K)
[320.334s][info][gc             ] GC(364) Pause Young (Allocation Failure) 411M->201M(505M) 39.184ms
[320.334s][info][gc,cpu         ] GC(364) User=0.08s Sys=0.00s Real=0.03s
[321.516s][info][gc,start       ] GC(365) Pause Young (Allocation Failure)
[321.553s][info][gc,heap        ] GC(365) PSYoungGen: 259156K(282112K)->26405K(288256K) Eden: 237056K(237056K)->0K(244224K) From: 22100K(45056K)->26405K(44032K)
[321.553s][info][gc,heap        ] GC(365) ParOldGen: 184411K(235520K)->206484K(235520K)
[321.553s][info][gc,metaspace   ] GC(365) Metaspace: 42764K(43136K)->42764K(43136K) NonClass: 39945K(40192K)->39945K(40192K) Class: 2819K(2944K)->2819K(2944K)
[321.553s][info][gc             ] GC(365) Pause Young (Allocation Failure) 433M->227M(511M) 37.131ms
[321.553s][info][gc,cpu         ] GC(365) User=0.08s Sys=0.00s Real=0.03s
[322.532s][info][gc,start       ] GC(366) Pause Young (Allocation Failure)
[322.558s][info][gc,heap        ] GC(366) PSYoungGen: 270629K(288256K)->14576K(259072K) Eden: 244224K(244224K)->0K(244224K) From: 26405K(44032K)->14576K(14848K)
[322.558s][info][gc,heap        ] GC(366) ParOldGen: 206484K(235520K)->229622K(235520K)
[322.558s][info][gc,metaspace   ] GC(366) Metaspace: 42765K(43136K)->42765K(43136K) NonClass: 39945K(40192K)->39945K(40192K) Class: 2819K(2944K)->2819K(2944K)
[322.558s][info][gc             ] GC(366) Pause Young (Allocation Failure) 465M->238M(483M) 26.453ms
[322.558s][info][gc,cpu         ] GC(366) User=0.05s Sys=0.00s Real=0.03s
[323.473s][info][gc,start       ] GC(367) Pause Young (Allocation Failure)
[323.479s][info][gc,heap        ] GC(367) PSYoungGen: 258800K(259072K)->6749K(287744K) Eden: 244224K(244224K)->0K(245248K) From: 14576K(14848K)->6749K(42496K)
[323.479s][info][gc,heap        ] GC(367) ParOldGen: 229622K(235520K)->230422K(235520K)
[323.479s][info][gc,metaspace   ] GC(367) Metaspace: 42765K(43136K)->42765K(43136K) NonClass: 39945K(40192K)->39945K(40192K) Class: 2819K(2944K)->2819K(2944K)
[323.479s][info][gc             ] GC(367) Pause Young (Allocation Failure) 476M->231M(511M) 5.931ms
[323.479s][info][gc,cpu         ] GC(367) User=0.01s Sys=0.00s Real=0.01s
[324.371s][info][gc,start       ] GC(368) Pause Young (Allocation Failure)
[324.376s][info][gc,heap        ] GC(368) PSYoungGen: 251997K(287744K)->5428K(287744K) Eden: 245248K(245248K)->0K(245248K) From: 6749K(42496K)->5428K(42496K)
[324.376s][info][gc,heap        ] GC(368) ParOldGen: 230422K(235520K)->231614K(235520K)
[324.376s][info][gc,metaspace   ] GC(368) Metaspace: 42765K(43136K)->42765K(43136K) NonClass: 39945K(40192K)->39945K(40192K) Class: 2819K(2944K)->2819K(2944K)
[324.376s][info][gc             ] GC(368) Pause Young (Allocation Failure) 471M->231M(511M) 5.599ms
[324.376s][info][gc,cpu         ] GC(368) User=0.01s Sys=0.00s Real=0.01s
[325.161s][info][gc,start       ] GC(369) Pause Young (Allocation Failure)
[325.178s][info][gc,heap        ] GC(369) PSYoungGen: 250676K(287744K)->9471K(290304K) Eden: 245248K(245248K)->0K(249856K) From: 5428K(42496K)->9471K(40448K)
[325.178s][info][gc,heap        ] GC(369) ParOldGen: 231614K(235520K)->232846K(235520K)
[325.178s][info][gc,metaspace   ] GC(369) Metaspace: 42765K(43136K)->42765K(43136K) NonClass: 39945K(40192K)->39945K(40192K) Class: 2819K(2944K)->2819K(2944K)
[325.178s][info][gc             ] GC(369) Pause Young (Allocation Failure) 470M->236M(513M) 16.554ms
[325.178s][info][gc,cpu         ] GC(369) User=0.02s Sys=0.00s Real=0.02s
[325.995s][info][gc,start       ] GC(370) Pause Young (Allocation Failure)
[326.014s][info][gc,heap        ] GC(370) PSYoungGen: 259327K(290304K)->24652K(290304K) Eden: 249856K(249856K)->0K(249856K) From: 9471K(40448K)->24652K(40448K)
[326.014s][info][gc,heap        ] GC(370) ParOldGen: 232846K(235520K)->233926K(235520K)
[326.014s][info][gc,metaspace   ] GC(370) Metaspace: 42765K(43136K)->42765K(43136K) NonClass: 39946K(40192K)->39946K(40192K) Class: 2819K(2944K)->2819K(2944K)
[326.014s][info][gc             ] GC(370) Pause Young (Allocation Failure) 480M->252M(513M) 18.710ms
[326.014s][info][gc,cpu         ] GC(370) User=0.04s Sys=0.00s Real=0.01s
[327.028s][info][gc,start       ] GC(371) Pause Young (Allocation Failure)
[327.031s][info][gc,heap        ] GC(371) PSYoungGen: 274508K(290304K)->1136K(292352K) Eden: 249856K(249856K)->0K(250880K) From: 24652K(40448K)->1136K(41472K)
[327.031s][info][gc,heap        ] GC(371) ParOldGen: 233926K(235520K)->234830K(235520K)
[327.031s][info][gc,metaspace   ] GC(371) Metaspace: 42765K(43136K)->42765K(43136K) NonClass: 39946K(40192K)->39946K(40192K) Class: 2819K(2944K)->2819K(2944K)
[327.031s][info][gc             ] GC(371) Pause Young (Allocation Failure) 496M->230M(515M) 3.124ms
[327.031s][info][gc,cpu         ] GC(371) User=0.01s Sys=0.00s Real=0.00s
[327.926s][info][gc,start       ] GC(372) Pause Young (Allocation Failure)
[327.932s][info][gc,heap        ] GC(372) PSYoungGen: 252016K(292352K)->5604K(256512K) Eden: 250880K(250880K)->0K(250880K) From: 1136K(41472K)->5604K(5632K)
[327.932s][info][gc,heap        ] GC(372) ParOldGen: 234830K(235520K)->235870K(236032K)
[327.932s][info][gc,metaspace   ] GC(372) Metaspace: 42765K(43136K)->42765K(43136K) NonClass: 39946K(40192K)->39946K(40192K) Class: 2819K(2944K)->2819K(2944K)
[327.932s][info][gc             ] GC(372) Pause Young (Allocation Failure) 475M->235M(481M) 5.375ms
[327.932s][info][gc,cpu         ] GC(372) User=0.01s Sys=0.00s Real=0.00s
[328.817s][info][gc,start       ] GC(373) Pause Young (Allocation Failure)
[328.825s][info][gc,heap        ] GC(373) PSYoungGen: 256484K(256512K)->7760K(293376K) Eden: 250880K(250880K)->0K(252928K) From: 5604K(5632K)->7760K(40448K)
[328.825s][info][gc,heap        ] GC(373) ParOldGen: 235870K(236032K)->236922K(237056K)
[328.825s][info][gc,metaspace   ] GC(373) Metaspace: 42765K(43136K)->42765K(43136K) NonClass: 39946K(40192K)->39946K(40192K) Class: 2819K(2944K)->2819K(2944K)
[328.825s][info][gc             ] GC(373) Pause Young (Allocation Failure) 480M->238M(518M) 8.645ms
[328.825s][info][gc,cpu         ] GC(373) User=0.02s Sys=0.00s Real=0.01s
[329.601s][info][gc,start       ] GC(374) Pause Young (Allocation Failure)
[329.615s][info][gc,heap        ] GC(374) PSYoungGen: 260688K(293376K)->13597K(291328K) Eden: 252928K(252928K)->0K(252928K) From: 7760K(40448K)->13597K(38400K)
[329.615s][info][gc,heap        ] GC(374) ParOldGen: 236922K(237056K)->238006K(238080K)
[329.615s][info][gc,metaspace   ] GC(374) Metaspace: 42765K(43136K)->42765K(43136K) NonClass: 39946K(40192K)->39946K(40192K) Class: 2819K(2944K)->2819K(2944K)
[329.615s][info][gc             ] GC(374) Pause Young (Allocation Failure) 485M->245M(517M) 13.506ms
[329.615s][info][gc,cpu         ] GC(374) User=0.03s Sys=0.00s Real=0.02s
[330.478s][info][gc,start       ] GC(375) Pause Young (Allocation Failure)
[330.492s][info][gc,heap        ] GC(375) PSYoungGen: 266525K(291328K)->17126K(292352K) Eden: 252928K(252928K)->0K(256000K) From: 13597K(38400K)->17126K(36352K)
[330.492s][info][gc,heap        ] GC(375) ParOldGen: 238006K(238080K)->238918K(239104K)
[330.492s][info][gc,metaspace   ] GC(375) Metaspace: 42766K(43136K)->42766K(43136K) NonClass: 39946K(40192K)->39946K(40192K) Class: 2819K(2944K)->2819K(2944K)
[330.492s][info][gc             ] GC(375) Pause Young (Allocation Failure) 492M->250M(519M) 13.642ms
[330.492s][info][gc,cpu         ] GC(375) User=0.03s Sys=0.00s Real=0.01s
[331.379s][info][gc,start       ] GC(376) Pause Young (Allocation Failure)
[331.438s][info][gc,heap        ] GC(376) PSYoungGen: 273126K(292352K)->34629K(291328K) Eden: 256000K(256000K)->0K(256000K) From: 17126K(36352K)->34629K(35328K)
[331.438s][info][gc,heap        ] GC(376) ParOldGen: 238918K(239104K)->248977K(249344K)
[331.438s][info][gc,metaspace   ] GC(376) Metaspace: 42766K(43136K)->42766K(43136K) NonClass: 39946K(40192K)->39946K(40192K) Class: 2819K(2944K)->2819K(2944K)
[331.438s][info][gc             ] GC(376) Pause Young (Allocation Failure) 500M->276M(528M) 58.294ms
[331.438s][info][gc,cpu         ] GC(376) User=0.09s Sys=0.01s Real=0.06s
[332.491s][info][gc,start       ] GC(377) Pause Young (Allocation Failure)
[332.555s][info][gc,heap        ] GC(377) PSYoungGen: 290629K(291328K)->34014K(283648K) Eden: 256000K(256000K)->0K(242688K) From: 34629K(35328K)->34014K(40960K)
[332.555s][info][gc,heap        ] GC(377) ParOldGen: 248977K(249344K)->272211K(272384K)
[332.555s][info][gc,metaspace   ] GC(377) Metaspace: 42766K(43136K)->42766K(43136K) NonClass: 39946K(40192K)->39946K(40192K) Class: 2819K(2944K)->2819K(2944K)
[332.555s][info][gc             ] GC(377) Pause Young (Allocation Failure) 526M->299M(543M) 63.987ms
[332.555s][info][gc,cpu         ] GC(377) User=0.11s Sys=0.01s Real=0.07s
[333.478s][info][gc,start       ] GC(378) Pause Young (Allocation Failure)
[333.512s][info][gc,heap        ] GC(378) PSYoungGen: 276702K(283648K)->2112K(288256K) Eden: 242688K(242688K)->0K(242688K) From: 34014K(40960K)->2112K(45568K)
[333.512s][info][gc,heap        ] GC(378) ParOldGen: 272211K(272384K)->294265K(294400K)
[333.512s][info][gc,metaspace   ] GC(378) Metaspace: 42766K(43136K)->42766K(43136K) NonClass: 39946K(40192K)->39946K(40192K) Class: 2819K(2944K)->2819K(2944K)
[333.512s][info][gc             ] GC(378) Pause Young (Allocation Failure) 536M->289M(569M) 34.023ms
[333.512s][info][gc,cpu         ] GC(378) User=0.05s Sys=0.02s Real=0.03s
[334.201s][info][gc,start       ] GC(379) Pause Young (Allocation Failure)
[334.222s][info][gc,heap        ] GC(379) PSYoungGen: 244800K(288256K)->28252K(285696K) Eden: 242688K(242688K)->0K(240640K) From: 2112K(45568K)->28252K(45056K)
[334.222s][info][gc,heap        ] GC(379) ParOldGen: 294265K(294400K)->295513K(295936K)
[334.222s][info][gc,metaspace   ] GC(379) Metaspace: 42766K(43136K)->42766K(43136K) NonClass: 39946K(40192K)->39946K(40192K) Class: 2819K(2944K)->2819K(2944K)
[334.222s][info][gc             ] GC(379) Pause Young (Allocation Failure) 526M->316M(568M) 21.319ms
[334.222s][info][gc,cpu         ] GC(379) User=0.05s Sys=0.00s Real=0.02s
[334.963s][info][gc,start       ] GC(380) Pause Young (Allocation Failure)
[334.977s][info][gc,heap        ] GC(380) PSYoungGen: 268892K(285696K)->3254K(287232K) Eden: 240640K(240640K)->0K(240640K) From: 28252K(45056K)->3254K(46592K)
[334.977s][info][gc,heap        ] GC(380) ParOldGen: 295513K(295936K)->305428K(305664K)
[334.977s][info][gc,metaspace   ] GC(380) Metaspace: 42766K(43136K)->42766K(43136K) NonClass: 39946K(40192K)->39946K(40192K) Class: 2819K(2944K)->2819K(2944K)
[334.977s][info][gc             ] GC(380) Pause Young (Allocation Failure) 551M->301M(579M) 13.932ms
[334.977s][info][gc,cpu         ] GC(380) User=0.02s Sys=0.01s Real=0.02s
[335.784s][info][gc,start       ] GC(381) Pause Young (Allocation Failure)
[335.806s][info][gc,heap        ] GC(381) PSYoungGen: 243894K(287232K)->37132K(277504K) Eden: 240640K(240640K)->0K(231424K) From: 3254K(46592K)->37132K(46080K)
[335.807s][info][gc,heap        ] GC(381) ParOldGen: 305428K(305664K)->305966K(306176K)
[335.807s][info][gc,metaspace   ] GC(381) Metaspace: 42766K(43136K)->42766K(43136K) NonClass: 39946K(40192K)->39946K(40192K) Class: 2819K(2944K)->2819K(2944K)
[335.807s][info][gc             ] GC(381) Pause Young (Allocation Failure) 536M->335M(570M) 22.414ms
[335.807s][info][gc,cpu         ] GC(381) User=0.05s Sys=0.00s Real=0.03s
[336.584s][info][gc,start       ] GC(382) Pause Young (Allocation Failure)
[336.607s][info][gc,heap        ] GC(382) PSYoungGen: 268556K(277504K)->34793K(266240K) Eden: 231424K(231424K)->0K(231424K) From: 37132K(46080K)->34793K(34816K)
[336.607s][info][gc,heap        ] GC(382) ParOldGen: 305966K(306176K)->306633K(306688K)
[336.607s][info][gc,metaspace   ] GC(382) Metaspace: 42766K(43136K)->42766K(43136K) NonClass: 39946K(40192K)->39946K(40192K) Class: 2819K(2944K)->2819K(2944K)
[336.607s][info][gc             ] GC(382) Pause Young (Allocation Failure) 561M->333M(559M) 23.339ms
[336.607s][info][gc,cpu         ] GC(382) User=0.04s Sys=0.00s Real=0.03s
[337.416s][info][gc,start       ] GC(383) Pause Young (Allocation Failure)
[337.450s][info][gc,heap        ] GC(383) PSYoungGen: 266217K(266240K)->52341K(262144K) Eden: 231424K(231424K)->0K(207872K) From: 34793K(34816K)->52341K(54272K)
[337.450s][info][gc,heap        ] GC(383) ParOldGen: 306633K(306688K)->308498K(308736K)
[337.450s][info][gc,metaspace   ] GC(383) Metaspace: 42766K(43136K)->42766K(43136K) NonClass: 39946K(40192K)->39946K(40192K) Class: 2819K(2944K)->2819K(2944K)
[337.451s][info][gc             ] GC(383) Pause Young (Allocation Failure) 559M->352M(557M) 34.137ms
[337.451s][info][gc,cpu         ] GC(383) User=0.06s Sys=0.01s Real=0.03s
[338.171s][info][gc,start       ] GC(384) Pause Young (Allocation Failure)
[338.300s][info][gc,heap        ] GC(384) PSYoungGen: 260213K(262144K)->62964K(270848K) Eden: 207872K(207872K)->0K(207872K) From: 52341K(54272K)->62964K(62976K)
[338.300s][info][gc,heap        ] GC(384) ParOldGen: 308498K(308736K)->396939K(397312K)
[338.300s][info][gc,metaspace   ] GC(384) Metaspace: 42766K(43136K)->42766K(43136K) NonClass: 39946K(40192K)->39946K(40192K) Class: 2819K(2944K)->2819K(2944K)
[338.300s][info][gc             ] GC(384) Pause Young (Allocation Failure) 555M->449M(652M) 128.842ms
[338.300s][info][gc,cpu         ] GC(384) User=0.19s Sys=0.06s Real=0.13s
[338.995s][info][gc,start       ] GC(385) Pause Young (Allocation Failure)
[339.082s][info][gc,heap        ] GC(385) PSYoungGen: 270836K(270848K)->26853K(195072K) Eden: 207872K(207872K)->0K(132096K) From: 62964K(62976K)->26853K(62976K)
[339.082s][info][gc,heap        ] GC(385) ParOldGen: 396939K(397312K)->459595K(459776K)
[339.082s][info][gc,metaspace   ] GC(385) Metaspace: 42766K(43136K)->42766K(43136K) NonClass: 39946K(40192K)->39946K(40192K) Class: 2819K(2944K)->2819K(2944K)
[339.082s][info][gc             ] GC(385) Pause Young (Allocation Failure) 652M->475M(639M) 87.059ms
[339.082s][info][gc,cpu         ] GC(385) User=0.12s Sys=0.05s Real=0.08s
[339.532s][info][gc,start       ] GC(386) Pause Young (Allocation Failure)
[339.555s][info][gc,heap        ] GC(386) PSYoungGen: 158949K(195072K)->6384K(232960K) Eden: 132096K(132096K)->0K(132096K) From: 26853K(62976K)->6384K(100864K)
[339.555s][info][gc,heap        ] GC(386) ParOldGen: 459595K(459776K)->475795K(476160K)
[339.555s][info][gc,metaspace   ] GC(386) Metaspace: 42766K(43136K)->42766K(43136K) NonClass: 39946K(40192K)->39946K(40192K) Class: 2819K(2944K)->2819K(2944K)
[339.555s][info][gc             ] GC(386) Pause Young (Allocation Failure) 604M->470M(692M) 23.095ms
[339.555s][info][gc,cpu         ] GC(386) User=0.03s Sys=0.02s Real=0.03s
[340.011s][info][gc,start       ] GC(387) Pause Young (Allocation Failure)
[340.031s][info][gc,heap        ] GC(387) PSYoungGen: 138480K(232960K)->31188K(218112K) Eden: 132096K(132096K)->0K(133632K) From: 6384K(100864K)->31188K(84480K)
[340.031s][info][gc,heap        ] GC(387) ParOldGen: 475795K(476160K)->476247K(476672K)
[340.031s][info][gc,metaspace   ] GC(387) Metaspace: 42766K(43136K)->42766K(43136K) NonClass: 39946K(40192K)->39946K(40192K) Class: 2819K(2944K)->2819K(2944K)
[340.031s][info][gc             ] GC(387) Pause Young (Allocation Failure) 599M->495M(678M) 20.549ms
[340.031s][info][gc,cpu         ] GC(387) User=0.04s Sys=0.00s Real=0.02s
[340.457s][info][gc,start       ] GC(388) Pause Young (Allocation Failure)
[340.466s][info][gc,heap        ] GC(388) PSYoungGen: 164820K(218112K)->8693K(226304K) Eden: 133632K(133632K)->0K(133632K) From: 31188K(84480K)->8693K(92672K)
[340.466s][info][gc,heap        ] GC(388) ParOldGen: 476247K(476672K)->476872K(477184K)
[340.466s][info][gc,metaspace   ] GC(388) Metaspace: 42766K(43136K)->42766K(43136K) NonClass: 39946K(40192K)->39946K(40192K) Class: 2819K(2944K)->2819K(2944K)
[340.466s][info][gc             ] GC(388) Pause Young (Allocation Failure) 626M->474M(687M) 8.789ms
[340.466s][info][gc,cpu         ] GC(388) User=0.01s Sys=0.00s Real=0.01s
[340.886s][info][gc,start       ] GC(389) Pause Young (Allocation Failure)
[340.911s][info][gc,heap        ] GC(389) PSYoungGen: 142325K(226304K)->37474K(232960K) Eden: 133632K(133632K)->0K(150528K) From: 8693K(92672K)->37474K(82432K)
[340.911s][info][gc,heap        ] GC(389) ParOldGen: 476872K(477184K)->477640K(477696K)
[340.911s][info][gc,metaspace   ] GC(389) Metaspace: 42766K(43136K)->42766K(43136K) NonClass: 39946K(40192K)->39946K(40192K) Class: 2819K(2944K)->2819K(2944K)
[340.911s][info][gc             ] GC(389) Pause Young (Allocation Failure) 604M->503M(694M) 24.335ms
[340.911s][info][gc,cpu         ] GC(389) User=0.04s Sys=0.00s Real=0.02s
[341.406s][info][gc,start       ] GC(390) Pause Young (Allocation Failure)
[341.418s][info][gc,heap        ] GC(390) PSYoungGen: 188002K(232960K)->18033K(238080K) Eden: 150528K(150528K)->0K(150528K) From: 37474K(82432K)->18033K(87552K)
[341.418s][info][gc,heap        ] GC(390) ParOldGen: 477640K(477696K)->477999K(478208K)
[341.418s][info][gc,metaspace   ] GC(390) Metaspace: 42766K(43136K)->42766K(43136K) NonClass: 39946K(40192K)->39946K(40192K) Class: 2819K(2944K)->2819K(2944K)
[341.418s][info][gc             ] GC(390) Pause Young (Allocation Failure) 650M->484M(699M) 12.663ms
[341.418s][info][gc,cpu         ] GC(390) User=0.03s Sys=0.00s Real=0.01s
[341.897s][info][gc,start       ] GC(391) Pause Young (Allocation Failure)
[341.915s][info][gc,heap        ] GC(391) PSYoungGen: 168561K(238080K)->27584K(233472K) Eden: 150528K(150528K)->0K(162304K) From: 18033K(87552K)->27584K(71168K)
[341.915s][info][gc,heap        ] GC(391) ParOldGen: 477999K(478208K)->478773K(479232K)
[341.915s][info][gc,metaspace   ] GC(391) Metaspace: 42766K(43136K)->42766K(43136K) NonClass: 39946K(40192K)->39946K(40192K) Class: 2819K(2944K)->2819K(2944K)
[341.915s][info][gc             ] GC(391) Pause Young (Allocation Failure) 631M->494M(696M) 17.244ms
[341.915s][info][gc,cpu         ] GC(391) User=0.03s Sys=0.00s Real=0.02s
[342.384s][info][gc,start       ] GC(392) Pause Young (Allocation Failure)
[342.422s][info][gc,heap        ] GC(392) PSYoungGen: 189888K(233472K)->24985K(240640K) Eden: 162304K(162304K)->0K(162304K) From: 27584K(71168K)->24985K(78336K)
[342.422s][info][gc,heap        ] GC(392) ParOldGen: 478773K(479232K)->502354K(502784K)
[342.422s][info][gc,metaspace   ] GC(392) Metaspace: 42766K(43136K)->42766K(43136K) NonClass: 39946K(40192K)->39946K(40192K) Class: 2819K(2944K)->2819K(2944K)
[342.422s][info][gc             ] GC(392) Pause Young (Allocation Failure) 652M->514M(726M) 37.855ms
[342.422s][info][gc,cpu         ] GC(392) User=0.06s Sys=0.01s Real=0.04s
[342.882s][info][gc,start       ] GC(393) Pause Young (Allocation Failure)
[342.908s][info][gc,heap        ] GC(393) PSYoungGen: 187289K(240640K)->1808K(252416K) Eden: 162304K(162304K)->0K(181248K) From: 24985K(78336K)->1808K(71168K)
[342.908s][info][gc,heap        ] GC(393) ParOldGen: 502354K(502784K)->526394K(526848K)
[342.908s][info][gc,metaspace   ] GC(393) Metaspace: 42766K(43136K)->42766K(43136K) NonClass: 39946K(40192K)->39946K(40192K) Class: 2819K(2944K)->2819K(2944K)
[342.908s][info][gc             ] GC(393) Pause Young (Allocation Failure) 673M->515M(761M) 26.602ms
[342.908s][info][gc,cpu         ] GC(393) User=0.03s Sys=0.01s Real=0.03s
[343.437s][info][gc,start       ] GC(394) Pause Young (Allocation Failure)
[343.440s][info][gc,heap        ] GC(394) PSYoungGen: 183056K(252416K)->1377K(255488K) Eden: 181248K(181248K)->0K(181248K) From: 1808K(71168K)->1377K(74240K)
[343.440s][info][gc,heap        ] GC(394) ParOldGen: 526394K(526848K)->526530K(526848K)
[343.440s][info][gc,metaspace   ] GC(394) Metaspace: 42766K(43136K)->42766K(43136K) NonClass: 39946K(40192K)->39946K(40192K) Class: 2819K(2944K)->2819K(2944K)
[343.440s][info][gc             ] GC(394) Pause Young (Allocation Failure) 692M->515M(764M) 3.472ms
[343.440s][info][gc,cpu         ] GC(394) User=0.01s Sys=0.00s Real=0.00s
[343.908s][info][gc,start       ] GC(395) Pause Young (Allocation Failure)
[343.915s][info][gc,heap        ] GC(395) PSYoungGen: 182625K(255488K)->4764K(254976K) Eden: 181248K(181248K)->0K(185856K) From: 1377K(74240K)->4764K(69120K)
[343.915s][info][gc,heap        ] GC(395) ParOldGen: 526530K(526848K)->527026K(527360K)
[343.915s][info][gc,metaspace   ] GC(395) Metaspace: 42766K(43136K)->42766K(43136K) NonClass: 39946K(40192K)->39946K(40192K) Class: 2819K(2944K)->2819K(2944K)
[343.915s][info][gc             ] GC(395) Pause Young (Allocation Failure) 692M->519M(764M) 6.384ms
[343.915s][info][gc,cpu         ] GC(395) User=0.01s Sys=0.00s Real=0.01s
[344.210s][info][gc,start       ] GC(396) Pause Young (Allocation Failure)
[344.216s][info][gc,heap        ] GC(396) PSYoungGen: 190620K(254976K)->3374K(257536K) Eden: 185856K(185856K)->0K(185856K) From: 4764K(69120K)->3374K(71680K)
[344.216s][info][gc,heap        ] GC(396) ParOldGen: 527026K(527360K)->528926K(529408K)
[344.216s][info][gc,metaspace   ] GC(396) Metaspace: 42766K(43136K)->42766K(43136K) NonClass: 39946K(40192K)->39946K(40192K) Class: 2819K(2944K)->2819K(2944K)
[344.216s][info][gc             ] GC(396) Pause Young (Allocation Failure) 700M->519M(768M) 6.437ms
[344.216s][info][gc,cpu         ] GC(396) User=0.01s Sys=0.00s Real=0.01s
[344.515s][info][gc,start       ] GC(397) Pause Young (Allocation Failure)
[344.519s][info][gc,heap        ] GC(397) PSYoungGen: 189230K(257536K)->4185K(256000K) Eden: 185856K(185856K)->0K(192000K) From: 3374K(71680K)->4185K(64000K)
[344.519s][info][gc,heap        ] GC(397) ParOldGen: 528926K(529408K)->528950K(529408K)
[344.519s][info][gc,metaspace   ] GC(397) Metaspace: 42766K(43136K)->42766K(43136K) NonClass: 39946K(40192K)->39946K(40192K) Class: 2819K(2944K)->2819K(2944K)
[344.519s][info][gc             ] GC(397) Pause Young (Allocation Failure) 701M->520M(767M) 4.372ms
[344.519s][info][gc,cpu         ] GC(397) User=0.01s Sys=0.00s Real=0.00s
[344.840s][info][gc,start       ] GC(398) Pause Young (Allocation Failure)
[344.849s][info][gc,heap        ] GC(398) PSYoungGen: 196185K(256000K)->11007K(259584K) Eden: 192000K(192000K)->0K(192000K) From: 4185K(64000K)->11007K(67584K)
[344.849s][info][gc,heap        ] GC(398) ParOldGen: 528950K(529408K)->530642K(530944K)
[344.849s][info][gc,metaspace   ] GC(398) Metaspace: 42766K(43136K)->42766K(43136K) NonClass: 39946K(40192K)->39946K(40192K) Class: 2819K(2944K)->2819K(2944K)
[344.849s][info][gc             ] GC(398) Pause Young (Allocation Failure) 708M->528M(772M) 9.124ms
[344.849s][info][gc,cpu         ] GC(398) User=0.02s Sys=0.00s Real=0.01s
[345.091s][info][gc,start       ] GC(399) Pause Young (Allocation Failure)
[345.103s][info][gc,heap        ] GC(399) PSYoungGen: 201690K(259584K)->2056K(262144K) Eden: 190683K(192000K)->0K(202240K) From: 11007K(67584K)->2056K(59904K)
[345.103s][info][gc,heap        ] GC(399) ParOldGen: 530642K(530944K)->539614K(539648K)
[345.103s][info][gc,metaspace   ] GC(399) Metaspace: 42766K(43136K)->42766K(43136K) NonClass: 39946K(40192K)->39946K(40192K) Class: 2819K(2944K)->2819K(2944K)
[345.103s][info][gc             ] GC(399) Pause Young (Allocation Failure) 715M->528M(783M) 11.766ms
[345.103s][info][gc,cpu         ] GC(399) User=0.01s Sys=0.01s Real=0.01s
[345.356s][info][gc,start       ] GC(400) Pause Young (Allocation Failure)
[345.363s][info][gc,heap        ] GC(400) PSYoungGen: 204296K(262144K)->3287K(264192K) Eden: 202240K(202240K)->0K(202240K) From: 2056K(59904K)->3287K(61952K)
[345.363s][info][gc,heap        ] GC(400) ParOldGen: 539614K(539648K)->541629K(541696K)
[345.363s][info][gc,metaspace   ] GC(400) Metaspace: 42766K(43136K)->42766K(43136K) NonClass: 39946K(40192K)->39946K(40192K) Class: 2819K(2944K)->2819K(2944K)
[345.363s][info][gc             ] GC(400) Pause Young (Allocation Failure) 726M->532M(787M) 7.018ms
[345.363s][info][gc,cpu         ] GC(400) User=0.01s Sys=0.00s Real=0.00s
[345.624s][info][gc,start       ] GC(401) Pause Young (Allocation Failure)
[345.630s][info][gc,heap        ] GC(401) PSYoungGen: 204556K(264192K)->2635K(268288K) Eden: 201269K(202240K)->0K(212480K) From: 3287K(61952K)->2635K(55808K)
[345.630s][info][gc,heap        ] GC(401) ParOldGen: 541629K(541696K)->543014K(543232K)
[345.630s][info][gc,metaspace   ] GC(401) Metaspace: 42766K(43136K)->42766K(43136K) NonClass: 39946K(40192K)->39946K(40192K) Class: 2819K(2944K)->2819K(2944K)
[345.630s][info][gc             ] GC(401) Pause Young (Allocation Failure) 728M->532M(792M) 6.261ms
[345.630s][info][gc,cpu         ] GC(401) User=0.01s Sys=0.00s Real=0.01s
[345.921s][info][gc,start       ] GC(402) Pause Young (Allocation Failure)
[345.932s][info][gc,heap        ] GC(402) PSYoungGen: 215115K(268288K)->6408K(269824K) Eden: 212480K(212480K)->0K(212480K) From: 2635K(55808K)->6408K(57344K)
[345.932s][info][gc,heap        ] GC(402) ParOldGen: 543014K(543232K)->545542K(545792K)
[345.932s][info][gc,metaspace   ] GC(402) Metaspace: 42766K(43136K)->42766K(43136K) NonClass: 39946K(40192K)->39946K(40192K) Class: 2819K(2944K)->2819K(2944K)
[345.932s][info][gc             ] GC(402) Pause Young (Allocation Failure) 740M->539M(796M) 11.239ms
[345.932s][info][gc,cpu         ] GC(402) User=0.02s Sys=0.00s Real=0.01s
[346.224s][info][gc,start       ] GC(403) Pause Young (Allocation Failure)
[346.240s][info][gc,heap        ] GC(403) PSYoungGen: 218888K(269824K)->6387K(273408K) Eden: 212480K(212480K)->0K(222720K) From: 6408K(57344K)->6387K(50688K)
[346.240s][info][gc,heap        ] GC(403) ParOldGen: 545542K(545792K)->552008K(552448K)
[346.240s][info][gc,metaspace   ] GC(403) Metaspace: 42766K(43136K)->42766K(43136K) NonClass: 39946K(40192K)->39946K(40192K) Class: 2819K(2944K)->2819K(2944K)
[346.240s][info][gc             ] GC(403) Pause Young (Allocation Failure) 746M->545M(806M) 16.169ms
[346.240s][info][gc,cpu         ] GC(403) User=0.02s Sys=0.01s Real=0.02s
[346.538s][info][gc,start       ] GC(404) Pause Young (Allocation Failure)
[346.554s][info][gc,heap        ] GC(404) PSYoungGen: 229107K(273408K)->7007K(273920K) Eden: 222720K(222720K)->0K(222720K) From: 6387K(50688K)->7007K(51200K)
[346.554s][info][gc,heap        ] GC(404) ParOldGen: 552008K(552448K)->558458K(558592K)
[346.554s][info][gc,metaspace   ] GC(404) Metaspace: 42766K(43136K)->42766K(43136K) NonClass: 39946K(40192K)->39946K(40192K) Class: 2819K(2944K)->2819K(2944K)
[346.554s][info][gc             ] GC(404) Pause Young (Allocation Failure) 762M->552M(813M) 15.273ms
[346.554s][info][gc,cpu         ] GC(404) User=0.03s Sys=0.00s Real=0.01s
[347.007s][info][gc,start       ] GC(405) Pause Young (Allocation Failure)
[347.027s][info][gc,heap        ] GC(405) PSYoungGen: 229727K(273920K)->15223K(280064K) Eden: 222720K(222720K)->0K(234496K) From: 7007K(51200K)->15223K(45568K)
[347.027s][info][gc,heap        ] GC(405) ParOldGen: 558458K(558592K)->563167K(563200K)
[347.027s][info][gc,metaspace   ] GC(405) Metaspace: 42767K(43136K)->42767K(43136K) NonClass: 39947K(40192K)->39947K(40192K) Class: 2819K(2944K)->2819K(2944K)
[347.027s][info][gc             ] GC(405) Pause Young (Allocation Failure) 769M->564M(823M) 19.678ms
[347.027s][info][gc,cpu         ] GC(405) User=0.03s Sys=0.00s Real=0.02s
[347.550s][info][gc,start       ] GC(406) Pause Young (Allocation Failure)
[347.570s][info][gc,heap        ] GC(406) PSYoungGen: 249719K(280064K)->2431K(280064K) Eden: 234496K(234496K)->0K(234496K) From: 15223K(45568K)->2431K(45568K)
[347.570s][info][gc,heap        ] GC(406) ParOldGen: 563167K(563200K)->577603K(578048K)
[347.570s][info][gc,metaspace   ] GC(406) Metaspace: 42809K(43136K)->42809K(43136K) NonClass: 39989K(40192K)->39989K(40192K) Class: 2819K(2944K)->2819K(2944K)
[347.570s][info][gc             ] GC(406) Pause Young (Allocation Failure) 793M->566M(838M) 20.235ms
[347.570s][info][gc,cpu         ] GC(406) User=0.03s Sys=0.01s Real=0.02s
[348.103s][info][gc,start       ] GC(407) Pause Young (Allocation Failure)
[348.107s][info][gc,heap        ] GC(407) PSYoungGen: 236927K(280064K)->1530K(286720K) Eden: 234496K(234496K)->0K(244224K) From: 2431K(45568K)->1530K(42496K)
[348.107s][info][gc,heap        ] GC(407) ParOldGen: 577603K(578048K)->578283K(578560K)
[348.107s][info][gc,metaspace   ] GC(407) Metaspace: 42812K(43136K)->42812K(43136K) NonClass: 39992K(40192K)->39992K(40192K) Class: 2819K(2944K)->2819K(2944K)
[348.107s][info][gc             ] GC(407) Pause Young (Allocation Failure) 795M->566M(845M) 4.165ms
[348.107s][info][gc,cpu         ] GC(407) User=0.01s Sys=0.00s Real=0.01s
[348.680s][info][gc,start       ] GC(408) Pause Young (Allocation Failure)
[348.686s][info][gc,heap        ] GC(408) PSYoungGen: 245754K(286720K)->5031K(286720K) Eden: 244224K(244224K)->0K(244224K) From: 1530K(42496K)->5031K(42496K)
[348.686s][info][gc,heap        ] GC(408) ParOldGen: 578283K(578560K)->578299K(578560K)
[348.686s][info][gc,metaspace   ] GC(408) Metaspace: 42827K(43200K)->42827K(43200K) NonClass: 40008K(40256K)->40008K(40256K) Class: 2819K(2944K)->2819K(2944K)
[348.686s][info][gc             ] GC(408) Pause Young (Allocation Failure) 804M->569M(845M) 6.056ms
[348.686s][info][gc,cpu         ] GC(408) User=0.02s Sys=0.00s Real=0.01s
[349.238s][info][gc,start       ] GC(409) Pause Young (Allocation Failure)
[349.241s][info][gc,heap        ] GC(409) PSYoungGen: 249255K(286720K)->926K(289792K) Eden: 244224K(244224K)->0K(250368K) From: 5031K(42496K)->926K(39424K)
[349.241s][info][gc,heap        ] GC(409) ParOldGen: 578299K(578560K)->578331K(578560K)
[349.241s][info][gc,metaspace   ] GC(409) Metaspace: 42827K(43200K)->42827K(43200K) NonClass: 40008K(40256K)->40008K(40256K) Class: 2819K(2944K)->2819K(2944K)
[349.241s][info][gc             ] GC(409) Pause Young (Allocation Failure) 808M->565M(848M) 2.610ms
[349.241s][info][gc,cpu         ] GC(409) User=0.01s Sys=0.00s Real=0.00s
[349.829s][info][gc,start       ] GC(410) Pause Young (Allocation Failure)
[349.836s][info][gc,heap        ] GC(410) PSYoungGen: 251294K(289792K)->7160K(288768K) Eden: 250368K(250368K)->0K(250368K) From: 926K(39424K)->7160K(38400K)
[349.836s][info][gc,heap        ] GC(410) ParOldGen: 578331K(578560K)->579129K(579584K)
[349.836s][info][gc,metaspace   ] GC(410) Metaspace: 42834K(43200K)->42834K(43200K) NonClass: 40014K(40256K)->40014K(40256K) Class: 2819K(2944K)->2819K(2944K)
[349.836s][info][gc             ] GC(410) Pause Young (Allocation Failure) 810M->572M(848M) 6.635ms
[349.836s][info][gc,cpu         ] GC(410) User=0.01s Sys=0.00s Real=0.01s
[350.902s][info][gc,start       ] GC(411) Pause Young (Allocation Failure)
[350.910s][info][gc,heap        ] GC(411) PSYoungGen: 257528K(288768K)->3346K(293376K) Eden: 250368K(250368K)->0K(258048K) From: 7160K(38400K)->3346K(35328K)
[350.910s][info][gc,heap        ] GC(411) ParOldGen: 579129K(579584K)->579241K(579584K)
[350.910s][info][gc,metaspace   ] GC(411) Metaspace: 42837K(43200K)->42837K(43200K) NonClass: 40017K(40256K)->40017K(40256K) Class: 2819K(2944K)->2819K(2944K)
[350.910s][info][gc             ] GC(411) Pause Young (Allocation Failure) 817M->568M(852M) 7.713ms
[350.910s][info][gc,cpu         ] GC(411) User=0.01s Sys=0.00s Real=0.01s
[351.946s][info][gc,start       ] GC(412) Pause Young (Allocation Failure)
[351.973s][info][gc,heap        ] GC(412) PSYoungGen: 261394K(293376K)->25226K(291840K) Eden: 258048K(258048K)->0K(258048K) From: 3346K(35328K)->25226K(33792K)
[351.974s][info][gc,heap        ] GC(412) ParOldGen: 579241K(579584K)->582451K(582656K)
[351.974s][info][gc,metaspace   ] GC(412) Metaspace: 42864K(43200K)->42864K(43200K) NonClass: 40044K(40256K)->40044K(40256K) Class: 2819K(2944K)->2819K(2944K)
[351.974s][info][gc             ] GC(412) Pause Young (Allocation Failure) 820M->593M(854M) 27.440ms
[351.974s][info][gc,cpu         ] GC(412) User=0.05s Sys=0.00s Real=0.02s
[352.578s][info][gc,start       ] GC(413) Pause Young (Allocation Failure)
[352.642s][info][gc,heap        ] GC(413) PSYoungGen: 283274K(291840K)->28824K(287744K) Eden: 258048K(258048K)->0K(249856K) From: 25226K(33792K)->28824K(37888K)
[352.642s][info][gc,heap        ] GC(413) ParOldGen: 582451K(582656K)->606899K(607232K)
[352.642s][info][gc,metaspace   ] GC(413) Metaspace: 42864K(43200K)->42864K(43200K) NonClass: 40044K(40256K)->40044K(40256K) Class: 2819K(2944K)->2819K(2944K)
[352.642s][info][gc             ] GC(413) Pause Young (Allocation Failure) 845M->620M(874M) 63.898ms
[352.642s][info][gc,cpu         ] GC(413) User=0.10s Sys=0.03s Real=0.06s
[353.262s][info][gc,start       ] GC(414) Pause Young (Allocation Failure)
[353.327s][info][gc,heap        ] GC(414) PSYoungGen: 278680K(287744K)->28960K(279040K) Eden: 249856K(249856K)->0K(249856K) From: 28824K(37888K)->28960K(29184K)
[353.327s][info][gc,heap        ] GC(414) ParOldGen: 606899K(607232K)->634303K(634368K)
[353.327s][info][gc,metaspace   ] GC(414) Metaspace: 42864K(43200K)->42864K(43200K) NonClass: 40044K(40256K)->40044K(40256K) Class: 2819K(2944K)->2819K(2944K)
[353.327s][info][gc             ] GC(414) Pause Young (Allocation Failure) 864M->647M(892M) 65.006ms
[353.327s][info][gc,cpu         ] GC(414) User=0.11s Sys=0.02s Real=0.07s
[356.979s][info][gc,start       ] GC(415) Pause Young (Allocation Failure)
[357.035s][info][gc,heap        ] GC(415) PSYoungGen: 278816K(279040K)->17200K(290304K) Eden: 249856K(249856K)->0K(244736K) From: 28960K(29184K)->17200K(45568K)
[357.035s][info][gc,heap        ] GC(415) ParOldGen: 634303K(634368K)->663472K(663552K)
[357.035s][info][gc,metaspace   ] GC(415) Metaspace: 42878K(43200K)->42878K(43200K) NonClass: 40059K(40256K)->40059K(40256K) Class: 2819K(2944K)->2819K(2944K)
[357.035s][info][gc             ] GC(415) Pause Young (Allocation Failure) 891M->664M(931M) 56.969ms
[357.035s][info][gc,cpu         ] GC(415) User=0.09s Sys=0.02s Real=0.06s
[357.754s][info][gc,start       ] GC(416) Pause Full (Allocation Failure)
[357.754s][info][gc,phases,start] GC(416) Marking Phase
[357.804s][info][gc,phases      ] GC(416) Marking Phase 49.557ms
[357.804s][info][gc,phases,start] GC(416) Summary Phase
[357.804s][info][gc,phases      ] GC(416) Summary Phase 0.031ms
[357.804s][info][gc,phases,start] GC(416) Forward
[357.816s][info][gc,phases      ] GC(416) Forward 12.546ms
[357.817s][info][gc,phases,start] GC(416) Adjust Pointers
[357.847s][info][gc,phases      ] GC(416) Adjust Pointers 30.784ms
[357.847s][info][gc,phases,start] GC(416) Compaction Phase
[357.858s][info][gc,phases      ] GC(416) Compaction Phase 10.890ms
[357.858s][info][gc,phases,start] GC(416) Post Compact
[357.861s][info][gc,phases      ] GC(416) Post Compact 2.979ms
[357.899s][info][gc,heap        ] GC(416) PSYoungGen: 261936K(290304K)->0K(288256K) Eden: 244736K(244736K)->0K(244736K) From: 17200K(45568K)->0K(43520K)
[357.899s][info][gc,heap        ] GC(416) ParOldGen: 663472K(663552K)->63962K(197120K)
[357.899s][info][gc,metaspace   ] GC(416) Metaspace: 42887K(43200K)->42887K(43200K) NonClass: 40068K(40256K)->40068K(40256K) Class: 2819K(2944K)->2819K(2944K)
[357.899s][info][gc             ] GC(416) Pause Full (Allocation Failure) 903M->62M(474M) 144.660ms
[357.899s][info][gc,cpu         ] GC(416) User=0.16s Sys=0.03s Real=0.15s
[358.515s][info][gc,start       ] GC(417) Pause Young (Allocation Failure)
[358.544s][info][gc,heap        ] GC(417) PSYoungGen: 244736K(288256K)->30412K(284160K) Eden: 244736K(244736K)->0K(240640K) From: 0K(43520K)->30412K(43520K)
[358.544s][info][gc,heap        ] GC(417) ParOldGen: 63962K(197120K)->63962K(197120K)
[358.544s][info][gc,metaspace   ] GC(417) Metaspace: 42887K(43200K)->42887K(43200K) NonClass: 40068K(40256K)->40068K(40256K) Class: 2819K(2944K)->2819K(2944K)
[358.544s][info][gc             ] GC(417) Pause Young (Allocation Failure) 301M->92M(470M) 28.529ms
[358.544s][info][gc,cpu         ] GC(417) User=0.06s Sys=0.00s Real=0.02s
[359.147s][info][gc,start       ] GC(418) Pause Young (Allocation Failure)
[359.199s][info][gc,heap        ] GC(418) PSYoungGen: 271052K(284160K)->30616K(271360K) Eden: 240640K(240640K)->0K(240640K) From: 30412K(43520K)->30616K(30720K)
[359.199s][info][gc,heap        ] GC(418) ParOldGen: 63962K(197120K)->92858K(197120K)
[359.199s][info][gc,metaspace   ] GC(418) Metaspace: 42887K(43200K)->42887K(43200K) NonClass: 40068K(40256K)->40068K(40256K) Class: 2819K(2944K)->2819K(2944K)
[359.199s][info][gc             ] GC(418) Pause Young (Allocation Failure) 327M->120M(457M) 51.886ms
[359.199s][info][gc,cpu         ] GC(418) User=0.10s Sys=0.00s Real=0.05s
[360.677s][info][gc,start       ] GC(419) Pause Young (Allocation Failure)
[360.718s][info][gc,heap        ] GC(419) PSYoungGen: 271256K(271360K)->18926K(286720K) Eden: 240640K(240640K)->0K(237568K) From: 30616K(30720K)->18926K(49152K)
[360.718s][info][gc,heap        ] GC(419) ParOldGen: 92858K(197120K)->123508K(197120K)
[360.718s][info][gc,metaspace   ] GC(419) Metaspace: 42887K(43200K)->42887K(43200K) NonClass: 40068K(40256K)->40068K(40256K) Class: 2819K(2944K)->2819K(2944K)
[360.718s][info][gc             ] GC(419) Pause Young (Allocation Failure) 355M->139M(472M) 41.368ms
[360.718s][info][gc,cpu         ] GC(419) User=0.08s Sys=0.00s Real=0.04s
[361.803s][info][gc,start       ] GC(420) Pause Young (Allocation Failure)
[361.828s][info][gc,heap        ] GC(420) PSYoungGen: 256494K(286720K)->12861K(250880K) Eden: 237568K(237568K)->0K(237568K) From: 18926K(49152K)->12861K(13312K)
[361.828s][info][gc,heap        ] GC(420) ParOldGen: 123508K(197120K)->141552K(197120K)
[361.828s][info][gc,metaspace   ] GC(420) Metaspace: 42887K(43200K)->42887K(43200K) NonClass: 40068K(40256K)->40068K(40256K) Class: 2819K(2944K)->2819K(2944K)
[361.828s][info][gc             ] GC(420) Pause Young (Allocation Failure) 371M->150M(437M) 24.758ms
[361.828s][info][gc,cpu         ] GC(420) User=0.05s Sys=0.00s Real=0.03s
[363.216s][info][gc,start       ] GC(421) Pause Young (Allocation Failure)
[363.247s][info][gc,heap        ] GC(421) PSYoungGen: 250429K(250880K)->24032K(282112K) Eden: 237568K(237568K)->0K(237568K) From: 12861K(13312K)->24032K(44544K)
[363.247s][info][gc,heap        ] GC(421) ParOldGen: 141552K(197120K)->154473K(197120K)
[363.247s][info][gc,metaspace   ] GC(421) Metaspace: 42887K(43200K)->42887K(43200K) NonClass: 40068K(40256K)->40068K(40256K) Class: 2819K(2944K)->2819K(2944K)
[363.247s][info][gc             ] GC(421) Pause Young (Allocation Failure) 382M->174M(468M) 31.070ms
[363.247s][info][gc,cpu         ] GC(421) User=0.06s Sys=0.00s Real=0.03s
[364.579s][info][gc,start       ] GC(422) Pause Young (Allocation Failure)
[364.617s][info][gc,heap        ] GC(422) PSYoungGen: 261600K(282112K)->21807K(282112K) Eden: 237568K(237568K)->0K(237568K) From: 24032K(44544K)->21807K(44544K)
[364.617s][info][gc,heap        ] GC(422) ParOldGen: 154473K(197120K)->178369K(197120K)
[364.617s][info][gc,metaspace   ] GC(422) Metaspace: 42887K(43200K)->42887K(43200K) NonClass: 40068K(40256K)->40068K(40256K) Class: 2819K(2944K)->2819K(2944K)
[364.617s][info][gc             ] GC(422) Pause Young (Allocation Failure) 406M->195M(468M) 38.403ms
[364.617s][info][gc,cpu         ] GC(422) User=0.08s Sys=0.00s Real=0.04s
[365.968s][info][gc,start       ] GC(423) Pause Young (Allocation Failure)
[366.003s][info][gc,heap        ] GC(423) PSYoungGen: 259375K(282112K)->19568K(286208K) Eden: 237568K(237568K)->0K(245760K) From: 21807K(44544K)->19568K(40448K)
[366.003s][info][gc,heap        ] GC(423) ParOldGen: 178369K(197120K)->200286K(200704K)
[366.003s][info][gc,metaspace   ] GC(423) Metaspace: 42887K(43200K)->42887K(43200K) NonClass: 40068K(40256K)->40068K(40256K) Class: 2819K(2944K)->2819K(2944K)
[366.003s][info][gc             ] GC(423) Pause Young (Allocation Failure) 427M->214M(475M) 35.226ms
[366.003s][info][gc,cpu         ] GC(423) User=0.07s Sys=0.00s Real=0.03s
[366.638s][info][gc,start       ] GC(424) Pause Young (Allocation Failure)
[366.694s][info][gc,heap        ] GC(424) PSYoungGen: 265328K(286208K)->36609K(287232K) Eden: 245760K(245760K)->0K(245760K) From: 19568K(40448K)->36609K(41472K)
[366.694s][info][gc,heap        ] GC(424) ParOldGen: 200286K(200704K)->219901K(220160K)
[366.694s][info][gc,metaspace   ] GC(424) Metaspace: 42887K(43200K)->42887K(43200K) NonClass: 40068K(40256K)->40068K(40256K) Class: 2819K(2944K)->2819K(2944K)
[366.694s][info][gc             ] GC(424) Pause Young (Allocation Failure) 454M->250M(495M) 55.893ms
[366.694s][info][gc,cpu         ] GC(424) User=0.09s Sys=0.01s Real=0.05s
[367.284s][info][gc,start       ] GC(425) Pause Young (Allocation Failure)
[367.361s][info][gc,heap        ] GC(425) PSYoungGen: 282369K(287232K)->30040K(285696K) Eden: 245760K(245760K)->0K(239616K) From: 36609K(41472K)->30040K(46080K)
[367.361s][info][gc,heap        ] GC(425) ParOldGen: 219901K(220160K)->255845K(256000K)
[367.361s][info][gc,metaspace   ] GC(425) Metaspace: 42887K(43200K)->42887K(43200K) NonClass: 40068K(40256K)->40068K(40256K) Class: 2819K(2944K)->2819K(2944K)
[367.361s][info][gc             ] GC(425) Pause Young (Allocation Failure) 490M->279M(529M) 76.994ms
[367.361s][info][gc,cpu         ] GC(425) User=0.12s Sys=0.02s Real=0.08s
[367.961s][info][gc,start       ] GC(426) Pause Young (Allocation Failure)
[368.029s][info][gc,heap        ] GC(426) PSYoungGen: 269656K(285696K)->29936K(269824K) Eden: 239616K(239616K)->0K(239616K) From: 30040K(46080K)->29936K(30208K)
[368.029s][info][gc,heap        ] GC(426) ParOldGen: 255845K(256000K)->284237K(284672K)
[368.029s][info][gc,metaspace   ] GC(426) Metaspace: 42887K(43200K)->42887K(43200K) NonClass: 40068K(40256K)->40068K(40256K) Class: 2819K(2944K)->2819K(2944K)
[368.029s][info][gc             ] GC(426) Pause Young (Allocation Failure) 513M->306M(541M) 68.045ms
[368.029s][info][gc,cpu         ] GC(426) User=0.11s Sys=0.02s Real=0.07s
[369.667s][info][gc,start       ] GC(427) Pause Young (Allocation Failure)
[369.709s][info][gc,heap        ] GC(427) PSYoungGen: 269552K(269824K)->9568K(286208K) Eden: 239616K(239616K)->0K(238080K) From: 29936K(30208K)->9568K(48128K)
[369.709s][info][gc,heap        ] GC(427) ParOldGen: 284237K(284672K)->314422K(314880K)
[369.709s][info][gc,metaspace   ] GC(427) Metaspace: 42887K(43200K)->42887K(43200K) NonClass: 40068K(40256K)->40068K(40256K) Class: 2819K(2944K)->2819K(2944K)
[369.709s][info][gc             ] GC(427) Pause Young (Allocation Failure) 540M->316M(587M) 42.649ms
[369.709s][info][gc,cpu         ] GC(427) User=0.06s Sys=0.03s Real=0.04s
[370.898s][info][gc,start       ] GC(428) Pause Young (Allocation Failure)
[370.909s][info][gc,heap        ] GC(428) PSYoungGen: 247648K(286208K)->4493K(285696K) Eden: 238080K(238080K)->0K(238080K) From: 9568K(48128K)->4493K(47616K)
[370.909s][info][gc,heap        ] GC(428) ParOldGen: 314422K(314880K)->319798K(320000K)
[370.909s][info][gc,metaspace   ] GC(428) Metaspace: 42887K(43200K)->42887K(43200K) NonClass: 40068K(40256K)->40068K(40256K) Class: 2819K(2944K)->2819K(2944K)
[370.909s][info][gc             ] GC(428) Pause Young (Allocation Failure) 548M->316M(591M) 11.107ms
[370.909s][info][gc,cpu         ] GC(428) User=0.01s Sys=0.01s Real=0.01s
[372.175s][info][gc,start       ] GC(429) Pause Young (Allocation Failure)
[372.203s][info][gc,heap        ] GC(429) PSYoungGen: 242573K(285696K)->25535K(285696K) Eden: 238080K(238080K)->0K(238592K) From: 4493K(47616K)->25535K(47104K)
[372.203s][info][gc,heap        ] GC(429) ParOldGen: 319798K(320000K)->324139K(324608K)
[372.203s][info][gc,metaspace   ] GC(429) Metaspace: 42887K(43200K)->42887K(43200K) NonClass: 40068K(40256K)->40068K(40256K) Class: 2819K(2944K)->2819K(2944K)
[372.203s][info][gc             ] GC(429) Pause Young (Allocation Failure) 549M->341M(596M) 28.508ms
[372.203s][info][gc,cpu         ] GC(429) User=0.05s Sys=0.00s Real=0.02s
[373.536s][info][gc,start       ] GC(430) Pause Young (Allocation Failure)
[373.587s][info][gc,heap        ] GC(430) PSYoungGen: 264127K(285696K)->23184K(262144K) Eden: 238592K(238592K)->0K(238592K) From: 25535K(47104K)->23184K(23552K)
[373.587s][info][gc,heap        ] GC(430) ParOldGen: 324139K(324608K)->349584K(349696K)
[373.587s][info][gc,metaspace   ] GC(430) Metaspace: 42887K(43200K)->42887K(43200K) NonClass: 40068K(40256K)->40068K(40256K) Class: 2819K(2944K)->2819K(2944K)
[373.587s][info][gc             ] GC(430) Pause Young (Allocation Failure) 574M->364M(597M) 51.464ms
[373.587s][info][gc,cpu         ] GC(430) User=0.09s Sys=0.02s Real=0.05s
[374.663s][info][gc,start       ] GC(431) Pause Young (Allocation Failure)
[374.706s][info][gc,heap        ] GC(431) PSYoungGen: 261776K(262144K)->17480K(287232K) Eden: 238592K(238592K)->0K(241664K) From: 23184K(23552K)->17480K(45568K)
[374.706s][info][gc,heap        ] GC(431) ParOldGen: 349584K(349696K)->372804K(373248K)
[374.706s][info][gc,metaspace   ] GC(431) Metaspace: 42895K(43264K)->42895K(43264K) NonClass: 40075K(40320K)->40075K(40320K) Class: 2819K(2944K)->2819K(2944K)
[374.706s][info][gc             ] GC(431) Pause Young (Allocation Failure) 597M->381M(645M) 42.653ms
[374.706s][info][gc,cpu         ] GC(431) User=0.07s Sys=0.02s Real=0.05s
[375.561s][info][gc,start       ] GC(432) Pause Young (Allocation Failure)
[375.591s][info][gc,heap        ] GC(432) PSYoungGen: 259144K(287232K)->12929K(285184K) Eden: 241664K(241664K)->0K(241664K) From: 17480K(45568K)->12929K(43520K)
[375.591s][info][gc,heap        ] GC(432) ParOldGen: 372804K(373248K)->390137K(390144K)
[375.591s][info][gc,metaspace   ] GC(432) Metaspace: 42913K(43264K)->42913K(43264K) NonClass: 40093K(40320K)->40093K(40320K) Class: 2819K(2944K)->2819K(2944K)
[375.591s][info][gc             ] GC(432) Pause Young (Allocation Failure) 617M->393M(659M) 29.753ms
[375.591s][info][gc,cpu         ] GC(432) User=0.05s Sys=0.01s Real=0.03s
[376.537s][info][gc,start       ] GC(433) Pause Young (Allocation Failure)
[376.555s][info][gc,heap        ] GC(433) PSYoungGen: 254593K(285184K)->21092K(288768K) Eden: 241664K(241664K)->0K(246272K) From: 12929K(43520K)->21092K(42496K)
[376.556s][info][gc,heap        ] GC(433) ParOldGen: 390137K(390144K)->390869K(391168K)
[376.556s][info][gc,metaspace   ] GC(433) Metaspace: 42913K(43264K)->42913K(43264K) NonClass: 40094K(40320K)->40094K(40320K) Class: 2819K(2944K)->2819K(2944K)
[376.556s][info][gc             ] GC(433) Pause Young (Allocation Failure) 629M->402M(664M) 18.896ms
[376.556s][info][gc,cpu         ] GC(433) User=0.03s Sys=0.00s Real=0.02s
[377.482s][info][gc,start       ] GC(434) Pause Young (Allocation Failure)
[377.488s][info][gc,heap        ] GC(434) PSYoungGen: 267364K(288768K)->5522K(287232K) Eden: 246272K(246272K)->0K(246272K) From: 21092K(42496K)->5522K(40960K)
[377.488s][info][gc,heap        ] GC(434) ParOldGen: 390869K(391168K)->392157K(392192K)
[377.488s][info][gc,metaspace   ] GC(434) Metaspace: 42916K(43264K)->42916K(43264K) NonClass: 40097K(40320K)->40097K(40320K) Class: 2819K(2944K)->2819K(2944K)
[377.488s][info][gc             ] GC(434) Pause Young (Allocation Failure) 642M->388M(663M) 6.820ms
[377.488s][info][gc,cpu         ] GC(434) User=0.01s Sys=0.00s Real=0.01s
[378.303s][info][gc,start       ] GC(435) Pause Young (Allocation Failure)
[378.311s][info][gc,heap        ] GC(435) PSYoungGen: 251794K(287232K)->7188K(291840K) Eden: 246272K(246272K)->0K(250880K) From: 5522K(40960K)->7188K(40960K)
[378.311s][info][gc,heap        ] GC(435) ParOldGen: 392157K(392192K)->393429K(393728K)
[378.311s][info][gc,metaspace   ] GC(435) Metaspace: 42917K(43264K)->42917K(43264K) NonClass: 40097K(40320K)->40097K(40320K) Class: 2819K(2944K)->2819K(2944K)
[378.311s][info][gc             ] GC(435) Pause Young (Allocation Failure) 628M->391M(669M) 8.064ms
[378.311s][info][gc,cpu         ] GC(435) User=0.01s Sys=0.00s Real=0.01s
[379.137s][info][gc,start       ] GC(436) Pause Young (Allocation Failure)
[379.161s][info][gc,heap        ] GC(436) PSYoungGen: 258068K(291840K)->28106K(291328K) Eden: 250880K(250880K)->0K(250880K) From: 7188K(40960K)->28106K(40448K)
[379.161s][info][gc,heap        ] GC(436) ParOldGen: 393429K(393728K)->394637K(394752K)
[379.161s][info][gc,metaspace   ] GC(436) Metaspace: 42917K(43264K)->42917K(43264K) NonClass: 40097K(40320K)->40097K(40320K) Class: 2819K(2944K)->2819K(2944K)
[379.161s][info][gc             ] GC(436) Pause Young (Allocation Failure) 636M->412M(670M) 24.054ms
[379.161s][info][gc,cpu         ] GC(436) User=0.05s Sys=0.00s Real=0.02s
[380.147s][info][gc,start       ] GC(437) Pause Young (Allocation Failure)
[380.156s][info][gc,heap        ] GC(437) PSYoungGen: 278986K(291328K)->1488K(290304K) Eden: 250880K(250880K)->0K(247808K) From: 28106K(40448K)->1488K(42496K)
[380.156s][info][gc,heap        ] GC(437) ParOldGen: 394637K(394752K)->395437K(395776K)
[380.156s][info][gc,metaspace   ] GC(437) Metaspace: 42917K(43264K)->42917K(43264K) NonClass: 40097K(40320K)->40097K(40320K) Class: 2819K(2944K)->2819K(2944K)
[380.156s][info][gc             ] GC(437) Pause Young (Allocation Failure) 657M->387M(670M) 9.304ms
[380.156s][info][gc,cpu         ] GC(437) User=0.00s Sys=0.00s Real=0.01s
[380.940s][info][gc,start       ] GC(438) Pause Young (Allocation Failure)
[380.948s][info][gc,heap        ] GC(438) PSYoungGen: 249296K(290304K)->6148K(254464K) Eden: 247808K(247808K)->0K(247808K) From: 1488K(42496K)->6148K(6656K)
[380.948s][info][gc,heap        ] GC(438) ParOldGen: 395437K(395776K)->396645K(396800K)
[380.948s][info][gc,metaspace   ] GC(438) Metaspace: 42917K(43264K)->42917K(43264K) NonClass: 40098K(40320K)->40098K(40320K) Class: 2819K(2944K)->2819K(2944K)
[380.948s][info][gc             ] GC(438) Pause Young (Allocation Failure) 629M->393M(636M) 8.064ms
[380.948s][info][gc,cpu         ] GC(438) User=0.01s Sys=0.00s Real=0.01s
[381.809s][info][gc,start       ] GC(439) Pause Young (Allocation Failure)
[381.813s][info][gc,heap        ] GC(439) PSYoungGen: 253956K(254464K)->1248K(290816K) Eden: 247808K(247808K)->0K(248832K) From: 6148K(6656K)->1248K(41984K)
[381.813s][info][gc,heap        ] GC(439) ParOldGen: 396645K(396800K)->397585K(397824K)
[381.813s][info][gc,metaspace   ] GC(439) Metaspace: 42917K(43264K)->42917K(43264K) NonClass: 40098K(40320K)->40098K(40320K) Class: 2819K(2944K)->2819K(2944K)
[381.813s][info][gc             ] GC(439) Pause Young (Allocation Failure) 635M->389M(672M) 4.044ms
[381.813s][info][gc,cpu         ] GC(439) User=0.01s Sys=0.00s Real=0.00s
[382.621s][info][gc,start       ] GC(440) Pause Young (Allocation Failure)
[382.629s][info][gc,heap        ] GC(440) PSYoungGen: 250080K(290816K)->7636K(290304K) Eden: 248832K(248832K)->0K(248832K) From: 1248K(41984K)->7636K(41472K)
[382.629s][info][gc,heap        ] GC(440) ParOldGen: 397585K(397824K)->398685K(398848K)
[382.629s][info][gc,metaspace   ] GC(440) Metaspace: 42917K(43264K)->42917K(43264K) NonClass: 40098K(40320K)->40098K(40320K) Class: 2819K(2944K)->2819K(2944K)
[382.629s][info][gc             ] GC(440) Pause Young (Allocation Failure) 632M->396M(673M) 7.684ms
[382.629s][info][gc,cpu         ] GC(440) User=0.01s Sys=0.00s Real=0.01s
[383.418s][info][gc,start       ] GC(441) Pause Young (Allocation Failure)
[383.441s][info][gc,heap        ] GC(441) PSYoungGen: 256468K(290304K)->28946K(287232K) Eden: 248832K(248832K)->0K(247296K) From: 7636K(41472K)->28946K(39936K)
[383.441s][info][gc,heap        ] GC(441) ParOldGen: 398685K(398848K)->399605K(399872K)
[383.441s][info][gc,metaspace   ] GC(441) Metaspace: 42917K(43264K)->42917K(43264K) NonClass: 40098K(40320K)->40098K(40320K) Class: 2819K(2944K)->2819K(2944K)
[383.441s][info][gc             ] GC(441) Pause Young (Allocation Failure) 639M->418M(671M) 23.112ms
[383.441s][info][gc,cpu         ] GC(441) User=0.04s Sys=0.00s Real=0.02s
[384.436s][info][gc,start       ] GC(442) Pause Young (Allocation Failure)
[384.511s][info][gc,heap        ] GC(442) PSYoungGen: 276242K(287232K)->26480K(273920K) Eden: 247296K(247296K)->0K(247296K) From: 28946K(39936K)->26480K(26624K)
[384.511s][info][gc,heap        ] GC(442) ParOldGen: 399605K(399872K)->417290K(417792K)
[384.511s][info][gc,metaspace   ] GC(442) Metaspace: 42917K(43264K)->42917K(43264K) NonClass: 40098K(40320K)->40098K(40320K) Class: 2819K(2944K)->2819K(2944K)
[384.511s][info][gc             ] GC(442) Pause Young (Allocation Failure) 660M->433M(675M) 74.902ms
[384.511s][info][gc,cpu         ] GC(442) User=0.09s Sys=0.01s Real=0.07s
[385.573s][info][gc,start       ] GC(443) Pause Young (Allocation Failure)
[385.723s][info][gc,heap        ] GC(443) PSYoungGen: 273776K(273920K)->44538K(248320K) Eden: 247296K(247296K)->0K(203776K) From: 26480K(26624K)->44538K(44544K)
[385.723s][info][gc,heap        ] GC(443) ParOldGen: 417290K(417792K)->451470K(451584K)
[385.723s][info][gc,metaspace   ] GC(443) Metaspace: 42917K(43264K)->42917K(43264K) NonClass: 40098K(40320K)->40098K(40320K) Class: 2819K(2944K)->2819K(2944K)
[385.723s][info][gc             ] GC(443) Pause Young (Allocation Failure) 674M->484M(683M) 150.026ms
[385.723s][info][gc,cpu         ] GC(443) User=0.17s Sys=0.03s Real=0.15s
[386.350s][info][gc,start       ] GC(444) Pause Young (Allocation Failure)
[386.432s][info][gc,heap        ] GC(444) PSYoungGen: 248314K(248320K)->3712K(268800K) Eden: 203776K(203776K)->0K(203776K) From: 44538K(44544K)->3712K(65024K)
[386.432s][info][gc,heap        ] GC(444) ParOldGen: 451470K(451584K)->493171K(493568K)
[386.432s][info][gc,metaspace   ] GC(444) Metaspace: 42917K(43264K)->42917K(43264K) NonClass: 40098K(40320K)->40098K(40320K) Class: 2819K(2944K)->2819K(2944K)
[386.432s][info][gc             ] GC(444) Pause Young (Allocation Failure) 683M->485M(744M) 81.588ms
[386.432s][info][gc,cpu         ] GC(444) User=0.10s Sys=0.04s Real=0.08s
[387.015s][info][gc,start       ] GC(445) Pause Young (Allocation Failure)
[387.032s][info][gc,heap        ] GC(445) PSYoungGen: 207488K(268800K)->11885K(261632K) Eden: 203776K(203776K)->0K(204800K) From: 3712K(65024K)->11885K(56832K)
[387.033s][info][gc,heap        ] GC(445) ParOldGen: 493171K(493568K)->495745K(496128K)
[387.033s][info][gc,metaspace   ] GC(445) Metaspace: 42926K(43264K)->42926K(43264K) NonClass: 40107K(40320K)->40107K(40320K) Class: 2819K(2944K)->2819K(2944K)
[387.033s][info][gc             ] GC(445) Pause Young (Allocation Failure) 684M->495M(740M) 17.634ms
[387.033s][info][gc,cpu         ] GC(445) User=0.04s Sys=0.00s Real=0.01s
[387.672s][info][gc,start       ] GC(446) Pause Young (Allocation Failure)
[387.688s][info][gc,heap        ] GC(446) PSYoungGen: 216685K(261632K)->2995K(265728K) Eden: 204800K(204800K)->0K(204800K) From: 11885K(56832K)->2995K(60928K)
[387.688s][info][gc,heap        ] GC(446) ParOldGen: 495745K(496128K)->505051K(505344K)
[387.688s][info][gc,metaspace   ] GC(446) Metaspace: 42926K(43264K)->42926K(43264K) NonClass: 40107K(40320K)->40107K(40320K) Class: 2819K(2944K)->2819K(2944K)
[387.689s][info][gc             ] GC(446) Pause Young (Allocation Failure) 695M->496M(753M) 16.293ms
[387.689s][info][gc,cpu         ] GC(446) User=0.02s Sys=0.01s Real=0.02s
[388.335s][info][gc,start       ] GC(447) Pause Young (Allocation Failure)
[388.373s][info][gc,heap        ] GC(447) PSYoungGen: 207795K(265728K)->49844K(258560K) Eden: 204800K(204800K)->0K(198656K) From: 2995K(60928K)->49844K(59904K)
[388.373s][info][gc,heap        ] GC(447) ParOldGen: 505051K(505344K)->505373K(505856K)
[388.373s][info][gc,metaspace   ] GC(447) Metaspace: 42926K(43264K)->42926K(43264K) NonClass: 40107K(40320K)->40107K(40320K) Class: 2819K(2944K)->2819K(2944K)
[388.373s][info][gc             ] GC(447) Pause Young (Allocation Failure) 696M->542M(746M) 37.912ms
[388.373s][info][gc,cpu         ] GC(447) User=0.07s Sys=0.00s Real=0.03s
[389.074s][info][gc,start       ] GC(448) Pause Young (Allocation Failure)
[389.092s][info][gc,heap        ] GC(448) PSYoungGen: 248500K(258560K)->21105K(266240K) Eden: 198656K(198656K)->0K(198656K) From: 49844K(59904K)->21105K(67584K)
[389.092s][info][gc,heap        ] GC(448) ParOldGen: 505373K(505856K)->506152K(506368K)
[389.092s][info][gc,metaspace   ] GC(448) Metaspace: 42926K(43264K)->42926K(43264K) NonClass: 40107K(40320K)->40107K(40320K) Class: 2819K(2944K)->2819K(2944K)
[389.092s][info][gc             ] GC(448) Pause Young (Allocation Failure) 736M->514M(754M) 18.592ms
[389.092s][info][gc,cpu         ] GC(448) User=0.04s Sys=0.00s Real=0.02s
[389.722s][info][gc,start       ] GC(449) Pause Young (Allocation Failure)
[389.771s][info][gc,heap        ] GC(449) PSYoungGen: 219761K(266240K)->62966K(247296K) Eden: 198656K(198656K)->0K(184320K) From: 21105K(67584K)->62966K(62976K)
[389.771s][info][gc,heap        ] GC(449) ParOldGen: 506152K(506368K)->508472K(508928K)
[389.771s][info][gc,metaspace   ] GC(449) Metaspace: 42926K(43264K)->42926K(43264K) NonClass: 40107K(40320K)->40107K(40320K) Class: 2819K(2944K)->2819K(2944K)
[389.771s][info][gc             ] GC(449) Pause Young (Allocation Failure) 708M->558M(738M) 48.964ms
[389.771s][info][gc,cpu         ] GC(449) User=0.08s Sys=0.01s Real=0.05s
[390.420s][info][gc,start       ] GC(450) Pause Young (Allocation Failure)
[390.520s][info][gc,heap        ] GC(450) PSYoungGen: 247286K(247296K)->74732K(259072K) Eden: 184320K(184320K)->0K(184320K) From: 62966K(62976K)->74732K(74752K)
[390.520s][info][gc,heap        ] GC(450) ParOldGen: 508472K(508928K)->554369K(554496K)
[390.520s][info][gc,metaspace   ] GC(450) Metaspace: 42926K(43264K)->42926K(43264K) NonClass: 40107K(40320K)->40107K(40320K) Class: 2819K(2944K)->2819K(2944K)
[390.520s][info][gc             ] GC(450) Pause Young (Allocation Failure) 738M->614M(794M) 100.180ms
[390.520s][info][gc,cpu         ] GC(450) User=0.16s Sys=0.03s Real=0.10s
[391.203s][info][gc,start       ] GC(451) Pause Young (Allocation Failure)
[391.345s][info][gc,heap        ] GC(451) PSYoungGen: 259052K(259072K)->74748K(186368K) Eden: 184320K(184320K)->0K(111616K) From: 74732K(74752K)->74748K(74752K)
[391.345s][info][gc,heap        ] GC(451) ParOldGen: 554369K(554496K)->642757K(643072K)
[391.345s][info][gc,metaspace   ] GC(451) Metaspace: 42926K(43264K)->42926K(43264K) NonClass: 40107K(40320K)->40107K(40320K) Class: 2819K(2944K)->2819K(2944K)
[391.345s][info][gc             ] GC(451) Pause Young (Allocation Failure) 794M->700M(810M) 141.969ms
[391.345s][info][gc,cpu         ] GC(451) User=0.20s Sys=0.07s Real=0.15s
[391.741s][info][gc,start       ] GC(452) Pause Full (Allocation Failure)
[391.741s][info][gc,phases,start] GC(452) Marking Phase
[391.820s][info][gc,phases      ] GC(452) Marking Phase 78.790ms
[391.820s][info][gc,phases,start] GC(452) Summary Phase
[391.820s][info][gc,phases      ] GC(452) Summary Phase 0.034ms
[391.820s][info][gc,phases,start] GC(452) Forward
[391.840s][info][gc,phases      ] GC(452) Forward 19.402ms
[391.840s][info][gc,phases,start] GC(452) Adjust Pointers
[391.885s][info][gc,phases      ] GC(452) Adjust Pointers 44.653ms
[391.885s][info][gc,phases,start] GC(452) Compaction Phase
[391.906s][info][gc,phases      ] GC(452) Compaction Phase 20.980ms
[391.906s][info][gc,phases,start] GC(452) Post Compact
[391.910s][info][gc,phases      ] GC(452) Post Compact 4.258ms
[391.953s][info][gc,heap        ] GC(452) PSYoungGen: 186364K(186368K)->0K(222720K) Eden: 111616K(111616K)->0K(111616K) From: 74748K(74752K)->0K(111104K)
[391.953s][info][gc,heap        ] GC(452) ParOldGen: 642757K(643072K)->90287K(262144K)
[391.953s][info][gc,metaspace   ] GC(452) Metaspace: 42926K(43264K)->42926K(43264K) NonClass: 40107K(40320K)->40107K(40320K) Class: 2819K(2944K)->2819K(2944K)
[391.953s][info][gc             ] GC(452) Pause Full (Allocation Failure) 809M->88M(473M) 211.468ms
[391.953s][info][gc,cpu         ] GC(452) User=0.26s Sys=0.05s Real=0.21s
[392.358s][info][gc,start       ] GC(453) Pause Young (Allocation Failure)
[392.365s][info][gc,heap        ] GC(453) PSYoungGen: 111616K(222720K)->10697K(222720K) Eden: 111616K(111616K)->0K(111616K) From: 0K(111104K)->10697K(111104K)
[392.365s][info][gc,heap        ] GC(453) ParOldGen: 90287K(262144K)->90287K(262144K)
[392.365s][info][gc,metaspace   ] GC(453) Metaspace: 42926K(43264K)->42926K(43264K) NonClass: 40107K(40320K)->40107K(40320K) Class: 2819K(2944K)->2819K(2944K)
[392.365s][info][gc             ] GC(453) Pause Young (Allocation Failure) 197M->98M(473M) 7.204ms
[392.365s][info][gc,cpu         ] GC(453) User=0.01s Sys=0.00s Real=0.01s
[392.754s][info][gc,start       ] GC(454) Pause Young (Allocation Failure)
[392.768s][info][gc,heap        ] GC(454) PSYoungGen: 122313K(222720K)->13378K(222720K) Eden: 111616K(111616K)->0K(111616K) From: 10697K(111104K)->13378K(111104K)
[392.768s][info][gc,heap        ] GC(454) ParOldGen: 90287K(262144K)->98581K(262144K)
[392.768s][info][gc,metaspace   ] GC(454) Metaspace: 42926K(43264K)->42926K(43264K) NonClass: 40107K(40320K)->40107K(40320K) Class: 2819K(2944K)->2819K(2944K)
[392.768s][info][gc             ] GC(454) Pause Young (Allocation Failure) 207M->109M(473M) 14.188ms
[392.768s][info][gc,cpu         ] GC(454) User=0.03s Sys=0.00s Real=0.02s
[393.134s][info][gc,start       ] GC(455) Pause Young (Allocation Failure)
[393.153s][info][gc,heap        ] GC(455) PSYoungGen: 124994K(222720K)->27889K(222720K) Eden: 111616K(111616K)->0K(111616K) From: 13378K(111104K)->27889K(111104K)
[393.153s][info][gc,heap        ] GC(455) ParOldGen: 98581K(262144K)->98954K(262144K)
[393.153s][info][gc,metaspace   ] GC(455) Metaspace: 42926K(43264K)->42926K(43264K) NonClass: 40107K(40320K)->40107K(40320K) Class: 2819K(2944K)->2819K(2944K)
[393.153s][info][gc             ] GC(455) Pause Young (Allocation Failure) 218M->123M(473M) 18.457ms
[393.153s][info][gc,cpu         ] GC(455) User=0.03s Sys=0.00s Real=0.02s
[393.534s][info][gc,start       ] GC(456) Pause Young (Allocation Failure)
[393.537s][info][gc,heap        ] GC(456) PSYoungGen: 139505K(222720K)->2066K(222720K) Eden: 111616K(111616K)->0K(111616K) From: 27889K(111104K)->2066K(111104K)
[393.537s][info][gc,heap        ] GC(456) ParOldGen: 98954K(262144K)->99595K(262144K)
[393.537s][info][gc,metaspace   ] GC(456) Metaspace: 42926K(43264K)->42926K(43264K) NonClass: 40107K(40320K)->40107K(40320K) Class: 2819K(2944K)->2819K(2944K)
[393.537s][info][gc             ] GC(456) Pause Young (Allocation Failure) 232M->99M(473M) 2.990ms
[393.537s][info][gc,cpu         ] GC(456) User=0.01s Sys=0.00s Real=0.01s
[393.876s][info][gc,start       ] GC(457) Pause Young (Allocation Failure)
[393.883s][info][gc,heap        ] GC(457) PSYoungGen: 113682K(222720K)->11894K(222720K) Eden: 111616K(111616K)->0K(111616K) From: 2066K(111104K)->11894K(111104K)
[393.883s][info][gc,heap        ] GC(457) ParOldGen: 99595K(262144K)->100173K(262144K)
[393.883s][info][gc,metaspace   ] GC(457) Metaspace: 42926K(43264K)->42926K(43264K) NonClass: 40107K(40320K)->40107K(40320K) Class: 2819K(2944K)->2819K(2944K)
[393.883s][info][gc             ] GC(457) Pause Young (Allocation Failure) 208M->109M(473M) 7.243ms
[393.883s][info][gc,cpu         ] GC(457) User=0.02s Sys=0.00s Real=0.00s
[394.249s][info][gc,start       ] GC(458) Pause Young (Allocation Failure)
[394.270s][info][gc,heap        ] GC(458) PSYoungGen: 123510K(222720K)->37246K(222720K) Eden: 111616K(111616K)->0K(111616K) From: 11894K(111104K)->37246K(111104K)
[394.270s][info][gc,heap        ] GC(458) ParOldGen: 100173K(262144K)->100422K(262144K)
[394.270s][info][gc,metaspace   ] GC(458) Metaspace: 42926K(43264K)->42926K(43264K) NonClass: 40107K(40320K)->40107K(40320K) Class: 2819K(2944K)->2819K(2944K)
[394.270s][info][gc             ] GC(458) Pause Young (Allocation Failure) 218M->134M(473M) 21.475ms
[394.270s][info][gc,cpu         ] GC(458) User=0.05s Sys=0.00s Real=0.02s
[394.641s][info][gc,start       ] GC(459) Pause Young (Allocation Failure)
[394.649s][info][gc,heap        ] GC(459) PSYoungGen: 148862K(222720K)->11134K(222720K) Eden: 111616K(111616K)->0K(111616K) From: 37246K(111104K)->11134K(111104K)
[394.649s][info][gc,heap        ] GC(459) ParOldGen: 100422K(262144K)->100722K(262144K)
[394.649s][info][gc,metaspace   ] GC(459) Metaspace: 42926K(43264K)->42926K(43264K) NonClass: 40107K(40320K)->40107K(40320K) Class: 2819K(2944K)->2819K(2944K)
[394.649s][info][gc             ] GC(459) Pause Young (Allocation Failure) 243M->109M(473M) 7.548ms
[394.649s][info][gc,cpu         ] GC(459) User=0.02s Sys=0.00s Real=0.01s
[395.010s][info][gc,start       ] GC(460) Pause Young (Allocation Failure)
[395.022s][info][gc,heap        ] GC(460) PSYoungGen: 122750K(222720K)->16105K(128000K) Eden: 111616K(111616K)->0K(111616K) From: 11134K(111104K)->16105K(16384K)
[395.022s][info][gc,heap        ] GC(460) ParOldGen: 100722K(262144K)->101539K(262144K)
[395.022s][info][gc,metaspace   ] GC(460) Metaspace: 42926K(43264K)->42926K(43264K) NonClass: 40107K(40320K)->40107K(40320K) Class: 2819K(2944K)->2819K(2944K)
[395.022s][info][gc             ] GC(460) Pause Young (Allocation Failure) 218M->114M(381M) 12.303ms
[395.022s][info][gc,cpu         ] GC(460) User=0.02s Sys=0.00s Real=0.01s
[395.370s][info][gc,start       ] GC(461) Pause Young (Allocation Failure)
[395.396s][info][gc,heap        ] GC(461) PSYoungGen: 127721K(128000K)->32886K(223232K) Eden: 111616K(111616K)->0K(117760K) From: 16105K(16384K)->32886K(105472K)
[395.396s][info][gc,heap        ] GC(461) ParOldGen: 101539K(262144K)->108520K(262144K)
[395.396s][info][gc,metaspace   ] GC(461) Metaspace: 42926K(43264K)->42926K(43264K) NonClass: 40107K(40320K)->40107K(40320K) Class: 2819K(2944K)->2819K(2944K)
[395.396s][info][gc             ] GC(461) Pause Young (Allocation Failure) 223M->138M(474M) 26.874ms
[395.396s][info][gc,cpu         ] GC(461) User=0.05s Sys=0.00s Real=0.03s
[395.719s][info][gc,start       ] GC(462) Pause Young (Allocation Failure)
[395.747s][info][gc,heap        ] GC(462) PSYoungGen: 150646K(223232K)->18231K(217088K) Eden: 117760K(117760K)->0K(117760K) From: 32886K(105472K)->18231K(99328K)
[395.747s][info][gc,heap        ] GC(462) ParOldGen: 108520K(262144K)->136543K(262144K)
[395.747s][info][gc,metaspace   ] GC(462) Metaspace: 42926K(43264K)->42926K(43264K) NonClass: 40107K(40320K)->40107K(40320K) Class: 2819K(2944K)->2819K(2944K)
[395.747s][info][gc             ] GC(462) Pause Young (Allocation Failure) 253M->151M(468M) 27.817ms
[395.747s][info][gc,cpu         ] GC(462) User=0.05s Sys=0.01s Real=0.03s
[396.103s][info][gc,start       ] GC(463) Pause Young (Allocation Failure)
[396.117s][info][gc,heap        ] GC(463) PSYoungGen: 135991K(217088K)->1291K(224768K) Eden: 117760K(117760K)->0K(130560K) From: 18231K(99328K)->1291K(94208K)
[396.117s][info][gc,heap        ] GC(463) ParOldGen: 136543K(262144K)->154332K(262144K)
[396.117s][info][gc,metaspace   ] GC(463) Metaspace: 42926K(43264K)->42926K(43264K) NonClass: 40107K(40320K)->40107K(40320K) Class: 2819K(2944K)->2819K(2944K)
[396.117s][info][gc             ] GC(463) Pause Young (Allocation Failure) 266M->151M(475M) 13.706ms
[396.117s][info][gc,cpu         ] GC(463) User=0.03s Sys=0.00s Real=0.02s
[396.514s][info][gc,start       ] GC(464) Pause Young (Allocation Failure)
[396.517s][info][gc,heap        ] GC(464) PSYoungGen: 131851K(224768K)->955K(223232K) Eden: 130560K(130560K)->0K(130560K) From: 1291K(94208K)->955K(92672K)
[396.517s][info][gc,heap        ] GC(464) ParOldGen: 154332K(262144K)->154389K(262144K)
[396.517s][info][gc,metaspace   ] GC(464) Metaspace: 42926K(43264K)->42926K(43264K) NonClass: 40107K(40320K)->40107K(40320K) Class: 2819K(2944K)->2819K(2944K)
[396.517s][info][gc             ] GC(464) Pause Young (Allocation Failure) 279M->151M(474M) 2.680ms
[396.517s][info][gc,cpu         ] GC(464) User=0.00s Sys=0.00s Real=0.01s
[396.873s][info][gc,start       ] GC(465) Pause Young (Allocation Failure)
[396.876s][info][gc,heap        ] GC(465) PSYoungGen: 131515K(223232K)->1141K(238592K) Eden: 130560K(130560K)->0K(149504K) From: 955K(92672K)->1141K(89088K)
[396.876s][info][gc,heap        ] GC(465) ParOldGen: 154389K(262144K)->154827K(262144K)
[396.876s][info][gc,metaspace   ] GC(465) Metaspace: 42926K(43264K)->42926K(43264K) NonClass: 40107K(40320K)->40107K(40320K) Class: 2819K(2944K)->2819K(2944K)
[396.876s][info][gc             ] GC(465) Pause Young (Allocation Failure) 279M->152M(489M) 3.242ms
[396.876s][info][gc,cpu         ] GC(465) User=0.00s Sys=0.00s Real=0.01s
[397.212s][info][gc,start       ] GC(466) Pause Young (Allocation Failure)
[397.217s][info][gc,heap        ] GC(466) PSYoungGen: 150645K(238592K)->2858K(237056K) Eden: 149504K(149504K)->0K(149504K) From: 1141K(89088K)->2858K(87552K)
[397.217s][info][gc,heap        ] GC(466) ParOldGen: 154827K(262144K)->155171K(262144K)
[397.217s][info][gc,metaspace   ] GC(466) Metaspace: 42926K(43264K)->42926K(43264K) NonClass: 40107K(40320K)->40107K(40320K) Class: 2819K(2944K)->2819K(2944K)
[397.217s][info][gc             ] GC(466) Pause Young (Allocation Failure) 298M->154M(487M) 4.462ms
[397.217s][info][gc,cpu         ] GC(466) User=0.01s Sys=0.00s Real=0.01s
[397.490s][info][gc,start       ] GC(467) Pause Young (Allocation Failure)
[397.494s][info][gc,heap        ] GC(467) PSYoungGen: 152362K(237056K)->3182K(242688K) Eden: 149504K(149504K)->0K(160768K) From: 2858K(87552K)->3182K(81920K)
[397.494s][info][gc,heap        ] GC(467) ParOldGen: 155171K(262144K)->156935K(262144K)
[397.494s][info][gc,metaspace   ] GC(467) Metaspace: 42926K(43264K)->42926K(43264K) NonClass: 40107K(40320K)->40107K(40320K) Class: 2819K(2944K)->2819K(2944K)
[397.494s][info][gc             ] GC(467) Pause Young (Allocation Failure) 300M->156M(493M) 4.468ms
[397.494s][info][gc,cpu         ] GC(467) User=0.01s Sys=0.00s Real=0.00s
[397.763s][info][gc,start       ] GC(468) Pause Young (Allocation Failure)
[397.765s][info][gc,heap        ] GC(468) PSYoungGen: 163950K(242688K)->1774K(241152K) Eden: 160768K(160768K)->0K(160768K) From: 3182K(81920K)->1774K(80384K)
[397.765s][info][gc,heap        ] GC(468) ParOldGen: 156935K(262144K)->156999K(262144K)
[397.765s][info][gc,metaspace   ] GC(468) Metaspace: 42926K(43264K)->42926K(43264K) NonClass: 40107K(40320K)->40107K(40320K) Class: 2819K(2944K)->2819K(2944K)
[397.765s][info][gc             ] GC(468) Pause Young (Allocation Failure) 313M->155M(491M) 2.550ms
[397.765s][info][gc,cpu         ] GC(468) User=0.01s Sys=0.00s Real=0.01s
[398.077s][info][gc,start       ] GC(469) Pause Young (Allocation Failure)
[398.085s][info][gc,heap        ] GC(469) PSYoungGen: 161025K(241152K)->10533K(247808K) Eden: 159250K(160768K)->0K(176128K) From: 1774K(80384K)->10533K(71680K)
[398.085s][info][gc,heap        ] GC(469) ParOldGen: 156999K(262144K)->157251K(262144K)
[398.085s][info][gc,metaspace   ] GC(469) Metaspace: 42926K(43264K)->42926K(43264K) NonClass: 40107K(40320K)->40107K(40320K) Class: 2819K(2944K)->2819K(2944K)
[398.085s][info][gc             ] GC(469) Pause Young (Allocation Failure) 310M->163M(498M) 7.446ms
[398.085s][info][gc,cpu         ] GC(469) User=0.02s Sys=0.00s Real=0.01s
[398.305s][info][gc,start       ] GC(470) Pause Young (Allocation Failure)
[398.312s][info][gc,heap        ] GC(470) PSYoungGen: 185103K(247808K)->1152K(248320K) Eden: 174569K(176128K)->0K(176128K) From: 10533K(71680K)->1152K(72192K)
[398.312s][info][gc,heap        ] GC(470) ParOldGen: 157251K(262144K)->167592K(262144K)
[398.312s][info][gc,metaspace   ] GC(470) Metaspace: 42926K(43264K)->42926K(43264K) NonClass: 40107K(40320K)->40107K(40320K) Class: 2819K(2944K)->2819K(2944K)
[398.312s][info][gc             ] GC(470) Pause Young (Allocation Failure) 334M->164M(498M) 7.096ms
[398.312s][info][gc,cpu         ] GC(470) User=0.01s Sys=0.00s Real=0.00s
[398.545s][info][gc,start       ] GC(471) Pause Young (Allocation Failure)
[398.548s][info][gc,heap        ] GC(471) PSYoungGen: 177280K(248320K)->1260K(257024K) Eden: 176128K(176128K)->0K(192512K) From: 1152K(72192K)->1260K(64512K)
[398.548s][info][gc,heap        ] GC(471) ParOldGen: 167592K(262144K)->168698K(262144K)
[398.548s][info][gc,metaspace   ] GC(471) Metaspace: 42926K(43264K)->42926K(43264K) NonClass: 40107K(40320K)->40107K(40320K) Class: 2819K(2944K)->2819K(2944K)
[398.549s][info][gc             ] GC(471) Pause Young (Allocation Failure) 336M->165M(507M) 3.420ms
[398.549s][info][gc,cpu         ] GC(471) User=0.01s Sys=0.00s Real=0.00s
[398.807s][info][gc,start       ] GC(472) Pause Young (Allocation Failure)
[398.812s][info][gc,heap        ] GC(472) PSYoungGen: 192382K(257024K)->3088K(258048K) Eden: 191121K(192512K)->0K(192512K) From: 1260K(64512K)->3088K(65536K)
[398.812s][info][gc,heap        ] GC(472) ParOldGen: 168698K(262144K)->169898K(262144K)
[398.812s][info][gc,metaspace   ] GC(472) Metaspace: 42926K(43264K)->42926K(43264K) NonClass: 40107K(40320K)->40107K(40320K) Class: 2819K(2944K)->2819K(2944K)
[398.812s][info][gc             ] GC(472) Pause Young (Allocation Failure) 352M->168M(508M) 5.192ms
[398.812s][info][gc,cpu         ] GC(472) User=0.01s Sys=0.00s Real=0.00s
[399.067s][info][gc,start       ] GC(473) Pause Young (Allocation Failure)
[399.073s][info][gc,heap        ] GC(473) PSYoungGen: 195497K(258048K)->2771K(264704K) Eden: 192408K(192512K)->0K(206336K) From: 3088K(65536K)->2771K(58368K)
[399.073s][info][gc,heap        ] GC(473) ParOldGen: 169898K(262144K)->172970K(262144K)
[399.073s][info][gc,metaspace   ] GC(473) Metaspace: 42926K(43264K)->42926K(43264K) NonClass: 40107K(40320K)->40107K(40320K) Class: 2819K(2944K)->2819K(2944K)
[399.073s][info][gc             ] GC(473) Pause Young (Allocation Failure) 356M->171M(514M) 6.107ms
[399.073s][info][gc,cpu         ] GC(473) User=0.01s Sys=0.00s Real=0.00s
[399.370s][info][gc,start       ] GC(474) Pause Young (Allocation Failure)
[399.381s][info][gc,heap        ] GC(474) PSYoungGen: 208588K(264704K)->7024K(265216K) Eden: 205817K(206336K)->0K(206336K) From: 2771K(58368K)->7024K(58880K)
[399.381s][info][gc,heap        ] GC(474) ParOldGen: 172970K(262144K)->175779K(262144K)
[399.381s][info][gc,metaspace   ] GC(474) Metaspace: 42926K(43264K)->42926K(43264K) NonClass: 40107K(40320K)->40107K(40320K) Class: 2819K(2944K)->2819K(2944K)
[399.381s][info][gc             ] GC(474) Pause Young (Allocation Failure) 372M->178M(515M) 10.243ms
[399.381s][info][gc,cpu         ] GC(474) User=0.02s Sys=0.00s Real=0.01s
[399.681s][info][gc,start       ] GC(475) Pause Young (Allocation Failure)
[399.694s][info][gc,heap        ] GC(475) PSYoungGen: 213360K(265216K)->5601K(271360K) Eden: 206336K(206336K)->0K(220160K) From: 7024K(58880K)->5601K(51200K)
[399.694s][info][gc,heap        ] GC(475) ParOldGen: 175779K(262144K)->182866K(262144K)
[399.694s][info][gc,metaspace   ] GC(475) Metaspace: 42926K(43264K)->42926K(43264K) NonClass: 40107K(40320K)->40107K(40320K) Class: 2819K(2944K)->2819K(2944K)
[399.695s][info][gc             ] GC(475) Pause Young (Allocation Failure) 380M->184M(521M) 13.497ms
[399.695s][info][gc,cpu         ] GC(475) User=0.03s Sys=0.00s Real=0.02s
[400.006s][info][gc,start       ] GC(476) Pause Young (Allocation Failure)
[400.018s][info][gc,heap        ] GC(476) PSYoungGen: 225761K(271360K)->5680K(271360K) Eden: 220160K(220160K)->0K(220160K) From: 5601K(51200K)->5680K(51200K)
[400.018s][info][gc,heap        ] GC(476) ParOldGen: 182866K(262144K)->188505K(262144K)
[400.018s][info][gc,metaspace   ] GC(476) Metaspace: 42926K(43264K)->42926K(43264K) NonClass: 40107K(40320K)->40107K(40320K) Class: 2819K(2944K)->2819K(2944K)
[400.018s][info][gc             ] GC(476) Pause Young (Allocation Failure) 399M->189M(521M) 11.768ms
[400.018s][info][gc,cpu         ] GC(476) User=0.03s Sys=0.00s Real=0.01s
[400.524s][info][gc,start       ] GC(477) Pause Young (Allocation Failure)
[400.539s][info][gc,heap        ] GC(477) PSYoungGen: 225840K(271360K)->12090K(279552K) Eden: 220160K(220160K)->0K(234496K) From: 5680K(51200K)->12090K(45056K)
[400.539s][info][gc,heap        ] GC(477) ParOldGen: 188505K(262144K)->194123K(262144K)
[400.539s][info][gc,metaspace   ] GC(477) Metaspace: 42927K(43264K)->42927K(43264K) NonClass: 40107K(40320K)->40107K(40320K) Class: 2819K(2944K)->2819K(2944K)
[400.539s][info][gc             ] GC(477) Pause Young (Allocation Failure) 404M->201M(529M) 15.909ms
[400.539s][info][gc,cpu         ] GC(477) User=0.03s Sys=0.00s Real=0.02s
[401.101s][info][gc,start       ] GC(478) Pause Young (Allocation Failure)
[401.113s][info][gc,heap        ] GC(478) PSYoungGen: 246586K(279552K)->2893K(279552K) Eden: 234496K(234496K)->0K(234496K) From: 12090K(45056K)->2893K(45056K)
[401.113s][info][gc,heap        ] GC(478) ParOldGen: 194123K(262144K)->206372K(262144K)
[401.113s][info][gc,metaspace   ] GC(478) Metaspace: 42931K(43264K)->42931K(43264K) NonClass: 40111K(40320K)->40111K(40320K) Class: 2819K(2944K)->2819K(2944K)
[401.113s][info][gc             ] GC(478) Pause Young (Allocation Failure) 430M->204M(529M) 11.653ms
[401.113s][info][gc,cpu         ] GC(478) User=0.03s Sys=0.00s Real=0.01s
[401.653s][info][gc,start       ] GC(479) Pause Young (Allocation Failure)
[401.656s][info][gc,heap        ] GC(479) PSYoungGen: 237389K(279552K)->2705K(286720K) Eden: 234496K(234496K)->0K(245760K) From: 2893K(45056K)->2705K(40960K)
[401.656s][info][gc,heap        ] GC(479) ParOldGen: 206372K(262144K)->206558K(262144K)
[401.656s][info][gc,metaspace   ] GC(479) Metaspace: 42961K(43264K)->42961K(43264K) NonClass: 40142K(40320K)->40142K(40320K) Class: 2819K(2944K)->2819K(2944K)
[401.657s][info][gc             ] GC(479) Pause Young (Allocation Failure) 433M->204M(536M) 3.693ms
[401.657s][info][gc,cpu         ] GC(479) User=0.01s Sys=0.00s Real=0.01s
[402.219s][info][gc,start       ] GC(480) Pause Young (Allocation Failure)
[402.221s][info][gc,heap        ] GC(480) PSYoungGen: 248465K(286720K)->1536K(286208K) Eden: 245760K(245760K)->0K(245760K) From: 2705K(40960K)->1536K(40448K)
[402.221s][info][gc,heap        ] GC(480) ParOldGen: 206558K(262144K)->206574K(262144K)
[402.221s][info][gc,metaspace   ] GC(480) Metaspace: 42961K(43264K)->42961K(43264K) NonClass: 40142K(40320K)->40142K(40320K) Class: 2819K(2944K)->2819K(2944K)
[402.221s][info][gc             ] GC(480) Pause Young (Allocation Failure) 444M->203M(535M) 2.381ms
[402.222s][info][gc,cpu         ] GC(480) User=0.00s Sys=0.00s Real=0.00s
[402.800s][info][gc,start       ] GC(481) Pause Young (Allocation Failure)
[402.803s][info][gc,heap        ] GC(481) PSYoungGen: 247296K(286208K)->2815K(291328K) Eden: 245760K(245760K)->0K(254464K) From: 1536K(40448K)->2815K(36864K)
[402.803s][info][gc,heap        ] GC(481) ParOldGen: 206574K(262144K)->206606K(262144K)
[402.803s][info][gc,metaspace   ] GC(481) Metaspace: 42963K(43264K)->42963K(43264K) NonClass: 40144K(40320K)->40144K(40320K) Class: 2819K(2944K)->2819K(2944K)
[402.803s][info][gc             ] GC(481) Pause Young (Allocation Failure) 443M->204M(540M) 2.784ms
[402.803s][info][gc,cpu         ] GC(481) User=0.01s Sys=0.00s Real=0.00s
[403.395s][info][gc,start       ] GC(482) Pause Young (Allocation Failure)
[403.399s][info][gc,heap        ] GC(482) PSYoungGen: 257279K(291328K)->4986K(290816K) Eden: 254464K(254464K)->0K(254464K) From: 2815K(36864K)->4986K(36352K)
[403.399s][info][gc,heap        ] GC(482) ParOldGen: 206606K(262144K)->207956K(262144K)
[403.399s][info][gc,metaspace   ] GC(482) Metaspace: 42966K(43328K)->42966K(43328K) NonClass: 40147K(40384K)->40147K(40384K) Class: 2819K(2944K)->2819K(2944K)
[403.399s][info][gc             ] GC(482) Pause Young (Allocation Failure) 453M->207M(540M) 4.218ms
[403.399s][info][gc,cpu         ] GC(482) User=0.01s Sys=0.00s Real=0.00s
[404.546s][info][gc,start       ] GC(483) Pause Young (Allocation Failure)
[404.552s][info][gc,heap        ] GC(483) PSYoungGen: 259450K(290816K)->3794K(295424K) Eden: 254464K(254464K)->0K(262656K) From: 4986K(36352K)->3794K(32768K)
[404.552s][info][gc,heap        ] GC(483) ParOldGen: 207956K(262144K)->208084K(262144K)
[404.552s][info][gc,metaspace   ] GC(483) Metaspace: 42991K(43328K)->42991K(43328K) NonClass: 40171K(40384K)->40171K(40384K) Class: 2820K(2944K)->2820K(2944K)
[404.552s][info][gc             ] GC(483) Pause Young (Allocation Failure) 456M->206M(544M) 5.981ms
[404.552s][info][gc,cpu         ] GC(483) User=0.01s Sys=0.00s Real=0.00s
[405.434s][info][gc,start       ] GC(484) Pause Young (Allocation Failure)
[405.464s][info][gc,heap        ] GC(484) PSYoungGen: 266450K(295424K)->30277K(294400K) Eden: 262656K(262656K)->0K(262656K) From: 3794K(32768K)->30277K(31744K)
[405.464s][info][gc,heap        ] GC(484) ParOldGen: 208084K(262144K)->211398K(262144K)
[405.464s][info][gc,metaspace   ] GC(484) Metaspace: 42999K(43328K)->42999K(43328K) NonClass: 40179K(40384K)->40179K(40384K) Class: 2820K(2944K)->2820K(2944K)
[405.464s][info][gc             ] GC(484) Pause Young (Allocation Failure) 463M->236M(543M) 30.725ms
[405.464s][info][gc,cpu         ] GC(484) User=0.06s Sys=0.00s Real=0.03s
[406.139s][info][gc,start       ] GC(485) Pause Young (Allocation Failure)
[406.199s][info][gc,heap        ] GC(485) PSYoungGen: 292933K(294400K)->29688K(285696K) Eden: 262656K(262656K)->0K(247808K) From: 30277K(31744K)->29688K(37888K)
[406.199s][info][gc,heap        ] GC(485) ParOldGen: 211398K(262144K)->240850K(262144K)
[406.199s][info][gc,metaspace   ] GC(485) Metaspace: 42999K(43328K)->42999K(43328K) NonClass: 40179K(40384K)->40179K(40384K) Class: 2820K(2944K)->2820K(2944K)
[406.199s][info][gc             ] GC(485) Pause Young (Allocation Failure) 492M->264M(535M) 60.016ms
[406.199s][info][gc,cpu         ] GC(485) User=0.12s Sys=0.01s Real=0.06s
[406.799s][info][gc,start       ] GC(486) Pause Young (Allocation Failure)
[406.854s][info][gc,heap        ] GC(486) PSYoungGen: 277496K(285696K)->27520K(275456K) Eden: 247808K(247808K)->0K(247808K) From: 29688K(37888K)->27520K(27648K)
[406.854s][info][gc,heap        ] GC(486) ParOldGen: 240850K(262144K)->269070K(269312K)
[406.854s][info][gc,metaspace   ] GC(486) Metaspace: 42999K(43328K)->42999K(43328K) NonClass: 40179K(40384K)->40179K(40384K) Class: 2820K(2944K)->2820K(2944K)
[406.854s][info][gc             ] GC(486) Pause Young (Allocation Failure) 506M->289M(532M) 54.720ms
[406.854s][info][gc,cpu         ] GC(486) User=0.10s Sys=0.00s Real=0.05s
[410.936s][info][gc,start       ] GC(487) Pause Young (Allocation Failure)
[410.988s][info][gc,heap        ] GC(487) PSYoungGen: 275328K(275456K)->13232K(291328K) Eden: 247808K(247808K)->0K(245760K) From: 27520K(27648K)->13232K(45568K)
[410.988s][info][gc,heap        ] GC(487) ParOldGen: 269070K(269312K)->296743K(296960K)
[410.988s][info][gc,metaspace   ] GC(487) Metaspace: 43002K(43328K)->43002K(43328K) NonClass: 40181K(40384K)->40181K(40384K) Class: 2820K(2944K)->2820K(2944K)
[410.988s][info][gc             ] GC(487) Pause Young (Allocation Failure) 531M->302M(574M) 51.766ms
[410.988s][info][gc,cpu         ] GC(487) User=0.08s Sys=0.02s Real=0.05s
[411.698s][info][gc,start       ] GC(488) Pause Young (Allocation Failure)
[411.723s][info][gc,heap        ] GC(488) PSYoungGen: 258992K(291328K)->10476K(256512K) Eden: 245760K(245760K)->0K(245760K) From: 13232K(45568K)->10476K(10752K)
[411.723s][info][gc,heap        ] GC(488) ParOldGen: 296743K(296960K)->309780K(310272K)
[411.723s][info][gc,metaspace   ] GC(488) Metaspace: 43010K(43392K)->43010K(43392K) NonClass: 40190K(40448K)->40190K(40448K) Class: 2820K(2944K)->2820K(2944K)
[411.723s][info][gc             ] GC(488) Pause Young (Allocation Failure) 542M->312M(553M) 25.259ms
[411.723s][info][gc,cpu         ] GC(488) User=0.03s Sys=0.02s Real=0.02s
[412.363s][info][gc,start       ] GC(489) Pause Young (Allocation Failure)
[412.409s][info][gc,heap        ] GC(489) PSYoungGen: 256236K(256512K)->30348K(281600K) Eden: 245760K(245760K)->0K(241664K) From: 10476K(10752K)->30348K(39936K)
[412.409s][info][gc,heap        ] GC(489) ParOldGen: 309780K(310272K)->320077K(320512K)
[412.409s][info][gc,metaspace   ] GC(489) Metaspace: 43010K(43392K)->43010K(43392K) NonClass: 40190K(40448K)->40190K(40448K) Class: 2820K(2944K)->2820K(2944K)
[412.409s][info][gc             ] GC(489) Pause Young (Allocation Failure) 552M->342M(588M) 46.230ms
[412.409s][info][gc,cpu         ] GC(489) User=0.08s Sys=0.01s Real=0.05s
[412.971s][info][gc,start       ] GC(490) Pause Young (Allocation Failure)
[413.040s][info][gc,heap        ] GC(490) PSYoungGen: 272012K(281600K)->27752K(285696K) Eden: 241664K(241664K)->0K(241664K) From: 30348K(39936K)->27752K(44032K)
[413.040s][info][gc,heap        ] GC(490) ParOldGen: 320077K(320512K)->350645K(350720K)
[413.040s][info][gc,metaspace   ] GC(490) Metaspace: 43010K(43392K)->43010K(43392K) NonClass: 40190K(40448K)->40190K(40448K) Class: 2820K(2944K)->2820K(2944K)
[413.040s][info][gc             ] GC(490) Pause Young (Allocation Failure) 578M->369M(621M) 69.189ms
[413.040s][info][gc,cpu         ] GC(490) User=0.11s Sys=0.02s Real=0.07s
[414.567s][info][gc,start       ] GC(491) Pause Young (Allocation Failure)
[414.631s][info][gc,heap        ] GC(491) PSYoungGen: 269416K(285696K)->23841K(287744K) Eden: 241664K(241664K)->0K(241664K) From: 27752K(44032K)->23841K(46080K)
[414.631s][info][gc,heap        ] GC(491) ParOldGen: 350645K(350720K)->378390K(378880K)
[414.631s][info][gc,metaspace   ] GC(491) Metaspace: 43010K(43392K)->43010K(43392K) NonClass: 40190K(40448K)->40190K(40448K) Class: 2820K(2944K)->2820K(2944K)
[414.631s][info][gc             ] GC(491) Pause Young (Allocation Failure) 605M->392M(651M) 64.788ms
[414.631s][info][gc,cpu         ] GC(491) User=0.10s Sys=0.02s Real=0.06s
[415.645s][info][gc,start       ] GC(492) Pause Young (Allocation Failure)
[415.685s][info][gc,heap        ] GC(492) PSYoungGen: 265505K(287744K)->13286K(254976K) Eden: 241664K(241664K)->0K(241664K) From: 23841K(46080K)->13286K(13312K)
[415.685s][info][gc,heap        ] GC(492) ParOldGen: 378390K(378880K)->401995K(402432K)
[415.685s][info][gc,metaspace   ] GC(492) Metaspace: 43010K(43392K)->43010K(43392K) NonClass: 40190K(40448K)->40190K(40448K) Class: 2820K(2944K)->2820K(2944K)
[415.685s][info][gc             ] GC(492) Pause Young (Allocation Failure) 628M->405M(642M) 39.379ms
[415.685s][info][gc,cpu         ] GC(492) User=0.06s Sys=0.01s Real=0.04s
[417.086s][info][gc,start       ] GC(493) Pause Young (Allocation Failure)
[417.099s][info][gc,heap        ] GC(493) PSYoungGen: 254950K(254976K)->2092K(285696K) Eden: 241664K(241664K)->0K(242176K) From: 13286K(13312K)->2092K(43520K)
[417.099s][info][gc,heap        ] GC(493) ParOldGen: 401995K(402432K)->410568K(410624K)
[417.099s][info][gc,metaspace   ] GC(493) Metaspace: 43010K(43392K)->43010K(43392K) NonClass: 40190K(40448K)->40190K(40448K) Class: 2820K(2944K)->2820K(2944K)
[417.099s][info][gc             ] GC(493) Pause Young (Allocation Failure) 641M->402M(680M) 13.032ms
[417.099s][info][gc,cpu         ] GC(493) User=0.02s Sys=0.01s Real=0.01s
[418.517s][info][gc,start       ] GC(494) Pause Young (Allocation Failure)
[418.543s][info][gc,heap        ] GC(494) PSYoungGen: 244268K(285696K)->22001K(285184K) Eden: 242176K(242176K)->0K(242176K) From: 2092K(43520K)->22001K(43008K)
[418.543s][info][gc,heap        ] GC(494) ParOldGen: 410568K(410624K)->412531K(412672K)
[418.543s][info][gc,metaspace   ] GC(494) Metaspace: 43010K(43392K)->43010K(43392K) NonClass: 40190K(40448K)->40190K(40448K) Class: 2820K(2944K)->2820K(2944K)
[418.543s][info][gc             ] GC(494) Pause Young (Allocation Failure) 639M->424M(681M) 26.116ms
[418.543s][info][gc,cpu         ] GC(494) User=0.05s Sys=0.00s Real=0.02s
[419.944s][info][gc,start       ] GC(495) Pause Young (Allocation Failure)
[419.993s][info][gc,heap        ] GC(495) PSYoungGen: 264177K(285184K)->21070K(290304K) Eden: 242176K(242176K)->0K(247808K) From: 22001K(43008K)->21070K(42496K)
[419.993s][info][gc,heap        ] GC(495) ParOldGen: 412531K(412672K)->434667K(434688K)
[419.993s][info][gc,metaspace   ] GC(495) Metaspace: 43010K(43392K)->43010K(43392K) NonClass: 40190K(40448K)->40190K(40448K) Class: 2820K(2944K)->2820K(2944K)
[419.993s][info][gc             ] GC(495) Pause Young (Allocation Failure) 660M->445M(708M) 49.496ms
[419.993s][info][gc,cpu         ] GC(495) User=0.08s Sys=0.02s Real=0.05s
[420.732s][info][gc,start       ] GC(496) Pause Young (Allocation Failure)
[420.793s][info][gc,heap        ] GC(496) PSYoungGen: 268878K(290304K)->36222K(284160K) Eden: 247808K(247808K)->0K(247808K) From: 21070K(42496K)->36222K(36352K)
[420.793s][info][gc,heap        ] GC(496) ParOldGen: 434667K(434688K)->455741K(456192K)
[420.793s][info][gc,metaspace   ] GC(496) Metaspace: 43010K(43392K)->43010K(43392K) NonClass: 40190K(40448K)->40190K(40448K) Class: 2820K(2944K)->2820K(2944K)
[420.793s][info][gc             ] GC(496) Pause Young (Allocation Failure) 687M->480M(723M) 60.979ms
[420.793s][info][gc,cpu         ] GC(496) User=0.10s Sys=0.02s Real=0.06s
[421.406s][info][gc,start       ] GC(497) Pause Young (Allocation Failure)
[421.488s][info][gc,heap        ] GC(497) PSYoungGen: 284030K(284160K)->30424K(282624K) Eden: 247808K(247808K)->0K(235520K) From: 36222K(36352K)->30424K(47104K)
[421.488s][info][gc,heap        ] GC(497) ParOldGen: 455741K(456192K)->491265K(491520K)
[421.488s][info][gc,metaspace   ] GC(497) Metaspace: 43010K(43392K)->43010K(43392K) NonClass: 40190K(40448K)->40190K(40448K) Class: 2820K(2944K)->2820K(2944K)
[421.488s][info][gc             ] GC(497) Pause Young (Allocation Failure) 722M->509M(756M) 81.904ms
[421.488s][info][gc,cpu         ] GC(497) User=0.13s Sys=0.03s Real=0.08s
[422.099s][info][gc,start       ] GC(498) Pause Young (Allocation Failure)
[422.172s][info][gc,heap        ] GC(498) PSYoungGen: 265944K(282624K)->29488K(265216K) Eden: 235520K(235520K)->0K(235520K) From: 30424K(47104K)->29488K(29696K)
[422.172s][info][gc,heap        ] GC(498) ParOldGen: 491265K(491520K)->520041K(520192K)
[422.172s][info][gc,metaspace   ] GC(498) Metaspace: 43010K(43392K)->43010K(43392K) NonClass: 40190K(40448K)->40190K(40448K) Class: 2820K(2944K)->2820K(2944K)
[422.172s][info][gc             ] GC(498) Pause Young (Allocation Failure) 739M->536M(767M) 73.127ms
[422.172s][info][gc,cpu         ] GC(498) User=0.12s Sys=0.03s Real=0.07s
[423.815s][info][gc,start       ] GC(499) Pause Young (Allocation Failure)
[423.861s][info][gc,heap        ] GC(499) PSYoungGen: 265008K(265216K)->9302K(285184K) Eden: 235520K(235520K)->0K(235520K) From: 29488K(29696K)->9302K(49664K)
[423.861s][info][gc,heap        ] GC(499) ParOldGen: 520041K(520192K)->549738K(549888K)
[423.861s][info][gc,metaspace   ] GC(499) Metaspace: 43010K(43392K)->43010K(43392K) NonClass: 40190K(40448K)->40190K(40448K) Class: 2820K(2944K)->2820K(2944K)
[423.861s][info][gc             ] GC(499) Pause Young (Allocation Failure) 766M->545M(815M) 46.393ms
[423.861s][info][gc,cpu         ] GC(499) User=0.07s Sys=0.02s Real=0.04s
[425.002s][info][gc,start       ] GC(500) Pause Young (Allocation Failure)
[425.017s][info][gc,heap        ] GC(500) PSYoungGen: 244822K(285184K)->5550K(241152K) Eden: 235520K(235520K)->0K(235520K) From: 9302K(49664K)->5550K(5632K)
[425.017s][info][gc,heap        ] GC(500) ParOldGen: 549738K(549888K)->556942K(557056K)
[425.017s][info][gc,metaspace   ] GC(500) Metaspace: 43010K(43392K)->43010K(43392K) NonClass: 40190K(40448K)->40190K(40448K) Class: 2820K(2944K)->2820K(2944K)
[425.017s][info][gc             ] GC(500) Pause Young (Allocation Failure) 775M->549M(779M) 15.151ms
[425.017s][info][gc,cpu         ] GC(500) User=0.03s Sys=0.01s Real=0.02s
[426.329s][info][gc,start       ] GC(501) Pause Young (Allocation Failure)
[426.361s][info][gc,heap        ] GC(501) PSYoungGen: 241070K(241152K)->26022K(283648K) Eden: 235520K(235520K)->0K(235520K) From: 5550K(5632K)->26022K(48128K)
[426.361s][info][gc,heap        ] GC(501) ParOldGen: 556942K(557056K)->562497K(562688K)
[426.361s][info][gc,metaspace   ] GC(501) Metaspace: 43010K(43392K)->43010K(43392K) NonClass: 40190K(40448K)->40190K(40448K) Class: 2820K(2944K)->2820K(2944K)
[426.361s][info][gc             ] GC(501) Pause Young (Allocation Failure) 779M->574M(826M) 32.532ms
[426.361s][info][gc,cpu         ] GC(501) User=0.06s Sys=0.00s Real=0.03s
[427.764s][info][gc,start       ] GC(502) Pause Young (Allocation Failure)
[427.820s][info][gc,heap        ] GC(502) PSYoungGen: 261542K(283648K)->22122K(283648K) Eden: 235520K(235520K)->0K(235520K) From: 26022K(48128K)->22122K(48128K)
[427.820s][info][gc,heap        ] GC(502) ParOldGen: 562497K(562688K)->588333K(588800K)
[427.820s][info][gc,metaspace   ] GC(502) Metaspace: 43010K(43392K)->43010K(43392K) NonClass: 40190K(40448K)->40190K(40448K) Class: 2820K(2944K)->2820K(2944K)
[427.820s][info][gc             ] GC(502) Pause Young (Allocation Failure) 804M->596M(852M) 56.777ms
[427.820s][info][gc,cpu         ] GC(502) User=0.09s Sys=0.02s Real=0.06s
[429.003s][info][gc,start       ] GC(503) Pause Young (Allocation Failure)
[429.056s][info][gc,heap        ] GC(503) PSYoungGen: 257642K(283648K)->29105K(283136K) Eden: 235520K(235520K)->0K(236544K) From: 22122K(48128K)->29105K(46592K)
[429.056s][info][gc,heap        ] GC(503) ParOldGen: 588333K(588800K)->610452K(610816K)
[429.056s][info][gc,metaspace   ] GC(503) Metaspace: 43010K(43392K)->43010K(43392K) NonClass: 40190K(40448K)->40190K(40448K) Class: 2820K(2944K)->2820K(2944K)
[429.056s][info][gc             ] GC(503) Pause Young (Allocation Failure) 826M->624M(873M) 52.921ms
[429.056s][info][gc,cpu         ] GC(503) User=0.09s Sys=0.01s Real=0.06s
[429.988s][info][gc,start       ] GC(504) Pause Young (Allocation Failure)
[430.027s][info][gc,heap        ] GC(504) PSYoungGen: 265475K(283136K)->14558K(284160K) Eden: 236370K(236544K)->0K(236544K) From: 29105K(46592K)->14558K(47616K)
[430.027s][info][gc,heap        ] GC(504) ParOldGen: 610452K(610816K)->631459K(631808K)
[430.027s][info][gc,metaspace   ] GC(504) Metaspace: 43012K(43392K)->43012K(43392K) NonClass: 40192K(40448K)->40192K(40448K) Class: 2820K(2944K)->2820K(2944K)
[430.027s][info][gc             ] GC(504) Pause Young (Allocation Failure) 855M->630M(894M) 38.996ms
[430.027s][info][gc,cpu         ] GC(504) User=0.06s Sys=0.01s Real=0.04s
[430.957s][info][gc,start       ] GC(505) Pause Full (Allocation Failure)
[430.957s][info][gc,phases,start] GC(505) Marking Phase
[431.008s][info][gc,phases      ] GC(505) Marking Phase 51.035ms
[431.008s][info][gc,phases,start] GC(505) Summary Phase
[431.008s][info][gc,phases      ] GC(505) Summary Phase 0.032ms
[431.008s][info][gc,phases,start] GC(505) Forward
[431.016s][info][gc,phases      ] GC(505) Forward 7.438ms
[431.016s][info][gc,phases,start] GC(505) Adjust Pointers
[431.046s][info][gc,phases      ] GC(505) Adjust Pointers 29.906ms
[431.046s][info][gc,phases,start] GC(505) Compaction Phase
[431.057s][info][gc,phases      ] GC(505) Compaction Phase 10.920ms
[431.057s][info][gc,phases,start] GC(505) Post Compact
[431.059s][info][gc,phases      ] GC(505) Post Compact 2.575ms
[431.095s][info][gc,heap        ] GC(505) PSYoungGen: 251102K(284160K)->0K(285184K) Eden: 236544K(236544K)->0K(239616K) From: 14558K(47616K)->0K(45568K)
[431.095s][info][gc,heap        ] GC(505) ParOldGen: 631459K(631808K)->69304K(211456K)
[431.095s][info][gc,metaspace   ] GC(505) Metaspace: 43012K(43392K)->43012K(43392K) NonClass: 40192K(40448K)->40192K(40448K) Class: 2820K(2944K)->2820K(2944K)
[431.095s][info][gc             ] GC(505) Pause Full (Allocation Failure) 861M->67M(485M) 137.912ms
[431.095s][info][gc,cpu         ] GC(505) User=0.16s Sys=0.04s Real=0.14s
[432.047s][info][gc,start       ] GC(506) Pause Young (Allocation Failure)
[432.090s][info][gc,heap        ] GC(506) PSYoungGen: 239616K(285184K)->43546K(283648K) Eden: 239616K(239616K)->0K(239616K) From: 0K(45568K)->43546K(44032K)
[432.090s][info][gc,heap        ] GC(506) ParOldGen: 69304K(211456K)->69304K(211456K)
[432.090s][info][gc,metaspace   ] GC(506) Metaspace: 43012K(43392K)->43012K(43392K) NonClass: 40192K(40448K)->40192K(40448K) Class: 2820K(2944K)->2820K(2944K)
[432.090s][info][gc             ] GC(506) Pause Young (Allocation Failure) 301M->110M(483M) 43.430ms
[432.090s][info][gc,cpu         ] GC(506) User=0.08s Sys=0.00s Real=0.04s
[432.864s][info][gc,start       ] GC(507) Pause Young (Allocation Failure)
[432.909s][info][gc,heap        ] GC(507) PSYoungGen: 283162K(283648K)->9615K(281600K) Eden: 239616K(239616K)->0K(231424K) From: 43546K(44032K)->9615K(50176K)
[432.910s][info][gc,heap        ] GC(507) ParOldGen: 69304K(211456K)->110456K(211456K)
[432.910s][info][gc,metaspace   ] GC(507) Metaspace: 43012K(43392K)->43012K(43392K) NonClass: 40192K(40448K)->40192K(40448K) Class: 2820K(2944K)->2820K(2944K)
[432.910s][info][gc             ] GC(507) Pause Young (Allocation Failure) 344M->117M(481M) 45.801ms
[432.910s][info][gc,cpu         ] GC(507) User=0.09s Sys=0.00s Real=0.05s
[433.791s][info][gc,start       ] GC(508) Pause Young (Allocation Failure)
[433.802s][info][gc,heap        ] GC(508) PSYoungGen: 241039K(281600K)->14458K(246272K) Eden: 231424K(231424K)->0K(231424K) From: 9615K(50176K)->14458K(14848K)
[433.802s][info][gc,heap        ] GC(508) ParOldGen: 110456K(211456K)->111472K(211456K)
[433.802s][info][gc,metaspace   ] GC(508) Metaspace: 43013K(43392K)->43013K(43392K) NonClass: 40193K(40448K)->40193K(40448K) Class: 2820K(2944K)->2820K(2944K)
[433.802s][info][gc             ] GC(508) Pause Young (Allocation Failure) 343M->122M(447M) 11.067ms
[433.802s][info][gc,cpu         ] GC(508) User=0.02s Sys=0.00s Real=0.01s
[434.807s][info][gc,start       ] GC(509) Pause Young (Allocation Failure)
[434.830s][info][gc,heap        ] GC(509) PSYoungGen: 245882K(246272K)->18050K(284160K) Eden: 231424K(231424K)->0K(235008K) From: 14458K(14848K)->18050K(49152K)
[434.830s][info][gc,heap        ] GC(509) ParOldGen: 111472K(211456K)->117263K(211456K)
[434.830s][info][gc,metaspace   ] GC(509) Metaspace: 43013K(43392K)->43013K(43392K) NonClass: 40193K(40448K)->40193K(40448K) Class: 2820K(2944K)->2820K(2944K)
[434.830s][info][gc             ] GC(509) Pause Young (Allocation Failure) 348M->132M(484M) 22.950ms
[434.830s][info][gc,cpu         ] GC(509) User=0.04s Sys=0.00s Real=0.02s
[435.720s][info][gc,start       ] GC(510) Pause Young (Allocation Failure)
[435.741s][info][gc,heap        ] GC(510) PSYoungGen: 253058K(284160K)->9904K(281600K) Eden: 235008K(235008K)->0K(235008K) From: 18050K(49152K)->9904K(46592K)
[435.741s][info][gc,heap        ] GC(510) ParOldGen: 117263K(211456K)->131400K(211456K)
[435.741s][info][gc,metaspace   ] GC(510) Metaspace: 43013K(43392K)->43013K(43392K) NonClass: 40193K(40448K)->40193K(40448K) Class: 2820K(2944K)->2820K(2944K)
[435.741s][info][gc             ] GC(510) Pause Young (Allocation Failure) 361M->137M(481M) 21.136ms
[435.741s][info][gc,cpu         ] GC(510) User=0.04s Sys=0.00s Real=0.02s
[436.526s][info][gc,start       ] GC(511) Pause Young (Allocation Failure)
[436.558s][info][gc,heap        ] GC(511) PSYoungGen: 244912K(281600K)->15072K(285184K) Eden: 235008K(235008K)->0K(240128K) From: 9904K(46592K)->15072K(45056K)
[436.558s][info][gc,heap        ] GC(511) ParOldGen: 131400K(211456K)->136591K(211456K)
[436.558s][info][gc,metaspace   ] GC(511) Metaspace: 43015K(43392K)->43015K(43392K) NonClass: 40195K(40448K)->40195K(40448K) Class: 2820K(2944K)->2820K(2944K)
[436.558s][info][gc             ] GC(511) Pause Young (Allocation Failure) 367M->148M(485M) 32.499ms
[436.558s][info][gc,cpu         ] GC(511) User=0.04s Sys=0.00s Real=0.03s
[437.476s][info][gc,start       ] GC(512) Pause Young (Allocation Failure)
[437.486s][info][gc,heap        ] GC(512) PSYoungGen: 255200K(285184K)->9252K(283648K) Eden: 240128K(240128K)->0K(240128K) From: 15072K(45056K)->9252K(43520K)
[437.486s][info][gc,heap        ] GC(512) ParOldGen: 136591K(211456K)->137391K(211456K)
[437.486s][info][gc,metaspace   ] GC(512) Metaspace: 43016K(43392K)->43016K(43392K) NonClass: 40196K(40448K)->40196K(40448K) Class: 2820K(2944K)->2820K(2944K)
[437.486s][info][gc             ] GC(512) Pause Young (Allocation Failure) 382M->143M(483M) 9.649ms
[437.486s][info][gc,cpu         ] GC(512) User=0.02s Sys=0.00s Real=0.01s
[438.403s][info][gc,start       ] GC(513) Pause Young (Allocation Failure)
[438.406s][info][gc,heap        ] GC(513) PSYoungGen: 249380K(283648K)->1328K(287232K) Eden: 240128K(240128K)->0K(244736K) From: 9252K(43520K)->1328K(42496K)
[438.406s][info][gc,heap        ] GC(513) ParOldGen: 137391K(211456K)->138475K(211456K)
[438.406s][info][gc,metaspace   ] GC(513) Metaspace: 43016K(43392K)->43016K(43392K) NonClass: 40196K(40448K)->40196K(40448K) Class: 2820K(2944K)->2820K(2944K)
[438.406s][info][gc             ] GC(513) Pause Young (Allocation Failure) 377M->136M(487M) 3.333ms
[438.406s][info][gc,cpu         ] GC(513) User=0.01s Sys=0.00s Real=0.01s
[439.155s][info][gc,start       ] GC(514) Pause Young (Allocation Failure)
[439.192s][info][gc,heap        ] GC(514) PSYoungGen: 246064K(287232K)->41684K(286720K) Eden: 244736K(244736K)->0K(244736K) From: 1328K(42496K)->41684K(41984K)
[439.192s][info][gc,heap        ] GC(514) ParOldGen: 138475K(211456K)->139619K(211456K)
[439.192s][info][gc,metaspace   ] GC(514) Metaspace: 43016K(43392K)->43016K(43392K) NonClass: 40196K(40448K)->40196K(40448K) Class: 2820K(2944K)->2820K(2944K)
[439.192s][info][gc             ] GC(514) Pause Young (Allocation Failure) 375M->177M(486M) 37.830ms
[439.192s][info][gc,cpu         ] GC(514) User=0.07s Sys=0.00s Real=0.03s
[440.358s][info][gc,start       ] GC(515) Pause Young (Allocation Failure)
[440.407s][info][gc,heap        ] GC(515) PSYoungGen: 286420K(286720K)->21271K(285696K) Eden: 244736K(244736K)->0K(238592K) From: 41684K(41984K)->21271K(47104K)
[440.407s][info][gc,heap        ] GC(515) ParOldGen: 139619K(211456K)->164268K(211456K)
[440.407s][info][gc,metaspace   ] GC(515) Metaspace: 43016K(43392K)->43016K(43392K) NonClass: 40196K(40448K)->40196K(40448K) Class: 2820K(2944K)->2820K(2944K)
[440.407s][info][gc             ] GC(515) Pause Young (Allocation Failure) 416M->181M(485M) 49.065ms
[440.407s][info][gc,cpu         ] GC(515) User=0.09s Sys=0.00s Real=0.05s
[441.390s][info][gc,start       ] GC(516) Pause Young (Allocation Failure)
[441.437s][info][gc,heap        ] GC(516) PSYoungGen: 259863K(285696K)->26929K(265728K) Eden: 238592K(238592K)->0K(238592K) From: 21271K(47104K)->26929K(27136K)
[441.437s][info][gc,heap        ] GC(516) ParOldGen: 164268K(211456K)->185213K(211456K)
[441.437s][info][gc,metaspace   ] GC(516) Metaspace: 43016K(43392K)->43016K(43392K) NonClass: 40196K(40448K)->40196K(40448K) Class: 2820K(2944K)->2820K(2944K)
[441.437s][info][gc             ] GC(516) Pause Young (Allocation Failure) 414M->207M(466M) 46.584ms
[441.437s][info][gc,cpu         ] GC(516) User=0.09s Sys=0.00s Real=0.05s
[442.130s][info][gc,start       ] GC(517) Pause Young (Allocation Failure)
[442.169s][info][gc,heap        ] GC(517) PSYoungGen: 265521K(265728K)->24111K(287232K) Eden: 238592K(238592K)->0K(239104K) From: 26929K(27136K)->24111K(48128K)
[442.170s][info][gc,heap        ] GC(517) ParOldGen: 185213K(211456K)->206312K(211456K)
[442.170s][info][gc,metaspace   ] GC(517) Metaspace: 43016K(43392K)->43016K(43392K) NonClass: 40196K(40448K)->40196K(40448K) Class: 2820K(2944K)->2820K(2944K)
[442.170s][info][gc             ] GC(517) Pause Young (Allocation Failure) 440M->225M(487M) 39.424ms
[442.170s][info][gc,cpu         ] GC(517) User=0.08s Sys=0.00s Real=0.04s
[442.929s][info][gc,start       ] GC(518) Pause Young (Allocation Failure)
[442.942s][info][gc,heap        ] GC(518) PSYoungGen: 263215K(287232K)->4275K(285696K) Eden: 239104K(239104K)->0K(239104K) From: 24111K(48128K)->4275K(46592K)
[442.942s][info][gc,heap        ] GC(518) ParOldGen: 206312K(211456K)->216811K(217088K)
[442.942s][info][gc,metaspace   ] GC(518) Metaspace: 43016K(43392K)->43016K(43392K) NonClass: 40196K(40448K)->40196K(40448K) Class: 2820K(2944K)->2820K(2944K)
[442.942s][info][gc             ] GC(518) Pause Young (Allocation Failure) 458M->215M(491M) 13.162ms
[442.942s][info][gc,cpu         ] GC(518) User=0.03s Sys=0.00s Real=0.01s
[443.714s][info][gc,start       ] GC(519) Pause Young (Allocation Failure)
[443.720s][info][gc,heap        ] GC(519) PSYoungGen: 243379K(285696K)->6736K(286208K) Eden: 239104K(239104K)->0K(239616K) From: 4275K(46592K)->6736K(46592K)
[443.720s][info][gc,heap        ] GC(519) ParOldGen: 216811K(217088K)->217199K(217600K)
[443.720s][info][gc,metaspace   ] GC(519) Metaspace: 43017K(43392K)->43017K(43392K) NonClass: 40197K(40448K)->40197K(40448K) Class: 2820K(2944K)->2820K(2944K)
[443.720s][info][gc             ] GC(519) Pause Young (Allocation Failure) 449M->218M(492M) 6.697ms
[443.720s][info][gc,cpu         ] GC(519) User=0.01s Sys=0.00s Real=0.01s
[444.563s][info][gc,start       ] GC(520) Pause Young (Allocation Failure)
[444.580s][info][gc,heap        ] GC(520) PSYoungGen: 246352K(286208K)->22873K(285696K) Eden: 239616K(239616K)->0K(239616K) From: 6736K(46592K)->22873K(46080K)
[444.580s][info][gc,heap        ] GC(520) ParOldGen: 217199K(217600K)->218014K(218112K)
[444.580s][info][gc,metaspace   ] GC(520) Metaspace: 43017K(43392K)->43017K(43392K) NonClass: 40197K(40448K)->40197K(40448K) Class: 2820K(2944K)->2820K(2944K)
[444.580s][info][gc             ] GC(520) Pause Young (Allocation Failure) 452M->235M(492M) 17.296ms
[444.580s][info][gc,cpu         ] GC(520) User=0.03s Sys=0.00s Real=0.02s
[445.375s][info][gc,start       ] GC(521) Pause Young (Allocation Failure)
[445.433s][info][gc,heap        ] GC(521) PSYoungGen: 262489K(285696K)->45042K(256000K) Eden: 239616K(239616K)->0K(210944K) From: 22873K(46080K)->45042K(45056K)
[445.434s][info][gc,heap        ] GC(521) ParOldGen: 218014K(218112K)->241654K(241664K)
[445.434s][info][gc,metaspace   ] GC(521) Metaspace: 43017K(43392K)->43017K(43392K) NonClass: 40197K(40448K)->40197K(40448K) Class: 2820K(2944K)->2820K(2944K)
[445.434s][info][gc             ] GC(521) Pause Young (Allocation Failure) 469M->279M(486M) 58.270ms
[445.434s][info][gc,cpu         ] GC(521) User=0.10s Sys=0.02s Real=0.05s
[446.246s][info][gc,start       ] GC(522) Pause Young (Allocation Failure)
[446.384s][info][gc,heap        ] GC(522) PSYoungGen: 255986K(256000K)->61419K(272384K) Eden: 210944K(210944K)->0K(210944K) From: 45042K(45056K)->61419K(61440K)
[446.384s][info][gc,heap        ] GC(522) ParOldGen: 241654K(241664K)->338052K(338432K)
[446.384s][info][gc,metaspace   ] GC(522) Metaspace: 43017K(43392K)->43017K(43392K) NonClass: 40197K(40448K)->40197K(40448K) Class: 2820K(2944K)->2820K(2944K)
[446.385s][info][gc             ] GC(522) Pause Young (Allocation Failure) 485M->390M(596M) 138.877ms
[446.385s][info][gc,cpu         ] GC(522) User=0.20s Sys=0.08s Real=0.14s
[447.120s][info][gc,start       ] GC(523) Pause Young (Allocation Failure)
[447.233s][info][gc,heap        ] GC(523) PSYoungGen: 272363K(272384K)->61424K(173056K) Eden: 210944K(210944K)->0K(111616K) From: 61419K(61440K)->61424K(61440K)
[447.233s][info][gc,heap        ] GC(523) ParOldGen: 338052K(338432K)->398404K(398848K)
[447.233s][info][gc,metaspace   ] GC(523) Metaspace: 43017K(43392K)->43017K(43392K) NonClass: 40197K(40448K)->40197K(40448K) Class: 2820K(2944K)->2820K(2944K)
[447.233s][info][gc             ] GC(523) Pause Young (Allocation Failure) 596M->449M(558M) 112.778ms
[447.233s][info][gc,cpu         ] GC(523) User=0.18s Sys=0.04s Real=0.11s
[447.595s][info][gc,start       ] GC(524) Pause Young (Allocation Failure)
[447.661s][info][gc,heap        ] GC(524) PSYoungGen: 172787K(173056K)->4198K(222720K) Eden: 111363K(111616K)->0K(111616K) From: 61424K(61440K)->4198K(111104K)
[447.661s][info][gc,heap        ] GC(524) ParOldGen: 398404K(398848K)->456538K(456704K)
[447.661s][info][gc,metaspace   ] GC(524) Metaspace: 43017K(43392K)->43017K(43392K) NonClass: 40197K(40448K)->40197K(40448K) Class: 2820K(2944K)->2820K(2944K)
[447.661s][info][gc             ] GC(524) Pause Young (Allocation Failure) 557M->449M(663M) 66.222ms
[447.661s][info][gc,cpu         ] GC(524) User=0.09s Sys=0.04s Real=0.06s
[448.033s][info][gc,start       ] GC(525) Pause Young (Allocation Failure)
[448.054s][info][gc,heap        ] GC(525) PSYoungGen: 115814K(222720K)->27576K(222720K) Eden: 111616K(111616K)->0K(111616K) From: 4198K(111104K)->27576K(111104K)
[448.054s][info][gc,heap        ] GC(525) ParOldGen: 456538K(456704K)->457722K(457728K)
[448.054s][info][gc,metaspace   ] GC(525) Metaspace: 43017K(43392K)->43017K(43392K) NonClass: 40197K(40448K)->40197K(40448K) Class: 2820K(2944K)->2820K(2944K)
[448.054s][info][gc             ] GC(525) Pause Young (Allocation Failure) 558M->473M(664M) 20.819ms
[448.054s][info][gc,cpu         ] GC(525) User=0.04s Sys=0.00s Real=0.02s
[448.438s][info][gc,start       ] GC(526) Pause Young (Allocation Failure)
[448.446s][info][gc,heap        ] GC(526) PSYoungGen: 139192K(222720K)->7959K(222720K) Eden: 111616K(111616K)->0K(111616K) From: 27576K(111104K)->7959K(111104K)
[448.446s][info][gc,heap        ] GC(526) ParOldGen: 457722K(457728K)->458259K(458752K)
[448.446s][info][gc,metaspace   ] GC(526) Metaspace: 43017K(43392K)->43017K(43392K) NonClass: 40197K(40448K)->40197K(40448K) Class: 2820K(2944K)->2820K(2944K)
[448.446s][info][gc             ] GC(526) Pause Young (Allocation Failure) 582M->455M(665M) 7.585ms
[448.446s][info][gc,cpu         ] GC(526) User=0.01s Sys=0.00s Real=0.01s
[448.836s][info][gc,start       ] GC(527) Pause Young (Allocation Failure)
[448.849s][info][gc,heap        ] GC(527) PSYoungGen: 119575K(222720K)->21240K(222720K) Eden: 111616K(111616K)->0K(111616K) From: 7959K(111104K)->21240K(111104K)
[448.849s][info][gc,heap        ] GC(527) ParOldGen: 458259K(458752K)->458860K(459264K)
[448.849s][info][gc,metaspace   ] GC(527) Metaspace: 43017K(43392K)->43017K(43392K) NonClass: 40197K(40448K)->40197K(40448K) Class: 2820K(2944K)->2820K(2944K)
[448.849s][info][gc             ] GC(527) Pause Young (Allocation Failure) 564M->468M(666M) 13.947ms
[448.849s][info][gc,cpu         ] GC(527) User=0.03s Sys=0.01s Real=0.01s
[449.186s][info][gc,start       ] GC(528) Pause Young (Allocation Failure)
[449.198s][info][gc,heap        ] GC(528) PSYoungGen: 132856K(222720K)->18151K(130048K) Eden: 111616K(111616K)->0K(111616K) From: 21240K(111104K)->18151K(18432K)
[449.198s][info][gc,heap        ] GC(528) ParOldGen: 458860K(459264K)->459062K(459264K)
[449.198s][info][gc,metaspace   ] GC(528) Metaspace: 43017K(43392K)->43017K(43392K) NonClass: 40197K(40448K)->40197K(40448K) Class: 2820K(2944K)->2820K(2944K)
[449.198s][info][gc             ] GC(528) Pause Young (Allocation Failure) 577M->466M(575M) 11.812ms
[449.198s][info][gc,cpu         ] GC(528) User=0.02s Sys=0.00s Real=0.01s
[449.554s][info][gc,start       ] GC(529) Pause Young (Allocation Failure)
[449.580s][info][gc,heap        ] GC(529) PSYoungGen: 129767K(130048K)->38049K(226816K) Eden: 111616K(111616K)->0K(117248K) From: 18151K(18432K)->38049K(109568K)
[449.580s][info][gc,heap        ] GC(529) ParOldGen: 459062K(459264K)->459724K(459776K)
[449.580s][info][gc,metaspace   ] GC(529) Metaspace: 43017K(43392K)->43017K(43392K) NonClass: 40197K(40448K)->40197K(40448K) Class: 2820K(2944K)->2820K(2944K)
[449.580s][info][gc             ] GC(529) Pause Young (Allocation Failure) 575M->486M(670M) 25.678ms
[449.580s][info][gc,cpu         ] GC(529) User=0.05s Sys=0.00s Real=0.03s
[449.961s][info][gc,start       ] GC(530) Pause Young (Allocation Failure)
[449.975s][info][gc,heap        ] GC(530) PSYoungGen: 155297K(226816K)->21055K(138752K) Eden: 117248K(117248K)->0K(117248K) From: 38049K(109568K)->21055K(21504K)
[449.975s][info][gc,heap        ] GC(530) ParOldGen: 459724K(459776K)->460082K(460288K)
[449.976s][info][gc,metaspace   ] GC(530) Metaspace: 43017K(43392K)->43017K(43392K) NonClass: 40197K(40448K)->40197K(40448K) Class: 2820K(2944K)->2820K(2944K)
[449.976s][info][gc             ] GC(530) Pause Young (Allocation Failure) 600M->469M(585M) 14.521ms
[449.976s][info][gc,cpu         ] GC(530) User=0.02s Sys=0.00s Real=0.02s
[450.355s][info][gc,start       ] GC(531) Pause Young (Allocation Failure)
[450.359s][info][gc,heap        ] GC(531) PSYoungGen: 138303K(138752K)->2184K(220672K) Eden: 117248K(117248K)->0K(121856K) From: 21055K(21504K)->2184K(98816K)
[450.359s][info][gc,heap        ] GC(531) ParOldGen: 460082K(460288K)->460289K(460800K)
[450.359s][info][gc,metaspace   ] GC(531) Metaspace: 43017K(43392K)->43017K(43392K) NonClass: 40197K(40448K)->40197K(40448K) Class: 2820K(2944K)->2820K(2944K)
[450.359s][info][gc             ] GC(531) Pause Young (Allocation Failure) 584M->451M(665M) 4.008ms
[450.359s][info][gc,cpu         ] GC(531) User=0.01s Sys=0.00s Real=0.00s
[450.744s][info][gc,start       ] GC(532) Pause Young (Allocation Failure)
[450.749s][info][gc,heap        ] GC(532) PSYoungGen: 124040K(220672K)->3533K(219136K) Eden: 121856K(121856K)->0K(121856K) From: 2184K(98816K)->3533K(97280K)
[450.749s][info][gc,heap        ] GC(532) ParOldGen: 460289K(460800K)->460539K(460800K)
[450.749s][info][gc,metaspace   ] GC(532) Metaspace: 43017K(43392K)->43017K(43392K) NonClass: 40197K(40448K)->40197K(40448K) Class: 2820K(2944K)->2820K(2944K)
[450.749s][info][gc             ] GC(532) Pause Young (Allocation Failure) 570M->453M(664M) 4.645ms
[450.749s][info][gc,cpu         ] GC(532) User=0.00s Sys=0.00s Real=0.01s
[451.084s][info][gc,start       ] GC(533) Pause Young (Allocation Failure)
[451.099s][info][gc,heap        ] GC(533) PSYoungGen: 125389K(219136K)->21630K(227840K) Eden: 121856K(121856K)->0K(141312K) From: 3533K(97280K)->21630K(86528K)
[451.099s][info][gc,heap        ] GC(533) ParOldGen: 460539K(460800K)->461141K(461312K)
[451.099s][info][gc,metaspace   ] GC(533) Metaspace: 43017K(43392K)->43017K(43392K) NonClass: 40197K(40448K)->40197K(40448K) Class: 2820K(2944K)->2820K(2944K)
[451.099s][info][gc             ] GC(533) Pause Young (Allocation Failure) 572M->471M(673M) 14.687ms
[451.099s][info][gc,cpu         ] GC(533) User=0.03s Sys=0.00s Real=0.02s
[451.504s][info][gc,start       ] GC(534) Pause Young (Allocation Failure)
[451.526s][info][gc,heap        ] GC(534) PSYoungGen: 162942K(227840K)->1392K(230400K) Eden: 141312K(141312K)->0K(141312K) From: 21630K(86528K)->1392K(89088K)
[451.526s][info][gc,heap        ] GC(534) ParOldGen: 461141K(461312K)->482367K(482816K)
[451.526s][info][gc,metaspace   ] GC(534) Metaspace: 43017K(43392K)->43017K(43392K) NonClass: 40197K(40448K)->40197K(40448K) Class: 2820K(2944K)->2820K(2944K)
[451.526s][info][gc             ] GC(534) Pause Young (Allocation Failure) 609M->472M(696M) 22.332ms
[451.527s][info][gc,cpu         ] GC(534) User=0.03s Sys=0.02s Real=0.03s
[451.946s][info][gc,start       ] GC(535) Pause Young (Allocation Failure)
[451.949s][info][gc,heap        ] GC(535) PSYoungGen: 142704K(230400K)->1154K(239104K) Eden: 141312K(141312K)->0K(157696K) From: 1392K(89088K)->1154K(81408K)
[451.949s][info][gc,heap        ] GC(535) ParOldGen: 482367K(482816K)->482487K(482816K)
[451.949s][info][gc,metaspace   ] GC(535) Metaspace: 43017K(43392K)->43017K(43392K) NonClass: 40197K(40448K)->40197K(40448K) Class: 2820K(2944K)->2820K(2944K)
[451.949s][info][gc             ] GC(535) Pause Young (Allocation Failure) 610M->472M(705M) 3.251ms
[451.949s][info][gc,cpu         ] GC(535) User=0.01s Sys=0.00s Real=0.00s
[452.400s][info][gc,start       ] GC(536) Pause Young (Allocation Failure)
[452.407s][info][gc,heap        ] GC(536) PSYoungGen: 158850K(239104K)->5511K(242176K) Eden: 157696K(157696K)->0K(157696K) From: 1154K(81408K)->5511K(84480K)
[452.407s][info][gc,heap        ] GC(536) ParOldGen: 482487K(482816K)->482871K(483328K)
[452.407s][info][gc,metaspace   ] GC(536) Metaspace: 43017K(43392K)->43017K(43392K) NonClass: 40197K(40448K)->40197K(40448K) Class: 2820K(2944K)->2820K(2944K)
[452.407s][info][gc             ] GC(536) Pause Young (Allocation Failure) 626M->476M(708M) 6.850ms
[452.407s][info][gc,cpu         ] GC(536) User=0.01s Sys=0.00s Real=0.01s
[452.666s][info][gc,start       ] GC(537) Pause Young (Allocation Failure)
[452.672s][info][gc,heap        ] GC(537) PSYoungGen: 163207K(242176K)->3630K(243712K) Eden: 157696K(157696K)->0K(168448K) From: 5511K(84480K)->3630K(75264K)
[452.672s][info][gc,heap        ] GC(537) ParOldGen: 482871K(483328K)->484838K(484864K)
[452.673s][info][gc,metaspace   ] GC(537) Metaspace: 43017K(43392K)->43017K(43392K) NonClass: 40197K(40448K)->40197K(40448K) Class: 2820K(2944K)->2820K(2944K)
[452.673s][info][gc             ] GC(537) Pause Young (Allocation Failure) 630M->477M(711M) 6.668ms
[452.673s][info][gc,cpu         ] GC(537) User=0.01s Sys=0.01s Real=0.00s
[452.934s][info][gc,start       ] GC(538) Pause Young (Allocation Failure)
[452.938s][info][gc,heap        ] GC(538) PSYoungGen: 172078K(243712K)->2414K(246272K) Eden: 168448K(168448K)->0K(168448K) From: 3630K(75264K)->2414K(77824K)
[452.938s][info][gc,heap        ] GC(538) ParOldGen: 484838K(484864K)->484950K(485376K)
[452.938s][info][gc,metaspace   ] GC(538) Metaspace: 43017K(43392K)->43017K(43392K) NonClass: 40197K(40448K)->40197K(40448K) Class: 2820K(2944K)->2820K(2944K)
[452.938s][info][gc             ] GC(538) Pause Young (Allocation Failure) 641M->475M(714M) 4.031ms
[452.938s][info][gc,cpu         ] GC(538) User=0.00s Sys=0.00s Real=0.01s
[453.275s][info][gc,start       ] GC(539) Pause Young (Allocation Failure)
[453.284s][info][gc,heap        ] GC(539) PSYoungGen: 169483K(246272K)->10471K(246272K) Eden: 167068K(168448K)->0K(181248K) From: 2414K(77824K)->10471K(65024K)
[453.284s][info][gc,heap        ] GC(539) ParOldGen: 484950K(485376K)->485202K(485376K)
[453.284s][info][gc,metaspace   ] GC(539) Metaspace: 43017K(43392K)->43017K(43392K) NonClass: 40197K(40448K)->40197K(40448K) Class: 2820K(2944K)->2820K(2944K)
[453.284s][info][gc             ] GC(539) Pause Young (Allocation Failure) 639M->484M(714M) 9.117ms
[453.284s][info][gc,cpu         ] GC(539) User=0.02s Sys=0.00s Real=0.00s
[453.508s][info][gc,start       ] GC(540) Pause Young (Allocation Failure)
[453.519s][info][gc,heap        ] GC(540) PSYoungGen: 191455K(246272K)->224K(250880K) Eden: 180984K(181248K)->0K(181248K) From: 10471K(65024K)->224K(69632K)
[453.519s][info][gc,heap        ] GC(540) ParOldGen: 485202K(485376K)->495490K(495616K)
[453.519s][info][gc,metaspace   ] GC(540) Metaspace: 43017K(43392K)->43017K(43392K) NonClass: 40197K(40448K)->40197K(40448K) Class: 2820K(2944K)->2820K(2944K)
[453.519s][info][gc             ] GC(540) Pause Young (Allocation Failure) 660M->484M(729M) 11.540ms
[453.519s][info][gc,cpu         ] GC(540) User=0.01s Sys=0.01s Real=0.01s
[453.750s][info][gc,start       ] GC(541) Pause Young (Allocation Failure)
[453.754s][info][gc,heap        ] GC(541) PSYoungGen: 180511K(250880K)->2040K(256000K) Eden: 180287K(181248K)->0K(197120K) From: 224K(69632K)->2040K(58880K)
[453.754s][info][gc,heap        ] GC(541) ParOldGen: 495490K(495616K)->495685K(496128K)
[453.754s][info][gc,metaspace   ] GC(541) Metaspace: 43020K(43392K)->43020K(43392K) NonClass: 40200K(40448K)->40200K(40448K) Class: 2820K(2944K)->2820K(2944K)
[453.754s][info][gc             ] GC(541) Pause Young (Allocation Failure) 660M->486M(734M) 4.224ms
[453.754s][info][gc,cpu         ] GC(541) User=0.01s Sys=0.00s Real=0.00s
[454.008s][info][gc,start       ] GC(542) Pause Young (Allocation Failure)
[454.014s][info][gc,heap        ] GC(542) PSYoungGen: 199160K(256000K)->2016K(261120K) Eden: 197120K(197120K)->0K(197120K) From: 2040K(58880K)->2016K(64000K)
[454.014s][info][gc,heap        ] GC(542) ParOldGen: 495685K(496128K)->497676K(498176K)
[454.014s][info][gc,metaspace   ] GC(542) Metaspace: 43020K(43392K)->43020K(43392K) NonClass: 40200K(40448K)->40200K(40448K) Class: 2820K(2944K)->2820K(2944K)
[454.015s][info][gc             ] GC(542) Pause Young (Allocation Failure) 678M->487M(741M) 6.635ms
[454.015s][info][gc,cpu         ] GC(542) User=0.01s Sys=0.00s Real=0.01s
[454.270s][info][gc,start       ] GC(543) Pause Young (Allocation Failure)
[454.277s][info][gc,heap        ] GC(543) PSYoungGen: 198878K(261120K)->1987K(261632K) Eden: 196861K(197120K)->0K(208896K) From: 2016K(64000K)->1987K(52736K)
[454.277s][info][gc,heap        ] GC(543) ParOldGen: 497676K(498176K)->499668K(499712K)
[454.277s][info][gc,metaspace   ] GC(543) Metaspace: 43020K(43392K)->43020K(43392K) NonClass: 40200K(40448K)->40200K(40448K) Class: 2820K(2944K)->2820K(2944K)
[454.277s][info][gc             ] GC(543) Pause Young (Allocation Failure) 680M->489M(743M) 7.236ms
[454.277s][info][gc,cpu         ] GC(543) User=0.01s Sys=0.00s Real=0.01s
[454.580s][info][gc,start       ] GC(544) Pause Young (Allocation Failure)
[454.593s][info][gc,heap        ] GC(544) PSYoungGen: 210883K(261632K)->8191K(266752K) Eden: 208896K(208896K)->0K(208896K) From: 1987K(52736K)->8191K(57856K)
[454.593s][info][gc,heap        ] GC(544) ParOldGen: 499668K(499712K)->501575K(501760K)
[454.593s][info][gc,metaspace   ] GC(544) Metaspace: 43020K(43392K)->43020K(43392K) NonClass: 40200K(40448K)->40200K(40448K) Class: 2820K(2944K)->2820K(2944K)
[454.593s][info][gc             ] GC(544) Pause Young (Allocation Failure) 693M->497M(750M) 12.217ms
[454.593s][info][gc,cpu         ] GC(544) User=0.03s Sys=0.00s Real=0.01s
[454.877s][info][gc,start       ] GC(545) Pause Young (Allocation Failure)
[454.894s][info][gc,heap        ] GC(545) PSYoungGen: 215446K(266752K)->5229K(267776K) Eden: 207254K(208896K)->0K(222208K) From: 8191K(57856K)->5229K(45568K)
[454.894s][info][gc,heap        ] GC(545) ParOldGen: 501575K(501760K)->509792K(509952K)
[454.894s][info][gc,metaspace   ] GC(545) Metaspace: 43020K(43392K)->43020K(43392K) NonClass: 40200K(40448K)->40200K(40448K) Class: 2820K(2944K)->2820K(2944K)
[454.894s][info][gc             ] GC(545) Pause Young (Allocation Failure) 700M->502M(759M) 17.518ms
[454.894s][info][gc,cpu         ] GC(545) User=0.03s Sys=0.00s Real=0.01s
[455.192s][info][gc,start       ] GC(546) Pause Young (Allocation Failure)
[455.205s][info][gc,heap        ] GC(546) PSYoungGen: 227437K(267776K)->4600K(272384K) Eden: 222208K(222208K)->0K(222208K) From: 5229K(45568K)->4600K(50176K)
[455.205s][info][gc,heap        ] GC(546) ParOldGen: 509792K(509952K)->515020K(515072K)
[455.205s][info][gc,metaspace   ] GC(546) Metaspace: 43021K(43392K)->43021K(43392K) NonClass: 40201K(40448K)->40201K(40448K) Class: 2820K(2944K)->2820K(2944K)
[455.205s][info][gc             ] GC(546) Pause Young (Allocation Failure) 719M->507M(769M) 13.280ms
[455.205s][info][gc,cpu         ] GC(546) User=0.02s Sys=0.01s Real=0.02s
[455.671s][info][gc,start       ] GC(547) Pause Young (Allocation Failure)
[455.690s][info][gc,heap        ] GC(547) PSYoungGen: 226808K(272384K)->13867K(278016K) Eden: 222208K(222208K)->0K(236544K) From: 4600K(50176K)->13867K(41472K)
[455.690s][info][gc,heap        ] GC(547) ParOldGen: 515020K(515072K)->519395K(519680K)
[455.690s][info][gc,metaspace   ] GC(547) Metaspace: 43021K(43392K)->43021K(43392K) NonClass: 40201K(40448K)->40201K(40448K) Class: 2820K(2944K)->2820K(2944K)
[455.690s][info][gc             ] GC(547) Pause Young (Allocation Failure) 724M->520M(779M) 18.904ms
[455.690s][info][gc,cpu         ] GC(547) User=0.04s Sys=0.01s Real=0.02s
[456.203s][info][gc,start       ] GC(548) Pause Young (Allocation Failure)
[456.225s][info][gc,heap        ] GC(548) PSYoungGen: 250411K(278016K)->5573K(281600K) Eden: 236544K(236544K)->0K(236544K) From: 13867K(41472K)->5573K(45056K)
[456.225s][info][gc,heap        ] GC(548) ParOldGen: 519395K(519680K)->533617K(534016K)
[456.225s][info][gc,metaspace   ] GC(548) Metaspace: 43028K(43392K)->43028K(43392K) NonClass: 40208K(40448K)->40208K(40448K) Class: 2820K(2944K)->2820K(2944K)
[456.225s][info][gc             ] GC(548) Pause Young (Allocation Failure) 751M->526M(796M) 22.478ms
[456.225s][info][gc,cpu         ] GC(548) User=0.04s Sys=0.01s Real=0.03s
[456.767s][info][gc,start       ] GC(549) Pause Young (Allocation Failure)
[456.772s][info][gc,heap        ] GC(549) PSYoungGen: 242117K(281600K)->3100K(283648K) Eden: 236544K(236544K)->0K(246272K) From: 5573K(45056K)->3100K(37376K)
[456.772s][info][gc,heap        ] GC(549) ParOldGen: 533617K(534016K)->534297K(534528K)
[456.772s][info][gc,metaspace   ] GC(549) Metaspace: 43034K(43392K)->43034K(43392K) NonClass: 40214K(40448K)->40214K(40448K) Class: 2820K(2944K)->2820K(2944K)
[456.772s][info][gc             ] GC(549) Pause Young (Allocation Failure) 757M->524M(799M) 5.452ms
[456.772s][info][gc,cpu         ] GC(549) User=0.01s Sys=0.00s Real=0.00s
[457.349s][info][gc,start       ] GC(550) Pause Young (Allocation Failure)
[457.355s][info][gc,heap        ] GC(550) PSYoungGen: 249372K(283648K)->5120K(286720K) Eden: 246272K(246272K)->0K(246272K) From: 3100K(37376K)->5120K(40448K)
[457.355s][info][gc,heap        ] GC(550) ParOldGen: 534297K(534528K)->534297K(534528K)
[457.355s][info][gc,metaspace   ] GC(550) Metaspace: 43036K(43392K)->43036K(43392K) NonClass: 40216K(40448K)->40216K(40448K) Class: 2820K(2944K)->2820K(2944K)
[457.355s][info][gc             ] GC(550) Pause Young (Allocation Failure) 765M->526M(802M) 5.688ms
[457.355s][info][gc,cpu         ] GC(550) User=0.01s Sys=0.00s Real=0.01s
[457.921s][info][gc,start       ] GC(551) Pause Young (Allocation Failure)
[457.925s][info][gc,heap        ] GC(551) PSYoungGen: 251392K(286720K)->3966K(288768K) Eden: 246272K(246272K)->0K(255488K) From: 5120K(40448K)->3966K(33280K)
[457.925s][info][gc,heap        ] GC(551) ParOldGen: 534297K(534528K)->534337K(534528K)
[457.925s][info][gc,metaspace   ] GC(551) Metaspace: 43036K(43392K)->43036K(43392K) NonClass: 40216K(40448K)->40216K(40448K) Class: 2820K(2944K)->2820K(2944K)
[457.925s][info][gc             ] GC(551) Pause Young (Allocation Failure) 767M->525M(804M) 4.293ms
[457.925s][info][gc,cpu         ] GC(551) User=0.01s Sys=0.00s Real=0.01s
[458.498s][info][gc,start       ] GC(552) Pause Young (Allocation Failure)
[458.505s][info][gc,heap        ] GC(552) PSYoungGen: 259454K(288768K)->7529K(291328K) Eden: 255488K(255488K)->0K(255488K) From: 3966K(33280K)->7529K(35840K)
[458.505s][info][gc,heap        ] GC(552) ParOldGen: 534337K(534528K)->535167K(535552K)
[458.505s][info][gc,metaspace   ] GC(552) Metaspace: 43037K(43392K)->43037K(43392K) NonClass: 40216K(40448K)->40216K(40448K) Class: 2820K(2944K)->2820K(2944K)
[458.505s][info][gc             ] GC(552) Pause Young (Allocation Failure) 775M->529M(807M) 7.042ms
[458.505s][info][gc,cpu         ] GC(552) User=0.01s Sys=0.00s Real=0.01s
[459.569s][info][gc,start       ] GC(553) Pause Young (Allocation Failure)
[459.574s][info][gc,heap        ] GC(553) PSYoungGen: 263017K(291328K)->3924K(293888K) Eden: 255488K(255488K)->0K(264704K) From: 7529K(35840K)->3924K(29184K)
[459.574s][info][gc,heap        ] GC(553) ParOldGen: 535167K(535552K)->535303K(535552K)
[459.574s][info][gc,metaspace   ] GC(553) Metaspace: 43039K(43392K)->43039K(43392K) NonClass: 40218K(40448K)->40218K(40448K) Class: 2820K(2944K)->2820K(2944K)
[459.574s][info][gc             ] GC(553) Pause Young (Allocation Failure) 779M->526M(810M) 5.253ms
[459.574s][info][gc,cpu         ] GC(553) User=0.01s Sys=0.00s Real=0.00s
[460.452s][info][gc,start       ] GC(554) Pause Young (Allocation Failure)
[460.479s][info][gc,heap        ] GC(554) PSYoungGen: 268628K(293888K)->26778K(295936K) Eden: 264704K(264704K)->0K(264704K) From: 3924K(29184K)->26778K(31232K)
[460.479s][info][gc,heap        ] GC(554) ParOldGen: 535303K(535552K)->536039K(536064K)
[460.479s][info][gc,metaspace   ] GC(554) Metaspace: 43042K(43392K)->43042K(43392K) NonClass: 40222K(40448K)->40222K(40448K) Class: 2820K(2944K)->2820K(2944K)
[460.479s][info][gc             ] GC(554) Pause Young (Allocation Failure) 785M->549M(812M) 27.493ms
[460.479s][info][gc,cpu         ] GC(554) User=0.05s Sys=0.00s Real=0.03s
[461.113s][info][gc,start       ] GC(555) Pause Young (Allocation Failure)
[461.186s][info][gc,heap        ] GC(555) PSYoungGen: 291482K(295936K)->30392K(287744K) Eden: 264704K(264704K)->0K(251904K) From: 26778K(31232K)->30392K(35840K)
[461.186s][info][gc,heap        ] GC(555) ParOldGen: 536039K(536064K)->561924K(562176K)
[461.186s][info][gc,metaspace   ] GC(555) Metaspace: 43042K(43392K)->43042K(43392K) NonClass: 40222K(40448K)->40222K(40448K) Class: 2820K(2944K)->2820K(2944K)
[461.186s][info][gc             ] GC(555) Pause Young (Allocation Failure) 808M->578M(830M) 72.517ms
[461.186s][info][gc,cpu         ] GC(555) User=0.11s Sys=0.03s Real=0.08s
[461.780s][info][gc,start       ] GC(556) Pause Young (Allocation Failure)
[461.849s][info][gc,heap        ] GC(556) PSYoungGen: 282296K(287744K)->27936K(280064K) Eden: 251904K(251904K)->0K(251904K) From: 30392K(35840K)->27936K(28160K)
[461.849s][info][gc,heap        ] GC(556) ParOldGen: 561924K(562176K)->590908K(591360K)
[461.849s][info][gc,metaspace   ] GC(556) Metaspace: 43042K(43392K)->43042K(43392K) NonClass: 40222K(40448K)->40222K(40448K) Class: 2820K(2944K)->2820K(2944K)
[461.849s][info][gc             ] GC(556) Pause Young (Allocation Failure) 824M->604M(851M) 68.572ms
[461.849s][info][gc,cpu         ] GC(556) User=0.11s Sys=0.02s Real=0.07s
[465.682s][info][gc,start       ] GC(557) Pause Young (Allocation Failure)
[465.737s][info][gc,heap        ] GC(557) PSYoungGen: 279839K(280064K)->16047K(291840K) Eden: 251903K(251904K)->0K(247808K) From: 27936K(28160K)->16047K(44032K)
[465.737s][info][gc,heap        ] GC(557) ParOldGen: 590908K(591360K)->618957K(619008K)
[465.737s][info][gc,metaspace   ] GC(557) Metaspace: 43047K(43392K)->43047K(43392K) NonClass: 40226K(40448K)->40226K(40448K) Class: 2820K(2944K)->2820K(2944K)
[465.737s][info][gc             ] GC(557) Pause Young (Allocation Failure) 850M->620M(889M) 54.838ms
[465.737s][info][gc,cpu         ] GC(557) User=0.09s Sys=0.02s Real=0.06s
[466.395s][info][gc,start       ] GC(558) Pause Young (Allocation Failure)
[466.428s][info][gc,heap        ] GC(558) PSYoungGen: 263855K(291840K)->17530K(265728K) Eden: 247808K(247808K)->0K(247808K) From: 16047K(44032K)->17530K(17920K)
[466.428s][info][gc,heap        ] GC(558) ParOldGen: 618957K(619008K)->634349K(634368K)
[466.428s][info][gc,metaspace   ] GC(558) Metaspace: 43047K(43392K)->43047K(43392K) NonClass: 40226K(40448K)->40226K(40448K) Class: 2820K(2944K)->2820K(2944K)
[466.428s][info][gc             ] GC(558) Pause Young (Allocation Failure) 862M->636M(879M) 32.892ms
[466.428s][info][gc,cpu         ] GC(558) User=0.06s Sys=0.00s Real=0.03s
[467.054s][info][gc,start       ] GC(559) Pause Full (Allocation Failure)
[467.054s][info][gc,phases,start] GC(559) Marking Phase
[467.124s][info][gc,phases      ] GC(559) Marking Phase 70.179ms
[467.124s][info][gc,phases,start] GC(559) Summary Phase
[467.124s][info][gc,phases      ] GC(559) Summary Phase 0.034ms
[467.125s][info][gc,phases,start] GC(559) Forward
[467.144s][info][gc,phases      ] GC(559) Forward 19.242ms
[467.144s][info][gc,phases,start] GC(559) Adjust Pointers
[467.199s][info][gc,phases      ] GC(559) Adjust Pointers 54.933ms
[467.199s][info][gc,phases,start] GC(559) Compaction Phase
[467.223s][info][gc,phases      ] GC(559) Compaction Phase 24.658ms
[467.224s][info][gc,phases,start] GC(559) Post Compact
[467.226s][info][gc,phases      ] GC(559) Post Compact 2.619ms
[467.259s][info][gc,heap        ] GC(559) PSYoungGen: 265338K(265728K)->0K(288768K) Eden: 247808K(247808K)->0K(247808K) From: 17530K(17920K)->0K(40960K)
[467.259s][info][gc,heap        ] GC(559) ParOldGen: 634349K(634368K)->95859K(233984K)
[467.259s][info][gc,metaspace   ] GC(559) Metaspace: 43047K(43392K)->43047K(43392K) NonClass: 40227K(40448K)->40227K(40448K) Class: 2820K(2944K)->2820K(2944K)
[467.259s][info][gc             ] GC(559) Pause Full (Allocation Failure) 878M->93M(510M) 205.374ms
[467.260s][info][gc,cpu         ] GC(559) User=0.29s Sys=0.03s Real=0.21s
[467.908s][info][gc,start       ] GC(560) Pause Young (Allocation Failure)
[467.943s][info][gc,heap        ] GC(560) PSYoungGen: 247808K(288768K)->30880K(288768K) Eden: 247808K(247808K)->0K(247808K) From: 0K(40960K)->30880K(40960K)
[467.943s][info][gc,heap        ] GC(560) ParOldGen: 95859K(233984K)->95859K(233984K)
[467.943s][info][gc,metaspace   ] GC(560) Metaspace: 43047K(43392K)->43047K(43392K) NonClass: 40227K(40448K)->40227K(40448K) Class: 2820K(2944K)->2820K(2944K)
[467.943s][info][gc             ] GC(560) Pause Young (Allocation Failure) 335M->123M(510M) 34.684ms
[467.943s][info][gc,cpu         ] GC(560) User=0.07s Sys=0.00s Real=0.03s
[469.501s][info][gc,start       ] GC(561) Pause Young (Allocation Failure)
[469.538s][info][gc,heap        ] GC(561) PSYoungGen: 278688K(288768K)->15617K(289792K) Eden: 247808K(247808K)->0K(247808K) From: 30880K(40960K)->15617K(41984K)
[469.538s][info][gc,heap        ] GC(561) ParOldGen: 95859K(233984K)->126965K(233984K)
[469.538s][info][gc,metaspace   ] GC(561) Metaspace: 43047K(43392K)->43047K(43392K) NonClass: 40227K(40448K)->40227K(40448K) Class: 2820K(2944K)->2820K(2944K)
[469.538s][info][gc             ] GC(561) Pause Young (Allocation Failure) 365M->139M(511M) 36.428ms
[469.538s][info][gc,cpu         ] GC(561) User=0.07s Sys=0.00s Real=0.04s
[470.712s][info][gc,start       ] GC(562) Pause Young (Allocation Failure)
[470.730s][info][gc,heap        ] GC(562) PSYoungGen: 263425K(289792K)->8702K(289280K) Eden: 247808K(247808K)->0K(247808K) From: 15617K(41984K)->8702K(41472K)
[470.730s][info][gc,heap        ] GC(562) ParOldGen: 126965K(233984K)->141361K(233984K)
[470.731s][info][gc,metaspace   ] GC(562) Metaspace: 43047K(43392K)->43047K(43392K) NonClass: 40227K(40448K)->40227K(40448K) Class: 2820K(2944K)->2820K(2944K)
[470.731s][info][gc             ] GC(562) Pause Young (Allocation Failure) 381M->146M(511M) 18.648ms
[470.731s][info][gc,cpu         ] GC(562) User=0.04s Sys=0.00s Real=0.02s
[472.104s][info][gc,start       ] GC(563) Pause Young (Allocation Failure)
[472.134s][info][gc,heap        ] GC(563) PSYoungGen: 256510K(289280K)->25919K(289280K) Eden: 247808K(247808K)->0K(248832K) From: 8702K(41472K)->25919K(40448K)
[472.134s][info][gc,heap        ] GC(563) ParOldGen: 141361K(233984K)->149852K(233984K)
[472.134s][info][gc,metaspace   ] GC(563) Metaspace: 43047K(43392K)->43047K(43392K) NonClass: 40227K(40448K)->40227K(40448K) Class: 2820K(2944K)->2820K(2944K)
[472.134s][info][gc             ] GC(563) Pause Young (Allocation Failure) 388M->171M(511M) 29.794ms
[472.134s][info][gc,cpu         ] GC(563) User=0.06s Sys=0.01s Real=0.03s
[473.563s][info][gc,start       ] GC(564) Pause Young (Allocation Failure)
[473.603s][info][gc,heap        ] GC(564) PSYoungGen: 274751K(289280K)->22431K(290816K) Eden: 248832K(248832K)->0K(248832K) From: 25919K(40448K)->22431K(41984K)
[473.603s][info][gc,heap        ] GC(564) ParOldGen: 149852K(233984K)->175711K(233984K)
[473.603s][info][gc,metaspace   ] GC(564) Metaspace: 43047K(43392K)->43047K(43392K) NonClass: 40227K(40448K)->40227K(40448K) Class: 2820K(2944K)->2820K(2944K)
[473.603s][info][gc             ] GC(564) Pause Young (Allocation Failure) 414M->193M(512M) 40.451ms
[473.603s][info][gc,cpu         ] GC(564) User=0.08s Sys=0.00s Real=0.04s
[474.780s][info][gc,start       ] GC(565) Pause Young (Allocation Failure)
[474.822s][info][gc,heap        ] GC(565) PSYoungGen: 271263K(290816K)->30842K(286208K) Eden: 248832K(248832K)->0K(244736K) From: 22431K(41984K)->30842K(41472K)
[474.822s][info][gc,heap        ] GC(565) ParOldGen: 175711K(233984K)->198161K(233984K)
[474.822s][info][gc,metaspace   ] GC(565) Metaspace: 43047K(43392K)->43047K(43392K) NonClass: 40227K(40448K)->40227K(40448K) Class: 2820K(2944K)->2820K(2944K)
[474.822s][info][gc             ] GC(565) Pause Young (Allocation Failure) 436M->223M(508M) 41.789ms
[474.822s][info][gc,cpu         ] GC(565) User=0.09s Sys=0.00s Real=0.04s
[475.478s][info][gc,start       ] GC(566) Pause Young (Allocation Failure)
[475.530s][info][gc,heap        ] GC(566) PSYoungGen: 275578K(286208K)->30284K(275456K) Eden: 244736K(244736K)->0K(244736K) From: 30842K(41472K)->30284K(30720K)
[475.530s][info][gc,heap        ] GC(566) ParOldGen: 198161K(233984K)->228916K(233984K)
[475.530s][info][gc,metaspace   ] GC(566) Metaspace: 43047K(43392K)->43047K(43392K) NonClass: 40227K(40448K)->40227K(40448K) Class: 2820K(2944K)->2820K(2944K)
[475.530s][info][gc             ] GC(566) Pause Young (Allocation Failure) 462M->253M(497M) 52.162ms
[475.530s][info][gc,cpu         ] GC(566) User=0.10s Sys=0.00s Real=0.05s
[476.116s][info][gc,start       ] GC(567) Pause Young (Allocation Failure)
[476.183s][info][gc,heap        ] GC(567) PSYoungGen: 275020K(275456K)->28088K(286720K) Eden: 244736K(244736K)->0K(240640K) From: 30284K(30720K)->28088K(46080K)
[476.183s][info][gc,heap        ] GC(567) ParOldGen: 228916K(233984K)->259396K(259584K)
[476.183s][info][gc,metaspace   ] GC(567) Metaspace: 43047K(43392K)->43047K(43392K) NonClass: 40227K(40448K)->40227K(40448K) Class: 2820K(2944K)->2820K(2944K)
[476.183s][info][gc             ] GC(567) Pause Young (Allocation Failure) 492M->280M(533M) 66.272ms
[476.183s][info][gc,cpu         ] GC(567) User=0.10s Sys=0.03s Real=0.06s
[477.759s][info][gc,start       ] GC(568) Pause Young (Allocation Failure)
[477.824s][info][gc,heap        ] GC(568) PSYoungGen: 268728K(286720K)->23940K(264704K) Eden: 240640K(240640K)->0K(240640K) From: 28088K(46080K)->23940K(24064K)
[477.824s][info][gc,heap        ] GC(568) ParOldGen: 259396K(259584K)->287469K(287744K)
[477.824s][info][gc,metaspace   ] GC(568) Metaspace: 43047K(43392K)->43047K(43392K) NonClass: 40227K(40448K)->40227K(40448K) Class: 2820K(2944K)->2820K(2944K)
[477.824s][info][gc             ] GC(568) Pause Young (Allocation Failure) 515M->304M(539M) 65.411ms
[477.824s][info][gc,cpu         ] GC(568) User=0.11s Sys=0.03s Real=0.06s
[478.825s][info][gc,start       ] GC(569) Pause Young (Allocation Failure)
[478.860s][info][gc,heap        ] GC(569) PSYoungGen: 264580K(264704K)->8290K(287232K) Eden: 240640K(240640K)->0K(241664K) From: 23940K(24064K)->8290K(45568K)
[478.860s][info][gc,heap        ] GC(569) ParOldGen: 287469K(287744K)->310889K(311296K)
[478.860s][info][gc,metaspace   ] GC(569) Metaspace: 43047K(43392K)->43047K(43392K) NonClass: 40227K(40448K)->40227K(40448K) Class: 2820K(2944K)->2820K(2944K)
[478.860s][info][gc             ] GC(569) Pause Young (Allocation Failure) 539M->311M(584M) 34.775ms
[478.860s][info][gc,cpu         ] GC(569) User=0.05s Sys=0.02s Real=0.03s
[480.202s][info][gc,start       ] GC(570) Pause Young (Allocation Failure)
[480.211s][info][gc,heap        ] GC(570) PSYoungGen: 249954K(287232K)->2028K(286720K) Eden: 241664K(241664K)->0K(241664K) From: 8290K(45568K)->2028K(45056K)
[480.211s][info][gc,heap        ] GC(570) ParOldGen: 310889K(311296K)->316612K(316928K)
[480.211s][info][gc,metaspace   ] GC(570) Metaspace: 43047K(43392K)->43047K(43392K) NonClass: 40227K(40448K)->40227K(40448K) Class: 2820K(2944K)->2820K(2944K)
[480.211s][info][gc             ] GC(570) Pause Young (Allocation Failure) 547M->311M(589M) 9.552ms
[480.211s][info][gc,cpu         ] GC(570) User=0.01s Sys=0.00s Real=0.01s
[481.616s][info][gc,start       ] GC(571) Pause Young (Allocation Failure)
[481.643s][info][gc,heap        ] GC(571) PSYoungGen: 243692K(286720K)->22406K(287232K) Eden: 241664K(241664K)->0K(243200K) From: 2028K(45056K)->22406K(44032K)
[481.643s][info][gc,heap        ] GC(571) ParOldGen: 316612K(316928K)->318562K(318976K)
[481.643s][info][gc,metaspace   ] GC(571) Metaspace: 43047K(43392K)->43047K(43392K) NonClass: 40227K(40448K)->40227K(40448K) Class: 2820K(2944K)->2820K(2944K)
[481.643s][info][gc             ] GC(571) Pause Young (Allocation Failure) 547M->332M(592M) 26.411ms
[481.643s][info][gc,cpu         ] GC(571) User=0.05s Sys=0.00s Real=0.02s
[482.997s][info][gc,start       ] GC(572) Pause Young (Allocation Failure)
[483.050s][info][gc,heap        ] GC(572) PSYoungGen: 265606K(287232K)->23360K(287744K) Eden: 243200K(243200K)->0K(243200K) From: 22406K(44032K)->23360K(44544K)
[483.050s][info][gc,heap        ] GC(572) ParOldGen: 318562K(318976K)->341100K(341504K)
[483.050s][info][gc,metaspace   ] GC(572) Metaspace: 43048K(43392K)->43048K(43392K) NonClass: 40227K(40448K)->40227K(40448K) Class: 2820K(2944K)->2820K(2944K)
[483.050s][info][gc             ] GC(572) Pause Young (Allocation Failure) 570M->355M(614M) 52.541ms
[483.050s][info][gc,cpu         ] GC(572) User=0.09s Sys=0.02s Real=0.05s
[484.152s][info][gc,start       ] GC(573) Pause Young (Allocation Failure)
[484.190s][info][gc,heap        ] GC(573) PSYoungGen: 266560K(287744K)->14250K(285184K) Eden: 243200K(243200K)->0K(245248K) From: 23360K(44544K)->14250K(39936K)
[484.190s][info][gc,heap        ] GC(573) ParOldGen: 341100K(341504K)->364040K(364544K)
[484.190s][info][gc,metaspace   ] GC(573) Metaspace: 43050K(43392K)->43050K(43392K) NonClass: 40230K(40448K)->40230K(40448K) Class: 2820K(2944K)->2820K(2944K)
[484.190s][info][gc             ] GC(573) Pause Young (Allocation Failure) 593M->369M(634M) 38.087ms
[484.190s][info][gc,cpu         ] GC(573) User=0.07s Sys=0.01s Real=0.04s
[485.197s][info][gc,start       ] GC(574) Pause Young (Allocation Failure)
[485.225s][info][gc,heap        ] GC(574) PSYoungGen: 259498K(285184K)->3973K(287232K) Eden: 245248K(245248K)->0K(245248K) From: 14250K(39936K)->3973K(41984K)
[485.225s][info][gc,heap        ] GC(574) ParOldGen: 364040K(364544K)->373786K(374272K)
[485.225s][info][gc,metaspace   ] GC(574) Metaspace: 43075K(43456K)->43075K(43456K) NonClass: 40254K(40512K)->40254K(40512K) Class: 2820K(2944K)->2820K(2944K)
[485.225s][info][gc             ] GC(574) Pause Young (Allocation Failure) 608M->368M(646M) 28.073ms
[485.225s][info][gc,cpu         ] GC(574) User=0.02s Sys=0.00s Real=0.03s
[486.219s][info][gc,start       ] GC(575) Pause Young (Allocation Failure)
[486.248s][info][gc,heap        ] GC(575) PSYoungGen: 249221K(287232K)->23634K(291840K) Eden: 245248K(245248K)->0K(249856K) From: 3973K(41984K)->23634K(41984K)
[486.249s][info][gc,heap        ] GC(575) ParOldGen: 373786K(374272K)->374706K(374784K)
[486.249s][info][gc,metaspace   ] GC(575) Metaspace: 43076K(43456K)->43076K(43456K) NonClass: 40255K(40512K)->40255K(40512K) Class: 2820K(2944K)->2820K(2944K)
[486.249s][info][gc             ] GC(575) Pause Young (Allocation Failure) 608M->389M(651M) 29.063ms
[486.249s][info][gc,cpu         ] GC(575) User=0.05s Sys=0.00s Real=0.03s
[487.079s][info][gc,start       ] GC(576) Pause Young (Allocation Failure)
[487.085s][info][gc,heap        ] GC(576) PSYoungGen: 273490K(291840K)->4836K(291840K) Eden: 249856K(249856K)->0K(249856K) From: 23634K(41984K)->4836K(41984K)
[487.085s][info][gc,heap        ] GC(576) ParOldGen: 374706K(374784K)->376002K(376320K)
[487.085s][info][gc,metaspace   ] GC(576) Metaspace: 43076K(43456K)->43076K(43456K) NonClass: 40255K(40512K)->40255K(40512K) Class: 2820K(2944K)->2820K(2944K)
[487.085s][info][gc             ] GC(576) Pause Young (Allocation Failure) 633M->371M(652M) 6.406ms
[487.085s][info][gc,cpu         ] GC(576) User=0.01s Sys=0.00s Real=0.01s
[488.108s][info][gc,start       ] GC(577) Pause Young (Allocation Failure)
[488.119s][info][gc,heap        ] GC(577) PSYoungGen: 254692K(291840K)->4536K(290816K) Eden: 249856K(249856K)->0K(249856K) From: 4836K(41984K)->4536K(40960K)
[488.119s][info][gc,heap        ] GC(577) ParOldGen: 376002K(376320K)->376914K(377344K)
[488.119s][info][gc,metaspace   ] GC(577) Metaspace: 43076K(43456K)->43076K(43456K) NonClass: 40255K(40512K)->40255K(40512K) Class: 2820K(2944K)->2820K(2944K)
[488.119s][info][gc             ] GC(577) Pause Young (Allocation Failure) 615M->372M(652M) 11.069ms
[488.119s][info][gc,cpu         ] GC(577) User=0.01s Sys=0.00s Real=0.01s
[489.246s][info][gc,start       ] GC(578) Pause Young (Allocation Failure)
[489.271s][info][gc,heap        ] GC(578) PSYoungGen: 254392K(290816K)->23981K(291328K) Eden: 249856K(249856K)->0K(249856K) From: 4536K(40960K)->23981K(41472K)
[489.271s][info][gc,heap        ] GC(578) ParOldGen: 376914K(377344K)->378210K(378368K)
[489.271s][info][gc,metaspace   ] GC(578) Metaspace: 43076K(43456K)->43076K(43456K) NonClass: 40255K(40512K)->40255K(40512K) Class: 2820K(2944K)->2820K(2944K)
[489.271s][info][gc             ] GC(578) Pause Young (Allocation Failure) 616M->392M(654M) 24.991ms
[489.271s][info][gc,cpu         ] GC(578) User=0.04s Sys=0.00s Real=0.02s
[490.275s][info][gc,start       ] GC(579) Pause Young (Allocation Failure)
[490.284s][info][gc,heap        ] GC(579) PSYoungGen: 273229K(291328K)->1539K(291840K) Eden: 249248K(249856K)->0K(249856K) From: 23981K(41472K)->1539K(41984K)
[490.284s][info][gc,heap        ] GC(579) ParOldGen: 378210K(378368K)->378930K(379392K)
[490.284s][info][gc,metaspace   ] GC(579) Metaspace: 43076K(43456K)->43076K(43456K) NonClass: 40255K(40512K)->40255K(40512K) Class: 2820K(2944K)->2820K(2944K)
[490.284s][info][gc             ] GC(579) Pause Young (Allocation Failure) 636M->371M(655M) 9.252ms
[490.284s][info][gc,cpu         ] GC(579) User=0.01s Sys=0.00s Real=0.00s
[491.138s][info][gc,start       ] GC(580) Pause Young (Allocation Failure)
[491.153s][info][gc,heap        ] GC(580) PSYoungGen: 251395K(291840K)->14397K(264704K) Eden: 249856K(249856K)->0K(249856K) From: 1539K(41984K)->14397K(14848K)
[491.154s][info][gc,heap        ] GC(580) ParOldGen: 378930K(379392K)->380142K(380416K)
[491.154s][info][gc,metaspace   ] GC(580) Metaspace: 43076K(43456K)->43076K(43456K) NonClass: 40255K(40512K)->40255K(40512K) Class: 2820K(2944K)->2820K(2944K)
[491.154s][info][gc             ] GC(580) Pause Young (Allocation Failure) 615M->385M(630M) 15.336ms
[491.154s][info][gc,cpu         ] GC(580) User=0.03s Sys=0.00s Real=0.01s
[492.081s][info][gc,start       ] GC(581) Pause Young (Allocation Failure)
[492.092s][info][gc,heap        ] GC(581) PSYoungGen: 264253K(264704K)->9588K(291328K) Eden: 249856K(249856K)->0K(251904K) From: 14397K(14848K)->9588K(39424K)
[492.092s][info][gc,heap        ] GC(581) ParOldGen: 380142K(380416K)->380958K(381440K)
[492.092s][info][gc,metaspace   ] GC(581) Metaspace: 43076K(43456K)->43076K(43456K) NonClass: 40255K(40512K)->40255K(40512K) Class: 2820K(2944K)->2820K(2944K)
[492.092s][info][gc             ] GC(581) Pause Young (Allocation Failure) 629M->381M(657M) 10.945ms
[492.092s][info][gc,cpu         ] GC(581) User=0.02s Sys=0.00s Real=0.01s
[493.032s][info][gc,start       ] GC(582) Pause Young (Allocation Failure)
[493.039s][info][gc,heap        ] GC(582) PSYoungGen: 261492K(291328K)->5636K(289280K) Eden: 251904K(251904K)->0K(251904K) From: 9588K(39424K)->5636K(37376K)
[493.039s][info][gc,heap        ] GC(582) ParOldGen: 380958K(381440K)->382078K(382464K)
[493.039s][info][gc,metaspace   ] GC(582) Metaspace: 43076K(43456K)->43076K(43456K) NonClass: 40255K(40512K)->40255K(40512K) Class: 2820K(2944K)->2820K(2944K)
[493.039s][info][gc             ] GC(582) Pause Young (Allocation Failure) 627M->378M(656M) 6.809ms
[493.039s][info][gc,cpu         ] GC(582) User=0.01s Sys=0.00s Real=0.01s
[493.804s][info][gc,start       ] GC(583) Pause Young (Allocation Failure)
[493.848s][info][gc,heap        ] GC(583) PSYoungGen: 257540K(289280K)->36862K(280576K) Eden: 251904K(251904K)->0K(243712K) From: 5636K(37376K)->36862K(36864K)
[493.848s][info][gc,heap        ] GC(583) ParOldGen: 382078K(382464K)->387807K(388096K)
[493.848s][info][gc,metaspace   ] GC(583) Metaspace: 43076K(43456K)->43076K(43456K) NonClass: 40255K(40512K)->40255K(40512K) Class: 2820K(2944K)->2820K(2944K)
[493.848s][info][gc             ] GC(583) Pause Young (Allocation Failure) 624M->414M(653M) 43.261ms
[493.848s][info][gc,cpu         ] GC(583) User=0.08s Sys=0.01s Real=0.04s
[495.011s][info][gc,start       ] GC(584) Pause Young (Allocation Failure)
[495.074s][info][gc,heap        ] GC(584) PSYoungGen: 280574K(280576K)->24300K(268288K) Eden: 243712K(243712K)->0K(243712K) From: 36862K(36864K)->24300K(24576K)
[495.074s][info][gc,heap        ] GC(584) ParOldGen: 387807K(388096K)->410593K(410624K)
[495.074s][info][gc,metaspace   ] GC(584) Metaspace: 43076K(43456K)->43076K(43456K) NonClass: 40255K(40512K)->40255K(40512K) Class: 2820K(2944K)->2820K(2944K)
[495.074s][info][gc             ] GC(584) Pause Young (Allocation Failure) 652M->424M(663M) 62.460ms
[495.074s][info][gc,cpu         ] GC(584) User=0.10s Sys=0.02s Real=0.06s
[496.033s][info][gc,start       ] GC(585) Pause Young (Allocation Failure)
[496.097s][info][gc,heap        ] GC(585) PSYoungGen: 268012K(268288K)->27478K(286208K) Eden: 243712K(243712K)->0K(240640K) From: 24300K(24576K)->27478K(45568K)
[496.097s][info][gc,heap        ] GC(585) ParOldGen: 410593K(410624K)->434794K(435200K)
[496.097s][info][gc,metaspace   ] GC(585) Metaspace: 43076K(43456K)->43076K(43456K) NonClass: 40255K(40512K)->40255K(40512K) Class: 2820K(2944K)->2820K(2944K)
[496.097s][info][gc             ] GC(585) Pause Young (Allocation Failure) 662M->451M(704M) 64.486ms
[496.097s][info][gc,cpu         ] GC(585) User=0.11s Sys=0.02s Real=0.07s
[496.864s][info][gc,start       ] GC(586) Pause Young (Allocation Failure)
[496.919s][info][gc,heap        ] GC(586) PSYoungGen: 268118K(286208K)->36392K(277504K) Eden: 240640K(240640K)->0K(240640K) From: 27478K(45568K)->36392K(36864K)
[496.919s][info][gc,heap        ] GC(586) ParOldGen: 434794K(435200K)->453749K(454144K)
[496.919s][info][gc,metaspace   ] GC(586) Metaspace: 43076K(43456K)->43076K(43456K) NonClass: 40255K(40512K)->40255K(40512K) Class: 2820K(2944K)->2820K(2944K)
[496.919s][info][gc             ] GC(586) Pause Young (Allocation Failure) 686M->478M(714M) 55.233ms
[496.919s][info][gc,cpu         ] GC(586) User=0.09s Sys=0.01s Real=0.06s
[497.776s][info][gc,start       ] GC(587) Pause Young (Allocation Failure)
[497.802s][info][gc,heap        ] GC(587) PSYoungGen: 277032K(277504K)->20541K(286208K) Eden: 240640K(240640K)->0K(235520K) From: 36392K(36864K)->20541K(50688K)
[497.802s][info][gc,heap        ] GC(587) ParOldGen: 453749K(454144K)->464273K(464384K)
[497.802s][info][gc,metaspace   ] GC(587) Metaspace: 43076K(43456K)->43076K(43456K) NonClass: 40255K(40512K)->40255K(40512K) Class: 2820K(2944K)->2820K(2944K)
[497.802s][info][gc             ] GC(587) Pause Young (Allocation Failure) 713M->473M(733M) 26.491ms
[497.802s][info][gc,cpu         ] GC(587) User=0.05s Sys=0.01s Real=0.02s
[498.611s][info][gc,start       ] GC(588) Pause Young (Allocation Failure)
[498.627s][info][gc,heap        ] GC(588) PSYoungGen: 256061K(286208K)->21337K(257024K) Eden: 235520K(235520K)->0K(235520K) From: 20541K(50688K)->21337K(21504K)
[498.628s][info][gc,heap        ] GC(588) ParOldGen: 464273K(464384K)->464789K(464896K)
[498.628s][info][gc,metaspace   ] GC(588) Metaspace: 43076K(43456K)->43076K(43456K) NonClass: 40255K(40512K)->40255K(40512K) Class: 2820K(2944K)->2820K(2944K)
[498.628s][info][gc             ] GC(588) Pause Young (Allocation Failure) 703M->474M(705M) 16.188ms
[498.628s][info][gc,cpu         ] GC(588) User=0.03s Sys=0.00s Real=0.02s
[499.503s][info][gc,start       ] GC(589) Pause Young (Allocation Failure)
[499.518s][info][gc,heap        ] GC(589) PSYoungGen: 256857K(257024K)->19156K(283648K) Eden: 235520K(235520K)->0K(238080K) From: 21337K(21504K)->19156K(45568K)
[499.518s][info][gc,heap        ] GC(589) ParOldGen: 464789K(464896K)->465532K(465920K)
[499.518s][info][gc,metaspace   ] GC(589) Metaspace: 43076K(43456K)->43076K(43456K) NonClass: 40255K(40512K)->40255K(40512K) Class: 2820K(2944K)->2820K(2944K)
[499.518s][info][gc             ] GC(589) Pause Young (Allocation Failure) 704M->473M(732M) 15.551ms
[499.518s][info][gc,cpu         ] GC(589) User=0.03s Sys=0.00s Real=0.02s
[500.319s][info][gc,start       ] GC(590) Pause Young (Allocation Failure)
[500.372s][info][gc,heap        ] GC(590) PSYoungGen: 257236K(283648K)->42998K(281088K) Eden: 238080K(238080K)->0K(238080K) From: 19156K(45568K)->42998K(43008K)
[500.372s][info][gc,heap        ] GC(590) ParOldGen: 465532K(465920K)->487929K(487936K)
[500.372s][info][gc,metaspace   ] GC(590) Metaspace: 43076K(43456K)->43076K(43456K) NonClass: 40255K(40512K)->40255K(40512K) Class: 2820K(2944K)->2820K(2944K)
[500.372s][info][gc             ] GC(590) Pause Young (Allocation Failure) 705M->518M(751M) 52.493ms
[500.372s][info][gc,cpu         ] GC(590) User=0.08s Sys=0.02s Real=0.05s
[501.198s][info][gc,start       ] GC(591) Pause Young (Allocation Failure)
[501.383s][info][gc,heap        ] GC(591) PSYoungGen: 281078K(281088K)->52734K(164352K) Eden: 238080K(238080K)->0K(111616K) From: 42998K(43008K)->52734K(52736K)
[501.383s][info][gc,heap        ] GC(591) ParOldGen: 487929K(487936K)->613023K(613376K)
[501.383s][info][gc,metaspace   ] GC(591) Metaspace: 43076K(43456K)->43076K(43456K) NonClass: 40255K(40512K)->40255K(40512K) Class: 2820K(2944K)->2820K(2944K)
[501.383s][info][gc             ] GC(591) Pause Young (Allocation Failure) 750M->650M(759M) 185.499ms
[501.383s][info][gc,cpu         ] GC(591) User=0.26s Sys=0.10s Real=0.18s
[501.784s][info][gc,start       ] GC(592) Pause Full (Allocation Failure)
[501.784s][info][gc,phases,start] GC(592) Marking Phase
[501.853s][info][gc,phases      ] GC(592) Marking Phase 68.749ms
[501.853s][info][gc,phases,start] GC(592) Summary Phase
[501.853s][info][gc,phases      ] GC(592) Summary Phase 0.032ms
[501.853s][info][gc,phases,start] GC(592) Forward
[501.867s][info][gc,phases      ] GC(592) Forward 13.932ms
[501.867s][info][gc,phases,start] GC(592) Adjust Pointers
[501.907s][info][gc,phases      ] GC(592) Adjust Pointers 39.680ms
[501.907s][info][gc,phases,start] GC(592) Compaction Phase
[501.926s][info][gc,phases      ] GC(592) Compaction Phase 18.757ms
[501.926s][info][gc,phases,start] GC(592) Post Compact
[501.928s][info][gc,phases      ] GC(592) Post Compact 2.309ms
[501.955s][info][gc,heap        ] GC(592) PSYoungGen: 164350K(164352K)->0K(222720K) Eden: 111616K(111616K)->0K(111616K) From: 52734K(52736K)->0K(111104K)
[501.955s][info][gc,heap        ] GC(592) ParOldGen: 613023K(613376K)->94876K(273408K)
[501.955s][info][gc,metaspace   ] GC(592) Metaspace: 43076K(43456K)->43076K(43456K) NonClass: 40255K(40512K)->40255K(40512K) Class: 2820K(2944K)->2820K(2944K)
[501.955s][info][gc             ] GC(592) Pause Full (Allocation Failure) 759M->92M(484M) 170.500ms
[501.955s][info][gc,cpu         ] GC(592) User=0.23s Sys=0.03s Real=0.18s
[502.348s][info][gc,start       ] GC(593) Pause Young (Allocation Failure)
[502.363s][info][gc,heap        ] GC(593) PSYoungGen: 111616K(222720K)->17894K(215552K) Eden: 111616K(111616K)->0K(111616K) From: 0K(111104K)->17894K(103936K)
[502.363s][info][gc,heap        ] GC(593) ParOldGen: 94876K(273408K)->94876K(273408K)
[502.363s][info][gc,metaspace   ] GC(593) Metaspace: 43076K(43456K)->43076K(43456K) NonClass: 40255K(40512K)->40255K(40512K) Class: 2820K(2944K)->2820K(2944K)
[502.364s][info][gc             ] GC(593) Pause Young (Allocation Failure) 201M->110M(477M) 15.084ms
[502.364s][info][gc,cpu         ] GC(593) User=0.03s Sys=0.01s Real=0.01s
[502.739s][info][gc,start       ] GC(594) Pause Young (Allocation Failure)
[502.755s][info][gc,heap        ] GC(594) PSYoungGen: 129510K(215552K)->10864K(219136K) Eden: 111616K(111616K)->0K(111616K) From: 17894K(103936K)->10864K(107520K)
[502.756s][info][gc,heap        ] GC(594) ParOldGen: 94876K(273408K)->105802K(273408K)
[502.756s][info][gc,metaspace   ] GC(594) Metaspace: 43076K(43456K)->43076K(43456K) NonClass: 40255K(40512K)->40255K(40512K) Class: 2820K(2944K)->2820K(2944K)
[502.756s][info][gc             ] GC(594) Pause Young (Allocation Failure) 219M->113M(481M) 16.893ms
[502.756s][info][gc,cpu         ] GC(594) User=0.03s Sys=0.00s Real=0.02s
[503.158s][info][gc,start       ] GC(595) Pause Young (Allocation Failure)
[503.162s][info][gc,heap        ] GC(595) PSYoungGen: 122480K(219136K)->3395K(220672K) Eden: 111616K(111616K)->0K(120832K) From: 10864K(107520K)->3395K(99840K)
[503.162s][info][gc,heap        ] GC(595) ParOldGen: 105802K(273408K)->106421K(273408K)
[503.162s][info][gc,metaspace   ] GC(595) Metaspace: 43076K(43456K)->43076K(43456K) NonClass: 40255K(40512K)->40255K(40512K) Class: 2820K(2944K)->2820K(2944K)
[503.162s][info][gc             ] GC(595) Pause Young (Allocation Failure) 222M->107M(482M) 3.857ms
[503.162s][info][gc,cpu         ] GC(595) User=0.01s Sys=0.00s Real=0.00s
[503.580s][info][gc,start       ] GC(596) Pause Young (Allocation Failure)
[503.601s][info][gc,heap        ] GC(596) PSYoungGen: 124227K(220672K)->32564K(224256K) Eden: 120832K(120832K)->0K(120832K) From: 3395K(99840K)->32564K(103424K)
[503.601s][info][gc,heap        ] GC(596) ParOldGen: 106421K(273408K)->106754K(273408K)
[503.601s][info][gc,metaspace   ] GC(596) Metaspace: 43076K(43456K)->43076K(43456K) NonClass: 40255K(40512K)->40255K(40512K) Class: 2820K(2944K)->2820K(2944K)
[503.601s][info][gc             ] GC(596) Pause Young (Allocation Failure) 225M->136M(486M) 21.035ms
[503.601s][info][gc,cpu         ] GC(596) User=0.04s Sys=0.00s Real=0.02s
[504.002s][info][gc,start       ] GC(597) Pause Young (Allocation Failure)
[504.009s][info][gc,heap        ] GC(597) PSYoungGen: 153396K(224256K)->8113K(227840K) Eden: 120832K(120832K)->0K(133120K) From: 32564K(103424K)->8113K(94720K)
[504.009s][info][gc,heap        ] GC(597) ParOldGen: 106754K(273408K)->107328K(273408K)
[504.009s][info][gc,metaspace   ] GC(597) Metaspace: 43076K(43456K)->43076K(43456K) NonClass: 40255K(40512K)->40255K(40512K) Class: 2820K(2944K)->2820K(2944K)
[504.009s][info][gc             ] GC(597) Pause Young (Allocation Failure) 254M->112M(489M) 6.365ms
[504.009s][info][gc,cpu         ] GC(597) User=0.01s Sys=0.00s Real=0.01s
[504.445s][info][gc,start       ] GC(598) Pause Young (Allocation Failure)
[504.465s][info][gc,heap        ] GC(598) PSYoungGen: 141233K(227840K)->28939K(227328K) Eden: 133120K(133120K)->0K(133120K) From: 8113K(94720K)->28939K(94208K)
[504.465s][info][gc,heap        ] GC(598) ParOldGen: 107328K(273408K)->108017K(273408K)
[504.465s][info][gc,metaspace   ] GC(598) Metaspace: 43076K(43456K)->43076K(43456K) NonClass: 40255K(40512K)->40255K(40512K) Class: 2820K(2944K)->2820K(2944K)
[504.465s][info][gc             ] GC(598) Pause Young (Allocation Failure) 242M->133M(489M) 20.063ms
[504.465s][info][gc,cpu         ] GC(598) User=0.04s Sys=0.00s Real=0.02s
[504.899s][info][gc,start       ] GC(599) Pause Young (Allocation Failure)
[504.911s][info][gc,heap        ] GC(599) PSYoungGen: 162059K(227328K)->20178K(235520K) Eden: 133120K(133120K)->0K(148992K) From: 28939K(94208K)->20178K(86528K)
[504.911s][info][gc,heap        ] GC(599) ParOldGen: 108017K(273408K)->108442K(273408K)
[504.911s][info][gc,metaspace   ] GC(599) Metaspace: 43076K(43456K)->43076K(43456K) NonClass: 40255K(40512K)->40255K(40512K) Class: 2820K(2944K)->2820K(2944K)
[504.911s][info][gc             ] GC(599) Pause Young (Allocation Failure) 263M->125M(497M) 12.736ms
[504.911s][info][gc,cpu         ] GC(599) User=0.02s Sys=0.00s Real=0.01s
[505.450s][info][gc,start       ] GC(600) Pause Young (Allocation Failure)
[505.466s][info][gc,heap        ] GC(600) PSYoungGen: 169170K(235520K)->22995K(232960K) Eden: 148992K(148992K)->0K(148992K) From: 20178K(86528K)->22995K(83968K)
[505.466s][info][gc,heap        ] GC(600) ParOldGen: 108442K(273408K)->108648K(273408K)
[505.466s][info][gc,metaspace   ] GC(600) Metaspace: 43076K(43456K)->43076K(43456K) NonClass: 40255K(40512K)->40255K(40512K) Class: 2820K(2944K)->2820K(2944K)
[505.466s][info][gc             ] GC(600) Pause Young (Allocation Failure) 271M->128M(494M) 16.211ms
[505.466s][info][gc,cpu         ] GC(600) User=0.03s Sys=0.00s Real=0.02s
[505.965s][info][gc,start       ] GC(601) Pause Young (Allocation Failure)
[505.980s][info][gc,heap        ] GC(601) PSYoungGen: 171987K(232960K)->22824K(245248K) Eden: 148992K(148992K)->0K(167936K) From: 22995K(83968K)->22824K(77312K)
[505.980s][info][gc,heap        ] GC(601) ParOldGen: 108648K(273408K)->109035K(273408K)
[505.980s][info][gc,metaspace   ] GC(601) Metaspace: 43076K(43456K)->43076K(43456K) NonClass: 40255K(40512K)->40255K(40512K) Class: 2820K(2944K)->2820K(2944K)
[505.980s][info][gc             ] GC(601) Pause Young (Allocation Failure) 274M->128M(506M) 15.018ms
[505.980s][info][gc,cpu         ] GC(601) User=0.03s Sys=0.00s Real=0.01s
[506.504s][info][gc,start       ] GC(602) Pause Young (Allocation Failure)
[506.517s][info][gc,heap        ] GC(602) PSYoungGen: 190760K(245248K)->817K(242688K) Eden: 167936K(167936K)->0K(167936K) From: 22824K(77312K)->817K(74752K)
[506.517s][info][gc,heap        ] GC(602) ParOldGen: 109035K(273408K)->130750K(273408K)
[506.517s][info][gc,metaspace   ] GC(602) Metaspace: 43076K(43456K)->43076K(43456K) NonClass: 40255K(40512K)->40255K(40512K) Class: 2820K(2944K)->2820K(2944K)
[506.517s][info][gc             ] GC(602) Pause Young (Allocation Failure) 292M->128M(504M) 13.361ms
[506.517s][info][gc,cpu         ] GC(602) User=0.02s Sys=0.00s Real=0.02s
[507.071s][info][gc,start       ] GC(603) Pause Young (Allocation Failure)
[507.074s][info][gc,heap        ] GC(603) PSYoungGen: 168753K(242688K)->1293K(257536K) Eden: 167936K(167936K)->0K(182784K) From: 817K(74752K)->1293K(74752K)
[507.074s][info][gc,heap        ] GC(603) ParOldGen: 130750K(273408K)->130798K(273408K)
[507.074s][info][gc,metaspace   ] GC(603) Metaspace: 43076K(43456K)->43076K(43456K) NonClass: 40255K(40512K)->40255K(40512K) Class: 2820K(2944K)->2820K(2944K)
[507.074s][info][gc             ] GC(603) Pause Young (Allocation Failure) 292M->128M(518M) 2.627ms
[507.074s][info][gc,cpu         ] GC(603) User=0.01s Sys=0.00s Real=0.00s
[507.627s][info][gc,start       ] GC(604) Pause Young (Allocation Failure)
[507.631s][info][gc,heap        ] GC(604) PSYoungGen: 184077K(257536K)->3804K(256512K) Eden: 182784K(182784K)->0K(182784K) From: 1293K(74752K)->3804K(73728K)
[507.632s][info][gc,heap        ] GC(604) ParOldGen: 130798K(273408K)->131246K(273408K)
[507.632s][info][gc,metaspace   ] GC(604) Metaspace: 43076K(43456K)->43076K(43456K) NonClass: 40255K(40512K)->40255K(40512K) Class: 2820K(2944K)->2820K(2944K)
[507.632s][info][gc             ] GC(604) Pause Young (Allocation Failure) 307M->131M(517M) 4.907ms
[507.632s][info][gc,cpu         ] GC(604) User=0.01s Sys=0.00s Real=0.00s
[507.947s][info][gc,start       ] GC(605) Pause Young (Allocation Failure)
[507.953s][info][gc,heap        ] GC(605) PSYoungGen: 186588K(256512K)->3662K(258048K) Eden: 182784K(182784K)->0K(187392K) From: 3804K(73728K)->3662K(70656K)
[507.953s][info][gc,heap        ] GC(605) ParOldGen: 131246K(273408K)->133274K(273408K)
[507.953s][info][gc,metaspace   ] GC(605) Metaspace: 43076K(43456K)->43076K(43456K) NonClass: 40255K(40512K)->40255K(40512K) Class: 2820K(2944K)->2820K(2944K)
[507.953s][info][gc             ] GC(605) Pause Young (Allocation Failure) 310M->133M(519M) 5.430ms
[507.953s][info][gc,cpu         ] GC(605) User=0.01s Sys=0.01s Real=0.00s
[508.278s][info][gc,start       ] GC(606) Pause Young (Allocation Failure)
[508.281s][info][gc,heap        ] GC(606) PSYoungGen: 191054K(258048K)->3054K(257024K) Eden: 187392K(187392K)->0K(187392K) From: 3662K(70656K)->3054K(69632K)
[508.282s][info][gc,heap        ] GC(606) ParOldGen: 133274K(273408K)->133362K(273408K)
[508.282s][info][gc,metaspace   ] GC(606) Metaspace: 43076K(43456K)->43076K(43456K) NonClass: 40255K(40512K)->40255K(40512K) Class: 2820K(2944K)->2820K(2944K)
[508.282s][info][gc             ] GC(606) Pause Young (Allocation Failure) 316M->133M(518M) 3.433ms
[508.282s][info][gc,cpu         ] GC(606) User=0.01s Sys=0.00s Real=0.00s
[508.640s][info][gc,start       ] GC(607) Pause Young (Allocation Failure)
[508.648s][info][gc,heap        ] GC(607) PSYoungGen: 188947K(257024K)->10493K(260608K) Eden: 185892K(187392K)->0K(197120K) From: 3054K(69632K)->10493K(63488K)
[508.648s][info][gc,heap        ] GC(607) ParOldGen: 133362K(273408K)->133622K(273408K)
[508.648s][info][gc,metaspace   ] GC(607) Metaspace: 43076K(43456K)->43076K(43456K) NonClass: 40255K(40512K)->40255K(40512K) Class: 2820K(2944K)->2820K(2944K)
[508.648s][info][gc             ] GC(607) Pause Young (Allocation Failure) 314M->140M(521M) 7.914ms
[508.648s][info][gc,cpu         ] GC(607) User=0.02s Sys=0.00s Real=0.01s
[508.912s][info][gc,start       ] GC(608) Pause Young (Allocation Failure)
[508.920s][info][gc,heap        ] GC(608) PSYoungGen: 206888K(260608K)->1468K(260608K) Eden: 196395K(197120K)->0K(197120K) From: 10493K(63488K)->1468K(63488K)
[508.920s][info][gc,heap        ] GC(608) ParOldGen: 133622K(273408K)->143970K(273408K)
[508.920s][info][gc,metaspace   ] GC(608) Metaspace: 43076K(43456K)->43076K(43456K) NonClass: 40255K(40512K)->40255K(40512K) Class: 2820K(2944K)->2820K(2944K)
[508.920s][info][gc             ] GC(608) Pause Young (Allocation Failure) 332M->142M(521M) 7.887ms
[508.920s][info][gc,cpu         ] GC(608) User=0.01s Sys=0.00s Real=0.01s
[509.186s][info][gc,start       ] GC(609) Pause Young (Allocation Failure)
[509.190s][info][gc,heap        ] GC(609) PSYoungGen: 197032K(260608K)->1548K(267264K) Eden: 195563K(197120K)->0K(208896K) From: 1468K(63488K)->1548K(58368K)
[509.190s][info][gc,heap        ] GC(609) ParOldGen: 143970K(273408K)->145403K(273408K)
[509.190s][info][gc,metaspace   ] GC(609) Metaspace: 43076K(43456K)->43076K(43456K) NonClass: 40255K(40512K)->40255K(40512K) Class: 2820K(2944K)->2820K(2944K)
[509.190s][info][gc             ] GC(609) Pause Young (Allocation Failure) 333M->143M(528M) 4.483ms
[509.191s][info][gc,cpu         ] GC(609) User=0.01s Sys=0.00s Real=0.00s
[509.482s][info][gc,start       ] GC(610) Pause Young (Allocation Failure)
[509.488s][info][gc,heap        ] GC(610) PSYoungGen: 210165K(267264K)->3048K(267776K) Eden: 208616K(208896K)->0K(208896K) From: 1548K(58368K)->3048K(58880K)
[509.488s][info][gc,heap        ] GC(610) ParOldGen: 145403K(273408K)->146946K(273408K)
[509.488s][info][gc,metaspace   ] GC(610) Metaspace: 43076K(43456K)->43076K(43456K) NonClass: 40255K(40512K)->40255K(40512K) Class: 2820K(2944K)->2820K(2944K)
[509.488s][info][gc             ] GC(610) Pause Young (Allocation Failure) 347M->146M(528M) 5.610ms
[509.488s][info][gc,cpu         ] GC(610) User=0.01s Sys=0.00s Real=0.01s
[509.788s][info][gc,start       ] GC(611) Pause Young (Allocation Failure)
[509.797s][info][gc,heap        ] GC(611) PSYoungGen: 210302K(267776K)->5167K(270848K) Eden: 207254K(208896K)->0K(218624K) From: 3048K(58880K)->5167K(52224K)
[509.797s][info][gc,heap        ] GC(611) ParOldGen: 146946K(273408K)->149905K(273408K)
[509.797s][info][gc,metaspace   ] GC(611) Metaspace: 43076K(43456K)->43076K(43456K) NonClass: 40255K(40512K)->40255K(40512K) Class: 2820K(2944K)->2820K(2944K)
[509.797s][info][gc             ] GC(611) Pause Young (Allocation Failure) 348M->151M(531M) 8.969ms
[509.797s][info][gc,cpu         ] GC(611) User=0.01s Sys=0.00s Real=0.01s
[510.114s][info][gc,start       ] GC(612) Pause Young (Allocation Failure)
[510.125s][info][gc,heap        ] GC(612) PSYoungGen: 223791K(270848K)->5856K(271872K) Eden: 218624K(218624K)->0K(218624K) From: 5167K(52224K)->5856K(53248K)
[510.125s][info][gc,heap        ] GC(612) ParOldGen: 149905K(273408K)->155037K(273408K)
[510.125s][info][gc,metaspace   ] GC(612) Metaspace: 43076K(43456K)->43076K(43456K) NonClass: 40255K(40512K)->40255K(40512K) Class: 2820K(2944K)->2820K(2944K)
[510.125s][info][gc             ] GC(612) Pause Young (Allocation Failure) 364M->157M(532M) 11.601ms
[510.125s][info][gc,cpu         ] GC(612) User=0.03s Sys=0.00s Real=0.02s
[510.432s][info][gc,start       ] GC(613) Pause Young (Allocation Failure)
[510.443s][info][gc,heap        ] GC(613) PSYoungGen: 224480K(271872K)->3918K(277504K) Eden: 218624K(218624K)->0K(230400K) From: 5856K(53248K)->3918K(47104K)
[510.443s][info][gc,heap        ] GC(613) ParOldGen: 155037K(273408K)->160936K(273408K)
[510.443s][info][gc,metaspace   ] GC(613) Metaspace: 43076K(43456K)->43076K(43456K) NonClass: 40255K(40512K)->40255K(40512K) Class: 2820K(2944K)->2820K(2944K)
[510.443s][info][gc             ] GC(613) Pause Young (Allocation Failure) 370M->160M(538M) 10.752ms
[510.443s][info][gc,cpu         ] GC(613) User=0.02s Sys=0.00s Real=0.01s
[510.917s][info][gc,start       ] GC(614) Pause Young (Allocation Failure)
[510.936s][info][gc,heap        ] GC(614) PSYoungGen: 234318K(277504K)->17407K(278016K) Eden: 230400K(230400K)->0K(230400K) From: 3918K(47104K)->17407K(47616K)
[510.936s][info][gc,heap        ] GC(614) ParOldGen: 160936K(273408K)->164700K(273408K)
[510.936s][info][gc,metaspace   ] GC(614) Metaspace: 43077K(43456K)->43077K(43456K) NonClass: 40256K(40512K)->40256K(40512K) Class: 2820K(2944K)->2820K(2944K)
[510.936s][info][gc             ] GC(614) Pause Young (Allocation Failure) 385M->177M(538M) 19.607ms
[510.936s][info][gc,cpu         ] GC(614) User=0.04s Sys=0.00s Real=0.02s
[511.436s][info][gc,start       ] GC(615) Pause Young (Allocation Failure)
[511.455s][info][gc,heap        ] GC(615) PSYoungGen: 247807K(278016K)->5147K(281600K) Eden: 230400K(230400K)->0K(239616K) From: 17407K(47616K)->5147K(41984K)
[511.455s][info][gc,heap        ] GC(615) ParOldGen: 164700K(273408K)->181525K(273408K)
[511.455s][info][gc,metaspace   ] GC(615) Metaspace: 43080K(43456K)->43080K(43456K) NonClass: 40260K(40512K)->40260K(40512K) Class: 2820K(2944K)->2820K(2944K)
[511.455s][info][gc             ] GC(615) Pause Young (Allocation Failure) 402M->182M(542M) 18.367ms
[511.455s][info][gc,cpu         ] GC(615) User=0.04s Sys=0.00s Real=0.02s
[512.041s][info][gc,start       ] GC(616) Pause Young (Allocation Failure)
[512.046s][info][gc,heap        ] GC(616) PSYoungGen: 244763K(281600K)->4105K(283648K) Eden: 239616K(239616K)->0K(239616K) From: 5147K(41984K)->4105K(44032K)
[512.046s][info][gc,heap        ] GC(616) ParOldGen: 181525K(273408K)->182693K(273408K)
[512.046s][info][gc,metaspace   ] GC(616) Metaspace: 43086K(43456K)->43086K(43456K) NonClass: 40265K(40512K)->40265K(40512K) Class: 2820K(2944K)->2820K(2944K)
[512.046s][info][gc             ] GC(616) Pause Young (Allocation Failure) 416M->182M(544M) 5.416ms
[512.046s][info][gc,cpu         ] GC(616) User=0.01s Sys=0.00s Real=0.01s
[512.634s][info][gc,start       ] GC(617) Pause Young (Allocation Failure)
[512.637s][info][gc,heap        ] GC(617) PSYoungGen: 243721K(283648K)->2281K(285696K) Eden: 239616K(239616K)->0K(247808K) From: 4105K(44032K)->2281K(37888K)
[512.637s][info][gc,heap        ] GC(617) ParOldGen: 182693K(273408K)->182709K(273408K)
[512.637s][info][gc,metaspace   ] GC(617) Metaspace: 43087K(43456K)->43087K(43456K) NonClass: 40267K(40512K)->40267K(40512K) Class: 2820K(2944K)->2820K(2944K)
[512.637s][info][gc             ] GC(617) Pause Young (Allocation Failure) 416M->180M(546M) 3.121ms
[512.637s][info][gc,cpu         ] GC(617) User=0.01s Sys=0.00s Real=0.01s
[513.240s][info][gc,start       ] GC(618) Pause Young (Allocation Failure)
[513.244s][info][gc,heap        ] GC(618) PSYoungGen: 250089K(285696K)->3971K(287744K) Eden: 247808K(247808K)->0K(247808K) From: 2281K(37888K)->3971K(39936K)
[513.244s][info][gc,heap        ] GC(618) ParOldGen: 182709K(273408K)->182760K(273408K)
[513.244s][info][gc,metaspace   ] GC(618) Metaspace: 43087K(43456K)->43087K(43456K) NonClass: 40267K(40512K)->40267K(40512K) Class: 2820K(2944K)->2820K(2944K)
[513.244s][info][gc             ] GC(618) Pause Young (Allocation Failure) 422M->182M(548M) 4.543ms
[513.244s][info][gc,cpu         ] GC(618) User=0.01s Sys=0.00s Real=0.00s
[513.876s][info][gc,start       ] GC(619) Pause Young (Allocation Failure)
[513.879s][info][gc,heap        ] GC(619) PSYoungGen: 251779K(287744K)->3394K(289792K) Eden: 247808K(247808K)->0K(256000K) From: 3971K(39936K)->3394K(33792K)
[513.879s][info][gc,heap        ] GC(619) ParOldGen: 182760K(273408K)->182824K(273408K)
[513.879s][info][gc,metaspace   ] GC(619) Metaspace: 43093K(43456K)->43093K(43456K) NonClass: 40272K(40512K)->40272K(40512K) Class: 2820K(2944K)->2820K(2944K)
[513.879s][info][gc             ] GC(619) Pause Young (Allocation Failure) 424M->181M(550M) 2.609ms
[513.879s][info][gc,cpu         ] GC(619) User=0.01s Sys=0.00s Real=0.00s
[514.955s][info][gc,start       ] GC(620) Pause Young (Allocation Failure)
[514.961s][info][gc,heap        ] GC(620) PSYoungGen: 259394K(289792K)->4274K(291840K) Eden: 256000K(256000K)->0K(256000K) From: 3394K(33792K)->4274K(35840K)
[514.961s][info][gc,heap        ] GC(620) ParOldGen: 182824K(273408K)->182960K(273408K)
[514.961s][info][gc,metaspace   ] GC(620) Metaspace: 43094K(43456K)->43094K(43456K) NonClass: 40273K(40512K)->40273K(40512K) Class: 2820K(2944K)->2820K(2944K)
[514.961s][info][gc             ] GC(620) Pause Young (Allocation Failure) 431M->182M(552M) 5.812ms
[514.961s][info][gc,cpu         ] GC(620) User=0.01s Sys=0.00s Real=0.00s
[516.129s][info][gc,start       ] GC(621) Pause Young (Allocation Failure)
[516.149s][info][gc,heap        ] GC(621) PSYoungGen: 260274K(291840K)->19524K(296448K) Eden: 256000K(256000K)->0K(262656K) From: 4274K(35840K)->19524K(33792K)
[516.149s][info][gc,heap        ] GC(621) ParOldGen: 182960K(273408K)->186010K(273408K)
[516.149s][info][gc,metaspace   ] GC(621) Metaspace: 43106K(43456K)->43106K(43456K) NonClass: 40285K(40512K)->40285K(40512K) Class: 2820K(2944K)->2820K(2944K)
[516.149s][info][gc             ] GC(621) Pause Young (Allocation Failure) 432M->200M(556M) 20.391ms
[516.149s][info][gc,cpu         ] GC(621) User=0.04s Sys=0.00s Real=0.02s
[516.879s][info][gc,start       ] GC(622) Pause Young (Allocation Failure)
[516.926s][info][gc,heap        ] GC(622) PSYoungGen: 282180K(296448K)->29804K(292864K) Eden: 262656K(262656K)->0K(262656K) From: 19524K(33792K)->29804K(30208K)
[516.926s][info][gc,heap        ] GC(622) ParOldGen: 186010K(273408K)->205158K(273408K)
[516.926s][info][gc,metaspace   ] GC(622) Metaspace: 43106K(43456K)->43106K(43456K) NonClass: 40285K(40512K)->40285K(40512K) Class: 2820K(2944K)->2820K(2944K)
[516.926s][info][gc             ] GC(622) Pause Young (Allocation Failure) 457M->229M(553M) 47.408ms
[516.926s][info][gc,cpu         ] GC(622) User=0.10s Sys=0.00s Real=0.05s
[517.543s][info][gc,start       ] GC(623) Pause Young (Allocation Failure)
[517.598s][info][gc,heap        ] GC(623) PSYoungGen: 292460K(292864K)->27640K(286208K) Eden: 262656K(262656K)->0K(245760K) From: 29804K(30208K)->27640K(40448K)
[517.598s][info][gc,heap        ] GC(623) ParOldGen: 205158K(273408K)->235158K(273408K)
[517.598s][info][gc,metaspace   ] GC(623) Metaspace: 43106K(43456K)->43106K(43456K) NonClass: 40285K(40512K)->40285K(40512K) Class: 2820K(2944K)->2820K(2944K)
[517.598s][info][gc             ] GC(623) Pause Young (Allocation Failure) 485M->256M(546M) 55.512ms
[517.598s][info][gc,cpu         ] GC(623) User=0.11s Sys=0.00s Real=0.06s
[518.918s][info][gc,start       ] GC(624) Pause Young (Allocation Failure)
[518.988s][info][gc,heap        ] GC(624) PSYoungGen: 273400K(286208K)->40614K(286720K) Eden: 245760K(245760K)->0K(245760K) From: 27640K(40448K)->40614K(40960K)
[518.988s][info][gc,heap        ] GC(624) ParOldGen: 235158K(273408K)->262787K(273408K)
[518.988s][info][gc,metaspace   ] GC(624) Metaspace: 43111K(43456K)->43111K(43456K) NonClass: 40291K(40512K)->40291K(40512K) Class: 2820K(2944K)->2820K(2944K)
[518.988s][info][gc             ] GC(624) Pause Young (Allocation Failure) 496M->296M(547M) 70.912ms
[518.989s][info][gc,cpu         ] GC(624) User=0.14s Sys=0.00s Real=0.07s
[522.342s][info][gc,start       ] GC(625) Pause Young (Allocation Failure)
[522.368s][info][gc,heap        ] GC(625) PSYoungGen: 286374K(286720K)->3392K(281600K) Eden: 245760K(245760K)->0K(234496K) From: 40614K(40960K)->3392K(47104K)
[522.368s][info][gc,heap        ] GC(625) ParOldGen: 262787K(273408K)->284668K(284672K)
[522.368s][info][gc,metaspace   ] GC(625) Metaspace: 43116K(43456K)->43116K(43456K) NonClass: 40295K(40512K)->40295K(40512K) Class: 2820K(2944K)->2820K(2944K)
[522.368s][info][gc             ] GC(625) Pause Young (Allocation Failure) 536M->281M(553M) 26.003ms
[522.368s][info][gc,cpu         ] GC(625) User=0.04s Sys=0.01s Real=0.03s
[522.950s][info][gc,start       ] GC(626) Pause Young (Allocation Failure)
[522.980s][info][gc,heap        ] GC(626) PSYoungGen: 237888K(281600K)->26134K(261120K) Eden: 234496K(234496K)->0K(234496K) From: 3392K(47104K)->26134K(26624K)
[522.980s][info][gc,heap        ] GC(626) ParOldGen: 284668K(284672K)->287753K(288256K)
[522.980s][info][gc,metaspace   ] GC(626) Metaspace: 43116K(43456K)->43116K(43456K) NonClass: 40295K(40512K)->40295K(40512K) Class: 2820K(2944K)->2820K(2944K)
[522.980s][info][gc             ] GC(626) Pause Young (Allocation Failure) 510M->306M(536M) 29.806ms
[522.980s][info][gc,cpu         ] GC(626) User=0.06s Sys=0.00s Real=0.03s
[523.576s][info][gc,start       ] GC(627) Pause Young (Allocation Failure)
[523.653s][info][gc,heap        ] GC(627) PSYoungGen: 260630K(261120K)->28760K(281088K) Eden: 234496K(234496K)->0K(230400K) From: 26134K(26624K)->28760K(50688K)
[523.653s][info][gc,heap        ] GC(627) ParOldGen: 287753K(288256K)->313124K(313344K)
[523.653s][info][gc,metaspace   ] GC(627) Metaspace: 43116K(43456K)->43116K(43456K) NonClass: 40295K(40512K)->40295K(40512K) Class: 2820K(2944K)->2820K(2944K)
[523.653s][info][gc             ] GC(627) Pause Young (Allocation Failure) 535M->333M(580M) 77.656ms
[523.653s][info][gc,cpu         ] GC(627) User=0.13s Sys=0.02s Real=0.07s
[524.273s][info][gc,start       ] GC(628) Pause Young (Allocation Failure)
[524.343s][info][gc,heap        ] GC(628) PSYoungGen: 259160K(281088K)->29008K(259584K) Eden: 230400K(230400K)->0K(230400K) From: 28760K(50688K)->29008K(29184K)
[524.343s][info][gc,heap        ] GC(628) ParOldGen: 313124K(313344K)->340204K(340480K)
[524.343s][info][gc,metaspace   ] GC(628) Metaspace: 43116K(43456K)->43116K(43456K) NonClass: 40295K(40512K)->40295K(40512K) Class: 2820K(2944K)->2820K(2944K)
[524.343s][info][gc             ] GC(628) Pause Young (Allocation Failure) 558M->360M(586M) 69.976ms
[524.343s][info][gc,cpu         ] GC(628) User=0.11s Sys=0.02s Real=0.07s
[526.022s][info][gc,start       ] GC(629) Pause Young (Allocation Failure)
[526.071s][info][gc,heap        ] GC(629) PSYoungGen: 259408K(259584K)->12992K(283648K) Eden: 230400K(230400K)->0K(230912K) From: 29008K(29184K)->12992K(52736K)
[526.071s][info][gc,heap        ] GC(629) ParOldGen: 340204K(340480K)->369437K(369664K)
[526.071s][info][gc,metaspace   ] GC(629) Metaspace: 43116K(43456K)->43116K(43456K) NonClass: 40295K(40512K)->40295K(40512K) Class: 2820K(2944K)->2820K(2944K)
[526.071s][info][gc             ] GC(629) Pause Young (Allocation Failure) 585M->373M(638M) 49.068ms
[526.071s][info][gc,cpu         ] GC(629) User=0.07s Sys=0.03s Real=0.05s
[527.325s][info][gc,start       ] GC(630) Pause Young (Allocation Failure)
[527.343s][info][gc,heap        ] GC(630) PSYoungGen: 243904K(283648K)->6416K(237568K) Eden: 230912K(230912K)->0K(230912K) From: 12992K(52736K)->6416K(6656K)
[527.343s][info][gc,heap        ] GC(630) ParOldGen: 369437K(369664K)->379172K(379392K)
[527.343s][info][gc,metaspace   ] GC(630) Metaspace: 43116K(43456K)->43116K(43456K) NonClass: 40295K(40512K)->40295K(40512K) Class: 2820K(2944K)->2820K(2944K)
[527.343s][info][gc             ] GC(630) Pause Young (Allocation Failure) 598M->376M(602M) 18.305ms
[527.343s][info][gc,cpu         ] GC(630) User=0.03s Sys=0.01s Real=0.01s
[528.641s][info][gc,start       ] GC(631) Pause Young (Allocation Failure)
[528.671s][info][gc,heap        ] GC(631) PSYoungGen: 237328K(237568K)->24379K(280576K) Eden: 230912K(230912K)->0K(231424K) From: 6416K(6656K)->24379K(49152K)
[528.671s][info][gc,heap        ] GC(631) ParOldGen: 379172K(379392K)->385591K(386048K)
[528.671s][info][gc,metaspace   ] GC(631) Metaspace: 43116K(43456K)->43116K(43456K) NonClass: 40295K(40512K)->40295K(40512K) Class: 2820K(2944K)->2820K(2944K)
[528.671s][info][gc             ] GC(631) Pause Young (Allocation Failure) 602M->400M(651M) 30.394ms
[528.672s][info][gc,cpu         ] GC(631) User=0.06s Sys=0.01s Real=0.03s
[530.061s][info][gc,start       ] GC(632) Pause Young (Allocation Failure)
[530.114s][info][gc,heap        ] GC(632) PSYoungGen: 255803K(280576K)->20864K(280064K) Eden: 231424K(231424K)->0K(231424K) From: 24379K(49152K)->20864K(48640K)
[530.114s][info][gc,heap        ] GC(632) ParOldGen: 385591K(386048K)->409831K(410112K)
[530.114s][info][gc,metaspace   ] GC(632) Metaspace: 43116K(43456K)->43116K(43456K) NonClass: 40295K(40512K)->40295K(40512K) Class: 2820K(2944K)->2820K(2944K)
[530.115s][info][gc             ] GC(632) Pause Young (Allocation Failure) 626M->420M(674M) 53.839ms
[530.115s][info][gc,cpu         ] GC(632) User=0.08s Sys=0.02s Real=0.06s
[531.387s][info][gc,start       ] GC(633) Pause Young (Allocation Failure)
[531.438s][info][gc,heap        ] GC(633) PSYoungGen: 252288K(280064K)->27215K(282624K) Eden: 231424K(231424K)->0K(235520K) From: 20864K(48640K)->27215K(47104K)
[531.438s][info][gc,heap        ] GC(633) ParOldGen: 409831K(410112K)->430749K(431104K)
[531.438s][info][gc,metaspace   ] GC(633) Metaspace: 43116K(43456K)->43116K(43456K) NonClass: 40295K(40512K)->40295K(40512K) Class: 2820K(2944K)->2820K(2944K)
[531.438s][info][gc             ] GC(633) Pause Young (Allocation Failure) 646M->447M(697M) 50.460ms
[531.438s][info][gc,cpu         ] GC(633) User=0.08s Sys=0.02s Real=0.05s
[532.052s][info][gc,start       ] GC(634) Pause Young (Allocation Failure)
[532.115s][info][gc,heap        ] GC(634) PSYoungGen: 262735K(282624K)->29228K(283136K) Eden: 235520K(235520K)->0K(235520K) From: 27215K(47104K)->29228K(47616K)
[532.115s][info][gc,heap        ] GC(634) ParOldGen: 430749K(431104K)->458082K(458240K)
[532.115s][info][gc,metaspace   ] GC(634) Metaspace: 43116K(43456K)->43116K(43456K) NonClass: 40295K(40512K)->40295K(40512K) Class: 2820K(2944K)->2820K(2944K)
[532.115s][info][gc             ] GC(634) Pause Young (Allocation Failure) 677M->475M(724M) 62.241ms
[532.115s][info][gc,cpu         ] GC(634) User=0.10s Sys=0.02s Real=0.07s
[532.733s][info][gc,start       ] GC(635) Pause Young (Allocation Failure)
[532.805s][info][gc,heap        ] GC(635) PSYoungGen: 264748K(283136K)->28760K(284160K) Eden: 235520K(235520K)->0K(235520K) From: 29228K(47616K)->28760K(48640K)
[532.805s][info][gc,heap        ] GC(635) ParOldGen: 458082K(458240K)->486633K(486912K)
[532.805s][info][gc,metaspace   ] GC(635) Metaspace: 43116K(43456K)->43116K(43456K) NonClass: 40295K(40512K)->40295K(40512K) Class: 2820K(2944K)->2820K(2944K)
[532.805s][info][gc             ] GC(635) Pause Young (Allocation Failure) 705M->503M(753M) 71.910ms
[532.805s][info][gc,cpu         ] GC(635) User=0.11s Sys=0.03s Real=0.08s
[533.436s][info][gc,start       ] GC(636) Pause Young (Allocation Failure)
[533.503s][info][gc,heap        ] GC(636) PSYoungGen: 264280K(284160K)->29520K(265216K) Eden: 235520K(235520K)->0K(235520K) From: 28760K(48640K)->29520K(29696K)
[533.503s][info][gc,heap        ] GC(636) ParOldGen: 486633K(486912K)->513697K(514048K)
[533.503s][info][gc,metaspace   ] GC(636) Metaspace: 43116K(43456K)->43116K(43456K) NonClass: 40295K(40512K)->40295K(40512K) Class: 2820K(2944K)->2820K(2944K)
[533.503s][info][gc             ] GC(636) Pause Young (Allocation Failure) 733M->530M(761M) 66.393ms
[533.503s][info][gc,cpu         ] GC(636) User=0.11s Sys=0.01s Real=0.06s
[535.207s][info][gc,start       ] GC(637) Pause Young (Allocation Failure)
[535.247s][info][gc,heap        ] GC(637) PSYoungGen: 265040K(265216K)->7288K(284672K) Eden: 235520K(235520K)->0K(235008K) From: 29520K(29696K)->7288K(49664K)
[535.247s][info][gc,heap        ] GC(637) ParOldGen: 513697K(514048K)->543430K(543744K)
[535.247s][info][gc,metaspace   ] GC(637) Metaspace: 43116K(43456K)->43116K(43456K) NonClass: 40295K(40512K)->40295K(40512K) Class: 2820K(2944K)->2820K(2944K)
[535.247s][info][gc             ] GC(637) Pause Young (Allocation Failure) 760M->537M(809M) 40.330ms
[535.247s][info][gc,cpu         ] GC(637) User=0.05s Sys=0.03s Real=0.04s
[536.513s][info][gc,start       ] GC(638) Pause Young (Allocation Failure)
[536.522s][info][gc,heap        ] GC(638) PSYoungGen: 242296K(284672K)->905K(284160K) Eden: 235008K(235008K)->0K(235008K) From: 7288K(49664K)->905K(49152K)
[536.522s][info][gc,heap        ] GC(638) ParOldGen: 543430K(543744K)->549872K(549888K)
[536.522s][info][gc,metaspace   ] GC(638) Metaspace: 43116K(43456K)->43116K(43456K) NonClass: 40295K(40512K)->40295K(40512K) Class: 2820K(2944K)->2820K(2944K)
[536.522s][info][gc             ] GC(638) Pause Young (Allocation Failure) 767M->537M(814M) 9.400ms
[536.522s][info][gc,cpu         ] GC(638) User=0.01s Sys=0.00s Real=0.01s
[537.830s][info][gc,start       ] GC(639) Pause Young (Allocation Failure)
[537.856s][info][gc,heap        ] GC(639) PSYoungGen: 235913K(284160K)->24698K(284160K) Eden: 235008K(235008K)->0K(235008K) From: 905K(49152K)->24698K(49152K)
[537.856s][info][gc,heap        ] GC(639) ParOldGen: 549872K(549888K)->550504K(550912K)
[537.856s][info][gc,metaspace   ] GC(639) Metaspace: 43116K(43456K)->43116K(43456K) NonClass: 40295K(40512K)->40295K(40512K) Class: 2820K(2944K)->2820K(2944K)
[537.856s][info][gc             ] GC(639) Pause Young (Allocation Failure) 767M->561M(815M) 25.899ms
[537.856s][info][gc,cpu         ] GC(639) User=0.05s Sys=0.00s Real=0.03s
[539.249s][info][gc,start       ] GC(640) Pause Young (Allocation Failure)
[539.303s][info][gc,heap        ] GC(640) PSYoungGen: 259706K(284160K)->22849K(258048K) Eden: 235008K(235008K)->0K(235008K) From: 24698K(49152K)->22849K(23040K)
[539.303s][info][gc,heap        ] GC(640) ParOldGen: 550504K(550912K)->575300K(575488K)
[539.303s][info][gc,metaspace   ] GC(640) Metaspace: 43116K(43456K)->43116K(43456K) NonClass: 40295K(40512K)->40295K(40512K) Class: 2820K(2944K)->2820K(2944K)
[539.303s][info][gc             ] GC(640) Pause Young (Allocation Failure) 791M->584M(814M) 54.206ms
[539.303s][info][gc,cpu         ] GC(640) User=0.08s Sys=0.02s Real=0.05s
[540.603s][info][gc,start       ] GC(641) Pause Young (Allocation Failure)
[540.662s][info][gc,heap        ] GC(641) PSYoungGen: 257857K(258048K)->16974K(285696K) Eden: 235008K(235008K)->0K(238080K) From: 22849K(23040K)->16974K(47616K)
[540.662s][info][gc,heap        ] GC(641) ParOldGen: 575300K(575488K)->598153K(598528K)
[540.662s][info][gc,metaspace   ] GC(641) Metaspace: 43116K(43456K)->43116K(43456K) NonClass: 40295K(40512K)->40295K(40512K) Class: 2820K(2944K)->2820K(2944K)
[540.662s][info][gc             ] GC(641) Pause Young (Allocation Failure) 813M->600M(863M) 59.642ms
[540.662s][info][gc,cpu         ] GC(641) User=0.07s Sys=0.02s Real=0.06s
[541.602s][info][gc,start       ] GC(642) Pause Young (Allocation Failure)
[541.634s][info][gc,heap        ] GC(642) PSYoungGen: 255054K(285696K)->13185K(283136K) Eden: 238080K(238080K)->0K(238080K) From: 16974K(47616K)->13185K(45056K)
[541.634s][info][gc,heap        ] GC(642) ParOldGen: 598153K(598528K)->615133K(615424K)
[541.634s][info][gc,metaspace   ] GC(642) Metaspace: 43116K(43456K)->43116K(43456K) NonClass: 40295K(40512K)->40295K(40512K) Class: 2820K(2944K)->2820K(2944K)
[541.634s][info][gc             ] GC(642) Pause Young (Allocation Failure) 833M->613M(877M) 32.600ms
[541.634s][info][gc,cpu         ] GC(642) User=0.05s Sys=0.01s Real=0.03s
[542.534s][info][gc,start       ] GC(643) Pause Young (Allocation Failure)
[542.552s][info][gc,heap        ] GC(643) PSYoungGen: 251265K(283136K)->19117K(286208K) Eden: 238080K(238080K)->0K(243712K) From: 13185K(45056K)->19117K(42496K)
[542.552s][info][gc,heap        ] GC(643) ParOldGen: 615133K(615424K)->615853K(615936K)
[542.552s][info][gc,metaspace   ] GC(643) Metaspace: 43116K(43456K)->43116K(43456K) NonClass: 40295K(40512K)->40295K(40512K) Class: 2820K(2944K)->2820K(2944K)
[542.552s][info][gc             ] GC(643) Pause Young (Allocation Failure) 846M->620M(881M) 18.434ms
[542.552s][info][gc,cpu         ] GC(643) User=0.04s Sys=0.00s Real=0.02s
[543.515s][info][gc,start       ] GC(644) Pause Young (Allocation Failure)
[543.523s][info][gc,heap        ] GC(644) PSYoungGen: 262829K(286208K)->6669K(284672K) Eden: 243712K(243712K)->0K(243712K) From: 19117K(42496K)->6669K(40960K)
[543.524s][info][gc,heap        ] GC(644) ParOldGen: 615853K(615936K)->616837K(616960K)
[543.524s][info][gc,metaspace   ] GC(644) Metaspace: 43116K(43456K)->43116K(43456K) NonClass: 40295K(40512K)->40295K(40512K) Class: 2820K(2944K)->2820K(2944K)
[543.524s][info][gc             ] GC(644) Pause Young (Allocation Failure) 858M->608M(880M) 9.024ms
[543.524s][info][gc,cpu         ] GC(644) User=0.01s Sys=0.00s Real=0.00s
[544.376s][info][gc,start       ] GC(645) Pause Young (Allocation Failure)
[544.382s][info][gc,heap        ] GC(645) PSYoungGen: 248587K(284672K)->1549K(290816K) Eden: 241918K(243712K)->0K(249856K) From: 6669K(40960K)->1549K(40960K)
[544.382s][info][gc,heap        ] GC(645) ParOldGen: 616837K(616960K)->618445K(618496K)
[544.382s][info][gc,metaspace   ] GC(645) Metaspace: 43116K(43456K)->43116K(43456K) NonClass: 40295K(40512K)->40295K(40512K) Class: 2820K(2944K)->2820K(2944K)
[544.382s][info][gc             ] GC(645) Pause Young (Allocation Failure) 845M->605M(888M) 5.948ms
[544.382s][info][gc,cpu         ] GC(645) User=0.01s Sys=0.00s Real=0.00s
[545.321s][info][gc,start       ] GC(646) Pause Young (Allocation Failure)
[545.348s][info][gc,heap        ] GC(646) PSYoungGen: 251405K(290816K)->28127K(278016K) Eden: 249856K(249856K)->0K(249856K) From: 1549K(40960K)->28127K(28160K)
[545.348s][info][gc,heap        ] GC(646) ParOldGen: 618445K(618496K)->619597K(620032K)
[545.348s][info][gc,metaspace   ] GC(646) Metaspace: 43116K(43456K)->43116K(43456K) NonClass: 40295K(40512K)->40295K(40512K) Class: 2820K(2944K)->2820K(2944K)
[545.348s][info][gc             ] GC(646) Pause Young (Allocation Failure) 849M->632M(877M) 27.075ms
[545.348s][info][gc,cpu         ] GC(646) User=0.05s Sys=0.01s Real=0.03s
[546.424s][info][gc,start       ] GC(647) Pause Young (Allocation Failure)
[546.448s][info][gc,heap        ] GC(647) PSYoungGen: 277983K(278016K)->8258K(291840K) Eden: 249856K(249856K)->0K(248320K) From: 28127K(28160K)->8258K(43520K)
[546.448s][info][gc,heap        ] GC(647) ParOldGen: 619597K(620032K)->620373K(620544K)
[546.448s][info][gc,metaspace   ] GC(647) Metaspace: 43116K(43456K)->43116K(43456K) NonClass: 40295K(40512K)->40295K(40512K) Class: 2820K(2944K)->2820K(2944K)
[546.448s][info][gc             ] GC(647) Pause Young (Allocation Failure) 876M->613M(891M) 24.585ms
[546.448s][info][gc,cpu         ] GC(647) User=0.02s Sys=0.00s Real=0.03s
[547.320s][info][gc,start       ] GC(648) Pause Young (Allocation Failure)
[547.330s][info][gc,heap        ] GC(648) PSYoungGen: 256578K(291840K)->7891K(256512K) Eden: 248320K(248320K)->0K(248320K) From: 8258K(43520K)->7891K(8192K)
[547.330s][info][gc,heap        ] GC(648) ParOldGen: 620373K(620544K)->621365K(621568K)
[547.330s][info][gc,metaspace   ] GC(648) Metaspace: 43116K(43456K)->43116K(43456K) NonClass: 40295K(40512K)->40295K(40512K) Class: 2820K(2944K)->2820K(2944K)
[547.330s][info][gc             ] GC(648) Pause Young (Allocation Failure) 856M->614M(857M) 10.026ms
[547.330s][info][gc,cpu         ] GC(648) User=0.02s Sys=0.00s Real=0.01s
[548.262s][info][gc,start       ] GC(649) Pause Young (Allocation Failure)
[548.275s][info][gc,heap        ] GC(649) PSYoungGen: 256211K(256512K)->11268K(291328K) Eden: 248320K(248320K)->0K(250368K) From: 7891K(8192K)->11268K(40960K)
[548.275s][info][gc,heap        ] GC(649) ParOldGen: 621365K(621568K)->622477K(622592K)
[548.275s][info][gc,metaspace   ] GC(649) Metaspace: 43116K(43456K)->43116K(43456K) NonClass: 40296K(40512K)->40296K(40512K) Class: 2820K(2944K)->2820K(2944K)
[548.275s][info][gc             ] GC(649) Pause Young (Allocation Failure) 857M->618M(892M) 12.878ms
[548.275s][info][gc,cpu         ] GC(649) User=0.02s Sys=0.01s Real=0.02s
[549.142s][info][gc,start       ] GC(650) Pause Young (Allocation Failure)
[549.159s][info][gc,heap        ] GC(650) PSYoungGen: 261636K(291328K)->14697K(289280K) Eden: 250368K(250368K)->0K(250368K) From: 11268K(40960K)->14697K(38912K)
[549.159s][info][gc,heap        ] GC(650) ParOldGen: 622477K(622592K)->623537K(623616K)
[549.159s][info][gc,metaspace   ] GC(650) Metaspace: 43116K(43456K)->43116K(43456K) NonClass: 40296K(40512K)->40296K(40512K) Class: 2820K(2944K)->2820K(2944K)
[549.159s][info][gc             ] GC(650) Pause Young (Allocation Failure) 863M->623M(891M) 17.457ms
[549.160s][info][gc,cpu         ] GC(650) User=0.04s Sys=0.00s Real=0.02s
[550.089s][info][gc,start       ] GC(651) Pause Young (Allocation Failure)
[550.109s][info][gc,heap        ] GC(651) PSYoungGen: 265065K(289280K)->22512K(290304K) Eden: 250368K(250368K)->0K(253440K) From: 14697K(38912K)->22512K(36864K)
[550.109s][info][gc,heap        ] GC(651) ParOldGen: 623537K(623616K)->624497K(624640K)
[550.109s][info][gc,metaspace   ] GC(651) Metaspace: 43116K(43456K)->43116K(43456K) NonClass: 40296K(40512K)->40296K(40512K) Class: 2820K(2944K)->2820K(2944K)
[550.109s][info][gc             ] GC(651) Pause Young (Allocation Failure) 867M->631M(893M) 19.465ms
[550.109s][info][gc,cpu         ] GC(651) User=0.04s Sys=0.00s Real=0.02s
[551.101s][info][gc,start       ] GC(652) Pause Young (Allocation Failure)
[551.153s][info][gc,heap        ] GC(652) PSYoungGen: 275952K(290304K)->30441K(290816K) Eden: 253440K(253440K)->0K(253440K) From: 22512K(36864K)->30441K(37376K)
[551.153s][info][gc,heap        ] GC(652) ParOldGen: 624497K(624640K)->639255K(639488K)
[551.153s][info][gc,metaspace   ] GC(652) Metaspace: 43116K(43456K)->43116K(43456K) NonClass: 40296K(40512K)->40296K(40512K) Class: 2820K(2944K)->2820K(2944K)
[551.153s][info][gc             ] GC(652) Pause Young (Allocation Failure) 879M->654M(908M) 52.901ms
[551.154s][info][gc,cpu         ] GC(652) User=0.09s Sys=0.01s Real=0.05s
[552.353s][info][gc,start       ] GC(653) Pause Full (Allocation Failure)
[552.353s][info][gc,phases,start] GC(653) Marking Phase
[552.440s][info][gc,phases      ] GC(653) Marking Phase 86.942ms
[552.440s][info][gc,phases,start] GC(653) Summary Phase
[552.440s][info][gc,phases      ] GC(653) Summary Phase 0.035ms
[552.440s][info][gc,phases,start] GC(653) Forward
[552.457s][info][gc,phases      ] GC(653) Forward 17.516ms
[552.458s][info][gc,phases,start] GC(653) Adjust Pointers
[552.500s][info][gc,phases      ] GC(653) Adjust Pointers 42.263ms
[552.500s][info][gc,phases,start] GC(653) Compaction Phase
[552.519s][info][gc,phases      ] GC(653) Compaction Phase 19.409ms
[552.519s][info][gc,phases,start] GC(653) Post Compact
[552.522s][info][gc,phases      ] GC(653) Post Compact 2.682ms
[552.559s][info][gc,heap        ] GC(653) PSYoungGen: 283881K(290816K)->0K(292864K) Eden: 253440K(253440K)->0K(251904K) From: 30441K(37376K)->0K(40960K)
[552.559s][info][gc,heap        ] GC(653) ParOldGen: 639255K(639488K)->87185K(226816K)
[552.559s][info][gc,metaspace   ] GC(653) Metaspace: 43120K(43520K)->43120K(43520K) NonClass: 40299K(40576K)->40299K(40576K) Class: 2820K(2944K)->2820K(2944K)
[552.559s][info][gc             ] GC(653) Pause Full (Allocation Failure) 901M->85M(507M) 206.613ms
[552.559s][info][gc,cpu         ] GC(653) User=0.24s Sys=0.03s Real=0.21s
[553.502s][info][gc,start       ] GC(654) Pause Young (Allocation Failure)
[553.518s][info][gc,heap        ] GC(654) PSYoungGen: 251904K(292864K)->14882K(267264K) Eden: 251904K(251904K)->0K(251904K) From: 0K(40960K)->14882K(15360K)
[553.518s][info][gc,heap        ] GC(654) ParOldGen: 87185K(226816K)->87185K(226816K)
[553.518s][info][gc,metaspace   ] GC(654) Metaspace: 43120K(43520K)->43120K(43520K) NonClass: 40299K(40576K)->40299K(40576K) Class: 2820K(2944K)->2820K(2944K)
[553.518s][info][gc             ] GC(654) Pause Young (Allocation Failure) 331M->99M(482M) 15.725ms
[553.518s][info][gc,cpu         ] GC(654) User=0.03s Sys=0.00s Real=0.02s
[554.293s][info][gc,start       ] GC(655) Pause Young (Allocation Failure)
[554.314s][info][gc,heap        ] GC(655) PSYoungGen: 266786K(267264K)->11981K(292352K) Eden: 251904K(251904K)->0K(253440K) From: 14882K(15360K)->11981K(38912K)
[554.314s][info][gc,heap        ] GC(655) ParOldGen: 87185K(226816K)->99341K(226816K)
[554.314s][info][gc,metaspace   ] GC(655) Metaspace: 43120K(43520K)->43120K(43520K) NonClass: 40299K(40576K)->40299K(40576K) Class: 2820K(2944K)->2820K(2944K)
[554.314s][info][gc             ] GC(655) Pause Young (Allocation Failure) 345M->108M(507M) 20.909ms
[554.314s][info][gc,cpu         ] GC(655) User=0.04s Sys=0.00s Real=0.02s
[555.148s][info][gc,start       ] GC(656) Pause Young (Allocation Failure)
[555.174s][info][gc,heap        ] GC(656) PSYoungGen: 265421K(292352K)->32842K(290816K) Eden: 253440K(253440K)->0K(253440K) From: 11981K(38912K)->32842K(37376K)
[555.174s][info][gc,heap        ] GC(656) ParOldGen: 99341K(226816K)->107452K(226816K)
[555.174s][info][gc,metaspace   ] GC(656) Metaspace: 43120K(43520K)->43120K(43520K) NonClass: 40299K(40576K)->40299K(40576K) Class: 2820K(2944K)->2820K(2944K)
[555.174s][info][gc             ] GC(656) Pause Young (Allocation Failure) 356M->137M(505M) 25.516ms
[555.174s][info][gc,cpu         ] GC(656) User=0.05s Sys=0.00s Real=0.02s
[556.097s][info][gc,start       ] GC(657) Pause Young (Allocation Failure)
[556.132s][info][gc,heap        ] GC(657) PSYoungGen: 286282K(290816K)->41459K(278016K) Eden: 253440K(253440K)->0K(236544K) From: 32842K(37376K)->41459K(41472K)
[556.132s][info][gc,heap        ] GC(657) ParOldGen: 107452K(226816K)->110106K(226816K)
[556.132s][info][gc,metaspace   ] GC(657) Metaspace: 43120K(43520K)->43120K(43520K) NonClass: 40299K(40576K)->40299K(40576K) Class: 2820K(2944K)->2820K(2944K)
[556.132s][info][gc             ] GC(657) Pause Young (Allocation Failure) 384M->148M(493M) 34.976ms
[556.132s][info][gc,cpu         ] GC(657) User=0.06s Sys=0.01s Real=0.03s
[556.965s][info][gc,start       ] GC(658) Pause Young (Allocation Failure)
[557.035s][info][gc,heap        ] GC(658) PSYoungGen: 278003K(278016K)->48639K(285184K) Eden: 236544K(236544K)->0K(236544K) From: 41459K(41472K)->48639K(48640K)
[557.035s][info][gc,heap        ] GC(658) ParOldGen: 110106K(226816K)->162992K(226816K)
[557.035s][info][gc,metaspace   ] GC(658) Metaspace: 43120K(43520K)->43120K(43520K) NonClass: 40299K(40576K)->40299K(40576K) Class: 2820K(2944K)->2820K(2944K)
[557.035s][info][gc             ] GC(658) Pause Young (Allocation Failure) 379M->206M(500M) 70.119ms
[557.035s][info][gc,cpu         ] GC(658) User=0.14s Sys=0.00s Real=0.07s
[557.965s][info][gc,start       ] GC(659) Pause Young (Allocation Failure)
[558.115s][info][gc,heap        ] GC(659) PSYoungGen: 285183K(285184K)->48610K(160256K) Eden: 236544K(236544K)->0K(111616K) From: 48639K(48640K)->48610K(48640K)
[558.116s][info][gc,heap        ] GC(659) ParOldGen: 162992K(226816K)->274508K(274944K)
[558.116s][info][gc,metaspace   ] GC(659) Metaspace: 43120K(43520K)->43120K(43520K) NonClass: 40299K(40576K)->40299K(40576K) Class: 2820K(2944K)->2820K(2944K)
[558.116s][info][gc             ] GC(659) Pause Young (Allocation Failure) 437M->315M(425M) 150.397ms
[558.116s][info][gc,cpu         ] GC(659) User=0.24s Sys=0.05s Real=0.15s
[558.561s][info][gc,start       ] GC(660) Pause Young (Allocation Failure)
[558.660s][info][gc,heap        ] GC(660) PSYoungGen: 160226K(160256K)->63056K(222720K) Eden: 111616K(111616K)->0K(111616K) From: 48610K(48640K)->63056K(111104K)
[558.660s][info][gc,heap        ] GC(660) ParOldGen: 274508K(274944K)->313737K(313856K)
[558.660s][info][gc,metaspace   ] GC(660) Metaspace: 43120K(43520K)->43120K(43520K) NonClass: 40299K(40576K)->40299K(40576K) Class: 2820K(2944K)->2820K(2944K)
[558.660s][info][gc             ] GC(660) Pause Young (Allocation Failure) 424M->367M(524M) 99.157ms
[558.660s][info][gc,cpu         ] GC(660) User=0.17s Sys=0.03s Real=0.10s
[559.075s][info][gc,start       ] GC(661) Pause Young (Allocation Failure)
[559.163s][info][gc,heap        ] GC(661) PSYoungGen: 174672K(222720K)->28335K(222720K) Eden: 111616K(111616K)->0K(111616K) From: 63056K(111104K)->28335K(111104K)
[559.163s][info][gc,heap        ] GC(661) ParOldGen: 313737K(313856K)->370321K(370688K)
[559.163s][info][gc,metaspace   ] GC(661) Metaspace: 43120K(43520K)->43120K(43520K) NonClass: 40299K(40576K)->40299K(40576K) Class: 2820K(2944K)->2820K(2944K)
[559.163s][info][gc             ] GC(661) Pause Young (Allocation Failure) 476M->389M(579M) 88.272ms
[559.163s][info][gc,cpu         ] GC(661) User=0.12s Sys=0.06s Real=0.08s
[559.627s][info][gc,start       ] GC(662) Pause Young (Allocation Failure)
[559.648s][info][gc,heap        ] GC(662) PSYoungGen: 139951K(222720K)->4179K(222720K) Eden: 111616K(111616K)->0K(111616K) From: 28335K(111104K)->4179K(111104K)
[559.648s][info][gc,heap        ] GC(662) ParOldGen: 370321K(370688K)->385833K(386048K)
[559.648s][info][gc,metaspace   ] GC(662) Metaspace: 43121K(43520K)->43121K(43520K) NonClass: 40301K(40576K)->40301K(40576K) Class: 2820K(2944K)->2820K(2944K)
[559.649s][info][gc             ] GC(662) Pause Young (Allocation Failure) 498M->380M(594M) 21.696ms
[559.649s][info][gc,cpu         ] GC(662) User=0.03s Sys=0.01s Real=0.02s
[560.072s][info][gc,start       ] GC(663) Pause Young (Allocation Failure)
[560.093s][info][gc,heap        ] GC(663) PSYoungGen: 115795K(222720K)->28430K(217600K) Eden: 111616K(111616K)->0K(111616K) From: 4179K(111104K)->28430K(105984K)
[560.093s][info][gc,heap        ] GC(663) ParOldGen: 385833K(386048K)->386412K(386560K)
[560.093s][info][gc,metaspace   ] GC(663) Metaspace: 43121K(43520K)->43121K(43520K) NonClass: 40301K(40576K)->40301K(40576K) Class: 2820K(2944K)->2820K(2944K)
[560.093s][info][gc             ] GC(663) Pause Young (Allocation Failure) 489M->405M(590M) 21.514ms
[560.093s][info][gc,cpu         ] GC(663) User=0.04s Sys=0.01s Real=0.02s
[560.520s][info][gc,start       ] GC(664) Pause Young (Allocation Failure)
[560.529s][info][gc,heap        ] GC(664) PSYoungGen: 140046K(217600K)->8739K(220160K) Eden: 111616K(111616K)->0K(111616K) From: 28430K(105984K)->8739K(108544K)
[560.529s][info][gc,heap        ] GC(664) ParOldGen: 386412K(386560K)->386957K(387072K)
[560.529s][info][gc,metaspace   ] GC(664) Metaspace: 43121K(43520K)->43121K(43520K) NonClass: 40301K(40576K)->40301K(40576K) Class: 2820K(2944K)->2820K(2944K)
[560.529s][info][gc             ] GC(664) Pause Young (Allocation Failure) 514M->386M(593M) 8.560ms
[560.529s][info][gc,cpu         ] GC(664) User=0.02s Sys=0.00s Real=0.01s
[560.960s][info][gc,start       ] GC(665) Pause Young (Allocation Failure)
[560.976s][info][gc,heap        ] GC(665) PSYoungGen: 120355K(220160K)->21112K(214528K) Eden: 111616K(111616K)->0K(118784K) From: 8739K(108544K)->21112K(95744K)
[560.976s][info][gc,heap        ] GC(665) ParOldGen: 386957K(387072K)->387566K(387584K)
[560.976s][info][gc,metaspace   ] GC(665) Metaspace: 43121K(43520K)->43121K(43520K) NonClass: 40301K(40576K)->40301K(40576K) Class: 2820K(2944K)->2820K(2944K)
[560.976s][info][gc             ] GC(665) Pause Young (Allocation Failure) 495M->399M(588M) 15.440ms
[560.976s][info][gc,cpu         ] GC(665) User=0.03s Sys=0.00s Real=0.02s
[561.348s][info][gc,start       ] GC(666) Pause Young (Allocation Failure)
[561.361s][info][gc,heap        ] GC(666) PSYoungGen: 139896K(214528K)->20737K(220160K) Eden: 118784K(118784K)->0K(118784K) From: 21112K(95744K)->20737K(101376K)
[561.361s][info][gc,heap        ] GC(666) ParOldGen: 387566K(387584K)->387752K(388096K)
[561.361s][info][gc,metaspace   ] GC(666) Metaspace: 43121K(43520K)->43121K(43520K) NonClass: 40301K(40576K)->40301K(40576K) Class: 2820K(2944K)->2820K(2944K)
[561.361s][info][gc             ] GC(666) Pause Young (Allocation Failure) 515M->398M(594M) 13.013ms
[561.361s][info][gc,cpu         ] GC(666) User=0.02s Sys=0.00s Real=0.01s
[561.762s][info][gc,start       ] GC(667) Pause Young (Allocation Failure)
[561.789s][info][gc,heap        ] GC(667) PSYoungGen: 139521K(220160K)->41229K(225280K) Eden: 118784K(118784K)->0K(135680K) From: 20737K(101376K)->41229K(89600K)
[561.789s][info][gc,heap        ] GC(667) ParOldGen: 387752K(388096K)->388410K(388608K)
[561.789s][info][gc,metaspace   ] GC(667) Metaspace: 43121K(43520K)->43121K(43520K) NonClass: 40301K(40576K)->40301K(40576K) Class: 2820K(2944K)->2820K(2944K)
[561.789s][info][gc             ] GC(667) Pause Young (Allocation Failure) 514M->419M(599M) 27.347ms
[561.789s][info][gc,cpu         ] GC(667) User=0.06s Sys=0.00s Real=0.03s
[562.276s][info][gc,start       ] GC(668) Pause Young (Allocation Failure)
[562.291s][info][gc,heap        ] GC(668) PSYoungGen: 176909K(225280K)->19157K(229376K) Eden: 135680K(135680K)->0K(135680K) From: 41229K(89600K)->19157K(93696K)
[562.291s][info][gc,heap        ] GC(668) ParOldGen: 388410K(388608K)->388769K(389120K)
[562.291s][info][gc,metaspace   ] GC(668) Metaspace: 43121K(43520K)->43121K(43520K) NonClass: 40301K(40576K)->40301K(40576K) Class: 2820K(2944K)->2820K(2944K)
[562.291s][info][gc             ] GC(668) Pause Young (Allocation Failure) 552M->398M(604M) 14.419ms
[562.291s][info][gc,cpu         ] GC(668) User=0.02s Sys=0.00s Real=0.01s
[562.746s][info][gc,start       ] GC(669) Pause Young (Allocation Failure)
[562.769s][info][gc,heap        ] GC(669) PSYoungGen: 154837K(229376K)->28731K(229376K) Eden: 135680K(135680K)->0K(150016K) From: 19157K(93696K)->28731K(79360K)
[562.769s][info][gc,heap        ] GC(669) ParOldGen: 388769K(389120K)->389591K(389632K)
[562.769s][info][gc,metaspace   ] GC(669) Metaspace: 43121K(43520K)->43121K(43520K) NonClass: 40301K(40576K)->40301K(40576K) Class: 2820K(2944K)->2820K(2944K)
[562.769s][info][gc             ] GC(669) Pause Young (Allocation Failure) 530M->408M(604M) 22.901ms
[562.769s][info][gc,cpu         ] GC(669) User=0.04s Sys=0.00s Real=0.02s
[563.246s][info][gc,start       ] GC(670) Pause Young (Allocation Failure)
[563.295s][info][gc,heap        ] GC(670) PSYoungGen: 178747K(229376K)->29553K(235008K) Eden: 150016K(150016K)->0K(150016K) From: 28731K(79360K)->29553K(84992K)
[563.295s][info][gc,heap        ] GC(670) ParOldGen: 389591K(389632K)->411647K(411648K)
[563.295s][info][gc,metaspace   ] GC(670) Metaspace: 43121K(43520K)->43121K(43520K) NonClass: 40301K(40576K)->40301K(40576K) Class: 2820K(2944K)->2820K(2944K)
[563.295s][info][gc             ] GC(670) Pause Young (Allocation Failure) 555M->430M(631M) 49.218ms
[563.295s][info][gc,cpu         ] GC(670) User=0.08s Sys=0.02s Real=0.05s
[563.750s][info][gc,start       ] GC(671) Pause Young (Allocation Failure)
[563.784s][info][gc,heap        ] GC(671) PSYoungGen: 179569K(235008K)->768K(248320K) Eden: 150016K(150016K)->0K(168960K) From: 29553K(84992K)->768K(79360K)
[563.784s][info][gc,heap        ] GC(671) ParOldGen: 411647K(411648K)->439833K(440320K)
[563.784s][info][gc,metaspace   ] GC(671) Metaspace: 43121K(43520K)->43121K(43520K) NonClass: 40301K(40576K)->40301K(40576K) Class: 2820K(2944K)->2820K(2944K)
[563.784s][info][gc             ] GC(671) Pause Young (Allocation Failure) 577M->430M(672M) 34.106ms
[563.784s][info][gc,cpu         ] GC(671) User=0.04s Sys=0.03s Real=0.03s
[564.317s][info][gc,start       ] GC(672) Pause Young (Allocation Failure)
[564.320s][info][gc,heap        ] GC(672) PSYoungGen: 169728K(248320K)->1224K(248832K) Eden: 168960K(168960K)->0K(168960K) From: 768K(79360K)->1224K(79872K)
[564.320s][info][gc,heap        ] GC(672) ParOldGen: 439833K(440320K)->439874K(440320K)
[564.320s][info][gc,metaspace   ] GC(672) Metaspace: 43121K(43520K)->43121K(43520K) NonClass: 40301K(40576K)->40301K(40576K) Class: 2820K(2944K)->2820K(2944K)
[564.320s][info][gc             ] GC(672) Pause Young (Allocation Failure) 595M->430M(673M) 3.179ms
[564.320s][info][gc,cpu         ] GC(672) User=0.01s Sys=0.00s Real=0.00s
[564.797s][info][gc,start       ] GC(673) Pause Young (Allocation Failure)
[564.804s][info][gc,heap        ] GC(673) PSYoungGen: 170184K(248832K)->5586K(249856K) Eden: 168960K(168960K)->0K(174592K) From: 1224K(79872K)->5586K(75264K)
[564.804s][info][gc,heap        ] GC(673) ParOldGen: 439874K(440320K)->440322K(440832K)
[564.804s][info][gc,metaspace   ] GC(673) Metaspace: 43121K(43520K)->43121K(43520K) NonClass: 40301K(40576K)->40301K(40576K) Class: 2820K(2944K)->2820K(2944K)
[564.804s][info][gc             ] GC(673) Pause Young (Allocation Failure) 595M->435M(674M) 6.774ms
[564.804s][info][gc,cpu         ] GC(673) User=0.01s Sys=0.00s Real=0.00s
[565.109s][info][gc,start       ] GC(674) Pause Young (Allocation Failure)
[565.116s][info][gc,heap        ] GC(674) PSYoungGen: 180178K(249856K)->3598K(251904K) Eden: 174592K(174592K)->0K(174592K) From: 5586K(75264K)->3598K(77312K)
[565.116s][info][gc,heap        ] GC(674) ParOldGen: 440322K(440832K)->442319K(442368K)
[565.116s][info][gc,metaspace   ] GC(674) Metaspace: 43121K(43520K)->43121K(43520K) NonClass: 40301K(40576K)->40301K(40576K) Class: 2820K(2944K)->2820K(2944K)
[565.116s][info][gc             ] GC(674) Pause Young (Allocation Failure) 605M->435M(678M) 7.298ms
[565.116s][info][gc,cpu         ] GC(674) User=0.01s Sys=0.00s Real=0.01s
[565.408s][info][gc,start       ] GC(675) Pause Young (Allocation Failure)
[565.412s][info][gc,heap        ] GC(675) PSYoungGen: 178190K(251904K)->2190K(252416K) Eden: 174592K(174592K)->0K(181248K) From: 3598K(77312K)->2190K(71168K)
[565.412s][info][gc,heap        ] GC(675) ParOldGen: 442319K(442368K)->442415K(442880K)
[565.412s][info][gc,metaspace   ] GC(675) Metaspace: 43121K(43520K)->43121K(43520K) NonClass: 40301K(40576K)->40301K(40576K) Class: 2820K(2944K)->2820K(2944K)
[565.412s][info][gc             ] GC(675) Pause Young (Allocation Failure) 605M->434M(679M) 3.568ms
[565.412s][info][gc,cpu         ] GC(675) User=0.01s Sys=0.00s Real=0.00s
[565.762s][info][gc,start       ] GC(676) Pause Young (Allocation Failure)
[565.772s][info][gc,heap        ] GC(676) PSYoungGen: 181598K(252416K)->10509K(254464K) Eden: 179407K(181248K)->0K(181248K) From: 2190K(71168K)->10509K(73216K)
[565.772s][info][gc,heap        ] GC(676) ParOldGen: 442415K(442880K)->442675K(442880K)
[565.773s][info][gc,metaspace   ] GC(676) Metaspace: 43121K(43520K)->43121K(43520K) NonClass: 40301K(40576K)->40301K(40576K) Class: 2820K(2944K)->2820K(2944K)
[565.773s][info][gc             ] GC(676) Pause Young (Allocation Failure) 609M->442M(681M) 10.525ms
[565.773s][info][gc,cpu         ] GC(676) User=0.02s Sys=0.00s Real=0.01s
[565.996s][info][gc,start       ] GC(677) Pause Young (Allocation Failure)
[566.009s][info][gc,heap        ] GC(677) PSYoungGen: 191170K(254464K)->1120K(258048K) Eden: 180660K(181248K)->0K(190976K) From: 10509K(73216K)->1120K(67072K)
[566.009s][info][gc,heap        ] GC(677) ParOldGen: 442675K(442880K)->453011K(453120K)
[566.009s][info][gc,metaspace   ] GC(677) Metaspace: 43121K(43520K)->43121K(43520K) NonClass: 40301K(40576K)->40301K(40576K) Class: 2820K(2944K)->2820K(2944K)
[566.009s][info][gc             ] GC(677) Pause Young (Allocation Failure) 618M->443M(694M) 12.853ms
[566.009s][info][gc,cpu         ] GC(677) User=0.02s Sys=0.01s Real=0.01s
[566.256s][info][gc,start       ] GC(678) Pause Young (Allocation Failure)
[566.262s][info][gc,heap        ] GC(678) PSYoungGen: 191109K(258048K)->1248K(258560K) Eden: 189989K(190976K)->0K(190976K) From: 1120K(67072K)->1248K(67584K)
[566.262s][info][gc,heap        ] GC(678) ParOldGen: 453011K(453120K)->454110K(454144K)
[566.262s][info][gc,metaspace   ] GC(678) Metaspace: 43121K(43520K)->43121K(43520K) NonClass: 40301K(40576K)->40301K(40576K) Class: 2820K(2944K)->2820K(2944K)
[566.262s][info][gc             ] GC(678) Pause Young (Allocation Failure) 629M->444M(696M) 5.567ms
[566.262s][info][gc,cpu         ] GC(678) User=0.01s Sys=0.00s Real=0.00s
[566.520s][info][gc,start       ] GC(679) Pause Young (Allocation Failure)
[566.527s][info][gc,heap        ] GC(679) PSYoungGen: 192224K(258560K)->3108K(262144K) Eden: 190976K(190976K)->0K(201216K) From: 1248K(67584K)->3108K(60928K)
[566.527s][info][gc,heap        ] GC(679) ParOldGen: 454110K(454144K)->455276K(455680K)
[566.527s][info][gc,metaspace   ] GC(679) Metaspace: 43121K(43520K)->43121K(43520K) NonClass: 40301K(40576K)->40301K(40576K) Class: 2820K(2944K)->2820K(2944K)
[566.527s][info][gc             ] GC(679) Pause Young (Allocation Failure) 631M->447M(701M) 6.462ms
[566.527s][info][gc,cpu         ] GC(679) User=0.01s Sys=0.00s Real=0.01s
[566.794s][info][gc,start       ] GC(680) Pause Young (Allocation Failure)
[566.803s][info][gc,heap        ] GC(680) PSYoungGen: 203208K(262144K)->2771K(263168K) Eden: 200099K(201216K)->0K(201216K) From: 3108K(60928K)->2771K(61952K)
[566.803s][info][gc,heap        ] GC(680) ParOldGen: 455276K(455680K)->458408K(458752K)
[566.803s][info][gc,metaspace   ] GC(680) Metaspace: 43121K(43520K)->43121K(43520K) NonClass: 40301K(40576K)->40301K(40576K) Class: 2820K(2944K)->2820K(2944K)
[566.803s][info][gc             ] GC(680) Pause Young (Allocation Failure) 643M->450M(705M) 8.729ms
[566.803s][info][gc,cpu         ] GC(680) User=0.01s Sys=0.00s Real=0.01s
[567.100s][info][gc,start       ] GC(681) Pause Young (Allocation Failure)
[567.112s][info][gc,heap        ] GC(681) PSYoungGen: 203484K(263168K)->6995K(266240K) Eden: 200713K(201216K)->0K(212480K) From: 2771K(61952K)->6995K(53760K)
[567.112s][info][gc,heap        ] GC(681) ParOldGen: 458408K(458752K)->461225K(461312K)
[567.112s][info][gc,metaspace   ] GC(681) Metaspace: 43122K(43520K)->43122K(43520K) NonClass: 40301K(40576K)->40301K(40576K) Class: 2820K(2944K)->2820K(2944K)
[567.112s][info][gc             ] GC(681) Pause Young (Allocation Failure) 646M->457M(710M) 12.213ms
[567.112s][info][gc,cpu         ] GC(681) User=0.02s Sys=0.00s Real=0.01s
[567.427s][info][gc,start       ] GC(682) Pause Young (Allocation Failure)
[567.444s][info][gc,heap        ] GC(682) PSYoungGen: 219010K(266240K)->5612K(268288K) Eden: 212015K(212480K)->0K(212480K) From: 6995K(53760K)->5612K(55808K)
[567.444s][info][gc,heap        ] GC(682) ParOldGen: 461225K(461312K)->468271K(468480K)
[567.444s][info][gc,metaspace   ] GC(682) Metaspace: 43122K(43520K)->43122K(43520K) NonClass: 40301K(40576K)->40301K(40576K) Class: 2820K(2944K)->2820K(2944K)
[567.445s][info][gc             ] GC(682) Pause Young (Allocation Failure) 664M->462M(719M) 17.979ms
[567.445s][info][gc,cpu         ] GC(682) User=0.03s Sys=0.01s Real=0.02s
[567.770s][info][gc,start       ] GC(683) Pause Young (Allocation Failure)
[567.786s][info][gc,heap        ] GC(683) PSYoungGen: 218092K(268288K)->5121K(272896K) Eden: 212480K(212480K)->0K(225280K) From: 5612K(55808K)->5121K(47616K)
[567.786s][info][gc,heap        ] GC(683) ParOldGen: 468271K(468480K)->473942K(474112K)
[567.786s][info][gc,metaspace   ] GC(683) Metaspace: 43122K(43520K)->43122K(43520K) NonClass: 40301K(40576K)->40301K(40576K) Class: 2820K(2944K)->2820K(2944K)
[567.786s][info][gc             ] GC(683) Pause Young (Allocation Failure) 670M->467M(729M) 16.245ms
[567.786s][info][gc,cpu         ] GC(683) User=0.03s Sys=0.00s Real=0.02s
[568.317s][info][gc,start       ] GC(684) Pause Young (Allocation Failure)
[568.337s][info][gc,heap        ] GC(684) PSYoungGen: 230401K(272896K)->13506K(274944K) Eden: 225280K(225280K)->0K(225280K) From: 5121K(47616K)->13506K(49664K)
[568.337s][info][gc,heap        ] GC(684) ParOldGen: 473942K(474112K)->479028K(479232K)
[568.337s][info][gc,metaspace   ] GC(684) Metaspace: 43122K(43520K)->43122K(43520K) NonClass: 40301K(40576K)->40301K(40576K) Class: 2820K(2944K)->2820K(2944K)
[568.337s][info][gc             ] GC(684) Pause Young (Allocation Failure) 687M->480M(736M) 20.194ms
[568.337s][info][gc,cpu         ] GC(684) User=0.03s Sys=0.01s Real=0.02s
[568.890s][info][gc,start       ] GC(685) Pause Young (Allocation Failure)
[568.911s][info][gc,heap        ] GC(685) PSYoungGen: 238786K(274944K)->3512K(281088K) Eden: 225280K(225280K)->0K(237568K) From: 13506K(49664K)->3512K(43520K)
[568.911s][info][gc,heap        ] GC(685) ParOldGen: 479028K(479232K)->491798K(492032K)
[568.911s][info][gc,metaspace   ] GC(685) Metaspace: 43122K(43520K)->43122K(43520K) NonClass: 40301K(40576K)->40301K(40576K) Class: 2820K(2944K)->2820K(2944K)
[568.911s][info][gc             ] GC(685) Pause Young (Allocation Failure) 700M->483M(755M) 20.882ms
[568.911s][info][gc,cpu         ] GC(685) User=0.03s Sys=0.01s Real=0.02s
[569.506s][info][gc,start       ] GC(686) Pause Young (Allocation Failure)
[569.509s][info][gc,heap        ] GC(686) PSYoungGen: 241080K(281088K)->576K(282112K) Eden: 237568K(237568K)->0K(237568K) From: 3512K(43520K)->576K(44544K)
[569.509s][info][gc,heap        ] GC(686) ParOldGen: 491798K(492032K)->491976K(492032K)
[569.509s][info][gc,metaspace   ] GC(686) Metaspace: 43124K(43520K)->43124K(43520K) NonClass: 40304K(40576K)->40304K(40576K) Class: 2820K(2944K)->2820K(2944K)
[569.509s][info][gc             ] GC(686) Pause Young (Allocation Failure) 715M->481M(756M) 2.686ms
[569.509s][info][gc,cpu         ] GC(686) User=0.00s Sys=0.00s Real=0.00s
[570.092s][info][gc,start       ] GC(687) Pause Young (Allocation Failure)
[570.097s][info][gc,heap        ] GC(687) PSYoungGen: 238144K(282112K)->3632K(284672K) Eden: 237568K(237568K)->0K(246272K) From: 576K(44544K)->3632K(38400K)
[570.097s][info][gc,heap        ] GC(687) ParOldGen: 491976K(492032K)->491976K(492032K)
[570.097s][info][gc,metaspace   ] GC(687) Metaspace: 43136K(43520K)->43136K(43520K) NonClass: 40315K(40576K)->40315K(40576K) Class: 2820K(2944K)->2820K(2944K)
[570.097s][info][gc             ] GC(687) Pause Young (Allocation Failure) 713M->483M(758M) 5.237ms
[570.097s][info][gc,cpu         ] GC(687) User=0.01s Sys=0.00s Real=0.01s
[570.695s][info][gc,start       ] GC(688) Pause Young (Allocation Failure)
[570.699s][info][gc,heap        ] GC(688) PSYoungGen: 249904K(284672K)->2782K(286720K) Eden: 246272K(246272K)->0K(246272K) From: 3632K(38400K)->2782K(40448K)
[570.699s][info][gc,heap        ] GC(688) ParOldGen: 491976K(492032K)->492024K(492032K)
[570.699s][info][gc,metaspace   ] GC(688) Metaspace: 43156K(43520K)->43156K(43520K) NonClass: 40335K(40576K)->40335K(40576K) Class: 2820K(2944K)->2820K(2944K)
[570.699s][info][gc             ] GC(688) Pause Young (Allocation Failure) 724M->483M(760M) 3.444ms
[570.699s][info][gc,cpu         ] GC(688) User=0.01s Sys=0.00s Real=0.00s
[571.274s][info][gc,start       ] GC(689) Pause Young (Allocation Failure)
[571.280s][info][gc,heap        ] GC(689) PSYoungGen: 249054K(286720K)->7242K(288256K) Eden: 246272K(246272K)->0K(254976K) From: 2782K(40448K)->7242K(33280K)
[571.281s][info][gc,heap        ] GC(689) ParOldGen: 492024K(492032K)->493061K(493568K)
[571.281s][info][gc,metaspace   ] GC(689) Metaspace: 43156K(43520K)->43156K(43520K) NonClass: 40335K(40576K)->40335K(40576K) Class: 2820K(2944K)->2820K(2944K)
[571.281s][info][gc             ] GC(689) Pause Young (Allocation Failure) 723M->488M(763M) 6.952ms
[571.281s][info][gc,cpu         ] GC(689) User=0.01s Sys=0.00s Real=0.01s
[572.429s][info][gc,start       ] GC(690) Pause Young (Allocation Failure)
[572.437s][info][gc,heap        ] GC(690) PSYoungGen: 262218K(288256K)->6854K(290816K) Eden: 254976K(254976K)->0K(254976K) From: 7242K(33280K)->6854K(35840K)
[572.437s][info][gc,heap        ] GC(690) ParOldGen: 493061K(493568K)->493197K(493568K)
[572.437s][info][gc,metaspace   ] GC(690) Metaspace: 43162K(43520K)->43162K(43520K) NonClass: 40341K(40576K)->40341K(40576K) Class: 2820K(2944K)->2820K(2944K)
[572.437s][info][gc             ] GC(690) Pause Young (Allocation Failure) 737M->488M(766M) 7.479ms
[572.437s][info][gc,cpu         ] GC(690) User=0.02s Sys=0.00s Real=0.01s
[573.332s][info][gc,start       ] GC(691) Pause Young (Allocation Failure)
[573.364s][info][gc,heap        ] GC(691) PSYoungGen: 261830K(290816K)->27626K(291328K) Eden: 254976K(254976K)->0K(258048K) From: 6854K(35840K)->27626K(33280K)
[573.364s][info][gc,heap        ] GC(691) ParOldGen: 493197K(493568K)->496448K(496640K)
[573.364s][info][gc,metaspace   ] GC(691) Metaspace: 43163K(43520K)->43163K(43520K) NonClass: 40342K(40576K)->40342K(40576K) Class: 2820K(2944K)->2820K(2944K)
[573.364s][info][gc             ] GC(691) Pause Young (Allocation Failure) 737M->511M(769M) 32.176ms
[573.364s][info][gc,cpu         ] GC(691) User=0.06s Sys=0.00s Real=0.03s
[573.989s][info][gc,start       ] GC(692) Pause Young (Allocation Failure)
[574.060s][info][gc,heap        ] GC(692) PSYoungGen: 285674K(291328K)->29368K(287744K) Eden: 258048K(258048K)->0K(258048K) From: 27626K(33280K)->29368K(29696K)
[574.060s][info][gc,heap        ] GC(692) ParOldGen: 496448K(496640K)->523320K(523776K)
[574.060s][info][gc,metaspace   ] GC(692) Metaspace: 43163K(43520K)->43163K(43520K) NonClass: 40342K(40576K)->40342K(40576K) Class: 2820K(2944K)->2820K(2944K)
[574.060s][info][gc             ] GC(692) Pause Young (Allocation Failure) 763M->539M(792M) 70.781ms
[574.060s][info][gc,cpu         ] GC(692) User=0.12s Sys=0.03s Real=0.07s
[574.693s][info][gc,start       ] GC(693) Pause Young (Allocation Failure)
[574.763s][info][gc,heap        ] GC(693) PSYoungGen: 287416K(287744K)->28448K(285184K) Eden: 258048K(258048K)->0K(242688K) From: 29368K(29696K)->28448K(42496K)
[574.763s][info][gc,heap        ] GC(693) ParOldGen: 523320K(523776K)->551128K(551424K)
[574.763s][info][gc,metaspace   ] GC(693) Metaspace: 43163K(43520K)->43163K(43520K) NonClass: 40342K(40576K)->40342K(40576K) Class: 2820K(2944K)->2820K(2944K)
[574.763s][info][gc             ] GC(693) Pause Young (Allocation Failure) 791M->565M(817M) 70.341ms
[574.763s][info][gc,cpu         ] GC(693) User=0.12s Sys=0.02s Real=0.07s
[578.330s][info][gc,start       ] GC(694) Pause Young (Allocation Failure)
[578.391s][info][gc,heap        ] GC(694) PSYoungGen: 271136K(285184K)->15311K(288256K) Eden: 242688K(242688K)->0K(242688K) From: 28448K(42496K)->15311K(45568K)
[578.392s][info][gc,heap        ] GC(694) ParOldGen: 551128K(551424K)->579745K(580096K)
[578.392s][info][gc,metaspace   ] GC(694) Metaspace: 43166K(43520K)->43166K(43520K) NonClass: 40345K(40576K)->40345K(40576K) Class: 2820K(2944K)->2820K(2944K)
[578.392s][info][gc             ] GC(694) Pause Young (Allocation Failure) 802M->581M(848M) 61.613ms
[578.392s][info][gc,cpu         ] GC(694) User=0.10s Sys=0.01s Real=0.06s
[579.060s][info][gc,start       ] GC(695) Pause Young (Allocation Failure)
[579.092s][info][gc,heap        ] GC(695) PSYoungGen: 257999K(288256K)->15514K(282624K) Eden: 242688K(242688K)->0K(245248K) From: 15311K(45568K)->15514K(37376K)
[579.093s][info][gc,heap        ] GC(695) ParOldGen: 579745K(580096K)->594701K(594944K)
[579.093s][info][gc,metaspace   ] GC(695) Metaspace: 43166K(43520K)->43166K(43520K) NonClass: 40345K(40576K)->40345K(40576K) Class: 2820K(2944K)->2820K(2944K)
[579.093s][info][gc             ] GC(695) Pause Young (Allocation Failure) 818M->595M(857M) 32.448ms
[579.093s][info][gc,cpu         ] GC(695) User=0.05s Sys=0.02s Real=0.03s
[579.753s][info][gc,start       ] GC(696) Pause Young (Allocation Failure)
[579.809s][info][gc,heap        ] GC(696) PSYoungGen: 260762K(282624K)->30444K(285696K) Eden: 245248K(245248K)->0K(245248K) From: 15514K(37376K)->30444K(40448K)
[579.809s][info][gc,heap        ] GC(696) ParOldGen: 594701K(594944K)->609834K(610304K)
[579.809s][info][gc,metaspace   ] GC(696) Metaspace: 43166K(43520K)->43166K(43520K) NonClass: 40345K(40576K)->40345K(40576K) Class: 2820K(2944K)->2820K(2944K)
[579.809s][info][gc             ] GC(696) Pause Young (Allocation Failure) 835M->625M(875M) 55.133ms
[579.809s][info][gc,cpu         ] GC(696) User=0.10s Sys=0.01s Real=0.06s
[580.471s][info][gc,start       ] GC(697) Pause Young (Allocation Failure)
[580.545s][info][gc,heap        ] GC(697) PSYoungGen: 275692K(285696K)->31064K(283648K) Eden: 245248K(245248K)->0K(239616K) From: 30444K(40448K)->31064K(44032K)
[580.545s][info][gc,heap        ] GC(697) ParOldGen: 609834K(610304K)->638746K(638976K)
[580.545s][info][gc,metaspace   ] GC(697) Metaspace: 43166K(43520K)->43166K(43520K) NonClass: 40345K(40576K)->40345K(40576K) Class: 2820K(2944K)->2820K(2944K)
[580.545s][info][gc             ] GC(697) Pause Young (Allocation Failure) 864M->654M(901M) 73.672ms
[580.545s][info][gc,cpu         ] GC(697) User=0.12s Sys=0.02s Real=0.08s
[582.134s][info][gc,start       ] GC(698) Pause Full (Allocation Failure)
[582.134s][info][gc,phases,start] GC(698) Marking Phase
[582.177s][info][gc,phases      ] GC(698) Marking Phase 43.246ms
[582.177s][info][gc,phases,start] GC(698) Summary Phase
[582.177s][info][gc,phases      ] GC(698) Summary Phase 0.027ms
[582.177s][info][gc,phases,start] GC(698) Forward
[582.184s][info][gc,phases      ] GC(698) Forward 6.402ms
[582.184s][info][gc,phases,start] GC(698) Adjust Pointers
[582.207s][info][gc,phases      ] GC(698) Adjust Pointers 23.424ms
[582.207s][info][gc,phases,start] GC(698) Compaction Phase
[582.213s][info][gc,phases      ] GC(698) Compaction Phase 5.629ms
[582.213s][info][gc,phases,start] GC(698) Post Compact
[582.216s][info][gc,phases      ] GC(698) Post Compact 2.610ms
[582.252s][info][gc,heap        ] GC(698) PSYoungGen: 270680K(283648K)->0K(286720K) Eden: 239616K(239616K)->0K(239616K) From: 31064K(44032K)->0K(47104K)
[582.252s][info][gc,heap        ] GC(698) ParOldGen: 638746K(638976K)->54124K(201216K)
[582.252s][info][gc,metaspace   ] GC(698) Metaspace: 43166K(43520K)->43166K(43520K) NonClass: 40345K(40576K)->40345K(40576K) Class: 2820K(2944K)->2820K(2944K)
[582.253s][info][gc             ] GC(698) Pause Full (Allocation Failure) 888M->52M(476M) 118.612ms
[582.253s][info][gc,cpu         ] GC(698) User=0.12s Sys=0.04s Real=0.12s
[583.400s][info][gc,start       ] GC(699) Pause Young (Allocation Failure)
[583.420s][info][gc,heap        ] GC(699) PSYoungGen: 239616K(286720K)->20611K(282624K) Eden: 239616K(239616K)->0K(239616K) From: 0K(47104K)->20611K(43008K)
[583.420s][info][gc,heap        ] GC(699) ParOldGen: 54124K(201216K)->54124K(201216K)
[583.420s][info][gc,metaspace   ] GC(699) Metaspace: 43166K(43520K)->43166K(43520K) NonClass: 40345K(40576K)->40345K(40576K) Class: 2820K(2944K)->2820K(2944K)
[583.420s][info][gc             ] GC(699) Pause Young (Allocation Failure) 286M->72M(472M) 20.082ms
[583.420s][info][gc,cpu         ] GC(699) User=0.04s Sys=0.01s Real=0.02s
[584.971s][info][gc,start       ] GC(700) Pause Young (Allocation Failure)
[585.013s][info][gc,heap        ] GC(700) PSYoungGen: 260227K(282624K)->24535K(284672K) Eden: 239616K(239616K)->0K(239616K) From: 20611K(43008K)->24535K(45056K)
[585.013s][info][gc,heap        ] GC(700) ParOldGen: 54124K(201216K)->74427K(201216K)
[585.013s][info][gc,metaspace   ] GC(700) Metaspace: 43166K(43520K)->43166K(43520K) NonClass: 40345K(40576K)->40345K(40576K) Class: 2820K(2944K)->2820K(2944K)
[585.013s][info][gc             ] GC(700) Pause Young (Allocation Failure) 306M->96M(474M) 41.680ms
[585.013s][info][gc,cpu         ] GC(700) User=0.08s Sys=0.00s Real=0.04s
[586.510s][info][gc,start       ] GC(701) Pause Young (Allocation Failure)
[586.551s][info][gc,heap        ] GC(701) PSYoungGen: 264151K(284672K)->21492K(285696K) Eden: 239616K(239616K)->0K(243712K) From: 24535K(45056K)->21492K(41984K)
[586.551s][info][gc,heap        ] GC(701) ParOldGen: 74427K(201216K)->98976K(201216K)
[586.551s][info][gc,metaspace   ] GC(701) Metaspace: 43166K(43520K)->43166K(43520K) NonClass: 40345K(40576K)->40345K(40576K) Class: 2820K(2944K)->2820K(2944K)
[586.551s][info][gc             ] GC(701) Pause Young (Allocation Failure) 330M->117M(475M) 40.691ms
[586.551s][info][gc,cpu         ] GC(701) User=0.08s Sys=0.00s Real=0.04s
[588.002s][info][gc,start       ] GC(702) Pause Young (Allocation Failure)
[588.038s][info][gc,heap        ] GC(702) PSYoungGen: 265204K(285696K)->21821K(287232K) Eden: 243712K(243712K)->0K(243712K) From: 21492K(41984K)->21821K(43520K)
[588.038s][info][gc,heap        ] GC(702) ParOldGen: 98976K(201216K)->120542K(201216K)
[588.038s][info][gc,metaspace   ] GC(702) Metaspace: 43166K(43520K)->43166K(43520K) NonClass: 40345K(40576K)->40345K(40576K) Class: 2820K(2944K)->2820K(2944K)
[588.038s][info][gc             ] GC(702) Pause Young (Allocation Failure) 355M->139M(477M) 36.328ms
[588.038s][info][gc,cpu         ] GC(702) User=0.07s Sys=0.00s Real=0.04s
[588.668s][info][gc,start       ] GC(703) Pause Young (Allocation Failure)
[588.716s][info][gc,heap        ] GC(703) PSYoungGen: 265533K(287232K)->36214K(283136K) Eden: 243712K(243712K)->0K(240640K) From: 21821K(43520K)->36214K(42496K)
[588.717s][info][gc,heap        ] GC(703) ParOldGen: 120542K(201216K)->142092K(201216K)
[588.717s][info][gc,metaspace   ] GC(703) Metaspace: 43166K(43520K)->43166K(43520K) NonClass: 40345K(40576K)->40345K(40576K) Class: 2820K(2944K)->2820K(2944K)
[588.717s][info][gc             ] GC(703) Pause Young (Allocation Failure) 377M->174M(473M) 48.673ms
[588.717s][info][gc,cpu         ] GC(703) User=0.10s Sys=0.00s Real=0.05s
[589.305s][info][gc,start       ] GC(704) Pause Young (Allocation Failure)
[589.365s][info][gc,heap        ] GC(704) PSYoungGen: 276854K(283136K)->29304K(270336K) Eden: 240640K(240640K)->0K(240640K) From: 36214K(42496K)->29304K(29696K)
[589.365s][info][gc,heap        ] GC(704) ParOldGen: 142092K(201216K)->177681K(201216K)
[589.366s][info][gc,metaspace   ] GC(704) Metaspace: 43166K(43520K)->43166K(43520K) NonClass: 40345K(40576K)->40345K(40576K) Class: 2820K(2944K)->2820K(2944K)
[589.366s][info][gc             ] GC(704) Pause Young (Allocation Failure) 409M->202M(460M) 60.388ms
[589.366s][info][gc,cpu         ] GC(704) User=0.12s Sys=0.00s Real=0.06s
[589.996s][info][gc,start       ] GC(705) Pause Young (Allocation Failure)
[590.053s][info][gc,heap        ] GC(705) PSYoungGen: 269944K(270336K)->30064K(285696K) Eden: 240640K(240640K)->0K(238592K) From: 29304K(29696K)->30064K(47104K)
[590.053s][info][gc,heap        ] GC(705) ParOldGen: 177681K(201216K)->205329K(205824K)
[590.053s][info][gc,metaspace   ] GC(705) Metaspace: 43166K(43520K)->43166K(43520K) NonClass: 40345K(40576K)->40345K(40576K) Class: 2820K(2944K)->2820K(2944K)
[590.053s][info][gc             ] GC(705) Pause Young (Allocation Failure) 437M->229M(480M) 57.071ms
[590.053s][info][gc,cpu         ] GC(705) User=0.11s Sys=0.00s Real=0.05s
[591.818s][info][gc,start       ] GC(706) Pause Young (Allocation Failure)
[591.860s][info][gc,heap        ] GC(706) PSYoungGen: 268656K(285696K)->7576K(286208K) Eden: 238592K(238592K)->0K(238592K) From: 30064K(47104K)->7576K(47616K)
[591.860s][info][gc,heap        ] GC(706) ParOldGen: 205329K(205824K)->235639K(236032K)
[591.860s][info][gc,metaspace   ] GC(706) Metaspace: 43166K(43520K)->43166K(43520K) NonClass: 40345K(40576K)->40345K(40576K) Class: 2820K(2944K)->2820K(2944K)
[591.860s][info][gc             ] GC(706) Pause Young (Allocation Failure) 462M->237M(510M) 42.784ms
[591.860s][info][gc,cpu         ] GC(706) User=0.05s Sys=0.03s Real=0.04s
[593.223s][info][gc,start       ] GC(707) Pause Young (Allocation Failure)
[593.233s][info][gc,heap        ] GC(707) PSYoungGen: 246168K(286208K)->1107K(284160K) Eden: 238592K(238592K)->0K(236544K) From: 7576K(47616K)->1107K(47616K)
[593.233s][info][gc,heap        ] GC(707) ParOldGen: 235639K(236032K)->242380K(242688K)
[593.233s][info][gc,metaspace   ] GC(707) Metaspace: 43166K(43520K)->43166K(43520K) NonClass: 40345K(40576K)->40345K(40576K) Class: 2820K(2944K)->2820K(2944K)
[593.233s][info][gc             ] GC(707) Pause Young (Allocation Failure) 470M->237M(514M) 9.875ms
[593.233s][info][gc,cpu         ] GC(707) User=0.02s Sys=0.01s Real=0.01s
[594.641s][info][gc,start       ] GC(708) Pause Young (Allocation Failure)
[594.673s][info][gc,heap        ] GC(708) PSYoungGen: 237651K(284160K)->24836K(285184K) Eden: 236544K(236544K)->0K(236544K) From: 1107K(47616K)->24836K(48640K)
[594.673s][info][gc,heap        ] GC(708) ParOldGen: 242380K(242688K)->243300K(243712K)
[594.673s][info][gc,metaspace   ] GC(708) Metaspace: 43166K(43520K)->43166K(43520K) NonClass: 40345K(40576K)->40345K(40576K) Class: 2820K(2944K)->2820K(2944K)
[594.673s][info][gc             ] GC(708) Pause Young (Allocation Failure) 468M->261M(516M) 32.186ms
[594.673s][info][gc,cpu         ] GC(708) User=0.07s Sys=0.00s Real=0.03s
[596.228s][info][gc,start       ] GC(709) Pause Young (Allocation Failure)
[596.282s][info][gc,heap        ] GC(709) PSYoungGen: 261380K(285184K)->23044K(282112K) Eden: 236544K(236544K)->0K(237568K) From: 24836K(48640K)->23044K(44544K)
[596.282s][info][gc,heap        ] GC(709) ParOldGen: 243300K(243712K)->268260K(268288K)
[596.283s][info][gc,metaspace   ] GC(709) Metaspace: 43166K(43520K)->43166K(43520K) NonClass: 40345K(40576K)->40345K(40576K) Class: 2820K(2944K)->2820K(2944K)
[596.283s][info][gc             ] GC(709) Pause Young (Allocation Failure) 492M->284M(537M) 54.484ms
[596.283s][info][gc,cpu         ] GC(709) User=0.09s Sys=0.02s Real=0.05s
[597.451s][info][gc,start       ] GC(710) Pause Young (Allocation Failure)
[597.497s][info][gc,heap        ] GC(710) PSYoungGen: 260612K(282112K)->20407K(283648K) Eden: 237568K(237568K)->0K(237568K) From: 23044K(44544K)->20407K(46080K)
[597.497s][info][gc,heap        ] GC(710) ParOldGen: 268260K(268288K)->291175K(291328K)
[597.497s][info][gc,metaspace   ] GC(710) Metaspace: 43166K(43520K)->43166K(43520K) NonClass: 40345K(40576K)->40345K(40576K) Class: 2820K(2944K)->2820K(2944K)
[597.497s][info][gc             ] GC(710) Pause Young (Allocation Failure) 516M->304M(561M) 46.226ms
[597.497s][info][gc,cpu         ] GC(710) User=0.08s Sys=0.01s Real=0.05s
[598.391s][info][gc,start       ] GC(711) Pause Young (Allocation Failure)
[598.421s][info][gc,heap        ] GC(711) PSYoungGen: 257975K(283648K)->13007K(285184K) Eden: 237568K(237568K)->0K(243712K) From: 20407K(46080K)->13007K(41472K)
[598.421s][info][gc,heap        ] GC(711) ParOldGen: 291175K(291328K)->307610K(307712K)
[598.421s][info][gc,metaspace   ] GC(711) Metaspace: 43166K(43520K)->43166K(43520K) NonClass: 40345K(40576K)->40345K(40576K) Class: 2820K(2944K)->2820K(2944K)
[598.421s][info][gc             ] GC(711) Pause Young (Allocation Failure) 536M->313M(579M) 30.287ms
[598.421s][info][gc,cpu         ] GC(711) User=0.05s Sys=0.01s Real=0.03s
[599.361s][info][gc,start       ] GC(712) Pause Young (Allocation Failure)
[599.381s][info][gc,heap        ] GC(712) PSYoungGen: 256719K(285184K)->21235K(286208K) Eden: 243712K(243712K)->0K(243712K) From: 13007K(41472K)->21235K(42496K)
[599.381s][info][gc,heap        ] GC(712) ParOldGen: 307610K(307712K)->308362K(308736K)
[599.381s][info][gc,metaspace   ] GC(712) Metaspace: 43166K(43520K)->43166K(43520K) NonClass: 40345K(40576K)->40345K(40576K) Class: 2820K(2944K)->2820K(2944K)
[599.381s][info][gc             ] GC(712) Pause Young (Allocation Failure) 551M->321M(581M) 20.151ms
[599.381s][info][gc,cpu         ] GC(712) User=0.04s Sys=0.00s Real=0.02s
[600.351s][info][gc,start       ] GC(713) Pause Young (Allocation Failure)
[600.362s][info][gc,heap        ] GC(713) PSYoungGen: 264947K(286208K)->3956K(290304K) Eden: 243712K(243712K)->0K(249344K) From: 21235K(42496K)->3956K(40960K)
[600.362s][info][gc,heap        ] GC(713) ParOldGen: 308362K(308736K)->309626K(309760K)
[600.362s][info][gc,metaspace   ] GC(713) Metaspace: 43184K(43520K)->43184K(43520K) NonClass: 40364K(40576K)->40364K(40576K) Class: 2820K(2944K)->2820K(2944K)
[600.362s][info][gc             ] GC(713) Pause Young (Allocation Failure) 559M->306M(586M) 11.166ms
[600.362s][info][gc,cpu         ] GC(713) User=0.01s Sys=0.00s Real=0.01s
[601.204s][info][gc,start       ] GC(714) Pause Young (Allocation Failure)
[601.213s][info][gc,heap        ] GC(714) PSYoungGen: 253300K(290304K)->6277K(290816K) Eden: 249344K(249344K)->0K(249344K) From: 3956K(40960K)->6277K(41472K)
[601.213s][info][gc,heap        ] GC(714) ParOldGen: 309626K(309760K)->310858K(311296K)
[601.213s][info][gc,metaspace   ] GC(714) Metaspace: 43184K(43520K)->43184K(43520K) NonClass: 40364K(40576K)->40364K(40576K) Class: 2820K(2944K)->2820K(2944K)
[601.213s][info][gc             ] GC(714) Pause Young (Allocation Failure) 549M->309M(588M) 8.593ms
[601.213s][info][gc,cpu         ] GC(714) User=0.01s Sys=0.00s Real=0.01s
[602.070s][info][gc,start       ] GC(715) Pause Young (Allocation Failure)
[602.095s][info][gc,heap        ] GC(715) PSYoungGen: 255621K(290816K)->27829K(288768K) Eden: 249344K(249344K)->0K(247808K) From: 6277K(41472K)->27829K(40960K)
[602.095s][info][gc,heap        ] GC(715) ParOldGen: 310858K(311296K)->311986K(312320K)
[602.095s][info][gc,metaspace   ] GC(715) Metaspace: 43184K(43520K)->43184K(43520K) NonClass: 40364K(40576K)->40364K(40576K) Class: 2820K(2944K)->2820K(2944K)
[602.095s][info][gc             ] GC(715) Pause Young (Allocation Failure) 553M->331M(587M) 25.343ms
[602.095s][info][gc,cpu         ] GC(715) User=0.05s Sys=0.00s Real=0.03s
[603.121s][info][gc,start       ] GC(716) Pause Young (Allocation Failure)
[603.130s][info][gc,heap        ] GC(716) PSYoungGen: 275637K(288768K)->9606K(290816K) Eden: 247808K(247808K)->0K(247808K) From: 27829K(40960K)->9606K(43008K)
[603.130s][info][gc,heap        ] GC(716) ParOldGen: 311986K(312320K)->312802K(312832K)
[603.131s][info][gc,metaspace   ] GC(716) Metaspace: 43185K(43520K)->43185K(43520K) NonClass: 40364K(40576K)->40364K(40576K) Class: 2820K(2944K)->2820K(2944K)
[603.131s][info][gc             ] GC(716) Pause Young (Allocation Failure) 573M->314M(589M) 9.892ms
[603.131s][info][gc,cpu         ] GC(716) User=0.02s Sys=0.00s Real=0.01s
[603.965s][info][gc,start       ] GC(717) Pause Young (Allocation Failure)
[603.974s][info][gc,heap        ] GC(717) PSYoungGen: 257414K(290816K)->7724K(287744K) Eden: 247808K(247808K)->0K(248832K) From: 9606K(43008K)->7724K(38912K)
[603.974s][info][gc,heap        ] GC(717) ParOldGen: 312802K(312832K)->313906K(314368K)
[603.974s][info][gc,metaspace   ] GC(717) Metaspace: 43185K(43520K)->43185K(43520K) NonClass: 40364K(40576K)->40364K(40576K) Class: 2820K(2944K)->2820K(2944K)
[603.974s][info][gc             ] GC(717) Pause Young (Allocation Failure) 556M->314M(588M) 9.287ms
[603.974s][info][gc,cpu         ] GC(717) User=0.02s Sys=0.00s Real=0.00s
[604.861s][info][gc,start       ] GC(718) Pause Young (Allocation Failure)
[604.873s][info][gc,heap        ] GC(718) PSYoungGen: 256556K(287744K)->11303K(289792K) Eden: 248832K(248832K)->0K(248832K) From: 7724K(38912K)->11303K(40960K)
[604.873s][info][gc,heap        ] GC(718) ParOldGen: 313906K(314368K)->314942K(315392K)
[604.873s][info][gc,metaspace   ] GC(718) Metaspace: 43185K(43520K)->43185K(43520K) NonClass: 40364K(40576K)->40364K(40576K) Class: 2820K(2944K)->2820K(2944K)
[604.873s][info][gc             ] GC(718) Pause Young (Allocation Failure) 557M->318M(591M) 12.313ms
[604.873s][info][gc,cpu         ] GC(718) User=0.02s Sys=0.01s Real=0.01s
[605.747s][info][gc,start       ] GC(719) Pause Young (Allocation Failure)
[605.761s][info][gc,heap        ] GC(719) PSYoungGen: 260135K(289792K)->13821K(288256K) Eden: 248832K(248832K)->0K(253440K) From: 11303K(40960K)->13821K(34816K)
[605.761s][info][gc,heap        ] GC(719) ParOldGen: 314942K(315392K)->315986K(316416K)
[605.761s][info][gc,metaspace   ] GC(719) Metaspace: 43185K(43520K)->43185K(43520K) NonClass: 40364K(40576K)->40364K(40576K) Class: 2820K(2944K)->2820K(2944K)
[605.761s][info][gc             ] GC(719) Pause Young (Allocation Failure) 561M->322M(590M) 14.909ms
[605.762s][info][gc,cpu         ] GC(719) User=0.03s Sys=0.00s Real=0.01s
[606.705s][info][gc,start       ] GC(720) Pause Young (Allocation Failure)
[606.727s][info][gc,heap        ] GC(720) PSYoungGen: 267261K(288256K)->27370K(290816K) Eden: 253440K(253440K)->0K(253440K) From: 13821K(34816K)->27370K(37376K)
[606.727s][info][gc,heap        ] GC(720) ParOldGen: 315986K(316416K)->316962K(317440K)
[606.727s][info][gc,metaspace   ] GC(720) Metaspace: 43185K(43520K)->43185K(43520K) NonClass: 40364K(40576K)->40364K(40576K) Class: 2820K(2944K)->2820K(2944K)
[606.727s][info][gc             ] GC(720) Pause Young (Allocation Failure) 569M->336M(594M) 22.299ms
[606.727s][info][gc,cpu         ] GC(720) User=0.04s Sys=0.00s Real=0.02s
[607.713s][info][gc,start       ] GC(721) Pause Young (Allocation Failure)
[607.768s][info][gc,heap        ] GC(721) PSYoungGen: 280810K(290816K)->26623K(291328K) Eden: 253440K(253440K)->0K(251904K) From: 27370K(37376K)->26623K(39424K)
[607.768s][info][gc,heap        ] GC(721) ParOldGen: 316962K(317440K)->336144K(336384K)
[607.768s][info][gc,metaspace   ] GC(721) Metaspace: 43185K(43520K)->43185K(43520K) NonClass: 40364K(40576K)->40364K(40576K) Class: 2820K(2944K)->2820K(2944K)
[607.768s][info][gc             ] GC(721) Pause Young (Allocation Failure) 583M->354M(613M) 54.903ms
[607.768s][info][gc,cpu         ] GC(721) User=0.10s Sys=0.01s Real=0.06s
[608.954s][info][gc,start       ] GC(722) Pause Young (Allocation Failure)
[609.062s][info][gc,heap        ] GC(722) PSYoungGen: 278527K(291328K)->40950K(292864K) Eden: 251904K(251904K)->0K(251904K) From: 26623K(39424K)->40950K(40960K)
[609.062s][info][gc,heap        ] GC(722) ParOldGen: 336144K(336384K)->377651K(377856K)
[609.062s][info][gc,metaspace   ] GC(722) Metaspace: 43185K(43520K)->43185K(43520K) NonClass: 40364K(40576K)->40364K(40576K) Class: 2820K(2944K)->2820K(2944K)
[609.062s][info][gc             ] GC(722) Pause Young (Allocation Failure) 600M->408M(655M) 107.845ms
[609.062s][info][gc,cpu         ] GC(722) User=0.18s Sys=0.04s Real=0.11s
[609.898s][info][gc,start       ] GC(723) Pause Young (Allocation Failure)
[609.976s][info][gc,heap        ] GC(723) PSYoungGen: 291482K(292864K)->12468K(252928K) Eden: 250531K(251904K)->0K(211968K) From: 40950K(40960K)->12468K(40960K)
[609.976s][info][gc,heap        ] GC(723) ParOldGen: 377651K(377856K)->418839K(419328K)
[609.976s][info][gc,metaspace   ] GC(723) Metaspace: 43185K(43520K)->43185K(43520K) NonClass: 40364K(40576K)->40364K(40576K) Class: 2820K(2944K)->2820K(2944K)
[609.976s][info][gc             ] GC(723) Pause Young (Allocation Failure) 653M->421M(656M) 77.828ms
[609.976s][info][gc,cpu         ] GC(723) User=0.12s Sys=0.04s Real=0.08s
[610.634s][info][gc,start       ] GC(724) Pause Young (Allocation Failure)
[610.666s][info][gc,heap        ] GC(724) PSYoungGen: 224436K(252928K)->21971K(272896K) Eden: 211968K(211968K)->0K(211968K) From: 12468K(40960K)->21971K(60928K)
[610.666s][info][gc,heap        ] GC(724) ParOldGen: 418839K(419328K)->430871K(431104K)
[610.666s][info][gc,metaspace   ] GC(724) Metaspace: 43185K(43520K)->43185K(43520K) NonClass: 40364K(40576K)->40364K(40576K) Class: 2820K(2944K)->2820K(2944K)
[610.666s][info][gc             ] GC(724) Pause Young (Allocation Failure) 628M->442M(687M) 32.647ms
[610.666s][info][gc,cpu         ] GC(724) User=0.06s Sys=0.01s Real=0.04s
[611.342s][info][gc,start       ] GC(725) Pause Young (Allocation Failure)
[611.354s][info][gc,heap        ] GC(725) PSYoungGen: 233939K(272896K)->2672K(269312K) Eden: 211968K(211968K)->0K(215552K) From: 21971K(60928K)->2672K(53760K)
[611.354s][info][gc,heap        ] GC(725) ParOldGen: 430871K(431104K)->437686K(437760K)
[611.354s][info][gc,metaspace   ] GC(725) Metaspace: 43185K(43520K)->43185K(43520K) NonClass: 40364K(40576K)->40364K(40576K) Class: 2820K(2944K)->2820K(2944K)
[611.354s][info][gc             ] GC(725) Pause Young (Allocation Failure) 649M->430M(690M) 11.594ms
[611.354s][info][gc,cpu         ] GC(725) User=0.02s Sys=0.00s Real=0.01s
[612.136s][info][gc,start       ] GC(726) Pause Young (Allocation Failure)
[612.165s][info][gc,heap        ] GC(726) PSYoungGen: 218224K(269312K)->42156K(258048K) Eden: 215552K(215552K)->0K(215552K) From: 2672K(53760K)->42156K(42496K)
[612.165s][info][gc,heap        ] GC(726) ParOldGen: 437686K(437760K)->438442K(438784K)
[612.165s][info][gc,metaspace   ] GC(726) Metaspace: 43185K(43520K)->43185K(43520K) NonClass: 40364K(40576K)->40364K(40576K) Class: 2820K(2944K)->2820K(2944K)
[612.165s][info][gc             ] GC(726) Pause Young (Allocation Failure) 640M->469M(680M) 28.461ms
[612.165s][info][gc,cpu         ] GC(726) User=0.06s Sys=0.00s Real=0.03s
[612.913s][info][gc,start       ] GC(727) Pause Young (Allocation Failure)
[612.933s][info][gc,heap        ] GC(727) PSYoungGen: 257708K(258048K)->25106K(275456K) Eden: 215552K(215552K)->0K(214016K) From: 42156K(42496K)->25106K(61440K)
[612.933s][info][gc,heap        ] GC(727) ParOldGen: 438442K(438784K)->439072K(439296K)
[612.933s][info][gc,metaspace   ] GC(727) Metaspace: 43185K(43520K)->43185K(43520K) NonClass: 40364K(40576K)->40364K(40576K) Class: 2820K(2944K)->2820K(2944K)
[612.933s][info][gc             ] GC(727) Pause Young (Allocation Failure) 679M->453M(698M) 19.939ms
[612.933s][info][gc,cpu         ] GC(727) User=0.03s Sys=0.00s Real=0.02s
[613.676s][info][gc,start       ] GC(728) Pause Young (Allocation Failure)
[613.694s][info][gc,heap        ] GC(728) PSYoungGen: 239122K(275456K)->22679K(237056K) Eden: 214016K(214016K)->0K(214016K) From: 25106K(61440K)->22679K(23040K)
[613.694s][info][gc,heap        ] GC(728) ParOldGen: 439072K(439296K)->439722K(439808K)
[613.694s][info][gc,metaspace   ] GC(728) Metaspace: 43185K(43520K)->43185K(43520K) NonClass: 40364K(40576K)->40364K(40576K) Class: 2820K(2944K)->2820K(2944K)
[613.694s][info][gc             ] GC(728) Pause Young (Allocation Failure) 662M->451M(661M) 18.045ms
[613.694s][info][gc,cpu         ] GC(728) User=0.03s Sys=0.00s Real=0.01s
[614.437s][info][gc,start       ] GC(729) Pause Young (Allocation Failure)
[614.486s][info][gc,heap        ] GC(729) PSYoungGen: 236695K(237056K)->54764K(252416K) Eden: 214016K(214016K)->0K(197632K) From: 22679K(23040K)->54764K(54784K)
[614.486s][info][gc,heap        ] GC(729) ParOldGen: 439722K(439808K)->452236K(452608K)
[614.486s][info][gc,metaspace   ] GC(729) Metaspace: 43185K(43520K)->43185K(43520K) NonClass: 40364K(40576K)->40364K(40576K) Class: 2820K(2944K)->2820K(2944K)
[614.486s][info][gc             ] GC(729) Pause Young (Allocation Failure) 660M->495M(688M) 48.490ms
[614.486s][info][gc,cpu         ] GC(729) User=0.09s Sys=0.01s Real=0.05s
[615.193s][info][gc,start       ] GC(730) Pause Young (Allocation Failure)
[615.274s][info][gc,heap        ] GC(730) PSYoungGen: 252396K(252416K)->48420K(246272K) Eden: 197632K(197632K)->0K(197632K) From: 54764K(54784K)->48420K(48640K)
[615.274s][info][gc,heap        ] GC(730) ParOldGen: 452236K(452608K)->495340K(495616K)
[615.274s][info][gc,metaspace   ] GC(730) Metaspace: 43185K(43520K)->43185K(43520K) NonClass: 40364K(40576K)->40364K(40576K) Class: 2820K(2944K)->2820K(2944K)
[615.274s][info][gc             ] GC(730) Pause Young (Allocation Failure) 688M->531M(724M) 80.501ms
[615.274s][info][gc,cpu         ] GC(730) User=0.11s Sys=0.04s Real=0.08s
[615.956s][info][gc,start       ] GC(731) Pause Young (Allocation Failure)
[616.021s][info][gc,heap        ] GC(731) PSYoungGen: 246052K(246272K)->35874K(263680K) Eden: 197632K(197632K)->0K(192000K) From: 48420K(48640K)->35874K(71680K)
[616.021s][info][gc,heap        ] GC(731) ParOldGen: 495340K(495616K)->531471K(531968K)
[616.021s][info][gc,metaspace   ] GC(731) Metaspace: 43185K(43520K)->43185K(43520K) NonClass: 40364K(40576K)->40364K(40576K) Class: 2820K(2944K)->2820K(2944K)
[616.021s][info][gc             ] GC(731) Pause Young (Allocation Failure) 724M->554M(777M) 64.958ms
[616.021s][info][gc,cpu         ] GC(731) User=0.09s Sys=0.04s Real=0.06s
[616.705s][info][gc,start       ] GC(732) Pause Young (Allocation Failure)
[616.716s][info][gc,heap        ] GC(732) PSYoungGen: 227874K(263680K)->12305K(204800K) Eden: 192000K(192000K)->0K(192000K) From: 35874K(71680K)->12305K(12800K)
[616.716s][info][gc,heap        ] GC(732) ParOldGen: 531471K(531968K)->532462K(532480K)
[616.716s][info][gc,metaspace   ] GC(732) Metaspace: 43185K(43520K)->43185K(43520K) NonClass: 40364K(40576K)->40364K(40576K) Class: 2820K(2944K)->2820K(2944K)
[616.716s][info][gc             ] GC(732) Pause Young (Allocation Failure) 741M->532M(720M) 11.496ms
[616.716s][info][gc,cpu         ] GC(732) User=0.02s Sys=0.00s Real=0.01s
[617.332s][info][gc,start       ] GC(733) Pause Young (Allocation Failure)
[617.337s][info][gc,heap        ] GC(733) PSYoungGen: 204305K(204800K)->2979K(260608K) Eden: 192000K(192000K)->0K(191488K) From: 12305K(12800K)->2979K(69120K)
[617.337s][info][gc,heap        ] GC(733) ParOldGen: 532462K(532480K)->533202K(533504K)
[617.337s][info][gc,metaspace   ] GC(733) Metaspace: 43185K(43520K)->43185K(43520K) NonClass: 40364K(40576K)->40364K(40576K) Class: 2820K(2944K)->2820K(2944K)
[617.337s][info][gc             ] GC(733) Pause Young (Allocation Failure) 719M->523M(775M) 5.468ms
[617.337s][info][gc,cpu         ] GC(733) User=0.01s Sys=0.00s Real=0.01s
[617.998s][info][gc,start       ] GC(734) Pause Young (Allocation Failure)
[618.007s][info][gc,heap        ] GC(734) PSYoungGen: 194467K(260608K)->8725K(261120K) Eden: 191488K(191488K)->0K(191488K) From: 2979K(69120K)->8725K(69632K)
[618.007s][info][gc,heap        ] GC(734) ParOldGen: 533202K(533504K)->534030K(534528K)
[618.007s][info][gc,metaspace   ] GC(734) Metaspace: 43185K(43520K)->43185K(43520K) NonClass: 40364K(40576K)->40364K(40576K) Class: 2820K(2944K)->2820K(2944K)
[618.007s][info][gc             ] GC(734) Pause Young (Allocation Failure) 710M->530M(777M) 9.039ms
[618.007s][info][gc,cpu         ] GC(734) User=0.01s Sys=0.00s Real=0.01s
[618.643s][info][gc,start       ] GC(735) Pause Young (Allocation Failure)
[618.649s][info][gc,heap        ] GC(735) PSYoungGen: 200213K(261120K)->5537K(262144K) Eden: 191488K(191488K)->0K(196096K) From: 8725K(69632K)->5537K(66048K)
[618.649s][info][gc,heap        ] GC(735) ParOldGen: 534030K(534528K)->534519K(534528K)
[618.649s][info][gc,metaspace   ] GC(735) Metaspace: 43186K(43520K)->43186K(43520K) NonClass: 40365K(40576K)->40365K(40576K) Class: 2820K(2944K)->2820K(2944K)
[618.649s][info][gc             ] GC(735) Pause Young (Allocation Failure) 717M->527M(778M) 6.541ms
[618.649s][info][gc,cpu         ] GC(735) User=0.02s Sys=0.00s Real=0.01s
[619.236s][info][gc,start       ] GC(736) Pause Young (Allocation Failure)
[619.252s][info][gc,heap        ] GC(736) PSYoungGen: 201633K(262144K)->23144K(262656K) Eden: 196096K(196096K)->0K(196096K) From: 5537K(66048K)->23144K(66560K)
[619.252s][info][gc,heap        ] GC(736) ParOldGen: 534519K(534528K)->534965K(535040K)
[619.252s][info][gc,metaspace   ] GC(736) Metaspace: 43186K(43520K)->43186K(43520K) NonClass: 40365K(40576K)->40365K(40576K) Class: 2820K(2944K)->2820K(2944K)
[619.252s][info][gc             ] GC(736) Pause Young (Allocation Failure) 718M->545M(779M) 16.308ms
[619.252s][info][gc,cpu         ] GC(736) User=0.03s Sys=0.00s Real=0.01s
[619.852s][info][gc,start       ] GC(737) Pause Young (Allocation Failure)
[619.875s][info][gc,heap        ] GC(737) PSYoungGen: 219240K(262656K)->755K(263680K) Eden: 196096K(196096K)->0K(201216K) From: 23144K(66560K)->755K(62464K)
[619.875s][info][gc,heap        ] GC(737) ParOldGen: 534965K(535040K)->556402K(556544K)
[619.875s][info][gc,metaspace   ] GC(737) Metaspace: 43186K(43520K)->43186K(43520K) NonClass: 40365K(40576K)->40365K(40576K) Class: 2820K(2944K)->2820K(2944K)
[619.875s][info][gc             ] GC(737) Pause Young (Allocation Failure) 736M->544M(801M) 22.554ms
[619.875s][info][gc,cpu         ] GC(737) User=0.03s Sys=0.02s Real=0.03s
[620.463s][info][gc,start       ] GC(738) Pause Young (Allocation Failure)
[620.469s][info][gc,heap        ] GC(738) PSYoungGen: 201971K(263680K)->4295K(263680K) Eden: 201216K(201216K)->0K(201216K) From: 755K(62464K)->4295K(62464K)
[620.469s][info][gc,heap        ] GC(738) ParOldGen: 556402K(556544K)->556418K(556544K)
[620.469s][info][gc,metaspace   ] GC(738) Metaspace: 43186K(43520K)->43186K(43520K) NonClass: 40365K(40576K)->40365K(40576K) Class: 2820K(2944K)->2820K(2944K)
[620.469s][info][gc             ] GC(738) Pause Young (Allocation Failure) 740M->547M(801M) 5.788ms
[620.469s][info][gc,cpu         ] GC(738) User=0.01s Sys=0.00s Real=0.01s
[620.800s][info][gc,start       ] GC(739) Pause Young (Allocation Failure)
[620.807s][info][gc,heap        ] GC(739) PSYoungGen: 205511K(263680K)->2990K(269824K) Eden: 201216K(201216K)->0K(210432K) From: 4295K(62464K)->2990K(59392K)
[620.807s][info][gc,heap        ] GC(739) ParOldGen: 556418K(556544K)->558485K(558592K)
[620.807s][info][gc,metaspace   ] GC(739) Metaspace: 43186K(43520K)->43186K(43520K) NonClass: 40365K(40576K)->40365K(40576K) Class: 2820K(2944K)->2820K(2944K)
[620.807s][info][gc             ] GC(739) Pause Young (Allocation Failure) 744M->548M(809M) 6.748ms
[620.807s][info][gc,cpu         ] GC(739) User=0.01s Sys=0.00s Real=0.01s
[621.167s][info][gc,start       ] GC(740) Pause Young (Allocation Failure)
[621.172s][info][gc,heap        ] GC(740) PSYoungGen: 213422K(269824K)->3406K(269824K) Eden: 210432K(210432K)->0K(210432K) From: 2990K(59392K)->3406K(59392K)
[621.172s][info][gc,heap        ] GC(740) ParOldGen: 558485K(558592K)->558581K(558592K)
[621.172s][info][gc,metaspace   ] GC(740) Metaspace: 43186K(43520K)->43186K(43520K) NonClass: 40365K(40576K)->40365K(40576K) Class: 2820K(2944K)->2820K(2944K)
[621.172s][info][gc             ] GC(740) Pause Young (Allocation Failure) 753M->548M(809M) 4.912ms
[621.172s][info][gc,cpu         ] GC(740) User=0.01s Sys=0.00s Real=0.00s
[621.540s][info][gc,start       ] GC(741) Pause Young (Allocation Failure)
[621.549s][info][gc,heap        ] GC(741) PSYoungGen: 212281K(269824K)->10654K(270336K) Eden: 208874K(210432K)->0K(217088K) From: 3406K(59392K)->10654K(53248K)
[621.549s][info][gc,heap        ] GC(741) ParOldGen: 558581K(558592K)->558841K(559104K)
[621.549s][info][gc,metaspace   ] GC(741) Metaspace: 43186K(43520K)->43186K(43520K) NonClass: 40365K(40576K)->40365K(40576K) Class: 2820K(2944K)->2820K(2944K)
[621.549s][info][gc             ] GC(741) Pause Young (Allocation Failure) 752M->556M(810M) 9.267ms
[621.549s][info][gc,cpu         ] GC(741) User=0.02s Sys=0.00s Real=0.01s
[621.840s][info][gc,start       ] GC(742) Pause Young (Allocation Failure)
[621.854s][info][gc,heap        ] GC(742) PSYoungGen: 227742K(270336K)->2060K(271360K) Eden: 217088K(217088K)->0K(217088K) From: 10654K(53248K)->2060K(54272K)
[621.854s][info][gc,heap        ] GC(742) ParOldGen: 558841K(559104K)->569266K(569344K)
[621.854s][info][gc,metaspace   ] GC(742) Metaspace: 43186K(43520K)->43186K(43520K) NonClass: 40365K(40576K)->40365K(40576K) Class: 2820K(2944K)->2820K(2944K)
[621.854s][info][gc             ] GC(742) Pause Young (Allocation Failure) 768M->557M(821M) 14.172ms
[621.854s][info][gc,cpu         ] GC(742) User=0.02s Sys=0.01s Real=0.01s
[622.152s][info][gc,start       ] GC(743) Pause Young (Allocation Failure)
[622.159s][info][gc,heap        ] GC(743) PSYoungGen: 218999K(271360K)->2208K(275968K) Eden: 216938K(217088K)->0K(226816K) From: 2060K(54272K)->2208K(49152K)
[622.159s][info][gc,heap        ] GC(743) ParOldGen: 569266K(569344K)->571281K(571392K)
[622.159s][info][gc,metaspace   ] GC(743) Metaspace: 43186K(43520K)->43186K(43520K) NonClass: 40365K(40576K)->40365K(40576K) Class: 2820K(2944K)->2820K(2944K)
[622.159s][info][gc             ] GC(743) Pause Young (Allocation Failure) 769M->560M(827M) 7.588ms
[622.159s][info][gc,cpu         ] GC(743) User=0.01s Sys=0.00s Real=0.01s
[622.470s][info][gc,start       ] GC(744) Pause Young (Allocation Failure)
[622.479s][info][gc,heap        ] GC(744) PSYoungGen: 229024K(275968K)->2771K(277504K) Eden: 226816K(226816K)->0K(226816K) From: 2208K(49152K)->2771K(50688K)
[622.479s][info][gc,heap        ] GC(744) ParOldGen: 571281K(571392K)->573475K(573952K)
[622.479s][info][gc,metaspace   ] GC(744) Metaspace: 43186K(43520K)->43186K(43520K) NonClass: 40365K(40576K)->40365K(40576K) Class: 2820K(2944K)->2820K(2944K)
[622.479s][info][gc             ] GC(744) Pause Young (Allocation Failure) 781M->562M(831M) 9.032ms
[622.479s][info][gc,cpu         ] GC(744) User=0.01s Sys=0.00s Real=0.01s
[622.818s][info][gc,start       ] GC(745) Pause Young (Allocation Failure)
[622.833s][info][gc,heap        ] GC(745) PSYoungGen: 229306K(277504K)->8719K(277504K) Eden: 226535K(226816K)->0K(234496K) From: 2771K(50688K)->8719K(43008K)
[622.833s][info][gc,heap        ] GC(745) ParOldGen: 573475K(573952K)->576250K(576512K)
[622.833s][info][gc,metaspace   ] GC(745) Metaspace: 43186K(43520K)->43186K(43520K) NonClass: 40365K(40576K)->40365K(40576K) Class: 2820K(2944K)->2820K(2944K)
[622.833s][info][gc             ] GC(745) Pause Young (Allocation Failure) 783M->571M(834M) 14.357ms
[622.833s][info][gc,cpu         ] GC(745) User=0.02s Sys=0.00s Real=0.01s
[623.172s][info][gc,start       ] GC(746) Pause Young (Allocation Failure)
[623.192s][info][gc,heap        ] GC(746) PSYoungGen: 243215K(277504K)->4998K(280064K) Eden: 234496K(234496K)->0K(234496K) From: 8719K(43008K)->4998K(45568K)
[623.192s][info][gc,heap        ] GC(746) ParOldGen: 576250K(576512K)->585011K(585216K)
[623.192s][info][gc,metaspace   ] GC(746) Metaspace: 43186K(43520K)->43186K(43520K) NonClass: 40365K(40576K)->40365K(40576K) Class: 2820K(2944K)->2820K(2944K)
[623.192s][info][gc             ] GC(746) Pause Young (Allocation Failure) 800M->576M(845M) 19.521ms
[623.192s][info][gc,cpu         ] GC(746) User=0.03s Sys=0.01s Real=0.02s
[623.558s][info][gc,start       ] GC(747) Pause Young (Allocation Failure)
[623.577s][info][gc,heap        ] GC(747) PSYoungGen: 239494K(280064K)->11035K(282112K) Eden: 234496K(234496K)->0K(245248K) From: 4998K(45568K)->11035K(36864K)
[623.577s][info][gc,heap        ] GC(747) ParOldGen: 585011K(585216K)->589979K(590336K)
[623.577s][info][gc,metaspace   ] GC(747) Metaspace: 43186K(43520K)->43186K(43520K) NonClass: 40365K(40576K)->40365K(40576K) Class: 2820K(2944K)->2820K(2944K)
[623.577s][info][gc             ] GC(747) Pause Young (Allocation Failure) 805M->586M(852M) 19.329ms
[623.577s][info][gc,cpu         ] GC(747) User=0.03s Sys=0.01s Real=0.02s
[624.180s][info][gc,start       ] GC(748) Pause Young (Allocation Failure)
[624.206s][info][gc,heap        ] GC(748) PSYoungGen: 256283K(282112K)->11414K(285184K) Eden: 245248K(245248K)->0K(245248K) From: 11035K(36864K)->11414K(39936K)
[624.206s][info][gc,heap        ] GC(748) ParOldGen: 589979K(590336K)->601180K(601600K)
[624.206s][info][gc,metaspace   ] GC(748) Metaspace: 43195K(43520K)->43195K(43520K) NonClass: 40374K(40576K)->40374K(40576K) Class: 2820K(2944K)->2820K(2944K)
[624.206s][info][gc             ] GC(748) Pause Young (Allocation Failure) 826M->598M(866M) 25.715ms
[624.206s][info][gc,cpu         ] GC(748) User=0.04s Sys=0.01s Real=0.03s
[624.812s][info][gc,start       ] GC(749) Pause Young (Allocation Failure)
[624.825s][info][gc,heap        ] GC(749) PSYoungGen: 256662K(285184K)->3658K(290304K) Eden: 245248K(245248K)->0K(256512K) From: 11414K(39936K)->3658K(33792K)
[624.825s][info][gc,heap        ] GC(749) ParOldGen: 601180K(601600K)->607986K(608256K)
[624.825s][info][gc,metaspace   ] GC(749) Metaspace: 43196K(43520K)->43196K(43520K) NonClass: 40376K(40576K)->40376K(40576K) Class: 2820K(2944K)->2820K(2944K)
[624.825s][info][gc             ] GC(749) Pause Young (Allocation Failure) 837M->597M(877M) 12.739ms
[624.825s][info][gc,cpu         ] GC(749) User=0.02s Sys=0.00s Real=0.02s
[625.442s][info][gc,start       ] GC(750) Pause Young (Allocation Failure)
[625.447s][info][gc,heap        ] GC(750) PSYoungGen: 260170K(290304K)->3834K(292352K) Eden: 256512K(256512K)->0K(256512K) From: 3658K(33792K)->3834K(35840K)
[625.447s][info][gc,heap        ] GC(750) ParOldGen: 607986K(608256K)->607986K(608256K)
[625.447s][info][gc,metaspace   ] GC(750) Metaspace: 43196K(43520K)->43196K(43520K) NonClass: 40376K(40576K)->40376K(40576K) Class: 2820K(2944K)->2820K(2944K)
[625.447s][info][gc             ] GC(750) Pause Young (Allocation Failure) 847M->597M(879M) 5.650ms
[625.447s][info][gc,cpu         ] GC(750) User=0.01s Sys=0.00s Real=0.01s
[626.060s][info][gc,start       ] GC(751) Pause Young (Allocation Failure)
[626.065s][info][gc,heap        ] GC(751) PSYoungGen: 260346K(292352K)->1184K(295424K) Eden: 256512K(256512K)->0K(263680K) From: 3834K(35840K)->1184K(31744K)
[626.065s][info][gc,heap        ] GC(751) ParOldGen: 607986K(608256K)->608045K(608256K)
[626.065s][info][gc,metaspace   ] GC(751) Metaspace: 43196K(43520K)->43196K(43520K) NonClass: 40376K(40576K)->40376K(40576K) Class: 2820K(2944K)->2820K(2944K)
[626.065s][info][gc             ] GC(751) Pause Young (Allocation Failure) 847M->594M(882M) 4.548ms
[626.065s][info][gc,cpu         ] GC(751) User=0.01s Sys=0.00s Real=0.01s
[626.727s][info][gc,start       ] GC(752) Pause Young (Allocation Failure)
[626.734s][info][gc,heap        ] GC(752) PSYoungGen: 264864K(295424K)->7525K(296960K) Eden: 263680K(263680K)->0K(263680K) From: 1184K(31744K)->7525K(33280K)
[626.734s][info][gc,heap        ] GC(752) ParOldGen: 608045K(608256K)->608109K(608256K)
[626.734s][info][gc,metaspace   ] GC(752) Metaspace: 43197K(43584K)->43197K(43584K) NonClass: 40376K(40640K)->40376K(40640K) Class: 2820K(2944K)->2820K(2944K)
[626.734s][info][gc             ] GC(752) Pause Young (Allocation Failure) 852M->601M(884M) 6.885ms
[626.734s][info][gc,cpu         ] GC(752) User=0.02s Sys=0.00s Real=0.00s
[627.932s][info][gc,start       ] GC(753) Pause Young (Allocation Failure)
[627.939s][info][gc,heap        ] GC(753) PSYoungGen: 271205K(296960K)->4178K(297984K) Eden: 263679K(263680K)->0K(269312K) From: 7525K(33280K)->4178K(28672K)
[627.939s][info][gc,heap        ] GC(753) ParOldGen: 608109K(608256K)->608261K(608768K)
[627.939s][info][gc,metaspace   ] GC(753) Metaspace: 43197K(43584K)->43197K(43584K) NonClass: 40376K(40640K)->40376K(40640K) Class: 2820K(2944K)->2820K(2944K)
[627.939s][info][gc             ] GC(753) Pause Young (Allocation Failure) 858M->598M(885M) 7.277ms
[627.939s][info][gc,cpu         ] GC(753) User=0.02s Sys=0.00s Real=0.01s
[629.045s][info][gc,start       ] GC(754) Pause Young (Allocation Failure)
[629.073s][info][gc,heap        ] GC(754) PSYoungGen: 273490K(297984K)->23258K(299008K) Eden: 269312K(269312K)->0K(269312K) From: 4178K(28672K)->23258K(29696K)
[629.073s][info][gc,heap        ] GC(754) ParOldGen: 608261K(608768K)->611391K(611840K)
[629.073s][info][gc,metaspace   ] GC(754) Metaspace: 43203K(43584K)->43203K(43584K) NonClass: 40383K(40640K)->40383K(40640K) Class: 2820K(2944K)->2820K(2944K)
[629.073s][info][gc             ] GC(754) Pause Young (Allocation Failure) 861M->619M(889M) 27.915ms
[629.073s][info][gc,cpu         ] GC(754) User=0.05s Sys=0.00s Real=0.02s
[629.795s][info][gc,start       ] GC(755) Pause Young (Allocation Failure)
[629.864s][info][gc,heap        ] GC(755) PSYoungGen: 292570K(299008K)->30456K(290304K) Eden: 269312K(269312K)->0K(257024K) From: 23258K(29696K)->30456K(33280K)
[629.864s][info][gc,heap        ] GC(755) ParOldGen: 611391K(611840K)->634291K(634368K)
[629.864s][info][gc,metaspace   ] GC(755) Metaspace: 43203K(43584K)->43203K(43584K) NonClass: 40383K(40640K)->40383K(40640K) Class: 2820K(2944K)->2820K(2944K)
[629.864s][info][gc             ] GC(755) Pause Young (Allocation Failure) 882M->649M(903M) 69.839ms
[629.864s][info][gc,cpu         ] GC(755) User=0.12s Sys=0.02s Real=0.07s
[630.538s][info][gc,start       ] GC(756) Pause Young (Allocation Failure)
[630.610s][info][gc,heap        ] GC(756) PSYoungGen: 287480K(290304K)->28480K(285696K) Eden: 257024K(257024K)->0K(257024K) From: 30456K(33280K)->28480K(28672K)
[630.610s][info][gc,heap        ] GC(756) ParOldGen: 634291K(634368K)->663319K(663552K)
[630.610s][info][gc,metaspace   ] GC(756) Metaspace: 43203K(43584K)->43203K(43584K) NonClass: 40383K(40640K)->40383K(40640K) Class: 2820K(2944K)->2820K(2944K)
[630.610s][info][gc             ] GC(756) Pause Young (Allocation Failure) 900M->675M(927M) 72.249ms
[630.610s][info][gc,cpu         ] GC(756) User=0.12s Sys=0.02s Real=0.07s
[631.003s][info][gc,heap,exit   ] Heap
[631.003s][info][gc,heap,exit   ]  PSYoungGen      total 285696K, used 152461K [0x00000000eba00000, 0x0000000100000000, 0x0000000100000000)
[631.003s][info][gc,heap,exit   ]   eden space 257024K, 48% used [0x00000000eba00000,0x00000000f33137d8,0x00000000fb500000)
[631.003s][info][gc,heap,exit   ]   from space 28672K, 99% used [0x00000000fb500000,0x00000000fd0d0008,0x00000000fd100000)
[631.003s][info][gc,heap,exit   ]   to   space 41984K, 0% used [0x00000000fd700000,0x00000000fd700000,0x0000000100000000)
[631.003s][info][gc,heap,exit   ]  ParOldGen       total 663552K, used 663319K [0x00000000c2e00000, 0x00000000eb600000, 0x00000000eba00000)
[631.003s][info][gc,heap,exit   ]   object space 663552K, 99% used [0x00000000c2e00000,0x00000000eb5c5f90,0x00000000eb600000)
[631.003s][info][gc,heap,exit   ]  Metaspace       used 43331K, committed 43712K, reserved 1114112K
[631.003s][info][gc,heap,exit   ]   class space    used 2835K, committed 2944K, reserved 1048576K
