[0.002s][info][metaspace]  - commit_granule_bytes: 65536.
[0.002s][info][metaspace]  - commit_granule_words: 8192.
[0.002s][info][metaspace]  - virtual_space_node_default_size: 8388608.
[0.002s][info][metaspace]  - enlarge_chunks_in_place: 1.
[0.005s][info][gc,init  ] CardTable entry size: 512
[0.005s][info][gc       ] Using Parallel
[0.006s][info][gc,init  ] Version: 24-internal-adhoc.root.jdk (release)
[0.006s][info][gc,init  ] CPUs: 2 total, 2 available
[0.006s][info][gc,init  ] Memory: 3908M
[0.006s][info][gc,init  ] Large Page Support: Disabled
[0.006s][info][gc,init  ] NUMA Support: Disabled
[0.006s][info][gc,init  ] Compressed Oops: Enabled (32-bit)
[0.006s][info][gc,init  ] Alignments: Space 512K, Generation 512K, Heap 2M
[0.006s][info][gc,init  ] Heap Min Capacity: 256M
[0.006s][info][gc,init  ] Heap Initial Capacity: 256M
[0.006s][info][gc,init  ] Heap Max Capacity: 978M
[0.006s][info][gc,init  ] Pre-touch: Disabled
[0.006s][info][gc,init  ] Parallel Workers: 2
[0.023s][info][gc,metaspace] CDS archive(s) mapped at: [0x00007fca3d000000-0x00007fca3ddc0000-0x00007fca3ddc0000), size 14417920, SharedBaseAddress: 0x00007fca3d000000, ArchiveRelocationMode: 1.
[0.023s][info][gc,metaspace] Compressed class space mapped at: 0x00007fca3e000000-0x00007fca7e000000, reserved size: 1073741824
[0.023s][info][gc,metaspace] UseCompressedClassPointers 1, UseCompactObjectHeaders 0
[0.023s][info][gc,metaspace] Narrow klass pointer bits 32, Max shift 3
[0.023s][info][gc,metaspace] Narrow klass base: 0x00007fca3d000000, Narrow klass shift: 0
[0.023s][info][gc,metaspace] Encoding Range: [0x00007fca3d000000 - 0x00007fcb3d000000), (4294967296 bytes)
[0.023s][info][gc,metaspace] Klass Range:    [0x00007fca3d000000 - 0x00007fca7e000000), (1090519040 bytes)
[0.023s][info][gc,metaspace] Klass ID Range:  [8 - 1090519033) (1090519025)
[1.918s][info][gc,start    ] GC(0) Pause Young (Allocation Failure)
[1.928s][info][gc,heap     ] GC(0) PSYoungGen: 65536K(76288K)->4236K(76288K) Eden: 65536K(65536K)->0K(65536K) From: 0K(10752K)->4236K(10752K)
[1.928s][info][gc,heap     ] GC(0) ParOldGen: 1157K(175104K)->1165K(175104K)
[1.928s][info][gc,metaspace] GC(0) Metaspace: 8294K(8512K)->8294K(8512K) NonClass: 7615K(7744K)->7615K(7744K) Class: 679K(768K)->679K(768K)
[1.929s][info][gc          ] GC(0) Pause Young (Allocation Failure) 65M->5M(245M) 10.615ms
[1.929s][info][gc,cpu      ] GC(0) User=0.02s Sys=0.01s Real=0.01s
[4.385s][info][gc,start    ] GC(1) Pause Young (Allocation Failure)
[4.411s][info][gc,heap     ] GC(1) PSYoungGen: 69772K(76288K)->8592K(76288K) Eden: 65536K(65536K)->0K(65536K) From: 4236K(10752K)->8592K(10752K)
[4.411s][info][gc,heap     ] GC(1) ParOldGen: 1165K(175104K)->1173K(175104K)
[4.411s][info][gc,metaspace] GC(1) Metaspace: 20934K(21312K)->20934K(21312K) NonClass: 19357K(19584K)->19357K(19584K) Class: 1576K(1728K)->1576K(1728K)
[4.411s][info][gc          ] GC(1) Pause Young (Allocation Failure) 69M->9M(245M) 25.814ms
[4.411s][info][gc,cpu      ] GC(1) User=0.02s Sys=0.00s Real=0.03s
[6.343s][info][metaspace   ] Arena @0x00007fca9c0557b0 (non-class arena): commit failure (requested size: 2495)
[6.343s][info][metaspace   ] ChkMgr @0x00007fca9c03aad0 (non-class-space): failed to commit 2495 words on chunk @0x00007fca9c697d20, f, base 0x00007fca35380000, level lv05.
[6.343s][info][metaspace   ] Arena @0x00007fca9c0557b0 (non-class arena): failed to allocate new chunk for requested word size 2495.
[6.343s][info][metaspace   ] Arena @0x00007fca9c0557b0 (non-class arena): allocation failed, returned null.
[6.343s][info][metaspace   ] Arena @0x00007fca9c0557b0 (non-class arena): commit failure (requested size: 2495)
[6.343s][info][metaspace   ] ChkMgr @0x00007fca9c03aad0 (non-class-space): failed to commit 2495 words on chunk @0x00007fca9c697d20, f, base 0x00007fca35380000, level lv05.
[6.343s][info][metaspace   ] Arena @0x00007fca9c0557b0 (non-class arena): failed to allocate new chunk for requested word size 2495.
[6.343s][info][metaspace   ] Arena @0x00007fca9c0557b0 (non-class arena): allocation failed, returned null.
[6.343s][info][metaspace   ] Arena @0x00007fca9c0557b0 (non-class arena): commit failure (requested size: 2495)
[6.343s][info][metaspace   ] ChkMgr @0x00007fca9c03aad0 (non-class-space): failed to commit 2495 words on chunk @0x00007fca9c697d20, f, base 0x00007fca35380000, level lv05.
[6.343s][info][metaspace   ] Arena @0x00007fca9c0557b0 (non-class arena): failed to allocate new chunk for requested word size 2495.
[6.343s][info][metaspace   ] Arena @0x00007fca9c0557b0 (non-class arena): allocation failed, returned null.
[6.343s][info][gc,start    ] GC(2) Pause Full (Metadata GC Threshold)
[6.343s][info][gc,phases,start] GC(2) Marking Phase
[6.364s][info][gc,phases      ] GC(2) Marking Phase 21.025ms
[6.364s][info][gc,phases,start] GC(2) Summary Phase
[6.364s][info][gc,phases      ] GC(2) Summary Phase 0.011ms
[6.364s][info][gc,phases,start] GC(2) Forward
[6.368s][info][gc,phases      ] GC(2) Forward 3.022ms
[6.368s][info][gc,phases,start] GC(2) Adjust Pointers
[6.378s][info][gc,phases      ] GC(2) Adjust Pointers 10.668ms
[6.378s][info][gc,phases,start] GC(2) Compaction Phase
[6.387s][info][gc,phases      ] GC(2) Compaction Phase 8.645ms
[6.387s][info][gc,phases,start] GC(2) Post Compact
[6.389s][info][gc,phases      ] GC(2) Post Compact 1.646ms
[6.389s][info][gc,heap        ] GC(2) PSYoungGen: 20096K(76288K)->0K(76288K) Eden: 11504K(65536K)->0K(65536K) From: 8592K(10752K)->0K(10752K)
[6.389s][info][gc,heap        ] GC(2) ParOldGen: 1173K(175104K)->9700K(175104K)
[6.389s][info][gc,metaspace   ] GC(2) Metaspace: 21060K(21504K)->21060K(21504K) NonClass: 19474K(19712K)->19474K(19712K) Class: 1586K(1792K)->1586K(1792K)
[6.389s][info][gc             ] GC(2) Pause Full (Metadata GC Threshold) 20M->9M(245M) 45.362ms
[6.389s][info][gc,cpu         ] GC(2) User=0.05s Sys=0.01s Real=0.05s
[7.399s][info][gc,start       ] GC(3) Pause Young (Allocation Failure)
[7.408s][info][gc,heap        ] GC(3) PSYoungGen: 65536K(76288K)->2906K(76288K) Eden: 65536K(65536K)->0K(65536K) From: 0K(10752K)->2906K(10752K)
[7.408s][info][gc,heap        ] GC(3) ParOldGen: 9700K(175104K)->9708K(175104K)
[7.408s][info][gc,metaspace   ] GC(3) Metaspace: 24084K(24448K)->24084K(24448K) NonClass: 22303K(22528K)->22303K(22528K) Class: 1781K(1920K)->1781K(1920K)
[7.408s][info][gc             ] GC(3) Pause Young (Allocation Failure) 73M->12M(245M) 9.319ms
[7.408s][info][gc,cpu         ] GC(3) User=0.01s Sys=0.00s Real=0.01s
[7.954s][info][gc,start       ] GC(4) Pause Young (Allocation Failure)
[7.963s][info][gc,heap        ] GC(4) PSYoungGen: 68442K(76288K)->3808K(76288K) Eden: 65536K(65536K)->0K(65536K) From: 2906K(10752K)->3808K(10752K)
[7.963s][info][gc,heap        ] GC(4) ParOldGen: 9708K(175104K)->9716K(175104K)
[7.963s][info][gc,metaspace   ] GC(4) Metaspace: 24367K(24704K)->24367K(24704K) NonClass: 22578K(22784K)->22578K(22784K) Class: 1789K(1920K)->1789K(1920K)
[7.963s][info][gc             ] GC(4) Pause Young (Allocation Failure) 76M->13M(245M) 9.003ms
[7.963s][info][gc,cpu         ] GC(4) User=0.01s Sys=0.00s Real=0.01s
[8.481s][info][gc,start       ] GC(5) Pause Young (Allocation Failure)
[8.487s][info][gc,heap        ] GC(5) PSYoungGen: 69344K(76288K)->4528K(76288K) Eden: 65536K(65536K)->0K(65536K) From: 3808K(10752K)->4528K(10752K)
[8.487s][info][gc,heap        ] GC(5) ParOldGen: 9716K(175104K)->9716K(175104K)
[8.487s][info][gc,metaspace   ] GC(5) Metaspace: 24690K(25024K)->24690K(25024K) NonClass: 22901K(23104K)->22901K(23104K) Class: 1789K(1920K)->1789K(1920K)
[8.487s][info][gc             ] GC(5) Pause Young (Allocation Failure) 77M->13M(245M) 5.979ms
[8.487s][info][gc,cpu         ] GC(5) User=0.02s Sys=0.00s Real=0.00s
[8.738s][info][gc,start       ] GC(6) Pause Young (Allocation Failure)
[8.749s][info][gc,heap        ] GC(6) PSYoungGen: 70064K(76288K)->4888K(78848K) Eden: 65536K(65536K)->0K(70144K) From: 4528K(10752K)->4888K(8704K)
[8.749s][info][gc,heap        ] GC(6) ParOldGen: 9716K(175104K)->9716K(175104K)
[8.749s][info][gc,metaspace   ] GC(6) Metaspace: 25740K(26112K)->25740K(26112K) NonClass: 23842K(24064K)->23842K(24064K) Class: 1897K(2048K)->1897K(2048K)
[8.749s][info][gc             ] GC(6) Pause Young (Allocation Failure) 77M->14M(248M) 11.161ms
[8.749s][info][gc,cpu         ] GC(6) User=0.03s Sys=0.00s Real=0.01s
[8.877s][info][gc,start       ] GC(7) Pause Young (Allocation Failure)
[8.885s][info][gc,heap        ] GC(7) PSYoungGen: 73255K(78848K)->5478K(78336K) Eden: 68366K(70144K)->0K(70144K) From: 4888K(8704K)->5478K(8192K)
[8.885s][info][gc,heap        ] GC(7) ParOldGen: 9716K(175104K)->9716K(175104K)
[8.885s][info][gc,metaspace   ] GC(7) Metaspace: 25963K(26304K)->25963K(26304K) NonClass: 24034K(24192K)->24034K(24192K) Class: 1929K(2112K)->1929K(2112K)
[8.886s][info][gc             ] GC(7) Pause Young (Allocation Failure) 81M->14M(247M) 8.518ms
[8.886s][info][gc,cpu         ] GC(7) User=0.01s Sys=0.01s Real=0.01s
[9.197s][info][gc,start       ] GC(8) Pause Young (Allocation Failure)
[9.215s][info][gc,heap        ] GC(8) PSYoungGen: 75619K(78336K)->3491K(147456K) Eden: 70140K(70144K)->0K(140288K) From: 5478K(8192K)->3491K(7168K)
[9.215s][info][gc,heap        ] GC(8) ParOldGen: 9716K(175104K)->12702K(175104K)
[9.215s][info][gc,metaspace   ] GC(8) Metaspace: 26167K(26560K)->26167K(26560K) NonClass: 24228K(24448K)->24228K(24448K) Class: 1938K(2112K)->1938K(2112K)
[9.215s][info][gc             ] GC(8) Pause Young (Allocation Failure) 83M->15M(315M) 17.761ms
[9.215s][info][gc,cpu         ] GC(8) User=0.03s Sys=0.01s Real=0.02s
[10.507s][info][gc,start       ] GC(9) Pause Young (Allocation Failure)
[10.521s][info][gc,heap        ] GC(9) PSYoungGen: 143779K(147456K)->7674K(147968K) Eden: 140288K(140288K)->0K(140288K) From: 3491K(7168K)->7674K(7680K)
[10.521s][info][gc,heap        ] GC(9) ParOldGen: 12702K(175104K)->15289K(175104K)
[10.521s][info][gc,metaspace   ] GC(9) Metaspace: 27982K(28352K)->27982K(28352K) NonClass: 25923K(26112K)->25923K(26112K) Class: 2059K(2240K)->2059K(2240K)
[10.521s][info][gc             ] GC(9) Pause Young (Allocation Failure) 152M->22M(315M) 14.193ms
[10.521s][info][gc,cpu         ] GC(9) User=0.02s Sys=0.01s Real=0.02s
[11.005s][info][gc,start       ] GC(10) Pause Young (Allocation Failure)
[11.045s][info][gc,heap        ] GC(10) PSYoungGen: 147962K(147968K)->9701K(227328K) Eden: 140288K(140288K)->0K(217600K) From: 7674K(7680K)->9701K(9728K)
[11.045s][info][gc,heap        ] GC(10) ParOldGen: 15289K(175104K)->30887K(175104K)
[11.045s][info][gc,metaspace   ] GC(10) Metaspace: 28017K(28416K)->28017K(28416K) NonClass: 25949K(26176K)->25949K(26176K) Class: 2068K(2240K)->2068K(2240K)
[11.045s][info][gc             ] GC(10) Pause Young (Allocation Failure) 159M->39M(393M) 40.189ms
[11.045s][info][gc,cpu         ] GC(10) User=0.06s Sys=0.02s Real=0.04s
[11.869s][info][gc,start       ] GC(11) Pause Young (Allocation Failure)
[11.932s][info][gc,heap        ] GC(11) PSYoungGen: 227301K(227328K)->16888K(234496K) Eden: 217600K(217600K)->0K(217600K) From: 9701K(9728K)->16888K(16896K)
[11.932s][info][gc,heap        ] GC(11) ParOldGen: 30887K(175104K)->50953K(175104K)
[11.932s][info][gc,metaspace   ] GC(11) Metaspace: 28082K(28480K)->28082K(28480K) NonClass: 26010K(26240K)->26010K(26240K) Class: 2072K(2240K)->2072K(2240K)
[11.932s][info][gc             ] GC(11) Pause Young (Allocation Failure) 252M->66M(400M) 62.567ms
[11.932s][info][gc,cpu         ] GC(11) User=0.09s Sys=0.03s Real=0.06s
[12.622s][info][gc,start       ] GC(12) Pause Young (Allocation Failure)
[12.689s][info][gc,heap        ] GC(12) PSYoungGen: 234488K(234496K)->26592K(285696K) Eden: 217600K(217600K)->0K(259072K) From: 16888K(16896K)->26592K(26624K)
[12.689s][info][gc,heap        ] GC(12) ParOldGen: 50953K(175104K)->67265K(175104K)
[12.689s][info][gc,metaspace   ] GC(12) Metaspace: 28084K(28480K)->28084K(28480K) NonClass: 26012K(26240K)->26012K(26240K) Class: 2072K(2240K)->2072K(2240K)
[12.689s][info][gc             ] GC(12) Pause Young (Allocation Failure) 278M->91M(450M) 66.794ms
[12.689s][info][gc,cpu         ] GC(12) User=0.09s Sys=0.04s Real=0.07s
[15.214s][info][gc,start       ] GC(13) Pause Young (Allocation Failure)
[15.294s][info][gc,heap        ] GC(13) PSYoungGen: 285631K(285696K)->21815K(281088K) Eden: 259039K(259072K)->0K(259072K) From: 26592K(26624K)->21815K(22016K)
[15.294s][info][gc,heap        ] GC(13) ParOldGen: 67265K(175104K)->94074K(175104K)
[15.294s][info][gc,metaspace   ] GC(13) Metaspace: 28473K(28928K)->28473K(28928K) NonClass: 26390K(26688K)->26390K(26688K) Class: 2082K(2240K)->2082K(2240K)
[15.294s][info][gc             ] GC(13) Pause Young (Allocation Failure) 344M->113M(445M) 79.953ms
[15.294s][info][gc,cpu         ] GC(13) User=0.12s Sys=0.03s Real=0.08s
[17.726s][info][gc,start       ] GC(14) Pause Young (Allocation Failure)
[17.795s][info][gc,heap        ] GC(14) PSYoungGen: 280887K(281088K)->22431K(294912K) Eden: 259072K(259072K)->0K(257024K) From: 21815K(22016K)->22431K(37888K)
[17.795s][info][gc,heap        ] GC(14) ParOldGen: 94074K(175104K)->115748K(175104K)
[17.795s][info][gc,metaspace   ] GC(14) Metaspace: 28651K(29056K)->28651K(29056K) NonClass: 26553K(26816K)->26553K(26816K) Class: 2098K(2240K)->2098K(2240K)
[17.795s][info][gc             ] GC(14) Pause Young (Allocation Failure) 366M->134M(459M) 69.339ms
[17.795s][info][gc,cpu         ] GC(14) User=0.12s Sys=0.02s Real=0.07s
[19.847s][info][gc,start       ] GC(15) Pause Young (Allocation Failure)
[19.915s][info][gc,heap        ] GC(15) PSYoungGen: 279455K(294912K)->22534K(280064K) Eden: 257024K(257024K)->0K(257024K) From: 22431K(37888K)->22534K(23040K)
[19.915s][info][gc,heap        ] GC(15) ParOldGen: 115748K(175104K)->138291K(175104K)
[19.915s][info][gc,metaspace   ] GC(15) Metaspace: 28678K(29056K)->28678K(29056K) NonClass: 26577K(26816K)->26577K(26816K) Class: 2100K(2240K)->2100K(2240K)
[19.915s][info][gc             ] GC(15) Pause Young (Allocation Failure) 385M->157M(444M) 67.595ms
[19.915s][info][gc,cpu         ] GC(15) User=0.12s Sys=0.02s Real=0.07s
[21.671s][info][gc,start       ] GC(16) Pause Young (Allocation Failure)
[21.728s][info][gc,heap        ] GC(16) PSYoungGen: 279558K(280064K)->28525K(289792K) Eden: 257024K(257024K)->0K(250880K) From: 22534K(23040K)->28525K(38912K)
[21.728s][info][gc,heap        ] GC(16) ParOldGen: 138291K(175104K)->160980K(175104K)
[21.728s][info][gc,metaspace   ] GC(16) Metaspace: 28760K(29120K)->28760K(29120K) NonClass: 26658K(26880K)->26658K(26880K) Class: 2101K(2240K)->2101K(2240K)
[21.728s][info][gc             ] GC(16) Pause Young (Allocation Failure) 408M->185M(454M) 56.492ms
[21.728s][info][gc,cpu         ] GC(16) User=0.10s Sys=0.02s Real=0.06s
[22.786s][info][gc,start       ] GC(17) Pause Young (Allocation Failure)
[22.851s][info][gc,heap        ] GC(17) PSYoungGen: 279405K(289792K)->34014K(285184K) Eden: 250880K(250880K)->0K(250880K) From: 28525K(38912K)->34014K(34304K)
[22.851s][info][gc,heap        ] GC(17) ParOldGen: 160980K(175104K)->186341K(186368K)
[22.851s][info][gc,metaspace   ] GC(17) Metaspace: 28806K(29184K)->28806K(29184K) NonClass: 26701K(26944K)->26701K(26944K) Class: 2104K(2240K)->2104K(2240K)
[22.851s][info][gc             ] GC(17) Pause Young (Allocation Failure) 430M->215M(460M) 64.570ms
[22.851s][info][gc,cpu         ] GC(17) User=0.11s Sys=0.02s Real=0.07s
[23.495s][info][gc,start       ] GC(18) Pause Young (Allocation Failure)
[23.576s][info][gc,heap        ] GC(18) PSYoungGen: 284894K(285184K)->30872K(284672K) Eden: 250880K(250880K)->0K(239616K) From: 34014K(34304K)->30872K(45056K)
[23.576s][info][gc,heap        ] GC(18) ParOldGen: 186341K(186368K)->219664K(220160K)
[23.576s][info][gc,metaspace   ] GC(18) Metaspace: 28808K(29184K)->28808K(29184K) NonClass: 26703K(26944K)->26703K(26944K) Class: 2104K(2240K)->2104K(2240K)
[23.576s][info][gc             ] GC(18) Pause Young (Allocation Failure) 460M->244M(493M) 81.089ms
[23.576s][info][gc,cpu         ] GC(18) User=0.14s Sys=0.02s Real=0.08s
[24.194s][info][gc,start       ] GC(19) Pause Young (Allocation Failure)
[24.265s][info][gc,heap        ] GC(19) PSYoungGen: 270488K(284672K)->30064K(269824K) Eden: 239616K(239616K)->0K(239616K) From: 30872K(45056K)->30064K(30208K)
[24.265s][info][gc,heap        ] GC(19) ParOldGen: 219664K(220160K)->248864K(249344K)
[24.265s][info][gc,metaspace   ] GC(19) Metaspace: 28808K(29184K)->28808K(29184K) NonClass: 26703K(26944K)->26703K(26944K) Class: 2104K(2240K)->2104K(2240K)
[24.265s][info][gc             ] GC(19) Pause Young (Allocation Failure) 478M->272M(507M) 70.993ms
[24.265s][info][gc,cpu         ] GC(19) User=0.12s Sys=0.02s Real=0.07s
[25.976s][info][gc,start       ] GC(20) Pause Young (Allocation Failure)
[26.027s][info][gc,heap        ] GC(20) PSYoungGen: 269680K(269824K)->10048K(286720K) Eden: 239616K(239616K)->0K(238592K) From: 30064K(30208K)->10048K(48128K)
[26.027s][info][gc,heap        ] GC(20) ParOldGen: 248864K(249344K)->279161K(279552K)
[26.027s][info][gc,metaspace   ] GC(20) Metaspace: 28861K(29248K)->28861K(29248K) NonClass: 26756K(27008K)->26756K(27008K) Class: 2104K(2240K)->2104K(2240K)
[26.027s][info][gc             ] GC(20) Pause Young (Allocation Failure) 506M->282M(553M) 50.571ms
[26.027s][info][gc,cpu         ] GC(20) User=0.07s Sys=0.03s Real=0.05s
[27.300s][info][gc,start       ] GC(21) Pause Young (Allocation Failure)
[27.316s][info][gc,heap        ] GC(21) PSYoungGen: 248640K(286720K)->4915K(285696K) Eden: 238592K(238592K)->0K(238592K) From: 10048K(48128K)->4915K(47104K)
[27.316s][info][gc,heap        ] GC(21) ParOldGen: 279161K(279552K)->288265K(288768K)
[27.316s][info][gc,metaspace   ] GC(21) Metaspace: 28878K(29248K)->28878K(29248K) NonClass: 26773K(27008K)->26773K(27008K) Class: 2104K(2240K)->2104K(2240K)
[27.316s][info][gc             ] GC(21) Pause Young (Allocation Failure) 515M->286M(561M) 15.983ms
[27.316s][info][gc,cpu         ] GC(21) User=0.03s Sys=0.00s Real=0.01s
[28.711s][info][gc,start       ] GC(22) Pause Young (Allocation Failure)
[28.743s][info][gc,heap        ] GC(22) PSYoungGen: 243507K(285696K)->26217K(285696K) Eden: 238592K(238592K)->0K(238592K) From: 4915K(47104K)->26217K(47104K)
[28.743s][info][gc,heap        ] GC(22) ParOldGen: 288265K(288768K)->293154K(293376K)
[28.743s][info][gc,metaspace   ] GC(22) Metaspace: 28889K(29312K)->28889K(29312K) NonClass: 26784K(27072K)->26784K(27072K) Class: 2104K(2240K)->2104K(2240K)
[28.743s][info][gc             ] GC(22) Pause Young (Allocation Failure) 519M->311M(565M) 31.590ms
[28.743s][info][gc,cpu         ] GC(22) User=0.05s Sys=0.00s Real=0.03s
[30.124s][info][gc,start       ] GC(23) Pause Young (Allocation Failure)
[30.181s][info][gc,heap        ] GC(23) PSYoungGen: 264809K(285696K)->22394K(261120K) Eden: 238592K(238592K)->0K(238592K) From: 26217K(47104K)->22394K(22528K)
[30.181s][info][gc,heap        ] GC(23) ParOldGen: 293154K(293376K)->319306K(319488K)
[30.181s][info][gc,metaspace   ] GC(23) Metaspace: 28891K(29312K)->28891K(29312K) NonClass: 26786K(27072K)->26786K(27072K) Class: 2104K(2240K)->2104K(2240K)
[30.181s][info][gc             ] GC(23) Pause Young (Allocation Failure) 544M->333M(567M) 57.227ms
[30.181s][info][gc,cpu         ] GC(23) User=0.09s Sys=0.02s Real=0.06s
[32.114s][info][gc,start       ] GC(24) Pause Young (Allocation Failure)
[32.166s][info][gc,heap        ] GC(24) PSYoungGen: 260986K(261120K)->26769K(285184K) Eden: 238592K(238592K)->0K(239616K) From: 22394K(22528K)->26769K(45568K)
[32.166s][info][gc,heap        ] GC(24) ParOldGen: 319306K(319488K)->341726K(342016K)
[32.166s][info][gc,metaspace   ] GC(24) Metaspace: 31405K(31808K)->31405K(31808K) NonClass: 29123K(29376K)->29123K(29376K) Class: 2281K(2432K)->2281K(2432K)
[32.166s][info][gc             ] GC(24) Pause Young (Allocation Failure) 566M->359M(612M) 52.328ms
[32.166s][info][gc,cpu         ] GC(24) User=0.08s Sys=0.02s Real=0.05s
[35.559s][info][gc,start       ] GC(25) Pause Young (Allocation Failure)
[35.601s][info][gc,heap        ] GC(25) PSYoungGen: 266385K(285184K)->14272K(285184K) Eden: 239616K(239616K)->0K(239616K) From: 26769K(45568K)->14272K(45568K)
[35.601s][info][gc,heap        ] GC(25) ParOldGen: 341726K(342016K)->363165K(363520K)
[35.601s][info][gc,metaspace   ] GC(25) Metaspace: 33714K(34112K)->33714K(34112K) NonClass: 31410K(31680K)->31410K(31680K) Class: 2304K(2432K)->2304K(2432K)
[35.601s][info][gc             ] GC(25) Pause Young (Allocation Failure) 593M->368M(633M) 41.974ms
[35.601s][info][gc,cpu         ] GC(25) User=0.07s Sys=0.02s Real=0.04s
[37.915s][info][gc,start       ] GC(26) Pause Young (Allocation Failure)
[37.924s][info][gc,heap        ] GC(26) PSYoungGen: 253888K(285184K)->6171K(286720K) Eden: 239616K(239616K)->0K(242688K) From: 14272K(45568K)->6171K(44032K)
[37.924s][info][gc,heap        ] GC(26) ParOldGen: 363165K(363520K)->364436K(364544K)
[37.924s][info][gc,metaspace   ] GC(26) Metaspace: 34051K(34432K)->34051K(34432K) NonClass: 31745K(32000K)->31745K(32000K) Class: 2305K(2432K)->2305K(2432K)
[37.924s][info][gc             ] GC(26) Pause Young (Allocation Failure) 602M->361M(636M) 8.783ms
[37.924s][info][gc,cpu         ] GC(26) User=0.01s Sys=0.00s Real=0.01s
[39.945s][info][gc,start       ] GC(27) Pause Young (Allocation Failure)
[39.954s][info][gc,heap        ] GC(27) PSYoungGen: 248859K(286720K)->5133K(286720K) Eden: 242688K(242688K)->0K(242688K) From: 6171K(44032K)->5133K(44032K)
[39.954s][info][gc,heap        ] GC(27) ParOldGen: 364436K(364544K)->365885K(366080K)
[39.954s][info][gc,metaspace   ] GC(27) Metaspace: 34117K(34496K)->34117K(34496K) NonClass: 31811K(32064K)->31811K(32064K) Class: 2306K(2432K)->2306K(2432K)
[39.954s][info][gc             ] GC(27) Pause Young (Allocation Failure) 598M->362M(637M) 9.721ms
[39.954s][info][gc,cpu         ] GC(27) User=0.02s Sys=0.01s Real=0.01s
[41.800s][info][gc,start       ] GC(28) Pause Young (Allocation Failure)
[41.812s][info][gc,heap        ] GC(28) PSYoungGen: 247821K(286720K)->9331K(288256K) Eden: 242688K(242688K)->0K(246272K) From: 5133K(44032K)->9331K(41984K)
[41.812s][info][gc,heap        ] GC(28) ParOldGen: 365885K(366080K)->367404K(367616K)
[41.812s][info][gc,metaspace   ] GC(28) Metaspace: 34186K(34560K)->34186K(34560K) NonClass: 31880K(32128K)->31880K(32128K) Class: 2306K(2432K)->2306K(2432K)
[41.812s][info][gc             ] GC(28) Pause Young (Allocation Failure) 599M->367M(640M) 12.499ms
[41.813s][info][gc,cpu         ] GC(28) User=0.02s Sys=0.00s Real=0.01s
[43.379s][info][gc,start       ] GC(29) Pause Young (Allocation Failure)
[43.400s][info][gc,heap        ] GC(29) PSYoungGen: 255603K(288256K)->23603K(288768K) Eden: 246272K(246272K)->0K(246272K) From: 9331K(41984K)->23603K(42496K)
[43.400s][info][gc,heap        ] GC(29) ParOldGen: 367404K(367616K)->368634K(368640K)
[43.400s][info][gc,metaspace   ] GC(29) Metaspace: 34224K(34560K)->34224K(34560K) NonClass: 31918K(32128K)->31918K(32128K) Class: 2306K(2432K)->2306K(2432K)
[43.400s][info][gc             ] GC(29) Pause Young (Allocation Failure) 608M->383M(642M) 20.900ms
[43.400s][info][gc,cpu         ] GC(29) User=0.04s Sys=0.00s Real=0.02s
[44.494s][info][gc,start       ] GC(30) Pause Full (CodeCache GC Threshold)
[44.494s][info][gc,phases,start] GC(30) Marking Phase
[44.589s][info][gc,phases      ] GC(30) Marking Phase 94.666ms
[44.589s][info][gc,phases,start] GC(30) Summary Phase
[44.589s][info][gc,phases      ] GC(30) Summary Phase 0.044ms
[44.589s][info][gc,phases,start] GC(30) Forward
[44.602s][info][gc,phases      ] GC(30) Forward 12.649ms
[44.602s][info][gc,phases,start] GC(30) Adjust Pointers
[44.646s][info][gc,phases      ] GC(30) Adjust Pointers 43.832ms
[44.646s][info][gc,phases,start] GC(30) Compaction Phase
[44.663s][info][gc,phases      ] GC(30) Compaction Phase 17.583ms
[44.664s][info][gc,phases,start] GC(30) Post Compact
[44.671s][info][gc,phases      ] GC(30) Post Compact 7.456ms
[44.671s][info][gc,heap        ] GC(30) PSYoungGen: 180074K(288768K)->0K(288768K) Eden: 156471K(246272K)->0K(246272K) From: 23603K(42496K)->0K(42496K)
[44.671s][info][gc,heap        ] GC(30) ParOldGen: 368634K(368640K)->73215K(368640K)
[44.671s][info][gc,metaspace   ] GC(30) Metaspace: 34239K(34624K)->34239K(34624K) NonClass: 31933K(32192K)->31933K(32192K) Class: 2306K(2432K)->2306K(2432K)
[44.671s][info][gc             ] GC(30) Pause Full (CodeCache GC Threshold) 535M->71M(642M) 176.732ms
[44.671s][info][gc,cpu         ] GC(30) User=0.26s Sys=0.02s Real=0.18s
[46.731s][info][gc,start       ] GC(31) Pause Young (Allocation Failure)
[46.771s][info][gc,heap        ] GC(31) PSYoungGen: 246272K(288768K)->39660K(279040K) Eden: 246272K(246272K)->0K(236544K) From: 0K(42496K)->39660K(42496K)
[46.771s][info][gc,heap        ] GC(31) ParOldGen: 73215K(368640K)->73215K(368640K)
[46.771s][info][gc,metaspace   ] GC(31) Metaspace: 34278K(34624K)->34278K(34624K) NonClass: 31971K(32192K)->31971K(32192K) Class: 2306K(2432K)->2306K(2432K)
[46.771s][info][gc             ] GC(31) Pause Young (Allocation Failure) 311M->110M(632M) 40.540ms
[46.771s][info][gc,cpu         ] GC(31) User=0.08s Sys=0.01s Real=0.04s
[48.285s][info][gc,start       ] GC(32) Pause Young (Allocation Failure)
[48.325s][info][gc,heap        ] GC(32) PSYoungGen: 276204K(279040K)->12891K(285184K) Eden: 236544K(236544K)->0K(236544K) From: 39660K(42496K)->12891K(48640K)
[48.325s][info][gc,heap        ] GC(32) ParOldGen: 73215K(368640K)->101082K(368640K)
[48.325s][info][gc,metaspace   ] GC(32) Metaspace: 34292K(34624K)->34292K(34624K) NonClass: 31986K(32192K)->31986K(32192K) Class: 2306K(2432K)->2306K(2432K)
[48.325s][info][gc             ] GC(32) Pause Young (Allocation Failure) 341M->111M(638M) 40.275ms
[48.326s][info][gc,cpu         ] GC(32) User=0.08s Sys=0.00s Real=0.04s
[49.964s][info][gc,start       ] GC(33) Pause Young (Allocation Failure)
[49.975s][info][gc,heap        ] GC(33) PSYoungGen: 249435K(285184K)->6964K(281088K) Eden: 236544K(236544K)->0K(238592K) From: 12891K(48640K)->6964K(42496K)
[49.975s][info][gc,heap        ] GC(33) ParOldGen: 101082K(368640K)->102045K(368640K)
[49.975s][info][gc,metaspace   ] GC(33) Metaspace: 34336K(34688K)->34336K(34688K) NonClass: 32029K(32256K)->32029K(32256K) Class: 2306K(2432K)->2306K(2432K)
[49.975s][info][gc             ] GC(33) Pause Young (Allocation Failure) 342M->106M(634M) 11.219ms
[49.975s][info][gc,cpu         ] GC(33) User=0.02s Sys=0.00s Real=0.01s
[51.448s][info][gc,start       ] GC(34) Pause Young (Allocation Failure)
[51.462s][info][gc,heap        ] GC(34) PSYoungGen: 245556K(281088K)->13149K(284160K) Eden: 238592K(238592K)->0K(238592K) From: 6964K(42496K)->13149K(45568K)
[51.462s][info][gc,heap        ] GC(34) ParOldGen: 102045K(368640K)->103264K(368640K)
[51.462s][info][gc,metaspace   ] GC(34) Metaspace: 34359K(34688K)->34359K(34688K) NonClass: 32052K(32256K)->32052K(32256K) Class: 2306K(2432K)->2306K(2432K)
[51.462s][info][gc             ] GC(34) Pause Young (Allocation Failure) 339M->113M(637M) 13.898ms
[51.462s][info][gc,cpu         ] GC(34) User=0.02s Sys=0.00s Real=0.01s
[52.499s][info][gc,start       ] GC(35) Pause Young (Allocation Failure)
[52.549s][info][gc,heap        ] GC(35) PSYoungGen: 251741K(284160K)->40777K(278016K) Eden: 238592K(238592K)->0K(234496K) From: 13149K(45568K)->40777K(43520K)
[52.549s][info][gc,heap        ] GC(35) ParOldGen: 103264K(368640K)->104471K(368640K)
[52.549s][info][gc,metaspace   ] GC(35) Metaspace: 34366K(34688K)->34366K(34688K) NonClass: 32060K(32256K)->32060K(32256K) Class: 2306K(2432K)->2306K(2432K)
[52.549s][info][gc             ] GC(35) Pause Young (Allocation Failure) 346M->141M(631M) 50.576ms
[52.549s][info][gc,cpu         ] GC(35) User=0.08s Sys=0.00s Real=0.05s
[54.296s][info][gc,start       ] GC(36) Pause Young (Allocation Failure)
[54.358s][info][gc,heap        ] GC(36) PSYoungGen: 275273K(278016K)->18949K(284160K) Eden: 234496K(234496K)->0K(234496K) From: 40777K(43520K)->18949K(49664K)
[54.358s][info][gc,heap        ] GC(36) ParOldGen: 104471K(368640K)->128981K(368640K)
[54.358s][info][gc,metaspace   ] GC(36) Metaspace: 34369K(34688K)->34369K(34688K) NonClass: 32063K(32256K)->32063K(32256K) Class: 2306K(2432K)->2306K(2432K)
[54.358s][info][gc             ] GC(36) Pause Young (Allocation Failure) 370M->144M(637M) 62.042ms
[54.358s][info][gc,cpu         ] GC(36) User=0.11s Sys=0.00s Real=0.07s
[55.803s][info][gc,start       ] GC(37) Pause Young (Allocation Failure)
[55.854s][info][gc,heap        ] GC(37) PSYoungGen: 253445K(284160K)->35338K(280576K) Eden: 234496K(234496K)->0K(233472K) From: 18949K(49664K)->35338K(47104K)
[55.854s][info][gc,heap        ] GC(37) ParOldGen: 128981K(368640K)->147646K(368640K)
[55.854s][info][gc,metaspace   ] GC(37) Metaspace: 34380K(34752K)->34380K(34752K) NonClass: 32074K(32320K)->32074K(32320K) Class: 2306K(2432K)->2306K(2432K)
[55.854s][info][gc             ] GC(37) Pause Young (Allocation Failure) 373M->178M(634M) 50.447ms
[55.854s][info][gc,cpu         ] GC(37) User=0.10s Sys=0.00s Real=0.05s
[56.950s][info][gc,start       ] GC(38) Pause Young (Allocation Failure)
[57.007s][info][gc,heap        ] GC(38) PSYoungGen: 268810K(280576K)->10056K(283648K) Eden: 233472K(233472K)->0K(233472K) From: 35338K(47104K)->10056K(50176K)
[57.007s][info][gc,heap        ] GC(38) ParOldGen: 147646K(368640K)->179121K(368640K)
[57.007s][info][gc,metaspace   ] GC(38) Metaspace: 34961K(35392K)->34961K(35392K) NonClass: 32590K(32832K)->32590K(32832K) Class: 2370K(2560K)->2370K(2560K)
[57.007s][info][gc             ] GC(38) Pause Young (Allocation Failure) 406M->184M(637M) 57.618ms
[57.007s][info][gc,cpu         ] GC(38) User=0.11s Sys=0.00s Real=0.05s
[58.381s][info][gc,start       ] GC(39) Pause Young (Allocation Failure)
[58.399s][info][gc,heap        ] GC(39) PSYoungGen: 243528K(283648K)->6537K(281600K) Eden: 233472K(233472K)->0K(234496K) From: 10056K(50176K)->6537K(47104K)
[58.399s][info][gc,heap        ] GC(39) ParOldGen: 179121K(368640K)->187660K(368640K)
[58.399s][info][gc,metaspace   ] GC(39) Metaspace: 35336K(35776K)->35336K(35776K) NonClass: 32964K(33216K)->32964K(33216K) Class: 2372K(2560K)->2372K(2560K)
[58.399s][info][gc             ] GC(39) Pause Young (Allocation Failure) 412M->189M(635M) 18.261ms
[58.399s][info][gc,cpu         ] GC(39) User=0.03s Sys=0.00s Real=0.02s
[59.282s][info][gc,start       ] GC(40) Pause Young (Allocation Failure)
[59.299s][info][gc,heap        ] GC(40) PSYoungGen: 241033K(281600K)->17861K(283136K) Eden: 234496K(234496K)->0K(234496K) From: 6537K(47104K)->17861K(48640K)
[59.300s][info][gc,heap        ] GC(40) ParOldGen: 187660K(368640K)->190171K(368640K)
[59.300s][info][gc,metaspace   ] GC(40) Metaspace: 35373K(35776K)->35373K(35776K) NonClass: 33000K(33216K)->33000K(33216K) Class: 2372K(2560K)->2372K(2560K)
[59.300s][info][gc             ] GC(40) Pause Young (Allocation Failure) 418M->203M(636M) 17.134ms
[59.300s][info][gc,cpu         ] GC(40) User=0.03s Sys=0.00s Real=0.02s
[60.177s][info][gc,start       ] GC(41) Pause Young (Allocation Failure)
[60.204s][info][gc,heap        ] GC(41) PSYoungGen: 252357K(283136K)->40819K(276992K) Eden: 234496K(234496K)->0K(231424K) From: 17861K(48640K)->40819K(45568K)
[60.204s][info][gc,heap        ] GC(41) ParOldGen: 190171K(368640K)->191147K(368640K)
[60.204s][info][gc,metaspace   ] GC(41) Metaspace: 35395K(35776K)->35395K(35776K) NonClass: 33022K(33216K)->33022K(33216K) Class: 2372K(2560K)->2372K(2560K)
[60.204s][info][gc             ] GC(41) Pause Young (Allocation Failure) 432M->226M(630M) 26.788ms
[60.204s][info][gc,cpu         ] GC(41) User=0.05s Sys=0.00s Real=0.03s
[61.037s][info][gc,start       ] GC(42) Pause Young (Allocation Failure)
[61.064s][info][gc,heap        ] GC(42) PSYoungGen: 272243K(276992K)->40151K(271872K) Eden: 231424K(231424K)->0K(231424K) From: 40819K(45568K)->40151K(40448K)
[61.064s][info][gc,heap        ] GC(42) ParOldGen: 191147K(368640K)->191717K(368640K)
[61.064s][info][gc,metaspace   ] GC(42) Metaspace: 35403K(35776K)->35403K(35776K) NonClass: 33030K(33216K)->33030K(33216K) Class: 2372K(2560K)->2372K(2560K)
[61.064s][info][gc             ] GC(42) Pause Young (Allocation Failure) 452M->226M(625M) 27.336ms
[61.064s][info][gc,cpu         ] GC(42) User=0.06s Sys=0.00s Real=0.03s
[61.926s][info][gc,start       ] GC(43) Pause Young (Allocation Failure)
[61.933s][info][gc,heap        ] GC(43) PSYoungGen: 271575K(271872K)->1371K(277504K) Eden: 231424K(231424K)->0K(222208K) From: 40151K(40448K)->1371K(55296K)
[61.933s][info][gc,heap        ] GC(43) ParOldGen: 191717K(368640K)->193572K(368640K)
[61.933s][info][gc,metaspace   ] GC(43) Metaspace: 35407K(35776K)->35407K(35776K) NonClass: 33034K(33216K)->33034K(33216K) Class: 2372K(2560K)->2372K(2560K)
[61.933s][info][gc             ] GC(43) Pause Young (Allocation Failure) 452M->190M(631M) 7.306ms
[61.933s][info][gc,cpu         ] GC(43) User=0.01s Sys=0.00s Real=0.01s
[62.713s][info][gc,start       ] GC(44) Pause Young (Allocation Failure)
[62.790s][info][gc,heap        ] GC(44) PSYoungGen: 223579K(277504K)->55794K(278016K) Eden: 222208K(222208K)->0K(222208K) From: 1371K(55296K)->55794K(55808K)
[62.790s][info][gc,heap        ] GC(44) ParOldGen: 193572K(368640K)->251118K(368640K)
[62.790s][info][gc,metaspace   ] GC(44) Metaspace: 35408K(35776K)->35408K(35776K) NonClass: 33035K(33216K)->33035K(33216K) Class: 2372K(2560K)->2372K(2560K)
[62.790s][info][gc             ] GC(44) Pause Young (Allocation Failure) 407M->299M(631M) 77.628ms
[62.790s][info][gc,cpu         ] GC(44) User=0.14s Sys=0.00s Real=0.08s
[63.562s][info][gc,start       ] GC(45) Pause Young (Allocation Failure)
[63.607s][info][gc,heap        ] GC(45) PSYoungGen: 278002K(278016K)->19422K(224768K) Eden: 222208K(222208K)->0K(168960K) From: 55794K(55808K)->19422K(55808K)
[63.607s][info][gc,heap        ] GC(45) ParOldGen: 251118K(368640K)->295756K(368640K)
[63.607s][info][gc,metaspace   ] GC(45) Metaspace: 35416K(35840K)->35416K(35840K) NonClass: 33042K(33280K)->33042K(33280K) Class: 2374K(2560K)->2374K(2560K)
[63.607s][info][gc             ] GC(45) Pause Young (Allocation Failure) 516M->307M(579M) 45.231ms
[63.607s][info][gc,cpu         ] GC(45) User=0.09s Sys=0.01s Real=0.04s
[64.251s][info][gc,start       ] GC(46) Pause Young (Allocation Failure)
[64.264s][info][gc,heap        ] GC(46) PSYoungGen: 188382K(224768K)->12760K(251392K) Eden: 168960K(168960K)->0K(168960K) From: 19422K(55808K)->12760K(82432K)
[64.264s][info][gc,heap        ] GC(46) ParOldGen: 295756K(368640K)->300799K(368640K)
[64.264s][info][gc,metaspace   ] GC(46) Metaspace: 35420K(35840K)->35420K(35840K) NonClass: 33046K(33280K)->33046K(33280K) Class: 2374K(2560K)->2374K(2560K)
[64.264s][info][gc             ] GC(46) Pause Young (Allocation Failure) 472M->306M(605M) 13.346ms
[64.264s][info][gc,cpu         ] GC(46) User=0.02s Sys=0.00s Real=0.01s
[64.869s][info][gc,start       ] GC(47) Pause Young (Allocation Failure)
[64.873s][info][gc,heap        ] GC(47) PSYoungGen: 181720K(251392K)->3435K(246784K) Eden: 168960K(168960K)->0K(171520K) From: 12760K(82432K)->3435K(75264K)
[64.873s][info][gc,heap        ] GC(47) ParOldGen: 300799K(368640K)->301659K(368640K)
[64.873s][info][gc,metaspace   ] GC(47) Metaspace: 35428K(35840K)->35428K(35840K) NonClass: 33054K(33280K)->33054K(33280K) Class: 2374K(2560K)->2374K(2560K)
[64.873s][info][gc             ] GC(47) Pause Young (Allocation Failure) 471M->297M(601M) 4.547ms
[64.873s][info][gc,cpu         ] GC(47) User=0.00s Sys=0.00s Real=0.00s
[65.434s][info][gc,start       ] GC(48) Pause Young (Allocation Failure)
[65.460s][info][gc,heap        ] GC(48) PSYoungGen: 174955K(246784K)->42123K(250368K) Eden: 171520K(171520K)->0K(171520K) From: 3435K(75264K)->42123K(78848K)
[65.460s][info][gc,heap        ] GC(48) ParOldGen: 301659K(368640K)->302373K(368640K)
[65.460s][info][gc,metaspace   ] GC(48) Metaspace: 35430K(35840K)->35430K(35840K) NonClass: 33056K(33280K)->33056K(33280K) Class: 2374K(2560K)->2374K(2560K)
[65.460s][info][gc             ] GC(48) Pause Young (Allocation Failure) 465M->336M(604M) 25.897ms
[65.460s][info][gc,cpu         ] GC(48) User=0.05s Sys=0.00s Real=0.03s
[66.016s][info][gc,start       ] GC(49) Pause Young (Allocation Failure)
[66.039s][info][gc,heap        ] GC(49) PSYoungGen: 213643K(250368K)->35767K(251904K) Eden: 171520K(171520K)->0K(175104K) From: 42123K(78848K)->35767K(76800K)
[66.039s][info][gc,heap        ] GC(49) ParOldGen: 302373K(368640K)->302806K(368640K)
[66.039s][info][gc,metaspace   ] GC(49) Metaspace: 35430K(35840K)->35430K(35840K) NonClass: 33056K(33280K)->33056K(33280K) Class: 2374K(2560K)->2374K(2560K)
[66.039s][info][gc             ] GC(49) Pause Young (Allocation Failure) 503M->330M(606M) 22.826ms
[66.039s][info][gc,cpu         ] GC(49) User=0.04s Sys=0.00s Real=0.03s
[66.605s][info][gc,start       ] GC(50) Pause Young (Allocation Failure)
[66.612s][info][gc,heap        ] GC(50) PSYoungGen: 210871K(251904K)->7885K(252928K) Eden: 175104K(175104K)->0K(175104K) From: 35767K(76800K)->7885K(77824K)
[66.612s][info][gc,heap        ] GC(50) ParOldGen: 302806K(368640K)->303247K(368640K)
[66.612s][info][gc,metaspace   ] GC(50) Metaspace: 35432K(35840K)->35432K(35840K) NonClass: 33058K(33280K)->33058K(33280K) Class: 2374K(2560K)->2374K(2560K)
[66.612s][info][gc             ] GC(50) Pause Young (Allocation Failure) 501M->303M(607M) 7.156ms
[66.612s][info][gc,cpu         ] GC(50) User=0.02s Sys=0.00s Real=0.01s
[67.142s][info][gc,start       ] GC(51) Pause Young (Allocation Failure)
[67.157s][info][gc,heap        ] GC(51) PSYoungGen: 182989K(252928K)->23227K(247296K) Eden: 175104K(175104K)->0K(179712K) From: 7885K(77824K)->23227K(67584K)
[67.157s][info][gc,heap        ] GC(51) ParOldGen: 303247K(368640K)->303605K(368640K)
[67.157s][info][gc,metaspace   ] GC(51) Metaspace: 35527K(35968K)->35527K(35968K) NonClass: 33149K(33408K)->33149K(33408K) Class: 2377K(2560K)->2377K(2560K)
[67.157s][info][gc             ] GC(51) Pause Young (Allocation Failure) 474M->319M(601M) 15.101ms
[67.157s][info][gc,cpu         ] GC(51) User=0.02s Sys=0.00s Real=0.01s
[67.684s][info][gc,start       ] GC(52) Pause Young (Allocation Failure)
[67.696s][info][gc,heap        ] GC(52) PSYoungGen: 202939K(247296K)->1040K(251392K) Eden: 179712K(179712K)->0K(179712K) From: 23227K(67584K)->1040K(71680K)
[67.697s][info][gc,heap        ] GC(52) ParOldGen: 303605K(368640K)->325212K(368640K)
[67.697s][info][gc,metaspace   ] GC(52) Metaspace: 35527K(35968K)->35527K(35968K) NonClass: 33149K(33408K)->33149K(33408K) Class: 2377K(2560K)->2377K(2560K)
[67.697s][info][gc             ] GC(52) Pause Young (Allocation Failure) 494M->318M(605M) 13.012ms
[67.697s][info][gc,cpu         ] GC(52) User=0.03s Sys=0.00s Real=0.01s
[68.200s][info][gc,start       ] GC(53) Pause Young (Allocation Failure)
[68.202s][info][gc,heap        ] GC(53) PSYoungGen: 180752K(251392K)->890K(259584K) Eden: 179712K(179712K)->0K(190976K) From: 1040K(71680K)->890K(68608K)
[68.202s][info][gc,heap        ] GC(53) ParOldGen: 325212K(368640K)->325228K(368640K)
[68.202s][info][gc,metaspace   ] GC(53) Metaspace: 35777K(36160K)->35777K(36160K) NonClass: 33355K(33600K)->33355K(33600K) Class: 2422K(2560K)->2422K(2560K)
[68.202s][info][gc             ] GC(53) Pause Young (Allocation Failure) 494M->318M(613M) 2.425ms
[68.202s][info][gc,cpu         ] GC(53) User=0.01s Sys=0.00s Real=0.00s
[68.666s][info][gc,start       ] GC(54) Pause Young (Allocation Failure)
[68.670s][info][gc,heap        ] GC(54) PSYoungGen: 191866K(259584K)->3726K(261120K) Eden: 190976K(190976K)->0K(190976K) From: 890K(68608K)->3726K(70144K)
[68.670s][info][gc,heap        ] GC(54) ParOldGen: 325228K(368640K)->326077K(368640K)
[68.670s][info][gc,metaspace   ] GC(54) Metaspace: 35930K(36288K)->35930K(36288K) NonClass: 33492K(33728K)->33492K(33728K) Class: 2437K(2560K)->2437K(2560K)
[68.670s][info][gc             ] GC(54) Pause Young (Allocation Failure) 504M->322M(615M) 4.769ms
[68.670s][info][gc,cpu         ] GC(54) User=0.01s Sys=0.00s Real=0.01s
[68.982s][info][gc,start       ] GC(55) Pause Young (Allocation Failure)
[68.991s][info][gc,heap        ] GC(55) PSYoungGen: 194702K(261120K)->3758K(259072K) Eden: 190976K(190976K)->0K(195584K) From: 3726K(70144K)->3758K(63488K)
[68.991s][info][gc,heap        ] GC(55) ParOldGen: 326077K(368640K)->328001K(368640K)
[68.991s][info][gc,metaspace   ] GC(55) Metaspace: 35955K(36288K)->35955K(36288K) NonClass: 33518K(33728K)->33518K(33728K) Class: 2437K(2560K)->2437K(2560K)
[68.991s][info][gc             ] GC(55) Pause Young (Allocation Failure) 508M->323M(613M) 8.666ms
[68.991s][info][gc,cpu         ] GC(55) User=0.02s Sys=0.00s Real=0.01s
[69.609s][info][gc,start       ] GC(56) Pause Young (Allocation Failure)
[69.621s][info][gc,heap        ] GC(56) PSYoungGen: 199342K(259072K)->10571K(261120K) Eden: 195584K(195584K)->0K(195584K) From: 3758K(63488K)->10571K(65536K)
[69.621s][info][gc,heap        ] GC(56) ParOldGen: 328001K(368640K)->328261K(368640K)
[69.621s][info][gc,metaspace   ] GC(56) Metaspace: 36523K(36864K)->36523K(36864K) NonClass: 34042K(34240K)->34042K(34240K) Class: 2480K(2624K)->2480K(2624K)
[69.621s][info][gc             ] GC(56) Pause Young (Allocation Failure) 514M->330M(615M) 12.002ms
[69.621s][info][gc,cpu         ] GC(56) User=0.02s Sys=0.00s Real=0.01s
[69.987s][info][gc,start       ] GC(57) Pause Young (Allocation Failure)
[69.997s][info][gc,heap        ] GC(57) PSYoungGen: 204541K(261120K)->1312K(266752K) Eden: 193970K(195584K)->0K(206336K) From: 10571K(65536K)->1312K(60416K)
[69.997s][info][gc,heap        ] GC(57) ParOldGen: 328261K(368640K)->338646K(368640K)
[69.997s][info][gc,metaspace   ] GC(57) Metaspace: 37888K(38272K)->37888K(38272K) NonClass: 35301K(35520K)->35301K(35520K) Class: 2587K(2752K)->2587K(2752K)
[69.997s][info][gc             ] GC(57) Pause Young (Allocation Failure) 520M->331M(620M) 10.199ms
[69.997s][info][gc,cpu         ] GC(57) User=0.02s Sys=0.00s Real=0.01s
[70.365s][info][gc,start       ] GC(58) Pause Young (Allocation Failure)
[70.370s][info][gc,heap        ] GC(58) PSYoungGen: 207509K(266752K)->2481K(266752K) Eden: 206197K(206336K)->0K(206336K) From: 1312K(60416K)->2481K(60416K)
[70.370s][info][gc,heap        ] GC(58) ParOldGen: 338646K(368640K)->339920K(368640K)
[70.370s][info][gc,metaspace   ] GC(58) Metaspace: 38062K(38464K)->38062K(38464K) NonClass: 35473K(35712K)->35473K(35712K) Class: 2588K(2752K)->2588K(2752K)
[70.370s][info][gc             ] GC(58) Pause Young (Allocation Failure) 533M->334M(620M) 5.099ms
[70.370s][info][gc,cpu         ] GC(58) User=0.01s Sys=0.00s Real=0.01s
[70.770s][info][gc,start       ] GC(59) Pause Young (Allocation Failure)
[70.780s][info][gc,heap        ] GC(59) PSYoungGen: 207301K(266752K)->3696K(270848K) Eden: 204820K(206336K)->0K(215552K) From: 2481K(60416K)->3696K(55296K)
[70.780s][info][gc,heap        ] GC(59) ParOldGen: 339920K(368640K)->342391K(368640K)
[70.780s][info][gc,metaspace   ] GC(59) Metaspace: 38234K(38592K)->38234K(38592K) NonClass: 35645K(35840K)->35645K(35840K) Class: 2588K(2752K)->2588K(2752K)
[70.780s][info][gc             ] GC(59) Pause Young (Allocation Failure) 534M->337M(624M) 10.169ms
[70.780s][info][gc,cpu         ] GC(59) User=0.02s Sys=0.00s Real=0.01s
[71.162s][info][gc,start       ] GC(60) Pause Young (Allocation Failure)
[71.173s][info][gc,heap        ] GC(60) PSYoungGen: 219078K(270848K)->3545K(270848K) Eden: 215381K(215552K)->0K(215552K) From: 3696K(55296K)->3545K(55296K)
[71.173s][info][gc,heap        ] GC(60) ParOldGen: 342391K(368640K)->346101K(368640K)
[71.173s][info][gc,metaspace   ] GC(60) Metaspace: 38274K(38656K)->38274K(38656K) NonClass: 35685K(35904K)->35685K(35904K) Class: 2588K(2752K)->2588K(2752K)
[71.173s][info][gc             ] GC(60) Pause Young (Allocation Failure) 548M->341M(624M) 11.241ms
[71.173s][info][gc,cpu         ] GC(60) User=0.02s Sys=0.00s Real=0.01s
[71.599s][info][gc,start       ] GC(61) Pause Young (Allocation Failure)
[71.609s][info][gc,heap        ] GC(61) PSYoungGen: 219097K(270848K)->6118K(274944K) Eden: 215552K(215552K)->0K(225792K) From: 3545K(55296K)->6118K(49152K)
[71.609s][info][gc,heap        ] GC(61) ParOldGen: 346101K(368640K)->349571K(368640K)
[71.609s][info][gc,metaspace   ] GC(61) Metaspace: 38323K(38720K)->38323K(38720K) NonClass: 35734K(35968K)->35734K(35968K) Class: 2588K(2752K)->2588K(2752K)
[71.609s][info][gc             ] GC(61) Pause Young (Allocation Failure) 551M->347M(628M) 10.782ms
[71.609s][info][gc,cpu         ] GC(61) User=0.02s Sys=0.00s Real=0.01s
[72.026s][info][gc,start       ] GC(62) Pause Young (Allocation Failure)
[72.039s][info][gc,heap        ] GC(62) PSYoungGen: 231910K(274944K)->5711K(275456K) Eden: 225792K(225792K)->0K(225792K) From: 6118K(49152K)->5711K(49664K)
[72.039s][info][gc,heap        ] GC(62) ParOldGen: 349571K(368640K)->355778K(368640K)
[72.039s][info][gc,metaspace   ] GC(62) Metaspace: 38360K(38720K)->38360K(38720K) NonClass: 35771K(35968K)->35771K(35968K) Class: 2588K(2752K)->2588K(2752K)
[72.039s][info][gc             ] GC(62) Pause Young (Allocation Failure) 567M->353M(629M) 12.995ms
[72.039s][info][gc,cpu         ] GC(62) User=0.03s Sys=0.00s Real=0.02s
[72.697s][info][gc,start       ] GC(63) Pause Young (Allocation Failure)
[72.716s][info][gc,heap        ] GC(63) PSYoungGen: 230560K(275456K)->13471K(281600K) Eden: 224848K(225792K)->0K(237568K) From: 5711K(49664K)->13471K(44032K)
[72.717s][info][gc,heap        ] GC(63) ParOldGen: 355778K(368640K)->361458K(368640K)
[72.717s][info][gc,metaspace   ] GC(63) Metaspace: 38781K(39168K)->38781K(39168K) NonClass: 36125K(36352K)->36125K(36352K) Class: 2656K(2816K)->2656K(2816K)
[72.717s][info][gc             ] GC(63) Pause Young (Allocation Failure) 572M->366M(635M) 19.854ms
[72.717s][info][gc,cpu         ] GC(63) User=0.04s Sys=0.00s Real=0.02s
[74.208s][info][gc,start       ] GC(64) Pause Young (Allocation Failure)
[74.240s][info][gc,heap        ] GC(64) PSYoungGen: 251039K(281600K)->6336K(281600K) Eden: 237568K(237568K)->0K(237568K) From: 13471K(44032K)->6336K(44032K)
[74.240s][info][gc,heap        ] GC(64) ParOldGen: 361458K(368640K)->374990K(375296K)
[74.240s][info][gc,metaspace   ] GC(64) Metaspace: 39355K(39744K)->39355K(39744K) NonClass: 36675K(36928K)->36675K(36928K) Class: 2679K(2816K)->2679K(2816K)
[74.240s][info][gc             ] GC(64) Pause Young (Allocation Failure) 598M->372M(641M) 31.683ms
[74.240s][info][gc,cpu         ] GC(64) User=0.06s Sys=0.01s Real=0.03s
[74.995s][info][gc,start       ] GC(65) Pause Young (Allocation Failure)
[75.003s][info][gc,heap        ] GC(65) PSYoungGen: 243904K(281600K)->2019K(288256K) Eden: 237568K(237568K)->0K(247296K) From: 6336K(44032K)->2019K(40960K)
[75.003s][info][gc,heap        ] GC(65) ParOldGen: 374990K(375296K)->377638K(377856K)
[75.003s][info][gc,metaspace   ] GC(65) Metaspace: 39392K(39744K)->39392K(39744K) NonClass: 36712K(36928K)->36712K(36928K) Class: 2679K(2816K)->2679K(2816K)
[75.003s][info][gc             ] GC(65) Pause Young (Allocation Failure) 604M->370M(650M) 8.545ms
[75.003s][info][gc,cpu         ] GC(65) User=0.01s Sys=0.01s Real=0.01s
[75.744s][info][gc,start       ] GC(66) Pause Young (Allocation Failure)
[75.747s][info][gc,heap        ] GC(66) PSYoungGen: 249315K(288256K)->1600K(287232K) Eden: 247296K(247296K)->0K(247296K) From: 2019K(40960K)->1600K(39936K)
[75.747s][info][gc,heap        ] GC(66) ParOldGen: 377638K(377856K)->377662K(377856K)
[75.747s][info][gc,metaspace   ] GC(66) Metaspace: 39424K(39808K)->39424K(39808K) NonClass: 36744K(36992K)->36744K(36992K) Class: 2680K(2816K)->2680K(2816K)
[75.747s][info][gc             ] GC(66) Pause Young (Allocation Failure) 612M->370M(649M) 2.806ms
[75.747s][info][gc,cpu         ] GC(66) User=0.00s Sys=0.00s Real=0.00s
[76.345s][info][gc,start       ] GC(67) Pause Young (Allocation Failure)
[76.350s][info][gc,heap        ] GC(67) PSYoungGen: 248896K(287232K)->2409K(292352K) Eden: 247296K(247296K)->0K(254464K) From: 1600K(39936K)->2409K(37888K)
[76.350s][info][gc,heap        ] GC(67) ParOldGen: 377662K(377856K)->377704K(377856K)
[76.350s][info][gc,metaspace   ] GC(67) Metaspace: 39426K(39808K)->39426K(39808K) NonClass: 36745K(36992K)->36745K(36992K) Class: 2680K(2816K)->2680K(2816K)
[76.350s][info][gc             ] GC(67) Pause Young (Allocation Failure) 611M->371M(654M) 5.943ms
[76.351s][info][gc,cpu         ] GC(67) User=0.01s Sys=0.00s Real=0.01s
[77.926s][info][gc,start       ] GC(68) Pause Young (Allocation Failure)
[77.934s][info][gc,heap        ] GC(68) PSYoungGen: 256873K(292352K)->6866K(291328K) Eden: 254464K(254464K)->0K(254464K) From: 2409K(37888K)->6866K(36864K)
[77.935s][info][gc,heap        ] GC(68) ParOldGen: 377704K(377856K)->377788K(377856K)
[77.935s][info][gc,metaspace   ] GC(68) Metaspace: 40307K(40704K)->40307K(40704K) NonClass: 37529K(37760K)->37529K(37760K) Class: 2777K(2944K)->2777K(2944K)
[77.935s][info][gc             ] GC(68) Pause Young (Allocation Failure) 619M->375M(653M) 8.176ms
[77.935s][info][gc,cpu         ] GC(68) User=0.02s Sys=0.00s Real=0.01s
[79.123s][info][gc,start       ] GC(69) Pause Young (Allocation Failure)
[79.129s][info][gc,heap        ] GC(69) PSYoungGen: 261330K(291328K)->544K(294912K) Eden: 254463K(254464K)->0K(260608K) From: 6866K(36864K)->544K(34304K)
[79.129s][info][gc,heap        ] GC(69) ParOldGen: 377788K(377856K)->378060K(378368K)
[79.129s][info][gc,metaspace   ] GC(69) Metaspace: 40464K(40832K)->40464K(40832K) NonClass: 37680K(37888K)->37680K(37888K) Class: 2783K(2944K)->2783K(2944K)
[79.129s][info][gc             ] GC(69) Pause Young (Allocation Failure) 624M->369M(657M) 6.118ms
[79.129s][info][gc,cpu         ] GC(69) User=0.01s Sys=0.01s Real=0.01s
[80.777s][info][gc,start       ] GC(70) Pause Young (Allocation Failure)
[80.796s][info][gc,heap        ] GC(70) PSYoungGen: 261152K(294912K)->15340K(293376K) Eden: 260608K(260608K)->0K(260608K) From: 544K(34304K)->15340K(32768K)
[80.796s][info][gc,heap        ] GC(70) ParOldGen: 378060K(378368K)->378324K(378368K)
[80.796s][info][gc,metaspace   ] GC(70) Metaspace: 40872K(41280K)->40872K(41280K) NonClass: 38069K(38336K)->38069K(38336K) Class: 2803K(2944K)->2803K(2944K)
[80.796s][info][gc             ] GC(70) Pause Young (Allocation Failure) 624M->384M(656M) 18.720ms
[80.796s][info][gc,cpu         ] GC(70) User=0.04s Sys=0.00s Real=0.02s
[81.724s][info][gc,start       ] GC(71) Pause Young (Allocation Failure)
[81.774s][info][gc,heap        ] GC(71) PSYoungGen: 275948K(293376K)->28876K(290304K) Eden: 260608K(260608K)->0K(257024K) From: 15340K(32768K)->28876K(33280K)
[81.774s][info][gc,heap        ] GC(71) ParOldGen: 378324K(378368K)->393486K(393728K)
[81.774s][info][gc,metaspace   ] GC(71) Metaspace: 40894K(41280K)->40894K(41280K) NonClass: 38090K(38336K)->38090K(38336K) Class: 2803K(2944K)->2803K(2944K)
[81.774s][info][gc             ] GC(71) Pause Young (Allocation Failure) 638M->412M(668M) 50.614ms
[81.774s][info][gc,cpu         ] GC(71) User=0.08s Sys=0.01s Real=0.05s
[82.594s][info][gc,start       ] GC(72) Pause Young (Allocation Failure)
[82.661s][info][gc,heap        ] GC(72) PSYoungGen: 285900K(290304K)->28408K(285696K) Eden: 257024K(257024K)->0K(257024K) From: 28876K(33280K)->28408K(28672K)
[82.661s][info][gc,heap        ] GC(72) ParOldGen: 393486K(393728K)->421022K(421376K)
[82.661s][info][gc,metaspace   ] GC(72) Metaspace: 40901K(41280K)->40901K(41280K) NonClass: 38098K(38336K)->38098K(38336K) Class: 2803K(2944K)->2803K(2944K)
[82.661s][info][gc             ] GC(72) Pause Young (Allocation Failure) 663M->438M(690M) 67.009ms
[82.661s][info][gc,cpu         ] GC(72) User=0.11s Sys=0.02s Real=0.07s
[85.364s][info][gc,start       ] GC(73) Pause Young (Allocation Failure)
[85.432s][info][gc,heap        ] GC(73) PSYoungGen: 285432K(285696K)->28974K(285184K) Eden: 257024K(257024K)->0K(242688K) From: 28408K(28672K)->28974K(42496K)
[85.432s][info][gc,heap        ] GC(73) ParOldGen: 421022K(421376K)->447524K(448000K)
[85.432s][info][gc,metaspace   ] GC(73) Metaspace: 40921K(41280K)->40921K(41280K) NonClass: 38117K(38336K)->38117K(38336K) Class: 2803K(2944K)->2803K(2944K)
[85.432s][info][gc             ] GC(73) Pause Young (Allocation Failure) 689M->465M(716M) 68.725ms
[85.432s][info][gc,cpu         ] GC(73) User=0.11s Sys=0.02s Real=0.07s
[87.847s][info][gc,start       ] GC(74) Pause Young (Allocation Failure)
[87.895s][info][gc,heap        ] GC(74) PSYoungGen: 271662K(285184K)->5588K(288256K) Eden: 242688K(242688K)->0K(242688K) From: 28974K(42496K)->5588K(45568K)
[87.895s][info][gc,heap        ] GC(74) ParOldGen: 447524K(448000K)->476683K(477184K)
[87.895s][info][gc,metaspace   ] GC(74) Metaspace: 41139K(41600K)->41139K(41600K) NonClass: 38336K(38656K)->38336K(38656K) Class: 2803K(2944K)->2803K(2944K)
[87.895s][info][gc             ] GC(74) Pause Young (Allocation Failure) 702M->470M(747M) 48.542ms
[87.895s][info][gc,cpu         ] GC(74) User=0.06s Sys=0.03s Real=0.05s
[88.516s][info][gc,start       ] GC(75) Pause Young (Allocation Failure)
[88.549s][info][gc,heap        ] GC(75) PSYoungGen: 248276K(288256K)->27308K(285696K) Eden: 242688K(242688K)->0K(241664K) From: 5588K(45568K)->27308K(44032K)
[88.549s][info][gc,heap        ] GC(75) ParOldGen: 476683K(477184K)->481996K(482304K)
[88.549s][info][gc,metaspace   ] GC(75) Metaspace: 41173K(41600K)->41173K(41600K) NonClass: 38369K(38656K)->38369K(38656K) Class: 2803K(2944K)->2803K(2944K)
[88.549s][info][gc             ] GC(75) Pause Young (Allocation Failure) 707M->497M(750M) 33.284ms
[88.549s][info][gc,cpu         ] GC(75) User=0.06s Sys=0.00s Real=0.04s
[89.136s][info][gc,start       ] GC(76) Pause Young (Allocation Failure)
[89.203s][info][gc,heap        ] GC(76) PSYoungGen: 268972K(285696K)->29528K(271360K) Eden: 241664K(241664K)->0K(241664K) From: 27308K(44032K)->29528K(29696K)
[89.203s][info][gc,heap        ] GC(76) ParOldGen: 481996K(482304K)->508607K(508928K)
[89.203s][info][gc,metaspace   ] GC(76) Metaspace: 41173K(41600K)->41173K(41600K) NonClass: 38370K(38656K)->38370K(38656K) Class: 2803K(2944K)->2803K(2944K)
[89.203s][info][gc             ] GC(76) Pause Young (Allocation Failure) 733M->525M(762M) 67.681ms
[89.204s][info][gc,cpu         ] GC(76) User=0.10s Sys=0.03s Real=0.07s
[89.839s][info][gc,start       ] GC(77) Pause Young (Allocation Failure)
[89.948s][info][gc,heap        ] GC(77) PSYoungGen: 271192K(271360K)->30232K(281088K) Eden: 241664K(241664K)->0K(232448K) From: 29528K(29696K)->30232K(48640K)
[89.948s][info][gc,heap        ] GC(77) ParOldGen: 508607K(508928K)->536455K(536576K)
[89.948s][info][gc,metaspace   ] GC(77) Metaspace: 41173K(41600K)->41173K(41600K) NonClass: 38370K(38656K)->38370K(38656K) Class: 2803K(2944K)->2803K(2944K)
[89.948s][info][gc             ] GC(77) Pause Young (Allocation Failure) 761M->553M(798M) 109.542ms
[89.948s][info][gc,cpu         ] GC(77) User=0.19s Sys=0.02s Real=0.11s
[91.729s][info][gc,start       ] GC(78) Pause Young (Allocation Failure)
[91.776s][info][gc,heap        ] GC(78) PSYoungGen: 262680K(281088K)->12956K(245760K) Eden: 232448K(232448K)->0K(232448K) From: 30232K(48640K)->12956K(13312K)
[91.776s][info][gc,heap        ] GC(78) ParOldGen: 536455K(536576K)->566840K(567296K)
[91.776s][info][gc,metaspace   ] GC(78) Metaspace: 41175K(41600K)->41175K(41600K) NonClass: 38371K(38656K)->38371K(38656K) Class: 2803K(2944K)->2803K(2944K)
[91.776s][info][gc             ] GC(78) Pause Young (Allocation Failure) 780M->566M(794M) 46.648ms
[91.776s][info][gc,cpu         ] GC(78) User=0.07s Sys=0.02s Real=0.04s
[93.218s][info][gc,start       ] GC(79) Pause Young (Allocation Failure)
[93.231s][info][gc,heap        ] GC(79) PSYoungGen: 245404K(245760K)->208K(283136K) Eden: 232448K(232448K)->0K(235008K) From: 12956K(13312K)->208K(48128K)
[93.231s][info][gc,heap        ] GC(79) ParOldGen: 566840K(567296K)->577378K(577536K)
[93.231s][info][gc,metaspace   ] GC(79) Metaspace: 41175K(41600K)->41175K(41600K) NonClass: 38371K(38656K)->38371K(38656K) Class: 2803K(2944K)->2803K(2944K)
[93.231s][info][gc             ] GC(79) Pause Young (Allocation Failure) 793M->564M(840M) 13.382ms
[93.231s][info][gc,cpu         ] GC(79) User=0.02s Sys=0.01s Real=0.01s
[94.532s][info][gc,start       ] GC(80) Pause Young (Allocation Failure)
[94.555s][info][gc,heap        ] GC(80) PSYoungGen: 235216K(283136K)->22308K(282624K) Eden: 235008K(235008K)->0K(235008K) From: 208K(48128K)->22308K(47616K)
[94.555s][info][gc,heap        ] GC(80) ParOldGen: 577378K(577536K)->577543K(578048K)
[94.555s][info][gc,metaspace   ] GC(80) Metaspace: 41175K(41600K)->41175K(41600K) NonClass: 38372K(38656K)->38372K(38656K) Class: 2803K(2944K)->2803K(2944K)
[94.555s][info][gc             ] GC(80) Pause Young (Allocation Failure) 793M->585M(840M) 23.000ms
[94.555s][info][gc,cpu         ] GC(80) User=0.04s Sys=0.00s Real=0.02s
[95.923s][info][gc,start       ] GC(81) Pause Young (Allocation Failure)
[95.971s][info][gc,heap        ] GC(81) PSYoungGen: 257309K(282624K)->22012K(285184K) Eden: 235001K(235008K)->0K(239104K) From: 22308K(47616K)->22012K(46080K)
[95.971s][info][gc,heap        ] GC(81) ParOldGen: 577543K(578048K)->600017K(600064K)
[95.971s][info][gc,metaspace   ] GC(81) Metaspace: 41177K(41600K)->41177K(41600K) NonClass: 38373K(38656K)->38373K(38656K) Class: 2803K(2944K)->2803K(2944K)
[95.971s][info][gc             ] GC(81) Pause Young (Allocation Failure) 815M->607M(864M) 47.859ms
[95.971s][info][gc,cpu         ] GC(81) User=0.08s Sys=0.01s Real=0.05s
[97.000s][info][gc,start       ] GC(82) Pause Young (Allocation Failure)
[97.053s][info][gc,heap        ] GC(82) PSYoungGen: 261116K(285184K)->30148K(285184K) Eden: 239104K(239104K)->0K(239104K) From: 22012K(46080K)->30148K(46080K)
[97.053s][info][gc,heap        ] GC(82) ParOldGen: 600017K(600064K)->622027K(622080K)
[97.053s][info][gc,metaspace   ] GC(82) Metaspace: 41182K(41600K)->41182K(41600K) NonClass: 38378K(38656K)->38378K(38656K) Class: 2803K(2944K)->2803K(2944K)
[97.053s][info][gc             ] GC(82) Pause Young (Allocation Failure) 840M->636M(886M) 52.735ms
[97.053s][info][gc,cpu         ] GC(82) User=0.08s Sys=0.02s Real=0.05s
[97.662s][info][gc,start       ] GC(83) Pause Young (Allocation Failure)
[97.744s][info][gc,heap        ] GC(83) PSYoungGen: 269252K(285184K)->29740K(283136K) Eden: 239104K(239104K)->0K(234496K) From: 30148K(46080K)->29740K(48640K)
[97.745s][info][gc,heap        ] GC(83) ParOldGen: 622027K(622080K)->651862K(652288K)
[97.745s][info][gc,metaspace   ] GC(83) Metaspace: 41182K(41600K)->41182K(41600K) NonClass: 38378K(38656K)->38378K(38656K) Class: 2803K(2944K)->2803K(2944K)
[97.745s][info][gc             ] GC(83) Pause Young (Allocation Failure) 870M->665M(913M) 83.034ms
[97.745s][info][gc,cpu         ] GC(83) User=0.09s Sys=0.03s Real=0.08s
[98.271s][info][gc,start       ] GC(84) Pause Full (Allocation Failure)
[98.271s][info][gc,phases,start] GC(84) Marking Phase
[98.395s][info][gc,phases      ] GC(84) Marking Phase 124.158ms
[98.395s][info][gc,phases,start] GC(84) Summary Phase
[98.395s][info][gc,phases      ] GC(84) Summary Phase 0.031ms
[98.395s][info][gc,phases,start] GC(84) Forward
[98.420s][info][gc,phases      ] GC(84) Forward 25.318ms
[98.420s][info][gc,phases,start] GC(84) Adjust Pointers
[98.492s][info][gc,phases      ] GC(84) Adjust Pointers 72.021ms
[98.492s][info][gc,phases,start] GC(84) Compaction Phase
[98.525s][info][gc,phases      ] GC(84) Compaction Phase 32.575ms
[98.525s][info][gc,phases,start] GC(84) Post Compact
[98.533s][info][gc,phases      ] GC(84) Post Compact 7.768ms
[98.567s][info][gc,heap        ] GC(84) PSYoungGen: 264236K(283136K)->0K(284160K) Eden: 234496K(234496K)->0K(234496K) From: 29740K(48640K)->0K(49664K)
[98.567s][info][gc,heap        ] GC(84) ParOldGen: 651862K(652288K)->122936K(240640K)
[98.567s][info][gc,metaspace   ] GC(84) Metaspace: 41182K(41600K)->41182K(41600K) NonClass: 38378K(38656K)->38378K(38656K) Class: 2803K(2944K)->2803K(2944K)
[98.567s][info][gc             ] GC(84) Pause Full (Allocation Failure) 894M->120M(512M) 296.550ms
[98.567s][info][gc,cpu         ] GC(84) User=0.42s Sys=0.04s Real=0.29s
[100.075s][info][gc,start       ] GC(85) Pause Young (Allocation Failure)
[100.096s][info][gc,heap        ] GC(85) PSYoungGen: 234496K(284160K)->23290K(281088K) Eden: 234496K(234496K)->0K(234496K) From: 0K(49664K)->23290K(46592K)
[100.096s][info][gc,heap        ] GC(85) ParOldGen: 122936K(240640K)->122936K(240640K)
[100.096s][info][gc,metaspace   ] GC(85) Metaspace: 41182K(41600K)->41182K(41600K) NonClass: 38378K(38656K)->38378K(38656K) Class: 2803K(2944K)->2803K(2944K)
[100.096s][info][gc             ] GC(85) Pause Young (Allocation Failure) 349M->142M(509M) 21.052ms
[100.096s][info][gc,cpu         ] GC(85) User=0.04s Sys=0.00s Real=0.02s
[101.023s][info][gc,start       ] GC(86) Pause Young (Allocation Failure)
[101.045s][info][gc,heap        ] GC(86) PSYoungGen: 257786K(281088K)->8058K(282624K) Eden: 234496K(234496K)->0K(234496K) From: 23290K(46592K)->8058K(48128K)
[101.045s][info][gc,heap        ] GC(86) ParOldGen: 122936K(240640K)->145392K(240640K)
[101.045s][info][gc,metaspace   ] GC(86) Metaspace: 41201K(41600K)->41201K(41600K) NonClass: 38397K(38656K)->38397K(38656K) Class: 2803K(2944K)->2803K(2944K)
[101.045s][info][gc             ] GC(86) Pause Young (Allocation Failure) 371M->149M(511M) 21.944ms
[101.045s][info][gc,cpu         ] GC(86) User=0.04s Sys=0.00s Real=0.02s
[102.290s][info][gc,start       ] GC(87) Pause Young (Allocation Failure)
[102.295s][info][gc,heap        ] GC(87) PSYoungGen: 242554K(282624K)->1200K(285184K) Eden: 234496K(234496K)->0K(238080K) From: 8058K(48128K)->1200K(47104K)
[102.295s][info][gc,heap        ] GC(87) ParOldGen: 145392K(240640K)->151158K(240640K)
[102.295s][info][gc,metaspace   ] GC(87) Metaspace: 41201K(41600K)->41201K(41600K) NonClass: 38397K(38656K)->38397K(38656K) Class: 2803K(2944K)->2803K(2944K)
[102.295s][info][gc             ] GC(87) Pause Young (Allocation Failure) 378M->148M(513M) 5.135ms
[102.295s][info][gc,cpu         ] GC(87) User=0.01s Sys=0.01s Real=0.00s
[103.614s][info][gc,start       ] GC(88) Pause Young (Allocation Failure)
[103.637s][info][gc,heap        ] GC(88) PSYoungGen: 239280K(285184K)->21599K(260096K) Eden: 238080K(238080K)->0K(238080K) From: 1200K(47104K)->21599K(22016K)
[103.637s][info][gc,heap        ] GC(88) ParOldGen: 151158K(240640K)->152196K(240640K)
[103.637s][info][gc,metaspace   ] GC(88) Metaspace: 41201K(41600K)->41201K(41600K) NonClass: 38397K(38656K)->38397K(38656K) Class: 2803K(2944K)->2803K(2944K)
[103.637s][info][gc             ] GC(88) Pause Young (Allocation Failure) 381M->169M(489M) 22.650ms
[103.637s][info][gc,cpu         ] GC(88) User=0.05s Sys=0.00s Real=0.02s
[104.946s][info][gc,start       ] GC(89) Pause Young (Allocation Failure)
[104.984s][info][gc,heap        ] GC(89) PSYoungGen: 259679K(260096K)->23599K(285696K) Eden: 238080K(238080K)->0K(239616K) From: 21599K(22016K)->23599K(46080K)
[104.984s][info][gc,heap        ] GC(89) ParOldGen: 152196K(240640K)->173587K(240640K)
[104.984s][info][gc,metaspace   ] GC(89) Metaspace: 41202K(41600K)->41202K(41600K) NonClass: 38398K(38656K)->38398K(38656K) Class: 2803K(2944K)->2803K(2944K)
[104.984s][info][gc             ] GC(89) Pause Young (Allocation Failure) 402M->192M(514M) 38.102ms
[104.984s][info][gc,cpu         ] GC(89) User=0.08s Sys=0.00s Real=0.04s
[106.678s][info][gc,start       ] GC(90) Pause Young (Allocation Failure)
[106.706s][info][gc,heap        ] GC(90) PSYoungGen: 263215K(285696K)->11403K(285184K) Eden: 239616K(239616K)->0K(239616K) From: 23599K(46080K)->11403K(45568K)
[106.706s][info][gc,heap        ] GC(90) ParOldGen: 173587K(240640K)->197192K(240640K)
[106.706s][info][gc,metaspace   ] GC(90) Metaspace: 41229K(41600K)->41229K(41600K) NonClass: 38425K(38656K)->38425K(38656K) Class: 2803K(2944K)->2803K(2944K)
[106.706s][info][gc             ] GC(90) Pause Young (Allocation Failure) 426M->203M(513M) 27.878ms
[106.706s][info][gc,cpu         ] GC(90) User=0.06s Sys=0.00s Real=0.02s
[108.036s][info][gc,start       ] GC(91) Pause Young (Allocation Failure)
[108.051s][info][gc,heap        ] GC(91) PSYoungGen: 249792K(285184K)->1465K(286208K) Eden: 238389K(239616K)->0K(242176K) From: 11403K(45568K)->1465K(44032K)
[108.051s][info][gc,heap        ] GC(91) ParOldGen: 197192K(240640K)->208357K(240640K)
[108.051s][info][gc,metaspace   ] GC(91) Metaspace: 41239K(41600K)->41239K(41600K) NonClass: 38436K(38656K)->38436K(38656K) Class: 2803K(2944K)->2803K(2944K)
[108.051s][info][gc             ] GC(91) Pause Young (Allocation Failure) 436M->204M(514M) 14.936ms
[108.051s][info][gc,cpu         ] GC(91) User=0.03s Sys=0.00s Real=0.02s
[109.340s][info][gc,start       ] GC(92) Pause Young (Allocation Failure)
[109.381s][info][gc,heap        ] GC(92) PSYoungGen: 243641K(286208K)->23565K(286208K) Eden: 242176K(242176K)->0K(242176K) From: 1465K(44032K)->23565K(44032K)
[109.381s][info][gc,heap        ] GC(92) ParOldGen: 208357K(240640K)->209325K(240640K)
[109.381s][info][gc,metaspace   ] GC(92) Metaspace: 41249K(41600K)->41249K(41600K) NonClass: 38445K(38656K)->38445K(38656K) Class: 2803K(2944K)->2803K(2944K)
[109.381s][info][gc             ] GC(92) Pause Young (Allocation Failure) 441M->227M(514M) 41.422ms
[109.381s][info][gc,cpu         ] GC(92) User=0.05s Sys=0.00s Real=0.04s
[110.729s][info][gc,start       ] GC(93) Pause Young (Allocation Failure)
[110.732s][info][gc,heap        ] GC(93) PSYoungGen: 265741K(286208K)->1191K(289792K) Eden: 242176K(242176K)->0K(245760K) From: 23565K(44032K)->1191K(44032K)
[110.732s][info][gc,heap        ] GC(93) ParOldGen: 209325K(240640K)->210509K(240640K)
[110.732s][info][gc,metaspace   ] GC(93) Metaspace: 41261K(41728K)->41261K(41728K) NonClass: 38458K(38784K)->38458K(38784K) Class: 2803K(2944K)->2803K(2944K)
[110.732s][info][gc             ] GC(93) Pause Young (Allocation Failure) 463M->206M(518M) 3.421ms
[110.732s][info][gc,cpu         ] GC(93) User=0.00s Sys=0.00s Real=0.00s
[111.919s][info][gc,start       ] GC(94) Pause Young (Allocation Failure)
[111.930s][info][gc,heap        ] GC(94) PSYoungGen: 246951K(289792K)->8347K(254464K) Eden: 245760K(245760K)->0K(245760K) From: 1191K(44032K)->8347K(8704K)
[111.930s][info][gc,heap        ] GC(94) ParOldGen: 210509K(240640K)->211493K(240640K)
[111.930s][info][gc,metaspace   ] GC(94) Metaspace: 41280K(41728K)->41280K(41728K) NonClass: 38477K(38784K)->38477K(38784K) Class: 2803K(2944K)->2803K(2944K)
[111.930s][info][gc             ] GC(94) Pause Young (Allocation Failure) 446M->214M(483M) 11.018ms
[111.930s][info][gc,cpu         ] GC(94) User=0.03s Sys=0.00s Real=0.01s
[113.189s][info][gc,start       ] GC(95) Pause Young (Allocation Failure)
[113.213s][info][gc,heap        ] GC(95) PSYoungGen: 254107K(254464K)->23145K(287232K) Eden: 245760K(245760K)->0K(245248K) From: 8347K(8704K)->23145K(41984K)
[113.213s][info][gc,heap        ] GC(95) ParOldGen: 211493K(240640K)->212725K(240640K)
[113.213s][info][gc,metaspace   ] GC(95) Metaspace: 41287K(41728K)->41287K(41728K) NonClass: 38483K(38784K)->38483K(38784K) Class: 2803K(2944K)->2803K(2944K)
[113.213s][info][gc             ] GC(95) Pause Young (Allocation Failure) 454M->230M(515M) 23.772ms
[113.213s][info][gc,cpu         ] GC(95) User=0.05s Sys=0.00s Real=0.02s
[114.377s][info][gc,start       ] GC(96) Pause Young (Allocation Failure)
[114.402s][info][gc,heap        ] GC(96) PSYoungGen: 268393K(287232K)->12857K(287744K) Eden: 245248K(245248K)->0K(245248K) From: 23145K(41984K)->12857K(42496K)
[114.402s][info][gc,heap        ] GC(96) ParOldGen: 212725K(240640K)->213501K(240640K)
[114.402s][info][gc,metaspace   ] GC(96) Metaspace: 41290K(41728K)->41290K(41728K) NonClass: 38487K(38784K)->38487K(38784K) Class: 2803K(2944K)->2803K(2944K)
[114.402s][info][gc             ] GC(96) Pause Young (Allocation Failure) 469M->221M(516M) 24.836ms
[114.402s][info][gc,cpu         ] GC(96) User=0.05s Sys=0.00s Real=0.03s
[115.589s][info][gc,start       ] GC(97) Pause Young (Allocation Failure)
[115.599s][info][gc,heap        ] GC(97) PSYoungGen: 258105K(287744K)->8613K(289792K) Eden: 245248K(245248K)->0K(250880K) From: 12857K(42496K)->8613K(38912K)
[115.599s][info][gc,heap        ] GC(97) ParOldGen: 213501K(240640K)->214645K(240640K)
[115.599s][info][gc,metaspace   ] GC(97) Metaspace: 41294K(41728K)->41294K(41728K) NonClass: 38491K(38784K)->38491K(38784K) Class: 2803K(2944K)->2803K(2944K)
[115.599s][info][gc             ] GC(97) Pause Young (Allocation Failure) 460M->218M(518M) 10.097ms
[115.599s][info][gc,cpu         ] GC(97) User=0.01s Sys=0.00s Real=0.01s
[116.786s][info][gc,start       ] GC(98) Pause Young (Allocation Failure)
[116.793s][info][gc,heap        ] GC(98) PSYoungGen: 259493K(289792K)->6389K(289792K) Eden: 250880K(250880K)->0K(250880K) From: 8613K(38912K)->6389K(38912K)
[116.793s][info][gc,heap        ] GC(98) ParOldGen: 214645K(240640K)->215565K(240640K)
[116.793s][info][gc,metaspace   ] GC(98) Metaspace: 41302K(41728K)->41302K(41728K) NonClass: 38498K(38784K)->38498K(38784K) Class: 2803K(2944K)->2803K(2944K)
[116.793s][info][gc             ] GC(98) Pause Young (Allocation Failure) 463M->216M(518M) 7.025ms
[116.793s][info][gc,cpu         ] GC(98) User=0.01s Sys=0.00s Real=0.01s
[117.790s][info][gc,start       ] GC(99) Pause Young (Allocation Failure)
[117.806s][info][gc,heap        ] GC(99) PSYoungGen: 257269K(289792K)->12538K(290816K) Eden: 250880K(250880K)->0K(257024K) From: 6389K(38912K)->12538K(33792K)
[117.806s][info][gc,heap        ] GC(99) ParOldGen: 215565K(240640K)->216661K(240640K)
[117.806s][info][gc,metaspace   ] GC(99) Metaspace: 41319K(41728K)->41319K(41728K) NonClass: 38516K(38784K)->38516K(38784K) Class: 2803K(2944K)->2803K(2944K)
[117.806s][info][gc             ] GC(99) Pause Young (Allocation Failure) 461M->223M(519M) 16.340ms
[117.806s][info][gc,cpu         ] GC(99) User=0.03s Sys=0.00s Real=0.01s
[118.653s][info][gc,start       ] GC(100) Pause Young (Allocation Failure)
[118.702s][info][gc,heap        ] GC(100) PSYoungGen: 269562K(290816K)->35304K(292352K) Eden: 257024K(257024K)->0K(257024K) From: 12538K(33792K)->35304K(35328K)
[118.702s][info][gc,heap        ] GC(100) ParOldGen: 216661K(240640K)->224452K(240640K)
[118.702s][info][gc,metaspace   ] GC(100) Metaspace: 41320K(41728K)->41320K(41728K) NonClass: 38517K(38784K)->38517K(38784K) Class: 2803K(2944K)->2803K(2944K)
[118.702s][info][gc             ] GC(100) Pause Young (Allocation Failure) 474M->253M(520M) 49.481ms
[118.702s][info][gc,cpu         ] GC(100) User=0.10s Sys=0.00s Real=0.05s
[119.991s][info][gc,start       ] GC(101) Pause Young (Allocation Failure)
[120.046s][info][gc,heap        ] GC(101) PSYoungGen: 292328K(292352K)->29643K(282112K) Eden: 257024K(257024K)->0K(240640K) From: 35304K(35328K)->29643K(41472K)
[120.046s][info][gc,heap        ] GC(101) ParOldGen: 224452K(240640K)->245368K(245760K)
[120.046s][info][gc,metaspace   ] GC(101) Metaspace: 41321K(41728K)->41321K(41728K) NonClass: 38517K(38784K)->38517K(38784K) Class: 2803K(2944K)->2803K(2944K)
[120.046s][info][gc             ] GC(101) Pause Young (Allocation Failure) 504M->268M(515M) 55.087ms
[120.046s][info][gc,cpu         ] GC(101) User=0.10s Sys=0.00s Real=0.05s
[121.016s][info][gc,start       ] GC(102) Pause Young (Allocation Failure)
[121.108s][info][gc,heap        ] GC(102) PSYoungGen: 270283K(282112K)->27142K(268288K) Eden: 240640K(240640K)->0K(240640K) From: 29643K(41472K)->27142K(27648K)
[121.108s][info][gc,heap        ] GC(102) ParOldGen: 245368K(245760K)->274738K(274944K)
[121.108s][info][gc,metaspace   ] GC(102) Metaspace: 41341K(41792K)->41341K(41792K) NonClass: 38537K(38848K)->38537K(38848K) Class: 2803K(2944K)->2803K(2944K)
[121.108s][info][gc             ] GC(102) Pause Young (Allocation Failure) 503M->294M(530M) 91.940ms
[121.108s][info][gc,cpu         ] GC(102) User=0.12s Sys=0.03s Real=0.10s
[121.952s][info][gc,start       ] GC(103) Pause Young (Allocation Failure)
[122.007s][info][gc,heap        ] GC(103) PSYoungGen: 267782K(268288K)->42526K(274432K) Eden: 240640K(240640K)->0K(227328K) From: 27142K(27648K)->42526K(47104K)
[122.007s][info][gc,heap        ] GC(103) ParOldGen: 274738K(274944K)->291841K(292352K)
[122.007s][info][gc,metaspace   ] GC(103) Metaspace: 41363K(41792K)->41363K(41792K) NonClass: 38560K(38848K)->38560K(38848K) Class: 2803K(2944K)->2803K(2944K)
[122.007s][info][gc             ] GC(103) Pause Young (Allocation Failure) 529M->326M(553M) 55.090ms
[122.007s][info][gc,cpu         ] GC(103) User=0.09s Sys=0.02s Real=0.05s
[122.902s][info][gc,start       ] GC(104) Pause Young (Allocation Failure)
[122.925s][info][gc,heap        ] GC(104) PSYoungGen: 269854K(274432K)->18592K(280576K) Eden: 227328K(227328K)->0K(227328K) From: 42526K(47104K)->18592K(53248K)
[122.925s][info][gc,heap        ] GC(104) ParOldGen: 291841K(292352K)->302485K(302592K)
[122.925s][info][gc,metaspace   ] GC(104) Metaspace: 41369K(41792K)->41369K(41792K) NonClass: 38566K(38848K)->38566K(38848K) Class: 2803K(2944K)->2803K(2944K)
[122.925s][info][gc             ] GC(104) Pause Young (Allocation Failure) 548M->313M(569M) 23.105ms
[122.925s][info][gc,cpu         ] GC(104) User=0.04s Sys=0.01s Real=0.02s
[123.658s][info][gc,start       ] GC(105) Pause Young (Allocation Failure)
[123.677s][info][gc,heap        ] GC(105) PSYoungGen: 245920K(280576K)->12161K(275456K) Eden: 227328K(227328K)->0K(230400K) From: 18592K(53248K)->12161K(45056K)
[123.677s][info][gc,heap        ] GC(105) ParOldGen: 302485K(302592K)->303009K(303104K)
[123.677s][info][gc,metaspace   ] GC(105) Metaspace: 41371K(41792K)->41371K(41792K) NonClass: 38568K(38848K)->38568K(38848K) Class: 2803K(2944K)->2803K(2944K)
[123.677s][info][gc             ] GC(105) Pause Young (Allocation Failure) 535M->307M(565M) 18.750ms
[123.677s][info][gc,cpu         ] GC(105) User=0.04s Sys=0.00s Real=0.01s
[124.553s][info][gc,start       ] GC(106) Pause Young (Allocation Failure)
[124.569s][info][gc,heap        ] GC(106) PSYoungGen: 242561K(275456K)->22318K(279552K) Eden: 230400K(230400K)->0K(230400K) From: 12161K(45056K)->22318K(49152K)
[124.569s][info][gc,heap        ] GC(106) ParOldGen: 303009K(303104K)->303704K(304128K)
[124.569s][info][gc,metaspace   ] GC(106) Metaspace: 41372K(41792K)->41372K(41792K) NonClass: 38569K(38848K)->38569K(38848K) Class: 2803K(2944K)->2803K(2944K)
[124.569s][info][gc             ] GC(106) Pause Young (Allocation Failure) 532M->318M(570M) 16.025ms
[124.569s][info][gc,cpu         ] GC(106) User=0.03s Sys=0.00s Real=0.02s
[125.309s][info][gc,start       ] GC(107) Pause Young (Allocation Failure)
[125.358s][info][gc,heap        ] GC(107) PSYoungGen: 252718K(279552K)->47072K(258048K) Eden: 230400K(230400K)->0K(210944K) From: 22318K(49152K)->47072K(47104K)
[125.358s][info][gc,heap        ] GC(107) ParOldGen: 303704K(304128K)->322552K(322560K)
[125.358s][info][gc,metaspace   ] GC(107) Metaspace: 41372K(41792K)->41372K(41792K) NonClass: 38569K(38848K)->38569K(38848K) Class: 2803K(2944K)->2803K(2944K)
[125.358s][info][gc             ] GC(107) Pause Young (Allocation Failure) 543M->360M(567M) 49.199ms
[125.358s][info][gc,cpu         ] GC(107) User=0.08s Sys=0.01s Real=0.05s
[126.089s][info][gc,start       ] GC(108) Pause Young (Allocation Failure)
[126.223s][info][gc,heap        ] GC(108) PSYoungGen: 258016K(258048K)->61432K(272384K) Eden: 210944K(210944K)->0K(210944K) From: 47072K(47104K)->61432K(61440K)
[126.223s][info][gc,heap        ] GC(108) ParOldGen: 322552K(322560K)->414239K(414720K)
[126.223s][info][gc,metaspace   ] GC(108) Metaspace: 41373K(41792K)->41373K(41792K) NonClass: 38569K(38848K)->38569K(38848K) Class: 2803K(2944K)->2803K(2944K)
[126.223s][info][gc             ] GC(108) Pause Young (Allocation Failure) 566M->464M(671M) 133.958ms
[126.223s][info][gc,cpu         ] GC(108) User=0.20s Sys=0.07s Real=0.13s
[126.936s][info][gc,start       ] GC(109) Pause Young (Allocation Failure)
[127.066s][info][gc,heap        ] GC(109) PSYoungGen: 272376K(272384K)->61421K(173056K) Eden: 210944K(210944K)->0K(111616K) From: 61432K(61440K)->61421K(61440K)
[127.066s][info][gc,heap        ] GC(109) ParOldGen: 414239K(414720K)->488929K(488960K)
[127.066s][info][gc,metaspace   ] GC(109) Metaspace: 41373K(41792K)->41373K(41792K) NonClass: 38569K(38848K)->38569K(38848K) Class: 2803K(2944K)->2803K(2944K)
[127.066s][info][gc             ] GC(109) Pause Young (Allocation Failure) 670M->537M(646M) 130.325ms
[127.066s][info][gc,cpu         ] GC(109) User=0.19s Sys=0.07s Real=0.13s
[127.432s][info][gc,start       ] GC(110) Pause Young (Allocation Failure)
[127.501s][info][gc,heap        ] GC(110) PSYoungGen: 173037K(173056K)->20364K(222720K) Eden: 111616K(111616K)->0K(111616K) From: 61421K(61440K)->20364K(111104K)
[127.501s][info][gc,heap        ] GC(110) ParOldGen: 488929K(488960K)->540529K(540672K)
[127.501s][info][gc,metaspace   ] GC(110) Metaspace: 41373K(41792K)->41373K(41792K) NonClass: 38569K(38848K)->38569K(38848K) Class: 2803K(2944K)->2803K(2944K)
[127.501s][info][gc             ] GC(110) Pause Young (Allocation Failure) 646M->547M(745M) 69.139ms
[127.501s][info][gc,cpu         ] GC(110) User=0.10s Sys=0.04s Real=0.07s
[127.885s][info][gc,start       ] GC(111) Pause Young (Allocation Failure)
[127.903s][info][gc,heap        ] GC(111) PSYoungGen: 131980K(222720K)->16379K(222720K) Eden: 111616K(111616K)->0K(111616K) From: 20364K(111104K)->16379K(111104K)
[127.903s][info][gc,heap        ] GC(111) ParOldGen: 540529K(540672K)->546784K(546816K)
[127.903s][info][gc,metaspace   ] GC(111) Metaspace: 41373K(41792K)->41373K(41792K) NonClass: 38569K(38848K)->38569K(38848K) Class: 2803K(2944K)->2803K(2944K)
[127.903s][info][gc             ] GC(111) Pause Young (Allocation Failure) 656M->549M(751M) 17.537ms
[127.903s][info][gc,cpu         ] GC(111) User=0.04s Sys=0.00s Real=0.02s
[128.288s][info][gc,start       ] GC(112) Pause Young (Allocation Failure)
[128.293s][info][gc,heap        ] GC(112) PSYoungGen: 127995K(222720K)->2057K(222720K) Eden: 111616K(111616K)->0K(111616K) From: 16379K(111104K)->2057K(111104K)
[128.293s][info][gc,heap        ] GC(112) ParOldGen: 546784K(546816K)->547235K(547328K)
[128.293s][info][gc,metaspace   ] GC(112) Metaspace: 41374K(41792K)->41374K(41792K) NonClass: 38571K(38848K)->38571K(38848K) Class: 2803K(2944K)->2803K(2944K)
[128.293s][info][gc             ] GC(112) Pause Young (Allocation Failure) 658M->536M(752M) 4.342ms
[128.293s][info][gc,cpu         ] GC(112) User=0.00s Sys=0.00s Real=0.00s
[128.673s][info][gc,start       ] GC(113) Pause Young (Allocation Failure)
[128.685s][info][gc,heap        ] GC(113) PSYoungGen: 113673K(222720K)->16681K(222720K) Eden: 111616K(111616K)->0K(111616K) From: 2057K(111104K)->16681K(111104K)
[128.685s][info][gc,heap        ] GC(113) ParOldGen: 547235K(547328K)->547730K(547840K)
[128.685s][info][gc,metaspace   ] GC(113) Metaspace: 41377K(41792K)->41377K(41792K) NonClass: 38574K(38848K)->38574K(38848K) Class: 2803K(2944K)->2803K(2944K)
[128.685s][info][gc             ] GC(113) Pause Young (Allocation Failure) 645M->551M(752M) 12.236ms
[128.685s][info][gc,cpu         ] GC(113) User=0.02s Sys=0.00s Real=0.01s
[129.033s][info][gc,start       ] GC(114) Pause Young (Allocation Failure)
[129.043s][info][gc,heap        ] GC(114) PSYoungGen: 128297K(222720K)->14050K(222720K) Eden: 111616K(111616K)->0K(111616K) From: 16681K(111104K)->14050K(111104K)
[129.043s][info][gc,heap        ] GC(114) ParOldGen: 547730K(547840K)->548174K(548352K)
[129.043s][info][gc,metaspace   ] GC(114) Metaspace: 41381K(41792K)->41381K(41792K) NonClass: 38578K(38848K)->38578K(38848K) Class: 2803K(2944K)->2803K(2944K)
[129.043s][info][gc             ] GC(114) Pause Young (Allocation Failure) 660M->549M(753M) 10.423ms
[129.043s][info][gc,cpu         ] GC(114) User=0.02s Sys=0.00s Real=0.01s
[129.396s][info][gc,start       ] GC(115) Pause Young (Allocation Failure)
[129.418s][info][gc,heap        ] GC(115) PSYoungGen: 125666K(222720K)->32371K(215552K) Eden: 111616K(111616K)->0K(111616K) From: 14050K(111104K)->32371K(103936K)
[129.418s][info][gc,heap        ] GC(115) ParOldGen: 548174K(548352K)->548834K(548864K)
[129.418s][info][gc,metaspace   ] GC(115) Metaspace: 41381K(41792K)->41381K(41792K) NonClass: 38578K(38848K)->38578K(38848K) Class: 2803K(2944K)->2803K(2944K)
[129.419s][info][gc             ] GC(115) Pause Young (Allocation Failure) 658M->567M(746M) 22.843ms
[129.419s][info][gc,cpu         ] GC(115) User=0.04s Sys=0.00s Real=0.03s
[129.775s][info][gc,start       ] GC(116) Pause Young (Allocation Failure)
[129.784s][info][gc,heap        ] GC(116) PSYoungGen: 143987K(215552K)->11394K(219136K) Eden: 111616K(111616K)->0K(111616K) From: 32371K(103936K)->11394K(107520K)
[129.784s][info][gc,heap        ] GC(116) ParOldGen: 548834K(548864K)->549192K(549376K)
[129.784s][info][gc,metaspace   ] GC(116) Metaspace: 41382K(41792K)->41382K(41792K) NonClass: 38578K(38848K)->38578K(38848K) Class: 2803K(2944K)->2803K(2944K)
[129.784s][info][gc             ] GC(116) Pause Young (Allocation Failure) 676M->547M(750M) 8.923ms
[129.784s][info][gc,cpu         ] GC(116) User=0.02s Sys=0.00s Real=0.01s
[130.152s][info][gc,start       ] GC(117) Pause Young (Allocation Failure)
[130.173s][info][gc,heap        ] GC(117) PSYoungGen: 123010K(219136K)->32717K(212992K) Eden: 111616K(111616K)->0K(122368K) From: 11394K(107520K)->32717K(90624K)
[130.173s][info][gc,heap        ] GC(117) ParOldGen: 549192K(549376K)->549407K(549888K)
[130.173s][info][gc,metaspace   ] GC(117) Metaspace: 41387K(41792K)->41387K(41792K) NonClass: 38583K(38848K)->38583K(38848K) Class: 2803K(2944K)->2803K(2944K)
[130.173s][info][gc             ] GC(117) Pause Young (Allocation Failure) 656M->568M(745M) 21.421ms
[130.173s][info][gc,cpu         ] GC(117) User=0.04s Sys=0.00s Real=0.02s
[130.550s][info][gc,start       ] GC(118) Pause Young (Allocation Failure)
[130.557s][info][gc,heap        ] GC(118) PSYoungGen: 155085K(212992K)->6709K(219648K) Eden: 122368K(122368K)->0K(122368K) From: 32717K(90624K)->6709K(97280K)
[130.557s][info][gc,heap        ] GC(118) ParOldGen: 549407K(549888K)->549649K(549888K)
[130.557s][info][gc,metaspace   ] GC(118) Metaspace: 41387K(41792K)->41387K(41792K) NonClass: 38583K(38848K)->38583K(38848K) Class: 2803K(2944K)->2803K(2944K)
[130.557s][info][gc             ] GC(118) Pause Young (Allocation Failure) 687M->543M(751M) 6.367ms
[130.557s][info][gc,cpu         ] GC(118) User=0.01s Sys=0.00s Real=0.00s
[130.916s][info][gc,start       ] GC(119) Pause Young (Allocation Failure)
[130.931s][info][gc,heap        ] GC(119) PSYoungGen: 129077K(219648K)->22332K(223744K) Eden: 122368K(122368K)->0K(141824K) From: 6709K(97280K)->22332K(81920K)
[130.931s][info][gc,heap        ] GC(119) ParOldGen: 549649K(549888K)->549968K(550400K)
[130.931s][info][gc,metaspace   ] GC(119) Metaspace: 41387K(41792K)->41387K(41792K) NonClass: 38583K(38848K)->38583K(38848K) Class: 2803K(2944K)->2803K(2944K)
[130.931s][info][gc             ] GC(119) Pause Young (Allocation Failure) 662M->558M(756M) 14.806ms
[130.931s][info][gc,cpu         ] GC(119) User=0.02s Sys=0.00s Real=0.02s
[131.332s][info][gc,start       ] GC(120) Pause Young (Allocation Failure)
[131.355s][info][gc,heap        ] GC(120) PSYoungGen: 164156K(223744K)->1297K(231424K) Eden: 141824K(141824K)->0K(141824K) From: 22332K(81920K)->1297K(89600K)
[131.355s][info][gc,heap        ] GC(120) ParOldGen: 549968K(550400K)->571598K(571904K)
[131.355s][info][gc,metaspace   ] GC(120) Metaspace: 41387K(41792K)->41387K(41792K) NonClass: 38583K(38848K)->38583K(38848K) Class: 2803K(2944K)->2803K(2944K)
[131.355s][info][gc             ] GC(120) Pause Young (Allocation Failure) 697M->559M(784M) 23.088ms
[131.355s][info][gc,cpu         ] GC(120) User=0.03s Sys=0.02s Real=0.02s
[131.778s][info][gc,start       ] GC(121) Pause Young (Allocation Failure)
[131.782s][info][gc,heap        ] GC(121) PSYoungGen: 143121K(231424K)->2381K(237568K) Eden: 141824K(141824K)->0K(156160K) From: 1297K(89600K)->2381K(81408K)
[131.782s][info][gc,heap        ] GC(121) ParOldGen: 571598K(571904K)->571654K(571904K)
[131.782s][info][gc,metaspace   ] GC(121) Metaspace: 41387K(41792K)->41387K(41792K) NonClass: 38583K(38848K)->38583K(38848K) Class: 2803K(2944K)->2803K(2944K)
[131.782s][info][gc             ] GC(121) Pause Young (Allocation Failure) 697M->560M(790M) 3.579ms
[131.782s][info][gc,cpu         ] GC(121) User=0.00s Sys=0.00s Real=0.00s
[132.260s][info][gc,start       ] GC(122) Pause Young (Allocation Failure)
[132.265s][info][gc,heap        ] GC(122) PSYoungGen: 158541K(237568K)->3113K(241664K) Eden: 156160K(156160K)->0K(156160K) From: 2381K(81408K)->3113K(85504K)
[132.265s][info][gc,heap        ] GC(122) ParOldGen: 571654K(571904K)->572030K(572416K)
[132.265s][info][gc,metaspace   ] GC(122) Metaspace: 41390K(41792K)->41390K(41792K) NonClass: 38587K(38848K)->38587K(38848K) Class: 2803K(2944K)->2803K(2944K)
[132.265s][info][gc             ] GC(122) Pause Young (Allocation Failure) 713M->561M(795M) 5.563ms
[132.265s][info][gc,cpu         ] GC(122) User=0.02s Sys=0.00s Real=0.00s
[132.536s][info][gc,start       ] GC(123) Pause Young (Allocation Failure)
[132.541s][info][gc,heap        ] GC(123) PSYoungGen: 159273K(241664K)->3395K(240640K) Eden: 156160K(156160K)->0K(165376K) From: 3113K(85504K)->3395K(75264K)
[132.542s][info][gc,heap        ] GC(123) ParOldGen: 572030K(572416K)->572812K(572928K)
[132.542s][info][gc,metaspace   ] GC(123) Metaspace: 41397K(41792K)->41397K(41792K) NonClass: 38594K(38848K)->38594K(38848K) Class: 2803K(2944K)->2803K(2944K)
[132.542s][info][gc             ] GC(123) Pause Young (Allocation Failure) 714M->562M(794M) 5.612ms
[132.542s][info][gc,cpu         ] GC(123) User=0.01s Sys=0.00s Real=0.01s
[132.832s][info][gc,start       ] GC(124) Pause Young (Allocation Failure)
[132.837s][info][gc,heap        ] GC(124) PSYoungGen: 168771K(240640K)->1340K(245248K) Eden: 165376K(165376K)->0K(165376K) From: 3395K(75264K)->1340K(79872K)
[132.837s][info][gc,heap        ] GC(124) ParOldGen: 572812K(572928K)->574133K(574464K)
[132.838s][info][gc,metaspace   ] GC(124) Metaspace: 41415K(41792K)->41415K(41792K) NonClass: 38611K(38848K)->38611K(38848K) Class: 2803K(2944K)->2803K(2944K)
[132.838s][info][gc             ] GC(124) Pause Young (Allocation Failure) 724M->561M(800M) 5.897ms
[132.838s][info][gc,cpu         ] GC(124) User=0.01s Sys=0.00s Real=0.00s
[133.223s][info][gc,start       ] GC(125) Pause Young (Allocation Failure)
[133.232s][info][gc,heap        ] GC(125) PSYoungGen: 166716K(245248K)->13937K(242176K) Eden: 165376K(165376K)->0K(177152K) From: 1340K(79872K)->13937K(65024K)
[133.232s][info][gc,heap        ] GC(125) ParOldGen: 574133K(574464K)->574385K(574464K)
[133.232s][info][gc,metaspace   ] GC(125) Metaspace: 41427K(41856K)->41427K(41856K) NonClass: 38623K(38912K)->38623K(38912K) Class: 2803K(2944K)->2803K(2944K)
[133.232s][info][gc             ] GC(125) Pause Young (Allocation Failure) 723M->574M(797M) 9.337ms
[133.233s][info][gc,cpu         ] GC(125) User=0.02s Sys=0.00s Real=0.01s
[133.547s][info][gc,start       ] GC(126) Pause Young (Allocation Failure)
[133.558s][info][gc,heap        ] GC(126) PSYoungGen: 190141K(242176K)->4622K(248832K) Eden: 176204K(177152K)->0K(177152K) From: 13937K(65024K)->4622K(71680K)
[133.558s][info][gc,heap        ] GC(126) ParOldGen: 574385K(574464K)->580219K(580608K)
[133.558s][info][gc,metaspace   ] GC(126) Metaspace: 41450K(41856K)->41450K(41856K) NonClass: 38647K(38912K)->38647K(38912K) Class: 2803K(2944K)->2803K(2944K)
[133.558s][info][gc             ] GC(126) Pause Young (Allocation Failure) 746M->571M(810M) 11.017ms
[133.558s][info][gc,cpu         ] GC(126) User=0.02s Sys=0.01s Real=0.02s
[133.804s][info][gc,start       ] GC(127) Pause Young (Allocation Failure)
[133.815s][info][gc,heap        ] GC(127) PSYoungGen: 181599K(248832K)->3991K(252928K) Eden: 176976K(177152K)->0K(194048K) From: 4622K(71680K)->3991K(58880K)
[133.815s][info][gc,heap        ] GC(127) ParOldGen: 580219K(580608K)->584823K(585216K)
[133.815s][info][gc,metaspace   ] GC(127) Metaspace: 41450K(41856K)->41450K(41856K) NonClass: 38647K(38912K)->38647K(38912K) Class: 2803K(2944K)->2803K(2944K)
[133.815s][info][gc             ] GC(127) Pause Young (Allocation Failure) 743M->575M(818M) 11.164ms
[133.815s][info][gc,cpu         ] GC(127) User=0.02s Sys=0.01s Real=0.01s
[134.104s][info][gc,start       ] GC(128) Pause Young (Allocation Failure)
[134.114s][info][gc,heap        ] GC(128) PSYoungGen: 197958K(252928K)->2296K(259072K) Eden: 193966K(194048K)->0K(194048K) From: 3991K(58880K)->2296K(65024K)
[134.114s][info][gc,heap        ] GC(128) ParOldGen: 584823K(585216K)->586877K(587264K)
[134.114s][info][gc,metaspace   ] GC(128) Metaspace: 41454K(41856K)->41454K(41856K) NonClass: 38650K(38912K)->38650K(38912K) Class: 2803K(2944K)->2803K(2944K)
[134.114s][info][gc             ] GC(128) Pause Young (Allocation Failure) 764M->575M(826M) 10.282ms
[134.114s][info][gc,cpu         ] GC(128) User=0.02s Sys=0.01s Real=0.01s
[134.394s][info][gc,start       ] GC(129) Pause Young (Allocation Failure)
[134.405s][info][gc,heap        ] GC(129) PSYoungGen: 195486K(259072K)->4968K(259072K) Eden: 193190K(194048K)->0K(206336K) From: 2296K(65024K)->4968K(52736K)
[134.405s][info][gc,heap        ] GC(129) ParOldGen: 586877K(587264K)->589161K(589312K)
[134.405s][info][gc,metaspace   ] GC(129) Metaspace: 41464K(41856K)->41464K(41856K) NonClass: 38660K(38912K)->38660K(38912K) Class: 2803K(2944K)->2803K(2944K)
[134.405s][info][gc             ] GC(129) Pause Young (Allocation Failure) 764M->580M(828M) 10.326ms
[134.405s][info][gc,cpu         ] GC(129) User=0.02s Sys=0.00s Real=0.01s
[134.679s][info][gc,start       ] GC(130) Pause Young (Allocation Failure)
[134.700s][info][gc,heap        ] GC(130) PSYoungGen: 211304K(259072K)->2465K(265216K) Eden: 206336K(206336K)->0K(206336K) From: 4968K(52736K)->2465K(58880K)
[134.700s][info][gc,heap        ] GC(130) ParOldGen: 589161K(589312K)->594119K(594432K)
[134.700s][info][gc,metaspace   ] GC(130) Metaspace: 41464K(41856K)->41464K(41856K) NonClass: 38660K(38912K)->38660K(38912K) Class: 2803K(2944K)->2803K(2944K)
[134.700s][info][gc             ] GC(130) Pause Young (Allocation Failure) 781M->582M(839M) 21.649ms
[134.700s][info][gc,cpu         ] GC(130) User=0.04s Sys=0.00s Real=0.02s
[135.006s][info][gc,start       ] GC(131) Pause Young (Allocation Failure)
[135.018s][info][gc,heap        ] GC(131) PSYoungGen: 207964K(265216K)->6346K(265728K) Eden: 205499K(206336K)->0K(219136K) From: 2465K(58880K)->6346K(46592K)
[135.018s][info][gc,heap        ] GC(131) ParOldGen: 594119K(594432K)->596509K(596992K)
[135.018s][info][gc,metaspace   ] GC(131) Metaspace: 41494K(41856K)->41494K(41856K) NonClass: 38689K(38912K)->38689K(38912K) Class: 2804K(2944K)->2804K(2944K)
[135.018s][info][gc             ] GC(131) Pause Young (Allocation Failure) 783M->588M(842M) 11.898ms
[135.018s][info][gc,cpu         ] GC(131) User=0.02s Sys=0.01s Real=0.02s
[135.327s][info][gc,start       ] GC(132) Pause Young (Allocation Failure)
[135.341s][info][gc,heap        ] GC(132) PSYoungGen: 225482K(265728K)->4668K(271872K) Eden: 219136K(219136K)->0K(219136K) From: 6346K(46592K)->4668K(52736K)
[135.342s][info][gc,heap        ] GC(132) ParOldGen: 596509K(596992K)->602920K(603136K)
[135.342s][info][gc,metaspace   ] GC(132) Metaspace: 41495K(41856K)->41495K(41856K) NonClass: 38690K(38912K)->38690K(38912K) Class: 2804K(2944K)->2804K(2944K)
[135.342s][info][gc             ] GC(132) Pause Young (Allocation Failure) 802M->593M(854M) 15.049ms
[135.342s][info][gc,cpu         ] GC(132) User=0.02s Sys=0.01s Real=0.02s
[135.851s][info][gc,start       ] GC(133) Pause Young (Allocation Failure)
[135.880s][info][gc,heap        ] GC(133) PSYoungGen: 223320K(271872K)->15715K(273920K) Eden: 218651K(219136K)->0K(231424K) From: 4668K(52736K)->15715K(42496K)
[135.880s][info][gc,heap        ] GC(133) ParOldGen: 602920K(603136K)->607401K(607744K)
[135.880s][info][gc,metaspace   ] GC(133) Metaspace: 41533K(41920K)->41533K(41920K) NonClass: 38729K(38976K)->38729K(38976K) Class: 2804K(2944K)->2804K(2944K)
[135.880s][info][gc             ] GC(133) Pause Young (Allocation Failure) 806M->608M(861M) 29.451ms
[135.880s][info][gc,cpu         ] GC(133) User=0.04s Sys=0.00s Real=0.03s
[136.478s][info][gc,start       ] GC(134) Pause Young (Allocation Failure)
[136.502s][info][gc,heap        ] GC(134) PSYoungGen: 247139K(273920K)->2080K(279040K) Eden: 231424K(231424K)->0K(231424K) From: 15715K(42496K)->2080K(47616K)
[136.502s][info][gc,heap        ] GC(134) ParOldGen: 607401K(607744K)->622390K(622592K)
[136.502s][info][gc,metaspace   ] GC(134) Metaspace: 41546K(41920K)->41546K(41920K) NonClass: 38741K(38976K)->38741K(38976K) Class: 2804K(2944K)->2804K(2944K)
[136.502s][info][gc             ] GC(134) Pause Young (Allocation Failure) 834M->609M(880M) 23.695ms
[136.502s][info][gc,cpu         ] GC(134) User=0.03s Sys=0.02s Real=0.02s
[137.074s][info][gc,start       ] GC(135) Pause Young (Allocation Failure)
[137.081s][info][gc,heap        ] GC(135) PSYoungGen: 233504K(279040K)->3260K(279040K) Eden: 231424K(231424K)->0K(240640K) From: 2080K(47616K)->3260K(38400K)
[137.081s][info][gc,heap        ] GC(135) ParOldGen: 622390K(622592K)->623436K(623616K)
[137.081s][info][gc,metaspace   ] GC(135) Metaspace: 41558K(41920K)->41558K(41920K) NonClass: 38754K(38976K)->38754K(38976K) Class: 2804K(2944K)->2804K(2944K)
[137.081s][info][gc             ] GC(135) Pause Young (Allocation Failure) 835M->612M(881M) 7.266ms
[137.081s][info][gc,cpu         ] GC(135) User=0.01s Sys=0.00s Real=0.01s
[137.654s][info][gc,start       ] GC(136) Pause Young (Allocation Failure)
[137.661s][info][gc,heap        ] GC(136) PSYoungGen: 243900K(279040K)->6233K(283648K) Eden: 240640K(240640K)->0K(240640K) From: 3260K(38400K)->6233K(43008K)
[137.661s][info][gc,heap        ] GC(136) ParOldGen: 623436K(623616K)->623444K(623616K)
[137.661s][info][gc,metaspace   ] GC(136) Metaspace: 41565K(41984K)->41565K(41984K) NonClass: 38760K(39040K)->38760K(39040K) Class: 2804K(2944K)->2804K(2944K)
[137.661s][info][gc             ] GC(136) Pause Young (Allocation Failure) 847M->614M(886M) 7.414ms
[137.661s][info][gc,cpu         ] GC(136) User=0.02s Sys=0.00s Real=0.01s
[138.217s][info][gc,start       ] GC(137) Pause Young (Allocation Failure)
[138.224s][info][gc,heap        ] GC(137) PSYoungGen: 246873K(283648K)->5159K(283648K) Eden: 240640K(240640K)->0K(250368K) From: 6233K(43008K)->5159K(33280K)
[138.224s][info][gc,heap        ] GC(137) ParOldGen: 623444K(623616K)->623494K(623616K)
[138.224s][info][gc,metaspace   ] GC(137) Metaspace: 41565K(41984K)->41565K(41984K) NonClass: 38760K(39040K)->38760K(39040K) Class: 2804K(2944K)->2804K(2944K)
[138.224s][info][gc             ] GC(137) Pause Young (Allocation Failure) 849M->613M(886M) 7.352ms
[138.224s][info][gc,cpu         ] GC(137) User=0.01s Sys=0.00s Real=0.01s
[138.939s][info][gc,start       ] GC(138) Pause Young (Allocation Failure)
[138.947s][info][gc,heap        ] GC(138) PSYoungGen: 255527K(283648K)->6053K(288256K) Eden: 250368K(250368K)->0K(250368K) From: 5159K(33280K)->6053K(37888K)
[138.947s][info][gc,heap        ] GC(138) ParOldGen: 623494K(623616K)->623558K(623616K)
[138.947s][info][gc,metaspace   ] GC(138) Metaspace: 41570K(41984K)->41570K(41984K) NonClass: 38765K(39040K)->38765K(39040K) Class: 2804K(2944K)->2804K(2944K)
[138.947s][info][gc             ] GC(138) Pause Young (Allocation Failure) 858M->614M(890M) 8.273ms
[138.947s][info][gc,cpu         ] GC(138) User=0.01s Sys=0.00s Real=0.00s
[140.099s][info][gc,start       ] GC(139) Pause Young (Allocation Failure)
[140.105s][info][gc,heap        ] GC(139) PSYoungGen: 256421K(288256K)->3218K(290816K) Eden: 250368K(250368K)->0K(260608K) From: 6053K(37888K)->3218K(30208K)
[140.105s][info][gc,heap        ] GC(139) ParOldGen: 623558K(623616K)->623710K(624128K)
[140.105s][info][gc,metaspace   ] GC(139) Metaspace: 41603K(42048K)->41603K(42048K) NonClass: 38798K(39104K)->38798K(39104K) Class: 2804K(2944K)->2804K(2944K)
[140.105s][info][gc             ] GC(139) Pause Young (Allocation Failure) 859M->612M(893M) 6.179ms
[140.105s][info][gc,cpu         ] GC(139) User=0.01s Sys=0.00s Real=0.00s
[141.498s][info][gc,start       ] GC(140) Pause Young (Allocation Failure)
[141.519s][info][gc,heap        ] GC(140) PSYoungGen: 263826K(290816K)->19348K(294400K) Eden: 260608K(260608K)->0K(260608K) From: 3218K(30208K)->19348K(33792K)
[141.519s][info][gc,heap        ] GC(140) ParOldGen: 623710K(624128K)->626769K(627200K)
[141.519s][info][gc,metaspace   ] GC(140) Metaspace: 41712K(42112K)->41712K(42112K) NonClass: 38907K(39168K)->38907K(39168K) Class: 2804K(2944K)->2804K(2944K)
[141.519s][info][gc             ] GC(140) Pause Young (Allocation Failure) 866M->630M(900M) 21.517ms
[141.519s][info][gc,cpu         ] GC(140) User=0.04s Sys=0.00s Real=0.02s
[142.229s][info][gc,start       ] GC(141) Pause Young (Allocation Failure)
[142.287s][info][gc,heap        ] GC(141) PSYoungGen: 279956K(294400K)->29612K(288256K) Eden: 260608K(260608K)->0K(252928K) From: 19348K(33792K)->29612K(35328K)
[142.287s][info][gc,heap        ] GC(141) ParOldGen: 626769K(627200K)->645629K(645632K)
[142.287s][info][gc,metaspace   ] GC(141) Metaspace: 41712K(42112K)->41712K(42112K) NonClass: 38907K(39168K)->38907K(39168K) Class: 2804K(2944K)->2804K(2944K)
[142.287s][info][gc             ] GC(141) Pause Young (Allocation Failure) 885M->659M(912M) 58.044ms
[142.287s][info][gc,cpu         ] GC(141) User=0.09s Sys=0.02s Real=0.05s
[142.901s][info][gc,start       ] GC(142) Pause Full (Allocation Failure)
[142.901s][info][gc,phases,start] GC(142) Marking Phase
[143.020s][info][gc,phases      ] GC(142) Marking Phase 118.766ms
[143.020s][info][gc,phases,start] GC(142) Summary Phase
[143.020s][info][gc,phases      ] GC(142) Summary Phase 0.034ms
[143.020s][info][gc,phases,start] GC(142) Forward
[143.044s][info][gc,phases      ] GC(142) Forward 24.003ms
[143.044s][info][gc,phases,start] GC(142) Adjust Pointers
[143.114s][info][gc,phases      ] GC(142) Adjust Pointers 69.912ms
[143.114s][info][gc,phases,start] GC(142) Compaction Phase
[143.147s][info][gc,phases      ] GC(142) Compaction Phase 32.803ms
[143.147s][info][gc,phases,start] GC(142) Post Compact
[143.151s][info][gc,phases      ] GC(142) Post Compact 3.658ms
[143.184s][info][gc,heap        ] GC(142) PSYoungGen: 282540K(288256K)->0K(293376K) Eden: 252928K(252928K)->0K(252928K) From: 29612K(35328K)->0K(40448K)
[143.184s][info][gc,heap        ] GC(142) ParOldGen: 645629K(645632K)->128144K(232960K)
[143.184s][info][gc,metaspace   ] GC(142) Metaspace: 41714K(42112K)->41714K(42112K) NonClass: 38909K(39168K)->38909K(39168K) Class: 2804K(2944K)->2804K(2944K)
[143.184s][info][gc             ] GC(142) Pause Full (Allocation Failure) 906M->125M(514M) 283.282ms
[143.184s][info][gc,cpu         ] GC(142) User=0.42s Sys=0.04s Real=0.28s
[146.587s][info][gc,start       ] GC(143) Pause Young (Allocation Failure)
[146.612s][info][gc,heap        ] GC(143) PSYoungGen: 252928K(293376K)->25296K(289280K) Eden: 252928K(252928K)->0K(248832K) From: 0K(40448K)->25296K(40448K)
[146.612s][info][gc,heap        ] GC(143) ParOldGen: 128144K(232960K)->128144K(232960K)
[146.612s][info][gc,metaspace   ] GC(143) Metaspace: 41742K(42176K)->41742K(42176K) NonClass: 38938K(39232K)->38938K(39232K) Class: 2804K(2944K)->2804K(2944K)
[146.612s][info][gc             ] GC(143) Pause Young (Allocation Failure) 372M->149M(510M) 24.898ms
[146.612s][info][gc,cpu         ] GC(143) User=0.05s Sys=0.00s Real=0.03s
[147.536s][info][gc,start       ] GC(144) Pause Young (Allocation Failure)
[147.565s][info][gc,heap        ] GC(144) PSYoungGen: 274128K(289280K)->8128K(291328K) Eden: 248832K(248832K)->0K(248832K) From: 25296K(40448K)->8128K(42496K)
[147.565s][info][gc,heap        ] GC(144) ParOldGen: 128144K(232960K)->153436K(232960K)
[147.565s][info][gc,metaspace   ] GC(144) Metaspace: 41775K(42176K)->41775K(42176K) NonClass: 38970K(39232K)->38970K(39232K) Class: 2804K(2944K)->2804K(2944K)
[147.565s][info][gc             ] GC(144) Pause Young (Allocation Failure) 392M->157M(512M) 29.098ms
[147.565s][info][gc,cpu         ] GC(144) User=0.06s Sys=0.00s Real=0.03s
[148.160s][info][gc,start       ] GC(145) Pause Young (Allocation Failure)
[148.198s][info][gc,heap        ] GC(145) PSYoungGen: 256960K(291328K)->30828K(285184K) Eden: 248832K(248832K)->0K(244736K) From: 8128K(42496K)->30828K(40448K)
[148.198s][info][gc,heap        ] GC(145) ParOldGen: 153436K(232960K)->161454K(232960K)
[148.198s][info][gc,metaspace   ] GC(145) Metaspace: 41775K(42176K)->41775K(42176K) NonClass: 38970K(39232K)->38970K(39232K) Class: 2804K(2944K)->2804K(2944K)
[148.198s][info][gc             ] GC(145) Pause Young (Allocation Failure) 400M->187M(506M) 38.506ms
[148.198s][info][gc,cpu         ] GC(145) User=0.07s Sys=0.00s Real=0.04s
[148.780s][info][gc,start       ] GC(146) Pause Young (Allocation Failure)
[148.835s][info][gc,heap        ] GC(146) PSYoungGen: 275564K(285184K)->29528K(274432K) Eden: 244736K(244736K)->0K(244736K) From: 30828K(40448K)->29528K(29696K)
[148.835s][info][gc,heap        ] GC(146) ParOldGen: 161454K(232960K)->191648K(232960K)
[148.835s][info][gc,metaspace   ] GC(146) Metaspace: 41775K(42176K)->41775K(42176K) NonClass: 38970K(39232K)->38970K(39232K) Class: 2804K(2944K)->2804K(2944K)
[148.835s][info][gc             ] GC(146) Pause Young (Allocation Failure) 426M->215M(495M) 55.175ms
[148.835s][info][gc,cpu         ] GC(146) User=0.11s Sys=0.00s Real=0.05s
[149.992s][info][gc,start       ] GC(147) Pause Young (Allocation Failure)
[150.082s][info][gc,heap        ] GC(147) PSYoungGen: 274264K(274432K)->46624K(269312K) Eden: 244736K(244736K)->0K(222208K) From: 29528K(29696K)->46624K(47104K)
[150.082s][info][gc,heap        ] GC(147) ParOldGen: 191648K(232960K)->222921K(232960K)
[150.082s][info][gc,metaspace   ] GC(147) Metaspace: 41775K(42176K)->41775K(42176K) NonClass: 38970K(39232K)->38970K(39232K) Class: 2804K(2944K)->2804K(2944K)
[150.082s][info][gc             ] GC(147) Pause Young (Allocation Failure) 454M->263M(490M) 90.071ms
[150.082s][info][gc,cpu         ] GC(147) User=0.18s Sys=0.00s Real=0.09s
[151.372s][info][gc,start       ] GC(148) Pause Young (Allocation Failure)
[151.403s][info][gc,heap        ] GC(148) PSYoungGen: 268832K(269312K)->11322K(278016K) Eden: 222208K(222208K)->0K(222208K) From: 46624K(47104K)->11322K(55808K)
[151.403s][info][gc,heap        ] GC(148) ParOldGen: 222921K(232960K)->244509K(244736K)
[151.403s][info][gc,metaspace   ] GC(148) Metaspace: 41776K(42176K)->41776K(42176K) NonClass: 38971K(39232K)->38971K(39232K) Class: 2804K(2944K)->2804K(2944K)
[151.403s][info][gc             ] GC(148) Pause Young (Allocation Failure) 480M->249M(510M) 31.307ms
[151.403s][info][gc,cpu         ] GC(148) User=0.05s Sys=0.01s Real=0.03s
[152.641s][info][gc,start       ] GC(149) Pause Young (Allocation Failure)
[152.652s][info][gc,heap        ] GC(149) PSYoungGen: 233530K(278016K)->635K(274432K) Eden: 222208K(222208K)->0K(224768K) From: 11322K(55808K)->635K(49664K)
[152.652s][info][gc,heap        ] GC(149) ParOldGen: 244509K(244736K)->252910K(252928K)
[152.652s][info][gc,metaspace   ] GC(149) Metaspace: 41777K(42176K)->41777K(42176K) NonClass: 38973K(39232K)->38973K(39232K) Class: 2804K(2944K)->2804K(2944K)
[152.652s][info][gc             ] GC(149) Pause Young (Allocation Failure) 466M->247M(515M) 10.577ms
[152.652s][info][gc,cpu         ] GC(149) User=0.01s Sys=0.01s Real=0.01s
[153.924s][info][gc,start       ] GC(150) Pause Young (Allocation Failure)
[153.944s][info][gc,heap        ] GC(150) PSYoungGen: 225403K(274432K)->19444K(277504K) Eden: 224768K(224768K)->0K(224768K) From: 635K(49664K)->19444K(52736K)
[153.944s][info][gc,heap        ] GC(150) ParOldGen: 252910K(252928K)->253461K(253952K)
[153.944s][info][gc,metaspace   ] GC(150) Metaspace: 41777K(42176K)->41777K(42176K) NonClass: 38973K(39232K)->38973K(39232K) Class: 2804K(2944K)->2804K(2944K)
[153.944s][info][gc             ] GC(150) Pause Young (Allocation Failure) 467M->266M(519M) 20.252ms
[153.944s][info][gc,cpu         ] GC(150) User=0.04s Sys=0.00s Real=0.02s
[155.233s][info][gc,start       ] GC(151) Pause Young (Allocation Failure)
[155.276s][info][gc,heap        ] GC(151) PSYoungGen: 244212K(277504K)->23424K(279552K) Eden: 224768K(224768K)->0K(230912K) From: 19444K(52736K)->23424K(48640K)
[155.276s][info][gc,heap        ] GC(151) ParOldGen: 253461K(253952K)->272934K(273408K)
[155.276s][info][gc,metaspace   ] GC(151) Metaspace: 41777K(42176K)->41777K(42176K) NonClass: 38973K(39232K)->38973K(39232K) Class: 2804K(2944K)->2804K(2944K)
[155.277s][info][gc             ] GC(151) Pause Young (Allocation Failure) 486M->289M(540M) 43.708ms
[155.277s][info][gc,cpu         ] GC(151) User=0.08s Sys=0.02s Real=0.04s
[156.275s][info][gc,start       ] GC(152) Pause Young (Allocation Failure)
[156.326s][info][gc,heap        ] GC(152) PSYoungGen: 254336K(279552K)->28870K(280576K) Eden: 230912K(230912K)->0K(230912K) From: 23424K(48640K)->28870K(49664K)
[156.326s][info][gc,heap        ] GC(152) ParOldGen: 272934K(273408K)->295733K(295936K)
[156.326s][info][gc,metaspace   ] GC(152) Metaspace: 41777K(42176K)->41777K(42176K) NonClass: 38973K(39232K)->38973K(39232K) Class: 2804K(2944K)->2804K(2944K)
[156.326s][info][gc             ] GC(152) Pause Young (Allocation Failure) 514M->316M(563M) 51.117ms
[156.326s][info][gc,cpu         ] GC(152) User=0.09s Sys=0.02s Real=0.05s
[156.920s][info][gc,start       ] GC(153) Pause Young (Allocation Failure)
[156.982s][info][gc,heap        ] GC(153) PSYoungGen: 259782K(280576K)->28844K(282112K) Eden: 230912K(230912K)->0K(231424K) From: 28870K(49664K)->28844K(50688K)
[156.982s][info][gc,heap        ] GC(153) ParOldGen: 295733K(295936K)->324328K(324608K)
[156.982s][info][gc,metaspace   ] GC(153) Metaspace: 41777K(42176K)->41777K(42176K) NonClass: 38973K(39232K)->38973K(39232K) Class: 2804K(2944K)->2804K(2944K)
[156.982s][info][gc             ] GC(153) Pause Young (Allocation Failure) 542M->344M(592M) 61.891ms
[156.982s][info][gc,cpu         ] GC(153) User=0.10s Sys=0.02s Real=0.06s
[157.504s][info][gc,start       ] GC(154) Pause Young (Allocation Failure)
[157.569s][info][gc,heap        ] GC(154) PSYoungGen: 260268K(282112K)->26360K(282624K) Eden: 231424K(231424K)->0K(231424K) From: 28844K(50688K)->26360K(51200K)
[157.569s][info][gc,heap        ] GC(154) ParOldGen: 324328K(324608K)->353376K(353792K)
[157.569s][info][gc,metaspace   ] GC(154) Metaspace: 41777K(42176K)->41777K(42176K) NonClass: 38973K(39232K)->38973K(39232K) Class: 2804K(2944K)->2804K(2944K)
[157.569s][info][gc             ] GC(154) Pause Young (Allocation Failure) 570M->370M(621M) 65.336ms
[157.569s][info][gc,cpu         ] GC(154) User=0.10s Sys=0.02s Real=0.07s
[159.084s][info][gc,start       ] GC(155) Pause Young (Allocation Failure)
[159.141s][info][gc,heap        ] GC(155) PSYoungGen: 257784K(282624K)->23012K(278528K) Eden: 231424K(231424K)->0K(231936K) From: 26360K(51200K)->23012K(46592K)
[159.141s][info][gc,heap        ] GC(155) ParOldGen: 353376K(353792K)->379721K(379904K)
[159.141s][info][gc,metaspace   ] GC(155) Metaspace: 41777K(42176K)->41777K(42176K) NonClass: 38973K(39232K)->38973K(39232K) Class: 2804K(2944K)->2804K(2944K)
[159.141s][info][gc             ] GC(155) Pause Young (Allocation Failure) 596M->393M(643M) 57.832ms
[159.142s][info][gc,cpu         ] GC(155) User=0.10s Sys=0.02s Real=0.06s
[160.053s][info][gc,start       ] GC(156) Pause Young (Allocation Failure)
[160.084s][info][gc,heap        ] GC(156) PSYoungGen: 254948K(278528K)->7806K(280576K) Eden: 231936K(231936K)->0K(231936K) From: 23012K(46592K)->7806K(48640K)
[160.084s][info][gc,heap        ] GC(156) ParOldGen: 379721K(379904K)->402006K(402432K)
[160.085s][info][gc,metaspace   ] GC(156) Metaspace: 41777K(42176K)->41777K(42176K) NonClass: 38973K(39232K)->38973K(39232K) Class: 2804K(2944K)->2804K(2944K)
[160.085s][info][gc             ] GC(156) Pause Young (Allocation Failure) 619M->400M(667M) 31.456ms
[160.085s][info][gc,cpu         ] GC(156) User=0.04s Sys=0.02s Real=0.03s
[161.328s][info][gc,start       ] GC(157) Pause Young (Allocation Failure)
[161.335s][info][gc,heap        ] GC(157) PSYoungGen: 239742K(280576K)->667K(284672K) Eden: 231936K(231936K)->0K(237056K) From: 7806K(48640K)->667K(47616K)
[161.336s][info][gc,heap        ] GC(157) ParOldGen: 402006K(402432K)->407815K(408064K)
[161.336s][info][gc,metaspace   ] GC(157) Metaspace: 41778K(42176K)->41778K(42176K) NonClass: 38973K(39232K)->38973K(39232K) Class: 2804K(2944K)->2804K(2944K)
[161.336s][info][gc             ] GC(157) Pause Young (Allocation Failure) 626M->398M(676M) 7.745ms
[161.336s][info][gc,cpu         ] GC(157) User=0.01s Sys=0.00s Real=0.00s
[162.642s][info][gc,start       ] GC(158) Pause Young (Allocation Failure)
[162.665s][info][gc,heap        ] GC(158) PSYoungGen: 237723K(284672K)->22379K(285184K) Eden: 237056K(237056K)->0K(237056K) From: 667K(47616K)->22379K(48128K)
[162.665s][info][gc,heap        ] GC(158) ParOldGen: 407815K(408064K)->408380K(408576K)
[162.665s][info][gc,metaspace   ] GC(158) Metaspace: 41779K(42176K)->41779K(42176K) NonClass: 38974K(39232K)->38974K(39232K) Class: 2804K(2944K)->2804K(2944K)
[162.665s][info][gc             ] GC(158) Pause Young (Allocation Failure) 630M->420M(677M) 23.136ms
[162.665s][info][gc,cpu         ] GC(158) User=0.04s Sys=0.00s Real=0.02s
[163.956s][info][gc,start       ] GC(159) Pause Young (Allocation Failure)
[164.004s][info][gc,heap        ] GC(159) PSYoungGen: 259435K(285184K)->23564K(285184K) Eden: 237056K(237056K)->0K(238592K) From: 22379K(48128K)->23564K(46592K)
[164.004s][info][gc,heap        ] GC(159) ParOldGen: 408380K(408576K)->429974K(430080K)
[164.004s][info][gc,metaspace   ] GC(159) Metaspace: 41779K(42176K)->41779K(42176K) NonClass: 38974K(39232K)->38974K(39232K) Class: 2804K(2944K)->2804K(2944K)
[164.004s][info][gc             ] GC(159) Pause Young (Allocation Failure) 652M->442M(698M) 47.638ms
[164.004s][info][gc,cpu         ] GC(159) User=0.08s Sys=0.01s Real=0.05s
[165.010s][info][gc,start       ] GC(160) Pause Young (Allocation Failure)
[165.050s][info][gc,heap        ] GC(160) PSYoungGen: 262156K(285184K)->14979K(253952K) Eden: 238592K(238592K)->0K(238592K) From: 23564K(46592K)->14979K(15360K)
[165.050s][info][gc,heap        ] GC(160) ParOldGen: 429974K(430080K)->453310K(453632K)
[165.050s][info][gc,metaspace   ] GC(160) Metaspace: 41792K(42176K)->41792K(42176K) NonClass: 38988K(39232K)->38988K(39232K) Class: 2804K(2944K)->2804K(2944K)
[165.050s][info][gc             ] GC(160) Pause Young (Allocation Failure) 675M->457M(691M) 39.453ms
[165.050s][info][gc,cpu         ] GC(160) User=0.06s Sys=0.01s Real=0.04s
[165.943s][info][gc,start       ] GC(161) Pause Young (Allocation Failure)
[165.964s][info][gc,heap        ] GC(161) PSYoungGen: 253571K(253952K)->9070K(285696K) Eden: 238592K(238592K)->0K(241664K) From: 14979K(15360K)->9070K(44032K)
[165.964s][info][gc,heap        ] GC(161) ParOldGen: 453310K(453632K)->465324K(465408K)
[165.964s][info][gc,metaspace   ] GC(161) Metaspace: 41796K(42176K)->41796K(42176K) NonClass: 38992K(39232K)->38992K(39232K) Class: 2804K(2944K)->2804K(2944K)
[165.964s][info][gc             ] GC(161) Pause Young (Allocation Failure) 690M->463M(733M) 21.663ms
[165.964s][info][gc,cpu         ] GC(161) User=0.03s Sys=0.01s Real=0.02s
[166.916s][info][gc,start       ] GC(162) Pause Young (Allocation Failure)
[166.939s][info][gc,heap        ] GC(162) PSYoungGen: 250734K(285696K)->23588K(284672K) Eden: 241664K(241664K)->0K(241664K) From: 9070K(44032K)->23588K(43008K)
[166.939s][info][gc,heap        ] GC(162) ParOldGen: 465324K(465408K)->466072K(466432K)
[166.939s][info][gc,metaspace   ] GC(162) Metaspace: 41803K(42176K)->41803K(42176K) NonClass: 38998K(39232K)->38998K(39232K) Class: 2804K(2944K)->2804K(2944K)
[166.939s][info][gc             ] GC(162) Pause Young (Allocation Failure) 699M->478M(733M) 22.599ms
[166.939s][info][gc,cpu         ] GC(162) User=0.05s Sys=0.00s Real=0.03s
[167.798s][info][gc,start       ] GC(163) Pause Young (Allocation Failure)
[167.804s][info][gc,heap        ] GC(163) PSYoungGen: 265252K(284672K)->1120K(289792K) Eden: 241664K(241664K)->0K(246784K) From: 23588K(43008K)->1120K(43008K)
[167.804s][info][gc,heap        ] GC(163) ParOldGen: 466072K(466432K)->467568K(467968K)
[167.804s][info][gc,metaspace   ] GC(163) Metaspace: 41803K(42176K)->41803K(42176K) NonClass: 38999K(39232K)->38999K(39232K) Class: 2804K(2944K)->2804K(2944K)
[167.804s][info][gc             ] GC(163) Pause Young (Allocation Failure) 714M->457M(740M) 6.126ms
[167.805s][info][gc,cpu         ] GC(163) User=0.01s Sys=0.00s Real=0.00s
[168.626s][info][gc,start       ] GC(164) Pause Young (Allocation Failure)
[168.631s][info][gc,heap        ] GC(164) PSYoungGen: 247904K(289792K)->5363K(289792K) Eden: 246784K(246784K)->0K(246784K) From: 1120K(43008K)->5363K(43008K)
[168.631s][info][gc,heap        ] GC(164) ParOldGen: 467568K(467968K)->468576K(468992K)
[168.631s][info][gc,metaspace   ] GC(164) Metaspace: 41803K(42176K)->41803K(42176K) NonClass: 38999K(39232K)->38999K(39232K) Class: 2804K(2944K)->2804K(2944K)
[168.631s][info][gc             ] GC(164) Pause Young (Allocation Failure) 698M->462M(741M) 5.871ms
[168.631s][info][gc,cpu         ] GC(164) User=0.00s Sys=0.01s Real=0.01s
[169.648s][info][gc,start       ] GC(165) Pause Young (Allocation Failure)
[169.671s][info][gc,heap        ] GC(165) PSYoungGen: 252147K(289792K)->22786K(290304K) Eden: 246784K(246784K)->0K(247808K) From: 5363K(43008K)->22786K(42496K)
[169.671s][info][gc,heap        ] GC(165) ParOldGen: 468576K(468992K)->469800K(470016K)
[169.671s][info][gc,metaspace   ] GC(165) Metaspace: 41805K(42176K)->41805K(42176K) NonClass: 39000K(39232K)->39000K(39232K) Class: 2804K(2944K)->2804K(2944K)
[169.671s][info][gc             ] GC(165) Pause Young (Allocation Failure) 703M->481M(742M) 23.764ms
[169.671s][info][gc,cpu         ] GC(165) User=0.04s Sys=0.00s Real=0.02s
[170.602s][info][gc,start       ] GC(166) Pause Young (Allocation Failure)
[170.613s][info][gc,heap        ] GC(166) PSYoungGen: 270594K(290304K)->11522K(259584K) Eden: 247808K(247808K)->0K(247808K) From: 22786K(42496K)->11522K(11776K)
[170.613s][info][gc,heap        ] GC(166) ParOldGen: 469800K(470016K)->470536K(471040K)
[170.613s][info][gc,metaspace   ] GC(166) Metaspace: 41805K(42176K)->41805K(42176K) NonClass: 39000K(39232K)->39000K(39232K) Class: 2804K(2944K)->2804K(2944K)
[170.613s][info][gc             ] GC(166) Pause Young (Allocation Failure) 723M->470M(713M) 10.800ms
[170.613s][info][gc,cpu         ] GC(166) User=0.03s Sys=0.00s Real=0.01s
[171.444s][info][gc,start       ] GC(167) Pause Young (Allocation Failure)
[171.450s][info][gc,heap        ] GC(167) PSYoungGen: 259330K(259584K)->4827K(289792K) Eden: 247808K(247808K)->0K(249344K) From: 11522K(11776K)->4827K(40448K)
[171.450s][info][gc,heap        ] GC(167) ParOldGen: 470536K(471040K)->471720K(472064K)
[171.450s][info][gc,metaspace   ] GC(167) Metaspace: 41805K(42176K)->41805K(42176K) NonClass: 39000K(39232K)->39000K(39232K) Class: 2804K(2944K)->2804K(2944K)
[171.450s][info][gc             ] GC(167) Pause Young (Allocation Failure) 712M->465M(744M) 5.654ms
[171.450s][info][gc,cpu         ] GC(167) User=0.01s Sys=0.01s Real=0.01s
[172.621s][info][gc,start       ] GC(168) Pause Young (Allocation Failure)
[172.625s][info][gc,heap        ] GC(168) PSYoungGen: 254171K(289792K)->1328K(289280K) Eden: 249344K(249344K)->0K(249344K) From: 4827K(40448K)->1328K(39936K)
[172.625s][info][gc,heap        ] GC(168) ParOldGen: 471720K(472064K)->472696K(473088K)
[172.625s][info][gc,metaspace   ] GC(168) Metaspace: 41805K(42176K)->41805K(42176K) NonClass: 39000K(39232K)->39000K(39232K) Class: 2804K(2944K)->2804K(2944K)
[172.625s][info][gc             ] GC(168) Pause Young (Allocation Failure) 708M->462M(744M) 4.306ms
[172.625s][info][gc,cpu         ] GC(168) User=0.01s Sys=0.00s Real=0.00s
[173.701s][info][gc,start       ] GC(169) Pause Young (Allocation Failure)
[173.715s][info][gc,heap        ] GC(169) PSYoungGen: 250672K(289280K)->12893K(289792K) Eden: 249344K(249344K)->0K(254464K) From: 1328K(39936K)->12893K(35328K)
[173.715s][info][gc,heap        ] GC(169) ParOldGen: 472696K(473088K)->473788K(474112K)
[173.715s][info][gc,metaspace   ] GC(169) Metaspace: 41805K(42176K)->41805K(42176K) NonClass: 39000K(39232K)->39000K(39232K) Class: 2804K(2944K)->2804K(2944K)
[173.715s][info][gc             ] GC(169) Pause Young (Allocation Failure) 706M->475M(746M) 13.631ms
[173.715s][info][gc,cpu         ] GC(169) User=0.03s Sys=0.00s Real=0.01s
[174.504s][info][gc,start       ] GC(170) Pause Young (Allocation Failure)
[174.543s][info][gc,heap        ] GC(170) PSYoungGen: 267357K(289792K)->36858K(291328K) Eden: 254464K(254464K)->0K(254464K) From: 12893K(35328K)->36858K(36864K)
[174.543s][info][gc,heap        ] GC(170) ParOldGen: 473788K(474112K)->477972K(478208K)
[174.543s][info][gc,metaspace   ] GC(170) Metaspace: 41805K(42176K)->41805K(42176K) NonClass: 39001K(39232K)->39001K(39232K) Class: 2804K(2944K)->2804K(2944K)
[174.543s][info][gc             ] GC(170) Pause Young (Allocation Failure) 723M->502M(751M) 38.416ms
[174.543s][info][gc,cpu         ] GC(170) User=0.07s Sys=0.01s Real=0.04s
[175.671s][info][gc,start       ] GC(171) Pause Young (Allocation Failure)
[175.733s][info][gc,heap        ] GC(171) PSYoungGen: 291322K(291328K)->28541K(283136K) Eden: 254464K(254464K)->0K(240640K) From: 36858K(36864K)->28541K(42496K)
[175.733s][info][gc,heap        ] GC(171) ParOldGen: 477972K(478208K)->499799K(500224K)
[175.733s][info][gc,metaspace   ] GC(171) Metaspace: 41805K(42176K)->41805K(42176K) NonClass: 39001K(39232K)->39001K(39232K) Class: 2804K(2944K)->2804K(2944K)
[175.733s][info][gc             ] GC(171) Pause Young (Allocation Failure) 751M->515M(765M) 61.943ms
[175.733s][info][gc,cpu         ] GC(171) User=0.10s Sys=0.02s Real=0.06s
[176.886s][info][gc,start       ] GC(172) Pause Young (Allocation Failure)
[176.978s][info][gc,heap        ] GC(172) PSYoungGen: 269181K(283136K)->30399K(271360K) Eden: 240640K(240640K)->0K(240640K) From: 28541K(42496K)->30399K(30720K)
[176.978s][info][gc,heap        ] GC(172) ParOldGen: 499799K(500224K)->528248K(528384K)
[176.978s][info][gc,metaspace   ] GC(172) Metaspace: 41806K(42176K)->41806K(42176K) NonClass: 39002K(39232K)->39002K(39232K) Class: 2804K(2944K)->2804K(2944K)
[176.978s][info][gc             ] GC(172) Pause Young (Allocation Failure) 750M->545M(781M) 92.559ms
[176.978s][info][gc,cpu         ] GC(172) User=0.16s Sys=0.02s Real=0.10s
[177.808s][info][gc,start       ] GC(173) Pause Young (Allocation Failure)
[177.881s][info][gc,heap        ] GC(173) PSYoungGen: 271039K(271360K)->25020K(285696K) Eden: 240640K(240640K)->0K(237056K) From: 30399K(30720K)->25020K(48640K)
[177.881s][info][gc,heap        ] GC(173) ParOldGen: 528248K(528384K)->552815K(552960K)
[177.881s][info][gc,metaspace   ] GC(173) Metaspace: 41813K(42176K)->41813K(42176K) NonClass: 39009K(39232K)->39009K(39232K) Class: 2804K(2944K)->2804K(2944K)
[177.881s][info][gc             ] GC(173) Pause Young (Allocation Failure) 780M->564M(819M) 73.105ms
[177.881s][info][gc,cpu         ] GC(173) User=0.12s Sys=0.02s Real=0.07s
[178.622s][info][gc,start       ] GC(174) Pause Young (Allocation Failure)
[178.638s][info][gc,heap        ] GC(174) PSYoungGen: 262076K(285696K)->3506K(285184K) Eden: 237056K(237056K)->0K(237056K) From: 25020K(48640K)->3506K(48128K)
[178.638s][info][gc,heap        ] GC(174) ParOldGen: 552815K(552960K)->563478K(563712K)
[178.638s][info][gc,metaspace   ] GC(174) Metaspace: 41813K(42176K)->41813K(42176K) NonClass: 39009K(39232K)->39009K(39232K) Class: 2804K(2944K)->2804K(2944K)
[178.638s][info][gc             ] GC(174) Pause Young (Allocation Failure) 795M->553M(829M) 15.736ms
[178.638s][info][gc,cpu         ] GC(174) User=0.02s Sys=0.01s Real=0.02s
[179.386s][info][gc,start       ] GC(175) Pause Young (Allocation Failure)
[179.391s][info][gc,heap        ] GC(175) PSYoungGen: 240562K(285184K)->3871K(284160K) Eden: 237056K(237056K)->0K(237568K) From: 3506K(48128K)->3871K(46592K)
[179.391s][info][gc,heap        ] GC(175) ParOldGen: 563478K(563712K)->563843K(564224K)
[179.391s][info][gc,metaspace   ] GC(175) Metaspace: 41819K(42176K)->41819K(42176K) NonClass: 39015K(39232K)->39015K(39232K) Class: 2804K(2944K)->2804K(2944K)
[179.391s][info][gc             ] GC(175) Pause Young (Allocation Failure) 785M->554M(828M) 5.387ms
[179.391s][info][gc,cpu         ] GC(175) User=0.01s Sys=0.00s Real=0.01s
[180.212s][info][gc,start       ] GC(176) Pause Young (Allocation Failure)
[180.228s][info][gc,heap        ] GC(176) PSYoungGen: 241439K(284160K)->22257K(284672K) Eden: 237568K(237568K)->0K(237568K) From: 3871K(46592K)->22257K(47104K)
[180.228s][info][gc,heap        ] GC(176) ParOldGen: 563843K(564224K)->564665K(564736K)
[180.228s][info][gc,metaspace   ] GC(176) Metaspace: 41819K(42176K)->41819K(42176K) NonClass: 39015K(39232K)->39015K(39232K) Class: 2804K(2944K)->2804K(2944K)
[180.228s][info][gc             ] GC(176) Pause Young (Allocation Failure) 786M->573M(829M) 16.524ms
[180.228s][info][gc,cpu         ] GC(176) User=0.04s Sys=0.01s Real=0.02s
[180.990s][info][gc,start       ] GC(177) Pause Young (Allocation Failure)
[181.042s][info][gc,heap        ] GC(177) PSYoungGen: 259825K(284672K)->46568K(255488K) Eden: 237568K(237568K)->0K(208896K) From: 22257K(47104K)->46568K(46592K)
[181.042s][info][gc,heap        ] GC(177) ParOldGen: 564665K(564736K)->585725K(585728K)
[181.042s][info][gc,metaspace   ] GC(177) Metaspace: 41820K(42176K)->41820K(42176K) NonClass: 39015K(39232K)->39015K(39232K) Class: 2804K(2944K)->2804K(2944K)
[181.042s][info][gc             ] GC(177) Pause Young (Allocation Failure) 805M->617M(821M) 51.358ms
[181.042s][info][gc,cpu         ] GC(177) User=0.08s Sys=0.02s Real=0.05s
[181.787s][info][gc,start       ] GC(178) Pause Young (Allocation Failure)
[181.930s][info][gc,promotion   ] GC(178) Promotion failed
[181.930s][info][gc,heap        ] GC(178) PSYoungGen: 255464K(255488K)->255464K(255488K) Eden: 208896K(208896K)->208896K(208896K) From: 46568K(46592K)->46568K(46592K)
[181.930s][info][gc,heap        ] GC(178) ParOldGen: 585725K(585728K)->667645K(667648K)
[181.930s][info][gc,metaspace   ] GC(178) Metaspace: 41820K(42176K)->41820K(42176K) NonClass: 39015K(39232K)->39015K(39232K) Class: 2804K(2944K)->2804K(2944K)
[181.930s][info][gc             ] GC(178) Pause Young (Allocation Failure) 821M->901M(901M) 142.960ms
[181.930s][info][gc,cpu         ] GC(178) User=0.19s Sys=0.07s Real=0.15s
[181.930s][info][gc,start       ] GC(179) Pause Full (Allocation Failure)
[181.930s][info][gc,phases,start] GC(179) Marking Phase
[182.017s][info][gc,phases      ] GC(179) Marking Phase 87.526ms
[182.017s][info][gc,phases,start] GC(179) Summary Phase
[182.017s][info][gc,phases      ] GC(179) Summary Phase 0.053ms
[182.017s][info][gc,phases,start] GC(179) Forward
[182.033s][info][gc,phases      ] GC(179) Forward 15.742ms
[182.033s][info][gc,phases,start] GC(179) Adjust Pointers
[182.084s][info][gc,phases      ] GC(179) Adjust Pointers 50.735ms
[182.084s][info][gc,phases,start] GC(179) Compaction Phase
[182.110s][info][gc,phases      ] GC(179) Compaction Phase 25.611ms
[182.110s][info][gc,phases,start] GC(179) Post Compact
[182.114s][info][gc,phases      ] GC(179) Post Compact 3.755ms
[182.148s][info][gc,heap        ] GC(179) PSYoungGen: 255464K(255488K)->0K(271360K) Eden: 208896K(208896K)->0K(208896K) From: 46568K(46592K)->0K(62464K)
[182.148s][info][gc,heap        ] GC(179) ParOldGen: 667645K(667648K)->125444K(248832K)
[182.148s][info][gc,metaspace   ] GC(179) Metaspace: 41820K(42176K)->41820K(42176K) NonClass: 39015K(39232K)->39015K(39232K) Class: 2804K(2944K)->2804K(2944K)
[182.148s][info][gc             ] GC(179) Pause Full (Allocation Failure) 901M->122M(508M) 218.399ms
[182.148s][info][gc,cpu         ] GC(179) User=0.30s Sys=0.04s Real=0.22s
[182.863s][info][gc,start       ] GC(180) Pause Young (Allocation Failure)
[182.919s][info][gc,heap        ] GC(180) PSYoungGen: 208896K(271360K)->62459K(232448K) Eden: 208896K(208896K)->0K(169984K) From: 0K(62464K)->62459K(62464K)
[182.919s][info][gc,heap        ] GC(180) ParOldGen: 125444K(248832K)->149162K(248832K)
[182.919s][info][gc,metaspace   ] GC(180) Metaspace: 41820K(42176K)->41820K(42176K) NonClass: 39015K(39232K)->39015K(39232K) Class: 2804K(2944K)->2804K(2944K)
[182.919s][info][gc             ] GC(180) Pause Young (Allocation Failure) 326M->206M(470M) 56.075ms
[182.920s][info][gc,cpu         ] GC(180) User=0.11s Sys=0.00s Real=0.06s
[183.476s][info][gc,start       ] GC(181) Pause Young (Allocation Failure)
[183.526s][info][gc,heap        ] GC(181) PSYoungGen: 232443K(232448K)->12384K(251904K) Eden: 169984K(169984K)->0K(169984K) From: 62459K(62464K)->12384K(81920K)
[183.526s][info][gc,heap        ] GC(181) ParOldGen: 149162K(248832K)->202106K(248832K)
[183.526s][info][gc,metaspace   ] GC(181) Metaspace: 41822K(42176K)->41822K(42176K) NonClass: 39017K(39232K)->39017K(39232K) Class: 2804K(2944K)->2804K(2944K)
[183.526s][info][gc             ] GC(181) Pause Young (Allocation Failure) 372M->209M(489M) 49.262ms
[183.526s][info][gc,cpu         ] GC(181) User=0.10s Sys=0.00s Real=0.05s
[184.152s][info][gc,start       ] GC(182) Pause Young (Allocation Failure)
[184.163s][info][gc,heap        ] GC(182) PSYoungGen: 182368K(251904K)->2653K(247296K) Eden: 169984K(169984K)->0K(172544K) From: 12384K(81920K)->2653K(74752K)
[184.163s][info][gc,heap        ] GC(182) ParOldGen: 202106K(248832K)->208587K(248832K)
[184.163s][info][gc,metaspace   ] GC(182) Metaspace: 41822K(42176K)->41822K(42176K) NonClass: 39017K(39232K)->39017K(39232K) Class: 2804K(2944K)->2804K(2944K)
[184.163s][info][gc             ] GC(182) Pause Young (Allocation Failure) 375M->206M(484M) 10.967ms
[184.163s][info][gc,cpu         ] GC(182) User=0.02s Sys=0.00s Real=0.01s
[184.749s][info][gc,start       ] GC(183) Pause Young (Allocation Failure)
[184.756s][info][gc,heap        ] GC(183) PSYoungGen: 175197K(247296K)->10469K(250880K) Eden: 172544K(172544K)->0K(172544K) From: 2653K(74752K)->10469K(78336K)
[184.756s][info][gc,heap        ] GC(183) ParOldGen: 208587K(248832K)->209222K(248832K)
[184.756s][info][gc,metaspace   ] GC(183) Metaspace: 41822K(42176K)->41822K(42176K) NonClass: 39017K(39232K)->39017K(39232K) Class: 2804K(2944K)->2804K(2944K)
[184.756s][info][gc             ] GC(183) Pause Young (Allocation Failure) 374M->214M(488M) 7.492ms
[184.756s][info][gc,cpu         ] GC(183) User=0.01s Sys=0.00s Real=0.00s
[185.305s][info][gc,start       ] GC(184) Pause Young (Allocation Failure)
[185.329s][info][gc,heap        ] GC(184) PSYoungGen: 183013K(250880K)->38949K(255488K) Eden: 172544K(172544K)->0K(180224K) From: 10469K(78336K)->38949K(75264K)
[185.329s][info][gc,heap        ] GC(184) ParOldGen: 209222K(248832K)->210137K(248832K)
[185.329s][info][gc,metaspace   ] GC(184) Metaspace: 41822K(42176K)->41822K(42176K) NonClass: 39017K(39232K)->39017K(39232K) Class: 2804K(2944K)->2804K(2944K)
[185.329s][info][gc             ] GC(184) Pause Young (Allocation Failure) 383M->243M(492M) 24.473ms
[185.329s][info][gc,cpu         ] GC(184) User=0.04s Sys=0.00s Real=0.03s
[185.914s][info][gc,start       ] GC(185) Pause Young (Allocation Failure)
[185.937s][info][gc,heap        ] GC(185) PSYoungGen: 219173K(255488K)->37010K(256000K) Eden: 180224K(180224K)->0K(180224K) From: 38949K(75264K)->37010K(75776K)
[185.937s][info][gc,heap        ] GC(185) ParOldGen: 210137K(248832K)->210613K(248832K)
[185.937s][info][gc,metaspace   ] GC(185) Metaspace: 41822K(42176K)->41822K(42176K) NonClass: 39017K(39232K)->39017K(39232K) Class: 2804K(2944K)->2804K(2944K)
[185.937s][info][gc             ] GC(185) Pause Young (Allocation Failure) 419M->241M(493M) 23.265ms
[185.937s][info][gc,cpu         ] GC(185) User=0.04s Sys=0.00s Real=0.02s
[186.512s][info][gc,start       ] GC(186) Pause Young (Allocation Failure)
[186.518s][info][gc,heap        ] GC(186) PSYoungGen: 217234K(256000K)->6973K(254976K) Eden: 180224K(180224K)->0K(182784K) From: 37010K(75776K)->6973K(72192K)
[186.518s][info][gc,heap        ] GC(186) ParOldGen: 210613K(248832K)->211054K(248832K)
[186.518s][info][gc,metaspace   ] GC(186) Metaspace: 41822K(42176K)->41822K(42176K) NonClass: 39017K(39232K)->39017K(39232K) Class: 2804K(2944K)->2804K(2944K)
[186.518s][info][gc             ] GC(186) Pause Young (Allocation Failure) 417M->212M(492M) 5.930ms
[186.518s][info][gc,cpu         ] GC(186) User=0.01s Sys=0.00s Real=0.01s
[187.034s][info][gc,start       ] GC(187) Pause Young (Allocation Failure)
[187.048s][info][gc,heap        ] GC(187) PSYoungGen: 189757K(254976K)->20408K(256512K) Eden: 182784K(182784K)->0K(182784K) From: 6973K(72192K)->20408K(73728K)
[187.048s][info][gc,heap        ] GC(187) ParOldGen: 211054K(248832K)->213512K(248832K)
[187.048s][info][gc,metaspace   ] GC(187) Metaspace: 41823K(42176K)->41823K(42176K) NonClass: 39019K(39232K)->39019K(39232K) Class: 2804K(2944K)->2804K(2944K)
[187.048s][info][gc             ] GC(187) Pause Young (Allocation Failure) 391M->228M(493M) 14.443ms
[187.048s][info][gc,cpu         ] GC(187) User=0.02s Sys=0.00s Real=0.02s
[187.616s][info][gc,start       ] GC(188) Pause Young (Allocation Failure)
[187.627s][info][gc,heap        ] GC(188) PSYoungGen: 203192K(256512K)->1178K(257536K) Eden: 182784K(182784K)->0K(188416K) From: 20408K(73728K)->1178K(69120K)
[187.627s][info][gc,heap        ] GC(188) ParOldGen: 213512K(248832K)->233004K(248832K)
[187.627s][info][gc,metaspace   ] GC(188) Metaspace: 41823K(42176K)->41823K(42176K) NonClass: 39019K(39232K)->39019K(39232K) Class: 2804K(2944K)->2804K(2944K)
[187.627s][info][gc             ] GC(188) Pause Young (Allocation Failure) 406M->228M(494M) 10.905ms
[187.627s][info][gc,cpu         ] GC(188) User=0.02s Sys=0.00s Real=0.01s
[188.178s][info][gc,start       ] GC(189) Pause Young (Allocation Failure)
[188.182s][info][gc,heap        ] GC(189) PSYoungGen: 189594K(257536K)->3699K(257024K) Eden: 188416K(188416K)->0K(188416K) From: 1178K(69120K)->3699K(68608K)
[188.183s][info][gc,heap        ] GC(189) ParOldGen: 233004K(248832K)->233020K(248832K)
[188.183s][info][gc,metaspace   ] GC(189) Metaspace: 41827K(42176K)->41827K(42176K) NonClass: 39023K(39232K)->39023K(39232K) Class: 2804K(2944K)->2804K(2944K)
[188.183s][info][gc             ] GC(189) Pause Young (Allocation Failure) 412M->231M(494M) 4.229ms
[188.183s][info][gc,cpu         ] GC(189) User=0.00s Sys=0.00s Real=0.00s
[188.490s][info][gc,start       ] GC(190) Pause Young (Allocation Failure)
[188.494s][info][gc,heap        ] GC(190) PSYoungGen: 192115K(257024K)->1902K(263168K) Eden: 188416K(188416K)->0K(198144K) From: 3699K(68608K)->1902K(65024K)
[188.494s][info][gc,heap        ] GC(190) ParOldGen: 233020K(248832K)->235067K(248832K)
[188.494s][info][gc,metaspace   ] GC(190) Metaspace: 41827K(42176K)->41827K(42176K) NonClass: 39023K(39232K)->39023K(39232K) Class: 2804K(2944K)->2804K(2944K)
[188.494s][info][gc             ] GC(190) Pause Young (Allocation Failure) 415M->231M(500M) 3.926ms
[188.494s][info][gc,cpu         ] GC(190) User=0.00s Sys=0.00s Real=0.00s
[188.816s][info][gc,start       ] GC(191) Pause Young (Allocation Failure)
[188.820s][info][gc,heap        ] GC(191) PSYoungGen: 200046K(263168K)->3470K(263168K) Eden: 198144K(198144K)->0K(198144K) From: 1902K(65024K)->3470K(65024K)
[188.820s][info][gc,heap        ] GC(191) ParOldGen: 235067K(248832K)->235179K(248832K)
[188.820s][info][gc,metaspace   ] GC(191) Metaspace: 41827K(42176K)->41827K(42176K) NonClass: 39023K(39232K)->39023K(39232K) Class: 2804K(2944K)->2804K(2944K)
[188.820s][info][gc             ] GC(191) Pause Young (Allocation Failure) 424M->233M(500M) 3.923ms
[188.820s][info][gc,cpu         ] GC(191) User=0.00s Sys=0.00s Real=0.01s
[189.184s][info][gc,start       ] GC(192) Pause Young (Allocation Failure)
[189.199s][info][gc,heap        ] GC(192) PSYoungGen: 200692K(263168K)->10544K(263680K) Eden: 197221K(198144K)->0K(205824K) From: 3470K(65024K)->10544K(57856K)
[189.199s][info][gc,heap        ] GC(192) ParOldGen: 235179K(248832K)->235431K(248832K)
[189.199s][info][gc,metaspace   ] GC(192) Metaspace: 41856K(42240K)->41856K(42240K) NonClass: 39052K(39296K)->39052K(39296K) Class: 2804K(2944K)->2804K(2944K)
[189.199s][info][gc             ] GC(192) Pause Young (Allocation Failure) 425M->240M(500M) 15.009ms
[189.199s][info][gc,cpu         ] GC(192) User=0.02s Sys=0.01s Real=0.02s
[189.464s][info][gc,start       ] GC(193) Pause Young (Allocation Failure)
[189.474s][info][gc,heap        ] GC(193) PSYoungGen: 215443K(263680K)->1564K(265216K) Eden: 204898K(205824K)->0K(205824K) From: 10544K(57856K)->1564K(59392K)
[189.474s][info][gc,heap        ] GC(193) ParOldGen: 235431K(248832K)->245782K(248832K)
[189.474s][info][gc,metaspace   ] GC(193) Metaspace: 41856K(42240K)->41856K(42240K) NonClass: 39052K(39296K)->39052K(39296K) Class: 2804K(2944K)->2804K(2944K)
[189.474s][info][gc             ] GC(193) Pause Young (Allocation Failure) 440M->241M(502M) 10.302ms
[189.474s][info][gc,cpu         ] GC(193) User=0.02s Sys=0.00s Real=0.01s
[189.753s][info][gc,start       ] GC(194) Pause Young (Allocation Failure)
[189.759s][info][gc,heap        ] GC(194) PSYoungGen: 207388K(265216K)->2881K(269824K) Eden: 205824K(205824K)->0K(217088K) From: 1564K(59392K)->2881K(52736K)
[189.759s][info][gc,heap        ] GC(194) ParOldGen: 245782K(248832K)->247295K(248832K)
[189.759s][info][gc,metaspace   ] GC(194) Metaspace: 41857K(42240K)->41857K(42240K) NonClass: 39052K(39296K)->39052K(39296K) Class: 2804K(2944K)->2804K(2944K)
[189.759s][info][gc             ] GC(194) Pause Young (Allocation Failure) 442M->244M(506M) 5.322ms
[189.759s][info][gc,cpu         ] GC(194) User=0.01s Sys=0.00s Real=0.01s
[190.070s][info][gc,start       ] GC(195) Pause Young (Allocation Failure)
[190.087s][info][gc,heap        ] GC(195) PSYoungGen: 219969K(269824K)->7067K(271872K) Eden: 217088K(217088K)->0K(217088K) From: 2881K(52736K)->7067K(54784K)
[190.087s][info][gc,heap        ] GC(195) ParOldGen: 247295K(248832K)->250151K(250368K)
[190.087s][info][gc,metaspace   ] GC(195) Metaspace: 41858K(42240K)->41858K(42240K) NonClass: 39053K(39296K)->39053K(39296K) Class: 2804K(2944K)->2804K(2944K)
[190.087s][info][gc             ] GC(195) Pause Young (Allocation Failure) 456M->251M(510M) 17.758ms
[190.087s][info][gc,cpu         ] GC(195) User=0.03s Sys=0.00s Real=0.01s
[190.381s][info][gc,start       ] GC(196) Pause Young (Allocation Failure)
[190.394s][info][gc,heap        ] GC(196) PSYoungGen: 224155K(271872K)->5540K(274944K) Eden: 217088K(217088K)->0K(227328K) From: 7067K(54784K)->5540K(47616K)
[190.394s][info][gc,heap        ] GC(196) ParOldGen: 250151K(250368K)->255129K(255488K)
[190.394s][info][gc,metaspace   ] GC(196) Metaspace: 41858K(42240K)->41858K(42240K) NonClass: 39053K(39296K)->39053K(39296K) Class: 2804K(2944K)->2804K(2944K)
[190.394s][info][gc             ] GC(196) Pause Young (Allocation Failure) 463M->254M(518M) 13.168ms
[190.394s][info][gc,cpu         ] GC(196) User=0.02s Sys=0.01s Real=0.01s
[190.720s][info][gc,start       ] GC(197) Pause Young (Allocation Failure)
[190.732s][info][gc,heap        ] GC(197) PSYoungGen: 232642K(274944K)->6734K(276480K) Eden: 227101K(227328K)->0K(227328K) From: 5540K(47616K)->6734K(49152K)
[190.733s][info][gc,heap        ] GC(197) ParOldGen: 255129K(255488K)->258591K(259072K)
[190.733s][info][gc,metaspace   ] GC(197) Metaspace: 41859K(42240K)->41859K(42240K) NonClass: 39054K(39296K)->39054K(39296K) Class: 2804K(2944K)->2804K(2944K)
[190.733s][info][gc             ] GC(197) Pause Young (Allocation Failure) 476M->259M(523M) 12.546ms
[190.733s][info][gc,cpu         ] GC(197) User=0.03s Sys=0.00s Real=0.01s
[191.047s][info][gc,start       ] GC(198) Pause Young (Allocation Failure)
[191.062s][info][gc,heap        ] GC(198) PSYoungGen: 234062K(276480K)->4736K(280576K) Eden: 227328K(227328K)->0K(238080K) From: 6734K(49152K)->4736K(42496K)
[191.062s][info][gc,heap        ] GC(198) ParOldGen: 258591K(259072K)->265408K(265728K)
[191.062s][info][gc,metaspace   ] GC(198) Metaspace: 41860K(42240K)->41860K(42240K) NonClass: 39056K(39296K)->39056K(39296K) Class: 2804K(2944K)->2804K(2944K)
[191.062s][info][gc             ] GC(198) Pause Young (Allocation Failure) 481M->263M(533M) 15.137ms
[191.062s][info][gc,cpu         ] GC(198) User=0.03s Sys=0.00s Real=0.02s
[191.570s][info][gc,start       ] GC(199) Pause Young (Allocation Failure)
[191.588s][info][gc,heap        ] GC(199) PSYoungGen: 242816K(280576K)->14352K(282112K) Eden: 238080K(238080K)->0K(238080K) From: 4736K(42496K)->14352K(44032K)
[191.589s][info][gc,heap        ] GC(199) ParOldGen: 265408K(265728K)->269865K(270336K)
[191.589s][info][gc,metaspace   ] GC(199) Metaspace: 41938K(42304K)->41938K(42304K) NonClass: 39134K(39360K)->39134K(39360K) Class: 2804K(2944K)->2804K(2944K)
[191.589s][info][gc             ] GC(199) Pause Young (Allocation Failure) 496M->277M(539M) 18.499ms
[191.589s][info][gc,cpu         ] GC(199) User=0.03s Sys=0.01s Real=0.02s
[192.164s][info][gc,start       ] GC(200) Pause Young (Allocation Failure)
[192.184s][info][gc,heap        ] GC(200) PSYoungGen: 252432K(282112K)->2424K(287232K) Eden: 238080K(238080K)->0K(247808K) From: 14352K(44032K)->2424K(39424K)
[192.184s][info][gc,heap        ] GC(200) ParOldGen: 269865K(270336K)->283797K(284160K)
[192.184s][info][gc,metaspace   ] GC(200) Metaspace: 41953K(42304K)->41953K(42304K) NonClass: 39149K(39360K)->39149K(39360K) Class: 2804K(2944K)->2804K(2944K)
[192.184s][info][gc             ] GC(200) Pause Young (Allocation Failure) 510M->279M(558M) 19.601ms
[192.184s][info][gc,cpu         ] GC(200) User=0.02s Sys=0.01s Real=0.02s
[192.745s][info][gc,start       ] GC(201) Pause Young (Allocation Failure)
[192.750s][info][gc,heap        ] GC(201) PSYoungGen: 250232K(287232K)->4455K(288256K) Eden: 247808K(247808K)->0K(247808K) From: 2424K(39424K)->4455K(40448K)
[192.750s][info][gc,heap        ] GC(201) ParOldGen: 283797K(284160K)->284471K(284672K)
[192.750s][info][gc,metaspace   ] GC(201) Metaspace: 41956K(42304K)->41956K(42304K) NonClass: 39151K(39360K)->39151K(39360K) Class: 2804K(2944K)->2804K(2944K)
[192.750s][info][gc             ] GC(201) Pause Young (Allocation Failure) 521M->282M(559M) 5.269ms
[192.750s][info][gc,cpu         ] GC(201) User=0.01s Sys=0.00s Real=0.01s
[193.318s][info][gc,start       ] GC(202) Pause Young (Allocation Failure)
[193.322s][info][gc,heap        ] GC(202) PSYoungGen: 252263K(288256K)->3600K(291328K) Eden: 247808K(247808K)->0K(254976K) From: 4455K(40448K)->3600K(36352K)
[193.322s][info][gc,heap        ] GC(202) ParOldGen: 284471K(284672K)->284487K(284672K)
[193.322s][info][gc,metaspace   ] GC(202) Metaspace: 41961K(42304K)->41961K(42304K) NonClass: 39157K(39360K)->39157K(39360K) Class: 2804K(2944K)->2804K(2944K)
[193.322s][info][gc             ] GC(202) Pause Young (Allocation Failure) 524M->281M(562M) 4.221ms
[193.322s][info][gc,cpu         ] GC(202) User=0.01s Sys=0.00s Real=0.00s
[193.943s][info][gc,start       ] GC(203) Pause Young (Allocation Failure)
[193.947s][info][gc,heap        ] GC(203) PSYoungGen: 258576K(291328K)->4478K(291840K) Eden: 254976K(254976K)->0K(254976K) From: 3600K(36352K)->4478K(36864K)
[193.947s][info][gc,heap        ] GC(203) ParOldGen: 284487K(284672K)->284535K(284672K)
[193.947s][info][gc,metaspace   ] GC(203) Metaspace: 41969K(42368K)->41969K(42368K) NonClass: 39164K(39424K)->39164K(39424K) Class: 2805K(2944K)->2805K(2944K)
[193.947s][info][gc             ] GC(203) Pause Young (Allocation Failure) 530M->282M(563M) 4.677ms
[193.947s][info][gc,cpu         ] GC(203) User=0.00s Sys=0.00s Real=0.00s
[194.565s][info][gc,start       ] GC(204) Pause Young (Allocation Failure)
[194.571s][info][gc,heap        ] GC(204) PSYoungGen: 259454K(291840K)->5530K(294400K) Eden: 254976K(254976K)->0K(262144K) From: 4478K(36864K)->5530K(32256K)
[194.571s][info][gc,heap        ] GC(204) ParOldGen: 284535K(284672K)->285572K(285696K)
[194.571s][info][gc,metaspace   ] GC(204) Metaspace: 41974K(42368K)->41974K(42368K) NonClass: 39169K(39424K)->39169K(39424K) Class: 2805K(2944K)->2805K(2944K)
[194.571s][info][gc             ] GC(204) Pause Young (Allocation Failure) 531M->284M(566M) 5.594ms
[194.571s][info][gc,cpu         ] GC(204) User=0.01s Sys=0.00s Real=0.01s
[195.697s][info][gc,start       ] GC(205) Pause Young (Allocation Failure)
[195.702s][info][gc,heap        ] GC(205) PSYoungGen: 266209K(294400K)->896K(294912K) Eden: 260678K(262144K)->0K(262144K) From: 5530K(32256K)->896K(32768K)
[195.702s][info][gc,heap        ] GC(205) ParOldGen: 285572K(285696K)->285732K(286208K)
[195.702s][info][gc,metaspace   ] GC(205) Metaspace: 42031K(42432K)->42031K(42432K) NonClass: 39226K(39488K)->39226K(39488K) Class: 2805K(2944K)->2805K(2944K)
[195.702s][info][gc             ] GC(205) Pause Young (Allocation Failure) 538M->279M(567M) 4.530ms
[195.702s][info][gc,cpu         ] GC(205) User=0.01s Sys=0.00s Real=0.01s
[196.549s][info][gc,start       ] GC(206) Pause Young (Allocation Failure)
[196.581s][info][gc,heap        ] GC(206) PSYoungGen: 263040K(294912K)->29770K(290304K) Eden: 262144K(262144K)->0K(259072K) From: 896K(32768K)->29770K(31232K)
[196.581s][info][gc,heap        ] GC(206) ParOldGen: 285732K(286208K)->286572K(286720K)
[196.581s][info][gc,metaspace   ] GC(206) Metaspace: 42062K(42496K)->42062K(42496K) NonClass: 39257K(39552K)->39257K(39552K) Class: 2805K(2944K)->2805K(2944K)
[196.581s][info][gc             ] GC(206) Pause Young (Allocation Failure) 535M->308M(563M) 31.604ms
[196.581s][info][gc,cpu         ] GC(206) User=0.05s Sys=0.00s Real=0.03s
[197.248s][info][gc,start       ] GC(207) Pause Young (Allocation Failure)
[197.317s][info][gc,heap        ] GC(207) PSYoungGen: 288842K(290304K)->28792K(288256K) Eden: 259072K(259072K)->0K(259072K) From: 29770K(31232K)->28792K(29184K)
[197.317s][info][gc,heap        ] GC(207) ParOldGen: 286572K(286720K)->315612K(315904K)
[197.317s][info][gc,metaspace   ] GC(207) Metaspace: 42062K(42496K)->42062K(42496K) NonClass: 39257K(39552K)->39257K(39552K) Class: 2805K(2944K)->2805K(2944K)
[197.317s][info][gc             ] GC(207) Pause Young (Allocation Failure) 561M->336M(590M) 69.743ms
[197.317s][info][gc,cpu         ] GC(207) User=0.11s Sys=0.02s Real=0.07s
[198.059s][info][gc,start       ] GC(208) Pause Young (Allocation Failure)
[198.121s][info][gc,heap        ] GC(208) PSYoungGen: 287864K(288256K)->28416K(285184K) Eden: 259072K(259072K)->0K(243712K) From: 28792K(29184K)->28416K(41472K)
[198.121s][info][gc,heap        ] GC(208) ParOldGen: 315612K(315904K)->342784K(343040K)
[198.121s][info][gc,metaspace   ] GC(208) Metaspace: 42063K(42496K)->42063K(42496K) NonClass: 39258K(39552K)->39258K(39552K) Class: 2805K(2944K)->2805K(2944K)
[198.121s][info][gc             ] GC(208) Pause Young (Allocation Failure) 589M->362M(613M) 61.941ms
[198.121s][info][gc,cpu         ] GC(208) User=0.10s Sys=0.02s Real=0.06s
[201.760s][info][gc,start       ] GC(209) Pause Young (GCLocker Initiated GC)
[201.812s][info][gc,heap        ] GC(209) PSYoungGen: 272128K(285184K)->14596K(288768K) Eden: 243712K(243712K)->0K(243712K) From: 28416K(41472K)->14596K(45056K)
[201.812s][info][gc,heap        ] GC(209) ParOldGen: 342997K(343040K)->371590K(371712K)
[201.812s][info][gc,metaspace   ] GC(209) Metaspace: 42104K(42496K)->42104K(42496K) NonClass: 39299K(39552K)->39299K(39552K) Class: 2805K(2944K)->2805K(2944K)
[201.812s][info][gc             ] GC(209) Pause Young (GCLocker Initiated GC) 600M->377M(645M) 52.022ms
[201.812s][info][gc,cpu         ] GC(209) User=0.09s Sys=0.02s Real=0.05s
[202.667s][info][gc,start       ] GC(210) Pause Young (Allocation Failure)
[202.699s][info][gc,heap        ] GC(210) PSYoungGen: 258308K(288768K)->17567K(283648K) Eden: 243712K(243712K)->0K(246784K) From: 14596K(45056K)->17567K(36864K)
[202.699s][info][gc,heap        ] GC(210) ParOldGen: 371590K(371712K)->385670K(386048K)
[202.699s][info][gc,metaspace   ] GC(210) Metaspace: 42135K(42496K)->42135K(42496K) NonClass: 39330K(39552K)->39330K(39552K) Class: 2805K(2944K)->2805K(2944K)
[202.699s][info][gc             ] GC(210) Pause Young (Allocation Failure) 615M->393M(654M) 32.683ms
[202.699s][info][gc,cpu         ] GC(210) User=0.06s Sys=0.01s Real=0.04s
[203.315s][info][gc,start       ] GC(211) Pause Young (Allocation Failure)
[203.369s][info][gc,heap        ] GC(211) PSYoungGen: 264351K(283648K)->30488K(287744K) Eden: 246784K(246784K)->0K(246784K) From: 17567K(36864K)->30488K(40960K)
[203.369s][info][gc,heap        ] GC(211) ParOldGen: 385670K(386048K)->402850K(402944K)
[203.369s][info][gc,metaspace   ] GC(211) Metaspace: 42135K(42496K)->42135K(42496K) NonClass: 39330K(39552K)->39330K(39552K) Class: 2805K(2944K)->2805K(2944K)
[203.369s][info][gc             ] GC(211) Pause Young (Allocation Failure) 634M->423M(674M) 53.346ms
[203.369s][info][gc,cpu         ] GC(211) User=0.09s Sys=0.01s Real=0.06s
[203.984s][info][gc,start       ] GC(212) Pause Young (Allocation Failure)
[204.051s][info][gc,heap        ] GC(212) PSYoungGen: 277272K(287744K)->30752K(284160K) Eden: 246784K(246784K)->0K(239616K) From: 30488K(40960K)->30752K(44544K)
[204.051s][info][gc,heap        ] GC(212) ParOldGen: 402850K(402944K)->431914K(432128K)
[204.051s][info][gc,metaspace   ] GC(212) Metaspace: 42135K(42496K)->42135K(42496K) NonClass: 39330K(39552K)->39330K(39552K) Class: 2805K(2944K)->2805K(2944K)
[204.051s][info][gc             ] GC(212) Pause Young (Allocation Failure) 664M->451M(699M) 66.942ms
[204.051s][info][gc,cpu         ] GC(212) User=0.11s Sys=0.02s Real=0.07s
[205.574s][info][gc,start       ] GC(213) Pause Young (Allocation Failure)
[205.646s][info][gc,heap        ] GC(213) PSYoungGen: 270368K(284160K)->15408K(286720K) Eden: 239616K(239616K)->0K(239616K) From: 30752K(44544K)->15408K(47104K)
[205.646s][info][gc,heap        ] GC(213) ParOldGen: 431914K(432128K)->462907K(463360K)
[205.646s][info][gc,metaspace   ] GC(213) Metaspace: 42135K(42496K)->42135K(42496K) NonClass: 39330K(39552K)->39330K(39552K) Class: 2805K(2944K)->2805K(2944K)
[205.646s][info][gc             ] GC(213) Pause Young (Allocation Failure) 685M->467M(732M) 71.671ms
[205.646s][info][gc,cpu         ] GC(213) User=0.13s Sys=0.01s Real=0.07s
[206.769s][info][gc,start       ] GC(214) Pause Young (Allocation Failure)
[206.795s][info][gc,heap        ] GC(214) PSYoungGen: 255024K(286720K)->7647K(283648K) Eden: 239616K(239616K)->0K(242176K) From: 15408K(47104K)->7647K(41472K)
[206.795s][info][gc,heap        ] GC(214) ParOldGen: 462907K(463360K)->477587K(477696K)
[206.795s][info][gc,metaspace   ] GC(214) Metaspace: 42135K(42496K)->42135K(42496K) NonClass: 39330K(39552K)->39330K(39552K) Class: 2805K(2944K)->2805K(2944K)
[206.795s][info][gc             ] GC(214) Pause Young (Allocation Failure) 701M->473M(743M) 25.682ms
[206.795s][info][gc,cpu         ] GC(214) User=0.04s Sys=0.01s Real=0.02s
[208.148s][info][gc,start       ] GC(215) Pause Young (Allocation Failure)
[208.180s][info][gc,heap        ] GC(215) PSYoungGen: 249823K(283648K)->25603K(285184K) Eden: 242176K(242176K)->0K(242176K) From: 7647K(41472K)->25603K(43008K)
[208.180s][info][gc,heap        ] GC(215) ParOldGen: 477587K(477696K)->485186K(485376K)
[208.180s][info][gc,metaspace   ] GC(215) Metaspace: 42143K(42560K)->42143K(42560K) NonClass: 39338K(39616K)->39338K(39616K) Class: 2805K(2944K)->2805K(2944K)
[208.180s][info][gc             ] GC(215) Pause Young (Allocation Failure) 710M->498M(752M) 31.941ms
[208.180s][info][gc,cpu         ] GC(215) User=0.06s Sys=0.00s Real=0.03s
[209.532s][info][gc,start       ] GC(216) Pause Young (Allocation Failure)
[209.588s][info][gc,heap        ] GC(216) PSYoungGen: 267779K(285184K)->21301K(289792K) Eden: 242176K(242176K)->0K(246784K) From: 25603K(43008K)->21301K(43008K)
[209.588s][info][gc,heap        ] GC(216) ParOldGen: 485186K(485376K)->510620K(510976K)
[209.588s][info][gc,metaspace   ] GC(216) Metaspace: 42143K(42560K)->42143K(42560K) NonClass: 39338K(39616K)->39338K(39616K) Class: 2805K(2944K)->2805K(2944K)
[209.588s][info][gc             ] GC(216) Pause Young (Allocation Failure) 735M->519M(782M) 56.215ms
[209.588s][info][gc,cpu         ] GC(216) User=0.09s Sys=0.02s Real=0.06s
[210.886s][info][gc,start       ] GC(217) Pause Young (Allocation Failure)
[210.934s][info][gc,heap        ] GC(217) PSYoungGen: 268085K(289792K)->28890K(275968K) Eden: 246784K(246784K)->0K(246784K) From: 21301K(43008K)->28890K(29184K)
[210.934s][info][gc,heap        ] GC(217) ParOldGen: 510620K(510976K)->532082K(532480K)
[210.934s][info][gc,metaspace   ] GC(217) Metaspace: 42143K(42560K)->42143K(42560K) NonClass: 39338K(39616K)->39338K(39616K) Class: 2805K(2944K)->2805K(2944K)
[210.934s][info][gc             ] GC(217) Pause Young (Allocation Failure) 760M->547M(789M) 48.708ms
[210.934s][info][gc,cpu         ] GC(217) User=0.07s Sys=0.02s Real=0.05s
[211.534s][info][gc,start       ] GC(218) Pause Young (Allocation Failure)
[211.598s][info][gc,heap        ] GC(218) PSYoungGen: 275674K(275968K)->30604K(285184K) Eden: 246784K(246784K)->0K(240640K) From: 28890K(29184K)->30604K(44544K)
[211.598s][info][gc,heap        ] GC(218) ParOldGen: 532082K(532480K)->561068K(561152K)
[211.598s][info][gc,metaspace   ] GC(218) Metaspace: 42143K(42560K)->42143K(42560K) NonClass: 39338K(39616K)->39338K(39616K) Class: 2805K(2944K)->2805K(2944K)
[211.598s][info][gc             ] GC(218) Pause Young (Allocation Failure) 788M->577M(826M) 64.114ms
[211.598s][info][gc,cpu         ] GC(218) User=0.10s Sys=0.02s Real=0.07s
[212.157s][info][gc,start       ] GC(219) Pause Young (Allocation Failure)
[212.227s][info][gc,heap        ] GC(219) PSYoungGen: 271244K(285184K)->29240K(270336K) Eden: 240640K(240640K)->0K(240640K) From: 30604K(44544K)->29240K(29696K)
[212.227s][info][gc,heap        ] GC(219) ParOldGen: 561068K(561152K)->590959K(591360K)
[212.227s][info][gc,metaspace   ] GC(219) Metaspace: 42143K(42560K)->42143K(42560K) NonClass: 39338K(39616K)->39338K(39616K) Class: 2805K(2944K)->2805K(2944K)
[212.227s][info][gc             ] GC(219) Pause Young (Allocation Failure) 812M->605M(841M) 69.986ms
[212.227s][info][gc,cpu         ] GC(219) User=0.12s Sys=0.02s Real=0.07s
[213.010s][info][gc,start       ] GC(220) Pause Young (Allocation Failure)
[213.088s][info][gc,heap        ] GC(220) PSYoungGen: 269880K(270336K)->41714K(275968K) Eden: 240640K(240640K)->0K(228352K) From: 29240K(29696K)->41714K(47616K)
[213.088s][info][gc,heap        ] GC(220) ParOldGen: 590959K(591360K)->618496K(619008K)
[213.088s][info][gc,metaspace   ] GC(220) Metaspace: 42143K(42560K)->42143K(42560K) NonClass: 39338K(39616K)->39338K(39616K) Class: 2805K(2944K)->2805K(2944K)
[213.088s][info][gc             ] GC(220) Pause Young (Allocation Failure) 840M->644M(874M) 78.219ms
[213.088s][info][gc,cpu         ] GC(220) User=0.13s Sys=0.01s Real=0.08s
[214.548s][info][gc,start       ] GC(221) Pause Young (Allocation Failure)
[214.586s][info][gc,heap        ] GC(221) PSYoungGen: 270066K(275968K)->7918K(281088K) Eden: 228352K(228352K)->0K(228352K) From: 41714K(47616K)->7918K(52736K)
[214.586s][info][gc,heap        ] GC(221) ParOldGen: 618496K(619008K)->646061K(646144K)
[214.586s][info][gc,metaspace   ] GC(221) Metaspace: 42143K(42560K)->42143K(42560K) NonClass: 39338K(39616K)->39338K(39616K) Class: 2805K(2944K)->2805K(2944K)
[214.586s][info][gc             ] GC(221) Pause Young (Allocation Failure) 867M->638M(905M) 37.709ms
[214.586s][info][gc,cpu         ] GC(221) User=0.05s Sys=0.02s Real=0.03s
[215.771s][info][gc,start       ] GC(222) Pause Full (Allocation Failure)
[215.771s][info][gc,phases,start] GC(222) Marking Phase
[215.823s][info][gc,phases      ] GC(222) Marking Phase 51.875ms
[215.823s][info][gc,phases,start] GC(222) Summary Phase
[215.823s][info][gc,phases      ] GC(222) Summary Phase 0.031ms
[215.823s][info][gc,phases,start] GC(222) Forward
[215.829s][info][gc,phases      ] GC(222) Forward 5.565ms
[215.829s][info][gc,phases,start] GC(222) Adjust Pointers
[215.857s][info][gc,phases      ] GC(222) Adjust Pointers 28.328ms
[215.857s][info][gc,phases,start] GC(222) Compaction Phase
[215.865s][info][gc,phases      ] GC(222) Compaction Phase 7.678ms
[215.865s][info][gc,phases,start] GC(222) Post Compact
[215.868s][info][gc,phases      ] GC(222) Post Compact 2.663ms
[215.905s][info][gc,heap        ] GC(222) PSYoungGen: 236270K(281088K)->0K(280576K) Eden: 228352K(228352K)->0K(228864K) From: 7918K(52736K)->0K(51712K)
[215.905s][info][gc,heap        ] GC(222) ParOldGen: 646061K(646144K)->62834K(197632K)
[215.905s][info][gc,metaspace   ] GC(222) Metaspace: 42143K(42560K)->42143K(42560K) NonClass: 39338K(39616K)->39338K(39616K) Class: 2805K(2944K)->2805K(2944K)
[215.905s][info][gc             ] GC(222) Pause Full (Allocation Failure) 861M->61M(467M) 133.927ms
[215.905s][info][gc,cpu         ] GC(222) User=0.14s Sys=0.04s Real=0.13s
[217.128s][info][gc,start       ] GC(223) Pause Young (Allocation Failure)
[217.151s][info][gc,heap        ] GC(223) PSYoungGen: 228864K(280576K)->22907K(251904K) Eden: 228864K(228864K)->0K(228864K) From: 0K(51712K)->22907K(23040K)
[217.151s][info][gc,heap        ] GC(223) ParOldGen: 62834K(197632K)->62834K(197632K)
[217.151s][info][gc,metaspace   ] GC(223) Metaspace: 42144K(42560K)->42144K(42560K) NonClass: 39339K(39616K)->39339K(39616K) Class: 2805K(2944K)->2805K(2944K)
[217.151s][info][gc             ] GC(223) Pause Young (Allocation Failure) 284M->83M(439M) 22.856ms
[217.151s][info][gc,cpu         ] GC(223) User=0.04s Sys=0.00s Real=0.02s
[218.474s][info][gc,start       ] GC(224) Pause Young (Allocation Failure)
[218.511s][info][gc,heap        ] GC(224) PSYoungGen: 251771K(251904K)->22331K(282112K) Eden: 228864K(228864K)->0K(232448K) From: 22907K(23040K)->22331K(49664K)
[218.511s][info][gc,heap        ] GC(224) ParOldGen: 62834K(197632K)->85833K(197632K)
[218.511s][info][gc,metaspace   ] GC(224) Metaspace: 42145K(42560K)->42145K(42560K) NonClass: 39340K(39616K)->39340K(39616K) Class: 2805K(2944K)->2805K(2944K)
[218.511s][info][gc             ] GC(224) Pause Young (Allocation Failure) 307M->105M(468M) 37.182ms
[218.511s][info][gc,cpu         ] GC(224) User=0.07s Sys=0.00s Real=0.04s
[219.622s][info][gc,start       ] GC(225) Pause Young (Allocation Failure)
[219.659s][info][gc,heap        ] GC(225) PSYoungGen: 254779K(282112K)->24980K(279552K) Eden: 232448K(232448K)->0K(232448K) From: 22331K(49664K)->24980K(47104K)
[219.659s][info][gc,heap        ] GC(225) ParOldGen: 85833K(197632K)->108113K(197632K)
[219.659s][info][gc,metaspace   ] GC(225) Metaspace: 42149K(42560K)->42149K(42560K) NonClass: 39343K(39616K)->39343K(39616K) Class: 2805K(2944K)->2805K(2944K)
[219.659s][info][gc             ] GC(225) Pause Young (Allocation Failure) 332M->129M(466M) 37.063ms
[219.659s][info][gc,cpu         ] GC(225) User=0.07s Sys=0.00s Real=0.04s
[220.768s][info][gc,start       ] GC(226) Pause Young (Allocation Failure)
[220.790s][info][gc,heap        ] GC(226) PSYoungGen: 257428K(279552K)->12247K(284160K) Eden: 232448K(232448K)->0K(238080K) From: 24980K(47104K)->12247K(46080K)
[220.790s][info][gc,heap        ] GC(226) ParOldGen: 108113K(197632K)->124922K(197632K)
[220.790s][info][gc,metaspace   ] GC(226) Metaspace: 42160K(42560K)->42160K(42560K) NonClass: 39355K(39616K)->39355K(39616K) Class: 2805K(2944K)->2805K(2944K)
[220.790s][info][gc             ] GC(226) Pause Young (Allocation Failure) 356M->133M(470M) 22.108ms
[220.790s][info][gc,cpu         ] GC(226) User=0.03s Sys=0.00s Real=0.02s
[221.664s][info][gc,start       ] GC(227) Pause Young (Allocation Failure)
[221.679s][info][gc,heap        ] GC(227) PSYoungGen: 250327K(284160K)->18812K(283136K) Eden: 238080K(238080K)->0K(238080K) From: 12247K(46080K)->18812K(45056K)
[221.679s][info][gc,heap        ] GC(227) ParOldGen: 124922K(197632K)->125642K(197632K)
[221.679s][info][gc,metaspace   ] GC(227) Metaspace: 42160K(42560K)->42160K(42560K) NonClass: 39355K(39616K)->39355K(39616K) Class: 2805K(2944K)->2805K(2944K)
[221.679s][info][gc             ] GC(227) Pause Young (Allocation Failure) 366M->141M(469M) 15.077ms
[221.679s][info][gc,cpu         ] GC(227) User=0.03s Sys=0.00s Real=0.02s
[222.660s][info][gc,start       ] GC(228) Pause Young (Allocation Failure)
[222.669s][info][gc,heap        ] GC(228) PSYoungGen: 256892K(283136K)->4980K(285184K) Eden: 238080K(238080K)->0K(242176K) From: 18812K(45056K)->4980K(43008K)
[222.669s][info][gc,heap        ] GC(228) ParOldGen: 125642K(197632K)->126850K(197632K)
[222.669s][info][gc,metaspace   ] GC(228) Metaspace: 42171K(42560K)->42171K(42560K) NonClass: 39366K(39616K)->39366K(39616K) Class: 2805K(2944K)->2805K(2944K)
[222.669s][info][gc             ] GC(228) Pause Young (Allocation Failure) 373M->128M(471M) 9.756ms
[222.669s][info][gc,cpu         ] GC(228) User=0.02s Sys=0.00s Real=0.01s
[223.521s][info][gc,start       ] GC(229) Pause Young (Allocation Failure)
[223.526s][info][gc,heap        ] GC(229) PSYoungGen: 246517K(285184K)->1475K(285696K) Eden: 241537K(242176K)->0K(242176K) From: 4980K(43008K)->1475K(43520K)
[223.526s][info][gc,heap        ] GC(229) ParOldGen: 126850K(197632K)->128106K(197632K)
[223.526s][info][gc,metaspace   ] GC(229) Metaspace: 42171K(42560K)->42171K(42560K) NonClass: 39366K(39616K)->39366K(39616K) Class: 2805K(2944K)->2805K(2944K)
[223.526s][info][gc             ] GC(229) Pause Young (Allocation Failure) 364M->126M(472M) 4.416ms
[223.526s][info][gc,cpu         ] GC(229) User=0.01s Sys=0.01s Real=0.00s
[224.273s][info][gc,start       ] GC(230) Pause Young (Allocation Failure)
[224.294s][info][gc,heap        ] GC(230) PSYoungGen: 243651K(285696K)->27160K(287744K) Eden: 242176K(242176K)->0K(243712K) From: 1475K(43520K)->27160K(44032K)
[224.294s][info][gc,heap        ] GC(230) ParOldGen: 128106K(197632K)->129274K(197632K)
[224.294s][info][gc,metaspace   ] GC(230) Metaspace: 42173K(42560K)->42173K(42560K) NonClass: 39367K(39616K)->39367K(39616K) Class: 2805K(2944K)->2805K(2944K)
[224.294s][info][gc             ] GC(230) Pause Young (Allocation Failure) 363M->152M(474M) 21.125ms
[224.294s][info][gc,cpu         ] GC(230) User=0.04s Sys=0.00s Real=0.02s
[225.292s][info][gc,start       ] GC(231) Pause Young (Allocation Failure)
[225.296s][info][gc,heap        ] GC(231) PSYoungGen: 270872K(287744K)->5733K(288768K) Eden: 243712K(243712K)->0K(243712K) From: 27160K(44032K)->5733K(45056K)
[225.296s][info][gc,heap        ] GC(231) ParOldGen: 129274K(197632K)->130042K(197632K)
[225.296s][info][gc,metaspace   ] GC(231) Metaspace: 42174K(42560K)->42174K(42560K) NonClass: 39369K(39616K)->39369K(39616K) Class: 2805K(2944K)->2805K(2944K)
[225.296s][info][gc             ] GC(231) Pause Young (Allocation Failure) 390M->132M(475M) 4.810ms
[225.296s][info][gc,cpu         ] GC(231) User=0.01s Sys=0.00s Real=0.00s
[226.040s][info][gc,start       ] GC(232) Pause Young (Allocation Failure)
[226.046s][info][gc,heap        ] GC(232) PSYoungGen: 249445K(288768K)->6564K(286208K) Eden: 243712K(243712K)->0K(244224K) From: 5733K(45056K)->6564K(41984K)
[226.046s][info][gc,heap        ] GC(232) ParOldGen: 130042K(197632K)->131042K(197632K)
[226.046s][info][gc,metaspace   ] GC(232) Metaspace: 42175K(42560K)->42175K(42560K) NonClass: 39369K(39616K)->39369K(39616K) Class: 2805K(2944K)->2805K(2944K)
[226.046s][info][gc             ] GC(232) Pause Young (Allocation Failure) 370M->134M(472M) 5.615ms
[226.046s][info][gc,cpu         ] GC(232) User=0.01s Sys=0.00s Real=0.00s
[226.903s][info][gc,start       ] GC(233) Pause Young (Allocation Failure)
[226.910s][info][gc,heap        ] GC(233) PSYoungGen: 250788K(286208K)->6829K(287744K) Eden: 244224K(244224K)->0K(244224K) From: 6564K(41984K)->6829K(43520K)
[226.910s][info][gc,heap        ] GC(233) ParOldGen: 131042K(197632K)->132078K(197632K)
[226.910s][info][gc,metaspace   ] GC(233) Metaspace: 42175K(42560K)->42175K(42560K) NonClass: 39369K(39616K)->39369K(39616K) Class: 2805K(2944K)->2805K(2944K)
[226.910s][info][gc             ] GC(233) Pause Young (Allocation Failure) 372M->135M(474M) 6.410ms
[226.910s][info][gc,cpu         ] GC(233) User=0.02s Sys=0.00s Real=0.01s
[227.694s][info][gc,start       ] GC(234) Pause Young (Allocation Failure)
[227.706s][info][gc,heap        ] GC(234) PSYoungGen: 251053K(287744K)->13286K(284672K) Eden: 244224K(244224K)->0K(247808K) From: 6829K(43520K)->13286K(36864K)
[227.706s][info][gc,heap        ] GC(234) ParOldGen: 132078K(197632K)->133158K(197632K)
[227.706s][info][gc,metaspace   ] GC(234) Metaspace: 42175K(42560K)->42175K(42560K) NonClass: 39369K(39616K)->39369K(39616K) Class: 2805K(2944K)->2805K(2944K)
[227.707s][info][gc             ] GC(234) Pause Young (Allocation Failure) 374M->143M(471M) 12.232ms
[227.707s][info][gc,cpu         ] GC(234) User=0.02s Sys=0.00s Real=0.01s
[228.627s][info][gc,start       ] GC(235) Pause Young (Allocation Failure)
[228.636s][info][gc,heap        ] GC(235) PSYoungGen: 261094K(284672K)->13093K(287744K) Eden: 247808K(247808K)->0K(247808K) From: 13286K(36864K)->13093K(39936K)
[228.636s][info][gc,heap        ] GC(235) ParOldGen: 133158K(197632K)->134014K(197632K)
[228.636s][info][gc,metaspace   ] GC(235) Metaspace: 42175K(42560K)->42175K(42560K) NonClass: 39369K(39616K)->39369K(39616K) Class: 2805K(2944K)->2805K(2944K)
[228.637s][info][gc             ] GC(235) Pause Young (Allocation Failure) 385M->143M(474M) 9.874ms
[228.637s][info][gc,cpu         ] GC(235) User=0.02s Sys=0.00s Real=0.01s
[229.472s][info][gc,start       ] GC(236) Pause Young (Allocation Failure)
[229.516s][info][gc,heap        ] GC(236) PSYoungGen: 260901K(287744K)->37877K(276480K) Eden: 247808K(247808K)->0K(238592K) From: 13093K(39936K)->37877K(37888K)
[229.517s][info][gc,heap        ] GC(236) ParOldGen: 134014K(197632K)->143345K(197632K)
[229.517s][info][gc,metaspace   ] GC(236) Metaspace: 42175K(42560K)->42175K(42560K) NonClass: 39370K(39616K)->39370K(39616K) Class: 2805K(2944K)->2805K(2944K)
[229.517s][info][gc             ] GC(236) Pause Young (Allocation Failure) 385M->176M(463M) 44.149ms
[229.517s][info][gc,cpu         ] GC(236) User=0.09s Sys=0.00s Real=0.04s
[230.568s][info][gc,start       ] GC(237) Pause Young (Allocation Failure)
[230.607s][info][gc,heap        ] GC(237) PSYoungGen: 276469K(276480K)->20921K(286208K) Eden: 238592K(238592K)->0K(238592K) From: 37877K(37888K)->20921K(47616K)
[230.607s][info][gc,heap        ] GC(237) ParOldGen: 143345K(197632K)->165653K(197632K)
[230.607s][info][gc,metaspace   ] GC(237) Metaspace: 42175K(42560K)->42175K(42560K) NonClass: 39370K(39616K)->39370K(39616K) Class: 2805K(2944K)->2805K(2944K)
[230.607s][info][gc             ] GC(237) Pause Young (Allocation Failure) 409M->182M(472M) 39.042ms
[230.607s][info][gc,cpu         ] GC(237) User=0.08s Sys=0.00s Real=0.03s
[231.405s][info][gc,start       ] GC(238) Pause Young (Allocation Failure)
[231.423s][info][gc,heap        ] GC(238) PSYoungGen: 259513K(286208K)->5187K(283136K) Eden: 238592K(238592K)->0K(240640K) From: 20921K(47616K)->5187K(42496K)
[231.423s][info][gc,heap        ] GC(238) ParOldGen: 165653K(197632K)->180040K(197632K)
[231.423s][info][gc,metaspace   ] GC(238) Metaspace: 42176K(42560K)->42176K(42560K) NonClass: 39371K(39616K)->39371K(39616K) Class: 2805K(2944K)->2805K(2944K)
[231.423s][info][gc             ] GC(238) Pause Young (Allocation Failure) 415M->180M(469M) 18.712ms
[231.423s][info][gc,cpu         ] GC(238) User=0.03s Sys=0.00s Real=0.02s
[232.124s][info][gc,start       ] GC(239) Pause Young (Allocation Failure)
[232.146s][info][gc,heap        ] GC(239) PSYoungGen: 245827K(283136K)->31127K(285696K) Eden: 240640K(240640K)->0K(240640K) From: 5187K(42496K)->31127K(45056K)
[232.146s][info][gc,heap        ] GC(239) ParOldGen: 180040K(197632K)->180968K(197632K)
[232.146s][info][gc,metaspace   ] GC(239) Metaspace: 42189K(42560K)->42189K(42560K) NonClass: 39383K(39616K)->39383K(39616K) Class: 2805K(2944K)->2805K(2944K)
[232.146s][info][gc             ] GC(239) Pause Young (Allocation Failure) 415M->207M(472M) 22.510ms
[232.147s][info][gc,cpu         ] GC(239) User=0.04s Sys=0.00s Real=0.02s
[232.899s][info][gc,start       ] GC(240) Pause Young (Allocation Failure)
[232.910s][info][gc,heap        ] GC(240) PSYoungGen: 271767K(285696K)->7936K(287232K) Eden: 240640K(240640K)->0K(239616K) From: 31127K(45056K)->7936K(47616K)
[232.910s][info][gc,heap        ] GC(240) ParOldGen: 180968K(197632K)->191209K(197632K)
[232.910s][info][gc,metaspace   ] GC(240) Metaspace: 42190K(42624K)->42190K(42624K) NonClass: 39385K(39680K)->39385K(39680K) Class: 2805K(2944K)->2805K(2944K)
[232.910s][info][gc             ] GC(240) Pause Young (Allocation Failure) 442M->194M(473M) 11.024ms
[232.910s][info][gc,cpu         ] GC(240) User=0.02s Sys=0.00s Real=0.01s
[233.702s][info][gc,start       ] GC(241) Pause Young (Allocation Failure)
[233.710s][info][gc,heap        ] GC(241) PSYoungGen: 247552K(287232K)->7769K(247808K) Eden: 239616K(239616K)->0K(239616K) From: 7936K(47616K)->7769K(8192K)
[233.710s][info][gc,heap        ] GC(241) ParOldGen: 191209K(197632K)->191674K(197632K)
[233.710s][info][gc,metaspace   ] GC(241) Metaspace: 42192K(42624K)->42192K(42624K) NonClass: 39386K(39680K)->39386K(39680K) Class: 2805K(2944K)->2805K(2944K)
[233.710s][info][gc             ] GC(241) Pause Young (Allocation Failure) 428M->194M(435M) 7.999ms
[233.710s][info][gc,cpu         ] GC(241) User=0.01s Sys=0.00s Real=0.01s
[234.497s][info][gc,start       ] GC(242) Pause Young (Allocation Failure)
[234.506s][info][gc,heap        ] GC(242) PSYoungGen: 247385K(247808K)->10128K(287232K) Eden: 239616K(239616K)->0K(241664K) From: 7769K(8192K)->10128K(45568K)
[234.506s][info][gc,heap        ] GC(242) ParOldGen: 191674K(197632K)->192444K(197632K)
[234.506s][info][gc,metaspace   ] GC(242) Metaspace: 42192K(42624K)->42192K(42624K) NonClass: 39387K(39680K)->39387K(39680K) Class: 2805K(2944K)->2805K(2944K)
[234.506s][info][gc             ] GC(242) Pause Young (Allocation Failure) 428M->197M(473M) 9.665ms
[234.506s][info][gc,cpu         ] GC(242) User=0.02s Sys=0.00s Real=0.01s
[235.354s][info][gc,start       ] GC(243) Pause Young (Allocation Failure)
[235.393s][info][gc,heap        ] GC(243) PSYoungGen: 251792K(287232K)->43498K(285184K) Eden: 241664K(241664K)->0K(241664K) From: 10128K(45568K)->43498K(43520K)
[235.393s][info][gc,heap        ] GC(243) ParOldGen: 192444K(197632K)->207351K(207360K)
[235.393s][info][gc,metaspace   ] GC(243) Metaspace: 42195K(42624K)->42195K(42624K) NonClass: 39389K(39680K)->39389K(39680K) Class: 2805K(2944K)->2805K(2944K)
[235.393s][info][gc             ] GC(243) Pause Young (Allocation Failure) 433M->244M(481M) 39.075ms
[235.393s][info][gc,cpu         ] GC(243) User=0.07s Sys=0.01s Real=0.04s
[236.237s][info][gc,start       ] GC(244) Pause Young (Allocation Failure)
[236.387s][info][gc,heap        ] GC(244) PSYoungGen: 285162K(285184K)->48614K(175616K) Eden: 241664K(241664K)->0K(126976K) From: 43498K(43520K)->48614K(48640K)
[236.387s][info][gc,heap        ] GC(244) ParOldGen: 207351K(207360K)->315268K(315392K)
[236.387s][info][gc,metaspace   ] GC(244) Metaspace: 42195K(42624K)->42195K(42624K) NonClass: 39389K(39680K)->39389K(39680K) Class: 2805K(2944K)->2805K(2944K)
[236.387s][info][gc             ] GC(244) Pause Young (Allocation Failure) 480M->355M(479M) 149.782ms
[236.387s][info][gc,cpu         ] GC(244) User=0.21s Sys=0.09s Real=0.15s
[236.806s][info][gc,start       ] GC(245) Pause Young (Allocation Failure)
[236.870s][info][gc,heap        ] GC(245) PSYoungGen: 175590K(175616K)->25781K(230400K) Eden: 126976K(126976K)->0K(126976K) From: 48614K(48640K)->25781K(103424K)
[236.870s][info][gc,heap        ] GC(245) ParOldGen: 315268K(315392K)->354387K(354816K)
[236.870s][info][gc,metaspace   ] GC(245) Metaspace: 42196K(42624K)->42196K(42624K) NonClass: 39390K(39680K)->39390K(39680K) Class: 2805K(2944K)->2805K(2944K)
[236.870s][info][gc             ] GC(245) Pause Young (Allocation Failure) 479M->371M(571M) 63.622ms
[236.870s][info][gc,cpu         ] GC(245) User=0.10s Sys=0.03s Real=0.07s
[237.285s][info][gc,start       ] GC(246) Pause Young (Allocation Failure)
[237.310s][info][gc,heap        ] GC(246) PSYoungGen: 152757K(230400K)->19533K(216576K) Eden: 126976K(126976K)->0K(132608K) From: 25781K(103424K)->19533K(83968K)
[237.310s][info][gc,heap        ] GC(246) ParOldGen: 354387K(354816K)->367303K(367616K)
[237.310s][info][gc,metaspace   ] GC(246) Metaspace: 42196K(42624K)->42196K(42624K) NonClass: 39390K(39680K)->39390K(39680K) Class: 2805K(2944K)->2805K(2944K)
[237.310s][info][gc             ] GC(246) Pause Young (Allocation Failure) 495M->377M(570M) 24.595ms
[237.310s][info][gc,cpu         ] GC(246) User=0.04s Sys=0.01s Real=0.03s
[237.774s][info][gc,start       ] GC(247) Pause Young (Allocation Failure)
[237.782s][info][gc,heap        ] GC(247) PSYoungGen: 152141K(216576K)->7702K(226304K) Eden: 132608K(132608K)->0K(132608K) From: 19533K(83968K)->7702K(93696K)
[237.782s][info][gc,heap        ] GC(247) ParOldGen: 367303K(367616K)->367874K(368128K)
[237.782s][info][gc,metaspace   ] GC(247) Metaspace: 42196K(42624K)->42196K(42624K) NonClass: 39390K(39680K)->39390K(39680K) Class: 2805K(2944K)->2805K(2944K)
[237.782s][info][gc             ] GC(247) Pause Young (Allocation Failure) 507M->366M(580M) 7.771ms
[237.782s][info][gc,cpu         ] GC(247) User=0.01s Sys=0.00s Real=0.01s
[238.246s][info][gc,start       ] GC(248) Pause Young (Allocation Failure)
[238.259s][info][gc,heap        ] GC(248) PSYoungGen: 140310K(226304K)->21122K(227840K) Eden: 132608K(132608K)->0K(148480K) From: 7702K(93696K)->21122K(79360K)
[238.259s][info][gc,heap        ] GC(248) ParOldGen: 367874K(368128K)->368385K(368640K)
[238.259s][info][gc,metaspace   ] GC(248) Metaspace: 42196K(42624K)->42196K(42624K) NonClass: 39390K(39680K)->39390K(39680K) Class: 2805K(2944K)->2805K(2944K)
[238.259s][info][gc             ] GC(248) Pause Young (Allocation Failure) 496M->380M(582M) 13.477ms
[238.259s][info][gc,cpu         ] GC(248) User=0.03s Sys=0.00s Real=0.02s
[238.709s][info][gc,start       ] GC(249) Pause Young (Allocation Failure)
[238.715s][info][gc,heap        ] GC(249) PSYoungGen: 169602K(227840K)->5047K(235008K) Eden: 148480K(148480K)->0K(148480K) From: 21122K(79360K)->5047K(86528K)
[238.715s][info][gc,heap        ] GC(249) ParOldGen: 368385K(368640K)->368888K(369152K)
[238.715s][info][gc,metaspace   ] GC(249) Metaspace: 42196K(42624K)->42196K(42624K) NonClass: 39390K(39680K)->39390K(39680K) Class: 2805K(2944K)->2805K(2944K)
[238.715s][info][gc             ] GC(249) Pause Young (Allocation Failure) 525M->365M(590M) 5.703ms
[238.715s][info][gc,cpu         ] GC(249) User=0.01s Sys=0.00s Real=0.00s
[239.197s][info][gc,start       ] GC(250) Pause Young (Allocation Failure)
[239.203s][info][gc,heap        ] GC(250) PSYoungGen: 153527K(235008K)->6440K(240640K) Eden: 148480K(148480K)->0K(162304K) From: 5047K(86528K)->6440K(78336K)
[239.203s][info][gc,heap        ] GC(250) ParOldGen: 368888K(369152K)->369668K(370176K)
[239.203s][info][gc,metaspace   ] GC(250) Metaspace: 42196K(42624K)->42196K(42624K) NonClass: 39390K(39680K)->39390K(39680K) Class: 2805K(2944K)->2805K(2944K)
[239.203s][info][gc             ] GC(250) Pause Young (Allocation Failure) 510M->367M(596M) 6.092ms
[239.203s][info][gc,cpu         ] GC(250) User=0.01s Sys=0.00s Real=0.01s
[239.731s][info][gc,start       ] GC(251) Pause Young (Allocation Failure)
[239.739s][info][gc,heap        ] GC(251) PSYoungGen: 168744K(240640K)->6596K(244736K) Eden: 162304K(162304K)->0K(162304K) From: 6440K(78336K)->6596K(82432K)
[239.739s][info][gc,heap        ] GC(251) ParOldGen: 369668K(370176K)->370019K(370176K)
[239.739s][info][gc,metaspace   ] GC(251) Metaspace: 42196K(42624K)->42196K(42624K) NonClass: 39390K(39680K)->39390K(39680K) Class: 2805K(2944K)->2805K(2944K)
[239.739s][info][gc             ] GC(251) Pause Young (Allocation Failure) 525M->367M(600M) 8.103ms
[239.739s][info][gc,cpu         ] GC(251) User=0.02s Sys=0.00s Real=0.01s
[240.251s][info][gc,start       ] GC(252) Pause Young (Allocation Failure)
[240.269s][info][gc,heap        ] GC(252) PSYoungGen: 168900K(244736K)->22562K(239104K) Eden: 162304K(162304K)->0K(172032K) From: 6596K(82432K)->22562K(67072K)
[240.269s][info][gc,heap        ] GC(252) ParOldGen: 370019K(370176K)->370400K(370688K)
[240.269s][info][gc,metaspace   ] GC(252) Metaspace: 42197K(42624K)->42197K(42624K) NonClass: 39391K(39680K)->39391K(39680K) Class: 2805K(2944K)->2805K(2944K)
[240.269s][info][gc             ] GC(252) Pause Young (Allocation Failure) 526M->383M(595M) 17.344ms
[240.269s][info][gc,cpu         ] GC(252) User=0.03s Sys=0.00s Real=0.02s
[240.751s][info][gc,start       ] GC(253) Pause Young (Allocation Failure)
[240.777s][info][gc,heap        ] GC(253) PSYoungGen: 194594K(239104K)->928K(245760K) Eden: 172032K(172032K)->0K(172032K) From: 22562K(67072K)->928K(73728K)
[240.777s][info][gc,heap        ] GC(253) ParOldGen: 370400K(370688K)->392202K(392704K)
[240.777s][info][gc,metaspace   ] GC(253) Metaspace: 42197K(42624K)->42197K(42624K) NonClass: 39391K(39680K)->39391K(39680K) Class: 2805K(2944K)->2805K(2944K)
[240.777s][info][gc             ] GC(253) Pause Young (Allocation Failure) 551M->383M(623M) 26.692ms
[240.777s][info][gc,cpu         ] GC(253) User=0.04s Sys=0.02s Real=0.02s
[241.291s][info][gc,start       ] GC(254) Pause Young (Allocation Failure)
[241.293s][info][gc,heap        ] GC(254) PSYoungGen: 172960K(245760K)->1126K(255488K) Eden: 172032K(172032K)->0K(187904K) From: 928K(73728K)->1126K(67584K)
[241.294s][info][gc,heap        ] GC(254) ParOldGen: 392202K(392704K)->392352K(392704K)
[241.294s][info][gc,metaspace   ] GC(254) Metaspace: 42197K(42624K)->42197K(42624K) NonClass: 39391K(39680K)->39391K(39680K) Class: 2805K(2944K)->2805K(2944K)
[241.294s][info][gc             ] GC(254) Pause Young (Allocation Failure) 551M->384M(633M) 2.807ms
[241.294s][info][gc,cpu         ] GC(254) User=0.01s Sys=0.00s Real=0.00s
[241.812s][info][gc,start       ] GC(255) Pause Young (Allocation Failure)
[241.818s][info][gc,heap        ] GC(255) PSYoungGen: 189030K(255488K)->5596K(258560K) Eden: 187904K(187904K)->0K(187904K) From: 1126K(67584K)->5596K(70656K)
[241.819s][info][gc,heap        ] GC(255) ParOldGen: 392352K(392704K)->392808K(393216K)
[241.819s][info][gc,metaspace   ] GC(255) Metaspace: 42199K(42624K)->42199K(42624K) NonClass: 39394K(39680K)->39394K(39680K) Class: 2805K(2944K)->2805K(2944K)
[241.819s][info][gc             ] GC(255) Pause Young (Allocation Failure) 567M->389M(636M) 6.610ms
[241.819s][info][gc,cpu         ] GC(255) User=0.01s Sys=0.00s Real=0.01s
[242.123s][info][gc,start       ] GC(256) Pause Young (Allocation Failure)
[242.129s][info][gc,heap        ] GC(256) PSYoungGen: 193500K(258560K)->3246K(257024K) Eden: 187904K(187904K)->0K(195584K) From: 5596K(70656K)->3246K(61440K)
[242.129s][info][gc,heap        ] GC(256) ParOldGen: 392808K(393216K)->394843K(395264K)
[242.129s][info][gc,metaspace   ] GC(256) Metaspace: 42199K(42624K)->42199K(42624K) NonClass: 39394K(39680K)->39394K(39680K) Class: 2805K(2944K)->2805K(2944K)
[242.129s][info][gc             ] GC(256) Pause Young (Allocation Failure) 572M->388M(637M) 6.171ms
[242.129s][info][gc,cpu         ] GC(256) User=0.01s Sys=0.00s Real=0.01s
[242.439s][info][gc,start       ] GC(257) Pause Young (Allocation Failure)
[242.443s][info][gc,heap        ] GC(257) PSYoungGen: 198830K(257024K)->3374K(260096K) Eden: 195584K(195584K)->0K(195584K) From: 3246K(61440K)->3374K(64512K)
[242.443s][info][gc,heap        ] GC(257) ParOldGen: 394843K(395264K)->394939K(395264K)
[242.443s][info][gc,metaspace   ] GC(257) Metaspace: 42199K(42624K)->42199K(42624K) NonClass: 39394K(39680K)->39394K(39680K) Class: 2805K(2944K)->2805K(2944K)
[242.444s][info][gc             ] GC(257) Pause Young (Allocation Failure) 579M->388M(640M) 4.263ms
[242.444s][info][gc,cpu         ] GC(257) User=0.01s Sys=0.00s Real=0.00s
[242.785s][info][gc,start       ] GC(258) Pause Young (Allocation Failure)
[242.793s][info][gc,heap        ] GC(258) PSYoungGen: 197528K(260096K)->10640K(260608K) Eden: 194153K(195584K)->0K(207360K) From: 3374K(64512K)->10640K(53248K)
[242.793s][info][gc,heap        ] GC(258) ParOldGen: 394939K(395264K)->395200K(395264K)
[242.793s][info][gc,metaspace   ] GC(258) Metaspace: 42204K(42624K)->42204K(42624K) NonClass: 39398K(39680K)->39398K(39680K) Class: 2805K(2944K)->2805K(2944K)
[242.793s][info][gc             ] GC(258) Pause Young (Allocation Failure) 578M->396M(640M) 8.296ms
[242.793s][info][gc,cpu         ] GC(258) User=0.01s Sys=0.00s Real=0.01s
[243.047s][info][gc,start       ] GC(259) Pause Young (Allocation Failure)
[243.060s][info][gc,heap        ] GC(259) PSYoungGen: 216932K(260608K)->1564K(265216K) Eden: 206291K(207360K)->0K(207360K) From: 10640K(53248K)->1564K(57856K)
[243.060s][info][gc,heap        ] GC(259) ParOldGen: 395200K(395264K)->405586K(406016K)
[243.060s][info][gc,metaspace   ] GC(259) Metaspace: 42204K(42624K)->42204K(42624K) NonClass: 39398K(39680K)->39398K(39680K) Class: 2805K(2944K)->2805K(2944K)
[243.060s][info][gc             ] GC(259) Pause Young (Allocation Failure) 597M->397M(655M) 12.638ms
[243.060s][info][gc,cpu         ] GC(259) User=0.02s Sys=0.01s Real=0.02s
[243.332s][info][gc,start       ] GC(260) Pause Young (Allocation Failure)
[243.338s][info][gc,heap        ] GC(260) PSYoungGen: 208495K(265216K)->2849K(268800K) Eden: 206930K(207360K)->0K(220160K) From: 1564K(57856K)->2849K(48640K)
[243.338s][info][gc,heap        ] GC(260) ParOldGen: 405586K(406016K)->407098K(407552K)
[243.338s][info][gc,metaspace   ] GC(260) Metaspace: 42204K(42624K)->42204K(42624K) NonClass: 39398K(39680K)->39398K(39680K) Class: 2805K(2944K)->2805K(2944K)
[243.338s][info][gc             ] GC(260) Pause Young (Allocation Failure) 599M->400M(660M) 6.668ms
[243.338s][info][gc,cpu         ] GC(260) User=0.01s Sys=0.00s Real=0.01s
[243.636s][info][gc,start       ] GC(261) Pause Young (Allocation Failure)
[243.645s][info][gc,heap        ] GC(261) PSYoungGen: 223009K(268800K)->4944K(273408K) Eden: 220160K(220160K)->0K(220160K) From: 2849K(48640K)->4944K(53248K)
[243.645s][info][gc,heap        ] GC(261) ParOldGen: 407098K(407552K)->409933K(410112K)
[243.645s][info][gc,metaspace   ] GC(261) Metaspace: 42205K(42624K)->42205K(42624K) NonClass: 39399K(39680K)->39399K(39680K) Class: 2805K(2944K)->2805K(2944K)
[243.645s][info][gc             ] GC(261) Pause Young (Allocation Failure) 615M->405M(667M) 9.724ms
[243.645s][info][gc,cpu         ] GC(261) User=0.02s Sys=0.00s Real=0.01s
[243.952s][info][gc,start       ] GC(262) Pause Young (Allocation Failure)
[243.965s][info][gc,heap        ] GC(262) PSYoungGen: 225104K(273408K)->4764K(272896K) Eden: 220160K(220160K)->0K(230400K) From: 4944K(53248K)->4764K(42496K)
[243.965s][info][gc,heap        ] GC(262) ParOldGen: 409933K(410112K)->414898K(415232K)
[243.965s][info][gc,metaspace   ] GC(262) Metaspace: 42205K(42624K)->42205K(42624K) NonClass: 39399K(39680K)->39399K(39680K) Class: 2805K(2944K)->2805K(2944K)
[243.965s][info][gc             ] GC(262) Pause Young (Allocation Failure) 620M->409M(672M) 12.997ms
[243.965s][info][gc,cpu         ] GC(262) User=0.02s Sys=0.00s Real=0.01s
[244.290s][info][gc,start       ] GC(263) Pause Young (Allocation Failure)
[244.305s][info][gc,heap        ] GC(263) PSYoungGen: 235164K(272896K)->9336K(277504K) Eden: 230400K(230400K)->0K(230400K) From: 4764K(42496K)->9336K(47104K)
[244.305s][info][gc,heap        ] GC(263) ParOldGen: 414898K(415232K)->419674K(419840K)
[244.305s][info][gc,metaspace   ] GC(263) Metaspace: 42205K(42624K)->42205K(42624K) NonClass: 39399K(39680K)->39399K(39680K) Class: 2805K(2944K)->2805K(2944K)
[244.305s][info][gc             ] GC(263) Pause Young (Allocation Failure) 634M->418M(681M) 14.590ms
[244.305s][info][gc,cpu         ] GC(263) User=0.03s Sys=0.01s Real=0.01s
[244.612s][info][gc,start       ] GC(264) Pause Young (Allocation Failure)
[244.627s][info][gc,heap        ] GC(264) PSYoungGen: 238406K(277504K)->3132K(281088K) Eden: 229070K(230400K)->0K(242688K) From: 9336K(47104K)->3132K(38400K)
[244.627s][info][gc,heap        ] GC(264) ParOldGen: 419674K(419840K)->427210K(427520K)
[244.627s][info][gc,metaspace   ] GC(264) Metaspace: 42205K(42624K)->42205K(42624K) NonClass: 39399K(39680K)->39399K(39680K) Class: 2805K(2944K)->2805K(2944K)
[244.627s][info][gc             ] GC(264) Pause Young (Allocation Failure) 642M->420M(692M) 15.129ms
[244.627s][info][gc,cpu         ] GC(264) User=0.02s Sys=0.01s Real=0.01s
[245.146s][info][gc,start       ] GC(265) Pause Young (Allocation Failure)
[245.163s][info][gc,heap        ] GC(265) PSYoungGen: 245820K(281088K)->14066K(284672K) Eden: 242688K(242688K)->0K(242688K) From: 3132K(38400K)->14066K(41984K)
[245.163s][info][gc,heap        ] GC(265) ParOldGen: 427210K(427520K)->430066K(430080K)
[245.163s][info][gc,metaspace   ] GC(265) Metaspace: 42213K(42624K)->42213K(42624K) NonClass: 39407K(39680K)->39407K(39680K) Class: 2805K(2944K)->2805K(2944K)
[245.163s][info][gc             ] GC(265) Pause Young (Allocation Failure) 657M->433M(698M) 16.543ms
[245.163s][info][gc,cpu         ] GC(265) User=0.03s Sys=0.00s Real=0.02s
[245.719s][info][gc,start       ] GC(266) Pause Young (Allocation Failure)
[245.739s][info][gc,heap        ] GC(266) PSYoungGen: 256754K(284672K)->3709K(286208K) Eden: 242688K(242688K)->0K(251392K) From: 14066K(41984K)->3709K(34816K)
[245.739s][info][gc,heap        ] GC(266) ParOldGen: 430066K(430080K)->444101K(444416K)
[245.739s][info][gc,metaspace   ] GC(266) Metaspace: 42233K(42624K)->42233K(42624K) NonClass: 39428K(39680K)->39428K(39680K) Class: 2805K(2944K)->2805K(2944K)
[245.739s][info][gc             ] GC(266) Pause Young (Allocation Failure) 670M->437M(713M) 20.346ms
[245.739s][info][gc,cpu         ] GC(266) User=0.03s Sys=0.01s Real=0.02s
[246.303s][info][gc,start       ] GC(267) Pause Young (Allocation Failure)
[246.306s][info][gc,heap        ] GC(267) PSYoungGen: 255101K(286208K)->1472K(289792K) Eden: 251392K(251392K)->0K(251392K) From: 3709K(34816K)->1472K(38400K)
[246.306s][info][gc,heap        ] GC(267) ParOldGen: 444101K(444416K)->444286K(444416K)
[246.306s][info][gc,metaspace   ] GC(267) Metaspace: 42235K(42624K)->42235K(42624K) NonClass: 39430K(39680K)->39430K(39680K) Class: 2805K(2944K)->2805K(2944K)
[246.306s][info][gc             ] GC(267) Pause Young (Allocation Failure) 682M->435M(717M) 3.091ms
[246.306s][info][gc,cpu         ] GC(267) User=0.01s Sys=0.00s Real=0.00s
[246.857s][info][gc,start       ] GC(268) Pause Young (Allocation Failure)
[246.862s][info][gc,heap        ] GC(268) PSYoungGen: 252864K(289792K)->4600K(289792K) Eden: 251392K(251392K)->0K(258560K) From: 1472K(38400K)->4600K(31232K)
[246.862s][info][gc,heap        ] GC(268) ParOldGen: 444286K(444416K)->444302K(444416K)
[246.862s][info][gc,metaspace   ] GC(268) Metaspace: 42247K(42624K)->42247K(42624K) NonClass: 39441K(39680K)->39441K(39680K) Class: 2805K(2944K)->2805K(2944K)
[246.862s][info][gc             ] GC(268) Pause Young (Allocation Failure) 680M->438M(717M) 5.292ms
[246.862s][info][gc,cpu         ] GC(268) User=0.01s Sys=0.00s Real=0.01s
[247.481s][info][gc,start       ] GC(269) Pause Young (Allocation Failure)
[247.484s][info][gc,heap        ] GC(269) PSYoungGen: 263160K(289792K)->2910K(293376K) Eden: 258560K(258560K)->0K(258560K) From: 4600K(31232K)->2910K(34816K)
[247.484s][info][gc,heap        ] GC(269) ParOldGen: 444302K(444416K)->444350K(444416K)
[247.484s][info][gc,metaspace   ] GC(269) Metaspace: 42315K(42688K)->42315K(42688K) NonClass: 39509K(39744K)->39509K(39744K) Class: 2805K(2944K)->2805K(2944K)
[247.484s][info][gc             ] GC(269) Pause Young (Allocation Failure) 690M->436M(720M) 2.932ms
[247.484s][info][gc,cpu         ] GC(269) User=0.00s Sys=0.00s Real=0.00s
[248.088s][info][gc,start       ] GC(270) Pause Young (Allocation Failure)
[248.099s][info][gc,heap        ] GC(270) PSYoungGen: 261470K(293376K)->8371K(293376K) Eden: 258560K(258560K)->0K(266240K) From: 2910K(34816K)->8371K(27136K)
[248.099s][info][gc,heap        ] GC(270) ParOldGen: 444350K(444416K)->446004K(446464K)
[248.099s][info][gc,metaspace   ] GC(270) Metaspace: 42436K(42816K)->42436K(42816K) NonClass: 39630K(39872K)->39630K(39872K) Class: 2805K(2944K)->2805K(2944K)
[248.099s][info][gc             ] GC(270) Pause Young (Allocation Failure) 689M->443M(722M) 10.769ms
[248.099s][info][gc,cpu         ] GC(270) User=0.01s Sys=0.00s Real=0.01s
[249.359s][info][gc,start       ] GC(271) Pause Young (Allocation Failure)
[249.374s][info][gc,heap        ] GC(271) PSYoungGen: 274611K(293376K)->8722K(296960K) Eden: 266240K(266240K)->0K(266240K) From: 8371K(27136K)->8722K(30720K)
[249.374s][info][gc,heap        ] GC(271) ParOldGen: 446004K(446464K)->446116K(446464K)
[249.374s][info][gc,metaspace   ] GC(271) Metaspace: 42460K(42880K)->42460K(42880K) NonClass: 39654K(39936K)->39654K(39936K) Class: 2805K(2944K)->2805K(2944K)
[249.374s][info][gc             ] GC(271) Pause Young (Allocation Failure) 703M->444M(726M) 15.012ms
[249.374s][info][gc,cpu         ] GC(271) User=0.02s Sys=0.00s Real=0.01s
[250.172s][info][gc,start       ] GC(272) Pause Young (Allocation Failure)
[250.216s][info][gc,heap        ] GC(272) PSYoungGen: 274962K(296960K)->28640K(286720K) Eden: 266240K(266240K)->0K(258048K) From: 8722K(30720K)->28640K(28672K)
[250.216s][info][gc,heap        ] GC(272) ParOldGen: 446116K(446464K)->455710K(456192K)
[250.216s][info][gc,metaspace   ] GC(272) Metaspace: 42472K(42880K)->42472K(42880K) NonClass: 39666K(39936K)->39666K(39936K) Class: 2805K(2944K)->2805K(2944K)
[250.216s][info][gc             ] GC(272) Pause Young (Allocation Failure) 704M->472M(725M) 44.122ms
[250.216s][info][gc,cpu         ] GC(272) User=0.07s Sys=0.02s Real=0.04s
[250.803s][info][gc,start       ] GC(273) Pause Young (Allocation Failure)
[250.871s][info][gc,heap        ] GC(273) PSYoungGen: 286688K(286720K)->29176K(287232K) Eden: 258048K(258048K)->0K(258048K) From: 28640K(28672K)->29176K(29184K)
[250.871s][info][gc,heap        ] GC(273) ParOldGen: 455710K(456192K)->483358K(483840K)
[250.871s][info][gc,metaspace   ] GC(273) Metaspace: 42472K(42880K)->42472K(42880K) NonClass: 39666K(39936K)->39666K(39936K) Class: 2805K(2944K)->2805K(2944K)
[250.871s][info][gc             ] GC(273) Pause Young (Allocation Failure) 724M->500M(753M) 67.884ms
[250.871s][info][gc,cpu         ] GC(273) User=0.11s Sys=0.02s Real=0.07s
[251.473s][info][gc,start       ] GC(274) Pause Young (Allocation Failure)
[251.542s][info][gc,heap        ] GC(274) PSYoungGen: 287224K(287232K)->28880K(285696K) Eden: 258048K(258048K)->0K(243712K) From: 29176K(29184K)->28880K(41984K)
[251.542s][info][gc,heap        ] GC(274) ParOldGen: 483358K(483840K)->510838K(510976K)
[251.542s][info][gc,metaspace   ] GC(274) Metaspace: 42474K(42880K)->42474K(42880K) NonClass: 39668K(39936K)->39668K(39936K) Class: 2805K(2944K)->2805K(2944K)
[251.542s][info][gc             ] GC(274) Pause Young (Allocation Failure) 752M->527M(778M) 68.346ms
[251.542s][info][gc,cpu         ] GC(274) User=0.10s Sys=0.03s Real=0.07s
[255.380s][info][gc,start       ] GC(275) Pause Young (Allocation Failure)
[255.456s][info][gc,heap        ] GC(275) PSYoungGen: 272592K(285696K)->8511K(288768K) Eden: 243712K(243712K)->0K(243712K) From: 28880K(41984K)->8511K(45056K)
[255.457s][info][gc,heap        ] GC(275) ParOldGen: 510838K(510976K)->539863K(540160K)
[255.457s][info][gc,metaspace   ] GC(275) Metaspace: 42498K(42880K)->42498K(42880K) NonClass: 39693K(39936K)->39693K(39936K) Class: 2805K(2944K)->2805K(2944K)
[255.457s][info][gc             ] GC(275) Pause Young (Allocation Failure) 765M->535M(809M) 76.251ms
[255.457s][info][gc,cpu         ] GC(275) User=0.13s Sys=0.03s Real=0.07s
[256.300s][info][gc,start       ] GC(276) Pause Young (Allocation Failure)
[256.318s][info][gc,heap        ] GC(276) PSYoungGen: 252223K(288768K)->4224K(285696K) Eden: 243712K(243712K)->0K(245760K) From: 8511K(45056K)->4224K(39936K)
[256.318s][info][gc,heap        ] GC(276) ParOldGen: 539863K(540160K)->547559K(547840K)
[256.318s][info][gc,metaspace   ] GC(276) Metaspace: 42508K(42880K)->42508K(42880K) NonClass: 39702K(39936K)->39702K(39936K) Class: 2805K(2944K)->2805K(2944K)
[256.318s][info][gc             ] GC(276) Pause Young (Allocation Failure) 773M->538M(814M) 18.272ms
[256.318s][info][gc,cpu         ] GC(276) User=0.03s Sys=0.01s Real=0.02s
[257.584s][info][gc,start       ] GC(277) Pause Young (Allocation Failure)
[257.593s][info][gc,heap        ] GC(277) PSYoungGen: 249984K(285696K)->3403K(287744K) Eden: 245760K(245760K)->0K(245760K) From: 4224K(39936K)->3403K(41984K)
[257.593s][info][gc,heap        ] GC(277) ParOldGen: 547559K(547840K)->550769K(550912K)
[257.593s][info][gc,metaspace   ] GC(277) Metaspace: 42508K(42880K)->42508K(42880K) NonClass: 39702K(39936K)->39702K(39936K) Class: 2805K(2944K)->2805K(2944K)
[257.593s][info][gc             ] GC(277) Pause Young (Allocation Failure) 778M->541M(819M) 8.634ms
[257.593s][info][gc,cpu         ] GC(277) User=0.02s Sys=0.00s Real=0.01s
[258.933s][info][gc,start       ] GC(278) Pause Young (Allocation Failure)
[258.962s][info][gc,heap        ] GC(278) PSYoungGen: 249163K(287744K)->25111K(289280K) Eden: 245760K(245760K)->0K(248832K) From: 3403K(41984K)->25111K(40448K)
[258.962s][info][gc,heap        ] GC(278) ParOldGen: 550769K(550912K)->554103K(554496K)
[258.962s][info][gc,metaspace   ] GC(278) Metaspace: 42508K(42880K)->42508K(42880K) NonClass: 39703K(39936K)->39703K(39936K) Class: 2805K(2944K)->2805K(2944K)
[258.962s][info][gc             ] GC(278) Pause Young (Allocation Failure) 781M->565M(824M) 28.930ms
[258.962s][info][gc,cpu         ] GC(278) User=0.06s Sys=0.01s Real=0.03s
[260.389s][info][gc,start       ] GC(279) Pause Young (Allocation Failure)
[260.442s][info][gc,heap        ] GC(279) PSYoungGen: 273943K(289280K)->23142K(272384K) Eden: 248832K(248832K)->0K(248832K) From: 25111K(40448K)->23142K(23552K)
[260.442s][info][gc,heap        ] GC(279) ParOldGen: 554103K(554496K)->579197K(579584K)
[260.442s][info][gc,metaspace   ] GC(279) Metaspace: 42508K(42880K)->42508K(42880K) NonClass: 39703K(39936K)->39703K(39936K) Class: 2805K(2944K)->2805K(2944K)
[260.442s][info][gc             ] GC(279) Pause Young (Allocation Failure) 808M->588M(832M) 52.802ms
[260.442s][info][gc,cpu         ] GC(279) User=0.09s Sys=0.02s Real=0.05s
[261.497s][info][gc,start       ] GC(280) Pause Young (Allocation Failure)
[261.552s][info][gc,heap        ] GC(280) PSYoungGen: 271974K(272384K)->30920K(284160K) Eden: 248832K(248832K)->0K(240640K) From: 23142K(23552K)->30920K(43520K)
[261.552s][info][gc,heap        ] GC(280) ParOldGen: 579197K(579584K)->602330K(602624K)
[261.552s][info][gc,metaspace   ] GC(280) Metaspace: 42508K(42880K)->42508K(42880K) NonClass: 39703K(39936K)->39703K(39936K) Class: 2805K(2944K)->2805K(2944K)
[261.552s][info][gc             ] GC(280) Pause Young (Allocation Failure) 831M->618M(866M) 54.804ms
[261.552s][info][gc,cpu         ] GC(280) User=0.09s Sys=0.02s Real=0.06s
[262.164s][info][gc,start       ] GC(281) Pause Young (Allocation Failure)
[262.230s][info][gc,heap        ] GC(281) PSYoungGen: 271560K(284160K)->29964K(270848K) Eden: 240640K(240640K)->0K(240640K) From: 30920K(43520K)->29964K(30208K)
[262.230s][info][gc,heap        ] GC(281) ParOldGen: 602330K(602624K)->632937K(633344K)
[262.230s][info][gc,metaspace   ] GC(281) Metaspace: 42508K(42880K)->42508K(42880K) NonClass: 39703K(39936K)->39703K(39936K) Class: 2805K(2944K)->2805K(2944K)
[262.230s][info][gc             ] GC(281) Pause Young (Allocation Failure) 853M->647M(883M) 66.336ms
[262.230s][info][gc,cpu         ] GC(281) User=0.10s Sys=0.02s Real=0.07s
[262.775s][info][gc,start       ] GC(282) Pause Full (Allocation Failure)
[262.775s][info][gc,phases,start] GC(282) Marking Phase
[262.872s][info][gc,phases      ] GC(282) Marking Phase 97.723ms
[262.873s][info][gc,phases,start] GC(282) Summary Phase
[262.873s][info][gc,phases      ] GC(282) Summary Phase 0.033ms
[262.873s][info][gc,phases,start] GC(282) Forward
[262.897s][info][gc,phases      ] GC(282) Forward 24.243ms
[262.897s][info][gc,phases,start] GC(282) Adjust Pointers
[262.961s][info][gc,phases      ] GC(282) Adjust Pointers 63.710ms
[262.961s][info][gc,phases,start] GC(282) Compaction Phase
[262.991s][info][gc,phases      ] GC(282) Compaction Phase 30.604ms
[262.992s][info][gc,phases,start] GC(282) Post Compact
[262.995s][info][gc,phases      ] GC(282) Post Compact 3.042ms
[263.026s][info][gc,heap        ] GC(282) PSYoungGen: 270604K(270848K)->0K(285184K) Eden: 240640K(240640K)->0K(236544K) From: 29964K(30208K)->0K(48640K)
[263.026s][info][gc,heap        ] GC(282) ParOldGen: 632937K(633344K)->120995K(256000K)
[263.026s][info][gc,metaspace   ] GC(282) Metaspace: 42508K(42880K)->42508K(42880K) NonClass: 39703K(39936K)->39703K(39936K) Class: 2805K(2944K)->2805K(2944K)
[263.027s][info][gc             ] GC(282) Pause Full (Allocation Failure) 882M->118M(528M) 251.838ms
[263.027s][info][gc,cpu         ] GC(282) User=0.38s Sys=0.04s Real=0.25s
[264.529s][info][gc,start       ] GC(283) Pause Young (Allocation Failure)
[264.548s][info][gc,heap        ] GC(283) PSYoungGen: 236544K(285184K)->20560K(257536K) Eden: 236544K(236544K)->0K(236544K) From: 0K(48640K)->20560K(20992K)
[264.548s][info][gc,heap        ] GC(283) ParOldGen: 120995K(256000K)->120995K(256000K)
[264.548s][info][gc,metaspace   ] GC(283) Metaspace: 42508K(42880K)->42508K(42880K) NonClass: 39703K(39936K)->39703K(39936K) Class: 2805K(2944K)->2805K(2944K)
[264.548s][info][gc             ] GC(283) Pause Young (Allocation Failure) 349M->138M(501M) 18.582ms
[264.548s][info][gc,cpu         ] GC(283) User=0.03s Sys=0.00s Real=0.02s
[265.482s][info][gc,start       ] GC(284) Pause Young (Allocation Failure)
[265.505s][info][gc,heap        ] GC(284) PSYoungGen: 257104K(257536K)->11506K(285696K) Eden: 236544K(236544K)->0K(238592K) From: 20560K(20992K)->11506K(47104K)
[265.505s][info][gc,heap        ] GC(284) ParOldGen: 120995K(256000K)->141691K(256000K)
[265.505s][info][gc,metaspace   ] GC(284) Metaspace: 42508K(42880K)->42508K(42880K) NonClass: 39703K(39936K)->39703K(39936K) Class: 2805K(2944K)->2805K(2944K)
[265.505s][info][gc             ] GC(284) Pause Young (Allocation Failure) 369M->149M(529M) 23.104ms
[265.505s][info][gc,cpu         ] GC(284) User=0.04s Sys=0.00s Real=0.02s
[266.763s][info][gc,start       ] GC(285) Pause Young (Allocation Failure)
[266.769s][info][gc,heap        ] GC(285) PSYoungGen: 250098K(285696K)->192K(283648K) Eden: 238592K(238592K)->0K(238592K) From: 11506K(47104K)->192K(45056K)
[266.769s][info][gc,heap        ] GC(285) ParOldGen: 141691K(256000K)->150244K(256000K)
[266.769s][info][gc,metaspace   ] GC(285) Metaspace: 42508K(42880K)->42508K(42880K) NonClass: 39703K(39936K)->39703K(39936K) Class: 2805K(2944K)->2805K(2944K)
[266.769s][info][gc             ] GC(285) Pause Young (Allocation Failure) 382M->146M(527M) 5.976ms
[266.769s][info][gc,cpu         ] GC(285) User=0.01s Sys=0.01s Real=0.01s
[268.082s][info][gc,start       ] GC(286) Pause Young (Allocation Failure)
[268.104s][info][gc,heap        ] GC(286) PSYoungGen: 238784K(283648K)->22086K(287232K) Eden: 238592K(238592K)->0K(242176K) From: 192K(45056K)->22086K(45056K)
[268.104s][info][gc,heap        ] GC(286) ParOldGen: 150244K(256000K)->150379K(256000K)
[268.104s][info][gc,metaspace   ] GC(286) Metaspace: 42508K(42880K)->42508K(42880K) NonClass: 39703K(39936K)->39703K(39936K) Class: 2805K(2944K)->2805K(2944K)
[268.104s][info][gc             ] GC(286) Pause Young (Allocation Failure) 379M->168M(530M) 21.818ms
[268.104s][info][gc,cpu         ] GC(286) User=0.04s Sys=0.00s Real=0.02s
[269.406s][info][gc,start       ] GC(287) Pause Young (Allocation Failure)
[269.443s][info][gc,heap        ] GC(287) PSYoungGen: 264262K(287232K)->22905K(286720K) Eden: 242176K(242176K)->0K(242176K) From: 22086K(45056K)->22905K(44544K)
[269.443s][info][gc,heap        ] GC(287) ParOldGen: 150379K(256000K)->172629K(256000K)
[269.443s][info][gc,metaspace   ] GC(287) Metaspace: 42508K(42880K)->42508K(42880K) NonClass: 39703K(39936K)->39703K(39936K) Class: 2805K(2944K)->2805K(2944K)
[269.443s][info][gc             ] GC(287) Pause Young (Allocation Failure) 404M->190M(530M) 37.421ms
[269.443s][info][gc,cpu         ] GC(287) User=0.07s Sys=0.01s Real=0.04s
[270.417s][info][gc,start       ] GC(288) Pause Young (Allocation Failure)
[270.445s][info][gc,heap        ] GC(288) PSYoungGen: 265081K(286720K)->14557K(284672K) Eden: 242176K(242176K)->0K(244736K) From: 22905K(44544K)->14557K(39936K)
[270.445s][info][gc,heap        ] GC(288) ParOldGen: 172629K(256000K)->195456K(256000K)
[270.445s][info][gc,metaspace   ] GC(288) Metaspace: 42530K(42944K)->42530K(42944K) NonClass: 39725K(40000K)->39725K(40000K) Class: 2805K(2944K)->2805K(2944K)
[270.445s][info][gc             ] GC(288) Pause Young (Allocation Failure) 427M->205M(528M) 27.847ms
[270.445s][info][gc,cpu         ] GC(288) User=0.05s Sys=0.00s Real=0.03s
[271.531s][info][gc,start       ] GC(289) Pause Young (Allocation Failure)
[271.540s][info][gc,heap        ] GC(289) PSYoungGen: 259293K(284672K)->4319K(286720K) Eden: 244736K(244736K)->0K(244736K) From: 14557K(39936K)->4319K(41984K)
[271.540s][info][gc,heap        ] GC(289) ParOldGen: 195456K(256000K)->205173K(256000K)
[271.540s][info][gc,metaspace   ] GC(289) Metaspace: 42531K(42944K)->42531K(42944K) NonClass: 39725K(40000K)->39725K(40000K) Class: 2805K(2944K)->2805K(2944K)
[271.540s][info][gc             ] GC(289) Pause Young (Allocation Failure) 444M->204M(530M) 8.778ms
[271.540s][info][gc,cpu         ] GC(289) User=0.02s Sys=0.00s Real=0.01s
[272.458s][info][gc,start       ] GC(290) Pause Young (Allocation Failure)
[272.487s][info][gc,heap        ] GC(290) PSYoungGen: 249055K(286720K)->24872K(290304K) Eden: 244736K(244736K)->0K(248832K) From: 4319K(41984K)->24872K(41472K)
[272.487s][info][gc,heap        ] GC(290) ParOldGen: 205173K(256000K)->206097K(256000K)
[272.487s][info][gc,metaspace   ] GC(290) Metaspace: 42531K(42944K)->42531K(42944K) NonClass: 39725K(40000K)->39725K(40000K) Class: 2805K(2944K)->2805K(2944K)
[272.487s][info][gc             ] GC(290) Pause Young (Allocation Failure) 443M->225M(533M) 29.495ms
[272.487s][info][gc,cpu         ] GC(290) User=0.04s Sys=0.00s Real=0.02s
[273.381s][info][gc,start       ] GC(291) Pause Young (Allocation Failure)
[273.385s][info][gc,heap        ] GC(291) PSYoungGen: 273704K(290304K)->4740K(291328K) Eden: 248832K(248832K)->0K(248832K) From: 24872K(41472K)->4740K(42496K)
[273.385s][info][gc,heap        ] GC(291) ParOldGen: 206097K(256000K)->207377K(256000K)
[273.385s][info][gc,metaspace   ] GC(291) Metaspace: 42531K(42944K)->42531K(42944K) NonClass: 39725K(40000K)->39725K(40000K) Class: 2805K(2944K)->2805K(2944K)
[273.385s][info][gc             ] GC(291) Pause Young (Allocation Failure) 468M->207M(534M) 4.828ms
[273.385s][info][gc,cpu         ] GC(291) User=0.01s Sys=0.00s Real=0.00s
[274.231s][info][gc,start       ] GC(292) Pause Young (Allocation Failure)
[274.235s][info][gc,heap        ] GC(292) PSYoungGen: 253572K(291328K)->4621K(288768K) Eden: 248832K(248832K)->0K(249344K) From: 4740K(42496K)->4621K(39424K)
[274.235s][info][gc,heap        ] GC(292) ParOldGen: 207377K(256000K)->208289K(256000K)
[274.235s][info][gc,metaspace   ] GC(292) Metaspace: 42540K(42944K)->42540K(42944K) NonClass: 39733K(40000K)->39733K(40000K) Class: 2806K(2944K)->2806K(2944K)
[274.235s][info][gc             ] GC(292) Pause Young (Allocation Failure) 450M->207M(532M) 4.566ms
[274.235s][info][gc,cpu         ] GC(292) User=0.01s Sys=0.00s Real=0.00s
[275.181s][info][gc,start       ] GC(293) Pause Young (Allocation Failure)
[275.202s][info][gc,heap        ] GC(293) PSYoungGen: 253965K(288768K)->23153K(290304K) Eden: 249344K(249344K)->0K(249344K) From: 4621K(39424K)->23153K(40960K)
[275.202s][info][gc,heap        ] GC(293) ParOldGen: 208289K(256000K)->209593K(256000K)
[275.202s][info][gc,metaspace   ] GC(293) Metaspace: 42540K(42944K)->42540K(42944K) NonClass: 39733K(40000K)->39733K(40000K) Class: 2806K(2944K)->2806K(2944K)
[275.202s][info][gc             ] GC(293) Pause Young (Allocation Failure) 451M->227M(533M) 21.695ms
[275.202s][info][gc,cpu         ] GC(293) User=0.04s Sys=0.00s Real=0.02s
[276.129s][info][gc,start       ] GC(294) Pause Young (Allocation Failure)
[276.142s][info][gc,heap        ] GC(294) PSYoungGen: 272497K(290304K)->14346K(288256K) Eden: 249344K(249344K)->0K(251392K) From: 23153K(40960K)->14346K(36864K)
[276.142s][info][gc,heap        ] GC(294) ParOldGen: 209593K(256000K)->210313K(256000K)
[276.142s][info][gc,metaspace   ] GC(294) Metaspace: 42540K(42944K)->42540K(42944K) NonClass: 39733K(40000K)->39733K(40000K) Class: 2806K(2944K)->2806K(2944K)
[276.142s][info][gc             ] GC(294) Pause Young (Allocation Failure) 470M->219M(531M) 13.422ms
[276.142s][info][gc,cpu         ] GC(294) User=0.02s Sys=0.00s Real=0.01s
[276.949s][info][gc,start       ] GC(295) Pause Young (Allocation Failure)
[276.962s][info][gc,heap        ] GC(295) PSYoungGen: 265738K(288256K)->14452K(290304K) Eden: 251392K(251392K)->0K(251392K) From: 14346K(36864K)->14452K(38912K)
[276.962s][info][gc,heap        ] GC(295) ParOldGen: 210313K(256000K)->211497K(256000K)
[276.962s][info][gc,metaspace   ] GC(295) Metaspace: 42541K(42944K)->42541K(42944K) NonClass: 39735K(40000K)->39735K(40000K) Class: 2806K(2944K)->2806K(2944K)
[276.962s][info][gc             ] GC(295) Pause Young (Allocation Failure) 464M->220M(533M) 13.370ms
[276.962s][info][gc,cpu         ] GC(295) User=0.03s Sys=0.00s Real=0.01s
[277.839s][info][gc,start       ] GC(296) Pause Young (Allocation Failure)
[277.849s][info][gc,heap        ] GC(296) PSYoungGen: 265844K(290304K)->10015K(291840K) Eden: 251392K(251392K)->0K(258048K) From: 14452K(38912K)->10015K(33792K)
[277.849s][info][gc,heap        ] GC(296) ParOldGen: 211497K(256000K)->212417K(256000K)
[277.849s][info][gc,metaspace   ] GC(296) Metaspace: 42541K(42944K)->42541K(42944K) NonClass: 39735K(40000K)->39735K(40000K) Class: 2806K(2944K)->2806K(2944K)
[277.849s][info][gc             ] GC(296) Pause Young (Allocation Failure) 466M->217M(535M) 10.126ms
[277.849s][info][gc,cpu         ] GC(296) User=0.02s Sys=0.00s Real=0.01s
[278.787s][info][gc,start       ] GC(297) Pause Young (Allocation Failure)
[278.800s][info][gc,heap        ] GC(297) PSYoungGen: 268048K(291840K)->9172K(293376K) Eden: 258033K(258048K)->0K(258048K) From: 10015K(33792K)->9172K(35328K)
[278.800s][info][gc,heap        ] GC(297) ParOldGen: 212417K(256000K)->213553K(256000K)
[278.800s][info][gc,metaspace   ] GC(297) Metaspace: 42541K(42944K)->42541K(42944K) NonClass: 39735K(40000K)->39735K(40000K) Class: 2806K(2944K)->2806K(2944K)
[278.800s][info][gc             ] GC(297) Pause Young (Allocation Failure) 469M->217M(536M) 13.305ms
[278.800s][info][gc,cpu         ] GC(297) User=0.02s Sys=0.00s Real=0.02s
[279.600s][info][gc,start       ] GC(298) Pause Young (Allocation Failure)
[279.648s][info][gc,heap        ] GC(298) PSYoungGen: 267220K(293376K)->34290K(279040K) Eden: 258048K(258048K)->0K(244736K) From: 9172K(35328K)->34290K(34304K)
[279.649s][info][gc,heap        ] GC(298) ParOldGen: 213553K(256000K)->226440K(256000K)
[279.649s][info][gc,metaspace   ] GC(298) Metaspace: 42542K(42944K)->42542K(42944K) NonClass: 39735K(40000K)->39735K(40000K) Class: 2806K(2944K)->2806K(2944K)
[279.649s][info][gc             ] GC(298) Pause Young (Allocation Failure) 469M->254M(522M) 48.288ms
[279.649s][info][gc,cpu         ] GC(298) User=0.09s Sys=0.01s Real=0.05s
[280.842s][info][gc,start       ] GC(299) Pause Young (Allocation Failure)
[280.889s][info][gc,heap        ] GC(299) PSYoungGen: 279026K(279040K)->21545K(289280K) Eden: 244736K(244736K)->0K(244736K) From: 34290K(34304K)->21545K(44544K)
[280.889s][info][gc,heap        ] GC(299) ParOldGen: 226440K(256000K)->244916K(256000K)
[280.889s][info][gc,metaspace   ] GC(299) Metaspace: 42543K(42944K)->42543K(42944K) NonClass: 39736K(40000K)->39736K(40000K) Class: 2806K(2944K)->2806K(2944K)
[280.889s][info][gc             ] GC(299) Pause Young (Allocation Failure) 493M->260M(532M) 47.006ms
[280.889s][info][gc,cpu         ] GC(299) User=0.09s Sys=0.00s Real=0.05s
[281.747s][info][gc,start       ] GC(300) Pause Young (Allocation Failure)
[281.789s][info][gc,heap        ] GC(300) PSYoungGen: 266281K(289280K)->18827K(284160K) Eden: 244736K(244736K)->0K(245760K) From: 21545K(44544K)->18827K(38400K)
[281.789s][info][gc,heap        ] GC(300) ParOldGen: 244916K(256000K)->266199K(266240K)
[281.789s][info][gc,metaspace   ] GC(300) Metaspace: 42543K(42944K)->42543K(42944K) NonClass: 39736K(40000K)->39736K(40000K) Class: 2806K(2944K)->2806K(2944K)
[281.789s][info][gc             ] GC(300) Pause Young (Allocation Failure) 499M->278M(537M) 42.878ms
[281.789s][info][gc,cpu         ] GC(300) User=0.08s Sys=0.01s Real=0.05s
[282.493s][info][gc,start       ] GC(301) Pause Young (Allocation Failure)
[282.516s][info][gc,heap        ] GC(301) PSYoungGen: 264587K(284160K)->18636K(287232K) Eden: 245760K(245760K)->0K(245760K) From: 18827K(38400K)->18636K(41472K)
[282.516s][info][gc,heap        ] GC(301) ParOldGen: 266199K(266240K)->272177K(272384K)
[282.516s][info][gc,metaspace   ] GC(301) Metaspace: 42546K(42944K)->42546K(42944K) NonClass: 39739K(40000K)->39739K(40000K) Class: 2806K(2944K)->2806K(2944K)
[282.516s][info][gc             ] GC(301) Pause Young (Allocation Failure) 518M->283M(546M) 22.439ms
[282.516s][info][gc,cpu         ] GC(301) User=0.04s Sys=0.00s Real=0.02s
[283.301s][info][gc,start       ] GC(302) Pause Young (Allocation Failure)
[283.315s][info][gc,heap        ] GC(302) PSYoungGen: 264396K(287232K)->1192K(292352K) Eden: 245760K(245760K)->0K(252928K) From: 18636K(41472K)->1192K(39424K)
[283.315s][info][gc,heap        ] GC(302) ParOldGen: 272177K(272384K)->282632K(283136K)
[283.315s][info][gc,metaspace   ] GC(302) Metaspace: 42546K(42944K)->42546K(42944K) NonClass: 39739K(40000K)->39739K(40000K) Class: 2806K(2944K)->2806K(2944K)
[283.315s][info][gc             ] GC(302) Pause Young (Allocation Failure) 523M->277M(562M) 13.965ms
[283.315s][info][gc,cpu         ] GC(302) User=0.02s Sys=0.01s Real=0.01s
[284.126s][info][gc,start       ] GC(303) Pause Young (Allocation Failure)
[284.154s][info][gc,heap        ] GC(303) PSYoungGen: 254120K(292352K)->39916K(292864K) Eden: 252928K(252928K)->0K(252928K) From: 1192K(39424K)->39916K(39936K)
[284.154s][info][gc,heap        ] GC(303) ParOldGen: 282632K(283136K)->285407K(285696K)
[284.154s][info][gc,metaspace   ] GC(303) Metaspace: 42546K(42944K)->42546K(42944K) NonClass: 39739K(40000K)->39739K(40000K) Class: 2806K(2944K)->2806K(2944K)
[284.154s][info][gc             ] GC(303) Pause Young (Allocation Failure) 524M->317M(565M) 27.593ms
[284.154s][info][gc,cpu         ] GC(303) User=0.05s Sys=0.00s Real=0.03s
[285.011s][info][gc,start       ] GC(304) Pause Young (Allocation Failure)
[285.042s][info][gc,heap        ] GC(304) PSYoungGen: 292844K(292864K)->10058K(282624K) Eden: 252928K(252928K)->0K(241664K) From: 39916K(39936K)->10058K(40960K)
[285.042s][info][gc,heap        ] GC(304) ParOldGen: 285407K(285696K)->308792K(309248K)
[285.042s][info][gc,metaspace   ] GC(304) Metaspace: 42546K(42944K)->42546K(42944K) NonClass: 39740K(40000K)->39740K(40000K) Class: 2806K(2944K)->2806K(2944K)
[285.042s][info][gc             ] GC(304) Pause Young (Allocation Failure) 564M->311M(578M) 30.924ms
[285.042s][info][gc,cpu         ] GC(304) User=0.04s Sys=0.01s Real=0.03s
[285.851s][info][gc,start       ] GC(305) Pause Young (Allocation Failure)
[285.892s][info][gc,heap        ] GC(305) PSYoungGen: 251722K(282624K)->46063K(287744K) Eden: 241664K(241664K)->0K(241664K) From: 10058K(40960K)->46063K(46080K)
[285.892s][info][gc,heap        ] GC(305) ParOldGen: 308792K(309248K)->321644K(322048K)
[285.892s][info][gc,metaspace   ] GC(305) Metaspace: 42546K(42944K)->42546K(42944K) NonClass: 39740K(40000K)->39740K(40000K) Class: 2806K(2944K)->2806K(2944K)
[285.892s][info][gc             ] GC(305) Pause Young (Allocation Failure) 547M->359M(595M) 41.914ms
[285.892s][info][gc,cpu         ] GC(305) User=0.07s Sys=0.01s Real=0.04s
[286.744s][info][gc,start       ] GC(306) Pause Young (Allocation Failure)
[286.877s][info][gc,heap        ] GC(306) PSYoungGen: 287727K(287744K)->46055K(180224K) Eden: 241664K(241664K)->0K(134144K) From: 46063K(46080K)->46055K(46080K)
[286.877s][info][gc,heap        ] GC(306) ParOldGen: 321644K(322048K)->418679K(418816K)
[286.877s][info][gc,metaspace   ] GC(306) Metaspace: 42546K(42944K)->42546K(42944K) NonClass: 39740K(40000K)->39740K(40000K) Class: 2806K(2944K)->2806K(2944K)
[286.877s][info][gc             ] GC(306) Pause Young (Allocation Failure) 595M->453M(585M) 132.736ms
[286.877s][info][gc,cpu         ] GC(306) User=0.18s Sys=0.07s Real=0.13s
[287.328s][info][gc,start       ] GC(307) Pause Young (Allocation Failure)
[287.401s][info][gc,heap        ] GC(307) PSYoungGen: 180199K(180224K)->30277K(233984K) Eden: 134144K(134144K)->0K(134144K) From: 46055K(46080K)->30277K(99840K)
[287.401s][info][gc,heap        ] GC(307) ParOldGen: 418679K(418816K)->464292K(464384K)
[287.401s][info][gc,metaspace   ] GC(307) Metaspace: 42547K(42944K)->42547K(42944K) NonClass: 39740K(40000K)->39740K(40000K) Class: 2806K(2944K)->2806K(2944K)
[287.401s][info][gc             ] GC(307) Pause Young (Allocation Failure) 584M->482M(682M) 72.589ms
[287.401s][info][gc,cpu         ] GC(307) User=0.11s Sys=0.02s Real=0.07s
[287.851s][info][gc,start       ] GC(308) Pause Young (Allocation Failure)
[287.875s][info][gc,heap        ] GC(308) PSYoungGen: 164421K(233984K)->4719K(225792K) Eden: 134144K(134144K)->0K(140288K) From: 30277K(99840K)->4719K(85504K)
[287.875s][info][gc,heap        ] GC(308) ParOldGen: 464292K(464384K)->480435K(480768K)
[287.875s][info][gc,metaspace   ] GC(308) Metaspace: 42547K(42944K)->42547K(42944K) NonClass: 39740K(40000K)->39740K(40000K) Class: 2806K(2944K)->2806K(2944K)
[287.875s][info][gc             ] GC(308) Pause Young (Allocation Failure) 613M->473M(690M) 23.371ms
[287.875s][info][gc,cpu         ] GC(308) User=0.03s Sys=0.02s Real=0.02s
[288.364s][info][gc,start       ] GC(309) Pause Young (Allocation Failure)
[288.372s][info][gc,heap        ] GC(309) PSYoungGen: 145007K(225792K)->9018K(232960K) Eden: 140288K(140288K)->0K(140288K) From: 4719K(85504K)->9018K(92672K)
[288.372s][info][gc,heap        ] GC(309) ParOldGen: 480435K(480768K)->481032K(481280K)
[288.372s][info][gc,metaspace   ] GC(309) Metaspace: 42548K(42944K)->42548K(42944K) NonClass: 39741K(40000K)->39741K(40000K) Class: 2806K(2944K)->2806K(2944K)
[288.372s][info][gc             ] GC(309) Pause Young (Allocation Failure) 610M->478M(697M) 8.431ms
[288.372s][info][gc,cpu         ] GC(309) User=0.02s Sys=0.00s Real=0.01s
[288.865s][info][gc,start       ] GC(310) Pause Young (Allocation Failure)
[288.870s][info][gc,heap        ] GC(310) PSYoungGen: 149306K(232960K)->2118K(235520K) Eden: 140288K(140288K)->0K(151040K) From: 9018K(92672K)->2118K(84480K)
[288.870s][info][gc,heap        ] GC(310) ParOldGen: 481032K(481280K)->481817K(482304K)
[288.870s][info][gc,metaspace   ] GC(310) Metaspace: 42548K(42944K)->42548K(42944K) NonClass: 39741K(40000K)->39741K(40000K) Class: 2806K(2944K)->2806K(2944K)
[288.870s][info][gc             ] GC(310) Pause Young (Allocation Failure) 615M->472M(701M) 4.703ms
[288.870s][info][gc,cpu         ] GC(310) User=0.01s Sys=0.00s Real=0.01s
[289.341s][info][gc,start       ] GC(311) Pause Young (Allocation Failure)
[289.351s][info][gc,heap        ] GC(311) PSYoungGen: 153158K(235520K)->11536K(239616K) Eden: 151040K(151040K)->0K(151040K) From: 2118K(84480K)->11536K(88576K)
[289.351s][info][gc,heap        ] GC(311) ParOldGen: 481817K(482304K)->482453K(482816K)
[289.351s][info][gc,metaspace   ] GC(311) Metaspace: 42548K(42944K)->42548K(42944K) NonClass: 39741K(40000K)->39741K(40000K) Class: 2806K(2944K)->2806K(2944K)
[289.351s][info][gc             ] GC(311) Pause Young (Allocation Failure) 620M->482M(705M) 9.791ms
[289.351s][info][gc,cpu         ] GC(311) User=0.02s Sys=0.00s Real=0.01s
[289.841s][info][gc,start       ] GC(312) Pause Young (Allocation Failure)
[289.854s][info][gc,heap        ] GC(312) PSYoungGen: 162576K(239616K)->18055K(234496K) Eden: 151040K(151040K)->0K(160256K) From: 11536K(88576K)->18055K(74240K)
[289.854s][info][gc,heap        ] GC(312) ParOldGen: 482453K(482816K)->482898K(483328K)
[289.854s][info][gc,metaspace   ] GC(312) Metaspace: 42548K(42944K)->42548K(42944K) NonClass: 39741K(40000K)->39741K(40000K) Class: 2806K(2944K)->2806K(2944K)
[289.854s][info][gc             ] GC(312) Pause Young (Allocation Failure) 629M->489M(701M) 12.814ms
[289.854s][info][gc,cpu         ] GC(312) User=0.02s Sys=0.00s Real=0.01s
[290.383s][info][gc,start       ] GC(313) Pause Young (Allocation Failure)
[290.400s][info][gc,heap        ] GC(313) PSYoungGen: 178311K(234496K)->26113K(240128K) Eden: 160256K(160256K)->0K(160256K) From: 18055K(74240K)->26113K(79872K)
[290.400s][info][gc,heap        ] GC(313) ParOldGen: 482898K(483328K)->483201K(483328K)
[290.400s][info][gc,metaspace   ] GC(313) Metaspace: 42548K(42944K)->42548K(42944K) NonClass: 39741K(40000K)->39741K(40000K) Class: 2806K(2944K)->2806K(2944K)
[290.400s][info][gc             ] GC(313) Pause Young (Allocation Failure) 645M->497M(706M) 17.199ms
[290.400s][info][gc,cpu         ] GC(313) User=0.03s Sys=0.00s Real=0.02s
[290.887s][info][gc,start       ] GC(314) Pause Young (Allocation Failure)
[290.902s][info][gc,heap        ] GC(314) PSYoungGen: 186369K(240128K)->22564K(243712K) Eden: 160256K(160256K)->0K(178688K) From: 26113K(79872K)->22564K(65024K)
[290.902s][info][gc,heap        ] GC(314) ParOldGen: 483201K(483328K)->483587K(483840K)
[290.902s][info][gc,metaspace   ] GC(314) Metaspace: 42550K(42944K)->42550K(42944K) NonClass: 39743K(40000K)->39743K(40000K) Class: 2806K(2944K)->2806K(2944K)
[290.902s][info][gc             ] GC(314) Pause Young (Allocation Failure) 653M->494M(710M) 14.550ms
[290.902s][info][gc,cpu         ] GC(314) User=0.03s Sys=0.00s Real=0.02s
[291.413s][info][gc,start       ] GC(315) Pause Young (Allocation Failure)
[291.437s][info][gc,heap        ] GC(315) PSYoungGen: 201252K(243712K)->1612K(249344K) Eden: 178688K(178688K)->0K(178688K) From: 22564K(65024K)->1612K(70656K)
[291.437s][info][gc,heap        ] GC(315) ParOldGen: 483587K(483840K)->505396K(505856K)
[291.437s][info][gc,metaspace   ] GC(315) Metaspace: 42550K(42944K)->42550K(42944K) NonClass: 39743K(40000K)->39743K(40000K) Class: 2806K(2944K)->2806K(2944K)
[291.437s][info][gc             ] GC(315) Pause Young (Allocation Failure) 668M->495M(737M) 24.541ms
[291.437s][info][gc,cpu         ] GC(315) User=0.03s Sys=0.02s Real=0.02s
[291.961s][info][gc,start       ] GC(316) Pause Young (Allocation Failure)
[291.964s][info][gc,heap        ] GC(316) PSYoungGen: 180300K(249344K)->1608K(259072K) Eden: 178688K(178688K)->0K(193536K) From: 1612K(70656K)->1608K(65536K)
[291.964s][info][gc,heap        ] GC(316) ParOldGen: 505396K(505856K)->505485K(505856K)
[291.964s][info][gc,metaspace   ] GC(316) Metaspace: 42550K(42944K)->42550K(42944K) NonClass: 39744K(40000K)->39744K(40000K) Class: 2806K(2944K)->2806K(2944K)
[291.964s][info][gc             ] GC(316) Pause Young (Allocation Failure) 669M->495M(747M) 3.282ms
[291.964s][info][gc,cpu         ] GC(316) User=0.00s Sys=0.00s Real=0.00s
[292.444s][info][gc,start       ] GC(317) Pause Young (Allocation Failure)
[292.449s][info][gc,heap        ] GC(317) PSYoungGen: 195144K(259072K)->4039K(261632K) Eden: 193536K(193536K)->0K(193536K) From: 1608K(65536K)->4039K(68096K)
[292.449s][info][gc,heap        ] GC(317) ParOldGen: 505485K(505856K)->505981K(506368K)
[292.449s][info][gc,metaspace   ] GC(317) Metaspace: 42550K(42944K)->42550K(42944K) NonClass: 39744K(40000K)->39744K(40000K) Class: 2806K(2944K)->2806K(2944K)
[292.449s][info][gc             ] GC(317) Pause Young (Allocation Failure) 684M->498M(750M) 5.662ms
[292.449s][info][gc,cpu         ] GC(317) User=0.01s Sys=0.00s Real=0.01s
[292.756s][info][gc,start       ] GC(318) Pause Young (Allocation Failure)
[292.762s][info][gc,heap        ] GC(318) PSYoungGen: 197575K(261632K)->2958K(261120K) Eden: 193536K(193536K)->0K(199680K) From: 4039K(68096K)->2958K(61440K)
[292.762s][info][gc,heap        ] GC(318) ParOldGen: 505981K(506368K)->507924K(508416K)
[292.762s][info][gc,metaspace   ] GC(318) Metaspace: 42550K(42944K)->42550K(42944K) NonClass: 39744K(40000K)->39744K(40000K) Class: 2806K(2944K)->2806K(2944K)
[292.762s][info][gc             ] GC(318) Pause Young (Allocation Failure) 687M->498M(751M) 5.945ms
[292.763s][info][gc,cpu         ] GC(318) User=0.01s Sys=0.01s Real=0.01s
[293.108s][info][gc,start       ] GC(319) Pause Young (Allocation Failure)
[293.116s][info][gc,heap        ] GC(319) PSYoungGen: 202638K(261120K)->13405K(263680K) Eden: 199680K(199680K)->0K(199680K) From: 2958K(61440K)->13405K(64000K)
[293.116s][info][gc,heap        ] GC(319) ParOldGen: 507924K(508416K)->507956K(508416K)
[293.116s][info][gc,metaspace   ] GC(319) Metaspace: 42550K(42944K)->42550K(42944K) NonClass: 39744K(40000K)->39744K(40000K) Class: 2806K(2944K)->2806K(2944K)
[293.116s][info][gc             ] GC(319) Pause Young (Allocation Failure) 693M->509M(754M) 7.867ms
[293.116s][info][gc,cpu         ] GC(319) User=0.01s Sys=0.00s Real=0.00s
[293.419s][info][gc,start       ] GC(320) Pause Young (Allocation Failure)
[293.429s][info][gc,heap        ] GC(320) PSYoungGen: 212175K(263680K)->5122K(266240K) Eden: 198770K(199680K)->0K(209920K) From: 13405K(64000K)->5122K(56320K)
[293.429s][info][gc,heap        ] GC(320) ParOldGen: 507956K(508416K)->513528K(513536K)
[293.429s][info][gc,metaspace   ] GC(320) Metaspace: 42552K(42944K)->42552K(42944K) NonClass: 39746K(40000K)->39746K(40000K) Class: 2806K(2944K)->2806K(2944K)
[293.429s][info][gc             ] GC(320) Pause Young (Allocation Failure) 703M->506M(761M) 10.488ms
[293.429s][info][gc,cpu         ] GC(320) User=0.01s Sys=0.01s Real=0.01s
[293.700s][info][gc,start       ] GC(321) Pause Young (Allocation Failure)
[293.710s][info][gc,heap        ] GC(321) PSYoungGen: 215042K(266240K)->2165K(267264K) Eden: 209920K(209920K)->0K(209920K) From: 5122K(56320K)->2165K(57344K)
[293.710s][info][gc,heap        ] GC(321) ParOldGen: 513528K(513536K)->518640K(518656K)
[293.710s][info][gc,metaspace   ] GC(321) Metaspace: 42552K(42944K)->42552K(42944K) NonClass: 39746K(40000K)->39746K(40000K) Class: 2806K(2944K)->2806K(2944K)
[293.710s][info][gc             ] GC(321) Pause Young (Allocation Failure) 711M->508M(767M) 10.029ms
[293.710s][info][gc,cpu         ] GC(321) User=0.01s Sys=0.00s Real=0.01s
[293.984s][info][gc,start       ] GC(322) Pause Young (Allocation Failure)
[293.991s][info][gc,heap        ] GC(322) PSYoungGen: 211868K(267264K)->2820K(273408K) Eden: 209703K(209920K)->0K(221184K) From: 2165K(57344K)->2820K(52224K)
[293.991s][info][gc,heap        ] GC(322) ParOldGen: 518640K(518656K)->520745K(521216K)
[293.991s][info][gc,metaspace   ] GC(322) Metaspace: 42553K(42944K)->42553K(42944K) NonClass: 39746K(40000K)->39746K(40000K) Class: 2806K(2944K)->2806K(2944K)
[293.991s][info][gc             ] GC(322) Pause Young (Allocation Failure) 713M->511M(776M) 7.660ms
[293.991s][info][gc,cpu         ] GC(322) User=0.01s Sys=0.00s Real=0.01s
[294.288s][info][gc,start       ] GC(323) Pause Young (Allocation Failure)
[294.297s][info][gc,heap        ] GC(323) PSYoungGen: 222620K(273408K)->4529K(274432K) Eden: 219799K(221184K)->0K(221184K) From: 2820K(52224K)->4529K(53248K)
[294.297s][info][gc,heap        ] GC(323) ParOldGen: 520745K(521216K)->523519K(523776K)
[294.297s][info][gc,metaspace   ] GC(323) Metaspace: 42553K(42944K)->42553K(42944K) NonClass: 39746K(40000K)->39746K(40000K) Class: 2806K(2944K)->2806K(2944K)
[294.297s][info][gc             ] GC(323) Pause Young (Allocation Failure) 725M->515M(779M) 9.489ms
[294.297s][info][gc,cpu         ] GC(323) User=0.02s Sys=0.00s Real=0.00s
[294.609s][info][gc,start       ] GC(324) Pause Young (Allocation Failure)
[294.624s][info][gc,heap        ] GC(324) PSYoungGen: 225713K(274432K)->9107K(274944K) Eden: 221184K(221184K)->0K(229888K) From: 4529K(53248K)->9107K(45056K)
[294.624s][info][gc,heap        ] GC(324) ParOldGen: 523519K(523776K)->528008K(528384K)
[294.624s][info][gc,metaspace   ] GC(324) Metaspace: 42553K(42944K)->42553K(42944K) NonClass: 39746K(40000K)->39746K(40000K) Class: 2806K(2944K)->2806K(2944K)
[294.624s][info][gc             ] GC(324) Pause Young (Allocation Failure) 731M->524M(784M) 14.549ms
[294.624s][info][gc,cpu         ] GC(324) User=0.02s Sys=0.01s Real=0.01s
[294.951s][info][gc,start       ] GC(325) Pause Young (Allocation Failure)
[294.967s][info][gc,heap        ] GC(325) PSYoungGen: 238262K(274944K)->6157K(276992K) Eden: 229155K(229888K)->0K(229888K) From: 9107K(45056K)->6157K(47104K)
[294.968s][info][gc,heap        ] GC(325) ParOldGen: 528008K(528384K)->535109K(535552K)
[294.968s][info][gc,metaspace   ] GC(325) Metaspace: 42553K(42944K)->42553K(42944K) NonClass: 39746K(40000K)->39746K(40000K) Class: 2806K(2944K)->2806K(2944K)
[294.968s][info][gc             ] GC(325) Pause Young (Allocation Failure) 748M->528M(793M) 16.735ms
[294.968s][info][gc,cpu         ] GC(325) User=0.03s Sys=0.00s Real=0.01s
[295.290s][info][gc,start       ] GC(326) Pause Young (Allocation Failure)
[295.306s][info][gc,heap        ] GC(326) PSYoungGen: 236045K(276992K)->6883K(282112K) Eden: 229888K(229888K)->0K(242176K) From: 6157K(47104K)->6883K(39936K)
[295.306s][info][gc,heap        ] GC(326) ParOldGen: 535109K(535552K)->541341K(541696K)
[295.306s][info][gc,metaspace   ] GC(326) Metaspace: 42553K(42944K)->42553K(42944K) NonClass: 39746K(40000K)->39746K(40000K) Class: 2806K(2944K)->2806K(2944K)
[295.306s][info][gc             ] GC(326) Pause Young (Allocation Failure) 753M->535M(804M) 16.188ms
[295.306s][info][gc,cpu         ] GC(326) User=0.03s Sys=0.00s Real=0.01s
[295.871s][info][gc,start       ] GC(327) Pause Young (Allocation Failure)
[295.890s][info][gc,heap        ] GC(327) PSYoungGen: 249059K(282112K)->10738K(284160K) Eden: 242176K(242176K)->0K(242176K) From: 6883K(39936K)->10738K(41984K)
[295.890s][info][gc,heap        ] GC(327) ParOldGen: 541341K(541696K)->548215K(548352K)
[295.890s][info][gc,metaspace   ] GC(327) Metaspace: 42647K(43008K)->42647K(43008K) NonClass: 39840K(40064K)->39840K(40064K) Class: 2806K(2944K)->2806K(2944K)
[295.890s][info][gc             ] GC(327) Pause Young (Allocation Failure) 771M->545M(813M) 19.000ms
[295.890s][info][gc,cpu         ] GC(327) User=0.03s Sys=0.00s Real=0.02s
[296.454s][info][gc,start       ] GC(328) Pause Young (Allocation Failure)
[296.468s][info][gc,heap        ] GC(328) PSYoungGen: 252914K(284160K)->2284K(289792K) Eden: 242176K(242176K)->0K(252928K) From: 10738K(41984K)->2284K(36864K)
[296.468s][info][gc,heap        ] GC(328) ParOldGen: 548215K(548352K)->557420K(557568K)
[296.468s][info][gc,metaspace   ] GC(328) Metaspace: 42650K(43008K)->42650K(43008K) NonClass: 39843K(40064K)->39843K(40064K) Class: 2806K(2944K)->2806K(2944K)
[296.468s][info][gc             ] GC(328) Pause Young (Allocation Failure) 782M->546M(827M) 13.844ms
[296.468s][info][gc,cpu         ] GC(328) User=0.02s Sys=0.01s Real=0.02s
[297.035s][info][gc,start       ] GC(329) Pause Young (Allocation Failure)
[297.037s][info][gc,heap        ] GC(329) PSYoungGen: 255212K(289792K)->672K(290304K) Eden: 252928K(252928K)->0K(252928K) From: 2284K(36864K)->672K(37376K)
[297.037s][info][gc,heap        ] GC(329) ParOldGen: 557420K(557568K)->557444K(557568K)
[297.037s][info][gc,metaspace   ] GC(329) Metaspace: 42650K(43008K)->42650K(43008K) NonClass: 39844K(40064K)->39844K(40064K) Class: 2806K(2944K)->2806K(2944K)
[297.037s][info][gc             ] GC(329) Pause Young (Allocation Failure) 793M->545M(828M) 2.698ms
[297.037s][info][gc,cpu         ] GC(329) User=0.01s Sys=0.00s Real=0.00s
[297.592s][info][gc,start       ] GC(330) Pause Young (Allocation Failure)
[297.597s][info][gc,heap        ] GC(330) PSYoungGen: 253600K(290304K)->2947K(293888K) Eden: 252928K(252928K)->0K(260096K) From: 672K(37376K)->2947K(33792K)
[297.597s][info][gc,heap        ] GC(330) ParOldGen: 557444K(557568K)->557444K(557568K)
[297.597s][info][gc,metaspace   ] GC(330) Metaspace: 42651K(43008K)->42651K(43008K) NonClass: 39844K(40064K)->39844K(40064K) Class: 2806K(2944K)->2806K(2944K)
[297.597s][info][gc             ] GC(330) Pause Young (Allocation Failure) 792M->547M(831M) 4.871ms
[297.597s][info][gc,cpu         ] GC(330) User=0.01s Sys=0.00s Real=0.00s
[298.205s][info][gc,start       ] GC(331) Pause Young (Allocation Failure)
[298.212s][info][gc,heap        ] GC(331) PSYoungGen: 263043K(293888K)->7778K(294912K) Eden: 260096K(260096K)->0K(260096K) From: 2947K(33792K)->7778K(34816K)
[298.212s][info][gc,heap        ] GC(331) ParOldGen: 557444K(557568K)->557516K(557568K)
[298.212s][info][gc,metaspace   ] GC(331) Metaspace: 42708K(43072K)->42708K(43072K) NonClass: 39901K(40128K)->39901K(40128K) Class: 2806K(2944K)->2806K(2944K)
[298.212s][info][gc             ] GC(331) Pause Young (Allocation Failure) 801M->552M(832M) 6.714ms
[298.212s][info][gc,cpu         ] GC(331) User=0.01s Sys=0.00s Real=0.01s
[299.146s][info][gc,start       ] GC(332) Pause Young (Allocation Failure)
[299.153s][info][gc,heap        ] GC(332) PSYoungGen: 267874K(294912K)->4210K(297472K) Eden: 260096K(260096K)->0K(266752K) From: 7778K(34816K)->4210K(30720K)
[299.153s][info][gc,heap        ] GC(332) ParOldGen: 557516K(557568K)->557652K(558080K)
[299.153s][info][gc,metaspace   ] GC(332) Metaspace: 42721K(43200K)->42721K(43200K) NonClass: 39914K(40256K)->39914K(40256K) Class: 2806K(2944K)->2806K(2944K)
[299.153s][info][gc             ] GC(332) Pause Young (Allocation Failure) 806M->548M(835M) 6.498ms
[299.153s][info][gc,cpu         ] GC(332) User=0.02s Sys=0.00s Real=0.01s
[300.320s][info][gc,start       ] GC(333) Pause Young (Allocation Failure)
[300.339s][info][gc,heap        ] GC(333) PSYoungGen: 270962K(297472K)->17572K(297472K) Eden: 266752K(266752K)->0K(266752K) From: 4210K(30720K)->17572K(30720K)
[300.339s][info][gc,heap        ] GC(333) ParOldGen: 557652K(558080K)->560742K(561152K)
[300.339s][info][gc,metaspace   ] GC(333) Metaspace: 42751K(43200K)->42751K(43200K) NonClass: 39944K(40256K)->39944K(40256K) Class: 2806K(2944K)->2806K(2944K)
[300.339s][info][gc             ] GC(333) Pause Young (Allocation Failure) 809M->564M(838M) 19.471ms
[300.339s][info][gc,cpu         ] GC(333) User=0.03s Sys=0.00s Real=0.02s
[300.964s][info][gc,start       ] GC(334) Pause Young (Allocation Failure)
[301.023s][info][gc,heap        ] GC(334) PSYoungGen: 284324K(297472K)->30188K(290816K) Eden: 266752K(266752K)->0K(259072K) From: 17572K(30720K)->30188K(31744K)
[301.024s][info][gc,heap        ] GC(334) ParOldGen: 560742K(561152K)->577878K(578048K)
[301.024s][info][gc,metaspace   ] GC(334) Metaspace: 42751K(43200K)->42751K(43200K) NonClass: 39944K(40256K)->39944K(40256K) Class: 2806K(2944K)->2806K(2944K)
[301.024s][info][gc             ] GC(334) Pause Young (Allocation Failure) 825M->593M(848M) 59.848ms
[301.024s][info][gc,cpu         ] GC(334) User=0.09s Sys=0.02s Real=0.06s
[301.591s][info][gc,start       ] GC(335) Pause Young (Allocation Failure)
[301.659s][info][gc,heap        ] GC(335) PSYoungGen: 289260K(290816K)->27064K(286208K) Eden: 259072K(259072K)->0K(259072K) From: 30188K(31744K)->27064K(27136K)
[301.659s][info][gc,heap        ] GC(335) ParOldGen: 577878K(578048K)->608270K(608768K)
[301.659s][info][gc,metaspace   ] GC(335) Metaspace: 42751K(43200K)->42751K(43200K) NonClass: 39944K(40256K)->39944K(40256K) Class: 2806K(2944K)->2806K(2944K)
[301.659s][info][gc             ] GC(335) Pause Young (Allocation Failure) 846M->620M(874M) 68.720ms
[301.659s][info][gc,cpu         ] GC(335) User=0.10s Sys=0.04s Real=0.07s
[302.815s][info][gc,start       ] GC(336) Pause Young (GCLocker Initiated GC)
[302.915s][info][gc,heap        ] GC(336) PSYoungGen: 286136K(286208K)->40958K(247808K) Eden: 259072K(259072K)->0K(206848K) From: 27064K(27136K)->40958K(40960K)
[302.915s][info][gc,heap        ] GC(336) ParOldGen: 608270K(608768K)->648461K(648704K)
[302.915s][info][gc,metaspace   ] GC(336) Metaspace: 42753K(43200K)->42753K(43200K) NonClass: 39946K(40256K)->39946K(40256K) Class: 2806K(2944K)->2806K(2944K)
[302.915s][info][gc             ] GC(336) Pause Young (GCLocker Initiated GC) 873M->673M(875M) 99.949ms
[302.915s][info][gc,cpu         ] GC(336) User=0.17s Sys=0.03s Real=0.10s
[306.102s][info][gc,start       ] GC(337) Pause Full (Allocation Failure)
[306.102s][info][gc,phases,start] GC(337) Marking Phase
[306.149s][info][gc,phases      ] GC(337) Marking Phase 47.760ms
[306.149s][info][gc,phases,start] GC(337) Summary Phase
[306.150s][info][gc,phases      ] GC(337) Summary Phase 0.032ms
[306.150s][info][gc,phases,start] GC(337) Forward
[306.157s][info][gc,phases      ] GC(337) Forward 6.969ms
[306.157s][info][gc,phases,start] GC(337) Adjust Pointers
[306.183s][info][gc,phases      ] GC(337) Adjust Pointers 25.997ms
[306.183s][info][gc,phases,start] GC(337) Compaction Phase
[306.189s][info][gc,phases      ] GC(337) Compaction Phase 6.695ms
[306.189s][info][gc,phases,start] GC(337) Post Compact
[306.192s][info][gc,phases      ] GC(337) Post Compact 2.690ms
[306.232s][info][gc,heap        ] GC(337) PSYoungGen: 247806K(247808K)->0K(270336K) Eden: 206848K(206848K)->0K(206848K) From: 40958K(40960K)->0K(63488K)
[306.232s][info][gc,heap        ] GC(337) ParOldGen: 648461K(648704K)->50168K(184320K)
[306.232s][info][gc,metaspace   ] GC(337) Metaspace: 42781K(43200K)->42781K(43200K) NonClass: 39973K(40256K)->39973K(40256K) Class: 2807K(2944K)->2807K(2944K)
[306.232s][info][gc             ] GC(337) Pause Full (Allocation Failure) 875M->48M(444M) 130.316ms
[306.232s][info][gc,cpu         ] GC(337) User=0.12s Sys=0.04s Real=0.13s
[306.988s][info][gc,start       ] GC(338) Pause Young (Allocation Failure)
[306.995s][info][gc,heap        ] GC(338) PSYoungGen: 206848K(270336K)->7047K(265216K) Eden: 206848K(206848K)->0K(206848K) From: 0K(63488K)->7047K(58368K)
[306.995s][info][gc,heap        ] GC(338) ParOldGen: 50168K(184320K)->50168K(184320K)
[306.995s][info][gc,metaspace   ] GC(338) Metaspace: 42781K(43200K)->42781K(43200K) NonClass: 39973K(40256K)->39973K(40256K) Class: 2807K(2944K)->2807K(2944K)
[306.995s][info][gc             ] GC(338) Pause Young (Allocation Failure) 250M->55M(439M) 7.246ms
[306.995s][info][gc,cpu         ] GC(338) User=0.01s Sys=0.01s Real=0.01s
[308.083s][info][gc,start       ] GC(339) Pause Young (Allocation Failure)
[308.089s][info][gc,heap        ] GC(339) PSYoungGen: 213895K(265216K)->1907K(267776K) Eden: 206848K(206848K)->0K(206848K) From: 7047K(58368K)->1907K(60928K)
[308.089s][info][gc,heap        ] GC(339) ParOldGen: 50168K(184320K)->54638K(184320K)
[308.089s][info][gc,metaspace   ] GC(339) Metaspace: 42782K(43200K)->42782K(43200K) NonClass: 39974K(40256K)->39974K(40256K) Class: 2807K(2944K)->2807K(2944K)
[308.089s][info][gc             ] GC(339) Pause Young (Allocation Failure) 257M->55M(441M) 5.728ms
[308.089s][info][gc,cpu         ] GC(339) User=0.01s Sys=0.00s Real=0.01s
[309.257s][info][gc,start       ] GC(340) Pause Young (Allocation Failure)
[309.279s][info][gc,heap        ] GC(340) PSYoungGen: 208755K(267776K)->21824K(267776K) Eden: 206848K(206848K)->0K(213504K) From: 1907K(60928K)->21824K(54272K)
[309.279s][info][gc,heap        ] GC(340) ParOldGen: 54638K(184320K)->56389K(184320K)
[309.279s][info][gc,metaspace   ] GC(340) Metaspace: 42782K(43200K)->42782K(43200K) NonClass: 39974K(40256K)->39974K(40256K) Class: 2807K(2944K)->2807K(2944K)
[309.279s][info][gc             ] GC(340) Pause Young (Allocation Failure) 257M->76M(441M) 22.438ms
[309.279s][info][gc,cpu         ] GC(340) User=0.04s Sys=0.01s Real=0.03s
[310.499s][info][gc,start       ] GC(341) Pause Young (Allocation Failure)
[310.533s][info][gc,heap        ] GC(341) PSYoungGen: 235328K(267776K)->19217K(270848K) Eden: 213504K(213504K)->0K(213504K) From: 21824K(54272K)->19217K(57344K)
[310.533s][info][gc,heap        ] GC(341) ParOldGen: 56389K(184320K)->78057K(184320K)
[310.533s][info][gc,metaspace   ] GC(341) Metaspace: 42782K(43200K)->42782K(43200K) NonClass: 39974K(40256K)->39974K(40256K) Class: 2807K(2944K)->2807K(2944K)
[310.533s][info][gc             ] GC(341) Pause Young (Allocation Failure) 284M->94M(444M) 34.213ms
[310.533s][info][gc,cpu         ] GC(341) User=0.07s Sys=0.00s Real=0.03s
[311.729s][info][gc,start       ] GC(342) Pause Young (Allocation Failure)
[311.760s][info][gc,heap        ] GC(342) PSYoungGen: 232721K(270848K)->18300K(269312K) Eden: 213504K(213504K)->0K(222208K) From: 19217K(57344K)->18300K(47104K)
[311.761s][info][gc,heap        ] GC(342) ParOldGen: 78057K(184320K)->97275K(184320K)
[311.761s][info][gc,metaspace   ] GC(342) Metaspace: 42782K(43200K)->42782K(43200K) NonClass: 39974K(40256K)->39974K(40256K) Class: 2807K(2944K)->2807K(2944K)
[311.761s][info][gc             ] GC(342) Pause Young (Allocation Failure) 303M->112M(443M) 31.685ms
[311.761s][info][gc,cpu         ] GC(342) User=0.06s Sys=0.00s Real=0.03s
[312.322s][info][gc,start       ] GC(343) Pause Young (Allocation Failure)
[312.367s][info][gc,heap        ] GC(343) PSYoungGen: 240508K(269312K)->33920K(272896K) Eden: 222208K(222208K)->0K(222208K) From: 18300K(47104K)->33920K(50688K)
[312.367s][info][gc,heap        ] GC(343) ParOldGen: 97275K(184320K)->115640K(184320K)
[312.367s][info][gc,metaspace   ] GC(343) Metaspace: 42782K(43200K)->42782K(43200K) NonClass: 39974K(40256K)->39974K(40256K) Class: 2807K(2944K)->2807K(2944K)
[312.367s][info][gc             ] GC(343) Pause Young (Allocation Failure) 329M->146M(446M) 44.893ms
[312.367s][info][gc,cpu         ] GC(343) User=0.09s Sys=0.00s Real=0.04s
[312.911s][info][gc,start       ] GC(344) Pause Young (Allocation Failure)
[312.965s][info][gc,heap        ] GC(344) PSYoungGen: 256128K(272896K)->27384K(280576K) Eden: 222208K(222208K)->0K(226816K) From: 33920K(50688K)->27384K(53760K)
[312.965s][info][gc,heap        ] GC(344) ParOldGen: 115640K(184320K)->148878K(184320K)
[312.965s][info][gc,metaspace   ] GC(344) Metaspace: 42782K(43200K)->42782K(43200K) NonClass: 39974K(40256K)->39974K(40256K) Class: 2807K(2944K)->2807K(2944K)
[312.965s][info][gc             ] GC(344) Pause Young (Allocation Failure) 363M->172M(454M) 53.703ms
[312.965s][info][gc,cpu         ] GC(344) User=0.11s Sys=0.00s Real=0.05s
[313.530s][info][gc,start       ] GC(345) Pause Young (Allocation Failure)
[313.578s][info][gc,heap        ] GC(345) PSYoungGen: 254200K(280576K)->28224K(280064K) Eden: 226816K(226816K)->0K(226816K) From: 27384K(53760K)->28224K(53248K)
[313.578s][info][gc,heap        ] GC(345) ParOldGen: 148878K(184320K)->174806K(184320K)
[313.578s][info][gc,metaspace   ] GC(345) Metaspace: 42782K(43200K)->42782K(43200K) NonClass: 39974K(40256K)->39974K(40256K) Class: 2807K(2944K)->2807K(2944K)
[313.578s][info][gc             ] GC(345) Pause Young (Allocation Failure) 393M->198M(453M) 48.295ms
[313.578s][info][gc,cpu         ] GC(345) User=0.09s Sys=0.00s Real=0.05s
[315.116s][info][gc,start       ] GC(346) Pause Young (Allocation Failure)
[315.158s][info][gc,heap        ] GC(346) PSYoungGen: 255040K(280064K)->12841K(276992K) Eden: 226816K(226816K)->0K(227328K) From: 28224K(53248K)->12841K(49664K)
[315.158s][info][gc,heap        ] GC(346) ParOldGen: 174806K(184320K)->203263K(203264K)
[315.158s][info][gc,metaspace   ] GC(346) Metaspace: 42782K(43200K)->42782K(43200K) NonClass: 39974K(40256K)->39974K(40256K) Class: 2807K(2944K)->2807K(2944K)
[315.158s][info][gc             ] GC(346) Pause Young (Allocation Failure) 419M->211M(469M) 41.356ms
[315.158s][info][gc,cpu         ] GC(346) User=0.06s Sys=0.02s Real=0.05s
[316.149s][info][gc,start       ] GC(347) Pause Young (Allocation Failure)
[316.174s][info][gc,heap        ] GC(347) PSYoungGen: 240169K(276992K)->12926K(278528K) Eden: 227328K(227328K)->0K(227328K) From: 12841K(49664K)->12926K(51200K)
[316.174s][info][gc,heap        ] GC(347) ParOldGen: 203263K(203264K)->214228K(214528K)
[316.174s][info][gc,metaspace   ] GC(347) Metaspace: 42782K(43200K)->42782K(43200K) NonClass: 39974K(40256K)->39974K(40256K) Class: 2807K(2944K)->2807K(2944K)
[316.174s][info][gc             ] GC(347) Pause Young (Allocation Failure) 433M->221M(481M) 25.395ms
[316.174s][info][gc,cpu         ] GC(347) User=0.04s Sys=0.02s Real=0.02s
[317.444s][info][gc,start       ] GC(348) Pause Young (Allocation Failure)
[317.482s][info][gc,heap        ] GC(348) PSYoungGen: 240254K(278528K)->24279K(281088K) Eden: 227328K(227328K)->0K(233472K) From: 12926K(51200K)->24279K(47616K)
[317.482s][info][gc,heap        ] GC(348) ParOldGen: 214228K(214528K)->227223K(227328K)
[317.482s][info][gc,metaspace   ] GC(348) Metaspace: 42782K(43200K)->42782K(43200K) NonClass: 39974K(40256K)->39974K(40256K) Class: 2807K(2944K)->2807K(2944K)
[317.482s][info][gc             ] GC(348) Pause Young (Allocation Failure) 443M->245M(496M) 38.271ms
[317.482s][info][gc,cpu         ] GC(348) User=0.06s Sys=0.01s Real=0.04s
[318.757s][info][gc,start       ] GC(349) Pause Young (Allocation Failure)
[318.807s][info][gc,heap        ] GC(349) PSYoungGen: 257751K(281088K)->21812K(281600K) Eden: 233472K(233472K)->0K(233472K) From: 24279K(47616K)->21812K(48128K)
[318.807s][info][gc,heap        ] GC(349) ParOldGen: 227223K(227328K)->251462K(251904K)
[318.807s][info][gc,metaspace   ] GC(349) Metaspace: 42782K(43200K)->42782K(43200K) NonClass: 39974K(40256K)->39974K(40256K) Class: 2807K(2944K)->2807K(2944K)
[318.807s][info][gc             ] GC(349) Pause Young (Allocation Failure) 473M->266M(521M) 50.674ms
[318.807s][info][gc,cpu         ] GC(349) User=0.09s Sys=0.01s Real=0.05s
[320.079s][info][gc,start       ] GC(350) Pause Young (Allocation Failure)
[320.123s][info][gc,heap        ] GC(350) PSYoungGen: 255284K(281600K)->20543K(282112K) Eden: 233472K(233472K)->0K(239616K) From: 21812K(48128K)->20543K(42496K)
[320.123s][info][gc,heap        ] GC(350) ParOldGen: 251462K(251904K)->273419K(273920K)
[320.123s][info][gc,metaspace   ] GC(350) Metaspace: 42782K(43200K)->42782K(43200K) NonClass: 39974K(40256K)->39974K(40256K) Class: 2807K(2944K)->2807K(2944K)
[320.124s][info][gc             ] GC(350) Pause Young (Allocation Failure) 494M->287M(543M) 44.202ms
[320.124s][info][gc,cpu         ] GC(350) User=0.06s Sys=0.01s Real=0.04s
[320.923s][info][gc,start       ] GC(351) Pause Young (Allocation Failure)
[320.954s][info][gc,heap        ] GC(351) PSYoungGen: 260159K(282112K)->11169K(283136K) Eden: 239616K(239616K)->0K(239616K) From: 20543K(42496K)->11169K(43520K)
[320.954s][info][gc,heap        ] GC(351) ParOldGen: 273419K(273920K)->293466K(293888K)
[320.954s][info][gc,metaspace   ] GC(351) Metaspace: 42782K(43200K)->42782K(43200K) NonClass: 39974K(40256K)->39974K(40256K) Class: 2807K(2944K)->2807K(2944K)
[320.954s][info][gc             ] GC(351) Pause Young (Allocation Failure) 521M->297M(563M) 31.140ms
[320.954s][info][gc,cpu         ] GC(351) User=0.05s Sys=0.02s Real=0.03s
[321.882s][info][gc,start       ] GC(352) Pause Young (Allocation Failure)
[321.897s][info][gc,heap        ] GC(352) PSYoungGen: 250785K(283136K)->11485K(287744K) Eden: 239616K(239616K)->0K(247296K) From: 11169K(43520K)->11485K(40448K)
[321.897s][info][gc,heap        ] GC(352) ParOldGen: 293466K(293888K)->299876K(300032K)
[321.897s][info][gc,metaspace   ] GC(352) Metaspace: 42782K(43200K)->42782K(43200K) NonClass: 39974K(40256K)->39974K(40256K) Class: 2807K(2944K)->2807K(2944K)
[321.897s][info][gc             ] GC(352) Pause Young (Allocation Failure) 531M->304M(574M) 15.514ms
[321.897s][info][gc,cpu         ] GC(352) User=0.02s Sys=0.00s Real=0.01s
[322.817s][info][gc,start       ] GC(353) Pause Young (Allocation Failure)
[322.823s][info][gc,heap        ] GC(353) PSYoungGen: 258781K(287744K)->5029K(289280K) Eden: 247296K(247296K)->0K(247296K) From: 11485K(40448K)->5029K(41984K)
[322.823s][info][gc,heap        ] GC(353) ParOldGen: 299876K(300032K)->300804K(301056K)
[322.823s][info][gc,metaspace   ] GC(353) Metaspace: 42782K(43200K)->42782K(43200K) NonClass: 39974K(40256K)->39974K(40256K) Class: 2807K(2944K)->2807K(2944K)
[322.823s][info][gc             ] GC(353) Pause Young (Allocation Failure) 545M->298M(576M) 5.835ms
[322.823s][info][gc,cpu         ] GC(353) User=0.01s Sys=0.00s Real=0.01s
[323.559s][info][gc,start       ] GC(354) Pause Young (Allocation Failure)
[323.564s][info][gc,heap        ] GC(354) PSYoungGen: 251458K(289280K)->1624K(291840K) Eden: 246428K(247296K)->0K(249856K) From: 5029K(41984K)->1624K(41984K)
[323.564s][info][gc,heap        ] GC(354) ParOldGen: 300804K(301056K)->302188K(302592K)
[323.564s][info][gc,metaspace   ] GC(354) Metaspace: 42782K(43200K)->42782K(43200K) NonClass: 39974K(40256K)->39974K(40256K) Class: 2807K(2944K)->2807K(2944K)
[323.564s][info][gc             ] GC(354) Pause Young (Allocation Failure) 539M->296M(580M) 4.568ms
[323.564s][info][gc,cpu         ] GC(354) User=0.00s Sys=0.00s Real=0.00s
[324.441s][info][gc,start       ] GC(355) Pause Young (Allocation Failure)
[324.451s][info][gc,heap        ] GC(355) PSYoungGen: 251480K(291840K)->11902K(262144K) Eden: 249856K(249856K)->0K(249856K) From: 1624K(41984K)->11902K(12288K)
[324.451s][info][gc,heap        ] GC(355) ParOldGen: 302188K(302592K)->303268K(303616K)
[324.451s][info][gc,metaspace   ] GC(355) Metaspace: 42782K(43200K)->42782K(43200K) NonClass: 39975K(40256K)->39975K(40256K) Class: 2807K(2944K)->2807K(2944K)
[324.451s][info][gc             ] GC(355) Pause Young (Allocation Failure) 540M->307M(552M) 9.989ms
[324.451s][info][gc,cpu         ] GC(355) User=0.02s Sys=0.00s Real=0.01s
[325.422s][info][gc,start       ] GC(356) Pause Young (Allocation Failure)
[325.444s][info][gc,heap        ] GC(356) PSYoungGen: 261758K(262144K)->17050K(291328K) Eden: 249856K(249856K)->0K(251392K) From: 11902K(12288K)->17050K(39936K)
[325.444s][info][gc,heap        ] GC(356) ParOldGen: 303268K(303616K)->308318K(308736K)
[325.444s][info][gc,metaspace   ] GC(356) Metaspace: 42782K(43200K)->42782K(43200K) NonClass: 39975K(40256K)->39975K(40256K) Class: 2807K(2944K)->2807K(2944K)
[325.444s][info][gc             ] GC(356) Pause Young (Allocation Failure) 551M->317M(586M) 22.135ms
[325.444s][info][gc,cpu         ] GC(356) User=0.04s Sys=0.00s Real=0.02s
[326.289s][info][gc,start       ] GC(357) Pause Young (Allocation Failure)
[326.314s][info][gc,heap        ] GC(357) PSYoungGen: 268442K(291328K)->8791K(289792K) Eden: 251392K(251392K)->0K(251392K) From: 17050K(39936K)->8791K(38400K)
[326.314s][info][gc,heap        ] GC(357) ParOldGen: 308318K(308736K)->321687K(322048K)
[326.314s][info][gc,metaspace   ] GC(357) Metaspace: 42782K(43200K)->42782K(43200K) NonClass: 39975K(40256K)->39975K(40256K) Class: 2807K(2944K)->2807K(2944K)
[326.314s][info][gc             ] GC(357) Pause Young (Allocation Failure) 563M->322M(597M) 24.591ms
[326.314s][info][gc,cpu         ] GC(357) User=0.04s Sys=0.01s Real=0.02s
[327.198s][info][gc,start       ] GC(358) Pause Young (Allocation Failure)
[327.219s][info][gc,heap        ] GC(358) PSYoungGen: 260183K(289792K)->15187K(293376K) Eden: 251392K(251392K)->0K(257536K) From: 8791K(38400K)->15187K(35840K)
[327.219s][info][gc,heap        ] GC(358) ParOldGen: 321687K(322048K)->326766K(327168K)
[327.219s][info][gc,metaspace   ] GC(358) Metaspace: 42783K(43200K)->42783K(43200K) NonClass: 39975K(40256K)->39975K(40256K) Class: 2807K(2944K)->2807K(2944K)
[327.219s][info][gc             ] GC(358) Pause Young (Allocation Failure) 568M->333M(606M) 21.421ms
[327.220s][info][gc,cpu         ] GC(358) User=0.04s Sys=0.00s Real=0.02s
[328.022s][info][gc,start       ] GC(359) Pause Young (Allocation Failure)
[328.033s][info][gc,heap        ] GC(359) PSYoungGen: 272723K(293376K)->10861K(292352K) Eden: 257536K(257536K)->0K(257536K) From: 15187K(35840K)->10861K(34816K)
[328.033s][info][gc,heap        ] GC(359) ParOldGen: 326766K(327168K)->327822K(328192K)
[328.033s][info][gc,metaspace   ] GC(359) Metaspace: 42783K(43200K)->42783K(43200K) NonClass: 39975K(40256K)->39975K(40256K) Class: 2807K(2944K)->2807K(2944K)
[328.033s][info][gc             ] GC(359) Pause Young (Allocation Failure) 585M->330M(606M) 10.668ms
[328.033s][info][gc,cpu         ] GC(359) User=0.02s Sys=0.00s Real=0.01s
[328.976s][info][gc,start       ] GC(360) Pause Young (Allocation Failure)
[328.983s][info][gc,heap        ] GC(360) PSYoungGen: 268397K(292352K)->8388K(297984K) Eden: 257536K(257536K)->0K(264192K) From: 10861K(34816K)->8388K(33792K)
[328.983s][info][gc,heap        ] GC(360) ParOldGen: 327822K(328192K)->328714K(329216K)
[328.983s][info][gc,metaspace   ] GC(360) Metaspace: 42783K(43200K)->42783K(43200K) NonClass: 39975K(40256K)->39975K(40256K) Class: 2807K(2944K)->2807K(2944K)
[328.984s][info][gc             ] GC(360) Pause Young (Allocation Failure) 582M->329M(612M) 7.751ms
[328.984s][info][gc,cpu         ] GC(360) User=0.01s Sys=0.00s Real=0.01s
[329.896s][info][gc,start       ] GC(361) Pause Young (Allocation Failure)
[329.946s][info][gc,heap        ] GC(361) PSYoungGen: 272580K(297984K)->32742K(296960K) Eden: 264192K(264192K)->0K(264192K) From: 8388K(33792K)->32742K(32768K)
[329.946s][info][gc,heap        ] GC(361) ParOldGen: 328714K(329216K)->341936K(342016K)
[329.946s][info][gc,metaspace   ] GC(361) Metaspace: 42783K(43200K)->42783K(43200K) NonClass: 39975K(40256K)->39975K(40256K) Class: 2807K(2944K)->2807K(2944K)
[329.946s][info][gc             ] GC(361) Pause Young (Allocation Failure) 587M->365M(624M) 49.474ms
[329.946s][info][gc,cpu         ] GC(361) User=0.09s Sys=0.01s Real=0.05s
[331.065s][info][gc,start       ] GC(362) Pause Young (Allocation Failure)
[331.114s][info][gc,heap        ] GC(362) PSYoungGen: 296934K(296960K)->25081K(284672K) Eden: 264192K(264192K)->0K(247808K) From: 32742K(32768K)->25081K(36864K)
[331.114s][info][gc,heap        ] GC(362) ParOldGen: 341936K(342016K)->358943K(359424K)
[331.114s][info][gc,metaspace   ] GC(362) Metaspace: 42783K(43200K)->42783K(43200K) NonClass: 39975K(40256K)->39975K(40256K) Class: 2807K(2944K)->2807K(2944K)
[331.114s][info][gc             ] GC(362) Pause Young (Allocation Failure) 623M->375M(629M) 49.091ms
[331.114s][info][gc,cpu         ] GC(362) User=0.09s Sys=0.01s Real=0.05s
[331.968s][info][gc,start       ] GC(363) Pause Young (Allocation Failure)
[331.990s][info][gc,heap        ] GC(363) PSYoungGen: 272889K(284672K)->1664K(249856K) Eden: 247808K(247808K)->0K(247808K) From: 25081K(36864K)->1664K(2048K)
[331.990s][info][gc,heap        ] GC(363) ParOldGen: 358943K(359424K)->373016K(373248K)
[331.990s][info][gc,metaspace   ] GC(363) Metaspace: 42783K(43200K)->42783K(43200K) NonClass: 39975K(40256K)->39975K(40256K) Class: 2807K(2944K)->2807K(2944K)
[331.990s][info][gc             ] GC(363) Pause Young (Allocation Failure) 617M->365M(608M) 22.453ms
[331.990s][info][gc,cpu         ] GC(363) User=0.03s Sys=0.01s Real=0.02s
[332.691s][info][gc,start       ] GC(364) Pause Young (Allocation Failure)
[332.713s][info][gc,heap        ] GC(364) PSYoungGen: 249472K(249856K)->28984K(286208K) Eden: 247808K(247808K)->0K(242688K) From: 1664K(2048K)->28984K(43520K)
[332.713s][info][gc,heap        ] GC(364) ParOldGen: 373016K(373248K)->374040K(374272K)
[332.713s][info][gc,metaspace   ] GC(364) Metaspace: 42783K(43200K)->42783K(43200K) NonClass: 39975K(40256K)->39975K(40256K) Class: 2807K(2944K)->2807K(2944K)
[332.713s][info][gc             ] GC(364) Pause Young (Allocation Failure) 607M->393M(645M) 22.494ms
[332.713s][info][gc,cpu         ] GC(364) User=0.04s Sys=0.00s Real=0.02s
[333.451s][info][gc,start       ] GC(365) Pause Young (Allocation Failure)
[333.465s][info][gc,heap        ] GC(365) PSYoungGen: 271672K(286208K)->2016K(288256K) Eden: 242688K(242688K)->0K(242688K) From: 28984K(43520K)->2016K(45568K)
[333.465s][info][gc,heap        ] GC(365) ParOldGen: 374040K(374272K)->384280K(384512K)
[333.465s][info][gc,metaspace   ] GC(365) Metaspace: 42783K(43200K)->42783K(43200K) NonClass: 39975K(40256K)->39975K(40256K) Class: 2807K(2944K)->2807K(2944K)
[333.465s][info][gc             ] GC(365) Pause Young (Allocation Failure) 630M->377M(657M) 14.236ms
[333.465s][info][gc,cpu         ] GC(365) User=0.02s Sys=0.01s Real=0.01s
[334.297s][info][gc,start       ] GC(366) Pause Young (Allocation Failure)
[334.323s][info][gc,heap        ] GC(366) PSYoungGen: 244704K(288256K)->37152K(279040K) Eden: 242688K(242688K)->0K(233472K) From: 2016K(45568K)->37152K(45568K)
[334.323s][info][gc,heap        ] GC(366) ParOldGen: 384280K(384512K)->384810K(385024K)
[334.323s][info][gc,metaspace   ] GC(366) Metaspace: 42783K(43200K)->42783K(43200K) NonClass: 39975K(40256K)->39975K(40256K) Class: 2807K(2944K)->2807K(2944K)
[334.323s][info][gc             ] GC(366) Pause Young (Allocation Failure) 614M->412M(648M) 26.786ms
[334.323s][info][gc,cpu         ] GC(366) User=0.05s Sys=0.00s Real=0.03s
[335.112s][info][gc,start       ] GC(367) Pause Young (Allocation Failure)
[335.136s][info][gc,heap        ] GC(367) PSYoungGen: 270624K(279040K)->35824K(269312K) Eden: 233472K(233472K)->0K(233472K) From: 37152K(45568K)->35824K(35840K)
[335.136s][info][gc,heap        ] GC(367) ParOldGen: 384810K(385024K)->385476K(385536K)
[335.136s][info][gc,metaspace   ] GC(367) Metaspace: 42783K(43200K)->42783K(43200K) NonClass: 39975K(40256K)->39975K(40256K) Class: 2807K(2944K)->2807K(2944K)
[335.136s][info][gc             ] GC(367) Pause Young (Allocation Failure) 640M->411M(639M) 24.279ms
[335.136s][info][gc,cpu         ] GC(367) User=0.05s Sys=0.00s Real=0.02s
[335.951s][info][gc,start       ] GC(368) Pause Young (Allocation Failure)
[335.983s][info][gc,heap        ] GC(368) PSYoungGen: 269296K(269312K)->50873K(263680K) Eden: 233472K(233472K)->0K(209920K) From: 35824K(35840K)->50873K(53760K)
[335.984s][info][gc,heap        ] GC(368) ParOldGen: 385476K(385536K)->387331K(387584K)
[335.984s][info][gc,metaspace   ] GC(368) Metaspace: 42783K(43200K)->42783K(43200K) NonClass: 39975K(40256K)->39975K(40256K) Class: 2807K(2944K)->2807K(2944K)
[335.984s][info][gc             ] GC(368) Pause Young (Allocation Failure) 639M->427M(636M) 32.663ms
[335.984s][info][gc,cpu         ] GC(368) User=0.06s Sys=0.00s Real=0.03s
[336.701s][info][gc,start       ] GC(369) Pause Young (Allocation Failure)
[336.833s][info][gc,heap        ] GC(369) PSYoungGen: 260793K(263680K)->61925K(271872K) Eden: 209920K(209920K)->0K(209920K) From: 50873K(53760K)->61925K(61952K)
[336.833s][info][gc,heap        ] GC(369) ParOldGen: 387331K(387584K)->479989K(480256K)
[336.833s][info][gc,metaspace   ] GC(369) Metaspace: 42783K(43200K)->42783K(43200K) NonClass: 39975K(40256K)->39975K(40256K) Class: 2807K(2944K)->2807K(2944K)
[336.833s][info][gc             ] GC(369) Pause Young (Allocation Failure) 632M->529M(734M) 131.297ms
[336.833s][info][gc,cpu         ] GC(369) User=0.19s Sys=0.06s Real=0.13s
[337.520s][info][gc,start       ] GC(370) Pause Young (Allocation Failure)
[337.587s][info][gc,heap        ] GC(370) PSYoungGen: 271845K(271872K)->16636K(189952K) Eden: 209920K(209920K)->0K(128000K) From: 61925K(61952K)->16636K(61952K)
[337.587s][info][gc,heap        ] GC(370) ParOldGen: 479989K(480256K)->530455K(530944K)
[337.587s][info][gc,metaspace   ] GC(370) Metaspace: 42783K(43200K)->42783K(43200K) NonClass: 39975K(40256K)->39975K(40256K) Class: 2807K(2944K)->2807K(2944K)
[337.587s][info][gc             ] GC(370) Pause Young (Allocation Failure) 734M->534M(704M) 67.158ms
[337.587s][info][gc,cpu         ] GC(370) User=0.09s Sys=0.04s Real=0.06s
[338.030s][info][gc,start       ] GC(371) Pause Young (Allocation Failure)
[338.047s][info][gc,heap        ] GC(371) PSYoungGen: 144636K(189952K)->6838K(230912K) Eden: 128000K(128000K)->0K(128000K) From: 16636K(61952K)->6838K(102912K)
[338.047s][info][gc,heap        ] GC(371) ParOldGen: 530455K(530944K)->543637K(543744K)
[338.047s][info][gc,metaspace   ] GC(371) Metaspace: 42783K(43200K)->42783K(43200K) NonClass: 39975K(40256K)->39975K(40256K) Class: 2807K(2944K)->2807K(2944K)
[338.048s][info][gc             ] GC(371) Pause Young (Allocation Failure) 659M->537M(756M) 17.236ms
[338.048s][info][gc,cpu         ] GC(371) User=0.03s Sys=0.01s Real=0.01s
[338.500s][info][gc,start       ] GC(372) Pause Young (Allocation Failure)
[338.521s][info][gc,heap        ] GC(372) PSYoungGen: 134838K(230912K)->31715K(214528K) Eden: 128000K(128000K)->0K(130048K) From: 6838K(102912K)->31715K(84480K)
[338.521s][info][gc,heap        ] GC(372) ParOldGen: 543637K(543744K)->544043K(544256K)
[338.521s][info][gc,metaspace   ] GC(372) Metaspace: 42783K(43200K)->42783K(43200K) NonClass: 39975K(40256K)->39975K(40256K) Class: 2807K(2944K)->2807K(2944K)
[338.521s][info][gc             ] GC(372) Pause Young (Allocation Failure) 662M->562M(741M) 20.815ms
[338.521s][info][gc,cpu         ] GC(372) User=0.04s Sys=0.00s Real=0.02s
[338.933s][info][gc,start       ] GC(373) Pause Young (Allocation Failure)
[338.939s][info][gc,heap        ] GC(373) PSYoungGen: 161763K(214528K)->5089K(223744K) Eden: 130048K(130048K)->0K(130048K) From: 31715K(84480K)->5089K(93696K)
[338.939s][info][gc,heap        ] GC(373) ParOldGen: 544043K(544256K)->544642K(544768K)
[338.939s][info][gc,metaspace   ] GC(373) Metaspace: 42783K(43200K)->42783K(43200K) NonClass: 39975K(40256K)->39975K(40256K) Class: 2807K(2944K)->2807K(2944K)
[338.939s][info][gc             ] GC(373) Pause Young (Allocation Failure) 689M->536M(750M) 6.058ms
[338.939s][info][gc,cpu         ] GC(373) User=0.01s Sys=0.00s Real=0.01s
[339.345s][info][gc,start       ] GC(374) Pause Young (Allocation Failure)
[339.367s][info][gc,heap        ] GC(374) PSYoungGen: 135137K(223744K)->33519K(229376K) Eden: 130048K(130048K)->0K(147968K) From: 5089K(93696K)->33519K(81408K)
[339.367s][info][gc,heap        ] GC(374) ParOldGen: 544642K(544768K)->545397K(545792K)
[339.367s][info][gc,metaspace   ] GC(374) Metaspace: 42783K(43200K)->42783K(43200K) NonClass: 39975K(40256K)->39975K(40256K) Class: 2807K(2944K)->2807K(2944K)
[339.367s][info][gc             ] GC(374) Pause Young (Allocation Failure) 663M->565M(757M) 22.349ms
[339.367s][info][gc,cpu         ] GC(374) User=0.04s Sys=0.01s Real=0.02s
[339.849s][info][gc,start       ] GC(375) Pause Young (Allocation Failure)
[339.856s][info][gc,heap        ] GC(375) PSYoungGen: 181487K(229376K)->7483K(235520K) Eden: 147968K(147968K)->0K(147968K) From: 33519K(81408K)->7483K(87552K)
[339.856s][info][gc,heap        ] GC(375) ParOldGen: 545397K(545792K)->545764K(545792K)
[339.856s][info][gc,metaspace   ] GC(375) Metaspace: 42783K(43200K)->42783K(43200K) NonClass: 39975K(40256K)->39975K(40256K) Class: 2807K(2944K)->2807K(2944K)
[339.856s][info][gc             ] GC(375) Pause Young (Allocation Failure) 709M->540M(763M) 7.113ms
[339.856s][info][gc,cpu         ] GC(375) User=0.01s Sys=0.00s Real=0.00s
[340.326s][info][gc,start       ] GC(376) Pause Young (Allocation Failure)
[340.344s][info][gc,heap        ] GC(376) PSYoungGen: 155451K(235520K)->28630K(233984K) Eden: 147968K(147968K)->0K(160768K) From: 7483K(87552K)->28630K(73216K)
[340.344s][info][gc,heap        ] GC(376) ParOldGen: 545764K(545792K)->546514K(546816K)
[340.344s][info][gc,metaspace   ] GC(376) Metaspace: 42783K(43200K)->42783K(43200K) NonClass: 39975K(40256K)->39975K(40256K) Class: 2807K(2944K)->2807K(2944K)
[340.344s][info][gc             ] GC(376) Pause Young (Allocation Failure) 684M->561M(762M) 18.469ms
[340.344s][info][gc,cpu         ] GC(376) User=0.04s Sys=0.00s Real=0.02s
[340.817s][info][gc,start       ] GC(377) Pause Young (Allocation Failure)
[340.857s][info][gc,heap        ] GC(377) PSYoungGen: 189398K(233984K)->29648K(241152K) Eden: 160768K(160768K)->0K(160768K) From: 28630K(73216K)->29648K(80384K)
[340.857s][info][gc,heap        ] GC(377) ParOldGen: 546514K(546816K)->568249K(568320K)
[340.857s][info][gc,metaspace   ] GC(377) Metaspace: 42783K(43200K)->42783K(43200K) NonClass: 39975K(40256K)->39975K(40256K) Class: 2807K(2944K)->2807K(2944K)
[340.857s][info][gc             ] GC(377) Pause Young (Allocation Failure) 718M->583M(790M) 40.401ms
[340.857s][info][gc,cpu         ] GC(377) User=0.07s Sys=0.01s Real=0.04s
[341.304s][info][gc,start       ] GC(378) Pause Young (Allocation Failure)
[341.336s][info][gc,heap        ] GC(378) PSYoungGen: 190416K(241152K)->1382K(249856K) Eden: 160768K(160768K)->0K(177664K) From: 29648K(80384K)->1382K(72192K)
[341.336s][info][gc,heap        ] GC(378) ParOldGen: 568249K(568320K)->597248K(597504K)
[341.336s][info][gc,metaspace   ] GC(378) Metaspace: 42783K(43200K)->42783K(43200K) NonClass: 39975K(40256K)->39975K(40256K) Class: 2807K(2944K)->2807K(2944K)
[341.336s][info][gc             ] GC(378) Pause Young (Allocation Failure) 740M->584M(827M) 31.995ms
[341.336s][info][gc,cpu         ] GC(378) User=0.04s Sys=0.02s Real=0.03s
[341.849s][info][gc,start       ] GC(379) Pause Young (Allocation Failure)
[341.852s][info][gc,heap        ] GC(379) PSYoungGen: 179046K(249856K)->1112K(252928K) Eden: 177664K(177664K)->0K(177664K) From: 1382K(72192K)->1112K(75264K)
[341.852s][info][gc,heap        ] GC(379) ParOldGen: 597248K(597504K)->597336K(597504K)
[341.852s][info][gc,metaspace   ] GC(379) Metaspace: 42783K(43200K)->42783K(43200K) NonClass: 39975K(40256K)->39975K(40256K) Class: 2807K(2944K)->2807K(2944K)
[341.852s][info][gc             ] GC(379) Pause Young (Allocation Failure) 758M->584M(830M) 3.083ms
[341.852s][info][gc,cpu         ] GC(379) User=0.01s Sys=0.00s Real=0.00s
[342.303s][info][gc,start       ] GC(380) Pause Young (Allocation Failure)
[342.309s][info][gc,heap        ] GC(380) PSYoungGen: 178776K(252928K)->4818K(252928K) Eden: 177664K(177664K)->0K(183808K) From: 1112K(75264K)->4818K(69120K)
[342.309s][info][gc,heap        ] GC(380) ParOldGen: 597336K(597504K)->597824K(598016K)
[342.309s][info][gc,metaspace   ] GC(380) Metaspace: 42783K(43200K)->42783K(43200K) NonClass: 39975K(40256K)->39975K(40256K) Class: 2807K(2944K)->2807K(2944K)
[342.309s][info][gc             ] GC(380) Pause Young (Allocation Failure) 757M->588M(831M) 6.647ms
[342.309s][info][gc,cpu         ] GC(380) User=0.01s Sys=0.00s Real=0.01s
[342.603s][info][gc,start       ] GC(381) Pause Young (Allocation Failure)
[342.609s][info][gc,heap        ] GC(381) PSYoungGen: 188626K(252928K)->2350K(256000K) Eden: 183808K(183808K)->0K(183808K) From: 4818K(69120K)->2350K(72192K)
[342.609s][info][gc,heap        ] GC(381) ParOldGen: 597824K(598016K)->599771K(600064K)
[342.609s][info][gc,metaspace   ] GC(381) Metaspace: 42783K(43200K)->42783K(43200K) NonClass: 39975K(40256K)->39975K(40256K) Class: 2807K(2944K)->2807K(2944K)
[342.609s][info][gc             ] GC(381) Pause Young (Allocation Failure) 768M->588M(836M) 5.685ms
[342.609s][info][gc,cpu         ] GC(381) User=0.01s Sys=0.00s Real=0.01s
[342.900s][info][gc,start       ] GC(382) Pause Young (Allocation Failure)
[342.904s][info][gc,heap        ] GC(382) PSYoungGen: 186158K(256000K)->1902K(256512K) Eden: 183808K(183808K)->0K(191488K) From: 2350K(72192K)->1902K(65024K)
[342.904s][info][gc,heap        ] GC(382) ParOldGen: 599771K(600064K)->599835K(600064K)
[342.904s][info][gc,metaspace   ] GC(382) Metaspace: 42783K(43200K)->42783K(43200K) NonClass: 39975K(40256K)->39975K(40256K) Class: 2807K(2944K)->2807K(2944K)
[342.904s][info][gc             ] GC(382) Pause Young (Allocation Failure) 767M->587M(836M) 3.768ms
[342.904s][info][gc,cpu         ] GC(382) User=0.01s Sys=0.00s Real=0.00s
[343.237s][info][gc,start       ] GC(383) Pause Young (Allocation Failure)
[343.245s][info][gc,heap        ] GC(383) PSYoungGen: 193260K(256512K)->10629K(259584K) Eden: 191357K(191488K)->0K(191488K) From: 1902K(65024K)->10629K(68096K)
[343.245s][info][gc,heap        ] GC(383) ParOldGen: 599835K(600064K)->600088K(600576K)
[343.245s][info][gc,metaspace   ] GC(383) Metaspace: 42783K(43200K)->42783K(43200K) NonClass: 39975K(40256K)->39975K(40256K) Class: 2807K(2944K)->2807K(2944K)
[343.245s][info][gc             ] GC(383) Pause Young (Allocation Failure) 774M->596M(840M) 8.627ms
[343.245s][info][gc,cpu         ] GC(383) User=0.02s Sys=0.00s Real=0.01s
[343.490s][info][gc,start       ] GC(384) Pause Young (Allocation Failure)
[343.503s][info][gc,heap        ] GC(384) PSYoungGen: 202005K(259584K)->1500K(262656K) Eden: 191375K(191488K)->0K(201728K) From: 10629K(68096K)->1500K(60928K)
[343.503s][info][gc,heap        ] GC(384) ParOldGen: 600088K(600576K)->610473K(610816K)
[343.503s][info][gc,metaspace   ] GC(384) Metaspace: 42783K(43200K)->42783K(43200K) NonClass: 39975K(40256K)->39975K(40256K) Class: 2807K(2944K)->2807K(2944K)
[343.503s][info][gc             ] GC(384) Pause Young (Allocation Failure) 783M->597M(853M) 12.913ms
[343.503s][info][gc,cpu         ] GC(384) User=0.01s Sys=0.01s Real=0.01s
[343.768s][info][gc,start       ] GC(385) Pause Young (Allocation Failure)
[343.775s][info][gc,heap        ] GC(385) PSYoungGen: 202090K(262656K)->2868K(263680K) Eden: 200589K(201728K)->0K(201728K) From: 1500K(60928K)->2868K(61952K)
[343.775s][info][gc,heap        ] GC(385) ParOldGen: 610473K(610816K)->611962K(612352K)
[343.775s][info][gc,metaspace   ] GC(385) Metaspace: 42783K(43200K)->42783K(43200K) NonClass: 39975K(40256K)->39975K(40256K) Class: 2807K(2944K)->2807K(2944K)
[343.775s][info][gc             ] GC(385) Pause Young (Allocation Failure) 793M->600M(855M) 7.081ms
[343.775s][info][gc,cpu         ] GC(385) User=0.01s Sys=0.00s Real=0.00s
[344.052s][info][gc,start       ] GC(386) Pause Young (Allocation Failure)
[344.062s][info][gc,heap        ] GC(386) PSYoungGen: 204596K(263680K)->4942K(267264K) Eden: 201728K(201728K)->0K(212480K) From: 2868K(61952K)->4942K(54784K)
[344.062s][info][gc,heap        ] GC(386) ParOldGen: 611962K(612352K)->614811K(614912K)
[344.062s][info][gc,metaspace   ] GC(386) Metaspace: 42783K(43200K)->42783K(43200K) NonClass: 39975K(40256K)->39975K(40256K) Class: 2807K(2944K)->2807K(2944K)
[344.062s][info][gc             ] GC(386) Pause Young (Allocation Failure) 797M->605M(861M) 10.329ms
[344.062s][info][gc,cpu         ] GC(386) User=0.01s Sys=0.01s Real=0.01s
[344.342s][info][gc,start       ] GC(387) Pause Young (Allocation Failure)
[344.352s][info][gc,heap        ] GC(387) PSYoungGen: 217422K(267264K)->2473K(268800K) Eden: 212480K(212480K)->0K(212480K) From: 4942K(54784K)->2473K(56320K)
[344.352s][info][gc,heap        ] GC(387) ParOldGen: 614811K(614912K)->619775K(620032K)
[344.352s][info][gc,metaspace   ] GC(387) Metaspace: 42783K(43200K)->42783K(43200K) NonClass: 39975K(40256K)->39975K(40256K) Class: 2807K(2944K)->2807K(2944K)
[344.352s][info][gc             ] GC(387) Pause Young (Allocation Failure) 812M->607M(868M) 10.608ms
[344.353s][info][gc,cpu         ] GC(387) User=0.02s Sys=0.01s Real=0.01s
[344.658s][info][gc,start       ] GC(388) Pause Young (Allocation Failure)
[344.669s][info][gc,heap        ] GC(388) PSYoungGen: 214210K(268800K)->6890K(272384K) Eden: 211736K(212480K)->0K(223744K) From: 2473K(56320K)->6890K(48640K)
[344.669s][info][gc,heap        ] GC(388) ParOldGen: 619775K(620032K)->622174K(622592K)
[344.669s][info][gc,metaspace   ] GC(388) Metaspace: 42783K(43200K)->42783K(43200K) NonClass: 39975K(40256K)->39975K(40256K) Class: 2807K(2944K)->2807K(2944K)
[344.669s][info][gc             ] GC(388) Pause Young (Allocation Failure) 814M->614M(874M) 11.970ms
[344.669s][info][gc,cpu         ] GC(388) User=0.03s Sys=0.00s Real=0.02s
[344.983s][info][gc,start       ] GC(389) Pause Young (Allocation Failure)
[344.998s][info][gc,heap        ] GC(389) PSYoungGen: 230210K(272384K)->4128K(274432K) Eden: 223319K(223744K)->0K(223744K) From: 6890K(48640K)->4128K(50688K)
[344.998s][info][gc,heap        ] GC(389) ParOldGen: 622174K(622592K)->629163K(629248K)
[344.998s][info][gc,metaspace   ] GC(389) Metaspace: 42783K(43200K)->42783K(43200K) NonClass: 39975K(40256K)->39975K(40256K) Class: 2807K(2944K)->2807K(2944K)
[344.998s][info][gc             ] GC(389) Pause Young (Allocation Failure) 832M->618M(882M) 15.045ms
[344.998s][info][gc,cpu         ] GC(389) User=0.02s Sys=0.01s Real=0.02s
[345.440s][info][gc,start       ] GC(390) Pause Young (Allocation Failure)
[345.459s][info][gc,heap        ] GC(390) PSYoungGen: 227872K(274432K)->15110K(280064K) Eden: 223744K(223744K)->0K(235520K) From: 4128K(50688K)->15110K(44544K)
[345.459s][info][gc,heap        ] GC(390) ParOldGen: 629163K(629248K)->633096K(633344K)
[345.459s][info][gc,metaspace   ] GC(390) Metaspace: 42783K(43200K)->42783K(43200K) NonClass: 39975K(40256K)->39975K(40256K) Class: 2807K(2944K)->2807K(2944K)
[345.459s][info][gc             ] GC(390) Pause Young (Allocation Failure) 836M->633M(892M) 19.078ms
[345.459s][info][gc,cpu         ] GC(390) User=0.04s Sys=0.00s Real=0.02s
[345.982s][info][gc,start       ] GC(391) Pause Young (Allocation Failure)
[346.005s][info][gc,heap        ] GC(391) PSYoungGen: 250630K(280064K)->4552K(281088K) Eden: 235520K(235520K)->0K(235520K) From: 15110K(44544K)->4552K(45568K)
[346.005s][info][gc,heap        ] GC(391) ParOldGen: 633096K(633344K)->648435K(648704K)
[346.005s][info][gc,metaspace   ] GC(391) Metaspace: 42824K(43200K)->42824K(43200K) NonClass: 40016K(40256K)->40016K(40256K) Class: 2807K(2944K)->2807K(2944K)
[346.005s][info][gc             ] GC(391) Pause Young (Allocation Failure) 863M->637M(908M) 23.336ms
[346.005s][info][gc,cpu         ] GC(391) User=0.04s Sys=0.01s Real=0.02s
[346.547s][info][gc,start       ] GC(392) Pause Full (Allocation Failure)
[346.547s][info][gc,phases,start] GC(392) Marking Phase
[346.611s][info][gc,phases      ] GC(392) Marking Phase 63.584ms
[346.611s][info][gc,phases,start] GC(392) Summary Phase
[346.611s][info][gc,phases      ] GC(392) Summary Phase 0.030ms
[346.611s][info][gc,phases,start] GC(392) Forward
[346.620s][info][gc,phases      ] GC(392) Forward 9.326ms
[346.620s][info][gc,phases,start] GC(392) Adjust Pointers
[346.656s][info][gc,phases      ] GC(392) Adjust Pointers 35.819ms
[346.656s][info][gc,phases,start] GC(392) Compaction Phase
[346.671s][info][gc,phases      ] GC(392) Compaction Phase 15.028ms
[346.671s][info][gc,phases,start] GC(392) Post Compact
[346.674s][info][gc,phases      ] GC(392) Post Compact 2.837ms
[346.709s][info][gc,heap        ] GC(392) PSYoungGen: 240072K(281088K)->0K(287232K) Eden: 235520K(235520K)->0K(243712K) From: 4552K(45568K)->0K(43520K)
[346.709s][info][gc,heap        ] GC(392) ParOldGen: 648435K(648704K)->82917K(208896K)
[346.709s][info][gc,metaspace   ] GC(392) Metaspace: 42827K(43200K)->42827K(43200K) NonClass: 40019K(40256K)->40019K(40256K) Class: 2807K(2944K)->2807K(2944K)
[346.709s][info][gc             ] GC(392) Pause Full (Allocation Failure) 867M->80M(484M) 162.328ms
[346.709s][info][gc,cpu         ] GC(392) User=0.21s Sys=0.03s Real=0.17s
[347.249s][info][gc,start       ] GC(393) Pause Young (Allocation Failure)
[347.254s][info][gc,heap        ] GC(393) PSYoungGen: 243712K(287232K)->5794K(287232K) Eden: 243712K(243712K)->0K(243712K) From: 0K(43520K)->5794K(43520K)
[347.254s][info][gc,heap        ] GC(393) ParOldGen: 82917K(208896K)->82917K(208896K)
[347.254s][info][gc,metaspace   ] GC(393) Metaspace: 42843K(43264K)->42843K(43264K) NonClass: 40035K(40320K)->40035K(40320K) Class: 2807K(2944K)->2807K(2944K)
[347.254s][info][gc             ] GC(393) Pause Young (Allocation Failure) 318M->86M(484M) 5.385ms
[347.254s][info][gc,cpu         ] GC(393) User=0.01s Sys=0.00s Real=0.00s
[347.812s][info][gc,start       ] GC(394) Pause Young (Allocation Failure)
[347.813s][info][gc,heap        ] GC(394) PSYoungGen: 249506K(287232K)->455K(288768K) Eden: 243712K(243712K)->0K(248320K) From: 5794K(43520K)->455K(40448K)
[347.813s][info][gc,heap        ] GC(394) ParOldGen: 82917K(208896K)->83053K(208896K)
[347.813s][info][gc,metaspace   ] GC(394) Metaspace: 42843K(43264K)->42843K(43264K) NonClass: 40035K(40320K)->40035K(40320K) Class: 2807K(2944K)->2807K(2944K)
[347.813s][info][gc             ] GC(394) Pause Young (Allocation Failure) 324M->81M(486M) 1.172ms
[347.813s][info][gc,cpu         ] GC(394) User=0.00s Sys=0.00s Real=0.00s
[348.401s][info][gc,start       ] GC(395) Pause Young (Allocation Failure)
[348.406s][info][gc,heap        ] GC(395) PSYoungGen: 248775K(288768K)->7520K(287744K) Eden: 248320K(248320K)->0K(248320K) From: 455K(40448K)->7520K(39424K)
[348.406s][info][gc,heap        ] GC(395) ParOldGen: 83053K(208896K)->83378K(208896K)
[348.406s][info][gc,metaspace   ] GC(395) Metaspace: 42849K(43264K)->42849K(43264K) NonClass: 40041K(40320K)->40041K(40320K) Class: 2807K(2944K)->2807K(2944K)
[348.406s][info][gc             ] GC(395) Pause Young (Allocation Failure) 324M->88M(485M) 5.294ms
[348.406s][info][gc,cpu         ] GC(395) User=0.01s Sys=0.00s Real=0.00s
[349.480s][info][gc,start       ] GC(396) Pause Young (Allocation Failure)
[349.487s][info][gc,heap        ] GC(396) PSYoungGen: 255840K(287744K)->3186K(292352K) Eden: 248320K(248320K)->0K(256000K) From: 7520K(39424K)->3186K(36352K)
[349.487s][info][gc,heap        ] GC(396) ParOldGen: 83378K(208896K)->83506K(208896K)
[349.487s][info][gc,metaspace   ] GC(396) Metaspace: 42849K(43264K)->42849K(43264K) NonClass: 40041K(40320K)->40041K(40320K) Class: 2807K(2944K)->2807K(2944K)
[349.487s][info][gc             ] GC(396) Pause Young (Allocation Failure) 331M->84M(489M) 6.725ms
[349.487s][info][gc,cpu         ] GC(396) User=0.02s Sys=0.00s Real=0.00s
[350.483s][info][gc,start       ] GC(397) Pause Young (Allocation Failure)
[350.503s][info][gc,heap        ] GC(397) PSYoungGen: 259186K(292352K)->21274K(290816K) Eden: 256000K(256000K)->0K(256000K) From: 3186K(36352K)->21274K(34816K)
[350.503s][info][gc,heap        ] GC(397) ParOldGen: 83506K(208896K)->86660K(208896K)
[350.503s][info][gc,metaspace   ] GC(397) Metaspace: 42875K(43264K)->42875K(43264K) NonClass: 40067K(40320K)->40067K(40320K) Class: 2807K(2944K)->2807K(2944K)
[350.503s][info][gc             ] GC(397) Pause Young (Allocation Failure) 334M->105M(488M) 20.611ms
[350.503s][info][gc,cpu         ] GC(397) User=0.04s Sys=0.00s Real=0.02s
[351.100s][info][gc,start       ] GC(398) Pause Young (Allocation Failure)
[351.148s][info][gc,heap        ] GC(398) PSYoungGen: 277274K(290816K)->28844K(288256K) Eden: 256000K(256000K)->0K(250880K) From: 21274K(34816K)->28844K(37376K)
[351.148s][info][gc,heap        ] GC(398) ParOldGen: 86660K(208896K)->107537K(208896K)
[351.148s][info][gc,metaspace   ] GC(398) Metaspace: 42875K(43264K)->42875K(43264K) NonClass: 40067K(40320K)->40067K(40320K) Class: 2807K(2944K)->2807K(2944K)
[351.148s][info][gc             ] GC(398) Pause Young (Allocation Failure) 355M->133M(485M) 48.232ms
[351.148s][info][gc,cpu         ] GC(398) User=0.08s Sys=0.00s Real=0.05s
[351.678s][info][gc,start       ] GC(399) Pause Young (Allocation Failure)
[351.729s][info][gc,heap        ] GC(399) PSYoungGen: 279724K(288256K)->25834K(276992K) Eden: 250880K(250880K)->0K(250880K) From: 28844K(37376K)->25834K(26112K)
[351.729s][info][gc,heap        ] GC(399) ParOldGen: 107537K(208896K)->136509K(208896K)
[351.729s][info][gc,metaspace   ] GC(399) Metaspace: 42875K(43264K)->42875K(43264K) NonClass: 40067K(40320K)->40067K(40320K) Class: 2807K(2944K)->2807K(2944K)
[351.729s][info][gc             ] GC(399) Pause Young (Allocation Failure) 378M->158M(474M) 50.563ms
[351.729s][info][gc,cpu         ] GC(399) User=0.10s Sys=0.01s Real=0.05s
[355.229s][info][gc,start       ] GC(400) Pause Young (Allocation Failure)
[355.273s][info][gc,heap        ] GC(400) PSYoungGen: 276714K(276992K)->22943K(288768K) Eden: 250880K(250880K)->0K(244736K) From: 25834K(26112K)->22943K(44032K)
[355.273s][info][gc,heap        ] GC(400) ParOldGen: 136509K(208896K)->162286K(208896K)
[355.273s][info][gc,metaspace   ] GC(400) Metaspace: 42888K(43264K)->42888K(43264K) NonClass: 40080K(40320K)->40080K(40320K) Class: 2807K(2944K)->2807K(2944K)
[355.273s][info][gc             ] GC(400) Pause Young (Allocation Failure) 403M->180M(486M) 43.730ms
[355.273s][info][gc,cpu         ] GC(400) User=0.08s Sys=0.00s Real=0.04s
[356.059s][info][gc,start       ] GC(401) Pause Young (Allocation Failure)
[356.082s][info][gc,heap        ] GC(401) PSYoungGen: 267679K(288768K)->8908K(253952K) Eden: 244736K(244736K)->0K(244736K) From: 22943K(44032K)->8908K(9216K)
[356.082s][info][gc,heap        ] GC(401) ParOldGen: 162286K(208896K)->185130K(208896K)
[356.082s][info][gc,metaspace   ] GC(401) Metaspace: 42896K(43264K)->42896K(43264K) NonClass: 40087K(40320K)->40087K(40320K) Class: 2808K(2944K)->2808K(2944K)
[356.082s][info][gc             ] GC(401) Pause Young (Allocation Failure) 419M->189M(452M) 22.923ms
[356.082s][info][gc,cpu         ] GC(401) User=0.05s Sys=0.00s Real=0.02s
[356.673s][info][gc,start       ] GC(402) Pause Young (Allocation Failure)
[356.709s][info][gc,heap        ] GC(402) PSYoungGen: 253644K(253952K)->30284K(284672K) Eden: 244736K(244736K)->0K(242176K) From: 8908K(9216K)->30284K(42496K)
[356.709s][info][gc,heap        ] GC(402) ParOldGen: 185130K(208896K)->193856K(208896K)
[356.709s][info][gc,metaspace   ] GC(402) Metaspace: 42896K(43264K)->42896K(43264K) NonClass: 40087K(40320K)->40087K(40320K) Class: 2808K(2944K)->2808K(2944K)
[356.709s][info][gc             ] GC(402) Pause Young (Allocation Failure) 428M->218M(482M) 36.526ms
[356.709s][info][gc,cpu         ] GC(402) User=0.07s Sys=0.00s Real=0.04s
[357.273s][info][gc,start       ] GC(403) Pause Young (Allocation Failure)
[357.334s][info][gc,heap        ] GC(403) PSYoungGen: 272460K(284672K)->29240K(271872K) Eden: 242176K(242176K)->0K(242176K) From: 30284K(42496K)->29240K(29696K)
[357.334s][info][gc,heap        ] GC(403) ParOldGen: 193856K(208896K)->223479K(223744K)
[357.334s][info][gc,metaspace   ] GC(403) Metaspace: 42896K(43264K)->42896K(43264K) NonClass: 40087K(40320K)->40087K(40320K) Class: 2808K(2944K)->2808K(2944K)
[357.334s][info][gc             ] GC(403) Pause Young (Allocation Failure) 455M->246M(484M) 61.243ms
[357.334s][info][gc,cpu         ] GC(403) User=0.11s Sys=0.01s Real=0.06s
[358.417s][info][gc,start       ] GC(404) Pause Young (Allocation Failure)
[358.516s][info][gc,heap        ] GC(404) PSYoungGen: 271416K(271872K)->47601K(243200K) Eden: 242176K(242176K)->0K(195584K) From: 29240K(29696K)->47601K(47616K)
[358.516s][info][gc,heap        ] GC(404) ParOldGen: 223479K(223744K)->258834K(259072K)
[358.516s][info][gc,metaspace   ] GC(404) Metaspace: 42896K(43264K)->42896K(43264K) NonClass: 40087K(40320K)->40087K(40320K) Class: 2808K(2944K)->2808K(2944K)
[358.516s][info][gc             ] GC(404) Pause Young (Allocation Failure) 483M->299M(490M) 98.668ms
[358.516s][info][gc,cpu         ] GC(404) User=0.16s Sys=0.03s Real=0.10s
[359.700s][info][gc,start       ] GC(405) Pause Young (Allocation Failure)
[359.741s][info][gc,heap        ] GC(405) PSYoungGen: 243185K(243200K)->10859K(264704K) Eden: 195584K(195584K)->0K(195584K) From: 47601K(47616K)->10859K(69120K)
[359.741s][info][gc,heap        ] GC(405) ParOldGen: 258834K(259072K)->283895K(284160K)
[359.741s][info][gc,metaspace   ] GC(405) Metaspace: 42896K(43264K)->42896K(43264K) NonClass: 40087K(40320K)->40087K(40320K) Class: 2808K(2944K)->2808K(2944K)
[359.742s][info][gc             ] GC(405) Pause Young (Allocation Failure) 490M->287M(536M) 41.401ms
[359.742s][info][gc,cpu         ] GC(405) User=0.07s Sys=0.01s Real=0.04s
[360.776s][info][gc,start       ] GC(406) Pause Young (Allocation Failure)
[360.789s][info][gc,heap        ] GC(406) PSYoungGen: 206443K(264704K)->1477K(260608K) Eden: 195584K(195584K)->0K(197632K) From: 10859K(69120K)->1477K(62976K)
[360.789s][info][gc,heap        ] GC(406) ParOldGen: 283895K(284160K)->293691K(293888K)
[360.789s][info][gc,metaspace   ] GC(406) Metaspace: 42896K(43264K)->42896K(43264K) NonClass: 40087K(40320K)->40087K(40320K) Class: 2808K(2944K)->2808K(2944K)
[360.789s][info][gc             ] GC(406) Pause Young (Allocation Failure) 478M->288M(541M) 13.012ms
[360.789s][info][gc,cpu         ] GC(406) User=0.01s Sys=0.01s Real=0.02s
[361.894s][info][gc,start       ] GC(407) Pause Young (Allocation Failure)
[361.916s][info][gc,heap        ] GC(407) PSYoungGen: 199109K(260608K)->19746K(263680K) Eden: 197632K(197632K)->0K(197632K) From: 1477K(62976K)->19746K(66048K)
[361.916s][info][gc,heap        ] GC(407) ParOldGen: 293691K(293888K)->294401K(294912K)
[361.916s][info][gc,metaspace   ] GC(407) Metaspace: 42896K(43264K)->42896K(43264K) NonClass: 40087K(40320K)->40087K(40320K) Class: 2808K(2944K)->2808K(2944K)
[361.916s][info][gc             ] GC(407) Pause Young (Allocation Failure) 481M->306M(545M) 21.421ms
[361.916s][info][gc,cpu         ] GC(407) User=0.04s Sys=0.00s Real=0.02s
[363.050s][info][gc,start       ] GC(408) Pause Young (Allocation Failure)
[363.091s][info][gc,heap        ] GC(408) PSYoungGen: 217378K(263680K)->17938K(261120K) Eden: 197632K(197632K)->0K(206336K) From: 19746K(66048K)->17938K(54784K)
[363.091s][info][gc,heap        ] GC(408) ParOldGen: 294401K(294912K)->313973K(314368K)
[363.091s][info][gc,metaspace   ] GC(408) Metaspace: 42896K(43264K)->42896K(43264K) NonClass: 40087K(40320K)->40087K(40320K) Class: 2808K(2944K)->2808K(2944K)
[363.091s][info][gc             ] GC(408) Pause Young (Allocation Failure) 499M->324M(562M) 41.031ms
[363.091s][info][gc,cpu         ] GC(408) User=0.07s Sys=0.01s Real=0.04s
[364.248s][info][gc,start       ] GC(409) Pause Young (Allocation Failure)
[364.285s][info][gc,heap        ] GC(409) PSYoungGen: 224274K(261120K)->17667K(263680K) Eden: 206336K(206336K)->0K(206336K) From: 17938K(54784K)->17667K(57344K)
[364.285s][info][gc,heap        ] GC(409) ParOldGen: 313973K(314368K)->331959K(332288K)
[364.285s][info][gc,metaspace   ] GC(409) Metaspace: 42896K(43264K)->42896K(43264K) NonClass: 40087K(40320K)->40087K(40320K) Class: 2808K(2944K)->2808K(2944K)
[364.285s][info][gc             ] GC(409) Pause Young (Allocation Failure) 525M->341M(582M) 37.209ms
[364.285s][info][gc,cpu         ] GC(409) User=0.06s Sys=0.01s Real=0.03s
[364.864s][info][gc,start       ] GC(410) Pause Young (Allocation Failure)
[364.913s][info][gc,heap        ] GC(410) PSYoungGen: 224003K(263680K)->31329K(274944K) Eden: 206336K(206336K)->0K(220672K) From: 17667K(57344K)->31329K(54272K)
[364.913s][info][gc,heap        ] GC(410) ParOldGen: 331959K(332288K)->349623K(349696K)
[364.913s][info][gc,metaspace   ] GC(410) Metaspace: 42896K(43264K)->42896K(43264K) NonClass: 40087K(40320K)->40087K(40320K) Class: 2808K(2944K)->2808K(2944K)
[364.913s][info][gc             ] GC(410) Pause Young (Allocation Failure) 542M->372M(610M) 48.869ms
[364.913s][info][gc,cpu         ] GC(410) User=0.09s Sys=0.01s Real=0.05s
[365.464s][info][gc,start       ] GC(411) Pause Young (Allocation Failure)
[365.529s][info][gc,heap        ] GC(411) PSYoungGen: 252001K(274944K)->27544K(275968K) Eden: 220672K(220672K)->0K(220672K) From: 31329K(54272K)->27544K(55296K)
[365.529s][info][gc,heap        ] GC(411) ParOldGen: 349623K(349696K)->380236K(380416K)
[365.529s][info][gc,metaspace   ] GC(411) Metaspace: 42896K(43264K)->42896K(43264K) NonClass: 40087K(40320K)->40087K(40320K) Class: 2808K(2944K)->2808K(2944K)
[365.529s][info][gc             ] GC(411) Pause Young (Allocation Failure) 587M->398M(641M) 65.026ms
[365.529s][info][gc,cpu         ] GC(411) User=0.10s Sys=0.04s Real=0.07s
[366.091s][info][gc,start       ] GC(412) Pause Young (Allocation Failure)
[366.150s][info][gc,heap        ] GC(412) PSYoungGen: 248216K(275968K)->27874K(276480K) Eden: 220672K(220672K)->0K(224256K) From: 27544K(55296K)->27874K(52224K)
[366.151s][info][gc,heap        ] GC(412) ParOldGen: 380236K(380416K)->406308K(406528K)
[366.151s][info][gc,metaspace   ] GC(412) Metaspace: 42896K(43264K)->42896K(43264K) NonClass: 40087K(40320K)->40087K(40320K) Class: 2808K(2944K)->2808K(2944K)
[366.151s][info][gc             ] GC(412) Pause Young (Allocation Failure) 613M->424M(667M) 59.801ms
[366.151s][info][gc,cpu         ] GC(412) User=0.10s Sys=0.01s Real=0.06s
[367.658s][info][gc,start       ] GC(413) Pause Young (Allocation Failure)
[367.708s][info][gc,heap        ] GC(413) PSYoungGen: 252130K(276480K)->13360K(277504K) Eden: 224256K(224256K)->0K(224256K) From: 27874K(52224K)->13360K(53248K)
[367.708s][info][gc,heap        ] GC(413) ParOldGen: 406308K(406528K)->434381K(434688K)
[367.708s][info][gc,metaspace   ] GC(413) Metaspace: 42896K(43264K)->42896K(43264K) NonClass: 40087K(40320K)->40087K(40320K) Class: 2808K(2944K)->2808K(2944K)
[367.708s][info][gc             ] GC(413) Pause Young (Allocation Failure) 643M->437M(695M) 49.834ms
[367.708s][info][gc,cpu         ] GC(413) User=0.07s Sys=0.02s Real=0.05s
[368.589s][info][gc,start       ] GC(414) Pause Young (Allocation Failure)
[368.613s][info][gc,heap        ] GC(414) PSYoungGen: 237616K(277504K)->9869K(279040K) Eden: 224256K(224256K)->0K(228864K) From: 13360K(53248K)->9869K(50176K)
[368.613s][info][gc,heap        ] GC(414) ParOldGen: 434381K(434688K)->447793K(448000K)
[368.613s][info][gc,metaspace   ] GC(414) Metaspace: 42896K(43264K)->42896K(43264K) NonClass: 40087K(40320K)->40087K(40320K) Class: 2808K(2944K)->2808K(2944K)
[368.613s][info][gc             ] GC(414) Pause Young (Allocation Failure) 656M->446M(710M) 24.113ms
[368.613s][info][gc,cpu         ] GC(414) User=0.04s Sys=0.00s Real=0.02s
[369.849s][info][gc,start       ] GC(415) Pause Young (Allocation Failure)
[369.857s][info][gc,heap        ] GC(415) PSYoungGen: 238733K(279040K)->1198K(279552K) Eden: 228864K(228864K)->0K(228864K) From: 9869K(50176K)->1198K(50688K)
[369.857s][info][gc,heap        ] GC(415) ParOldGen: 447793K(448000K)->453339K(453632K)
[369.857s][info][gc,metaspace   ] GC(415) Metaspace: 42896K(43264K)->42896K(43264K) NonClass: 40087K(40320K)->40087K(40320K) Class: 2808K(2944K)->2808K(2944K)
[369.857s][info][gc             ] GC(415) Pause Young (Allocation Failure) 670M->443M(716M) 8.180ms
[369.858s][info][gc,cpu         ] GC(415) User=0.02s Sys=0.00s Real=0.00s
[371.110s][info][gc,start       ] GC(416) Pause Young (Allocation Failure)
[371.133s][info][gc,heap        ] GC(416) PSYoungGen: 230062K(279552K)->21180K(279040K) Eden: 228864K(228864K)->0K(232448K) From: 1198K(50688K)->21180K(46592K)
[371.133s][info][gc,heap        ] GC(416) ParOldGen: 453339K(453632K)->454367K(454656K)
[371.133s][info][gc,metaspace   ] GC(416) Metaspace: 42896K(43264K)->42896K(43264K) NonClass: 40087K(40320K)->40087K(40320K) Class: 2808K(2944K)->2808K(2944K)
[371.133s][info][gc             ] GC(416) Pause Young (Allocation Failure) 667M->464M(716M) 22.697ms
[371.133s][info][gc,cpu         ] GC(416) User=0.05s Sys=0.00s Real=0.02s
[372.389s][info][gc,start       ] GC(417) Pause Young (Allocation Failure)
[372.435s][info][gc,heap        ] GC(417) PSYoungGen: 253628K(279040K)->22011K(281088K) Eden: 232448K(232448K)->0K(232448K) From: 21180K(46592K)->22011K(48640K)
[372.435s][info][gc,heap        ] GC(417) ParOldGen: 454367K(454656K)->475712K(476160K)
[372.435s][info][gc,metaspace   ] GC(417) Metaspace: 42896K(43264K)->42896K(43264K) NonClass: 40087K(40320K)->40087K(40320K) Class: 2808K(2944K)->2808K(2944K)
[372.435s][info][gc             ] GC(417) Pause Young (Allocation Failure) 691M->486M(739M) 45.662ms
[372.435s][info][gc,cpu         ] GC(417) User=0.08s Sys=0.01s Real=0.04s
[373.301s][info][gc,start       ] GC(418) Pause Young (Allocation Failure)
[373.338s][info][gc,heap        ] GC(418) PSYoungGen: 254459K(281088K)->13600K(280576K) Eden: 232448K(232448K)->0K(238080K) From: 22011K(48640K)->13600K(42496K)
[373.338s][info][gc,heap        ] GC(418) ParOldGen: 475712K(476160K)->497766K(498176K)
[373.338s][info][gc,metaspace   ] GC(418) Metaspace: 42902K(43328K)->42902K(43328K) NonClass: 40093K(40384K)->40093K(40384K) Class: 2808K(2944K)->2808K(2944K)
[373.338s][info][gc             ] GC(418) Pause Young (Allocation Failure) 713M->499M(760M) 36.439ms
[373.338s][info][gc,cpu         ] GC(418) User=0.05s Sys=0.02s Real=0.04s
[374.291s][info][gc,start       ] GC(419) Pause Young (Allocation Failure)
[374.306s][info][gc,heap        ] GC(419) PSYoungGen: 251680K(280576K)->4939K(283136K) Eden: 238080K(238080K)->0K(238080K) From: 13600K(42496K)->4939K(45056K)
[374.306s][info][gc,heap        ] GC(419) ParOldGen: 497766K(498176K)->508004K(508416K)
[374.306s][info][gc,metaspace   ] GC(419) Metaspace: 42920K(43328K)->42920K(43328K) NonClass: 40112K(40384K)->40112K(40384K) Class: 2808K(2944K)->2808K(2944K)
[374.306s][info][gc             ] GC(419) Pause Young (Allocation Failure) 731M->500M(773M) 15.072ms
[374.306s][info][gc,cpu         ] GC(419) User=0.02s Sys=0.01s Real=0.01s
[375.145s][info][gc,start       ] GC(420) Pause Young (Allocation Failure)
[375.167s][info][gc,heap        ] GC(420) PSYoungGen: 243019K(283136K)->23692K(288256K) Eden: 238080K(238080K)->0K(244224K) From: 4939K(45056K)->23692K(44032K)
[375.167s][info][gc,heap        ] GC(420) ParOldGen: 508004K(508416K)->508780K(508928K)
[375.167s][info][gc,metaspace   ] GC(420) Metaspace: 42921K(43328K)->42921K(43328K) NonClass: 40112K(40384K)->40112K(40384K) Class: 2808K(2944K)->2808K(2944K)
[375.167s][info][gc             ] GC(420) Pause Young (Allocation Failure) 733M->519M(778M) 22.581ms
[375.167s][info][gc,cpu         ] GC(420) User=0.04s Sys=0.00s Real=0.02s
[375.975s][info][gc,start       ] GC(421) Pause Young (Allocation Failure)
[375.980s][info][gc,heap        ] GC(421) PSYoungGen: 267916K(288256K)->3594K(288768K) Eden: 244224K(244224K)->0K(244224K) From: 23692K(44032K)->3594K(44544K)
[375.980s][info][gc,heap        ] GC(421) ParOldGen: 508780K(508928K)->510052K(510464K)
[375.980s][info][gc,metaspace   ] GC(421) Metaspace: 42921K(43328K)->42921K(43328K) NonClass: 40113K(40384K)->40113K(40384K) Class: 2808K(2944K)->2808K(2944K)
[375.980s][info][gc             ] GC(421) Pause Young (Allocation Failure) 758M->501M(780M) 4.856ms
[375.980s][info][gc,cpu         ] GC(421) User=0.01s Sys=0.01s Real=0.01s
[376.771s][info][gc,start       ] GC(422) Pause Young (Allocation Failure)
[376.780s][info][gc,heap        ] GC(422) PSYoungGen: 247818K(288768K)->8375K(286208K) Eden: 244224K(244224K)->0K(245248K) From: 3594K(44544K)->8375K(40960K)
[376.780s][info][gc,heap        ] GC(422) ParOldGen: 510052K(510464K)->511036K(511488K)
[376.780s][info][gc,metaspace   ] GC(422) Metaspace: 42922K(43328K)->42922K(43328K) NonClass: 40113K(40384K)->40113K(40384K) Class: 2808K(2944K)->2808K(2944K)
[376.780s][info][gc             ] GC(422) Pause Young (Allocation Failure) 740M->507M(779M) 9.073ms
[376.780s][info][gc,cpu         ] GC(422) User=0.02s Sys=0.00s Real=0.01s
[377.690s][info][gc,start       ] GC(423) Pause Young (Allocation Failure)
[377.711s][info][gc,heap        ] GC(423) PSYoungGen: 253623K(286208K)->22515K(287744K) Eden: 245248K(245248K)->0K(245248K) From: 8375K(40960K)->22515K(42496K)
[377.711s][info][gc,heap        ] GC(423) ParOldGen: 511036K(511488K)->512292K(512512K)
[377.711s][info][gc,metaspace   ] GC(423) Metaspace: 42922K(43328K)->42922K(43328K) NonClass: 40113K(40384K)->40113K(40384K) Class: 2808K(2944K)->2808K(2944K)
[377.711s][info][gc             ] GC(423) Pause Young (Allocation Failure) 746M->522M(781M) 21.331ms
[377.711s][info][gc,cpu         ] GC(423) User=0.04s Sys=0.01s Real=0.02s
[378.593s][info][gc,start       ] GC(424) Pause Young (Allocation Failure)
[378.619s][info][gc,heap        ] GC(424) PSYoungGen: 267763K(287744K)->12970K(287232K) Eden: 245248K(245248K)->0K(248832K) From: 22515K(42496K)->12970K(38400K)
[378.619s][info][gc,heap        ] GC(424) ParOldGen: 512292K(512512K)->513044K(513536K)
[378.619s][info][gc,metaspace   ] GC(424) Metaspace: 42922K(43328K)->42922K(43328K) NonClass: 40113K(40384K)->40113K(40384K) Class: 2808K(2944K)->2808K(2944K)
[378.619s][info][gc             ] GC(424) Pause Young (Allocation Failure) 761M->513M(782M) 26.736ms
[378.619s][info][gc,cpu         ] GC(424) User=0.02s Sys=0.00s Real=0.03s
[379.373s][info][gc,start       ] GC(425) Pause Young (Allocation Failure)
[379.383s][info][gc,heap        ] GC(425) PSYoungGen: 261802K(287232K)->9189K(289280K) Eden: 248832K(248832K)->0K(248832K) From: 12970K(38400K)->9189K(40448K)
[379.383s][info][gc,heap        ] GC(425) ParOldGen: 513044K(513536K)->514212K(514560K)
[379.383s][info][gc,metaspace   ] GC(425) Metaspace: 42922K(43328K)->42922K(43328K) NonClass: 40114K(40384K)->40114K(40384K) Class: 2808K(2944K)->2808K(2944K)
[379.383s][info][gc             ] GC(425) Pause Young (Allocation Failure) 756M->511M(785M) 9.923ms
[379.383s][info][gc,cpu         ] GC(425) User=0.02s Sys=0.00s Real=0.01s
[380.259s][info][gc,start       ] GC(426) Pause Young (Allocation Failure)
[380.267s][info][gc,heap        ] GC(426) PSYoungGen: 258021K(289280K)->6741K(290304K) Eden: 248832K(248832K)->0K(253952K) From: 9189K(40448K)->6741K(36352K)
[380.267s][info][gc,heap        ] GC(426) ParOldGen: 514212K(514560K)->515116K(515584K)
[380.267s][info][gc,metaspace   ] GC(426) Metaspace: 42922K(43328K)->42922K(43328K) NonClass: 40114K(40384K)->40114K(40384K) Class: 2808K(2944K)->2808K(2944K)
[380.267s][info][gc             ] GC(426) Pause Young (Allocation Failure) 754M->509M(787M) 7.981ms
[380.267s][info][gc,cpu         ] GC(426) User=0.01s Sys=0.00s Real=0.00s
[381.123s][info][gc,start       ] GC(427) Pause Young (Allocation Failure)
[381.138s][info][gc,heap        ] GC(427) PSYoungGen: 260693K(290304K)->13926K(292352K) Eden: 253952K(253952K)->0K(253952K) From: 6741K(36352K)->13926K(38400K)
[381.138s][info][gc,heap        ] GC(427) ParOldGen: 515116K(515584K)->516204K(516608K)
[381.138s][info][gc,metaspace   ] GC(427) Metaspace: 42922K(43328K)->42922K(43328K) NonClass: 40114K(40384K)->40114K(40384K) Class: 2808K(2944K)->2808K(2944K)
[381.138s][info][gc             ] GC(427) Pause Young (Allocation Failure) 757M->517M(790M) 14.609ms
[381.138s][info][gc,cpu         ] GC(427) User=0.03s Sys=0.00s Real=0.02s
[381.873s][info][gc,start       ] GC(428) Pause Young (Allocation Failure)
[381.917s][info][gc,heap        ] GC(428) PSYoungGen: 267878K(292352K)->35826K(280576K) Eden: 253952K(253952K)->0K(244736K) From: 13926K(38400K)->35826K(35840K)
[381.918s][info][gc,heap        ] GC(428) ParOldGen: 516204K(516608K)->523362K(523776K)
[381.918s][info][gc,metaspace   ] GC(428) Metaspace: 42922K(43328K)->42922K(43328K) NonClass: 40114K(40384K)->40114K(40384K) Class: 2808K(2944K)->2808K(2944K)
[381.918s][info][gc             ] GC(428) Pause Young (Allocation Failure) 765M->546M(785M) 44.087ms
[381.918s][info][gc,cpu         ] GC(428) User=0.07s Sys=0.02s Real=0.04s
[383.044s][info][gc,start       ] GC(429) Pause Young (Allocation Failure)
[383.100s][info][gc,heap        ] GC(429) PSYoungGen: 280562K(280576K)->23094K(289280K) Eden: 244736K(244736K)->0K(244736K) From: 35826K(35840K)->23094K(44544K)
[383.100s][info][gc,heap        ] GC(429) ParOldGen: 523362K(523776K)->545047K(545280K)
[383.100s][info][gc,metaspace   ] GC(429) Metaspace: 42922K(43328K)->42922K(43328K) NonClass: 40114K(40384K)->40114K(40384K) Class: 2808K(2944K)->2808K(2944K)
[383.100s][info][gc             ] GC(429) Pause Young (Allocation Failure) 785M->554M(815M) 55.936ms
[383.100s][info][gc,cpu         ] GC(429) User=0.11s Sys=0.01s Real=0.06s
[384.069s][info][gc,start       ] GC(430) Pause Young (Allocation Failure)
[384.128s][info][gc,heap        ] GC(430) PSYoungGen: 267830K(289280K)->28177K(287744K) Eden: 244736K(244736K)->0K(243712K) From: 23094K(44544K)->28177K(44032K)
[384.128s][info][gc,heap        ] GC(430) ParOldGen: 545047K(545280K)->567793K(567808K)
[384.128s][info][gc,metaspace   ] GC(430) Metaspace: 42922K(43328K)->42922K(43328K) NonClass: 40114K(40384K)->40114K(40384K) Class: 2808K(2944K)->2808K(2944K)
[384.128s][info][gc             ] GC(430) Pause Young (Allocation Failure) 793M->582M(835M) 59.156ms
[384.128s][info][gc,cpu         ] GC(430) User=0.10s Sys=0.01s Real=0.06s
[384.825s][info][gc,start       ] GC(431) Pause Young (Allocation Failure)
[384.878s][info][gc,heap        ] GC(431) PSYoungGen: 271889K(287744K)->33953K(278016K) Eden: 243712K(243712K)->0K(243712K) From: 28177K(44032K)->33953K(34304K)
[384.878s][info][gc,heap        ] GC(431) ParOldGen: 567793K(567808K)->589426K(589824K)
[384.878s][info][gc,metaspace   ] GC(431) Metaspace: 42931K(43328K)->42931K(43328K) NonClass: 40123K(40384K)->40123K(40384K) Class: 2808K(2944K)->2808K(2944K)
[384.878s][info][gc             ] GC(431) Pause Young (Allocation Failure) 820M->608M(847M) 52.772ms
[384.878s][info][gc,cpu         ] GC(431) User=0.09s Sys=0.01s Real=0.06s
[385.649s][info][gc,start       ] GC(432) Pause Young (Allocation Failure)
[385.673s][info][gc,heap        ] GC(432) PSYoungGen: 277665K(278016K)->19718K(288256K) Eden: 243712K(243712K)->0K(240128K) From: 33953K(34304K)->19718K(48128K)
[385.673s][info][gc,heap        ] GC(432) ParOldGen: 589426K(589824K)->600039K(600064K)
[385.673s][info][gc,metaspace   ] GC(432) Metaspace: 42931K(43328K)->42931K(43328K) NonClass: 40123K(40384K)->40123K(40384K) Class: 2808K(2944K)->2808K(2944K)
[385.674s][info][gc             ] GC(432) Pause Young (Allocation Failure) 846M->605M(867M) 24.404ms
[385.674s][info][gc,cpu         ] GC(432) User=0.05s Sys=0.00s Real=0.02s
[386.428s][info][gc,start       ] GC(433) Pause Young (Allocation Failure)
[386.445s][info][gc,heap        ] GC(433) PSYoungGen: 259846K(288256K)->23912K(264192K) Eden: 240128K(240128K)->0K(240128K) From: 19718K(48128K)->23912K(24064K)
[386.445s][info][gc,heap        ] GC(433) ParOldGen: 600039K(600064K)->600563K(600576K)
[386.445s][info][gc,metaspace   ] GC(433) Metaspace: 42931K(43328K)->42931K(43328K) NonClass: 40123K(40384K)->40123K(40384K) Class: 2808K(2944K)->2808K(2944K)
[386.445s][info][gc             ] GC(433) Pause Young (Allocation Failure) 839M->609M(844M) 16.987ms
[386.445s][info][gc,cpu         ] GC(433) User=0.03s Sys=0.00s Real=0.01s
[387.281s][info][gc,start       ] GC(434) Pause Young (Allocation Failure)
[387.296s][info][gc,heap        ] GC(434) PSYoungGen: 264040K(264192K)->19598K(287232K) Eden: 240128K(240128K)->0K(242688K) From: 23912K(24064K)->19598K(44544K)
[387.296s][info][gc,heap        ] GC(434) ParOldGen: 600563K(600576K)->601314K(601600K)
[387.296s][info][gc,metaspace   ] GC(434) Metaspace: 42931K(43328K)->42931K(43328K) NonClass: 40123K(40384K)->40123K(40384K) Class: 2808K(2944K)->2808K(2944K)
[387.296s][info][gc             ] GC(434) Pause Young (Allocation Failure) 844M->606M(868M) 14.678ms
[387.296s][info][gc,cpu         ] GC(434) User=0.03s Sys=0.00s Real=0.01s
[388.094s][info][gc,start       ] GC(435) Pause Young (Allocation Failure)
[388.101s][info][gc,heap        ] GC(435) PSYoungGen: 262286K(287232K)->4788K(284672K) Eden: 242688K(242688K)->0K(242688K) From: 19598K(44544K)->4788K(41984K)
[388.101s][info][gc,heap        ] GC(435) ParOldGen: 601314K(601600K)->601886K(602112K)
[388.101s][info][gc,metaspace   ] GC(435) Metaspace: 42931K(43328K)->42931K(43328K) NonClass: 40123K(40384K)->40123K(40384K) Class: 2808K(2944K)->2808K(2944K)
[388.101s][info][gc             ] GC(435) Pause Young (Allocation Failure) 843M->592M(866M) 6.608ms
[388.101s][info][gc,cpu         ] GC(435) User=0.01s Sys=0.00s Real=0.01s
[388.931s][info][gc,start       ] GC(436) Pause Young (Allocation Failure)
[388.985s][info][gc,heap        ] GC(436) PSYoungGen: 247476K(284672K)->42465K(259584K) Eden: 242688K(242688K)->0K(217088K) From: 4788K(41984K)->42465K(42496K)
[388.985s][info][gc,heap        ] GC(436) ParOldGen: 601886K(602112K)->626561K(626688K)
[388.985s][info][gc,metaspace   ] GC(436) Metaspace: 42931K(43328K)->42931K(43328K) NonClass: 40123K(40384K)->40123K(40384K) Class: 2808K(2944K)->2808K(2944K)
[388.985s][info][gc             ] GC(436) Pause Young (Allocation Failure) 829M->653M(865M) 53.428ms
[388.985s][info][gc,cpu         ] GC(436) User=0.08s Sys=0.03s Real=0.05s
[389.716s][info][gc,start       ] GC(437) Pause Young (Allocation Failure)
[389.789s][info][gc,heap        ] GC(437) PSYoungGen: 259553K(259584K)->47197K(264704K) Eden: 217088K(217088K)->0K(217088K) From: 42465K(42496K)->47197K(47616K)
[389.789s][info][gc,heap        ] GC(437) ParOldGen: 626561K(626688K)->662898K(663040K)
[389.789s][info][gc,metaspace   ] GC(437) Metaspace: 42931K(43328K)->42931K(43328K) NonClass: 40123K(40384K)->40123K(40384K) Class: 2808K(2944K)->2808K(2944K)
[389.789s][info][gc             ] GC(437) Pause Young (Allocation Failure) 865M->693M(906M) 72.566ms
[389.789s][info][gc,cpu         ] GC(437) User=0.11s Sys=0.03s Real=0.08s
[390.523s][info][gc,start       ] GC(438) Pause Full (Allocation Failure)
[390.523s][info][gc,phases,start] GC(438) Marking Phase
[390.585s][info][gc,phases      ] GC(438) Marking Phase 61.384ms
[390.585s][info][gc,phases,start] GC(438) Summary Phase
[390.585s][info][gc,phases      ] GC(438) Summary Phase 0.032ms
[390.585s][info][gc,phases,start] GC(438) Forward
[390.596s][info][gc,phases      ] GC(438) Forward 11.247ms
[390.596s][info][gc,phases,start] GC(438) Adjust Pointers
[390.633s][info][gc,phases      ] GC(438) Adjust Pointers 37.061ms
[390.633s][info][gc,phases,start] GC(438) Compaction Phase
[390.648s][info][gc,phases      ] GC(438) Compaction Phase 15.021ms
[390.648s][info][gc,phases,start] GC(438) Post Compact
[390.651s][info][gc,phases      ] GC(438) Post Compact 2.769ms
[390.687s][info][gc,heap        ] GC(438) PSYoungGen: 264285K(264704K)->0K(270336K) Eden: 217088K(217088K)->0K(206848K) From: 47197K(47616K)->0K(63488K)
[390.687s][info][gc,heap        ] GC(438) ParOldGen: 662898K(663040K)->87838K(230400K)
[390.687s][info][gc,metaspace   ] GC(438) Metaspace: 42931K(43328K)->42931K(43328K) NonClass: 40123K(40384K)->40123K(40384K) Class: 2808K(2944K)->2808K(2944K)
[390.687s][info][gc             ] GC(438) Pause Full (Allocation Failure) 905M->85M(489M) 163.347ms
[390.687s][info][gc,cpu         ] GC(438) User=0.21s Sys=0.03s Real=0.16s
[391.391s][info][gc,start       ] GC(439) Pause Young (Allocation Failure)
[391.398s][info][gc,heap        ] GC(439) PSYoungGen: 206848K(270336K)->8015K(215040K) Eden: 206848K(206848K)->0K(206848K) From: 0K(63488K)->8015K(8192K)
[391.398s][info][gc,heap        ] GC(439) ParOldGen: 87838K(230400K)->87838K(230400K)
[391.398s][info][gc,metaspace   ] GC(439) Metaspace: 42931K(43328K)->42931K(43328K) NonClass: 40123K(40384K)->40123K(40384K) Class: 2808K(2944K)->2808K(2944K)
[391.398s][info][gc             ] GC(439) Pause Young (Allocation Failure) 287M->93M(435M) 6.909ms
[391.398s][info][gc,cpu         ] GC(439) User=0.01s Sys=0.00s Real=0.01s
[392.053s][info][gc,start       ] GC(440) Pause Young (Allocation Failure)
[392.080s][info][gc,heap        ] GC(440) PSYoungGen: 214863K(215040K)->41306K(265728K) Eden: 206848K(206848K)->0K(202752K) From: 8015K(8192K)->41306K(62976K)
[392.080s][info][gc,heap        ] GC(440) ParOldGen: 87838K(230400K)->92596K(230400K)
[392.080s][info][gc,metaspace   ] GC(440) Metaspace: 42931K(43328K)->42931K(43328K) NonClass: 40123K(40384K)->40123K(40384K) Class: 2808K(2944K)->2808K(2944K)
[392.080s][info][gc             ] GC(440) Pause Young (Allocation Failure) 295M->130M(484M) 27.247ms
[392.080s][info][gc,cpu         ] GC(440) User=0.06s Sys=0.00s Real=0.03s
[392.732s][info][gc,start       ] GC(441) Pause Young (Allocation Failure)
[392.749s][info][gc,heap        ] GC(441) PSYoungGen: 244058K(265728K)->27602K(230400K) Eden: 202752K(202752K)->0K(202752K) From: 41306K(62976K)->27602K(27648K)
[392.749s][info][gc,heap        ] GC(441) ParOldGen: 92596K(230400K)->93079K(230400K)
[392.749s][info][gc,metaspace   ] GC(441) Metaspace: 42931K(43328K)->42931K(43328K) NonClass: 40123K(40384K)->40123K(40384K) Class: 2808K(2944K)->2808K(2944K)
[392.749s][info][gc             ] GC(441) Pause Young (Allocation Failure) 328M->117M(450M) 17.223ms
[392.749s][info][gc,cpu         ] GC(441) User=0.03s Sys=0.00s Real=0.02s
[393.367s][info][gc,start       ] GC(442) Pause Young (Allocation Failure)
[393.381s][info][gc,heap        ] GC(442) PSYoungGen: 230354K(230400K)->22858K(270336K) Eden: 202752K(202752K)->0K(208384K) From: 27602K(27648K)->22858K(61952K)
[393.381s][info][gc,heap        ] GC(442) ParOldGen: 93079K(230400K)->93520K(230400K)
[393.381s][info][gc,metaspace   ] GC(442) Metaspace: 42931K(43328K)->42931K(43328K) NonClass: 40123K(40384K)->40123K(40384K) Class: 2808K(2944K)->2808K(2944K)
[393.381s][info][gc             ] GC(442) Pause Young (Allocation Failure) 315M->113M(489M) 14.771ms
[393.381s][info][gc,cpu         ] GC(442) User=0.03s Sys=0.00s Real=0.02s
[393.973s][info][gc,start       ] GC(443) Pause Young (Allocation Failure)
[393.986s][info][gc,heap        ] GC(443) PSYoungGen: 231242K(270336K)->1246K(267264K) Eden: 208384K(208384K)->0K(208384K) From: 22858K(61952K)->1246K(58880K)
[393.986s][info][gc,heap        ] GC(443) ParOldGen: 93520K(230400K)->115362K(230400K)
[393.986s][info][gc,metaspace   ] GC(443) Metaspace: 42931K(43328K)->42931K(43328K) NonClass: 40123K(40384K)->40123K(40384K) Class: 2808K(2944K)->2808K(2944K)
[393.986s][info][gc             ] GC(443) Pause Young (Allocation Failure) 317M->113M(486M) 12.630ms
[393.986s][info][gc,cpu         ] GC(443) User=0.02s Sys=0.00s Real=0.01s
[394.567s][info][gc,start       ] GC(444) Pause Young (Allocation Failure)
[394.569s][info][gc,heap        ] GC(444) PSYoungGen: 209630K(267264K)->1552K(272896K) Eden: 208384K(208384K)->0K(212992K) From: 1246K(58880K)->1552K(59904K)
[394.569s][info][gc,heap        ] GC(444) ParOldGen: 115362K(230400K)->115547K(230400K)
[394.569s][info][gc,metaspace   ] GC(444) Metaspace: 42931K(43328K)->42931K(43328K) NonClass: 40123K(40384K)->40123K(40384K) Class: 2808K(2944K)->2808K(2944K)
[394.569s][info][gc             ] GC(444) Pause Young (Allocation Failure) 317M->114M(491M) 2.426ms
[394.569s][info][gc,cpu         ] GC(444) User=0.01s Sys=0.00s Real=0.01s
[395.037s][info][gc,start       ] GC(445) Pause Young (Allocation Failure)
[395.042s][info][gc,heap        ] GC(445) PSYoungGen: 214544K(272896K)->4007K(272896K) Eden: 212992K(212992K)->0K(212992K) From: 1552K(59904K)->4007K(59904K)
[395.042s][info][gc,heap        ] GC(445) ParOldGen: 115547K(230400K)->116083K(230400K)
[395.042s][info][gc,metaspace   ] GC(445) Metaspace: 42931K(43328K)->42931K(43328K) NonClass: 40123K(40384K)->40123K(40384K) Class: 2808K(2944K)->2808K(2944K)
[395.042s][info][gc             ] GC(445) Pause Young (Allocation Failure) 322M->117M(491M) 4.476ms
[395.042s][info][gc,cpu         ] GC(445) User=0.01s Sys=0.00s Real=0.01s
[395.384s][info][gc,start       ] GC(446) Pause Young (Allocation Failure)
[395.388s][info][gc,heap        ] GC(446) PSYoungGen: 216999K(272896K)->3726K(272896K) Eden: 212992K(212992K)->0K(215040K) From: 4007K(59904K)->3726K(57856K)
[395.388s][info][gc,heap        ] GC(446) ParOldGen: 116083K(230400K)->117882K(230400K)
[395.388s][info][gc,metaspace   ] GC(446) Metaspace: 42931K(43328K)->42931K(43328K) NonClass: 40123K(40384K)->40123K(40384K) Class: 2808K(2944K)->2808K(2944K)
[395.388s][info][gc             ] GC(446) Pause Young (Allocation Failure) 325M->118M(491M) 4.882ms
[395.388s][info][gc,cpu         ] GC(446) User=0.01s Sys=0.00s Real=0.01s
[395.772s][info][gc,start       ] GC(447) Pause Young (Allocation Failure)
[395.779s][info][gc,heap        ] GC(447) PSYoungGen: 218202K(272896K)->10551K(272896K) Eden: 214475K(215040K)->0K(215040K) From: 3726K(57856K)->10551K(57856K)
[395.779s][info][gc,heap        ] GC(447) ParOldGen: 117882K(230400K)->118150K(230400K)
[395.779s][info][gc,metaspace   ] GC(447) Metaspace: 42931K(43328K)->42931K(43328K) NonClass: 40123K(40384K)->40123K(40384K) Class: 2808K(2944K)->2808K(2944K)
[395.779s][info][gc             ] GC(447) Pause Young (Allocation Failure) 328M->125M(491M) 7.415ms
[395.779s][info][gc,cpu         ] GC(447) User=0.01s Sys=0.00s Real=0.01s
[396.052s][info][gc,start       ] GC(448) Pause Young (Allocation Failure)
[396.060s][info][gc,heap        ] GC(448) PSYoungGen: 225591K(272896K)->1536K(274432K) Eden: 215040K(215040K)->0K(219648K) From: 10551K(57856K)->1536K(54784K)
[396.060s][info][gc,heap        ] GC(448) ParOldGen: 118150K(230400K)->128501K(230400K)
[396.060s][info][gc,metaspace   ] GC(448) Metaspace: 42931K(43328K)->42931K(43328K) NonClass: 40123K(40384K)->40123K(40384K) Class: 2808K(2944K)->2808K(2944K)
[396.060s][info][gc             ] GC(448) Pause Young (Allocation Failure) 335M->126M(493M) 7.393ms
[396.060s][info][gc,cpu         ] GC(448) User=0.01s Sys=0.00s Real=0.01s
[396.356s][info][gc,start       ] GC(449) Pause Young (Allocation Failure)
[396.361s][info][gc,heap        ] GC(449) PSYoungGen: 220192K(274432K)->2913K(273408K) Eden: 218656K(219648K)->0K(219648K) From: 1536K(54784K)->2913K(53760K)
[396.361s][info][gc,heap        ] GC(449) ParOldGen: 128501K(230400K)->130005K(230400K)
[396.361s][info][gc,metaspace   ] GC(449) Metaspace: 42931K(43328K)->42931K(43328K) NonClass: 40123K(40384K)->40123K(40384K) Class: 2808K(2944K)->2808K(2944K)
[396.361s][info][gc             ] GC(449) Pause Young (Allocation Failure) 340M->129M(492M) 5.207ms
[396.361s][info][gc,cpu         ] GC(449) User=0.01s Sys=0.00s Real=0.01s
[396.662s][info][gc,start       ] GC(450) Pause Young (Allocation Failure)
[396.669s][info][gc,heap        ] GC(450) PSYoungGen: 222159K(273408K)->4926K(278016K) Eden: 219246K(219648K)->0K(227328K) From: 2913K(53760K)->4926K(50688K)
[396.669s][info][gc,heap        ] GC(450) ParOldGen: 130005K(230400K)->132904K(230400K)
[396.669s][info][gc,metaspace   ] GC(450) Metaspace: 42931K(43328K)->42931K(43328K) NonClass: 40123K(40384K)->40123K(40384K) Class: 2808K(2944K)->2808K(2944K)
[396.669s][info][gc             ] GC(450) Pause Young (Allocation Failure) 343M->134M(496M) 7.815ms
[396.669s][info][gc,cpu         ] GC(450) User=0.02s Sys=0.00s Real=0.01s
[396.979s][info][gc,start       ] GC(451) Pause Young (Allocation Failure)
[396.988s][info][gc,heap        ] GC(451) PSYoungGen: 232254K(278016K)->4812K(277504K) Eden: 227328K(227328K)->0K(227328K) From: 4926K(50688K)->4812K(50176K)
[396.988s][info][gc,heap        ] GC(451) ParOldGen: 132904K(230400K)->137851K(230400K)
[396.988s][info][gc,metaspace   ] GC(451) Metaspace: 42931K(43328K)->42931K(43328K) NonClass: 40123K(40384K)->40123K(40384K) Class: 2808K(2944K)->2808K(2944K)
[396.988s][info][gc             ] GC(451) Pause Young (Allocation Failure) 356M->139M(496M) 9.305ms
[396.988s][info][gc,cpu         ] GC(451) User=0.02s Sys=0.00s Real=0.01s
[397.310s][info][gc,start       ] GC(452) Pause Young (Allocation Failure)
[397.321s][info][gc,heap        ] GC(452) PSYoungGen: 232140K(277504K)->6694K(281088K) Eden: 227328K(227328K)->0K(235520K) From: 4812K(50176K)->6694K(45568K)
[397.321s][info][gc,heap        ] GC(452) ParOldGen: 137851K(230400K)->142640K(230400K)
[397.321s][info][gc,metaspace   ] GC(452) Metaspace: 42931K(43328K)->42931K(43328K) NonClass: 40123K(40384K)->40123K(40384K) Class: 2808K(2944K)->2808K(2944K)
[397.321s][info][gc             ] GC(452) Pause Young (Allocation Failure) 361M->145M(499M) 11.183ms
[397.321s][info][gc,cpu         ] GC(452) User=0.02s Sys=0.00s Real=0.01s
[397.637s][info][gc,start       ] GC(453) Pause Young (Allocation Failure)
[397.649s][info][gc,heap        ] GC(453) PSYoungGen: 241342K(281088K)->3877K(281088K) Eden: 234648K(235520K)->0K(235520K) From: 6694K(45568K)->3877K(45568K)
[397.649s][info][gc,heap        ] GC(453) ParOldGen: 142640K(230400K)->149416K(230400K)
[397.649s][info][gc,metaspace   ] GC(453) Metaspace: 42931K(43328K)->42931K(43328K) NonClass: 40123K(40384K)->40123K(40384K) Class: 2808K(2944K)->2808K(2944K)
[397.649s][info][gc             ] GC(453) Pause Young (Allocation Failure) 374M->149M(499M) 12.024ms
[397.649s][info][gc,cpu         ] GC(453) User=0.02s Sys=0.01s Real=0.02s
[398.152s][info][gc,start       ] GC(454) Pause Young (Allocation Failure)
[398.169s][info][gc,heap        ] GC(454) PSYoungGen: 239397K(281088K)->14406K(286208K) Eden: 235520K(235520K)->0K(244736K) From: 3877K(45568K)->14406K(41472K)
[398.169s][info][gc,heap        ] GC(454) ParOldGen: 149416K(230400K)->153001K(230400K)
[398.169s][info][gc,metaspace   ] GC(454) Metaspace: 42932K(43328K)->42932K(43328K) NonClass: 40124K(40384K)->40124K(40384K) Class: 2808K(2944K)->2808K(2944K)
[398.169s][info][gc             ] GC(454) Pause Young (Allocation Failure) 379M->163M(504M) 17.352ms
[398.169s][info][gc,cpu         ] GC(454) User=0.03s Sys=0.00s Real=0.02s
[398.718s][info][gc,start       ] GC(455) Pause Young (Allocation Failure)
[398.730s][info][gc,heap        ] GC(455) PSYoungGen: 259142K(286208K)->2734K(286208K) Eden: 244736K(244736K)->0K(244736K) From: 14406K(41472K)->2734K(41472K)
[398.730s][info][gc,heap        ] GC(455) ParOldGen: 153001K(230400K)->167044K(230400K)
[398.730s][info][gc,metaspace   ] GC(455) Metaspace: 42935K(43328K)->42935K(43328K) NonClass: 40127K(40384K)->40127K(40384K) Class: 2808K(2944K)->2808K(2944K)
[398.730s][info][gc             ] GC(455) Pause Young (Allocation Failure) 402M->165M(504M) 12.200ms
[398.730s][info][gc,cpu         ] GC(455) User=0.02s Sys=0.00s Real=0.01s
[399.272s][info][gc,start       ] GC(456) Pause Young (Allocation Failure)
[399.275s][info][gc,heap        ] GC(456) PSYoungGen: 247470K(286208K)->3004K(290816K) Eden: 244736K(244736K)->0K(252416K) From: 2734K(41472K)->3004K(38400K)
[399.276s][info][gc,heap        ] GC(456) ParOldGen: 167044K(230400K)->167230K(230400K)
[399.276s][info][gc,metaspace   ] GC(456) Metaspace: 42947K(43328K)->42947K(43328K) NonClass: 40138K(40384K)->40138K(40384K) Class: 2808K(2944K)->2808K(2944K)
[399.276s][info][gc             ] GC(456) Pause Young (Allocation Failure) 404M->166M(509M) 3.796ms
[399.276s][info][gc,cpu         ] GC(456) User=0.00s Sys=0.00s Real=0.00s
[399.845s][info][gc,start       ] GC(457) Pause Young (Allocation Failure)
[399.850s][info][gc,heap        ] GC(457) PSYoungGen: 255420K(290816K)->3717K(290816K) Eden: 252416K(252416K)->0K(252416K) From: 3004K(38400K)->3717K(38400K)
[399.850s][info][gc,heap        ] GC(457) ParOldGen: 167230K(230400K)->167230K(230400K)
[399.850s][info][gc,metaspace   ] GC(457) Metaspace: 42972K(43328K)->42972K(43328K) NonClass: 40164K(40384K)->40164K(40384K) Class: 2808K(2944K)->2808K(2944K)
[399.850s][info][gc             ] GC(457) Pause Young (Allocation Failure) 412M->166M(509M) 4.167ms
[399.850s][info][gc,cpu         ] GC(457) User=0.01s Sys=0.00s Real=0.01s
[400.455s][info][gc,start       ] GC(458) Pause Young (Allocation Failure)
[400.459s][info][gc,heap        ] GC(458) PSYoungGen: 256133K(290816K)->5321K(293376K) Eden: 252416K(252416K)->0K(259072K) From: 3717K(38400K)->5321K(34304K)
[400.460s][info][gc,heap        ] GC(458) ParOldGen: 167230K(230400K)->167278K(230400K)
[400.460s][info][gc,metaspace   ] GC(458) Metaspace: 42974K(43328K)->42974K(43328K) NonClass: 40166K(40384K)->40166K(40384K) Class: 2808K(2944K)->2808K(2944K)
[400.460s][info][gc             ] GC(458) Pause Young (Allocation Failure) 413M->168M(511M) 4.209ms
[400.460s][info][gc,cpu         ] GC(458) User=0.01s Sys=0.00s Real=0.01s
[401.044s][info][gc,start       ] GC(459) Pause Young (Allocation Failure)
[401.048s][info][gc,heap        ] GC(459) PSYoungGen: 264393K(293376K)->6504K(293376K) Eden: 259072K(259072K)->0K(259072K) From: 5321K(34304K)->6504K(34304K)
[401.048s][info][gc,heap        ] GC(459) ParOldGen: 167278K(230400K)->168620K(230400K)
[401.049s][info][gc,metaspace   ] GC(459) Metaspace: 42977K(43392K)->42977K(43392K) NonClass: 40169K(40448K)->40169K(40448K) Class: 2808K(2944K)->2808K(2944K)
[401.049s][info][gc             ] GC(459) Pause Young (Allocation Failure) 421M->171M(511M) 4.061ms
[401.049s][info][gc,cpu         ] GC(459) User=0.00s Sys=0.00s Real=0.01s
[402.291s][info][gc,start       ] GC(460) Pause Young (Allocation Failure)
[402.301s][info][gc,heap        ] GC(460) PSYoungGen: 265562K(293376K)->7410K(297472K) Eden: 259058K(259072K)->0K(267264K) From: 6504K(34304K)->7410K(30208K)
[402.301s][info][gc,heap        ] GC(460) ParOldGen: 168620K(230400K)->168756K(230400K)
[402.301s][info][gc,metaspace   ] GC(460) Metaspace: 43014K(43392K)->43014K(43392K) NonClass: 40206K(40448K)->40206K(40448K) Class: 2808K(2944K)->2808K(2944K)
[402.301s][info][gc             ] GC(460) Pause Young (Allocation Failure) 424M->172M(515M) 10.430ms
[402.301s][info][gc,cpu         ] GC(460) User=0.02s Sys=0.00s Real=0.01s
[403.150s][info][gc,start       ] GC(461) Pause Young (Allocation Failure)
[403.183s][info][gc,heap        ] GC(461) PSYoungGen: 274674K(297472K)->30176K(297472K) Eden: 267264K(267264K)->0K(267264K) From: 7410K(30208K)->30176K(30208K)
[403.183s][info][gc,heap        ] GC(461) ParOldGen: 168756K(230400K)->176430K(230400K)
[403.183s][info][gc,metaspace   ] GC(461) Metaspace: 43015K(43392K)->43015K(43392K) NonClass: 40207K(40448K)->40207K(40448K) Class: 2808K(2944K)->2808K(2944K)
[403.183s][info][gc             ] GC(461) Pause Young (Allocation Failure) 433M->201M(515M) 33.379ms
[403.183s][info][gc,cpu         ] GC(461) User=0.07s Sys=0.00s Real=0.03s
[403.790s][info][gc,start       ] GC(462) Pause Young (Allocation Failure)
[403.847s][info][gc,heap        ] GC(462) PSYoungGen: 297440K(297472K)->30104K(284160K) Eden: 267264K(267264K)->0K(247808K) From: 30176K(30208K)->30104K(36352K)
[403.847s][info][gc,heap        ] GC(462) ParOldGen: 176430K(230400K)->205878K(230400K)
[403.847s][info][gc,metaspace   ] GC(462) Metaspace: 43015K(43392K)->43015K(43392K) NonClass: 40207K(40448K)->40207K(40448K) Class: 2808K(2944K)->2808K(2944K)
[403.847s][info][gc             ] GC(462) Pause Young (Allocation Failure) 462M->230M(502M) 56.969ms
[403.847s][info][gc,cpu         ] GC(462) User=0.11s Sys=0.00s Real=0.05s
[404.404s][info][gc,start       ] GC(463) Pause Young (Allocation Failure)
[404.457s][info][gc,heap        ] GC(463) PSYoungGen: 277912K(284160K)->27336K(275456K) Eden: 247808K(247808K)->0K(247808K) From: 30104K(36352K)->27336K(27648K)
[404.457s][info][gc,heap        ] GC(463) ParOldGen: 205878K(230400K)->234246K(234496K)
[404.457s][info][gc,metaspace   ] GC(463) Metaspace: 43017K(43392K)->43017K(43392K) NonClass: 40209K(40448K)->40209K(40448K) Class: 2808K(2944K)->2808K(2944K)
[404.458s][info][gc             ] GC(463) Pause Young (Allocation Failure) 472M->255M(498M) 53.699ms
[404.458s][info][gc,cpu         ] GC(463) User=0.10s Sys=0.00s Real=0.05s
[408.177s][info][gc,start       ] GC(464) Pause Young (Allocation Failure)
[408.221s][info][gc,heap        ] GC(464) PSYoungGen: 275144K(275456K)->11552K(290816K) Eden: 247808K(247808K)->0K(245248K) From: 27336K(27648K)->11552K(45568K)
[408.222s][info][gc,heap        ] GC(464) ParOldGen: 234246K(234496K)->261719K(262144K)
[408.222s][info][gc,metaspace   ] GC(464) Metaspace: 43019K(43392K)->43019K(43392K) NonClass: 40211K(40448K)->40211K(40448K) Class: 2808K(2944K)->2808K(2944K)
[408.222s][info][gc             ] GC(464) Pause Young (Allocation Failure) 497M->266M(540M) 44.494ms
[408.222s][info][gc,cpu         ] GC(464) User=0.07s Sys=0.01s Real=0.05s
[408.855s][info][gc,start       ] GC(465) Pause Young (Allocation Failure)
[408.887s][info][gc,heap        ] GC(465) PSYoungGen: 256800K(290816K)->24015K(288256K) Eden: 245248K(245248K)->0K(245248K) From: 11552K(45568K)->24015K(43008K)
[408.887s][info][gc,heap        ] GC(465) ParOldGen: 261719K(262144K)->270412K(270848K)
[408.887s][info][gc,metaspace   ] GC(465) Metaspace: 43023K(43392K)->43023K(43392K) NonClass: 40215K(40448K)->40215K(40448K) Class: 2808K(2944K)->2808K(2944K)
[408.887s][info][gc             ] GC(465) Pause Young (Allocation Failure) 506M->287M(546M) 32.505ms
[408.887s][info][gc,cpu         ] GC(465) User=0.06s Sys=0.00s Real=0.03s
[409.479s][info][gc,start       ] GC(466) Pause Young (Allocation Failure)
[409.540s][info][gc,heap        ] GC(466) PSYoungGen: 269263K(288256K)->30136K(285184K) Eden: 245248K(245248K)->0K(241664K) From: 24015K(43008K)->30136K(43520K)
[409.541s][info][gc,heap        ] GC(466) ParOldGen: 270412K(270848K)->293708K(293888K)
[409.541s][info][gc,metaspace   ] GC(466) Metaspace: 43023K(43392K)->43023K(43392K) NonClass: 40215K(40448K)->40215K(40448K) Class: 2808K(2944K)->2808K(2944K)
[409.541s][info][gc             ] GC(466) Pause Young (Allocation Failure) 527M->316M(565M) 61.449ms
[409.541s][info][gc,cpu         ] GC(466) User=0.11s Sys=0.02s Real=0.06s
[410.139s][info][gc,start       ] GC(467) Pause Young (Allocation Failure)
[410.205s][info][gc,heap        ] GC(467) PSYoungGen: 271800K(285184K)->30320K(272384K) Eden: 241664K(241664K)->0K(241664K) From: 30136K(43520K)->30320K(30720K)
[410.205s][info][gc,heap        ] GC(467) ParOldGen: 293708K(293888K)->322188K(322560K)
[410.205s][info][gc,metaspace   ] GC(467) Metaspace: 43023K(43392K)->43023K(43392K) NonClass: 40215K(40448K)->40215K(40448K) Class: 2808K(2944K)->2808K(2944K)
[410.205s][info][gc             ] GC(467) Pause Young (Allocation Failure) 552M->344M(581M) 66.003ms
[410.205s][info][gc,cpu         ] GC(467) User=0.11s Sys=0.02s Real=0.06s
[411.763s][info][gc,start       ] GC(468) Pause Young (Allocation Failure)
[411.814s][info][gc,heap        ] GC(468) PSYoungGen: 271984K(272384K)->16722K(288256K) Eden: 241664K(241664K)->0K(240128K) From: 30320K(30720K)->16722K(48128K)
[411.814s][info][gc,heap        ] GC(468) ParOldGen: 322188K(322560K)->352717K(352768K)
[411.814s][info][gc,metaspace   ] GC(468) Metaspace: 43023K(43392K)->43023K(43392K) NonClass: 40215K(40448K)->40215K(40448K) Class: 2808K(2944K)->2808K(2944K)
[411.814s][info][gc             ] GC(468) Pause Young (Allocation Failure) 580M->360M(626M) 50.314ms
[411.814s][info][gc,cpu         ] GC(468) User=0.07s Sys=0.02s Real=0.05s
[413.059s][info][gc,start       ] GC(469) Pause Young (Allocation Failure)
[413.080s][info][gc,heap        ] GC(469) PSYoungGen: 256850K(288256K)->2987K(285696K) Eden: 240128K(240128K)->0K(240128K) From: 16722K(48128K)->2987K(45568K)
[413.080s][info][gc,heap        ] GC(469) ParOldGen: 352717K(352768K)->367491K(367616K)
[413.080s][info][gc,metaspace   ] GC(469) Metaspace: 43023K(43392K)->43023K(43392K) NonClass: 40215K(40448K)->40215K(40448K) Class: 2808K(2944K)->2808K(2944K)
[413.080s][info][gc             ] GC(469) Pause Young (Allocation Failure) 595M->361M(638M) 20.966ms
[413.080s][info][gc,cpu         ] GC(469) User=0.03s Sys=0.01s Real=0.02s
[414.392s][info][gc,start       ] GC(470) Pause Young (Allocation Failure)
[414.419s][info][gc,heap        ] GC(470) PSYoungGen: 243115K(285696K)->24861K(285696K) Eden: 240128K(240128K)->0K(240128K) From: 2987K(45568K)->24861K(45568K)
[414.419s][info][gc,heap        ] GC(470) ParOldGen: 367491K(367616K)->370096K(370176K)
[414.419s][info][gc,metaspace   ] GC(470) Metaspace: 43023K(43392K)->43023K(43392K) NonClass: 40215K(40448K)->40215K(40448K) Class: 2808K(2944K)->2808K(2944K)
[414.419s][info][gc             ] GC(470) Pause Young (Allocation Failure) 596M->385M(640M) 27.150ms
[414.420s][info][gc,cpu         ] GC(470) User=0.05s Sys=0.01s Real=0.03s
[415.780s][info][gc,start       ] GC(471) Pause Young (Allocation Failure)
[415.829s][info][gc,heap        ] GC(471) PSYoungGen: 264989K(285696K)->21771K(285696K) Eden: 240128K(240128K)->0K(240128K) From: 24861K(45568K)->21771K(45568K)
[415.829s][info][gc,heap        ] GC(471) ParOldGen: 370096K(370176K)->394834K(395264K)
[415.829s][info][gc,metaspace   ] GC(471) Metaspace: 43023K(43392K)->43023K(43392K) NonClass: 40215K(40448K)->40215K(40448K) Class: 2808K(2944K)->2808K(2944K)
[415.830s][info][gc             ] GC(471) Pause Young (Allocation Failure) 620M->406M(665M) 49.844ms
[415.830s][info][gc,cpu         ] GC(471) User=0.08s Sys=0.02s Real=0.05s
[416.917s][info][gc,start       ] GC(472) Pause Young (Allocation Failure)
[416.967s][info][gc,heap        ] GC(472) PSYoungGen: 261899K(285696K)->30069K(285184K) Eden: 240128K(240128K)->0K(240640K) From: 21771K(45568K)->30069K(44544K)
[416.967s][info][gc,heap        ] GC(472) ParOldGen: 394834K(395264K)->416594K(416768K)
[416.967s][info][gc,metaspace   ] GC(472) Metaspace: 43023K(43392K)->43023K(43392K) NonClass: 40215K(40448K)->40215K(40448K) Class: 2808K(2944K)->2808K(2944K)
[416.967s][info][gc             ] GC(472) Pause Young (Allocation Failure) 641M->436M(685M) 50.283ms
[416.967s][info][gc,cpu         ] GC(472) User=0.08s Sys=0.01s Real=0.05s
[417.585s][info][gc,start       ] GC(473) Pause Young (Allocation Failure)
[417.649s][info][gc,heap        ] GC(473) PSYoungGen: 270709K(285184K)->29804K(270848K) Eden: 240640K(240640K)->0K(240640K) From: 30069K(44544K)->29804K(30208K)
[417.649s][info][gc,heap        ] GC(473) ParOldGen: 416594K(416768K)->446581K(446976K)
[417.649s][info][gc,metaspace   ] GC(473) Metaspace: 43023K(43392K)->43023K(43392K) NonClass: 40215K(40448K)->40215K(40448K) Class: 2808K(2944K)->2808K(2944K)
[417.649s][info][gc             ] GC(473) Pause Young (Allocation Failure) 671M->465M(701M) 64.032ms
[417.649s][info][gc,cpu         ] GC(473) User=0.10s Sys=0.02s Real=0.07s
[418.193s][info][gc,start       ] GC(474) Pause Young (Allocation Failure)
[418.260s][info][gc,heap        ] GC(474) PSYoungGen: 270444K(270848K)->27576K(286208K) Eden: 240640K(240640K)->0K(238592K) From: 29804K(30208K)->27576K(47616K)
[418.260s][info][gc,heap        ] GC(474) ParOldGen: 446581K(446976K)->476581K(476672K)
[418.260s][info][gc,metaspace   ] GC(474) Metaspace: 43023K(43392K)->43023K(43392K) NonClass: 40215K(40448K)->40215K(40448K) Class: 2808K(2944K)->2808K(2944K)
[418.260s][info][gc             ] GC(474) Pause Young (Allocation Failure) 700M->492M(745M) 67.342ms
[418.260s][info][gc,cpu         ] GC(474) User=0.11s Sys=0.02s Real=0.07s
[419.762s][info][gc,start       ] GC(475) Pause Young (Allocation Failure)
[419.822s][info][gc,heap        ] GC(475) PSYoungGen: 266168K(286208K)->23743K(262656K) Eden: 238592K(238592K)->0K(238592K) From: 27576K(47616K)->23743K(24064K)
[419.823s][info][gc,heap        ] GC(475) ParOldGen: 476581K(476672K)->504158K(504320K)
[419.823s][info][gc,metaspace   ] GC(475) Metaspace: 43023K(43392K)->43023K(43392K) NonClass: 40215K(40448K)->40215K(40448K) Class: 2808K(2944K)->2808K(2944K)
[419.823s][info][gc             ] GC(475) Pause Young (Allocation Failure) 725M->515M(749M) 60.617ms
[419.823s][info][gc,cpu         ] GC(475) User=0.10s Sys=0.02s Real=0.06s
[420.763s][info][gc,start       ] GC(476) Pause Young (Allocation Failure)
[420.794s][info][gc,heap        ] GC(476) PSYoungGen: 262335K(262656K)->7820K(284672K) Eden: 238592K(238592K)->0K(238592K) From: 23743K(24064K)->7820K(46080K)
[420.794s][info][gc,heap        ] GC(476) ParOldGen: 504158K(504320K)->527618K(527872K)
[420.794s][info][gc,metaspace   ] GC(476) Metaspace: 43023K(43392K)->43023K(43392K) NonClass: 40215K(40448K)->40215K(40448K) Class: 2808K(2944K)->2808K(2944K)
[420.794s][info][gc             ] GC(476) Pause Young (Allocation Failure) 748M->522M(793M) 31.228ms
[420.794s][info][gc,cpu         ] GC(476) User=0.05s Sys=0.02s Real=0.03s
[422.046s][info][gc,start       ] GC(477) Pause Young (Allocation Failure)
[422.055s][info][gc,heap        ] GC(477) PSYoungGen: 246412K(284672K)->1477K(284672K) Eden: 238592K(238592K)->0K(238592K) From: 7820K(46080K)->1477K(46080K)
[422.055s][info][gc,heap        ] GC(477) ParOldGen: 527618K(527872K)->533376K(533504K)
[422.055s][info][gc,metaspace   ] GC(477) Metaspace: 43023K(43392K)->43023K(43392K) NonClass: 40215K(40448K)->40215K(40448K) Class: 2808K(2944K)->2808K(2944K)
[422.055s][info][gc             ] GC(477) Pause Young (Allocation Failure) 755M->522M(799M) 8.908ms
[422.055s][info][gc,cpu         ] GC(477) User=0.01s Sys=0.00s Real=0.01s
[423.369s][info][gc,start       ] GC(478) Pause Young (Allocation Failure)
[423.392s][info][gc,heap        ] GC(478) PSYoungGen: 240069K(284672K)->21351K(285184K) Eden: 238592K(238592K)->0K(241152K) From: 1477K(46080K)->21351K(44032K)
[423.392s][info][gc,heap        ] GC(478) ParOldGen: 533376K(533504K)->534607K(535040K)
[423.392s][info][gc,metaspace   ] GC(478) Metaspace: 43023K(43392K)->43023K(43392K) NonClass: 40215K(40448K)->40215K(40448K) Class: 2808K(2944K)->2808K(2944K)
[423.393s][info][gc             ] GC(478) Pause Young (Allocation Failure) 755M->542M(801M) 23.702ms
[423.393s][info][gc,cpu         ] GC(478) User=0.04s Sys=0.00s Real=0.02s
[424.686s][info][gc,start       ] GC(479) Pause Young (Allocation Failure)
[424.734s][info][gc,heap        ] GC(479) PSYoungGen: 262503K(285184K)->23737K(286208K) Eden: 241152K(241152K)->0K(241152K) From: 21351K(44032K)->23737K(45056K)
[424.734s][info][gc,heap        ] GC(479) ParOldGen: 534607K(535040K)->556086K(556544K)
[424.734s][info][gc,metaspace   ] GC(479) Metaspace: 43023K(43392K)->43023K(43392K) NonClass: 40215K(40448K)->40215K(40448K) Class: 2808K(2944K)->2808K(2944K)
[424.734s][info][gc             ] GC(479) Pause Young (Allocation Failure) 778M->566M(823M) 47.871ms
[424.734s][info][gc,cpu         ] GC(479) User=0.08s Sys=0.01s Real=0.05s
[425.660s][info][gc,start       ] GC(480) Pause Young (Allocation Failure)
[425.700s][info][gc,heap        ] GC(480) PSYoungGen: 264889K(286208K)->14156K(285696K) Eden: 241152K(241152K)->0K(244736K) From: 23737K(45056K)->14156K(40960K)
[425.700s][info][gc,heap        ] GC(480) ParOldGen: 556086K(556544K)->579904K(580096K)
[425.700s][info][gc,metaspace   ] GC(480) Metaspace: 43025K(43392K)->43025K(43392K) NonClass: 40217K(40448K)->40217K(40448K) Class: 2808K(2944K)->2808K(2944K)
[425.700s][info][gc             ] GC(480) Pause Young (Allocation Failure) 801M->580M(845M) 39.814ms
[425.700s][info][gc,cpu         ] GC(480) User=0.06s Sys=0.02s Real=0.04s
[426.634s][info][gc,start       ] GC(481) Pause Young (Allocation Failure)
[426.650s][info][gc,heap        ] GC(481) PSYoungGen: 258892K(285696K)->5739K(287232K) Eden: 244736K(244736K)->0K(244736K) From: 14156K(40960K)->5739K(42496K)
[426.650s][info][gc,heap        ] GC(481) ParOldGen: 579904K(580096K)->590586K(590848K)
[426.650s][info][gc,metaspace   ] GC(481) Metaspace: 43026K(43392K)->43026K(43392K) NonClass: 40217K(40448K)->40217K(40448K) Class: 2808K(2944K)->2808K(2944K)
[426.650s][info][gc             ] GC(481) Pause Young (Allocation Failure) 819M->582M(857M) 16.430ms
[426.650s][info][gc,cpu         ] GC(481) User=0.03s Sys=0.01s Real=0.02s
[427.549s][info][gc,start       ] GC(482) Pause Young (Allocation Failure)
[427.572s][info][gc,heap        ] GC(482) PSYoungGen: 250475K(287232K)->22232K(289280K) Eden: 244736K(244736K)->0K(248832K) From: 5739K(42496K)->22232K(40448K)
[427.572s][info][gc,heap        ] GC(482) ParOldGen: 590586K(590848K)->591406K(591872K)
[427.572s][info][gc,metaspace   ] GC(482) Metaspace: 43026K(43392K)->43026K(43392K) NonClass: 40217K(40448K)->40217K(40448K) Class: 2808K(2944K)->2808K(2944K)
[427.572s][info][gc             ] GC(482) Pause Young (Allocation Failure) 821M->599M(860M) 22.588ms
[427.572s][info][gc,cpu         ] GC(482) User=0.04s Sys=0.00s Real=0.02s
[428.350s][info][gc,start       ] GC(483) Pause Young (Allocation Failure)
[428.356s][info][gc,heap        ] GC(483) PSYoungGen: 271064K(289280K)->5172K(290304K) Eden: 248832K(248832K)->0K(248832K) From: 22232K(40448K)->5172K(41472K)
[428.356s][info][gc,heap        ] GC(483) ParOldGen: 591406K(591872K)->592758K(592896K)
[428.356s][info][gc,metaspace   ] GC(483) Metaspace: 43026K(43392K)->43026K(43392K) NonClass: 40217K(40448K)->40217K(40448K) Class: 2808K(2944K)->2808K(2944K)
[428.356s][info][gc             ] GC(483) Pause Young (Allocation Failure) 842M->583M(862M) 6.931ms
[428.356s][info][gc,cpu         ] GC(483) User=0.01s Sys=0.00s Real=0.00s
[429.156s][info][gc,start       ] GC(484) Pause Young (Allocation Failure)
[429.167s][info][gc,heap        ] GC(484) PSYoungGen: 254004K(290304K)->8454K(290304K) Eden: 248832K(248832K)->0K(250880K) From: 5172K(41472K)->8454K(39424K)
[429.167s][info][gc,heap        ] GC(484) ParOldGen: 592758K(592896K)->593670K(593920K)
[429.167s][info][gc,metaspace   ] GC(484) Metaspace: 43026K(43392K)->43026K(43392K) NonClass: 40217K(40448K)->40217K(40448K) Class: 2808K(2944K)->2808K(2944K)
[429.167s][info][gc             ] GC(484) Pause Young (Allocation Failure) 826M->588M(863M) 10.349ms
[429.167s][info][gc,cpu         ] GC(484) User=0.02s Sys=0.00s Real=0.01s
[430.157s][info][gc,start       ] GC(485) Pause Young (Allocation Failure)
[430.179s][info][gc,heap        ] GC(485) PSYoungGen: 259334K(290304K)->23885K(291328K) Eden: 250880K(250880K)->0K(250880K) From: 8454K(39424K)->23885K(40448K)
[430.179s][info][gc,heap        ] GC(485) ParOldGen: 593670K(593920K)->594950K(595456K)
[430.179s][info][gc,metaspace   ] GC(485) Metaspace: 43027K(43392K)->43027K(43392K) NonClass: 40218K(40448K)->40218K(40448K) Class: 2808K(2944K)->2808K(2944K)
[430.179s][info][gc             ] GC(485) Pause Young (Allocation Failure) 833M->604M(866M) 22.078ms
[430.179s][info][gc,cpu         ] GC(485) User=0.04s Sys=0.01s Real=0.03s
[431.077s][info][gc,start       ] GC(486) Pause Young (Allocation Failure)
[431.089s][info][gc,heap        ] GC(486) PSYoungGen: 274765K(291328K)->12738K(289792K) Eden: 250880K(250880K)->0K(252416K) From: 23885K(40448K)->12738K(37376K)
[431.090s][info][gc,heap        ] GC(486) ParOldGen: 594950K(595456K)->595670K(595968K)
[431.090s][info][gc,metaspace   ] GC(486) Metaspace: 43027K(43392K)->43027K(43392K) NonClass: 40218K(40448K)->40218K(40448K) Class: 2808K(2944K)->2808K(2944K)
[431.090s][info][gc             ] GC(486) Pause Young (Allocation Failure) 849M->594M(865M) 12.989ms
[431.090s][info][gc,cpu         ] GC(486) User=0.02s Sys=0.00s Real=0.02s
[431.897s][info][gc,start       ] GC(487) Pause Young (Allocation Failure)
[431.922s][info][gc,heap        ] GC(487) PSYoungGen: 265154K(289792K)->12837K(291328K) Eden: 252416K(252416K)->0K(252416K) From: 12738K(37376K)->12837K(38912K)
[431.922s][info][gc,heap        ] GC(487) ParOldGen: 595670K(595968K)->596838K(596992K)
[431.922s][info][gc,metaspace   ] GC(487) Metaspace: 43029K(43392K)->43029K(43392K) NonClass: 40220K(40448K)->40220K(40448K) Class: 2808K(2944K)->2808K(2944K)
[431.922s][info][gc             ] GC(487) Pause Young (Allocation Failure) 840M->595M(867M) 25.029ms
[431.922s][info][gc,cpu         ] GC(487) User=0.03s Sys=0.00s Real=0.03s
[432.776s][info][gc,start       ] GC(488) Pause Young (Allocation Failure)
[432.785s][info][gc,heap        ] GC(488) PSYoungGen: 265253K(291328K)->8356K(292864K) Eden: 252416K(252416K)->0K(257536K) From: 12837K(38912K)->8356K(35328K)
[432.785s][info][gc,heap        ] GC(488) ParOldGen: 596838K(596992K)->597710K(598016K)
[432.785s][info][gc,metaspace   ] GC(488) Metaspace: 43030K(43392K)->43030K(43392K) NonClass: 40222K(40448K)->40222K(40448K) Class: 2808K(2944K)->2808K(2944K)
[432.785s][info][gc             ] GC(488) Pause Young (Allocation Failure) 841M->591M(870M) 9.291ms
[432.785s][info][gc,cpu         ] GC(488) User=0.02s Sys=0.00s Real=0.01s
[433.679s][info][gc,start       ] GC(489) Pause Young (Allocation Failure)
[433.684s][info][gc,heap        ] GC(489) PSYoungGen: 265825K(292864K)->1424K(293888K) Eden: 257469K(257536K)->0K(257536K) From: 8356K(35328K)->1424K(36352K)
[433.684s][info][gc,heap        ] GC(489) ParOldGen: 597710K(598016K)->598826K(599040K)
[433.684s][info][gc,metaspace   ] GC(489) Metaspace: 43030K(43392K)->43030K(43392K) NonClass: 40222K(40448K)->40222K(40448K) Class: 2808K(2944K)->2808K(2944K)
[433.684s][info][gc             ] GC(489) Pause Young (Allocation Failure) 843M->586M(872M) 4.853ms
[433.684s][info][gc,cpu         ] GC(489) User=0.01s Sys=0.00s Real=0.00s
[434.459s][info][gc,start       ] GC(490) Pause Young (Allocation Failure)
[434.503s][info][gc,heap        ] GC(490) PSYoungGen: 258960K(293888K)->36844K(279552K) Eden: 257536K(257536K)->0K(242688K) From: 1424K(36352K)->36844K(36864K)
[434.503s][info][gc,heap        ] GC(490) ParOldGen: 598826K(599040K)->605553K(605696K)
[434.503s][info][gc,metaspace   ] GC(490) Metaspace: 43030K(43392K)->43030K(43392K) NonClass: 40222K(40448K)->40222K(40448K) Class: 2808K(2944K)->2808K(2944K)
[434.503s][info][gc             ] GC(490) Pause Young (Allocation Failure) 837M->627M(864M) 43.509ms
[434.503s][info][gc,cpu         ] GC(490) User=0.08s Sys=0.01s Real=0.04s
[435.597s][info][gc,start       ] GC(491) Pause Young (Allocation Failure)
[435.650s][info][gc,heap        ] GC(491) PSYoungGen: 279532K(279552K)->20065K(288256K) Eden: 242688K(242688K)->0K(242688K) From: 36844K(36864K)->20065K(45568K)
[435.650s][info][gc,heap        ] GC(491) ParOldGen: 605553K(605696K)->627326K(627712K)
[435.650s][info][gc,metaspace   ] GC(491) Metaspace: 43030K(43392K)->43030K(43392K) NonClass: 40222K(40448K)->40222K(40448K) Class: 2808K(2944K)->2808K(2944K)
[435.650s][info][gc             ] GC(491) Pause Young (Allocation Failure) 864M->632M(894M) 52.654ms
[435.650s][info][gc,cpu         ] GC(491) User=0.09s Sys=0.01s Real=0.06s
[436.537s][info][gc,start       ] GC(492) Pause Young (Allocation Failure)
[436.590s][info][gc,heap        ] GC(492) PSYoungGen: 262753K(288256K)->27059K(287744K) Eden: 242688K(242688K)->0K(243712K) From: 20065K(45568K)->27059K(44032K)
[436.591s][info][gc,heap        ] GC(492) ParOldGen: 627326K(627712K)->647050K(647168K)
[436.591s][info][gc,metaspace   ] GC(492) Metaspace: 43033K(43392K)->43033K(43392K) NonClass: 40224K(40448K)->40224K(40448K) Class: 2808K(2944K)->2808K(2944K)
[436.591s][info][gc             ] GC(492) Pause Young (Allocation Failure) 869M->658M(913M) 53.250ms
[436.591s][info][gc,cpu         ] GC(492) User=0.09s Sys=0.01s Real=0.06s
[437.280s][info][gc,start       ] GC(493) Pause Full (Allocation Failure)
[437.280s][info][gc,phases,start] GC(493) Marking Phase
[437.354s][info][gc,phases      ] GC(493) Marking Phase 73.900ms
[437.354s][info][gc,phases,start] GC(493) Summary Phase
[437.354s][info][gc,phases      ] GC(493) Summary Phase 0.032ms
[437.354s][info][gc,phases,start] GC(493) Forward
[437.376s][info][gc,phases      ] GC(493) Forward 21.845ms
[437.376s][info][gc,phases,start] GC(493) Adjust Pointers
[437.425s][info][gc,phases      ] GC(493) Adjust Pointers 49.337ms
[437.425s][info][gc,phases,start] GC(493) Compaction Phase
[437.448s][info][gc,phases      ] GC(493) Compaction Phase 22.679ms
[437.448s][info][gc,phases,start] GC(493) Post Compact
[437.451s][info][gc,phases      ] GC(493) Post Compact 2.781ms
[437.484s][info][gc,heap        ] GC(493) PSYoungGen: 270771K(287744K)->0K(288768K) Eden: 243712K(243712K)->0K(243712K) From: 27059K(44032K)->0K(45056K)
[437.484s][info][gc,heap        ] GC(493) ParOldGen: 647050K(647168K)->109162K(247296K)
[437.484s][info][gc,metaspace   ] GC(493) Metaspace: 43033K(43392K)->43033K(43392K) NonClass: 40224K(40448K)->40224K(40448K) Class: 2808K(2944K)->2808K(2944K)
[437.484s][info][gc             ] GC(493) Pause Full (Allocation Failure) 896M->106M(523M) 203.714ms
[437.484s][info][gc,cpu         ] GC(493) User=0.26s Sys=0.03s Real=0.20s
[438.256s][info][gc,start       ] GC(494) Pause Young (Allocation Failure)
[438.286s][info][gc,heap        ] GC(494) PSYoungGen: 243712K(288768K)->44664K(274432K) Eden: 243712K(243712K)->0K(229376K) From: 0K(45056K)->44664K(45056K)
[438.286s][info][gc,heap        ] GC(494) ParOldGen: 109162K(247296K)->109162K(247296K)
[438.286s][info][gc,metaspace   ] GC(494) Metaspace: 43033K(43392K)->43033K(43392K) NonClass: 40224K(40448K)->40224K(40448K) Class: 2808K(2944K)->2808K(2944K)
[438.286s][info][gc             ] GC(494) Pause Young (Allocation Failure) 344M->150M(509M) 29.799ms
[438.286s][info][gc,cpu         ] GC(494) User=0.06s Sys=0.00s Real=0.03s
[439.003s][info][gc,start       ] GC(495) Pause Young (Allocation Failure)
[439.029s][info][gc,heap        ] GC(495) PSYoungGen: 274040K(274432K)->22494K(281600K) Eden: 229376K(229376K)->0K(229376K) From: 44664K(45056K)->22494K(52224K)
[439.029s][info][gc,heap        ] GC(495) ParOldGen: 109162K(247296K)->128545K(247296K)
[439.029s][info][gc,metaspace   ] GC(495) Metaspace: 43033K(43392K)->43033K(43392K) NonClass: 40225K(40448K)->40225K(40448K) Class: 2808K(2944K)->2808K(2944K)
[439.029s][info][gc             ] GC(495) Pause Young (Allocation Failure) 374M->147M(516M) 26.307ms
[439.029s][info][gc,cpu         ] GC(495) User=0.05s Sys=0.00s Real=0.03s
[439.824s][info][gc,start       ] GC(496) Pause Young (Allocation Failure)
[439.840s][info][gc,heap        ] GC(496) PSYoungGen: 251870K(281600K)->23661K(275968K) Eden: 229376K(229376K)->0K(231936K) From: 22494K(52224K)->23661K(44032K)
[439.840s][info][gc,heap        ] GC(496) ParOldGen: 128545K(247296K)->129288K(247296K)
[439.840s][info][gc,metaspace   ] GC(496) Metaspace: 43033K(43392K)->43033K(43392K) NonClass: 40225K(40448K)->40225K(40448K) Class: 2808K(2944K)->2808K(2944K)
[439.840s][info][gc             ] GC(496) Pause Young (Allocation Failure) 371M->149M(511M) 15.894ms
[439.840s][info][gc,cpu         ] GC(496) User=0.03s Sys=0.00s Real=0.02s
[440.584s][info][gc,start       ] GC(497) Pause Young (Allocation Failure)
[440.623s][info][gc,heap        ] GC(497) PSYoungGen: 255597K(275968K)->48124K(280064K) Eden: 231936K(231936K)->0K(231936K) From: 23661K(44032K)->48124K(48128K)
[440.623s][info][gc,heap        ] GC(497) ParOldGen: 129288K(247296K)->150032K(247296K)
[440.623s][info][gc,metaspace   ] GC(497) Metaspace: 43033K(43392K)->43033K(43392K) NonClass: 40225K(40448K)->40225K(40448K) Class: 2808K(2944K)->2808K(2944K)
[440.623s][info][gc             ] GC(497) Pause Young (Allocation Failure) 375M->193M(515M) 39.143ms
[440.623s][info][gc,cpu         ] GC(497) User=0.08s Sys=0.01s Real=0.04s
[441.409s][info][gc,start       ] GC(498) Pause Young (Allocation Failure)
[441.526s][info][gc,heap        ] GC(498) PSYoungGen: 280060K(280064K)->53738K(165376K) Eden: 231936K(231936K)->0K(111616K) From: 48124K(48128K)->53738K(53760K)
[441.526s][info][gc,heap        ] GC(498) ParOldGen: 150032K(247296K)->266402K(266752K)
[441.526s][info][gc,metaspace   ] GC(498) Metaspace: 43033K(43392K)->43033K(43392K) NonClass: 40225K(40448K)->40225K(40448K) Class: 2808K(2944K)->2808K(2944K)
[441.526s][info][gc             ] GC(498) Pause Young (Allocation Failure) 420M->312M(422M) 116.485ms
[441.526s][info][gc,cpu         ] GC(498) User=0.20s Sys=0.02s Real=0.11s
[441.919s][info][gc,start       ] GC(499) Pause Young (Allocation Failure)
[442.013s][info][gc,heap        ] GC(499) PSYoungGen: 165354K(165376K)->52037K(222720K) Eden: 111616K(111616K)->0K(111616K) From: 53738K(53760K)->52037K(111104K)
[442.013s][info][gc,heap        ] GC(499) ParOldGen: 266402K(266752K)->309713K(309760K)
[442.013s][info][gc,metaspace   ] GC(499) Metaspace: 43033K(43392K)->43033K(43392K) NonClass: 40225K(40448K)->40225K(40448K) Class: 2808K(2944K)->2808K(2944K)
[442.013s][info][gc             ] GC(499) Pause Young (Allocation Failure) 421M->353M(520M) 93.212ms
[442.013s][info][gc,cpu         ] GC(499) User=0.15s Sys=0.03s Real=0.09s
[442.375s][info][gc,start       ] GC(500) Pause Young (Allocation Failure)
[442.437s][info][gc,heap        ] GC(500) PSYoungGen: 163384K(222720K)->11403K(218112K) Eden: 111346K(111616K)->0K(113152K) From: 52037K(111104K)->11403K(104960K)
[442.437s][info][gc,heap        ] GC(500) ParOldGen: 309713K(309760K)->359775K(359936K)
[442.437s][info][gc,metaspace   ] GC(500) Metaspace: 43033K(43392K)->43033K(43392K) NonClass: 40225K(40448K)->40225K(40448K) Class: 2808K(2944K)->2808K(2944K)
[442.437s][info][gc             ] GC(500) Pause Young (Allocation Failure) 462M->362M(564M) 61.735ms
[442.437s][info][gc,cpu         ] GC(500) User=0.08s Sys=0.04s Real=0.06s
[442.806s][info][gc,start       ] GC(501) Pause Young (Allocation Failure)
[442.811s][info][gc,heap        ] GC(501) PSYoungGen: 124555K(218112K)->4708K(221184K) Eden: 113152K(113152K)->0K(113152K) From: 11403K(104960K)->4708K(108032K)
[442.811s][info][gc,heap        ] GC(501) ParOldGen: 359775K(359936K)->360078K(360448K)
[442.811s][info][gc,metaspace   ] GC(501) Metaspace: 43033K(43392K)->43033K(43392K) NonClass: 40225K(40448K)->40225K(40448K) Class: 2808K(2944K)->2808K(2944K)
[442.811s][info][gc             ] GC(501) Pause Young (Allocation Failure) 472M->356M(568M) 5.145ms
[442.811s][info][gc,cpu         ] GC(501) User=0.01s Sys=0.00s Real=0.01s
[443.205s][info][gc,start       ] GC(502) Pause Young (Allocation Failure)
[443.213s][info][gc,heap        ] GC(502) PSYoungGen: 117860K(221184K)->6315K(219648K) Eden: 113152K(113152K)->0K(118784K) From: 4708K(108032K)->6315K(100864K)
[443.213s][info][gc,heap        ] GC(502) ParOldGen: 360078K(360448K)->360729K(360960K)
[443.213s][info][gc,metaspace   ] GC(502) Metaspace: 43033K(43392K)->43033K(43392K) NonClass: 40225K(40448K)->40225K(40448K) Class: 2808K(2944K)->2808K(2944K)
[443.213s][info][gc             ] GC(502) Pause Young (Allocation Failure) 466M->358M(567M) 8.031ms
[443.213s][info][gc,cpu         ] GC(502) User=0.01s Sys=0.00s Real=0.01s
[443.603s][info][gc,start       ] GC(503) Pause Young (Allocation Failure)
[443.624s][info][gc,heap        ] GC(503) PSYoungGen: 125099K(219648K)->32025K(223232K) Eden: 118784K(118784K)->0K(118784K) From: 6315K(100864K)->32025K(104448K)
[443.624s][info][gc,heap        ] GC(503) ParOldGen: 360729K(360960K)->361101K(361472K)
[443.624s][info][gc,metaspace   ] GC(503) Metaspace: 43034K(43392K)->43034K(43392K) NonClass: 40225K(40448K)->40225K(40448K) Class: 2808K(2944K)->2808K(2944K)
[443.624s][info][gc             ] GC(503) Pause Young (Allocation Failure) 474M->383M(571M) 20.378ms
[443.624s][info][gc,cpu         ] GC(503) User=0.04s Sys=0.00s Real=0.02s
[444.013s][info][gc,start       ] GC(504) Pause Young (Allocation Failure)
[444.020s][info][gc,heap        ] GC(504) PSYoungGen: 150809K(223232K)->8668K(226816K) Eden: 118784K(118784K)->0K(131072K) From: 32025K(104448K)->8668K(95744K)
[444.020s][info][gc,heap        ] GC(504) ParOldGen: 361101K(361472K)->361734K(361984K)
[444.020s][info][gc,metaspace   ] GC(504) Metaspace: 43034K(43392K)->43034K(43392K) NonClass: 40225K(40448K)->40225K(40448K) Class: 2808K(2944K)->2808K(2944K)
[444.020s][info][gc             ] GC(504) Pause Young (Allocation Failure) 499M->361M(575M) 7.466ms
[444.020s][info][gc,cpu         ] GC(504) User=0.02s Sys=0.00s Real=0.01s
[444.429s][info][gc,start       ] GC(505) Pause Young (Allocation Failure)
[444.439s][info][gc,heap        ] GC(505) PSYoungGen: 139740K(226816K)->11558K(225792K) Eden: 131072K(131072K)->0K(131072K) From: 8668K(95744K)->11558K(94720K)
[444.439s][info][gc,heap        ] GC(505) ParOldGen: 361734K(361984K)->362381K(362496K)
[444.439s][info][gc,metaspace   ] GC(505) Metaspace: 43034K(43392K)->43034K(43392K) NonClass: 40225K(40448K)->40225K(40448K) Class: 2808K(2944K)->2808K(2944K)
[444.439s][info][gc             ] GC(505) Pause Young (Allocation Failure) 489M->365M(574M) 9.610ms
[444.439s][info][gc,cpu         ] GC(505) User=0.02s Sys=0.00s Real=0.01s
[444.858s][info][gc,start       ] GC(506) Pause Young (Allocation Failure)
[444.863s][info][gc,heap        ] GC(506) PSYoungGen: 142630K(225792K)->5288K(236544K) Eden: 131072K(131072K)->0K(145920K) From: 11558K(94720K)->5288K(90624K)
[444.863s][info][gc,heap        ] GC(506) ParOldGen: 362381K(362496K)->362768K(363008K)
[444.863s][info][gc,metaspace   ] GC(506) Metaspace: 43034K(43392K)->43034K(43392K) NonClass: 40225K(40448K)->40225K(40448K) Class: 2808K(2944K)->2808K(2944K)
[444.863s][info][gc             ] GC(506) Pause Young (Allocation Failure) 493M->359M(585M) 5.390ms
[444.863s][info][gc,cpu         ] GC(506) User=0.01s Sys=0.00s Real=0.00s
[445.333s][info][gc,start       ] GC(507) Pause Young (Allocation Failure)
[445.337s][info][gc,heap        ] GC(507) PSYoungGen: 151208K(236544K)->1864K(235008K) Eden: 145920K(145920K)->0K(145920K) From: 5288K(90624K)->1864K(89088K)
[445.337s][info][gc,heap        ] GC(507) ParOldGen: 362768K(363008K)->363047K(363520K)
[445.337s][info][gc,metaspace   ] GC(507) Metaspace: 43034K(43392K)->43034K(43392K) NonClass: 40225K(40448K)->40225K(40448K) Class: 2808K(2944K)->2808K(2944K)
[445.337s][info][gc             ] GC(507) Pause Young (Allocation Failure) 501M->356M(584M) 3.705ms
[445.337s][info][gc,cpu         ] GC(507) User=0.01s Sys=0.00s Real=0.00s
[445.801s][info][gc,start       ] GC(508) Pause Young (Allocation Failure)
[445.810s][info][gc,heap        ] GC(508) PSYoungGen: 147784K(235008K)->13980K(238080K) Eden: 145920K(145920K)->0K(157696K) From: 1864K(89088K)->13980K(80384K)
[445.811s][info][gc,heap        ] GC(508) ParOldGen: 363047K(363520K)->363313K(363520K)
[445.811s][info][gc,metaspace   ] GC(508) Metaspace: 43034K(43392K)->43034K(43392K) NonClass: 40225K(40448K)->40225K(40448K) Class: 2808K(2944K)->2808K(2944K)
[445.811s][info][gc             ] GC(508) Pause Young (Allocation Failure) 498M->368M(587M) 9.630ms
[445.811s][info][gc,cpu         ] GC(508) User=0.01s Sys=0.00s Real=0.01s
[446.237s][info][gc,start       ] GC(509) Pause Young (Allocation Failure)
[446.256s][info][gc,heap        ] GC(509) PSYoungGen: 171676K(238080K)->11199K(239616K) Eden: 157696K(157696K)->0K(157696K) From: 13980K(80384K)->11199K(81920K)
[446.256s][info][gc,heap        ] GC(509) ParOldGen: 363313K(363520K)->374830K(375296K)
[446.256s][info][gc,metaspace   ] GC(509) Metaspace: 43034K(43392K)->43034K(43392K) NonClass: 40225K(40448K)->40225K(40448K) Class: 2808K(2944K)->2808K(2944K)
[446.256s][info][gc             ] GC(509) Pause Young (Allocation Failure) 522M->376M(600M) 18.948ms
[446.256s][info][gc,cpu         ] GC(509) User=0.02s Sys=0.01s Real=0.02s
[446.714s][info][gc,start       ] GC(510) Pause Young (Allocation Failure)
[446.726s][info][gc,heap        ] GC(510) PSYoungGen: 168895K(239616K)->1013K(249856K) Eden: 157696K(157696K)->0K(173568K) From: 11199K(81920K)->1013K(76288K)
[446.726s][info][gc,heap        ] GC(510) ParOldGen: 374830K(375296K)->385084K(385536K)
[446.726s][info][gc,metaspace   ] GC(510) Metaspace: 43034K(43392K)->43034K(43392K) NonClass: 40225K(40448K)->40225K(40448K) Class: 2808K(2944K)->2808K(2944K)
[446.726s][info][gc             ] GC(510) Pause Young (Allocation Failure) 530M->377M(620M) 11.841ms
[446.726s][info][gc,cpu         ] GC(510) User=0.02s Sys=0.01s Real=0.01s
[447.199s][info][gc,start       ] GC(511) Pause Young (Allocation Failure)
[447.202s][info][gc,heap        ] GC(511) PSYoungGen: 174581K(249856K)->1035K(249344K) Eden: 173568K(173568K)->0K(173568K) From: 1013K(76288K)->1035K(75776K)
[447.202s][info][gc,heap        ] GC(511) ParOldGen: 385084K(385536K)->385187K(385536K)
[447.202s][info][gc,metaspace   ] GC(511) Metaspace: 43034K(43392K)->43034K(43392K) NonClass: 40225K(40448K)->40225K(40448K) Class: 2808K(2944K)->2808K(2944K)
[447.202s][info][gc             ] GC(511) Pause Young (Allocation Failure) 546M->377M(620M) 2.580ms
[447.202s][info][gc,cpu         ] GC(511) User=0.00s Sys=0.00s Real=0.00s
[447.563s][info][gc,start       ] GC(512) Pause Young (Allocation Failure)
[447.568s][info][gc,heap        ] GC(512) PSYoungGen: 174603K(249344K)->4444K(254976K) Eden: 173568K(173568K)->0K(184832K) From: 1035K(75776K)->4444K(70144K)
[447.568s][info][gc,heap        ] GC(512) ParOldGen: 385187K(385536K)->385651K(386048K)
[447.568s][info][gc,metaspace   ] GC(512) Metaspace: 43034K(43392K)->43034K(43392K) NonClass: 40225K(40448K)->40225K(40448K) Class: 2808K(2944K)->2808K(2944K)
[447.568s][info][gc             ] GC(512) Pause Young (Allocation Failure) 546M->380M(626M) 5.645ms
[447.568s][info][gc,cpu         ] GC(512) User=0.01s Sys=0.00s Real=0.01s
[447.865s][info][gc,start       ] GC(513) Pause Young (Allocation Failure)
[447.870s][info][gc,heap        ] GC(513) PSYoungGen: 189276K(254976K)->3182K(254976K) Eden: 184832K(184832K)->0K(184832K) From: 4444K(70144K)->3182K(70144K)
[447.871s][info][gc,heap        ] GC(513) ParOldGen: 385651K(386048K)->387394K(387584K)
[447.871s][info][gc,metaspace   ] GC(513) Metaspace: 43034K(43392K)->43034K(43392K) NonClass: 40225K(40448K)->40225K(40448K) Class: 2808K(2944K)->2808K(2944K)
[447.871s][info][gc             ] GC(513) Pause Young (Allocation Failure) 561M->381M(627M) 5.730ms
[447.871s][info][gc,cpu         ] GC(513) User=0.01s Sys=0.01s Real=0.01s
[448.233s][info][gc,start       ] GC(514) Pause Young (Allocation Failure)
[448.244s][info][gc,heap        ] GC(514) PSYoungGen: 188014K(254976K)->10498K(257536K) Eden: 184832K(184832K)->0K(196608K) From: 3182K(70144K)->10498K(60928K)
[448.244s][info][gc,heap        ] GC(514) ParOldGen: 387394K(387584K)->387646K(388096K)
[448.244s][info][gc,metaspace   ] GC(514) Metaspace: 43034K(43392K)->43034K(43392K) NonClass: 40225K(40448K)->40225K(40448K) Class: 2808K(2944K)->2808K(2944K)
[448.244s][info][gc             ] GC(514) Pause Young (Allocation Failure) 561M->388M(630M) 10.453ms
[448.244s][info][gc,cpu         ] GC(514) User=0.02s Sys=0.00s Real=0.01s
[448.483s][info][gc,start       ] GC(515) Pause Young (Allocation Failure)
[448.496s][info][gc,heap        ] GC(515) PSYoungGen: 206995K(257536K)->2850K(259072K) Eden: 196496K(196608K)->0K(196608K) From: 10498K(60928K)->2850K(62464K)
[448.496s][info][gc,heap        ] GC(515) ParOldGen: 387646K(388096K)->397925K(398336K)
[448.496s][info][gc,metaspace   ] GC(515) Metaspace: 43034K(43392K)->43034K(43392K) NonClass: 40225K(40448K)->40225K(40448K) Class: 2808K(2944K)->2808K(2944K)
[448.496s][info][gc             ] GC(515) Pause Young (Allocation Failure) 580M->391M(642M) 12.388ms
[448.496s][info][gc,cpu         ] GC(515) User=0.01s Sys=0.01s Real=0.01s
[448.747s][info][gc,start       ] GC(516) Pause Young (Allocation Failure)
[448.751s][info][gc,heap        ] GC(516) PSYoungGen: 199458K(259072K)->1381K(267776K) Eden: 196608K(196608K)->0K(211968K) From: 2850K(62464K)->1381K(55808K)
[448.751s][info][gc,heap        ] GC(516) ParOldGen: 397925K(398336K)->398880K(399360K)
[448.751s][info][gc,metaspace   ] GC(516) Metaspace: 43036K(43392K)->43036K(43392K) NonClass: 40228K(40448K)->40228K(40448K) Class: 2808K(2944K)->2808K(2944K)
[448.751s][info][gc             ] GC(516) Pause Young (Allocation Failure) 583M->390M(651M) 4.532ms
[448.751s][info][gc,cpu         ] GC(516) User=0.00s Sys=0.00s Real=0.01s
[449.027s][info][gc,start       ] GC(517) Pause Young (Allocation Failure)
[449.034s][info][gc,heap        ] GC(517) PSYoungGen: 213349K(267776K)->3572K(268800K) Eden: 211968K(211968K)->0K(211968K) From: 1381K(55808K)->3572K(56832K)
[449.034s][info][gc,heap        ] GC(517) ParOldGen: 398880K(399360K)->400225K(400384K)
[449.034s][info][gc,metaspace   ] GC(517) Metaspace: 43036K(43392K)->43036K(43392K) NonClass: 40228K(40448K)->40228K(40448K) Class: 2808K(2944K)->2808K(2944K)
[449.034s][info][gc             ] GC(517) Pause Young (Allocation Failure) 597M->394M(653M) 6.828ms
[449.034s][info][gc,cpu         ] GC(517) User=0.01s Sys=0.00s Real=0.01s
[449.312s][info][gc,start       ] GC(518) Pause Young (Allocation Failure)
[449.322s][info][gc,heap        ] GC(518) PSYoungGen: 214837K(268800K)->3761K(273920K) Eden: 211264K(211968K)->0K(223232K) From: 3572K(56832K)->3761K(50688K)
[449.322s][info][gc,heap        ] GC(518) ParOldGen: 400225K(400384K)->403737K(403968K)
[449.322s][info][gc,metaspace   ] GC(518) Metaspace: 43036K(43392K)->43036K(43392K) NonClass: 40228K(40448K)->40228K(40448K) Class: 2808K(2944K)->2808K(2944K)
[449.322s][info][gc             ] GC(518) Pause Young (Allocation Failure) 600M->397M(662M) 9.671ms
[449.322s][info][gc,cpu         ] GC(518) User=0.01s Sys=0.00s Real=0.01s
[449.633s][info][gc,start       ] GC(519) Pause Young (Allocation Failure)
[449.646s][info][gc,heap        ] GC(519) PSYoungGen: 226091K(273920K)->7378K(274432K) Eden: 222329K(223232K)->0K(223232K) From: 3761K(50688K)->7378K(51200K)
[449.646s][info][gc,heap        ] GC(519) ParOldGen: 403737K(403968K)->407453K(407552K)
[449.646s][info][gc,metaspace   ] GC(519) Metaspace: 43036K(43392K)->43036K(43392K) NonClass: 40228K(40448K)->40228K(40448K) Class: 2808K(2944K)->2808K(2944K)
[449.646s][info][gc             ] GC(519) Pause Young (Allocation Failure) 615M->405M(666M) 13.226ms
[449.646s][info][gc,cpu         ] GC(519) User=0.03s Sys=0.00s Real=0.01s
[449.957s][info][gc,start       ] GC(520) Pause Young (Allocation Failure)
[449.974s][info][gc,heap        ] GC(520) PSYoungGen: 230610K(274432K)->5759K(279552K) Eden: 223232K(223232K)->0K(235008K) From: 7378K(51200K)->5759K(44544K)
[449.974s][info][gc,heap        ] GC(520) ParOldGen: 407453K(407552K)->414957K(415232K)
[449.974s][info][gc,metaspace   ] GC(520) Metaspace: 43040K(43392K)->43040K(43392K) NonClass: 40231K(40448K)->40231K(40448K) Class: 2808K(2944K)->2808K(2944K)
[449.974s][info][gc             ] GC(520) Pause Young (Allocation Failure) 623M->410M(678M) 16.958ms
[449.974s][info][gc,cpu         ] GC(520) User=0.03s Sys=0.00s Real=0.02s
[450.314s][info][gc,start       ] GC(521) Pause Young (Allocation Failure)
[450.338s][info][gc,heap        ] GC(521) PSYoungGen: 240767K(279552K)->11093K(279552K) Eden: 235008K(235008K)->0K(235008K) From: 5759K(44544K)->11093K(44544K)
[450.338s][info][gc,heap        ] GC(521) ParOldGen: 414957K(415232K)->420677K(420864K)
[450.338s][info][gc,metaspace   ] GC(521) Metaspace: 43041K(43392K)->43041K(43392K) NonClass: 40232K(40448K)->40232K(40448K) Class: 2808K(2944K)->2808K(2944K)
[450.338s][info][gc             ] GC(521) Pause Young (Allocation Failure) 640M->421M(684M) 23.433ms
[450.338s][info][gc,cpu         ] GC(521) User=0.04s Sys=0.01s Real=0.03s
[450.865s][info][gc,start       ] GC(522) Pause Young (Allocation Failure)
[450.887s][info][gc,heap        ] GC(522) PSYoungGen: 246101K(279552K)->8986K(286208K) Eden: 235008K(235008K)->0K(247808K) From: 11093K(44544K)->8986K(38400K)
[450.887s][info][gc,heap        ] GC(522) ParOldGen: 420677K(420864K)->432036K(432128K)
[450.887s][info][gc,metaspace   ] GC(522) Metaspace: 43041K(43392K)->43041K(43392K) NonClass: 40233K(40448K)->40233K(40448K) Class: 2808K(2944K)->2808K(2944K)
[450.887s][info][gc             ] GC(522) Pause Young (Allocation Failure) 651M->430M(701M) 21.722ms
[450.887s][info][gc,cpu         ] GC(522) User=0.03s Sys=0.02s Real=0.02s
[451.448s][info][gc,start       ] GC(523) Pause Young (Allocation Failure)
[451.457s][info][gc,heap        ] GC(523) PSYoungGen: 256794K(286208K)->3434K(286208K) Eden: 247808K(247808K)->0K(247808K) From: 8986K(38400K)->3434K(38400K)
[451.457s][info][gc,heap        ] GC(523) ParOldGen: 432036K(432128K)->436763K(437248K)
[451.457s][info][gc,metaspace   ] GC(523) Metaspace: 43056K(43392K)->43056K(43392K) NonClass: 40247K(40448K)->40247K(40448K) Class: 2808K(2944K)->2808K(2944K)
[451.457s][info][gc             ] GC(523) Pause Young (Allocation Failure) 672M->429M(706M) 8.716ms
[451.457s][info][gc,cpu         ] GC(523) User=0.01s Sys=0.00s Real=0.00s
[452.007s][info][gc,start       ] GC(524) Pause Young (Allocation Failure)
[452.011s][info][gc,heap        ] GC(524) PSYoungGen: 251242K(286208K)->3331K(292864K) Eden: 247808K(247808K)->0K(258560K) From: 3434K(38400K)->3331K(34304K)
[452.011s][info][gc,heap        ] GC(524) ParOldGen: 436763K(437248K)->436771K(437248K)
[452.011s][info][gc,metaspace   ] GC(524) Metaspace: 43058K(43392K)->43058K(43392K) NonClass: 40249K(40448K)->40249K(40448K) Class: 2808K(2944K)->2808K(2944K)
[452.011s][info][gc             ] GC(524) Pause Young (Allocation Failure) 671M->429M(713M) 4.539ms
[452.012s][info][gc,cpu         ] GC(524) User=0.00s Sys=0.00s Real=0.01s
[452.566s][info][gc,start       ] GC(525) Pause Young (Allocation Failure)
[452.571s][info][gc,heap        ] GC(525) PSYoungGen: 261891K(292864K)->4132K(293376K) Eden: 258560K(258560K)->0K(258560K) From: 3331K(34304K)->4132K(34816K)
[452.571s][info][gc,heap        ] GC(525) ParOldGen: 436771K(437248K)->436830K(437248K)
[452.571s][info][gc,metaspace   ] GC(525) Metaspace: 43058K(43392K)->43058K(43392K) NonClass: 40249K(40448K)->40249K(40448K) Class: 2808K(2944K)->2808K(2944K)
[452.571s][info][gc             ] GC(525) Pause Young (Allocation Failure) 682M->430M(713M) 5.073ms
[452.571s][info][gc,cpu         ] GC(525) User=0.01s Sys=0.00s Real=0.01s
[453.174s][info][gc,start       ] GC(526) Pause Young (Allocation Failure)
[453.180s][info][gc,heap        ] GC(526) PSYoungGen: 262692K(293376K)->6962K(294912K) Eden: 258560K(258560K)->0K(265728K) From: 4132K(34816K)->6962K(29184K)
[453.180s][info][gc,heap        ] GC(526) ParOldGen: 436830K(437248K)->436894K(437248K)
[453.180s][info][gc,metaspace   ] GC(526) Metaspace: 43058K(43392K)->43058K(43392K) NonClass: 40249K(40448K)->40249K(40448K) Class: 2808K(2944K)->2808K(2944K)
[453.180s][info][gc             ] GC(526) Pause Young (Allocation Failure) 683M->433M(715M) 6.007ms
[453.180s][info][gc,cpu         ] GC(526) User=0.01s Sys=0.00s Real=0.01s
[454.176s][info][gc,start       ] GC(527) Pause Young (Allocation Failure)
[454.181s][info][gc,heap        ] GC(527) PSYoungGen: 272690K(294912K)->3218K(296448K) Eden: 265728K(265728K)->0K(265728K) From: 6962K(29184K)->3218K(30720K)
[454.181s][info][gc,heap        ] GC(527) ParOldGen: 436894K(437248K)->437030K(437248K)
[454.181s][info][gc,metaspace   ] GC(527) Metaspace: 43058K(43392K)->43058K(43392K) NonClass: 40249K(40448K)->40249K(40448K) Class: 2808K(2944K)->2808K(2944K)
[454.181s][info][gc             ] GC(527) Pause Young (Allocation Failure) 692M->429M(716M) 5.491ms
[454.181s][info][gc,cpu         ] GC(527) User=0.01s Sys=0.00s Real=0.01s
[455.327s][info][gc,start       ] GC(528) Pause Young (Allocation Failure)
[455.351s][info][gc,heap        ] GC(528) PSYoungGen: 268946K(296448K)->20730K(299008K) Eden: 265727K(265728K)->0K(269312K) From: 3218K(30720K)->20730K(29696K)
[455.351s][info][gc,heap        ] GC(528) ParOldGen: 437030K(437248K)->440128K(440320K)
[455.351s][info][gc,metaspace   ] GC(528) Metaspace: 43062K(43392K)->43062K(43392K) NonClass: 40253K(40448K)->40253K(40448K) Class: 2808K(2944K)->2808K(2944K)
[455.351s][info][gc             ] GC(528) Pause Young (Allocation Failure) 689M->450M(722M) 23.457ms
[455.351s][info][gc,cpu         ] GC(528) User=0.04s Sys=0.00s Real=0.03s
[455.987s][info][gc,start       ] GC(529) Pause Young (Allocation Failure)
[456.044s][info][gc,heap        ] GC(529) PSYoungGen: 290042K(299008K)->30060K(299520K) Eden: 269312K(269312K)->0K(269312K) From: 20730K(29696K)->30060K(30208K)
[456.044s][info][gc,heap        ] GC(529) ParOldGen: 440128K(440320K)->460477K(460800K)
[456.044s][info][gc,metaspace   ] GC(529) Metaspace: 43062K(43392K)->43062K(43392K) NonClass: 40253K(40448K)->40253K(40448K) Class: 2808K(2944K)->2808K(2944K)
[456.044s][info][gc             ] GC(529) Pause Young (Allocation Failure) 713M->479M(742M) 57.015ms
[456.044s][info][gc,cpu         ] GC(529) User=0.10s Sys=0.01s Real=0.06s
[456.662s][info][gc,start       ] GC(530) Pause Young (Allocation Failure)
[456.732s][info][gc,heap        ] GC(530) PSYoungGen: 299372K(299520K)->30840K(283136K) Eden: 269312K(269312K)->0K(248832K) From: 30060K(30208K)->30840K(34304K)
[456.732s][info][gc,heap        ] GC(530) ParOldGen: 460477K(460800K)->489013K(489472K)
[456.732s][info][gc,metaspace   ] GC(530) Metaspace: 43062K(43392K)->43062K(43392K) NonClass: 40253K(40448K)->40253K(40448K) Class: 2808K(2944K)->2808K(2944K)
[456.732s][info][gc             ] GC(530) Pause Young (Allocation Failure) 742M->507M(754M) 70.644ms
[456.732s][info][gc,cpu         ] GC(530) User=0.11s Sys=0.04s Real=0.07s
[460.090s][info][gc,start       ] GC(531) Pause Young (Allocation Failure)
[460.147s][info][gc,heap        ] GC(531) PSYoungGen: 279672K(283136K)->17552K(291328K) Eden: 248832K(248832K)->0K(248832K) From: 30840K(34304K)->17552K(42496K)
[460.147s][info][gc,heap        ] GC(531) ParOldGen: 489013K(489472K)->519814K(520192K)
[460.147s][info][gc,metaspace   ] GC(531) Metaspace: 43063K(43392K)->43063K(43392K) NonClass: 40254K(40448K)->40254K(40448K) Class: 2808K(2944K)->2808K(2944K)
[460.147s][info][gc             ] GC(531) Pause Young (Allocation Failure) 750M->524M(792M) 57.393ms
[460.147s][info][gc,cpu         ] GC(531) User=0.08s Sys=0.03s Real=0.05s
[460.870s][info][gc,start       ] GC(532) Pause Young (Allocation Failure)
[460.903s][info][gc,heap        ] GC(532) PSYoungGen: 266384K(291328K)->13124K(284672K) Eden: 248832K(248832K)->0K(250368K) From: 17552K(42496K)->13124K(34304K)
[460.903s][info][gc,heap        ] GC(532) ParOldGen: 519814K(520192K)->537176K(537600K)
[460.903s][info][gc,metaspace   ] GC(532) Metaspace: 43063K(43392K)->43063K(43392K) NonClass: 40254K(40448K)->40254K(40448K) Class: 2808K(2944K)->2808K(2944K)
[460.903s][info][gc             ] GC(532) Pause Young (Allocation Failure) 767M->537M(803M) 32.831ms
[460.903s][info][gc,cpu         ] GC(532) User=0.05s Sys=0.02s Real=0.03s
[461.542s][info][gc,start       ] GC(533) Pause Young (Allocation Failure)
[461.590s][info][gc,heap        ] GC(533) PSYoungGen: 263492K(284672K)->31020K(288768K) Eden: 250368K(250368K)->0K(250368K) From: 13124K(34304K)->31020K(38400K)
[461.590s][info][gc,heap        ] GC(533) ParOldGen: 537176K(537600K)->549940K(550400K)
[461.590s][info][gc,metaspace   ] GC(533) Metaspace: 43063K(43392K)->43063K(43392K) NonClass: 40254K(40448K)->40254K(40448K) Class: 2808K(2944K)->2808K(2944K)
[461.590s][info][gc             ] GC(533) Pause Young (Allocation Failure) 781M->567M(819M) 47.907ms
[461.590s][info][gc,cpu         ] GC(533) User=0.09s Sys=0.01s Real=0.05s
[462.212s][info][gc,start       ] GC(534) Pause Young (Allocation Failure)
[462.281s][info][gc,heap        ] GC(534) PSYoungGen: 281388K(288768K)->31768K(284160K) Eden: 250368K(250368K)->0K(241664K) From: 31020K(38400K)->31768K(42496K)
[462.282s][info][gc,heap        ] GC(534) ParOldGen: 549940K(550400K)->579452K(579584K)
[462.282s][info][gc,metaspace   ] GC(534) Metaspace: 43063K(43392K)->43063K(43392K) NonClass: 40254K(40448K)->40254K(40448K) Class: 2808K(2944K)->2808K(2944K)
[462.282s][info][gc             ] GC(534) Pause Young (Allocation Failure) 811M->596M(843M) 69.895ms
[462.282s][info][gc,cpu         ] GC(534) User=0.12s Sys=0.02s Real=0.07s
[463.768s][info][gc,start       ] GC(535) Pause Young (Allocation Failure)
[463.826s][info][gc,heap        ] GC(535) PSYoungGen: 273432K(284160K)->18544K(287744K) Eden: 241664K(241664K)->0K(241664K) From: 31768K(42496K)->18544K(46080K)
[463.827s][info][gc,heap        ] GC(535) ParOldGen: 579452K(579584K)->611213K(611328K)
[463.827s][info][gc,metaspace   ] GC(535) Metaspace: 43063K(43392K)->43063K(43392K) NonClass: 40254K(40448K)->40254K(40448K) Class: 2808K(2944K)->2808K(2944K)
[463.827s][info][gc             ] GC(535) Pause Young (Allocation Failure) 832M->614M(878M) 58.340ms
[463.827s][info][gc,cpu         ] GC(535) User=0.10s Sys=0.03s Real=0.05s
[464.870s][info][gc,start       ] GC(536) Pause Young (Allocation Failure)
[464.904s][info][gc,heap        ] GC(536) PSYoungGen: 260208K(287744K)->13254K(282624K) Eden: 241664K(241664K)->0K(244224K) From: 18544K(46080K)->13254K(38400K)
[464.904s][info][gc,heap        ] GC(536) ParOldGen: 611213K(611328K)->629450K(629760K)
[464.904s][info][gc,metaspace   ] GC(536) Metaspace: 43063K(43392K)->43063K(43392K) NonClass: 40254K(40448K)->40254K(40448K) Class: 2808K(2944K)->2808K(2944K)
[464.904s][info][gc             ] GC(536) Pause Young (Allocation Failure) 850M->627M(891M) 34.180ms
[464.904s][info][gc,cpu         ] GC(536) User=0.05s Sys=0.02s Real=0.03s
[466.290s][info][gc,start       ] GC(537) Pause Full (Allocation Failure)
[466.290s][info][gc,phases,start] GC(537) Marking Phase
[466.334s][info][gc,phases      ] GC(537) Marking Phase 44.388ms
[466.334s][info][gc,phases,start] GC(537) Summary Phase
[466.334s][info][gc,phases      ] GC(537) Summary Phase 0.031ms
[466.334s][info][gc,phases,start] GC(537) Forward
[466.341s][info][gc,phases      ] GC(537) Forward 6.525ms
[466.341s][info][gc,phases,start] GC(537) Adjust Pointers
[466.367s][info][gc,phases      ] GC(537) Adjust Pointers 26.073ms
[466.367s][info][gc,phases,start] GC(537) Compaction Phase
[466.374s][info][gc,phases      ] GC(537) Compaction Phase 7.469ms
[466.375s][info][gc,phases,start] GC(537) Post Compact
[466.377s][info][gc,phases      ] GC(537) Post Compact 2.618ms
[466.414s][info][gc,heap        ] GC(537) PSYoungGen: 257478K(282624K)->0K(285696K) Eden: 244224K(244224K)->0K(244224K) From: 13254K(38400K)->0K(41472K)
[466.414s][info][gc,heap        ] GC(537) ParOldGen: 629450K(629760K)->59193K(204288K)
[466.414s][info][gc,metaspace   ] GC(537) Metaspace: 43063K(43392K)->43063K(43392K) NonClass: 40254K(40448K)->40254K(40448K) Class: 2808K(2944K)->2808K(2944K)
[466.414s][info][gc             ] GC(537) Pause Full (Allocation Failure) 866M->57M(478M) 124.601ms
[466.414s][info][gc,cpu         ] GC(537) User=0.12s Sys=0.04s Real=0.12s
[467.769s][info][gc,start       ] GC(538) Pause Young (Allocation Failure)
[467.789s][info][gc,heap        ] GC(538) PSYoungGen: 244224K(285696K)->22051K(292352K) Eden: 244224K(244224K)->0K(250880K) From: 0K(41472K)->22051K(41472K)
[467.789s][info][gc,heap        ] GC(538) ParOldGen: 59193K(204288K)->59193K(204288K)
[467.789s][info][gc,metaspace   ] GC(538) Metaspace: 43063K(43392K)->43063K(43392K) NonClass: 40254K(40448K)->40254K(40448K) Class: 2808K(2944K)->2808K(2944K)
[467.789s][info][gc             ] GC(538) Pause Young (Allocation Failure) 296M->79M(485M) 19.577ms
[467.789s][info][gc,cpu         ] GC(538) User=0.04s Sys=0.00s Real=0.02s
[469.156s][info][gc,start       ] GC(539) Pause Young (Allocation Failure)
[469.192s][info][gc,heap        ] GC(539) PSYoungGen: 272931K(292352K)->22219K(273408K) Eden: 250880K(250880K)->0K(250880K) From: 22051K(41472K)->22219K(22528K)
[469.192s][info][gc,heap        ] GC(539) ParOldGen: 59193K(204288K)->81264K(204288K)
[469.192s][info][gc,metaspace   ] GC(539) Metaspace: 43063K(43392K)->43063K(43392K) NonClass: 40254K(40448K)->40254K(40448K) Class: 2808K(2944K)->2808K(2944K)
[469.192s][info][gc             ] GC(539) Pause Young (Allocation Failure) 324M->101M(466M) 36.232ms
[469.192s][info][gc,cpu         ] GC(539) User=0.08s Sys=0.00s Real=0.04s
[469.800s][info][gc,start       ] GC(540) Pause Young (Allocation Failure)
[469.849s][info][gc,heap        ] GC(540) PSYoungGen: 273099K(273408K)->37046K(283648K) Eden: 250880K(250880K)->0K(242688K) From: 22219K(22528K)->37046K(40960K)
[469.849s][info][gc,heap        ] GC(540) ParOldGen: 81264K(204288K)->103217K(204288K)
[469.849s][info][gc,metaspace   ] GC(540) Metaspace: 43063K(43392K)->43063K(43392K) NonClass: 40254K(40448K)->40254K(40448K) Class: 2808K(2944K)->2808K(2944K)
[469.849s][info][gc             ] GC(540) Pause Young (Allocation Failure) 346M->136M(476M) 48.868ms
[469.849s][info][gc,cpu         ] GC(540) User=0.10s Sys=0.00s Real=0.05s
[470.424s][info][gc,start       ] GC(541) Pause Young (Allocation Failure)
[470.484s][info][gc,heap        ] GC(541) PSYoungGen: 279734K(283648K)->29624K(272384K) Eden: 242688K(242688K)->0K(242688K) From: 37046K(40960K)->29624K(29696K)
[470.484s][info][gc,heap        ] GC(541) ParOldGen: 103217K(204288K)->139619K(204288K)
[470.484s][info][gc,metaspace   ] GC(541) Metaspace: 43063K(43392K)->43063K(43392K) NonClass: 40254K(40448K)->40254K(40448K) Class: 2808K(2944K)->2808K(2944K)
[470.484s][info][gc             ] GC(541) Pause Young (Allocation Failure) 373M->165M(465M) 59.539ms
[470.484s][info][gc,cpu         ] GC(541) User=0.12s Sys=0.00s Real=0.06s
[471.121s][info][gc,start       ] GC(542) Pause Young (Allocation Failure)
[471.175s][info][gc,heap        ] GC(542) PSYoungGen: 272312K(272384K)->31939K(284160K) Eden: 242688K(242688K)->0K(237568K) From: 29624K(29696K)->31939K(46592K)
[471.175s][info][gc,heap        ] GC(542) ParOldGen: 139619K(204288K)->167523K(204288K)
[471.175s][info][gc,metaspace   ] GC(542) Metaspace: 43063K(43392K)->43063K(43392K) NonClass: 40254K(40448K)->40254K(40448K) Class: 2808K(2944K)->2808K(2944K)
[471.175s][info][gc             ] GC(542) Pause Young (Allocation Failure) 402M->194M(477M) 54.762ms
[471.175s][info][gc,cpu         ] GC(542) User=0.11s Sys=0.00s Real=0.05s
[472.806s][info][gc,start       ] GC(543) Pause Young (Allocation Failure)
[472.831s][info][gc,heap        ] GC(543) PSYoungGen: 269507K(284160K)->7433K(285696K) Eden: 237568K(237568K)->0K(237568K) From: 31939K(46592K)->7433K(48128K)
[472.831s][info][gc,heap        ] GC(543) ParOldGen: 167523K(204288K)->197329K(204288K)
[472.831s][info][gc,metaspace   ] GC(543) Metaspace: 43063K(43392K)->43063K(43392K) NonClass: 40254K(40448K)->40254K(40448K) Class: 2808K(2944K)->2808K(2944K)
[472.831s][info][gc             ] GC(543) Pause Young (Allocation Failure) 426M->199M(478M) 25.494ms
[472.831s][info][gc,cpu         ] GC(543) User=0.05s Sys=0.00s Real=0.03s
[474.053s][info][gc,start       ] GC(544) Pause Young (Allocation Failure)
[474.058s][info][gc,heap        ] GC(544) PSYoungGen: 245001K(285696K)->1028K(284672K) Eden: 237568K(237568K)->0K(236544K) From: 7433K(48128K)->1028K(48128K)
[474.058s][info][gc,heap        ] GC(544) ParOldGen: 197329K(204288K)->203402K(204288K)
[474.058s][info][gc,metaspace   ] GC(544) Metaspace: 43063K(43392K)->43063K(43392K) NonClass: 40254K(40448K)->40254K(40448K) Class: 2808K(2944K)->2808K(2944K)
[474.058s][info][gc             ] GC(544) Pause Young (Allocation Failure) 431M->199M(477M) 5.382ms
[474.058s][info][gc,cpu         ] GC(544) User=0.01s Sys=0.00s Real=0.01s
[475.289s][info][gc,start       ] GC(545) Pause Young (Allocation Failure)
[475.312s][info][gc,heap        ] GC(545) PSYoungGen: 237572K(284672K)->23199K(260096K) Eden: 236544K(236544K)->0K(236544K) From: 1028K(48128K)->23199K(23552K)
[475.312s][info][gc,heap        ] GC(545) ParOldGen: 203402K(204288K)->204403K(204800K)
[475.312s][info][gc,metaspace   ] GC(545) Metaspace: 43063K(43392K)->43063K(43392K) NonClass: 40254K(40448K)->40254K(40448K) Class: 2808K(2944K)->2808K(2944K)
[475.312s][info][gc             ] GC(545) Pause Young (Allocation Failure) 430M->222M(454M) 23.651ms
[475.312s][info][gc,cpu         ] GC(545) User=0.05s Sys=0.00s Real=0.02s
[476.639s][info][gc,start       ] GC(546) Pause Young (Allocation Failure)
[476.687s][info][gc,heap        ] GC(546) PSYoungGen: 259743K(260096K)->22975K(286208K) Eden: 236544K(236544K)->0K(238592K) From: 23199K(23552K)->22975K(47616K)
[476.687s][info][gc,heap        ] GC(546) ParOldGen: 204403K(204800K)->227787K(227840K)
[476.687s][info][gc,metaspace   ] GC(546) Metaspace: 43063K(43392K)->43063K(43392K) NonClass: 40254K(40448K)->40254K(40448K) Class: 2808K(2944K)->2808K(2944K)
[476.687s][info][gc             ] GC(546) Pause Young (Allocation Failure) 453M->244M(502M) 47.546ms
[476.687s][info][gc,cpu         ] GC(546) User=0.08s Sys=0.02s Real=0.04s
[477.727s][info][gc,start       ] GC(547) Pause Young (Allocation Failure)
[477.770s][info][gc,heap        ] GC(547) PSYoungGen: 261567K(286208K)->21755K(284672K) Eden: 238592K(238592K)->0K(238592K) From: 22975K(47616K)->21755K(46080K)
[477.770s][info][gc,heap        ] GC(547) ParOldGen: 227787K(227840K)->250756K(250880K)
[477.770s][info][gc,metaspace   ] GC(547) Metaspace: 43064K(43392K)->43064K(43392K) NonClass: 40255K(40448K)->40255K(40448K) Class: 2808K(2944K)->2808K(2944K)
[477.770s][info][gc             ] GC(547) Pause Young (Allocation Failure) 477M->266M(523M) 43.270ms
[477.770s][info][gc,cpu         ] GC(547) User=0.06s Sys=0.03s Real=0.05s
[478.641s][info][gc,start       ] GC(548) Pause Young (Allocation Failure)
[478.660s][info][gc,heap        ] GC(548) PSYoungGen: 260347K(284672K)->880K(284160K) Eden: 238592K(238592K)->0K(239616K) From: 21755K(46080K)->880K(44544K)
[478.661s][info][gc,heap        ] GC(548) ParOldGen: 250756K(250880K)->266359K(266752K)
[478.661s][info][gc,metaspace   ] GC(548) Metaspace: 43064K(43392K)->43064K(43392K) NonClass: 40255K(40448K)->40255K(40448K) Class: 2808K(2944K)->2808K(2944K)
[478.661s][info][gc             ] GC(548) Pause Young (Allocation Failure) 499M->260M(538M) 19.446ms
[478.661s][info][gc,cpu         ] GC(548) User=0.03s Sys=0.01s Real=0.02s
[479.557s][info][gc,start       ] GC(549) Pause Young (Allocation Failure)
[479.576s][info][gc,heap        ] GC(549) PSYoungGen: 240496K(284160K)->21850K(284672K) Eden: 239616K(239616K)->0K(239616K) From: 880K(44544K)->21850K(45056K)
[479.576s][info][gc,heap        ] GC(549) ParOldGen: 266359K(266752K)->267127K(267264K)
[479.576s][info][gc,metaspace   ] GC(549) Metaspace: 43093K(43456K)->43093K(43456K) NonClass: 40285K(40512K)->40285K(40512K) Class: 2808K(2944K)->2808K(2944K)
[479.576s][info][gc             ] GC(549) Pause Young (Allocation Failure) 494M->282M(539M) 18.957ms
[479.576s][info][gc,cpu         ] GC(549) User=0.04s Sys=0.00s Real=0.02s
[480.422s][info][gc,start       ] GC(550) Pause Young (Allocation Failure)
[480.428s][info][gc,heap        ] GC(550) PSYoungGen: 261466K(284672K)->5403K(288256K) Eden: 239616K(239616K)->0K(244736K) From: 21850K(45056K)->5403K(43520K)
[480.428s][info][gc,heap        ] GC(550) ParOldGen: 267127K(267264K)->268183K(268288K)
[480.428s][info][gc,metaspace   ] GC(550) Metaspace: 43093K(43456K)->43093K(43456K) NonClass: 40285K(40512K)->40285K(40512K) Class: 2808K(2944K)->2808K(2944K)
[480.428s][info][gc             ] GC(550) Pause Young (Allocation Failure) 516M->267M(543M) 5.905ms
[480.428s][info][gc,cpu         ] GC(550) User=0.02s Sys=0.00s Real=0.01s
[481.179s][info][gc,start       ] GC(551) Pause Young (Allocation Failure)
[481.187s][info][gc,heap        ] GC(551) PSYoungGen: 250139K(288256K)->6994K(288256K) Eden: 244736K(244736K)->0K(244736K) From: 5403K(43520K)->6994K(43520K)
[481.187s][info][gc,heap        ] GC(551) ParOldGen: 268183K(268288K)->269383K(269824K)
[481.187s][info][gc,metaspace   ] GC(551) Metaspace: 43093K(43456K)->43093K(43456K) NonClass: 40285K(40512K)->40285K(40512K) Class: 2808K(2944K)->2808K(2944K)
[481.187s][info][gc             ] GC(551) Pause Young (Allocation Failure) 506M->269M(545M) 7.260ms
[481.187s][info][gc,cpu         ] GC(551) User=0.02s Sys=0.00s Real=0.00s
[482.013s][info][gc,start       ] GC(552) Pause Young (Allocation Failure)
[482.037s][info][gc,heap        ] GC(552) PSYoungGen: 251730K(288256K)->29023K(287232K) Eden: 244736K(244736K)->0K(244736K) From: 6994K(43520K)->29023K(42496K)
[482.037s][info][gc,heap        ] GC(552) ParOldGen: 269383K(269824K)->270543K(270848K)
[482.037s][info][gc,metaspace   ] GC(552) Metaspace: 43093K(43456K)->43093K(43456K) NonClass: 40285K(40512K)->40285K(40512K) Class: 2808K(2944K)->2808K(2944K)
[482.037s][info][gc             ] GC(552) Pause Young (Allocation Failure) 508M->292M(545M) 24.136ms
[482.037s][info][gc,cpu         ] GC(552) User=0.05s Sys=0.00s Real=0.02s
[482.991s][info][gc,start       ] GC(553) Pause Young (Allocation Failure)
[483.000s][info][gc,heap        ] GC(553) PSYoungGen: 273759K(287232K)->9305K(289280K) Eden: 244736K(244736K)->0K(244736K) From: 29023K(42496K)->9305K(44544K)
[483.000s][info][gc,heap        ] GC(553) ParOldGen: 270543K(270848K)->271327K(271360K)
[483.000s][info][gc,metaspace   ] GC(553) Metaspace: 43093K(43456K)->43093K(43456K) NonClass: 40285K(40512K)->40285K(40512K) Class: 2808K(2944K)->2808K(2944K)
[483.000s][info][gc             ] GC(553) Pause Young (Allocation Failure) 531M->274M(547M) 9.231ms
[483.000s][info][gc,cpu         ] GC(553) User=0.02s Sys=0.00s Real=0.01s
[483.873s][info][gc,start       ] GC(554) Pause Young (Allocation Failure)
[483.882s][info][gc,heap        ] GC(554) PSYoungGen: 254041K(289280K)->7875K(285184K) Eden: 244736K(244736K)->0K(245760K) From: 9305K(44544K)->7875K(39424K)
[483.882s][info][gc,heap        ] GC(554) ParOldGen: 271327K(271360K)->272407K(272896K)
[483.882s][info][gc,metaspace   ] GC(554) Metaspace: 43093K(43456K)->43093K(43456K) NonClass: 40285K(40512K)->40285K(40512K) Class: 2808K(2944K)->2808K(2944K)
[483.882s][info][gc             ] GC(554) Pause Young (Allocation Failure) 513M->273M(545M) 8.598ms
[483.882s][info][gc,cpu         ] GC(554) User=0.02s Sys=0.00s Real=0.01s
[484.721s][info][gc,start       ] GC(555) Pause Young (Allocation Failure)
[484.732s][info][gc,heap        ] GC(555) PSYoungGen: 253635K(285184K)->11447K(287744K) Eden: 245760K(245760K)->0K(245760K) From: 7875K(39424K)->11447K(41984K)
[484.732s][info][gc,heap        ] GC(555) ParOldGen: 272407K(272896K)->273415K(273920K)
[484.732s][info][gc,metaspace   ] GC(555) Metaspace: 43093K(43456K)->43093K(43456K) NonClass: 40285K(40512K)->40285K(40512K) Class: 2808K(2944K)->2808K(2944K)
[484.732s][info][gc             ] GC(555) Pause Young (Allocation Failure) 513M->278M(548M) 11.181ms
[484.732s][info][gc,cpu         ] GC(555) User=0.02s Sys=0.00s Real=0.01s
[485.485s][info][gc,start       ] GC(556) Pause Young (Allocation Failure)
[485.503s][info][gc,heap        ] GC(556) PSYoungGen: 257207K(287744K)->13719K(285696K) Eden: 245760K(245760K)->0K(251392K) From: 11447K(41984K)->13719K(34304K)
[485.503s][info][gc,heap        ] GC(556) ParOldGen: 273415K(273920K)->274455K(274944K)
[485.503s][info][gc,metaspace   ] GC(556) Metaspace: 43093K(43456K)->43093K(43456K) NonClass: 40285K(40512K)->40285K(40512K) Class: 2808K(2944K)->2808K(2944K)
[485.503s][info][gc             ] GC(556) Pause Young (Allocation Failure) 518M->281M(547M) 18.486ms
[485.503s][info][gc,cpu         ] GC(556) User=0.03s Sys=0.00s Real=0.02s
[486.329s][info][gc,start       ] GC(557) Pause Young (Allocation Failure)
[486.344s][info][gc,heap        ] GC(557) PSYoungGen: 265111K(285696K)->20303K(289280K) Eden: 251392K(251392K)->0K(251392K) From: 13719K(34304K)->20303K(37888K)
[486.344s][info][gc,heap        ] GC(557) ParOldGen: 274455K(274944K)->275383K(275456K)
[486.344s][info][gc,metaspace   ] GC(557) Metaspace: 43093K(43456K)->43093K(43456K) NonClass: 40285K(40512K)->40285K(40512K) Class: 2808K(2944K)->2808K(2944K)
[486.344s][info][gc             ] GC(557) Pause Young (Allocation Failure) 526M->288M(551M) 15.698ms
[486.344s][info][gc,cpu         ] GC(557) User=0.03s Sys=0.00s Real=0.01s
[487.199s][info][gc,start       ] GC(558) Pause Young (Allocation Failure)
[487.250s][info][gc,heap        ] GC(558) PSYoungGen: 271695K(289280K)->34268K(286720K) Eden: 251392K(251392K)->0K(248832K) From: 20303K(37888K)->34268K(37888K)
[487.250s][info][gc,heap        ] GC(558) ParOldGen: 275383K(275456K)->289164K(289280K)
[487.250s][info][gc,metaspace   ] GC(558) Metaspace: 43093K(43456K)->43093K(43456K) NonClass: 40285K(40512K)->40285K(40512K) Class: 2808K(2944K)->2808K(2944K)
[487.250s][info][gc             ] GC(558) Pause Young (Allocation Failure) 534M->315M(562M) 51.087ms
[487.250s][info][gc,cpu         ] GC(558) User=0.09s Sys=0.01s Real=0.05s
[488.276s][info][gc,start       ] GC(559) Pause Young (Allocation Failure)
[488.358s][info][gc,heap        ] GC(559) PSYoungGen: 283100K(286720K)->42488K(291328K) Eden: 248832K(248832K)->0K(248832K) From: 34268K(37888K)->42488K(42496K)
[488.358s][info][gc,heap        ] GC(559) ParOldGen: 289164K(289280K)->317842K(317952K)
[488.358s][info][gc,metaspace   ] GC(559) Metaspace: 43093K(43456K)->43093K(43456K) NonClass: 40285K(40512K)->40285K(40512K) Class: 2808K(2944K)->2808K(2944K)
[488.358s][info][gc             ] GC(559) Pause Young (Allocation Failure) 558M->351M(595M) 81.405ms
[488.358s][info][gc,cpu         ] GC(559) User=0.14s Sys=0.03s Real=0.09s
[489.169s][info][gc,start       ] GC(560) Pause Young (Allocation Failure)
[489.229s][info][gc,heap        ] GC(560) PSYoungGen: 291320K(291328K)->6983K(258560K) Eden: 248832K(248832K)->0K(216064K) From: 42488K(42496K)->6983K(42496K)
[489.229s][info][gc,heap        ] GC(560) ParOldGen: 317842K(317952K)->354822K(355328K)
[489.229s][info][gc,metaspace   ] GC(560) Metaspace: 43093K(43456K)->43093K(43456K) NonClass: 40285K(40512K)->40285K(40512K) Class: 2808K(2944K)->2808K(2944K)
[489.229s][info][gc             ] GC(560) Pause Young (Allocation Failure) 594M->353M(599M) 60.306ms
[489.229s][info][gc,cpu         ] GC(560) User=0.10s Sys=0.02s Real=0.06s
[489.840s][info][gc,start       ] GC(561) Pause Young (Allocation Failure)
[489.859s][info][gc,heap        ] GC(561) PSYoungGen: 223047K(258560K)->12247K(274944K) Eden: 216064K(216064K)->0K(216064K) From: 6983K(42496K)->12247K(58880K)
[489.860s][info][gc,heap        ] GC(561) ParOldGen: 354822K(355328K)->361860K(361984K)
[489.860s][info][gc,metaspace   ] GC(561) Metaspace: 43093K(43456K)->43093K(43456K) NonClass: 40285K(40512K)->40285K(40512K) Class: 2808K(2944K)->2808K(2944K)
[489.860s][info][gc             ] GC(561) Pause Young (Allocation Failure) 564M->365M(622M) 19.205ms
[489.860s][info][gc,cpu         ] GC(561) User=0.03s Sys=0.01s Real=0.02s
[490.542s][info][gc,start       ] GC(562) Pause Young (Allocation Failure)
[490.561s][info][gc,heap        ] GC(562) PSYoungGen: 228311K(274944K)->3629K(270848K) Eden: 216064K(216064K)->0K(218112K) From: 12247K(58880K)->3629K(52736K)
[490.561s][info][gc,heap        ] GC(562) ParOldGen: 361860K(361984K)->371916K(372224K)
[490.561s][info][gc,metaspace   ] GC(562) Metaspace: 43093K(43456K)->43093K(43456K) NonClass: 40285K(40512K)->40285K(40512K) Class: 2808K(2944K)->2808K(2944K)
[490.561s][info][gc             ] GC(562) Pause Young (Allocation Failure) 576M->366M(628M) 19.347ms
[490.561s][info][gc,cpu         ] GC(562) User=0.02s Sys=0.02s Real=0.02s
[491.245s][info][gc,start       ] GC(563) Pause Young (Allocation Failure)
[491.282s][info][gc,heap        ] GC(563) PSYoungGen: 221741K(270848K)->55789K(273920K) Eden: 218112K(218112K)->0K(218112K) From: 3629K(52736K)->55789K(55808K)
[491.282s][info][gc,heap        ] GC(563) ParOldGen: 371916K(372224K)->374979K(375296K)
[491.282s][info][gc,metaspace   ] GC(563) Metaspace: 43094K(43456K)->43094K(43456K) NonClass: 40285K(40512K)->40285K(40512K) Class: 2808K(2944K)->2808K(2944K)
[491.282s][info][gc             ] GC(563) Pause Young (Allocation Failure) 579M->420M(634M) 36.612ms
[491.282s][info][gc,cpu         ] GC(563) User=0.06s Sys=0.00s Real=0.04s
[492.032s][info][gc,start       ] GC(564) Pause Young (Allocation Failure)
[492.065s][info][gc,heap        ] GC(564) PSYoungGen: 273901K(273920K)->22535K(268800K) Eden: 218112K(218112K)->0K(208896K) From: 55789K(55808K)->22535K(59904K)
[492.065s][info][gc,heap        ] GC(564) ParOldGen: 374979K(375296K)->393672K(393728K)
[492.065s][info][gc,metaspace   ] GC(564) Metaspace: 43094K(43456K)->43094K(43456K) NonClass: 40285K(40512K)->40285K(40512K) Class: 2808K(2944K)->2808K(2944K)
[492.065s][info][gc             ] GC(564) Pause Young (Allocation Failure) 633M->406M(647M) 33.245ms
[492.065s][info][gc,cpu         ] GC(564) User=0.05s Sys=0.02s Real=0.03s
[492.793s][info][gc,start       ] GC(565) Pause Young (Allocation Failure)
[492.809s][info][gc,heap        ] GC(565) PSYoungGen: 231431K(268800K)->3884K(271360K) Eden: 208896K(208896K)->0K(208896K) From: 22535K(59904K)->3884K(62464K)
[492.810s][info][gc,heap        ] GC(565) ParOldGen: 393672K(393728K)->400885K(400896K)
[492.810s][info][gc,metaspace   ] GC(565) Metaspace: 43094K(43456K)->43094K(43456K) NonClass: 40285K(40512K)->40285K(40512K) Class: 2808K(2944K)->2808K(2944K)
[492.810s][info][gc             ] GC(565) Pause Young (Allocation Failure) 610M->395M(656M) 16.611ms
[492.810s][info][gc,cpu         ] GC(565) User=0.02s Sys=0.00s Real=0.02s
[493.515s][info][gc,start       ] GC(566) Pause Young (Allocation Failure)
[493.553s][info][gc,heap        ] GC(566) PSYoungGen: 212780K(271360K)->59014K(252416K) Eden: 208896K(208896K)->0K(190464K) From: 3884K(62464K)->59014K(61952K)
[493.553s][info][gc,heap        ] GC(566) ParOldGen: 400885K(400896K)->402291K(402432K)
[493.553s][info][gc,metaspace   ] GC(566) Metaspace: 43094K(43456K)->43094K(43456K) NonClass: 40285K(40512K)->40285K(40512K) Class: 2808K(2944K)->2808K(2944K)
[493.553s][info][gc             ] GC(566) Pause Young (Allocation Failure) 599M->450M(639M) 37.644ms
[493.553s][info][gc,cpu         ] GC(566) User=0.08s Sys=0.00s Real=0.04s
[494.208s][info][gc,start       ] GC(567) Pause Young (Allocation Failure)
[494.290s][info][gc,heap        ] GC(567) PSYoungGen: 249478K(252416K)->63913K(254464K) Eden: 190464K(190464K)->0K(190464K) From: 59014K(61952K)->63913K(64000K)
[494.290s][info][gc,heap        ] GC(567) ParOldGen: 402291K(402432K)->442816K(442880K)
[494.290s][info][gc,metaspace   ] GC(567) Metaspace: 43094K(43456K)->43094K(43456K) NonClass: 40285K(40512K)->40285K(40512K) Class: 2808K(2944K)->2808K(2944K)
[494.290s][info][gc             ] GC(567) Pause Young (Allocation Failure) 636M->494M(681M) 81.869ms
[494.290s][info][gc,cpu         ] GC(567) User=0.12s Sys=0.04s Real=0.08s
[494.910s][info][gc,start       ] GC(568) Pause Young (Allocation Failure)
[494.981s][info][gc,heap        ] GC(568) PSYoungGen: 254377K(254464K)->19376K(256000K) Eden: 190464K(190464K)->0K(176640K) From: 63913K(64000K)->19376K(79360K)
[494.981s][info][gc,heap        ] GC(568) ParOldGen: 442816K(442880K)->493472K(493568K)
[494.981s][info][gc,metaspace   ] GC(568) Metaspace: 43094K(43456K)->43094K(43456K) NonClass: 40285K(40512K)->40285K(40512K) Class: 2808K(2944K)->2808K(2944K)
[494.981s][info][gc             ] GC(568) Pause Young (Allocation Failure) 680M->500M(732M) 71.170ms
[494.981s][info][gc,cpu         ] GC(568) User=0.10s Sys=0.04s Real=0.07s
[495.574s][info][gc,start       ] GC(569) Pause Young (Allocation Failure)
[495.595s][info][gc,heap        ] GC(569) PSYoungGen: 196016K(256000K)->29256K(206336K) Eden: 176640K(176640K)->0K(176640K) From: 19376K(79360K)->29256K(29696K)
[495.595s][info][gc,heap        ] GC(569) ParOldGen: 493472K(493568K)->494362K(494592K)
[495.595s][info][gc,metaspace   ] GC(569) Metaspace: 43094K(43456K)->43094K(43456K) NonClass: 40285K(40512K)->40285K(40512K) Class: 2808K(2944K)->2808K(2944K)
[495.595s][info][gc             ] GC(569) Pause Young (Allocation Failure) 673M->511M(684M) 20.513ms
[495.595s][info][gc,cpu         ] GC(569) User=0.04s Sys=0.00s Real=0.02s
[496.167s][info][gc,start       ] GC(570) Pause Young (Allocation Failure)
[496.178s][info][gc,heap        ] GC(570) PSYoungGen: 205896K(206336K)->13836K(252928K) Eden: 176640K(176640K)->0K(179200K) From: 29256K(29696K)->13836K(73728K)
[496.178s][info][gc,heap        ] GC(570) ParOldGen: 494362K(494592K)->495253K(495616K)
[496.178s][info][gc,metaspace   ] GC(570) Metaspace: 43094K(43456K)->43094K(43456K) NonClass: 40285K(40512K)->40285K(40512K) Class: 2808K(2944K)->2808K(2944K)
[496.178s][info][gc             ] GC(570) Pause Young (Allocation Failure) 683M->497M(731M) 10.956ms
[496.178s][info][gc,cpu         ] GC(570) User=0.02s Sys=0.00s Real=0.02s
[496.760s][info][gc,start       ] GC(571) Pause Young (Allocation Failure)
[496.767s][info][gc,heap        ] GC(571) PSYoungGen: 193036K(252928K)->5663K(250368K) Eden: 179200K(179200K)->0K(179200K) From: 13836K(73728K)->5663K(71168K)
[496.767s][info][gc,heap        ] GC(571) ParOldGen: 495253K(495616K)->496013K(496128K)
[496.767s][info][gc,metaspace   ] GC(571) Metaspace: 43094K(43456K)->43094K(43456K) NonClass: 40285K(40512K)->40285K(40512K) Class: 2808K(2944K)->2808K(2944K)
[496.767s][info][gc             ] GC(571) Pause Young (Allocation Failure) 672M->489M(729M) 6.317ms
[496.767s][info][gc,cpu         ] GC(571) User=0.01s Sys=0.00s Real=0.00s
[497.342s][info][gc,start       ] GC(572) Pause Young (Allocation Failure)
[497.360s][info][gc,heap        ] GC(572) PSYoungGen: 184863K(250368K)->25880K(257536K) Eden: 179200K(179200K)->0K(192000K) From: 5663K(71168K)->25880K(65536K)
[497.360s][info][gc,heap        ] GC(572) ParOldGen: 496013K(496128K)->496446K(496640K)
[497.360s][info][gc,metaspace   ] GC(572) Metaspace: 43094K(43456K)->43094K(43456K) NonClass: 40285K(40512K)->40285K(40512K) Class: 2808K(2944K)->2808K(2944K)
[497.360s][info][gc             ] GC(572) Pause Young (Allocation Failure) 664M->510M(736M) 17.245ms
[497.360s][info][gc,cpu         ] GC(572) User=0.04s Sys=0.00s Real=0.02s
[497.946s][info][gc,start       ] GC(573) Pause Young (Allocation Failure)
[497.961s][info][gc,heap        ] GC(573) PSYoungGen: 217880K(257536K)->22624K(258560K) Eden: 192000K(192000K)->0K(192000K) From: 25880K(65536K)->22624K(66560K)
[497.961s][info][gc,heap        ] GC(573) ParOldGen: 496446K(496640K)->496812K(497152K)
[497.961s][info][gc,metaspace   ] GC(573) Metaspace: 43094K(43456K)->43094K(43456K) NonClass: 40285K(40512K)->40285K(40512K) Class: 2808K(2944K)->2808K(2944K)
[497.961s][info][gc             ] GC(573) Pause Young (Allocation Failure) 697M->507M(738M) 14.819ms
[497.961s][info][gc,cpu         ] GC(573) User=0.03s Sys=0.00s Real=0.02s
[498.497s][info][gc,start       ] GC(574) Pause Young (Allocation Failure)
[498.520s][info][gc,heap        ] GC(574) PSYoungGen: 214624K(258560K)->1263K(264192K) Eden: 192000K(192000K)->0K(201728K) From: 22624K(66560K)->1263K(62464K)
[498.520s][info][gc,heap        ] GC(574) ParOldGen: 496812K(497152K)->518652K(518656K)
[498.520s][info][gc,metaspace   ] GC(574) Metaspace: 43094K(43456K)->43094K(43456K) NonClass: 40285K(40512K)->40285K(40512K) Class: 2808K(2944K)->2808K(2944K)
[498.520s][info][gc             ] GC(574) Pause Young (Allocation Failure) 694M->507M(764M) 22.595ms
[498.520s][info][gc,cpu         ] GC(574) User=0.02s Sys=0.02s Real=0.03s
[499.090s][info][gc,start       ] GC(575) Pause Young (Allocation Failure)
[499.093s][info][gc,heap        ] GC(575) PSYoungGen: 202991K(264192K)->1580K(264192K) Eden: 201728K(201728K)->0K(201728K) From: 1263K(62464K)->1580K(62464K)
[499.093s][info][gc,heap        ] GC(575) ParOldGen: 518652K(518656K)->518764K(519168K)
[499.093s][info][gc,metaspace   ] GC(575) Metaspace: 43094K(43456K)->43094K(43456K) NonClass: 40285K(40512K)->40285K(40512K) Class: 2808K(2944K)->2808K(2944K)
[499.093s][info][gc             ] GC(575) Pause Young (Allocation Failure) 704M->508M(765M) 3.334ms
[499.093s][info][gc,cpu         ] GC(575) User=0.01s Sys=0.00s Real=0.00s
[499.551s][info][gc,start       ] GC(576) Pause Young (Allocation Failure)
[499.559s][info][gc,heap        ] GC(576) PSYoungGen: 203308K(264192K)->5447K(268800K) Eden: 201728K(201728K)->0K(209408K) From: 1580K(62464K)->5447K(59392K)
[499.559s][info][gc,heap        ] GC(576) ParOldGen: 518764K(519168K)->519316K(519680K)
[499.559s][info][gc,metaspace   ] GC(576) Metaspace: 43094K(43456K)->43094K(43456K) NonClass: 40285K(40512K)->40285K(40512K) Class: 2808K(2944K)->2808K(2944K)
[499.559s][info][gc             ] GC(576) Pause Young (Allocation Failure) 705M->512M(770M) 7.166ms
[499.559s][info][gc,cpu         ] GC(576) User=0.02s Sys=0.00s Real=0.01s
[499.901s][info][gc,start       ] GC(577) Pause Young (Allocation Failure)
[499.907s][info][gc,heap        ] GC(577) PSYoungGen: 214855K(268800K)->2834K(269824K) Eden: 209408K(209408K)->0K(209408K) From: 5447K(59392K)->2834K(60416K)
[499.907s][info][gc,heap        ] GC(577) ParOldGen: 519316K(519680K)->521187K(521216K)
[499.907s][info][gc,metaspace   ] GC(577) Metaspace: 43094K(43456K)->43094K(43456K) NonClass: 40285K(40512K)->40285K(40512K) Class: 2808K(2944K)->2808K(2944K)
[499.907s][info][gc             ] GC(577) Pause Young (Allocation Failure) 716M->511M(772M) 6.019ms
[499.907s][info][gc,cpu         ] GC(577) User=0.01s Sys=0.00s Real=0.00s
[500.297s][info][gc,start       ] GC(578) Pause Young (Allocation Failure)
[500.306s][info][gc,heap        ] GC(578) PSYoungGen: 212174K(269824K)->10503K(267776K) Eden: 209340K(209408K)->0K(214528K) From: 2834K(60416K)->10503K(53248K)
[500.306s][info][gc,heap        ] GC(578) ParOldGen: 521187K(521216K)->521439K(521728K)
[500.306s][info][gc,metaspace   ] GC(578) Metaspace: 43094K(43456K)->43094K(43456K) NonClass: 40285K(40512K)->40285K(40512K) Class: 2808K(2944K)->2808K(2944K)
[500.306s][info][gc             ] GC(578) Pause Young (Allocation Failure) 716M->519M(771M) 8.413ms
[500.306s][info][gc,cpu         ] GC(578) User=0.01s Sys=0.00s Real=0.01s
[500.569s][info][gc,start       ] GC(579) Pause Young (Allocation Failure)
[500.581s][info][gc,heap        ] GC(579) PSYoungGen: 225031K(267776K)->3106K(270336K) Eden: 214528K(214528K)->0K(214528K) From: 10503K(53248K)->3106K(55808K)
[500.581s][info][gc,heap        ] GC(579) ParOldGen: 521439K(521728K)->531732K(531968K)
[500.581s][info][gc,metaspace   ] GC(579) Metaspace: 43094K(43456K)->43094K(43456K) NonClass: 40285K(40512K)->40285K(40512K) Class: 2808K(2944K)->2808K(2944K)
[500.581s][info][gc             ] GC(579) Pause Young (Allocation Failure) 728M->522M(783M) 12.452ms
[500.581s][info][gc,cpu         ] GC(579) User=0.02s Sys=0.00s Real=0.01s
[500.857s][info][gc,start       ] GC(580) Pause Young (Allocation Failure)
[500.864s][info][gc,heap        ] GC(580) PSYoungGen: 216283K(270336K)->2497K(272896K) Eden: 213176K(214528K)->0K(223744K) From: 3106K(55808K)->2497K(49152K)
[500.864s][info][gc,heap        ] GC(580) ParOldGen: 531732K(531968K)->532979K(532992K)
[500.864s][info][gc,metaspace   ] GC(580) Metaspace: 43094K(43456K)->43094K(43456K) NonClass: 40285K(40512K)->40285K(40512K) Class: 2808K(2944K)->2808K(2944K)
[500.864s][info][gc             ] GC(580) Pause Young (Allocation Failure) 730M->522M(787M) 6.420ms
[500.864s][info][gc,cpu         ] GC(580) User=0.01s Sys=0.00s Real=0.01s
[501.162s][info][gc,start       ] GC(581) Pause Young (Allocation Failure)
[501.172s][info][gc,heap        ] GC(581) PSYoungGen: 225802K(272896K)->5106K(275968K) Eden: 223305K(223744K)->0K(223744K) From: 2497K(49152K)->5106K(52224K)
[501.172s][info][gc,heap        ] GC(581) ParOldGen: 532979K(532992K)->535431K(535552K)
[501.172s][info][gc,metaspace   ] GC(581) Metaspace: 43094K(43456K)->43094K(43456K) NonClass: 40285K(40512K)->40285K(40512K) Class: 2808K(2944K)->2808K(2944K)
[501.172s][info][gc             ] GC(581) Pause Young (Allocation Failure) 740M->527M(792M) 9.743ms
[501.172s][info][gc,cpu         ] GC(581) User=0.02s Sys=0.00s Real=0.01s
[501.456s][info][gc,start       ] GC(582) Pause Young (Allocation Failure)
[501.467s][info][gc,heap        ] GC(582) PSYoungGen: 228850K(275968K)->2169K(276480K) Eden: 223744K(223744K)->0K(231424K) From: 5106K(52224K)->2169K(45056K)
[501.467s][info][gc,heap        ] GC(582) ParOldGen: 535431K(535552K)->540600K(540672K)
[501.467s][info][gc,metaspace   ] GC(582) Metaspace: 43094K(43456K)->43094K(43456K) NonClass: 40285K(40512K)->40285K(40512K) Class: 2808K(2944K)->2808K(2944K)
[501.467s][info][gc             ] GC(582) Pause Young (Allocation Failure) 746M->530M(798M) 10.825ms
[501.467s][info][gc,cpu         ] GC(582) User=0.02s Sys=0.00s Real=0.01s
[501.790s][info][gc,start       ] GC(583) Pause Young (Allocation Failure)
[501.802s][info][gc,heap        ] GC(583) PSYoungGen: 232190K(276480K)->8005K(279552K) Eden: 230020K(231424K)->0K(231424K) From: 2169K(45056K)->8005K(48128K)
[501.802s][info][gc,heap        ] GC(583) ParOldGen: 540600K(540672K)->542645K(542720K)
[501.802s][info][gc,metaspace   ] GC(583) Metaspace: 43094K(43456K)->43094K(43456K) NonClass: 40285K(40512K)->40285K(40512K) Class: 2808K(2944K)->2808K(2944K)
[501.802s][info][gc             ] GC(583) Pause Young (Allocation Failure) 754M->537M(803M) 12.012ms
[501.802s][info][gc,cpu         ] GC(583) User=0.02s Sys=0.00s Real=0.01s
[502.109s][info][gc,start       ] GC(584) Pause Young (Allocation Failure)
[502.125s][info][gc,heap        ] GC(584) PSYoungGen: 239429K(279552K)->3787K(281600K) Eden: 231424K(231424K)->0K(240640K) From: 8005K(48128K)->3787K(40960K)
[502.125s][info][gc,heap        ] GC(584) ParOldGen: 542645K(542720K)->550815K(550912K)
[502.125s][info][gc,metaspace   ] GC(584) Metaspace: 43094K(43456K)->43094K(43456K) NonClass: 40285K(40512K)->40285K(40512K) Class: 2808K(2944K)->2808K(2944K)
[502.125s][info][gc             ] GC(584) Pause Young (Allocation Failure) 763M->541M(813M) 16.231ms
[502.125s][info][gc,cpu         ] GC(584) User=0.03s Sys=0.00s Real=0.01s
[502.598s][info][gc,start       ] GC(585) Pause Young (Allocation Failure)
[502.618s][info][gc,heap        ] GC(585) PSYoungGen: 244427K(281600K)->15176K(283648K) Eden: 240640K(240640K)->0K(240640K) From: 3787K(40960K)->15176K(43008K)
[502.618s][info][gc,heap        ] GC(585) ParOldGen: 550815K(550912K)->554419K(554496K)
[502.618s][info][gc,metaspace   ] GC(585) Metaspace: 43094K(43456K)->43094K(43456K) NonClass: 40285K(40512K)->40285K(40512K) Class: 2808K(2944K)->2808K(2944K)
[502.618s][info][gc             ] GC(585) Pause Young (Allocation Failure) 776M->556M(818M) 19.330ms
[502.618s][info][gc,cpu         ] GC(585) User=0.04s Sys=0.00s Real=0.02s
[503.135s][info][gc,start       ] GC(586) Pause Young (Allocation Failure)
[503.156s][info][gc,heap        ] GC(586) PSYoungGen: 255816K(283648K)->2712K(287232K) Eden: 240640K(240640K)->0K(249344K) From: 15176K(43008K)->2712K(37888K)
[503.156s][info][gc,heap        ] GC(586) ParOldGen: 554419K(554496K)->569763K(569856K)
[503.156s][info][gc,metaspace   ] GC(586) Metaspace: 43101K(43456K)->43101K(43456K) NonClass: 40292K(40512K)->40292K(40512K) Class: 2808K(2944K)->2808K(2944K)
[503.156s][info][gc             ] GC(586) Pause Young (Allocation Failure) 791M->559M(837M) 21.798ms
[503.156s][info][gc,cpu         ] GC(586) User=0.03s Sys=0.01s Real=0.02s
[503.717s][info][gc,start       ] GC(587) Pause Young (Allocation Failure)
[503.722s][info][gc,heap        ] GC(587) PSYoungGen: 252056K(287232K)->3196K(289280K) Eden: 249344K(249344K)->0K(249344K) From: 2712K(37888K)->3196K(39936K)
[503.723s][info][gc,heap        ] GC(587) ParOldGen: 569763K(569856K)->570434K(570880K)
[503.723s][info][gc,metaspace   ] GC(587) Metaspace: 43103K(43456K)->43103K(43456K) NonClass: 40294K(40512K)->40294K(40512K) Class: 2808K(2944K)->2808K(2944K)
[503.723s][info][gc             ] GC(587) Pause Young (Allocation Failure) 802M->560M(840M) 5.382ms
[503.723s][info][gc,cpu         ] GC(587) User=0.01s Sys=0.00s Real=0.01s
[504.282s][info][gc,start       ] GC(588) Pause Young (Allocation Failure)
[504.285s][info][gc,heap        ] GC(588) PSYoungGen: 252540K(289280K)->1344K(290304K) Eden: 249344K(249344K)->0K(255488K) From: 3196K(39936K)->1344K(34816K)
[504.285s][info][gc,heap        ] GC(588) ParOldGen: 570434K(570880K)->570434K(570880K)
[504.285s][info][gc,metaspace   ] GC(588) Metaspace: 43103K(43456K)->43103K(43456K) NonClass: 40294K(40512K)->40294K(40512K) Class: 2808K(2944K)->2808K(2944K)
[504.285s][info][gc             ] GC(588) Pause Young (Allocation Failure) 803M->558M(841M) 3.018ms
[504.285s][info][gc,cpu         ] GC(588) User=0.01s Sys=0.00s Real=0.00s
[504.885s][info][gc,start       ] GC(589) Pause Young (Allocation Failure)
[504.890s][info][gc,heap        ] GC(589) PSYoungGen: 256832K(290304K)->4222K(292352K) Eden: 255488K(255488K)->0K(255488K) From: 1344K(34816K)->4222K(36864K)
[504.890s][info][gc,heap        ] GC(589) ParOldGen: 570434K(570880K)->570482K(570880K)
[504.890s][info][gc,metaspace   ] GC(589) Metaspace: 43103K(43456K)->43103K(43456K) NonClass: 40294K(40512K)->40294K(40512K) Class: 2808K(2944K)->2808K(2944K)
[504.890s][info][gc             ] GC(589) Pause Young (Allocation Failure) 807M->561M(843M) 5.432ms
[504.890s][info][gc,cpu         ] GC(589) User=0.01s Sys=0.00s Real=0.01s
[505.471s][info][gc,start       ] GC(590) Pause Young (Allocation Failure)
[505.481s][info][gc,heap        ] GC(590) PSYoungGen: 259710K(292352K)->7338K(291840K) Eden: 255488K(255488K)->0K(262144K) From: 4222K(36864K)->7338K(29696K)
[505.481s][info][gc,heap        ] GC(590) ParOldGen: 570482K(570880K)->571528K(571904K)
[505.481s][info][gc,metaspace   ] GC(590) Metaspace: 43110K(43456K)->43110K(43456K) NonClass: 40301K(40512K)->40301K(40512K) Class: 2808K(2944K)->2808K(2944K)
[505.481s][info][gc             ] GC(590) Pause Young (Allocation Failure) 810M->565M(843M) 10.283ms
[505.481s][info][gc,cpu         ] GC(590) User=0.02s Sys=0.00s Real=0.01s
[506.681s][info][gc,start       ] GC(591) Pause Young (Allocation Failure)
[506.688s][info][gc,heap        ] GC(591) PSYoungGen: 269482K(291840K)->3634K(294400K) Eden: 262144K(262144K)->0K(262144K) From: 7338K(29696K)->3634K(32256K)
[506.688s][info][gc,heap        ] GC(591) ParOldGen: 571528K(571904K)->571664K(571904K)
[506.688s][info][gc,metaspace   ] GC(591) Metaspace: 43118K(43456K)->43118K(43456K) NonClass: 40309K(40512K)->40309K(40512K) Class: 2808K(2944K)->2808K(2944K)
[506.688s][info][gc             ] GC(591) Pause Young (Allocation Failure) 821M->561M(846M) 6.437ms
[506.688s][info][gc,cpu         ] GC(591) User=0.01s Sys=0.00s Real=0.00s
[507.572s][info][gc,start       ] GC(592) Pause Young (Allocation Failure)
[507.609s][info][gc,heap        ] GC(592) PSYoungGen: 265778K(294400K)->30710K(287744K) Eden: 262144K(262144K)->0K(257024K) From: 3634K(32256K)->30710K(30720K)
[507.609s][info][gc,heap        ] GC(592) ParOldGen: 571664K(571904K)->575282K(575488K)
[507.609s][info][gc,metaspace   ] GC(592) Metaspace: 43131K(43456K)->43131K(43456K) NonClass: 40322K(40512K)->40322K(40512K) Class: 2808K(2944K)->2808K(2944K)
[507.609s][info][gc             ] GC(592) Pause Young (Allocation Failure) 817M->591M(843M) 36.985ms
[507.609s][info][gc,cpu         ] GC(592) User=0.07s Sys=0.01s Real=0.04s
[508.182s][info][gc,start       ] GC(593) Pause Young (Allocation Failure)
[508.251s][info][gc,heap        ] GC(593) PSYoungGen: 287734K(287744K)->28888K(286208K) Eden: 257024K(257024K)->0K(257024K) From: 30710K(30720K)->28888K(29184K)
[508.251s][info][gc,heap        ] GC(593) ParOldGen: 575282K(575488K)->604794K(605184K)
[508.251s][info][gc,metaspace   ] GC(593) Metaspace: 43131K(43456K)->43131K(43456K) NonClass: 40322K(40512K)->40322K(40512K) Class: 2808K(2944K)->2808K(2944K)
[508.251s][info][gc             ] GC(593) Pause Young (Allocation Failure) 842M->618M(870M) 68.882ms
[508.251s][info][gc,cpu         ] GC(593) User=0.12s Sys=0.02s Real=0.07s
[508.840s][info][gc,start       ] GC(594) Pause Young (Allocation Failure)
[508.903s][info][gc,heap        ] GC(594) PSYoungGen: 285912K(286208K)->28384K(285184K) Eden: 257024K(257024K)->0K(242688K) From: 28888K(29184K)->28384K(42496K)
[508.903s][info][gc,heap        ] GC(594) ParOldGen: 604794K(605184K)->632198K(632320K)
[508.903s][info][gc,metaspace   ] GC(594) Metaspace: 43132K(43456K)->43132K(43456K) NonClass: 40323K(40512K)->40323K(40512K) Class: 2808K(2944K)->2808K(2944K)
[508.903s][info][gc             ] GC(594) Pause Young (Allocation Failure) 869M->645M(896M) 62.976ms
[508.903s][info][gc,cpu         ] GC(594) User=0.10s Sys=0.03s Real=0.06s
[512.417s][info][gc,start       ] GC(595) Pause Young (Allocation Failure)
[512.468s][info][gc,heap        ] GC(595) PSYoungGen: 271072K(285184K)->13199K(288256K) Eden: 242688K(242688K)->0K(242688K) From: 28384K(42496K)->13199K(45568K)
[512.468s][info][gc,heap        ] GC(595) ParOldGen: 632198K(632320K)->660751K(660992K)
[512.468s][info][gc,metaspace   ] GC(595) Metaspace: 43139K(43456K)->43139K(43456K) NonClass: 40330K(40512K)->40330K(40512K) Class: 2808K(2944K)->2808K(2944K)
[512.468s][info][gc             ] GC(595) Pause Young (Allocation Failure) 882M->658M(927M) 50.658ms
[512.468s][info][gc,cpu         ] GC(595) User=0.07s Sys=0.03s Real=0.06s
[513.075s][info][gc,start       ] GC(596) Pause Full (Allocation Failure)
[513.075s][info][gc,phases,start] GC(596) Marking Phase
[513.127s][info][gc,phases      ] GC(596) Marking Phase 52.178ms
[513.127s][info][gc,phases,start] GC(596) Summary Phase
[513.127s][info][gc,phases      ] GC(596) Summary Phase 0.030ms
[513.127s][info][gc,phases,start] GC(596) Forward
[513.142s][info][gc,phases      ] GC(596) Forward 15.145ms
[513.142s][info][gc,phases,start] GC(596) Adjust Pointers
[513.175s][info][gc,phases      ] GC(596) Adjust Pointers 32.805ms
[513.175s][info][gc,phases,start] GC(596) Compaction Phase
[513.187s][info][gc,phases      ] GC(596) Compaction Phase 12.250ms
[513.187s][info][gc,phases,start] GC(596) Post Compact
[513.190s][info][gc,phases      ] GC(596) Post Compact 2.733ms
[513.227s][info][gc,heap        ] GC(596) PSYoungGen: 255887K(288256K)->0K(288256K) Eden: 242688K(242688K)->0K(245760K) From: 13199K(45568K)->0K(42496K)
[513.227s][info][gc,heap        ] GC(596) ParOldGen: 660751K(660992K)->67258K(210944K)
[513.227s][info][gc,metaspace   ] GC(596) Metaspace: 43139K(43456K)->43139K(43456K) NonClass: 40330K(40512K)->40330K(40512K) Class: 2808K(2944K)->2808K(2944K)
[513.227s][info][gc             ] GC(596) Pause Full (Allocation Failure) 895M->65M(487M) 152.723ms
[513.227s][info][gc,cpu         ] GC(596) User=0.18s Sys=0.04s Real=0.15s
[513.843s][info][gc,start       ] GC(597) Pause Young (Allocation Failure)
[513.873s][info][gc,heap        ] GC(597) PSYoungGen: 245760K(288256K)->30360K(288256K) Eden: 245760K(245760K)->0K(245760K) From: 0K(42496K)->30360K(42496K)
[513.873s][info][gc,heap        ] GC(597) ParOldGen: 67258K(210944K)->67258K(210944K)
[513.873s][info][gc,metaspace   ] GC(597) Metaspace: 43139K(43456K)->43139K(43456K) NonClass: 40330K(40512K)->40330K(40512K) Class: 2808K(2944K)->2808K(2944K)
[513.873s][info][gc             ] GC(597) Pause Young (Allocation Failure) 305M->95M(487M) 29.542ms
[513.873s][info][gc,cpu         ] GC(597) User=0.05s Sys=0.00s Real=0.03s
[514.495s][info][gc,start       ] GC(598) Pause Young (Allocation Failure)
[514.547s][info][gc,heap        ] GC(598) PSYoungGen: 276120K(288256K)->30624K(283136K) Eden: 245760K(245760K)->0K(237568K) From: 30360K(42496K)->30624K(45568K)
[514.547s][info][gc,heap        ] GC(598) ParOldGen: 67258K(210944K)->96226K(210944K)
[514.547s][info][gc,metaspace   ] GC(598) Metaspace: 43139K(43456K)->43139K(43456K) NonClass: 40330K(40512K)->40330K(40512K) Class: 2808K(2944K)->2808K(2944K)
[514.547s][info][gc             ] GC(598) Pause Young (Allocation Failure) 335M->123M(482M) 51.831ms
[514.547s][info][gc,cpu         ] GC(598) User=0.10s Sys=0.00s Real=0.05s
[516.027s][info][gc,start       ] GC(599) Pause Young (Allocation Failure)
[516.065s][info][gc,heap        ] GC(599) PSYoungGen: 268192K(283136K)->15024K(285696K) Eden: 237568K(237568K)->0K(237568K) From: 30624K(45568K)->15024K(48128K)
[516.065s][info][gc,heap        ] GC(599) ParOldGen: 96226K(210944K)->127099K(210944K)
[516.065s][info][gc,metaspace   ] GC(599) Metaspace: 43139K(43456K)->43139K(43456K) NonClass: 40330K(40512K)->40330K(40512K) Class: 2808K(2944K)->2808K(2944K)
[516.065s][info][gc             ] GC(599) Pause Young (Allocation Failure) 355M->138M(485M) 37.337ms
[516.065s][info][gc,cpu         ] GC(599) User=0.07s Sys=0.00s Real=0.04s
[517.101s][info][gc,start       ] GC(600) Pause Young (Allocation Failure)
[517.124s][info][gc,heap        ] GC(600) PSYoungGen: 252592K(285696K)->14990K(280576K) Eden: 237568K(237568K)->0K(240128K) From: 15024K(48128K)->14990K(40448K)
[517.125s][info][gc,heap        ] GC(600) ParOldGen: 127099K(210944K)->141672K(210944K)
[517.125s][info][gc,metaspace   ] GC(600) Metaspace: 43139K(43456K)->43139K(43456K) NonClass: 40330K(40512K)->40330K(40512K) Class: 2808K(2944K)->2808K(2944K)
[517.125s][info][gc             ] GC(600) Pause Young (Allocation Failure) 370M->152M(480M) 23.852ms
[517.125s][info][gc,cpu         ] GC(600) User=0.04s Sys=0.00s Real=0.02s
[518.488s][info][gc,start       ] GC(601) Pause Young (Allocation Failure)
[518.522s][info][gc,heap        ] GC(601) PSYoungGen: 255118K(280576K)->25068K(283136K) Eden: 240128K(240128K)->0K(240128K) From: 14990K(40448K)->25068K(43008K)
[518.522s][info][gc,heap        ] GC(601) ParOldGen: 141672K(210944K)->155862K(210944K)
[518.522s][info][gc,metaspace   ] GC(601) Metaspace: 43139K(43456K)->43139K(43456K) NonClass: 40330K(40512K)->40330K(40512K) Class: 2808K(2944K)->2808K(2944K)
[518.522s][info][gc             ] GC(601) Pause Young (Allocation Failure) 387M->176M(482M) 33.246ms
[518.522s][info][gc,cpu         ] GC(601) User=0.07s Sys=0.00s Real=0.03s
[519.850s][info][gc,start       ] GC(602) Pause Young (Allocation Failure)
[519.888s][info][gc,heap        ] GC(602) PSYoungGen: 265196K(283136K)->21336K(289280K) Eden: 240128K(240128K)->0K(247296K) From: 25068K(43008K)->21336K(41984K)
[519.888s][info][gc,heap        ] GC(602) ParOldGen: 155862K(210944K)->180807K(210944K)
[519.888s][info][gc,metaspace   ] GC(602) Metaspace: 43139K(43456K)->43139K(43456K) NonClass: 40330K(40512K)->40330K(40512K) Class: 2808K(2944K)->2808K(2944K)
[519.888s][info][gc             ] GC(602) Pause Young (Allocation Failure) 411M->197M(488M) 38.139ms
[519.888s][info][gc,cpu         ] GC(602) User=0.07s Sys=0.00s Real=0.04s
[521.164s][info][gc,start       ] GC(603) Pause Young (Allocation Failure)
[521.203s][info][gc,heap        ] GC(603) PSYoungGen: 268629K(289280K)->26601K(289792K) Eden: 247293K(247296K)->0K(247296K) From: 21336K(41984K)->26601K(42496K)
[521.203s][info][gc,heap        ] GC(603) ParOldGen: 180807K(210944K)->202104K(210944K)
[521.203s][info][gc,metaspace   ] GC(603) Metaspace: 43139K(43456K)->43139K(43456K) NonClass: 40330K(40512K)->40330K(40512K) Class: 2808K(2944K)->2808K(2944K)
[521.203s][info][gc             ] GC(603) Pause Young (Allocation Failure) 438M->223M(489M) 39.532ms
[521.203s][info][gc,cpu         ] GC(603) User=0.07s Sys=0.00s Real=0.04s
[521.813s][info][gc,start       ] GC(604) Pause Young (Allocation Failure)
[521.869s][info][gc,heap        ] GC(604) PSYoungGen: 273897K(289792K)->32384K(285696K) Eden: 247296K(247296K)->0K(242688K) From: 26601K(42496K)->32384K(43008K)
[521.869s][info][gc,heap        ] GC(604) ParOldGen: 202104K(210944K)->228588K(228864K)
[521.869s][info][gc,metaspace   ] GC(604) Metaspace: 43139K(43456K)->43139K(43456K) NonClass: 40330K(40512K)->40330K(40512K) Class: 2808K(2944K)->2808K(2944K)
[521.869s][info][gc             ] GC(604) Pause Young (Allocation Failure) 464M->254M(502M) 56.977ms
[521.869s][info][gc,cpu         ] GC(604) User=0.10s Sys=0.01s Real=0.06s
[522.443s][info][gc,start       ] GC(605) Pause Young (Allocation Failure)
[522.517s][info][gc,heap        ] GC(605) PSYoungGen: 275072K(285696K)->29592K(272384K) Eden: 242688K(242688K)->0K(242688K) From: 32384K(43008K)->29592K(29696K)
[522.517s][info][gc,heap        ] GC(605) ParOldGen: 228588K(228864K)->260330K(260608K)
[522.517s][info][gc,metaspace   ] GC(605) Metaspace: 43139K(43456K)->43139K(43456K) NonClass: 40330K(40512K)->40330K(40512K) Class: 2808K(2944K)->2808K(2944K)
[522.517s][info][gc             ] GC(605) Pause Young (Allocation Failure) 491M->283M(520M) 73.629ms
[522.517s][info][gc,cpu         ] GC(605) User=0.12s Sys=0.02s Real=0.07s
[523.241s][info][gc,start       ] GC(606) Pause Young (Allocation Failure)
[523.316s][info][gc,heap        ] GC(606) PSYoungGen: 272280K(272384K)->37700K(280064K) Eden: 242688K(242688K)->0K(233472K) From: 29592K(29696K)->37700K(46592K)
[523.316s][info][gc,heap        ] GC(606) ParOldGen: 260330K(260608K)->288210K(288256K)
[523.316s][info][gc,metaspace   ] GC(606) Metaspace: 43139K(43456K)->43139K(43456K) NonClass: 40330K(40512K)->40330K(40512K) Class: 2808K(2944K)->2808K(2944K)
[523.316s][info][gc             ] GC(606) Pause Young (Allocation Failure) 520M->318M(555M) 74.864ms
[523.316s][info][gc,cpu         ] GC(606) User=0.13s Sys=0.02s Real=0.07s
[524.887s][info][gc,start       ] GC(607) Pause Young (Allocation Failure)
[524.927s][info][gc,heap        ] GC(607) PSYoungGen: 271172K(280064K)->7758K(283648K) Eden: 233472K(233472K)->0K(233472K) From: 37700K(46592K)->7758K(50176K)
[524.927s][info][gc,heap        ] GC(607) ParOldGen: 288210K(288256K)->316904K(316928K)
[524.927s][info][gc,metaspace   ] GC(607) Metaspace: 43139K(43456K)->43139K(43456K) NonClass: 40330K(40512K)->40330K(40512K) Class: 2808K(2944K)->2808K(2944K)
[524.927s][info][gc             ] GC(607) Pause Young (Allocation Failure) 546M->317M(586M) 40.243ms
[524.927s][info][gc,cpu         ] GC(607) User=0.07s Sys=0.02s Real=0.04s
[526.140s][info][gc,start       ] GC(608) Pause Young (Allocation Failure)
[526.148s][info][gc,heap        ] GC(608) PSYoungGen: 241230K(283648K)->1220K(282624K) Eden: 233472K(233472K)->0K(232448K) From: 7758K(50176K)->1220K(50176K)
[526.148s][info][gc,heap        ] GC(608) ParOldGen: 316904K(316928K)->322969K(323072K)
[526.148s][info][gc,metaspace   ] GC(608) Metaspace: 43139K(43456K)->43139K(43456K) NonClass: 40330K(40512K)->40330K(40512K) Class: 2808K(2944K)->2808K(2944K)
[526.148s][info][gc             ] GC(608) Pause Young (Allocation Failure) 545M->316M(591M) 8.242ms
[526.148s][info][gc,cpu         ] GC(608) User=0.01s Sys=0.00s Real=0.01s
[527.373s][info][gc,start       ] GC(609) Pause Young (Allocation Failure)
[527.397s][info][gc,heap        ] GC(609) PSYoungGen: 233668K(282624K)->23123K(256000K) Eden: 232448K(232448K)->0K(232448K) From: 1220K(50176K)->23123K(23552K)
[527.397s][info][gc,heap        ] GC(609) ParOldGen: 322969K(323072K)->324081K(324096K)
[527.397s][info][gc,metaspace   ] GC(609) Metaspace: 43139K(43456K)->43139K(43456K) NonClass: 40330K(40512K)->40330K(40512K) Class: 2808K(2944K)->2808K(2944K)
[527.397s][info][gc             ] GC(609) Pause Young (Allocation Failure) 543M->339M(566M) 24.054ms
[527.397s][info][gc,cpu         ] GC(609) User=0.05s Sys=0.00s Real=0.02s
[528.697s][info][gc,start       ] GC(610) Pause Young (Allocation Failure)
[528.748s][info][gc,heap        ] GC(610) PSYoungGen: 255571K(256000K)->22632K(284160K) Eden: 232448K(232448K)->0K(235008K) From: 23123K(23552K)->22632K(49152K)
[528.748s][info][gc,heap        ] GC(610) ParOldGen: 324081K(324096K)->347201K(347648K)
[528.748s][info][gc,metaspace   ] GC(610) Metaspace: 43139K(43456K)->43139K(43456K) NonClass: 40330K(40512K)->40330K(40512K) Class: 2808K(2944K)->2808K(2944K)
[528.748s][info][gc             ] GC(610) Pause Young (Allocation Failure) 566M->361M(617M) 51.236ms
[528.748s][info][gc,cpu         ] GC(610) User=0.08s Sys=0.02s Real=0.06s
[529.812s][info][gc,start       ] GC(611) Pause Young (Allocation Failure)
[529.855s][info][gc,heap        ] GC(611) PSYoungGen: 257640K(284160K)->19962K(282112K) Eden: 235008K(235008K)->0K(235008K) From: 22632K(49152K)->19962K(47104K)
[529.855s][info][gc,heap        ] GC(611) ParOldGen: 347201K(347648K)->369880K(370176K)
[529.855s][info][gc,metaspace   ] GC(611) Metaspace: 43139K(43456K)->43139K(43456K) NonClass: 40330K(40512K)->40330K(40512K) Class: 2808K(2944K)->2808K(2944K)
[529.855s][info][gc             ] GC(611) Pause Young (Allocation Failure) 590M->380M(637M) 43.044ms
[529.855s][info][gc,cpu         ] GC(611) User=0.07s Sys=0.01s Real=0.04s
[530.701s][info][gc,start       ] GC(612) Pause Young (Allocation Failure)
[530.729s][info][gc,heap        ] GC(612) PSYoungGen: 254970K(282112K)->12517K(283136K) Eden: 235008K(235008K)->0K(238592K) From: 19962K(47104K)->12517K(44544K)
[530.729s][info][gc,heap        ] GC(612) ParOldGen: 369880K(370176K)->385923K(386048K)
[530.729s][info][gc,metaspace   ] GC(612) Metaspace: 43139K(43456K)->43139K(43456K) NonClass: 40330K(40512K)->40330K(40512K) Class: 2808K(2944K)->2808K(2944K)
[530.729s][info][gc             ] GC(612) Pause Young (Allocation Failure) 610M->389M(653M) 28.296ms
[530.729s][info][gc,cpu         ] GC(612) User=0.04s Sys=0.01s Real=0.03s
[531.534s][info][gc,start       ] GC(613) Pause Young (Allocation Failure)
[531.551s][info][gc,heap        ] GC(613) PSYoungGen: 251109K(283136K)->20633K(282112K) Eden: 238592K(238592K)->0K(238592K) From: 12517K(44544K)->20633K(43520K)
[531.551s][info][gc,heap        ] GC(613) ParOldGen: 385923K(386048K)->386663K(387072K)
[531.551s][info][gc,metaspace   ] GC(613) Metaspace: 43139K(43456K)->43139K(43456K) NonClass: 40330K(40512K)->40330K(40512K) Class: 2808K(2944K)->2808K(2944K)
[531.551s][info][gc             ] GC(613) Pause Young (Allocation Failure) 622M->397M(653M) 17.824ms
[531.551s][info][gc,cpu         ] GC(613) User=0.03s Sys=0.00s Real=0.02s
[532.427s][info][gc,start       ] GC(614) Pause Young (Allocation Failure)
[532.434s][info][gc,heap        ] GC(614) PSYoungGen: 259225K(282112K)->6516K(287232K) Eden: 238592K(238592K)->0K(245760K) From: 20633K(43520K)->6516K(41472K)
[532.434s][info][gc,heap        ] GC(614) ParOldGen: 386663K(387072K)->387655K(388096K)
[532.434s][info][gc,metaspace   ] GC(614) Metaspace: 43139K(43456K)->43139K(43456K) NonClass: 40330K(40512K)->40330K(40512K) Class: 2808K(2944K)->2808K(2944K)
[532.434s][info][gc             ] GC(614) Pause Young (Allocation Failure) 630M->384M(659M) 7.537ms
[532.434s][info][gc,cpu         ] GC(614) User=0.01s Sys=0.00s Real=0.01s
[533.174s][info][gc,start       ] GC(615) Pause Young (Allocation Failure)
[533.179s][info][gc,heap        ] GC(615) PSYoungGen: 252276K(287232K)->1375K(287232K) Eden: 245760K(245760K)->0K(245760K) From: 6516K(41472K)->1375K(41472K)
[533.179s][info][gc,heap        ] GC(615) ParOldGen: 387655K(388096K)->388927K(389120K)
[533.179s][info][gc,metaspace   ] GC(615) Metaspace: 43139K(43456K)->43139K(43456K) NonClass: 40330K(40512K)->40330K(40512K) Class: 2808K(2944K)->2808K(2944K)
[533.179s][info][gc             ] GC(615) Pause Young (Allocation Failure) 624M->381M(660M) 5.209ms
[533.180s][info][gc,cpu         ] GC(615) User=0.00s Sys=0.00s Real=0.01s
[533.953s][info][gc,start       ] GC(616) Pause Young (Allocation Failure)
[533.978s][info][gc,heap        ] GC(616) PSYoungGen: 247135K(287232K)->28831K(287744K) Eden: 245760K(245760K)->0K(245760K) From: 1375K(41472K)->28831K(41984K)
[533.978s][info][gc,heap        ] GC(616) ParOldGen: 388927K(389120K)->390071K(390144K)
[533.978s][info][gc,metaspace   ] GC(616) Metaspace: 43139K(43456K)->43139K(43456K) NonClass: 40330K(40512K)->40330K(40512K) Class: 2808K(2944K)->2808K(2944K)
[533.978s][info][gc             ] GC(616) Pause Young (Allocation Failure) 621M->409M(662M) 24.567ms
[533.978s][info][gc,cpu         ] GC(616) User=0.05s Sys=0.00s Real=0.03s
[534.949s][info][gc,start       ] GC(617) Pause Young (Allocation Failure)
[534.956s][info][gc,heap        ] GC(617) PSYoungGen: 274591K(287744K)->7730K(289792K) Eden: 245760K(245760K)->0K(245760K) From: 28831K(41984K)->7730K(44032K)
[534.956s][info][gc,heap        ] GC(617) ParOldGen: 390071K(390144K)->390847K(391168K)
[534.956s][info][gc,metaspace   ] GC(617) Metaspace: 43139K(43456K)->43139K(43456K) NonClass: 40330K(40512K)->40330K(40512K) Class: 2808K(2944K)->2808K(2944K)
[534.956s][info][gc             ] GC(617) Pause Young (Allocation Failure) 649M->389M(665M) 7.609ms
[534.956s][info][gc,cpu         ] GC(617) User=0.01s Sys=0.00s Real=0.00s
[535.743s][info][gc,start       ] GC(618) Pause Young (Allocation Failure)
[535.751s][info][gc,heap        ] GC(618) PSYoungGen: 253490K(289792K)->7901K(286720K) Eden: 245760K(245760K)->0K(246784K) From: 7730K(44032K)->7901K(39936K)
[535.751s][info][gc,heap        ] GC(618) ParOldGen: 390847K(391168K)->391855K(392192K)
[535.752s][info][gc,metaspace   ] GC(618) Metaspace: 43139K(43456K)->43139K(43456K) NonClass: 40330K(40512K)->40330K(40512K) Class: 2808K(2944K)->2808K(2944K)
[535.752s][info][gc             ] GC(618) Pause Young (Allocation Failure) 629M->390M(663M) 8.370ms
[535.752s][info][gc,cpu         ] GC(618) User=0.02s Sys=0.00s Real=0.01s
[536.592s][info][gc,start       ] GC(619) Pause Young (Allocation Failure)
[536.603s][info][gc,heap        ] GC(619) PSYoungGen: 254685K(286720K)->10323K(288768K) Eden: 246784K(246784K)->0K(246784K) From: 7901K(39936K)->10323K(41984K)
[536.603s][info][gc,heap        ] GC(619) ParOldGen: 391855K(392192K)->392939K(393216K)
[536.603s][info][gc,metaspace   ] GC(619) Metaspace: 43139K(43456K)->43139K(43456K) NonClass: 40330K(40512K)->40330K(40512K) Class: 2808K(2944K)->2808K(2944K)
[536.603s][info][gc             ] GC(619) Pause Young (Allocation Failure) 631M->393M(666M) 10.585ms
[536.603s][info][gc,cpu         ] GC(619) User=0.02s Sys=0.00s Real=0.01s
[537.378s][info][gc,start       ] GC(620) Pause Young (Allocation Failure)
[537.391s][info][gc,heap        ] GC(620) PSYoungGen: 257107K(288768K)->13164K(287232K) Eden: 246784K(246784K)->0K(251392K) From: 10323K(41984K)->13164K(35840K)
[537.391s][info][gc,heap        ] GC(620) ParOldGen: 392939K(393216K)->394011K(394240K)
[537.391s][info][gc,metaspace   ] GC(620) Metaspace: 43139K(43456K)->43139K(43456K) NonClass: 40330K(40512K)->40330K(40512K) Class: 2808K(2944K)->2808K(2944K)
[537.391s][info][gc             ] GC(620) Pause Young (Allocation Failure) 634M->397M(665M) 13.782ms
[537.391s][info][gc,cpu         ] GC(620) User=0.02s Sys=0.01s Real=0.01s
[538.243s][info][gc,start       ] GC(621) Pause Young (Allocation Failure)
[538.259s][info][gc,heap        ] GC(621) PSYoungGen: 264556K(287232K)->19466K(289792K) Eden: 251392K(251392K)->0K(251392K) From: 13164K(35840K)->19466K(38400K)
[538.259s][info][gc,heap        ] GC(621) ParOldGen: 394011K(394240K)->394939K(395264K)
[538.259s][info][gc,metaspace   ] GC(621) Metaspace: 43139K(43456K)->43139K(43456K) NonClass: 40330K(40512K)->40330K(40512K) Class: 2808K(2944K)->2808K(2944K)
[538.259s][info][gc             ] GC(621) Pause Young (Allocation Failure) 643M->404M(669M) 15.410ms
[538.259s][info][gc,cpu         ] GC(621) User=0.03s Sys=0.00s Real=0.02s
[539.093s][info][gc,start       ] GC(622) Pause Young (Allocation Failure)
[539.143s][info][gc,heap        ] GC(622) PSYoungGen: 270858K(289792K)->34772K(286208K) Eden: 251392K(251392K)->0K(248832K) From: 19466K(38400K)->34772K(37376K)
[539.143s][info][gc,heap        ] GC(622) ParOldGen: 394939K(395264K)->407737K(408064K)
[539.143s][info][gc,metaspace   ] GC(622) Metaspace: 43139K(43456K)->43139K(43456K) NonClass: 40330K(40512K)->40330K(40512K) Class: 2808K(2944K)->2808K(2944K)
[539.143s][info][gc             ] GC(622) Pause Young (Allocation Failure) 650M->432M(678M) 50.414ms
[539.144s][info][gc,cpu         ] GC(622) User=0.09s Sys=0.01s Real=0.05s
[540.227s][info][gc,start       ] GC(623) Pause Young (Allocation Failure)
[540.322s][info][gc,heap        ] GC(623) PSYoungGen: 283604K(286208K)->42077K(291328K) Eden: 248832K(248832K)->0K(248832K) From: 34772K(37376K)->42077K(42496K)
[540.322s][info][gc,heap        ] GC(623) ParOldGen: 407737K(408064K)->433581K(433664K)
[540.322s][info][gc,metaspace   ] GC(623) Metaspace: 43142K(43456K)->43142K(43456K) NonClass: 40333K(40512K)->40333K(40512K) Class: 2808K(2944K)->2808K(2944K)
[540.322s][info][gc             ] GC(623) Pause Young (Allocation Failure) 675M->464M(708M) 95.422ms
[540.322s][info][gc,cpu         ] GC(623) User=0.12s Sys=0.02s Real=0.10s
[541.223s][info][gc,start       ] GC(624) Pause Young (Allocation Failure)
[541.278s][info][gc,heap        ] GC(624) PSYoungGen: 290909K(291328K)->10753K(281088K) Eden: 248832K(248832K)->0K(238592K) From: 42077K(42496K)->10753K(42496K)
[541.278s][info][gc,heap        ] GC(624) ParOldGen: 433581K(433664K)->463792K(463872K)
[541.278s][info][gc,metaspace   ] GC(624) Metaspace: 43142K(43456K)->43142K(43456K) NonClass: 40333K(40512K)->40333K(40512K) Class: 2808K(2944K)->2808K(2944K)
[541.278s][info][gc             ] GC(624) Pause Young (Allocation Failure) 707M->463M(727M) 55.260ms
[541.278s][info][gc,cpu         ] GC(624) User=0.08s Sys=0.03s Real=0.06s
[541.963s][info][gc,start       ] GC(625) Pause Young (Allocation Failure)
[541.979s][info][gc,heap        ] GC(625) PSYoungGen: 249345K(281088K)->20942K(286208K) Eden: 238592K(238592K)->0K(238592K) From: 10753K(42496K)->20942K(47616K)
[541.979s][info][gc,heap        ] GC(625) ParOldGen: 463792K(463872K)->464792K(464896K)
[541.979s][info][gc,metaspace   ] GC(625) Metaspace: 43142K(43456K)->43142K(43456K) NonClass: 40333K(40512K)->40333K(40512K) Class: 2808K(2944K)->2808K(2944K)
[541.979s][info][gc             ] GC(625) Pause Young (Allocation Failure) 696M->474M(733M) 16.721ms
[541.979s][info][gc,cpu         ] GC(625) User=0.03s Sys=0.00s Real=0.02s
[542.713s][info][gc,start       ] GC(626) Pause Young (Allocation Failure)
[542.728s][info][gc,heap        ] GC(626) PSYoungGen: 259534K(286208K)->2981K(284160K) Eden: 238592K(238592K)->0K(240640K) From: 20942K(47616K)->2981K(43520K)
[542.728s][info][gc,heap        ] GC(626) ParOldGen: 464792K(464896K)->474789K(475136K)
[542.728s][info][gc,metaspace   ] GC(626) Metaspace: 43143K(43456K)->43143K(43456K) NonClass: 40334K(40512K)->40334K(40512K) Class: 2808K(2944K)->2808K(2944K)
[542.728s][info][gc             ] GC(626) Pause Young (Allocation Failure) 707M->466M(741M) 14.365ms
[542.728s][info][gc,cpu         ] GC(626) User=0.02s Sys=0.01s Real=0.02s
[543.508s][info][gc,start       ] GC(627) Pause Young (Allocation Failure)
[543.527s][info][gc,heap        ] GC(627) PSYoungGen: 243621K(284160K)->27509K(286208K) Eden: 240640K(240640K)->0K(240640K) From: 2981K(43520K)->27509K(45568K)
[543.527s][info][gc,heap        ] GC(627) ParOldGen: 474789K(475136K)->475266K(475648K)
[543.527s][info][gc,metaspace   ] GC(627) Metaspace: 43143K(43456K)->43143K(43456K) NonClass: 40334K(40512K)->40334K(40512K) Class: 2808K(2944K)->2808K(2944K)
[543.527s][info][gc             ] GC(627) Pause Young (Allocation Failure) 701M->490M(744M) 18.416ms
[543.527s][info][gc,cpu         ] GC(627) User=0.04s Sys=0.00s Real=0.01s
[544.306s][info][gc,start       ] GC(628) Pause Young (Allocation Failure)
[544.325s][info][gc,heap        ] GC(628) PSYoungGen: 268149K(286208K)->26038K(287232K) Eden: 240640K(240640K)->0K(240640K) From: 27509K(45568K)->26038K(46592K)
[544.325s][info][gc,heap        ] GC(628) ParOldGen: 475266K(475648K)->476025K(476160K)
[544.325s][info][gc,metaspace   ] GC(628) Metaspace: 43143K(43456K)->43143K(43456K) NonClass: 40334K(40512K)->40334K(40512K) Class: 2808K(2944K)->2808K(2944K)
[544.325s][info][gc             ] GC(628) Pause Young (Allocation Failure) 725M->490M(745M) 18.790ms
[544.325s][info][gc,cpu         ] GC(628) User=0.03s Sys=0.00s Real=0.02s
[545.141s][info][gc,start       ] GC(629) Pause Young (Allocation Failure)
[545.176s][info][gc,heap        ] GC(629) PSYoungGen: 266678K(287232K)->46580K(287232K) Eden: 240640K(240640K)->0K(240640K) From: 26038K(46592K)->46580K(46592K)
[545.176s][info][gc,heap        ] GC(629) ParOldGen: 476025K(476160K)->484399K(484864K)
[545.176s][info][gc,metaspace   ] GC(629) Metaspace: 43143K(43456K)->43143K(43456K) NonClass: 40334K(40512K)->40334K(40512K) Class: 2808K(2944K)->2808K(2944K)
[545.176s][info][gc             ] GC(629) Pause Young (Allocation Failure) 725M->518M(754M) 34.970ms
[545.176s][info][gc,cpu         ] GC(629) User=0.06s Sys=0.01s Real=0.03s
[545.989s][info][gc,start       ] GC(630) Pause Young (Allocation Failure)
[546.135s][info][gc,heap        ] GC(630) PSYoungGen: 287220K(287232K)->46567K(174592K) Eden: 240640K(240640K)->0K(128000K) From: 46580K(46592K)->46567K(46592K)
[546.135s][info][gc,heap        ] GC(630) ParOldGen: 484399K(484864K)->594125K(594432K)
[546.135s][info][gc,metaspace   ] GC(630) Metaspace: 43143K(43456K)->43143K(43456K) NonClass: 40334K(40512K)->40334K(40512K) Class: 2808K(2944K)->2808K(2944K)
[546.135s][info][gc             ] GC(630) Pause Young (Allocation Failure) 753M->625M(751M) 145.535ms
[546.135s][info][gc,cpu         ] GC(630) User=0.20s Sys=0.09s Real=0.14s
[546.557s][info][gc,start       ] GC(631) Pause Young (Allocation Failure)
[546.621s][info][gc,heap        ] GC(631) PSYoungGen: 174567K(174592K)->11428K(230912K) Eden: 128000K(128000K)->0K(128000K) From: 46567K(46592K)->11428K(102912K)
[546.621s][info][gc,heap        ] GC(631) ParOldGen: 594125K(594432K)->640337K(640512K)
[546.621s][info][gc,metaspace   ] GC(631) Metaspace: 43144K(43456K)->43144K(43456K) NonClass: 40336K(40512K)->40336K(40512K) Class: 2808K(2944K)->2808K(2944K)
[546.622s][info][gc             ] GC(631) Pause Young (Allocation Failure) 750M->636M(851M) 64.458ms
[546.622s][info][gc,cpu         ] GC(631) User=0.10s Sys=0.04s Real=0.07s
[547.044s][info][gc,start       ] GC(632) Pause Full (Allocation Failure)
[547.044s][info][gc,phases,start] GC(632) Marking Phase
[547.120s][info][gc,phases      ] GC(632) Marking Phase 75.546ms
[547.120s][info][gc,phases,start] GC(632) Summary Phase
[547.120s][info][gc,phases      ] GC(632) Summary Phase 0.040ms
[547.120s][info][gc,phases,start] GC(632) Forward
[547.139s][info][gc,phases      ] GC(632) Forward 18.995ms
[547.139s][info][gc,phases,start] GC(632) Adjust Pointers
[547.183s][info][gc,phases      ] GC(632) Adjust Pointers 43.911ms
[547.183s][info][gc,phases,start] GC(632) Compaction Phase
[547.205s][info][gc,phases      ] GC(632) Compaction Phase 22.697ms
[547.206s][info][gc,phases,start] GC(632) Post Compact
[547.208s][info][gc,phases      ] GC(632) Post Compact 2.365ms
[547.236s][info][gc,heap        ] GC(632) PSYoungGen: 139428K(230912K)->0K(228864K) Eden: 128000K(128000K)->0K(130048K) From: 11428K(102912K)->0K(98816K)
[547.236s][info][gc,heap        ] GC(632) ParOldGen: 640337K(640512K)->100778K(280064K)
[547.236s][info][gc,metaspace   ] GC(632) Metaspace: 43144K(43456K)->43144K(43456K) NonClass: 40336K(40512K)->40336K(40512K) Class: 2808K(2944K)->2808K(2944K)
[547.236s][info][gc             ] GC(632) Pause Full (Allocation Failure) 761M->98M(497M) 192.511ms
[547.236s][info][gc,cpu         ] GC(632) User=0.27s Sys=0.02s Real=0.19s
[547.722s][info][gc,start       ] GC(633) Pause Young (Allocation Failure)
[547.756s][info][gc,heap        ] GC(633) PSYoungGen: 130048K(228864K)->33644K(163840K) Eden: 130048K(130048K)->0K(130048K) From: 0K(98816K)->33644K(33792K)
[547.756s][info][gc,heap        ] GC(633) ParOldGen: 100778K(280064K)->100778K(280064K)
[547.756s][info][gc,metaspace   ] GC(633) Metaspace: 43144K(43456K)->43144K(43456K) NonClass: 40336K(40512K)->40336K(40512K) Class: 2808K(2944K)->2808K(2944K)
[547.756s][info][gc             ] GC(633) Pause Young (Allocation Failure) 225M->131M(433M) 33.629ms
[547.756s][info][gc,cpu         ] GC(633) User=0.06s Sys=0.00s Real=0.03s
[548.191s][info][gc,start       ] GC(634) Pause Young (Allocation Failure)
[548.215s][info][gc,heap        ] GC(634) PSYoungGen: 163692K(163840K)->1138K(228864K) Eden: 130048K(130048K)->0K(134656K) From: 33644K(33792K)->1138K(94208K)
[548.215s][info][gc,heap        ] GC(634) ParOldGen: 100778K(280064K)->119569K(280064K)
[548.215s][info][gc,metaspace   ] GC(634) Metaspace: 43144K(43456K)->43144K(43456K) NonClass: 40336K(40512K)->40336K(40512K) Class: 2808K(2944K)->2808K(2944K)
[548.215s][info][gc             ] GC(634) Pause Young (Allocation Failure) 258M->117M(497M) 24.173ms
[548.216s][info][gc,cpu         ] GC(634) User=0.05s Sys=0.00s Real=0.02s
[548.630s][info][gc,start       ] GC(635) Pause Young (Allocation Failure)
[548.637s][info][gc,heap        ] GC(635) PSYoungGen: 135794K(228864K)->8735K(228352K) Eden: 134656K(134656K)->0K(134656K) From: 1138K(94208K)->8735K(93696K)
[548.637s][info][gc,heap        ] GC(635) ParOldGen: 119569K(280064K)->120140K(280064K)
[548.637s][info][gc,metaspace   ] GC(635) Metaspace: 43144K(43456K)->43144K(43456K) NonClass: 40336K(40512K)->40336K(40512K) Class: 2808K(2944K)->2808K(2944K)
[548.637s][info][gc             ] GC(635) Pause Young (Allocation Failure) 249M->125M(496M) 7.221ms
[548.637s][info][gc,cpu         ] GC(635) User=0.02s Sys=0.00s Real=0.00s
[549.072s][info][gc,start       ] GC(636) Pause Young (Allocation Failure)
[549.076s][info][gc,heap        ] GC(636) PSYoungGen: 143391K(228352K)->4436K(237568K) Eden: 134656K(134656K)->0K(148480K) From: 8735K(93696K)->4436K(89088K)
[549.076s][info][gc,heap        ] GC(636) ParOldGen: 120140K(280064K)->120464K(280064K)
[549.076s][info][gc,metaspace   ] GC(636) Metaspace: 43144K(43456K)->43144K(43456K) NonClass: 40336K(40512K)->40336K(40512K) Class: 2808K(2944K)->2808K(2944K)
[549.076s][info][gc             ] GC(636) Pause Young (Allocation Failure) 257M->121M(505M) 4.636ms
[549.076s][info][gc,cpu         ] GC(636) User=0.00s Sys=0.00s Real=0.00s
[549.551s][info][gc,start       ] GC(637) Pause Young (Allocation Failure)
[549.572s][info][gc,heap        ] GC(637) PSYoungGen: 152916K(237568K)->28573K(237056K) Eden: 148480K(148480K)->0K(148480K) From: 4436K(89088K)->28573K(88576K)
[549.572s][info][gc,heap        ] GC(637) ParOldGen: 120464K(280064K)->120822K(280064K)
[549.572s][info][gc,metaspace   ] GC(637) Metaspace: 43144K(43456K)->43144K(43456K) NonClass: 40336K(40512K)->40336K(40512K) Class: 2808K(2944K)->2808K(2944K)
[549.572s][info][gc             ] GC(637) Pause Young (Allocation Failure) 266M->145M(505M) 20.894ms
[549.572s][info][gc,cpu         ] GC(637) User=0.04s Sys=0.00s Real=0.02s
[550.043s][info][gc,start       ] GC(638) Pause Young (Allocation Failure)
[550.051s][info][gc,heap        ] GC(638) PSYoungGen: 177053K(237056K)->11253K(242176K) Eden: 148480K(148480K)->0K(159232K) From: 28573K(88576K)->11253K(82944K)
[550.051s][info][gc,heap        ] GC(638) ParOldGen: 120822K(280064K)->121139K(280064K)
[550.051s][info][gc,metaspace   ] GC(638) Metaspace: 43144K(43456K)->43144K(43456K) NonClass: 40336K(40512K)->40336K(40512K) Class: 2808K(2944K)->2808K(2944K)
[550.052s][info][gc             ] GC(638) Pause Young (Allocation Failure) 290M->129M(510M) 8.967ms
[550.052s][info][gc,cpu         ] GC(638) User=0.02s Sys=0.00s Real=0.01s
[550.493s][info][gc,start       ] GC(639) Pause Young (Allocation Failure)
[550.509s][info][gc,heap        ] GC(639) PSYoungGen: 170485K(242176K)->16221K(239616K) Eden: 159232K(159232K)->0K(159232K) From: 11253K(82944K)->16221K(80384K)
[550.509s][info][gc,heap        ] GC(639) ParOldGen: 121139K(280064K)->127702K(280064K)
[550.509s][info][gc,metaspace   ] GC(639) Metaspace: 43144K(43456K)->43144K(43456K) NonClass: 40336K(40512K)->40336K(40512K) Class: 2808K(2944K)->2808K(2944K)
[550.509s][info][gc             ] GC(639) Pause Young (Allocation Failure) 284M->140M(507M) 15.844ms
[550.509s][info][gc,cpu         ] GC(639) User=0.03s Sys=0.00s Real=0.02s
[550.982s][info][gc,start       ] GC(640) Pause Young (Allocation Failure)
[550.993s][info][gc,heap        ] GC(640) PSYoungGen: 175453K(239616K)->617K(248320K) Eden: 159232K(159232K)->0K(172032K) From: 16221K(80384K)->617K(76288K)
[550.993s][info][gc,heap        ] GC(640) ParOldGen: 127702K(280064K)->142921K(280064K)
[550.993s][info][gc,metaspace   ] GC(640) Metaspace: 43144K(43456K)->43144K(43456K) NonClass: 40336K(40512K)->40336K(40512K) Class: 2808K(2944K)->2808K(2944K)
[550.993s][info][gc             ] GC(640) Pause Young (Allocation Failure) 296M->140M(516M) 10.441ms
[550.993s][info][gc,cpu         ] GC(640) User=0.02s Sys=0.00s Real=0.01s
[551.459s][info][gc,start       ] GC(641) Pause Young (Allocation Failure)
[551.462s][info][gc,heap        ] GC(641) PSYoungGen: 172649K(248320K)->1336K(246784K) Eden: 172032K(172032K)->0K(172032K) From: 617K(76288K)->1336K(74752K)
[551.462s][info][gc,heap        ] GC(641) ParOldGen: 142921K(280064K)->142962K(280064K)
[551.462s][info][gc,metaspace   ] GC(641) Metaspace: 43144K(43456K)->43144K(43456K) NonClass: 40336K(40512K)->40336K(40512K) Class: 2808K(2944K)->2808K(2944K)
[551.462s][info][gc             ] GC(641) Pause Young (Allocation Failure) 308M->140M(514M) 2.629ms
[551.462s][info][gc,cpu         ] GC(641) User=0.00s Sys=0.00s Real=0.00s
[551.829s][info][gc,start       ] GC(642) Pause Young (Allocation Failure)
[551.834s][info][gc,heap        ] GC(642) PSYoungGen: 173368K(246784K)->4188K(256000K) Eden: 172032K(172032K)->0K(185856K) From: 1336K(74752K)->4188K(70144K)
[551.834s][info][gc,heap        ] GC(642) ParOldGen: 142962K(280064K)->143410K(280064K)
[551.834s][info][gc,metaspace   ] GC(642) Metaspace: 43144K(43456K)->43144K(43456K) NonClass: 40336K(40512K)->40336K(40512K) Class: 2808K(2944K)->2808K(2944K)
[551.834s][info][gc             ] GC(642) Pause Young (Allocation Failure) 308M->144M(523M) 5.146ms
[551.834s][info][gc,cpu         ] GC(642) User=0.01s Sys=0.00s Real=0.00s
[552.126s][info][gc,start       ] GC(643) Pause Young (Allocation Failure)
[552.130s][info][gc,heap        ] GC(643) PSYoungGen: 190044K(256000K)->2802K(256000K) Eden: 185856K(185856K)->0K(185856K) From: 4188K(70144K)->2802K(70144K)
[552.130s][info][gc,heap        ] GC(643) ParOldGen: 143410K(280064K)->145182K(280064K)
[552.130s][info][gc,metaspace   ] GC(643) Metaspace: 43144K(43456K)->43144K(43456K) NonClass: 40336K(40512K)->40336K(40512K) Class: 2808K(2944K)->2808K(2944K)
[552.130s][info][gc             ] GC(643) Pause Young (Allocation Failure) 325M->144M(523M) 4.434ms
[552.130s][info][gc,cpu         ] GC(643) User=0.01s Sys=0.00s Real=0.01s
[552.495s][info][gc,start       ] GC(644) Pause Young (Allocation Failure)
[552.503s][info][gc,heap        ] GC(644) PSYoungGen: 188658K(256000K)->10413K(258048K) Eden: 185856K(185856K)->0K(196096K) From: 2802K(70144K)->10413K(61952K)
[552.503s][info][gc,heap        ] GC(644) ParOldGen: 145182K(280064K)->145434K(280064K)
[552.503s][info][gc,metaspace   ] GC(644) Metaspace: 43144K(43456K)->43144K(43456K) NonClass: 40336K(40512K)->40336K(40512K) Class: 2808K(2944K)->2808K(2944K)
[552.503s][info][gc             ] GC(644) Pause Young (Allocation Failure) 326M->152M(525M) 8.455ms
[552.503s][info][gc,cpu         ] GC(644) User=0.02s Sys=0.00s Real=0.01s
[552.747s][info][gc,start       ] GC(645) Pause Young (Allocation Failure)
[552.754s][info][gc,heap        ] GC(645) PSYoungGen: 206509K(258048K)->320K(259584K) Eden: 196096K(196096K)->0K(196096K) From: 10413K(61952K)->320K(63488K)
[552.754s][info][gc,heap        ] GC(645) ParOldGen: 145434K(280064K)->155655K(280064K)
[552.754s][info][gc,metaspace   ] GC(645) Metaspace: 43144K(43456K)->43144K(43456K) NonClass: 40336K(40512K)->40336K(40512K) Class: 2808K(2944K)->2808K(2944K)
[552.754s][info][gc             ] GC(645) Pause Young (Allocation Failure) 343M->152M(527M) 6.956ms
[552.754s][info][gc,cpu         ] GC(645) User=0.01s Sys=0.00s Real=0.01s
[553.003s][info][gc,start       ] GC(646) Pause Young (Allocation Failure)
[553.008s][info][gc,heap        ] GC(646) PSYoungGen: 194964K(259584K)->2149K(265728K) Eden: 194644K(196096K)->0K(208896K) From: 320K(63488K)->2149K(56832K)
[553.008s][info][gc,heap        ] GC(646) ParOldGen: 155655K(280064K)->155950K(280064K)
[553.008s][info][gc,metaspace   ] GC(646) Metaspace: 43144K(43456K)->43144K(43456K) NonClass: 40336K(40512K)->40336K(40512K) Class: 2808K(2944K)->2808K(2944K)
[553.008s][info][gc             ] GC(646) Pause Young (Allocation Failure) 342M->154M(533M) 4.443ms
[553.008s][info][gc,cpu         ] GC(646) User=0.01s Sys=0.00s Real=0.01s
[553.278s][info][gc,start       ] GC(647) Pause Young (Allocation Failure)
[553.285s][info][gc,heap        ] GC(647) PSYoungGen: 211036K(265728K)->4627K(267776K) Eden: 208887K(208896K)->0K(208896K) From: 2149K(56832K)->4627K(58880K)
[553.285s][info][gc,heap        ] GC(647) ParOldGen: 155950K(280064K)->158054K(280064K)
[553.285s][info][gc,metaspace   ] GC(647) Metaspace: 43144K(43456K)->43144K(43456K) NonClass: 40336K(40512K)->40336K(40512K) Class: 2808K(2944K)->2808K(2944K)
[553.285s][info][gc             ] GC(647) Pause Young (Allocation Failure) 358M->158M(535M) 6.711ms
[553.285s][info][gc,cpu         ] GC(647) User=0.02s Sys=0.00s Real=0.00s
[553.564s][info][gc,start       ] GC(648) Pause Young (Allocation Failure)
[553.573s][info][gc,heap        ] GC(648) PSYoungGen: 212398K(267776K)->4484K(269824K) Eden: 207771K(208896K)->0K(219136K) From: 4627K(58880K)->4484K(50688K)
[553.573s][info][gc,heap        ] GC(648) ParOldGen: 158054K(280064K)->160822K(280064K)
[553.573s][info][gc,metaspace   ] GC(648) Metaspace: 43144K(43456K)->43144K(43456K) NonClass: 40336K(40512K)->40336K(40512K) Class: 2808K(2944K)->2808K(2944K)
[553.573s][info][gc             ] GC(648) Pause Young (Allocation Failure) 361M->161M(537M) 8.798ms
[553.573s][info][gc,cpu         ] GC(648) User=0.01s Sys=0.00s Real=0.01s
[553.876s][info][gc,start       ] GC(649) Pause Young (Allocation Failure)
[553.889s][info][gc,heap        ] GC(649) PSYoungGen: 223620K(269824K)->6998K(271872K) Eden: 219136K(219136K)->0K(219136K) From: 4484K(50688K)->6998K(52736K)
[553.889s][info][gc,heap        ] GC(649) ParOldGen: 160822K(280064K)->165283K(280064K)
[553.889s][info][gc,metaspace   ] GC(649) Metaspace: 43145K(43456K)->43145K(43456K) NonClass: 40336K(40512K)->40336K(40512K) Class: 2808K(2944K)->2808K(2944K)
[553.889s][info][gc             ] GC(649) Pause Young (Allocation Failure) 375M->168M(539M) 13.263ms
[553.889s][info][gc,cpu         ] GC(649) User=0.02s Sys=0.00s Real=0.02s
[554.193s][info][gc,start       ] GC(650) Pause Young (Allocation Failure)
[554.208s][info][gc,heap        ] GC(650) PSYoungGen: 226134K(271872K)->6141K(277504K) Eden: 219136K(219136K)->0K(231936K) From: 6998K(52736K)->6141K(45568K)
[554.208s][info][gc,heap        ] GC(650) ParOldGen: 165283K(280064K)->172392K(280064K)
[554.208s][info][gc,metaspace   ] GC(650) Metaspace: 43145K(43456K)->43145K(43456K) NonClass: 40336K(40512K)->40336K(40512K) Class: 2808K(2944K)->2808K(2944K)
[554.208s][info][gc             ] GC(650) Pause Young (Allocation Failure) 382M->174M(544M) 15.212ms
[554.208s][info][gc,cpu         ] GC(650) User=0.03s Sys=0.00s Real=0.02s
[554.524s][info][gc,start       ] GC(651) Pause Young (Allocation Failure)
[554.538s][info][gc,heap        ] GC(651) PSYoungGen: 238077K(277504K)->6583K(278528K) Eden: 231936K(231936K)->0K(231936K) From: 6141K(45568K)->6583K(46592K)
[554.538s][info][gc,heap        ] GC(651) ParOldGen: 172392K(280064K)->178594K(280064K)
[554.538s][info][gc,metaspace   ] GC(651) Metaspace: 43145K(43456K)->43145K(43456K) NonClass: 40336K(40512K)->40336K(40512K) Class: 2808K(2944K)->2808K(2944K)
[554.538s][info][gc             ] GC(651) Pause Young (Allocation Failure) 400M->180M(545M) 14.457ms
[554.538s][info][gc,cpu         ] GC(651) User=0.03s Sys=0.00s Real=0.02s
[555.058s][info][gc,start       ] GC(652) Pause Young (Allocation Failure)
[555.074s][info][gc,heap        ] GC(652) PSYoungGen: 238519K(278528K)->10052K(283136K) Eden: 231936K(231936K)->0K(243712K) From: 6583K(46592K)->10052K(39424K)
[555.074s][info][gc,heap        ] GC(652) ParOldGen: 178594K(280064K)->185172K(280064K)
[555.074s][info][gc,metaspace   ] GC(652) Metaspace: 43145K(43456K)->43145K(43456K) NonClass: 40336K(40512K)->40336K(40512K) Class: 2808K(2944K)->2808K(2944K)
[555.074s][info][gc             ] GC(652) Pause Young (Allocation Failure) 407M->190M(550M) 15.884ms
[555.074s][info][gc,cpu         ] GC(652) User=0.03s Sys=0.00s Real=0.01s
[555.618s][info][gc,start       ] GC(653) Pause Young (Allocation Failure)
[555.628s][info][gc,heap        ] GC(653) PSYoungGen: 253764K(283136K)->5105K(284160K) Eden: 243712K(243712K)->0K(243712K) From: 10052K(39424K)->5105K(40448K)
[555.629s][info][gc,heap        ] GC(653) ParOldGen: 185172K(280064K)->194489K(280064K)
[555.629s][info][gc,metaspace   ] GC(653) Metaspace: 43148K(43456K)->43148K(43456K) NonClass: 40339K(40512K)->40339K(40512K) Class: 2808K(2944K)->2808K(2944K)
[555.629s][info][gc             ] GC(653) Pause Young (Allocation Failure) 428M->194M(551M) 10.608ms
[555.629s][info][gc,cpu         ] GC(653) User=0.02s Sys=0.00s Real=0.01s
[556.177s][info][gc,start       ] GC(654) Pause Young (Allocation Failure)
[556.180s][info][gc,heap        ] GC(654) PSYoungGen: 248817K(284160K)->1248K(292352K) Eden: 243712K(243712K)->0K(254976K) From: 5105K(40448K)->1248K(37376K)
[556.180s][info][gc,heap        ] GC(654) ParOldGen: 194489K(280064K)->194682K(280064K)
[556.180s][info][gc,metaspace   ] GC(654) Metaspace: 43148K(43456K)->43148K(43456K) NonClass: 40339K(40512K)->40339K(40512K) Class: 2808K(2944K)->2808K(2944K)
[556.180s][info][gc             ] GC(654) Pause Young (Allocation Failure) 432M->191M(559M) 3.358ms
[556.180s][info][gc,cpu         ] GC(654) User=0.00s Sys=0.00s Real=0.01s
[556.741s][info][gc,start       ] GC(655) Pause Young (Allocation Failure)
[556.746s][info][gc,heap        ] GC(655) PSYoungGen: 256224K(292352K)->5782K(291840K) Eden: 254976K(254976K)->0K(254976K) From: 1248K(37376K)->5782K(36864K)
[556.746s][info][gc,heap        ] GC(655) ParOldGen: 194682K(280064K)->194682K(280064K)
[556.746s][info][gc,metaspace   ] GC(655) Metaspace: 43150K(43456K)->43150K(43456K) NonClass: 40341K(40512K)->40341K(40512K) Class: 2808K(2944K)->2808K(2944K)
[556.746s][info][gc             ] GC(655) Pause Young (Allocation Failure) 440M->195M(558M) 5.245ms
[556.746s][info][gc,cpu         ] GC(655) User=0.01s Sys=0.00s Real=0.00s
[557.343s][info][gc,start       ] GC(656) Pause Young (Allocation Failure)
[557.348s][info][gc,heap        ] GC(656) PSYoungGen: 260758K(291840K)->7490K(294912K) Eden: 254976K(254976K)->0K(261632K) From: 5782K(36864K)->7490K(33280K)
[557.348s][info][gc,heap        ] GC(656) ParOldGen: 194682K(280064K)->194738K(280064K)
[557.348s][info][gc,metaspace   ] GC(656) Metaspace: 43171K(43520K)->43171K(43520K) NonClass: 40362K(40576K)->40362K(40576K) Class: 2808K(2944K)->2808K(2944K)
[557.348s][info][gc             ] GC(656) Pause Young (Allocation Failure) 444M->197M(561M) 5.306ms
[557.348s][info][gc,cpu         ] GC(656) User=0.01s Sys=0.00s Real=0.01s
[558.096s][info][gc,start       ] GC(657) Pause Young (Allocation Failure)
[558.100s][info][gc,heap        ] GC(657) PSYoungGen: 269118K(294912K)->3666K(293888K) Eden: 261628K(261632K)->0K(261632K) From: 7490K(33280K)->3666K(32256K)
[558.100s][info][gc,heap        ] GC(657) ParOldGen: 194738K(280064K)->194882K(280064K)
[558.101s][info][gc,metaspace   ] GC(657) Metaspace: 43171K(43520K)->43171K(43520K) NonClass: 40362K(40576K)->40362K(40576K) Class: 2808K(2944K)->2808K(2944K)
[558.101s][info][gc             ] GC(657) Pause Young (Allocation Failure) 452M->193M(560M) 4.736ms
[558.101s][info][gc,cpu         ] GC(657) User=0.01s Sys=0.00s Real=0.01s
[559.453s][info][gc,start       ] GC(658) Pause Young (Allocation Failure)
[559.466s][info][gc,heap        ] GC(658) PSYoungGen: 265298K(293888K)->13388K(299520K) Eden: 261632K(261632K)->0K(268800K) From: 3666K(32256K)->13388K(30720K)
[559.466s][info][gc,heap        ] GC(658) ParOldGen: 194882K(280064K)->197708K(280064K)
[559.466s][info][gc,metaspace   ] GC(658) Metaspace: 43177K(43584K)->43177K(43584K) NonClass: 40368K(40640K)->40368K(40640K) Class: 2808K(2944K)->2808K(2944K)
[559.466s][info][gc             ] GC(658) Pause Young (Allocation Failure) 449M->206M(566M) 13.459ms
[559.466s][info][gc,cpu         ] GC(658) User=0.02s Sys=0.00s Real=0.01s
[560.060s][info][gc,start       ] GC(659) Pause Young (Allocation Failure)
[560.099s][info][gc,heap        ] GC(659) PSYoungGen: 282188K(299520K)->30092K(299008K) Eden: 268800K(268800K)->0K(268800K) From: 13388K(30720K)->30092K(30208K)
[560.099s][info][gc,heap        ] GC(659) ParOldGen: 197708K(280064K)->210902K(280064K)
[560.099s][info][gc,metaspace   ] GC(659) Metaspace: 43177K(43584K)->43177K(43584K) NonClass: 40368K(40640K)->40368K(40640K) Class: 2808K(2944K)->2808K(2944K)
[560.099s][info][gc             ] GC(659) Pause Young (Allocation Failure) 468M->235M(565M) 39.295ms
[560.099s][info][gc,cpu         ] GC(659) User=0.07s Sys=0.00s Real=0.04s
[560.737s][info][gc,start       ] GC(660) Pause Young (Allocation Failure)
[560.799s][info][gc,heap        ] GC(660) PSYoungGen: 298892K(299008K)->34264K(283648K) Eden: 268800K(268800K)->0K(248832K) From: 30092K(30208K)->34264K(34816K)
[560.799s][info][gc,heap        ] GC(660) ParOldGen: 210902K(280064K)->240348K(280064K)
[560.799s][info][gc,metaspace   ] GC(660) Metaspace: 43177K(43584K)->43177K(43584K) NonClass: 40368K(40640K)->40368K(40640K) Class: 2808K(2944K)->2808K(2944K)
[560.799s][info][gc             ] GC(660) Pause Young (Allocation Failure) 497M->268M(550M) 61.751ms
[560.799s][info][gc,cpu         ] GC(660) User=0.12s Sys=0.00s Real=0.07s
[561.524s][info][gc,start       ] GC(661) Pause Young (Allocation Failure)
[561.601s][info][gc,heap        ] GC(661) PSYoungGen: 283096K(283648K)->34672K(283648K) Eden: 248832K(248832K)->0K(248832K) From: 34264K(34816K)->34672K(34816K)
[561.601s][info][gc,heap        ] GC(661) ParOldGen: 240348K(280064K)->267990K(280064K)
[561.601s][info][gc,metaspace   ] GC(661) Metaspace: 43178K(43584K)->43178K(43584K) NonClass: 40369K(40640K)->40369K(40640K) Class: 2808K(2944K)->2808K(2944K)
[561.601s][info][gc             ] GC(661) Pause Young (Allocation Failure) 511M->295M(550M) 76.831ms
[561.601s][info][gc,cpu         ] GC(661) User=0.12s Sys=0.00s Real=0.08s
[565.121s][info][gc,start       ] GC(662) Pause Young (Allocation Failure)
[565.154s][info][gc,heap        ] GC(662) PSYoungGen: 283504K(283648K)->9343K(288768K) Eden: 248832K(248832K)->0K(241152K) From: 34672K(34816K)->9343K(47616K)
[565.154s][info][gc,heap        ] GC(662) ParOldGen: 267990K(280064K)->293590K(293888K)
[565.154s][info][gc,metaspace   ] GC(662) Metaspace: 43180K(43584K)->43180K(43584K) NonClass: 40371K(40640K)->40371K(40640K) Class: 2808K(2944K)->2808K(2944K)
[565.154s][info][gc             ] GC(662) Pause Young (Allocation Failure) 538M->295M(569M) 33.187ms
[565.154s][info][gc,cpu         ] GC(662) User=0.05s Sys=0.01s Real=0.03s
[566.025s][info][gc,start       ] GC(663) Pause Young (Allocation Failure)
[566.040s][info][gc,heap        ] GC(663) PSYoungGen: 250495K(288768K)->5905K(247296K) Eden: 241152K(241152K)->0K(241152K) From: 9343K(47616K)->5905K(6144K)
[566.040s][info][gc,heap        ] GC(663) ParOldGen: 293590K(293888K)->301713K(302080K)
[566.040s][info][gc,metaspace   ] GC(663) Metaspace: 43180K(43584K)->43180K(43584K) NonClass: 40371K(40640K)->40371K(40640K) Class: 2808K(2944K)->2808K(2944K)
[566.040s][info][gc             ] GC(663) Pause Young (Allocation Failure) 531M->300M(536M) 14.755ms
[566.040s][info][gc,cpu         ] GC(663) User=0.02s Sys=0.00s Real=0.02s
[567.297s][info][gc,start       ] GC(664) Pause Young (Allocation Failure)
[567.305s][info][gc,heap        ] GC(664) PSYoungGen: 247057K(247296K)->1996K(285696K) Eden: 241152K(241152K)->0K(242176K) From: 5905K(6144K)->1996K(43520K)
[567.305s][info][gc,heap        ] GC(664) ParOldGen: 301713K(302080K)->305916K(306176K)
[567.305s][info][gc,metaspace   ] GC(664) Metaspace: 43180K(43584K)->43180K(43584K) NonClass: 40371K(40640K)->40371K(40640K) Class: 2808K(2944K)->2808K(2944K)
[567.305s][info][gc             ] GC(664) Pause Young (Allocation Failure) 535M->300M(578M) 8.265ms
[567.305s][info][gc,cpu         ] GC(664) User=0.02s Sys=0.00s Real=0.01s
[568.668s][info][gc,start       ] GC(665) Pause Young (Allocation Failure)
[568.693s][info][gc,heap        ] GC(665) PSYoungGen: 244172K(285696K)->21523K(284672K) Eden: 242176K(242176K)->0K(242176K) From: 1996K(43520K)->21523K(42496K)
[568.693s][info][gc,heap        ] GC(665) ParOldGen: 305916K(306176K)->307862K(308224K)
[568.693s][info][gc,metaspace   ] GC(665) Metaspace: 43180K(43584K)->43180K(43584K) NonClass: 40371K(40640K)->40371K(40640K) Class: 2808K(2944K)->2808K(2944K)
[568.693s][info][gc             ] GC(665) Pause Young (Allocation Failure) 537M->321M(579M) 24.434ms
[568.693s][info][gc,cpu         ] GC(665) User=0.05s Sys=0.00s Real=0.02s
[570.026s][info][gc,start       ] GC(666) Pause Young (Allocation Failure)
[570.072s][info][gc,heap        ] GC(666) PSYoungGen: 263699K(284672K)->22822K(289792K) Eden: 242176K(242176K)->0K(246784K) From: 21523K(42496K)->22822K(43008K)
[570.072s][info][gc,heap        ] GC(666) ParOldGen: 307862K(308224K)->329374K(329728K)
[570.072s][info][gc,metaspace   ] GC(666) Metaspace: 43180K(43584K)->43180K(43584K) NonClass: 40371K(40640K)->40371K(40640K) Class: 2808K(2944K)->2808K(2944K)
[570.072s][info][gc             ] GC(666) Pause Young (Allocation Failure) 558M->343M(605M) 46.014ms
[570.072s][info][gc,cpu         ] GC(666) User=0.07s Sys=0.02s Real=0.05s
[570.991s][info][gc,start       ] GC(667) Pause Young (Allocation Failure)
[571.046s][info][gc,heap        ] GC(667) PSYoungGen: 269606K(289792K)->32414K(279552K) Eden: 246784K(246784K)->0K(246784K) From: 22822K(43008K)->32414K(32768K)
[571.046s][info][gc,heap        ] GC(667) ParOldGen: 329374K(329728K)->352251K(352256K)
[571.046s][info][gc,metaspace   ] GC(667) Metaspace: 43180K(43584K)->43180K(43584K) NonClass: 40371K(40640K)->40371K(40640K) Class: 2808K(2944K)->2808K(2944K)
[571.046s][info][gc             ] GC(667) Pause Young (Allocation Failure) 584M->375M(617M) 54.396ms
[571.046s][info][gc,cpu         ] GC(667) User=0.09s Sys=0.02s Real=0.05s
[571.667s][info][gc,start       ] GC(668) Pause Young (Allocation Failure)
[571.747s][info][gc,heap        ] GC(668) PSYoungGen: 279198K(279552K)->30488K(281600K) Eden: 246784K(246784K)->0K(234496K) From: 32414K(32768K)->30488K(47104K)
[571.747s][info][gc,heap        ] GC(668) ParOldGen: 352251K(352256K)->384411K(384512K)
[571.747s][info][gc,metaspace   ] GC(668) Metaspace: 43180K(43584K)->43180K(43584K) NonClass: 40371K(40640K)->40371K(40640K) Class: 2808K(2944K)->2808K(2944K)
[571.747s][info][gc             ] GC(668) Pause Young (Allocation Failure) 616M->405M(650M) 80.190ms
[571.747s][info][gc,cpu         ] GC(668) User=0.14s Sys=0.03s Real=0.08s
[572.333s][info][gc,start       ] GC(669) Pause Young (Allocation Failure)
[572.399s][info][gc,heap        ] GC(669) PSYoungGen: 264984K(281600K)->29632K(264192K) Eden: 234496K(234496K)->0K(234496K) From: 30488K(47104K)->29632K(29696K)
[572.399s][info][gc,heap        ] GC(669) ParOldGen: 384411K(384512K)->413475K(413696K)
[572.399s][info][gc,metaspace   ] GC(669) Metaspace: 43180K(43584K)->43180K(43584K) NonClass: 40371K(40640K)->40371K(40640K) Class: 2808K(2944K)->2808K(2944K)
[572.399s][info][gc             ] GC(669) Pause Young (Allocation Failure) 634M->432M(662M) 65.608ms
[572.399s][info][gc,cpu         ] GC(669) User=0.10s Sys=0.03s Real=0.07s
[573.906s][info][gc,start       ] GC(670) Pause Young (GCLocker Initiated GC)
[573.958s][info][gc,heap        ] GC(670) PSYoungGen: 264128K(264192K)->14320K(285184K) Eden: 234496K(234496K)->0K(234496K) From: 29632K(29696K)->14320K(50688K)
[573.959s][info][gc,heap        ] GC(670) ParOldGen: 413476K(413696K)->443317K(443904K)
[573.959s][info][gc,metaspace   ] GC(670) Metaspace: 43180K(43584K)->43180K(43584K) NonClass: 40371K(40640K)->40371K(40640K) Class: 2808K(2944K)->2808K(2944K)
[573.959s][info][gc             ] GC(670) Pause Young (GCLocker Initiated GC) 661M->446M(712M) 52.146ms
[573.959s][info][gc,cpu         ] GC(670) User=0.09s Sys=0.02s Real=0.06s
[574.886s][info][gc,start       ] GC(671) Pause Young (Allocation Failure)
[574.914s][info][gc,heap        ] GC(671) PSYoungGen: 248816K(285184K)->13334K(248320K) Eden: 234496K(234496K)->0K(234496K) From: 14320K(50688K)->13334K(13824K)
[574.914s][info][gc,heap        ] GC(671) ParOldGen: 443317K(443904K)->457217K(457728K)
[574.914s][info][gc,metaspace   ] GC(671) Metaspace: 43180K(43584K)->43180K(43584K) NonClass: 40371K(40640K)->40371K(40640K) Class: 2808K(2944K)->2808K(2944K)
[574.914s][info][gc             ] GC(671) Pause Young (Allocation Failure) 675M->459M(689M) 27.472ms
[574.914s][info][gc,cpu         ] GC(671) User=0.04s Sys=0.01s Real=0.03s
[576.167s][info][gc,start       ] GC(672) Pause Young (Allocation Failure)
[576.186s][info][gc,heap        ] GC(672) PSYoungGen: 247830K(248320K)->3539K(280576K) Eden: 234496K(234496K)->0K(234496K) From: 13334K(13824K)->3539K(46080K)
[576.186s][info][gc,heap        ] GC(672) ParOldGen: 457217K(457728K)->469656K(470016K)
[576.186s][info][gc,metaspace   ] GC(672) Metaspace: 43180K(43584K)->43180K(43584K) NonClass: 40371K(40640K)->40371K(40640K) Class: 2808K(2944K)->2808K(2944K)
[576.186s][info][gc             ] GC(672) Pause Young (Allocation Failure) 688M->462M(733M) 18.965ms
[576.186s][info][gc,cpu         ] GC(672) User=0.03s Sys=0.00s Real=0.02s
[577.456s][info][gc,start       ] GC(673) Pause Young (Allocation Failure)
[577.482s][info][gc,heap        ] GC(673) PSYoungGen: 238035K(280576K)->23519K(280576K) Eden: 234496K(234496K)->0K(234496K) From: 3539K(46080K)->23519K(46080K)
[577.483s][info][gc,heap        ] GC(673) ParOldGen: 469656K(470016K)->473204K(473600K)
[577.483s][info][gc,metaspace   ] GC(673) Metaspace: 43180K(43584K)->43180K(43584K) NonClass: 40371K(40640K)->40371K(40640K) Class: 2808K(2944K)->2808K(2944K)
[577.483s][info][gc             ] GC(673) Pause Young (Allocation Failure) 691M->485M(736M) 26.432ms
[577.483s][info][gc,cpu         ] GC(673) User=0.05s Sys=0.00s Real=0.03s
[578.748s][info][gc,start       ] GC(674) Pause Young (Allocation Failure)
[578.794s][info][gc,heap        ] GC(674) PSYoungGen: 258015K(280576K)->19802K(285184K) Eden: 234496K(234496K)->0K(242176K) From: 23519K(46080K)->19802K(43008K)
[578.795s][info][gc,heap        ] GC(674) ParOldGen: 473204K(473600K)->496739K(497152K)
[578.795s][info][gc,metaspace   ] GC(674) Metaspace: 43180K(43584K)->43180K(43584K) NonClass: 40371K(40640K)->40371K(40640K) Class: 2808K(2944K)->2808K(2944K)
[578.795s][info][gc             ] GC(674) Pause Young (Allocation Failure) 714M->504M(764M) 46.622ms
[578.795s][info][gc,cpu         ] GC(674) User=0.07s Sys=0.02s Real=0.04s
[579.590s][info][gc,start       ] GC(675) Pause Young (Allocation Failure)
[579.624s][info][gc,heap        ] GC(675) PSYoungGen: 261978K(285184K)->11669K(286208K) Eden: 242176K(242176K)->0K(242176K) From: 19802K(43008K)->11669K(44032K)
[579.624s][info][gc,heap        ] GC(675) ParOldGen: 496739K(497152K)->516619K(517120K)
[579.624s][info][gc,metaspace   ] GC(675) Metaspace: 43180K(43584K)->43180K(43584K) NonClass: 40371K(40640K)->40371K(40640K) Class: 2808K(2944K)->2808K(2944K)
[579.624s][info][gc             ] GC(675) Pause Young (Allocation Failure) 740M->515M(784M) 33.896ms
[579.624s][info][gc,cpu         ] GC(675) User=0.05s Sys=0.01s Real=0.03s
[580.534s][info][gc,start       ] GC(676) Pause Young (Allocation Failure)
[580.551s][info][gc,heap        ] GC(676) PSYoungGen: 253845K(286208K)->9076K(288768K) Eden: 242176K(242176K)->0K(247808K) From: 11669K(44032K)->9076K(40960K)
[580.551s][info][gc,heap        ] GC(676) ParOldGen: 516619K(517120K)->524755K(524800K)
[580.551s][info][gc,metaspace   ] GC(676) Metaspace: 43180K(43584K)->43180K(43584K) NonClass: 40371K(40640K)->40371K(40640K) Class: 2808K(2944K)->2808K(2944K)
[580.551s][info][gc             ] GC(676) Pause Young (Allocation Failure) 752M->521M(794M) 17.169ms
[580.551s][info][gc,cpu         ] GC(676) User=0.03s Sys=0.00s Real=0.02s
[581.475s][info][gc,start       ] GC(677) Pause Young (Allocation Failure)
[581.496s][info][gc,heap        ] GC(677) PSYoungGen: 256884K(288768K)->20097K(288768K) Eden: 247808K(247808K)->0K(247808K) From: 9076K(40960K)->20097K(40960K)
[581.496s][info][gc,heap        ] GC(677) ParOldGen: 524755K(524800K)->525891K(526336K)
[581.496s][info][gc,metaspace   ] GC(677) Metaspace: 43180K(43584K)->43180K(43584K) NonClass: 40371K(40640K)->40371K(40640K) Class: 2808K(2944K)->2808K(2944K)
[581.496s][info][gc             ] GC(677) Pause Young (Allocation Failure) 763M->533M(796M) 21.589ms
[581.496s][info][gc,cpu         ] GC(677) User=0.04s Sys=0.01s Real=0.02s
[582.228s][info][gc,start       ] GC(678) Pause Young (Allocation Failure)
[582.233s][info][gc,heap        ] GC(678) PSYoungGen: 267905K(288768K)->3668K(291840K) Eden: 247808K(247808K)->0K(251904K) From: 20097K(40960K)->3668K(39936K)
[582.233s][info][gc,heap        ] GC(678) ParOldGen: 525891K(526336K)->527323K(527360K)
[582.233s][info][gc,metaspace   ] GC(678) Metaspace: 43195K(43584K)->43195K(43584K) NonClass: 40386K(40640K)->40386K(40640K) Class: 2808K(2944K)->2808K(2944K)
[582.233s][info][gc             ] GC(678) Pause Young (Allocation Failure) 775M->518M(800M) 5.672ms
[582.233s][info][gc,cpu         ] GC(678) User=0.01s Sys=0.00s Real=0.00s
[583.060s][info][gc,start       ] GC(679) Pause Young (Allocation Failure)
[583.066s][info][gc,heap        ] GC(679) PSYoungGen: 255572K(291840K)->4665K(291840K) Eden: 251904K(251904K)->0K(251904K) From: 3668K(39936K)->4665K(39936K)
[583.066s][info][gc,heap        ] GC(679) ParOldGen: 527323K(527360K)->528347K(528384K)
[583.066s][info][gc,metaspace   ] GC(679) Metaspace: 43195K(43584K)->43195K(43584K) NonClass: 40386K(40640K)->40386K(40640K) Class: 2808K(2944K)->2808K(2944K)
[583.066s][info][gc             ] GC(679) Pause Young (Allocation Failure) 764M->520M(801M) 5.706ms
[583.066s][info][gc,cpu         ] GC(679) User=0.02s Sys=0.00s Real=0.00s
[584.014s][info][gc,start       ] GC(680) Pause Young (Allocation Failure)
[584.040s][info][gc,heap        ] GC(680) PSYoungGen: 256569K(291840K)->19586K(293376K) Eden: 251904K(251904K)->0K(254464K) From: 4665K(39936K)->19586K(38912K)
[584.040s][info][gc,heap        ] GC(680) ParOldGen: 528347K(528384K)->532434K(532480K)
[584.040s][info][gc,metaspace   ] GC(680) Metaspace: 43195K(43648K)->43195K(43648K) NonClass: 40387K(40704K)->40387K(40704K) Class: 2808K(2944K)->2808K(2944K)
[584.040s][info][gc             ] GC(680) Pause Young (Allocation Failure) 766M->539M(806M) 26.086ms
[584.041s][info][gc,cpu         ] GC(680) User=0.05s Sys=0.01s Real=0.03s
[585.042s][info][gc,start       ] GC(681) Pause Young (Allocation Failure)
[585.072s][info][gc,heap        ] GC(681) PSYoungGen: 274050K(293376K)->10848K(265728K) Eden: 254464K(254464K)->0K(254464K) From: 19586K(38912K)->10848K(11264K)
[585.072s][info][gc,heap        ] GC(681) ParOldGen: 532434K(532480K)->546298K(546304K)
[585.072s][info][gc,metaspace   ] GC(681) Metaspace: 43196K(43648K)->43196K(43648K) NonClass: 40387K(40704K)->40387K(40704K) Class: 2808K(2944K)->2808K(2944K)
[585.072s][info][gc             ] GC(681) Pause Young (Allocation Failure) 787M->544M(793M) 29.269ms
[585.072s][info][gc,cpu         ] GC(681) User=0.05s Sys=0.01s Real=0.03s
[585.965s][info][gc,start       ] GC(682) Pause Young (Allocation Failure)
[585.988s][info][gc,heap        ] GC(682) PSYoungGen: 265312K(265728K)->15972K(294400K) Eden: 254464K(254464K)->0K(257536K) From: 10848K(11264K)->15972K(36864K)
[585.988s][info][gc,heap        ] GC(682) ParOldGen: 546298K(546304K)->552243K(552448K)
[585.988s][info][gc,metaspace   ] GC(682) Metaspace: 43196K(43648K)->43196K(43648K) NonClass: 40387K(40704K)->40387K(40704K) Class: 2808K(2944K)->2808K(2944K)
[585.988s][info][gc             ] GC(682) Pause Young (Allocation Failure) 792M->554M(827M) 23.298ms
[585.988s][info][gc,cpu         ] GC(682) User=0.04s Sys=0.01s Real=0.03s
[586.914s][info][gc,start       ] GC(683) Pause Young (Allocation Failure)
[586.923s][info][gc,heap        ] GC(683) PSYoungGen: 273508K(294400K)->5051K(292864K) Eden: 257536K(257536K)->0K(257536K) From: 15972K(36864K)->5051K(35328K)
[586.923s][info][gc,heap        ] GC(683) ParOldGen: 552243K(552448K)->553227K(553472K)
[586.923s][info][gc,metaspace   ] GC(683) Metaspace: 43196K(43648K)->43196K(43648K) NonClass: 40387K(40704K)->40387K(40704K) Class: 2808K(2944K)->2808K(2944K)
[586.923s][info][gc             ] GC(683) Pause Young (Allocation Failure) 806M->545M(826M) 8.655ms
[586.923s][info][gc,cpu         ] GC(683) User=0.01s Sys=0.00s Real=0.01s
[587.841s][info][gc,start       ] GC(684) Pause Young (Allocation Failure)
[587.846s][info][gc,heap        ] GC(684) PSYoungGen: 262587K(292864K)->4036K(296960K) Eden: 257536K(257536K)->0K(262144K) From: 5051K(35328K)->4036K(34816K)
[587.846s][info][gc,heap        ] GC(684) ParOldGen: 553227K(553472K)->554299K(554496K)
[587.846s][info][gc,metaspace   ] GC(684) Metaspace: 43196K(43648K)->43196K(43648K) NonClass: 40387K(40704K)->40387K(40704K) Class: 2808K(2944K)->2808K(2944K)
[587.846s][info][gc             ] GC(684) Pause Young (Allocation Failure) 796M->545M(831M) 5.487ms
[587.846s][info][gc,cpu         ] GC(684) User=0.01s Sys=0.00s Real=0.00s
[588.691s][info][gc,start       ] GC(685) Pause Young (Allocation Failure)
[588.739s][info][gc,heap        ] GC(685) PSYoungGen: 266180K(296960K)->34272K(296448K) Eden: 262144K(262144K)->0K(262144K) From: 4036K(34816K)->34272K(34304K)
[588.739s][info][gc,heap        ] GC(685) ParOldGen: 554299K(554496K)->566765K(566784K)
[588.740s][info][gc,metaspace   ] GC(685) Metaspace: 43196K(43648K)->43196K(43648K) NonClass: 40387K(40704K)->40387K(40704K) Class: 2808K(2944K)->2808K(2944K)
[588.740s][info][gc             ] GC(685) Pause Young (Allocation Failure) 801M->586M(843M) 48.365ms
[588.740s][info][gc,cpu         ] GC(685) User=0.08s Sys=0.01s Real=0.05s
[590.036s][info][gc,start       ] GC(686) Pause Young (Allocation Failure)
[590.077s][info][gc,heap        ] GC(686) PSYoungGen: 296416K(296448K)->22076K(283136K) Eden: 262144K(262144K)->0K(245760K) From: 34272K(34304K)->22076K(37376K)
[590.077s][info][gc,heap        ] GC(686) ParOldGen: 566765K(566784K)->578014K(578048K)
[590.077s][info][gc,metaspace   ] GC(686) Metaspace: 43196K(43648K)->43196K(43648K) NonClass: 40387K(40704K)->40387K(40704K) Class: 2808K(2944K)->2808K(2944K)
[590.077s][info][gc             ] GC(686) Pause Young (Allocation Failure) 842M->586M(841M) 40.815ms
[590.077s][info][gc,cpu         ] GC(686) User=0.07s Sys=0.01s Real=0.04s
[590.887s][info][gc,start       ] GC(687) Pause Young (Allocation Failure)
[590.912s][info][gc,heap        ] GC(687) PSYoungGen: 267836K(283136K)->4611K(289792K) Eden: 245760K(245760K)->0K(245760K) From: 22076K(37376K)->4611K(44032K)
[590.912s][info][gc,heap        ] GC(687) ParOldGen: 578014K(578048K)->594073K(594432K)
[590.912s][info][gc,metaspace   ] GC(687) Metaspace: 43196K(43648K)->43196K(43648K) NonClass: 40387K(40704K)->40387K(40704K) Class: 2808K(2944K)->2808K(2944K)
[590.912s][info][gc             ] GC(687) Pause Young (Allocation Failure) 826M->584M(863M) 25.200ms
[590.912s][info][gc,cpu         ] GC(687) User=0.04s Sys=0.02s Real=0.03s
[591.686s][info][gc,start       ] GC(688) Pause Young (Allocation Failure)
[591.706s][info][gc,heap        ] GC(688) PSYoungGen: 250371K(289792K)->29400K(285184K) Eden: 245760K(245760K)->0K(241664K) From: 4611K(44032K)->29400K(43520K)
[591.706s][info][gc,heap        ] GC(688) ParOldGen: 594073K(594432K)->595001K(595456K)
[591.706s][info][gc,metaspace   ] GC(688) Metaspace: 43196K(43648K)->43196K(43648K) NonClass: 40387K(40704K)->40387K(40704K) Class: 2808K(2944K)->2808K(2944K)
[591.706s][info][gc             ] GC(688) Pause Young (Allocation Failure) 824M->609M(860M) 19.926ms
[591.706s][info][gc,cpu         ] GC(688) User=0.03s Sys=0.01s Real=0.02s
[592.443s][info][gc,start       ] GC(689) Pause Young (Allocation Failure)
[592.460s][info][gc,heap        ] GC(689) PSYoungGen: 271064K(285184K)->9117K(287744K) Eden: 241664K(241664K)->0K(241664K) From: 29400K(43520K)->9117K(46080K)
[592.460s][info][gc,heap        ] GC(689) ParOldGen: 595001K(595456K)->605053K(605184K)
[592.460s][info][gc,metaspace   ] GC(689) Metaspace: 43196K(43648K)->43196K(43648K) NonClass: 40387K(40704K)->40387K(40704K) Class: 2808K(2944K)->2808K(2944K)
[592.460s][info][gc             ] GC(689) Pause Young (Allocation Failure) 845M->599M(872M) 16.553ms
[592.460s][info][gc,cpu         ] GC(689) User=0.02s Sys=0.01s Real=0.02s
[593.241s][info][gc,start       ] GC(690) Pause Young (Allocation Failure)
[593.251s][info][gc,heap        ] GC(690) PSYoungGen: 250781K(287744K)->11066K(282624K) Eden: 241664K(241664K)->0K(243200K) From: 9117K(46080K)->11066K(39424K)
[593.251s][info][gc,heap        ] GC(690) ParOldGen: 605053K(605184K)->605476K(605696K)
[593.251s][info][gc,metaspace   ] GC(690) Metaspace: 43196K(43648K)->43196K(43648K) NonClass: 40387K(40704K)->40387K(40704K) Class: 2808K(2944K)->2808K(2944K)
[593.251s][info][gc             ] GC(690) Pause Young (Allocation Failure) 835M->602M(867M) 9.795ms
[593.251s][info][gc,cpu         ] GC(690) User=0.02s Sys=0.00s Real=0.01s
[594.044s][info][gc,start       ] GC(691) Pause Young (Allocation Failure)
[594.053s][info][gc,heap        ] GC(691) PSYoungGen: 254266K(282624K)->8229K(285696K) Eden: 243200K(243200K)->0K(243200K) From: 11066K(39424K)->8229K(42496K)
[594.053s][info][gc,heap        ] GC(691) ParOldGen: 605476K(605696K)->606310K(606720K)
[594.053s][info][gc,metaspace   ] GC(691) Metaspace: 43196K(43648K)->43196K(43648K) NonClass: 40387K(40704K)->40387K(40704K) Class: 2808K(2944K)->2808K(2944K)
[594.053s][info][gc             ] GC(691) Pause Young (Allocation Failure) 839M->600M(871M) 8.907ms
[594.053s][info][gc,cpu         ] GC(691) User=0.02s Sys=0.00s Real=0.01s
[594.874s][info][gc,start       ] GC(692) Pause Young (Allocation Failure)
[594.919s][info][gc,heap        ] GC(692) PSYoungGen: 251429K(285696K)->40942K(266240K) Eden: 243200K(243200K)->0K(225280K) From: 8229K(42496K)->40942K(40960K)
[594.919s][info][gc,heap        ] GC(692) ParOldGen: 606310K(606720K)->622751K(623104K)
[594.919s][info][gc,metaspace   ] GC(692) Metaspace: 43196K(43648K)->43196K(43648K) NonClass: 40387K(40704K)->40387K(40704K) Class: 2808K(2944K)->2808K(2944K)
[594.919s][info][gc             ] GC(692) Pause Young (Allocation Failure) 837M->648M(868M) 44.886ms
[594.919s][info][gc,cpu         ] GC(692) User=0.07s Sys=0.02s Real=0.05s
[595.686s][info][gc,start       ] GC(693) Pause Young (Allocation Failure)
[595.811s][info][gc,promotion   ] GC(693) Promotion failed
[595.811s][info][gc,heap        ] GC(693) PSYoungGen: 266222K(266240K)->266222K(266240K) Eden: 225280K(225280K)->225280K(225280K) From: 40942K(40960K)->40942K(40960K)
[595.811s][info][gc,heap        ] GC(693) ParOldGen: 622751K(623104K)->667643K(667648K)
[595.811s][info][gc,metaspace   ] GC(693) Metaspace: 43196K(43648K)->43196K(43648K) NonClass: 40387K(40704K)->40387K(40704K) Class: 2808K(2944K)->2808K(2944K)
[595.811s][info][gc             ] GC(693) Pause Young (Allocation Failure) 868M->911M(912M) 124.414ms
[595.811s][info][gc,cpu         ] GC(693) User=0.18s Sys=0.05s Real=0.13s
[595.811s][info][gc,start       ] GC(694) Pause Full (Allocation Failure)
[595.811s][info][gc,phases,start] GC(694) Marking Phase
[595.871s][info][gc,phases      ] GC(694) Marking Phase 59.651ms
[595.871s][info][gc,phases,start] GC(694) Summary Phase
[595.871s][info][gc,phases      ] GC(694) Summary Phase 0.033ms
[595.871s][info][gc,phases,start] GC(694) Forward
[595.882s][info][gc,phases      ] GC(694) Forward 11.293ms
[595.882s][info][gc,phases,start] GC(694) Adjust Pointers
[595.917s][info][gc,phases      ] GC(694) Adjust Pointers 35.409ms
[595.917s][info][gc,phases,start] GC(694) Compaction Phase
[595.931s][info][gc,phases      ] GC(694) Compaction Phase 13.958ms
[595.932s][info][gc,phases,start] GC(694) Post Compact
[595.935s][info][gc,phases      ] GC(694) Post Compact 3.011ms
[595.971s][info][gc,heap        ] GC(694) PSYoungGen: 266222K(266240K)->0K(279552K) Eden: 225280K(225280K)->0K(225280K) From: 40942K(40960K)->0K(54272K)
[595.971s][info][gc,heap        ] GC(694) ParOldGen: 667643K(667648K)->86767K(222720K)
[595.971s][info][gc,metaspace   ] GC(694) Metaspace: 43196K(43648K)->43196K(43648K) NonClass: 40387K(40704K)->40387K(40704K) Class: 2808K(2944K)->2808K(2944K)
[595.971s][info][gc             ] GC(694) Pause Full (Allocation Failure) 911M->84M(490M) 160.425ms
[595.971s][info][gc,cpu         ] GC(694) User=0.20s Sys=0.03s Real=0.16s
[596.716s][info][gc,start       ] GC(695) Pause Young (Allocation Failure)
[596.731s][info][gc,heap        ] GC(695) PSYoungGen: 225280K(279552K)->21854K(274432K) Eden: 225280K(225280K)->0K(225280K) From: 0K(54272K)->21854K(49152K)
[596.731s][info][gc,heap        ] GC(695) ParOldGen: 86767K(222720K)->86767K(222720K)
[596.731s][info][gc,metaspace   ] GC(695) Metaspace: 43196K(43648K)->43196K(43648K) NonClass: 40387K(40704K)->40387K(40704K) Class: 2808K(2944K)->2808K(2944K)
[596.731s][info][gc             ] GC(695) Pause Young (Allocation Failure) 304M->106M(485M) 15.333ms
[596.731s][info][gc,cpu         ] GC(695) User=0.03s Sys=0.00s Real=0.02s
[597.489s][info][gc,start       ] GC(696) Pause Young (Allocation Failure)
[597.518s][info][gc,heap        ] GC(696) PSYoungGen: 247134K(274432K)->32097K(276992K) Eden: 225280K(225280K)->0K(225280K) From: 21854K(49152K)->32097K(51712K)
[597.518s][info][gc,heap        ] GC(696) ParOldGen: 86767K(222720K)->104141K(222720K)
[597.518s][info][gc,metaspace   ] GC(696) Metaspace: 43196K(43648K)->43196K(43648K) NonClass: 40387K(40704K)->40387K(40704K) Class: 2808K(2944K)->2808K(2944K)
[597.519s][info][gc             ] GC(696) Pause Young (Allocation Failure) 326M->133M(488M) 29.405ms
[597.519s][info][gc,cpu         ] GC(696) User=0.06s Sys=0.00s Real=0.03s
[598.233s][info][gc,start       ] GC(697) Pause Young (Allocation Failure)
[598.239s][info][gc,heap        ] GC(697) PSYoungGen: 257377K(276992K)->6191K(281088K) Eden: 225280K(225280K)->0K(228352K) From: 32097K(51712K)->6191K(52736K)
[598.239s][info][gc,heap        ] GC(697) ParOldGen: 104141K(222720K)->105104K(222720K)
[598.239s][info][gc,metaspace   ] GC(697) Metaspace: 43196K(43648K)->43196K(43648K) NonClass: 40387K(40704K)->40387K(40704K) Class: 2808K(2944K)->2808K(2944K)
[598.239s][info][gc             ] GC(697) Pause Young (Allocation Failure) 353M->108M(492M) 5.608ms
[598.239s][info][gc,cpu         ] GC(697) User=0.00s Sys=0.00s Real=0.01s
[598.978s][info][gc,start       ] GC(698) Pause Young (Allocation Failure)
[598.995s][info][gc,heap        ] GC(698) PSYoungGen: 234543K(281088K)->25995K(280576K) Eden: 228352K(228352K)->0K(228352K) From: 6191K(52736K)->25995K(52224K)
[598.995s][info][gc,heap        ] GC(698) ParOldGen: 105104K(222720K)->105976K(222720K)
[598.995s][info][gc,metaspace   ] GC(698) Metaspace: 43196K(43648K)->43196K(43648K) NonClass: 40387K(40704K)->40387K(40704K) Class: 2808K(2944K)->2808K(2944K)
[598.995s][info][gc             ] GC(698) Pause Young (Allocation Failure) 331M->128M(491M) 16.756ms
[598.995s][info][gc,cpu         ] GC(698) User=0.03s Sys=0.00s Real=0.01s
[599.711s][info][gc,start       ] GC(699) Pause Young (Allocation Failure)
[599.719s][info][gc,heap        ] GC(699) PSYoungGen: 254347K(280576K)->13581K(278528K) Eden: 228352K(228352K)->0K(229888K) From: 25995K(52224K)->13581K(48640K)
[599.719s][info][gc,heap        ] GC(699) ParOldGen: 105976K(222720K)->106635K(222720K)
[599.719s][info][gc,metaspace   ] GC(699) Metaspace: 43196K(43648K)->43196K(43648K) NonClass: 40387K(40704K)->40387K(40704K) Class: 2808K(2944K)->2808K(2944K)
[599.719s][info][gc             ] GC(699) Pause Young (Allocation Failure) 351M->117M(489M) 8.151ms
[599.719s][info][gc,cpu         ] GC(699) User=0.02s Sys=0.00s Real=0.01s
[600.345s][info][gc,start       ] GC(700) Pause Young (Allocation Failure)
[600.358s][info][gc,heap        ] GC(700) PSYoungGen: 243469K(278528K)->9679K(279552K) Eden: 229888K(229888K)->0K(229888K) From: 13581K(48640K)->9679K(49664K)
[600.358s][info][gc,heap        ] GC(700) ParOldGen: 106635K(222720K)->120123K(222720K)
[600.358s][info][gc,metaspace   ] GC(700) Metaspace: 43196K(43648K)->43196K(43648K) NonClass: 40387K(40704K)->40387K(40704K) Class: 2808K(2944K)->2808K(2944K)
[600.358s][info][gc             ] GC(700) Pause Young (Allocation Failure) 341M->126M(490M) 12.893ms
[600.358s][info][gc,cpu         ] GC(700) User=0.03s Sys=0.00s Real=0.02s
[601.003s][info][gc,start       ] GC(701) Pause Young (Allocation Failure)
[601.009s][info][gc,heap        ] GC(701) PSYoungGen: 239567K(279552K)->1016K(283648K) Eden: 229888K(229888K)->0K(235520K) From: 9679K(49664K)->1016K(48128K)
[601.009s][info][gc,heap        ] GC(701) ParOldGen: 120123K(222720K)->128366K(222720K)
[601.009s][info][gc,metaspace   ] GC(701) Metaspace: 43196K(43648K)->43196K(43648K) NonClass: 40387K(40704K)->40387K(40704K) Class: 2808K(2944K)->2808K(2944K)
[601.009s][info][gc             ] GC(701) Pause Young (Allocation Failure) 351M->126M(494M) 5.672ms
[601.009s][info][gc,cpu         ] GC(701) User=0.01s Sys=0.00s Real=0.01s
[601.504s][info][gc,start       ] GC(702) Pause Young (Allocation Failure)
[601.509s][info][gc,heap        ] GC(702) PSYoungGen: 236536K(283648K)->5308K(283648K) Eden: 235520K(235520K)->0K(235520K) From: 1016K(48128K)->5308K(48128K)
[601.509s][info][gc,heap        ] GC(702) ParOldGen: 128366K(222720K)->128454K(222720K)
[601.509s][info][gc,metaspace   ] GC(702) Metaspace: 43196K(43648K)->43196K(43648K) NonClass: 40387K(40704K)->40387K(40704K) Class: 2808K(2944K)->2808K(2944K)
[601.509s][info][gc             ] GC(702) Pause Young (Allocation Failure) 356M->130M(494M) 4.934ms
[601.509s][info][gc,cpu         ] GC(702) User=0.01s Sys=0.00s Real=0.01s
[601.889s][info][gc,start       ] GC(703) Pause Young (Allocation Failure)
[601.893s][info][gc,heap        ] GC(703) PSYoungGen: 240828K(283648K)->3150K(284672K) Eden: 235520K(235520K)->0K(238592K) From: 5308K(48128K)->3150K(46080K)
[601.893s][info][gc,heap        ] GC(703) ParOldGen: 128454K(222720K)->130293K(222720K)
[601.893s][info][gc,metaspace   ] GC(703) Metaspace: 43196K(43648K)->43196K(43648K) NonClass: 40387K(40704K)->40387K(40704K) Class: 2808K(2944K)->2808K(2944K)
[601.893s][info][gc             ] GC(703) Pause Young (Allocation Failure) 360M->130M(495M) 4.086ms
[601.893s][info][gc,cpu         ] GC(703) User=0.01s Sys=0.00s Real=0.00s
[602.288s][info][gc,start       ] GC(704) Pause Young (Allocation Failure)
[602.296s][info][gc,heap        ] GC(704) PSYoungGen: 240849K(284672K)->10682K(284672K) Eden: 237698K(238592K)->0K(238592K) From: 3150K(46080K)->10682K(46080K)
[602.296s][info][gc,heap        ] GC(704) ParOldGen: 130293K(222720K)->130561K(222720K)
[602.296s][info][gc,metaspace   ] GC(704) Metaspace: 43196K(43648K)->43196K(43648K) NonClass: 40387K(40704K)->40387K(40704K) Class: 2808K(2944K)->2808K(2944K)
[602.296s][info][gc             ] GC(704) Pause Young (Allocation Failure) 362M->137M(495M) 7.469ms
[602.296s][info][gc,cpu         ] GC(704) User=0.02s Sys=0.00s Real=0.00s
[602.596s][info][gc,start       ] GC(705) Pause Young (Allocation Failure)
[602.604s][info][gc,heap        ] GC(705) PSYoungGen: 249274K(284672K)->2213K(286208K) Eden: 238592K(238592K)->0K(242688K) From: 10682K(46080K)->2213K(43520K)
[602.604s][info][gc,heap        ] GC(705) ParOldGen: 130561K(222720K)->140951K(222720K)
[602.604s][info][gc,metaspace   ] GC(705) Metaspace: 43196K(43648K)->43196K(43648K) NonClass: 40387K(40704K)->40387K(40704K) Class: 2808K(2944K)->2808K(2944K)
[602.604s][info][gc             ] GC(705) Pause Young (Allocation Failure) 370M->139M(497M) 8.114ms
[602.604s][info][gc,cpu         ] GC(705) User=0.02s Sys=0.00s Real=0.01s
[602.921s][info][gc,start       ] GC(706) Pause Young (Allocation Failure)
[602.930s][info][gc,heap        ] GC(706) PSYoungGen: 244901K(286208K)->4212K(285184K) Eden: 242688K(242688K)->0K(242688K) From: 2213K(43520K)->4212K(42496K)
[602.930s][info][gc,heap        ] GC(706) ParOldGen: 140951K(222720K)->143100K(222720K)
[602.930s][info][gc,metaspace   ] GC(706) Metaspace: 43196K(43648K)->43196K(43648K) NonClass: 40387K(40704K)->40387K(40704K) Class: 2808K(2944K)->2808K(2944K)
[602.930s][info][gc             ] GC(706) Pause Young (Allocation Failure) 376M->143M(496M) 9.174ms
[602.930s][info][gc,cpu         ] GC(706) User=0.01s Sys=0.00s Real=0.01s
[603.249s][info][gc,start       ] GC(707) Pause Young (Allocation Failure)
[603.259s][info][gc,heap        ] GC(707) PSYoungGen: 246900K(285184K)->4435K(289792K) Eden: 242688K(242688K)->0K(249344K) From: 4212K(42496K)->4435K(40448K)
[603.259s][info][gc,heap        ] GC(707) ParOldGen: 143100K(222720K)->147274K(222720K)
[603.259s][info][gc,metaspace   ] GC(707) Metaspace: 43196K(43648K)->43196K(43648K) NonClass: 40387K(40704K)->40387K(40704K) Class: 2808K(2944K)->2808K(2944K)
[603.259s][info][gc             ] GC(707) Pause Young (Allocation Failure) 380M->148M(500M) 9.714ms
[603.259s][info][gc,cpu         ] GC(707) User=0.01s Sys=0.00s Real=0.01s
[603.592s][info][gc,start       ] GC(708) Pause Young (Allocation Failure)
[603.602s][info][gc,heap        ] GC(708) PSYoungGen: 253779K(289792K)->6118K(288768K) Eden: 249344K(249344K)->0K(249344K) From: 4435K(40448K)->6118K(39424K)
[603.602s][info][gc,heap        ] GC(708) ParOldGen: 147274K(222720K)->151657K(222720K)
[603.602s][info][gc,metaspace   ] GC(708) Metaspace: 43196K(43648K)->43196K(43648K) NonClass: 40387K(40704K)->40387K(40704K) Class: 2808K(2944K)->2808K(2944K)
[603.603s][info][gc             ] GC(708) Pause Young (Allocation Failure) 391M->154M(499M) 10.273ms
[603.603s][info][gc,cpu         ] GC(708) User=0.02s Sys=0.00s Real=0.01s
[603.937s][info][gc,start       ] GC(709) Pause Young (Allocation Failure)
[603.949s][info][gc,heap        ] GC(709) PSYoungGen: 254130K(288768K)->5775K(292352K) Eden: 248011K(249344K)->0K(256000K) From: 6118K(39424K)->5775K(36352K)
[603.949s][info][gc,heap        ] GC(709) ParOldGen: 151657K(222720K)->157891K(222720K)
[603.949s][info][gc,metaspace   ] GC(709) Metaspace: 43196K(43648K)->43196K(43648K) NonClass: 40387K(40704K)->40387K(40704K) Class: 2808K(2944K)->2808K(2944K)
[603.949s][info][gc             ] GC(709) Pause Young (Allocation Failure) 396M->159M(503M) 11.920ms
[603.949s][info][gc,cpu         ] GC(709) User=0.03s Sys=0.00s Real=0.02s
[604.445s][info][gc,start       ] GC(710) Pause Young (Allocation Failure)
[604.462s][info][gc,heap        ] GC(710) PSYoungGen: 261775K(292352K)->15501K(291328K) Eden: 256000K(256000K)->0K(256000K) From: 5775K(36352K)->15501K(35328K)
[604.462s][info][gc,heap        ] GC(710) ParOldGen: 157891K(222720K)->163461K(222720K)
[604.462s][info][gc,metaspace   ] GC(710) Metaspace: 43196K(43648K)->43196K(43648K) NonClass: 40387K(40704K)->40387K(40704K) Class: 2808K(2944K)->2808K(2944K)
[604.462s][info][gc             ] GC(710) Pause Young (Allocation Failure) 409M->174M(502M) 17.584ms
[604.462s][info][gc,cpu         ] GC(710) User=0.04s Sys=0.00s Real=0.02s
[605.026s][info][gc,start       ] GC(711) Pause Young (Allocation Failure)
[605.040s][info][gc,heap        ] GC(711) PSYoungGen: 271501K(291328K)->3754K(297472K) Eden: 256000K(256000K)->0K(263168K) From: 15501K(35328K)->3754K(34304K)
[605.040s][info][gc,heap        ] GC(711) ParOldGen: 163461K(222720K)->178797K(222720K)
[605.040s][info][gc,metaspace   ] GC(711) Metaspace: 43206K(43648K)->43206K(43648K) NonClass: 40397K(40704K)->40397K(40704K) Class: 2808K(2944K)->2808K(2944K)
[605.040s][info][gc             ] GC(711) Pause Young (Allocation Failure) 424M->178M(508M) 14.702ms
[605.040s][info][gc,cpu         ] GC(711) User=0.03s Sys=0.00s Real=0.02s
[605.608s][info][gc,start       ] GC(712) Pause Young (Allocation Failure)
[605.612s][info][gc,heap        ] GC(712) PSYoungGen: 266922K(297472K)->3985K(296960K) Eden: 263168K(263168K)->0K(263168K) From: 3754K(34304K)->3985K(33792K)
[605.613s][info][gc,heap        ] GC(712) ParOldGen: 178797K(222720K)->179492K(222720K)
[605.613s][info][gc,metaspace   ] GC(712) Metaspace: 43206K(43648K)->43206K(43648K) NonClass: 40397K(40704K)->40397K(40704K) Class: 2808K(2944K)->2808K(2944K)
[605.613s][info][gc             ] GC(712) Pause Young (Allocation Failure) 435M->179M(507M) 4.589ms
[605.613s][info][gc,cpu         ] GC(712) User=0.00s Sys=0.00s Real=0.00s
[606.180s][info][gc,start       ] GC(713) Pause Young (Allocation Failure)
[606.184s][info][gc,heap        ] GC(713) PSYoungGen: 267153K(296960K)->4164K(299008K) Eden: 263168K(263168K)->0K(266752K) From: 3985K(33792K)->4164K(32256K)
[606.184s][info][gc,heap        ] GC(713) ParOldGen: 179492K(222720K)->179508K(222720K)
[606.184s][info][gc,metaspace   ] GC(713) Metaspace: 43206K(43648K)->43206K(43648K) NonClass: 40397K(40704K)->40397K(40704K) Class: 2808K(2944K)->2808K(2944K)
[606.184s][info][gc             ] GC(713) Pause Young (Allocation Failure) 436M->179M(509M) 4.243ms
[606.184s][info][gc,cpu         ] GC(713) User=0.01s Sys=0.00s Real=0.00s
[606.812s][info][gc,start       ] GC(714) Pause Young (Allocation Failure)
[606.816s][info][gc,heap        ] GC(714) PSYoungGen: 270916K(299008K)->4601K(297984K) Eden: 266752K(266752K)->0K(266752K) From: 4164K(32256K)->4601K(31232K)
[606.816s][info][gc,heap        ] GC(714) ParOldGen: 179508K(222720K)->179564K(222720K)
[606.816s][info][gc,metaspace   ] GC(714) Metaspace: 43206K(43648K)->43206K(43648K) NonClass: 40397K(40704K)->40397K(40704K) Class: 2808K(2944K)->2808K(2944K)
[606.816s][info][gc             ] GC(714) Pause Young (Allocation Failure) 439M->179M(508M) 3.500ms
[606.816s][info][gc,cpu         ] GC(714) User=0.00s Sys=0.00s Real=0.00s
[607.414s][info][gc,start       ] GC(715) Pause Young (Allocation Failure)
[607.417s][info][gc,heap        ] GC(715) PSYoungGen: 271353K(297984K)->3893K(301056K) Eden: 266752K(266752K)->0K(271872K) From: 4601K(31232K)->3893K(29184K)
[607.417s][info][gc,heap        ] GC(715) ParOldGen: 179564K(222720K)->181209K(222720K)
[607.417s][info][gc,metaspace   ] GC(715) Metaspace: 43207K(43648K)->43207K(43648K) NonClass: 40398K(40704K)->40398K(40704K) Class: 2808K(2944K)->2808K(2944K)
[607.417s][info][gc             ] GC(715) Pause Young (Allocation Failure) 440M->180M(511M) 3.650ms
[607.417s][info][gc,cpu         ] GC(715) User=0.01s Sys=0.00s Real=0.00s
[608.774s][info][gc,start       ] GC(716) Pause Young (Allocation Failure)
[608.786s][info][gc,heap        ] GC(716) PSYoungGen: 275765K(301056K)->13276K(300032K) Eden: 271872K(271872K)->0K(271872K) From: 3893K(29184K)->13276K(28160K)
[608.786s][info][gc,heap        ] GC(716) ParOldGen: 181209K(222720K)->181345K(222720K)
[608.786s][info][gc,metaspace   ] GC(716) Metaspace: 43213K(43648K)->43213K(43648K) NonClass: 40405K(40704K)->40405K(40704K) Class: 2808K(2944K)->2808K(2944K)
[608.786s][info][gc             ] GC(716) Pause Young (Allocation Failure) 446M->190M(510M) 11.798ms
[608.786s][info][gc,cpu         ] GC(716) User=0.02s Sys=0.00s Real=0.01s
[609.392s][info][gc,start       ] GC(717) Pause Young (Allocation Failure)
[609.433s][info][gc,heap        ] GC(717) PSYoungGen: 285148K(300032K)->28140K(283136K) Eden: 271872K(271872K)->0K(254976K) From: 13276K(28160K)->28140K(28160K)
[609.433s][info][gc,heap        ] GC(717) ParOldGen: 181345K(222720K)->197213K(222720K)
[609.433s][info][gc,metaspace   ] GC(717) Metaspace: 43213K(43648K)->43213K(43648K) NonClass: 40405K(40704K)->40405K(40704K) Class: 2808K(2944K)->2808K(2944K)
[609.433s][info][gc             ] GC(717) Pause Young (Allocation Failure) 455M->220M(494M) 41.796ms
[609.433s][info][gc,cpu         ] GC(717) User=0.08s Sys=0.01s Real=0.04s
[610.007s][info][gc,start       ] GC(718) Pause Young (Allocation Failure)
[610.063s][info][gc,heap        ] GC(718) PSYoungGen: 283116K(283136K)->28856K(284160K) Eden: 254976K(254976K)->0K(254976K) From: 28140K(28160K)->28856K(29184K)
[610.063s][info][gc,heap        ] GC(718) ParOldGen: 197213K(222720K)->224696K(224768K)
[610.063s][info][gc,metaspace   ] GC(718) Metaspace: 43213K(43648K)->43213K(43648K) NonClass: 40405K(40704K)->40405K(40704K) Class: 2808K(2944K)->2808K(2944K)
[610.063s][info][gc             ] GC(718) Pause Young (Allocation Failure) 469M->247M(497M) 55.758ms
[610.063s][info][gc,cpu         ] GC(718) User=0.11s Sys=0.00s Real=0.06s
[610.684s][info][gc,start       ] GC(719) Pause Young (Allocation Failure)
[610.749s][info][gc,heap        ] GC(719) PSYoungGen: 283832K(284160K)->28846K(285696K) Eden: 254976K(254976K)->0K(242688K) From: 28856K(29184K)->28846K(43008K)
[610.749s][info][gc,heap        ] GC(719) ParOldGen: 224696K(224768K)->251753K(251904K)
[610.749s][info][gc,metaspace   ] GC(719) Metaspace: 43213K(43648K)->43213K(43648K) NonClass: 40405K(40704K)->40405K(40704K) Class: 2808K(2944K)->2808K(2944K)
[610.750s][info][gc             ] GC(719) Pause Young (Allocation Failure) 496M->274M(525M) 65.752ms
[610.750s][info][gc,cpu         ] GC(719) User=0.11s Sys=0.03s Real=0.07s
[611.873s][info][gc,heap,exit   ] Heap
[611.873s][info][gc,heap,exit   ]  PSYoungGen      total 285696K, used 99949K [0x00000000eba00000, 0x0000000100000000, 0x0000000100000000)
[611.873s][info][gc,heap,exit   ]   eden space 242688K, 29% used [0x00000000eba00000,0x00000000eff6fe60,0x00000000fa700000)
[611.873s][info][gc,heap,exit   ]   from space 43008K, 67% used [0x00000000fd600000,0x00000000ff22b888,0x0000000100000000)
[611.873s][info][gc,heap,exit   ]   to   space 45568K, 0% used [0x00000000fa700000,0x00000000fa700000,0x00000000fd380000)
[611.873s][info][gc,heap,exit   ]  ParOldGen       total 251904K, used 251753K [0x00000000c2e00000, 0x00000000d2400000, 0x00000000eba00000)
[611.873s][info][gc,heap,exit   ]   object space 251904K, 99% used [0x00000000c2e00000,0x00000000d23da6c0,0x00000000d2400000)
[611.873s][info][gc,heap,exit   ]  Metaspace       used 43338K, committed 43712K, reserved 1114112K
[611.873s][info][gc,heap,exit   ]   class space    used 2823K, committed 2944K, reserved 1048576K
