[0.003s][info][metaspace]  - commit_granule_bytes: 65536.
[0.003s][info][metaspace]  - commit_granule_words: 8192.
[0.003s][info][metaspace]  - virtual_space_node_default_size: 8388608.
[0.003s][info][metaspace]  - enlarge_chunks_in_place: 1.
[0.005s][info][gc,init  ] CardTable entry size: 512
[0.005s][info][gc       ] Using Parallel
[0.006s][info][gc,init  ] Version: 24-internal-adhoc.root.jdk (release)
[0.006s][info][gc,init  ] CPUs: 2 total, 2 available
[0.006s][info][gc,init  ] Memory: 3908M
[0.006s][info][gc,init  ] Large Page Support: Disabled
[0.006s][info][gc,init  ] NUMA Support: Disabled
[0.006s][info][gc,init  ] Compressed Oops: Enabled (32-bit)
[0.006s][info][gc,init  ] Alignments: Space 512K, Generation 512K, Heap 2M
[0.006s][info][gc,init  ] Heap Min Capacity: 256M
[0.006s][info][gc,init  ] Heap Initial Capacity: 256M
[0.006s][info][gc,init  ] Heap Max Capacity: 978M
[0.006s][info][gc,init  ] Pre-touch: Disabled
[0.006s][info][gc,init  ] Parallel Workers: 2
[0.023s][info][gc,metaspace] CDS archive(s) mapped at: [0x00007fa572000000-0x00007fa572dc0000-0x00007fa572dc0000), size 14417920, SharedBaseAddress: 0x00007fa572000000, ArchiveRelocationMode: 1.
[0.024s][info][gc,metaspace] Compressed class space mapped at: 0x00007fa573000000-0x00007fa5b3000000, reserved size: 1073741824
[0.024s][info][gc,metaspace] UseCompressedClassPointers 1, UseCompactObjectHeaders 0
[0.024s][info][gc,metaspace] Narrow klass pointer bits 32, Max shift 3
[0.024s][info][gc,metaspace] Narrow klass base: 0x00007fa572000000, Narrow klass shift: 0
[0.024s][info][gc,metaspace] Encoding Range: [0x00007fa572000000 - 0x00007fa672000000), (4294967296 bytes)
[0.024s][info][gc,metaspace] Klass Range:    [0x00007fa572000000 - 0x00007fa5b3000000), (1090519040 bytes)
[0.024s][info][gc,metaspace] Klass ID Range:  [8 - 1090519033) (1090519025)
[1.696s][info][gc,start    ] GC(0) Pause Young (Allocation Failure)
[1.711s][info][gc,heap     ] GC(0) PSYoungGen: 65536K(76288K)->8400K(76288K) Eden: 65536K(65536K)->0K(65536K) From: 0K(10752K)->8400K(10752K)
[1.711s][info][gc,heap     ] GC(0) ParOldGen: 1157K(175104K)->1245K(175104K)
[1.711s][info][gc,metaspace] GC(0) Metaspace: 19801K(19968K)->19801K(19968K) NonClass: 17934K(18048K)->17934K(18048K) Class: 1867K(1920K)->1867K(1920K)
[1.711s][info][gc          ] GC(0) Pause Young (Allocation Failure) 65M->9M(245M) 15.215ms
[1.711s][info][gc,cpu      ] GC(0) User=0.02s Sys=0.01s Real=0.01s
[2.152s][info][metaspace   ] ChkMgr @0x00007fa5d003aa80 (non-class-space): failed to commit 150 words on chunk @0x00007fa5d0694080, f, base 0x00007fa569360000, level lv10.
[2.152s][info][metaspace   ] Arena @0x00007fa5d0113b10 (non-class arena): failed to allocate new chunk for requested word size 150.
[2.152s][info][metaspace   ] Arena @0x00007fa5d0113b10 (non-class arena): allocation failed, returned null.
[2.153s][info][metaspace   ] ChkMgr @0x00007fa5d003aa80 (non-class-space): failed to commit 150 words on chunk @0x00007fa5d0694080, f, base 0x00007fa569360000, level lv10.
[2.153s][info][metaspace   ] Arena @0x00007fa5d0113b10 (non-class arena): failed to allocate new chunk for requested word size 150.
[2.153s][info][metaspace   ] Arena @0x00007fa5d0113b10 (non-class arena): allocation failed, returned null.
[2.153s][info][metaspace   ] ChkMgr @0x00007fa5d003aa80 (non-class-space): failed to commit 150 words on chunk @0x00007fa5d0694080, f, base 0x00007fa569360000, level lv10.
[2.153s][info][metaspace   ] Arena @0x00007fa5d0113b10 (non-class arena): failed to allocate new chunk for requested word size 150.
[2.153s][info][metaspace   ] Arena @0x00007fa5d0113b10 (non-class arena): allocation failed, returned null.
[2.153s][info][gc,start    ] GC(1) Pause Full (Metadata GC Threshold)
[2.153s][info][gc,phases,start] GC(1) Marking Phase
[2.169s][info][gc,phases      ] GC(1) Marking Phase 15.884ms
[2.169s][info][gc,phases,start] GC(1) Summary Phase
[2.169s][info][gc,phases      ] GC(1) Summary Phase 0.013ms
[2.169s][info][gc,phases,start] GC(1) Forward
[2.170s][info][gc,phases      ] GC(1) Forward 1.640ms
[2.170s][info][gc,phases,start] GC(1) Adjust Pointers
[2.178s][info][gc,phases      ] GC(1) Adjust Pointers 7.784ms
[2.178s][info][gc,phases,start] GC(1) Compaction Phase
[2.187s][info][gc,phases      ] GC(1) Compaction Phase 8.827ms
[2.187s][info][gc,phases,start] GC(1) Post Compact
[2.189s][info][gc,phases      ] GC(1) Post Compact 1.643ms
[2.189s][info][gc,heap        ] GC(1) PSYoungGen: 28407K(76288K)->0K(76288K) Eden: 20007K(65536K)->0K(65536K) From: 8400K(10752K)->0K(10752K)
[2.189s][info][gc,heap        ] GC(1) ParOldGen: 1245K(175104K)->8759K(175104K)
[2.189s][info][gc,metaspace   ] GC(1) Metaspace: 21396K(21504K)->21396K(21504K) NonClass: 19391K(19456K)->19391K(19456K) Class: 2005K(2048K)->2005K(2048K)
[2.189s][info][gc             ] GC(1) Pause Full (Metadata GC Threshold) 28M->8M(245M) 36.240ms
[2.189s][info][gc,cpu         ] GC(1) User=0.06s Sys=0.01s Real=0.03s
[3.223s][info][gc,start       ] GC(2) Pause Young (Allocation Failure)
[3.230s][info][gc,heap        ] GC(2) PSYoungGen: 65536K(76288K)->4328K(76288K) Eden: 65536K(65536K)->0K(65536K) From: 0K(10752K)->4328K(10752K)
[3.230s][info][gc,heap        ] GC(2) ParOldGen: 8759K(175104K)->8767K(175104K)
[3.230s][info][gc,metaspace   ] GC(2) Metaspace: 22877K(23040K)->22877K(23040K) NonClass: 20824K(20928K)->20824K(20928K) Class: 2052K(2112K)->2052K(2112K)
[3.230s][info][gc             ] GC(2) Pause Young (Allocation Failure) 72M->12M(245M) 6.707ms
[3.230s][info][gc,cpu         ] GC(2) User=0.01s Sys=0.00s Real=0.00s
[3.659s][info][gc,start       ] GC(3) Pause Young (Allocation Failure)
[3.663s][info][gc,heap        ] GC(3) PSYoungGen: 69864K(76288K)->3361K(76288K) Eden: 65536K(65536K)->0K(65536K) From: 4328K(10752K)->3361K(10752K)
[3.663s][info][gc,heap        ] GC(3) ParOldGen: 8767K(175104K)->8767K(175104K)
[3.663s][info][gc,metaspace   ] GC(3) Metaspace: 23419K(23488K)->23419K(23488K) NonClass: 21333K(21376K)->21333K(21376K) Class: 2085K(2112K)->2085K(2112K)
[3.663s][info][gc             ] GC(3) Pause Young (Allocation Failure) 76M->11M(245M) 4.111ms
[3.663s][info][gc,cpu         ] GC(3) User=0.01s Sys=0.00s Real=0.01s
[4.390s][info][gc,start       ] GC(4) Pause Young (Allocation Failure)
[4.394s][info][gc,heap        ] GC(4) PSYoungGen: 68897K(76288K)->2963K(76288K) Eden: 65536K(65536K)->0K(65536K) From: 3361K(10752K)->2963K(10752K)
[4.394s][info][gc,heap        ] GC(4) ParOldGen: 8767K(175104K)->8775K(175104K)
[4.394s][info][gc,metaspace   ] GC(4) Metaspace: 23910K(24128K)->23910K(24128K) NonClass: 21814K(21952K)->21814K(21952K) Class: 2096K(2176K)->2096K(2176K)
[4.394s][info][gc             ] GC(4) Pause Young (Allocation Failure) 75M->11M(245M) 4.520ms
[4.394s][info][gc,cpu         ] GC(4) User=0.00s Sys=0.00s Real=0.01s
[5.014s][info][gc,start       ] GC(5) Pause Young (Allocation Failure)
[5.022s][info][gc,heap        ] GC(5) PSYoungGen: 68499K(76288K)->2145K(76288K) Eden: 65536K(65536K)->0K(65536K) From: 2963K(10752K)->2145K(10752K)
[5.022s][info][gc,heap        ] GC(5) ParOldGen: 8775K(175104K)->8783K(175104K)
[5.022s][info][gc,metaspace   ] GC(5) Metaspace: 24174K(24320K)->24174K(24320K) NonClass: 22075K(22144K)->22075K(22144K) Class: 2098K(2176K)->2098K(2176K)
[5.022s][info][gc             ] GC(5) Pause Young (Allocation Failure) 75M->10M(245M) 7.181ms
[5.022s][info][gc,cpu         ] GC(5) User=0.02s Sys=0.00s Real=0.00s
[5.587s][info][gc,start       ] GC(6) Pause Young (Allocation Failure)
[5.590s][info][gc,heap        ] GC(6) PSYoungGen: 67681K(76288K)->1857K(77824K) Eden: 65536K(65536K)->0K(68608K) From: 2145K(10752K)->1857K(9216K)
[5.590s][info][gc,heap        ] GC(6) ParOldGen: 8783K(175104K)->8791K(175104K)
[5.590s][info][gc,metaspace   ] GC(6) Metaspace: 24827K(25024K)->24827K(25024K) NonClass: 22701K(22848K)->22701K(22848K) Class: 2126K(2176K)->2126K(2176K)
[5.590s][info][gc             ] GC(6) Pause Young (Allocation Failure) 74M->10M(247M) 3.464ms
[5.590s][info][gc,cpu         ] GC(6) User=0.01s Sys=0.00s Real=0.00s
[6.203s][info][gc,start       ] GC(7) Pause Young (Allocation Failure)
[6.208s][info][gc,heap        ] GC(7) PSYoungGen: 70465K(77824K)->3681K(77824K) Eden: 68608K(68608K)->0K(68608K) From: 1857K(9216K)->3681K(9216K)
[6.208s][info][gc,heap        ] GC(7) ParOldGen: 8791K(175104K)->8996K(175104K)
[6.208s][info][gc,metaspace   ] GC(7) Metaspace: 25140K(25280K)->25140K(25280K) NonClass: 23011K(23104K)->23011K(23104K) Class: 2128K(2176K)->2128K(2176K)
[6.208s][info][gc             ] GC(7) Pause Young (Allocation Failure) 77M->12M(247M) 5.504ms
[6.208s][info][gc,cpu         ] GC(7) User=0.01s Sys=0.00s Real=0.00s
[6.616s][info][gc,start       ] GC(8) Pause Young (Allocation Failure)
[6.638s][info][gc,heap        ] GC(8) PSYoungGen: 72289K(77824K)->4840K(78848K) Eden: 68608K(68608K)->0K(70656K) From: 3681K(9216K)->4840K(8192K)
[6.638s][info][gc,heap        ] GC(8) ParOldGen: 8996K(175104K)->9782K(175104K)
[6.638s][info][gc,metaspace   ] GC(8) Metaspace: 25309K(25472K)->25309K(25472K) NonClass: 23180K(23296K)->23180K(23296K) Class: 2128K(2176K)->2128K(2176K)
[6.638s][info][gc             ] GC(8) Pause Young (Allocation Failure) 79M->14M(248M) 21.878ms
[6.638s][info][gc,cpu         ] GC(8) User=0.04s Sys=0.01s Real=0.02s
[7.079s][info][gc,start       ] GC(9) Pause Young (Allocation Failure)
[7.084s][info][gc,heap        ] GC(9) PSYoungGen: 75496K(78848K)->1122K(78848K) Eden: 70656K(70656K)->0K(70656K) From: 4840K(8192K)->1122K(8192K)
[7.084s][info][gc,heap        ] GC(9) ParOldGen: 9782K(175104K)->10240K(175104K)
[7.084s][info][gc,metaspace   ] GC(9) Metaspace: 25365K(25472K)->25365K(25472K) NonClass: 23237K(23296K)->23237K(23296K) Class: 2128K(2176K)->2128K(2176K)
[7.084s][info][gc             ] GC(9) Pause Young (Allocation Failure) 83M->11M(248M) 5.706ms
[7.084s][info][gc,cpu         ] GC(9) User=0.00s Sys=0.00s Real=0.01s
[7.500s][info][gc,start       ] GC(10) Pause Young (Allocation Failure)
[7.504s][info][gc,heap        ] GC(10) PSYoungGen: 71778K(78848K)->2128K(121344K) Eden: 70656K(70656K)->0K(113152K) From: 1122K(8192K)->2128K(8192K)
[7.504s][info][gc,heap        ] GC(10) ParOldGen: 10240K(175104K)->10272K(175104K)
[7.504s][info][gc,metaspace   ] GC(10) Metaspace: 25545K(25728K)->25545K(25728K) NonClass: 23417K(23552K)->23417K(23552K) Class: 2128K(2176K)->2128K(2176K)
[7.504s][info][gc             ] GC(10) Pause Young (Allocation Failure) 80M->12M(289M) 3.643ms
[7.504s][info][gc,cpu         ] GC(10) User=0.00s Sys=0.00s Real=0.01s
[8.164s][info][gc,start       ] GC(11) Pause Young (Allocation Failure)
[8.168s][info][gc,heap        ] GC(11) PSYoungGen: 115280K(121344K)->2320K(121344K) Eden: 113152K(113152K)->0K(113152K) From: 2128K(8192K)->2320K(8192K)
[8.168s][info][gc,heap        ] GC(11) ParOldGen: 10272K(175104K)->10296K(175104K)
[8.168s][info][gc,metaspace   ] GC(11) Metaspace: 25753K(25920K)->25753K(25920K) NonClass: 23625K(23744K)->23625K(23744K) Class: 2128K(2176K)->2128K(2176K)
[8.169s][info][gc             ] GC(11) Pause Young (Allocation Failure) 122M->12M(289M) 4.183ms
[8.169s][info][gc,cpu         ] GC(11) User=0.01s Sys=0.00s Real=0.00s
[8.654s][info][gc,start       ] GC(12) Pause Young (Allocation Failure)
[8.666s][info][gc,heap        ] GC(12) PSYoungGen: 115472K(121344K)->8191K(187904K) Eden: 113152K(113152K)->0K(179712K) From: 2320K(8192K)->8191K(8192K)
[8.666s][info][gc,heap        ] GC(12) ParOldGen: 10296K(175104K)->10810K(175104K)
[8.666s][info][gc,metaspace   ] GC(12) Metaspace: 25971K(26176K)->25971K(26176K) NonClass: 23842K(24000K)->23842K(24000K) Class: 2128K(2176K)->2128K(2176K)
[8.666s][info][gc             ] GC(12) Pause Young (Allocation Failure) 122M->18M(354M) 12.510ms
[8.666s][info][gc,cpu         ] GC(12) User=0.02s Sys=0.01s Real=0.01s
[9.649s][info][gc,start       ] GC(13) Pause Young (Allocation Failure)
[9.661s][info][gc,heap        ] GC(13) PSYoungGen: 187903K(187904K)->2992K(189440K) Eden: 179712K(179712K)->0K(179712K) From: 8191K(8192K)->2992K(9728K)
[9.661s][info][gc,heap        ] GC(13) ParOldGen: 10810K(175104K)->12274K(175104K)
[9.661s][info][gc,metaspace   ] GC(13) Metaspace: 26078K(26240K)->26078K(26240K) NonClass: 23950K(24064K)->23950K(24064K) Class: 2128K(2176K)->2128K(2176K)
[9.661s][info][gc             ] GC(13) Pause Young (Allocation Failure) 194M->14M(356M) 12.193ms
[9.661s][info][gc,cpu         ] GC(13) User=0.02s Sys=0.01s Real=0.01s
[10.534s][info][gc,start       ] GC(14) Pause Young (Allocation Failure)
[10.549s][info][gc,heap        ] GC(14) PSYoungGen: 182704K(189440K)->9207K(294912K) Eden: 179712K(179712K)->0K(285696K) From: 2992K(9728K)->9207K(9216K)
[10.549s][info][gc,heap        ] GC(14) ParOldGen: 12274K(175104K)->13967K(175104K)
[10.549s][info][gc,metaspace   ] GC(14) Metaspace: 26201K(26304K)->26201K(26304K) NonClass: 24073K(24128K)->24073K(24128K) Class: 2128K(2176K)->2128K(2176K)
[10.549s][info][gc             ] GC(14) Pause Young (Allocation Failure) 190M->22M(459M) 15.637ms
[10.549s][info][gc,cpu         ] GC(14) User=0.02s Sys=0.01s Real=0.01s
[12.184s][info][gc,start       ] GC(15) Pause Young (Allocation Failure)
[12.201s][info][gc,heap        ] GC(15) PSYoungGen: 294903K(294912K)->5643K(296960K) Eden: 285696K(285696K)->0K(285696K) From: 9207K(9216K)->5643K(11264K)
[12.201s][info][gc,heap        ] GC(15) ParOldGen: 13967K(175104K)->15630K(175104K)
[12.201s][info][gc,metaspace   ] GC(15) Metaspace: 26457K(26624K)->26457K(26624K) NonClass: 24329K(24448K)->24329K(24448K) Class: 2128K(2176K)->2128K(2176K)
[12.201s][info][gc             ] GC(15) Pause Young (Allocation Failure) 301M->20M(461M) 16.809ms
[12.201s][info][gc,cpu         ] GC(15) User=0.02s Sys=0.01s Real=0.01s
[13.515s][info][gc,start       ] GC(16) Pause Young (Allocation Failure)
[13.533s][info][gc,heap        ] GC(16) PSYoungGen: 291339K(296960K)->5834K(321536K) Eden: 285696K(285696K)->0K(311296K) From: 5643K(11264K)->5834K(10240K)
[13.533s][info][gc,heap        ] GC(16) ParOldGen: 15630K(175104K)->16469K(175104K)
[13.533s][info][gc,metaspace   ] GC(16) Metaspace: 26608K(26752K)->26608K(26752K) NonClass: 24478K(24576K)->24478K(24576K) Class: 2129K(2176K)->2129K(2176K)
[13.533s][info][gc             ] GC(16) Pause Young (Allocation Failure) 299M->21M(485M) 17.836ms
[13.533s][info][gc,cpu         ] GC(16) User=0.03s Sys=0.00s Real=0.02s
[14.721s][info][gc,start       ] GC(17) Pause Young (Allocation Failure)
[14.737s][info][gc,heap        ] GC(17) PSYoungGen: 317130K(321536K)->9066K(322048K) Eden: 311296K(311296K)->0K(311296K) From: 5834K(10240K)->9066K(10752K)
[14.737s][info][gc,heap        ] GC(17) ParOldGen: 16469K(175104K)->16813K(175104K)
[14.737s][info][gc,metaspace   ] GC(17) Metaspace: 26781K(26944K)->26781K(26944K) NonClass: 24650K(24768K)->24650K(24768K) Class: 2130K(2176K)->2130K(2176K)
[14.737s][info][gc             ] GC(17) Pause Young (Allocation Failure) 325M->25M(485M) 16.189ms
[14.737s][info][gc,cpu         ] GC(17) User=0.02s Sys=0.01s Real=0.02s
[15.898s][info][gc,start       ] GC(18) Pause Young (Allocation Failure)
[15.908s][info][gc,heap        ] GC(18) PSYoungGen: 320362K(322048K)->8442K(321024K) Eden: 311296K(311296K)->0K(309248K) From: 9066K(10752K)->8442K(11776K)
[15.908s][info][gc,heap        ] GC(18) ParOldGen: 16813K(175104K)->17202K(175104K)
[15.908s][info][gc,metaspace   ] GC(18) Metaspace: 26922K(27072K)->26922K(27072K) NonClass: 24792K(24896K)->24792K(24896K) Class: 2130K(2176K)->2130K(2176K)
[15.908s][info][gc             ] GC(18) Pause Young (Allocation Failure) 329M->25M(484M) 10.597ms
[15.908s][info][gc,cpu         ] GC(18) User=0.02s Sys=0.01s Real=0.01s
[17.061s][info][gc,start       ] GC(19) Pause Young (Allocation Failure)
[17.072s][info][gc,heap        ] GC(19) PSYoungGen: 317690K(321024K)->9370K(318976K) Eden: 309248K(309248K)->0K(309248K) From: 8442K(11776K)->9370K(9728K)
[17.072s][info][gc,heap        ] GC(19) ParOldGen: 17202K(175104K)->17239K(175104K)
[17.072s][info][gc,metaspace   ] GC(19) Metaspace: 27075K(27200K)->27075K(27200K) NonClass: 24944K(25024K)->24944K(25024K) Class: 2130K(2176K)->2130K(2176K)
[17.072s][info][gc             ] GC(19) Pause Young (Allocation Failure) 327M->25M(482M) 11.107ms
[17.072s][info][gc,cpu         ] GC(19) User=0.02s Sys=0.00s Real=0.01s
[18.131s][info][gc,start       ] GC(20) Pause Young (Allocation Failure)
[18.141s][info][gc,heap        ] GC(20) PSYoungGen: 318618K(318976K)->7818K(320512K) Eden: 309248K(309248K)->0K(307200K) From: 9370K(9728K)->7818K(13312K)
[18.141s][info][gc,heap        ] GC(20) ParOldGen: 17239K(175104K)->17263K(175104K)
[18.141s][info][gc,metaspace   ] GC(20) Metaspace: 27134K(27264K)->27134K(27264K) NonClass: 25003K(25088K)->25003K(25088K) Class: 2130K(2176K)->2130K(2176K)
[18.141s][info][gc             ] GC(20) Pause Young (Allocation Failure) 327M->24M(484M) 9.435ms
[18.141s][info][gc,cpu         ] GC(20) User=0.02s Sys=0.01s Real=0.01s
[19.209s][info][gc,start       ] GC(21) Pause Young (Allocation Failure)
[19.219s][info][gc,heap        ] GC(21) PSYoungGen: 315018K(320512K)->10911K(318464K) Eden: 307200K(307200K)->0K(307200K) From: 7818K(13312K)->10911K(11264K)
[19.219s][info][gc,heap        ] GC(21) ParOldGen: 17263K(175104K)->17287K(175104K)
[19.219s][info][gc,metaspace   ] GC(21) Metaspace: 27470K(27584K)->27470K(27584K) NonClass: 25340K(25408K)->25340K(25408K) Class: 2130K(2176K)->2130K(2176K)
[19.219s][info][gc             ] GC(21) Pause Young (Allocation Failure) 324M->27M(482M) 10.220ms
[19.219s][info][gc,cpu         ] GC(21) User=0.02s Sys=0.00s Real=0.01s
[20.334s][info][gc,start       ] GC(22) Pause Young (Allocation Failure)
[20.345s][info][gc,heap        ] GC(22) PSYoungGen: 318111K(318464K)->11938K(317440K) Eden: 307200K(307200K)->0K(303104K) From: 10911K(11264K)->11938K(14336K)
[20.345s][info][gc,heap        ] GC(22) ParOldGen: 17287K(175104K)->17311K(175104K)
[20.345s][info][gc,metaspace   ] GC(22) Metaspace: 27627K(27712K)->27627K(27712K) NonClass: 25496K(25536K)->25496K(25536K) Class: 2131K(2176K)->2131K(2176K)
[20.345s][info][gc             ] GC(22) Pause Young (Allocation Failure) 327M->28M(481M) 11.455ms
[20.345s][info][gc,cpu         ] GC(22) User=0.02s Sys=0.00s Real=0.01s
[21.113s][info][gc,heap,exit   ] Heap
[21.113s][info][gc,heap,exit   ]  PSYoungGen      total 317440K, used 256387K [0x00000000eba00000, 0x0000000100000000, 0x0000000100000000)
[21.113s][info][gc,heap,exit   ]   eden space 303104K, 80% used [0x00000000eba00000,0x00000000fa8b8558,0x00000000fe200000)
[21.114s][info][gc,heap,exit   ]   from space 14336K, 83% used [0x00000000ff200000,0x00000000ffda8820,0x0000000100000000)
[21.114s][info][gc,heap,exit   ]   to   space 15360K, 0% used [0x00000000fe200000,0x00000000fe200000,0x00000000ff100000)
[21.114s][info][gc,heap,exit   ]  ParOldGen       total 175104K, used 17311K [0x00000000c2e00000, 0x00000000cd900000, 0x00000000eba00000)
[21.114s][info][gc,heap,exit   ]   object space 175104K, 9% used [0x00000000c2e00000,0x00000000c3ee7fa0,0x00000000cd900000)
[21.114s][info][gc,heap,exit   ]  Metaspace       used 27652K, committed 27840K, reserved 1114112K
[21.114s][info][gc,heap,exit   ]   class space    used 2132K, committed 2176K, reserved 1048576K
