[0.002s][info][metaspace]  - commit_granule_bytes: 65536.
[0.002s][info][metaspace]  - commit_granule_words: 8192.
[0.002s][info][metaspace]  - virtual_space_node_default_size: 8388608.
[0.002s][info][metaspace]  - enlarge_chunks_in_place: 1.
[0.005s][info][gc,init  ] CardTable entry size: 512
[0.005s][info][gc       ] Using Parallel
[0.006s][info][gc,init  ] Version: 24-internal-adhoc.root.jdk (release)
[0.006s][info][gc,init  ] CPUs: 2 total, 2 available
[0.006s][info][gc,init  ] Memory: 3908M
[0.006s][info][gc,init  ] Large Page Support: Disabled
[0.006s][info][gc,init  ] NUMA Support: Disabled
[0.006s][info][gc,init  ] Compressed Oops: Enabled (32-bit)
[0.006s][info][gc,init  ] Alignments: Space 512K, Generation 512K, Heap 2M
[0.006s][info][gc,init  ] Heap Min Capacity: 256M
[0.006s][info][gc,init  ] Heap Initial Capacity: 256M
[0.006s][info][gc,init  ] Heap Max Capacity: 978M
[0.006s][info][gc,init  ] Pre-touch: Disabled
[0.006s][info][gc,init  ] Parallel Workers: 2
[0.026s][info][gc,metaspace] CDS archive(s) mapped at: [0x00007f8fa2000000-0x00007f8fa2dc0000-0x00007f8fa2dc0000), size 14417920, SharedBaseAddress: 0x00007f8fa2000000, ArchiveRelocationMode: 1.
[0.026s][info][gc,metaspace] Compressed class space mapped at: 0x00007f8fa3000000-0x00007f8fe3000000, reserved size: 1073741824
[0.026s][info][gc,metaspace] UseCompressedClassPointers 1, UseCompactObjectHeaders 0
[0.026s][info][gc,metaspace] Narrow klass pointer bits 32, Max shift 3
[0.026s][info][gc,metaspace] Narrow klass base: 0x00007f8fa2000000, Narrow klass shift: 0
[0.026s][info][gc,metaspace] Encoding Range: [0x00007f8fa2000000 - 0x00007f90a2000000), (4294967296 bytes)
[0.026s][info][gc,metaspace] Klass Range:    [0x00007f8fa2000000 - 0x00007f8fe3000000), (1090519040 bytes)
[0.026s][info][gc,metaspace] Klass ID Range:  [8 - 1090519033) (1090519025)
[1.526s][info][gc,start    ] GC(0) Pause Young (Allocation Failure)
[1.534s][info][gc,heap     ] GC(0) PSYoungGen: 65536K(76288K)->5669K(76288K) Eden: 65536K(65536K)->0K(65536K) From: 0K(10752K)->5669K(10752K)
[1.534s][info][gc,heap     ] GC(0) ParOldGen: 1157K(175104K)->1165K(175104K)
[1.534s][info][gc,metaspace] GC(0) Metaspace: 12417K(12608K)->12417K(12608K) NonClass: 11191K(11328K)->11191K(11328K) Class: 1226K(1280K)->1226K(1280K)
[1.534s][info][gc          ] GC(0) Pause Young (Allocation Failure) 65M->6M(245M) 7.999ms
[1.534s][info][gc,cpu      ] GC(0) User=0.01s Sys=0.01s Real=0.01s
[2.039s][info][gc,start    ] GC(1) Pause Young (Allocation Failure)
[2.050s][info][gc,heap     ] GC(1) PSYoungGen: 71205K(76288K)->6952K(76288K) Eden: 65536K(65536K)->0K(65536K) From: 5669K(10752K)->6952K(10752K)
[2.051s][info][gc,heap     ] GC(1) ParOldGen: 1165K(175104K)->1173K(175104K)
[2.051s][info][gc,metaspace] GC(1) Metaspace: 12874K(13056K)->12874K(13056K) NonClass: 11623K(11712K)->11623K(11712K) Class: 1251K(1344K)->1251K(1344K)
[2.051s][info][gc          ] GC(1) Pause Young (Allocation Failure) 70M->7M(245M) 11.760ms
[2.051s][info][gc,cpu      ] GC(1) User=0.02s Sys=0.01s Real=0.02s
[137.984s][info][gc,start    ] GC(2) Pause Full (System.gc())
[137.984s][info][gc,phases,start] GC(2) Marking Phase
[137.993s][info][gc,phases      ] GC(2) Marking Phase 8.747ms
[137.993s][info][gc,phases,start] GC(2) Summary Phase
[137.993s][info][gc,phases      ] GC(2) Summary Phase 0.010ms
[137.993s][info][gc,phases,start] GC(2) Forward
[137.994s][info][gc,phases      ] GC(2) Forward 1.297ms
[137.994s][info][gc,phases,start] GC(2) Adjust Pointers
[137.998s][info][gc,phases      ] GC(2) Adjust Pointers 3.922ms
[137.998s][info][gc,phases,start] GC(2) Compaction Phase
[138.003s][info][gc,phases      ] GC(2) Compaction Phase 5.316ms
[138.004s][info][gc,phases,start] GC(2) Post Compact
[138.005s][info][gc,phases      ] GC(2) Post Compact 1.544ms
[138.005s][info][gc,heap        ] GC(2) PSYoungGen: 44463K(76288K)->0K(76288K) Eden: 37511K(65536K)->0K(65536K) From: 6952K(10752K)->0K(10752K)
[138.005s][info][gc,heap        ] GC(2) ParOldGen: 1173K(175104K)->7921K(175104K)
[138.005s][info][gc,metaspace   ] GC(2) Metaspace: 13085K(13248K)->13085K(13248K) NonClass: 11830K(11904K)->11830K(11904K) Class: 1254K(1344K)->1254K(1344K)
[138.005s][info][gc             ] GC(2) Pause Full (System.gc()) 44M->7M(245M) 21.165ms
[138.005s][info][gc,cpu         ] GC(2) User=0.02s Sys=0.01s Real=0.02s
[273.491s][info][gc,start       ] GC(3) Pause Full (System.gc())
[273.491s][info][gc,phases,start] GC(3) Marking Phase
[273.505s][info][gc,phases      ] GC(3) Marking Phase 14.227ms
[273.505s][info][gc,phases,start] GC(3) Summary Phase
[273.505s][info][gc,phases      ] GC(3) Summary Phase 0.015ms
[273.505s][info][gc,phases,start] GC(3) Forward
[273.507s][info][gc,phases      ] GC(3) Forward 1.635ms
[273.507s][info][gc,phases,start] GC(3) Adjust Pointers
[273.512s][info][gc,phases      ] GC(3) Adjust Pointers 5.323ms
[273.513s][info][gc,phases,start] GC(3) Compaction Phase
[273.516s][info][gc,phases      ] GC(3) Compaction Phase 3.329ms
[273.516s][info][gc,phases,start] GC(3) Post Compact
[273.516s][info][gc,phases      ] GC(3) Post Compact 0.264ms
[273.516s][info][gc,heap        ] GC(3) PSYoungGen: 39711K(76288K)->0K(76288K) Eden: 39711K(65536K)->0K(65536K) From: 0K(10752K)->0K(10752K)
[273.516s][info][gc,heap        ] GC(3) ParOldGen: 7921K(175104K)->8048K(175104K)
[273.516s][info][gc,metaspace   ] GC(3) Metaspace: 13307K(13504K)->13307K(13504K) NonClass: 12045K(12160K)->12045K(12160K) Class: 1261K(1344K)->1261K(1344K)
[273.516s][info][gc             ] GC(3) Pause Full (System.gc()) 46M->7M(245M) 25.136ms
[273.516s][info][gc,cpu         ] GC(3) User=0.04s Sys=0.00s Real=0.02s
[409.908s][info][gc,start       ] GC(4) Pause Full (System.gc())
[409.908s][info][gc,phases,start] GC(4) Marking Phase
[409.916s][info][gc,phases      ] GC(4) Marking Phase 8.275ms
[409.916s][info][gc,phases,start] GC(4) Summary Phase
[409.916s][info][gc,phases      ] GC(4) Summary Phase 0.010ms
[409.916s][info][gc,phases,start] GC(4) Forward
[409.917s][info][gc,phases      ] GC(4) Forward 1.076ms
[409.917s][info][gc,phases,start] GC(4) Adjust Pointers
[409.921s][info][gc,phases      ] GC(4) Adjust Pointers 3.818ms
[409.921s][info][gc,phases,start] GC(4) Compaction Phase
[409.923s][info][gc,phases      ] GC(4) Compaction Phase 1.816ms
[409.923s][info][gc,phases,start] GC(4) Post Compact
[409.923s][info][gc,phases      ] GC(4) Post Compact 0.167ms
[409.923s][info][gc,heap        ] GC(4) PSYoungGen: 37983K(76288K)->0K(76288K) Eden: 37983K(65536K)->0K(65536K) From: 0K(10752K)->0K(10752K)
[409.923s][info][gc,heap        ] GC(4) ParOldGen: 8048K(175104K)->8050K(175104K)
[409.923s][info][gc,metaspace   ] GC(4) Metaspace: 13356K(13568K)->13356K(13568K) NonClass: 12094K(12224K)->12094K(12224K) Class: 1261K(1344K)->1261K(1344K)
[409.923s][info][gc             ] GC(4) Pause Full (System.gc()) 44M->7M(245M) 15.412ms
[409.923s][info][gc,cpu         ] GC(4) User=0.02s Sys=0.00s Real=0.02s
[546.381s][info][gc,start       ] GC(5) Pause Full (System.gc())
[546.381s][info][gc,phases,start] GC(5) Marking Phase
[546.390s][info][gc,phases      ] GC(5) Marking Phase 8.343ms
[546.390s][info][gc,phases,start] GC(5) Summary Phase
[546.390s][info][gc,phases      ] GC(5) Summary Phase 0.010ms
[546.390s][info][gc,phases,start] GC(5) Forward
[546.392s][info][gc,phases      ] GC(5) Forward 2.104ms
[546.392s][info][gc,phases,start] GC(5) Adjust Pointers
[546.396s][info][gc,phases      ] GC(5) Adjust Pointers 3.970ms
[546.396s][info][gc,phases,start] GC(5) Compaction Phase
[546.398s][info][gc,phases      ] GC(5) Compaction Phase 1.843ms
[546.398s][info][gc,phases,start] GC(5) Post Compact
[546.398s][info][gc,phases      ] GC(5) Post Compact 0.151ms
[546.398s][info][gc,heap        ] GC(5) PSYoungGen: 37718K(76288K)->0K(76288K) Eden: 37718K(65536K)->0K(65536K) From: 0K(10752K)->0K(10752K)
[546.398s][info][gc,heap        ] GC(5) ParOldGen: 8050K(175104K)->8051K(175104K)
[546.398s][info][gc,metaspace   ] GC(5) Metaspace: 13419K(13568K)->13419K(13568K) NonClass: 12157K(12224K)->12157K(12224K) Class: 1261K(1344K)->1261K(1344K)
[546.398s][info][gc             ] GC(5) Pause Full (System.gc()) 44M->7M(245M) 16.710ms
[546.398s][info][gc,cpu         ] GC(5) User=0.02s Sys=0.00s Real=0.01s
[683.179s][info][gc,start       ] GC(6) Pause Full (System.gc())
[683.179s][info][gc,phases,start] GC(6) Marking Phase
[683.187s][info][gc,phases      ] GC(6) Marking Phase 8.238ms
[683.187s][info][gc,phases,start] GC(6) Summary Phase
[683.187s][info][gc,phases      ] GC(6) Summary Phase 0.010ms
[683.187s][info][gc,phases,start] GC(6) Forward
[683.188s][info][gc,phases      ] GC(6) Forward 0.425ms
[683.188s][info][gc,phases,start] GC(6) Adjust Pointers
[683.191s][info][gc,phases      ] GC(6) Adjust Pointers 3.847ms
[683.192s][info][gc,phases,start] GC(6) Compaction Phase
[683.193s][info][gc,phases      ] GC(6) Compaction Phase 1.247ms
[683.193s][info][gc,phases,start] GC(6) Post Compact
[683.193s][info][gc,phases      ] GC(6) Post Compact 0.132ms
[683.193s][info][gc,heap        ] GC(6) PSYoungGen: 37550K(76288K)->0K(76288K) Eden: 37550K(65536K)->0K(65536K) From: 0K(10752K)->0K(10752K)
[683.193s][info][gc,heap        ] GC(6) ParOldGen: 8051K(175104K)->8051K(175104K)
[683.193s][info][gc,metaspace   ] GC(6) Metaspace: 13466K(13632K)->13466K(13632K) NonClass: 12204K(12288K)->12204K(12288K) Class: 1261K(1344K)->1261K(1344K)
[683.193s][info][gc             ] GC(6) Pause Full (System.gc()) 44M->7M(245M) 14.121ms
[683.193s][info][gc,cpu         ] GC(6) User=0.02s Sys=0.00s Real=0.02s
[819.938s][info][gc,start       ] GC(7) Pause Full (System.gc())
[819.938s][info][gc,phases,start] GC(7) Marking Phase
[819.946s][info][gc,phases      ] GC(7) Marking Phase 8.577ms
[819.946s][info][gc,phases,start] GC(7) Summary Phase
[819.946s][info][gc,phases      ] GC(7) Summary Phase 0.010ms
[819.946s][info][gc,phases,start] GC(7) Forward
[819.947s][info][gc,phases      ] GC(7) Forward 0.777ms
[819.947s][info][gc,phases,start] GC(7) Adjust Pointers
[819.951s][info][gc,phases      ] GC(7) Adjust Pointers 4.059ms
[819.951s][info][gc,phases,start] GC(7) Compaction Phase
[819.953s][info][gc,phases      ] GC(7) Compaction Phase 1.324ms
[819.953s][info][gc,phases,start] GC(7) Post Compact
[819.953s][info][gc,phases      ] GC(7) Post Compact 0.172ms
[819.953s][info][gc,heap        ] GC(7) PSYoungGen: 37524K(76288K)->0K(76288K) Eden: 37524K(65536K)->0K(65536K) From: 0K(10752K)->0K(10752K)
[819.953s][info][gc,heap        ] GC(7) ParOldGen: 8051K(175104K)->8054K(175104K)
[819.953s][info][gc,metaspace   ] GC(7) Metaspace: 13510K(13696K)->13510K(13696K) NonClass: 12248K(12352K)->12248K(12352K) Class: 1261K(1344K)->1261K(1344K)
[819.953s][info][gc             ] GC(7) Pause Full (System.gc()) 44M->7M(245M) 15.172ms
[819.953s][info][gc,cpu         ] GC(7) User=0.03s Sys=0.00s Real=0.02s
[956.700s][info][gc,start       ] GC(8) Pause Full (System.gc())
[956.700s][info][gc,phases,start] GC(8) Marking Phase
[956.709s][info][gc,phases      ] GC(8) Marking Phase 9.068ms
[956.709s][info][gc,phases,start] GC(8) Summary Phase
[956.709s][info][gc,phases      ] GC(8) Summary Phase 0.010ms
[956.709s][info][gc,phases,start] GC(8) Forward
[956.709s][info][gc,phases      ] GC(8) Forward 0.450ms
[956.709s][info][gc,phases,start] GC(8) Adjust Pointers
[956.713s][info][gc,phases      ] GC(8) Adjust Pointers 4.116ms
[956.713s][info][gc,phases,start] GC(8) Compaction Phase
[956.715s][info][gc,phases      ] GC(8) Compaction Phase 1.351ms
[956.715s][info][gc,phases,start] GC(8) Post Compact
[956.715s][info][gc,phases      ] GC(8) Post Compact 0.155ms
[956.715s][info][gc,heap        ] GC(8) PSYoungGen: 37482K(76288K)->0K(76288K) Eden: 37482K(65536K)->0K(65536K) From: 0K(10752K)->0K(10752K)
[956.715s][info][gc,heap        ] GC(8) ParOldGen: 8054K(175104K)->8055K(175104K)
[956.715s][info][gc,metaspace   ] GC(8) Metaspace: 13542K(13696K)->13542K(13696K) NonClass: 12280K(12352K)->12280K(12352K) Class: 1261K(1344K)->1261K(1344K)
[956.715s][info][gc             ] GC(8) Pause Full (System.gc()) 44M->7M(245M) 15.404ms
[956.715s][info][gc,cpu         ] GC(8) User=0.03s Sys=0.00s Real=0.02s
[1093.583s][info][gc,start       ] GC(9) Pause Full (System.gc())
[1093.583s][info][gc,phases,start] GC(9) Marking Phase
[1093.591s][info][gc,phases      ] GC(9) Marking Phase 8.302ms
[1093.591s][info][gc,phases,start] GC(9) Summary Phase
[1093.591s][info][gc,phases      ] GC(9) Summary Phase 0.010ms
[1093.591s][info][gc,phases,start] GC(9) Forward
[1093.592s][info][gc,phases      ] GC(9) Forward 0.670ms
[1093.592s][info][gc,phases,start] GC(9) Adjust Pointers
[1093.596s][info][gc,phases      ] GC(9) Adjust Pointers 4.012ms
[1093.596s][info][gc,phases,start] GC(9) Compaction Phase
[1093.597s][info][gc,phases      ] GC(9) Compaction Phase 1.195ms
[1093.597s][info][gc,phases,start] GC(9) Post Compact
[1093.598s][info][gc,phases      ] GC(9) Post Compact 0.148ms
[1093.598s][info][gc,heap        ] GC(9) PSYoungGen: 37351K(76288K)->0K(76288K) Eden: 37351K(65536K)->0K(65536K) From: 0K(10752K)->0K(10752K)
[1093.598s][info][gc,heap        ] GC(9) ParOldGen: 8055K(175104K)->8057K(175104K)
[1093.598s][info][gc,metaspace   ] GC(9) Metaspace: 13579K(13760K)->13579K(13760K) NonClass: 12317K(12416K)->12317K(12416K) Class: 1261K(1344K)->1261K(1344K)
[1093.598s][info][gc             ] GC(9) Pause Full (System.gc()) 44M->7M(245M) 14.612ms
[1093.598s][info][gc,cpu         ] GC(9) User=0.02s Sys=0.00s Real=0.01s
[1230.385s][info][gc,start       ] GC(10) Pause Full (System.gc())
[1230.385s][info][gc,phases,start] GC(10) Marking Phase
[1230.398s][info][gc,phases      ] GC(10) Marking Phase 12.590ms
[1230.398s][info][gc,phases,start] GC(10) Summary Phase
[1230.398s][info][gc,phases      ] GC(10) Summary Phase 0.012ms
[1230.398s][info][gc,phases,start] GC(10) Forward
[1230.400s][info][gc,phases      ] GC(10) Forward 2.000ms
[1230.400s][info][gc,phases,start] GC(10) Adjust Pointers
[1230.406s][info][gc,phases      ] GC(10) Adjust Pointers 6.191ms
[1230.406s][info][gc,phases,start] GC(10) Compaction Phase
[1230.408s][info][gc,phases      ] GC(10) Compaction Phase 1.838ms
[1230.408s][info][gc,phases,start] GC(10) Post Compact
[1230.408s][info][metaspace      ] ChkMgr @0x00007f900003aab0 (non-class-space): : reclaiming memory...
[1230.408s][info][metaspace      ] ChkMgr @0x00007f900003aab0 (non-class-space): nothing reclaimed.
[1230.408s][info][metaspace      ] ChkMgr @0x00007f900003a8c0 (class-space): : reclaiming memory...
[1230.408s][info][metaspace      ] ChkMgr @0x00007f900003a8c0 (class-space): nothing reclaimed.
[1230.408s][info][gc,phases      ] GC(10) Post Compact 0.227ms
[1230.408s][info][gc,heap        ] GC(10) PSYoungGen: 37874K(76288K)->0K(76288K) Eden: 37874K(65536K)->0K(65536K) From: 0K(10752K)->0K(10752K)
[1230.408s][info][gc,heap        ] GC(10) ParOldGen: 8057K(175104K)->7834K(175104K)
[1230.408s][info][gc,metaspace   ] GC(10) Metaspace: 13622K(13824K)->13600K(13824K) NonClass: 12360K(12480K)->12338K(12480K) Class: 1261K(1344K)->1261K(1344K)
[1230.408s][info][gc             ] GC(10) Pause Full (System.gc()) 44M->7M(245M) 23.120ms
[1230.408s][info][gc,cpu         ] GC(10) User=0.03s Sys=0.00s Real=0.02s
[1367.101s][info][gc,start       ] GC(11) Pause Full (System.gc())
[1367.101s][info][gc,phases,start] GC(11) Marking Phase
[1367.109s][info][gc,phases      ] GC(11) Marking Phase 8.659ms
[1367.109s][info][gc,phases,start] GC(11) Summary Phase
[1367.109s][info][gc,phases      ] GC(11) Summary Phase 0.010ms
[1367.109s][info][gc,phases,start] GC(11) Forward
[1367.111s][info][gc,phases      ] GC(11) Forward 1.092ms
[1367.111s][info][gc,phases,start] GC(11) Adjust Pointers
[1367.116s][info][gc,phases      ] GC(11) Adjust Pointers 4.975ms
[1367.116s][info][gc,phases,start] GC(11) Compaction Phase
[1367.117s][info][gc,phases      ] GC(11) Compaction Phase 1.844ms
[1367.118s][info][gc,phases,start] GC(11) Post Compact
[1367.118s][info][gc,phases      ] GC(11) Post Compact 0.172ms
[1367.118s][info][gc,heap        ] GC(11) PSYoungGen: 37041K(76288K)->0K(76288K) Eden: 37041K(65536K)->0K(65536K) From: 0K(10752K)->0K(10752K)
[1367.118s][info][gc,heap        ] GC(11) ParOldGen: 7834K(175104K)->7834K(175104K)
[1367.118s][info][gc,metaspace   ] GC(11) Metaspace: 13636K(13888K)->13636K(13888K) NonClass: 12374K(12544K)->12374K(12544K) Class: 1261K(1344K)->1261K(1344K)
[1367.118s][info][gc             ] GC(11) Pause Full (System.gc()) 43M->7M(245M) 17.107ms
[1367.118s][info][gc,cpu         ] GC(11) User=0.03s Sys=0.00s Real=0.01s
[1503.918s][info][gc,start       ] GC(12) Pause Full (System.gc())
[1503.918s][info][gc,phases,start] GC(12) Marking Phase
[1503.927s][info][gc,phases      ] GC(12) Marking Phase 9.500ms
[1503.927s][info][gc,phases,start] GC(12) Summary Phase
[1503.927s][info][gc,phases      ] GC(12) Summary Phase 0.010ms
[1503.927s][info][gc,phases,start] GC(12) Forward
[1503.928s][info][gc,phases      ] GC(12) Forward 0.565ms
[1503.928s][info][gc,phases,start] GC(12) Adjust Pointers
[1503.933s][info][gc,phases      ] GC(12) Adjust Pointers 4.865ms
[1503.933s][info][gc,phases,start] GC(12) Compaction Phase
[1503.934s][info][gc,phases      ] GC(12) Compaction Phase 1.506ms
[1503.934s][info][gc,phases,start] GC(12) Post Compact
[1503.934s][info][gc,phases      ] GC(12) Post Compact 0.146ms
[1503.934s][info][gc,heap        ] GC(12) PSYoungGen: 37021K(76288K)->0K(76288K) Eden: 37021K(65536K)->0K(65536K) From: 0K(10752K)->0K(10752K)
[1503.934s][info][gc,heap        ] GC(12) ParOldGen: 7834K(175104K)->7838K(175104K)
[1503.934s][info][gc,metaspace   ] GC(12) Metaspace: 13664K(13888K)->13664K(13888K) NonClass: 12402K(12544K)->12402K(12544K) Class: 1261K(1344K)->1261K(1344K)
[1503.934s][info][gc             ] GC(12) Pause Full (System.gc()) 43M->7M(245M) 16.862ms
[1503.934s][info][gc,cpu         ] GC(12) User=0.03s Sys=0.00s Real=0.02s
[1503.942s][info][gc,heap,exit   ] Heap
[1503.942s][info][gc,heap,exit   ]  PSYoungGen      total 76288K, used 1136K [0x00000000eba00000, 0x00000000f4f00000, 0x0000000100000000)
[1503.942s][info][gc,heap,exit   ]   eden space 65536K, 1% used [0x00000000eba00000,0x00000000ebb1c040,0x00000000efa00000)
[1503.942s][info][gc,heap,exit   ]   from space 10752K, 0% used [0x00000000f0480000,0x00000000f0480000,0x00000000f0f00000)
[1503.942s][info][gc,heap,exit   ]   to   space 10752K, 0% used [0x00000000efa00000,0x00000000efa00000,0x00000000f0480000)
[1503.942s][info][gc,heap,exit   ]  ParOldGen       total 175104K, used 7838K [0x00000000c2e00000, 0x00000000cd900000, 0x00000000eba00000)
[1503.942s][info][gc,heap,exit   ]   object space 175104K, 4% used [0x00000000c2e00000,0x00000000c35a7a80,0x00000000cd900000)
[1503.942s][info][gc,heap,exit   ]  Metaspace       used 13666K, committed 13888K, reserved 1114112K
[1503.942s][info][gc,heap,exit   ]   class space    used 1261K, committed 1344K, reserved 1048576K
