[0.003s][info][metaspace]  - commit_granule_bytes: 65536.
[0.003s][info][metaspace]  - commit_granule_words: 8192.
[0.003s][info][metaspace]  - virtual_space_node_default_size: 8388608.
[0.003s][info][metaspace]  - enlarge_chunks_in_place: 1.
[0.005s][info][gc,init  ] CardTable entry size: 512
[0.005s][info][gc       ] Using Parallel
[0.007s][info][gc,init  ] Version: 24-internal-adhoc.root.jdk (release)
[0.007s][info][gc,init  ] CPUs: 2 total, 2 available
[0.007s][info][gc,init  ] Memory: 3908M
[0.007s][info][gc,init  ] Large Page Support: Disabled
[0.007s][info][gc,init  ] NUMA Support: Disabled
[0.007s][info][gc,init  ] Compressed Oops: Enabled (32-bit)
[0.007s][info][gc,init  ] Alignments: Space 512K, Generation 512K, Heap 2M
[0.007s][info][gc,init  ] Heap Min Capacity: 256M
[0.007s][info][gc,init  ] Heap Initial Capacity: 256M
[0.007s][info][gc,init  ] Heap Max Capacity: 978M
[0.007s][info][gc,init  ] Pre-touch: Disabled
[0.007s][info][gc,init  ] Parallel Workers: 2
[0.028s][info][gc,metaspace] CDS archive(s) mapped at: [0x00007f4b32000000-0x00007f4b32dc0000-0x00007f4b32dc0000), size 14417920, SharedBaseAddress: 0x00007f4b32000000, ArchiveRelocationMode: 1.
[0.028s][info][gc,metaspace] Compressed class space mapped at: 0x00007f4b33000000-0x00007f4b73000000, reserved size: 1073741824
[0.028s][info][gc,metaspace] UseCompressedClassPointers 1, UseCompactObjectHeaders 0
[0.028s][info][gc,metaspace] Narrow klass pointer bits 32, Max shift 3
[0.028s][info][gc,metaspace] Narrow klass base: 0x00007f4b32000000, Narrow klass shift: 0
[0.028s][info][gc,metaspace] Encoding Range: [0x00007f4b32000000 - 0x00007f4c32000000), (4294967296 bytes)
[0.028s][info][gc,metaspace] Klass Range:    [0x00007f4b32000000 - 0x00007f4b73000000), (1090519040 bytes)
[0.028s][info][gc,metaspace] Klass ID Range:  [8 - 1090519033) (1090519025)
[0.526s][info][gc,start    ] GC(0) Pause Young (Allocation Failure)
[0.532s][info][gc,heap     ] GC(0) PSYoungGen: 65536K(76288K)->1938K(76288K) Eden: 65536K(65536K)->0K(65536K) From: 0K(10752K)->1938K(10752K)
[0.532s][info][gc,heap     ] GC(0) ParOldGen: 1157K(175104K)->1165K(175104K)
[0.532s][info][gc,metaspace] GC(0) Metaspace: 2595K(2688K)->2595K(2688K) NonClass: 2398K(2432K)->2398K(2432K) Class: 197K(256K)->197K(256K)
[0.532s][info][gc          ] GC(0) Pause Young (Allocation Failure) 65M->3M(245M) 6.779ms
[0.532s][info][gc,cpu      ] GC(0) User=0.00s Sys=0.00s Real=0.01s
[0.642s][info][gc,start    ] GC(1) Pause Young (Allocation Failure)
[0.647s][info][gc,heap     ] GC(1) PSYoungGen: 67474K(76288K)->2114K(141824K) Eden: 65536K(65536K)->0K(131072K) From: 1938K(10752K)->2114K(10752K)
[0.647s][info][gc,heap     ] GC(1) ParOldGen: 1165K(175104K)->1165K(175104K)
[0.647s][info][gc,metaspace] GC(1) Metaspace: 2611K(2752K)->2611K(2752K) NonClass: 2414K(2496K)->2414K(2496K) Class: 197K(256K)->197K(256K)
[0.647s][info][gc          ] GC(1) Pause Young (Allocation Failure) 67M->3M(309M) 5.621ms
[0.647s][info][gc,cpu      ] GC(1) User=0.01s Sys=0.00s Real=0.01s
[1.419s][info][gc,start    ] GC(2) Pause Young (Allocation Failure)
[1.439s][info][gc,heap     ] GC(2) PSYoungGen: 133186K(141824K)->7473K(141824K) Eden: 131072K(131072K)->0K(131072K) From: 2114K(10752K)->7473K(10752K)
[1.439s][info][gc,heap     ] GC(2) ParOldGen: 1165K(175104K)->1173K(175104K)
[1.439s][info][gc,metaspace] GC(2) Metaspace: 9429K(9664K)->9429K(9664K) NonClass: 7530K(7680K)->7530K(7680K) Class: 1899K(1984K)->1899K(1984K)
[1.439s][info][gc          ] GC(2) Pause Young (Allocation Failure) 131M->8M(309M) 20.632ms
[1.439s][info][gc,cpu      ] GC(2) User=0.04s Sys=0.01s Real=0.02s
[1.602s][info][gc,start    ] GC(3) Pause Young (Allocation Failure)
[1.619s][info][gc,heap     ] GC(3) PSYoungGen: 138545K(141824K)->10302K(272896K) Eden: 131072K(131072K)->0K(262144K) From: 7473K(10752K)->10302K(10752K)
[1.619s][info][gc,heap     ] GC(3) ParOldGen: 1173K(175104K)->1181K(175104K)
[1.619s][info][gc,metaspace] GC(3) Metaspace: 9480K(9664K)->9480K(9664K) NonClass: 7580K(7680K)->7580K(7680K) Class: 1899K(1984K)->1899K(1984K)
[1.619s][info][gc          ] GC(3) Pause Young (Allocation Failure) 136M->11M(437M) 16.526ms
[1.619s][info][gc,cpu      ] GC(3) User=0.02s Sys=0.01s Real=0.02s
[2.094s][info][gc,start    ] GC(4) Pause Young (Allocation Failure)
[2.118s][info][gc,heap     ] GC(4) PSYoungGen: 272446K(272896K)->10734K(272896K) Eden: 262144K(262144K)->0K(262144K) From: 10302K(10752K)->10734K(10752K)
[2.118s][info][gc,heap     ] GC(4) ParOldGen: 1181K(175104K)->5245K(175104K)
[2.118s][info][gc,metaspace] GC(4) Metaspace: 11498K(11648K)->11498K(11648K) NonClass: 8900K(8960K)->8900K(8960K) Class: 2598K(2688K)->2598K(2688K)
[2.118s][info][gc          ] GC(4) Pause Young (Allocation Failure) 267M->15M(437M) 24.061ms
[2.118s][info][gc,cpu      ] GC(4) User=0.03s Sys=0.01s Real=0.03s
[3.205s][info][metaspace   ] ChkMgr @0x00007f4b9003aa80 (non-class-space): failed to commit 595 words on chunk @0x00007f4b907c8760, f, base 0x00007f4b290b0000, level lv10.
[3.206s][info][metaspace   ] Arena @0x00007f4b901284a0 (non-class arena): failed to allocate new chunk for requested word size 595.
[3.206s][info][metaspace   ] Arena @0x00007f4b901284a0 (non-class arena): allocation failed, returned null.
[3.206s][info][metaspace   ] ChkMgr @0x00007f4b9003aa80 (non-class-space): failed to commit 595 words on chunk @0x00007f4b907c8760, f, base 0x00007f4b290b0000, level lv10.
[3.206s][info][metaspace   ] Arena @0x00007f4b901284a0 (non-class arena): failed to allocate new chunk for requested word size 595.
[3.206s][info][metaspace   ] Arena @0x00007f4b901284a0 (non-class arena): allocation failed, returned null.
[3.207s][info][metaspace   ] ChkMgr @0x00007f4b9003aa80 (non-class-space): failed to commit 595 words on chunk @0x00007f4b907c8760, f, base 0x00007f4b290b0000, level lv10.
[3.207s][info][metaspace   ] Arena @0x00007f4b901284a0 (non-class arena): failed to allocate new chunk for requested word size 595.
[3.207s][info][metaspace   ] Arena @0x00007f4b901284a0 (non-class arena): allocation failed, returned null.
[3.207s][info][gc,start    ] GC(5) Pause Full (Metadata GC Threshold)
[3.207s][info][gc,phases,start] GC(5) Marking Phase
[3.236s][info][gc,phases      ] GC(5) Marking Phase 29.170ms
[3.236s][info][gc,phases,start] GC(5) Summary Phase
[3.236s][info][gc,phases      ] GC(5) Summary Phase 0.013ms
[3.236s][info][gc,phases,start] GC(5) Forward
[3.241s][info][gc,phases      ] GC(5) Forward 4.616ms
[3.241s][info][gc,phases,start] GC(5) Adjust Pointers
[3.255s][info][gc,phases      ] GC(5) Adjust Pointers 14.076ms
[3.255s][info][gc,phases,start] GC(5) Compaction Phase
[3.270s][info][gc,phases      ] GC(5) Compaction Phase 15.428ms
[3.270s][info][gc,phases,start] GC(5) Post Compact
[3.271s][info][metaspace      ] ChkMgr @0x00007f4b9003aa80 (non-class-space): : reclaiming memory...
[3.271s][info][metaspace      ] ChkMgr @0x00007f4b9003aa80 (non-class-space): nothing reclaimed.
[3.271s][info][metaspace      ] ChkMgr @0x00007f4b9003a890 (class-space): : reclaiming memory...
[3.271s][info][metaspace      ] ChkMgr @0x00007f4b9003a890 (class-space): nothing reclaimed.
[3.272s][info][gc,phases      ] GC(5) Post Compact 1.658ms
[3.272s][info][gc,heap        ] GC(5) PSYoungGen: 64131K(272896K)->0K(272896K) Eden: 53396K(262144K)->0K(262144K) From: 10734K(10752K)->0K(10752K)
[3.272s][info][gc,heap        ] GC(5) ParOldGen: 5245K(175104K)->20454K(175104K)
[3.272s][info][gc,metaspace   ] GC(5) Metaspace: 21238K(21504K)->21192K(21504K) NonClass: 16491K(16640K)->16447K(16640K) Class: 4747K(4864K)->4745K(4864K)
[3.272s][info][gc             ] GC(5) Pause Full (Metadata GC Threshold) 67M->19M(437M) 65.451ms
[3.272s][info][gc,cpu         ] GC(5) User=0.10s Sys=0.02s Real=0.06s
[4.905s][info][gc,start       ] GC(6) Pause Young (Allocation Failure)
[4.914s][info][gc,heap        ] GC(6) PSYoungGen: 262144K(272896K)->3192K(316928K) Eden: 262144K(262144K)->0K(299520K) From: 0K(10752K)->3192K(17408K)
[4.914s][info][gc,heap        ] GC(6) ParOldGen: 20454K(175104K)->20462K(175104K)
[4.914s][info][gc,metaspace   ] GC(6) Metaspace: 26590K(27136K)->26590K(27136K) NonClass: 21203K(21568K)->21203K(21568K) Class: 5387K(5568K)->5387K(5568K)
[4.914s][info][gc             ] GC(6) Pause Young (Allocation Failure) 275M->23M(480M) 8.360ms
[4.914s][info][gc,cpu         ] GC(6) User=0.01s Sys=0.01s Real=0.01s
[6.256s][info][gc,start       ] GC(7) Pause Young (Allocation Failure)
[6.267s][info][gc,heap        ] GC(7) PSYoungGen: 302712K(316928K)->5528K(305152K) Eden: 299520K(299520K)->0K(299520K) From: 3192K(17408K)->5528K(5632K)
[6.267s][info][gc,heap        ] GC(7) ParOldGen: 20462K(175104K)->20462K(175104K)
[6.267s][info][gc,metaspace   ] GC(7) Metaspace: 32625K(33216K)->32625K(33216K) NonClass: 26423K(26816K)->26423K(26816K) Class: 6202K(6400K)->6202K(6400K)
[6.267s][info][gc             ] GC(7) Pause Young (Allocation Failure) 315M->25M(469M) 10.623ms
[6.267s][info][gc,cpu         ] GC(7) User=0.01s Sys=0.01s Real=0.02s
[7.477s][info][gc,start       ] GC(8) Pause Young (Allocation Failure)
[7.485s][info][gc,heap        ] GC(8) PSYoungGen: 305048K(305152K)->5442K(315392K) Eden: 299520K(299520K)->0K(300032K) From: 5528K(5632K)->5442K(15360K)
[7.485s][info][gc,heap        ] GC(8) ParOldGen: 20462K(175104K)->20462K(175104K)
[7.485s][info][gc,metaspace   ] GC(8) Metaspace: 32633K(33216K)->32633K(33216K) NonClass: 26431K(26816K)->26431K(26816K) Class: 6202K(6400K)->6202K(6400K)
[7.485s][info][gc             ] GC(8) Pause Young (Allocation Failure) 317M->25M(479M) 8.094ms
[7.485s][info][gc,cpu         ] GC(8) User=0.01s Sys=0.00s Real=0.00s
[7.760s][info][gc,start       ] GC(9) Pause Young (Allocation Failure)
[7.769s][info][gc,heap        ] GC(9) PSYoungGen: 305474K(315392K)->2496K(314880K) Eden: 300032K(300032K)->0K(300032K) From: 5442K(15360K)->2496K(14848K)
[7.769s][info][gc,heap        ] GC(9) ParOldGen: 20462K(175104K)->23391K(175104K)
[7.769s][info][gc,metaspace   ] GC(9) Metaspace: 32633K(33216K)->32633K(33216K) NonClass: 26431K(26816K)->26431K(26816K) Class: 6202K(6400K)->6202K(6400K)
[7.769s][info][gc             ] GC(9) Pause Young (Allocation Failure) 318M->25M(478M) 8.946ms
[7.769s][info][gc,cpu         ] GC(9) User=0.01s Sys=0.01s Real=0.01s
[8.047s][info][gc,start       ] GC(10) Pause Young (Allocation Failure)
[8.052s][info][gc,heap        ] GC(10) PSYoungGen: 302528K(314880K)->32K(317440K) Eden: 300032K(300032K)->0K(303104K) From: 2496K(14848K)->32K(14336K)
[8.052s][info][gc,heap        ] GC(10) ParOldGen: 23391K(175104K)->25873K(175104K)
[8.052s][info][gc,metaspace   ] GC(10) Metaspace: 32633K(33216K)->32633K(33216K) NonClass: 26431K(26816K)->26431K(26816K) Class: 6202K(6400K)->6202K(6400K)
[8.052s][info][gc             ] GC(10) Pause Young (Allocation Failure) 318M->25M(481M) 4.716ms
[8.052s][info][gc,cpu         ] GC(10) User=0.01s Sys=0.00s Real=0.00s
[8.952s][info][gc,start       ] GC(11) Pause Young (Allocation Failure)
[8.953s][info][gc,heap        ] GC(11) PSYoungGen: 303136K(317440K)->64K(317952K) Eden: 303104K(303104K)->0K(303104K) From: 32K(14336K)->64K(14848K)
[8.953s][info][gc,heap        ] GC(11) ParOldGen: 25873K(175104K)->25873K(175104K)
[8.953s][info][gc,metaspace   ] GC(11) Metaspace: 32761K(33344K)->32761K(33344K) NonClass: 26559K(26944K)->26559K(26944K) Class: 6202K(6400K)->6202K(6400K)
[8.953s][info][gc             ] GC(11) Pause Young (Allocation Failure) 321M->25M(481M) 0.969ms
[8.953s][info][gc,cpu         ] GC(11) User=0.00s Sys=0.00s Real=0.00s
[9.039s][info][gc,start       ] GC(12) Pause Young (Allocation Failure)
[9.040s][info][gc,heap        ] GC(12) PSYoungGen: 303168K(317952K)->32K(317952K) Eden: 303104K(303104K)->0K(304128K) From: 64K(14848K)->32K(13824K)
[9.040s][info][gc,heap        ] GC(12) ParOldGen: 25873K(175104K)->25889K(175104K)
[9.040s][info][gc,metaspace   ] GC(12) Metaspace: 32761K(33344K)->32761K(33344K) NonClass: 26559K(26944K)->26559K(26944K) Class: 6202K(6400K)->6202K(6400K)
[9.040s][info][gc             ] GC(12) Pause Young (Allocation Failure) 321M->25M(481M) 1.031ms
[9.040s][info][gc,cpu         ] GC(12) User=0.00s Sys=0.00s Real=0.00s
[9.188s][info][gc,start       ] GC(13) Pause Young (Allocation Failure)
[9.189s][info][gc,heap        ] GC(13) PSYoungGen: 304160K(317952K)->64K(318464K) Eden: 304128K(304128K)->0K(304128K) From: 32K(13824K)->64K(14336K)
[9.189s][info][gc,heap        ] GC(13) ParOldGen: 25889K(175104K)->25889K(175104K)
[9.189s][info][gc,metaspace   ] GC(13) Metaspace: 32768K(33344K)->32768K(33344K) NonClass: 26566K(26944K)->26566K(26944K) Class: 6202K(6400K)->6202K(6400K)
[9.189s][info][gc             ] GC(13) Pause Young (Allocation Failure) 322M->25M(482M) 0.935ms
[9.189s][info][gc,cpu         ] GC(13) User=0.00s Sys=0.00s Real=0.00s
[9.456s][info][gc,start       ] GC(14) Pause Young (Allocation Failure)
[9.457s][info][gc,heap        ] GC(14) PSYoungGen: 304192K(318464K)->32K(318464K) Eden: 304128K(304128K)->0K(305152K) From: 64K(14336K)->32K(13312K)
[9.457s][info][gc,heap        ] GC(14) ParOldGen: 25889K(175104K)->25905K(175104K)
[9.457s][info][gc,metaspace   ] GC(14) Metaspace: 32768K(33344K)->32768K(33344K) NonClass: 26566K(26944K)->26566K(26944K) Class: 6202K(6400K)->6202K(6400K)
[9.457s][info][gc             ] GC(14) Pause Young (Allocation Failure) 322M->25M(482M) 0.982ms
[9.457s][info][gc,cpu         ] GC(14) User=0.00s Sys=0.00s Real=0.01s
[9.817s][info][gc,start       ] GC(15) Pause Young (Allocation Failure)
[9.818s][info][gc,heap        ] GC(15) PSYoungGen: 305184K(318464K)->64K(293376K) Eden: 305152K(305152K)->0K(292864K) From: 32K(13312K)->64K(512K)
[9.818s][info][gc,heap        ] GC(15) ParOldGen: 25905K(175104K)->25905K(175104K)
[9.818s][info][gc,metaspace   ] GC(15) Metaspace: 32825K(33408K)->32825K(33408K) NonClass: 26622K(27008K)->26622K(27008K) Class: 6202K(6400K)->6202K(6400K)
[9.818s][info][gc             ] GC(15) Pause Young (Allocation Failure) 323M->25M(457M) 1.125ms
[9.818s][info][gc,cpu         ] GC(15) User=0.00s Sys=0.00s Real=0.00s
[10.022s][info][gc,start       ] GC(16) Pause Young (Allocation Failure)
[10.023s][info][gc,heap        ] GC(16) PSYoungGen: 292928K(293376K)->32K(281600K) Eden: 292864K(292864K)->0K(281088K) From: 64K(512K)->32K(512K)
[10.023s][info][gc,heap        ] GC(16) ParOldGen: 25905K(175104K)->25913K(175104K)
[10.023s][info][gc,metaspace   ] GC(16) Metaspace: 32825K(33408K)->32825K(33408K) NonClass: 26622K(27008K)->26622K(27008K) Class: 6202K(6400K)->6202K(6400K)
[10.023s][info][gc             ] GC(16) Pause Young (Allocation Failure) 311M->25M(446M) 1.623ms
[10.023s][info][gc,cpu         ] GC(16) User=0.00s Sys=0.01s Real=0.00s
[10.268s][info][gc,start       ] GC(17) Pause Young (Allocation Failure)
[10.269s][info][gc,heap        ] GC(17) PSYoungGen: 281120K(281600K)->64K(282624K) Eden: 281088K(281088K)->0K(269824K) From: 32K(512K)->64K(12800K)
[10.269s][info][gc,heap        ] GC(17) ParOldGen: 25913K(175104K)->25913K(175104K)
[10.269s][info][gc,metaspace   ] GC(17) Metaspace: 32825K(33408K)->32825K(33408K) NonClass: 26623K(27008K)->26623K(27008K) Class: 6202K(6400K)->6202K(6400K)
[10.269s][info][gc             ] GC(17) Pause Young (Allocation Failure) 299M->25M(447M) 1.000ms
[10.269s][info][gc,cpu         ] GC(17) User=0.00s Sys=0.00s Real=0.00s
[11.068s][info][gc,start       ] GC(18) Pause Young (Allocation Failure)
[11.070s][info][gc,heap        ] GC(18) PSYoungGen: 269888K(282624K)->64K(259584K) Eden: 269824K(269824K)->0K(259072K) From: 64K(12800K)->64K(512K)
[11.070s][info][gc,heap        ] GC(18) ParOldGen: 25913K(175104K)->25921K(175104K)
[11.070s][info][gc,metaspace   ] GC(18) Metaspace: 32833K(33408K)->32833K(33408K) NonClass: 26631K(27008K)->26631K(27008K) Class: 6202K(6400K)->6202K(6400K)
[11.070s][info][gc             ] GC(18) Pause Young (Allocation Failure) 288M->25M(424M) 1.797ms
[11.070s][info][gc,cpu         ] GC(18) User=0.00s Sys=0.00s Real=0.00s
[12.035s][info][gc,start       ] GC(19) Pause Young (Allocation Failure)
[12.036s][info][gc,heap        ] GC(19) PSYoungGen: 259136K(259584K)->64K(260608K) Eden: 259072K(259072K)->0K(248832K) From: 64K(512K)->64K(11776K)
[12.036s][info][gc,heap        ] GC(19) ParOldGen: 25921K(175104K)->25937K(175104K)
[12.036s][info][gc,metaspace   ] GC(19) Metaspace: 32867K(33472K)->32867K(33472K) NonClass: 26665K(27072K)->26665K(27072K) Class: 6202K(6400K)->6202K(6400K)
[12.036s][info][gc             ] GC(19) Pause Young (Allocation Failure) 278M->25M(425M) 0.873ms
[12.036s][info][gc,cpu         ] GC(19) User=0.00s Sys=0.00s Real=0.00s
[13.362s][info][gc,start       ] GC(20) Pause Young (Allocation Failure)
[13.363s][info][gc,heap        ] GC(20) PSYoungGen: 248896K(260608K)->64K(239616K) Eden: 248832K(248832K)->0K(239104K) From: 64K(11776K)->64K(512K)
[13.363s][info][gc,heap        ] GC(20) ParOldGen: 25937K(175104K)->25945K(175104K)
[13.363s][info][gc,metaspace   ] GC(20) Metaspace: 32891K(33472K)->32891K(33472K) NonClass: 26688K(27072K)->26688K(27072K) Class: 6202K(6400K)->6202K(6400K)
[13.363s][info][gc             ] GC(20) Pause Young (Allocation Failure) 268M->25M(405M) 1.601ms
[13.363s][info][gc,cpu         ] GC(20) User=0.00s Sys=0.00s Real=0.00s
[13.699s][info][gc,start       ] GC(21) Pause Young (Allocation Failure)
[13.700s][info][gc,heap        ] GC(21) PSYoungGen: 239168K(239616K)->64K(240640K) Eden: 239104K(239104K)->0K(229888K) From: 64K(512K)->64K(10752K)
[13.700s][info][gc,heap        ] GC(21) ParOldGen: 25945K(175104K)->25961K(175104K)
[13.700s][info][gc,metaspace   ] GC(21) Metaspace: 32900K(33472K)->32900K(33472K) NonClass: 26698K(27072K)->26698K(27072K) Class: 6202K(6400K)->6202K(6400K)
[13.700s][info][gc             ] GC(21) Pause Young (Allocation Failure) 258M->25M(406M) 1.198ms
[13.700s][info][gc,cpu         ] GC(21) User=0.00s Sys=0.00s Real=0.00s
[14.271s][info][gc,start       ] GC(22) Pause Young (Allocation Failure)
[14.272s][info][gc,heap        ] GC(22) PSYoungGen: 229952K(240640K)->64K(221696K) Eden: 229888K(229888K)->0K(221184K) From: 64K(10752K)->64K(512K)
[14.272s][info][gc,heap        ] GC(22) ParOldGen: 25961K(175104K)->25969K(175104K)
[14.272s][info][gc,metaspace   ] GC(22) Metaspace: 32917K(33472K)->32917K(33472K) NonClass: 26715K(27072K)->26715K(27072K) Class: 6202K(6400K)->6202K(6400K)
[14.272s][info][gc             ] GC(22) Pause Young (Allocation Failure) 249M->25M(387M) 1.713ms
[14.272s][info][gc,cpu         ] GC(22) User=0.00s Sys=0.00s Real=0.00s
[16.555s][info][gc,start       ] GC(23) Pause Young (Allocation Failure)
[16.555s][info][gc,heap        ] GC(23) PSYoungGen: 221248K(221696K)->64K(222720K) Eden: 221184K(221184K)->0K(212992K) From: 64K(512K)->64K(9728K)
[16.555s][info][gc,heap        ] GC(23) ParOldGen: 25969K(175104K)->25985K(175104K)
[16.555s][info][gc,metaspace   ] GC(23) Metaspace: 32975K(33600K)->32975K(33600K) NonClass: 26772K(27200K)->26772K(27200K) Class: 6202K(6400K)->6202K(6400K)
[16.555s][info][gc             ] GC(23) Pause Young (Allocation Failure) 241M->25M(388M) 0.860ms
[16.555s][info][gc,cpu         ] GC(23) User=0.00s Sys=0.00s Real=0.00s
[17.070s][info][gc,start       ] GC(24) Pause Young (Allocation Failure)
[17.072s][info][gc,heap        ] GC(24) PSYoungGen: 213056K(222720K)->32K(205824K) Eden: 212992K(212992K)->0K(205312K) From: 64K(9728K)->32K(512K)
[17.072s][info][gc,heap        ] GC(24) ParOldGen: 25985K(175104K)->26001K(175104K)
[17.072s][info][gc,metaspace   ] GC(24) Metaspace: 32983K(33600K)->32983K(33600K) NonClass: 26781K(27200K)->26781K(27200K) Class: 6202K(6400K)->6202K(6400K)
[17.072s][info][gc             ] GC(24) Pause Young (Allocation Failure) 233M->25M(372M) 1.868ms
[17.072s][info][gc,cpu         ] GC(24) User=0.00s Sys=0.00s Real=0.00s
[17.863s][info][gc,start       ] GC(25) Pause Young (Allocation Failure)
[17.865s][info][gc,heap        ] GC(25) PSYoungGen: 205344K(205824K)->32K(206336K) Eden: 205312K(205312K)->0K(197632K) From: 32K(512K)->32K(8704K)
[17.866s][info][gc,heap        ] GC(25) ParOldGen: 26001K(175104K)->26009K(175104K)
[17.866s][info][gc,metaspace   ] GC(25) Metaspace: 33132K(33728K)->33132K(33728K) NonClass: 26930K(27328K)->26930K(27328K) Class: 6202K(6400K)->6202K(6400K)
[17.866s][info][gc             ] GC(25) Pause Young (Allocation Failure) 225M->25M(372M) 2.319ms
[17.866s][info][gc,cpu         ] GC(25) User=0.00s Sys=0.00s Real=0.00s
[18.176s][info][gc,start       ] GC(26) Pause Young (Allocation Failure)
[18.178s][info][gc,heap        ] GC(26) PSYoungGen: 197664K(206336K)->64K(190976K) Eden: 197632K(197632K)->0K(190464K) From: 32K(8704K)->64K(512K)
[18.178s][info][gc,heap        ] GC(26) ParOldGen: 26009K(175104K)->26025K(175104K)
[18.178s][info][gc,metaspace   ] GC(26) Metaspace: 33155K(33792K)->33155K(33792K) NonClass: 26953K(27392K)->26953K(27392K) Class: 6202K(6400K)->6202K(6400K)
[18.178s][info][gc             ] GC(26) Pause Young (Allocation Failure) 218M->25M(357M) 1.819ms
[18.178s][info][gc,cpu         ] GC(26) User=0.00s Sys=0.00s Real=0.01s
[18.382s][info][gc,start       ] GC(27) Pause Young (Allocation Failure)
[18.383s][info][gc,heap        ] GC(27) PSYoungGen: 190528K(190976K)->64K(191488K) Eden: 190464K(190464K)->0K(183808K) From: 64K(512K)->64K(7680K)
[18.383s][info][gc,heap        ] GC(27) ParOldGen: 26025K(175104K)->26041K(175104K)
[18.383s][info][gc,metaspace   ] GC(27) Metaspace: 33200K(33792K)->33200K(33792K) NonClass: 26998K(27392K)->26998K(27392K) Class: 6202K(6400K)->6202K(6400K)
[18.383s][info][gc             ] GC(27) Pause Young (Allocation Failure) 211M->25M(358M) 1.182ms
[18.383s][info][gc,cpu         ] GC(27) User=0.00s Sys=0.00s Real=0.00s
[18.856s][info][gc,start       ] GC(28) Pause Young (Allocation Failure)
[18.857s][info][gc,heap        ] GC(28) PSYoungGen: 183872K(191488K)->64K(177664K) Eden: 183808K(183808K)->0K(177152K) From: 64K(7680K)->64K(512K)
[18.857s][info][gc,heap        ] GC(28) ParOldGen: 26041K(175104K)->26057K(175104K)
[18.857s][info][gc,metaspace   ] GC(28) Metaspace: 33207K(33856K)->33207K(33856K) NonClass: 27005K(27456K)->27005K(27456K) Class: 6202K(6400K)->6202K(6400K)
[18.857s][info][gc             ] GC(28) Pause Young (Allocation Failure) 204M->25M(344M) 1.889ms
[18.857s][info][gc,cpu         ] GC(28) User=0.00s Sys=0.00s Real=0.01s
[19.228s][info][gc,start       ] GC(29) Pause Young (Allocation Failure)
[19.229s][info][gc,heap        ] GC(29) PSYoungGen: 177216K(177664K)->32K(177664K) Eden: 177152K(177152K)->0K(171008K) From: 64K(512K)->32K(6656K)
[19.229s][info][gc,heap        ] GC(29) ParOldGen: 26057K(175104K)->26073K(175104K)
[19.229s][info][gc,metaspace   ] GC(29) Metaspace: 33207K(33856K)->33207K(33856K) NonClass: 27005K(27456K)->27005K(27456K) Class: 6202K(6400K)->6202K(6400K)
[19.229s][info][gc             ] GC(29) Pause Young (Allocation Failure) 198M->25M(344M) 1.332ms
[19.229s][info][gc,cpu         ] GC(29) User=0.00s Sys=0.00s Real=0.00s
[19.720s][info][gc,start       ] GC(30) Pause Young (Allocation Failure)
[19.722s][info][gc,heap        ] GC(30) PSYoungGen: 171040K(177664K)->96K(165376K) Eden: 171008K(171008K)->0K(164864K) From: 32K(6656K)->96K(512K)
[19.722s][info][gc,heap        ] GC(30) ParOldGen: 26073K(175104K)->26081K(175104K)
[19.722s][info][gc,metaspace   ] GC(30) Metaspace: 33366K(33984K)->33366K(33984K) NonClass: 27157K(27584K)->27157K(27584K) Class: 6209K(6400K)->6209K(6400K)
[19.722s][info][gc             ] GC(30) Pause Young (Allocation Failure) 192M->25M(332M) 2.603ms
[19.722s][info][gc,cpu         ] GC(30) User=0.00s Sys=0.00s Real=0.00s
[20.563s][info][gc,start       ] GC(31) Pause Young (Allocation Failure)
[20.577s][info][gc,heap        ] GC(31) PSYoungGen: 164960K(165376K)->6129K(165376K) Eden: 164864K(164864K)->0K(159232K) From: 96K(512K)->6129K(6144K)
[20.577s][info][gc,heap        ] GC(31) ParOldGen: 26081K(175104K)->27718K(175104K)
[20.577s][info][gc,metaspace   ] GC(31) Metaspace: 34015K(34624K)->34015K(34624K) NonClass: 27758K(28160K)->27758K(28160K) Class: 6257K(6464K)->6257K(6464K)
[20.577s][info][gc             ] GC(31) Pause Young (Allocation Failure) 186M->33M(332M) 13.420ms
[20.577s][info][gc,cpu         ] GC(31) User=0.02s Sys=0.00s Real=0.02s
[21.009s][info][gc,start       ] GC(32) Pause Young (Allocation Failure)
[21.045s][info][gc,heap        ] GC(32) PSYoungGen: 165361K(165376K)->6144K(213504K) Eden: 159232K(159232K)->0K(207360K) From: 6129K(6144K)->6144K(6144K)
[21.045s][info][gc,heap        ] GC(32) ParOldGen: 27718K(175104K)->38286K(175104K)
[21.045s][info][gc,metaspace   ] GC(32) Metaspace: 34043K(34688K)->34043K(34688K) NonClass: 27786K(28224K)->27786K(28224K) Class: 6257K(6464K)->6257K(6464K)
[21.045s][info][gc             ] GC(32) Pause Young (Allocation Failure) 188M->43M(379M) 35.423ms
[21.045s][info][gc,cpu         ] GC(32) User=0.05s Sys=0.02s Real=0.03s
[21.506s][info][gc,start       ] GC(33) Pause Young (Allocation Failure)
[21.549s][info][gc,heap        ] GC(33) PSYoungGen: 213504K(213504K)->13312K(232960K) Eden: 207360K(207360K)->0K(219648K) From: 6144K(6144K)->13312K(13312K)
[21.549s][info][gc,heap        ] GC(33) ParOldGen: 38286K(175104K)->47142K(175104K)
[21.549s][info][gc,metaspace   ] GC(33) Metaspace: 34052K(34688K)->34052K(34688K) NonClass: 27793K(28224K)->27793K(28224K) Class: 6258K(6464K)->6258K(6464K)
[21.549s][info][gc             ] GC(33) Pause Young (Allocation Failure) 245M->59M(398M) 43.144ms
[21.549s][info][gc,cpu         ] GC(33) User=0.08s Sys=0.00s Real=0.05s
[21.896s][info][gc,start       ] GC(34) Pause Young (Allocation Failure)
[21.980s][info][gc,heap        ] GC(34) PSYoungGen: 232960K(232960K)->18944K(272896K) Eden: 219648K(219648K)->0K(253952K) From: 13312K(13312K)->18944K(18944K)
[21.981s][info][gc,heap        ] GC(34) ParOldGen: 47142K(175104K)->51622K(175104K)
[21.981s][info][gc,metaspace   ] GC(34) Metaspace: 34053K(34688K)->34053K(34688K) NonClass: 27795K(28224K)->27795K(28224K) Class: 6258K(6464K)->6258K(6464K)
[21.981s][info][gc             ] GC(34) Pause Young (Allocation Failure) 273M->68M(437M) 84.240ms
[21.981s][info][gc,cpu         ] GC(34) User=0.15s Sys=0.02s Real=0.09s
[22.167s][info][gc,start       ] GC(35) Pause Young (Allocation Failure)
[22.170s][info][gc,heap        ] GC(35) PSYoungGen: 272896K(272896K)->352K(278528K) Eden: 253952K(253952K)->0K(253952K) From: 18944K(18944K)->352K(24576K)
[22.170s][info][gc,heap        ] GC(35) ParOldGen: 51622K(175104K)->51782K(175104K)
[22.170s][info][gc,metaspace   ] GC(35) Metaspace: 34064K(34688K)->34064K(34688K) NonClass: 27804K(28224K)->27804K(28224K) Class: 6260K(6464K)->6260K(6464K)
[22.170s][info][gc             ] GC(35) Pause Young (Allocation Failure) 316M->50M(443M) 3.473ms
[22.170s][info][gc,cpu         ] GC(35) User=0.01s Sys=0.00s Real=0.00s
[22.760s][info][gc,start       ] GC(36) Pause Young (Allocation Failure)
[22.761s][info][gc,heap        ] GC(36) PSYoungGen: 254304K(278528K)->64K(306688K) Eden: 253952K(253952K)->0K(285184K) From: 352K(24576K)->64K(21504K)
[22.761s][info][gc,heap        ] GC(36) ParOldGen: 51782K(175104K)->51790K(175104K)
[22.761s][info][gc,metaspace   ] GC(36) Metaspace: 34065K(34688K)->34065K(34688K) NonClass: 27804K(28224K)->27804K(28224K) Class: 6260K(6464K)->6260K(6464K)
[22.761s][info][gc             ] GC(36) Pause Young (Allocation Failure) 298M->50M(470M) 0.911ms
[22.761s][info][gc,cpu         ] GC(36) User=0.00s Sys=0.00s Real=0.00s
[23.605s][info][gc,start       ] GC(37) Pause Young (Allocation Failure)
[23.606s][info][gc,heap        ] GC(37) PSYoungGen: 285248K(306688K)->64K(308224K) Eden: 285184K(285184K)->0K(285184K) From: 64K(21504K)->64K(23040K)
[23.606s][info][gc,heap        ] GC(37) ParOldGen: 51790K(175104K)->51798K(175104K)
[23.606s][info][gc,metaspace   ] GC(37) Metaspace: 34065K(34688K)->34065K(34688K) NonClass: 27804K(28224K)->27804K(28224K) Class: 6260K(6464K)->6260K(6464K)
[23.606s][info][gc             ] GC(37) Pause Young (Allocation Failure) 329M->50M(472M) 1.001ms
[23.606s][info][gc,cpu         ] GC(37) User=0.00s Sys=0.00s Real=0.00s
[24.633s][info][gc,start       ] GC(38) Pause Young (Allocation Failure)
[24.634s][info][gc,heap        ] GC(38) PSYoungGen: 285248K(308224K)->64K(308224K) Eden: 285184K(285184K)->0K(288256K) From: 64K(23040K)->64K(19968K)
[24.634s][info][gc,heap        ] GC(38) ParOldGen: 51798K(175104K)->51814K(175104K)
[24.634s][info][gc,metaspace   ] GC(38) Metaspace: 34076K(34752K)->34076K(34752K) NonClass: 27816K(28288K)->27816K(28288K) Class: 6260K(6464K)->6260K(6464K)
[24.634s][info][gc             ] GC(38) Pause Young (Allocation Failure) 329M->50M(472M) 1.720ms
[24.634s][info][gc,cpu         ] GC(38) User=0.00s Sys=0.00s Real=0.00s
[24.910s][info][gc,start       ] GC(39) Pause Young (Allocation Failure)
[24.912s][info][gc,heap        ] GC(39) PSYoungGen: 288320K(308224K)->32K(309760K) Eden: 288256K(288256K)->0K(288256K) From: 64K(19968K)->32K(21504K)
[24.912s][info][gc,heap        ] GC(39) ParOldGen: 51814K(175104K)->51830K(175104K)
[24.912s][info][gc,metaspace   ] GC(39) Metaspace: 34076K(34752K)->34076K(34752K) NonClass: 27816K(28288K)->27816K(28288K) Class: 6260K(6464K)->6260K(6464K)
[24.912s][info][gc             ] GC(39) Pause Young (Allocation Failure) 332M->50M(473M) 1.571ms
[24.912s][info][gc,cpu         ] GC(39) User=0.00s Sys=0.00s Real=0.00s
[25.186s][info][gc,start       ] GC(40) Pause Young (Allocation Failure)
[25.187s][info][gc,heap        ] GC(40) PSYoungGen: 288288K(309760K)->32K(309760K) Eden: 288256K(288256K)->0K(291840K) From: 32K(21504K)->32K(17920K)
[25.187s][info][gc,heap        ] GC(40) ParOldGen: 51830K(175104K)->51830K(175104K)
[25.187s][info][gc,metaspace   ] GC(40) Metaspace: 34076K(34752K)->34076K(34752K) NonClass: 27816K(28288K)->27816K(28288K) Class: 6260K(6464K)->6260K(6464K)
[25.188s][info][gc             ] GC(40) Pause Young (Allocation Failure) 332M->50M(473M) 1.429ms
[25.188s][info][gc,cpu         ] GC(40) User=0.00s Sys=0.00s Real=0.01s
[25.957s][info][gc,start       ] GC(41) Pause Young (Allocation Failure)
[25.958s][info][gc,heap        ] GC(41) PSYoungGen: 291872K(309760K)->64K(311296K) Eden: 291840K(291840K)->0K(291840K) From: 32K(17920K)->64K(19456K)
[25.958s][info][gc,heap        ] GC(41) ParOldGen: 51830K(175104K)->51830K(175104K)
[25.958s][info][gc,metaspace   ] GC(41) Metaspace: 34088K(34752K)->34088K(34752K) NonClass: 27827K(28288K)->27827K(28288K) Class: 6260K(6464K)->6260K(6464K)
[25.958s][info][gc             ] GC(41) Pause Young (Allocation Failure) 335M->50M(475M) 1.452ms
[25.958s][info][gc,cpu         ] GC(41) User=0.00s Sys=0.00s Real=0.01s
[26.155s][info][gc,start       ] GC(42) Pause Young (Allocation Failure)
[26.156s][info][gc,heap        ] GC(42) PSYoungGen: 291904K(311296K)->64K(312832K) Eden: 291840K(291840K)->0K(295936K) From: 64K(19456K)->64K(16896K)
[26.156s][info][gc,heap        ] GC(42) ParOldGen: 51830K(175104K)->51846K(175104K)
[26.156s][info][gc,metaspace   ] GC(42) Metaspace: 34088K(34752K)->34088K(34752K) NonClass: 27827K(28288K)->27827K(28288K) Class: 6260K(6464K)->6260K(6464K)
[26.156s][info][gc             ] GC(42) Pause Young (Allocation Failure) 335M->50M(476M) 1.212ms
[26.156s][info][gc,cpu         ] GC(42) User=0.00s Sys=0.00s Real=0.00s
[26.229s][info][gc,start       ] GC(43) Pause Young (Allocation Failure)
[26.230s][info][gc,heap        ] GC(43) PSYoungGen: 296000K(312832K)->64K(313856K) Eden: 295936K(295936K)->0K(295936K) From: 64K(16896K)->64K(17920K)
[26.230s][info][gc,heap        ] GC(43) ParOldGen: 51846K(175104K)->51862K(175104K)
[26.230s][info][gc,metaspace   ] GC(43) Metaspace: 34088K(34752K)->34088K(34752K) NonClass: 27827K(28288K)->27827K(28288K) Class: 6260K(6464K)->6260K(6464K)
[26.230s][info][gc             ] GC(43) Pause Young (Allocation Failure) 339M->50M(477M) 0.811ms
[26.230s][info][gc,cpu         ] GC(43) User=0.00s Sys=0.00s Real=0.00s
[26.405s][info][gc,start       ] GC(44) Pause Young (Allocation Failure)
[26.405s][info][gc,heap        ] GC(44) PSYoungGen: 296000K(313856K)->64K(284672K) Eden: 295936K(295936K)->0K(284160K) From: 64K(17920K)->64K(512K)
[26.405s][info][gc,heap        ] GC(44) ParOldGen: 51862K(175104K)->51862K(175104K)
[26.405s][info][gc,metaspace   ] GC(44) Metaspace: 34088K(34752K)->34088K(34752K) NonClass: 27827K(28288K)->27827K(28288K) Class: 6260K(6464K)->6260K(6464K)
[26.405s][info][gc             ] GC(44) Pause Young (Allocation Failure) 339M->50M(449M) 0.897ms
[26.405s][info][gc,cpu         ] GC(44) User=0.00s Sys=0.00s Real=0.00s
[26.665s][info][gc,start       ] GC(45) Pause Young (Allocation Failure)
[26.665s][info][gc,heap        ] GC(45) PSYoungGen: 284224K(284672K)->64K(288768K) Eden: 284160K(284160K)->0K(272896K) From: 64K(512K)->64K(15872K)
[26.665s][info][gc,heap        ] GC(45) ParOldGen: 51862K(175104K)->51870K(175104K)
[26.665s][info][gc,metaspace   ] GC(45) Metaspace: 34088K(34752K)->34088K(34752K) NonClass: 27827K(28288K)->27827K(28288K) Class: 6260K(6464K)->6260K(6464K)
[26.665s][info][gc             ] GC(45) Pause Young (Allocation Failure) 328M->50M(453M) 0.781ms
[26.665s][info][gc,cpu         ] GC(45) User=0.00s Sys=0.00s Real=0.00s
[26.894s][info][gc,start       ] GC(46) Pause Young (Allocation Failure)
[26.895s][info][gc,heap        ] GC(46) PSYoungGen: 272960K(288768K)->64K(262656K) Eden: 272896K(272896K)->0K(262144K) From: 64K(15872K)->64K(512K)
[26.895s][info][gc,heap        ] GC(46) ParOldGen: 51870K(175104K)->51878K(175104K)
[26.895s][info][gc,metaspace   ] GC(46) Metaspace: 34088K(34752K)->34088K(34752K) NonClass: 27827K(28288K)->27827K(28288K) Class: 6260K(6464K)->6260K(6464K)
[26.895s][info][gc             ] GC(46) Pause Young (Allocation Failure) 317M->50M(427M) 0.853ms
[26.895s][info][gc,cpu         ] GC(46) User=0.00s Sys=0.00s Real=0.00s
[27.038s][info][gc,start       ] GC(47) Pause Young (Allocation Failure)
[27.038s][info][gc,heap        ] GC(47) PSYoungGen: 262208K(262656K)->64K(265728K) Eden: 262144K(262144K)->0K(251904K) From: 64K(512K)->64K(13824K)
[27.038s][info][gc,heap        ] GC(47) ParOldGen: 51878K(175104K)->51894K(175104K)
[27.038s][info][gc,metaspace   ] GC(47) Metaspace: 34109K(34752K)->34109K(34752K) NonClass: 27848K(28288K)->27848K(28288K) Class: 6260K(6464K)->6260K(6464K)
[27.038s][info][gc             ] GC(47) Pause Young (Allocation Failure) 306M->50M(430M) 0.698ms
[27.038s][info][gc,cpu         ] GC(47) User=0.00s Sys=0.00s Real=0.00s
[27.225s][info][gc,start       ] GC(48) Pause Young (Allocation Failure)
[27.227s][info][gc,heap        ] GC(48) PSYoungGen: 251968K(265728K)->64K(242688K) Eden: 251904K(251904K)->0K(242176K) From: 64K(13824K)->64K(512K)
[27.227s][info][gc,heap        ] GC(48) ParOldGen: 51894K(175104K)->51894K(175104K)
[27.227s][info][gc,metaspace   ] GC(48) Metaspace: 34109K(34752K)->34109K(34752K) NonClass: 27848K(28288K)->27848K(28288K) Class: 6260K(6464K)->6260K(6464K)
[27.227s][info][gc             ] GC(48) Pause Young (Allocation Failure) 296M->50M(408M) 1.537ms
[27.227s][info][gc,cpu         ] GC(48) User=0.01s Sys=0.00s Real=0.01s
[27.661s][info][gc,start       ] GC(49) Pause Young (Allocation Failure)
[27.662s][info][gc,heap        ] GC(49) PSYoungGen: 242240K(242688K)->64K(245248K) Eden: 242176K(242176K)->0K(232960K) From: 64K(512K)->64K(12288K)
[27.662s][info][gc,heap        ] GC(49) ParOldGen: 51894K(175104K)->51902K(175104K)
[27.662s][info][gc,metaspace   ] GC(49) Metaspace: 34109K(34752K)->34109K(34752K) NonClass: 27848K(28288K)->27848K(28288K) Class: 6260K(6464K)->6260K(6464K)
[27.662s][info][gc             ] GC(49) Pause Young (Allocation Failure) 287M->50M(410M) 0.828ms
[27.662s][info][gc,cpu         ] GC(49) User=0.00s Sys=0.00s Real=0.00s
[28.913s][info][gc,start       ] GC(50) Pause Young (Allocation Failure)
[28.915s][info][gc,heap        ] GC(50) PSYoungGen: 233024K(245248K)->83K(224768K) Eden: 232960K(232960K)->0K(224256K) From: 64K(12288K)->83K(512K)
[28.915s][info][gc,heap        ] GC(50) ParOldGen: 51902K(175104K)->51918K(175104K)
[28.915s][info][gc,metaspace   ] GC(50) Metaspace: 34136K(34816K)->34136K(34816K) NonClass: 27875K(28352K)->27875K(28352K) Class: 6260K(6464K)->6260K(6464K)
[28.915s][info][gc             ] GC(50) Pause Young (Allocation Failure) 278M->50M(390M) 2.284ms
[28.915s][info][gc,cpu         ] GC(50) User=0.00s Sys=0.00s Real=0.00s
[29.442s][info][gc,start       ] GC(51) Pause Young (Allocation Failure)
[29.443s][info][gc,heap        ] GC(51) PSYoungGen: 224339K(224768K)->64K(226816K) Eden: 224256K(224256K)->0K(216064K) From: 83K(512K)->64K(10752K)
[29.443s][info][gc,heap        ] GC(51) ParOldGen: 51918K(175104K)->51934K(175104K)
[29.443s][info][gc,metaspace   ] GC(51) Metaspace: 34136K(34816K)->34136K(34816K) NonClass: 27875K(28352K)->27875K(28352K) Class: 6260K(6464K)->6260K(6464K)
[29.443s][info][gc             ] GC(51) Pause Young (Allocation Failure) 269M->50M(392M) 1.283ms
[29.443s][info][gc,cpu         ] GC(51) User=0.00s Sys=0.00s Real=0.00s
[30.407s][info][gc,start       ] GC(52) Pause Young (Allocation Failure)
[30.409s][info][gc,heap        ] GC(52) PSYoungGen: 216128K(226816K)->64K(208384K) Eden: 216064K(216064K)->0K(207872K) From: 64K(10752K)->64K(512K)
[30.409s][info][gc,heap        ] GC(52) ParOldGen: 51934K(175104K)->51950K(175104K)
[30.409s][info][gc,metaspace   ] GC(52) Metaspace: 34136K(34816K)->34136K(34816K) NonClass: 27875K(28352K)->27875K(28352K) Class: 6260K(6464K)->6260K(6464K)
[30.409s][info][gc             ] GC(52) Pause Young (Allocation Failure) 261M->50M(374M) 2.045ms
[30.409s][info][gc,cpu         ] GC(52) User=0.00s Sys=0.00s Real=0.00s
[30.724s][info][gc,start       ] GC(53) Pause Young (Allocation Failure)
[30.725s][info][gc,heap        ] GC(53) PSYoungGen: 207936K(208384K)->64K(209408K) Eden: 207872K(207872K)->0K(200192K) From: 64K(512K)->64K(9216K)
[30.725s][info][gc,heap        ] GC(53) ParOldGen: 51950K(175104K)->51966K(175104K)
[30.725s][info][gc,metaspace   ] GC(53) Metaspace: 34136K(34816K)->34136K(34816K) NonClass: 27875K(28352K)->27875K(28352K) Class: 6260K(6464K)->6260K(6464K)
[30.725s][info][gc             ] GC(53) Pause Young (Allocation Failure) 253M->50M(375M) 1.171ms
[30.725s][info][gc,cpu         ] GC(53) User=0.01s Sys=0.00s Real=0.00s
[31.230s][info][gc,start       ] GC(54) Pause Young (Allocation Failure)
[31.232s][info][gc,heap        ] GC(54) PSYoungGen: 200256K(209408K)->32K(193536K) Eden: 200192K(200192K)->0K(193024K) From: 64K(9216K)->32K(512K)
[31.232s][info][gc,heap        ] GC(54) ParOldGen: 51966K(175104K)->51974K(175104K)
[31.232s][info][gc,metaspace   ] GC(54) Metaspace: 34136K(34816K)->34136K(34816K) NonClass: 27875K(28352K)->27875K(28352K) Class: 6260K(6464K)->6260K(6464K)
[31.232s][info][gc             ] GC(54) Pause Young (Allocation Failure) 246M->50M(360M) 2.333ms
[31.232s][info][gc,cpu         ] GC(54) User=0.00s Sys=0.00s Real=0.00s
[33.364s][info][gc,start       ] GC(55) Pause Young (Allocation Failure)
[33.365s][info][gc,heap        ] GC(55) PSYoungGen: 193056K(193536K)->64K(194048K) Eden: 193024K(193024K)->0K(185856K) From: 32K(512K)->64K(8192K)
[33.365s][info][gc,heap        ] GC(55) ParOldGen: 51974K(175104K)->51982K(175104K)
[33.365s][info][gc,metaspace   ] GC(55) Metaspace: 34136K(34816K)->34136K(34816K) NonClass: 27876K(28352K)->27876K(28352K) Class: 6260K(6464K)->6260K(6464K)
[33.365s][info][gc             ] GC(55) Pause Young (Allocation Failure) 239M->50M(360M) 0.938ms
[33.365s][info][gc,cpu         ] GC(55) User=0.00s Sys=0.00s Real=0.00s
[33.823s][info][gc,start       ] GC(56) Pause Young (Allocation Failure)
[33.825s][info][gc,heap        ] GC(56) PSYoungGen: 185920K(194048K)->64K(179712K) Eden: 185856K(185856K)->0K(179200K) From: 64K(8192K)->64K(512K)
[33.825s][info][gc,heap        ] GC(56) ParOldGen: 51982K(175104K)->51990K(175104K)
[33.825s][info][gc,metaspace   ] GC(56) Metaspace: 34136K(34816K)->34136K(34816K) NonClass: 27876K(28352K)->27876K(28352K) Class: 6260K(6464K)->6260K(6464K)
[33.825s][info][gc             ] GC(56) Pause Young (Allocation Failure) 232M->50M(346M) 1.697ms
[33.825s][info][gc,cpu         ] GC(56) User=0.01s Sys=0.00s Real=0.00s
[34.543s][info][gc,start       ] GC(57) Pause Young (Allocation Failure)
[34.544s][info][gc,heap        ] GC(57) PSYoungGen: 179264K(179712K)->64K(180224K) Eden: 179200K(179200K)->0K(173056K) From: 64K(512K)->64K(7168K)
[34.544s][info][gc,heap        ] GC(57) ParOldGen: 51990K(175104K)->51998K(175104K)
[34.544s][info][gc,metaspace   ] GC(57) Metaspace: 34136K(34816K)->34136K(34816K) NonClass: 27876K(28352K)->27876K(28352K) Class: 6260K(6464K)->6260K(6464K)
[34.544s][info][gc             ] GC(57) Pause Young (Allocation Failure) 225M->50M(347M) 0.943ms
[34.544s][info][gc,cpu         ] GC(57) User=0.00s Sys=0.00s Real=0.00s
[34.818s][info][gc,start       ] GC(58) Pause Young (Allocation Failure)
[34.819s][info][gc,heap        ] GC(58) PSYoungGen: 173120K(180224K)->64K(167424K) Eden: 173056K(173056K)->0K(166912K) From: 64K(7168K)->64K(512K)
[34.819s][info][gc,heap        ] GC(58) ParOldGen: 51998K(175104K)->52006K(175104K)
[34.819s][info][gc,metaspace   ] GC(58) Metaspace: 34136K(34816K)->34136K(34816K) NonClass: 27876K(28352K)->27876K(28352K) Class: 6260K(6464K)->6260K(6464K)
[34.819s][info][gc             ] GC(58) Pause Young (Allocation Failure) 219M->50M(334M) 1.327ms
[34.819s][info][gc,cpu         ] GC(58) User=0.00s Sys=0.00s Real=0.00s
[34.905s][info][gc,start       ] GC(59) Pause Young (Allocation Failure)
[34.906s][info][gc,heap        ] GC(59) PSYoungGen: 166976K(167424K)->32K(167424K) Eden: 166912K(166912K)->0K(161280K) From: 64K(512K)->32K(6144K)
[34.906s][info][gc,heap        ] GC(59) ParOldGen: 52006K(175104K)->52022K(175104K)
[34.906s][info][gc,metaspace   ] GC(59) Metaspace: 34136K(34816K)->34136K(34816K) NonClass: 27876K(28352K)->27876K(28352K) Class: 6260K(6464K)->6260K(6464K)
[34.906s][info][gc             ] GC(59) Pause Young (Allocation Failure) 213M->50M(334M) 1.153ms
[34.906s][info][gc,cpu         ] GC(59) User=0.00s Sys=0.00s Real=0.00s
[35.245s][info][gc,start       ] GC(60) Pause Young (Allocation Failure)
[35.247s][info][gc,heap        ] GC(60) PSYoungGen: 161312K(167424K)->32K(156160K) Eden: 161280K(161280K)->0K(155648K) From: 32K(6144K)->32K(512K)
[35.247s][info][gc,heap        ] GC(60) ParOldGen: 52022K(175104K)->52030K(175104K)
[35.247s][info][gc,metaspace   ] GC(60) Metaspace: 34138K(34816K)->34138K(34816K) NonClass: 27878K(28352K)->27878K(28352K) Class: 6260K(6464K)->6260K(6464K)
[35.247s][info][gc             ] GC(60) Pause Young (Allocation Failure) 208M->50M(323M) 1.727ms
[35.247s][info][gc,cpu         ] GC(60) User=0.00s Sys=0.00s Real=0.01s
[35.720s][info][gc,start       ] GC(61) Pause Young (Allocation Failure)
[35.721s][info][gc,heap        ] GC(61) PSYoungGen: 155680K(156160K)->64K(155648K) Eden: 155648K(155648K)->0K(150528K) From: 32K(512K)->64K(5120K)
[35.721s][info][gc,heap        ] GC(61) ParOldGen: 52030K(175104K)->52046K(175104K)
[35.721s][info][gc,metaspace   ] GC(61) Metaspace: 34138K(34816K)->34138K(34816K) NonClass: 27878K(28352K)->27878K(28352K) Class: 6260K(6464K)->6260K(6464K)
[35.721s][info][gc             ] GC(61) Pause Young (Allocation Failure) 202M->50M(323M) 0.853ms
[35.721s][info][gc,cpu         ] GC(61) User=0.00s Sys=0.00s Real=0.00s
[35.889s][info][gc,start       ] GC(62) Pause Young (Allocation Failure)
[35.890s][info][gc,heap        ] GC(62) PSYoungGen: 150592K(155648K)->64K(145920K) Eden: 150528K(150528K)->0K(145408K) From: 64K(5120K)->64K(512K)
[35.890s][info][gc,heap        ] GC(62) ParOldGen: 52046K(175104K)->52046K(175104K)
[35.890s][info][gc,metaspace   ] GC(62) Metaspace: 34138K(34816K)->34138K(34816K) NonClass: 27878K(28352K)->27878K(28352K) Class: 6260K(6464K)->6260K(6464K)
[35.890s][info][gc             ] GC(62) Pause Young (Allocation Failure) 197M->50M(313M) 1.344ms
[35.890s][info][gc,cpu         ] GC(62) User=0.01s Sys=0.00s Real=0.00s
[36.133s][info][gc,start       ] GC(63) Pause Young (Allocation Failure)
[36.134s][info][gc,heap        ] GC(63) PSYoungGen: 145472K(145920K)->64K(145408K) Eden: 145408K(145408K)->0K(140800K) From: 64K(512K)->64K(4608K)
[36.134s][info][gc,heap        ] GC(63) ParOldGen: 52046K(175104K)->52054K(175104K)
[36.134s][info][gc,metaspace   ] GC(63) Metaspace: 34138K(34816K)->34138K(34816K) NonClass: 27878K(28352K)->27878K(28352K) Class: 6260K(6464K)->6260K(6464K)
[36.134s][info][gc             ] GC(63) Pause Young (Allocation Failure) 192M->50M(313M) 0.736ms
[36.134s][info][gc,cpu         ] GC(63) User=0.00s Sys=0.00s Real=0.00s
[36.447s][info][gc,start       ] GC(64) Pause Young (Allocation Failure)
[36.465s][info][gc,heap        ] GC(64) PSYoungGen: 140864K(145408K)->4096K(173056K) Eden: 140800K(140800K)->0K(168960K) From: 64K(4608K)->4096K(4096K)
[36.465s][info][gc,heap        ] GC(64) ParOldGen: 52054K(175104K)->57334K(175104K)
[36.465s][info][gc,metaspace   ] GC(64) Metaspace: 34138K(34816K)->34138K(34816K) NonClass: 27878K(28352K)->27878K(28352K) Class: 6260K(6464K)->6260K(6464K)
[36.465s][info][gc             ] GC(64) Pause Young (Allocation Failure) 188M->59M(340M) 18.130ms
[36.465s][info][gc,cpu         ] GC(64) User=0.03s Sys=0.01s Real=0.01s
[36.685s][info][gc,start       ] GC(65) Pause Young (Allocation Failure)
[36.721s][info][gc,heap        ] GC(65) PSYoungGen: 173056K(173056K)->7168K(209920K) Eden: 168960K(168960K)->0K(202752K) From: 4096K(4096K)->7168K(7168K)
[36.721s][info][gc,heap        ] GC(65) ParOldGen: 57334K(175104K)->68182K(175104K)
[36.721s][info][gc,metaspace   ] GC(65) Metaspace: 34138K(34816K)->34138K(34816K) NonClass: 27878K(28352K)->27878K(28352K) Class: 6260K(6464K)->6260K(6464K)
[36.721s][info][gc             ] GC(65) Pause Young (Allocation Failure) 224M->73M(376M) 36.910ms
[36.721s][info][gc,cpu         ] GC(65) User=0.06s Sys=0.01s Real=0.04s
[36.993s][info][gc,start       ] GC(66) Pause Young (Allocation Failure)
[37.040s][info][gc,heap        ] GC(66) PSYoungGen: 209920K(209920K)->3584K(215040K) Eden: 202752K(202752K)->0K(211456K) From: 7168K(7168K)->3584K(3584K)
[37.040s][info][gc,heap        ] GC(66) ParOldGen: 68182K(175104K)->86390K(175104K)
[37.040s][info][gc,metaspace   ] GC(66) Metaspace: 34138K(34816K)->34138K(34816K) NonClass: 27878K(28352K)->27878K(28352K) Class: 6260K(6464K)->6260K(6464K)
[37.040s][info][gc             ] GC(66) Pause Young (Allocation Failure) 271M->87M(381M) 47.044ms
[37.040s][info][gc,cpu         ] GC(66) User=0.07s Sys=0.02s Real=0.05s
[37.291s][info][gc,start       ] GC(67) Pause Young (Allocation Failure)
[37.330s][info][gc,heap        ] GC(67) PSYoungGen: 215040K(215040K)->18944K(230400K) Eden: 211456K(211456K)->0K(211456K) From: 3584K(3584K)->18944K(18944K)
[37.330s][info][gc,heap        ] GC(67) ParOldGen: 86390K(175104K)->88494K(175104K)
[37.330s][info][gc,metaspace   ] GC(67) Metaspace: 34138K(34816K)->34138K(34816K) NonClass: 27878K(28352K)->27878K(28352K) Class: 6260K(6464K)->6260K(6464K)
[37.330s][info][gc             ] GC(67) Pause Young (Allocation Failure) 294M->104M(396M) 38.390ms
[37.330s][info][gc,cpu         ] GC(67) User=0.08s Sys=0.00s Real=0.04s
[37.436s][info][gc,start       ] GC(68) Pause Young (Allocation Failure)
[37.437s][info][gc,heap        ] GC(68) PSYoungGen: 230400K(230400K)->32K(276480K) Eden: 211456K(211456K)->0K(253952K) From: 18944K(18944K)->32K(22528K)
[37.437s][info][gc,heap        ] GC(68) ParOldGen: 88494K(175104K)->88558K(175104K)
[37.437s][info][gc,metaspace   ] GC(68) Metaspace: 34138K(34816K)->34138K(34816K) NonClass: 27878K(28352K)->27878K(28352K) Class: 6260K(6464K)->6260K(6464K)
[37.437s][info][gc             ] GC(68) Pause Young (Allocation Failure) 311M->86M(441M) 1.300ms
[37.437s][info][gc,cpu         ] GC(68) User=0.01s Sys=0.00s Real=0.01s
[37.954s][info][gc,start       ] GC(69) Pause Young (Allocation Failure)
[37.955s][info][gc,heap        ] GC(69) PSYoungGen: 253984K(276480K)->64K(276992K) Eden: 253952K(253952K)->0K(253952K) From: 32K(22528K)->64K(23040K)
[37.955s][info][gc,heap        ] GC(69) ParOldGen: 88558K(175104K)->88558K(175104K)
[37.955s][info][gc,metaspace   ] GC(69) Metaspace: 34138K(34816K)->34138K(34816K) NonClass: 27878K(28352K)->27878K(28352K) Class: 6260K(6464K)->6260K(6464K)
[37.955s][info][gc             ] GC(69) Pause Young (Allocation Failure) 334M->86M(441M) 1.024ms
[37.955s][info][gc,cpu         ] GC(69) User=0.00s Sys=0.00s Real=0.00s
[38.690s][info][gc,start       ] GC(70) Pause Young (Allocation Failure)
[38.691s][info][gc,heap        ] GC(70) PSYoungGen: 254016K(276992K)->64K(310272K) Eden: 253952K(253952K)->0K(288768K) From: 64K(23040K)->64K(21504K)
[38.691s][info][gc,heap        ] GC(70) ParOldGen: 88558K(175104K)->88566K(175104K)
[38.691s][info][gc,metaspace   ] GC(70) Metaspace: 34138K(34816K)->34138K(34816K) NonClass: 27878K(28352K)->27878K(28352K) Class: 6260K(6464K)->6260K(6464K)
[38.691s][info][gc             ] GC(70) Pause Young (Allocation Failure) 334M->86M(474M) 1.112ms
[38.691s][info][gc,cpu         ] GC(70) User=0.00s Sys=0.00s Real=0.00s
[39.743s][info][gc,start       ] GC(71) Pause Young (Allocation Failure)
[39.744s][info][gc,heap        ] GC(71) PSYoungGen: 288832K(310272K)->64K(310272K) Eden: 288768K(288768K)->0K(288768K) From: 64K(21504K)->64K(21504K)
[39.744s][info][gc,heap        ] GC(71) ParOldGen: 88566K(175104K)->88582K(175104K)
[39.744s][info][gc,metaspace   ] GC(71) Metaspace: 34161K(34816K)->34161K(34816K) NonClass: 27900K(28352K)->27900K(28352K) Class: 6260K(6464K)->6260K(6464K)
[39.744s][info][gc             ] GC(71) Pause Young (Allocation Failure) 368M->86M(474M) 1.132ms
[39.744s][info][gc,cpu         ] GC(71) User=0.00s Sys=0.00s Real=0.00s
[40.007s][info][gc,start       ] GC(72) Pause Young (Allocation Failure)
[40.008s][info][gc,heap        ] GC(72) PSYoungGen: 288832K(310272K)->32K(311296K) Eden: 288768K(288768K)->0K(291840K) From: 64K(21504K)->32K(19456K)
[40.008s][info][gc,heap        ] GC(72) ParOldGen: 88582K(175104K)->88598K(175104K)
[40.008s][info][gc,metaspace   ] GC(72) Metaspace: 34161K(34816K)->34161K(34816K) NonClass: 27900K(28352K)->27900K(28352K) Class: 6260K(6464K)->6260K(6464K)
[40.008s][info][gc             ] GC(72) Pause Young (Allocation Failure) 368M->86M(475M) 1.142ms
[40.008s][info][gc,cpu         ] GC(72) User=0.00s Sys=0.00s Real=0.00s
[40.275s][info][gc,start       ] GC(73) Pause Young (Allocation Failure)
[40.276s][info][gc,heap        ] GC(73) PSYoungGen: 291872K(311296K)->32K(311296K) Eden: 291840K(291840K)->0K(291840K) From: 32K(19456K)->32K(19456K)
[40.276s][info][gc,heap        ] GC(73) ParOldGen: 88598K(175104K)->88598K(175104K)
[40.276s][info][gc,metaspace   ] GC(73) Metaspace: 34161K(34816K)->34161K(34816K) NonClass: 27900K(28352K)->27900K(28352K) Class: 6260K(6464K)->6260K(6464K)
[40.276s][info][gc             ] GC(73) Pause Young (Allocation Failure) 371M->86M(475M) 1.123ms
[40.276s][info][gc,cpu         ] GC(73) User=0.01s Sys=0.00s Real=0.00s
[40.767s][info][gc,start       ] GC(74) Pause Young (Allocation Failure)
[40.768s][info][gc,heap        ] GC(74) PSYoungGen: 291872K(311296K)->64K(312832K) Eden: 291840K(291840K)->0K(295424K) From: 32K(19456K)->64K(17408K)
[40.768s][info][gc,heap        ] GC(74) ParOldGen: 88598K(175104K)->88598K(175104K)
[40.768s][info][gc,metaspace   ] GC(74) Metaspace: 34176K(34816K)->34176K(34816K) NonClass: 27916K(28352K)->27916K(28352K) Class: 6260K(6464K)->6260K(6464K)
[40.768s][info][gc             ] GC(74) Pause Young (Allocation Failure) 371M->86M(476M) 1.056ms
[40.768s][info][gc,cpu         ] GC(74) User=0.00s Sys=0.00s Real=0.00s
[40.949s][info][gc,start       ] GC(75) Pause Young (Allocation Failure)
[40.950s][info][gc,heap        ] GC(75) PSYoungGen: 295488K(312832K)->64K(313344K) Eden: 295424K(295424K)->0K(295424K) From: 64K(17408K)->64K(17920K)
[40.950s][info][gc,heap        ] GC(75) ParOldGen: 88598K(175104K)->88614K(175104K)
[40.950s][info][gc,metaspace   ] GC(75) Metaspace: 34176K(34816K)->34176K(34816K) NonClass: 27916K(28352K)->27916K(28352K) Class: 6260K(6464K)->6260K(6464K)
[40.951s][info][gc             ] GC(75) Pause Young (Allocation Failure) 375M->86M(477M) 1.281ms
[40.951s][info][gc,cpu         ] GC(75) User=0.01s Sys=0.00s Real=0.00s
[41.021s][info][gc,start       ] GC(76) Pause Young (Allocation Failure)
[41.022s][info][gc,heap        ] GC(76) PSYoungGen: 295488K(313344K)->32K(314368K) Eden: 295424K(295424K)->0K(299008K) From: 64K(17920K)->32K(15360K)
[41.022s][info][gc,heap        ] GC(76) ParOldGen: 88614K(175104K)->88622K(175104K)
[41.022s][info][gc,metaspace   ] GC(76) Metaspace: 34176K(34816K)->34176K(34816K) NonClass: 27916K(28352K)->27916K(28352K) Class: 6260K(6464K)->6260K(6464K)
[41.022s][info][gc             ] GC(76) Pause Young (Allocation Failure) 375M->86M(478M) 1.320ms
[41.022s][info][gc,cpu         ] GC(76) User=0.00s Sys=0.00s Real=0.00s
[41.177s][info][gc,start       ] GC(77) Pause Young (Allocation Failure)
[41.178s][info][gc,heap        ] GC(77) PSYoungGen: 299040K(314368K)->64K(314880K) Eden: 299008K(299008K)->0K(299008K) From: 32K(15360K)->64K(15872K)
[41.178s][info][gc,heap        ] GC(77) ParOldGen: 88622K(175104K)->88622K(175104K)
[41.179s][info][gc,metaspace   ] GC(77) Metaspace: 34177K(34816K)->34177K(34816K) NonClass: 27917K(28352K)->27917K(28352K) Class: 6260K(6464K)->6260K(6464K)
[41.179s][info][gc             ] GC(77) Pause Young (Allocation Failure) 378M->86M(478M) 1.459ms
[41.179s][info][gc,cpu         ] GC(77) User=0.00s Sys=0.00s Real=0.00s
[41.439s][info][gc,start       ] GC(78) Pause Young (Allocation Failure)
[41.440s][info][gc,heap        ] GC(78) PSYoungGen: 299072K(314880K)->64K(287744K) Eden: 299008K(299008K)->0K(287232K) From: 64K(15872K)->64K(512K)
[41.440s][info][gc,heap        ] GC(78) ParOldGen: 88622K(175104K)->88630K(175104K)
[41.440s][info][gc,metaspace   ] GC(78) Metaspace: 34177K(34816K)->34177K(34816K) NonClass: 27917K(28352K)->27917K(28352K) Class: 6260K(6464K)->6260K(6464K)
[41.440s][info][gc             ] GC(78) Pause Young (Allocation Failure) 378M->86M(452M) 1.404ms
[41.440s][info][gc,cpu         ] GC(78) User=0.00s Sys=0.00s Real=0.00s
[41.648s][info][gc,start       ] GC(79) Pause Young (Allocation Failure)
[41.650s][info][gc,heap        ] GC(79) PSYoungGen: 287296K(287744K)->64K(290304K) Eden: 287232K(287232K)->0K(275968K) From: 64K(512K)->64K(14336K)
[41.650s][info][gc,heap        ] GC(79) ParOldGen: 88630K(175104K)->88638K(175104K)
[41.650s][info][gc,metaspace   ] GC(79) Metaspace: 34177K(34816K)->34177K(34816K) NonClass: 27917K(28352K)->27917K(28352K) Class: 6260K(6464K)->6260K(6464K)
[41.650s][info][gc             ] GC(79) Pause Young (Allocation Failure) 367M->86M(454M) 1.315ms
[41.650s][info][gc,cpu         ] GC(79) User=0.00s Sys=0.00s Real=0.00s
[41.734s][info][gc,start       ] GC(80) Pause Young (Allocation Failure)
[41.735s][info][gc,heap        ] GC(80) PSYoungGen: 276032K(290304K)->64K(265728K) Eden: 275968K(275968K)->0K(265216K) From: 64K(14336K)->64K(512K)
[41.735s][info][gc,heap        ] GC(80) ParOldGen: 88638K(175104K)->88654K(175104K)
[41.735s][info][gc,metaspace   ] GC(80) Metaspace: 34177K(34816K)->34177K(34816K) NonClass: 27917K(28352K)->27917K(28352K) Class: 6260K(6464K)->6260K(6464K)
[41.735s][info][gc             ] GC(80) Pause Young (Allocation Failure) 356M->86M(430M) 0.944ms
[41.735s][info][gc,cpu         ] GC(80) User=0.00s Sys=0.00s Real=0.00s
[41.942s][info][gc,start       ] GC(81) Pause Young (Allocation Failure)
[41.943s][info][gc,heap        ] GC(81) PSYoungGen: 265280K(265728K)->64K(267264K) Eden: 265216K(265216K)->0K(254976K) From: 64K(512K)->64K(12288K)
[41.943s][info][gc,heap        ] GC(81) ParOldGen: 88654K(175104K)->88654K(175104K)
[41.943s][info][gc,metaspace   ] GC(81) Metaspace: 34177K(34816K)->34177K(34816K) NonClass: 27917K(28352K)->27917K(28352K) Class: 6260K(6464K)->6260K(6464K)
[41.943s][info][gc             ] GC(81) Pause Young (Allocation Failure) 345M->86M(432M) 1.357ms
[41.943s][info][gc,cpu         ] GC(81) User=0.00s Sys=0.00s Real=0.00s
[42.479s][info][gc,start       ] GC(82) Pause Young (Allocation Failure)
[42.481s][info][gc,heap        ] GC(82) PSYoungGen: 255040K(267264K)->64K(245760K) Eden: 254976K(254976K)->0K(245248K) From: 64K(12288K)->64K(512K)
[42.481s][info][gc,heap        ] GC(82) ParOldGen: 88654K(175104K)->88670K(175104K)
[42.481s][info][gc,metaspace   ] GC(82) Metaspace: 34193K(34880K)->34193K(34880K) NonClass: 27933K(28416K)->27933K(28416K) Class: 6260K(6464K)->6260K(6464K)
[42.481s][info][gc             ] GC(82) Pause Young (Allocation Failure) 335M->86M(411M) 1.731ms
[42.481s][info][gc,cpu         ] GC(82) User=0.01s Sys=0.00s Real=0.00s
[43.196s][info][gc,start       ] GC(83) Pause Young (Allocation Failure)
[43.197s][info][gc,heap        ] GC(83) PSYoungGen: 245312K(245760K)->69K(246784K) Eden: 245248K(245248K)->0K(236032K) From: 64K(512K)->69K(10752K)
[43.197s][info][gc,heap        ] GC(83) ParOldGen: 88670K(175104K)->88678K(175104K)
[43.197s][info][gc,metaspace   ] GC(83) Metaspace: 34193K(34880K)->34193K(34880K) NonClass: 27933K(28416K)->27933K(28416K) Class: 6260K(6464K)->6260K(6464K)
[43.197s][info][gc             ] GC(83) Pause Young (Allocation Failure) 326M->86M(412M) 1.266ms
[43.197s][info][gc,cpu         ] GC(83) User=0.00s Sys=0.00s Real=0.01s
[44.439s][info][gc,start       ] GC(84) Pause Young (Allocation Failure)
[44.442s][info][gc,heap        ] GC(84) PSYoungGen: 236101K(246784K)->32K(227328K) Eden: 236032K(236032K)->0K(226816K) From: 69K(10752K)->32K(512K)
[44.442s][info][gc,heap        ] GC(84) ParOldGen: 88678K(175104K)->88686K(175104K)
[44.442s][info][gc,metaspace   ] GC(84) Metaspace: 34196K(34880K)->34196K(34880K) NonClass: 27935K(28416K)->27935K(28416K) Class: 6260K(6464K)->6260K(6464K)
[44.442s][info][gc             ] GC(84) Pause Young (Allocation Failure) 317M->86M(393M) 2.218ms
[44.442s][info][gc,cpu         ] GC(84) User=0.00s Sys=0.00s Real=0.00s
[44.694s][info][gc,start       ] GC(85) Pause Young (Allocation Failure)
[44.695s][info][gc,heap        ] GC(85) PSYoungGen: 226848K(227328K)->64K(227840K) Eden: 226816K(226816K)->0K(218112K) From: 32K(512K)->64K(9728K)
[44.695s][info][gc,heap        ] GC(85) ParOldGen: 88686K(175104K)->88694K(175104K)
[44.695s][info][gc,metaspace   ] GC(85) Metaspace: 34196K(34880K)->34196K(34880K) NonClass: 27935K(28416K)->27935K(28416K) Class: 6260K(6464K)->6260K(6464K)
[44.695s][info][gc             ] GC(85) Pause Young (Allocation Failure) 308M->86M(393M) 0.830ms
[44.695s][info][gc,cpu         ] GC(85) User=0.00s Sys=0.00s Real=0.00s
[45.161s][info][gc,start       ] GC(86) Pause Young (Allocation Failure)
[45.163s][info][gc,heap        ] GC(86) PSYoungGen: 218176K(227840K)->64K(210432K) Eden: 218112K(218112K)->0K(209920K) From: 64K(9728K)->64K(512K)
[45.163s][info][gc,heap        ] GC(86) ParOldGen: 88694K(175104K)->88702K(175104K)
[45.163s][info][gc,metaspace   ] GC(86) Metaspace: 34196K(34880K)->34196K(34880K) NonClass: 27935K(28416K)->27935K(28416K) Class: 6260K(6464K)->6260K(6464K)
[45.163s][info][gc             ] GC(86) Pause Young (Allocation Failure) 299M->86M(376M) 1.690ms
[45.163s][info][gc,cpu         ] GC(86) User=0.00s Sys=0.00s Real=0.00s
[47.231s][info][gc,start       ] GC(87) Pause Young (Allocation Failure)
[47.232s][info][gc,heap        ] GC(87) PSYoungGen: 209984K(210432K)->64K(210432K) Eden: 209920K(209920K)->0K(202240K) From: 64K(512K)->64K(8192K)
[47.232s][info][gc,heap        ] GC(87) ParOldGen: 88702K(175104K)->88710K(175104K)
[47.232s][info][gc,metaspace   ] GC(87) Metaspace: 34313K(35008K)->34313K(35008K) NonClass: 28053K(28544K)->28053K(28544K) Class: 6260K(6464K)->6260K(6464K)
[47.232s][info][gc             ] GC(87) Pause Young (Allocation Failure) 291M->86M(376M) 0.966ms
[47.232s][info][gc,cpu         ] GC(87) User=0.00s Sys=0.00s Real=0.00s
[47.693s][info][gc,start       ] GC(88) Pause Young (Allocation Failure)
[47.694s][info][gc,heap        ] GC(88) PSYoungGen: 202304K(210432K)->64K(195584K) Eden: 202240K(202240K)->0K(195072K) From: 64K(8192K)->64K(512K)
[47.695s][info][gc,heap        ] GC(88) ParOldGen: 88710K(175104K)->88718K(175104K)
[47.695s][info][gc,metaspace   ] GC(88) Metaspace: 34313K(35008K)->34313K(35008K) NonClass: 28053K(28544K)->28053K(28544K) Class: 6260K(6464K)->6260K(6464K)
[47.695s][info][gc             ] GC(88) Pause Young (Allocation Failure) 284M->86M(362M) 1.727ms
[47.695s][info][gc,cpu         ] GC(88) User=0.00s Sys=0.00s Real=0.00s
[48.475s][info][gc,start       ] GC(89) Pause Young (Allocation Failure)
[48.476s][info][gc,heap        ] GC(89) PSYoungGen: 195136K(195584K)->64K(195072K) Eden: 195072K(195072K)->0K(187904K) From: 64K(512K)->64K(7168K)
[48.476s][info][gc,heap        ] GC(89) ParOldGen: 88718K(175104K)->88726K(175104K)
[48.476s][info][gc,metaspace   ] GC(89) Metaspace: 34313K(35008K)->34313K(35008K) NonClass: 28053K(28544K)->28053K(28544K) Class: 6260K(6464K)->6260K(6464K)
[48.476s][info][gc             ] GC(89) Pause Young (Allocation Failure) 277M->86M(361M) 0.886ms
[48.476s][info][gc,cpu         ] GC(89) User=0.00s Sys=0.00s Real=0.00s
[48.757s][info][gc,start       ] GC(90) Pause Young (Allocation Failure)
[48.759s][info][gc,heap        ] GC(90) PSYoungGen: 187968K(195072K)->64K(181760K) Eden: 187904K(187904K)->0K(181248K) From: 64K(7168K)->64K(512K)
[48.759s][info][gc,heap        ] GC(90) ParOldGen: 88726K(175104K)->88734K(175104K)
[48.759s][info][gc,metaspace   ] GC(90) Metaspace: 34313K(35008K)->34313K(35008K) NonClass: 28053K(28544K)->28053K(28544K) Class: 6260K(6464K)->6260K(6464K)
[48.759s][info][gc             ] GC(90) Pause Young (Allocation Failure) 270M->86M(348M) 1.657ms
[48.759s][info][gc,cpu         ] GC(90) User=0.00s Sys=0.00s Real=0.00s
[48.807s][info][gc,start       ] GC(91) Pause Young (Allocation Failure)
[48.808s][info][gc,heap        ] GC(91) PSYoungGen: 181312K(181760K)->32K(181248K) Eden: 181248K(181248K)->0K(175104K) From: 64K(512K)->32K(6144K)
[48.808s][info][gc,heap        ] GC(91) ParOldGen: 88734K(175104K)->88742K(175104K)
[48.808s][info][gc,metaspace   ] GC(91) Metaspace: 34313K(35008K)->34313K(35008K) NonClass: 28053K(28544K)->28053K(28544K) Class: 6260K(6464K)->6260K(6464K)
[48.808s][info][gc             ] GC(91) Pause Young (Allocation Failure) 263M->86M(348M) 1.348ms
[48.808s][info][gc,cpu         ] GC(91) User=0.00s Sys=0.00s Real=0.00s
[49.181s][info][gc,start       ] GC(92) Pause Young (Allocation Failure)
[49.183s][info][gc,heap        ] GC(92) PSYoungGen: 175136K(181248K)->64K(169472K) Eden: 175104K(175104K)->0K(168960K) From: 32K(6144K)->64K(512K)
[49.183s][info][gc,heap        ] GC(92) ParOldGen: 88742K(175104K)->88742K(175104K)
[49.183s][info][gc,metaspace   ] GC(92) Metaspace: 34340K(35008K)->34340K(35008K) NonClass: 28079K(28544K)->28079K(28544K) Class: 6260K(6464K)->6260K(6464K)
[49.183s][info][gc             ] GC(92) Pause Young (Allocation Failure) 257M->86M(336M) 1.844ms
[49.183s][info][gc,cpu         ] GC(92) User=0.00s Sys=0.00s Real=0.00s
[49.702s][info][gc,start       ] GC(93) Pause Young (Allocation Failure)
[49.703s][info][gc,heap        ] GC(93) PSYoungGen: 169024K(169472K)->32K(168960K) Eden: 168960K(168960K)->0K(163328K) From: 64K(512K)->32K(5632K)
[49.703s][info][gc,heap        ] GC(93) ParOldGen: 88742K(175104K)->88758K(175104K)
[49.703s][info][gc,metaspace   ] GC(93) Metaspace: 34340K(35008K)->34340K(35008K) NonClass: 28079K(28544K)->28079K(28544K) Class: 6260K(6464K)->6260K(6464K)
[49.703s][info][gc             ] GC(93) Pause Young (Allocation Failure) 251M->86M(336M) 1.343ms
[49.703s][info][gc,cpu         ] GC(93) User=0.00s Sys=0.00s Real=0.00s
[49.845s][info][gc,start       ] GC(94) Pause Young (Allocation Failure)
[49.847s][info][gc,heap        ] GC(94) PSYoungGen: 163360K(168960K)->64K(158208K) Eden: 163328K(163328K)->0K(157696K) From: 32K(5632K)->64K(512K)
[49.847s][info][gc,heap        ] GC(94) ParOldGen: 88758K(175104K)->88758K(175104K)
[49.847s][info][gc,metaspace   ] GC(94) Metaspace: 34340K(35008K)->34340K(35008K) NonClass: 28079K(28544K)->28079K(28544K) Class: 6260K(6464K)->6260K(6464K)
[49.847s][info][gc             ] GC(94) Pause Young (Allocation Failure) 246M->86M(325M) 1.817ms
[49.847s][info][gc,cpu         ] GC(94) User=0.00s Sys=0.00s Real=0.01s
[50.226s][info][gc,start       ] GC(95) Pause Young (Allocation Failure)
[50.227s][info][gc,heap        ] GC(95) PSYoungGen: 157760K(158208K)->64K(157184K) Eden: 157696K(157696K)->0K(152576K) From: 64K(512K)->64K(4608K)
[50.227s][info][gc,heap        ] GC(95) ParOldGen: 88758K(175104K)->88766K(175104K)
[50.227s][info][gc,metaspace   ] GC(95) Metaspace: 34355K(35072K)->34355K(35072K) NonClass: 28094K(28608K)->28094K(28608K) Class: 6260K(6464K)->6260K(6464K)
[50.227s][info][gc             ] GC(95) Pause Young (Allocation Failure) 240M->86M(324M) 1.607ms
[50.227s][info][gc,cpu         ] GC(95) User=0.00s Sys=0.00s Real=0.01s
[50.417s][info][gc,start       ] GC(96) Pause Young (Allocation Failure)
[50.469s][info][gc,heap        ] GC(96) PSYoungGen: 152640K(157184K)->4096K(187392K) Eden: 152576K(152576K)->0K(183296K) From: 64K(4608K)->4096K(4096K)
[50.469s][info][gc,heap        ] GC(96) ParOldGen: 88766K(175104K)->100774K(175104K)
[50.469s][info][gc,metaspace   ] GC(96) Metaspace: 34355K(35072K)->34355K(35072K) NonClass: 28094K(28608K)->28094K(28608K) Class: 6260K(6464K)->6260K(6464K)
[50.469s][info][gc             ] GC(96) Pause Young (Allocation Failure) 235M->102M(354M) 51.858ms
[50.469s][info][gc,cpu         ] GC(96) User=0.06s Sys=0.00s Real=0.05s
[50.710s][info][gc,start       ] GC(97) Pause Young (Allocation Failure)
[50.751s][info][gc,heap        ] GC(97) PSYoungGen: 187392K(187392K)->9728K(229888K) Eden: 183296K(183296K)->0K(220160K) From: 4096K(4096K)->9728K(9728K)
[50.751s][info][gc,heap        ] GC(97) ParOldGen: 100774K(175104K)->110830K(175104K)
[50.751s][info][gc,metaspace   ] GC(97) Metaspace: 34355K(35072K)->34355K(35072K) NonClass: 28094K(28608K)->28094K(28608K) Class: 6260K(6464K)->6260K(6464K)
[50.751s][info][gc             ] GC(97) Pause Young (Allocation Failure) 281M->117M(395M) 40.887ms
[50.751s][info][gc,cpu         ] GC(97) User=0.07s Sys=0.02s Real=0.04s
[51.031s][info][gc,start       ] GC(98) Pause Young (Allocation Failure)
[51.079s][info][gc,heap        ] GC(98) PSYoungGen: 229888K(229888K)->9216K(229888K) Eden: 220160K(220160K)->0K(220672K) From: 9728K(9728K)->9216K(9216K)
[51.079s][info][gc,heap        ] GC(98) ParOldGen: 110830K(175104K)->125198K(175104K)
[51.079s][info][gc,metaspace   ] GC(98) Metaspace: 34355K(35072K)->34355K(35072K) NonClass: 28094K(28608K)->28094K(28608K) Class: 6260K(6464K)->6260K(6464K)
[51.079s][info][gc             ] GC(98) Pause Young (Allocation Failure) 332M->131M(395M) 47.604ms
[51.079s][info][gc,cpu         ] GC(98) User=0.09s Sys=0.00s Real=0.05s
[51.253s][info][gc,start       ] GC(99) Pause Young (Allocation Failure)
[51.274s][info][gc,heap        ] GC(99) PSYoungGen: 229888K(229888K)->10336K(242688K) Eden: 220672K(220672K)->0K(220672K) From: 9216K(9216K)->10336K(22016K)
[51.274s][info][gc,heap        ] GC(99) ParOldGen: 125198K(175104K)->125726K(175104K)
[51.274s][info][gc,metaspace   ] GC(99) Metaspace: 34362K(35072K)->34362K(35072K) NonClass: 28101K(28608K)->28101K(28608K) Class: 6260K(6464K)->6260K(6464K)
[51.274s][info][gc             ] GC(99) Pause Young (Allocation Failure) 346M->132M(408M) 21.428ms
[51.274s][info][gc,cpu         ] GC(99) User=0.04s Sys=0.00s Real=0.02s
[51.404s][info][gc,start       ] GC(100) Pause Young (Allocation Failure)
[51.406s][info][gc,heap        ] GC(100) PSYoungGen: 231008K(242688K)->64K(286208K) Eden: 220672K(220672K)->0K(265216K) From: 10336K(22016K)->64K(20992K)
[51.406s][info][gc,heap        ] GC(100) ParOldGen: 125726K(175104K)->125742K(175104K)
[51.406s][info][gc,metaspace   ] GC(100) Metaspace: 34362K(35072K)->34362K(35072K) NonClass: 28101K(28608K)->28101K(28608K) Class: 6260K(6464K)->6260K(6464K)
[51.406s][info][gc             ] GC(100) Pause Young (Allocation Failure) 348M->122M(450M) 1.636ms
[51.406s][info][gc,cpu         ] GC(100) User=0.00s Sys=0.00s Real=0.00s
[52.159s][info][gc,start       ] GC(101) Pause Young (Allocation Failure)
[52.161s][info][gc,heap        ] GC(101) PSYoungGen: 265280K(286208K)->64K(286720K) Eden: 265216K(265216K)->0K(265216K) From: 64K(20992K)->64K(21504K)
[52.161s][info][gc,heap        ] GC(101) ParOldGen: 125742K(175104K)->125750K(175104K)
[52.161s][info][gc,metaspace   ] GC(101) Metaspace: 34362K(35072K)->34362K(35072K) NonClass: 28101K(28608K)->28101K(28608K) Class: 6260K(6464K)->6260K(6464K)
[52.161s][info][gc             ] GC(101) Pause Young (Allocation Failure) 381M->122M(451M) 1.658ms
[52.161s][info][gc,cpu         ] GC(101) User=0.00s Sys=0.00s Real=0.00s
[52.807s][info][gc,start       ] GC(102) Pause Young (Allocation Failure)
[52.809s][info][gc,heap        ] GC(102) PSYoungGen: 265280K(286720K)->64K(310272K) Eden: 265216K(265216K)->0K(291328K) From: 64K(21504K)->64K(18944K)
[52.809s][info][gc,heap        ] GC(102) ParOldGen: 125750K(175104K)->125750K(175104K)
[52.809s][info][gc,metaspace   ] GC(102) Metaspace: 34362K(35072K)->34362K(35072K) NonClass: 28101K(28608K)->28101K(28608K) Class: 6260K(6464K)->6260K(6464K)
[52.809s][info][gc             ] GC(102) Pause Young (Allocation Failure) 381M->122M(474M) 1.815ms
[52.809s][info][gc,cpu         ] GC(102) User=0.00s Sys=0.00s Real=0.00s
[53.530s][info][gc,start       ] GC(103) Pause Young (Allocation Failure)
[53.532s][info][gc,heap        ] GC(103) PSYoungGen: 291392K(310272K)->64K(311296K) Eden: 291328K(291328K)->0K(291328K) From: 64K(18944K)->64K(19968K)
[53.532s][info][gc,heap        ] GC(103) ParOldGen: 125750K(175104K)->125766K(175104K)
[53.532s][info][gc,metaspace   ] GC(103) Metaspace: 34395K(35072K)->34395K(35072K) NonClass: 28134K(28608K)->28134K(28608K) Class: 6260K(6464K)->6260K(6464K)
[53.532s][info][gc             ] GC(103) Pause Young (Allocation Failure) 407M->122M(475M) 1.501ms
[53.532s][info][gc,cpu         ] GC(103) User=0.00s Sys=0.00s Real=0.00s
[53.793s][info][gc,start       ] GC(104) Pause Young (Allocation Failure)
[53.794s][info][gc,heap        ] GC(104) PSYoungGen: 291392K(311296K)->32K(311296K) Eden: 291328K(291328K)->0K(294400K) From: 64K(19968K)->32K(16896K)
[53.794s][info][gc,heap        ] GC(104) ParOldGen: 125766K(175104K)->125782K(175104K)
[53.794s][info][gc,metaspace   ] GC(104) Metaspace: 34395K(35072K)->34395K(35072K) NonClass: 28134K(28608K)->28134K(28608K) Class: 6260K(6464K)->6260K(6464K)
[53.794s][info][gc             ] GC(104) Pause Young (Allocation Failure) 407M->122M(475M) 1.016ms
[53.794s][info][gc,cpu         ] GC(104) User=0.00s Sys=0.00s Real=0.00s
[54.066s][info][gc,start       ] GC(105) Pause Young (Allocation Failure)
[54.067s][info][gc,heap        ] GC(105) PSYoungGen: 294432K(311296K)->64K(312832K) Eden: 294400K(294400K)->0K(294400K) From: 32K(16896K)->64K(18432K)
[54.067s][info][gc,heap        ] GC(105) ParOldGen: 125782K(175104K)->125782K(175104K)
[54.067s][info][gc,metaspace   ] GC(105) Metaspace: 34395K(35072K)->34395K(35072K) NonClass: 28134K(28608K)->28134K(28608K) Class: 6260K(6464K)->6260K(6464K)
[54.067s][info][gc             ] GC(105) Pause Young (Allocation Failure) 410M->122M(476M) 1.302ms
[54.067s][info][gc,cpu         ] GC(105) User=0.00s Sys=0.00s Real=0.01s
[54.457s][info][gc,start       ] GC(106) Pause Young (Allocation Failure)
[54.458s][info][gc,heap        ] GC(106) PSYoungGen: 294464K(312832K)->64K(313856K) Eden: 294400K(294400K)->0K(297984K) From: 64K(18432K)->64K(15872K)
[54.458s][info][gc,heap        ] GC(106) ParOldGen: 125782K(175104K)->125782K(175104K)
[54.458s][info][gc,metaspace   ] GC(106) Metaspace: 34411K(35136K)->34411K(35136K) NonClass: 28150K(28672K)->28150K(28672K) Class: 6260K(6464K)->6260K(6464K)
[54.458s][info][gc             ] GC(106) Pause Young (Allocation Failure) 410M->122M(477M) 1.472ms
[54.458s][info][gc,cpu         ] GC(106) User=0.00s Sys=0.00s Real=0.00s
[54.537s][info][gc,start       ] GC(107) Pause Young (Allocation Failure)
[54.538s][info][gc,heap        ] GC(107) PSYoungGen: 298048K(313856K)->32K(314880K) Eden: 297984K(297984K)->0K(297984K) From: 64K(15872K)->32K(16896K)
[54.539s][info][gc,heap        ] GC(107) ParOldGen: 125782K(175104K)->125798K(175104K)
[54.539s][info][gc,metaspace   ] GC(107) Metaspace: 34411K(35136K)->34411K(35136K) NonClass: 28150K(28672K)->28150K(28672K) Class: 6260K(6464K)->6260K(6464K)
[54.539s][info][gc             ] GC(107) Pause Young (Allocation Failure) 413M->122M(478M) 1.434ms
[54.539s][info][gc,cpu         ] GC(107) User=0.00s Sys=0.00s Real=0.00s
[54.600s][info][gc,start       ] GC(108) Pause Young (Allocation Failure)
[54.601s][info][gc,heap        ] GC(108) PSYoungGen: 298016K(314880K)->32K(315904K) Eden: 297984K(297984K)->0K(301056K) From: 32K(16896K)->32K(14848K)
[54.601s][info][gc,heap        ] GC(108) ParOldGen: 125798K(175104K)->125798K(175104K)
[54.601s][info][gc,metaspace   ] GC(108) Metaspace: 34411K(35136K)->34411K(35136K) NonClass: 28150K(28672K)->28150K(28672K) Class: 6260K(6464K)->6260K(6464K)
[54.601s][info][gc             ] GC(108) Pause Young (Allocation Failure) 413M->122M(479M) 1.433ms
[54.601s][info][gc,cpu         ] GC(108) User=0.00s Sys=0.00s Real=0.00s
[54.862s][info][gc,start       ] GC(109) Pause Young (Allocation Failure)
[54.863s][info][gc,heap        ] GC(109) PSYoungGen: 301088K(315904K)->64K(316416K) Eden: 301056K(301056K)->0K(301056K) From: 32K(14848K)->64K(15360K)
[54.863s][info][gc,heap        ] GC(109) ParOldGen: 125798K(175104K)->125798K(175104K)
[54.863s][info][gc,metaspace   ] GC(109) Metaspace: 34411K(35136K)->34411K(35136K) NonClass: 28150K(28672K)->28150K(28672K) Class: 6260K(6464K)->6260K(6464K)
[54.863s][info][gc             ] GC(109) Pause Young (Allocation Failure) 416M->122M(480M) 1.492ms
[54.863s][info][gc,cpu         ] GC(109) User=0.00s Sys=0.00s Real=0.00s
[55.113s][info][gc,start       ] GC(110) Pause Young (Allocation Failure)
[55.114s][info][gc,heap        ] GC(110) PSYoungGen: 301120K(316416K)->64K(316928K) Eden: 301056K(301056K)->0K(304128K) From: 64K(15360K)->64K(12800K)
[55.114s][info][gc,heap        ] GC(110) ParOldGen: 125798K(175104K)->125806K(175104K)
[55.114s][info][gc,metaspace   ] GC(110) Metaspace: 34411K(35136K)->34411K(35136K) NonClass: 28150K(28672K)->28150K(28672K) Class: 6260K(6464K)->6260K(6464K)
[55.114s][info][gc             ] GC(110) Pause Young (Allocation Failure) 416M->122M(480M) 1.108ms
[55.114s][info][gc,cpu         ] GC(110) User=0.00s Sys=0.00s Real=0.00s
[55.230s][info][gc,start       ] GC(111) Pause Young (Allocation Failure)
[55.231s][info][gc,heap        ] GC(111) PSYoungGen: 304192K(316928K)->64K(317440K) Eden: 304128K(304128K)->0K(304128K) From: 64K(12800K)->64K(13312K)
[55.231s][info][gc,heap        ] GC(111) ParOldGen: 125806K(175104K)->125814K(175104K)
[55.231s][info][gc,metaspace   ] GC(111) Metaspace: 34411K(35136K)->34411K(35136K) NonClass: 28150K(28672K)->28150K(28672K) Class: 6260K(6464K)->6260K(6464K)
[55.231s][info][gc             ] GC(111) Pause Young (Allocation Failure) 419M->122M(481M) 1.242ms
[55.231s][info][gc,cpu         ] GC(111) User=0.00s Sys=0.00s Real=0.00s
[55.403s][info][gc,start       ] GC(112) Pause Young (Allocation Failure)
[55.404s][info][gc,heap        ] GC(112) PSYoungGen: 304192K(317440K)->64K(292352K) Eden: 304128K(304128K)->0K(291840K) From: 64K(13312K)->64K(512K)
[55.404s][info][gc,heap        ] GC(112) ParOldGen: 125814K(175104K)->125822K(175104K)
[55.404s][info][gc,metaspace   ] GC(112) Metaspace: 34411K(35136K)->34411K(35136K) NonClass: 28150K(28672K)->28150K(28672K) Class: 6260K(6464K)->6260K(6464K)
[55.404s][info][gc             ] GC(112) Pause Young (Allocation Failure) 419M->122M(456M) 1.257ms
[55.404s][info][gc,cpu         ] GC(112) User=0.01s Sys=0.00s Real=0.00s
[55.860s][info][gc,start       ] GC(113) Pause Young (Allocation Failure)
[55.861s][info][gc,heap        ] GC(113) PSYoungGen: 291904K(292352K)->64K(291840K) Eden: 291840K(291840K)->0K(280064K) From: 64K(512K)->64K(11776K)
[55.861s][info][gc,heap        ] GC(113) ParOldGen: 125822K(175104K)->125830K(175104K)
[55.861s][info][gc,metaspace   ] GC(113) Metaspace: 34443K(35136K)->34443K(35136K) NonClass: 28182K(28672K)->28182K(28672K) Class: 6260K(6464K)->6260K(6464K)
[55.861s][info][gc             ] GC(113) Pause Young (Allocation Failure) 407M->122M(456M) 1.114ms
[55.861s][info][gc,cpu         ] GC(113) User=0.00s Sys=0.00s Real=0.00s
[56.684s][info][gc,start       ] GC(114) Pause Young (Allocation Failure)
[56.686s][info][gc,heap        ] GC(114) PSYoungGen: 280128K(291840K)->99K(269312K) Eden: 280064K(280064K)->0K(268800K) From: 64K(11776K)->99K(512K)
[56.686s][info][gc,heap        ] GC(114) ParOldGen: 125830K(175104K)->125846K(175104K)
[56.686s][info][gc,metaspace   ] GC(114) Metaspace: 34443K(35136K)->34443K(35136K) NonClass: 28182K(28672K)->28182K(28672K) Class: 6260K(6464K)->6260K(6464K)
[56.686s][info][gc             ] GC(114) Pause Young (Allocation Failure) 396M->122M(434M) 1.559ms
[56.686s][info][gc,cpu         ] GC(114) User=0.00s Sys=0.00s Real=0.00s
[57.865s][info][gc,start       ] GC(115) Pause Young (Allocation Failure)
[57.867s][info][gc,heap        ] GC(115) PSYoungGen: 268899K(269312K)->64K(268288K) Eden: 268800K(268800K)->0K(258048K) From: 99K(512K)->64K(10240K)
[57.867s][info][gc,heap        ] GC(115) ParOldGen: 125846K(175104K)->125862K(175104K)
[57.867s][info][gc,metaspace   ] GC(115) Metaspace: 34501K(35200K)->34501K(35200K) NonClass: 28241K(28736K)->28241K(28736K) Class: 6260K(6464K)->6260K(6464K)
[57.867s][info][gc             ] GC(115) Pause Young (Allocation Failure) 385M->122M(433M) 1.548ms
[57.867s][info][gc,cpu         ] GC(115) User=0.00s Sys=0.00s Real=0.01s
[58.199s][info][gc,start       ] GC(116) Pause Young (Allocation Failure)
[58.200s][info][gc,heap        ] GC(116) PSYoungGen: 258112K(268288K)->32K(248320K) Eden: 258048K(258048K)->0K(247808K) From: 64K(10240K)->32K(512K)
[58.200s][info][gc,heap        ] GC(116) ParOldGen: 125862K(175104K)->125870K(175104K)
[58.200s][info][gc,metaspace   ] GC(116) Metaspace: 34501K(35200K)->34501K(35200K) NonClass: 28241K(28736K)->28241K(28736K) Class: 6260K(6464K)->6260K(6464K)
[58.200s][info][gc             ] GC(116) Pause Young (Allocation Failure) 374M->122M(413M) 1.549ms
[58.200s][info][gc,cpu         ] GC(116) User=0.00s Sys=0.00s Real=0.00s
[58.766s][info][gc,start       ] GC(117) Pause Young (Allocation Failure)
[58.767s][info][gc,heap        ] GC(117) PSYoungGen: 247840K(248320K)->64K(247296K) Eden: 247808K(247808K)->0K(238080K) From: 32K(512K)->64K(9216K)
[58.767s][info][gc,heap        ] GC(117) ParOldGen: 125870K(175104K)->125878K(175104K)
[58.767s][info][gc,metaspace   ] GC(117) Metaspace: 34534K(35200K)->34534K(35200K) NonClass: 28273K(28736K)->28273K(28736K) Class: 6260K(6464K)->6260K(6464K)
[58.767s][info][gc             ] GC(117) Pause Young (Allocation Failure) 364M->122M(412M) 1.040ms
[58.767s][info][gc,cpu         ] GC(117) User=0.00s Sys=0.00s Real=0.01s
[60.061s][info][gc,start       ] GC(118) Pause Young (Allocation Failure)
[60.064s][info][gc,heap        ] GC(118) PSYoungGen: 238144K(247296K)->64K(229376K) Eden: 238080K(238080K)->0K(228864K) From: 64K(9216K)->64K(512K)
[60.064s][info][gc,heap        ] GC(118) ParOldGen: 125878K(175104K)->125894K(175104K)
[60.064s][info][gc,metaspace   ] GC(118) Metaspace: 34558K(35264K)->34558K(35264K) NonClass: 28298K(28800K)->28298K(28800K) Class: 6260K(6464K)->6260K(6464K)
[60.064s][info][gc             ] GC(118) Pause Young (Allocation Failure) 355M->123M(395M) 2.390ms
[60.064s][info][gc,cpu         ] GC(118) User=0.00s Sys=0.00s Real=0.00s
[60.997s][info][gc,start       ] GC(119) Pause Young (Allocation Failure)
[60.998s][info][gc,heap        ] GC(119) PSYoungGen: 228928K(229376K)->32K(228352K) Eden: 228864K(228864K)->0K(220160K) From: 64K(512K)->32K(8192K)
[60.998s][info][gc,heap        ] GC(119) ParOldGen: 125894K(175104K)->125902K(175104K)
[60.998s][info][gc,metaspace   ] GC(119) Metaspace: 34683K(35392K)->34683K(35392K) NonClass: 28423K(28928K)->28423K(28928K) Class: 6260K(6464K)->6260K(6464K)
[60.998s][info][gc             ] GC(119) Pause Young (Allocation Failure) 346M->122M(394M) 1.385ms
[60.998s][info][gc,cpu         ] GC(119) User=0.00s Sys=0.00s Real=0.00s
[61.257s][info][gc,start       ] GC(120) Pause Young (Allocation Failure)
[61.259s][info][gc,heap        ] GC(120) PSYoungGen: 220192K(228352K)->64K(212480K) Eden: 220160K(220160K)->0K(211968K) From: 32K(8192K)->64K(512K)
[61.259s][info][gc,heap        ] GC(120) ParOldGen: 125902K(175104K)->125918K(175104K)
[61.259s][info][gc,metaspace   ] GC(120) Metaspace: 34704K(35392K)->34704K(35392K) NonClass: 28443K(28928K)->28443K(28928K) Class: 6260K(6464K)->6260K(6464K)
[61.259s][info][gc             ] GC(120) Pause Young (Allocation Failure) 337M->123M(378M) 2.007ms
[61.259s][info][gc,cpu         ] GC(120) User=0.00s Sys=0.00s Real=0.00s
[61.319s][info][gc,start       ] GC(121) Pause Young (Allocation Failure)
[61.321s][info][gc,heap        ] GC(121) PSYoungGen: 212032K(212480K)->32K(210944K) Eden: 211968K(211968K)->0K(204288K) From: 64K(512K)->32K(6656K)
[61.321s][info][gc,heap        ] GC(121) ParOldGen: 125918K(175104K)->125934K(175104K)
[61.321s][info][gc,metaspace   ] GC(121) Metaspace: 34704K(35392K)->34704K(35392K) NonClass: 28443K(28928K)->28443K(28928K) Class: 6260K(6464K)->6260K(6464K)
[61.321s][info][gc             ] GC(121) Pause Young (Allocation Failure) 330M->123M(377M) 1.618ms
[61.321s][info][gc,cpu         ] GC(121) User=0.00s Sys=0.00s Real=0.00s
[61.679s][info][gc,start       ] GC(122) Pause Young (Allocation Failure)
[61.681s][info][gc,heap        ] GC(122) PSYoungGen: 204320K(210944K)->64K(197120K) Eden: 204288K(204288K)->0K(196608K) From: 32K(6656K)->64K(512K)
[61.681s][info][gc,heap        ] GC(122) ParOldGen: 125934K(175104K)->125934K(175104K)
[61.681s][info][gc,metaspace   ] GC(122) Metaspace: 34704K(35392K)->34704K(35392K) NonClass: 28443K(28928K)->28443K(28928K) Class: 6260K(6464K)->6260K(6464K)
[61.681s][info][gc             ] GC(122) Pause Young (Allocation Failure) 322M->123M(363M) 2.012ms
[61.681s][info][gc,cpu         ] GC(122) User=0.01s Sys=0.00s Real=0.00s
[62.167s][info][gc,start       ] GC(123) Pause Young (Allocation Failure)
[62.169s][info][gc,heap        ] GC(123) PSYoungGen: 196672K(197120K)->64K(195584K) Eden: 196608K(196608K)->0K(189440K) From: 64K(512K)->64K(6144K)
[62.169s][info][gc,heap        ] GC(123) ParOldGen: 125934K(175104K)->125942K(175104K)
[62.169s][info][gc,metaspace   ] GC(123) Metaspace: 34706K(35392K)->34706K(35392K) NonClass: 28446K(28928K)->28446K(28928K) Class: 6260K(6464K)->6260K(6464K)
[62.169s][info][gc             ] GC(123) Pause Young (Allocation Failure) 315M->123M(362M) 1.846ms
[62.169s][info][gc,cpu         ] GC(123) User=0.00s Sys=0.00s Real=0.00s
[62.416s][info][gc,start       ] GC(124) Pause Young (Allocation Failure)
[62.417s][info][gc,heap        ] GC(124) PSYoungGen: 189503K(195584K)->64K(183296K) Eden: 189439K(189440K)->0K(182784K) From: 64K(6144K)->64K(512K)
[62.417s][info][gc,heap        ] GC(124) ParOldGen: 125942K(175104K)->125950K(175104K)
[62.417s][info][gc,metaspace   ] GC(124) Metaspace: 34708K(35392K)->34708K(35392K) NonClass: 28448K(28928K)->28448K(28928K) Class: 6260K(6464K)->6260K(6464K)
[62.417s][info][gc             ] GC(124) Pause Young (Allocation Failure) 308M->123M(350M) 1.534ms
[62.417s][info][gc,cpu         ] GC(124) User=0.00s Sys=0.00s Real=0.01s
[62.717s][info][gc,start       ] GC(125) Pause Young (Allocation Failure)
[62.737s][info][gc,heap        ] GC(125) PSYoungGen: 182848K(183296K)->5120K(224768K) Eden: 182784K(182784K)->0K(219648K) From: 64K(512K)->5120K(5120K)
[62.737s][info][gc,heap        ] GC(125) ParOldGen: 125950K(175104K)->132046K(175104K)
[62.737s][info][gc,metaspace   ] GC(125) Metaspace: 34723K(35392K)->34723K(35392K) NonClass: 28463K(28928K)->28463K(28928K) Class: 6260K(6464K)->6260K(6464K)
[62.737s][info][gc             ] GC(125) Pause Young (Allocation Failure) 301M->133M(390M) 20.860ms
[62.737s][info][gc,cpu         ] GC(125) User=0.03s Sys=0.01s Real=0.02s
[62.985s][info][gc,start       ] GC(126) Pause Young (Allocation Failure)
[63.034s][info][gc,heap        ] GC(126) PSYoungGen: 224768K(224768K)->5120K(259072K) Eden: 219648K(219648K)->0K(253952K) From: 5120K(5120K)->5120K(5120K)
[63.034s][info][gc,heap        ] GC(126) ParOldGen: 132046K(175104K)->150334K(175104K)
[63.034s][info][gc,metaspace   ] GC(126) Metaspace: 34723K(35392K)->34723K(35392K) NonClass: 28463K(28928K)->28463K(28928K) Class: 6260K(6464K)->6260K(6464K)
[63.034s][info][gc             ] GC(126) Pause Young (Allocation Failure) 348M->151M(424M) 49.322ms
[63.034s][info][gc,cpu         ] GC(126) User=0.08s Sys=0.00s Real=0.05s
[63.322s][info][gc,start       ] GC(127) Pause Young (Allocation Failure)
[63.377s][info][gc,heap        ] GC(127) PSYoungGen: 259072K(259072K)->15872K(269824K) Eden: 253952K(253952K)->0K(253952K) From: 5120K(5120K)->15872K(15872K)
[63.378s][info][gc,heap        ] GC(127) ParOldGen: 150334K(175104K)->161910K(175104K)
[63.378s][info][gc,metaspace   ] GC(127) Metaspace: 34723K(35392K)->34723K(35392K) NonClass: 28463K(28928K)->28463K(28928K) Class: 6260K(6464K)->6260K(6464K)
[63.378s][info][gc             ] GC(127) Pause Young (Allocation Failure) 399M->173M(434M) 55.709ms
[63.378s][info][gc,cpu         ] GC(127) User=0.10s Sys=0.01s Real=0.06s
[63.511s][info][gc,start       ] GC(128) Pause Young (Allocation Failure)
[63.531s][info][gc,heap        ] GC(128) PSYoungGen: 269824K(269824K)->7808K(311296K) Eden: 253952K(253952K)->0K(287744K) From: 15872K(15872K)->7808K(23552K)
[63.531s][info][gc,heap        ] GC(128) ParOldGen: 161910K(175104K)->162326K(175104K)
[63.531s][info][gc,metaspace   ] GC(128) Metaspace: 34723K(35392K)->34723K(35392K) NonClass: 28463K(28928K)->28463K(28928K) Class: 6260K(6464K)->6260K(6464K)
[63.531s][info][gc             ] GC(128) Pause Young (Allocation Failure) 421M->166M(475M) 19.682ms
[63.531s][info][gc,cpu         ] GC(128) User=0.03s Sys=0.00s Real=0.02s
[63.955s][info][gc,start       ] GC(129) Pause Young (Allocation Failure)
[63.956s][info][gc,heap        ] GC(129) PSYoungGen: 295552K(311296K)->64K(288256K) Eden: 287744K(287744K)->0K(287744K) From: 7808K(23552K)->64K(512K)
[63.956s][info][gc,heap        ] GC(129) ParOldGen: 162326K(175104K)->162334K(175104K)
[63.956s][info][gc,metaspace   ] GC(129) Metaspace: 34723K(35392K)->34723K(35392K) NonClass: 28463K(28928K)->28463K(28928K) Class: 6260K(6464K)->6260K(6464K)
[63.956s][info][gc             ] GC(129) Pause Young (Allocation Failure) 447M->158M(452M) 1.138ms
[63.956s][info][gc,cpu         ] GC(129) User=0.00s Sys=0.00s Real=0.00s
[64.701s][info][gc,start       ] GC(130) Pause Young (Allocation Failure)
[64.703s][info][gc,heap        ] GC(130) PSYoungGen: 287808K(288256K)->64K(310272K) Eden: 287744K(287744K)->0K(288256K) From: 64K(512K)->64K(22016K)
[64.703s][info][gc,heap        ] GC(130) ParOldGen: 162334K(175104K)->162342K(175104K)
[64.703s][info][gc,metaspace   ] GC(130) Metaspace: 34756K(35456K)->34756K(35456K) NonClass: 28495K(28992K)->28495K(28992K) Class: 6260K(6464K)->6260K(6464K)
[64.703s][info][gc             ] GC(130) Pause Young (Allocation Failure) 439M->158M(474M) 1.170ms
[64.703s][info][gc,cpu         ] GC(130) User=0.00s Sys=0.00s Real=0.00s
[65.385s][info][gc,start       ] GC(131) Pause Young (Allocation Failure)
[65.387s][info][gc,heap        ] GC(131) PSYoungGen: 288320K(310272K)->64K(309760K) Eden: 288256K(288256K)->0K(288256K) From: 64K(22016K)->64K(21504K)
[65.387s][info][gc,heap        ] GC(131) ParOldGen: 162342K(175104K)->162358K(175104K)
[65.387s][info][gc,metaspace   ] GC(131) Metaspace: 34756K(35456K)->34756K(35456K) NonClass: 28495K(28992K)->28495K(28992K) Class: 6260K(6464K)->6260K(6464K)
[65.387s][info][gc             ] GC(131) Pause Young (Allocation Failure) 440M->158M(473M) 1.715ms
[65.387s][info][gc,cpu         ] GC(131) User=0.00s Sys=0.00s Real=0.01s
[65.653s][info][gc,start       ] GC(132) Pause Young (Allocation Failure)
[65.655s][info][gc,heap        ] GC(132) PSYoungGen: 288320K(309760K)->32K(311296K) Eden: 288256K(288256K)->0K(290816K) From: 64K(21504K)->32K(20480K)
[65.655s][info][gc,heap        ] GC(132) ParOldGen: 162358K(175104K)->162374K(175104K)
[65.655s][info][gc,metaspace   ] GC(132) Metaspace: 34788K(35456K)->34788K(35456K) NonClass: 28528K(28992K)->28528K(28992K) Class: 6260K(6464K)->6260K(6464K)
[65.655s][info][gc             ] GC(132) Pause Young (Allocation Failure) 440M->158M(475M) 1.863ms
[65.655s][info][gc,cpu         ] GC(132) User=0.00s Sys=0.00s Real=0.00s
[65.897s][info][gc,start       ] GC(133) Pause Young (Allocation Failure)
[65.899s][info][gc,heap        ] GC(133) PSYoungGen: 290848K(311296K)->64K(310784K) Eden: 290816K(290816K)->0K(290816K) From: 32K(20480K)->64K(19968K)
[65.899s][info][gc,heap        ] GC(133) ParOldGen: 162374K(175104K)->162374K(175104K)
[65.899s][info][gc,metaspace   ] GC(133) Metaspace: 34788K(35456K)->34788K(35456K) NonClass: 28528K(28992K)->28528K(28992K) Class: 6260K(6464K)->6260K(6464K)
[65.899s][info][gc             ] GC(133) Pause Young (Allocation Failure) 442M->158M(474M) 1.726ms
[65.899s][info][gc,cpu         ] GC(133) User=0.00s Sys=0.00s Real=0.00s
[66.267s][info][gc,start       ] GC(134) Pause Young (Allocation Failure)
[66.269s][info][gc,heap        ] GC(134) PSYoungGen: 290880K(310784K)->64K(312832K) Eden: 290816K(290816K)->0K(294400K) From: 64K(19968K)->64K(18432K)
[66.269s][info][gc,heap        ] GC(134) ParOldGen: 162374K(175104K)->162374K(175104K)
[66.269s][info][gc,metaspace   ] GC(134) Metaspace: 34788K(35456K)->34788K(35456K) NonClass: 28528K(28992K)->28528K(28992K) Class: 6260K(6464K)->6260K(6464K)
[66.269s][info][gc             ] GC(134) Pause Young (Allocation Failure) 442M->158M(476M) 1.641ms
[66.269s][info][gc,cpu         ] GC(134) User=0.00s Sys=0.00s Real=0.00s
[66.391s][info][gc,start       ] GC(135) Pause Young (Allocation Failure)
[66.393s][info][gc,heap        ] GC(135) PSYoungGen: 294464K(312832K)->64K(312320K) Eden: 294400K(294400K)->0K(294400K) From: 64K(18432K)->64K(17920K)
[66.393s][info][gc,heap        ] GC(135) ParOldGen: 162374K(175104K)->162382K(175104K)
[66.393s][info][gc,metaspace   ] GC(135) Metaspace: 34788K(35456K)->34788K(35456K) NonClass: 28528K(28992K)->28528K(28992K) Class: 6260K(6464K)->6260K(6464K)
[66.393s][info][gc             ] GC(135) Pause Young (Allocation Failure) 446M->158M(476M) 1.228ms
[66.393s][info][gc,cpu         ] GC(135) User=0.00s Sys=0.00s Real=0.00s
[66.451s][info][gc,start       ] GC(136) Pause Young (Allocation Failure)
[66.452s][info][gc,heap        ] GC(136) PSYoungGen: 294464K(312320K)->64K(314880K) Eden: 294400K(294400K)->0K(298496K) From: 64K(17920K)->64K(16384K)
[66.452s][info][gc,heap        ] GC(136) ParOldGen: 162382K(175104K)->162398K(175104K)
[66.452s][info][gc,metaspace   ] GC(136) Metaspace: 34788K(35456K)->34788K(35456K) NonClass: 28528K(28992K)->28528K(28992K) Class: 6260K(6464K)->6260K(6464K)
[66.452s][info][gc             ] GC(136) Pause Young (Allocation Failure) 446M->158M(478M) 1.085ms
[66.452s][info][gc,cpu         ] GC(136) User=0.00s Sys=0.00s Real=0.00s
[66.614s][info][gc,start       ] GC(137) Pause Young (Allocation Failure)
[66.614s][info][gc,heap        ] GC(137) PSYoungGen: 298560K(314880K)->64K(314880K) Eden: 298496K(298496K)->0K(298496K) From: 64K(16384K)->64K(16384K)
[66.614s][info][gc,heap        ] GC(137) ParOldGen: 162398K(175104K)->162398K(175104K)
[66.615s][info][gc,metaspace   ] GC(137) Metaspace: 34789K(35456K)->34789K(35456K) NonClass: 28529K(28992K)->28529K(28992K) Class: 6260K(6464K)->6260K(6464K)
[66.615s][info][gc             ] GC(137) Pause Young (Allocation Failure) 450M->158M(478M) 0.981ms
[66.615s][info][gc,cpu         ] GC(137) User=0.00s Sys=0.00s Real=0.00s
[66.875s][info][gc,start       ] GC(138) Pause Young (Allocation Failure)
[66.877s][info][gc,heap        ] GC(138) PSYoungGen: 298560K(314880K)->64K(316416K) Eden: 298496K(298496K)->0K(302080K) From: 64K(16384K)->64K(14336K)
[66.877s][info][gc,heap        ] GC(138) ParOldGen: 162398K(175104K)->162414K(175104K)
[66.877s][info][gc,metaspace   ] GC(138) Metaspace: 34789K(35456K)->34789K(35456K) NonClass: 28529K(28992K)->28529K(28992K) Class: 6260K(6464K)->6260K(6464K)
[66.877s][info][gc             ] GC(138) Pause Young (Allocation Failure) 450M->158M(480M) 1.721ms
[66.877s][info][gc,cpu         ] GC(138) User=0.00s Sys=0.00s Real=0.01s
[67.041s][info][gc,start       ] GC(139) Pause Young (Allocation Failure)
[67.043s][info][gc,heap        ] GC(139) PSYoungGen: 302144K(316416K)->64K(316416K) Eden: 302080K(302080K)->0K(302080K) From: 64K(14336K)->64K(14336K)
[67.043s][info][gc,heap        ] GC(139) ParOldGen: 162414K(175104K)->162422K(175104K)
[67.043s][info][gc,metaspace   ] GC(139) Metaspace: 34789K(35456K)->34789K(35456K) NonClass: 28529K(28992K)->28529K(28992K) Class: 6260K(6464K)->6260K(6464K)
[67.043s][info][gc             ] GC(139) Pause Young (Allocation Failure) 453M->158M(480M) 1.856ms
[67.043s][info][gc,cpu         ] GC(139) User=0.00s Sys=0.00s Real=0.00s
[67.128s][info][gc,start       ] GC(140) Pause Young (Allocation Failure)
[67.129s][info][gc,heap        ] GC(140) PSYoungGen: 302144K(316416K)->32K(317952K) Eden: 302080K(302080K)->0K(305664K) From: 64K(14336K)->32K(12288K)
[67.129s][info][gc,heap        ] GC(140) ParOldGen: 162422K(175104K)->162430K(175104K)
[67.129s][info][gc,metaspace   ] GC(140) Metaspace: 34789K(35456K)->34789K(35456K) NonClass: 28529K(28992K)->28529K(28992K) Class: 6260K(6464K)->6260K(6464K)
[67.129s][info][gc             ] GC(140) Pause Young (Allocation Failure) 453M->158M(481M) 1.530ms
[67.129s][info][gc,cpu         ] GC(140) User=0.00s Sys=0.00s Real=0.00s
[67.324s][info][gc,start       ] GC(141) Pause Young (Allocation Failure)
[67.326s][info][gc,heap        ] GC(141) PSYoungGen: 305696K(317952K)->64K(318464K) Eden: 305664K(305664K)->0K(305664K) From: 32K(12288K)->64K(12800K)
[67.326s][info][gc,heap        ] GC(141) ParOldGen: 162430K(175104K)->162430K(175104K)
[67.326s][info][gc,metaspace   ] GC(141) Metaspace: 34789K(35456K)->34789K(35456K) NonClass: 28529K(28992K)->28529K(28992K) Class: 6260K(6464K)->6260K(6464K)
[67.326s][info][gc             ] GC(141) Pause Young (Allocation Failure) 457M->158M(482M) 1.089ms
[67.326s][info][gc,cpu         ] GC(141) User=0.00s Sys=0.00s Real=0.00s
[68.360s][info][gc,start       ] GC(142) Pause Young (Allocation Failure)
[68.362s][info][gc,heap        ] GC(142) PSYoungGen: 305728K(318464K)->96K(293888K) Eden: 305664K(305664K)->0K(293376K) From: 64K(12800K)->96K(512K)
[68.362s][info][gc,heap        ] GC(142) ParOldGen: 162430K(175104K)->162446K(175104K)
[68.362s][info][gc,metaspace   ] GC(142) Metaspace: 34857K(35520K)->34857K(35520K) NonClass: 28597K(29056K)->28597K(29056K) Class: 6260K(6464K)->6260K(6464K)
[68.362s][info][gc             ] GC(142) Pause Young (Allocation Failure) 457M->158M(458M) 1.739ms
[68.362s][info][gc,cpu         ] GC(142) User=0.01s Sys=0.00s Real=0.00s
[69.367s][info][gc,start       ] GC(143) Pause Young (Allocation Failure)
[69.368s][info][gc,heap        ] GC(143) PSYoungGen: 293472K(293888K)->32K(292864K) Eden: 293376K(293376K)->0K(281600K) From: 96K(512K)->32K(11264K)
[69.368s][info][gc,heap        ] GC(143) ParOldGen: 162446K(175104K)->162454K(175104K)
[69.368s][info][gc,metaspace   ] GC(143) Metaspace: 34857K(35520K)->34857K(35520K) NonClass: 28597K(29056K)->28597K(29056K) Class: 6260K(6464K)->6260K(6464K)
[69.368s][info][gc             ] GC(143) Pause Young (Allocation Failure) 445M->158M(457M) 1.585ms
[69.368s][info][gc,cpu         ] GC(143) User=0.00s Sys=0.00s Real=0.00s
[69.681s][info][gc,start       ] GC(144) Pause Young (Allocation Failure)
[69.683s][info][gc,heap        ] GC(144) PSYoungGen: 281632K(292864K)->32K(270848K) Eden: 281600K(281600K)->0K(270336K) From: 32K(11264K)->32K(512K)
[69.683s][info][gc,heap        ] GC(144) ParOldGen: 162454K(175104K)->162462K(175104K)
[69.683s][info][gc,metaspace   ] GC(144) Metaspace: 34857K(35520K)->34857K(35520K) NonClass: 28597K(29056K)->28597K(29056K) Class: 6260K(6464K)->6260K(6464K)
[69.683s][info][gc             ] GC(144) Pause Young (Allocation Failure) 433M->158M(435M) 2.112ms
[69.683s][info][gc,cpu         ] GC(144) User=0.00s Sys=0.00s Real=0.00s
[70.280s][info][gc,start       ] GC(145) Pause Young (Allocation Failure)
[70.284s][info][gc,heap        ] GC(145) PSYoungGen: 270368K(270848K)->64K(269312K) Eden: 270336K(270336K)->0K(259584K) From: 32K(512K)->64K(9728K)
[70.284s][info][gc,heap        ] GC(145) ParOldGen: 162462K(175104K)->162478K(175104K)
[70.284s][info][gc,metaspace   ] GC(145) Metaspace: 34858K(35520K)->34858K(35520K) NonClass: 28598K(29056K)->28598K(29056K) Class: 6260K(6464K)->6260K(6464K)
[70.284s][info][gc             ] GC(145) Pause Young (Allocation Failure) 422M->158M(434M) 3.718ms
[70.284s][info][gc,cpu         ] GC(145) User=0.01s Sys=0.00s Real=0.00s
[71.600s][info][gc,start       ] GC(146) Pause Young (Allocation Failure)
[71.602s][info][gc,heap        ] GC(146) PSYoungGen: 259648K(269312K)->32K(249856K) Eden: 259584K(259584K)->0K(249344K) From: 64K(9728K)->32K(512K)
[71.602s][info][gc,heap        ] GC(146) ParOldGen: 162478K(175104K)->162494K(175104K)
[71.602s][info][gc,metaspace   ] GC(146) Metaspace: 34861K(35520K)->34861K(35520K) NonClass: 28600K(29056K)->28600K(29056K) Class: 6260K(6464K)->6260K(6464K)
[71.602s][info][gc             ] GC(146) Pause Young (Allocation Failure) 412M->158M(415M) 2.739ms
[71.602s][info][gc,cpu         ] GC(146) User=0.01s Sys=0.00s Real=0.00s
[72.154s][info][gc,start       ] GC(147) Pause Young (Allocation Failure)
[72.156s][info][gc,heap        ] GC(147) PSYoungGen: 249376K(249856K)->64K(248320K) Eden: 249344K(249344K)->0K(239616K) From: 32K(512K)->64K(8704K)
[72.156s][info][gc,heap        ] GC(147) ParOldGen: 162494K(175104K)->162502K(175104K)
[72.156s][info][gc,metaspace   ] GC(147) Metaspace: 34861K(35520K)->34861K(35520K) NonClass: 28600K(29056K)->28600K(29056K) Class: 6260K(6464K)->6260K(6464K)
[72.156s][info][gc             ] GC(147) Pause Young (Allocation Failure) 402M->158M(413M) 2.086ms
[72.156s][info][gc,cpu         ] GC(147) User=0.00s Sys=0.00s Real=0.00s
[72.432s][info][gc,start       ] GC(148) Pause Young (Allocation Failure)
[72.434s][info][gc,heap        ] GC(148) PSYoungGen: 239680K(248320K)->64K(230912K) Eden: 239616K(239616K)->0K(230400K) From: 64K(8704K)->64K(512K)
[72.434s][info][gc,heap        ] GC(148) ParOldGen: 162502K(175104K)->162518K(175104K)
[72.434s][info][gc,metaspace   ] GC(148) Metaspace: 34871K(35584K)->34871K(35584K) NonClass: 28610K(29120K)->28610K(29120K) Class: 6260K(6464K)->6260K(6464K)
[72.434s][info][gc             ] GC(148) Pause Young (Allocation Failure) 392M->158M(396M) 2.272ms
[72.434s][info][gc,cpu         ] GC(148) User=0.00s Sys=0.00s Real=0.00s
[72.546s][info][gc,start       ] GC(149) Pause Young (Allocation Failure)
[72.548s][info][gc,heap        ] GC(149) PSYoungGen: 230464K(230912K)->64K(229376K) Eden: 230400K(230400K)->0K(221696K) From: 64K(512K)->64K(7680K)
[72.548s][info][gc,heap        ] GC(149) ParOldGen: 162518K(175104K)->162534K(175104K)
[72.548s][info][gc,metaspace   ] GC(149) Metaspace: 34871K(35584K)->34871K(35584K) NonClass: 28610K(29120K)->28610K(29120K) Class: 6260K(6464K)->6260K(6464K)
[72.548s][info][gc             ] GC(149) Pause Young (Allocation Failure) 383M->158M(395M) 1.356ms
[72.548s][info][gc,cpu         ] GC(149) User=0.01s Sys=0.00s Real=0.01s
[73.088s][info][gc,start       ] GC(150) Pause Young (Allocation Failure)
[73.090s][info][gc,heap        ] GC(150) PSYoungGen: 221760K(229376K)->64K(214016K) Eden: 221696K(221696K)->0K(213504K) From: 64K(7680K)->64K(512K)
[73.090s][info][gc,heap        ] GC(150) ParOldGen: 162534K(175104K)->162542K(175104K)
[73.090s][info][gc,metaspace   ] GC(150) Metaspace: 34871K(35584K)->34871K(35584K) NonClass: 28610K(29120K)->28610K(29120K) Class: 6260K(6464K)->6260K(6464K)
[73.090s][info][gc             ] GC(150) Pause Young (Allocation Failure) 375M->158M(380M) 1.903ms
[73.090s][info][gc,cpu         ] GC(150) User=0.00s Sys=0.00s Real=0.00s
[73.431s][info][gc,start       ] GC(151) Pause Young (Allocation Failure)
[73.432s][info][gc,heap        ] GC(151) PSYoungGen: 213568K(214016K)->128K(212480K) Eden: 213504K(213504K)->0K(205824K) From: 64K(512K)->128K(6656K)
[73.432s][info][gc,heap        ] GC(151) ParOldGen: 162542K(175104K)->162550K(175104K)
[73.432s][info][gc,metaspace   ] GC(151) Metaspace: 34871K(35584K)->34871K(35584K) NonClass: 28610K(29120K)->28610K(29120K) Class: 6260K(6464K)->6260K(6464K)
[73.432s][info][gc             ] GC(151) Pause Young (Allocation Failure) 367M->158M(378M) 1.173ms
[73.432s][info][gc,cpu         ] GC(151) User=0.00s Sys=0.00s Real=0.00s
[73.846s][info][gc,start       ] GC(152) Pause Young (Allocation Failure)
[73.853s][info][gc,heap        ] GC(152) PSYoungGen: 205952K(212480K)->2624K(201216K) Eden: 205824K(205824K)->0K(198144K) From: 128K(6656K)->2624K(3072K)
[73.853s][info][gc,heap        ] GC(152) ParOldGen: 162550K(175104K)->162558K(175104K)
[73.853s][info][gc,metaspace   ] GC(152) Metaspace: 34871K(35584K)->34871K(35584K) NonClass: 28610K(29120K)->28610K(29120K) Class: 6260K(6464K)->6260K(6464K)
[73.853s][info][gc             ] GC(152) Pause Young (Allocation Failure) 359M->161M(367M) 6.797ms
[73.853s][info][gc,cpu         ] GC(152) User=0.01s Sys=0.00s Real=0.01s
[74.083s][info][gc,start       ] GC(153) Pause Young (Allocation Failure)
[74.125s][info][gc,heap        ] GC(153) PSYoungGen: 200768K(201216K)->6144K(244224K) Eden: 198144K(198144K)->0K(238080K) From: 2624K(3072K)->6144K(6144K)
[74.125s][info][gc,heap        ] GC(153) ParOldGen: 162558K(175104K)->177326K(177664K)
[74.125s][info][gc,metaspace   ] GC(153) Metaspace: 34871K(35584K)->34871K(35584K) NonClass: 28610K(29120K)->28610K(29120K) Class: 6260K(6464K)->6260K(6464K)
[74.125s][info][gc             ] GC(153) Pause Young (Allocation Failure) 354M->179M(412M) 41.664ms
[74.125s][info][gc,cpu         ] GC(153) User=0.07s Sys=0.01s Real=0.04s
[74.399s][info][gc,start       ] GC(154) Pause Young (Allocation Failure)
[74.459s][info][gc,heap        ] GC(154) PSYoungGen: 244224K(244224K)->3584K(262144K) Eden: 238080K(238080K)->0K(258560K) From: 6144K(6144K)->3584K(3584K)
[74.459s][info][gc,heap        ] GC(154) ParOldGen: 177326K(177664K)->199430K(199680K)
[74.459s][info][gc,metaspace   ] GC(154) Metaspace: 34871K(35584K)->34871K(35584K) NonClass: 28610K(29120K)->28610K(29120K) Class: 6260K(6464K)->6260K(6464K)
[74.459s][info][gc             ] GC(154) Pause Young (Allocation Failure) 411M->198M(451M) 60.289ms
[74.459s][info][gc,cpu         ] GC(154) User=0.11s Sys=0.01s Real=0.06s
[74.696s][info][gc,start       ] GC(155) Pause Young (Allocation Failure)
[74.735s][info][gc,heap        ] GC(155) PSYoungGen: 262144K(262144K)->20352K(279040K) Eden: 258560K(258560K)->0K(258560K) From: 3584K(3584K)->20352K(20480K)
[74.735s][info][gc,heap        ] GC(155) ParOldGen: 199430K(199680K)->200246K(200704K)
[74.735s][info][gc,metaspace   ] GC(155) Metaspace: 34871K(35584K)->34871K(35584K) NonClass: 28610K(29120K)->28610K(29120K) Class: 6260K(6464K)->6260K(6464K)
[74.735s][info][gc             ] GC(155) Pause Young (Allocation Failure) 450M->215M(468M) 39.351ms
[74.736s][info][gc,cpu         ] GC(155) User=0.08s Sys=0.01s Real=0.04s
[74.829s][info][gc,start       ] GC(156) Pause Young (Allocation Failure)
[74.831s][info][gc,heap        ] GC(156) PSYoungGen: 278912K(279040K)->64K(309760K) Eden: 258560K(258560K)->0K(285184K) From: 20352K(20480K)->64K(24576K)
[74.831s][info][gc,heap        ] GC(156) ParOldGen: 200246K(200704K)->200262K(200704K)
[74.831s][info][gc,metaspace   ] GC(156) Metaspace: 34871K(35584K)->34871K(35584K) NonClass: 28610K(29120K)->28610K(29120K) Class: 6260K(6464K)->6260K(6464K)
[74.831s][info][gc             ] GC(156) Pause Young (Allocation Failure) 467M->195M(498M) 1.987ms
[74.831s][info][gc,cpu         ] GC(156) User=0.01s Sys=0.00s Real=0.00s
[75.583s][info][gc,start       ] GC(157) Pause Young (Allocation Failure)
[75.585s][info][gc,heap        ] GC(157) PSYoungGen: 285248K(309760K)->64K(285696K) Eden: 285184K(285184K)->0K(285184K) From: 64K(24576K)->64K(512K)
[75.585s][info][gc,heap        ] GC(157) ParOldGen: 200262K(200704K)->200270K(200704K)
[75.585s][info][gc,metaspace   ] GC(157) Metaspace: 34871K(35584K)->34871K(35584K) NonClass: 28610K(29120K)->28610K(29120K) Class: 6260K(6464K)->6260K(6464K)
[75.585s][info][gc             ] GC(157) Pause Young (Allocation Failure) 474M->195M(475M) 1.512ms
[75.585s][info][gc,cpu         ] GC(157) User=0.01s Sys=0.00s Real=0.00s
[75.998s][info][gc,start       ] GC(158) Pause Young (Allocation Failure)
[75.999s][info][gc,heap        ] GC(158) PSYoungGen: 285248K(285696K)->64K(309760K) Eden: 285184K(285184K)->0K(286208K) From: 64K(512K)->64K(23552K)
[75.999s][info][gc,heap        ] GC(158) ParOldGen: 200270K(200704K)->200278K(200704K)
[75.999s][info][gc,metaspace   ] GC(158) Metaspace: 34871K(35584K)->34871K(35584K) NonClass: 28610K(29120K)->28610K(29120K) Class: 6260K(6464K)->6260K(6464K)
[76.000s][info][gc             ] GC(158) Pause Young (Allocation Failure) 474M->195M(498M) 1.192ms
[76.000s][info][gc,cpu         ] GC(158) User=0.00s Sys=0.00s Real=0.00s
[76.546s][info][gc,start       ] GC(159) Pause Young (Allocation Failure)
[76.547s][info][gc,heap        ] GC(159) PSYoungGen: 286272K(309760K)->64K(308736K) Eden: 286208K(286208K)->0K(286208K) From: 64K(23552K)->64K(22528K)
[76.547s][info][gc,heap        ] GC(159) ParOldGen: 200278K(200704K)->200294K(200704K)
[76.547s][info][gc,metaspace   ] GC(159) Metaspace: 34903K(35584K)->34903K(35584K) NonClass: 28642K(29120K)->28642K(29120K) Class: 6260K(6464K)->6260K(6464K)
[76.547s][info][gc             ] GC(159) Pause Young (Allocation Failure) 475M->195M(497M) 1.152ms
[76.547s][info][gc,cpu         ] GC(159) User=0.00s Sys=0.00s Real=0.01s
[76.765s][info][gc,start       ] GC(160) Pause Young (Allocation Failure)
[76.766s][info][gc,heap        ] GC(160) PSYoungGen: 286272K(308736K)->64K(310272K) Eden: 286208K(286208K)->0K(288768K) From: 64K(22528K)->64K(21504K)
[76.766s][info][gc,heap        ] GC(160) ParOldGen: 200294K(200704K)->200310K(200704K)
[76.766s][info][gc,metaspace   ] GC(160) Metaspace: 34903K(35584K)->34903K(35584K) NonClass: 28642K(29120K)->28642K(29120K) Class: 6260K(6464K)->6260K(6464K)
[76.766s][info][gc             ] GC(160) Pause Young (Allocation Failure) 475M->195M(499M) 1.219ms
[76.766s][info][gc,cpu         ] GC(160) User=0.00s Sys=0.00s Real=0.00s
[76.993s][info][gc,start       ] GC(161) Pause Young (Allocation Failure)
[76.994s][info][gc,heap        ] GC(161) PSYoungGen: 288832K(310272K)->64K(309248K) Eden: 288768K(288768K)->0K(288768K) From: 64K(21504K)->64K(20480K)
[76.994s][info][gc,heap        ] GC(161) ParOldGen: 200310K(200704K)->200310K(200704K)
[76.994s][info][gc,metaspace   ] GC(161) Metaspace: 34903K(35584K)->34903K(35584K) NonClass: 28642K(29120K)->28642K(29120K) Class: 6260K(6464K)->6260K(6464K)
[76.994s][info][gc             ] GC(161) Pause Young (Allocation Failure) 477M->195M(498M) 1.140ms
[76.994s][info][gc,cpu         ] GC(161) User=0.00s Sys=0.00s Real=0.00s
[77.333s][info][gc,start       ] GC(162) Pause Young (Allocation Failure)
[77.334s][info][gc,heap        ] GC(162) PSYoungGen: 288832K(309248K)->64K(312320K) Eden: 288768K(288768K)->0K(292864K) From: 64K(20480K)->64K(19456K)
[77.334s][info][gc,heap        ] GC(162) ParOldGen: 200310K(200704K)->200310K(200704K)
[77.334s][info][gc,metaspace   ] GC(162) Metaspace: 34903K(35584K)->34903K(35584K) NonClass: 28642K(29120K)->28642K(29120K) Class: 6260K(6464K)->6260K(6464K)
[77.334s][info][gc             ] GC(162) Pause Young (Allocation Failure) 477M->195M(501M) 1.076ms
[77.334s][info][gc,cpu         ] GC(162) User=0.00s Sys=0.00s Real=0.00s
[77.395s][info][gc,start       ] GC(163) Pause Young (Allocation Failure)
[77.397s][info][gc,heap        ] GC(163) PSYoungGen: 292928K(312320K)->32K(311296K) Eden: 292864K(292864K)->0K(292864K) From: 64K(19456K)->32K(18432K)
[77.397s][info][gc,heap        ] GC(163) ParOldGen: 200310K(200704K)->200326K(200704K)
[77.397s][info][gc,metaspace   ] GC(163) Metaspace: 34903K(35584K)->34903K(35584K) NonClass: 28642K(29120K)->28642K(29120K) Class: 6260K(6464K)->6260K(6464K)
[77.397s][info][gc             ] GC(163) Pause Young (Allocation Failure) 481M->195M(500M) 1.963ms
[77.397s][info][gc,cpu         ] GC(163) User=0.01s Sys=0.00s Real=0.01s
[77.454s][info][gc,start       ] GC(164) Pause Young (Allocation Failure)
[77.456s][info][gc,heap        ] GC(164) PSYoungGen: 292896K(311296K)->32K(313856K) Eden: 292864K(292864K)->0K(296448K) From: 32K(18432K)->32K(17408K)
[77.456s][info][gc,heap        ] GC(164) ParOldGen: 200326K(200704K)->200326K(200704K)
[77.456s][info][gc,metaspace   ] GC(164) Metaspace: 34903K(35584K)->34903K(35584K) NonClass: 28642K(29120K)->28642K(29120K) Class: 6260K(6464K)->6260K(6464K)
[77.456s][info][gc             ] GC(164) Pause Young (Allocation Failure) 481M->195M(502M) 1.766ms
[77.456s][info][gc,cpu         ] GC(164) User=0.00s Sys=0.00s Real=0.00s
[77.685s][info][gc,start       ] GC(165) Pause Young (Allocation Failure)
[77.687s][info][gc,heap        ] GC(165) PSYoungGen: 296480K(313856K)->64K(313344K) Eden: 296448K(296448K)->0K(296448K) From: 32K(17408K)->64K(16896K)
[77.687s][info][gc,heap        ] GC(165) ParOldGen: 200326K(200704K)->200334K(200704K)
[77.687s][info][gc,metaspace   ] GC(165) Metaspace: 34918K(35584K)->34918K(35584K) NonClass: 28658K(29120K)->28658K(29120K) Class: 6260K(6464K)->6260K(6464K)
[77.687s][info][gc             ] GC(165) Pause Young (Allocation Failure) 485M->195M(502M) 1.365ms
[77.687s][info][gc,cpu         ] GC(165) User=0.00s Sys=0.00s Real=0.01s
[77.904s][info][gc,start       ] GC(166) Pause Young (Allocation Failure)
[77.905s][info][gc,heap        ] GC(166) PSYoungGen: 296512K(313344K)->64K(315904K) Eden: 296448K(296448K)->0K(300544K) From: 64K(16896K)->64K(15360K)
[77.905s][info][gc,heap        ] GC(166) ParOldGen: 200334K(200704K)->200342K(200704K)
[77.905s][info][gc,metaspace   ] GC(166) Metaspace: 34924K(35648K)->34924K(35648K) NonClass: 28663K(29184K)->28663K(29184K) Class: 6260K(6464K)->6260K(6464K)
[77.905s][info][gc             ] GC(166) Pause Young (Allocation Failure) 485M->195M(504M) 1.178ms
[77.905s][info][gc,cpu         ] GC(166) User=0.00s Sys=0.00s Real=0.00s
[78.012s][info][gc,start       ] GC(167) Pause Young (Allocation Failure)
[78.013s][info][gc,heap        ] GC(167) PSYoungGen: 300608K(315904K)->64K(315392K) Eden: 300544K(300544K)->0K(300544K) From: 64K(15360K)->64K(14848K)
[78.013s][info][gc,heap        ] GC(167) ParOldGen: 200342K(200704K)->200350K(200704K)
[78.013s][info][gc,metaspace   ] GC(167) Metaspace: 34924K(35648K)->34924K(35648K) NonClass: 28663K(29184K)->28663K(29184K) Class: 6260K(6464K)->6260K(6464K)
[78.013s][info][gc             ] GC(167) Pause Young (Allocation Failure) 489M->195M(504M) 1.142ms
[78.013s][info][gc,cpu         ] GC(167) User=0.00s Sys=0.00s Real=0.00s
[78.128s][info][gc,start       ] GC(168) Pause Young (Allocation Failure)
[78.129s][info][gc,heap        ] GC(168) PSYoungGen: 300608K(315392K)->64K(317952K) Eden: 300544K(300544K)->0K(304640K) From: 64K(14848K)->64K(13312K)
[78.129s][info][gc,heap        ] GC(168) ParOldGen: 200350K(200704K)->200358K(200704K)
[78.129s][info][gc,metaspace   ] GC(168) Metaspace: 34924K(35648K)->34924K(35648K) NonClass: 28663K(29184K)->28663K(29184K) Class: 6260K(6464K)->6260K(6464K)
[78.129s][info][gc             ] GC(168) Pause Young (Allocation Failure) 489M->195M(506M) 1.157ms
[78.129s][info][gc,cpu         ] GC(168) User=0.00s Sys=0.00s Real=0.00s
[78.413s][info][gc,start       ] GC(169) Pause Young (Allocation Failure)
[78.414s][info][gc,heap        ] GC(169) PSYoungGen: 304704K(317952K)->64K(292864K) Eden: 304640K(304640K)->0K(292352K) From: 64K(13312K)->64K(512K)
[78.414s][info][gc,heap        ] GC(169) ParOldGen: 200358K(200704K)->200366K(200704K)
[78.414s][info][gc,metaspace   ] GC(169) Metaspace: 34924K(35648K)->34924K(35648K) NonClass: 28663K(29184K)->28663K(29184K) Class: 6260K(6464K)->6260K(6464K)
[78.414s][info][gc             ] GC(169) Pause Young (Allocation Failure) 493M->195M(482M) 1.109ms
[78.414s][info][gc,cpu         ] GC(169) User=0.01s Sys=0.00s Real=0.00s
[79.261s][info][gc,start       ] GC(170) Pause Young (Allocation Failure)
[79.262s][info][gc,heap        ] GC(170) PSYoungGen: 292416K(292864K)->83K(281088K) Eden: 292352K(292352K)->0K(280576K) From: 64K(512K)->83K(512K)
[79.262s][info][gc,heap        ] GC(170) ParOldGen: 200366K(200704K)->200374K(200704K)
[79.262s][info][gc,metaspace   ] GC(170) Metaspace: 34924K(35648K)->34924K(35648K) NonClass: 28663K(29184K)->28663K(29184K) Class: 6260K(6464K)->6260K(6464K)
[79.262s][info][gc             ] GC(170) Pause Young (Allocation Failure) 481M->195M(470M) 1.144ms
[79.262s][info][gc,cpu         ] GC(170) User=0.00s Sys=0.00s Real=0.00s
[80.247s][info][gc,start       ] GC(171) Pause Young (Allocation Failure)
[80.249s][info][gc,heap        ] GC(171) PSYoungGen: 280659K(281088K)->32K(280576K) Eden: 280576K(280576K)->0K(269312K) From: 83K(512K)->32K(11264K)
[80.249s][info][gc,heap        ] GC(171) ParOldGen: 200374K(200704K)->200382K(200704K)
[80.249s][info][gc,metaspace   ] GC(171) Metaspace: 34924K(35648K)->34924K(35648K) NonClass: 28663K(29184K)->28663K(29184K) Class: 6260K(6464K)->6260K(6464K)
[80.249s][info][gc             ] GC(171) Pause Young (Allocation Failure) 469M->195M(470M) 1.901ms
[80.249s][info][gc,cpu         ] GC(171) User=0.00s Sys=0.00s Real=0.00s
[80.624s][info][gc,start       ] GC(172) Pause Young (Allocation Failure)
[80.627s][info][gc,heap        ] GC(172) PSYoungGen: 269344K(280576K)->32K(259072K) Eden: 269312K(269312K)->0K(258560K) From: 32K(11264K)->32K(512K)
[80.627s][info][gc,heap        ] GC(172) ParOldGen: 200382K(200704K)->200390K(200704K)
[80.627s][info][gc,metaspace   ] GC(172) Metaspace: 34924K(35648K)->34924K(35648K) NonClass: 28663K(29184K)->28663K(29184K) Class: 6260K(6464K)->6260K(6464K)
[80.627s][info][gc             ] GC(172) Pause Young (Allocation Failure) 458M->195M(449M) 2.613ms
[80.627s][info][gc,cpu         ] GC(172) User=0.00s Sys=0.00s Real=0.01s
[81.077s][info][gc,start       ] GC(173) Pause Young (Allocation Failure)
[81.079s][info][gc,heap        ] GC(173) PSYoungGen: 258592K(259072K)->64K(258560K) Eden: 258560K(258560K)->0K(248320K) From: 32K(512K)->64K(10240K)
[81.079s][info][gc,heap        ] GC(173) ParOldGen: 200390K(200704K)->200398K(200704K)
[81.079s][info][gc,metaspace   ] GC(173) Metaspace: 34924K(35648K)->34924K(35648K) NonClass: 28663K(29184K)->28663K(29184K) Class: 6260K(6464K)->6260K(6464K)
[81.079s][info][gc             ] GC(173) Pause Young (Allocation Failure) 448M->195M(448M) 2.084ms
[81.079s][info][gc,cpu         ] GC(173) User=0.01s Sys=0.00s Real=0.00s
[82.212s][info][gc,start       ] GC(174) Pause Young (Allocation Failure)
[82.215s][info][gc,heap        ] GC(174) PSYoungGen: 248384K(258560K)->64K(239104K) Eden: 248320K(248320K)->0K(238592K) From: 64K(10240K)->64K(512K)
[82.215s][info][gc,heap        ] GC(174) ParOldGen: 200398K(200704K)->200414K(200704K)
[82.215s][info][gc,metaspace   ] GC(174) Metaspace: 34955K(35648K)->34955K(35648K) NonClass: 28694K(29184K)->28694K(29184K) Class: 6260K(6464K)->6260K(6464K)
[82.215s][info][gc             ] GC(174) Pause Young (Allocation Failure) 438M->195M(429M) 2.671ms
[82.215s][info][gc,cpu         ] GC(174) User=0.00s Sys=0.00s Real=0.00s
[82.643s][info][gc,start       ] GC(175) Pause Young (Allocation Failure)
[82.645s][info][gc,heap        ] GC(175) PSYoungGen: 238656K(239104K)->64K(238080K) Eden: 238592K(238592K)->0K(229376K) From: 64K(512K)->64K(8704K)
[82.645s][info][gc,heap        ] GC(175) ParOldGen: 200414K(200704K)->200430K(200704K)
[82.645s][info][gc,metaspace   ] GC(175) Metaspace: 34956K(35648K)->34956K(35648K) NonClass: 28696K(29184K)->28696K(29184K) Class: 6260K(6464K)->6260K(6464K)
[82.645s][info][gc             ] GC(175) Pause Young (Allocation Failure) 428M->195M(428M) 1.900ms
[82.645s][info][gc,cpu         ] GC(175) User=0.00s Sys=0.00s Real=0.00s
[82.825s][info][gc,start       ] GC(176) Pause Young (Allocation Failure)
[82.827s][info][gc,heap        ] GC(176) PSYoungGen: 229440K(238080K)->64K(221184K) Eden: 229376K(229376K)->0K(220672K) From: 64K(8704K)->64K(512K)
[82.827s][info][gc,heap        ] GC(176) ParOldGen: 200430K(200704K)->200446K(200704K)
[82.827s][info][gc,metaspace   ] GC(176) Metaspace: 34956K(35648K)->34956K(35648K) NonClass: 28696K(29184K)->28696K(29184K) Class: 6260K(6464K)->6260K(6464K)
[82.827s][info][gc             ] GC(176) Pause Young (Allocation Failure) 419M->195M(412M) 2.325ms
[82.827s][info][gc,cpu         ] GC(176) User=0.00s Sys=0.00s Real=0.01s
[82.910s][info][gc,start       ] GC(177) Pause Young (Allocation Failure)
[82.912s][info][gc,heap        ] GC(177) PSYoungGen: 220736K(221184K)->64K(220160K) Eden: 220672K(220672K)->0K(212480K) From: 64K(512K)->64K(7680K)
[82.912s][info][gc,heap        ] GC(177) ParOldGen: 200446K(200704K)->200462K(200704K)
[82.912s][info][gc,metaspace   ] GC(177) Metaspace: 34956K(35648K)->34956K(35648K) NonClass: 28696K(29184K)->28696K(29184K) Class: 6260K(6464K)->6260K(6464K)
[82.912s][info][gc             ] GC(177) Pause Young (Allocation Failure) 411M->195M(411M) 1.769ms
[82.912s][info][gc,cpu         ] GC(177) User=0.00s Sys=0.00s Real=0.00s
[83.480s][info][gc,start       ] GC(178) Pause Young (Allocation Failure)
[83.482s][info][gc,heap        ] GC(178) PSYoungGen: 212544K(220160K)->64K(205312K) Eden: 212480K(212480K)->0K(204800K) From: 64K(7680K)->64K(512K)
[83.482s][info][gc,heap        ] GC(178) ParOldGen: 200462K(200704K)->200478K(200704K)
[83.482s][info][gc,metaspace   ] GC(178) Metaspace: 34956K(35648K)->34956K(35648K) NonClass: 28696K(29184K)->28696K(29184K) Class: 6260K(6464K)->6260K(6464K)
[83.482s][info][gc             ] GC(178) Pause Young (Allocation Failure) 403M->195M(396M) 2.599ms
[83.482s][info][gc,cpu         ] GC(178) User=0.00s Sys=0.00s Real=0.00s
[83.765s][info][gc,start       ] GC(179) Pause Young (Allocation Failure)
[83.767s][info][gc,heap        ] GC(179) PSYoungGen: 204864K(205312K)->64K(203776K) Eden: 204800K(204800K)->0K(197120K) From: 64K(512K)->64K(6656K)
[83.767s][info][gc,heap        ] GC(179) ParOldGen: 200478K(200704K)->200486K(200704K)
[83.767s][info][gc,metaspace   ] GC(179) Metaspace: 34956K(35648K)->34956K(35648K) NonClass: 28696K(29184K)->28696K(29184K) Class: 6260K(6464K)->6260K(6464K)
[83.767s][info][gc             ] GC(179) Pause Young (Allocation Failure) 395M->195M(395M) 2.011ms
[83.767s][info][gc,cpu         ] GC(179) User=0.01s Sys=0.00s Real=0.01s
[84.137s][info][gc,start       ] GC(180) Pause Young (Allocation Failure)
[84.146s][info][gc,heap        ] GC(180) PSYoungGen: 197183K(203776K)->3520K(240128K) Eden: 197119K(197120K)->0K(236544K) From: 64K(6656K)->3520K(3584K)
[84.146s][info][gc,heap        ] GC(180) ParOldGen: 200486K(200704K)->200494K(200704K)
[84.146s][info][gc,metaspace   ] GC(180) Metaspace: 34956K(35648K)->34956K(35648K) NonClass: 28696K(29184K)->28696K(29184K) Class: 6260K(6464K)->6260K(6464K)
[84.146s][info][gc             ] GC(180) Pause Young (Allocation Failure) 388M->199M(430M) 8.801ms
[84.146s][info][gc,cpu         ] GC(180) User=0.02s Sys=0.00s Real=0.00s
[84.425s][info][gc,start       ] GC(181) Pause Young (Allocation Failure)
[84.523s][info][gc,heap        ] GC(181) PSYoungGen: 240064K(240128K)->6656K(263680K) Eden: 236544K(236544K)->0K(257024K) From: 3520K(3584K)->6656K(6656K)
[84.523s][info][gc,heap        ] GC(181) ParOldGen: 200494K(200704K)->218798K(219136K)
[84.523s][info][gc,metaspace   ] GC(181) Metaspace: 34956K(35648K)->34956K(35648K) NonClass: 28696K(29184K)->28696K(29184K) Class: 6260K(6464K)->6260K(6464K)
[84.523s][info][gc             ] GC(181) Pause Young (Allocation Failure) 430M->220M(471M) 97.309ms
[84.523s][info][gc,cpu         ] GC(181) User=0.18s Sys=0.01s Real=0.10s
[84.827s][info][gc,start       ] GC(182) Pause Young (Allocation Failure)
[84.898s][info][gc,heap        ] GC(182) PSYoungGen: 263680K(263680K)->14848K(290816K) Eden: 257024K(257024K)->0K(275968K) From: 6656K(6656K)->14848K(14848K)
[84.898s][info][gc,heap        ] GC(182) ParOldGen: 218798K(219136K)->231734K(231936K)
[84.898s][info][gc,metaspace   ] GC(182) Metaspace: 34956K(35648K)->34956K(35648K) NonClass: 28696K(29184K)->28696K(29184K) Class: 6260K(6464K)->6260K(6464K)
[84.898s][info][gc             ] GC(182) Pause Young (Allocation Failure) 471M->240M(510M) 70.795ms
[84.898s][info][gc,cpu         ] GC(182) User=0.11s Sys=0.03s Real=0.07s
[85.087s][info][gc,start       ] GC(183) Pause Young (Allocation Failure)
[85.123s][info][gc,heap        ] GC(183) PSYoungGen: 290816K(290816K)->13440K(299008K) Eden: 275968K(275968K)->0K(275968K) From: 14848K(14848K)->13440K(23040K)
[85.123s][info][gc,heap        ] GC(183) ParOldGen: 231734K(231936K)->232198K(232448K)
[85.123s][info][gc,metaspace   ] GC(183) Metaspace: 34956K(35648K)->34956K(35648K) NonClass: 28696K(29184K)->28696K(29184K) Class: 6260K(6464K)->6260K(6464K)
[85.123s][info][gc             ] GC(183) Pause Young (Allocation Failure) 510M->239M(519M) 35.330ms
[85.123s][info][gc,cpu         ] GC(183) User=0.06s Sys=0.01s Real=0.03s
[85.448s][info][gc,start       ] GC(184) Pause Young (Allocation Failure)
[85.449s][info][gc,heap        ] GC(184) PSYoungGen: 289408K(299008K)->64K(310272K) Eden: 275968K(275968K)->0K(286208K) From: 13440K(23040K)->64K(24064K)
[85.449s][info][gc,heap        ] GC(184) ParOldGen: 232198K(232448K)->232206K(232448K)
[85.449s][info][gc,metaspace   ] GC(184) Metaspace: 34956K(35648K)->34956K(35648K) NonClass: 28696K(29184K)->28696K(29184K) Class: 6260K(6464K)->6260K(6464K)
[85.449s][info][gc             ] GC(184) Pause Young (Allocation Failure) 509M->226M(530M) 1.197ms
[85.449s][info][gc,cpu         ] GC(184) User=0.00s Sys=0.00s Real=0.00s
[86.143s][info][gc,start       ] GC(185) Pause Young (Allocation Failure)
[86.144s][info][gc,heap        ] GC(185) PSYoungGen: 286272K(310272K)->64K(286720K) Eden: 286208K(286208K)->0K(286208K) From: 64K(24064K)->64K(512K)
[86.144s][info][gc,heap        ] GC(185) ParOldGen: 232206K(232448K)->232214K(232448K)
[86.144s][info][gc,metaspace   ] GC(185) Metaspace: 34956K(35648K)->34956K(35648K) NonClass: 28696K(29184K)->28696K(29184K) Class: 6260K(6464K)->6260K(6464K)
[86.144s][info][gc             ] GC(185) Pause Young (Allocation Failure) 506M->226M(507M) 1.264ms
[86.144s][info][gc,cpu         ] GC(185) User=0.00s Sys=0.00s Real=0.00s
[86.676s][info][gc,start       ] GC(186) Pause Young (Allocation Failure)
[86.678s][info][gc,heap        ] GC(186) PSYoungGen: 286272K(286720K)->64K(309248K) Eden: 286208K(286208K)->0K(286720K) From: 64K(512K)->64K(22528K)
[86.678s][info][gc,heap        ] GC(186) ParOldGen: 232214K(232448K)->232230K(232448K)
[86.678s][info][gc,metaspace   ] GC(186) Metaspace: 34956K(35648K)->34956K(35648K) NonClass: 28696K(29184K)->28696K(29184K) Class: 6260K(6464K)->6260K(6464K)
[86.678s][info][gc             ] GC(186) Pause Young (Allocation Failure) 506M->226M(529M) 1.752ms
[86.678s][info][gc,cpu         ] GC(186) User=0.01s Sys=0.00s Real=0.01s
[86.898s][info][gc,start       ] GC(187) Pause Young (Allocation Failure)
[86.899s][info][gc,heap        ] GC(187) PSYoungGen: 286784K(309248K)->64K(308736K) Eden: 286720K(286720K)->0K(286720K) From: 64K(22528K)->64K(22016K)
[86.899s][info][gc,heap        ] GC(187) ParOldGen: 232230K(232448K)->232246K(232448K)
[86.899s][info][gc,metaspace   ] GC(187) Metaspace: 34956K(35648K)->34956K(35648K) NonClass: 28696K(29184K)->28696K(29184K) Class: 6260K(6464K)->6260K(6464K)
[86.899s][info][gc             ] GC(187) Pause Young (Allocation Failure) 506M->226M(528M) 1.334ms
[86.899s][info][gc,cpu         ] GC(187) User=0.01s Sys=0.00s Real=0.00s
[87.117s][info][gc,start       ] GC(188) Pause Young (Allocation Failure)
[87.118s][info][gc,heap        ] GC(188) PSYoungGen: 286784K(308736K)->64K(310784K) Eden: 286720K(286720K)->0K(290304K) From: 64K(22016K)->64K(20480K)
[87.118s][info][gc,heap        ] GC(188) ParOldGen: 232246K(232448K)->232246K(232448K)
[87.118s][info][gc,metaspace   ] GC(188) Metaspace: 34956K(35648K)->34956K(35648K) NonClass: 28696K(29184K)->28696K(29184K) Class: 6260K(6464K)->6260K(6464K)
[87.118s][info][gc             ] GC(188) Pause Young (Allocation Failure) 506M->226M(530M) 1.261ms
[87.118s][info][gc,cpu         ] GC(188) User=0.00s Sys=0.00s Real=0.00s
[87.465s][info][gc,start       ] GC(189) Pause Young (Allocation Failure)
[87.466s][info][gc,heap        ] GC(189) PSYoungGen: 290368K(310784K)->32K(310272K) Eden: 290304K(290304K)->0K(290304K) From: 64K(20480K)->32K(19968K)
[87.466s][info][gc,heap        ] GC(189) ParOldGen: 232246K(232448K)->232246K(232448K)
[87.466s][info][gc,metaspace   ] GC(189) Metaspace: 34956K(35648K)->34956K(35648K) NonClass: 28696K(29184K)->28696K(29184K) Class: 6260K(6464K)->6260K(6464K)
[87.466s][info][gc             ] GC(189) Pause Young (Allocation Failure) 510M->226M(530M) 1.470ms
[87.466s][info][gc,cpu         ] GC(189) User=0.00s Sys=0.00s Real=0.00s
[87.619s][info][gc,start       ] GC(190) Pause Young (Allocation Failure)
[87.620s][info][gc,heap        ] GC(190) PSYoungGen: 290336K(310272K)->64K(312832K) Eden: 290304K(290304K)->0K(294400K) From: 32K(19968K)->64K(18432K)
[87.620s][info][gc,heap        ] GC(190) ParOldGen: 232246K(232448K)->232254K(232448K)
[87.620s][info][gc,metaspace   ] GC(190) Metaspace: 34956K(35648K)->34956K(35648K) NonClass: 28696K(29184K)->28696K(29184K) Class: 6260K(6464K)->6260K(6464K)
[87.620s][info][gc             ] GC(190) Pause Young (Allocation Failure) 510M->226M(532M) 1.187ms
[87.620s][info][gc,cpu         ] GC(190) User=0.00s Sys=0.00s Real=0.00s
[87.683s][info][gc,start       ] GC(191) Pause Young (Allocation Failure)
[87.685s][info][gc,heap        ] GC(191) PSYoungGen: 294464K(312832K)->32K(312320K) Eden: 294400K(294400K)->0K(294400K) From: 64K(18432K)->32K(17920K)
[87.685s][info][gc,heap        ] GC(191) ParOldGen: 232254K(232448K)->232270K(232448K)
[87.685s][info][gc,metaspace   ] GC(191) Metaspace: 34956K(35648K)->34956K(35648K) NonClass: 28696K(29184K)->28696K(29184K) Class: 6260K(6464K)->6260K(6464K)
[87.685s][info][gc             ] GC(191) Pause Young (Allocation Failure) 514M->226M(532M) 2.024ms
[87.685s][info][gc,cpu         ] GC(191) User=0.00s Sys=0.00s Real=0.00s
[87.801s][info][gc,start       ] GC(192) Pause Young (Allocation Failure)
[87.803s][info][gc,heap        ] GC(192) PSYoungGen: 294432K(312320K)->64K(314880K) Eden: 294400K(294400K)->0K(298496K) From: 32K(17920K)->64K(16384K)
[87.803s][info][gc,heap        ] GC(192) ParOldGen: 232270K(232448K)->232270K(232448K)
[87.803s][info][gc,metaspace   ] GC(192) Metaspace: 34956K(35648K)->34956K(35648K) NonClass: 28696K(29184K)->28696K(29184K) Class: 6260K(6464K)->6260K(6464K)
[87.803s][info][gc             ] GC(192) Pause Young (Allocation Failure) 514M->226M(534M) 2.045ms
[87.803s][info][gc,cpu         ] GC(192) User=0.01s Sys=0.00s Real=0.00s
[88.052s][info][gc,start       ] GC(193) Pause Young (Allocation Failure)
[88.054s][info][gc,heap        ] GC(193) PSYoungGen: 298560K(314880K)->32K(314880K) Eden: 298496K(298496K)->0K(298496K) From: 64K(16384K)->32K(16384K)
[88.054s][info][gc,heap        ] GC(193) ParOldGen: 232270K(232448K)->232286K(232448K)
[88.054s][info][gc,metaspace   ] GC(193) Metaspace: 34956K(35648K)->34956K(35648K) NonClass: 28696K(29184K)->28696K(29184K) Class: 6260K(6464K)->6260K(6464K)
[88.054s][info][gc             ] GC(193) Pause Young (Allocation Failure) 518M->226M(534M) 2.056ms
[88.054s][info][gc,cpu         ] GC(193) User=0.00s Sys=0.00s Real=0.00s
[88.238s][info][gc,start       ] GC(194) Pause Young (Allocation Failure)
[88.240s][info][gc,heap        ] GC(194) PSYoungGen: 298528K(314880K)->64K(316416K) Eden: 298496K(298496K)->0K(302080K) From: 32K(16384K)->64K(14336K)
[88.240s][info][gc,heap        ] GC(194) ParOldGen: 232286K(232448K)->232286K(232448K)
[88.240s][info][gc,metaspace   ] GC(194) Metaspace: 34957K(35648K)->34957K(35648K) NonClass: 28696K(29184K)->28696K(29184K) Class: 6260K(6464K)->6260K(6464K)
[88.240s][info][gc             ] GC(194) Pause Young (Allocation Failure) 518M->226M(536M) 1.995ms
[88.240s][info][gc,cpu         ] GC(194) User=0.00s Sys=0.00s Real=0.00s
[88.327s][info][gc,start       ] GC(195) Pause Young (Allocation Failure)
[88.328s][info][gc,heap        ] GC(195) PSYoungGen: 302144K(316416K)->64K(316416K) Eden: 302080K(302080K)->0K(302080K) From: 64K(14336K)->64K(14336K)
[88.328s][info][gc,heap        ] GC(195) ParOldGen: 232286K(232448K)->232302K(232448K)
[88.328s][info][gc,metaspace   ] GC(195) Metaspace: 34957K(35648K)->34957K(35648K) NonClass: 28696K(29184K)->28696K(29184K) Class: 6260K(6464K)->6260K(6464K)
[88.328s][info][gc             ] GC(195) Pause Young (Allocation Failure) 521M->226M(536M) 1.246ms
[88.328s][info][gc,cpu         ] GC(195) User=0.00s Sys=0.00s Real=0.00s
[88.496s][info][gc,start       ] GC(196) Pause Young (Allocation Failure)
[88.498s][info][gc,heap        ] GC(196) PSYoungGen: 302144K(316416K)->64K(317952K) Eden: 302080K(302080K)->0K(305664K) From: 64K(14336K)->64K(12288K)
[88.498s][info][gc,heap        ] GC(196) ParOldGen: 232302K(232448K)->232302K(232448K)
[88.498s][info][gc,metaspace   ] GC(196) Metaspace: 34957K(35648K)->34957K(35648K) NonClass: 28696K(29184K)->28696K(29184K) Class: 6260K(6464K)->6260K(6464K)
[88.498s][info][gc             ] GC(196) Pause Young (Allocation Failure) 521M->226M(537M) 1.414ms
[88.498s][info][gc,cpu         ] GC(196) User=0.00s Sys=0.00s Real=0.01s
[88.950s][info][gc,start       ] GC(197) Pause Young (Allocation Failure)
[88.952s][info][gc,heap        ] GC(197) PSYoungGen: 305728K(317952K)->64K(318464K) Eden: 305664K(305664K)->0K(305664K) From: 64K(12288K)->64K(12800K)
[88.952s][info][gc,heap        ] GC(197) ParOldGen: 232302K(232448K)->232310K(232448K)
[88.952s][info][gc,metaspace   ] GC(197) Metaspace: 34957K(35648K)->34957K(35648K) NonClass: 28696K(29184K)->28696K(29184K) Class: 6260K(6464K)->6260K(6464K)
[88.952s][info][gc             ] GC(197) Pause Young (Allocation Failure) 525M->226M(538M) 1.223ms
[88.952s][info][gc,cpu         ] GC(197) User=0.00s Sys=0.00s Real=0.00s
[89.823s][info][gc,start       ] GC(198) Pause Young (Allocation Failure)
[89.824s][info][gc,heap        ] GC(198) PSYoungGen: 305728K(318464K)->64K(293888K) Eden: 305664K(305664K)->0K(293376K) From: 64K(12800K)->64K(512K)
[89.824s][info][gc,heap        ] GC(198) ParOldGen: 232310K(232448K)->232318K(232448K)
[89.824s][info][gc,metaspace   ] GC(198) Metaspace: 34957K(35648K)->34957K(35648K) NonClass: 28696K(29184K)->28696K(29184K) Class: 6260K(6464K)->6260K(6464K)
[89.824s][info][gc             ] GC(198) Pause Young (Allocation Failure) 525M->226M(514M) 1.385ms
[89.824s][info][gc,cpu         ] GC(198) User=0.00s Sys=0.00s Real=0.00s
[90.731s][info][gc,start       ] GC(199) Pause Young (Allocation Failure)
[90.733s][info][gc,heap        ] GC(199) PSYoungGen: 293440K(293888K)->64K(292864K) Eden: 293376K(293376K)->0K(281600K) From: 64K(512K)->64K(11264K)
[90.733s][info][gc,heap        ] GC(199) ParOldGen: 232318K(232448K)->232334K(232448K)
[90.733s][info][gc,metaspace   ] GC(199) Metaspace: 34957K(35648K)->34957K(35648K) NonClass: 28696K(29184K)->28696K(29184K) Class: 6260K(6464K)->6260K(6464K)
[90.733s][info][gc             ] GC(199) Pause Young (Allocation Failure) 513M->226M(513M) 2.219ms
[90.733s][info][gc,cpu         ] GC(199) User=0.00s Sys=0.00s Real=0.00s
[91.234s][info][gc,start       ] GC(200) Pause Young (Allocation Failure)
[91.236s][info][gc,heap        ] GC(200) PSYoungGen: 281664K(292864K)->64K(270848K) Eden: 281600K(281600K)->0K(270336K) From: 64K(11264K)->64K(512K)
[91.236s][info][gc,heap        ] GC(200) ParOldGen: 232334K(232448K)->232342K(232448K)
[91.236s][info][gc,metaspace   ] GC(200) Metaspace: 34958K(35648K)->34958K(35648K) NonClass: 28697K(29184K)->28697K(29184K) Class: 6260K(6464K)->6260K(6464K)
[91.236s][info][gc             ] GC(200) Pause Young (Allocation Failure) 501M->226M(491M) 1.799ms
[91.236s][info][gc,cpu         ] GC(200) User=0.00s Sys=0.00s Real=0.00s
[92.315s][info][gc,start       ] GC(201) Pause Young (Allocation Failure)
[92.316s][info][gc,heap        ] GC(201) PSYoungGen: 270400K(270848K)->64K(269312K) Eden: 270336K(270336K)->0K(259584K) From: 64K(512K)->64K(9728K)
[92.316s][info][gc,heap        ] GC(201) ParOldGen: 232342K(232448K)->232350K(232448K)
[92.316s][info][gc,metaspace   ] GC(201) Metaspace: 34958K(35648K)->34958K(35648K) NonClass: 28697K(29184K)->28697K(29184K) Class: 6260K(6464K)->6260K(6464K)
[92.316s][info][gc             ] GC(201) Pause Young (Allocation Failure) 490M->226M(490M) 1.255ms
[92.316s][info][gc,cpu         ] GC(201) User=0.00s Sys=0.00s Real=0.00s
[92.772s][info][gc,start       ] GC(202) Pause Young (Allocation Failure)
[92.774s][info][gc,heap        ] GC(202) PSYoungGen: 259648K(269312K)->64K(249856K) Eden: 259584K(259584K)->0K(249344K) From: 64K(9728K)->64K(512K)
[92.774s][info][gc,heap        ] GC(202) ParOldGen: 232350K(232448K)->232358K(232448K)
[92.774s][info][gc,metaspace   ] GC(202) Metaspace: 34958K(35648K)->34958K(35648K) NonClass: 28697K(29184K)->28697K(29184K) Class: 6260K(6464K)->6260K(6464K)
[92.774s][info][gc             ] GC(202) Pause Young (Allocation Failure) 480M->226M(471M) 1.719ms
[92.774s][info][gc,cpu         ] GC(202) User=0.01s Sys=0.00s Real=0.00s
[92.984s][info][gc,start       ] GC(203) Pause Young (Allocation Failure)
[92.986s][info][gc,heap        ] GC(203) PSYoungGen: 249408K(249856K)->64K(248320K) Eden: 249344K(249344K)->0K(239616K) From: 64K(512K)->64K(8704K)
[92.986s][info][gc,heap        ] GC(203) ParOldGen: 232358K(232448K)->232374K(232448K)
[92.986s][info][gc,metaspace   ] GC(203) Metaspace: 34959K(35648K)->34959K(35648K) NonClass: 28699K(29184K)->28699K(29184K) Class: 6260K(6464K)->6260K(6464K)
[92.986s][info][gc             ] GC(203) Pause Young (Allocation Failure) 470M->226M(469M) 2.150ms
[92.986s][info][gc,cpu         ] GC(203) User=0.01s Sys=0.00s Real=0.00s
[93.065s][info][gc,start       ] GC(204) Pause Young (Allocation Failure)
[93.067s][info][gc,heap        ] GC(204) PSYoungGen: 239680K(248320K)->64K(230912K) Eden: 239616K(239616K)->0K(230400K) From: 64K(8704K)->64K(512K)
[93.067s][info][gc,heap        ] GC(204) ParOldGen: 232374K(232448K)->232390K(232448K)
[93.067s][info][gc,metaspace   ] GC(204) Metaspace: 34959K(35648K)->34959K(35648K) NonClass: 28699K(29184K)->28699K(29184K) Class: 6260K(6464K)->6260K(6464K)
[93.067s][info][gc             ] GC(204) Pause Young (Allocation Failure) 460M->227M(452M) 2.481ms
[93.067s][info][gc,cpu         ] GC(204) User=0.01s Sys=0.00s Real=0.01s
[93.637s][info][gc,start       ] GC(205) Pause Young (Allocation Failure)
[93.639s][info][gc,heap        ] GC(205) PSYoungGen: 230464K(230912K)->64K(228864K) Eden: 230400K(230400K)->0K(221696K) From: 64K(512K)->64K(7168K)
[93.639s][info][gc,heap        ] GC(205) ParOldGen: 232390K(232448K)->232406K(232448K)
[93.639s][info][gc,metaspace   ] GC(205) Metaspace: 34959K(35648K)->34959K(35648K) NonClass: 28699K(29184K)->28699K(29184K) Class: 6260K(6464K)->6260K(6464K)
[93.639s][info][gc             ] GC(205) Pause Young (Allocation Failure) 452M->227M(450M) 1.930ms
[93.639s][info][gc,cpu         ] GC(205) User=0.00s Sys=0.00s Real=0.00s
[93.939s][info][gc,start       ] GC(206) Pause Young (Allocation Failure)
[93.941s][info][gc,heap        ] GC(206) PSYoungGen: 221760K(228864K)->64K(214016K) Eden: 221696K(221696K)->0K(213504K) From: 64K(7168K)->64K(512K)
[93.941s][info][gc,heap        ] GC(206) ParOldGen: 232406K(232448K)->232414K(232448K)
[93.941s][info][gc,metaspace   ] GC(206) Metaspace: 34959K(35648K)->34959K(35648K) NonClass: 28699K(29184K)->28699K(29184K) Class: 6260K(6464K)->6260K(6464K)
[93.941s][info][gc             ] GC(206) Pause Young (Allocation Failure) 443M->227M(436M) 1.834ms
[93.941s][info][gc,cpu         ] GC(206) User=0.00s Sys=0.00s Real=0.00s
[94.309s][info][gc,start       ] GC(207) Pause Young (Allocation Failure)
[94.321s][info][gc,heap        ] GC(207) PSYoungGen: 213568K(214016K)->6144K(262656K) Eden: 213504K(213504K)->0K(256512K) From: 64K(512K)->6144K(6144K)
[94.321s][info][gc,heap        ] GC(207) ParOldGen: 232414K(232448K)->233262K(233472K)
[94.321s][info][gc,metaspace   ] GC(207) Metaspace: 34959K(35648K)->34959K(35648K) NonClass: 28699K(29184K)->28699K(29184K) Class: 6260K(6464K)->6260K(6464K)
[94.321s][info][gc             ] GC(207) Pause Young (Allocation Failure) 435M->233M(484M) 11.799ms
[94.321s][info][gc,cpu         ] GC(207) User=0.03s Sys=0.00s Real=0.01s
[94.608s][info][gc,start       ] GC(208) Pause Young (Allocation Failure)
[94.665s][info][gc,heap        ] GC(208) PSYoungGen: 262656K(262656K)->6144K(272384K) Eden: 256512K(256512K)->0K(266240K) From: 6144K(6144K)->6144K(6144K)
[94.665s][info][gc,heap        ] GC(208) ParOldGen: 233262K(233472K)->254222K(254464K)
[94.665s][info][gc,metaspace   ] GC(208) Metaspace: 34959K(35648K)->34959K(35648K) NonClass: 28699K(29184K)->28699K(29184K) Class: 6260K(6464K)->6260K(6464K)
[94.665s][info][gc             ] GC(208) Pause Young (Allocation Failure) 484M->254M(514M) 57.278ms
[94.665s][info][gc,cpu         ] GC(208) User=0.09s Sys=0.02s Real=0.05s
[94.965s][info][gc,start       ] GC(209) Pause Young (Allocation Failure)
[95.022s][info][gc,heap        ] GC(209) PSYoungGen: 272384K(272384K)->16896K(283136K) Eden: 266240K(266240K)->0K(266240K) From: 6144K(6144K)->16896K(16896K)
[95.022s][info][gc,heap        ] GC(209) ParOldGen: 254222K(254464K)->266182K(266240K)
[95.022s][info][gc,metaspace   ] GC(209) Metaspace: 34959K(35648K)->34959K(35648K) NonClass: 28699K(29184K)->28699K(29184K) Class: 6260K(6464K)->6260K(6464K)
[95.022s][info][gc             ] GC(209) Pause Young (Allocation Failure) 514M->276M(536M) 57.374ms
[95.022s][info][gc,cpu         ] GC(209) User=0.11s Sys=0.01s Real=0.06s
[95.145s][info][gc,start       ] GC(210) Pause Young (Allocation Failure)
[95.164s][info][gc,heap        ] GC(210) PSYoungGen: 283136K(283136K)->6848K(310272K) Eden: 266240K(266240K)->0K(285184K) From: 16896K(16896K)->6848K(25088K)
[95.164s][info][gc,heap        ] GC(210) ParOldGen: 266182K(266240K)->266614K(266752K)
[95.164s][info][gc,metaspace   ] GC(210) Metaspace: 34959K(35648K)->34959K(35648K) NonClass: 28699K(29184K)->28699K(29184K) Class: 6260K(6464K)->6260K(6464K)
[95.164s][info][gc             ] GC(210) Pause Young (Allocation Failure) 536M->267M(563M) 18.865ms
[95.164s][info][gc,cpu         ] GC(210) User=0.03s Sys=0.00s Real=0.02s
[95.628s][info][gc,start       ] GC(211) Pause Young (Allocation Failure)
[95.629s][info][gc,heap        ] GC(211) PSYoungGen: 292032K(310272K)->64K(285696K) Eden: 285184K(285184K)->0K(285184K) From: 6848K(25088K)->64K(512K)
[95.629s][info][gc,heap        ] GC(211) ParOldGen: 266614K(266752K)->266622K(266752K)
[95.629s][info][gc,metaspace   ] GC(211) Metaspace: 34959K(35648K)->34959K(35648K) NonClass: 28699K(29184K)->28699K(29184K) Class: 6260K(6464K)->6260K(6464K)
[95.629s][info][gc             ] GC(211) Pause Young (Allocation Failure) 545M->260M(539M) 1.241ms
[95.629s][info][gc,cpu         ] GC(211) User=0.00s Sys=0.00s Real=0.00s
[96.244s][info][gc,start       ] GC(212) Pause Young (Allocation Failure)
[96.247s][info][gc,heap        ] GC(212) PSYoungGen: 285248K(285696K)->64K(308224K) Eden: 285184K(285184K)->0K(285696K) From: 64K(512K)->64K(22528K)
[96.247s][info][gc,heap        ] GC(212) ParOldGen: 266622K(266752K)->266630K(266752K)
[96.247s][info][gc,metaspace   ] GC(212) Metaspace: 34959K(35648K)->34959K(35648K) NonClass: 28699K(29184K)->28699K(29184K) Class: 6260K(6464K)->6260K(6464K)
[96.247s][info][gc             ] GC(212) Pause Young (Allocation Failure) 538M->260M(561M) 2.401ms
[96.247s][info][gc,cpu         ] GC(212) User=0.00s Sys=0.00s Real=0.01s
[96.732s][info][gc,start       ] GC(213) Pause Young (Allocation Failure)
[96.734s][info][gc,heap        ] GC(213) PSYoungGen: 285760K(308224K)->64K(307712K) Eden: 285696K(285696K)->0K(285696K) From: 64K(22528K)->64K(22016K)
[96.734s][info][gc,heap        ] GC(213) ParOldGen: 266630K(266752K)->266646K(266752K)
[96.734s][info][gc,metaspace   ] GC(213) Metaspace: 34959K(35648K)->34959K(35648K) NonClass: 28699K(29184K)->28699K(29184K) Class: 6260K(6464K)->6260K(6464K)
[96.734s][info][gc             ] GC(213) Pause Young (Allocation Failure) 539M->260M(561M) 2.130ms
[96.734s][info][gc,cpu         ] GC(213) User=0.00s Sys=0.00s Real=0.00s
[96.957s][info][gc,start       ] GC(214) Pause Young (Allocation Failure)
[96.959s][info][gc,heap        ] GC(214) PSYoungGen: 285760K(307712K)->32K(310784K) Eden: 285696K(285696K)->0K(290304K) From: 64K(22016K)->32K(20480K)
[96.959s][info][gc,heap        ] GC(214) ParOldGen: 266646K(266752K)->266662K(266752K)
[96.959s][info][gc,metaspace   ] GC(214) Metaspace: 34959K(35648K)->34959K(35648K) NonClass: 28699K(29184K)->28699K(29184K) Class: 6260K(6464K)->6260K(6464K)
[96.959s][info][gc             ] GC(214) Pause Young (Allocation Failure) 539M->260M(564M) 2.169ms
[96.959s][info][gc,cpu         ] GC(214) User=0.00s Sys=0.00s Real=0.00s
[97.186s][info][gc,start       ] GC(215) Pause Young (Allocation Failure)
[97.188s][info][gc,heap        ] GC(215) PSYoungGen: 290336K(310784K)->64K(310784K) Eden: 290304K(290304K)->0K(290304K) From: 32K(20480K)->64K(20480K)
[97.188s][info][gc,heap        ] GC(215) ParOldGen: 266662K(266752K)->266662K(266752K)
[97.188s][info][gc,metaspace   ] GC(215) Metaspace: 34959K(35648K)->34959K(35648K) NonClass: 28699K(29184K)->28699K(29184K) Class: 6260K(6464K)->6260K(6464K)
[97.188s][info][gc             ] GC(215) Pause Young (Allocation Failure) 543M->260M(564M) 2.166ms
[97.188s][info][gc,cpu         ] GC(215) User=0.01s Sys=0.00s Real=0.01s
[97.551s][info][gc,start       ] GC(216) Pause Young (Allocation Failure)
[97.553s][info][gc,heap        ] GC(216) PSYoungGen: 290368K(310784K)->64K(312320K) Eden: 290304K(290304K)->0K(293888K) From: 64K(20480K)->64K(18432K)
[97.553s][info][gc,heap        ] GC(216) ParOldGen: 266662K(266752K)->266662K(266752K)
[97.553s][info][gc,metaspace   ] GC(216) Metaspace: 34959K(35648K)->34959K(35648K) NonClass: 28699K(29184K)->28699K(29184K) Class: 6260K(6464K)->6260K(6464K)
[97.553s][info][gc             ] GC(216) Pause Young (Allocation Failure) 543M->260M(565M) 1.363ms
[97.553s][info][gc,cpu         ] GC(216) User=0.00s Sys=0.00s Real=0.00s
[97.655s][info][gc,start       ] GC(217) Pause Young (Allocation Failure)
[97.656s][info][gc,heap        ] GC(217) PSYoungGen: 293952K(312320K)->64K(312320K) Eden: 293888K(293888K)->0K(293888K) From: 64K(18432K)->64K(18432K)
[97.656s][info][gc,heap        ] GC(217) ParOldGen: 266662K(266752K)->266670K(266752K)
[97.656s][info][gc,metaspace   ] GC(217) Metaspace: 34959K(35648K)->34959K(35648K) NonClass: 28699K(29184K)->28699K(29184K) Class: 6260K(6464K)->6260K(6464K)
[97.656s][info][gc             ] GC(217) Pause Young (Allocation Failure) 547M->260M(565M) 1.308ms
[97.656s][info][gc,cpu         ] GC(217) User=0.00s Sys=0.00s Real=0.00s
[97.710s][info][gc,start       ] GC(218) Pause Young (Allocation Failure)
[97.711s][info][gc,heap        ] GC(218) PSYoungGen: 293952K(312320K)->64K(313856K) Eden: 293888K(293888K)->0K(297472K) From: 64K(18432K)->64K(16384K)
[97.711s][info][gc,heap        ] GC(218) ParOldGen: 266670K(266752K)->266686K(266752K)
[97.711s][info][gc,metaspace   ] GC(218) Metaspace: 34959K(35648K)->34959K(35648K) NonClass: 28699K(29184K)->28699K(29184K) Class: 6260K(6464K)->6260K(6464K)
[97.711s][info][gc             ] GC(218) Pause Young (Allocation Failure) 547M->260M(567M) 1.263ms
[97.711s][info][gc,cpu         ] GC(218) User=0.01s Sys=0.00s Real=0.00s
[97.866s][info][gc,start       ] GC(219) Pause Young (Allocation Failure)
[97.868s][info][gc,heap        ] GC(219) PSYoungGen: 297536K(313856K)->64K(314368K) Eden: 297472K(297472K)->0K(297472K) From: 64K(16384K)->64K(16896K)
[97.868s][info][gc,heap        ] GC(219) ParOldGen: 266686K(266752K)->266686K(266752K)
[97.868s][info][gc,metaspace   ] GC(219) Metaspace: 34959K(35648K)->34959K(35648K) NonClass: 28699K(29184K)->28699K(29184K) Class: 6260K(6464K)->6260K(6464K)
[97.868s][info][gc             ] GC(219) Pause Young (Allocation Failure) 550M->260M(567M) 1.611ms
[97.868s][info][gc,cpu         ] GC(219) User=0.00s Sys=0.00s Real=0.01s
[98.094s][info][gc,start       ] GC(220) Pause Young (Allocation Failure)
[98.095s][info][gc,heap        ] GC(220) PSYoungGen: 297536K(314368K)->64K(315392K) Eden: 297472K(297472K)->0K(301056K) From: 64K(16896K)->64K(14336K)
[98.095s][info][gc,heap        ] GC(220) ParOldGen: 266686K(266752K)->266694K(266752K)
[98.095s][info][gc,metaspace   ] GC(220) Metaspace: 34959K(35648K)->34959K(35648K) NonClass: 28699K(29184K)->28699K(29184K) Class: 6260K(6464K)->6260K(6464K)
[98.095s][info][gc             ] GC(220) Pause Young (Allocation Failure) 550M->260M(568M) 1.242ms
[98.095s][info][gc,cpu         ] GC(220) User=0.00s Sys=0.00s Real=0.00s
[98.246s][info][gc,start       ] GC(221) Pause Young (Allocation Failure)
[98.247s][info][gc,heap        ] GC(221) PSYoungGen: 301120K(315392K)->64K(315904K) Eden: 301056K(301056K)->0K(301056K) From: 64K(14336K)->64K(14848K)
[98.247s][info][gc,heap        ] GC(221) ParOldGen: 266694K(266752K)->266702K(266752K)
[98.247s][info][gc,metaspace   ] GC(221) Metaspace: 34959K(35648K)->34959K(35648K) NonClass: 28699K(29184K)->28699K(29184K) Class: 6260K(6464K)->6260K(6464K)
[98.247s][info][gc             ] GC(221) Pause Young (Allocation Failure) 554M->260M(569M) 1.273ms
[98.247s][info][gc,cpu         ] GC(221) User=0.00s Sys=0.00s Real=0.01s
[98.328s][info][gc,start       ] GC(222) Pause Young (Allocation Failure)
[98.329s][info][gc,heap        ] GC(222) PSYoungGen: 301120K(315904K)->64K(316928K) Eden: 301056K(301056K)->0K(304640K) From: 64K(14848K)->64K(12288K)
[98.329s][info][gc,heap        ] GC(222) ParOldGen: 266702K(266752K)->266718K(266752K)
[98.329s][info][gc,metaspace   ] GC(222) Metaspace: 34959K(35648K)->34959K(35648K) NonClass: 28699K(29184K)->28699K(29184K) Class: 6260K(6464K)->6260K(6464K)
[98.329s][info][gc             ] GC(222) Pause Young (Allocation Failure) 554M->260M(570M) 1.253ms
[98.329s][info][gc,cpu         ] GC(222) User=0.00s Sys=0.00s Real=0.00s
[98.531s][info][gc,start       ] GC(223) Pause Young (Allocation Failure)
[98.533s][info][gc,heap        ] GC(223) PSYoungGen: 304704K(316928K)->64K(317952K) Eden: 304640K(304640K)->0K(304640K) From: 64K(12288K)->64K(13312K)
[98.533s][info][gc,heap        ] GC(223) ParOldGen: 266718K(266752K)->266718K(266752K)
[98.533s][info][gc,metaspace   ] GC(223) Metaspace: 34959K(35648K)->34959K(35648K) NonClass: 28699K(29184K)->28699K(29184K) Class: 6260K(6464K)->6260K(6464K)
[98.533s][info][gc             ] GC(223) Pause Young (Allocation Failure) 558M->260M(571M) 2.379ms
[98.533s][info][gc,cpu         ] GC(223) User=0.00s Sys=0.00s Real=0.00s
[99.583s][info][gc,start       ] GC(224) Pause Young (Allocation Failure)
[99.585s][info][gc,heap        ] GC(224) PSYoungGen: 304704K(317952K)->32K(292864K) Eden: 304640K(304640K)->0K(292352K) From: 64K(13312K)->32K(512K)
[99.585s][info][gc,heap        ] GC(224) ParOldGen: 266718K(266752K)->266734K(266752K)
[99.585s][info][gc,metaspace   ] GC(224) Metaspace: 34959K(35648K)->34959K(35648K) NonClass: 28699K(29184K)->28699K(29184K) Class: 6260K(6464K)->6260K(6464K)
[99.585s][info][gc             ] GC(224) Pause Young (Allocation Failure) 558M->260M(546M) 2.167ms
[99.586s][info][gc,cpu         ] GC(224) User=0.01s Sys=0.00s Real=0.00s
[100.602s][info][gc,start       ] GC(225) Pause Young (Allocation Failure)
[100.604s][info][gc,heap        ] GC(225) PSYoungGen: 292384K(292864K)->64K(292352K) Eden: 292352K(292352K)->0K(280576K) From: 32K(512K)->64K(11776K)
[100.604s][info][gc,heap        ] GC(225) ParOldGen: 266734K(266752K)->266742K(266752K)
[100.604s][info][gc,metaspace   ] GC(225) Metaspace: 34959K(35648K)->34959K(35648K) NonClass: 28699K(29184K)->28699K(29184K) Class: 6260K(6464K)->6260K(6464K)
[100.604s][info][gc             ] GC(225) Pause Young (Allocation Failure) 546M->260M(546M) 2.405ms
[100.604s][info][gc,cpu         ] GC(225) User=0.00s Sys=0.00s Real=0.00s
[100.835s][info][gc,start       ] GC(226) Pause Young (Allocation Failure)
[100.838s][info][gc,heap        ] GC(226) PSYoungGen: 280640K(292352K)->64K(269824K) Eden: 280576K(280576K)->0K(269312K) From: 64K(11776K)->64K(512K)
[100.838s][info][gc,heap        ] GC(226) ParOldGen: 266742K(266752K)->266750K(266752K)
[100.838s][info][gc,metaspace   ] GC(226) Metaspace: 34959K(35648K)->34959K(35648K) NonClass: 28699K(29184K)->28699K(29184K) Class: 6260K(6464K)->6260K(6464K)
[100.838s][info][gc             ] GC(226) Pause Young (Allocation Failure) 534M->260M(524M) 3.015ms
[100.838s][info][gc,cpu         ] GC(226) User=0.00s Sys=0.00s Real=0.01s
[101.400s][info][gc,start       ] GC(227) Pause Young (Allocation Failure)
[101.403s][info][gc,heap        ] GC(227) PSYoungGen: 269376K(269824K)->32K(268800K) Eden: 269312K(269312K)->0K(258560K) From: 64K(512K)->32K(10240K)
[101.403s][info][gc,heap        ] GC(227) ParOldGen: 266750K(266752K)->266758K(267264K)
[101.403s][info][gc,metaspace   ] GC(227) Metaspace: 34971K(35648K)->34971K(35648K) NonClass: 28711K(29184K)->28711K(29184K) Class: 6260K(6464K)->6260K(6464K)
[101.403s][info][gc             ] GC(227) Pause Young (Allocation Failure) 523M->260M(523M) 2.307ms
[101.403s][info][gc,cpu         ] GC(227) User=0.00s Sys=0.00s Real=0.00s
[102.528s][info][gc,start       ] GC(228) Pause Young (Allocation Failure)
[102.531s][info][gc,heap        ] GC(228) PSYoungGen: 258592K(268800K)->64K(248832K) Eden: 258560K(258560K)->0K(248320K) From: 32K(10240K)->64K(512K)
[102.531s][info][gc,heap        ] GC(228) ParOldGen: 266758K(267264K)->266766K(267264K)
[102.531s][info][gc,metaspace   ] GC(228) Metaspace: 34971K(35648K)->34971K(35648K) NonClass: 28711K(29184K)->28711K(29184K) Class: 6260K(6464K)->6260K(6464K)
[102.531s][info][gc             ] GC(228) Pause Young (Allocation Failure) 513M->260M(504M) 2.843ms
[102.531s][info][gc,cpu         ] GC(228) User=0.00s Sys=0.00s Real=0.00s
[103.024s][info][gc,start       ] GC(229) Pause Young (Allocation Failure)
[103.026s][info][gc,heap        ] GC(229) PSYoungGen: 248384K(248832K)->32K(247296K) Eden: 248320K(248320K)->0K(238592K) From: 64K(512K)->32K(8704K)
[103.026s][info][gc,heap        ] GC(229) ParOldGen: 266766K(267264K)->266774K(267264K)
[103.026s][info][gc,metaspace   ] GC(229) Metaspace: 34971K(35648K)->34971K(35648K) NonClass: 28711K(29184K)->28711K(29184K) Class: 6260K(6464K)->6260K(6464K)
[103.026s][info][gc             ] GC(229) Pause Young (Allocation Failure) 503M->260M(502M) 2.435ms
[103.026s][info][gc,cpu         ] GC(229) User=0.00s Sys=0.00s Real=0.00s
[103.243s][info][gc,start       ] GC(230) Pause Young (Allocation Failure)
[103.246s][info][gc,heap        ] GC(230) PSYoungGen: 238624K(247296K)->64K(229888K) Eden: 238592K(238592K)->0K(229376K) From: 32K(8704K)->64K(512K)
[103.246s][info][gc,heap        ] GC(230) ParOldGen: 266774K(267264K)->266782K(267264K)
[103.246s][info][gc,metaspace   ] GC(230) Metaspace: 34971K(35648K)->34971K(35648K) NonClass: 28711K(29184K)->28711K(29184K) Class: 6260K(6464K)->6260K(6464K)
[103.246s][info][gc             ] GC(230) Pause Young (Allocation Failure) 493M->260M(485M) 2.868ms
[103.246s][info][gc,cpu         ] GC(230) User=0.01s Sys=0.00s Real=0.00s
[103.326s][info][gc,start       ] GC(231) Pause Young (Allocation Failure)
[103.328s][info][gc,heap        ] GC(231) PSYoungGen: 229440K(229888K)->64K(283136K) Eden: 229376K(229376K)->0K(275456K) From: 64K(512K)->64K(7680K)
[103.328s][info][gc,heap        ] GC(231) ParOldGen: 266782K(267264K)->266790K(267264K)
[103.328s][info][gc,metaspace   ] GC(231) Metaspace: 34971K(35648K)->34971K(35648K) NonClass: 28711K(29184K)->28711K(29184K) Class: 6260K(6464K)->6260K(6464K)
[103.329s][info][gc             ] GC(231) Pause Young (Allocation Failure) 484M->260M(537M) 2.183ms
[103.329s][info][gc,cpu         ] GC(231) User=0.01s Sys=0.00s Real=0.01s
[104.003s][info][gc,start       ] GC(232) Pause Young (Allocation Failure)
[104.005s][info][gc,heap        ] GC(232) PSYoungGen: 275520K(283136K)->64K(265216K) Eden: 275456K(275456K)->0K(264704K) From: 64K(7680K)->64K(512K)
[104.005s][info][gc,heap        ] GC(232) ParOldGen: 266790K(267264K)->266798K(267264K)
[104.005s][info][gc,metaspace   ] GC(232) Metaspace: 34971K(35648K)->34971K(35648K) NonClass: 28711K(29184K)->28711K(29184K) Class: 6260K(6464K)->6260K(6464K)
[104.006s][info][gc             ] GC(232) Pause Young (Allocation Failure) 529M->260M(520M) 2.378ms
[104.006s][info][gc,cpu         ] GC(232) User=0.00s Sys=0.00s Real=0.00s
[104.344s][info][gc,start       ] GC(233) Pause Young (Allocation Failure)
[104.346s][info][gc,heap        ] GC(233) PSYoungGen: 264768K(265216K)->32K(261120K) Eden: 264704K(264704K)->0K(254464K) From: 64K(512K)->32K(6656K)
[104.346s][info][gc,heap        ] GC(233) ParOldGen: 266798K(267264K)->266806K(267264K)
[104.346s][info][gc,metaspace   ] GC(233) Metaspace: 34971K(35648K)->34971K(35648K) NonClass: 28711K(29184K)->28711K(29184K) Class: 6260K(6464K)->6260K(6464K)
[104.346s][info][gc             ] GC(233) Pause Young (Allocation Failure) 519M->260M(516M) 2.193ms
[104.346s][info][gc,cpu         ] GC(233) User=0.01s Sys=0.00s Real=0.00s
[104.717s][info][gc,start       ] GC(234) Pause Young (Allocation Failure)
[104.760s][info][gc,heap        ] GC(234) PSYoungGen: 254496K(261120K)->6144K(274432K) Eden: 254464K(254464K)->0K(268288K) From: 32K(6656K)->6144K(6144K)
[104.760s][info][gc,heap        ] GC(234) ParOldGen: 266806K(267264K)->280654K(281088K)
[104.760s][info][gc,metaspace   ] GC(234) Metaspace: 34971K(35648K)->34971K(35648K) NonClass: 28711K(29184K)->28711K(29184K) Class: 6260K(6464K)->6260K(6464K)
[104.760s][info][gc             ] GC(234) Pause Young (Allocation Failure) 509M->280M(542M) 42.931ms
[104.760s][info][gc,cpu         ] GC(234) User=0.07s Sys=0.01s Real=0.04s
[105.063s][info][gc,start       ] GC(235) Pause Young (Allocation Failure)
[105.122s][info][gc,heap        ] GC(235) PSYoungGen: 274432K(274432K)->12800K(281088K) Eden: 268288K(268288K)->0K(268288K) From: 6144K(6144K)->12800K(12800K)
[105.122s][info][gc,heap        ] GC(235) ParOldGen: 280654K(281088K)->296670K(296960K)
[105.123s][info][gc,metaspace   ] GC(235) Metaspace: 34971K(35648K)->34971K(35648K) NonClass: 28711K(29184K)->28711K(29184K) Class: 6260K(6464K)->6260K(6464K)
[105.123s][info][gc             ] GC(235) Pause Young (Allocation Failure) 542M->302M(564M) 59.928ms
[105.123s][info][gc,cpu         ] GC(235) User=0.10s Sys=0.02s Real=0.06s
[105.369s][info][gc,start       ] GC(236) Pause Young (Allocation Failure)
[105.418s][info][gc,heap        ] GC(236) PSYoungGen: 281088K(281088K)->20672K(304128K) Eden: 268288K(268288K)->0K(282624K) From: 12800K(12800K)->20672K(21504K)
[105.419s][info][gc,heap        ] GC(236) ParOldGen: 296670K(296960K)->297262K(297472K)
[105.419s][info][gc,metaspace   ] GC(236) Metaspace: 34971K(35648K)->34971K(35648K) NonClass: 28711K(29184K)->28711K(29184K) Class: 6260K(6464K)->6260K(6464K)
[105.419s][info][gc             ] GC(236) Pause Young (Allocation Failure) 564M->310M(587M) 50.020ms
[105.419s][info][gc,cpu         ] GC(236) User=0.08s Sys=0.02s Real=0.05s
[105.571s][info][gc,start       ] GC(237) Pause Young (Allocation Failure)
[105.573s][info][gc,heap        ] GC(237) PSYoungGen: 303296K(304128K)->64K(308224K) Eden: 282624K(282624K)->0K(282624K) From: 20672K(21504K)->64K(25600K)
[105.573s][info][gc,heap        ] GC(237) ParOldGen: 297262K(297472K)->297270K(297472K)
[105.573s][info][gc,metaspace   ] GC(237) Metaspace: 34971K(35648K)->34971K(35648K) NonClass: 28711K(29184K)->28711K(29184K) Class: 6260K(6464K)->6260K(6464K)
[105.573s][info][gc             ] GC(237) Pause Young (Allocation Failure) 586M->290M(591M) 1.321ms
[105.573s][info][gc,cpu         ] GC(237) User=0.00s Sys=0.00s Real=0.00s
[106.303s][info][gc,start       ] GC(238) Pause Young (Allocation Failure)
[106.306s][info][gc,heap        ] GC(238) PSYoungGen: 282688K(308224K)->64K(305664K) Eden: 282624K(282624K)->0K(283136K) From: 64K(25600K)->64K(22528K)
[106.306s][info][gc,heap        ] GC(238) ParOldGen: 297270K(297472K)->297278K(297472K)
[106.306s][info][gc,metaspace   ] GC(238) Metaspace: 34971K(35648K)->34971K(35648K) NonClass: 28711K(29184K)->28711K(29184K) Class: 6260K(6464K)->6260K(6464K)
[106.306s][info][gc             ] GC(238) Pause Young (Allocation Failure) 566M->290M(589M) 2.849ms
[106.306s][info][gc,cpu         ] GC(238) User=0.00s Sys=0.00s Real=0.00s
[106.680s][info][gc,start       ] GC(239) Pause Young (Allocation Failure)
[106.683s][info][gc,heap        ] GC(239) PSYoungGen: 283200K(305664K)->64K(307200K) Eden: 283136K(283136K)->0K(283136K) From: 64K(22528K)->64K(24064K)
[106.683s][info][gc,heap        ] GC(239) ParOldGen: 297278K(297472K)->297278K(297472K)
[106.683s][info][gc,metaspace   ] GC(239) Metaspace: 34971K(35648K)->34971K(35648K) NonClass: 28711K(29184K)->28711K(29184K) Class: 6260K(6464K)->6260K(6464K)
[106.683s][info][gc             ] GC(239) Pause Young (Allocation Failure) 566M->290M(590M) 2.427ms
[106.683s][info][gc,cpu         ] GC(239) User=0.00s Sys=0.00s Real=0.00s
[107.170s][info][gc,start       ] GC(240) Pause Young (Allocation Failure)
[107.173s][info][gc,heap        ] GC(240) PSYoungGen: 283200K(307200K)->64K(307200K) Eden: 283136K(283136K)->0K(286720K) From: 64K(24064K)->64K(20480K)
[107.173s][info][gc,heap        ] GC(240) ParOldGen: 297278K(297472K)->297294K(297472K)
[107.173s][info][gc,metaspace   ] GC(240) Metaspace: 34971K(35648K)->34971K(35648K) NonClass: 28711K(29184K)->28711K(29184K) Class: 6260K(6464K)->6260K(6464K)
[107.173s][info][gc             ] GC(240) Pause Young (Allocation Failure) 566M->290M(590M) 2.531ms
[107.173s][info][gc,cpu         ] GC(240) User=0.01s Sys=0.00s Real=0.00s
[107.402s][info][gc,start       ] GC(241) Pause Young (Allocation Failure)
[107.404s][info][gc,heap        ] GC(241) PSYoungGen: 286784K(307200K)->32K(308736K) Eden: 286720K(286720K)->0K(286720K) From: 64K(20480K)->32K(22016K)
[107.404s][info][gc,heap        ] GC(241) ParOldGen: 297294K(297472K)->297310K(297472K)
[107.404s][info][gc,metaspace   ] GC(241) Metaspace: 34971K(35648K)->34971K(35648K) NonClass: 28711K(29184K)->28711K(29184K) Class: 6260K(6464K)->6260K(6464K)
[107.404s][info][gc             ] GC(241) Pause Young (Allocation Failure) 570M->290M(592M) 2.312ms
[107.404s][info][gc,cpu         ] GC(241) User=0.01s Sys=0.00s Real=0.00s
[107.613s][info][gc,start       ] GC(242) Pause Young (Allocation Failure)
[107.615s][info][gc,heap        ] GC(242) PSYoungGen: 286752K(308736K)->32K(309248K) Eden: 286720K(286720K)->0K(290816K) From: 32K(22016K)->32K(18432K)
[107.615s][info][gc,heap        ] GC(242) ParOldGen: 297310K(297472K)->297310K(297472K)
[107.615s][info][gc,metaspace   ] GC(242) Metaspace: 34971K(35648K)->34971K(35648K) NonClass: 28711K(29184K)->28711K(29184K) Class: 6260K(6464K)->6260K(6464K)
[107.615s][info][gc             ] GC(242) Pause Young (Allocation Failure) 570M->290M(592M) 2.344ms
[107.615s][info][gc,cpu         ] GC(242) User=0.00s Sys=0.00s Real=0.00s
[107.941s][info][gc,start       ] GC(243) Pause Young (Allocation Failure)
[107.944s][info][gc,heap        ] GC(243) PSYoungGen: 290848K(309248K)->64K(310784K) Eden: 290816K(290816K)->0K(290816K) From: 32K(18432K)->64K(19968K)
[107.944s][info][gc,heap        ] GC(243) ParOldGen: 297310K(297472K)->297310K(297472K)
[107.944s][info][gc,metaspace   ] GC(243) Metaspace: 34971K(35648K)->34971K(35648K) NonClass: 28711K(29184K)->28711K(29184K) Class: 6260K(6464K)->6260K(6464K)
[107.944s][info][gc             ] GC(243) Pause Young (Allocation Failure) 574M->290M(594M) 2.408ms
[107.944s][info][gc,cpu         ] GC(243) User=0.00s Sys=0.00s Real=0.00s
[107.997s][info][gc,start       ] GC(244) Pause Young (Allocation Failure)
[107.998s][info][gc,heap        ] GC(244) PSYoungGen: 290880K(310784K)->64K(311296K) Eden: 290816K(290816K)->0K(294912K) From: 64K(19968K)->64K(16384K)
[107.998s][info][gc,heap        ] GC(244) ParOldGen: 297310K(297472K)->297326K(297472K)
[107.998s][info][gc,metaspace   ] GC(244) Metaspace: 34971K(35648K)->34971K(35648K) NonClass: 28711K(29184K)->28711K(29184K) Class: 6260K(6464K)->6260K(6464K)
[107.998s][info][gc             ] GC(244) Pause Young (Allocation Failure) 574M->290M(594M) 1.483ms
[107.998s][info][gc,cpu         ] GC(244) User=0.00s Sys=0.00s Real=0.01s
[108.060s][info][gc,start       ] GC(245) Pause Young (Allocation Failure)
[108.061s][info][gc,heap        ] GC(245) PSYoungGen: 294976K(311296K)->64K(312832K) Eden: 294912K(294912K)->0K(294912K) From: 64K(16384K)->64K(17920K)
[108.061s][info][gc,heap        ] GC(245) ParOldGen: 297326K(297472K)->297326K(297472K)
[108.061s][info][gc,metaspace   ] GC(245) Metaspace: 34971K(35648K)->34971K(35648K) NonClass: 28711K(29184K)->28711K(29184K) Class: 6260K(6464K)->6260K(6464K)
[108.061s][info][gc             ] GC(245) Pause Young (Allocation Failure) 578M->290M(596M) 1.273ms
[108.062s][info][gc,cpu         ] GC(245) User=0.00s Sys=0.00s Real=0.00s
[108.296s][info][gc,start       ] GC(246) Pause Young (Allocation Failure)
[108.298s][info][gc,heap        ] GC(246) PSYoungGen: 294976K(312832K)->32K(314368K) Eden: 294912K(294912K)->0K(299008K) From: 64K(17920K)->32K(15360K)
[108.298s][info][gc,heap        ] GC(246) ParOldGen: 297326K(297472K)->297342K(297472K)
[108.298s][info][gc,metaspace   ] GC(246) Metaspace: 34971K(35648K)->34971K(35648K) NonClass: 28711K(29184K)->28711K(29184K) Class: 6260K(6464K)->6260K(6464K)
[108.298s][info][gc             ] GC(246) Pause Young (Allocation Failure) 578M->290M(597M) 2.532ms
[108.298s][info][gc,cpu         ] GC(246) User=0.00s Sys=0.00s Real=0.01s
[108.519s][info][gc,start       ] GC(247) Pause Young (Allocation Failure)
[108.521s][info][gc,heap        ] GC(247) PSYoungGen: 299040K(314368K)->64K(315392K) Eden: 299008K(299008K)->0K(299008K) From: 32K(15360K)->64K(16384K)
[108.521s][info][gc,heap        ] GC(247) ParOldGen: 297342K(297472K)->297342K(297472K)
[108.521s][info][gc,metaspace   ] GC(247) Metaspace: 34971K(35648K)->34971K(35648K) NonClass: 28711K(29184K)->28711K(29184K) Class: 6260K(6464K)->6260K(6464K)
[108.521s][info][gc             ] GC(247) Pause Young (Allocation Failure) 582M->290M(598M) 2.340ms
[108.521s][info][gc,cpu         ] GC(247) User=0.00s Sys=0.00s Real=0.00s
[108.611s][info][gc,start       ] GC(248) Pause Young (Allocation Failure)
[108.612s][info][gc,heap        ] GC(248) PSYoungGen: 299072K(315392K)->64K(315392K) Eden: 299008K(299008K)->0K(302080K) From: 64K(16384K)->64K(13312K)
[108.612s][info][gc,heap        ] GC(248) ParOldGen: 297342K(297472K)->297350K(297472K)
[108.612s][info][gc,metaspace   ] GC(248) Metaspace: 34971K(35648K)->34971K(35648K) NonClass: 28711K(29184K)->28711K(29184K) Class: 6260K(6464K)->6260K(6464K)
[108.612s][info][gc             ] GC(248) Pause Young (Allocation Failure) 582M->290M(598M) 1.876ms
[108.612s][info][gc,cpu         ] GC(248) User=0.00s Sys=0.00s Real=0.00s
[108.734s][info][gc,start       ] GC(249) Pause Young (Allocation Failure)
[108.735s][info][gc,heap        ] GC(249) PSYoungGen: 302144K(315392K)->64K(316416K) Eden: 302080K(302080K)->0K(302080K) From: 64K(13312K)->64K(14336K)
[108.735s][info][gc,heap        ] GC(249) ParOldGen: 297350K(297472K)->297358K(297472K)
[108.735s][info][gc,metaspace   ] GC(249) Metaspace: 34971K(35648K)->34971K(35648K) NonClass: 28711K(29184K)->28711K(29184K) Class: 6260K(6464K)->6260K(6464K)
[108.735s][info][gc             ] GC(249) Pause Young (Allocation Failure) 585M->290M(599M) 1.308ms
[108.735s][info][gc,cpu         ] GC(249) User=0.00s Sys=0.00s Real=0.00s
[109.104s][info][gc,start       ] GC(250) Pause Young (Allocation Failure)
[109.105s][info][gc,heap        ] GC(250) PSYoungGen: 302144K(316416K)->64K(317440K) Eden: 302080K(302080K)->0K(306176K) From: 64K(14336K)->64K(11264K)
[109.105s][info][gc,heap        ] GC(250) ParOldGen: 297358K(297472K)->297366K(297472K)
[109.105s][info][gc,metaspace   ] GC(250) Metaspace: 34971K(35648K)->34971K(35648K) NonClass: 28711K(29184K)->28711K(29184K) Class: 6260K(6464K)->6260K(6464K)
[109.105s][info][gc             ] GC(250) Pause Young (Allocation Failure) 585M->290M(600M) 1.541ms
[109.105s][info][gc,cpu         ] GC(250) User=0.00s Sys=0.00s Real=0.00s
[109.879s][info][gc,start       ] GC(251) Pause Young (Allocation Failure)
[109.881s][info][gc,heap        ] GC(251) PSYoungGen: 306240K(317440K)->64K(294400K) Eden: 306176K(306176K)->0K(293888K) From: 64K(11264K)->64K(512K)
[109.881s][info][gc,heap        ] GC(251) ParOldGen: 297366K(297472K)->297374K(297472K)
[109.881s][info][gc,metaspace   ] GC(251) Metaspace: 34971K(35648K)->34971K(35648K) NonClass: 28711K(29184K)->28711K(29184K) Class: 6260K(6464K)->6260K(6464K)
[109.882s][info][gc             ] GC(251) Pause Young (Allocation Failure) 589M->290M(578M) 2.149ms
[109.882s][info][gc,cpu         ] GC(251) User=0.00s Sys=0.00s Real=0.00s
[110.901s][info][gc,start       ] GC(252) Pause Young (Allocation Failure)
[110.903s][info][gc,heap        ] GC(252) PSYoungGen: 293952K(294400K)->64K(282624K) Eden: 293888K(293888K)->0K(282112K) From: 64K(512K)->64K(512K)
[110.903s][info][gc,heap        ] GC(252) ParOldGen: 297374K(297472K)->297382K(297472K)
[110.903s][info][gc,metaspace   ] GC(252) Metaspace: 34971K(35648K)->34971K(35648K) NonClass: 28711K(29184K)->28711K(29184K) Class: 6260K(6464K)->6260K(6464K)
[110.903s][info][gc             ] GC(252) Pause Young (Allocation Failure) 577M->290M(566M) 1.909ms
[110.903s][info][gc,cpu         ] GC(252) User=0.01s Sys=0.00s Real=0.00s
[111.288s][info][gc,start       ] GC(253) Pause Young (Allocation Failure)
[111.290s][info][gc,heap        ] GC(253) PSYoungGen: 282176K(282624K)->64K(281600K) Eden: 282112K(282112K)->0K(270848K) From: 64K(512K)->64K(10752K)
[111.290s][info][gc,heap        ] GC(253) ParOldGen: 297382K(297472K)->297390K(297472K)
[111.290s][info][gc,metaspace   ] GC(253) Metaspace: 34971K(35648K)->34971K(35648K) NonClass: 28711K(29184K)->28711K(29184K) Class: 6260K(6464K)->6260K(6464K)
[111.290s][info][gc             ] GC(253) Pause Young (Allocation Failure) 565M->290M(565M) 1.332ms
[111.290s][info][gc,cpu         ] GC(253) User=0.00s Sys=0.00s Real=0.00s
[112.175s][info][gc,start       ] GC(254) Pause Young (Allocation Failure)
[112.178s][info][gc,heap        ] GC(254) PSYoungGen: 270912K(281600K)->64K(260608K) Eden: 270848K(270848K)->0K(260096K) From: 64K(10752K)->64K(512K)
[112.178s][info][gc,heap        ] GC(254) ParOldGen: 297390K(297472K)->297398K(297472K)
[112.178s][info][gc,metaspace   ] GC(254) Metaspace: 34971K(35648K)->34971K(35648K) NonClass: 28711K(29184K)->28711K(29184K) Class: 6260K(6464K)->6260K(6464K)
[112.178s][info][gc             ] GC(254) Pause Young (Allocation Failure) 554M->290M(545M) 3.792ms
[112.178s][info][gc,cpu         ] GC(254) User=0.00s Sys=0.00s Real=0.01s
[112.793s][info][gc,start       ] GC(255) Pause Young (Allocation Failure)
[112.796s][info][gc,heap        ] GC(255) PSYoungGen: 260160K(260608K)->64K(259584K) Eden: 260096K(260096K)->0K(249856K) From: 64K(512K)->64K(9728K)
[112.796s][info][gc,heap        ] GC(255) ParOldGen: 297398K(297472K)->297414K(297472K)
[112.796s][info][gc,metaspace   ] GC(255) Metaspace: 34971K(35648K)->34971K(35648K) NonClass: 28711K(29184K)->28711K(29184K) Class: 6260K(6464K)->6260K(6464K)
[112.796s][info][gc             ] GC(255) Pause Young (Allocation Failure) 544M->290M(544M) 2.489ms
[112.796s][info][gc,cpu         ] GC(255) User=0.01s Sys=0.00s Real=0.00s
[113.187s][info][gc,start       ] GC(256) Pause Young (Allocation Failure)
[113.190s][info][gc,heap        ] GC(256) PSYoungGen: 249920K(259584K)->32K(240640K) Eden: 249856K(249856K)->0K(240128K) From: 64K(9728K)->32K(512K)
[113.190s][info][gc,heap        ] GC(256) ParOldGen: 297414K(297472K)->297422K(297472K)
[113.190s][info][gc,metaspace   ] GC(256) Metaspace: 34971K(35648K)->34971K(35648K) NonClass: 28711K(29184K)->28711K(29184K) Class: 6260K(6464K)->6260K(6464K)
[113.190s][info][gc             ] GC(256) Pause Young (Allocation Failure) 534M->290M(525M) 2.868ms
[113.190s][info][gc,cpu         ] GC(256) User=0.01s Sys=0.00s Real=0.00s
[113.280s][info][gc,start       ] GC(257) Pause Young (Allocation Failure)
[113.281s][info][gc,heap        ] GC(257) PSYoungGen: 240160K(240640K)->64K(239104K) Eden: 240128K(240128K)->0K(230912K) From: 32K(512K)->64K(8192K)
[113.281s][info][gc,heap        ] GC(257) ParOldGen: 297422K(297472K)->297430K(297472K)
[113.281s][info][gc,metaspace   ] GC(257) Metaspace: 34971K(35648K)->34971K(35648K) NonClass: 28711K(29184K)->28711K(29184K) Class: 6260K(6464K)->6260K(6464K)
[113.281s][info][gc             ] GC(257) Pause Young (Allocation Failure) 524M->290M(524M) 1.374ms
[113.281s][info][gc,cpu         ] GC(257) User=0.01s Sys=0.00s Real=0.00s
[113.637s][info][gc,start       ] GC(258) Pause Young (Allocation Failure)
[113.639s][info][gc,heap        ] GC(258) PSYoungGen: 230976K(239104K)->64K(222720K) Eden: 230912K(230912K)->0K(222208K) From: 64K(8192K)->64K(512K)
[113.639s][info][gc,heap        ] GC(258) ParOldGen: 297430K(297472K)->297438K(297472K)
[113.639s][info][gc,metaspace   ] GC(258) Metaspace: 34971K(35648K)->34971K(35648K) NonClass: 28711K(29184K)->28711K(29184K) Class: 6260K(6464K)->6260K(6464K)
[113.639s][info][gc             ] GC(258) Pause Young (Allocation Failure) 516M->290M(508M) 2.250ms
[113.639s][info][gc,cpu         ] GC(258) User=0.01s Sys=0.00s Real=0.00s
[114.083s][info][gc,start       ] GC(259) Pause Young (Allocation Failure)
[114.085s][info][gc,heap        ] GC(259) PSYoungGen: 222272K(222720K)->64K(221184K) Eden: 222208K(222208K)->0K(214016K) From: 64K(512K)->64K(7168K)
[114.085s][info][gc,heap        ] GC(259) ParOldGen: 297438K(297472K)->297446K(297472K)
[114.085s][info][gc,metaspace   ] GC(259) Metaspace: 34971K(35648K)->34971K(35648K) NonClass: 28711K(29184K)->28711K(29184K) Class: 6260K(6464K)->6260K(6464K)
[114.085s][info][gc             ] GC(259) Pause Young (Allocation Failure) 507M->290M(506M) 1.781ms
[114.085s][info][gc,cpu         ] GC(259) User=0.00s Sys=0.00s Real=0.00s
[114.426s][info][gc,start       ] GC(260) Pause Young (Allocation Failure)
[114.428s][info][gc,heap        ] GC(260) PSYoungGen: 214080K(221184K)->64K(206336K) Eden: 214016K(214016K)->0K(205824K) From: 64K(7168K)->64K(512K)
[114.428s][info][gc,heap        ] GC(260) ParOldGen: 297446K(297472K)->297454K(297472K)
[114.428s][info][gc,metaspace   ] GC(260) Metaspace: 34971K(35648K)->34971K(35648K) NonClass: 28711K(29184K)->28711K(29184K) Class: 6260K(6464K)->6260K(6464K)
[114.428s][info][gc             ] GC(260) Pause Young (Allocation Failure) 499M->290M(492M) 2.008ms
[114.428s][info][gc,cpu         ] GC(260) User=0.00s Sys=0.00s Real=0.01s
[114.709s][info][gc,start       ] GC(261) Pause Young (Allocation Failure)
[114.754s][info][gc,heap        ] GC(261) PSYoungGen: 205888K(206336K)->6144K(253440K) Eden: 205824K(205824K)->0K(247296K) From: 64K(512K)->6144K(6144K)
[114.754s][info][gc,heap        ] GC(261) ParOldGen: 297454K(297472K)->311374K(311808K)
[114.754s][info][gc,metaspace   ] GC(261) Metaspace: 34971K(35648K)->34971K(35648K) NonClass: 28711K(29184K)->28711K(29184K) Class: 6260K(6464K)->6260K(6464K)
[114.754s][info][gc             ] GC(261) Pause Young (Allocation Failure) 491M->310M(552M) 44.267ms
[114.754s][info][gc,cpu         ] GC(261) User=0.08s Sys=0.01s Real=0.04s
[115.066s][info][gc,start       ] GC(262) Pause Young (Allocation Failure)
[115.141s][info][gc,heap        ] GC(262) PSYoungGen: 253440K(253440K)->6144K(256512K) Eden: 247296K(247296K)->0K(250368K) From: 6144K(6144K)->6144K(6144K)
[115.141s][info][gc,heap        ] GC(262) ParOldGen: 311374K(311808K)->331846K(332288K)
[115.141s][info][gc,metaspace   ] GC(262) Metaspace: 34971K(35648K)->34971K(35648K) NonClass: 28711K(29184K)->28711K(29184K) Class: 6260K(6464K)->6260K(6464K)
[115.141s][info][gc             ] GC(262) Pause Young (Allocation Failure) 551M->330M(575M) 74.878ms
[115.141s][info][gc,cpu         ] GC(262) User=0.13s Sys=0.02s Real=0.08s
[115.426s][info][gc,start       ] GC(263) Pause Young (Allocation Failure)
[115.479s][info][gc,heap        ] GC(263) PSYoungGen: 256512K(256512K)->20992K(271360K) Eden: 250368K(250368K)->0K(250368K) From: 6144K(6144K)->20992K(20992K)
[115.479s][info][gc,heap        ] GC(263) ParOldGen: 331846K(332288K)->334398K(334848K)
[115.479s][info][gc,metaspace   ] GC(263) Metaspace: 34971K(35648K)->34971K(35648K) NonClass: 28711K(29184K)->28711K(29184K) Class: 6260K(6464K)->6260K(6464K)
[115.479s][info][gc             ] GC(263) Pause Young (Allocation Failure) 574M->347M(592M) 53.702ms
[115.479s][info][gc,cpu         ] GC(263) User=0.11s Sys=0.00s Real=0.06s
[115.557s][info][gc,start       ] GC(264) Pause Young (Allocation Failure)
[115.559s][info][gc,heap        ] GC(264) PSYoungGen: 271360K(271360K)->32K(308736K) Eden: 250368K(250368K)->0K(282624K) From: 20992K(20992K)->32K(26112K)
[115.560s][info][gc,heap        ] GC(264) ParOldGen: 334398K(334848K)->334470K(334848K)
[115.560s][info][gc,metaspace   ] GC(264) Metaspace: 34971K(35648K)->34971K(35648K) NonClass: 28711K(29184K)->28711K(29184K) Class: 6260K(6464K)->6260K(6464K)
[115.560s][info][gc             ] GC(264) Pause Young (Allocation Failure) 591M->326M(628M) 3.103ms
[115.560s][info][gc,cpu         ] GC(264) User=0.00s Sys=0.00s Real=0.01s
[116.216s][info][gc,start       ] GC(265) Pause Young (Allocation Failure)
[116.217s][info][gc,heap        ] GC(265) PSYoungGen: 282656K(308736K)->64K(283136K) Eden: 282624K(282624K)->0K(282624K) From: 32K(26112K)->64K(512K)
[116.217s][info][gc,heap        ] GC(265) ParOldGen: 334470K(334848K)->334478K(334848K)
[116.217s][info][gc,metaspace   ] GC(265) Metaspace: 34971K(35648K)->34971K(35648K) NonClass: 28711K(29184K)->28711K(29184K) Class: 6260K(6464K)->6260K(6464K)
[116.218s][info][gc             ] GC(265) Pause Young (Allocation Failure) 602M->326M(603M) 1.471ms
[116.218s][info][gc,cpu         ] GC(265) User=0.00s Sys=0.00s Real=0.01s
[116.674s][info][gc,start       ] GC(266) Pause Young (Allocation Failure)
[116.675s][info][gc,heap        ] GC(266) PSYoungGen: 282688K(283136K)->32K(308224K) Eden: 282624K(282624K)->0K(283648K) From: 64K(512K)->32K(24576K)
[116.675s][info][gc,heap        ] GC(266) ParOldGen: 334478K(334848K)->334486K(334848K)
[116.675s][info][gc,metaspace   ] GC(266) Metaspace: 34971K(35648K)->34971K(35648K) NonClass: 28711K(29184K)->28711K(29184K) Class: 6260K(6464K)->6260K(6464K)
[116.675s][info][gc             ] GC(266) Pause Young (Allocation Failure) 602M->326M(628M) 1.881ms
[116.676s][info][gc,cpu         ] GC(266) User=0.00s Sys=0.00s Real=0.00s
[117.134s][info][gc,start       ] GC(267) Pause Young (Allocation Failure)
[117.136s][info][gc,heap        ] GC(267) PSYoungGen: 283680K(308224K)->64K(307200K) Eden: 283648K(283648K)->0K(283648K) From: 32K(24576K)->64K(23552K)
[117.136s][info][gc,heap        ] GC(267) ParOldGen: 334486K(334848K)->334502K(334848K)
[117.136s][info][gc,metaspace   ] GC(267) Metaspace: 34971K(35648K)->34971K(35648K) NonClass: 28711K(29184K)->28711K(29184K) Class: 6260K(6464K)->6260K(6464K)
[117.136s][info][gc             ] GC(267) Pause Young (Allocation Failure) 603M->326M(627M) 1.504ms
[117.136s][info][gc,cpu         ] GC(267) User=0.01s Sys=0.00s Real=0.00s
[117.342s][info][gc,start       ] GC(268) Pause Young (Allocation Failure)
[117.343s][info][gc,heap        ] GC(268) PSYoungGen: 283712K(307200K)->32K(309248K) Eden: 283648K(283648K)->0K(286720K) From: 64K(23552K)->32K(22528K)
[117.343s][info][gc,heap        ] GC(268) ParOldGen: 334502K(334848K)->334518K(334848K)
[117.343s][info][gc,metaspace   ] GC(268) Metaspace: 34971K(35648K)->34971K(35648K) NonClass: 28711K(29184K)->28711K(29184K) Class: 6260K(6464K)->6260K(6464K)
[117.343s][info][gc             ] GC(268) Pause Young (Allocation Failure) 603M->326M(629M) 1.385ms
[117.343s][info][gc,cpu         ] GC(268) User=0.00s Sys=0.00s Real=0.00s
[117.554s][info][gc,start       ] GC(269) Pause Young (Allocation Failure)
[117.556s][info][gc,heap        ] GC(269) PSYoungGen: 286752K(309248K)->64K(308224K) Eden: 286720K(286720K)->0K(286720K) From: 32K(22528K)->64K(21504K)
[117.556s][info][gc,heap        ] GC(269) ParOldGen: 334518K(334848K)->334518K(334848K)
[117.556s][info][gc,metaspace   ] GC(269) Metaspace: 34971K(35648K)->34971K(35648K) NonClass: 28711K(29184K)->28711K(29184K) Class: 6260K(6464K)->6260K(6464K)
[117.556s][info][gc             ] GC(269) Pause Young (Allocation Failure) 606M->326M(628M) 1.413ms
[117.556s][info][gc,cpu         ] GC(269) User=0.00s Sys=0.00s Real=0.00s
[117.915s][info][gc,start       ] GC(270) Pause Young (Allocation Failure)
[117.916s][info][gc,heap        ] GC(270) PSYoungGen: 286784K(308224K)->64K(311296K) Eden: 286720K(286720K)->0K(290816K) From: 64K(21504K)->64K(20480K)
[117.916s][info][gc,heap        ] GC(270) ParOldGen: 334518K(334848K)->334518K(334848K)
[117.916s][info][gc,metaspace   ] GC(270) Metaspace: 34971K(35648K)->34971K(35648K) NonClass: 28711K(29184K)->28711K(29184K) Class: 6260K(6464K)->6260K(6464K)
[117.916s][info][gc             ] GC(270) Pause Young (Allocation Failure) 606M->326M(631M) 1.405ms
[117.916s][info][gc,cpu         ] GC(270) User=0.00s Sys=0.00s Real=0.00s
[117.973s][info][gc,start       ] GC(271) Pause Young (Allocation Failure)
[117.974s][info][gc,heap        ] GC(271) PSYoungGen: 290880K(311296K)->64K(310272K) Eden: 290816K(290816K)->0K(290816K) From: 64K(20480K)->64K(19456K)
[117.974s][info][gc,heap        ] GC(271) ParOldGen: 334518K(334848K)->334534K(334848K)
[117.974s][info][gc,metaspace   ] GC(271) Metaspace: 34971K(35648K)->34971K(35648K) NonClass: 28711K(29184K)->28711K(29184K) Class: 6260K(6464K)->6260K(6464K)
[117.974s][info][gc             ] GC(271) Pause Young (Allocation Failure) 610M->326M(630M) 1.358ms
[117.974s][info][gc,cpu         ] GC(271) User=0.00s Sys=0.00s Real=0.00s
[118.028s][info][gc,start       ] GC(272) Pause Young (Allocation Failure)
[118.029s][info][gc,heap        ] GC(272) PSYoungGen: 290880K(310272K)->64K(313344K) Eden: 290816K(290816K)->0K(294912K) From: 64K(19456K)->64K(18432K)
[118.029s][info][gc,heap        ] GC(272) ParOldGen: 334534K(334848K)->334534K(334848K)
[118.029s][info][gc,metaspace   ] GC(272) Metaspace: 34971K(35648K)->34971K(35648K) NonClass: 28711K(29184K)->28711K(29184K) Class: 6260K(6464K)->6260K(6464K)
[118.029s][info][gc             ] GC(272) Pause Young (Allocation Failure) 610M->326M(633M) 1.369ms
[118.029s][info][gc,cpu         ] GC(272) User=0.01s Sys=0.00s Real=0.00s
[118.220s][info][gc,start       ] GC(273) Pause Young (Allocation Failure)
[118.221s][info][gc,heap        ] GC(273) PSYoungGen: 294976K(313344K)->64K(312320K) Eden: 294912K(294912K)->0K(294912K) From: 64K(18432K)->64K(17408K)
[118.221s][info][gc,heap        ] GC(273) ParOldGen: 334534K(334848K)->334534K(334848K)
[118.221s][info][gc,metaspace   ] GC(273) Metaspace: 34971K(35648K)->34971K(35648K) NonClass: 28711K(29184K)->28711K(29184K) Class: 6260K(6464K)->6260K(6464K)
[118.221s][info][gc             ] GC(273) Pause Young (Allocation Failure) 614M->326M(632M) 1.423ms
[118.221s][info][gc,cpu         ] GC(273) User=0.00s Sys=0.00s Real=0.00s
[118.434s][info][gc,start       ] GC(274) Pause Young (Allocation Failure)
[118.436s][info][gc,heap        ] GC(274) PSYoungGen: 294976K(312320K)->64K(315392K) Eden: 294912K(294912K)->0K(299008K) From: 64K(17408K)->64K(16384K)
[118.436s][info][gc,heap        ] GC(274) ParOldGen: 334534K(334848K)->334542K(334848K)
[118.436s][info][gc,metaspace   ] GC(274) Metaspace: 34972K(35648K)->34972K(35648K) NonClass: 28712K(29184K)->28712K(29184K) Class: 6260K(6464K)->6260K(6464K)
[118.436s][info][gc             ] GC(274) Pause Young (Allocation Failure) 614M->326M(635M) 1.990ms
[118.436s][info][gc,cpu         ] GC(274) User=0.00s Sys=0.00s Real=0.00s
[118.565s][info][gc,start       ] GC(275) Pause Young (Allocation Failure)
[118.567s][info][gc,heap        ] GC(275) PSYoungGen: 299072K(315392K)->64K(314368K) Eden: 299008K(299008K)->0K(299008K) From: 64K(16384K)->64K(15360K)
[118.567s][info][gc,heap        ] GC(275) ParOldGen: 334542K(334848K)->334550K(334848K)
[118.567s][info][gc,metaspace   ] GC(275) Metaspace: 34972K(35648K)->34972K(35648K) NonClass: 28712K(29184K)->28712K(29184K) Class: 6260K(6464K)->6260K(6464K)
[118.567s][info][gc             ] GC(275) Pause Young (Allocation Failure) 618M->326M(634M) 1.638ms
[118.567s][info][gc,cpu         ] GC(275) User=0.00s Sys=0.00s Real=0.01s
[118.662s][info][gc,start       ] GC(276) Pause Young (Allocation Failure)
[118.663s][info][gc,heap        ] GC(276) PSYoungGen: 299072K(314368K)->64K(317440K) Eden: 299008K(299008K)->0K(303104K) From: 64K(15360K)->64K(14336K)
[118.663s][info][gc,heap        ] GC(276) ParOldGen: 334550K(334848K)->334558K(334848K)
[118.663s][info][gc,metaspace   ] GC(276) Metaspace: 34972K(35648K)->34972K(35648K) NonClass: 28712K(29184K)->28712K(29184K) Class: 6260K(6464K)->6260K(6464K)
[118.663s][info][gc             ] GC(276) Pause Young (Allocation Failure) 618M->326M(637M) 1.437ms
[118.663s][info][gc,cpu         ] GC(276) User=0.00s Sys=0.00s Real=0.00s
[118.845s][info][gc,start       ] GC(277) Pause Young (Allocation Failure)
[118.846s][info][gc,heap        ] GC(277) PSYoungGen: 303168K(317440K)->64K(316416K) Eden: 303104K(303104K)->0K(303104K) From: 64K(14336K)->64K(13312K)
[118.846s][info][gc,heap        ] GC(277) ParOldGen: 334558K(334848K)->334566K(334848K)
[118.846s][info][gc,metaspace   ] GC(277) Metaspace: 34972K(35648K)->34972K(35648K) NonClass: 28712K(29184K)->28712K(29184K) Class: 6260K(6464K)->6260K(6464K)
[118.846s][info][gc             ] GC(277) Pause Young (Allocation Failure) 622M->326M(636M) 1.412ms
[118.846s][info][gc,cpu         ] GC(277) User=0.01s Sys=0.00s Real=0.00s
[119.808s][info][gc,start       ] GC(278) Pause Young (Allocation Failure)
[119.809s][info][gc,heap        ] GC(278) PSYoungGen: 303168K(316416K)->64K(291328K) Eden: 303104K(303104K)->0K(290816K) From: 64K(13312K)->64K(512K)
[119.809s][info][gc,heap        ] GC(278) ParOldGen: 334566K(334848K)->334574K(334848K)
[119.809s][info][gc,metaspace   ] GC(278) Metaspace: 34972K(35648K)->34972K(35648K) NonClass: 28712K(29184K)->28712K(29184K) Class: 6260K(6464K)->6260K(6464K)
[119.809s][info][gc             ] GC(278) Pause Young (Allocation Failure) 622M->326M(611M) 1.438ms
[119.809s][info][gc,cpu         ] GC(278) User=0.01s Sys=0.00s Real=0.00s
[120.719s][info][gc,start       ] GC(279) Pause Young (Allocation Failure)
[120.720s][info][gc,heap        ] GC(279) PSYoungGen: 290880K(291328K)->64K(290816K) Eden: 290816K(290816K)->0K(279040K) From: 64K(512K)->64K(11776K)
[120.720s][info][gc,heap        ] GC(279) ParOldGen: 334574K(334848K)->334582K(334848K)
[120.720s][info][gc,metaspace   ] GC(279) Metaspace: 34972K(35648K)->34972K(35648K) NonClass: 28712K(29184K)->28712K(29184K) Class: 6260K(6464K)->6260K(6464K)
[120.720s][info][gc             ] GC(279) Pause Young (Allocation Failure) 610M->326M(611M) 1.377ms
[120.720s][info][gc,cpu         ] GC(279) User=0.00s Sys=0.00s Real=0.00s
[121.030s][info][gc,start       ] GC(280) Pause Young (Allocation Failure)
[121.031s][info][gc,heap        ] GC(280) PSYoungGen: 279104K(290816K)->64K(268288K) Eden: 279040K(279040K)->0K(267776K) From: 64K(11776K)->64K(512K)
[121.031s][info][gc,heap        ] GC(280) ParOldGen: 334582K(334848K)->334590K(334848K)
[121.031s][info][gc,metaspace   ] GC(280) Metaspace: 34972K(35648K)->34972K(35648K) NonClass: 28712K(29184K)->28712K(29184K) Class: 6260K(6464K)->6260K(6464K)
[121.031s][info][gc             ] GC(280) Pause Young (Allocation Failure) 599M->326M(589M) 1.477ms
[121.031s][info][gc,cpu         ] GC(280) User=0.00s Sys=0.00s Real=0.00s
[121.446s][info][gc,start       ] GC(281) Pause Young (Allocation Failure)
[121.448s][info][gc,heap        ] GC(281) PSYoungGen: 267840K(268288K)->64K(267264K) Eden: 267776K(267776K)->0K(257024K) From: 64K(512K)->64K(10240K)
[121.448s][info][gc,heap        ] GC(281) ParOldGen: 334590K(334848K)->334598K(334848K)
[121.448s][info][gc,metaspace   ] GC(281) Metaspace: 34972K(35648K)->34972K(35648K) NonClass: 28712K(29184K)->28712K(29184K) Class: 6260K(6464K)->6260K(6464K)
[121.448s][info][gc             ] GC(281) Pause Young (Allocation Failure) 588M->326M(588M) 1.953ms
[121.448s][info][gc,cpu         ] GC(281) User=0.00s Sys=0.00s Real=0.01s
[122.426s][info][gc,start       ] GC(282) Pause Young (Allocation Failure)
[122.429s][info][gc,heap        ] GC(282) PSYoungGen: 257088K(267264K)->64K(247296K) Eden: 257024K(257024K)->0K(246784K) From: 64K(10240K)->64K(512K)
[122.429s][info][gc,heap        ] GC(282) ParOldGen: 334598K(334848K)->334614K(334848K)
[122.429s][info][gc,metaspace   ] GC(282) Metaspace: 34972K(35648K)->34972K(35648K) NonClass: 28712K(29184K)->28712K(29184K) Class: 6260K(6464K)->6260K(6464K)
[122.429s][info][gc             ] GC(282) Pause Young (Allocation Failure) 577M->326M(568M) 2.991ms
[122.429s][info][gc,cpu         ] GC(282) User=0.00s Sys=0.00s Real=0.01s
[122.788s][info][gc,start       ] GC(283) Pause Young (Allocation Failure)
[122.790s][info][gc,heap        ] GC(283) PSYoungGen: 246848K(247296K)->32K(246272K) Eden: 246784K(246784K)->0K(237056K) From: 64K(512K)->32K(9216K)
[122.790s][info][gc,heap        ] GC(283) ParOldGen: 334614K(334848K)->334622K(334848K)
[122.790s][info][gc,metaspace   ] GC(283) Metaspace: 34972K(35648K)->34972K(35648K) NonClass: 28712K(29184K)->28712K(29184K) Class: 6260K(6464K)->6260K(6464K)
[122.790s][info][gc             ] GC(283) Pause Young (Allocation Failure) 567M->326M(567M) 2.464ms
[122.790s][info][gc,cpu         ] GC(283) User=0.00s Sys=0.00s Real=0.00s
[122.943s][info][gc,start       ] GC(284) Pause Young (Allocation Failure)
[122.946s][info][gc,heap        ] GC(284) PSYoungGen: 237088K(246272K)->64K(228352K) Eden: 237056K(237056K)->0K(227840K) From: 32K(9216K)->64K(512K)
[122.946s][info][gc,heap        ] GC(284) ParOldGen: 334622K(334848K)->334638K(334848K)
[122.946s][info][gc,metaspace   ] GC(284) Metaspace: 34972K(35648K)->34972K(35648K) NonClass: 28712K(29184K)->28712K(29184K) Class: 6260K(6464K)->6260K(6464K)
[122.946s][info][gc             ] GC(284) Pause Young (Allocation Failure) 558M->326M(550M) 3.146ms
[122.946s][info][gc,cpu         ] GC(284) User=0.01s Sys=0.00s Real=0.00s
[123.071s][info][gc,start       ] GC(285) Pause Young (Allocation Failure)
[123.074s][info][gc,heap        ] GC(285) PSYoungGen: 227904K(228352K)->64K(281088K) Eden: 227840K(227840K)->0K(273408K) From: 64K(512K)->64K(7680K)
[123.074s][info][gc,heap        ] GC(285) ParOldGen: 334638K(334848K)->334654K(334848K)
[123.074s][info][gc,metaspace   ] GC(285) Metaspace: 34972K(35648K)->34972K(35648K) NonClass: 28712K(29184K)->28712K(29184K) Class: 6260K(6464K)->6260K(6464K)
[123.074s][info][gc             ] GC(285) Pause Young (Allocation Failure) 549M->326M(601M) 2.486ms
[123.074s][info][gc,cpu         ] GC(285) User=0.00s Sys=0.00s Real=0.00s
[123.752s][info][gc,start       ] GC(286) Pause Young (Allocation Failure)
[123.755s][info][gc,heap        ] GC(286) PSYoungGen: 273472K(281088K)->64K(263168K) Eden: 273408K(273408K)->0K(262656K) From: 64K(7680K)->64K(512K)
[123.755s][info][gc,heap        ] GC(286) ParOldGen: 334654K(334848K)->334662K(334848K)
[123.755s][info][gc,metaspace   ] GC(286) Metaspace: 34972K(35648K)->34972K(35648K) NonClass: 28712K(29184K)->28712K(29184K) Class: 6260K(6464K)->6260K(6464K)
[123.755s][info][gc             ] GC(286) Pause Young (Allocation Failure) 593M->326M(584M) 2.518ms
[123.755s][info][gc,cpu         ] GC(286) User=0.01s Sys=0.01s Real=0.00s
[124.173s][info][gc,start       ] GC(287) Pause Young (Allocation Failure)
[124.175s][info][gc,heap        ] GC(287) PSYoungGen: 262720K(263168K)->64K(259072K) Eden: 262656K(262656K)->0K(252416K) From: 64K(512K)->64K(6656K)
[124.175s][info][gc,heap        ] GC(287) ParOldGen: 334662K(334848K)->334670K(334848K)
[124.175s][info][gc,metaspace   ] GC(287) Metaspace: 34972K(35648K)->34972K(35648K) NonClass: 28712K(29184K)->28712K(29184K) Class: 6260K(6464K)->6260K(6464K)
[124.175s][info][gc             ] GC(287) Pause Young (Allocation Failure) 583M->326M(580M) 1.799ms
[124.175s][info][gc,cpu         ] GC(287) User=0.01s Sys=0.00s Real=0.00s
[124.472s][info][gc,start       ] GC(288) Pause Young (Allocation Failure)
[124.539s][info][gc,heap        ] GC(288) PSYoungGen: 252480K(259072K)->6144K(269824K) Eden: 252416K(252416K)->0K(263680K) From: 64K(6656K)->6144K(6144K)
[124.539s][info][gc,heap        ] GC(288) ParOldGen: 334670K(334848K)->355006K(355328K)
[124.539s][info][gc,metaspace   ] GC(288) Metaspace: 34972K(35648K)->34972K(35648K) NonClass: 28712K(29184K)->28712K(29184K) Class: 6260K(6464K)->6260K(6464K)
[124.539s][info][gc             ] GC(288) Pause Young (Allocation Failure) 573M->352M(610M) 67.650ms
[124.539s][info][gc,cpu         ] GC(288) User=0.11s Sys=0.02s Real=0.07s
[124.847s][info][gc,start       ] GC(289) Pause Young (Allocation Failure)
[124.910s][info][gc,heap        ] GC(289) PSYoungGen: 269824K(269824K)->15360K(279040K) Eden: 263680K(263680K)->0K(263680K) From: 6144K(6144K)->15360K(15360K)
[124.910s][info][gc,heap        ] GC(289) ParOldGen: 355006K(355328K)->368206K(368640K)
[124.910s][info][gc,metaspace   ] GC(289) Metaspace: 34972K(35648K)->34972K(35648K) NonClass: 28712K(29184K)->28712K(29184K) Class: 6260K(6464K)->6260K(6464K)
[124.910s][info][gc             ] GC(289) Pause Young (Allocation Failure) 610M->374M(632M) 63.022ms
[124.910s][info][gc,cpu         ] GC(289) User=0.12s Sys=0.01s Real=0.06s
[125.105s][info][gc,start       ] GC(290) Pause Young (Allocation Failure)
[125.151s][info][gc,heap        ] GC(290) PSYoungGen: 279040K(279040K)->14688K(307200K) Eden: 263680K(263680K)->0K(283648K) From: 15360K(15360K)->14688K(23552K)
[125.151s][info][gc,heap        ] GC(290) ParOldGen: 368206K(368640K)->368686K(369152K)
[125.151s][info][gc,metaspace   ] GC(290) Metaspace: 34972K(35648K)->34972K(35648K) NonClass: 28712K(29184K)->28712K(29184K) Class: 6260K(6464K)->6260K(6464K)
[125.151s][info][gc             ] GC(290) Pause Young (Allocation Failure) 632M->374M(660M) 45.520ms
[125.151s][info][gc,cpu         ] GC(290) User=0.07s Sys=0.01s Real=0.05s
[125.435s][info][gc,start       ] GC(291) Pause Young (Allocation Failure)
[125.436s][info][gc,heap        ] GC(291) PSYoungGen: 298336K(307200K)->64K(308736K) Eden: 283648K(283648K)->0K(283648K) From: 14688K(23552K)->64K(25088K)
[125.436s][info][gc,heap        ] GC(291) ParOldGen: 368686K(369152K)->368694K(369152K)
[125.436s][info][gc,metaspace   ] GC(291) Metaspace: 34972K(35648K)->34972K(35648K) NonClass: 28712K(29184K)->28712K(29184K) Class: 6260K(6464K)->6260K(6464K)
[125.436s][info][gc             ] GC(291) Pause Young (Allocation Failure) 651M->360M(662M) 1.440ms
[125.436s][info][gc,cpu         ] GC(291) User=0.00s Sys=0.00s Real=0.00s
[126.163s][info][gc,start       ] GC(292) Pause Young (Allocation Failure)
[126.165s][info][gc,heap        ] GC(292) PSYoungGen: 283712K(308736K)->64K(306176K) Eden: 283648K(283648K)->0K(284160K) From: 64K(25088K)->64K(22016K)
[126.165s][info][gc,heap        ] GC(292) ParOldGen: 368694K(369152K)->368702K(369152K)
[126.165s][info][gc,metaspace   ] GC(292) Metaspace: 34972K(35648K)->34972K(35648K) NonClass: 28712K(29184K)->28712K(29184K) Class: 6260K(6464K)->6260K(6464K)
[126.165s][info][gc             ] GC(292) Pause Young (Allocation Failure) 637M->360M(659M) 1.876ms
[126.165s][info][gc,cpu         ] GC(292) User=0.00s Sys=0.00s Real=0.00s
[126.495s][info][gc,start       ] GC(293) Pause Young (Allocation Failure)
[126.497s][info][gc,heap        ] GC(293) PSYoungGen: 284224K(306176K)->64K(307712K) Eden: 284160K(284160K)->0K(284160K) From: 64K(22016K)->64K(23552K)
[126.497s][info][gc,heap        ] GC(293) ParOldGen: 368702K(369152K)->368718K(369152K)
[126.497s][info][gc,metaspace   ] GC(293) Metaspace: 34972K(35648K)->34972K(35648K) NonClass: 28712K(29184K)->28712K(29184K) Class: 6260K(6464K)->6260K(6464K)
[126.497s][info][gc             ] GC(293) Pause Young (Allocation Failure) 637M->360M(661M) 1.852ms
[126.497s][info][gc,cpu         ] GC(293) User=0.00s Sys=0.00s Real=0.01s
[126.947s][info][gc,start       ] GC(294) Pause Young (Allocation Failure)
[126.948s][info][gc,heap        ] GC(294) PSYoungGen: 284224K(307712K)->64K(307712K) Eden: 284160K(284160K)->0K(287744K) From: 64K(23552K)->64K(19968K)
[126.948s][info][gc,heap        ] GC(294) ParOldGen: 368718K(369152K)->368726K(369152K)
[126.948s][info][gc,metaspace   ] GC(294) Metaspace: 34972K(35648K)->34972K(35648K) NonClass: 28712K(29184K)->28712K(29184K) Class: 6260K(6464K)->6260K(6464K)
[126.948s][info][gc             ] GC(294) Pause Young (Allocation Failure) 637M->360M(661M) 1.504ms
[126.948s][info][gc,cpu         ] GC(294) User=0.00s Sys=0.00s Real=0.00s
[127.161s][info][gc,start       ] GC(295) Pause Young (Allocation Failure)
[127.163s][info][gc,heap        ] GC(295) PSYoungGen: 287808K(307712K)->32K(309248K) Eden: 287744K(287744K)->0K(287744K) From: 64K(19968K)->32K(21504K)
[127.163s][info][gc,heap        ] GC(295) ParOldGen: 368726K(369152K)->368734K(369152K)
[127.163s][info][gc,metaspace   ] GC(295) Metaspace: 34972K(35648K)->34972K(35648K) NonClass: 28712K(29184K)->28712K(29184K) Class: 6260K(6464K)->6260K(6464K)
[127.163s][info][gc             ] GC(295) Pause Young (Allocation Failure) 641M->360M(662M) 1.920ms
[127.163s][info][gc,cpu         ] GC(295) User=0.00s Sys=0.00s Real=0.00s
[127.494s][info][gc,start       ] GC(296) Pause Young (Allocation Failure)
[127.496s][info][gc,heap        ] GC(296) PSYoungGen: 287776K(309248K)->64K(310784K) Eden: 287744K(287744K)->0K(291840K) From: 32K(21504K)->64K(18944K)
[127.496s][info][gc,heap        ] GC(296) ParOldGen: 368734K(369152K)->368734K(369152K)
[127.496s][info][gc,metaspace   ] GC(296) Metaspace: 34972K(35648K)->34972K(35648K) NonClass: 28712K(29184K)->28712K(29184K) Class: 6260K(6464K)->6260K(6464K)
[127.496s][info][gc             ] GC(296) Pause Young (Allocation Failure) 641M->360M(664M) 1.911ms
[127.496s][info][gc,cpu         ] GC(296) User=0.00s Sys=0.00s Real=0.00s
[127.666s][info][gc,start       ] GC(297) Pause Young (Allocation Failure)
[127.667s][info][gc,heap        ] GC(297) PSYoungGen: 291904K(310784K)->64K(311808K) Eden: 291840K(291840K)->0K(291840K) From: 64K(18944K)->64K(19968K)
[127.667s][info][gc,heap        ] GC(297) ParOldGen: 368734K(369152K)->368742K(369152K)
[127.667s][info][gc,metaspace   ] GC(297) Metaspace: 34972K(35648K)->34972K(35648K) NonClass: 28712K(29184K)->28712K(29184K) Class: 6260K(6464K)->6260K(6464K)
[127.667s][info][gc             ] GC(297) Pause Young (Allocation Failure) 645M->360M(665M) 1.545ms
[127.667s][info][gc,cpu         ] GC(297) User=0.00s Sys=0.00s Real=0.01s
[127.720s][info][gc,start       ] GC(298) Pause Young (Allocation Failure)
[127.722s][info][gc,heap        ] GC(298) PSYoungGen: 291904K(311808K)->64K(311808K) Eden: 291840K(291840K)->0K(294912K) From: 64K(19968K)->64K(16896K)
[127.722s][info][gc,heap        ] GC(298) ParOldGen: 368742K(369152K)->368758K(369152K)
[127.722s][info][gc,metaspace   ] GC(298) Metaspace: 34972K(35648K)->34972K(35648K) NonClass: 28712K(29184K)->28712K(29184K) Class: 6260K(6464K)->6260K(6464K)
[127.722s][info][gc             ] GC(298) Pause Young (Allocation Failure) 645M->360M(665M) 1.628ms
[127.722s][info][gc,cpu         ] GC(298) User=0.01s Sys=0.00s Real=0.00s
[127.816s][info][gc,start       ] GC(299) Pause Young (Allocation Failure)
[127.817s][info][gc,heap        ] GC(299) PSYoungGen: 294976K(311808K)->64K(312832K) Eden: 294912K(294912K)->0K(294912K) From: 64K(16896K)->64K(17920K)
[127.817s][info][gc,heap        ] GC(299) ParOldGen: 368758K(369152K)->368758K(369152K)
[127.817s][info][gc,metaspace   ] GC(299) Metaspace: 34972K(35648K)->34972K(35648K) NonClass: 28712K(29184K)->28712K(29184K) Class: 6260K(6464K)->6260K(6464K)
[127.818s][info][gc             ] GC(299) Pause Young (Allocation Failure) 648M->360M(666M) 1.571ms
[127.818s][info][gc,cpu         ] GC(299) User=0.00s Sys=0.00s Real=0.01s
[128.033s][info][gc,start       ] GC(300) Pause Young (Allocation Failure)
[128.034s][info][gc,heap        ] GC(300) PSYoungGen: 294976K(312832K)->64K(313856K) Eden: 294912K(294912K)->0K(299008K) From: 64K(17920K)->64K(14848K)
[128.034s][info][gc,heap        ] GC(300) ParOldGen: 368758K(369152K)->368774K(369152K)
[128.034s][info][gc,metaspace   ] GC(300) Metaspace: 34972K(35648K)->34972K(35648K) NonClass: 28712K(29184K)->28712K(29184K) Class: 6260K(6464K)->6260K(6464K)
[128.034s][info][gc             ] GC(300) Pause Young (Allocation Failure) 648M->360M(667M) 1.546ms
[128.034s][info][gc,cpu         ] GC(300) User=0.00s Sys=0.00s Real=0.00s
[128.227s][info][gc,start       ] GC(301) Pause Young (Allocation Failure)
[128.228s][info][gc,heap        ] GC(301) PSYoungGen: 299072K(313856K)->64K(314880K) Eden: 299008K(299008K)->0K(299008K) From: 64K(14848K)->64K(15872K)
[128.228s][info][gc,heap        ] GC(301) ParOldGen: 368774K(369152K)->368774K(369152K)
[128.228s][info][gc,metaspace   ] GC(301) Metaspace: 34972K(35648K)->34972K(35648K) NonClass: 28712K(29184K)->28712K(29184K) Class: 6260K(6464K)->6260K(6464K)
[128.228s][info][gc             ] GC(301) Pause Young (Allocation Failure) 652M->360M(668M) 1.582ms
[128.228s][info][gc,cpu         ] GC(301) User=0.00s Sys=0.00s Real=0.00s
[128.309s][info][gc,start       ] GC(302) Pause Young (Allocation Failure)
[128.310s][info][gc,heap        ] GC(302) PSYoungGen: 299072K(314880K)->64K(315904K) Eden: 299008K(299008K)->0K(303104K) From: 64K(15872K)->64K(12800K)
[128.310s][info][gc,heap        ] GC(302) ParOldGen: 368774K(369152K)->368790K(369152K)
[128.310s][info][gc,metaspace   ] GC(302) Metaspace: 34972K(35648K)->34972K(35648K) NonClass: 28712K(29184K)->28712K(29184K) Class: 6260K(6464K)->6260K(6464K)
[128.310s][info][gc             ] GC(302) Pause Young (Allocation Failure) 652M->360M(669M) 1.550ms
[128.310s][info][gc,cpu         ] GC(302) User=0.01s Sys=0.00s Real=0.00s
[128.451s][info][gc,start       ] GC(303) Pause Young (Allocation Failure)
[128.452s][info][gc,heap        ] GC(303) PSYoungGen: 303168K(315904K)->64K(316928K) Eden: 303104K(303104K)->0K(303104K) From: 64K(12800K)->64K(13824K)
[128.452s][info][gc,heap        ] GC(303) ParOldGen: 368790K(369152K)->368790K(369152K)
[128.452s][info][gc,metaspace   ] GC(303) Metaspace: 34972K(35648K)->34972K(35648K) NonClass: 28712K(29184K)->28712K(29184K) Class: 6260K(6464K)->6260K(6464K)
[128.452s][info][gc             ] GC(303) Pause Young (Allocation Failure) 656M->360M(670M) 1.499ms
[128.453s][info][gc,cpu         ] GC(303) User=0.01s Sys=0.00s Real=0.00s
[128.854s][info][gc,start       ] GC(304) Pause Young (Allocation Failure)
[128.855s][info][gc,heap        ] GC(304) PSYoungGen: 303168K(316928K)->64K(317440K) Eden: 303104K(303104K)->0K(306688K) From: 64K(13824K)->64K(10752K)
[128.855s][info][gc,heap        ] GC(304) ParOldGen: 368790K(369152K)->368798K(369152K)
[128.855s][info][gc,metaspace   ] GC(304) Metaspace: 34972K(35648K)->34972K(35648K) NonClass: 28712K(29184K)->28712K(29184K) Class: 6260K(6464K)->6260K(6464K)
[128.855s][info][gc             ] GC(304) Pause Young (Allocation Failure) 656M->360M(670M) 1.575ms
[128.855s][info][gc,cpu         ] GC(304) User=0.01s Sys=0.00s Real=0.00s
[129.689s][info][gc,start       ] GC(305) Pause Young (Allocation Failure)
[129.691s][info][gc,heap        ] GC(305) PSYoungGen: 306752K(317440K)->64K(294912K) Eden: 306688K(306688K)->0K(294400K) From: 64K(10752K)->64K(512K)
[129.691s][info][gc,heap        ] GC(305) ParOldGen: 368798K(369152K)->368806K(369152K)
[129.691s][info][gc,metaspace   ] GC(305) Metaspace: 34972K(35648K)->34972K(35648K) NonClass: 28712K(29184K)->28712K(29184K) Class: 6260K(6464K)->6260K(6464K)
[129.692s][info][gc             ] GC(305) Pause Young (Allocation Failure) 659M->360M(648M) 2.262ms
[129.692s][info][gc,cpu         ] GC(305) User=0.00s Sys=0.00s Real=0.00s
[130.535s][info][gc,start       ] GC(306) Pause Young (Allocation Failure)
[130.538s][info][gc,heap        ] GC(306) PSYoungGen: 294464K(294912K)->32K(283136K) Eden: 294400K(294400K)->0K(282624K) From: 64K(512K)->32K(512K)
[130.538s][info][gc,heap        ] GC(306) ParOldGen: 368806K(369152K)->368814K(369152K)
[130.538s][info][gc,metaspace   ] GC(306) Metaspace: 34972K(35648K)->34972K(35648K) NonClass: 28712K(29184K)->28712K(29184K) Class: 6260K(6464K)->6260K(6464K)
[130.538s][info][gc             ] GC(306) Pause Young (Allocation Failure) 647M->360M(637M) 2.636ms
[130.538s][info][gc,cpu         ] GC(306) User=0.00s Sys=0.00s Real=0.01s
[130.996s][info][gc,start       ] GC(307) Pause Young (Allocation Failure)
[130.998s][info][gc,heap        ] GC(307) PSYoungGen: 282656K(283136K)->64K(282112K) Eden: 282624K(282624K)->0K(271360K) From: 32K(512K)->64K(10752K)
[130.998s][info][gc,heap        ] GC(307) ParOldGen: 368814K(369152K)->368822K(369152K)
[130.998s][info][gc,metaspace   ] GC(307) Metaspace: 34972K(35648K)->34972K(35648K) NonClass: 28712K(29184K)->28712K(29184K) Class: 6260K(6464K)->6260K(6464K)
[130.998s][info][gc             ] GC(307) Pause Young (Allocation Failure) 636M->360M(636M) 2.119ms
[130.998s][info][gc,cpu         ] GC(307) User=0.00s Sys=0.00s Real=0.01s
[131.989s][info][gc,start       ] GC(308) Pause Young (Allocation Failure)
[131.991s][info][gc,heap        ] GC(308) PSYoungGen: 271424K(282112K)->64K(261120K) Eden: 271360K(271360K)->0K(260608K) From: 64K(10752K)->64K(512K)
[131.991s][info][gc,heap        ] GC(308) ParOldGen: 368822K(369152K)->368830K(369152K)
[131.991s][info][gc,metaspace   ] GC(308) Metaspace: 34972K(35648K)->34972K(35648K) NonClass: 28712K(29184K)->28712K(29184K) Class: 6260K(6464K)->6260K(6464K)
[131.991s][info][gc             ] GC(308) Pause Young (Allocation Failure) 625M->360M(615M) 2.035ms
[131.991s][info][gc,cpu         ] GC(308) User=0.00s Sys=0.00s Real=0.00s
[132.392s][info][gc,start       ] GC(309) Pause Young (Allocation Failure)
[132.394s][info][gc,heap        ] GC(309) PSYoungGen: 260672K(261120K)->64K(259584K) Eden: 260608K(260608K)->0K(250368K) From: 64K(512K)->64K(9216K)
[132.394s][info][gc,heap        ] GC(309) ParOldGen: 368830K(369152K)->368838K(369152K)
[132.394s][info][gc,metaspace   ] GC(309) Metaspace: 34972K(35648K)->34972K(35648K) NonClass: 28712K(29184K)->28712K(29184K) Class: 6260K(6464K)->6260K(6464K)
[132.394s][info][gc             ] GC(309) Pause Young (Allocation Failure) 614M->360M(614M) 1.589ms
[132.394s][info][gc,cpu         ] GC(309) User=0.00s Sys=0.00s Real=0.00s
[132.582s][info][gc,start       ] GC(310) Pause Young (Allocation Failure)
[132.584s][info][gc,heap        ] GC(310) PSYoungGen: 250432K(259584K)->64K(241152K) Eden: 250368K(250368K)->0K(240640K) From: 64K(9216K)->64K(512K)
[132.584s][info][gc,heap        ] GC(310) ParOldGen: 368838K(369152K)->368846K(369152K)
[132.584s][info][gc,metaspace   ] GC(310) Metaspace: 34972K(35648K)->34972K(35648K) NonClass: 28712K(29184K)->28712K(29184K) Class: 6260K(6464K)->6260K(6464K)
[132.584s][info][gc             ] GC(310) Pause Young (Allocation Failure) 604M->360M(596M) 2.249ms
[132.584s][info][gc,cpu         ] GC(310) User=0.00s Sys=0.00s Real=0.00s
[132.664s][info][gc,start       ] GC(311) Pause Young (Allocation Failure)
[132.665s][info][gc,heap        ] GC(311) PSYoungGen: 240704K(241152K)->64K(239616K) Eden: 240640K(240640K)->0K(231424K) From: 64K(512K)->64K(8192K)
[132.665s][info][gc,heap        ] GC(311) ParOldGen: 368846K(369152K)->368854K(369152K)
[132.665s][info][gc,metaspace   ] GC(311) Metaspace: 34972K(35648K)->34972K(35648K) NonClass: 28712K(29184K)->28712K(29184K) Class: 6260K(6464K)->6260K(6464K)
[132.665s][info][gc             ] GC(311) Pause Young (Allocation Failure) 595M->360M(594M) 1.477ms
[132.665s][info][gc,cpu         ] GC(311) User=0.00s Sys=0.00s Real=0.00s
[133.229s][info][gc,start       ] GC(312) Pause Young (Allocation Failure)
[133.231s][info][gc,heap        ] GC(312) PSYoungGen: 231488K(239616K)->64K(223232K) Eden: 231424K(231424K)->0K(222720K) From: 64K(8192K)->64K(512K)
[133.231s][info][gc,heap        ] GC(312) ParOldGen: 368854K(369152K)->368862K(369152K)
[133.231s][info][gc,metaspace   ] GC(312) Metaspace: 34972K(35648K)->34972K(35648K) NonClass: 28712K(29184K)->28712K(29184K) Class: 6260K(6464K)->6260K(6464K)
[133.231s][info][gc             ] GC(312) Pause Young (Allocation Failure) 586M->360M(578M) 1.943ms
[133.231s][info][gc,cpu         ] GC(312) User=0.01s Sys=0.00s Real=0.00s
[133.512s][info][gc,start       ] GC(313) Pause Young (Allocation Failure)
[133.513s][info][gc,heap        ] GC(313) PSYoungGen: 222784K(223232K)->64K(221696K) Eden: 222720K(222720K)->0K(214528K) From: 64K(512K)->64K(7168K)
[133.513s][info][gc,heap        ] GC(313) ParOldGen: 368862K(369152K)->368870K(369152K)
[133.513s][info][gc,metaspace   ] GC(313) Metaspace: 34972K(35648K)->34972K(35648K) NonClass: 28712K(29184K)->28712K(29184K) Class: 6260K(6464K)->6260K(6464K)
[133.513s][info][gc             ] GC(313) Pause Young (Allocation Failure) 577M->360M(577M) 1.520ms
[133.513s][info][gc,cpu         ] GC(313) User=0.01s Sys=0.00s Real=0.00s
[133.868s][info][gc,start       ] GC(314) Pause Young (Allocation Failure)
[133.884s][info][gc,heap        ] GC(314) PSYoungGen: 214592K(221696K)->6656K(264192K) Eden: 214528K(214528K)->0K(257536K) From: 64K(7168K)->6656K(6656K)
[133.884s][info][gc,heap        ] GC(314) ParOldGen: 368870K(369152K)->370502K(370688K)
[133.884s][info][gc,metaspace   ] GC(314) Metaspace: 34972K(35648K)->34972K(35648K) NonClass: 28712K(29184K)->28712K(29184K) Class: 6260K(6464K)->6260K(6464K)
[133.884s][info][gc             ] GC(314) Pause Young (Allocation Failure) 569M->368M(620M) 15.754ms
[133.884s][info][gc,cpu         ] GC(314) User=0.03s Sys=0.00s Real=0.01s
[134.172s][info][gc,start       ] GC(315) Pause Young (Allocation Failure)
[134.229s][info][gc,heap        ] GC(315) PSYoungGen: 264192K(264192K)->8704K(276480K) Eden: 257536K(257536K)->0K(267776K) From: 6656K(6656K)->8704K(8704K)
[134.229s][info][gc,heap        ] GC(315) ParOldGen: 370502K(370688K)->389030K(389120K)
[134.229s][info][gc,metaspace   ] GC(315) Metaspace: 34972K(35648K)->34972K(35648K) NonClass: 28712K(29184K)->28712K(29184K) Class: 6260K(6464K)->6260K(6464K)
[134.229s][info][gc             ] GC(315) Pause Young (Allocation Failure) 619M->388M(650M) 57.912ms
[134.229s][info][gc,cpu         ] GC(315) User=0.10s Sys=0.02s Real=0.06s
[134.529s][info][gc,start       ] GC(316) Pause Young (Allocation Failure)
[134.595s][info][gc,heap        ] GC(316) PSYoungGen: 276480K(276480K)->17408K(300032K) Eden: 267776K(267776K)->0K(282624K) From: 8704K(8704K)->17408K(17408K)
[134.595s][info][gc,heap        ] GC(316) ParOldGen: 389030K(389120K)->400542K(400896K)
[134.595s][info][gc,metaspace   ] GC(316) Metaspace: 34972K(35648K)->34972K(35648K) NonClass: 28712K(29184K)->28712K(29184K) Class: 6260K(6464K)->6260K(6464K)
[134.595s][info][gc             ] GC(316) Pause Young (Allocation Failure) 649M->408M(684M) 66.651ms
[134.595s][info][gc,cpu         ] GC(316) User=0.11s Sys=0.02s Real=0.06s
[134.709s][info][gc,start       ] GC(317) Pause Young (Allocation Failure)
[134.723s][info][gc,heap        ] GC(317) PSYoungGen: 300032K(300032K)->5312K(308224K) Eden: 282624K(282624K)->0K(282624K) From: 17408K(17408K)->5312K(25600K)
[134.723s][info][gc,heap        ] GC(317) ParOldGen: 400542K(400896K)->400958K(401408K)
[134.723s][info][gc,metaspace   ] GC(317) Metaspace: 34972K(35648K)->34972K(35648K) NonClass: 28712K(29184K)->28712K(29184K) Class: 6260K(6464K)->6260K(6464K)
[134.723s][info][gc             ] GC(317) Pause Young (Allocation Failure) 684M->396M(693M) 14.098ms
[134.723s][info][gc,cpu         ] GC(317) User=0.03s Sys=0.00s Real=0.01s
[135.245s][info][gc,start       ] GC(318) Pause Young (Allocation Failure)
[135.247s][info][gc,heap        ] GC(318) PSYoungGen: 287936K(308224K)->64K(304640K) Eden: 282624K(282624K)->0K(284160K) From: 5312K(25600K)->64K(20480K)
[135.247s][info][gc,heap        ] GC(318) ParOldGen: 400958K(401408K)->400966K(401408K)
[135.247s][info][gc,metaspace   ] GC(318) Metaspace: 34972K(35648K)->34972K(35648K) NonClass: 28712K(29184K)->28712K(29184K) Class: 6260K(6464K)->6260K(6464K)
[135.247s][info][gc             ] GC(318) Pause Young (Allocation Failure) 672M->391M(689M) 1.835ms
[135.247s][info][gc,cpu         ] GC(318) User=0.00s Sys=0.00s Real=0.01s
[135.790s][info][gc,start       ] GC(319) Pause Young (Allocation Failure)
[135.792s][info][gc,heap        ] GC(319) PSYoungGen: 284224K(304640K)->64K(307200K) Eden: 284160K(284160K)->0K(284160K) From: 64K(20480K)->64K(23040K)
[135.792s][info][gc,heap        ] GC(319) ParOldGen: 400966K(401408K)->400974K(401408K)
[135.792s][info][gc,metaspace   ] GC(319) Metaspace: 34972K(35648K)->34972K(35648K) NonClass: 28712K(29184K)->28712K(29184K) Class: 6260K(6464K)->6260K(6464K)
[135.792s][info][gc             ] GC(319) Pause Young (Allocation Failure) 669M->391M(692M) 1.642ms
[135.792s][info][gc,cpu         ] GC(319) User=0.00s Sys=0.00s Real=0.00s
[136.240s][info][gc,start       ] GC(320) Pause Young (Allocation Failure)
[136.242s][info][gc,heap        ] GC(320) PSYoungGen: 284224K(307200K)->64K(308224K) Eden: 284160K(284160K)->0K(288256K) From: 64K(23040K)->64K(19968K)
[136.242s][info][gc,heap        ] GC(320) ParOldGen: 400974K(401408K)->400990K(401408K)
[136.242s][info][gc,metaspace   ] GC(320) Metaspace: 34972K(35648K)->34972K(35648K) NonClass: 28712K(29184K)->28712K(29184K) Class: 6260K(6464K)->6260K(6464K)
[136.242s][info][gc             ] GC(320) Pause Young (Allocation Failure) 669M->391M(693M) 1.673ms
[136.242s][info][gc,cpu         ] GC(320) User=0.01s Sys=0.00s Real=0.00s
[136.453s][info][gc,start       ] GC(321) Pause Young (Allocation Failure)
[136.455s][info][gc,heap        ] GC(321) PSYoungGen: 288320K(308224K)->64K(309760K) Eden: 288256K(288256K)->0K(288256K) From: 64K(19968K)->64K(21504K)
[136.455s][info][gc,heap        ] GC(321) ParOldGen: 400990K(401408K)->401006K(401408K)
[136.455s][info][gc,metaspace   ] GC(321) Metaspace: 34972K(35648K)->34972K(35648K) NonClass: 28712K(29184K)->28712K(29184K) Class: 6260K(6464K)->6260K(6464K)
[136.455s][info][gc             ] GC(321) Pause Young (Allocation Failure) 673M->391M(694M) 1.919ms
[136.455s][info][gc,cpu         ] GC(321) User=0.00s Sys=0.00s Real=0.00s
[136.668s][info][gc,start       ] GC(322) Pause Young (Allocation Failure)
[136.670s][info][gc,heap        ] GC(322) PSYoungGen: 288320K(309760K)->64K(310784K) Eden: 288256K(288256K)->0K(291840K) From: 64K(21504K)->64K(18944K)
[136.670s][info][gc,heap        ] GC(322) ParOldGen: 401006K(401408K)->401006K(401408K)
[136.670s][info][gc,metaspace   ] GC(322) Metaspace: 34972K(35648K)->34972K(35648K) NonClass: 28712K(29184K)->28712K(29184K) Class: 6260K(6464K)->6260K(6464K)
[136.670s][info][gc             ] GC(322) Pause Young (Allocation Failure) 673M->391M(695M) 1.716ms
[136.670s][info][gc,cpu         ] GC(322) User=0.00s Sys=0.00s Real=0.00s
[137.044s][info][gc,start       ] GC(323) Pause Young (Allocation Failure)
[137.046s][info][gc,heap        ] GC(323) PSYoungGen: 291904K(310784K)->64K(311808K) Eden: 291840K(291840K)->0K(291840K) From: 64K(18944K)->64K(19968K)
[137.046s][info][gc,heap        ] GC(323) ParOldGen: 401006K(401408K)->401006K(401408K)
[137.046s][info][gc,metaspace   ] GC(323) Metaspace: 35052K(35776K)->35052K(35776K) NonClass: 28792K(29312K)->28792K(29312K) Class: 6260K(6464K)->6260K(6464K)
[137.046s][info][gc             ] GC(323) Pause Young (Allocation Failure) 676M->391M(696M) 1.648ms
[137.046s][info][gc,cpu         ] GC(323) User=0.00s Sys=0.00s Real=0.00s
[137.121s][info][gc,start       ] GC(324) Pause Young (Allocation Failure)
[137.122s][info][gc,heap        ] GC(324) PSYoungGen: 291904K(311808K)->64K(311808K) Eden: 291840K(291840K)->0K(294912K) From: 64K(19968K)->64K(16896K)
[137.122s][info][gc,heap        ] GC(324) ParOldGen: 401006K(401408K)->401014K(401408K)
[137.122s][info][gc,metaspace   ] GC(324) Metaspace: 35052K(35776K)->35052K(35776K) NonClass: 28792K(29312K)->28792K(29312K) Class: 6260K(6464K)->6260K(6464K)
[137.122s][info][gc             ] GC(324) Pause Young (Allocation Failure) 676M->391M(696M) 1.558ms
[137.122s][info][gc,cpu         ] GC(324) User=0.00s Sys=0.00s Real=0.00s
[137.179s][info][gc,start       ] GC(325) Pause Young (Allocation Failure)
[137.181s][info][gc,heap        ] GC(325) PSYoungGen: 294976K(311808K)->64K(312832K) Eden: 294912K(294912K)->0K(294912K) From: 64K(16896K)->64K(17920K)
[137.181s][info][gc,heap        ] GC(325) ParOldGen: 401014K(401408K)->401030K(401408K)
[137.181s][info][gc,metaspace   ] GC(325) Metaspace: 35052K(35776K)->35052K(35776K) NonClass: 28792K(29312K)->28792K(29312K) Class: 6260K(6464K)->6260K(6464K)
[137.181s][info][gc             ] GC(325) Pause Young (Allocation Failure) 679M->391M(697M) 1.601ms
[137.181s][info][gc,cpu         ] GC(325) User=0.01s Sys=0.00s Real=0.00s
[137.339s][info][gc,start       ] GC(326) Pause Young (Allocation Failure)
[137.341s][info][gc,heap        ] GC(326) PSYoungGen: 294976K(312832K)->64K(313856K) Eden: 294912K(294912K)->0K(299008K) From: 64K(17920K)->64K(14848K)
[137.341s][info][gc,heap        ] GC(326) ParOldGen: 401030K(401408K)->401030K(401408K)
[137.341s][info][gc,metaspace   ] GC(326) Metaspace: 35052K(35776K)->35052K(35776K) NonClass: 28792K(29312K)->28792K(29312K) Class: 6260K(6464K)->6260K(6464K)
[137.341s][info][gc             ] GC(326) Pause Young (Allocation Failure) 679M->391M(698M) 1.722ms
[137.341s][info][gc,cpu         ] GC(326) User=0.01s Sys=0.00s Real=0.00s
[137.559s][info][gc,start       ] GC(327) Pause Young (Allocation Failure)
[137.560s][info][gc,heap        ] GC(327) PSYoungGen: 299072K(313856K)->64K(314880K) Eden: 299008K(299008K)->0K(299008K) From: 64K(14848K)->64K(15872K)
[137.560s][info][gc,heap        ] GC(327) ParOldGen: 401030K(401408K)->401038K(401408K)
[137.560s][info][gc,metaspace   ] GC(327) Metaspace: 35052K(35776K)->35052K(35776K) NonClass: 28792K(29312K)->28792K(29312K) Class: 6260K(6464K)->6260K(6464K)
[137.560s][info][gc             ] GC(327) Pause Young (Allocation Failure) 683M->391M(699M) 1.696ms
[137.560s][info][gc,cpu         ] GC(327) User=0.00s Sys=0.00s Real=0.00s
[137.697s][info][gc,start       ] GC(328) Pause Young (Allocation Failure)
[137.699s][info][gc,heap        ] GC(328) PSYoungGen: 299072K(314880K)->64K(315392K) Eden: 299008K(299008K)->0K(302592K) From: 64K(15872K)->64K(12800K)
[137.699s][info][gc,heap        ] GC(328) ParOldGen: 401038K(401408K)->401046K(401408K)
[137.699s][info][gc,metaspace   ] GC(328) Metaspace: 35052K(35776K)->35052K(35776K) NonClass: 28792K(29312K)->28792K(29312K) Class: 6260K(6464K)->6260K(6464K)
[137.699s][info][gc             ] GC(328) Pause Young (Allocation Failure) 683M->391M(700M) 1.678ms
[137.699s][info][gc,cpu         ] GC(328) User=0.00s Sys=0.00s Real=0.00s
[137.788s][info][gc,start       ] GC(329) Pause Young (Allocation Failure)
[137.790s][info][gc,heap        ] GC(329) PSYoungGen: 302656K(315392K)->64K(316928K) Eden: 302592K(302592K)->0K(302592K) From: 64K(12800K)->64K(14336K)
[137.790s][info][gc,heap        ] GC(329) ParOldGen: 401046K(401408K)->401054K(401408K)
[137.790s][info][gc,metaspace   ] GC(329) Metaspace: 35052K(35776K)->35052K(35776K) NonClass: 28792K(29312K)->28792K(29312K) Class: 6260K(6464K)->6260K(6464K)
[137.790s][info][gc             ] GC(329) Pause Young (Allocation Failure) 687M->391M(701M) 1.696ms
[137.790s][info][gc,cpu         ] GC(329) User=0.00s Sys=0.00s Real=0.00s
[137.964s][info][gc,start       ] GC(330) Pause Young (Allocation Failure)
[137.966s][info][gc,heap        ] GC(330) PSYoungGen: 302656K(316928K)->64K(317952K) Eden: 302592K(302592K)->0K(306176K) From: 64K(14336K)->64K(11776K)
[137.966s][info][gc,heap        ] GC(330) ParOldGen: 401054K(401408K)->401062K(401408K)
[137.966s][info][gc,metaspace   ] GC(330) Metaspace: 35052K(35776K)->35052K(35776K) NonClass: 28792K(29312K)->28792K(29312K) Class: 6260K(6464K)->6260K(6464K)
[137.966s][info][gc             ] GC(330) Pause Young (Allocation Failure) 687M->391M(702M) 1.616ms
[137.966s][info][gc,cpu         ] GC(330) User=0.00s Sys=0.00s Real=0.00s
[138.928s][info][gc,start       ] GC(331) Pause Young (Allocation Failure)
[138.930s][info][gc,heap        ] GC(331) PSYoungGen: 306240K(317952K)->83K(318976K) Eden: 306176K(306176K)->0K(306176K) From: 64K(11776K)->83K(12800K)
[138.930s][info][gc,heap        ] GC(331) ParOldGen: 401062K(401408K)->401070K(401408K)
[138.930s][info][gc,metaspace   ] GC(331) Metaspace: 35052K(35776K)->35052K(35776K) NonClass: 28792K(29312K)->28792K(29312K) Class: 6260K(6464K)->6260K(6464K)
[138.930s][info][gc             ] GC(331) Pause Young (Allocation Failure) 690M->391M(703M) 1.832ms
[138.930s][info][gc,cpu         ] GC(331) User=0.00s Sys=0.00s Real=0.00s
[139.826s][info][gc,start       ] GC(332) Pause Young (Allocation Failure)
[139.828s][info][gc,heap        ] GC(332) PSYoungGen: 306259K(318976K)->64K(294400K) Eden: 306176K(306176K)->0K(293888K) From: 83K(12800K)->64K(512K)
[139.828s][info][gc,heap        ] GC(332) ParOldGen: 401070K(401408K)->401078K(401408K)
[139.828s][info][gc,metaspace   ] GC(332) Metaspace: 35052K(35776K)->35052K(35776K) NonClass: 28792K(29312K)->28792K(29312K) Class: 6260K(6464K)->6260K(6464K)
[139.828s][info][gc             ] GC(332) Pause Young (Allocation Failure) 690M->391M(679M) 2.199ms
[139.828s][info][gc,cpu         ] GC(332) User=0.00s Sys=0.00s Real=0.01s
[140.156s][info][gc,start       ] GC(333) Pause Young (Allocation Failure)
[140.158s][info][gc,heap        ] GC(333) PSYoungGen: 293952K(294400K)->64K(292864K) Eden: 293888K(293888K)->0K(282112K) From: 64K(512K)->64K(10752K)
[140.158s][info][gc,heap        ] GC(333) ParOldGen: 401078K(401408K)->401086K(401408K)
[140.158s][info][gc,metaspace   ] GC(333) Metaspace: 35052K(35776K)->35052K(35776K) NonClass: 28792K(29312K)->28792K(29312K) Class: 6260K(6464K)->6260K(6464K)
[140.158s][info][gc             ] GC(333) Pause Young (Allocation Failure) 678M->391M(678M) 1.525ms
[140.158s][info][gc,cpu         ] GC(333) User=0.00s Sys=0.00s Real=0.01s
[140.567s][info][gc,start       ] GC(334) Pause Young (Allocation Failure)
[140.569s][info][gc,heap        ] GC(334) PSYoungGen: 282176K(292864K)->64K(271360K) Eden: 282112K(282112K)->0K(270848K) From: 64K(10752K)->64K(512K)
[140.569s][info][gc,heap        ] GC(334) ParOldGen: 401086K(401408K)->401094K(401408K)
[140.569s][info][gc,metaspace   ] GC(334) Metaspace: 35052K(35776K)->35052K(35776K) NonClass: 28792K(29312K)->28792K(29312K) Class: 6260K(6464K)->6260K(6464K)
[140.569s][info][gc             ] GC(334) Pause Young (Allocation Failure) 667M->391M(657M) 1.966ms
[140.569s][info][gc,cpu         ] GC(334) User=0.00s Sys=0.00s Real=0.00s
[141.549s][info][gc,start       ] GC(335) Pause Young (Allocation Failure)
[141.550s][info][gc,heap        ] GC(335) PSYoungGen: 270912K(271360K)->64K(269824K) Eden: 270848K(270848K)->0K(260096K) From: 64K(512K)->64K(9728K)
[141.550s][info][gc,heap        ] GC(335) ParOldGen: 401094K(401408K)->401102K(401408K)
[141.550s][info][gc,metaspace   ] GC(335) Metaspace: 35052K(35776K)->35052K(35776K) NonClass: 28792K(29312K)->28792K(29312K) Class: 6260K(6464K)->6260K(6464K)
[141.550s][info][gc             ] GC(335) Pause Young (Allocation Failure) 656M->391M(655M) 1.676ms
[141.550s][info][gc,cpu         ] GC(335) User=0.00s Sys=0.00s Real=0.00s
[141.929s][info][gc,start       ] GC(336) Pause Young (Allocation Failure)
[141.931s][info][gc,heap        ] GC(336) PSYoungGen: 260160K(269824K)->64K(250368K) Eden: 260096K(260096K)->0K(249856K) From: 64K(9728K)->64K(512K)
[141.931s][info][gc,heap        ] GC(336) ParOldGen: 401102K(401408K)->401110K(401408K)
[141.931s][info][gc,metaspace   ] GC(336) Metaspace: 35052K(35776K)->35052K(35776K) NonClass: 28792K(29312K)->28792K(29312K) Class: 6260K(6464K)->6260K(6464K)
[141.931s][info][gc             ] GC(336) Pause Young (Allocation Failure) 645M->391M(636M) 1.842ms
[141.931s][info][gc,cpu         ] GC(336) User=0.00s Sys=0.00s Real=0.00s
[142.063s][info][gc,start       ] GC(337) Pause Young (Allocation Failure)
[142.064s][info][gc,heap        ] GC(337) PSYoungGen: 249920K(250368K)->64K(248320K) Eden: 249856K(249856K)->0K(240128K) From: 64K(512K)->64K(8192K)
[142.064s][info][gc,heap        ] GC(337) ParOldGen: 401110K(401408K)->401118K(401408K)
[142.064s][info][gc,metaspace   ] GC(337) Metaspace: 35052K(35776K)->35052K(35776K) NonClass: 28792K(29312K)->28792K(29312K) Class: 6260K(6464K)->6260K(6464K)
[142.064s][info][gc             ] GC(337) Pause Young (Allocation Failure) 635M->391M(634M) 1.507ms
[142.064s][info][gc,cpu         ] GC(337) User=0.00s Sys=0.00s Real=0.00s
[142.376s][info][gc,start       ] GC(338) Pause Young (Allocation Failure)
[142.378s][info][gc,heap        ] GC(338) PSYoungGen: 240192K(248320K)->64K(231424K) Eden: 240128K(240128K)->0K(230912K) From: 64K(8192K)->64K(512K)
[142.378s][info][gc,heap        ] GC(338) ParOldGen: 401118K(401408K)->401126K(401408K)
[142.378s][info][gc,metaspace   ] GC(338) Metaspace: 35052K(35776K)->35052K(35776K) NonClass: 28792K(29312K)->28792K(29312K) Class: 6260K(6464K)->6260K(6464K)
[142.378s][info][gc             ] GC(338) Pause Young (Allocation Failure) 626M->391M(618M) 2.091ms
[142.378s][info][gc,cpu         ] GC(338) User=0.01s Sys=0.00s Real=0.01s
[142.843s][info][gc,start       ] GC(339) Pause Young (Allocation Failure)
[142.845s][info][gc,heap        ] GC(339) PSYoungGen: 230976K(231424K)->64K(229376K) Eden: 230912K(230912K)->0K(222208K) From: 64K(512K)->64K(7168K)
[142.845s][info][gc,heap        ] GC(339) ParOldGen: 401126K(401408K)->401134K(401408K)
[142.845s][info][gc,metaspace   ] GC(339) Metaspace: 35052K(35776K)->35052K(35776K) NonClass: 28792K(29312K)->28792K(29312K) Class: 6260K(6464K)->6260K(6464K)
[142.845s][info][gc             ] GC(339) Pause Young (Allocation Failure) 617M->391M(616M) 2.037ms
[142.845s][info][gc,cpu         ] GC(339) User=0.00s Sys=0.00s Real=0.00s
[143.200s][info][gc,start       ] GC(340) Pause Young (Allocation Failure)
[143.202s][info][gc,heap        ] GC(340) PSYoungGen: 222272K(229376K)->64K(214528K) Eden: 222208K(222208K)->0K(214016K) From: 64K(7168K)->64K(512K)
[143.202s][info][gc,heap        ] GC(340) ParOldGen: 401134K(401408K)->401142K(401408K)
[143.202s][info][gc,metaspace   ] GC(340) Metaspace: 35052K(35776K)->35052K(35776K) NonClass: 28792K(29312K)->28792K(29312K) Class: 6260K(6464K)->6260K(6464K)
[143.202s][info][gc             ] GC(340) Pause Young (Allocation Failure) 608M->391M(601M) 2.000ms
[143.202s][info][gc,cpu         ] GC(340) User=0.00s Sys=0.00s Real=0.00s
[143.457s][info][gc,start       ] GC(341) Pause Young (Allocation Failure)
[143.501s][info][gc,heap        ] GC(341) PSYoungGen: 214080K(214528K)->6144K(263168K) Eden: 214016K(214016K)->0K(257024K) From: 64K(512K)->6144K(6144K)
[143.501s][info][gc,heap        ] GC(341) ParOldGen: 401142K(401408K)->416438K(416768K)
[143.501s][info][gc,metaspace   ] GC(341) Metaspace: 35052K(35776K)->35052K(35776K) NonClass: 28792K(29312K)->28792K(29312K) Class: 6260K(6464K)->6260K(6464K)
[143.501s][info][gc             ] GC(341) Pause Young (Allocation Failure) 600M->412M(664M) 44.579ms
[143.501s][info][gc,cpu         ] GC(341) User=0.09s Sys=0.00s Real=0.04s
[143.791s][info][gc,start       ] GC(342) Pause Young (Allocation Failure)
[143.856s][info][gc,heap        ] GC(342) PSYoungGen: 263168K(263168K)->6144K(268800K) Eden: 257024K(257024K)->0K(262656K) From: 6144K(6144K)->6144K(6144K)
[143.856s][info][gc,heap        ] GC(342) ParOldGen: 416438K(416768K)->437998K(438272K)
[143.856s][info][gc,metaspace   ] GC(342) Metaspace: 35052K(35776K)->35052K(35776K) NonClass: 28792K(29312K)->28792K(29312K) Class: 6260K(6464K)->6260K(6464K)
[143.856s][info][gc             ] GC(342) Pause Young (Allocation Failure) 663M->433M(690M) 64.659ms
[143.856s][info][gc,cpu         ] GC(342) User=0.10s Sys=0.02s Real=0.06s
[144.092s][info][gc,start       ] GC(343) Pause Young (Allocation Failure)
[144.132s][info][gc,heap        ] GC(343) PSYoungGen: 268800K(268800K)->20416K(284160K) Eden: 262656K(262656K)->0K(262656K) From: 6144K(6144K)->20416K(21504K)
[144.132s][info][gc,heap        ] GC(343) ParOldGen: 437998K(438272K)->438798K(439296K)
[144.132s][info][gc,metaspace   ] GC(343) Metaspace: 35052K(35776K)->35052K(35776K) NonClass: 28792K(29312K)->28792K(29312K) Class: 6260K(6464K)->6260K(6464K)
[144.132s][info][gc             ] GC(343) Pause Young (Allocation Failure) 690M->448M(706M) 40.781ms
[144.133s][info][gc,cpu         ] GC(343) User=0.08s Sys=0.00s Real=0.04s
[144.225s][info][gc,start       ] GC(344) Pause Young (Allocation Failure)
[144.226s][info][gc,heap        ] GC(344) PSYoungGen: 283072K(284160K)->64K(308736K) Eden: 262656K(262656K)->0K(283136K) From: 20416K(21504K)->64K(25600K)
[144.227s][info][gc,heap        ] GC(344) ParOldGen: 438798K(439296K)->438806K(439296K)
[144.227s][info][gc,metaspace   ] GC(344) Metaspace: 35052K(35776K)->35052K(35776K) NonClass: 28792K(29312K)->28792K(29312K) Class: 6260K(6464K)->6260K(6464K)
[144.227s][info][gc             ] GC(344) Pause Young (Allocation Failure) 704M->428M(730M) 1.613ms
[144.227s][info][gc,cpu         ] GC(344) User=0.00s Sys=0.00s Real=0.00s
[144.969s][info][gc,start       ] GC(345) Pause Young (Allocation Failure)
[144.972s][info][gc,heap        ] GC(345) PSYoungGen: 283200K(308736K)->64K(283648K) Eden: 283136K(283136K)->0K(283136K) From: 64K(25600K)->64K(512K)
[144.972s][info][gc,heap        ] GC(345) ParOldGen: 438806K(439296K)->438814K(439296K)
[144.972s][info][gc,metaspace   ] GC(345) Metaspace: 35052K(35776K)->35052K(35776K) NonClass: 28792K(29312K)->28792K(29312K) Class: 6260K(6464K)->6260K(6464K)
[144.972s][info][gc             ] GC(345) Pause Young (Allocation Failure) 705M->428M(706M) 2.685ms
[144.972s][info][gc,cpu         ] GC(345) User=0.00s Sys=0.00s Real=0.00s
[145.376s][info][gc,start       ] GC(346) Pause Young (Allocation Failure)
[145.378s][info][gc,heap        ] GC(346) PSYoungGen: 283200K(283648K)->32K(308224K) Eden: 283136K(283136K)->0K(284160K) From: 64K(512K)->32K(24064K)
[145.378s][info][gc,heap        ] GC(346) ParOldGen: 438814K(439296K)->438822K(439296K)
[145.378s][info][gc,metaspace   ] GC(346) Metaspace: 35052K(35776K)->35052K(35776K) NonClass: 28792K(29312K)->28792K(29312K) Class: 6260K(6464K)->6260K(6464K)
[145.378s][info][gc             ] GC(346) Pause Young (Allocation Failure) 705M->428M(730M) 2.533ms
[145.378s][info][gc,cpu         ] GC(346) User=0.00s Sys=0.00s Real=0.01s
[145.859s][info][gc,start       ] GC(347) Pause Young (Allocation Failure)
[145.861s][info][gc,heap        ] GC(347) PSYoungGen: 284192K(308224K)->64K(307200K) Eden: 284160K(284160K)->0K(284160K) From: 32K(24064K)->64K(23040K)
[145.861s][info][gc,heap        ] GC(347) ParOldGen: 438822K(439296K)->438838K(439296K)
[145.861s][info][gc,metaspace   ] GC(347) Metaspace: 35052K(35776K)->35052K(35776K) NonClass: 28792K(29312K)->28792K(29312K) Class: 6260K(6464K)->6260K(6464K)
[145.861s][info][gc             ] GC(347) Pause Young (Allocation Failure) 706M->428M(729M) 1.876ms
[145.861s][info][gc,cpu         ] GC(347) User=0.00s Sys=0.00s Real=0.00s
[146.083s][info][gc,start       ] GC(348) Pause Young (Allocation Failure)
[146.085s][info][gc,heap        ] GC(348) PSYoungGen: 284224K(307200K)->64K(309760K) Eden: 284160K(284160K)->0K(287744K) From: 64K(23040K)->64K(22016K)
[146.085s][info][gc,heap        ] GC(348) ParOldGen: 438838K(439296K)->438854K(439296K)
[146.085s][info][gc,metaspace   ] GC(348) Metaspace: 35052K(35776K)->35052K(35776K) NonClass: 28792K(29312K)->28792K(29312K) Class: 6260K(6464K)->6260K(6464K)
[146.085s][info][gc             ] GC(348) Pause Young (Allocation Failure) 706M->428M(731M) 1.673ms
[146.085s][info][gc,cpu         ] GC(348) User=0.00s Sys=0.00s Real=0.00s
[146.309s][info][gc,start       ] GC(349) Pause Young (Allocation Failure)
[146.310s][info][gc,heap        ] GC(349) PSYoungGen: 287808K(309760K)->64K(308736K) Eden: 287744K(287744K)->0K(287744K) From: 64K(22016K)->64K(20992K)
[146.310s][info][gc,heap        ] GC(349) ParOldGen: 438854K(439296K)->438854K(439296K)
[146.310s][info][gc,metaspace   ] GC(349) Metaspace: 35052K(35776K)->35052K(35776K) NonClass: 28792K(29312K)->28792K(29312K) Class: 6260K(6464K)->6260K(6464K)
[146.311s][info][gc             ] GC(349) Pause Young (Allocation Failure) 709M->428M(730M) 1.675ms
[146.311s][info][gc,cpu         ] GC(349) User=0.00s Sys=0.00s Real=0.00s
[146.652s][info][gc,start       ] GC(350) Pause Young (Allocation Failure)
[146.653s][info][gc,heap        ] GC(350) PSYoungGen: 287808K(308736K)->64K(311808K) Eden: 287744K(287744K)->0K(291840K) From: 64K(20992K)->64K(19968K)
[146.653s][info][gc,heap        ] GC(350) ParOldGen: 438854K(439296K)->438854K(439296K)
[146.654s][info][gc,metaspace   ] GC(350) Metaspace: 35052K(35776K)->35052K(35776K) NonClass: 28792K(29312K)->28792K(29312K) Class: 6260K(6464K)->6260K(6464K)
[146.654s][info][gc             ] GC(350) Pause Young (Allocation Failure) 709M->428M(733M) 1.787ms
[146.654s][info][gc,cpu         ] GC(350) User=0.00s Sys=0.00s Real=0.00s
[146.710s][info][gc,start       ] GC(351) Pause Young (Allocation Failure)
[146.712s][info][gc,heap        ] GC(351) PSYoungGen: 291904K(311808K)->64K(310784K) Eden: 291840K(291840K)->0K(291840K) From: 64K(19968K)->64K(18944K)
[146.712s][info][gc,heap        ] GC(351) ParOldGen: 438854K(439296K)->438870K(439296K)
[146.712s][info][gc,metaspace   ] GC(351) Metaspace: 35052K(35776K)->35052K(35776K) NonClass: 28792K(29312K)->28792K(29312K) Class: 6260K(6464K)->6260K(6464K)
[146.712s][info][gc             ] GC(351) Pause Young (Allocation Failure) 713M->428M(732M) 1.754ms
[146.712s][info][gc,cpu         ] GC(351) User=0.00s Sys=0.00s Real=0.00s
[146.768s][info][gc,start       ] GC(352) Pause Young (Allocation Failure)
[146.770s][info][gc,heap        ] GC(352) PSYoungGen: 291904K(310784K)->32K(313856K) Eden: 291840K(291840K)->0K(295936K) From: 64K(18944K)->32K(17920K)
[146.770s][info][gc,heap        ] GC(352) ParOldGen: 438870K(439296K)->438870K(439296K)
[146.770s][info][gc,metaspace   ] GC(352) Metaspace: 35052K(35776K)->35052K(35776K) NonClass: 28792K(29312K)->28792K(29312K) Class: 6260K(6464K)->6260K(6464K)
[146.770s][info][gc             ] GC(352) Pause Young (Allocation Failure) 713M->428M(735M) 2.216ms
[146.770s][info][gc,cpu         ] GC(352) User=0.00s Sys=0.00s Real=0.00s
[147.002s][info][gc,start       ] GC(353) Pause Young (Allocation Failure)
[147.003s][info][gc,heap        ] GC(353) PSYoungGen: 295968K(313856K)->64K(312832K) Eden: 295936K(295936K)->0K(295936K) From: 32K(17920K)->64K(16896K)
[147.003s][info][gc,heap        ] GC(353) ParOldGen: 438870K(439296K)->438870K(439296K)
[147.003s][info][gc,metaspace   ] GC(353) Metaspace: 35052K(35776K)->35052K(35776K) NonClass: 28792K(29312K)->28792K(29312K) Class: 6260K(6464K)->6260K(6464K)
[147.003s][info][gc             ] GC(353) Pause Young (Allocation Failure) 717M->428M(734M) 1.793ms
[147.003s][info][gc,cpu         ] GC(353) User=0.01s Sys=0.00s Real=0.00s
[147.235s][info][gc,start       ] GC(354) Pause Young (Allocation Failure)
[147.238s][info][gc,heap        ] GC(354) PSYoungGen: 296000K(312832K)->32K(315392K) Eden: 295936K(295936K)->0K(299520K) From: 64K(16896K)->32K(15872K)
[147.238s][info][gc,heap        ] GC(354) ParOldGen: 438870K(439296K)->438886K(439296K)
[147.238s][info][gc,metaspace   ] GC(354) Metaspace: 35052K(35776K)->35052K(35776K) NonClass: 28792K(29312K)->28792K(29312K) Class: 6260K(6464K)->6260K(6464K)
[147.238s][info][gc             ] GC(354) Pause Young (Allocation Failure) 717M->428M(737M) 2.524ms
[147.238s][info][gc,cpu         ] GC(354) User=0.00s Sys=0.00s Real=0.01s
[147.353s][info][gc,start       ] GC(355) Pause Young (Allocation Failure)
[147.355s][info][gc,heap        ] GC(355) PSYoungGen: 299552K(315392K)->32K(314880K) Eden: 299520K(299520K)->0K(299520K) From: 32K(15872K)->32K(15360K)
[147.355s][info][gc,heap        ] GC(355) ParOldGen: 438886K(439296K)->438894K(439296K)
[147.355s][info][gc,metaspace   ] GC(355) Metaspace: 35052K(35776K)->35052K(35776K) NonClass: 28792K(29312K)->28792K(29312K) Class: 6260K(6464K)->6260K(6464K)
[147.355s][info][gc             ] GC(355) Pause Young (Allocation Failure) 721M->428M(736M) 2.672ms
[147.355s][info][gc,cpu         ] GC(355) User=0.01s Sys=0.00s Real=0.00s
[147.475s][info][gc,start       ] GC(356) Pause Young (Allocation Failure)
[147.477s][info][gc,heap        ] GC(356) PSYoungGen: 299552K(314880K)->32K(317440K) Eden: 299520K(299520K)->0K(303616K) From: 32K(15360K)->32K(13824K)
[147.477s][info][gc,heap        ] GC(356) ParOldGen: 438894K(439296K)->438902K(439296K)
[147.477s][info][gc,metaspace   ] GC(356) Metaspace: 35052K(35776K)->35052K(35776K) NonClass: 28792K(29312K)->28792K(29312K) Class: 6260K(6464K)->6260K(6464K)
[147.477s][info][gc             ] GC(356) Pause Young (Allocation Failure) 721M->428M(739M) 2.274ms
[147.477s][info][gc,cpu         ] GC(356) User=0.00s Sys=0.00s Real=0.01s
[147.765s][info][gc,start       ] GC(357) Pause Young (Allocation Failure)
[147.767s][info][gc,heap        ] GC(357) PSYoungGen: 303648K(317440K)->32K(316928K) Eden: 303616K(303616K)->0K(303616K) From: 32K(13824K)->32K(13312K)
[147.767s][info][gc,heap        ] GC(357) ParOldGen: 438902K(439296K)->438910K(439296K)
[147.767s][info][gc,metaspace   ] GC(357) Metaspace: 35052K(35776K)->35052K(35776K) NonClass: 28792K(29312K)->28792K(29312K) Class: 6260K(6464K)->6260K(6464K)
[147.767s][info][gc             ] GC(357) Pause Young (Allocation Failure) 725M->428M(738M) 2.358ms
[147.767s][info][gc,cpu         ] GC(357) User=0.00s Sys=0.00s Real=0.01s
[148.724s][info][gc,start       ] GC(358) Pause Young (Allocation Failure)
[148.727s][info][gc,heap        ] GC(358) PSYoungGen: 303648K(316928K)->51K(319488K) Eden: 303616K(303616K)->0K(307200K) From: 32K(13312K)->51K(12288K)
[148.727s][info][gc,heap        ] GC(358) ParOldGen: 438910K(439296K)->438918K(439296K)
[148.727s][info][gc,metaspace   ] GC(358) Metaspace: 35052K(35776K)->35052K(35776K) NonClass: 28792K(29312K)->28792K(29312K) Class: 6260K(6464K)->6260K(6464K)
[148.727s][info][gc             ] GC(358) Pause Young (Allocation Failure) 725M->428M(741M) 2.506ms
[148.727s][info][gc,cpu         ] GC(358) User=0.00s Sys=0.00s Real=0.01s
[149.752s][info][gc,start       ] GC(359) Pause Young (Allocation Failure)
[149.755s][info][gc,heap        ] GC(359) PSYoungGen: 307251K(319488K)->32K(295424K) Eden: 307200K(307200K)->0K(294912K) From: 51K(12288K)->32K(512K)
[149.755s][info][gc,heap        ] GC(359) ParOldGen: 438918K(439296K)->438926K(439296K)
[149.755s][info][gc,metaspace   ] GC(359) Metaspace: 35052K(35776K)->35052K(35776K) NonClass: 28792K(29312K)->28792K(29312K) Class: 6260K(6464K)->6260K(6464K)
[149.755s][info][gc             ] GC(359) Pause Young (Allocation Failure) 728M->428M(717M) 3.146ms
[149.755s][info][gc,cpu         ] GC(359) User=0.00s Sys=0.00s Real=0.00s
[150.207s][info][gc,start       ] GC(360) Pause Young (Allocation Failure)
[150.209s][info][gc,heap        ] GC(360) PSYoungGen: 294944K(295424K)->64K(283648K) Eden: 294912K(294912K)->0K(283136K) From: 32K(512K)->64K(512K)
[150.209s][info][gc,heap        ] GC(360) ParOldGen: 438926K(439296K)->438934K(439296K)
[150.209s][info][gc,metaspace   ] GC(360) Metaspace: 35052K(35776K)->35052K(35776K) NonClass: 28792K(29312K)->28792K(29312K) Class: 6260K(6464K)->6260K(6464K)
[150.209s][info][gc             ] GC(360) Pause Young (Allocation Failure) 716M->428M(706M) 2.480ms
[150.209s][info][gc,cpu         ] GC(360) User=0.00s Sys=0.00s Real=0.00s
[151.297s][info][gc,start       ] GC(361) Pause Young (Allocation Failure)
[151.299s][info][gc,heap        ] GC(361) PSYoungGen: 283200K(283648K)->64K(282112K) Eden: 283136K(283136K)->0K(271872K) From: 64K(512K)->64K(10240K)
[151.299s][info][gc,heap        ] GC(361) ParOldGen: 438934K(439296K)->438942K(439296K)
[151.299s][info][gc,metaspace   ] GC(361) Metaspace: 35052K(35776K)->35052K(35776K) NonClass: 28792K(29312K)->28792K(29312K) Class: 6260K(6464K)->6260K(6464K)
[151.299s][info][gc             ] GC(361) Pause Young (Allocation Failure) 705M->428M(704M) 1.689ms
[151.299s][info][gc,cpu         ] GC(361) User=0.01s Sys=0.00s Real=0.00s
[151.536s][info][gc,start       ] GC(362) Pause Young (Allocation Failure)
[151.539s][info][gc,heap        ] GC(362) PSYoungGen: 271936K(282112K)->64K(261632K) Eden: 271872K(271872K)->0K(261120K) From: 64K(10240K)->64K(512K)
[151.539s][info][gc,heap        ] GC(362) ParOldGen: 438942K(439296K)->438950K(439296K)
[151.539s][info][gc,metaspace   ] GC(362) Metaspace: 35052K(35776K)->35052K(35776K) NonClass: 28792K(29312K)->28792K(29312K) Class: 6260K(6464K)->6260K(6464K)
[151.539s][info][gc             ] GC(362) Pause Young (Allocation Failure) 694M->428M(684M) 2.732ms
[151.539s][info][gc,cpu         ] GC(362) User=0.00s Sys=0.01s Real=0.01s
[151.918s][info][gc,start       ] GC(363) Pause Young (Allocation Failure)
[151.920s][info][gc,heap        ] GC(363) PSYoungGen: 261184K(261632K)->64K(259584K) Eden: 261120K(261120K)->0K(250880K) From: 64K(512K)->64K(8704K)
[151.920s][info][gc,heap        ] GC(363) ParOldGen: 438950K(439296K)->438958K(439296K)
[151.920s][info][gc,metaspace   ] GC(363) Metaspace: 35052K(35776K)->35052K(35776K) NonClass: 28792K(29312K)->28792K(29312K) Class: 6260K(6464K)->6260K(6464K)
[151.920s][info][gc             ] GC(363) Pause Young (Allocation Failure) 683M->428M(682M) 1.884ms
[151.920s][info][gc,cpu         ] GC(363) User=0.00s Sys=0.00s Real=0.00s
[151.994s][info][gc,start       ] GC(364) Pause Young (Allocation Failure)
[151.998s][info][gc,heap        ] GC(364) PSYoungGen: 250944K(259584K)->32K(292352K) Eden: 250880K(250880K)->0K(284160K) From: 64K(8704K)->32K(8192K)
[151.998s][info][gc,heap        ] GC(364) ParOldGen: 438958K(439296K)->438966K(439296K)
[151.998s][info][gc,metaspace   ] GC(364) Metaspace: 35052K(35776K)->35052K(35776K) NonClass: 28792K(29312K)->28792K(29312K) Class: 6260K(6464K)->6260K(6464K)
[151.998s][info][gc             ] GC(364) Pause Young (Allocation Failure) 673M->428M(714M) 3.246ms
[151.998s][info][gc,cpu         ] GC(364) User=0.00s Sys=0.00s Real=0.01s
[152.656s][info][gc,start       ] GC(365) Pause Young (Allocation Failure)
[152.658s][info][gc,heap        ] GC(365) PSYoungGen: 284192K(292352K)->64K(291840K) Eden: 284160K(284160K)->0K(284160K) From: 32K(8192K)->64K(7680K)
[152.658s][info][gc,heap        ] GC(365) ParOldGen: 438966K(439296K)->438974K(439296K)
[152.658s][info][gc,metaspace   ] GC(365) Metaspace: 35052K(35776K)->35052K(35776K) NonClass: 28792K(29312K)->28792K(29312K) Class: 6260K(6464K)->6260K(6464K)
[152.658s][info][gc             ] GC(365) Pause Young (Allocation Failure) 706M->428M(714M) 1.759ms
[152.658s][info][gc,cpu         ] GC(365) User=0.00s Sys=0.00s Real=0.01s
[153.026s][info][gc,start       ] GC(366) Pause Young (Allocation Failure)
[153.027s][info][gc,heap        ] GC(366) PSYoungGen: 284224K(291840K)->64K(273408K) Eden: 284160K(284160K)->0K(272896K) From: 64K(7680K)->64K(512K)
[153.027s][info][gc,heap        ] GC(366) ParOldGen: 438974K(439296K)->438982K(439296K)
[153.027s][info][gc,metaspace   ] GC(366) Metaspace: 35052K(35776K)->35052K(35776K) NonClass: 28792K(29312K)->28792K(29312K) Class: 6260K(6464K)->6260K(6464K)
[153.028s][info][gc             ] GC(366) Pause Young (Allocation Failure) 706M->428M(696M) 1.738ms
[153.028s][info][gc,cpu         ] GC(366) User=0.01s Sys=0.00s Real=0.01s
[153.396s][info][gc,start       ] GC(367) Pause Young (Allocation Failure)
[153.449s][info][gc,heap        ] GC(367) PSYoungGen: 272960K(273408K)->6656K(318976K) Eden: 272896K(272896K)->0K(312320K) From: 64K(512K)->6656K(6656K)
[153.449s][info][gc,heap        ] GC(367) ParOldGen: 438982K(439296K)->455966K(456192K)
[153.449s][info][gc,metaspace   ] GC(367) Metaspace: 35052K(35776K)->35052K(35776K) NonClass: 28792K(29312K)->28792K(29312K) Class: 6260K(6464K)->6260K(6464K)
[153.449s][info][gc             ] GC(367) Pause Young (Allocation Failure) 695M->451M(757M) 53.205ms
[153.449s][info][gc,cpu         ] GC(367) User=0.09s Sys=0.02s Real=0.06s
[153.813s][info][gc,start       ] GC(368) Pause Young (Allocation Failure)
[153.898s][info][gc,heap        ] GC(368) PSYoungGen: 318976K(318976K)->14336K(299008K) Eden: 312320K(312320K)->0K(284672K) From: 6656K(6656K)->14336K(14336K)
[153.898s][info][gc,heap        ] GC(368) ParOldGen: 455966K(456192K)->475206K(475648K)
[153.898s][info][gc,metaspace   ] GC(368) Metaspace: 35052K(35776K)->35052K(35776K) NonClass: 28792K(29312K)->28792K(29312K) Class: 6260K(6464K)->6260K(6464K)
[153.898s][info][gc             ] GC(368) Pause Young (Allocation Failure) 756M->478M(756M) 85.245ms
[153.898s][info][gc,cpu         ] GC(368) User=0.14s Sys=0.03s Real=0.09s
[154.078s][info][gc,start       ] GC(369) Pause Young (Allocation Failure)
[154.103s][info][gc,heap        ] GC(369) PSYoungGen: 299008K(299008K)->12416K(297472K) Eden: 284672K(284672K)->0K(284672K) From: 14336K(14336K)->12416K(12800K)
[154.103s][info][gc,heap        ] GC(369) ParOldGen: 475206K(475648K)->475910K(476160K)
[154.103s][info][gc,metaspace   ] GC(369) Metaspace: 35052K(35776K)->35052K(35776K) NonClass: 28792K(29312K)->28792K(29312K) Class: 6260K(6464K)->6260K(6464K)
[154.103s][info][gc             ] GC(369) Pause Young (Allocation Failure) 756M->476M(755M) 25.735ms
[154.103s][info][gc,cpu         ] GC(369) User=0.05s Sys=0.00s Real=0.02s
[154.489s][info][gc,start       ] GC(370) Pause Young (Allocation Failure)
[154.491s][info][gc,heap        ] GC(370) PSYoungGen: 297088K(297472K)->64K(309248K) Eden: 284672K(284672K)->0K(284160K) From: 12416K(12800K)->64K(25088K)
[154.491s][info][gc,heap        ] GC(370) ParOldGen: 475910K(476160K)->475918K(476160K)
[154.491s][info][gc,metaspace   ] GC(370) Metaspace: 35052K(35776K)->35052K(35776K) NonClass: 28792K(29312K)->28792K(29312K) Class: 6260K(6464K)->6260K(6464K)
[154.491s][info][gc             ] GC(370) Pause Young (Allocation Failure) 754M->464M(767M) 1.748ms
[154.491s][info][gc,cpu         ] GC(370) User=0.00s Sys=0.00s Real=0.00s
[155.136s][info][gc,start       ] GC(371) Pause Young (Allocation Failure)
[155.137s][info][gc,heap        ] GC(371) PSYoungGen: 284224K(309248K)->64K(284672K) Eden: 284160K(284160K)->0K(284160K) From: 64K(25088K)->64K(512K)
[155.138s][info][gc,heap        ] GC(371) ParOldGen: 475918K(476160K)->475926K(476160K)
[155.138s][info][gc,metaspace   ] GC(371) Metaspace: 35053K(35776K)->35053K(35776K) NonClass: 28793K(29312K)->28793K(29312K) Class: 6260K(6464K)->6260K(6464K)
[155.138s][info][gc             ] GC(371) Pause Young (Allocation Failure) 742M->464M(743M) 1.916ms
[155.138s][info][gc,cpu         ] GC(371) User=0.01s Sys=0.01s Real=0.01s
[155.599s][info][gc,start       ] GC(372) Pause Young (Allocation Failure)
[155.601s][info][gc,heap        ] GC(372) PSYoungGen: 284224K(284672K)->64K(308224K) Eden: 284160K(284160K)->0K(284672K) From: 64K(512K)->64K(23552K)
[155.601s][info][gc,heap        ] GC(372) ParOldGen: 475926K(476160K)->475942K(476160K)
[155.601s][info][gc,metaspace   ] GC(372) Metaspace: 35053K(35776K)->35053K(35776K) NonClass: 28793K(29312K)->28793K(29312K) Class: 6260K(6464K)->6260K(6464K)
[155.601s][info][gc             ] GC(372) Pause Young (Allocation Failure) 742M->464M(766M) 1.784ms
[155.601s][info][gc,cpu         ] GC(372) User=0.00s Sys=0.00s Real=0.00s
[155.807s][info][gc,start       ] GC(373) Pause Young (Allocation Failure)
[155.809s][info][gc,heap        ] GC(373) PSYoungGen: 284736K(308224K)->64K(307712K) Eden: 284672K(284672K)->0K(284672K) From: 64K(23552K)->64K(23040K)
[155.809s][info][gc,heap        ] GC(373) ParOldGen: 475942K(476160K)->475958K(476160K)
[155.809s][info][gc,metaspace   ] GC(373) Metaspace: 35053K(35776K)->35053K(35776K) NonClass: 28793K(29312K)->28793K(29312K) Class: 6260K(6464K)->6260K(6464K)
[155.809s][info][gc             ] GC(373) Pause Young (Allocation Failure) 742M->464M(765M) 1.842ms
[155.809s][info][gc,cpu         ] GC(373) User=0.01s Sys=0.00s Real=0.00s
[156.016s][info][gc,start       ] GC(374) Pause Young (Allocation Failure)
[156.018s][info][gc,heap        ] GC(374) PSYoungGen: 284736K(307712K)->64K(309760K) Eden: 284672K(284672K)->0K(288256K) From: 64K(23040K)->64K(21504K)
[156.018s][info][gc,heap        ] GC(374) ParOldGen: 475958K(476160K)->475958K(476160K)
[156.018s][info][gc,metaspace   ] GC(374) Metaspace: 35053K(35776K)->35053K(35776K) NonClass: 28793K(29312K)->28793K(29312K) Class: 6260K(6464K)->6260K(6464K)
[156.018s][info][gc             ] GC(374) Pause Young (Allocation Failure) 742M->464M(767M) 1.851ms
[156.018s][info][gc,cpu         ] GC(374) User=0.00s Sys=0.00s Real=0.01s
[156.359s][info][gc,start       ] GC(375) Pause Young (Allocation Failure)
[156.360s][info][gc,heap        ] GC(375) PSYoungGen: 288320K(309760K)->64K(309248K) Eden: 288256K(288256K)->0K(288256K) From: 64K(21504K)->64K(20992K)
[156.360s][info][gc,heap        ] GC(375) ParOldGen: 475958K(476160K)->475958K(476160K)
[156.360s][info][gc,metaspace   ] GC(375) Metaspace: 35053K(35776K)->35053K(35776K) NonClass: 28793K(29312K)->28793K(29312K) Class: 6260K(6464K)->6260K(6464K)
[156.360s][info][gc             ] GC(375) Pause Young (Allocation Failure) 746M->464M(767M) 1.752ms
[156.360s][info][gc,cpu         ] GC(375) User=0.01s Sys=0.00s Real=0.00s
[156.492s][info][gc,start       ] GC(376) Pause Young (Allocation Failure)
[156.494s][info][gc,heap        ] GC(376) PSYoungGen: 288320K(309248K)->64K(311808K) Eden: 288256K(288256K)->0K(292352K) From: 64K(20992K)->64K(19456K)
[156.494s][info][gc,heap        ] GC(376) ParOldGen: 475958K(476160K)->475966K(476160K)
[156.494s][info][gc,metaspace   ] GC(376) Metaspace: 35055K(35776K)->35055K(35776K) NonClass: 28794K(29312K)->28794K(29312K) Class: 6260K(6464K)->6260K(6464K)
[156.494s][info][gc             ] GC(376) Pause Young (Allocation Failure) 746M->464M(769M) 1.814ms
[156.494s][info][gc,cpu         ] GC(376) User=0.00s Sys=0.00s Real=0.00s
[156.548s][info][gc,start       ] GC(377) Pause Young (Allocation Failure)
[156.550s][info][gc,heap        ] GC(377) PSYoungGen: 292416K(311808K)->64K(311296K) Eden: 292352K(292352K)->0K(292352K) From: 64K(19456K)->64K(18944K)
[156.550s][info][gc,heap        ] GC(377) ParOldGen: 475966K(476160K)->475982K(476160K)
[156.550s][info][gc,metaspace   ] GC(377) Metaspace: 35055K(35776K)->35055K(35776K) NonClass: 28794K(29312K)->28794K(29312K) Class: 6260K(6464K)->6260K(6464K)
[156.550s][info][gc             ] GC(377) Pause Young (Allocation Failure) 750M->464M(769M) 1.705ms
[156.550s][info][gc,cpu         ] GC(377) User=0.01s Sys=0.00s Real=0.00s
[156.662s][info][gc,start       ] GC(378) Pause Young (Allocation Failure)
[156.664s][info][gc,heap        ] GC(378) PSYoungGen: 292416K(311296K)->64K(313856K) Eden: 292352K(292352K)->0K(296448K) From: 64K(18944K)->64K(17408K)
[156.664s][info][gc,heap        ] GC(378) ParOldGen: 475982K(476160K)->475982K(476160K)
[156.664s][info][gc,metaspace   ] GC(378) Metaspace: 35055K(35776K)->35055K(35776K) NonClass: 28794K(29312K)->28794K(29312K) Class: 6260K(6464K)->6260K(6464K)
[156.664s][info][gc             ] GC(378) Pause Young (Allocation Failure) 750M->464M(771M) 1.698ms
[156.664s][info][gc,cpu         ] GC(378) User=0.00s Sys=0.00s Real=0.00s
[156.882s][info][gc,start       ] GC(379) Pause Young (Allocation Failure)
[156.884s][info][gc,heap        ] GC(379) PSYoungGen: 296512K(313856K)->64K(313344K) Eden: 296448K(296448K)->0K(296448K) From: 64K(17408K)->64K(16896K)
[156.884s][info][gc,heap        ] GC(379) ParOldGen: 475982K(476160K)->475990K(476160K)
[156.884s][info][gc,metaspace   ] GC(379) Metaspace: 35055K(35776K)->35055K(35776K) NonClass: 28794K(29312K)->28794K(29312K) Class: 6260K(6464K)->6260K(6464K)
[156.884s][info][gc             ] GC(379) Pause Young (Allocation Failure) 754M->464M(771M) 1.735ms
[156.884s][info][gc,cpu         ] GC(379) User=0.00s Sys=0.00s Real=0.00s
[157.059s][info][gc,start       ] GC(380) Pause Young (Allocation Failure)
[157.061s][info][gc,heap        ] GC(380) PSYoungGen: 296512K(313344K)->64K(315904K) Eden: 296448K(296448K)->0K(300544K) From: 64K(16896K)->64K(15360K)
[157.061s][info][gc,heap        ] GC(380) ParOldGen: 475990K(476160K)->475998K(476160K)
[157.061s][info][gc,metaspace   ] GC(380) Metaspace: 35057K(35776K)->35057K(35776K) NonClass: 28797K(29312K)->28797K(29312K) Class: 6260K(6464K)->6260K(6464K)
[157.061s][info][gc             ] GC(380) Pause Young (Allocation Failure) 754M->464M(773M) 1.867ms
[157.061s][info][gc,cpu         ] GC(380) User=0.00s Sys=0.00s Real=0.00s
[157.143s][info][gc,start       ] GC(381) Pause Young (Allocation Failure)
[157.145s][info][gc,heap        ] GC(381) PSYoungGen: 300608K(315904K)->64K(315392K) Eden: 300544K(300544K)->0K(300544K) From: 64K(15360K)->64K(14848K)
[157.145s][info][gc,heap        ] GC(381) ParOldGen: 475998K(476160K)->476014K(476160K)
[157.145s][info][gc,metaspace   ] GC(381) Metaspace: 35057K(35776K)->35057K(35776K) NonClass: 28797K(29312K)->28797K(29312K) Class: 6260K(6464K)->6260K(6464K)
[157.145s][info][gc             ] GC(381) Pause Young (Allocation Failure) 758M->464M(773M) 1.760ms
[157.145s][info][gc,cpu         ] GC(381) User=0.00s Sys=0.00s Real=0.00s
[157.293s][info][gc,start       ] GC(382) Pause Young (Allocation Failure)
[157.294s][info][gc,heap        ] GC(382) PSYoungGen: 300608K(315392K)->64K(317952K) Eden: 300544K(300544K)->0K(304128K) From: 64K(14848K)->64K(13824K)
[157.294s][info][gc,heap        ] GC(382) ParOldGen: 476014K(476160K)->476014K(476160K)
[157.294s][info][gc,metaspace   ] GC(382) Metaspace: 35057K(35776K)->35057K(35776K) NonClass: 28797K(29312K)->28797K(29312K) Class: 6260K(6464K)->6260K(6464K)
[157.294s][info][gc             ] GC(382) Pause Young (Allocation Failure) 758M->464M(775M) 1.705ms
[157.294s][info][gc,cpu         ] GC(382) User=0.00s Sys=0.00s Real=0.00s
[157.711s][info][gc,start       ] GC(383) Pause Young (Allocation Failure)
[157.713s][info][gc,heap        ] GC(383) PSYoungGen: 304192K(317952K)->64K(317440K) Eden: 304128K(304128K)->0K(304128K) From: 64K(13824K)->64K(13312K)
[157.713s][info][gc,heap        ] GC(383) ParOldGen: 476014K(476160K)->476022K(476160K)
[157.713s][info][gc,metaspace   ] GC(383) Metaspace: 35057K(35776K)->35057K(35776K) NonClass: 28797K(29312K)->28797K(29312K) Class: 6260K(6464K)->6260K(6464K)
[157.713s][info][gc             ] GC(383) Pause Young (Allocation Failure) 761M->464M(775M) 1.756ms
[157.713s][info][gc,cpu         ] GC(383) User=0.00s Sys=0.00s Real=0.00s
[159.101s][info][gc,start       ] GC(384) Pause Young (Allocation Failure)
[159.103s][info][gc,heap        ] GC(384) PSYoungGen: 304192K(317440K)->64K(292352K) Eden: 304128K(304128K)->0K(291840K) From: 64K(13312K)->64K(512K)
[159.103s][info][gc,heap        ] GC(384) ParOldGen: 476022K(476160K)->476030K(476160K)
[159.103s][info][gc,metaspace   ] GC(384) Metaspace: 35057K(35776K)->35057K(35776K) NonClass: 28797K(29312K)->28797K(29312K) Class: 6260K(6464K)->6260K(6464K)
[159.103s][info][gc             ] GC(384) Pause Young (Allocation Failure) 761M->464M(750M) 2.760ms
[159.103s][info][gc,cpu         ] GC(384) User=0.01s Sys=0.00s Real=0.00s
[159.393s][info][gc,start       ] GC(385) Pause Young (Allocation Failure)
[159.395s][info][gc,heap        ] GC(385) PSYoungGen: 291904K(292352K)->64K(291840K) Eden: 291840K(291840K)->0K(280064K) From: 64K(512K)->64K(11776K)
[159.395s][info][gc,heap        ] GC(385) ParOldGen: 476030K(476160K)->476038K(476160K)
[159.395s][info][gc,metaspace   ] GC(385) Metaspace: 35057K(35776K)->35057K(35776K) NonClass: 28797K(29312K)->28797K(29312K) Class: 6260K(6464K)->6260K(6464K)
[159.395s][info][gc             ] GC(385) Pause Young (Allocation Failure) 749M->464M(750M) 1.803ms
[159.395s][info][gc,cpu         ] GC(385) User=0.01s Sys=0.00s Real=0.00s
[159.884s][info][gc,start       ] GC(386) Pause Young (Allocation Failure)
[159.888s][info][gc,heap        ] GC(386) PSYoungGen: 280128K(291840K)->64K(269312K) Eden: 280064K(280064K)->0K(268800K) From: 64K(11776K)->64K(512K)
[159.888s][info][gc,heap        ] GC(386) ParOldGen: 476038K(476160K)->476054K(476160K)
[159.888s][info][gc,metaspace   ] GC(386) Metaspace: 35057K(35776K)->35057K(35776K) NonClass: 28797K(29312K)->28797K(29312K) Class: 6260K(6464K)->6260K(6464K)
[159.888s][info][gc             ] GC(386) Pause Young (Allocation Failure) 738M->464M(728M) 3.903ms
[159.888s][info][gc,cpu         ] GC(386) User=0.01s Sys=0.01s Real=0.01s
[160.898s][info][gc,start       ] GC(387) Pause Young (Allocation Failure)
[160.900s][info][gc,heap        ] GC(387) PSYoungGen: 268864K(269312K)->64K(268288K) Eden: 268800K(268800K)->0K(258048K) From: 64K(512K)->64K(10240K)
[160.900s][info][gc,heap        ] GC(387) ParOldGen: 476054K(476160K)->476062K(476160K)
[160.900s][info][gc,metaspace   ] GC(387) Metaspace: 35057K(35776K)->35057K(35776K) NonClass: 28797K(29312K)->28797K(29312K) Class: 6260K(6464K)->6260K(6464K)
[160.900s][info][gc             ] GC(387) Pause Young (Allocation Failure) 727M->464M(727M) 1.858ms
[160.900s][info][gc,cpu         ] GC(387) User=0.01s Sys=0.00s Real=0.00s
[161.330s][info][gc,start       ] GC(388) Pause Young (Allocation Failure)
[161.332s][info][gc,heap        ] GC(388) PSYoungGen: 258112K(268288K)->64K(248320K) Eden: 258048K(258048K)->0K(247808K) From: 64K(10240K)->64K(512K)
[161.332s][info][gc,heap        ] GC(388) ParOldGen: 476062K(476160K)->476070K(476160K)
[161.332s][info][gc,metaspace   ] GC(388) Metaspace: 35057K(35776K)->35057K(35776K) NonClass: 28797K(29312K)->28797K(29312K) Class: 6260K(6464K)->6260K(6464K)
[161.332s][info][gc             ] GC(388) Pause Young (Allocation Failure) 716M->464M(707M) 2.761ms
[161.332s][info][gc,cpu         ] GC(388) User=0.01s Sys=0.00s Real=0.00s
[161.520s][info][gc,start       ] GC(389) Pause Young (Allocation Failure)
[161.521s][info][gc,heap        ] GC(389) PSYoungGen: 247872K(248320K)->64K(246784K) Eden: 247808K(247808K)->0K(238080K) From: 64K(512K)->64K(8704K)
[161.521s][info][gc,heap        ] GC(389) ParOldGen: 476070K(476160K)->476078K(476160K)
[161.521s][info][gc,metaspace   ] GC(389) Metaspace: 35057K(35776K)->35057K(35776K) NonClass: 28797K(29312K)->28797K(29312K) Class: 6260K(6464K)->6260K(6464K)
[161.521s][info][gc             ] GC(389) Pause Young (Allocation Failure) 706M->464M(706M) 1.821ms
[161.521s][info][gc,cpu         ] GC(389) User=0.01s Sys=0.00s Real=0.00s
[161.612s][info][gc,start       ] GC(390) Pause Young (Allocation Failure)
[161.614s][info][gc,heap        ] GC(390) PSYoungGen: 238144K(246784K)->64K(229376K) Eden: 238080K(238080K)->0K(228864K) From: 64K(8704K)->64K(512K)
[161.614s][info][gc,heap        ] GC(390) ParOldGen: 476078K(476160K)->476086K(476160K)
[161.614s][info][gc,metaspace   ] GC(390) Metaspace: 35057K(35776K)->35057K(35776K) NonClass: 28797K(29312K)->28797K(29312K) Class: 6260K(6464K)->6260K(6464K)
[161.614s][info][gc             ] GC(390) Pause Young (Allocation Failure) 697M->464M(689M) 2.405ms
[161.614s][info][gc,cpu         ] GC(390) User=0.00s Sys=0.00s Real=0.00s
[162.230s][info][gc,start       ] GC(391) Pause Young (Allocation Failure)
[162.232s][info][gc,heap        ] GC(391) PSYoungGen: 228928K(229376K)->64K(227840K) Eden: 228864K(228864K)->0K(220160K) From: 64K(512K)->64K(7680K)
[162.232s][info][gc,heap        ] GC(391) ParOldGen: 476086K(476160K)->476094K(476160K)
[162.232s][info][gc,metaspace   ] GC(391) Metaspace: 35057K(35776K)->35057K(35776K) NonClass: 28797K(29312K)->28797K(29312K) Class: 6260K(6464K)->6260K(6464K)
[162.232s][info][gc             ] GC(391) Pause Young (Allocation Failure) 688M->464M(687M) 1.769ms
[162.232s][info][gc,cpu         ] GC(391) User=0.00s Sys=0.00s Real=0.00s
[162.503s][info][gc,start       ] GC(392) Pause Young (Allocation Failure)
[162.506s][info][gc,heap        ] GC(392) PSYoungGen: 220224K(227840K)->64K(212480K) Eden: 220160K(220160K)->0K(211968K) From: 64K(7680K)->64K(512K)
[162.506s][info][gc,heap        ] GC(392) ParOldGen: 476094K(476160K)->476102K(476160K)
[162.506s][info][gc,metaspace   ] GC(392) Metaspace: 35057K(35776K)->35057K(35776K) NonClass: 28797K(29312K)->28797K(29312K) Class: 6260K(6464K)->6260K(6464K)
[162.506s][info][gc             ] GC(392) Pause Young (Allocation Failure) 679M->465M(672M) 2.736ms
[162.506s][info][gc,cpu         ] GC(392) User=0.01s Sys=0.00s Real=0.00s
[162.861s][info][gc,start       ] GC(393) Pause Young (Allocation Failure)
[162.883s][info][gc,heap        ] GC(393) PSYoungGen: 212032K(212480K)->6656K(261120K) Eden: 211968K(211968K)->0K(254464K) From: 64K(512K)->6656K(6656K)
[162.884s][info][gc,heap        ] GC(393) ParOldGen: 476102K(476160K)->478798K(479232K)
[162.884s][info][gc,metaspace   ] GC(393) Metaspace: 35057K(35776K)->35057K(35776K) NonClass: 28797K(29312K)->28797K(29312K) Class: 6260K(6464K)->6260K(6464K)
[162.884s][info][gc             ] GC(393) Pause Young (Allocation Failure) 672M->474M(723M) 22.373ms
[162.884s][info][gc,cpu         ] GC(393) User=0.04s Sys=0.00s Real=0.02s
[163.176s][info][gc,start       ] GC(394) Pause Young (Allocation Failure)
[163.246s][info][gc,heap        ] GC(394) PSYoungGen: 261120K(261120K)->6656K(268288K) Eden: 254464K(254464K)->0K(261632K) From: 6656K(6656K)->6656K(6656K)
[163.246s][info][gc,heap        ] GC(394) ParOldGen: 478798K(479232K)->499094K(499200K)
[163.246s][info][gc,metaspace   ] GC(394) Metaspace: 35057K(35776K)->35057K(35776K) NonClass: 28797K(29312K)->28797K(29312K) Class: 6260K(6464K)->6260K(6464K)
[163.246s][info][gc             ] GC(394) Pause Young (Allocation Failure) 722M->493M(749M) 70.078ms
[163.246s][info][gc,cpu         ] GC(394) User=0.12s Sys=0.02s Real=0.07s
[163.545s][info][gc,start       ] GC(395) Pause Young (Allocation Failure)
[163.601s][info][gc,heap        ] GC(395) PSYoungGen: 268288K(268288K)->17920K(279552K) Eden: 261632K(261632K)->0K(261632K) From: 6656K(6656K)->17920K(17920K)
[163.601s][info][gc,heap        ] GC(395) ParOldGen: 499094K(499200K)->509510K(509952K)
[163.601s][info][gc,metaspace   ] GC(395) Metaspace: 35057K(35776K)->35057K(35776K) NonClass: 28797K(29312K)->28797K(29312K) Class: 6260K(6464K)->6260K(6464K)
[163.601s][info][gc             ] GC(395) Pause Young (Allocation Failure) 749M->515M(771M) 56.851ms
[163.601s][info][gc,cpu         ] GC(395) User=0.11s Sys=0.00s Real=0.06s
[163.712s][info][gc,start       ] GC(396) Pause Young (Allocation Failure)
[163.728s][info][gc,heap        ] GC(396) PSYoungGen: 279552K(279552K)->5184K(309760K) Eden: 261632K(261632K)->0K(284160K) From: 17920K(17920K)->5184K(25600K)
[163.728s][info][gc,heap        ] GC(396) ParOldGen: 509510K(509952K)->509878K(509952K)
[163.728s][info][gc,metaspace   ] GC(396) Metaspace: 35057K(35776K)->35057K(35776K) NonClass: 28797K(29312K)->28797K(29312K) Class: 6260K(6464K)->6260K(6464K)
[163.728s][info][gc             ] GC(396) Pause Young (Allocation Failure) 770M->502M(800M) 15.886ms
[163.728s][info][gc,cpu         ] GC(396) User=0.03s Sys=0.00s Real=0.02s
[164.223s][info][gc,start       ] GC(397) Pause Young (Allocation Failure)
[164.225s][info][gc,heap        ] GC(397) PSYoungGen: 289344K(309760K)->64K(284672K) Eden: 284160K(284160K)->0K(284160K) From: 5184K(25600K)->64K(512K)
[164.225s][info][gc,heap        ] GC(397) ParOldGen: 509878K(509952K)->509886K(509952K)
[164.225s][info][gc,metaspace   ] GC(397) Metaspace: 35057K(35776K)->35057K(35776K) NonClass: 28797K(29312K)->28797K(29312K) Class: 6260K(6464K)->6260K(6464K)
[164.225s][info][gc             ] GC(397) Pause Young (Allocation Failure) 780M->497M(776M) 1.984ms
[164.225s][info][gc,cpu         ] GC(397) User=0.01s Sys=0.00s Real=0.00s
[164.800s][info][gc,start       ] GC(398) Pause Young (Allocation Failure)
[164.802s][info][gc,heap        ] GC(398) PSYoungGen: 284224K(284672K)->64K(307712K) Eden: 284160K(284160K)->0K(284672K) From: 64K(512K)->64K(23040K)
[164.802s][info][gc,heap        ] GC(398) ParOldGen: 509886K(509952K)->509894K(509952K)
[164.802s][info][gc,metaspace   ] GC(398) Metaspace: 35057K(35776K)->35057K(35776K) NonClass: 28797K(29312K)->28797K(29312K) Class: 6260K(6464K)->6260K(6464K)
[164.802s][info][gc             ] GC(398) Pause Young (Allocation Failure) 775M->498M(798M) 1.901ms
[164.802s][info][gc,cpu         ] GC(398) User=0.00s Sys=0.00s Real=0.00s
[165.236s][info][gc,start       ] GC(399) Pause Young (Allocation Failure)
[165.238s][info][gc,heap        ] GC(399) PSYoungGen: 284736K(307712K)->64K(307200K) Eden: 284672K(284672K)->0K(284672K) From: 64K(23040K)->64K(22528K)
[165.238s][info][gc,heap        ] GC(399) ParOldGen: 509894K(509952K)->509910K(509952K)
[165.238s][info][gc,metaspace   ] GC(399) Metaspace: 35057K(35776K)->35057K(35776K) NonClass: 28797K(29312K)->28797K(29312K) Class: 6260K(6464K)->6260K(6464K)
[165.238s][info][gc             ] GC(399) Pause Young (Allocation Failure) 776M->498M(798M) 1.928ms
[165.238s][info][gc,cpu         ] GC(399) User=0.01s Sys=0.00s Real=0.01s
[165.453s][info][gc,start       ] GC(400) Pause Young (Allocation Failure)
[165.455s][info][gc,heap        ] GC(400) PSYoungGen: 284736K(307200K)->64K(310272K) Eden: 284672K(284672K)->0K(289280K) From: 64K(22528K)->64K(20992K)
[165.455s][info][gc,heap        ] GC(400) ParOldGen: 509910K(509952K)->509926K(509952K)
[165.455s][info][gc,metaspace   ] GC(400) Metaspace: 35057K(35776K)->35057K(35776K) NonClass: 28797K(29312K)->28797K(29312K) Class: 6260K(6464K)->6260K(6464K)
[165.455s][info][gc             ] GC(400) Pause Young (Allocation Failure) 776M->498M(801M) 2.356ms
[165.455s][info][gc,cpu         ] GC(400) User=0.00s Sys=0.00s Real=0.00s
[165.672s][info][gc,start       ] GC(401) Pause Young (Allocation Failure)
[165.674s][info][gc,heap        ] GC(401) PSYoungGen: 289344K(310272K)->64K(309760K) Eden: 289280K(289280K)->0K(289280K) From: 64K(20992K)->64K(20480K)
[165.674s][info][gc,heap        ] GC(401) ParOldGen: 509926K(509952K)->509926K(509952K)
[165.674s][info][gc,metaspace   ] GC(401) Metaspace: 35057K(35776K)->35057K(35776K) NonClass: 28797K(29312K)->28797K(29312K) Class: 6260K(6464K)->6260K(6464K)
[165.674s][info][gc             ] GC(401) Pause Young (Allocation Failure) 780M->498M(800M) 1.980ms
[165.674s][info][gc,cpu         ] GC(401) User=0.00s Sys=0.00s Real=0.00s
[166.028s][info][gc,start       ] GC(402) Pause Young (Allocation Failure)
[166.029s][info][gc,heap        ] GC(402) PSYoungGen: 289344K(309760K)->64K(312320K) Eden: 289280K(289280K)->0K(293376K) From: 64K(20480K)->64K(18944K)
[166.029s][info][gc,heap        ] GC(402) ParOldGen: 509926K(509952K)->509926K(509952K)
[166.029s][info][gc,metaspace   ] GC(402) Metaspace: 35057K(35776K)->35057K(35776K) NonClass: 28797K(29312K)->28797K(29312K) Class: 6260K(6464K)->6260K(6464K)
[166.030s][info][gc             ] GC(402) Pause Young (Allocation Failure) 780M->498M(803M) 1.999ms
[166.030s][info][gc,cpu         ] GC(402) User=0.00s Sys=0.00s Real=0.00s
[166.126s][info][gc,start       ] GC(403) Pause Young (Allocation Failure)
[166.128s][info][gc,heap        ] GC(403) PSYoungGen: 293440K(312320K)->64K(312320K) Eden: 293376K(293376K)->0K(293376K) From: 64K(18944K)->64K(18944K)
[166.128s][info][gc,heap        ] GC(403) ParOldGen: 509926K(509952K)->509934K(509952K)
[166.128s][info][gc,metaspace   ] GC(403) Metaspace: 35057K(35776K)->35057K(35776K) NonClass: 28797K(29312K)->28797K(29312K) Class: 6260K(6464K)->6260K(6464K)
[166.128s][info][gc             ] GC(403) Pause Young (Allocation Failure) 784M->498M(803M) 1.939ms
[166.128s][info][gc,cpu         ] GC(403) User=0.00s Sys=0.00s Real=0.01s
[166.181s][info][gc,start       ] GC(404) Pause Young (Allocation Failure)
[166.183s][info][gc,heap        ] GC(404) PSYoungGen: 293440K(312320K)->64K(313856K) Eden: 293376K(293376K)->0K(296960K) From: 64K(18944K)->64K(16896K)
[166.183s][info][gc,heap        ] GC(404) ParOldGen: 509934K(509952K)->509950K(509952K)
[166.183s][info][gc,metaspace   ] GC(404) Metaspace: 35057K(35776K)->35057K(35776K) NonClass: 28797K(29312K)->28797K(29312K) Class: 6260K(6464K)->6260K(6464K)
[166.183s][info][gc             ] GC(404) Pause Young (Allocation Failure) 784M->498M(804M) 1.865ms
[166.183s][info][gc,cpu         ] GC(404) User=0.01s Sys=0.00s Real=0.00s
[166.333s][info][gc,start       ] GC(405) Pause Young (Allocation Failure)
[166.334s][info][gc,heap        ] GC(405) PSYoungGen: 297024K(313856K)->64K(313856K) Eden: 296960K(296960K)->0K(296960K) From: 64K(16896K)->64K(16896K)
[166.334s][info][gc,heap        ] GC(405) ParOldGen: 509950K(509952K)->509958K(510464K)
[166.334s][info][gc,metaspace   ] GC(405) Metaspace: 35065K(35776K)->35065K(35776K) NonClass: 28805K(29312K)->28805K(29312K) Class: 6260K(6464K)->6260K(6464K)
[166.334s][info][gc             ] GC(405) Pause Young (Allocation Failure) 788M->498M(805M) 1.909ms
[166.335s][info][gc,cpu         ] GC(405) User=0.01s Sys=0.01s Real=0.00s
[166.549s][info][gc,start       ] GC(406) Pause Young (Allocation Failure)
[166.550s][info][gc,heap        ] GC(406) PSYoungGen: 297024K(313856K)->64K(316416K) Eden: 296960K(296960K)->0K(300544K) From: 64K(16896K)->64K(15872K)
[166.550s][info][gc,heap        ] GC(406) ParOldGen: 509958K(510464K)->509966K(510464K)
[166.550s][info][gc,metaspace   ] GC(406) Metaspace: 35065K(35776K)->35065K(35776K) NonClass: 28805K(29312K)->28805K(29312K) Class: 6260K(6464K)->6260K(6464K)
[166.550s][info][gc             ] GC(406) Pause Young (Allocation Failure) 788M->498M(807M) 1.784ms
[166.550s][info][gc,cpu         ] GC(406) User=0.00s Sys=0.00s Real=0.00s
[166.700s][info][gc,start       ] GC(407) Pause Young (Allocation Failure)
[166.702s][info][gc,heap        ] GC(407) PSYoungGen: 300608K(316416K)->64K(315904K) Eden: 300544K(300544K)->0K(300544K) From: 64K(15872K)->64K(15360K)
[166.702s][info][gc,heap        ] GC(407) ParOldGen: 509966K(510464K)->509974K(510464K)
[166.702s][info][gc,metaspace   ] GC(407) Metaspace: 35066K(35776K)->35066K(35776K) NonClass: 28805K(29312K)->28805K(29312K) Class: 6260K(6464K)->6260K(6464K)
[166.702s][info][gc             ] GC(407) Pause Young (Allocation Failure) 791M->498M(807M) 1.904ms
[166.702s][info][gc,cpu         ] GC(407) User=0.01s Sys=0.00s Real=0.00s
[166.783s][info][gc,start       ] GC(408) Pause Young (Allocation Failure)
[166.785s][info][gc,heap        ] GC(408) PSYoungGen: 300608K(315904K)->64K(317440K) Eden: 300544K(300544K)->0K(303616K) From: 64K(15360K)->64K(13824K)
[166.785s][info][gc,heap        ] GC(408) ParOldGen: 509974K(510464K)->509990K(510464K)
[166.785s][info][gc,metaspace   ] GC(408) Metaspace: 35066K(35776K)->35066K(35776K) NonClass: 28805K(29312K)->28805K(29312K) Class: 6260K(6464K)->6260K(6464K)
[166.785s][info][gc             ] GC(408) Pause Young (Allocation Failure) 791M->498M(808M) 1.976ms
[166.785s][info][gc,cpu         ] GC(408) User=0.00s Sys=0.00s Real=0.00s
[166.958s][info][gc,start       ] GC(409) Pause Young (Allocation Failure)
[166.960s][info][gc,heap        ] GC(409) PSYoungGen: 303680K(317440K)->64K(316928K) Eden: 303616K(303616K)->0K(303616K) From: 64K(13824K)->64K(13312K)
[166.960s][info][gc,heap        ] GC(409) ParOldGen: 509990K(510464K)->509990K(510464K)
[166.960s][info][gc,metaspace   ] GC(409) Metaspace: 35066K(35776K)->35066K(35776K) NonClass: 28805K(29312K)->28805K(29312K) Class: 6260K(6464K)->6260K(6464K)
[166.960s][info][gc             ] GC(409) Pause Young (Allocation Failure) 794M->498M(808M) 1.853ms
[166.960s][info][gc,cpu         ] GC(409) User=0.00s Sys=0.00s Real=0.00s
[167.932s][info][gc,start       ] GC(410) Pause Young (Allocation Failure)
[167.934s][info][gc,heap        ] GC(410) PSYoungGen: 303680K(316928K)->64K(319488K) Eden: 303616K(303616K)->0K(307200K) From: 64K(13312K)->64K(12288K)
[167.934s][info][gc,heap        ] GC(410) ParOldGen: 509990K(510464K)->509998K(510464K)
[167.934s][info][gc,metaspace   ] GC(410) Metaspace: 35066K(35776K)->35066K(35776K) NonClass: 28805K(29312K)->28805K(29312K) Class: 6260K(6464K)->6260K(6464K)
[167.934s][info][gc             ] GC(410) Pause Young (Allocation Failure) 794M->498M(810M) 2.518ms
[167.934s][info][gc,cpu         ] GC(410) User=0.00s Sys=0.00s Real=0.00s
[168.827s][info][gc,start       ] GC(411) Pause Young (Allocation Failure)
[168.829s][info][gc,heap        ] GC(411) PSYoungGen: 307264K(319488K)->64K(295424K) Eden: 307200K(307200K)->0K(294912K) From: 64K(12288K)->64K(512K)
[168.829s][info][gc,heap        ] GC(411) ParOldGen: 509998K(510464K)->510006K(510464K)
[168.829s][info][gc,metaspace   ] GC(411) Metaspace: 35066K(35776K)->35066K(35776K) NonClass: 28805K(29312K)->28805K(29312K) Class: 6260K(6464K)->6260K(6464K)
[168.829s][info][gc             ] GC(411) Pause Young (Allocation Failure) 798M->498M(787M) 1.910ms
[168.829s][info][gc,cpu         ] GC(411) User=0.00s Sys=0.00s Real=0.00s
[169.117s][info][gc,start       ] GC(412) Pause Young (Allocation Failure)
[169.120s][info][gc,heap        ] GC(412) PSYoungGen: 294976K(295424K)->64K(283648K) Eden: 294912K(294912K)->0K(283136K) From: 64K(512K)->64K(512K)
[169.120s][info][gc,heap        ] GC(412) ParOldGen: 510006K(510464K)->510014K(510464K)
[169.120s][info][gc,metaspace   ] GC(412) Metaspace: 35066K(35776K)->35066K(35776K) NonClass: 28805K(29312K)->28805K(29312K) Class: 6260K(6464K)->6260K(6464K)
[169.120s][info][gc             ] GC(412) Pause Young (Allocation Failure) 786M->498M(775M) 2.204ms
[169.120s][info][gc,cpu         ] GC(412) User=0.00s Sys=0.00s Real=0.00s
[169.554s][info][gc,start       ] GC(413) Pause Young (Allocation Failure)
[169.556s][info][gc,heap        ] GC(413) PSYoungGen: 283200K(283648K)->64K(282112K) Eden: 283136K(283136K)->0K(271872K) From: 64K(512K)->64K(10240K)
[169.556s][info][gc,heap        ] GC(413) ParOldGen: 510014K(510464K)->510022K(510464K)
[169.556s][info][gc,metaspace   ] GC(413) Metaspace: 35066K(35776K)->35066K(35776K) NonClass: 28805K(29312K)->28805K(29312K) Class: 6260K(6464K)->6260K(6464K)
[169.556s][info][gc             ] GC(413) Pause Young (Allocation Failure) 774M->498M(774M) 1.936ms
[169.556s][info][gc,cpu         ] GC(413) User=0.00s Sys=0.00s Real=0.00s
[170.527s][info][gc,start       ] GC(414) Pause Young (Allocation Failure)
[170.530s][info][gc,heap        ] GC(414) PSYoungGen: 271936K(282112K)->64K(261632K) Eden: 271872K(271872K)->0K(261120K) From: 64K(10240K)->64K(512K)
[170.530s][info][gc,heap        ] GC(414) ParOldGen: 510022K(510464K)->510030K(510464K)
[170.530s][info][gc,metaspace   ] GC(414) Metaspace: 35066K(35776K)->35066K(35776K) NonClass: 28805K(29312K)->28805K(29312K) Class: 6260K(6464K)->6260K(6464K)
[170.530s][info][gc             ] GC(414) Pause Young (Allocation Failure) 763M->498M(754M) 2.452ms
[170.530s][info][gc,cpu         ] GC(414) User=0.00s Sys=0.00s Real=0.00s
[170.883s][info][gc,start       ] GC(415) Pause Young (Allocation Failure)
[170.885s][info][gc,heap        ] GC(415) PSYoungGen: 261184K(261632K)->64K(259584K) Eden: 261120K(261120K)->0K(250880K) From: 64K(512K)->64K(8704K)
[170.885s][info][gc,heap        ] GC(415) ParOldGen: 510030K(510464K)->510038K(510464K)
[170.885s][info][gc,metaspace   ] GC(415) Metaspace: 35066K(35776K)->35066K(35776K) NonClass: 28805K(29312K)->28805K(29312K) Class: 6260K(6464K)->6260K(6464K)
[170.885s][info][gc             ] GC(415) Pause Young (Allocation Failure) 753M->498M(752M) 1.847ms
[170.885s][info][gc,cpu         ] GC(415) User=0.01s Sys=0.00s Real=0.00s
[171.024s][info][gc,start       ] GC(416) Pause Young (Allocation Failure)
[171.027s][info][gc,heap        ] GC(416) PSYoungGen: 250944K(259584K)->64K(241664K) Eden: 250880K(250880K)->0K(241152K) From: 64K(8704K)->64K(512K)
[171.027s][info][gc,heap        ] GC(416) ParOldGen: 510038K(510464K)->510046K(510464K)
[171.027s][info][gc,metaspace   ] GC(416) Metaspace: 35066K(35776K)->35066K(35776K) NonClass: 28805K(29312K)->28805K(29312K) Class: 6260K(6464K)->6260K(6464K)
[171.027s][info][gc             ] GC(416) Pause Young (Allocation Failure) 743M->498M(734M) 2.713ms
[171.027s][info][gc,cpu         ] GC(416) User=0.00s Sys=0.00s Real=0.01s
[171.291s][info][gc,start       ] GC(417) Pause Young (Allocation Failure)
[171.293s][info][gc,heap        ] GC(417) PSYoungGen: 241216K(241664K)->64K(239616K) Eden: 241152K(241152K)->0K(231936K) From: 64K(512K)->64K(7680K)
[171.293s][info][gc,heap        ] GC(417) ParOldGen: 510046K(510464K)->510054K(510464K)
[171.293s][info][gc,metaspace   ] GC(417) Metaspace: 35066K(35776K)->35066K(35776K) NonClass: 28805K(29312K)->28805K(29312K) Class: 6260K(6464K)->6260K(6464K)
[171.293s][info][gc             ] GC(417) Pause Young (Allocation Failure) 733M->498M(732M) 1.836ms
[171.293s][info][gc,cpu         ] GC(417) User=0.00s Sys=0.00s Real=0.00s
[171.792s][info][gc,start       ] GC(418) Pause Young (Allocation Failure)
[171.796s][info][gc,heap        ] GC(418) PSYoungGen: 232000K(239616K)->64K(223744K) Eden: 231936K(231936K)->0K(223232K) From: 64K(7680K)->64K(512K)
[171.796s][info][gc,heap        ] GC(418) ParOldGen: 510054K(510464K)->510062K(510464K)
[171.796s][info][gc,metaspace   ] GC(418) Metaspace: 35066K(35776K)->35066K(35776K) NonClass: 28805K(29312K)->28805K(29312K) Class: 6260K(6464K)->6260K(6464K)
[171.796s][info][gc             ] GC(418) Pause Young (Allocation Failure) 724M->498M(717M) 3.530ms
[171.796s][info][gc,cpu         ] GC(418) User=0.01s Sys=0.00s Real=0.00s
[172.120s][info][gc,start       ] GC(419) Pause Young (Allocation Failure)
[172.122s][info][gc,heap        ] GC(419) PSYoungGen: 223296K(223744K)->64K(221696K) Eden: 223232K(223232K)->0K(215040K) From: 64K(512K)->64K(6656K)
[172.122s][info][gc,heap        ] GC(419) ParOldGen: 510062K(510464K)->510070K(510464K)
[172.122s][info][gc,metaspace   ] GC(419) Metaspace: 35066K(35776K)->35066K(35776K) NonClass: 28805K(29312K)->28805K(29312K) Class: 6260K(6464K)->6260K(6464K)
[172.122s][info][gc             ] GC(419) Pause Young (Allocation Failure) 716M->498M(715M) 2.290ms
[172.122s][info][gc,cpu         ] GC(419) User=0.00s Sys=0.00s Real=0.00s
[172.401s][info][gc,start       ] GC(420) Pause Young (Allocation Failure)
[172.459s][info][gc,heap        ] GC(420) PSYoungGen: 215104K(221696K)->6144K(264192K) Eden: 215040K(215040K)->0K(258048K) From: 64K(6656K)->6144K(6144K)
[172.459s][info][gc,heap        ] GC(420) ParOldGen: 510070K(510464K)->523806K(524288K)
[172.459s][info][gc,metaspace   ] GC(420) Metaspace: 35066K(35776K)->35066K(35776K) NonClass: 28805K(29312K)->28805K(29312K) Class: 6260K(6464K)->6260K(6464K)
[172.460s][info][gc             ] GC(420) Pause Young (Allocation Failure) 708M->517M(770M) 58.231ms
[172.460s][info][gc,cpu         ] GC(420) User=0.08s Sys=0.01s Real=0.06s
[172.750s][info][gc,start       ] GC(421) Pause Young (Allocation Failure)
[172.820s][info][gc,heap        ] GC(421) PSYoungGen: 264192K(264192K)->12800K(272896K) Eden: 258048K(258048K)->0K(260096K) From: 6144K(6144K)->12800K(12800K)
[172.820s][info][gc,heap        ] GC(421) ParOldGen: 523806K(524288K)->538734K(539136K)
[172.820s][info][gc,metaspace   ] GC(421) Metaspace: 35066K(35776K)->35066K(35776K) NonClass: 28805K(29312K)->28805K(29312K) Class: 6260K(6464K)->6260K(6464K)
[172.820s][info][gc             ] GC(421) Pause Young (Allocation Failure) 769M->538M(793M) 70.532ms
[172.820s][info][gc,cpu         ] GC(421) User=0.13s Sys=0.01s Real=0.07s
[173.067s][info][gc,start       ] GC(422) Pause Young (Allocation Failure)
[173.120s][info][gc,heap        ] GC(422) PSYoungGen: 272896K(272896K)->20992K(302592K) Eden: 260096K(260096K)->0K(281600K) From: 12800K(12800K)->20992K(20992K)
[173.121s][info][gc,heap        ] GC(422) ParOldGen: 538734K(539136K)->540134K(540160K)
[173.121s][info][gc,metaspace   ] GC(422) Metaspace: 35066K(35776K)->35066K(35776K) NonClass: 28805K(29312K)->28805K(29312K) Class: 6260K(6464K)->6260K(6464K)
[173.121s][info][gc             ] GC(422) Pause Young (Allocation Failure) 792M->547M(823M) 53.380ms
[173.121s][info][gc,cpu         ] GC(422) User=0.09s Sys=0.02s Real=0.05s
[173.225s][info][gc,start       ] GC(423) Pause Young (Allocation Failure)
[173.227s][info][gc,heap        ] GC(423) PSYoungGen: 302592K(302592K)->64K(307712K) Eden: 281600K(281600K)->0K(281600K) From: 20992K(20992K)->64K(26112K)
[173.227s][info][gc,heap        ] GC(423) ParOldGen: 540134K(540160K)->540174K(540672K)
[173.227s][info][gc,metaspace   ] GC(423) Metaspace: 35066K(35776K)->35066K(35776K) NonClass: 28805K(29312K)->28805K(29312K) Class: 6260K(6464K)->6260K(6464K)
[173.227s][info][gc             ] GC(423) Pause Young (Allocation Failure) 822M->527M(828M) 2.174ms
[173.227s][info][gc,cpu         ] GC(423) User=0.01s Sys=0.00s Real=0.01s
[173.951s][info][gc,start       ] GC(424) Pause Young (Allocation Failure)
[173.953s][info][gc,heap        ] GC(424) PSYoungGen: 281664K(307712K)->64K(305664K) Eden: 281600K(281600K)->0K(282624K) From: 64K(26112K)->64K(23040K)
[173.953s][info][gc,heap        ] GC(424) ParOldGen: 540174K(540672K)->540190K(540672K)
[173.953s][info][gc,metaspace   ] GC(424) Metaspace: 35066K(35776K)->35066K(35776K) NonClass: 28805K(29312K)->28805K(29312K) Class: 6260K(6464K)->6260K(6464K)
[173.953s][info][gc             ] GC(424) Pause Young (Allocation Failure) 802M->527M(826M) 2.161ms
[173.953s][info][gc,cpu         ] GC(424) User=0.00s Sys=0.00s Real=0.00s
[174.301s][info][gc,start       ] GC(425) Pause Young (Allocation Failure)
[174.303s][info][gc,heap        ] GC(425) PSYoungGen: 282688K(305664K)->64K(307200K) Eden: 282624K(282624K)->0K(282624K) From: 64K(23040K)->64K(24576K)
[174.303s][info][gc,heap        ] GC(425) ParOldGen: 540190K(540672K)->540190K(540672K)
[174.303s][info][gc,metaspace   ] GC(425) Metaspace: 35066K(35776K)->35066K(35776K) NonClass: 28805K(29312K)->28805K(29312K) Class: 6260K(6464K)->6260K(6464K)
[174.303s][info][gc             ] GC(425) Pause Young (Allocation Failure) 803M->527M(828M) 2.023ms
[174.303s][info][gc,cpu         ] GC(425) User=0.00s Sys=0.00s Real=0.00s
[174.753s][info][gc,start       ] GC(426) Pause Young (Allocation Failure)
[174.755s][info][gc,heap        ] GC(426) PSYoungGen: 282688K(307200K)->64K(306688K) Eden: 282624K(282624K)->0K(285696K) From: 64K(24576K)->64K(20992K)
[174.755s][info][gc,heap        ] GC(426) ParOldGen: 540190K(540672K)->540206K(540672K)
[174.755s][info][gc,metaspace   ] GC(426) Metaspace: 35066K(35776K)->35066K(35776K) NonClass: 28805K(29312K)->28805K(29312K) Class: 6260K(6464K)->6260K(6464K)
[174.755s][info][gc             ] GC(426) Pause Young (Allocation Failure) 803M->527M(827M) 2.044ms
[174.755s][info][gc,cpu         ] GC(426) User=0.00s Sys=0.00s Real=0.00s
[174.964s][info][gc,start       ] GC(427) Pause Young (Allocation Failure)
[174.966s][info][gc,heap        ] GC(427) PSYoungGen: 285760K(306688K)->32K(308224K) Eden: 285696K(285696K)->0K(285696K) From: 64K(20992K)->32K(22528K)
[174.966s][info][gc,heap        ] GC(427) ParOldGen: 540206K(540672K)->540222K(540672K)
[174.966s][info][gc,metaspace   ] GC(427) Metaspace: 35066K(35776K)->35066K(35776K) NonClass: 28805K(29312K)->28805K(29312K) Class: 6260K(6464K)->6260K(6464K)
[174.966s][info][gc             ] GC(427) Pause Young (Allocation Failure) 806M->527M(829M) 1.982ms
[174.966s][info][gc,cpu         ] GC(427) User=0.00s Sys=0.01s Real=0.00s
[175.181s][info][gc,start       ] GC(428) Pause Young (Allocation Failure)
[175.183s][info][gc,heap        ] GC(428) PSYoungGen: 285728K(308224K)->64K(308736K) Eden: 285696K(285696K)->0K(289792K) From: 32K(22528K)->64K(18944K)
[175.183s][info][gc,heap        ] GC(428) ParOldGen: 540222K(540672K)->540222K(540672K)
[175.183s][info][gc,metaspace   ] GC(428) Metaspace: 35066K(35776K)->35066K(35776K) NonClass: 28805K(29312K)->28805K(29312K) Class: 6260K(6464K)->6260K(6464K)
[175.183s][info][gc             ] GC(428) Pause Young (Allocation Failure) 806M->527M(829M) 1.988ms
[175.183s][info][gc,cpu         ] GC(428) User=0.00s Sys=0.00s Real=0.00s
[175.526s][info][gc,start       ] GC(429) Pause Young (Allocation Failure)
[175.527s][info][gc,heap        ] GC(429) PSYoungGen: 289856K(308736K)->64K(310272K) Eden: 289792K(289792K)->0K(289792K) From: 64K(18944K)->64K(20480K)
[175.527s][info][gc,heap        ] GC(429) ParOldGen: 540222K(540672K)->540222K(540672K)
[175.527s][info][gc,metaspace   ] GC(429) Metaspace: 35066K(35776K)->35066K(35776K) NonClass: 28805K(29312K)->28805K(29312K) Class: 6260K(6464K)->6260K(6464K)
[175.527s][info][gc             ] GC(429) Pause Young (Allocation Failure) 810M->527M(831M) 1.924ms
[175.527s][info][gc,cpu         ] GC(429) User=0.00s Sys=0.00s Real=0.01s
[175.581s][info][gc,start       ] GC(430) Pause Young (Allocation Failure)
[175.583s][info][gc,heap        ] GC(430) PSYoungGen: 289856K(310272K)->32K(310784K) Eden: 289792K(289792K)->0K(293888K) From: 64K(20480K)->32K(16896K)
[175.583s][info][gc,heap        ] GC(430) ParOldGen: 540222K(540672K)->540238K(540672K)
[175.583s][info][gc,metaspace   ] GC(430) Metaspace: 35066K(35776K)->35066K(35776K) NonClass: 28805K(29312K)->28805K(29312K) Class: 6260K(6464K)->6260K(6464K)
[175.583s][info][gc             ] GC(430) Pause Young (Allocation Failure) 810M->527M(831M) 1.907ms
[175.583s][info][gc,cpu         ] GC(430) User=0.00s Sys=0.00s Real=0.00s
[175.639s][info][gc,start       ] GC(431) Pause Young (Allocation Failure)
[175.641s][info][gc,heap        ] GC(431) PSYoungGen: 293920K(310784K)->64K(312320K) Eden: 293888K(293888K)->0K(293888K) From: 32K(16896K)->64K(18432K)
[175.641s][info][gc,heap        ] GC(431) ParOldGen: 540238K(540672K)->540238K(540672K)
[175.641s][info][gc,metaspace   ] GC(431) Metaspace: 35066K(35776K)->35066K(35776K) NonClass: 28805K(29312K)->28805K(29312K) Class: 6260K(6464K)->6260K(6464K)
[175.641s][info][gc             ] GC(431) Pause Young (Allocation Failure) 814M->527M(833M) 1.902ms
[175.641s][info][gc,cpu         ] GC(431) User=0.00s Sys=0.00s Real=0.00s
[175.848s][info][gc,start       ] GC(432) Pause Young (Allocation Failure)
[175.850s][info][gc,heap        ] GC(432) PSYoungGen: 293952K(312320K)->64K(312832K) Eden: 293888K(293888K)->0K(297984K) From: 64K(18432K)->64K(14848K)
[175.850s][info][gc,heap        ] GC(432) ParOldGen: 540238K(540672K)->540238K(540672K)
[175.850s][info][gc,metaspace   ] GC(432) Metaspace: 35066K(35776K)->35066K(35776K) NonClass: 28805K(29312K)->28805K(29312K) Class: 6260K(6464K)->6260K(6464K)
[175.850s][info][gc             ] GC(432) Pause Young (Allocation Failure) 814M->527M(833M) 1.958ms
[175.850s][info][gc,cpu         ] GC(432) User=0.00s Sys=0.00s Real=0.00s
[176.065s][info][gc,start       ] GC(433) Pause Young (Allocation Failure)
[176.067s][info][gc,heap        ] GC(433) PSYoungGen: 298048K(312832K)->64K(314368K) Eden: 297984K(297984K)->0K(297984K) From: 64K(14848K)->64K(16384K)
[176.067s][info][gc,heap        ] GC(433) ParOldGen: 540238K(540672K)->540246K(540672K)
[176.067s][info][gc,metaspace   ] GC(433) Metaspace: 35066K(35776K)->35066K(35776K) NonClass: 28805K(29312K)->28805K(29312K) Class: 6260K(6464K)->6260K(6464K)
[176.067s][info][gc             ] GC(433) Pause Young (Allocation Failure) 818M->527M(835M) 1.949ms
[176.067s][info][gc,cpu         ] GC(433) User=0.00s Sys=0.00s Real=0.01s
[176.170s][info][gc,start       ] GC(434) Pause Young (Allocation Failure)
[176.172s][info][gc,heap        ] GC(434) PSYoungGen: 298048K(314368K)->64K(314880K) Eden: 297984K(297984K)->0K(302080K) From: 64K(16384K)->64K(12800K)
[176.172s][info][gc,heap        ] GC(434) ParOldGen: 540246K(540672K)->540254K(540672K)
[176.172s][info][gc,metaspace   ] GC(434) Metaspace: 35066K(35776K)->35066K(35776K) NonClass: 28805K(29312K)->28805K(29312K) Class: 6260K(6464K)->6260K(6464K)
[176.172s][info][gc             ] GC(434) Pause Young (Allocation Failure) 818M->527M(835M) 2.048ms
[176.172s][info][gc,cpu         ] GC(434) User=0.00s Sys=0.00s Real=0.00s
[176.286s][info][gc,start       ] GC(435) Pause Young (Allocation Failure)
[176.288s][info][gc,heap        ] GC(435) PSYoungGen: 302144K(314880K)->64K(316416K) Eden: 302080K(302080K)->0K(302080K) From: 64K(12800K)->64K(14336K)
[176.288s][info][gc,heap        ] GC(435) ParOldGen: 540254K(540672K)->540262K(540672K)
[176.288s][info][gc,metaspace   ] GC(435) Metaspace: 35066K(35776K)->35066K(35776K) NonClass: 28805K(29312K)->28805K(29312K) Class: 6260K(6464K)->6260K(6464K)
[176.288s][info][gc             ] GC(435) Pause Young (Allocation Failure) 822M->527M(837M) 1.907ms
[176.288s][info][gc,cpu         ] GC(435) User=0.01s Sys=0.00s Real=0.01s
[176.539s][info][gc,start       ] GC(436) Pause Young (Allocation Failure)
[176.541s][info][gc,heap        ] GC(436) PSYoungGen: 302144K(316416K)->64K(317952K) Eden: 302080K(302080K)->0K(306176K) From: 64K(14336K)->64K(11776K)
[176.541s][info][gc,heap        ] GC(436) ParOldGen: 540262K(540672K)->540270K(540672K)
[176.541s][info][gc,metaspace   ] GC(436) Metaspace: 35066K(35776K)->35066K(35776K) NonClass: 28805K(29312K)->28805K(29312K) Class: 6260K(6464K)->6260K(6464K)
[176.541s][info][gc             ] GC(436) Pause Young (Allocation Failure) 822M->527M(838M) 1.925ms
[176.541s][info][gc,cpu         ] GC(436) User=0.00s Sys=0.00s Real=0.00s
[177.403s][info][gc,start       ] GC(437) Pause Young (Allocation Failure)
[177.405s][info][gc,heap        ] GC(437) PSYoungGen: 306240K(317952K)->83K(318976K) Eden: 306176K(306176K)->0K(306176K) From: 64K(11776K)->83K(12800K)
[177.405s][info][gc,heap        ] GC(437) ParOldGen: 540270K(540672K)->540278K(540672K)
[177.405s][info][gc,metaspace   ] GC(437) Metaspace: 35066K(35776K)->35066K(35776K) NonClass: 28805K(29312K)->28805K(29312K) Class: 6260K(6464K)->6260K(6464K)
[177.405s][info][gc             ] GC(437) Pause Young (Allocation Failure) 826M->527M(839M) 1.947ms
[177.405s][info][gc,cpu         ] GC(437) User=0.01s Sys=0.00s Real=0.00s
[178.350s][info][gc,start       ] GC(438) Pause Young (Allocation Failure)
[178.353s][info][gc,heap        ] GC(438) PSYoungGen: 306259K(318976K)->64K(294400K) Eden: 306176K(306176K)->0K(293888K) From: 83K(12800K)->64K(512K)
[178.353s][info][gc,heap        ] GC(438) ParOldGen: 540278K(540672K)->540286K(540672K)
[178.353s][info][gc,metaspace   ] GC(438) Metaspace: 35066K(35776K)->35066K(35776K) NonClass: 28805K(29312K)->28805K(29312K) Class: 6260K(6464K)->6260K(6464K)
[178.353s][info][gc             ] GC(438) Pause Young (Allocation Failure) 826M->527M(815M) 2.536ms
[178.353s][info][gc,cpu         ] GC(438) User=0.00s Sys=0.00s Real=0.00s
[178.759s][info][gc,start       ] GC(439) Pause Young (Allocation Failure)
[178.760s][info][gc,heap        ] GC(439) PSYoungGen: 293952K(294400K)->64K(293376K) Eden: 293888K(293888K)->0K(282112K) From: 64K(512K)->64K(11264K)
[178.760s][info][gc,heap        ] GC(439) ParOldGen: 540286K(540672K)->540294K(540672K)
[178.760s][info][gc,metaspace   ] GC(439) Metaspace: 35066K(35776K)->35066K(35776K) NonClass: 28805K(29312K)->28805K(29312K) Class: 6260K(6464K)->6260K(6464K)
[178.760s][info][gc             ] GC(439) Pause Young (Allocation Failure) 814M->527M(814M) 1.865ms
[178.760s][info][gc,cpu         ] GC(439) User=0.01s Sys=0.00s Real=0.00s
[179.812s][info][gc,start       ] GC(440) Pause Young (Allocation Failure)
[179.814s][info][gc,heap        ] GC(440) PSYoungGen: 282176K(293376K)->64K(271360K) Eden: 282112K(282112K)->0K(270848K) From: 64K(11264K)->64K(512K)
[179.815s][info][gc,heap        ] GC(440) ParOldGen: 540294K(540672K)->540302K(540672K)
[179.815s][info][gc,metaspace   ] GC(440) Metaspace: 35066K(35776K)->35066K(35776K) NonClass: 28805K(29312K)->28805K(29312K) Class: 6260K(6464K)->6260K(6464K)
[179.815s][info][gc             ] GC(440) Pause Young (Allocation Failure) 803M->527M(793M) 2.673ms
[179.815s][info][gc,cpu         ] GC(440) User=0.01s Sys=0.00s Real=0.00s
[180.049s][info][gc,start       ] GC(441) Pause Young (Allocation Failure)
[180.051s][info][gc,heap        ] GC(441) PSYoungGen: 270912K(271360K)->64K(269824K) Eden: 270848K(270848K)->0K(260096K) From: 64K(512K)->64K(9728K)
[180.051s][info][gc,heap        ] GC(441) ParOldGen: 540302K(540672K)->540310K(540672K)
[180.051s][info][gc,metaspace   ] GC(441) Metaspace: 35066K(35776K)->35066K(35776K) NonClass: 28805K(29312K)->28805K(29312K) Class: 6260K(6464K)->6260K(6464K)
[180.051s][info][gc             ] GC(441) Pause Young (Allocation Failure) 792M->527M(791M) 2.251ms
[180.051s][info][gc,cpu         ] GC(441) User=0.01s Sys=0.00s Real=0.00s
[180.438s][info][gc,start       ] GC(442) Pause Young (Allocation Failure)
[180.441s][info][gc,heap        ] GC(442) PSYoungGen: 260160K(269824K)->64K(250368K) Eden: 260096K(260096K)->0K(249856K) From: 64K(9728K)->64K(512K)
[180.441s][info][gc,heap        ] GC(442) ParOldGen: 540310K(540672K)->540318K(540672K)
[180.441s][info][gc,metaspace   ] GC(442) Metaspace: 35066K(35776K)->35066K(35776K) NonClass: 28805K(29312K)->28805K(29312K) Class: 6260K(6464K)->6260K(6464K)
[180.441s][info][gc             ] GC(442) Pause Young (Allocation Failure) 781M->527M(772M) 3.676ms
[180.441s][info][gc,cpu         ] GC(442) User=0.00s Sys=0.00s Real=0.00s
[180.513s][info][gc,start       ] GC(443) Pause Young (Allocation Failure)
[180.515s][info][gc,heap        ] GC(443) PSYoungGen: 249920K(250368K)->64K(294912K) Eden: 249856K(249856K)->0K(286720K) From: 64K(512K)->64K(8192K)
[180.515s][info][gc,heap        ] GC(443) ParOldGen: 540318K(540672K)->540326K(540672K)
[180.515s][info][gc,metaspace   ] GC(443) Metaspace: 35066K(35776K)->35066K(35776K) NonClass: 28805K(29312K)->28805K(29312K) Class: 6260K(6464K)->6260K(6464K)
[180.515s][info][gc             ] GC(443) Pause Young (Allocation Failure) 771M->527M(816M) 2.550ms
[180.516s][info][gc,cpu         ] GC(443) User=0.01s Sys=0.00s Real=0.00s
[181.245s][info][gc,start       ] GC(444) Pause Young (Allocation Failure)
[181.247s][info][gc,heap        ] GC(444) PSYoungGen: 286784K(294912K)->64K(308224K) Eden: 286720K(286720K)->0K(300544K) From: 64K(8192K)->64K(7680K)
[181.248s][info][gc,heap        ] GC(444) ParOldGen: 540326K(540672K)->540334K(540672K)
[181.248s][info][gc,metaspace   ] GC(444) Metaspace: 35066K(35776K)->35066K(35776K) NonClass: 28805K(29312K)->28805K(29312K) Class: 6260K(6464K)->6260K(6464K)
[181.248s][info][gc             ] GC(444) Pause Young (Allocation Failure) 807M->527M(829M) 2.635ms
[181.248s][info][gc,cpu         ] GC(444) User=0.00s Sys=0.00s Real=0.01s
[181.649s][info][gc,start       ] GC(445) Pause Young (Allocation Failure)
[181.651s][info][gc,heap        ] GC(445) PSYoungGen: 300608K(308224K)->64K(288768K) Eden: 300544K(300544K)->0K(288256K) From: 64K(7680K)->64K(512K)
[181.651s][info][gc,heap        ] GC(445) ParOldGen: 540334K(540672K)->540342K(540672K)
[181.651s][info][gc,metaspace   ] GC(445) Metaspace: 35066K(35776K)->35066K(35776K) NonClass: 28805K(29312K)->28805K(29312K) Class: 6260K(6464K)->6260K(6464K)
[181.652s][info][gc             ] GC(445) Pause Young (Allocation Failure) 821M->527M(810M) 2.332ms
[181.652s][info][gc,cpu         ] GC(445) User=0.00s Sys=0.00s Real=0.00s
[182.067s][info][gc,start       ] GC(446) Pause Young (Allocation Failure)
[182.128s][info][gc,heap        ] GC(446) PSYoungGen: 288320K(288768K)->6656K(292352K) Eden: 288256K(288256K)->0K(285696K) From: 64K(512K)->6656K(6656K)
[182.128s][info][gc,heap        ] GC(446) ParOldGen: 540342K(540672K)->560566K(560640K)
[182.128s][info][gc,metaspace   ] GC(446) Metaspace: 35066K(35776K)->35066K(35776K) NonClass: 28805K(29312K)->28805K(29312K) Class: 6260K(6464K)->6260K(6464K)
[182.128s][info][gc             ] GC(446) Pause Young (Allocation Failure) 809M->553M(833M) 60.701ms
[182.128s][info][gc,cpu         ] GC(446) User=0.10s Sys=0.01s Real=0.06s
[182.492s][info][gc,start       ] GC(447) Pause Young (Allocation Failure)
[182.557s][info][gc,heap        ] GC(447) PSYoungGen: 292352K(292352K)->15872K(301568K) Eden: 285696K(285696K)->0K(285696K) From: 6656K(6656K)->15872K(15872K)
[182.557s][info][gc,heap        ] GC(447) ParOldGen: 560566K(560640K)->575574K(576000K)
[182.557s][info][gc,metaspace   ] GC(447) Metaspace: 35066K(35776K)->35066K(35776K) NonClass: 28805K(29312K)->28805K(29312K) Class: 6260K(6464K)->6260K(6464K)
[182.557s][info][gc             ] GC(447) Pause Young (Allocation Failure) 832M->577M(857M) 65.951ms
[182.558s][info][gc,cpu         ] GC(447) User=0.12s Sys=0.02s Real=0.07s
[182.743s][info][gc,start       ] GC(448) Pause Young (Allocation Failure)
[182.774s][info][gc,heap        ] GC(448) PSYoungGen: 301568K(301568K)->11968K(308224K) Eden: 285696K(285696K)->0K(283648K) From: 15872K(15872K)->11968K(24576K)
[182.774s][info][gc,heap        ] GC(448) ParOldGen: 575574K(576000K)->576118K(576512K)
[182.774s][info][gc,metaspace   ] GC(448) Metaspace: 35066K(35776K)->35066K(35776K) NonClass: 28805K(29312K)->28805K(29312K) Class: 6260K(6464K)->6260K(6464K)
[182.774s][info][gc             ] GC(448) Pause Young (Allocation Failure) 856M->574M(864M) 30.706ms
[182.774s][info][gc,cpu         ] GC(448) User=0.05s Sys=0.00s Real=0.03s
[183.165s][info][gc,start       ] GC(449) Pause Young (Allocation Failure)
[183.167s][info][gc,heap        ] GC(449) PSYoungGen: 295616K(308224K)->64K(308736K) Eden: 283648K(283648K)->0K(283648K) From: 11968K(24576K)->64K(25088K)
[183.167s][info][gc,heap        ] GC(449) ParOldGen: 576118K(576512K)->576126K(576512K)
[183.167s][info][gc,metaspace   ] GC(449) Metaspace: 35066K(35776K)->35066K(35776K) NonClass: 28805K(29312K)->28805K(29312K) Class: 6260K(6464K)->6260K(6464K)
[183.167s][info][gc             ] GC(449) Pause Young (Allocation Failure) 851M->562M(864M) 2.090ms
[183.167s][info][gc,cpu         ] GC(449) User=0.00s Sys=0.00s Real=0.01s
[183.796s][info][metaspace      ] ChkMgr @0x00007f4b9003aa80 (non-class-space): failed to commit 8 words on chunk @0x00007f4af97159f8, f, base 0x00007f4b29d70000, level lv14.
[183.796s][info][metaspace      ] Arena @0x00007f4b90aff3f0 (non-class arena): failed to allocate new chunk for requested word size 8.
[183.796s][info][metaspace      ] Arena @0x00007f4b90aff3f0 (non-class arena): allocation failed, returned null.
[183.796s][info][metaspace      ] ChkMgr @0x00007f4b9003aa80 (non-class-space): failed to commit 8 words on chunk @0x00007f4af97159f8, f, base 0x00007f4b29d70000, level lv14.
[183.796s][info][metaspace      ] Arena @0x00007f4b90aff3f0 (non-class arena): failed to allocate new chunk for requested word size 8.
[183.796s][info][metaspace      ] Arena @0x00007f4b90aff3f0 (non-class arena): allocation failed, returned null.
[183.797s][info][metaspace      ] ChkMgr @0x00007f4b9003aa80 (non-class-space): failed to commit 8 words on chunk @0x00007f4af97159f8, f, base 0x00007f4b29d70000, level lv14.
[183.797s][info][metaspace      ] Arena @0x00007f4b90aff3f0 (non-class arena): failed to allocate new chunk for requested word size 8.
[183.797s][info][metaspace      ] Arena @0x00007f4b90aff3f0 (non-class arena): allocation failed, returned null.
[183.797s][info][gc,start       ] GC(450) Pause Full (Metadata GC Threshold)
[183.797s][info][gc,phases,start] GC(450) Marking Phase
[183.852s][info][gc,phases      ] GC(450) Marking Phase 55.229ms
[183.852s][info][gc,phases,start] GC(450) Summary Phase
[183.852s][info][gc,phases      ] GC(450) Summary Phase 0.059ms
[183.852s][info][gc,phases,start] GC(450) Forward
[183.856s][info][gc,phases      ] GC(450) Forward 3.175ms
[183.856s][info][gc,phases,start] GC(450) Adjust Pointers
[183.881s][info][gc,phases      ] GC(450) Adjust Pointers 25.418ms
[183.881s][info][gc,phases,start] GC(450) Compaction Phase
[183.890s][info][gc,phases      ] GC(450) Compaction Phase 8.835ms
[183.890s][info][gc,phases,start] GC(450) Post Compact
[183.905s][info][metaspace      ] ChkMgr @0x00007f4b9003aa80 (non-class-space): : reclaiming memory...
[183.905s][info][metaspace      ] ChkMgr @0x00007f4b9003aa80 (non-class-space): nothing reclaimed.
[183.905s][info][metaspace      ] ChkMgr @0x00007f4b9003a890 (class-space): : reclaiming memory...
[183.905s][info][metaspace      ] ChkMgr @0x00007f4b9003a890 (class-space): nothing reclaimed.
[183.906s][info][gc,phases      ] GC(450) Post Compact 15.595ms
[183.906s][info][gc,heap        ] GC(450) PSYoungGen: 232634K(308736K)->0K(308736K) Eden: 232570K(283648K)->0K(283648K) From: 64K(25088K)->0K(25088K)
[183.906s][info][gc,heap        ] GC(450) ParOldGen: 576126K(576512K)->53400K(576512K)
[183.906s][info][gc,metaspace   ] GC(450) Metaspace: 35188K(35840K)->35153K(35840K) NonClass: 28923K(29376K)->28892K(29376K) Class: 6264K(6464K)->6261K(6464K)
[183.906s][info][gc             ] GC(450) Pause Full (Metadata GC Threshold) 789M->52M(864M) 108.678ms
[183.906s][info][gc,cpu         ] GC(450) User=0.14s Sys=0.01s Real=0.10s
[184.196s][info][gc,start       ] GC(451) Pause Young (Allocation Failure)
[184.199s][info][gc,heap        ] GC(451) PSYoungGen: 283648K(308736K)->128K(306688K) Eden: 283648K(283648K)->0K(284160K) From: 0K(25088K)->128K(22528K)
[184.199s][info][gc,heap        ] GC(451) ParOldGen: 53400K(576512K)->53400K(576512K)
[184.199s][info][gc,metaspace   ] GC(451) Metaspace: 35157K(35840K)->35157K(35840K) NonClass: 28896K(29376K)->28896K(29376K) Class: 6261K(6464K)->6261K(6464K)
[184.199s][info][gc             ] GC(451) Pause Young (Allocation Failure) 329M->52M(862M) 3.104ms
[184.199s][info][gc,cpu         ] GC(451) User=0.01s Sys=0.00s Real=0.01s
[184.712s][info][gc,start       ] GC(452) Pause Young (Allocation Failure)
[184.713s][info][gc,heap        ] GC(452) PSYoungGen: 284288K(306688K)->64K(307712K) Eden: 284160K(284160K)->0K(284160K) From: 128K(22528K)->64K(23552K)
[184.713s][info][gc,heap        ] GC(452) ParOldGen: 53400K(576512K)->53480K(576512K)
[184.713s][info][gc,metaspace   ] GC(452) Metaspace: 35157K(35840K)->35157K(35840K) NonClass: 28896K(29376K)->28896K(29376K) Class: 6261K(6464K)->6261K(6464K)
[184.713s][info][gc             ] GC(452) Pause Young (Allocation Failure) 329M->52M(863M) 0.821ms
[184.713s][info][gc,cpu         ] GC(452) User=0.00s Sys=0.00s Real=0.00s
[184.911s][info][gc,start       ] GC(453) Pause Young (Allocation Failure)
[184.912s][info][gc,heap        ] GC(453) PSYoungGen: 284224K(307712K)->64K(309248K) Eden: 284160K(284160K)->0K(287744K) From: 64K(23552K)->64K(21504K)
[184.912s][info][gc,heap        ] GC(453) ParOldGen: 53480K(576512K)->53496K(576512K)
[184.912s][info][gc,metaspace   ] GC(453) Metaspace: 35157K(35840K)->35157K(35840K) NonClass: 28896K(29376K)->28896K(29376K) Class: 6261K(6464K)->6261K(6464K)
[184.912s][info][gc             ] GC(453) Pause Young (Allocation Failure) 329M->52M(865M) 0.906ms
[184.912s][info][gc,cpu         ] GC(453) User=0.01s Sys=0.00s Real=0.00s
[185.111s][info][gc,start       ] GC(454) Pause Young (Allocation Failure)
[185.112s][info][gc,heap        ] GC(454) PSYoungGen: 287808K(309248K)->32K(309760K) Eden: 287744K(287744K)->0K(287744K) From: 64K(21504K)->32K(22016K)
[185.112s][info][gc,heap        ] GC(454) ParOldGen: 53496K(576512K)->53496K(576512K)
[185.112s][info][gc,metaspace   ] GC(454) Metaspace: 35157K(35840K)->35157K(35840K) NonClass: 28896K(29376K)->28896K(29376K) Class: 6261K(6464K)->6261K(6464K)
[185.112s][info][gc             ] GC(454) Pause Young (Allocation Failure) 333M->52M(865M) 0.989ms
[185.112s][info][gc,cpu         ] GC(454) User=0.00s Sys=0.00s Real=0.00s
[185.422s][info][gc,start       ] GC(455) Pause Young (Allocation Failure)
[185.423s][info][gc,heap        ] GC(455) PSYoungGen: 287776K(309760K)->64K(310272K) Eden: 287744K(287744K)->0K(290816K) From: 32K(22016K)->64K(19456K)
[185.423s][info][gc,heap        ] GC(455) ParOldGen: 53496K(576512K)->53496K(576512K)
[185.423s][info][gc,metaspace   ] GC(455) Metaspace: 35157K(35840K)->35157K(35840K) NonClass: 28896K(29376K)->28896K(29376K) Class: 6261K(6464K)->6261K(6464K)
[185.423s][info][gc             ] GC(455) Pause Young (Allocation Failure) 333M->52M(866M) 0.798ms
[185.423s][info][gc,cpu         ] GC(455) User=0.00s Sys=0.00s Real=0.00s
[185.477s][info][gc,start       ] GC(456) Pause Young (Allocation Failure)
[185.478s][info][gc,heap        ] GC(456) PSYoungGen: 290880K(310272K)->32K(310784K) Eden: 290816K(290816K)->0K(290816K) From: 64K(19456K)->32K(19968K)
[185.478s][info][gc,heap        ] GC(456) ParOldGen: 53496K(576512K)->53512K(576512K)
[185.478s][info][gc,metaspace   ] GC(456) Metaspace: 35157K(35840K)->35157K(35840K) NonClass: 28896K(29376K)->28896K(29376K) Class: 6261K(6464K)->6261K(6464K)
[185.478s][info][gc             ] GC(456) Pause Young (Allocation Failure) 336M->52M(866M) 0.863ms
[185.478s][info][gc,cpu         ] GC(456) User=0.00s Sys=0.00s Real=0.00s
[185.548s][info][gc,start       ] GC(457) Pause Young (Allocation Failure)
[185.549s][info][gc,heap        ] GC(457) PSYoungGen: 290848K(310784K)->64K(312320K) Eden: 290816K(290816K)->0K(294912K) From: 32K(19968K)->64K(17408K)
[185.549s][info][gc,heap        ] GC(457) ParOldGen: 53512K(576512K)->53512K(576512K)
[185.549s][info][gc,metaspace   ] GC(457) Metaspace: 35157K(35840K)->35157K(35840K) NonClass: 28896K(29376K)->28896K(29376K) Class: 6261K(6464K)->6261K(6464K)
[185.549s][info][gc             ] GC(457) Pause Young (Allocation Failure) 336M->52M(868M) 1.056ms
[185.549s][info][gc,cpu         ] GC(457) User=0.01s Sys=0.00s Real=0.00s
[185.768s][info][gc,start       ] GC(458) Pause Young (Allocation Failure)
[185.768s][info][gc,heap        ] GC(458) PSYoungGen: 294976K(312320K)->64K(312832K) Eden: 294912K(294912K)->0K(294912K) From: 64K(17408K)->64K(17920K)
[185.768s][info][gc,heap        ] GC(458) ParOldGen: 53512K(576512K)->53528K(576512K)
[185.768s][info][gc,metaspace   ] GC(458) Metaspace: 35157K(35840K)->35157K(35840K) NonClass: 28896K(29376K)->28896K(29376K) Class: 6261K(6464K)->6261K(6464K)
[185.769s][info][gc             ] GC(458) Pause Young (Allocation Failure) 340M->52M(868M) 0.747ms
[185.769s][info][gc,cpu         ] GC(458) User=0.00s Sys=0.00s Real=0.00s
[185.979s][info][gc,start       ] GC(459) Pause Young (Allocation Failure)
[185.980s][info][gc,heap        ] GC(459) PSYoungGen: 294976K(312832K)->64K(283648K) Eden: 294912K(294912K)->0K(283136K) From: 64K(17920K)->64K(512K)
[185.980s][info][gc,heap        ] GC(459) ParOldGen: 53528K(576512K)->53528K(576512K)
[185.980s][info][gc,metaspace   ] GC(459) Metaspace: 35157K(35840K)->35157K(35840K) NonClass: 28896K(29376K)->28896K(29376K) Class: 6261K(6464K)->6261K(6464K)
[185.980s][info][gc             ] GC(459) Pause Young (Allocation Failure) 340M->52M(840M) 1.105ms
[185.980s][info][gc,cpu         ] GC(459) User=0.00s Sys=0.00s Real=0.00s
[186.060s][info][gc,start       ] GC(460) Pause Young (Allocation Failure)
[186.061s][info][gc,heap        ] GC(460) PSYoungGen: 283200K(283648K)->64K(287744K) Eden: 283136K(283136K)->0K(271872K) From: 64K(512K)->64K(15872K)
[186.061s][info][gc,heap        ] GC(460) ParOldGen: 53528K(576512K)->53536K(576512K)
[186.061s][info][gc,metaspace   ] GC(460) Metaspace: 35157K(35840K)->35157K(35840K) NonClass: 28896K(29376K)->28896K(29376K) Class: 6261K(6464K)->6261K(6464K)
[186.061s][info][gc             ] GC(460) Pause Young (Allocation Failure) 328M->52M(844M) 0.694ms
[186.061s][info][gc,cpu         ] GC(460) User=0.00s Sys=0.00s Real=0.00s
[186.163s][info][gc,start       ] GC(461) Pause Young (Allocation Failure)
[186.164s][info][gc,heap        ] GC(461) PSYoungGen: 271936K(287744K)->64K(261632K) Eden: 271872K(271872K)->0K(261120K) From: 64K(15872K)->64K(512K)
[186.164s][info][gc,heap        ] GC(461) ParOldGen: 53536K(576512K)->53544K(576512K)
[186.164s][info][gc,metaspace   ] GC(461) Metaspace: 35157K(35840K)->35157K(35840K) NonClass: 28896K(29376K)->28896K(29376K) Class: 6261K(6464K)->6261K(6464K)
[186.164s][info][gc             ] GC(461) Pause Young (Allocation Failure) 317M->52M(818M) 1.694ms
[186.164s][info][gc,cpu         ] GC(461) User=0.01s Sys=0.00s Real=0.00s
[186.322s][info][gc,start       ] GC(462) Pause Young (Allocation Failure)
[186.322s][info][gc,heap        ] GC(462) PSYoungGen: 261184K(261632K)->64K(264704K) Eden: 261120K(261120K)->0K(250880K) From: 64K(512K)->64K(13824K)
[186.322s][info][gc,heap        ] GC(462) ParOldGen: 53544K(576512K)->53552K(576512K)
[186.322s][info][gc,metaspace   ] GC(462) Metaspace: 35157K(35840K)->35157K(35840K) NonClass: 28896K(29376K)->28896K(29376K) Class: 6261K(6464K)->6261K(6464K)
[186.322s][info][gc             ] GC(462) Pause Young (Allocation Failure) 307M->52M(821M) 0.696ms
[186.322s][info][gc,cpu         ] GC(462) User=0.00s Sys=0.00s Real=0.00s
[187.262s][info][gc,start       ] GC(463) Pause Young (Allocation Failure)
[187.264s][info][gc,heap        ] GC(463) PSYoungGen: 250944K(264704K)->64K(241664K) Eden: 250880K(250880K)->0K(241152K) From: 64K(13824K)->64K(512K)
[187.264s][info][gc,heap        ] GC(463) ParOldGen: 53552K(576512K)->53560K(576512K)
[187.264s][info][gc,metaspace   ] GC(463) Metaspace: 35157K(35840K)->35157K(35840K) NonClass: 28896K(29376K)->28896K(29376K) Class: 6261K(6464K)->6261K(6464K)
[187.264s][info][gc             ] GC(463) Pause Young (Allocation Failure) 297M->52M(799M) 1.680ms
[187.264s][info][gc,cpu         ] GC(463) User=0.00s Sys=0.00s Real=0.00s
[188.136s][info][gc,start       ] GC(464) Pause Young (Allocation Failure)
[188.136s][info][gc,heap        ] GC(464) PSYoungGen: 241216K(241664K)->64K(244224K) Eden: 241152K(241152K)->0K(231936K) From: 64K(512K)->64K(12288K)
[188.136s][info][gc,heap        ] GC(464) ParOldGen: 53560K(576512K)->53568K(576512K)
[188.136s][info][gc,metaspace   ] GC(464) Metaspace: 35157K(35840K)->35157K(35840K) NonClass: 28896K(29376K)->28896K(29376K) Class: 6261K(6464K)->6261K(6464K)
[188.136s][info][gc             ] GC(464) Pause Young (Allocation Failure) 287M->52M(801M) 0.642ms
[188.136s][info][gc,cpu         ] GC(464) User=0.01s Sys=0.00s Real=0.00s
[188.289s][info][gc,start       ] GC(465) Pause Young (Allocation Failure)
[188.290s][info][gc,heap        ] GC(465) PSYoungGen: 232000K(244224K)->64K(223744K) Eden: 231936K(231936K)->0K(223232K) From: 64K(12288K)->64K(512K)
[188.290s][info][gc,heap        ] GC(465) ParOldGen: 53568K(576512K)->53576K(576512K)
[188.290s][info][gc,metaspace   ] GC(465) Metaspace: 35157K(35840K)->35157K(35840K) NonClass: 28896K(29376K)->28896K(29376K) Class: 6261K(6464K)->6261K(6464K)
[188.290s][info][gc             ] GC(465) Pause Young (Allocation Failure) 278M->52M(781M) 1.419ms
[188.290s][info][gc,cpu         ] GC(465) User=0.00s Sys=0.00s Real=0.00s
[188.690s][info][gc,start       ] GC(466) Pause Young (Allocation Failure)
[188.691s][info][gc,heap        ] GC(466) PSYoungGen: 223296K(223744K)->64K(225792K) Eden: 223232K(223232K)->0K(215040K) From: 64K(512K)->64K(10752K)
[188.691s][info][gc,heap        ] GC(466) ParOldGen: 53576K(576512K)->53584K(576512K)
[188.691s][info][gc,metaspace   ] GC(466) Metaspace: 35157K(35840K)->35157K(35840K) NonClass: 28896K(29376K)->28896K(29376K) Class: 6261K(6464K)->6261K(6464K)
[188.691s][info][gc             ] GC(466) Pause Young (Allocation Failure) 270M->52M(783M) 0.681ms
[188.691s][info][gc,cpu         ] GC(466) User=0.00s Sys=0.00s Real=0.00s
[188.964s][info][gc,start       ] GC(467) Pause Young (Allocation Failure)
[188.965s][info][gc,heap        ] GC(467) PSYoungGen: 215104K(225792K)->64K(207360K) Eden: 215040K(215040K)->0K(206848K) From: 64K(10752K)->64K(512K)
[188.966s][info][gc,heap        ] GC(467) ParOldGen: 53584K(576512K)->53592K(576512K)
[188.966s][info][gc,metaspace   ] GC(467) Metaspace: 35157K(35840K)->35157K(35840K) NonClass: 28896K(29376K)->28896K(29376K) Class: 6261K(6464K)->6261K(6464K)
[188.966s][info][gc             ] GC(467) Pause Young (Allocation Failure) 262M->52M(765M) 1.535ms
[188.966s][info][gc,cpu         ] GC(467) User=0.00s Sys=0.00s Real=0.00s
[189.875s][info][gc,start       ] GC(468) Pause Young (Allocation Failure)
[189.875s][info][gc,heap        ] GC(468) PSYoungGen: 206912K(207360K)->64K(208384K) Eden: 206848K(206848K)->0K(199168K) From: 64K(512K)->64K(9216K)
[189.876s][info][gc,heap        ] GC(468) ParOldGen: 53592K(576512K)->53600K(576512K)
[189.876s][info][gc,metaspace   ] GC(468) Metaspace: 35157K(35840K)->35157K(35840K) NonClass: 28896K(29376K)->28896K(29376K) Class: 6261K(6464K)->6261K(6464K)
[189.876s][info][gc             ] GC(468) Pause Young (Allocation Failure) 254M->52M(766M) 0.780ms
[189.876s][info][gc,cpu         ] GC(468) User=0.00s Sys=0.01s Real=0.00s
[190.205s][info][gc,start       ] GC(469) Pause Young (Allocation Failure)
[190.207s][info][gc,heap        ] GC(469) PSYoungGen: 199232K(208384K)->64K(192512K) Eden: 199168K(199168K)->0K(192000K) From: 64K(9216K)->64K(512K)
[190.207s][info][gc,heap        ] GC(469) ParOldGen: 53600K(576512K)->53616K(576512K)
[190.207s][info][gc,metaspace   ] GC(469) Metaspace: 35157K(35840K)->35157K(35840K) NonClass: 28896K(29376K)->28896K(29376K) Class: 6261K(6464K)->6261K(6464K)
[190.207s][info][gc             ] GC(469) Pause Young (Allocation Failure) 246M->52M(751M) 1.919ms
[190.207s][info][gc,cpu         ] GC(469) User=0.00s Sys=0.00s Real=0.01s
[190.383s][info][gc,start       ] GC(470) Pause Young (Allocation Failure)
[190.385s][info][gc,heap        ] GC(470) PSYoungGen: 192064K(192512K)->64K(193536K) Eden: 192000K(192000K)->0K(185344K) From: 64K(512K)->64K(8192K)
[190.385s][info][gc,heap        ] GC(470) ParOldGen: 53616K(576512K)->53632K(576512K)
[190.385s][info][gc,metaspace   ] GC(470) Metaspace: 35157K(35840K)->35157K(35840K) NonClass: 28896K(29376K)->28896K(29376K) Class: 6261K(6464K)->6261K(6464K)
[190.385s][info][gc             ] GC(470) Pause Young (Allocation Failure) 239M->52M(752M) 1.214ms
[190.385s][info][gc,cpu         ] GC(470) User=0.00s Sys=0.00s Real=0.00s
[190.433s][info][gc,start       ] GC(471) Pause Young (Allocation Failure)
[190.435s][info][gc,heap        ] GC(471) PSYoungGen: 185408K(193536K)->32K(179200K) Eden: 185344K(185344K)->0K(178688K) From: 64K(8192K)->32K(512K)
[190.435s][info][gc,heap        ] GC(471) ParOldGen: 53632K(576512K)->53648K(576512K)
[190.435s][info][gc,metaspace   ] GC(471) Metaspace: 35157K(35840K)->35157K(35840K) NonClass: 28896K(29376K)->28896K(29376K) Class: 6261K(6464K)->6261K(6464K)
[190.435s][info][gc             ] GC(471) Pause Young (Allocation Failure) 233M->52M(738M) 1.861ms
[190.435s][info][gc,cpu         ] GC(471) User=0.00s Sys=0.00s Real=0.00s
[190.632s][info][gc,start       ] GC(472) Pause Young (Allocation Failure)
[190.633s][info][gc,heap        ] GC(472) PSYoungGen: 178720K(179200K)->64K(179712K) Eden: 178688K(178688K)->0K(172544K) From: 32K(512K)->64K(7168K)
[190.633s][info][gc,heap        ] GC(472) ParOldGen: 53648K(576512K)->53648K(576512K)
[190.633s][info][gc,metaspace   ] GC(472) Metaspace: 35157K(35840K)->35157K(35840K) NonClass: 28896K(29376K)->28896K(29376K) Class: 6261K(6464K)->6261K(6464K)
[190.633s][info][gc             ] GC(472) Pause Young (Allocation Failure) 226M->52M(738M) 1.169ms
[190.633s][info][gc,cpu         ] GC(472) User=0.00s Sys=0.00s Real=0.00s
[191.117s][info][gc,start       ] GC(473) Pause Young (Allocation Failure)
[191.119s][info][gc,heap        ] GC(473) PSYoungGen: 172608K(179712K)->64K(166912K) Eden: 172544K(172544K)->0K(166400K) From: 64K(7168K)->64K(512K)
[191.119s][info][gc,heap        ] GC(473) ParOldGen: 53648K(576512K)->53664K(576512K)
[191.119s][info][gc,metaspace   ] GC(473) Metaspace: 35157K(35840K)->35157K(35840K) NonClass: 28896K(29376K)->28896K(29376K) Class: 6261K(6464K)->6261K(6464K)
[191.119s][info][gc             ] GC(473) Pause Young (Allocation Failure) 220M->52M(726M) 1.484ms
[191.119s][info][gc,cpu         ] GC(473) User=0.00s Sys=0.00s Real=0.00s
[191.279s][info][gc,start       ] GC(474) Pause Young (Allocation Failure)
[191.280s][info][gc,heap        ] GC(474) PSYoungGen: 166464K(166912K)->64K(166912K) Eden: 166400K(166400K)->0K(160768K) From: 64K(512K)->64K(6144K)
[191.280s][info][gc,heap        ] GC(474) ParOldGen: 53664K(576512K)->53664K(576512K)
[191.280s][info][gc,metaspace   ] GC(474) Metaspace: 35157K(35840K)->35157K(35840K) NonClass: 28896K(29376K)->28896K(29376K) Class: 6261K(6464K)->6261K(6464K)
[191.280s][info][gc             ] GC(474) Pause Young (Allocation Failure) 214M->52M(726M) 1.227ms
[191.280s][info][gc,cpu         ] GC(474) User=0.00s Sys=0.00s Real=0.00s
[191.589s][info][gc,start       ] GC(475) Pause Young (Allocation Failure)
[191.591s][info][gc,heap        ] GC(475) PSYoungGen: 160832K(166912K)->64K(155648K) Eden: 160768K(160768K)->0K(155136K) From: 64K(6144K)->64K(512K)
[191.591s][info][gc,heap        ] GC(475) ParOldGen: 53664K(576512K)->53680K(576512K)
[191.591s][info][gc,metaspace   ] GC(475) Metaspace: 35157K(35840K)->35157K(35840K) NonClass: 28896K(29376K)->28896K(29376K) Class: 6261K(6464K)->6261K(6464K)
[191.591s][info][gc             ] GC(475) Pause Young (Allocation Failure) 209M->52M(715M) 1.704ms
[191.591s][info][gc,cpu         ] GC(475) User=0.00s Sys=0.00s Real=0.00s
[191.840s][info][gc,start       ] GC(476) Pause Young (Allocation Failure)
[191.867s][info][gc,heap        ] GC(476) PSYoungGen: 155200K(155648K)->5120K(191488K) Eden: 155136K(155136K)->0K(186368K) From: 64K(512K)->5120K(5120K)
[191.867s][info][gc,heap        ] GC(476) ParOldGen: 53680K(576512K)->63920K(576512K)
[191.867s][info][gc,metaspace   ] GC(476) Metaspace: 35157K(35840K)->35157K(35840K) NonClass: 28896K(29376K)->28896K(29376K) Class: 6261K(6464K)->6261K(6464K)
[191.867s][info][gc             ] GC(476) Pause Young (Allocation Failure) 203M->67M(750M) 27.011ms
[191.867s][info][gc,cpu         ] GC(476) User=0.05s Sys=0.00s Real=0.03s
[192.100s][info][gc,start       ] GC(477) Pause Young (Allocation Failure)
[192.135s][info][gc,heap        ] GC(477) PSYoungGen: 191488K(191488K)->5120K(224768K) Eden: 186368K(186368K)->0K(219648K) From: 5120K(5120K)->5120K(5120K)
[192.135s][info][gc,heap        ] GC(477) ParOldGen: 63920K(576512K)->78856K(576512K)
[192.135s][info][gc,metaspace   ] GC(477) Metaspace: 35157K(35840K)->35157K(35840K) NonClass: 28896K(29376K)->28896K(29376K) Class: 6261K(6464K)->6261K(6464K)
[192.135s][info][gc             ] GC(477) Pause Young (Allocation Failure) 249M->82M(782M) 35.695ms
[192.135s][info][gc,cpu         ] GC(477) User=0.07s Sys=0.00s Real=0.03s
[192.408s][info][gc,start       ] GC(478) Pause Young (Allocation Failure)
[192.448s][info][gc,heap        ] GC(478) PSYoungGen: 224768K(224768K)->16384K(236032K) Eden: 219648K(219648K)->0K(219648K) From: 5120K(5120K)->16384K(16384K)
[192.448s][info][gc,heap        ] GC(478) ParOldGen: 78856K(576512K)->86160K(576512K)
[192.448s][info][gc,metaspace   ] GC(478) Metaspace: 35157K(35840K)->35157K(35840K) NonClass: 28896K(29376K)->28896K(29376K) Class: 6261K(6464K)->6261K(6464K)
[192.448s][info][gc             ] GC(478) Pause Young (Allocation Failure) 296M->100M(793M) 40.524ms
[192.448s][info][gc,cpu         ] GC(478) User=0.08s Sys=0.00s Real=0.04s
[192.607s][info][gc,start       ] GC(479) Pause Young (Allocation Failure)
[192.631s][info][gc,heap        ] GC(479) PSYoungGen: 236032K(236032K)->10784K(286208K) Eden: 219648K(219648K)->0K(263680K) From: 16384K(16384K)->10784K(22528K)
[192.631s][info][gc,heap        ] GC(479) ParOldGen: 86160K(576512K)->86416K(576512K)
[192.631s][info][gc,metaspace   ] GC(479) Metaspace: 35157K(35840K)->35157K(35840K) NonClass: 28896K(29376K)->28896K(29376K) Class: 6261K(6464K)->6261K(6464K)
[192.631s][info][gc             ] GC(479) Pause Young (Allocation Failure) 314M->94M(842M) 24.494ms
[192.631s][info][gc,cpu         ] GC(479) User=0.04s Sys=0.01s Real=0.03s
[192.868s][info][gc,start       ] GC(480) Pause Young (Allocation Failure)
[192.869s][info][gc,heap        ] GC(480) PSYoungGen: 274464K(286208K)->64K(286208K) Eden: 263680K(263680K)->0K(263680K) From: 10784K(22528K)->64K(22528K)
[192.869s][info][gc,heap        ] GC(480) ParOldGen: 86416K(576512K)->86424K(576512K)
[192.869s][info][gc,metaspace   ] GC(480) Metaspace: 35157K(35840K)->35157K(35840K) NonClass: 28896K(29376K)->28896K(29376K) Class: 6261K(6464K)->6261K(6464K)
[192.869s][info][gc             ] GC(480) Pause Young (Allocation Failure) 352M->84M(842M) 0.840ms
[192.869s][info][gc,cpu         ] GC(480) User=0.00s Sys=0.00s Real=0.00s
[193.551s][info][gc,start       ] GC(481) Pause Young (Allocation Failure)
[193.552s][info][gc,heap        ] GC(481) PSYoungGen: 263744K(286208K)->64K(310784K) Eden: 263680K(263680K)->0K(289280K) From: 64K(22528K)->64K(21504K)
[193.552s][info][gc,heap        ] GC(481) ParOldGen: 86424K(576512K)->86440K(576512K)
[193.552s][info][gc,metaspace   ] GC(481) Metaspace: 35157K(35840K)->35157K(35840K) NonClass: 28896K(29376K)->28896K(29376K) Class: 6261K(6464K)->6261K(6464K)
[193.552s][info][gc             ] GC(481) Pause Young (Allocation Failure) 341M->84M(866M) 0.941ms
[193.552s][info][gc,cpu         ] GC(481) User=0.00s Sys=0.00s Real=0.00s
[193.868s][info][gc,start       ] GC(482) Pause Young (Allocation Failure)
[193.869s][info][gc,heap        ] GC(482) PSYoungGen: 289344K(310784K)->64K(310784K) Eden: 289280K(289280K)->0K(289280K) From: 64K(21504K)->64K(21504K)
[193.869s][info][gc,heap        ] GC(482) ParOldGen: 86440K(576512K)->86440K(576512K)
[193.869s][info][gc,metaspace   ] GC(482) Metaspace: 35157K(35840K)->35157K(35840K) NonClass: 28896K(29376K)->28896K(29376K) Class: 6261K(6464K)->6261K(6464K)
[193.869s][info][gc             ] GC(482) Pause Young (Allocation Failure) 366M->84M(866M) 0.974ms
[193.869s][info][gc,cpu         ] GC(482) User=0.00s Sys=0.00s Real=0.00s
[194.315s][info][gc,start       ] GC(483) Pause Young (Allocation Failure)
[194.317s][info][gc,heap        ] GC(483) PSYoungGen: 289344K(310784K)->64K(311808K) Eden: 289280K(289280K)->0K(291328K) From: 64K(21504K)->64K(20480K)
[194.317s][info][gc,heap        ] GC(483) ParOldGen: 86440K(576512K)->86456K(576512K)
[194.317s][info][gc,metaspace   ] GC(483) Metaspace: 35157K(35840K)->35157K(35840K) NonClass: 28896K(29376K)->28896K(29376K) Class: 6261K(6464K)->6261K(6464K)
[194.317s][info][gc             ] GC(483) Pause Young (Allocation Failure) 366M->84M(867M) 1.313ms
[194.317s][info][gc,cpu         ] GC(483) User=0.00s Sys=0.00s Real=0.01s
[194.515s][info][gc,start       ] GC(484) Pause Young (Allocation Failure)
[194.517s][info][gc,heap        ] GC(484) PSYoungGen: 291392K(311808K)->32K(311296K) Eden: 291328K(291328K)->0K(291328K) From: 64K(20480K)->32K(19968K)
[194.517s][info][gc,heap        ] GC(484) ParOldGen: 86456K(576512K)->86472K(576512K)
[194.517s][info][gc,metaspace   ] GC(484) Metaspace: 35157K(35840K)->35157K(35840K) NonClass: 28896K(29376K)->28896K(29376K) Class: 6261K(6464K)->6261K(6464K)
[194.517s][info][gc             ] GC(484) Pause Young (Allocation Failure) 368M->84M(867M) 1.356ms
[194.517s][info][gc,cpu         ] GC(484) User=0.00s Sys=0.00s Real=0.01s
[194.730s][info][gc,start       ] GC(485) Pause Young (Allocation Failure)
[194.731s][info][gc,heap        ] GC(485) PSYoungGen: 291360K(311296K)->64K(312832K) Eden: 291328K(291328K)->0K(294400K) From: 32K(19968K)->64K(18432K)
[194.731s][info][gc,heap        ] GC(485) ParOldGen: 86472K(576512K)->86472K(576512K)
[194.731s][info][gc,metaspace   ] GC(485) Metaspace: 35157K(35840K)->35157K(35840K) NonClass: 28896K(29376K)->28896K(29376K) Class: 6261K(6464K)->6261K(6464K)
[194.731s][info][gc             ] GC(485) Pause Young (Allocation Failure) 368M->84M(868M) 1.461ms
[194.731s][info][gc,cpu         ] GC(485) User=0.00s Sys=0.00s Real=0.00s
[195.055s][info][gc,start       ] GC(486) Pause Young (Allocation Failure)
[195.056s][info][gc,heap        ] GC(486) PSYoungGen: 294464K(312832K)->64K(312320K) Eden: 294400K(294400K)->0K(294400K) From: 64K(18432K)->64K(17920K)
[195.056s][info][gc,heap        ] GC(486) ParOldGen: 86472K(576512K)->86472K(576512K)
[195.056s][info][gc,metaspace   ] GC(486) Metaspace: 35157K(35840K)->35157K(35840K) NonClass: 28896K(29376K)->28896K(29376K) Class: 6261K(6464K)->6261K(6464K)
[195.056s][info][gc             ] GC(486) Pause Young (Allocation Failure) 372M->84M(868M) 1.370ms
[195.056s][info][gc,cpu         ] GC(486) User=0.00s Sys=0.00s Real=0.00s
[195.112s][info][gc,start       ] GC(487) Pause Young (Allocation Failure)
[195.114s][info][gc,heap        ] GC(487) PSYoungGen: 294464K(312320K)->32K(314880K) Eden: 294400K(294400K)->0K(298496K) From: 64K(17920K)->32K(16384K)
[195.114s][info][gc,heap        ] GC(487) ParOldGen: 86472K(576512K)->86488K(576512K)
[195.114s][info][gc,metaspace   ] GC(487) Metaspace: 35157K(35840K)->35157K(35840K) NonClass: 28896K(29376K)->28896K(29376K) Class: 6261K(6464K)->6261K(6464K)
[195.114s][info][gc             ] GC(487) Pause Young (Allocation Failure) 372M->84M(870M) 1.406ms
[195.114s][info][gc,cpu         ] GC(487) User=0.00s Sys=0.00s Real=0.00s
[195.202s][info][gc,start       ] GC(488) Pause Young (Allocation Failure)
[195.203s][info][gc,heap        ] GC(488) PSYoungGen: 298528K(314880K)->64K(314880K) Eden: 298496K(298496K)->0K(298496K) From: 32K(16384K)->64K(16384K)
[195.203s][info][gc,heap        ] GC(488) ParOldGen: 86488K(576512K)->86488K(576512K)
[195.204s][info][gc,metaspace   ] GC(488) Metaspace: 35157K(35840K)->35157K(35840K) NonClass: 28896K(29376K)->28896K(29376K) Class: 6261K(6464K)->6261K(6464K)
[195.204s][info][gc             ] GC(488) Pause Young (Allocation Failure) 375M->84M(870M) 1.333ms
[195.204s][info][gc,cpu         ] GC(488) User=0.00s Sys=0.00s Real=0.00s
[195.446s][info][gc,start       ] GC(489) Pause Young (Allocation Failure)
[195.447s][info][gc,heap        ] GC(489) PSYoungGen: 298560K(314880K)->32K(316416K) Eden: 298496K(298496K)->0K(302080K) From: 64K(16384K)->32K(14336K)
[195.447s][info][gc,heap        ] GC(489) ParOldGen: 86488K(576512K)->86496K(576512K)
[195.447s][info][gc,metaspace   ] GC(489) Metaspace: 35157K(35840K)->35157K(35840K) NonClass: 28896K(29376K)->28896K(29376K) Class: 6261K(6464K)->6261K(6464K)
[195.447s][info][gc             ] GC(489) Pause Young (Allocation Failure) 376M->84M(872M) 1.242ms
[195.447s][info][gc,cpu         ] GC(489) User=0.00s Sys=0.00s Real=0.01s
[195.666s][info][gc,start       ] GC(490) Pause Young (Allocation Failure)
[195.667s][info][gc,heap        ] GC(490) PSYoungGen: 302112K(316416K)->64K(316416K) Eden: 302080K(302080K)->0K(302080K) From: 32K(14336K)->64K(14336K)
[195.667s][info][gc,heap        ] GC(490) ParOldGen: 86496K(576512K)->86496K(576512K)
[195.667s][info][gc,metaspace   ] GC(490) Metaspace: 35157K(35840K)->35157K(35840K) NonClass: 28896K(29376K)->28896K(29376K) Class: 6261K(6464K)->6261K(6464K)
[195.667s][info][gc             ] GC(490) Pause Young (Allocation Failure) 379M->84M(872M) 0.897ms
[195.667s][info][gc,cpu         ] GC(490) User=0.00s Sys=0.00s Real=0.01s
[195.749s][info][gc,start       ] GC(491) Pause Young (Allocation Failure)
[195.750s][info][gc,heap        ] GC(491) PSYoungGen: 302144K(316416K)->64K(290304K) Eden: 302080K(302080K)->0K(289792K) From: 64K(14336K)->64K(512K)
[195.750s][info][gc,heap        ] GC(491) ParOldGen: 86496K(576512K)->86512K(576512K)
[195.750s][info][gc,metaspace   ] GC(491) Metaspace: 35157K(35840K)->35157K(35840K) NonClass: 28896K(29376K)->28896K(29376K) Class: 6261K(6464K)->6261K(6464K)
[195.750s][info][gc             ] GC(491) Pause Young (Allocation Failure) 379M->84M(846M) 0.860ms
[195.750s][info][gc,cpu         ] GC(491) User=0.00s Sys=0.00s Real=0.00s
[195.875s][info][gc,start       ] GC(492) Pause Young (Allocation Failure)
[195.876s][info][gc,heap        ] GC(492) PSYoungGen: 289856K(290304K)->64K(290816K) Eden: 289792K(289792K)->0K(278016K) From: 64K(512K)->64K(12800K)
[195.876s][info][gc,heap        ] GC(492) ParOldGen: 86512K(576512K)->86512K(576512K)
[195.876s][info][gc,metaspace   ] GC(492) Metaspace: 35157K(35840K)->35157K(35840K) NonClass: 28896K(29376K)->28896K(29376K) Class: 6261K(6464K)->6261K(6464K)
[195.876s][info][gc             ] GC(492) Pause Young (Allocation Failure) 367M->84M(847M) 0.757ms
[195.876s][info][gc,cpu         ] GC(492) User=0.01s Sys=0.00s Real=0.00s
[196.234s][info][gc,start       ] GC(493) Pause Young (Allocation Failure)
[196.235s][info][gc,heap        ] GC(493) PSYoungGen: 278080K(290816K)->64K(267776K) Eden: 278016K(278016K)->0K(267264K) From: 64K(12800K)->64K(512K)
[196.235s][info][gc,heap        ] GC(493) ParOldGen: 86512K(576512K)->86520K(576512K)
[196.235s][info][gc,metaspace   ] GC(493) Metaspace: 35157K(35840K)->35157K(35840K) NonClass: 28896K(29376K)->28896K(29376K) Class: 6261K(6464K)->6261K(6464K)
[196.235s][info][gc             ] GC(493) Pause Young (Allocation Failure) 356M->84M(824M) 0.911ms
[196.235s][info][gc,cpu         ] GC(493) User=0.00s Sys=0.00s Real=0.00s
[196.954s][info][gc,start       ] GC(494) Pause Young (Allocation Failure)
[196.954s][info][gc,heap        ] GC(494) PSYoungGen: 267328K(267776K)->83K(268288K) Eden: 267264K(267264K)->0K(257024K) From: 64K(512K)->83K(11264K)
[196.954s][info][gc,heap        ] GC(494) ParOldGen: 86520K(576512K)->86528K(576512K)
[196.954s][info][gc,metaspace   ] GC(494) Metaspace: 35157K(35840K)->35157K(35840K) NonClass: 28896K(29376K)->28896K(29376K) Class: 6261K(6464K)->6261K(6464K)
[196.955s][info][gc             ] GC(494) Pause Young (Allocation Failure) 345M->84M(825M) 0.812ms
[196.955s][info][gc,cpu         ] GC(494) User=0.00s Sys=0.00s Real=0.00s
[197.894s][info][gc,start       ] GC(495) Pause Young (Allocation Failure)
[197.896s][info][gc,heap        ] GC(495) PSYoungGen: 257107K(268288K)->64K(247296K) Eden: 257024K(257024K)->0K(246784K) From: 83K(11264K)->64K(512K)
[197.896s][info][gc,heap        ] GC(495) ParOldGen: 86528K(576512K)->86536K(576512K)
[197.896s][info][gc,metaspace   ] GC(495) Metaspace: 35157K(35840K)->35157K(35840K) NonClass: 28896K(29376K)->28896K(29376K) Class: 6261K(6464K)->6261K(6464K)
[197.896s][info][gc             ] GC(495) Pause Young (Allocation Failure) 335M->84M(804M) 1.747ms
[197.896s][info][gc,cpu         ] GC(495) User=0.01s Sys=0.00s Real=0.00s
[198.185s][info][gc,start       ] GC(496) Pause Young (Allocation Failure)
[198.186s][info][gc,heap        ] GC(496) PSYoungGen: 246848K(247296K)->64K(246784K) Eden: 246784K(246784K)->0K(237056K) From: 64K(512K)->64K(9728K)
[198.186s][info][gc,heap        ] GC(496) ParOldGen: 86536K(576512K)->86552K(576512K)
[198.186s][info][gc,metaspace   ] GC(496) Metaspace: 35157K(35840K)->35157K(35840K) NonClass: 28896K(29376K)->28896K(29376K) Class: 6261K(6464K)->6261K(6464K)
[198.187s][info][gc             ] GC(496) Pause Young (Allocation Failure) 325M->84M(804M) 1.233ms
[198.187s][info][gc,cpu         ] GC(496) User=0.01s Sys=0.00s Real=0.00s
[198.577s][info][gc,start       ] GC(497) Pause Young (Allocation Failure)
[198.580s][info][gc,heap        ] GC(497) PSYoungGen: 237120K(246784K)->64K(228352K) Eden: 237056K(237056K)->0K(227840K) From: 64K(9728K)->64K(512K)
[198.580s][info][gc,heap        ] GC(497) ParOldGen: 86552K(576512K)->86560K(576512K)
[198.580s][info][gc,metaspace   ] GC(497) Metaspace: 35157K(35840K)->35157K(35840K) NonClass: 28896K(29376K)->28896K(29376K) Class: 6261K(6464K)->6261K(6464K)
[198.580s][info][gc             ] GC(497) Pause Young (Allocation Failure) 316M->84M(786M) 2.205ms
[198.580s][info][gc,cpu         ] GC(497) User=0.00s Sys=0.00s Real=0.00s
[199.540s][info][gc,start       ] GC(498) Pause Young (Allocation Failure)
[199.542s][info][gc,heap        ] GC(498) PSYoungGen: 227904K(228352K)->64K(227840K) Eden: 227840K(227840K)->0K(219136K) From: 64K(512K)->64K(8704K)
[199.542s][info][gc,heap        ] GC(498) ParOldGen: 86560K(576512K)->86576K(576512K)
[199.542s][info][gc,metaspace   ] GC(498) Metaspace: 35157K(35840K)->35157K(35840K) NonClass: 28896K(29376K)->28896K(29376K) Class: 6261K(6464K)->6261K(6464K)
[199.542s][info][gc             ] GC(498) Pause Young (Allocation Failure) 307M->84M(785M) 2.144ms
[199.542s][info][gc,cpu         ] GC(498) User=0.01s Sys=0.00s Real=0.00s
[199.924s][info][gc,start       ] GC(499) Pause Young (Allocation Failure)
[199.926s][info][gc,heap        ] GC(499) PSYoungGen: 219200K(227840K)->64K(211456K) Eden: 219136K(219136K)->0K(210944K) From: 64K(8704K)->64K(512K)
[199.926s][info][gc,heap        ] GC(499) ParOldGen: 86576K(576512K)->86592K(576512K)
[199.926s][info][gc,metaspace   ] GC(499) Metaspace: 35157K(35840K)->35157K(35840K) NonClass: 28896K(29376K)->28896K(29376K) Class: 6261K(6464K)->6261K(6464K)
[199.926s][info][gc             ] GC(499) Pause Young (Allocation Failure) 298M->84M(769M) 1.837ms
[199.926s][info][gc,cpu         ] GC(499) User=0.00s Sys=0.01s Real=0.00s
[200.116s][info][gc,start       ] GC(500) Pause Young (Allocation Failure)
[200.117s][info][gc,heap        ] GC(500) PSYoungGen: 211008K(211456K)->64K(210944K) Eden: 210944K(210944K)->0K(203264K) From: 64K(512K)->64K(7680K)
[200.117s][info][gc,heap        ] GC(500) ParOldGen: 86592K(576512K)->86600K(576512K)
[200.117s][info][gc,metaspace   ] GC(500) Metaspace: 35157K(35840K)->35157K(35840K) NonClass: 28896K(29376K)->28896K(29376K) Class: 6261K(6464K)->6261K(6464K)
[200.117s][info][gc             ] GC(500) Pause Young (Allocation Failure) 290M->84M(769M) 1.094ms
[200.117s][info][gc,cpu         ] GC(500) User=0.00s Sys=0.00s Real=0.01s
[200.169s][info][gc,start       ] GC(501) Pause Young (Allocation Failure)
[200.170s][info][gc,heap        ] GC(501) PSYoungGen: 203328K(210944K)->32K(196096K) Eden: 203264K(203264K)->0K(195584K) From: 64K(7680K)->32K(512K)
[200.170s][info][gc,heap        ] GC(501) ParOldGen: 86600K(576512K)->86608K(576512K)
[200.170s][info][gc,metaspace   ] GC(501) Metaspace: 35157K(35840K)->35157K(35840K) NonClass: 28896K(29376K)->28896K(29376K) Class: 6261K(6464K)->6261K(6464K)
[200.170s][info][gc             ] GC(501) Pause Young (Allocation Failure) 283M->84M(754M) 1.416ms
[200.170s][info][gc,cpu         ] GC(501) User=0.00s Sys=0.00s Real=0.00s
[200.434s][info][gc,start       ] GC(502) Pause Young (Allocation Failure)
[200.435s][info][gc,heap        ] GC(502) PSYoungGen: 195616K(196096K)->64K(195072K) Eden: 195584K(195584K)->0K(188416K) From: 32K(512K)->64K(6656K)
[200.435s][info][gc,heap        ] GC(502) ParOldGen: 86608K(576512K)->86608K(576512K)
[200.435s][info][gc,metaspace   ] GC(502) Metaspace: 35157K(35840K)->35157K(35840K) NonClass: 28896K(29376K)->28896K(29376K) Class: 6261K(6464K)->6261K(6464K)
[200.435s][info][gc             ] GC(502) Pause Young (Allocation Failure) 275M->84M(753M) 1.100ms
[200.435s][info][gc,cpu         ] GC(502) User=0.01s Sys=0.00s Real=0.00s
[200.921s][info][gc,start       ] GC(503) Pause Young (Allocation Failure)
[200.924s][info][gc,heap        ] GC(503) PSYoungGen: 188480K(195072K)->64K(182272K) Eden: 188416K(188416K)->0K(181760K) From: 64K(6656K)->64K(512K)
[200.924s][info][gc,heap        ] GC(503) ParOldGen: 86608K(576512K)->86616K(576512K)
[200.924s][info][gc,metaspace   ] GC(503) Metaspace: 35157K(35840K)->35157K(35840K) NonClass: 28896K(29376K)->28896K(29376K) Class: 6261K(6464K)->6261K(6464K)
[200.924s][info][gc             ] GC(503) Pause Young (Allocation Failure) 268M->84M(741M) 2.822ms
[200.924s][info][gc,cpu         ] GC(503) User=0.01s Sys=0.00s Real=0.00s
[201.129s][info][gc,start       ] GC(504) Pause Young (Allocation Failure)
[201.130s][info][gc,heap        ] GC(504) PSYoungGen: 181824K(182272K)->64K(180736K) Eden: 181760K(181760K)->0K(175104K) From: 64K(512K)->64K(5632K)
[201.130s][info][gc,heap        ] GC(504) ParOldGen: 86616K(576512K)->86624K(576512K)
[201.130s][info][gc,metaspace   ] GC(504) Metaspace: 35157K(35840K)->35157K(35840K) NonClass: 28896K(29376K)->28896K(29376K) Class: 6261K(6464K)->6261K(6464K)
[201.130s][info][gc             ] GC(504) Pause Young (Allocation Failure) 262M->84M(739M) 1.089ms
[201.130s][info][gc,cpu         ] GC(504) User=0.00s Sys=0.00s Real=0.00s
[201.445s][info][gc,start       ] GC(505) Pause Young (Allocation Failure)
[201.480s][info][gc,heap        ] GC(505) PSYoungGen: 175168K(180736K)->5120K(215552K) Eden: 175104K(175104K)->0K(210432K) From: 64K(5632K)->5120K(5120K)
[201.480s][info][gc,heap        ] GC(505) ParOldGen: 86624K(576512K)->88232K(576512K)
[201.480s][info][gc,metaspace   ] GC(505) Metaspace: 35157K(35840K)->35157K(35840K) NonClass: 28896K(29376K)->28896K(29376K) Class: 6261K(6464K)->6261K(6464K)
[201.480s][info][gc             ] GC(505) Pause Young (Allocation Failure) 255M->91M(773M) 35.434ms
[201.480s][info][gc,cpu         ] GC(505) User=0.04s Sys=0.00s Real=0.04s
[201.751s][info][gc,start       ] GC(506) Pause Young (Allocation Failure)
[201.804s][info][gc,heap        ] GC(506) PSYoungGen: 215552K(215552K)->7168K(260096K) Eden: 210432K(210432K)->0K(252928K) From: 5120K(5120K)->7168K(7168K)
[201.804s][info][gc,heap        ] GC(506) ParOldGen: 88232K(576512K)->103320K(576512K)
[201.804s][info][gc,metaspace   ] GC(506) Metaspace: 35157K(35840K)->35157K(35840K) NonClass: 28896K(29376K)->28896K(29376K) Class: 6261K(6464K)->6261K(6464K)
[201.804s][info][gc             ] GC(506) Pause Young (Allocation Failure) 296M->107M(817M) 52.576ms
[201.804s][info][gc,cpu         ] GC(506) User=0.09s Sys=0.00s Real=0.05s
[202.130s][info][gc,start       ] GC(507) Pause Young (Allocation Failure)
[202.204s][info][gc,heap        ] GC(507) PSYoungGen: 260096K(260096K)->14336K(259584K) Eden: 252928K(252928K)->0K(245248K) From: 7168K(7168K)->14336K(14336K)
[202.204s][info][gc,heap        ] GC(507) ParOldGen: 103320K(576512K)->116216K(576512K)
[202.204s][info][gc,metaspace   ] GC(507) Metaspace: 35157K(35840K)->35157K(35840K) NonClass: 28896K(29376K)->28896K(29376K) Class: 6261K(6464K)->6261K(6464K)
[202.204s][info][gc             ] GC(507) Pause Young (Allocation Failure) 354M->127M(816M) 73.452ms
[202.204s][info][gc,cpu         ] GC(507) User=0.13s Sys=0.01s Real=0.07s
[202.397s][info][gc,start       ] GC(508) Pause Young (Allocation Failure)
[202.422s][info][gc,heap        ] GC(508) PSYoungGen: 259584K(259584K)->13376K(267264K) Eden: 245248K(245248K)->0K(245248K) From: 14336K(14336K)->13376K(22016K)
[202.422s][info][gc,heap        ] GC(508) ParOldGen: 116216K(576512K)->116680K(576512K)
[202.423s][info][gc,metaspace   ] GC(508) Metaspace: 35157K(35840K)->35157K(35840K) NonClass: 28896K(29376K)->28896K(29376K) Class: 6261K(6464K)->6261K(6464K)
[202.423s][info][gc             ] GC(508) Pause Young (Allocation Failure) 366M->127M(824M) 25.498ms
[202.423s][info][gc,cpu         ] GC(508) User=0.05s Sys=0.00s Real=0.02s
[202.589s][info][gc,start       ] GC(509) Pause Young (Allocation Failure)
[202.590s][info][gc,heap        ] GC(509) PSYoungGen: 258624K(267264K)->64K(310784K) Eden: 245248K(245248K)->0K(287232K) From: 13376K(22016K)->64K(23552K)
[202.590s][info][gc,heap        ] GC(509) ParOldGen: 116680K(576512K)->116688K(576512K)
[202.590s][info][gc,metaspace   ] GC(509) Metaspace: 35157K(35840K)->35157K(35840K) NonClass: 28896K(29376K)->28896K(29376K) Class: 6261K(6464K)->6261K(6464K)
[202.590s][info][gc             ] GC(509) Pause Young (Allocation Failure) 366M->114M(866M) 0.915ms
[202.590s][info][gc,cpu         ] GC(509) User=0.00s Sys=0.00s Real=0.00s
[203.360s][info][gc,start       ] GC(510) Pause Young (Allocation Failure)
[203.361s][info][gc,heap        ] GC(510) PSYoungGen: 287296K(310784K)->64K(287744K) Eden: 287232K(287232K)->0K(287232K) From: 64K(23552K)->64K(512K)
[203.361s][info][gc,heap        ] GC(510) ParOldGen: 116688K(576512K)->116704K(576512K)
[203.361s][info][gc,metaspace   ] GC(510) Metaspace: 35157K(35840K)->35157K(35840K) NonClass: 28896K(29376K)->28896K(29376K) Class: 6261K(6464K)->6261K(6464K)
[203.361s][info][gc             ] GC(510) Pause Young (Allocation Failure) 394M->114M(844M) 0.913ms
[203.361s][info][gc,cpu         ] GC(510) User=0.01s Sys=0.00s Real=0.00s
[203.655s][info][gc,start       ] GC(511) Pause Young (Allocation Failure)
[203.656s][info][gc,heap        ] GC(511) PSYoungGen: 287296K(287744K)->64K(309760K) Eden: 287232K(287232K)->0K(287744K) From: 64K(512K)->64K(22016K)
[203.656s][info][gc,heap        ] GC(511) ParOldGen: 116704K(576512K)->116704K(576512K)
[203.656s][info][gc,metaspace   ] GC(511) Metaspace: 35157K(35840K)->35157K(35840K) NonClass: 28896K(29376K)->28896K(29376K) Class: 6261K(6464K)->6261K(6464K)
[203.656s][info][gc             ] GC(511) Pause Young (Allocation Failure) 394M->114M(865M) 0.967ms
[203.656s][info][gc,cpu         ] GC(511) User=0.00s Sys=0.00s Real=0.00s
[204.098s][info][gc,start       ] GC(512) Pause Young (Allocation Failure)
[204.099s][info][gc,heap        ] GC(512) PSYoungGen: 287808K(309760K)->64K(309248K) Eden: 287744K(287744K)->0K(287744K) From: 64K(22016K)->64K(21504K)
[204.099s][info][gc,heap        ] GC(512) ParOldGen: 116704K(576512K)->116720K(576512K)
[204.099s][info][gc,metaspace   ] GC(512) Metaspace: 35157K(35840K)->35157K(35840K) NonClass: 28896K(29376K)->28896K(29376K) Class: 6261K(6464K)->6261K(6464K)
[204.099s][info][gc             ] GC(512) Pause Young (Allocation Failure) 395M->114M(865M) 1.016ms
[204.099s][info][gc,cpu         ] GC(512) User=0.00s Sys=0.00s Real=0.00s
[204.302s][info][gc,start       ] GC(513) Pause Young (Allocation Failure)
[204.303s][info][gc,heap        ] GC(513) PSYoungGen: 287808K(309248K)->64K(311296K) Eden: 287744K(287744K)->0K(291328K) From: 64K(21504K)->64K(19968K)
[204.303s][info][gc,heap        ] GC(513) ParOldGen: 116720K(576512K)->116736K(576512K)
[204.303s][info][gc,metaspace   ] GC(513) Metaspace: 35157K(35840K)->35157K(35840K) NonClass: 28896K(29376K)->28896K(29376K) Class: 6261K(6464K)->6261K(6464K)
[204.303s][info][gc             ] GC(513) Pause Young (Allocation Failure) 395M->114M(867M) 0.942ms
[204.303s][info][gc,cpu         ] GC(513) User=0.00s Sys=0.00s Real=0.00s
[204.515s][info][gc,start       ] GC(514) Pause Young (Allocation Failure)
[204.515s][info][gc,heap        ] GC(514) PSYoungGen: 291392K(311296K)->64K(310784K) Eden: 291328K(291328K)->0K(291328K) From: 64K(19968K)->64K(19456K)
[204.516s][info][gc,heap        ] GC(514) ParOldGen: 116736K(576512K)->116736K(576512K)
[204.516s][info][gc,metaspace   ] GC(514) Metaspace: 35157K(35840K)->35157K(35840K) NonClass: 28896K(29376K)->28896K(29376K) Class: 6261K(6464K)->6261K(6464K)
[204.516s][info][gc             ] GC(514) Pause Young (Allocation Failure) 398M->114M(866M) 0.899ms
[204.516s][info][gc,cpu         ] GC(514) User=0.00s Sys=0.00s Real=0.00s
[204.827s][info][gc,start       ] GC(515) Pause Young (Allocation Failure)
[204.828s][info][gc,heap        ] GC(515) PSYoungGen: 291392K(310784K)->64K(313344K) Eden: 291328K(291328K)->0K(294912K) From: 64K(19456K)->64K(18432K)
[204.828s][info][gc,heap        ] GC(515) ParOldGen: 116736K(576512K)->116736K(576512K)
[204.828s][info][gc,metaspace   ] GC(515) Metaspace: 35157K(35840K)->35157K(35840K) NonClass: 28896K(29376K)->28896K(29376K) Class: 6261K(6464K)->6261K(6464K)
[204.828s][info][gc             ] GC(515) Pause Young (Allocation Failure) 398M->114M(869M) 1.002ms
[204.828s][info][gc,cpu         ] GC(515) User=0.00s Sys=0.00s Real=0.00s
[204.885s][info][gc,start       ] GC(516) Pause Young (Allocation Failure)
[204.886s][info][gc,heap        ] GC(516) PSYoungGen: 294976K(313344K)->64K(312832K) Eden: 294912K(294912K)->0K(294912K) From: 64K(18432K)->64K(17920K)
[204.886s][info][gc,heap        ] GC(516) ParOldGen: 116736K(576512K)->116752K(576512K)
[204.886s][info][gc,metaspace   ] GC(516) Metaspace: 35157K(35840K)->35157K(35840K) NonClass: 28896K(29376K)->28896K(29376K) Class: 6261K(6464K)->6261K(6464K)
[204.886s][info][gc             ] GC(516) Pause Young (Allocation Failure) 402M->114M(868M) 0.931ms
[204.886s][info][gc,cpu         ] GC(516) User=0.00s Sys=0.00s Real=0.00s
[204.964s][info][gc,start       ] GC(517) Pause Young (Allocation Failure)
[204.965s][info][gc,heap        ] GC(517) PSYoungGen: 294976K(312832K)->64K(314880K) Eden: 294912K(294912K)->0K(298496K) From: 64K(17920K)->64K(16384K)
[204.965s][info][gc,heap        ] GC(517) ParOldGen: 116752K(576512K)->116752K(576512K)
[204.965s][info][gc,metaspace   ] GC(517) Metaspace: 35157K(35840K)->35157K(35840K) NonClass: 28896K(29376K)->28896K(29376K) Class: 6261K(6464K)->6261K(6464K)
[204.965s][info][gc             ] GC(517) Pause Young (Allocation Failure) 402M->114M(870M) 1.116ms
[204.965s][info][gc,cpu         ] GC(517) User=0.00s Sys=0.00s Real=0.00s
[205.192s][info][gc,start       ] GC(518) Pause Young (Allocation Failure)
[205.193s][info][gc,heap        ] GC(518) PSYoungGen: 298560K(314880K)->64K(314368K) Eden: 298496K(298496K)->0K(298496K) From: 64K(16384K)->64K(15872K)
[205.193s][info][gc,heap        ] GC(518) ParOldGen: 116752K(576512K)->116768K(576512K)
[205.193s][info][gc,metaspace   ] GC(518) Metaspace: 35157K(35840K)->35157K(35840K) NonClass: 28896K(29376K)->28896K(29376K) Class: 6261K(6464K)->6261K(6464K)
[205.193s][info][gc             ] GC(518) Pause Young (Allocation Failure) 405M->114M(870M) 1.220ms
[205.193s][info][gc,cpu         ] GC(518) User=0.00s Sys=0.00s Real=0.00s
[205.406s][info][gc,start       ] GC(519) Pause Young (Allocation Failure)
[205.407s][info][gc,heap        ] GC(519) PSYoungGen: 298560K(314368K)->64K(287232K) Eden: 298496K(298496K)->0K(286720K) From: 64K(15872K)->64K(512K)
[205.407s][info][gc,heap        ] GC(519) ParOldGen: 116768K(576512K)->116768K(576512K)
[205.407s][info][gc,metaspace   ] GC(519) Metaspace: 35157K(35840K)->35157K(35840K) NonClass: 28896K(29376K)->28896K(29376K) Class: 6261K(6464K)->6261K(6464K)
[205.407s][info][gc             ] GC(519) Pause Young (Allocation Failure) 405M->114M(843M) 1.092ms
[205.407s][info][gc,cpu         ] GC(519) User=0.00s Sys=0.00s Real=0.01s
[205.487s][info][gc,start       ] GC(520) Pause Young (Allocation Failure)
[205.488s][info][gc,heap        ] GC(520) PSYoungGen: 286784K(287232K)->64K(289792K) Eden: 286720K(286720K)->0K(275456K) From: 64K(512K)->64K(14336K)
[205.488s][info][gc,heap        ] GC(520) ParOldGen: 116768K(576512K)->116784K(576512K)
[205.488s][info][gc,metaspace   ] GC(520) Metaspace: 35157K(35840K)->35157K(35840K) NonClass: 28896K(29376K)->28896K(29376K) Class: 6261K(6464K)->6261K(6464K)
[205.488s][info][gc             ] GC(520) Pause Young (Allocation Failure) 394M->114M(846M) 0.893ms
[205.488s][info][gc,cpu         ] GC(520) User=0.00s Sys=0.00s Real=0.00s
[205.601s][info][gc,start       ] GC(521) Pause Young (Allocation Failure)
[205.602s][info][gc,heap        ] GC(521) PSYoungGen: 275520K(289792K)->64K(265216K) Eden: 275456K(275456K)->0K(264704K) From: 64K(14336K)->64K(512K)
[205.602s][info][gc,heap        ] GC(521) ParOldGen: 116784K(576512K)->116784K(576512K)
[205.602s][info][gc,metaspace   ] GC(521) Metaspace: 35157K(35840K)->35157K(35840K) NonClass: 28896K(29376K)->28896K(29376K) Class: 6261K(6464K)->6261K(6464K)
[205.602s][info][gc             ] GC(521) Pause Young (Allocation Failure) 383M->114M(822M) 0.949ms
[205.602s][info][gc,cpu         ] GC(521) User=0.00s Sys=0.00s Real=0.00s
[205.827s][info][gc,start       ] GC(522) Pause Young (Allocation Failure)
[205.828s][info][gc,heap        ] GC(522) PSYoungGen: 264768K(265216K)->64K(266752K) Eden: 264704K(264704K)->0K(254464K) From: 64K(512K)->64K(12288K)
[205.828s][info][gc,heap        ] GC(522) ParOldGen: 116784K(576512K)->116792K(576512K)
[205.828s][info][gc,metaspace   ] GC(522) Metaspace: 35157K(35840K)->35157K(35840K) NonClass: 28896K(29376K)->28896K(29376K) Class: 6261K(6464K)->6261K(6464K)
[205.828s][info][gc             ] GC(522) Pause Young (Allocation Failure) 372M->114M(823M) 0.943ms
[205.828s][info][gc,cpu         ] GC(522) User=0.01s Sys=0.00s Real=0.00s
[206.720s][info][gc,start       ] GC(523) Pause Young (Allocation Failure)
[206.722s][info][gc,heap        ] GC(523) PSYoungGen: 254528K(266752K)->64K(245248K) Eden: 254464K(254464K)->0K(244736K) From: 64K(12288K)->64K(512K)
[206.722s][info][gc,heap        ] GC(523) ParOldGen: 116792K(576512K)->116800K(576512K)
[206.722s][info][gc,metaspace   ] GC(523) Metaspace: 35157K(35840K)->35157K(35840K) NonClass: 28896K(29376K)->28896K(29376K) Class: 6261K(6464K)->6261K(6464K)
[206.722s][info][gc             ] GC(523) Pause Young (Allocation Failure) 362M->114M(802M) 1.536ms
[206.722s][info][gc,cpu         ] GC(523) User=0.00s Sys=0.01s Real=0.00s
[207.650s][info][gc,start       ] GC(524) Pause Young (Allocation Failure)
[207.650s][info][gc,heap        ] GC(524) PSYoungGen: 244800K(245248K)->64K(246272K) Eden: 244736K(244736K)->0K(235520K) From: 64K(512K)->64K(10752K)
[207.650s][info][gc,heap        ] GC(524) ParOldGen: 116800K(576512K)->116808K(576512K)
[207.650s][info][gc,metaspace   ] GC(524) Metaspace: 35157K(35840K)->35157K(35840K) NonClass: 28896K(29376K)->28896K(29376K) Class: 6261K(6464K)->6261K(6464K)
[207.651s][info][gc             ] GC(524) Pause Young (Allocation Failure) 353M->114M(803M) 0.846ms
[207.651s][info][gc,cpu         ] GC(524) User=0.00s Sys=0.00s Real=0.00s
[207.811s][info][gc,start       ] GC(525) Pause Young (Allocation Failure)
[207.813s][info][gc,heap        ] GC(525) PSYoungGen: 235584K(246272K)->64K(227328K) Eden: 235520K(235520K)->0K(226816K) From: 64K(10752K)->64K(512K)
[207.813s][info][gc,heap        ] GC(525) ParOldGen: 116808K(576512K)->116816K(576512K)
[207.813s][info][gc,metaspace   ] GC(525) Metaspace: 35157K(35840K)->35157K(35840K) NonClass: 28896K(29376K)->28896K(29376K) Class: 6261K(6464K)->6261K(6464K)
[207.813s][info][gc             ] GC(525) Pause Young (Allocation Failure) 344M->114M(785M) 1.748ms
[207.813s][info][gc,cpu         ] GC(525) User=0.00s Sys=0.00s Real=0.00s
[208.263s][info][gc,start       ] GC(526) Pause Young (Allocation Failure)
[208.264s][info][gc,heap        ] GC(526) PSYoungGen: 226880K(227328K)->64K(227840K) Eden: 226816K(226816K)->0K(218112K) From: 64K(512K)->64K(9728K)
[208.264s][info][gc,heap        ] GC(526) ParOldGen: 116816K(576512K)->116824K(576512K)
[208.264s][info][gc,metaspace   ] GC(526) Metaspace: 35157K(35840K)->35157K(35840K) NonClass: 28896K(29376K)->28896K(29376K) Class: 6261K(6464K)->6261K(6464K)
[208.264s][info][gc             ] GC(526) Pause Young (Allocation Failure) 335M->114M(785M) 1.430ms
[208.264s][info][gc,cpu         ] GC(526) User=0.00s Sys=0.00s Real=0.00s
[209.264s][info][gc,start       ] GC(527) Pause Young (Allocation Failure)
[209.266s][info][gc,heap        ] GC(527) PSYoungGen: 218176K(227840K)->32K(210432K) Eden: 218112K(218112K)->0K(209920K) From: 64K(9728K)->32K(512K)
[209.266s][info][gc,heap        ] GC(527) ParOldGen: 116824K(576512K)->116832K(576512K)
[209.266s][info][gc,metaspace   ] GC(527) Metaspace: 35157K(35840K)->35157K(35840K) NonClass: 28896K(29376K)->28896K(29376K) Class: 6261K(6464K)->6261K(6464K)
[209.266s][info][gc             ] GC(527) Pause Young (Allocation Failure) 327M->114M(768M) 2.279ms
[209.266s][info][gc,cpu         ] GC(527) User=0.00s Sys=0.00s Real=0.00s
[209.461s][info][gc,start       ] GC(528) Pause Young (Allocation Failure)
[209.462s][info][gc,heap        ] GC(528) PSYoungGen: 209952K(210432K)->32K(210432K) Eden: 209920K(209920K)->0K(202240K) From: 32K(512K)->32K(8192K)
[209.462s][info][gc,heap        ] GC(528) ParOldGen: 116832K(576512K)->116840K(576512K)
[209.462s][info][gc,metaspace   ] GC(528) Metaspace: 35157K(35840K)->35157K(35840K) NonClass: 28896K(29376K)->28896K(29376K) Class: 6261K(6464K)->6261K(6464K)
[209.462s][info][gc             ] GC(528) Pause Young (Allocation Failure) 319M->114M(768M) 1.347ms
[209.462s][info][gc,cpu         ] GC(528) User=0.00s Sys=0.00s Real=0.00s
[209.782s][info][gc,start       ] GC(529) Pause Young (Allocation Failure)
[209.784s][info][gc,heap        ] GC(529) PSYoungGen: 202272K(210432K)->64K(195584K) Eden: 202240K(202240K)->0K(195072K) From: 32K(8192K)->64K(512K)
[209.784s][info][gc,heap        ] GC(529) ParOldGen: 116840K(576512K)->116856K(576512K)
[209.784s][info][gc,metaspace   ] GC(529) Metaspace: 35157K(35840K)->35157K(35840K) NonClass: 28896K(29376K)->28896K(29376K) Class: 6261K(6464K)->6261K(6464K)
[209.784s][info][gc             ] GC(529) Pause Young (Allocation Failure) 311M->114M(754M) 2.096ms
[209.784s][info][gc,cpu         ] GC(529) User=0.00s Sys=0.00s Real=0.00s
[209.931s][info][gc,start       ] GC(530) Pause Young (Allocation Failure)
[209.933s][info][gc,heap        ] GC(530) PSYoungGen: 195136K(195584K)->64K(195072K) Eden: 195072K(195072K)->0K(187904K) From: 64K(512K)->64K(7168K)
[209.933s][info][gc,heap        ] GC(530) ParOldGen: 116856K(576512K)->116872K(576512K)
[209.933s][info][gc,metaspace   ] GC(530) Metaspace: 35157K(35840K)->35157K(35840K) NonClass: 28896K(29376K)->28896K(29376K) Class: 6261K(6464K)->6261K(6464K)
[209.933s][info][gc             ] GC(530) Pause Young (Allocation Failure) 304M->114M(753M) 1.448ms
[209.933s][info][gc,cpu         ] GC(530) User=0.00s Sys=0.00s Real=0.00s
[209.990s][info][gc,start       ] GC(531) Pause Young (Allocation Failure)
[209.992s][info][gc,heap        ] GC(531) PSYoungGen: 187968K(195072K)->64K(181760K) Eden: 187904K(187904K)->0K(181248K) From: 64K(7168K)->64K(512K)
[209.992s][info][gc,heap        ] GC(531) ParOldGen: 116872K(576512K)->116888K(576512K)
[209.992s][info][gc,metaspace   ] GC(531) Metaspace: 35157K(35840K)->35157K(35840K) NonClass: 28896K(29376K)->28896K(29376K) Class: 6261K(6464K)->6261K(6464K)
[209.992s][info][gc             ] GC(531) Pause Young (Allocation Failure) 297M->114M(740M) 2.058ms
[209.992s][info][gc,cpu         ] GC(531) User=0.00s Sys=0.00s Real=0.00s
[210.348s][info][gc,start       ] GC(532) Pause Young (Allocation Failure)
[210.350s][info][gc,heap        ] GC(532) PSYoungGen: 181312K(181760K)->64K(181248K) Eden: 181248K(181248K)->0K(175104K) From: 64K(512K)->64K(6144K)
[210.350s][info][gc,heap        ] GC(532) ParOldGen: 116888K(576512K)->116904K(576512K)
[210.350s][info][gc,metaspace   ] GC(532) Metaspace: 35157K(35840K)->35157K(35840K) NonClass: 28896K(29376K)->28896K(29376K) Class: 6261K(6464K)->6261K(6464K)
[210.350s][info][gc             ] GC(532) Pause Young (Allocation Failure) 291M->114M(740M) 1.421ms
[210.350s][info][gc,cpu         ] GC(532) User=0.00s Sys=0.00s Real=0.00s
[210.764s][info][gc,start       ] GC(533) Pause Young (Allocation Failure)
[210.766s][info][gc,heap        ] GC(533) PSYoungGen: 175168K(181248K)->64K(169472K) Eden: 175104K(175104K)->0K(168960K) From: 64K(6144K)->64K(512K)
[210.766s][info][gc,heap        ] GC(533) ParOldGen: 116904K(576512K)->116912K(576512K)
[210.766s][info][gc,metaspace   ] GC(533) Metaspace: 35157K(35840K)->35157K(35840K) NonClass: 28896K(29376K)->28896K(29376K) Class: 6261K(6464K)->6261K(6464K)
[210.766s][info][gc             ] GC(533) Pause Young (Allocation Failure) 285M->114M(728M) 2.131ms
[210.766s][info][gc,cpu         ] GC(533) User=0.00s Sys=0.00s Real=0.00s
[210.986s][info][gc,start       ] GC(534) Pause Young (Allocation Failure)
[210.988s][info][gc,heap        ] GC(534) PSYoungGen: 169024K(169472K)->64K(168960K) Eden: 168960K(168960K)->0K(163328K) From: 64K(512K)->64K(5632K)
[210.988s][info][gc,heap        ] GC(534) ParOldGen: 116912K(576512K)->116920K(576512K)
[210.988s][info][gc,metaspace   ] GC(534) Metaspace: 35157K(35840K)->35157K(35840K) NonClass: 28896K(29376K)->28896K(29376K) Class: 6261K(6464K)->6261K(6464K)
[210.988s][info][gc             ] GC(534) Pause Young (Allocation Failure) 279M->114M(728M) 1.690ms
[210.988s][info][gc,cpu         ] GC(534) User=0.00s Sys=0.00s Real=0.01s
[211.280s][info][gc,start       ] GC(535) Pause Young (Allocation Failure)
[211.305s][info][gc,heap        ] GC(535) PSYoungGen: 163392K(168960K)->5120K(201216K) Eden: 163328K(163328K)->0K(196096K) From: 64K(5632K)->5120K(5120K)
[211.305s][info][gc,heap        ] GC(535) ParOldGen: 116920K(576512K)->118496K(576512K)
[211.305s][info][gc,metaspace   ] GC(535) Metaspace: 35157K(35840K)->35157K(35840K) NonClass: 28896K(29376K)->28896K(29376K) Class: 6261K(6464K)->6261K(6464K)
[211.305s][info][gc             ] GC(535) Pause Young (Allocation Failure) 273M->120M(759M) 25.294ms
[211.305s][info][gc,cpu         ] GC(535) User=0.03s Sys=0.00s Real=0.02s
[211.555s][info][gc,start       ] GC(536) Pause Young (Allocation Failure)
[211.602s][info][gc,heap        ] GC(536) PSYoungGen: 201216K(201216K)->6656K(242176K) Eden: 196096K(196096K)->0K(235520K) From: 5120K(5120K)->6656K(6656K)
[211.602s][info][gc,heap        ] GC(536) ParOldGen: 118496K(576512K)->132592K(576512K)
[211.602s][info][gc,metaspace   ] GC(536) Metaspace: 35157K(35840K)->35157K(35840K) NonClass: 28896K(29376K)->28896K(29376K) Class: 6261K(6464K)->6261K(6464K)
[211.602s][info][gc             ] GC(536) Pause Young (Allocation Failure) 312M->135M(799M) 47.456ms
[211.602s][info][gc,cpu         ] GC(536) User=0.08s Sys=0.00s Real=0.05s
[211.915s][info][gc,start       ] GC(537) Pause Young (Allocation Failure)
[211.974s][info][gc,heap        ] GC(537) PSYoungGen: 242176K(242176K)->13312K(242176K) Eden: 235520K(235520K)->0K(228864K) From: 6656K(6656K)->13312K(13312K)
[211.975s][info][gc,heap        ] GC(537) ParOldGen: 132592K(576512K)->144632K(576512K)
[211.975s][info][gc,metaspace   ] GC(537) Metaspace: 35157K(35840K)->35157K(35840K) NonClass: 28896K(29376K)->28896K(29376K) Class: 6261K(6464K)->6261K(6464K)
[211.975s][info][gc             ] GC(537) Pause Young (Allocation Failure) 365M->154M(799M) 59.476ms
[211.975s][info][gc,cpu         ] GC(537) User=0.11s Sys=0.01s Real=0.06s
[212.199s][info][gc,start       ] GC(538) Pause Young (Allocation Failure)
[212.229s][info][gc,heap        ] GC(538) PSYoungGen: 242176K(242176K)->16736K(249856K) Eden: 228864K(228864K)->0K(228864K) From: 13312K(13312K)->16736K(20992K)
[212.229s][info][gc,heap        ] GC(538) ParOldGen: 144632K(576512K)->145072K(576512K)
[212.229s][info][gc,metaspace   ] GC(538) Metaspace: 35157K(35840K)->35157K(35840K) NonClass: 28896K(29376K)->28896K(29376K) Class: 6261K(6464K)->6261K(6464K)
[212.229s][info][gc             ] GC(538) Pause Young (Allocation Failure) 377M->158M(807M) 29.967ms
[212.229s][info][gc,cpu         ] GC(538) User=0.06s Sys=0.00s Real=0.03s
[212.306s][info][gc,start       ] GC(539) Pause Young (Allocation Failure)
[212.307s][info][gc,heap        ] GC(539) PSYoungGen: 245600K(249856K)->64K(297472K) Eden: 228864K(228864K)->0K(274944K) From: 16736K(20992K)->64K(22528K)
[212.307s][info][gc,heap        ] GC(539) ParOldGen: 145072K(576512K)->145080K(576512K)
[212.307s][info][gc,metaspace   ] GC(539) Metaspace: 35157K(35840K)->35157K(35840K) NonClass: 28896K(29376K)->28896K(29376K) Class: 6261K(6464K)->6261K(6464K)
[212.307s][info][gc             ] GC(539) Pause Young (Allocation Failure) 381M->141M(853M) 0.986ms
[212.307s][info][gc,cpu         ] GC(539) User=0.00s Sys=0.00s Real=0.01s
[212.968s][info][gc,start       ] GC(540) Pause Young (Allocation Failure)
[212.968s][info][gc,heap        ] GC(540) PSYoungGen: 275008K(297472K)->64K(297984K) Eden: 274944K(274944K)->0K(274944K) From: 64K(22528K)->64K(23040K)
[212.969s][info][gc,heap        ] GC(540) ParOldGen: 145080K(576512K)->145088K(576512K)
[212.969s][info][gc,metaspace   ] GC(540) Metaspace: 35157K(35840K)->35157K(35840K) NonClass: 28896K(29376K)->28896K(29376K) Class: 6261K(6464K)->6261K(6464K)
[212.969s][info][gc             ] GC(540) Pause Young (Allocation Failure) 410M->141M(854M) 0.961ms
[212.969s][info][gc,cpu         ] GC(540) User=0.00s Sys=0.00s Real=0.00s
[213.397s][info][gc,start       ] GC(541) Pause Young (Allocation Failure)
[213.398s][info][gc,heap        ] GC(541) PSYoungGen: 275008K(297984K)->64K(310272K) Eden: 274944K(274944K)->0K(288768K) From: 64K(23040K)->64K(21504K)
[213.398s][info][gc,heap        ] GC(541) ParOldGen: 145088K(576512K)->145096K(576512K)
[213.398s][info][gc,metaspace   ] GC(541) Metaspace: 35157K(35840K)->35157K(35840K) NonClass: 28896K(29376K)->28896K(29376K) Class: 6261K(6464K)->6261K(6464K)
[213.398s][info][gc             ] GC(541) Pause Young (Allocation Failure) 410M->141M(866M) 1.045ms
[213.398s][info][gc,cpu         ] GC(541) User=0.00s Sys=0.00s Real=0.00s
[213.845s][info][gc,start       ] GC(542) Pause Young (Allocation Failure)
[213.846s][info][gc,heap        ] GC(542) PSYoungGen: 288832K(310272K)->64K(310272K) Eden: 288768K(288768K)->0K(288768K) From: 64K(21504K)->64K(21504K)
[213.846s][info][gc,heap        ] GC(542) ParOldGen: 145096K(576512K)->145112K(576512K)
[213.846s][info][gc,metaspace   ] GC(542) Metaspace: 35157K(35840K)->35157K(35840K) NonClass: 28896K(29376K)->28896K(29376K) Class: 6261K(6464K)->6261K(6464K)
[213.846s][info][gc             ] GC(542) Pause Young (Allocation Failure) 423M->141M(866M) 0.927ms
[213.846s][info][gc,cpu         ] GC(542) User=0.00s Sys=0.00s Real=0.00s
[214.042s][info][gc,start       ] GC(543) Pause Young (Allocation Failure)
[214.043s][info][gc,heap        ] GC(543) PSYoungGen: 288832K(310272K)->64K(311296K) Eden: 288768K(288768K)->0K(291840K) From: 64K(21504K)->64K(19456K)
[214.043s][info][gc,heap        ] GC(543) ParOldGen: 145112K(576512K)->145128K(576512K)
[214.043s][info][gc,metaspace   ] GC(543) Metaspace: 35157K(35840K)->35157K(35840K) NonClass: 28896K(29376K)->28896K(29376K) Class: 6261K(6464K)->6261K(6464K)
[214.043s][info][gc             ] GC(543) Pause Young (Allocation Failure) 423M->141M(867M) 0.952ms
[214.043s][info][gc,cpu         ] GC(543) User=0.00s Sys=0.00s Real=0.00s
[214.244s][info][gc,start       ] GC(544) Pause Young (Allocation Failure)
[214.245s][info][gc,heap        ] GC(544) PSYoungGen: 291904K(311296K)->64K(311296K) Eden: 291840K(291840K)->0K(291840K) From: 64K(19456K)->64K(19456K)
[214.245s][info][gc,heap        ] GC(544) ParOldGen: 145128K(576512K)->145128K(576512K)
[214.245s][info][gc,metaspace   ] GC(544) Metaspace: 35157K(35840K)->35157K(35840K) NonClass: 28896K(29376K)->28896K(29376K) Class: 6261K(6464K)->6261K(6464K)
[214.245s][info][gc             ] GC(544) Pause Young (Allocation Failure) 426M->141M(867M) 0.996ms
[214.245s][info][gc,cpu         ] GC(544) User=0.00s Sys=0.00s Real=0.00s
[214.592s][info][gc,start       ] GC(545) Pause Young (Allocation Failure)
[214.593s][info][gc,heap        ] GC(545) PSYoungGen: 291904K(311296K)->64K(312832K) Eden: 291840K(291840K)->0K(295424K) From: 64K(19456K)->64K(17408K)
[214.593s][info][gc,heap        ] GC(545) ParOldGen: 145128K(576512K)->145128K(576512K)
[214.593s][info][gc,metaspace   ] GC(545) Metaspace: 35157K(35840K)->35157K(35840K) NonClass: 28896K(29376K)->28896K(29376K) Class: 6261K(6464K)->6261K(6464K)
[214.593s][info][gc             ] GC(545) Pause Young (Allocation Failure) 426M->141M(868M) 0.984ms
[214.593s][info][gc,cpu         ] GC(545) User=0.00s Sys=0.00s Real=0.00s
[214.650s][info][gc,start       ] GC(546) Pause Young (Allocation Failure)
[214.651s][info][gc,heap        ] GC(546) PSYoungGen: 295488K(312832K)->64K(313344K) Eden: 295424K(295424K)->0K(295424K) From: 64K(17408K)->64K(17920K)
[214.651s][info][gc,heap        ] GC(546) ParOldGen: 145128K(576512K)->145144K(576512K)
[214.651s][info][gc,metaspace   ] GC(546) Metaspace: 35157K(35840K)->35157K(35840K) NonClass: 28896K(29376K)->28896K(29376K) Class: 6261K(6464K)->6261K(6464K)
[214.651s][info][gc             ] GC(546) Pause Young (Allocation Failure) 430M->141M(869M) 0.958ms
[214.651s][info][gc,cpu         ] GC(546) User=0.00s Sys=0.00s Real=0.00s
[214.705s][info][gc,start       ] GC(547) Pause Young (Allocation Failure)
[214.706s][info][gc,heap        ] GC(547) PSYoungGen: 295488K(313344K)->64K(314368K) Eden: 295424K(295424K)->0K(299008K) From: 64K(17920K)->64K(15360K)
[214.706s][info][gc,heap        ] GC(547) ParOldGen: 145144K(576512K)->145144K(576512K)
[214.706s][info][gc,metaspace   ] GC(547) Metaspace: 35157K(35840K)->35157K(35840K) NonClass: 28896K(29376K)->28896K(29376K) Class: 6261K(6464K)->6261K(6464K)
[214.706s][info][gc             ] GC(547) Pause Young (Allocation Failure) 430M->141M(870M) 0.933ms
[214.706s][info][gc,cpu         ] GC(547) User=0.00s Sys=0.00s Real=0.00s
[214.908s][info][gc,start       ] GC(548) Pause Young (Allocation Failure)
[214.909s][info][gc,heap        ] GC(548) PSYoungGen: 299072K(314368K)->64K(314880K) Eden: 299008K(299008K)->0K(299008K) From: 64K(15360K)->64K(15872K)
[214.909s][info][gc,heap        ] GC(548) ParOldGen: 145144K(576512K)->145144K(576512K)
[214.909s][info][gc,metaspace   ] GC(548) Metaspace: 35157K(35840K)->35157K(35840K) NonClass: 28896K(29376K)->28896K(29376K) Class: 6261K(6464K)->6261K(6464K)
[214.909s][info][gc             ] GC(548) Pause Young (Allocation Failure) 433M->141M(870M) 1.003ms
[214.909s][info][gc,cpu         ] GC(548) User=0.00s Sys=0.00s Real=0.00s
[215.130s][info][gc,start       ] GC(549) Pause Young (Allocation Failure)
[215.131s][info][gc,heap        ] GC(549) PSYoungGen: 299072K(314880K)->64K(287744K) Eden: 299008K(299008K)->0K(287232K) From: 64K(15872K)->64K(512K)
[215.131s][info][gc,heap        ] GC(549) ParOldGen: 145144K(576512K)->145152K(576512K)
[215.131s][info][gc,metaspace   ] GC(549) Metaspace: 35157K(35840K)->35157K(35840K) NonClass: 28896K(29376K)->28896K(29376K) Class: 6261K(6464K)->6261K(6464K)
[215.131s][info][gc             ] GC(549) Pause Young (Allocation Failure) 433M->141M(844M) 1.027ms
[215.131s][info][gc,cpu         ] GC(549) User=0.00s Sys=0.00s Real=0.00s
[215.242s][info][gc,start       ] GC(550) Pause Young (Allocation Failure)
[215.242s][info][gc,heap        ] GC(550) PSYoungGen: 287296K(287744K)->64K(290304K) Eden: 287232K(287232K)->0K(275968K) From: 64K(512K)->64K(14336K)
[215.242s][info][gc,heap        ] GC(550) ParOldGen: 145152K(576512K)->145160K(576512K)
[215.242s][info][gc,metaspace   ] GC(550) Metaspace: 35157K(35840K)->35157K(35840K) NonClass: 28896K(29376K)->28896K(29376K) Class: 6261K(6464K)->6261K(6464K)
[215.243s][info][gc             ] GC(550) Pause Young (Allocation Failure) 422M->141M(846M) 0.948ms
[215.243s][info][gc,cpu         ] GC(550) User=0.00s Sys=0.00s Real=0.00s
[215.333s][info][gc,start       ] GC(551) Pause Young (Allocation Failure)
[215.334s][info][gc,heap        ] GC(551) PSYoungGen: 276032K(290304K)->64K(265728K) Eden: 275968K(275968K)->0K(265216K) From: 64K(14336K)->64K(512K)
[215.334s][info][gc,heap        ] GC(551) ParOldGen: 145160K(576512K)->145168K(576512K)
[215.334s][info][gc,metaspace   ] GC(551) Metaspace: 35157K(35840K)->35157K(35840K) NonClass: 28896K(29376K)->28896K(29376K) Class: 6261K(6464K)->6261K(6464K)
[215.334s][info][gc             ] GC(551) Pause Young (Allocation Failure) 411M->141M(822M) 1.038ms
[215.334s][info][gc,cpu         ] GC(551) User=0.00s Sys=0.00s Real=0.00s
[215.489s][info][gc,start       ] GC(552) Pause Young (Allocation Failure)
[215.490s][info][gc,heap        ] GC(552) PSYoungGen: 265280K(265728K)->64K(267264K) Eden: 265216K(265216K)->0K(254976K) From: 64K(512K)->64K(12288K)
[215.490s][info][gc,heap        ] GC(552) ParOldGen: 145168K(576512K)->145176K(576512K)
[215.490s][info][gc,metaspace   ] GC(552) Metaspace: 35157K(35840K)->35157K(35840K) NonClass: 28896K(29376K)->28896K(29376K) Class: 6261K(6464K)->6261K(6464K)
[215.490s][info][gc             ] GC(552) Pause Young (Allocation Failure) 400M->141M(824M) 0.899ms
[215.490s][info][gc,cpu         ] GC(552) User=0.00s Sys=0.00s Real=0.00s
[216.447s][info][gc,start       ] GC(553) Pause Young (Allocation Failure)
[216.449s][info][gc,heap        ] GC(553) PSYoungGen: 255040K(267264K)->83K(245760K) Eden: 254976K(254976K)->0K(245248K) From: 64K(12288K)->83K(512K)
[216.449s][info][gc,heap        ] GC(553) ParOldGen: 145176K(576512K)->145184K(576512K)
[216.449s][info][gc,metaspace   ] GC(553) Metaspace: 35157K(35840K)->35157K(35840K) NonClass: 28896K(29376K)->28896K(29376K) Class: 6261K(6464K)->6261K(6464K)
[216.449s][info][gc             ] GC(553) Pause Young (Allocation Failure) 390M->141M(803M) 1.488ms
[216.449s][info][gc,cpu         ] GC(553) User=0.00s Sys=0.00s Real=0.00s
[216.755s][info][gc,start       ] GC(554) Pause Young (Allocation Failure)
[216.756s][info][gc,heap        ] GC(554) PSYoungGen: 245331K(245760K)->64K(246784K) Eden: 245248K(245248K)->0K(236032K) From: 83K(512K)->64K(10752K)
[216.756s][info][gc,heap        ] GC(554) ParOldGen: 145184K(576512K)->145200K(576512K)
[216.756s][info][gc,metaspace   ] GC(554) Metaspace: 35157K(35840K)->35157K(35840K) NonClass: 28896K(29376K)->28896K(29376K) Class: 6261K(6464K)->6261K(6464K)
[216.756s][info][gc             ] GC(554) Pause Young (Allocation Failure) 381M->141M(804M) 1.501ms
[216.756s][info][gc,cpu         ] GC(554) User=0.00s Sys=0.00s Real=0.00s
[217.487s][info][gc,start       ] GC(555) Pause Young (Allocation Failure)
[217.490s][info][gc,heap        ] GC(555) PSYoungGen: 236096K(246784K)->64K(227328K) Eden: 236032K(236032K)->0K(226816K) From: 64K(10752K)->64K(512K)
[217.490s][info][gc,heap        ] GC(555) ParOldGen: 145200K(576512K)->145208K(576512K)
[217.490s][info][gc,metaspace   ] GC(555) Metaspace: 35157K(35840K)->35157K(35840K) NonClass: 28896K(29376K)->28896K(29376K) Class: 6261K(6464K)->6261K(6464K)
[217.490s][info][gc             ] GC(555) Pause Young (Allocation Failure) 372M->141M(785M) 2.444ms
[217.490s][info][gc,cpu         ] GC(555) User=0.00s Sys=0.00s Real=0.00s
[217.821s][info][gc,start       ] GC(556) Pause Young (Allocation Failure)
[217.823s][info][gc,heap        ] GC(556) PSYoungGen: 226880K(227328K)->64K(227840K) Eden: 226816K(226816K)->0K(218112K) From: 64K(512K)->64K(9728K)
[217.823s][info][gc,heap        ] GC(556) ParOldGen: 145208K(576512K)->145224K(576512K)
[217.823s][info][gc,metaspace   ] GC(556) Metaspace: 35157K(35840K)->35157K(35840K) NonClass: 28896K(29376K)->28896K(29376K) Class: 6261K(6464K)->6261K(6464K)
[217.823s][info][gc             ] GC(556) Pause Young (Allocation Failure) 363M->141M(785M) 1.637ms
[217.823s][info][gc,cpu         ] GC(556) User=0.00s Sys=0.00s Real=0.00s
[218.137s][info][gc,start       ] GC(557) Pause Young (Allocation Failure)
[218.139s][info][gc,heap        ] GC(557) PSYoungGen: 218176K(227840K)->64K(210432K) Eden: 218112K(218112K)->0K(209920K) From: 64K(9728K)->64K(512K)
[218.139s][info][gc,heap        ] GC(557) ParOldGen: 145224K(576512K)->145240K(576512K)
[218.139s][info][gc,metaspace   ] GC(557) Metaspace: 35157K(35840K)->35157K(35840K) NonClass: 28896K(29376K)->28896K(29376K) Class: 6261K(6464K)->6261K(6464K)
[218.139s][info][gc             ] GC(557) Pause Young (Allocation Failure) 354M->141M(768M) 2.486ms
[218.139s][info][gc,cpu         ] GC(557) User=0.00s Sys=0.00s Real=0.00s
[219.047s][info][gc,start       ] GC(558) Pause Young (Allocation Failure)
[219.048s][info][gc,heap        ] GC(558) PSYoungGen: 209984K(210432K)->64K(210432K) Eden: 209920K(209920K)->0K(202240K) From: 64K(512K)->64K(8192K)
[219.049s][info][gc,heap        ] GC(558) ParOldGen: 145240K(576512K)->145248K(576512K)
[219.049s][info][gc,metaspace   ] GC(558) Metaspace: 35157K(35840K)->35157K(35840K) NonClass: 28896K(29376K)->28896K(29376K) Class: 6261K(6464K)->6261K(6464K)
[219.049s][info][gc             ] GC(558) Pause Young (Allocation Failure) 346M->141M(768M) 1.588ms
[219.049s][info][gc,cpu         ] GC(558) User=0.00s Sys=0.00s Real=0.00s
[219.395s][info][gc,start       ] GC(559) Pause Young (Allocation Failure)
[219.398s][info][gc,heap        ] GC(559) PSYoungGen: 202304K(210432K)->64K(195584K) Eden: 202240K(202240K)->0K(195072K) From: 64K(8192K)->64K(512K)
[219.398s][info][gc,heap        ] GC(559) ParOldGen: 145248K(576512K)->145264K(576512K)
[219.398s][info][gc,metaspace   ] GC(559) Metaspace: 35157K(35840K)->35157K(35840K) NonClass: 28896K(29376K)->28896K(29376K) Class: 6261K(6464K)->6261K(6464K)
[219.398s][info][gc             ] GC(559) Pause Young (Allocation Failure) 339M->141M(754M) 2.281ms
[219.398s][info][gc,cpu         ] GC(559) User=0.00s Sys=0.00s Real=0.01s
[219.576s][info][gc,start       ] GC(560) Pause Young (Allocation Failure)
[219.577s][info][gc,heap        ] GC(560) PSYoungGen: 195136K(195584K)->64K(195072K) Eden: 195072K(195072K)->0K(187904K) From: 64K(512K)->64K(7168K)
[219.577s][info][gc,heap        ] GC(560) ParOldGen: 145264K(576512K)->145280K(576512K)
[219.577s][info][gc,metaspace   ] GC(560) Metaspace: 35157K(35840K)->35157K(35840K) NonClass: 28896K(29376K)->28896K(29376K) Class: 6261K(6464K)->6261K(6464K)
[219.577s][info][gc             ] GC(560) Pause Young (Allocation Failure) 332M->141M(753M) 1.567ms
[219.577s][info][gc,cpu         ] GC(560) User=0.00s Sys=0.00s Real=0.01s
[219.623s][info][gc,start       ] GC(561) Pause Young (Allocation Failure)
[219.625s][info][gc,heap        ] GC(561) PSYoungGen: 187968K(195072K)->32K(226304K) Eden: 187904K(187904K)->0K(225792K) From: 64K(7168K)->32K(512K)
[219.625s][info][gc,heap        ] GC(561) ParOldGen: 145280K(576512K)->145296K(576512K)
[219.625s][info][gc,metaspace   ] GC(561) Metaspace: 35157K(35840K)->35157K(35840K) NonClass: 28896K(29376K)->28896K(29376K) Class: 6261K(6464K)->6261K(6464K)
[219.625s][info][gc             ] GC(561) Pause Young (Allocation Failure) 325M->141M(784M) 2.071ms
[219.625s][info][gc,cpu         ] GC(561) User=0.00s Sys=0.00s Real=0.00s
[219.890s][info][gc,start       ] GC(562) Pause Young (Allocation Failure)
[219.892s][info][gc,heap        ] GC(562) PSYoungGen: 225824K(226304K)->64K(223232K) Eden: 225792K(225792K)->0K(217088K) From: 32K(512K)->64K(6144K)
[219.892s][info][gc,heap        ] GC(562) ParOldGen: 145296K(576512K)->145296K(576512K)
[219.892s][info][gc,metaspace   ] GC(562) Metaspace: 35157K(35840K)->35157K(35840K) NonClass: 28896K(29376K)->28896K(29376K) Class: 6261K(6464K)->6261K(6464K)
[219.892s][info][gc             ] GC(562) Pause Young (Allocation Failure) 362M->141M(781M) 1.440ms
[219.892s][info][gc,cpu         ] GC(562) User=0.00s Sys=0.00s Real=0.00s
[220.384s][info][gc,start       ] GC(563) Pause Young (Allocation Failure)
[220.386s][info][gc,heap        ] GC(563) PSYoungGen: 217152K(223232K)->64K(209408K) Eden: 217088K(217088K)->0K(208896K) From: 64K(6144K)->64K(512K)
[220.387s][info][gc,heap        ] GC(563) ParOldGen: 145296K(576512K)->145312K(576512K)
[220.387s][info][gc,metaspace   ] GC(563) Metaspace: 35157K(35840K)->35157K(35840K) NonClass: 28896K(29376K)->28896K(29376K) Class: 6261K(6464K)->6261K(6464K)
[220.387s][info][gc             ] GC(563) Pause Young (Allocation Failure) 353M->141M(767M) 2.483ms
[220.387s][info][gc,cpu         ] GC(563) User=0.00s Sys=0.00s Real=0.01s
[220.671s][info][gc,start       ] GC(564) Pause Young (Allocation Failure)
[220.672s][info][gc,heap        ] GC(564) PSYoungGen: 208960K(209408K)->64K(206848K) Eden: 208896K(208896K)->0K(201216K) From: 64K(512K)->64K(5632K)
[220.672s][info][gc,heap        ] GC(564) ParOldGen: 145312K(576512K)->145320K(576512K)
[220.672s][info][gc,metaspace   ] GC(564) Metaspace: 35157K(35840K)->35157K(35840K) NonClass: 28896K(29376K)->28896K(29376K) Class: 6261K(6464K)->6261K(6464K)
[220.672s][info][gc             ] GC(564) Pause Young (Allocation Failure) 345M->141M(765M) 0.824ms
[220.672s][info][gc,cpu         ] GC(564) User=0.00s Sys=0.00s Real=0.00s
[220.969s][info][gc,start       ] GC(565) Pause Young (Allocation Failure)
[220.996s][info][gc,heap        ] GC(565) PSYoungGen: 201280K(206848K)->5120K(246784K) Eden: 201216K(201216K)->0K(241664K) From: 64K(5632K)->5120K(5120K)
[220.997s][info][gc,heap        ] GC(565) ParOldGen: 145320K(576512K)->155664K(576512K)
[220.997s][info][gc,metaspace   ] GC(565) Metaspace: 35157K(35840K)->35157K(35840K) NonClass: 28896K(29376K)->28896K(29376K) Class: 6261K(6464K)->6261K(6464K)
[220.997s][info][gc             ] GC(565) Pause Young (Allocation Failure) 338M->157M(804M) 27.279ms
[220.997s][info][gc,cpu         ] GC(565) User=0.05s Sys=0.00s Real=0.03s
[221.297s][info][gc,start       ] GC(566) Pause Young (Allocation Failure)
[221.345s][info][gc,heap        ] GC(566) PSYoungGen: 246784K(246784K)->10240K(251904K) Eden: 241664K(241664K)->0K(241664K) From: 5120K(5120K)->10240K(10240K)
[221.345s][info][gc,heap        ] GC(566) ParOldGen: 155664K(576512K)->171304K(576512K)
[221.345s][info][gc,metaspace   ] GC(566) Metaspace: 35157K(35840K)->35157K(35840K) NonClass: 28896K(29376K)->28896K(29376K) Class: 6261K(6464K)->6261K(6464K)
[221.345s][info][gc             ] GC(566) Pause Young (Allocation Failure) 393M->177M(809M) 47.606ms
[221.345s][info][gc,cpu         ] GC(566) User=0.09s Sys=0.00s Real=0.04s
[221.621s][info][gc,start       ] GC(567) Pause Young (Allocation Failure)
[221.678s][info][gc,heap        ] GC(567) PSYoungGen: 251904K(251904K)->18432K(302080K) Eden: 241664K(241664K)->0K(283648K) From: 10240K(10240K)->18432K(18432K)
[221.678s][info][gc,heap        ] GC(567) ParOldGen: 171304K(576512K)->178912K(576512K)
[221.678s][info][gc,metaspace   ] GC(567) Metaspace: 35157K(35840K)->35157K(35840K) NonClass: 28896K(29376K)->28896K(29376K) Class: 6261K(6464K)->6261K(6464K)
[221.678s][info][gc             ] GC(567) Pause Young (Allocation Failure) 413M->192M(858M) 57.075ms
[221.678s][info][gc,cpu         ] GC(567) User=0.10s Sys=0.02s Real=0.06s
[221.802s][info][gc,start       ] GC(568) Pause Young (Allocation Failure)
[221.811s][info][gc,heap        ] GC(568) PSYoungGen: 302080K(302080K)->2528K(308736K) Eden: 283648K(283648K)->0K(283648K) From: 18432K(18432K)->2528K(25088K)
[221.811s][info][gc,heap        ] GC(568) ParOldGen: 178912K(576512K)->179184K(576512K)
[221.811s][info][gc,metaspace   ] GC(568) Metaspace: 35157K(35840K)->35157K(35840K) NonClass: 28896K(29376K)->28896K(29376K) Class: 6261K(6464K)->6261K(6464K)
[221.811s][info][gc             ] GC(568) Pause Young (Allocation Failure) 469M->177M(864M) 8.320ms
[221.811s][info][gc,cpu         ] GC(568) User=0.01s Sys=0.01s Real=0.01s
[222.400s][info][gc,start       ] GC(569) Pause Young (Allocation Failure)
[222.401s][info][gc,heap        ] GC(569) PSYoungGen: 286176K(308736K)->64K(306176K) Eden: 283648K(283648K)->0K(285184K) From: 2528K(25088K)->64K(20992K)
[222.401s][info][gc,heap        ] GC(569) ParOldGen: 179184K(576512K)->179192K(576512K)
[222.401s][info][gc,metaspace   ] GC(569) Metaspace: 35157K(35840K)->35157K(35840K) NonClass: 28896K(29376K)->28896K(29376K) Class: 6261K(6464K)->6261K(6464K)
[222.401s][info][gc             ] GC(569) Pause Young (Allocation Failure) 454M->175M(862M) 1.121ms
[222.401s][info][gc,cpu         ] GC(569) User=0.00s Sys=0.00s Real=0.00s
[222.900s][info][gc,start       ] GC(570) Pause Young (Allocation Failure)
[222.901s][info][gc,heap        ] GC(570) PSYoungGen: 285248K(306176K)->64K(308224K) Eden: 285184K(285184K)->0K(285184K) From: 64K(20992K)->64K(23040K)
[222.901s][info][gc,heap        ] GC(570) ParOldGen: 179192K(576512K)->179200K(576512K)
[222.901s][info][gc,metaspace   ] GC(570) Metaspace: 35157K(35840K)->35157K(35840K) NonClass: 28896K(29376K)->28896K(29376K) Class: 6261K(6464K)->6261K(6464K)
[222.901s][info][gc             ] GC(570) Pause Young (Allocation Failure) 453M->175M(864M) 1.182ms
[222.901s][info][gc,cpu         ] GC(570) User=0.00s Sys=0.00s Real=0.00s
[223.382s][info][gc,start       ] GC(571) Pause Young (Allocation Failure)
[223.384s][info][gc,heap        ] GC(571) PSYoungGen: 285248K(308224K)->64K(308736K) Eden: 285184K(285184K)->0K(288768K) From: 64K(23040K)->64K(19968K)
[223.384s][info][gc,heap        ] GC(571) ParOldGen: 179200K(576512K)->179216K(576512K)
[223.384s][info][gc,metaspace   ] GC(571) Metaspace: 35157K(35840K)->35157K(35840K) NonClass: 28896K(29376K)->28896K(29376K) Class: 6261K(6464K)->6261K(6464K)
[223.384s][info][gc             ] GC(571) Pause Young (Allocation Failure) 453M->175M(864M) 1.841ms
[223.384s][info][gc,cpu         ] GC(571) User=0.00s Sys=0.00s Real=0.00s
[223.588s][info][gc,start       ] GC(572) Pause Young (Allocation Failure)
[223.590s][info][gc,heap        ] GC(572) PSYoungGen: 288832K(308736K)->32K(310272K) Eden: 288768K(288768K)->0K(288768K) From: 64K(19968K)->32K(21504K)
[223.590s][info][gc,heap        ] GC(572) ParOldGen: 179216K(576512K)->179224K(576512K)
[223.590s][info][gc,metaspace   ] GC(572) Metaspace: 35157K(35840K)->35157K(35840K) NonClass: 28896K(29376K)->28896K(29376K) Class: 6261K(6464K)->6261K(6464K)
[223.590s][info][gc             ] GC(572) Pause Young (Allocation Failure) 457M->175M(866M) 1.908ms
[223.590s][info][gc,cpu         ] GC(572) User=0.00s Sys=0.00s Real=0.00s
[223.789s][info][gc,start       ] GC(573) Pause Young (Allocation Failure)
[223.791s][info][gc,heap        ] GC(573) PSYoungGen: 288800K(310272K)->64K(309760K) Eden: 288768K(288768K)->0K(291840K) From: 32K(21504K)->64K(17920K)
[223.791s][info][gc,heap        ] GC(573) ParOldGen: 179224K(576512K)->179224K(576512K)
[223.791s][info][gc,metaspace   ] GC(573) Metaspace: 35157K(35840K)->35157K(35840K) NonClass: 28896K(29376K)->28896K(29376K) Class: 6261K(6464K)->6261K(6464K)
[223.791s][info][gc             ] GC(573) Pause Young (Allocation Failure) 457M->175M(865M) 1.809ms
[223.791s][info][gc,cpu         ] GC(573) User=0.00s Sys=0.00s Real=0.00s
[224.163s][info][gc,start       ] GC(574) Pause Young (Allocation Failure)
[224.164s][info][gc,heap        ] GC(574) PSYoungGen: 291904K(309760K)->32K(311296K) Eden: 291840K(291840K)->0K(291840K) From: 64K(17920K)->32K(19456K)
[224.164s][info][gc,heap        ] GC(574) ParOldGen: 179224K(576512K)->179224K(576512K)
[224.164s][info][gc,metaspace   ] GC(574) Metaspace: 35157K(35840K)->35157K(35840K) NonClass: 28896K(29376K)->28896K(29376K) Class: 6261K(6464K)->6261K(6464K)
[224.164s][info][gc             ] GC(574) Pause Young (Allocation Failure) 460M->175M(867M) 1.518ms
[224.164s][info][gc,cpu         ] GC(574) User=0.00s Sys=0.00s Real=0.00s
[224.219s][info][gc,start       ] GC(575) Pause Young (Allocation Failure)
[224.220s][info][gc,heap        ] GC(575) PSYoungGen: 291871K(311296K)->64K(311808K) Eden: 291839K(291840K)->0K(295936K) From: 32K(19456K)->64K(15872K)
[224.220s][info][gc,heap        ] GC(575) ParOldGen: 179224K(576512K)->179240K(576512K)
[224.220s][info][gc,metaspace   ] GC(575) Metaspace: 35157K(35840K)->35157K(35840K) NonClass: 28896K(29376K)->28896K(29376K) Class: 6261K(6464K)->6261K(6464K)
[224.220s][info][gc             ] GC(575) Pause Young (Allocation Failure) 460M->175M(867M) 1.212ms
[224.220s][info][gc,cpu         ] GC(575) User=0.00s Sys=0.00s Real=0.00s
[224.278s][info][gc,start       ] GC(576) Pause Young (Allocation Failure)
[224.279s][info][gc,heap        ] GC(576) PSYoungGen: 296000K(311808K)->64K(313344K) Eden: 295936K(295936K)->0K(295936K) From: 64K(15872K)->64K(17408K)
[224.279s][info][gc,heap        ] GC(576) ParOldGen: 179240K(576512K)->179240K(576512K)
[224.279s][info][gc,metaspace   ] GC(576) Metaspace: 35157K(35840K)->35157K(35840K) NonClass: 28896K(29376K)->28896K(29376K) Class: 6261K(6464K)->6261K(6464K)
[224.279s][info][gc             ] GC(576) Pause Young (Allocation Failure) 464M->175M(869M) 1.076ms
[224.279s][info][gc,cpu         ] GC(576) User=0.01s Sys=0.00s Real=0.00s
[224.461s][info][gc,start       ] GC(577) Pause Young (Allocation Failure)
[224.462s][info][gc,heap        ] GC(577) PSYoungGen: 296000K(313344K)->64K(313856K) Eden: 295936K(295936K)->0K(299520K) From: 64K(17408K)->64K(14336K)
[224.462s][info][gc,heap        ] GC(577) ParOldGen: 179240K(576512K)->179240K(576512K)
[224.462s][info][gc,metaspace   ] GC(577) Metaspace: 35157K(35840K)->35157K(35840K) NonClass: 28896K(29376K)->28896K(29376K) Class: 6261K(6464K)->6261K(6464K)
[224.462s][info][gc             ] GC(577) Pause Young (Allocation Failure) 464M->175M(869M) 1.139ms
[224.462s][info][gc,cpu         ] GC(577) User=0.00s Sys=0.00s Real=0.00s
[224.685s][info][gc,start       ] GC(578) Pause Young (Allocation Failure)
[224.686s][info][gc,heap        ] GC(578) PSYoungGen: 299584K(313856K)->64K(315392K) Eden: 299520K(299520K)->0K(299520K) From: 64K(14336K)->64K(15872K)
[224.686s][info][gc,heap        ] GC(578) ParOldGen: 179240K(576512K)->179248K(576512K)
[224.686s][info][gc,metaspace   ] GC(578) Metaspace: 35157K(35840K)->35157K(35840K) NonClass: 28896K(29376K)->28896K(29376K) Class: 6261K(6464K)->6261K(6464K)
[224.686s][info][gc             ] GC(578) Pause Young (Allocation Failure) 467M->175M(871M) 1.107ms
[224.686s][info][gc,cpu         ] GC(578) User=0.00s Sys=0.00s Real=0.00s
[224.814s][info][gc,start       ] GC(579) Pause Young (Allocation Failure)
[224.815s][info][gc,heap        ] GC(579) PSYoungGen: 299584K(315392K)->64K(315392K) Eden: 299520K(299520K)->0K(303104K) From: 64K(15872K)->64K(12288K)
[224.815s][info][gc,heap        ] GC(579) ParOldGen: 179248K(576512K)->179256K(576512K)
[224.815s][info][gc,metaspace   ] GC(579) Metaspace: 35157K(35840K)->35157K(35840K) NonClass: 28896K(29376K)->28896K(29376K) Class: 6261K(6464K)->6261K(6464K)
[224.815s][info][gc             ] GC(579) Pause Young (Allocation Failure) 467M->175M(871M) 1.100ms
[224.815s][info][gc,cpu         ] GC(579) User=0.00s Sys=0.00s Real=0.00s
[224.916s][info][gc,start       ] GC(580) Pause Young (Allocation Failure)
[224.918s][info][gc,heap        ] GC(580) PSYoungGen: 303168K(315392K)->64K(291328K) Eden: 303104K(303104K)->0K(290816K) From: 64K(12288K)->64K(512K)
[224.918s][info][gc,heap        ] GC(580) ParOldGen: 179256K(576512K)->179264K(576512K)
[224.918s][info][gc,metaspace   ] GC(580) Metaspace: 35157K(35840K)->35157K(35840K) NonClass: 28896K(29376K)->28896K(29376K) Class: 6261K(6464K)->6261K(6464K)
[224.918s][info][gc             ] GC(580) Pause Young (Allocation Failure) 471M->175M(847M) 1.623ms
[224.918s][info][gc,cpu         ] GC(580) User=0.01s Sys=0.00s Real=0.01s
[225.092s][info][gc,start       ] GC(581) Pause Young (Allocation Failure)
[225.094s][info][gc,heap        ] GC(581) PSYoungGen: 290880K(291328K)->64K(279552K) Eden: 290816K(290816K)->0K(279040K) From: 64K(512K)->64K(512K)
[225.094s][info][gc,heap        ] GC(581) ParOldGen: 179264K(576512K)->179272K(576512K)
[225.094s][info][gc,metaspace   ] GC(581) Metaspace: 35157K(35840K)->35157K(35840K) NonClass: 28896K(29376K)->28896K(29376K) Class: 6261K(6464K)->6261K(6464K)
[225.094s][info][gc             ] GC(581) Pause Young (Allocation Failure) 459M->175M(836M) 2.560ms
[225.094s][info][gc,cpu         ] GC(581) User=0.00s Sys=0.00s Real=0.00s
[226.071s][info][gc,start       ] GC(582) Pause Young (Allocation Failure)
[226.073s][info][gc,heap        ] GC(582) PSYoungGen: 279104K(279552K)->83K(280064K) Eden: 279040K(279040K)->0K(267776K) From: 64K(512K)->83K(12288K)
[226.073s][info][gc,heap        ] GC(582) ParOldGen: 179272K(576512K)->179280K(576512K)
[226.073s][info][gc,metaspace   ] GC(582) Metaspace: 35157K(35840K)->35157K(35840K) NonClass: 28896K(29376K)->28896K(29376K) Class: 6261K(6464K)->6261K(6464K)
[226.073s][info][gc             ] GC(582) Pause Young (Allocation Failure) 447M->175M(836M) 1.399ms
[226.073s][info][gc,cpu         ] GC(582) User=0.01s Sys=0.00s Real=0.00s
[227.054s][info][gc,start       ] GC(583) Pause Young (Allocation Failure)
[227.056s][info][gc,heap        ] GC(583) PSYoungGen: 267859K(280064K)->64K(257536K) Eden: 267776K(267776K)->0K(257024K) From: 83K(12288K)->64K(512K)
[227.056s][info][gc,heap        ] GC(583) ParOldGen: 179280K(576512K)->179288K(576512K)
[227.056s][info][gc,metaspace   ] GC(583) Metaspace: 35157K(35840K)->35157K(35840K) NonClass: 28896K(29376K)->28896K(29376K) Class: 6261K(6464K)->6261K(6464K)
[227.056s][info][gc             ] GC(583) Pause Young (Allocation Failure) 436M->175M(814M) 1.909ms
[227.056s][info][gc,cpu         ] GC(583) User=0.00s Sys=0.00s Real=0.00s
[227.255s][info][gc,start       ] GC(584) Pause Young (Allocation Failure)
[227.256s][info][gc,heap        ] GC(584) PSYoungGen: 257088K(257536K)->64K(257536K) Eden: 257024K(257024K)->0K(246784K) From: 64K(512K)->64K(10752K)
[227.256s][info][gc,heap        ] GC(584) ParOldGen: 179288K(576512K)->179296K(576512K)
[227.256s][info][gc,metaspace   ] GC(584) Metaspace: 35157K(35840K)->35157K(35840K) NonClass: 28896K(29376K)->28896K(29376K) Class: 6261K(6464K)->6261K(6464K)
[227.256s][info][gc             ] GC(584) Pause Young (Allocation Failure) 426M->175M(814M) 1.038ms
[227.256s][info][gc,cpu         ] GC(584) User=0.00s Sys=0.00s Real=0.00s
[227.726s][info][gc,start       ] GC(585) Pause Young (Allocation Failure)
[227.728s][info][gc,heap        ] GC(585) PSYoungGen: 246848K(257536K)->64K(237568K) Eden: 246784K(246784K)->0K(237056K) From: 64K(10752K)->64K(512K)
[227.729s][info][gc,heap        ] GC(585) ParOldGen: 179296K(576512K)->179312K(576512K)
[227.729s][info][gc,metaspace   ] GC(585) Metaspace: 35157K(35840K)->35157K(35840K) NonClass: 28896K(29376K)->28896K(29376K) Class: 6261K(6464K)->6261K(6464K)
[227.729s][info][gc             ] GC(585) Pause Young (Allocation Failure) 416M->175M(795M) 2.722ms
[227.729s][info][gc,cpu         ] GC(585) User=0.00s Sys=0.00s Real=0.01s
[228.885s][info][gc,start       ] GC(586) Pause Young (Allocation Failure)
[228.886s][info][gc,heap        ] GC(586) PSYoungGen: 237120K(237568K)->64K(237056K) Eden: 237056K(237056K)->0K(227840K) From: 64K(512K)->64K(9216K)
[228.886s][info][gc,heap        ] GC(586) ParOldGen: 179312K(576512K)->179320K(576512K)
[228.886s][info][gc,metaspace   ] GC(586) Metaspace: 35157K(35840K)->35157K(35840K) NonClass: 28896K(29376K)->28896K(29376K) Class: 6261K(6464K)->6261K(6464K)
[228.886s][info][gc             ] GC(586) Pause Young (Allocation Failure) 406M->175M(794M) 1.179ms
[228.886s][info][gc,cpu         ] GC(586) User=0.00s Sys=0.00s Real=0.00s
[229.107s][info][gc,start       ] GC(587) Pause Young (Allocation Failure)
[229.109s][info][gc,heap        ] GC(587) PSYoungGen: 227904K(237056K)->64K(219648K) Eden: 227840K(227840K)->0K(219136K) From: 64K(9216K)->64K(512K)
[229.109s][info][gc,heap        ] GC(587) ParOldGen: 179320K(576512K)->179336K(576512K)
[229.109s][info][gc,metaspace   ] GC(587) Metaspace: 35157K(35840K)->35157K(35840K) NonClass: 28896K(29376K)->28896K(29376K) Class: 6261K(6464K)->6261K(6464K)
[229.109s][info][gc             ] GC(587) Pause Young (Allocation Failure) 397M->175M(777M) 2.218ms
[229.109s][info][gc,cpu         ] GC(587) User=0.00s Sys=0.00s Real=0.00s
[229.483s][info][gc,start       ] GC(588) Pause Young (Allocation Failure)
[229.485s][info][gc,heap        ] GC(588) PSYoungGen: 219200K(219648K)->64K(219136K) Eden: 219136K(219136K)->0K(210944K) From: 64K(512K)->64K(8192K)
[229.485s][info][gc,heap        ] GC(588) ParOldGen: 179336K(576512K)->179344K(576512K)
[229.485s][info][gc,metaspace   ] GC(588) Metaspace: 35157K(35840K)->35157K(35840K) NonClass: 28896K(29376K)->28896K(29376K) Class: 6261K(6464K)->6261K(6464K)
[229.485s][info][gc             ] GC(588) Pause Young (Allocation Failure) 389M->175M(777M) 1.246ms
[229.485s][info][gc,cpu         ] GC(588) User=0.00s Sys=0.00s Real=0.00s
[229.555s][info][gc,start       ] GC(589) Pause Young (Allocation Failure)
[229.557s][info][gc,heap        ] GC(589) PSYoungGen: 211008K(219136K)->64K(203776K) Eden: 210944K(210944K)->0K(203264K) From: 64K(8192K)->64K(512K)
[229.557s][info][gc,heap        ] GC(589) ParOldGen: 179344K(576512K)->179360K(576512K)
[229.557s][info][gc,metaspace   ] GC(589) Metaspace: 35157K(35840K)->35157K(35840K) NonClass: 28896K(29376K)->28896K(29376K) Class: 6261K(6464K)->6261K(6464K)
[229.557s][info][gc             ] GC(589) Pause Young (Allocation Failure) 381M->175M(762M) 2.477ms
[229.557s][info][gc,cpu         ] GC(589) User=0.00s Sys=0.00s Real=0.01s
[229.785s][info][gc,start       ] GC(590) Pause Young (Allocation Failure)
[229.786s][info][gc,heap        ] GC(590) PSYoungGen: 203328K(203776K)->32K(202752K) Eden: 203264K(203264K)->0K(195584K) From: 64K(512K)->32K(7168K)
[229.786s][info][gc,heap        ] GC(590) ParOldGen: 179360K(576512K)->179368K(576512K)
[229.786s][info][gc,metaspace   ] GC(590) Metaspace: 35157K(35840K)->35157K(35840K) NonClass: 28896K(29376K)->28896K(29376K) Class: 6261K(6464K)->6261K(6464K)
[229.786s][info][gc             ] GC(590) Pause Young (Allocation Failure) 373M->175M(761M) 1.539ms
[229.786s][info][gc,cpu         ] GC(590) User=0.01s Sys=0.00s Real=0.00s
[230.355s][info][gc,start       ] GC(591) Pause Young (Allocation Failure)
[230.358s][info][gc,heap        ] GC(591) PSYoungGen: 195616K(202752K)->64K(188928K) Eden: 195584K(195584K)->0K(188416K) From: 32K(7168K)->64K(512K)
[230.358s][info][gc,heap        ] GC(591) ParOldGen: 179368K(576512K)->179376K(576512K)
[230.358s][info][gc,metaspace   ] GC(591) Metaspace: 35157K(35840K)->35157K(35840K) NonClass: 28896K(29376K)->28896K(29376K) Class: 6261K(6464K)->6261K(6464K)
[230.358s][info][gc             ] GC(591) Pause Young (Allocation Failure) 366M->175M(747M) 2.474ms
[230.358s][info][gc,cpu         ] GC(591) User=0.00s Sys=0.00s Real=0.01s
[230.563s][info][gc,start       ] GC(592) Pause Young (Allocation Failure)
[230.565s][info][gc,heap        ] GC(592) PSYoungGen: 188480K(188928K)->64K(187904K) Eden: 188416K(188416K)->0K(181760K) From: 64K(512K)->64K(6144K)
[230.565s][info][gc,heap        ] GC(592) ParOldGen: 179376K(576512K)->179384K(576512K)
[230.565s][info][gc,metaspace   ] GC(592) Metaspace: 35157K(35840K)->35157K(35840K) NonClass: 28896K(29376K)->28896K(29376K) Class: 6261K(6464K)->6261K(6464K)
[230.565s][info][gc             ] GC(592) Pause Young (Allocation Failure) 359M->175M(746M) 2.005ms
[230.565s][info][gc,cpu         ] GC(592) User=0.00s Sys=0.00s Real=0.00s
[230.901s][info][gc,start       ] GC(593) Pause Young (Allocation Failure)
[230.914s][info][gc,heap        ] GC(593) PSYoungGen: 181824K(187904K)->5632K(223744K) Eden: 181760K(181760K)->0K(218112K) From: 64K(6144K)->5632K(5632K)
[230.914s][info][gc,heap        ] GC(593) ParOldGen: 179384K(576512K)->180544K(576512K)
[230.914s][info][gc,metaspace   ] GC(593) Metaspace: 35157K(35840K)->35157K(35840K) NonClass: 28896K(29376K)->28896K(29376K) Class: 6261K(6464K)->6261K(6464K)
[230.914s][info][gc             ] GC(593) Pause Young (Allocation Failure) 352M->181M(781M) 12.321ms
[230.914s][info][gc,cpu         ] GC(593) User=0.02s Sys=0.01s Real=0.01s
[231.175s][info][gc,start       ] GC(594) Pause Young (Allocation Failure)
[231.215s][info][gc,heap        ] GC(594) PSYoungGen: 223744K(223744K)->7680K(256512K) Eden: 218112K(218112K)->0K(248832K) From: 5632K(5632K)->7680K(7680K)
[231.215s][info][gc,heap        ] GC(594) ParOldGen: 180544K(576512K)->195920K(576512K)
[231.215s][info][gc,metaspace   ] GC(594) Metaspace: 35157K(35840K)->35157K(35840K) NonClass: 28896K(29376K)->28896K(29376K) Class: 6261K(6464K)->6261K(6464K)
[231.215s][info][gc             ] GC(594) Pause Young (Allocation Failure) 394M->198M(813M) 40.442ms
[231.215s][info][gc,cpu         ] GC(594) User=0.08s Sys=0.00s Real=0.04s
[231.521s][info][gc,start       ] GC(595) Pause Young (Allocation Failure)
[231.579s][info][gc,heap        ] GC(595) PSYoungGen: 256512K(256512K)->14848K(269312K) Eden: 248832K(248832K)->0K(254464K) From: 7680K(7680K)->14848K(14848K)
[231.579s][info][gc,heap        ] GC(595) ParOldGen: 195920K(576512K)->207880K(576512K)
[231.579s][info][gc,metaspace   ] GC(595) Metaspace: 35157K(35840K)->35157K(35840K) NonClass: 28896K(29376K)->28896K(29376K) Class: 6261K(6464K)->6261K(6464K)
[231.579s][info][gc             ] GC(595) Pause Young (Allocation Failure) 441M->217M(826M) 57.586ms
[231.579s][info][gc,cpu         ] GC(595) User=0.10s Sys=0.01s Real=0.06s
[231.759s][info][gc,start       ] GC(596) Pause Young (Allocation Failure)
[231.786s][info][gc,heap        ] GC(596) PSYoungGen: 269312K(269312K)->12928K(276992K) Eden: 254464K(254464K)->0K(254464K) From: 14848K(14848K)->12928K(22528K)
[231.786s][info][gc,heap        ] GC(596) ParOldGen: 207880K(576512K)->208312K(576512K)
[231.786s][info][gc,metaspace   ] GC(596) Metaspace: 35157K(35840K)->35157K(35840K) NonClass: 28896K(29376K)->28896K(29376K) Class: 6261K(6464K)->6261K(6464K)
[231.786s][info][gc             ] GC(596) Pause Young (Allocation Failure) 466M->216M(833M) 26.766ms
[231.786s][info][gc,cpu         ] GC(596) User=0.05s Sys=0.00s Real=0.02s
[232.023s][info][gc,start       ] GC(597) Pause Young (Allocation Failure)
[232.024s][info][gc,heap        ] GC(597) PSYoungGen: 267392K(276992K)->64K(310784K) Eden: 254464K(254464K)->0K(287232K) From: 12928K(22528K)->64K(23552K)
[232.024s][info][gc,heap        ] GC(597) ParOldGen: 208312K(576512K)->208320K(576512K)
[232.024s][info][gc,metaspace   ] GC(597) Metaspace: 35157K(35840K)->35157K(35840K) NonClass: 28896K(29376K)->28896K(29376K) Class: 6261K(6464K)->6261K(6464K)
[232.024s][info][gc             ] GC(597) Pause Young (Allocation Failure) 464M->203M(866M) 1.180ms
[232.024s][info][gc,cpu         ] GC(597) User=0.00s Sys=0.00s Real=0.00s
[232.951s][info][gc,start       ] GC(598) Pause Young (Allocation Failure)
[232.952s][info][gc,heap        ] GC(598) PSYoungGen: 287296K(310784K)->64K(287744K) Eden: 287232K(287232K)->0K(287232K) From: 64K(23552K)->64K(512K)
[232.952s][info][gc,heap        ] GC(598) ParOldGen: 208320K(576512K)->208328K(576512K)
[232.952s][info][gc,metaspace   ] GC(598) Metaspace: 35157K(35840K)->35157K(35840K) NonClass: 28896K(29376K)->28896K(29376K) Class: 6261K(6464K)->6261K(6464K)
[232.952s][info][gc             ] GC(598) Pause Young (Allocation Failure) 484M->203M(844M) 1.563ms
[232.952s][info][gc,cpu         ] GC(598) User=0.00s Sys=0.00s Real=0.00s
[233.250s][info][gc,start       ] GC(599) Pause Young (Allocation Failure)
[233.251s][info][gc,heap        ] GC(599) PSYoungGen: 287296K(287744K)->64K(309760K) Eden: 287232K(287232K)->0K(287744K) From: 64K(512K)->64K(22016K)
[233.251s][info][gc,heap        ] GC(599) ParOldGen: 208328K(576512K)->208344K(576512K)
[233.251s][info][gc,metaspace   ] GC(599) Metaspace: 35157K(35840K)->35157K(35840K) NonClass: 28896K(29376K)->28896K(29376K) Class: 6261K(6464K)->6261K(6464K)
[233.251s][info][gc             ] GC(599) Pause Young (Allocation Failure) 484M->203M(865M) 1.596ms
[233.252s][info][gc,cpu         ] GC(599) User=0.00s Sys=0.00s Real=0.00s
[233.716s][info][gc,start       ] GC(600) Pause Young (Allocation Failure)
[233.718s][info][gc,heap        ] GC(600) PSYoungGen: 287808K(309760K)->64K(309248K) Eden: 287744K(287744K)->0K(287744K) From: 64K(22016K)->64K(21504K)
[233.718s][info][gc,heap        ] GC(600) ParOldGen: 208344K(576512K)->208352K(576512K)
[233.718s][info][gc,metaspace   ] GC(600) Metaspace: 35157K(35840K)->35157K(35840K) NonClass: 28896K(29376K)->28896K(29376K) Class: 6261K(6464K)->6261K(6464K)
[233.718s][info][gc             ] GC(600) Pause Young (Allocation Failure) 484M->203M(865M) 1.597ms
[233.718s][info][gc,cpu         ] GC(600) User=0.01s Sys=0.00s Real=0.01s
[233.935s][info][gc,start       ] GC(601) Pause Young (Allocation Failure)
[233.937s][info][gc,heap        ] GC(601) PSYoungGen: 287808K(309248K)->32K(311296K) Eden: 287744K(287744K)->0K(291328K) From: 64K(21504K)->32K(19968K)
[233.937s][info][gc,heap        ] GC(601) ParOldGen: 208352K(576512K)->208368K(576512K)
[233.937s][info][gc,metaspace   ] GC(601) Metaspace: 35157K(35840K)->35157K(35840K) NonClass: 28896K(29376K)->28896K(29376K) Class: 6261K(6464K)->6261K(6464K)
[233.937s][info][gc             ] GC(601) Pause Young (Allocation Failure) 484M->203M(867M) 1.614ms
[233.937s][info][gc,cpu         ] GC(601) User=0.01s Sys=0.00s Real=0.01s
[234.293s][info][gc,start       ] GC(602) Pause Young (Allocation Failure)
[234.294s][info][gc,heap        ] GC(602) PSYoungGen: 291360K(311296K)->32K(310784K) Eden: 291328K(291328K)->0K(291328K) From: 32K(19968K)->32K(19456K)
[234.294s][info][gc,heap        ] GC(602) ParOldGen: 208368K(576512K)->208368K(576512K)
[234.294s][info][gc,metaspace   ] GC(602) Metaspace: 35157K(35840K)->35157K(35840K) NonClass: 28896K(29376K)->28896K(29376K) Class: 6261K(6464K)->6261K(6464K)
[234.294s][info][gc             ] GC(602) Pause Young (Allocation Failure) 488M->203M(866M) 1.520ms
[234.294s][info][gc,cpu         ] GC(602) User=0.00s Sys=0.00s Real=0.00s
[234.483s][info][gc,start       ] GC(603) Pause Young (Allocation Failure)
[234.484s][info][gc,heap        ] GC(603) PSYoungGen: 291360K(310784K)->64K(313344K) Eden: 291328K(291328K)->0K(295424K) From: 32K(19456K)->64K(17920K)
[234.484s][info][gc,heap        ] GC(603) ParOldGen: 208368K(576512K)->208384K(576512K)
[234.484s][info][gc,metaspace   ] GC(603) Metaspace: 35157K(35840K)->35157K(35840K) NonClass: 28896K(29376K)->28896K(29376K) Class: 6261K(6464K)->6261K(6464K)
[234.484s][info][gc             ] GC(603) Pause Young (Allocation Failure) 488M->203M(869M) 1.645ms
[234.485s][info][gc,cpu         ] GC(603) User=0.00s Sys=0.00s Real=0.00s
[234.544s][info][gc,start       ] GC(604) Pause Young (Allocation Failure)
[234.545s][info][gc,heap        ] GC(604) PSYoungGen: 295488K(313344K)->32K(313344K) Eden: 295424K(295424K)->0K(295424K) From: 64K(17920K)->32K(17920K)
[234.545s][info][gc,heap        ] GC(604) ParOldGen: 208384K(576512K)->208392K(576512K)
[234.545s][info][gc,metaspace   ] GC(604) Metaspace: 35157K(35840K)->35157K(35840K) NonClass: 28896K(29376K)->28896K(29376K) Class: 6261K(6464K)->6261K(6464K)
[234.545s][info][gc             ] GC(604) Pause Young (Allocation Failure) 492M->203M(869M) 1.489ms
[234.545s][info][gc,cpu         ] GC(604) User=0.00s Sys=0.00s Real=0.00s
[234.643s][info][gc,start       ] GC(605) Pause Young (Allocation Failure)
[234.644s][info][gc,heap        ] GC(605) PSYoungGen: 295456K(313344K)->32K(314880K) Eden: 295424K(295424K)->0K(299008K) From: 32K(17920K)->32K(15872K)
[234.644s][info][gc,heap        ] GC(605) ParOldGen: 208392K(576512K)->208392K(576512K)
[234.645s][info][gc,metaspace   ] GC(605) Metaspace: 35157K(35840K)->35157K(35840K) NonClass: 28896K(29376K)->28896K(29376K) Class: 6261K(6464K)->6261K(6464K)
[234.645s][info][gc             ] GC(605) Pause Young (Allocation Failure) 492M->203M(870M) 1.550ms
[234.645s][info][gc,cpu         ] GC(605) User=0.00s Sys=0.00s Real=0.00s
[234.889s][info][gc,start       ] GC(606) Pause Young (Allocation Failure)
[234.890s][info][gc,heap        ] GC(606) PSYoungGen: 299040K(314880K)->64K(314880K) Eden: 299008K(299008K)->0K(299008K) From: 32K(15872K)->64K(15872K)
[234.890s][info][gc,heap        ] GC(606) ParOldGen: 208392K(576512K)->208408K(576512K)
[234.890s][info][gc,metaspace   ] GC(606) Metaspace: 35157K(35840K)->35157K(35840K) NonClass: 28896K(29376K)->28896K(29376K) Class: 6261K(6464K)->6261K(6464K)
[234.890s][info][gc             ] GC(606) Pause Young (Allocation Failure) 495M->203M(870M) 1.231ms
[234.890s][info][gc,cpu         ] GC(606) User=0.00s Sys=0.00s Real=0.00s
[235.100s][info][gc,start       ] GC(607) Pause Young (Allocation Failure)
[235.102s][info][gc,heap        ] GC(607) PSYoungGen: 299072K(314880K)->64K(317440K) Eden: 299008K(299008K)->0K(302592K) From: 64K(15872K)->64K(14848K)
[235.102s][info][gc,heap        ] GC(607) ParOldGen: 208408K(576512K)->208408K(576512K)
[235.102s][info][gc,metaspace   ] GC(607) Metaspace: 35157K(35840K)->35157K(35840K) NonClass: 28896K(29376K)->28896K(29376K) Class: 6261K(6464K)->6261K(6464K)
[235.102s][info][gc             ] GC(607) Pause Young (Allocation Failure) 495M->203M(873M) 1.602ms
[235.102s][info][gc,cpu         ] GC(607) User=0.00s Sys=0.00s Real=0.00s
[235.196s][info][gc,start       ] GC(608) Pause Young (Allocation Failure)
[235.197s][info][gc,heap        ] GC(608) PSYoungGen: 302656K(317440K)->32K(316928K) Eden: 302592K(302592K)->0K(302592K) From: 64K(14848K)->32K(14336K)
[235.197s][info][gc,heap        ] GC(608) ParOldGen: 208408K(576512K)->208424K(576512K)
[235.197s][info][gc,metaspace   ] GC(608) Metaspace: 35157K(35840K)->35157K(35840K) NonClass: 28896K(29376K)->28896K(29376K) Class: 6261K(6464K)->6261K(6464K)
[235.197s][info][gc             ] GC(608) Pause Young (Allocation Failure) 499M->203M(872M) 1.515ms
[235.197s][info][gc,cpu         ] GC(608) User=0.00s Sys=0.00s Real=0.01s
[235.349s][info][gc,start       ] GC(609) Pause Young (Allocation Failure)
[235.351s][info][gc,heap        ] GC(609) PSYoungGen: 302624K(316928K)->64K(318464K) Eden: 302592K(302592K)->0K(305664K) From: 32K(14336K)->64K(12800K)
[235.351s][info][gc,heap        ] GC(609) ParOldGen: 208424K(576512K)->208424K(576512K)
[235.351s][info][gc,metaspace   ] GC(609) Metaspace: 35157K(35840K)->35157K(35840K) NonClass: 28896K(29376K)->28896K(29376K) Class: 6261K(6464K)->6261K(6464K)
[235.351s][info][gc             ] GC(609) Pause Young (Allocation Failure) 499M->203M(874M) 1.649ms
[235.351s][info][gc,cpu         ] GC(609) User=0.01s Sys=0.00s Real=0.00s
[235.815s][info][gc,start       ] GC(610) Pause Young (Allocation Failure)
[235.816s][info][gc,heap        ] GC(610) PSYoungGen: 305728K(318464K)->64K(293888K) Eden: 305664K(305664K)->0K(293376K) From: 64K(12800K)->64K(512K)
[235.816s][info][gc,heap        ] GC(610) ParOldGen: 208424K(576512K)->208432K(576512K)
[235.816s][info][gc,metaspace   ] GC(610) Metaspace: 35157K(35840K)->35157K(35840K) NonClass: 28896K(29376K)->28896K(29376K) Class: 6261K(6464K)->6261K(6464K)
[235.816s][info][gc             ] GC(610) Pause Young (Allocation Failure) 502M->203M(850M) 1.338ms
[235.816s][info][gc,cpu         ] GC(610) User=0.01s Sys=0.00s Real=0.00s
[236.529s][info][gc,start       ] GC(611) Pause Young (Allocation Failure)
[236.531s][info][gc,heap        ] GC(611) PSYoungGen: 293440K(293888K)->64K(282112K) Eden: 293376K(293376K)->0K(281600K) From: 64K(512K)->64K(512K)
[236.531s][info][gc,heap        ] GC(611) ParOldGen: 208432K(576512K)->208440K(576512K)
[236.531s][info][gc,metaspace   ] GC(611) Metaspace: 35157K(35840K)->35157K(35840K) NonClass: 28896K(29376K)->28896K(29376K) Class: 6261K(6464K)->6261K(6464K)
[236.531s][info][gc             ] GC(611) Pause Young (Allocation Failure) 490M->203M(838M) 1.735ms
[236.531s][info][gc,cpu         ] GC(611) User=0.00s Sys=0.00s Real=0.00s
[237.543s][info][gc,start       ] GC(612) Pause Young (Allocation Failure)
[237.544s][info][gc,heap        ] GC(612) PSYoungGen: 281664K(282112K)->64K(281088K) Eden: 281600K(281600K)->0K(270336K) From: 64K(512K)->64K(10752K)
[237.544s][info][gc,heap        ] GC(612) ParOldGen: 208440K(576512K)->208448K(576512K)
[237.544s][info][gc,metaspace   ] GC(612) Metaspace: 35157K(35840K)->35157K(35840K) NonClass: 28896K(29376K)->28896K(29376K) Class: 6261K(6464K)->6261K(6464K)
[237.544s][info][gc             ] GC(612) Pause Young (Allocation Failure) 478M->203M(837M) 1.086ms
[237.544s][info][gc,cpu         ] GC(612) User=0.01s Sys=0.00s Real=0.00s
[237.993s][info][gc,start       ] GC(613) Pause Young (Allocation Failure)
[237.995s][info][gc,heap        ] GC(613) PSYoungGen: 270400K(281088K)->64K(260096K) Eden: 270336K(270336K)->0K(259584K) From: 64K(10752K)->64K(512K)
[237.995s][info][gc,heap        ] GC(613) ParOldGen: 208448K(576512K)->208456K(576512K)
[237.995s][info][gc,metaspace   ] GC(613) Metaspace: 35157K(35840K)->35157K(35840K) NonClass: 28896K(29376K)->28896K(29376K) Class: 6261K(6464K)->6261K(6464K)
[237.995s][info][gc             ] GC(613) Pause Young (Allocation Failure) 467M->203M(817M) 1.743ms
[237.995s][info][gc,cpu         ] GC(613) User=0.00s Sys=0.00s Real=0.00s
[238.998s][info][gc,start       ] GC(614) Pause Young (Allocation Failure)
[238.999s][info][gc,heap        ] GC(614) PSYoungGen: 259648K(260096K)->64K(259072K) Eden: 259584K(259584K)->0K(249344K) From: 64K(512K)->64K(9728K)
[238.999s][info][gc,heap        ] GC(614) ParOldGen: 208456K(576512K)->208464K(576512K)
[238.999s][info][gc,metaspace   ] GC(614) Metaspace: 35157K(35840K)->35157K(35840K) NonClass: 28896K(29376K)->28896K(29376K) Class: 6261K(6464K)->6261K(6464K)
[238.999s][info][gc             ] GC(614) Pause Young (Allocation Failure) 457M->203M(816M) 1.142ms
[238.999s][info][gc,cpu         ] GC(614) User=0.00s Sys=0.00s Real=0.00s
[239.227s][info][gc,start       ] GC(615) Pause Young (Allocation Failure)
[239.229s][info][gc,heap        ] GC(615) PSYoungGen: 249408K(259072K)->64K(240128K) Eden: 249344K(249344K)->0K(239616K) From: 64K(9728K)->64K(512K)
[239.229s][info][gc,heap        ] GC(615) ParOldGen: 208464K(576512K)->208472K(576512K)
[239.229s][info][gc,metaspace   ] GC(615) Metaspace: 35157K(35840K)->35157K(35840K) NonClass: 28896K(29376K)->28896K(29376K) Class: 6261K(6464K)->6261K(6464K)
[239.229s][info][gc             ] GC(615) Pause Young (Allocation Failure) 447M->203M(797M) 1.873ms
[239.229s][info][gc,cpu         ] GC(615) User=0.00s Sys=0.00s Real=0.00s
[239.607s][info][gc,start       ] GC(616) Pause Young (Allocation Failure)
[239.609s][info][gc,heap        ] GC(616) PSYoungGen: 239680K(240128K)->64K(238592K) Eden: 239616K(239616K)->0K(230400K) From: 64K(512K)->64K(8192K)
[239.609s][info][gc,heap        ] GC(616) ParOldGen: 208472K(576512K)->208480K(576512K)
[239.609s][info][gc,metaspace   ] GC(616) Metaspace: 35157K(35840K)->35157K(35840K) NonClass: 28896K(29376K)->28896K(29376K) Class: 6261K(6464K)->6261K(6464K)
[239.609s][info][gc             ] GC(616) Pause Young (Allocation Failure) 437M->203M(796M) 1.285ms
[239.609s][info][gc,cpu         ] GC(616) User=0.00s Sys=0.00s Real=0.00s
[239.664s][info][gc,start       ] GC(617) Pause Young (Allocation Failure)
[239.666s][info][gc,heap        ] GC(617) PSYoungGen: 230464K(238592K)->64K(222208K) Eden: 230400K(230400K)->0K(221696K) From: 64K(8192K)->64K(512K)
[239.666s][info][gc,heap        ] GC(617) ParOldGen: 208480K(576512K)->208496K(576512K)
[239.666s][info][gc,metaspace   ] GC(617) Metaspace: 35157K(35840K)->35157K(35840K) NonClass: 28896K(29376K)->28896K(29376K) Class: 6261K(6464K)->6261K(6464K)
[239.666s][info][gc             ] GC(617) Pause Young (Allocation Failure) 428M->203M(780M) 2.113ms
[239.666s][info][gc,cpu         ] GC(617) User=0.00s Sys=0.00s Real=0.00s
[240.022s][info][gc,start       ] GC(618) Pause Young (Allocation Failure)
[240.024s][info][gc,heap        ] GC(618) PSYoungGen: 221760K(222208K)->64K(220672K) Eden: 221696K(221696K)->0K(213504K) From: 64K(512K)->64K(7168K)
[240.024s][info][gc,heap        ] GC(618) ParOldGen: 208496K(576512K)->208496K(576512K)
[240.024s][info][gc,metaspace   ] GC(618) Metaspace: 35157K(35840K)->35157K(35840K) NonClass: 28896K(29376K)->28896K(29376K) Class: 6261K(6464K)->6261K(6464K)
[240.024s][info][gc             ] GC(618) Pause Young (Allocation Failure) 420M->203M(778M) 1.868ms
[240.024s][info][gc,cpu         ] GC(618) User=0.00s Sys=0.00s Real=0.00s
[240.454s][info][gc,start       ] GC(619) Pause Young (Allocation Failure)
[240.457s][info][gc,heap        ] GC(619) PSYoungGen: 213568K(220672K)->64K(206336K) Eden: 213504K(213504K)->0K(205824K) From: 64K(7168K)->64K(512K)
[240.457s][info][gc,heap        ] GC(619) ParOldGen: 208496K(576512K)->208512K(576512K)
[240.457s][info][gc,metaspace   ] GC(619) Metaspace: 35157K(35840K)->35157K(35840K) NonClass: 28896K(29376K)->28896K(29376K) Class: 6261K(6464K)->6261K(6464K)
[240.457s][info][gc             ] GC(619) Pause Young (Allocation Failure) 412M->203M(764M) 3.143ms
[240.457s][info][gc,cpu         ] GC(619) User=0.00s Sys=0.00s Real=0.01s
[240.804s][info][gc,start       ] GC(620) Pause Young (Allocation Failure)
[240.807s][info][gc,heap        ] GC(620) PSYoungGen: 205888K(206336K)->64K(204288K) Eden: 205824K(205824K)->0K(198144K) From: 64K(512K)->64K(6144K)
[240.807s][info][gc,heap        ] GC(620) ParOldGen: 208512K(576512K)->208520K(576512K)
[240.807s][info][gc,metaspace   ] GC(620) Metaspace: 35157K(35840K)->35157K(35840K) NonClass: 28896K(29376K)->28896K(29376K) Class: 6261K(6464K)->6261K(6464K)
[240.807s][info][gc             ] GC(620) Pause Young (Allocation Failure) 404M->203M(762M) 3.301ms
[240.807s][info][gc,cpu         ] GC(620) User=0.00s Sys=0.00s Real=0.01s
[241.091s][info][gc,start       ] GC(621) Pause Young (Allocation Failure)
[241.153s][info][gc,heap        ] GC(621) PSYoungGen: 198208K(204288K)->5632K(243712K) Eden: 198144K(198144K)->0K(238080K) From: 64K(6144K)->5632K(5632K)
[241.153s][info][gc,heap        ] GC(621) ParOldGen: 208520K(576512K)->221064K(576512K)
[241.153s][info][gc,metaspace   ] GC(621) Metaspace: 35157K(35840K)->35157K(35840K) NonClass: 28896K(29376K)->28896K(29376K) Class: 6261K(6464K)->6261K(6464K)
[241.153s][info][gc             ] GC(621) Pause Young (Allocation Failure) 397M->221M(801M) 61.955ms
[241.153s][info][gc,cpu         ] GC(621) User=0.08s Sys=0.01s Real=0.06s
[241.449s][info][gc,start       ] GC(622) Pause Young (Allocation Failure)
[241.507s][info][gc,heap        ] GC(622) PSYoungGen: 243712K(243712K)->11776K(264192K) Eden: 238080K(238080K)->0K(252416K) From: 5632K(5632K)->11776K(11776K)
[241.507s][info][gc,heap        ] GC(622) ParOldGen: 221064K(576512K)->234872K(576512K)
[241.507s][info][gc,metaspace   ] GC(622) Metaspace: 35157K(35840K)->35157K(35840K) NonClass: 28896K(29376K)->28896K(29376K) Class: 6261K(6464K)->6261K(6464K)
[241.507s][info][gc             ] GC(622) Pause Young (Allocation Failure) 453M->240M(821M) 57.517ms
[241.507s][info][gc,cpu         ] GC(622) User=0.12s Sys=0.00s Real=0.06s
[241.780s][info][gc,start       ] GC(623) Pause Young (Allocation Failure)
[241.836s][info][gc,heap        ] GC(623) PSYoungGen: 264192K(264192K)->19456K(298496K) Eden: 252416K(252416K)->0K(279040K) From: 11776K(11776K)->19456K(19456K)
[241.836s][info][gc,heap        ] GC(623) ParOldGen: 234872K(576512K)->241584K(576512K)
[241.836s][info][gc,metaspace   ] GC(623) Metaspace: 35157K(35840K)->35157K(35840K) NonClass: 28896K(29376K)->28896K(29376K) Class: 6261K(6464K)->6261K(6464K)
[241.836s][info][gc             ] GC(623) Pause Young (Allocation Failure) 487M->254M(854M) 55.775ms
[241.836s][info][gc,cpu         ] GC(623) User=0.10s Sys=0.01s Real=0.05s
[241.923s][info][gc,start       ] GC(624) Pause Young (Allocation Failure)
[241.926s][info][gc,heap        ] GC(624) PSYoungGen: 298496K(298496K)->64K(305152K) Eden: 279040K(279040K)->0K(279040K) From: 19456K(19456K)->64K(26112K)
[241.926s][info][gc,heap        ] GC(624) ParOldGen: 241584K(576512K)->241824K(576512K)
[241.926s][info][gc,metaspace   ] GC(624) Metaspace: 35157K(35840K)->35157K(35840K) NonClass: 28896K(29376K)->28896K(29376K) Class: 6261K(6464K)->6261K(6464K)
[241.926s][info][gc             ] GC(624) Pause Young (Allocation Failure) 527M->236M(861M) 2.971ms
[241.926s][info][gc,cpu         ] GC(624) User=0.01s Sys=0.00s Real=0.00s
[242.553s][info][gc,start       ] GC(625) Pause Young (Allocation Failure)
[242.554s][info][gc,heap        ] GC(625) PSYoungGen: 279104K(305152K)->64K(305664K) Eden: 279040K(279040K)->0K(282624K) From: 64K(26112K)->64K(23040K)
[242.554s][info][gc,heap        ] GC(625) ParOldGen: 241824K(576512K)->241840K(576512K)
[242.554s][info][gc,metaspace   ] GC(625) Metaspace: 35157K(35840K)->35157K(35840K) NonClass: 28896K(29376K)->28896K(29376K) Class: 6261K(6464K)->6261K(6464K)
[242.554s][info][gc             ] GC(625) Pause Young (Allocation Failure) 508M->236M(861M) 1.628ms
[242.554s][info][gc,cpu         ] GC(625) User=0.01s Sys=0.00s Real=0.00s
[243.000s][info][gc,start       ] GC(626) Pause Young (Allocation Failure)
[243.002s][info][gc,heap        ] GC(626) PSYoungGen: 282688K(305664K)->64K(307200K) Eden: 282624K(282624K)->0K(282624K) From: 64K(23040K)->64K(24576K)
[243.002s][info][gc,heap        ] GC(626) ParOldGen: 241840K(576512K)->241848K(576512K)
[243.002s][info][gc,metaspace   ] GC(626) Metaspace: 35157K(35840K)->35157K(35840K) NonClass: 28896K(29376K)->28896K(29376K) Class: 6261K(6464K)->6261K(6464K)
[243.002s][info][gc             ] GC(626) Pause Young (Allocation Failure) 512M->236M(863M) 1.555ms
[243.002s][info][gc,cpu         ] GC(626) User=0.00s Sys=0.00s Real=0.00s
[243.435s][info][gc,start       ] GC(627) Pause Young (Allocation Failure)
[243.437s][info][gc,heap        ] GC(627) PSYoungGen: 282688K(307200K)->64K(306688K) Eden: 282624K(282624K)->0K(285696K) From: 64K(24576K)->64K(20992K)
[243.437s][info][gc,heap        ] GC(627) ParOldGen: 241848K(576512K)->241864K(576512K)
[243.437s][info][gc,metaspace   ] GC(627) Metaspace: 35157K(35840K)->35157K(35840K) NonClass: 28896K(29376K)->28896K(29376K) Class: 6261K(6464K)->6261K(6464K)
[243.437s][info][gc             ] GC(627) Pause Young (Allocation Failure) 512M->236M(862M) 1.648ms
[243.437s][info][gc,cpu         ] GC(627) User=0.00s Sys=0.00s Real=0.01s
[243.636s][info][gc,start       ] GC(628) Pause Young (Allocation Failure)
[243.637s][info][gc,heap        ] GC(628) PSYoungGen: 285760K(306688K)->64K(308224K) Eden: 285696K(285696K)->0K(285696K) From: 64K(20992K)->64K(22528K)
[243.637s][info][gc,heap        ] GC(628) ParOldGen: 241864K(576512K)->241880K(576512K)
[243.637s][info][gc,metaspace   ] GC(628) Metaspace: 35157K(35840K)->35157K(35840K) NonClass: 28896K(29376K)->28896K(29376K) Class: 6261K(6464K)->6261K(6464K)
[243.637s][info][gc             ] GC(628) Pause Young (Allocation Failure) 515M->236M(864M) 1.202ms
[243.637s][info][gc,cpu         ] GC(628) User=0.00s Sys=0.00s Real=0.01s
[243.831s][info][gc,start       ] GC(629) Pause Young (Allocation Failure)
[243.832s][info][gc,heap        ] GC(629) PSYoungGen: 285760K(308224K)->64K(308736K) Eden: 285696K(285696K)->0K(289792K) From: 64K(22528K)->64K(18944K)
[243.832s][info][gc,heap        ] GC(629) ParOldGen: 241880K(576512K)->241880K(576512K)
[243.832s][info][gc,metaspace   ] GC(629) Metaspace: 35157K(35840K)->35157K(35840K) NonClass: 28896K(29376K)->28896K(29376K) Class: 6261K(6464K)->6261K(6464K)
[243.832s][info][gc             ] GC(629) Pause Young (Allocation Failure) 515M->236M(864M) 1.188ms
[243.832s][info][gc,cpu         ] GC(629) User=0.00s Sys=0.00s Real=0.00s
[244.193s][info][gc,start       ] GC(630) Pause Young (Allocation Failure)
[244.194s][info][gc,heap        ] GC(630) PSYoungGen: 289856K(308736K)->64K(310272K) Eden: 289792K(289792K)->0K(289792K) From: 64K(18944K)->64K(20480K)
[244.194s][info][gc,heap        ] GC(630) ParOldGen: 241880K(576512K)->241880K(576512K)
[244.194s][info][gc,metaspace   ] GC(630) Metaspace: 35157K(35840K)->35157K(35840K) NonClass: 28896K(29376K)->28896K(29376K) Class: 6261K(6464K)->6261K(6464K)
[244.194s][info][gc             ] GC(630) Pause Young (Allocation Failure) 519M->236M(866M) 1.177ms
[244.194s][info][gc,cpu         ] GC(630) User=0.00s Sys=0.00s Real=0.00s
[244.246s][info][gc,start       ] GC(631) Pause Young (Allocation Failure)
[244.248s][info][gc,heap        ] GC(631) PSYoungGen: 289856K(310272K)->64K(310784K) Eden: 289792K(289792K)->0K(293888K) From: 64K(20480K)->64K(16896K)
[244.248s][info][gc,heap        ] GC(631) ParOldGen: 241880K(576512K)->241896K(576512K)
[244.248s][info][gc,metaspace   ] GC(631) Metaspace: 35157K(35840K)->35157K(35840K) NonClass: 28896K(29376K)->28896K(29376K) Class: 6261K(6464K)->6261K(6464K)
[244.248s][info][gc             ] GC(631) Pause Young (Allocation Failure) 519M->236M(866M) 1.162ms
[244.248s][info][gc,cpu         ] GC(631) User=0.01s Sys=0.01s Real=0.01s
[244.304s][info][gc,start       ] GC(632) Pause Young (Allocation Failure)
[244.305s][info][gc,heap        ] GC(632) PSYoungGen: 293952K(310784K)->64K(312320K) Eden: 293888K(293888K)->0K(293888K) From: 64K(16896K)->64K(18432K)
[244.305s][info][gc,heap        ] GC(632) ParOldGen: 241896K(576512K)->241896K(576512K)
[244.305s][info][gc,metaspace   ] GC(632) Metaspace: 35157K(35840K)->35157K(35840K) NonClass: 28896K(29376K)->28896K(29376K) Class: 6261K(6464K)->6261K(6464K)
[244.305s][info][gc             ] GC(632) Pause Young (Allocation Failure) 523M->236M(868M) 1.263ms
[244.305s][info][gc,cpu         ] GC(632) User=0.00s Sys=0.00s Real=0.00s
[244.496s][info][gc,start       ] GC(633) Pause Young (Allocation Failure)
[244.497s][info][gc,heap        ] GC(633) PSYoungGen: 293952K(312320K)->64K(312832K) Eden: 293888K(293888K)->0K(297984K) From: 64K(18432K)->64K(14848K)
[244.497s][info][gc,heap        ] GC(633) ParOldGen: 241896K(576512K)->241896K(576512K)
[244.497s][info][gc,metaspace   ] GC(633) Metaspace: 35157K(35840K)->35157K(35840K) NonClass: 28896K(29376K)->28896K(29376K) Class: 6261K(6464K)->6261K(6464K)
[244.497s][info][gc             ] GC(633) Pause Young (Allocation Failure) 523M->236M(868M) 1.249ms
[244.498s][info][gc,cpu         ] GC(633) User=0.00s Sys=0.00s Real=0.01s
[244.732s][info][gc,start       ] GC(634) Pause Young (Allocation Failure)
[244.733s][info][gc,heap        ] GC(634) PSYoungGen: 298048K(312832K)->64K(314368K) Eden: 297984K(297984K)->0K(297984K) From: 64K(14848K)->64K(16384K)
[244.733s][info][gc,heap        ] GC(634) ParOldGen: 241896K(576512K)->241904K(576512K)
[244.733s][info][gc,metaspace   ] GC(634) Metaspace: 35157K(35840K)->35157K(35840K) NonClass: 28896K(29376K)->28896K(29376K) Class: 6261K(6464K)->6261K(6464K)
[244.733s][info][gc             ] GC(634) Pause Young (Allocation Failure) 527M->236M(870M) 1.258ms
[244.733s][info][gc,cpu         ] GC(634) User=0.00s Sys=0.00s Real=0.00s
[244.867s][info][gc,start       ] GC(635) Pause Young (Allocation Failure)
[244.868s][info][gc,heap        ] GC(635) PSYoungGen: 298048K(314368K)->32K(314880K) Eden: 297984K(297984K)->0K(302080K) From: 64K(16384K)->32K(12800K)
[244.868s][info][gc,heap        ] GC(635) ParOldGen: 241904K(576512K)->241912K(576512K)
[244.868s][info][gc,metaspace   ] GC(635) Metaspace: 35157K(35840K)->35157K(35840K) NonClass: 28896K(29376K)->28896K(29376K) Class: 6261K(6464K)->6261K(6464K)
[244.868s][info][gc             ] GC(635) Pause Young (Allocation Failure) 527M->236M(870M) 1.700ms
[244.868s][info][gc,cpu         ] GC(635) User=0.00s Sys=0.00s Real=0.00s
[244.977s][info][gc,start       ] GC(636) Pause Young (Allocation Failure)
[244.978s][info][gc,heap        ] GC(636) PSYoungGen: 302112K(314880K)->64K(316416K) Eden: 302080K(302080K)->0K(302080K) From: 32K(12800K)->64K(14336K)
[244.978s][info][gc,heap        ] GC(636) ParOldGen: 241912K(576512K)->241920K(576512K)
[244.978s][info][gc,metaspace   ] GC(636) Metaspace: 35157K(35840K)->35157K(35840K) NonClass: 28896K(29376K)->28896K(29376K) Class: 6261K(6464K)->6261K(6464K)
[244.978s][info][gc             ] GC(636) Pause Young (Allocation Failure) 531M->236M(872M) 1.258ms
[244.978s][info][gc,cpu         ] GC(636) User=0.01s Sys=0.00s Real=0.00s
[245.172s][info][gc,start       ] GC(637) Pause Young (Allocation Failure)
[245.173s][info][gc,heap        ] GC(637) PSYoungGen: 302144K(316416K)->64K(317952K) Eden: 302080K(302080K)->0K(306176K) From: 64K(14336K)->64K(11776K)
[245.173s][info][gc,heap        ] GC(637) ParOldGen: 241920K(576512K)->241928K(576512K)
[245.173s][info][gc,metaspace   ] GC(637) Metaspace: 35157K(35840K)->35157K(35840K) NonClass: 28896K(29376K)->28896K(29376K) Class: 6261K(6464K)->6261K(6464K)
[245.173s][info][gc             ] GC(637) Pause Young (Allocation Failure) 531M->236M(873M) 1.715ms
[245.173s][info][gc,cpu         ] GC(637) User=0.00s Sys=0.00s Real=0.00s
[246.218s][info][gc,start       ] GC(638) Pause Young (Allocation Failure)
[246.220s][info][gc,heap        ] GC(638) PSYoungGen: 306240K(317952K)->64K(294400K) Eden: 306176K(306176K)->0K(293888K) From: 64K(11776K)->64K(512K)
[246.220s][info][gc,heap        ] GC(638) ParOldGen: 241928K(576512K)->241936K(576512K)
[246.220s][info][gc,metaspace   ] GC(638) Metaspace: 35157K(35840K)->35157K(35840K) NonClass: 28896K(29376K)->28896K(29376K) Class: 6261K(6464K)->6261K(6464K)
[246.220s][info][gc             ] GC(638) Pause Young (Allocation Failure) 535M->236M(850M) 1.697ms
[246.220s][info][gc,cpu         ] GC(638) User=0.00s Sys=0.00s Real=0.00s
[247.203s][info][gc,start       ] GC(639) Pause Young (Allocation Failure)
[247.205s][info][gc,heap        ] GC(639) PSYoungGen: 293952K(294400K)->64K(282624K) Eden: 293888K(293888K)->0K(282112K) From: 64K(512K)->64K(512K)
[247.205s][info][gc,heap        ] GC(639) ParOldGen: 241936K(576512K)->241944K(576512K)
[247.205s][info][gc,metaspace   ] GC(639) Metaspace: 35157K(35840K)->35157K(35840K) NonClass: 28896K(29376K)->28896K(29376K) Class: 6261K(6464K)->6261K(6464K)
[247.205s][info][gc             ] GC(639) Pause Young (Allocation Failure) 523M->236M(839M) 2.168ms
[247.206s][info][gc,cpu         ] GC(639) User=0.00s Sys=0.00s Real=0.00s
[247.572s][info][gc,start       ] GC(640) Pause Young (Allocation Failure)
[247.574s][info][gc,heap        ] GC(640) PSYoungGen: 282176K(282624K)->64K(282112K) Eden: 282112K(282112K)->0K(270848K) From: 64K(512K)->64K(11264K)
[247.574s][info][gc,heap        ] GC(640) ParOldGen: 241944K(576512K)->241952K(576512K)
[247.574s][info][gc,metaspace   ] GC(640) Metaspace: 35157K(35840K)->35157K(35840K) NonClass: 28896K(29376K)->28896K(29376K) Class: 6261K(6464K)->6261K(6464K)
[247.574s][info][gc             ] GC(640) Pause Young (Allocation Failure) 511M->236M(838M) 1.331ms
[247.574s][info][gc,cpu         ] GC(640) User=0.00s Sys=0.00s Real=0.00s
[248.007s][info][gc,start       ] GC(641) Pause Young (Allocation Failure)
[248.010s][info][gc,heap        ] GC(641) PSYoungGen: 270912K(282112K)->64K(260608K) Eden: 270848K(270848K)->0K(260096K) From: 64K(11264K)->64K(512K)
[248.010s][info][gc,heap        ] GC(641) ParOldGen: 241952K(576512K)->241960K(576512K)
[248.010s][info][gc,metaspace   ] GC(641) Metaspace: 35157K(35840K)->35157K(35840K) NonClass: 28896K(29376K)->28896K(29376K) Class: 6261K(6464K)->6261K(6464K)
[248.010s][info][gc             ] GC(641) Pause Young (Allocation Failure) 500M->236M(817M) 3.201ms
[248.010s][info][gc,cpu         ] GC(641) User=0.00s Sys=0.00s Real=0.00s
[249.098s][info][gc,start       ] GC(642) Pause Young (Allocation Failure)
[249.100s][info][gc,heap        ] GC(642) PSYoungGen: 260160K(260608K)->64K(259584K) Eden: 260096K(260096K)->0K(249856K) From: 64K(512K)->64K(9728K)
[249.100s][info][gc,heap        ] GC(642) ParOldGen: 241960K(576512K)->241968K(576512K)
[249.100s][info][gc,metaspace   ] GC(642) Metaspace: 35157K(35840K)->35157K(35840K) NonClass: 28896K(29376K)->28896K(29376K) Class: 6261K(6464K)->6261K(6464K)
[249.100s][info][gc             ] GC(642) Pause Young (Allocation Failure) 490M->236M(816M) 1.716ms
[249.100s][info][gc,cpu         ] GC(642) User=0.00s Sys=0.01s Real=0.00s
[249.470s][info][gc,start       ] GC(643) Pause Young (Allocation Failure)
[249.472s][info][gc,heap        ] GC(643) PSYoungGen: 249920K(259584K)->64K(240640K) Eden: 249856K(249856K)->0K(240128K) From: 64K(9728K)->64K(512K)
[249.472s][info][gc,heap        ] GC(643) ParOldGen: 241968K(576512K)->241984K(576512K)
[249.472s][info][gc,metaspace   ] GC(643) Metaspace: 35157K(35840K)->35157K(35840K) NonClass: 28896K(29376K)->28896K(29376K) Class: 6261K(6464K)->6261K(6464K)
[249.472s][info][gc             ] GC(643) Pause Young (Allocation Failure) 480M->236M(798M) 2.248ms
[249.472s][info][gc,cpu         ] GC(643) User=0.00s Sys=0.00s Real=0.00s
[249.622s][info][gc,start       ] GC(644) Pause Young (Allocation Failure)
[249.624s][info][gc,heap        ] GC(644) PSYoungGen: 240192K(240640K)->64K(239104K) Eden: 240128K(240128K)->0K(230912K) From: 64K(512K)->64K(8192K)
[249.624s][info][gc,heap        ] GC(644) ParOldGen: 241984K(576512K)->241992K(576512K)
[249.624s][info][gc,metaspace   ] GC(644) Metaspace: 35157K(35840K)->35157K(35840K) NonClass: 28896K(29376K)->28896K(29376K) Class: 6261K(6464K)->6261K(6464K)
[249.624s][info][gc             ] GC(644) Pause Young (Allocation Failure) 470M->236M(796M) 1.804ms
[249.624s][info][gc,cpu         ] GC(644) User=0.01s Sys=0.00s Real=0.00s
[249.851s][info][gc,start       ] GC(645) Pause Young (Allocation Failure)
[249.853s][info][gc,heap        ] GC(645) PSYoungGen: 230976K(239104K)->64K(222720K) Eden: 230912K(230912K)->0K(222208K) From: 64K(8192K)->64K(512K)
[249.853s][info][gc,heap        ] GC(645) ParOldGen: 241992K(576512K)->242000K(576512K)
[249.853s][info][gc,metaspace   ] GC(645) Metaspace: 35157K(35840K)->35157K(35840K) NonClass: 28896K(29376K)->28896K(29376K) Class: 6261K(6464K)->6261K(6464K)
[249.853s][info][gc             ] GC(645) Pause Young (Allocation Failure) 461M->236M(780M) 2.001ms
[249.853s][info][gc,cpu         ] GC(645) User=0.00s Sys=0.00s Real=0.00s
[250.443s][info][gc,start       ] GC(646) Pause Young (Allocation Failure)
[250.444s][info][gc,heap        ] GC(646) PSYoungGen: 222272K(222720K)->64K(221184K) Eden: 222208K(222208K)->0K(214016K) From: 64K(512K)->64K(7168K)
[250.444s][info][gc,heap        ] GC(646) ParOldGen: 242000K(576512K)->242008K(576512K)
[250.444s][info][gc,metaspace   ] GC(646) Metaspace: 35157K(35840K)->35157K(35840K) NonClass: 28896K(29376K)->28896K(29376K) Class: 6261K(6464K)->6261K(6464K)
[250.444s][info][gc             ] GC(646) Pause Young (Allocation Failure) 453M->236M(779M) 1.799ms
[250.444s][info][gc,cpu         ] GC(646) User=0.00s Sys=0.00s Real=0.00s
[250.739s][info][gc,start       ] GC(647) Pause Young (Allocation Failure)
[250.741s][info][gc,heap        ] GC(647) PSYoungGen: 214080K(221184K)->64K(206336K) Eden: 214016K(214016K)->0K(205824K) From: 64K(7168K)->64K(512K)
[250.741s][info][gc,heap        ] GC(647) ParOldGen: 242008K(576512K)->242016K(576512K)
[250.741s][info][gc,metaspace   ] GC(647) Metaspace: 35157K(35840K)->35157K(35840K) NonClass: 28896K(29376K)->28896K(29376K) Class: 6261K(6464K)->6261K(6464K)
[250.741s][info][gc             ] GC(647) Pause Young (Allocation Failure) 445M->236M(764M) 1.796ms
[250.741s][info][gc,cpu         ] GC(647) User=0.00s Sys=0.00s Real=0.00s
[251.075s][info][gc,start       ] GC(648) Pause Young (Allocation Failure)
[251.100s][info][gc,heap        ] GC(648) PSYoungGen: 205888K(206336K)->6144K(253440K) Eden: 205824K(205824K)->0K(247296K) From: 64K(512K)->6144K(6144K)
[251.100s][info][gc,heap        ] GC(648) ParOldGen: 242016K(576512K)->250344K(576512K)
[251.100s][info][gc,metaspace   ] GC(648) Metaspace: 35157K(35840K)->35157K(35840K) NonClass: 28896K(29376K)->28896K(29376K) Class: 6261K(6464K)->6261K(6464K)
[251.100s][info][gc             ] GC(648) Pause Young (Allocation Failure) 437M->250M(810M) 24.905ms
[251.100s][info][gc,cpu         ] GC(648) User=0.05s Sys=0.00s Real=0.03s
[251.405s][info][gc,start       ] GC(649) Pause Young (Allocation Failure)
[251.454s][info][gc,heap        ] GC(649) PSYoungGen: 253440K(253440K)->6144K(258560K) Eden: 247296K(247296K)->0K(252416K) From: 6144K(6144K)->6144K(6144K)
[251.454s][info][gc,heap        ] GC(649) ParOldGen: 250344K(576512K)->270616K(576512K)
[251.454s][info][gc,metaspace   ] GC(649) Metaspace: 35157K(35840K)->35157K(35840K) NonClass: 28896K(29376K)->28896K(29376K) Class: 6261K(6464K)->6261K(6464K)
[251.454s][info][gc             ] GC(649) Pause Young (Allocation Failure) 491M->270M(815M) 48.802ms
[251.454s][info][gc,cpu         ] GC(649) User=0.10s Sys=0.00s Real=0.05s
[251.764s][info][gc,start       ] GC(650) Pause Young (Allocation Failure)
[251.814s][info][gc,heap        ] GC(650) PSYoungGen: 258560K(258560K)->18944K(271360K) Eden: 252416K(252416K)->0K(252416K) From: 6144K(6144K)->18944K(18944K)
[251.814s][info][gc,heap        ] GC(650) ParOldGen: 270616K(576512K)->279024K(576512K)
[251.814s][info][gc,metaspace   ] GC(650) Metaspace: 35157K(35840K)->35157K(35840K) NonClass: 28896K(29376K)->28896K(29376K) Class: 6261K(6464K)->6261K(6464K)
[251.814s][info][gc             ] GC(650) Pause Young (Allocation Failure) 516M->290M(828M) 50.549ms
[251.814s][info][gc,cpu         ] GC(650) User=0.10s Sys=0.00s Real=0.05s
[251.899s][info][gc,start       ] GC(651) Pause Young (Allocation Failure)
[251.907s][info][gc,heap        ] GC(651) PSYoungGen: 271360K(271360K)->1824K(308736K) Eden: 252416K(252416K)->0K(282624K) From: 18944K(18944K)->1824K(26112K)
[251.907s][info][gc,heap        ] GC(651) ParOldGen: 279024K(576512K)->279312K(576512K)
[251.907s][info][gc,metaspace   ] GC(651) Metaspace: 35157K(35840K)->35157K(35840K) NonClass: 28896K(29376K)->28896K(29376K) Class: 6261K(6464K)->6261K(6464K)
[251.907s][info][gc             ] GC(651) Pause Young (Allocation Failure) 537M->274M(864M) 7.491ms
[251.907s][info][gc,cpu         ] GC(651) User=0.01s Sys=0.00s Real=0.01s
[252.480s][info][gc,start       ] GC(652) Pause Young (Allocation Failure)
[252.482s][info][gc,heap        ] GC(652) PSYoungGen: 284448K(308736K)->64K(283136K) Eden: 282624K(282624K)->0K(282624K) From: 1824K(26112K)->64K(512K)
[252.482s][info][gc,heap        ] GC(652) ParOldGen: 279312K(576512K)->279320K(576512K)
[252.482s][info][gc,metaspace   ] GC(652) Metaspace: 35157K(35840K)->35157K(35840K) NonClass: 28896K(29376K)->28896K(29376K) Class: 6261K(6464K)->6261K(6464K)
[252.482s][info][gc             ] GC(652) Pause Young (Allocation Failure) 550M->272M(839M) 1.375ms
[252.482s][info][gc,cpu         ] GC(652) User=0.00s Sys=0.00s Real=0.00s
[253.064s][info][gc,start       ] GC(653) Pause Young (Allocation Failure)
[253.066s][info][gc,heap        ] GC(653) PSYoungGen: 282688K(283136K)->64K(307200K) Eden: 282624K(282624K)->0K(283136K) From: 64K(512K)->64K(24064K)
[253.066s][info][gc,heap        ] GC(653) ParOldGen: 279320K(576512K)->279328K(576512K)
[253.066s][info][gc,metaspace   ] GC(653) Metaspace: 35157K(35840K)->35157K(35840K) NonClass: 28896K(29376K)->28896K(29376K) Class: 6261K(6464K)->6261K(6464K)
[253.066s][info][gc             ] GC(653) Pause Young (Allocation Failure) 548M->272M(863M) 1.456ms
[253.066s][info][gc,cpu         ] GC(653) User=0.00s Sys=0.00s Real=0.00s
[253.534s][info][gc,start       ] GC(654) Pause Young (Allocation Failure)
[253.535s][info][gc,heap        ] GC(654) PSYoungGen: 283200K(307200K)->64K(306688K) Eden: 283136K(283136K)->0K(283136K) From: 64K(24064K)->64K(23552K)
[253.535s][info][gc,heap        ] GC(654) ParOldGen: 279328K(576512K)->279344K(576512K)
[253.535s][info][gc,metaspace   ] GC(654) Metaspace: 35157K(35840K)->35157K(35840K) NonClass: 28896K(29376K)->28896K(29376K) Class: 6261K(6464K)->6261K(6464K)
[253.535s][info][gc             ] GC(654) Pause Young (Allocation Failure) 549M->272M(862M) 1.473ms
[253.536s][info][gc,cpu         ] GC(654) User=0.00s Sys=0.00s Real=0.00s
[253.750s][info][gc,start       ] GC(655) Pause Young (Allocation Failure)
[253.751s][info][gc,heap        ] GC(655) PSYoungGen: 283200K(306688K)->64K(309248K) Eden: 283136K(283136K)->0K(287232K) From: 64K(23552K)->64K(22016K)
[253.751s][info][gc,heap        ] GC(655) ParOldGen: 279344K(576512K)->279360K(576512K)
[253.751s][info][gc,metaspace   ] GC(655) Metaspace: 35157K(35840K)->35157K(35840K) NonClass: 28896K(29376K)->28896K(29376K) Class: 6261K(6464K)->6261K(6464K)
[253.751s][info][gc             ] GC(655) Pause Young (Allocation Failure) 549M->272M(865M) 1.342ms
[253.751s][info][gc,cpu         ] GC(655) User=0.00s Sys=0.00s Real=0.00s
[253.979s][info][gc,start       ] GC(656) Pause Young (Allocation Failure)
[253.981s][info][gc,heap        ] GC(656) PSYoungGen: 287296K(309248K)->64K(308736K) Eden: 287232K(287232K)->0K(287232K) From: 64K(22016K)->64K(21504K)
[253.981s][info][gc,heap        ] GC(656) ParOldGen: 279360K(576512K)->279360K(576512K)
[253.981s][info][gc,metaspace   ] GC(656) Metaspace: 35157K(35840K)->35157K(35840K) NonClass: 28896K(29376K)->28896K(29376K) Class: 6261K(6464K)->6261K(6464K)
[253.981s][info][gc             ] GC(656) Pause Young (Allocation Failure) 553M->272M(864M) 1.752ms
[253.981s][info][gc,cpu         ] GC(656) User=0.00s Sys=0.00s Real=0.00s
[254.443s][info][gc,start       ] GC(657) Pause Young (Allocation Failure)
[254.444s][info][gc,heap        ] GC(657) PSYoungGen: 287296K(308736K)->64K(311296K) Eden: 287232K(287232K)->0K(291328K) From: 64K(21504K)->64K(19968K)
[254.444s][info][gc,heap        ] GC(657) ParOldGen: 279360K(576512K)->279360K(576512K)
[254.445s][info][gc,metaspace   ] GC(657) Metaspace: 35157K(35840K)->35157K(35840K) NonClass: 28896K(29376K)->28896K(29376K) Class: 6261K(6464K)->6261K(6464K)
[254.445s][info][gc             ] GC(657) Pause Young (Allocation Failure) 553M->272M(867M) 2.031ms
[254.445s][info][gc,cpu         ] GC(657) User=0.00s Sys=0.00s Real=0.00s
[254.539s][info][gc,start       ] GC(658) Pause Young (Allocation Failure)
[254.541s][info][gc,heap        ] GC(658) PSYoungGen: 291392K(311296K)->32K(310784K) Eden: 291328K(291328K)->0K(291328K) From: 64K(19968K)->32K(19456K)
[254.541s][info][gc,heap        ] GC(658) ParOldGen: 279360K(576512K)->279368K(576512K)
[254.541s][info][gc,metaspace   ] GC(658) Metaspace: 35157K(35840K)->35157K(35840K) NonClass: 28896K(29376K)->28896K(29376K) Class: 6261K(6464K)->6261K(6464K)
[254.541s][info][gc             ] GC(658) Pause Young (Allocation Failure) 557M->272M(866M) 2.252ms
[254.541s][info][gc,cpu         ] GC(658) User=0.00s Sys=0.00s Real=0.00s
[254.596s][info][gc,start       ] GC(659) Pause Young (Allocation Failure)
[254.598s][info][gc,heap        ] GC(659) PSYoungGen: 291359K(310784K)->32K(313344K) Eden: 291327K(291328K)->0K(295424K) From: 32K(19456K)->32K(17920K)
[254.598s][info][gc,heap        ] GC(659) ParOldGen: 279368K(576512K)->279376K(576512K)
[254.598s][info][gc,metaspace   ] GC(659) Metaspace: 35157K(35840K)->35157K(35840K) NonClass: 28896K(29376K)->28896K(29376K) Class: 6261K(6464K)->6261K(6464K)
[254.598s][info][gc             ] GC(659) Pause Young (Allocation Failure) 557M->272M(869M) 1.847ms
[254.598s][info][gc,cpu         ] GC(659) User=0.00s Sys=0.00s Real=0.01s
[254.768s][info][gc,start       ] GC(660) Pause Young (Allocation Failure)
[254.770s][info][gc,heap        ] GC(660) PSYoungGen: 295455K(313344K)->32K(312832K) Eden: 295423K(295424K)->0K(295424K) From: 32K(17920K)->32K(17408K)
[254.770s][info][gc,heap        ] GC(660) ParOldGen: 279376K(576512K)->279376K(576512K)
[254.770s][info][gc,metaspace   ] GC(660) Metaspace: 35157K(35840K)->35157K(35840K) NonClass: 28896K(29376K)->28896K(29376K) Class: 6261K(6464K)->6261K(6464K)
[254.770s][info][gc             ] GC(660) Pause Young (Allocation Failure) 561M->272M(868M) 1.878ms
[254.770s][info][gc,cpu         ] GC(660) User=0.00s Sys=0.00s Real=0.00s
[255.013s][info][gc,start       ] GC(661) Pause Young (Allocation Failure)
[255.015s][info][gc,heap        ] GC(661) PSYoungGen: 295456K(312832K)->64K(315392K) Eden: 295424K(295424K)->0K(299520K) From: 32K(17408K)->64K(15872K)
[255.015s][info][gc,heap        ] GC(661) ParOldGen: 279376K(576512K)->279392K(576512K)
[255.015s][info][gc,metaspace   ] GC(661) Metaspace: 35157K(35840K)->35157K(35840K) NonClass: 28896K(29376K)->28896K(29376K) Class: 6261K(6464K)->6261K(6464K)
[255.015s][info][gc             ] GC(661) Pause Young (Allocation Failure) 561M->272M(871M) 1.858ms
[255.015s][info][gc,cpu         ] GC(661) User=0.00s Sys=0.00s Real=0.00s
[255.182s][info][gc,start       ] GC(662) Pause Young (Allocation Failure)
[255.183s][info][gc,heap        ] GC(662) PSYoungGen: 299584K(315392K)->32K(314880K) Eden: 299520K(299520K)->0K(299520K) From: 64K(15872K)->32K(15360K)
[255.183s][info][gc,heap        ] GC(662) ParOldGen: 279392K(576512K)->279400K(576512K)
[255.183s][info][gc,metaspace   ] GC(662) Metaspace: 35157K(35840K)->35157K(35840K) NonClass: 28896K(29376K)->28896K(29376K) Class: 6261K(6464K)->6261K(6464K)
[255.183s][info][gc             ] GC(662) Pause Young (Allocation Failure) 565M->272M(870M) 1.843ms
[255.184s][info][gc,cpu         ] GC(662) User=0.00s Sys=0.00s Real=0.00s
[255.272s][info][gc,start       ] GC(663) Pause Young (Allocation Failure)
[255.273s][info][gc,heap        ] GC(663) PSYoungGen: 299552K(314880K)->32K(317440K) Eden: 299520K(299520K)->0K(303104K) From: 32K(15360K)->32K(14336K)
[255.273s][info][gc,heap        ] GC(663) ParOldGen: 279400K(576512K)->279408K(576512K)
[255.273s][info][gc,metaspace   ] GC(663) Metaspace: 35157K(35840K)->35157K(35840K) NonClass: 28896K(29376K)->28896K(29376K) Class: 6261K(6464K)->6261K(6464K)
[255.273s][info][gc             ] GC(663) Pause Young (Allocation Failure) 565M->272M(873M) 1.842ms
[255.273s][info][gc,cpu         ] GC(663) User=0.00s Sys=0.00s Real=0.00s
[255.469s][info][gc,start       ] GC(664) Pause Young (Allocation Failure)
[255.471s][info][gc,heap        ] GC(664) PSYoungGen: 303136K(317440K)->64K(316928K) Eden: 303104K(303104K)->0K(303104K) From: 32K(14336K)->64K(13824K)
[255.471s][info][gc,heap        ] GC(664) ParOldGen: 279408K(576512K)->279408K(576512K)
[255.471s][info][gc,metaspace   ] GC(664) Metaspace: 35157K(35840K)->35157K(35840K) NonClass: 28896K(29376K)->28896K(29376K) Class: 6261K(6464K)->6261K(6464K)
[255.471s][info][gc             ] GC(664) Pause Young (Allocation Failure) 568M->272M(872M) 1.887ms
[255.471s][info][gc,cpu         ] GC(664) User=0.00s Sys=0.00s Real=0.00s
[256.584s][info][gc,start       ] GC(665) Pause Young (Allocation Failure)
[256.586s][info][gc,heap        ] GC(665) PSYoungGen: 303168K(316928K)->83K(318976K) Eden: 303104K(303104K)->0K(306688K) From: 64K(13824K)->83K(12288K)
[256.586s][info][gc,heap        ] GC(665) ParOldGen: 279408K(576512K)->279416K(576512K)
[256.586s][info][gc,metaspace   ] GC(665) Metaspace: 35157K(35840K)->35157K(35840K) NonClass: 28896K(29376K)->28896K(29376K) Class: 6261K(6464K)->6261K(6464K)
[256.586s][info][gc             ] GC(665) Pause Young (Allocation Failure) 568M->272M(874M) 1.860ms
[256.586s][info][gc,cpu         ] GC(665) User=0.01s Sys=0.00s Real=0.00s
[257.570s][info][gc,start       ] GC(666) Pause Young (Allocation Failure)
[257.571s][info][gc,heap        ] GC(666) PSYoungGen: 306771K(318976K)->32K(294912K) Eden: 306688K(306688K)->0K(294400K) From: 83K(12288K)->32K(512K)
[257.571s][info][gc,heap        ] GC(666) ParOldGen: 279416K(576512K)->279424K(576512K)
[257.571s][info][gc,metaspace   ] GC(666) Metaspace: 35157K(35840K)->35157K(35840K) NonClass: 28896K(29376K)->28896K(29376K) Class: 6261K(6464K)->6261K(6464K)
[257.571s][info][gc             ] GC(666) Pause Young (Allocation Failure) 572M->272M(851M) 1.652ms
[257.571s][info][gc,cpu         ] GC(666) User=0.00s Sys=0.00s Real=0.00s
[257.867s][info][gc,start       ] GC(667) Pause Young (Allocation Failure)
[257.869s][info][gc,heap        ] GC(667) PSYoungGen: 294432K(294912K)->64K(283136K) Eden: 294400K(294400K)->0K(282624K) From: 32K(512K)->64K(512K)
[257.869s][info][gc,heap        ] GC(667) ParOldGen: 279424K(576512K)->279440K(576512K)
[257.869s][info][gc,metaspace   ] GC(667) Metaspace: 35157K(35840K)->35157K(35840K) NonClass: 28896K(29376K)->28896K(29376K) Class: 6261K(6464K)->6261K(6464K)
[257.869s][info][gc             ] GC(667) Pause Young (Allocation Failure) 560M->272M(839M) 1.499ms
[257.869s][info][gc,cpu         ] GC(667) User=0.00s Sys=0.00s Real=0.00s
[258.366s][info][gc,start       ] GC(668) Pause Young (Allocation Failure)
[258.368s][info][gc,heap        ] GC(668) PSYoungGen: 282688K(283136K)->64K(281600K) Eden: 282624K(282624K)->0K(271360K) From: 64K(512K)->64K(10240K)
[258.368s][info][gc,heap        ] GC(668) ParOldGen: 279440K(576512K)->279448K(576512K)
[258.368s][info][gc,metaspace   ] GC(668) Metaspace: 35157K(35840K)->35157K(35840K) NonClass: 28896K(29376K)->28896K(29376K) Class: 6261K(6464K)->6261K(6464K)
[258.368s][info][gc             ] GC(668) Pause Young (Allocation Failure) 548M->272M(838M) 2.327ms
[258.368s][info][gc,cpu         ] GC(668) User=0.01s Sys=0.00s Real=0.01s
[259.378s][info][gc,start       ] GC(669) Pause Young (Allocation Failure)
[259.381s][info][gc,heap        ] GC(669) PSYoungGen: 271424K(281600K)->64K(261120K) Eden: 271360K(271360K)->0K(260608K) From: 64K(10240K)->64K(512K)
[259.381s][info][gc,heap        ] GC(669) ParOldGen: 279448K(576512K)->279456K(576512K)
[259.382s][info][gc,metaspace   ] GC(669) Metaspace: 35157K(35840K)->35157K(35840K) NonClass: 28896K(29376K)->28896K(29376K) Class: 6261K(6464K)->6261K(6464K)
[259.382s][info][gc             ] GC(669) Pause Young (Allocation Failure) 537M->272M(818M) 3.923ms
[259.382s][info][gc,cpu         ] GC(669) User=0.00s Sys=0.00s Real=0.00s
[259.747s][info][gc,start       ] GC(670) Pause Young (Allocation Failure)
[259.749s][info][gc,heap        ] GC(670) PSYoungGen: 260672K(261120K)->32K(259584K) Eden: 260608K(260608K)->0K(250368K) From: 64K(512K)->32K(9216K)
[259.749s][info][gc,heap        ] GC(670) ParOldGen: 279456K(576512K)->279464K(576512K)
[259.749s][info][gc,metaspace   ] GC(670) Metaspace: 35157K(35840K)->35157K(35840K) NonClass: 28896K(29376K)->28896K(29376K) Class: 6261K(6464K)->6261K(6464K)
[259.749s][info][gc             ] GC(670) Pause Young (Allocation Failure) 527M->272M(816M) 1.985ms
[259.749s][info][gc,cpu         ] GC(670) User=0.00s Sys=0.00s Real=0.00s
[259.892s][info][gc,start       ] GC(671) Pause Young (Allocation Failure)
[259.894s][info][gc,heap        ] GC(671) PSYoungGen: 250400K(259584K)->64K(241152K) Eden: 250368K(250368K)->0K(240640K) From: 32K(9216K)->64K(512K)
[259.894s][info][gc,heap        ] GC(671) ParOldGen: 279464K(576512K)->279472K(576512K)
[259.894s][info][gc,metaspace   ] GC(671) Metaspace: 35157K(35840K)->35157K(35840K) NonClass: 28896K(29376K)->28896K(29376K) Class: 6261K(6464K)->6261K(6464K)
[259.894s][info][gc             ] GC(671) Pause Young (Allocation Failure) 517M->272M(798M) 2.164ms
[259.894s][info][gc,cpu         ] GC(671) User=0.00s Sys=0.00s Real=0.00s
[260.162s][info][gc,start       ] GC(672) Pause Young (Allocation Failure)
[260.163s][info][gc,heap        ] GC(672) PSYoungGen: 240704K(241152K)->64K(239104K) Eden: 240640K(240640K)->0K(231424K) From: 64K(512K)->64K(7680K)
[260.163s][info][gc,heap        ] GC(672) ParOldGen: 279472K(576512K)->279480K(576512K)
[260.163s][info][gc,metaspace   ] GC(672) Metaspace: 35157K(35840K)->35157K(35840K) NonClass: 28896K(29376K)->28896K(29376K) Class: 6261K(6464K)->6261K(6464K)
[260.163s][info][gc             ] GC(672) Pause Young (Allocation Failure) 507M->272M(796M) 1.403ms
[260.163s][info][gc,cpu         ] GC(672) User=0.00s Sys=0.00s Real=0.00s
[260.696s][info][gc,start       ] GC(673) Pause Young (Allocation Failure)
[260.701s][info][gc,heap        ] GC(673) PSYoungGen: 231488K(239104K)->64K(223232K) Eden: 231424K(231424K)->0K(222720K) From: 64K(7680K)->64K(512K)
[260.701s][info][gc,heap        ] GC(673) ParOldGen: 279480K(576512K)->279496K(576512K)
[260.701s][info][gc,metaspace   ] GC(673) Metaspace: 35213K(35904K)->35213K(35904K) NonClass: 28952K(29440K)->28952K(29440K) Class: 6261K(6464K)->6261K(6464K)
[260.701s][info][gc             ] GC(673) Pause Young (Allocation Failure) 498M->273M(781M) 5.016ms
[260.701s][info][gc,cpu         ] GC(673) User=0.01s Sys=0.01s Real=0.01s
[261.059s][info][gc,start       ] GC(674) Pause Young (Allocation Failure)
[261.062s][info][gc,heap        ] GC(674) PSYoungGen: 222784K(223232K)->32K(221184K) Eden: 222720K(222720K)->0K(214528K) From: 64K(512K)->32K(6656K)
[261.062s][info][gc,heap        ] GC(674) ParOldGen: 279496K(576512K)->279504K(576512K)
[261.062s][info][gc,metaspace   ] GC(674) Metaspace: 35213K(35904K)->35213K(35904K) NonClass: 28952K(29440K)->28952K(29440K) Class: 6261K(6464K)->6261K(6464K)
[261.062s][info][gc             ] GC(674) Pause Young (Allocation Failure) 490M->272M(779M) 2.745ms
[261.062s][info][gc,cpu         ] GC(674) User=0.00s Sys=0.00s Real=0.00s
[261.360s][info][gc,start       ] GC(675) Pause Young (Allocation Failure)
[261.395s][info][gc,heap        ] GC(675) PSYoungGen: 214560K(221184K)->6144K(263680K) Eden: 214528K(214528K)->0K(257536K) From: 32K(6656K)->6144K(6144K)
[261.395s][info][gc,heap        ] GC(675) ParOldGen: 279504K(576512K)->292936K(576512K)
[261.395s][info][gc,metaspace   ] GC(675) Metaspace: 35213K(35904K)->35213K(35904K) NonClass: 28952K(29440K)->28952K(29440K) Class: 6261K(6464K)->6261K(6464K)
[261.395s][info][gc             ] GC(675) Pause Young (Allocation Failure) 482M->292M(820M) 35.566ms
[261.395s][info][gc,cpu         ] GC(675) User=0.07s Sys=0.00s Real=0.03s
[261.689s][info][gc,start       ] GC(676) Pause Young (Allocation Failure)
[261.741s][info][gc,heap        ] GC(676) PSYoungGen: 263680K(263680K)->12800K(271872K) Eden: 257536K(257536K)->0K(259072K) From: 6144K(6144K)->12800K(12800K)
[261.741s][info][gc,heap        ] GC(676) ParOldGen: 292936K(576512K)->307800K(576512K)
[261.741s][info][gc,metaspace   ] GC(676) Metaspace: 35213K(35904K)->35213K(35904K) NonClass: 28952K(29440K)->28952K(29440K) Class: 6261K(6464K)->6261K(6464K)
[261.741s][info][gc             ] GC(676) Pause Young (Allocation Failure) 543M->313M(828M) 51.443ms
[261.741s][info][gc,cpu         ] GC(676) User=0.10s Sys=0.00s Real=0.05s
[261.993s][info][gc,start       ] GC(677) Pause Young (Allocation Failure)
[262.047s][info][gc,heap        ] GC(677) PSYoungGen: 271872K(271872K)->20992K(302592K) Eden: 259072K(259072K)->0K(281600K) From: 12800K(12800K)->20992K(20992K)
[262.047s][info][gc,heap        ] GC(677) ParOldGen: 307800K(576512K)->309544K(576512K)
[262.047s][info][gc,metaspace   ] GC(677) Metaspace: 35213K(35904K)->35213K(35904K) NonClass: 28952K(29440K)->28952K(29440K) Class: 6261K(6464K)->6261K(6464K)
[262.047s][info][gc             ] GC(677) Pause Young (Allocation Failure) 566M->322M(858M) 54.035ms
[262.047s][info][gc,cpu         ] GC(677) User=0.09s Sys=0.02s Real=0.06s
[262.147s][info][gc,start       ] GC(678) Pause Young (Allocation Failure)
[262.148s][info][gc,heap        ] GC(678) PSYoungGen: 302592K(302592K)->64K(307712K) Eden: 281600K(281600K)->0K(281600K) From: 20992K(20992K)->64K(26112K)
[262.148s][info][gc,heap        ] GC(678) ParOldGen: 309544K(576512K)->309600K(576512K)
[262.148s][info][gc,metaspace   ] GC(678) Metaspace: 35213K(35904K)->35213K(35904K) NonClass: 28952K(29440K)->28952K(29440K) Class: 6261K(6464K)->6261K(6464K)
[262.149s][info][gc             ] GC(678) Pause Young (Allocation Failure) 597M->302M(863M) 1.846ms
[262.149s][info][gc,cpu         ] GC(678) User=0.00s Sys=0.00s Real=0.00s
[262.878s][info][gc,start       ] GC(679) Pause Young (Allocation Failure)
[262.880s][info][gc,heap        ] GC(679) PSYoungGen: 281664K(307712K)->64K(305664K) Eden: 281600K(281600K)->0K(282624K) From: 64K(26112K)->64K(23040K)
[262.880s][info][gc,heap        ] GC(679) ParOldGen: 309600K(576512K)->309608K(576512K)
[262.880s][info][gc,metaspace   ] GC(679) Metaspace: 35213K(35904K)->35213K(35904K) NonClass: 28952K(29440K)->28952K(29440K) Class: 6261K(6464K)->6261K(6464K)
[262.880s][info][gc             ] GC(679) Pause Young (Allocation Failure) 577M->302M(861M) 1.605ms
[262.880s][info][gc,cpu         ] GC(679) User=0.00s Sys=0.00s Real=0.00s
[263.245s][info][gc,start       ] GC(680) Pause Young (Allocation Failure)
[263.246s][info][gc,heap        ] GC(680) PSYoungGen: 282688K(305664K)->64K(307200K) Eden: 282624K(282624K)->0K(282624K) From: 64K(23040K)->64K(24576K)
[263.246s][info][gc,heap        ] GC(680) ParOldGen: 309608K(576512K)->309616K(576512K)
[263.246s][info][gc,metaspace   ] GC(680) Metaspace: 35213K(35904K)->35213K(35904K) NonClass: 28952K(29440K)->28952K(29440K) Class: 6261K(6464K)->6261K(6464K)
[263.246s][info][gc             ] GC(680) Pause Young (Allocation Failure) 578M->302M(863M) 1.469ms
[263.246s][info][gc,cpu         ] GC(680) User=0.00s Sys=0.00s Real=0.00s
[263.694s][info][gc,start       ] GC(681) Pause Young (Allocation Failure)
[263.696s][info][gc,heap        ] GC(681) PSYoungGen: 282688K(307200K)->64K(306688K) Eden: 282624K(282624K)->0K(285696K) From: 64K(24576K)->64K(20992K)
[263.696s][info][gc,heap        ] GC(681) ParOldGen: 309616K(576512K)->309632K(576512K)
[263.696s][info][gc,metaspace   ] GC(681) Metaspace: 35213K(35904K)->35213K(35904K) NonClass: 28952K(29440K)->28952K(29440K) Class: 6261K(6464K)->6261K(6464K)
[263.696s][info][gc             ] GC(681) Pause Young (Allocation Failure) 578M->302M(862M) 1.876ms
[263.696s][info][gc,cpu         ] GC(681) User=0.00s Sys=0.00s Real=0.00s
[263.899s][info][gc,start       ] GC(682) Pause Young (Allocation Failure)
[263.901s][info][gc,heap        ] GC(682) PSYoungGen: 285760K(306688K)->64K(308224K) Eden: 285696K(285696K)->0K(285696K) From: 64K(20992K)->64K(22528K)
[263.901s][info][gc,heap        ] GC(682) ParOldGen: 309632K(576512K)->309648K(576512K)
[263.901s][info][gc,metaspace   ] GC(682) Metaspace: 35213K(35904K)->35213K(35904K) NonClass: 28952K(29440K)->28952K(29440K) Class: 6261K(6464K)->6261K(6464K)
[263.901s][info][gc             ] GC(682) Pause Young (Allocation Failure) 581M->302M(864M) 1.472ms
[263.901s][info][gc,cpu         ] GC(682) User=0.01s Sys=0.00s Real=0.00s
[264.105s][info][gc,start       ] GC(683) Pause Young (Allocation Failure)
[264.106s][info][gc,heap        ] GC(683) PSYoungGen: 285760K(308224K)->64K(308736K) Eden: 285696K(285696K)->0K(289792K) From: 64K(22528K)->64K(18944K)
[264.106s][info][gc,heap        ] GC(683) ParOldGen: 309648K(576512K)->309648K(576512K)
[264.106s][info][gc,metaspace   ] GC(683) Metaspace: 35213K(35904K)->35213K(35904K) NonClass: 28952K(29440K)->28952K(29440K) Class: 6261K(6464K)->6261K(6464K)
[264.106s][info][gc             ] GC(683) Pause Young (Allocation Failure) 581M->302M(864M) 1.435ms
[264.106s][info][gc,cpu         ] GC(683) User=0.00s Sys=0.00s Real=0.00s
[264.442s][info][gc,start       ] GC(684) Pause Young (Allocation Failure)
[264.443s][info][gc,heap        ] GC(684) PSYoungGen: 289856K(308736K)->64K(310272K) Eden: 289792K(289792K)->0K(289792K) From: 64K(18944K)->64K(20480K)
[264.443s][info][gc,heap        ] GC(684) ParOldGen: 309648K(576512K)->309648K(576512K)
[264.443s][info][gc,metaspace   ] GC(684) Metaspace: 35213K(35904K)->35213K(35904K) NonClass: 28952K(29440K)->28952K(29440K) Class: 6261K(6464K)->6261K(6464K)
[264.443s][info][gc             ] GC(684) Pause Young (Allocation Failure) 585M->302M(866M) 1.354ms
[264.443s][info][gc,cpu         ] GC(684) User=0.00s Sys=0.00s Real=0.00s
[264.496s][info][gc,start       ] GC(685) Pause Young (Allocation Failure)
[264.497s][info][gc,heap        ] GC(685) PSYoungGen: 289856K(310272K)->32K(310784K) Eden: 289792K(289792K)->0K(293888K) From: 64K(20480K)->32K(16896K)
[264.497s][info][gc,heap        ] GC(685) ParOldGen: 309648K(576512K)->309664K(576512K)
[264.497s][info][gc,metaspace   ] GC(685) Metaspace: 35213K(35904K)->35213K(35904K) NonClass: 28952K(29440K)->28952K(29440K) Class: 6261K(6464K)->6261K(6464K)
[264.497s][info][gc             ] GC(685) Pause Young (Allocation Failure) 585M->302M(866M) 1.318ms
[264.497s][info][gc,cpu         ] GC(685) User=0.00s Sys=0.00s Real=0.01s
[264.553s][info][gc,start       ] GC(686) Pause Young (Allocation Failure)
[264.555s][info][gc,heap        ] GC(686) PSYoungGen: 293920K(310784K)->64K(312320K) Eden: 293888K(293888K)->0K(293888K) From: 32K(16896K)->64K(18432K)
[264.555s][info][gc,heap        ] GC(686) ParOldGen: 309664K(576512K)->309664K(576512K)
[264.555s][info][gc,metaspace   ] GC(686) Metaspace: 35213K(35904K)->35213K(35904K) NonClass: 28952K(29440K)->28952K(29440K) Class: 6261K(6464K)->6261K(6464K)
[264.555s][info][gc             ] GC(686) Pause Young (Allocation Failure) 589M->302M(868M) 1.396ms
[264.555s][info][gc,cpu         ] GC(686) User=0.00s Sys=0.00s Real=0.00s
[264.757s][info][gc,start       ] GC(687) Pause Young (Allocation Failure)
[264.758s][info][gc,heap        ] GC(687) PSYoungGen: 293952K(312320K)->64K(312832K) Eden: 293888K(293888K)->0K(297984K) From: 64K(18432K)->64K(14848K)
[264.758s][info][gc,heap        ] GC(687) ParOldGen: 309664K(576512K)->309664K(576512K)
[264.758s][info][gc,metaspace   ] GC(687) Metaspace: 35213K(35904K)->35213K(35904K) NonClass: 28952K(29440K)->28952K(29440K) Class: 6261K(6464K)->6261K(6464K)
[264.758s][info][gc             ] GC(687) Pause Young (Allocation Failure) 589M->302M(868M) 1.363ms
[264.758s][info][gc,cpu         ] GC(687) User=0.00s Sys=0.00s Real=0.00s
[264.971s][info][gc,start       ] GC(688) Pause Young (Allocation Failure)
[264.972s][info][gc,heap        ] GC(688) PSYoungGen: 298048K(312832K)->64K(314368K) Eden: 297984K(297984K)->0K(297984K) From: 64K(14848K)->64K(16384K)
[264.972s][info][gc,heap        ] GC(688) ParOldGen: 309664K(576512K)->309672K(576512K)
[264.972s][info][gc,metaspace   ] GC(688) Metaspace: 35213K(35904K)->35213K(35904K) NonClass: 28952K(29440K)->28952K(29440K) Class: 6261K(6464K)->6261K(6464K)
[264.972s][info][gc             ] GC(688) Pause Young (Allocation Failure) 593M->302M(870M) 1.358ms
[264.972s][info][gc,cpu         ] GC(688) User=0.00s Sys=0.00s Real=0.00s
[265.076s][info][gc,start       ] GC(689) Pause Young (Allocation Failure)
[265.077s][info][gc,heap        ] GC(689) PSYoungGen: 298048K(314368K)->64K(314880K) Eden: 297984K(297984K)->0K(302080K) From: 64K(16384K)->64K(12800K)
[265.077s][info][gc,heap        ] GC(689) ParOldGen: 309672K(576512K)->309680K(576512K)
[265.077s][info][gc,metaspace   ] GC(689) Metaspace: 35213K(35904K)->35213K(35904K) NonClass: 28952K(29440K)->28952K(29440K) Class: 6261K(6464K)->6261K(6464K)
[265.077s][info][gc             ] GC(689) Pause Young (Allocation Failure) 593M->302M(870M) 1.471ms
[265.077s][info][gc,cpu         ] GC(689) User=0.00s Sys=0.00s Real=0.01s
[265.189s][info][gc,start       ] GC(690) Pause Young (Allocation Failure)
[265.190s][info][gc,heap        ] GC(690) PSYoungGen: 302144K(314880K)->64K(316416K) Eden: 302080K(302080K)->0K(302080K) From: 64K(12800K)->64K(14336K)
[265.190s][info][gc,heap        ] GC(690) ParOldGen: 309680K(576512K)->309688K(576512K)
[265.190s][info][gc,metaspace   ] GC(690) Metaspace: 35213K(35904K)->35213K(35904K) NonClass: 28952K(29440K)->28952K(29440K) Class: 6261K(6464K)->6261K(6464K)
[265.190s][info][gc             ] GC(690) Pause Young (Allocation Failure) 597M->302M(872M) 1.371ms
[265.190s][info][gc,cpu         ] GC(690) User=0.00s Sys=0.00s Real=0.00s
[265.435s][info][gc,start       ] GC(691) Pause Young (Allocation Failure)
[265.437s][info][gc,heap        ] GC(691) PSYoungGen: 302144K(316416K)->64K(317952K) Eden: 302080K(302080K)->0K(306176K) From: 64K(14336K)->64K(11776K)
[265.437s][info][gc,heap        ] GC(691) ParOldGen: 309688K(576512K)->309696K(576512K)
[265.437s][info][gc,metaspace   ] GC(691) Metaspace: 35213K(35904K)->35213K(35904K) NonClass: 28952K(29440K)->28952K(29440K) Class: 6261K(6464K)->6261K(6464K)
[265.437s][info][gc             ] GC(691) Pause Young (Allocation Failure) 597M->302M(873M) 1.433ms
[265.437s][info][gc,cpu         ] GC(691) User=0.00s Sys=0.00s Real=0.01s
[266.317s][info][gc,start       ] GC(692) Pause Young (Allocation Failure)
[266.319s][info][gc,heap        ] GC(692) PSYoungGen: 306240K(317952K)->83K(294400K) Eden: 306176K(306176K)->0K(293888K) From: 64K(11776K)->83K(512K)
[266.319s][info][gc,heap        ] GC(692) ParOldGen: 309696K(576512K)->309704K(576512K)
[266.319s][info][gc,metaspace   ] GC(692) Metaspace: 35213K(35904K)->35213K(35904K) NonClass: 28952K(29440K)->28952K(29440K) Class: 6261K(6464K)->6261K(6464K)
[266.319s][info][gc             ] GC(692) Pause Young (Allocation Failure) 601M->302M(850M) 2.049ms
[266.319s][info][gc,cpu         ] GC(692) User=0.01s Sys=0.00s Real=0.00s
[267.320s][info][gc,start       ] GC(693) Pause Young (Allocation Failure)
[267.323s][info][gc,heap        ] GC(693) PSYoungGen: 293971K(294400K)->64K(282624K) Eden: 293888K(293888K)->0K(282112K) From: 83K(512K)->64K(512K)
[267.323s][info][gc,heap        ] GC(693) ParOldGen: 309704K(576512K)->309712K(576512K)
[267.323s][info][gc,metaspace   ] GC(693) Metaspace: 35213K(35904K)->35213K(35904K) NonClass: 28952K(29440K)->28952K(29440K) Class: 6261K(6464K)->6261K(6464K)
[267.323s][info][gc             ] GC(693) Pause Young (Allocation Failure) 589M->302M(839M) 2.917ms
[267.323s][info][gc,cpu         ] GC(693) User=0.01s Sys=0.00s Real=0.00s
[267.720s][info][gc,start       ] GC(694) Pause Young (Allocation Failure)
[267.722s][info][gc,heap        ] GC(694) PSYoungGen: 282176K(282624K)->64K(282112K) Eden: 282112K(282112K)->0K(270848K) From: 64K(512K)->64K(11264K)
[267.722s][info][gc,heap        ] GC(694) ParOldGen: 309712K(576512K)->309720K(576512K)
[267.722s][info][gc,metaspace   ] GC(694) Metaspace: 35213K(35904K)->35213K(35904K) NonClass: 28952K(29440K)->28952K(29440K) Class: 6261K(6464K)->6261K(6464K)
[267.722s][info][gc             ] GC(694) Pause Young (Allocation Failure) 578M->302M(838M) 1.713ms
[267.722s][info][gc,cpu         ] GC(694) User=0.00s Sys=0.00s Real=0.00s
[268.383s][info][gc,start       ] GC(695) Pause Young (Allocation Failure)
[268.386s][info][gc,heap        ] GC(695) PSYoungGen: 270912K(282112K)->64K(260608K) Eden: 270848K(270848K)->0K(260096K) From: 64K(11264K)->64K(512K)
[268.386s][info][gc,heap        ] GC(695) ParOldGen: 309720K(576512K)->309728K(576512K)
[268.386s][info][gc,metaspace   ] GC(695) Metaspace: 35213K(35904K)->35213K(35904K) NonClass: 28952K(29440K)->28952K(29440K) Class: 6261K(6464K)->6261K(6464K)
[268.386s][info][gc             ] GC(695) Pause Young (Allocation Failure) 567M->302M(817M) 3.066ms
[268.386s][info][gc,cpu         ] GC(695) User=0.00s Sys=0.00s Real=0.00s
[269.087s][info][gc,start       ] GC(696) Pause Young (Allocation Failure)
[269.090s][info][gc,heap        ] GC(696) PSYoungGen: 260160K(260608K)->64K(259584K) Eden: 260096K(260096K)->0K(249856K) From: 64K(512K)->64K(9728K)
[269.090s][info][gc,heap        ] GC(696) ParOldGen: 309728K(576512K)->309736K(576512K)
[269.090s][info][gc,metaspace   ] GC(696) Metaspace: 35213K(35904K)->35213K(35904K) NonClass: 28952K(29440K)->28952K(29440K) Class: 6261K(6464K)->6261K(6464K)
[269.090s][info][gc             ] GC(696) Pause Young (Allocation Failure) 556M->302M(816M) 2.628ms
[269.090s][info][gc,cpu         ] GC(696) User=0.00s Sys=0.00s Real=0.00s
[269.457s][info][gc,start       ] GC(697) Pause Young (Allocation Failure)
[269.461s][info][gc,heap        ] GC(697) PSYoungGen: 249920K(259584K)->64K(240640K) Eden: 249856K(249856K)->0K(240128K) From: 64K(9728K)->64K(512K)
[269.461s][info][gc,heap        ] GC(697) ParOldGen: 309736K(576512K)->309744K(576512K)
[269.461s][info][gc,metaspace   ] GC(697) Metaspace: 35213K(35904K)->35213K(35904K) NonClass: 28952K(29440K)->28952K(29440K) Class: 6261K(6464K)->6261K(6464K)
[269.461s][info][gc             ] GC(697) Pause Young (Allocation Failure) 546M->302M(798M) 3.631ms
[269.461s][info][gc,cpu         ] GC(697) User=0.00s Sys=0.00s Real=0.00s
[269.562s][info][gc,start       ] GC(698) Pause Young (Allocation Failure)
[269.566s][info][gc,heap        ] GC(698) PSYoungGen: 240192K(240640K)->64K(282624K) Eden: 240128K(240128K)->0K(274432K) From: 64K(512K)->64K(8192K)
[269.566s][info][gc,heap        ] GC(698) ParOldGen: 309744K(576512K)->309760K(576512K)
[269.566s][info][gc,metaspace   ] GC(698) Metaspace: 35213K(35904K)->35213K(35904K) NonClass: 28952K(29440K)->28952K(29440K) Class: 6261K(6464K)->6261K(6464K)
[269.566s][info][gc             ] GC(698) Pause Young (Allocation Failure) 537M->302M(839M) 4.002ms
[269.566s][info][gc,cpu         ] GC(698) User=0.01s Sys=0.00s Real=0.00s
[270.013s][info][gc,start       ] GC(699) Pause Young (Allocation Failure)
[270.016s][info][gc,heap        ] GC(699) PSYoungGen: 274496K(282624K)->64K(296448K) Eden: 274432K(274432K)->0K(288768K) From: 64K(8192K)->64K(7680K)
[270.016s][info][gc,heap        ] GC(699) ParOldGen: 309760K(576512K)->309776K(576512K)
[270.016s][info][gc,metaspace   ] GC(699) Metaspace: 35213K(35904K)->35213K(35904K) NonClass: 28952K(29440K)->28952K(29440K) Class: 6261K(6464K)->6261K(6464K)
[270.016s][info][gc             ] GC(699) Pause Young (Allocation Failure) 570M->302M(852M) 2.820ms
[270.016s][info][gc,cpu         ] GC(699) User=0.00s Sys=0.00s Real=0.00s
[270.500s][info][gc,start       ] GC(700) Pause Young (Allocation Failure)
[270.502s][info][gc,heap        ] GC(700) PSYoungGen: 288832K(296448K)->64K(278016K) Eden: 288768K(288768K)->0K(277504K) From: 64K(7680K)->64K(512K)
[270.502s][info][gc,heap        ] GC(700) ParOldGen: 309776K(576512K)->309784K(576512K)
[270.502s][info][gc,metaspace   ] GC(700) Metaspace: 35213K(35904K)->35213K(35904K) NonClass: 28952K(29440K)->28952K(29440K) Class: 6261K(6464K)->6261K(6464K)
[270.502s][info][gc             ] GC(700) Pause Young (Allocation Failure) 584M->302M(834M) 2.084ms
[270.502s][info][gc,cpu         ] GC(700) User=0.00s Sys=0.00s Real=0.00s
[270.936s][info][gc,start       ] GC(701) Pause Young (Allocation Failure)
[270.965s][info][gc,heap        ] GC(701) PSYoungGen: 277568K(278016K)->6656K(284672K) Eden: 277504K(277504K)->0K(278016K) From: 64K(512K)->6656K(6656K)
[270.965s][info][gc,heap        ] GC(701) ParOldGen: 309784K(576512K)->318896K(576512K)
[270.965s][info][gc,metaspace   ] GC(701) Metaspace: 35213K(35904K)->35213K(35904K) NonClass: 28952K(29440K)->28952K(29440K) Class: 6261K(6464K)->6261K(6464K)
[270.965s][info][gc             ] GC(701) Pause Young (Allocation Failure) 573M->317M(841M) 28.656ms
[270.965s][info][gc,cpu         ] GC(701) User=0.05s Sys=0.01s Real=0.03s
[271.282s][info][gc,start       ] GC(702) Pause Young (Allocation Failure)
[271.334s][info][gc,heap        ] GC(702) PSYoungGen: 284672K(284672K)->11776K(289792K) Eden: 278016K(278016K)->0K(278016K) From: 6656K(6656K)->11776K(11776K)
[271.334s][info][gc,heap        ] GC(702) ParOldGen: 318896K(576512K)->336784K(576512K)
[271.334s][info][gc,metaspace   ] GC(702) Metaspace: 35213K(35904K)->35213K(35904K) NonClass: 28952K(29440K)->28952K(29440K) Class: 6261K(6464K)->6261K(6464K)
[271.334s][info][gc             ] GC(702) Pause Young (Allocation Failure) 589M->340M(846M) 52.001ms
[271.334s][info][gc,cpu         ] GC(702) User=0.10s Sys=0.00s Real=0.05s
[271.603s][info][gc,start       ] GC(703) Pause Young (Allocation Failure)
[271.665s][info][gc,heap        ] GC(703) PSYoungGen: 289792K(289792K)->20992K(301568K) Eden: 278016K(278016K)->0K(280576K) From: 11776K(11776K)->20992K(20992K)
[271.665s][info][gc,heap        ] GC(703) ParOldGen: 336784K(576512K)->340288K(576512K)
[271.665s][info][gc,metaspace   ] GC(703) Metaspace: 35213K(35904K)->35213K(35904K) NonClass: 28952K(29440K)->28952K(29440K) Class: 6261K(6464K)->6261K(6464K)
[271.665s][info][gc             ] GC(703) Pause Young (Allocation Failure) 611M->352M(857M) 61.750ms
[271.665s][info][gc,cpu         ] GC(703) User=0.10s Sys=0.02s Real=0.06s
[271.763s][info][gc,start       ] GC(704) Pause Young (Allocation Failure)
[271.766s][info][gc,heap        ] GC(704) PSYoungGen: 301568K(301568K)->32K(307200K) Eden: 280576K(280576K)->0K(280576K) From: 20992K(20992K)->32K(26624K)
[271.766s][info][gc,heap        ] GC(704) ParOldGen: 340288K(576512K)->340400K(576512K)
[271.766s][info][gc,metaspace   ] GC(704) Metaspace: 35213K(35904K)->35213K(35904K) NonClass: 28952K(29440K)->28952K(29440K) Class: 6261K(6464K)->6261K(6464K)
[271.766s][info][gc             ] GC(704) Pause Young (Allocation Failure) 626M->332M(863M) 3.281ms
[271.766s][info][gc,cpu         ] GC(704) User=0.00s Sys=0.00s Real=0.00s
[272.546s][info][gc,start       ] GC(705) Pause Young (Allocation Failure)
[272.547s][info][gc,heap        ] GC(705) PSYoungGen: 280608K(307200K)->64K(305152K) Eden: 280576K(280576K)->0K(281600K) From: 32K(26624K)->64K(23552K)
[272.547s][info][gc,heap        ] GC(705) ParOldGen: 340400K(576512K)->340416K(576512K)
[272.547s][info][gc,metaspace   ] GC(705) Metaspace: 35213K(35904K)->35213K(35904K) NonClass: 28952K(29440K)->28952K(29440K) Class: 6261K(6464K)->6261K(6464K)
[272.547s][info][gc             ] GC(705) Pause Young (Allocation Failure) 606M->332M(861M) 1.709ms
[272.547s][info][gc,cpu         ] GC(705) User=0.00s Sys=0.00s Real=0.01s
[272.963s][info][gc,start       ] GC(706) Pause Young (Allocation Failure)
[272.964s][info][gc,heap        ] GC(706) PSYoungGen: 281664K(305152K)->64K(306688K) Eden: 281600K(281600K)->0K(281600K) From: 64K(23552K)->64K(25088K)
[272.964s][info][gc,heap        ] GC(706) ParOldGen: 340416K(576512K)->340416K(576512K)
[272.964s][info][gc,metaspace   ] GC(706) Metaspace: 35213K(35904K)->35213K(35904K) NonClass: 28952K(29440K)->28952K(29440K) Class: 6261K(6464K)->6261K(6464K)
[272.964s][info][gc             ] GC(706) Pause Young (Allocation Failure) 607M->332M(862M) 1.644ms
[272.964s][info][gc,cpu         ] GC(706) User=0.01s Sys=0.00s Real=0.00s
[273.465s][info][gc,start       ] GC(707) Pause Young (Allocation Failure)
[273.467s][info][gc,heap        ] GC(707) PSYoungGen: 281664K(306688K)->32K(306176K) Eden: 281600K(281600K)->0K(284672K) From: 64K(25088K)->32K(21504K)
[273.467s][info][gc,heap        ] GC(707) ParOldGen: 340416K(576512K)->340424K(576512K)
[273.467s][info][gc,metaspace   ] GC(707) Metaspace: 35213K(35904K)->35213K(35904K) NonClass: 28952K(29440K)->28952K(29440K) Class: 6261K(6464K)->6261K(6464K)
[273.467s][info][gc             ] GC(707) Pause Young (Allocation Failure) 607M->332M(862M) 1.939ms
[273.467s][info][gc,cpu         ] GC(707) User=0.01s Sys=0.00s Real=0.01s
[273.721s][info][gc,start       ] GC(708) Pause Young (Allocation Failure)
[273.724s][info][gc,heap        ] GC(708) PSYoungGen: 284704K(306176K)->32K(307712K) Eden: 284672K(284672K)->0K(284672K) From: 32K(21504K)->32K(23040K)
[273.724s][info][gc,heap        ] GC(708) ParOldGen: 340424K(576512K)->340432K(576512K)
[273.724s][info][gc,metaspace   ] GC(708) Metaspace: 35213K(35904K)->35213K(35904K) NonClass: 28952K(29440K)->28952K(29440K) Class: 6261K(6464K)->6261K(6464K)
[273.724s][info][gc             ] GC(708) Pause Young (Allocation Failure) 610M->332M(863M) 2.283ms
[273.724s][info][gc,cpu         ] GC(708) User=0.00s Sys=0.00s Real=0.00s
[273.934s][info][gc,start       ] GC(709) Pause Young (Allocation Failure)
[273.936s][info][gc,heap        ] GC(709) PSYoungGen: 284704K(307712K)->64K(308224K) Eden: 284672K(284672K)->0K(288768K) From: 32K(23040K)->64K(19456K)
[273.936s][info][gc,heap        ] GC(709) ParOldGen: 340432K(576512K)->340432K(576512K)
[273.936s][info][gc,metaspace   ] GC(709) Metaspace: 35213K(35904K)->35213K(35904K) NonClass: 28952K(29440K)->28952K(29440K) Class: 6261K(6464K)->6261K(6464K)
[273.936s][info][gc             ] GC(709) Pause Young (Allocation Failure) 610M->332M(864M) 1.508ms
[273.936s][info][gc,cpu         ] GC(709) User=0.00s Sys=0.00s Real=0.00s
[274.337s][info][gc,start       ] GC(710) Pause Young (Allocation Failure)
[274.339s][info][gc,heap        ] GC(710) PSYoungGen: 288832K(308224K)->64K(309760K) Eden: 288768K(288768K)->0K(288768K) From: 64K(19456K)->64K(20992K)
[274.339s][info][gc,heap        ] GC(710) ParOldGen: 340432K(576512K)->340432K(576512K)
[274.339s][info][gc,metaspace   ] GC(710) Metaspace: 35213K(35904K)->35213K(35904K) NonClass: 28952K(29440K)->28952K(29440K) Class: 6261K(6464K)->6261K(6464K)
[274.339s][info][gc             ] GC(710) Pause Young (Allocation Failure) 614M->332M(865M) 2.138ms
[274.339s][info][gc,cpu         ] GC(710) User=0.01s Sys=0.00s Real=0.00s
[274.395s][info][gc,start       ] GC(711) Pause Young (Allocation Failure)
[274.397s][info][gc,heap        ] GC(711) PSYoungGen: 288832K(309760K)->32K(310272K) Eden: 288768K(288768K)->0K(292864K) From: 64K(20992K)->32K(17408K)
[274.397s][info][gc,heap        ] GC(711) ParOldGen: 340432K(576512K)->340448K(576512K)
[274.397s][info][gc,metaspace   ] GC(711) Metaspace: 35213K(35904K)->35213K(35904K) NonClass: 28952K(29440K)->28952K(29440K) Class: 6261K(6464K)->6261K(6464K)
[274.397s][info][gc             ] GC(711) Pause Young (Allocation Failure) 614M->332M(866M) 2.052ms
[274.397s][info][gc,cpu         ] GC(711) User=0.01s Sys=0.00s Real=0.01s
[274.453s][info][gc,start       ] GC(712) Pause Young (Allocation Failure)
[274.455s][info][gc,heap        ] GC(712) PSYoungGen: 292895K(310272K)->64K(311808K) Eden: 292863K(292864K)->0K(292864K) From: 32K(17408K)->64K(18944K)
[274.455s][info][gc,heap        ] GC(712) ParOldGen: 340448K(576512K)->340448K(576512K)
[274.455s][info][gc,metaspace   ] GC(712) Metaspace: 35213K(35904K)->35213K(35904K) NonClass: 28952K(29440K)->28952K(29440K) Class: 6261K(6464K)->6261K(6464K)
[274.455s][info][gc             ] GC(712) Pause Young (Allocation Failure) 618M->332M(867M) 2.076ms
[274.455s][info][gc,cpu         ] GC(712) User=0.01s Sys=0.00s Real=0.00s
[274.677s][info][gc,start       ] GC(713) Pause Young (Allocation Failure)
[274.679s][info][gc,heap        ] GC(713) PSYoungGen: 292928K(311808K)->64K(312832K) Eden: 292864K(292864K)->0K(297472K) From: 64K(18944K)->64K(15360K)
[274.679s][info][gc,heap        ] GC(713) ParOldGen: 340448K(576512K)->340448K(576512K)
[274.679s][info][gc,metaspace   ] GC(713) Metaspace: 35213K(35904K)->35213K(35904K) NonClass: 28952K(29440K)->28952K(29440K) Class: 6261K(6464K)->6261K(6464K)
[274.679s][info][gc             ] GC(713) Pause Young (Allocation Failure) 618M->332M(868M) 2.161ms
[274.679s][info][gc,cpu         ] GC(713) User=0.00s Sys=0.00s Real=0.00s
[274.912s][info][gc,start       ] GC(714) Pause Young (Allocation Failure)
[274.914s][info][gc,heap        ] GC(714) PSYoungGen: 297536K(312832K)->64K(313856K) Eden: 297472K(297472K)->0K(297472K) From: 64K(15360K)->64K(16384K)
[274.914s][info][gc,heap        ] GC(714) ParOldGen: 340448K(576512K)->340456K(576512K)
[274.914s][info][gc,metaspace   ] GC(714) Metaspace: 35213K(35904K)->35213K(35904K) NonClass: 28952K(29440K)->28952K(29440K) Class: 6261K(6464K)->6261K(6464K)
[274.914s][info][gc             ] GC(714) Pause Young (Allocation Failure) 623M->332M(869M) 2.015ms
[274.914s][info][gc,cpu         ] GC(714) User=0.00s Sys=0.00s Real=0.00s
[275.030s][info][gc,start       ] GC(715) Pause Young (Allocation Failure)
[275.032s][info][gc,heap        ] GC(715) PSYoungGen: 297536K(313856K)->64K(314880K) Eden: 297472K(297472K)->0K(301568K) From: 64K(16384K)->64K(13312K)
[275.032s][info][gc,heap        ] GC(715) ParOldGen: 340456K(576512K)->340464K(576512K)
[275.032s][info][gc,metaspace   ] GC(715) Metaspace: 35213K(35904K)->35213K(35904K) NonClass: 28952K(29440K)->28952K(29440K) Class: 6261K(6464K)->6261K(6464K)
[275.032s][info][gc             ] GC(715) Pause Young (Allocation Failure) 623M->332M(870M) 2.179ms
[275.032s][info][gc,cpu         ] GC(715) User=0.00s Sys=0.00s Real=0.00s
[275.153s][info][gc,start       ] GC(716) Pause Young (Allocation Failure)
[275.155s][info][gc,heap        ] GC(716) PSYoungGen: 301632K(314880K)->64K(316416K) Eden: 301568K(301568K)->0K(301568K) From: 64K(13312K)->64K(14848K)
[275.155s][info][gc,heap        ] GC(716) ParOldGen: 340464K(576512K)->340472K(576512K)
[275.155s][info][gc,metaspace   ] GC(716) Metaspace: 35213K(35904K)->35213K(35904K) NonClass: 28952K(29440K)->28952K(29440K) Class: 6261K(6464K)->6261K(6464K)
[275.155s][info][gc             ] GC(716) Pause Young (Allocation Failure) 627M->332M(872M) 2.113ms
[275.155s][info][gc,cpu         ] GC(716) User=0.01s Sys=0.00s Real=0.00s
[275.412s][info][gc,start       ] GC(717) Pause Young (Allocation Failure)
[275.414s][info][gc,heap        ] GC(717) PSYoungGen: 301632K(316416K)->64K(316416K) Eden: 301568K(301568K)->0K(305152K) From: 64K(14848K)->64K(11264K)
[275.415s][info][gc,heap        ] GC(717) ParOldGen: 340472K(576512K)->340480K(576512K)
[275.415s][info][gc,metaspace   ] GC(717) Metaspace: 35213K(35904K)->35213K(35904K) NonClass: 28952K(29440K)->28952K(29440K) Class: 6261K(6464K)->6261K(6464K)
[275.415s][info][gc             ] GC(717) Pause Young (Allocation Failure) 627M->332M(872M) 2.090ms
[275.415s][info][gc,cpu         ] GC(717) User=0.01s Sys=0.00s Real=0.00s
[276.394s][info][gc,start       ] GC(718) Pause Young (Allocation Failure)
[276.395s][info][gc,heap        ] GC(718) PSYoungGen: 305216K(316416K)->64K(317952K) Eden: 305152K(305152K)->0K(305152K) From: 64K(11264K)->64K(12800K)
[276.395s][info][gc,heap        ] GC(718) ParOldGen: 340480K(576512K)->340488K(576512K)
[276.395s][info][gc,metaspace   ] GC(718) Metaspace: 35213K(35904K)->35213K(35904K) NonClass: 28952K(29440K)->28952K(29440K) Class: 6261K(6464K)->6261K(6464K)
[276.395s][info][gc             ] GC(718) Pause Young (Allocation Failure) 630M->332M(873M) 1.544ms
[276.395s][info][gc,cpu         ] GC(718) User=0.00s Sys=0.00s Real=0.00s
[277.474s][info][gc,start       ] GC(719) Pause Young (Allocation Failure)
[277.477s][info][gc,heap        ] GC(719) PSYoungGen: 305216K(317952K)->64K(293376K) Eden: 305152K(305152K)->0K(292864K) From: 64K(12800K)->64K(512K)
[277.477s][info][gc,heap        ] GC(719) ParOldGen: 340488K(576512K)->340504K(576512K)
[277.477s][info][gc,metaspace   ] GC(719) Metaspace: 35213K(35904K)->35213K(35904K) NonClass: 28952K(29440K)->28952K(29440K) Class: 6261K(6464K)->6261K(6464K)
[277.477s][info][gc             ] GC(719) Pause Young (Allocation Failure) 630M->332M(849M) 3.369ms
[277.477s][info][gc,cpu         ] GC(719) User=0.00s Sys=0.00s Real=0.01s
[277.965s][info][gc,start       ] GC(720) Pause Young (Allocation Failure)
[277.968s][info][gc,heap        ] GC(720) PSYoungGen: 292928K(293376K)->64K(292352K) Eden: 292864K(292864K)->0K(281088K) From: 64K(512K)->64K(11264K)
[277.968s][info][gc,heap        ] GC(720) ParOldGen: 340504K(576512K)->340520K(576512K)
[277.968s][info][gc,metaspace   ] GC(720) Metaspace: 35213K(35904K)->35213K(35904K) NonClass: 28952K(29440K)->28952K(29440K) Class: 6261K(6464K)->6261K(6464K)
[277.968s][info][gc             ] GC(720) Pause Young (Allocation Failure) 618M->332M(848M) 2.629ms
[277.968s][info][gc,cpu         ] GC(720) User=0.00s Sys=0.00s Real=0.01s
[279.160s][info][gc,start       ] GC(721) Pause Young (Allocation Failure)
[279.163s][info][gc,heap        ] GC(721) PSYoungGen: 281152K(292352K)->64K(270336K) Eden: 281088K(281088K)->0K(269824K) From: 64K(11264K)->64K(512K)
[279.164s][info][gc,heap        ] GC(721) ParOldGen: 340520K(576512K)->340536K(576512K)
[279.164s][info][gc,metaspace   ] GC(721) Metaspace: 35213K(35904K)->35213K(35904K) NonClass: 28952K(29440K)->28952K(29440K) Class: 6261K(6464K)->6261K(6464K)
[279.164s][info][gc             ] GC(721) Pause Young (Allocation Failure) 607M->332M(827M) 3.385ms
[279.164s][info][gc,cpu         ] GC(721) User=0.00s Sys=0.00s Real=0.00s
[279.419s][info][gc,start       ] GC(722) Pause Young (Allocation Failure)
[279.422s][info][gc,heap        ] GC(722) PSYoungGen: 269888K(270336K)->64K(268800K) Eden: 269824K(269824K)->0K(259072K) From: 64K(512K)->64K(9728K)
[279.422s][info][gc,heap        ] GC(722) ParOldGen: 340536K(576512K)->340552K(576512K)
[279.422s][info][gc,metaspace   ] GC(722) Metaspace: 35213K(35904K)->35213K(35904K) NonClass: 28952K(29440K)->28952K(29440K) Class: 6261K(6464K)->6261K(6464K)
[279.422s][info][gc             ] GC(722) Pause Young (Allocation Failure) 596M->332M(825M) 2.650ms
[279.422s][info][gc,cpu         ] GC(722) User=0.01s Sys=0.00s Real=0.00s
[279.854s][info][gc,start       ] GC(723) Pause Young (Allocation Failure)
[279.857s][info][gc,heap        ] GC(723) PSYoungGen: 259136K(268800K)->64K(249344K) Eden: 259072K(259072K)->0K(248832K) From: 64K(9728K)->64K(512K)
[279.857s][info][gc,heap        ] GC(723) ParOldGen: 340552K(576512K)->340568K(576512K)
[279.857s][info][gc,metaspace   ] GC(723) Metaspace: 35213K(35904K)->35213K(35904K) NonClass: 28952K(29440K)->28952K(29440K) Class: 6261K(6464K)->6261K(6464K)
[279.857s][info][gc             ] GC(723) Pause Young (Allocation Failure) 585M->332M(806M) 2.755ms
[279.857s][info][gc,cpu         ] GC(723) User=0.00s Sys=0.00s Real=0.01s
[279.923s][info][gc,start       ] GC(724) Pause Young (Allocation Failure)
[279.925s][info][gc,heap        ] GC(724) PSYoungGen: 248896K(249344K)->32K(294400K) Eden: 248832K(248832K)->0K(285696K) From: 64K(512K)->32K(8704K)
[279.925s][info][gc,heap        ] GC(724) ParOldGen: 340568K(576512K)->340576K(576512K)
[279.925s][info][gc,metaspace   ] GC(724) Metaspace: 35213K(35904K)->35213K(35904K) NonClass: 28952K(29440K)->28952K(29440K) Class: 6261K(6464K)->6261K(6464K)
[279.925s][info][gc             ] GC(724) Pause Young (Allocation Failure) 575M->332M(850M) 2.787ms
[279.925s][info][gc,cpu         ] GC(724) User=0.01s Sys=0.00s Real=0.00s
[280.593s][info][gc,start       ] GC(725) Pause Young (Allocation Failure)
[280.596s][info][gc,heap        ] GC(725) PSYoungGen: 285728K(294400K)->64K(307200K) Eden: 285696K(285696K)->0K(299520K) From: 32K(8704K)->64K(7680K)
[280.596s][info][gc,heap        ] GC(725) ParOldGen: 340576K(576512K)->340576K(576512K)
[280.596s][info][gc,metaspace   ] GC(725) Metaspace: 35213K(35904K)->35213K(35904K) NonClass: 28952K(29440K)->28952K(29440K) Class: 6261K(6464K)->6261K(6464K)
[280.596s][info][gc             ] GC(725) Pause Young (Allocation Failure) 611M->332M(863M) 2.832ms
[280.596s][info][gc,cpu         ] GC(725) User=0.00s Sys=0.00s Real=0.00s
[281.043s][info][gc,start       ] GC(726) Pause Young (Allocation Failure)
[281.045s][info][gc,heap        ] GC(726) PSYoungGen: 299584K(307200K)->32K(288256K) Eden: 299520K(299520K)->0K(287744K) From: 64K(7680K)->32K(512K)
[281.045s][info][gc,heap        ] GC(726) ParOldGen: 340576K(576512K)->340584K(576512K)
[281.045s][info][gc,metaspace   ] GC(726) Metaspace: 35213K(35904K)->35213K(35904K) NonClass: 28952K(29440K)->28952K(29440K) Class: 6261K(6464K)->6261K(6464K)
[281.045s][info][gc             ] GC(726) Pause Young (Allocation Failure) 625M->332M(844M) 2.254ms
[281.045s][info][gc,cpu         ] GC(726) User=0.00s Sys=0.00s Real=0.00s
[281.478s][info][gc,start       ] GC(727) Pause Young (Allocation Failure)
[281.533s][info][gc,heap        ] GC(727) PSYoungGen: 287776K(288256K)->6656K(292352K) Eden: 287744K(287744K)->0K(285696K) From: 32K(512K)->6656K(6656K)
[281.533s][info][gc,heap        ] GC(727) ParOldGen: 340584K(576512K)->358384K(576512K)
[281.533s][info][gc,metaspace   ] GC(727) Metaspace: 35213K(35904K)->35213K(35904K) NonClass: 28952K(29440K)->28952K(29440K) Class: 6261K(6464K)->6261K(6464K)
[281.533s][info][gc             ] GC(727) Pause Young (Allocation Failure) 613M->356M(848M) 54.759ms
[281.533s][info][gc,cpu         ] GC(727) User=0.10s Sys=0.01s Real=0.05s
[281.890s][info][gc,start       ] GC(728) Pause Young (Allocation Failure)
[281.947s][info][gc,heap        ] GC(728) PSYoungGen: 292352K(292352K)->14848K(300544K) Eden: 285696K(285696K)->0K(285696K) From: 6656K(6656K)->14848K(14848K)
[281.947s][info][gc,heap        ] GC(728) ParOldGen: 358384K(576512K)->374336K(576512K)
[281.947s][info][gc,metaspace   ] GC(728) Metaspace: 35213K(35904K)->35213K(35904K) NonClass: 28952K(29440K)->28952K(29440K) Class: 6261K(6464K)->6261K(6464K)
[281.947s][info][gc             ] GC(728) Pause Young (Allocation Failure) 635M->380M(856M) 57.096ms
[281.947s][info][gc,cpu         ] GC(728) User=0.11s Sys=0.00s Real=0.06s
[282.155s][info][gc,start       ] GC(729) Pause Young (Allocation Failure)
[282.192s][info][gc,heap        ] GC(729) PSYoungGen: 300544K(300544K)->14368K(306688K) Eden: 285696K(285696K)->0K(282624K) From: 14848K(14848K)->14368K(24064K)
[282.192s][info][gc,heap        ] GC(729) ParOldGen: 374336K(576512K)->374912K(576512K)
[282.192s][info][gc,metaspace   ] GC(729) Metaspace: 35213K(35904K)->35213K(35904K) NonClass: 28952K(29440K)->28952K(29440K) Class: 6261K(6464K)->6261K(6464K)
[282.192s][info][gc             ] GC(729) Pause Young (Allocation Failure) 659M->380M(862M) 37.487ms
[282.192s][info][gc,cpu         ] GC(729) User=0.07s Sys=0.00s Real=0.04s
[282.543s][info][gc,start       ] GC(730) Pause Young (Allocation Failure)
[282.544s][info][gc,heap        ] GC(730) PSYoungGen: 296992K(306688K)->64K(308224K) Eden: 282624K(282624K)->0K(282624K) From: 14368K(24064K)->64K(25600K)
[282.544s][info][gc,heap        ] GC(730) ParOldGen: 374912K(576512K)->374920K(576512K)
[282.544s][info][gc,metaspace   ] GC(730) Metaspace: 35213K(35904K)->35213K(35904K) NonClass: 28952K(29440K)->28952K(29440K) Class: 6261K(6464K)->6261K(6464K)
[282.544s][info][gc             ] GC(730) Pause Young (Allocation Failure) 656M->366M(864M) 1.533ms
[282.544s][info][gc,cpu         ] GC(730) User=0.00s Sys=0.00s Real=0.00s
[283.214s][info][gc,start       ] GC(731) Pause Young (Allocation Failure)
[283.216s][info][gc,heap        ] GC(731) PSYoungGen: 282688K(308224K)->32K(306688K) Eden: 282624K(282624K)->0K(283648K) From: 64K(25600K)->32K(23040K)
[283.216s][info][gc,heap        ] GC(731) ParOldGen: 374920K(576512K)->374928K(576512K)
[283.216s][info][gc,metaspace   ] GC(731) Metaspace: 35213K(35904K)->35213K(35904K) NonClass: 28952K(29440K)->28952K(29440K) Class: 6261K(6464K)->6261K(6464K)
[283.216s][info][gc             ] GC(731) Pause Young (Allocation Failure) 642M->366M(862M) 2.121ms
[283.216s][info][gc,cpu         ] GC(731) User=0.00s Sys=0.00s Real=0.00s
[283.692s][info][gc,start       ] GC(732) Pause Young (Allocation Failure)
[283.694s][info][gc,heap        ] GC(732) PSYoungGen: 283680K(306688K)->64K(307712K) Eden: 283648K(283648K)->0K(283648K) From: 32K(23040K)->64K(24064K)
[283.694s][info][gc,heap        ] GC(732) ParOldGen: 374928K(576512K)->374944K(576512K)
[283.694s][info][gc,metaspace   ] GC(732) Metaspace: 35213K(35904K)->35213K(35904K) NonClass: 28952K(29440K)->28952K(29440K) Class: 6261K(6464K)->6261K(6464K)
[283.694s][info][gc             ] GC(732) Pause Young (Allocation Failure) 643M->366M(863M) 1.600ms
[283.694s][info][gc,cpu         ] GC(732) User=0.01s Sys=0.00s Real=0.00s
[283.886s][info][gc,start       ] GC(733) Pause Young (Allocation Failure)
[283.887s][info][gc,heap        ] GC(733) PSYoungGen: 283712K(307712K)->64K(307712K) Eden: 283648K(283648K)->0K(286720K) From: 64K(24064K)->64K(20992K)
[283.887s][info][gc,heap        ] GC(733) ParOldGen: 374944K(576512K)->374960K(576512K)
[283.887s][info][gc,metaspace   ] GC(733) Metaspace: 35213K(35904K)->35213K(35904K) NonClass: 28952K(29440K)->28952K(29440K) Class: 6261K(6464K)->6261K(6464K)
[283.887s][info][gc             ] GC(733) Pause Young (Allocation Failure) 643M->366M(863M) 1.630ms
[283.887s][info][gc,cpu         ] GC(733) User=0.00s Sys=0.00s Real=0.01s
[284.082s][info][gc,start       ] GC(734) Pause Young (Allocation Failure)
[284.083s][info][gc,heap        ] GC(734) PSYoungGen: 286784K(307712K)->64K(308736K) Eden: 286720K(286720K)->0K(286720K) From: 64K(20992K)->64K(22016K)
[284.083s][info][gc,heap        ] GC(734) ParOldGen: 374960K(576512K)->374960K(576512K)
[284.083s][info][gc,metaspace   ] GC(734) Metaspace: 35213K(35904K)->35213K(35904K) NonClass: 28952K(29440K)->28952K(29440K) Class: 6261K(6464K)->6261K(6464K)
[284.083s][info][gc             ] GC(734) Pause Young (Allocation Failure) 646M->366M(864M) 1.507ms
[284.083s][info][gc,cpu         ] GC(734) User=0.01s Sys=0.00s Real=0.00s
[284.418s][info][gc,start       ] GC(735) Pause Young (Allocation Failure)
[284.420s][info][gc,heap        ] GC(735) PSYoungGen: 286784K(308736K)->32K(309760K) Eden: 286720K(286720K)->0K(290816K) From: 64K(22016K)->32K(18944K)
[284.420s][info][gc,heap        ] GC(735) ParOldGen: 374960K(576512K)->374960K(576512K)
[284.420s][info][gc,metaspace   ] GC(735) Metaspace: 35213K(35904K)->35213K(35904K) NonClass: 28952K(29440K)->28952K(29440K) Class: 6261K(6464K)->6261K(6464K)
[284.420s][info][gc             ] GC(735) Pause Young (Allocation Failure) 646M->366M(865M) 2.018ms
[284.420s][info][gc,cpu         ] GC(735) User=0.00s Sys=0.00s Real=0.00s
[284.570s][info][gc,start       ] GC(736) Pause Young (Allocation Failure)
[284.572s][info][gc,heap        ] GC(736) PSYoungGen: 290848K(309760K)->32K(310784K) Eden: 290816K(290816K)->0K(290816K) From: 32K(18944K)->32K(19968K)
[284.572s][info][gc,heap        ] GC(736) ParOldGen: 374960K(576512K)->374968K(576512K)
[284.572s][info][gc,metaspace   ] GC(736) Metaspace: 35213K(35904K)->35213K(35904K) NonClass: 28952K(29440K)->28952K(29440K) Class: 6261K(6464K)->6261K(6464K)
[284.572s][info][gc             ] GC(736) Pause Young (Allocation Failure) 650M->366M(866M) 2.109ms
[284.572s][info][gc,cpu         ] GC(736) User=0.00s Sys=0.00s Real=0.00s
[284.626s][info][gc,start       ] GC(737) Pause Young (Allocation Failure)
[284.628s][info][gc,heap        ] GC(737) PSYoungGen: 290848K(310784K)->32K(311808K) Eden: 290816K(290816K)->0K(294912K) From: 32K(19968K)->32K(16896K)
[284.628s][info][gc,heap        ] GC(737) ParOldGen: 374968K(576512K)->374976K(576512K)
[284.628s][info][gc,metaspace   ] GC(737) Metaspace: 35213K(35904K)->35213K(35904K) NonClass: 28952K(29440K)->28952K(29440K) Class: 6261K(6464K)->6261K(6464K)
[284.628s][info][gc             ] GC(737) Pause Young (Allocation Failure) 650M->366M(867M) 2.064ms
[284.628s][info][gc,cpu         ] GC(737) User=0.00s Sys=0.00s Real=0.01s
[284.731s][info][gc,start       ] GC(738) Pause Young (Allocation Failure)
[284.733s][info][gc,heap        ] GC(738) PSYoungGen: 294944K(311808K)->32K(312832K) Eden: 294912K(294912K)->0K(294912K) From: 32K(16896K)->32K(17920K)
[284.733s][info][gc,heap        ] GC(738) ParOldGen: 374976K(576512K)->374976K(576512K)
[284.733s][info][gc,metaspace   ] GC(738) Metaspace: 35213K(35904K)->35213K(35904K) NonClass: 28952K(29440K)->28952K(29440K) Class: 6261K(6464K)->6261K(6464K)
[284.733s][info][gc             ] GC(738) Pause Young (Allocation Failure) 654M->366M(868M) 2.020ms
[284.733s][info][gc,cpu         ] GC(738) User=0.00s Sys=0.00s Real=0.00s
[284.950s][info][gc,start       ] GC(739) Pause Young (Allocation Failure)
[284.952s][info][gc,heap        ] GC(739) PSYoungGen: 294944K(312832K)->32K(313856K) Eden: 294912K(294912K)->0K(299008K) From: 32K(17920K)->32K(14848K)
[284.952s][info][gc,heap        ] GC(739) ParOldGen: 374976K(576512K)->374992K(576512K)
[284.952s][info][gc,metaspace   ] GC(739) Metaspace: 35213K(35904K)->35213K(35904K) NonClass: 28952K(29440K)->28952K(29440K) Class: 6261K(6464K)->6261K(6464K)
[284.952s][info][gc             ] GC(739) Pause Young (Allocation Failure) 654M->366M(869M) 1.959ms
[284.952s][info][gc,cpu         ] GC(739) User=0.00s Sys=0.00s Real=0.00s
[285.136s][info][gc,start       ] GC(740) Pause Young (Allocation Failure)
[285.138s][info][gc,heap        ] GC(740) PSYoungGen: 299040K(313856K)->64K(314880K) Eden: 299008K(299008K)->0K(299008K) From: 32K(14848K)->64K(15872K)
[285.138s][info][gc,heap        ] GC(740) ParOldGen: 374992K(576512K)->374992K(576512K)
[285.138s][info][gc,metaspace   ] GC(740) Metaspace: 35213K(35904K)->35213K(35904K) NonClass: 28952K(29440K)->28952K(29440K) Class: 6261K(6464K)->6261K(6464K)
[285.138s][info][gc             ] GC(740) Pause Young (Allocation Failure) 658M->366M(870M) 1.671ms
[285.138s][info][gc,cpu         ] GC(740) User=0.00s Sys=0.00s Real=0.01s
[285.220s][info][gc,start       ] GC(741) Pause Young (Allocation Failure)
[285.221s][info][gc,heap        ] GC(741) PSYoungGen: 299072K(314880K)->64K(316928K) Eden: 299008K(299008K)->0K(303104K) From: 64K(15872K)->64K(13824K)
[285.221s][info][gc,heap        ] GC(741) ParOldGen: 374992K(576512K)->375008K(576512K)
[285.221s][info][gc,metaspace   ] GC(741) Metaspace: 35213K(35904K)->35213K(35904K) NonClass: 28952K(29440K)->28952K(29440K) Class: 6261K(6464K)->6261K(6464K)
[285.221s][info][gc             ] GC(741) Pause Young (Allocation Failure) 658M->366M(872M) 1.581ms
[285.221s][info][gc,cpu         ] GC(741) User=0.00s Sys=0.00s Real=0.00s
[285.364s][info][gc,start       ] GC(742) Pause Young (Allocation Failure)
[285.366s][info][gc,heap        ] GC(742) PSYoungGen: 303168K(316928K)->64K(317440K) Eden: 303104K(303104K)->0K(303104K) From: 64K(13824K)->64K(14336K)
[285.366s][info][gc,heap        ] GC(742) ParOldGen: 375008K(576512K)->375008K(576512K)
[285.366s][info][gc,metaspace   ] GC(742) Metaspace: 35213K(35904K)->35213K(35904K) NonClass: 28952K(29440K)->28952K(29440K) Class: 6261K(6464K)->6261K(6464K)
[285.366s][info][gc             ] GC(742) Pause Young (Allocation Failure) 662M->366M(873M) 1.511ms
[285.366s][info][gc,cpu         ] GC(742) User=0.01s Sys=0.00s Real=0.00s
[285.820s][info][gc,start       ] GC(743) Pause Young (Allocation Failure)
[285.822s][info][gc,heap        ] GC(743) PSYoungGen: 303168K(317440K)->64K(317952K) Eden: 303104K(303104K)->0K(306176K) From: 64K(14336K)->64K(11776K)
[285.822s][info][gc,heap        ] GC(743) ParOldGen: 375008K(576512K)->375016K(576512K)
[285.822s][info][gc,metaspace   ] GC(743) Metaspace: 35213K(35904K)->35213K(35904K) NonClass: 28952K(29440K)->28952K(29440K) Class: 6261K(6464K)->6261K(6464K)
[285.822s][info][gc             ] GC(743) Pause Young (Allocation Failure) 662M->366M(873M) 1.635ms
[285.822s][info][gc,cpu         ] GC(743) User=0.00s Sys=0.00s Real=0.00s
[286.954s][info][gc,start       ] GC(744) Pause Young (Allocation Failure)
[286.956s][info][gc,heap        ] GC(744) PSYoungGen: 306240K(317952K)->64K(294400K) Eden: 306176K(306176K)->0K(293888K) From: 64K(11776K)->64K(512K)
[286.956s][info][gc,heap        ] GC(744) ParOldGen: 375016K(576512K)->375024K(576512K)
[286.956s][info][gc,metaspace   ] GC(744) Metaspace: 35213K(35904K)->35213K(35904K) NonClass: 28952K(29440K)->28952K(29440K) Class: 6261K(6464K)->6261K(6464K)
[286.956s][info][gc             ] GC(744) Pause Young (Allocation Failure) 665M->366M(850M) 1.943ms
[286.956s][info][gc,cpu         ] GC(744) User=0.00s Sys=0.00s Real=0.00s
[287.551s][info][gc,start       ] GC(745) Pause Young (Allocation Failure)
[287.554s][info][gc,heap        ] GC(745) PSYoungGen: 293952K(294400K)->64K(282624K) Eden: 293888K(293888K)->0K(282112K) From: 64K(512K)->64K(512K)
[287.554s][info][gc,heap        ] GC(745) ParOldGen: 375024K(576512K)->375032K(576512K)
[287.554s][info][gc,metaspace   ] GC(745) Metaspace: 35213K(35904K)->35213K(35904K) NonClass: 28952K(29440K)->28952K(29440K) Class: 6261K(6464K)->6261K(6464K)
[287.554s][info][gc             ] GC(745) Pause Young (Allocation Failure) 653M->366M(839M) 2.422ms
[287.554s][info][gc,cpu         ] GC(745) User=0.00s Sys=0.01s Real=0.00s
[288.037s][info][gc,start       ] GC(746) Pause Young (Allocation Failure)
[288.039s][info][gc,heap        ] GC(746) PSYoungGen: 282176K(282624K)->64K(281600K) Eden: 282112K(282112K)->0K(270848K) From: 64K(512K)->64K(10752K)
[288.039s][info][gc,heap        ] GC(746) ParOldGen: 375032K(576512K)->375040K(576512K)
[288.039s][info][gc,metaspace   ] GC(746) Metaspace: 35213K(35904K)->35213K(35904K) NonClass: 28952K(29440K)->28952K(29440K) Class: 6261K(6464K)->6261K(6464K)
[288.039s][info][gc             ] GC(746) Pause Young (Allocation Failure) 641M->366M(838M) 1.639ms
[288.039s][info][gc,cpu         ] GC(746) User=0.00s Sys=0.00s Real=0.00s
[289.040s][info][gc,start       ] GC(747) Pause Young (Allocation Failure)
[289.043s][info][gc,heap        ] GC(747) PSYoungGen: 270912K(281600K)->64K(260608K) Eden: 270848K(270848K)->0K(260096K) From: 64K(10752K)->64K(512K)
[289.043s][info][gc,heap        ] GC(747) ParOldGen: 375040K(576512K)->375048K(576512K)
[289.043s][info][gc,metaspace   ] GC(747) Metaspace: 35213K(35904K)->35213K(35904K) NonClass: 28952K(29440K)->28952K(29440K) Class: 6261K(6464K)->6261K(6464K)
[289.043s][info][gc             ] GC(747) Pause Young (Allocation Failure) 630M->366M(817M) 3.137ms
[289.043s][info][gc,cpu         ] GC(747) User=0.00s Sys=0.00s Real=0.00s
[289.453s][info][gc,start       ] GC(748) Pause Young (Allocation Failure)
[289.455s][info][gc,heap        ] GC(748) PSYoungGen: 260160K(260608K)->64K(259072K) Eden: 260096K(260096K)->0K(249856K) From: 64K(512K)->64K(9216K)
[289.455s][info][gc,heap        ] GC(748) ParOldGen: 375048K(576512K)->375056K(576512K)
[289.455s][info][gc,metaspace   ] GC(748) Metaspace: 35213K(35904K)->35213K(35904K) NonClass: 28952K(29440K)->28952K(29440K) Class: 6261K(6464K)->6261K(6464K)
[289.455s][info][gc             ] GC(748) Pause Young (Allocation Failure) 620M->366M(816M) 2.647ms
[289.455s][info][gc,cpu         ] GC(748) User=0.00s Sys=0.00s Real=0.00s
[289.650s][info][gc,start       ] GC(749) Pause Young (Allocation Failure)
[289.653s][info][gc,heap        ] GC(749) PSYoungGen: 249920K(259072K)->64K(240640K) Eden: 249856K(249856K)->0K(240128K) From: 64K(9216K)->64K(512K)
[289.653s][info][gc,heap        ] GC(749) ParOldGen: 375056K(576512K)->375064K(576512K)
[289.653s][info][gc,metaspace   ] GC(749) Metaspace: 35213K(35904K)->35213K(35904K) NonClass: 28952K(29440K)->28952K(29440K) Class: 6261K(6464K)->6261K(6464K)
[289.653s][info][gc             ] GC(749) Pause Young (Allocation Failure) 610M->366M(798M) 3.063ms
[289.653s][info][gc,cpu         ] GC(749) User=0.00s Sys=0.00s Real=0.00s
[289.746s][info][gc,start       ] GC(750) Pause Young (Allocation Failure)
[289.749s][info][gc,heap        ] GC(750) PSYoungGen: 240192K(240640K)->64K(282112K) Eden: 240128K(240128K)->0K(273920K) From: 64K(512K)->64K(8192K)
[289.749s][info][gc,heap        ] GC(750) ParOldGen: 375064K(576512K)->375080K(576512K)
[289.749s][info][gc,metaspace   ] GC(750) Metaspace: 35213K(35904K)->35213K(35904K) NonClass: 28952K(29440K)->28952K(29440K) Class: 6261K(6464K)->6261K(6464K)
[289.749s][info][gc             ] GC(750) Pause Young (Allocation Failure) 600M->366M(838M) 2.858ms
[289.749s][info][gc,cpu         ] GC(750) User=0.00s Sys=0.00s Real=0.01s
[290.426s][info][gc,start       ] GC(751) Pause Young (Allocation Failure)
[290.428s][info][gc,heap        ] GC(751) PSYoungGen: 273984K(282112K)->64K(263680K) Eden: 273920K(273920K)->0K(263168K) From: 64K(8192K)->64K(512K)
[290.428s][info][gc,heap        ] GC(751) ParOldGen: 375080K(576512K)->375096K(576512K)
[290.428s][info][gc,metaspace   ] GC(751) Metaspace: 35213K(35904K)->35213K(35904K) NonClass: 28952K(29440K)->28952K(29440K) Class: 6261K(6464K)->6261K(6464K)
[290.428s][info][gc             ] GC(751) Pause Young (Allocation Failure) 633M->366M(820M) 2.754ms
[290.428s][info][gc,cpu         ] GC(751) User=0.00s Sys=0.00s Real=0.01s
[290.732s][info][gc,start       ] GC(752) Pause Young (Allocation Failure)
[290.735s][info][gc,heap        ] GC(752) PSYoungGen: 263232K(263680K)->32K(260096K) Eden: 263168K(263168K)->0K(252928K) From: 64K(512K)->32K(7168K)
[290.735s][info][gc,heap        ] GC(752) ParOldGen: 375096K(576512K)->375104K(576512K)
[290.735s][info][gc,metaspace   ] GC(752) Metaspace: 35213K(35904K)->35213K(35904K) NonClass: 28952K(29440K)->28952K(29440K) Class: 6261K(6464K)->6261K(6464K)
[290.735s][info][gc             ] GC(752) Pause Young (Allocation Failure) 623M->366M(817M) 2.986ms
[290.735s][info][gc,cpu         ] GC(752) User=0.01s Sys=0.00s Real=0.00s
[291.091s][info][gc,start       ] GC(753) Pause Young (Allocation Failure)
[291.136s][info][gc,heap        ] GC(753) PSYoungGen: 252960K(260096K)->6656K(282112K) Eden: 252928K(252928K)->0K(275456K) From: 32K(7168K)->6656K(6656K)
[291.136s][info][gc,heap        ] GC(753) ParOldGen: 375104K(576512K)->391112K(576512K)
[291.136s][info][gc,metaspace   ] GC(753) Metaspace: 35213K(35904K)->35213K(35904K) NonClass: 28952K(29440K)->28952K(29440K) Class: 6261K(6464K)->6261K(6464K)
[291.136s][info][gc             ] GC(753) Pause Young (Allocation Failure) 613M->388M(838M) 45.376ms
[291.136s][info][gc,cpu         ] GC(753) User=0.08s Sys=0.01s Real=0.04s
[291.473s][info][gc,start       ] GC(754) Pause Young (Allocation Failure)
[291.538s][info][gc,heap        ] GC(754) PSYoungGen: 282112K(282112K)->14336K(289792K) Eden: 275456K(275456K)->0K(275456K) From: 6656K(6656K)->14336K(14336K)
[291.538s][info][gc,heap        ] GC(754) ParOldGen: 391112K(576512K)->406424K(576512K)
[291.538s][info][gc,metaspace   ] GC(754) Metaspace: 35213K(35904K)->35213K(35904K) NonClass: 28952K(29440K)->28952K(29440K) Class: 6261K(6464K)->6261K(6464K)
[291.538s][info][gc             ] GC(754) Pause Young (Allocation Failure) 657M->410M(846M) 65.684ms
[291.539s][info][gc,cpu         ] GC(754) User=0.13s Sys=0.00s Real=0.07s
[291.765s][info][gc,start       ] GC(755) Pause Young (Allocation Failure)
[291.808s][info][gc,heap        ] GC(755) PSYoungGen: 289792K(289792K)->17248K(305664K) Eden: 275456K(275456K)->0K(282624K) From: 14336K(14336K)->17248K(23040K)
[291.808s][info][gc,heap        ] GC(755) ParOldGen: 406424K(576512K)->406984K(576512K)
[291.808s][info][gc,metaspace   ] GC(755) Metaspace: 35213K(35904K)->35213K(35904K) NonClass: 28952K(29440K)->28952K(29440K) Class: 6261K(6464K)->6261K(6464K)
[291.808s][info][gc             ] GC(755) Pause Young (Allocation Failure) 679M->414M(861M) 43.948ms
[291.808s][info][gc,cpu         ] GC(755) User=0.07s Sys=0.02s Real=0.05s
[292.069s][info][gc,start       ] GC(756) Pause Young (Allocation Failure)
[292.071s][info][gc,heap        ] GC(756) PSYoungGen: 299872K(305664K)->64K(308224K) Eden: 282624K(282624K)->0K(282624K) From: 17248K(23040K)->64K(25600K)
[292.071s][info][gc,heap        ] GC(756) ParOldGen: 406984K(576512K)->406992K(576512K)
[292.071s][info][gc,metaspace   ] GC(756) Metaspace: 35213K(35904K)->35213K(35904K) NonClass: 28952K(29440K)->28952K(29440K) Class: 6261K(6464K)->6261K(6464K)
[292.071s][info][gc             ] GC(756) Pause Young (Allocation Failure) 690M->397M(864M) 1.693ms
[292.071s][info][gc,cpu         ] GC(756) User=0.00s Sys=0.00s Real=0.00s
[292.814s][info][gc,start       ] GC(757) Pause Young (Allocation Failure)
[292.816s][info][gc,heap        ] GC(757) PSYoungGen: 282688K(308224K)->64K(305664K) Eden: 282624K(282624K)->0K(283136K) From: 64K(25600K)->64K(22528K)
[292.816s][info][gc,heap        ] GC(757) ParOldGen: 406992K(576512K)->407000K(576512K)
[292.816s][info][gc,metaspace   ] GC(757) Metaspace: 35213K(35904K)->35213K(35904K) NonClass: 28952K(29440K)->28952K(29440K) Class: 6261K(6464K)->6261K(6464K)
[292.816s][info][gc             ] GC(757) Pause Young (Allocation Failure) 673M->397M(861M) 1.734ms
[292.816s][info][gc,cpu         ] GC(757) User=0.00s Sys=0.00s Real=0.00s
[293.101s][info][gc,start       ] GC(758) Pause Young (Allocation Failure)
[293.103s][info][gc,heap        ] GC(758) PSYoungGen: 283200K(305664K)->64K(307200K) Eden: 283136K(283136K)->0K(283136K) From: 64K(22528K)->64K(24064K)
[293.103s][info][gc,heap        ] GC(758) ParOldGen: 407000K(576512K)->407016K(576512K)
[293.103s][info][gc,metaspace   ] GC(758) Metaspace: 35213K(35904K)->35213K(35904K) NonClass: 28952K(29440K)->28952K(29440K) Class: 6261K(6464K)->6261K(6464K)
[293.103s][info][gc             ] GC(758) Pause Young (Allocation Failure) 674M->397M(863M) 1.701ms
[293.103s][info][gc,cpu         ] GC(758) User=0.01s Sys=0.00s Real=0.00s
[293.549s][info][gc,start       ] GC(759) Pause Young (Allocation Failure)
[293.551s][info][gc,heap        ] GC(759) PSYoungGen: 283200K(307200K)->64K(307200K) Eden: 283136K(283136K)->0K(286720K) From: 64K(24064K)->64K(20480K)
[293.551s][info][gc,heap        ] GC(759) ParOldGen: 407016K(576512K)->407024K(576512K)
[293.551s][info][gc,metaspace   ] GC(759) Metaspace: 35213K(35904K)->35213K(35904K) NonClass: 28952K(29440K)->28952K(29440K) Class: 6261K(6464K)->6261K(6464K)
[293.551s][info][gc             ] GC(759) Pause Young (Allocation Failure) 674M->397M(863M) 1.773ms
[293.551s][info][gc,cpu         ] GC(759) User=0.00s Sys=0.00s Real=0.00s
[293.766s][info][gc,start       ] GC(760) Pause Young (Allocation Failure)
[293.769s][info][gc,heap        ] GC(760) PSYoungGen: 286784K(307200K)->32K(308736K) Eden: 286720K(286720K)->0K(286720K) From: 64K(20480K)->32K(22016K)
[293.769s][info][gc,heap        ] GC(760) ParOldGen: 407024K(576512K)->407032K(576512K)
[293.769s][info][gc,metaspace   ] GC(760) Metaspace: 35213K(35904K)->35213K(35904K) NonClass: 28952K(29440K)->28952K(29440K) Class: 6261K(6464K)->6261K(6464K)
[293.769s][info][gc             ] GC(760) Pause Young (Allocation Failure) 677M->397M(864M) 3.308ms
[293.769s][info][gc,cpu         ] GC(760) User=0.01s Sys=0.00s Real=0.01s
[293.986s][info][gc,start       ] GC(761) Pause Young (Allocation Failure)
[293.988s][info][gc,heap        ] GC(761) PSYoungGen: 286752K(308736K)->64K(309248K) Eden: 286720K(286720K)->0K(290816K) From: 32K(22016K)->64K(18432K)
[293.988s][info][gc,heap        ] GC(761) ParOldGen: 407032K(576512K)->407032K(576512K)
[293.988s][info][gc,metaspace   ] GC(761) Metaspace: 35213K(35904K)->35213K(35904K) NonClass: 28952K(29440K)->28952K(29440K) Class: 6261K(6464K)->6261K(6464K)
[293.988s][info][gc             ] GC(761) Pause Young (Allocation Failure) 677M->397M(865M) 2.144ms
[293.988s][info][gc,cpu         ] GC(761) User=0.00s Sys=0.00s Real=0.01s
[294.311s][info][gc,start       ] GC(762) Pause Young (Allocation Failure)
[294.313s][info][gc,heap        ] GC(762) PSYoungGen: 290880K(309248K)->64K(310784K) Eden: 290816K(290816K)->0K(290816K) From: 64K(18432K)->64K(19968K)
[294.313s][info][gc,heap        ] GC(762) ParOldGen: 407032K(576512K)->407032K(576512K)
[294.313s][info][gc,metaspace   ] GC(762) Metaspace: 35213K(35904K)->35213K(35904K) NonClass: 28952K(29440K)->28952K(29440K) Class: 6261K(6464K)->6261K(6464K)
[294.313s][info][gc             ] GC(762) Pause Young (Allocation Failure) 681M->397M(866M) 1.668ms
[294.313s][info][gc,cpu         ] GC(762) User=0.01s Sys=0.00s Real=0.00s
[294.368s][info][gc,start       ] GC(763) Pause Young (Allocation Failure)
[294.369s][info][gc,heap        ] GC(763) PSYoungGen: 290880K(310784K)->64K(311296K) Eden: 290816K(290816K)->0K(294912K) From: 64K(19968K)->64K(16384K)
[294.370s][info][gc,heap        ] GC(763) ParOldGen: 407032K(576512K)->407048K(576512K)
[294.370s][info][gc,metaspace   ] GC(763) Metaspace: 35213K(35904K)->35213K(35904K) NonClass: 28952K(29440K)->28952K(29440K) Class: 6261K(6464K)->6261K(6464K)
[294.370s][info][gc             ] GC(763) Pause Young (Allocation Failure) 681M->397M(867M) 1.607ms
[294.370s][info][gc,cpu         ] GC(763) User=0.00s Sys=0.00s Real=0.00s
[294.456s][info][gc,start       ] GC(764) Pause Young (Allocation Failure)
[294.457s][info][gc,heap        ] GC(764) PSYoungGen: 294976K(311296K)->64K(312832K) Eden: 294912K(294912K)->0K(294912K) From: 64K(16384K)->64K(17920K)
[294.457s][info][gc,heap        ] GC(764) ParOldGen: 407048K(576512K)->407048K(576512K)
[294.457s][info][gc,metaspace   ] GC(764) Metaspace: 35213K(35904K)->35213K(35904K) NonClass: 28952K(29440K)->28952K(29440K) Class: 6261K(6464K)->6261K(6464K)
[294.457s][info][gc             ] GC(764) Pause Young (Allocation Failure) 685M->397M(868M) 1.778ms
[294.457s][info][gc,cpu         ] GC(764) User=0.00s Sys=0.00s Real=0.01s
[294.680s][info][gc,start       ] GC(765) Pause Young (Allocation Failure)
[294.682s][info][gc,heap        ] GC(765) PSYoungGen: 294976K(312832K)->64K(313344K) Eden: 294912K(294912K)->0K(299008K) From: 64K(17920K)->64K(14336K)
[294.682s][info][gc,heap        ] GC(765) ParOldGen: 407048K(576512K)->407064K(576512K)
[294.682s][info][gc,metaspace   ] GC(765) Metaspace: 35213K(35904K)->35213K(35904K) NonClass: 28952K(29440K)->28952K(29440K) Class: 6261K(6464K)->6261K(6464K)
[294.682s][info][gc             ] GC(765) Pause Young (Allocation Failure) 685M->397M(869M) 1.637ms
[294.682s][info][gc,cpu         ] GC(765) User=0.01s Sys=0.00s Real=0.00s
[294.904s][info][gc,start       ] GC(766) Pause Young (Allocation Failure)
[294.906s][info][gc,heap        ] GC(766) PSYoungGen: 299072K(313344K)->64K(314880K) Eden: 299008K(299008K)->0K(299008K) From: 64K(14336K)->64K(15872K)
[294.906s][info][gc,heap        ] GC(766) ParOldGen: 407064K(576512K)->407064K(576512K)
[294.906s][info][gc,metaspace   ] GC(766) Metaspace: 35213K(35904K)->35213K(35904K) NonClass: 28952K(29440K)->28952K(29440K) Class: 6261K(6464K)->6261K(6464K)
[294.906s][info][gc             ] GC(766) Pause Young (Allocation Failure) 689M->397M(870M) 1.717ms
[294.906s][info][gc,cpu         ] GC(766) User=0.01s Sys=0.00s Real=0.00s
[294.987s][info][gc,start       ] GC(767) Pause Young (Allocation Failure)
[294.989s][info][gc,heap        ] GC(767) PSYoungGen: 299072K(314880K)->64K(315392K) Eden: 299008K(299008K)->0K(302592K) From: 64K(15872K)->64K(12800K)
[294.989s][info][gc,heap        ] GC(767) ParOldGen: 407064K(576512K)->407080K(576512K)
[294.989s][info][gc,metaspace   ] GC(767) Metaspace: 35213K(35904K)->35213K(35904K) NonClass: 28952K(29440K)->28952K(29440K) Class: 6261K(6464K)->6261K(6464K)
[294.989s][info][gc             ] GC(767) Pause Young (Allocation Failure) 689M->397M(871M) 1.646ms
[294.989s][info][gc,cpu         ] GC(767) User=0.00s Sys=0.00s Real=0.00s
[295.123s][info][gc,start       ] GC(768) Pause Young (Allocation Failure)
[295.124s][info][gc,heap        ] GC(768) PSYoungGen: 302656K(315392K)->64K(316928K) Eden: 302592K(302592K)->0K(302592K) From: 64K(12800K)->64K(14336K)
[295.125s][info][gc,heap        ] GC(768) ParOldGen: 407080K(576512K)->407080K(576512K)
[295.125s][info][gc,metaspace   ] GC(768) Metaspace: 35213K(35904K)->35213K(35904K) NonClass: 28952K(29440K)->28952K(29440K) Class: 6261K(6464K)->6261K(6464K)
[295.125s][info][gc             ] GC(768) Pause Young (Allocation Failure) 693M->397M(872M) 1.582ms
[295.125s][info][gc,cpu         ] GC(768) User=0.01s Sys=0.00s Real=0.00s
[295.519s][info][gc,start       ] GC(769) Pause Young (Allocation Failure)
[295.521s][info][gc,heap        ] GC(769) PSYoungGen: 302656K(316928K)->64K(316928K) Eden: 302592K(302592K)->0K(306176K) From: 64K(14336K)->64K(10752K)
[295.521s][info][gc,heap        ] GC(769) ParOldGen: 407080K(576512K)->407088K(576512K)
[295.521s][info][gc,metaspace   ] GC(769) Metaspace: 35213K(35904K)->35213K(35904K) NonClass: 28952K(29440K)->28952K(29440K) Class: 6261K(6464K)->6261K(6464K)
[295.521s][info][gc             ] GC(769) Pause Young (Allocation Failure) 693M->397M(872M) 1.623ms
[295.521s][info][gc,cpu         ] GC(769) User=0.00s Sys=0.00s Real=0.00s
[296.254s][info][gc,start       ] GC(770) Pause Young (Allocation Failure)
[296.256s][info][gc,heap        ] GC(770) PSYoungGen: 306240K(316928K)->64K(294400K) Eden: 306176K(306176K)->0K(293888K) From: 64K(10752K)->64K(512K)
[296.256s][info][gc,heap        ] GC(770) ParOldGen: 407088K(576512K)->407096K(576512K)
[296.256s][info][gc,metaspace   ] GC(770) Metaspace: 35213K(35904K)->35213K(35904K) NonClass: 28952K(29440K)->28952K(29440K) Class: 6261K(6464K)->6261K(6464K)
[296.256s][info][gc             ] GC(770) Pause Young (Allocation Failure) 696M->397M(850M) 2.125ms
[296.256s][info][gc,cpu         ] GC(770) User=0.00s Sys=0.00s Real=0.00s
[297.333s][info][gc,start       ] GC(771) Pause Young (Allocation Failure)
[297.335s][info][gc,heap        ] GC(771) PSYoungGen: 293952K(294400K)->64K(282624K) Eden: 293888K(293888K)->0K(282112K) From: 64K(512K)->64K(512K)
[297.335s][info][gc,heap        ] GC(771) ParOldGen: 407096K(576512K)->407104K(576512K)
[297.335s][info][gc,metaspace   ] GC(771) Metaspace: 35213K(35904K)->35213K(35904K) NonClass: 28952K(29440K)->28952K(29440K) Class: 6261K(6464K)->6261K(6464K)
[297.335s][info][gc             ] GC(771) Pause Young (Allocation Failure) 684M->397M(839M) 2.376ms
[297.335s][info][gc,cpu         ] GC(771) User=0.00s Sys=0.00s Real=0.00s
[297.799s][info][gc,start       ] GC(772) Pause Young (Allocation Failure)
[297.801s][info][gc,heap        ] GC(772) PSYoungGen: 282176K(282624K)->64K(281600K) Eden: 282112K(282112K)->0K(270848K) From: 64K(512K)->64K(10752K)
[297.801s][info][gc,heap        ] GC(772) ParOldGen: 407104K(576512K)->407112K(576512K)
[297.801s][info][gc,metaspace   ] GC(772) Metaspace: 35213K(35904K)->35213K(35904K) NonClass: 28952K(29440K)->28952K(29440K) Class: 6261K(6464K)->6261K(6464K)
[297.801s][info][gc             ] GC(772) Pause Young (Allocation Failure) 673M->397M(838M) 1.937ms
[297.801s][info][gc,cpu         ] GC(772) User=0.01s Sys=0.00s Real=0.00s
[298.805s][info][gc,start       ] GC(773) Pause Young (Allocation Failure)
[298.808s][info][gc,heap        ] GC(773) PSYoungGen: 270912K(281600K)->64K(260608K) Eden: 270848K(270848K)->0K(260096K) From: 64K(10752K)->64K(512K)
[298.808s][info][gc,heap        ] GC(773) ParOldGen: 407112K(576512K)->407120K(576512K)
[298.808s][info][gc,metaspace   ] GC(773) Metaspace: 35213K(35904K)->35213K(35904K) NonClass: 28952K(29440K)->28952K(29440K) Class: 6261K(6464K)->6261K(6464K)
[298.808s][info][gc             ] GC(773) Pause Young (Allocation Failure) 662M->397M(817M) 3.649ms
[298.808s][info][gc,cpu         ] GC(773) User=0.00s Sys=0.00s Real=0.01s
[299.219s][info][gc,start       ] GC(774) Pause Young (Allocation Failure)
[299.221s][info][gc,heap        ] GC(774) PSYoungGen: 260160K(260608K)->32K(259584K) Eden: 260096K(260096K)->0K(249856K) From: 64K(512K)->32K(9728K)
[299.221s][info][gc,heap        ] GC(774) ParOldGen: 407120K(576512K)->407128K(576512K)
[299.221s][info][gc,metaspace   ] GC(774) Metaspace: 35213K(35904K)->35213K(35904K) NonClass: 28952K(29440K)->28952K(29440K) Class: 6261K(6464K)->6261K(6464K)
[299.221s][info][gc             ] GC(774) Pause Young (Allocation Failure) 651M->397M(816M) 2.669ms
[299.221s][info][gc,cpu         ] GC(774) User=0.00s Sys=0.00s Real=0.00s
[299.431s][info][gc,start       ] GC(775) Pause Young (Allocation Failure)
[299.435s][info][gc,heap        ] GC(775) PSYoungGen: 249888K(259584K)->64K(240640K) Eden: 249856K(249856K)->0K(240128K) From: 32K(9728K)->64K(512K)
[299.435s][info][gc,heap        ] GC(775) ParOldGen: 407128K(576512K)->407136K(576512K)
[299.435s][info][gc,metaspace   ] GC(775) Metaspace: 35213K(35904K)->35213K(35904K) NonClass: 28952K(29440K)->28952K(29440K) Class: 6261K(6464K)->6261K(6464K)
[299.435s][info][gc             ] GC(775) Pause Young (Allocation Failure) 641M->397M(798M) 3.864ms
[299.435s][info][gc,cpu         ] GC(775) User=0.00s Sys=0.00s Real=0.00s
[299.546s][info][gc,start       ] GC(776) Pause Young (Allocation Failure)
[299.549s][info][gc,heap        ] GC(776) PSYoungGen: 240192K(240640K)->64K(283136K) Eden: 240128K(240128K)->0K(274944K) From: 64K(512K)->64K(8192K)
[299.549s][info][gc,heap        ] GC(776) ParOldGen: 407136K(576512K)->407152K(576512K)
[299.549s][info][gc,metaspace   ] GC(776) Metaspace: 35213K(35904K)->35213K(35904K) NonClass: 28952K(29440K)->28952K(29440K) Class: 6261K(6464K)->6261K(6464K)
[299.549s][info][gc             ] GC(776) Pause Young (Allocation Failure) 632M->397M(839M) 3.065ms
[299.549s][info][gc,cpu         ] GC(776) User=0.00s Sys=0.00s Real=0.01s
[300.207s][info][gc,start       ] GC(777) Pause Young (Allocation Failure)
[300.210s][info][gc,heap        ] GC(777) PSYoungGen: 275008K(283136K)->64K(264704K) Eden: 274944K(274944K)->0K(264192K) From: 64K(8192K)->64K(512K)
[300.210s][info][gc,heap        ] GC(777) ParOldGen: 407152K(576512K)->407168K(576512K)
[300.210s][info][gc,metaspace   ] GC(777) Metaspace: 35213K(35904K)->35213K(35904K) NonClass: 28952K(29440K)->28952K(29440K) Class: 6261K(6464K)->6261K(6464K)
[300.210s][info][gc             ] GC(777) Pause Young (Allocation Failure) 666M->397M(821M) 2.972ms
[300.210s][info][gc,cpu         ] GC(777) User=0.00s Sys=0.00s Real=0.00s
[300.513s][info][gc,start       ] GC(778) Pause Young (Allocation Failure)
[300.516s][info][gc,heap        ] GC(778) PSYoungGen: 264256K(264704K)->64K(261120K) Eden: 264192K(264192K)->0K(253952K) From: 64K(512K)->64K(7168K)
[300.516s][info][gc,heap        ] GC(778) ParOldGen: 407168K(576512K)->407184K(576512K)
[300.516s][info][gc,metaspace   ] GC(778) Metaspace: 35213K(35904K)->35213K(35904K) NonClass: 28952K(29440K)->28952K(29440K) Class: 6261K(6464K)->6261K(6464K)
[300.516s][info][gc             ] GC(778) Pause Young (Allocation Failure) 655M->397M(818M) 2.994ms
[300.516s][info][gc,cpu         ] GC(778) User=0.00s Sys=0.00s Real=0.00s
[300.884s][info][gc,start       ] GC(779) Pause Young (Allocation Failure)
[300.938s][info][gc,heap        ] GC(779) PSYoungGen: 254016K(261120K)->6656K(283648K) Eden: 253952K(253952K)->0K(276992K) From: 64K(7168K)->6656K(6656K)
[300.938s][info][gc,heap        ] GC(779) ParOldGen: 407184K(576512K)->419344K(576512K)
[300.938s][info][gc,metaspace   ] GC(779) Metaspace: 35213K(35904K)->35213K(35904K) NonClass: 28952K(29440K)->28952K(29440K) Class: 6261K(6464K)->6261K(6464K)
[300.938s][info][gc             ] GC(779) Pause Young (Allocation Failure) 645M->416M(840M) 53.762ms
[300.938s][info][gc,cpu         ] GC(779) User=0.06s Sys=0.01s Real=0.06s
[301.254s][info][gc,start       ] GC(780) Pause Young (Allocation Failure)
[301.306s][info][gc,heap        ] GC(780) PSYoungGen: 283648K(283648K)->12800K(289792K) Eden: 276992K(276992K)->0K(276992K) From: 6656K(6656K)->12800K(12800K)
[301.306s][info][gc,heap        ] GC(780) ParOldGen: 419344K(576512K)->436216K(576512K)
[301.306s][info][gc,metaspace   ] GC(780) Metaspace: 35213K(35904K)->35213K(35904K) NonClass: 28952K(29440K)->28952K(29440K) Class: 6261K(6464K)->6261K(6464K)
[301.306s][info][gc             ] GC(780) Pause Young (Allocation Failure) 686M->438M(846M) 52.575ms
[301.306s][info][gc,cpu         ] GC(780) User=0.10s Sys=0.00s Real=0.05s
[301.546s][info][gc,start       ] GC(781) Pause Young (Allocation Failure)
[301.596s][info][gc,heap        ] GC(781) PSYoungGen: 289792K(289792K)->20928K(303616K) Eden: 276992K(276992K)->0K(281600K) From: 12800K(12800K)->20928K(22016K)
[301.596s][info][gc,heap        ] GC(781) ParOldGen: 436216K(576512K)->436840K(576512K)
[301.596s][info][gc,metaspace   ] GC(781) Metaspace: 35213K(35904K)->35213K(35904K) NonClass: 28952K(29440K)->28952K(29440K) Class: 6261K(6464K)->6261K(6464K)
[301.596s][info][gc             ] GC(781) Pause Young (Allocation Failure) 708M->447M(859M) 49.917ms
[301.596s][info][gc,cpu         ] GC(781) User=0.09s Sys=0.01s Real=0.05s
[301.759s][info][gc,start       ] GC(782) Pause Young (Allocation Failure)
[301.760s][info][gc,heap        ] GC(782) PSYoungGen: 302528K(303616K)->64K(307712K) Eden: 281600K(281600K)->0K(281600K) From: 20928K(22016K)->64K(26112K)
[301.760s][info][gc,heap        ] GC(782) ParOldGen: 436840K(576512K)->436848K(576512K)
[301.760s][info][gc,metaspace   ] GC(782) Metaspace: 35213K(35904K)->35213K(35904K) NonClass: 28952K(29440K)->28952K(29440K) Class: 6261K(6464K)->6261K(6464K)
[301.760s][info][gc             ] GC(782) Pause Young (Allocation Failure) 722M->426M(863M) 1.617ms
[301.760s][info][gc,cpu         ] GC(782) User=0.01s Sys=0.00s Real=0.00s
[302.525s][info][gc,start       ] GC(783) Pause Young (Allocation Failure)
[302.527s][info][gc,heap        ] GC(783) PSYoungGen: 281664K(307712K)->32K(305664K) Eden: 281600K(281600K)->0K(282624K) From: 64K(26112K)->32K(23040K)
[302.528s][info][gc,heap        ] GC(783) ParOldGen: 436848K(576512K)->436856K(576512K)
[302.528s][info][gc,metaspace   ] GC(783) Metaspace: 35213K(35904K)->35213K(35904K) NonClass: 28952K(29440K)->28952K(29440K) Class: 6261K(6464K)->6261K(6464K)
[302.528s][info][gc             ] GC(783) Pause Young (Allocation Failure) 701M->426M(861M) 2.334ms
[302.528s][info][gc,cpu         ] GC(783) User=0.00s Sys=0.00s Real=0.01s
[302.825s][info][gc,start       ] GC(784) Pause Young (Allocation Failure)
[302.828s][info][gc,heap        ] GC(784) PSYoungGen: 282656K(305664K)->32K(307200K) Eden: 282624K(282624K)->0K(282624K) From: 32K(23040K)->32K(24576K)
[302.828s][info][gc,heap        ] GC(784) ParOldGen: 436856K(576512K)->436856K(576512K)
[302.828s][info][gc,metaspace   ] GC(784) Metaspace: 35213K(35904K)->35213K(35904K) NonClass: 28952K(29440K)->28952K(29440K) Class: 6261K(6464K)->6261K(6464K)
[302.828s][info][gc             ] GC(784) Pause Young (Allocation Failure) 702M->426M(863M) 2.393ms
[302.828s][info][gc,cpu         ] GC(784) User=0.00s Sys=0.00s Real=0.01s
[303.267s][info][gc,start       ] GC(785) Pause Young (Allocation Failure)
[303.269s][info][gc,heap        ] GC(785) PSYoungGen: 282656K(307200K)->32K(306688K) Eden: 282624K(282624K)->0K(285696K) From: 32K(24576K)->32K(20992K)
[303.269s][info][gc,heap        ] GC(785) ParOldGen: 436856K(576512K)->436872K(576512K)
[303.269s][info][gc,metaspace   ] GC(785) Metaspace: 35213K(35904K)->35213K(35904K) NonClass: 28952K(29440K)->28952K(29440K) Class: 6261K(6464K)->6261K(6464K)
[303.269s][info][gc             ] GC(785) Pause Young (Allocation Failure) 702M->426M(862M) 2.488ms
[303.269s][info][gc,cpu         ] GC(785) User=0.00s Sys=0.00s Real=0.00s
[303.467s][info][gc,start       ] GC(786) Pause Young (Allocation Failure)
[303.469s][info][gc,heap        ] GC(786) PSYoungGen: 285728K(306688K)->32K(308224K) Eden: 285696K(285696K)->0K(285696K) From: 32K(20992K)->32K(22528K)
[303.469s][info][gc,heap        ] GC(786) ParOldGen: 436872K(576512K)->436880K(576512K)
[303.469s][info][gc,metaspace   ] GC(786) Metaspace: 35213K(35904K)->35213K(35904K) NonClass: 28952K(29440K)->28952K(29440K) Class: 6261K(6464K)->6261K(6464K)
[303.469s][info][gc             ] GC(786) Pause Young (Allocation Failure) 705M->426M(864M) 2.599ms
[303.469s][info][gc,cpu         ] GC(786) User=0.00s Sys=0.00s Real=0.00s
[303.672s][info][gc,start       ] GC(787) Pause Young (Allocation Failure)
[303.675s][info][gc,heap        ] GC(787) PSYoungGen: 285728K(308224K)->64K(308736K) Eden: 285696K(285696K)->0K(289792K) From: 32K(22528K)->64K(18944K)
[303.675s][info][gc,heap        ] GC(787) ParOldGen: 436880K(576512K)->436880K(576512K)
[303.675s][info][gc,metaspace   ] GC(787) Metaspace: 35213K(35904K)->35213K(35904K) NonClass: 28952K(29440K)->28952K(29440K) Class: 6261K(6464K)->6261K(6464K)
[303.675s][info][gc             ] GC(787) Pause Young (Allocation Failure) 705M->426M(864M) 2.288ms
[303.675s][info][gc,cpu         ] GC(787) User=0.00s Sys=0.00s Real=0.00s
[303.999s][info][gc,start       ] GC(788) Pause Young (Allocation Failure)
[304.001s][info][gc,heap        ] GC(788) PSYoungGen: 289856K(308736K)->64K(310272K) Eden: 289792K(289792K)->0K(289792K) From: 64K(18944K)->64K(20480K)
[304.001s][info][gc,heap        ] GC(788) ParOldGen: 436880K(576512K)->436880K(576512K)
[304.001s][info][gc,metaspace   ] GC(788) Metaspace: 35213K(35904K)->35213K(35904K) NonClass: 28952K(29440K)->28952K(29440K) Class: 6261K(6464K)->6261K(6464K)
[304.001s][info][gc             ] GC(788) Pause Young (Allocation Failure) 709M->426M(866M) 1.862ms
[304.001s][info][gc,cpu         ] GC(788) User=0.00s Sys=0.00s Real=0.00s
[304.056s][info][gc,start       ] GC(789) Pause Young (Allocation Failure)
[304.058s][info][gc,heap        ] GC(789) PSYoungGen: 289856K(310272K)->64K(310784K) Eden: 289792K(289792K)->0K(293888K) From: 64K(20480K)->64K(16896K)
[304.058s][info][gc,heap        ] GC(789) ParOldGen: 436880K(576512K)->436896K(576512K)
[304.058s][info][gc,metaspace   ] GC(789) Metaspace: 35213K(35904K)->35213K(35904K) NonClass: 28952K(29440K)->28952K(29440K) Class: 6261K(6464K)->6261K(6464K)
[304.058s][info][gc             ] GC(789) Pause Young (Allocation Failure) 709M->426M(866M) 2.194ms
[304.058s][info][gc,cpu         ] GC(789) User=0.00s Sys=0.00s Real=0.01s
[304.118s][info][gc,start       ] GC(790) Pause Young (Allocation Failure)
[304.119s][info][gc,heap        ] GC(790) PSYoungGen: 293952K(310784K)->64K(312320K) Eden: 293888K(293888K)->0K(293888K) From: 64K(16896K)->64K(18432K)
[304.119s][info][gc,heap        ] GC(790) ParOldGen: 436896K(576512K)->436896K(576512K)
[304.119s][info][gc,metaspace   ] GC(790) Metaspace: 35213K(35904K)->35213K(35904K) NonClass: 28952K(29440K)->28952K(29440K) Class: 6261K(6464K)->6261K(6464K)
[304.119s][info][gc             ] GC(790) Pause Young (Allocation Failure) 713M->426M(868M) 1.730ms
[304.119s][info][gc,cpu         ] GC(790) User=0.00s Sys=0.00s Real=0.00s
[304.343s][info][gc,start       ] GC(791) Pause Young (Allocation Failure)
[304.345s][info][gc,heap        ] GC(791) PSYoungGen: 293952K(312320K)->64K(312832K) Eden: 293888K(293888K)->0K(297984K) From: 64K(18432K)->64K(14848K)
[304.345s][info][gc,heap        ] GC(791) ParOldGen: 436896K(576512K)->436912K(576512K)
[304.345s][info][gc,metaspace   ] GC(791) Metaspace: 35213K(35904K)->35213K(35904K) NonClass: 28952K(29440K)->28952K(29440K) Class: 6261K(6464K)->6261K(6464K)
[304.345s][info][gc             ] GC(791) Pause Young (Allocation Failure) 713M->426M(868M) 1.648ms
[304.345s][info][gc,cpu         ] GC(791) User=0.01s Sys=0.00s Real=0.00s
[304.561s][info][gc,start       ] GC(792) Pause Young (Allocation Failure)
[304.562s][info][gc,heap        ] GC(792) PSYoungGen: 298048K(312832K)->64K(314368K) Eden: 297984K(297984K)->0K(297984K) From: 64K(14848K)->64K(16384K)
[304.563s][info][gc,heap        ] GC(792) ParOldGen: 436912K(576512K)->436912K(576512K)
[304.563s][info][gc,metaspace   ] GC(792) Metaspace: 35213K(35904K)->35213K(35904K) NonClass: 28952K(29440K)->28952K(29440K) Class: 6261K(6464K)->6261K(6464K)
[304.563s][info][gc             ] GC(792) Pause Young (Allocation Failure) 717M->426M(870M) 1.764ms
[304.563s][info][gc,cpu         ] GC(792) User=0.00s Sys=0.00s Real=0.00s
[304.656s][info][gc,start       ] GC(793) Pause Young (Allocation Failure)
[304.658s][info][gc,heap        ] GC(793) PSYoungGen: 298048K(314368K)->64K(314880K) Eden: 297984K(297984K)->0K(302080K) From: 64K(16384K)->64K(12800K)
[304.658s][info][gc,heap        ] GC(793) ParOldGen: 436912K(576512K)->436920K(576512K)
[304.658s][info][gc,metaspace   ] GC(793) Metaspace: 35213K(35904K)->35213K(35904K) NonClass: 28952K(29440K)->28952K(29440K) Class: 6261K(6464K)->6261K(6464K)
[304.658s][info][gc             ] GC(793) Pause Young (Allocation Failure) 717M->426M(870M) 1.821ms
[304.658s][info][gc,cpu         ] GC(793) User=0.01s Sys=0.00s Real=0.01s
[304.789s][info][gc,start       ] GC(794) Pause Young (Allocation Failure)
[304.791s][info][gc,heap        ] GC(794) PSYoungGen: 302144K(314880K)->64K(316416K) Eden: 302080K(302080K)->0K(302080K) From: 64K(12800K)->64K(14336K)
[304.791s][info][gc,heap        ] GC(794) ParOldGen: 436920K(576512K)->436928K(576512K)
[304.791s][info][gc,metaspace   ] GC(794) Metaspace: 35213K(35904K)->35213K(35904K) NonClass: 28952K(29440K)->28952K(29440K) Class: 6261K(6464K)->6261K(6464K)
[304.791s][info][gc             ] GC(794) Pause Young (Allocation Failure) 721M->426M(872M) 1.679ms
[304.791s][info][gc,cpu         ] GC(794) User=0.01s Sys=0.00s Real=0.00s
[305.153s][info][gc,start       ] GC(795) Pause Young (Allocation Failure)
[305.155s][info][gc,heap        ] GC(795) PSYoungGen: 302144K(316416K)->64K(317952K) Eden: 302080K(302080K)->0K(306176K) From: 64K(14336K)->64K(11776K)
[305.155s][info][gc,heap        ] GC(795) ParOldGen: 436928K(576512K)->436936K(576512K)
[305.155s][info][gc,metaspace   ] GC(795) Metaspace: 35213K(35904K)->35213K(35904K) NonClass: 28952K(29440K)->28952K(29440K) Class: 6261K(6464K)->6261K(6464K)
[305.155s][info][gc             ] GC(795) Pause Young (Allocation Failure) 721M->426M(873M) 1.739ms
[305.155s][info][gc,cpu         ] GC(795) User=0.00s Sys=0.00s Real=0.00s
[305.909s][info][gc,start       ] GC(796) Pause Young (Allocation Failure)
[305.911s][info][gc,heap        ] GC(796) PSYoungGen: 306240K(317952K)->64K(294400K) Eden: 306176K(306176K)->0K(293888K) From: 64K(11776K)->64K(512K)
[305.911s][info][gc,heap        ] GC(796) ParOldGen: 436936K(576512K)->436944K(576512K)
[305.911s][info][gc,metaspace   ] GC(796) Metaspace: 35213K(35904K)->35213K(35904K) NonClass: 28952K(29440K)->28952K(29440K) Class: 6261K(6464K)->6261K(6464K)
[305.911s][info][gc             ] GC(796) Pause Young (Allocation Failure) 725M->426M(850M) 2.480ms
[305.911s][info][gc,cpu         ] GC(796) User=0.00s Sys=0.00s Real=0.00s
[306.898s][info][gc,start       ] GC(797) Pause Young (Allocation Failure)
[306.900s][info][gc,heap        ] GC(797) PSYoungGen: 293952K(294400K)->64K(282624K) Eden: 293888K(293888K)->0K(282112K) From: 64K(512K)->64K(512K)
[306.900s][info][gc,heap        ] GC(797) ParOldGen: 436944K(576512K)->436952K(576512K)
[306.900s][info][gc,metaspace   ] GC(797) Metaspace: 35213K(35904K)->35213K(35904K) NonClass: 28952K(29440K)->28952K(29440K) Class: 6261K(6464K)->6261K(6464K)
[306.900s][info][gc             ] GC(797) Pause Young (Allocation Failure) 713M->426M(839M) 2.386ms
[306.900s][info][gc,cpu         ] GC(797) User=0.01s Sys=0.01s Real=0.00s
[307.311s][info][gc,start       ] GC(798) Pause Young (Allocation Failure)
[307.313s][info][gc,heap        ] GC(798) PSYoungGen: 282176K(282624K)->64K(282112K) Eden: 282112K(282112K)->0K(270848K) From: 64K(512K)->64K(11264K)
[307.313s][info][gc,heap        ] GC(798) ParOldGen: 436952K(576512K)->436960K(576512K)
[307.313s][info][gc,metaspace   ] GC(798) Metaspace: 35213K(35904K)->35213K(35904K) NonClass: 28952K(29440K)->28952K(29440K) Class: 6261K(6464K)->6261K(6464K)
[307.313s][info][gc             ] GC(798) Pause Young (Allocation Failure) 702M->426M(838M) 2.047ms
[307.313s][info][gc,cpu         ] GC(798) User=0.01s Sys=0.00s Real=0.00s
[308.362s][info][gc,start       ] GC(799) Pause Young (Allocation Failure)
[308.365s][info][gc,heap        ] GC(799) PSYoungGen: 270912K(282112K)->64K(260608K) Eden: 270848K(270848K)->0K(260096K) From: 64K(11264K)->64K(512K)
[308.365s][info][gc,heap        ] GC(799) ParOldGen: 436960K(576512K)->436968K(576512K)
[308.365s][info][gc,metaspace   ] GC(799) Metaspace: 35213K(35904K)->35213K(35904K) NonClass: 28952K(29440K)->28952K(29440K) Class: 6261K(6464K)->6261K(6464K)
[308.365s][info][gc             ] GC(799) Pause Young (Allocation Failure) 691M->426M(817M) 2.937ms
[308.365s][info][gc,cpu         ] GC(799) User=0.00s Sys=0.00s Real=0.00s
[308.592s][info][gc,start       ] GC(800) Pause Young (Allocation Failure)
[308.594s][info][gc,heap        ] GC(800) PSYoungGen: 260160K(260608K)->64K(259584K) Eden: 260096K(260096K)->0K(249856K) From: 64K(512K)->64K(9728K)
[308.594s][info][gc,heap        ] GC(800) ParOldGen: 436968K(576512K)->436976K(576512K)
[308.594s][info][gc,metaspace   ] GC(800) Metaspace: 35213K(35904K)->35213K(35904K) NonClass: 28952K(29440K)->28952K(29440K) Class: 6261K(6464K)->6261K(6464K)
[308.595s][info][gc             ] GC(800) Pause Young (Allocation Failure) 680M->426M(816M) 2.970ms
[308.595s][info][gc,cpu         ] GC(800) User=0.00s Sys=0.00s Real=0.00s
[308.982s][info][gc,start       ] GC(801) Pause Young (Allocation Failure)
[308.985s][info][gc,heap        ] GC(801) PSYoungGen: 249920K(259584K)->64K(240640K) Eden: 249856K(249856K)->0K(240128K) From: 64K(9728K)->64K(512K)
[308.985s][info][gc,heap        ] GC(801) ParOldGen: 436976K(576512K)->436984K(576512K)
[308.986s][info][gc,metaspace   ] GC(801) Metaspace: 35213K(35904K)->35213K(35904K) NonClass: 28952K(29440K)->28952K(29440K) Class: 6261K(6464K)->6261K(6464K)
[308.986s][info][gc             ] GC(801) Pause Young (Allocation Failure) 670M->426M(798M) 4.009ms
[308.986s][info][gc,cpu         ] GC(801) User=0.00s Sys=0.00s Real=0.00s
[309.044s][info][gc,start       ] GC(802) Pause Young (Allocation Failure)
[309.046s][info][gc,heap        ] GC(802) PSYoungGen: 240192K(240640K)->32K(283136K) Eden: 240128K(240128K)->0K(274944K) From: 64K(512K)->32K(8192K)
[309.046s][info][gc,heap        ] GC(802) ParOldGen: 436984K(576512K)->437000K(576512K)
[309.046s][info][gc,metaspace   ] GC(802) Metaspace: 35213K(35904K)->35213K(35904K) NonClass: 28952K(29440K)->28952K(29440K) Class: 6261K(6464K)->6261K(6464K)
[309.046s][info][gc             ] GC(802) Pause Young (Allocation Failure) 661M->426M(839M) 2.390ms
[309.046s][info][gc,cpu         ] GC(802) User=0.00s Sys=0.00s Real=0.00s
[309.568s][info][gc,start       ] GC(803) Pause Young (Allocation Failure)
[309.571s][info][gc,heap        ] GC(803) PSYoungGen: 274976K(283136K)->64K(296448K) Eden: 274944K(274944K)->0K(288768K) From: 32K(8192K)->64K(7680K)
[309.571s][info][gc,heap        ] GC(803) ParOldGen: 437000K(576512K)->437000K(576512K)
[309.571s][info][gc,metaspace   ] GC(803) Metaspace: 35213K(35904K)->35213K(35904K) NonClass: 28952K(29440K)->28952K(29440K) Class: 6261K(6464K)->6261K(6464K)
[309.571s][info][gc             ] GC(803) Pause Young (Allocation Failure) 695M->426M(852M) 2.932ms
[309.571s][info][gc,cpu         ] GC(803) User=0.00s Sys=0.00s Real=0.00s
[309.961s][info][gc,start       ] GC(804) Pause Young (Allocation Failure)
[309.963s][info][gc,heap        ] GC(804) PSYoungGen: 288832K(296448K)->64K(295936K) Eden: 288768K(288768K)->0K(288768K) From: 64K(7680K)->64K(7168K)
[309.963s][info][gc,heap        ] GC(804) ParOldGen: 437000K(576512K)->437008K(576512K)
[309.963s][info][gc,metaspace   ] GC(804) Metaspace: 35213K(35904K)->35213K(35904K) NonClass: 28952K(29440K)->28952K(29440K) Class: 6261K(6464K)->6261K(6464K)
[309.963s][info][gc             ] GC(804) Pause Young (Allocation Failure) 708M->426M(852M) 2.177ms
[309.963s][info][gc,cpu         ] GC(804) User=0.00s Sys=0.00s Real=0.00s
[310.382s][info][gc,start       ] GC(805) Pause Young (Allocation Failure)
[310.424s][info][gc,heap        ] GC(805) PSYoungGen: 288832K(295936K)->6656K(313856K) Eden: 288768K(288768K)->0K(307200K) From: 64K(7168K)->6656K(6656K)
[310.424s][info][gc,heap        ] GC(805) ParOldGen: 437008K(576512K)->450624K(576512K)
[310.424s][info][gc,metaspace   ] GC(805) Metaspace: 35213K(35904K)->35213K(35904K) NonClass: 28952K(29440K)->28952K(29440K) Class: 6261K(6464K)->6261K(6464K)
[310.424s][info][gc             ] GC(805) Pause Young (Allocation Failure) 708M->446M(869M) 41.273ms
[310.424s][info][gc,cpu         ] GC(805) User=0.07s Sys=0.01s Real=0.04s
[310.787s][info][gc,start       ] GC(806) Pause Young (Allocation Failure)
[310.852s][info][gc,heap        ] GC(806) PSYoungGen: 313856K(313856K)->13312K(320512K) Eden: 307200K(307200K)->0K(307200K) From: 6656K(6656K)->13312K(13312K)
[310.852s][info][gc,heap        ] GC(806) ParOldGen: 450624K(576512K)->470224K(576512K)
[310.852s][info][gc,metaspace   ] GC(806) Metaspace: 35213K(35904K)->35213K(35904K) NonClass: 28952K(29440K)->28952K(29440K) Class: 6261K(6464K)->6261K(6464K)
[310.852s][info][gc             ] GC(806) Pause Young (Allocation Failure) 746M->472M(876M) 65.231ms
[310.852s][info][gc,cpu         ] GC(806) User=0.12s Sys=0.01s Real=0.06s
[311.071s][info][gc,start       ] GC(807) Pause Young (Allocation Failure)
[311.107s][info][gc,heap        ] GC(807) PSYoungGen: 320512K(320512K)->13312K(294912K) Eden: 307200K(307200K)->0K(281600K) From: 13312K(13312K)->13312K(13312K)
[311.107s][info][gc,heap        ] GC(807) ParOldGen: 470224K(576512K)->473912K(576512K)
[311.107s][info][gc,metaspace   ] GC(807) Metaspace: 35213K(35904K)->35213K(35904K) NonClass: 28952K(29440K)->28952K(29440K) Class: 6261K(6464K)->6261K(6464K)
[311.107s][info][gc             ] GC(807) Pause Young (Allocation Failure) 772M->475M(851M) 36.342ms
[311.107s][info][gc,cpu         ] GC(807) User=0.06s Sys=0.00s Real=0.04s
[311.445s][info][gc,start       ] GC(808) Pause Young (Allocation Failure)
[311.448s][info][gc,heap        ] GC(808) PSYoungGen: 294912K(294912K)->64K(307712K) Eden: 281600K(281600K)->0K(281600K) From: 13312K(13312K)->64K(26112K)
[311.448s][info][gc,heap        ] GC(808) ParOldGen: 473912K(576512K)->474032K(576512K)
[311.448s][info][gc,metaspace   ] GC(808) Metaspace: 35213K(35904K)->35213K(35904K) NonClass: 28952K(29440K)->28952K(29440K) Class: 6261K(6464K)->6261K(6464K)
[311.448s][info][gc             ] GC(808) Pause Young (Allocation Failure) 750M->462M(863M) 2.629ms
[311.448s][info][gc,cpu         ] GC(808) User=0.00s Sys=0.00s Real=0.01s
[312.099s][info][gc,start       ] GC(809) Pause Young (Allocation Failure)
[312.101s][info][gc,heap        ] GC(809) PSYoungGen: 281664K(307712K)->64K(305664K) Eden: 281600K(281600K)->0K(282624K) From: 64K(26112K)->64K(23040K)
[312.101s][info][gc,heap        ] GC(809) ParOldGen: 474032K(576512K)->474040K(576512K)
[312.101s][info][gc,metaspace   ] GC(809) Metaspace: 35213K(35904K)->35213K(35904K) NonClass: 28952K(29440K)->28952K(29440K) Class: 6261K(6464K)->6261K(6464K)
[312.101s][info][gc             ] GC(809) Pause Young (Allocation Failure) 737M->462M(861M) 2.060ms
[312.101s][info][gc,cpu         ] GC(809) User=0.00s Sys=0.00s Real=0.00s
[312.576s][info][gc,start       ] GC(810) Pause Young (Allocation Failure)
[312.578s][info][gc,heap        ] GC(810) PSYoungGen: 282688K(305664K)->64K(307200K) Eden: 282624K(282624K)->0K(282624K) From: 64K(23040K)->64K(24576K)
[312.578s][info][gc,heap        ] GC(810) ParOldGen: 474040K(576512K)->474056K(576512K)
[312.578s][info][gc,metaspace   ] GC(810) Metaspace: 35213K(35904K)->35213K(35904K) NonClass: 28952K(29440K)->28952K(29440K) Class: 6261K(6464K)->6261K(6464K)
[312.578s][info][gc             ] GC(810) Pause Young (Allocation Failure) 738M->463M(863M) 1.779ms
[312.578s][info][gc,cpu         ] GC(810) User=0.00s Sys=0.01s Real=0.01s
[312.774s][info][gc,start       ] GC(811) Pause Young (Allocation Failure)
[312.776s][info][gc,heap        ] GC(811) PSYoungGen: 282688K(307200K)->64K(306688K) Eden: 282624K(282624K)->0K(285696K) From: 64K(24576K)->64K(20992K)
[312.776s][info][gc,heap        ] GC(811) ParOldGen: 474056K(576512K)->474072K(576512K)
[312.776s][info][gc,metaspace   ] GC(811) Metaspace: 35213K(35904K)->35213K(35904K) NonClass: 28952K(29440K)->28952K(29440K) Class: 6261K(6464K)->6261K(6464K)
[312.776s][info][gc             ] GC(811) Pause Young (Allocation Failure) 739M->463M(862M) 1.973ms
[312.776s][info][gc,cpu         ] GC(811) User=0.01s Sys=0.00s Real=0.00s
[312.973s][info][gc,start       ] GC(812) Pause Young (Allocation Failure)
[312.975s][info][gc,heap        ] GC(812) PSYoungGen: 285760K(306688K)->64K(308224K) Eden: 285696K(285696K)->0K(285696K) From: 64K(20992K)->64K(22528K)
[312.975s][info][gc,heap        ] GC(812) ParOldGen: 474072K(576512K)->474072K(576512K)
[312.975s][info][gc,metaspace   ] GC(812) Metaspace: 35213K(35904K)->35213K(35904K) NonClass: 28952K(29440K)->28952K(29440K) Class: 6261K(6464K)->6261K(6464K)
[312.975s][info][gc             ] GC(812) Pause Young (Allocation Failure) 742M->463M(864M) 1.783ms
[312.975s][info][gc,cpu         ] GC(812) User=0.00s Sys=0.00s Real=0.00s
[313.313s][info][gc,start       ] GC(813) Pause Young (Allocation Failure)
[313.315s][info][gc,heap        ] GC(813) PSYoungGen: 285760K(308224K)->64K(308736K) Eden: 285696K(285696K)->0K(289792K) From: 64K(22528K)->64K(18944K)
[313.315s][info][gc,heap        ] GC(813) ParOldGen: 474072K(576512K)->474072K(576512K)
[313.315s][info][gc,metaspace   ] GC(813) Metaspace: 35213K(35904K)->35213K(35904K) NonClass: 28952K(29440K)->28952K(29440K) Class: 6261K(6464K)->6261K(6464K)
[313.315s][info][gc             ] GC(813) Pause Young (Allocation Failure) 742M->463M(864M) 1.785ms
[313.315s][info][gc,cpu         ] GC(813) User=0.00s Sys=0.00s Real=0.00s
[313.470s][info][gc,start       ] GC(814) Pause Young (Allocation Failure)
[313.472s][info][gc,heap        ] GC(814) PSYoungGen: 289856K(308736K)->64K(310272K) Eden: 289792K(289792K)->0K(289792K) From: 64K(18944K)->64K(20480K)
[313.472s][info][gc,heap        ] GC(814) ParOldGen: 474072K(576512K)->474080K(576512K)
[313.472s][info][gc,metaspace   ] GC(814) Metaspace: 35213K(35904K)->35213K(35904K) NonClass: 28952K(29440K)->28952K(29440K) Class: 6261K(6464K)->6261K(6464K)
[313.472s][info][gc             ] GC(814) Pause Young (Allocation Failure) 746M->463M(866M) 1.843ms
[313.472s][info][gc,cpu         ] GC(814) User=0.01s Sys=0.00s Real=0.00s
[313.526s][info][gc,start       ] GC(815) Pause Young (Allocation Failure)
[313.528s][info][gc,heap        ] GC(815) PSYoungGen: 289856K(310272K)->64K(310784K) Eden: 289792K(289792K)->0K(293888K) From: 64K(20480K)->64K(16896K)
[313.528s][info][gc,heap        ] GC(815) ParOldGen: 474080K(576512K)->474096K(576512K)
[313.528s][info][gc,metaspace   ] GC(815) Metaspace: 35213K(35904K)->35213K(35904K) NonClass: 28952K(29440K)->28952K(29440K) Class: 6261K(6464K)->6261K(6464K)
[313.528s][info][gc             ] GC(815) Pause Young (Allocation Failure) 746M->463M(866M) 2.602ms
[313.528s][info][gc,cpu         ] GC(815) User=0.00s Sys=0.00s Real=0.01s
[313.635s][info][gc,start       ] GC(816) Pause Young (Allocation Failure)
[313.638s][info][gc,heap        ] GC(816) PSYoungGen: 293952K(310784K)->32K(312320K) Eden: 293888K(293888K)->0K(293888K) From: 64K(16896K)->32K(18432K)
[313.638s][info][gc,heap        ] GC(816) ParOldGen: 474096K(576512K)->474096K(576512K)
[313.638s][info][gc,metaspace   ] GC(816) Metaspace: 35213K(35904K)->35213K(35904K) NonClass: 28952K(29440K)->28952K(29440K) Class: 6261K(6464K)->6261K(6464K)
[313.638s][info][gc             ] GC(816) Pause Young (Allocation Failure) 750M->463M(868M) 3.146ms
[313.638s][info][gc,cpu         ] GC(816) User=0.00s Sys=0.00s Real=0.01s
[313.862s][info][gc,start       ] GC(817) Pause Young (Allocation Failure)
[313.863s][info][gc,heap        ] GC(817) PSYoungGen: 293920K(312320K)->64K(312832K) Eden: 293888K(293888K)->0K(297984K) From: 32K(18432K)->64K(14848K)
[313.863s][info][gc,heap        ] GC(817) ParOldGen: 474096K(576512K)->474112K(576512K)
[313.863s][info][gc,metaspace   ] GC(817) Metaspace: 35213K(35904K)->35213K(35904K) NonClass: 28952K(29440K)->28952K(29440K) Class: 6261K(6464K)->6261K(6464K)
[313.863s][info][gc             ] GC(817) Pause Young (Allocation Failure) 750M->463M(868M) 1.778ms
[313.863s][info][gc,cpu         ] GC(817) User=0.01s Sys=0.00s Real=0.00s
[314.056s][info][gc,start       ] GC(818) Pause Young (Allocation Failure)
[314.058s][info][gc,heap        ] GC(818) PSYoungGen: 298048K(312832K)->64K(314368K) Eden: 297984K(297984K)->0K(297984K) From: 64K(14848K)->64K(16384K)
[314.058s][info][gc,heap        ] GC(818) ParOldGen: 474112K(576512K)->474112K(576512K)
[314.058s][info][gc,metaspace   ] GC(818) Metaspace: 35213K(35904K)->35213K(35904K) NonClass: 28952K(29440K)->28952K(29440K) Class: 6261K(6464K)->6261K(6464K)
[314.058s][info][gc             ] GC(818) Pause Young (Allocation Failure) 754M->463M(870M) 1.904ms
[314.058s][info][gc,cpu         ] GC(818) User=0.00s Sys=0.00s Real=0.01s
[314.143s][info][gc,start       ] GC(819) Pause Young (Allocation Failure)
[314.144s][info][gc,heap        ] GC(819) PSYoungGen: 298048K(314368K)->64K(314880K) Eden: 297984K(297984K)->0K(302080K) From: 64K(16384K)->64K(12800K)
[314.144s][info][gc,heap        ] GC(819) ParOldGen: 474112K(576512K)->474128K(576512K)
[314.144s][info][gc,metaspace   ] GC(819) Metaspace: 35213K(35904K)->35213K(35904K) NonClass: 28952K(29440K)->28952K(29440K) Class: 6261K(6464K)->6261K(6464K)
[314.144s][info][gc             ] GC(819) Pause Young (Allocation Failure) 754M->463M(870M) 1.773ms
[314.144s][info][gc,cpu         ] GC(819) User=0.00s Sys=0.00s Real=0.00s
[314.285s][info][gc,start       ] GC(820) Pause Young (Allocation Failure)
[314.287s][info][gc,heap        ] GC(820) PSYoungGen: 302144K(314880K)->64K(316416K) Eden: 302080K(302080K)->0K(302080K) From: 64K(12800K)->64K(14336K)
[314.287s][info][gc,heap        ] GC(820) ParOldGen: 474128K(576512K)->474128K(576512K)
[314.287s][info][gc,metaspace   ] GC(820) Metaspace: 35213K(35904K)->35213K(35904K) NonClass: 28952K(29440K)->28952K(29440K) Class: 6261K(6464K)->6261K(6464K)
[314.287s][info][gc             ] GC(820) Pause Young (Allocation Failure) 758M->463M(872M) 1.853ms
[314.287s][info][gc,cpu         ] GC(820) User=0.00s Sys=0.00s Real=0.01s
[314.701s][info][gc,start       ] GC(821) Pause Young (Allocation Failure)
[314.703s][info][gc,heap        ] GC(821) PSYoungGen: 302144K(316416K)->64K(317952K) Eden: 302080K(302080K)->0K(306176K) From: 64K(14336K)->64K(11776K)
[314.703s][info][gc,heap        ] GC(821) ParOldGen: 474128K(576512K)->474136K(576512K)
[314.703s][info][gc,metaspace   ] GC(821) Metaspace: 35213K(35904K)->35213K(35904K) NonClass: 28952K(29440K)->28952K(29440K) Class: 6261K(6464K)->6261K(6464K)
[314.703s][info][gc             ] GC(821) Pause Young (Allocation Failure) 758M->463M(873M) 2.235ms
[314.703s][info][gc,cpu         ] GC(821) User=0.01s Sys=0.00s Real=0.00s
[315.650s][info][gc,start       ] GC(822) Pause Young (Allocation Failure)
[315.653s][info][gc,heap        ] GC(822) PSYoungGen: 306240K(317952K)->32K(318976K) Eden: 306176K(306176K)->0K(306176K) From: 64K(11776K)->32K(12800K)
[315.653s][info][gc,heap        ] GC(822) ParOldGen: 474136K(576512K)->474144K(576512K)
[315.653s][info][gc,metaspace   ] GC(822) Metaspace: 35213K(35904K)->35213K(35904K) NonClass: 28952K(29440K)->28952K(29440K) Class: 6261K(6464K)->6261K(6464K)
[315.653s][info][gc             ] GC(822) Pause Young (Allocation Failure) 762M->463M(874M) 2.625ms
[315.653s][info][gc,cpu         ] GC(822) User=0.00s Sys=0.00s Real=0.00s
[316.438s][info][gc,start       ] GC(823) Pause Young (Allocation Failure)
[316.442s][info][gc,heap        ] GC(823) PSYoungGen: 306208K(318976K)->64K(294400K) Eden: 306176K(306176K)->0K(293888K) From: 32K(12800K)->64K(512K)
[316.442s][info][gc,heap        ] GC(823) ParOldGen: 474144K(576512K)->474160K(576512K)
[316.442s][info][gc,metaspace   ] GC(823) Metaspace: 35213K(35904K)->35213K(35904K) NonClass: 28952K(29440K)->28952K(29440K) Class: 6261K(6464K)->6261K(6464K)
[316.442s][info][gc             ] GC(823) Pause Young (Allocation Failure) 762M->463M(850M) 4.050ms
[316.442s][info][gc,cpu         ] GC(823) User=0.00s Sys=0.00s Real=0.00s
[316.926s][info][gc,start       ] GC(824) Pause Young (Allocation Failure)
[316.929s][info][gc,heap        ] GC(824) PSYoungGen: 293952K(294400K)->64K(293376K) Eden: 293888K(293888K)->0K(282112K) From: 64K(512K)->64K(11264K)
[316.929s][info][gc,heap        ] GC(824) ParOldGen: 474160K(576512K)->474176K(576512K)
[316.929s][info][gc,metaspace   ] GC(824) Metaspace: 35213K(35904K)->35213K(35904K) NonClass: 28952K(29440K)->28952K(29440K) Class: 6261K(6464K)->6261K(6464K)
[316.929s][info][gc             ] GC(824) Pause Young (Allocation Failure) 750M->463M(849M) 3.239ms
[316.929s][info][gc,cpu         ] GC(824) User=0.00s Sys=0.00s Real=0.01s
[317.966s][info][gc,start       ] GC(825) Pause Young (Allocation Failure)
[317.971s][info][gc,heap        ] GC(825) PSYoungGen: 282176K(293376K)->32K(271360K) Eden: 282112K(282112K)->0K(270848K) From: 64K(11264K)->32K(512K)
[317.971s][info][gc,heap        ] GC(825) ParOldGen: 474176K(576512K)->474184K(576512K)
[317.971s][info][gc,metaspace   ] GC(825) Metaspace: 35213K(35904K)->35213K(35904K) NonClass: 28952K(29440K)->28952K(29440K) Class: 6261K(6464K)->6261K(6464K)
[317.971s][info][gc             ] GC(825) Pause Young (Allocation Failure) 738M->463M(828M) 4.998ms
[317.971s][info][gc,cpu         ] GC(825) User=0.01s Sys=0.00s Real=0.01s
[318.380s][info][gc,start       ] GC(826) Pause Young (Allocation Failure)
[318.384s][info][gc,heap        ] GC(826) PSYoungGen: 270880K(271360K)->64K(269824K) Eden: 270848K(270848K)->0K(260096K) From: 32K(512K)->64K(9728K)
[318.384s][info][gc,heap        ] GC(826) ParOldGen: 474184K(576512K)->474200K(576512K)
[318.384s][info][gc,metaspace   ] GC(826) Metaspace: 35213K(35904K)->35213K(35904K) NonClass: 28952K(29440K)->28952K(29440K) Class: 6261K(6464K)->6261K(6464K)
[318.384s][info][gc             ] GC(826) Pause Young (Allocation Failure) 727M->463M(826M) 4.577ms
[318.385s][info][gc,cpu         ] GC(826) User=0.01s Sys=0.00s Real=0.00s
[318.556s][info][gc,start       ] GC(827) Pause Young (Allocation Failure)
[318.559s][info][gc,heap        ] GC(827) PSYoungGen: 260160K(269824K)->32K(250368K) Eden: 260096K(260096K)->0K(249856K) From: 64K(9728K)->32K(512K)
[318.559s][info][gc,heap        ] GC(827) ParOldGen: 474200K(576512K)->474208K(576512K)
[318.559s][info][gc,metaspace   ] GC(827) Metaspace: 35213K(35904K)->35213K(35904K) NonClass: 28952K(29440K)->28952K(29440K) Class: 6261K(6464K)->6261K(6464K)
[318.560s][info][gc             ] GC(827) Pause Young (Allocation Failure) 717M->463M(807M) 3.655ms
[318.560s][info][gc,cpu         ] GC(827) User=0.00s Sys=0.01s Real=0.01s
[318.732s][info][gc,start       ] GC(828) Pause Young (Allocation Failure)
[318.734s][info][gc,heap        ] GC(828) PSYoungGen: 249888K(250368K)->32K(295424K) Eden: 249856K(249856K)->0K(287232K) From: 32K(512K)->32K(8192K)
[318.735s][info][gc,heap        ] GC(828) ParOldGen: 474208K(576512K)->474216K(576512K)
[318.735s][info][gc,metaspace   ] GC(828) Metaspace: 35213K(35904K)->35213K(35904K) NonClass: 28952K(29440K)->28952K(29440K) Class: 6261K(6464K)->6261K(6464K)
[318.735s][info][gc             ] GC(828) Pause Young (Allocation Failure) 707M->463M(851M) 2.766ms
[318.735s][info][gc,cpu         ] GC(828) User=0.00s Sys=0.00s Real=0.00s
[319.332s][info][gc,start       ] GC(829) Pause Young (Allocation Failure)
[319.335s][info][gc,heap        ] GC(829) PSYoungGen: 287264K(295424K)->64K(276480K) Eden: 287232K(287232K)->0K(275968K) From: 32K(8192K)->64K(512K)
[319.335s][info][gc,heap        ] GC(829) ParOldGen: 474216K(576512K)->474232K(576512K)
[319.335s][info][gc,metaspace   ] GC(829) Metaspace: 35213K(35904K)->35213K(35904K) NonClass: 28952K(29440K)->28952K(29440K) Class: 6261K(6464K)->6261K(6464K)
[319.335s][info][gc             ] GC(829) Pause Young (Allocation Failure) 743M->463M(833M) 3.451ms
[319.335s][info][gc,cpu         ] GC(829) User=0.00s Sys=0.00s Real=0.00s
[319.763s][info][gc,start       ] GC(830) Pause Young (Allocation Failure)
[319.773s][info][gc,heap        ] GC(830) PSYoungGen: 276032K(276480K)->4576K(301056K) Eden: 275968K(275968K)->0K(293888K) From: 64K(512K)->4576K(7168K)
[319.773s][info][gc,heap        ] GC(830) ParOldGen: 474232K(576512K)->474240K(576512K)
[319.773s][info][gc,metaspace   ] GC(830) Metaspace: 35213K(35904K)->35213K(35904K) NonClass: 28952K(29440K)->28952K(29440K) Class: 6261K(6464K)->6261K(6464K)
[319.773s][info][gc             ] GC(830) Pause Young (Allocation Failure) 732M->467M(857M) 10.599ms
[319.773s][info][gc,cpu         ] GC(830) User=0.01s Sys=0.00s Real=0.01s
[320.109s][info][gc,start       ] GC(831) Pause Young (Allocation Failure)
[320.167s][info][gc,heap        ] GC(831) PSYoungGen: 298464K(301056K)->8192K(305152K) Eden: 293888K(293888K)->0K(296960K) From: 4576K(7168K)->8192K(8192K)
[320.167s][info][gc,heap        ] GC(831) ParOldGen: 474240K(576512K)->497056K(576512K)
[320.167s][info][gc,metaspace   ] GC(831) Metaspace: 35213K(35904K)->35213K(35904K) NonClass: 28952K(29440K)->28952K(29440K) Class: 6261K(6464K)->6261K(6464K)
[320.167s][info][gc             ] GC(831) Pause Young (Allocation Failure) 754M->493M(861M) 57.771ms
[320.167s][info][gc,cpu         ] GC(831) User=0.11s Sys=0.00s Real=0.06s
[320.506s][info][gc,start       ] GC(832) Pause Young (Allocation Failure)
[320.571s][info][gc,heap        ] GC(832) PSYoungGen: 305152K(305152K)->18432K(315392K) Eden: 296960K(296960K)->0K(296960K) From: 8192K(8192K)->18432K(18432K)
[320.571s][info][gc,heap        ] GC(832) ParOldGen: 497056K(576512K)->510784K(576512K)
[320.571s][info][gc,metaspace   ] GC(832) Metaspace: 35213K(35904K)->35213K(35904K) NonClass: 28952K(29440K)->28952K(29440K) Class: 6261K(6464K)->6261K(6464K)
[320.571s][info][gc             ] GC(832) Pause Young (Allocation Failure) 783M->516M(871M) 65.294ms
[320.571s][info][gc,cpu         ] GC(832) User=0.13s Sys=0.01s Real=0.07s
[320.678s][info][gc,start       ] GC(833) Pause Young (Allocation Failure)
[320.688s][info][gc,heap        ] GC(833) PSYoungGen: 315392K(315392K)->2112K(300032K) Eden: 296960K(296960K)->0K(281600K) From: 18432K(18432K)->2112K(18432K)
[320.688s][info][gc,heap        ] GC(833) ParOldGen: 510784K(576512K)->511280K(576512K)
[320.688s][info][gc,metaspace   ] GC(833) Metaspace: 35213K(35904K)->35213K(35904K) NonClass: 28952K(29440K)->28952K(29440K) Class: 6261K(6464K)->6261K(6464K)
[320.688s][info][gc             ] GC(833) Pause Young (Allocation Failure) 806M->501M(856M) 9.944ms
[320.688s][info][gc,cpu         ] GC(833) User=0.02s Sys=0.00s Real=0.01s
[321.307s][info][gc,start       ] GC(834) Pause Young (Allocation Failure)
[321.309s][info][gc,heap        ] GC(834) PSYoungGen: 283712K(300032K)->64K(307712K) Eden: 281600K(281600K)->0K(281600K) From: 2112K(18432K)->64K(26112K)
[321.309s][info][gc,heap        ] GC(834) ParOldGen: 511280K(576512K)->511288K(576512K)
[321.309s][info][gc,metaspace   ] GC(834) Metaspace: 35213K(35904K)->35213K(35904K) NonClass: 28952K(29440K)->28952K(29440K) Class: 6261K(6464K)->6261K(6464K)
[321.309s][info][gc             ] GC(834) Pause Young (Allocation Failure) 776M->499M(863M) 1.902ms
[321.309s][info][gc,cpu         ] GC(834) User=0.00s Sys=0.00s Real=0.00s
[321.775s][info][gc,start       ] GC(835) Pause Young (Allocation Failure)
[321.777s][info][gc,heap        ] GC(835) PSYoungGen: 281664K(307712K)->64K(305664K) Eden: 281600K(281600K)->0K(282624K) From: 64K(26112K)->64K(23040K)
[321.777s][info][gc,heap        ] GC(835) ParOldGen: 511288K(576512K)->511296K(576512K)
[321.777s][info][gc,metaspace   ] GC(835) Metaspace: 35213K(35904K)->35213K(35904K) NonClass: 28952K(29440K)->28952K(29440K) Class: 6261K(6464K)->6261K(6464K)
[321.777s][info][gc             ] GC(835) Pause Young (Allocation Failure) 774M->499M(861M) 2.215ms
[321.777s][info][gc,cpu         ] GC(835) User=0.01s Sys=0.00s Real=0.01s
[322.218s][info][gc,start       ] GC(836) Pause Young (Allocation Failure)
[322.220s][info][gc,heap        ] GC(836) PSYoungGen: 282688K(305664K)->64K(307200K) Eden: 282624K(282624K)->0K(282624K) From: 64K(23040K)->64K(24576K)
[322.220s][info][gc,heap        ] GC(836) ParOldGen: 511296K(576512K)->511312K(576512K)
[322.220s][info][gc,metaspace   ] GC(836) Metaspace: 35213K(35904K)->35213K(35904K) NonClass: 28952K(29440K)->28952K(29440K) Class: 6261K(6464K)->6261K(6464K)
[322.220s][info][gc             ] GC(836) Pause Young (Allocation Failure) 775M->499M(863M) 1.958ms
[322.220s][info][gc,cpu         ] GC(836) User=0.01s Sys=0.00s Real=0.00s
[322.421s][info][gc,start       ] GC(837) Pause Young (Allocation Failure)
[322.423s][info][gc,heap        ] GC(837) PSYoungGen: 282688K(307200K)->64K(306688K) Eden: 282624K(282624K)->0K(285696K) From: 64K(24576K)->64K(20992K)
[322.423s][info][gc,heap        ] GC(837) ParOldGen: 511312K(576512K)->511328K(576512K)
[322.423s][info][gc,metaspace   ] GC(837) Metaspace: 35213K(35904K)->35213K(35904K) NonClass: 28952K(29440K)->28952K(29440K) Class: 6261K(6464K)->6261K(6464K)
[322.423s][info][gc             ] GC(837) Pause Young (Allocation Failure) 775M->499M(862M) 2.072ms
[322.423s][info][gc,cpu         ] GC(837) User=0.00s Sys=0.00s Real=0.00s
[322.628s][info][gc,start       ] GC(838) Pause Young (Allocation Failure)
[322.630s][info][gc,heap        ] GC(838) PSYoungGen: 285760K(306688K)->64K(308224K) Eden: 285696K(285696K)->0K(285696K) From: 64K(20992K)->64K(22528K)
[322.630s][info][gc,heap        ] GC(838) ParOldGen: 511328K(576512K)->511328K(576512K)
[322.630s][info][gc,metaspace   ] GC(838) Metaspace: 35213K(35904K)->35213K(35904K) NonClass: 28952K(29440K)->28952K(29440K) Class: 6261K(6464K)->6261K(6464K)
[322.630s][info][gc             ] GC(838) Pause Young (Allocation Failure) 778M->499M(864M) 1.869ms
[322.630s][info][gc,cpu         ] GC(838) User=0.01s Sys=0.00s Real=0.00s
[322.999s][info][gc,start       ] GC(839) Pause Young (Allocation Failure)
[323.001s][info][gc,heap        ] GC(839) PSYoungGen: 285760K(308224K)->64K(309248K) Eden: 285696K(285696K)->0K(290304K) From: 64K(22528K)->64K(18944K)
[323.001s][info][gc,heap        ] GC(839) ParOldGen: 511328K(576512K)->511328K(576512K)
[323.001s][info][gc,metaspace   ] GC(839) Metaspace: 35213K(35904K)->35213K(35904K) NonClass: 28952K(29440K)->28952K(29440K) Class: 6261K(6464K)->6261K(6464K)
[323.001s][info][gc             ] GC(839) Pause Young (Allocation Failure) 778M->499M(865M) 1.938ms
[323.001s][info][gc,cpu         ] GC(839) User=0.00s Sys=0.00s Real=0.00s
[323.057s][info][gc,start       ] GC(840) Pause Young (Allocation Failure)
[323.060s][info][gc,heap        ] GC(840) PSYoungGen: 290368K(309248K)->64K(310272K) Eden: 290304K(290304K)->0K(290304K) From: 64K(18944K)->64K(19968K)
[323.060s][info][gc,heap        ] GC(840) ParOldGen: 511328K(576512K)->511344K(576512K)
[323.060s][info][gc,metaspace   ] GC(840) Metaspace: 35213K(35904K)->35213K(35904K) NonClass: 28952K(29440K)->28952K(29440K) Class: 6261K(6464K)->6261K(6464K)
[323.060s][info][gc             ] GC(840) Pause Young (Allocation Failure) 782M->499M(866M) 3.437ms
[323.060s][info][gc,cpu         ] GC(840) User=0.01s Sys=0.00s Real=0.00s
[323.115s][info][gc,start       ] GC(841) Pause Young (Allocation Failure)
[323.118s][info][gc,heap        ] GC(841) PSYoungGen: 290368K(310272K)->32K(311808K) Eden: 290304K(290304K)->0K(294912K) From: 64K(19968K)->32K(16896K)
[323.119s][info][gc,heap        ] GC(841) ParOldGen: 511344K(576512K)->511352K(576512K)
[323.119s][info][gc,metaspace   ] GC(841) Metaspace: 35213K(35904K)->35213K(35904K) NonClass: 28952K(29440K)->28952K(29440K) Class: 6261K(6464K)->6261K(6464K)
[323.119s][info][gc             ] GC(841) Pause Young (Allocation Failure) 782M->499M(867M) 3.238ms
[323.119s][info][gc,cpu         ] GC(841) User=0.01s Sys=0.00s Real=0.01s
[323.290s][info][gc,start       ] GC(842) Pause Young (Allocation Failure)
[323.292s][info][gc,heap        ] GC(842) PSYoungGen: 294944K(311808K)->64K(312832K) Eden: 294912K(294912K)->0K(294912K) From: 32K(16896K)->64K(17920K)
[323.292s][info][gc,heap        ] GC(842) ParOldGen: 511352K(576512K)->511352K(576512K)
[323.292s][info][gc,metaspace   ] GC(842) Metaspace: 35213K(35904K)->35213K(35904K) NonClass: 28952K(29440K)->28952K(29440K) Class: 6261K(6464K)->6261K(6464K)
[323.292s][info][gc             ] GC(842) Pause Young (Allocation Failure) 787M->499M(868M) 1.859ms
[323.292s][info][gc,cpu         ] GC(842) User=0.00s Sys=0.00s Real=0.00s
[323.507s][info][gc,start       ] GC(843) Pause Young (Allocation Failure)
[323.509s][info][gc,heap        ] GC(843) PSYoungGen: 294976K(312832K)->64K(313856K) Eden: 294912K(294912K)->0K(299008K) From: 64K(17920K)->64K(14848K)
[323.509s][info][gc,heap        ] GC(843) ParOldGen: 511352K(576512K)->511360K(576512K)
[323.509s][info][gc,metaspace   ] GC(843) Metaspace: 35213K(35904K)->35213K(35904K) NonClass: 28952K(29440K)->28952K(29440K) Class: 6261K(6464K)->6261K(6464K)
[323.509s][info][gc             ] GC(843) Pause Young (Allocation Failure) 787M->499M(869M) 1.970ms
[323.509s][info][gc,cpu         ] GC(843) User=0.01s Sys=0.00s Real=0.00s
[323.642s][info][gc,start       ] GC(844) Pause Young (Allocation Failure)
[323.644s][info][gc,heap        ] GC(844) PSYoungGen: 299072K(313856K)->64K(314880K) Eden: 299008K(299008K)->0K(299008K) From: 64K(14848K)->64K(15872K)
[323.644s][info][gc,heap        ] GC(844) ParOldGen: 511360K(576512K)->511368K(576512K)
[323.644s][info][gc,metaspace   ] GC(844) Metaspace: 35213K(35904K)->35213K(35904K) NonClass: 28952K(29440K)->28952K(29440K) Class: 6261K(6464K)->6261K(6464K)
[323.644s][info][gc             ] GC(844) Pause Young (Allocation Failure) 791M->499M(870M) 2.103ms
[323.645s][info][gc,cpu         ] GC(844) User=0.00s Sys=0.00s Real=0.00s
[323.734s][info][gc,start       ] GC(845) Pause Young (Allocation Failure)
[323.736s][info][gc,heap        ] GC(845) PSYoungGen: 299072K(314880K)->64K(316928K) Eden: 299008K(299008K)->0K(303104K) From: 64K(15872K)->64K(13824K)
[323.736s][info][gc,heap        ] GC(845) ParOldGen: 511368K(576512K)->511376K(576512K)
[323.736s][info][gc,metaspace   ] GC(845) Metaspace: 35213K(35904K)->35213K(35904K) NonClass: 28952K(29440K)->28952K(29440K) Class: 6261K(6464K)->6261K(6464K)
[323.736s][info][gc             ] GC(845) Pause Young (Allocation Failure) 791M->499M(872M) 1.893ms
[323.736s][info][gc,cpu         ] GC(845) User=0.00s Sys=0.00s Real=0.00s
[323.913s][info][gc,start       ] GC(846) Pause Young (Allocation Failure)
[323.915s][info][gc,heap        ] GC(846) PSYoungGen: 303168K(316928K)->64K(317440K) Eden: 303104K(303104K)->0K(303104K) From: 64K(13824K)->64K(14336K)
[323.915s][info][gc,heap        ] GC(846) ParOldGen: 511376K(576512K)->511384K(576512K)
[323.915s][info][gc,metaspace   ] GC(846) Metaspace: 35213K(35904K)->35213K(35904K) NonClass: 28952K(29440K)->28952K(29440K) Class: 6261K(6464K)->6261K(6464K)
[323.915s][info][gc             ] GC(846) Pause Young (Allocation Failure) 795M->499M(873M) 1.887ms
[323.915s][info][gc,cpu         ] GC(846) User=0.00s Sys=0.00s Real=0.00s
[324.895s][info][gc,start       ] GC(847) Pause Young (Allocation Failure)
[324.896s][info][gc,heap        ] GC(847) PSYoungGen: 303168K(317440K)->64K(317952K) Eden: 303104K(303104K)->0K(306176K) From: 64K(14336K)->64K(11776K)
[324.896s][info][gc,heap        ] GC(847) ParOldGen: 511384K(576512K)->511392K(576512K)
[324.896s][info][gc,metaspace   ] GC(847) Metaspace: 35213K(35904K)->35213K(35904K) NonClass: 28952K(29440K)->28952K(29440K) Class: 6261K(6464K)->6261K(6464K)
[324.897s][info][gc             ] GC(847) Pause Young (Allocation Failure) 795M->499M(873M) 1.874ms
[324.897s][info][gc,cpu         ] GC(847) User=0.00s Sys=0.00s Real=0.00s
[325.826s][info][gc,start       ] GC(848) Pause Young (Allocation Failure)
[325.827s][info][gc,heap        ] GC(848) PSYoungGen: 306240K(317952K)->64K(318464K) Eden: 306176K(306176K)->0K(306176K) From: 64K(11776K)->64K(12288K)
[325.828s][info][gc,heap        ] GC(848) ParOldGen: 511392K(576512K)->511400K(576512K)
[325.828s][info][gc,metaspace   ] GC(848) Metaspace: 35213K(35904K)->35213K(35904K) NonClass: 28952K(29440K)->28952K(29440K) Class: 6261K(6464K)->6261K(6464K)
[325.828s][info][gc             ] GC(848) Pause Young (Allocation Failure) 798M->499M(874M) 1.855ms
[325.828s][info][gc,cpu         ] GC(848) User=0.00s Sys=0.00s Real=0.01s
[326.208s][info][gc,start       ] GC(849) Pause Young (Allocation Failure)
[326.211s][info][gc,heap        ] GC(849) PSYoungGen: 306240K(318464K)->64K(294400K) Eden: 306176K(306176K)->0K(293888K) From: 64K(12288K)->64K(512K)
[326.211s][info][gc,heap        ] GC(849) ParOldGen: 511400K(576512K)->511408K(576512K)
[326.211s][info][gc,metaspace   ] GC(849) Metaspace: 35213K(35904K)->35213K(35904K) NonClass: 28952K(29440K)->28952K(29440K) Class: 6261K(6464K)->6261K(6464K)
[326.211s][info][gc             ] GC(849) Pause Young (Allocation Failure) 798M->499M(850M) 2.183ms
[326.211s][info][gc,cpu         ] GC(849) User=0.00s Sys=0.00s Real=0.00s
[326.674s][info][gc,start       ] GC(850) Pause Young (Allocation Failure)
[326.676s][info][gc,heap        ] GC(850) PSYoungGen: 293952K(294400K)->64K(292864K) Eden: 293888K(293888K)->0K(282112K) From: 64K(512K)->64K(10752K)
[326.676s][info][gc,heap        ] GC(850) ParOldGen: 511408K(576512K)->511416K(576512K)
[326.676s][info][gc,metaspace   ] GC(850) Metaspace: 35213K(35904K)->35213K(35904K) NonClass: 28952K(29440K)->28952K(29440K) Class: 6261K(6464K)->6261K(6464K)
[326.676s][info][gc             ] GC(850) Pause Young (Allocation Failure) 786M->499M(849M) 1.960ms
[326.676s][info][gc,cpu         ] GC(850) User=0.01s Sys=0.00s Real=0.00s
[327.634s][info][gc,start       ] GC(851) Pause Young (Allocation Failure)
[327.636s][info][gc,heap        ] GC(851) PSYoungGen: 282176K(292864K)->64K(271360K) Eden: 282112K(282112K)->0K(270848K) From: 64K(10752K)->64K(512K)
[327.636s][info][gc,heap        ] GC(851) ParOldGen: 511416K(576512K)->511424K(576512K)
[327.636s][info][gc,metaspace   ] GC(851) Metaspace: 35213K(35904K)->35213K(35904K) NonClass: 28952K(29440K)->28952K(29440K) Class: 6261K(6464K)->6261K(6464K)
[327.636s][info][gc             ] GC(851) Pause Young (Allocation Failure) 774M->499M(828M) 2.336ms
[327.636s][info][gc,cpu         ] GC(851) User=0.00s Sys=0.00s Real=0.00s
[328.043s][info][gc,start       ] GC(852) Pause Young (Allocation Failure)
[328.045s][info][gc,heap        ] GC(852) PSYoungGen: 270912K(271360K)->64K(269312K) Eden: 270848K(270848K)->0K(260096K) From: 64K(512K)->64K(9216K)
[328.045s][info][gc,heap        ] GC(852) ParOldGen: 511424K(576512K)->511432K(576512K)
[328.045s][info][gc,metaspace   ] GC(852) Metaspace: 35213K(35904K)->35213K(35904K) NonClass: 28952K(29440K)->28952K(29440K) Class: 6261K(6464K)->6261K(6464K)
[328.045s][info][gc             ] GC(852) Pause Young (Allocation Failure) 764M->499M(826M) 1.900ms
[328.045s][info][gc,cpu         ] GC(852) User=0.00s Sys=0.00s Real=0.00s
[328.111s][info][gc,start       ] GC(853) Pause Young (Allocation Failure)
[328.113s][info][gc,heap        ] GC(853) PSYoungGen: 260160K(269312K)->64K(304128K) Eden: 260096K(260096K)->0K(295424K) From: 64K(9216K)->64K(8704K)
[328.113s][info][gc,heap        ] GC(853) ParOldGen: 511432K(576512K)->511440K(576512K)
[328.113s][info][gc,metaspace   ] GC(853) Metaspace: 35213K(35904K)->35213K(35904K) NonClass: 28952K(29440K)->28952K(29440K) Class: 6261K(6464K)->6261K(6464K)
[328.113s][info][gc             ] GC(853) Pause Young (Allocation Failure) 753M->499M(860M) 2.056ms
[328.113s][info][gc,cpu         ] GC(853) User=0.01s Sys=0.00s Real=0.00s
[328.744s][info][gc,start       ] GC(854) Pause Young (Allocation Failure)
[328.749s][info][gc,heap        ] GC(854) PSYoungGen: 295488K(304128K)->64K(284160K) Eden: 295424K(295424K)->0K(283648K) From: 64K(8704K)->64K(512K)
[328.749s][info][gc,heap        ] GC(854) ParOldGen: 511440K(576512K)->511456K(576512K)
[328.749s][info][gc,metaspace   ] GC(854) Metaspace: 35213K(35904K)->35213K(35904K) NonClass: 28952K(29440K)->28952K(29440K) Class: 6261K(6464K)->6261K(6464K)
[328.749s][info][gc             ] GC(854) Pause Young (Allocation Failure) 788M->499M(840M) 4.200ms
[328.749s][info][gc,cpu         ] GC(854) User=0.00s Sys=0.00s Real=0.01s
[329.120s][info][gc,start       ] GC(855) Pause Young (Allocation Failure)
[329.124s][info][gc,heap        ] GC(855) PSYoungGen: 283712K(284160K)->32K(272896K) Eden: 283648K(283648K)->0K(272384K) From: 64K(512K)->32K(512K)
[329.124s][info][gc,heap        ] GC(855) ParOldGen: 511456K(576512K)->511464K(576512K)
[329.124s][info][gc,metaspace   ] GC(855) Metaspace: 35227K(35968K)->35227K(35968K) NonClass: 28966K(29504K)->28966K(29504K) Class: 6261K(6464K)->6261K(6464K)
[329.124s][info][gc             ] GC(855) Pause Young (Allocation Failure) 776M->499M(829M) 3.685ms
[329.124s][info][gc,cpu         ] GC(855) User=0.00s Sys=0.00s Real=0.00s
[329.505s][info][gc,start       ] GC(856) Pause Young (Allocation Failure)
[329.550s][info][gc,heap        ] GC(856) PSYoungGen: 272416K(272896K)->7168K(289792K) Eden: 272384K(272384K)->0K(282624K) From: 32K(512K)->7168K(7168K)
[329.550s][info][gc,heap        ] GC(856) ParOldGen: 511464K(576512K)->526768K(576512K)
[329.550s][info][gc,metaspace   ] GC(856) Metaspace: 35227K(35968K)->35227K(35968K) NonClass: 28966K(29504K)->28966K(29504K) Class: 6261K(6464K)->6261K(6464K)
[329.550s][info][gc             ] GC(856) Pause Young (Allocation Failure) 765M->521M(846M) 44.721ms
[329.550s][info][gc,cpu         ] GC(856) User=0.08s Sys=0.00s Real=0.05s
[329.882s][info][gc,start       ] GC(857) Pause Young (Allocation Failure)
[329.946s][info][gc,heap        ] GC(857) PSYoungGen: 289792K(289792K)->14336K(301056K) Eden: 282624K(282624K)->0K(286720K) From: 7168K(7168K)->14336K(14336K)
[329.946s][info][gc,heap        ] GC(857) ParOldGen: 526768K(576512K)->542808K(576512K)
[329.946s][info][gc,metaspace   ] GC(857) Metaspace: 35227K(35968K)->35227K(35968K) NonClass: 28966K(29504K)->28966K(29504K) Class: 6261K(6464K)->6261K(6464K)
[329.946s][info][gc             ] GC(857) Pause Young (Allocation Failure) 797M->544M(857M) 64.056ms
[329.946s][info][gc,cpu         ] GC(857) User=0.11s Sys=0.01s Real=0.06s
[330.157s][info][gc,start       ] GC(858) Pause Young (Allocation Failure)
[330.193s][info][gc,heap        ] GC(858) PSYoungGen: 301056K(301056K)->16704K(303616K) Eden: 286720K(286720K)->0K(286720K) From: 14336K(14336K)->16704K(16896K)
[330.193s][info][gc,heap        ] GC(858) ParOldGen: 542808K(576512K)->543400K(576512K)
[330.193s][info][gc,metaspace   ] GC(858) Metaspace: 35227K(35968K)->35227K(35968K) NonClass: 28966K(29504K)->28966K(29504K) Class: 6261K(6464K)->6261K(6464K)
[330.194s][info][gc             ] GC(858) Pause Young (Allocation Failure) 824M->546M(859M) 36.879ms
[330.194s][info][gc,cpu         ] GC(858) User=0.06s Sys=0.01s Real=0.03s
[330.500s][info][gc,start       ] GC(859) Pause Young (Allocation Failure)
[330.501s][info][gc,heap        ] GC(859) PSYoungGen: 303424K(303616K)->64K(308736K) Eden: 286720K(286720K)->0K(283136K) From: 16704K(16896K)->64K(25600K)
[330.501s][info][gc,heap        ] GC(859) ParOldGen: 543400K(576512K)->543408K(576512K)
[330.501s][info][gc,metaspace   ] GC(859) Metaspace: 35227K(35968K)->35227K(35968K) NonClass: 28966K(29504K)->28966K(29504K) Class: 6261K(6464K)->6261K(6464K)
[330.502s][info][gc             ] GC(859) Pause Young (Allocation Failure) 826M->530M(864M) 2.011ms
[330.502s][info][gc,cpu         ] GC(859) User=0.00s Sys=0.00s Real=0.00s
[331.198s][info][gc,start       ] GC(860) Pause Young (Allocation Failure)
[331.200s][info][gc,heap        ] GC(860) PSYoungGen: 283200K(308736K)->64K(283648K) Eden: 283136K(283136K)->0K(283136K) From: 64K(25600K)->64K(512K)
[331.200s][info][gc,heap        ] GC(860) ParOldGen: 543408K(576512K)->543416K(576512K)
[331.200s][info][gc,metaspace   ] GC(860) Metaspace: 35227K(35968K)->35227K(35968K) NonClass: 28966K(29504K)->28966K(29504K) Class: 6261K(6464K)->6261K(6464K)
[331.201s][info][gc             ] GC(860) Pause Young (Allocation Failure) 807M->530M(840M) 2.185ms
[331.201s][info][gc,cpu         ] GC(860) User=0.01s Sys=0.00s Real=0.00s
[331.478s][info][gc,start       ] GC(861) Pause Young (Allocation Failure)
[331.481s][info][gc,heap        ] GC(861) PSYoungGen: 283200K(283648K)->32K(307712K) Eden: 283136K(283136K)->0K(283648K) From: 64K(512K)->32K(24064K)
[331.481s][info][gc,heap        ] GC(861) ParOldGen: 543416K(576512K)->543424K(576512K)
[331.481s][info][gc,metaspace   ] GC(861) Metaspace: 35227K(35968K)->35227K(35968K) NonClass: 28966K(29504K)->28966K(29504K) Class: 6261K(6464K)->6261K(6464K)
[331.481s][info][gc             ] GC(861) Pause Young (Allocation Failure) 807M->530M(863M) 2.827ms
[331.481s][info][gc,cpu         ] GC(861) User=0.01s Sys=0.00s Real=0.00s
[331.888s][info][gc,start       ] GC(862) Pause Young (Allocation Failure)
[331.890s][info][gc,heap        ] GC(862) PSYoungGen: 283680K(307712K)->64K(307200K) Eden: 283648K(283648K)->0K(283648K) From: 32K(24064K)->64K(23552K)
[331.890s][info][gc,heap        ] GC(862) ParOldGen: 543424K(576512K)->543432K(576512K)
[331.890s][info][gc,metaspace   ] GC(862) Metaspace: 35227K(35968K)->35227K(35968K) NonClass: 28966K(29504K)->28966K(29504K) Class: 6261K(6464K)->6261K(6464K)
[331.890s][info][gc             ] GC(862) Pause Young (Allocation Failure) 807M->530M(863M) 2.009ms
[331.890s][info][gc,cpu         ] GC(862) User=0.01s Sys=0.00s Real=0.00s
[332.096s][info][gc,start       ] GC(863) Pause Young (Allocation Failure)
[332.098s][info][gc,heap        ] GC(863) PSYoungGen: 283712K(307200K)->64K(309248K) Eden: 283648K(283648K)->0K(287232K) From: 64K(23552K)->64K(22016K)
[332.098s][info][gc,heap        ] GC(863) ParOldGen: 543432K(576512K)->543448K(576512K)
[332.098s][info][gc,metaspace   ] GC(863) Metaspace: 35227K(35968K)->35227K(35968K) NonClass: 28966K(29504K)->28966K(29504K) Class: 6261K(6464K)->6261K(6464K)
[332.098s][info][gc             ] GC(863) Pause Young (Allocation Failure) 807M->530M(865M) 2.067ms
[332.099s][info][gc,cpu         ] GC(863) User=0.01s Sys=0.00s Real=0.01s
[332.429s][info][gc,start       ] GC(864) Pause Young (Allocation Failure)
[332.431s][info][gc,heap        ] GC(864) PSYoungGen: 287296K(309248K)->64K(308736K) Eden: 287232K(287232K)->0K(287232K) From: 64K(22016K)->64K(21504K)
[332.431s][info][gc,heap        ] GC(864) ParOldGen: 543448K(576512K)->543448K(576512K)
[332.431s][info][gc,metaspace   ] GC(864) Metaspace: 35227K(35968K)->35227K(35968K) NonClass: 28966K(29504K)->28966K(29504K) Class: 6261K(6464K)->6261K(6464K)
[332.431s][info][gc             ] GC(864) Pause Young (Allocation Failure) 811M->530M(864M) 1.898ms
[332.431s][info][gc,cpu         ] GC(864) User=0.01s Sys=0.00s Real=0.00s
[332.601s][info][gc,start       ] GC(865) Pause Young (Allocation Failure)
[332.603s][info][gc,heap        ] GC(865) PSYoungGen: 287296K(308736K)->64K(311296K) Eden: 287232K(287232K)->0K(291328K) From: 64K(21504K)->64K(19968K)
[332.603s][info][gc,heap        ] GC(865) ParOldGen: 543448K(576512K)->543456K(576512K)
[332.603s][info][gc,metaspace   ] GC(865) Metaspace: 35227K(35968K)->35227K(35968K) NonClass: 28966K(29504K)->28966K(29504K) Class: 6261K(6464K)->6261K(6464K)
[332.603s][info][gc             ] GC(865) Pause Young (Allocation Failure) 811M->530M(867M) 1.895ms
[332.603s][info][gc,cpu         ] GC(865) User=0.00s Sys=0.00s Real=0.00s
[332.657s][info][gc,start       ] GC(866) Pause Young (Allocation Failure)
[332.659s][info][gc,heap        ] GC(866) PSYoungGen: 291392K(311296K)->64K(310784K) Eden: 291328K(291328K)->0K(291328K) From: 64K(19968K)->64K(19456K)
[332.659s][info][gc,heap        ] GC(866) ParOldGen: 543456K(576512K)->543472K(576512K)
[332.659s][info][gc,metaspace   ] GC(866) Metaspace: 35227K(35968K)->35227K(35968K) NonClass: 28966K(29504K)->28966K(29504K) Class: 6261K(6464K)->6261K(6464K)
[332.659s][info][gc             ] GC(866) Pause Young (Allocation Failure) 815M->530M(866M) 1.947ms
[332.659s][info][gc,cpu         ] GC(866) User=0.01s Sys=0.00s Real=0.00s
[332.747s][info][gc,start       ] GC(867) Pause Young (Allocation Failure)
[332.749s][info][gc,heap        ] GC(867) PSYoungGen: 291392K(310784K)->64K(313344K) Eden: 291328K(291328K)->0K(295424K) From: 64K(19456K)->64K(17920K)
[332.749s][info][gc,heap        ] GC(867) ParOldGen: 543472K(576512K)->543472K(576512K)
[332.749s][info][gc,metaspace   ] GC(867) Metaspace: 35227K(35968K)->35227K(35968K) NonClass: 28966K(29504K)->28966K(29504K) Class: 6261K(6464K)->6261K(6464K)
[332.749s][info][gc             ] GC(867) Pause Young (Allocation Failure) 815M->530M(869M) 1.995ms
[332.749s][info][gc,cpu         ] GC(867) User=0.01s Sys=0.00s Real=0.00s
[332.969s][info][gc,start       ] GC(868) Pause Young (Allocation Failure)
[332.971s][info][gc,heap        ] GC(868) PSYoungGen: 295488K(313344K)->64K(312832K) Eden: 295424K(295424K)->0K(295424K) From: 64K(17920K)->64K(17408K)
[332.971s][info][gc,heap        ] GC(868) ParOldGen: 543472K(576512K)->543488K(576512K)
[332.971s][info][gc,metaspace   ] GC(868) Metaspace: 35227K(35968K)->35227K(35968K) NonClass: 28966K(29504K)->28966K(29504K) Class: 6261K(6464K)->6261K(6464K)
[332.971s][info][gc             ] GC(868) Pause Young (Allocation Failure) 819M->530M(868M) 2.031ms
[332.971s][info][gc,cpu         ] GC(868) User=0.00s Sys=0.00s Real=0.00s
[333.168s][info][gc,start       ] GC(869) Pause Young (Allocation Failure)
[333.170s][info][gc,heap        ] GC(869) PSYoungGen: 295488K(312832K)->64K(315392K) Eden: 295424K(295424K)->0K(299520K) From: 64K(17408K)->64K(15872K)
[333.170s][info][gc,heap        ] GC(869) ParOldGen: 543488K(576512K)->543488K(576512K)
[333.170s][info][gc,metaspace   ] GC(869) Metaspace: 35227K(35968K)->35227K(35968K) NonClass: 28966K(29504K)->28966K(29504K) Class: 6261K(6464K)->6261K(6464K)
[333.170s][info][gc             ] GC(869) Pause Young (Allocation Failure) 819M->530M(871M) 2.016ms
[333.170s][info][gc,cpu         ] GC(869) User=0.00s Sys=0.00s Real=0.00s
[333.252s][info][gc,start       ] GC(870) Pause Young (Allocation Failure)
[333.254s][info][gc,heap        ] GC(870) PSYoungGen: 299584K(315392K)->32K(314880K) Eden: 299520K(299520K)->0K(299520K) From: 64K(15872K)->32K(15360K)
[333.254s][info][gc,heap        ] GC(870) ParOldGen: 543488K(576512K)->543496K(576512K)
[333.254s][info][gc,metaspace   ] GC(870) Metaspace: 35227K(35968K)->35227K(35968K) NonClass: 28966K(29504K)->28966K(29504K) Class: 6261K(6464K)->6261K(6464K)
[333.254s][info][gc             ] GC(870) Pause Young (Allocation Failure) 823M->530M(870M) 2.680ms
[333.254s][info][gc,cpu         ] GC(870) User=0.01s Sys=0.00s Real=0.00s
[333.387s][info][gc,start       ] GC(871) Pause Young (Allocation Failure)
[333.390s][info][gc,heap        ] GC(871) PSYoungGen: 299552K(314880K)->64K(317440K) Eden: 299520K(299520K)->0K(303616K) From: 32K(15360K)->64K(13824K)
[333.390s][info][gc,heap        ] GC(871) ParOldGen: 543496K(576512K)->543496K(576512K)
[333.390s][info][gc,metaspace   ] GC(871) Metaspace: 35227K(35968K)->35227K(35968K) NonClass: 28966K(29504K)->28966K(29504K) Class: 6261K(6464K)->6261K(6464K)
[333.390s][info][gc             ] GC(871) Pause Young (Allocation Failure) 823M->530M(873M) 2.910ms
[333.390s][info][gc,cpu         ] GC(871) User=0.00s Sys=0.00s Real=0.00s
[333.785s][info][gc,start       ] GC(872) Pause Young (Allocation Failure)
[333.787s][info][gc,heap        ] GC(872) PSYoungGen: 303680K(317440K)->64K(316928K) Eden: 303616K(303616K)->0K(303616K) From: 64K(13824K)->64K(13312K)
[333.787s][info][gc,heap        ] GC(872) ParOldGen: 543496K(576512K)->543504K(576512K)
[333.787s][info][gc,metaspace   ] GC(872) Metaspace: 35227K(35968K)->35227K(35968K) NonClass: 28966K(29504K)->28966K(29504K) Class: 6261K(6464K)->6261K(6464K)
[333.787s][info][gc             ] GC(872) Pause Young (Allocation Failure) 827M->530M(872M) 2.110ms
[333.787s][info][gc,cpu         ] GC(872) User=0.00s Sys=0.00s Real=0.01s
[334.487s][info][gc,start       ] GC(873) Pause Young (Allocation Failure)
[334.490s][info][gc,heap        ] GC(873) PSYoungGen: 303680K(316928K)->83K(319488K) Eden: 303616K(303616K)->0K(307712K) From: 64K(13312K)->83K(11776K)
[334.490s][info][gc,heap        ] GC(873) ParOldGen: 543504K(576512K)->543512K(576512K)
[334.490s][info][gc,metaspace   ] GC(873) Metaspace: 35227K(35968K)->35227K(35968K) NonClass: 28966K(29504K)->28966K(29504K) Class: 6261K(6464K)->6261K(6464K)
[334.490s][info][gc             ] GC(873) Pause Young (Allocation Failure) 827M->530M(875M) 2.892ms
[334.490s][info][gc,cpu         ] GC(873) User=0.00s Sys=0.00s Real=0.00s
[335.508s][info][gc,start       ] GC(874) Pause Young (Allocation Failure)
[335.510s][info][gc,heap        ] GC(874) PSYoungGen: 307795K(319488K)->64K(319488K) Eden: 307712K(307712K)->0K(307712K) From: 83K(11776K)->64K(11776K)
[335.510s][info][gc,heap        ] GC(874) ParOldGen: 543512K(576512K)->543520K(576512K)
[335.510s][info][gc,metaspace   ] GC(874) Metaspace: 35227K(35968K)->35227K(35968K) NonClass: 28966K(29504K)->28966K(29504K) Class: 6261K(6464K)->6261K(6464K)
[335.511s][info][gc             ] GC(874) Pause Young (Allocation Failure) 831M->530M(875M) 2.872ms
[335.511s][info][gc,cpu         ] GC(874) User=0.00s Sys=0.00s Real=0.00s
[335.996s][info][gc,start       ] GC(875) Pause Young (Allocation Failure)
[336.000s][info][gc,heap        ] GC(875) PSYoungGen: 307776K(319488K)->32K(295936K) Eden: 307712K(307712K)->0K(295424K) From: 64K(11776K)->32K(512K)
[336.000s][info][gc,heap        ] GC(875) ParOldGen: 543520K(576512K)->543528K(576512K)
[336.000s][info][gc,metaspace   ] GC(875) Metaspace: 35227K(35968K)->35227K(35968K) NonClass: 28966K(29504K)->28966K(29504K) Class: 6261K(6464K)->6261K(6464K)
[336.000s][info][gc             ] GC(875) Pause Young (Allocation Failure) 831M->530M(852M) 4.011ms
[336.000s][info][gc,cpu         ] GC(875) User=0.01s Sys=0.00s Real=0.01s
[337.040s][info][gc,start       ] GC(876) Pause Young (Allocation Failure)
[337.042s][info][gc,heap        ] GC(876) PSYoungGen: 295456K(295936K)->64K(293888K) Eden: 295424K(295424K)->0K(283648K) From: 32K(512K)->64K(10240K)
[337.042s][info][gc,heap        ] GC(876) ParOldGen: 543528K(576512K)->543536K(576512K)
[337.042s][info][gc,metaspace   ] GC(876) Metaspace: 35227K(35968K)->35227K(35968K) NonClass: 28966K(29504K)->28966K(29504K) Class: 6261K(6464K)->6261K(6464K)
[337.042s][info][gc             ] GC(876) Pause Young (Allocation Failure) 819M->530M(850M) 2.375ms
[337.043s][info][gc,cpu         ] GC(876) User=0.01s Sys=0.00s Real=0.00s
[337.454s][info][gc,start       ] GC(877) Pause Young (Allocation Failure)
[337.457s][info][gc,heap        ] GC(877) PSYoungGen: 283712K(293888K)->64K(272896K) Eden: 283648K(283648K)->0K(272384K) From: 64K(10240K)->64K(512K)
[337.457s][info][gc,heap        ] GC(877) ParOldGen: 543536K(576512K)->543544K(576512K)
[337.457s][info][gc,metaspace   ] GC(877) Metaspace: 35227K(35968K)->35227K(35968K) NonClass: 28966K(29504K)->28966K(29504K) Class: 6261K(6464K)->6261K(6464K)
[337.457s][info][gc             ] GC(877) Pause Young (Allocation Failure) 807M->530M(829M) 3.660ms
[337.457s][info][gc,cpu         ] GC(877) User=0.00s Sys=0.00s Real=0.01s
[337.622s][info][gc,start       ] GC(878) Pause Young (Allocation Failure)
[337.625s][info][gc,heap        ] GC(878) PSYoungGen: 272448K(272896K)->32K(303616K) Eden: 272384K(272384K)->0K(294912K) From: 64K(512K)->32K(8704K)
[337.625s][info][gc,heap        ] GC(878) ParOldGen: 543544K(576512K)->543552K(576512K)
[337.625s][info][gc,metaspace   ] GC(878) Metaspace: 35227K(35968K)->35227K(35968K) NonClass: 28966K(29504K)->28966K(29504K) Class: 6261K(6464K)->6261K(6464K)
[337.626s][info][gc             ] GC(878) Pause Young (Allocation Failure) 796M->530M(859M) 3.305ms
[337.626s][info][gc,cpu         ] GC(878) User=0.01s Sys=0.00s Real=0.00s
[338.004s][info][gc,start       ] GC(879) Pause Young (Allocation Failure)
[338.005s][info][gc,heap        ] GC(879) PSYoungGen: 294944K(303616K)->64K(283648K) Eden: 294912K(294912K)->0K(283136K) From: 32K(8704K)->64K(512K)
[338.005s][info][gc,heap        ] GC(879) ParOldGen: 543552K(576512K)->543560K(576512K)
[338.006s][info][gc,metaspace   ] GC(879) Metaspace: 35227K(35968K)->35227K(35968K) NonClass: 28966K(29504K)->28966K(29504K) Class: 6261K(6464K)->6261K(6464K)
[338.006s][info][gc             ] GC(879) Pause Young (Allocation Failure) 818M->530M(840M) 1.991ms
[338.006s][info][gc,cpu         ] GC(879) User=0.01s Sys=0.00s Real=0.00s
[338.444s][info][gc,start       ] GC(880) Pause Young (Allocation Failure)
[338.447s][info][gc,heap        ] GC(880) PSYoungGen: 283200K(283648K)->32K(279552K) Eden: 283136K(283136K)->0K(271872K) From: 64K(512K)->32K(7680K)
[338.447s][info][gc,heap        ] GC(880) ParOldGen: 543560K(576512K)->543568K(576512K)
[338.447s][info][gc,metaspace   ] GC(880) Metaspace: 35227K(35968K)->35227K(35968K) NonClass: 28966K(29504K)->28966K(29504K) Class: 6261K(6464K)->6261K(6464K)
[338.447s][info][gc             ] GC(880) Pause Young (Allocation Failure) 807M->530M(836M) 3.297ms
[338.447s][info][gc,cpu         ] GC(880) User=0.01s Sys=0.00s Real=0.01s
[338.892s][info][gc,start       ] GC(881) Pause Young (Allocation Failure)
[338.917s][info][gc,heap        ] GC(881) PSYoungGen: 271904K(279552K)->7168K(315392K) Eden: 271872K(271872K)->0K(308224K) From: 32K(7680K)->7168K(7168K)
[338.917s][info][gc,heap        ] GC(881) ParOldGen: 543568K(576512K)->548056K(576512K)
[338.917s][info][gc,metaspace   ] GC(881) Metaspace: 35227K(35968K)->35227K(35968K) NonClass: 28966K(29504K)->28966K(29504K) Class: 6261K(6464K)->6261K(6464K)
[338.917s][info][gc             ] GC(881) Pause Young (Allocation Failure) 796M->542M(871M) 24.470ms
[338.917s][info][gc,cpu         ] GC(881) User=0.04s Sys=0.01s Real=0.03s
[339.268s][info][gc,start       ] GC(882) Pause Young (Allocation Failure)
[339.330s][info][gc,heap        ] GC(882) PSYoungGen: 315392K(315392K)->10752K(318976K) Eden: 308224K(308224K)->0K(308224K) From: 7168K(7168K)->10752K(10752K)
[339.331s][info][gc,heap        ] GC(882) ParOldGen: 548056K(576512K)->569992K(576512K)
[339.331s][info][gc,metaspace   ] GC(882) Metaspace: 35227K(35968K)->35227K(35968K) NonClass: 28966K(29504K)->28966K(29504K) Class: 6261K(6464K)->6261K(6464K)
[339.331s][info][gc             ] GC(882) Pause Young (Allocation Failure) 843M->567M(874M) 62.941ms
[339.331s][info][gc,cpu         ] GC(882) User=0.12s Sys=0.00s Real=0.06s
[339.617s][info][gc,start       ] GC(883) Pause Young (Allocation Failure)
[339.671s][info][gc,heap        ] GC(883) PSYoungGen: 318976K(318976K)->14848K(294400K) Eden: 308224K(308224K)->0K(279552K) From: 10752K(10752K)->14848K(14848K)
[339.671s][info][gc,heap        ] GC(883) ParOldGen: 569992K(576512K)->580744K(581120K)
[339.671s][info][gc,metaspace   ] GC(883) Metaspace: 35227K(35968K)->35227K(35968K) NonClass: 28966K(29504K)->28966K(29504K) Class: 6261K(6464K)->6261K(6464K)
[339.671s][info][gc             ] GC(883) Pause Young (Allocation Failure) 868M->581M(855M) 54.283ms
[339.671s][info][gc,cpu         ] GC(883) User=0.10s Sys=0.01s Real=0.05s
[339.828s][info][gc,start       ] GC(884) Pause Young (Allocation Failure)
[339.833s][info][gc,heap        ] GC(884) PSYoungGen: 294400K(294400K)->64K(306688K) Eden: 279552K(279552K)->0K(279552K) From: 14848K(14848K)->64K(27136K)
[339.833s][info][gc,heap        ] GC(884) ParOldGen: 580744K(581120K)->581128K(581632K)
[339.833s][info][gc,metaspace   ] GC(884) Metaspace: 35227K(35968K)->35227K(35968K) NonClass: 28966K(29504K)->28966K(29504K) Class: 6261K(6464K)->6261K(6464K)
[339.833s][info][gc             ] GC(884) Pause Young (Allocation Failure) 854M->567M(867M) 5.044ms
[339.833s][info][gc,cpu         ] GC(884) User=0.01s Sys=0.00s Real=0.00s
[340.589s][info][gc,start       ] GC(885) Pause Young (Allocation Failure)
[340.592s][info][gc,heap        ] GC(885) PSYoungGen: 279616K(306688K)->32K(304128K) Eden: 279552K(279552K)->0K(280064K) From: 64K(27136K)->32K(24064K)
[340.592s][info][gc,heap        ] GC(885) ParOldGen: 581128K(581632K)->581136K(581632K)
[340.592s][info][gc,metaspace   ] GC(885) Metaspace: 35227K(35968K)->35227K(35968K) NonClass: 28966K(29504K)->28966K(29504K) Class: 6261K(6464K)->6261K(6464K)
[340.592s][info][gc             ] GC(885) Pause Young (Allocation Failure) 840M->567M(865M) 3.216ms
[340.592s][info][gc,cpu         ] GC(885) User=0.00s Sys=0.00s Real=0.00s
[341.006s][info][gc,start       ] GC(886) Pause Young (Allocation Failure)
[341.009s][info][gc,heap        ] GC(886) PSYoungGen: 280096K(304128K)->160K(305664K) Eden: 280064K(280064K)->0K(280064K) From: 32K(24064K)->160K(25600K)
[341.009s][info][gc,heap        ] GC(886) ParOldGen: 581136K(581632K)->581136K(581632K)
[341.009s][info][gc,metaspace   ] GC(886) Metaspace: 35348K(36032K)->35348K(36032K) NonClass: 29075K(29568K)->29075K(29568K) Class: 6272K(6464K)->6272K(6464K)
[341.009s][info][gc             ] GC(886) Pause Young (Allocation Failure) 841M->567M(866M) 2.793ms
[341.009s][info][gc,cpu         ] GC(886) User=0.01s Sys=0.00s Real=0.01s
[341.452s][info][gc,start       ] GC(887) Pause Young (Allocation Failure)
[341.455s][info][gc,heap        ] GC(887) PSYoungGen: 280224K(305664K)->64K(305664K) Eden: 280064K(280064K)->0K(283648K) From: 160K(25600K)->64K(22016K)
[341.455s][info][gc,heap        ] GC(887) ParOldGen: 581136K(581632K)->581240K(581632K)
[341.455s][info][gc,metaspace   ] GC(887) Metaspace: 35348K(36032K)->35348K(36032K) NonClass: 29075K(29568K)->29075K(29568K) Class: 6272K(6464K)->6272K(6464K)
[341.455s][info][gc             ] GC(887) Pause Young (Allocation Failure) 841M->567M(866M) 2.325ms
[341.455s][info][gc,cpu         ] GC(887) User=0.00s Sys=0.00s Real=0.00s
[341.654s][info][gc,start       ] GC(888) Pause Young (Allocation Failure)
[341.656s][info][gc,heap        ] GC(888) PSYoungGen: 283712K(305664K)->64K(307200K) Eden: 283648K(283648K)->0K(283648K) From: 64K(22016K)->64K(23552K)
[341.656s][info][gc,heap        ] GC(888) ParOldGen: 581240K(581632K)->581256K(581632K)
[341.656s][info][gc,metaspace   ] GC(888) Metaspace: 35348K(36032K)->35348K(36032K) NonClass: 29075K(29568K)->29075K(29568K) Class: 6272K(6464K)->6272K(6464K)
[341.656s][info][gc             ] GC(888) Pause Young (Allocation Failure) 844M->567M(868M) 2.042ms
[341.656s][info][gc,cpu         ] GC(888) User=0.00s Sys=0.00s Real=0.00s
[341.856s][info][gc,start       ] GC(889) Pause Young (Allocation Failure)
[341.858s][info][gc,heap        ] GC(889) PSYoungGen: 283712K(307200K)->64K(306688K) Eden: 283648K(283648K)->0K(287744K) From: 64K(23552K)->64K(18944K)
[341.858s][info][gc,heap        ] GC(889) ParOldGen: 581256K(581632K)->581256K(581632K)
[341.858s][info][gc,metaspace   ] GC(889) Metaspace: 35348K(36032K)->35348K(36032K) NonClass: 29075K(29568K)->29075K(29568K) Class: 6272K(6464K)->6272K(6464K)
[341.858s][info][gc             ] GC(889) Pause Young (Allocation Failure) 844M->567M(867M) 2.115ms
[341.858s][info][gc,cpu         ] GC(889) User=0.01s Sys=0.00s Real=0.01s
[342.204s][info][gc,start       ] GC(890) Pause Young (Allocation Failure)
[342.206s][info][gc,heap        ] GC(890) PSYoungGen: 287808K(306688K)->64K(308736K) Eden: 287744K(287744K)->0K(287744K) From: 64K(18944K)->64K(20992K)
[342.206s][info][gc,heap        ] GC(890) ParOldGen: 581256K(581632K)->581256K(581632K)
[342.206s][info][gc,metaspace   ] GC(890) Metaspace: 35348K(36032K)->35348K(36032K) NonClass: 29075K(29568K)->29075K(29568K) Class: 6272K(6464K)->6272K(6464K)
[342.206s][info][gc             ] GC(890) Pause Young (Allocation Failure) 848M->567M(869M) 2.109ms
[342.206s][info][gc,cpu         ] GC(890) User=0.00s Sys=0.00s Real=0.00s
[342.261s][info][gc,start       ] GC(891) Pause Young (Allocation Failure)
[342.263s][info][gc,heap        ] GC(891) PSYoungGen: 287808K(308736K)->64K(309760K) Eden: 287744K(287744K)->0K(292864K) From: 64K(20992K)->64K(16896K)
[342.263s][info][gc,heap        ] GC(891) ParOldGen: 581256K(581632K)->581272K(581632K)
[342.263s][info][gc,metaspace   ] GC(891) Metaspace: 35348K(36032K)->35348K(36032K) NonClass: 29075K(29568K)->29075K(29568K) Class: 6272K(6464K)->6272K(6464K)
[342.263s][info][gc             ] GC(891) Pause Young (Allocation Failure) 848M->567M(870M) 2.065ms
[342.263s][info][gc,cpu         ] GC(891) User=0.00s Sys=0.00s Real=0.00s
[342.317s][info][gc,start       ] GC(892) Pause Young (Allocation Failure)
[342.319s][info][gc,heap        ] GC(892) PSYoungGen: 292928K(309760K)->64K(311808K) Eden: 292864K(292864K)->0K(292864K) From: 64K(16896K)->64K(18944K)
[342.319s][info][gc,heap        ] GC(892) ParOldGen: 581272K(581632K)->581272K(581632K)
[342.319s][info][gc,metaspace   ] GC(892) Metaspace: 35348K(36032K)->35348K(36032K) NonClass: 29075K(29568K)->29075K(29568K) Class: 6272K(6464K)->6272K(6464K)
[342.319s][info][gc             ] GC(892) Pause Young (Allocation Failure) 853M->567M(872M) 2.002ms
[342.319s][info][gc,cpu         ] GC(892) User=0.01s Sys=0.00s Real=0.00s
[342.517s][info][gc,start       ] GC(893) Pause Young (Allocation Failure)
[342.519s][info][gc,heap        ] GC(893) PSYoungGen: 292928K(311808K)->64K(311808K) Eden: 292864K(292864K)->0K(296960K) From: 64K(18944K)->64K(14848K)
[342.519s][info][gc,heap        ] GC(893) ParOldGen: 581272K(581632K)->581272K(581632K)
[342.519s][info][gc,metaspace   ] GC(893) Metaspace: 35348K(36032K)->35348K(36032K) NonClass: 29075K(29568K)->29075K(29568K) Class: 6272K(6464K)->6272K(6464K)
[342.520s][info][gc             ] GC(893) Pause Young (Allocation Failure) 853M->567M(872M) 2.172ms
[342.520s][info][gc,cpu         ] GC(893) User=0.01s Sys=0.01s Real=0.00s
[342.734s][info][gc,start       ] GC(894) Pause Young (Allocation Failure)
[342.736s][info][gc,heap        ] GC(894) PSYoungGen: 297024K(311808K)->64K(313856K) Eden: 296960K(296960K)->0K(296960K) From: 64K(14848K)->64K(16896K)
[342.736s][info][gc,heap        ] GC(894) ParOldGen: 581272K(581632K)->581280K(581632K)
[342.736s][info][gc,metaspace   ] GC(894) Metaspace: 35348K(36032K)->35348K(36032K) NonClass: 29075K(29568K)->29075K(29568K) Class: 6272K(6464K)->6272K(6464K)
[342.736s][info][gc             ] GC(894) Pause Young (Allocation Failure) 857M->567M(874M) 2.074ms
[342.736s][info][gc,cpu         ] GC(894) User=0.00s Sys=0.00s Real=0.00s
[342.856s][info][gc,start       ] GC(895) Pause Young (Allocation Failure)
[342.859s][info][gc,heap        ] GC(895) PSYoungGen: 297024K(313856K)->32K(313856K) Eden: 296960K(296960K)->0K(301056K) From: 64K(16896K)->32K(12800K)
[342.859s][info][gc,heap        ] GC(895) ParOldGen: 581280K(581632K)->581288K(581632K)
[342.859s][info][gc,metaspace   ] GC(895) Metaspace: 35348K(36032K)->35348K(36032K) NonClass: 29075K(29568K)->29075K(29568K) Class: 6272K(6464K)->6272K(6464K)
[342.859s][info][gc             ] GC(895) Pause Young (Allocation Failure) 857M->567M(874M) 2.872ms
[342.859s][info][gc,cpu         ] GC(895) User=0.01s Sys=0.00s Real=0.01s
[342.967s][info][gc,start       ] GC(896) Pause Young (Allocation Failure)
[342.969s][info][gc,heap        ] GC(896) PSYoungGen: 301088K(313856K)->64K(315904K) Eden: 301056K(301056K)->0K(301056K) From: 32K(12800K)->64K(14848K)
[342.969s][info][gc,heap        ] GC(896) ParOldGen: 581288K(581632K)->581304K(581632K)
[342.969s][info][gc,metaspace   ] GC(896) Metaspace: 35348K(36032K)->35348K(36032K) NonClass: 29075K(29568K)->29075K(29568K) Class: 6272K(6464K)->6272K(6464K)
[342.969s][info][gc             ] GC(896) Pause Young (Allocation Failure) 861M->567M(876M) 2.364ms
[342.969s][info][gc,cpu         ] GC(896) User=0.01s Sys=0.00s Real=0.00s
[343.189s][info][gc,start       ] GC(897) Pause Young (Allocation Failure)
[343.192s][info][gc,heap        ] GC(897) PSYoungGen: 301120K(315904K)->64K(316928K) Eden: 301056K(301056K)->0K(305152K) From: 64K(14848K)->64K(11776K)
[343.192s][info][gc,heap        ] GC(897) ParOldGen: 581304K(581632K)->581320K(581632K)
[343.192s][info][gc,metaspace   ] GC(897) Metaspace: 35348K(36032K)->35348K(36032K) NonClass: 29075K(29568K)->29075K(29568K) Class: 6272K(6464K)->6272K(6464K)
[343.192s][info][gc             ] GC(897) Pause Young (Allocation Failure) 861M->567M(877M) 2.657ms
[343.192s][info][gc,cpu         ] GC(897) User=0.00s Sys=0.00s Real=0.00s
[344.130s][info][gc,start       ] GC(898) Pause Young (Allocation Failure)
[344.132s][info][gc,heap        ] GC(898) PSYoungGen: 305216K(316928K)->32K(318464K) Eden: 305152K(305152K)->0K(305152K) From: 64K(11776K)->32K(13312K)
[344.133s][info][gc,heap        ] GC(898) ParOldGen: 581320K(581632K)->581328K(581632K)
[344.133s][info][gc,metaspace   ] GC(898) Metaspace: 35348K(36032K)->35348K(36032K) NonClass: 29075K(29568K)->29075K(29568K) Class: 6272K(6464K)->6272K(6464K)
[344.133s][info][gc             ] GC(898) Pause Young (Allocation Failure) 865M->567M(879M) 2.893ms
[344.133s][info][gc,cpu         ] GC(898) User=0.01s Sys=0.00s Real=0.00s
[345.087s][info][gc,start       ] GC(899) Pause Young (Allocation Failure)
[345.090s][info][gc,heap        ] GC(899) PSYoungGen: 305184K(318464K)->32K(317952K) Eden: 305152K(305152K)->0K(308224K) From: 32K(13312K)->32K(9728K)
[345.090s][info][gc,heap        ] GC(899) ParOldGen: 581328K(581632K)->581344K(581632K)
[345.090s][info][gc,metaspace   ] GC(899) Metaspace: 35348K(36032K)->35348K(36032K) NonClass: 29075K(29568K)->29075K(29568K) Class: 6272K(6464K)->6272K(6464K)
[345.090s][info][gc             ] GC(899) Pause Young (Allocation Failure) 865M->567M(878M) 2.898ms
[345.090s][info][gc,cpu         ] GC(899) User=0.00s Sys=0.00s Real=0.00s
[345.522s][info][gc,start       ] GC(900) Pause Young (Allocation Failure)
[345.525s][info][gc,heap        ] GC(900) PSYoungGen: 308256K(317952K)->32K(296448K) Eden: 308224K(308224K)->0K(295936K) From: 32K(9728K)->32K(512K)
[345.525s][info][gc,heap        ] GC(900) ParOldGen: 581344K(581632K)->581360K(581632K)
[345.525s][info][gc,metaspace   ] GC(900) Metaspace: 35348K(36032K)->35348K(36032K) NonClass: 29075K(29568K)->29075K(29568K) Class: 6272K(6464K)->6272K(6464K)
[345.525s][info][gc             ] GC(900) Pause Young (Allocation Failure) 868M->567M(857M) 3.393ms
[345.525s][info][gc,cpu         ] GC(900) User=0.01s Sys=0.00s Real=0.00s
[346.639s][info][gc,start       ] GC(901) Pause Young (Allocation Failure)
[346.642s][info][gc,heap        ] GC(901) PSYoungGen: 295968K(296448K)->64K(284672K) Eden: 295936K(295936K)->0K(284160K) From: 32K(512K)->64K(512K)
[346.642s][info][gc,heap        ] GC(901) ParOldGen: 581360K(581632K)->581368K(581632K)
[346.642s][info][gc,metaspace   ] GC(901) Metaspace: 35348K(36032K)->35348K(36032K) NonClass: 29075K(29568K)->29075K(29568K) Class: 6272K(6464K)->6272K(6464K)
[346.642s][info][gc             ] GC(901) Pause Young (Allocation Failure) 856M->567M(846M) 3.548ms
[346.643s][info][gc,cpu         ] GC(901) User=0.00s Sys=0.00s Real=0.00s
[347.027s][info][gc,start       ] GC(902) Pause Young (Allocation Failure)
[347.029s][info][gc,heap        ] GC(902) PSYoungGen: 284224K(284672K)->64K(282624K) Eden: 284160K(284160K)->0K(272896K) From: 64K(512K)->64K(9728K)
[347.030s][info][gc,heap        ] GC(902) ParOldGen: 581368K(581632K)->581376K(581632K)
[347.030s][info][gc,metaspace   ] GC(902) Metaspace: 35348K(36032K)->35348K(36032K) NonClass: 29075K(29568K)->29075K(29568K) Class: 6272K(6464K)->6272K(6464K)
[347.030s][info][gc             ] GC(902) Pause Young (Allocation Failure) 845M->567M(844M) 2.334ms
[347.030s][info][gc,cpu         ] GC(902) User=0.01s Sys=0.00s Real=0.00s
[347.328s][info][gc,start       ] GC(903) Pause Young (Allocation Failure)
[347.332s][info][gc,heap        ] GC(903) PSYoungGen: 272960K(282624K)->64K(262656K) Eden: 272896K(272896K)->0K(262144K) From: 64K(9728K)->64K(512K)
[347.332s][info][gc,heap        ] GC(903) ParOldGen: 581376K(581632K)->581384K(581632K)
[347.332s][info][gc,metaspace   ] GC(903) Metaspace: 35348K(36032K)->35348K(36032K) NonClass: 29075K(29568K)->29075K(29568K) Class: 6272K(6464K)->6272K(6464K)
[347.332s][info][gc             ] GC(903) Pause Young (Allocation Failure) 834M->567M(824M) 4.049ms
[347.332s][info][gc,cpu         ] GC(903) User=0.01s Sys=0.00s Real=0.00s
[347.429s][info][gc,start       ] GC(904) Pause Young (Allocation Failure)
[347.433s][info][gc,heap        ] GC(904) PSYoungGen: 262208K(262656K)->64K(293888K) Eden: 262144K(262144K)->0K(285184K) From: 64K(512K)->64K(8704K)
[347.433s][info][gc,heap        ] GC(904) ParOldGen: 581384K(581632K)->581392K(581632K)
[347.433s][info][gc,metaspace   ] GC(904) Metaspace: 35348K(36032K)->35348K(36032K) NonClass: 29075K(29568K)->29075K(29568K) Class: 6272K(6464K)->6272K(6464K)
[347.433s][info][gc             ] GC(904) Pause Young (Allocation Failure) 823M->567M(855M) 3.331ms
[347.433s][info][gc,cpu         ] GC(904) User=0.00s Sys=0.00s Real=0.00s
[348.111s][info][gc,start       ] GC(905) Pause Young (Allocation Failure)
[348.114s][info][gc,heap        ] GC(905) PSYoungGen: 285248K(293888K)->64K(323584K) Eden: 285184K(285184K)->0K(315392K) From: 64K(8704K)->64K(8192K)
[348.114s][info][gc,heap        ] GC(905) ParOldGen: 581392K(581632K)->581400K(581632K)
[348.114s][info][gc,metaspace   ] GC(905) Metaspace: 35348K(36032K)->35348K(36032K) NonClass: 29075K(29568K)->29075K(29568K) Class: 6272K(6464K)->6272K(6464K)
[348.114s][info][gc             ] GC(905) Pause Young (Allocation Failure) 846M->567M(884M) 2.608ms
[348.114s][info][gc,cpu         ] GC(905) User=0.00s Sys=0.00s Real=0.00s
[348.549s][info][gc,start       ] GC(906) Pause Young (Allocation Failure)
[348.556s][info][gc,heap        ] GC(906) PSYoungGen: 315456K(323584K)->2080K(323072K) Eden: 315392K(315392K)->0K(315392K) From: 64K(8192K)->2080K(7680K)
[348.556s][info][gc,heap        ] GC(906) ParOldGen: 581400K(581632K)->581408K(581632K)
[348.556s][info][gc,metaspace   ] GC(906) Metaspace: 35348K(36032K)->35348K(36032K) NonClass: 29075K(29568K)->29075K(29568K) Class: 6272K(6464K)->6272K(6464K)
[348.556s][info][gc             ] GC(906) Pause Young (Allocation Failure) 875M->569M(883M) 7.428ms
[348.556s][info][gc,cpu         ] GC(906) User=0.01s Sys=0.00s Real=0.00s
[348.941s][info][gc,start       ] GC(907) Pause Young (Allocation Failure)
[349.021s][info][gc,heap        ] GC(907) PSYoungGen: 317472K(323072K)->7168K(304128K) Eden: 315392K(315392K)->0K(296960K) From: 2080K(7680K)->7168K(7168K)
[349.021s][info][gc,heap        ] GC(907) ParOldGen: 581408K(581632K)->607528K(607744K)
[349.021s][info][gc,metaspace   ] GC(907) Metaspace: 35348K(36032K)->35348K(36032K) NonClass: 29075K(29568K)->29075K(29568K) Class: 6272K(6464K)->6272K(6464K)
[349.021s][info][gc             ] GC(907) Pause Young (Allocation Failure) 877M->600M(890M) 79.735ms
[349.021s][info][gc,cpu         ] GC(907) User=0.13s Sys=0.03s Real=0.08s
[349.367s][info][gc,start       ] GC(908) Pause Young (Allocation Failure)
[349.438s][info][gc,heap        ] GC(908) PSYoungGen: 304128K(304128K)->18432K(315392K) Eden: 296960K(296960K)->0K(296960K) From: 7168K(7168K)->18432K(18432K)
[349.438s][info][gc,heap        ] GC(908) ParOldGen: 607528K(607744K)->621384K(621568K)
[349.438s][info][gc,metaspace   ] GC(908) Metaspace: 35348K(36032K)->35348K(36032K) NonClass: 29075K(29568K)->29075K(29568K) Class: 6272K(6464K)->6272K(6464K)
[349.438s][info][gc             ] GC(908) Pause Young (Allocation Failure) 890M->624M(915M) 70.811ms
[349.438s][info][gc,cpu         ] GC(908) User=0.13s Sys=0.01s Real=0.07s
[349.554s][info][gc,start       ] GC(909) Pause Young (Allocation Failure)
[349.565s][info][gc,heap        ] GC(909) PSYoungGen: 315392K(315392K)->2336K(299008K) Eden: 296960K(296960K)->0K(280576K) From: 18432K(18432K)->2336K(18432K)
[349.565s][info][gc,heap        ] GC(909) ParOldGen: 621384K(621568K)->621880K(622080K)
[349.565s][info][gc,metaspace   ] GC(909) Metaspace: 35348K(36032K)->35348K(36032K) NonClass: 29075K(29568K)->29075K(29568K) Class: 6272K(6464K)->6272K(6464K)
[349.565s][info][gc             ] GC(909) Pause Young (Allocation Failure) 914M->609M(899M) 10.320ms
[349.565s][info][gc,cpu         ] GC(909) User=0.02s Sys=0.00s Real=0.01s
[350.211s][info][gc,start       ] GC(910) Pause Young (Allocation Failure)
[350.213s][info][gc,heap        ] GC(910) PSYoungGen: 282912K(299008K)->64K(307200K) Eden: 280576K(280576K)->0K(280576K) From: 2336K(18432K)->64K(26624K)
[350.213s][info][gc,heap        ] GC(910) ParOldGen: 621880K(622080K)->621888K(622080K)
[350.213s][info][gc,metaspace   ] GC(910) Metaspace: 35348K(36032K)->35348K(36032K) NonClass: 29075K(29568K)->29075K(29568K) Class: 6272K(6464K)->6272K(6464K)
[350.213s][info][gc             ] GC(910) Pause Young (Allocation Failure) 883M->607M(907M) 2.267ms
[350.213s][info][gc,cpu         ] GC(910) User=0.01s Sys=0.00s Real=0.00s
[350.720s][info][gc,start       ] GC(911) Pause Young (Allocation Failure)
[350.722s][info][gc,heap        ] GC(911) PSYoungGen: 280640K(307200K)->64K(304128K) Eden: 280576K(280576K)->0K(281600K) From: 64K(26624K)->64K(22528K)
[350.722s][info][gc,heap        ] GC(911) ParOldGen: 621888K(622080K)->621904K(622080K)
[350.722s][info][gc,metaspace   ] GC(911) Metaspace: 35350K(36032K)->35350K(36032K) NonClass: 29077K(29568K)->29077K(29568K) Class: 6272K(6464K)->6272K(6464K)
[350.722s][info][gc             ] GC(911) Pause Young (Allocation Failure) 881M->607M(904M) 2.407ms
[350.722s][info][gc,cpu         ] GC(911) User=0.00s Sys=0.00s Real=0.00s
[351.203s][info][gc,start       ] GC(912) Pause Young (Allocation Failure)
[351.205s][info][gc,heap        ] GC(912) PSYoungGen: 281664K(304128K)->64K(306176K) Eden: 281600K(281600K)->0K(281600K) From: 64K(22528K)->64K(24576K)
[351.205s][info][gc,heap        ] GC(912) ParOldGen: 621904K(622080K)->621920K(622080K)
[351.205s][info][gc,metaspace   ] GC(912) Metaspace: 35350K(36032K)->35350K(36032K) NonClass: 29077K(29568K)->29077K(29568K) Class: 6272K(6464K)->6272K(6464K)
[351.205s][info][gc             ] GC(912) Pause Young (Allocation Failure) 882M->607M(906M) 2.319ms
[351.205s][info][gc,cpu         ] GC(912) User=0.01s Sys=0.00s Real=0.00s
[351.419s][info][gc,start       ] GC(913) Pause Young (Allocation Failure)
[351.422s][info][gc,heap        ] GC(913) PSYoungGen: 281664K(306176K)->32K(306176K) Eden: 281600K(281600K)->0K(285696K) From: 64K(24576K)->32K(20480K)
[351.422s][info][gc,heap        ] GC(913) ParOldGen: 621920K(622080K)->621928K(622080K)
[351.422s][info][gc,metaspace   ] GC(913) Metaspace: 35350K(36032K)->35350K(36032K) NonClass: 29077K(29568K)->29077K(29568K) Class: 6272K(6464K)->6272K(6464K)
[351.422s][info][gc             ] GC(913) Pause Young (Allocation Failure) 882M->607M(906M) 3.290ms
[351.422s][info][gc,cpu         ] GC(913) User=0.00s Sys=0.00s Real=0.00s
[351.641s][info][gc,start       ] GC(914) Pause Young (Allocation Failure)
[351.644s][info][gc,heap        ] GC(914) PSYoungGen: 285728K(306176K)->32K(308224K) Eden: 285696K(285696K)->0K(285696K) From: 32K(20480K)->32K(22528K)
[351.644s][info][gc,heap        ] GC(914) ParOldGen: 621928K(622080K)->621928K(622080K)
[351.644s][info][gc,metaspace   ] GC(914) Metaspace: 35350K(36032K)->35350K(36032K) NonClass: 29077K(29568K)->29077K(29568K) Class: 6272K(6464K)->6272K(6464K)
[351.644s][info][gc             ] GC(914) Pause Young (Allocation Failure) 886M->607M(908M) 3.146ms
[351.644s][info][gc,cpu         ] GC(914) User=0.01s Sys=0.00s Real=0.00s
[352.048s][info][gc,start       ] GC(915) Pause Young (Allocation Failure)
[352.051s][info][gc,heap        ] GC(915) PSYoungGen: 285728K(308224K)->64K(308224K) Eden: 285696K(285696K)->0K(289792K) From: 32K(22528K)->64K(18432K)
[352.051s][info][gc,heap        ] GC(915) ParOldGen: 621928K(622080K)->621928K(622080K)
[352.051s][info][gc,metaspace   ] GC(915) Metaspace: 35350K(36032K)->35350K(36032K) NonClass: 29077K(29568K)->29077K(29568K) Class: 6272K(6464K)->6272K(6464K)
[352.051s][info][gc             ] GC(915) Pause Young (Allocation Failure) 886M->607M(908M) 3.110ms
[352.051s][info][gc,cpu         ] GC(915) User=0.00s Sys=0.00s Real=0.00s
[352.116s][info][gc,start       ] GC(916) Pause Young (Allocation Failure)
[352.118s][info][gc,heap        ] GC(916) PSYoungGen: 289856K(308224K)->64K(310272K) Eden: 289792K(289792K)->0K(289792K) From: 64K(18432K)->64K(20480K)
[352.118s][info][gc,heap        ] GC(916) ParOldGen: 621928K(622080K)->621936K(622080K)
[352.118s][info][gc,metaspace   ] GC(916) Metaspace: 35350K(36032K)->35350K(36032K) NonClass: 29077K(29568K)->29077K(29568K) Class: 6272K(6464K)->6272K(6464K)
[352.118s][info][gc             ] GC(916) Pause Young (Allocation Failure) 890M->607M(910M) 2.098ms
[352.118s][info][gc,cpu         ] GC(916) User=0.00s Sys=0.00s Real=0.01s
[352.172s][info][gc,start       ] GC(917) Pause Young (Allocation Failure)
[352.175s][info][gc,heap        ] GC(917) PSYoungGen: 289856K(310272K)->32K(310272K) Eden: 289792K(289792K)->0K(293888K) From: 64K(20480K)->32K(16384K)
[352.175s][info][gc,heap        ] GC(917) ParOldGen: 621936K(622080K)->621944K(622080K)
[352.175s][info][gc,metaspace   ] GC(917) Metaspace: 35350K(36032K)->35350K(36032K) NonClass: 29077K(29568K)->29077K(29568K) Class: 6272K(6464K)->6272K(6464K)
[352.175s][info][gc             ] GC(917) Pause Young (Allocation Failure) 890M->607M(910M) 3.187ms
[352.175s][info][gc,cpu         ] GC(917) User=0.00s Sys=0.00s Real=0.00s
[352.357s][info][gc,start       ] GC(918) Pause Young (Allocation Failure)
[352.360s][info][gc,heap        ] GC(918) PSYoungGen: 293920K(310272K)->32K(312320K) Eden: 293888K(293888K)->0K(293888K) From: 32K(16384K)->32K(18432K)
[352.360s][info][gc,heap        ] GC(918) ParOldGen: 621944K(622080K)->621944K(622080K)
[352.360s][info][gc,metaspace   ] GC(918) Metaspace: 35350K(36032K)->35350K(36032K) NonClass: 29077K(29568K)->29077K(29568K) Class: 6272K(6464K)->6272K(6464K)
[352.360s][info][gc             ] GC(918) Pause Young (Allocation Failure) 894M->607M(912M) 3.088ms
[352.360s][info][gc,cpu         ] GC(918) User=0.01s Sys=0.00s Real=0.00s
[352.595s][info][gc,start       ] GC(919) Pause Young (Allocation Failure)
[352.598s][info][gc,heap        ] GC(919) PSYoungGen: 293920K(312320K)->32K(313856K) Eden: 293888K(293888K)->0K(298496K) From: 32K(18432K)->32K(15360K)
[352.598s][info][gc,heap        ] GC(919) ParOldGen: 621944K(622080K)->621952K(622080K)
[352.598s][info][gc,metaspace   ] GC(919) Metaspace: 35350K(36032K)->35350K(36032K) NonClass: 29077K(29568K)->29077K(29568K) Class: 6272K(6464K)->6272K(6464K)
[352.598s][info][gc             ] GC(919) Pause Young (Allocation Failure) 894M->607M(914M) 3.195ms
[352.598s][info][gc,cpu         ] GC(919) User=0.00s Sys=0.00s Real=0.01s
[352.747s][info][gc,start       ] GC(920) Pause Young (Allocation Failure)
[352.750s][info][gc,heap        ] GC(920) PSYoungGen: 298528K(313856K)->32K(314880K) Eden: 298496K(298496K)->0K(298496K) From: 32K(15360K)->32K(16384K)
[352.750s][info][gc,heap        ] GC(920) ParOldGen: 621952K(622080K)->621960K(622080K)
[352.750s][info][gc,metaspace   ] GC(920) Metaspace: 35350K(36032K)->35350K(36032K) NonClass: 29077K(29568K)->29077K(29568K) Class: 6272K(6464K)->6272K(6464K)
[352.750s][info][gc             ] GC(920) Pause Young (Allocation Failure) 898M->607M(915M) 3.208ms
[352.750s][info][gc,cpu         ] GC(920) User=0.01s Sys=0.00s Real=0.00s
[352.839s][info][gc,start       ] GC(921) Pause Young (Allocation Failure)
[352.842s][info][gc,heap        ] GC(921) PSYoungGen: 298528K(314880K)->32K(315392K) Eden: 298496K(298496K)->0K(302080K) From: 32K(16384K)->32K(13312K)
[352.842s][info][gc,heap        ] GC(921) ParOldGen: 621960K(622080K)->621968K(622080K)
[352.842s][info][gc,metaspace   ] GC(921) Metaspace: 35350K(36032K)->35350K(36032K) NonClass: 29077K(29568K)->29077K(29568K) Class: 6272K(6464K)->6272K(6464K)
[352.843s][info][gc             ] GC(921) Pause Young (Allocation Failure) 898M->607M(915M) 3.144ms
[352.843s][info][gc,cpu         ] GC(921) User=0.00s Sys=0.00s Real=0.00s
[353.021s][info][gc,start       ] GC(922) Pause Young (Allocation Failure)
[353.024s][info][gc,heap        ] GC(922) PSYoungGen: 302112K(315392K)->32K(316416K) Eden: 302080K(302080K)->0K(302080K) From: 32K(13312K)->32K(14336K)
[353.024s][info][gc,heap        ] GC(922) ParOldGen: 621968K(622080K)->621976K(622080K)
[353.024s][info][gc,metaspace   ] GC(922) Metaspace: 35350K(36032K)->35350K(36032K) NonClass: 29077K(29568K)->29077K(29568K) Class: 6272K(6464K)->6272K(6464K)
[353.024s][info][gc             ] GC(922) Pause Young (Allocation Failure) 902M->607M(916M) 3.116ms
[353.024s][info][gc,cpu         ] GC(922) User=0.01s Sys=0.00s Real=0.00s
[354.019s][info][gc,start       ] GC(923) Pause Young (Allocation Failure)
[354.022s][info][gc,heap        ] GC(923) PSYoungGen: 302112K(316416K)->64K(317440K) Eden: 302080K(302080K)->0K(306176K) From: 32K(14336K)->64K(11264K)
[354.022s][info][gc,heap        ] GC(923) ParOldGen: 621976K(622080K)->621984K(622080K)
[354.022s][info][gc,metaspace   ] GC(923) Metaspace: 35350K(36032K)->35350K(36032K) NonClass: 29077K(29568K)->29077K(29568K) Class: 6272K(6464K)->6272K(6464K)
[354.022s][info][gc             ] GC(923) Pause Young (Allocation Failure) 902M->607M(917M) 2.846ms
[354.022s][info][gc,cpu         ] GC(923) User=0.00s Sys=0.00s Real=0.00s
[354.954s][info][gc,start       ] GC(924) Pause Young (Allocation Failure)
[354.956s][info][gc,heap        ] GC(924) PSYoungGen: 306240K(317440K)->32K(318464K) Eden: 306176K(306176K)->0K(306176K) From: 64K(11264K)->32K(12288K)
[354.956s][info][gc,heap        ] GC(924) ParOldGen: 621984K(622080K)->621992K(622080K)
[354.956s][info][gc,metaspace   ] GC(924) Metaspace: 35350K(36032K)->35350K(36032K) NonClass: 29077K(29568K)->29077K(29568K) Class: 6272K(6464K)->6272K(6464K)
[354.957s][info][gc             ] GC(924) Pause Young (Allocation Failure) 906M->607M(918M) 2.915ms
[354.957s][info][gc,cpu         ] GC(924) User=0.00s Sys=0.00s Real=0.00s
[355.313s][info][gc,start       ] GC(925) Pause Young (Allocation Failure)
[355.316s][info][gc,heap        ] GC(925) PSYoungGen: 306208K(318464K)->32K(318976K) Eden: 306176K(306176K)->0K(309760K) From: 32K(12288K)->32K(9216K)
[355.316s][info][gc,heap        ] GC(925) ParOldGen: 621992K(622080K)->622000K(622080K)
[355.316s][info][gc,metaspace   ] GC(925) Metaspace: 35350K(36032K)->35350K(36032K) NonClass: 29077K(29568K)->29077K(29568K) Class: 6272K(6464K)->6272K(6464K)
[355.316s][info][gc             ] GC(925) Pause Young (Allocation Failure) 906M->607M(919M) 3.028ms
[355.316s][info][gc,cpu         ] GC(925) User=0.01s Sys=0.00s Real=0.00s
[355.936s][info][gc,start       ] GC(926) Pause Young (Allocation Failure)
[355.938s][info][gc,heap        ] GC(926) PSYoungGen: 309792K(318976K)->32K(320512K) Eden: 309760K(309760K)->0K(309760K) From: 32K(9216K)->32K(10752K)
[355.938s][info][gc,heap        ] GC(926) ParOldGen: 622000K(622080K)->622008K(622080K)
[355.938s][info][gc,metaspace   ] GC(926) Metaspace: 35350K(36032K)->35350K(36032K) NonClass: 29077K(29568K)->29077K(29568K) Class: 6272K(6464K)->6272K(6464K)
[355.938s][info][gc             ] GC(926) Pause Young (Allocation Failure) 909M->607M(920M) 2.918ms
[355.939s][info][gc,cpu         ] GC(926) User=0.00s Sys=0.00s Real=0.01s
[356.788s][info][gc,start       ] GC(927) Pause Young (Allocation Failure)
[356.792s][info][gc,heap        ] GC(927) PSYoungGen: 309792K(320512K)->32K(297984K) Eden: 309760K(309760K)->0K(297472K) From: 32K(10752K)->32K(512K)
[356.792s][info][gc,heap        ] GC(927) ParOldGen: 622008K(622080K)->622016K(622080K)
[356.792s][info][gc,metaspace   ] GC(927) Metaspace: 35350K(36032K)->35350K(36032K) NonClass: 29077K(29568K)->29077K(29568K) Class: 6272K(6464K)->6272K(6464K)
[356.792s][info][gc             ] GC(927) Pause Young (Allocation Failure) 909M->607M(898M) 3.561ms
[356.792s][info][gc,cpu         ] GC(927) User=0.01s Sys=0.00s Real=0.00s
[357.196s][info][gc,start       ] GC(928) Pause Young (Allocation Failure)
[357.198s][info][gc,heap        ] GC(928) PSYoungGen: 297504K(297984K)->32K(294912K) Eden: 297472K(297472K)->0K(285696K) From: 32K(512K)->32K(9216K)
[357.199s][info][gc,heap        ] GC(928) ParOldGen: 622016K(622080K)->622024K(622080K)
[357.199s][info][gc,metaspace   ] GC(928) Metaspace: 35350K(36032K)->35350K(36032K) NonClass: 29077K(29568K)->29077K(29568K) Class: 6272K(6464K)->6272K(6464K)
[357.199s][info][gc             ] GC(928) Pause Young (Allocation Failure) 897M->607M(895M) 2.832ms
[357.199s][info][gc,cpu         ] GC(928) User=0.01s Sys=0.00s Real=0.01s
[357.304s][info][gc,start       ] GC(929) Pause Young (Allocation Failure)
[357.307s][info][gc,heap        ] GC(929) PSYoungGen: 285728K(294912K)->32K(315904K) Eden: 285696K(285696K)->0K(307200K) From: 32K(9216K)->32K(8704K)
[357.307s][info][gc,heap        ] GC(929) ParOldGen: 622024K(622080K)->622032K(622080K)
[357.307s][info][gc,metaspace   ] GC(929) Metaspace: 35350K(36032K)->35350K(36032K) NonClass: 29077K(29568K)->29077K(29568K) Class: 6272K(6464K)->6272K(6464K)
[357.307s][info][gc             ] GC(929) Pause Young (Allocation Failure) 886M->607M(916M) 2.920ms
[357.307s][info][gc,cpu         ] GC(929) User=0.00s Sys=0.00s Real=0.01s
[357.979s][info][gc,start       ] GC(930) Pause Young (Allocation Failure)
[357.982s][info][gc,heap        ] GC(930) PSYoungGen: 307232K(315904K)->32K(315392K) Eden: 307200K(307200K)->0K(307200K) From: 32K(8704K)->32K(8192K)
[357.982s][info][gc,heap        ] GC(930) ParOldGen: 622032K(622080K)->622040K(622080K)
[357.982s][info][gc,metaspace   ] GC(930) Metaspace: 35350K(36032K)->35350K(36032K) NonClass: 29077K(29568K)->29077K(29568K) Class: 6272K(6464K)->6272K(6464K)
[357.982s][info][gc             ] GC(930) Pause Young (Allocation Failure) 907M->607M(915M) 3.173ms
[357.982s][info][gc,cpu         ] GC(930) User=0.01s Sys=0.00s Real=0.00s
[358.431s][info][gc,start       ] GC(931) Pause Young (Allocation Failure)
[358.449s][info][gc,heap        ] GC(931) PSYoungGen: 307232K(315392K)->6304K(323072K) Eden: 307200K(307200K)->0K(315392K) From: 32K(8192K)->6304K(7680K)
[358.449s][info][gc,heap        ] GC(931) ParOldGen: 622040K(622080K)->622056K(622080K)
[358.449s][info][gc,metaspace   ] GC(931) Metaspace: 35350K(36032K)->35350K(36032K) NonClass: 29077K(29568K)->29077K(29568K) Class: 6272K(6464K)->6272K(6464K)
[358.449s][info][gc             ] GC(931) Pause Young (Allocation Failure) 907M->613M(923M) 17.637ms
[358.449s][info][gc,cpu         ] GC(931) User=0.02s Sys=0.00s Real=0.02s
[358.811s][info][gc,start       ] GC(932) Pause Young (Allocation Failure)
[358.895s][info][gc,heap        ] GC(932) PSYoungGen: 321696K(323072K)->9216K(324608K) Eden: 315392K(315392K)->0K(315392K) From: 6304K(7680K)->9216K(9216K)
[358.895s][info][gc,heap        ] GC(932) ParOldGen: 622056K(622080K)->646120K(646144K)
[358.895s][info][gc,metaspace   ] GC(932) Metaspace: 35350K(36032K)->35350K(36032K) NonClass: 29077K(29568K)->29077K(29568K) Class: 6272K(6464K)->6272K(6464K)
[358.895s][info][gc             ] GC(932) Pause Young (Allocation Failure) 921M->639M(948M) 84.791ms
[358.895s][info][gc,cpu         ] GC(932) User=0.14s Sys=0.03s Real=0.08s
[359.227s][info][gc,start       ] GC(933) Pause Young (Allocation Failure)
[359.299s][info][gc,heap        ] GC(933) PSYoungGen: 324608K(324608K)->9216K(286720K) Eden: 315392K(315392K)->0K(277504K) From: 9216K(9216K)->9216K(9216K)
[359.299s][info][gc,heap        ] GC(933) ParOldGen: 646120K(646144K)->667248K(667648K)
[359.299s][info][gc,metaspace   ] GC(933) Metaspace: 35350K(36032K)->35350K(36032K) NonClass: 29077K(29568K)->29077K(29568K) Class: 6272K(6464K)->6272K(6464K)
[359.299s][info][gc             ] GC(933) Pause Young (Allocation Failure) 947M->660M(932M) 72.386ms
[359.299s][info][gc,cpu         ] GC(933) User=0.12s Sys=0.02s Real=0.07s
[359.394s][info][gc,start       ] GC(934) Pause Full (Allocation Failure)
[359.394s][info][gc,phases,start] GC(934) Marking Phase
[359.435s][info][gc,phases      ] GC(934) Marking Phase 41.770ms
[359.436s][info][gc,phases,start] GC(934) Summary Phase
[359.436s][info][gc,phases      ] GC(934) Summary Phase 0.066ms
[359.436s][info][gc,phases,start] GC(934) Forward
[359.438s][info][gc,phases      ] GC(934) Forward 2.287ms
[359.438s][info][gc,phases,start] GC(934) Adjust Pointers
[359.459s][info][gc,phases      ] GC(934) Adjust Pointers 20.611ms
[359.459s][info][gc,phases,start] GC(934) Compaction Phase
[359.468s][info][gc,phases      ] GC(934) Compaction Phase 9.644ms
[359.468s][info][gc,phases,start] GC(934) Post Compact
[359.474s][info][gc,phases      ] GC(934) Post Compact 5.294ms
[359.514s][info][gc,heap        ] GC(934) PSYoungGen: 286720K(286720K)->0K(305664K) Eden: 277504K(277504K)->0K(277504K) From: 9216K(9216K)->0K(28160K)
[359.514s][info][gc,heap        ] GC(934) ParOldGen: 667248K(667648K)->58045K(175104K)
[359.514s][info][gc,metaspace   ] GC(934) Metaspace: 35350K(36032K)->35350K(36032K) NonClass: 29077K(29568K)->29077K(29568K) Class: 6272K(6464K)->6272K(6464K)
[359.514s][info][gc             ] GC(934) Pause Full (Allocation Failure) 931M->56M(469M) 120.624ms
[359.514s][info][gc,cpu         ] GC(934) User=0.12s Sys=0.04s Real=0.12s
[360.197s][info][gc,start       ] GC(935) Pause Young (Allocation Failure)
[360.198s][info][gc,heap        ] GC(935) PSYoungGen: 277504K(305664K)->32K(303616K) Eden: 277504K(277504K)->0K(277504K) From: 0K(28160K)->32K(26112K)
[360.198s][info][gc,heap        ] GC(935) ParOldGen: 58045K(175104K)->58045K(175104K)
[360.198s][info][gc,metaspace   ] GC(935) Metaspace: 35351K(36032K)->35351K(36032K) NonClass: 29078K(29568K)->29078K(29568K) Class: 6272K(6464K)->6272K(6464K)
[360.198s][info][gc             ] GC(935) Pause Young (Allocation Failure) 327M->56M(467M) 1.176ms
[360.198s][info][gc,cpu         ] GC(935) User=0.00s Sys=0.00s Real=0.00s
[360.616s][info][gc,start       ] GC(936) Pause Young (Allocation Failure)
[360.617s][info][gc,heap        ] GC(936) PSYoungGen: 277536K(303616K)->64K(304640K) Eden: 277504K(277504K)->0K(277504K) From: 32K(26112K)->64K(27136K)
[360.617s][info][gc,heap        ] GC(936) ParOldGen: 58045K(175104K)->58053K(175104K)
[360.617s][info][gc,metaspace   ] GC(936) Metaspace: 35351K(36032K)->35351K(36032K) NonClass: 29078K(29568K)->29078K(29568K) Class: 6272K(6464K)->6272K(6464K)
[360.617s][info][gc             ] GC(936) Pause Young (Allocation Failure) 327M->56M(468M) 0.806ms
[360.617s][info][gc,cpu         ] GC(936) User=0.00s Sys=0.00s Real=0.01s
[361.077s][info][gc,start       ] GC(937) Pause Young (Allocation Failure)
[361.077s][info][gc,heap        ] GC(937) PSYoungGen: 277568K(304640K)->64K(304640K) Eden: 277504K(277504K)->0K(280576K) From: 64K(27136K)->64K(24064K)
[361.077s][info][gc,heap        ] GC(937) ParOldGen: 58053K(175104K)->58069K(175104K)
[361.077s][info][gc,metaspace   ] GC(937) Metaspace: 35351K(36032K)->35351K(36032K) NonClass: 29078K(29568K)->29078K(29568K) Class: 6272K(6464K)->6272K(6464K)
[361.077s][info][gc             ] GC(937) Pause Young (Allocation Failure) 327M->56M(468M) 0.942ms
[361.077s][info][gc,cpu         ] GC(937) User=0.00s Sys=0.00s Real=0.01s
[361.277s][info][gc,start       ] GC(938) Pause Young (Allocation Failure)
[361.278s][info][gc,heap        ] GC(938) PSYoungGen: 280640K(304640K)->64K(305664K) Eden: 280576K(280576K)->0K(280576K) From: 64K(24064K)->64K(25088K)
[361.278s][info][gc,heap        ] GC(938) ParOldGen: 58069K(175104K)->58085K(175104K)
[361.278s][info][gc,metaspace   ] GC(938) Metaspace: 35351K(36032K)->35351K(36032K) NonClass: 29078K(29568K)->29078K(29568K) Class: 6272K(6464K)->6272K(6464K)
[361.278s][info][gc             ] GC(938) Pause Young (Allocation Failure) 330M->56M(469M) 0.848ms
[361.278s][info][gc,cpu         ] GC(938) User=0.01s Sys=0.00s Real=0.00s
[361.477s][info][gc,start       ] GC(939) Pause Young (Allocation Failure)
[361.478s][info][gc,heap        ] GC(939) PSYoungGen: 280640K(305664K)->64K(306688K) Eden: 280576K(280576K)->0K(284672K) From: 64K(25088K)->64K(22016K)
[361.478s][info][gc,heap        ] GC(939) ParOldGen: 58085K(175104K)->58085K(175104K)
[361.478s][info][gc,metaspace   ] GC(939) Metaspace: 35351K(36032K)->35351K(36032K) NonClass: 29078K(29568K)->29078K(29568K) Class: 6272K(6464K)->6272K(6464K)
[361.478s][info][gc             ] GC(939) Pause Young (Allocation Failure) 330M->56M(470M) 0.872ms
[361.478s][info][gc,cpu         ] GC(939) User=0.00s Sys=0.00s Real=0.00s
[361.839s][info][gc,start       ] GC(940) Pause Young (Allocation Failure)
[361.840s][info][gc,heap        ] GC(940) PSYoungGen: 284736K(306688K)->64K(307712K) Eden: 284672K(284672K)->0K(284672K) From: 64K(22016K)->64K(23040K)
[361.840s][info][gc,heap        ] GC(940) ParOldGen: 58085K(175104K)->58085K(175104K)
[361.840s][info][gc,metaspace   ] GC(940) Metaspace: 35351K(36032K)->35351K(36032K) NonClass: 29078K(29568K)->29078K(29568K) Class: 6272K(6464K)->6272K(6464K)
[361.840s][info][gc             ] GC(940) Pause Young (Allocation Failure) 334M->56M(471M) 1.268ms
[361.840s][info][gc,cpu         ] GC(940) User=0.00s Sys=0.00s Real=0.00s
[361.893s][info][gc,start       ] GC(941) Pause Young (Allocation Failure)
[361.894s][info][gc,heap        ] GC(941) PSYoungGen: 284735K(307712K)->64K(307712K) Eden: 284671K(284672K)->0K(288768K) From: 64K(23040K)->64K(18944K)
[361.894s][info][gc,heap        ] GC(941) ParOldGen: 58085K(175104K)->58101K(175104K)
[361.894s][info][gc,metaspace   ] GC(941) Metaspace: 35351K(36032K)->35351K(36032K) NonClass: 29078K(29568K)->29078K(29568K) Class: 6272K(6464K)->6272K(6464K)
[361.894s][info][gc             ] GC(941) Pause Young (Allocation Failure) 334M->56M(471M) 1.012ms
[361.894s][info][gc,cpu         ] GC(941) User=0.00s Sys=0.00s Real=0.00s
[361.948s][info][gc,start       ] GC(942) Pause Young (Allocation Failure)
[361.949s][info][gc,heap        ] GC(942) PSYoungGen: 288832K(307712K)->64K(309248K) Eden: 288768K(288768K)->0K(288768K) From: 64K(18944K)->64K(20480K)
[361.949s][info][gc,heap        ] GC(942) ParOldGen: 58101K(175104K)->58101K(175104K)
[361.949s][info][gc,metaspace   ] GC(942) Metaspace: 35351K(36032K)->35351K(36032K) NonClass: 29078K(29568K)->29078K(29568K) Class: 6272K(6464K)->6272K(6464K)
[361.949s][info][gc             ] GC(942) Pause Young (Allocation Failure) 338M->56M(473M) 0.711ms
[361.949s][info][gc,cpu         ] GC(942) User=0.00s Sys=0.00s Real=0.00s
[362.129s][info][gc,start       ] GC(943) Pause Young (Allocation Failure)
[362.130s][info][gc,heap        ] GC(943) PSYoungGen: 288832K(309248K)->64K(310784K) Eden: 288768K(288768K)->0K(293888K) From: 64K(20480K)->64K(16896K)
[362.130s][info][gc,heap        ] GC(943) ParOldGen: 58101K(175104K)->58101K(175104K)
[362.130s][info][gc,metaspace   ] GC(943) Metaspace: 35351K(36032K)->35351K(36032K) NonClass: 29078K(29568K)->29078K(29568K) Class: 6272K(6464K)->6272K(6464K)
[362.130s][info][gc             ] GC(943) Pause Young (Allocation Failure) 338M->56M(474M) 0.917ms
[362.130s][info][gc,cpu         ] GC(943) User=0.00s Sys=0.00s Real=0.00s
[362.350s][info][gc,start       ] GC(944) Pause Young (Allocation Failure)
[362.351s][info][gc,heap        ] GC(944) PSYoungGen: 293952K(310784K)->64K(312320K) Eden: 293888K(293888K)->0K(293888K) From: 64K(16896K)->64K(18432K)
[362.351s][info][gc,heap        ] GC(944) ParOldGen: 58101K(175104K)->58109K(175104K)
[362.351s][info][gc,metaspace   ] GC(944) Metaspace: 35351K(36032K)->35351K(36032K) NonClass: 29078K(29568K)->29078K(29568K) Class: 6272K(6464K)->6272K(6464K)
[362.351s][info][gc             ] GC(944) Pause Young (Allocation Failure) 343M->56M(476M) 0.895ms
[362.351s][info][gc,cpu         ] GC(944) User=0.00s Sys=0.00s Real=0.00s
[362.485s][info][gc,start       ] GC(945) Pause Young (Allocation Failure)
[362.488s][info][gc,heap        ] GC(945) PSYoungGen: 293952K(312320K)->64K(282624K) Eden: 293888K(293888K)->0K(282112K) From: 64K(18432K)->64K(512K)
[362.488s][info][gc,heap        ] GC(945) ParOldGen: 58109K(175104K)->58117K(175104K)
[362.488s][info][gc,metaspace   ] GC(945) Metaspace: 35351K(36032K)->35351K(36032K) NonClass: 29078K(29568K)->29078K(29568K) Class: 6272K(6464K)->6272K(6464K)
[362.488s][info][gc             ] GC(945) Pause Young (Allocation Failure) 343M->56M(447M) 2.753ms
[362.488s][info][gc,cpu         ] GC(945) User=0.00s Sys=0.01s Real=0.01s
[362.574s][info][gc,start       ] GC(946) Pause Young (Allocation Failure)
[362.575s][info][gc,heap        ] GC(946) PSYoungGen: 282176K(282624K)->64K(287232K) Eden: 282112K(282112K)->0K(270848K) From: 64K(512K)->64K(16384K)
[362.575s][info][gc,heap        ] GC(946) ParOldGen: 58117K(175104K)->58125K(175104K)
[362.575s][info][gc,metaspace   ] GC(946) Metaspace: 35351K(36032K)->35351K(36032K) NonClass: 29078K(29568K)->29078K(29568K) Class: 6272K(6464K)->6272K(6464K)
[362.575s][info][gc             ] GC(946) Pause Young (Allocation Failure) 332M->56M(451M) 0.826ms
[362.575s][info][gc,cpu         ] GC(946) User=0.00s Sys=0.00s Real=0.00s
[362.738s][info][gc,start       ] GC(947) Pause Young (Allocation Failure)
[362.741s][info][gc,heap        ] GC(947) PSYoungGen: 270912K(287232K)->64K(260608K) Eden: 270848K(270848K)->0K(260096K) From: 64K(16384K)->64K(512K)
[362.741s][info][gc,heap        ] GC(947) ParOldGen: 58125K(175104K)->58133K(175104K)
[362.741s][info][gc,metaspace   ] GC(947) Metaspace: 35351K(36032K)->35351K(36032K) NonClass: 29078K(29568K)->29078K(29568K) Class: 6272K(6464K)->6272K(6464K)
[362.741s][info][gc             ] GC(947) Pause Young (Allocation Failure) 321M->56M(425M) 3.242ms
[362.741s][info][gc,cpu         ] GC(947) User=0.00s Sys=0.00s Real=0.00s
[363.148s][info][gc,start       ] GC(948) Pause Young (Allocation Failure)
[363.149s][info][gc,heap        ] GC(948) PSYoungGen: 260160K(260608K)->64K(264192K) Eden: 260096K(260096K)->0K(249856K) From: 64K(512K)->64K(14336K)
[363.149s][info][gc,heap        ] GC(948) ParOldGen: 58133K(175104K)->58141K(175104K)
[363.149s][info][gc,metaspace   ] GC(948) Metaspace: 35351K(36032K)->35351K(36032K) NonClass: 29078K(29568K)->29078K(29568K) Class: 6272K(6464K)->6272K(6464K)
[363.149s][info][gc             ] GC(948) Pause Young (Allocation Failure) 310M->56M(429M) 0.894ms
[363.149s][info][gc,cpu         ] GC(948) User=0.00s Sys=0.00s Real=0.00s
[363.814s][info][gc,start       ] GC(949) Pause Young (Allocation Failure)
[363.817s][info][gc,heap        ] GC(949) PSYoungGen: 249920K(264192K)->64K(240640K) Eden: 249856K(249856K)->0K(240128K) From: 64K(14336K)->64K(512K)
[363.817s][info][gc,heap        ] GC(949) ParOldGen: 58141K(175104K)->58149K(175104K)
[363.817s][info][gc,metaspace   ] GC(949) Metaspace: 35351K(36032K)->35351K(36032K) NonClass: 29078K(29568K)->29078K(29568K) Class: 6272K(6464K)->6272K(6464K)
[363.817s][info][gc             ] GC(949) Pause Young (Allocation Failure) 300M->56M(406M) 3.026ms
[363.817s][info][gc,cpu         ] GC(949) User=0.00s Sys=0.00s Real=0.01s
[364.780s][info][gc,start       ] GC(950) Pause Young (Allocation Failure)
[364.780s][info][gc,heap        ] GC(950) PSYoungGen: 240192K(240640K)->64K(243200K) Eden: 240128K(240128K)->0K(230912K) From: 64K(512K)->64K(12288K)
[364.780s][info][gc,heap        ] GC(950) ParOldGen: 58149K(175104K)->58157K(175104K)
[364.781s][info][gc,metaspace   ] GC(950) Metaspace: 35351K(36032K)->35351K(36032K) NonClass: 29078K(29568K)->29078K(29568K) Class: 6272K(6464K)->6272K(6464K)
[364.781s][info][gc             ] GC(950) Pause Young (Allocation Failure) 291M->56M(408M) 0.691ms
[364.781s][info][gc,cpu         ] GC(950) User=0.00s Sys=0.00s Real=0.00s
[365.094s][info][gc,start       ] GC(951) Pause Young (Allocation Failure)
[365.097s][info][gc,heap        ] GC(951) PSYoungGen: 230976K(243200K)->64K(222720K) Eden: 230912K(230912K)->0K(222208K) From: 64K(12288K)->64K(512K)
[365.097s][info][gc,heap        ] GC(951) ParOldGen: 58157K(175104K)->58165K(175104K)
[365.097s][info][gc,metaspace   ] GC(951) Metaspace: 35351K(36032K)->35351K(36032K) NonClass: 29078K(29568K)->29078K(29568K) Class: 6272K(6464K)->6272K(6464K)
[365.097s][info][gc             ] GC(951) Pause Young (Allocation Failure) 282M->56M(388M) 2.553ms
[365.097s][info][gc,cpu         ] GC(951) User=0.00s Sys=0.00s Real=0.01s
[365.427s][info][gc,start       ] GC(952) Pause Young (Allocation Failure)
[365.427s][info][gc,heap        ] GC(952) PSYoungGen: 222272K(222720K)->64K(224768K) Eden: 222208K(222208K)->0K(214016K) From: 64K(512K)->64K(10752K)
[365.428s][info][gc,heap        ] GC(952) ParOldGen: 58165K(175104K)->58173K(175104K)
[365.428s][info][gc,metaspace   ] GC(952) Metaspace: 35351K(36032K)->35351K(36032K) NonClass: 29078K(29568K)->29078K(29568K) Class: 6272K(6464K)->6272K(6464K)
[365.428s][info][gc             ] GC(952) Pause Young (Allocation Failure) 273M->56M(390M) 0.737ms
[365.428s][info][gc,cpu         ] GC(952) User=0.00s Sys=0.00s Real=0.00s
[366.338s][info][gc,start       ] GC(953) Pause Young (Allocation Failure)
[366.339s][info][gc,heap        ] GC(953) PSYoungGen: 214080K(224768K)->64K(206848K) Eden: 214016K(214016K)->0K(206336K) From: 64K(10752K)->64K(512K)
[366.339s][info][gc,heap        ] GC(953) ParOldGen: 58173K(175104K)->58181K(175104K)
[366.339s][info][gc,metaspace   ] GC(953) Metaspace: 35351K(36032K)->35351K(36032K) NonClass: 29078K(29568K)->29078K(29568K) Class: 6272K(6464K)->6272K(6464K)
[366.339s][info][gc             ] GC(953) Pause Young (Allocation Failure) 265M->56M(373M) 1.590ms
[366.339s][info][gc,cpu         ] GC(953) User=0.00s Sys=0.00s Real=0.00s
[366.706s][info][gc,start       ] GC(954) Pause Young (Allocation Failure)
[366.707s][info][gc,heap        ] GC(954) PSYoungGen: 206400K(206848K)->64K(208384K) Eden: 206336K(206336K)->0K(198656K) From: 64K(512K)->64K(9728K)
[366.707s][info][gc,heap        ] GC(954) ParOldGen: 58181K(175104K)->58189K(175104K)
[366.707s][info][gc,metaspace   ] GC(954) Metaspace: 35351K(36032K)->35351K(36032K) NonClass: 29078K(29568K)->29078K(29568K) Class: 6272K(6464K)->6272K(6464K)
[366.707s][info][gc             ] GC(954) Pause Young (Allocation Failure) 258M->56M(374M) 0.863ms
[366.707s][info][gc,cpu         ] GC(954) User=0.00s Sys=0.00s Real=0.01s
[366.896s][info][gc,start       ] GC(955) Pause Young (Allocation Failure)
[366.898s][info][gc,heap        ] GC(955) PSYoungGen: 198720K(208384K)->64K(192000K) Eden: 198656K(198656K)->0K(191488K) From: 64K(9728K)->64K(512K)
[366.898s][info][gc,heap        ] GC(955) ParOldGen: 58189K(175104K)->58197K(175104K)
[366.898s][info][gc,metaspace   ] GC(955) Metaspace: 35351K(36032K)->35351K(36032K) NonClass: 29078K(29568K)->29078K(29568K) Class: 6272K(6464K)->6272K(6464K)
[366.898s][info][gc             ] GC(955) Pause Young (Allocation Failure) 250M->56M(358M) 1.704ms
[366.898s][info][gc,cpu         ] GC(955) User=0.00s Sys=0.00s Real=0.01s
[366.947s][info][gc,start       ] GC(956) Pause Young (Allocation Failure)
[366.947s][info][gc,heap        ] GC(956) PSYoungGen: 191552K(192000K)->64K(193024K) Eden: 191488K(191488K)->0K(184832K) From: 64K(512K)->64K(8192K)
[366.947s][info][gc,heap        ] GC(956) ParOldGen: 58197K(175104K)->58213K(175104K)
[366.947s][info][gc,metaspace   ] GC(956) Metaspace: 35351K(36032K)->35351K(36032K) NonClass: 29078K(29568K)->29078K(29568K) Class: 6272K(6464K)->6272K(6464K)
[366.947s][info][gc             ] GC(956) Pause Young (Allocation Failure) 243M->56M(359M) 0.670ms
[366.947s][info][gc,cpu         ] GC(956) User=0.00s Sys=0.00s Real=0.00s
[367.115s][info][gc,start       ] GC(957) Pause Young (Allocation Failure)
[367.116s][info][gc,heap        ] GC(957) PSYoungGen: 184896K(193024K)->64K(178688K) Eden: 184832K(184832K)->0K(178176K) From: 64K(8192K)->64K(512K)
[367.116s][info][gc,heap        ] GC(957) ParOldGen: 58213K(175104K)->58213K(175104K)
[367.116s][info][gc,metaspace   ] GC(957) Metaspace: 35351K(36032K)->35351K(36032K) NonClass: 29078K(29568K)->29078K(29568K) Class: 6272K(6464K)->6272K(6464K)
[367.116s][info][gc             ] GC(957) Pause Young (Allocation Failure) 237M->56M(345M) 1.308ms
[367.116s][info][gc,cpu         ] GC(957) User=0.00s Sys=0.00s Real=0.00s
[367.620s][info][gc,start       ] GC(958) Pause Young (Allocation Failure)
[367.621s][info][gc,heap        ] GC(958) PSYoungGen: 178240K(178688K)->64K(179200K) Eden: 178176K(178176K)->0K(172032K) From: 64K(512K)->64K(7168K)
[367.621s][info][gc,heap        ] GC(958) ParOldGen: 58213K(175104K)->58229K(175104K)
[367.621s][info][gc,metaspace   ] GC(958) Metaspace: 35351K(36032K)->35351K(36032K) NonClass: 29078K(29568K)->29078K(29568K) Class: 6272K(6464K)->6272K(6464K)
[367.621s][info][gc             ] GC(958) Pause Young (Allocation Failure) 230M->56M(346M) 0.799ms
[367.621s][info][gc,cpu         ] GC(958) User=0.00s Sys=0.00s Real=0.00s
[367.747s][info][gc,start       ] GC(959) Pause Young (Allocation Failure)
[367.749s][info][gc,heap        ] GC(959) PSYoungGen: 172096K(179200K)->64K(166400K) Eden: 172032K(172032K)->0K(165888K) From: 64K(7168K)->64K(512K)
[367.749s][info][gc,heap        ] GC(959) ParOldGen: 58229K(175104K)->58229K(175104K)
[367.749s][info][gc,metaspace   ] GC(959) Metaspace: 35351K(36032K)->35351K(36032K) NonClass: 29078K(29568K)->29078K(29568K) Class: 6272K(6464K)->6272K(6464K)
[367.749s][info][gc             ] GC(959) Pause Young (Allocation Failure) 224M->56M(333M) 1.777ms
[367.749s][info][gc,cpu         ] GC(959) User=0.00s Sys=0.00s Real=0.00s
[368.071s][info][gc,start       ] GC(960) Pause Young (Allocation Failure)
[368.073s][info][gc,heap        ] GC(960) PSYoungGen: 165952K(166400K)->64K(166400K) Eden: 165888K(165888K)->0K(160256K) From: 64K(512K)->64K(6144K)
[368.073s][info][gc,heap        ] GC(960) ParOldGen: 58229K(175104K)->58245K(175104K)
[368.073s][info][gc,metaspace   ] GC(960) Metaspace: 35351K(36032K)->35351K(36032K) NonClass: 29078K(29568K)->29078K(29568K) Class: 6272K(6464K)->6272K(6464K)
[368.073s][info][gc             ] GC(960) Pause Young (Allocation Failure) 218M->56M(333M) 1.668ms
[368.073s][info][gc,cpu         ] GC(960) User=0.01s Sys=0.00s Real=0.00s
[368.253s][info][gc,start       ] GC(961) Pause Young (Allocation Failure)
[368.283s][info][gc,heap        ] GC(961) PSYoungGen: 160320K(166400K)->5632K(198144K) Eden: 160256K(160256K)->0K(192512K) From: 64K(6144K)->5632K(5632K)
[368.283s][info][gc,heap        ] GC(961) ParOldGen: 58245K(175104K)->69525K(175104K)
[368.283s][info][gc,metaspace   ] GC(961) Metaspace: 35351K(36032K)->35351K(36032K) NonClass: 29078K(29568K)->29078K(29568K) Class: 6272K(6464K)->6272K(6464K)
[368.283s][info][gc             ] GC(961) Pause Young (Allocation Failure) 213M->73M(364M) 30.470ms
[368.284s][info][gc,cpu         ] GC(961) User=0.05s Sys=0.00s Real=0.03s
[368.500s][info][gc,start       ] GC(962) Pause Young (Allocation Failure)
[368.536s][info][gc,heap        ] GC(962) PSYoungGen: 198144K(198144K)->11264K(235008K) Eden: 192512K(192512K)->0K(223744K) From: 5632K(5632K)->11264K(11264K)
[368.536s][info][gc,heap        ] GC(962) ParOldGen: 69525K(175104K)->78981K(175104K)
[368.536s][info][gc,metaspace   ] GC(962) Metaspace: 35351K(36032K)->35351K(36032K) NonClass: 29078K(29568K)->29078K(29568K) Class: 6272K(6464K)->6272K(6464K)
[368.536s][info][gc             ] GC(962) Pause Young (Allocation Failure) 261M->88M(400M) 35.971ms
[368.536s][info][gc,cpu         ] GC(962) User=0.07s Sys=0.00s Real=0.03s
[368.789s][info][gc,start       ] GC(963) Pause Young (Allocation Failure)
[368.838s][info][gc,heap        ] GC(963) PSYoungGen: 235008K(235008K)->17408K(243200K) Eden: 223744K(223744K)->0K(225792K) From: 11264K(11264K)->17408K(17408K)
[368.839s][info][gc,heap        ] GC(963) ParOldGen: 78981K(175104K)->85485K(175104K)
[368.839s][info][gc,metaspace   ] GC(963) Metaspace: 35351K(36032K)->35351K(36032K) NonClass: 29078K(29568K)->29078K(29568K) Class: 6272K(6464K)->6272K(6464K)
[368.839s][info][gc             ] GC(963) Pause Young (Allocation Failure) 306M->100M(408M) 49.550ms
[368.839s][info][gc,cpu         ] GC(963) User=0.09s Sys=0.01s Real=0.05s
[368.963s][info][gc,start       ] GC(964) Pause Young (Allocation Failure)
[368.978s][info][gc,heap        ] GC(964) PSYoungGen: 243200K(243200K)->8160K(248832K) Eden: 225792K(225792K)->0K(225792K) From: 17408K(17408K)->8160K(23040K)
[368.978s][info][gc,heap        ] GC(964) ParOldGen: 85485K(175104K)->85725K(175104K)
[368.978s][info][gc,metaspace   ] GC(964) Metaspace: 35351K(36032K)->35351K(36032K) NonClass: 29078K(29568K)->29078K(29568K) Class: 6272K(6464K)->6272K(6464K)
[368.978s][info][gc             ] GC(964) Pause Young (Allocation Failure) 320M->91M(414M) 15.003ms
[368.978s][info][gc,cpu         ] GC(964) User=0.03s Sys=0.00s Real=0.02s
[369.159s][info][gc,start       ] GC(965) Pause Young (Allocation Failure)
[369.160s][info][gc,heap        ] GC(965) PSYoungGen: 233952K(248832K)->64K(292864K) Eden: 225792K(225792K)->0K(271360K) From: 8160K(23040K)->64K(21504K)
[369.160s][info][gc,heap        ] GC(965) ParOldGen: 85725K(175104K)->85733K(175104K)
[369.160s][info][gc,metaspace   ] GC(965) Metaspace: 35351K(36032K)->35351K(36032K) NonClass: 29078K(29568K)->29078K(29568K) Class: 6272K(6464K)->6272K(6464K)
[369.160s][info][gc             ] GC(965) Pause Young (Allocation Failure) 312M->83M(457M) 0.860ms
[369.160s][info][gc,cpu         ] GC(965) User=0.00s Sys=0.00s Real=0.00s
[369.856s][info][gc,start       ] GC(966) Pause Young (Allocation Failure)
[369.857s][info][gc,heap        ] GC(966) PSYoungGen: 271424K(292864K)->64K(293376K) Eden: 271360K(271360K)->0K(271360K) From: 64K(21504K)->64K(22016K)
[369.857s][info][gc,heap        ] GC(966) ParOldGen: 85733K(175104K)->85749K(175104K)
[369.857s][info][gc,metaspace   ] GC(966) Metaspace: 35351K(36032K)->35351K(36032K) NonClass: 29078K(29568K)->29078K(29568K) Class: 6272K(6464K)->6272K(6464K)
[369.857s][info][gc             ] GC(966) Pause Young (Allocation Failure) 348M->83M(457M) 0.905ms
[369.857s][info][gc,cpu         ] GC(966) User=0.00s Sys=0.00s Real=0.01s
[370.142s][info][gc,start       ] GC(967) Pause Young (Allocation Failure)
[370.143s][info][gc,heap        ] GC(967) PSYoungGen: 271424K(293376K)->64K(311296K) Eden: 271360K(271360K)->0K(290816K) From: 64K(22016K)->64K(20480K)
[370.143s][info][gc,heap        ] GC(967) ParOldGen: 85749K(175104K)->85749K(175104K)
[370.143s][info][gc,metaspace   ] GC(967) Metaspace: 35351K(36032K)->35351K(36032K) NonClass: 29078K(29568K)->29078K(29568K) Class: 6272K(6464K)->6272K(6464K)
[370.143s][info][gc             ] GC(967) Pause Young (Allocation Failure) 348M->83M(475M) 0.888ms
[370.143s][info][gc,cpu         ] GC(967) User=0.00s Sys=0.00s Real=0.00s
[370.616s][info][gc,start       ] GC(968) Pause Young (Allocation Failure)
[370.616s][info][gc,heap        ] GC(968) PSYoungGen: 290880K(311296K)->64K(311296K) Eden: 290816K(290816K)->0K(290816K) From: 64K(20480K)->64K(20480K)
[370.616s][info][gc,heap        ] GC(968) ParOldGen: 85749K(175104K)->85765K(175104K)
[370.616s][info][gc,metaspace   ] GC(968) Metaspace: 35351K(36032K)->35351K(36032K) NonClass: 29078K(29568K)->29078K(29568K) Class: 6272K(6464K)->6272K(6464K)
[370.616s][info][gc             ] GC(968) Pause Young (Allocation Failure) 367M->83M(475M) 0.824ms
[370.616s][info][gc,cpu         ] GC(968) User=0.00s Sys=0.00s Real=0.00s
[370.818s][info][gc,start       ] GC(969) Pause Young (Allocation Failure)
[370.819s][info][gc,heap        ] GC(969) PSYoungGen: 290880K(311296K)->64K(312832K) Eden: 290816K(290816K)->0K(293376K) From: 64K(20480K)->64K(19456K)
[370.819s][info][gc,heap        ] GC(969) ParOldGen: 85765K(175104K)->85781K(175104K)
[370.819s][info][gc,metaspace   ] GC(969) Metaspace: 35351K(36032K)->35351K(36032K) NonClass: 29078K(29568K)->29078K(29568K) Class: 6272K(6464K)->6272K(6464K)
[370.819s][info][gc             ] GC(969) Pause Young (Allocation Failure) 367M->83M(476M) 0.766ms
[370.819s][info][gc,cpu         ] GC(969) User=0.01s Sys=0.00s Real=0.00s
[371.024s][info][gc,start       ] GC(970) Pause Young (Allocation Failure)
[371.024s][info][gc,heap        ] GC(970) PSYoungGen: 293440K(312832K)->64K(312320K) Eden: 293376K(293376K)->0K(293376K) From: 64K(19456K)->64K(18944K)
[371.024s][info][gc,heap        ] GC(970) ParOldGen: 85781K(175104K)->85781K(175104K)
[371.024s][info][gc,metaspace   ] GC(970) Metaspace: 35351K(36032K)->35351K(36032K) NonClass: 29078K(29568K)->29078K(29568K) Class: 6272K(6464K)->6272K(6464K)
[371.024s][info][gc             ] GC(970) Pause Young (Allocation Failure) 370M->83M(476M) 0.810ms
[371.024s][info][gc,cpu         ] GC(970) User=0.00s Sys=0.00s Real=0.00s
[371.346s][info][gc,start       ] GC(971) Pause Young (Allocation Failure)
[371.346s][info][gc,heap        ] GC(971) PSYoungGen: 293440K(312320K)->64K(313856K) Eden: 293376K(293376K)->0K(296448K) From: 64K(18944K)->64K(17408K)
[371.346s][info][gc,heap        ] GC(971) ParOldGen: 85781K(175104K)->85781K(175104K)
[371.346s][info][gc,metaspace   ] GC(971) Metaspace: 35364K(36032K)->35364K(36032K) NonClass: 29091K(29568K)->29091K(29568K) Class: 6272K(6464K)->6272K(6464K)
[371.346s][info][gc             ] GC(971) Pause Young (Allocation Failure) 370M->83M(477M) 0.848ms
[371.347s][info][gc,cpu         ] GC(971) User=0.00s Sys=0.00s Real=0.00s
[371.404s][info][gc,start       ] GC(972) Pause Young (Allocation Failure)
[371.405s][info][gc,heap        ] GC(972) PSYoungGen: 296512K(313856K)->64K(313344K) Eden: 296448K(296448K)->0K(296448K) From: 64K(17408K)->64K(16896K)
[371.405s][info][gc,heap        ] GC(972) ParOldGen: 85781K(175104K)->85797K(175104K)
[371.405s][info][gc,metaspace   ] GC(972) Metaspace: 35364K(36032K)->35364K(36032K) NonClass: 29091K(29568K)->29091K(29568K) Class: 6272K(6464K)->6272K(6464K)
[371.405s][info][gc             ] GC(972) Pause Young (Allocation Failure) 373M->83M(477M) 0.905ms
[371.405s][info][gc,cpu         ] GC(972) User=0.00s Sys=0.00s Real=0.00s
[371.479s][info][gc,start       ] GC(973) Pause Young (Allocation Failure)
[371.480s][info][gc,heap        ] GC(973) PSYoungGen: 296512K(313344K)->64K(315904K) Eden: 296448K(296448K)->0K(300544K) From: 64K(16896K)->64K(15360K)
[371.480s][info][gc,heap        ] GC(973) ParOldGen: 85797K(175104K)->85797K(175104K)
[371.480s][info][gc,metaspace   ] GC(973) Metaspace: 35364K(36032K)->35364K(36032K) NonClass: 29091K(29568K)->29091K(29568K) Class: 6272K(6464K)->6272K(6464K)
[371.480s][info][gc             ] GC(973) Pause Young (Allocation Failure) 373M->83M(479M) 0.866ms
[371.480s][info][gc,cpu         ] GC(973) User=0.00s Sys=0.00s Real=0.00s
[371.706s][info][gc,start       ] GC(974) Pause Young (Allocation Failure)
[371.706s][info][gc,heap        ] GC(974) PSYoungGen: 300608K(315904K)->64K(315904K) Eden: 300544K(300544K)->0K(300544K) From: 64K(15360K)->64K(15360K)
[371.706s][info][gc,heap        ] GC(974) ParOldGen: 85797K(175104K)->85813K(175104K)
[371.706s][info][gc,metaspace   ] GC(974) Metaspace: 35364K(36032K)->35364K(36032K) NonClass: 29091K(29568K)->29091K(29568K) Class: 6272K(6464K)->6272K(6464K)
[371.706s][info][gc             ] GC(974) Pause Young (Allocation Failure) 377M->83M(479M) 0.814ms
[371.706s][info][gc,cpu         ] GC(974) User=0.00s Sys=0.00s Real=0.00s
[371.917s][info][gc,start       ] GC(975) Pause Young (Allocation Failure)
[371.918s][info][gc,heap        ] GC(975) PSYoungGen: 300608K(315904K)->64K(288768K) Eden: 300544K(300544K)->0K(288256K) From: 64K(15360K)->64K(512K)
[371.918s][info][gc,heap        ] GC(975) ParOldGen: 85813K(175104K)->85813K(175104K)
[371.918s][info][gc,metaspace   ] GC(975) Metaspace: 35365K(36032K)->35365K(36032K) NonClass: 29092K(29568K)->29092K(29568K) Class: 6272K(6464K)->6272K(6464K)
[371.918s][info][gc             ] GC(975) Pause Young (Allocation Failure) 377M->83M(453M) 0.927ms
[371.918s][info][gc,cpu         ] GC(975) User=0.00s Sys=0.00s Real=0.00s
[372.001s][info][gc,start       ] GC(976) Pause Young (Allocation Failure)
[372.002s][info][gc,heap        ] GC(976) PSYoungGen: 288320K(288768K)->64K(290816K) Eden: 288256K(288256K)->0K(276992K) From: 64K(512K)->64K(13824K)
[372.002s][info][gc,heap        ] GC(976) ParOldGen: 85813K(175104K)->85829K(175104K)
[372.002s][info][gc,metaspace   ] GC(976) Metaspace: 35365K(36032K)->35365K(36032K) NonClass: 29092K(29568K)->29092K(29568K) Class: 6272K(6464K)->6272K(6464K)
[372.002s][info][gc             ] GC(976) Pause Young (Allocation Failure) 365M->83M(455M) 0.714ms
[372.002s][info][gc,cpu         ] GC(976) User=0.00s Sys=0.00s Real=0.00s
[372.112s][info][gc,start       ] GC(977) Pause Young (Allocation Failure)
[372.113s][info][gc,heap        ] GC(977) PSYoungGen: 277056K(290816K)->64K(266752K) Eden: 276992K(276992K)->0K(266240K) From: 64K(13824K)->64K(512K)
[372.113s][info][gc,heap        ] GC(977) ParOldGen: 85829K(175104K)->85829K(175104K)
[372.113s][info][gc,metaspace   ] GC(977) Metaspace: 35375K(36032K)->35375K(36032K) NonClass: 29102K(29568K)->29102K(29568K) Class: 6272K(6464K)->6272K(6464K)
[372.113s][info][gc             ] GC(977) Pause Young (Allocation Failure) 354M->83M(431M) 0.815ms
[372.113s][info][gc,cpu         ] GC(977) User=0.01s Sys=0.00s Real=0.00s
[372.332s][info][gc,start       ] GC(978) Pause Young (Allocation Failure)
[372.332s][info][gc,heap        ] GC(978) PSYoungGen: 266304K(266752K)->64K(267776K) Eden: 266240K(266240K)->0K(256000K) From: 64K(512K)->64K(11776K)
[372.332s][info][gc,heap        ] GC(978) ParOldGen: 85829K(175104K)->85837K(175104K)
[372.332s][info][gc,metaspace   ] GC(978) Metaspace: 35375K(36032K)->35375K(36032K) NonClass: 29102K(29568K)->29102K(29568K) Class: 6272K(6464K)->6272K(6464K)
[372.333s][info][gc             ] GC(978) Pause Young (Allocation Failure) 343M->83M(432M) 0.802ms
[372.333s][info][gc,cpu         ] GC(978) User=0.00s Sys=0.00s Real=0.00s
[373.193s][info][gc,start       ] GC(979) Pause Young (Allocation Failure)
[373.194s][info][gc,heap        ] GC(979) PSYoungGen: 256064K(267776K)->83K(246784K) Eden: 256000K(256000K)->0K(246272K) From: 64K(11776K)->83K(512K)
[373.194s][info][gc,heap        ] GC(979) ParOldGen: 85837K(175104K)->85845K(175104K)
[373.194s][info][gc,metaspace   ] GC(979) Metaspace: 35375K(36032K)->35375K(36032K) NonClass: 29102K(29568K)->29102K(29568K) Class: 6272K(6464K)->6272K(6464K)
[373.195s][info][gc             ] GC(979) Pause Young (Allocation Failure) 333M->83M(412M) 1.186ms
[373.195s][info][gc,cpu         ] GC(979) User=0.00s Sys=0.00s Real=0.00s
[374.080s][info][gc,start       ] GC(980) Pause Young (Allocation Failure)
[374.081s][info][gc,heap        ] GC(980) PSYoungGen: 246355K(246784K)->64K(247808K) Eden: 246272K(246272K)->0K(237056K) From: 83K(512K)->64K(10752K)
[374.081s][info][gc,heap        ] GC(980) ParOldGen: 85845K(175104K)->85861K(175104K)
[374.081s][info][gc,metaspace   ] GC(980) Metaspace: 35375K(36032K)->35375K(36032K) NonClass: 29102K(29568K)->29102K(29568K) Class: 6272K(6464K)->6272K(6464K)
[374.081s][info][gc             ] GC(980) Pause Young (Allocation Failure) 324M->83M(413M) 0.940ms
[374.081s][info][gc,cpu         ] GC(980) User=0.00s Sys=0.00s Real=0.00s
[374.241s][info][gc,start       ] GC(981) Pause Young (Allocation Failure)
[374.242s][info][gc,heap        ] GC(981) PSYoungGen: 237120K(247808K)->64K(228352K) Eden: 237056K(237056K)->0K(227840K) From: 64K(10752K)->64K(512K)
[374.242s][info][gc,heap        ] GC(981) ParOldGen: 85861K(175104K)->85869K(175104K)
[374.242s][info][gc,metaspace   ] GC(981) Metaspace: 35375K(36032K)->35375K(36032K) NonClass: 29102K(29568K)->29102K(29568K) Class: 6272K(6464K)->6272K(6464K)
[374.242s][info][gc             ] GC(981) Pause Young (Allocation Failure) 315M->83M(394M) 1.530ms
[374.242s][info][gc,cpu         ] GC(981) User=0.00s Sys=0.00s Real=0.00s
[374.680s][info][gc,start       ] GC(982) Pause Young (Allocation Failure)
[374.681s][info][gc,heap        ] GC(982) PSYoungGen: 227904K(228352K)->64K(228352K) Eden: 227840K(227840K)->0K(219136K) From: 64K(512K)->64K(9216K)
[374.681s][info][gc,heap        ] GC(982) ParOldGen: 85869K(175104K)->85877K(175104K)
[374.681s][info][gc,metaspace   ] GC(982) Metaspace: 35375K(36032K)->35375K(36032K) NonClass: 29102K(29568K)->29102K(29568K) Class: 6272K(6464K)->6272K(6464K)
[374.681s][info][gc             ] GC(982) Pause Young (Allocation Failure) 306M->83M(394M) 0.895ms
[374.681s][info][gc,cpu         ] GC(982) User=0.00s Sys=0.00s Real=0.00s
[375.678s][info][gc,start       ] GC(983) Pause Young (Allocation Failure)
[375.680s][info][gc,heap        ] GC(983) PSYoungGen: 219200K(228352K)->64K(211456K) Eden: 219136K(219136K)->0K(210944K) From: 64K(9216K)->64K(512K)
[375.680s][info][gc,heap        ] GC(983) ParOldGen: 85877K(175104K)->85893K(175104K)
[375.681s][info][gc,metaspace   ] GC(983) Metaspace: 35375K(36032K)->35375K(36032K) NonClass: 29102K(29568K)->29102K(29568K) Class: 6272K(6464K)->6272K(6464K)
[375.681s][info][gc             ] GC(983) Pause Young (Allocation Failure) 297M->83M(377M) 2.242ms
[375.681s][info][gc,cpu         ] GC(983) User=0.00s Sys=0.00s Real=0.00s
[375.881s][info][gc,start       ] GC(984) Pause Young (Allocation Failure)
[375.882s][info][gc,heap        ] GC(984) PSYoungGen: 211008K(211456K)->64K(211456K) Eden: 210944K(210944K)->0K(203264K) From: 64K(512K)->64K(8192K)
[375.882s][info][gc,heap        ] GC(984) ParOldGen: 85893K(175104K)->85901K(175104K)
[375.882s][info][gc,metaspace   ] GC(984) Metaspace: 35375K(36032K)->35375K(36032K) NonClass: 29102K(29568K)->29102K(29568K) Class: 6272K(6464K)->6272K(6464K)
[375.882s][info][gc             ] GC(984) Pause Young (Allocation Failure) 289M->83M(377M) 1.470ms
[375.882s][info][gc,cpu         ] GC(984) User=0.00s Sys=0.00s Real=0.00s
[376.200s][info][gc,start       ] GC(985) Pause Young (Allocation Failure)
[376.202s][info][gc,heap        ] GC(985) PSYoungGen: 203328K(211456K)->64K(196608K) Eden: 203264K(203264K)->0K(196096K) From: 64K(8192K)->64K(512K)
[376.202s][info][gc,heap        ] GC(985) ParOldGen: 85901K(175104K)->85909K(175104K)
[376.202s][info][gc,metaspace   ] GC(985) Metaspace: 35377K(36032K)->35377K(36032K) NonClass: 29104K(29568K)->29104K(29568K) Class: 6272K(6464K)->6272K(6464K)
[376.202s][info][gc             ] GC(985) Pause Young (Allocation Failure) 282M->83M(363M) 2.173ms
[376.202s][info][gc,cpu         ] GC(985) User=0.00s Sys=0.00s Real=0.00s
[376.345s][info][gc,start       ] GC(986) Pause Young (Allocation Failure)
[376.346s][info][gc,heap        ] GC(986) PSYoungGen: 196160K(196608K)->64K(196096K) Eden: 196096K(196096K)->0K(188928K) From: 64K(512K)->64K(7168K)
[376.346s][info][gc,heap        ] GC(986) ParOldGen: 85909K(175104K)->85917K(175104K)
[376.346s][info][gc,metaspace   ] GC(986) Metaspace: 35377K(36032K)->35377K(36032K) NonClass: 29104K(29568K)->29104K(29568K) Class: 6272K(6464K)->6272K(6464K)
[376.346s][info][gc             ] GC(986) Pause Young (Allocation Failure) 275M->83M(362M) 1.193ms
[376.346s][info][gc,cpu         ] GC(986) User=0.00s Sys=0.00s Real=0.00s
[376.415s][info][gc,start       ] GC(987) Pause Young (Allocation Failure)
[376.417s][info][gc,heap        ] GC(987) PSYoungGen: 188992K(196096K)->32K(182784K) Eden: 188928K(188928K)->0K(182272K) From: 64K(7168K)->32K(512K)
[376.417s][info][gc,heap        ] GC(987) ParOldGen: 85917K(175104K)->85925K(175104K)
[376.417s][info][gc,metaspace   ] GC(987) Metaspace: 35377K(36032K)->35377K(36032K) NonClass: 29104K(29568K)->29104K(29568K) Class: 6272K(6464K)->6272K(6464K)
[376.417s][info][gc             ] GC(987) Pause Young (Allocation Failure) 268M->83M(349M) 2.504ms
[376.417s][info][gc,cpu         ] GC(987) User=0.00s Sys=0.00s Real=0.01s
[376.796s][info][gc,start       ] GC(988) Pause Young (Allocation Failure)
[376.797s][info][gc,heap        ] GC(988) PSYoungGen: 182304K(182784K)->64K(181760K) Eden: 182272K(182272K)->0K(175616K) From: 32K(512K)->64K(6144K)
[376.797s][info][gc,heap        ] GC(988) ParOldGen: 85925K(175104K)->85941K(175104K)
[376.797s][info][gc,metaspace   ] GC(988) Metaspace: 35377K(36032K)->35377K(36032K) NonClass: 29104K(29568K)->29104K(29568K) Class: 6272K(6464K)->6272K(6464K)
[376.797s][info][gc             ] GC(988) Pause Young (Allocation Failure) 261M->83M(348M) 1.219ms
[376.797s][info][gc,cpu         ] GC(988) User=0.00s Sys=0.00s Real=0.01s
[377.147s][info][gc,start       ] GC(989) Pause Young (Allocation Failure)
[377.149s][info][gc,heap        ] GC(989) PSYoungGen: 175680K(181760K)->64K(169984K) Eden: 175616K(175616K)->0K(169472K) From: 64K(6144K)->64K(512K)
[377.149s][info][gc,heap        ] GC(989) ParOldGen: 85941K(175104K)->85949K(175104K)
[377.149s][info][gc,metaspace   ] GC(989) Metaspace: 35377K(36032K)->35377K(36032K) NonClass: 29104K(29568K)->29104K(29568K) Class: 6272K(6464K)->6272K(6464K)
[377.149s][info][gc             ] GC(989) Pause Young (Allocation Failure) 255M->83M(337M) 1.742ms
[377.149s][info][gc,cpu         ] GC(989) User=0.00s Sys=0.01s Real=0.00s
[377.360s][info][gc,start       ] GC(990) Pause Young (Allocation Failure)
[377.361s][info][gc,heap        ] GC(990) PSYoungGen: 169536K(169984K)->64K(168960K) Eden: 169472K(169472K)->0K(163840K) From: 64K(512K)->64K(5120K)
[377.361s][info][gc,heap        ] GC(990) ParOldGen: 85949K(175104K)->85965K(175104K)
[377.361s][info][gc,metaspace   ] GC(990) Metaspace: 35377K(36032K)->35377K(36032K) NonClass: 29104K(29568K)->29104K(29568K) Class: 6272K(6464K)->6272K(6464K)
[377.361s][info][gc             ] GC(990) Pause Young (Allocation Failure) 249M->84M(336M) 1.286ms
[377.361s][info][gc,cpu         ] GC(990) User=0.00s Sys=0.00s Real=0.00s
[377.645s][info][gc,start       ] GC(991) Pause Young (Allocation Failure)
[377.672s][info][gc,heap        ] GC(991) PSYoungGen: 163904K(168960K)->4608K(200704K) Eden: 163840K(163840K)->0K(196096K) From: 64K(5120K)->4608K(4608K)
[377.672s][info][gc,heap        ] GC(991) ParOldGen: 85965K(175104K)->89621K(175104K)
[377.672s][info][gc,metaspace   ] GC(991) Metaspace: 35377K(36032K)->35377K(36032K) NonClass: 29104K(29568K)->29104K(29568K) Class: 6272K(6464K)->6272K(6464K)
[377.672s][info][gc             ] GC(991) Pause Young (Allocation Failure) 244M->92M(367M) 26.802ms
[377.672s][info][gc,cpu         ] GC(991) User=0.03s Sys=0.00s Real=0.03s
[377.901s][info][gc,start       ] GC(992) Pause Young (Allocation Failure)
[377.950s][info][gc,heap        ] GC(992) PSYoungGen: 200704K(200704K)->7168K(242688K) Eden: 196096K(196096K)->0K(235520K) From: 4608K(4608K)->7168K(7168K)
[377.950s][info][gc,heap        ] GC(992) ParOldGen: 89621K(175104K)->103277K(175104K)
[377.950s][info][gc,metaspace   ] GC(992) Metaspace: 35377K(36032K)->35377K(36032K) NonClass: 29104K(29568K)->29104K(29568K) Class: 6272K(6464K)->6272K(6464K)
[377.950s][info][gc             ] GC(992) Pause Young (Allocation Failure) 283M->107M(408M) 49.255ms
[377.950s][info][gc,cpu         ] GC(992) User=0.10s Sys=0.00s Real=0.05s
[378.235s][info][gc,start       ] GC(993) Pause Young (Allocation Failure)
[378.302s][info][gc,heap        ] GC(993) PSYoungGen: 242688K(242688K)->11264K(242176K) Eden: 235520K(235520K)->0K(230912K) From: 7168K(7168K)->11264K(11264K)
[378.302s][info][gc,heap        ] GC(993) ParOldGen: 103277K(175104K)->117357K(175104K)
[378.302s][info][gc,metaspace   ] GC(993) Metaspace: 35377K(36032K)->35377K(36032K) NonClass: 29104K(29568K)->29104K(29568K) Class: 6272K(6464K)->6272K(6464K)
[378.302s][info][gc             ] GC(993) Pause Young (Allocation Failure) 337M->125M(407M) 67.130ms
[378.302s][info][gc,cpu         ] GC(993) User=0.10s Sys=0.00s Real=0.07s
[378.496s][info][gc,start       ] GC(994) Pause Young (Allocation Failure)
[378.526s][info][gc,heap        ] GC(994) PSYoungGen: 242176K(242176K)->15168K(251904K) Eden: 230912K(230912K)->0K(230912K) From: 11264K(11264K)->15168K(20992K)
[378.526s][info][gc,heap        ] GC(994) ParOldGen: 117357K(175104K)->117869K(175104K)
[378.526s][info][gc,metaspace   ] GC(994) Metaspace: 35377K(36032K)->35377K(36032K) NonClass: 29104K(29568K)->29104K(29568K) Class: 6272K(6464K)->6272K(6464K)
[378.526s][info][gc             ] GC(994) Pause Young (Allocation Failure) 351M->129M(417M) 30.040ms
[378.526s][info][gc,cpu         ] GC(994) User=0.06s Sys=0.00s Real=0.03s
[378.612s][info][gc,start       ] GC(995) Pause Young (Allocation Failure)
[378.613s][info][gc,heap        ] GC(995) PSYoungGen: 246080K(251904K)->64K(299520K) Eden: 230912K(230912K)->0K(277504K) From: 15168K(20992K)->64K(22016K)
[378.613s][info][gc,heap        ] GC(995) ParOldGen: 117869K(175104K)->117877K(175104K)
[378.613s][info][gc,metaspace   ] GC(995) Metaspace: 35377K(36032K)->35377K(36032K) NonClass: 29104K(29568K)->29104K(29568K) Class: 6272K(6464K)->6272K(6464K)
[378.613s][info][gc             ] GC(995) Pause Young (Allocation Failure) 355M->115M(463M) 0.945ms
[378.613s][info][gc,cpu         ] GC(995) User=0.00s Sys=0.00s Real=0.00s
[379.336s][info][gc,start       ] GC(996) Pause Young (Allocation Failure)
[379.337s][info][gc,heap        ] GC(996) PSYoungGen: 277568K(299520K)->64K(300032K) Eden: 277504K(277504K)->0K(277504K) From: 64K(22016K)->64K(22528K)
[379.337s][info][gc,heap        ] GC(996) ParOldGen: 117877K(175104K)->117885K(175104K)
[379.337s][info][gc,metaspace   ] GC(996) Metaspace: 35377K(36032K)->35377K(36032K) NonClass: 29104K(29568K)->29104K(29568K) Class: 6272K(6464K)->6272K(6464K)
[379.337s][info][gc             ] GC(996) Pause Young (Allocation Failure) 386M->115M(464M) 0.905ms
[379.337s][info][gc,cpu         ] GC(996) User=0.00s Sys=0.00s Real=0.01s
[379.762s][info][gc,start       ] GC(997) Pause Young (Allocation Failure)
[379.763s][info][gc,heap        ] GC(997) PSYoungGen: 277568K(300032K)->64K(309248K) Eden: 277504K(277504K)->0K(289280K) From: 64K(22528K)->64K(19968K)
[379.764s][info][gc,heap        ] GC(997) ParOldGen: 117885K(175104K)->117893K(175104K)
[379.764s][info][gc,metaspace   ] GC(997) Metaspace: 35377K(36032K)->35377K(36032K) NonClass: 29104K(29568K)->29104K(29568K) Class: 6272K(6464K)->6272K(6464K)
[379.764s][info][gc             ] GC(997) Pause Young (Allocation Failure) 386M->115M(473M) 1.241ms
[379.764s][info][gc,cpu         ] GC(997) User=0.01s Sys=0.00s Real=0.00s
[380.263s][info][gc,start       ] GC(998) Pause Young (Allocation Failure)
[380.264s][info][gc,heap        ] GC(998) PSYoungGen: 289344K(309248K)->64K(310272K) Eden: 289280K(289280K)->0K(289280K) From: 64K(19968K)->64K(20992K)
[380.264s][info][gc,heap        ] GC(998) ParOldGen: 117893K(175104K)->117909K(175104K)
[380.264s][info][gc,metaspace   ] GC(998) Metaspace: 35377K(36032K)->35377K(36032K) NonClass: 29104K(29568K)->29104K(29568K) Class: 6272K(6464K)->6272K(6464K)
[380.264s][info][gc             ] GC(998) Pause Young (Allocation Failure) 397M->115M(474M) 0.953ms
[380.264s][info][gc,cpu         ] GC(998) User=0.01s Sys=0.01s Real=0.00s
[380.471s][info][gc,start       ] GC(999) Pause Young (Allocation Failure)
[380.472s][info][gc,heap        ] GC(999) PSYoungGen: 289344K(310272K)->64K(310272K) Eden: 289280K(289280K)->0K(292352K) From: 64K(20992K)->64K(17920K)
[380.472s][info][gc,heap        ] GC(999) ParOldGen: 117909K(175104K)->117925K(175104K)
[380.472s][info][gc,metaspace   ] GC(999) Metaspace: 35377K(36032K)->35377K(36032K) NonClass: 29104K(29568K)->29104K(29568K) Class: 6272K(6464K)->6272K(6464K)
[380.472s][info][gc             ] GC(999) Pause Young (Allocation Failure) 397M->115M(474M) 1.101ms
[380.472s][info][gc,cpu         ] GC(999) User=0.00s Sys=0.00s Real=0.00s
[380.693s][info][gc,start       ] GC(1000) Pause Young (Allocation Failure)
[380.694s][info][gc,heap        ] GC(1000) PSYoungGen: 292416K(310272K)->64K(311808K) Eden: 292352K(292352K)->0K(292352K) From: 64K(17920K)->64K(19456K)
[380.694s][info][gc,heap        ] GC(1000) ParOldGen: 117925K(175104K)->117925K(175104K)
[380.694s][info][gc,metaspace   ] GC(1000) Metaspace: 35377K(36032K)->35377K(36032K) NonClass: 29104K(29568K)->29104K(29568K) Class: 6272K(6464K)->6272K(6464K)
[380.694s][info][gc             ] GC(1000) Pause Young (Allocation Failure) 400M->115M(475M) 1.212ms
[380.694s][info][gc,cpu         ] GC(1000) User=0.00s Sys=0.00s Real=0.00s
[381.070s][info][gc,start       ] GC(1001) Pause Young (Allocation Failure)
[381.071s][info][gc,heap        ] GC(1001) PSYoungGen: 292416K(311808K)->64K(311808K) Eden: 292352K(292352K)->0K(295936K) From: 64K(19456K)->64K(15872K)
[381.071s][info][gc,heap        ] GC(1001) ParOldGen: 117925K(175104K)->117925K(175104K)
[381.071s][info][gc,metaspace   ] GC(1001) Metaspace: 35377K(36032K)->35377K(36032K) NonClass: 29104K(29568K)->29104K(29568K) Class: 6272K(6464K)->6272K(6464K)
[381.071s][info][gc             ] GC(1001) Pause Young (Allocation Failure) 400M->115M(475M) 1.202ms
[381.071s][info][gc,cpu         ] GC(1001) User=0.00s Sys=0.00s Real=0.00s
[381.131s][info][gc,start       ] GC(1002) Pause Young (Allocation Failure)
[381.132s][info][gc,heap        ] GC(1002) PSYoungGen: 296000K(311808K)->32K(313344K) Eden: 295936K(295936K)->0K(295936K) From: 64K(15872K)->32K(17408K)
[381.132s][info][gc,heap        ] GC(1002) ParOldGen: 117925K(175104K)->117941K(175104K)
[381.132s][info][gc,metaspace   ] GC(1002) Metaspace: 35377K(36032K)->35377K(36032K) NonClass: 29104K(29568K)->29104K(29568K) Class: 6272K(6464K)->6272K(6464K)
[381.132s][info][gc             ] GC(1002) Pause Young (Allocation Failure) 404M->115M(477M) 1.099ms
[381.132s][info][gc,cpu         ] GC(1002) User=0.00s Sys=0.00s Real=0.00s
[381.188s][info][gc,start       ] GC(1003) Pause Young (Allocation Failure)
[381.189s][info][gc,heap        ] GC(1003) PSYoungGen: 295968K(313344K)->64K(313856K) Eden: 295936K(295936K)->0K(299520K) From: 32K(17408K)->64K(14336K)
[381.189s][info][gc,heap        ] GC(1003) ParOldGen: 117941K(175104K)->117941K(175104K)
[381.189s][info][gc,metaspace   ] GC(1003) Metaspace: 35377K(36032K)->35377K(36032K) NonClass: 29104K(29568K)->29104K(29568K) Class: 6272K(6464K)->6272K(6464K)
[381.189s][info][gc             ] GC(1003) Pause Young (Allocation Failure) 404M->115M(477M) 1.067ms
[381.189s][info][gc,cpu         ] GC(1003) User=0.00s Sys=0.00s Real=0.00s
[381.424s][info][gc,start       ] GC(1004) Pause Young (Allocation Failure)
[381.424s][info][gc,heap        ] GC(1004) PSYoungGen: 299584K(313856K)->64K(315392K) Eden: 299520K(299520K)->0K(299520K) From: 64K(14336K)->64K(15872K)
[381.424s][info][gc,heap        ] GC(1004) ParOldGen: 117941K(175104K)->117941K(175104K)
[381.424s][info][gc,metaspace   ] GC(1004) Metaspace: 35377K(36032K)->35377K(36032K) NonClass: 29104K(29568K)->29104K(29568K) Class: 6272K(6464K)->6272K(6464K)
[381.424s][info][gc             ] GC(1004) Pause Young (Allocation Failure) 407M->115M(479M) 0.902ms
[381.424s][info][gc,cpu         ] GC(1004) User=0.01s Sys=0.00s Real=0.00s
[381.647s][info][gc,start       ] GC(1005) Pause Young (Allocation Failure)
[381.648s][info][gc,heap        ] GC(1005) PSYoungGen: 299584K(315392K)->64K(315392K) Eden: 299520K(299520K)->0K(303104K) From: 64K(15872K)->64K(12288K)
[381.648s][info][gc,heap        ] GC(1005) ParOldGen: 117941K(175104K)->117949K(175104K)
[381.648s][info][gc,metaspace   ] GC(1005) Metaspace: 35377K(36032K)->35377K(36032K) NonClass: 29104K(29568K)->29104K(29568K) Class: 6272K(6464K)->6272K(6464K)
[381.648s][info][gc             ] GC(1005) Pause Young (Allocation Failure) 407M->115M(479M) 0.951ms
[381.648s][info][gc,cpu         ] GC(1005) User=0.00s Sys=0.00s Real=0.00s
[381.755s][info][gc,start       ] GC(1006) Pause Young (Allocation Failure)
[381.756s][info][gc,heap        ] GC(1006) PSYoungGen: 303168K(315392K)->64K(291328K) Eden: 303104K(303104K)->0K(290816K) From: 64K(12288K)->64K(512K)
[381.756s][info][gc,heap        ] GC(1006) ParOldGen: 117949K(175104K)->117957K(175104K)
[381.756s][info][gc,metaspace   ] GC(1006) Metaspace: 35377K(36032K)->35377K(36032K) NonClass: 29104K(29568K)->29104K(29568K) Class: 6272K(6464K)->6272K(6464K)
[381.756s][info][gc             ] GC(1006) Pause Young (Allocation Failure) 411M->115M(455M) 0.949ms
[381.756s][info][gc,cpu         ] GC(1006) User=0.00s Sys=0.01s Real=0.00s
[381.869s][info][gc,start       ] GC(1007) Pause Young (Allocation Failure)
[381.869s][info][gc,heap        ] GC(1007) PSYoungGen: 290880K(291328K)->64K(279552K) Eden: 290816K(290816K)->0K(279040K) From: 64K(512K)->64K(512K)
[381.869s][info][gc,heap        ] GC(1007) ParOldGen: 117957K(175104K)->117965K(175104K)
[381.870s][info][gc,metaspace   ] GC(1007) Metaspace: 35377K(36032K)->35377K(36032K) NonClass: 29104K(29568K)->29104K(29568K) Class: 6272K(6464K)->6272K(6464K)
[381.870s][info][gc             ] GC(1007) Pause Young (Allocation Failure) 399M->115M(444M) 0.969ms
[381.870s][info][gc,cpu         ] GC(1007) User=0.00s Sys=0.00s Real=0.00s
[382.092s][info][gc,start       ] GC(1008) Pause Young (Allocation Failure)
[382.093s][info][gc,heap        ] GC(1008) PSYoungGen: 279104K(279552K)->64K(280064K) Eden: 279040K(279040K)->0K(267776K) From: 64K(512K)->64K(12288K)
[382.093s][info][gc,heap        ] GC(1008) ParOldGen: 117965K(175104K)->117973K(175104K)
[382.093s][info][gc,metaspace   ] GC(1008) Metaspace: 35377K(36032K)->35377K(36032K) NonClass: 29104K(29568K)->29104K(29568K) Class: 6272K(6464K)->6272K(6464K)
[382.093s][info][gc             ] GC(1008) Pause Young (Allocation Failure) 387M->115M(444M) 0.884ms
[382.093s][info][gc,cpu         ] GC(1008) User=0.00s Sys=0.00s Real=0.00s
[383.048s][info][gc,start       ] GC(1009) Pause Young (Allocation Failure)
[383.050s][info][gc,heap        ] GC(1009) PSYoungGen: 267840K(280064K)->64K(258048K) Eden: 267776K(267776K)->0K(257536K) From: 64K(12288K)->64K(512K)
[383.050s][info][gc,heap        ] GC(1009) ParOldGen: 117973K(175104K)->117981K(175104K)
[383.050s][info][gc,metaspace   ] GC(1009) Metaspace: 35377K(36032K)->35377K(36032K) NonClass: 29104K(29568K)->29104K(29568K) Class: 6272K(6464K)->6272K(6464K)
[383.050s][info][gc             ] GC(1009) Pause Young (Allocation Failure) 376M->115M(423M) 2.318ms
[383.050s][info][gc,cpu         ] GC(1009) User=0.00s Sys=0.00s Real=0.00s
[383.995s][info][gc,start       ] GC(1010) Pause Young (Allocation Failure)
[383.996s][info][gc,heap        ] GC(1010) PSYoungGen: 257600K(258048K)->64K(258048K) Eden: 257536K(257536K)->0K(247296K) From: 64K(512K)->64K(10752K)
[383.996s][info][gc,heap        ] GC(1010) ParOldGen: 117981K(175104K)->117989K(175104K)
[383.996s][info][gc,metaspace   ] GC(1010) Metaspace: 35377K(36032K)->35377K(36032K) NonClass: 29104K(29568K)->29104K(29568K) Class: 6272K(6464K)->6272K(6464K)
[383.996s][info][gc             ] GC(1010) Pause Young (Allocation Failure) 366M->115M(423M) 1.197ms
[383.996s][info][gc,cpu         ] GC(1010) User=0.01s Sys=0.00s Real=0.00s
[384.216s][info][gc,start       ] GC(1011) Pause Young (Allocation Failure)
[384.218s][info][gc,heap        ] GC(1011) PSYoungGen: 247360K(258048K)->32K(238080K) Eden: 247296K(247296K)->0K(237568K) From: 64K(10752K)->32K(512K)
[384.218s][info][gc,heap        ] GC(1011) ParOldGen: 117989K(175104K)->117997K(175104K)
[384.218s][info][gc,metaspace   ] GC(1011) Metaspace: 35377K(36032K)->35377K(36032K) NonClass: 29104K(29568K)->29104K(29568K) Class: 6272K(6464K)->6272K(6464K)
[384.218s][info][gc             ] GC(1011) Pause Young (Allocation Failure) 356M->115M(403M) 2.549ms
[384.218s][info][gc,cpu         ] GC(1011) User=0.01s Sys=0.00s Real=0.01s
[384.660s][info][gc,start       ] GC(1012) Pause Young (Allocation Failure)
[384.661s][info][gc,heap        ] GC(1012) PSYoungGen: 237600K(238080K)->64K(238080K) Eden: 237568K(237568K)->0K(228352K) From: 32K(512K)->64K(9728K)
[384.661s][info][gc,heap        ] GC(1012) ParOldGen: 117997K(175104K)->118005K(175104K)
[384.661s][info][gc,metaspace   ] GC(1012) Metaspace: 35377K(36032K)->35377K(36032K) NonClass: 29104K(29568K)->29104K(29568K) Class: 6272K(6464K)->6272K(6464K)
[384.661s][info][gc             ] GC(1012) Pause Young (Allocation Failure) 347M->115M(403M) 1.051ms
[384.661s][info][gc,cpu         ] GC(1012) User=0.00s Sys=0.00s Real=0.00s
[385.737s][info][gc,start       ] GC(1013) Pause Young (Allocation Failure)
[385.739s][info][gc,heap        ] GC(1013) PSYoungGen: 228416K(238080K)->64K(220160K) Eden: 228352K(228352K)->0K(219648K) From: 64K(9728K)->64K(512K)
[385.740s][info][gc,heap        ] GC(1013) ParOldGen: 118005K(175104K)->118013K(175104K)
[385.740s][info][gc,metaspace   ] GC(1013) Metaspace: 35377K(36032K)->35377K(36032K) NonClass: 29104K(29568K)->29104K(29568K) Class: 6272K(6464K)->6272K(6464K)
[385.740s][info][gc             ] GC(1013) Pause Young (Allocation Failure) 338M->115M(386M) 3.116ms
[385.740s][info][gc,cpu         ] GC(1013) User=0.00s Sys=0.00s Real=0.01s
[385.960s][info][gc,start       ] GC(1014) Pause Young (Allocation Failure)
[385.962s][info][gc,heap        ] GC(1014) PSYoungGen: 219712K(220160K)->64K(219648K) Eden: 219648K(219648K)->0K(211456K) From: 64K(512K)->64K(8192K)
[385.962s][info][gc,heap        ] GC(1014) ParOldGen: 118013K(175104K)->118021K(175104K)
[385.962s][info][gc,metaspace   ] GC(1014) Metaspace: 35377K(36032K)->35377K(36032K) NonClass: 29104K(29568K)->29104K(29568K) Class: 6272K(6464K)->6272K(6464K)
[385.962s][info][gc             ] GC(1014) Pause Young (Allocation Failure) 329M->115M(385M) 2.024ms
[385.962s][info][gc,cpu         ] GC(1014) User=0.00s Sys=0.00s Real=0.00s
[386.317s][info][gc,start       ] GC(1015) Pause Young (Allocation Failure)
[386.320s][info][gc,heap        ] GC(1015) PSYoungGen: 211520K(219648K)->64K(204288K) Eden: 211456K(211456K)->0K(203776K) From: 64K(8192K)->64K(512K)
[386.320s][info][gc,heap        ] GC(1015) ParOldGen: 118021K(175104K)->118029K(175104K)
[386.320s][info][gc,metaspace   ] GC(1015) Metaspace: 35377K(36032K)->35377K(36032K) NonClass: 29104K(29568K)->29104K(29568K) Class: 6272K(6464K)->6272K(6464K)
[386.320s][info][gc             ] GC(1015) Pause Young (Allocation Failure) 321M->115M(370M) 3.453ms
[386.320s][info][gc,cpu         ] GC(1015) User=0.01s Sys=0.00s Real=0.00s
[386.435s][info][gc,start       ] GC(1016) Pause Young (Allocation Failure)
[386.436s][info][gc,heap        ] GC(1016) PSYoungGen: 203840K(204288K)->64K(203264K) Eden: 203776K(203776K)->0K(196096K) From: 64K(512K)->64K(7168K)
[386.436s][info][gc,heap        ] GC(1016) ParOldGen: 118029K(175104K)->118037K(175104K)
[386.436s][info][gc,metaspace   ] GC(1016) Metaspace: 35377K(36032K)->35377K(36032K) NonClass: 29104K(29568K)->29104K(29568K) Class: 6272K(6464K)->6272K(6464K)
[386.436s][info][gc             ] GC(1016) Pause Young (Allocation Failure) 314M->115M(369M) 1.808ms
[386.437s][info][gc,cpu         ] GC(1016) User=0.00s Sys=0.00s Real=0.00s
[386.554s][info][gc,start       ] GC(1017) Pause Young (Allocation Failure)
[386.557s][info][gc,heap        ] GC(1017) PSYoungGen: 196160K(203264K)->64K(189440K) Eden: 196096K(196096K)->0K(188928K) From: 64K(7168K)->64K(512K)
[386.557s][info][gc,heap        ] GC(1017) ParOldGen: 118037K(175104K)->118045K(175104K)
[386.557s][info][gc,metaspace   ] GC(1017) Metaspace: 35377K(36032K)->35377K(36032K) NonClass: 29104K(29568K)->29104K(29568K) Class: 6272K(6464K)->6272K(6464K)
[386.557s][info][gc             ] GC(1017) Pause Young (Allocation Failure) 306M->115M(356M) 3.271ms
[386.557s][info][gc,cpu         ] GC(1017) User=0.00s Sys=0.00s Real=0.01s
[387.138s][info][gc,start       ] GC(1018) Pause Young (Allocation Failure)
[387.139s][info][gc,heap        ] GC(1018) PSYoungGen: 188992K(189440K)->32K(188416K) Eden: 188928K(188928K)->0K(182272K) From: 64K(512K)->32K(6144K)
[387.139s][info][gc,heap        ] GC(1018) ParOldGen: 118045K(175104K)->118053K(175104K)
[387.139s][info][gc,metaspace   ] GC(1018) Metaspace: 35377K(36032K)->35377K(36032K) NonClass: 29104K(29568K)->29104K(29568K) Class: 6272K(6464K)->6272K(6464K)
[387.139s][info][gc             ] GC(1018) Pause Young (Allocation Failure) 299M->115M(355M) 1.306ms
[387.139s][info][gc,cpu         ] GC(1018) User=0.00s Sys=0.00s Real=0.00s
[387.312s][info][gc,start       ] GC(1019) Pause Young (Allocation Failure)
[387.314s][info][gc,heap        ] GC(1019) PSYoungGen: 182304K(188416K)->64K(176128K) Eden: 182272K(182272K)->0K(175616K) From: 32K(6144K)->64K(512K)
[387.314s][info][gc,heap        ] GC(1019) ParOldGen: 118053K(175104K)->118053K(175104K)
[387.314s][info][gc,metaspace   ] GC(1019) Metaspace: 35377K(36032K)->35377K(36032K) NonClass: 29104K(29568K)->29104K(29568K) Class: 6272K(6464K)->6272K(6464K)
[387.314s][info][gc             ] GC(1019) Pause Young (Allocation Failure) 293M->115M(343M) 1.489ms
[387.314s][info][gc,cpu         ] GC(1019) User=0.00s Sys=0.00s Real=0.00s
[387.678s][info][gc,start       ] GC(1020) Pause Young (Allocation Failure)
[387.680s][info][gc,heap        ] GC(1020) PSYoungGen: 175680K(176128K)->768K(174592K) Eden: 175616K(175616K)->0K(169472K) From: 64K(512K)->768K(5120K)
[387.680s][info][gc,heap        ] GC(1020) ParOldGen: 118053K(175104K)->118069K(175104K)
[387.680s][info][gc,metaspace   ] GC(1020) Metaspace: 35377K(36032K)->35377K(36032K) NonClass: 29104K(29568K)->29104K(29568K) Class: 6272K(6464K)->6272K(6464K)
[387.680s][info][gc             ] GC(1020) Pause Young (Allocation Failure) 286M->116M(341M) 2.102ms
[387.680s][info][gc,cpu         ] GC(1020) User=0.00s Sys=0.00s Real=0.00s
[387.886s][info][gc,start       ] GC(1021) Pause Young (Allocation Failure)
[387.918s][info][gc,heap        ] GC(1021) PSYoungGen: 170240K(174592K)->5120K(208896K) Eden: 169472K(169472K)->0K(203776K) From: 768K(5120K)->5120K(5120K)
[387.918s][info][gc,heap        ] GC(1021) ParOldGen: 118069K(175104K)->130837K(175104K)
[387.918s][info][gc,metaspace   ] GC(1021) Metaspace: 35377K(36032K)->35377K(36032K) NonClass: 29104K(29568K)->29104K(29568K) Class: 6272K(6464K)->6272K(6464K)
[387.918s][info][gc             ] GC(1021) Pause Young (Allocation Failure) 281M->132M(375M) 31.864ms
[387.918s][info][gc,cpu         ] GC(1021) User=0.07s Sys=0.00s Real=0.04s
[388.168s][info][gc,start       ] GC(1022) Pause Young (Allocation Failure)
[388.210s][info][gc,heap        ] GC(1022) PSYoungGen: 208896K(208896K)->10752K(247808K) Eden: 203776K(203776K)->0K(237056K) From: 5120K(5120K)->10752K(10752K)
[388.210s][info][gc,heap        ] GC(1022) ParOldGen: 130837K(175104K)->142053K(175104K)
[388.210s][info][gc,metaspace   ] GC(1022) Metaspace: 35377K(36032K)->35377K(36032K) NonClass: 29104K(29568K)->29104K(29568K) Class: 6272K(6464K)->6272K(6464K)
[388.210s][info][gc             ] GC(1022) Pause Young (Allocation Failure) 331M->149M(413M) 41.629ms
[388.210s][info][gc,cpu         ] GC(1022) User=0.08s Sys=0.00s Real=0.04s
[388.489s][info][gc,start       ] GC(1023) Pause Young (Allocation Failure)
[388.544s][info][gc,heap        ] GC(1023) PSYoungGen: 247808K(247808K)->17408K(255488K) Eden: 237056K(237056K)->0K(238080K) From: 10752K(10752K)->17408K(17408K)
[388.544s][info][gc,heap        ] GC(1023) ParOldGen: 142053K(175104K)->150029K(175104K)
[388.544s][info][gc,metaspace   ] GC(1023) Metaspace: 35377K(36032K)->35377K(36032K) NonClass: 29104K(29568K)->29104K(29568K) Class: 6272K(6464K)->6272K(6464K)
[388.544s][info][gc             ] GC(1023) Pause Young (Allocation Failure) 380M->163M(420M) 54.978ms
[388.544s][info][gc,cpu         ] GC(1023) User=0.09s Sys=0.01s Real=0.05s
[388.641s][info][gc,start       ] GC(1024) Pause Young (Allocation Failure)
[388.650s][info][gc,heap        ] GC(1024) PSYoungGen: 255488K(255488K)->3872K(262144K) Eden: 238080K(238080K)->0K(238080K) From: 17408K(17408K)->3872K(24064K)
[388.650s][info][gc,heap        ] GC(1024) ParOldGen: 150029K(175104K)->150317K(175104K)
[388.650s][info][gc,metaspace   ] GC(1024) Metaspace: 35377K(36032K)->35377K(36032K) NonClass: 29104K(29568K)->29104K(29568K) Class: 6272K(6464K)->6272K(6464K)
[388.650s][info][gc             ] GC(1024) Pause Young (Allocation Failure) 396M->150M(427M) 9.455ms
[388.650s][info][gc,cpu         ] GC(1024) User=0.01s Sys=0.00s Real=0.01s
[389.019s][info][gc,start       ] GC(1025) Pause Young (Allocation Failure)
[389.020s][info][gc,heap        ] GC(1025) PSYoungGen: 241952K(262144K)->64K(307200K) Eden: 238080K(238080K)->0K(285696K) From: 3872K(24064K)->64K(21504K)
[389.020s][info][gc,heap        ] GC(1025) ParOldGen: 150317K(175104K)->150333K(175104K)
[389.020s][info][gc,metaspace   ] GC(1025) Metaspace: 35377K(36032K)->35377K(36032K) NonClass: 29104K(29568K)->29104K(29568K) Class: 6272K(6464K)->6272K(6464K)
[389.020s][info][gc             ] GC(1025) Pause Young (Allocation Failure) 383M->146M(471M) 1.131ms
[389.020s][info][gc,cpu         ] GC(1025) User=0.00s Sys=0.00s Real=0.00s
[389.698s][info][gc,start       ] GC(1026) Pause Young (Allocation Failure)
[389.699s][info][gc,heap        ] GC(1026) PSYoungGen: 285760K(307200K)->64K(307712K) Eden: 285696K(285696K)->0K(285696K) From: 64K(21504K)->64K(22016K)
[389.699s][info][gc,heap        ] GC(1026) ParOldGen: 150333K(175104K)->150341K(175104K)
[389.699s][info][gc,metaspace   ] GC(1026) Metaspace: 35377K(36032K)->35377K(36032K) NonClass: 29104K(29568K)->29104K(29568K) Class: 6272K(6464K)->6272K(6464K)
[389.699s][info][gc             ] GC(1026) Pause Young (Allocation Failure) 425M->146M(471M) 1.109ms
[389.699s][info][gc,cpu         ] GC(1026) User=0.00s Sys=0.00s Real=0.00s
[390.176s][info][gc,start       ] GC(1027) Pause Young (Allocation Failure)
[390.177s][info][gc,heap        ] GC(1027) PSYoungGen: 285760K(307712K)->64K(309760K) Eden: 285696K(285696K)->0K(290304K) From: 64K(22016K)->64K(19456K)
[390.177s][info][gc,heap        ] GC(1027) ParOldGen: 150341K(175104K)->150357K(175104K)
[390.177s][info][gc,metaspace   ] GC(1027) Metaspace: 35377K(36032K)->35377K(36032K) NonClass: 29104K(29568K)->29104K(29568K) Class: 6272K(6464K)->6272K(6464K)
[390.177s][info][gc             ] GC(1027) Pause Young (Allocation Failure) 425M->146M(473M) 1.055ms
[390.177s][info][gc,cpu         ] GC(1027) User=0.00s Sys=0.00s Real=0.01s
[390.381s][info][gc,start       ] GC(1028) Pause Young (Allocation Failure)
[390.382s][info][gc,heap        ] GC(1028) PSYoungGen: 290368K(309760K)->64K(310784K) Eden: 290304K(290304K)->0K(290304K) From: 64K(19456K)->64K(20480K)
[390.382s][info][gc,heap        ] GC(1028) ParOldGen: 150357K(175104K)->150373K(175104K)
[390.382s][info][gc,metaspace   ] GC(1028) Metaspace: 35377K(36032K)->35377K(36032K) NonClass: 29104K(29568K)->29104K(29568K) Class: 6272K(6464K)->6272K(6464K)
[390.382s][info][gc             ] GC(1028) Pause Young (Allocation Failure) 430M->146M(474M) 1.141ms
[390.382s][info][gc,cpu         ] GC(1028) User=0.00s Sys=0.00s Real=0.00s
[390.587s][info][gc,start       ] GC(1029) Pause Young (Allocation Failure)
[390.588s][info][gc,heap        ] GC(1029) PSYoungGen: 290368K(310784K)->64K(310784K) Eden: 290304K(290304K)->0K(293376K) From: 64K(20480K)->64K(17408K)
[390.588s][info][gc,heap        ] GC(1029) ParOldGen: 150373K(175104K)->150373K(175104K)
[390.588s][info][gc,metaspace   ] GC(1029) Metaspace: 35377K(36032K)->35377K(36032K) NonClass: 29104K(29568K)->29104K(29568K) Class: 6272K(6464K)->6272K(6464K)
[390.588s][info][gc             ] GC(1029) Pause Young (Allocation Failure) 430M->146M(474M) 1.053ms
[390.588s][info][gc,cpu         ] GC(1029) User=0.01s Sys=0.00s Real=0.00s
[390.934s][info][gc,start       ] GC(1030) Pause Young (Allocation Failure)
[390.935s][info][gc,heap        ] GC(1030) PSYoungGen: 293440K(310784K)->64K(312320K) Eden: 293376K(293376K)->0K(293376K) From: 64K(17408K)->64K(18944K)
[390.935s][info][gc,heap        ] GC(1030) ParOldGen: 150373K(175104K)->150373K(175104K)
[390.935s][info][gc,metaspace   ] GC(1030) Metaspace: 35377K(36032K)->35377K(36032K) NonClass: 29104K(29568K)->29104K(29568K) Class: 6272K(6464K)->6272K(6464K)
[390.935s][info][gc             ] GC(1030) Pause Young (Allocation Failure) 433M->146M(476M) 1.212ms
[390.935s][info][gc,cpu         ] GC(1030) User=0.00s Sys=0.00s Real=0.00s
[391.064s][info][gc,start       ] GC(1031) Pause Young (Allocation Failure)
[391.065s][info][gc,heap        ] GC(1031) PSYoungGen: 293440K(312320K)->64K(312320K) Eden: 293376K(293376K)->0K(296960K) From: 64K(18944K)->64K(15360K)
[391.065s][info][gc,heap        ] GC(1031) ParOldGen: 150373K(175104K)->150381K(175104K)
[391.065s][info][gc,metaspace   ] GC(1031) Metaspace: 35377K(36032K)->35377K(36032K) NonClass: 29104K(29568K)->29104K(29568K) Class: 6272K(6464K)->6272K(6464K)
[391.065s][info][gc             ] GC(1031) Pause Young (Allocation Failure) 433M->146M(476M) 0.937ms
[391.065s][info][gc,cpu         ] GC(1031) User=0.00s Sys=0.00s Real=0.00s
[391.122s][info][gc,start       ] GC(1032) Pause Young (Allocation Failure)
[391.123s][info][gc,heap        ] GC(1032) PSYoungGen: 297024K(312320K)->64K(313856K) Eden: 296960K(296960K)->0K(296960K) From: 64K(15360K)->64K(16896K)
[391.123s][info][gc,heap        ] GC(1032) ParOldGen: 150381K(175104K)->150397K(175104K)
[391.123s][info][gc,metaspace   ] GC(1032) Metaspace: 35377K(36032K)->35377K(36032K) NonClass: 29104K(29568K)->29104K(29568K) Class: 6272K(6464K)->6272K(6464K)
[391.123s][info][gc             ] GC(1032) Pause Young (Allocation Failure) 436M->146M(477M) 0.914ms
[391.123s][info][gc,cpu         ] GC(1032) User=0.01s Sys=0.00s Real=0.00s
[391.249s][info][gc,start       ] GC(1033) Pause Young (Allocation Failure)
[391.250s][info][gc,heap        ] GC(1033) PSYoungGen: 297024K(313856K)->64K(314368K) Eden: 296960K(296960K)->0K(300544K) From: 64K(16896K)->64K(13824K)
[391.250s][info][gc,heap        ] GC(1033) ParOldGen: 150397K(175104K)->150397K(175104K)
[391.250s][info][gc,metaspace   ] GC(1033) Metaspace: 35377K(36032K)->35377K(36032K) NonClass: 29104K(29568K)->29104K(29568K) Class: 6272K(6464K)->6272K(6464K)
[391.250s][info][gc             ] GC(1033) Pause Young (Allocation Failure) 436M->146M(478M) 1.055ms
[391.250s][info][gc,cpu         ] GC(1033) User=0.00s Sys=0.00s Real=0.00s
[391.485s][info][gc,start       ] GC(1034) Pause Young (Allocation Failure)
[391.486s][info][gc,heap        ] GC(1034) PSYoungGen: 300608K(314368K)->64K(315904K) Eden: 300544K(300544K)->0K(300544K) From: 64K(13824K)->64K(15360K)
[391.486s][info][gc,heap        ] GC(1034) ParOldGen: 150397K(175104K)->150405K(175104K)
[391.486s][info][gc,metaspace   ] GC(1034) Metaspace: 35377K(36032K)->35377K(36032K) NonClass: 29104K(29568K)->29104K(29568K) Class: 6272K(6464K)->6272K(6464K)
[391.486s][info][gc             ] GC(1034) Pause Young (Allocation Failure) 440M->146M(479M) 1.154ms
[391.486s][info][gc,cpu         ] GC(1034) User=0.00s Sys=0.00s Real=0.00s
[391.651s][info][gc,start       ] GC(1035) Pause Young (Allocation Failure)
[391.652s][info][gc,heap        ] GC(1035) PSYoungGen: 300608K(315904K)->64K(288768K) Eden: 300544K(300544K)->0K(288256K) From: 64K(15360K)->64K(512K)
[391.652s][info][gc,heap        ] GC(1035) ParOldGen: 150405K(175104K)->150413K(175104K)
[391.652s][info][gc,metaspace   ] GC(1035) Metaspace: 35377K(36032K)->35377K(36032K) NonClass: 29104K(29568K)->29104K(29568K) Class: 6272K(6464K)->6272K(6464K)
[391.652s][info][gc             ] GC(1035) Pause Young (Allocation Failure) 440M->146M(453M) 1.354ms
[391.652s][info][gc,cpu         ] GC(1035) User=0.00s Sys=0.00s Real=0.00s
[391.732s][info][gc,start       ] GC(1036) Pause Young (Allocation Failure)
[391.733s][info][gc,heap        ] GC(1036) PSYoungGen: 288320K(288768K)->64K(305664K) Eden: 288256K(288256K)->0K(291840K) From: 64K(512K)->64K(13824K)
[391.734s][info][gc,heap        ] GC(1036) ParOldGen: 150413K(175104K)->150429K(175104K)
[391.734s][info][gc,metaspace   ] GC(1036) Metaspace: 35377K(36032K)->35377K(36032K) NonClass: 29104K(29568K)->29104K(29568K) Class: 6272K(6464K)->6272K(6464K)
[391.734s][info][gc             ] GC(1036) Pause Young (Allocation Failure) 428M->146M(469M) 1.244ms
[391.734s][info][gc,cpu         ] GC(1036) User=0.00s Sys=0.00s Real=0.00s
[391.893s][info][gc,start       ] GC(1037) Pause Young (Allocation Failure)
[391.894s][info][gc,heap        ] GC(1037) PSYoungGen: 291904K(305664K)->64K(280576K) Eden: 291840K(291840K)->0K(280064K) From: 64K(13824K)->64K(512K)
[391.894s][info][gc,heap        ] GC(1037) ParOldGen: 150429K(175104K)->150429K(175104K)
[391.894s][info][gc,metaspace   ] GC(1037) Metaspace: 35377K(36032K)->35377K(36032K) NonClass: 29104K(29568K)->29104K(29568K) Class: 6272K(6464K)->6272K(6464K)
[391.894s][info][gc             ] GC(1037) Pause Young (Allocation Failure) 431M->146M(445M) 1.267ms
[391.894s][info][gc,cpu         ] GC(1037) User=0.00s Sys=0.00s Real=0.00s
[392.311s][info][gc,start       ] GC(1038) Pause Young (Allocation Failure)
[392.312s][info][gc,heap        ] GC(1038) PSYoungGen: 280128K(280576K)->64K(280576K) Eden: 280064K(280064K)->0K(268800K) From: 64K(512K)->64K(11776K)
[392.312s][info][gc,heap        ] GC(1038) ParOldGen: 150429K(175104K)->150437K(175104K)
[392.312s][info][gc,metaspace   ] GC(1038) Metaspace: 35377K(36032K)->35377K(36032K) NonClass: 29104K(29568K)->29104K(29568K) Class: 6272K(6464K)->6272K(6464K)
[392.312s][info][gc             ] GC(1038) Pause Young (Allocation Failure) 420M->146M(445M) 1.278ms
[392.312s][info][gc,cpu         ] GC(1038) User=0.01s Sys=0.00s Real=0.00s
[392.975s][info][gc,start       ] GC(1039) Pause Young (Allocation Failure)
[392.977s][info][gc,heap        ] GC(1039) PSYoungGen: 268864K(280576K)->64K(258560K) Eden: 268800K(268800K)->0K(258048K) From: 64K(11776K)->64K(512K)
[392.977s][info][gc,heap        ] GC(1039) ParOldGen: 150437K(175104K)->150445K(175104K)
[392.977s][info][gc,metaspace   ] GC(1039) Metaspace: 35377K(36032K)->35377K(36032K) NonClass: 29104K(29568K)->29104K(29568K) Class: 6272K(6464K)->6272K(6464K)
[392.977s][info][gc             ] GC(1039) Pause Young (Allocation Failure) 409M->146M(423M) 1.290ms
[392.977s][info][gc,cpu         ] GC(1039) User=0.00s Sys=0.00s Real=0.01s
[393.953s][info][gc,start       ] GC(1040) Pause Young (Allocation Failure)
[393.954s][info][gc,heap        ] GC(1040) PSYoungGen: 258112K(258560K)->32K(258560K) Eden: 258048K(258048K)->0K(247808K) From: 64K(512K)->32K(10752K)
[393.954s][info][gc,heap        ] GC(1040) ParOldGen: 150445K(175104K)->150453K(175104K)
[393.954s][info][gc,metaspace   ] GC(1040) Metaspace: 35377K(36032K)->35377K(36032K) NonClass: 29104K(29568K)->29104K(29568K) Class: 6272K(6464K)->6272K(6464K)
[393.954s][info][gc             ] GC(1040) Pause Young (Allocation Failure) 398M->146M(423M) 1.237ms
[393.954s][info][gc,cpu         ] GC(1040) User=0.00s Sys=0.00s Real=0.00s
[394.324s][info][gc,start       ] GC(1041) Pause Young (Allocation Failure)
[394.325s][info][gc,heap        ] GC(1041) PSYoungGen: 247840K(258560K)->64K(238592K) Eden: 247808K(247808K)->0K(238080K) From: 32K(10752K)->64K(512K)
[394.325s][info][gc,heap        ] GC(1041) ParOldGen: 150453K(175104K)->150461K(175104K)
[394.325s][info][gc,metaspace   ] GC(1041) Metaspace: 35377K(36032K)->35377K(36032K) NonClass: 29104K(29568K)->29104K(29568K) Class: 6272K(6464K)->6272K(6464K)
[394.325s][info][gc             ] GC(1041) Pause Young (Allocation Failure) 388M->146M(404M) 1.303ms
[394.325s][info][gc,cpu         ] GC(1041) User=0.00s Sys=0.00s Real=0.00s
[394.642s][info][gc,start       ] GC(1042) Pause Young (Allocation Failure)
[394.643s][info][gc,heap        ] GC(1042) PSYoungGen: 238144K(238592K)->64K(238080K) Eden: 238080K(238080K)->0K(228864K) From: 64K(512K)->64K(9216K)
[394.643s][info][gc,heap        ] GC(1042) ParOldGen: 150461K(175104K)->150469K(175104K)
[394.643s][info][gc,metaspace   ] GC(1042) Metaspace: 35377K(36032K)->35377K(36032K) NonClass: 29104K(29568K)->29104K(29568K) Class: 6272K(6464K)->6272K(6464K)
[394.643s][info][gc             ] GC(1042) Pause Young (Allocation Failure) 379M->147M(403M) 1.329ms
[394.643s][info][gc,cpu         ] GC(1042) User=0.00s Sys=0.00s Real=0.00s
[395.599s][info][gc,start       ] GC(1043) Pause Young (Allocation Failure)
[395.600s][info][gc,heap        ] GC(1043) PSYoungGen: 228928K(238080K)->64K(220672K) Eden: 228864K(228864K)->0K(220160K) From: 64K(9216K)->64K(512K)
[395.600s][info][gc,heap        ] GC(1043) ParOldGen: 150469K(175104K)->150477K(175104K)
[395.600s][info][gc,metaspace   ] GC(1043) Metaspace: 35377K(36032K)->35377K(36032K) NonClass: 29104K(29568K)->29104K(29568K) Class: 6272K(6464K)->6272K(6464K)
[395.600s][info][gc             ] GC(1043) Pause Young (Allocation Failure) 370M->147M(386M) 1.484ms
[395.600s][info][gc,cpu         ] GC(1043) User=0.00s Sys=0.00s Real=0.00s
[395.936s][info][gc,start       ] GC(1044) Pause Young (Allocation Failure)
[395.937s][info][gc,heap        ] GC(1044) PSYoungGen: 220224K(220672K)->64K(220160K) Eden: 220160K(220160K)->0K(211968K) From: 64K(512K)->64K(8192K)
[395.937s][info][gc,heap        ] GC(1044) ParOldGen: 150477K(175104K)->150493K(175104K)
[395.937s][info][gc,metaspace   ] GC(1044) Metaspace: 35377K(36032K)->35377K(36032K) NonClass: 29104K(29568K)->29104K(29568K) Class: 6272K(6464K)->6272K(6464K)
[395.937s][info][gc             ] GC(1044) Pause Young (Allocation Failure) 362M->147M(386M) 1.179ms
[395.937s][info][gc,cpu         ] GC(1044) User=0.00s Sys=0.01s Real=0.01s
[396.090s][info][gc,start       ] GC(1045) Pause Young (Allocation Failure)
[396.092s][info][gc,heap        ] GC(1045) PSYoungGen: 212032K(220160K)->32K(204800K) Eden: 211968K(211968K)->0K(204288K) From: 64K(8192K)->32K(512K)
[396.092s][info][gc,heap        ] GC(1045) ParOldGen: 150493K(175104K)->150501K(175104K)
[396.092s][info][gc,metaspace   ] GC(1045) Metaspace: 35377K(36032K)->35377K(36032K) NonClass: 29104K(29568K)->29104K(29568K) Class: 6272K(6464K)->6272K(6464K)
[396.092s][info][gc             ] GC(1045) Pause Young (Allocation Failure) 354M->147M(371M) 2.094ms
[396.092s][info][gc,cpu         ] GC(1045) User=0.00s Sys=0.00s Real=0.00s
[396.161s][info][gc,start       ] GC(1046) Pause Young (Allocation Failure)
[396.162s][info][gc,heap        ] GC(1046) PSYoungGen: 204320K(204800K)->64K(203776K) Eden: 204288K(204288K)->0K(196608K) From: 32K(512K)->64K(7168K)
[396.162s][info][gc,heap        ] GC(1046) ParOldGen: 150501K(175104K)->150517K(175104K)
[396.162s][info][gc,metaspace   ] GC(1046) Metaspace: 35377K(36032K)->35377K(36032K) NonClass: 29104K(29568K)->29104K(29568K) Class: 6272K(6464K)->6272K(6464K)
[396.162s][info][gc             ] GC(1046) Pause Young (Allocation Failure) 346M->147M(370M) 1.055ms
[396.162s][info][gc,cpu         ] GC(1046) User=0.00s Sys=0.00s Real=0.00s
[396.628s][info][gc,start       ] GC(1047) Pause Young (Allocation Failure)
[396.629s][info][gc,heap        ] GC(1047) PSYoungGen: 196672K(203776K)->64K(189952K) Eden: 196608K(196608K)->0K(189440K) From: 64K(7168K)->64K(512K)
[396.630s][info][gc,heap        ] GC(1047) ParOldGen: 150517K(175104K)->150525K(175104K)
[396.630s][info][gc,metaspace   ] GC(1047) Metaspace: 35377K(36032K)->35377K(36032K) NonClass: 29104K(29568K)->29104K(29568K) Class: 6272K(6464K)->6272K(6464K)
[396.630s][info][gc             ] GC(1047) Pause Young (Allocation Failure) 339M->147M(356M) 1.627ms
[396.630s][info][gc,cpu         ] GC(1047) User=0.01s Sys=0.00s Real=0.00s
[396.913s][info][gc,start       ] GC(1048) Pause Young (Allocation Failure)
[396.914s][info][gc,heap        ] GC(1048) PSYoungGen: 189504K(189952K)->64K(188928K) Eden: 189440K(189440K)->0K(182784K) From: 64K(512K)->64K(6144K)
[396.914s][info][gc,heap        ] GC(1048) ParOldGen: 150525K(175104K)->150533K(175104K)
[396.914s][info][gc,metaspace   ] GC(1048) Metaspace: 35377K(36032K)->35377K(36032K) NonClass: 29104K(29568K)->29104K(29568K) Class: 6272K(6464K)->6272K(6464K)
[396.914s][info][gc             ] GC(1048) Pause Young (Allocation Failure) 332M->147M(355M) 0.982ms
[396.914s][info][gc,cpu         ] GC(1048) User=0.00s Sys=0.00s Real=0.00s
[397.220s][info][gc,start       ] GC(1049) Pause Young (Allocation Failure)
[397.222s][info][gc,heap        ] GC(1049) PSYoungGen: 182848K(188928K)->64K(176640K) Eden: 182784K(182784K)->0K(176128K) From: 64K(6144K)->64K(512K)
[397.222s][info][gc,heap        ] GC(1049) ParOldGen: 150533K(175104K)->150541K(175104K)
[397.222s][info][gc,metaspace   ] GC(1049) Metaspace: 35377K(36032K)->35377K(36032K) NonClass: 29104K(29568K)->29104K(29568K) Class: 6272K(6464K)->6272K(6464K)
[397.222s][info][gc             ] GC(1049) Pause Young (Allocation Failure) 325M->147M(343M) 1.582ms
[397.222s][info][gc,cpu         ] GC(1049) User=0.00s Sys=0.00s Real=0.00s
[397.469s][info][gc,start       ] GC(1050) Pause Young (Allocation Failure)
[397.495s][info][gc,heap        ] GC(1050) PSYoungGen: 176192K(176640K)->5120K(216064K) Eden: 176128K(176128K)->0K(210944K) From: 64K(512K)->5120K(5120K)
[397.495s][info][gc,heap        ] GC(1050) ParOldGen: 150541K(175104K)->160933K(175104K)
[397.495s][info][gc,metaspace   ] GC(1050) Metaspace: 35377K(36032K)->35377K(36032K) NonClass: 29104K(29568K)->29104K(29568K) Class: 6272K(6464K)->6272K(6464K)
[397.495s][info][gc             ] GC(1050) Pause Young (Allocation Failure) 319M->162M(382M) 26.365ms
[397.495s][info][gc,cpu         ] GC(1050) User=0.05s Sys=0.00s Real=0.02s
[397.733s][info][gc,start       ] GC(1051) Pause Young (Allocation Failure)
[397.774s][info][gc,heap        ] GC(1051) PSYoungGen: 216064K(216064K)->5120K(258048K) Eden: 210944K(210944K)->0K(252928K) From: 5120K(5120K)->5120K(5120K)
[397.774s][info][gc,heap        ] GC(1051) ParOldGen: 160933K(175104K)->178469K(178688K)
[397.774s][info][gc,metaspace   ] GC(1051) Metaspace: 35377K(36032K)->35377K(36032K) NonClass: 29104K(29568K)->29104K(29568K) Class: 6272K(6464K)->6272K(6464K)
[397.774s][info][gc             ] GC(1051) Pause Young (Allocation Failure) 368M->179M(426M) 41.400ms
[397.774s][info][gc,cpu         ] GC(1051) User=0.08s Sys=0.00s Real=0.04s
[398.060s][info][gc,start       ] GC(1052) Pause Young (Allocation Failure)
[398.113s][info][gc,heap        ] GC(1052) PSYoungGen: 258048K(258048K)->16896K(269824K) Eden: 252928K(252928K)->0K(252928K) From: 5120K(5120K)->16896K(16896K)
[398.113s][info][gc,heap        ] GC(1052) ParOldGen: 178469K(178688K)->188877K(188928K)
[398.113s][info][gc,metaspace   ] GC(1052) Metaspace: 35377K(36032K)->35377K(36032K) NonClass: 29104K(29568K)->29104K(29568K) Class: 6272K(6464K)->6272K(6464K)
[398.113s][info][gc             ] GC(1052) Pause Young (Allocation Failure) 426M->200M(448M) 53.911ms
[398.113s][info][gc,cpu         ] GC(1052) User=0.10s Sys=0.01s Real=0.05s
[398.217s][info][gc,start       ] GC(1053) Pause Young (Allocation Failure)
[398.230s][info][gc,heap        ] GC(1053) PSYoungGen: 269824K(269824K)->4576K(310784K) Eden: 252928K(252928K)->0K(286208K) From: 16896K(16896K)->4576K(24576K)
[398.230s][info][gc,heap        ] GC(1053) ParOldGen: 188877K(188928K)->189245K(189440K)
[398.230s][info][gc,metaspace   ] GC(1053) Metaspace: 35377K(36032K)->35377K(36032K) NonClass: 29104K(29568K)->29104K(29568K) Class: 6272K(6464K)->6272K(6464K)
[398.230s][info][gc             ] GC(1053) Pause Young (Allocation Failure) 447M->189M(488M) 13.250ms
[398.230s][info][gc,cpu         ] GC(1053) User=0.02s Sys=0.01s Real=0.01s
[398.718s][info][gc,start       ] GC(1054) Pause Young (Allocation Failure)
[398.719s][info][gc,heap        ] GC(1054) PSYoungGen: 290784K(310784K)->64K(286720K) Eden: 286208K(286208K)->0K(286208K) From: 4576K(24576K)->64K(512K)
[398.719s][info][gc,heap        ] GC(1054) ParOldGen: 189245K(189440K)->189253K(189440K)
[398.719s][info][gc,metaspace   ] GC(1054) Metaspace: 35377K(36032K)->35377K(36032K) NonClass: 29104K(29568K)->29104K(29568K) Class: 6272K(6464K)->6272K(6464K)
[398.719s][info][gc             ] GC(1054) Pause Young (Allocation Failure) 468M->184M(465M) 1.111ms
[398.719s][info][gc,cpu         ] GC(1054) User=0.00s Sys=0.00s Real=0.00s
[399.298s][info][gc,start       ] GC(1055) Pause Young (Allocation Failure)
[399.299s][info][gc,heap        ] GC(1055) PSYoungGen: 286272K(286720K)->64K(309760K) Eden: 286208K(286208K)->0K(287232K) From: 64K(512K)->64K(22528K)
[399.299s][info][gc,heap        ] GC(1055) ParOldGen: 189253K(189440K)->189261K(189440K)
[399.299s][info][gc,metaspace   ] GC(1055) Metaspace: 35377K(36032K)->35377K(36032K) NonClass: 29104K(29568K)->29104K(29568K) Class: 6272K(6464K)->6272K(6464K)
[399.299s][info][gc             ] GC(1055) Pause Young (Allocation Failure) 464M->184M(487M) 1.073ms
[399.299s][info][gc,cpu         ] GC(1055) User=0.00s Sys=0.00s Real=0.00s
[399.735s][info][gc,start       ] GC(1056) Pause Young (Allocation Failure)
[399.736s][info][gc,heap        ] GC(1056) PSYoungGen: 287296K(309760K)->64K(308736K) Eden: 287232K(287232K)->0K(287232K) From: 64K(22528K)->64K(21504K)
[399.736s][info][gc,heap        ] GC(1056) ParOldGen: 189261K(189440K)->189277K(189440K)
[399.736s][info][gc,metaspace   ] GC(1056) Metaspace: 35377K(36032K)->35377K(36032K) NonClass: 29104K(29568K)->29104K(29568K) Class: 6272K(6464K)->6272K(6464K)
[399.736s][info][gc             ] GC(1056) Pause Young (Allocation Failure) 465M->184M(486M) 1.109ms
[399.736s][info][gc,cpu         ] GC(1056) User=0.00s Sys=0.00s Real=0.00s
[399.938s][info][gc,start       ] GC(1057) Pause Young (Allocation Failure)
[399.939s][info][gc,heap        ] GC(1057) PSYoungGen: 287296K(308736K)->64K(311296K) Eden: 287232K(287232K)->0K(290816K) From: 64K(21504K)->64K(20480K)
[399.939s][info][gc,heap        ] GC(1057) ParOldGen: 189277K(189440K)->189293K(189440K)
[399.939s][info][gc,metaspace   ] GC(1057) Metaspace: 35377K(36032K)->35377K(36032K) NonClass: 29104K(29568K)->29104K(29568K) Class: 6272K(6464K)->6272K(6464K)
[399.940s][info][gc             ] GC(1057) Pause Young (Allocation Failure) 465M->184M(489M) 1.071ms
[399.940s][info][gc,cpu         ] GC(1057) User=0.00s Sys=0.00s Real=0.00s
[400.144s][info][gc,start       ] GC(1058) Pause Young (Allocation Failure)
[400.145s][info][gc,heap        ] GC(1058) PSYoungGen: 290880K(311296K)->64K(310784K) Eden: 290816K(290816K)->0K(290816K) From: 64K(20480K)->64K(19968K)
[400.145s][info][gc,heap        ] GC(1058) ParOldGen: 189293K(189440K)->189293K(189440K)
[400.145s][info][gc,metaspace   ] GC(1058) Metaspace: 35377K(36032K)->35377K(36032K) NonClass: 29104K(29568K)->29104K(29568K) Class: 6272K(6464K)->6272K(6464K)
[400.145s][info][gc             ] GC(1058) Pause Young (Allocation Failure) 468M->184M(488M) 1.048ms
[400.145s][info][gc,cpu         ] GC(1058) User=0.00s Sys=0.00s Real=0.00s
[400.497s][info][gc,start       ] GC(1059) Pause Young (Allocation Failure)
[400.498s][info][gc,heap        ] GC(1059) PSYoungGen: 290880K(310784K)->64K(312832K) Eden: 290816K(290816K)->0K(293888K) From: 64K(19968K)->64K(18944K)
[400.498s][info][gc,heap        ] GC(1059) ParOldGen: 189293K(189440K)->189293K(189440K)
[400.498s][info][gc,metaspace   ] GC(1059) Metaspace: 35377K(36032K)->35377K(36032K) NonClass: 29104K(29568K)->29104K(29568K) Class: 6272K(6464K)->6272K(6464K)
[400.498s][info][gc             ] GC(1059) Pause Young (Allocation Failure) 468M->184M(490M) 1.193ms
[400.498s][info][gc,cpu         ] GC(1059) User=0.00s Sys=0.00s Real=0.00s
[400.588s][info][gc,start       ] GC(1060) Pause Young (Allocation Failure)
[400.589s][info][gc,heap        ] GC(1060) PSYoungGen: 293952K(312832K)->64K(312320K) Eden: 293888K(293888K)->0K(293888K) From: 64K(18944K)->64K(18432K)
[400.589s][info][gc,heap        ] GC(1060) ParOldGen: 189293K(189440K)->189301K(189440K)
[400.589s][info][gc,metaspace   ] GC(1060) Metaspace: 35377K(36032K)->35377K(36032K) NonClass: 29104K(29568K)->29104K(29568K) Class: 6272K(6464K)->6272K(6464K)
[400.589s][info][gc             ] GC(1060) Pause Young (Allocation Failure) 471M->184M(490M) 1.078ms
[400.589s][info][gc,cpu         ] GC(1060) User=0.00s Sys=0.00s Real=0.00s
[400.644s][info][gc,start       ] GC(1061) Pause Young (Allocation Failure)
[400.645s][info][gc,heap        ] GC(1061) PSYoungGen: 293952K(312320K)->64K(314368K) Eden: 293888K(293888K)->0K(297472K) From: 64K(18432K)->64K(16896K)
[400.645s][info][gc,heap        ] GC(1061) ParOldGen: 189301K(189440K)->189317K(189440K)
[400.645s][info][gc,metaspace   ] GC(1061) Metaspace: 35377K(36032K)->35377K(36032K) NonClass: 29104K(29568K)->29104K(29568K) Class: 6272K(6464K)->6272K(6464K)
[400.645s][info][gc             ] GC(1061) Pause Young (Allocation Failure) 471M->184M(492M) 1.027ms
[400.645s][info][gc,cpu         ] GC(1061) User=0.00s Sys=0.00s Real=0.00s
[400.802s][info][gc,start       ] GC(1062) Pause Young (Allocation Failure)
[400.803s][info][gc,heap        ] GC(1062) PSYoungGen: 297536K(314368K)->64K(313856K) Eden: 297472K(297472K)->0K(297472K) From: 64K(16896K)->64K(16384K)
[400.803s][info][gc,heap        ] GC(1062) ParOldGen: 189317K(189440K)->189317K(189440K)
[400.803s][info][gc,metaspace   ] GC(1062) Metaspace: 35377K(36032K)->35377K(36032K) NonClass: 29104K(29568K)->29104K(29568K) Class: 6272K(6464K)->6272K(6464K)
[400.803s][info][gc             ] GC(1062) Pause Young (Allocation Failure) 475M->184M(491M) 1.020ms
[400.803s][info][gc,cpu         ] GC(1062) User=0.00s Sys=0.00s Real=0.00s
[401.018s][info][gc,start       ] GC(1063) Pause Young (Allocation Failure)
[401.019s][info][gc,heap        ] GC(1063) PSYoungGen: 297536K(313856K)->64K(316416K) Eden: 297472K(297472K)->0K(301056K) From: 64K(16384K)->64K(15360K)
[401.019s][info][gc,heap        ] GC(1063) ParOldGen: 189317K(189440K)->189325K(189440K)
[401.019s][info][gc,metaspace   ] GC(1063) Metaspace: 35377K(36032K)->35377K(36032K) NonClass: 29104K(29568K)->29104K(29568K) Class: 6272K(6464K)->6272K(6464K)
[401.019s][info][gc             ] GC(1063) Pause Young (Allocation Failure) 475M->184M(494M) 1.020ms
[401.019s][info][gc,cpu         ] GC(1063) User=0.00s Sys=0.00s Real=0.00s
[401.168s][info][gc,start       ] GC(1064) Pause Young (Allocation Failure)
[401.169s][info][gc,heap        ] GC(1064) PSYoungGen: 301120K(316416K)->64K(315904K) Eden: 301056K(301056K)->0K(301056K) From: 64K(15360K)->64K(14848K)
[401.169s][info][gc,heap        ] GC(1064) ParOldGen: 189325K(189440K)->189333K(189440K)
[401.169s][info][gc,metaspace   ] GC(1064) Metaspace: 35377K(36032K)->35377K(36032K) NonClass: 29104K(29568K)->29104K(29568K) Class: 6272K(6464K)->6272K(6464K)
[401.169s][info][gc             ] GC(1064) Pause Young (Allocation Failure) 478M->184M(493M) 1.156ms
[401.169s][info][gc,cpu         ] GC(1064) User=0.01s Sys=0.00s Real=0.00s
[401.254s][info][gc,start       ] GC(1065) Pause Young (Allocation Failure)
[401.255s][info][gc,heap        ] GC(1065) PSYoungGen: 301120K(315904K)->64K(317952K) Eden: 301056K(301056K)->0K(304640K) From: 64K(14848K)->64K(13312K)
[401.255s][info][gc,heap        ] GC(1065) ParOldGen: 189333K(189440K)->189341K(189440K)
[401.255s][info][gc,metaspace   ] GC(1065) Metaspace: 35377K(36032K)->35377K(36032K) NonClass: 29104K(29568K)->29104K(29568K) Class: 6272K(6464K)->6272K(6464K)
[401.255s][info][gc             ] GC(1065) Pause Young (Allocation Failure) 478M->184M(495M) 1.169ms
[401.255s][info][gc,cpu         ] GC(1065) User=0.00s Sys=0.00s Real=0.00s
[401.435s][info][gc,start       ] GC(1066) Pause Young (Allocation Failure)
[401.436s][info][gc,heap        ] GC(1066) PSYoungGen: 304704K(317952K)->64K(292864K) Eden: 304640K(304640K)->0K(292352K) From: 64K(13312K)->64K(512K)
[401.436s][info][gc,heap        ] GC(1066) ParOldGen: 189341K(189440K)->189349K(189440K)
[401.436s][info][gc,metaspace   ] GC(1066) Metaspace: 35377K(36032K)->35377K(36032K) NonClass: 29104K(29568K)->29104K(29568K) Class: 6272K(6464K)->6272K(6464K)
[401.436s][info][gc             ] GC(1066) Pause Young (Allocation Failure) 482M->184M(471M) 1.110ms
[401.436s][info][gc,cpu         ] GC(1066) User=0.00s Sys=0.00s Real=0.00s
[402.429s][info][gc,start       ] GC(1067) Pause Young (Allocation Failure)
[402.430s][info][gc,heap        ] GC(1067) PSYoungGen: 292416K(292864K)->64K(281088K) Eden: 292352K(292352K)->0K(280576K) From: 64K(512K)->64K(512K)
[402.430s][info][gc,heap        ] GC(1067) ParOldGen: 189349K(189440K)->189357K(189440K)
[402.430s][info][gc,metaspace   ] GC(1067) Metaspace: 35377K(36032K)->35377K(36032K) NonClass: 29104K(29568K)->29104K(29568K) Class: 6272K(6464K)->6272K(6464K)
[402.430s][info][gc             ] GC(1067) Pause Young (Allocation Failure) 470M->184M(459M) 1.390ms
[402.430s][info][gc,cpu         ] GC(1067) User=0.00s Sys=0.01s Real=0.00s
[403.323s][info][gc,start       ] GC(1068) Pause Young (Allocation Failure)
[403.324s][info][gc,heap        ] GC(1068) PSYoungGen: 280640K(281088K)->64K(280576K) Eden: 280576K(280576K)->0K(269312K) From: 64K(512K)->64K(11264K)
[403.324s][info][gc,heap        ] GC(1068) ParOldGen: 189357K(189440K)->189365K(189440K)
[403.324s][info][gc,metaspace   ] GC(1068) Metaspace: 35377K(36032K)->35377K(36032K) NonClass: 29104K(29568K)->29104K(29568K) Class: 6272K(6464K)->6272K(6464K)
[403.324s][info][gc             ] GC(1068) Pause Young (Allocation Failure) 458M->184M(459M) 1.052ms
[403.324s][info][gc,cpu         ] GC(1068) User=0.00s Sys=0.00s Real=0.00s
[403.528s][info][gc,start       ] GC(1069) Pause Young (Allocation Failure)
[403.529s][info][gc,heap        ] GC(1069) PSYoungGen: 269376K(280576K)->64K(259072K) Eden: 269312K(269312K)->0K(258560K) From: 64K(11264K)->64K(512K)
[403.529s][info][gc,heap        ] GC(1069) ParOldGen: 189365K(189440K)->189373K(189440K)
[403.529s][info][gc,metaspace   ] GC(1069) Metaspace: 35377K(36032K)->35377K(36032K) NonClass: 29104K(29568K)->29104K(29568K) Class: 6272K(6464K)->6272K(6464K)
[403.529s][info][gc             ] GC(1069) Pause Young (Allocation Failure) 447M->184M(438M) 1.698ms
[403.529s][info][gc,cpu         ] GC(1069) User=0.00s Sys=0.00s Real=0.00s
[403.978s][info][gc,start       ] GC(1070) Pause Young (Allocation Failure)
[403.979s][info][gc,heap        ] GC(1070) PSYoungGen: 258624K(259072K)->64K(258048K) Eden: 258560K(258560K)->0K(248320K) From: 64K(512K)->64K(9728K)
[403.979s][info][gc,heap        ] GC(1070) ParOldGen: 189373K(189440K)->189381K(189440K)
[403.979s][info][gc,metaspace   ] GC(1070) Metaspace: 35377K(36032K)->35377K(36032K) NonClass: 29104K(29568K)->29104K(29568K) Class: 6272K(6464K)->6272K(6464K)
[403.979s][info][gc             ] GC(1070) Pause Young (Allocation Failure) 437M->185M(437M) 1.057ms
[403.979s][info][gc,cpu         ] GC(1070) User=0.00s Sys=0.00s Real=0.00s
[404.990s][info][gc,start       ] GC(1071) Pause Young (Allocation Failure)
[404.992s][info][gc,heap        ] GC(1071) PSYoungGen: 248384K(258048K)->64K(239104K) Eden: 248320K(248320K)->0K(238592K) From: 64K(9728K)->64K(512K)
[404.992s][info][gc,heap        ] GC(1071) ParOldGen: 189381K(189440K)->189389K(189440K)
[404.992s][info][gc,metaspace   ] GC(1071) Metaspace: 35377K(36032K)->35377K(36032K) NonClass: 29104K(29568K)->29104K(29568K) Class: 6272K(6464K)->6272K(6464K)
[404.992s][info][gc             ] GC(1071) Pause Young (Allocation Failure) 427M->185M(418M) 1.825ms
[404.992s][info][gc,cpu         ] GC(1071) User=0.00s Sys=0.00s Real=0.00s
[405.377s][info][gc,start       ] GC(1072) Pause Young (Allocation Failure)
[405.379s][info][gc,heap        ] GC(1072) PSYoungGen: 238656K(239104K)->64K(238080K) Eden: 238592K(238592K)->0K(229376K) From: 64K(512K)->64K(8704K)
[405.379s][info][gc,heap        ] GC(1072) ParOldGen: 189389K(189440K)->189397K(189440K)
[405.379s][info][gc,metaspace   ] GC(1072) Metaspace: 35377K(36032K)->35377K(36032K) NonClass: 29104K(29568K)->29104K(29568K) Class: 6272K(6464K)->6272K(6464K)
[405.379s][info][gc             ] GC(1072) Pause Young (Allocation Failure) 418M->185M(417M) 1.756ms
[405.379s][info][gc,cpu         ] GC(1072) User=0.00s Sys=0.00s Real=0.00s
[405.573s][info][gc,start       ] GC(1073) Pause Young (Allocation Failure)
[405.575s][info][gc,heap        ] GC(1073) PSYoungGen: 229440K(238080K)->64K(221184K) Eden: 229376K(229376K)->0K(220672K) From: 64K(8704K)->64K(512K)
[405.575s][info][gc,heap        ] GC(1073) ParOldGen: 189397K(189440K)->189405K(189440K)
[405.575s][info][gc,metaspace   ] GC(1073) Metaspace: 35377K(36032K)->35377K(36032K) NonClass: 29104K(29568K)->29104K(29568K) Class: 6272K(6464K)->6272K(6464K)
[405.575s][info][gc             ] GC(1073) Pause Young (Allocation Failure) 409M->185M(401M) 2.320ms
[405.575s][info][gc,cpu         ] GC(1073) User=0.00s Sys=0.00s Real=0.00s
[405.629s][info][gc,start       ] GC(1074) Pause Young (Allocation Failure)
[405.631s][info][gc,heap        ] GC(1074) PSYoungGen: 220736K(221184K)->32K(271360K) Eden: 220672K(220672K)->0K(263680K) From: 64K(512K)->32K(7680K)
[405.631s][info][gc,heap        ] GC(1074) ParOldGen: 189405K(189440K)->189421K(189440K)
[405.631s][info][gc,metaspace   ] GC(1074) Metaspace: 35377K(36032K)->35377K(36032K) NonClass: 29104K(29568K)->29104K(29568K) Class: 6272K(6464K)->6272K(6464K)
[405.631s][info][gc             ] GC(1074) Pause Young (Allocation Failure) 400M->185M(450M) 1.673ms
[405.631s][info][gc,cpu         ] GC(1074) User=0.00s Sys=0.00s Real=0.00s
[406.157s][info][gc,start       ] GC(1075) Pause Young (Allocation Failure)
[406.160s][info][gc,heap        ] GC(1075) PSYoungGen: 263712K(271360K)->32K(253952K) Eden: 263680K(263680K)->0K(253440K) From: 32K(7680K)->32K(512K)
[406.160s][info][gc,heap        ] GC(1075) ParOldGen: 189421K(189440K)->189421K(189440K)
[406.160s][info][gc,metaspace   ] GC(1075) Metaspace: 35377K(36032K)->35377K(36032K) NonClass: 29104K(29568K)->29104K(29568K) Class: 6272K(6464K)->6272K(6464K)
[406.160s][info][gc             ] GC(1075) Pause Young (Allocation Failure) 442M->185M(433M) 2.406ms
[406.160s][info][gc,cpu         ] GC(1075) User=0.00s Sys=0.00s Real=0.00s
[406.479s][info][gc,start       ] GC(1076) Pause Young (Allocation Failure)
[406.480s][info][gc,heap        ] GC(1076) PSYoungGen: 253472K(253952K)->64K(250368K) Eden: 253440K(253440K)->0K(243712K) From: 32K(512K)->64K(6656K)
[406.480s][info][gc,heap        ] GC(1076) ParOldGen: 189421K(189440K)->189437K(189440K)
[406.480s][info][gc,metaspace   ] GC(1076) Metaspace: 35377K(36032K)->35377K(36032K) NonClass: 29104K(29568K)->29104K(29568K) Class: 6272K(6464K)->6272K(6464K)
[406.480s][info][gc             ] GC(1076) Pause Young (Allocation Failure) 432M->185M(429M) 1.691ms
[406.480s][info][gc,cpu         ] GC(1076) User=0.00s Sys=0.00s Real=0.00s
[406.894s][info][gc,start       ] GC(1077) Pause Young (Allocation Failure)
[406.922s][info][gc,heap        ] GC(1077) PSYoungGen: 243776K(250368K)->6144K(263168K) Eden: 243712K(243712K)->0K(257024K) From: 64K(6656K)->6144K(6144K)
[406.922s][info][gc,heap        ] GC(1077) ParOldGen: 189437K(189440K)->195661K(196096K)
[406.922s][info][gc,metaspace   ] GC(1077) Metaspace: 35377K(36032K)->35377K(36032K) NonClass: 29104K(29568K)->29104K(29568K) Class: 6272K(6464K)->6272K(6464K)
[406.922s][info][gc             ] GC(1077) Pause Young (Allocation Failure) 423M->197M(448M) 28.608ms
[406.922s][info][gc,cpu         ] GC(1077) User=0.05s Sys=0.01s Real=0.03s
[407.264s][info][gc,start       ] GC(1078) Pause Young (Allocation Failure)
[407.370s][info][gc,heap        ] GC(1078) PSYoungGen: 263168K(263168K)->9728K(266752K) Eden: 257024K(257024K)->0K(257024K) From: 6144K(6144K)->9728K(9728K)
[407.370s][info][gc,heap        ] GC(1078) ParOldGen: 195661K(196096K)->213277K(213504K)
[407.370s][info][gc,metaspace   ] GC(1078) Metaspace: 35377K(36032K)->35377K(36032K) NonClass: 29104K(29568K)->29104K(29568K) Class: 6272K(6464K)->6272K(6464K)
[407.370s][info][gc             ] GC(1078) Pause Young (Allocation Failure) 448M->217M(469M) 106.181ms
[407.370s][info][gc,cpu         ] GC(1078) User=0.20s Sys=0.01s Real=0.11s
[407.713s][info][gc,start       ] GC(1079) Pause Young (Allocation Failure)
[407.818s][info][gc,heap        ] GC(1079) PSYoungGen: 266752K(266752K)->18432K(301056K) Eden: 257024K(257024K)->0K(282624K) From: 9728K(9728K)->18432K(18432K)
[407.818s][info][gc,heap        ] GC(1079) ParOldGen: 213277K(213504K)->222589K(222720K)
[407.818s][info][gc,metaspace   ] GC(1079) Metaspace: 35377K(36032K)->35377K(36032K) NonClass: 29104K(29568K)->29104K(29568K) Class: 6272K(6464K)->6272K(6464K)
[407.818s][info][gc             ] GC(1079) Pause Young (Allocation Failure) 468M->235M(511M) 104.977ms
[407.818s][info][gc,cpu         ] GC(1079) User=0.18s Sys=0.03s Real=0.11s
[407.935s][info][gc,start       ] GC(1080) Pause Young (Allocation Failure)
[407.952s][info][gc,heap        ] GC(1080) PSYoungGen: 301056K(301056K)->2400K(308224K) Eden: 282624K(282624K)->0K(282624K) From: 18432K(18432K)->2400K(25600K)
[407.953s][info][gc,heap        ] GC(1080) ParOldGen: 222589K(222720K)->222925K(223232K)
[407.953s][info][gc,metaspace   ] GC(1080) Metaspace: 35377K(36032K)->35377K(36032K) NonClass: 29104K(29568K)->29104K(29568K) Class: 6272K(6464K)->6272K(6464K)
[407.953s][info][gc             ] GC(1080) Pause Young (Allocation Failure) 511M->220M(519M) 17.565ms
[407.953s][info][gc,cpu         ] GC(1080) User=0.02s Sys=0.01s Real=0.02s
[408.541s][info][gc,start       ] GC(1081) Pause Young (Allocation Failure)
[408.544s][info][gc,heap        ] GC(1081) PSYoungGen: 285024K(308224K)->64K(306176K) Eden: 282624K(282624K)->0K(283648K) From: 2400K(25600K)->64K(22528K)
[408.544s][info][gc,heap        ] GC(1081) ParOldGen: 222925K(223232K)->222941K(223232K)
[408.544s][info][gc,metaspace   ] GC(1081) Metaspace: 35377K(36032K)->35377K(36032K) NonClass: 29104K(29568K)->29104K(29568K) Class: 6272K(6464K)->6272K(6464K)
[408.544s][info][gc             ] GC(1081) Pause Young (Allocation Failure) 496M->217M(517M) 2.517ms
[408.544s][info][gc,cpu         ] GC(1081) User=0.00s Sys=0.00s Real=0.00s
[409.050s][info][gc,start       ] GC(1082) Pause Young (Allocation Failure)
[409.052s][info][gc,heap        ] GC(1082) PSYoungGen: 283712K(306176K)->64K(307712K) Eden: 283648K(283648K)->0K(283648K) From: 64K(22528K)->64K(24064K)
[409.052s][info][gc,heap        ] GC(1082) ParOldGen: 222941K(223232K)->222949K(223232K)
[409.052s][info][gc,metaspace   ] GC(1082) Metaspace: 35377K(36032K)->35377K(36032K) NonClass: 29104K(29568K)->29104K(29568K) Class: 6272K(6464K)->6272K(6464K)
[409.052s][info][gc             ] GC(1082) Pause Young (Allocation Failure) 494M->217M(518M) 1.652ms
[409.052s][info][gc,cpu         ] GC(1082) User=0.00s Sys=0.00s Real=0.00s
[409.499s][info][gc,start       ] GC(1083) Pause Young (Allocation Failure)
[409.501s][info][gc,heap        ] GC(1083) PSYoungGen: 283712K(307712K)->64K(307200K) Eden: 283648K(283648K)->0K(286720K) From: 64K(24064K)->64K(20480K)
[409.501s][info][gc,heap        ] GC(1083) ParOldGen: 222949K(223232K)->222965K(223232K)
[409.501s][info][gc,metaspace   ] GC(1083) Metaspace: 35377K(36032K)->35377K(36032K) NonClass: 29104K(29568K)->29104K(29568K) Class: 6272K(6464K)->6272K(6464K)
[409.501s][info][gc             ] GC(1083) Pause Young (Allocation Failure) 494M->217M(518M) 1.257ms
[409.501s][info][gc,cpu         ] GC(1083) User=0.00s Sys=0.00s Real=0.00s
[409.705s][info][gc,start       ] GC(1084) Pause Young (Allocation Failure)
[409.706s][info][gc,heap        ] GC(1084) PSYoungGen: 286784K(307200K)->64K(308736K) Eden: 286720K(286720K)->0K(286720K) From: 64K(20480K)->64K(22016K)
[409.706s][info][gc,heap        ] GC(1084) ParOldGen: 222965K(223232K)->222981K(223232K)
[409.706s][info][gc,metaspace   ] GC(1084) Metaspace: 35377K(36032K)->35377K(36032K) NonClass: 29104K(29568K)->29104K(29568K) Class: 6272K(6464K)->6272K(6464K)
[409.706s][info][gc             ] GC(1084) Pause Young (Allocation Failure) 497M->217M(519M) 1.249ms
[409.706s][info][gc,cpu         ] GC(1084) User=0.00s Sys=0.00s Real=0.00s
[409.912s][info][gc,start       ] GC(1085) Pause Young (Allocation Failure)
[409.914s][info][gc,heap        ] GC(1085) PSYoungGen: 286784K(308736K)->64K(309248K) Eden: 286720K(286720K)->0K(290816K) From: 64K(22016K)->64K(18432K)
[409.914s][info][gc,heap        ] GC(1085) ParOldGen: 222981K(223232K)->222981K(223232K)
[409.914s][info][gc,metaspace   ] GC(1085) Metaspace: 35377K(36032K)->35377K(36032K) NonClass: 29104K(29568K)->29104K(29568K) Class: 6272K(6464K)->6272K(6464K)
[409.914s][info][gc             ] GC(1085) Pause Young (Allocation Failure) 497M->217M(520M) 1.198ms
[409.914s][info][gc,cpu         ] GC(1085) User=0.00s Sys=0.00s Real=0.00s
[410.294s][info][gc,start       ] GC(1086) Pause Young (Allocation Failure)
[410.295s][info][gc,heap        ] GC(1086) PSYoungGen: 290880K(309248K)->64K(310784K) Eden: 290816K(290816K)->0K(290816K) From: 64K(18432K)->64K(19968K)
[410.295s][info][gc,heap        ] GC(1086) ParOldGen: 222981K(223232K)->222981K(223232K)
[410.295s][info][gc,metaspace   ] GC(1086) Metaspace: 35377K(36032K)->35377K(36032K) NonClass: 29104K(29568K)->29104K(29568K) Class: 6272K(6464K)->6272K(6464K)
[410.295s][info][gc             ] GC(1086) Pause Young (Allocation Failure) 501M->217M(521M) 1.217ms
[410.295s][info][gc,cpu         ] GC(1086) User=0.00s Sys=0.00s Real=0.00s
[410.355s][info][gc,start       ] GC(1087) Pause Young (Allocation Failure)
[410.356s][info][gc,heap        ] GC(1087) PSYoungGen: 290880K(310784K)->64K(312320K) Eden: 290816K(290816K)->0K(294912K) From: 64K(19968K)->64K(17408K)
[410.356s][info][gc,heap        ] GC(1087) ParOldGen: 222981K(223232K)->222989K(223232K)
[410.356s][info][gc,metaspace   ] GC(1087) Metaspace: 35377K(36032K)->35377K(36032K) NonClass: 29104K(29568K)->29104K(29568K) Class: 6272K(6464K)->6272K(6464K)
[410.356s][info][gc             ] GC(1087) Pause Young (Allocation Failure) 501M->217M(523M) 1.206ms
[410.356s][info][gc,cpu         ] GC(1087) User=0.00s Sys=0.00s Real=0.00s
[410.415s][info][gc,start       ] GC(1088) Pause Young (Allocation Failure)
[410.416s][info][gc,heap        ] GC(1088) PSYoungGen: 294976K(312320K)->64K(313344K) Eden: 294912K(294912K)->0K(294912K) From: 64K(17408K)->64K(18432K)
[410.416s][info][gc,heap        ] GC(1088) ParOldGen: 222989K(223232K)->223005K(223232K)
[410.416s][info][gc,metaspace   ] GC(1088) Metaspace: 35377K(36032K)->35377K(36032K) NonClass: 29104K(29568K)->29104K(29568K) Class: 6272K(6464K)->6272K(6464K)
[410.416s][info][gc             ] GC(1088) Pause Young (Allocation Failure) 505M->217M(524M) 1.157ms
[410.416s][info][gc,cpu         ] GC(1088) User=0.00s Sys=0.00s Real=0.00s
[410.594s][info][gc,start       ] GC(1089) Pause Young (Allocation Failure)
[410.595s][info][gc,heap        ] GC(1089) PSYoungGen: 294976K(313344K)->64K(313344K) Eden: 294912K(294912K)->0K(297984K) From: 64K(18432K)->64K(15360K)
[410.595s][info][gc,heap        ] GC(1089) ParOldGen: 223005K(223232K)->223005K(223232K)
[410.595s][info][gc,metaspace   ] GC(1089) Metaspace: 35377K(36032K)->35377K(36032K) NonClass: 29104K(29568K)->29104K(29568K) Class: 6272K(6464K)->6272K(6464K)
[410.595s][info][gc             ] GC(1089) Pause Young (Allocation Failure) 505M->217M(524M) 1.193ms
[410.595s][info][gc,cpu         ] GC(1089) User=0.00s Sys=0.00s Real=0.00s
[410.818s][info][gc,start       ] GC(1090) Pause Young (Allocation Failure)
[410.819s][info][gc,heap        ] GC(1090) PSYoungGen: 298048K(313344K)->64K(314368K) Eden: 297984K(297984K)->0K(297984K) From: 64K(15360K)->64K(16384K)
[410.819s][info][gc,heap        ] GC(1090) ParOldGen: 223005K(223232K)->223013K(223232K)
[410.819s][info][gc,metaspace   ] GC(1090) Metaspace: 35377K(36032K)->35377K(36032K) NonClass: 29104K(29568K)->29104K(29568K) Class: 6272K(6464K)->6272K(6464K)
[410.819s][info][gc             ] GC(1090) Pause Young (Allocation Failure) 508M->217M(525M) 1.109ms
[410.819s][info][gc,cpu         ] GC(1090) User=0.00s Sys=0.00s Real=0.00s
[410.951s][info][gc,start       ] GC(1091) Pause Young (Allocation Failure)
[410.953s][info][gc,heap        ] GC(1091) PSYoungGen: 298048K(314368K)->64K(315392K) Eden: 297984K(297984K)->0K(302080K) From: 64K(16384K)->64K(13312K)
[410.953s][info][gc,heap        ] GC(1091) ParOldGen: 223013K(223232K)->223021K(223232K)
[410.953s][info][gc,metaspace   ] GC(1091) Metaspace: 35377K(36032K)->35377K(36032K) NonClass: 29104K(29568K)->29104K(29568K) Class: 6272K(6464K)->6272K(6464K)
[410.953s][info][gc             ] GC(1091) Pause Young (Allocation Failure) 508M->217M(526M) 1.121ms
[410.953s][info][gc,cpu         ] GC(1091) User=0.00s Sys=0.00s Real=0.00s
[411.050s][info][gc,start       ] GC(1092) Pause Young (Allocation Failure)
[411.051s][info][gc,heap        ] GC(1092) PSYoungGen: 302144K(315392K)->64K(316416K) Eden: 302080K(302080K)->0K(302080K) From: 64K(13312K)->64K(14336K)
[411.051s][info][gc,heap        ] GC(1092) ParOldGen: 223021K(223232K)->223029K(223232K)
[411.051s][info][gc,metaspace   ] GC(1092) Metaspace: 35377K(36032K)->35377K(36032K) NonClass: 29104K(29568K)->29104K(29568K) Class: 6272K(6464K)->6272K(6464K)
[411.051s][info][gc             ] GC(1092) Pause Young (Allocation Failure) 512M->217M(527M) 1.267ms
[411.052s][info][gc,cpu         ] GC(1092) User=0.01s Sys=0.00s Real=0.00s
[411.235s][info][gc,start       ] GC(1093) Pause Young (Allocation Failure)
[411.236s][info][gc,heap        ] GC(1093) PSYoungGen: 302144K(316416K)->64K(318464K) Eden: 302080K(302080K)->0K(306176K) From: 64K(14336K)->64K(12288K)
[411.236s][info][gc,heap        ] GC(1093) ParOldGen: 223029K(223232K)->223037K(223232K)
[411.236s][info][gc,metaspace   ] GC(1093) Metaspace: 35377K(36032K)->35377K(36032K) NonClass: 29104K(29568K)->29104K(29568K) Class: 6272K(6464K)->6272K(6464K)
[411.236s][info][gc             ] GC(1093) Pause Young (Allocation Failure) 512M->217M(529M) 1.208ms
[411.236s][info][gc,cpu         ] GC(1093) User=0.00s Sys=0.00s Real=0.00s
[412.241s][info][gc,start       ] GC(1094) Pause Young (Allocation Failure)
[412.243s][info][gc,heap        ] GC(1094) PSYoungGen: 306240K(318464K)->64K(294400K) Eden: 306176K(306176K)->0K(293888K) From: 64K(12288K)->64K(512K)
[412.243s][info][gc,heap        ] GC(1094) ParOldGen: 223037K(223232K)->223045K(223232K)
[412.243s][info][gc,metaspace   ] GC(1094) Metaspace: 35377K(36032K)->35377K(36032K) NonClass: 29104K(29568K)->29104K(29568K) Class: 6272K(6464K)->6272K(6464K)
[412.243s][info][gc             ] GC(1094) Pause Young (Allocation Failure) 516M->217M(505M) 1.983ms
[412.243s][info][gc,cpu         ] GC(1094) User=0.00s Sys=0.00s Real=0.00s
[413.175s][info][gc,start       ] GC(1095) Pause Young (Allocation Failure)
[413.177s][info][gc,heap        ] GC(1095) PSYoungGen: 293952K(294400K)->64K(282624K) Eden: 293888K(293888K)->0K(282112K) From: 64K(512K)->64K(512K)
[413.177s][info][gc,heap        ] GC(1095) ParOldGen: 223045K(223232K)->223053K(223232K)
[413.177s][info][gc,metaspace   ] GC(1095) Metaspace: 35377K(36032K)->35377K(36032K) NonClass: 29104K(29568K)->29104K(29568K) Class: 6272K(6464K)->6272K(6464K)
[413.177s][info][gc             ] GC(1095) Pause Young (Allocation Failure) 504M->217M(494M) 1.602ms
[413.177s][info][gc,cpu         ] GC(1095) User=0.00s Sys=0.00s Real=0.01s
[413.504s][info][gc,start       ] GC(1096) Pause Young (Allocation Failure)
[413.506s][info][gc,heap        ] GC(1096) PSYoungGen: 282176K(282624K)->64K(282112K) Eden: 282112K(282112K)->0K(270848K) From: 64K(512K)->64K(11264K)
[413.506s][info][gc,heap        ] GC(1096) ParOldGen: 223053K(223232K)->223061K(223232K)
[413.506s][info][gc,metaspace   ] GC(1096) Metaspace: 35377K(36032K)->35377K(36032K) NonClass: 29104K(29568K)->29104K(29568K) Class: 6272K(6464K)->6272K(6464K)
[413.506s][info][gc             ] GC(1096) Pause Young (Allocation Failure) 493M->217M(493M) 1.284ms
[413.506s][info][gc,cpu         ] GC(1096) User=0.01s Sys=0.00s Real=0.00s
[413.933s][info][gc,start       ] GC(1097) Pause Young (Allocation Failure)
[413.936s][info][gc,heap        ] GC(1097) PSYoungGen: 270912K(282112K)->64K(260608K) Eden: 270848K(270848K)->0K(260096K) From: 64K(11264K)->64K(512K)
[413.936s][info][gc,heap        ] GC(1097) ParOldGen: 223061K(223232K)->223069K(223232K)
[413.936s][info][gc,metaspace   ] GC(1097) Metaspace: 35377K(36032K)->35377K(36032K) NonClass: 29104K(29568K)->29104K(29568K) Class: 6272K(6464K)->6272K(6464K)
[413.936s][info][gc             ] GC(1097) Pause Young (Allocation Failure) 482M->217M(472M) 2.486ms
[413.936s][info][gc,cpu         ] GC(1097) User=0.01s Sys=0.00s Real=0.00s
[414.954s][info][gc,start       ] GC(1098) Pause Young (Allocation Failure)
[414.956s][info][gc,heap        ] GC(1098) PSYoungGen: 260160K(260608K)->64K(259584K) Eden: 260096K(260096K)->0K(249856K) From: 64K(512K)->64K(9728K)
[414.956s][info][gc,heap        ] GC(1098) ParOldGen: 223069K(223232K)->223085K(223232K)
[414.956s][info][gc,metaspace   ] GC(1098) Metaspace: 35377K(36032K)->35377K(36032K) NonClass: 29104K(29568K)->29104K(29568K) Class: 6272K(6464K)->6272K(6464K)
[414.956s][info][gc             ] GC(1098) Pause Young (Allocation Failure) 471M->217M(471M) 1.968ms
[414.956s][info][gc,cpu         ] GC(1098) User=0.00s Sys=0.00s Real=0.00s
[415.341s][info][gc,start       ] GC(1099) Pause Young (Allocation Failure)
[415.343s][info][gc,heap        ] GC(1099) PSYoungGen: 249920K(259584K)->64K(240640K) Eden: 249856K(249856K)->0K(240128K) From: 64K(9728K)->64K(512K)
[415.343s][info][gc,heap        ] GC(1099) ParOldGen: 223085K(223232K)->223101K(223232K)
[415.343s][info][gc,metaspace   ] GC(1099) Metaspace: 35377K(36032K)->35377K(36032K) NonClass: 29104K(29568K)->29104K(29568K) Class: 6272K(6464K)->6272K(6464K)
[415.343s][info][gc             ] GC(1099) Pause Young (Allocation Failure) 461M->217M(453M) 2.564ms
[415.343s][info][gc,cpu         ] GC(1099) User=0.00s Sys=0.00s Real=0.00s
[415.497s][info][gc,start       ] GC(1100) Pause Young (Allocation Failure)
[415.499s][info][gc,heap        ] GC(1100) PSYoungGen: 240192K(240640K)->64K(239104K) Eden: 240128K(240128K)->0K(230912K) From: 64K(512K)->64K(8192K)
[415.499s][info][gc,heap        ] GC(1100) ParOldGen: 223101K(223232K)->223109K(223232K)
[415.499s][info][gc,metaspace   ] GC(1100) Metaspace: 35377K(36032K)->35377K(36032K) NonClass: 29104K(29568K)->29104K(29568K) Class: 6272K(6464K)->6272K(6464K)
[415.499s][info][gc             ] GC(1100) Pause Young (Allocation Failure) 452M->217M(451M) 1.202ms
[415.499s][info][gc,cpu         ] GC(1100) User=0.00s Sys=0.00s Real=0.00s
[415.672s][info][gc,start       ] GC(1101) Pause Young (Allocation Failure)
[415.673s][info][gc,heap        ] GC(1101) PSYoungGen: 230976K(239104K)->64K(222720K) Eden: 230912K(230912K)->0K(222208K) From: 64K(8192K)->64K(512K)
[415.673s][info][gc,heap        ] GC(1101) ParOldGen: 223109K(223232K)->223125K(223232K)
[415.673s][info][gc,metaspace   ] GC(1101) Metaspace: 35377K(36032K)->35377K(36032K) NonClass: 29104K(29568K)->29104K(29568K) Class: 6272K(6464K)->6272K(6464K)
[415.673s][info][gc             ] GC(1101) Pause Young (Allocation Failure) 443M->217M(435M) 1.592ms
[415.673s][info][gc,cpu         ] GC(1101) User=0.00s Sys=0.00s Real=0.00s
[416.259s][info][gc,start       ] GC(1102) Pause Young (Allocation Failure)
[416.260s][info][gc,heap        ] GC(1102) PSYoungGen: 222272K(222720K)->64K(221184K) Eden: 222208K(222208K)->0K(214016K) From: 64K(512K)->64K(7168K)
[416.260s][info][gc,heap        ] GC(1102) ParOldGen: 223125K(223232K)->223133K(223232K)
[416.260s][info][gc,metaspace   ] GC(1102) Metaspace: 35377K(36032K)->35377K(36032K) NonClass: 29104K(29568K)->29104K(29568K) Class: 6272K(6464K)->6272K(6464K)
[416.260s][info][gc             ] GC(1102) Pause Young (Allocation Failure) 434M->217M(434M) 1.299ms
[416.260s][info][gc,cpu         ] GC(1102) User=0.01s Sys=0.00s Real=0.00s
[416.481s][info][gc,start       ] GC(1103) Pause Young (Allocation Failure)
[416.482s][info][gc,heap        ] GC(1103) PSYoungGen: 214080K(221184K)->64K(206848K) Eden: 214016K(214016K)->0K(206336K) From: 64K(7168K)->64K(512K)
[416.482s][info][gc,heap        ] GC(1103) ParOldGen: 223133K(223232K)->223141K(223232K)
[416.482s][info][gc,metaspace   ] GC(1103) Metaspace: 35377K(36032K)->35377K(36032K) NonClass: 29104K(29568K)->29104K(29568K) Class: 6272K(6464K)->6272K(6464K)
[416.482s][info][gc             ] GC(1103) Pause Young (Allocation Failure) 426M->217M(420M) 1.741ms
[416.482s][info][gc,cpu         ] GC(1103) User=0.00s Sys=0.00s Real=0.00s
[416.805s][info][gc,start       ] GC(1104) Pause Young (Allocation Failure)
[416.831s][info][gc,heap        ] GC(1104) PSYoungGen: 206400K(206848K)->6144K(253440K) Eden: 206336K(206336K)->0K(247296K) From: 64K(512K)->6144K(6144K)
[416.831s][info][gc,heap        ] GC(1104) ParOldGen: 223141K(223232K)->229901K(230400K)
[416.831s][info][gc,metaspace   ] GC(1104) Metaspace: 35377K(36032K)->35377K(36032K) NonClass: 29104K(29568K)->29104K(29568K) Class: 6272K(6464K)->6272K(6464K)
[416.831s][info][gc             ] GC(1104) Pause Young (Allocation Failure) 419M->230M(472M) 25.544ms
[416.831s][info][gc,cpu         ] GC(1104) User=0.04s Sys=0.01s Real=0.03s
[417.122s][info][gc,start       ] GC(1105) Pause Young (Allocation Failure)
[417.182s][info][gc,heap        ] GC(1105) PSYoungGen: 253440K(253440K)->6144K(258560K) Eden: 247296K(247296K)->0K(252416K) From: 6144K(6144K)->6144K(6144K)
[417.182s][info][gc,heap        ] GC(1105) ParOldGen: 229901K(230400K)->250109K(250368K)
[417.182s][info][gc,metaspace   ] GC(1105) Metaspace: 35377K(36032K)->35377K(36032K) NonClass: 29104K(29568K)->29104K(29568K) Class: 6272K(6464K)->6272K(6464K)
[417.182s][info][gc             ] GC(1105) Pause Young (Allocation Failure) 472M->250M(497M) 59.891ms
[417.182s][info][gc,cpu         ] GC(1105) User=0.10s Sys=0.01s Real=0.06s
[417.479s][info][gc,start       ] GC(1106) Pause Young (Allocation Failure)
[417.534s][info][gc,heap        ] GC(1106) PSYoungGen: 258560K(258560K)->18432K(270848K) Eden: 252416K(252416K)->0K(252416K) From: 6144K(6144K)->18432K(18432K)
[417.534s][info][gc,heap        ] GC(1106) ParOldGen: 250109K(250368K)->259029K(259072K)
[417.534s][info][gc,metaspace   ] GC(1106) Metaspace: 35377K(36032K)->35377K(36032K) NonClass: 29104K(29568K)->29104K(29568K) Class: 6272K(6464K)->6272K(6464K)
[417.534s][info][gc             ] GC(1106) Pause Young (Allocation Failure) 496M->270M(517M) 55.404ms
[417.534s][info][gc,cpu         ] GC(1106) User=0.10s Sys=0.01s Real=0.05s
[417.629s][info][gc,start       ] GC(1107) Pause Young (Allocation Failure)
[417.639s][info][gc,heap        ] GC(1107) PSYoungGen: 270848K(270848K)->3392K(309248K) Eden: 252416K(252416K)->0K(283648K) From: 18432K(18432K)->3392K(25600K)
[417.639s][info][gc,heap        ] GC(1107) ParOldGen: 259029K(259072K)->259349K(259584K)
[417.639s][info][gc,metaspace   ] GC(1107) Metaspace: 35377K(36032K)->35377K(36032K) NonClass: 29104K(29568K)->29104K(29568K) Class: 6272K(6464K)->6272K(6464K)
[417.639s][info][gc             ] GC(1107) Pause Young (Allocation Failure) 517M->256M(555M) 10.481ms
[417.639s][info][gc,cpu         ] GC(1107) User=0.01s Sys=0.00s Real=0.01s
[418.163s][info][gc,start       ] GC(1108) Pause Young (Allocation Failure)
[418.165s][info][gc,heap        ] GC(1108) PSYoungGen: 287040K(309248K)->64K(284160K) Eden: 283648K(283648K)->0K(283648K) From: 3392K(25600K)->64K(512K)
[418.165s][info][gc,heap        ] GC(1108) ParOldGen: 259349K(259584K)->259357K(259584K)
[418.165s][info][gc,metaspace   ] GC(1108) Metaspace: 35377K(36032K)->35377K(36032K) NonClass: 29104K(29568K)->29104K(29568K) Class: 6272K(6464K)->6272K(6464K)
[418.165s][info][gc             ] GC(1108) Pause Young (Allocation Failure) 533M->253M(531M) 1.384ms
[418.165s][info][gc,cpu         ] GC(1108) User=0.00s Sys=0.00s Real=0.00s
[418.749s][info][gc,start       ] GC(1109) Pause Young (Allocation Failure)
[418.751s][info][gc,heap        ] GC(1109) PSYoungGen: 283712K(284160K)->64K(308224K) Eden: 283648K(283648K)->0K(284672K) From: 64K(512K)->64K(23552K)
[418.751s][info][gc,heap        ] GC(1109) ParOldGen: 259357K(259584K)->259365K(259584K)
[418.751s][info][gc,metaspace   ] GC(1109) Metaspace: 35377K(36032K)->35377K(36032K) NonClass: 29104K(29568K)->29104K(29568K) Class: 6272K(6464K)->6272K(6464K)
[418.751s][info][gc             ] GC(1109) Pause Young (Allocation Failure) 530M->253M(554M) 1.225ms
[418.751s][info][gc,cpu         ] GC(1109) User=0.00s Sys=0.00s Real=0.00s
[419.201s][info][gc,start       ] GC(1110) Pause Young (Allocation Failure)
[419.202s][info][gc,heap        ] GC(1110) PSYoungGen: 284736K(308224K)->64K(307200K) Eden: 284672K(284672K)->0K(284672K) From: 64K(23552K)->64K(22528K)
[419.202s][info][gc,heap        ] GC(1110) ParOldGen: 259365K(259584K)->259381K(259584K)
[419.202s][info][gc,metaspace   ] GC(1110) Metaspace: 35377K(36032K)->35377K(36032K) NonClass: 29104K(29568K)->29104K(29568K) Class: 6272K(6464K)->6272K(6464K)
[419.202s][info][gc             ] GC(1110) Pause Young (Allocation Failure) 531M->253M(553M) 1.376ms
[419.202s][info][gc,cpu         ] GC(1110) User=0.00s Sys=0.00s Real=0.00s
[419.405s][info][gc,start       ] GC(1111) Pause Young (Allocation Failure)
[419.406s][info][gc,heap        ] GC(1111) PSYoungGen: 284736K(307200K)->64K(310272K) Eden: 284672K(284672K)->0K(288768K) From: 64K(22528K)->64K(21504K)
[419.406s][info][gc,heap        ] GC(1111) ParOldGen: 259381K(259584K)->259397K(259584K)
[419.406s][info][gc,metaspace   ] GC(1111) Metaspace: 35377K(36032K)->35377K(36032K) NonClass: 29104K(29568K)->29104K(29568K) Class: 6272K(6464K)->6272K(6464K)
[419.406s][info][gc             ] GC(1111) Pause Young (Allocation Failure) 531M->253M(556M) 1.212ms
[419.406s][info][gc,cpu         ] GC(1111) User=0.01s Sys=0.00s Real=0.00s
[419.616s][info][gc,start       ] GC(1112) Pause Young (Allocation Failure)
[419.617s][info][gc,heap        ] GC(1112) PSYoungGen: 288832K(310272K)->64K(309760K) Eden: 288768K(288768K)->0K(288768K) From: 64K(21504K)->64K(20992K)
[419.617s][info][gc,heap        ] GC(1112) ParOldGen: 259397K(259584K)->259397K(259584K)
[419.617s][info][gc,metaspace   ] GC(1112) Metaspace: 35377K(36032K)->35377K(36032K) NonClass: 29104K(29568K)->29104K(29568K) Class: 6272K(6464K)->6272K(6464K)
[419.617s][info][gc             ] GC(1112) Pause Young (Allocation Failure) 535M->253M(556M) 1.157ms
[419.617s][info][gc,cpu         ] GC(1112) User=0.00s Sys=0.00s Real=0.01s
[419.977s][info][gc,start       ] GC(1113) Pause Young (Allocation Failure)
[419.978s][info][gc,heap        ] GC(1113) PSYoungGen: 288832K(309760K)->64K(311808K) Eden: 288768K(288768K)->0K(292352K) From: 64K(20992K)->64K(19456K)
[419.978s][info][gc,heap        ] GC(1113) ParOldGen: 259397K(259584K)->259397K(259584K)
[419.978s][info][gc,metaspace   ] GC(1113) Metaspace: 35377K(36032K)->35377K(36032K) NonClass: 29104K(29568K)->29104K(29568K) Class: 6272K(6464K)->6272K(6464K)
[419.978s][info][gc             ] GC(1113) Pause Young (Allocation Failure) 535M->253M(558M) 1.287ms
[419.978s][info][gc,cpu         ] GC(1113) User=0.00s Sys=0.00s Real=0.00s
[420.072s][info][gc,start       ] GC(1114) Pause Young (Allocation Failure)
[420.073s][info][gc,heap        ] GC(1114) PSYoungGen: 292416K(311808K)->64K(311296K) Eden: 292352K(292352K)->0K(292352K) From: 64K(19456K)->64K(18944K)
[420.073s][info][gc,heap        ] GC(1114) ParOldGen: 259397K(259584K)->259405K(259584K)
[420.073s][info][gc,metaspace   ] GC(1114) Metaspace: 35377K(36032K)->35377K(36032K) NonClass: 29104K(29568K)->29104K(29568K) Class: 6272K(6464K)->6272K(6464K)
[420.073s][info][gc             ] GC(1114) Pause Young (Allocation Failure) 538M->253M(557M) 1.136ms
[420.073s][info][gc,cpu         ] GC(1114) User=0.00s Sys=0.00s Real=0.00s
[420.127s][info][gc,start       ] GC(1115) Pause Young (Allocation Failure)
[420.128s][info][gc,heap        ] GC(1115) PSYoungGen: 292416K(311296K)->64K(313856K) Eden: 292352K(292352K)->0K(296448K) From: 64K(18944K)->64K(17408K)
[420.128s][info][gc,heap        ] GC(1115) ParOldGen: 259405K(259584K)->259421K(259584K)
[420.128s][info][gc,metaspace   ] GC(1115) Metaspace: 35377K(36032K)->35377K(36032K) NonClass: 29104K(29568K)->29104K(29568K) Class: 6272K(6464K)->6272K(6464K)
[420.128s][info][gc             ] GC(1115) Pause Young (Allocation Failure) 538M->253M(560M) 1.259ms
[420.128s][info][gc,cpu         ] GC(1115) User=0.00s Sys=0.00s Real=0.00s
[420.288s][info][gc,start       ] GC(1116) Pause Young (Allocation Failure)
[420.289s][info][gc,heap        ] GC(1116) PSYoungGen: 296512K(313856K)->64K(313344K) Eden: 296448K(296448K)->0K(296448K) From: 64K(17408K)->64K(16896K)
[420.289s][info][gc,heap        ] GC(1116) ParOldGen: 259421K(259584K)->259421K(259584K)
[420.289s][info][gc,metaspace   ] GC(1116) Metaspace: 35377K(36032K)->35377K(36032K) NonClass: 29104K(29568K)->29104K(29568K) Class: 6272K(6464K)->6272K(6464K)
[420.289s][info][gc             ] GC(1116) Pause Young (Allocation Failure) 542M->253M(559M) 1.181ms
[420.289s][info][gc,cpu         ] GC(1116) User=0.00s Sys=0.00s Real=0.00s
[420.522s][info][gc,start       ] GC(1117) Pause Young (Allocation Failure)
[420.523s][info][gc,heap        ] GC(1117) PSYoungGen: 296512K(313344K)->64K(315904K) Eden: 296448K(296448K)->0K(300032K) From: 64K(16896K)->64K(15872K)
[420.523s][info][gc,heap        ] GC(1117) ParOldGen: 259421K(259584K)->259429K(259584K)
[420.523s][info][gc,metaspace   ] GC(1117) Metaspace: 35377K(36032K)->35377K(36032K) NonClass: 29104K(29568K)->29104K(29568K) Class: 6272K(6464K)->6272K(6464K)
[420.523s][info][gc             ] GC(1117) Pause Young (Allocation Failure) 542M->253M(562M) 1.277ms
[420.523s][info][gc,cpu         ] GC(1117) User=0.01s Sys=0.00s Real=0.00s
[420.680s][info][gc,start       ] GC(1118) Pause Young (Allocation Failure)
[420.682s][info][gc,heap        ] GC(1118) PSYoungGen: 300096K(315904K)->64K(315392K) Eden: 300032K(300032K)->0K(300032K) From: 64K(15872K)->64K(15360K)
[420.682s][info][gc,heap        ] GC(1118) ParOldGen: 259429K(259584K)->259437K(259584K)
[420.682s][info][gc,metaspace   ] GC(1118) Metaspace: 35377K(36032K)->35377K(36032K) NonClass: 29104K(29568K)->29104K(29568K) Class: 6272K(6464K)->6272K(6464K)
[420.682s][info][gc             ] GC(1118) Pause Young (Allocation Failure) 546M->253M(561M) 1.315ms
[420.682s][info][gc,cpu         ] GC(1118) User=0.00s Sys=0.00s Real=0.00s
[420.766s][info][gc,start       ] GC(1119) Pause Young (Allocation Failure)
[420.768s][info][gc,heap        ] GC(1119) PSYoungGen: 300096K(315392K)->64K(317440K) Eden: 300032K(300032K)->0K(303616K) From: 64K(15360K)->64K(13824K)
[420.768s][info][gc,heap        ] GC(1119) ParOldGen: 259437K(259584K)->259453K(259584K)
[420.768s][info][gc,metaspace   ] GC(1119) Metaspace: 35377K(36032K)->35377K(36032K) NonClass: 29104K(29568K)->29104K(29568K) Class: 6272K(6464K)->6272K(6464K)
[420.768s][info][gc             ] GC(1119) Pause Young (Allocation Failure) 546M->253M(563M) 1.353ms
[420.768s][info][gc,cpu         ] GC(1119) User=0.00s Sys=0.00s Real=0.01s
[420.956s][info][gc,start       ] GC(1120) Pause Young (Allocation Failure)
[420.958s][info][gc,heap        ] GC(1120) PSYoungGen: 303680K(317440K)->64K(316928K) Eden: 303616K(303616K)->0K(303616K) From: 64K(13824K)->64K(13312K)
[420.958s][info][gc,heap        ] GC(1120) ParOldGen: 259453K(259584K)->259453K(259584K)
[420.958s][info][gc,metaspace   ] GC(1120) Metaspace: 35377K(36032K)->35377K(36032K) NonClass: 29104K(29568K)->29104K(29568K) Class: 6272K(6464K)->6272K(6464K)
[420.958s][info][gc             ] GC(1120) Pause Young (Allocation Failure) 549M->253M(563M) 1.263ms
[420.958s][info][gc,cpu         ] GC(1120) User=0.01s Sys=0.00s Real=0.01s
[421.988s][info][gc,start       ] GC(1121) Pause Young (Allocation Failure)
[421.990s][info][gc,heap        ] GC(1121) PSYoungGen: 303680K(316928K)->83K(291840K) Eden: 303616K(303616K)->0K(291328K) From: 64K(13312K)->83K(512K)
[421.990s][info][gc,heap        ] GC(1121) ParOldGen: 259453K(259584K)->259461K(259584K)
[421.990s][info][gc,metaspace   ] GC(1121) Metaspace: 35377K(36032K)->35377K(36032K) NonClass: 29104K(29568K)->29104K(29568K) Class: 6272K(6464K)->6272K(6464K)
[421.990s][info][gc             ] GC(1121) Pause Young (Allocation Failure) 549M->253M(538M) 1.377ms
[421.990s][info][gc,cpu         ] GC(1121) User=0.00s Sys=0.00s Real=0.00s
[422.937s][info][gc,start       ] GC(1122) Pause Young (Allocation Failure)
[422.938s][info][gc,heap        ] GC(1122) PSYoungGen: 291411K(291840K)->64K(291328K) Eden: 291328K(291328K)->0K(279552K) From: 83K(512K)->64K(11776K)
[422.938s][info][gc,heap        ] GC(1122) ParOldGen: 259461K(259584K)->259477K(259584K)
[422.938s][info][gc,metaspace   ] GC(1122) Metaspace: 35377K(36032K)->35377K(36032K) NonClass: 29104K(29568K)->29104K(29568K) Class: 6272K(6464K)->6272K(6464K)
[422.938s][info][gc             ] GC(1122) Pause Young (Allocation Failure) 537M->253M(538M) 1.629ms
[422.939s][info][gc,cpu         ] GC(1122) User=0.01s Sys=0.00s Real=0.00s
[423.192s][info][gc,start       ] GC(1123) Pause Young (Allocation Failure)
[423.193s][info][gc,heap        ] GC(1123) PSYoungGen: 279616K(291328K)->64K(268800K) Eden: 279552K(279552K)->0K(268288K) From: 64K(11776K)->64K(512K)
[423.193s][info][gc,heap        ] GC(1123) ParOldGen: 259477K(259584K)->259485K(259584K)
[423.193s][info][gc,metaspace   ] GC(1123) Metaspace: 35377K(36032K)->35377K(36032K) NonClass: 29104K(29568K)->29104K(29568K) Class: 6272K(6464K)->6272K(6464K)
[423.194s][info][gc             ] GC(1123) Pause Young (Allocation Failure) 526M->253M(516M) 1.521ms
[423.194s][info][gc,cpu         ] GC(1123) User=0.00s Sys=0.00s Real=0.00s
[423.644s][info][gc,start       ] GC(1124) Pause Young (Allocation Failure)
[423.646s][info][gc,heap        ] GC(1124) PSYoungGen: 268352K(268800K)->64K(267776K) Eden: 268288K(268288K)->0K(257536K) From: 64K(512K)->64K(10240K)
[423.646s][info][gc,heap        ] GC(1124) ParOldGen: 259485K(259584K)->259501K(259584K)
[423.646s][info][gc,metaspace   ] GC(1124) Metaspace: 35377K(36032K)->35377K(36032K) NonClass: 29104K(29568K)->29104K(29568K) Class: 6272K(6464K)->6272K(6464K)
[423.646s][info][gc             ] GC(1124) Pause Young (Allocation Failure) 515M->253M(515M) 1.750ms
[423.646s][info][gc,cpu         ] GC(1124) User=0.00s Sys=0.00s Real=0.00s
[424.756s][info][gc,start       ] GC(1125) Pause Young (Allocation Failure)
[424.758s][info][gc,heap        ] GC(1125) PSYoungGen: 257600K(267776K)->64K(247808K) Eden: 257536K(257536K)->0K(247296K) From: 64K(10240K)->64K(512K)
[424.758s][info][gc,heap        ] GC(1125) ParOldGen: 259501K(259584K)->259517K(259584K)
[424.758s][info][gc,metaspace   ] GC(1125) Metaspace: 35377K(36032K)->35377K(36032K) NonClass: 29104K(29568K)->29104K(29568K) Class: 6272K(6464K)->6272K(6464K)
[424.758s][info][gc             ] GC(1125) Pause Young (Allocation Failure) 504M->253M(495M) 2.340ms
[424.758s][info][gc,cpu         ] GC(1125) User=0.01s Sys=0.00s Real=0.01s
[425.166s][info][gc,start       ] GC(1126) Pause Young (Allocation Failure)
[425.168s][info][gc,heap        ] GC(1126) PSYoungGen: 247360K(247808K)->64K(246272K) Eden: 247296K(247296K)->0K(237568K) From: 64K(512K)->64K(8704K)
[425.168s][info][gc,heap        ] GC(1126) ParOldGen: 259517K(259584K)->259525K(259584K)
[425.168s][info][gc,metaspace   ] GC(1126) Metaspace: 35377K(36032K)->35377K(36032K) NonClass: 29104K(29568K)->29104K(29568K) Class: 6272K(6464K)->6272K(6464K)
[425.168s][info][gc             ] GC(1126) Pause Young (Allocation Failure) 494M->253M(494M) 1.641ms
[425.168s][info][gc,cpu         ] GC(1126) User=0.00s Sys=0.00s Real=0.01s
[425.348s][info][gc,start       ] GC(1127) Pause Young (Allocation Failure)
[425.351s][info][gc,heap        ] GC(1127) PSYoungGen: 237632K(246272K)->32K(228864K) Eden: 237568K(237568K)->0K(228352K) From: 64K(8704K)->32K(512K)
[425.351s][info][gc,heap        ] GC(1127) ParOldGen: 259525K(259584K)->259541K(259584K)
[425.351s][info][gc,metaspace   ] GC(1127) Metaspace: 35377K(36032K)->35377K(36032K) NonClass: 29104K(29568K)->29104K(29568K) Class: 6272K(6464K)->6272K(6464K)
[425.351s][info][gc             ] GC(1127) Pause Young (Allocation Failure) 485M->253M(477M) 2.252ms
[425.351s][info][gc,cpu         ] GC(1127) User=0.01s Sys=0.00s Real=0.00s
[425.435s][info][gc,start       ] GC(1128) Pause Young (Allocation Failure)
[425.436s][info][gc,heap        ] GC(1128) PSYoungGen: 228384K(228864K)->64K(227328K) Eden: 228352K(228352K)->0K(219648K) From: 32K(512K)->64K(7680K)
[425.436s][info][gc,heap        ] GC(1128) ParOldGen: 259541K(259584K)->259549K(259584K)
[425.436s][info][gc,metaspace   ] GC(1128) Metaspace: 35377K(36032K)->35377K(36032K) NonClass: 29104K(29568K)->29104K(29568K) Class: 6272K(6464K)->6272K(6464K)
[425.436s][info][gc             ] GC(1128) Pause Young (Allocation Failure) 476M->253M(475M) 1.175ms
[425.436s][info][gc,cpu         ] GC(1128) User=0.00s Sys=0.00s Real=0.00s
[425.994s][info][gc,start       ] GC(1129) Pause Young (Allocation Failure)
[425.995s][info][gc,heap        ] GC(1129) PSYoungGen: 219712K(227328K)->64K(211968K) Eden: 219648K(219648K)->0K(211456K) From: 64K(7680K)->64K(512K)
[425.995s][info][gc,heap        ] GC(1129) ParOldGen: 259549K(259584K)->259557K(259584K)
[425.995s][info][gc,metaspace   ] GC(1129) Metaspace: 35377K(36032K)->35377K(36032K) NonClass: 29104K(29568K)->29104K(29568K) Class: 6272K(6464K)->6272K(6464K)
[425.995s][info][gc             ] GC(1129) Pause Young (Allocation Failure) 468M->253M(460M) 1.764ms
[425.995s][info][gc,cpu         ] GC(1129) User=0.00s Sys=0.00s Real=0.00s
[426.223s][info][gc,start       ] GC(1130) Pause Young (Allocation Failure)
[426.224s][info][gc,heap        ] GC(1130) PSYoungGen: 211520K(211968K)->64K(210432K) Eden: 211456K(211456K)->0K(203776K) From: 64K(512K)->64K(6656K)
[426.224s][info][gc,heap        ] GC(1130) ParOldGen: 259557K(259584K)->259565K(259584K)
[426.224s][info][gc,metaspace   ] GC(1130) Metaspace: 35377K(36032K)->35377K(36032K) NonClass: 29104K(29568K)->29104K(29568K) Class: 6272K(6464K)->6272K(6464K)
[426.224s][info][gc             ] GC(1130) Pause Young (Allocation Failure) 460M->253M(459M) 1.276ms
[426.224s][info][gc,cpu         ] GC(1130) User=0.01s Sys=0.00s Real=0.00s
[426.601s][info][gc,start       ] GC(1131) Pause Young (Allocation Failure)
[426.611s][info][gc,heap        ] GC(1131) PSYoungGen: 203840K(210432K)->5824K(249344K) Eden: 203776K(203776K)->0K(243200K) From: 64K(6656K)->5824K(6144K)
[426.611s][info][gc,heap        ] GC(1131) ParOldGen: 259565K(259584K)->259581K(259584K)
[426.611s][info][gc,metaspace   ] GC(1131) Metaspace: 35377K(36032K)->35377K(36032K) NonClass: 29104K(29568K)->29104K(29568K) Class: 6272K(6464K)->6272K(6464K)
[426.611s][info][gc             ] GC(1131) Pause Young (Allocation Failure) 452M->259M(497M) 10.119ms
[426.611s][info][gc,cpu         ] GC(1131) User=0.02s Sys=0.00s Real=0.01s
[426.903s][info][gc,start       ] GC(1132) Pause Young (Allocation Failure)
[426.968s][info][gc,heap        ] GC(1132) PSYoungGen: 249024K(249344K)->7680K(278016K) Eden: 243200K(243200K)->0K(270336K) From: 5824K(6144K)->7680K(7680K)
[426.968s][info][gc,heap        ] GC(1132) ParOldGen: 259581K(259584K)->277565K(278016K)
[426.968s][info][gc,metaspace   ] GC(1132) Metaspace: 35377K(36032K)->35377K(36032K) NonClass: 29104K(29568K)->29104K(29568K) Class: 6272K(6464K)->6272K(6464K)
[426.968s][info][gc             ] GC(1132) Pause Young (Allocation Failure) 496M->278M(543M) 64.754ms
[426.968s][info][gc,cpu         ] GC(1132) User=0.12s Sys=0.02s Real=0.07s
[427.290s][info][gc,start       ] GC(1133) Pause Young (Allocation Failure)
[427.361s][info][gc,heap        ] GC(1133) PSYoungGen: 278016K(278016K)->15872K(299008K) Eden: 270336K(270336K)->0K(283136K) From: 7680K(7680K)->15872K(15872K)
[427.361s][info][gc,heap        ] GC(1133) ParOldGen: 277565K(278016K)->290869K(291328K)
[427.361s][info][gc,metaspace   ] GC(1133) Metaspace: 35377K(36032K)->35377K(36032K) NonClass: 29104K(29568K)->29104K(29568K) Class: 6272K(6464K)->6272K(6464K)
[427.361s][info][gc             ] GC(1133) Pause Young (Allocation Failure) 542M->299M(576M) 70.512ms
[427.361s][info][gc,cpu         ] GC(1133) User=0.12s Sys=0.02s Real=0.07s
[427.514s][info][gc,start       ] GC(1134) Pause Young (Allocation Failure)
[427.538s][info][gc,heap        ] GC(1134) PSYoungGen: 299008K(299008K)->8992K(307712K) Eden: 283136K(283136K)->0K(283136K) From: 15872K(15872K)->8992K(24576K)
[427.538s][info][gc,heap        ] GC(1134) ParOldGen: 290869K(291328K)->291349K(291840K)
[427.538s][info][gc,metaspace   ] GC(1134) Metaspace: 35377K(36032K)->35377K(36032K) NonClass: 29104K(29568K)->29104K(29568K) Class: 6272K(6464K)->6272K(6464K)
[427.538s][info][gc             ] GC(1134) Pause Young (Allocation Failure) 576M->293M(585M) 23.349ms
[427.538s][info][gc,cpu         ] GC(1134) User=0.04s Sys=0.01s Real=0.03s
[428.000s][info][gc,start       ] GC(1135) Pause Young (Allocation Failure)
[428.002s][info][gc,heap        ] GC(1135) PSYoungGen: 292128K(307712K)->64K(307200K) Eden: 283136K(283136K)->0K(285696K) From: 8992K(24576K)->64K(21504K)
[428.002s][info][gc,heap        ] GC(1135) ParOldGen: 291349K(291840K)->291357K(291840K)
[428.002s][info][gc,metaspace   ] GC(1135) Metaspace: 35377K(36032K)->35377K(36032K) NonClass: 29104K(29568K)->29104K(29568K) Class: 6272K(6464K)->6272K(6464K)
[428.002s][info][gc             ] GC(1135) Pause Young (Allocation Failure) 569M->284M(585M) 1.422ms
[428.002s][info][gc,cpu         ] GC(1135) User=0.01s Sys=0.00s Real=0.00s
[428.613s][info][gc,start       ] GC(1136) Pause Young (Allocation Failure)
[428.614s][info][gc,heap        ] GC(1136) PSYoungGen: 285760K(307200K)->64K(308736K) Eden: 285696K(285696K)->0K(285696K) From: 64K(21504K)->64K(23040K)
[428.614s][info][gc,heap        ] GC(1136) ParOldGen: 291357K(291840K)->291373K(291840K)
[428.614s][info][gc,metaspace   ] GC(1136) Metaspace: 35377K(36032K)->35377K(36032K) NonClass: 29104K(29568K)->29104K(29568K) Class: 6272K(6464K)->6272K(6464K)
[428.614s][info][gc             ] GC(1136) Pause Young (Allocation Failure) 563M->284M(586M) 1.665ms
[428.614s][info][gc,cpu         ] GC(1136) User=0.01s Sys=0.00s Real=0.00s
[429.073s][info][gc,start       ] GC(1137) Pause Young (Allocation Failure)
[429.075s][info][gc,heap        ] GC(1137) PSYoungGen: 285760K(308736K)->32K(309248K) Eden: 285696K(285696K)->0K(288768K) From: 64K(23040K)->32K(20480K)
[429.075s][info][gc,heap        ] GC(1137) ParOldGen: 291373K(291840K)->291381K(291840K)
[429.075s][info][gc,metaspace   ] GC(1137) Metaspace: 35377K(36032K)->35377K(36032K) NonClass: 29104K(29568K)->29104K(29568K) Class: 6272K(6464K)->6272K(6464K)
[429.075s][info][gc             ] GC(1137) Pause Young (Allocation Failure) 563M->284M(587M) 1.609ms
[429.075s][info][gc,cpu         ] GC(1137) User=0.00s Sys=0.00s Real=0.00s
[429.283s][info][gc,start       ] GC(1138) Pause Young (Allocation Failure)
[429.285s][info][gc,heap        ] GC(1138) PSYoungGen: 288800K(309248K)->32K(310272K) Eden: 288768K(288768K)->0K(288768K) From: 32K(20480K)->32K(21504K)
[429.285s][info][gc,heap        ] GC(1138) ParOldGen: 291381K(291840K)->291389K(291840K)
[429.285s][info][gc,metaspace   ] GC(1138) Metaspace: 35377K(36032K)->35377K(36032K) NonClass: 29104K(29568K)->29104K(29568K) Class: 6272K(6464K)->6272K(6464K)
[429.285s][info][gc             ] GC(1138) Pause Young (Allocation Failure) 566M->284M(588M) 1.716ms
[429.285s][info][gc,cpu         ] GC(1138) User=0.00s Sys=0.00s Real=0.00s
[429.497s][info][gc,start       ] GC(1139) Pause Young (Allocation Failure)
[429.498s][info][gc,heap        ] GC(1139) PSYoungGen: 288800K(310272K)->64K(310272K) Eden: 288768K(288768K)->0K(291840K) From: 32K(21504K)->64K(18432K)
[429.498s][info][gc,heap        ] GC(1139) ParOldGen: 291389K(291840K)->291389K(291840K)
[429.498s][info][gc,metaspace   ] GC(1139) Metaspace: 35377K(36032K)->35377K(36032K) NonClass: 29104K(29568K)->29104K(29568K) Class: 6272K(6464K)->6272K(6464K)
[429.498s][info][gc             ] GC(1139) Pause Young (Allocation Failure) 566M->284M(588M) 1.372ms
[429.498s][info][gc,cpu         ] GC(1139) User=0.00s Sys=0.00s Real=0.00s
[429.874s][info][gc,start       ] GC(1140) Pause Young (Allocation Failure)
[429.875s][info][gc,heap        ] GC(1140) PSYoungGen: 291904K(310272K)->64K(311296K) Eden: 291840K(291840K)->0K(291840K) From: 64K(18432K)->64K(19456K)
[429.875s][info][gc,heap        ] GC(1140) ParOldGen: 291389K(291840K)->291389K(291840K)
[429.875s][info][gc,metaspace   ] GC(1140) Metaspace: 35377K(36032K)->35377K(36032K) NonClass: 29104K(29568K)->29104K(29568K) Class: 6272K(6464K)->6272K(6464K)
[429.875s][info][gc             ] GC(1140) Pause Young (Allocation Failure) 569M->284M(589M) 1.364ms
[429.875s][info][gc,cpu         ] GC(1140) User=0.00s Sys=0.00s Real=0.00s
[429.979s][info][gc,start       ] GC(1141) Pause Young (Allocation Failure)
[429.980s][info][gc,heap        ] GC(1141) PSYoungGen: 291904K(311296K)->64K(311808K) Eden: 291840K(291840K)->0K(295424K) From: 64K(19456K)->64K(16384K)
[429.980s][info][gc,heap        ] GC(1141) ParOldGen: 291389K(291840K)->291397K(291840K)
[429.980s][info][gc,metaspace   ] GC(1141) Metaspace: 35377K(36032K)->35377K(36032K) NonClass: 29104K(29568K)->29104K(29568K) Class: 6272K(6464K)->6272K(6464K)
[429.980s][info][gc             ] GC(1141) Pause Young (Allocation Failure) 569M->284M(589M) 1.369ms
[429.980s][info][gc,cpu         ] GC(1141) User=0.00s Sys=0.00s Real=0.00s
[430.039s][info][gc,start       ] GC(1142) Pause Young (Allocation Failure)
[430.040s][info][gc,heap        ] GC(1142) PSYoungGen: 295488K(311808K)->64K(313344K) Eden: 295424K(295424K)->0K(295424K) From: 64K(16384K)->64K(17920K)
[430.040s][info][gc,heap        ] GC(1142) ParOldGen: 291397K(291840K)->291413K(291840K)
[430.040s][info][gc,metaspace   ] GC(1142) Metaspace: 35377K(36032K)->35377K(36032K) NonClass: 29104K(29568K)->29104K(29568K) Class: 6272K(6464K)->6272K(6464K)
[430.040s][info][gc             ] GC(1142) Pause Young (Allocation Failure) 573M->284M(591M) 1.286ms
[430.040s][info][gc,cpu         ] GC(1142) User=0.01s Sys=0.00s Real=0.00s
[430.191s][info][gc,start       ] GC(1143) Pause Young (Allocation Failure)
[430.192s][info][gc,heap        ] GC(1143) PSYoungGen: 295488K(313344K)->64K(313344K) Eden: 295424K(295424K)->0K(299008K) From: 64K(17920K)->64K(14336K)
[430.192s][info][gc,heap        ] GC(1143) ParOldGen: 291413K(291840K)->291413K(291840K)
[430.192s][info][gc,metaspace   ] GC(1143) Metaspace: 35377K(36032K)->35377K(36032K) NonClass: 29104K(29568K)->29104K(29568K) Class: 6272K(6464K)->6272K(6464K)
[430.192s][info][gc             ] GC(1143) Pause Young (Allocation Failure) 573M->284M(591M) 1.336ms
[430.192s][info][gc,cpu         ] GC(1143) User=0.00s Sys=0.00s Real=0.00s
[430.426s][info][gc,start       ] GC(1144) Pause Young (Allocation Failure)
[430.427s][info][gc,heap        ] GC(1144) PSYoungGen: 299072K(313344K)->64K(314880K) Eden: 299008K(299008K)->0K(299008K) From: 64K(14336K)->64K(15872K)
[430.427s][info][gc,heap        ] GC(1144) ParOldGen: 291413K(291840K)->291421K(291840K)
[430.427s][info][gc,metaspace   ] GC(1144) Metaspace: 35377K(36032K)->35377K(36032K) NonClass: 29104K(29568K)->29104K(29568K) Class: 6272K(6464K)->6272K(6464K)
[430.427s][info][gc             ] GC(1144) Pause Young (Allocation Failure) 576M->284M(592M) 1.313ms
[430.427s][info][gc,cpu         ] GC(1144) User=0.01s Sys=0.01s Real=0.01s
[430.585s][info][gc,start       ] GC(1145) Pause Young (Allocation Failure)
[430.587s][info][gc,heap        ] GC(1145) PSYoungGen: 299072K(314880K)->64K(316416K) Eden: 299008K(299008K)->0K(303104K) From: 64K(15872K)->64K(13312K)
[430.587s][info][gc,heap        ] GC(1145) ParOldGen: 291421K(291840K)->291429K(291840K)
[430.587s][info][gc,metaspace   ] GC(1145) Metaspace: 35377K(36032K)->35377K(36032K) NonClass: 29104K(29568K)->29104K(29568K) Class: 6272K(6464K)->6272K(6464K)
[430.587s][info][gc             ] GC(1145) Pause Young (Allocation Failure) 576M->284M(594M) 1.305ms
[430.587s][info][gc,cpu         ] GC(1145) User=0.00s Sys=0.00s Real=0.01s
[430.676s][info][gc,start       ] GC(1146) Pause Young (Allocation Failure)
[430.677s][info][gc,heap        ] GC(1146) PSYoungGen: 303168K(316416K)->64K(317440K) Eden: 303104K(303104K)->0K(303104K) From: 64K(13312K)->64K(14336K)
[430.677s][info][gc,heap        ] GC(1146) ParOldGen: 291429K(291840K)->291445K(291840K)
[430.677s][info][gc,metaspace   ] GC(1146) Metaspace: 35377K(36032K)->35377K(36032K) NonClass: 29104K(29568K)->29104K(29568K) Class: 6272K(6464K)->6272K(6464K)
[430.677s][info][gc             ] GC(1146) Pause Young (Allocation Failure) 580M->284M(595M) 1.395ms
[430.677s][info][gc,cpu         ] GC(1146) User=0.00s Sys=0.00s Real=0.01s
[430.856s][info][gc,start       ] GC(1147) Pause Young (Allocation Failure)
[430.858s][info][gc,heap        ] GC(1147) PSYoungGen: 303168K(317440K)->64K(318464K) Eden: 303104K(303104K)->0K(306176K) From: 64K(14336K)->64K(12288K)
[430.858s][info][gc,heap        ] GC(1147) ParOldGen: 291445K(291840K)->291445K(291840K)
[430.858s][info][gc,metaspace   ] GC(1147) Metaspace: 35377K(36032K)->35377K(36032K) NonClass: 29104K(29568K)->29104K(29568K) Class: 6272K(6464K)->6272K(6464K)
[430.858s][info][gc             ] GC(1147) Pause Young (Allocation Failure) 580M->284M(596M) 1.381ms
[430.858s][info][gc,cpu         ] GC(1147) User=0.00s Sys=0.00s Real=0.01s
[431.895s][info][gc,start       ] GC(1148) Pause Young (Allocation Failure)
[431.897s][info][gc,heap        ] GC(1148) PSYoungGen: 306240K(318464K)->83K(294400K) Eden: 306176K(306176K)->0K(293888K) From: 64K(12288K)->83K(512K)
[431.897s][info][gc,heap        ] GC(1148) ParOldGen: 291445K(291840K)->291453K(291840K)
[431.897s][info][gc,metaspace   ] GC(1148) Metaspace: 35377K(36032K)->35377K(36032K) NonClass: 29104K(29568K)->29104K(29568K) Class: 6272K(6464K)->6272K(6464K)
[431.897s][info][gc             ] GC(1148) Pause Young (Allocation Failure) 583M->284M(572M) 1.818ms
[431.897s][info][gc,cpu         ] GC(1148) User=0.01s Sys=0.00s Real=0.01s
[432.850s][info][gc,start       ] GC(1149) Pause Young (Allocation Failure)
[432.852s][info][gc,heap        ] GC(1149) PSYoungGen: 293971K(294400K)->64K(282624K) Eden: 293888K(293888K)->0K(282112K) From: 83K(512K)->64K(512K)
[432.852s][info][gc,heap        ] GC(1149) ParOldGen: 291453K(291840K)->291461K(291840K)
[432.852s][info][gc,metaspace   ] GC(1149) Metaspace: 35377K(36032K)->35377K(36032K) NonClass: 29104K(29568K)->29104K(29568K) Class: 6272K(6464K)->6272K(6464K)
[432.852s][info][gc             ] GC(1149) Pause Young (Allocation Failure) 571M->284M(561M) 2.273ms
[432.852s][info][gc,cpu         ] GC(1149) User=0.01s Sys=0.00s Real=0.00s
[433.116s][info][gc,start       ] GC(1150) Pause Young (Allocation Failure)
[433.118s][info][gc,heap        ] GC(1150) PSYoungGen: 282176K(282624K)->64K(281600K) Eden: 282112K(282112K)->0K(270848K) From: 64K(512K)->64K(10752K)
[433.118s][info][gc,heap        ] GC(1150) ParOldGen: 291461K(291840K)->291469K(291840K)
[433.118s][info][gc,metaspace   ] GC(1150) Metaspace: 35377K(36032K)->35377K(36032K) NonClass: 29104K(29568K)->29104K(29568K) Class: 6272K(6464K)->6272K(6464K)
[433.118s][info][gc             ] GC(1150) Pause Young (Allocation Failure) 560M->284M(560M) 1.361ms
[433.118s][info][gc,cpu         ] GC(1150) User=0.00s Sys=0.01s Real=0.01s
[433.589s][info][gc,start       ] GC(1151) Pause Young (Allocation Failure)
[433.591s][info][gc,heap        ] GC(1151) PSYoungGen: 270912K(281600K)->64K(260608K) Eden: 270848K(270848K)->0K(260096K) From: 64K(10752K)->64K(512K)
[433.591s][info][gc,heap        ] GC(1151) ParOldGen: 291469K(291840K)->291477K(291840K)
[433.591s][info][gc,metaspace   ] GC(1151) Metaspace: 35377K(36032K)->35377K(36032K) NonClass: 29104K(29568K)->29104K(29568K) Class: 6272K(6464K)->6272K(6464K)
[433.591s][info][gc             ] GC(1151) Pause Young (Allocation Failure) 549M->284M(539M) 1.873ms
[433.591s][info][gc,cpu         ] GC(1151) User=0.01s Sys=0.00s Real=0.00s
[434.647s][info][gc,start       ] GC(1152) Pause Young (Allocation Failure)
[434.648s][info][gc,heap        ] GC(1152) PSYoungGen: 260160K(260608K)->64K(259584K) Eden: 260096K(260096K)->0K(249856K) From: 64K(512K)->64K(9728K)
[434.648s][info][gc,heap        ] GC(1152) ParOldGen: 291477K(291840K)->291485K(291840K)
[434.648s][info][gc,metaspace   ] GC(1152) Metaspace: 35377K(36032K)->35377K(36032K) NonClass: 29104K(29568K)->29104K(29568K) Class: 6272K(6464K)->6272K(6464K)
[434.648s][info][gc             ] GC(1152) Pause Young (Allocation Failure) 538M->284M(538M) 1.365ms
[434.648s][info][gc,cpu         ] GC(1152) User=0.00s Sys=0.00s Real=0.01s
[435.046s][info][gc,start       ] GC(1153) Pause Young (Allocation Failure)
[435.048s][info][gc,heap        ] GC(1153) PSYoungGen: 249920K(259584K)->64K(240640K) Eden: 249856K(249856K)->0K(240128K) From: 64K(9728K)->64K(512K)
[435.048s][info][gc,heap        ] GC(1153) ParOldGen: 291485K(291840K)->291493K(291840K)
[435.048s][info][gc,metaspace   ] GC(1153) Metaspace: 35377K(36032K)->35377K(36032K) NonClass: 29104K(29568K)->29104K(29568K) Class: 6272K(6464K)->6272K(6464K)
[435.048s][info][gc             ] GC(1153) Pause Young (Allocation Failure) 528M->284M(520M) 2.066ms
[435.048s][info][gc,cpu         ] GC(1153) User=0.01s Sys=0.00s Real=0.01s
[435.224s][info][gc,start       ] GC(1154) Pause Young (Allocation Failure)
[435.225s][info][gc,heap        ] GC(1154) PSYoungGen: 240192K(240640K)->64K(239104K) Eden: 240128K(240128K)->0K(230912K) From: 64K(512K)->64K(8192K)
[435.225s][info][gc,heap        ] GC(1154) ParOldGen: 291493K(291840K)->291501K(291840K)
[435.225s][info][gc,metaspace   ] GC(1154) Metaspace: 35377K(36032K)->35377K(36032K) NonClass: 29104K(29568K)->29104K(29568K) Class: 6272K(6464K)->6272K(6464K)
[435.225s][info][gc             ] GC(1154) Pause Young (Allocation Failure) 519M->284M(518M) 1.221ms
[435.225s][info][gc,cpu         ] GC(1154) User=0.00s Sys=0.00s Real=0.00s
[435.314s][info][gc,start       ] GC(1155) Pause Young (Allocation Failure)
[435.316s][info][gc,heap        ] GC(1155) PSYoungGen: 230976K(239104K)->64K(222720K) Eden: 230912K(230912K)->0K(222208K) From: 64K(8192K)->64K(512K)
[435.317s][info][gc,heap        ] GC(1155) ParOldGen: 291501K(291840K)->291509K(291840K)
[435.317s][info][gc,metaspace   ] GC(1155) Metaspace: 35377K(36032K)->35377K(36032K) NonClass: 29104K(29568K)->29104K(29568K) Class: 6272K(6464K)->6272K(6464K)
[435.317s][info][gc             ] GC(1155) Pause Young (Allocation Failure) 510M->284M(502M) 2.328ms
[435.317s][info][gc,cpu         ] GC(1155) User=0.00s Sys=0.00s Real=0.01s
[435.927s][info][gc,start       ] GC(1156) Pause Young (Allocation Failure)
[435.929s][info][gc,heap        ] GC(1156) PSYoungGen: 222272K(222720K)->64K(221184K) Eden: 222208K(222208K)->0K(214016K) From: 64K(512K)->64K(7168K)
[435.929s][info][gc,heap        ] GC(1156) ParOldGen: 291509K(291840K)->291517K(291840K)
[435.929s][info][gc,metaspace   ] GC(1156) Metaspace: 35377K(36032K)->35377K(36032K) NonClass: 29104K(29568K)->29104K(29568K) Class: 6272K(6464K)->6272K(6464K)
[435.929s][info][gc             ] GC(1156) Pause Young (Allocation Failure) 501M->284M(501M) 1.391ms
[435.929s][info][gc,cpu         ] GC(1156) User=0.00s Sys=0.00s Real=0.00s
[436.168s][info][gc,start       ] GC(1157) Pause Young (Allocation Failure)
[436.170s][info][gc,heap        ] GC(1157) PSYoungGen: 214080K(221184K)->64K(206848K) Eden: 214016K(214016K)->0K(206336K) From: 64K(7168K)->64K(512K)
[436.170s][info][gc,heap        ] GC(1157) ParOldGen: 291517K(291840K)->291525K(291840K)
[436.170s][info][gc,metaspace   ] GC(1157) Metaspace: 35377K(36032K)->35377K(36032K) NonClass: 29104K(29568K)->29104K(29568K) Class: 6272K(6464K)->6272K(6464K)
[436.170s][info][gc             ] GC(1157) Pause Young (Allocation Failure) 493M->284M(487M) 2.439ms
[436.170s][info][gc,cpu         ] GC(1157) User=0.01s Sys=0.00s Real=0.00s
[436.568s][info][gc,start       ] GC(1158) Pause Young (Allocation Failure)
[436.594s][info][gc,heap        ] GC(1158) PSYoungGen: 206400K(206848K)->6144K(253440K) Eden: 206336K(206336K)->0K(247296K) From: 64K(512K)->6144K(6144K)
[436.594s][info][gc,heap        ] GC(1158) ParOldGen: 291525K(291840K)->293405K(293888K)
[436.594s][info][gc,metaspace   ] GC(1158) Metaspace: 35377K(36032K)->35377K(36032K) NonClass: 29104K(29568K)->29104K(29568K) Class: 6272K(6464K)->6272K(6464K)
[436.594s][info][gc             ] GC(1158) Pause Young (Allocation Failure) 486M->292M(534M) 25.825ms
[436.594s][info][gc,cpu         ] GC(1158) User=0.05s Sys=0.01s Real=0.02s
[436.909s][info][gc,start       ] GC(1159) Pause Young (Allocation Failure)
[437.012s][info][gc,heap        ] GC(1159) PSYoungGen: 253440K(253440K)->6144K(260096K) Eden: 247296K(247296K)->0K(253952K) From: 6144K(6144K)->6144K(6144K)
[437.012s][info][gc,heap        ] GC(1159) ParOldGen: 293405K(293888K)->313429K(313856K)
[437.012s][info][gc,metaspace   ] GC(1159) Metaspace: 35377K(36032K)->35377K(36032K) NonClass: 29104K(29568K)->29104K(29568K) Class: 6272K(6464K)->6272K(6464K)
[437.012s][info][gc             ] GC(1159) Pause Young (Allocation Failure) 534M->312M(560M) 102.630ms
[437.012s][info][gc,cpu         ] GC(1159) User=0.18s Sys=0.01s Real=0.10s
[437.346s][info][gc,start       ] GC(1160) Pause Young (Allocation Failure)
[437.437s][info][gc,heap        ] GC(1160) PSYoungGen: 260096K(260096K)->16896K(270848K) Eden: 253952K(253952K)->0K(253952K) From: 6144K(6144K)->16896K(16896K)
[437.437s][info][gc,heap        ] GC(1160) ParOldGen: 313429K(313856K)->324045K(324096K)
[437.437s][info][gc,metaspace   ] GC(1160) Metaspace: 35377K(36032K)->35377K(36032K) NonClass: 29104K(29568K)->29104K(29568K) Class: 6272K(6464K)->6272K(6464K)
[437.437s][info][gc             ] GC(1160) Pause Young (Allocation Failure) 560M->332M(581M) 91.023ms
[437.437s][info][gc,cpu         ] GC(1160) User=0.18s Sys=0.01s Real=0.10s
[437.594s][info][gc,start       ] GC(1161) Pause Young (Allocation Failure)
[437.620s][info][gc,heap        ] GC(1161) PSYoungGen: 270848K(270848K)->8064K(310272K) Eden: 253952K(253952K)->0K(285696K) From: 16896K(16896K)->8064K(24576K)
[437.620s][info][gc,heap        ] GC(1161) ParOldGen: 324045K(324096K)->324429K(324608K)
[437.620s][info][gc,metaspace   ] GC(1161) Metaspace: 35377K(36032K)->35377K(36032K) NonClass: 29104K(29568K)->29104K(29568K) Class: 6272K(6464K)->6272K(6464K)
[437.620s][info][gc             ] GC(1161) Pause Young (Allocation Failure) 580M->324M(620M) 25.629ms
[437.620s][info][gc,cpu         ] GC(1161) User=0.04s Sys=0.01s Real=0.03s
[438.073s][info][gc,start       ] GC(1162) Pause Young (Allocation Failure)
[438.074s][info][gc,heap        ] GC(1162) PSYoungGen: 293760K(310272K)->64K(286208K) Eden: 285696K(285696K)->0K(285696K) From: 8064K(24576K)->64K(512K)
[438.074s][info][gc,heap        ] GC(1162) ParOldGen: 324429K(324608K)->324437K(324608K)
[438.074s][info][gc,metaspace   ] GC(1162) Metaspace: 35377K(36032K)->35377K(36032K) NonClass: 29104K(29568K)->29104K(29568K) Class: 6272K(6464K)->6272K(6464K)
[438.074s][info][gc             ] GC(1162) Pause Young (Allocation Failure) 603M->316M(596M) 1.497ms
[438.074s][info][gc,cpu         ] GC(1162) User=0.00s Sys=0.00s Real=0.00s
[438.758s][info][gc,start       ] GC(1163) Pause Young (Allocation Failure)
[438.760s][info][gc,heap        ] GC(1163) PSYoungGen: 285760K(286208K)->64K(308736K) Eden: 285696K(285696K)->0K(286208K) From: 64K(512K)->64K(22528K)
[438.760s][info][gc,heap        ] GC(1163) ParOldGen: 324437K(324608K)->324445K(324608K)
[438.760s][info][gc,metaspace   ] GC(1163) Metaspace: 35377K(36032K)->35377K(36032K) NonClass: 29104K(29568K)->29104K(29568K) Class: 6272K(6464K)->6272K(6464K)
[438.760s][info][gc             ] GC(1163) Pause Young (Allocation Failure) 595M->316M(618M) 1.523ms
[438.760s][info][gc,cpu         ] GC(1163) User=0.00s Sys=0.01s Real=0.00s
[439.269s][info][gc,start       ] GC(1164) Pause Young (Allocation Failure)
[439.270s][info][gc,heap        ] GC(1164) PSYoungGen: 286272K(308736K)->64K(308224K) Eden: 286208K(286208K)->0K(286208K) From: 64K(22528K)->64K(22016K)
[439.270s][info][gc,heap        ] GC(1164) ParOldGen: 324445K(324608K)->324461K(324608K)
[439.270s][info][gc,metaspace   ] GC(1164) Metaspace: 35377K(36032K)->35377K(36032K) NonClass: 29104K(29568K)->29104K(29568K) Class: 6272K(6464K)->6272K(6464K)
[439.270s][info][gc             ] GC(1164) Pause Young (Allocation Failure) 596M->316M(618M) 1.539ms
[439.270s][info][gc,cpu         ] GC(1164) User=0.00s Sys=0.00s Real=0.00s
[439.488s][info][gc,start       ] GC(1165) Pause Young (Allocation Failure)
[439.490s][info][gc,heap        ] GC(1165) PSYoungGen: 286272K(308224K)->64K(310784K) Eden: 286208K(286208K)->0K(289792K) From: 64K(22016K)->64K(20992K)
[439.490s][info][gc,heap        ] GC(1165) ParOldGen: 324461K(324608K)->324477K(324608K)
[439.490s][info][gc,metaspace   ] GC(1165) Metaspace: 35377K(36032K)->35377K(36032K) NonClass: 29104K(29568K)->29104K(29568K) Class: 6272K(6464K)->6272K(6464K)
[439.490s][info][gc             ] GC(1165) Pause Young (Allocation Failure) 596M->316M(620M) 2.063ms
[439.490s][info][gc,cpu         ] GC(1165) User=0.01s Sys=0.00s Real=0.00s
[439.712s][info][gc,start       ] GC(1166) Pause Young (Allocation Failure)
[439.714s][info][gc,heap        ] GC(1166) PSYoungGen: 289856K(310784K)->64K(310272K) Eden: 289792K(289792K)->0K(289792K) From: 64K(20992K)->64K(20480K)
[439.714s][info][gc,heap        ] GC(1166) ParOldGen: 324477K(324608K)->324477K(324608K)
[439.714s][info][gc,metaspace   ] GC(1166) Metaspace: 35377K(36032K)->35377K(36032K) NonClass: 29104K(29568K)->29104K(29568K) Class: 6272K(6464K)->6272K(6464K)
[439.714s][info][gc             ] GC(1166) Pause Young (Allocation Failure) 599M->316M(620M) 2.020ms
[439.714s][info][gc,cpu         ] GC(1166) User=0.00s Sys=0.00s Real=0.00s
[440.091s][info][gc,start       ] GC(1167) Pause Young (Allocation Failure)
[440.093s][info][gc,heap        ] GC(1167) PSYoungGen: 289856K(310272K)->64K(312320K) Eden: 289792K(289792K)->0K(293376K) From: 64K(20480K)->64K(18944K)
[440.093s][info][gc,heap        ] GC(1167) ParOldGen: 324477K(324608K)->324477K(324608K)
[440.093s][info][gc,metaspace   ] GC(1167) Metaspace: 35377K(36032K)->35377K(36032K) NonClass: 29104K(29568K)->29104K(29568K) Class: 6272K(6464K)->6272K(6464K)
[440.093s][info][gc             ] GC(1167) Pause Young (Allocation Failure) 599M->316M(622M) 2.095ms
[440.093s][info][gc,cpu         ] GC(1167) User=0.01s Sys=0.00s Real=0.00s
[440.220s][info][gc,start       ] GC(1168) Pause Young (Allocation Failure)
[440.222s][info][gc,heap        ] GC(1168) PSYoungGen: 293440K(312320K)->64K(311808K) Eden: 293376K(293376K)->0K(293376K) From: 64K(18944K)->64K(18432K)
[440.222s][info][gc,heap        ] GC(1168) ParOldGen: 324477K(324608K)->324485K(324608K)
[440.222s][info][gc,metaspace   ] GC(1168) Metaspace: 35377K(36032K)->35377K(36032K) NonClass: 29104K(29568K)->29104K(29568K) Class: 6272K(6464K)->6272K(6464K)
[440.222s][info][gc             ] GC(1168) Pause Young (Allocation Failure) 603M->316M(621M) 2.031ms
[440.222s][info][gc,cpu         ] GC(1168) User=0.00s Sys=0.00s Real=0.00s
[440.279s][info][gc,start       ] GC(1169) Pause Young (Allocation Failure)
[440.280s][info][gc,heap        ] GC(1169) PSYoungGen: 293440K(311808K)->64K(314368K) Eden: 293376K(293376K)->0K(297472K) From: 64K(18432K)->64K(16896K)
[440.281s][info][gc,heap        ] GC(1169) ParOldGen: 324485K(324608K)->324501K(324608K)
[440.281s][info][gc,metaspace   ] GC(1169) Metaspace: 35377K(36032K)->35377K(36032K) NonClass: 29104K(29568K)->29104K(29568K) Class: 6272K(6464K)->6272K(6464K)
[440.281s][info][gc             ] GC(1169) Pause Young (Allocation Failure) 603M->316M(624M) 2.007ms
[440.281s][info][gc,cpu         ] GC(1169) User=0.00s Sys=0.00s Real=0.00s
[440.429s][info][gc,start       ] GC(1170) Pause Young (Allocation Failure)
[440.431s][info][gc,heap        ] GC(1170) PSYoungGen: 297536K(314368K)->64K(314368K) Eden: 297472K(297472K)->0K(297472K) From: 64K(16896K)->64K(16896K)
[440.431s][info][gc,heap        ] GC(1170) ParOldGen: 324501K(324608K)->324501K(324608K)
[440.431s][info][gc,metaspace   ] GC(1170) Metaspace: 35377K(36032K)->35377K(36032K) NonClass: 29104K(29568K)->29104K(29568K) Class: 6272K(6464K)->6272K(6464K)
[440.431s][info][gc             ] GC(1170) Pause Young (Allocation Failure) 607M->316M(624M) 2.008ms
[440.431s][info][gc,cpu         ] GC(1170) User=0.00s Sys=0.00s Real=0.00s
[440.673s][info][gc,start       ] GC(1171) Pause Young (Allocation Failure)
[440.675s][info][gc,heap        ] GC(1171) PSYoungGen: 297536K(314368K)->64K(315904K) Eden: 297472K(297472K)->0K(301056K) From: 64K(16896K)->64K(14848K)
[440.675s][info][gc,heap        ] GC(1171) ParOldGen: 324501K(324608K)->324509K(324608K)
[440.675s][info][gc,metaspace   ] GC(1171) Metaspace: 35377K(36032K)->35377K(36032K) NonClass: 29104K(29568K)->29104K(29568K) Class: 6272K(6464K)->6272K(6464K)
[440.675s][info][gc             ] GC(1171) Pause Young (Allocation Failure) 607M->316M(625M) 1.957ms
[440.675s][info][gc,cpu         ] GC(1171) User=0.00s Sys=0.00s Real=0.00s
[440.854s][info][gc,start       ] GC(1172) Pause Young (Allocation Failure)
[440.856s][info][gc,heap        ] GC(1172) PSYoungGen: 301120K(315904K)->64K(315904K) Eden: 301056K(301056K)->0K(301056K) From: 64K(14848K)->64K(14848K)
[440.856s][info][gc,heap        ] GC(1172) ParOldGen: 324509K(324608K)->324517K(324608K)
[440.856s][info][gc,metaspace   ] GC(1172) Metaspace: 35377K(36032K)->35377K(36032K) NonClass: 29104K(29568K)->29104K(29568K) Class: 6272K(6464K)->6272K(6464K)
[440.856s][info][gc             ] GC(1172) Pause Young (Allocation Failure) 610M->316M(625M) 2.050ms
[440.856s][info][gc,cpu         ] GC(1172) User=0.00s Sys=0.00s Real=0.00s
[440.945s][info][gc,start       ] GC(1173) Pause Young (Allocation Failure)
[440.947s][info][gc,heap        ] GC(1173) PSYoungGen: 301120K(315904K)->64K(317440K) Eden: 301056K(301056K)->0K(304640K) From: 64K(14848K)->64K(12800K)
[440.947s][info][gc,heap        ] GC(1173) ParOldGen: 324517K(324608K)->324533K(324608K)
[440.947s][info][gc,metaspace   ] GC(1173) Metaspace: 35377K(36032K)->35377K(36032K) NonClass: 29104K(29568K)->29104K(29568K) Class: 6272K(6464K)->6272K(6464K)
[440.947s][info][gc             ] GC(1173) Pause Young (Allocation Failure) 610M->316M(627M) 2.008ms
[440.947s][info][gc,cpu         ] GC(1173) User=0.00s Sys=0.00s Real=0.01s
[441.130s][info][gc,start       ] GC(1174) Pause Young (Allocation Failure)
[441.132s][info][gc,heap        ] GC(1174) PSYoungGen: 304704K(317440K)->64K(317952K) Eden: 304640K(304640K)->0K(304640K) From: 64K(12800K)->64K(13312K)
[441.132s][info][gc,heap        ] GC(1174) ParOldGen: 324533K(324608K)->324533K(324608K)
[441.132s][info][gc,metaspace   ] GC(1174) Metaspace: 35377K(36032K)->35377K(36032K) NonClass: 29104K(29568K)->29104K(29568K) Class: 6272K(6464K)->6272K(6464K)
[441.132s][info][gc             ] GC(1174) Pause Young (Allocation Failure) 614M->316M(627M) 2.087ms
[441.132s][info][gc,cpu         ] GC(1174) User=0.01s Sys=0.00s Real=0.00s
[442.241s][info][gc,start       ] GC(1175) Pause Young (Allocation Failure)
[442.242s][info][gc,heap        ] GC(1175) PSYoungGen: 304704K(317952K)->64K(320000K) Eden: 304640K(304640K)->0K(308224K) From: 64K(13312K)->64K(11776K)
[442.242s][info][gc,heap        ] GC(1175) ParOldGen: 324533K(324608K)->324541K(324608K)
[442.242s][info][gc,metaspace   ] GC(1175) Metaspace: 35377K(36032K)->35377K(36032K) NonClass: 29104K(29568K)->29104K(29568K) Class: 6272K(6464K)->6272K(6464K)
[442.242s][info][gc             ] GC(1175) Pause Young (Allocation Failure) 614M->316M(629M) 1.469ms
[442.242s][info][gc,cpu         ] GC(1175) User=0.00s Sys=0.00s Real=0.00s
[443.233s][info][gc,start       ] GC(1176) Pause Young (Allocation Failure)
[443.235s][info][gc,heap        ] GC(1176) PSYoungGen: 308288K(320000K)->64K(296448K) Eden: 308224K(308224K)->0K(295936K) From: 64K(11776K)->64K(512K)
[443.235s][info][gc,heap        ] GC(1176) ParOldGen: 324541K(324608K)->324549K(324608K)
[443.235s][info][gc,metaspace   ] GC(1176) Metaspace: 35377K(36032K)->35377K(36032K) NonClass: 29104K(29568K)->29104K(29568K) Class: 6272K(6464K)->6272K(6464K)
[443.235s][info][gc             ] GC(1176) Pause Young (Allocation Failure) 617M->317M(606M) 1.615ms
[443.235s][info][gc,cpu         ] GC(1176) User=0.00s Sys=0.00s Real=0.00s
[443.522s][info][gc,start       ] GC(1177) Pause Young (Allocation Failure)
[443.525s][info][gc,heap        ] GC(1177) PSYoungGen: 296000K(296448K)->64K(284672K) Eden: 295936K(295936K)->0K(284160K) From: 64K(512K)->64K(512K)
[443.525s][info][gc,heap        ] GC(1177) ParOldGen: 324549K(324608K)->324557K(324608K)
[443.525s][info][gc,metaspace   ] GC(1177) Metaspace: 35377K(36032K)->35377K(36032K) NonClass: 29104K(29568K)->29104K(29568K) Class: 6272K(6464K)->6272K(6464K)
[443.525s][info][gc             ] GC(1177) Pause Young (Allocation Failure) 606M->317M(595M) 2.588ms
[443.525s][info][gc,cpu         ] GC(1177) User=0.01s Sys=0.00s Real=0.00s
[444.044s][info][gc,start       ] GC(1178) Pause Young (Allocation Failure)
[444.046s][info][gc,heap        ] GC(1178) PSYoungGen: 284224K(284672K)->64K(283136K) Eden: 284160K(284160K)->0K(272896K) From: 64K(512K)->64K(10240K)
[444.046s][info][gc,heap        ] GC(1178) ParOldGen: 324557K(324608K)->324565K(324608K)
[444.046s][info][gc,metaspace   ] GC(1178) Metaspace: 35377K(36032K)->35377K(36032K) NonClass: 29104K(29568K)->29104K(29568K) Class: 6272K(6464K)->6272K(6464K)
[444.046s][info][gc             ] GC(1178) Pause Young (Allocation Failure) 594M->317M(593M) 1.844ms
[444.046s][info][gc,cpu         ] GC(1178) User=0.00s Sys=0.00s Real=0.00s
[445.100s][info][gc,start       ] GC(1179) Pause Young (Allocation Failure)
[445.103s][info][gc,heap        ] GC(1179) PSYoungGen: 272960K(283136K)->64K(262656K) Eden: 272896K(272896K)->0K(262144K) From: 64K(10240K)->64K(512K)
[445.103s][info][gc,heap        ] GC(1179) ParOldGen: 324565K(324608K)->324573K(324608K)
[445.103s][info][gc,metaspace   ] GC(1179) Metaspace: 35377K(36032K)->35377K(36032K) NonClass: 29104K(29568K)->29104K(29568K) Class: 6272K(6464K)->6272K(6464K)
[445.103s][info][gc             ] GC(1179) Pause Young (Allocation Failure) 583M->317M(573M) 3.368ms
[445.103s][info][gc,cpu         ] GC(1179) User=0.01s Sys=0.00s Real=0.00s
[445.508s][info][gc,start       ] GC(1180) Pause Young (Allocation Failure)
[445.511s][info][gc,heap        ] GC(1180) PSYoungGen: 262208K(262656K)->64K(260608K) Eden: 262144K(262144K)->0K(251904K) From: 64K(512K)->64K(8704K)
[445.511s][info][gc,heap        ] GC(1180) ParOldGen: 324573K(324608K)->324581K(324608K)
[445.511s][info][gc,metaspace   ] GC(1180) Metaspace: 35377K(36032K)->35377K(36032K) NonClass: 29104K(29568K)->29104K(29568K) Class: 6272K(6464K)->6272K(6464K)
[445.511s][info][gc             ] GC(1180) Pause Young (Allocation Failure) 573M->317M(571M) 2.779ms
[445.511s][info][gc,cpu         ] GC(1180) User=0.00s Sys=0.00s Real=0.00s
[445.679s][info][gc,start       ] GC(1181) Pause Young (Allocation Failure)
[445.684s][info][gc,heap        ] GC(1181) PSYoungGen: 251968K(260608K)->64K(242688K) Eden: 251904K(251904K)->0K(242176K) From: 64K(8704K)->64K(512K)
[445.684s][info][gc,heap        ] GC(1181) ParOldGen: 324581K(324608K)->324589K(324608K)
[445.684s][info][gc,metaspace   ] GC(1181) Metaspace: 35377K(36032K)->35377K(36032K) NonClass: 29104K(29568K)->29104K(29568K) Class: 6272K(6464K)->6272K(6464K)
[445.684s][info][gc             ] GC(1181) Pause Young (Allocation Failure) 563M->317M(554M) 4.437ms
[445.684s][info][gc,cpu         ] GC(1181) User=0.00s Sys=0.00s Real=0.00s
[445.931s][info][gc,start       ] GC(1182) Pause Young (Allocation Failure)
[445.934s][info][gc,heap        ] GC(1182) PSYoungGen: 242240K(242688K)->32K(285696K) Eden: 242176K(242176K)->0K(278016K) From: 64K(512K)->32K(7680K)
[445.935s][info][gc,heap        ] GC(1182) ParOldGen: 324589K(324608K)->324597K(324608K)
[445.935s][info][gc,metaspace   ] GC(1182) Metaspace: 35377K(36032K)->35377K(36032K) NonClass: 29104K(29568K)->29104K(29568K) Class: 6272K(6464K)->6272K(6464K)
[445.935s][info][gc             ] GC(1182) Pause Young (Allocation Failure) 553M->317M(596M) 3.276ms
[445.935s][info][gc,cpu         ] GC(1182) User=0.00s Sys=0.00s Real=0.00s
[446.532s][info][gc,start       ] GC(1183) Pause Young (Allocation Failure)
[446.536s][info][gc,heap        ] GC(1183) PSYoungGen: 278048K(285696K)->64K(267776K) Eden: 278016K(278016K)->0K(267264K) From: 32K(7680K)->64K(512K)
[446.536s][info][gc,heap        ] GC(1183) ParOldGen: 324597K(324608K)->324605K(324608K)
[446.536s][info][gc,metaspace   ] GC(1183) Metaspace: 35377K(36032K)->35377K(36032K) NonClass: 29104K(29568K)->29104K(29568K) Class: 6272K(6464K)->6272K(6464K)
[446.536s][info][gc             ] GC(1183) Pause Young (Allocation Failure) 588M->317M(578M) 4.092ms
[446.536s][info][gc,cpu         ] GC(1183) User=0.01s Sys=0.00s Real=0.00s
[446.998s][info][gc,start       ] GC(1184) Pause Young (Allocation Failure)
[447.016s][info][gc,heap        ] GC(1184) PSYoungGen: 267328K(267776K)->5024K(289792K) Eden: 267264K(267264K)->0K(283136K) From: 64K(512K)->5024K(6656K)
[447.016s][info][gc,heap        ] GC(1184) ParOldGen: 324605K(324608K)->324613K(325120K)
[447.016s][info][gc,metaspace   ] GC(1184) Metaspace: 35377K(36032K)->35377K(36032K) NonClass: 29104K(29568K)->29104K(29568K) Class: 6272K(6464K)->6272K(6464K)
[447.016s][info][gc             ] GC(1184) Pause Young (Allocation Failure) 578M->321M(600M) 17.676ms
[447.016s][info][gc,cpu         ] GC(1184) User=0.02s Sys=0.00s Real=0.01s
[447.371s][info][gc,start       ] GC(1185) Pause Young (Allocation Failure)
[447.452s][info][gc,heap        ] GC(1185) PSYoungGen: 288160K(289792K)->7680K(305664K) Eden: 283136K(283136K)->0K(297984K) From: 5024K(6656K)->7680K(7680K)
[447.452s][info][gc,heap        ] GC(1185) ParOldGen: 324613K(325120K)->346813K(347136K)
[447.452s][info][gc,metaspace   ] GC(1185) Metaspace: 35377K(36032K)->35377K(36032K) NonClass: 29104K(29568K)->29104K(29568K) Class: 6272K(6464K)->6272K(6464K)
[447.452s][info][gc             ] GC(1185) Pause Young (Allocation Failure) 598M->346M(637M) 81.666ms
[447.452s][info][gc,cpu         ] GC(1185) User=0.14s Sys=0.02s Real=0.08s
[447.833s][info][gc,start       ] GC(1186) Pause Young (Allocation Failure)
[447.912s][info][gc,heap        ] GC(1186) PSYoungGen: 305664K(305664K)->17920K(315904K) Eden: 297984K(297984K)->0K(297984K) From: 7680K(7680K)->17920K(17920K)
[447.912s][info][gc,heap        ] GC(1186) ParOldGen: 346813K(347136K)->361141K(361472K)
[447.912s][info][gc,metaspace   ] GC(1186) Metaspace: 35377K(36032K)->35377K(36032K) NonClass: 29104K(29568K)->29104K(29568K) Class: 6272K(6464K)->6272K(6464K)
[447.912s][info][gc             ] GC(1186) Pause Young (Allocation Failure) 637M->370M(661M) 79.728ms
[447.912s][info][gc,cpu         ] GC(1186) User=0.13s Sys=0.03s Real=0.08s
[448.030s][info][gc,start       ] GC(1187) Pause Young (Allocation Failure)
[448.042s][info][gc,heap        ] GC(1187) PSYoungGen: 315904K(315904K)->2720K(300544K) Eden: 297984K(297984K)->0K(282624K) From: 17920K(17920K)->2720K(17920K)
[448.042s][info][gc,heap        ] GC(1187) ParOldGen: 361141K(361472K)->361653K(361984K)
[448.042s][info][gc,metaspace   ] GC(1187) Metaspace: 35377K(36032K)->35377K(36032K) NonClass: 29104K(29568K)->29104K(29568K) Class: 6272K(6464K)->6272K(6464K)
[448.042s][info][gc             ] GC(1187) Pause Young (Allocation Failure) 661M->355M(647M) 11.555ms
[448.042s][info][gc,cpu         ] GC(1187) User=0.01s Sys=0.00s Real=0.01s
[448.705s][info][gc,start       ] GC(1188) Pause Young (Allocation Failure)
[448.706s][info][gc,heap        ] GC(1188) PSYoungGen: 285344K(300544K)->64K(308224K) Eden: 282624K(282624K)->0K(282624K) From: 2720K(17920K)->64K(25600K)
[448.706s][info][gc,heap        ] GC(1188) ParOldGen: 361653K(361984K)->361661K(361984K)
[448.706s][info][gc,metaspace   ] GC(1188) Metaspace: 35377K(36032K)->35377K(36032K) NonClass: 29104K(29568K)->29104K(29568K) Class: 6272K(6464K)->6272K(6464K)
[448.706s][info][gc             ] GC(1188) Pause Young (Allocation Failure) 631M->353M(654M) 1.463ms
[448.706s][info][gc,cpu         ] GC(1188) User=0.01s Sys=0.00s Real=0.00s
[449.289s][info][gc,start       ] GC(1189) Pause Young (Allocation Failure)
[449.291s][info][gc,heap        ] GC(1189) PSYoungGen: 282688K(308224K)->64K(306176K) Eden: 282624K(282624K)->0K(283648K) From: 64K(25600K)->64K(22528K)
[449.291s][info][gc,heap        ] GC(1189) ParOldGen: 361661K(361984K)->361669K(361984K)
[449.291s][info][gc,metaspace   ] GC(1189) Metaspace: 35377K(36032K)->35377K(36032K) NonClass: 29104K(29568K)->29104K(29568K) Class: 6272K(6464K)->6272K(6464K)
[449.291s][info][gc             ] GC(1189) Pause Young (Allocation Failure) 629M->353M(652M) 1.761ms
[449.291s][info][gc,cpu         ] GC(1189) User=0.00s Sys=0.00s Real=0.00s
[449.817s][info][gc,start       ] GC(1190) Pause Young (Allocation Failure)
[449.819s][info][gc,heap        ] GC(1190) PSYoungGen: 283712K(306176K)->64K(307712K) Eden: 283648K(283648K)->0K(283648K) From: 64K(22528K)->64K(24064K)
[449.819s][info][gc,heap        ] GC(1190) ParOldGen: 361669K(361984K)->361685K(361984K)
[449.819s][info][gc,metaspace   ] GC(1190) Metaspace: 35377K(36032K)->35377K(36032K) NonClass: 29104K(29568K)->29104K(29568K) Class: 6272K(6464K)->6272K(6464K)
[449.819s][info][gc             ] GC(1190) Pause Young (Allocation Failure) 630M->353M(654M) 1.788ms
[449.819s][info][gc,cpu         ] GC(1190) User=0.00s Sys=0.00s Real=0.00s
[450.035s][info][gc,start       ] GC(1191) Pause Young (Allocation Failure)
[450.037s][info][gc,heap        ] GC(1191) PSYoungGen: 283712K(307712K)->64K(307200K) Eden: 283648K(283648K)->0K(286720K) From: 64K(24064K)->64K(20480K)
[450.037s][info][gc,heap        ] GC(1191) ParOldGen: 361685K(361984K)->361701K(361984K)
[450.037s][info][gc,metaspace   ] GC(1191) Metaspace: 35377K(36032K)->35377K(36032K) NonClass: 29104K(29568K)->29104K(29568K) Class: 6272K(6464K)->6272K(6464K)
[450.037s][info][gc             ] GC(1191) Pause Young (Allocation Failure) 630M->353M(653M) 1.611ms
[450.037s][info][gc,cpu         ] GC(1191) User=0.00s Sys=0.00s Real=0.01s
[450.256s][info][gc,start       ] GC(1192) Pause Young (Allocation Failure)
[450.257s][info][gc,heap        ] GC(1192) PSYoungGen: 286784K(307200K)->64K(308736K) Eden: 286720K(286720K)->0K(286720K) From: 64K(20480K)->64K(22016K)
[450.257s][info][gc,heap        ] GC(1192) ParOldGen: 361701K(361984K)->361701K(361984K)
[450.257s][info][gc,metaspace   ] GC(1192) Metaspace: 35377K(36032K)->35377K(36032K) NonClass: 29104K(29568K)->29104K(29568K) Class: 6272K(6464K)->6272K(6464K)
[450.257s][info][gc             ] GC(1192) Pause Young (Allocation Failure) 633M->353M(655M) 1.519ms
[450.257s][info][gc,cpu         ] GC(1192) User=0.00s Sys=0.00s Real=0.01s
[450.662s][info][gc,start       ] GC(1193) Pause Young (Allocation Failure)
[450.664s][info][gc,heap        ] GC(1193) PSYoungGen: 286784K(308736K)->64K(309248K) Eden: 286720K(286720K)->0K(290816K) From: 64K(22016K)->64K(18432K)
[450.664s][info][gc,heap        ] GC(1193) ParOldGen: 361701K(361984K)->361701K(361984K)
[450.664s][info][gc,metaspace   ] GC(1193) Metaspace: 35377K(36032K)->35377K(36032K) NonClass: 29104K(29568K)->29104K(29568K) Class: 6272K(6464K)->6272K(6464K)
[450.664s][info][gc             ] GC(1193) Pause Young (Allocation Failure) 633M->353M(655M) 1.589ms
[450.664s][info][gc,cpu         ] GC(1193) User=0.01s Sys=0.00s Real=0.00s
[450.720s][info][gc,start       ] GC(1194) Pause Young (Allocation Failure)
[450.721s][info][gc,heap        ] GC(1194) PSYoungGen: 290880K(309248K)->64K(310784K) Eden: 290816K(290816K)->0K(290816K) From: 64K(18432K)->64K(19968K)
[450.721s][info][gc,heap        ] GC(1194) ParOldGen: 361701K(361984K)->361709K(361984K)
[450.721s][info][gc,metaspace   ] GC(1194) Metaspace: 35377K(36032K)->35377K(36032K) NonClass: 29104K(29568K)->29104K(29568K) Class: 6272K(6464K)->6272K(6464K)
[450.721s][info][gc             ] GC(1194) Pause Young (Allocation Failure) 637M->353M(657M) 1.512ms
[450.721s][info][gc,cpu         ] GC(1194) User=0.01s Sys=0.00s Real=0.00s
[450.778s][info][gc,start       ] GC(1195) Pause Young (Allocation Failure)
[450.779s][info][gc,heap        ] GC(1195) PSYoungGen: 290880K(310784K)->64K(311296K) Eden: 290816K(290816K)->0K(294912K) From: 64K(19968K)->64K(16384K)
[450.780s][info][gc,heap        ] GC(1195) ParOldGen: 361709K(361984K)->361725K(361984K)
[450.780s][info][gc,metaspace   ] GC(1195) Metaspace: 35377K(36032K)->35377K(36032K) NonClass: 29104K(29568K)->29104K(29568K) Class: 6272K(6464K)->6272K(6464K)
[450.780s][info][gc             ] GC(1195) Pause Young (Allocation Failure) 637M->353M(657M) 1.552ms
[450.780s][info][gc,cpu         ] GC(1195) User=0.00s Sys=0.00s Real=0.00s
[450.969s][info][gc,start       ] GC(1196) Pause Young (Allocation Failure)
[450.971s][info][gc,heap        ] GC(1196) PSYoungGen: 294976K(311296K)->64K(312832K) Eden: 294912K(294912K)->0K(294912K) From: 64K(16384K)->64K(17920K)
[450.971s][info][gc,heap        ] GC(1196) ParOldGen: 361725K(361984K)->361725K(361984K)
[450.971s][info][gc,metaspace   ] GC(1196) Metaspace: 35377K(36032K)->35377K(36032K) NonClass: 29104K(29568K)->29104K(29568K) Class: 6272K(6464K)->6272K(6464K)
[450.971s][info][gc             ] GC(1196) Pause Young (Allocation Failure) 641M->353M(659M) 1.567ms
[450.971s][info][gc,cpu         ] GC(1196) User=0.01s Sys=0.00s Real=0.00s
[451.206s][info][gc,start       ] GC(1197) Pause Young (Allocation Failure)
[451.207s][info][gc,heap        ] GC(1197) PSYoungGen: 294976K(312832K)->64K(313344K) Eden: 294912K(294912K)->0K(299008K) From: 64K(17920K)->64K(14336K)
[451.207s][info][gc,heap        ] GC(1197) ParOldGen: 361725K(361984K)->361733K(361984K)
[451.207s][info][gc,metaspace   ] GC(1197) Metaspace: 35377K(36032K)->35377K(36032K) NonClass: 29104K(29568K)->29104K(29568K) Class: 6272K(6464K)->6272K(6464K)
[451.207s][info][gc             ] GC(1197) Pause Young (Allocation Failure) 641M->353M(659M) 1.592ms
[451.207s][info][gc,cpu         ] GC(1197) User=0.00s Sys=0.00s Real=0.01s
[451.351s][info][gc,start       ] GC(1198) Pause Young (Allocation Failure)
[451.353s][info][gc,heap        ] GC(1198) PSYoungGen: 299072K(313344K)->64K(314880K) Eden: 299008K(299008K)->0K(299008K) From: 64K(14336K)->64K(15872K)
[451.353s][info][gc,heap        ] GC(1198) ParOldGen: 361733K(361984K)->361741K(361984K)
[451.353s][info][gc,metaspace   ] GC(1198) Metaspace: 35377K(36032K)->35377K(36032K) NonClass: 29104K(29568K)->29104K(29568K) Class: 6272K(6464K)->6272K(6464K)
[451.353s][info][gc             ] GC(1198) Pause Young (Allocation Failure) 645M->353M(661M) 1.621ms
[451.353s][info][gc,cpu         ] GC(1198) User=0.01s Sys=0.00s Real=0.00s
[451.452s][info][gc,start       ] GC(1199) Pause Young (Allocation Failure)
[451.454s][info][gc,heap        ] GC(1199) PSYoungGen: 299072K(314880K)->32K(315392K) Eden: 299008K(299008K)->0K(303104K) From: 64K(15872K)->32K(12288K)
[451.454s][info][gc,heap        ] GC(1199) ParOldGen: 361741K(361984K)->361749K(361984K)
[451.454s][info][gc,metaspace   ] GC(1199) Metaspace: 35377K(36032K)->35377K(36032K) NonClass: 29104K(29568K)->29104K(29568K) Class: 6272K(6464K)->6272K(6464K)
[451.454s][info][gc             ] GC(1199) Pause Young (Allocation Failure) 645M->353M(661M) 2.017ms
[451.454s][info][gc,cpu         ] GC(1199) User=0.01s Sys=0.00s Real=0.00s
[451.645s][info][gc,start       ] GC(1200) Pause Young (Allocation Failure)
[451.647s][info][gc,heap        ] GC(1200) PSYoungGen: 303136K(315392K)->32K(316928K) Eden: 303104K(303104K)->0K(303104K) From: 32K(12288K)->32K(13824K)
[451.647s][info][gc,heap        ] GC(1200) ParOldGen: 361749K(361984K)->361765K(361984K)
[451.647s][info][gc,metaspace   ] GC(1200) Metaspace: 35377K(36032K)->35377K(36032K) NonClass: 29104K(29568K)->29104K(29568K) Class: 6272K(6464K)->6272K(6464K)
[451.647s][info][gc             ] GC(1200) Pause Young (Allocation Failure) 649M->353M(663M) 1.923ms
[451.647s][info][gc,cpu         ] GC(1200) User=0.00s Sys=0.00s Real=0.01s
[452.699s][info][gc,start       ] GC(1201) Pause Young (Allocation Failure)
[452.701s][info][gc,heap        ] GC(1201) PSYoungGen: 303136K(316928K)->83K(318464K) Eden: 303104K(303104K)->0K(307200K) From: 32K(13824K)->83K(11264K)
[452.701s][info][gc,heap        ] GC(1201) ParOldGen: 361765K(361984K)->361773K(361984K)
[452.701s][info][gc,metaspace   ] GC(1201) Metaspace: 35377K(36032K)->35377K(36032K) NonClass: 29104K(29568K)->29104K(29568K) Class: 6272K(6464K)->6272K(6464K)
[452.701s][info][gc             ] GC(1201) Pause Young (Allocation Failure) 649M->353M(664M) 2.014ms
[452.701s][info][gc,cpu         ] GC(1201) User=0.00s Sys=0.00s Real=0.00s
[453.708s][info][gc,start       ] GC(1202) Pause Young (Allocation Failure)
[453.710s][info][gc,heap        ] GC(1202) PSYoungGen: 307283K(318464K)->64K(295424K) Eden: 307200K(307200K)->0K(294912K) From: 83K(11264K)->64K(512K)
[453.710s][info][gc,heap        ] GC(1202) ParOldGen: 361773K(361984K)->361789K(361984K)
[453.710s][info][gc,metaspace   ] GC(1202) Metaspace: 35377K(36032K)->35377K(36032K) NonClass: 29104K(29568K)->29104K(29568K) Class: 6272K(6464K)->6272K(6464K)
[453.710s][info][gc             ] GC(1202) Pause Young (Allocation Failure) 653M->353M(642M) 2.407ms
[453.710s][info][gc,cpu         ] GC(1202) User=0.01s Sys=0.00s Real=0.00s
[454.101s][info][gc,start       ] GC(1203) Pause Young (Allocation Failure)
[454.104s][info][gc,heap        ] GC(1203) PSYoungGen: 294976K(295424K)->64K(283648K) Eden: 294912K(294912K)->0K(283136K) From: 64K(512K)->64K(512K)
[454.104s][info][gc,heap        ] GC(1203) ParOldGen: 361789K(361984K)->361805K(361984K)
[454.104s][info][gc,metaspace   ] GC(1203) Metaspace: 35377K(36032K)->35377K(36032K) NonClass: 29104K(29568K)->29104K(29568K) Class: 6272K(6464K)->6272K(6464K)
[454.104s][info][gc             ] GC(1203) Pause Young (Allocation Failure) 641M->353M(630M) 2.916ms
[454.104s][info][gc,cpu         ] GC(1203) User=0.01s Sys=0.00s Real=0.00s
[454.547s][info][gc,start       ] GC(1204) Pause Young (Allocation Failure)
[454.549s][info][gc,heap        ] GC(1204) PSYoungGen: 283200K(283648K)->64K(282624K) Eden: 283136K(283136K)->0K(271872K) From: 64K(512K)->64K(10752K)
[454.549s][info][gc,heap        ] GC(1204) ParOldGen: 361805K(361984K)->361821K(361984K)
[454.549s][info][gc,metaspace   ] GC(1204) Metaspace: 35377K(36032K)->35377K(36032K) NonClass: 29104K(29568K)->29104K(29568K) Class: 6272K(6464K)->6272K(6464K)
[454.549s][info][gc             ] GC(1204) Pause Young (Allocation Failure) 629M->353M(629M) 1.915ms
[454.549s][info][gc,cpu         ] GC(1204) User=0.00s Sys=0.00s Real=0.00s
[455.692s][info][gc,start       ] GC(1205) Pause Young (Allocation Failure)
[455.695s][info][gc,heap        ] GC(1205) PSYoungGen: 271936K(282624K)->32K(261632K) Eden: 271872K(271872K)->0K(261120K) From: 64K(10752K)->32K(512K)
[455.695s][info][gc,heap        ] GC(1205) ParOldGen: 361821K(361984K)->361829K(361984K)
[455.695s][info][gc,metaspace   ] GC(1205) Metaspace: 35377K(36032K)->35377K(36032K) NonClass: 29104K(29568K)->29104K(29568K) Class: 6272K(6464K)->6272K(6464K)
[455.695s][info][gc             ] GC(1205) Pause Young (Allocation Failure) 618M->353M(609M) 3.116ms
[455.695s][info][gc,cpu         ] GC(1205) User=0.00s Sys=0.00s Real=0.00s
[456.121s][info][gc,start       ] GC(1206) Pause Young (Allocation Failure)
[456.122s][info][gc,heap        ] GC(1206) PSYoungGen: 261152K(261632K)->64K(260096K) Eden: 261120K(261120K)->0K(250880K) From: 32K(512K)->64K(9216K)
[456.123s][info][gc,heap        ] GC(1206) ParOldGen: 361829K(361984K)->361845K(361984K)
[456.123s][info][gc,metaspace   ] GC(1206) Metaspace: 35377K(36032K)->35377K(36032K) NonClass: 29104K(29568K)->29104K(29568K) Class: 6272K(6464K)->6272K(6464K)
[456.123s][info][gc             ] GC(1206) Pause Young (Allocation Failure) 608M->353M(607M) 1.890ms
[456.123s][info][gc,cpu         ] GC(1206) User=0.01s Sys=0.00s Real=0.00s
[456.252s][info][gc,start       ] GC(1207) Pause Young (Allocation Failure)
[456.255s][info][gc,heap        ] GC(1207) PSYoungGen: 250944K(260096K)->32K(241664K) Eden: 250880K(250880K)->0K(241152K) From: 64K(9216K)->32K(512K)
[456.255s][info][gc,heap        ] GC(1207) ParOldGen: 361845K(361984K)->361853K(361984K)
[456.255s][info][gc,metaspace   ] GC(1207) Metaspace: 35377K(36032K)->35377K(36032K) NonClass: 29104K(29568K)->29104K(29568K) Class: 6272K(6464K)->6272K(6464K)
[456.255s][info][gc             ] GC(1207) Pause Young (Allocation Failure) 598M->353M(589M) 3.107ms
[456.255s][info][gc,cpu         ] GC(1207) User=0.01s Sys=0.01s Real=0.00s
[456.677s][info][gc,start       ] GC(1208) Pause Young (Allocation Failure)
[456.679s][info][gc,heap        ] GC(1208) PSYoungGen: 241184K(241664K)->32K(240128K) Eden: 241152K(241152K)->0K(231936K) From: 32K(512K)->32K(8192K)
[456.679s][info][gc,heap        ] GC(1208) ParOldGen: 361853K(361984K)->361861K(361984K)
[456.679s][info][gc,metaspace   ] GC(1208) Metaspace: 35377K(36032K)->35377K(36032K) NonClass: 29104K(29568K)->29104K(29568K) Class: 6272K(6464K)->6272K(6464K)
[456.679s][info][gc             ] GC(1208) Pause Young (Allocation Failure) 588M->353M(588M) 1.896ms
[456.679s][info][gc,cpu         ] GC(1208) User=0.00s Sys=0.00s Real=0.00s
[457.114s][info][gc,start       ] GC(1209) Pause Young (Allocation Failure)
[457.116s][info][gc,heap        ] GC(1209) PSYoungGen: 231968K(240128K)->64K(223744K) Eden: 231936K(231936K)->0K(223232K) From: 32K(8192K)->64K(512K)
[457.116s][info][gc,heap        ] GC(1209) ParOldGen: 361861K(361984K)->361877K(361984K)
[457.116s][info][gc,metaspace   ] GC(1209) Metaspace: 35377K(36032K)->35377K(36032K) NonClass: 29104K(29568K)->29104K(29568K) Class: 6272K(6464K)->6272K(6464K)
[457.116s][info][gc             ] GC(1209) Pause Young (Allocation Failure) 579M->353M(572M) 2.533ms
[457.117s][info][gc,cpu         ] GC(1209) User=0.01s Sys=0.00s Real=0.00s
[457.546s][info][gc,start       ] GC(1210) Pause Young (Allocation Failure)
[457.550s][info][gc,heap        ] GC(1210) PSYoungGen: 223296K(223744K)->1120K(222208K) Eden: 223232K(223232K)->0K(215040K) From: 64K(512K)->1120K(7168K)
[457.550s][info][gc,heap        ] GC(1210) ParOldGen: 361877K(361984K)->361885K(361984K)
[457.550s][info][gc,metaspace   ] GC(1210) Metaspace: 35377K(36032K)->35377K(36032K) NonClass: 29104K(29568K)->29104K(29568K) Class: 6272K(6464K)->6272K(6464K)
[457.550s][info][gc             ] GC(1210) Pause Young (Allocation Failure) 571M->354M(570M) 3.990ms
[457.550s][info][gc,cpu         ] GC(1210) User=0.01s Sys=0.00s Real=0.01s
[457.817s][info][gc,start       ] GC(1211) Pause Young (Allocation Failure)
[457.875s][info][gc,heap        ] GC(1211) PSYoungGen: 216160K(222208K)->6656K(264704K) Eden: 215040K(215040K)->0K(258048K) From: 1120K(7168K)->6656K(6656K)
[457.875s][info][gc,heap        ] GC(1211) ParOldGen: 361885K(361984K)->377925K(378368K)
[457.875s][info][gc,metaspace   ] GC(1211) Metaspace: 35377K(36032K)->35377K(36032K) NonClass: 29104K(29568K)->29104K(29568K) Class: 6272K(6464K)->6272K(6464K)
[457.875s][info][gc             ] GC(1211) Pause Young (Allocation Failure) 564M->375M(628M) 57.747ms
[457.875s][info][gc,cpu         ] GC(1211) User=0.09s Sys=0.01s Real=0.05s
[458.210s][info][gc,start       ] GC(1212) Pause Young (Allocation Failure)
[458.284s][info][gc,heap        ] GC(1212) PSYoungGen: 264704K(264704K)->13824K(271872K) Eden: 258048K(258048K)->0K(258048K) From: 6656K(6656K)->13824K(13824K)
[458.284s][info][gc,heap        ] GC(1212) ParOldGen: 377925K(378368K)->391917K(392192K)
[458.284s][info][gc,metaspace   ] GC(1212) Metaspace: 35377K(36032K)->35377K(36032K) NonClass: 29104K(29568K)->29104K(29568K) Class: 6272K(6464K)->6272K(6464K)
[458.284s][info][gc             ] GC(1212) Pause Young (Allocation Failure) 627M->396M(648M) 74.234ms
[458.284s][info][gc,cpu         ] GC(1212) User=0.13s Sys=0.02s Real=0.07s
[458.535s][info][gc,start       ] GC(1213) Pause Young (Allocation Failure)
[458.590s][info][gc,heap        ] GC(1213) PSYoungGen: 271872K(271872K)->17952K(305664K) Eden: 258048K(258048K)->0K(283648K) From: 13824K(13824K)->17952K(22016K)
[458.590s][info][gc,heap        ] GC(1213) ParOldGen: 391917K(392192K)->392429K(392704K)
[458.590s][info][gc,metaspace   ] GC(1213) Metaspace: 35377K(36032K)->35377K(36032K) NonClass: 29104K(29568K)->29104K(29568K) Class: 6272K(6464K)->6272K(6464K)
[458.590s][info][gc             ] GC(1213) Pause Young (Allocation Failure) 648M->400M(682M) 54.793ms
[458.590s][info][gc,cpu         ] GC(1213) User=0.09s Sys=0.01s Real=0.06s
[458.805s][info][gc,start       ] GC(1214) Pause Young (Allocation Failure)
[458.807s][info][gc,heap        ] GC(1214) PSYoungGen: 301600K(305664K)->64K(308736K) Eden: 283648K(283648K)->0K(283648K) From: 17952K(22016K)->64K(25088K)
[458.807s][info][gc,heap        ] GC(1214) ParOldGen: 392429K(392704K)->392445K(392704K)
[458.807s][info][gc,metaspace   ] GC(1214) Metaspace: 35377K(36032K)->35377K(36032K) NonClass: 29104K(29568K)->29104K(29568K) Class: 6272K(6464K)->6272K(6464K)
[458.807s][info][gc             ] GC(1214) Pause Young (Allocation Failure) 677M->383M(685M) 2.035ms
[458.807s][info][gc,cpu         ] GC(1214) User=0.00s Sys=0.00s Real=0.01s
[459.589s][info][gc,start       ] GC(1215) Pause Young (Allocation Failure)
[459.591s][info][gc,heap        ] GC(1215) PSYoungGen: 283712K(308736K)->64K(306176K) Eden: 283648K(283648K)->0K(284160K) From: 64K(25088K)->64K(22016K)
[459.591s][info][gc,heap        ] GC(1215) ParOldGen: 392445K(392704K)->392461K(392704K)
[459.591s][info][gc,metaspace   ] GC(1215) Metaspace: 35377K(36032K)->35377K(36032K) NonClass: 29104K(29568K)->29104K(29568K) Class: 6272K(6464K)->6272K(6464K)
[459.591s][info][gc             ] GC(1215) Pause Young (Allocation Failure) 660M->383M(682M) 1.698ms
[459.591s][info][gc,cpu         ] GC(1215) User=0.00s Sys=0.00s Real=0.00s
[459.888s][info][gc,start       ] GC(1216) Pause Young (Allocation Failure)
[459.890s][info][gc,heap        ] GC(1216) PSYoungGen: 284224K(306176K)->64K(307712K) Eden: 284160K(284160K)->0K(284160K) From: 64K(22016K)->64K(23552K)
[459.890s][info][gc,heap        ] GC(1216) ParOldGen: 392461K(392704K)->392461K(392704K)
[459.890s][info][gc,metaspace   ] GC(1216) Metaspace: 35377K(36032K)->35377K(36032K) NonClass: 29104K(29568K)->29104K(29568K) Class: 6272K(6464K)->6272K(6464K)
[459.890s][info][gc             ] GC(1216) Pause Young (Allocation Failure) 660M->383M(684M) 1.643ms
[459.890s][info][gc,cpu         ] GC(1216) User=0.00s Sys=0.00s Real=0.00s
[460.341s][info][gc,start       ] GC(1217) Pause Young (Allocation Failure)
[460.343s][info][gc,heap        ] GC(1217) PSYoungGen: 284224K(307712K)->64K(308736K) Eden: 284160K(284160K)->0K(287744K) From: 64K(23552K)->64K(20992K)
[460.343s][info][gc,heap        ] GC(1217) ParOldGen: 392461K(392704K)->392477K(392704K)
[460.343s][info][gc,metaspace   ] GC(1217) Metaspace: 35377K(36032K)->35377K(36032K) NonClass: 29104K(29568K)->29104K(29568K) Class: 6272K(6464K)->6272K(6464K)
[460.343s][info][gc             ] GC(1217) Pause Young (Allocation Failure) 660M->383M(685M) 1.667ms
[460.343s][info][gc,cpu         ] GC(1217) User=0.00s Sys=0.00s Real=0.00s
[460.550s][info][gc,start       ] GC(1218) Pause Young (Allocation Failure)
[460.552s][info][gc,heap        ] GC(1218) PSYoungGen: 287808K(308736K)->64K(309760K) Eden: 287744K(287744K)->0K(287744K) From: 64K(20992K)->64K(22016K)
[460.552s][info][gc,heap        ] GC(1218) ParOldGen: 392477K(392704K)->392493K(392704K)
[460.552s][info][gc,metaspace   ] GC(1218) Metaspace: 35377K(36032K)->35377K(36032K) NonClass: 29104K(29568K)->29104K(29568K) Class: 6272K(6464K)->6272K(6464K)
[460.552s][info][gc             ] GC(1218) Pause Young (Allocation Failure) 664M->383M(686M) 1.709ms
[460.552s][info][gc,cpu         ] GC(1218) User=0.00s Sys=0.00s Real=0.00s
[460.758s][info][gc,start       ] GC(1219) Pause Young (Allocation Failure)
[460.760s][info][gc,heap        ] GC(1219) PSYoungGen: 287808K(309760K)->64K(309760K) Eden: 287744K(287744K)->0K(290816K) From: 64K(22016K)->64K(18944K)
[460.760s][info][gc,heap        ] GC(1219) ParOldGen: 392493K(392704K)->392493K(392704K)
[460.760s][info][gc,metaspace   ] GC(1219) Metaspace: 35377K(36032K)->35377K(36032K) NonClass: 29104K(29568K)->29104K(29568K) Class: 6272K(6464K)->6272K(6464K)
[460.760s][info][gc             ] GC(1219) Pause Young (Allocation Failure) 664M->383M(686M) 1.662ms
[460.760s][info][gc,cpu         ] GC(1219) User=0.00s Sys=0.00s Real=0.00s
[461.085s][info][gc,start       ] GC(1220) Pause Young (Allocation Failure)
[461.086s][info][gc,heap        ] GC(1220) PSYoungGen: 290880K(309760K)->64K(310784K) Eden: 290816K(290816K)->0K(290816K) From: 64K(18944K)->64K(19968K)
[461.086s][info][gc,heap        ] GC(1220) ParOldGen: 392493K(392704K)->392493K(392704K)
[461.086s][info][gc,metaspace   ] GC(1220) Metaspace: 35377K(36032K)->35377K(36032K) NonClass: 29104K(29568K)->29104K(29568K) Class: 6272K(6464K)->6272K(6464K)
[461.086s][info][gc             ] GC(1220) Pause Young (Allocation Failure) 667M->383M(687M) 1.621ms
[461.086s][info][gc,cpu         ] GC(1220) User=0.00s Sys=0.00s Real=0.00s
[461.142s][info][gc,start       ] GC(1221) Pause Young (Allocation Failure)
[461.144s][info][gc,heap        ] GC(1221) PSYoungGen: 290880K(310784K)->32K(311808K) Eden: 290816K(290816K)->0K(294912K) From: 64K(19968K)->32K(16896K)
[461.144s][info][gc,heap        ] GC(1221) ParOldGen: 392493K(392704K)->392509K(392704K)
[461.144s][info][gc,metaspace   ] GC(1221) Metaspace: 35377K(36032K)->35377K(36032K) NonClass: 29104K(29568K)->29104K(29568K) Class: 6272K(6464K)->6272K(6464K)
[461.144s][info][gc             ] GC(1221) Pause Young (Allocation Failure) 667M->383M(688M) 1.769ms
[461.144s][info][gc,cpu         ] GC(1221) User=0.00s Sys=0.00s Real=0.00s
[461.221s][info][gc,start       ] GC(1222) Pause Young (Allocation Failure)
[461.223s][info][gc,heap        ] GC(1222) PSYoungGen: 294944K(311808K)->64K(312832K) Eden: 294912K(294912K)->0K(294912K) From: 32K(16896K)->64K(17920K)
[461.223s][info][gc,heap        ] GC(1222) ParOldGen: 392509K(392704K)->392509K(392704K)
[461.223s][info][gc,metaspace   ] GC(1222) Metaspace: 35377K(36032K)->35377K(36032K) NonClass: 29104K(29568K)->29104K(29568K) Class: 6272K(6464K)->6272K(6464K)
[461.223s][info][gc             ] GC(1222) Pause Young (Allocation Failure) 671M->383M(689M) 1.662ms
[461.223s][info][gc,cpu         ] GC(1222) User=0.00s Sys=0.00s Real=0.00s
[461.445s][info][gc,start       ] GC(1223) Pause Young (Allocation Failure)
[461.446s][info][gc,heap        ] GC(1223) PSYoungGen: 294976K(312832K)->32K(313856K) Eden: 294912K(294912K)->0K(299008K) From: 64K(17920K)->32K(14848K)
[461.447s][info][gc,heap        ] GC(1223) ParOldGen: 392509K(392704K)->392525K(392704K)
[461.447s][info][gc,metaspace   ] GC(1223) Metaspace: 35377K(36032K)->35377K(36032K) NonClass: 29104K(29568K)->29104K(29568K) Class: 6272K(6464K)->6272K(6464K)
[461.447s][info][gc             ] GC(1223) Pause Young (Allocation Failure) 671M->383M(690M) 1.650ms
[461.447s][info][gc,cpu         ] GC(1223) User=0.00s Sys=0.00s Real=0.00s
[461.667s][info][gc,start       ] GC(1224) Pause Young (Allocation Failure)
[461.669s][info][gc,heap        ] GC(1224) PSYoungGen: 299040K(313856K)->64K(314880K) Eden: 299008K(299008K)->0K(299008K) From: 32K(14848K)->64K(15872K)
[461.669s][info][gc,heap        ] GC(1224) ParOldGen: 392525K(392704K)->392525K(392704K)
[461.669s][info][gc,metaspace   ] GC(1224) Metaspace: 35377K(36032K)->35377K(36032K) NonClass: 29104K(29568K)->29104K(29568K) Class: 6272K(6464K)->6272K(6464K)
[461.669s][info][gc             ] GC(1224) Pause Young (Allocation Failure) 675M->383M(691M) 1.566ms
[461.669s][info][gc,cpu         ] GC(1224) User=0.00s Sys=0.00s Real=0.00s
[461.751s][info][gc,start       ] GC(1225) Pause Young (Allocation Failure)
[461.753s][info][gc,heap        ] GC(1225) PSYoungGen: 299072K(314880K)->64K(315904K) Eden: 299008K(299008K)->0K(303104K) From: 64K(15872K)->64K(12800K)
[461.753s][info][gc,heap        ] GC(1225) ParOldGen: 392525K(392704K)->392541K(392704K)
[461.753s][info][gc,metaspace   ] GC(1225) Metaspace: 35377K(36032K)->35377K(36032K) NonClass: 29104K(29568K)->29104K(29568K) Class: 6272K(6464K)->6272K(6464K)
[461.753s][info][gc             ] GC(1225) Pause Young (Allocation Failure) 675M->383M(692M) 1.727ms
[461.753s][info][gc,cpu         ] GC(1225) User=0.01s Sys=0.00s Real=0.00s
[461.889s][info][gc,start       ] GC(1226) Pause Young (Allocation Failure)
[461.890s][info][gc,heap        ] GC(1226) PSYoungGen: 303168K(315904K)->64K(316928K) Eden: 303104K(303104K)->0K(303104K) From: 64K(12800K)->64K(13824K)
[461.890s][info][gc,heap        ] GC(1226) ParOldGen: 392541K(392704K)->392541K(392704K)
[461.890s][info][gc,metaspace   ] GC(1226) Metaspace: 35377K(36032K)->35377K(36032K) NonClass: 29104K(29568K)->29104K(29568K) Class: 6272K(6464K)->6272K(6464K)
[461.890s][info][gc             ] GC(1226) Pause Young (Allocation Failure) 679M->383M(693M) 1.618ms
[461.890s][info][gc,cpu         ] GC(1226) User=0.00s Sys=0.00s Real=0.00s
[462.282s][info][gc,start       ] GC(1227) Pause Young (Allocation Failure)
[462.283s][info][gc,heap        ] GC(1227) PSYoungGen: 303168K(316928K)->64K(317440K) Eden: 303104K(303104K)->0K(306688K) From: 64K(13824K)->64K(10752K)
[462.283s][info][gc,heap        ] GC(1227) ParOldGen: 392541K(392704K)->392549K(392704K)
[462.283s][info][gc,metaspace   ] GC(1227) Metaspace: 35377K(36032K)->35377K(36032K) NonClass: 29104K(29568K)->29104K(29568K) Class: 6272K(6464K)->6272K(6464K)
[462.283s][info][gc             ] GC(1227) Pause Young (Allocation Failure) 679M->383M(693M) 1.660ms
[462.283s][info][gc,cpu         ] GC(1227) User=0.00s Sys=0.00s Real=0.00s
[463.039s][info][gc,start       ] GC(1228) Pause Young (Allocation Failure)
[463.042s][info][gc,heap        ] GC(1228) PSYoungGen: 306752K(317440K)->83K(294912K) Eden: 306688K(306688K)->0K(294400K) From: 64K(10752K)->83K(512K)
[463.042s][info][gc,heap        ] GC(1228) ParOldGen: 392549K(392704K)->392557K(392704K)
[463.042s][info][gc,metaspace   ] GC(1228) Metaspace: 35377K(36032K)->35377K(36032K) NonClass: 29104K(29568K)->29104K(29568K) Class: 6272K(6464K)->6272K(6464K)
[463.042s][info][gc             ] GC(1228) Pause Young (Allocation Failure) 682M->383M(671M) 2.393ms
[463.042s][info][gc,cpu         ] GC(1228) User=0.01s Sys=0.00s Real=0.00s
[464.057s][info][gc,start       ] GC(1229) Pause Young (Allocation Failure)
[464.060s][info][gc,heap        ] GC(1229) PSYoungGen: 294483K(294912K)->64K(283136K) Eden: 294400K(294400K)->0K(282624K) From: 83K(512K)->64K(512K)
[464.060s][info][gc,heap        ] GC(1229) ParOldGen: 392557K(392704K)->392565K(392704K)
[464.060s][info][gc,metaspace   ] GC(1229) Metaspace: 35377K(36032K)->35377K(36032K) NonClass: 29104K(29568K)->29104K(29568K) Class: 6272K(6464K)->6272K(6464K)
[464.060s][info][gc             ] GC(1229) Pause Young (Allocation Failure) 670M->383M(660M) 2.726ms
[464.060s][info][gc,cpu         ] GC(1229) User=0.01s Sys=0.00s Real=0.00s
[464.529s][info][gc,start       ] GC(1230) Pause Young (Allocation Failure)
[464.531s][info][gc,heap        ] GC(1230) PSYoungGen: 282688K(283136K)->64K(282112K) Eden: 282624K(282624K)->0K(271360K) From: 64K(512K)->64K(10752K)
[464.531s][info][gc,heap        ] GC(1230) ParOldGen: 392565K(392704K)->392573K(392704K)
[464.531s][info][gc,metaspace   ] GC(1230) Metaspace: 35377K(36032K)->35377K(36032K) NonClass: 29104K(29568K)->29104K(29568K) Class: 6272K(6464K)->6272K(6464K)
[464.531s][info][gc             ] GC(1230) Pause Young (Allocation Failure) 659M->383M(659M) 2.007ms
[464.531s][info][gc,cpu         ] GC(1230) User=0.01s Sys=0.00s Real=0.00s
[465.586s][info][gc,start       ] GC(1231) Pause Young (Allocation Failure)
[465.589s][info][gc,heap        ] GC(1231) PSYoungGen: 271424K(282112K)->64K(261120K) Eden: 271360K(271360K)->0K(260608K) From: 64K(10752K)->64K(512K)
[465.589s][info][gc,heap        ] GC(1231) ParOldGen: 392573K(392704K)->392581K(392704K)
[465.589s][info][gc,metaspace   ] GC(1231) Metaspace: 35378K(36032K)->35378K(36032K) NonClass: 29105K(29568K)->29105K(29568K) Class: 6272K(6464K)->6272K(6464K)
[465.589s][info][gc             ] GC(1231) Pause Young (Allocation Failure) 648M->383M(638M) 2.597ms
[465.589s][info][gc,cpu         ] GC(1231) User=0.00s Sys=0.00s Real=0.01s
[465.830s][info][gc,start       ] GC(1232) Pause Young (Allocation Failure)
[465.832s][info][gc,heap        ] GC(1232) PSYoungGen: 260672K(261120K)->64K(259584K) Eden: 260608K(260608K)->0K(250368K) From: 64K(512K)->64K(9216K)
[465.832s][info][gc,heap        ] GC(1232) ParOldGen: 392581K(392704K)->392589K(392704K)
[465.832s][info][gc,metaspace   ] GC(1232) Metaspace: 35378K(36032K)->35378K(36032K) NonClass: 29105K(29568K)->29105K(29568K) Class: 6272K(6464K)->6272K(6464K)
[465.832s][info][gc             ] GC(1232) Pause Young (Allocation Failure) 637M->383M(637M) 1.701ms
[465.832s][info][gc,cpu         ] GC(1232) User=0.00s Sys=0.00s Real=0.00s
[466.218s][info][gc,start       ] GC(1233) Pause Young (Allocation Failure)
[466.221s][info][gc,heap        ] GC(1233) PSYoungGen: 250432K(259584K)->64K(241152K) Eden: 250368K(250368K)->0K(240640K) From: 64K(9216K)->64K(512K)
[466.221s][info][gc,heap        ] GC(1233) ParOldGen: 392589K(392704K)->392597K(392704K)
[466.221s][info][gc,metaspace   ] GC(1233) Metaspace: 35378K(36032K)->35378K(36032K) NonClass: 29105K(29568K)->29105K(29568K) Class: 6272K(6464K)->6272K(6464K)
[466.221s][info][gc             ] GC(1233) Pause Young (Allocation Failure) 627M->383M(619M) 3.593ms
[466.221s][info][gc,cpu         ] GC(1233) User=0.01s Sys=0.00s Real=0.00s
[466.290s][info][gc,start       ] GC(1234) Pause Young (Allocation Failure)
[466.292s][info][gc,heap        ] GC(1234) PSYoungGen: 240704K(241152K)->64K(283648K) Eden: 240640K(240640K)->0K(275456K) From: 64K(512K)->64K(8192K)
[466.292s][info][gc,heap        ] GC(1234) ParOldGen: 392597K(392704K)->392605K(392704K)
[466.292s][info][gc,metaspace   ] GC(1234) Metaspace: 35378K(36032K)->35378K(36032K) NonClass: 29105K(29568K)->29105K(29568K) Class: 6272K(6464K)->6272K(6464K)
[466.292s][info][gc             ] GC(1234) Pause Young (Allocation Failure) 618M->383M(660M) 2.826ms
[466.292s][info][gc,cpu         ] GC(1234) User=0.01s Sys=0.00s Real=0.00s
[466.927s][info][gc,start       ] GC(1235) Pause Young (Allocation Failure)
[466.930s][info][gc,heap        ] GC(1235) PSYoungGen: 275520K(283648K)->64K(295424K) Eden: 275456K(275456K)->0K(287744K) From: 64K(8192K)->64K(7680K)
[466.930s][info][gc,heap        ] GC(1235) ParOldGen: 392605K(392704K)->392621K(392704K)
[466.930s][info][gc,metaspace   ] GC(1235) Metaspace: 35378K(36032K)->35378K(36032K) NonClass: 29105K(29568K)->29105K(29568K) Class: 6272K(6464K)->6272K(6464K)
[466.930s][info][gc             ] GC(1235) Pause Young (Allocation Failure) 652M->383M(672M) 2.977ms
[466.930s][info][gc,cpu         ] GC(1235) User=0.00s Sys=0.00s Real=0.00s
[467.325s][info][gc,start       ] GC(1236) Pause Young (Allocation Failure)
[467.328s][info][gc,heap        ] GC(1236) PSYoungGen: 287808K(295424K)->64K(294912K) Eden: 287744K(287744K)->0K(287744K) From: 64K(7680K)->64K(7168K)
[467.328s][info][gc,heap        ] GC(1236) ParOldGen: 392621K(392704K)->392629K(392704K)
[467.328s][info][gc,metaspace   ] GC(1236) Metaspace: 35378K(36032K)->35378K(36032K) NonClass: 29105K(29568K)->29105K(29568K) Class: 6272K(6464K)->6272K(6464K)
[467.328s][info][gc             ] GC(1236) Pause Young (Allocation Failure) 664M->383M(671M) 2.783ms
[467.328s][info][gc,cpu         ] GC(1236) User=0.01s Sys=0.00s Real=0.01s
[467.743s][info][gc,start       ] GC(1237) Pause Young (Allocation Failure)
[467.799s][info][gc,heap        ] GC(1237) PSYoungGen: 287808K(294912K)->6656K(311808K) Eden: 287744K(287744K)->0K(305152K) From: 64K(7168K)->6656K(6656K)
[467.799s][info][gc,heap        ] GC(1237) ParOldGen: 392629K(392704K)->409485K(409600K)
[467.799s][info][gc,metaspace   ] GC(1237) Metaspace: 35378K(36032K)->35378K(36032K) NonClass: 29105K(29568K)->29105K(29568K) Class: 6272K(6464K)->6272K(6464K)
[467.799s][info][gc             ] GC(1237) Pause Young (Allocation Failure) 664M->406M(704M) 56.016ms
[467.799s][info][gc,cpu         ] GC(1237) User=0.08s Sys=0.03s Real=0.06s
[468.165s][info][gc,start       ] GC(1238) Pause Young (Allocation Failure)
[468.246s][info][gc,heap        ] GC(1238) PSYoungGen: 311808K(311808K)->14336K(319488K) Eden: 305152K(305152K)->0K(305152K) From: 6656K(6656K)->14336K(14336K)
[468.246s][info][gc,heap        ] GC(1238) ParOldGen: 409485K(409600K)->427965K(428032K)
[468.246s][info][gc,metaspace   ] GC(1238) Metaspace: 35378K(36032K)->35378K(36032K) NonClass: 29105K(29568K)->29105K(29568K) Class: 6272K(6464K)->6272K(6464K)
[468.246s][info][gc             ] GC(1238) Pause Young (Allocation Failure) 704M->431M(730M) 80.621ms
[468.246s][info][gc,cpu         ] GC(1238) User=0.13s Sys=0.03s Real=0.08s
[468.438s][info][gc,start       ] GC(1239) Pause Young (Allocation Failure)
[468.469s][info][gc,heap        ] GC(1239) PSYoungGen: 319488K(319488K)->13280K(297984K) Eden: 305152K(305152K)->0K(283648K) From: 14336K(14336K)->13280K(14336K)
[468.469s][info][gc,heap        ] GC(1239) ParOldGen: 427965K(428032K)->428637K(429056K)
[468.469s][info][gc,metaspace   ] GC(1239) Metaspace: 35378K(36032K)->35378K(36032K) NonClass: 29105K(29568K)->29105K(29568K) Class: 6272K(6464K)->6272K(6464K)
[468.469s][info][gc             ] GC(1239) Pause Young (Allocation Failure) 729M->431M(710M) 31.485ms
[468.469s][info][gc,cpu         ] GC(1239) User=0.06s Sys=0.00s Real=0.03s
[468.885s][info][gc,start       ] GC(1240) Pause Young (Allocation Failure)
[468.886s][info][gc,heap        ] GC(1240) PSYoungGen: 296928K(297984K)->64K(308736K) Eden: 283648K(283648K)->0K(283648K) From: 13280K(14336K)->64K(25088K)
[468.886s][info][gc,heap        ] GC(1240) ParOldGen: 428637K(429056K)->428645K(429056K)
[468.886s][info][gc,metaspace   ] GC(1240) Metaspace: 35378K(36032K)->35378K(36032K) NonClass: 29105K(29568K)->29105K(29568K) Class: 6272K(6464K)->6272K(6464K)
[468.886s][info][gc             ] GC(1240) Pause Young (Allocation Failure) 708M->418M(720M) 1.670ms
[468.886s][info][gc,cpu         ] GC(1240) User=0.00s Sys=0.00s Real=0.00s
[469.547s][info][gc,start       ] GC(1241) Pause Young (Allocation Failure)
[469.549s][info][gc,heap        ] GC(1241) PSYoungGen: 283712K(308736K)->64K(306176K) Eden: 283648K(283648K)->0K(284160K) From: 64K(25088K)->64K(22016K)
[469.549s][info][gc,heap        ] GC(1241) ParOldGen: 428645K(429056K)->428653K(429056K)
[469.549s][info][gc,metaspace   ] GC(1241) Metaspace: 35378K(36032K)->35378K(36032K) NonClass: 29105K(29568K)->29105K(29568K) Class: 6272K(6464K)->6272K(6464K)
[469.549s][info][gc             ] GC(1241) Pause Young (Allocation Failure) 695M->418M(718M) 1.890ms
[469.549s][info][gc,cpu         ] GC(1241) User=0.00s Sys=0.00s Real=0.00s
[470.036s][info][gc,start       ] GC(1242) Pause Young (Allocation Failure)
[470.038s][info][gc,heap        ] GC(1242) PSYoungGen: 284224K(306176K)->32K(307712K) Eden: 284160K(284160K)->0K(284160K) From: 64K(22016K)->32K(23552K)
[470.038s][info][gc,heap        ] GC(1242) ParOldGen: 428653K(429056K)->428661K(429056K)
[470.038s][info][gc,metaspace   ] GC(1242) Metaspace: 35378K(36032K)->35378K(36032K) NonClass: 29105K(29568K)->29105K(29568K) Class: 6272K(6464K)->6272K(6464K)
[470.039s][info][gc             ] GC(1242) Pause Young (Allocation Failure) 696M->418M(719M) 2.169ms
[470.039s][info][gc,cpu         ] GC(1242) User=0.00s Sys=0.00s Real=0.01s
[470.247s][info][gc,start       ] GC(1243) Pause Young (Allocation Failure)
[470.249s][info][gc,heap        ] GC(1243) PSYoungGen: 284192K(307712K)->64K(307712K) Eden: 284160K(284160K)->0K(287232K) From: 32K(23552K)->64K(20480K)
[470.249s][info][gc,heap        ] GC(1243) ParOldGen: 428661K(429056K)->428677K(429056K)
[470.249s][info][gc,metaspace   ] GC(1243) Metaspace: 35378K(36032K)->35378K(36032K) NonClass: 29105K(29568K)->29105K(29568K) Class: 6272K(6464K)->6272K(6464K)
[470.249s][info][gc             ] GC(1243) Pause Young (Allocation Failure) 696M->418M(719M) 1.796ms
[470.249s][info][gc,cpu         ] GC(1243) User=0.00s Sys=0.00s Real=0.00s
[470.463s][info][gc,start       ] GC(1244) Pause Young (Allocation Failure)
[470.464s][info][gc,heap        ] GC(1244) PSYoungGen: 287296K(307712K)->64K(309248K) Eden: 287232K(287232K)->0K(287232K) From: 64K(20480K)->64K(22016K)
[470.464s][info][gc,heap        ] GC(1244) ParOldGen: 428677K(429056K)->428677K(429056K)
[470.465s][info][gc,metaspace   ] GC(1244) Metaspace: 35378K(36032K)->35378K(36032K) NonClass: 29105K(29568K)->29105K(29568K) Class: 6272K(6464K)->6272K(6464K)
[470.465s][info][gc             ] GC(1244) Pause Young (Allocation Failure) 699M->418M(721M) 1.739ms
[470.465s][info][gc,cpu         ] GC(1244) User=0.00s Sys=0.00s Real=0.00s
[470.815s][info][gc,start       ] GC(1245) Pause Young (Allocation Failure)
[470.817s][info][gc,heap        ] GC(1245) PSYoungGen: 287296K(309248K)->64K(309248K) Eden: 287232K(287232K)->0K(290816K) From: 64K(22016K)->64K(18432K)
[470.817s][info][gc,heap        ] GC(1245) ParOldGen: 428677K(429056K)->428677K(429056K)
[470.817s][info][gc,metaspace   ] GC(1245) Metaspace: 35378K(36032K)->35378K(36032K) NonClass: 29105K(29568K)->29105K(29568K) Class: 6272K(6464K)->6272K(6464K)
[470.817s][info][gc             ] GC(1245) Pause Young (Allocation Failure) 699M->418M(721M) 1.703ms
[470.817s][info][gc,cpu         ] GC(1245) User=0.01s Sys=0.00s Real=0.01s
[470.948s][info][gc,start       ] GC(1246) Pause Young (Allocation Failure)
[470.949s][info][gc,heap        ] GC(1246) PSYoungGen: 290880K(309248K)->64K(310784K) Eden: 290816K(290816K)->0K(290816K) From: 64K(18432K)->64K(19968K)
[470.949s][info][gc,heap        ] GC(1246) ParOldGen: 428677K(429056K)->428685K(429056K)
[470.949s][info][gc,metaspace   ] GC(1246) Metaspace: 35378K(36032K)->35378K(36032K) NonClass: 29105K(29568K)->29105K(29568K) Class: 6272K(6464K)->6272K(6464K)
[470.949s][info][gc             ] GC(1246) Pause Young (Allocation Failure) 702M->418M(722M) 1.668ms
[470.949s][info][gc,cpu         ] GC(1246) User=0.00s Sys=0.00s Real=0.00s
[471.005s][info][gc,start       ] GC(1247) Pause Young (Allocation Failure)
[471.007s][info][gc,heap        ] GC(1247) PSYoungGen: 290880K(310784K)->64K(311296K) Eden: 290816K(290816K)->0K(294912K) From: 64K(19968K)->64K(16384K)
[471.007s][info][gc,heap        ] GC(1247) ParOldGen: 428685K(429056K)->428701K(429056K)
[471.007s][info][gc,metaspace   ] GC(1247) Metaspace: 35378K(36032K)->35378K(36032K) NonClass: 29105K(29568K)->29105K(29568K) Class: 6272K(6464K)->6272K(6464K)
[471.007s][info][gc             ] GC(1247) Pause Young (Allocation Failure) 702M->418M(723M) 1.739ms
[471.007s][info][gc,cpu         ] GC(1247) User=0.01s Sys=0.01s Real=0.01s
[471.137s][info][gc,start       ] GC(1248) Pause Young (Allocation Failure)
[471.138s][info][gc,heap        ] GC(1248) PSYoungGen: 294976K(311296K)->64K(312832K) Eden: 294912K(294912K)->0K(294912K) From: 64K(16384K)->64K(17920K)
[471.139s][info][gc,heap        ] GC(1248) ParOldGen: 428701K(429056K)->428701K(429056K)
[471.139s][info][gc,metaspace   ] GC(1248) Metaspace: 35378K(36032K)->35378K(36032K) NonClass: 29105K(29568K)->29105K(29568K) Class: 6272K(6464K)->6272K(6464K)
[471.139s][info][gc             ] GC(1248) Pause Young (Allocation Failure) 706M->418M(724M) 1.670ms
[471.139s][info][gc,cpu         ] GC(1248) User=0.01s Sys=0.00s Real=0.00s
[471.371s][info][gc,start       ] GC(1249) Pause Young (Allocation Failure)
[471.373s][info][gc,heap        ] GC(1249) PSYoungGen: 294976K(312832K)->64K(313344K) Eden: 294912K(294912K)->0K(299008K) From: 64K(17920K)->64K(14336K)
[471.373s][info][gc,heap        ] GC(1249) ParOldGen: 428701K(429056K)->428709K(429056K)
[471.373s][info][gc,metaspace   ] GC(1249) Metaspace: 35378K(36032K)->35378K(36032K) NonClass: 29105K(29568K)->29105K(29568K) Class: 6272K(6464K)->6272K(6464K)
[471.373s][info][gc             ] GC(1249) Pause Young (Allocation Failure) 706M->418M(725M) 1.716ms
[471.373s][info][gc,cpu         ] GC(1249) User=0.00s Sys=0.00s Real=0.00s
[471.556s][info][gc,start       ] GC(1250) Pause Young (Allocation Failure)
[471.557s][info][gc,heap        ] GC(1250) PSYoungGen: 299072K(313344K)->64K(314880K) Eden: 299008K(299008K)->0K(299008K) From: 64K(14336K)->64K(15872K)
[471.557s][info][gc,heap        ] GC(1250) ParOldGen: 428709K(429056K)->428717K(429056K)
[471.557s][info][gc,metaspace   ] GC(1250) Metaspace: 35378K(36032K)->35378K(36032K) NonClass: 29105K(29568K)->29105K(29568K) Class: 6272K(6464K)->6272K(6464K)
[471.557s][info][gc             ] GC(1250) Pause Young (Allocation Failure) 710M->418M(726M) 1.754ms
[471.557s][info][gc,cpu         ] GC(1250) User=0.00s Sys=0.00s Real=0.01s
[471.644s][info][gc,start       ] GC(1251) Pause Young (Allocation Failure)
[471.645s][info][gc,heap        ] GC(1251) PSYoungGen: 299072K(314880K)->64K(315392K) Eden: 299008K(299008K)->0K(303104K) From: 64K(15872K)->64K(12288K)
[471.645s][info][gc,heap        ] GC(1251) ParOldGen: 428717K(429056K)->428733K(429056K)
[471.645s][info][gc,metaspace   ] GC(1251) Metaspace: 35378K(36032K)->35378K(36032K) NonClass: 29105K(29568K)->29105K(29568K) Class: 6272K(6464K)->6272K(6464K)
[471.645s][info][gc             ] GC(1251) Pause Young (Allocation Failure) 710M->418M(727M) 1.811ms
[471.645s][info][gc,cpu         ] GC(1251) User=0.00s Sys=0.00s Real=0.00s
[471.818s][info][gc,start       ] GC(1252) Pause Young (Allocation Failure)
[471.820s][info][gc,heap        ] GC(1252) PSYoungGen: 303168K(315392K)->64K(316928K) Eden: 303104K(303104K)->0K(303104K) From: 64K(12288K)->64K(13824K)
[471.820s][info][gc,heap        ] GC(1252) ParOldGen: 428733K(429056K)->428733K(429056K)
[471.820s][info][gc,metaspace   ] GC(1252) Metaspace: 35378K(36032K)->35378K(36032K) NonClass: 29105K(29568K)->29105K(29568K) Class: 6272K(6464K)->6272K(6464K)
[471.820s][info][gc             ] GC(1252) Pause Young (Allocation Failure) 714M->418M(728M) 1.754ms
[471.820s][info][gc,cpu         ] GC(1252) User=0.00s Sys=0.00s Real=0.00s
[472.280s][info][gc,start       ] GC(1253) Pause Young (Allocation Failure)
[472.282s][info][gc,heap        ] GC(1253) PSYoungGen: 303168K(316928K)->64K(317440K) Eden: 303104K(303104K)->0K(306688K) From: 64K(13824K)->64K(10752K)
[472.282s][info][gc,heap        ] GC(1253) ParOldGen: 428733K(429056K)->428741K(429056K)
[472.282s][info][gc,metaspace   ] GC(1253) Metaspace: 35378K(36032K)->35378K(36032K) NonClass: 29105K(29568K)->29105K(29568K) Class: 6272K(6464K)->6272K(6464K)
[472.282s][info][gc             ] GC(1253) Pause Young (Allocation Failure) 714M->418M(729M) 1.746ms
[472.282s][info][gc,cpu         ] GC(1253) User=0.01s Sys=0.00s Real=0.00s
[473.852s][info][gc,start       ] GC(1254) Pause Young (Allocation Failure)
[473.855s][info][gc,heap        ] GC(1254) PSYoungGen: 306752K(317440K)->32K(294912K) Eden: 306688K(306688K)->0K(294400K) From: 64K(10752K)->32K(512K)
[473.855s][info][gc,heap        ] GC(1254) ParOldGen: 428741K(429056K)->428749K(429056K)
[473.855s][info][gc,metaspace   ] GC(1254) Metaspace: 35378K(36032K)->35378K(36032K) NonClass: 29105K(29568K)->29105K(29568K) Class: 6272K(6464K)->6272K(6464K)
[473.855s][info][gc             ] GC(1254) Pause Young (Allocation Failure) 718M->418M(707M) 2.780ms
[473.855s][info][gc,cpu         ] GC(1254) User=0.00s Sys=0.00s Real=0.00s
[474.072s][info][gc,start       ] GC(1255) Pause Young (Allocation Failure)
[474.075s][info][gc,heap        ] GC(1255) PSYoungGen: 294432K(294912K)->32K(283136K) Eden: 294400K(294400K)->0K(282624K) From: 32K(512K)->32K(512K)
[474.075s][info][gc,heap        ] GC(1255) ParOldGen: 428749K(429056K)->428757K(429056K)
[474.075s][info][gc,metaspace   ] GC(1255) Metaspace: 35378K(36032K)->35378K(36032K) NonClass: 29105K(29568K)->29105K(29568K) Class: 6272K(6464K)->6272K(6464K)
[474.075s][info][gc             ] GC(1255) Pause Young (Allocation Failure) 706M->418M(695M) 3.340ms
[474.075s][info][gc,cpu         ] GC(1255) User=0.00s Sys=0.00s Real=0.00s
[474.564s][info][gc,start       ] GC(1256) Pause Young (Allocation Failure)
[474.566s][info][gc,heap        ] GC(1256) PSYoungGen: 282656K(283136K)->32K(282112K) Eden: 282624K(282624K)->0K(271360K) From: 32K(512K)->32K(10752K)
[474.566s][info][gc,heap        ] GC(1256) ParOldGen: 428757K(429056K)->428765K(429056K)
[474.566s][info][gc,metaspace   ] GC(1256) Metaspace: 35378K(36032K)->35378K(36032K) NonClass: 29105K(29568K)->29105K(29568K) Class: 6272K(6464K)->6272K(6464K)
[474.566s][info][gc             ] GC(1256) Pause Young (Allocation Failure) 694M->418M(694M) 2.210ms
[474.566s][info][gc,cpu         ] GC(1256) User=0.00s Sys=0.00s Real=0.00s
[475.686s][info][gc,start       ] GC(1257) Pause Young (Allocation Failure)
[475.689s][info][gc,heap        ] GC(1257) PSYoungGen: 271392K(282112K)->32K(261120K) Eden: 271360K(271360K)->0K(260608K) From: 32K(10752K)->32K(512K)
[475.689s][info][gc,heap        ] GC(1257) ParOldGen: 428765K(429056K)->428773K(429056K)
[475.689s][info][gc,metaspace   ] GC(1257) Metaspace: 35378K(36032K)->35378K(36032K) NonClass: 29105K(29568K)->29105K(29568K) Class: 6272K(6464K)->6272K(6464K)
[475.689s][info][gc             ] GC(1257) Pause Young (Allocation Failure) 683M->418M(674M) 2.892ms
[475.689s][info][gc,cpu         ] GC(1257) User=0.01s Sys=0.00s Real=0.01s
[476.109s][info][gc,start       ] GC(1258) Pause Young (Allocation Failure)
[476.111s][info][gc,heap        ] GC(1258) PSYoungGen: 260640K(261120K)->32K(259584K) Eden: 260608K(260608K)->0K(250368K) From: 32K(512K)->32K(9216K)
[476.111s][info][gc,heap        ] GC(1258) ParOldGen: 428773K(429056K)->428781K(429056K)
[476.111s][info][gc,metaspace   ] GC(1258) Metaspace: 35378K(36032K)->35378K(36032K) NonClass: 29105K(29568K)->29105K(29568K) Class: 6272K(6464K)->6272K(6464K)
[476.111s][info][gc             ] GC(1258) Pause Young (Allocation Failure) 673M->418M(672M) 2.600ms
[476.111s][info][gc,cpu         ] GC(1258) User=0.01s Sys=0.00s Real=0.00s
[476.292s][info][gc,start       ] GC(1259) Pause Young (Allocation Failure)
[476.295s][info][gc,heap        ] GC(1259) PSYoungGen: 250400K(259584K)->32K(241152K) Eden: 250368K(250368K)->0K(240640K) From: 32K(9216K)->32K(512K)
[476.295s][info][gc,heap        ] GC(1259) ParOldGen: 428781K(429056K)->428789K(429056K)
[476.295s][info][gc,metaspace   ] GC(1259) Metaspace: 35378K(36032K)->35378K(36032K) NonClass: 29105K(29568K)->29105K(29568K) Class: 6272K(6464K)->6272K(6464K)
[476.295s][info][gc             ] GC(1259) Pause Young (Allocation Failure) 663M->418M(654M) 3.275ms
[476.295s][info][gc,cpu         ] GC(1259) User=0.00s Sys=0.00s Real=0.00s
[476.429s][info][gc,start       ] GC(1260) Pause Young (Allocation Failure)
[476.431s][info][gc,heap        ] GC(1260) PSYoungGen: 240672K(241152K)->32K(239616K) Eden: 240640K(240640K)->0K(231424K) From: 32K(512K)->32K(8192K)
[476.431s][info][gc,heap        ] GC(1260) ParOldGen: 428789K(429056K)->428797K(429056K)
[476.431s][info][gc,metaspace   ] GC(1260) Metaspace: 35378K(36032K)->35378K(36032K) NonClass: 29105K(29568K)->29105K(29568K) Class: 6272K(6464K)->6272K(6464K)
[476.431s][info][gc             ] GC(1260) Pause Young (Allocation Failure) 653M->418M(653M) 2.083ms
[476.431s][info][gc,cpu         ] GC(1260) User=0.01s Sys=0.00s Real=0.00s
[477.087s][info][gc,start       ] GC(1261) Pause Young (Allocation Failure)
[477.089s][info][gc,heap        ] GC(1261) PSYoungGen: 231456K(239616K)->64K(223232K) Eden: 231424K(231424K)->0K(222720K) From: 32K(8192K)->64K(512K)
[477.089s][info][gc,heap        ] GC(1261) ParOldGen: 428797K(429056K)->428805K(429056K)
[477.089s][info][gc,metaspace   ] GC(1261) Metaspace: 35378K(36032K)->35378K(36032K) NonClass: 29105K(29568K)->29105K(29568K) Class: 6272K(6464K)->6272K(6464K)
[477.089s][info][gc             ] GC(1261) Pause Young (Allocation Failure) 644M->418M(637M) 2.453ms
[477.089s][info][gc,cpu         ] GC(1261) User=0.00s Sys=0.00s Real=0.01s
[477.312s][info][gc,start       ] GC(1262) Pause Young (Allocation Failure)
[477.314s][info][gc,heap        ] GC(1262) PSYoungGen: 222784K(223232K)->64K(221696K) Eden: 222720K(222720K)->0K(214528K) From: 64K(512K)->64K(7168K)
[477.314s][info][gc,heap        ] GC(1262) ParOldGen: 428805K(429056K)->428813K(429056K)
[477.314s][info][gc,metaspace   ] GC(1262) Metaspace: 35378K(36032K)->35378K(36032K) NonClass: 29105K(29568K)->29105K(29568K) Class: 6272K(6464K)->6272K(6464K)
[477.314s][info][gc             ] GC(1262) Pause Young (Allocation Failure) 636M->418M(635M) 1.688ms
[477.314s][info][gc,cpu         ] GC(1262) User=0.00s Sys=0.00s Real=0.00s
[477.658s][info][gc,start       ] GC(1263) Pause Young (Allocation Failure)
[477.688s][info][gc,heap        ] GC(1263) PSYoungGen: 214592K(221696K)->6656K(263680K) Eden: 214528K(214528K)->0K(257024K) From: 64K(7168K)->6656K(6656K)
[477.688s][info][gc,heap        ] GC(1263) ParOldGen: 428813K(429056K)->435981K(436224K)
[477.688s][info][gc,metaspace   ] GC(1263) Metaspace: 35378K(36032K)->35378K(36032K) NonClass: 29105K(29568K)->29105K(29568K) Class: 6272K(6464K)->6272K(6464K)
[477.688s][info][gc             ] GC(1263) Pause Young (Allocation Failure) 628M->432M(683M) 30.144ms
[477.688s][info][gc,cpu         ] GC(1263) User=0.05s Sys=0.01s Real=0.03s
[478.001s][info][gc,start       ] GC(1264) Pause Young (Allocation Failure)
[478.060s][info][gc,heap        ] GC(1264) PSYoungGen: 263680K(263680K)->10752K(273920K) Eden: 257024K(257024K)->0K(263168K) From: 6656K(6656K)->10752K(10752K)
[478.060s][info][gc,heap        ] GC(1264) ParOldGen: 435981K(436224K)->452605K(452608K)
[478.060s][info][gc,metaspace   ] GC(1264) Metaspace: 35378K(36032K)->35378K(36032K) NonClass: 29105K(29568K)->29105K(29568K) Class: 6272K(6464K)->6272K(6464K)
[478.060s][info][gc             ] GC(1264) Pause Young (Allocation Failure) 683M->452M(709M) 58.984ms
[478.060s][info][gc,cpu         ] GC(1264) User=0.11s Sys=0.01s Real=0.06s
[478.382s][info][gc,start       ] GC(1265) Pause Young (Allocation Failure)
[478.452s][info][gc,heap        ] GC(1265) PSYoungGen: 273920K(273920K)->19456K(300032K) Eden: 263168K(263168K)->0K(280576K) From: 10752K(10752K)->19456K(19456K)
[478.452s][info][gc,heap        ] GC(1265) ParOldGen: 452605K(452608K)->461501K(461824K)
[478.452s][info][gc,metaspace   ] GC(1265) Metaspace: 35378K(36032K)->35378K(36032K) NonClass: 29105K(29568K)->29105K(29568K) Class: 6272K(6464K)->6272K(6464K)
[478.452s][info][gc             ] GC(1265) Pause Young (Allocation Failure) 709M->469M(744M) 70.060ms
[478.452s][info][gc,cpu         ] GC(1265) User=0.11s Sys=0.02s Real=0.07s
[478.545s][info][gc,start       ] GC(1266) Pause Young (Allocation Failure)
[478.550s][info][gc,heap        ] GC(1266) PSYoungGen: 300032K(300032K)->320K(307200K) Eden: 280576K(280576K)->0K(280576K) From: 19456K(19456K)->320K(26624K)
[478.550s][info][gc,heap        ] GC(1266) ParOldGen: 461501K(461824K)->461821K(461824K)
[478.550s][info][gc,metaspace   ] GC(1266) Metaspace: 35378K(36032K)->35378K(36032K) NonClass: 29105K(29568K)->29105K(29568K) Class: 6272K(6464K)->6272K(6464K)
[478.550s][info][gc             ] GC(1266) Pause Young (Allocation Failure) 743M->451M(751M) 4.958ms
[478.550s][info][gc,cpu         ] GC(1266) User=0.01s Sys=0.00s Real=0.01s
[479.200s][info][gc,start       ] GC(1267) Pause Young (Allocation Failure)
[479.203s][info][gc,heap        ] GC(1267) PSYoungGen: 280896K(307200K)->64K(304640K) Eden: 280576K(280576K)->0K(281088K) From: 320K(26624K)->64K(23552K)
[479.203s][info][gc,heap        ] GC(1267) ParOldGen: 461821K(461824K)->461837K(462336K)
[479.203s][info][gc,metaspace   ] GC(1267) Metaspace: 35378K(36032K)->35378K(36032K) NonClass: 29105K(29568K)->29105K(29568K) Class: 6272K(6464K)->6272K(6464K)
[479.203s][info][gc             ] GC(1267) Pause Young (Allocation Failure) 725M->451M(749M) 2.564ms
[479.203s][info][gc,cpu         ] GC(1267) User=0.00s Sys=0.00s Real=0.00s
[479.698s][info][gc,start       ] GC(1268) Pause Young (Allocation Failure)
[479.700s][info][gc,heap        ] GC(1268) PSYoungGen: 281152K(304640K)->64K(306176K) Eden: 281088K(281088K)->0K(281088K) From: 64K(23552K)->64K(25088K)
[479.700s][info][gc,heap        ] GC(1268) ParOldGen: 461837K(462336K)->461845K(462336K)
[479.700s][info][gc,metaspace   ] GC(1268) Metaspace: 35378K(36032K)->35378K(36032K) NonClass: 29105K(29568K)->29105K(29568K) Class: 6272K(6464K)->6272K(6464K)
[479.700s][info][gc             ] GC(1268) Pause Young (Allocation Failure) 725M->451M(750M) 1.807ms
[479.700s][info][gc,cpu         ] GC(1268) User=0.00s Sys=0.00s Real=0.00s
[480.157s][info][gc,start       ] GC(1269) Pause Young (Allocation Failure)
[480.159s][info][gc,heap        ] GC(1269) PSYoungGen: 281152K(306176K)->64K(306176K) Eden: 281088K(281088K)->0K(284672K) From: 64K(25088K)->64K(21504K)
[480.159s][info][gc,heap        ] GC(1269) ParOldGen: 461845K(462336K)->461861K(462336K)
[480.159s][info][gc,metaspace   ] GC(1269) Metaspace: 35378K(36032K)->35378K(36032K) NonClass: 29105K(29568K)->29105K(29568K) Class: 6272K(6464K)->6272K(6464K)
[480.159s][info][gc             ] GC(1269) Pause Young (Allocation Failure) 725M->451M(750M) 1.947ms
[480.159s][info][gc,cpu         ] GC(1269) User=0.00s Sys=0.00s Real=0.00s
[480.373s][info][gc,start       ] GC(1270) Pause Young (Allocation Failure)
[480.374s][info][gc,heap        ] GC(1270) PSYoungGen: 284736K(306176K)->64K(307712K) Eden: 284672K(284672K)->0K(284672K) From: 64K(21504K)->64K(23040K)
[480.374s][info][gc,heap        ] GC(1270) ParOldGen: 461861K(462336K)->461877K(462336K)
[480.374s][info][gc,metaspace   ] GC(1270) Metaspace: 35378K(36032K)->35378K(36032K) NonClass: 29105K(29568K)->29105K(29568K) Class: 6272K(6464K)->6272K(6464K)
[480.374s][info][gc             ] GC(1270) Pause Young (Allocation Failure) 729M->451M(752M) 1.737ms
[480.374s][info][gc,cpu         ] GC(1270) User=0.01s Sys=0.00s Real=0.00s
[480.583s][info][gc,start       ] GC(1271) Pause Young (Allocation Failure)
[480.585s][info][gc,heap        ] GC(1271) PSYoungGen: 284736K(307712K)->64K(308224K) Eden: 284672K(284672K)->0K(288768K) From: 64K(23040K)->64K(19456K)
[480.585s][info][gc,heap        ] GC(1271) ParOldGen: 461877K(462336K)->461877K(462336K)
[480.585s][info][gc,metaspace   ] GC(1271) Metaspace: 35378K(36032K)->35378K(36032K) NonClass: 29105K(29568K)->29105K(29568K) Class: 6272K(6464K)->6272K(6464K)
[480.585s][info][gc             ] GC(1271) Pause Young (Allocation Failure) 729M->451M(752M) 1.697ms
[480.585s][info][gc,cpu         ] GC(1271) User=0.01s Sys=0.00s Real=0.00s
[480.988s][info][gc,start       ] GC(1272) Pause Young (Allocation Failure)
[480.990s][info][gc,heap        ] GC(1272) PSYoungGen: 288832K(308224K)->64K(309760K) Eden: 288768K(288768K)->0K(288768K) From: 64K(19456K)->64K(20992K)
[480.990s][info][gc,heap        ] GC(1272) ParOldGen: 461877K(462336K)->461877K(462336K)
[480.990s][info][gc,metaspace   ] GC(1272) Metaspace: 35378K(36032K)->35378K(36032K) NonClass: 29105K(29568K)->29105K(29568K) Class: 6272K(6464K)->6272K(6464K)
[480.990s][info][gc             ] GC(1272) Pause Young (Allocation Failure) 733M->451M(754M) 1.807ms
[480.990s][info][gc,cpu         ] GC(1272) User=0.01s Sys=0.00s Real=0.00s
[481.050s][info][gc,start       ] GC(1273) Pause Young (Allocation Failure)
[481.052s][info][gc,heap        ] GC(1273) PSYoungGen: 288832K(309760K)->64K(310272K) Eden: 288768K(288768K)->0K(292864K) From: 64K(20992K)->64K(17408K)
[481.052s][info][gc,heap        ] GC(1273) ParOldGen: 461877K(462336K)->461885K(462336K)
[481.052s][info][gc,metaspace   ] GC(1273) Metaspace: 35378K(36032K)->35378K(36032K) NonClass: 29105K(29568K)->29105K(29568K) Class: 6272K(6464K)->6272K(6464K)
[481.052s][info][gc             ] GC(1273) Pause Young (Allocation Failure) 733M->451M(754M) 1.802ms
[481.052s][info][gc,cpu         ] GC(1273) User=0.00s Sys=0.00s Real=0.00s
[481.118s][info][gc,start       ] GC(1274) Pause Young (Allocation Failure)
[481.120s][info][gc,heap        ] GC(1274) PSYoungGen: 292928K(310272K)->64K(311808K) Eden: 292864K(292864K)->0K(292864K) From: 64K(17408K)->64K(18944K)
[481.120s][info][gc,heap        ] GC(1274) ParOldGen: 461885K(462336K)->461901K(462336K)
[481.120s][info][gc,metaspace   ] GC(1274) Metaspace: 35378K(36032K)->35378K(36032K) NonClass: 29105K(29568K)->29105K(29568K) Class: 6272K(6464K)->6272K(6464K)
[481.120s][info][gc             ] GC(1274) Pause Young (Allocation Failure) 737M->451M(756M) 1.791ms
[481.120s][info][gc,cpu         ] GC(1274) User=0.00s Sys=0.00s Real=0.00s
[481.300s][info][gc,start       ] GC(1275) Pause Young (Allocation Failure)
[481.302s][info][gc,heap        ] GC(1275) PSYoungGen: 292928K(311808K)->64K(312320K) Eden: 292864K(292864K)->0K(296960K) From: 64K(18944K)->64K(15360K)
[481.302s][info][gc,heap        ] GC(1275) ParOldGen: 461901K(462336K)->461901K(462336K)
[481.302s][info][gc,metaspace   ] GC(1275) Metaspace: 35378K(36032K)->35378K(36032K) NonClass: 29105K(29568K)->29105K(29568K) Class: 6272K(6464K)->6272K(6464K)
[481.302s][info][gc             ] GC(1275) Pause Young (Allocation Failure) 737M->451M(756M) 1.739ms
[481.302s][info][gc,cpu         ] GC(1275) User=0.00s Sys=0.00s Real=0.00s
[481.531s][info][gc,start       ] GC(1276) Pause Young (Allocation Failure)
[481.532s][info][gc,heap        ] GC(1276) PSYoungGen: 297024K(312320K)->64K(313856K) Eden: 296960K(296960K)->0K(296960K) From: 64K(15360K)->64K(16896K)
[481.532s][info][gc,heap        ] GC(1276) ParOldGen: 461901K(462336K)->461909K(462336K)
[481.532s][info][gc,metaspace   ] GC(1276) Metaspace: 35378K(36032K)->35378K(36032K) NonClass: 29105K(29568K)->29105K(29568K) Class: 6272K(6464K)->6272K(6464K)
[481.533s][info][gc             ] GC(1276) Pause Young (Allocation Failure) 741M->451M(758M) 1.800ms
[481.533s][info][gc,cpu         ] GC(1276) User=0.00s Sys=0.00s Real=0.00s
[481.670s][info][gc,start       ] GC(1277) Pause Young (Allocation Failure)
[481.672s][info][gc,heap        ] GC(1277) PSYoungGen: 297024K(313856K)->64K(314368K) Eden: 296960K(296960K)->0K(301056K) From: 64K(16896K)->64K(13312K)
[481.672s][info][gc,heap        ] GC(1277) ParOldGen: 461909K(462336K)->461925K(462336K)
[481.672s][info][gc,metaspace   ] GC(1277) Metaspace: 35378K(36032K)->35378K(36032K) NonClass: 29105K(29568K)->29105K(29568K) Class: 6272K(6464K)->6272K(6464K)
[481.672s][info][gc             ] GC(1277) Pause Young (Allocation Failure) 741M->451M(758M) 2.417ms
[481.672s][info][gc,cpu         ] GC(1277) User=0.00s Sys=0.00s Real=0.00s
[481.770s][info][gc,start       ] GC(1278) Pause Young (Allocation Failure)
[481.772s][info][gc,heap        ] GC(1278) PSYoungGen: 301120K(314368K)->64K(315904K) Eden: 301056K(301056K)->0K(301056K) From: 64K(13312K)->64K(14848K)
[481.772s][info][gc,heap        ] GC(1278) ParOldGen: 461925K(462336K)->461933K(462336K)
[481.772s][info][gc,metaspace   ] GC(1278) Metaspace: 35378K(36032K)->35378K(36032K) NonClass: 29105K(29568K)->29105K(29568K) Class: 6272K(6464K)->6272K(6464K)
[481.772s][info][gc             ] GC(1278) Pause Young (Allocation Failure) 745M->451M(760M) 1.853ms
[481.772s][info][gc,cpu         ] GC(1278) User=0.00s Sys=0.00s Real=0.00s
[481.955s][info][gc,start       ] GC(1279) Pause Young (Allocation Failure)
[481.957s][info][gc,heap        ] GC(1279) PSYoungGen: 301120K(315904K)->64K(316416K) Eden: 301056K(301056K)->0K(305152K) From: 64K(14848K)->64K(11264K)
[481.957s][info][gc,heap        ] GC(1279) ParOldGen: 461933K(462336K)->461941K(462336K)
[481.957s][info][gc,metaspace   ] GC(1279) Metaspace: 35378K(36032K)->35378K(36032K) NonClass: 29105K(29568K)->29105K(29568K) Class: 6272K(6464K)->6272K(6464K)
[481.957s][info][gc             ] GC(1279) Pause Young (Allocation Failure) 745M->451M(760M) 1.802ms
[481.957s][info][gc,cpu         ] GC(1279) User=0.00s Sys=0.00s Real=0.01s
[483.049s][info][gc,start       ] GC(1280) Pause Young (Allocation Failure)
[483.051s][info][gc,heap        ] GC(1280) PSYoungGen: 305216K(316416K)->32K(317952K) Eden: 305152K(305152K)->0K(305152K) From: 64K(11264K)->32K(12800K)
[483.052s][info][gc,heap        ] GC(1280) ParOldGen: 461941K(462336K)->461949K(462336K)
[483.052s][info][gc,metaspace   ] GC(1280) Metaspace: 35378K(36032K)->35378K(36032K) NonClass: 29105K(29568K)->29105K(29568K) Class: 6272K(6464K)->6272K(6464K)
[483.052s][info][gc             ] GC(1280) Pause Young (Allocation Failure) 749M->451M(762M) 2.344ms
[483.052s][info][gc,cpu         ] GC(1280) User=0.00s Sys=0.00s Real=0.00s
[484.030s][info][gc,start       ] GC(1281) Pause Young (Allocation Failure)
[484.033s][info][gc,heap        ] GC(1281) PSYoungGen: 305184K(317952K)->64K(293376K) Eden: 305152K(305152K)->0K(292864K) From: 32K(12800K)->64K(512K)
[484.033s][info][gc,heap        ] GC(1281) ParOldGen: 461949K(462336K)->461965K(462336K)
[484.033s][info][gc,metaspace   ] GC(1281) Metaspace: 35378K(36032K)->35378K(36032K) NonClass: 29105K(29568K)->29105K(29568K) Class: 6272K(6464K)->6272K(6464K)
[484.033s][info][gc             ] GC(1281) Pause Young (Allocation Failure) 749M->451M(738M) 3.258ms
[484.033s][info][gc,cpu         ] GC(1281) User=0.00s Sys=0.01s Real=0.00s
[484.398s][info][gc,start       ] GC(1282) Pause Young (Allocation Failure)
[484.400s][info][gc,heap        ] GC(1282) PSYoungGen: 292928K(293376K)->64K(292352K) Eden: 292864K(292864K)->0K(281088K) From: 64K(512K)->64K(11264K)
[484.400s][info][gc,heap        ] GC(1282) ParOldGen: 461965K(462336K)->461973K(462336K)
[484.400s][info][gc,metaspace   ] GC(1282) Metaspace: 35378K(36032K)->35378K(36032K) NonClass: 29105K(29568K)->29105K(29568K) Class: 6272K(6464K)->6272K(6464K)
[484.400s][info][gc             ] GC(1282) Pause Young (Allocation Failure) 737M->451M(737M) 1.711ms
[484.400s][info][gc,cpu         ] GC(1282) User=0.00s Sys=0.00s Real=0.00s
[484.830s][info][gc,start       ] GC(1283) Pause Young (Allocation Failure)
[484.832s][info][gc,heap        ] GC(1283) PSYoungGen: 281152K(292352K)->64K(270336K) Eden: 281088K(281088K)->0K(269824K) From: 64K(11264K)->64K(512K)
[484.832s][info][gc,heap        ] GC(1283) ParOldGen: 461973K(462336K)->461981K(462336K)
[484.832s][info][gc,metaspace   ] GC(1283) Metaspace: 35378K(36032K)->35378K(36032K) NonClass: 29105K(29568K)->29105K(29568K) Class: 6272K(6464K)->6272K(6464K)
[484.832s][info][gc             ] GC(1283) Pause Young (Allocation Failure) 725M->451M(715M) 2.398ms
[484.832s][info][gc,cpu         ] GC(1283) User=0.01s Sys=0.00s Real=0.00s
[485.829s][info][gc,start       ] GC(1284) Pause Young (Allocation Failure)
[485.832s][info][gc,heap        ] GC(1284) PSYoungGen: 269888K(270336K)->64K(268800K) Eden: 269824K(269824K)->0K(259072K) From: 64K(512K)->64K(9728K)
[485.832s][info][gc,heap        ] GC(1284) ParOldGen: 461981K(462336K)->461989K(462336K)
[485.832s][info][gc,metaspace   ] GC(1284) Metaspace: 35378K(36032K)->35378K(36032K) NonClass: 29105K(29568K)->29105K(29568K) Class: 6272K(6464K)->6272K(6464K)
[485.832s][info][gc             ] GC(1284) Pause Young (Allocation Failure) 714M->451M(714M) 2.311ms
[485.832s][info][gc,cpu         ] GC(1284) User=0.00s Sys=0.00s Real=0.00s
[486.183s][info][gc,start       ] GC(1285) Pause Young (Allocation Failure)
[486.186s][info][gc,heap        ] GC(1285) PSYoungGen: 259136K(268800K)->32K(249344K) Eden: 259072K(259072K)->0K(248832K) From: 64K(9728K)->32K(512K)
[486.186s][info][gc,heap        ] GC(1285) ParOldGen: 461989K(462336K)->461997K(462336K)
[486.186s][info][gc,metaspace   ] GC(1285) Metaspace: 35378K(36032K)->35378K(36032K) NonClass: 29105K(29568K)->29105K(29568K) Class: 6272K(6464K)->6272K(6464K)
[486.186s][info][gc             ] GC(1285) Pause Young (Allocation Failure) 704M->451M(695M) 2.941ms
[486.186s][info][gc,cpu         ] GC(1285) User=0.01s Sys=0.00s Real=0.00s
[486.311s][info][gc,start       ] GC(1286) Pause Young (Allocation Failure)
[486.314s][info][gc,heap        ] GC(1286) PSYoungGen: 248864K(249344K)->32K(247808K) Eden: 248832K(248832K)->0K(239104K) From: 32K(512K)->32K(8704K)
[486.314s][info][gc,heap        ] GC(1286) ParOldGen: 461997K(462336K)->462005K(462336K)
[486.314s][info][gc,metaspace   ] GC(1286) Metaspace: 35378K(36032K)->35378K(36032K) NonClass: 29105K(29568K)->29105K(29568K) Class: 6272K(6464K)->6272K(6464K)
[486.314s][info][gc             ] GC(1286) Pause Young (Allocation Failure) 694M->451M(693M) 2.822ms
[486.314s][info][gc,cpu         ] GC(1286) User=0.00s Sys=0.00s Real=0.00s
[486.636s][info][gc,start       ] GC(1287) Pause Young (Allocation Failure)
[486.639s][info][gc,heap        ] GC(1287) PSYoungGen: 239136K(247808K)->32K(230400K) Eden: 239104K(239104K)->0K(229888K) From: 32K(8704K)->32K(512K)
[486.639s][info][gc,heap        ] GC(1287) ParOldGen: 462005K(462336K)->462013K(462336K)
[486.639s][info][gc,metaspace   ] GC(1287) Metaspace: 35378K(36032K)->35378K(36032K) NonClass: 29105K(29568K)->29105K(29568K) Class: 6272K(6464K)->6272K(6464K)
[486.639s][info][gc             ] GC(1287) Pause Young (Allocation Failure) 684M->451M(676M) 3.309ms
[486.639s][info][gc,cpu         ] GC(1287) User=0.01s Sys=0.00s Real=0.01s
[487.057s][info][gc,start       ] GC(1288) Pause Young (Allocation Failure)
[487.059s][info][gc,heap        ] GC(1288) PSYoungGen: 229920K(230400K)->64K(228352K) Eden: 229888K(229888K)->0K(221184K) From: 32K(512K)->64K(7168K)
[487.059s][info][gc,heap        ] GC(1288) ParOldGen: 462013K(462336K)->462029K(462336K)
[487.059s][info][gc,metaspace   ] GC(1288) Metaspace: 35378K(36032K)->35378K(36032K) NonClass: 29105K(29568K)->29105K(29568K) Class: 6272K(6464K)->6272K(6464K)
[487.059s][info][gc             ] GC(1288) Pause Young (Allocation Failure) 675M->451M(674M) 2.533ms
[487.059s][info][gc,cpu         ] GC(1288) User=0.01s Sys=0.00s Real=0.00s
[487.402s][info][gc,start       ] GC(1289) Pause Young (Allocation Failure)
[487.406s][info][gc,heap        ] GC(1289) PSYoungGen: 221248K(228352K)->32K(213504K) Eden: 221184K(221184K)->0K(212992K) From: 64K(7168K)->32K(512K)
[487.406s][info][gc,heap        ] GC(1289) ParOldGen: 462029K(462336K)->462037K(462336K)
[487.406s][info][gc,metaspace   ] GC(1289) Metaspace: 35378K(36032K)->35378K(36032K) NonClass: 29105K(29568K)->29105K(29568K) Class: 6272K(6464K)->6272K(6464K)
[487.406s][info][gc             ] GC(1289) Pause Young (Allocation Failure) 667M->451M(660M) 3.269ms
[487.406s][info][gc,cpu         ] GC(1289) User=0.00s Sys=0.00s Real=0.00s
[487.656s][info][gc,start       ] GC(1290) Pause Young (Allocation Failure)
[487.709s][info][gc,heap        ] GC(1290) PSYoungGen: 213024K(213504K)->6144K(262144K) Eden: 212992K(212992K)->0K(256000K) From: 32K(512K)->6144K(6144K)
[487.709s][info][gc,heap        ] GC(1290) ParOldGen: 462037K(462336K)->477549K(477696K)
[487.709s][info][gc,metaspace   ] GC(1290) Metaspace: 35378K(36032K)->35378K(36032K) NonClass: 29105K(29568K)->29105K(29568K) Class: 6272K(6464K)->6272K(6464K)
[487.709s][info][gc             ] GC(1290) Pause Young (Allocation Failure) 659M->472M(722M) 53.512ms
[487.709s][info][gc,cpu         ] GC(1290) User=0.09s Sys=0.01s Real=0.06s
[488.001s][info][gc,start       ] GC(1291) Pause Young (Allocation Failure)
[488.072s][info][gc,heap        ] GC(1291) PSYoungGen: 262144K(262144K)->6144K(267776K) Eden: 256000K(256000K)->0K(261632K) From: 6144K(6144K)->6144K(6144K)
[488.072s][info][gc,heap        ] GC(1291) ParOldGen: 477549K(477696K)->499005K(499200K)
[488.072s][info][gc,metaspace   ] GC(1291) Metaspace: 35378K(36032K)->35378K(36032K) NonClass: 29105K(29568K)->29105K(29568K) Class: 6272K(6464K)->6272K(6464K)
[488.073s][info][gc             ] GC(1291) Pause Young (Allocation Failure) 722M->493M(749M) 71.372ms
[488.073s][info][gc,cpu         ] GC(1291) User=0.13s Sys=0.02s Real=0.07s
[488.307s][info][gc,start       ] GC(1292) Pause Young (Allocation Failure)
[488.346s][info][gc,heap        ] GC(1292) PSYoungGen: 267776K(267776K)->20320K(283136K) Eden: 261632K(261632K)->0K(261632K) From: 6144K(6144K)->20320K(21504K)
[488.346s][info][gc,heap        ] GC(1292) ParOldGen: 499005K(499200K)->499789K(500224K)
[488.346s][info][gc,metaspace   ] GC(1292) Metaspace: 35378K(36032K)->35378K(36032K) NonClass: 29105K(29568K)->29105K(29568K) Class: 6272K(6464K)->6272K(6464K)
[488.346s][info][gc             ] GC(1292) Pause Young (Allocation Failure) 748M->507M(765M) 38.870ms
[488.346s][info][gc,cpu         ] GC(1292) User=0.07s Sys=0.00s Real=0.03s
[488.441s][info][gc,start       ] GC(1293) Pause Young (Allocation Failure)
[488.443s][info][gc,heap        ] GC(1293) PSYoungGen: 281952K(283136K)->64K(308736K) Eden: 261632K(261632K)->0K(283136K) From: 20320K(21504K)->64K(25600K)
[488.443s][info][gc,heap        ] GC(1293) ParOldGen: 499789K(500224K)->499797K(500224K)
[488.443s][info][gc,metaspace   ] GC(1293) Metaspace: 35378K(36032K)->35378K(36032K) NonClass: 29105K(29568K)->29105K(29568K) Class: 6272K(6464K)->6272K(6464K)
[488.443s][info][gc             ] GC(1293) Pause Young (Allocation Failure) 763M->488M(790M) 1.747ms
[488.443s][info][gc,cpu         ] GC(1293) User=0.00s Sys=0.00s Real=0.00s
[489.159s][info][gc,start       ] GC(1294) Pause Young (Allocation Failure)
[489.161s][info][gc,heap        ] GC(1294) PSYoungGen: 283200K(308736K)->64K(283648K) Eden: 283136K(283136K)->0K(283136K) From: 64K(25600K)->64K(512K)
[489.161s][info][gc,heap        ] GC(1294) ParOldGen: 499797K(500224K)->499805K(500224K)
[489.161s][info][gc,metaspace   ] GC(1294) Metaspace: 35378K(36032K)->35378K(36032K) NonClass: 29105K(29568K)->29105K(29568K) Class: 6272K(6464K)->6272K(6464K)
[489.161s][info][gc             ] GC(1294) Pause Young (Allocation Failure) 764M->488M(765M) 1.841ms
[489.161s][info][gc,cpu         ] GC(1294) User=0.01s Sys=0.00s Real=0.00s
[489.514s][info][gc,start       ] GC(1295) Pause Young (Allocation Failure)
[489.516s][info][gc,heap        ] GC(1295) PSYoungGen: 283200K(283648K)->64K(308224K) Eden: 283136K(283136K)->0K(284160K) From: 64K(512K)->64K(24064K)
[489.516s][info][gc,heap        ] GC(1295) ParOldGen: 499805K(500224K)->499813K(500224K)
[489.516s][info][gc,metaspace   ] GC(1295) Metaspace: 35378K(36032K)->35378K(36032K) NonClass: 29105K(29568K)->29105K(29568K) Class: 6272K(6464K)->6272K(6464K)
[489.516s][info][gc             ] GC(1295) Pause Young (Allocation Failure) 764M->488M(789M) 1.859ms
[489.516s][info][gc,cpu         ] GC(1295) User=0.00s Sys=0.00s Real=0.00s
[489.962s][info][gc,start       ] GC(1296) Pause Young (Allocation Failure)
[489.964s][info][gc,heap        ] GC(1296) PSYoungGen: 284224K(308224K)->64K(307200K) Eden: 284160K(284160K)->0K(284160K) From: 64K(24064K)->64K(23040K)
[489.964s][info][gc,heap        ] GC(1296) ParOldGen: 499813K(500224K)->499829K(500224K)
[489.964s][info][gc,metaspace   ] GC(1296) Metaspace: 35378K(36032K)->35378K(36032K) NonClass: 29105K(29568K)->29105K(29568K) Class: 6272K(6464K)->6272K(6464K)
[489.964s][info][gc             ] GC(1296) Pause Young (Allocation Failure) 765M->488M(788M) 1.852ms
[489.964s][info][gc,cpu         ] GC(1296) User=0.01s Sys=0.00s Real=0.00s
[490.161s][info][gc,start       ] GC(1297) Pause Young (Allocation Failure)
[490.163s][info][gc,heap        ] GC(1297) PSYoungGen: 284224K(307200K)->64K(309760K) Eden: 284160K(284160K)->0K(287744K) From: 64K(23040K)->64K(22016K)
[490.163s][info][gc,heap        ] GC(1297) ParOldGen: 499829K(500224K)->499845K(500224K)
[490.163s][info][gc,metaspace   ] GC(1297) Metaspace: 35378K(36032K)->35378K(36032K) NonClass: 29105K(29568K)->29105K(29568K) Class: 6272K(6464K)->6272K(6464K)
[490.163s][info][gc             ] GC(1297) Pause Young (Allocation Failure) 765M->488M(791M) 1.817ms
[490.163s][info][gc,cpu         ] GC(1297) User=0.01s Sys=0.00s Real=0.00s
[490.364s][info][gc,start       ] GC(1298) Pause Young (Allocation Failure)
[490.366s][info][gc,heap        ] GC(1298) PSYoungGen: 287808K(309760K)->64K(308736K) Eden: 287744K(287744K)->0K(287744K) From: 64K(22016K)->64K(20992K)
[490.366s][info][gc,heap        ] GC(1298) ParOldGen: 499845K(500224K)->499845K(500224K)
[490.366s][info][gc,metaspace   ] GC(1298) Metaspace: 35378K(36032K)->35378K(36032K) NonClass: 29105K(29568K)->29105K(29568K) Class: 6272K(6464K)->6272K(6464K)
[490.366s][info][gc             ] GC(1298) Pause Young (Allocation Failure) 769M->488M(790M) 1.730ms
[490.366s][info][gc,cpu         ] GC(1298) User=0.00s Sys=0.00s Real=0.00s
[490.697s][info][gc,start       ] GC(1299) Pause Young (Allocation Failure)
[490.699s][info][gc,heap        ] GC(1299) PSYoungGen: 287808K(308736K)->64K(311808K) Eden: 287744K(287744K)->0K(291840K) From: 64K(20992K)->64K(19968K)
[490.699s][info][gc,heap        ] GC(1299) ParOldGen: 499845K(500224K)->499845K(500224K)
[490.699s][info][gc,metaspace   ] GC(1299) Metaspace: 35378K(36032K)->35378K(36032K) NonClass: 29105K(29568K)->29105K(29568K) Class: 6272K(6464K)->6272K(6464K)
[490.699s][info][gc             ] GC(1299) Pause Young (Allocation Failure) 769M->488M(793M) 1.770ms
[490.699s][info][gc,cpu         ] GC(1299) User=0.00s Sys=0.00s Real=0.00s
[490.754s][info][gc,start       ] GC(1300) Pause Young (Allocation Failure)
[490.756s][info][gc,heap        ] GC(1300) PSYoungGen: 291904K(311808K)->64K(310784K) Eden: 291840K(291840K)->0K(291840K) From: 64K(19968K)->64K(18944K)
[490.756s][info][gc,heap        ] GC(1300) ParOldGen: 499845K(500224K)->499861K(500224K)
[490.756s][info][gc,metaspace   ] GC(1300) Metaspace: 35378K(36032K)->35378K(36032K) NonClass: 29105K(29568K)->29105K(29568K) Class: 6272K(6464K)->6272K(6464K)
[490.756s][info][gc             ] GC(1300) Pause Young (Allocation Failure) 773M->488M(792M) 1.823ms
[490.756s][info][gc,cpu         ] GC(1300) User=0.01s Sys=0.00s Real=0.00s
[490.809s][info][gc,start       ] GC(1301) Pause Young (Allocation Failure)
[490.811s][info][gc,heap        ] GC(1301) PSYoungGen: 291904K(310784K)->64K(313856K) Eden: 291840K(291840K)->0K(295936K) From: 64K(18944K)->64K(17920K)
[490.811s][info][gc,heap        ] GC(1301) ParOldGen: 499861K(500224K)->499861K(500224K)
[490.811s][info][gc,metaspace   ] GC(1301) Metaspace: 35378K(36032K)->35378K(36032K) NonClass: 29105K(29568K)->29105K(29568K) Class: 6272K(6464K)->6272K(6464K)
[490.811s][info][gc             ] GC(1301) Pause Young (Allocation Failure) 773M->488M(795M) 1.635ms
[490.811s][info][gc,cpu         ] GC(1301) User=0.00s Sys=0.00s Real=0.00s
[491.033s][info][gc,start       ] GC(1302) Pause Young (Allocation Failure)
[491.034s][info][gc,heap        ] GC(1302) PSYoungGen: 296000K(313856K)->64K(312832K) Eden: 295936K(295936K)->0K(295936K) From: 64K(17920K)->64K(16896K)
[491.035s][info][gc,heap        ] GC(1302) ParOldGen: 499861K(500224K)->499861K(500224K)
[491.035s][info][gc,metaspace   ] GC(1302) Metaspace: 35378K(36032K)->35378K(36032K) NonClass: 29105K(29568K)->29105K(29568K) Class: 6272K(6464K)->6272K(6464K)
[491.035s][info][gc             ] GC(1302) Pause Young (Allocation Failure) 777M->488M(794M) 1.767ms
[491.035s][info][gc,cpu         ] GC(1302) User=0.00s Sys=0.00s Real=0.00s
[491.252s][info][gc,start       ] GC(1303) Pause Young (Allocation Failure)
[491.254s][info][gc,heap        ] GC(1303) PSYoungGen: 296000K(312832K)->64K(315392K) Eden: 295936K(295936K)->0K(299520K) From: 64K(16896K)->64K(15872K)
[491.254s][info][gc,heap        ] GC(1303) ParOldGen: 499861K(500224K)->499869K(500224K)
[491.254s][info][gc,metaspace   ] GC(1303) Metaspace: 35378K(36032K)->35378K(36032K) NonClass: 29105K(29568K)->29105K(29568K) Class: 6272K(6464K)->6272K(6464K)
[491.254s][info][gc             ] GC(1303) Pause Young (Allocation Failure) 777M->488M(796M) 2.013ms
[491.254s][info][gc,cpu         ] GC(1303) User=0.00s Sys=0.00s Real=0.00s
[491.363s][info][gc,start       ] GC(1304) Pause Young (Allocation Failure)
[491.365s][info][gc,heap        ] GC(1304) PSYoungGen: 299584K(315392K)->64K(314880K) Eden: 299520K(299520K)->0K(299520K) From: 64K(15872K)->64K(15360K)
[491.365s][info][gc,heap        ] GC(1304) ParOldGen: 499869K(500224K)->499877K(500224K)
[491.365s][info][gc,metaspace   ] GC(1304) Metaspace: 35378K(36032K)->35378K(36032K) NonClass: 29105K(29568K)->29105K(29568K) Class: 6272K(6464K)->6272K(6464K)
[491.365s][info][gc             ] GC(1304) Pause Young (Allocation Failure) 780M->488M(796M) 1.902ms
[491.365s][info][gc,cpu         ] GC(1304) User=0.00s Sys=0.00s Real=0.00s
[491.474s][info][gc,start       ] GC(1305) Pause Young (Allocation Failure)
[491.476s][info][gc,heap        ] GC(1305) PSYoungGen: 299584K(314880K)->64K(317440K) Eden: 299520K(299520K)->0K(303616K) From: 64K(15360K)->64K(13824K)
[491.476s][info][gc,heap        ] GC(1305) ParOldGen: 499877K(500224K)->499885K(500224K)
[491.476s][info][gc,metaspace   ] GC(1305) Metaspace: 35378K(36032K)->35378K(36032K) NonClass: 29105K(29568K)->29105K(29568K) Class: 6272K(6464K)->6272K(6464K)
[491.476s][info][gc             ] GC(1305) Pause Young (Allocation Failure) 780M->488M(798M) 1.751ms
[491.476s][info][gc,cpu         ] GC(1305) User=0.00s Sys=0.00s Real=0.00s
[491.736s][info][gc,start       ] GC(1306) Pause Young (Allocation Failure)
[491.738s][info][gc,heap        ] GC(1306) PSYoungGen: 303680K(317440K)->64K(316928K) Eden: 303616K(303616K)->0K(303616K) From: 64K(13824K)->64K(13312K)
[491.738s][info][gc,heap        ] GC(1306) ParOldGen: 499885K(500224K)->499893K(500224K)
[491.738s][info][gc,metaspace   ] GC(1306) Metaspace: 35378K(36032K)->35378K(36032K) NonClass: 29105K(29568K)->29105K(29568K) Class: 6272K(6464K)->6272K(6464K)
[491.738s][info][gc             ] GC(1306) Pause Young (Allocation Failure) 784M->488M(798M) 1.840ms
[491.738s][info][gc,cpu         ] GC(1306) User=0.00s Sys=0.00s Real=0.01s
[492.651s][info][gc,start       ] GC(1307) Pause Young (Allocation Failure)
[492.653s][info][gc,heap        ] GC(1307) PSYoungGen: 303680K(316928K)->83K(319488K) Eden: 303616K(303616K)->0K(307200K) From: 64K(13312K)->83K(12288K)
[492.653s][info][gc,heap        ] GC(1307) ParOldGen: 499893K(500224K)->499901K(500224K)
[492.653s][info][gc,metaspace   ] GC(1307) Metaspace: 35378K(36032K)->35378K(36032K) NonClass: 29105K(29568K)->29105K(29568K) Class: 6272K(6464K)->6272K(6464K)
[492.653s][info][gc             ] GC(1307) Pause Young (Allocation Failure) 784M->488M(800M) 1.789ms
[492.653s][info][gc,cpu         ] GC(1307) User=0.00s Sys=0.00s Real=0.00s
[493.622s][info][gc,start       ] GC(1308) Pause Young (Allocation Failure)
[493.624s][info][gc,heap        ] GC(1308) PSYoungGen: 307283K(319488K)->32K(295424K) Eden: 307200K(307200K)->0K(294912K) From: 83K(12288K)->32K(512K)
[493.624s][info][gc,heap        ] GC(1308) ParOldGen: 499901K(500224K)->499909K(500224K)
[493.624s][info][gc,metaspace   ] GC(1308) Metaspace: 35378K(36032K)->35378K(36032K) NonClass: 29105K(29568K)->29105K(29568K) Class: 6272K(6464K)->6272K(6464K)
[493.624s][info][gc             ] GC(1308) Pause Young (Allocation Failure) 788M->488M(777M) 2.424ms
[493.624s][info][gc,cpu         ] GC(1308) User=0.00s Sys=0.00s Real=0.00s
[494.045s][info][gc,start       ] GC(1309) Pause Young (Allocation Failure)
[494.046s][info][gc,heap        ] GC(1309) PSYoungGen: 294944K(295424K)->64K(283648K) Eden: 294912K(294912K)->0K(283136K) From: 32K(512K)->64K(512K)
[494.046s][info][gc,heap        ] GC(1309) ParOldGen: 499909K(500224K)->499917K(500224K)
[494.046s][info][gc,metaspace   ] GC(1309) Metaspace: 35378K(36032K)->35378K(36032K) NonClass: 29105K(29568K)->29105K(29568K) Class: 6272K(6464K)->6272K(6464K)
[494.046s][info][gc             ] GC(1309) Pause Young (Allocation Failure) 776M->488M(765M) 1.818ms
[494.047s][info][gc,cpu         ] GC(1309) User=0.00s Sys=0.00s Real=0.00s
[495.125s][info][gc,start       ] GC(1310) Pause Young (Allocation Failure)
[495.127s][info][gc,heap        ] GC(1310) PSYoungGen: 283200K(283648K)->64K(282112K) Eden: 283136K(283136K)->0K(271872K) From: 64K(512K)->64K(10240K)
[495.127s][info][gc,heap        ] GC(1310) ParOldGen: 499917K(500224K)->499925K(500224K)
[495.127s][info][gc,metaspace   ] GC(1310) Metaspace: 35378K(36032K)->35378K(36032K) NonClass: 29105K(29568K)->29105K(29568K) Class: 6272K(6464K)->6272K(6464K)
[495.127s][info][gc             ] GC(1310) Pause Young (Allocation Failure) 764M->488M(764M) 1.831ms
[495.127s][info][gc,cpu         ] GC(1310) User=0.00s Sys=0.00s Real=0.01s
[495.371s][info][gc,start       ] GC(1311) Pause Young (Allocation Failure)
[495.373s][info][gc,heap        ] GC(1311) PSYoungGen: 271936K(282112K)->64K(261632K) Eden: 271872K(271872K)->0K(261120K) From: 64K(10240K)->64K(512K)
[495.373s][info][gc,heap        ] GC(1311) ParOldGen: 499925K(500224K)->499933K(500224K)
[495.373s][info][gc,metaspace   ] GC(1311) Metaspace: 35378K(36032K)->35378K(36032K) NonClass: 29105K(29568K)->29105K(29568K) Class: 6272K(6464K)->6272K(6464K)
[495.373s][info][gc             ] GC(1311) Pause Young (Allocation Failure) 753M->488M(744M) 2.395ms
[495.373s][info][gc,cpu         ] GC(1311) User=0.01s Sys=0.00s Real=0.00s
[495.770s][info][gc,start       ] GC(1312) Pause Young (Allocation Failure)
[495.772s][info][gc,heap        ] GC(1312) PSYoungGen: 261184K(261632K)->32K(259584K) Eden: 261120K(261120K)->0K(250880K) From: 64K(512K)->32K(8704K)
[495.772s][info][gc,heap        ] GC(1312) ParOldGen: 499933K(500224K)->499941K(500224K)
[495.772s][info][gc,metaspace   ] GC(1312) Metaspace: 35378K(36032K)->35378K(36032K) NonClass: 29105K(29568K)->29105K(29568K) Class: 6272K(6464K)->6272K(6464K)
[495.772s][info][gc             ] GC(1312) Pause Young (Allocation Failure) 743M->488M(742M) 2.470ms
[495.772s][info][gc,cpu         ] GC(1312) User=0.00s Sys=0.00s Real=0.00s
[495.847s][info][gc,start       ] GC(1313) Pause Young (Allocation Failure)
[495.849s][info][gc,heap        ] GC(1313) PSYoungGen: 250912K(259584K)->64K(292352K) Eden: 250880K(250880K)->0K(284160K) From: 32K(8704K)->64K(8192K)
[495.849s][info][gc,heap        ] GC(1313) ParOldGen: 499941K(500224K)->499949K(500224K)
[495.849s][info][gc,metaspace   ] GC(1313) Metaspace: 35378K(36032K)->35378K(36032K) NonClass: 29105K(29568K)->29105K(29568K) Class: 6272K(6464K)->6272K(6464K)
[495.849s][info][gc             ] GC(1313) Pause Young (Allocation Failure) 733M->488M(774M) 1.885ms
[495.849s][info][gc,cpu         ] GC(1313) User=0.00s Sys=0.00s Real=0.00s
[496.525s][info][gc,start       ] GC(1314) Pause Young (Allocation Failure)
[496.527s][info][gc,heap        ] GC(1314) PSYoungGen: 284224K(292352K)->64K(273408K) Eden: 284160K(284160K)->0K(272896K) From: 64K(8192K)->64K(512K)
[496.527s][info][gc,heap        ] GC(1314) ParOldGen: 499949K(500224K)->499957K(500224K)
[496.527s][info][gc,metaspace   ] GC(1314) Metaspace: 35378K(36032K)->35378K(36032K) NonClass: 29105K(29568K)->29105K(29568K) Class: 6272K(6464K)->6272K(6464K)
[496.527s][info][gc             ] GC(1314) Pause Young (Allocation Failure) 765M->488M(755M) 2.467ms
[496.527s][info][gc,cpu         ] GC(1314) User=0.01s Sys=0.00s Real=0.01s
[496.844s][info][gc,start       ] GC(1315) Pause Young (Allocation Failure)
[496.846s][info][gc,heap        ] GC(1315) PSYoungGen: 272960K(273408K)->64K(262656K) Eden: 272896K(272896K)->0K(262144K) From: 64K(512K)->64K(512K)
[496.846s][info][gc,heap        ] GC(1315) ParOldGen: 499957K(500224K)->499965K(500224K)
[496.846s][info][gc,metaspace   ] GC(1315) Metaspace: 35378K(36032K)->35378K(36032K) NonClass: 29105K(29568K)->29105K(29568K) Class: 6272K(6464K)->6272K(6464K)
[496.846s][info][gc             ] GC(1315) Pause Young (Allocation Failure) 754M->488M(745M) 2.441ms
[496.846s][info][gc,cpu         ] GC(1315) User=0.01s Sys=0.00s Real=0.00s
[497.227s][info][gc,start       ] GC(1316) Pause Young (Allocation Failure)
[497.283s][info][gc,heap        ] GC(1316) PSYoungGen: 262208K(262656K)->6656K(279040K) Eden: 262144K(262144K)->0K(272384K) From: 64K(512K)->6656K(6656K)
[497.283s][info][gc,heap        ] GC(1316) ParOldGen: 499965K(500224K)->514589K(515072K)
[497.283s][info][gc,metaspace   ] GC(1316) Metaspace: 35378K(36032K)->35378K(36032K) NonClass: 29105K(29568K)->29105K(29568K) Class: 6272K(6464K)->6272K(6464K)
[497.283s][info][gc             ] GC(1316) Pause Young (Allocation Failure) 744M->509M(775M) 56.149ms
[497.283s][info][gc,cpu         ] GC(1316) User=0.10s Sys=0.01s Real=0.05s
[497.608s][info][gc,start       ] GC(1317) Pause Young (Allocation Failure)
[497.692s][info][gc,heap        ] GC(1317) PSYoungGen: 279040K(279040K)->13824K(302592K) Eden: 272384K(272384K)->0K(288768K) From: 6656K(6656K)->13824K(13824K)
[497.692s][info][gc,heap        ] GC(1317) ParOldGen: 514589K(515072K)->530037K(530432K)
[497.692s][info][gc,metaspace   ] GC(1317) Metaspace: 35378K(36032K)->35378K(36032K) NonClass: 29105K(29568K)->29105K(29568K) Class: 6272K(6464K)->6272K(6464K)
[497.692s][info][gc             ] GC(1317) Pause Young (Allocation Failure) 775M->531M(813M) 84.230ms
[497.692s][info][gc,cpu         ] GC(1317) User=0.13s Sys=0.03s Real=0.08s
[497.924s][info][gc,start       ] GC(1318) Pause Young (Allocation Failure)
[497.971s][info][gc,heap        ] GC(1318) PSYoungGen: 302592K(302592K)->18944K(307712K) Eden: 288768K(288768K)->0K(288768K) From: 13824K(13824K)->18944K(18944K)
[497.971s][info][gc,heap        ] GC(1318) ParOldGen: 530037K(530432K)->530605K(530944K)
[497.971s][info][gc,metaspace   ] GC(1318) Metaspace: 35378K(36032K)->35378K(36032K) NonClass: 29105K(29568K)->29105K(29568K) Class: 6272K(6464K)->6272K(6464K)
[497.971s][info][gc             ] GC(1318) Pause Young (Allocation Failure) 813M->536M(819M) 47.221ms
[497.971s][info][gc,cpu         ] GC(1318) User=0.08s Sys=0.02s Real=0.05s
[498.220s][info][gc,start       ] GC(1319) Pause Young (Allocation Failure)
[498.222s][info][gc,heap        ] GC(1319) PSYoungGen: 307712K(307712K)->64K(308736K) Eden: 288768K(288768K)->0K(283136K) From: 18944K(18944K)->64K(25600K)
[498.222s][info][gc,heap        ] GC(1319) ParOldGen: 530605K(530944K)->530613K(530944K)
[498.222s][info][gc,metaspace   ] GC(1319) Metaspace: 35378K(36032K)->35378K(36032K) NonClass: 29105K(29568K)->29105K(29568K) Class: 6272K(6464K)->6272K(6464K)
[498.223s][info][gc             ] GC(1319) Pause Young (Allocation Failure) 818M->518M(820M) 2.034ms
[498.223s][info][gc,cpu         ] GC(1319) User=0.00s Sys=0.00s Real=0.00s
[498.933s][info][gc,start       ] GC(1320) Pause Young (Allocation Failure)
[498.938s][info][gc,heap        ] GC(1320) PSYoungGen: 283200K(308736K)->928K(284160K) Eden: 283136K(283136K)->0K(283136K) From: 64K(25600K)->928K(1024K)
[498.939s][info][gc,heap        ] GC(1320) ParOldGen: 530613K(530944K)->530621K(530944K)
[498.939s][info][gc,metaspace   ] GC(1320) Metaspace: 35382K(36032K)->35382K(36032K) NonClass: 29109K(29568K)->29109K(29568K) Class: 6272K(6464K)->6272K(6464K)
[498.939s][info][gc             ] GC(1320) Pause Young (Allocation Failure) 794M->519M(796M) 5.678ms
[498.939s][info][gc,cpu         ] GC(1320) User=0.01s Sys=0.00s Real=0.01s
[499.236s][info][gc,start       ] GC(1321) Pause Young (Allocation Failure)
[499.241s][info][gc,heap        ] GC(1321) PSYoungGen: 284064K(284160K)->160K(308224K) Eden: 283136K(283136K)->0K(284160K) From: 928K(1024K)->160K(24064K)
[499.241s][info][gc,heap        ] GC(1321) ParOldGen: 530621K(530944K)->530637K(530944K)
[499.241s][info][gc,metaspace   ] GC(1321) Metaspace: 35456K(36096K)->35456K(36096K) NonClass: 29182K(29632K)->29182K(29632K) Class: 6273K(6464K)->6273K(6464K)
[499.241s][info][gc             ] GC(1321) Pause Young (Allocation Failure) 795M->518M(819M) 4.772ms
[499.241s][info][gc,cpu         ] GC(1321) User=0.01s Sys=0.00s Real=0.01s
[499.687s][info][gc,start       ] GC(1322) Pause Young (Allocation Failure)
[499.690s][info][gc,heap        ] GC(1322) PSYoungGen: 284320K(308224K)->32K(307200K) Eden: 284160K(284160K)->0K(284160K) From: 160K(24064K)->32K(23040K)
[499.690s][info][gc,heap        ] GC(1322) ParOldGen: 530637K(530944K)->530733K(530944K)
[499.690s][info][gc,metaspace   ] GC(1322) Metaspace: 35456K(36096K)->35456K(36096K) NonClass: 29182K(29632K)->29182K(29632K) Class: 6273K(6464K)->6273K(6464K)
[499.690s][info][gc             ] GC(1322) Pause Young (Allocation Failure) 795M->518M(818M) 3.675ms
[499.690s][info][gc,cpu         ] GC(1322) User=0.00s Sys=0.00s Real=0.00s
[499.886s][info][gc,start       ] GC(1323) Pause Young (Allocation Failure)
[499.888s][info][gc,heap        ] GC(1323) PSYoungGen: 284192K(307200K)->64K(309760K) Eden: 284160K(284160K)->0K(287744K) From: 32K(23040K)->64K(22016K)
[499.888s][info][gc,heap        ] GC(1323) ParOldGen: 530733K(530944K)->530749K(530944K)
[499.888s][info][gc,metaspace   ] GC(1323) Metaspace: 35456K(36096K)->35456K(36096K) NonClass: 29182K(29632K)->29182K(29632K) Class: 6273K(6464K)->6273K(6464K)
[499.888s][info][gc             ] GC(1323) Pause Young (Allocation Failure) 795M->518M(821M) 1.860ms
[499.888s][info][gc,cpu         ] GC(1323) User=0.01s Sys=0.00s Real=0.01s
[500.086s][info][gc,start       ] GC(1324) Pause Young (Allocation Failure)
[500.088s][info][gc,heap        ] GC(1324) PSYoungGen: 287808K(309760K)->64K(308736K) Eden: 287744K(287744K)->0K(287744K) From: 64K(22016K)->64K(20992K)
[500.088s][info][gc,heap        ] GC(1324) ParOldGen: 530749K(530944K)->530757K(530944K)
[500.088s][info][gc,metaspace   ] GC(1324) Metaspace: 35456K(36096K)->35456K(36096K) NonClass: 29182K(29632K)->29182K(29632K) Class: 6273K(6464K)->6273K(6464K)
[500.088s][info][gc             ] GC(1324) Pause Young (Allocation Failure) 799M->518M(820M) 1.976ms
[500.088s][info][gc,cpu         ] GC(1324) User=0.01s Sys=0.00s Real=0.01s
[500.399s][info][gc,start       ] GC(1325) Pause Young (Allocation Failure)
[500.400s][info][gc,heap        ] GC(1325) PSYoungGen: 287808K(308736K)->64K(311808K) Eden: 287744K(287744K)->0K(291840K) From: 64K(20992K)->64K(19968K)
[500.400s][info][gc,heap        ] GC(1325) ParOldGen: 530757K(530944K)->530757K(530944K)
[500.400s][info][gc,metaspace   ] GC(1325) Metaspace: 35456K(36096K)->35456K(36096K) NonClass: 29182K(29632K)->29182K(29632K) Class: 6273K(6464K)->6273K(6464K)
[500.400s][info][gc             ] GC(1325) Pause Young (Allocation Failure) 799M->518M(823M) 1.785ms
[500.400s][info][gc,cpu         ] GC(1325) User=0.00s Sys=0.00s Real=0.00s
[500.454s][info][gc,start       ] GC(1326) Pause Young (Allocation Failure)
[500.455s][info][gc,heap        ] GC(1326) PSYoungGen: 291904K(311808K)->64K(310784K) Eden: 291840K(291840K)->0K(291840K) From: 64K(19968K)->64K(18944K)
[500.455s][info][gc,heap        ] GC(1326) ParOldGen: 530757K(530944K)->530773K(530944K)
[500.455s][info][gc,metaspace   ] GC(1326) Metaspace: 35456K(36096K)->35456K(36096K) NonClass: 29182K(29632K)->29182K(29632K) Class: 6273K(6464K)->6273K(6464K)
[500.455s][info][gc             ] GC(1326) Pause Young (Allocation Failure) 803M->518M(822M) 1.805ms
[500.455s][info][gc,cpu         ] GC(1326) User=0.01s Sys=0.00s Real=0.00s
[500.522s][info][gc,start       ] GC(1327) Pause Young (Allocation Failure)
[500.524s][info][gc,heap        ] GC(1327) PSYoungGen: 291904K(310784K)->64K(313344K) Eden: 291840K(291840K)->0K(295424K) From: 64K(18944K)->64K(17920K)
[500.524s][info][gc,heap        ] GC(1327) ParOldGen: 530773K(530944K)->530773K(530944K)
[500.524s][info][gc,metaspace   ] GC(1327) Metaspace: 35456K(36096K)->35456K(36096K) NonClass: 29182K(29632K)->29182K(29632K) Class: 6273K(6464K)->6273K(6464K)
[500.524s][info][gc             ] GC(1327) Pause Young (Allocation Failure) 803M->518M(824M) 1.941ms
[500.524s][info][gc,cpu         ] GC(1327) User=0.01s Sys=0.00s Real=0.00s
[500.742s][info][gc,start       ] GC(1328) Pause Young (Allocation Failure)
[500.744s][info][gc,heap        ] GC(1328) PSYoungGen: 295488K(313344K)->32K(312832K) Eden: 295424K(295424K)->0K(295424K) From: 64K(17920K)->32K(17408K)
[500.744s][info][gc,heap        ] GC(1328) ParOldGen: 530773K(530944K)->530789K(530944K)
[500.744s][info][gc,metaspace   ] GC(1328) Metaspace: 35456K(36096K)->35456K(36096K) NonClass: 29182K(29632K)->29182K(29632K) Class: 6273K(6464K)->6273K(6464K)
[500.744s][info][gc             ] GC(1328) Pause Young (Allocation Failure) 806M->518M(824M) 2.058ms
[500.744s][info][gc,cpu         ] GC(1328) User=0.01s Sys=0.00s Real=0.00s
[500.953s][info][gc,start       ] GC(1329) Pause Young (Allocation Failure)
[500.954s][info][gc,heap        ] GC(1329) PSYoungGen: 295456K(312832K)->64K(315392K) Eden: 295424K(295424K)->0K(299520K) From: 32K(17408K)->64K(15872K)
[500.954s][info][gc,heap        ] GC(1329) ParOldGen: 530789K(530944K)->530789K(530944K)
[500.955s][info][gc,metaspace   ] GC(1329) Metaspace: 35467K(36160K)->35467K(36160K) NonClass: 29194K(29696K)->29194K(29696K) Class: 6273K(6464K)->6273K(6464K)
[500.955s][info][gc             ] GC(1329) Pause Young (Allocation Failure) 806M->518M(826M) 1.971ms
[500.955s][info][gc,cpu         ] GC(1329) User=0.00s Sys=0.00s Real=0.00s
[501.040s][info][gc,start       ] GC(1330) Pause Young (Allocation Failure)
[501.042s][info][gc,heap        ] GC(1330) PSYoungGen: 299584K(315392K)->64K(314880K) Eden: 299520K(299520K)->0K(299520K) From: 64K(15872K)->64K(15360K)
[501.042s][info][gc,heap        ] GC(1330) ParOldGen: 530789K(530944K)->530797K(530944K)
[501.042s][info][gc,metaspace   ] GC(1330) Metaspace: 35467K(36160K)->35467K(36160K) NonClass: 29194K(29696K)->29194K(29696K) Class: 6273K(6464K)->6273K(6464K)
[501.042s][info][gc             ] GC(1330) Pause Young (Allocation Failure) 810M->518M(826M) 1.886ms
[501.042s][info][gc,cpu         ] GC(1330) User=0.00s Sys=0.00s Real=0.00s
[501.164s][info][gc,start       ] GC(1331) Pause Young (Allocation Failure)
[501.166s][info][gc,heap        ] GC(1331) PSYoungGen: 299584K(314880K)->64K(317440K) Eden: 299520K(299520K)->0K(303616K) From: 64K(15360K)->64K(13824K)
[501.166s][info][gc,heap        ] GC(1331) ParOldGen: 530797K(530944K)->530805K(530944K)
[501.166s][info][gc,metaspace   ] GC(1331) Metaspace: 35467K(36160K)->35467K(36160K) NonClass: 29194K(29696K)->29194K(29696K) Class: 6273K(6464K)->6273K(6464K)
[501.166s][info][gc             ] GC(1331) Pause Young (Allocation Failure) 810M->518M(828M) 1.833ms
[501.166s][info][gc,cpu         ] GC(1331) User=0.00s Sys=0.00s Real=0.00s
[501.537s][info][gc,start       ] GC(1332) Pause Young (Allocation Failure)
[501.539s][info][gc,heap        ] GC(1332) PSYoungGen: 303680K(317440K)->64K(316928K) Eden: 303616K(303616K)->0K(303616K) From: 64K(13824K)->64K(13312K)
[501.539s][info][gc,heap        ] GC(1332) ParOldGen: 530805K(530944K)->530813K(530944K)
[501.539s][info][gc,metaspace   ] GC(1332) Metaspace: 35467K(36160K)->35467K(36160K) NonClass: 29194K(29696K)->29194K(29696K) Class: 6273K(6464K)->6273K(6464K)
[501.539s][info][gc             ] GC(1332) Pause Young (Allocation Failure) 814M->518M(828M) 1.935ms
[501.539s][info][gc,cpu         ] GC(1332) User=0.01s Sys=0.00s Real=0.00s
[502.302s][info][gc,start       ] GC(1333) Pause Young (Allocation Failure)
[502.304s][info][gc,heap        ] GC(1333) PSYoungGen: 303680K(316928K)->83K(319488K) Eden: 303616K(303616K)->0K(307712K) From: 64K(13312K)->83K(11776K)
[502.304s][info][gc,heap        ] GC(1333) ParOldGen: 530813K(530944K)->530829K(530944K)
[502.304s][info][gc,metaspace   ] GC(1333) Metaspace: 35467K(36160K)->35467K(36160K) NonClass: 29194K(29696K)->29194K(29696K) Class: 6273K(6464K)->6273K(6464K)
[502.304s][info][gc             ] GC(1333) Pause Young (Allocation Failure) 814M->518M(830M) 2.358ms
[502.304s][info][gc,cpu         ] GC(1333) User=0.00s Sys=0.00s Real=0.00s
[503.350s][info][gc,start       ] GC(1334) Pause Young (Allocation Failure)
[503.353s][info][gc,heap        ] GC(1334) PSYoungGen: 307795K(319488K)->64K(295936K) Eden: 307712K(307712K)->0K(295424K) From: 83K(11776K)->64K(512K)
[503.353s][info][gc,heap        ] GC(1334) ParOldGen: 530829K(530944K)->530837K(530944K)
[503.353s][info][gc,metaspace   ] GC(1334) Metaspace: 35467K(36160K)->35467K(36160K) NonClass: 29194K(29696K)->29194K(29696K) Class: 6273K(6464K)->6273K(6464K)
[503.353s][info][gc             ] GC(1334) Pause Young (Allocation Failure) 818M->518M(807M) 2.786ms
[503.353s][info][gc,cpu         ] GC(1334) User=0.00s Sys=0.00s Real=0.00s
[503.853s][info][gc,start       ] GC(1335) Pause Young (Allocation Failure)
[503.856s][info][gc,heap        ] GC(1335) PSYoungGen: 295488K(295936K)->64K(284160K) Eden: 295424K(295424K)->0K(283648K) From: 64K(512K)->64K(512K)
[503.856s][info][gc,heap        ] GC(1335) ParOldGen: 530837K(530944K)->530845K(530944K)
[503.856s][info][gc,metaspace   ] GC(1335) Metaspace: 35467K(36160K)->35467K(36160K) NonClass: 29194K(29696K)->29194K(29696K) Class: 6273K(6464K)->6273K(6464K)
[503.856s][info][gc             ] GC(1335) Pause Young (Allocation Failure) 806M->518M(796M) 2.574ms
[503.856s][info][gc,cpu         ] GC(1335) User=0.01s Sys=0.00s Real=0.00s
[504.939s][info][gc,start       ] GC(1336) Pause Young (Allocation Failure)
[504.942s][info][gc,heap        ] GC(1336) PSYoungGen: 283712K(284160K)->32K(282624K) Eden: 283648K(283648K)->0K(272384K) From: 64K(512K)->32K(10240K)
[504.942s][info][gc,heap        ] GC(1336) ParOldGen: 530845K(530944K)->530853K(530944K)
[504.942s][info][gc,metaspace   ] GC(1336) Metaspace: 35467K(36160K)->35467K(36160K) NonClass: 29194K(29696K)->29194K(29696K) Class: 6273K(6464K)->6273K(6464K)
[504.942s][info][gc             ] GC(1336) Pause Young (Allocation Failure) 795M->518M(794M) 2.530ms
[504.942s][info][gc,cpu         ] GC(1336) User=0.01s Sys=0.00s Real=0.00s
[505.379s][info][gc,start       ] GC(1337) Pause Young (Allocation Failure)
[505.383s][info][gc,heap        ] GC(1337) PSYoungGen: 272416K(282624K)->64K(262144K) Eden: 272384K(272384K)->0K(261632K) From: 32K(10240K)->64K(512K)
[505.383s][info][gc,heap        ] GC(1337) ParOldGen: 530853K(530944K)->530869K(530944K)
[505.383s][info][gc,metaspace   ] GC(1337) Metaspace: 35467K(36160K)->35467K(36160K) NonClass: 29194K(29696K)->29194K(29696K) Class: 6273K(6464K)->6273K(6464K)
[505.383s][info][gc             ] GC(1337) Pause Young (Allocation Failure) 784M->518M(774M) 3.743ms
[505.383s][info][gc,cpu         ] GC(1337) User=0.01s Sys=0.00s Real=0.00s
[505.587s][info][gc,start       ] GC(1338) Pause Young (Allocation Failure)
[505.591s][info][gc,heap        ] GC(1338) PSYoungGen: 261696K(262144K)->32K(260096K) Eden: 261632K(261632K)->0K(251392K) From: 64K(512K)->32K(8704K)
[505.591s][info][gc,heap        ] GC(1338) ParOldGen: 530869K(530944K)->530877K(530944K)
[505.591s][info][gc,metaspace   ] GC(1338) Metaspace: 35467K(36160K)->35467K(36160K) NonClass: 29194K(29696K)->29194K(29696K) Class: 6273K(6464K)->6273K(6464K)
[505.591s][info][gc             ] GC(1338) Pause Young (Allocation Failure) 773M->518M(772M) 3.262ms
[505.591s][info][gc,cpu         ] GC(1338) User=0.00s Sys=0.00s Real=0.00s
[505.687s][info][gc,start       ] GC(1339) Pause Young (Allocation Failure)
[505.689s][info][gc,heap        ] GC(1339) PSYoungGen: 251424K(260096K)->32K(292352K) Eden: 251392K(251392K)->0K(284160K) From: 32K(8704K)->32K(8192K)
[505.689s][info][gc,heap        ] GC(1339) ParOldGen: 530877K(530944K)->530893K(530944K)
[505.689s][info][gc,metaspace   ] GC(1339) Metaspace: 35467K(36160K)->35467K(36160K) NonClass: 29194K(29696K)->29194K(29696K) Class: 6273K(6464K)->6273K(6464K)
[505.689s][info][gc             ] GC(1339) Pause Young (Allocation Failure) 763M->518M(804M) 2.352ms
[505.689s][info][gc,cpu         ] GC(1339) User=0.00s Sys=0.00s Real=0.00s
[506.399s][info][gc,start       ] GC(1340) Pause Young (Allocation Failure)
[506.402s][info][gc,heap        ] GC(1340) PSYoungGen: 284192K(292352K)->64K(291840K) Eden: 284160K(284160K)->0K(284160K) From: 32K(8192K)->64K(7680K)
[506.402s][info][gc,heap        ] GC(1340) ParOldGen: 530893K(530944K)->530909K(530944K)
[506.402s][info][gc,metaspace   ] GC(1340) Metaspace: 35467K(36160K)->35467K(36160K) NonClass: 29194K(29696K)->29194K(29696K) Class: 6273K(6464K)->6273K(6464K)
[506.402s][info][gc             ] GC(1340) Pause Young (Allocation Failure) 795M->518M(803M) 2.582ms
[506.402s][info][gc,cpu         ] GC(1340) User=0.00s Sys=0.00s Real=0.00s
[506.805s][info][gc,start       ] GC(1341) Pause Young (Allocation Failure)
[506.808s][info][gc,heap        ] GC(1341) PSYoungGen: 284224K(291840K)->64K(273408K) Eden: 284160K(284160K)->0K(272896K) From: 64K(7680K)->64K(512K)
[506.808s][info][gc,heap        ] GC(1341) ParOldGen: 530909K(530944K)->530917K(530944K)
[506.808s][info][gc,metaspace   ] GC(1341) Metaspace: 35467K(36160K)->35467K(36160K) NonClass: 29194K(29696K)->29194K(29696K) Class: 6273K(6464K)->6273K(6464K)
[506.808s][info][gc             ] GC(1341) Pause Young (Allocation Failure) 796M->518M(785M) 3.575ms
[506.808s][info][gc,cpu         ] GC(1341) User=0.01s Sys=0.00s Real=0.01s
[507.126s][info][gc,start       ] GC(1342) Pause Young (Allocation Failure)
[507.196s][info][gc,heap        ] GC(1342) PSYoungGen: 272960K(273408K)->6656K(318976K) Eden: 272896K(272896K)->0K(312320K) From: 64K(512K)->6656K(6656K)
[507.196s][info][gc,heap        ] GC(1342) ParOldGen: 530917K(530944K)->552877K(552960K)
[507.196s][info][gc,metaspace   ] GC(1342) Metaspace: 35467K(36160K)->35467K(36160K) NonClass: 29194K(29696K)->29194K(29696K) Class: 6273K(6464K)->6273K(6464K)
[507.196s][info][gc             ] GC(1342) Pause Young (Allocation Failure) 785M->546M(851M) 69.923ms
[507.196s][info][gc,cpu         ] GC(1342) User=0.11s Sys=0.03s Real=0.07s
[507.567s][info][gc,start       ] GC(1343) Pause Young (Allocation Failure)
[507.650s][info][gc,heap        ] GC(1343) PSYoungGen: 318976K(318976K)->14848K(295424K) Eden: 312320K(312320K)->0K(280576K) From: 6656K(6656K)->14848K(14848K)
[507.650s][info][gc,heap        ] GC(1343) ParOldGen: 552877K(552960K)->571789K(571904K)
[507.650s][info][gc,metaspace   ] GC(1343) Metaspace: 35467K(36160K)->35467K(36160K) NonClass: 29194K(29696K)->29194K(29696K) Class: 6273K(6464K)->6273K(6464K)
[507.650s][info][gc             ] GC(1343) Pause Young (Allocation Failure) 851M->572M(847M) 82.683ms
[507.650s][info][gc,cpu         ] GC(1343) User=0.14s Sys=0.02s Real=0.08s
[507.785s][info][gc,start       ] GC(1344) Pause Young (Allocation Failure)
[507.805s][info][gc,heap        ] GC(1344) PSYoungGen: 295424K(295424K)->7424K(307200K) Eden: 280576K(280576K)->0K(280576K) From: 14848K(14848K)->7424K(26624K)
[507.805s][info][gc,heap        ] GC(1344) ParOldGen: 571789K(571904K)->572477K(572928K)
[507.805s][info][gc,metaspace   ] GC(1344) Metaspace: 35467K(36160K)->35467K(36160K) NonClass: 29194K(29696K)->29194K(29696K) Class: 6273K(6464K)->6273K(6464K)
[507.805s][info][gc             ] GC(1344) Pause Young (Allocation Failure) 846M->566M(859M) 19.966ms
[507.805s][info][gc,cpu         ] GC(1344) User=0.03s Sys=0.00s Real=0.02s
[508.279s][info][gc,start       ] GC(1345) Pause Young (Allocation Failure)
[508.281s][info][gc,heap        ] GC(1345) PSYoungGen: 288000K(307200K)->64K(304128K) Eden: 280576K(280576K)->0K(282624K) From: 7424K(26624K)->64K(21504K)
[508.281s][info][gc,heap        ] GC(1345) ParOldGen: 572477K(572928K)->572485K(572928K)
[508.281s][info][gc,metaspace   ] GC(1345) Metaspace: 35467K(36160K)->35467K(36160K) NonClass: 29194K(29696K)->29194K(29696K) Class: 6273K(6464K)->6273K(6464K)
[508.281s][info][gc             ] GC(1345) Pause Young (Allocation Failure) 840M->559M(856M) 2.284ms
[508.281s][info][gc,cpu         ] GC(1345) User=0.00s Sys=0.00s Real=0.00s
[508.886s][info][gc,start       ] GC(1346) Pause Young (Allocation Failure)
[508.888s][info][gc,heap        ] GC(1346) PSYoungGen: 282688K(304128K)->64K(306688K) Eden: 282624K(282624K)->0K(282624K) From: 64K(21504K)->64K(24064K)
[508.888s][info][gc,heap        ] GC(1346) ParOldGen: 572485K(572928K)->572493K(572928K)
[508.888s][info][gc,metaspace   ] GC(1346) Metaspace: 35467K(36160K)->35467K(36160K) NonClass: 29194K(29696K)->29194K(29696K) Class: 6273K(6464K)->6273K(6464K)
[508.888s][info][gc             ] GC(1346) Pause Young (Allocation Failure) 835M->559M(859M) 2.068ms
[508.888s][info][gc,cpu         ] GC(1346) User=0.01s Sys=0.00s Real=0.01s
[509.347s][info][gc,start       ] GC(1347) Pause Young (Allocation Failure)
[509.349s][info][gc,heap        ] GC(1347) PSYoungGen: 282688K(306688K)->64K(307200K) Eden: 282624K(282624K)->0K(286208K) From: 64K(24064K)->64K(20992K)
[509.349s][info][gc,heap        ] GC(1347) ParOldGen: 572493K(572928K)->572509K(572928K)
[509.349s][info][gc,metaspace   ] GC(1347) Metaspace: 35467K(36160K)->35467K(36160K) NonClass: 29194K(29696K)->29194K(29696K) Class: 6273K(6464K)->6273K(6464K)
[509.349s][info][gc             ] GC(1347) Pause Young (Allocation Failure) 835M->559M(859M) 2.128ms
[509.349s][info][gc,cpu         ] GC(1347) User=0.01s Sys=0.00s Real=0.00s
[509.558s][info][gc,start       ] GC(1348) Pause Young (Allocation Failure)
[509.560s][info][gc,heap        ] GC(1348) PSYoungGen: 286272K(307200K)->64K(308736K) Eden: 286208K(286208K)->0K(286208K) From: 64K(20992K)->64K(22528K)
[509.560s][info][gc,heap        ] GC(1348) ParOldGen: 572509K(572928K)->572525K(572928K)
[509.560s][info][gc,metaspace   ] GC(1348) Metaspace: 35467K(36160K)->35467K(36160K) NonClass: 29194K(29696K)->29194K(29696K) Class: 6273K(6464K)->6273K(6464K)
[509.561s][info][gc             ] GC(1348) Pause Young (Allocation Failure) 838M->559M(861M) 2.066ms
[509.561s][info][gc,cpu         ] GC(1348) User=0.00s Sys=0.00s Real=0.00s
[509.764s][info][gc,start       ] GC(1349) Pause Young (Allocation Failure)
[509.766s][info][gc,heap        ] GC(1349) PSYoungGen: 286272K(308736K)->64K(308736K) Eden: 286208K(286208K)->0K(289792K) From: 64K(22528K)->64K(18944K)
[509.766s][info][gc,heap        ] GC(1349) ParOldGen: 572525K(572928K)->572525K(572928K)
[509.766s][info][gc,metaspace   ] GC(1349) Metaspace: 35467K(36160K)->35467K(36160K) NonClass: 29194K(29696K)->29194K(29696K) Class: 6273K(6464K)->6273K(6464K)
[509.766s][info][gc             ] GC(1349) Pause Young (Allocation Failure) 838M->559M(861M) 2.610ms
[509.766s][info][gc,cpu         ] GC(1349) User=0.01s Sys=0.00s Real=0.00s
[510.123s][info][gc,start       ] GC(1350) Pause Young (Allocation Failure)
[510.125s][info][gc,heap        ] GC(1350) PSYoungGen: 289856K(308736K)->64K(310272K) Eden: 289792K(289792K)->0K(289792K) From: 64K(18944K)->64K(20480K)
[510.126s][info][gc,heap        ] GC(1350) ParOldGen: 572525K(572928K)->572525K(572928K)
[510.126s][info][gc,metaspace   ] GC(1350) Metaspace: 35467K(36160K)->35467K(36160K) NonClass: 29194K(29696K)->29194K(29696K) Class: 6273K(6464K)->6273K(6464K)
[510.126s][info][gc             ] GC(1350) Pause Young (Allocation Failure) 842M->559M(862M) 2.391ms
[510.126s][info][gc,cpu         ] GC(1350) User=0.01s Sys=0.00s Real=0.00s
[510.229s][info][gc,start       ] GC(1351) Pause Young (Allocation Failure)
[510.232s][info][gc,heap        ] GC(1351) PSYoungGen: 289856K(310272K)->64K(310784K) Eden: 289792K(289792K)->0K(293888K) From: 64K(20480K)->64K(16896K)
[510.232s][info][gc,heap        ] GC(1351) ParOldGen: 572525K(572928K)->572541K(572928K)
[510.232s][info][gc,metaspace   ] GC(1351) Metaspace: 35467K(36160K)->35467K(36160K) NonClass: 29194K(29696K)->29194K(29696K) Class: 6273K(6464K)->6273K(6464K)
[510.232s][info][gc             ] GC(1351) Pause Young (Allocation Failure) 842M->559M(863M) 2.403ms
[510.232s][info][gc,cpu         ] GC(1351) User=0.00s Sys=0.00s Real=0.00s
[510.287s][info][gc,start       ] GC(1352) Pause Young (Allocation Failure)
[510.290s][info][gc,heap        ] GC(1352) PSYoungGen: 293952K(310784K)->32K(312320K) Eden: 293888K(293888K)->0K(293888K) From: 64K(16896K)->32K(18432K)
[510.290s][info][gc,heap        ] GC(1352) ParOldGen: 572541K(572928K)->572549K(572928K)
[510.290s][info][gc,metaspace   ] GC(1352) Metaspace: 35467K(36160K)->35467K(36160K) NonClass: 29194K(29696K)->29194K(29696K) Class: 6273K(6464K)->6273K(6464K)
[510.290s][info][gc             ] GC(1352) Pause Young (Allocation Failure) 846M->559M(864M) 2.536ms
[510.290s][info][gc,cpu         ] GC(1352) User=0.00s Sys=0.00s Real=0.00s
[510.431s][info][gc,start       ] GC(1353) Pause Young (Allocation Failure)
[510.434s][info][gc,heap        ] GC(1353) PSYoungGen: 293920K(312320K)->32K(312832K) Eden: 293888K(293888K)->0K(297984K) From: 32K(18432K)->32K(14848K)
[510.434s][info][gc,heap        ] GC(1353) ParOldGen: 572549K(572928K)->572549K(572928K)
[510.434s][info][gc,metaspace   ] GC(1353) Metaspace: 35467K(36160K)->35467K(36160K) NonClass: 29194K(29696K)->29194K(29696K) Class: 6273K(6464K)->6273K(6464K)
[510.434s][info][gc             ] GC(1353) Pause Young (Allocation Failure) 846M->559M(865M) 2.485ms
[510.434s][info][gc,cpu         ] GC(1353) User=0.01s Sys=0.00s Real=0.00s
[510.665s][info][gc,start       ] GC(1354) Pause Young (Allocation Failure)
[510.668s][info][gc,heap        ] GC(1354) PSYoungGen: 298016K(312832K)->32K(314368K) Eden: 297984K(297984K)->0K(297984K) From: 32K(14848K)->32K(16384K)
[510.668s][info][gc,heap        ] GC(1354) ParOldGen: 572549K(572928K)->572557K(572928K)
[510.668s][info][gc,metaspace   ] GC(1354) Metaspace: 35467K(36160K)->35467K(36160K) NonClass: 29194K(29696K)->29194K(29696K) Class: 6273K(6464K)->6273K(6464K)
[510.668s][info][gc             ] GC(1354) Pause Young (Allocation Failure) 850M->559M(866M) 2.842ms
[510.668s][info][gc,cpu         ] GC(1354) User=0.00s Sys=0.00s Real=0.01s
[510.830s][info][gc,start       ] GC(1355) Pause Young (Allocation Failure)
[510.833s][info][gc,heap        ] GC(1355) PSYoungGen: 298016K(314368K)->32K(314880K) Eden: 297984K(297984K)->0K(301568K) From: 32K(16384K)->32K(13312K)
[510.833s][info][gc,heap        ] GC(1355) ParOldGen: 572557K(572928K)->572565K(572928K)
[510.833s][info][gc,metaspace   ] GC(1355) Metaspace: 35467K(36160K)->35467K(36160K) NonClass: 29194K(29696K)->29194K(29696K) Class: 6273K(6464K)->6273K(6464K)
[510.833s][info][gc             ] GC(1355) Pause Young (Allocation Failure) 850M->559M(867M) 2.867ms
[510.833s][info][gc,cpu         ] GC(1355) User=0.01s Sys=0.00s Real=0.00s
[510.918s][info][gc,start       ] GC(1356) Pause Young (Allocation Failure)
[510.920s][info][gc,heap        ] GC(1356) PSYoungGen: 301600K(314880K)->32K(316416K) Eden: 301568K(301568K)->0K(301568K) From: 32K(13312K)->32K(14848K)
[510.920s][info][gc,heap        ] GC(1356) ParOldGen: 572565K(572928K)->572573K(572928K)
[510.920s][info][gc,metaspace   ] GC(1356) Metaspace: 35467K(36160K)->35467K(36160K) NonClass: 29194K(29696K)->29194K(29696K) Class: 6273K(6464K)->6273K(6464K)
[510.920s][info][gc             ] GC(1356) Pause Young (Allocation Failure) 853M->559M(868M) 2.735ms
[510.920s][info][gc,cpu         ] GC(1356) User=0.00s Sys=0.00s Real=0.00s
[511.089s][info][gc,start       ] GC(1357) Pause Young (Allocation Failure)
[511.092s][info][gc,heap        ] GC(1357) PSYoungGen: 301600K(316416K)->32K(316416K) Eden: 301568K(301568K)->0K(305152K) From: 32K(14848K)->32K(11264K)
[511.092s][info][gc,heap        ] GC(1357) ParOldGen: 572573K(572928K)->572573K(572928K)
[511.092s][info][gc,metaspace   ] GC(1357) Metaspace: 35467K(36160K)->35467K(36160K) NonClass: 29194K(29696K)->29194K(29696K) Class: 6273K(6464K)->6273K(6464K)
[511.092s][info][gc             ] GC(1357) Pause Young (Allocation Failure) 853M->559M(868M) 2.679ms
[511.092s][info][gc,cpu         ] GC(1357) User=0.01s Sys=0.00s Real=0.00s
[512.107s][info][gc,start       ] GC(1358) Pause Young (Allocation Failure)
[512.109s][info][gc,heap        ] GC(1358) PSYoungGen: 305184K(316416K)->64K(317952K) Eden: 305152K(305152K)->0K(305152K) From: 32K(11264K)->64K(12800K)
[512.109s][info][gc,heap        ] GC(1358) ParOldGen: 572573K(572928K)->572581K(572928K)
[512.109s][info][gc,metaspace   ] GC(1358) Metaspace: 35467K(36160K)->35467K(36160K) NonClass: 29194K(29696K)->29194K(29696K) Class: 6273K(6464K)->6273K(6464K)
[512.109s][info][gc             ] GC(1358) Pause Young (Allocation Failure) 857M->559M(870M) 2.061ms
[512.109s][info][gc,cpu         ] GC(1358) User=0.00s Sys=0.00s Real=0.00s
[513.067s][info][gc,start       ] GC(1359) Pause Young (Allocation Failure)
[513.069s][info][gc,heap        ] GC(1359) PSYoungGen: 305216K(317952K)->64K(318464K) Eden: 305152K(305152K)->0K(308736K) From: 64K(12800K)->64K(9728K)
[513.069s][info][gc,heap        ] GC(1359) ParOldGen: 572581K(572928K)->572589K(572928K)
[513.069s][info][gc,metaspace   ] GC(1359) Metaspace: 35467K(36160K)->35467K(36160K) NonClass: 29194K(29696K)->29194K(29696K) Class: 6273K(6464K)->6273K(6464K)
[513.069s][info][gc             ] GC(1359) Pause Young (Allocation Failure) 857M->559M(870M) 2.018ms
[513.069s][info][gc,cpu         ] GC(1359) User=0.01s Sys=0.00s Real=0.00s
[513.376s][info][gc,start       ] GC(1360) Pause Young (Allocation Failure)
[513.378s][info][gc,heap        ] GC(1360) PSYoungGen: 308800K(318464K)->64K(320000K) Eden: 308736K(308736K)->0K(308736K) From: 64K(9728K)->64K(11264K)
[513.378s][info][gc,heap        ] GC(1360) ParOldGen: 572589K(572928K)->572605K(572928K)
[513.378s][info][gc,metaspace   ] GC(1360) Metaspace: 35467K(36160K)->35467K(36160K) NonClass: 29194K(29696K)->29194K(29696K) Class: 6273K(6464K)->6273K(6464K)
[513.378s][info][gc             ] GC(1360) Pause Young (Allocation Failure) 860M->559M(872M) 2.128ms
[513.378s][info][gc,cpu         ] GC(1360) User=0.01s Sys=0.00s Real=0.01s
[513.880s][info][gc,start       ] GC(1361) Pause Young (Allocation Failure)
[513.883s][info][gc,heap        ] GC(1361) PSYoungGen: 308800K(320000K)->64K(296960K) Eden: 308736K(308736K)->0K(296448K) From: 64K(11264K)->64K(512K)
[513.883s][info][gc,heap        ] GC(1361) ParOldGen: 572605K(572928K)->572613K(572928K)
[513.883s][info][gc,metaspace   ] GC(1361) Metaspace: 35468K(36160K)->35468K(36160K) NonClass: 29195K(29696K)->29195K(29696K) Class: 6273K(6464K)->6273K(6464K)
[513.883s][info][gc             ] GC(1361) Pause Young (Allocation Failure) 860M->559M(849M) 2.705ms
[513.883s][info][gc,cpu         ] GC(1361) User=0.00s Sys=0.00s Real=0.00s
[514.940s][info][gc,start       ] GC(1362) Pause Young (Allocation Failure)
[514.942s][info][gc,heap        ] GC(1362) PSYoungGen: 296512K(296960K)->64K(294400K) Eden: 296448K(296448K)->0K(284672K) From: 64K(512K)->64K(9728K)
[514.942s][info][gc,heap        ] GC(1362) ParOldGen: 572613K(572928K)->572621K(572928K)
[514.942s][info][gc,metaspace   ] GC(1362) Metaspace: 35468K(36160K)->35468K(36160K) NonClass: 29195K(29696K)->29195K(29696K) Class: 6273K(6464K)->6273K(6464K)
[514.942s][info][gc             ] GC(1362) Pause Young (Allocation Failure) 848M->559M(847M) 1.854ms
[514.942s][info][gc,cpu         ] GC(1362) User=0.01s Sys=0.00s Real=0.00s
[515.383s][info][gc,start       ] GC(1363) Pause Young (Allocation Failure)
[515.386s][info][gc,heap        ] GC(1363) PSYoungGen: 284736K(294400K)->64K(273920K) Eden: 284672K(284672K)->0K(273408K) From: 64K(9728K)->64K(512K)
[515.386s][info][gc,heap        ] GC(1363) ParOldGen: 572621K(572928K)->572629K(572928K)
[515.386s][info][gc,metaspace   ] GC(1363) Metaspace: 35468K(36160K)->35468K(36160K) NonClass: 29195K(29696K)->29195K(29696K) Class: 6273K(6464K)->6273K(6464K)
[515.386s][info][gc             ] GC(1363) Pause Young (Allocation Failure) 837M->559M(827M) 2.666ms
[515.386s][info][gc,cpu         ] GC(1363) User=0.00s Sys=0.00s Real=0.00s
[515.462s][info][gc,start       ] GC(1364) Pause Young (Allocation Failure)
[515.464s][info][gc,heap        ] GC(1364) PSYoungGen: 273472K(273920K)->64K(306176K) Eden: 273408K(273408K)->0K(297472K) From: 64K(512K)->64K(8704K)
[515.464s][info][gc,heap        ] GC(1364) ParOldGen: 572629K(572928K)->572637K(572928K)
[515.464s][info][gc,metaspace   ] GC(1364) Metaspace: 35468K(36160K)->35468K(36160K) NonClass: 29195K(29696K)->29195K(29696K) Class: 6273K(6464K)->6273K(6464K)
[515.464s][info][gc             ] GC(1364) Pause Young (Allocation Failure) 826M->559M(858M) 2.093ms
[515.464s][info][gc,cpu         ] GC(1364) User=0.01s Sys=0.00s Real=0.00s
[516.131s][info][gc,start       ] GC(1365) Pause Young (Allocation Failure)
[516.133s][info][gc,heap        ] GC(1365) PSYoungGen: 297536K(306176K)->64K(286208K) Eden: 297472K(297472K)->0K(285696K) From: 64K(8704K)->64K(512K)
[516.133s][info][gc,heap        ] GC(1365) ParOldGen: 572637K(572928K)->572645K(572928K)
[516.133s][info][gc,metaspace   ] GC(1365) Metaspace: 35468K(36160K)->35468K(36160K) NonClass: 29195K(29696K)->29195K(29696K) Class: 6273K(6464K)->6273K(6464K)
[516.133s][info][gc             ] GC(1365) Pause Young (Allocation Failure) 849M->559M(839M) 2.013ms
[516.134s][info][gc,cpu         ] GC(1365) User=0.00s Sys=0.01s Real=0.00s
[516.470s][info][gc,start       ] GC(1366) Pause Young (Allocation Failure)
[516.472s][info][gc,heap        ] GC(1366) PSYoungGen: 285760K(286208K)->64K(282112K) Eden: 285696K(285696K)->0K(274432K) From: 64K(512K)->64K(7680K)
[516.472s][info][gc,heap        ] GC(1366) ParOldGen: 572645K(572928K)->572653K(572928K)
[516.472s][info][gc,metaspace   ] GC(1366) Metaspace: 35468K(36160K)->35468K(36160K) NonClass: 29195K(29696K)->29195K(29696K) Class: 6273K(6464K)->6273K(6464K)
[516.472s][info][gc             ] GC(1366) Pause Young (Allocation Failure) 838M->559M(835M) 2.010ms
[516.472s][info][gc,cpu         ] GC(1366) User=0.00s Sys=0.00s Real=0.00s
[516.854s][info][gc,start       ] GC(1367) Pause Young (Allocation Failure)
[516.909s][info][gc,heap        ] GC(1367) PSYoungGen: 274496K(282112K)->7168K(311296K) Eden: 274432K(274432K)->0K(304128K) From: 64K(7680K)->7168K(7168K)
[516.909s][info][gc,heap        ] GC(1367) ParOldGen: 572653K(572928K)->589293K(589312K)
[516.909s][info][gc,metaspace   ] GC(1367) Metaspace: 35468K(36160K)->35468K(36160K) NonClass: 29195K(29696K)->29195K(29696K) Class: 6273K(6464K)->6273K(6464K)
[516.909s][info][gc             ] GC(1367) Pause Young (Allocation Failure) 827M->582M(879M) 55.002ms
[516.909s][info][gc,cpu         ] GC(1367) User=0.09s Sys=0.02s Real=0.06s
[517.260s][info][gc,start       ] GC(1368) Pause Young (Allocation Failure)
[517.333s][info][gc,heap        ] GC(1368) PSYoungGen: 311296K(311296K)->14848K(318976K) Eden: 304128K(304128K)->0K(304128K) From: 7168K(7168K)->14848K(14848K)
[517.333s][info][gc,heap        ] GC(1368) ParOldGen: 589293K(589312K)->607141K(607232K)
[517.333s][info][gc,metaspace   ] GC(1368) Metaspace: 35468K(36160K)->35468K(36160K) NonClass: 29195K(29696K)->29195K(29696K) Class: 6273K(6464K)->6273K(6464K)
[517.333s][info][gc             ] GC(1368) Pause Young (Allocation Failure) 879M->607M(904M) 73.448ms
[517.333s][info][gc,cpu         ] GC(1368) User=0.12s Sys=0.02s Real=0.07s
[517.523s][info][gc,start       ] GC(1369) Pause Young (Allocation Failure)
[517.554s][info][gc,heap        ] GC(1369) PSYoungGen: 318976K(318976K)->13088K(297472K) Eden: 304128K(304128K)->0K(282624K) From: 14848K(14848K)->13088K(14848K)
[517.554s][info][gc,heap        ] GC(1369) ParOldGen: 607141K(607232K)->607797K(608256K)
[517.554s][info][gc,metaspace   ] GC(1369) Metaspace: 35468K(36160K)->35468K(36160K) NonClass: 29195K(29696K)->29195K(29696K) Class: 6273K(6464K)->6273K(6464K)
[517.554s][info][gc             ] GC(1369) Pause Young (Allocation Failure) 904M->606M(884M) 31.320ms
[517.554s][info][gc,cpu         ] GC(1369) User=0.06s Sys=0.01s Real=0.03s
[517.960s][info][gc,start       ] GC(1370) Pause Young (Allocation Failure)
[517.962s][info][gc,heap        ] GC(1370) PSYoungGen: 295712K(297472K)->64K(308224K) Eden: 282624K(282624K)->0K(282624K) From: 13088K(14848K)->64K(25600K)
[517.962s][info][gc,heap        ] GC(1370) ParOldGen: 607797K(608256K)->607805K(608256K)
[517.962s][info][gc,metaspace   ] GC(1370) Metaspace: 35468K(36160K)->35468K(36160K) NonClass: 29195K(29696K)->29195K(29696K) Class: 6273K(6464K)->6273K(6464K)
[517.962s][info][gc             ] GC(1370) Pause Young (Allocation Failure) 882M->593M(895M) 1.973ms
[517.962s][info][gc,cpu         ] GC(1370) User=0.00s Sys=0.00s Real=0.00s
[518.595s][info][gc,start       ] GC(1371) Pause Young (Allocation Failure)
[518.597s][info][gc,heap        ] GC(1371) PSYoungGen: 282688K(308224K)->64K(306176K) Eden: 282624K(282624K)->0K(283648K) From: 64K(25600K)->64K(22528K)
[518.597s][info][gc,heap        ] GC(1371) ParOldGen: 607805K(608256K)->607813K(608256K)
[518.597s][info][gc,metaspace   ] GC(1371) Metaspace: 35468K(36160K)->35468K(36160K) NonClass: 29195K(29696K)->29195K(29696K) Class: 6273K(6464K)->6273K(6464K)
[518.597s][info][gc             ] GC(1371) Pause Young (Allocation Failure) 869M->593M(893M) 2.229ms
[518.597s][info][gc,cpu         ] GC(1371) User=0.01s Sys=0.00s Real=0.01s
[519.072s][info][gc,start       ] GC(1372) Pause Young (Allocation Failure)
[519.074s][info][gc,heap        ] GC(1372) PSYoungGen: 283712K(306176K)->64K(307712K) Eden: 283648K(283648K)->0K(283648K) From: 64K(22528K)->64K(24064K)
[519.074s][info][gc,heap        ] GC(1372) ParOldGen: 607813K(608256K)->607829K(608256K)
[519.074s][info][gc,metaspace   ] GC(1372) Metaspace: 35468K(36160K)->35468K(36160K) NonClass: 29195K(29696K)->29195K(29696K) Class: 6273K(6464K)->6273K(6464K)
[519.074s][info][gc             ] GC(1372) Pause Young (Allocation Failure) 870M->593M(894M) 2.152ms
[519.074s][info][gc,cpu         ] GC(1372) User=0.00s Sys=0.00s Real=0.00s
[519.280s][info][gc,start       ] GC(1373) Pause Young (Allocation Failure)
[519.282s][info][gc,heap        ] GC(1373) PSYoungGen: 283712K(307712K)->64K(307200K) Eden: 283648K(283648K)->0K(286720K) From: 64K(24064K)->64K(20480K)
[519.282s][info][gc,heap        ] GC(1373) ParOldGen: 607829K(608256K)->607845K(608256K)
[519.282s][info][gc,metaspace   ] GC(1373) Metaspace: 35468K(36160K)->35468K(36160K) NonClass: 29195K(29696K)->29195K(29696K) Class: 6273K(6464K)->6273K(6464K)
[519.282s][info][gc             ] GC(1373) Pause Young (Allocation Failure) 870M->593M(894M) 2.218ms
[519.282s][info][gc,cpu         ] GC(1373) User=0.00s Sys=0.00s Real=0.00s
[519.490s][info][gc,start       ] GC(1374) Pause Young (Allocation Failure)
[519.492s][info][gc,heap        ] GC(1374) PSYoungGen: 286784K(307200K)->64K(308736K) Eden: 286720K(286720K)->0K(286720K) From: 64K(20480K)->64K(22016K)
[519.492s][info][gc,heap        ] GC(1374) ParOldGen: 607845K(608256K)->607845K(608256K)
[519.492s][info][gc,metaspace   ] GC(1374) Metaspace: 35468K(36160K)->35468K(36160K) NonClass: 29195K(29696K)->29195K(29696K) Class: 6273K(6464K)->6273K(6464K)
[519.492s][info][gc             ] GC(1374) Pause Young (Allocation Failure) 873M->593M(895M) 2.129ms
[519.492s][info][gc,cpu         ] GC(1374) User=0.00s Sys=0.00s Real=0.00s
[519.849s][info][gc,start       ] GC(1375) Pause Young (Allocation Failure)
[519.851s][info][gc,heap        ] GC(1375) PSYoungGen: 286784K(308736K)->64K(309248K) Eden: 286720K(286720K)->0K(290816K) From: 64K(22016K)->64K(18432K)
[519.851s][info][gc,heap        ] GC(1375) ParOldGen: 607845K(608256K)->607845K(608256K)
[519.851s][info][gc,metaspace   ] GC(1375) Metaspace: 35468K(36160K)->35468K(36160K) NonClass: 29195K(29696K)->29195K(29696K) Class: 6273K(6464K)->6273K(6464K)
[519.851s][info][gc             ] GC(1375) Pause Young (Allocation Failure) 873M->593M(896M) 2.169ms
[519.851s][info][gc,cpu         ] GC(1375) User=0.00s Sys=0.00s Real=0.00s
[519.984s][info][gc,start       ] GC(1376) Pause Young (Allocation Failure)
[519.986s][info][gc,heap        ] GC(1376) PSYoungGen: 290880K(309248K)->64K(310784K) Eden: 290816K(290816K)->0K(290816K) From: 64K(18432K)->64K(19968K)
[519.986s][info][gc,heap        ] GC(1376) ParOldGen: 607845K(608256K)->607853K(608256K)
[519.986s][info][gc,metaspace   ] GC(1376) Metaspace: 35468K(36160K)->35468K(36160K) NonClass: 29195K(29696K)->29195K(29696K) Class: 6273K(6464K)->6273K(6464K)
[519.986s][info][gc             ] GC(1376) Pause Young (Allocation Failure) 877M->593M(897M) 2.142ms
[519.986s][info][gc,cpu         ] GC(1376) User=0.01s Sys=0.00s Real=0.00s
[520.042s][info][gc,start       ] GC(1377) Pause Young (Allocation Failure)
[520.044s][info][gc,heap        ] GC(1377) PSYoungGen: 290880K(310784K)->64K(311296K) Eden: 290816K(290816K)->0K(294912K) From: 64K(19968K)->64K(16384K)
[520.044s][info][gc,heap        ] GC(1377) ParOldGen: 607853K(608256K)->607869K(608256K)
[520.044s][info][gc,metaspace   ] GC(1377) Metaspace: 35468K(36160K)->35468K(36160K) NonClass: 29195K(29696K)->29195K(29696K) Class: 6273K(6464K)->6273K(6464K)
[520.044s][info][gc             ] GC(1377) Pause Young (Allocation Failure) 877M->593M(898M) 2.045ms
[520.044s][info][gc,cpu         ] GC(1377) User=0.01s Sys=0.00s Real=0.00s
[520.170s][info][gc,start       ] GC(1378) Pause Young (Allocation Failure)
[520.172s][info][gc,heap        ] GC(1378) PSYoungGen: 294976K(311296K)->64K(312832K) Eden: 294912K(294912K)->0K(294912K) From: 64K(16384K)->64K(17920K)
[520.172s][info][gc,heap        ] GC(1378) ParOldGen: 607869K(608256K)->607869K(608256K)
[520.172s][info][gc,metaspace   ] GC(1378) Metaspace: 35468K(36160K)->35468K(36160K) NonClass: 29195K(29696K)->29195K(29696K) Class: 6273K(6464K)->6273K(6464K)
[520.173s][info][gc             ] GC(1378) Pause Young (Allocation Failure) 881M->593M(899M) 2.124ms
[520.173s][info][gc,cpu         ] GC(1378) User=0.01s Sys=0.00s Real=0.00s
[520.402s][info][gc,start       ] GC(1379) Pause Young (Allocation Failure)
[520.404s][info][gc,heap        ] GC(1379) PSYoungGen: 294976K(312832K)->64K(313344K) Eden: 294912K(294912K)->0K(299008K) From: 64K(17920K)->64K(14336K)
[520.405s][info][gc,heap        ] GC(1379) ParOldGen: 607869K(608256K)->607877K(608256K)
[520.405s][info][gc,metaspace   ] GC(1379) Metaspace: 35468K(36160K)->35468K(36160K) NonClass: 29195K(29696K)->29195K(29696K) Class: 6273K(6464K)->6273K(6464K)
[520.405s][info][gc             ] GC(1379) Pause Young (Allocation Failure) 881M->593M(900M) 2.158ms
[520.405s][info][gc,cpu         ] GC(1379) User=0.01s Sys=0.00s Real=0.00s
[520.585s][info][gc,start       ] GC(1380) Pause Young (Allocation Failure)
[520.587s][info][gc,heap        ] GC(1380) PSYoungGen: 299072K(313344K)->64K(314880K) Eden: 299008K(299008K)->0K(299008K) From: 64K(14336K)->64K(15872K)
[520.587s][info][gc,heap        ] GC(1380) ParOldGen: 607877K(608256K)->607885K(608256K)
[520.587s][info][gc,metaspace   ] GC(1380) Metaspace: 35468K(36160K)->35468K(36160K) NonClass: 29195K(29696K)->29195K(29696K) Class: 6273K(6464K)->6273K(6464K)
[520.587s][info][gc             ] GC(1380) Pause Young (Allocation Failure) 885M->593M(901M) 2.219ms
[520.587s][info][gc,cpu         ] GC(1380) User=0.00s Sys=0.00s Real=0.01s
[520.674s][info][gc,start       ] GC(1381) Pause Young (Allocation Failure)
[520.676s][info][gc,heap        ] GC(1381) PSYoungGen: 299072K(314880K)->64K(316416K) Eden: 299008K(299008K)->0K(303104K) From: 64K(15872K)->64K(13312K)
[520.676s][info][gc,heap        ] GC(1381) ParOldGen: 607885K(608256K)->607901K(608256K)
[520.676s][info][gc,metaspace   ] GC(1381) Metaspace: 35468K(36160K)->35468K(36160K) NonClass: 29195K(29696K)->29195K(29696K) Class: 6273K(6464K)->6273K(6464K)
[520.676s][info][gc             ] GC(1381) Pause Young (Allocation Failure) 885M->593M(903M) 2.151ms
[520.676s][info][gc,cpu         ] GC(1381) User=0.00s Sys=0.00s Real=0.00s
[520.838s][info][gc,start       ] GC(1382) Pause Young (Allocation Failure)
[520.841s][info][gc,heap        ] GC(1382) PSYoungGen: 303168K(316416K)->64K(317440K) Eden: 303104K(303104K)->0K(303104K) From: 64K(13312K)->64K(14336K)
[520.841s][info][gc,heap        ] GC(1382) ParOldGen: 607901K(608256K)->607901K(608256K)
[520.841s][info][gc,metaspace   ] GC(1382) Metaspace: 35468K(36160K)->35468K(36160K) NonClass: 29195K(29696K)->29195K(29696K) Class: 6273K(6464K)->6273K(6464K)
[520.841s][info][gc             ] GC(1382) Pause Young (Allocation Failure) 889M->593M(904M) 2.193ms
[520.841s][info][gc,cpu         ] GC(1382) User=0.00s Sys=0.00s Real=0.00s
[521.291s][info][gc,start       ] GC(1383) Pause Young (Allocation Failure)
[521.293s][info][gc,heap        ] GC(1383) PSYoungGen: 303168K(317440K)->64K(317440K) Eden: 303104K(303104K)->0K(306176K) From: 64K(14336K)->64K(11264K)
[521.293s][info][gc,heap        ] GC(1383) ParOldGen: 607901K(608256K)->607909K(608256K)
[521.293s][info][gc,metaspace   ] GC(1383) Metaspace: 35468K(36160K)->35468K(36160K) NonClass: 29195K(29696K)->29195K(29696K) Class: 6273K(6464K)->6273K(6464K)
[521.293s][info][gc             ] GC(1383) Pause Young (Allocation Failure) 889M->593M(904M) 2.187ms
[521.294s][info][gc,cpu         ] GC(1383) User=0.01s Sys=0.00s Real=0.00s
[522.865s][info][gc,start       ] GC(1384) Pause Young (Allocation Failure)
[522.868s][info][gc,heap        ] GC(1384) PSYoungGen: 306240K(317440K)->32K(318464K) Eden: 306176K(306176K)->0K(306176K) From: 64K(11264K)->32K(12288K)
[522.868s][info][gc,heap        ] GC(1384) ParOldGen: 607909K(608256K)->607917K(608256K)
[522.868s][info][gc,metaspace   ] GC(1384) Metaspace: 35468K(36160K)->35468K(36160K) NonClass: 29195K(29696K)->29195K(29696K) Class: 6273K(6464K)->6273K(6464K)
[522.868s][info][gc             ] GC(1384) Pause Young (Allocation Failure) 892M->593M(905M) 3.003ms
[522.868s][info][gc,cpu         ] GC(1384) User=0.01s Sys=0.00s Real=0.01s
[523.106s][info][gc,start       ] GC(1385) Pause Young (Allocation Failure)
[523.109s][info][gc,heap        ] GC(1385) PSYoungGen: 306208K(318464K)->32K(318976K) Eden: 306176K(306176K)->0K(309760K) From: 32K(12288K)->32K(9216K)
[523.109s][info][gc,heap        ] GC(1385) ParOldGen: 607917K(608256K)->607925K(608256K)
[523.109s][info][gc,metaspace   ] GC(1385) Metaspace: 35468K(36160K)->35468K(36160K) NonClass: 29195K(29696K)->29195K(29696K) Class: 6273K(6464K)->6273K(6464K)
[523.109s][info][gc             ] GC(1385) Pause Young (Allocation Failure) 892M->593M(905M) 3.070ms
[523.109s][info][gc,cpu         ] GC(1385) User=0.01s Sys=0.00s Real=0.01s
[523.671s][info][gc,start       ] GC(1386) Pause Young (Allocation Failure)
[523.675s][info][gc,heap        ] GC(1386) PSYoungGen: 309792K(318976K)->32K(297984K) Eden: 309760K(309760K)->0K(297472K) From: 32K(9216K)->32K(512K)
[523.675s][info][gc,heap        ] GC(1386) ParOldGen: 607925K(608256K)->607933K(608256K)
[523.675s][info][gc,metaspace   ] GC(1386) Metaspace: 35468K(36160K)->35468K(36160K) NonClass: 29195K(29696K)->29195K(29696K) Class: 6273K(6464K)->6273K(6464K)
[523.675s][info][gc             ] GC(1386) Pause Young (Allocation Failure) 896M->593M(885M) 3.745ms
[523.675s][info][gc,cpu         ] GC(1386) User=0.00s Sys=0.00s Real=0.00s
[524.793s][info][gc,start       ] GC(1387) Pause Young (Allocation Failure)
[524.796s][info][gc,heap        ] GC(1387) PSYoungGen: 297504K(297984K)->64K(286208K) Eden: 297472K(297472K)->0K(285696K) From: 32K(512K)->64K(512K)
[524.796s][info][gc,heap        ] GC(1387) ParOldGen: 607933K(608256K)->607941K(608256K)
[524.796s][info][gc,metaspace   ] GC(1387) Metaspace: 35468K(36160K)->35468K(36160K) NonClass: 29195K(29696K)->29195K(29696K) Class: 6273K(6464K)->6273K(6464K)
[524.796s][info][gc             ] GC(1387) Pause Young (Allocation Failure) 884M->593M(873M) 3.391ms
[524.796s][info][gc,cpu         ] GC(1387) User=0.01s Sys=0.00s Real=0.00s
[525.215s][info][gc,start       ] GC(1388) Pause Young (Allocation Failure)
[525.218s][info][gc,heap        ] GC(1388) PSYoungGen: 285760K(286208K)->32K(284160K) Eden: 285696K(285696K)->0K(274432K) From: 64K(512K)->32K(9728K)
[525.218s][info][gc,heap        ] GC(1388) ParOldGen: 607941K(608256K)->607949K(608256K)
[525.218s][info][gc,metaspace   ] GC(1388) Metaspace: 35468K(36160K)->35468K(36160K) NonClass: 29195K(29696K)->29195K(29696K) Class: 6273K(6464K)->6273K(6464K)
[525.218s][info][gc             ] GC(1388) Pause Young (Allocation Failure) 872M->593M(871M) 3.022ms
[525.218s][info][gc,cpu         ] GC(1388) User=0.01s Sys=0.00s Real=0.01s
[525.356s][info][gc,start       ] GC(1389) Pause Young (Allocation Failure)
[525.359s][info][gc,heap        ] GC(1389) PSYoungGen: 274464K(284160K)->32K(304640K) Eden: 274432K(274432K)->0K(295936K) From: 32K(9728K)->32K(8704K)
[525.359s][info][gc,heap        ] GC(1389) ParOldGen: 607949K(608256K)->607965K(608256K)
[525.359s][info][gc,metaspace   ] GC(1389) Metaspace: 35468K(36160K)->35468K(36160K) NonClass: 29195K(29696K)->29195K(29696K) Class: 6273K(6464K)->6273K(6464K)
[525.359s][info][gc             ] GC(1389) Pause Young (Allocation Failure) 861M->593M(891M) 2.774ms
[525.359s][info][gc,cpu         ] GC(1389) User=0.00s Sys=0.00s Real=0.01s
[526.018s][info][gc,start       ] GC(1390) Pause Young (Allocation Failure)
[526.022s][info][gc,heap        ] GC(1390) PSYoungGen: 295968K(304640K)->32K(284672K) Eden: 295936K(295936K)->0K(284160K) From: 32K(8704K)->32K(512K)
[526.022s][info][gc,heap        ] GC(1390) ParOldGen: 607965K(608256K)->607973K(608256K)
[526.022s][info][gc,metaspace   ] GC(1390) Metaspace: 35468K(36160K)->35468K(36160K) NonClass: 29195K(29696K)->29195K(29696K) Class: 6273K(6464K)->6273K(6464K)
[526.022s][info][gc             ] GC(1390) Pause Young (Allocation Failure) 882M->593M(872M) 3.639ms
[526.022s][info][gc,cpu         ] GC(1390) User=0.00s Sys=0.01s Real=0.00s
[526.428s][info][gc,start       ] GC(1391) Pause Young (Allocation Failure)
[526.431s][info][gc,heap        ] GC(1391) PSYoungGen: 284192K(284672K)->32K(273408K) Eden: 284160K(284160K)->0K(272896K) From: 32K(512K)->32K(512K)
[526.431s][info][gc,heap        ] GC(1391) ParOldGen: 607973K(608256K)->607981K(608256K)
[526.431s][info][gc,metaspace   ] GC(1391) Metaspace: 35468K(36160K)->35468K(36160K) NonClass: 29195K(29696K)->29195K(29696K) Class: 6273K(6464K)->6273K(6464K)
[526.431s][info][gc             ] GC(1391) Pause Young (Allocation Failure) 871M->593M(861M) 3.283ms
[526.431s][info][gc,cpu         ] GC(1391) User=0.01s Sys=0.00s Real=0.00s
[526.880s][info][gc,start       ] GC(1392) Pause Young (Allocation Failure)
[526.925s][info][gc,heap        ] GC(1392) PSYoungGen: 272928K(273408K)->7168K(290304K) Eden: 272896K(272896K)->0K(283136K) From: 32K(512K)->7168K(7168K)
[526.925s][info][gc,heap        ] GC(1392) ParOldGen: 607981K(608256K)->620349K(620544K)
[526.925s][info][gc,metaspace   ] GC(1392) Metaspace: 35468K(36160K)->35468K(36160K) NonClass: 29195K(29696K)->29195K(29696K) Class: 6273K(6464K)->6273K(6464K)
[526.925s][info][gc             ] GC(1392) Pause Young (Allocation Failure) 860M->612M(889M) 45.065ms
[526.925s][info][gc,cpu         ] GC(1392) User=0.08s Sys=0.01s Real=0.04s
[527.305s][info][gc,start       ] GC(1393) Pause Young (Allocation Failure)
[527.396s][info][gc,heap        ] GC(1393) PSYoungGen: 290304K(290304K)->13312K(302080K) Eden: 283136K(283136K)->0K(288768K) From: 7168K(7168K)->13312K(13312K)
[527.396s][info][gc,heap        ] GC(1393) ParOldGen: 620349K(620544K)->637365K(637440K)
[527.396s][info][gc,metaspace   ] GC(1393) Metaspace: 35468K(36160K)->35468K(36160K) NonClass: 29195K(29696K)->29195K(29696K) Class: 6273K(6464K)->6273K(6464K)
[527.396s][info][gc             ] GC(1393) Pause Young (Allocation Failure) 889M->635M(917M) 90.937ms
[527.396s][info][gc,cpu         ] GC(1393) User=0.16s Sys=0.02s Real=0.09s
[527.666s][info][gc,start       ] GC(1394) Pause Young (Allocation Failure)
[527.712s][info][gc,heap        ] GC(1394) PSYoungGen: 302080K(302080K)->19552K(308736K) Eden: 288768K(288768K)->0K(288768K) From: 13312K(13312K)->19552K(19968K)
[527.712s][info][gc,heap        ] GC(1394) ParOldGen: 637365K(637440K)->637989K(638464K)
[527.712s][info][gc,metaspace   ] GC(1394) Metaspace: 35471K(36160K)->35471K(36160K) NonClass: 29197K(29696K)->29197K(29696K) Class: 6273K(6464K)->6273K(6464K)
[527.712s][info][gc             ] GC(1394) Pause Young (Allocation Failure) 917M->642M(925M) 45.811ms
[527.712s][info][gc,cpu         ] GC(1394) User=0.08s Sys=0.01s Real=0.05s
[527.972s][info][gc,start       ] GC(1395) Pause Young (Allocation Failure)
[527.975s][info][gc,heap        ] GC(1395) PSYoungGen: 308320K(308736K)->64K(307712K) Eden: 288768K(288768K)->0K(282624K) From: 19552K(19968K)->64K(25088K)
[527.975s][info][gc,heap        ] GC(1395) ParOldGen: 637989K(638464K)->637997K(638464K)
[527.975s][info][gc,metaspace   ] GC(1395) Metaspace: 35471K(36160K)->35471K(36160K) NonClass: 29197K(29696K)->29197K(29696K) Class: 6273K(6464K)->6273K(6464K)
[527.975s][info][gc             ] GC(1395) Pause Young (Allocation Failure) 924M->623M(924M) 2.213ms
[527.975s][info][gc,cpu         ] GC(1395) User=0.00s Sys=0.00s Real=0.00s
[528.740s][info][gc,start       ] GC(1396) Pause Young (Allocation Failure)
[528.743s][info][gc,heap        ] GC(1396) PSYoungGen: 282688K(307712K)->64K(283136K) Eden: 282624K(282624K)->0K(282624K) From: 64K(25088K)->64K(512K)
[528.743s][info][gc,heap        ] GC(1396) ParOldGen: 637997K(638464K)->638013K(638464K)
[528.743s][info][gc,metaspace   ] GC(1396) Metaspace: 35471K(36160K)->35471K(36160K) NonClass: 29197K(29696K)->29197K(29696K) Class: 6273K(6464K)->6273K(6464K)
[528.743s][info][gc             ] GC(1396) Pause Young (Allocation Failure) 899M->623M(900M) 2.380ms
[528.743s][info][gc,cpu         ] GC(1396) User=0.01s Sys=0.00s Real=0.00s
[529.021s][info][gc,start       ] GC(1397) Pause Young (Allocation Failure)
[529.023s][info][gc,heap        ] GC(1397) PSYoungGen: 282688K(283136K)->64K(308736K) Eden: 282624K(282624K)->0K(284160K) From: 64K(512K)->64K(24576K)
[529.023s][info][gc,heap        ] GC(1397) ParOldGen: 638013K(638464K)->638029K(638464K)
[529.023s][info][gc,metaspace   ] GC(1397) Metaspace: 35471K(36160K)->35471K(36160K) NonClass: 29197K(29696K)->29197K(29696K) Class: 6273K(6464K)->6273K(6464K)
[529.023s][info][gc             ] GC(1397) Pause Young (Allocation Failure) 899M->623M(925M) 2.174ms
[529.023s][info][gc,cpu         ] GC(1397) User=0.00s Sys=0.00s Real=0.00s
[529.481s][info][gc,start       ] GC(1398) Pause Young (Allocation Failure)
[529.484s][info][gc,heap        ] GC(1398) PSYoungGen: 284224K(308736K)->64K(307712K) Eden: 284160K(284160K)->0K(284160K) From: 64K(24576K)->64K(23552K)
[529.484s][info][gc,heap        ] GC(1398) ParOldGen: 638029K(638464K)->638037K(638464K)
[529.484s][info][gc,metaspace   ] GC(1398) Metaspace: 35471K(36160K)->35471K(36160K) NonClass: 29197K(29696K)->29197K(29696K) Class: 6273K(6464K)->6273K(6464K)
[529.484s][info][gc             ] GC(1398) Pause Young (Allocation Failure) 900M->623M(924M) 2.406ms
[529.484s][info][gc,cpu         ] GC(1398) User=0.00s Sys=0.00s Real=0.00s
[529.694s][info][gc,start       ] GC(1399) Pause Young (Allocation Failure)
[529.696s][info][gc,heap        ] GC(1399) PSYoungGen: 284224K(307712K)->64K(309248K) Eden: 284160K(284160K)->0K(286720K) From: 64K(23552K)->64K(22528K)
[529.696s][info][gc,heap        ] GC(1399) ParOldGen: 638037K(638464K)->638053K(638464K)
[529.696s][info][gc,metaspace   ] GC(1399) Metaspace: 35471K(36160K)->35471K(36160K) NonClass: 29197K(29696K)->29197K(29696K) Class: 6273K(6464K)->6273K(6464K)
[529.696s][info][gc             ] GC(1399) Pause Young (Allocation Failure) 900M->623M(925M) 2.127ms
[529.696s][info][gc,cpu         ] GC(1399) User=0.00s Sys=0.00s Real=0.00s
[529.908s][info][gc,start       ] GC(1400) Pause Young (Allocation Failure)
[529.910s][info][gc,heap        ] GC(1400) PSYoungGen: 286784K(309248K)->64K(308224K) Eden: 286720K(286720K)->0K(286720K) From: 64K(22528K)->64K(21504K)
[529.910s][info][gc,heap        ] GC(1400) ParOldGen: 638053K(638464K)->638053K(638464K)
[529.910s][info][gc,metaspace   ] GC(1400) Metaspace: 35471K(36160K)->35471K(36160K) NonClass: 29197K(29696K)->29197K(29696K) Class: 6273K(6464K)->6273K(6464K)
[529.910s][info][gc             ] GC(1400) Pause Young (Allocation Failure) 903M->623M(924M) 2.180ms
[529.910s][info][gc,cpu         ] GC(1400) User=0.01s Sys=0.00s Real=0.00s
[530.239s][info][gc,start       ] GC(1401) Pause Young (Allocation Failure)
[530.241s][info][gc,heap        ] GC(1401) PSYoungGen: 286784K(308224K)->64K(311296K) Eden: 286720K(286720K)->0K(290816K) From: 64K(21504K)->64K(20480K)
[530.241s][info][gc,heap        ] GC(1401) ParOldGen: 638053K(638464K)->638053K(638464K)
[530.241s][info][gc,metaspace   ] GC(1401) Metaspace: 35471K(36160K)->35471K(36160K) NonClass: 29197K(29696K)->29197K(29696K) Class: 6273K(6464K)->6273K(6464K)
[530.241s][info][gc             ] GC(1401) Pause Young (Allocation Failure) 903M->623M(927M) 2.164ms
[530.241s][info][gc,cpu         ] GC(1401) User=0.01s Sys=0.00s Real=0.00s
[530.296s][info][gc,start       ] GC(1402) Pause Young (Allocation Failure)
[530.298s][info][gc,heap        ] GC(1402) PSYoungGen: 290880K(311296K)->32K(310272K) Eden: 290816K(290816K)->0K(290816K) From: 64K(20480K)->32K(19456K)
[530.298s][info][gc,heap        ] GC(1402) ParOldGen: 638053K(638464K)->638061K(638464K)
[530.298s][info][gc,metaspace   ] GC(1402) Metaspace: 35471K(36160K)->35471K(36160K) NonClass: 29197K(29696K)->29197K(29696K) Class: 6273K(6464K)->6273K(6464K)
[530.298s][info][gc             ] GC(1402) Pause Young (Allocation Failure) 907M->623M(926M) 2.249ms
[530.298s][info][gc,cpu         ] GC(1402) User=0.01s Sys=0.00s Real=0.01s
[530.376s][info][gc,start       ] GC(1403) Pause Young (Allocation Failure)
[530.378s][info][gc,heap        ] GC(1403) PSYoungGen: 290848K(310272K)->64K(313344K) Eden: 290816K(290816K)->0K(294912K) From: 32K(19456K)->64K(18432K)
[530.378s][info][gc,heap        ] GC(1403) ParOldGen: 638061K(638464K)->638061K(638464K)
[530.378s][info][gc,metaspace   ] GC(1403) Metaspace: 35471K(36160K)->35471K(36160K) NonClass: 29197K(29696K)->29197K(29696K) Class: 6273K(6464K)->6273K(6464K)
[530.378s][info][gc             ] GC(1403) Pause Young (Allocation Failure) 907M->623M(929M) 2.132ms
[530.378s][info][gc,cpu         ] GC(1403) User=0.01s Sys=0.00s Real=0.01s
[530.609s][info][gc,start       ] GC(1404) Pause Young (Allocation Failure)
[530.611s][info][gc,heap        ] GC(1404) PSYoungGen: 294976K(313344K)->64K(312320K) Eden: 294912K(294912K)->0K(294912K) From: 64K(18432K)->64K(17408K)
[530.611s][info][gc,heap        ] GC(1404) ParOldGen: 638061K(638464K)->638077K(638464K)
[530.611s][info][gc,metaspace   ] GC(1404) Metaspace: 35471K(36160K)->35471K(36160K) NonClass: 29197K(29696K)->29197K(29696K) Class: 6273K(6464K)->6273K(6464K)
[530.611s][info][gc             ] GC(1404) Pause Young (Allocation Failure) 911M->623M(928M) 2.196ms
[530.611s][info][gc,cpu         ] GC(1404) User=0.00s Sys=0.00s Real=0.00s
[530.831s][info][gc,start       ] GC(1405) Pause Young (Allocation Failure)
[530.833s][info][gc,heap        ] GC(1405) PSYoungGen: 294976K(312320K)->64K(315392K) Eden: 294912K(294912K)->0K(299008K) From: 64K(17408K)->64K(16384K)
[530.833s][info][gc,heap        ] GC(1405) ParOldGen: 638077K(638464K)->638077K(638464K)
[530.833s][info][gc,metaspace   ] GC(1405) Metaspace: 35471K(36160K)->35471K(36160K) NonClass: 29197K(29696K)->29197K(29696K) Class: 6273K(6464K)->6273K(6464K)
[530.833s][info][gc             ] GC(1405) Pause Young (Allocation Failure) 911M->623M(931M) 2.219ms
[530.833s][info][gc,cpu         ] GC(1405) User=0.00s Sys=0.00s Real=0.00s
[530.919s][info][gc,start       ] GC(1406) Pause Young (Allocation Failure)
[530.921s][info][gc,heap        ] GC(1406) PSYoungGen: 299072K(315392K)->64K(314368K) Eden: 299008K(299008K)->0K(299008K) From: 64K(16384K)->64K(15360K)
[530.921s][info][gc,heap        ] GC(1406) ParOldGen: 638077K(638464K)->638093K(638464K)
[530.922s][info][gc,metaspace   ] GC(1406) Metaspace: 35471K(36160K)->35471K(36160K) NonClass: 29197K(29696K)->29197K(29696K) Class: 6273K(6464K)->6273K(6464K)
[530.922s][info][gc             ] GC(1406) Pause Young (Allocation Failure) 915M->623M(930M) 2.254ms
[530.922s][info][gc,cpu         ] GC(1406) User=0.00s Sys=0.00s Real=0.00s
[531.052s][info][gc,start       ] GC(1407) Pause Young (Allocation Failure)
[531.054s][info][gc,heap        ] GC(1407) PSYoungGen: 299072K(314368K)->64K(317440K) Eden: 299008K(299008K)->0K(303104K) From: 64K(15360K)->64K(14336K)
[531.055s][info][gc,heap        ] GC(1407) ParOldGen: 638093K(638464K)->638093K(638464K)
[531.055s][info][gc,metaspace   ] GC(1407) Metaspace: 35471K(36160K)->35471K(36160K) NonClass: 29197K(29696K)->29197K(29696K) Class: 6273K(6464K)->6273K(6464K)
[531.055s][info][gc             ] GC(1407) Pause Young (Allocation Failure) 915M->623M(933M) 2.112ms
[531.055s][info][gc,cpu         ] GC(1407) User=0.01s Sys=0.00s Real=0.00s
[531.455s][info][gc,start       ] GC(1408) Pause Young (Allocation Failure)
[531.457s][info][gc,heap        ] GC(1408) PSYoungGen: 303168K(317440K)->64K(316416K) Eden: 303104K(303104K)->0K(303104K) From: 64K(14336K)->64K(13312K)
[531.457s][info][gc,heap        ] GC(1408) ParOldGen: 638093K(638464K)->638101K(638464K)
[531.457s][info][gc,metaspace   ] GC(1408) Metaspace: 35471K(36160K)->35471K(36160K) NonClass: 29197K(29696K)->29197K(29696K) Class: 6273K(6464K)->6273K(6464K)
[531.457s][info][gc             ] GC(1408) Pause Young (Allocation Failure) 919M->623M(932M) 2.095ms
[531.457s][info][gc,cpu         ] GC(1408) User=0.01s Sys=0.00s Real=0.01s
[532.207s][info][gc,start       ] GC(1409) Pause Young (Allocation Failure)
[532.210s][info][gc,heap        ] GC(1409) PSYoungGen: 303168K(316416K)->51K(319488K) Eden: 303104K(303104K)->0K(307200K) From: 64K(13312K)->51K(12288K)
[532.210s][info][gc,heap        ] GC(1409) ParOldGen: 638101K(638464K)->638109K(638464K)
[532.210s][info][gc,metaspace   ] GC(1409) Metaspace: 35471K(36160K)->35471K(36160K) NonClass: 29197K(29696K)->29197K(29696K) Class: 6273K(6464K)->6273K(6464K)
[532.210s][info][gc             ] GC(1409) Pause Young (Allocation Failure) 919M->623M(935M) 3.119ms
[532.210s][info][gc,cpu         ] GC(1409) User=0.01s Sys=0.00s Real=0.00s
[533.276s][info][gc,start       ] GC(1410) Pause Young (Allocation Failure)
[533.279s][info][gc,heap        ] GC(1410) PSYoungGen: 307251K(319488K)->64K(295424K) Eden: 307200K(307200K)->0K(294912K) From: 51K(12288K)->64K(512K)
[533.279s][info][gc,heap        ] GC(1410) ParOldGen: 638109K(638464K)->638117K(638464K)
[533.279s][info][gc,metaspace   ] GC(1410) Metaspace: 35471K(36160K)->35471K(36160K) NonClass: 29197K(29696K)->29197K(29696K) Class: 6273K(6464K)->6273K(6464K)
[533.279s][info][gc             ] GC(1410) Pause Young (Allocation Failure) 923M->623M(912M) 2.969ms
[533.279s][info][gc,cpu         ] GC(1410) User=0.00s Sys=0.00s Real=0.01s
[533.795s][info][gc,start       ] GC(1411) Pause Young (Allocation Failure)
[533.798s][info][gc,heap        ] GC(1411) PSYoungGen: 294976K(295424K)->32K(283648K) Eden: 294912K(294912K)->0K(283136K) From: 64K(512K)->32K(512K)
[533.799s][info][gc,heap        ] GC(1411) ParOldGen: 638117K(638464K)->638125K(638464K)
[533.799s][info][gc,metaspace   ] GC(1411) Metaspace: 35471K(36160K)->35471K(36160K) NonClass: 29197K(29696K)->29197K(29696K) Class: 6273K(6464K)->6273K(6464K)
[533.799s][info][gc             ] GC(1411) Pause Young (Allocation Failure) 911M->623M(900M) 3.225ms
[533.799s][info][gc,cpu         ] GC(1411) User=0.00s Sys=0.00s Real=0.01s
[534.851s][info][gc,start       ] GC(1412) Pause Young (Allocation Failure)
[534.853s][info][gc,heap        ] GC(1412) PSYoungGen: 283168K(283648K)->64K(282112K) Eden: 283136K(283136K)->0K(271872K) From: 32K(512K)->64K(10240K)
[534.853s][info][gc,heap        ] GC(1412) ParOldGen: 638125K(638464K)->638133K(638464K)
[534.853s][info][gc,metaspace   ] GC(1412) Metaspace: 35471K(36160K)->35471K(36160K) NonClass: 29197K(29696K)->29197K(29696K) Class: 6273K(6464K)->6273K(6464K)
[534.854s][info][gc             ] GC(1412) Pause Young (Allocation Failure) 899M->623M(899M) 2.159ms
[534.854s][info][gc,cpu         ] GC(1412) User=0.00s Sys=0.00s Real=0.00s
[535.286s][info][gc,start       ] GC(1413) Pause Young (Allocation Failure)
[535.289s][info][gc,heap        ] GC(1413) PSYoungGen: 271936K(282112K)->64K(261632K) Eden: 271872K(271872K)->0K(261120K) From: 64K(10240K)->64K(512K)
[535.289s][info][gc,heap        ] GC(1413) ParOldGen: 638133K(638464K)->638141K(638464K)
[535.289s][info][gc,metaspace   ] GC(1413) Metaspace: 35471K(36160K)->35471K(36160K) NonClass: 29197K(29696K)->29197K(29696K) Class: 6273K(6464K)->6273K(6464K)
[535.289s][info][gc             ] GC(1413) Pause Young (Allocation Failure) 888M->623M(879M) 3.632ms
[535.289s][info][gc,cpu         ] GC(1413) User=0.00s Sys=0.00s Real=0.01s
[535.490s][info][gc,start       ] GC(1414) Pause Young (Allocation Failure)
[535.493s][info][gc,heap        ] GC(1414) PSYoungGen: 261184K(261632K)->32K(260096K) Eden: 261120K(261120K)->0K(250880K) From: 64K(512K)->32K(9216K)
[535.493s][info][gc,heap        ] GC(1414) ParOldGen: 638141K(638464K)->638149K(638464K)
[535.493s][info][gc,metaspace   ] GC(1414) Metaspace: 35471K(36160K)->35471K(36160K) NonClass: 29197K(29696K)->29197K(29696K) Class: 6273K(6464K)->6273K(6464K)
[535.493s][info][gc             ] GC(1414) Pause Young (Allocation Failure) 878M->623M(877M) 3.052ms
[535.493s][info][gc,cpu         ] GC(1414) User=0.01s Sys=0.00s Real=0.00s
[535.589s][info][gc,start       ] GC(1415) Pause Young (Allocation Failure)
[535.591s][info][gc,heap        ] GC(1415) PSYoungGen: 250912K(260096K)->64K(291840K) Eden: 250880K(250880K)->0K(283648K) From: 32K(9216K)->64K(8192K)
[535.591s][info][gc,heap        ] GC(1415) ParOldGen: 638149K(638464K)->638157K(638464K)
[535.591s][info][gc,metaspace   ] GC(1415) Metaspace: 35471K(36160K)->35471K(36160K) NonClass: 29197K(29696K)->29197K(29696K) Class: 6273K(6464K)->6273K(6464K)
[535.591s][info][gc             ] GC(1415) Pause Young (Allocation Failure) 868M->623M(908M) 2.255ms
[535.591s][info][gc,cpu         ] GC(1415) User=0.01s Sys=0.00s Real=0.00s
[536.300s][info][gc,start       ] GC(1416) Pause Young (Allocation Failure)
[536.303s][info][gc,heap        ] GC(1416) PSYoungGen: 283712K(291840K)->32K(291328K) Eden: 283648K(283648K)->0K(283648K) From: 64K(8192K)->32K(7680K)
[536.303s][info][gc,heap        ] GC(1416) ParOldGen: 638157K(638464K)->638165K(638464K)
[536.303s][info][gc,metaspace   ] GC(1416) Metaspace: 35471K(36160K)->35471K(36160K) NonClass: 29197K(29696K)->29197K(29696K) Class: 6273K(6464K)->6273K(6464K)
[536.303s][info][gc             ] GC(1416) Pause Young (Allocation Failure) 900M->623M(908M) 3.203ms
[536.303s][info][gc,cpu         ] GC(1416) User=0.01s Sys=0.00s Real=0.00s
[536.708s][info][gc,start       ] GC(1417) Pause Young (Allocation Failure)
[536.711s][info][gc,heap        ] GC(1417) PSYoungGen: 283680K(291328K)->224K(272896K) Eden: 283648K(283648K)->0K(272384K) From: 32K(7680K)->224K(512K)
[536.711s][info][gc,heap        ] GC(1417) ParOldGen: 638165K(638464K)->638181K(638464K)
[536.711s][info][gc,metaspace   ] GC(1417) Metaspace: 35471K(36160K)->35471K(36160K) NonClass: 29197K(29696K)->29197K(29696K) Class: 6273K(6464K)->6273K(6464K)
[536.711s][info][gc             ] GC(1417) Pause Young (Allocation Failure) 900M->623M(890M) 3.502ms
[536.711s][info][gc,cpu         ] GC(1417) User=0.00s Sys=0.00s Real=0.00s
[537.039s][info][gc,start       ] GC(1418) Pause Young (Allocation Failure)
[537.116s][info][gc,heap        ] GC(1418) PSYoungGen: 272608K(272896K)->6656K(318976K) Eden: 272384K(272384K)->0K(312320K) From: 224K(512K)->6656K(6656K)
[537.116s][info][gc,heap        ] GC(1418) ParOldGen: 638181K(638464K)->660269K(660480K)
[537.116s][info][gc,metaspace   ] GC(1418) Metaspace: 35471K(36160K)->35471K(36160K) NonClass: 29197K(29696K)->29197K(29696K) Class: 6273K(6464K)->6273K(6464K)
[537.116s][info][gc             ] GC(1418) Pause Young (Allocation Failure) 889M->651M(956M) 77.606ms
[537.116s][info][gc,cpu         ] GC(1418) User=0.13s Sys=0.02s Real=0.07s
[537.509s][info][gc,start       ] GC(1419) Pause Full (Allocation Failure)
[537.509s][info][gc,phases,start] GC(1419) Marking Phase
[537.623s][info][gc,phases      ] GC(1419) Marking Phase 113.899ms
[537.623s][info][gc,phases,start] GC(1419) Summary Phase
[537.623s][info][gc,phases      ] GC(1419) Summary Phase 0.032ms
[537.623s][info][gc,phases,start] GC(1419) Forward
[537.658s][info][gc,phases      ] GC(1419) Forward 34.663ms
[537.658s][info][gc,phases,start] GC(1419) Adjust Pointers
[537.721s][info][gc,phases      ] GC(1419) Adjust Pointers 63.571ms
[537.721s][info][gc,phases,start] GC(1419) Compaction Phase
[537.755s][info][gc,phases      ] GC(1419) Compaction Phase 33.386ms
[537.755s][info][gc,phases,start] GC(1419) Post Compact
[537.758s][info][metaspace      ] ChkMgr @0x00007f4b9003aa80 (non-class-space): : reclaiming memory...
[537.758s][info][metaspace      ] ChkMgr @0x00007f4b9003aa80 (non-class-space): nothing reclaimed.
[537.758s][info][metaspace      ] ChkMgr @0x00007f4b9003a890 (class-space): : reclaiming memory...
[537.758s][info][metaspace      ] ChkMgr @0x00007f4b9003a890 (class-space): nothing reclaimed.
[537.758s][info][gc,phases      ] GC(1419) Post Compact 3.204ms
[537.799s][info][gc,heap        ] GC(1419) PSYoungGen: 318976K(318976K)->0K(315904K) Eden: 312320K(312320K)->0K(301056K) From: 6656K(6656K)->0K(14848K)
[537.799s][info][gc,heap        ] GC(1419) ParOldGen: 660269K(660480K)->90486K(175104K)
[537.799s][info][gc,metaspace   ] GC(1419) Metaspace: 35471K(36160K)->35429K(36160K) NonClass: 29197K(29696K)->29157K(29696K) Class: 6273K(6464K)->6272K(6464K)
[537.799s][info][gc             ] GC(1419) Pause Full (Allocation Failure) 956M->88M(479M) 290.249ms
[537.799s][info][gc,cpu         ] GC(1419) User=0.45s Sys=0.04s Real=0.29s
[537.943s][info][gc,start       ] GC(1420) Pause Young (Allocation Failure)
[537.962s][info][gc,heap        ] GC(1420) PSYoungGen: 301056K(315904K)->7104K(317440K) Eden: 301056K(301056K)->0K(301056K) From: 0K(14848K)->7104K(16384K)
[537.962s][info][gc,heap        ] GC(1420) ParOldGen: 90486K(175104K)->90486K(175104K)
[537.962s][info][gc,metaspace   ] GC(1420) Metaspace: 35429K(36160K)->35429K(36160K) NonClass: 29157K(29696K)->29157K(29696K) Class: 6272K(6464K)->6272K(6464K)
[537.963s][info][gc             ] GC(1420) Pause Young (Allocation Failure) 382M->95M(481M) 20.005ms
[537.963s][info][gc,cpu         ] GC(1420) User=0.03s Sys=0.01s Real=0.02s
[538.557s][info][gc,start       ] GC(1421) Pause Young (Allocation Failure)
[538.558s][info][gc,heap        ] GC(1421) PSYoungGen: 308160K(317440K)->64K(316416K) Eden: 301056K(301056K)->0K(301056K) From: 7104K(16384K)->64K(15360K)
[538.558s][info][gc,heap        ] GC(1421) ParOldGen: 90486K(175104K)->90494K(175104K)
[538.558s][info][gc,metaspace   ] GC(1421) Metaspace: 35429K(36160K)->35429K(36160K) NonClass: 29157K(29696K)->29157K(29696K) Class: 6272K(6464K)->6272K(6464K)
[538.558s][info][gc             ] GC(1421) Pause Young (Allocation Failure) 389M->88M(480M) 0.875ms
[538.558s][info][gc,cpu         ] GC(1421) User=0.00s Sys=0.00s Real=0.00s
[539.086s][info][gc,start       ] GC(1422) Pause Young (Allocation Failure)
[539.087s][info][gc,heap        ] GC(1422) PSYoungGen: 301120K(316416K)->64K(316928K) Eden: 301056K(301056K)->0K(301056K) From: 64K(15360K)->64K(15872K)
[539.087s][info][gc,heap        ] GC(1422) ParOldGen: 90494K(175104K)->90502K(175104K)
[539.087s][info][gc,metaspace   ] GC(1422) Metaspace: 35429K(36160K)->35429K(36160K) NonClass: 29157K(29696K)->29157K(29696K) Class: 6272K(6464K)->6272K(6464K)
[539.087s][info][gc             ] GC(1422) Pause Young (Allocation Failure) 382M->88M(480M) 0.883ms
[539.087s][info][gc,cpu         ] GC(1422) User=0.00s Sys=0.00s Real=0.01s
[539.545s][info][gc,start       ] GC(1423) Pause Young (Allocation Failure)
[539.545s][info][gc,heap        ] GC(1423) PSYoungGen: 301120K(316928K)->64K(316928K) Eden: 301056K(301056K)->0K(302592K) From: 64K(15872K)->64K(14336K)
[539.545s][info][gc,heap        ] GC(1423) ParOldGen: 90502K(175104K)->90518K(175104K)
[539.545s][info][gc,metaspace   ] GC(1423) Metaspace: 35429K(36160K)->35429K(36160K) NonClass: 29157K(29696K)->29157K(29696K) Class: 6272K(6464K)->6272K(6464K)
[539.545s][info][gc             ] GC(1423) Pause Young (Allocation Failure) 382M->88M(480M) 0.829ms
[539.545s][info][gc,cpu         ] GC(1423) User=0.00s Sys=0.00s Real=0.00s
[539.760s][info][gc,start       ] GC(1424) Pause Young (Allocation Failure)
[539.761s][info][gc,heap        ] GC(1424) PSYoungGen: 302656K(316928K)->64K(317440K) Eden: 302592K(302592K)->0K(302592K) From: 64K(14336K)->64K(14848K)
[539.761s][info][gc,heap        ] GC(1424) ParOldGen: 90518K(175104K)->90534K(175104K)
[539.761s][info][gc,metaspace   ] GC(1424) Metaspace: 35429K(36160K)->35429K(36160K) NonClass: 29157K(29696K)->29157K(29696K) Class: 6272K(6464K)->6272K(6464K)
[539.761s][info][gc             ] GC(1424) Pause Young (Allocation Failure) 383M->88M(481M) 0.799ms
[539.761s][info][gc,cpu         ] GC(1424) User=0.00s Sys=0.00s Real=0.00s
[539.975s][info][gc,start       ] GC(1425) Pause Young (Allocation Failure)
[539.976s][info][gc,heap        ] GC(1425) PSYoungGen: 302656K(317440K)->64K(318464K) Eden: 302592K(302592K)->0K(305152K) From: 64K(14848K)->64K(13312K)
[539.976s][info][gc,heap        ] GC(1425) ParOldGen: 90534K(175104K)->90534K(175104K)
[539.976s][info][gc,metaspace   ] GC(1425) Metaspace: 35429K(36160K)->35429K(36160K) NonClass: 29157K(29696K)->29157K(29696K) Class: 6272K(6464K)->6272K(6464K)
[539.976s][info][gc             ] GC(1425) Pause Young (Allocation Failure) 383M->88M(482M) 0.986ms
[539.976s][info][gc,cpu         ] GC(1425) User=0.00s Sys=0.00s Real=0.00s
[540.322s][info][gc,start       ] GC(1426) Pause Young (Allocation Failure)
[540.323s][info][gc,heap        ] GC(1426) PSYoungGen: 305216K(318464K)->64K(318464K) Eden: 305152K(305152K)->0K(305152K) From: 64K(13312K)->64K(13312K)
[540.323s][info][gc,heap        ] GC(1426) ParOldGen: 90534K(175104K)->90534K(175104K)
[540.323s][info][gc,metaspace   ] GC(1426) Metaspace: 35429K(36160K)->35429K(36160K) NonClass: 29157K(29696K)->29157K(29696K) Class: 6272K(6464K)->6272K(6464K)
[540.323s][info][gc             ] GC(1426) Pause Young (Allocation Failure) 386M->88M(482M) 0.871ms
[540.323s][info][gc,cpu         ] GC(1426) User=0.00s Sys=0.00s Real=0.00s
[540.380s][info][gc,start       ] GC(1427) Pause Young (Allocation Failure)
[540.381s][info][gc,heap        ] GC(1427) PSYoungGen: 305215K(318464K)->32K(318976K) Eden: 305151K(305152K)->0K(307712K) From: 64K(13312K)->32K(11264K)
[540.381s][info][gc,heap        ] GC(1427) ParOldGen: 90534K(175104K)->90550K(175104K)
[540.381s][info][gc,metaspace   ] GC(1427) Metaspace: 35429K(36160K)->35429K(36160K) NonClass: 29157K(29696K)->29157K(29696K) Class: 6272K(6464K)->6272K(6464K)
[540.381s][info][gc             ] GC(1427) Pause Young (Allocation Failure) 386M->88M(482M) 0.766ms
[540.381s][info][gc,cpu         ] GC(1427) User=0.00s Sys=0.00s Real=0.00s
[540.446s][info][gc,start       ] GC(1428) Pause Young (Allocation Failure)
[540.447s][info][gc,heap        ] GC(1428) PSYoungGen: 307744K(318976K)->64K(319488K) Eden: 307712K(307712K)->0K(307712K) From: 32K(11264K)->64K(11776K)
[540.447s][info][gc,heap        ] GC(1428) ParOldGen: 90550K(175104K)->90550K(175104K)
[540.447s][info][gc,metaspace   ] GC(1428) Metaspace: 35429K(36160K)->35429K(36160K) NonClass: 29157K(29696K)->29157K(29696K) Class: 6272K(6464K)->6272K(6464K)
[540.447s][info][gc             ] GC(1428) Pause Young (Allocation Failure) 388M->88M(483M) 0.789ms
[540.447s][info][gc,cpu         ] GC(1428) User=0.00s Sys=0.00s Real=0.01s
[540.683s][info][gc,start       ] GC(1429) Pause Young (Allocation Failure)
[540.684s][info][gc,heap        ] GC(1429) PSYoungGen: 307776K(319488K)->64K(295936K) Eden: 307712K(307712K)->0K(295424K) From: 64K(11776K)->64K(512K)
[540.684s][info][gc,heap        ] GC(1429) ParOldGen: 90550K(175104K)->90566K(175104K)
[540.684s][info][gc,metaspace   ] GC(1429) Metaspace: 35429K(36160K)->35429K(36160K) NonClass: 29157K(29696K)->29157K(29696K) Class: 6272K(6464K)->6272K(6464K)
[540.684s][info][gc             ] GC(1429) Pause Young (Allocation Failure) 388M->88M(460M) 0.945ms
[540.684s][info][gc,cpu         ] GC(1429) User=0.01s Sys=0.00s Real=0.00s
[540.900s][info][gc,start       ] GC(1430) Pause Young (Allocation Failure)
[540.901s][info][gc,heap        ] GC(1430) PSYoungGen: 295488K(295936K)->64K(294400K) Eden: 295424K(295424K)->0K(283648K) From: 64K(512K)->64K(10752K)
[540.901s][info][gc,heap        ] GC(1430) ParOldGen: 90566K(175104K)->90566K(175104K)
[540.901s][info][gc,metaspace   ] GC(1430) Metaspace: 35429K(36160K)->35429K(36160K) NonClass: 29157K(29696K)->29157K(29696K) Class: 6272K(6464K)->6272K(6464K)
[540.901s][info][gc             ] GC(1430) Pause Young (Allocation Failure) 377M->88M(458M) 0.844ms
[540.901s][info][gc,cpu         ] GC(1430) User=0.00s Sys=0.00s Real=0.00s
[540.984s][info][gc,start       ] GC(1431) Pause Young (Allocation Failure)
[540.985s][info][gc,heap        ] GC(1431) PSYoungGen: 283712K(294400K)->64K(272896K) Eden: 283648K(283648K)->0K(272384K) From: 64K(10752K)->64K(512K)
[540.985s][info][gc,heap        ] GC(1431) ParOldGen: 90566K(175104K)->90574K(175104K)
[540.985s][info][gc,metaspace   ] GC(1431) Metaspace: 35429K(36160K)->35429K(36160K) NonClass: 29157K(29696K)->29157K(29696K) Class: 6272K(6464K)->6272K(6464K)
[540.985s][info][gc             ] GC(1431) Pause Young (Allocation Failure) 365M->88M(437M) 1.291ms
[540.985s][info][gc,cpu         ] GC(1431) User=0.00s Sys=0.00s Real=0.00s
[541.092s][info][gc,start       ] GC(1432) Pause Young (Allocation Failure)
[541.093s][info][gc,heap        ] GC(1432) PSYoungGen: 272448K(272896K)->64K(270848K) Eden: 272384K(272384K)->0K(261632K) From: 64K(512K)->64K(9216K)
[541.093s][info][gc,heap        ] GC(1432) ParOldGen: 90574K(175104K)->90582K(175104K)
[541.093s][info][gc,metaspace   ] GC(1432) Metaspace: 35429K(36160K)->35429K(36160K) NonClass: 29157K(29696K)->29157K(29696K) Class: 6272K(6464K)->6272K(6464K)
[541.093s][info][gc             ] GC(1432) Pause Young (Allocation Failure) 354M->88M(435M) 0.789ms
[541.093s][info][gc,cpu         ] GC(1432) User=0.00s Sys=0.00s Real=0.00s
[541.267s][info][gc,start       ] GC(1433) Pause Young (Allocation Failure)
[541.268s][info][gc,heap        ] GC(1433) PSYoungGen: 261696K(270848K)->64K(251904K) Eden: 261632K(261632K)->0K(251392K) From: 64K(9216K)->64K(512K)
[541.268s][info][gc,heap        ] GC(1433) ParOldGen: 90582K(175104K)->90590K(175104K)
[541.268s][info][gc,metaspace   ] GC(1433) Metaspace: 35429K(36160K)->35429K(36160K) NonClass: 29157K(29696K)->29157K(29696K) Class: 6272K(6464K)->6272K(6464K)
[541.268s][info][gc             ] GC(1433) Pause Young (Allocation Failure) 344M->88M(417M) 1.362ms
[541.268s][info][gc,cpu         ] GC(1433) User=0.00s Sys=0.00s Real=0.01s
[542.237s][info][gc,start       ] GC(1434) Pause Young (Allocation Failure)
[542.238s][info][gc,heap        ] GC(1434) PSYoungGen: 251456K(251904K)->83K(249856K) Eden: 251392K(251392K)->0K(241664K) From: 64K(512K)->83K(8192K)
[542.238s][info][gc,heap        ] GC(1434) ParOldGen: 90590K(175104K)->90598K(175104K)
[542.238s][info][gc,metaspace   ] GC(1434) Metaspace: 35429K(36160K)->35429K(36160K) NonClass: 29157K(29696K)->29157K(29696K) Class: 6272K(6464K)->6272K(6464K)
[542.238s][info][gc             ] GC(1434) Pause Young (Allocation Failure) 334M->88M(415M) 0.733ms
[542.238s][info][gc,cpu         ] GC(1434) User=0.00s Sys=0.00s Real=0.00s
[543.145s][info][gc,start       ] GC(1435) Pause Young (Allocation Failure)
[543.146s][info][gc,heap        ] GC(1435) PSYoungGen: 241747K(249856K)->64K(232960K) Eden: 241664K(241664K)->0K(232448K) From: 83K(8192K)->64K(512K)
[543.146s][info][gc,heap        ] GC(1435) ParOldGen: 90598K(175104K)->90606K(175104K)
[543.146s][info][gc,metaspace   ] GC(1435) Metaspace: 35429K(36160K)->35429K(36160K) NonClass: 29157K(29696K)->29157K(29696K) Class: 6272K(6464K)->6272K(6464K)
[543.147s][info][gc             ] GC(1435) Pause Young (Allocation Failure) 324M->88M(398M) 1.837ms
[543.147s][info][gc,cpu         ] GC(1435) User=0.00s Sys=0.01s Real=0.00s
[543.304s][info][gc,start       ] GC(1436) Pause Young (Allocation Failure)
[543.304s][info][gc,heap        ] GC(1436) PSYoungGen: 232512K(232960K)->64K(230912K) Eden: 232448K(232448K)->0K(223744K) From: 64K(512K)->64K(7168K)
[543.304s][info][gc,heap        ] GC(1436) ParOldGen: 90606K(175104K)->90614K(175104K)
[543.304s][info][gc,metaspace   ] GC(1436) Metaspace: 35429K(36160K)->35429K(36160K) NonClass: 29157K(29696K)->29157K(29696K) Class: 6272K(6464K)->6272K(6464K)
[543.304s][info][gc             ] GC(1436) Pause Young (Allocation Failure) 315M->88M(396M) 0.779ms
[543.304s][info][gc,cpu         ] GC(1436) User=0.00s Sys=0.00s Real=0.00s
[543.695s][info][gc,start       ] GC(1437) Pause Young (Allocation Failure)
[543.697s][info][gc,heap        ] GC(1437) PSYoungGen: 223808K(230912K)->64K(216064K) Eden: 223744K(223744K)->0K(215552K) From: 64K(7168K)->64K(512K)
[543.697s][info][gc,heap        ] GC(1437) ParOldGen: 90614K(175104K)->90622K(175104K)
[543.697s][info][gc,metaspace   ] GC(1437) Metaspace: 35429K(36160K)->35429K(36160K) NonClass: 29157K(29696K)->29157K(29696K) Class: 6272K(6464K)->6272K(6464K)
[543.697s][info][gc             ] GC(1437) Pause Young (Allocation Failure) 307M->88M(382M) 1.763ms
[543.697s][info][gc,cpu         ] GC(1437) User=0.00s Sys=0.00s Real=0.01s
[543.974s][info][gc,start       ] GC(1438) Pause Young (Allocation Failure)
[543.975s][info][gc,heap        ] GC(1438) PSYoungGen: 215616K(216064K)->64K(213504K) Eden: 215552K(215552K)->0K(207360K) From: 64K(512K)->64K(6144K)
[543.975s][info][gc,heap        ] GC(1438) ParOldGen: 90622K(175104K)->90638K(175104K)
[543.975s][info][gc,metaspace   ] GC(1438) Metaspace: 35429K(36160K)->35429K(36160K) NonClass: 29157K(29696K)->29157K(29696K) Class: 6272K(6464K)->6272K(6464K)
[543.975s][info][gc             ] GC(1438) Pause Young (Allocation Failure) 299M->88M(379M) 1.422ms
[543.975s][info][gc,cpu         ] GC(1438) User=0.00s Sys=0.00s Real=0.00s
[544.932s][info][gc,start       ] GC(1439) Pause Young (Allocation Failure)
[544.934s][info][gc,heap        ] GC(1439) PSYoungGen: 207424K(213504K)->64K(200192K) Eden: 207360K(207360K)->0K(199680K) From: 64K(6144K)->64K(512K)
[544.934s][info][gc,heap        ] GC(1439) ParOldGen: 90638K(175104K)->90654K(175104K)
[544.934s][info][gc,metaspace   ] GC(1439) Metaspace: 35429K(36160K)->35429K(36160K) NonClass: 29157K(29696K)->29157K(29696K) Class: 6272K(6464K)->6272K(6464K)
[544.934s][info][gc             ] GC(1439) Pause Young (Allocation Failure) 291M->88M(366M) 1.752ms
[544.934s][info][gc,cpu         ] GC(1439) User=0.00s Sys=0.00s Real=0.00s
[545.273s][info][gc,start       ] GC(1440) Pause Young (Allocation Failure)
[545.275s][info][gc,heap        ] GC(1440) PSYoungGen: 199744K(200192K)->64K(198144K) Eden: 199680K(199680K)->0K(192512K) From: 64K(512K)->64K(5632K)
[545.275s][info][gc,heap        ] GC(1440) ParOldGen: 90654K(175104K)->90670K(175104K)
[545.275s][info][gc,metaspace   ] GC(1440) Metaspace: 35429K(36160K)->35429K(36160K) NonClass: 29157K(29696K)->29157K(29696K) Class: 6272K(6464K)->6272K(6464K)
[545.275s][info][gc             ] GC(1440) Pause Young (Allocation Failure) 283M->88M(364M) 1.260ms
[545.275s][info][gc,cpu         ] GC(1440) User=0.01s Sys=0.00s Real=0.00s
[545.441s][info][gc,start       ] GC(1441) Pause Young (Allocation Failure)
[545.443s][info][gc,heap        ] GC(1441) PSYoungGen: 192576K(198144K)->64K(186368K) Eden: 192512K(192512K)->0K(185856K) From: 64K(5632K)->64K(512K)
[545.443s][info][gc,heap        ] GC(1441) ParOldGen: 90670K(175104K)->90686K(175104K)
[545.443s][info][gc,metaspace   ] GC(1441) Metaspace: 35429K(36160K)->35429K(36160K) NonClass: 29157K(29696K)->29157K(29696K) Class: 6272K(6464K)->6272K(6464K)
[545.443s][info][gc             ] GC(1441) Pause Young (Allocation Failure) 276M->88M(353M) 1.907ms
[545.443s][info][gc,cpu         ] GC(1441) User=0.00s Sys=0.00s Real=0.00s
[545.490s][info][gc,start       ] GC(1442) Pause Young (Allocation Failure)
[545.491s][info][gc,heap        ] GC(1442) PSYoungGen: 185920K(186368K)->32K(183808K) Eden: 185856K(185856K)->0K(179200K) From: 64K(512K)->32K(4608K)
[545.491s][info][gc,heap        ] GC(1442) ParOldGen: 90686K(175104K)->90702K(175104K)
[545.491s][info][gc,metaspace   ] GC(1442) Metaspace: 35429K(36160K)->35429K(36160K) NonClass: 29157K(29696K)->29157K(29696K) Class: 6272K(6464K)->6272K(6464K)
[545.491s][info][gc             ] GC(1442) Pause Young (Allocation Failure) 270M->88M(350M) 1.180ms
[545.491s][info][gc,cpu         ] GC(1442) User=0.00s Sys=0.00s Real=0.00s
[545.699s][info][gc,start       ] GC(1443) Pause Young (Allocation Failure)
[545.701s][info][gc,heap        ] GC(1443) PSYoungGen: 179232K(183808K)->64K(173568K) Eden: 179200K(179200K)->0K(173056K) From: 32K(4608K)->64K(512K)
[545.701s][info][gc,heap        ] GC(1443) ParOldGen: 90702K(175104K)->90702K(175104K)
[545.701s][info][gc,metaspace   ] GC(1443) Metaspace: 35429K(36160K)->35429K(36160K) NonClass: 29157K(29696K)->29157K(29696K) Class: 6272K(6464K)->6272K(6464K)
[545.701s][info][gc             ] GC(1443) Pause Young (Allocation Failure) 263M->88M(340M) 1.917ms
[545.701s][info][gc,cpu         ] GC(1443) User=0.00s Sys=0.00s Real=0.00s
[546.190s][info][gc,start       ] GC(1444) Pause Young (Allocation Failure)
[546.191s][info][gc,heap        ] GC(1444) PSYoungGen: 173120K(173568K)->64K(171008K) Eden: 173056K(173056K)->0K(166912K) From: 64K(512K)->64K(4096K)
[546.191s][info][gc,heap        ] GC(1444) ParOldGen: 90702K(175104K)->90718K(175104K)
[546.191s][info][gc,metaspace   ] GC(1444) Metaspace: 35429K(36160K)->35429K(36160K) NonClass: 29157K(29696K)->29157K(29696K) Class: 6272K(6464K)->6272K(6464K)
[546.191s][info][gc             ] GC(1444) Pause Young (Allocation Failure) 257M->88M(338M) 1.254ms
[546.191s][info][gc,cpu         ] GC(1444) User=0.01s Sys=0.00s Real=0.00s
[546.298s][info][gc,start       ] GC(1445) Pause Young (Allocation Failure)
[546.300s][info][gc,heap        ] GC(1445) PSYoungGen: 166976K(171008K)->64K(161792K) Eden: 166912K(166912K)->0K(161280K) From: 64K(4096K)->64K(512K)
[546.300s][info][gc,heap        ] GC(1445) ParOldGen: 90718K(175104K)->90718K(175104K)
[546.300s][info][gc,metaspace   ] GC(1445) Metaspace: 35429K(36160K)->35429K(36160K) NonClass: 29157K(29696K)->29157K(29696K) Class: 6272K(6464K)->6272K(6464K)
[546.300s][info][gc             ] GC(1445) Pause Young (Allocation Failure) 251M->88M(329M) 1.685ms
[546.300s][info][gc,cpu         ] GC(1445) User=0.00s Sys=0.00s Real=0.00s
[546.626s][info][gc,start       ] GC(1446) Pause Young (Allocation Failure)
[546.629s][info][gc,heap        ] GC(1446) PSYoungGen: 161344K(161792K)->256K(159232K) Eden: 161280K(161280K)->0K(155648K) From: 64K(512K)->256K(3584K)
[546.629s][info][gc,heap        ] GC(1446) ParOldGen: 90718K(175104K)->90734K(175104K)
[546.629s][info][gc,metaspace   ] GC(1446) Metaspace: 35429K(36160K)->35429K(36160K) NonClass: 29157K(29696K)->29157K(29696K) Class: 6272K(6464K)->6272K(6464K)
[546.629s][info][gc             ] GC(1446) Pause Young (Allocation Failure) 246M->88M(326M) 2.579ms
[546.629s][info][gc,cpu         ] GC(1446) User=0.00s Sys=0.00s Real=0.01s
[546.810s][info][gc,start       ] GC(1447) Pause Young (Allocation Failure)
[546.844s][info][gc,heap        ] GC(1447) PSYoungGen: 155904K(159232K)->3072K(189440K) Eden: 155648K(155648K)->0K(186368K) From: 256K(3584K)->3072K(3072K)
[546.844s][info][gc,heap        ] GC(1447) ParOldGen: 90734K(175104K)->104094K(175104K)
[546.844s][info][gc,metaspace   ] GC(1447) Metaspace: 35429K(36160K)->35429K(36160K) NonClass: 29157K(29696K)->29157K(29696K) Class: 6272K(6464K)->6272K(6464K)
[546.844s][info][gc             ] GC(1447) Pause Young (Allocation Failure) 240M->104M(356M) 33.875ms
[546.844s][info][gc,cpu         ] GC(1447) User=0.06s Sys=0.00s Real=0.03s
[547.055s][info][gc,start       ] GC(1448) Pause Young (Allocation Failure)
[547.098s][info][gc,heap        ] GC(1448) PSYoungGen: 189440K(189440K)->8704K(232448K) Eden: 186368K(186368K)->0K(223744K) From: 3072K(3072K)->8704K(8704K)
[547.098s][info][gc,heap        ] GC(1448) ParOldGen: 104094K(175104K)->115542K(175104K)
[547.098s][info][gc,metaspace   ] GC(1448) Metaspace: 35429K(36160K)->35429K(36160K) NonClass: 29157K(29696K)->29157K(29696K) Class: 6272K(6464K)->6272K(6464K)
[547.098s][info][gc             ] GC(1448) Pause Young (Allocation Failure) 286M->121M(398M) 43.069ms
[547.098s][info][gc,cpu         ] GC(1448) User=0.07s Sys=0.01s Real=0.05s
[547.356s][info][gc,start       ] GC(1449) Pause Young (Allocation Failure)
[547.398s][info][gc,heap        ] GC(1449) PSYoungGen: 232448K(232448K)->6144K(250880K) Eden: 223744K(223744K)->0K(244736K) From: 8704K(8704K)->6144K(6144K)
[547.398s][info][gc,heap        ] GC(1449) ParOldGen: 115542K(175104K)->133414K(175104K)
[547.398s][info][gc,metaspace   ] GC(1449) Metaspace: 35429K(36160K)->35429K(36160K) NonClass: 29157K(29696K)->29157K(29696K) Class: 6272K(6464K)->6272K(6464K)
[547.398s][info][gc             ] GC(1449) Pause Young (Allocation Failure) 339M->136M(416M) 41.666ms
[547.398s][info][gc,cpu         ] GC(1449) User=0.08s Sys=0.00s Real=0.05s
[547.539s][info][gc,start       ] GC(1450) Pause Young (Allocation Failure)
[547.559s][info][gc,heap        ] GC(1450) PSYoungGen: 250880K(250880K)->9088K(266240K) Eden: 244736K(244736K)->0K(244736K) From: 6144K(6144K)->9088K(21504K)
[547.559s][info][gc,heap        ] GC(1450) ParOldGen: 133414K(175104K)->134070K(175104K)
[547.559s][info][gc,metaspace   ] GC(1450) Metaspace: 35429K(36160K)->35429K(36160K) NonClass: 29157K(29696K)->29157K(29696K) Class: 6272K(6464K)->6272K(6464K)
[547.559s][info][gc             ] GC(1450) Pause Young (Allocation Failure) 375M->139M(431M) 19.667ms
[547.559s][info][gc,cpu         ] GC(1450) User=0.04s Sys=0.00s Real=0.02s
[547.819s][info][gc,start       ] GC(1451) Pause Young (Allocation Failure)
[547.820s][info][gc,heap        ] GC(1451) PSYoungGen: 253824K(266240K)->64K(310784K) Eden: 244736K(244736K)->0K(291328K) From: 9088K(21504K)->64K(19456K)
[547.820s][info][gc,heap        ] GC(1451) ParOldGen: 134070K(175104K)->134078K(175104K)
[547.820s][info][gc,metaspace   ] GC(1451) Metaspace: 35429K(36160K)->35429K(36160K) NonClass: 29157K(29696K)->29157K(29696K) Class: 6272K(6464K)->6272K(6464K)
[547.820s][info][gc             ] GC(1451) Pause Young (Allocation Failure) 378M->130M(474M) 0.983ms
[547.820s][info][gc,cpu         ] GC(1451) User=0.00s Sys=0.00s Real=0.00s
[548.547s][info][gc,start       ] GC(1452) Pause Young (Allocation Failure)
[548.547s][info][gc,heap        ] GC(1452) PSYoungGen: 291392K(310784K)->64K(311808K) Eden: 291328K(291328K)->0K(291328K) From: 64K(19456K)->64K(20480K)
[548.547s][info][gc,heap        ] GC(1452) ParOldGen: 134078K(175104K)->134086K(175104K)
[548.547s][info][gc,metaspace   ] GC(1452) Metaspace: 35429K(36160K)->35429K(36160K) NonClass: 29157K(29696K)->29157K(29696K) Class: 6272K(6464K)->6272K(6464K)
[548.547s][info][gc             ] GC(1452) Pause Young (Allocation Failure) 415M->131M(475M) 0.819ms
[548.547s][info][gc,cpu         ] GC(1452) User=0.00s Sys=0.00s Real=0.00s
[548.844s][info][gc,start       ] GC(1453) Pause Young (Allocation Failure)
[548.845s][info][gc,heap        ] GC(1453) PSYoungGen: 291392K(311808K)->64K(311808K) Eden: 291328K(291328K)->0K(293376K) From: 64K(20480K)->64K(18432K)
[548.845s][info][gc,heap        ] GC(1453) ParOldGen: 134086K(175104K)->134102K(175104K)
[548.845s][info][gc,metaspace   ] GC(1453) Metaspace: 35429K(36160K)->35429K(36160K) NonClass: 29157K(29696K)->29157K(29696K) Class: 6272K(6464K)->6272K(6464K)
[548.845s][info][gc             ] GC(1453) Pause Young (Allocation Failure) 415M->131M(475M) 1.020ms
[548.845s][info][gc,cpu         ] GC(1453) User=0.00s Sys=0.00s Real=0.00s
[549.263s][info][gc,start       ] GC(1454) Pause Young (Allocation Failure)
[549.264s][info][gc,heap        ] GC(1454) PSYoungGen: 293440K(311808K)->64K(312832K) Eden: 293376K(293376K)->0K(293376K) From: 64K(18432K)->64K(19456K)
[549.264s][info][gc,heap        ] GC(1454) ParOldGen: 134102K(175104K)->134110K(175104K)
[549.264s][info][gc,metaspace   ] GC(1454) Metaspace: 35429K(36160K)->35429K(36160K) NonClass: 29157K(29696K)->29157K(29696K) Class: 6272K(6464K)->6272K(6464K)
[549.264s][info][gc             ] GC(1454) Pause Young (Allocation Failure) 417M->131M(476M) 0.916ms
[549.264s][info][gc,cpu         ] GC(1454) User=0.00s Sys=0.00s Real=0.00s
[549.471s][info][gc,start       ] GC(1455) Pause Young (Allocation Failure)
[549.472s][info][gc,heap        ] GC(1455) PSYoungGen: 293440K(312832K)->64K(311808K) Eden: 293376K(293376K)->0K(295424K) From: 64K(19456K)->64K(16384K)
[549.472s][info][gc,heap        ] GC(1455) ParOldGen: 134110K(175104K)->134126K(175104K)
[549.472s][info][gc,metaspace   ] GC(1455) Metaspace: 35429K(36160K)->35429K(36160K) NonClass: 29157K(29696K)->29157K(29696K) Class: 6272K(6464K)->6272K(6464K)
[549.472s][info][gc             ] GC(1455) Pause Young (Allocation Failure) 417M->131M(475M) 0.966ms
[549.472s][info][gc,cpu         ] GC(1455) User=0.00s Sys=0.00s Real=0.00s
[549.816s][info][gc,start       ] GC(1456) Pause Young (Allocation Failure)
[549.817s][info][gc,heap        ] GC(1456) PSYoungGen: 295488K(311808K)->64K(313344K) Eden: 295424K(295424K)->0K(295424K) From: 64K(16384K)->64K(17920K)
[549.817s][info][gc,heap        ] GC(1456) ParOldGen: 134126K(175104K)->134126K(175104K)
[549.817s][info][gc,metaspace   ] GC(1456) Metaspace: 35429K(36160K)->35429K(36160K) NonClass: 29157K(29696K)->29157K(29696K) Class: 6272K(6464K)->6272K(6464K)
[549.817s][info][gc             ] GC(1456) Pause Young (Allocation Failure) 419M->131M(477M) 0.973ms
[549.817s][info][gc,cpu         ] GC(1456) User=0.00s Sys=0.00s Real=0.01s
[549.960s][info][gc,start       ] GC(1457) Pause Young (Allocation Failure)
[549.961s][info][gc,heap        ] GC(1457) PSYoungGen: 295488K(313344K)->64K(314368K) Eden: 295424K(295424K)->0K(299008K) From: 64K(17920K)->64K(15360K)
[549.961s][info][gc,heap        ] GC(1457) ParOldGen: 134126K(175104K)->134142K(175104K)
[549.961s][info][gc,metaspace   ] GC(1457) Metaspace: 35429K(36160K)->35429K(36160K) NonClass: 29157K(29696K)->29157K(29696K) Class: 6272K(6464K)->6272K(6464K)
[549.961s][info][gc             ] GC(1457) Pause Young (Allocation Failure) 419M->131M(478M) 1.468ms
[549.961s][info][gc,cpu         ] GC(1457) User=0.00s Sys=0.00s Real=0.00s
[550.018s][info][gc,start       ] GC(1458) Pause Young (Allocation Failure)
[550.020s][info][gc,heap        ] GC(1458) PSYoungGen: 299072K(314368K)->32K(315392K) Eden: 299008K(299008K)->0K(299008K) From: 64K(15360K)->32K(16384K)
[550.020s][info][gc,heap        ] GC(1458) ParOldGen: 134142K(175104K)->134158K(175104K)
[550.020s][info][gc,metaspace   ] GC(1458) Metaspace: 35429K(36160K)->35429K(36160K) NonClass: 29157K(29696K)->29157K(29696K) Class: 6272K(6464K)->6272K(6464K)
[550.020s][info][gc             ] GC(1458) Pause Young (Allocation Failure) 423M->131M(479M) 1.390ms
[550.020s][info][gc,cpu         ] GC(1458) User=0.00s Sys=0.00s Real=0.00s
[550.140s][info][gc,start       ] GC(1459) Pause Young (Allocation Failure)
[550.141s][info][gc,heap        ] GC(1459) PSYoungGen: 299040K(315392K)->64K(316416K) Eden: 299008K(299008K)->0K(302080K) From: 32K(16384K)->64K(14336K)
[550.141s][info][gc,heap        ] GC(1459) ParOldGen: 134158K(175104K)->134158K(175104K)
[550.141s][info][gc,metaspace   ] GC(1459) Metaspace: 35429K(36160K)->35429K(36160K) NonClass: 29157K(29696K)->29157K(29696K) Class: 6272K(6464K)->6272K(6464K)
[550.141s][info][gc             ] GC(1459) Pause Young (Allocation Failure) 423M->131M(480M) 1.417ms
[550.141s][info][gc,cpu         ] GC(1459) User=0.00s Sys=0.00s Real=0.00s
[550.365s][info][gc,start       ] GC(1460) Pause Young (Allocation Failure)
[550.367s][info][gc,heap        ] GC(1460) PSYoungGen: 302144K(316416K)->64K(316928K) Eden: 302080K(302080K)->0K(302080K) From: 64K(14336K)->64K(14848K)
[550.367s][info][gc,heap        ] GC(1460) ParOldGen: 134158K(175104K)->134174K(175104K)
[550.367s][info][gc,metaspace   ] GC(1460) Metaspace: 35429K(36160K)->35429K(36160K) NonClass: 29157K(29696K)->29157K(29696K) Class: 6272K(6464K)->6272K(6464K)
[550.367s][info][gc             ] GC(1460) Pause Young (Allocation Failure) 426M->131M(480M) 1.600ms
[550.367s][info][gc,cpu         ] GC(1460) User=0.00s Sys=0.00s Real=0.01s
[550.535s][info][gc,start       ] GC(1461) Pause Young (Allocation Failure)
[550.536s][info][gc,heap        ] GC(1461) PSYoungGen: 302144K(316928K)->64K(318464K) Eden: 302080K(302080K)->0K(305152K) From: 64K(14848K)->64K(13312K)
[550.536s][info][gc,heap        ] GC(1461) ParOldGen: 134174K(175104K)->134190K(175104K)
[550.536s][info][gc,metaspace   ] GC(1461) Metaspace: 35429K(36160K)->35429K(36160K) NonClass: 29157K(29696K)->29157K(29696K) Class: 6272K(6464K)->6272K(6464K)
[550.536s][info][gc             ] GC(1461) Pause Young (Allocation Failure) 426M->131M(482M) 1.529ms
[550.536s][info][gc,cpu         ] GC(1461) User=0.00s Sys=0.00s Real=0.00s
[550.623s][info][gc,start       ] GC(1462) Pause Young (Allocation Failure)
[550.624s][info][gc,heap        ] GC(1462) PSYoungGen: 305216K(318464K)->32K(318464K) Eden: 305152K(305152K)->0K(305152K) From: 64K(13312K)->32K(13312K)
[550.624s][info][gc,heap        ] GC(1462) ParOldGen: 134190K(175104K)->134206K(175104K)
[550.624s][info][gc,metaspace   ] GC(1462) Metaspace: 35429K(36160K)->35429K(36160K) NonClass: 29157K(29696K)->29157K(29696K) Class: 6272K(6464K)->6272K(6464K)
[550.624s][info][gc             ] GC(1462) Pause Young (Allocation Failure) 429M->131M(482M) 1.390ms
[550.624s][info][gc,cpu         ] GC(1462) User=0.00s Sys=0.00s Real=0.00s
[550.784s][info][gc,start       ] GC(1463) Pause Young (Allocation Failure)
[550.786s][info][gc,heap        ] GC(1463) PSYoungGen: 305184K(318464K)->32K(320000K) Eden: 305152K(305152K)->0K(307712K) From: 32K(13312K)->32K(12288K)
[550.786s][info][gc,heap        ] GC(1463) ParOldGen: 134206K(175104K)->134206K(175104K)
[550.786s][info][gc,metaspace   ] GC(1463) Metaspace: 35429K(36160K)->35429K(36160K) NonClass: 29157K(29696K)->29157K(29696K) Class: 6272K(6464K)->6272K(6464K)
[550.786s][info][gc             ] GC(1463) Pause Young (Allocation Failure) 429M->131M(483M) 1.534ms
[550.786s][info][gc,cpu         ] GC(1463) User=0.00s Sys=0.00s Real=0.00s
[551.806s][info][gc,start       ] GC(1464) Pause Young (Allocation Failure)
[551.807s][info][gc,heap        ] GC(1464) PSYoungGen: 307744K(320000K)->83K(295936K) Eden: 307712K(307712K)->0K(295424K) From: 32K(12288K)->83K(512K)
[551.807s][info][gc,heap        ] GC(1464) ParOldGen: 134206K(175104K)->134214K(175104K)
[551.807s][info][gc,metaspace   ] GC(1464) Metaspace: 35429K(36160K)->35429K(36160K) NonClass: 29157K(29696K)->29157K(29696K) Class: 6272K(6464K)->6272K(6464K)
[551.808s][info][gc             ] GC(1464) Pause Young (Allocation Failure) 431M->131M(460M) 1.169ms
[551.808s][info][gc,cpu         ] GC(1464) User=0.00s Sys=0.00s Real=0.01s
[552.718s][info][gc,start       ] GC(1465) Pause Young (Allocation Failure)
[552.719s][info][gc,heap        ] GC(1465) PSYoungGen: 295507K(295936K)->64K(284160K) Eden: 295424K(295424K)->0K(283648K) From: 83K(512K)->64K(512K)
[552.719s][info][gc,heap        ] GC(1465) ParOldGen: 134214K(175104K)->134222K(175104K)
[552.720s][info][gc,metaspace   ] GC(1465) Metaspace: 35429K(36160K)->35429K(36160K) NonClass: 29157K(29696K)->29157K(29696K) Class: 6272K(6464K)->6272K(6464K)
[552.720s][info][gc             ] GC(1465) Pause Young (Allocation Failure) 419M->131M(448M) 1.104ms
[552.720s][info][gc,cpu         ] GC(1465) User=0.00s Sys=0.00s Real=0.00s
[552.925s][info][gc,start       ] GC(1466) Pause Young (Allocation Failure)
[552.926s][info][gc,heap        ] GC(1466) PSYoungGen: 283712K(284160K)->64K(282624K) Eden: 283648K(283648K)->0K(272384K) From: 64K(512K)->64K(10240K)
[552.926s][info][gc,heap        ] GC(1466) ParOldGen: 134222K(175104K)->134238K(175104K)
[552.926s][info][gc,metaspace   ] GC(1466) Metaspace: 35429K(36160K)->35429K(36160K) NonClass: 29157K(29696K)->29157K(29696K) Class: 6272K(6464K)->6272K(6464K)
[552.926s][info][gc             ] GC(1466) Pause Young (Allocation Failure) 408M->131M(447M) 1.437ms
[552.926s][info][gc,cpu         ] GC(1466) User=0.00s Sys=0.00s Real=0.00s
[553.382s][info][gc,start       ] GC(1467) Pause Young (Allocation Failure)
[553.384s][info][gc,heap        ] GC(1467) PSYoungGen: 272448K(282624K)->64K(262144K) Eden: 272384K(272384K)->0K(261632K) From: 64K(10240K)->64K(512K)
[553.384s][info][gc,heap        ] GC(1467) ParOldGen: 134238K(175104K)->134254K(175104K)
[553.384s][info][gc,metaspace   ] GC(1467) Metaspace: 35429K(36160K)->35429K(36160K) NonClass: 29157K(29696K)->29157K(29696K) Class: 6272K(6464K)->6272K(6464K)
[553.384s][info][gc             ] GC(1467) Pause Young (Allocation Failure) 397M->131M(427M) 2.154ms
[553.384s][info][gc,cpu         ] GC(1467) User=0.00s Sys=0.00s Real=0.00s
[554.364s][info][gc,start       ] GC(1468) Pause Young (Allocation Failure)
[554.365s][info][gc,heap        ] GC(1468) PSYoungGen: 261696K(262144K)->64K(260096K) Eden: 261632K(261632K)->0K(251392K) From: 64K(512K)->64K(8704K)
[554.365s][info][gc,heap        ] GC(1468) ParOldGen: 134254K(175104K)->134270K(175104K)
[554.365s][info][gc,metaspace   ] GC(1468) Metaspace: 35429K(36160K)->35429K(36160K) NonClass: 29157K(29696K)->29157K(29696K) Class: 6272K(6464K)->6272K(6464K)
[554.365s][info][gc             ] GC(1468) Pause Young (Allocation Failure) 386M->131M(425M) 1.354ms
[554.365s][info][gc,cpu         ] GC(1468) User=0.01s Sys=0.00s Real=0.00s
[554.756s][info][gc,start       ] GC(1469) Pause Young (Allocation Failure)
[554.758s][info][gc,heap        ] GC(1469) PSYoungGen: 251456K(260096K)->64K(242176K) Eden: 251392K(251392K)->0K(241664K) From: 64K(8704K)->64K(512K)
[554.758s][info][gc,heap        ] GC(1469) ParOldGen: 134270K(175104K)->134278K(175104K)
[554.758s][info][gc,metaspace   ] GC(1469) Metaspace: 35429K(36160K)->35429K(36160K) NonClass: 29157K(29696K)->29157K(29696K) Class: 6272K(6464K)->6272K(6464K)
[554.758s][info][gc             ] GC(1469) Pause Young (Allocation Failure) 376M->131M(407M) 2.210ms
[554.758s][info][gc,cpu         ] GC(1469) User=0.01s Sys=0.00s Real=0.01s
[554.937s][info][gc,start       ] GC(1470) Pause Young (Allocation Failure)
[554.938s][info][gc,heap        ] GC(1470) PSYoungGen: 241728K(242176K)->64K(240128K) Eden: 241664K(241664K)->0K(232448K) From: 64K(512K)->64K(7680K)
[554.938s][info][gc,heap        ] GC(1470) ParOldGen: 134278K(175104K)->134286K(175104K)
[554.938s][info][gc,metaspace   ] GC(1470) Metaspace: 35429K(36160K)->35429K(36160K) NonClass: 29157K(29696K)->29157K(29696K) Class: 6272K(6464K)->6272K(6464K)
[554.938s][info][gc             ] GC(1470) Pause Young (Allocation Failure) 367M->131M(405M) 1.371ms
[554.938s][info][gc,cpu         ] GC(1470) User=0.00s Sys=0.00s Real=0.00s
[555.018s][info][gc,start       ] GC(1471) Pause Young (Allocation Failure)
[555.020s][info][gc,heap        ] GC(1471) PSYoungGen: 232512K(240128K)->64K(224256K) Eden: 232448K(232448K)->0K(223744K) From: 64K(7680K)->64K(512K)
[555.020s][info][gc,heap        ] GC(1471) ParOldGen: 134286K(175104K)->134294K(175104K)
[555.020s][info][gc,metaspace   ] GC(1471) Metaspace: 35429K(36160K)->35429K(36160K) NonClass: 29157K(29696K)->29157K(29696K) Class: 6272K(6464K)->6272K(6464K)
[555.020s][info][gc             ] GC(1471) Pause Young (Allocation Failure) 358M->131M(390M) 1.966ms
[555.020s][info][gc,cpu         ] GC(1471) User=0.00s Sys=0.00s Real=0.00s
[555.560s][info][gc,start       ] GC(1472) Pause Young (Allocation Failure)
[555.562s][info][gc,heap        ] GC(1472) PSYoungGen: 223808K(224256K)->64K(222208K) Eden: 223744K(223744K)->0K(215552K) From: 64K(512K)->64K(6656K)
[555.562s][info][gc,heap        ] GC(1472) ParOldGen: 134294K(175104K)->134310K(175104K)
[555.562s][info][gc,metaspace   ] GC(1472) Metaspace: 35429K(36160K)->35429K(36160K) NonClass: 29157K(29696K)->29157K(29696K) Class: 6272K(6464K)->6272K(6464K)
[555.562s][info][gc             ] GC(1472) Pause Young (Allocation Failure) 349M->131M(388M) 1.596ms
[555.562s][info][gc,cpu         ] GC(1472) User=0.00s Sys=0.00s Real=0.00s
[555.786s][info][gc,start       ] GC(1473) Pause Young (Allocation Failure)
[555.788s][info][gc,heap        ] GC(1473) PSYoungGen: 215616K(222208K)->64K(207872K) Eden: 215552K(215552K)->0K(207360K) From: 64K(6656K)->64K(512K)
[555.788s][info][gc,heap        ] GC(1473) ParOldGen: 134310K(175104K)->134326K(175104K)
[555.788s][info][gc,metaspace   ] GC(1473) Metaspace: 35429K(36160K)->35429K(36160K) NonClass: 29157K(29696K)->29157K(29696K) Class: 6272K(6464K)->6272K(6464K)
[555.788s][info][gc             ] GC(1473) Pause Young (Allocation Failure) 341M->131M(374M) 1.852ms
[555.788s][info][gc,cpu         ] GC(1473) User=0.00s Sys=0.00s Real=0.01s
[556.146s][info][gc,start       ] GC(1474) Pause Young (Allocation Failure)
[556.158s][info][gc,heap        ] GC(1474) PSYoungGen: 207424K(207872K)->5632K(251904K) Eden: 207360K(207360K)->0K(246272K) From: 64K(512K)->5632K(5632K)
[556.158s][info][gc,heap        ] GC(1474) ParOldGen: 134326K(175104K)->135014K(175104K)
[556.158s][info][gc,metaspace   ] GC(1474) Metaspace: 35429K(36160K)->35429K(36160K) NonClass: 29157K(29696K)->29157K(29696K) Class: 6272K(6464K)->6272K(6464K)
[556.158s][info][gc             ] GC(1474) Pause Young (Allocation Failure) 333M->137M(417M) 12.027ms
[556.158s][info][gc,cpu         ] GC(1474) User=0.02s Sys=0.00s Real=0.02s
[556.435s][info][gc,start       ] GC(1475) Pause Young (Allocation Failure)
[556.476s][info][gc,heap        ] GC(1475) PSYoungGen: 251904K(251904K)->5632K(264704K) Eden: 246272K(246272K)->0K(259072K) From: 5632K(5632K)->5632K(5632K)
[556.476s][info][gc,heap        ] GC(1475) ParOldGen: 135014K(175104K)->155398K(175104K)
[556.476s][info][gc,metaspace   ] GC(1475) Metaspace: 35429K(36160K)->35429K(36160K) NonClass: 29157K(29696K)->29157K(29696K) Class: 6272K(6464K)->6272K(6464K)
[556.476s][info][gc             ] GC(1475) Pause Young (Allocation Failure) 377M->157M(429M) 41.618ms
[556.476s][info][gc,cpu         ] GC(1475) User=0.08s Sys=0.00s Real=0.04s
[556.767s][info][gc,start       ] GC(1476) Pause Young (Allocation Failure)
[556.817s][info][gc,heap        ] GC(1476) PSYoungGen: 264704K(264704K)->15872K(274944K) Eden: 259072K(259072K)->0K(259072K) From: 5632K(5632K)->15872K(15872K)
[556.817s][info][gc,heap        ] GC(1476) ParOldGen: 155398K(175104K)->167606K(175104K)
[556.817s][info][gc,metaspace   ] GC(1476) Metaspace: 35429K(36160K)->35429K(36160K) NonClass: 29157K(29696K)->29157K(29696K) Class: 6272K(6464K)->6272K(6464K)
[556.817s][info][gc             ] GC(1476) Pause Young (Allocation Failure) 410M->179M(439M) 49.852ms
[556.817s][info][gc,cpu         ] GC(1476) User=0.10s Sys=0.00s Real=0.05s
[556.962s][info][gc,start       ] GC(1477) Pause Young (Allocation Failure)
[556.986s][info][gc,heap        ] GC(1477) PSYoungGen: 274944K(274944K)->9344K(310272K) Eden: 259072K(259072K)->0K(286208K) From: 15872K(15872K)->9344K(24064K)
[556.986s][info][gc,heap        ] GC(1477) ParOldGen: 167606K(175104K)->168038K(175104K)
[556.986s][info][gc,metaspace   ] GC(1477) Metaspace: 35429K(36160K)->35429K(36160K) NonClass: 29157K(29696K)->29157K(29696K) Class: 6272K(6464K)->6272K(6464K)
[556.986s][info][gc             ] GC(1477) Pause Young (Allocation Failure) 432M->173M(474M) 24.004ms
[556.986s][info][gc,cpu         ] GC(1477) User=0.04s Sys=0.01s Real=0.02s
[557.394s][info][gc,start       ] GC(1478) Pause Young (Allocation Failure)
[557.395s][info][gc,heap        ] GC(1478) PSYoungGen: 295552K(310272K)->64K(286720K) Eden: 286208K(286208K)->0K(286208K) From: 9344K(24064K)->64K(512K)
[557.395s][info][gc,heap        ] GC(1478) ParOldGen: 168038K(175104K)->168046K(175104K)
[557.395s][info][gc,metaspace   ] GC(1478) Metaspace: 35429K(36160K)->35429K(36160K) NonClass: 29157K(29696K)->29157K(29696K) Class: 6272K(6464K)->6272K(6464K)
[557.395s][info][gc             ] GC(1478) Pause Young (Allocation Failure) 452M->164M(451M) 1.044ms
[557.395s][info][gc,cpu         ] GC(1478) User=0.00s Sys=0.00s Real=0.00s
[558.045s][info][gc,start       ] GC(1479) Pause Young (Allocation Failure)
[558.046s][info][gc,heap        ] GC(1479) PSYoungGen: 286272K(286720K)->64K(309248K) Eden: 286208K(286208K)->0K(286720K) From: 64K(512K)->64K(22528K)
[558.046s][info][gc,heap        ] GC(1479) ParOldGen: 168046K(175104K)->168054K(175104K)
[558.046s][info][gc,metaspace   ] GC(1479) Metaspace: 35429K(36160K)->35429K(36160K) NonClass: 29157K(29696K)->29157K(29696K) Class: 6272K(6464K)->6272K(6464K)
[558.046s][info][gc             ] GC(1479) Pause Young (Allocation Failure) 443M->164M(473M) 1.025ms
[558.046s][info][gc,cpu         ] GC(1479) User=0.00s Sys=0.00s Real=0.00s
[558.538s][info][gc,start       ] GC(1480) Pause Young (Allocation Failure)
[558.539s][info][gc,heap        ] GC(1480) PSYoungGen: 286784K(309248K)->64K(308736K) Eden: 286720K(286720K)->0K(286720K) From: 64K(22528K)->64K(22016K)
[558.539s][info][gc,heap        ] GC(1480) ParOldGen: 168054K(175104K)->168070K(175104K)
[558.539s][info][gc,metaspace   ] GC(1480) Metaspace: 35429K(36160K)->35429K(36160K) NonClass: 29157K(29696K)->29157K(29696K) Class: 6272K(6464K)->6272K(6464K)
[558.539s][info][gc             ] GC(1480) Pause Young (Allocation Failure) 444M->164M(472M) 1.140ms
[558.539s][info][gc,cpu         ] GC(1480) User=0.00s Sys=0.00s Real=0.00s
[558.753s][info][gc,start       ] GC(1481) Pause Young (Allocation Failure)
[558.754s][info][gc,heap        ] GC(1481) PSYoungGen: 286784K(308736K)->64K(310784K) Eden: 286720K(286720K)->0K(290304K) From: 64K(22016K)->64K(20480K)
[558.754s][info][gc,heap        ] GC(1481) ParOldGen: 168070K(175104K)->168086K(175104K)
[558.754s][info][gc,metaspace   ] GC(1481) Metaspace: 35429K(36160K)->35429K(36160K) NonClass: 29157K(29696K)->29157K(29696K) Class: 6272K(6464K)->6272K(6464K)
[558.754s][info][gc             ] GC(1481) Pause Young (Allocation Failure) 444M->164M(474M) 1.028ms
[558.754s][info][gc,cpu         ] GC(1481) User=0.00s Sys=0.00s Real=0.00s
[559.041s][info][gc,start       ] GC(1482) Pause Young (Allocation Failure)
[559.042s][info][gc,heap        ] GC(1482) PSYoungGen: 290368K(310784K)->32K(310784K) Eden: 290304K(290304K)->0K(290304K) From: 64K(20480K)->32K(20480K)
[559.042s][info][gc,heap        ] GC(1482) ParOldGen: 168086K(175104K)->168086K(175104K)
[559.042s][info][gc,metaspace   ] GC(1482) Metaspace: 35429K(36160K)->35429K(36160K) NonClass: 29157K(29696K)->29157K(29696K) Class: 6272K(6464K)->6272K(6464K)
[559.042s][info][gc             ] GC(1482) Pause Young (Allocation Failure) 447M->164M(474M) 1.086ms
[559.042s][info][gc,cpu         ] GC(1482) User=0.00s Sys=0.00s Real=0.00s
[559.397s][info][gc,start       ] GC(1483) Pause Young (Allocation Failure)
[559.399s][info][gc,heap        ] GC(1483) PSYoungGen: 290336K(310784K)->64K(312320K) Eden: 290304K(290304K)->0K(293888K) From: 32K(20480K)->64K(18432K)
[559.399s][info][gc,heap        ] GC(1483) ParOldGen: 168086K(175104K)->168086K(175104K)
[559.399s][info][gc,metaspace   ] GC(1483) Metaspace: 35429K(36160K)->35429K(36160K) NonClass: 29157K(29696K)->29157K(29696K) Class: 6272K(6464K)->6272K(6464K)
[559.399s][info][gc             ] GC(1483) Pause Young (Allocation Failure) 447M->164M(476M) 1.227ms
[559.399s][info][gc,cpu         ] GC(1483) User=0.00s Sys=0.00s Real=0.00s
[559.533s][info][gc,start       ] GC(1484) Pause Young (Allocation Failure)
[559.534s][info][gc,heap        ] GC(1484) PSYoungGen: 293952K(312320K)->64K(312320K) Eden: 293888K(293888K)->0K(293888K) From: 64K(18432K)->64K(18432K)
[559.534s][info][gc,heap        ] GC(1484) ParOldGen: 168086K(175104K)->168102K(175104K)
[559.534s][info][gc,metaspace   ] GC(1484) Metaspace: 35429K(36160K)->35429K(36160K) NonClass: 29157K(29696K)->29157K(29696K) Class: 6272K(6464K)->6272K(6464K)
[559.534s][info][gc             ] GC(1484) Pause Young (Allocation Failure) 451M->164M(476M) 1.182ms
[559.534s][info][gc,cpu         ] GC(1484) User=0.00s Sys=0.00s Real=0.00s
[559.600s][info][gc,start       ] GC(1485) Pause Young (Allocation Failure)
[559.601s][info][gc,heap        ] GC(1485) PSYoungGen: 293952K(312320K)->64K(313856K) Eden: 293888K(293888K)->0K(297472K) From: 64K(18432K)->64K(16384K)
[559.601s][info][gc,heap        ] GC(1485) ParOldGen: 168102K(175104K)->168118K(175104K)
[559.601s][info][gc,metaspace   ] GC(1485) Metaspace: 35429K(36160K)->35429K(36160K) NonClass: 29157K(29696K)->29157K(29696K) Class: 6272K(6464K)->6272K(6464K)
[559.601s][info][gc             ] GC(1485) Pause Young (Allocation Failure) 451M->164M(477M) 1.160ms
[559.601s][info][gc,cpu         ] GC(1485) User=0.01s Sys=0.00s Real=0.00s
[559.740s][info][gc,start       ] GC(1486) Pause Young (Allocation Failure)
[559.741s][info][gc,heap        ] GC(1486) PSYoungGen: 297536K(313856K)->64K(314368K) Eden: 297472K(297472K)->0K(297472K) From: 64K(16384K)->64K(16896K)
[559.741s][info][gc,heap        ] GC(1486) ParOldGen: 168118K(175104K)->168118K(175104K)
[559.741s][info][gc,metaspace   ] GC(1486) Metaspace: 35429K(36160K)->35429K(36160K) NonClass: 29157K(29696K)->29157K(29696K) Class: 6272K(6464K)->6272K(6464K)
[559.741s][info][gc             ] GC(1486) Pause Young (Allocation Failure) 454M->164M(478M) 1.186ms
[559.741s][info][gc,cpu         ] GC(1486) User=0.00s Sys=0.00s Real=0.00s
[559.962s][info][gc,start       ] GC(1487) Pause Young (Allocation Failure)
[559.963s][info][gc,heap        ] GC(1487) PSYoungGen: 297536K(314368K)->32K(315392K) Eden: 297472K(297472K)->0K(301056K) From: 64K(16896K)->32K(14336K)
[559.963s][info][gc,heap        ] GC(1487) ParOldGen: 168118K(175104K)->168126K(175104K)
[559.963s][info][gc,metaspace   ] GC(1487) Metaspace: 35429K(36160K)->35429K(36160K) NonClass: 29157K(29696K)->29157K(29696K) Class: 6272K(6464K)->6272K(6464K)
[559.963s][info][gc             ] GC(1487) Pause Young (Allocation Failure) 454M->164M(479M) 1.112ms
[559.963s][info][gc,cpu         ] GC(1487) User=0.01s Sys=0.00s Real=0.00s
[560.161s][info][gc,start       ] GC(1488) Pause Young (Allocation Failure)
[560.162s][info][gc,heap        ] GC(1488) PSYoungGen: 301088K(315392K)->32K(315904K) Eden: 301056K(301056K)->0K(301056K) From: 32K(14336K)->32K(14848K)
[560.162s][info][gc,heap        ] GC(1488) ParOldGen: 168126K(175104K)->168134K(175104K)
[560.162s][info][gc,metaspace   ] GC(1488) Metaspace: 35429K(36160K)->35429K(36160K) NonClass: 29157K(29696K)->29157K(29696K) Class: 6272K(6464K)->6272K(6464K)
[560.162s][info][gc             ] GC(1488) Pause Young (Allocation Failure) 458M->164M(479M) 1.249ms
[560.162s][info][gc,cpu         ] GC(1488) User=0.00s Sys=0.00s Real=0.00s
[560.247s][info][gc,start       ] GC(1489) Pause Young (Allocation Failure)
[560.248s][info][gc,heap        ] GC(1489) PSYoungGen: 301088K(315904K)->32K(316928K) Eden: 301056K(301056K)->0K(304640K) From: 32K(14848K)->32K(12288K)
[560.248s][info][gc,heap        ] GC(1489) ParOldGen: 168134K(175104K)->168150K(175104K)
[560.248s][info][gc,metaspace   ] GC(1489) Metaspace: 35429K(36160K)->35429K(36160K) NonClass: 29157K(29696K)->29157K(29696K) Class: 6272K(6464K)->6272K(6464K)
[560.248s][info][gc             ] GC(1489) Pause Young (Allocation Failure) 458M->164M(480M) 1.223ms
[560.248s][info][gc,cpu         ] GC(1489) User=0.00s Sys=0.00s Real=0.00s
[560.420s][info][gc,start       ] GC(1490) Pause Young (Allocation Failure)
[560.421s][info][gc,heap        ] GC(1490) PSYoungGen: 304672K(316928K)->64K(292864K) Eden: 304640K(304640K)->0K(292352K) From: 32K(12288K)->64K(512K)
[560.421s][info][gc,heap        ] GC(1490) ParOldGen: 168150K(175104K)->168150K(175104K)
[560.421s][info][gc,metaspace   ] GC(1490) Metaspace: 35429K(36160K)->35429K(36160K) NonClass: 29157K(29696K)->29157K(29696K) Class: 6272K(6464K)->6272K(6464K)
[560.421s][info][gc             ] GC(1490) Pause Young (Allocation Failure) 461M->164M(457M) 1.296ms
[560.421s][info][gc,cpu         ] GC(1490) User=0.00s Sys=0.00s Real=0.00s
[561.470s][info][gc,start       ] GC(1491) Pause Young (Allocation Failure)
[561.472s][info][gc,heap        ] GC(1491) PSYoungGen: 292410K(292864K)->83K(281088K) Eden: 292346K(292352K)->0K(280576K) From: 64K(512K)->83K(512K)
[561.472s][info][gc,heap        ] GC(1491) ParOldGen: 168150K(175104K)->168158K(175104K)
[561.472s][info][gc,metaspace   ] GC(1491) Metaspace: 35429K(36160K)->35429K(36160K) NonClass: 29157K(29696K)->29157K(29696K) Class: 6272K(6464K)->6272K(6464K)
[561.472s][info][gc             ] GC(1491) Pause Young (Allocation Failure) 449M->164M(445M) 2.664ms
[561.472s][info][gc,cpu         ] GC(1491) User=0.00s Sys=0.00s Real=0.00s
[562.415s][info][gc,start       ] GC(1492) Pause Young (Allocation Failure)
[562.417s][info][gc,heap        ] GC(1492) PSYoungGen: 280659K(281088K)->64K(281088K) Eden: 280576K(280576K)->0K(269312K) From: 83K(512K)->64K(11776K)
[562.417s][info][gc,heap        ] GC(1492) ParOldGen: 168158K(175104K)->168174K(175104K)
[562.417s][info][gc,metaspace   ] GC(1492) Metaspace: 35429K(36160K)->35429K(36160K) NonClass: 29157K(29696K)->29157K(29696K) Class: 6272K(6464K)->6272K(6464K)
[562.417s][info][gc             ] GC(1492) Pause Young (Allocation Failure) 438M->164M(445M) 2.268ms
[562.417s][info][gc,cpu         ] GC(1492) User=0.00s Sys=0.00s Real=0.01s
[562.603s][info][gc,start       ] GC(1493) Pause Young (Allocation Failure)
[562.606s][info][gc,heap        ] GC(1493) PSYoungGen: 269376K(281088K)->64K(259072K) Eden: 269312K(269312K)->0K(258560K) From: 64K(11776K)->64K(512K)
[562.606s][info][gc,heap        ] GC(1493) ParOldGen: 168174K(175104K)->168190K(175104K)
[562.606s][info][gc,metaspace   ] GC(1493) Metaspace: 35429K(36160K)->35429K(36160K) NonClass: 29157K(29696K)->29157K(29696K) Class: 6272K(6464K)->6272K(6464K)
[562.606s][info][gc             ] GC(1493) Pause Young (Allocation Failure) 427M->164M(424M) 3.296ms
[562.606s][info][gc,cpu         ] GC(1493) User=0.01s Sys=0.00s Real=0.00s
[563.095s][info][gc,start       ] GC(1494) Pause Young (Allocation Failure)
[563.097s][info][gc,heap        ] GC(1494) PSYoungGen: 258624K(259072K)->64K(258560K) Eden: 258560K(258560K)->0K(248320K) From: 64K(512K)->64K(10240K)
[563.097s][info][gc,heap        ] GC(1494) ParOldGen: 168190K(175104K)->168206K(175104K)
[563.097s][info][gc,metaspace   ] GC(1494) Metaspace: 35429K(36160K)->35429K(36160K) NonClass: 29157K(29696K)->29157K(29696K) Class: 6272K(6464K)->6272K(6464K)
[563.097s][info][gc             ] GC(1494) Pause Young (Allocation Failure) 416M->164M(423M) 1.670ms
[563.097s][info][gc,cpu         ] GC(1494) User=0.00s Sys=0.00s Real=0.01s
[564.427s][info][gc,start       ] GC(1495) Pause Young (Allocation Failure)
[564.430s][info][gc,heap        ] GC(1495) PSYoungGen: 248384K(258560K)->64K(239104K) Eden: 248320K(248320K)->0K(238592K) From: 64K(10240K)->64K(512K)
[564.430s][info][gc,heap        ] GC(1495) ParOldGen: 168206K(175104K)->168222K(175104K)
[564.430s][info][gc,metaspace   ] GC(1495) Metaspace: 35429K(36160K)->35429K(36160K) NonClass: 29157K(29696K)->29157K(29696K) Class: 6272K(6464K)->6272K(6464K)
[564.430s][info][gc             ] GC(1495) Pause Young (Allocation Failure) 406M->164M(404M) 2.697ms
[564.430s][info][gc,cpu         ] GC(1495) User=0.01s Sys=0.00s Real=0.00s
[564.665s][info][gc,start       ] GC(1496) Pause Young (Allocation Failure)
[564.668s][info][gc,heap        ] GC(1496) PSYoungGen: 238656K(239104K)->64K(238080K) Eden: 238592K(238592K)->0K(229376K) From: 64K(512K)->64K(8704K)
[564.668s][info][gc,heap        ] GC(1496) ParOldGen: 168222K(175104K)->168238K(175104K)
[564.668s][info][gc,metaspace   ] GC(1496) Metaspace: 35429K(36160K)->35429K(36160K) NonClass: 29157K(29696K)->29157K(29696K) Class: 6272K(6464K)->6272K(6464K)
[564.668s][info][gc             ] GC(1496) Pause Young (Allocation Failure) 397M->164M(403M) 2.756ms
[564.668s][info][gc,cpu         ] GC(1496) User=0.00s Sys=0.01s Real=0.01s
[565.054s][info][gc,start       ] GC(1497) Pause Young (Allocation Failure)
[565.056s][info][gc,heap        ] GC(1497) PSYoungGen: 229440K(238080K)->32K(221184K) Eden: 229376K(229376K)->0K(220672K) From: 64K(8704K)->32K(512K)
[565.056s][info][gc,heap        ] GC(1497) ParOldGen: 168238K(175104K)->168246K(175104K)
[565.056s][info][gc,metaspace   ] GC(1497) Metaspace: 35429K(36160K)->35429K(36160K) NonClass: 29157K(29696K)->29157K(29696K) Class: 6272K(6464K)->6272K(6464K)
[565.056s][info][gc             ] GC(1497) Pause Young (Allocation Failure) 388M->164M(387M) 2.302ms
[565.056s][info][gc,cpu         ] GC(1497) User=0.01s Sys=0.00s Real=0.00s
[565.113s][info][gc,start       ] GC(1498) Pause Young (Allocation Failure)
[565.114s][info][gc,heap        ] GC(1498) PSYoungGen: 220704K(221184K)->64K(220160K) Eden: 220672K(220672K)->0K(212480K) From: 32K(512K)->64K(7680K)
[565.114s][info][gc,heap        ] GC(1498) ParOldGen: 168246K(175104K)->168254K(175104K)
[565.114s][info][gc,metaspace   ] GC(1498) Metaspace: 35429K(36160K)->35429K(36160K) NonClass: 29157K(29696K)->29157K(29696K) Class: 6272K(6464K)->6272K(6464K)
[565.114s][info][gc             ] GC(1498) Pause Young (Allocation Failure) 379M->164M(386M) 1.017ms
[565.114s][info][gc,cpu         ] GC(1498) User=0.00s Sys=0.00s Real=0.00s
[565.403s][info][gc,start       ] GC(1499) Pause Young (Allocation Failure)
[565.405s][info][gc,heap        ] GC(1499) PSYoungGen: 212544K(220160K)->64K(205312K) Eden: 212480K(212480K)->0K(204800K) From: 64K(7680K)->64K(512K)
[565.405s][info][gc,heap        ] GC(1499) ParOldGen: 168254K(175104K)->168262K(175104K)
[565.405s][info][gc,metaspace   ] GC(1499) Metaspace: 35429K(36160K)->35429K(36160K) NonClass: 29157K(29696K)->29157K(29696K) Class: 6272K(6464K)->6272K(6464K)
[565.405s][info][gc             ] GC(1499) Pause Young (Allocation Failure) 371M->164M(371M) 1.925ms
[565.405s][info][gc,cpu         ] GC(1499) User=0.00s Sys=0.00s Real=0.00s
[565.864s][info][gc,start       ] GC(1500) Pause Young (Allocation Failure)
[565.865s][info][gc,heap        ] GC(1500) PSYoungGen: 204864K(205312K)->64K(203776K) Eden: 204800K(204800K)->0K(197120K) From: 64K(512K)->64K(6656K)
[565.865s][info][gc,heap        ] GC(1500) ParOldGen: 168262K(175104K)->168270K(175104K)
[565.865s][info][gc,metaspace   ] GC(1500) Metaspace: 35429K(36160K)->35429K(36160K) NonClass: 29157K(29696K)->29157K(29696K) Class: 6272K(6464K)->6272K(6464K)
[565.865s][info][gc             ] GC(1500) Pause Young (Allocation Failure) 364M->164M(370M) 1.109ms
[565.865s][info][gc,cpu         ] GC(1500) User=0.00s Sys=0.00s Real=0.00s
[566.090s][info][gc,start       ] GC(1501) Pause Young (Allocation Failure)
[566.092s][info][gc,heap        ] GC(1501) PSYoungGen: 197184K(203776K)->32K(190464K) Eden: 197120K(197120K)->0K(189952K) From: 64K(6656K)->32K(512K)
[566.092s][info][gc,heap        ] GC(1501) ParOldGen: 168270K(175104K)->168278K(175104K)
[566.092s][info][gc,metaspace   ] GC(1501) Metaspace: 35429K(36160K)->35429K(36160K) NonClass: 29157K(29696K)->29157K(29696K) Class: 6272K(6464K)->6272K(6464K)
[566.092s][info][gc             ] GC(1501) Pause Young (Allocation Failure) 356M->164M(357M) 2.162ms
[566.092s][info][gc,cpu         ] GC(1501) User=0.00s Sys=0.00s Real=0.00s
[566.384s][info][gc,start       ] GC(1502) Pause Young (Allocation Failure)
[566.410s][info][gc,heap        ] GC(1502) PSYoungGen: 189984K(190464K)->5632K(232960K) Eden: 189952K(189952K)->0K(227328K) From: 32K(512K)->5632K(5632K)
[566.410s][info][gc,heap        ] GC(1502) ParOldGen: 168278K(175104K)->175222K(175616K)
[566.410s][info][gc,metaspace   ] GC(1502) Metaspace: 35429K(36160K)->35429K(36160K) NonClass: 29157K(29696K)->29157K(29696K) Class: 6272K(6464K)->6272K(6464K)
[566.410s][info][gc             ] GC(1502) Pause Young (Allocation Failure) 349M->176M(399M) 25.661ms
[566.410s][info][gc,cpu         ] GC(1502) User=0.03s Sys=0.00s Real=0.03s
[566.674s][info][gc,start       ] GC(1503) Pause Young (Allocation Failure)
[566.729s][info][gc,heap        ] GC(1503) PSYoungGen: 232960K(232960K)->5632K(250880K) Eden: 227328K(227328K)->0K(245248K) From: 5632K(5632K)->5632K(5632K)
[566.729s][info][gc,heap        ] GC(1503) ParOldGen: 175222K(175616K)->193838K(194048K)
[566.729s][info][gc,metaspace   ] GC(1503) Metaspace: 35429K(36160K)->35429K(36160K) NonClass: 29157K(29696K)->29157K(29696K) Class: 6272K(6464K)->6272K(6464K)
[566.729s][info][gc             ] GC(1503) Pause Young (Allocation Failure) 398M->194M(434M) 55.175ms
[566.729s][info][gc,cpu         ] GC(1503) User=0.10s Sys=0.01s Real=0.06s
[567.015s][info][gc,start       ] GC(1504) Pause Young (Allocation Failure)
[567.066s][info][gc,heap        ] GC(1504) PSYoungGen: 250880K(250880K)->17408K(262656K) Eden: 245248K(245248K)->0K(245248K) From: 5632K(5632K)->17408K(17408K)
[567.066s][info][gc,heap        ] GC(1504) ParOldGen: 193838K(194048K)->202966K(203264K)
[567.066s][info][gc,metaspace   ] GC(1504) Metaspace: 35429K(36160K)->35429K(36160K) NonClass: 29157K(29696K)->29157K(29696K) Class: 6272K(6464K)->6272K(6464K)
[567.066s][info][gc             ] GC(1504) Pause Young (Allocation Failure) 434M->215M(455M) 51.544ms
[567.066s][info][gc,cpu         ] GC(1504) User=0.09s Sys=0.00s Real=0.05s
[567.182s][info][gc,start       ] GC(1505) Pause Young (Allocation Failure)
[567.198s][info][gc,heap        ] GC(1505) PSYoungGen: 262656K(262656K)->6560K(311296K) Eden: 245248K(245248K)->0K(286720K) From: 17408K(17408K)->6560K(24576K)
[567.198s][info][gc,heap        ] GC(1505) ParOldGen: 202966K(203264K)->203286K(203776K)
[567.198s][info][gc,metaspace   ] GC(1505) Metaspace: 35429K(36160K)->35429K(36160K) NonClass: 29157K(29696K)->29157K(29696K) Class: 6272K(6464K)->6272K(6464K)
[567.198s][info][gc             ] GC(1505) Pause Young (Allocation Failure) 454M->204M(503M) 16.197ms
[567.198s][info][gc,cpu         ] GC(1505) User=0.03s Sys=0.01s Real=0.02s
[567.630s][info][gc,start       ] GC(1506) Pause Young (Allocation Failure)
[567.631s][info][gc,heap        ] GC(1506) PSYoungGen: 293280K(311296K)->64K(287232K) Eden: 286720K(286720K)->0K(286720K) From: 6560K(24576K)->64K(512K)
[567.631s][info][gc,heap        ] GC(1506) ParOldGen: 203286K(203776K)->203294K(203776K)
[567.631s][info][gc,metaspace   ] GC(1506) Metaspace: 35429K(36160K)->35429K(36160K) NonClass: 29157K(29696K)->29157K(29696K) Class: 6272K(6464K)->6272K(6464K)
[567.631s][info][gc             ] GC(1506) Pause Young (Allocation Failure) 484M->198M(479M) 1.088ms
[567.631s][info][gc,cpu         ] GC(1506) User=0.00s Sys=0.00s Real=0.00s
[568.247s][info][gc,start       ] GC(1507) Pause Young (Allocation Failure)
[568.248s][info][gc,heap        ] GC(1507) PSYoungGen: 286784K(287232K)->64K(309248K) Eden: 286720K(286720K)->0K(287232K) From: 64K(512K)->64K(22016K)
[568.248s][info][gc,heap        ] GC(1507) ParOldGen: 203294K(203776K)->203302K(203776K)
[568.248s][info][gc,metaspace   ] GC(1507) Metaspace: 35431K(36160K)->35431K(36160K) NonClass: 29158K(29696K)->29158K(29696K) Class: 6272K(6464K)->6272K(6464K)
[568.248s][info][gc             ] GC(1507) Pause Young (Allocation Failure) 478M->198M(501M) 1.137ms
[568.248s][info][gc,cpu         ] GC(1507) User=0.00s Sys=0.00s Real=0.00s
[568.704s][info][gc,start       ] GC(1508) Pause Young (Allocation Failure)
[568.705s][info][gc,heap        ] GC(1508) PSYoungGen: 287296K(309248K)->64K(308736K) Eden: 287232K(287232K)->0K(287232K) From: 64K(22016K)->64K(21504K)
[568.705s][info][gc,heap        ] GC(1508) ParOldGen: 203302K(203776K)->203318K(203776K)
[568.705s][info][gc,metaspace   ] GC(1508) Metaspace: 35431K(36160K)->35431K(36160K) NonClass: 29158K(29696K)->29158K(29696K) Class: 6272K(6464K)->6272K(6464K)
[568.705s][info][gc             ] GC(1508) Pause Young (Allocation Failure) 479M->198M(500M) 1.152ms
[568.705s][info][gc,cpu         ] GC(1508) User=0.00s Sys=0.00s Real=0.00s
[568.903s][info][gc,start       ] GC(1509) Pause Young (Allocation Failure)
[568.904s][info][gc,heap        ] GC(1509) PSYoungGen: 287296K(308736K)->32K(311296K) Eden: 287232K(287232K)->0K(290816K) From: 64K(21504K)->32K(20480K)
[568.904s][info][gc,heap        ] GC(1509) ParOldGen: 203318K(203776K)->203334K(203776K)
[568.904s][info][gc,metaspace   ] GC(1509) Metaspace: 35431K(36160K)->35431K(36160K) NonClass: 29158K(29696K)->29158K(29696K) Class: 6272K(6464K)->6272K(6464K)
[568.904s][info][gc             ] GC(1509) Pause Young (Allocation Failure) 479M->198M(503M) 1.083ms
[568.904s][info][gc,cpu         ] GC(1509) User=0.00s Sys=0.00s Real=0.00s
[569.109s][info][gc,start       ] GC(1510) Pause Young (Allocation Failure)
[569.110s][info][gc,heap        ] GC(1510) PSYoungGen: 290848K(311296K)->64K(310784K) Eden: 290816K(290816K)->0K(290816K) From: 32K(20480K)->64K(19968K)
[569.110s][info][gc,heap        ] GC(1510) ParOldGen: 203334K(203776K)->203334K(203776K)
[569.110s][info][gc,metaspace   ] GC(1510) Metaspace: 35431K(36160K)->35431K(36160K) NonClass: 29158K(29696K)->29158K(29696K) Class: 6272K(6464K)->6272K(6464K)
[569.110s][info][gc             ] GC(1510) Pause Young (Allocation Failure) 482M->198M(502M) 1.104ms
[569.110s][info][gc,cpu         ] GC(1510) User=0.00s Sys=0.00s Real=0.00s
[569.458s][info][gc,start       ] GC(1511) Pause Young (Allocation Failure)
[569.459s][info][gc,heap        ] GC(1511) PSYoungGen: 290880K(310784K)->64K(312832K) Eden: 290816K(290816K)->0K(294400K) From: 64K(19968K)->64K(18432K)
[569.459s][info][gc,heap        ] GC(1511) ParOldGen: 203334K(203776K)->203334K(203776K)
[569.459s][info][gc,metaspace   ] GC(1511) Metaspace: 35431K(36160K)->35431K(36160K) NonClass: 29158K(29696K)->29158K(29696K) Class: 6272K(6464K)->6272K(6464K)
[569.459s][info][gc             ] GC(1511) Pause Young (Allocation Failure) 482M->198M(504M) 1.079ms
[569.459s][info][gc,cpu         ] GC(1511) User=0.00s Sys=0.00s Real=0.00s
[569.570s][info][gc,start       ] GC(1512) Pause Young (Allocation Failure)
[569.571s][info][gc,heap        ] GC(1512) PSYoungGen: 294464K(312832K)->64K(312320K) Eden: 294400K(294400K)->0K(294400K) From: 64K(18432K)->64K(17920K)
[569.571s][info][gc,heap        ] GC(1512) ParOldGen: 203334K(203776K)->203342K(203776K)
[569.571s][info][gc,metaspace   ] GC(1512) Metaspace: 35431K(36160K)->35431K(36160K) NonClass: 29158K(29696K)->29158K(29696K) Class: 6272K(6464K)->6272K(6464K)
[569.571s][info][gc             ] GC(1512) Pause Young (Allocation Failure) 486M->198M(504M) 1.086ms
[569.571s][info][gc,cpu         ] GC(1512) User=0.00s Sys=0.00s Real=0.00s
[569.625s][info][gc,start       ] GC(1513) Pause Young (Allocation Failure)
[569.626s][info][gc,heap        ] GC(1513) PSYoungGen: 294464K(312320K)->64K(314880K) Eden: 294400K(294400K)->0K(298496K) From: 64K(17920K)->64K(16384K)
[569.626s][info][gc,heap        ] GC(1513) ParOldGen: 203342K(203776K)->203358K(203776K)
[569.626s][info][gc,metaspace   ] GC(1513) Metaspace: 35431K(36160K)->35431K(36160K) NonClass: 29158K(29696K)->29158K(29696K) Class: 6272K(6464K)->6272K(6464K)
[569.626s][info][gc             ] GC(1513) Pause Young (Allocation Failure) 486M->198M(506M) 0.983ms
[569.626s][info][gc,cpu         ] GC(1513) User=0.00s Sys=0.00s Real=0.00s
[569.771s][info][gc,start       ] GC(1514) Pause Young (Allocation Failure)
[569.772s][info][gc,heap        ] GC(1514) PSYoungGen: 298560K(314880K)->64K(314880K) Eden: 298496K(298496K)->0K(298496K) From: 64K(16384K)->64K(16384K)
[569.772s][info][gc,heap        ] GC(1514) ParOldGen: 203358K(203776K)->203358K(203776K)
[569.772s][info][gc,metaspace   ] GC(1514) Metaspace: 35431K(36160K)->35431K(36160K) NonClass: 29158K(29696K)->29158K(29696K) Class: 6272K(6464K)->6272K(6464K)
[569.772s][info][gc             ] GC(1514) Pause Young (Allocation Failure) 490M->198M(506M) 1.127ms
[569.772s][info][gc,cpu         ] GC(1514) User=0.00s Sys=0.00s Real=0.00s
[569.991s][info][gc,start       ] GC(1515) Pause Young (Allocation Failure)
[569.992s][info][gc,heap        ] GC(1515) PSYoungGen: 298560K(314880K)->64K(316928K) Eden: 298496K(298496K)->0K(301568K) From: 64K(16384K)->64K(15360K)
[569.992s][info][gc,heap        ] GC(1515) ParOldGen: 203358K(203776K)->203366K(203776K)
[569.992s][info][gc,metaspace   ] GC(1515) Metaspace: 35431K(36160K)->35431K(36160K) NonClass: 29158K(29696K)->29158K(29696K) Class: 6272K(6464K)->6272K(6464K)
[569.992s][info][gc             ] GC(1515) Pause Young (Allocation Failure) 490M->198M(508M) 0.993ms
[569.992s][info][gc,cpu         ] GC(1515) User=0.00s Sys=0.00s Real=0.00s
[570.149s][info][gc,start       ] GC(1516) Pause Young (Allocation Failure)
[570.150s][info][gc,heap        ] GC(1516) PSYoungGen: 301632K(316928K)->64K(316416K) Eden: 301568K(301568K)->0K(301568K) From: 64K(15360K)->64K(14848K)
[570.150s][info][gc,heap        ] GC(1516) ParOldGen: 203366K(203776K)->203374K(203776K)
[570.150s][info][gc,metaspace   ] GC(1516) Metaspace: 35432K(36160K)->35432K(36160K) NonClass: 29159K(29696K)->29159K(29696K) Class: 6272K(6464K)->6272K(6464K)
[570.150s][info][gc             ] GC(1516) Pause Young (Allocation Failure) 493M->198M(508M) 1.087ms
[570.150s][info][gc,cpu         ] GC(1516) User=0.00s Sys=0.00s Real=0.00s
[570.232s][info][gc,start       ] GC(1517) Pause Young (Allocation Failure)
[570.233s][info][gc,heap        ] GC(1517) PSYoungGen: 301632K(316416K)->64K(317952K) Eden: 301568K(301568K)->0K(304640K) From: 64K(14848K)->64K(13312K)
[570.233s][info][gc,heap        ] GC(1517) ParOldGen: 203374K(203776K)->203390K(203776K)
[570.233s][info][gc,metaspace   ] GC(1517) Metaspace: 35432K(36160K)->35432K(36160K) NonClass: 29159K(29696K)->29159K(29696K) Class: 6272K(6464K)->6272K(6464K)
[570.233s][info][gc             ] GC(1517) Pause Young (Allocation Failure) 493M->198M(509M) 1.045ms
[570.233s][info][gc,cpu         ] GC(1517) User=0.00s Sys=0.00s Real=0.00s
[570.405s][info][gc,start       ] GC(1518) Pause Young (Allocation Failure)
[570.406s][info][gc,heap        ] GC(1518) PSYoungGen: 304704K(317952K)->64K(292864K) Eden: 304640K(304640K)->0K(292352K) From: 64K(13312K)->64K(512K)
[570.406s][info][gc,heap        ] GC(1518) ParOldGen: 203390K(203776K)->203390K(203776K)
[570.406s][info][gc,metaspace   ] GC(1518) Metaspace: 35432K(36160K)->35432K(36160K) NonClass: 29159K(29696K)->29159K(29696K) Class: 6272K(6464K)->6272K(6464K)
[570.406s][info][gc             ] GC(1518) Pause Young (Allocation Failure) 496M->198M(485M) 1.112ms
[570.406s][info][gc,cpu         ] GC(1518) User=0.00s Sys=0.00s Real=0.00s
[571.387s][info][gc,start       ] GC(1519) Pause Young (Allocation Failure)
[571.388s][info][gc,heap        ] GC(1519) PSYoungGen: 292416K(292864K)->64K(281088K) Eden: 292352K(292352K)->0K(280576K) From: 64K(512K)->64K(512K)
[571.388s][info][gc,heap        ] GC(1519) ParOldGen: 203390K(203776K)->203398K(203776K)
[571.388s][info][gc,metaspace   ] GC(1519) Metaspace: 35432K(36160K)->35432K(36160K) NonClass: 29159K(29696K)->29159K(29696K) Class: 6272K(6464K)->6272K(6464K)
[571.388s][info][gc             ] GC(1519) Pause Young (Allocation Failure) 484M->198M(473M) 1.523ms
[571.388s][info][gc,cpu         ] GC(1519) User=0.00s Sys=0.00s Real=0.00s
[572.270s][info][gc,start       ] GC(1520) Pause Young (Allocation Failure)
[572.271s][info][gc,heap        ] GC(1520) PSYoungGen: 280640K(281088K)->64K(280576K) Eden: 280576K(280576K)->0K(269312K) From: 64K(512K)->64K(11264K)
[572.271s][info][gc,heap        ] GC(1520) ParOldGen: 203398K(203776K)->203406K(203776K)
[572.271s][info][gc,metaspace   ] GC(1520) Metaspace: 35432K(36160K)->35432K(36160K) NonClass: 29159K(29696K)->29159K(29696K) Class: 6272K(6464K)->6272K(6464K)
[572.271s][info][gc             ] GC(1520) Pause Young (Allocation Failure) 472M->198M(473M) 0.974ms
[572.271s][info][gc,cpu         ] GC(1520) User=0.00s Sys=0.00s Real=0.00s
[572.440s][info][gc,start       ] GC(1521) Pause Young (Allocation Failure)
[572.442s][info][gc,heap        ] GC(1521) PSYoungGen: 269376K(280576K)->64K(259072K) Eden: 269312K(269312K)->0K(258560K) From: 64K(11264K)->64K(512K)
[572.442s][info][gc,heap        ] GC(1521) ParOldGen: 203406K(203776K)->203414K(203776K)
[572.442s][info][gc,metaspace   ] GC(1521) Metaspace: 35432K(36160K)->35432K(36160K) NonClass: 29159K(29696K)->29159K(29696K) Class: 6272K(6464K)->6272K(6464K)
[572.442s][info][gc             ] GC(1521) Pause Young (Allocation Failure) 461M->198M(452M) 1.702ms
[572.442s][info][gc,cpu         ] GC(1521) User=0.00s Sys=0.00s Real=0.00s
[572.891s][info][gc,start       ] GC(1522) Pause Young (Allocation Failure)
[572.892s][info][gc,heap        ] GC(1522) PSYoungGen: 258624K(259072K)->64K(258560K) Eden: 258560K(258560K)->0K(248320K) From: 64K(512K)->64K(10240K)
[572.893s][info][gc,heap        ] GC(1522) ParOldGen: 203414K(203776K)->203422K(203776K)
[572.893s][info][gc,metaspace   ] GC(1522) Metaspace: 35432K(36160K)->35432K(36160K) NonClass: 29159K(29696K)->29159K(29696K) Class: 6272K(6464K)->6272K(6464K)
[572.893s][info][gc             ] GC(1522) Pause Young (Allocation Failure) 451M->198M(451M) 1.151ms
[572.893s][info][gc,cpu         ] GC(1522) User=0.00s Sys=0.00s Real=0.00s
[573.877s][info][gc,start       ] GC(1523) Pause Young (Allocation Failure)
[573.879s][info][gc,heap        ] GC(1523) PSYoungGen: 248384K(258560K)->32K(239104K) Eden: 248320K(248320K)->0K(238592K) From: 64K(10240K)->32K(512K)
[573.879s][info][gc,heap        ] GC(1523) ParOldGen: 203422K(203776K)->203430K(203776K)
[573.879s][info][gc,metaspace   ] GC(1523) Metaspace: 35432K(36160K)->35432K(36160K) NonClass: 29159K(29696K)->29159K(29696K) Class: 6272K(6464K)->6272K(6464K)
[573.880s][info][gc             ] GC(1523) Pause Young (Allocation Failure) 441M->198M(432M) 2.756ms
[573.880s][info][gc,cpu         ] GC(1523) User=0.00s Sys=0.00s Real=0.00s
[574.269s][info][gc,start       ] GC(1524) Pause Young (Allocation Failure)
[574.271s][info][gc,heap        ] GC(1524) PSYoungGen: 238624K(239104K)->64K(238080K) Eden: 238592K(238592K)->0K(229376K) From: 32K(512K)->64K(8704K)
[574.271s][info][gc,heap        ] GC(1524) ParOldGen: 203430K(203776K)->203438K(203776K)
[574.271s][info][gc,metaspace   ] GC(1524) Metaspace: 35432K(36160K)->35432K(36160K) NonClass: 29159K(29696K)->29159K(29696K) Class: 6272K(6464K)->6272K(6464K)
[574.271s][info][gc             ] GC(1524) Pause Young (Allocation Failure) 431M->198M(431M) 1.865ms
[574.271s][info][gc,cpu         ] GC(1524) User=0.00s Sys=0.00s Real=0.00s
[574.475s][info][gc,start       ] GC(1525) Pause Young (Allocation Failure)
[574.477s][info][gc,heap        ] GC(1525) PSYoungGen: 229440K(238080K)->32K(221184K) Eden: 229376K(229376K)->0K(220672K) From: 64K(8704K)->32K(512K)
[574.477s][info][gc,heap        ] GC(1525) ParOldGen: 203438K(203776K)->203446K(203776K)
[574.477s][info][gc,metaspace   ] GC(1525) Metaspace: 35432K(36160K)->35432K(36160K) NonClass: 29159K(29696K)->29159K(29696K) Class: 6272K(6464K)->6272K(6464K)
[574.477s][info][gc             ] GC(1525) Pause Young (Allocation Failure) 422M->198M(415M) 2.607ms
[574.477s][info][gc,cpu         ] GC(1525) User=0.00s Sys=0.00s Real=0.01s
[574.534s][info][gc,start       ] GC(1526) Pause Young (Allocation Failure)
[574.535s][info][gc,heap        ] GC(1526) PSYoungGen: 220704K(221184K)->32K(269312K) Eden: 220672K(220672K)->0K(261632K) From: 32K(512K)->32K(7680K)
[574.535s][info][gc,heap        ] GC(1526) ParOldGen: 203446K(203776K)->203454K(203776K)
[574.535s][info][gc,metaspace   ] GC(1526) Metaspace: 35432K(36160K)->35432K(36160K) NonClass: 29159K(29696K)->29159K(29696K) Class: 6272K(6464K)->6272K(6464K)
[574.535s][info][gc             ] GC(1526) Pause Young (Allocation Failure) 414M->198M(462M) 1.685ms
[574.535s][info][gc,cpu         ] GC(1526) User=0.00s Sys=0.00s Real=0.00s
[575.015s][info][gc,start       ] GC(1527) Pause Young (Allocation Failure)
[575.018s][info][gc,heap        ] GC(1527) PSYoungGen: 261664K(269312K)->64K(251904K) Eden: 261632K(261632K)->0K(251392K) From: 32K(7680K)->64K(512K)
[575.018s][info][gc,heap        ] GC(1527) ParOldGen: 203454K(203776K)->203454K(203776K)
[575.018s][info][gc,metaspace   ] GC(1527) Metaspace: 35432K(36160K)->35432K(36160K) NonClass: 29159K(29696K)->29159K(29696K) Class: 6272K(6464K)->6272K(6464K)
[575.018s][info][gc             ] GC(1527) Pause Young (Allocation Failure) 454M->198M(445M) 2.549ms
[575.018s][info][gc,cpu         ] GC(1527) User=0.00s Sys=0.01s Real=0.01s
[575.345s][info][gc,start       ] GC(1528) Pause Young (Allocation Failure)
[575.347s][info][gc,heap        ] GC(1528) PSYoungGen: 251456K(251904K)->64K(248320K) Eden: 251392K(251392K)->0K(241664K) From: 64K(512K)->64K(6656K)
[575.347s][info][gc,heap        ] GC(1528) ParOldGen: 203454K(203776K)->203470K(203776K)
[575.347s][info][gc,metaspace   ] GC(1528) Metaspace: 35432K(36160K)->35432K(36160K) NonClass: 29159K(29696K)->29159K(29696K) Class: 6272K(6464K)->6272K(6464K)
[575.347s][info][gc             ] GC(1528) Pause Young (Allocation Failure) 444M->198M(441M) 1.829ms
[575.347s][info][gc,cpu         ] GC(1528) User=0.00s Sys=0.00s Real=0.01s
[575.742s][info][gc,start       ] GC(1529) Pause Young (Allocation Failure)
[575.773s][info][gc,heap        ] GC(1529) PSYoungGen: 241728K(248320K)->6144K(264192K) Eden: 241664K(241664K)->0K(258048K) From: 64K(6656K)->6144K(6144K)
[575.773s][info][gc,heap        ] GC(1529) ParOldGen: 203470K(203776K)->206758K(206848K)
[575.773s][info][gc,metaspace   ] GC(1529) Metaspace: 35432K(36160K)->35432K(36160K) NonClass: 29159K(29696K)->29159K(29696K) Class: 6272K(6464K)->6272K(6464K)
[575.773s][info][gc             ] GC(1529) Pause Young (Allocation Failure) 434M->207M(460M) 30.886ms
[575.773s][info][gc,cpu         ] GC(1529) User=0.03s Sys=0.00s Real=0.03s
[576.063s][info][gc,start       ] GC(1530) Pause Young (Allocation Failure)
[576.120s][info][gc,heap        ] GC(1530) PSYoungGen: 264192K(264192K)->8704K(266752K) Eden: 258048K(258048K)->0K(258048K) From: 6144K(6144K)->8704K(8704K)
[576.120s][info][gc,heap        ] GC(1530) ParOldGen: 206758K(206848K)->225406K(225792K)
[576.120s][info][gc,metaspace   ] GC(1530) Metaspace: 35432K(36160K)->35432K(36160K) NonClass: 29159K(29696K)->29159K(29696K) Class: 6272K(6464K)->6272K(6464K)
[576.120s][info][gc             ] GC(1530) Pause Young (Allocation Failure) 459M->228M(481M) 57.624ms
[576.120s][info][gc,cpu         ] GC(1530) User=0.10s Sys=0.01s Real=0.06s
[576.409s][info][gc,start       ] GC(1531) Pause Young (Allocation Failure)
[576.473s][info][gc,heap        ] GC(1531) PSYoungGen: 266752K(266752K)->17920K(301568K) Eden: 258048K(258048K)->0K(283648K) From: 8704K(8704K)->17920K(17920K)
[576.473s][info][gc,heap        ] GC(1531) ParOldGen: 225406K(225792K)->235382K(235520K)
[576.473s][info][gc,metaspace   ] GC(1531) Metaspace: 35432K(36160K)->35432K(36160K) NonClass: 29159K(29696K)->29159K(29696K) Class: 6272K(6464K)->6272K(6464K)
[576.473s][info][gc             ] GC(1531) Pause Young (Allocation Failure) 480M->247M(524M) 63.592ms
[576.473s][info][gc,cpu         ] GC(1531) User=0.11s Sys=0.02s Real=0.06s
[576.595s][info][gc,start       ] GC(1532) Pause Young (Allocation Failure)
[576.609s][info][gc,heap        ] GC(1532) PSYoungGen: 301568K(301568K)->5120K(308736K) Eden: 283648K(283648K)->0K(283648K) From: 17920K(17920K)->5120K(25088K)
[576.609s][info][gc,heap        ] GC(1532) ParOldGen: 235382K(235520K)->235734K(236032K)
[576.609s][info][gc,metaspace   ] GC(1532) Metaspace: 35432K(36160K)->35432K(36160K) NonClass: 29159K(29696K)->29159K(29696K) Class: 6272K(6464K)->6272K(6464K)
[576.609s][info][gc             ] GC(1532) Pause Young (Allocation Failure) 524M->235M(532M) 14.089ms
[576.609s][info][gc,cpu         ] GC(1532) User=0.02s Sys=0.00s Real=0.02s
[577.130s][info][gc,start       ] GC(1533) Pause Young (Allocation Failure)
[577.132s][info][gc,heap        ] GC(1533) PSYoungGen: 288768K(308736K)->64K(306176K) Eden: 283648K(283648K)->0K(285184K) From: 5120K(25088K)->64K(20992K)
[577.132s][info][gc,heap        ] GC(1533) ParOldGen: 235734K(236032K)->235742K(236032K)
[577.132s][info][gc,metaspace   ] GC(1533) Metaspace: 35432K(36160K)->35432K(36160K) NonClass: 29159K(29696K)->29159K(29696K) Class: 6272K(6464K)->6272K(6464K)
[577.132s][info][gc             ] GC(1533) Pause Young (Allocation Failure) 512M->230M(529M) 1.389ms
[577.132s][info][gc,cpu         ] GC(1533) User=0.00s Sys=0.01s Real=0.00s
[577.663s][info][gc,start       ] GC(1534) Pause Young (Allocation Failure)
[577.664s][info][gc,heap        ] GC(1534) PSYoungGen: 285248K(306176K)->64K(308224K) Eden: 285184K(285184K)->0K(285184K) From: 64K(20992K)->64K(23040K)
[577.664s][info][gc,heap        ] GC(1534) ParOldGen: 235742K(236032K)->235750K(236032K)
[577.664s][info][gc,metaspace   ] GC(1534) Metaspace: 35432K(36160K)->35432K(36160K) NonClass: 29159K(29696K)->29159K(29696K) Class: 6272K(6464K)->6272K(6464K)
[577.664s][info][gc             ] GC(1534) Pause Young (Allocation Failure) 508M->230M(531M) 1.252ms
[577.664s][info][gc,cpu         ] GC(1534) User=0.00s Sys=0.00s Real=0.00s
[578.092s][info][gc,start       ] GC(1535) Pause Young (Allocation Failure)
[578.093s][info][gc,heap        ] GC(1535) PSYoungGen: 285248K(308224K)->64K(308736K) Eden: 285184K(285184K)->0K(288768K) From: 64K(23040K)->64K(19968K)
[578.093s][info][gc,heap        ] GC(1535) ParOldGen: 235750K(236032K)->235766K(236032K)
[578.093s][info][gc,metaspace   ] GC(1535) Metaspace: 35432K(36160K)->35432K(36160K) NonClass: 29159K(29696K)->29159K(29696K) Class: 6272K(6464K)->6272K(6464K)
[578.093s][info][gc             ] GC(1535) Pause Young (Allocation Failure) 508M->230M(532M) 1.249ms
[578.093s][info][gc,cpu         ] GC(1535) User=0.00s Sys=0.00s Real=0.00s
[578.290s][info][gc,start       ] GC(1536) Pause Young (Allocation Failure)
[578.291s][info][gc,heap        ] GC(1536) PSYoungGen: 288832K(308736K)->64K(310272K) Eden: 288768K(288768K)->0K(288768K) From: 64K(19968K)->64K(21504K)
[578.291s][info][gc,heap        ] GC(1536) ParOldGen: 235766K(236032K)->235782K(236032K)
[578.291s][info][gc,metaspace   ] GC(1536) Metaspace: 35432K(36160K)->35432K(36160K) NonClass: 29159K(29696K)->29159K(29696K) Class: 6272K(6464K)->6272K(6464K)
[578.291s][info][gc             ] GC(1536) Pause Young (Allocation Failure) 512M->230M(533M) 1.168ms
[578.291s][info][gc,cpu         ] GC(1536) User=0.00s Sys=0.00s Real=0.00s
[578.491s][info][gc,start       ] GC(1537) Pause Young (Allocation Failure)
[578.492s][info][gc,heap        ] GC(1537) PSYoungGen: 288832K(310272K)->64K(309760K) Eden: 288768K(288768K)->0K(291840K) From: 64K(21504K)->64K(17920K)
[578.492s][info][gc,heap        ] GC(1537) ParOldGen: 235782K(236032K)->235782K(236032K)
[578.492s][info][gc,metaspace   ] GC(1537) Metaspace: 35432K(36160K)->35432K(36160K) NonClass: 29159K(29696K)->29159K(29696K) Class: 6272K(6464K)->6272K(6464K)
[578.492s][info][gc             ] GC(1537) Pause Young (Allocation Failure) 512M->230M(533M) 1.241ms
[578.492s][info][gc,cpu         ] GC(1537) User=0.00s Sys=0.00s Real=0.00s
[578.856s][info][gc,start       ] GC(1538) Pause Young (Allocation Failure)
[578.857s][info][gc,heap        ] GC(1538) PSYoungGen: 291904K(309760K)->64K(311296K) Eden: 291840K(291840K)->0K(291840K) From: 64K(17920K)->64K(19456K)
[578.857s][info][gc,heap        ] GC(1538) ParOldGen: 235782K(236032K)->235782K(236032K)
[578.857s][info][gc,metaspace   ] GC(1538) Metaspace: 35432K(36160K)->35432K(36160K) NonClass: 29159K(29696K)->29159K(29696K) Class: 6272K(6464K)->6272K(6464K)
[578.857s][info][gc             ] GC(1538) Pause Young (Allocation Failure) 515M->230M(534M) 1.203ms
[578.857s][info][gc,cpu         ] GC(1538) User=0.00s Sys=0.00s Real=0.01s
[578.928s][info][gc,start       ] GC(1539) Pause Young (Allocation Failure)
[578.929s][info][gc,heap        ] GC(1539) PSYoungGen: 291904K(311296K)->64K(312832K) Eden: 291840K(291840K)->0K(295936K) From: 64K(19456K)->64K(16896K)
[578.929s][info][gc,heap        ] GC(1539) ParOldGen: 235782K(236032K)->235790K(236032K)
[578.929s][info][gc,metaspace   ] GC(1539) Metaspace: 35432K(36160K)->35432K(36160K) NonClass: 29159K(29696K)->29159K(29696K) Class: 6272K(6464K)->6272K(6464K)
[578.929s][info][gc             ] GC(1539) Pause Young (Allocation Failure) 515M->230M(536M) 1.165ms
[578.929s][info][gc,cpu         ] GC(1539) User=0.00s Sys=0.00s Real=0.00s
[578.987s][info][gc,start       ] GC(1540) Pause Young (Allocation Failure)
[578.988s][info][gc,heap        ] GC(1540) PSYoungGen: 296000K(312832K)->64K(313856K) Eden: 295936K(295936K)->0K(295936K) From: 64K(16896K)->64K(17920K)
[578.988s][info][gc,heap        ] GC(1540) ParOldGen: 235790K(236032K)->235806K(236032K)
[578.988s][info][gc,metaspace   ] GC(1540) Metaspace: 35432K(36160K)->35432K(36160K) NonClass: 29159K(29696K)->29159K(29696K) Class: 6272K(6464K)->6272K(6464K)
[578.988s][info][gc             ] GC(1540) Pause Young (Allocation Failure) 519M->230M(537M) 1.113ms
[578.988s][info][gc,cpu         ] GC(1540) User=0.00s Sys=0.00s Real=0.00s
[579.152s][info][gc,start       ] GC(1541) Pause Young (Allocation Failure)
[579.153s][info][gc,heap        ] GC(1541) PSYoungGen: 296000K(313856K)->64K(313856K) Eden: 295936K(295936K)->0K(299008K) From: 64K(17920K)->64K(14848K)
[579.153s][info][gc,heap        ] GC(1541) ParOldGen: 235806K(236032K)->235806K(236032K)
[579.153s][info][gc,metaspace   ] GC(1541) Metaspace: 35432K(36160K)->35432K(36160K) NonClass: 29159K(29696K)->29159K(29696K) Class: 6272K(6464K)->6272K(6464K)
[579.153s][info][gc             ] GC(1541) Pause Young (Allocation Failure) 519M->230M(537M) 1.140ms
[579.153s][info][gc,cpu         ] GC(1541) User=0.01s Sys=0.00s Real=0.00s
[579.372s][info][gc,start       ] GC(1542) Pause Young (Allocation Failure)
[579.373s][info][gc,heap        ] GC(1542) PSYoungGen: 299072K(313856K)->64K(314880K) Eden: 299008K(299008K)->0K(299008K) From: 64K(14848K)->64K(15872K)
[579.373s][info][gc,heap        ] GC(1542) ParOldGen: 235806K(236032K)->235814K(236032K)
[579.373s][info][gc,metaspace   ] GC(1542) Metaspace: 35432K(36160K)->35432K(36160K) NonClass: 29159K(29696K)->29159K(29696K) Class: 6272K(6464K)->6272K(6464K)
[579.373s][info][gc             ] GC(1542) Pause Young (Allocation Failure) 522M->230M(538M) 1.156ms
[579.373s][info][gc,cpu         ] GC(1542) User=0.00s Sys=0.00s Real=0.00s
[579.507s][info][gc,start       ] GC(1543) Pause Young (Allocation Failure)
[579.509s][info][gc,heap        ] GC(1543) PSYoungGen: 299072K(314880K)->64K(316928K) Eden: 299008K(299008K)->0K(303104K) From: 64K(15872K)->64K(13824K)
[579.509s][info][gc,heap        ] GC(1543) ParOldGen: 235814K(236032K)->235822K(236032K)
[579.509s][info][gc,metaspace   ] GC(1543) Metaspace: 35432K(36160K)->35432K(36160K) NonClass: 29159K(29696K)->29159K(29696K) Class: 6272K(6464K)->6272K(6464K)
[579.509s][info][gc             ] GC(1543) Pause Young (Allocation Failure) 522M->230M(540M) 1.253ms
[579.509s][info][gc,cpu         ] GC(1543) User=0.00s Sys=0.00s Real=0.00s
[579.603s][info][gc,start       ] GC(1544) Pause Young (Allocation Failure)
[579.604s][info][gc,heap        ] GC(1544) PSYoungGen: 303168K(316928K)->64K(317440K) Eden: 303104K(303104K)->0K(303104K) From: 64K(13824K)->64K(14336K)
[579.604s][info][gc,heap        ] GC(1544) ParOldGen: 235822K(236032K)->235830K(236032K)
[579.604s][info][gc,metaspace   ] GC(1544) Metaspace: 35432K(36160K)->35432K(36160K) NonClass: 29159K(29696K)->29159K(29696K) Class: 6272K(6464K)->6272K(6464K)
[579.604s][info][gc             ] GC(1544) Pause Young (Allocation Failure) 526M->230M(540M) 1.114ms
[579.604s][info][gc,cpu         ] GC(1544) User=0.00s Sys=0.00s Real=0.00s
[579.785s][info][gc,start       ] GC(1545) Pause Young (Allocation Failure)
[579.787s][info][gc,heap        ] GC(1545) PSYoungGen: 303168K(317440K)->64K(317952K) Eden: 303104K(303104K)->0K(306176K) From: 64K(14336K)->64K(11776K)
[579.787s][info][gc,heap        ] GC(1545) ParOldGen: 235830K(236032K)->235838K(236032K)
[579.787s][info][gc,metaspace   ] GC(1545) Metaspace: 35432K(36160K)->35432K(36160K) NonClass: 29159K(29696K)->29159K(29696K) Class: 6272K(6464K)->6272K(6464K)
[579.787s][info][gc             ] GC(1545) Pause Young (Allocation Failure) 526M->230M(541M) 1.277ms
[579.787s][info][gc,cpu         ] GC(1545) User=0.01s Sys=0.00s Real=0.01s
[580.755s][info][gc,start       ] GC(1546) Pause Young (Allocation Failure)
[580.757s][info][gc,heap        ] GC(1546) PSYoungGen: 306240K(317952K)->83K(294400K) Eden: 306176K(306176K)->0K(293888K) From: 64K(11776K)->83K(512K)
[580.757s][info][gc,heap        ] GC(1546) ParOldGen: 235838K(236032K)->235846K(236032K)
[580.757s][info][gc,metaspace   ] GC(1546) Metaspace: 35432K(36160K)->35432K(36160K) NonClass: 29159K(29696K)->29159K(29696K) Class: 6272K(6464K)->6272K(6464K)
[580.757s][info][gc             ] GC(1546) Pause Young (Allocation Failure) 529M->230M(518M) 2.017ms
[580.757s][info][gc,cpu         ] GC(1546) User=0.00s Sys=0.00s Real=0.01s
[581.665s][info][gc,start       ] GC(1547) Pause Young (Allocation Failure)
[581.667s][info][gc,heap        ] GC(1547) PSYoungGen: 293971K(294400K)->64K(282624K) Eden: 293888K(293888K)->0K(282112K) From: 83K(512K)->64K(512K)
[581.667s][info][gc,heap        ] GC(1547) ParOldGen: 235846K(236032K)->235854K(236032K)
[581.667s][info][gc,metaspace   ] GC(1547) Metaspace: 35432K(36160K)->35432K(36160K) NonClass: 29159K(29696K)->29159K(29696K) Class: 6272K(6464K)->6272K(6464K)
[581.667s][info][gc             ] GC(1547) Pause Young (Allocation Failure) 517M->230M(506M) 1.506ms
[581.667s][info][gc,cpu         ] GC(1547) User=0.00s Sys=0.00s Real=0.01s
[581.973s][info][gc,start       ] GC(1548) Pause Young (Allocation Failure)
[581.974s][info][gc,heap        ] GC(1548) PSYoungGen: 282176K(282624K)->64K(281600K) Eden: 282112K(282112K)->0K(270848K) From: 64K(512K)->64K(10752K)
[581.975s][info][gc,heap        ] GC(1548) ParOldGen: 235854K(236032K)->235862K(236032K)
[581.975s][info][gc,metaspace   ] GC(1548) Metaspace: 35432K(36160K)->35432K(36160K) NonClass: 29159K(29696K)->29159K(29696K) Class: 6272K(6464K)->6272K(6464K)
[581.975s][info][gc             ] GC(1548) Pause Young (Allocation Failure) 505M->230M(505M) 1.195ms
[581.975s][info][gc,cpu         ] GC(1548) User=0.00s Sys=0.00s Real=0.00s
[582.394s][info][gc,start       ] GC(1549) Pause Young (Allocation Failure)
[582.396s][info][gc,heap        ] GC(1549) PSYoungGen: 270912K(281600K)->64K(260608K) Eden: 270848K(270848K)->0K(260096K) From: 64K(10752K)->64K(512K)
[582.396s][info][gc,heap        ] GC(1549) ParOldGen: 235862K(236032K)->235870K(236032K)
[582.396s][info][gc,metaspace   ] GC(1549) Metaspace: 35432K(36160K)->35432K(36160K) NonClass: 29159K(29696K)->29159K(29696K) Class: 6272K(6464K)->6272K(6464K)
[582.396s][info][gc             ] GC(1549) Pause Young (Allocation Failure) 494M->230M(485M) 1.646ms
[582.396s][info][gc,cpu         ] GC(1549) User=0.00s Sys=0.00s Real=0.00s
[583.346s][info][gc,start       ] GC(1550) Pause Young (Allocation Failure)
[583.347s][info][gc,heap        ] GC(1550) PSYoungGen: 260160K(260608K)->64K(259584K) Eden: 260096K(260096K)->0K(249856K) From: 64K(512K)->64K(9728K)
[583.347s][info][gc,heap        ] GC(1550) ParOldGen: 235870K(236032K)->235878K(236032K)
[583.347s][info][gc,metaspace   ] GC(1550) Metaspace: 35432K(36160K)->35432K(36160K) NonClass: 29159K(29696K)->29159K(29696K) Class: 6272K(6464K)->6272K(6464K)
[583.347s][info][gc             ] GC(1550) Pause Young (Allocation Failure) 484M->230M(484M) 1.181ms
[583.347s][info][gc,cpu         ] GC(1550) User=0.00s Sys=0.00s Real=0.01s
[583.697s][info][gc,start       ] GC(1551) Pause Young (Allocation Failure)
[583.699s][info][gc,heap        ] GC(1551) PSYoungGen: 249920K(259584K)->64K(240640K) Eden: 249856K(249856K)->0K(240128K) From: 64K(9728K)->64K(512K)
[583.699s][info][gc,heap        ] GC(1551) ParOldGen: 235878K(236032K)->235886K(236032K)
[583.699s][info][gc,metaspace   ] GC(1551) Metaspace: 35432K(36160K)->35432K(36160K) NonClass: 29159K(29696K)->29159K(29696K) Class: 6272K(6464K)->6272K(6464K)
[583.699s][info][gc             ] GC(1551) Pause Young (Allocation Failure) 474M->230M(465M) 2.158ms
[583.699s][info][gc,cpu         ] GC(1551) User=0.00s Sys=0.00s Real=0.00s
[583.846s][info][gc,start       ] GC(1552) Pause Young (Allocation Failure)
[583.848s][info][gc,heap        ] GC(1552) PSYoungGen: 240192K(240640K)->64K(239104K) Eden: 240128K(240128K)->0K(230912K) From: 64K(512K)->64K(8192K)
[583.848s][info][gc,heap        ] GC(1552) ParOldGen: 235886K(236032K)->235894K(236032K)
[583.848s][info][gc,metaspace   ] GC(1552) Metaspace: 35432K(36160K)->35432K(36160K) NonClass: 29159K(29696K)->29159K(29696K) Class: 6272K(6464K)->6272K(6464K)
[583.848s][info][gc             ] GC(1552) Pause Young (Allocation Failure) 464M->230M(464M) 1.244ms
[583.848s][info][gc,cpu         ] GC(1552) User=0.00s Sys=0.00s Real=0.01s
[583.987s][info][gc,start       ] GC(1553) Pause Young (Allocation Failure)
[583.989s][info][gc,heap        ] GC(1553) PSYoungGen: 230976K(239104K)->64K(222720K) Eden: 230912K(230912K)->0K(222208K) From: 64K(8192K)->64K(512K)
[583.989s][info][gc,heap        ] GC(1553) ParOldGen: 235894K(236032K)->235902K(236032K)
[583.989s][info][gc,metaspace   ] GC(1553) Metaspace: 35432K(36160K)->35432K(36160K) NonClass: 29159K(29696K)->29159K(29696K) Class: 6272K(6464K)->6272K(6464K)
[583.989s][info][gc             ] GC(1553) Pause Young (Allocation Failure) 455M->230M(448M) 2.388ms
[583.989s][info][gc,cpu         ] GC(1553) User=0.01s Sys=0.00s Real=0.00s
[584.562s][info][gc,start       ] GC(1554) Pause Young (Allocation Failure)
[584.564s][info][gc,heap        ] GC(1554) PSYoungGen: 222272K(222720K)->64K(221184K) Eden: 222208K(222208K)->0K(214016K) From: 64K(512K)->64K(7168K)
[584.564s][info][gc,heap        ] GC(1554) ParOldGen: 235902K(236032K)->235918K(236032K)
[584.564s][info][gc,metaspace   ] GC(1554) Metaspace: 35432K(36160K)->35432K(36160K) NonClass: 29159K(29696K)->29159K(29696K) Class: 6272K(6464K)->6272K(6464K)
[584.564s][info][gc             ] GC(1554) Pause Young (Allocation Failure) 447M->230M(446M) 1.952ms
[584.564s][info][gc,cpu         ] GC(1554) User=0.00s Sys=0.00s Real=0.00s
[584.757s][info][gc,start       ] GC(1555) Pause Young (Allocation Failure)
[584.760s][info][gc,heap        ] GC(1555) PSYoungGen: 214080K(221184K)->64K(206848K) Eden: 214016K(214016K)->0K(206336K) From: 64K(7168K)->64K(512K)
[584.760s][info][gc,heap        ] GC(1555) ParOldGen: 235918K(236032K)->235934K(236032K)
[584.760s][info][gc,metaspace   ] GC(1555) Metaspace: 35432K(36160K)->35432K(36160K) NonClass: 29159K(29696K)->29159K(29696K) Class: 6272K(6464K)->6272K(6464K)
[584.760s][info][gc             ] GC(1555) Pause Young (Allocation Failure) 439M->230M(432M) 2.666ms
[584.760s][info][gc,cpu         ] GC(1555) User=0.00s Sys=0.01s Real=0.00s
[585.073s][info][gc,start       ] GC(1556) Pause Young (Allocation Failure)
[585.098s][info][gc,heap        ] GC(1556) PSYoungGen: 206400K(206848K)->6144K(252416K) Eden: 206336K(206336K)->0K(246272K) From: 64K(512K)->6144K(6144K)
[585.098s][info][gc,heap        ] GC(1556) ParOldGen: 235934K(236032K)->241806K(242176K)
[585.098s][info][gc,metaspace   ] GC(1556) Metaspace: 35432K(36160K)->35432K(36160K) NonClass: 29159K(29696K)->29159K(29696K) Class: 6272K(6464K)->6272K(6464K)
[585.098s][info][gc             ] GC(1556) Pause Young (Allocation Failure) 431M->242M(483M) 25.167ms
[585.098s][info][gc,cpu         ] GC(1556) User=0.04s Sys=0.00s Real=0.03s
[585.372s][info][gc,start       ] GC(1557) Pause Young (Allocation Failure)
[585.428s][info][gc,heap        ] GC(1557) PSYoungGen: 252416K(252416K)->6144K(259072K) Eden: 246272K(246272K)->0K(252928K) From: 6144K(6144K)->6144K(6144K)
[585.428s][info][gc,heap        ] GC(1557) ParOldGen: 241806K(242176K)->261870K(262144K)
[585.428s][info][gc,metaspace   ] GC(1557) Metaspace: 35432K(36160K)->35432K(36160K) NonClass: 29159K(29696K)->29159K(29696K) Class: 6272K(6464K)->6272K(6464K)
[585.428s][info][gc             ] GC(1557) Pause Young (Allocation Failure) 482M->261M(509M) 55.650ms
[585.428s][info][gc,cpu         ] GC(1557) User=0.09s Sys=0.02s Real=0.06s
[585.722s][info][gc,start       ] GC(1558) Pause Young (Allocation Failure)
[585.787s][info][gc,heap        ] GC(1558) PSYoungGen: 259072K(259072K)->17920K(270848K) Eden: 252928K(252928K)->0K(252928K) From: 6144K(6144K)->17920K(17920K)
[585.788s][info][gc,heap        ] GC(1558) ParOldGen: 261870K(262144K)->271350K(271360K)
[585.788s][info][gc,metaspace   ] GC(1558) Metaspace: 35432K(36160K)->35432K(36160K) NonClass: 29159K(29696K)->29159K(29696K) Class: 6272K(6464K)->6272K(6464K)
[585.788s][info][gc             ] GC(1558) Pause Young (Allocation Failure) 508M->282M(529M) 65.422ms
[585.788s][info][gc,cpu         ] GC(1558) User=0.12s Sys=0.01s Real=0.07s
[585.885s][info][gc,start       ] GC(1559) Pause Young (Allocation Failure)
[585.901s][info][gc,heap        ] GC(1559) PSYoungGen: 270848K(270848K)->4320K(309760K) Eden: 252928K(252928K)->0K(284160K) From: 17920K(17920K)->4320K(25600K)
[585.901s][info][gc,heap        ] GC(1559) ParOldGen: 271350K(271360K)->271686K(271872K)
[585.901s][info][gc,metaspace   ] GC(1559) Metaspace: 35432K(36160K)->35432K(36160K) NonClass: 29159K(29696K)->29159K(29696K) Class: 6272K(6464K)->6272K(6464K)
[585.901s][info][gc             ] GC(1559) Pause Young (Allocation Failure) 529M->269M(568M) 16.037ms
[585.901s][info][gc,cpu         ] GC(1559) User=0.02s Sys=0.00s Real=0.02s
[586.380s][info][gc,start       ] GC(1560) Pause Young (Allocation Failure)
[586.381s][info][gc,heap        ] GC(1560) PSYoungGen: 288480K(309760K)->64K(284672K) Eden: 284160K(284160K)->0K(284160K) From: 4320K(25600K)->64K(512K)
[586.381s][info][gc,heap        ] GC(1560) ParOldGen: 271686K(271872K)->271694K(271872K)
[586.381s][info][gc,metaspace   ] GC(1560) Metaspace: 35432K(36160K)->35432K(36160K) NonClass: 29159K(29696K)->29159K(29696K) Class: 6272K(6464K)->6272K(6464K)
[586.381s][info][gc             ] GC(1560) Pause Young (Allocation Failure) 547M->265M(543M) 1.224ms
[586.381s][info][gc,cpu         ] GC(1560) User=0.00s Sys=0.00s Real=0.00s
[586.953s][info][gc,start       ] GC(1561) Pause Young (Allocation Failure)
[586.954s][info][gc,heap        ] GC(1561) PSYoungGen: 284224K(284672K)->64K(307712K) Eden: 284160K(284160K)->0K(284672K) From: 64K(512K)->64K(23040K)
[586.954s][info][gc,heap        ] GC(1561) ParOldGen: 271694K(271872K)->271702K(271872K)
[586.954s][info][gc,metaspace   ] GC(1561) Metaspace: 35432K(36160K)->35432K(36160K) NonClass: 29159K(29696K)->29159K(29696K) Class: 6272K(6464K)->6272K(6464K)
[586.954s][info][gc             ] GC(1561) Pause Young (Allocation Failure) 542M->265M(566M) 1.429ms
[586.954s][info][gc,cpu         ] GC(1561) User=0.00s Sys=0.00s Real=0.00s
[587.531s][info][gc,start       ] GC(1562) Pause Young (Allocation Failure)
[587.533s][info][gc,heap        ] GC(1562) PSYoungGen: 284736K(307712K)->64K(307200K) Eden: 284672K(284672K)->0K(284672K) From: 64K(23040K)->64K(22528K)
[587.533s][info][gc,heap        ] GC(1562) ParOldGen: 271702K(271872K)->271718K(271872K)
[587.533s][info][gc,metaspace   ] GC(1562) Metaspace: 35432K(36160K)->35432K(36160K) NonClass: 29159K(29696K)->29159K(29696K) Class: 6272K(6464K)->6272K(6464K)
[587.533s][info][gc             ] GC(1562) Pause Young (Allocation Failure) 543M->265M(565M) 1.400ms
[587.533s][info][gc,cpu         ] GC(1562) User=0.01s Sys=0.00s Real=0.00s
[587.840s][info][gc,start       ] GC(1563) Pause Young (Allocation Failure)
[587.842s][info][gc,heap        ] GC(1563) PSYoungGen: 284736K(307200K)->64K(310272K) Eden: 284672K(284672K)->0K(289280K) From: 64K(22528K)->64K(20992K)
[587.842s][info][gc,heap        ] GC(1563) ParOldGen: 271718K(271872K)->271734K(271872K)
[587.842s][info][gc,metaspace   ] GC(1563) Metaspace: 35432K(36160K)->35432K(36160K) NonClass: 29159K(29696K)->29159K(29696K) Class: 6272K(6464K)->6272K(6464K)
[587.842s][info][gc             ] GC(1563) Pause Young (Allocation Failure) 543M->265M(568M) 1.265ms
[587.842s][info][gc,cpu         ] GC(1563) User=0.00s Sys=0.00s Real=0.00s
[588.041s][info][gc,start       ] GC(1564) Pause Young (Allocation Failure)
[588.043s][info][gc,heap        ] GC(1564) PSYoungGen: 289344K(310272K)->64K(309760K) Eden: 289280K(289280K)->0K(289280K) From: 64K(20992K)->64K(20480K)
[588.043s][info][gc,heap        ] GC(1564) ParOldGen: 271734K(271872K)->271734K(271872K)
[588.043s][info][gc,metaspace   ] GC(1564) Metaspace: 35432K(36160K)->35432K(36160K) NonClass: 29159K(29696K)->29159K(29696K) Class: 6272K(6464K)->6272K(6464K)
[588.043s][info][gc             ] GC(1564) Pause Young (Allocation Failure) 547M->265M(568M) 1.305ms
[588.043s][info][gc,cpu         ] GC(1564) User=0.00s Sys=0.00s Real=0.00s
[588.386s][info][gc,start       ] GC(1565) Pause Young (Allocation Failure)
[588.388s][info][gc,heap        ] GC(1565) PSYoungGen: 289344K(309760K)->32K(312320K) Eden: 289280K(289280K)->0K(293376K) From: 64K(20480K)->32K(18944K)
[588.388s][info][gc,heap        ] GC(1565) ParOldGen: 271734K(271872K)->271734K(271872K)
[588.388s][info][gc,metaspace   ] GC(1565) Metaspace: 35432K(36160K)->35432K(36160K) NonClass: 29159K(29696K)->29159K(29696K) Class: 6272K(6464K)->6272K(6464K)
[588.388s][info][gc             ] GC(1565) Pause Young (Allocation Failure) 547M->265M(570M) 1.766ms
[588.388s][info][gc,cpu         ] GC(1565) User=0.01s Sys=0.00s Real=0.01s
[588.485s][info][gc,start       ] GC(1566) Pause Young (Allocation Failure)
[588.486s][info][gc,heap        ] GC(1566) PSYoungGen: 293408K(312320K)->32K(312320K) Eden: 293376K(293376K)->0K(293376K) From: 32K(18944K)->32K(18944K)
[588.486s][info][gc,heap        ] GC(1566) ParOldGen: 271734K(271872K)->271742K(271872K)
[588.486s][info][gc,metaspace   ] GC(1566) Metaspace: 35432K(36160K)->35432K(36160K) NonClass: 29159K(29696K)->29159K(29696K) Class: 6272K(6464K)->6272K(6464K)
[588.486s][info][gc             ] GC(1566) Pause Young (Allocation Failure) 551M->265M(570M) 1.421ms
[588.486s][info][gc,cpu         ] GC(1566) User=0.00s Sys=0.00s Real=0.00s
[588.540s][info][gc,start       ] GC(1567) Pause Young (Allocation Failure)
[588.541s][info][gc,heap        ] GC(1567) PSYoungGen: 293408K(312320K)->64K(313856K) Eden: 293376K(293376K)->0K(296960K) From: 32K(18944K)->64K(16896K)
[588.541s][info][gc,heap        ] GC(1567) ParOldGen: 271742K(271872K)->271758K(271872K)
[588.541s][info][gc,metaspace   ] GC(1567) Metaspace: 35432K(36160K)->35432K(36160K) NonClass: 29159K(29696K)->29159K(29696K) Class: 6272K(6464K)->6272K(6464K)
[588.541s][info][gc             ] GC(1567) Pause Young (Allocation Failure) 551M->265M(572M) 1.130ms
[588.541s][info][gc,cpu         ] GC(1567) User=0.00s Sys=0.00s Real=0.00s
[588.690s][info][gc,start       ] GC(1568) Pause Young (Allocation Failure)
[588.691s][info][gc,heap        ] GC(1568) PSYoungGen: 297024K(313856K)->32K(313856K) Eden: 296960K(296960K)->0K(296960K) From: 64K(16896K)->32K(16896K)
[588.691s][info][gc,heap        ] GC(1568) ParOldGen: 271758K(271872K)->271758K(271872K)
[588.691s][info][gc,metaspace   ] GC(1568) Metaspace: 35432K(36160K)->35432K(36160K) NonClass: 29159K(29696K)->29159K(29696K) Class: 6272K(6464K)->6272K(6464K)
[588.691s][info][gc             ] GC(1568) Pause Young (Allocation Failure) 555M->265M(572M) 1.624ms
[588.691s][info][gc,cpu         ] GC(1568) User=0.00s Sys=0.00s Real=0.00s
[588.903s][info][gc,start       ] GC(1569) Pause Young (Allocation Failure)
[588.904s][info][gc,heap        ] GC(1569) PSYoungGen: 296992K(313856K)->64K(315904K) Eden: 296960K(296960K)->0K(301056K) From: 32K(16896K)->64K(14848K)
[588.904s][info][gc,heap        ] GC(1569) ParOldGen: 271758K(271872K)->271766K(271872K)
[588.904s][info][gc,metaspace   ] GC(1569) Metaspace: 35432K(36160K)->35432K(36160K) NonClass: 29159K(29696K)->29159K(29696K) Class: 6272K(6464K)->6272K(6464K)
[588.904s][info][gc             ] GC(1569) Pause Young (Allocation Failure) 555M->265M(574M) 1.135ms
[588.904s][info][gc,cpu         ] GC(1569) User=0.00s Sys=0.00s Real=0.00s
[589.094s][info][gc,start       ] GC(1570) Pause Young (Allocation Failure)
[589.095s][info][gc,heap        ] GC(1570) PSYoungGen: 301120K(315904K)->64K(315904K) Eden: 301056K(301056K)->0K(301056K) From: 64K(14848K)->64K(14848K)
[589.095s][info][gc,heap        ] GC(1570) ParOldGen: 271766K(271872K)->271774K(271872K)
[589.095s][info][gc,metaspace   ] GC(1570) Metaspace: 35432K(36160K)->35432K(36160K) NonClass: 29159K(29696K)->29159K(29696K) Class: 6272K(6464K)->6272K(6464K)
[589.095s][info][gc             ] GC(1570) Pause Young (Allocation Failure) 559M->265M(574M) 1.237ms
[589.095s][info][gc,cpu         ] GC(1570) User=0.00s Sys=0.00s Real=0.00s
[589.176s][info][gc,start       ] GC(1571) Pause Young (Allocation Failure)
[589.177s][info][gc,heap        ] GC(1571) PSYoungGen: 301120K(315904K)->64K(317440K) Eden: 301056K(301056K)->0K(304640K) From: 64K(14848K)->64K(12800K)
[589.177s][info][gc,heap        ] GC(1571) ParOldGen: 271774K(271872K)->271790K(271872K)
[589.177s][info][gc,metaspace   ] GC(1571) Metaspace: 35432K(36160K)->35432K(36160K) NonClass: 29159K(29696K)->29159K(29696K) Class: 6272K(6464K)->6272K(6464K)
[589.177s][info][gc             ] GC(1571) Pause Young (Allocation Failure) 559M->265M(575M) 1.205ms
[589.177s][info][gc,cpu         ] GC(1571) User=0.00s Sys=0.00s Real=0.01s
[589.351s][info][gc,start       ] GC(1572) Pause Young (Allocation Failure)
[589.352s][info][gc,heap        ] GC(1572) PSYoungGen: 304704K(317440K)->64K(317952K) Eden: 304640K(304640K)->0K(304640K) From: 64K(12800K)->64K(13312K)
[589.352s][info][gc,heap        ] GC(1572) ParOldGen: 271790K(271872K)->271790K(271872K)
[589.352s][info][gc,metaspace   ] GC(1572) Metaspace: 35432K(36160K)->35432K(36160K) NonClass: 29159K(29696K)->29159K(29696K) Class: 6272K(6464K)->6272K(6464K)
[589.352s][info][gc             ] GC(1572) Pause Young (Allocation Failure) 562M->265M(576M) 1.162ms
[589.352s][info][gc,cpu         ] GC(1572) User=0.00s Sys=0.00s Real=0.00s
[590.317s][info][gc,start       ] GC(1573) Pause Young (Allocation Failure)
[590.318s][info][gc,heap        ] GC(1573) PSYoungGen: 304704K(317952K)->64K(292864K) Eden: 304640K(304640K)->0K(292352K) From: 64K(13312K)->64K(512K)
[590.318s][info][gc,heap        ] GC(1573) ParOldGen: 271790K(271872K)->271798K(271872K)
[590.318s][info][gc,metaspace   ] GC(1573) Metaspace: 35432K(36160K)->35432K(36160K) NonClass: 29159K(29696K)->29159K(29696K) Class: 6272K(6464K)->6272K(6464K)
[590.318s][info][gc             ] GC(1573) Pause Young (Allocation Failure) 562M->265M(551M) 1.360ms
[590.318s][info][gc,cpu         ] GC(1573) User=0.01s Sys=0.00s Real=0.00s
[591.201s][info][gc,start       ] GC(1574) Pause Young (Allocation Failure)
[591.202s][info][gc,heap        ] GC(1574) PSYoungGen: 292416K(292864K)->64K(292352K) Eden: 292352K(292352K)->0K(280576K) From: 64K(512K)->64K(11776K)
[591.203s][info][gc,heap        ] GC(1574) ParOldGen: 271798K(271872K)->271806K(271872K)
[591.203s][info][gc,metaspace   ] GC(1574) Metaspace: 35432K(36160K)->35432K(36160K) NonClass: 29159K(29696K)->29159K(29696K) Class: 6272K(6464K)->6272K(6464K)
[591.203s][info][gc             ] GC(1574) Pause Young (Allocation Failure) 550M->265M(551M) 1.266ms
[591.203s][info][gc,cpu         ] GC(1574) User=0.00s Sys=0.00s Real=0.00s
[591.444s][info][gc,start       ] GC(1575) Pause Young (Allocation Failure)
[591.446s][info][gc,heap        ] GC(1575) PSYoungGen: 280640K(292352K)->64K(269824K) Eden: 280576K(280576K)->0K(269312K) From: 64K(11776K)->64K(512K)
[591.446s][info][gc,heap        ] GC(1575) ParOldGen: 271806K(271872K)->271814K(271872K)
[591.446s][info][gc,metaspace   ] GC(1575) Metaspace: 35432K(36160K)->35432K(36160K) NonClass: 29159K(29696K)->29159K(29696K) Class: 6272K(6464K)->6272K(6464K)
[591.446s][info][gc             ] GC(1575) Pause Young (Allocation Failure) 539M->265M(529M) 1.436ms
[591.446s][info][gc,cpu         ] GC(1575) User=0.00s Sys=0.00s Real=0.00s
[591.880s][info][gc,start       ] GC(1576) Pause Young (Allocation Failure)
[591.882s][info][gc,heap        ] GC(1576) PSYoungGen: 269376K(269824K)->64K(268800K) Eden: 269312K(269312K)->0K(258560K) From: 64K(512K)->64K(10240K)
[591.882s][info][gc,heap        ] GC(1576) ParOldGen: 271814K(271872K)->271830K(271872K)
[591.882s][info][gc,metaspace   ] GC(1576) Metaspace: 35432K(36160K)->35432K(36160K) NonClass: 29159K(29696K)->29159K(29696K) Class: 6272K(6464K)->6272K(6464K)
[591.882s][info][gc             ] GC(1576) Pause Young (Allocation Failure) 528M->265M(528M) 2.128ms
[591.882s][info][gc,cpu         ] GC(1576) User=0.00s Sys=0.00s Real=0.00s
[592.842s][info][gc,start       ] GC(1577) Pause Young (Allocation Failure)
[592.845s][info][gc,heap        ] GC(1577) PSYoungGen: 258624K(268800K)->64K(248832K) Eden: 258560K(258560K)->0K(248320K) From: 64K(10240K)->64K(512K)
[592.845s][info][gc,heap        ] GC(1577) ParOldGen: 271830K(271872K)->271846K(271872K)
[592.845s][info][gc,metaspace   ] GC(1577) Metaspace: 35432K(36160K)->35432K(36160K) NonClass: 29159K(29696K)->29159K(29696K) Class: 6272K(6464K)->6272K(6464K)
[592.845s][info][gc             ] GC(1577) Pause Young (Allocation Failure) 518M->265M(508M) 2.683ms
[592.845s][info][gc,cpu         ] GC(1577) User=0.00s Sys=0.01s Real=0.00s
[593.223s][info][gc,start       ] GC(1578) Pause Young (Allocation Failure)
[593.225s][info][gc,heap        ] GC(1578) PSYoungGen: 248384K(248832K)->64K(247296K) Eden: 248320K(248320K)->0K(238592K) From: 64K(512K)->64K(8704K)
[593.225s][info][gc,heap        ] GC(1578) ParOldGen: 271846K(271872K)->271862K(271872K)
[593.225s][info][gc,metaspace   ] GC(1578) Metaspace: 35432K(36160K)->35432K(36160K) NonClass: 29159K(29696K)->29159K(29696K) Class: 6272K(6464K)->6272K(6464K)
[593.225s][info][gc             ] GC(1578) Pause Young (Allocation Failure) 508M->265M(507M) 2.047ms
[593.225s][info][gc,cpu         ] GC(1578) User=0.00s Sys=0.00s Real=0.00s
[593.393s][info][gc,start       ] GC(1579) Pause Young (Allocation Failure)
[593.395s][info][gc,heap        ] GC(1579) PSYoungGen: 238656K(247296K)->32K(229888K) Eden: 238592K(238592K)->0K(229376K) From: 64K(8704K)->32K(512K)
[593.395s][info][gc,heap        ] GC(1579) ParOldGen: 271862K(271872K)->271870K(271872K)
[593.395s][info][gc,metaspace   ] GC(1579) Metaspace: 35432K(36160K)->35432K(36160K) NonClass: 29159K(29696K)->29159K(29696K) Class: 6272K(6464K)->6272K(6464K)
[593.395s][info][gc             ] GC(1579) Pause Young (Allocation Failure) 498M->265M(490M) 2.252ms
[593.395s][info][gc,cpu         ] GC(1579) User=0.00s Sys=0.00s Real=0.00s
[593.479s][info][gc,start       ] GC(1580) Pause Young (Allocation Failure)
[593.480s][info][gc,heap        ] GC(1580) PSYoungGen: 229408K(229888K)->64K(228352K) Eden: 229376K(229376K)->0K(220672K) From: 32K(512K)->64K(7680K)
[593.480s][info][gc,heap        ] GC(1580) ParOldGen: 271870K(271872K)->271886K(272384K)
[593.480s][info][gc,metaspace   ] GC(1580) Metaspace: 35432K(36160K)->35432K(36160K) NonClass: 29159K(29696K)->29159K(29696K) Class: 6272K(6464K)->6272K(6464K)
[593.480s][info][gc             ] GC(1580) Pause Young (Allocation Failure) 489M->265M(489M) 1.131ms
[593.480s][info][gc,cpu         ] GC(1580) User=0.00s Sys=0.00s Real=0.00s
[594.040s][info][gc,start       ] GC(1581) Pause Young (Allocation Failure)
[594.041s][info][gc,heap        ] GC(1581) PSYoungGen: 220736K(228352K)->64K(212992K) Eden: 220672K(220672K)->0K(212480K) From: 64K(7680K)->64K(512K)
[594.041s][info][gc,heap        ] GC(1581) ParOldGen: 271886K(272384K)->271894K(272384K)
[594.041s][info][gc,metaspace   ] GC(1581) Metaspace: 35432K(36160K)->35432K(36160K) NonClass: 29159K(29696K)->29159K(29696K) Class: 6272K(6464K)->6272K(6464K)
[594.041s][info][gc             ] GC(1581) Pause Young (Allocation Failure) 481M->265M(474M) 1.590ms
[594.041s][info][gc,cpu         ] GC(1581) User=0.00s Sys=0.00s Real=0.00s
[594.248s][info][gc,start       ] GC(1582) Pause Young (Allocation Failure)
[594.249s][info][gc,heap        ] GC(1582) PSYoungGen: 212544K(212992K)->64K(211456K) Eden: 212480K(212480K)->0K(204800K) From: 64K(512K)->64K(6656K)
[594.249s][info][gc,heap        ] GC(1582) ParOldGen: 271894K(272384K)->271902K(272384K)
[594.249s][info][gc,metaspace   ] GC(1582) Metaspace: 35432K(36160K)->35432K(36160K) NonClass: 29159K(29696K)->29159K(29696K) Class: 6272K(6464K)->6272K(6464K)
[594.249s][info][gc             ] GC(1582) Pause Young (Allocation Failure) 473M->265M(472M) 1.178ms
[594.249s][info][gc,cpu         ] GC(1582) User=0.00s Sys=0.00s Real=0.00s
[594.603s][info][gc,start       ] GC(1583) Pause Young (Allocation Failure)
[594.618s][info][gc,heap        ] GC(1583) PSYoungGen: 204864K(211456K)->6144K(249856K) Eden: 204800K(204800K)->0K(243712K) From: 64K(6656K)->6144K(6144K)
[594.618s][info][gc,heap        ] GC(1583) ParOldGen: 271902K(272384K)->272734K(272896K)
[594.618s][info][gc,metaspace   ] GC(1583) Metaspace: 35432K(36160K)->35432K(36160K) NonClass: 29159K(29696K)->29159K(29696K) Class: 6272K(6464K)->6272K(6464K)
[594.618s][info][gc             ] GC(1583) Pause Young (Allocation Failure) 465M->272M(510M) 14.797ms
[594.618s][info][gc,cpu         ] GC(1583) User=0.02s Sys=0.00s Real=0.02s
[594.898s][info][gc,start       ] GC(1584) Pause Young (Allocation Failure)
[594.953s][info][gc,heap        ] GC(1584) PSYoungGen: 249856K(249856K)->8192K(278528K) Eden: 243712K(243712K)->0K(270336K) From: 6144K(6144K)->8192K(8192K)
[594.953s][info][gc,heap        ] GC(1584) ParOldGen: 272734K(272896K)->290286K(290304K)
[594.953s][info][gc,metaspace   ] GC(1584) Metaspace: 35432K(36160K)->35432K(36160K) NonClass: 29159K(29696K)->29159K(29696K) Class: 6272K(6464K)->6272K(6464K)
[594.953s][info][gc             ] GC(1584) Pause Young (Allocation Failure) 510M->291M(555M) 55.048ms
[594.953s][info][gc,cpu         ] GC(1584) User=0.09s Sys=0.01s Real=0.05s
[595.266s][info][gc,start       ] GC(1585) Pause Young (Allocation Failure)
[595.334s][info][gc,heap        ] GC(1585) PSYoungGen: 278528K(278528K)->16384K(300544K) Eden: 270336K(270336K)->0K(284160K) From: 8192K(8192K)->16384K(16384K)
[595.334s][info][gc,heap        ] GC(1585) ParOldGen: 290286K(290304K)->303062K(303104K)
[595.334s][info][gc,metaspace   ] GC(1585) Metaspace: 35432K(36160K)->35432K(36160K) NonClass: 29159K(29696K)->29159K(29696K) Class: 6272K(6464K)->6272K(6464K)
[595.334s][info][gc             ] GC(1585) Pause Young (Allocation Failure) 555M->311M(589M) 67.753ms
[595.334s][info][gc,cpu         ] GC(1585) User=0.12s Sys=0.02s Real=0.07s
[595.474s][info][gc,start       ] GC(1586) Pause Young (Allocation Failure)
[595.493s][info][gc,heap        ] GC(1586) PSYoungGen: 300544K(300544K)->7808K(308736K) Eden: 284160K(284160K)->0K(284160K) From: 16384K(16384K)->7808K(24576K)
[595.494s][info][gc,heap        ] GC(1586) ParOldGen: 303062K(303104K)->303526K(303616K)
[595.494s][info][gc,metaspace   ] GC(1586) Metaspace: 35432K(36160K)->35432K(36160K) NonClass: 29159K(29696K)->29159K(29696K) Class: 6272K(6464K)->6272K(6464K)
[595.494s][info][gc             ] GC(1586) Pause Young (Allocation Failure) 589M->304M(598M) 19.628ms
[595.494s][info][gc,cpu         ] GC(1586) User=0.04s Sys=0.00s Real=0.02s
[595.970s][info][gc,start       ] GC(1587) Pause Young (Allocation Failure)
[595.971s][info][gc,heap        ] GC(1587) PSYoungGen: 291968K(308736K)->64K(307200K) Eden: 284160K(284160K)->0K(285696K) From: 7808K(24576K)->64K(21504K)
[595.971s][info][gc,heap        ] GC(1587) ParOldGen: 303526K(303616K)->303534K(303616K)
[595.971s][info][gc,metaspace   ] GC(1587) Metaspace: 35432K(36160K)->35432K(36160K) NonClass: 29159K(29696K)->29159K(29696K) Class: 6272K(6464K)->6272K(6464K)
[595.971s][info][gc             ] GC(1587) Pause Young (Allocation Failure) 581M->296M(596M) 1.278ms
[595.971s][info][gc,cpu         ] GC(1587) User=0.00s Sys=0.00s Real=0.00s
[596.547s][info][gc,start       ] GC(1588) Pause Young (Allocation Failure)
[596.549s][info][gc,heap        ] GC(1588) PSYoungGen: 285760K(307200K)->64K(308736K) Eden: 285696K(285696K)->0K(285696K) From: 64K(21504K)->64K(23040K)
[596.549s][info][gc,heap        ] GC(1588) ParOldGen: 303534K(303616K)->303542K(303616K)
[596.549s][info][gc,metaspace   ] GC(1588) Metaspace: 35432K(36160K)->35432K(36160K) NonClass: 29159K(29696K)->29159K(29696K) Class: 6272K(6464K)->6272K(6464K)
[596.549s][info][gc             ] GC(1588) Pause Young (Allocation Failure) 575M->296M(598M) 1.278ms
[596.549s][info][gc,cpu         ] GC(1588) User=0.01s Sys=0.00s Real=0.00s
[596.979s][info][gc,start       ] GC(1589) Pause Young (Allocation Failure)
[596.980s][info][gc,heap        ] GC(1589) PSYoungGen: 285760K(308736K)->64K(309248K) Eden: 285696K(285696K)->0K(288768K) From: 64K(23040K)->64K(20480K)
[596.980s][info][gc,heap        ] GC(1589) ParOldGen: 303542K(303616K)->303558K(303616K)
[596.980s][info][gc,metaspace   ] GC(1589) Metaspace: 35432K(36160K)->35432K(36160K) NonClass: 29159K(29696K)->29159K(29696K) Class: 6272K(6464K)->6272K(6464K)
[596.980s][info][gc             ] GC(1589) Pause Young (Allocation Failure) 575M->296M(598M) 1.273ms
[596.980s][info][gc,cpu         ] GC(1589) User=0.01s Sys=0.00s Real=0.00s
[597.177s][info][gc,start       ] GC(1590) Pause Young (Allocation Failure)
[597.178s][info][gc,heap        ] GC(1590) PSYoungGen: 288832K(309248K)->64K(310272K) Eden: 288768K(288768K)->0K(288768K) From: 64K(20480K)->64K(21504K)
[597.178s][info][gc,heap        ] GC(1590) ParOldGen: 303558K(303616K)->303574K(303616K)
[597.178s][info][gc,metaspace   ] GC(1590) Metaspace: 35432K(36160K)->35432K(36160K) NonClass: 29159K(29696K)->29159K(29696K) Class: 6272K(6464K)->6272K(6464K)
[597.178s][info][gc             ] GC(1590) Pause Young (Allocation Failure) 578M->296M(599M) 1.294ms
[597.178s][info][gc,cpu         ] GC(1590) User=0.00s Sys=0.01s Real=0.00s
[597.378s][info][gc,start       ] GC(1591) Pause Young (Allocation Failure)
[597.379s][info][gc,heap        ] GC(1591) PSYoungGen: 288832K(310272K)->64K(310272K) Eden: 288768K(288768K)->0K(291840K) From: 64K(21504K)->64K(18432K)
[597.379s][info][gc,heap        ] GC(1591) ParOldGen: 303574K(303616K)->303574K(303616K)
[597.379s][info][gc,metaspace   ] GC(1591) Metaspace: 35432K(36160K)->35432K(36160K) NonClass: 29159K(29696K)->29159K(29696K) Class: 6272K(6464K)->6272K(6464K)
[597.379s][info][gc             ] GC(1591) Pause Young (Allocation Failure) 578M->296M(599M) 1.297ms
[597.379s][info][gc,cpu         ] GC(1591) User=0.00s Sys=0.00s Real=0.00s
[597.725s][info][gc,start       ] GC(1592) Pause Young (Allocation Failure)
[597.726s][info][gc,heap        ] GC(1592) PSYoungGen: 291904K(310272K)->64K(311296K) Eden: 291840K(291840K)->0K(291840K) From: 64K(18432K)->64K(19456K)
[597.726s][info][gc,heap        ] GC(1592) ParOldGen: 303574K(303616K)->303574K(303616K)
[597.726s][info][gc,metaspace   ] GC(1592) Metaspace: 35432K(36160K)->35432K(36160K) NonClass: 29159K(29696K)->29159K(29696K) Class: 6272K(6464K)->6272K(6464K)
[597.726s][info][gc             ] GC(1592) Pause Young (Allocation Failure) 581M->296M(600M) 1.346ms
[597.726s][info][gc,cpu         ] GC(1592) User=0.00s Sys=0.00s Real=0.00s
[597.814s][info][gc,start       ] GC(1593) Pause Young (Allocation Failure)
[597.816s][info][gc,heap        ] GC(1593) PSYoungGen: 291904K(311296K)->64K(313344K) Eden: 291840K(291840K)->0K(295936K) From: 64K(19456K)->64K(17408K)
[597.816s][info][gc,heap        ] GC(1593) ParOldGen: 303574K(303616K)->303582K(303616K)
[597.816s][info][gc,metaspace   ] GC(1593) Metaspace: 35432K(36160K)->35432K(36160K) NonClass: 29159K(29696K)->29159K(29696K) Class: 6272K(6464K)->6272K(6464K)
[597.816s][info][gc             ] GC(1593) Pause Young (Allocation Failure) 581M->296M(602M) 1.304ms
[597.816s][info][gc,cpu         ] GC(1593) User=0.00s Sys=0.00s Real=0.00s
[597.873s][info][gc,start       ] GC(1594) Pause Young (Allocation Failure)
[597.875s][info][gc,heap        ] GC(1594) PSYoungGen: 296000K(313344K)->64K(313856K) Eden: 295936K(295936K)->0K(295936K) From: 64K(17408K)->64K(17920K)
[597.875s][info][gc,heap        ] GC(1594) ParOldGen: 303582K(303616K)->303598K(303616K)
[597.875s][info][gc,metaspace   ] GC(1594) Metaspace: 35432K(36160K)->35432K(36160K) NonClass: 29159K(29696K)->29159K(29696K) Class: 6272K(6464K)->6272K(6464K)
[597.875s][info][gc             ] GC(1594) Pause Young (Allocation Failure) 585M->296M(603M) 1.247ms
[597.875s][info][gc,cpu         ] GC(1594) User=0.00s Sys=0.00s Real=0.00s
[598.022s][info][gc,start       ] GC(1595) Pause Young (Allocation Failure)
[598.023s][info][gc,heap        ] GC(1595) PSYoungGen: 296000K(313856K)->64K(314368K) Eden: 295936K(295936K)->0K(299008K) From: 64K(17920K)->64K(15360K)
[598.023s][info][gc,heap        ] GC(1595) ParOldGen: 303598K(303616K)->303598K(303616K)
[598.023s][info][gc,metaspace   ] GC(1595) Metaspace: 35432K(36160K)->35432K(36160K) NonClass: 29159K(29696K)->29159K(29696K) Class: 6272K(6464K)->6272K(6464K)
[598.023s][info][gc             ] GC(1595) Pause Young (Allocation Failure) 585M->296M(603M) 1.249ms
[598.023s][info][gc,cpu         ] GC(1595) User=0.00s Sys=0.00s Real=0.00s
[598.236s][info][gc,start       ] GC(1596) Pause Young (Allocation Failure)
[598.238s][info][gc,heap        ] GC(1596) PSYoungGen: 299072K(314368K)->64K(314880K) Eden: 299008K(299008K)->0K(299008K) From: 64K(15360K)->64K(15872K)
[598.238s][info][gc,heap        ] GC(1596) ParOldGen: 303598K(303616K)->303606K(303616K)
[598.238s][info][gc,metaspace   ] GC(1596) Metaspace: 35432K(36160K)->35432K(36160K) NonClass: 29159K(29696K)->29159K(29696K) Class: 6272K(6464K)->6272K(6464K)
[598.238s][info][gc             ] GC(1596) Pause Young (Allocation Failure) 588M->296M(604M) 1.255ms
[598.238s][info][gc,cpu         ] GC(1596) User=0.00s Sys=0.00s Real=0.01s
[598.378s][info][gc,start       ] GC(1597) Pause Young (Allocation Failure)
[598.379s][info][gc,heap        ] GC(1597) PSYoungGen: 299072K(314880K)->64K(317440K) Eden: 299008K(299008K)->0K(303104K) From: 64K(15872K)->64K(14336K)
[598.379s][info][gc,heap        ] GC(1597) ParOldGen: 303606K(303616K)->303614K(303616K)
[598.379s][info][gc,metaspace   ] GC(1597) Metaspace: 35432K(36160K)->35432K(36160K) NonClass: 29159K(29696K)->29159K(29696K) Class: 6272K(6464K)->6272K(6464K)
[598.379s][info][gc             ] GC(1597) Pause Young (Allocation Failure) 588M->296M(606M) 1.321ms
[598.379s][info][gc,cpu         ] GC(1597) User=0.01s Sys=0.00s Real=0.00s
[598.463s][info][gc,start       ] GC(1598) Pause Young (Allocation Failure)
[598.464s][info][gc,heap        ] GC(1598) PSYoungGen: 303168K(317440K)->64K(317440K) Eden: 303104K(303104K)->0K(303104K) From: 64K(14336K)->64K(14336K)
[598.464s][info][gc,heap        ] GC(1598) ParOldGen: 303614K(303616K)->303622K(304128K)
[598.464s][info][gc,metaspace   ] GC(1598) Metaspace: 35432K(36160K)->35432K(36160K) NonClass: 29159K(29696K)->29159K(29696K) Class: 6272K(6464K)->6272K(6464K)
[598.464s][info][gc             ] GC(1598) Pause Young (Allocation Failure) 592M->296M(607M) 1.197ms
[598.464s][info][gc,cpu         ] GC(1598) User=0.00s Sys=0.00s Real=0.00s
[598.633s][info][gc,start       ] GC(1599) Pause Young (Allocation Failure)
[598.634s][info][gc,heap        ] GC(1599) PSYoungGen: 303168K(317440K)->64K(318464K) Eden: 303104K(303104K)->0K(306176K) From: 64K(14336K)->64K(12288K)
[598.634s][info][gc,heap        ] GC(1599) ParOldGen: 303622K(304128K)->303630K(304128K)
[598.634s][info][gc,metaspace   ] GC(1599) Metaspace: 35432K(36160K)->35432K(36160K) NonClass: 29159K(29696K)->29159K(29696K) Class: 6272K(6464K)->6272K(6464K)
[598.634s][info][gc             ] GC(1599) Pause Young (Allocation Failure) 592M->296M(608M) 1.226ms
[598.634s][info][gc,cpu         ] GC(1599) User=0.00s Sys=0.00s Real=0.00s
[599.581s][info][gc,start       ] GC(1600) Pause Young (Allocation Failure)
[599.583s][info][gc,heap        ] GC(1600) PSYoungGen: 306240K(318464K)->83K(294400K) Eden: 306176K(306176K)->0K(293888K) From: 64K(12288K)->83K(512K)
[599.583s][info][gc,heap        ] GC(1600) ParOldGen: 303630K(304128K)->303638K(304128K)
[599.583s][info][gc,metaspace   ] GC(1600) Metaspace: 35432K(36160K)->35432K(36160K) NonClass: 29159K(29696K)->29159K(29696K) Class: 6272K(6464K)->6272K(6464K)
[599.583s][info][gc             ] GC(1600) Pause Young (Allocation Failure) 595M->296M(584M) 1.738ms
[599.583s][info][gc,cpu         ] GC(1600) User=0.01s Sys=0.00s Real=0.00s
[600.461s][info][gc,start       ] GC(1601) Pause Young (Allocation Failure)
[600.463s][info][gc,heap        ] GC(1601) PSYoungGen: 293971K(294400K)->64K(282624K) Eden: 293888K(293888K)->0K(282112K) From: 83K(512K)->64K(512K)
[600.463s][info][gc,heap        ] GC(1601) ParOldGen: 303638K(304128K)->303646K(304128K)
[600.463s][info][gc,metaspace   ] GC(1601) Metaspace: 35432K(36160K)->35432K(36160K) NonClass: 29159K(29696K)->29159K(29696K) Class: 6272K(6464K)->6272K(6464K)
[600.463s][info][gc             ] GC(1601) Pause Young (Allocation Failure) 583M->296M(573M) 1.971ms
[600.463s][info][gc,cpu         ] GC(1601) User=0.00s Sys=0.00s Real=0.00s
[600.729s][info][gc,start       ] GC(1602) Pause Young (Allocation Failure)
[600.730s][info][gc,heap        ] GC(1602) PSYoungGen: 282176K(282624K)->64K(281600K) Eden: 282112K(282112K)->0K(270848K) From: 64K(512K)->64K(10752K)
[600.730s][info][gc,heap        ] GC(1602) ParOldGen: 303646K(304128K)->303654K(304128K)
[600.730s][info][gc,metaspace   ] GC(1602) Metaspace: 35432K(36160K)->35432K(36160K) NonClass: 29159K(29696K)->29159K(29696K) Class: 6272K(6464K)->6272K(6464K)
[600.730s][info][gc             ] GC(1602) Pause Young (Allocation Failure) 572M->296M(572M) 1.344ms
[600.730s][info][gc,cpu         ] GC(1602) User=0.00s Sys=0.00s Real=0.00s
[601.175s][info][gc,start       ] GC(1603) Pause Young (Allocation Failure)
[601.178s][info][gc,heap        ] GC(1603) PSYoungGen: 270912K(281600K)->64K(260608K) Eden: 270848K(270848K)->0K(260096K) From: 64K(10752K)->64K(512K)
[601.178s][info][gc,heap        ] GC(1603) ParOldGen: 303654K(304128K)->303670K(304128K)
[601.178s][info][gc,metaspace   ] GC(1603) Metaspace: 35432K(36160K)->35432K(36160K) NonClass: 29159K(29696K)->29159K(29696K) Class: 6272K(6464K)->6272K(6464K)
[601.178s][info][gc             ] GC(1603) Pause Young (Allocation Failure) 561M->296M(551M) 2.890ms
[601.178s][info][gc,cpu         ] GC(1603) User=0.00s Sys=0.01s Real=0.01s
[602.110s][info][gc,start       ] GC(1604) Pause Young (Allocation Failure)
[602.112s][info][gc,heap        ] GC(1604) PSYoungGen: 260160K(260608K)->64K(259584K) Eden: 260096K(260096K)->0K(249856K) From: 64K(512K)->64K(9728K)
[602.112s][info][gc,heap        ] GC(1604) ParOldGen: 303670K(304128K)->303678K(304128K)
[602.112s][info][gc,metaspace   ] GC(1604) Metaspace: 35432K(36160K)->35432K(36160K) NonClass: 29159K(29696K)->29159K(29696K) Class: 6272K(6464K)->6272K(6464K)
[602.112s][info][gc             ] GC(1604) Pause Young (Allocation Failure) 550M->296M(550M) 1.360ms
[602.112s][info][gc,cpu         ] GC(1604) User=0.00s Sys=0.00s Real=0.00s
[602.484s][info][gc,start       ] GC(1605) Pause Young (Allocation Failure)
[602.486s][info][gc,heap        ] GC(1605) PSYoungGen: 249920K(259584K)->64K(240640K) Eden: 249856K(249856K)->0K(240128K) From: 64K(9728K)->64K(512K)
[602.486s][info][gc,heap        ] GC(1605) ParOldGen: 303678K(304128K)->303694K(304128K)
[602.487s][info][gc,metaspace   ] GC(1605) Metaspace: 35432K(36160K)->35432K(36160K) NonClass: 29159K(29696K)->29159K(29696K) Class: 6272K(6464K)->6272K(6464K)
[602.487s][info][gc             ] GC(1605) Pause Young (Allocation Failure) 540M->296M(532M) 3.002ms
[602.487s][info][gc,cpu         ] GC(1605) User=0.01s Sys=0.00s Real=0.00s
[602.644s][info][gc,start       ] GC(1606) Pause Young (Allocation Failure)
[602.646s][info][gc,heap        ] GC(1606) PSYoungGen: 240192K(240640K)->32K(239104K) Eden: 240128K(240128K)->0K(230912K) From: 64K(512K)->32K(8192K)
[602.646s][info][gc,heap        ] GC(1606) ParOldGen: 303694K(304128K)->303702K(304128K)
[602.646s][info][gc,metaspace   ] GC(1606) Metaspace: 35432K(36160K)->35432K(36160K) NonClass: 29159K(29696K)->29159K(29696K) Class: 6272K(6464K)->6272K(6464K)
[602.646s][info][gc             ] GC(1606) Pause Young (Allocation Failure) 531M->296M(530M) 2.023ms
[602.646s][info][gc,cpu         ] GC(1606) User=0.00s Sys=0.00s Real=0.00s
[602.736s][info][gc,start       ] GC(1607) Pause Young (Allocation Failure)
[602.738s][info][gc,heap        ] GC(1607) PSYoungGen: 230944K(239104K)->64K(222720K) Eden: 230912K(230912K)->0K(222208K) From: 32K(8192K)->64K(512K)
[602.738s][info][gc,heap        ] GC(1607) ParOldGen: 303702K(304128K)->303710K(304128K)
[602.738s][info][gc,metaspace   ] GC(1607) Metaspace: 35432K(36160K)->35432K(36160K) NonClass: 29159K(29696K)->29159K(29696K) Class: 6272K(6464K)->6272K(6464K)
[602.738s][info][gc             ] GC(1607) Pause Young (Allocation Failure) 522M->296M(514M) 1.887ms
[602.738s][info][gc,cpu         ] GC(1607) User=0.01s Sys=0.00s Real=0.01s
[603.336s][info][gc,start       ] GC(1608) Pause Young (Allocation Failure)
[603.337s][info][gc,heap        ] GC(1608) PSYoungGen: 222272K(222720K)->64K(221184K) Eden: 222208K(222208K)->0K(214016K) From: 64K(512K)->64K(7168K)
[603.338s][info][gc,heap        ] GC(1608) ParOldGen: 303710K(304128K)->303726K(304128K)
[603.338s][info][gc,metaspace   ] GC(1608) Metaspace: 35432K(36160K)->35432K(36160K) NonClass: 29159K(29696K)->29159K(29696K) Class: 6272K(6464K)->6272K(6464K)
[603.338s][info][gc             ] GC(1608) Pause Young (Allocation Failure) 513M->296M(513M) 1.537ms
[603.338s][info][gc,cpu         ] GC(1608) User=0.00s Sys=0.00s Real=0.01s
[603.524s][info][gc,start       ] GC(1609) Pause Young (Allocation Failure)
[603.525s][info][gc,heap        ] GC(1609) PSYoungGen: 214080K(221184K)->64K(206848K) Eden: 214016K(214016K)->0K(206336K) From: 64K(7168K)->64K(512K)
[603.525s][info][gc,heap        ] GC(1609) ParOldGen: 303726K(304128K)->303734K(304128K)
[603.525s][info][gc,metaspace   ] GC(1609) Metaspace: 35432K(36160K)->35432K(36160K) NonClass: 29159K(29696K)->29159K(29696K) Class: 6272K(6464K)->6272K(6464K)
[603.525s][info][gc             ] GC(1609) Pause Young (Allocation Failure) 505M->296M(499M) 1.836ms
[603.525s][info][gc,cpu         ] GC(1609) User=0.00s Sys=0.00s Real=0.00s
[603.852s][info][gc,start       ] GC(1610) Pause Young (Allocation Failure)
[603.870s][info][gc,heap        ] GC(1610) PSYoungGen: 206400K(206848K)->6144K(252416K) Eden: 206336K(206336K)->0K(246272K) From: 64K(512K)->6144K(6144K)
[603.871s][info][gc,heap        ] GC(1610) ParOldGen: 303734K(304128K)->307142K(307200K)
[603.871s][info][gc,metaspace   ] GC(1610) Metaspace: 35432K(36160K)->35432K(36160K) NonClass: 29159K(29696K)->29159K(29696K) Class: 6272K(6464K)->6272K(6464K)
[603.871s][info][gc             ] GC(1610) Pause Young (Allocation Failure) 498M->305M(546M) 18.916ms
[603.871s][info][gc,cpu         ] GC(1610) User=0.03s Sys=0.00s Real=0.02s
[604.143s][info][gc,start       ] GC(1611) Pause Young (Allocation Failure)
[604.207s][info][gc,heap        ] GC(1611) PSYoungGen: 252416K(252416K)->6144K(259072K) Eden: 246272K(246272K)->0K(252928K) From: 6144K(6144K)->6144K(6144K)
[604.207s][info][gc,heap        ] GC(1611) ParOldGen: 307142K(307200K)->327118K(327168K)
[604.207s][info][gc,metaspace   ] GC(1611) Metaspace: 35432K(36160K)->35432K(36160K) NonClass: 29159K(29696K)->29159K(29696K) Class: 6272K(6464K)->6272K(6464K)
[604.207s][info][gc             ] GC(1611) Pause Young (Allocation Failure) 546M->325M(572M) 64.539ms
[604.207s][info][gc,cpu         ] GC(1611) User=0.11s Sys=0.02s Real=0.07s
[604.490s][info][gc,start       ] GC(1612) Pause Young (Allocation Failure)
[604.542s][info][gc,heap        ] GC(1612) PSYoungGen: 259072K(259072K)->17408K(270336K) Eden: 252928K(252928K)->0K(252928K) From: 6144K(6144K)->17408K(17408K)
[604.542s][info][gc,heap        ] GC(1612) ParOldGen: 327118K(327168K)->337110K(337408K)
[604.542s][info][gc,metaspace   ] GC(1612) Metaspace: 35432K(36160K)->35432K(36160K) NonClass: 29159K(29696K)->29159K(29696K) Class: 6272K(6464K)->6272K(6464K)
[604.542s][info][gc             ] GC(1612) Pause Young (Allocation Failure) 572M->346M(593M) 52.392ms
[604.542s][info][gc,cpu         ] GC(1612) User=0.10s Sys=0.00s Real=0.05s
[604.660s][info][gc,start       ] GC(1613) Pause Young (Allocation Failure)
[604.678s][info][gc,heap        ] GC(1613) PSYoungGen: 270336K(270336K)->6784K(310784K) Eden: 252928K(252928K)->0K(286208K) From: 17408K(17408K)->6784K(24576K)
[604.678s][info][gc,heap        ] GC(1613) ParOldGen: 337110K(337408K)->337462K(337920K)
[604.678s][info][gc,metaspace   ] GC(1613) Metaspace: 35432K(36160K)->35432K(36160K) NonClass: 29159K(29696K)->29159K(29696K) Class: 6272K(6464K)->6272K(6464K)
[604.678s][info][gc             ] GC(1613) Pause Young (Allocation Failure) 593M->336M(633M) 18.313ms
[604.678s][info][gc,cpu         ] GC(1613) User=0.03s Sys=0.01s Real=0.02s
[605.112s][info][gc,start       ] GC(1614) Pause Young (Allocation Failure)
[605.114s][info][gc,heap        ] GC(1614) PSYoungGen: 292992K(310784K)->64K(286720K) Eden: 286208K(286208K)->0K(286208K) From: 6784K(24576K)->64K(512K)
[605.114s][info][gc,heap        ] GC(1614) ParOldGen: 337462K(337920K)->337470K(337920K)
[605.114s][info][gc,metaspace   ] GC(1614) Metaspace: 35432K(36160K)->35432K(36160K) NonClass: 29159K(29696K)->29159K(29696K) Class: 6272K(6464K)->6272K(6464K)
[605.114s][info][gc             ] GC(1614) Pause Young (Allocation Failure) 615M->329M(610M) 1.567ms
[605.114s][info][gc,cpu         ] GC(1614) User=0.01s Sys=0.00s Real=0.00s
[605.706s][info][gc,start       ] GC(1615) Pause Young (Allocation Failure)
[605.707s][info][gc,heap        ] GC(1615) PSYoungGen: 286272K(286720K)->64K(309248K) Eden: 286208K(286208K)->0K(286720K) From: 64K(512K)->64K(22528K)
[605.707s][info][gc,heap        ] GC(1615) ParOldGen: 337470K(337920K)->337478K(337920K)
[605.707s][info][gc,metaspace   ] GC(1615) Metaspace: 35432K(36160K)->35432K(36160K) NonClass: 29159K(29696K)->29159K(29696K) Class: 6272K(6464K)->6272K(6464K)
[605.707s][info][gc             ] GC(1615) Pause Young (Allocation Failure) 609M->329M(632M) 1.399ms
[605.707s][info][gc,cpu         ] GC(1615) User=0.00s Sys=0.00s Real=0.01s
[606.145s][info][gc,start       ] GC(1616) Pause Young (Allocation Failure)
[606.146s][info][gc,heap        ] GC(1616) PSYoungGen: 286784K(309248K)->64K(308736K) Eden: 286720K(286720K)->0K(286720K) From: 64K(22528K)->64K(22016K)
[606.146s][info][gc,heap        ] GC(1616) ParOldGen: 337478K(337920K)->337494K(337920K)
[606.147s][info][gc,metaspace   ] GC(1616) Metaspace: 35432K(36160K)->35432K(36160K) NonClass: 29159K(29696K)->29159K(29696K) Class: 6272K(6464K)->6272K(6464K)
[606.147s][info][gc             ] GC(1616) Pause Young (Allocation Failure) 609M->329M(631M) 1.400ms
[606.147s][info][gc,cpu         ] GC(1616) User=0.01s Sys=0.00s Real=0.00s
[606.341s][info][gc,start       ] GC(1617) Pause Young (Allocation Failure)
[606.343s][info][gc,heap        ] GC(1617) PSYoungGen: 286784K(308736K)->64K(310784K) Eden: 286720K(286720K)->0K(289792K) From: 64K(22016K)->64K(20992K)
[606.343s][info][gc,heap        ] GC(1617) ParOldGen: 337494K(337920K)->337510K(337920K)
[606.343s][info][gc,metaspace   ] GC(1617) Metaspace: 35432K(36160K)->35432K(36160K) NonClass: 29159K(29696K)->29159K(29696K) Class: 6272K(6464K)->6272K(6464K)
[606.343s][info][gc             ] GC(1617) Pause Young (Allocation Failure) 609M->329M(633M) 1.415ms
[606.343s][info][gc,cpu         ] GC(1617) User=0.00s Sys=0.00s Real=0.00s
[606.544s][info][gc,start       ] GC(1618) Pause Young (Allocation Failure)
[606.545s][info][gc,heap        ] GC(1618) PSYoungGen: 289856K(310784K)->64K(310272K) Eden: 289792K(289792K)->0K(289792K) From: 64K(20992K)->64K(20480K)
[606.545s][info][gc,heap        ] GC(1618) ParOldGen: 337510K(337920K)->337510K(337920K)
[606.545s][info][gc,metaspace   ] GC(1618) Metaspace: 35432K(36160K)->35432K(36160K) NonClass: 29159K(29696K)->29159K(29696K) Class: 6272K(6464K)->6272K(6464K)
[606.545s][info][gc             ] GC(1618) Pause Young (Allocation Failure) 612M->329M(633M) 1.367ms
[606.545s][info][gc,cpu         ] GC(1618) User=0.00s Sys=0.00s Real=0.00s
[606.885s][info][gc,start       ] GC(1619) Pause Young (Allocation Failure)
[606.886s][info][gc,heap        ] GC(1619) PSYoungGen: 289856K(310272K)->64K(312320K) Eden: 289792K(289792K)->0K(293376K) From: 64K(20480K)->64K(18944K)
[606.886s][info][gc,heap        ] GC(1619) ParOldGen: 337510K(337920K)->337510K(337920K)
[606.886s][info][gc,metaspace   ] GC(1619) Metaspace: 35432K(36160K)->35432K(36160K) NonClass: 29159K(29696K)->29159K(29696K) Class: 6272K(6464K)->6272K(6464K)
[606.886s][info][gc             ] GC(1619) Pause Young (Allocation Failure) 612M->329M(635M) 1.370ms
[606.886s][info][gc,cpu         ] GC(1619) User=0.00s Sys=0.00s Real=0.00s
[606.992s][info][gc,start       ] GC(1620) Pause Young (Allocation Failure)
[606.994s][info][gc,heap        ] GC(1620) PSYoungGen: 293440K(312320K)->64K(311808K) Eden: 293376K(293376K)->0K(293376K) From: 64K(18944K)->64K(18432K)
[606.994s][info][gc,heap        ] GC(1620) ParOldGen: 337510K(337920K)->337518K(337920K)
[606.994s][info][gc,metaspace   ] GC(1620) Metaspace: 35432K(36160K)->35432K(36160K) NonClass: 29159K(29696K)->29159K(29696K) Class: 6272K(6464K)->6272K(6464K)
[606.994s][info][gc             ] GC(1620) Pause Young (Allocation Failure) 616M->329M(634M) 1.354ms
[606.994s][info][gc,cpu         ] GC(1620) User=0.00s Sys=0.00s Real=0.00s
[607.048s][info][gc,start       ] GC(1621) Pause Young (Allocation Failure)
[607.049s][info][gc,heap        ] GC(1621) PSYoungGen: 293440K(311808K)->64K(314368K) Eden: 293376K(293376K)->0K(297472K) From: 64K(18432K)->64K(16896K)
[607.049s][info][gc,heap        ] GC(1621) ParOldGen: 337518K(337920K)->337534K(337920K)
[607.049s][info][gc,metaspace   ] GC(1621) Metaspace: 35432K(36160K)->35432K(36160K) NonClass: 29159K(29696K)->29159K(29696K) Class: 6272K(6464K)->6272K(6464K)
[607.049s][info][gc             ] GC(1621) Pause Young (Allocation Failure) 616M->329M(637M) 1.346ms
[607.049s][info][gc,cpu         ] GC(1621) User=0.00s Sys=0.00s Real=0.00s
[607.193s][info][gc,start       ] GC(1622) Pause Young (Allocation Failure)
[607.194s][info][gc,heap        ] GC(1622) PSYoungGen: 297536K(314368K)->64K(313856K) Eden: 297472K(297472K)->0K(297472K) From: 64K(16896K)->64K(16384K)
[607.194s][info][gc,heap        ] GC(1622) ParOldGen: 337534K(337920K)->337534K(337920K)
[607.194s][info][gc,metaspace   ] GC(1622) Metaspace: 35432K(36160K)->35432K(36160K) NonClass: 29159K(29696K)->29159K(29696K) Class: 6272K(6464K)->6272K(6464K)
[607.194s][info][gc             ] GC(1622) Pause Young (Allocation Failure) 620M->329M(636M) 1.417ms
[607.194s][info][gc,cpu         ] GC(1622) User=0.01s Sys=0.00s Real=0.00s
[607.415s][info][gc,start       ] GC(1623) Pause Young (Allocation Failure)
[607.416s][info][gc,heap        ] GC(1623) PSYoungGen: 297536K(313856K)->64K(316416K) Eden: 297472K(297472K)->0K(301568K) From: 64K(16384K)->64K(14848K)
[607.416s][info][gc,heap        ] GC(1623) ParOldGen: 337534K(337920K)->337542K(337920K)
[607.416s][info][gc,metaspace   ] GC(1623) Metaspace: 35432K(36160K)->35432K(36160K) NonClass: 29159K(29696K)->29159K(29696K) Class: 6272K(6464K)->6272K(6464K)
[607.416s][info][gc             ] GC(1623) Pause Young (Allocation Failure) 620M->329M(639M) 1.392ms
[607.416s][info][gc,cpu         ] GC(1623) User=0.00s Sys=0.00s Real=0.00s
[607.581s][info][gc,start       ] GC(1624) Pause Young (Allocation Failure)
[607.582s][info][gc,heap        ] GC(1624) PSYoungGen: 301632K(316416K)->64K(316416K) Eden: 301568K(301568K)->0K(301568K) From: 64K(14848K)->64K(14848K)
[607.582s][info][gc,heap        ] GC(1624) ParOldGen: 337542K(337920K)->337550K(337920K)
[607.582s][info][gc,metaspace   ] GC(1624) Metaspace: 35432K(36160K)->35432K(36160K) NonClass: 29159K(29696K)->29159K(29696K) Class: 6272K(6464K)->6272K(6464K)
[607.582s][info][gc             ] GC(1624) Pause Young (Allocation Failure) 624M->329M(639M) 1.493ms
[607.582s][info][gc,cpu         ] GC(1624) User=0.00s Sys=0.00s Real=0.00s
[607.669s][info][gc,start       ] GC(1625) Pause Young (Allocation Failure)
[607.670s][info][gc,heap        ] GC(1625) PSYoungGen: 301632K(316416K)->64K(318464K) Eden: 301568K(301568K)->0K(304640K) From: 64K(14848K)->64K(13824K)
[607.670s][info][gc,heap        ] GC(1625) ParOldGen: 337550K(337920K)->337566K(337920K)
[607.670s][info][gc,metaspace   ] GC(1625) Metaspace: 35432K(36160K)->35432K(36160K) NonClass: 29159K(29696K)->29159K(29696K) Class: 6272K(6464K)->6272K(6464K)
[607.670s][info][gc             ] GC(1625) Pause Young (Allocation Failure) 624M->329M(641M) 1.324ms
[607.670s][info][gc,cpu         ] GC(1625) User=0.00s Sys=0.00s Real=0.00s
[607.851s][info][gc,start       ] GC(1626) Pause Young (Allocation Failure)
[607.853s][info][gc,heap        ] GC(1626) PSYoungGen: 304704K(318464K)->64K(317952K) Eden: 304640K(304640K)->0K(304640K) From: 64K(13824K)->64K(13312K)
[607.853s][info][gc,heap        ] GC(1626) ParOldGen: 337566K(337920K)->337566K(337920K)
[607.853s][info][gc,metaspace   ] GC(1626) Metaspace: 35432K(36160K)->35432K(36160K) NonClass: 29159K(29696K)->29159K(29696K) Class: 6272K(6464K)->6272K(6464K)
[607.853s][info][gc             ] GC(1626) Pause Young (Allocation Failure) 627M->329M(640M) 1.885ms
[607.853s][info][gc,cpu         ] GC(1626) User=0.00s Sys=0.00s Real=0.00s
[608.868s][info][gc,start       ] GC(1627) Pause Young (Allocation Failure)
[608.869s][info][gc,heap        ] GC(1627) PSYoungGen: 304704K(317952K)->64K(292864K) Eden: 304640K(304640K)->0K(292352K) From: 64K(13312K)->64K(512K)
[608.869s][info][gc,heap        ] GC(1627) ParOldGen: 337566K(337920K)->337574K(337920K)
[608.869s][info][gc,metaspace   ] GC(1627) Metaspace: 35432K(36160K)->35432K(36160K) NonClass: 29159K(29696K)->29159K(29696K) Class: 6272K(6464K)->6272K(6464K)
[608.869s][info][gc             ] GC(1627) Pause Young (Allocation Failure) 627M->329M(616M) 1.426ms
[608.869s][info][gc,cpu         ] GC(1627) User=0.00s Sys=0.00s Real=0.00s
[609.794s][info][gc,start       ] GC(1628) Pause Young (Allocation Failure)
[609.796s][info][gc,heap        ] GC(1628) PSYoungGen: 292416K(292864K)->64K(292352K) Eden: 292352K(292352K)->0K(280576K) From: 64K(512K)->64K(11776K)
[609.796s][info][gc,heap        ] GC(1628) ParOldGen: 337574K(337920K)->337582K(337920K)
[609.796s][info][gc,metaspace   ] GC(1628) Metaspace: 35432K(36160K)->35432K(36160K) NonClass: 29159K(29696K)->29159K(29696K) Class: 6272K(6464K)->6272K(6464K)
[609.796s][info][gc             ] GC(1628) Pause Young (Allocation Failure) 615M->329M(615M) 1.907ms
[609.796s][info][gc,cpu         ] GC(1628) User=0.01s Sys=0.00s Real=0.00s
[610.033s][info][gc,start       ] GC(1629) Pause Young (Allocation Failure)
[610.035s][info][gc,heap        ] GC(1629) PSYoungGen: 280640K(292352K)->64K(269824K) Eden: 280576K(280576K)->0K(269312K) From: 64K(11776K)->64K(512K)
[610.035s][info][gc,heap        ] GC(1629) ParOldGen: 337582K(337920K)->337590K(337920K)
[610.035s][info][gc,metaspace   ] GC(1629) Metaspace: 35432K(36160K)->35432K(36160K) NonClass: 29159K(29696K)->29159K(29696K) Class: 6272K(6464K)->6272K(6464K)
[610.035s][info][gc             ] GC(1629) Pause Young (Allocation Failure) 603M->329M(593M) 1.994ms
[610.035s][info][gc,cpu         ] GC(1629) User=0.00s Sys=0.00s Real=0.00s
[610.473s][info][gc,start       ] GC(1630) Pause Young (Allocation Failure)
[610.475s][info][gc,heap        ] GC(1630) PSYoungGen: 269376K(269824K)->64K(268800K) Eden: 269312K(269312K)->0K(258560K) From: 64K(512K)->64K(10240K)
[610.475s][info][gc,heap        ] GC(1630) ParOldGen: 337590K(337920K)->337598K(337920K)
[610.475s][info][gc,metaspace   ] GC(1630) Metaspace: 35432K(36160K)->35432K(36160K) NonClass: 29159K(29696K)->29159K(29696K) Class: 6272K(6464K)->6272K(6464K)
[610.475s][info][gc             ] GC(1630) Pause Young (Allocation Failure) 592M->329M(592M) 1.347ms
[610.475s][info][gc,cpu         ] GC(1630) User=0.00s Sys=0.00s Real=0.00s
[611.504s][info][gc,start       ] GC(1631) Pause Young (Allocation Failure)
[611.505s][info][gc,heap        ] GC(1631) PSYoungGen: 258624K(268800K)->64K(248832K) Eden: 258560K(258560K)->0K(248320K) From: 64K(10240K)->64K(512K)
[611.505s][info][gc,heap        ] GC(1631) ParOldGen: 337598K(337920K)->337606K(337920K)
[611.505s][info][gc,metaspace   ] GC(1631) Metaspace: 35432K(36160K)->35432K(36160K) NonClass: 29159K(29696K)->29159K(29696K) Class: 6272K(6464K)->6272K(6464K)
[611.505s][info][gc             ] GC(1631) Pause Young (Allocation Failure) 582M->329M(573M) 1.819ms
[611.505s][info][gc,cpu         ] GC(1631) User=0.00s Sys=0.00s Real=0.00s
[611.909s][info][gc,start       ] GC(1632) Pause Young (Allocation Failure)
[611.910s][info][gc,heap        ] GC(1632) PSYoungGen: 248384K(248832K)->64K(247296K) Eden: 248320K(248320K)->0K(238592K) From: 64K(512K)->64K(8704K)
[611.910s][info][gc,heap        ] GC(1632) ParOldGen: 337606K(337920K)->337614K(337920K)
[611.910s][info][gc,metaspace   ] GC(1632) Metaspace: 35432K(36160K)->35432K(36160K) NonClass: 29159K(29696K)->29159K(29696K) Class: 6272K(6464K)->6272K(6464K)
[611.910s][info][gc             ] GC(1632) Pause Young (Allocation Failure) 572M->329M(571M) 1.290ms
[611.910s][info][gc,cpu         ] GC(1632) User=0.00s Sys=0.00s Real=0.00s
[612.092s][info][gc,start       ] GC(1633) Pause Young (Allocation Failure)
[612.093s][info][gc,heap        ] GC(1633) PSYoungGen: 238656K(247296K)->64K(229888K) Eden: 238592K(238592K)->0K(229376K) From: 64K(8704K)->64K(512K)
[612.093s][info][gc,heap        ] GC(1633) ParOldGen: 337614K(337920K)->337622K(337920K)
[612.093s][info][gc,metaspace   ] GC(1633) Metaspace: 35432K(36160K)->35432K(36160K) NonClass: 29159K(29696K)->29159K(29696K) Class: 6272K(6464K)->6272K(6464K)
[612.093s][info][gc             ] GC(1633) Pause Young (Allocation Failure) 562M->329M(554M) 1.786ms
[612.093s][info][gc,cpu         ] GC(1633) User=0.00s Sys=0.00s Real=0.00s
[612.175s][info][gc,start       ] GC(1634) Pause Young (Allocation Failure)
[612.176s][info][gc,heap        ] GC(1634) PSYoungGen: 229440K(229888K)->64K(228352K) Eden: 229376K(229376K)->0K(220672K) From: 64K(512K)->64K(7680K)
[612.176s][info][gc,heap        ] GC(1634) ParOldGen: 337622K(337920K)->337630K(337920K)
[612.176s][info][gc,metaspace   ] GC(1634) Metaspace: 35432K(36160K)->35432K(36160K) NonClass: 29159K(29696K)->29159K(29696K) Class: 6272K(6464K)->6272K(6464K)
[612.176s][info][gc             ] GC(1634) Pause Young (Allocation Failure) 553M->329M(553M) 1.268ms
[612.176s][info][gc,cpu         ] GC(1634) User=0.01s Sys=0.00s Real=0.00s
[612.728s][info][gc,start       ] GC(1635) Pause Young (Allocation Failure)
[612.730s][info][gc,heap        ] GC(1635) PSYoungGen: 220736K(228352K)->64K(212992K) Eden: 220672K(220672K)->0K(212480K) From: 64K(7680K)->64K(512K)
[612.730s][info][gc,heap        ] GC(1635) ParOldGen: 337630K(337920K)->337638K(337920K)
[612.730s][info][gc,metaspace   ] GC(1635) Metaspace: 35432K(36160K)->35432K(36160K) NonClass: 29159K(29696K)->29159K(29696K) Class: 6272K(6464K)->6272K(6464K)
[612.730s][info][gc             ] GC(1635) Pause Young (Allocation Failure) 545M->329M(538M) 1.992ms
[612.730s][info][gc,cpu         ] GC(1635) User=0.01s Sys=0.00s Real=0.00s
[612.963s][info][gc,start       ] GC(1636) Pause Young (Allocation Failure)
[612.965s][info][gc,heap        ] GC(1636) PSYoungGen: 212544K(212992K)->64K(211456K) Eden: 212480K(212480K)->0K(204800K) From: 64K(512K)->64K(6656K)
[612.965s][info][gc,heap        ] GC(1636) ParOldGen: 337638K(337920K)->337646K(337920K)
[612.965s][info][gc,metaspace   ] GC(1636) Metaspace: 35432K(36160K)->35432K(36160K) NonClass: 29159K(29696K)->29159K(29696K) Class: 6272K(6464K)->6272K(6464K)
[612.965s][info][gc             ] GC(1636) Pause Young (Allocation Failure) 537M->329M(536M) 1.693ms
[612.965s][info][gc,cpu         ] GC(1636) User=0.00s Sys=0.00s Real=0.00s
[613.341s][info][gc,start       ] GC(1637) Pause Young (Allocation Failure)
[613.352s][info][gc,heap        ] GC(1637) PSYoungGen: 204864K(211456K)->5728K(248832K) Eden: 204800K(204800K)->0K(242688K) From: 64K(6656K)->5728K(6144K)
[613.352s][info][gc,heap        ] GC(1637) ParOldGen: 337646K(337920K)->337662K(337920K)
[613.352s][info][gc,metaspace   ] GC(1637) Metaspace: 35432K(36160K)->35432K(36160K) NonClass: 29159K(29696K)->29159K(29696K) Class: 6272K(6464K)->6272K(6464K)
[613.352s][info][gc             ] GC(1637) Pause Young (Allocation Failure) 529M->335M(573M) 10.483ms
[613.352s][info][gc,cpu         ] GC(1637) User=0.02s Sys=0.00s Real=0.01s
[613.649s][info][gc,start       ] GC(1638) Pause Young (Allocation Failure)
[613.702s][info][gc,heap        ] GC(1638) PSYoungGen: 248416K(248832K)->7680K(278016K) Eden: 242688K(242688K)->0K(270336K) From: 5728K(6144K)->7680K(7680K)
[613.702s][info][gc,heap        ] GC(1638) ParOldGen: 337662K(337920K)->355590K(355840K)
[613.702s][info][gc,metaspace   ] GC(1638) Metaspace: 35432K(36160K)->35432K(36160K) NonClass: 29159K(29696K)->29159K(29696K) Class: 6272K(6464K)->6272K(6464K)
[613.702s][info][gc             ] GC(1638) Pause Young (Allocation Failure) 572M->354M(619M) 53.135ms
[613.702s][info][gc,cpu         ] GC(1638) User=0.08s Sys=0.03s Real=0.05s
[614.036s][info][gc,start       ] GC(1639) Pause Young (Allocation Failure)
[614.105s][info][gc,heap        ] GC(1639) PSYoungGen: 278016K(278016K)->15872K(298496K) Eden: 270336K(270336K)->0K(282624K) From: 7680K(7680K)->15872K(15872K)
[614.105s][info][gc,heap        ] GC(1639) ParOldGen: 355590K(355840K)->368894K(369152K)
[614.105s][info][gc,metaspace   ] GC(1639) Metaspace: 35432K(36160K)->35432K(36160K) NonClass: 29159K(29696K)->29159K(29696K) Class: 6272K(6464K)->6272K(6464K)
[614.105s][info][gc             ] GC(1639) Pause Young (Allocation Failure) 618M->375M(652M) 69.275ms
[614.105s][info][gc,cpu         ] GC(1639) User=0.11s Sys=0.02s Real=0.07s
[614.259s][info][gc,start       ] GC(1640) Pause Young (Allocation Failure)
[614.281s][info][gc,heap        ] GC(1640) PSYoungGen: 298496K(298496K)->9152K(306688K) Eden: 282624K(282624K)->0K(282624K) From: 15872K(15872K)->9152K(24064K)
[614.281s][info][gc,heap        ] GC(1640) ParOldGen: 368894K(369152K)->369374K(369664K)
[614.281s][info][gc,metaspace   ] GC(1640) Metaspace: 35432K(36160K)->35432K(36160K) NonClass: 29159K(29696K)->29159K(29696K) Class: 6272K(6464K)->6272K(6464K)
[614.281s][info][gc             ] GC(1640) Pause Young (Allocation Failure) 651M->369M(660M) 22.352ms
[614.281s][info][gc,cpu         ] GC(1640) User=0.05s Sys=0.00s Real=0.02s
[614.730s][info][gc,start       ] GC(1641) Pause Young (Allocation Failure)
[614.732s][info][gc,heap        ] GC(1641) PSYoungGen: 291776K(306688K)->64K(308224K) Eden: 282624K(282624K)->0K(286208K) From: 9152K(24064K)->64K(22016K)
[614.732s][info][gc,heap        ] GC(1641) ParOldGen: 369374K(369664K)->369382K(369664K)
[614.732s][info][gc,metaspace   ] GC(1641) Metaspace: 35432K(36160K)->35432K(36160K) NonClass: 29159K(29696K)->29159K(29696K) Class: 6272K(6464K)->6272K(6464K)
[614.732s][info][gc             ] GC(1641) Pause Young (Allocation Failure) 645M->360M(662M) 1.651ms
[614.732s][info][gc,cpu         ] GC(1641) User=0.00s Sys=0.00s Real=0.00s
[615.360s][info][gc,start       ] GC(1642) Pause Young (Allocation Failure)
[615.361s][info][gc,heap        ] GC(1642) PSYoungGen: 286272K(308224K)->64K(309248K) Eden: 286208K(286208K)->0K(286208K) From: 64K(22016K)->64K(23040K)
[615.361s][info][gc,heap        ] GC(1642) ParOldGen: 369382K(369664K)->369390K(369664K)
[615.361s][info][gc,metaspace   ] GC(1642) Metaspace: 35434K(36160K)->35434K(36160K) NonClass: 29161K(29696K)->29161K(29696K) Class: 6272K(6464K)->6272K(6464K)
[615.362s][info][gc             ] GC(1642) Pause Young (Allocation Failure) 640M->360M(663M) 1.586ms
[615.362s][info][gc,cpu         ] GC(1642) User=0.01s Sys=0.00s Real=0.00s
[615.831s][info][gc,start       ] GC(1643) Pause Young (Allocation Failure)
[615.833s][info][gc,heap        ] GC(1643) PSYoungGen: 286272K(309248K)->64K(309760K) Eden: 286208K(286208K)->0K(288768K) From: 64K(23040K)->64K(20992K)
[615.833s][info][gc,heap        ] GC(1643) ParOldGen: 369390K(369664K)->369406K(369664K)
[615.833s][info][gc,metaspace   ] GC(1643) Metaspace: 35434K(36160K)->35434K(36160K) NonClass: 29161K(29696K)->29161K(29696K) Class: 6272K(6464K)->6272K(6464K)
[615.833s][info][gc             ] GC(1643) Pause Young (Allocation Failure) 640M->360M(663M) 1.575ms
[615.833s][info][gc,cpu         ] GC(1643) User=0.01s Sys=0.00s Real=0.00s
[616.046s][info][gc,start       ] GC(1644) Pause Young (Allocation Failure)
[616.048s][info][gc,heap        ] GC(1644) PSYoungGen: 288832K(309760K)->64K(310272K) Eden: 288768K(288768K)->0K(288768K) From: 64K(20992K)->64K(21504K)
[616.048s][info][gc,heap        ] GC(1644) ParOldGen: 369406K(369664K)->369422K(369664K)
[616.048s][info][gc,metaspace   ] GC(1644) Metaspace: 35434K(36160K)->35434K(36160K) NonClass: 29161K(29696K)->29161K(29696K) Class: 6272K(6464K)->6272K(6464K)
[616.048s][info][gc             ] GC(1644) Pause Young (Allocation Failure) 642M->360M(664M) 1.596ms
[616.048s][info][gc,cpu         ] GC(1644) User=0.00s Sys=0.00s Real=0.01s
[616.263s][info][gc,start       ] GC(1645) Pause Young (Allocation Failure)
[616.265s][info][gc,heap        ] GC(1645) PSYoungGen: 288832K(310272K)->64K(310784K) Eden: 288768K(288768K)->0K(291840K) From: 64K(21504K)->64K(18944K)
[616.265s][info][gc,heap        ] GC(1645) ParOldGen: 369422K(369664K)->369422K(369664K)
[616.265s][info][gc,metaspace   ] GC(1645) Metaspace: 35434K(36160K)->35434K(36160K) NonClass: 29161K(29696K)->29161K(29696K) Class: 6272K(6464K)->6272K(6464K)
[616.265s][info][gc             ] GC(1645) Pause Young (Allocation Failure) 642M->360M(664M) 1.528ms
[616.265s][info][gc,cpu         ] GC(1645) User=0.01s Sys=0.00s Real=0.00s
[616.641s][info][gc,start       ] GC(1646) Pause Young (Allocation Failure)
[616.643s][info][gc,heap        ] GC(1646) PSYoungGen: 291904K(310784K)->64K(311296K) Eden: 291840K(291840K)->0K(291840K) From: 64K(18944K)->64K(19456K)
[616.643s][info][gc,heap        ] GC(1646) ParOldGen: 369422K(369664K)->369422K(369664K)
[616.643s][info][gc,metaspace   ] GC(1646) Metaspace: 35434K(36160K)->35434K(36160K) NonClass: 29161K(29696K)->29161K(29696K) Class: 6272K(6464K)->6272K(6464K)
[616.643s][info][gc             ] GC(1646) Pause Young (Allocation Failure) 645M->360M(665M) 2.045ms
[616.643s][info][gc,cpu         ] GC(1646) User=0.00s Sys=0.00s Real=0.00s
[616.747s][info][gc,start       ] GC(1647) Pause Young (Allocation Failure)
[616.749s][info][gc,heap        ] GC(1647) PSYoungGen: 291904K(311296K)->64K(312320K) Eden: 291840K(291840K)->0K(295424K) From: 64K(19456K)->64K(16896K)
[616.749s][info][gc,heap        ] GC(1647) ParOldGen: 369422K(369664K)->369430K(369664K)
[616.749s][info][gc,metaspace   ] GC(1647) Metaspace: 35434K(36160K)->35434K(36160K) NonClass: 29161K(29696K)->29161K(29696K) Class: 6272K(6464K)->6272K(6464K)
[616.749s][info][gc             ] GC(1647) Pause Young (Allocation Failure) 645M->360M(666M) 2.099ms
[616.749s][info][gc,cpu         ] GC(1647) User=0.00s Sys=0.00s Real=0.00s
[616.808s][info][gc,start       ] GC(1648) Pause Young (Allocation Failure)
[616.810s][info][gc,heap        ] GC(1648) PSYoungGen: 295488K(312320K)->64K(313344K) Eden: 295424K(295424K)->0K(295424K) From: 64K(16896K)->64K(17920K)
[616.810s][info][gc,heap        ] GC(1648) ParOldGen: 369430K(369664K)->369446K(369664K)
[616.810s][info][gc,metaspace   ] GC(1648) Metaspace: 35434K(36160K)->35434K(36160K) NonClass: 29161K(29696K)->29161K(29696K) Class: 6272K(6464K)->6272K(6464K)
[616.810s][info][gc             ] GC(1648) Pause Young (Allocation Failure) 649M->360M(667M) 2.013ms
[616.810s][info][gc,cpu         ] GC(1648) User=0.00s Sys=0.00s Real=0.00s
[616.955s][info][gc,start       ] GC(1649) Pause Young (Allocation Failure)
[616.957s][info][gc,heap        ] GC(1649) PSYoungGen: 295488K(313344K)->64K(313856K) Eden: 295424K(295424K)->0K(299008K) From: 64K(17920K)->64K(14848K)
[616.957s][info][gc,heap        ] GC(1649) ParOldGen: 369446K(369664K)->369446K(369664K)
[616.957s][info][gc,metaspace   ] GC(1649) Metaspace: 35434K(36160K)->35434K(36160K) NonClass: 29161K(29696K)->29161K(29696K) Class: 6272K(6464K)->6272K(6464K)
[616.957s][info][gc             ] GC(1649) Pause Young (Allocation Failure) 649M->360M(667M) 1.912ms
[616.957s][info][gc,cpu         ] GC(1649) User=0.00s Sys=0.00s Real=0.01s
[617.179s][info][gc,start       ] GC(1650) Pause Young (Allocation Failure)
[617.181s][info][gc,heap        ] GC(1650) PSYoungGen: 299072K(313856K)->64K(314880K) Eden: 299008K(299008K)->0K(299008K) From: 64K(14848K)->64K(15872K)
[617.181s][info][gc,heap        ] GC(1650) ParOldGen: 369446K(369664K)->369454K(369664K)
[617.181s][info][gc,metaspace   ] GC(1650) Metaspace: 35434K(36160K)->35434K(36160K) NonClass: 29161K(29696K)->29161K(29696K) Class: 6272K(6464K)->6272K(6464K)
[617.181s][info][gc             ] GC(1650) Pause Young (Allocation Failure) 652M->360M(668M) 2.156ms
[617.181s][info][gc,cpu         ] GC(1650) User=0.00s Sys=0.01s Real=0.00s
[617.338s][info][gc,start       ] GC(1651) Pause Young (Allocation Failure)
[617.340s][info][gc,heap        ] GC(1651) PSYoungGen: 299072K(314880K)->64K(316928K) Eden: 299008K(299008K)->0K(303104K) From: 64K(15872K)->64K(13824K)
[617.340s][info][gc,heap        ] GC(1651) ParOldGen: 369454K(369664K)->369462K(369664K)
[617.340s][info][gc,metaspace   ] GC(1651) Metaspace: 35434K(36160K)->35434K(36160K) NonClass: 29161K(29696K)->29161K(29696K) Class: 6272K(6464K)->6272K(6464K)
[617.340s][info][gc             ] GC(1651) Pause Young (Allocation Failure) 652M->360M(670M) 2.048ms
[617.340s][info][gc,cpu         ] GC(1651) User=0.01s Sys=0.00s Real=0.00s
[617.425s][info][gc,start       ] GC(1652) Pause Young (Allocation Failure)
[617.427s][info][gc,heap        ] GC(1652) PSYoungGen: 303168K(316928K)->64K(317440K) Eden: 303104K(303104K)->0K(303104K) From: 64K(13824K)->64K(14336K)
[617.427s][info][gc,heap        ] GC(1652) ParOldGen: 369462K(369664K)->369478K(369664K)
[617.427s][info][gc,metaspace   ] GC(1652) Metaspace: 35434K(36160K)->35434K(36160K) NonClass: 29161K(29696K)->29161K(29696K) Class: 6272K(6464K)->6272K(6464K)
[617.427s][info][gc             ] GC(1652) Pause Young (Allocation Failure) 656M->360M(671M) 2.026ms
[617.427s][info][gc,cpu         ] GC(1652) User=0.00s Sys=0.00s Real=0.01s
[617.596s][info][gc,start       ] GC(1653) Pause Young (Allocation Failure)
[617.598s][info][gc,heap        ] GC(1653) PSYoungGen: 303168K(317440K)->64K(318976K) Eden: 303104K(303104K)->0K(306176K) From: 64K(14336K)->64K(12800K)
[617.598s][info][gc,heap        ] GC(1653) ParOldGen: 369478K(369664K)->369478K(369664K)
[617.598s][info][gc,metaspace   ] GC(1653) Metaspace: 35434K(36160K)->35434K(36160K) NonClass: 29161K(29696K)->29161K(29696K) Class: 6272K(6464K)->6272K(6464K)
[617.598s][info][gc             ] GC(1653) Pause Young (Allocation Failure) 656M->360M(672M) 2.024ms
[617.598s][info][gc,cpu         ] GC(1653) User=0.01s Sys=0.00s Real=0.01s
[618.569s][info][gc,start       ] GC(1654) Pause Young (Allocation Failure)
[618.571s][info][gc,heap        ] GC(1654) PSYoungGen: 306240K(318976K)->83K(318976K) Eden: 306176K(306176K)->0K(306176K) From: 64K(12800K)->83K(12800K)
[618.571s][info][gc,heap        ] GC(1654) ParOldGen: 369478K(369664K)->369486K(369664K)
[618.571s][info][gc,metaspace   ] GC(1654) Metaspace: 35434K(36160K)->35434K(36160K) NonClass: 29161K(29696K)->29161K(29696K) Class: 6272K(6464K)->6272K(6464K)
[618.572s][info][gc             ] GC(1654) Pause Young (Allocation Failure) 659M->360M(672M) 2.032ms
[618.572s][info][gc,cpu         ] GC(1654) User=0.00s Sys=0.00s Real=0.00s
[619.460s][info][gc,start       ] GC(1655) Pause Young (Allocation Failure)
[619.462s][info][gc,heap        ] GC(1655) PSYoungGen: 306259K(318976K)->64K(320512K) Eden: 306176K(306176K)->0K(308736K) From: 83K(12800K)->64K(11776K)
[619.462s][info][gc,heap        ] GC(1655) ParOldGen: 369486K(369664K)->369494K(369664K)
[619.462s][info][gc,metaspace   ] GC(1655) Metaspace: 35434K(36160K)->35434K(36160K) NonClass: 29161K(29696K)->29161K(29696K) Class: 6272K(6464K)->6272K(6464K)
[619.463s][info][gc             ] GC(1655) Pause Young (Allocation Failure) 659M->360M(674M) 2.027ms
[619.463s][info][gc,cpu         ] GC(1655) User=0.00s Sys=0.00s Real=0.00s
[619.772s][info][gc,start       ] GC(1656) Pause Young (Allocation Failure)
[619.775s][info][gc,heap        ] GC(1656) PSYoungGen: 308800K(320512K)->64K(296960K) Eden: 308736K(308736K)->0K(296448K) From: 64K(11776K)->64K(512K)
[619.775s][info][gc,heap        ] GC(1656) ParOldGen: 369494K(369664K)->369502K(369664K)
[619.775s][info][gc,metaspace   ] GC(1656) Metaspace: 35434K(36160K)->35434K(36160K) NonClass: 29161K(29696K)->29161K(29696K) Class: 6272K(6464K)->6272K(6464K)
[619.775s][info][gc             ] GC(1656) Pause Young (Allocation Failure) 662M->360M(651M) 2.342ms
[619.775s][info][gc,cpu         ] GC(1656) User=0.00s Sys=0.00s Real=0.00s
[620.220s][info][gc,start       ] GC(1657) Pause Young (Allocation Failure)
[620.223s][info][gc,heap        ] GC(1657) PSYoungGen: 296512K(296960K)->64K(285184K) Eden: 296448K(296448K)->0K(284672K) From: 64K(512K)->64K(512K)
[620.223s][info][gc,heap        ] GC(1657) ParOldGen: 369502K(369664K)->369510K(369664K)
[620.223s][info][gc,metaspace   ] GC(1657) Metaspace: 35434K(36160K)->35434K(36160K) NonClass: 29161K(29696K)->29161K(29696K) Class: 6272K(6464K)->6272K(6464K)
[620.223s][info][gc             ] GC(1657) Pause Young (Allocation Failure) 650M->360M(639M) 2.743ms
[620.223s][info][gc,cpu         ] GC(1657) User=0.01s Sys=0.01s Real=0.00s
[621.205s][info][gc,start       ] GC(1658) Pause Young (Allocation Failure)
[621.208s][info][gc,heap        ] GC(1658) PSYoungGen: 284736K(285184K)->64K(283136K) Eden: 284672K(284672K)->0K(273408K) From: 64K(512K)->64K(9728K)
[621.208s][info][gc,heap        ] GC(1658) ParOldGen: 369510K(369664K)->369518K(369664K)
[621.208s][info][gc,metaspace   ] GC(1658) Metaspace: 35434K(36160K)->35434K(36160K) NonClass: 29161K(29696K)->29161K(29696K) Class: 6272K(6464K)->6272K(6464K)
[621.208s][info][gc             ] GC(1658) Pause Young (Allocation Failure) 638M->360M(637M) 2.465ms
[621.208s][info][gc,cpu         ] GC(1658) User=0.00s Sys=0.00s Real=0.01s
[621.588s][info][gc,start       ] GC(1659) Pause Young (Allocation Failure)
[621.591s][info][gc,heap        ] GC(1659) PSYoungGen: 273472K(283136K)->64K(263168K) Eden: 273408K(273408K)->0K(262656K) From: 64K(9728K)->64K(512K)
[621.591s][info][gc,heap        ] GC(1659) ParOldGen: 369518K(369664K)->369526K(369664K)
[621.591s][info][gc,metaspace   ] GC(1659) Metaspace: 35434K(36160K)->35434K(36160K) NonClass: 29161K(29696K)->29161K(29696K) Class: 6272K(6464K)->6272K(6464K)
[621.591s][info][gc             ] GC(1659) Pause Young (Allocation Failure) 627M->360M(618M) 3.041ms
[621.591s][info][gc,cpu         ] GC(1659) User=0.00s Sys=0.00s Real=0.00s
[621.687s][info][gc,start       ] GC(1660) Pause Young (Allocation Failure)
[621.690s][info][gc,heap        ] GC(1660) PSYoungGen: 262720K(263168K)->64K(293888K) Eden: 262656K(262656K)->0K(285696K) From: 64K(512K)->64K(8192K)
[621.690s][info][gc,heap        ] GC(1660) ParOldGen: 369526K(369664K)->369534K(369664K)
[621.690s][info][gc,metaspace   ] GC(1660) Metaspace: 35434K(36160K)->35434K(36160K) NonClass: 29161K(29696K)->29161K(29696K) Class: 6272K(6464K)->6272K(6464K)
[621.690s][info][gc             ] GC(1660) Pause Young (Allocation Failure) 617M->360M(648M) 2.281ms
[621.690s][info][gc,cpu         ] GC(1660) User=0.00s Sys=0.00s Real=0.00s
[622.224s][info][gc,start       ] GC(1661) Pause Young (Allocation Failure)
[622.226s][info][gc,heap        ] GC(1661) PSYoungGen: 285760K(293888K)->64K(274944K) Eden: 285696K(285696K)->0K(274432K) From: 64K(8192K)->64K(512K)
[622.226s][info][gc,heap        ] GC(1661) ParOldGen: 369534K(369664K)->369550K(369664K)
[622.226s][info][gc,metaspace   ] GC(1661) Metaspace: 35434K(36160K)->35434K(36160K) NonClass: 29161K(29696K)->29161K(29696K) Class: 6272K(6464K)->6272K(6464K)
[622.226s][info][gc             ] GC(1661) Pause Young (Allocation Failure) 639M->360M(629M) 2.571ms
[622.226s][info][gc,cpu         ] GC(1661) User=0.00s Sys=0.00s Real=0.00s
[622.570s][info][gc,start       ] GC(1662) Pause Young (Allocation Failure)
[622.572s][info][gc,heap        ] GC(1662) PSYoungGen: 274496K(274944K)->64K(270848K) Eden: 274432K(274432K)->0K(263680K) From: 64K(512K)->64K(7168K)
[622.572s][info][gc,heap        ] GC(1662) ParOldGen: 369550K(369664K)->369558K(369664K)
[622.572s][info][gc,metaspace   ] GC(1662) Metaspace: 35434K(36160K)->35434K(36160K) NonClass: 29161K(29696K)->29161K(29696K) Class: 6272K(6464K)->6272K(6464K)
[622.572s][info][gc             ] GC(1662) Pause Young (Allocation Failure) 628M->360M(625M) 2.550ms
[622.572s][info][gc,cpu         ] GC(1662) User=0.00s Sys=0.00s Real=0.00s
[622.961s][info][gc,start       ] GC(1663) Pause Young (Allocation Failure)
[623.008s][info][gc,heap        ] GC(1663) PSYoungGen: 263744K(270848K)->6656K(307200K) Eden: 263680K(263680K)->0K(300544K) From: 64K(7168K)->6656K(6656K)
[623.008s][info][gc,heap        ] GC(1663) ParOldGen: 369558K(369664K)->379798K(379904K)
[623.008s][info][gc,metaspace   ] GC(1663) Metaspace: 35434K(36160K)->35434K(36160K) NonClass: 29161K(29696K)->29161K(29696K) Class: 6272K(6464K)->6272K(6464K)
[623.008s][info][gc             ] GC(1663) Pause Young (Allocation Failure) 618M->377M(671M) 47.633ms
[623.008s][info][gc,cpu         ] GC(1663) User=0.08s Sys=0.01s Real=0.05s
[623.350s][info][gc,start       ] GC(1664) Pause Young (Allocation Failure)
[623.443s][info][gc,heap        ] GC(1664) PSYoungGen: 307200K(307200K)->12288K(312832K) Eden: 300544K(300544K)->0K(300544K) From: 6656K(6656K)->12288K(12288K)
[623.443s][info][gc,heap        ] GC(1664) ParOldGen: 379798K(379904K)->399598K(399872K)
[623.443s][info][gc,metaspace   ] GC(1664) Metaspace: 35434K(36160K)->35434K(36160K) NonClass: 29161K(29696K)->29161K(29696K) Class: 6272K(6464K)->6272K(6464K)
[623.443s][info][gc             ] GC(1664) Pause Young (Allocation Failure) 670M->402M(696M) 92.825ms
[623.443s][info][gc,cpu         ] GC(1664) User=0.16s Sys=0.03s Real=0.09s
[623.686s][info][gc,start       ] GC(1665) Pause Young (Allocation Failure)
[623.732s][info][gc,heap        ] GC(1665) PSYoungGen: 312832K(312832K)->20352K(302592K) Eden: 300544K(300544K)->0K(281600K) From: 12288K(12288K)->20352K(20992K)
[623.732s][info][gc,heap        ] GC(1665) ParOldGen: 399598K(399872K)->400334K(400384K)
[623.732s][info][gc,metaspace   ] GC(1665) Metaspace: 35434K(36160K)->35434K(36160K) NonClass: 29161K(29696K)->29161K(29696K) Class: 6272K(6464K)->6272K(6464K)
[623.732s][info][gc             ] GC(1665) Pause Young (Allocation Failure) 695M->410M(686M) 45.180ms
[623.732s][info][gc,cpu         ] GC(1665) User=0.08s Sys=0.01s Real=0.05s
[623.959s][info][gc,start       ] GC(1666) Pause Young (Allocation Failure)
[623.960s][info][gc,heap        ] GC(1666) PSYoungGen: 301952K(302592K)->64K(307712K) Eden: 281600K(281600K)->0K(281600K) From: 20352K(20992K)->64K(26112K)
[623.961s][info][gc,heap        ] GC(1666) ParOldGen: 400334K(400384K)->400342K(400384K)
[623.961s][info][gc,metaspace   ] GC(1666) Metaspace: 35434K(36160K)->35434K(36160K) NonClass: 29161K(29696K)->29161K(29696K) Class: 6272K(6464K)->6272K(6464K)
[623.961s][info][gc             ] GC(1666) Pause Young (Allocation Failure) 685M->391M(691M) 1.470ms
[623.961s][info][gc,cpu         ] GC(1666) User=0.00s Sys=0.00s Real=0.00s
[624.662s][info][gc,start       ] GC(1667) Pause Young (Allocation Failure)
[624.664s][info][gc,heap        ] GC(1667) PSYoungGen: 281664K(307712K)->64K(305152K) Eden: 281600K(281600K)->0K(282112K) From: 64K(26112K)->64K(23040K)
[624.664s][info][gc,heap        ] GC(1667) ParOldGen: 400342K(400384K)->400350K(400384K)
[624.664s][info][gc,metaspace   ] GC(1667) Metaspace: 35434K(36160K)->35434K(36160K) NonClass: 29161K(29696K)->29161K(29696K) Class: 6272K(6464K)->6272K(6464K)
[624.664s][info][gc             ] GC(1667) Pause Young (Allocation Failure) 666M->391M(689M) 1.837ms
[624.664s][info][gc,cpu         ] GC(1667) User=0.00s Sys=0.00s Real=0.00s
[624.929s][info][gc,start       ] GC(1668) Pause Young (Allocation Failure)
[624.930s][info][gc,heap        ] GC(1668) PSYoungGen: 282176K(305152K)->64K(306688K) Eden: 282112K(282112K)->0K(282112K) From: 64K(23040K)->64K(24576K)
[624.930s][info][gc,heap        ] GC(1668) ParOldGen: 400350K(400384K)->400366K(400384K)
[624.930s][info][gc,metaspace   ] GC(1668) Metaspace: 35434K(36160K)->35434K(36160K) NonClass: 29161K(29696K)->29161K(29696K) Class: 6272K(6464K)->6272K(6464K)
[624.930s][info][gc             ] GC(1668) Pause Young (Allocation Failure) 666M->391M(690M) 1.560ms
[624.930s][info][gc,cpu         ] GC(1668) User=0.00s Sys=0.00s Real=0.00s
[625.350s][info][gc,start       ] GC(1669) Pause Young (Allocation Failure)
[625.351s][info][gc,heap        ] GC(1669) PSYoungGen: 282176K(306688K)->64K(306688K) Eden: 282112K(282112K)->0K(285696K) From: 64K(24576K)->64K(20992K)
[625.352s][info][gc,heap        ] GC(1669) ParOldGen: 400366K(400384K)->400374K(400384K)
[625.352s][info][gc,metaspace   ] GC(1669) Metaspace: 35434K(36160K)->35434K(36160K) NonClass: 29161K(29696K)->29161K(29696K) Class: 6272K(6464K)->6272K(6464K)
[625.352s][info][gc             ] GC(1669) Pause Young (Allocation Failure) 666M->391M(690M) 1.590ms
[625.352s][info][gc,cpu         ] GC(1669) User=0.00s Sys=0.00s Real=0.00s
[625.545s][info][gc,start       ] GC(1670) Pause Young (Allocation Failure)
[625.547s][info][gc,heap        ] GC(1670) PSYoungGen: 285760K(306688K)->64K(308224K) Eden: 285696K(285696K)->0K(285696K) From: 64K(20992K)->64K(22528K)
[625.547s][info][gc,heap        ] GC(1670) ParOldGen: 400374K(400384K)->400390K(400896K)
[625.547s][info][gc,metaspace   ] GC(1670) Metaspace: 35434K(36160K)->35434K(36160K) NonClass: 29161K(29696K)->29161K(29696K) Class: 6272K(6464K)->6272K(6464K)
[625.547s][info][gc             ] GC(1670) Pause Young (Allocation Failure) 670M->391M(692M) 1.489ms
[625.547s][info][gc,cpu         ] GC(1670) User=0.00s Sys=0.00s Real=0.01s
[625.742s][info][gc,start       ] GC(1671) Pause Young (Allocation Failure)
[625.743s][info][gc,heap        ] GC(1671) PSYoungGen: 285760K(308224K)->64K(308736K) Eden: 285696K(285696K)->0K(289792K) From: 64K(22528K)->64K(18944K)
[625.743s][info][gc,heap        ] GC(1671) ParOldGen: 400390K(400896K)->400390K(400896K)
[625.743s][info][gc,metaspace   ] GC(1671) Metaspace: 35434K(36160K)->35434K(36160K) NonClass: 29161K(29696K)->29161K(29696K) Class: 6272K(6464K)->6272K(6464K)
[625.744s][info][gc             ] GC(1671) Pause Young (Allocation Failure) 670M->391M(693M) 1.506ms
[625.744s][info][gc,cpu         ] GC(1671) User=0.01s Sys=0.00s Real=0.00s
[626.044s][info][gc,start       ] GC(1672) Pause Young (Allocation Failure)
[626.046s][info][gc,heap        ] GC(1672) PSYoungGen: 289856K(308736K)->64K(310272K) Eden: 289792K(289792K)->0K(289792K) From: 64K(18944K)->64K(20480K)
[626.046s][info][gc,heap        ] GC(1672) ParOldGen: 400390K(400896K)->400390K(400896K)
[626.046s][info][gc,metaspace   ] GC(1672) Metaspace: 35434K(36160K)->35434K(36160K) NonClass: 29161K(29696K)->29161K(29696K) Class: 6272K(6464K)->6272K(6464K)
[626.046s][info][gc             ] GC(1672) Pause Young (Allocation Failure) 674M->391M(694M) 2.815ms
[626.046s][info][gc,cpu         ] GC(1672) User=0.01s Sys=0.00s Real=0.00s
[626.100s][info][gc,start       ] GC(1673) Pause Young (Allocation Failure)
[626.102s][info][gc,heap        ] GC(1673) PSYoungGen: 289856K(310272K)->32K(310784K) Eden: 289792K(289792K)->0K(293888K) From: 64K(20480K)->32K(16896K)
[626.102s][info][gc,heap        ] GC(1673) ParOldGen: 400390K(400896K)->400406K(400896K)
[626.102s][info][gc,metaspace   ] GC(1673) Metaspace: 35434K(36160K)->35434K(36160K) NonClass: 29161K(29696K)->29161K(29696K) Class: 6272K(6464K)->6272K(6464K)
[626.102s][info][gc             ] GC(1673) Pause Young (Allocation Failure) 674M->391M(695M) 2.670ms
[626.102s][info][gc,cpu         ] GC(1673) User=0.00s Sys=0.00s Real=0.00s
[626.175s][info][gc,start       ] GC(1674) Pause Young (Allocation Failure)
[626.177s][info][gc,heap        ] GC(1674) PSYoungGen: 293920K(310784K)->64K(312320K) Eden: 293888K(293888K)->0K(293888K) From: 32K(16896K)->64K(18432K)
[626.177s][info][gc,heap        ] GC(1674) ParOldGen: 400406K(400896K)->400406K(400896K)
[626.177s][info][gc,metaspace   ] GC(1674) Metaspace: 35434K(36160K)->35434K(36160K) NonClass: 29161K(29696K)->29161K(29696K) Class: 6272K(6464K)->6272K(6464K)
[626.177s][info][gc             ] GC(1674) Pause Young (Allocation Failure) 678M->391M(696M) 1.538ms
[626.177s][info][gc,cpu         ] GC(1674) User=0.00s Sys=0.00s Real=0.01s
[626.391s][info][gc,start       ] GC(1675) Pause Young (Allocation Failure)
[626.392s][info][gc,heap        ] GC(1675) PSYoungGen: 293952K(312320K)->64K(312832K) Eden: 293888K(293888K)->0K(297984K) From: 64K(18432K)->64K(14848K)
[626.392s][info][gc,heap        ] GC(1675) ParOldGen: 400406K(400896K)->400422K(400896K)
[626.392s][info][gc,metaspace   ] GC(1675) Metaspace: 35434K(36160K)->35434K(36160K) NonClass: 29161K(29696K)->29161K(29696K) Class: 6272K(6464K)->6272K(6464K)
[626.392s][info][gc             ] GC(1675) Pause Young (Allocation Failure) 678M->391M(697M) 1.419ms
[626.392s][info][gc,cpu         ] GC(1675) User=0.00s Sys=0.00s Real=0.00s
[626.597s][info][gc,start       ] GC(1676) Pause Young (Allocation Failure)
[626.598s][info][gc,heap        ] GC(1676) PSYoungGen: 298048K(312832K)->64K(314368K) Eden: 297984K(297984K)->0K(297984K) From: 64K(14848K)->64K(16384K)
[626.598s][info][gc,heap        ] GC(1676) ParOldGen: 400422K(400896K)->400422K(400896K)
[626.598s][info][gc,metaspace   ] GC(1676) Metaspace: 35434K(36160K)->35434K(36160K) NonClass: 29161K(29696K)->29161K(29696K) Class: 6272K(6464K)->6272K(6464K)
[626.598s][info][gc             ] GC(1676) Pause Young (Allocation Failure) 682M->391M(698M) 1.536ms
[626.598s][info][gc,cpu         ] GC(1676) User=0.01s Sys=0.00s Real=0.00s
[626.677s][info][gc,start       ] GC(1677) Pause Young (Allocation Failure)
[626.678s][info][gc,heap        ] GC(1677) PSYoungGen: 298048K(314368K)->64K(314880K) Eden: 297984K(297984K)->0K(302080K) From: 64K(16384K)->64K(12800K)
[626.679s][info][gc,heap        ] GC(1677) ParOldGen: 400422K(400896K)->400438K(400896K)
[626.679s][info][gc,metaspace   ] GC(1677) Metaspace: 35434K(36160K)->35434K(36160K) NonClass: 29161K(29696K)->29161K(29696K) Class: 6272K(6464K)->6272K(6464K)
[626.679s][info][gc             ] GC(1677) Pause Young (Allocation Failure) 682M->391M(699M) 1.488ms
[626.679s][info][gc,cpu         ] GC(1677) User=0.00s Sys=0.00s Real=0.00s
[626.801s][info][gc,start       ] GC(1678) Pause Young (Allocation Failure)
[626.803s][info][gc,heap        ] GC(1678) PSYoungGen: 302144K(314880K)->64K(316416K) Eden: 302080K(302080K)->0K(302080K) From: 64K(12800K)->64K(14336K)
[626.803s][info][gc,heap        ] GC(1678) ParOldGen: 400438K(400896K)->400438K(400896K)
[626.803s][info][gc,metaspace   ] GC(1678) Metaspace: 35434K(36160K)->35434K(36160K) NonClass: 29161K(29696K)->29161K(29696K) Class: 6272K(6464K)->6272K(6464K)
[626.803s][info][gc             ] GC(1678) Pause Young (Allocation Failure) 686M->391M(700M) 1.517ms
[626.803s][info][gc,cpu         ] GC(1678) User=0.00s Sys=0.00s Real=0.00s
[627.174s][info][gc,start       ] GC(1679) Pause Young (Allocation Failure)
[627.175s][info][gc,heap        ] GC(1679) PSYoungGen: 302144K(316416K)->64K(317952K) Eden: 302080K(302080K)->0K(306176K) From: 64K(14336K)->64K(11776K)
[627.175s][info][gc,heap        ] GC(1679) ParOldGen: 400438K(400896K)->400446K(400896K)
[627.175s][info][gc,metaspace   ] GC(1679) Metaspace: 35434K(36160K)->35434K(36160K) NonClass: 29161K(29696K)->29161K(29696K) Class: 6272K(6464K)->6272K(6464K)
[627.175s][info][gc             ] GC(1679) Pause Young (Allocation Failure) 686M->391M(702M) 1.577ms
[627.175s][info][gc,cpu         ] GC(1679) User=0.00s Sys=0.00s Real=0.00s
[627.883s][info][gc,start       ] GC(1680) Pause Young (Allocation Failure)
[627.885s][info][gc,heap        ] GC(1680) PSYoungGen: 306240K(317952K)->64K(318976K) Eden: 306176K(306176K)->0K(306176K) From: 64K(11776K)->64K(12800K)
[627.885s][info][gc,heap        ] GC(1680) ParOldGen: 400446K(400896K)->400454K(400896K)
[627.885s][info][gc,metaspace   ] GC(1680) Metaspace: 35434K(36160K)->35434K(36160K) NonClass: 29161K(29696K)->29161K(29696K) Class: 6272K(6464K)->6272K(6464K)
[627.885s][info][gc             ] GC(1680) Pause Young (Allocation Failure) 690M->391M(703M) 1.432ms
[627.885s][info][gc,cpu         ] GC(1680) User=0.00s Sys=0.00s Real=0.00s
[628.864s][info][gc,start       ] GC(1681) Pause Young (Allocation Failure)
[628.867s][info][gc,heap        ] GC(1681) PSYoungGen: 306240K(318976K)->64K(294400K) Eden: 306176K(306176K)->0K(293888K) From: 64K(12800K)->64K(512K)
[628.867s][info][gc,heap        ] GC(1681) ParOldGen: 400454K(400896K)->400470K(400896K)
[628.867s][info][gc,metaspace   ] GC(1681) Metaspace: 35434K(36160K)->35434K(36160K) NonClass: 29161K(29696K)->29161K(29696K) Class: 6272K(6464K)->6272K(6464K)
[628.867s][info][gc             ] GC(1681) Pause Young (Allocation Failure) 690M->391M(679M) 3.499ms
[628.867s][info][gc,cpu         ] GC(1681) User=0.00s Sys=0.00s Real=0.01s
[629.330s][info][gc,start       ] GC(1682) Pause Young (Allocation Failure)
[629.333s][info][gc,heap        ] GC(1682) PSYoungGen: 293952K(294400K)->64K(293376K) Eden: 293888K(293888K)->0K(282112K) From: 64K(512K)->64K(11264K)
[629.333s][info][gc,heap        ] GC(1682) ParOldGen: 400470K(400896K)->400486K(400896K)
[629.333s][info][gc,metaspace   ] GC(1682) Metaspace: 35434K(36160K)->35434K(36160K) NonClass: 29161K(29696K)->29161K(29696K) Class: 6272K(6464K)->6272K(6464K)
[629.333s][info][gc             ] GC(1682) Pause Young (Allocation Failure) 678M->391M(678M) 2.866ms
[629.333s][info][gc,cpu         ] GC(1682) User=0.00s Sys=0.00s Real=0.00s
[630.328s][info][gc,start       ] GC(1683) Pause Young (Allocation Failure)
[630.331s][info][gc,heap        ] GC(1683) PSYoungGen: 282176K(293376K)->64K(271360K) Eden: 282112K(282112K)->0K(270848K) From: 64K(11264K)->64K(512K)
[630.331s][info][gc,heap        ] GC(1683) ParOldGen: 400486K(400896K)->400494K(400896K)
[630.331s][info][gc,metaspace   ] GC(1683) Metaspace: 35434K(36160K)->35434K(36160K) NonClass: 29161K(29696K)->29161K(29696K) Class: 6272K(6464K)->6272K(6464K)
[630.331s][info][gc             ] GC(1683) Pause Young (Allocation Failure) 666M->391M(656M) 2.810ms
[630.331s][info][gc,cpu         ] GC(1683) User=0.00s Sys=0.00s Real=0.00s
[630.743s][info][gc,start       ] GC(1684) Pause Young (Allocation Failure)
[630.744s][info][gc,heap        ] GC(1684) PSYoungGen: 270912K(271360K)->64K(269824K) Eden: 270848K(270848K)->0K(260096K) From: 64K(512K)->64K(9728K)
[630.744s][info][gc,heap        ] GC(1684) ParOldGen: 400494K(400896K)->400502K(400896K)
[630.744s][info][gc,metaspace   ] GC(1684) Metaspace: 35434K(36160K)->35434K(36160K) NonClass: 29161K(29696K)->29161K(29696K) Class: 6272K(6464K)->6272K(6464K)
[630.744s][info][gc             ] GC(1684) Pause Young (Allocation Failure) 655M->391M(655M) 1.493ms
[630.744s][info][gc,cpu         ] GC(1684) User=0.01s Sys=0.00s Real=0.00s
[630.932s][info][gc,start       ] GC(1685) Pause Young (Allocation Failure)
[630.934s][info][gc,heap        ] GC(1685) PSYoungGen: 260160K(269824K)->64K(250368K) Eden: 260096K(260096K)->0K(249856K) From: 64K(9728K)->64K(512K)
[630.934s][info][gc,heap        ] GC(1685) ParOldGen: 400502K(400896K)->400510K(400896K)
[630.934s][info][gc,metaspace   ] GC(1685) Metaspace: 35434K(36160K)->35434K(36160K) NonClass: 29161K(29696K)->29161K(29696K) Class: 6272K(6464K)->6272K(6464K)
[630.934s][info][gc             ] GC(1685) Pause Young (Allocation Failure) 645M->391M(636M) 2.132ms
[630.934s][info][gc,cpu         ] GC(1685) User=0.01s Sys=0.00s Real=0.00s
[631.025s][info][gc,start       ] GC(1686) Pause Young (Allocation Failure)
[631.026s][info][gc,heap        ] GC(1686) PSYoungGen: 249920K(250368K)->64K(248320K) Eden: 249856K(249856K)->0K(240128K) From: 64K(512K)->64K(8192K)
[631.026s][info][gc,heap        ] GC(1686) ParOldGen: 400510K(400896K)->400518K(400896K)
[631.026s][info][gc,metaspace   ] GC(1686) Metaspace: 35434K(36160K)->35434K(36160K) NonClass: 29161K(29696K)->29161K(29696K) Class: 6272K(6464K)->6272K(6464K)
[631.026s][info][gc             ] GC(1686) Pause Young (Allocation Failure) 635M->391M(634M) 1.364ms
[631.026s][info][gc,cpu         ] GC(1686) User=0.00s Sys=0.00s Real=0.00s
[631.649s][info][gc,start       ] GC(1687) Pause Young (Allocation Failure)
[631.651s][info][gc,heap        ] GC(1687) PSYoungGen: 240192K(248320K)->64K(231424K) Eden: 240128K(240128K)->0K(230912K) From: 64K(8192K)->64K(512K)
[631.651s][info][gc,heap        ] GC(1687) ParOldGen: 400518K(400896K)->400526K(400896K)
[631.651s][info][gc,metaspace   ] GC(1687) Metaspace: 35434K(36160K)->35434K(36160K) NonClass: 29161K(29696K)->29161K(29696K) Class: 6272K(6464K)->6272K(6464K)
[631.651s][info][gc             ] GC(1687) Pause Young (Allocation Failure) 625M->391M(617M) 2.168ms
[631.651s][info][gc,cpu         ] GC(1687) User=0.00s Sys=0.00s Real=0.00s
[631.865s][info][gc,start       ] GC(1688) Pause Young (Allocation Failure)
[631.867s][info][gc,heap        ] GC(1688) PSYoungGen: 230976K(231424K)->64K(229376K) Eden: 230912K(230912K)->0K(222208K) From: 64K(512K)->64K(7168K)
[631.867s][info][gc,heap        ] GC(1688) ParOldGen: 400526K(400896K)->400534K(400896K)
[631.867s][info][gc,metaspace   ] GC(1688) Metaspace: 35434K(36160K)->35434K(36160K) NonClass: 29161K(29696K)->29161K(29696K) Class: 6272K(6464K)->6272K(6464K)
[631.867s][info][gc             ] GC(1688) Pause Young (Allocation Failure) 616M->391M(615M) 1.952ms
[631.867s][info][gc,cpu         ] GC(1688) User=0.01s Sys=0.00s Real=0.01s
[632.208s][info][gc,start       ] GC(1689) Pause Young (Allocation Failure)
[632.252s][info][gc,heap        ] GC(1689) PSYoungGen: 222272K(229376K)->6656K(272384K) Eden: 222208K(222208K)->0K(265728K) From: 64K(7168K)->6656K(6656K)
[632.252s][info][gc,heap        ] GC(1689) ParOldGen: 400534K(400896K)->407254K(407552K)
[632.252s][info][gc,metaspace   ] GC(1689) Metaspace: 35434K(36160K)->35434K(36160K) NonClass: 29161K(29696K)->29161K(29696K) Class: 6272K(6464K)->6272K(6464K)
[632.252s][info][gc             ] GC(1689) Pause Young (Allocation Failure) 608M->404M(664M) 43.937ms
[632.252s][info][gc,cpu         ] GC(1689) User=0.04s Sys=0.00s Real=0.04s
[632.548s][info][gc,start       ] GC(1690) Pause Young (Allocation Failure)
[632.604s][info][gc,heap        ] GC(1690) PSYoungGen: 272384K(272384K)->10752K(285184K) Eden: 265728K(265728K)->0K(274432K) From: 6656K(6656K)->10752K(10752K)
[632.604s][info][gc,heap        ] GC(1690) ParOldGen: 407254K(407552K)->424782K(424960K)
[632.604s][info][gc,metaspace   ] GC(1690) Metaspace: 35434K(36160K)->35434K(36160K) NonClass: 29161K(29696K)->29161K(29696K) Class: 6272K(6464K)->6272K(6464K)
[632.604s][info][gc             ] GC(1690) Pause Young (Allocation Failure) 663M->425M(693M) 55.848ms
[632.604s][info][gc,cpu         ] GC(1690) User=0.10s Sys=0.01s Real=0.05s
[632.897s][info][gc,start       ] GC(1691) Pause Young (Allocation Failure)
[632.960s][info][gc,heap        ] GC(1691) PSYoungGen: 285184K(285184K)->19968K(299520K) Eden: 274432K(274432K)->0K(279552K) From: 10752K(10752K)->19968K(19968K)
[632.960s][info][gc,heap        ] GC(1691) ParOldGen: 424782K(424960K)->432998K(433152K)
[632.960s][info][gc,metaspace   ] GC(1691) Metaspace: 35434K(36160K)->35434K(36160K) NonClass: 29161K(29696K)->29161K(29696K) Class: 6272K(6464K)->6272K(6464K)
[632.960s][info][gc             ] GC(1691) Pause Young (Allocation Failure) 693M->442M(715M) 62.684ms
[632.960s][info][gc,cpu         ] GC(1691) User=0.10s Sys=0.02s Real=0.06s
[633.060s][info][gc,start       ] GC(1692) Pause Young (Allocation Failure)
[633.065s][info][gc,heap        ] GC(1692) PSYoungGen: 299520K(299520K)->32K(306688K) Eden: 279552K(279552K)->0K(279552K) From: 19968K(19968K)->32K(27136K)
[633.065s][info][gc,heap        ] GC(1692) ParOldGen: 432998K(433152K)->433294K(433664K)
[633.065s][info][gc,metaspace   ] GC(1692) Metaspace: 35434K(36160K)->35434K(36160K) NonClass: 29161K(29696K)->29161K(29696K) Class: 6272K(6464K)->6272K(6464K)
[633.065s][info][gc             ] GC(1692) Pause Young (Allocation Failure) 715M->423M(723M) 4.735ms
[633.065s][info][gc,cpu         ] GC(1692) User=0.00s Sys=0.00s Real=0.00s
[633.738s][info][gc,start       ] GC(1693) Pause Young (Allocation Failure)
[633.740s][info][gc,heap        ] GC(1693) PSYoungGen: 279584K(306688K)->64K(303616K) Eden: 279552K(279552K)->0K(280576K) From: 32K(27136K)->64K(23040K)
[633.740s][info][gc,heap        ] GC(1693) ParOldGen: 433294K(433664K)->433302K(433664K)
[633.740s][info][gc,metaspace   ] GC(1693) Metaspace: 35434K(36160K)->35434K(36160K) NonClass: 29161K(29696K)->29161K(29696K) Class: 6272K(6464K)->6272K(6464K)
[633.740s][info][gc             ] GC(1693) Pause Young (Allocation Failure) 696M->423M(720M) 1.888ms
[633.740s][info][gc,cpu         ] GC(1693) User=0.01s Sys=0.00s Real=0.00s
[634.167s][info][gc,start       ] GC(1694) Pause Young (Allocation Failure)
[634.168s][info][gc,heap        ] GC(1694) PSYoungGen: 280640K(303616K)->64K(305664K) Eden: 280576K(280576K)->0K(280576K) From: 64K(23040K)->64K(25088K)
[634.168s][info][gc,heap        ] GC(1694) ParOldGen: 433302K(433664K)->433310K(433664K)
[634.168s][info][gc,metaspace   ] GC(1694) Metaspace: 35434K(36160K)->35434K(36160K) NonClass: 29161K(29696K)->29161K(29696K) Class: 6272K(6464K)->6272K(6464K)
[634.168s][info][gc             ] GC(1694) Pause Young (Allocation Failure) 697M->423M(722M) 1.578ms
[634.168s][info][gc,cpu         ] GC(1694) User=0.00s Sys=0.00s Real=0.00s
[634.613s][info][gc,start       ] GC(1695) Pause Young (Allocation Failure)
[634.615s][info][gc,heap        ] GC(1695) PSYoungGen: 280640K(305664K)->64K(305664K) Eden: 280576K(280576K)->0K(284672K) From: 64K(25088K)->64K(20992K)
[634.615s][info][gc,heap        ] GC(1695) ParOldGen: 433310K(433664K)->433326K(433664K)
[634.615s][info][gc,metaspace   ] GC(1695) Metaspace: 35434K(36160K)->35434K(36160K) NonClass: 29161K(29696K)->29161K(29696K) Class: 6272K(6464K)->6272K(6464K)
[634.615s][info][gc             ] GC(1695) Pause Young (Allocation Failure) 697M->423M(722M) 2.040ms
[634.615s][info][gc,cpu         ] GC(1695) User=0.00s Sys=0.00s Real=0.00s
[634.851s][info][gc,start       ] GC(1696) Pause Young (Allocation Failure)
[634.852s][info][gc,heap        ] GC(1696) PSYoungGen: 284736K(305664K)->64K(307712K) Eden: 284672K(284672K)->0K(284672K) From: 64K(20992K)->64K(23040K)
[634.852s][info][gc,heap        ] GC(1696) ParOldGen: 433326K(433664K)->433342K(433664K)
[634.852s][info][gc,metaspace   ] GC(1696) Metaspace: 35434K(36160K)->35434K(36160K) NonClass: 29161K(29696K)->29161K(29696K) Class: 6272K(6464K)->6272K(6464K)
[634.853s][info][gc             ] GC(1696) Pause Young (Allocation Failure) 701M->423M(724M) 1.585ms
[634.853s][info][gc,cpu         ] GC(1696) User=0.01s Sys=0.00s Real=0.00s
[635.062s][info][gc,start       ] GC(1697) Pause Young (Allocation Failure)
[635.064s][info][gc,heap        ] GC(1697) PSYoungGen: 284736K(307712K)->64K(307712K) Eden: 284672K(284672K)->0K(288768K) From: 64K(23040K)->64K(18944K)
[635.064s][info][gc,heap        ] GC(1697) ParOldGen: 433342K(433664K)->433342K(433664K)
[635.064s][info][gc,metaspace   ] GC(1697) Metaspace: 35434K(36160K)->35434K(36160K) NonClass: 29161K(29696K)->29161K(29696K) Class: 6272K(6464K)->6272K(6464K)
[635.064s][info][gc             ] GC(1697) Pause Young (Allocation Failure) 701M->423M(724M) 1.753ms
[635.064s][info][gc,cpu         ] GC(1697) User=0.00s Sys=0.00s Real=0.00s
[635.419s][info][gc,start       ] GC(1698) Pause Young (Allocation Failure)
[635.421s][info][gc,heap        ] GC(1698) PSYoungGen: 288832K(307712K)->64K(309760K) Eden: 288768K(288768K)->0K(288768K) From: 64K(18944K)->64K(20992K)
[635.421s][info][gc,heap        ] GC(1698) ParOldGen: 433342K(433664K)->433342K(433664K)
[635.421s][info][gc,metaspace   ] GC(1698) Metaspace: 35434K(36160K)->35434K(36160K) NonClass: 29161K(29696K)->29161K(29696K) Class: 6272K(6464K)->6272K(6464K)
[635.421s][info][gc             ] GC(1698) Pause Young (Allocation Failure) 705M->423M(726M) 1.633ms
[635.421s][info][gc,cpu         ] GC(1698) User=0.00s Sys=0.00s Real=0.00s
[635.474s][info][gc,start       ] GC(1699) Pause Young (Allocation Failure)
[635.476s][info][gc,heap        ] GC(1699) PSYoungGen: 288832K(309760K)->64K(309760K) Eden: 288768K(288768K)->0K(292864K) From: 64K(20992K)->64K(16896K)
[635.476s][info][gc,heap        ] GC(1699) ParOldGen: 433342K(433664K)->433358K(433664K)
[635.476s][info][gc,metaspace   ] GC(1699) Metaspace: 35434K(36160K)->35434K(36160K) NonClass: 29161K(29696K)->29161K(29696K) Class: 6272K(6464K)->6272K(6464K)
[635.476s][info][gc             ] GC(1699) Pause Young (Allocation Failure) 705M->423M(726M) 1.558ms
[635.476s][info][gc,cpu         ] GC(1699) User=0.00s Sys=0.00s Real=0.00s
[635.529s][info][gc,start       ] GC(1700) Pause Young (Allocation Failure)
[635.530s][info][gc,heap        ] GC(1700) PSYoungGen: 292928K(309760K)->64K(311808K) Eden: 292864K(292864K)->0K(292864K) From: 64K(16896K)->64K(18944K)
[635.530s][info][gc,heap        ] GC(1700) ParOldGen: 433358K(433664K)->433358K(433664K)
[635.530s][info][gc,metaspace   ] GC(1700) Metaspace: 35434K(36160K)->35434K(36160K) NonClass: 29161K(29696K)->29161K(29696K) Class: 6272K(6464K)->6272K(6464K)
[635.530s][info][gc             ] GC(1700) Pause Young (Allocation Failure) 709M->423M(728M) 1.491ms
[635.530s][info][gc,cpu         ] GC(1700) User=0.01s Sys=0.00s Real=0.00s
[635.731s][info][gc,start       ] GC(1701) Pause Young (Allocation Failure)
[635.733s][info][gc,heap        ] GC(1701) PSYoungGen: 292928K(311808K)->64K(311808K) Eden: 292864K(292864K)->0K(296960K) From: 64K(18944K)->64K(14848K)
[635.733s][info][gc,heap        ] GC(1701) ParOldGen: 433358K(433664K)->433358K(433664K)
[635.733s][info][gc,metaspace   ] GC(1701) Metaspace: 35434K(36160K)->35434K(36160K) NonClass: 29161K(29696K)->29161K(29696K) Class: 6272K(6464K)->6272K(6464K)
[635.733s][info][gc             ] GC(1701) Pause Young (Allocation Failure) 709M->423M(728M) 1.602ms
[635.733s][info][gc,cpu         ] GC(1701) User=0.01s Sys=0.01s Real=0.00s
[635.950s][info][gc,start       ] GC(1702) Pause Young (Allocation Failure)
[635.951s][info][gc,heap        ] GC(1702) PSYoungGen: 297024K(311808K)->64K(313856K) Eden: 296960K(296960K)->0K(296960K) From: 64K(14848K)->64K(16896K)
[635.951s][info][gc,heap        ] GC(1702) ParOldGen: 433358K(433664K)->433366K(433664K)
[635.951s][info][gc,metaspace   ] GC(1702) Metaspace: 35434K(36160K)->35434K(36160K) NonClass: 29161K(29696K)->29161K(29696K) Class: 6272K(6464K)->6272K(6464K)
[635.952s][info][gc             ] GC(1702) Pause Young (Allocation Failure) 713M->423M(730M) 1.621ms
[635.952s][info][gc,cpu         ] GC(1702) User=0.00s Sys=0.00s Real=0.00s
[636.077s][info][gc,start       ] GC(1703) Pause Young (Allocation Failure)
[636.079s][info][gc,heap        ] GC(1703) PSYoungGen: 297024K(313856K)->64K(313856K) Eden: 296960K(296960K)->0K(301056K) From: 64K(16896K)->64K(12800K)
[636.079s][info][gc,heap        ] GC(1703) ParOldGen: 433366K(433664K)->433374K(433664K)
[636.079s][info][gc,metaspace   ] GC(1703) Metaspace: 35434K(36160K)->35434K(36160K) NonClass: 29161K(29696K)->29161K(29696K) Class: 6272K(6464K)->6272K(6464K)
[636.079s][info][gc             ] GC(1703) Pause Young (Allocation Failure) 713M->423M(730M) 1.759ms
[636.079s][info][gc,cpu         ] GC(1703) User=0.00s Sys=0.00s Real=0.00s
[636.179s][info][gc,start       ] GC(1704) Pause Young (Allocation Failure)
[636.180s][info][gc,heap        ] GC(1704) PSYoungGen: 301120K(313856K)->64K(315904K) Eden: 301056K(301056K)->0K(301056K) From: 64K(12800K)->64K(14848K)
[636.180s][info][gc,heap        ] GC(1704) ParOldGen: 433374K(433664K)->433382K(433664K)
[636.180s][info][gc,metaspace   ] GC(1704) Metaspace: 35434K(36160K)->35434K(36160K) NonClass: 29161K(29696K)->29161K(29696K) Class: 6272K(6464K)->6272K(6464K)
[636.180s][info][gc             ] GC(1704) Pause Young (Allocation Failure) 717M->423M(732M) 1.550ms
[636.180s][info][gc,cpu         ] GC(1704) User=0.00s Sys=0.00s Real=0.00s
[636.359s][info][gc,start       ] GC(1705) Pause Young (Allocation Failure)
[636.361s][info][gc,heap        ] GC(1705) PSYoungGen: 301120K(315904K)->64K(315904K) Eden: 301056K(301056K)->0K(305152K) From: 64K(14848K)->64K(10752K)
[636.361s][info][gc,heap        ] GC(1705) ParOldGen: 433382K(433664K)->433390K(433664K)
[636.361s][info][gc,metaspace   ] GC(1705) Metaspace: 35434K(36160K)->35434K(36160K) NonClass: 29161K(29696K)->29161K(29696K) Class: 6272K(6464K)->6272K(6464K)
[636.361s][info][gc             ] GC(1705) Pause Young (Allocation Failure) 717M->423M(732M) 1.684ms
[636.361s][info][gc,cpu         ] GC(1705) User=0.00s Sys=0.00s Real=0.00s
[637.322s][info][gc,start       ] GC(1706) Pause Young (Allocation Failure)
[637.323s][info][gc,heap        ] GC(1706) PSYoungGen: 305216K(315904K)->64K(317952K) Eden: 305152K(305152K)->0K(305152K) From: 64K(10752K)->64K(12800K)
[637.323s][info][gc,heap        ] GC(1706) ParOldGen: 433390K(433664K)->433398K(433664K)
[637.323s][info][gc,metaspace   ] GC(1706) Metaspace: 35434K(36160K)->35434K(36160K) NonClass: 29161K(29696K)->29161K(29696K) Class: 6272K(6464K)->6272K(6464K)
[637.323s][info][gc             ] GC(1706) Pause Young (Allocation Failure) 721M->423M(734M) 1.644ms
[637.323s][info][gc,cpu         ] GC(1706) User=0.00s Sys=0.00s Real=0.00s
[638.241s][info][gc,start       ] GC(1707) Pause Young (Allocation Failure)
[638.244s][info][gc,heap        ] GC(1707) PSYoungGen: 305216K(317952K)->64K(293376K) Eden: 305152K(305152K)->0K(292864K) From: 64K(12800K)->64K(512K)
[638.244s][info][gc,heap        ] GC(1707) ParOldGen: 433398K(433664K)->433406K(433664K)
[638.244s][info][gc,metaspace   ] GC(1707) Metaspace: 35434K(36160K)->35434K(36160K) NonClass: 29161K(29696K)->29161K(29696K) Class: 6272K(6464K)->6272K(6464K)
[638.244s][info][gc             ] GC(1707) Pause Young (Allocation Failure) 721M->423M(710M) 2.383ms
[638.244s][info][gc,cpu         ] GC(1707) User=0.01s Sys=0.00s Real=0.00s
[638.610s][info][gc,start       ] GC(1708) Pause Young (Allocation Failure)
[638.611s][info][gc,heap        ] GC(1708) PSYoungGen: 292928K(293376K)->64K(292352K) Eden: 292864K(292864K)->0K(281088K) From: 64K(512K)->64K(11264K)
[638.611s][info][gc,heap        ] GC(1708) ParOldGen: 433406K(433664K)->433414K(433664K)
[638.611s][info][gc,metaspace   ] GC(1708) Metaspace: 35434K(36160K)->35434K(36160K) NonClass: 29161K(29696K)->29161K(29696K) Class: 6272K(6464K)->6272K(6464K)
[638.611s][info][gc             ] GC(1708) Pause Young (Allocation Failure) 709M->423M(709M) 1.568ms
[638.611s][info][gc,cpu         ] GC(1708) User=0.00s Sys=0.00s Real=0.00s
[638.999s][info][gc,start       ] GC(1709) Pause Young (Allocation Failure)
[639.001s][info][gc,heap        ] GC(1709) PSYoungGen: 281152K(292352K)->64K(270336K) Eden: 281088K(281088K)->0K(269824K) From: 64K(11264K)->64K(512K)
[639.001s][info][gc,heap        ] GC(1709) ParOldGen: 433414K(433664K)->433422K(433664K)
[639.001s][info][gc,metaspace   ] GC(1709) Metaspace: 35434K(36160K)->35434K(36160K) NonClass: 29161K(29696K)->29161K(29696K) Class: 6272K(6464K)->6272K(6464K)
[639.001s][info][gc             ] GC(1709) Pause Young (Allocation Failure) 697M->423M(687M) 2.170ms
[639.001s][info][gc,cpu         ] GC(1709) User=0.00s Sys=0.00s Real=0.00s
[639.971s][info][gc,start       ] GC(1710) Pause Young (Allocation Failure)
[639.973s][info][gc,heap        ] GC(1710) PSYoungGen: 269888K(270336K)->64K(268800K) Eden: 269824K(269824K)->0K(259072K) From: 64K(512K)->64K(9728K)
[639.973s][info][gc,heap        ] GC(1710) ParOldGen: 433422K(433664K)->433430K(433664K)
[639.973s][info][gc,metaspace   ] GC(1710) Metaspace: 35434K(36160K)->35434K(36160K) NonClass: 29161K(29696K)->29161K(29696K) Class: 6272K(6464K)->6272K(6464K)
[639.973s][info][gc             ] GC(1710) Pause Young (Allocation Failure) 686M->423M(686M) 1.599ms
[639.973s][info][gc,cpu         ] GC(1710) User=0.00s Sys=0.00s Real=0.00s
[640.341s][info][gc,start       ] GC(1711) Pause Young (Allocation Failure)
[640.343s][info][gc,heap        ] GC(1711) PSYoungGen: 259136K(268800K)->64K(249344K) Eden: 259072K(259072K)->0K(248832K) From: 64K(9728K)->64K(512K)
[640.343s][info][gc,heap        ] GC(1711) ParOldGen: 433430K(433664K)->433438K(433664K)
[640.343s][info][gc,metaspace   ] GC(1711) Metaspace: 35434K(36160K)->35434K(36160K) NonClass: 29161K(29696K)->29161K(29696K) Class: 6272K(6464K)->6272K(6464K)
[640.343s][info][gc             ] GC(1711) Pause Young (Allocation Failure) 676M->423M(667M) 1.959ms
[640.343s][info][gc,cpu         ] GC(1711) User=0.00s Sys=0.01s Real=0.00s
[640.449s][info][gc,start       ] GC(1712) Pause Young (Allocation Failure)
[640.451s][info][gc,heap        ] GC(1712) PSYoungGen: 248896K(249344K)->64K(247808K) Eden: 248832K(248832K)->0K(239104K) From: 64K(512K)->64K(8704K)
[640.451s][info][gc,heap        ] GC(1712) ParOldGen: 433438K(433664K)->433446K(433664K)
[640.451s][info][gc,metaspace   ] GC(1712) Metaspace: 35434K(36160K)->35434K(36160K) NonClass: 29161K(29696K)->29161K(29696K) Class: 6272K(6464K)->6272K(6464K)
[640.451s][info][gc             ] GC(1712) Pause Young (Allocation Failure) 666M->423M(665M) 1.620ms
[640.451s][info][gc,cpu         ] GC(1712) User=0.01s Sys=0.00s Real=0.00s
[640.803s][info][gc,start       ] GC(1713) Pause Young (Allocation Failure)
[640.805s][info][gc,heap        ] GC(1713) PSYoungGen: 239168K(247808K)->64K(230400K) Eden: 239104K(239104K)->0K(229888K) From: 64K(8704K)->64K(512K)
[640.805s][info][gc,heap        ] GC(1713) ParOldGen: 433446K(433664K)->433454K(433664K)
[640.805s][info][gc,metaspace   ] GC(1713) Metaspace: 35434K(36160K)->35434K(36160K) NonClass: 29161K(29696K)->29161K(29696K) Class: 6272K(6464K)->6272K(6464K)
[640.805s][info][gc             ] GC(1713) Pause Young (Allocation Failure) 656M->423M(648M) 2.076ms
[640.805s][info][gc,cpu         ] GC(1713) User=0.00s Sys=0.00s Real=0.00s
[641.195s][info][gc,start       ] GC(1714) Pause Young (Allocation Failure)
[641.197s][info][gc,heap        ] GC(1714) PSYoungGen: 229952K(230400K)->64K(228352K) Eden: 229888K(229888K)->0K(221184K) From: 64K(512K)->64K(7168K)
[641.197s][info][gc,heap        ] GC(1714) ParOldGen: 433454K(433664K)->433462K(433664K)
[641.197s][info][gc,metaspace   ] GC(1714) Metaspace: 35434K(36160K)->35434K(36160K) NonClass: 29161K(29696K)->29161K(29696K) Class: 6272K(6464K)->6272K(6464K)
[641.197s][info][gc             ] GC(1714) Pause Young (Allocation Failure) 647M->423M(646M) 1.560ms
[641.197s][info][gc,cpu         ] GC(1714) User=0.00s Sys=0.00s Real=0.01s
[641.566s][info][gc,start       ] GC(1715) Pause Young (Allocation Failure)
[641.568s][info][gc,heap        ] GC(1715) PSYoungGen: 221248K(228352K)->544K(214016K) Eden: 221184K(221184K)->0K(212992K) From: 64K(7168K)->544K(1024K)
[641.568s][info][gc,heap        ] GC(1715) ParOldGen: 433462K(433664K)->433470K(433664K)
[641.568s][info][gc,metaspace   ] GC(1715) Metaspace: 35434K(36160K)->35434K(36160K) NonClass: 29161K(29696K)->29161K(29696K) Class: 6272K(6464K)->6272K(6464K)
[641.568s][info][gc             ] GC(1715) Pause Young (Allocation Failure) 639M->423M(632M) 2.790ms
[641.568s][info][gc,cpu         ] GC(1715) User=0.00s Sys=0.00s Real=0.01s
[641.805s][info][gc,start       ] GC(1716) Pause Young (Allocation Failure)
[641.851s][info][gc,heap        ] GC(1716) PSYoungGen: 213536K(214016K)->6144K(261632K) Eden: 212992K(212992K)->0K(255488K) From: 544K(1024K)->6144K(6144K)
[641.851s][info][gc,heap        ] GC(1716) ParOldGen: 433470K(433664K)->449806K(450048K)
[641.851s][info][gc,metaspace   ] GC(1716) Metaspace: 35434K(36160K)->35434K(36160K) NonClass: 29161K(29696K)->29161K(29696K) Class: 6272K(6464K)->6272K(6464K)
[641.851s][info][gc             ] GC(1716) Pause Young (Allocation Failure) 631M->445M(695M) 46.383ms
[641.851s][info][gc,cpu         ] GC(1716) User=0.08s Sys=0.01s Real=0.05s
[642.135s][info][gc,start       ] GC(1717) Pause Young (Allocation Failure)
[642.196s][info][gc,heap        ] GC(1717) PSYoungGen: 261632K(261632K)->5632K(267264K) Eden: 255488K(255488K)->0K(261632K) From: 6144K(6144K)->5632K(5632K)
[642.196s][info][gc,heap        ] GC(1717) ParOldGen: 449806K(450048K)->471750K(472064K)
[642.196s][info][gc,metaspace   ] GC(1717) Metaspace: 35434K(36160K)->35434K(36160K) NonClass: 29161K(29696K)->29161K(29696K) Class: 6272K(6464K)->6272K(6464K)
[642.196s][info][gc             ] GC(1717) Pause Young (Allocation Failure) 694M->466M(722M) 60.998ms
[642.196s][info][gc,cpu         ] GC(1717) User=0.11s Sys=0.01s Real=0.06s
[642.418s][info][gc,start       ] GC(1718) Pause Young (Allocation Failure)
[642.455s][info][gc,heap        ] GC(1718) PSYoungGen: 267264K(267264K)->19040K(283648K) Eden: 261632K(261632K)->0K(261632K) From: 5632K(5632K)->19040K(22016K)
[642.455s][info][gc,heap        ] GC(1718) ParOldGen: 471750K(472064K)->472558K(472576K)
[642.455s][info][gc,metaspace   ] GC(1718) Metaspace: 35434K(36160K)->35434K(36160K) NonClass: 29161K(29696K)->29161K(29696K) Class: 6272K(6464K)->6272K(6464K)
[642.455s][info][gc             ] GC(1718) Pause Young (Allocation Failure) 721M->480M(738M) 36.945ms
[642.455s][info][gc,cpu         ] GC(1718) User=0.07s Sys=0.01s Real=0.03s
[642.572s][info][gc,start       ] GC(1719) Pause Young (Allocation Failure)
[642.574s][info][gc,heap        ] GC(1719) PSYoungGen: 280672K(283648K)->64K(309248K) Eden: 261632K(261632K)->0K(283648K) From: 19040K(22016K)->64K(25600K)
[642.574s][info][gc,heap        ] GC(1719) ParOldGen: 472558K(472576K)->472566K(472576K)
[642.574s][info][gc,metaspace   ] GC(1719) Metaspace: 35434K(36160K)->35434K(36160K) NonClass: 29161K(29696K)->29161K(29696K) Class: 6272K(6464K)->6272K(6464K)
[642.574s][info][gc             ] GC(1719) Pause Young (Allocation Failure) 735M->461M(763M) 1.849ms
[642.574s][info][gc,cpu         ] GC(1719) User=0.00s Sys=0.00s Real=0.00s
[643.287s][info][gc,start       ] GC(1720) Pause Young (Allocation Failure)
[643.289s][info][gc,heap        ] GC(1720) PSYoungGen: 283712K(309248K)->64K(284160K) Eden: 283648K(283648K)->0K(283648K) From: 64K(25600K)->64K(512K)
[643.289s][info][gc,heap        ] GC(1720) ParOldGen: 472566K(472576K)->472582K(473088K)
[643.289s][info][gc,metaspace   ] GC(1720) Metaspace: 35434K(36160K)->35434K(36160K) NonClass: 29161K(29696K)->29161K(29696K) Class: 6272K(6464K)->6272K(6464K)
[643.289s][info][gc             ] GC(1720) Pause Young (Allocation Failure) 738M->461M(739M) 1.693ms
[643.289s][info][gc,cpu         ] GC(1720) User=0.01s Sys=0.00s Real=0.00s
[643.616s][info][gc,start       ] GC(1721) Pause Young (Allocation Failure)
[643.617s][info][gc,heap        ] GC(1721) PSYoungGen: 283712K(284160K)->64K(308736K) Eden: 283648K(283648K)->0K(284672K) From: 64K(512K)->64K(24064K)
[643.617s][info][gc,heap        ] GC(1721) ParOldGen: 472582K(473088K)->472582K(473088K)
[643.617s][info][gc,metaspace   ] GC(1721) Metaspace: 35434K(36160K)->35434K(36160K) NonClass: 29161K(29696K)->29161K(29696K) Class: 6272K(6464K)->6272K(6464K)
[643.617s][info][gc             ] GC(1721) Pause Young (Allocation Failure) 738M->461M(763M) 1.763ms
[643.617s][info][gc,cpu         ] GC(1721) User=0.00s Sys=0.00s Real=0.01s
[644.075s][info][gc,start       ] GC(1722) Pause Young (Allocation Failure)
[644.077s][info][gc,heap        ] GC(1722) PSYoungGen: 284736K(308736K)->64K(307712K) Eden: 284672K(284672K)->0K(284672K) From: 64K(24064K)->64K(23040K)
[644.077s][info][gc,heap        ] GC(1722) ParOldGen: 472582K(473088K)->472598K(473088K)
[644.077s][info][gc,metaspace   ] GC(1722) Metaspace: 35434K(36160K)->35434K(36160K) NonClass: 29161K(29696K)->29161K(29696K) Class: 6272K(6464K)->6272K(6464K)
[644.077s][info][gc             ] GC(1722) Pause Young (Allocation Failure) 739M->461M(762M) 1.708ms
[644.077s][info][gc,cpu         ] GC(1722) User=0.00s Sys=0.00s Real=0.01s
[644.278s][info][gc,start       ] GC(1723) Pause Young (Allocation Failure)
[644.280s][info][gc,heap        ] GC(1723) PSYoungGen: 284736K(307712K)->64K(309760K) Eden: 284672K(284672K)->0K(287744K) From: 64K(23040K)->64K(22016K)
[644.280s][info][gc,heap        ] GC(1723) ParOldGen: 472598K(473088K)->472614K(473088K)
[644.280s][info][gc,metaspace   ] GC(1723) Metaspace: 35434K(36160K)->35434K(36160K) NonClass: 29161K(29696K)->29161K(29696K) Class: 6272K(6464K)->6272K(6464K)
[644.280s][info][gc             ] GC(1723) Pause Young (Allocation Failure) 739M->461M(764M) 1.806ms
[644.280s][info][gc,cpu         ] GC(1723) User=0.01s Sys=0.00s Real=0.00s
[644.475s][info][gc,start       ] GC(1724) Pause Young (Allocation Failure)
[644.477s][info][gc,heap        ] GC(1724) PSYoungGen: 287808K(309760K)->64K(308736K) Eden: 287744K(287744K)->0K(287744K) From: 64K(22016K)->64K(20992K)
[644.477s][info][gc,heap        ] GC(1724) ParOldGen: 472614K(473088K)->472614K(473088K)
[644.477s][info][gc,metaspace   ] GC(1724) Metaspace: 35434K(36160K)->35434K(36160K) NonClass: 29161K(29696K)->29161K(29696K) Class: 6272K(6464K)->6272K(6464K)
[644.477s][info][gc             ] GC(1724) Pause Young (Allocation Failure) 742M->461M(763M) 1.638ms
[644.477s][info][gc,cpu         ] GC(1724) User=0.00s Sys=0.00s Real=0.01s
[644.797s][info][gc,start       ] GC(1725) Pause Young (Allocation Failure)
[644.799s][info][gc,heap        ] GC(1725) PSYoungGen: 287808K(308736K)->64K(311808K) Eden: 287744K(287744K)->0K(291840K) From: 64K(20992K)->64K(19968K)
[644.799s][info][gc,heap        ] GC(1725) ParOldGen: 472614K(473088K)->472614K(473088K)
[644.799s][info][gc,metaspace   ] GC(1725) Metaspace: 35434K(36160K)->35434K(36160K) NonClass: 29161K(29696K)->29161K(29696K) Class: 6272K(6464K)->6272K(6464K)
[644.799s][info][gc             ] GC(1725) Pause Young (Allocation Failure) 742M->461M(766M) 1.659ms
[644.799s][info][gc,cpu         ] GC(1725) User=0.00s Sys=0.00s Real=0.00s
[644.855s][info][gc,start       ] GC(1726) Pause Young (Allocation Failure)
[644.857s][info][gc,heap        ] GC(1726) PSYoungGen: 291904K(311808K)->64K(310784K) Eden: 291840K(291840K)->0K(291840K) From: 64K(19968K)->64K(18944K)
[644.857s][info][gc,heap        ] GC(1726) ParOldGen: 472614K(473088K)->472630K(473088K)
[644.857s][info][gc,metaspace   ] GC(1726) Metaspace: 35434K(36160K)->35434K(36160K) NonClass: 29161K(29696K)->29161K(29696K) Class: 6272K(6464K)->6272K(6464K)
[644.857s][info][gc             ] GC(1726) Pause Young (Allocation Failure) 746M->461M(765M) 1.692ms
[644.857s][info][gc,cpu         ] GC(1726) User=0.00s Sys=0.00s Real=0.01s
[644.911s][info][gc,start       ] GC(1727) Pause Young (Allocation Failure)
[644.913s][info][gc,heap        ] GC(1727) PSYoungGen: 291904K(310784K)->64K(313856K) Eden: 291840K(291840K)->0K(295936K) From: 64K(18944K)->64K(17920K)
[644.913s][info][gc,heap        ] GC(1727) ParOldGen: 472630K(473088K)->472630K(473088K)
[644.913s][info][gc,metaspace   ] GC(1727) Metaspace: 35434K(36160K)->35434K(36160K) NonClass: 29161K(29696K)->29161K(29696K) Class: 6272K(6464K)->6272K(6464K)
[644.913s][info][gc             ] GC(1727) Pause Young (Allocation Failure) 746M->461M(768M) 1.701ms
[644.913s][info][gc,cpu         ] GC(1727) User=0.00s Sys=0.00s Real=0.00s
[645.135s][info][gc,start       ] GC(1728) Pause Young (Allocation Failure)
[645.137s][info][gc,heap        ] GC(1728) PSYoungGen: 296000K(313856K)->32K(312832K) Eden: 295936K(295936K)->0K(295936K) From: 64K(17920K)->32K(16896K)
[645.137s][info][gc,heap        ] GC(1728) ParOldGen: 472630K(473088K)->472630K(473088K)
[645.137s][info][gc,metaspace   ] GC(1728) Metaspace: 35434K(36160K)->35434K(36160K) NonClass: 29161K(29696K)->29161K(29696K) Class: 6272K(6464K)->6272K(6464K)
[645.137s][info][gc             ] GC(1728) Pause Young (Allocation Failure) 750M->461M(767M) 2.228ms
[645.137s][info][gc,cpu         ] GC(1728) User=0.00s Sys=0.00s Real=0.01s
[645.345s][info][gc,start       ] GC(1729) Pause Young (Allocation Failure)
[645.347s][info][gc,heap        ] GC(1729) PSYoungGen: 295968K(312832K)->32K(315904K) Eden: 295936K(295936K)->0K(300032K) From: 32K(16896K)->32K(15872K)
[645.347s][info][gc,heap        ] GC(1729) ParOldGen: 472630K(473088K)->472646K(473088K)
[645.347s][info][gc,metaspace   ] GC(1729) Metaspace: 35436K(36160K)->35436K(36160K) NonClass: 29163K(29696K)->29163K(29696K) Class: 6272K(6464K)->6272K(6464K)
[645.347s][info][gc             ] GC(1729) Pause Young (Allocation Failure) 750M->461M(770M) 2.339ms
[645.347s][info][gc,cpu         ] GC(1729) User=0.00s Sys=0.00s Real=0.01s
[645.448s][info][gc,start       ] GC(1730) Pause Young (Allocation Failure)
[645.451s][info][gc,heap        ] GC(1730) PSYoungGen: 300064K(315904K)->32K(314880K) Eden: 300032K(300032K)->0K(300032K) From: 32K(15872K)->32K(14848K)
[645.451s][info][gc,heap        ] GC(1730) ParOldGen: 472646K(473088K)->472654K(473088K)
[645.451s][info][gc,metaspace   ] GC(1730) Metaspace: 35436K(36160K)->35436K(36160K) NonClass: 29163K(29696K)->29163K(29696K) Class: 6272K(6464K)->6272K(6464K)
[645.451s][info][gc             ] GC(1730) Pause Young (Allocation Failure) 754M->461M(769M) 2.343ms
[645.451s][info][gc,cpu         ] GC(1730) User=0.00s Sys=0.01s Real=0.00s
[645.566s][info][gc,start       ] GC(1731) Pause Young (Allocation Failure)
[645.567s][info][gc,heap        ] GC(1731) PSYoungGen: 300064K(314880K)->64K(317952K) Eden: 300032K(300032K)->0K(304128K) From: 32K(14848K)->64K(13824K)
[645.567s][info][gc,heap        ] GC(1731) ParOldGen: 472654K(473088K)->472662K(473088K)
[645.567s][info][gc,metaspace   ] GC(1731) Metaspace: 35436K(36160K)->35436K(36160K) NonClass: 29163K(29696K)->29163K(29696K) Class: 6272K(6464K)->6272K(6464K)
[645.567s][info][gc             ] GC(1731) Pause Young (Allocation Failure) 754M->461M(772M) 1.906ms
[645.567s][info][gc,cpu         ] GC(1731) User=0.00s Sys=0.00s Real=0.01s
[645.961s][info][gc,start       ] GC(1732) Pause Young (Allocation Failure)
[645.963s][info][gc,heap        ] GC(1732) PSYoungGen: 304192K(317952K)->32K(317440K) Eden: 304128K(304128K)->0K(304128K) From: 64K(13824K)->32K(13312K)
[645.963s][info][gc,heap        ] GC(1732) ParOldGen: 472662K(473088K)->472670K(473088K)
[645.963s][info][gc,metaspace   ] GC(1732) Metaspace: 35436K(36160K)->35436K(36160K) NonClass: 29163K(29696K)->29163K(29696K) Class: 6272K(6464K)->6272K(6464K)
[645.963s][info][gc             ] GC(1732) Pause Young (Allocation Failure) 758M->461M(772M) 2.374ms
[645.963s][info][gc,cpu         ] GC(1732) User=0.00s Sys=0.00s Real=0.00s
[646.738s][info][gc,start       ] GC(1733) Pause Young (Allocation Failure)
[646.740s][info][gc,heap        ] GC(1733) PSYoungGen: 304160K(317440K)->68K(319488K) Eden: 304128K(304128K)->0K(307200K) From: 32K(13312K)->68K(12288K)
[646.740s][info][gc,heap        ] GC(1733) ParOldGen: 472670K(473088K)->472678K(473088K)
[646.740s][info][gc,metaspace   ] GC(1733) Metaspace: 35436K(36160K)->35436K(36160K) NonClass: 29163K(29696K)->29163K(29696K) Class: 6272K(6464K)->6272K(6464K)
[646.740s][info][gc             ] GC(1733) Pause Young (Allocation Failure) 758M->461M(774M) 2.375ms
[646.740s][info][gc,cpu         ] GC(1733) User=0.00s Sys=0.00s Real=0.00s
[647.769s][info][gc,start       ] GC(1734) Pause Young (Allocation Failure)
[647.772s][info][gc,heap        ] GC(1734) PSYoungGen: 307268K(319488K)->32K(295424K) Eden: 307200K(307200K)->0K(294912K) From: 68K(12288K)->32K(512K)
[647.772s][info][gc,heap        ] GC(1734) ParOldGen: 472678K(473088K)->472686K(473088K)
[647.772s][info][gc,metaspace   ] GC(1734) Metaspace: 35436K(36160K)->35436K(36160K) NonClass: 29163K(29696K)->29163K(29696K) Class: 6272K(6464K)->6272K(6464K)
[647.772s][info][gc             ] GC(1734) Pause Young (Allocation Failure) 761M->461M(750M) 2.281ms
[647.772s][info][gc,cpu         ] GC(1734) User=0.01s Sys=0.00s Real=0.00s
[648.203s][info][gc,start       ] GC(1735) Pause Young (Allocation Failure)
[648.205s][info][gc,heap        ] GC(1735) PSYoungGen: 294944K(295424K)->64K(283648K) Eden: 294912K(294912K)->0K(283136K) From: 32K(512K)->64K(512K)
[648.205s][info][gc,heap        ] GC(1735) ParOldGen: 472686K(473088K)->472694K(473088K)
[648.205s][info][gc,metaspace   ] GC(1735) Metaspace: 35436K(36160K)->35436K(36160K) NonClass: 29163K(29696K)->29163K(29696K) Class: 6272K(6464K)->6272K(6464K)
[648.205s][info][gc             ] GC(1735) Pause Young (Allocation Failure) 749M->461M(739M) 1.808ms
[648.205s][info][gc,cpu         ] GC(1735) User=0.00s Sys=0.00s Real=0.00s
[649.253s][info][gc,start       ] GC(1736) Pause Young (Allocation Failure)
[649.255s][info][gc,heap        ] GC(1736) PSYoungGen: 283200K(283648K)->64K(282112K) Eden: 283136K(283136K)->0K(271872K) From: 64K(512K)->64K(10240K)
[649.255s][info][gc,heap        ] GC(1736) ParOldGen: 472694K(473088K)->472702K(473088K)
[649.255s][info][gc,metaspace   ] GC(1736) Metaspace: 35436K(36160K)->35436K(36160K) NonClass: 29163K(29696K)->29163K(29696K) Class: 6272K(6464K)->6272K(6464K)
[649.255s][info][gc             ] GC(1736) Pause Young (Allocation Failure) 738M->461M(737M) 1.704ms
[649.255s][info][gc,cpu         ] GC(1736) User=0.00s Sys=0.00s Real=0.00s
[649.655s][info][gc,start       ] GC(1737) Pause Young (Allocation Failure)
[649.657s][info][gc,heap        ] GC(1737) PSYoungGen: 271936K(282112K)->64K(261632K) Eden: 271872K(271872K)->0K(261120K) From: 64K(10240K)->64K(512K)
[649.657s][info][gc,heap        ] GC(1737) ParOldGen: 472702K(473088K)->472710K(473088K)
[649.658s][info][gc,metaspace   ] GC(1737) Metaspace: 35436K(36160K)->35436K(36160K) NonClass: 29163K(29696K)->29163K(29696K) Class: 6272K(6464K)->6272K(6464K)
[649.658s][info][gc             ] GC(1737) Pause Young (Allocation Failure) 727M->461M(717M) 2.157ms
[649.658s][info][gc,cpu         ] GC(1737) User=0.01s Sys=0.00s Real=0.01s
[649.861s][info][gc,start       ] GC(1738) Pause Young (Allocation Failure)
[649.863s][info][gc,heap        ] GC(1738) PSYoungGen: 261184K(261632K)->64K(259584K) Eden: 261120K(261120K)->0K(250880K) From: 64K(512K)->64K(8704K)
[649.863s][info][gc,heap        ] GC(1738) ParOldGen: 472710K(473088K)->472718K(473088K)
[649.863s][info][gc,metaspace   ] GC(1738) Metaspace: 35436K(36160K)->35436K(36160K) NonClass: 29163K(29696K)->29163K(29696K) Class: 6272K(6464K)->6272K(6464K)
[649.863s][info][gc             ] GC(1738) Pause Young (Allocation Failure) 716M->461M(715M) 1.594ms
[649.863s][info][gc,cpu         ] GC(1738) User=0.00s Sys=0.00s Real=0.00s
[649.940s][info][gc,start       ] GC(1739) Pause Young (Allocation Failure)
[649.942s][info][gc,heap        ] GC(1739) PSYoungGen: 250944K(259584K)->64K(241664K) Eden: 250880K(250880K)->0K(241152K) From: 64K(8704K)->64K(512K)
[649.942s][info][gc,heap        ] GC(1739) ParOldGen: 472718K(473088K)->472726K(473088K)
[649.942s][info][gc,metaspace   ] GC(1739) Metaspace: 35436K(36160K)->35436K(36160K) NonClass: 29163K(29696K)->29163K(29696K) Class: 6272K(6464K)->6272K(6464K)
[649.942s][info][gc             ] GC(1739) Pause Young (Allocation Failure) 706M->461M(698M) 2.067ms
[649.942s][info][gc,cpu         ] GC(1739) User=0.00s Sys=0.00s Real=0.00s
[650.490s][info][gc,start       ] GC(1740) Pause Young (Allocation Failure)
[650.492s][info][gc,heap        ] GC(1740) PSYoungGen: 241216K(241664K)->64K(239616K) Eden: 241152K(241152K)->0K(231936K) From: 64K(512K)->64K(7680K)
[650.492s][info][gc,heap        ] GC(1740) ParOldGen: 472726K(473088K)->472734K(473088K)
[650.492s][info][gc,metaspace   ] GC(1740) Metaspace: 35436K(36160K)->35436K(36160K) NonClass: 29163K(29696K)->29163K(29696K) Class: 6272K(6464K)->6272K(6464K)
[650.492s][info][gc             ] GC(1740) Pause Young (Allocation Failure) 697M->461M(696M) 1.631ms
[650.492s][info][gc,cpu         ] GC(1740) User=0.00s Sys=0.00s Real=0.00s
[650.748s][info][gc,start       ] GC(1741) Pause Young (Allocation Failure)
[650.750s][info][gc,heap        ] GC(1741) PSYoungGen: 232000K(239616K)->64K(223744K) Eden: 231936K(231936K)->0K(223232K) From: 64K(7680K)->64K(512K)
[650.750s][info][gc,heap        ] GC(1741) ParOldGen: 472734K(473088K)->472742K(473088K)
[650.750s][info][gc,metaspace   ] GC(1741) Metaspace: 35436K(36160K)->35436K(36160K) NonClass: 29163K(29696K)->29163K(29696K) Class: 6272K(6464K)->6272K(6464K)
[650.750s][info][gc             ] GC(1741) Pause Young (Allocation Failure) 688M->461M(680M) 2.256ms
[650.750s][info][gc,cpu         ] GC(1741) User=0.01s Sys=0.01s Real=0.00s
[651.112s][info][gc,start       ] GC(1742) Pause Young (Allocation Failure)
[651.130s][info][gc,heap        ] GC(1742) PSYoungGen: 223296K(223744K)->6656K(272896K) Eden: 223232K(223232K)->0K(266240K) From: 64K(512K)->6656K(6656K)
[651.130s][info][gc,heap        ] GC(1742) ParOldGen: 472742K(473088K)->476086K(476160K)
[651.130s][info][gc,metaspace   ] GC(1742) Metaspace: 35436K(36160K)->35436K(36160K) NonClass: 29163K(29696K)->29163K(29696K) Class: 6272K(6464K)->6272K(6464K)
[651.130s][info][gc             ] GC(1742) Pause Young (Allocation Failure) 679M->471M(731M) 17.808ms
[651.130s][info][gc,cpu         ] GC(1742) User=0.03s Sys=0.00s Real=0.02s
[651.436s][info][gc,start       ] GC(1743) Pause Young (Allocation Failure)
[651.496s][info][gc,heap        ] GC(1743) PSYoungGen: 272896K(272896K)->6656K(267776K) Eden: 266240K(266240K)->0K(261120K) From: 6656K(6656K)->6656K(6656K)
[651.496s][info][gc,heap        ] GC(1743) ParOldGen: 476086K(476160K)->497654K(497664K)
[651.496s][info][gc,metaspace   ] GC(1743) Metaspace: 35436K(36160K)->35436K(36160K) NonClass: 29163K(29696K)->29163K(29696K) Class: 6272K(6464K)->6272K(6464K)
[651.496s][info][gc             ] GC(1743) Pause Young (Allocation Failure) 731M->492M(747M) 60.064ms
[651.496s][info][gc,cpu         ] GC(1743) User=0.10s Sys=0.02s Real=0.06s
[651.798s][info][gc,start       ] GC(1744) Pause Young (Allocation Failure)
[651.854s][info][gc,heap        ] GC(1744) PSYoungGen: 267776K(267776K)->18432K(279552K) Eden: 261120K(261120K)->0K(261120K) From: 6656K(6656K)->18432K(18432K)
[651.855s][info][gc,heap        ] GC(1744) ParOldGen: 497654K(497664K)->507550K(507904K)
[651.855s][info][gc,metaspace   ] GC(1744) Metaspace: 35436K(36160K)->35436K(36160K) NonClass: 29163K(29696K)->29163K(29696K) Class: 6272K(6464K)->6272K(6464K)
[651.855s][info][gc             ] GC(1744) Pause Young (Allocation Failure) 747M->513M(769M) 56.369ms
[651.855s][info][gc,cpu         ] GC(1744) User=0.11s Sys=0.00s Real=0.05s
[651.949s][info][gc,start       ] GC(1745) Pause Young (Allocation Failure)
[651.960s][info][gc,heap        ] GC(1745) PSYoungGen: 279552K(279552K)->3392K(309248K) Eden: 261120K(261120K)->0K(283136K) From: 18432K(18432K)->3392K(26112K)
[651.960s][info][gc,heap        ] GC(1745) ParOldGen: 507550K(507904K)->507902K(507904K)
[651.960s][info][gc,metaspace   ] GC(1745) Metaspace: 35436K(36160K)->35436K(36160K) NonClass: 29163K(29696K)->29163K(29696K) Class: 6272K(6464K)->6272K(6464K)
[651.960s][info][gc             ] GC(1745) Pause Young (Allocation Failure) 768M->499M(798M) 11.256ms
[651.960s][info][gc,cpu         ] GC(1745) User=0.02s Sys=0.00s Real=0.01s
[652.475s][info][gc,start       ] GC(1746) Pause Young (Allocation Failure)
[652.476s][info][gc,heap        ] GC(1746) PSYoungGen: 286528K(309248K)->64K(283648K) Eden: 283136K(283136K)->0K(283136K) From: 3392K(26112K)->64K(512K)
[652.477s][info][gc,heap        ] GC(1746) ParOldGen: 507902K(507904K)->507918K(508416K)
[652.477s][info][gc,metaspace   ] GC(1746) Metaspace: 35436K(36160K)->35436K(36160K) NonClass: 29163K(29696K)->29163K(29696K) Class: 6272K(6464K)->6272K(6464K)
[652.477s][info][gc             ] GC(1746) Pause Young (Allocation Failure) 775M->496M(773M) 1.886ms
[652.477s][info][gc,cpu         ] GC(1746) User=0.01s Sys=0.00s Real=0.01s
[653.075s][info][gc,start       ] GC(1747) Pause Young (Allocation Failure)
[653.080s][info][gc,heap        ] GC(1747) PSYoungGen: 283200K(283648K)->160K(308224K) Eden: 283136K(283136K)->0K(284160K) From: 64K(512K)->160K(24064K)
[653.080s][info][gc,heap        ] GC(1747) ParOldGen: 507918K(508416K)->507926K(508416K)
[653.080s][info][gc,metaspace   ] GC(1747) Metaspace: 35507K(36224K)->35507K(36224K) NonClass: 29233K(29760K)->29233K(29760K) Class: 6273K(6464K)->6273K(6464K)
[653.080s][info][gc             ] GC(1747) Pause Young (Allocation Failure) 772M->496M(797M) 4.739ms
[653.080s][info][gc,cpu         ] GC(1747) User=0.01s Sys=0.00s Real=0.01s
[653.523s][info][gc,start       ] GC(1748) Pause Young (Allocation Failure)
[653.526s][info][gc,heap        ] GC(1748) PSYoungGen: 284320K(308224K)->64K(307200K) Eden: 284160K(284160K)->0K(284160K) From: 160K(24064K)->64K(23040K)
[653.526s][info][gc,heap        ] GC(1748) ParOldGen: 507926K(508416K)->508022K(508416K)
[653.526s][info][gc,metaspace   ] GC(1748) Metaspace: 35507K(36224K)->35507K(36224K) NonClass: 29233K(29760K)->29233K(29760K) Class: 6273K(6464K)->6273K(6464K)
[653.526s][info][gc             ] GC(1748) Pause Young (Allocation Failure) 773M->496M(796M) 2.776ms
[653.526s][info][gc,cpu         ] GC(1748) User=0.00s Sys=0.00s Real=0.00s
[653.720s][info][gc,start       ] GC(1749) Pause Young (Allocation Failure)
[653.722s][info][gc,heap        ] GC(1749) PSYoungGen: 284224K(307200K)->64K(309760K) Eden: 284160K(284160K)->0K(287744K) From: 64K(23040K)->64K(22016K)
[653.722s][info][gc,heap        ] GC(1749) ParOldGen: 508022K(508416K)->508038K(508416K)
[653.722s][info][gc,metaspace   ] GC(1749) Metaspace: 35507K(36224K)->35507K(36224K) NonClass: 29233K(29760K)->29233K(29760K) Class: 6273K(6464K)->6273K(6464K)
[653.722s][info][gc             ] GC(1749) Pause Young (Allocation Failure) 773M->496M(799M) 1.802ms
[653.722s][info][gc,cpu         ] GC(1749) User=0.00s Sys=0.00s Real=0.00s
[653.923s][info][gc,start       ] GC(1750) Pause Young (Allocation Failure)
[653.925s][info][gc,heap        ] GC(1750) PSYoungGen: 287808K(309760K)->64K(308736K) Eden: 287744K(287744K)->0K(287744K) From: 64K(22016K)->64K(20992K)
[653.925s][info][gc,heap        ] GC(1750) ParOldGen: 508038K(508416K)->508038K(508416K)
[653.925s][info][gc,metaspace   ] GC(1750) Metaspace: 35507K(36224K)->35507K(36224K) NonClass: 29233K(29760K)->29233K(29760K) Class: 6273K(6464K)->6273K(6464K)
[653.925s][info][gc             ] GC(1750) Pause Young (Allocation Failure) 777M->496M(798M) 1.780ms
[653.925s][info][gc,cpu         ] GC(1750) User=0.00s Sys=0.00s Real=0.00s
[654.278s][info][gc,start       ] GC(1751) Pause Young (Allocation Failure)
[654.279s][info][gc,heap        ] GC(1751) PSYoungGen: 287808K(308736K)->64K(311808K) Eden: 287744K(287744K)->0K(291840K) From: 64K(20992K)->64K(19968K)
[654.279s][info][gc,heap        ] GC(1751) ParOldGen: 508038K(508416K)->508038K(508416K)
[654.279s][info][gc,metaspace   ] GC(1751) Metaspace: 35507K(36224K)->35507K(36224K) NonClass: 29233K(29760K)->29233K(29760K) Class: 6273K(6464K)->6273K(6464K)
[654.279s][info][gc             ] GC(1751) Pause Young (Allocation Failure) 777M->496M(801M) 1.846ms
[654.279s][info][gc,cpu         ] GC(1751) User=0.00s Sys=0.00s Real=0.00s
[654.386s][info][gc,start       ] GC(1752) Pause Young (Allocation Failure)
[654.388s][info][gc,heap        ] GC(1752) PSYoungGen: 291904K(311808K)->64K(311296K) Eden: 291840K(291840K)->0K(291840K) From: 64K(19968K)->64K(19456K)
[654.388s][info][gc,heap        ] GC(1752) ParOldGen: 508038K(508416K)->508046K(508416K)
[654.388s][info][gc,metaspace   ] GC(1752) Metaspace: 35507K(36224K)->35507K(36224K) NonClass: 29233K(29760K)->29233K(29760K) Class: 6273K(6464K)->6273K(6464K)
[654.388s][info][gc             ] GC(1752) Pause Young (Allocation Failure) 781M->496M(800M) 1.811ms
[654.388s][info][gc,cpu         ] GC(1752) User=0.00s Sys=0.00s Real=0.01s
[654.442s][info][gc,start       ] GC(1753) Pause Young (Allocation Failure)
[654.444s][info][gc,heap        ] GC(1753) PSYoungGen: 291904K(311296K)->64K(313344K) Eden: 291840K(291840K)->0K(295424K) From: 64K(19456K)->64K(17920K)
[654.444s][info][gc,heap        ] GC(1753) ParOldGen: 508046K(508416K)->508062K(508416K)
[654.444s][info][gc,metaspace   ] GC(1753) Metaspace: 35507K(36224K)->35507K(36224K) NonClass: 29233K(29760K)->29233K(29760K) Class: 6273K(6464K)->6273K(6464K)
[654.444s][info][gc             ] GC(1753) Pause Young (Allocation Failure) 781M->496M(802M) 1.768ms
[654.444s][info][gc,cpu         ] GC(1753) User=0.01s Sys=0.00s Real=0.00s
[654.586s][info][gc,start       ] GC(1754) Pause Young (Allocation Failure)
[654.588s][info][gc,heap        ] GC(1754) PSYoungGen: 295488K(313344K)->64K(312832K) Eden: 295424K(295424K)->0K(295424K) From: 64K(17920K)->64K(17408K)
[654.588s][info][gc,heap        ] GC(1754) ParOldGen: 508062K(508416K)->508062K(508416K)
[654.588s][info][gc,metaspace   ] GC(1754) Metaspace: 35507K(36224K)->35507K(36224K) NonClass: 29233K(29760K)->29233K(29760K) Class: 6273K(6464K)->6273K(6464K)
[654.588s][info][gc             ] GC(1754) Pause Young (Allocation Failure) 784M->496M(802M) 1.805ms
[654.588s][info][gc,cpu         ] GC(1754) User=0.01s Sys=0.00s Real=0.01s
[654.803s][info][gc,start       ] GC(1755) Pause Young (Allocation Failure)
[654.805s][info][gc,heap        ] GC(1755) PSYoungGen: 295488K(312832K)->64K(315392K) Eden: 295424K(295424K)->0K(299520K) From: 64K(17408K)->64K(15872K)
[654.805s][info][gc,heap        ] GC(1755) ParOldGen: 508062K(508416K)->508070K(508416K)
[654.805s][info][gc,metaspace   ] GC(1755) Metaspace: 35507K(36224K)->35507K(36224K) NonClass: 29233K(29760K)->29233K(29760K) Class: 6273K(6464K)->6273K(6464K)
[654.805s][info][gc             ] GC(1755) Pause Young (Allocation Failure) 784M->496M(804M) 1.873ms
[654.805s][info][gc,cpu         ] GC(1755) User=0.01s Sys=0.00s Real=0.00s
[654.962s][info][gc,start       ] GC(1756) Pause Young (Allocation Failure)
[654.964s][info][gc,heap        ] GC(1756) PSYoungGen: 299584K(315392K)->64K(314880K) Eden: 299520K(299520K)->0K(299520K) From: 64K(15872K)->64K(15360K)
[654.964s][info][gc,heap        ] GC(1756) ParOldGen: 508070K(508416K)->508078K(508416K)
[654.964s][info][gc,metaspace   ] GC(1756) Metaspace: 35507K(36224K)->35507K(36224K) NonClass: 29233K(29760K)->29233K(29760K) Class: 6273K(6464K)->6273K(6464K)
[654.964s][info][gc             ] GC(1756) Pause Young (Allocation Failure) 788M->496M(804M) 1.920ms
[654.964s][info][gc,cpu         ] GC(1756) User=0.00s Sys=0.00s Real=0.00s
[655.046s][info][gc,start       ] GC(1757) Pause Young (Allocation Failure)
[655.048s][info][gc,heap        ] GC(1757) PSYoungGen: 299584K(314880K)->64K(317440K) Eden: 299520K(299520K)->0K(303104K) From: 64K(15360K)->64K(14336K)
[655.048s][info][gc,heap        ] GC(1757) ParOldGen: 508078K(508416K)->508094K(508416K)
[655.048s][info][gc,metaspace   ] GC(1757) Metaspace: 35507K(36224K)->35507K(36224K) NonClass: 29233K(29760K)->29233K(29760K) Class: 6273K(6464K)->6273K(6464K)
[655.048s][info][gc             ] GC(1757) Pause Young (Allocation Failure) 788M->496M(806M) 1.855ms
[655.048s][info][gc,cpu         ] GC(1757) User=0.01s Sys=0.00s Real=0.01s
[655.214s][info][gc,start       ] GC(1758) Pause Young (Allocation Failure)
[655.216s][info][gc,heap        ] GC(1758) PSYoungGen: 303168K(317440K)->64K(316928K) Eden: 303104K(303104K)->0K(303104K) From: 64K(14336K)->64K(13824K)
[655.216s][info][gc,heap        ] GC(1758) ParOldGen: 508094K(508416K)->508094K(508416K)
[655.216s][info][gc,metaspace   ] GC(1758) Metaspace: 35507K(36224K)->35507K(36224K) NonClass: 29233K(29760K)->29233K(29760K) Class: 6273K(6464K)->6273K(6464K)
[655.216s][info][gc             ] GC(1758) Pause Young (Allocation Failure) 792M->496M(806M) 1.922ms
[655.216s][info][gc,cpu         ] GC(1758) User=0.00s Sys=0.00s Real=0.00s
[656.233s][info][gc,start       ] GC(1759) Pause Young (Allocation Failure)
[656.235s][info][gc,heap        ] GC(1759) PSYoungGen: 303168K(316928K)->83K(318976K) Eden: 303104K(303104K)->0K(306688K) From: 64K(13824K)->83K(12288K)
[656.235s][info][gc,heap        ] GC(1759) ParOldGen: 508094K(508416K)->508102K(508416K)
[656.235s][info][gc,metaspace   ] GC(1759) Metaspace: 35507K(36224K)->35507K(36224K) NonClass: 29233K(29760K)->29233K(29760K) Class: 6273K(6464K)->6273K(6464K)
[656.235s][info][gc             ] GC(1759) Pause Young (Allocation Failure) 792M->496M(808M) 2.363ms
[656.235s][info][gc,cpu         ] GC(1759) User=0.01s Sys=0.00s Real=0.00s
[657.144s][info][gc,start       ] GC(1760) Pause Young (Allocation Failure)
[657.146s][info][gc,heap        ] GC(1760) PSYoungGen: 306771K(318976K)->64K(318464K) Eden: 306688K(306688K)->0K(306688K) From: 83K(12288K)->64K(11776K)
[657.146s][info][gc,heap        ] GC(1760) ParOldGen: 508102K(508416K)->508110K(508416K)
[657.146s][info][gc,metaspace   ] GC(1760) Metaspace: 35507K(36224K)->35507K(36224K) NonClass: 29233K(29760K)->29233K(29760K) Class: 6273K(6464K)->6273K(6464K)
[657.146s][info][gc             ] GC(1760) Pause Young (Allocation Failure) 795M->496M(807M) 1.854ms
[657.146s][info][gc,cpu         ] GC(1760) User=0.00s Sys=0.00s Real=0.00s
[657.435s][info][gc,start       ] GC(1761) Pause Young (Allocation Failure)
[657.437s][info][gc,heap        ] GC(1761) PSYoungGen: 306752K(318464K)->64K(294912K) Eden: 306688K(306688K)->0K(294400K) From: 64K(11776K)->64K(512K)
[657.437s][info][gc,heap        ] GC(1761) ParOldGen: 508110K(508416K)->508118K(508416K)
[657.437s][info][gc,metaspace   ] GC(1761) Metaspace: 35507K(36224K)->35507K(36224K) NonClass: 29233K(29760K)->29233K(29760K) Class: 6273K(6464K)->6273K(6464K)
[657.437s][info][gc             ] GC(1761) Pause Young (Allocation Failure) 795M->496M(784M) 2.351ms
[657.437s][info][gc,cpu         ] GC(1761) User=0.01s Sys=0.00s Real=0.01s
[657.909s][info][gc,start       ] GC(1762) Pause Young (Allocation Failure)
[657.911s][info][gc,heap        ] GC(1762) PSYoungGen: 294464K(294912K)->32K(292864K) Eden: 294400K(294400K)->0K(282624K) From: 64K(512K)->32K(10240K)
[657.911s][info][gc,heap        ] GC(1762) ParOldGen: 508118K(508416K)->508126K(508416K)
[657.911s][info][gc,metaspace   ] GC(1762) Metaspace: 35507K(36224K)->35507K(36224K) NonClass: 29233K(29760K)->29233K(29760K) Class: 6273K(6464K)->6273K(6464K)
[657.911s][info][gc             ] GC(1762) Pause Young (Allocation Failure) 783M->496M(782M) 2.203ms
[657.911s][info][gc,cpu         ] GC(1762) User=0.01s Sys=0.00s Real=0.00s
[658.911s][info][gc,start       ] GC(1763) Pause Young (Allocation Failure)
[658.912s][info][gc,heap        ] GC(1763) PSYoungGen: 282656K(292864K)->64K(271872K) Eden: 282624K(282624K)->0K(271360K) From: 32K(10240K)->64K(512K)
[658.912s][info][gc,heap        ] GC(1763) ParOldGen: 508126K(508416K)->508134K(508416K)
[658.912s][info][gc,metaspace   ] GC(1763) Metaspace: 35507K(36224K)->35507K(36224K) NonClass: 29233K(29760K)->29233K(29760K) Class: 6273K(6464K)->6273K(6464K)
[658.912s][info][gc             ] GC(1763) Pause Young (Allocation Failure) 772M->496M(762M) 1.862ms
[658.912s][info][gc,cpu         ] GC(1763) User=0.01s Sys=0.00s Real=0.00s
[659.272s][info][gc,start       ] GC(1764) Pause Young (Allocation Failure)
[659.275s][info][gc,heap        ] GC(1764) PSYoungGen: 271424K(271872K)->32K(269824K) Eden: 271360K(271360K)->0K(260608K) From: 64K(512K)->32K(9216K)
[659.275s][info][gc,heap        ] GC(1764) ParOldGen: 508134K(508416K)->508150K(508416K)
[659.275s][info][gc,metaspace   ] GC(1764) Metaspace: 35507K(36224K)->35507K(36224K) NonClass: 29233K(29760K)->29233K(29760K) Class: 6273K(6464K)->6273K(6464K)
[659.275s][info][gc             ] GC(1764) Pause Young (Allocation Failure) 761M->496M(760M) 2.242ms
[659.275s][info][gc,cpu         ] GC(1764) User=0.00s Sys=0.00s Real=0.00s
[659.412s][info][gc,start       ] GC(1765) Pause Young (Allocation Failure)
[659.414s][info][gc,heap        ] GC(1765) PSYoungGen: 260640K(269824K)->64K(250880K) Eden: 260608K(260608K)->0K(250368K) From: 32K(9216K)->64K(512K)
[659.414s][info][gc,heap        ] GC(1765) ParOldGen: 508150K(508416K)->508158K(508416K)
[659.414s][info][gc,metaspace   ] GC(1765) Metaspace: 35507K(36224K)->35507K(36224K) NonClass: 29233K(29760K)->29233K(29760K) Class: 6273K(6464K)->6273K(6464K)
[659.414s][info][gc             ] GC(1765) Pause Young (Allocation Failure) 750M->496M(741M) 2.317ms
[659.414s][info][gc,cpu         ] GC(1765) User=0.00s Sys=0.00s Real=0.00s
[659.793s][info][gc,start       ] GC(1766) Pause Young (Allocation Failure)
[659.796s][info][gc,heap        ] GC(1766) PSYoungGen: 250432K(250880K)->64K(248320K) Eden: 250368K(250368K)->0K(240640K) From: 64K(512K)->64K(7680K)
[659.796s][info][gc,heap        ] GC(1766) ParOldGen: 508158K(508416K)->508166K(508416K)
[659.796s][info][gc,metaspace   ] GC(1766) Metaspace: 35507K(36224K)->35507K(36224K) NonClass: 29233K(29760K)->29233K(29760K) Class: 6273K(6464K)->6273K(6464K)
[659.796s][info][gc             ] GC(1766) Pause Young (Allocation Failure) 740M->496M(739M) 3.271ms
[659.796s][info][gc,cpu         ] GC(1766) User=0.00s Sys=0.00s Real=0.00s
[660.170s][info][gc,start       ] GC(1767) Pause Young (Allocation Failure)
[660.173s][info][gc,heap        ] GC(1767) PSYoungGen: 240704K(248320K)->64K(231936K) Eden: 240640K(240640K)->0K(231424K) From: 64K(7680K)->64K(512K)
[660.173s][info][gc,heap        ] GC(1767) ParOldGen: 508166K(508416K)->508174K(508416K)
[660.173s][info][gc,metaspace   ] GC(1767) Metaspace: 35507K(36224K)->35507K(36224K) NonClass: 29233K(29760K)->29233K(29760K) Class: 6273K(6464K)->6273K(6464K)
[660.173s][info][gc             ] GC(1767) Pause Young (Allocation Failure) 731M->496M(723M) 2.636ms
[660.173s][info][gc,cpu         ] GC(1767) User=0.00s Sys=0.00s Real=0.00s
[660.570s][info][gc,start       ] GC(1768) Pause Young (Allocation Failure)
[660.578s][info][gc,heap        ] GC(1768) PSYoungGen: 231487K(231936K)->3520K(278016K) Eden: 231423K(231424K)->0K(274432K) From: 64K(512K)->3520K(3584K)
[660.578s][info][gc,heap        ] GC(1768) ParOldGen: 508174K(508416K)->508182K(508416K)
[660.578s][info][gc,metaspace   ] GC(1768) Metaspace: 35507K(36224K)->35507K(36224K) NonClass: 29233K(29760K)->29233K(29760K) Class: 6273K(6464K)->6273K(6464K)
[660.578s][info][gc             ] GC(1768) Pause Young (Allocation Failure) 722M->499M(768M) 8.151ms
[660.578s][info][gc,cpu         ] GC(1768) User=0.01s Sys=0.00s Real=0.01s
[660.899s][info][gc,start       ] GC(1769) Pause Young (Allocation Failure)
[660.997s][info][gc,heap        ] GC(1769) PSYoungGen: 277952K(278016K)->7168K(280576K) Eden: 274432K(274432K)->0K(273408K) From: 3520K(3584K)->7168K(7168K)
[660.997s][info][gc,heap        ] GC(1769) ParOldGen: 508182K(508416K)->529974K(530432K)
[660.997s][info][gc,metaspace   ] GC(1769) Metaspace: 35507K(36224K)->35507K(36224K) NonClass: 29233K(29760K)->29233K(29760K) Class: 6273K(6464K)->6273K(6464K)
[660.997s][info][gc             ] GC(1769) Pause Young (Allocation Failure) 767M->524M(792M) 98.832ms
[660.997s][info][gc,cpu         ] GC(1769) User=0.12s Sys=0.03s Real=0.10s
[661.315s][info][gc,start       ] GC(1770) Pause Young (Allocation Failure)
[661.376s][info][gc,heap        ] GC(1770) PSYoungGen: 280576K(280576K)->16896K(290304K) Eden: 273408K(273408K)->0K(273408K) From: 7168K(7168K)->16896K(16896K)
[661.376s][info][gc,heap        ] GC(1770) ParOldGen: 529974K(530432K)->542718K(542720K)
[661.376s][info][gc,metaspace   ] GC(1770) Metaspace: 35507K(36224K)->35507K(36224K) NonClass: 29233K(29760K)->29233K(29760K) Class: 6273K(6464K)->6273K(6464K)
[661.376s][info][gc             ] GC(1770) Pause Young (Allocation Failure) 791M->546M(813M) 60.316ms
[661.376s][info][gc,cpu         ] GC(1770) User=0.11s Sys=0.00s Real=0.06s
[661.514s][info][gc,start       ] GC(1771) Pause Young (Allocation Failure)
[661.536s][info][gc,heap        ] GC(1771) PSYoungGen: 290304K(290304K)->7712K(309760K) Eden: 273408K(273408K)->0K(284672K) From: 16896K(16896K)->7712K(25088K)
[661.536s][info][gc,heap        ] GC(1771) ParOldGen: 542718K(542720K)->543166K(543232K)
[661.536s][info][gc,metaspace   ] GC(1771) Metaspace: 35507K(36224K)->35507K(36224K) NonClass: 29233K(29760K)->29233K(29760K) Class: 6273K(6464K)->6273K(6464K)
[661.536s][info][gc             ] GC(1771) Pause Young (Allocation Failure) 813M->537M(833M) 21.490ms
[661.536s][info][gc,cpu         ] GC(1771) User=0.04s Sys=0.01s Real=0.02s
[661.989s][info][gc,start       ] GC(1772) Pause Young (Allocation Failure)
[661.991s][info][gc,heap        ] GC(1772) PSYoungGen: 292384K(309760K)->64K(285184K) Eden: 284672K(284672K)->0K(284672K) From: 7712K(25088K)->64K(512K)
[661.991s][info][gc,heap        ] GC(1772) ParOldGen: 543166K(543232K)->543174K(543232K)
[661.991s][info][gc,metaspace   ] GC(1772) Metaspace: 35507K(36224K)->35507K(36224K) NonClass: 29233K(29760K)->29233K(29760K) Class: 6273K(6464K)->6273K(6464K)
[661.991s][info][gc             ] GC(1772) Pause Young (Allocation Failure) 815M->530M(809M) 1.904ms
[661.991s][info][gc,cpu         ] GC(1772) User=0.01s Sys=0.00s Real=0.00s
[662.594s][info][gc,start       ] GC(1773) Pause Young (Allocation Failure)
[662.596s][info][gc,heap        ] GC(1773) PSYoungGen: 284736K(285184K)->64K(309248K) Eden: 284672K(284672K)->0K(285696K) From: 64K(512K)->64K(23552K)
[662.596s][info][gc,heap        ] GC(1773) ParOldGen: 543174K(543232K)->543182K(543232K)
[662.596s][info][gc,metaspace   ] GC(1773) Metaspace: 35521K(36224K)->35521K(36224K) NonClass: 29248K(29760K)->29248K(29760K) Class: 6273K(6464K)->6273K(6464K)
[662.596s][info][gc             ] GC(1773) Pause Young (Allocation Failure) 808M->530M(832M) 1.932ms
[662.596s][info][gc,cpu         ] GC(1773) User=0.00s Sys=0.00s Real=0.00s
[663.051s][info][gc,start       ] GC(1774) Pause Young (Allocation Failure)
[663.053s][info][gc,heap        ] GC(1774) PSYoungGen: 285760K(309248K)->64K(308224K) Eden: 285696K(285696K)->0K(285696K) From: 64K(23552K)->64K(22528K)
[663.053s][info][gc,heap        ] GC(1774) ParOldGen: 543182K(543232K)->543198K(543232K)
[663.053s][info][gc,metaspace   ] GC(1774) Metaspace: 35521K(36224K)->35521K(36224K) NonClass: 29248K(29760K)->29248K(29760K) Class: 6273K(6464K)->6273K(6464K)
[663.053s][info][gc             ] GC(1774) Pause Young (Allocation Failure) 809M->530M(831M) 1.996ms
[663.053s][info][gc,cpu         ] GC(1774) User=0.00s Sys=0.00s Real=0.00s
[663.255s][info][gc,start       ] GC(1775) Pause Young (Allocation Failure)
[663.257s][info][gc,heap        ] GC(1775) PSYoungGen: 285760K(308224K)->64K(309760K) Eden: 285696K(285696K)->0K(288256K) From: 64K(22528K)->64K(21504K)
[663.257s][info][gc,heap        ] GC(1775) ParOldGen: 543198K(543232K)->543214K(543232K)
[663.257s][info][gc,metaspace   ] GC(1775) Metaspace: 35521K(36224K)->35521K(36224K) NonClass: 29248K(29760K)->29248K(29760K) Class: 6273K(6464K)->6273K(6464K)
[663.257s][info][gc             ] GC(1775) Pause Young (Allocation Failure) 809M->530M(833M) 1.867ms
[663.257s][info][gc,cpu         ] GC(1775) User=0.00s Sys=0.00s Real=0.01s
[663.458s][info][gc,start       ] GC(1776) Pause Young (Allocation Failure)
[663.460s][info][gc,heap        ] GC(1776) PSYoungGen: 288320K(309760K)->64K(309248K) Eden: 288256K(288256K)->0K(288256K) From: 64K(21504K)->64K(20992K)
[663.460s][info][gc,heap        ] GC(1776) ParOldGen: 543214K(543232K)->543214K(543232K)
[663.460s][info][gc,metaspace   ] GC(1776) Metaspace: 35521K(36224K)->35521K(36224K) NonClass: 29248K(29760K)->29248K(29760K) Class: 6273K(6464K)->6273K(6464K)
[663.460s][info][gc             ] GC(1776) Pause Young (Allocation Failure) 812M->530M(832M) 1.948ms
[663.460s][info][gc,cpu         ] GC(1776) User=0.01s Sys=0.00s Real=0.00s
[663.811s][info][gc,start       ] GC(1777) Pause Young (Allocation Failure)
[663.813s][info][gc,heap        ] GC(1777) PSYoungGen: 288320K(309248K)->64K(311808K) Eden: 288256K(288256K)->0K(292352K) From: 64K(20992K)->64K(19456K)
[663.813s][info][gc,heap        ] GC(1777) ParOldGen: 543214K(543232K)->543214K(543232K)
[663.813s][info][gc,metaspace   ] GC(1777) Metaspace: 35521K(36224K)->35521K(36224K) NonClass: 29248K(29760K)->29248K(29760K) Class: 6273K(6464K)->6273K(6464K)
[663.813s][info][gc             ] GC(1777) Pause Young (Allocation Failure) 812M->530M(835M) 1.966ms
[663.813s][info][gc,cpu         ] GC(1777) User=0.00s Sys=0.00s Real=0.00s
[663.918s][info][gc,start       ] GC(1778) Pause Young (Allocation Failure)
[663.920s][info][gc,heap        ] GC(1778) PSYoungGen: 292416K(311808K)->64K(311296K) Eden: 292352K(292352K)->0K(292352K) From: 64K(19456K)->64K(18944K)
[663.920s][info][gc,heap        ] GC(1778) ParOldGen: 543214K(543232K)->543222K(543232K)
[663.920s][info][gc,metaspace   ] GC(1778) Metaspace: 35521K(36224K)->35521K(36224K) NonClass: 29248K(29760K)->29248K(29760K) Class: 6273K(6464K)->6273K(6464K)
[663.920s][info][gc             ] GC(1778) Pause Young (Allocation Failure) 816M->530M(834M) 1.941ms
[663.920s][info][gc,cpu         ] GC(1778) User=0.01s Sys=0.00s Real=0.00s
[663.975s][info][gc,start       ] GC(1779) Pause Young (Allocation Failure)
[663.977s][info][gc,heap        ] GC(1779) PSYoungGen: 292416K(311296K)->32K(313856K) Eden: 292352K(292352K)->0K(296448K) From: 64K(18944K)->32K(17408K)
[663.977s][info][gc,heap        ] GC(1779) ParOldGen: 543222K(543232K)->543238K(543744K)
[663.977s][info][gc,metaspace   ] GC(1779) Metaspace: 35521K(36224K)->35521K(36224K) NonClass: 29248K(29760K)->29248K(29760K) Class: 6273K(6464K)->6273K(6464K)
[663.977s][info][gc             ] GC(1779) Pause Young (Allocation Failure) 816M->530M(837M) 1.794ms
[663.977s][info][gc,cpu         ] GC(1779) User=0.00s Sys=0.00s Real=0.01s
[664.120s][info][gc,start       ] GC(1780) Pause Young (Allocation Failure)
[664.122s][info][gc,heap        ] GC(1780) PSYoungGen: 296480K(313856K)->64K(313344K) Eden: 296448K(296448K)->0K(296448K) From: 32K(17408K)->64K(16896K)
[664.122s][info][gc,heap        ] GC(1780) ParOldGen: 543238K(543744K)->543238K(543744K)
[664.122s][info][gc,metaspace   ] GC(1780) Metaspace: 35521K(36224K)->35521K(36224K) NonClass: 29248K(29760K)->29248K(29760K) Class: 6273K(6464K)->6273K(6464K)
[664.122s][info][gc             ] GC(1780) Pause Young (Allocation Failure) 820M->530M(837M) 1.922ms
[664.122s][info][gc,cpu         ] GC(1780) User=0.00s Sys=0.00s Real=0.00s
[664.346s][info][gc,start       ] GC(1781) Pause Young (Allocation Failure)
[664.348s][info][gc,heap        ] GC(1781) PSYoungGen: 296512K(313344K)->64K(315904K) Eden: 296448K(296448K)->0K(300544K) From: 64K(16896K)->64K(15360K)
[664.348s][info][gc,heap        ] GC(1781) ParOldGen: 543238K(543744K)->543246K(543744K)
[664.348s][info][gc,metaspace   ] GC(1781) Metaspace: 35521K(36224K)->35521K(36224K) NonClass: 29248K(29760K)->29248K(29760K) Class: 6273K(6464K)->6273K(6464K)
[664.348s][info][gc             ] GC(1781) Pause Young (Allocation Failure) 820M->530M(839M) 2.024ms
[664.348s][info][gc,cpu         ] GC(1781) User=0.01s Sys=0.00s Real=0.01s
[664.511s][info][gc,start       ] GC(1782) Pause Young (Allocation Failure)
[664.513s][info][gc,heap        ] GC(1782) PSYoungGen: 300608K(315904K)->64K(315904K) Eden: 300544K(300544K)->0K(300544K) From: 64K(15360K)->64K(15360K)
[664.513s][info][gc,heap        ] GC(1782) ParOldGen: 543246K(543744K)->543254K(543744K)
[664.513s][info][gc,metaspace   ] GC(1782) Metaspace: 35521K(36224K)->35521K(36224K) NonClass: 29248K(29760K)->29248K(29760K) Class: 6273K(6464K)->6273K(6464K)
[664.513s][info][gc             ] GC(1782) Pause Young (Allocation Failure) 824M->530M(839M) 1.980ms
[664.513s][info][gc,cpu         ] GC(1782) User=0.00s Sys=0.00s Real=0.00s
[664.599s][info][gc,start       ] GC(1783) Pause Young (Allocation Failure)
[664.601s][info][gc,heap        ] GC(1783) PSYoungGen: 300608K(315904K)->64K(317440K) Eden: 300544K(300544K)->0K(304128K) From: 64K(15360K)->64K(13312K)
[664.601s][info][gc,heap        ] GC(1783) ParOldGen: 543254K(543744K)->543270K(543744K)
[664.601s][info][gc,metaspace   ] GC(1783) Metaspace: 35521K(36224K)->35521K(36224K) NonClass: 29248K(29760K)->29248K(29760K) Class: 6273K(6464K)->6273K(6464K)
[664.601s][info][gc             ] GC(1783) Pause Young (Allocation Failure) 824M->530M(841M) 1.992ms
[664.601s][info][gc,cpu         ] GC(1783) User=0.01s Sys=0.00s Real=0.00s
[664.781s][info][gc,start       ] GC(1784) Pause Young (Allocation Failure)
[664.783s][info][gc,heap        ] GC(1784) PSYoungGen: 304192K(317440K)->64K(317440K) Eden: 304128K(304128K)->0K(304128K) From: 64K(13312K)->64K(13312K)
[664.783s][info][gc,heap        ] GC(1784) ParOldGen: 543270K(543744K)->543270K(543744K)
[664.783s][info][gc,metaspace   ] GC(1784) Metaspace: 35521K(36224K)->35521K(36224K) NonClass: 29248K(29760K)->29248K(29760K) Class: 6273K(6464K)->6273K(6464K)
[664.783s][info][gc             ] GC(1784) Pause Young (Allocation Failure) 827M->530M(841M) 1.964ms
[664.783s][info][gc,cpu         ] GC(1784) User=0.01s Sys=0.00s Real=0.00s
[665.797s][info][gc,start       ] GC(1785) Pause Young (Allocation Failure)
[665.799s][info][gc,heap        ] GC(1785) PSYoungGen: 304192K(317440K)->64K(318976K) Eden: 304128K(304128K)->0K(307712K) From: 64K(13312K)->64K(11264K)
[665.799s][info][gc,heap        ] GC(1785) ParOldGen: 543270K(543744K)->543278K(543744K)
[665.799s][info][gc,metaspace   ] GC(1785) Metaspace: 35521K(36224K)->35521K(36224K) NonClass: 29248K(29760K)->29248K(29760K) Class: 6273K(6464K)->6273K(6464K)
[665.799s][info][gc             ] GC(1785) Pause Young (Allocation Failure) 827M->530M(842M) 1.953ms
[665.799s][info][gc,cpu         ] GC(1785) User=0.01s Sys=0.00s Real=0.00s
[666.704s][info][gc,start       ] GC(1786) Pause Young (Allocation Failure)
[666.706s][info][gc,heap        ] GC(1786) PSYoungGen: 307776K(318976K)->64K(319488K) Eden: 307712K(307712K)->0K(307712K) From: 64K(11264K)->64K(11776K)
[666.706s][info][gc,heap        ] GC(1786) ParOldGen: 543278K(543744K)->543286K(543744K)
[666.706s][info][gc,metaspace   ] GC(1786) Metaspace: 35521K(36224K)->35521K(36224K) NonClass: 29248K(29760K)->29248K(29760K) Class: 6273K(6464K)->6273K(6464K)
[666.706s][info][gc             ] GC(1786) Pause Young (Allocation Failure) 831M->530M(843M) 1.930ms
[666.706s][info][gc,cpu         ] GC(1786) User=0.01s Sys=0.00s Real=0.00s
[667.007s][info][gc,start       ] GC(1787) Pause Young (Allocation Failure)
[667.009s][info][gc,heap        ] GC(1787) PSYoungGen: 307776K(319488K)->64K(295936K) Eden: 307712K(307712K)->0K(295424K) From: 64K(11776K)->64K(512K)
[667.009s][info][gc,heap        ] GC(1787) ParOldGen: 543286K(543744K)->543294K(543744K)
[667.009s][info][gc,metaspace   ] GC(1787) Metaspace: 35521K(36224K)->35521K(36224K) NonClass: 29248K(29760K)->29248K(29760K) Class: 6273K(6464K)->6273K(6464K)
[667.009s][info][gc             ] GC(1787) Pause Young (Allocation Failure) 831M->530M(820M) 1.978ms
[667.009s][info][gc,cpu         ] GC(1787) User=0.00s Sys=0.00s Real=0.00s
[667.464s][info][gc,start       ] GC(1788) Pause Young (Allocation Failure)
[667.466s][info][gc,heap        ] GC(1788) PSYoungGen: 295488K(295936K)->64K(293888K) Eden: 295424K(295424K)->0K(283648K) From: 64K(512K)->64K(10240K)
[667.466s][info][gc,heap        ] GC(1788) ParOldGen: 543294K(543744K)->543302K(543744K)
[667.466s][info][gc,metaspace   ] GC(1788) Metaspace: 35521K(36224K)->35521K(36224K) NonClass: 29248K(29760K)->29248K(29760K) Class: 6273K(6464K)->6273K(6464K)
[667.466s][info][gc             ] GC(1788) Pause Young (Allocation Failure) 819M->530M(818M) 1.824ms
[667.466s][info][gc,cpu         ] GC(1788) User=0.00s Sys=0.00s Real=0.00s
[668.450s][info][gc,start       ] GC(1789) Pause Young (Allocation Failure)
[668.452s][info][gc,heap        ] GC(1789) PSYoungGen: 283712K(293888K)->64K(272896K) Eden: 283648K(283648K)->0K(272384K) From: 64K(10240K)->64K(512K)
[668.452s][info][gc,heap        ] GC(1789) ParOldGen: 543302K(543744K)->543310K(543744K)
[668.452s][info][gc,metaspace   ] GC(1789) Metaspace: 35521K(36224K)->35521K(36224K) NonClass: 29248K(29760K)->29248K(29760K) Class: 6273K(6464K)->6273K(6464K)
[668.452s][info][gc             ] GC(1789) Pause Young (Allocation Failure) 807M->530M(797M) 2.289ms
[668.452s][info][gc,cpu         ] GC(1789) User=0.00s Sys=0.00s Real=0.00s
[668.823s][info][gc,start       ] GC(1790) Pause Young (Allocation Failure)
[668.824s][info][gc,heap        ] GC(1790) PSYoungGen: 272448K(272896K)->64K(270848K) Eden: 272384K(272384K)->0K(261632K) From: 64K(512K)->64K(9216K)
[668.824s][info][gc,heap        ] GC(1790) ParOldGen: 543310K(543744K)->543318K(543744K)
[668.824s][info][gc,metaspace   ] GC(1790) Metaspace: 35521K(36224K)->35521K(36224K) NonClass: 29248K(29760K)->29248K(29760K) Class: 6273K(6464K)->6273K(6464K)
[668.824s][info][gc             ] GC(1790) Pause Young (Allocation Failure) 796M->530M(795M) 1.783ms
[668.824s][info][gc,cpu         ] GC(1790) User=0.01s Sys=0.00s Real=0.00s
[668.939s][info][gc,start       ] GC(1791) Pause Young (Allocation Failure)
[668.941s][info][gc,heap        ] GC(1791) PSYoungGen: 261696K(270848K)->64K(251904K) Eden: 261632K(261632K)->0K(251392K) From: 64K(9216K)->64K(512K)
[668.942s][info][gc,heap        ] GC(1791) ParOldGen: 543318K(543744K)->543326K(543744K)
[668.942s][info][gc,metaspace   ] GC(1791) Metaspace: 35521K(36224K)->35521K(36224K) NonClass: 29248K(29760K)->29248K(29760K) Class: 6273K(6464K)->6273K(6464K)
[668.942s][info][gc             ] GC(1791) Pause Young (Allocation Failure) 786M->530M(777M) 2.237ms
[668.942s][info][gc,cpu         ] GC(1791) User=0.00s Sys=0.00s Real=0.00s
[669.352s][info][gc,start       ] GC(1792) Pause Young (Allocation Failure)
[669.353s][info][gc,heap        ] GC(1792) PSYoungGen: 251456K(251904K)->64K(249344K) Eden: 251392K(251392K)->0K(241664K) From: 64K(512K)->64K(7680K)
[669.353s][info][gc,heap        ] GC(1792) ParOldGen: 543326K(543744K)->543334K(543744K)
[669.353s][info][gc,metaspace   ] GC(1792) Metaspace: 35521K(36224K)->35521K(36224K) NonClass: 29248K(29760K)->29248K(29760K) Class: 6273K(6464K)->6273K(6464K)
[669.353s][info][gc             ] GC(1792) Pause Young (Allocation Failure) 776M->530M(774M) 1.849ms
[669.353s][info][gc,cpu         ] GC(1792) User=0.00s Sys=0.00s Real=0.00s
[669.690s][info][gc,start       ] GC(1793) Pause Young (Allocation Failure)
[669.693s][info][gc,heap        ] GC(1793) PSYoungGen: 241728K(249344K)->64K(232960K) Eden: 241664K(241664K)->0K(232448K) From: 64K(7680K)->64K(512K)
[669.693s][info][gc,heap        ] GC(1793) ParOldGen: 543334K(543744K)->543342K(543744K)
[669.693s][info][gc,metaspace   ] GC(1793) Metaspace: 35521K(36224K)->35521K(36224K) NonClass: 29248K(29760K)->29248K(29760K) Class: 6273K(6464K)->6273K(6464K)
[669.693s][info][gc             ] GC(1793) Pause Young (Allocation Failure) 766M->530M(758M) 2.367ms
[669.693s][info][gc,cpu         ] GC(1793) User=0.00s Sys=0.01s Real=0.00s
[670.098s][info][gc,start       ] GC(1794) Pause Young (Allocation Failure)
[670.107s][info][gc,heap        ] GC(1794) PSYoungGen: 232512K(232960K)->5248K(281088K) Eden: 232448K(232448K)->0K(275456K) From: 64K(512K)->5248K(5632K)
[670.107s][info][gc,heap        ] GC(1794) ParOldGen: 543342K(543744K)->543358K(543744K)
[670.107s][info][gc,metaspace   ] GC(1794) Metaspace: 35521K(36224K)->35521K(36224K) NonClass: 29248K(29760K)->29248K(29760K) Class: 6273K(6464K)->6273K(6464K)
[670.107s][info][gc             ] GC(1794) Pause Young (Allocation Failure) 757M->535M(805M) 9.389ms
[670.107s][info][gc,cpu         ] GC(1794) User=0.01s Sys=0.00s Real=0.01s
[670.419s][info][gc,start       ] GC(1795) Pause Young (Allocation Failure)
[670.481s][info][gc,heap        ] GC(1795) PSYoungGen: 280704K(281088K)->7680K(281088K) Eden: 275456K(275456K)->0K(273408K) From: 5248K(5632K)->7680K(7680K)
[670.481s][info][gc,heap        ] GC(1795) ParOldGen: 543358K(543744K)->564750K(565248K)
[670.481s][info][gc,metaspace   ] GC(1795) Metaspace: 35521K(36224K)->35521K(36224K) NonClass: 29248K(29760K)->29248K(29760K) Class: 6273K(6464K)->6273K(6464K)
[670.481s][info][gc             ] GC(1795) Pause Young (Allocation Failure) 804M->559M(826M) 61.409ms
[670.481s][info][gc,cpu         ] GC(1795) User=0.10s Sys=0.01s Real=0.06s
[670.790s][info][gc,start       ] GC(1796) Pause Young (Allocation Failure)
[670.850s][info][gc,heap        ] GC(1796) PSYoungGen: 281088K(281088K)->17408K(290816K) Eden: 273408K(273408K)->0K(273408K) From: 7680K(7680K)->17408K(17408K)
[670.850s][info][gc,heap        ] GC(1796) ParOldGen: 564750K(565248K)->576966K(577024K)
[670.850s][info][gc,metaspace   ] GC(1796) Metaspace: 35521K(36224K)->35521K(36224K) NonClass: 29248K(29760K)->29248K(29760K) Class: 6273K(6464K)->6273K(6464K)
[670.850s][info][gc             ] GC(1796) Pause Young (Allocation Failure) 826M->580M(847M) 60.667ms
[670.850s][info][gc,cpu         ] GC(1796) User=0.11s Sys=0.01s Real=0.06s
[670.971s][info][gc,start       ] GC(1797) Pause Young (Allocation Failure)
[670.988s][info][gc,heap        ] GC(1797) PSYoungGen: 290816K(290816K)->5888K(309760K) Eden: 273408K(273408K)->0K(284160K) From: 17408K(17408K)->5888K(25600K)
[670.988s][info][gc,heap        ] GC(1797) ParOldGen: 576966K(577024K)->577398K(577536K)
[670.988s][info][gc,metaspace   ] GC(1797) Metaspace: 35521K(36224K)->35521K(36224K) NonClass: 29248K(29760K)->29248K(29760K) Class: 6273K(6464K)->6273K(6464K)
[670.988s][info][gc             ] GC(1797) Pause Young (Allocation Failure) 847M->569M(866M) 17.079ms
[670.988s][info][gc,cpu         ] GC(1797) User=0.03s Sys=0.01s Real=0.02s
[671.476s][info][gc,start       ] GC(1798) Pause Young (Allocation Failure)
[671.478s][info][gc,heap        ] GC(1798) PSYoungGen: 290048K(309760K)->64K(284672K) Eden: 284160K(284160K)->0K(284160K) From: 5888K(25600K)->64K(512K)
[671.478s][info][gc,heap        ] GC(1798) ParOldGen: 577398K(577536K)->577406K(577536K)
[671.478s][info][gc,metaspace   ] GC(1798) Metaspace: 35521K(36224K)->35521K(36224K) NonClass: 29248K(29760K)->29248K(29760K) Class: 6273K(6464K)->6273K(6464K)
[671.478s][info][gc             ] GC(1798) Pause Young (Allocation Failure) 847M->563M(842M) 2.135ms
[671.478s][info][gc,cpu         ] GC(1798) User=0.00s Sys=0.00s Real=0.01s
[672.045s][info][gc,start       ] GC(1799) Pause Young (Allocation Failure)
[672.047s][info][gc,heap        ] GC(1799) PSYoungGen: 284224K(284672K)->64K(308736K) Eden: 284160K(284160K)->0K(285184K) From: 64K(512K)->64K(23552K)
[672.047s][info][gc,heap        ] GC(1799) ParOldGen: 577406K(577536K)->577414K(577536K)
[672.047s][info][gc,metaspace   ] GC(1799) Metaspace: 35521K(36224K)->35521K(36224K) NonClass: 29248K(29760K)->29248K(29760K) Class: 6273K(6464K)->6273K(6464K)
[672.048s][info][gc             ] GC(1799) Pause Young (Allocation Failure) 841M->563M(865M) 2.128ms
[672.048s][info][gc,cpu         ] GC(1799) User=0.00s Sys=0.00s Real=0.01s
[672.483s][info][gc,start       ] GC(1800) Pause Young (Allocation Failure)
[672.485s][info][gc,heap        ] GC(1800) PSYoungGen: 285248K(308736K)->64K(307712K) Eden: 285184K(285184K)->0K(285184K) From: 64K(23552K)->64K(22528K)
[672.485s][info][gc,heap        ] GC(1800) ParOldGen: 577414K(577536K)->577430K(577536K)
[672.485s][info][gc,metaspace   ] GC(1800) Metaspace: 35521K(36224K)->35521K(36224K) NonClass: 29248K(29760K)->29248K(29760K) Class: 6273K(6464K)->6273K(6464K)
[672.485s][info][gc             ] GC(1800) Pause Young (Allocation Failure) 842M->563M(864M) 1.993ms
[672.485s][info][gc,cpu         ] GC(1800) User=0.01s Sys=0.00s Real=0.00s
[672.682s][info][gc,start       ] GC(1801) Pause Young (Allocation Failure)
[672.684s][info][gc,heap        ] GC(1801) PSYoungGen: 285248K(307712K)->64K(309760K) Eden: 285184K(285184K)->0K(288256K) From: 64K(22528K)->64K(21504K)
[672.684s][info][gc,heap        ] GC(1801) ParOldGen: 577430K(577536K)->577446K(577536K)
[672.684s][info][gc,metaspace   ] GC(1801) Metaspace: 35521K(36224K)->35521K(36224K) NonClass: 29248K(29760K)->29248K(29760K) Class: 6273K(6464K)->6273K(6464K)
[672.684s][info][gc             ] GC(1801) Pause Young (Allocation Failure) 842M->563M(866M) 1.972ms
[672.684s][info][gc,cpu         ] GC(1801) User=0.01s Sys=0.00s Real=0.00s
[672.885s][info][gc,start       ] GC(1802) Pause Young (Allocation Failure)
[672.887s][info][gc,heap        ] GC(1802) PSYoungGen: 288320K(309760K)->64K(309248K) Eden: 288256K(288256K)->0K(288256K) From: 64K(21504K)->64K(20992K)
[672.887s][info][gc,heap        ] GC(1802) ParOldGen: 577446K(577536K)->577446K(577536K)
[672.887s][info][gc,metaspace   ] GC(1802) Metaspace: 35521K(36224K)->35521K(36224K) NonClass: 29248K(29760K)->29248K(29760K) Class: 6273K(6464K)->6273K(6464K)
[672.887s][info][gc             ] GC(1802) Pause Young (Allocation Failure) 845M->563M(866M) 2.062ms
[672.887s][info][gc,cpu         ] GC(1802) User=0.00s Sys=0.00s Real=0.01s
[673.237s][info][gc,start       ] GC(1803) Pause Young (Allocation Failure)
[673.239s][info][gc,heap        ] GC(1803) PSYoungGen: 288320K(309248K)->64K(311808K) Eden: 288256K(288256K)->0K(292352K) From: 64K(20992K)->64K(19456K)
[673.239s][info][gc,heap        ] GC(1803) ParOldGen: 577446K(577536K)->577446K(577536K)
[673.239s][info][gc,metaspace   ] GC(1803) Metaspace: 35521K(36224K)->35521K(36224K) NonClass: 29248K(29760K)->29248K(29760K) Class: 6273K(6464K)->6273K(6464K)
[673.239s][info][gc             ] GC(1803) Pause Young (Allocation Failure) 845M->563M(868M) 2.023ms
[673.239s][info][gc,cpu         ] GC(1803) User=0.00s Sys=0.00s Real=0.00s
[673.330s][info][gc,start       ] GC(1804) Pause Young (Allocation Failure)
[673.332s][info][gc,heap        ] GC(1804) PSYoungGen: 292416K(311808K)->64K(311296K) Eden: 292352K(292352K)->0K(292352K) From: 64K(19456K)->64K(18944K)
[673.332s][info][gc,heap        ] GC(1804) ParOldGen: 577446K(577536K)->577454K(577536K)
[673.332s][info][gc,metaspace   ] GC(1804) Metaspace: 35521K(36224K)->35521K(36224K) NonClass: 29248K(29760K)->29248K(29760K) Class: 6273K(6464K)->6273K(6464K)
[673.332s][info][gc             ] GC(1804) Pause Young (Allocation Failure) 849M->563M(868M) 1.869ms
[673.332s][info][gc,cpu         ] GC(1804) User=0.01s Sys=0.00s Real=0.00s
[673.386s][info][gc,start       ] GC(1805) Pause Young (Allocation Failure)
[673.388s][info][gc,heap        ] GC(1805) PSYoungGen: 292416K(311296K)->64K(313856K) Eden: 292352K(292352K)->0K(296448K) From: 64K(18944K)->64K(17408K)
[673.388s][info][gc,heap        ] GC(1805) ParOldGen: 577454K(577536K)->577470K(577536K)
[673.388s][info][gc,metaspace   ] GC(1805) Metaspace: 35521K(36224K)->35521K(36224K) NonClass: 29248K(29760K)->29248K(29760K) Class: 6273K(6464K)->6273K(6464K)
[673.388s][info][gc             ] GC(1805) Pause Young (Allocation Failure) 849M->563M(870M) 1.843ms
[673.388s][info][gc,cpu         ] GC(1805) User=0.00s Sys=0.00s Real=0.01s
[673.537s][info][gc,start       ] GC(1806) Pause Young (Allocation Failure)
[673.539s][info][gc,heap        ] GC(1806) PSYoungGen: 296512K(313856K)->64K(313344K) Eden: 296448K(296448K)->0K(296448K) From: 64K(17408K)->64K(16896K)
[673.539s][info][gc,heap        ] GC(1806) ParOldGen: 577470K(577536K)->577470K(577536K)
[673.539s][info][gc,metaspace   ] GC(1806) Metaspace: 35521K(36224K)->35521K(36224K) NonClass: 29248K(29760K)->29248K(29760K) Class: 6273K(6464K)->6273K(6464K)
[673.539s][info][gc             ] GC(1806) Pause Young (Allocation Failure) 853M->563M(870M) 1.984ms
[673.539s][info][gc,cpu         ] GC(1806) User=0.00s Sys=0.00s Real=0.00s
[673.758s][info][gc,start       ] GC(1807) Pause Young (Allocation Failure)
[673.760s][info][gc,heap        ] GC(1807) PSYoungGen: 296512K(313344K)->64K(315904K) Eden: 296448K(296448K)->0K(300544K) From: 64K(16896K)->64K(15360K)
[673.760s][info][gc,heap        ] GC(1807) ParOldGen: 577470K(577536K)->577478K(577536K)
[673.760s][info][gc,metaspace   ] GC(1807) Metaspace: 35521K(36224K)->35521K(36224K) NonClass: 29248K(29760K)->29248K(29760K) Class: 6273K(6464K)->6273K(6464K)
[673.760s][info][gc             ] GC(1807) Pause Young (Allocation Failure) 853M->564M(872M) 2.156ms
[673.760s][info][gc,cpu         ] GC(1807) User=0.00s Sys=0.00s Real=0.00s
[673.910s][info][gc,start       ] GC(1808) Pause Young (Allocation Failure)
[673.912s][info][gc,heap        ] GC(1808) PSYoungGen: 300608K(315904K)->64K(315904K) Eden: 300544K(300544K)->0K(300544K) From: 64K(15360K)->64K(15360K)
[673.912s][info][gc,heap        ] GC(1808) ParOldGen: 577478K(577536K)->577486K(577536K)
[673.912s][info][gc,metaspace   ] GC(1808) Metaspace: 35522K(36224K)->35522K(36224K) NonClass: 29248K(29760K)->29248K(29760K) Class: 6273K(6464K)->6273K(6464K)
[673.912s][info][gc             ] GC(1808) Pause Young (Allocation Failure) 857M->564M(872M) 1.987ms
[673.912s][info][gc,cpu         ] GC(1808) User=0.01s Sys=0.00s Real=0.00s
[673.994s][info][gc,start       ] GC(1809) Pause Young (Allocation Failure)
[673.996s][info][gc,heap        ] GC(1809) PSYoungGen: 300608K(315904K)->64K(317440K) Eden: 300544K(300544K)->0K(304128K) From: 64K(15360K)->64K(13312K)
[673.996s][info][gc,heap        ] GC(1809) ParOldGen: 577486K(577536K)->577502K(577536K)
[673.996s][info][gc,metaspace   ] GC(1809) Metaspace: 35522K(36224K)->35522K(36224K) NonClass: 29248K(29760K)->29248K(29760K) Class: 6273K(6464K)->6273K(6464K)
[673.996s][info][gc             ] GC(1809) Pause Young (Allocation Failure) 857M->564M(874M) 2.006ms
[673.996s][info][gc,cpu         ] GC(1809) User=0.00s Sys=0.00s Real=0.00s
[674.171s][info][gc,start       ] GC(1810) Pause Young (Allocation Failure)
[674.173s][info][gc,heap        ] GC(1810) PSYoungGen: 304192K(317440K)->64K(317440K) Eden: 304128K(304128K)->0K(304128K) From: 64K(13312K)->64K(13312K)
[674.173s][info][gc,heap        ] GC(1810) ParOldGen: 577502K(577536K)->577502K(577536K)
[674.173s][info][gc,metaspace   ] GC(1810) Metaspace: 35522K(36224K)->35522K(36224K) NonClass: 29248K(29760K)->29248K(29760K) Class: 6273K(6464K)->6273K(6464K)
[674.173s][info][gc             ] GC(1810) Pause Young (Allocation Failure) 861M->564M(874M) 2.051ms
[674.173s][info][gc,cpu         ] GC(1810) User=0.01s Sys=0.00s Real=0.00s
[675.166s][info][gc,start       ] GC(1811) Pause Young (Allocation Failure)
[675.168s][info][gc,heap        ] GC(1811) PSYoungGen: 304192K(317440K)->51K(318976K) Eden: 304128K(304128K)->0K(307712K) From: 64K(13312K)->51K(11264K)
[675.168s][info][gc,heap        ] GC(1811) ParOldGen: 577502K(577536K)->577510K(577536K)
[675.168s][info][gc,metaspace   ] GC(1811) Metaspace: 35522K(36224K)->35522K(36224K) NonClass: 29248K(29760K)->29248K(29760K) Class: 6273K(6464K)->6273K(6464K)
[675.168s][info][gc             ] GC(1811) Pause Young (Allocation Failure) 861M->564M(875M) 2.427ms
[675.168s][info][gc,cpu         ] GC(1811) User=0.01s Sys=0.00s Real=0.01s
[676.093s][info][gc,start       ] GC(1812) Pause Young (Allocation Failure)
[676.095s][info][gc,heap        ] GC(1812) PSYoungGen: 307763K(318976K)->64K(319488K) Eden: 307712K(307712K)->0K(307712K) From: 51K(11264K)->64K(11776K)
[676.095s][info][gc,heap        ] GC(1812) ParOldGen: 577510K(577536K)->577518K(577536K)
[676.095s][info][gc,metaspace   ] GC(1812) Metaspace: 35522K(36224K)->35522K(36224K) NonClass: 29248K(29760K)->29248K(29760K) Class: 6273K(6464K)->6273K(6464K)
[676.095s][info][gc             ] GC(1812) Pause Young (Allocation Failure) 864M->564M(876M) 2.119ms
[676.095s][info][gc,cpu         ] GC(1812) User=0.00s Sys=0.00s Real=0.00s
[676.417s][info][gc,start       ] GC(1813) Pause Young (Allocation Failure)
[676.419s][info][gc,heap        ] GC(1813) PSYoungGen: 307776K(319488K)->64K(295936K) Eden: 307712K(307712K)->0K(295424K) From: 64K(11776K)->64K(512K)
[676.419s][info][gc,heap        ] GC(1813) ParOldGen: 577518K(577536K)->577526K(577536K)
[676.419s][info][gc,metaspace   ] GC(1813) Metaspace: 35522K(36224K)->35522K(36224K) NonClass: 29248K(29760K)->29248K(29760K) Class: 6273K(6464K)->6273K(6464K)
[676.419s][info][gc             ] GC(1813) Pause Young (Allocation Failure) 864M->564M(853M) 1.993ms
[676.419s][info][gc,cpu         ] GC(1813) User=0.01s Sys=0.00s Real=0.00s
[676.851s][info][gc,start       ] GC(1814) Pause Young (Allocation Failure)
[676.853s][info][gc,heap        ] GC(1814) PSYoungGen: 295488K(295936K)->64K(293888K) Eden: 295424K(295424K)->0K(283648K) From: 64K(512K)->64K(10240K)
[676.853s][info][gc,heap        ] GC(1814) ParOldGen: 577526K(577536K)->577534K(577536K)
[676.853s][info][gc,metaspace   ] GC(1814) Metaspace: 35522K(36224K)->35522K(36224K) NonClass: 29248K(29760K)->29248K(29760K) Class: 6273K(6464K)->6273K(6464K)
[676.853s][info][gc             ] GC(1814) Pause Young (Allocation Failure) 852M->564M(851M) 2.481ms
[676.853s][info][gc,cpu         ] GC(1814) User=0.00s Sys=0.00s Real=0.00s
[677.827s][info][gc,start       ] GC(1815) Pause Young (Allocation Failure)
[677.830s][info][gc,heap        ] GC(1815) PSYoungGen: 283712K(293888K)->64K(272896K) Eden: 283648K(283648K)->0K(272384K) From: 64K(10240K)->64K(512K)
[677.830s][info][gc,heap        ] GC(1815) ParOldGen: 577534K(577536K)->577550K(578048K)
[677.830s][info][gc,metaspace   ] GC(1815) Metaspace: 35522K(36224K)->35522K(36224K) NonClass: 29248K(29760K)->29248K(29760K) Class: 6273K(6464K)->6273K(6464K)
[677.830s][info][gc             ] GC(1815) Pause Young (Allocation Failure) 841M->564M(831M) 2.672ms
[677.830s][info][gc,cpu         ] GC(1815) User=0.00s Sys=0.00s Real=0.00s
[678.207s][info][gc,start       ] GC(1816) Pause Young (Allocation Failure)
[678.209s][info][gc,heap        ] GC(1816) PSYoungGen: 272448K(272896K)->64K(270848K) Eden: 272384K(272384K)->0K(261632K) From: 64K(512K)->64K(9216K)
[678.209s][info][gc,heap        ] GC(1816) ParOldGen: 577550K(578048K)->577558K(578048K)
[678.209s][info][gc,metaspace   ] GC(1816) Metaspace: 35522K(36224K)->35522K(36224K) NonClass: 29248K(29760K)->29248K(29760K) Class: 6273K(6464K)->6273K(6464K)
[678.209s][info][gc             ] GC(1816) Pause Young (Allocation Failure) 830M->564M(829M) 1.855ms
[678.209s][info][gc,cpu         ] GC(1816) User=0.00s Sys=0.00s Real=0.00s
[678.300s][info][gc,start       ] GC(1817) Pause Young (Allocation Failure)
[678.302s][info][gc,heap        ] GC(1817) PSYoungGen: 261696K(270848K)->64K(251904K) Eden: 261632K(261632K)->0K(251392K) From: 64K(9216K)->64K(512K)
[678.302s][info][gc,heap        ] GC(1817) ParOldGen: 577558K(578048K)->577566K(578048K)
[678.302s][info][gc,metaspace   ] GC(1817) Metaspace: 35522K(36224K)->35522K(36224K) NonClass: 29248K(29760K)->29248K(29760K) Class: 6273K(6464K)->6273K(6464K)
[678.302s][info][gc             ] GC(1817) Pause Young (Allocation Failure) 819M->564M(810M) 2.336ms
[678.302s][info][gc,cpu         ] GC(1817) User=0.00s Sys=0.00s Real=0.00s
[678.739s][info][gc,start       ] GC(1818) Pause Young (Allocation Failure)
[678.741s][info][gc,heap        ] GC(1818) PSYoungGen: 251456K(251904K)->64K(249344K) Eden: 251392K(251392K)->0K(241664K) From: 64K(512K)->64K(7680K)
[678.741s][info][gc,heap        ] GC(1818) ParOldGen: 577566K(578048K)->577574K(578048K)
[678.741s][info][gc,metaspace   ] GC(1818) Metaspace: 35522K(36224K)->35522K(36224K) NonClass: 29248K(29760K)->29248K(29760K) Class: 6273K(6464K)->6273K(6464K)
[678.741s][info][gc             ] GC(1818) Pause Young (Allocation Failure) 809M->564M(808M) 1.842ms
[678.741s][info][gc,cpu         ] GC(1818) User=0.00s Sys=0.00s Real=0.00s
[679.054s][info][gc,start       ] GC(1819) Pause Young (Allocation Failure)
[679.056s][info][gc,heap        ] GC(1819) PSYoungGen: 241728K(249344K)->64K(232960K) Eden: 241664K(241664K)->0K(232448K) From: 64K(7680K)->64K(512K)
[679.056s][info][gc,heap        ] GC(1819) ParOldGen: 577574K(578048K)->577582K(578048K)
[679.056s][info][gc,metaspace   ] GC(1819) Metaspace: 35522K(36224K)->35522K(36224K) NonClass: 29248K(29760K)->29248K(29760K) Class: 6273K(6464K)->6273K(6464K)
[679.056s][info][gc             ] GC(1819) Pause Young (Allocation Failure) 800M->564M(792M) 2.346ms
[679.056s][info][gc,cpu         ] GC(1819) User=0.01s Sys=0.00s Real=0.00s
[679.445s][info][gc,start       ] GC(1820) Pause Young (Allocation Failure)
[679.457s][info][gc,heap        ] GC(1820) PSYoungGen: 232512K(232960K)->6656K(282624K) Eden: 232448K(232448K)->0K(275968K) From: 64K(512K)->6656K(6656K)
[679.457s][info][gc,heap        ] GC(1820) ParOldGen: 577582K(578048K)->577758K(578048K)
[679.457s][info][gc,metaspace   ] GC(1820) Metaspace: 35522K(36224K)->35522K(36224K) NonClass: 29248K(29760K)->29248K(29760K) Class: 6273K(6464K)->6273K(6464K)
[679.457s][info][gc             ] GC(1820) Pause Young (Allocation Failure) 791M->570M(840M) 11.300ms
[679.457s][info][gc,cpu         ] GC(1820) User=0.03s Sys=0.00s Real=0.02s
[679.763s][info][gc,start       ] GC(1821) Pause Young (Allocation Failure)
[679.822s][info][gc,heap        ] GC(1821) PSYoungGen: 282624K(282624K)->6656K(281088K) Eden: 275968K(275968K)->0K(274432K) From: 6656K(6656K)->6656K(6656K)
[679.822s][info][gc,heap        ] GC(1821) ParOldGen: 577758K(578048K)->600230K(600576K)
[679.822s][info][gc,metaspace   ] GC(1821) Metaspace: 35522K(36224K)->35522K(36224K) NonClass: 29248K(29760K)->29248K(29760K) Class: 6273K(6464K)->6273K(6464K)
[679.822s][info][gc             ] GC(1821) Pause Young (Allocation Failure) 840M->592M(861M) 59.308ms
[679.822s][info][gc,cpu         ] GC(1821) User=0.11s Sys=0.01s Real=0.06s
[680.129s][info][gc,start       ] GC(1822) Pause Young (Allocation Failure)
[680.186s][info][gc,heap        ] GC(1822) PSYoungGen: 281088K(281088K)->17920K(292352K) Eden: 274432K(274432K)->0K(274432K) From: 6656K(6656K)->17920K(17920K)
[680.186s][info][gc,heap        ] GC(1822) ParOldGen: 600230K(600576K)->612086K(612352K)
[680.186s][info][gc,metaspace   ] GC(1822) Metaspace: 35522K(36224K)->35522K(36224K) NonClass: 29248K(29760K)->29248K(29760K) Class: 6273K(6464K)->6273K(6464K)
[680.186s][info][gc             ] GC(1822) Pause Young (Allocation Failure) 860M->615M(883M) 57.600ms
[680.186s][info][gc,cpu         ] GC(1822) User=0.11s Sys=0.01s Real=0.05s
[680.290s][info][gc,start       ] GC(1823) Pause Young (Allocation Failure)
[680.304s][info][gc,heap        ] GC(1823) PSYoungGen: 292352K(292352K)->4096K(309248K) Eden: 274432K(274432K)->0K(283136K) From: 17920K(17920K)->4096K(26112K)
[680.304s][info][gc,heap        ] GC(1823) ParOldGen: 612086K(612352K)->612502K(612864K)
[680.304s][info][gc,metaspace   ] GC(1823) Metaspace: 35522K(36224K)->35522K(36224K) NonClass: 29248K(29760K)->29248K(29760K) Class: 6273K(6464K)->6273K(6464K)
[680.304s][info][gc             ] GC(1823) Pause Young (Allocation Failure) 883M->602M(900M) 13.125ms
[680.304s][info][gc,cpu         ] GC(1823) User=0.02s Sys=0.00s Real=0.01s
[680.822s][info][gc,start       ] GC(1824) Pause Young (Allocation Failure)
[680.824s][info][gc,heap        ] GC(1824) PSYoungGen: 287232K(309248K)->64K(283648K) Eden: 283136K(283136K)->0K(283136K) From: 4096K(26112K)->64K(512K)
[680.824s][info][gc,heap        ] GC(1824) ParOldGen: 612502K(612864K)->612510K(612864K)
[680.824s][info][gc,metaspace   ] GC(1824) Metaspace: 35522K(36224K)->35522K(36224K) NonClass: 29248K(29760K)->29248K(29760K) Class: 6273K(6464K)->6273K(6464K)
[680.824s][info][gc             ] GC(1824) Pause Young (Allocation Failure) 878M->598M(875M) 1.999ms
[680.824s][info][gc,cpu         ] GC(1824) User=0.00s Sys=0.00s Real=0.00s
[681.350s][info][gc,start       ] GC(1825) Pause Young (Allocation Failure)
[681.352s][info][gc,heap        ] GC(1825) PSYoungGen: 283200K(283648K)->64K(308224K) Eden: 283136K(283136K)->0K(284160K) From: 64K(512K)->64K(24064K)
[681.352s][info][gc,heap        ] GC(1825) ParOldGen: 612510K(612864K)->612518K(612864K)
[681.352s][info][gc,metaspace   ] GC(1825) Metaspace: 35522K(36224K)->35522K(36224K) NonClass: 29248K(29760K)->29248K(29760K) Class: 6273K(6464K)->6273K(6464K)
[681.352s][info][gc             ] GC(1825) Pause Young (Allocation Failure) 874M->598M(899M) 2.008ms
[681.352s][info][gc,cpu         ] GC(1825) User=0.01s Sys=0.00s Real=0.00s
[681.778s][info][gc,start       ] GC(1826) Pause Young (Allocation Failure)
[681.780s][info][gc,heap        ] GC(1826) PSYoungGen: 284224K(308224K)->64K(307200K) Eden: 284160K(284160K)->0K(284160K) From: 64K(24064K)->64K(23040K)
[681.780s][info][gc,heap        ] GC(1826) ParOldGen: 612518K(612864K)->612534K(612864K)
[681.780s][info][gc,metaspace   ] GC(1826) Metaspace: 35522K(36224K)->35522K(36224K) NonClass: 29248K(29760K)->29248K(29760K) Class: 6273K(6464K)->6273K(6464K)
[681.780s][info][gc             ] GC(1826) Pause Young (Allocation Failure) 875M->598M(898M) 2.017ms
[681.780s][info][gc,cpu         ] GC(1826) User=0.01s Sys=0.00s Real=0.00s
[681.972s][info][gc,start       ] GC(1827) Pause Young (Allocation Failure)
[681.974s][info][gc,heap        ] GC(1827) PSYoungGen: 284224K(307200K)->64K(309248K) Eden: 284160K(284160K)->0K(287232K) From: 64K(23040K)->64K(22016K)
[681.974s][info][gc,heap        ] GC(1827) ParOldGen: 612534K(612864K)->612550K(612864K)
[681.974s][info][gc,metaspace   ] GC(1827) Metaspace: 35522K(36224K)->35522K(36224K) NonClass: 29248K(29760K)->29248K(29760K) Class: 6273K(6464K)->6273K(6464K)
[681.974s][info][gc             ] GC(1827) Pause Young (Allocation Failure) 875M->598M(900M) 1.984ms
[681.974s][info][gc,cpu         ] GC(1827) User=0.00s Sys=0.00s Real=0.00s
[682.169s][info][gc,start       ] GC(1828) Pause Young (Allocation Failure)
[682.171s][info][gc,heap        ] GC(1828) PSYoungGen: 287296K(309248K)->64K(308736K) Eden: 287232K(287232K)->0K(287232K) From: 64K(22016K)->64K(21504K)
[682.171s][info][gc,heap        ] GC(1828) ParOldGen: 612550K(612864K)->612550K(612864K)
[682.171s][info][gc,metaspace   ] GC(1828) Metaspace: 35522K(36224K)->35522K(36224K) NonClass: 29248K(29760K)->29248K(29760K) Class: 6273K(6464K)->6273K(6464K)
[682.171s][info][gc             ] GC(1828) Pause Young (Allocation Failure) 878M->598M(900M) 1.971ms
[682.171s][info][gc,cpu         ] GC(1828) User=0.01s Sys=0.00s Real=0.00s
[682.519s][info][gc,start       ] GC(1829) Pause Young (Allocation Failure)
[682.521s][info][gc,heap        ] GC(1829) PSYoungGen: 287296K(308736K)->64K(311296K) Eden: 287232K(287232K)->0K(291328K) From: 64K(21504K)->64K(19968K)
[682.521s][info][gc,heap        ] GC(1829) ParOldGen: 612550K(612864K)->612550K(612864K)
[682.521s][info][gc,metaspace   ] GC(1829) Metaspace: 35522K(36224K)->35522K(36224K) NonClass: 29248K(29760K)->29248K(29760K) Class: 6273K(6464K)->6273K(6464K)
[682.521s][info][gc             ] GC(1829) Pause Young (Allocation Failure) 878M->598M(902M) 2.009ms
[682.521s][info][gc,cpu         ] GC(1829) User=0.01s Sys=0.00s Real=0.00s
[682.601s][info][gc,start       ] GC(1830) Pause Young (Allocation Failure)
[682.603s][info][gc,heap        ] GC(1830) PSYoungGen: 291392K(311296K)->64K(310784K) Eden: 291328K(291328K)->0K(291328K) From: 64K(19968K)->64K(19456K)
[682.603s][info][gc,heap        ] GC(1830) ParOldGen: 612550K(612864K)->612558K(612864K)
[682.603s][info][gc,metaspace   ] GC(1830) Metaspace: 35522K(36224K)->35522K(36224K) NonClass: 29248K(29760K)->29248K(29760K) Class: 6273K(6464K)->6273K(6464K)
[682.603s][info][gc             ] GC(1830) Pause Young (Allocation Failure) 882M->598M(902M) 1.960ms
[682.603s][info][gc,cpu         ] GC(1830) User=0.00s Sys=0.00s Real=0.00s
[682.656s][info][gc,start       ] GC(1831) Pause Young (Allocation Failure)
[682.658s][info][gc,heap        ] GC(1831) PSYoungGen: 291391K(310784K)->64K(313344K) Eden: 291327K(291328K)->0K(295424K) From: 64K(19456K)->64K(17920K)
[682.658s][info][gc,heap        ] GC(1831) ParOldGen: 612558K(612864K)->612574K(612864K)
[682.658s][info][gc,metaspace   ] GC(1831) Metaspace: 35522K(36224K)->35522K(36224K) NonClass: 29248K(29760K)->29248K(29760K) Class: 6273K(6464K)->6273K(6464K)
[682.658s][info][gc             ] GC(1831) Pause Young (Allocation Failure) 882M->598M(904M) 1.902ms
[682.658s][info][gc,cpu         ] GC(1831) User=0.01s Sys=0.00s Real=0.01s
[682.809s][info][gc,start       ] GC(1832) Pause Young (Allocation Failure)
[682.810s][info][gc,heap        ] GC(1832) PSYoungGen: 295487K(313344K)->64K(312832K) Eden: 295423K(295424K)->0K(295424K) From: 64K(17920K)->64K(17408K)
[682.810s][info][gc,heap        ] GC(1832) ParOldGen: 612574K(612864K)->612574K(612864K)
[682.810s][info][gc,metaspace   ] GC(1832) Metaspace: 35522K(36224K)->35522K(36224K) NonClass: 29248K(29760K)->29248K(29760K) Class: 6273K(6464K)->6273K(6464K)
[682.810s][info][gc             ] GC(1832) Pause Young (Allocation Failure) 886M->598M(904M) 1.937ms
[682.810s][info][gc,cpu         ] GC(1832) User=0.00s Sys=0.00s Real=0.00s
[683.021s][info][gc,start       ] GC(1833) Pause Young (Allocation Failure)
[683.023s][info][gc,heap        ] GC(1833) PSYoungGen: 295488K(312832K)->64K(315392K) Eden: 295424K(295424K)->0K(299520K) From: 64K(17408K)->64K(15872K)
[683.023s][info][gc,heap        ] GC(1833) ParOldGen: 612574K(612864K)->612582K(612864K)
[683.023s][info][gc,metaspace   ] GC(1833) Metaspace: 35522K(36224K)->35522K(36224K) NonClass: 29248K(29760K)->29248K(29760K) Class: 6273K(6464K)->6273K(6464K)
[683.023s][info][gc             ] GC(1833) Pause Young (Allocation Failure) 886M->598M(906M) 2.005ms
[683.023s][info][gc,cpu         ] GC(1833) User=0.00s Sys=0.00s Real=0.00s
[683.166s][info][gc,start       ] GC(1834) Pause Young (Allocation Failure)
[683.168s][info][gc,heap        ] GC(1834) PSYoungGen: 299584K(315392K)->64K(314880K) Eden: 299520K(299520K)->0K(299520K) From: 64K(15872K)->64K(15360K)
[683.168s][info][gc,heap        ] GC(1834) ParOldGen: 612582K(612864K)->612590K(612864K)
[683.168s][info][gc,metaspace   ] GC(1834) Metaspace: 35522K(36224K)->35522K(36224K) NonClass: 29248K(29760K)->29248K(29760K) Class: 6273K(6464K)->6273K(6464K)
[683.168s][info][gc             ] GC(1834) Pause Young (Allocation Failure) 890M->598M(906M) 1.998ms
[683.168s][info][gc,cpu         ] GC(1834) User=0.01s Sys=0.00s Real=0.01s
[683.248s][info][gc,start       ] GC(1835) Pause Young (Allocation Failure)
[683.250s][info][gc,heap        ] GC(1835) PSYoungGen: 299584K(314880K)->64K(317440K) Eden: 299520K(299520K)->0K(303104K) From: 64K(15360K)->64K(14336K)
[683.250s][info][gc,heap        ] GC(1835) ParOldGen: 612590K(612864K)->612598K(612864K)
[683.250s][info][gc,metaspace   ] GC(1835) Metaspace: 35522K(36224K)->35522K(36224K) NonClass: 29248K(29760K)->29248K(29760K) Class: 6273K(6464K)->6273K(6464K)
[683.250s][info][gc             ] GC(1835) Pause Young (Allocation Failure) 890M->598M(908M) 1.901ms
[683.250s][info][gc,cpu         ] GC(1835) User=0.00s Sys=0.00s Real=0.00s
[683.425s][info][gc,start       ] GC(1836) Pause Young (Allocation Failure)
[683.427s][info][gc,heap        ] GC(1836) PSYoungGen: 303168K(317440K)->64K(316928K) Eden: 303104K(303104K)->0K(303104K) From: 64K(14336K)->64K(13824K)
[683.427s][info][gc,heap        ] GC(1836) ParOldGen: 612598K(612864K)->612606K(612864K)
[683.427s][info][gc,metaspace   ] GC(1836) Metaspace: 35522K(36224K)->35522K(36224K) NonClass: 29248K(29760K)->29248K(29760K) Class: 6273K(6464K)->6273K(6464K)
[683.427s][info][gc             ] GC(1836) Pause Young (Allocation Failure) 894M->598M(908M) 1.968ms
[683.427s][info][gc,cpu         ] GC(1836) User=0.00s Sys=0.00s Real=0.01s
[684.389s][info][gc,start       ] GC(1837) Pause Young (Allocation Failure)
[684.391s][info][gc,heap        ] GC(1837) PSYoungGen: 303168K(316928K)->64K(318976K) Eden: 303104K(303104K)->0K(306688K) From: 64K(13824K)->64K(12288K)
[684.391s][info][gc,heap        ] GC(1837) ParOldGen: 612606K(612864K)->612614K(612864K)
[684.391s][info][gc,metaspace   ] GC(1837) Metaspace: 35522K(36224K)->35522K(36224K) NonClass: 29248K(29760K)->29248K(29760K) Class: 6273K(6464K)->6273K(6464K)
[684.391s][info][gc             ] GC(1837) Pause Young (Allocation Failure) 894M->598M(910M) 1.989ms
[684.391s][info][gc,cpu         ] GC(1837) User=0.01s Sys=0.00s Real=0.00s
[685.290s][info][gc,start       ] GC(1838) Pause Young (Allocation Failure)
[685.292s][info][gc,heap        ] GC(1838) PSYoungGen: 306752K(318976K)->64K(318464K) Eden: 306688K(306688K)->0K(306688K) From: 64K(12288K)->64K(11776K)
[685.292s][info][gc,heap        ] GC(1838) ParOldGen: 612614K(612864K)->612622K(612864K)
[685.292s][info][gc,metaspace   ] GC(1838) Metaspace: 35522K(36224K)->35522K(36224K) NonClass: 29248K(29760K)->29248K(29760K) Class: 6273K(6464K)->6273K(6464K)
[685.292s][info][gc             ] GC(1838) Pause Young (Allocation Failure) 897M->598M(909M) 1.996ms
[685.292s][info][gc,cpu         ] GC(1838) User=0.00s Sys=0.00s Real=0.00s
[685.616s][info][gc,start       ] GC(1839) Pause Young (Allocation Failure)
[685.618s][info][gc,heap        ] GC(1839) PSYoungGen: 306752K(318464K)->64K(294912K) Eden: 306688K(306688K)->0K(294400K) From: 64K(11776K)->64K(512K)
[685.618s][info][gc,heap        ] GC(1839) ParOldGen: 612622K(612864K)->612630K(612864K)
[685.618s][info][gc,metaspace   ] GC(1839) Metaspace: 35522K(36224K)->35522K(36224K) NonClass: 29248K(29760K)->29248K(29760K) Class: 6273K(6464K)->6273K(6464K)
[685.618s][info][gc             ] GC(1839) Pause Young (Allocation Failure) 897M->598M(886M) 2.042ms
[685.618s][info][gc,cpu         ] GC(1839) User=0.01s Sys=0.00s Real=0.01s
[686.051s][info][gc,start       ] GC(1840) Pause Young (Allocation Failure)
[686.053s][info][gc,heap        ] GC(1840) PSYoungGen: 294464K(294912K)->64K(292864K) Eden: 294400K(294400K)->0K(282624K) From: 64K(512K)->64K(10240K)
[686.053s][info][gc,heap        ] GC(1840) ParOldGen: 612630K(612864K)->612638K(612864K)
[686.053s][info][gc,metaspace   ] GC(1840) Metaspace: 35522K(36224K)->35522K(36224K) NonClass: 29248K(29760K)->29248K(29760K) Class: 6273K(6464K)->6273K(6464K)
[686.053s][info][gc             ] GC(1840) Pause Young (Allocation Failure) 885M->598M(884M) 1.970ms
[686.053s][info][gc,cpu         ] GC(1840) User=0.00s Sys=0.00s Real=0.00s
[687.038s][info][gc,start       ] GC(1841) Pause Young (Allocation Failure)
[687.040s][info][gc,heap        ] GC(1841) PSYoungGen: 282688K(292864K)->64K(271872K) Eden: 282624K(282624K)->0K(271360K) From: 64K(10240K)->64K(512K)
[687.040s][info][gc,heap        ] GC(1841) ParOldGen: 612638K(612864K)->612646K(612864K)
[687.040s][info][gc,metaspace   ] GC(1841) Metaspace: 35522K(36224K)->35522K(36224K) NonClass: 29248K(29760K)->29248K(29760K) Class: 6273K(6464K)->6273K(6464K)
[687.040s][info][gc             ] GC(1841) Pause Young (Allocation Failure) 874M->598M(864M) 2.045ms
[687.040s][info][gc,cpu         ] GC(1841) User=0.01s Sys=0.00s Real=0.00s
[687.420s][info][gc,start       ] GC(1842) Pause Young (Allocation Failure)
[687.422s][info][gc,heap        ] GC(1842) PSYoungGen: 271424K(271872K)->64K(269824K) Eden: 271360K(271360K)->0K(260608K) From: 64K(512K)->64K(9216K)
[687.422s][info][gc,heap        ] GC(1842) ParOldGen: 612646K(612864K)->612654K(612864K)
[687.422s][info][gc,metaspace   ] GC(1842) Metaspace: 35522K(36224K)->35522K(36224K) NonClass: 29248K(29760K)->29248K(29760K) Class: 6273K(6464K)->6273K(6464K)
[687.422s][info][gc             ] GC(1842) Pause Young (Allocation Failure) 863M->598M(862M) 2.037ms
[687.422s][info][gc,cpu         ] GC(1842) User=0.01s Sys=0.00s Real=0.00s
[687.514s][info][gc,start       ] GC(1843) Pause Young (Allocation Failure)
[687.517s][info][gc,heap        ] GC(1843) PSYoungGen: 260672K(269824K)->64K(250880K) Eden: 260608K(260608K)->0K(250368K) From: 64K(9216K)->64K(512K)
[687.517s][info][gc,heap        ] GC(1843) ParOldGen: 612654K(612864K)->612662K(612864K)
[687.517s][info][gc,metaspace   ] GC(1843) Metaspace: 35522K(36224K)->35522K(36224K) NonClass: 29248K(29760K)->29248K(29760K) Class: 6273K(6464K)->6273K(6464K)
[687.517s][info][gc             ] GC(1843) Pause Young (Allocation Failure) 852M->598M(843M) 2.379ms
[687.517s][info][gc,cpu         ] GC(1843) User=0.00s Sys=0.00s Real=0.01s
[687.949s][info][gc,start       ] GC(1844) Pause Young (Allocation Failure)
[687.951s][info][gc,heap        ] GC(1844) PSYoungGen: 250432K(250880K)->64K(248320K) Eden: 250368K(250368K)->0K(240640K) From: 64K(512K)->64K(7680K)
[687.951s][info][gc,heap        ] GC(1844) ParOldGen: 612662K(612864K)->612670K(612864K)
[687.951s][info][gc,metaspace   ] GC(1844) Metaspace: 35522K(36224K)->35522K(36224K) NonClass: 29248K(29760K)->29248K(29760K) Class: 6273K(6464K)->6273K(6464K)
[687.951s][info][gc             ] GC(1844) Pause Young (Allocation Failure) 842M->598M(841M) 1.959ms
[687.951s][info][gc,cpu         ] GC(1844) User=0.01s Sys=0.00s Real=0.00s
[688.266s][info][gc,start       ] GC(1845) Pause Young (Allocation Failure)
[688.269s][info][gc,heap        ] GC(1845) PSYoungGen: 240704K(248320K)->64K(231936K) Eden: 240640K(240640K)->0K(231424K) From: 64K(7680K)->64K(512K)
[688.269s][info][gc,heap        ] GC(1845) ParOldGen: 612670K(612864K)->612678K(612864K)
[688.269s][info][gc,metaspace   ] GC(1845) Metaspace: 35522K(36224K)->35522K(36224K) NonClass: 29248K(29760K)->29248K(29760K) Class: 6273K(6464K)->6273K(6464K)
[688.269s][info][gc             ] GC(1845) Pause Young (Allocation Failure) 833M->598M(825M) 2.650ms
[688.269s][info][gc,cpu         ] GC(1845) User=0.00s Sys=0.00s Real=0.01s
[688.661s][info][gc,start       ] GC(1846) Pause Young (Allocation Failure)
[688.672s][info][gc,heap        ] GC(1846) PSYoungGen: 231488K(231936K)->6272K(281600K) Eden: 231424K(231424K)->0K(274944K) From: 64K(512K)->6272K(6656K)
[688.672s][info][gc,heap        ] GC(1846) ParOldGen: 612678K(612864K)->612694K(612864K)
[688.672s][info][gc,metaspace   ] GC(1846) Metaspace: 35522K(36224K)->35522K(36224K) NonClass: 29248K(29760K)->29248K(29760K) Class: 6273K(6464K)->6273K(6464K)
[688.672s][info][gc             ] GC(1846) Pause Young (Allocation Failure) 824M->604M(873M) 10.910ms
[688.672s][info][gc,cpu         ] GC(1846) User=0.02s Sys=0.00s Real=0.01s
[688.976s][info][gc,start       ] GC(1847) Pause Young (Allocation Failure)
[689.035s][info][gc,heap        ] GC(1847) PSYoungGen: 281216K(281600K)->6656K(279552K) Eden: 274944K(274944K)->0K(272896K) From: 6272K(6656K)->6656K(6656K)
[689.035s][info][gc,heap        ] GC(1847) ParOldGen: 612694K(612864K)->635054K(635392K)
[689.035s][info][gc,metaspace   ] GC(1847) Metaspace: 35522K(36224K)->35522K(36224K) NonClass: 29248K(29760K)->29248K(29760K) Class: 6273K(6464K)->6273K(6464K)
[689.035s][info][gc             ] GC(1847) Pause Young (Allocation Failure) 872M->626M(893M) 58.806ms
[689.035s][info][gc,cpu         ] GC(1847) User=0.10s Sys=0.02s Real=0.06s
[689.339s][info][gc,start       ] GC(1848) Pause Young (Allocation Failure)
[689.395s][info][gc,heap        ] GC(1848) PSYoungGen: 279552K(279552K)->17920K(290816K) Eden: 272896K(272896K)->0K(272896K) From: 6656K(6656K)->17920K(17920K)
[689.395s][info][gc,heap        ] GC(1848) ParOldGen: 635054K(635392K)->646742K(647168K)
[689.395s][info][gc,metaspace   ] GC(1848) Metaspace: 35522K(36224K)->35522K(36224K) NonClass: 29248K(29760K)->29248K(29760K) Class: 6273K(6464K)->6273K(6464K)
[689.395s][info][gc             ] GC(1848) Pause Young (Allocation Failure) 893M->649M(916M) 56.663ms
[689.395s][info][gc,cpu         ] GC(1848) User=0.10s Sys=0.00s Real=0.05s
[689.505s][info][gc,start       ] GC(1849) Pause Young (Allocation Failure)
[689.519s][info][gc,heap        ] GC(1849) PSYoungGen: 290816K(290816K)->4960K(309248K) Eden: 272896K(272896K)->0K(283136K) From: 17920K(17920K)->4960K(26112K)
[689.519s][info][gc,heap        ] GC(1849) ParOldGen: 646742K(647168K)->647158K(647168K)
[689.519s][info][gc,metaspace   ] GC(1849) Metaspace: 35522K(36224K)->35522K(36224K) NonClass: 29248K(29760K)->29248K(29760K) Class: 6273K(6464K)->6273K(6464K)
[689.519s][info][gc             ] GC(1849) Pause Young (Allocation Failure) 915M->636M(934M) 14.466ms
[689.519s][info][gc,cpu         ] GC(1849) User=0.02s Sys=0.01s Real=0.02s
[690.013s][info][gc,start       ] GC(1850) Pause Young (Allocation Failure)
[690.015s][info][gc,heap        ] GC(1850) PSYoungGen: 288096K(309248K)->64K(283648K) Eden: 283136K(283136K)->0K(283136K) From: 4960K(26112K)->64K(512K)
[690.015s][info][gc,heap        ] GC(1850) ParOldGen: 647158K(647168K)->647166K(647168K)
[690.015s][info][gc,metaspace   ] GC(1850) Metaspace: 35522K(36224K)->35522K(36224K) NonClass: 29248K(29760K)->29248K(29760K) Class: 6273K(6464K)->6273K(6464K)
[690.015s][info][gc             ] GC(1850) Pause Young (Allocation Failure) 913M->632M(909M) 2.025ms
[690.015s][info][gc,cpu         ] GC(1850) User=0.00s Sys=0.00s Real=0.00s
[690.561s][info][gc,start       ] GC(1851) Pause Young (Allocation Failure)
[690.563s][info][gc,heap        ] GC(1851) PSYoungGen: 283200K(283648K)->64K(307200K) Eden: 283136K(283136K)->0K(283648K) From: 64K(512K)->64K(23552K)
[690.563s][info][gc,heap        ] GC(1851) ParOldGen: 647166K(647168K)->647182K(647680K)
[690.563s][info][gc,metaspace   ] GC(1851) Metaspace: 35522K(36224K)->35522K(36224K) NonClass: 29248K(29760K)->29248K(29760K) Class: 6273K(6464K)->6273K(6464K)
[690.563s][info][gc             ] GC(1851) Pause Young (Allocation Failure) 908M->632M(932M) 2.057ms
[690.563s][info][gc,cpu         ] GC(1851) User=0.00s Sys=0.00s Real=0.00s
[690.995s][info][gc,start       ] GC(1852) Pause Young (Allocation Failure)
[690.997s][info][gc,heap        ] GC(1852) PSYoungGen: 283712K(307200K)->64K(306688K) Eden: 283648K(283648K)->0K(283648K) From: 64K(23552K)->64K(23040K)
[690.997s][info][gc,heap        ] GC(1852) ParOldGen: 647182K(647680K)->647198K(647680K)
[690.997s][info][gc,metaspace   ] GC(1852) Metaspace: 35522K(36224K)->35522K(36224K) NonClass: 29248K(29760K)->29248K(29760K) Class: 6273K(6464K)->6273K(6464K)
[690.997s][info][gc             ] GC(1852) Pause Young (Allocation Failure) 909M->632M(932M) 2.067ms
[690.997s][info][gc,cpu         ] GC(1852) User=0.01s Sys=0.00s Real=0.01s
[691.189s][info][gc,start       ] GC(1853) Pause Young (Allocation Failure)
[691.191s][info][gc,heap        ] GC(1853) PSYoungGen: 283712K(306688K)->64K(309760K) Eden: 283648K(283648K)->0K(288256K) From: 64K(23040K)->64K(21504K)
[691.191s][info][gc,heap        ] GC(1853) ParOldGen: 647198K(647680K)->647214K(647680K)
[691.191s][info][gc,metaspace   ] GC(1853) Metaspace: 35522K(36224K)->35522K(36224K) NonClass: 29248K(29760K)->29248K(29760K) Class: 6273K(6464K)->6273K(6464K)
[691.191s][info][gc             ] GC(1853) Pause Young (Allocation Failure) 909M->632M(935M) 2.077ms
[691.192s][info][gc,cpu         ] GC(1853) User=0.00s Sys=0.00s Real=0.00s
[691.388s][info][gc,start       ] GC(1854) Pause Young (Allocation Failure)
[691.390s][info][gc,heap        ] GC(1854) PSYoungGen: 288320K(309760K)->64K(309248K) Eden: 288256K(288256K)->0K(288256K) From: 64K(21504K)->64K(20992K)
[691.390s][info][gc,heap        ] GC(1854) ParOldGen: 647214K(647680K)->647214K(647680K)
[691.390s][info][gc,metaspace   ] GC(1854) Metaspace: 35522K(36224K)->35522K(36224K) NonClass: 29248K(29760K)->29248K(29760K) Class: 6273K(6464K)->6273K(6464K)
[691.390s][info][gc             ] GC(1854) Pause Young (Allocation Failure) 913M->632M(934M) 2.021ms
[691.390s][info][gc,cpu         ] GC(1854) User=0.00s Sys=0.00s Real=0.00s
[691.735s][info][gc,start       ] GC(1855) Pause Young (Allocation Failure)
[691.737s][info][gc,heap        ] GC(1855) PSYoungGen: 288320K(309248K)->64K(311808K) Eden: 288256K(288256K)->0K(292352K) From: 64K(20992K)->64K(19456K)
[691.737s][info][gc,heap        ] GC(1855) ParOldGen: 647214K(647680K)->647214K(647680K)
[691.737s][info][gc,metaspace   ] GC(1855) Metaspace: 35522K(36224K)->35522K(36224K) NonClass: 29248K(29760K)->29248K(29760K) Class: 6273K(6464K)->6273K(6464K)
[691.737s][info][gc             ] GC(1855) Pause Young (Allocation Failure) 913M->632M(937M) 2.063ms
[691.737s][info][gc,cpu         ] GC(1855) User=0.01s Sys=0.00s Real=0.01s
[691.825s][info][gc,start       ] GC(1856) Pause Young (Allocation Failure)
[691.827s][info][gc,heap        ] GC(1856) PSYoungGen: 292416K(311808K)->64K(311296K) Eden: 292352K(292352K)->0K(292352K) From: 64K(19456K)->64K(18944K)
[691.827s][info][gc,heap        ] GC(1856) ParOldGen: 647214K(647680K)->647222K(647680K)
[691.827s][info][gc,metaspace   ] GC(1856) Metaspace: 35522K(36224K)->35522K(36224K) NonClass: 29248K(29760K)->29248K(29760K) Class: 6273K(6464K)->6273K(6464K)
[691.827s][info][gc             ] GC(1856) Pause Young (Allocation Failure) 917M->632M(936M) 2.052ms
[691.827s][info][gc,cpu         ] GC(1856) User=0.01s Sys=0.00s Real=0.01s
[691.881s][info][gc,start       ] GC(1857) Pause Young (Allocation Failure)
[691.883s][info][gc,heap        ] GC(1857) PSYoungGen: 292416K(311296K)->64K(313856K) Eden: 292352K(292352K)->0K(296448K) From: 64K(18944K)->64K(17408K)
[691.883s][info][gc,heap        ] GC(1857) ParOldGen: 647222K(647680K)->647238K(647680K)
[691.883s][info][gc,metaspace   ] GC(1857) Metaspace: 35522K(36224K)->35522K(36224K) NonClass: 29248K(29760K)->29248K(29760K) Class: 6273K(6464K)->6273K(6464K)
[691.883s][info][gc             ] GC(1857) Pause Young (Allocation Failure) 917M->632M(939M) 1.949ms
[691.883s][info][gc,cpu         ] GC(1857) User=0.01s Sys=0.00s Real=0.00s
[692.031s][info][gc,start       ] GC(1858) Pause Young (Allocation Failure)
[692.034s][info][gc,heap        ] GC(1858) PSYoungGen: 296512K(313856K)->64K(313856K) Eden: 296448K(296448K)->0K(296448K) From: 64K(17408K)->64K(17408K)
[692.034s][info][gc,heap        ] GC(1858) ParOldGen: 647238K(647680K)->647238K(647680K)
[692.034s][info][gc,metaspace   ] GC(1858) Metaspace: 35522K(36224K)->35522K(36224K) NonClass: 29248K(29760K)->29248K(29760K) Class: 6273K(6464K)->6273K(6464K)
[692.034s][info][gc             ] GC(1858) Pause Young (Allocation Failure) 921M->632M(939M) 2.954ms
[692.034s][info][gc,cpu         ] GC(1858) User=0.01s Sys=0.00s Real=0.00s
[692.254s][info][gc,start       ] GC(1859) Pause Young (Allocation Failure)
[692.256s][info][gc,heap        ] GC(1859) PSYoungGen: 296512K(313856K)->64K(315392K) Eden: 296448K(296448K)->0K(300032K) From: 64K(17408K)->64K(15360K)
[692.256s][info][gc,heap        ] GC(1859) ParOldGen: 647238K(647680K)->647246K(647680K)
[692.256s][info][gc,metaspace   ] GC(1859) Metaspace: 35522K(36224K)->35522K(36224K) NonClass: 29248K(29760K)->29248K(29760K) Class: 6273K(6464K)->6273K(6464K)
[692.256s][info][gc             ] GC(1859) Pause Young (Allocation Failure) 921M->632M(940M) 2.206ms
[692.256s][info][gc,cpu         ] GC(1859) User=0.00s Sys=0.00s Real=0.00s
[692.404s][info][gc,start       ] GC(1860) Pause Young (Allocation Failure)
[692.406s][info][gc,heap        ] GC(1860) PSYoungGen: 300096K(315392K)->64K(315392K) Eden: 300032K(300032K)->0K(300032K) From: 64K(15360K)->64K(15360K)
[692.406s][info][gc,heap        ] GC(1860) ParOldGen: 647246K(647680K)->647254K(647680K)
[692.406s][info][gc,metaspace   ] GC(1860) Metaspace: 35522K(36224K)->35522K(36224K) NonClass: 29248K(29760K)->29248K(29760K) Class: 6273K(6464K)->6273K(6464K)
[692.406s][info][gc             ] GC(1860) Pause Young (Allocation Failure) 925M->632M(940M) 2.246ms
[692.406s][info][gc,cpu         ] GC(1860) User=0.00s Sys=0.00s Real=0.00s
[692.487s][info][gc,start       ] GC(1861) Pause Young (Allocation Failure)
[692.489s][info][gc,heap        ] GC(1861) PSYoungGen: 300096K(315392K)->64K(317952K) Eden: 300032K(300032K)->0K(303616K) From: 64K(15360K)->64K(14336K)
[692.489s][info][gc,heap        ] GC(1861) ParOldGen: 647254K(647680K)->647270K(647680K)
[692.489s][info][gc,metaspace   ] GC(1861) Metaspace: 35522K(36224K)->35522K(36224K) NonClass: 29248K(29760K)->29248K(29760K) Class: 6273K(6464K)->6273K(6464K)
[692.489s][info][gc             ] GC(1861) Pause Young (Allocation Failure) 925M->632M(943M) 2.056ms
[692.489s][info][gc,cpu         ] GC(1861) User=0.01s Sys=0.00s Real=0.00s
[692.664s][info][gc,start       ] GC(1862) Pause Young (Allocation Failure)
[692.666s][info][gc,heap        ] GC(1862) PSYoungGen: 303680K(317952K)->64K(317440K) Eden: 303616K(303616K)->0K(303616K) From: 64K(14336K)->64K(13824K)
[692.666s][info][gc,heap        ] GC(1862) ParOldGen: 647270K(647680K)->647270K(647680K)
[692.666s][info][gc,metaspace   ] GC(1862) Metaspace: 35522K(36224K)->35522K(36224K) NonClass: 29248K(29760K)->29248K(29760K) Class: 6273K(6464K)->6273K(6464K)
[692.666s][info][gc             ] GC(1862) Pause Young (Allocation Failure) 928M->632M(942M) 2.190ms
[692.666s][info][gc,cpu         ] GC(1862) User=0.00s Sys=0.00s Real=0.00s
[693.633s][info][gc,start       ] GC(1863) Pause Young (Allocation Failure)
[693.635s][info][gc,heap        ] GC(1863) PSYoungGen: 303680K(317440K)->83K(318976K) Eden: 303616K(303616K)->0K(306688K) From: 64K(13824K)->83K(12288K)
[693.635s][info][gc,heap        ] GC(1863) ParOldGen: 647270K(647680K)->647278K(647680K)
[693.635s][info][gc,metaspace   ] GC(1863) Metaspace: 35522K(36224K)->35522K(36224K) NonClass: 29248K(29760K)->29248K(29760K) Class: 6273K(6464K)->6273K(6464K)
[693.635s][info][gc             ] GC(1863) Pause Young (Allocation Failure) 928M->632M(944M) 2.078ms
[693.635s][info][gc,cpu         ] GC(1863) User=0.01s Sys=0.00s Real=0.00s
[694.533s][info][gc,start       ] GC(1864) Pause Young (Allocation Failure)
[694.535s][info][gc,heap        ] GC(1864) PSYoungGen: 306771K(318976K)->64K(318464K) Eden: 306688K(306688K)->0K(306688K) From: 83K(12288K)->64K(11776K)
[694.535s][info][gc,heap        ] GC(1864) ParOldGen: 647278K(647680K)->647286K(647680K)
[694.535s][info][gc,metaspace   ] GC(1864) Metaspace: 35522K(36224K)->35522K(36224K) NonClass: 29248K(29760K)->29248K(29760K) Class: 6273K(6464K)->6273K(6464K)
[694.535s][info][gc             ] GC(1864) Pause Young (Allocation Failure) 931M->632M(943M) 2.077ms
[694.535s][info][gc,cpu         ] GC(1864) User=0.00s Sys=0.00s Real=0.00s
[694.854s][info][gc,start       ] GC(1865) Pause Young (Allocation Failure)
[694.856s][info][gc,heap        ] GC(1865) PSYoungGen: 306752K(318464K)->64K(321024K) Eden: 306688K(306688K)->0K(310784K) From: 64K(11776K)->64K(10240K)
[694.856s][info][gc,heap        ] GC(1865) ParOldGen: 647286K(647680K)->647294K(647680K)
[694.856s][info][gc,metaspace   ] GC(1865) Metaspace: 35522K(36224K)->35522K(36224K) NonClass: 29248K(29760K)->29248K(29760K) Class: 6273K(6464K)->6273K(6464K)
[694.856s][info][gc             ] GC(1865) Pause Young (Allocation Failure) 931M->632M(946M) 2.111ms
[694.856s][info][gc,cpu         ] GC(1865) User=0.00s Sys=0.00s Real=0.00s
[695.313s][info][gc,start       ] GC(1866) Pause Young (Allocation Failure)
[695.316s][info][gc,heap        ] GC(1866) PSYoungGen: 310848K(321024K)->64K(299008K) Eden: 310784K(310784K)->0K(298496K) From: 64K(10240K)->64K(512K)
[695.316s][info][gc,heap        ] GC(1866) ParOldGen: 647294K(647680K)->647302K(647680K)
[695.316s][info][gc,metaspace   ] GC(1866) Metaspace: 35522K(36224K)->35522K(36224K) NonClass: 29248K(29760K)->29248K(29760K) Class: 6273K(6464K)->6273K(6464K)
[695.316s][info][gc             ] GC(1866) Pause Young (Allocation Failure) 935M->632M(924M) 2.244ms
[695.316s][info][gc,cpu         ] GC(1866) User=0.00s Sys=0.00s Real=0.00s
[696.316s][info][gc,start       ] GC(1867) Pause Young (Allocation Failure)
[696.319s][info][gc,heap        ] GC(1867) PSYoungGen: 298560K(299008K)->64K(287232K) Eden: 298496K(298496K)->0K(286720K) From: 64K(512K)->64K(512K)
[696.319s][info][gc,heap        ] GC(1867) ParOldGen: 647302K(647680K)->647310K(647680K)
[696.319s][info][gc,metaspace   ] GC(1867) Metaspace: 35522K(36224K)->35522K(36224K) NonClass: 29248K(29760K)->29248K(29760K) Class: 6273K(6464K)->6273K(6464K)
[696.319s][info][gc             ] GC(1867) Pause Young (Allocation Failure) 923M->632M(913M) 2.246ms
[696.319s][info][gc,cpu         ] GC(1867) User=0.00s Sys=0.00s Real=0.01s
[696.721s][info][gc,start       ] GC(1868) Pause Young (Allocation Failure)
[696.723s][info][gc,heap        ] GC(1868) PSYoungGen: 286784K(287232K)->64K(284672K) Eden: 286720K(286720K)->0K(275456K) From: 64K(512K)->64K(9216K)
[696.723s][info][gc,heap        ] GC(1868) ParOldGen: 647310K(647680K)->647318K(647680K)
[696.723s][info][gc,metaspace   ] GC(1868) Metaspace: 35522K(36224K)->35522K(36224K) NonClass: 29248K(29760K)->29248K(29760K) Class: 6273K(6464K)->6273K(6464K)
[696.723s][info][gc             ] GC(1868) Pause Young (Allocation Failure) 912M->632M(910M) 2.150ms
[696.723s][info][gc,cpu         ] GC(1868) User=0.00s Sys=0.00s Real=0.00s
[696.806s][info][gc,start       ] GC(1869) Pause Young (Allocation Failure)
[696.809s][info][gc,heap        ] GC(1869) PSYoungGen: 275520K(284672K)->32K(304640K) Eden: 275456K(275456K)->0K(295936K) From: 64K(9216K)->32K(8704K)
[696.809s][info][gc,heap        ] GC(1869) ParOldGen: 647318K(647680K)->647326K(647680K)
[696.809s][info][gc,metaspace   ] GC(1869) Metaspace: 35522K(36224K)->35522K(36224K) NonClass: 29248K(29760K)->29248K(29760K) Class: 6273K(6464K)->6273K(6464K)
[696.809s][info][gc             ] GC(1869) Pause Young (Allocation Failure) 901M->632M(930M) 2.907ms
[696.809s][info][gc,cpu         ] GC(1869) User=0.00s Sys=0.00s Real=0.01s
[697.481s][info][gc,start       ] GC(1870) Pause Young (Allocation Failure)
[697.483s][info][gc,heap        ] GC(1870) PSYoungGen: 295968K(304640K)->64K(303616K) Eden: 295936K(295936K)->0K(295936K) From: 32K(8704K)->64K(7680K)
[697.483s][info][gc,heap        ] GC(1870) ParOldGen: 647326K(647680K)->647334K(647680K)
[697.483s][info][gc,metaspace   ] GC(1870) Metaspace: 35522K(36224K)->35522K(36224K) NonClass: 29248K(29760K)->29248K(29760K) Class: 6273K(6464K)->6273K(6464K)
[697.483s][info][gc             ] GC(1870) Pause Young (Allocation Failure) 921M->632M(929M) 2.240ms
[697.483s][info][gc,cpu         ] GC(1870) User=0.01s Sys=0.00s Real=0.00s
[697.837s][info][gc,start       ] GC(1871) Pause Young (Allocation Failure)
[697.841s][info][gc,heap        ] GC(1871) PSYoungGen: 296000K(303616K)->64K(325120K) Eden: 295936K(295936K)->0K(317952K) From: 64K(7680K)->64K(7168K)
[697.841s][info][gc,heap        ] GC(1871) ParOldGen: 647334K(647680K)->647350K(647680K)
[697.841s][info][gc,metaspace   ] GC(1871) Metaspace: 35522K(36224K)->35522K(36224K) NonClass: 29248K(29760K)->29248K(29760K) Class: 6273K(6464K)->6273K(6464K)
[697.841s][info][gc             ] GC(1871) Pause Young (Allocation Failure) 921M->632M(950M) 3.931ms
[697.841s][info][gc,cpu         ] GC(1871) User=0.00s Sys=0.00s Real=0.00s
[698.216s][info][gc,start       ] GC(1872) Pause Young (Allocation Failure)
[698.293s][info][gc,promotion   ] GC(1872) Promotion failed
[698.293s][info][gc,heap        ] GC(1872) PSYoungGen: 318016K(325120K)->318016K(325120K) Eden: 317952K(317952K)->317952K(317952K) From: 64K(7168K)->64K(7168K)
[698.293s][info][gc,heap        ] GC(1872) ParOldGen: 647350K(647680K)->667646K(667648K)
[698.293s][info][gc,metaspace   ] GC(1872) Metaspace: 35522K(36224K)->35522K(36224K) NonClass: 29248K(29760K)->29248K(29760K) Class: 6273K(6464K)->6273K(6464K)
[698.293s][info][gc             ] GC(1872) Pause Young (Allocation Failure) 942M->962M(969M) 76.741ms
[698.293s][info][gc,cpu         ] GC(1872) User=0.12s Sys=0.02s Real=0.08s
[698.293s][info][gc,start       ] GC(1873) Pause Full (Allocation Failure)
[698.293s][info][gc,phases,start] GC(1873) Marking Phase
[698.369s][info][gc,phases      ] GC(1873) Marking Phase 75.434ms
[698.369s][info][gc,phases,start] GC(1873) Summary Phase
[698.369s][info][gc,phases      ] GC(1873) Summary Phase 0.029ms
[698.369s][info][gc,phases,start] GC(1873) Forward
[698.385s][info][gc,phases      ] GC(1873) Forward 15.965ms
[698.385s][info][gc,phases,start] GC(1873) Adjust Pointers
[698.421s][info][gc,phases      ] GC(1873) Adjust Pointers 36.606ms
[698.421s][info][gc,phases,start] GC(1873) Compaction Phase
[698.439s][info][gc,phases      ] GC(1873) Compaction Phase 17.758ms
[698.439s][info][gc,phases,start] GC(1873) Post Compact
[698.442s][info][metaspace      ] ChkMgr @0x00007f4b9003aa80 (non-class-space): : reclaiming memory...
[698.442s][info][metaspace      ] ChkMgr @0x00007f4b9003aa80 (non-class-space): nothing reclaimed.
[698.442s][info][metaspace      ] ChkMgr @0x00007f4b9003a890 (class-space): : reclaiming memory...
[698.442s][info][metaspace      ] ChkMgr @0x00007f4b9003a890 (class-space): nothing reclaimed.
[698.442s][info][gc,phases      ] GC(1873) Post Compact 2.857ms
[698.482s][info][gc,heap        ] GC(1873) PSYoungGen: 318016K(325120K)->0K(324608K) Eden: 317952K(317952K)->0K(317952K) From: 64K(7168K)->0K(6656K)
[698.482s][info][gc,heap        ] GC(1873) ParOldGen: 667646K(667648K)->90245K(175104K)
[698.482s][info][gc,metaspace   ] GC(1873) Metaspace: 35522K(36224K)->35480K(36224K) NonClass: 29248K(29760K)->29207K(29760K) Class: 6273K(6464K)->6272K(6464K)
[698.482s][info][gc             ] GC(1873) Pause Full (Allocation Failure) 962M->88M(488M) 188.853ms
[698.482s][info][gc,cpu         ] GC(1873) User=0.25s Sys=0.04s Real=0.19s
[698.838s][info][gc,start       ] GC(1874) Pause Young (Allocation Failure)
[698.895s][info][gc,heap        ] GC(1874) PSYoungGen: 317952K(324608K)->6656K(303616K) Eden: 317952K(317952K)->0K(296960K) From: 0K(6656K)->6656K(6656K)
[698.895s][info][gc,heap        ] GC(1874) ParOldGen: 90245K(175104K)->117149K(175104K)
[698.895s][info][gc,metaspace   ] GC(1874) Metaspace: 35480K(36224K)->35480K(36224K) NonClass: 29207K(29760K)->29207K(29760K) Class: 6272K(6464K)->6272K(6464K)
[698.895s][info][gc             ] GC(1874) Pause Young (Allocation Failure) 398M->120M(467M) 57.508ms
[698.895s][info][gc,cpu         ] GC(1874) User=0.11s Sys=0.01s Real=0.05s
[699.017s][info][gc,start       ] GC(1875) Pause Young (Allocation Failure)
[699.030s][info][gc,heap        ] GC(1875) PSYoungGen: 303616K(303616K)->3136K(315392K) Eden: 296960K(296960K)->0K(296960K) From: 6656K(6656K)->3136K(18432K)
[699.030s][info][gc,heap        ] GC(1875) ParOldGen: 117149K(175104K)->118165K(175104K)
[699.030s][info][gc,metaspace   ] GC(1875) Metaspace: 35480K(36224K)->35480K(36224K) NonClass: 29207K(29760K)->29207K(29760K) Class: 6272K(6464K)->6272K(6464K)
[699.030s][info][gc             ] GC(1875) Pause Young (Allocation Failure) 410M->118M(479M) 12.937ms
[699.030s][info][gc,cpu         ] GC(1875) User=0.02s Sys=0.00s Real=0.01s
[699.644s][info][gc,start       ] GC(1876) Pause Young (Allocation Failure)
[699.645s][info][gc,heap        ] GC(1876) PSYoungGen: 300096K(315392K)->64K(312832K) Eden: 296960K(296960K)->0K(298496K) From: 3136K(18432K)->64K(14336K)
[699.645s][info][gc,heap        ] GC(1876) ParOldGen: 118165K(175104K)->118173K(175104K)
[699.645s][info][gc,metaspace   ] GC(1876) Metaspace: 35480K(36224K)->35480K(36224K) NonClass: 29207K(29760K)->29207K(29760K) Class: 6272K(6464K)->6272K(6464K)
[699.645s][info][gc             ] GC(1876) Pause Young (Allocation Failure) 408M->115M(476M) 1.113ms
[699.645s][info][gc,cpu         ] GC(1876) User=0.00s Sys=0.00s Real=0.00s
[700.093s][info][gc,start       ] GC(1877) Pause Young (Allocation Failure)
[700.094s][info][gc,heap        ] GC(1877) PSYoungGen: 298560K(312832K)->64K(314880K) Eden: 298496K(298496K)->0K(298496K) From: 64K(14336K)->64K(16384K)
[700.094s][info][gc,heap        ] GC(1877) ParOldGen: 118173K(175104K)->118181K(175104K)
[700.094s][info][gc,metaspace   ] GC(1877) Metaspace: 35480K(36224K)->35480K(36224K) NonClass: 29207K(29760K)->29207K(29760K) Class: 6272K(6464K)->6272K(6464K)
[700.094s][info][gc             ] GC(1877) Pause Young (Allocation Failure) 406M->115M(478M) 0.902ms
[700.094s][info][gc,cpu         ] GC(1877) User=0.00s Sys=0.00s Real=0.00s
[700.543s][info][gc,start       ] GC(1878) Pause Young (Allocation Failure)
[700.544s][info][gc,heap        ] GC(1878) PSYoungGen: 298560K(314880K)->64K(314880K) Eden: 298496K(298496K)->0K(301568K) From: 64K(16384K)->64K(13312K)
[700.544s][info][gc,heap        ] GC(1878) ParOldGen: 118181K(175104K)->118197K(175104K)
[700.544s][info][gc,metaspace   ] GC(1878) Metaspace: 35480K(36224K)->35480K(36224K) NonClass: 29207K(29760K)->29207K(29760K) Class: 6272K(6464K)->6272K(6464K)
[700.544s][info][gc             ] GC(1878) Pause Young (Allocation Failure) 406M->115M(478M) 0.974ms
[700.544s][info][gc,cpu         ] GC(1878) User=0.00s Sys=0.00s Real=0.00s
[700.749s][info][gc,start       ] GC(1879) Pause Young (Allocation Failure)
[700.750s][info][gc,heap        ] GC(1879) PSYoungGen: 301632K(314880K)->64K(316416K) Eden: 301568K(301568K)->0K(301568K) From: 64K(13312K)->64K(14848K)
[700.750s][info][gc,heap        ] GC(1879) ParOldGen: 118197K(175104K)->118213K(175104K)
[700.750s][info][gc,metaspace   ] GC(1879) Metaspace: 35480K(36224K)->35480K(36224K) NonClass: 29207K(29760K)->29207K(29760K) Class: 6272K(6464K)->6272K(6464K)
[700.750s][info][gc             ] GC(1879) Pause Young (Allocation Failure) 409M->115M(480M) 0.925ms
[700.750s][info][gc,cpu         ] GC(1879) User=0.00s Sys=0.00s Real=0.00s
[700.957s][info][gc,start       ] GC(1880) Pause Young (Allocation Failure)
[700.958s][info][gc,heap        ] GC(1880) PSYoungGen: 301632K(316416K)->64K(317440K) Eden: 301568K(301568K)->0K(304640K) From: 64K(14848K)->64K(12800K)
[700.958s][info][gc,heap        ] GC(1880) ParOldGen: 118213K(175104K)->118213K(175104K)
[700.958s][info][gc,metaspace   ] GC(1880) Metaspace: 35480K(36224K)->35480K(36224K) NonClass: 29207K(29760K)->29207K(29760K) Class: 6272K(6464K)->6272K(6464K)
[700.958s][info][gc             ] GC(1880) Pause Young (Allocation Failure) 410M->115M(481M) 0.840ms
[700.958s][info][gc,cpu         ] GC(1880) User=0.00s Sys=0.01s Real=0.00s
[701.285s][info][gc,start       ] GC(1881) Pause Young (Allocation Failure)
[701.286s][info][gc,heap        ] GC(1881) PSYoungGen: 304704K(317440K)->64K(318464K) Eden: 304640K(304640K)->0K(304640K) From: 64K(12800K)->64K(13824K)
[701.286s][info][gc,heap        ] GC(1881) ParOldGen: 118213K(175104K)->118213K(175104K)
[701.286s][info][gc,metaspace   ] GC(1881) Metaspace: 35480K(36224K)->35480K(36224K) NonClass: 29207K(29760K)->29207K(29760K) Class: 6272K(6464K)->6272K(6464K)
[701.286s][info][gc             ] GC(1881) Pause Young (Allocation Failure) 413M->115M(482M) 0.825ms
[701.286s][info][gc,cpu         ] GC(1881) User=0.00s Sys=0.00s Real=0.00s
[701.342s][info][gc,start       ] GC(1882) Pause Young (Allocation Failure)
[701.343s][info][gc,heap        ] GC(1882) PSYoungGen: 304704K(318464K)->64K(318976K) Eden: 304640K(304640K)->0K(307200K) From: 64K(13824K)->64K(11776K)
[701.343s][info][gc,heap        ] GC(1882) ParOldGen: 118213K(175104K)->118229K(175104K)
[701.343s][info][gc,metaspace   ] GC(1882) Metaspace: 35480K(36224K)->35480K(36224K) NonClass: 29207K(29760K)->29207K(29760K) Class: 6272K(6464K)->6272K(6464K)
[701.343s][info][gc             ] GC(1882) Pause Young (Allocation Failure) 413M->115M(482M) 0.831ms
[701.343s][info][gc,cpu         ] GC(1882) User=0.00s Sys=0.00s Real=0.00s
[701.420s][info][gc,start       ] GC(1883) Pause Young (Allocation Failure)
[701.421s][info][gc,heap        ] GC(1883) PSYoungGen: 307264K(318976K)->64K(319488K) Eden: 307200K(307200K)->0K(307200K) From: 64K(11776K)->64K(12288K)
[701.421s][info][gc,heap        ] GC(1883) ParOldGen: 118229K(175104K)->118229K(175104K)
[701.421s][info][gc,metaspace   ] GC(1883) Metaspace: 35480K(36224K)->35480K(36224K) NonClass: 29207K(29760K)->29207K(29760K) Class: 6272K(6464K)->6272K(6464K)
[701.421s][info][gc             ] GC(1883) Pause Young (Allocation Failure) 415M->115M(483M) 0.795ms
[701.421s][info][gc,cpu         ] GC(1883) User=0.00s Sys=0.00s Real=0.00s
[701.645s][info][gc,start       ] GC(1884) Pause Young (Allocation Failure)
[701.646s][info][gc,heap        ] GC(1884) PSYoungGen: 307264K(319488K)->64K(321024K) Eden: 307200K(307200K)->0K(310272K) From: 64K(12288K)->64K(10752K)
[701.646s][info][gc,heap        ] GC(1884) ParOldGen: 118229K(175104K)->118245K(175104K)
[701.646s][info][gc,metaspace   ] GC(1884) Metaspace: 35480K(36224K)->35480K(36224K) NonClass: 29207K(29760K)->29207K(29760K) Class: 6272K(6464K)->6272K(6464K)
[701.646s][info][gc             ] GC(1884) Pause Young (Allocation Failure) 415M->115M(484M) 0.876ms
[701.646s][info][gc,cpu         ] GC(1884) User=0.00s Sys=0.00s Real=0.00s
[701.850s][info][gc,start       ] GC(1885) Pause Young (Allocation Failure)
[701.852s][info][gc,heap        ] GC(1885) PSYoungGen: 310336K(321024K)->64K(298496K) Eden: 310272K(310272K)->0K(297984K) From: 64K(10752K)->64K(512K)
[701.852s][info][gc,heap        ] GC(1885) ParOldGen: 118245K(175104K)->118245K(175104K)
[701.852s][info][gc,metaspace   ] GC(1885) Metaspace: 35480K(36224K)->35480K(36224K) NonClass: 29207K(29760K)->29207K(29760K) Class: 6272K(6464K)->6272K(6464K)
[701.852s][info][gc             ] GC(1885) Pause Young (Allocation Failure) 418M->115M(462M) 1.705ms
[701.852s][info][gc,cpu         ] GC(1885) User=0.00s Sys=0.00s Real=0.00s
[701.933s][info][gc,start       ] GC(1886) Pause Young (Allocation Failure)
[701.935s][info][gc,heap        ] GC(1886) PSYoungGen: 298048K(298496K)->64K(286720K) Eden: 297984K(297984K)->0K(286208K) From: 64K(512K)->64K(512K)
[701.935s][info][gc,heap        ] GC(1886) ParOldGen: 118245K(175104K)->118261K(175104K)
[701.935s][info][gc,metaspace   ] GC(1886) Metaspace: 35480K(36224K)->35480K(36224K) NonClass: 29207K(29760K)->29207K(29760K) Class: 6272K(6464K)->6272K(6464K)
[701.935s][info][gc             ] GC(1886) Pause Young (Allocation Failure) 406M->115M(451M) 1.943ms
[701.935s][info][gc,cpu         ] GC(1886) User=0.00s Sys=0.00s Real=0.00s
[702.058s][info][gc,start       ] GC(1887) Pause Young (Allocation Failure)
[702.058s][info][gc,heap        ] GC(1887) PSYoungGen: 286272K(286720K)->64K(284672K) Eden: 286208K(286208K)->0K(274944K) From: 64K(512K)->64K(9728K)
[702.058s][info][gc,heap        ] GC(1887) ParOldGen: 118261K(175104K)->118261K(175104K)
[702.058s][info][gc,metaspace   ] GC(1887) Metaspace: 35480K(36224K)->35480K(36224K) NonClass: 29207K(29760K)->29207K(29760K) Class: 6272K(6464K)->6272K(6464K)
[702.058s][info][gc             ] GC(1887) Pause Young (Allocation Failure) 395M->115M(449M) 0.802ms
[702.059s][info][gc,cpu         ] GC(1887) User=0.01s Sys=0.00s Real=0.00s
[702.409s][info][gc,start       ] GC(1888) Pause Young (Allocation Failure)
[702.410s][info][gc,heap        ] GC(1888) PSYoungGen: 275008K(284672K)->64K(264704K) Eden: 274944K(274944K)->0K(264192K) From: 64K(9728K)->64K(512K)
[702.410s][info][gc,heap        ] GC(1888) ParOldGen: 118261K(175104K)->118269K(175104K)
[702.410s][info][gc,metaspace   ] GC(1888) Metaspace: 35480K(36224K)->35480K(36224K) NonClass: 29207K(29760K)->29207K(29760K) Class: 6272K(6464K)->6272K(6464K)
[702.410s][info][gc             ] GC(1888) Pause Young (Allocation Failure) 384M->115M(429M) 1.652ms
[702.410s][info][gc,cpu         ] GC(1888) User=0.00s Sys=0.00s Real=0.00s
[703.128s][info][gc,start       ] GC(1889) Pause Young (Allocation Failure)
[703.129s][info][gc,heap        ] GC(1889) PSYoungGen: 264256K(264704K)->102K(262144K) Eden: 264192K(264192K)->0K(253952K) From: 64K(512K)->102K(8192K)
[703.129s][info][gc,heap        ] GC(1889) ParOldGen: 118269K(175104K)->118277K(175104K)
[703.129s][info][gc,metaspace   ] GC(1889) Metaspace: 35480K(36224K)->35480K(36224K) NonClass: 29207K(29760K)->29207K(29760K) Class: 6272K(6464K)->6272K(6464K)
[703.129s][info][gc             ] GC(1889) Pause Young (Allocation Failure) 373M->115M(427M) 1.049ms
[703.129s][info][gc,cpu         ] GC(1889) User=0.00s Sys=0.00s Real=0.00s
[704.029s][info][gc,start       ] GC(1890) Pause Young (Allocation Failure)
[704.030s][info][gc,heap        ] GC(1890) PSYoungGen: 254054K(262144K)->64K(244736K) Eden: 253952K(253952K)->0K(244224K) From: 102K(8192K)->64K(512K)
[704.030s][info][gc,heap        ] GC(1890) ParOldGen: 118277K(175104K)->118285K(175104K)
[704.030s][info][gc,metaspace   ] GC(1890) Metaspace: 35480K(36224K)->35480K(36224K) NonClass: 29207K(29760K)->29207K(29760K) Class: 6272K(6464K)->6272K(6464K)
[704.030s][info][gc             ] GC(1890) Pause Young (Allocation Failure) 363M->115M(410M) 1.636ms
[704.030s][info][gc,cpu         ] GC(1890) User=0.00s Sys=0.00s Real=0.00s
[704.299s][info][gc,start       ] GC(1891) Pause Young (Allocation Failure)
[704.300s][info][gc,heap        ] GC(1891) PSYoungGen: 244288K(244736K)->64K(242176K) Eden: 244224K(244224K)->0K(235008K) From: 64K(512K)->64K(7168K)
[704.300s][info][gc,heap        ] GC(1891) ParOldGen: 118285K(175104K)->118301K(175104K)
[704.300s][info][gc,metaspace   ] GC(1891) Metaspace: 35480K(36224K)->35480K(36224K) NonClass: 29207K(29760K)->29207K(29760K) Class: 6272K(6464K)->6272K(6464K)
[704.300s][info][gc             ] GC(1891) Pause Young (Allocation Failure) 354M->115M(407M) 1.039ms
[704.300s][info][gc,cpu         ] GC(1891) User=0.01s Sys=0.00s Real=0.00s
[704.649s][info][gc,start       ] GC(1892) Pause Young (Allocation Failure)
[704.651s][info][gc,heap        ] GC(1892) PSYoungGen: 235072K(242176K)->64K(226816K) Eden: 235008K(235008K)->0K(226304K) From: 64K(7168K)->64K(512K)
[704.651s][info][gc,heap        ] GC(1892) ParOldGen: 118301K(175104K)->118317K(175104K)
[704.651s][info][gc,metaspace   ] GC(1892) Metaspace: 35480K(36224K)->35480K(36224K) NonClass: 29207K(29760K)->29207K(29760K) Class: 6272K(6464K)->6272K(6464K)
[704.651s][info][gc             ] GC(1892) Pause Young (Allocation Failure) 345M->115M(392M) 2.057ms
[704.651s][info][gc,cpu         ] GC(1892) User=0.01s Sys=0.00s Real=0.00s
[705.635s][info][gc,start       ] GC(1893) Pause Young (Allocation Failure)
[705.636s][info][gc,heap        ] GC(1893) PSYoungGen: 226368K(226816K)->64K(224256K) Eden: 226304K(226304K)->0K(218112K) From: 64K(512K)->64K(6144K)
[705.636s][info][gc,heap        ] GC(1893) ParOldGen: 118317K(175104K)->118325K(175104K)
[705.636s][info][gc,metaspace   ] GC(1893) Metaspace: 35480K(36224K)->35480K(36224K) NonClass: 29207K(29760K)->29207K(29760K) Class: 6272K(6464K)->6272K(6464K)
[705.636s][info][gc             ] GC(1893) Pause Young (Allocation Failure) 336M->115M(390M) 1.016ms
[705.636s][info][gc,cpu         ] GC(1893) User=0.01s Sys=0.00s Real=0.00s
[706.008s][info][gc,start       ] GC(1894) Pause Young (Allocation Failure)
[706.010s][info][gc,heap        ] GC(1894) PSYoungGen: 218176K(224256K)->64K(210432K) Eden: 218112K(218112K)->0K(209920K) From: 64K(6144K)->64K(512K)
[706.010s][info][gc,heap        ] GC(1894) ParOldGen: 118325K(175104K)->118333K(175104K)
[706.010s][info][gc,metaspace   ] GC(1894) Metaspace: 35480K(36224K)->35480K(36224K) NonClass: 29207K(29760K)->29207K(29760K) Class: 6272K(6464K)->6272K(6464K)
[706.010s][info][gc             ] GC(1894) Pause Young (Allocation Failure) 328M->115M(376M) 1.781ms
[706.010s][info][gc,cpu         ] GC(1894) User=0.00s Sys=0.00s Real=0.00s
[706.202s][info][gc,start       ] GC(1895) Pause Young (Allocation Failure)
[706.203s][info][gc,heap        ] GC(1895) PSYoungGen: 209984K(210432K)->64K(207872K) Eden: 209920K(209920K)->0K(202240K) From: 64K(512K)->64K(5632K)
[706.203s][info][gc,heap        ] GC(1895) ParOldGen: 118333K(175104K)->118341K(175104K)
[706.203s][info][gc,metaspace   ] GC(1895) Metaspace: 35480K(36224K)->35480K(36224K) NonClass: 29207K(29760K)->29207K(29760K) Class: 6272K(6464K)->6272K(6464K)
[706.203s][info][gc             ] GC(1895) Pause Young (Allocation Failure) 320M->115M(374M) 0.997ms
[706.203s][info][gc,cpu         ] GC(1895) User=0.00s Sys=0.00s Real=0.00s
[706.253s][info][gc,start       ] GC(1896) Pause Young (Allocation Failure)
[706.255s][info][gc,heap        ] GC(1896) PSYoungGen: 202304K(207872K)->32K(239616K) Eden: 202240K(202240K)->0K(239104K) From: 64K(5632K)->32K(512K)
[706.255s][info][gc,heap        ] GC(1896) ParOldGen: 118341K(175104K)->118349K(175104K)
[706.255s][info][gc,metaspace   ] GC(1896) Metaspace: 35480K(36224K)->35480K(36224K) NonClass: 29207K(29760K)->29207K(29760K) Class: 6272K(6464K)->6272K(6464K)
[706.255s][info][gc             ] GC(1896) Pause Young (Allocation Failure) 313M->115M(405M) 2.370ms
[706.255s][info][gc,cpu         ] GC(1896) User=0.00s Sys=0.01s Real=0.00s
[706.574s][info][gc,start       ] GC(1897) Pause Young (Allocation Failure)
[706.575s][info][gc,heap        ] GC(1897) PSYoungGen: 239136K(239616K)->64K(234496K) Eden: 239104K(239104K)->0K(229888K) From: 32K(512K)->64K(4608K)
[706.575s][info][gc,heap        ] GC(1897) ParOldGen: 118349K(175104K)->118349K(175104K)
[706.575s][info][gc,metaspace   ] GC(1897) Metaspace: 35480K(36224K)->35480K(36224K) NonClass: 29207K(29760K)->29207K(29760K) Class: 6272K(6464K)->6272K(6464K)
[706.575s][info][gc             ] GC(1897) Pause Young (Allocation Failure) 349M->115M(400M) 1.394ms
[706.575s][info][gc,cpu         ] GC(1897) User=0.00s Sys=0.00s Real=0.00s
[706.985s][info][gc,start       ] GC(1898) Pause Young (Allocation Failure)
[706.987s][info][gc,heap        ] GC(1898) PSYoungGen: 229952K(234496K)->64K(221696K) Eden: 229888K(229888K)->0K(221184K) From: 64K(4608K)->64K(512K)
[706.987s][info][gc,heap        ] GC(1898) ParOldGen: 118349K(175104K)->118365K(175104K)
[706.987s][info][gc,metaspace   ] GC(1898) Metaspace: 35480K(36224K)->35480K(36224K) NonClass: 29207K(29760K)->29207K(29760K) Class: 6272K(6464K)->6272K(6464K)
[706.987s][info][gc             ] GC(1898) Pause Young (Allocation Failure) 340M->115M(387M) 1.990ms
[706.987s][info][gc,cpu         ] GC(1898) User=0.00s Sys=0.00s Real=0.01s
[707.331s][info][gc,start       ] GC(1899) Pause Young (Allocation Failure)
[707.333s][info][gc,heap        ] GC(1899) PSYoungGen: 221248K(221696K)->64K(217088K) Eden: 221184K(221184K)->0K(212992K) From: 64K(512K)->64K(4096K)
[707.333s][info][gc,heap        ] GC(1899) ParOldGen: 118365K(175104K)->118373K(175104K)
[707.333s][info][gc,metaspace   ] GC(1899) Metaspace: 35480K(36224K)->35480K(36224K) NonClass: 29207K(29760K)->29207K(29760K) Class: 6272K(6464K)->6272K(6464K)
[707.333s][info][gc             ] GC(1899) Pause Young (Allocation Failure) 331M->115M(383M) 1.357ms
[707.333s][info][gc,cpu         ] GC(1899) User=0.00s Sys=0.00s Real=0.00s
[707.581s][info][gc,start       ] GC(1900) Pause Young (Allocation Failure)
[707.621s][info][gc,heap        ] GC(1900) PSYoungGen: 213056K(217088K)->4096K(259584K) Eden: 212992K(212992K)->0K(255488K) From: 64K(4096K)->4096K(4096K)
[707.621s][info][gc,heap        ] GC(1900) ParOldGen: 118373K(175104K)->135957K(175104K)
[707.621s][info][gc,metaspace   ] GC(1900) Metaspace: 35480K(36224K)->35480K(36224K) NonClass: 29207K(29760K)->29207K(29760K) Class: 6272K(6464K)->6272K(6464K)
[707.621s][info][gc             ] GC(1900) Pause Young (Allocation Failure) 323M->136M(424M) 39.563ms
[707.621s][info][gc,cpu         ] GC(1900) User=0.07s Sys=0.00s Real=0.04s
[707.905s][info][gc,start       ] GC(1901) Pause Young (Allocation Failure)
[707.959s][info][gc,heap        ] GC(1901) PSYoungGen: 259584K(259584K)->11264K(266752K) Eden: 255488K(255488K)->0K(255488K) From: 4096K(4096K)->11264K(11264K)
[707.959s][info][gc,heap        ] GC(1901) ParOldGen: 135957K(175104K)->152301K(175104K)
[707.959s][info][gc,metaspace   ] GC(1901) Metaspace: 35481K(36224K)->35481K(36224K) NonClass: 29208K(29760K)->29208K(29760K) Class: 6272K(6464K)->6272K(6464K)
[707.959s][info][gc             ] GC(1901) Pause Young (Allocation Failure) 386M->159M(431M) 53.952ms
[707.959s][info][gc,cpu         ] GC(1901) User=0.10s Sys=0.00s Real=0.06s
[708.190s][info][gc,start       ] GC(1902) Pause Young (Allocation Failure)
[708.236s][info][gc,heap        ] GC(1902) PSYoungGen: 266752K(266752K)->19968K(305664K) Eden: 255488K(255488K)->0K(285696K) From: 11264K(11264K)->19968K(19968K)
[708.236s][info][gc,heap        ] GC(1902) ParOldGen: 152301K(175104K)->153245K(175104K)
[708.236s][info][gc,metaspace   ] GC(1902) Metaspace: 35481K(36224K)->35481K(36224K) NonClass: 29208K(29760K)->29208K(29760K) Class: 6272K(6464K)->6272K(6464K)
[708.236s][info][gc             ] GC(1902) Pause Young (Allocation Failure) 409M->169M(469M) 45.971ms
[708.236s][info][gc,cpu         ] GC(1902) User=0.08s Sys=0.01s Real=0.04s
[708.381s][info][gc,start       ] GC(1903) Pause Young (Allocation Failure)
[708.382s][info][gc,heap        ] GC(1903) PSYoungGen: 305664K(305664K)->64K(309760K) Eden: 285696K(285696K)->0K(285696K) From: 19968K(19968K)->64K(24064K)
[708.382s][info][gc,heap        ] GC(1903) ParOldGen: 153245K(175104K)->153261K(175104K)
[708.382s][info][gc,metaspace   ] GC(1903) Metaspace: 35481K(36224K)->35481K(36224K) NonClass: 29208K(29760K)->29208K(29760K) Class: 6272K(6464K)->6272K(6464K)
[708.382s][info][gc             ] GC(1903) Pause Young (Allocation Failure) 448M->149M(473M) 1.033ms
[708.382s][info][gc,cpu         ] GC(1903) User=0.00s Sys=0.00s Real=0.00s
[709.091s][info][gc,start       ] GC(1904) Pause Young (Allocation Failure)
[709.092s][info][gc,heap        ] GC(1904) PSYoungGen: 285760K(309760K)->64K(308224K) Eden: 285696K(285696K)->0K(286208K) From: 64K(24064K)->64K(22016K)
[709.092s][info][gc,heap        ] GC(1904) ParOldGen: 153261K(175104K)->153277K(175104K)
[709.092s][info][gc,metaspace   ] GC(1904) Metaspace: 35481K(36224K)->35481K(36224K) NonClass: 29208K(29760K)->29208K(29760K) Class: 6272K(6464K)->6272K(6464K)
[709.092s][info][gc             ] GC(1904) Pause Young (Allocation Failure) 428M->149M(472M) 1.089ms
[709.092s][info][gc,cpu         ] GC(1904) User=0.01s Sys=0.00s Real=0.00s
[709.400s][info][gc,start       ] GC(1905) Pause Young (Allocation Failure)
[709.401s][info][gc,heap        ] GC(1905) PSYoungGen: 286272K(308224K)->64K(309248K) Eden: 286208K(286208K)->0K(286208K) From: 64K(22016K)->64K(23040K)
[709.401s][info][gc,heap        ] GC(1905) ParOldGen: 153277K(175104K)->153277K(175104K)
[709.401s][info][gc,metaspace   ] GC(1905) Metaspace: 35481K(36224K)->35481K(36224K) NonClass: 29208K(29760K)->29208K(29760K) Class: 6272K(6464K)->6272K(6464K)
[709.401s][info][gc             ] GC(1905) Pause Young (Allocation Failure) 429M->149M(473M) 0.970ms
[709.401s][info][gc,cpu         ] GC(1905) User=0.00s Sys=0.00s Real=0.00s
[709.840s][info][gc,start       ] GC(1906) Pause Young (Allocation Failure)
[709.841s][info][gc,heap        ] GC(1906) PSYoungGen: 286272K(309248K)->64K(308736K) Eden: 286208K(286208K)->0K(288768K) From: 64K(23040K)->64K(19968K)
[709.841s][info][gc,heap        ] GC(1906) ParOldGen: 153277K(175104K)->153293K(175104K)
[709.841s][info][gc,metaspace   ] GC(1906) Metaspace: 35481K(36224K)->35481K(36224K) NonClass: 29208K(29760K)->29208K(29760K) Class: 6272K(6464K)->6272K(6464K)
[709.841s][info][gc             ] GC(1906) Pause Young (Allocation Failure) 429M->149M(472M) 1.710ms
[709.841s][info][gc,cpu         ] GC(1906) User=0.00s Sys=0.00s Real=0.00s
[710.039s][info][gc,start       ] GC(1907) Pause Young (Allocation Failure)
[710.041s][info][gc,heap        ] GC(1907) PSYoungGen: 288832K(308736K)->32K(309760K) Eden: 288768K(288768K)->0K(288768K) From: 64K(19968K)->32K(20992K)
[710.041s][info][gc,heap        ] GC(1907) ParOldGen: 153293K(175104K)->153309K(175104K)
[710.041s][info][gc,metaspace   ] GC(1907) Metaspace: 35481K(36224K)->35481K(36224K) NonClass: 29208K(29760K)->29208K(29760K) Class: 6272K(6464K)->6272K(6464K)
[710.041s][info][gc             ] GC(1907) Pause Young (Allocation Failure) 431M->149M(473M) 1.579ms
[710.041s][info][gc,cpu         ] GC(1907) User=0.00s Sys=0.00s Real=0.00s
[710.236s][info][gc,start       ] GC(1908) Pause Young (Allocation Failure)
[710.238s][info][gc,heap        ] GC(1908) PSYoungGen: 288800K(309760K)->32K(310272K) Eden: 288768K(288768K)->0K(292352K) From: 32K(20992K)->32K(17920K)
[710.238s][info][gc,heap        ] GC(1908) ParOldGen: 153309K(175104K)->153309K(175104K)
[710.238s][info][gc,metaspace   ] GC(1908) Metaspace: 35481K(36224K)->35481K(36224K) NonClass: 29208K(29760K)->29208K(29760K) Class: 6272K(6464K)->6272K(6464K)
[710.238s][info][gc             ] GC(1908) Pause Young (Allocation Failure) 431M->149M(474M) 1.510ms
[710.238s][info][gc,cpu         ] GC(1908) User=0.00s Sys=0.00s Real=0.01s
[710.552s][info][gc,start       ] GC(1909) Pause Young (Allocation Failure)
[710.553s][info][gc,heap        ] GC(1909) PSYoungGen: 292384K(310272K)->64K(311808K) Eden: 292352K(292352K)->0K(292352K) From: 32K(17920K)->64K(19456K)
[710.553s][info][gc,heap        ] GC(1909) ParOldGen: 153309K(175104K)->153309K(175104K)
[710.553s][info][gc,metaspace   ] GC(1909) Metaspace: 35481K(36224K)->35481K(36224K) NonClass: 29208K(29760K)->29208K(29760K) Class: 6272K(6464K)->6272K(6464K)
[710.553s][info][gc             ] GC(1909) Pause Young (Allocation Failure) 435M->149M(475M) 1.551ms
[710.553s][info][gc,cpu         ] GC(1909) User=0.00s Sys=0.00s Real=0.00s
[710.606s][info][gc,start       ] GC(1910) Pause Young (Allocation Failure)
[710.607s][info][gc,heap        ] GC(1910) PSYoungGen: 292416K(311808K)->32K(311808K) Eden: 292352K(292352K)->0K(295936K) From: 64K(19456K)->32K(15872K)
[710.607s][info][gc,heap        ] GC(1910) ParOldGen: 153309K(175104K)->153325K(175104K)
[710.607s][info][gc,metaspace   ] GC(1910) Metaspace: 35481K(36224K)->35481K(36224K) NonClass: 29208K(29760K)->29208K(29760K) Class: 6272K(6464K)->6272K(6464K)
[710.607s][info][gc             ] GC(1910) Pause Young (Allocation Failure) 435M->149M(475M) 1.375ms
[710.607s][info][gc,cpu         ] GC(1910) User=0.00s Sys=0.00s Real=0.01s
[710.675s][info][gc,start       ] GC(1911) Pause Young (Allocation Failure)
[710.677s][info][gc,heap        ] GC(1911) PSYoungGen: 295968K(311808K)->64K(313344K) Eden: 295936K(295936K)->0K(295936K) From: 32K(15872K)->64K(17408K)
[710.677s][info][gc,heap        ] GC(1911) ParOldGen: 153325K(175104K)->153325K(175104K)
[710.677s][info][gc,metaspace   ] GC(1911) Metaspace: 35481K(36224K)->35481K(36224K) NonClass: 29208K(29760K)->29208K(29760K) Class: 6272K(6464K)->6272K(6464K)
[710.677s][info][gc             ] GC(1911) Pause Young (Allocation Failure) 438M->149M(477M) 1.434ms
[710.677s][info][gc,cpu         ] GC(1911) User=0.00s Sys=0.00s Real=0.01s
[710.892s][info][gc,start       ] GC(1912) Pause Young (Allocation Failure)
[710.893s][info][gc,heap        ] GC(1912) PSYoungGen: 296000K(313344K)->32K(313856K) Eden: 295936K(295936K)->0K(300032K) From: 64K(17408K)->32K(13824K)
[710.893s][info][gc,heap        ] GC(1912) ParOldGen: 153325K(175104K)->153333K(175104K)
[710.893s][info][gc,metaspace   ] GC(1912) Metaspace: 35481K(36224K)->35481K(36224K) NonClass: 29208K(29760K)->29208K(29760K) Class: 6272K(6464K)->6272K(6464K)
[710.893s][info][gc             ] GC(1912) Pause Young (Allocation Failure) 438M->149M(477M) 1.505ms
[710.893s][info][gc,cpu         ] GC(1912) User=0.00s Sys=0.00s Real=0.00s
[711.104s][info][gc,start       ] GC(1913) Pause Young (Allocation Failure)
[711.106s][info][gc,heap        ] GC(1913) PSYoungGen: 300064K(313856K)->64K(315392K) Eden: 300032K(300032K)->0K(300032K) From: 32K(13824K)->64K(15360K)
[711.106s][info][gc,heap        ] GC(1913) ParOldGen: 153333K(175104K)->153333K(175104K)
[711.106s][info][gc,metaspace   ] GC(1913) Metaspace: 35481K(36224K)->35481K(36224K) NonClass: 29208K(29760K)->29208K(29760K) Class: 6272K(6464K)->6272K(6464K)
[711.106s][info][gc             ] GC(1913) Pause Young (Allocation Failure) 442M->149M(479M) 1.547ms
[711.106s][info][gc,cpu         ] GC(1913) User=0.00s Sys=0.00s Real=0.00s
[711.189s][info][gc,start       ] GC(1914) Pause Young (Allocation Failure)
[711.191s][info][gc,heap        ] GC(1914) PSYoungGen: 300096K(315392K)->64K(315904K) Eden: 300032K(300032K)->0K(303616K) From: 64K(15360K)->64K(12288K)
[711.191s][info][gc,heap        ] GC(1914) ParOldGen: 153333K(175104K)->153349K(175104K)
[711.191s][info][gc,metaspace   ] GC(1914) Metaspace: 35481K(36224K)->35481K(36224K) NonClass: 29208K(29760K)->29208K(29760K) Class: 6272K(6464K)->6272K(6464K)
[711.191s][info][gc             ] GC(1914) Pause Young (Allocation Failure) 442M->149M(479M) 1.486ms
[711.191s][info][gc,cpu         ] GC(1914) User=0.00s Sys=0.00s Real=0.00s
[711.316s][info][gc,start       ] GC(1915) Pause Young (Allocation Failure)
[711.317s][info][gc,heap        ] GC(1915) PSYoungGen: 303680K(315904K)->32K(317440K) Eden: 303616K(303616K)->0K(303616K) From: 64K(12288K)->32K(13824K)
[711.317s][info][gc,heap        ] GC(1915) ParOldGen: 153349K(175104K)->153357K(175104K)
[711.317s][info][gc,metaspace   ] GC(1915) Metaspace: 35481K(36224K)->35481K(36224K) NonClass: 29208K(29760K)->29208K(29760K) Class: 6272K(6464K)->6272K(6464K)
[711.317s][info][gc             ] GC(1915) Pause Young (Allocation Failure) 446M->149M(481M) 1.411ms
[711.317s][info][gc,cpu         ] GC(1915) User=0.00s Sys=0.00s Real=0.01s
[711.685s][info][gc,start       ] GC(1916) Pause Young (Allocation Failure)
[711.686s][info][gc,heap        ] GC(1916) PSYoungGen: 303648K(317440K)->64K(318464K) Eden: 303616K(303616K)->0K(307200K) From: 32K(13824K)->64K(11264K)
[711.686s][info][gc,heap        ] GC(1916) ParOldGen: 153357K(175104K)->153365K(175104K)
[711.686s][info][gc,metaspace   ] GC(1916) Metaspace: 35481K(36224K)->35481K(36224K) NonClass: 29208K(29760K)->29208K(29760K) Class: 6272K(6464K)->6272K(6464K)
[711.686s][info][gc             ] GC(1916) Pause Young (Allocation Failure) 446M->149M(482M) 0.945ms
[711.686s][info][gc,cpu         ] GC(1916) User=0.00s Sys=0.00s Real=0.00s
[712.399s][info][gc,start       ] GC(1917) Pause Young (Allocation Failure)
[712.401s][info][gc,heap        ] GC(1917) PSYoungGen: 307264K(318464K)->83K(295424K) Eden: 307200K(307200K)->0K(294912K) From: 64K(11264K)->83K(512K)
[712.401s][info][gc,heap        ] GC(1917) ParOldGen: 153365K(175104K)->153373K(175104K)
[712.401s][info][gc,metaspace   ] GC(1917) Metaspace: 35481K(36224K)->35481K(36224K) NonClass: 29208K(29760K)->29208K(29760K) Class: 6272K(6464K)->6272K(6464K)
[712.401s][info][gc             ] GC(1917) Pause Young (Allocation Failure) 449M->149M(459M) 1.736ms
[712.401s][info][gc,cpu         ] GC(1917) User=0.00s Sys=0.01s Real=0.00s
[713.366s][info][gc,start       ] GC(1918) Pause Young (Allocation Failure)
[713.368s][info][gc,heap        ] GC(1918) PSYoungGen: 294995K(295424K)->64K(283648K) Eden: 294912K(294912K)->0K(283136K) From: 83K(512K)->64K(512K)
[713.368s][info][gc,heap        ] GC(1918) ParOldGen: 153373K(175104K)->153381K(175104K)
[713.368s][info][gc,metaspace   ] GC(1918) Metaspace: 35481K(36224K)->35481K(36224K) NonClass: 29208K(29760K)->29208K(29760K) Class: 6272K(6464K)->6272K(6464K)
[713.368s][info][gc             ] GC(1918) Pause Young (Allocation Failure) 437M->149M(448M) 1.691ms
[713.368s][info][gc,cpu         ] GC(1918) User=0.00s Sys=0.00s Real=0.01s
[713.807s][info][gc,start       ] GC(1919) Pause Young (Allocation Failure)
[713.808s][info][gc,heap        ] GC(1919) PSYoungGen: 283200K(283648K)->64K(282624K) Eden: 283136K(283136K)->0K(271872K) From: 64K(512K)->64K(10752K)
[713.808s][info][gc,heap        ] GC(1919) ParOldGen: 153381K(175104K)->153389K(175104K)
[713.808s][info][gc,metaspace   ] GC(1919) Metaspace: 35481K(36224K)->35481K(36224K) NonClass: 29208K(29760K)->29208K(29760K) Class: 6272K(6464K)->6272K(6464K)
[713.808s][info][gc             ] GC(1919) Pause Young (Allocation Failure) 426M->149M(447M) 1.516ms
[713.808s][info][gc,cpu         ] GC(1919) User=0.00s Sys=0.00s Real=0.00s
[714.808s][info][gc,start       ] GC(1920) Pause Young (Allocation Failure)
[714.810s][info][gc,heap        ] GC(1920) PSYoungGen: 271936K(282624K)->64K(261632K) Eden: 271872K(271872K)->0K(261120K) From: 64K(10752K)->64K(512K)
[714.810s][info][gc,heap        ] GC(1920) ParOldGen: 153389K(175104K)->153405K(175104K)
[714.810s][info][gc,metaspace   ] GC(1920) Metaspace: 35481K(36224K)->35481K(36224K) NonClass: 29208K(29760K)->29208K(29760K) Class: 6272K(6464K)->6272K(6464K)
[714.810s][info][gc             ] GC(1920) Pause Young (Allocation Failure) 415M->149M(426M) 2.142ms
[714.810s][info][gc,cpu         ] GC(1920) User=0.00s Sys=0.00s Real=0.00s
[715.039s][info][gc,start       ] GC(1921) Pause Young (Allocation Failure)
[715.040s][info][gc,heap        ] GC(1921) PSYoungGen: 261184K(261632K)->64K(260096K) Eden: 261120K(261120K)->0K(250880K) From: 64K(512K)->64K(9216K)
[715.040s][info][gc,heap        ] GC(1921) ParOldGen: 153405K(175104K)->153421K(175104K)
[715.040s][info][gc,metaspace   ] GC(1921) Metaspace: 35481K(36224K)->35481K(36224K) NonClass: 29208K(29760K)->29208K(29760K) Class: 6272K(6464K)->6272K(6464K)
[715.040s][info][gc             ] GC(1921) Pause Young (Allocation Failure) 404M->149M(425M) 1.438ms
[715.040s][info][gc,cpu         ] GC(1921) User=0.00s Sys=0.00s Real=0.00s
[715.414s][info][gc,start       ] GC(1922) Pause Young (Allocation Failure)
[715.417s][info][gc,heap        ] GC(1922) PSYoungGen: 250944K(260096K)->64K(241664K) Eden: 250880K(250880K)->0K(241152K) From: 64K(9216K)->64K(512K)
[715.417s][info][gc,heap        ] GC(1922) ParOldGen: 153421K(175104K)->153437K(175104K)
[715.417s][info][gc,metaspace   ] GC(1922) Metaspace: 35481K(36224K)->35481K(36224K) NonClass: 29208K(29760K)->29208K(29760K) Class: 6272K(6464K)->6272K(6464K)
[715.417s][info][gc             ] GC(1922) Pause Young (Allocation Failure) 394M->149M(407M) 2.617ms
[715.417s][info][gc,cpu         ] GC(1922) User=0.00s Sys=0.00s Real=0.01s
[715.483s][info][gc,start       ] GC(1923) Pause Young (Allocation Failure)
[715.485s][info][gc,heap        ] GC(1923) PSYoungGen: 241216K(241664K)->64K(284672K) Eden: 241152K(241152K)->0K(276480K) From: 64K(512K)->64K(8192K)
[715.485s][info][gc,heap        ] GC(1923) ParOldGen: 153437K(175104K)->153453K(175104K)
[715.485s][info][gc,metaspace   ] GC(1923) Metaspace: 35481K(36224K)->35481K(36224K) NonClass: 29208K(29760K)->29208K(29760K) Class: 6272K(6464K)->6272K(6464K)
[715.485s][info][gc             ] GC(1923) Pause Young (Allocation Failure) 385M->149M(449M) 2.091ms
[715.485s][info][gc,cpu         ] GC(1923) User=0.00s Sys=0.00s Real=0.00s
[716.059s][info][gc,start       ] GC(1924) Pause Young (Allocation Failure)
[716.060s][info][gc,heap        ] GC(1924) PSYoungGen: 276544K(284672K)->64K(266240K) Eden: 276480K(276480K)->0K(265728K) From: 64K(8192K)->64K(512K)
[716.060s][info][gc,heap        ] GC(1924) ParOldGen: 153453K(175104K)->153469K(175104K)
[716.060s][info][gc,metaspace   ] GC(1924) Metaspace: 35481K(36224K)->35481K(36224K) NonClass: 29208K(29760K)->29208K(29760K) Class: 6272K(6464K)->6272K(6464K)
[716.060s][info][gc             ] GC(1924) Pause Young (Allocation Failure) 419M->149M(431M) 1.654ms
[716.060s][info][gc,cpu         ] GC(1924) User=0.01s Sys=0.00s Real=0.00s
[716.354s][info][gc,start       ] GC(1925) Pause Young (Allocation Failure)
[716.355s][info][gc,heap        ] GC(1925) PSYoungGen: 265792K(266240K)->32K(262656K) Eden: 265728K(265728K)->0K(255488K) From: 64K(512K)->32K(7168K)
[716.355s][info][gc,heap        ] GC(1925) ParOldGen: 153469K(175104K)->153477K(175104K)
[716.355s][info][gc,metaspace   ] GC(1925) Metaspace: 35481K(36224K)->35481K(36224K) NonClass: 29208K(29760K)->29208K(29760K) Class: 6272K(6464K)->6272K(6464K)
[716.355s][info][gc             ] GC(1925) Pause Young (Allocation Failure) 409M->149M(427M) 1.471ms
[716.355s][info][gc,cpu         ] GC(1925) User=0.00s Sys=0.00s Real=0.00s
[716.712s][info][gc,start       ] GC(1926) Pause Young (Allocation Failure)
[716.741s][info][gc,heap        ] GC(1926) PSYoungGen: 255520K(262656K)->6656K(281600K) Eden: 255488K(255488K)->0K(274944K) From: 32K(7168K)->6656K(6656K)
[716.741s][info][gc,heap        ] GC(1926) ParOldGen: 153477K(175104K)->164389K(175104K)
[716.741s][info][gc,metaspace   ] GC(1926) Metaspace: 35481K(36224K)->35481K(36224K) NonClass: 29208K(29760K)->29208K(29760K) Class: 6272K(6464K)->6272K(6464K)
[716.741s][info][gc             ] GC(1926) Pause Young (Allocation Failure) 399M->167M(446M) 28.382ms
[716.741s][info][gc,cpu         ] GC(1926) User=0.06s Sys=0.00s Real=0.03s
[717.038s][info][gc,start       ] GC(1927) Pause Young (Allocation Failure)
[717.090s][info][gc,heap        ] GC(1927) PSYoungGen: 281600K(281600K)->12288K(287232K) Eden: 274944K(274944K)->0K(274944K) From: 6656K(6656K)->12288K(12288K)
[717.090s][info][gc,heap        ] GC(1927) ParOldGen: 164389K(175104K)->181509K(181760K)
[717.090s][info][gc,metaspace   ] GC(1927) Metaspace: 35481K(36224K)->35481K(36224K) NonClass: 29208K(29760K)->29208K(29760K) Class: 6272K(6464K)->6272K(6464K)
[717.090s][info][gc             ] GC(1927) Pause Young (Allocation Failure) 435M->189M(458M) 52.051ms
[717.090s][info][gc,cpu         ] GC(1927) User=0.10s Sys=0.01s Real=0.05s
[717.339s][info][gc,start       ] GC(1928) Pause Young (Allocation Failure)
[717.389s][info][gc,heap        ] GC(1928) PSYoungGen: 287232K(287232K)->20992K(302592K) Eden: 274944K(274944K)->0K(281600K) From: 12288K(12288K)->20992K(20992K)
[717.389s][info][gc,heap        ] GC(1928) ParOldGen: 181509K(181760K)->183517K(183808K)
[717.389s][info][gc,metaspace   ] GC(1928) Metaspace: 35481K(36224K)->35481K(36224K) NonClass: 29208K(29760K)->29208K(29760K) Class: 6272K(6464K)->6272K(6464K)
[717.389s][info][gc             ] GC(1928) Pause Young (Allocation Failure) 457M->199M(475M) 50.036ms
[717.389s][info][gc,cpu         ] GC(1928) User=0.09s Sys=0.01s Real=0.05s
[717.511s][info][gc,start       ] GC(1929) Pause Young (Allocation Failure)
[717.512s][info][gc,heap        ] GC(1929) PSYoungGen: 302592K(302592K)->64K(307712K) Eden: 281600K(281600K)->0K(281600K) From: 20992K(20992K)->64K(26112K)
[717.512s][info][gc,heap        ] GC(1929) ParOldGen: 183517K(183808K)->183573K(183808K)
[717.512s][info][gc,metaspace   ] GC(1929) Metaspace: 35481K(36224K)->35481K(36224K) NonClass: 29208K(29760K)->29208K(29760K) Class: 6272K(6464K)->6272K(6464K)
[717.512s][info][gc             ] GC(1929) Pause Young (Allocation Failure) 474M->179M(480M) 1.412ms
[717.512s][info][gc,cpu         ] GC(1929) User=0.01s Sys=0.00s Real=0.00s
[718.192s][info][gc,start       ] GC(1930) Pause Young (Allocation Failure)
[718.194s][info][gc,heap        ] GC(1930) PSYoungGen: 281664K(307712K)->64K(305152K) Eden: 281600K(281600K)->0K(282112K) From: 64K(26112K)->64K(23040K)
[718.194s][info][gc,heap        ] GC(1930) ParOldGen: 183573K(183808K)->183589K(183808K)
[718.194s][info][gc,metaspace   ] GC(1930) Metaspace: 35481K(36224K)->35481K(36224K) NonClass: 29208K(29760K)->29208K(29760K) Class: 6272K(6464K)->6272K(6464K)
[718.194s][info][gc             ] GC(1930) Pause Young (Allocation Failure) 454M->179M(477M) 1.319ms
[718.194s][info][gc,cpu         ] GC(1930) User=0.01s Sys=0.00s Real=0.00s
[718.507s][info][gc,start       ] GC(1931) Pause Young (Allocation Failure)
[718.508s][info][gc,heap        ] GC(1931) PSYoungGen: 282176K(305152K)->64K(306688K) Eden: 282112K(282112K)->0K(282112K) From: 64K(23040K)->64K(24576K)
[718.508s][info][gc,heap        ] GC(1931) ParOldGen: 183589K(183808K)->183589K(183808K)
[718.508s][info][gc,metaspace   ] GC(1931) Metaspace: 35481K(36224K)->35481K(36224K) NonClass: 29208K(29760K)->29208K(29760K) Class: 6272K(6464K)->6272K(6464K)
[718.508s][info][gc             ] GC(1931) Pause Young (Allocation Failure) 454M->179M(479M) 1.002ms
[718.508s][info][gc,cpu         ] GC(1931) User=0.00s Sys=0.00s Real=0.00s
[718.929s][info][gc,start       ] GC(1932) Pause Young (Allocation Failure)
[718.930s][info][gc,heap        ] GC(1932) PSYoungGen: 282176K(306688K)->64K(306688K) Eden: 282112K(282112K)->0K(285696K) From: 64K(24576K)->64K(20992K)
[718.930s][info][gc,heap        ] GC(1932) ParOldGen: 183589K(183808K)->183605K(183808K)
[718.930s][info][gc,metaspace   ] GC(1932) Metaspace: 35481K(36224K)->35481K(36224K) NonClass: 29208K(29760K)->29208K(29760K) Class: 6272K(6464K)->6272K(6464K)
[718.930s][info][gc             ] GC(1932) Pause Young (Allocation Failure) 454M->179M(479M) 1.085ms
[718.930s][info][gc,cpu         ] GC(1932) User=0.00s Sys=0.00s Real=0.00s
[719.120s][info][gc,start       ] GC(1933) Pause Young (Allocation Failure)
[719.121s][info][gc,heap        ] GC(1933) PSYoungGen: 285760K(306688K)->64K(308224K) Eden: 285696K(285696K)->0K(285696K) From: 64K(20992K)->64K(22528K)
[719.121s][info][gc,heap        ] GC(1933) ParOldGen: 183605K(183808K)->183621K(183808K)
[719.121s][info][gc,metaspace   ] GC(1933) Metaspace: 35481K(36224K)->35481K(36224K) NonClass: 29208K(29760K)->29208K(29760K) Class: 6272K(6464K)->6272K(6464K)
[719.121s][info][gc             ] GC(1933) Pause Young (Allocation Failure) 458M->179M(480M) 0.968ms
[719.121s][info][gc,cpu         ] GC(1933) User=0.00s Sys=0.00s Real=0.00s
[719.311s][info][gc,start       ] GC(1934) Pause Young (Allocation Failure)
[719.312s][info][gc,heap        ] GC(1934) PSYoungGen: 285760K(308224K)->32K(308736K) Eden: 285696K(285696K)->0K(289792K) From: 64K(22528K)->32K(18944K)
[719.312s][info][gc,heap        ] GC(1934) ParOldGen: 183621K(183808K)->183621K(183808K)
[719.312s][info][gc,metaspace   ] GC(1934) Metaspace: 35481K(36224K)->35481K(36224K) NonClass: 29208K(29760K)->29208K(29760K) Class: 6272K(6464K)->6272K(6464K)
[719.312s][info][gc             ] GC(1934) Pause Young (Allocation Failure) 458M->179M(481M) 0.986ms
[719.312s][info][gc,cpu         ] GC(1934) User=0.00s Sys=0.00s Real=0.00s
[719.627s][info][gc,start       ] GC(1935) Pause Young (Allocation Failure)
[719.628s][info][gc,heap        ] GC(1935) PSYoungGen: 289824K(308736K)->64K(310272K) Eden: 289792K(289792K)->0K(289792K) From: 32K(18944K)->64K(20480K)
[719.628s][info][gc,heap        ] GC(1935) ParOldGen: 183621K(183808K)->183621K(183808K)
[719.628s][info][gc,metaspace   ] GC(1935) Metaspace: 35481K(36224K)->35481K(36224K) NonClass: 29208K(29760K)->29208K(29760K) Class: 6272K(6464K)->6272K(6464K)
[719.628s][info][gc             ] GC(1935) Pause Young (Allocation Failure) 462M->179M(482M) 0.979ms
[719.628s][info][gc,cpu         ] GC(1935) User=0.01s Sys=0.00s Real=0.00s
[719.681s][info][gc,start       ] GC(1936) Pause Young (Allocation Failure)
[719.682s][info][gc,heap        ] GC(1936) PSYoungGen: 289856K(310272K)->32K(310784K) Eden: 289792K(289792K)->0K(293888K) From: 64K(20480K)->32K(16896K)
[719.682s][info][gc,heap        ] GC(1936) ParOldGen: 183621K(183808K)->183637K(183808K)
[719.682s][info][gc,metaspace   ] GC(1936) Metaspace: 35481K(36224K)->35481K(36224K) NonClass: 29208K(29760K)->29208K(29760K) Class: 6272K(6464K)->6272K(6464K)
[719.682s][info][gc             ] GC(1936) Pause Young (Allocation Failure) 462M->179M(483M) 0.944ms
[719.682s][info][gc,cpu         ] GC(1936) User=0.00s Sys=0.00s Real=0.00s
[719.734s][info][gc,start       ] GC(1937) Pause Young (Allocation Failure)
[719.735s][info][gc,heap        ] GC(1937) PSYoungGen: 293920K(310784K)->64K(312320K) Eden: 293888K(293888K)->0K(293888K) From: 32K(16896K)->64K(18432K)
[719.735s][info][gc,heap        ] GC(1937) ParOldGen: 183637K(183808K)->183637K(183808K)
[719.735s][info][gc,metaspace   ] GC(1937) Metaspace: 35481K(36224K)->35481K(36224K) NonClass: 29208K(29760K)->29208K(29760K) Class: 6272K(6464K)->6272K(6464K)
[719.735s][info][gc             ] GC(1937) Pause Young (Allocation Failure) 466M->179M(484M) 0.866ms
[719.735s][info][gc,cpu         ] GC(1937) User=0.00s Sys=0.00s Real=0.00s
[719.941s][info][gc,start       ] GC(1938) Pause Young (Allocation Failure)
[719.941s][info][gc,heap        ] GC(1938) PSYoungGen: 293952K(312320K)->64K(312832K) Eden: 293888K(293888K)->0K(297984K) From: 64K(18432K)->64K(14848K)
[719.942s][info][gc,heap        ] GC(1938) ParOldGen: 183637K(183808K)->183637K(183808K)
[719.942s][info][gc,metaspace   ] GC(1938) Metaspace: 35481K(36224K)->35481K(36224K) NonClass: 29208K(29760K)->29208K(29760K) Class: 6272K(6464K)->6272K(6464K)
[719.942s][info][gc             ] GC(1938) Pause Young (Allocation Failure) 466M->179M(485M) 1.012ms
[719.942s][info][gc,cpu         ] GC(1938) User=0.00s Sys=0.00s Real=0.00s
[720.156s][info][gc,start       ] GC(1939) Pause Young (Allocation Failure)
[720.157s][info][gc,heap        ] GC(1939) PSYoungGen: 298048K(312832K)->64K(314368K) Eden: 297984K(297984K)->0K(297984K) From: 64K(14848K)->64K(16384K)
[720.157s][info][gc,heap        ] GC(1939) ParOldGen: 183637K(183808K)->183645K(183808K)
[720.157s][info][gc,metaspace   ] GC(1939) Metaspace: 35481K(36224K)->35481K(36224K) NonClass: 29208K(29760K)->29208K(29760K) Class: 6272K(6464K)->6272K(6464K)
[720.157s][info][gc             ] GC(1939) Pause Young (Allocation Failure) 470M->179M(486M) 1.014ms
[720.157s][info][gc,cpu         ] GC(1939) User=0.00s Sys=0.00s Real=0.01s
[720.253s][info][gc,start       ] GC(1940) Pause Young (Allocation Failure)
[720.254s][info][gc,heap        ] GC(1940) PSYoungGen: 298048K(314368K)->64K(314880K) Eden: 297984K(297984K)->0K(302080K) From: 64K(16384K)->64K(12800K)
[720.254s][info][gc,heap        ] GC(1940) ParOldGen: 183645K(183808K)->183653K(183808K)
[720.254s][info][gc,metaspace   ] GC(1940) Metaspace: 35481K(36224K)->35481K(36224K) NonClass: 29208K(29760K)->29208K(29760K) Class: 6272K(6464K)->6272K(6464K)
[720.254s][info][gc             ] GC(1940) Pause Young (Allocation Failure) 470M->179M(487M) 0.975ms
[720.254s][info][gc,cpu         ] GC(1940) User=0.01s Sys=0.00s Real=0.00s
[720.367s][info][gc,start       ] GC(1941) Pause Young (Allocation Failure)
[720.369s][info][gc,heap        ] GC(1941) PSYoungGen: 302144K(314880K)->64K(290304K) Eden: 302080K(302080K)->0K(289792K) From: 64K(12800K)->64K(512K)
[720.369s][info][gc,heap        ] GC(1941) ParOldGen: 183653K(183808K)->183661K(183808K)
[720.369s][info][gc,metaspace   ] GC(1941) Metaspace: 35481K(36224K)->35481K(36224K) NonClass: 29208K(29760K)->29208K(29760K) Class: 6272K(6464K)->6272K(6464K)
[720.369s][info][gc             ] GC(1941) Pause Young (Allocation Failure) 474M->179M(463M) 1.821ms
[720.369s][info][gc,cpu         ] GC(1941) User=0.00s Sys=0.00s Real=0.00s
[720.606s][info][gc,start       ] GC(1942) Pause Young (Allocation Failure)
[720.607s][info][gc,heap        ] GC(1942) PSYoungGen: 289856K(290304K)->64K(279040K) Eden: 289792K(289792K)->0K(278528K) From: 64K(512K)->64K(512K)
[720.607s][info][gc,heap        ] GC(1942) ParOldGen: 183661K(183808K)->183669K(183808K)
[720.607s][info][gc,metaspace   ] GC(1942) Metaspace: 35481K(36224K)->35481K(36224K) NonClass: 29208K(29760K)->29208K(29760K) Class: 6272K(6464K)->6272K(6464K)
[720.607s][info][gc             ] GC(1942) Pause Young (Allocation Failure) 462M->179M(452M) 1.530ms
[720.607s][info][gc,cpu         ] GC(1942) User=0.00s Sys=0.00s Real=0.01s
[721.439s][info][gc,start       ] GC(1943) Pause Young (Allocation Failure)
[721.440s][info][gc,heap        ] GC(1943) PSYoungGen: 278592K(279040K)->83K(280576K) Eden: 278528K(278528K)->0K(267776K) From: 64K(512K)->83K(12800K)
[721.440s][info][gc,heap        ] GC(1943) ParOldGen: 183669K(183808K)->183677K(183808K)
[721.440s][info][gc,metaspace   ] GC(1943) Metaspace: 35481K(36224K)->35481K(36224K) NonClass: 29208K(29760K)->29208K(29760K) Class: 6272K(6464K)->6272K(6464K)
[721.440s][info][gc             ] GC(1943) Pause Young (Allocation Failure) 451M->179M(453M) 0.959ms
[721.440s][info][gc,cpu         ] GC(1943) User=0.00s Sys=0.00s Real=0.00s
[722.358s][info][gc,start       ] GC(1944) Pause Young (Allocation Failure)
[722.359s][info][gc,heap        ] GC(1944) PSYoungGen: 267859K(280576K)->64K(258048K) Eden: 267776K(267776K)->0K(257536K) From: 83K(12800K)->64K(512K)
[722.359s][info][gc,heap        ] GC(1944) ParOldGen: 183677K(183808K)->183685K(183808K)
[722.360s][info][gc,metaspace   ] GC(1944) Metaspace: 35481K(36224K)->35481K(36224K) NonClass: 29208K(29760K)->29208K(29760K) Class: 6272K(6464K)->6272K(6464K)
[722.360s][info][gc             ] GC(1944) Pause Young (Allocation Failure) 440M->179M(431M) 1.890ms
[722.360s][info][gc,cpu         ] GC(1944) User=0.00s Sys=0.00s Real=0.00s
[722.632s][info][gc,start       ] GC(1945) Pause Young (Allocation Failure)
[722.633s][info][gc,heap        ] GC(1945) PSYoungGen: 257600K(258048K)->64K(259072K) Eden: 257536K(257536K)->0K(247808K) From: 64K(512K)->64K(11264K)
[722.633s][info][gc,heap        ] GC(1945) ParOldGen: 183685K(183808K)->183693K(183808K)
[722.633s][info][gc,metaspace   ] GC(1945) Metaspace: 35481K(36224K)->35481K(36224K) NonClass: 29208K(29760K)->29208K(29760K) Class: 6272K(6464K)->6272K(6464K)
[722.633s][info][gc             ] GC(1945) Pause Young (Allocation Failure) 430M->179M(432M) 1.203ms
[722.633s][info][gc,cpu         ] GC(1945) User=0.00s Sys=0.00s Real=0.00s
[723.028s][info][gc,start       ] GC(1946) Pause Young (Allocation Failure)
[723.030s][info][gc,heap        ] GC(1946) PSYoungGen: 247872K(259072K)->64K(239104K) Eden: 247808K(247808K)->0K(238592K) From: 64K(11264K)->64K(512K)
[723.030s][info][gc,heap        ] GC(1946) ParOldGen: 183693K(183808K)->183709K(183808K)
[723.030s][info][gc,metaspace   ] GC(1946) Metaspace: 35481K(36224K)->35481K(36224K) NonClass: 29208K(29760K)->29208K(29760K) Class: 6272K(6464K)->6272K(6464K)
[723.030s][info][gc             ] GC(1946) Pause Young (Allocation Failure) 421M->179M(413M) 2.800ms
[723.030s][info][gc,cpu         ] GC(1946) User=0.01s Sys=0.00s Real=0.00s
[723.956s][info][gc,start       ] GC(1947) Pause Young (Allocation Failure)
[723.956s][info][gc,heap        ] GC(1947) PSYoungGen: 238656K(239104K)->64K(239104K) Eden: 238592K(238592K)->0K(229376K) From: 64K(512K)->64K(9728K)
[723.957s][info][gc,heap        ] GC(1947) ParOldGen: 183709K(183808K)->183717K(183808K)
[723.957s][info][gc,metaspace   ] GC(1947) Metaspace: 35481K(36224K)->35481K(36224K) NonClass: 29208K(29760K)->29208K(29760K) Class: 6272K(6464K)->6272K(6464K)
[723.957s][info][gc             ] GC(1947) Pause Young (Allocation Failure) 412M->179M(413M) 1.031ms
[723.957s][info][gc,cpu         ] GC(1947) User=0.00s Sys=0.00s Real=0.00s
[724.361s][info][gc,start       ] GC(1948) Pause Young (Allocation Failure)
[724.363s][info][gc,heap        ] GC(1948) PSYoungGen: 229440K(239104K)->64K(221184K) Eden: 229376K(229376K)->0K(220672K) From: 64K(9728K)->64K(512K)
[724.363s][info][gc,heap        ] GC(1948) ParOldGen: 183717K(183808K)->183725K(183808K)
[724.363s][info][gc,metaspace   ] GC(1948) Metaspace: 35481K(36224K)->35481K(36224K) NonClass: 29208K(29760K)->29208K(29760K) Class: 6272K(6464K)->6272K(6464K)
[724.363s][info][gc             ] GC(1948) Pause Young (Allocation Failure) 403M->179M(395M) 1.918ms
[724.363s][info][gc,cpu         ] GC(1948) User=0.00s Sys=0.01s Real=0.00s
[724.539s][info][gc,start       ] GC(1949) Pause Young (Allocation Failure)
[724.540s][info][gc,heap        ] GC(1949) PSYoungGen: 220736K(221184K)->64K(220672K) Eden: 220672K(220672K)->0K(212480K) From: 64K(512K)->64K(8192K)
[724.541s][info][gc,heap        ] GC(1949) ParOldGen: 183725K(183808K)->183741K(183808K)
[724.541s][info][gc,metaspace   ] GC(1949) Metaspace: 35481K(36224K)->35481K(36224K) NonClass: 29208K(29760K)->29208K(29760K) Class: 6272K(6464K)->6272K(6464K)
[724.541s][info][gc             ] GC(1949) Pause Young (Allocation Failure) 394M->179M(395M) 1.704ms
[724.541s][info][gc,cpu         ] GC(1949) User=0.00s Sys=0.00s Real=0.00s
[724.593s][info][gc,start       ] GC(1950) Pause Young (Allocation Failure)
[724.595s][info][gc,heap        ] GC(1950) PSYoungGen: 212544K(220672K)->32K(252416K) Eden: 212480K(212480K)->0K(251904K) From: 64K(8192K)->32K(512K)
[724.595s][info][gc,heap        ] GC(1950) ParOldGen: 183741K(183808K)->183757K(183808K)
[724.595s][info][gc,metaspace   ] GC(1950) Metaspace: 35481K(36224K)->35481K(36224K) NonClass: 29208K(29760K)->29208K(29760K) Class: 6272K(6464K)->6272K(6464K)
[724.595s][info][gc             ] GC(1950) Pause Young (Allocation Failure) 386M->179M(426M) 2.521ms
[724.595s][info][gc,cpu         ] GC(1950) User=0.00s Sys=0.00s Real=0.00s
[725.094s][info][gc,start       ] GC(1951) Pause Young (Allocation Failure)
[725.096s][info][gc,heap        ] GC(1951) PSYoungGen: 251936K(252416K)->64K(249344K) Eden: 251904K(251904K)->0K(242176K) From: 32K(512K)->64K(7168K)
[725.096s][info][gc,heap        ] GC(1951) ParOldGen: 183757K(183808K)->183757K(183808K)
[725.096s][info][gc,metaspace   ] GC(1951) Metaspace: 35481K(36224K)->35481K(36224K) NonClass: 29208K(29760K)->29208K(29760K) Class: 6272K(6464K)->6272K(6464K)
[725.096s][info][gc             ] GC(1951) Pause Young (Allocation Failure) 425M->179M(423M) 2.262ms
[725.096s][info][gc,cpu         ] GC(1951) User=0.00s Sys=0.00s Real=0.00s
[725.406s][info][gc,start       ] GC(1952) Pause Young (Allocation Failure)
[725.408s][info][gc,heap        ] GC(1952) PSYoungGen: 242240K(249344K)->32K(233472K) Eden: 242176K(242176K)->0K(232960K) From: 64K(7168K)->32K(512K)
[725.408s][info][gc,heap        ] GC(1952) ParOldGen: 183757K(183808K)->183765K(183808K)
[725.408s][info][gc,metaspace   ] GC(1952) Metaspace: 35481K(36224K)->35481K(36224K) NonClass: 29208K(29760K)->29208K(29760K) Class: 6272K(6464K)->6272K(6464K)
[725.408s][info][gc             ] GC(1952) Pause Young (Allocation Failure) 416M->179M(407M) 2.633ms
[725.408s][info][gc,cpu         ] GC(1952) User=0.01s Sys=0.00s Real=0.01s
[725.798s][info][gc,start       ] GC(1953) Pause Young (Allocation Failure)
[725.816s][info][gc,heap        ] GC(1953) PSYoungGen: 232992K(233472K)->6144K(256000K) Eden: 232960K(232960K)->0K(249856K) From: 32K(512K)->6144K(6144K)
[725.816s][info][gc,heap        ] GC(1953) ParOldGen: 183765K(183808K)->186781K(186880K)
[725.816s][info][gc,metaspace   ] GC(1953) Metaspace: 35481K(36224K)->35481K(36224K) NonClass: 29208K(29760K)->29208K(29760K) Class: 6272K(6464K)->6272K(6464K)
[725.816s][info][gc             ] GC(1953) Pause Young (Allocation Failure) 406M->188M(432M) 18.053ms
[725.816s][info][gc,cpu         ] GC(1953) User=0.03s Sys=0.00s Real=0.01s
[726.111s][info][gc,start       ] GC(1954) Pause Young (Allocation Failure)
[726.171s][info][gc,heap        ] GC(1954) PSYoungGen: 256000K(256000K)->8704K(277504K) Eden: 249856K(249856K)->0K(268800K) From: 6144K(6144K)->8704K(8704K)
[726.171s][info][gc,heap        ] GC(1954) ParOldGen: 186781K(186880K)->204549K(204800K)
[726.171s][info][gc,metaspace   ] GC(1954) Metaspace: 35481K(36224K)->35481K(36224K) NonClass: 29208K(29760K)->29208K(29760K) Class: 6272K(6464K)->6272K(6464K)
[726.171s][info][gc             ] GC(1954) Pause Young (Allocation Failure) 432M->208M(471M) 60.012ms
[726.171s][info][gc,cpu         ] GC(1954) User=0.10s Sys=0.03s Real=0.06s
[726.477s][info][gc,start       ] GC(1955) Pause Young (Allocation Failure)
[726.543s][info][gc,heap        ] GC(1955) PSYoungGen: 277504K(277504K)->17408K(286208K) Eden: 268800K(268800K)->0K(268800K) From: 8704K(8704K)->17408K(17408K)
[726.543s][info][gc,heap        ] GC(1955) ParOldGen: 204549K(204800K)->216141K(216576K)
[726.543s][info][gc,metaspace   ] GC(1955) Metaspace: 35481K(36224K)->35481K(36224K) NonClass: 29208K(29760K)->29208K(29760K) Class: 6272K(6464K)->6272K(6464K)
[726.543s][info][gc             ] GC(1955) Pause Young (Allocation Failure) 470M->228M(491M) 65.549ms
[726.543s][info][gc,cpu         ] GC(1955) User=0.11s Sys=0.02s Real=0.06s
[726.656s][info][gc,start       ] GC(1956) Pause Young (Allocation Failure)
[726.671s][info][gc,heap        ] GC(1956) PSYoungGen: 286208K(286208K)->5120K(310272K) Eden: 268800K(268800K)->0K(284672K) From: 17408K(17408K)->5120K(25600K)
[726.671s][info][gc,heap        ] GC(1956) ParOldGen: 216141K(216576K)->216557K(216576K)
[726.671s][info][gc,metaspace   ] GC(1956) Metaspace: 35481K(36224K)->35481K(36224K) NonClass: 29208K(29760K)->29208K(29760K) Class: 6272K(6464K)->6272K(6464K)
[726.671s][info][gc             ] GC(1956) Pause Young (Allocation Failure) 490M->216M(514M) 14.929ms
[726.671s][info][gc,cpu         ] GC(1956) User=0.02s Sys=0.00s Real=0.02s
[727.166s][info][gc,start       ] GC(1957) Pause Young (Allocation Failure)
[727.167s][info][gc,heap        ] GC(1957) PSYoungGen: 289792K(310272K)->64K(285184K) Eden: 284672K(284672K)->0K(284672K) From: 5120K(25600K)->64K(512K)
[727.167s][info][gc,heap        ] GC(1957) ParOldGen: 216557K(216576K)->216565K(216576K)
[727.167s][info][gc,metaspace   ] GC(1957) Metaspace: 35481K(36224K)->35481K(36224K) NonClass: 29208K(29760K)->29208K(29760K) Class: 6272K(6464K)->6272K(6464K)
[727.167s][info][gc             ] GC(1957) Pause Young (Allocation Failure) 494M->211M(490M) 1.115ms
[727.167s][info][gc,cpu         ] GC(1957) User=0.00s Sys=0.00s Real=0.01s
[727.733s][info][gc,start       ] GC(1958) Pause Young (Allocation Failure)
[727.734s][info][gc,heap        ] GC(1958) PSYoungGen: 284736K(285184K)->64K(308224K) Eden: 284672K(284672K)->0K(285184K) From: 64K(512K)->64K(23040K)
[727.734s][info][gc,heap        ] GC(1958) ParOldGen: 216565K(216576K)->216573K(216576K)
[727.734s][info][gc,metaspace   ] GC(1958) Metaspace: 35481K(36224K)->35481K(36224K) NonClass: 29208K(29760K)->29208K(29760K) Class: 6272K(6464K)->6272K(6464K)
[727.734s][info][gc             ] GC(1958) Pause Young (Allocation Failure) 489M->211M(512M) 1.155ms
[727.734s][info][gc,cpu         ] GC(1958) User=0.01s Sys=0.00s Real=0.00s
[728.185s][info][gc,start       ] GC(1959) Pause Young (Allocation Failure)
[728.186s][info][gc,heap        ] GC(1959) PSYoungGen: 285248K(308224K)->64K(307712K) Eden: 285184K(285184K)->0K(285184K) From: 64K(23040K)->64K(22528K)
[728.186s][info][gc,heap        ] GC(1959) ParOldGen: 216573K(216576K)->216589K(217088K)
[728.186s][info][gc,metaspace   ] GC(1959) Metaspace: 35481K(36224K)->35481K(36224K) NonClass: 29208K(29760K)->29208K(29760K) Class: 6272K(6464K)->6272K(6464K)
[728.186s][info][gc             ] GC(1959) Pause Young (Allocation Failure) 490M->211M(512M) 1.322ms
[728.187s][info][gc,cpu         ] GC(1959) User=0.01s Sys=0.00s Real=0.00s
[728.381s][info][gc,start       ] GC(1960) Pause Young (Allocation Failure)
[728.382s][info][gc,heap        ] GC(1960) PSYoungGen: 285248K(307712K)->64K(310272K) Eden: 285184K(285184K)->0K(289280K) From: 64K(22528K)->64K(20992K)
[728.382s][info][gc,heap        ] GC(1960) ParOldGen: 216589K(217088K)->216605K(217088K)
[728.382s][info][gc,metaspace   ] GC(1960) Metaspace: 35481K(36224K)->35481K(36224K) NonClass: 29208K(29760K)->29208K(29760K) Class: 6272K(6464K)->6272K(6464K)
[728.382s][info][gc             ] GC(1960) Pause Young (Allocation Failure) 490M->211M(515M) 1.164ms
[728.382s][info][gc,cpu         ] GC(1960) User=0.00s Sys=0.00s Real=0.00s
[728.581s][info][gc,start       ] GC(1961) Pause Young (Allocation Failure)
[728.582s][info][gc,heap        ] GC(1961) PSYoungGen: 289344K(310272K)->64K(309760K) Eden: 289280K(289280K)->0K(289280K) From: 64K(20992K)->64K(20480K)
[728.582s][info][gc,heap        ] GC(1961) ParOldGen: 216605K(217088K)->216605K(217088K)
[728.582s][info][gc,metaspace   ] GC(1961) Metaspace: 35481K(36224K)->35481K(36224K) NonClass: 29208K(29760K)->29208K(29760K) Class: 6272K(6464K)->6272K(6464K)
[728.582s][info][gc             ] GC(1961) Pause Young (Allocation Failure) 494M->211M(514M) 1.121ms
[728.582s][info][gc,cpu         ] GC(1961) User=0.00s Sys=0.00s Real=0.00s
[728.933s][info][gc,start       ] GC(1962) Pause Young (Allocation Failure)
[728.934s][info][gc,heap        ] GC(1962) PSYoungGen: 289344K(309760K)->64K(312320K) Eden: 289280K(289280K)->0K(292864K) From: 64K(20480K)->64K(19456K)
[728.934s][info][gc,heap        ] GC(1962) ParOldGen: 216605K(217088K)->216605K(217088K)
[728.934s][info][gc,metaspace   ] GC(1962) Metaspace: 35481K(36224K)->35481K(36224K) NonClass: 29208K(29760K)->29208K(29760K) Class: 6272K(6464K)->6272K(6464K)
[728.934s][info][gc             ] GC(1962) Pause Young (Allocation Failure) 494M->211M(517M) 1.081ms
[728.934s][info][gc,cpu         ] GC(1962) User=0.00s Sys=0.01s Real=0.00s
[729.020s][info][gc,start       ] GC(1963) Pause Young (Allocation Failure)
[729.021s][info][gc,heap        ] GC(1963) PSYoungGen: 292928K(312320K)->64K(311808K) Eden: 292864K(292864K)->0K(292864K) From: 64K(19456K)->64K(18944K)
[729.021s][info][gc,heap        ] GC(1963) ParOldGen: 216605K(217088K)->216613K(217088K)
[729.021s][info][gc,metaspace   ] GC(1963) Metaspace: 35481K(36224K)->35481K(36224K) NonClass: 29208K(29760K)->29208K(29760K) Class: 6272K(6464K)->6272K(6464K)
[729.021s][info][gc             ] GC(1963) Pause Young (Allocation Failure) 497M->211M(516M) 1.136ms
[729.021s][info][gc,cpu         ] GC(1963) User=0.00s Sys=0.00s Real=0.00s
[729.075s][info][gc,start       ] GC(1964) Pause Young (Allocation Failure)
[729.076s][info][gc,heap        ] GC(1964) PSYoungGen: 292928K(311808K)->64K(313856K) Eden: 292864K(292864K)->0K(296448K) From: 64K(18944K)->64K(17408K)
[729.076s][info][gc,heap        ] GC(1964) ParOldGen: 216613K(217088K)->216629K(217088K)
[729.076s][info][gc,metaspace   ] GC(1964) Metaspace: 35481K(36224K)->35481K(36224K) NonClass: 29208K(29760K)->29208K(29760K) Class: 6272K(6464K)->6272K(6464K)
[729.076s][info][gc             ] GC(1964) Pause Young (Allocation Failure) 497M->211M(518M) 1.086ms
[729.076s][info][gc,cpu         ] GC(1964) User=0.00s Sys=0.00s Real=0.00s
[729.228s][info][gc,start       ] GC(1965) Pause Young (Allocation Failure)
[729.229s][info][gc,heap        ] GC(1965) PSYoungGen: 296512K(313856K)->64K(313344K) Eden: 296448K(296448K)->0K(296448K) From: 64K(17408K)->64K(16896K)
[729.229s][info][gc,heap        ] GC(1965) ParOldGen: 216629K(217088K)->216629K(217088K)
[729.229s][info][gc,metaspace   ] GC(1965) Metaspace: 35481K(36224K)->35481K(36224K) NonClass: 29208K(29760K)->29208K(29760K) Class: 6272K(6464K)->6272K(6464K)
[729.229s][info][gc             ] GC(1965) Pause Young (Allocation Failure) 501M->211M(518M) 1.216ms
[729.229s][info][gc,cpu         ] GC(1965) User=0.01s Sys=0.00s Real=0.00s
[729.450s][info][gc,start       ] GC(1966) Pause Young (Allocation Failure)
[729.451s][info][gc,heap        ] GC(1966) PSYoungGen: 296512K(313344K)->64K(315904K) Eden: 296448K(296448K)->0K(300544K) From: 64K(16896K)->64K(15360K)
[729.451s][info][gc,heap        ] GC(1966) ParOldGen: 216629K(217088K)->216637K(217088K)
[729.451s][info][gc,metaspace   ] GC(1966) Metaspace: 35481K(36224K)->35481K(36224K) NonClass: 29208K(29760K)->29208K(29760K) Class: 6272K(6464K)->6272K(6464K)
[729.451s][info][gc             ] GC(1966) Pause Young (Allocation Failure) 501M->211M(520M) 1.173ms
[729.451s][info][gc,cpu         ] GC(1966) User=0.01s Sys=0.00s Real=0.00s
[729.602s][info][gc,start       ] GC(1967) Pause Young (Allocation Failure)
[729.604s][info][gc,heap        ] GC(1967) PSYoungGen: 300608K(315904K)->32K(315392K) Eden: 300544K(300544K)->0K(300544K) From: 64K(15360K)->32K(14848K)
[729.604s][info][gc,heap        ] GC(1967) ParOldGen: 216637K(217088K)->216645K(217088K)
[729.604s][info][gc,metaspace   ] GC(1967) Metaspace: 35481K(36224K)->35481K(36224K) NonClass: 29208K(29760K)->29208K(29760K) Class: 6272K(6464K)->6272K(6464K)
[729.604s][info][gc             ] GC(1967) Pause Young (Allocation Failure) 505M->211M(520M) 1.587ms
[729.604s][info][gc,cpu         ] GC(1967) User=0.01s Sys=0.00s Real=0.00s
[729.688s][info][gc,start       ] GC(1968) Pause Young (Allocation Failure)
[729.689s][info][gc,heap        ] GC(1968) PSYoungGen: 300576K(315392K)->64K(317952K) Eden: 300544K(300544K)->0K(304640K) From: 32K(14848K)->64K(13312K)
[729.689s][info][gc,heap        ] GC(1968) ParOldGen: 216645K(217088K)->216653K(217088K)
[729.689s][info][gc,metaspace   ] GC(1968) Metaspace: 35481K(36224K)->35481K(36224K) NonClass: 29208K(29760K)->29208K(29760K) Class: 6272K(6464K)->6272K(6464K)
[729.690s][info][gc             ] GC(1968) Pause Young (Allocation Failure) 505M->211M(522M) 1.106ms
[729.690s][info][gc,cpu         ] GC(1968) User=0.00s Sys=0.00s Real=0.00s
[729.870s][info][gc,start       ] GC(1969) Pause Young (Allocation Failure)
[729.872s][info][gc,heap        ] GC(1969) PSYoungGen: 304704K(317952K)->64K(317952K) Eden: 304640K(304640K)->0K(304640K) From: 64K(13312K)->64K(13312K)
[729.872s][info][gc,heap        ] GC(1969) ParOldGen: 216653K(217088K)->216661K(217088K)
[729.872s][info][gc,metaspace   ] GC(1969) Metaspace: 35481K(36224K)->35481K(36224K) NonClass: 29208K(29760K)->29208K(29760K) Class: 6272K(6464K)->6272K(6464K)
[729.872s][info][gc             ] GC(1969) Pause Young (Allocation Failure) 509M->211M(522M) 1.679ms
[729.872s][info][gc,cpu         ] GC(1969) User=0.00s Sys=0.00s Real=0.00s
[730.837s][info][gc,start       ] GC(1970) Pause Young (Allocation Failure)
[730.838s][info][gc,heap        ] GC(1970) PSYoungGen: 304704K(317952K)->64K(292864K) Eden: 304640K(304640K)->0K(292352K) From: 64K(13312K)->64K(512K)
[730.838s][info][gc,heap        ] GC(1970) ParOldGen: 216661K(217088K)->216669K(217088K)
[730.838s][info][gc,metaspace   ] GC(1970) Metaspace: 35481K(36224K)->35481K(36224K) NonClass: 29208K(29760K)->29208K(29760K) Class: 6272K(6464K)->6272K(6464K)
[730.838s][info][gc             ] GC(1970) Pause Young (Allocation Failure) 509M->211M(498M) 1.095ms
[730.838s][info][gc,cpu         ] GC(1970) User=0.00s Sys=0.00s Real=0.00s
[731.728s][info][gc,start       ] GC(1971) Pause Young (Allocation Failure)
[731.729s][info][gc,heap        ] GC(1971) PSYoungGen: 292416K(292864K)->64K(292352K) Eden: 292352K(292352K)->0K(280576K) From: 64K(512K)->64K(11776K)
[731.729s][info][gc,heap        ] GC(1971) ParOldGen: 216669K(217088K)->216677K(217088K)
[731.729s][info][gc,metaspace   ] GC(1971) Metaspace: 35481K(36224K)->35481K(36224K) NonClass: 29208K(29760K)->29208K(29760K) Class: 6272K(6464K)->6272K(6464K)
[731.729s][info][gc             ] GC(1971) Pause Young (Allocation Failure) 497M->211M(497M) 1.092ms
[731.729s][info][gc,cpu         ] GC(1971) User=0.00s Sys=0.00s Real=0.00s
[731.983s][info][gc,start       ] GC(1972) Pause Young (Allocation Failure)
[731.984s][info][gc,heap        ] GC(1972) PSYoungGen: 280640K(292352K)->64K(269824K) Eden: 280576K(280576K)->0K(269312K) From: 64K(11776K)->64K(512K)
[731.984s][info][gc,heap        ] GC(1972) ParOldGen: 216677K(217088K)->216685K(217088K)
[731.984s][info][gc,metaspace   ] GC(1972) Metaspace: 35481K(36224K)->35481K(36224K) NonClass: 29208K(29760K)->29208K(29760K) Class: 6272K(6464K)->6272K(6464K)
[731.984s][info][gc             ] GC(1972) Pause Young (Allocation Failure) 485M->211M(475M) 1.505ms
[731.984s][info][gc,cpu         ] GC(1972) User=0.00s Sys=0.00s Real=0.00s
[732.434s][info][gc,start       ] GC(1973) Pause Young (Allocation Failure)
[732.435s][info][gc,heap        ] GC(1973) PSYoungGen: 269376K(269824K)->64K(269312K) Eden: 269312K(269312K)->0K(259072K) From: 64K(512K)->64K(10240K)
[732.435s][info][gc,heap        ] GC(1973) ParOldGen: 216685K(217088K)->216693K(217088K)
[732.435s][info][gc,metaspace   ] GC(1973) Metaspace: 35481K(36224K)->35481K(36224K) NonClass: 29208K(29760K)->29208K(29760K) Class: 6272K(6464K)->6272K(6464K)
[732.435s][info][gc             ] GC(1973) Pause Young (Allocation Failure) 474M->211M(475M) 1.089ms
[732.435s][info][gc,cpu         ] GC(1973) User=0.00s Sys=0.00s Real=0.00s
[733.377s][info][gc,start       ] GC(1974) Pause Young (Allocation Failure)
[733.378s][info][gc,heap        ] GC(1974) PSYoungGen: 259136K(269312K)->64K(249344K) Eden: 259072K(259072K)->0K(248832K) From: 64K(10240K)->64K(512K)
[733.378s][info][gc,heap        ] GC(1974) ParOldGen: 216693K(217088K)->216701K(217088K)
[733.378s][info][gc,metaspace   ] GC(1974) Metaspace: 35481K(36224K)->35481K(36224K) NonClass: 29208K(29760K)->29208K(29760K) Class: 6272K(6464K)->6272K(6464K)
[733.378s][info][gc             ] GC(1974) Pause Young (Allocation Failure) 464M->211M(455M) 1.552ms
[733.378s][info][gc,cpu         ] GC(1974) User=0.00s Sys=0.00s Real=0.00s
[733.753s][info][gc,start       ] GC(1975) Pause Young (Allocation Failure)
[733.755s][info][gc,heap        ] GC(1975) PSYoungGen: 248896K(249344K)->64K(247808K) Eden: 248832K(248832K)->0K(239104K) From: 64K(512K)->64K(8704K)
[733.755s][info][gc,heap        ] GC(1975) ParOldGen: 216701K(217088K)->216717K(217088K)
[733.755s][info][gc,metaspace   ] GC(1975) Metaspace: 35481K(36224K)->35481K(36224K) NonClass: 29208K(29760K)->29208K(29760K) Class: 6272K(6464K)->6272K(6464K)
[733.755s][info][gc             ] GC(1975) Pause Young (Allocation Failure) 454M->211M(454M) 1.885ms
[733.755s][info][gc,cpu         ] GC(1975) User=0.00s Sys=0.00s Real=0.00s
[733.917s][info][gc,start       ] GC(1976) Pause Young (Allocation Failure)
[733.919s][info][gc,heap        ] GC(1976) PSYoungGen: 239168K(247808K)->64K(230400K) Eden: 239104K(239104K)->0K(229888K) From: 64K(8704K)->64K(512K)
[733.919s][info][gc,heap        ] GC(1976) ParOldGen: 216717K(217088K)->216733K(217088K)
[733.919s][info][gc,metaspace   ] GC(1976) Metaspace: 35481K(36224K)->35481K(36224K) NonClass: 29208K(29760K)->29208K(29760K) Class: 6272K(6464K)->6272K(6464K)
[733.920s][info][gc             ] GC(1976) Pause Young (Allocation Failure) 445M->211M(437M) 2.467ms
[733.920s][info][gc,cpu         ] GC(1976) User=0.00s Sys=0.00s Real=0.00s
[734.007s][info][gc,start       ] GC(1977) Pause Young (Allocation Failure)
[734.008s][info][gc,heap        ] GC(1977) PSYoungGen: 229952K(230400K)->64K(228864K) Eden: 229888K(229888K)->0K(221184K) From: 64K(512K)->64K(7680K)
[734.008s][info][gc,heap        ] GC(1977) ParOldGen: 216733K(217088K)->216741K(217088K)
[734.008s][info][gc,metaspace   ] GC(1977) Metaspace: 35481K(36224K)->35481K(36224K) NonClass: 29208K(29760K)->29208K(29760K) Class: 6272K(6464K)->6272K(6464K)
[734.008s][info][gc             ] GC(1977) Pause Young (Allocation Failure) 436M->211M(435M) 1.522ms
[734.008s][info][gc,cpu         ] GC(1977) User=0.00s Sys=0.00s Real=0.00s
[734.584s][info][gc,start       ] GC(1978) Pause Young (Allocation Failure)
[734.586s][info][gc,heap        ] GC(1978) PSYoungGen: 221248K(228864K)->64K(213504K) Eden: 221184K(221184K)->0K(212992K) From: 64K(7680K)->64K(512K)
[734.586s][info][gc,heap        ] GC(1978) ParOldGen: 216741K(217088K)->216757K(217088K)
[734.586s][info][gc,metaspace   ] GC(1978) Metaspace: 35481K(36224K)->35481K(36224K) NonClass: 29208K(29760K)->29208K(29760K) Class: 6272K(6464K)->6272K(6464K)
[734.586s][info][gc             ] GC(1978) Pause Young (Allocation Failure) 427M->211M(420M) 2.511ms
[734.586s][info][gc,cpu         ] GC(1978) User=0.00s Sys=0.00s Real=0.00s
[734.783s][info][gc,start       ] GC(1979) Pause Young (Allocation Failure)
[734.785s][info][gc,heap        ] GC(1979) PSYoungGen: 213056K(213504K)->64K(211968K) Eden: 212992K(212992K)->0K(205312K) From: 64K(512K)->64K(6656K)
[734.785s][info][gc,heap        ] GC(1979) ParOldGen: 216757K(217088K)->216765K(217088K)
[734.785s][info][gc,metaspace   ] GC(1979) Metaspace: 35481K(36224K)->35481K(36224K) NonClass: 29208K(29760K)->29208K(29760K) Class: 6272K(6464K)->6272K(6464K)
[734.785s][info][gc             ] GC(1979) Pause Young (Allocation Failure) 419M->211M(419M) 1.878ms
[734.785s][info][gc,cpu         ] GC(1979) User=0.00s Sys=0.00s Real=0.00s
[735.117s][info][gc,start       ] GC(1980) Pause Young (Allocation Failure)
[735.134s][info][gc,heap        ] GC(1980) PSYoungGen: 205376K(211968K)->6144K(250880K) Eden: 205312K(205312K)->0K(244736K) From: 64K(6656K)->6144K(6144K)
[735.134s][info][gc,heap        ] GC(1980) ParOldGen: 216765K(217088K)->218757K(219136K)
[735.134s][info][gc,metaspace   ] GC(1980) Metaspace: 35481K(36224K)->35481K(36224K) NonClass: 29208K(29760K)->29208K(29760K) Class: 6272K(6464K)->6272K(6464K)
[735.134s][info][gc             ] GC(1980) Pause Young (Allocation Failure) 412M->219M(459M) 17.102ms
[735.134s][info][gc,cpu         ] GC(1980) User=0.03s Sys=0.00s Real=0.01s
[735.400s][info][gc,start       ] GC(1981) Pause Young (Allocation Failure)
[735.452s][info][gc,heap        ] GC(1981) PSYoungGen: 250880K(250880K)->8704K(277504K) Eden: 244736K(244736K)->0K(268800K) From: 6144K(6144K)->8704K(8704K)
[735.452s][info][gc,heap        ] GC(1981) ParOldGen: 218757K(219136K)->235949K(236032K)
[735.452s][info][gc,metaspace   ] GC(1981) Metaspace: 35481K(36224K)->35481K(36224K) NonClass: 29208K(29760K)->29208K(29760K) Class: 6272K(6464K)->6272K(6464K)
[735.452s][info][gc             ] GC(1981) Pause Young (Allocation Failure) 458M->238M(501M) 52.491ms
[735.452s][info][gc,cpu         ] GC(1981) User=0.09s Sys=0.02s Real=0.05s
[735.790s][info][gc,start       ] GC(1982) Pause Young (Allocation Failure)
[735.855s][info][gc,heap        ] GC(1982) PSYoungGen: 277504K(277504K)->16896K(300544K) Eden: 268800K(268800K)->0K(283648K) From: 8704K(8704K)->16896K(16896K)
[735.855s][info][gc,heap        ] GC(1982) ParOldGen: 235949K(236032K)->248037K(248320K)
[735.855s][info][gc,metaspace   ] GC(1982) Metaspace: 35481K(36224K)->35481K(36224K) NonClass: 29208K(29760K)->29208K(29760K) Class: 6272K(6464K)->6272K(6464K)
[735.855s][info][gc             ] GC(1982) Pause Young (Allocation Failure) 501M->258M(536M) 65.517ms
[735.855s][info][gc,cpu         ] GC(1982) User=0.11s Sys=0.01s Real=0.06s
[735.992s][info][gc,start       ] GC(1983) Pause Young (Allocation Failure)
[736.008s][info][gc,heap        ] GC(1983) PSYoungGen: 300544K(300544K)->6688K(308736K) Eden: 283648K(283648K)->0K(283648K) From: 16896K(16896K)->6688K(25088K)
[736.008s][info][gc,heap        ] GC(1983) ParOldGen: 248037K(248320K)->248469K(248832K)
[736.008s][info][gc,metaspace   ] GC(1983) Metaspace: 35481K(36224K)->35481K(36224K) NonClass: 29208K(29760K)->29208K(29760K) Class: 6272K(6464K)->6272K(6464K)
[736.008s][info][gc             ] GC(1983) Pause Young (Allocation Failure) 535M->249M(544M) 16.536ms
[736.008s][info][gc,cpu         ] GC(1983) User=0.03s Sys=0.00s Real=0.02s
[736.492s][info][gc,start       ] GC(1984) Pause Young (Allocation Failure)
[736.493s][info][gc,heap        ] GC(1984) PSYoungGen: 290336K(308736K)->64K(305664K) Eden: 283648K(283648K)->0K(285696K) From: 6688K(25088K)->64K(19968K)
[736.493s][info][gc,heap        ] GC(1984) ParOldGen: 248469K(248832K)->248477K(248832K)
[736.493s][info][gc,metaspace   ] GC(1984) Metaspace: 35481K(36224K)->35481K(36224K) NonClass: 29208K(29760K)->29208K(29760K) Class: 6272K(6464K)->6272K(6464K)
[736.493s][info][gc             ] GC(1984) Pause Young (Allocation Failure) 526M->242M(541M) 1.340ms
[736.493s][info][gc,cpu         ] GC(1984) User=0.01s Sys=0.01s Real=0.00s
[737.042s][info][gc,start       ] GC(1985) Pause Young (Allocation Failure)
[737.044s][info][gc,heap        ] GC(1985) PSYoungGen: 285760K(305664K)->64K(308224K) Eden: 285696K(285696K)->0K(285696K) From: 64K(19968K)->64K(22528K)
[737.044s][info][gc,heap        ] GC(1985) ParOldGen: 248477K(248832K)->248485K(248832K)
[737.044s][info][gc,metaspace   ] GC(1985) Metaspace: 35481K(36224K)->35481K(36224K) NonClass: 29208K(29760K)->29208K(29760K) Class: 6272K(6464K)->6272K(6464K)
[737.044s][info][gc             ] GC(1985) Pause Young (Allocation Failure) 521M->242M(544M) 1.553ms
[737.044s][info][gc,cpu         ] GC(1985) User=0.01s Sys=0.00s Real=0.00s
[737.468s][info][gc,start       ] GC(1986) Pause Young (Allocation Failure)
[737.469s][info][gc,heap        ] GC(1986) PSYoungGen: 285760K(308224K)->64K(308736K) Eden: 285696K(285696K)->0K(289280K) From: 64K(22528K)->64K(19456K)
[737.469s][info][gc,heap        ] GC(1986) ParOldGen: 248485K(248832K)->248501K(248832K)
[737.469s][info][gc,metaspace   ] GC(1986) Metaspace: 35481K(36224K)->35481K(36224K) NonClass: 29208K(29760K)->29208K(29760K) Class: 6272K(6464K)->6272K(6464K)
[737.469s][info][gc             ] GC(1986) Pause Young (Allocation Failure) 521M->242M(544M) 1.289ms
[737.469s][info][gc,cpu         ] GC(1986) User=0.00s Sys=0.00s Real=0.00s
[737.661s][info][gc,start       ] GC(1987) Pause Young (Allocation Failure)
[737.662s][info][gc,heap        ] GC(1987) PSYoungGen: 289344K(308736K)->64K(310272K) Eden: 289280K(289280K)->0K(289280K) From: 64K(19456K)->64K(20992K)
[737.662s][info][gc,heap        ] GC(1987) ParOldGen: 248501K(248832K)->248517K(248832K)
[737.662s][info][gc,metaspace   ] GC(1987) Metaspace: 35481K(36224K)->35481K(36224K) NonClass: 29208K(29760K)->29208K(29760K) Class: 6272K(6464K)->6272K(6464K)
[737.662s][info][gc             ] GC(1987) Pause Young (Allocation Failure) 525M->242M(546M) 1.244ms
[737.662s][info][gc,cpu         ] GC(1987) User=0.00s Sys=0.00s Real=0.00s
[737.855s][info][gc,start       ] GC(1988) Pause Young (Allocation Failure)
[737.856s][info][gc,heap        ] GC(1988) PSYoungGen: 289344K(310272K)->64K(310272K) Eden: 289280K(289280K)->0K(292352K) From: 64K(20992K)->64K(17920K)
[737.856s][info][gc,heap        ] GC(1988) ParOldGen: 248517K(248832K)->248517K(248832K)
[737.856s][info][gc,metaspace   ] GC(1988) Metaspace: 35481K(36224K)->35481K(36224K) NonClass: 29208K(29760K)->29208K(29760K) Class: 6272K(6464K)->6272K(6464K)
[737.856s][info][gc             ] GC(1988) Pause Young (Allocation Failure) 525M->242M(546M) 1.265ms
[737.856s][info][gc,cpu         ] GC(1988) User=0.00s Sys=0.00s Real=0.00s
[738.201s][info][gc,start       ] GC(1989) Pause Young (Allocation Failure)
[738.202s][info][gc,heap        ] GC(1989) PSYoungGen: 292416K(310272K)->64K(311808K) Eden: 292352K(292352K)->0K(292352K) From: 64K(17920K)->64K(19456K)
[738.202s][info][gc,heap        ] GC(1989) ParOldGen: 248517K(248832K)->248517K(248832K)
[738.202s][info][gc,metaspace   ] GC(1989) Metaspace: 35481K(36224K)->35481K(36224K) NonClass: 29208K(29760K)->29208K(29760K) Class: 6272K(6464K)->6272K(6464K)
[738.202s][info][gc             ] GC(1989) Pause Young (Allocation Failure) 528M->242M(547M) 1.218ms
[738.202s][info][gc,cpu         ] GC(1989) User=0.00s Sys=0.00s Real=0.00s
[738.281s][info][gc,start       ] GC(1990) Pause Young (Allocation Failure)
[738.282s][info][gc,heap        ] GC(1990) PSYoungGen: 292416K(311808K)->64K(311808K) Eden: 292352K(292352K)->0K(295936K) From: 64K(19456K)->64K(15872K)
[738.282s][info][gc,heap        ] GC(1990) ParOldGen: 248517K(248832K)->248525K(248832K)
[738.282s][info][gc,metaspace   ] GC(1990) Metaspace: 35481K(36224K)->35481K(36224K) NonClass: 29208K(29760K)->29208K(29760K) Class: 6272K(6464K)->6272K(6464K)
[738.282s][info][gc             ] GC(1990) Pause Young (Allocation Failure) 528M->242M(547M) 1.102ms
[738.282s][info][gc,cpu         ] GC(1990) User=0.00s Sys=0.00s Real=0.00s
[738.338s][info][gc,start       ] GC(1991) Pause Young (Allocation Failure)
[738.339s][info][gc,heap        ] GC(1991) PSYoungGen: 295999K(311808K)->64K(313344K) Eden: 295935K(295936K)->0K(295936K) From: 64K(15872K)->64K(17408K)
[738.339s][info][gc,heap        ] GC(1991) ParOldGen: 248525K(248832K)->248541K(248832K)
[738.339s][info][gc,metaspace   ] GC(1991) Metaspace: 35481K(36224K)->35481K(36224K) NonClass: 29208K(29760K)->29208K(29760K) Class: 6272K(6464K)->6272K(6464K)
[738.339s][info][gc             ] GC(1991) Pause Young (Allocation Failure) 531M->242M(549M) 1.104ms
[738.339s][info][gc,cpu         ] GC(1991) User=0.00s Sys=0.00s Real=0.00s
[738.491s][info][gc,start       ] GC(1992) Pause Young (Allocation Failure)
[738.492s][info][gc,heap        ] GC(1992) PSYoungGen: 296000K(313344K)->64K(313856K) Eden: 295936K(295936K)->0K(299520K) From: 64K(17408K)->64K(14336K)
[738.492s][info][gc,heap        ] GC(1992) ParOldGen: 248541K(248832K)->248541K(248832K)
[738.492s][info][gc,metaspace   ] GC(1992) Metaspace: 35481K(36224K)->35481K(36224K) NonClass: 29208K(29760K)->29208K(29760K) Class: 6272K(6464K)->6272K(6464K)
[738.492s][info][gc             ] GC(1992) Pause Young (Allocation Failure) 531M->242M(549M) 1.083ms
[738.492s][info][gc,cpu         ] GC(1992) User=0.00s Sys=0.00s Real=0.00s
[738.704s][info][gc,start       ] GC(1993) Pause Young (Allocation Failure)
[738.705s][info][gc,heap        ] GC(1993) PSYoungGen: 299584K(313856K)->64K(315392K) Eden: 299520K(299520K)->0K(299520K) From: 64K(14336K)->64K(15872K)
[738.705s][info][gc,heap        ] GC(1993) ParOldGen: 248541K(248832K)->248549K(248832K)
[738.705s][info][gc,metaspace   ] GC(1993) Metaspace: 35481K(36224K)->35481K(36224K) NonClass: 29208K(29760K)->29208K(29760K) Class: 6272K(6464K)->6272K(6464K)
[738.705s][info][gc             ] GC(1993) Pause Young (Allocation Failure) 535M->242M(551M) 1.134ms
[738.705s][info][gc,cpu         ] GC(1993) User=0.00s Sys=0.00s Real=0.00s
[738.840s][info][gc,start       ] GC(1994) Pause Young (Allocation Failure)
[738.841s][info][gc,heap        ] GC(1994) PSYoungGen: 299584K(315392K)->64K(315392K) Eden: 299520K(299520K)->0K(303104K) From: 64K(15872K)->64K(12288K)
[738.841s][info][gc,heap        ] GC(1994) ParOldGen: 248549K(248832K)->248557K(248832K)
[738.841s][info][gc,metaspace   ] GC(1994) Metaspace: 35481K(36224K)->35481K(36224K) NonClass: 29208K(29760K)->29208K(29760K) Class: 6272K(6464K)->6272K(6464K)
[738.841s][info][gc             ] GC(1994) Pause Young (Allocation Failure) 535M->242M(551M) 1.195ms
[738.841s][info][gc,cpu         ] GC(1994) User=0.00s Sys=0.00s Real=0.00s
[738.928s][info][gc,start       ] GC(1995) Pause Young (Allocation Failure)
[738.929s][info][gc,heap        ] GC(1995) PSYoungGen: 303168K(315392K)->64K(316928K) Eden: 303104K(303104K)->0K(303104K) From: 64K(12288K)->64K(13824K)
[738.929s][info][gc,heap        ] GC(1995) ParOldGen: 248557K(248832K)->248565K(248832K)
[738.929s][info][gc,metaspace   ] GC(1995) Metaspace: 35481K(36224K)->35481K(36224K) NonClass: 29208K(29760K)->29208K(29760K) Class: 6272K(6464K)->6272K(6464K)
[738.929s][info][gc             ] GC(1995) Pause Young (Allocation Failure) 538M->242M(552M) 1.138ms
[738.929s][info][gc,cpu         ] GC(1995) User=0.01s Sys=0.01s Real=0.00s
[739.097s][info][gc,start       ] GC(1996) Pause Young (Allocation Failure)
[739.098s][info][gc,heap        ] GC(1996) PSYoungGen: 303168K(316928K)->64K(317440K) Eden: 303104K(303104K)->0K(306688K) From: 64K(13824K)->64K(10752K)
[739.098s][info][gc,heap        ] GC(1996) ParOldGen: 248565K(248832K)->248573K(248832K)
[739.098s][info][gc,metaspace   ] GC(1996) Metaspace: 35481K(36224K)->35481K(36224K) NonClass: 29208K(29760K)->29208K(29760K) Class: 6272K(6464K)->6272K(6464K)
[739.098s][info][gc             ] GC(1996) Pause Young (Allocation Failure) 538M->242M(553M) 1.119ms
[739.098s][info][gc,cpu         ] GC(1996) User=0.00s Sys=0.00s Real=0.00s
[740.039s][info][gc,start       ] GC(1997) Pause Young (Allocation Failure)
[740.041s][info][gc,heap        ] GC(1997) PSYoungGen: 306752K(317440K)->64K(294912K) Eden: 306688K(306688K)->0K(294400K) From: 64K(10752K)->64K(512K)
[740.041s][info][gc,heap        ] GC(1997) ParOldGen: 248573K(248832K)->248581K(248832K)
[740.041s][info][gc,metaspace   ] GC(1997) Metaspace: 35481K(36224K)->35481K(36224K) NonClass: 29208K(29760K)->29208K(29760K) Class: 6272K(6464K)->6272K(6464K)
[740.041s][info][gc             ] GC(1997) Pause Young (Allocation Failure) 542M->242M(531M) 1.649ms
[740.041s][info][gc,cpu         ] GC(1997) User=0.00s Sys=0.00s Real=0.00s
[740.929s][info][gc,start       ] GC(1998) Pause Young (Allocation Failure)
[740.931s][info][gc,heap        ] GC(1998) PSYoungGen: 294464K(294912K)->64K(283136K) Eden: 294400K(294400K)->0K(282624K) From: 64K(512K)->64K(512K)
[740.931s][info][gc,heap        ] GC(1998) ParOldGen: 248581K(248832K)->248589K(248832K)
[740.931s][info][gc,metaspace   ] GC(1998) Metaspace: 35481K(36224K)->35481K(36224K) NonClass: 29208K(29760K)->29208K(29760K) Class: 6272K(6464K)->6272K(6464K)
[740.931s][info][gc             ] GC(1998) Pause Young (Allocation Failure) 530M->242M(519M) 1.961ms
[740.931s][info][gc,cpu         ] GC(1998) User=0.00s Sys=0.00s Real=0.00s
[741.210s][info][gc,start       ] GC(1999) Pause Young (Allocation Failure)
[741.211s][info][gc,heap        ] GC(1999) PSYoungGen: 282688K(283136K)->64K(282112K) Eden: 282624K(282624K)->0K(271360K) From: 64K(512K)->64K(10752K)
[741.211s][info][gc,heap        ] GC(1999) ParOldGen: 248589K(248832K)->248597K(248832K)
[741.211s][info][gc,metaspace   ] GC(1999) Metaspace: 35481K(36224K)->35481K(36224K) NonClass: 29208K(29760K)->29208K(29760K) Class: 6272K(6464K)->6272K(6464K)
[741.211s][info][gc             ] GC(1999) Pause Young (Allocation Failure) 518M->242M(518M) 1.095ms
[741.211s][info][gc,cpu         ] GC(1999) User=0.01s Sys=0.00s Real=0.00s
[741.633s][info][gc,start       ] GC(2000) Pause Young (Allocation Failure)
[741.635s][info][gc,heap        ] GC(2000) PSYoungGen: 271424K(282112K)->64K(261120K) Eden: 271360K(271360K)->0K(260608K) From: 64K(10752K)->64K(512K)
[741.635s][info][gc,heap        ] GC(2000) ParOldGen: 248597K(248832K)->248605K(248832K)
[741.635s][info][gc,metaspace   ] GC(2000) Metaspace: 35481K(36224K)->35481K(36224K) NonClass: 29208K(29760K)->29208K(29760K) Class: 6272K(6464K)->6272K(6464K)
[741.635s][info][gc             ] GC(2000) Pause Young (Allocation Failure) 507M->242M(498M) 1.856ms
[741.635s][info][gc,cpu         ] GC(2000) User=0.00s Sys=0.00s Real=0.00s
[742.557s][info][gc,start       ] GC(2001) Pause Young (Allocation Failure)
[742.559s][info][gc,heap        ] GC(2001) PSYoungGen: 260672K(261120K)->64K(260096K) Eden: 260608K(260608K)->0K(250368K) From: 64K(512K)->64K(9728K)
[742.559s][info][gc,heap        ] GC(2001) ParOldGen: 248605K(248832K)->248621K(248832K)
[742.559s][info][gc,metaspace   ] GC(2001) Metaspace: 35481K(36224K)->35481K(36224K) NonClass: 29208K(29760K)->29208K(29760K) Class: 6272K(6464K)->6272K(6464K)
[742.559s][info][gc             ] GC(2001) Pause Young (Allocation Failure) 497M->242M(497M) 1.938ms
[742.559s][info][gc,cpu         ] GC(2001) User=0.00s Sys=0.00s Real=0.00s
[742.906s][info][gc,start       ] GC(2002) Pause Young (Allocation Failure)
[742.909s][info][gc,heap        ] GC(2002) PSYoungGen: 250432K(260096K)->64K(241152K) Eden: 250368K(250368K)->0K(240640K) From: 64K(9728K)->64K(512K)
[742.909s][info][gc,heap        ] GC(2002) ParOldGen: 248621K(248832K)->248637K(248832K)
[742.909s][info][gc,metaspace   ] GC(2002) Metaspace: 35481K(36224K)->35481K(36224K) NonClass: 29208K(29760K)->29208K(29760K) Class: 6272K(6464K)->6272K(6464K)
[742.909s][info][gc             ] GC(2002) Pause Young (Allocation Failure) 487M->242M(478M) 2.793ms
[742.909s][info][gc,cpu         ] GC(2002) User=0.00s Sys=0.00s Real=0.01s
[743.057s][info][gc,start       ] GC(2003) Pause Young (Allocation Failure)
[743.059s][info][gc,heap        ] GC(2003) PSYoungGen: 240704K(241152K)->64K(239616K) Eden: 240640K(240640K)->0K(231424K) From: 64K(512K)->64K(8192K)
[743.059s][info][gc,heap        ] GC(2003) ParOldGen: 248637K(248832K)->248653K(248832K)
[743.059s][info][gc,metaspace   ] GC(2003) Metaspace: 35481K(36224K)->35481K(36224K) NonClass: 29208K(29760K)->29208K(29760K) Class: 6272K(6464K)->6272K(6464K)
[743.059s][info][gc             ] GC(2003) Pause Young (Allocation Failure) 477M->242M(477M) 1.911ms
[743.059s][info][gc,cpu         ] GC(2003) User=0.00s Sys=0.00s Real=0.00s
[743.182s][info][gc,start       ] GC(2004) Pause Young (Allocation Failure)
[743.184s][info][gc,heap        ] GC(2004) PSYoungGen: 231488K(239616K)->64K(223232K) Eden: 231424K(231424K)->0K(222720K) From: 64K(8192K)->64K(512K)
[743.184s][info][gc,heap        ] GC(2004) ParOldGen: 248653K(248832K)->248669K(248832K)
[743.184s][info][gc,metaspace   ] GC(2004) Metaspace: 35481K(36224K)->35481K(36224K) NonClass: 29208K(29760K)->29208K(29760K) Class: 6272K(6464K)->6272K(6464K)
[743.184s][info][gc             ] GC(2004) Pause Young (Allocation Failure) 468M->242M(461M) 2.589ms
[743.184s][info][gc,cpu         ] GC(2004) User=0.00s Sys=0.00s Real=0.00s
[743.763s][info][gc,start       ] GC(2005) Pause Young (Allocation Failure)
[743.765s][info][gc,heap        ] GC(2005) PSYoungGen: 222784K(223232K)->64K(221696K) Eden: 222720K(222720K)->0K(214528K) From: 64K(512K)->64K(7168K)
[743.765s][info][gc,heap        ] GC(2005) ParOldGen: 248669K(248832K)->248685K(248832K)
[743.765s][info][gc,metaspace   ] GC(2005) Metaspace: 35481K(36224K)->35481K(36224K) NonClass: 29208K(29760K)->29208K(29760K) Class: 6272K(6464K)->6272K(6464K)
[743.765s][info][gc             ] GC(2005) Pause Young (Allocation Failure) 460M->242M(459M) 1.971ms
[743.765s][info][gc,cpu         ] GC(2005) User=0.00s Sys=0.00s Real=0.00s
[743.947s][info][gc,start       ] GC(2006) Pause Young (Allocation Failure)
[743.949s][info][gc,heap        ] GC(2006) PSYoungGen: 214592K(221696K)->32K(207360K) Eden: 214528K(214528K)->0K(206848K) From: 64K(7168K)->32K(512K)
[743.949s][info][gc,heap        ] GC(2006) ParOldGen: 248685K(248832K)->248693K(248832K)
[743.949s][info][gc,metaspace   ] GC(2006) Metaspace: 35481K(36224K)->35481K(36224K) NonClass: 29208K(29760K)->29208K(29760K) Class: 6272K(6464K)->6272K(6464K)
[743.949s][info][gc             ] GC(2006) Pause Young (Allocation Failure) 452M->242M(445M) 2.277ms
[743.949s][info][gc,cpu         ] GC(2006) User=0.01s Sys=0.00s Real=0.01s
[744.272s][info][gc,start       ] GC(2007) Pause Young (Allocation Failure)
[744.296s][info][gc,heap        ] GC(2007) PSYoungGen: 206880K(207360K)->6144K(252928K) Eden: 206848K(206848K)->0K(246784K) From: 32K(512K)->6144K(6144K)
[744.296s][info][gc,heap        ] GC(2007) ParOldGen: 248693K(248832K)->254029K(254464K)
[744.297s][info][gc,metaspace   ] GC(2007) Metaspace: 35481K(36224K)->35481K(36224K) NonClass: 29208K(29760K)->29208K(29760K) Class: 6272K(6464K)->6272K(6464K)
[744.297s][info][gc             ] GC(2007) Pause Young (Allocation Failure) 444M->254M(495M) 24.884ms
[744.297s][info][gc,cpu         ] GC(2007) User=0.03s Sys=0.01s Real=0.02s
[744.592s][info][gc,start       ] GC(2008) Pause Young (Allocation Failure)
[744.646s][info][gc,heap        ] GC(2008) PSYoungGen: 252928K(252928K)->6144K(260608K) Eden: 246784K(246784K)->0K(254464K) From: 6144K(6144K)->6144K(6144K)
[744.647s][info][gc,heap        ] GC(2008) ParOldGen: 254029K(254464K)->274125K(274432K)
[744.647s][info][gc,metaspace   ] GC(2008) Metaspace: 35481K(36224K)->35481K(36224K) NonClass: 29208K(29760K)->29208K(29760K) Class: 6272K(6464K)->6272K(6464K)
[744.647s][info][gc             ] GC(2008) Pause Young (Allocation Failure) 495M->273M(522M) 54.563ms
[744.647s][info][gc,cpu         ] GC(2008) User=0.10s Sys=0.01s Real=0.06s
[744.955s][info][gc,start       ] GC(2009) Pause Young (Allocation Failure)
[745.006s][info][gc,heap        ] GC(2009) PSYoungGen: 260608K(260608K)->17920K(272384K) Eden: 254464K(254464K)->0K(254464K) From: 6144K(6144K)->17920K(17920K)
[745.006s][info][gc,heap        ] GC(2009) ParOldGen: 274125K(274432K)->283773K(284160K)
[745.006s][info][gc,metaspace   ] GC(2009) Metaspace: 35481K(36224K)->35481K(36224K) NonClass: 29208K(29760K)->29208K(29760K) Class: 6272K(6464K)->6272K(6464K)
[745.006s][info][gc             ] GC(2009) Pause Young (Allocation Failure) 522M->294M(543M) 51.865ms
[745.006s][info][gc,cpu         ] GC(2009) User=0.10s Sys=0.01s Real=0.05s
[745.112s][info][gc,start       ] GC(2010) Pause Young (Allocation Failure)
[745.124s][info][gc,heap        ] GC(2010) PSYoungGen: 272384K(272384K)->4640K(310272K) Eden: 254464K(254464K)->0K(285184K) From: 17920K(17920K)->4640K(25088K)
[745.124s][info][gc,heap        ] GC(2010) ParOldGen: 283773K(284160K)->284109K(284160K)
[745.124s][info][gc,metaspace   ] GC(2010) Metaspace: 35481K(36224K)->35481K(36224K) NonClass: 29208K(29760K)->29208K(29760K) Class: 6272K(6464K)->6272K(6464K)
[745.125s][info][gc             ] GC(2010) Pause Young (Allocation Failure) 543M->281M(580M) 12.413ms
[745.125s][info][gc,cpu         ] GC(2010) User=0.01s Sys=0.01s Real=0.01s
[745.594s][info][gc,start       ] GC(2011) Pause Young (Allocation Failure)
[745.596s][info][gc,heap        ] GC(2011) PSYoungGen: 289824K(310272K)->64K(285696K) Eden: 285184K(285184K)->0K(285184K) From: 4640K(25088K)->64K(512K)
[745.596s][info][gc,heap        ] GC(2011) ParOldGen: 284109K(284160K)->284117K(284160K)
[745.596s][info][gc,metaspace   ] GC(2011) Metaspace: 35481K(36224K)->35481K(36224K) NonClass: 29208K(29760K)->29208K(29760K) Class: 6272K(6464K)->6272K(6464K)
[745.596s][info][gc             ] GC(2011) Pause Young (Allocation Failure) 560M->277M(556M) 1.316ms
[745.596s][info][gc,cpu         ] GC(2011) User=0.01s Sys=0.00s Real=0.00s
[746.160s][info][gc,start       ] GC(2012) Pause Young (Allocation Failure)
[746.162s][info][gc,heap        ] GC(2012) PSYoungGen: 285248K(285696K)->64K(308736K) Eden: 285184K(285184K)->0K(285696K) From: 64K(512K)->64K(23040K)
[746.162s][info][gc,heap        ] GC(2012) ParOldGen: 284117K(284160K)->284125K(284160K)
[746.162s][info][gc,metaspace   ] GC(2012) Metaspace: 35483K(36224K)->35483K(36224K) NonClass: 29210K(29760K)->29210K(29760K) Class: 6272K(6464K)->6272K(6464K)
[746.162s][info][gc             ] GC(2012) Pause Young (Allocation Failure) 556M->277M(579M) 1.312ms
[746.162s][info][gc,cpu         ] GC(2012) User=0.00s Sys=0.00s Real=0.00s
[746.578s][info][gc,start       ] GC(2013) Pause Young (Allocation Failure)
[746.579s][info][gc,heap        ] GC(2013) PSYoungGen: 285760K(308736K)->64K(308224K) Eden: 285696K(285696K)->0K(285696K) From: 64K(23040K)->64K(22528K)
[746.579s][info][gc,heap        ] GC(2013) ParOldGen: 284125K(284160K)->284141K(284160K)
[746.579s][info][gc,metaspace   ] GC(2013) Metaspace: 35483K(36224K)->35483K(36224K) NonClass: 29210K(29760K)->29210K(29760K) Class: 6272K(6464K)->6272K(6464K)
[746.579s][info][gc             ] GC(2013) Pause Young (Allocation Failure) 556M->277M(578M) 1.262ms
[746.579s][info][gc,cpu         ] GC(2013) User=0.01s Sys=0.00s Real=0.00s
[746.770s][info][gc,start       ] GC(2014) Pause Young (Allocation Failure)
[746.771s][info][gc,heap        ] GC(2014) PSYoungGen: 285760K(308224K)->64K(310272K) Eden: 285696K(285696K)->0K(289280K) From: 64K(22528K)->64K(20992K)
[746.771s][info][gc,heap        ] GC(2014) ParOldGen: 284141K(284160K)->284157K(284160K)
[746.771s][info][gc,metaspace   ] GC(2014) Metaspace: 35483K(36224K)->35483K(36224K) NonClass: 29210K(29760K)->29210K(29760K) Class: 6272K(6464K)->6272K(6464K)
[746.771s][info][gc             ] GC(2014) Pause Young (Allocation Failure) 556M->277M(580M) 1.264ms
[746.771s][info][gc,cpu         ] GC(2014) User=0.00s Sys=0.00s Real=0.00s
[746.966s][info][gc,start       ] GC(2015) Pause Young (Allocation Failure)
[746.968s][info][gc,heap        ] GC(2015) PSYoungGen: 289344K(310272K)->64K(309760K) Eden: 289280K(289280K)->0K(289280K) From: 64K(20992K)->64K(20480K)
[746.968s][info][gc,heap        ] GC(2015) ParOldGen: 284157K(284160K)->284157K(284160K)
[746.968s][info][gc,metaspace   ] GC(2015) Metaspace: 35483K(36224K)->35483K(36224K) NonClass: 29210K(29760K)->29210K(29760K) Class: 6272K(6464K)->6272K(6464K)
[746.968s][info][gc             ] GC(2015) Pause Young (Allocation Failure) 560M->277M(580M) 1.197ms
[746.968s][info][gc,cpu         ] GC(2015) User=0.00s Sys=0.00s Real=0.01s
[747.306s][info][gc,start       ] GC(2016) Pause Young (Allocation Failure)
[747.307s][info][gc,heap        ] GC(2016) PSYoungGen: 289344K(309760K)->64K(312320K) Eden: 289280K(289280K)->0K(292864K) From: 64K(20480K)->64K(19456K)
[747.307s][info][gc,heap        ] GC(2016) ParOldGen: 284157K(284160K)->284157K(284160K)
[747.307s][info][gc,metaspace   ] GC(2016) Metaspace: 35483K(36224K)->35483K(36224K) NonClass: 29210K(29760K)->29210K(29760K) Class: 6272K(6464K)->6272K(6464K)
[747.307s][info][gc             ] GC(2016) Pause Young (Allocation Failure) 560M->277M(582M) 1.248ms
[747.307s][info][gc,cpu         ] GC(2016) User=0.00s Sys=0.00s Real=0.01s
[747.400s][info][gc,start       ] GC(2017) Pause Young (Allocation Failure)
[747.401s][info][gc,heap        ] GC(2017) PSYoungGen: 292928K(312320K)->64K(311808K) Eden: 292864K(292864K)->0K(292864K) From: 64K(19456K)->64K(18944K)
[747.401s][info][gc,heap        ] GC(2017) ParOldGen: 284157K(284160K)->284173K(284672K)
[747.401s][info][gc,metaspace   ] GC(2017) Metaspace: 35483K(36224K)->35483K(36224K) NonClass: 29210K(29760K)->29210K(29760K) Class: 6272K(6464K)->6272K(6464K)
[747.401s][info][gc             ] GC(2017) Pause Young (Allocation Failure) 563M->277M(582M) 1.175ms
[747.401s][info][gc,cpu         ] GC(2017) User=0.00s Sys=0.00s Real=0.00s
[747.454s][info][gc,start       ] GC(2018) Pause Young (Allocation Failure)
[747.455s][info][gc,heap        ] GC(2018) PSYoungGen: 292928K(311808K)->64K(313856K) Eden: 292864K(292864K)->0K(296448K) From: 64K(18944K)->64K(17408K)
[747.455s][info][gc,heap        ] GC(2018) ParOldGen: 284173K(284672K)->284189K(284672K)
[747.455s][info][gc,metaspace   ] GC(2018) Metaspace: 35483K(36224K)->35483K(36224K) NonClass: 29210K(29760K)->29210K(29760K) Class: 6272K(6464K)->6272K(6464K)
[747.455s][info][gc             ] GC(2018) Pause Young (Allocation Failure) 563M->277M(584M) 1.152ms
[747.455s][info][gc,cpu         ] GC(2018) User=0.00s Sys=0.00s Real=0.00s
[747.602s][info][gc,start       ] GC(2019) Pause Young (Allocation Failure)
[747.603s][info][gc,heap        ] GC(2019) PSYoungGen: 296512K(313856K)->64K(313344K) Eden: 296448K(296448K)->0K(296448K) From: 64K(17408K)->64K(16896K)
[747.603s][info][gc,heap        ] GC(2019) ParOldGen: 284189K(284672K)->284189K(284672K)
[747.603s][info][gc,metaspace   ] GC(2019) Metaspace: 35483K(36224K)->35483K(36224K) NonClass: 29210K(29760K)->29210K(29760K) Class: 6272K(6464K)->6272K(6464K)
[747.603s][info][gc             ] GC(2019) Pause Young (Allocation Failure) 567M->277M(584M) 1.219ms
[747.603s][info][gc,cpu         ] GC(2019) User=0.00s Sys=0.00s Real=0.00s
[747.810s][info][gc,start       ] GC(2020) Pause Young (Allocation Failure)
[747.811s][info][gc,heap        ] GC(2020) PSYoungGen: 296512K(313344K)->64K(315904K) Eden: 296448K(296448K)->0K(300544K) From: 64K(16896K)->64K(15360K)
[747.811s][info][gc,heap        ] GC(2020) ParOldGen: 284189K(284672K)->284197K(284672K)
[747.811s][info][gc,metaspace   ] GC(2020) Metaspace: 35483K(36224K)->35483K(36224K) NonClass: 29210K(29760K)->29210K(29760K) Class: 6272K(6464K)->6272K(6464K)
[747.811s][info][gc             ] GC(2020) Pause Young (Allocation Failure) 567M->277M(586M) 1.294ms
[747.811s][info][gc,cpu         ] GC(2020) User=0.00s Sys=0.00s Real=0.00s
[747.959s][info][gc,start       ] GC(2021) Pause Young (Allocation Failure)
[747.960s][info][gc,heap        ] GC(2021) PSYoungGen: 300608K(315904K)->64K(315392K) Eden: 300544K(300544K)->0K(300544K) From: 64K(15360K)->64K(14848K)
[747.960s][info][gc,heap        ] GC(2021) ParOldGen: 284197K(284672K)->284205K(284672K)
[747.960s][info][gc,metaspace   ] GC(2021) Metaspace: 35483K(36224K)->35483K(36224K) NonClass: 29210K(29760K)->29210K(29760K) Class: 6272K(6464K)->6272K(6464K)
[747.960s][info][gc             ] GC(2021) Pause Young (Allocation Failure) 571M->277M(586M) 1.227ms
[747.960s][info][gc,cpu         ] GC(2021) User=0.01s Sys=0.00s Real=0.00s
[748.040s][info][gc,start       ] GC(2022) Pause Young (Allocation Failure)
[748.041s][info][gc,heap        ] GC(2022) PSYoungGen: 300608K(315392K)->64K(317952K) Eden: 300544K(300544K)->0K(304640K) From: 64K(14848K)->64K(13312K)
[748.041s][info][gc,heap        ] GC(2022) ParOldGen: 284205K(284672K)->284221K(284672K)
[748.041s][info][gc,metaspace   ] GC(2022) Metaspace: 35483K(36224K)->35483K(36224K) NonClass: 29210K(29760K)->29210K(29760K) Class: 6272K(6464K)->6272K(6464K)
[748.041s][info][gc             ] GC(2022) Pause Young (Allocation Failure) 571M->277M(588M) 1.247ms
[748.041s][info][gc,cpu         ] GC(2022) User=0.01s Sys=0.00s Real=0.00s
[748.211s][info][gc,start       ] GC(2023) Pause Young (Allocation Failure)
[748.212s][info][gc,heap        ] GC(2023) PSYoungGen: 304704K(317952K)->64K(317952K) Eden: 304640K(304640K)->0K(304640K) From: 64K(13312K)->64K(13312K)
[748.212s][info][gc,heap        ] GC(2023) ParOldGen: 284221K(284672K)->284221K(284672K)
[748.212s][info][gc,metaspace   ] GC(2023) Metaspace: 35483K(36224K)->35483K(36224K) NonClass: 29210K(29760K)->29210K(29760K) Class: 6272K(6464K)->6272K(6464K)
[748.212s][info][gc             ] GC(2023) Pause Young (Allocation Failure) 575M->277M(588M) 1.230ms
[748.212s][info][gc,cpu         ] GC(2023) User=0.00s Sys=0.00s Real=0.00s
[749.150s][info][gc,start       ] GC(2024) Pause Young (Allocation Failure)
[749.152s][info][gc,heap        ] GC(2024) PSYoungGen: 304704K(317952K)->83K(292864K) Eden: 304640K(304640K)->0K(292352K) From: 64K(13312K)->83K(512K)
[749.152s][info][gc,heap        ] GC(2024) ParOldGen: 284221K(284672K)->284229K(284672K)
[749.152s][info][gc,metaspace   ] GC(2024) Metaspace: 35483K(36224K)->35483K(36224K) NonClass: 29210K(29760K)->29210K(29760K) Class: 6272K(6464K)->6272K(6464K)
[749.152s][info][gc             ] GC(2024) Pause Young (Allocation Failure) 575M->277M(564M) 1.281ms
[749.152s][info][gc,cpu         ] GC(2024) User=0.00s Sys=0.00s Real=0.00s
[750.014s][info][gc,start       ] GC(2025) Pause Young (Allocation Failure)
[750.015s][info][gc,heap        ] GC(2025) PSYoungGen: 292435K(292864K)->64K(292352K) Eden: 292352K(292352K)->0K(280576K) From: 83K(512K)->64K(11776K)
[750.015s][info][gc,heap        ] GC(2025) ParOldGen: 284229K(284672K)->284237K(284672K)
[750.015s][info][gc,metaspace   ] GC(2025) Metaspace: 35483K(36224K)->35483K(36224K) NonClass: 29210K(29760K)->29210K(29760K) Class: 6272K(6464K)->6272K(6464K)
[750.015s][info][gc             ] GC(2025) Pause Young (Allocation Failure) 563M->277M(563M) 1.199ms
[750.015s][info][gc,cpu         ] GC(2025) User=0.01s Sys=0.00s Real=0.00s
[750.252s][info][gc,start       ] GC(2026) Pause Young (Allocation Failure)
[750.254s][info][gc,heap        ] GC(2026) PSYoungGen: 280640K(292352K)->64K(269824K) Eden: 280576K(280576K)->0K(269312K) From: 64K(11776K)->64K(512K)
[750.254s][info][gc,heap        ] GC(2026) ParOldGen: 284237K(284672K)->284245K(284672K)
[750.254s][info][gc,metaspace   ] GC(2026) Metaspace: 35483K(36224K)->35483K(36224K) NonClass: 29210K(29760K)->29210K(29760K) Class: 6272K(6464K)->6272K(6464K)
[750.254s][info][gc             ] GC(2026) Pause Young (Allocation Failure) 551M->277M(541M) 1.523ms
[750.254s][info][gc,cpu         ] GC(2026) User=0.00s Sys=0.00s Real=0.00s
[750.692s][info][gc,start       ] GC(2027) Pause Young (Allocation Failure)
[750.693s][info][gc,heap        ] GC(2027) PSYoungGen: 269376K(269824K)->64K(269312K) Eden: 269312K(269312K)->0K(259072K) From: 64K(512K)->64K(10240K)
[750.693s][info][gc,heap        ] GC(2027) ParOldGen: 284245K(284672K)->284253K(284672K)
[750.693s][info][gc,metaspace   ] GC(2027) Metaspace: 35483K(36224K)->35483K(36224K) NonClass: 29210K(29760K)->29210K(29760K) Class: 6272K(6464K)->6272K(6464K)
[750.693s][info][gc             ] GC(2027) Pause Young (Allocation Failure) 540M->277M(541M) 1.190ms
[750.693s][info][gc,cpu         ] GC(2027) User=0.00s Sys=0.00s Real=0.00s
[751.633s][info][gc,start       ] GC(2028) Pause Young (Allocation Failure)
[751.635s][info][gc,heap        ] GC(2028) PSYoungGen: 259136K(269312K)->64K(249344K) Eden: 259072K(259072K)->0K(248832K) From: 64K(10240K)->64K(512K)
[751.635s][info][gc,heap        ] GC(2028) ParOldGen: 284253K(284672K)->284261K(284672K)
[751.635s][info][gc,metaspace   ] GC(2028) Metaspace: 35483K(36224K)->35483K(36224K) NonClass: 29210K(29760K)->29210K(29760K) Class: 6272K(6464K)->6272K(6464K)
[751.635s][info][gc             ] GC(2028) Pause Young (Allocation Failure) 530M->277M(521M) 1.744ms
[751.635s][info][gc,cpu         ] GC(2028) User=0.00s Sys=0.00s Real=0.00s
[751.999s][info][gc,start       ] GC(2029) Pause Young (Allocation Failure)
[752.001s][info][gc,heap        ] GC(2029) PSYoungGen: 248896K(249344K)->64K(247808K) Eden: 248832K(248832K)->0K(239104K) From: 64K(512K)->64K(8704K)
[752.001s][info][gc,heap        ] GC(2029) ParOldGen: 284261K(284672K)->284269K(284672K)
[752.001s][info][gc,metaspace   ] GC(2029) Metaspace: 35483K(36224K)->35483K(36224K) NonClass: 29210K(29760K)->29210K(29760K) Class: 6272K(6464K)->6272K(6464K)
[752.001s][info][gc             ] GC(2029) Pause Young (Allocation Failure) 520M->277M(520M) 2.254ms
[752.001s][info][gc,cpu         ] GC(2029) User=0.00s Sys=0.00s Real=0.00s
[752.165s][info][gc,start       ] GC(2030) Pause Young (Allocation Failure)
[752.168s][info][gc,heap        ] GC(2030) PSYoungGen: 239168K(247808K)->64K(230400K) Eden: 239104K(239104K)->0K(229888K) From: 64K(8704K)->64K(512K)
[752.168s][info][gc,heap        ] GC(2030) ParOldGen: 284269K(284672K)->284277K(284672K)
[752.168s][info][gc,metaspace   ] GC(2030) Metaspace: 35483K(36224K)->35483K(36224K) NonClass: 29210K(29760K)->29210K(29760K) Class: 6272K(6464K)->6272K(6464K)
[752.168s][info][gc             ] GC(2030) Pause Young (Allocation Failure) 511M->277M(503M) 2.692ms
[752.168s][info][gc,cpu         ] GC(2030) User=0.00s Sys=0.00s Real=0.01s
[752.256s][info][gc,start       ] GC(2031) Pause Young (Allocation Failure)
[752.258s][info][gc,heap        ] GC(2031) PSYoungGen: 229952K(230400K)->64K(280064K) Eden: 229888K(229888K)->0K(272384K) From: 64K(512K)->64K(7680K)
[752.258s][info][gc,heap        ] GC(2031) ParOldGen: 284277K(284672K)->284293K(284672K)
[752.258s][info][gc,metaspace   ] GC(2031) Metaspace: 35483K(36224K)->35483K(36224K) NonClass: 29210K(29760K)->29210K(29760K) Class: 6272K(6464K)->6272K(6464K)
[752.258s][info][gc             ] GC(2031) Pause Young (Allocation Failure) 502M->277M(551M) 2.245ms
[752.259s][info][gc,cpu         ] GC(2031) User=0.01s Sys=0.00s Real=0.01s
[752.916s][info][gc,start       ] GC(2032) Pause Young (Allocation Failure)
[752.918s][info][gc,heap        ] GC(2032) PSYoungGen: 272448K(280064K)->64K(262144K) Eden: 272384K(272384K)->0K(261632K) From: 64K(7680K)->64K(512K)
[752.918s][info][gc,heap        ] GC(2032) ParOldGen: 284293K(284672K)->284309K(284672K)
[752.918s][info][gc,metaspace   ] GC(2032) Metaspace: 35483K(36224K)->35483K(36224K) NonClass: 29210K(29760K)->29210K(29760K) Class: 6272K(6464K)->6272K(6464K)
[752.918s][info][gc             ] GC(2032) Pause Young (Allocation Failure) 543M->277M(534M) 2.684ms
[752.918s][info][gc,cpu         ] GC(2032) User=0.00s Sys=0.00s Real=0.01s
[753.208s][info][gc,start       ] GC(2033) Pause Young (Allocation Failure)
[753.210s][info][gc,heap        ] GC(2033) PSYoungGen: 261696K(262144K)->64K(258048K) Eden: 261632K(261632K)->0K(251392K) From: 64K(512K)->64K(6656K)
[753.210s][info][gc,heap        ] GC(2033) ParOldGen: 284309K(284672K)->284317K(284672K)
[753.210s][info][gc,metaspace   ] GC(2033) Metaspace: 35483K(36224K)->35483K(36224K) NonClass: 29210K(29760K)->29210K(29760K) Class: 6272K(6464K)->6272K(6464K)
[753.210s][info][gc             ] GC(2033) Pause Young (Allocation Failure) 533M->277M(530M) 1.333ms
[753.210s][info][gc,cpu         ] GC(2033) User=0.00s Sys=0.00s Real=0.00s
[753.571s][info][gc,start       ] GC(2034) Pause Young (Allocation Failure)
[753.619s][info][gc,heap        ] GC(2034) PSYoungGen: 251456K(258048K)->6144K(272384K) Eden: 251392K(251392K)->0K(266240K) From: 64K(6656K)->6144K(6144K)
[753.619s][info][gc,heap        ] GC(2034) ParOldGen: 284317K(284672K)->300893K(301056K)
[753.619s][info][gc,metaspace   ] GC(2034) Metaspace: 35483K(36224K)->35483K(36224K) NonClass: 29210K(29760K)->29210K(29760K) Class: 6272K(6464K)->6272K(6464K)
[753.619s][info][gc             ] GC(2034) Pause Young (Allocation Failure) 523M->299M(560M) 48.841ms
[753.619s][info][gc,cpu         ] GC(2034) User=0.08s Sys=0.01s Real=0.05s
[753.955s][info][gc,start       ] GC(2035) Pause Young (Allocation Failure)
[754.014s][info][gc,heap        ] GC(2035) PSYoungGen: 272384K(272384K)->13824K(280064K) Eden: 266240K(266240K)->0K(266240K) From: 6144K(6144K)->13824K(13824K)
[754.014s][info][gc,heap        ] GC(2035) ParOldGen: 300893K(301056K)->315765K(315904K)
[754.014s][info][gc,metaspace   ] GC(2035) Metaspace: 35483K(36224K)->35483K(36224K) NonClass: 29210K(29760K)->29210K(29760K) Class: 6272K(6464K)->6272K(6464K)
[754.014s][info][gc             ] GC(2035) Pause Young (Allocation Failure) 559M->321M(582M) 58.762ms
[754.014s][info][gc,cpu         ] GC(2035) User=0.09s Sys=0.02s Real=0.06s
[754.255s][info][gc,start       ] GC(2036) Pause Young (Allocation Failure)
[754.297s][info][gc,heap        ] GC(2036) PSYoungGen: 280064K(280064K)->18176K(305152K) Eden: 266240K(266240K)->0K(282624K) From: 13824K(13824K)->18176K(22528K)
[754.297s][info][gc,heap        ] GC(2036) ParOldGen: 315765K(315904K)->316309K(316416K)
[754.297s][info][gc,metaspace   ] GC(2036) Metaspace: 35483K(36224K)->35483K(36224K) NonClass: 29210K(29760K)->29210K(29760K) Class: 6272K(6464K)->6272K(6464K)
[754.297s][info][gc             ] GC(2036) Pause Young (Allocation Failure) 581M->326M(607M) 42.305ms
[754.297s][info][gc,cpu         ] GC(2036) User=0.07s Sys=0.02s Real=0.05s
[754.499s][info][gc,start       ] GC(2037) Pause Young (Allocation Failure)
[754.500s][info][gc,heap        ] GC(2037) PSYoungGen: 300800K(305152K)->64K(308224K) Eden: 282624K(282624K)->0K(282624K) From: 18176K(22528K)->64K(25600K)
[754.500s][info][gc,heap        ] GC(2037) ParOldGen: 316309K(316416K)->316317K(316416K)
[754.500s][info][gc,metaspace   ] GC(2037) Metaspace: 35483K(36224K)->35483K(36224K) NonClass: 29210K(29760K)->29210K(29760K) Class: 6272K(6464K)->6272K(6464K)
[754.500s][info][gc             ] GC(2037) Pause Young (Allocation Failure) 602M->308M(610M) 1.288ms
[754.500s][info][gc,cpu         ] GC(2037) User=0.00s Sys=0.00s Real=0.00s
[755.218s][info][gc,start       ] GC(2038) Pause Young (Allocation Failure)
[755.219s][info][gc,heap        ] GC(2038) PSYoungGen: 282688K(308224K)->64K(306176K) Eden: 282624K(282624K)->0K(283648K) From: 64K(25600K)->64K(22528K)
[755.219s][info][gc,heap        ] GC(2038) ParOldGen: 316317K(316416K)->316333K(316416K)
[755.219s][info][gc,metaspace   ] GC(2038) Metaspace: 35483K(36224K)->35483K(36224K) NonClass: 29210K(29760K)->29210K(29760K) Class: 6272K(6464K)->6272K(6464K)
[755.219s][info][gc             ] GC(2038) Pause Young (Allocation Failure) 584M->308M(608M) 1.356ms
[755.219s][info][gc,cpu         ] GC(2038) User=0.00s Sys=0.00s Real=0.00s
[755.491s][info][gc,start       ] GC(2039) Pause Young (Allocation Failure)
[755.492s][info][gc,heap        ] GC(2039) PSYoungGen: 283712K(306176K)->64K(307712K) Eden: 283648K(283648K)->0K(283648K) From: 64K(22528K)->64K(24064K)
[755.492s][info][gc,heap        ] GC(2039) ParOldGen: 316333K(316416K)->316333K(316416K)
[755.492s][info][gc,metaspace   ] GC(2039) Metaspace: 35483K(36224K)->35483K(36224K) NonClass: 29210K(29760K)->29210K(29760K) Class: 6272K(6464K)->6272K(6464K)
[755.492s][info][gc             ] GC(2039) Pause Young (Allocation Failure) 585M->308M(609M) 1.277ms
[755.492s][info][gc,cpu         ] GC(2039) User=0.00s Sys=0.00s Real=0.00s
[755.923s][info][gc,start       ] GC(2040) Pause Young (Allocation Failure)
[755.924s][info][gc,heap        ] GC(2040) PSYoungGen: 283712K(307712K)->64K(307200K) Eden: 283648K(283648K)->0K(286720K) From: 64K(24064K)->64K(20480K)
[755.924s][info][gc,heap        ] GC(2040) ParOldGen: 316333K(316416K)->316349K(316416K)
[755.924s][info][gc,metaspace   ] GC(2040) Metaspace: 35483K(36224K)->35483K(36224K) NonClass: 29210K(29760K)->29210K(29760K) Class: 6272K(6464K)->6272K(6464K)
[755.924s][info][gc             ] GC(2040) Pause Young (Allocation Failure) 585M->308M(609M) 1.370ms
[755.924s][info][gc,cpu         ] GC(2040) User=0.01s Sys=0.00s Real=0.00s
[756.121s][info][gc,start       ] GC(2041) Pause Young (Allocation Failure)
[756.122s][info][gc,heap        ] GC(2041) PSYoungGen: 286784K(307200K)->64K(308736K) Eden: 286720K(286720K)->0K(286720K) From: 64K(20480K)->64K(22016K)
[756.122s][info][gc,heap        ] GC(2041) ParOldGen: 316349K(316416K)->316365K(316416K)
[756.122s][info][gc,metaspace   ] GC(2041) Metaspace: 35483K(36224K)->35483K(36224K) NonClass: 29210K(29760K)->29210K(29760K) Class: 6272K(6464K)->6272K(6464K)
[756.122s][info][gc             ] GC(2041) Pause Young (Allocation Failure) 588M->309M(610M) 1.361ms
[756.122s][info][gc,cpu         ] GC(2041) User=0.00s Sys=0.00s Real=0.00s
[756.317s][info][gc,start       ] GC(2042) Pause Young (Allocation Failure)
[756.319s][info][gc,heap        ] GC(2042) PSYoungGen: 286784K(308736K)->64K(309248K) Eden: 286720K(286720K)->0K(290816K) From: 64K(22016K)->64K(18432K)
[756.319s][info][gc,heap        ] GC(2042) ParOldGen: 316365K(316416K)->316365K(316416K)
[756.319s][info][gc,metaspace   ] GC(2042) Metaspace: 35483K(36224K)->35483K(36224K) NonClass: 29210K(29760K)->29210K(29760K) Class: 6272K(6464K)->6272K(6464K)
[756.319s][info][gc             ] GC(2042) Pause Young (Allocation Failure) 589M->309M(611M) 1.343ms
[756.319s][info][gc,cpu         ] GC(2042) User=0.00s Sys=0.00s Real=0.00s
[756.626s][info][gc,start       ] GC(2043) Pause Young (Allocation Failure)
[756.627s][info][gc,heap        ] GC(2043) PSYoungGen: 290880K(309248K)->64K(310784K) Eden: 290816K(290816K)->0K(290816K) From: 64K(18432K)->64K(19968K)
[756.627s][info][gc,heap        ] GC(2043) ParOldGen: 316365K(316416K)->316365K(316416K)
[756.627s][info][gc,metaspace   ] GC(2043) Metaspace: 35483K(36224K)->35483K(36224K) NonClass: 29210K(29760K)->29210K(29760K) Class: 6272K(6464K)->6272K(6464K)
[756.627s][info][gc             ] GC(2043) Pause Young (Allocation Failure) 593M->309M(612M) 1.354ms
[756.627s][info][gc,cpu         ] GC(2043) User=0.00s Sys=0.00s Real=0.01s
[756.680s][info][gc,start       ] GC(2044) Pause Young (Allocation Failure)
[756.681s][info][gc,heap        ] GC(2044) PSYoungGen: 290880K(310784K)->64K(311296K) Eden: 290816K(290816K)->0K(294912K) From: 64K(19968K)->64K(16384K)
[756.682s][info][gc,heap        ] GC(2044) ParOldGen: 316365K(316416K)->316381K(316416K)
[756.682s][info][gc,metaspace   ] GC(2044) Metaspace: 35483K(36224K)->35483K(36224K) NonClass: 29210K(29760K)->29210K(29760K) Class: 6272K(6464K)->6272K(6464K)
[756.682s][info][gc             ] GC(2044) Pause Young (Allocation Failure) 593M->309M(613M) 1.351ms
[756.682s][info][gc,cpu         ] GC(2044) User=0.00s Sys=0.00s Real=0.00s
[756.756s][info][gc,start       ] GC(2045) Pause Young (Allocation Failure)
[756.758s][info][gc,heap        ] GC(2045) PSYoungGen: 294976K(311296K)->64K(312832K) Eden: 294912K(294912K)->0K(294912K) From: 64K(16384K)->64K(17920K)
[756.758s][info][gc,heap        ] GC(2045) ParOldGen: 316381K(316416K)->316381K(316416K)
[756.758s][info][gc,metaspace   ] GC(2045) Metaspace: 35483K(36224K)->35483K(36224K) NonClass: 29210K(29760K)->29210K(29760K) Class: 6272K(6464K)->6272K(6464K)
[756.758s][info][gc             ] GC(2045) Pause Young (Allocation Failure) 597M->309M(614M) 1.396ms
[756.758s][info][gc,cpu         ] GC(2045) User=0.00s Sys=0.00s Real=0.01s
[756.972s][info][gc,start       ] GC(2046) Pause Young (Allocation Failure)
[756.974s][info][gc,heap        ] GC(2046) PSYoungGen: 294976K(312832K)->64K(313344K) Eden: 294912K(294912K)->0K(299008K) From: 64K(17920K)->64K(14336K)
[756.974s][info][gc,heap        ] GC(2046) ParOldGen: 316381K(316416K)->316397K(316416K)
[756.974s][info][gc,metaspace   ] GC(2046) Metaspace: 35483K(36224K)->35483K(36224K) NonClass: 29210K(29760K)->29210K(29760K) Class: 6272K(6464K)->6272K(6464K)
[756.974s][info][gc             ] GC(2046) Pause Young (Allocation Failure) 597M->309M(615M) 1.405ms
[756.974s][info][gc,cpu         ] GC(2046) User=0.00s Sys=0.00s Real=0.00s
[757.184s][info][gc,start       ] GC(2047) Pause Young (Allocation Failure)
[757.185s][info][gc,heap        ] GC(2047) PSYoungGen: 299072K(313344K)->64K(314880K) Eden: 299008K(299008K)->0K(299008K) From: 64K(14336K)->64K(15872K)
[757.185s][info][gc,heap        ] GC(2047) ParOldGen: 316397K(316416K)->316397K(316416K)
[757.185s][info][gc,metaspace   ] GC(2047) Metaspace: 35483K(36224K)->35483K(36224K) NonClass: 29210K(29760K)->29210K(29760K) Class: 6272K(6464K)->6272K(6464K)
[757.185s][info][gc             ] GC(2047) Pause Young (Allocation Failure) 601M->309M(616M) 1.367ms
[757.185s][info][gc,cpu         ] GC(2047) User=0.00s Sys=0.00s Real=0.00s
[757.266s][info][gc,start       ] GC(2048) Pause Young (Allocation Failure)
[757.267s][info][gc,heap        ] GC(2048) PSYoungGen: 299072K(314880K)->64K(316416K) Eden: 299008K(299008K)->0K(303104K) From: 64K(15872K)->64K(13312K)
[757.267s][info][gc,heap        ] GC(2048) ParOldGen: 316397K(316416K)->316413K(316416K)
[757.267s][info][gc,metaspace   ] GC(2048) Metaspace: 35483K(36224K)->35483K(36224K) NonClass: 29210K(29760K)->29210K(29760K) Class: 6272K(6464K)->6272K(6464K)
[757.267s][info][gc             ] GC(2048) Pause Young (Allocation Failure) 601M->309M(618M) 1.467ms
[757.267s][info][gc,cpu         ] GC(2048) User=0.01s Sys=0.00s Real=0.01s
[757.394s][info][gc,start       ] GC(2049) Pause Young (Allocation Failure)
[757.395s][info][gc,heap        ] GC(2049) PSYoungGen: 303168K(316416K)->64K(317440K) Eden: 303104K(303104K)->0K(303104K) From: 64K(13312K)->64K(14336K)
[757.395s][info][gc,heap        ] GC(2049) ParOldGen: 316413K(316416K)->316413K(316416K)
[757.395s][info][gc,metaspace   ] GC(2049) Metaspace: 35483K(36224K)->35483K(36224K) NonClass: 29210K(29760K)->29210K(29760K) Class: 6272K(6464K)->6272K(6464K)
[757.395s][info][gc             ] GC(2049) Pause Young (Allocation Failure) 605M->309M(619M) 1.363ms
[757.395s][info][gc,cpu         ] GC(2049) User=0.00s Sys=0.00s Real=0.00s
[757.763s][info][gc,start       ] GC(2050) Pause Young (Allocation Failure)
[757.764s][info][gc,heap        ] GC(2050) PSYoungGen: 303168K(317440K)->64K(317440K) Eden: 303104K(303104K)->0K(306176K) From: 64K(14336K)->64K(11264K)
[757.764s][info][gc,heap        ] GC(2050) ParOldGen: 316413K(316416K)->316421K(316928K)
[757.764s][info][gc,metaspace   ] GC(2050) Metaspace: 35483K(36224K)->35483K(36224K) NonClass: 29210K(29760K)->29210K(29760K) Class: 6272K(6464K)->6272K(6464K)
[757.764s][info][gc             ] GC(2050) Pause Young (Allocation Failure) 605M->309M(619M) 1.342ms
[757.764s][info][gc,cpu         ] GC(2050) User=0.00s Sys=0.00s Real=0.00s
[758.461s][info][gc,start       ] GC(2051) Pause Young (Allocation Failure)
[758.463s][info][gc,heap        ] GC(2051) PSYoungGen: 306240K(317440K)->64K(294400K) Eden: 306176K(306176K)->0K(293888K) From: 64K(11264K)->64K(512K)
[758.463s][info][gc,heap        ] GC(2051) ParOldGen: 316421K(316928K)->316429K(316928K)
[758.463s][info][gc,metaspace   ] GC(2051) Metaspace: 35483K(36224K)->35483K(36224K) NonClass: 29210K(29760K)->29210K(29760K) Class: 6272K(6464K)->6272K(6464K)
[758.463s][info][gc             ] GC(2051) Pause Young (Allocation Failure) 608M->309M(597M) 2.007ms
[758.463s][info][gc,cpu         ] GC(2051) User=0.00s Sys=0.00s Real=0.00s
[759.420s][info][gc,start       ] GC(2052) Pause Young (Allocation Failure)
[759.422s][info][gc,heap        ] GC(2052) PSYoungGen: 293952K(294400K)->64K(282624K) Eden: 293888K(293888K)->0K(282112K) From: 64K(512K)->64K(512K)
[759.422s][info][gc,heap        ] GC(2052) ParOldGen: 316429K(316928K)->316437K(316928K)
[759.422s][info][gc,metaspace   ] GC(2052) Metaspace: 35483K(36224K)->35483K(36224K) NonClass: 29210K(29760K)->29210K(29760K) Class: 6272K(6464K)->6272K(6464K)
[759.422s][info][gc             ] GC(2052) Pause Young (Allocation Failure) 596M->309M(585M) 1.973ms
[759.422s][info][gc,cpu         ] GC(2052) User=0.00s Sys=0.00s Real=0.00s
[759.859s][info][gc,start       ] GC(2053) Pause Young (Allocation Failure)
[759.860s][info][gc,heap        ] GC(2053) PSYoungGen: 282176K(282624K)->64K(281600K) Eden: 282112K(282112K)->0K(270848K) From: 64K(512K)->64K(10752K)
[759.860s][info][gc,heap        ] GC(2053) ParOldGen: 316437K(316928K)->316445K(316928K)
[759.860s][info][gc,metaspace   ] GC(2053) Metaspace: 35483K(36224K)->35483K(36224K) NonClass: 29210K(29760K)->29210K(29760K) Class: 6272K(6464K)->6272K(6464K)
[759.860s][info][gc             ] GC(2053) Pause Young (Allocation Failure) 584M->309M(584M) 1.283ms
[759.860s][info][gc,cpu         ] GC(2053) User=0.00s Sys=0.00s Real=0.00s
[760.838s][info][gc,start       ] GC(2054) Pause Young (Allocation Failure)
[760.840s][info][gc,heap        ] GC(2054) PSYoungGen: 270912K(281600K)->64K(260608K) Eden: 270848K(270848K)->0K(260096K) From: 64K(10752K)->64K(512K)
[760.840s][info][gc,heap        ] GC(2054) ParOldGen: 316445K(316928K)->316453K(316928K)
[760.840s][info][gc,metaspace   ] GC(2054) Metaspace: 35483K(36224K)->35483K(36224K) NonClass: 29210K(29760K)->29210K(29760K) Class: 6272K(6464K)->6272K(6464K)
[760.840s][info][gc             ] GC(2054) Pause Young (Allocation Failure) 573M->309M(564M) 1.920ms
[760.840s][info][gc,cpu         ] GC(2054) User=0.01s Sys=0.00s Real=0.00s
[761.065s][info][gc,start       ] GC(2055) Pause Young (Allocation Failure)
[761.066s][info][gc,heap        ] GC(2055) PSYoungGen: 260160K(260608K)->64K(259072K) Eden: 260096K(260096K)->0K(249856K) From: 64K(512K)->64K(9216K)
[761.066s][info][gc,heap        ] GC(2055) ParOldGen: 316453K(316928K)->316461K(316928K)
[761.066s][info][gc,metaspace   ] GC(2055) Metaspace: 35483K(36224K)->35483K(36224K) NonClass: 29210K(29760K)->29210K(29760K) Class: 6272K(6464K)->6272K(6464K)
[761.066s][info][gc             ] GC(2055) Pause Young (Allocation Failure) 563M->309M(562M) 1.339ms
[761.066s][info][gc,cpu         ] GC(2055) User=0.00s Sys=0.00s Real=0.00s
[761.426s][info][gc,start       ] GC(2056) Pause Young (Allocation Failure)
[761.428s][info][gc,heap        ] GC(2056) PSYoungGen: 249920K(259072K)->64K(240640K) Eden: 249856K(249856K)->0K(240128K) From: 64K(9216K)->64K(512K)
[761.428s][info][gc,heap        ] GC(2056) ParOldGen: 316461K(316928K)->316469K(316928K)
[761.428s][info][gc,metaspace   ] GC(2056) Metaspace: 35483K(36224K)->35483K(36224K) NonClass: 29210K(29760K)->29210K(29760K) Class: 6272K(6464K)->6272K(6464K)
[761.428s][info][gc             ] GC(2056) Pause Young (Allocation Failure) 553M->309M(544M) 1.876ms
[761.428s][info][gc,cpu         ] GC(2056) User=0.00s Sys=0.00s Real=0.01s
[761.493s][info][gc,start       ] GC(2057) Pause Young (Allocation Failure)
[761.494s][info][gc,heap        ] GC(2057) PSYoungGen: 240192K(240640K)->64K(239104K) Eden: 240128K(240128K)->0K(230912K) From: 64K(512K)->64K(8192K)
[761.494s][info][gc,heap        ] GC(2057) ParOldGen: 316469K(316928K)->316477K(316928K)
[761.494s][info][gc,metaspace   ] GC(2057) Metaspace: 35483K(36224K)->35483K(36224K) NonClass: 29210K(29760K)->29210K(29760K) Class: 6272K(6464K)->6272K(6464K)
[761.494s][info][gc             ] GC(2057) Pause Young (Allocation Failure) 543M->309M(543M) 1.266ms
[761.494s][info][gc,cpu         ] GC(2057) User=0.00s Sys=0.00s Real=0.00s
[761.939s][info][gc,start       ] GC(2058) Pause Young (Allocation Failure)
[761.941s][info][gc,heap        ] GC(2058) PSYoungGen: 230976K(239104K)->64K(222720K) Eden: 230912K(230912K)->0K(222208K) From: 64K(8192K)->64K(512K)
[761.941s][info][gc,heap        ] GC(2058) ParOldGen: 316477K(316928K)->316493K(316928K)
[761.941s][info][gc,metaspace   ] GC(2058) Metaspace: 35483K(36224K)->35483K(36224K) NonClass: 29210K(29760K)->29210K(29760K) Class: 6272K(6464K)->6272K(6464K)
[761.941s][info][gc             ] GC(2058) Pause Young (Allocation Failure) 534M->309M(527M) 2.765ms
[761.941s][info][gc,cpu         ] GC(2058) User=0.00s Sys=0.00s Real=0.00s
[762.206s][info][gc,start       ] GC(2059) Pause Young (Allocation Failure)
[762.208s][info][gc,heap        ] GC(2059) PSYoungGen: 222272K(222720K)->64K(221184K) Eden: 222208K(222208K)->0K(214016K) From: 64K(512K)->64K(7168K)
[762.208s][info][gc,heap        ] GC(2059) ParOldGen: 316493K(316928K)->316509K(316928K)
[762.208s][info][gc,metaspace   ] GC(2059) Metaspace: 35483K(36224K)->35483K(36224K) NonClass: 29210K(29760K)->29210K(29760K) Class: 6272K(6464K)->6272K(6464K)
[762.208s][info][gc             ] GC(2059) Pause Young (Allocation Failure) 526M->309M(525M) 2.235ms
[762.208s][info][gc,cpu         ] GC(2059) User=0.00s Sys=0.00s Real=0.01s
[762.578s][info][gc,start       ] GC(2060) Pause Young (Allocation Failure)
[762.588s][info][gc,heap        ] GC(2060) PSYoungGen: 214080K(221184K)->3872K(258048K) Eden: 214016K(214016K)->0K(253952K) From: 64K(7168K)->3872K(4096K)
[762.588s][info][gc,heap        ] GC(2060) ParOldGen: 316509K(316928K)->316517K(316928K)
[762.588s][info][gc,metaspace   ] GC(2060) Metaspace: 35483K(36224K)->35483K(36224K) NonClass: 29210K(29760K)->29210K(29760K) Class: 6272K(6464K)->6272K(6464K)
[762.588s][info][gc             ] GC(2060) Pause Young (Allocation Failure) 518M->312M(561M) 9.716ms
[762.588s][info][gc,cpu         ] GC(2060) User=0.01s Sys=0.00s Real=0.01s
[762.896s][info][gc,start       ] GC(2061) Pause Young (Allocation Failure)
[762.952s][info][gc,heap        ] GC(2061) PSYoungGen: 257824K(258048K)->7168K(273920K) Eden: 253952K(253952K)->0K(266752K) From: 3872K(4096K)->7168K(7168K)
[762.952s][info][gc,heap        ] GC(2061) ParOldGen: 316517K(316928K)->336141K(336384K)
[762.952s][info][gc,metaspace   ] GC(2061) Metaspace: 35483K(36224K)->35483K(36224K) NonClass: 29210K(29760K)->29210K(29760K) Class: 6272K(6464K)->6272K(6464K)
[762.952s][info][gc             ] GC(2061) Pause Young (Allocation Failure) 560M->335M(596M) 56.415ms
[762.952s][info][gc,cpu         ] GC(2061) User=0.08s Sys=0.02s Real=0.06s
[763.277s][info][gc,start       ] GC(2062) Pause Young (Allocation Failure)
[763.342s][info][gc,heap        ] GC(2062) PSYoungGen: 273920K(273920K)->16384K(302080K) Eden: 266752K(266752K)->0K(285696K) From: 7168K(7168K)->16384K(16384K)
[763.342s][info][gc,heap        ] GC(2062) ParOldGen: 336141K(336384K)->348613K(348672K)
[763.342s][info][gc,metaspace   ] GC(2062) Metaspace: 35483K(36224K)->35483K(36224K) NonClass: 29210K(29760K)->29210K(29760K) Class: 6272K(6464K)->6272K(6464K)
[763.342s][info][gc             ] GC(2062) Pause Young (Allocation Failure) 595M->356M(635M) 65.142ms
[763.342s][info][gc,cpu         ] GC(2062) User=0.11s Sys=0.02s Real=0.06s
[763.510s][info][gc,start       ] GC(2063) Pause Young (Allocation Failure)
[763.534s][info][gc,heap        ] GC(2063) PSYoungGen: 302080K(302080K)->10208K(309760K) Eden: 285696K(285696K)->0K(285696K) From: 16384K(16384K)->10208K(24064K)
[763.534s][info][gc,heap        ] GC(2063) ParOldGen: 348613K(348672K)->349061K(349184K)
[763.534s][info][gc,metaspace   ] GC(2063) Metaspace: 35483K(36224K)->35483K(36224K) NonClass: 29210K(29760K)->29210K(29760K) Class: 6272K(6464K)->6272K(6464K)
[763.534s][info][gc             ] GC(2063) Pause Young (Allocation Failure) 635M->350M(643M) 24.657ms
[763.534s][info][gc,cpu         ] GC(2063) User=0.05s Sys=0.00s Real=0.02s
[763.950s][info][gc,start       ] GC(2064) Pause Young (Allocation Failure)
[763.951s][info][gc,heap        ] GC(2064) PSYoungGen: 295904K(309760K)->64K(308736K) Eden: 285696K(285696K)->0K(285696K) From: 10208K(24064K)->64K(23040K)
[763.951s][info][gc,heap        ] GC(2064) ParOldGen: 349061K(349184K)->349069K(349184K)
[763.951s][info][gc,metaspace   ] GC(2064) Metaspace: 35483K(36224K)->35483K(36224K) NonClass: 29210K(29760K)->29210K(29760K) Class: 6272K(6464K)->6272K(6464K)
[763.951s][info][gc             ] GC(2064) Pause Young (Allocation Failure) 629M->340M(642M) 1.488ms
[763.951s][info][gc,cpu         ] GC(2064) User=0.00s Sys=0.00s Real=0.00s
[764.540s][info][gc,start       ] GC(2065) Pause Young (Allocation Failure)
[764.541s][info][gc,heap        ] GC(2065) PSYoungGen: 285760K(308736K)->64K(309248K) Eden: 285696K(285696K)->0K(285696K) From: 64K(23040K)->64K(23552K)
[764.541s][info][gc,heap        ] GC(2065) ParOldGen: 349069K(349184K)->349077K(349184K)
[764.541s][info][gc,metaspace   ] GC(2065) Metaspace: 35483K(36224K)->35483K(36224K) NonClass: 29210K(29760K)->29210K(29760K) Class: 6272K(6464K)->6272K(6464K)
[764.541s][info][gc             ] GC(2065) Pause Young (Allocation Failure) 619M->340M(643M) 1.515ms
[764.541s][info][gc,cpu         ] GC(2065) User=0.01s Sys=0.00s Real=0.00s
[764.972s][info][gc,start       ] GC(2066) Pause Young (Allocation Failure)
[764.973s][info][gc,heap        ] GC(2066) PSYoungGen: 285760K(309248K)->64K(309760K) Eden: 285696K(285696K)->0K(287744K) From: 64K(23552K)->64K(22016K)
[764.973s][info][gc,heap        ] GC(2066) ParOldGen: 349077K(349184K)->349093K(349184K)
[764.973s][info][gc,metaspace   ] GC(2066) Metaspace: 35483K(36224K)->35483K(36224K) NonClass: 29210K(29760K)->29210K(29760K) Class: 6272K(6464K)->6272K(6464K)
[764.973s][info][gc             ] GC(2066) Pause Young (Allocation Failure) 619M->340M(643M) 1.455ms
[764.973s][info][gc,cpu         ] GC(2066) User=0.00s Sys=0.00s Real=0.00s
[765.165s][info][gc,start       ] GC(2067) Pause Young (Allocation Failure)
[765.166s][info][gc,heap        ] GC(2067) PSYoungGen: 287808K(309760K)->64K(309760K) Eden: 287744K(287744K)->0K(287744K) From: 64K(22016K)->64K(22016K)
[765.166s][info][gc,heap        ] GC(2067) ParOldGen: 349093K(349184K)->349109K(349184K)
[765.166s][info][gc,metaspace   ] GC(2067) Metaspace: 35483K(36224K)->35483K(36224K) NonClass: 29210K(29760K)->29210K(29760K) Class: 6272K(6464K)->6272K(6464K)
[765.166s][info][gc             ] GC(2067) Pause Young (Allocation Failure) 621M->340M(643M) 1.380ms
[765.166s][info][gc,cpu         ] GC(2067) User=0.00s Sys=0.00s Real=0.00s
[765.358s][info][gc,start       ] GC(2068) Pause Young (Allocation Failure)
[765.359s][info][gc,heap        ] GC(2068) PSYoungGen: 287808K(309760K)->64K(310784K) Eden: 287744K(287744K)->0K(290816K) From: 64K(22016K)->64K(19968K)
[765.359s][info][gc,heap        ] GC(2068) ParOldGen: 349109K(349184K)->349109K(349184K)
[765.359s][info][gc,metaspace   ] GC(2068) Metaspace: 35483K(36224K)->35483K(36224K) NonClass: 29210K(29760K)->29210K(29760K) Class: 6272K(6464K)->6272K(6464K)
[765.359s][info][gc             ] GC(2068) Pause Young (Allocation Failure) 621M->340M(644M) 1.453ms
[765.359s][info][gc,cpu         ] GC(2068) User=0.00s Sys=0.00s Real=0.00s
[765.699s][info][gc,start       ] GC(2069) Pause Young (Allocation Failure)
[765.700s][info][gc,heap        ] GC(2069) PSYoungGen: 290880K(310784K)->64K(310784K) Eden: 290816K(290816K)->0K(290816K) From: 64K(19968K)->64K(19968K)
[765.700s][info][gc,heap        ] GC(2069) ParOldGen: 349109K(349184K)->349109K(349184K)
[765.700s][info][gc,metaspace   ] GC(2069) Metaspace: 35483K(36224K)->35483K(36224K) NonClass: 29210K(29760K)->29210K(29760K) Class: 6272K(6464K)->6272K(6464K)
[765.700s][info][gc             ] GC(2069) Pause Young (Allocation Failure) 624M->340M(644M) 1.391ms
[765.700s][info][gc,cpu         ] GC(2069) User=0.00s Sys=0.00s Real=0.00s
[765.805s][info][gc,start       ] GC(2070) Pause Young (Allocation Failure)
[765.807s][info][gc,heap        ] GC(2070) PSYoungGen: 290880K(310784K)->64K(312832K) Eden: 290816K(290816K)->0K(294912K) From: 64K(19968K)->64K(17920K)
[765.807s][info][gc,heap        ] GC(2070) ParOldGen: 349109K(349184K)->349117K(349184K)
[765.807s][info][gc,metaspace   ] GC(2070) Metaspace: 35483K(36224K)->35483K(36224K) NonClass: 29210K(29760K)->29210K(29760K) Class: 6272K(6464K)->6272K(6464K)
[765.807s][info][gc             ] GC(2070) Pause Young (Allocation Failure) 624M->340M(646M) 1.469ms
[765.807s][info][gc,cpu         ] GC(2070) User=0.00s Sys=0.00s Real=0.01s
[765.862s][info][gc,start       ] GC(2071) Pause Young (Allocation Failure)
[765.864s][info][gc,heap        ] GC(2071) PSYoungGen: 294976K(312832K)->64K(312832K) Eden: 294912K(294912K)->0K(294912K) From: 64K(17920K)->64K(17920K)
[765.864s][info][gc,heap        ] GC(2071) ParOldGen: 349117K(349184K)->349133K(349184K)
[765.864s][info][gc,metaspace   ] GC(2071) Metaspace: 35483K(36224K)->35483K(36224K) NonClass: 29210K(29760K)->29210K(29760K) Class: 6272K(6464K)->6272K(6464K)
[765.864s][info][gc             ] GC(2071) Pause Young (Allocation Failure) 628M->341M(646M) 1.420ms
[765.864s][info][gc,cpu         ] GC(2071) User=0.00s Sys=0.00s Real=0.00s
[765.999s][info][gc,start       ] GC(2072) Pause Young (Allocation Failure)
[766.000s][info][gc,heap        ] GC(2072) PSYoungGen: 294976K(312832K)->64K(314368K) Eden: 294912K(294912K)->0K(298496K) From: 64K(17920K)->64K(15872K)
[766.000s][info][gc,heap        ] GC(2072) ParOldGen: 349133K(349184K)->349133K(349184K)
[766.000s][info][gc,metaspace   ] GC(2072) Metaspace: 35483K(36224K)->35483K(36224K) NonClass: 29210K(29760K)->29210K(29760K) Class: 6272K(6464K)->6272K(6464K)
[766.000s][info][gc             ] GC(2072) Pause Young (Allocation Failure) 629M->341M(648M) 1.414ms
[766.000s][info][gc,cpu         ] GC(2072) User=0.00s Sys=0.00s Real=0.00s
[766.215s][info][gc,start       ] GC(2073) Pause Young (Allocation Failure)
[766.216s][info][gc,heap        ] GC(2073) PSYoungGen: 298560K(314368K)->64K(314880K) Eden: 298496K(298496K)->0K(298496K) From: 64K(15872K)->64K(16384K)
[766.216s][info][gc,heap        ] GC(2073) ParOldGen: 349133K(349184K)->349141K(349184K)
[766.216s][info][gc,metaspace   ] GC(2073) Metaspace: 35483K(36224K)->35483K(36224K) NonClass: 29210K(29760K)->29210K(29760K) Class: 6272K(6464K)->6272K(6464K)
[766.216s][info][gc             ] GC(2073) Pause Young (Allocation Failure) 632M->341M(648M) 1.356ms
[766.216s][info][gc,cpu         ] GC(2073) User=0.00s Sys=0.00s Real=0.00s
[766.368s][info][gc,start       ] GC(2074) Pause Young (Allocation Failure)
[766.370s][info][gc,heap        ] GC(2074) PSYoungGen: 298560K(314880K)->64K(315904K) Eden: 298496K(298496K)->0K(302080K) From: 64K(16384K)->64K(13824K)
[766.370s][info][gc,heap        ] GC(2074) ParOldGen: 349141K(349184K)->349149K(349184K)
[766.370s][info][gc,metaspace   ] GC(2074) Metaspace: 35483K(36224K)->35483K(36224K) NonClass: 29210K(29760K)->29210K(29760K) Class: 6272K(6464K)->6272K(6464K)
[766.370s][info][gc             ] GC(2074) Pause Young (Allocation Failure) 632M->341M(649M) 1.405ms
[766.370s][info][gc,cpu         ] GC(2074) User=0.01s Sys=0.00s Real=0.00s
[766.453s][info][gc,start       ] GC(2075) Pause Young (Allocation Failure)
[766.454s][info][gc,heap        ] GC(2075) PSYoungGen: 302144K(315904K)->64K(316416K) Eden: 302080K(302080K)->0K(302080K) From: 64K(13824K)->64K(14336K)
[766.454s][info][gc,heap        ] GC(2075) ParOldGen: 349149K(349184K)->349165K(349184K)
[766.454s][info][gc,metaspace   ] GC(2075) Metaspace: 35483K(36224K)->35483K(36224K) NonClass: 29210K(29760K)->29210K(29760K) Class: 6272K(6464K)->6272K(6464K)
[766.454s][info][gc             ] GC(2075) Pause Young (Allocation Failure) 636M->341M(650M) 1.370ms
[766.454s][info][gc,cpu         ] GC(2075) User=0.01s Sys=0.00s Real=0.00s
[766.615s][info][gc,start       ] GC(2076) Pause Young (Allocation Failure)
[766.617s][info][gc,heap        ] GC(2076) PSYoungGen: 302144K(316416K)->64K(318976K) Eden: 302080K(302080K)->0K(306176K) From: 64K(14336K)->64K(12800K)
[766.617s][info][gc,heap        ] GC(2076) ParOldGen: 349165K(349184K)->349165K(349184K)
[766.617s][info][gc,metaspace   ] GC(2076) Metaspace: 35483K(36224K)->35483K(36224K) NonClass: 29210K(29760K)->29210K(29760K) Class: 6272K(6464K)->6272K(6464K)
[766.617s][info][gc             ] GC(2076) Pause Young (Allocation Failure) 636M->341M(652M) 1.417ms
[766.617s][info][gc,cpu         ] GC(2076) User=0.00s Sys=0.00s Real=0.01s
[767.624s][info][gc,start       ] GC(2077) Pause Young (Allocation Failure)
[767.626s][info][gc,heap        ] GC(2077) PSYoungGen: 306240K(318976K)->64K(294400K) Eden: 306176K(306176K)->0K(293888K) From: 64K(12800K)->64K(512K)
[767.626s][info][gc,heap        ] GC(2077) ParOldGen: 349165K(349184K)->349173K(349184K)
[767.626s][info][gc,metaspace   ] GC(2077) Metaspace: 35483K(36224K)->35483K(36224K) NonClass: 29210K(29760K)->29210K(29760K) Class: 6272K(6464K)->6272K(6464K)
[767.626s][info][gc             ] GC(2077) Pause Young (Allocation Failure) 640M->341M(628M) 2.145ms
[767.626s][info][gc,cpu         ] GC(2077) User=0.00s Sys=0.00s Real=0.00s
[768.490s][info][gc,start       ] GC(2078) Pause Young (Allocation Failure)
[768.492s][info][gc,heap        ] GC(2078) PSYoungGen: 293952K(294400K)->64K(282624K) Eden: 293888K(293888K)->0K(282112K) From: 64K(512K)->64K(512K)
[768.492s][info][gc,heap        ] GC(2078) ParOldGen: 349173K(349184K)->349181K(349184K)
[768.492s][info][gc,metaspace   ] GC(2078) Metaspace: 35483K(36224K)->35483K(36224K) NonClass: 29210K(29760K)->29210K(29760K) Class: 6272K(6464K)->6272K(6464K)
[768.492s][info][gc             ] GC(2078) Pause Young (Allocation Failure) 628M->341M(617M) 1.571ms
[768.492s][info][gc,cpu         ] GC(2078) User=0.00s Sys=0.00s Real=0.00s
[768.703s][info][gc,start       ] GC(2079) Pause Young (Allocation Failure)
[768.704s][info][gc,heap        ] GC(2079) PSYoungGen: 282176K(282624K)->64K(282112K) Eden: 282112K(282112K)->0K(270848K) From: 64K(512K)->64K(11264K)
[768.704s][info][gc,heap        ] GC(2079) ParOldGen: 349181K(349184K)->349197K(349696K)
[768.704s][info][gc,metaspace   ] GC(2079) Metaspace: 35483K(36224K)->35483K(36224K) NonClass: 29210K(29760K)->29210K(29760K) Class: 6272K(6464K)->6272K(6464K)
[768.704s][info][gc             ] GC(2079) Pause Young (Allocation Failure) 616M->341M(617M) 1.363ms
[768.704s][info][gc,cpu         ] GC(2079) User=0.01s Sys=0.00s Real=0.00s
[769.119s][info][gc,start       ] GC(2080) Pause Young (Allocation Failure)
[769.121s][info][gc,heap        ] GC(2080) PSYoungGen: 270912K(282112K)->64K(260608K) Eden: 270848K(270848K)->0K(260096K) From: 64K(11264K)->64K(512K)
[769.121s][info][gc,heap        ] GC(2080) ParOldGen: 349197K(349696K)->349205K(349696K)
[769.121s][info][gc,metaspace   ] GC(2080) Metaspace: 35483K(36224K)->35483K(36224K) NonClass: 29210K(29760K)->29210K(29760K) Class: 6272K(6464K)->6272K(6464K)
[769.121s][info][gc             ] GC(2080) Pause Young (Allocation Failure) 605M->341M(596M) 1.896ms
[769.121s][info][gc,cpu         ] GC(2080) User=0.00s Sys=0.00s Real=0.00s
[770.100s][info][gc,start       ] GC(2081) Pause Young (Allocation Failure)
[770.101s][info][gc,heap        ] GC(2081) PSYoungGen: 260160K(260608K)->64K(259584K) Eden: 260096K(260096K)->0K(249856K) From: 64K(512K)->64K(9728K)
[770.101s][info][gc,heap        ] GC(2081) ParOldGen: 349205K(349696K)->349213K(349696K)
[770.101s][info][gc,metaspace   ] GC(2081) Metaspace: 35483K(36224K)->35483K(36224K) NonClass: 29210K(29760K)->29210K(29760K) Class: 6272K(6464K)->6272K(6464K)
[770.101s][info][gc             ] GC(2081) Pause Young (Allocation Failure) 595M->341M(595M) 1.371ms
[770.101s][info][gc,cpu         ] GC(2081) User=0.00s Sys=0.00s Real=0.00s
[770.476s][info][gc,start       ] GC(2082) Pause Young (Allocation Failure)
[770.478s][info][gc,heap        ] GC(2082) PSYoungGen: 249920K(259584K)->64K(240640K) Eden: 249856K(249856K)->0K(240128K) From: 64K(9728K)->64K(512K)
[770.478s][info][gc,heap        ] GC(2082) ParOldGen: 349213K(349696K)->349221K(349696K)
[770.478s][info][gc,metaspace   ] GC(2082) Metaspace: 35483K(36224K)->35483K(36224K) NonClass: 29210K(29760K)->29210K(29760K) Class: 6272K(6464K)->6272K(6464K)
[770.478s][info][gc             ] GC(2082) Pause Young (Allocation Failure) 585M->341M(576M) 1.938ms
[770.478s][info][gc,cpu         ] GC(2082) User=0.00s Sys=0.01s Real=0.01s
[770.645s][info][gc,start       ] GC(2083) Pause Young (Allocation Failure)
[770.646s][info][gc,heap        ] GC(2083) PSYoungGen: 240192K(240640K)->64K(239616K) Eden: 240128K(240128K)->0K(230912K) From: 64K(512K)->64K(8704K)
[770.646s][info][gc,heap        ] GC(2083) ParOldGen: 349221K(349696K)->349229K(349696K)
[770.646s][info][gc,metaspace   ] GC(2083) Metaspace: 35483K(36224K)->35483K(36224K) NonClass: 29210K(29760K)->29210K(29760K) Class: 6272K(6464K)->6272K(6464K)
[770.646s][info][gc             ] GC(2083) Pause Young (Allocation Failure) 575M->341M(575M) 1.300ms
[770.646s][info][gc,cpu         ] GC(2083) User=0.00s Sys=0.00s Real=0.00s
[770.725s][info][gc,start       ] GC(2084) Pause Young (Allocation Failure)
[770.727s][info][gc,heap        ] GC(2084) PSYoungGen: 230976K(239616K)->64K(222720K) Eden: 230912K(230912K)->0K(222208K) From: 64K(8704K)->64K(512K)
[770.727s][info][gc,heap        ] GC(2084) ParOldGen: 349229K(349696K)->349237K(349696K)
[770.727s][info][gc,metaspace   ] GC(2084) Metaspace: 35483K(36224K)->35483K(36224K) NonClass: 29210K(29760K)->29210K(29760K) Class: 6272K(6464K)->6272K(6464K)
[770.727s][info][gc             ] GC(2084) Pause Young (Allocation Failure) 566M->341M(559M) 2.097ms
[770.727s][info][gc,cpu         ] GC(2084) User=0.00s Sys=0.00s Real=0.01s
[771.254s][info][gc,start       ] GC(2085) Pause Young (Allocation Failure)
[771.255s][info][gc,heap        ] GC(2085) PSYoungGen: 222272K(222720K)->64K(221184K) Eden: 222208K(222208K)->0K(214016K) From: 64K(512K)->64K(7168K)
[771.255s][info][gc,heap        ] GC(2085) ParOldGen: 349237K(349696K)->349245K(349696K)
[771.255s][info][gc,metaspace   ] GC(2085) Metaspace: 35483K(36224K)->35483K(36224K) NonClass: 29210K(29760K)->29210K(29760K) Class: 6272K(6464K)->6272K(6464K)
[771.255s][info][gc             ] GC(2085) Pause Young (Allocation Failure) 558M->341M(557M) 1.324ms
[771.255s][info][gc,cpu         ] GC(2085) User=0.01s Sys=0.00s Real=0.00s
[771.467s][info][gc,start       ] GC(2086) Pause Young (Allocation Failure)
[771.469s][info][gc,heap        ] GC(2086) PSYoungGen: 214080K(221184K)->64K(206848K) Eden: 214016K(214016K)->0K(206336K) From: 64K(7168K)->64K(512K)
[771.469s][info][gc,heap        ] GC(2086) ParOldGen: 349245K(349696K)->349253K(349696K)
[771.469s][info][gc,metaspace   ] GC(2086) Metaspace: 35483K(36224K)->35483K(36224K) NonClass: 29210K(29760K)->29210K(29760K) Class: 6272K(6464K)->6272K(6464K)
[771.469s][info][gc             ] GC(2086) Pause Young (Allocation Failure) 550M->341M(543M) 1.769ms
[771.469s][info][gc,cpu         ] GC(2086) User=0.00s Sys=0.00s Real=0.00s
[771.814s][info][gc,start       ] GC(2087) Pause Young (Allocation Failure)
[771.825s][info][gc,heap        ] GC(2087) PSYoungGen: 206400K(206848K)->6144K(251392K) Eden: 206336K(206336K)->0K(245248K) From: 64K(512K)->6144K(6144K)
[771.825s][info][gc,heap        ] GC(2087) ParOldGen: 349253K(349696K)->349589K(349696K)
[771.825s][info][gc,metaspace   ] GC(2087) Metaspace: 35483K(36224K)->35483K(36224K) NonClass: 29210K(29760K)->29210K(29760K) Class: 6272K(6464K)->6272K(6464K)
[771.825s][info][gc             ] GC(2087) Pause Young (Allocation Failure) 542M->347M(587M) 10.529ms
[771.825s][info][gc,cpu         ] GC(2087) User=0.02s Sys=0.00s Real=0.01s
[772.121s][info][gc,start       ] GC(2088) Pause Young (Allocation Failure)
[772.173s][info][gc,heap        ] GC(2088) PSYoungGen: 251392K(251392K)->6144K(260096K) Eden: 245248K(245248K)->0K(253952K) From: 6144K(6144K)->6144K(6144K)
[772.173s][info][gc,heap        ] GC(2088) ParOldGen: 349589K(349696K)->369341K(369664K)
[772.173s][info][gc,metaspace   ] GC(2088) Metaspace: 35483K(36224K)->35483K(36224K) NonClass: 29210K(29760K)->29210K(29760K) Class: 6272K(6464K)->6272K(6464K)
[772.173s][info][gc             ] GC(2088) Pause Young (Allocation Failure) 586M->366M(615M) 52.813ms
[772.173s][info][gc,cpu         ] GC(2088) User=0.09s Sys=0.01s Real=0.05s
[772.485s][info][gc,start       ] GC(2089) Pause Young (Allocation Failure)
[772.538s][info][gc,heap        ] GC(2089) PSYoungGen: 260096K(260096K)->16384K(270336K) Eden: 253952K(253952K)->0K(253952K) From: 6144K(6144K)->16384K(16384K)
[772.538s][info][gc,heap        ] GC(2089) ParOldGen: 369341K(369664K)->380469K(380928K)
[772.538s][info][gc,metaspace   ] GC(2089) Metaspace: 35483K(36224K)->35483K(36224K) NonClass: 29210K(29760K)->29210K(29760K) Class: 6272K(6464K)->6272K(6464K)
[772.538s][info][gc             ] GC(2089) Pause Young (Allocation Failure) 614M->387M(636M) 53.399ms
[772.538s][info][gc,cpu         ] GC(2089) User=0.10s Sys=0.01s Real=0.06s
[772.692s][info][gc,start       ] GC(2090) Pause Young (Allocation Failure)
[772.716s][info][gc,heap        ] GC(2090) PSYoungGen: 270336K(270336K)->9824K(310272K) Eden: 253952K(253952K)->0K(286208K) From: 16384K(16384K)->9824K(24064K)
[772.716s][info][gc,heap        ] GC(2090) ParOldGen: 380469K(380928K)->380869K(380928K)
[772.716s][info][gc,metaspace   ] GC(2090) Metaspace: 35483K(36224K)->35483K(36224K) NonClass: 29210K(29760K)->29210K(29760K) Class: 6272K(6464K)->6272K(6464K)
[772.716s][info][gc             ] GC(2090) Pause Young (Allocation Failure) 635M->381M(675M) 23.624ms
[772.716s][info][gc,cpu         ] GC(2090) User=0.04s Sys=0.01s Real=0.02s
[773.086s][info][gc,start       ] GC(2091) Pause Young (Allocation Failure)
[773.088s][info][gc,heap        ] GC(2091) PSYoungGen: 296032K(310272K)->64K(286720K) Eden: 286208K(286208K)->0K(286208K) From: 9824K(24064K)->64K(512K)
[773.088s][info][gc,heap        ] GC(2091) ParOldGen: 380869K(380928K)->380877K(380928K)
[773.088s][info][gc,metaspace   ] GC(2091) Metaspace: 35483K(36224K)->35483K(36224K) NonClass: 29210K(29760K)->29210K(29760K) Class: 6272K(6464K)->6272K(6464K)
[773.088s][info][gc             ] GC(2091) Pause Young (Allocation Failure) 661M->372M(652M) 1.461ms
[773.088s][info][gc,cpu         ] GC(2091) User=0.00s Sys=0.00s Real=0.01s
[773.712s][info][gc,start       ] GC(2092) Pause Young (Allocation Failure)
[773.713s][info][gc,heap        ] GC(2092) PSYoungGen: 286272K(286720K)->64K(309760K) Eden: 286208K(286208K)->0K(286720K) From: 64K(512K)->64K(23040K)
[773.713s][info][gc,heap        ] GC(2092) ParOldGen: 380877K(380928K)->380885K(380928K)
[773.713s][info][gc,metaspace   ] GC(2092) Metaspace: 35483K(36224K)->35483K(36224K) NonClass: 29210K(29760K)->29210K(29760K) Class: 6272K(6464K)->6272K(6464K)
[773.713s][info][gc             ] GC(2092) Pause Young (Allocation Failure) 651M->372M(674M) 1.463ms
[773.713s][info][gc,cpu         ] GC(2092) User=0.01s Sys=0.00s Real=0.00s
[774.162s][info][gc,start       ] GC(2093) Pause Young (Allocation Failure)
[774.163s][info][gc,heap        ] GC(2093) PSYoungGen: 286784K(309760K)->64K(309248K) Eden: 286720K(286720K)->0K(286720K) From: 64K(23040K)->64K(22528K)
[774.163s][info][gc,heap        ] GC(2093) ParOldGen: 380885K(380928K)->380901K(380928K)
[774.163s][info][gc,metaspace   ] GC(2093) Metaspace: 35483K(36224K)->35483K(36224K) NonClass: 29210K(29760K)->29210K(29760K) Class: 6272K(6464K)->6272K(6464K)
[774.163s][info][gc             ] GC(2093) Pause Young (Allocation Failure) 652M->372M(674M) 1.480ms
[774.163s][info][gc,cpu         ] GC(2093) User=0.00s Sys=0.00s Real=0.00s
[774.357s][info][gc,start       ] GC(2094) Pause Young (Allocation Failure)
[774.358s][info][gc,heap        ] GC(2094) PSYoungGen: 286784K(309248K)->64K(310272K) Eden: 286720K(286720K)->0K(289280K) From: 64K(22528K)->64K(20992K)
[774.358s][info][gc,heap        ] GC(2094) ParOldGen: 380901K(380928K)->380917K(380928K)
[774.358s][info][gc,metaspace   ] GC(2094) Metaspace: 35483K(36224K)->35483K(36224K) NonClass: 29210K(29760K)->29210K(29760K) Class: 6272K(6464K)->6272K(6464K)
[774.358s][info][gc             ] GC(2094) Pause Young (Allocation Failure) 652M->372M(675M) 1.459ms
[774.358s][info][gc,cpu         ] GC(2094) User=0.00s Sys=0.00s Real=0.00s
[774.558s][info][gc,start       ] GC(2095) Pause Young (Allocation Failure)
[774.560s][info][gc,heap        ] GC(2095) PSYoungGen: 289344K(310272K)->64K(309760K) Eden: 289280K(289280K)->0K(289280K) From: 64K(20992K)->64K(20480K)
[774.560s][info][gc,heap        ] GC(2095) ParOldGen: 380917K(380928K)->380917K(380928K)
[774.560s][info][gc,metaspace   ] GC(2095) Metaspace: 35483K(36224K)->35483K(36224K) NonClass: 29210K(29760K)->29210K(29760K) Class: 6272K(6464K)->6272K(6464K)
[774.560s][info][gc             ] GC(2095) Pause Young (Allocation Failure) 654M->372M(674M) 1.925ms
[774.560s][info][gc,cpu         ] GC(2095) User=0.00s Sys=0.00s Real=0.00s
[774.892s][info][gc,start       ] GC(2096) Pause Young (Allocation Failure)
[774.894s][info][gc,heap        ] GC(2096) PSYoungGen: 289344K(309760K)->64K(312320K) Eden: 289280K(289280K)->0K(293376K) From: 64K(20480K)->64K(18944K)
[774.894s][info][gc,heap        ] GC(2096) ParOldGen: 380917K(380928K)->380917K(380928K)
[774.894s][info][gc,metaspace   ] GC(2096) Metaspace: 35483K(36224K)->35483K(36224K) NonClass: 29210K(29760K)->29210K(29760K) Class: 6272K(6464K)->6272K(6464K)
[774.894s][info][gc             ] GC(2096) Pause Young (Allocation Failure) 654M->372M(677M) 1.491ms
[774.894s][info][gc,cpu         ] GC(2096) User=0.00s Sys=0.00s Real=0.00s
[775.023s][info][gc,start       ] GC(2097) Pause Young (Allocation Failure)
[775.025s][info][gc,heap        ] GC(2097) PSYoungGen: 293440K(312320K)->32K(312320K) Eden: 293376K(293376K)->0K(293376K) From: 64K(18944K)->32K(18944K)
[775.025s][info][gc,heap        ] GC(2097) ParOldGen: 380917K(380928K)->380925K(380928K)
[775.025s][info][gc,metaspace   ] GC(2097) Metaspace: 35483K(36224K)->35483K(36224K) NonClass: 29210K(29760K)->29210K(29760K) Class: 6272K(6464K)->6272K(6464K)
[775.025s][info][gc             ] GC(2097) Pause Young (Allocation Failure) 658M->372M(677M) 1.640ms
[775.025s][info][gc,cpu         ] GC(2097) User=0.00s Sys=0.00s Real=0.00s
[775.079s][info][gc,start       ] GC(2098) Pause Young (Allocation Failure)
[775.080s][info][gc,heap        ] GC(2098) PSYoungGen: 293408K(312320K)->64K(313856K) Eden: 293376K(293376K)->0K(296960K) From: 32K(18944K)->64K(16896K)
[775.080s][info][gc,heap        ] GC(2098) ParOldGen: 380925K(380928K)->380941K(381440K)
[775.080s][info][gc,metaspace   ] GC(2098) Metaspace: 35483K(36224K)->35483K(36224K) NonClass: 29210K(29760K)->29210K(29760K) Class: 6272K(6464K)->6272K(6464K)
[775.080s][info][gc             ] GC(2098) Pause Young (Allocation Failure) 658M->372M(679M) 1.544ms
[775.080s][info][gc,cpu         ] GC(2098) User=0.01s Sys=0.00s Real=0.00s
[775.207s][info][gc,start       ] GC(2099) Pause Young (Allocation Failure)
[775.208s][info][gc,heap        ] GC(2099) PSYoungGen: 297024K(313856K)->32K(313856K) Eden: 296960K(296960K)->0K(296960K) From: 64K(16896K)->32K(16896K)
[775.208s][info][gc,heap        ] GC(2099) ParOldGen: 380941K(381440K)->380941K(381440K)
[775.208s][info][gc,metaspace   ] GC(2099) Metaspace: 35483K(36224K)->35483K(36224K) NonClass: 29210K(29760K)->29210K(29760K) Class: 6272K(6464K)->6272K(6464K)
[775.208s][info][gc             ] GC(2099) Pause Young (Allocation Failure) 662M->372M(679M) 1.817ms
[775.209s][info][gc,cpu         ] GC(2099) User=0.00s Sys=0.00s Real=0.00s
[775.427s][info][gc,start       ] GC(2100) Pause Young (Allocation Failure)
[775.429s][info][gc,heap        ] GC(2100) PSYoungGen: 296992K(313856K)->64K(316416K) Eden: 296960K(296960K)->0K(300544K) From: 32K(16896K)->64K(15872K)
[775.429s][info][gc,heap        ] GC(2100) ParOldGen: 380941K(381440K)->380949K(381440K)
[775.429s][info][gc,metaspace   ] GC(2100) Metaspace: 35483K(36224K)->35483K(36224K) NonClass: 29210K(29760K)->29210K(29760K) Class: 6272K(6464K)->6272K(6464K)
[775.429s][info][gc             ] GC(2100) Pause Young (Allocation Failure) 662M->372M(681M) 1.500ms
[775.429s][info][gc,cpu         ] GC(2100) User=0.00s Sys=0.00s Real=0.00s
[775.598s][info][gc,start       ] GC(2101) Pause Young (Allocation Failure)
[775.600s][info][gc,heap        ] GC(2101) PSYoungGen: 300608K(316416K)->64K(315904K) Eden: 300544K(300544K)->0K(300544K) From: 64K(15872K)->64K(15360K)
[775.600s][info][gc,heap        ] GC(2101) ParOldGen: 380949K(381440K)->380957K(381440K)
[775.600s][info][gc,metaspace   ] GC(2101) Metaspace: 35483K(36224K)->35483K(36224K) NonClass: 29210K(29760K)->29210K(29760K) Class: 6272K(6464K)->6272K(6464K)
[775.600s][info][gc             ] GC(2101) Pause Young (Allocation Failure) 665M->372M(681M) 2.022ms
[775.600s][info][gc,cpu         ] GC(2101) User=0.01s Sys=0.00s Real=0.00s
[775.681s][info][gc,start       ] GC(2102) Pause Young (Allocation Failure)
[775.683s][info][gc,heap        ] GC(2102) PSYoungGen: 300608K(315904K)->32K(317440K) Eden: 300544K(300544K)->0K(303616K) From: 64K(15360K)->32K(13824K)
[775.683s][info][gc,heap        ] GC(2102) ParOldGen: 380957K(381440K)->380973K(381440K)
[775.683s][info][gc,metaspace   ] GC(2102) Metaspace: 35483K(36224K)->35483K(36224K) NonClass: 29210K(29760K)->29210K(29760K) Class: 6272K(6464K)->6272K(6464K)
[775.683s][info][gc             ] GC(2102) Pause Young (Allocation Failure) 665M->372M(682M) 1.916ms
[775.683s][info][gc,cpu         ] GC(2102) User=0.00s Sys=0.00s Real=0.00s
[775.839s][info][gc,start       ] GC(2103) Pause Young (Allocation Failure)
[775.841s][info][gc,heap        ] GC(2103) PSYoungGen: 303648K(317440K)->32K(316928K) Eden: 303616K(303616K)->0K(303616K) From: 32K(13824K)->32K(13312K)
[775.841s][info][gc,heap        ] GC(2103) ParOldGen: 380973K(381440K)->380973K(381440K)
[775.841s][info][gc,metaspace   ] GC(2103) Metaspace: 35483K(36224K)->35483K(36224K) NonClass: 29210K(29760K)->29210K(29760K) Class: 6272K(6464K)->6272K(6464K)
[775.841s][info][gc             ] GC(2103) Pause Young (Allocation Failure) 668M->372M(682M) 1.977ms
[775.841s][info][gc,cpu         ] GC(2103) User=0.01s Sys=0.00s Real=0.00s
[776.906s][info][gc,start       ] GC(2104) Pause Young (Allocation Failure)
[776.907s][info][gc,heap        ] GC(2104) PSYoungGen: 303634K(316928K)->83K(319488K) Eden: 303602K(303616K)->0K(307712K) From: 32K(13312K)->83K(11776K)
[776.907s][info][gc,heap        ] GC(2104) ParOldGen: 380973K(381440K)->380981K(381440K)
[776.907s][info][gc,metaspace   ] GC(2104) Metaspace: 35483K(36224K)->35483K(36224K) NonClass: 29210K(29760K)->29210K(29760K) Class: 6272K(6464K)->6272K(6464K)
[776.907s][info][gc             ] GC(2104) Pause Young (Allocation Failure) 668M->372M(684M) 1.566ms
[776.907s][info][gc,cpu         ] GC(2104) User=0.00s Sys=0.00s Real=0.01s
[777.809s][info][gc,start       ] GC(2105) Pause Young (Allocation Failure)
[777.810s][info][gc,heap        ] GC(2105) PSYoungGen: 307795K(319488K)->64K(295936K) Eden: 307712K(307712K)->0K(295424K) From: 83K(11776K)->64K(512K)
[777.810s][info][gc,heap        ] GC(2105) ParOldGen: 380981K(381440K)->380989K(381440K)
[777.810s][info][gc,metaspace   ] GC(2105) Metaspace: 35483K(36224K)->35483K(36224K) NonClass: 29210K(29760K)->29210K(29760K) Class: 6272K(6464K)->6272K(6464K)
[777.810s][info][gc             ] GC(2105) Pause Young (Allocation Failure) 672M->372M(661M) 1.672ms
[777.810s][info][gc,cpu         ] GC(2105) User=0.01s Sys=0.00s Real=0.00s
[778.034s][info][gc,start       ] GC(2106) Pause Young (Allocation Failure)
[778.036s][info][gc,heap        ] GC(2106) PSYoungGen: 295488K(295936K)->64K(284160K) Eden: 295424K(295424K)->0K(283648K) From: 64K(512K)->64K(512K)
[778.036s][info][gc,heap        ] GC(2106) ParOldGen: 380989K(381440K)->380997K(381440K)
[778.036s][info][gc,metaspace   ] GC(2106) Metaspace: 35483K(36224K)->35483K(36224K) NonClass: 29210K(29760K)->29210K(29760K) Class: 6272K(6464K)->6272K(6464K)
[778.036s][info][gc             ] GC(2106) Pause Young (Allocation Failure) 660M->372M(650M) 2.157ms
[778.036s][info][gc,cpu         ] GC(2106) User=0.00s Sys=0.01s Real=0.00s
[778.496s][info][gc,start       ] GC(2107) Pause Young (Allocation Failure)
[778.497s][info][gc,heap        ] GC(2107) PSYoungGen: 283712K(284160K)->64K(282624K) Eden: 283648K(283648K)->0K(272384K) From: 64K(512K)->64K(10240K)
[778.497s][info][gc,heap        ] GC(2107) ParOldGen: 380997K(381440K)->381005K(381440K)
[778.497s][info][gc,metaspace   ] GC(2107) Metaspace: 35483K(36224K)->35483K(36224K) NonClass: 29210K(29760K)->29210K(29760K) Class: 6272K(6464K)->6272K(6464K)
[778.497s][info][gc             ] GC(2107) Pause Young (Allocation Failure) 649M->372M(648M) 1.478ms
[778.497s][info][gc,cpu         ] GC(2107) User=0.00s Sys=0.00s Real=0.01s
[779.503s][info][gc,start       ] GC(2108) Pause Young (Allocation Failure)
[779.505s][info][gc,heap        ] GC(2108) PSYoungGen: 272448K(282624K)->64K(262144K) Eden: 272384K(272384K)->0K(261632K) From: 64K(10240K)->64K(512K)
[779.505s][info][gc,heap        ] GC(2108) ParOldGen: 381005K(381440K)->381013K(381440K)
[779.505s][info][gc,metaspace   ] GC(2108) Metaspace: 35483K(36224K)->35483K(36224K) NonClass: 29210K(29760K)->29210K(29760K) Class: 6272K(6464K)->6272K(6464K)
[779.505s][info][gc             ] GC(2108) Pause Young (Allocation Failure) 638M->372M(628M) 2.092ms
[779.505s][info][gc,cpu         ] GC(2108) User=0.00s Sys=0.00s Real=0.00s
[779.920s][info][gc,start       ] GC(2109) Pause Young (Allocation Failure)
[779.921s][info][gc,heap        ] GC(2109) PSYoungGen: 261696K(262144K)->64K(260608K) Eden: 261632K(261632K)->0K(251392K) From: 64K(512K)->64K(9216K)
[779.921s][info][gc,heap        ] GC(2109) ParOldGen: 381013K(381440K)->381021K(381440K)
[779.921s][info][gc,metaspace   ] GC(2109) Metaspace: 35483K(36224K)->35483K(36224K) NonClass: 29210K(29760K)->29210K(29760K) Class: 6272K(6464K)->6272K(6464K)
[779.921s][info][gc             ] GC(2109) Pause Young (Allocation Failure) 627M->372M(627M) 1.541ms
[779.921s][info][gc,cpu         ] GC(2109) User=0.00s Sys=0.00s Real=0.00s
[780.079s][info][gc,start       ] GC(2110) Pause Young (Allocation Failure)
[780.082s][info][gc,heap        ] GC(2110) PSYoungGen: 251456K(260608K)->64K(242176K) Eden: 251392K(251392K)->0K(241664K) From: 64K(9216K)->64K(512K)
[780.082s][info][gc,heap        ] GC(2110) ParOldGen: 381021K(381440K)->381037K(381440K)
[780.082s][info][gc,metaspace   ] GC(2110) Metaspace: 35483K(36224K)->35483K(36224K) NonClass: 29210K(29760K)->29210K(29760K) Class: 6272K(6464K)->6272K(6464K)
[780.082s][info][gc             ] GC(2110) Pause Young (Allocation Failure) 617M->372M(609M) 3.258ms
[780.082s][info][gc,cpu         ] GC(2110) User=0.01s Sys=0.00s Real=0.00s
[780.243s][info][gc,start       ] GC(2111) Pause Young (Allocation Failure)
[780.246s][info][gc,heap        ] GC(2111) PSYoungGen: 241728K(242176K)->64K(284672K) Eden: 241664K(241664K)->0K(276992K) From: 64K(512K)->64K(7680K)
[780.246s][info][gc,heap        ] GC(2111) ParOldGen: 381037K(381440K)->381053K(381440K)
[780.246s][info][gc,metaspace   ] GC(2111) Metaspace: 35483K(36224K)->35483K(36224K) NonClass: 29210K(29760K)->29210K(29760K) Class: 6272K(6464K)->6272K(6464K)
[780.246s][info][gc             ] GC(2111) Pause Young (Allocation Failure) 608M->372M(650M) 2.707ms
[780.246s][info][gc,cpu         ] GC(2111) User=0.00s Sys=0.00s Real=0.00s
[780.897s][info][gc,start       ] GC(2112) Pause Young (Allocation Failure)
[780.899s][info][gc,heap        ] GC(2112) PSYoungGen: 277056K(284672K)->64K(266752K) Eden: 276992K(276992K)->0K(266240K) From: 64K(7680K)->64K(512K)
[780.899s][info][gc,heap        ] GC(2112) ParOldGen: 381053K(381440K)->381069K(381440K)
[780.899s][info][gc,metaspace   ] GC(2112) Metaspace: 35483K(36224K)->35483K(36224K) NonClass: 29210K(29760K)->29210K(29760K) Class: 6272K(6464K)->6272K(6464K)
[780.899s][info][gc             ] GC(2112) Pause Young (Allocation Failure) 642M->372M(633M) 2.702ms
[780.899s][info][gc,cpu         ] GC(2112) User=0.00s Sys=0.00s Real=0.00s
[781.282s][info][gc,start       ] GC(2113) Pause Young (Allocation Failure)
[781.289s][info][gc,heap        ] GC(2113) PSYoungGen: 266304K(266752K)->2336K(287232K) Eden: 266240K(266240K)->0K(280576K) From: 64K(512K)->2336K(6656K)
[781.289s][info][gc,heap        ] GC(2113) ParOldGen: 381069K(381440K)->381085K(381440K)
[781.289s][info][gc,metaspace   ] GC(2113) Metaspace: 35483K(36224K)->35483K(36224K) NonClass: 29210K(29760K)->29210K(29760K) Class: 6272K(6464K)->6272K(6464K)
[781.289s][info][gc             ] GC(2113) Pause Young (Allocation Failure) 632M->374M(653M) 7.340ms
[781.290s][info][gc,cpu         ] GC(2113) User=0.01s Sys=0.00s Real=0.01s
[781.626s][info][gc,start       ] GC(2114) Pause Young (Allocation Failure)
[781.689s][info][gc,heap        ] GC(2114) PSYoungGen: 282912K(287232K)->6656K(306688K) Eden: 280576K(280576K)->0K(300032K) From: 2336K(6656K)->6656K(6656K)
[781.689s][info][gc,heap        ] GC(2114) ParOldGen: 381085K(381440K)->404045K(404480K)
[781.689s][info][gc,metaspace   ] GC(2114) Metaspace: 35483K(36224K)->35483K(36224K) NonClass: 29210K(29760K)->29210K(29760K) Class: 6272K(6464K)->6272K(6464K)
[781.689s][info][gc             ] GC(2114) Pause Young (Allocation Failure) 648M->401M(694M) 63.048ms
[781.689s][info][gc,cpu         ] GC(2114) User=0.11s Sys=0.02s Real=0.07s
[782.072s][info][gc,start       ] GC(2115) Pause Young (Allocation Failure)
[782.145s][info][gc,heap        ] GC(2115) PSYoungGen: 306688K(306688K)->16896K(316928K) Eden: 300032K(300032K)->0K(300032K) From: 6656K(6656K)->16896K(16896K)
[782.145s][info][gc,heap        ] GC(2115) ParOldGen: 404045K(404480K)->419645K(419840K)
[782.145s][info][gc,metaspace   ] GC(2115) Metaspace: 35483K(36224K)->35483K(36224K) NonClass: 29210K(29760K)->29210K(29760K) Class: 6272K(6464K)->6272K(6464K)
[782.145s][info][gc             ] GC(2115) Pause Young (Allocation Failure) 694M->426M(719M) 73.105ms
[782.145s][info][gc,cpu         ] GC(2115) User=0.12s Sys=0.03s Real=0.07s
[782.281s][info][gc,start       ] GC(2116) Pause Young (Allocation Failure)
[782.298s][info][gc,heap        ] GC(2116) PSYoungGen: 316928K(316928K)->5440K(301568K) Eden: 300032K(300032K)->0K(284672K) From: 16896K(16896K)->5440K(16896K)
[782.298s][info][gc,heap        ] GC(2116) ParOldGen: 419645K(419840K)->420205K(420352K)
[782.298s][info][gc,metaspace   ] GC(2116) Metaspace: 35483K(36224K)->35483K(36224K) NonClass: 29210K(29760K)->29210K(29760K) Class: 6272K(6464K)->6272K(6464K)
[782.298s][info][gc             ] GC(2116) Pause Young (Allocation Failure) 719M->415M(705M) 17.583ms
[782.298s][info][gc,cpu         ] GC(2116) User=0.03s Sys=0.00s Real=0.02s
[782.860s][info][gc,start       ] GC(2117) Pause Young (Allocation Failure)
[782.862s][info][gc,heap        ] GC(2117) PSYoungGen: 290112K(301568K)->64K(309248K) Eden: 284672K(284672K)->0K(284672K) From: 5440K(16896K)->64K(24576K)
[782.862s][info][gc,heap        ] GC(2117) ParOldGen: 420205K(420352K)->420213K(420352K)
[782.862s][info][gc,metaspace   ] GC(2117) Metaspace: 35483K(36224K)->35483K(36224K) NonClass: 29210K(29760K)->29210K(29760K) Class: 6272K(6464K)->6272K(6464K)
[782.862s][info][gc             ] GC(2117) Pause Young (Allocation Failure) 693M->410M(712M) 1.639ms
[782.862s][info][gc,cpu         ] GC(2117) User=0.01s Sys=0.00s Real=0.00s
[783.379s][info][gc,start       ] GC(2118) Pause Young (Allocation Failure)
[783.381s][info][gc,heap        ] GC(2118) PSYoungGen: 284736K(309248K)->64K(307200K) Eden: 284672K(284672K)->0K(285696K) From: 64K(24576K)->64K(21504K)
[783.381s][info][gc,heap        ] GC(2118) ParOldGen: 420213K(420352K)->420221K(420352K)
[783.381s][info][gc,metaspace   ] GC(2118) Metaspace: 35483K(36224K)->35483K(36224K) NonClass: 29210K(29760K)->29210K(29760K) Class: 6272K(6464K)->6272K(6464K)
[783.381s][info][gc             ] GC(2118) Pause Young (Allocation Failure) 688M->410M(710M) 1.678ms
[783.381s][info][gc,cpu         ] GC(2118) User=0.00s Sys=0.00s Real=0.00s
[783.821s][info][gc,start       ] GC(2119) Pause Young (Allocation Failure)
[783.822s][info][gc,heap        ] GC(2119) PSYoungGen: 285760K(307200K)->64K(308736K) Eden: 285696K(285696K)->0K(285696K) From: 64K(21504K)->64K(23040K)
[783.822s][info][gc,heap        ] GC(2119) ParOldGen: 420221K(420352K)->420237K(420352K)
[783.822s][info][gc,metaspace   ] GC(2119) Metaspace: 35483K(36224K)->35483K(36224K) NonClass: 29210K(29760K)->29210K(29760K) Class: 6272K(6464K)->6272K(6464K)
[783.822s][info][gc             ] GC(2119) Pause Young (Allocation Failure) 689M->410M(712M) 1.708ms
[783.822s][info][gc,cpu         ] GC(2119) User=0.00s Sys=0.00s Real=0.00s
[784.015s][info][gc,start       ] GC(2120) Pause Young (Allocation Failure)
[784.017s][info][gc,heap        ] GC(2120) PSYoungGen: 285760K(308736K)->64K(308224K) Eden: 285696K(285696K)->0K(288768K) From: 64K(23040K)->64K(19456K)
[784.017s][info][gc,heap        ] GC(2120) ParOldGen: 420237K(420352K)->420253K(420352K)
[784.017s][info][gc,metaspace   ] GC(2120) Metaspace: 35483K(36224K)->35483K(36224K) NonClass: 29210K(29760K)->29210K(29760K) Class: 6272K(6464K)->6272K(6464K)
[784.017s][info][gc             ] GC(2120) Pause Young (Allocation Failure) 689M->410M(711M) 1.612ms
[784.017s][info][gc,cpu         ] GC(2120) User=0.00s Sys=0.00s Real=0.01s
[784.216s][info][gc,start       ] GC(2121) Pause Young (Allocation Failure)
[784.218s][info][gc,heap        ] GC(2121) PSYoungGen: 288832K(308224K)->64K(309760K) Eden: 288768K(288768K)->0K(288768K) From: 64K(19456K)->64K(20992K)
[784.218s][info][gc,heap        ] GC(2121) ParOldGen: 420253K(420352K)->420253K(420352K)
[784.218s][info][gc,metaspace   ] GC(2121) Metaspace: 35483K(36224K)->35483K(36224K) NonClass: 29210K(29760K)->29210K(29760K) Class: 6272K(6464K)->6272K(6464K)
[784.218s][info][gc             ] GC(2121) Pause Young (Allocation Failure) 692M->410M(713M) 2.381ms
[784.218s][info][gc,cpu         ] GC(2121) User=0.01s Sys=0.00s Real=0.01s
[784.606s][info][gc,start       ] GC(2122) Pause Young (Allocation Failure)
[784.608s][info][gc,heap        ] GC(2122) PSYoungGen: 288832K(309760K)->64K(310272K) Eden: 288768K(288768K)->0K(292352K) From: 64K(20992K)->64K(17920K)
[784.608s][info][gc,heap        ] GC(2122) ParOldGen: 420253K(420352K)->420253K(420352K)
[784.608s][info][gc,metaspace   ] GC(2122) Metaspace: 35483K(36224K)->35483K(36224K) NonClass: 29210K(29760K)->29210K(29760K) Class: 6272K(6464K)->6272K(6464K)
[784.608s][info][gc             ] GC(2122) Pause Young (Allocation Failure) 692M->410M(713M) 2.122ms
[784.608s][info][gc,cpu         ] GC(2122) User=0.01s Sys=0.00s Real=0.01s
[784.671s][info][gc,start       ] GC(2123) Pause Young (Allocation Failure)
[784.673s][info][gc,heap        ] GC(2123) PSYoungGen: 292416K(310272K)->32K(311808K) Eden: 292352K(292352K)->0K(292352K) From: 64K(17920K)->32K(19456K)
[784.673s][info][gc,heap        ] GC(2123) ParOldGen: 420253K(420352K)->420269K(420352K)
[784.673s][info][gc,metaspace   ] GC(2123) Metaspace: 35483K(36224K)->35483K(36224K) NonClass: 29210K(29760K)->29210K(29760K) Class: 6272K(6464K)->6272K(6464K)
[784.673s][info][gc             ] GC(2123) Pause Young (Allocation Failure) 695M->410M(715M) 1.997ms
[784.673s][info][gc,cpu         ] GC(2123) User=0.00s Sys=0.00s Real=0.00s
[784.727s][info][gc,start       ] GC(2124) Pause Young (Allocation Failure)
[784.729s][info][gc,heap        ] GC(2124) PSYoungGen: 292384K(311808K)->32K(311808K) Eden: 292352K(292352K)->0K(295936K) From: 32K(19456K)->32K(15872K)
[784.729s][info][gc,heap        ] GC(2124) ParOldGen: 420269K(420352K)->420277K(420352K)
[784.729s][info][gc,metaspace   ] GC(2124) Metaspace: 35483K(36224K)->35483K(36224K) NonClass: 29210K(29760K)->29210K(29760K) Class: 6272K(6464K)->6272K(6464K)
[784.729s][info][gc             ] GC(2124) Pause Young (Allocation Failure) 695M->410M(715M) 2.041ms
[784.729s][info][gc,cpu         ] GC(2124) User=0.00s Sys=0.00s Real=0.00s
[784.892s][info][gc,start       ] GC(2125) Pause Young (Allocation Failure)
[784.893s][info][gc,heap        ] GC(2125) PSYoungGen: 295968K(311808K)->64K(313344K) Eden: 295936K(295936K)->0K(295936K) From: 32K(15872K)->64K(17408K)
[784.893s][info][gc,heap        ] GC(2125) ParOldGen: 420277K(420352K)->420277K(420352K)
[784.893s][info][gc,metaspace   ] GC(2125) Metaspace: 35483K(36224K)->35483K(36224K) NonClass: 29210K(29760K)->29210K(29760K) Class: 6272K(6464K)->6272K(6464K)
[784.893s][info][gc             ] GC(2125) Pause Young (Allocation Failure) 699M->410M(716M) 1.600ms
[784.893s][info][gc,cpu         ] GC(2125) User=0.00s Sys=0.00s Real=0.00s
[785.102s][info][gc,start       ] GC(2126) Pause Young (Allocation Failure)
[785.104s][info][gc,heap        ] GC(2126) PSYoungGen: 296000K(313344K)->32K(313856K) Eden: 295936K(295936K)->0K(300032K) From: 64K(17408K)->32K(13824K)
[785.104s][info][gc,heap        ] GC(2126) ParOldGen: 420277K(420352K)->420285K(420352K)
[785.104s][info][gc,metaspace   ] GC(2126) Metaspace: 35483K(36224K)->35483K(36224K) NonClass: 29210K(29760K)->29210K(29760K) Class: 6272K(6464K)->6272K(6464K)
[785.104s][info][gc             ] GC(2126) Pause Young (Allocation Failure) 699M->410M(717M) 2.113ms
[785.104s][info][gc,cpu         ] GC(2126) User=0.00s Sys=0.00s Real=0.00s
[785.235s][info][gc,start       ] GC(2127) Pause Young (Allocation Failure)
[785.237s][info][gc,heap        ] GC(2127) PSYoungGen: 300064K(313856K)->64K(315392K) Eden: 300032K(300032K)->0K(300032K) From: 32K(13824K)->64K(15360K)
[785.237s][info][gc,heap        ] GC(2127) ParOldGen: 420285K(420352K)->420293K(420352K)
[785.237s][info][gc,metaspace   ] GC(2127) Metaspace: 35483K(36224K)->35483K(36224K) NonClass: 29210K(29760K)->29210K(29760K) Class: 6272K(6464K)->6272K(6464K)
[785.237s][info][gc             ] GC(2127) Pause Young (Allocation Failure) 703M->410M(718M) 1.672ms
[785.237s][info][gc,cpu         ] GC(2127) User=0.01s Sys=0.00s Real=0.01s
[785.323s][info][gc,start       ] GC(2128) Pause Young (Allocation Failure)
[785.325s][info][gc,heap        ] GC(2128) PSYoungGen: 300096K(315392K)->64K(316928K) Eden: 300032K(300032K)->0K(304128K) From: 64K(15360K)->64K(12800K)
[785.325s][info][gc,heap        ] GC(2128) ParOldGen: 420293K(420352K)->420301K(420352K)
[785.325s][info][gc,metaspace   ] GC(2128) Metaspace: 35483K(36224K)->35483K(36224K) NonClass: 29210K(29760K)->29210K(29760K) Class: 6272K(6464K)->6272K(6464K)
[785.325s][info][gc             ] GC(2128) Pause Young (Allocation Failure) 703M->410M(720M) 1.653ms
[785.325s][info][gc,cpu         ] GC(2128) User=0.00s Sys=0.01s Real=0.00s
[785.496s][info][gc,start       ] GC(2129) Pause Young (Allocation Failure)
[785.497s][info][gc,heap        ] GC(2129) PSYoungGen: 304192K(316928K)->64K(317952K) Eden: 304128K(304128K)->0K(304128K) From: 64K(12800K)->64K(13824K)
[785.497s][info][gc,heap        ] GC(2129) ParOldGen: 420301K(420352K)->420309K(420352K)
[785.497s][info][gc,metaspace   ] GC(2129) Metaspace: 35483K(36224K)->35483K(36224K) NonClass: 29210K(29760K)->29210K(29760K) Class: 6272K(6464K)->6272K(6464K)
[785.497s][info][gc             ] GC(2129) Pause Young (Allocation Failure) 707M->410M(721M) 1.642ms
[785.497s][info][gc,cpu         ] GC(2129) User=0.01s Sys=0.00s Real=0.01s
[786.445s][info][gc,start       ] GC(2130) Pause Young (Allocation Failure)
[786.447s][info][gc,heap        ] GC(2130) PSYoungGen: 304192K(317952K)->64K(317952K) Eden: 304128K(304128K)->0K(307200K) From: 64K(13824K)->64K(10752K)
[786.447s][info][gc,heap        ] GC(2130) ParOldGen: 420309K(420352K)->420317K(420352K)
[786.447s][info][gc,metaspace   ] GC(2130) Metaspace: 35483K(36224K)->35483K(36224K) NonClass: 29210K(29760K)->29210K(29760K) Class: 6272K(6464K)->6272K(6464K)
[786.447s][info][gc             ] GC(2130) Pause Young (Allocation Failure) 707M->410M(721M) 1.564ms
[786.447s][info][gc,cpu         ] GC(2130) User=0.00s Sys=0.00s Real=0.01s
[787.352s][info][gc,start       ] GC(2131) Pause Young (Allocation Failure)
[787.355s][info][gc,heap        ] GC(2131) PSYoungGen: 307264K(317952K)->64K(295424K) Eden: 307200K(307200K)->0K(294912K) From: 64K(10752K)->64K(512K)
[787.355s][info][gc,heap        ] GC(2131) ParOldGen: 420317K(420352K)->420333K(420352K)
[787.355s][info][gc,metaspace   ] GC(2131) Metaspace: 35483K(36224K)->35483K(36224K) NonClass: 29210K(29760K)->29210K(29760K) Class: 6272K(6464K)->6272K(6464K)
[787.355s][info][gc             ] GC(2131) Pause Young (Allocation Failure) 710M->410M(699M) 2.769ms
[787.355s][info][gc,cpu         ] GC(2131) User=0.00s Sys=0.00s Real=0.00s
[787.695s][info][gc,start       ] GC(2132) Pause Young (Allocation Failure)
[787.697s][info][gc,heap        ] GC(2132) PSYoungGen: 294976K(295424K)->64K(283648K) Eden: 294912K(294912K)->0K(283136K) From: 64K(512K)->64K(512K)
[787.697s][info][gc,heap        ] GC(2132) ParOldGen: 420333K(420352K)->420341K(420352K)
[787.697s][info][gc,metaspace   ] GC(2132) Metaspace: 35483K(36224K)->35483K(36224K) NonClass: 29210K(29760K)->29210K(29760K) Class: 6272K(6464K)->6272K(6464K)
[787.697s][info][gc             ] GC(2132) Pause Young (Allocation Failure) 698M->410M(687M) 2.289ms
[787.697s][info][gc,cpu         ] GC(2132) User=0.00s Sys=0.00s Real=0.01s
[788.092s][info][gc,start       ] GC(2133) Pause Young (Allocation Failure)
[788.093s][info][gc,heap        ] GC(2133) PSYoungGen: 283200K(283648K)->64K(282624K) Eden: 283136K(283136K)->0K(271872K) From: 64K(512K)->64K(10752K)
[788.093s][info][gc,heap        ] GC(2133) ParOldGen: 420341K(420352K)->420349K(420352K)
[788.093s][info][gc,metaspace   ] GC(2133) Metaspace: 35483K(36224K)->35483K(36224K) NonClass: 29210K(29760K)->29210K(29760K) Class: 6272K(6464K)->6272K(6464K)
[788.093s][info][gc             ] GC(2133) Pause Young (Allocation Failure) 687M->410M(686M) 1.601ms
[788.093s][info][gc,cpu         ] GC(2133) User=0.00s Sys=0.00s Real=0.00s
[789.035s][info][gc,start       ] GC(2134) Pause Young (Allocation Failure)
[789.038s][info][gc,heap        ] GC(2134) PSYoungGen: 271936K(282624K)->64K(261632K) Eden: 271872K(271872K)->0K(261120K) From: 64K(10752K)->64K(512K)
[789.038s][info][gc,heap        ] GC(2134) ParOldGen: 420349K(420352K)->420365K(420864K)
[789.038s][info][gc,metaspace   ] GC(2134) Metaspace: 35483K(36224K)->35483K(36224K) NonClass: 29210K(29760K)->29210K(29760K) Class: 6272K(6464K)->6272K(6464K)
[789.038s][info][gc             ] GC(2134) Pause Young (Allocation Failure) 676M->410M(666M) 2.385ms
[789.038s][info][gc,cpu         ] GC(2134) User=0.00s Sys=0.00s Real=0.01s
[789.388s][info][gc,start       ] GC(2135) Pause Young (Allocation Failure)
[789.389s][info][gc,heap        ] GC(2135) PSYoungGen: 261184K(261632K)->64K(260096K) Eden: 261120K(261120K)->0K(250880K) From: 64K(512K)->64K(9216K)
[789.389s][info][gc,heap        ] GC(2135) ParOldGen: 420365K(420864K)->420373K(420864K)
[789.389s][info][gc,metaspace   ] GC(2135) Metaspace: 35483K(36224K)->35483K(36224K) NonClass: 29210K(29760K)->29210K(29760K) Class: 6272K(6464K)->6272K(6464K)
[789.389s][info][gc             ] GC(2135) Pause Young (Allocation Failure) 665M->410M(665M) 1.588ms
[789.389s][info][gc,cpu         ] GC(2135) User=0.00s Sys=0.00s Real=0.00s
[789.501s][info][gc,start       ] GC(2136) Pause Young (Allocation Failure)
[789.504s][info][gc,heap        ] GC(2136) PSYoungGen: 250944K(260096K)->64K(241664K) Eden: 250880K(250880K)->0K(241152K) From: 64K(9216K)->64K(512K)
[789.504s][info][gc,heap        ] GC(2136) ParOldGen: 420373K(420864K)->420381K(420864K)
[789.504s][info][gc,metaspace   ] GC(2136) Metaspace: 35483K(36224K)->35483K(36224K) NonClass: 29210K(29760K)->29210K(29760K) Class: 6272K(6464K)->6272K(6464K)
[789.504s][info][gc             ] GC(2136) Pause Young (Allocation Failure) 655M->410M(647M) 2.824ms
[789.504s][info][gc,cpu         ] GC(2136) User=0.00s Sys=0.00s Real=0.00s
[789.842s][info][gc,start       ] GC(2137) Pause Young (Allocation Failure)
[789.844s][info][gc,heap        ] GC(2137) PSYoungGen: 241216K(241664K)->64K(240128K) Eden: 241152K(241152K)->0K(231936K) From: 64K(512K)->64K(8192K)
[789.844s][info][gc,heap        ] GC(2137) ParOldGen: 420381K(420864K)->420397K(420864K)
[789.844s][info][gc,metaspace   ] GC(2137) Metaspace: 35483K(36224K)->35483K(36224K) NonClass: 29210K(29760K)->29210K(29760K) Class: 6272K(6464K)->6272K(6464K)
[789.844s][info][gc             ] GC(2137) Pause Young (Allocation Failure) 646M->410M(645M) 2.729ms
[789.844s][info][gc,cpu         ] GC(2137) User=0.00s Sys=0.00s Real=0.00s
[790.218s][info][gc,start       ] GC(2138) Pause Young (Allocation Failure)
[790.222s][info][gc,heap        ] GC(2138) PSYoungGen: 232000K(240128K)->64K(223744K) Eden: 231936K(231936K)->0K(223232K) From: 64K(8192K)->64K(512K)
[790.222s][info][gc,heap        ] GC(2138) ParOldGen: 420397K(420864K)->420413K(420864K)
[790.222s][info][gc,metaspace   ] GC(2138) Metaspace: 35483K(36224K)->35483K(36224K) NonClass: 29210K(29760K)->29210K(29760K) Class: 6272K(6464K)->6272K(6464K)
[790.222s][info][gc             ] GC(2138) Pause Young (Allocation Failure) 637M->410M(629M) 3.405ms
[790.222s][info][gc,cpu         ] GC(2138) User=0.00s Sys=0.01s Real=0.00s
[790.579s][info][gc,start       ] GC(2139) Pause Young (Allocation Failure)
[790.585s][info][gc,heap        ] GC(2139) PSYoungGen: 223296K(223744K)->864K(271360K) Eden: 223232K(223232K)->0K(264704K) From: 64K(512K)->864K(6656K)
[790.585s][info][gc,heap        ] GC(2139) ParOldGen: 420413K(420864K)->420421K(420864K)
[790.585s][info][gc,metaspace   ] GC(2139) Metaspace: 35483K(36224K)->35483K(36224K) NonClass: 29210K(29760K)->29210K(29760K) Class: 6272K(6464K)->6272K(6464K)
[790.585s][info][gc             ] GC(2139) Pause Young (Allocation Failure) 628M->411M(676M) 5.338ms
[790.585s][info][gc,cpu         ] GC(2139) User=0.00s Sys=0.00s Real=0.00s
[790.872s][info][gc,start       ] GC(2140) Pause Young (Allocation Failure)
[790.929s][info][gc,heap        ] GC(2140) PSYoungGen: 265568K(271360K)->6144K(269824K) Eden: 264704K(264704K)->0K(263680K) From: 864K(6656K)->6144K(6144K)
[790.929s][info][gc,heap        ] GC(2140) ParOldGen: 420421K(420864K)->442213K(442368K)
[790.929s][info][gc,metaspace   ] GC(2140) Metaspace: 35483K(36224K)->35483K(36224K) NonClass: 29210K(29760K)->29210K(29760K) Class: 6272K(6464K)->6272K(6464K)
[790.929s][info][gc             ] GC(2140) Pause Young (Allocation Failure) 669M->437M(695M) 57.113ms
[790.929s][info][gc,cpu         ] GC(2140) User=0.09s Sys=0.01s Real=0.06s
[791.218s][info][gc,start       ] GC(2141) Pause Young (Allocation Failure)
[791.275s][info][gc,heap        ] GC(2141) PSYoungGen: 269824K(269824K)->15872K(279552K) Eden: 263680K(263680K)->0K(263680K) From: 6144K(6144K)->15872K(15872K)
[791.275s][info][gc,heap        ] GC(2141) ParOldGen: 442213K(442368K)->454957K(455168K)
[791.275s][info][gc,metaspace   ] GC(2141) Metaspace: 35483K(36224K)->35483K(36224K) NonClass: 29210K(29760K)->29210K(29760K) Class: 6272K(6464K)->6272K(6464K)
[791.275s][info][gc             ] GC(2141) Pause Young (Allocation Failure) 695M->459M(717M) 57.361ms
[791.275s][info][gc,cpu         ] GC(2141) User=0.09s Sys=0.02s Real=0.05s
[791.443s][info][gc,start       ] GC(2142) Pause Young (Allocation Failure)
[791.472s][info][gc,heap        ] GC(2142) PSYoungGen: 279552K(279552K)->12416K(308736K) Eden: 263680K(263680K)->0K(284672K) From: 15872K(15872K)->12416K(24064K)
[791.472s][info][gc,heap        ] GC(2142) ParOldGen: 454957K(455168K)->455405K(455680K)
[791.472s][info][gc,metaspace   ] GC(2142) Metaspace: 35483K(36224K)->35483K(36224K) NonClass: 29210K(29760K)->29210K(29760K) Class: 6272K(6464K)->6272K(6464K)
[791.472s][info][gc             ] GC(2142) Pause Young (Allocation Failure) 717M->456M(746M) 28.866ms
[791.472s][info][gc,cpu         ] GC(2142) User=0.04s Sys=0.01s Real=0.03s
[791.795s][info][gc,start       ] GC(2143) Pause Young (Allocation Failure)
[791.797s][info][gc,heap        ] GC(2143) PSYoungGen: 297088K(308736K)->64K(309248K) Eden: 284672K(284672K)->0K(284672K) From: 12416K(24064K)->64K(24576K)
[791.797s][info][gc,heap        ] GC(2143) ParOldGen: 455405K(455680K)->455413K(455680K)
[791.797s][info][gc,metaspace   ] GC(2143) Metaspace: 35483K(36224K)->35483K(36224K) NonClass: 29210K(29760K)->29210K(29760K) Class: 6272K(6464K)->6272K(6464K)
[791.797s][info][gc             ] GC(2143) Pause Young (Allocation Failure) 734M->444M(747M) 1.741ms
[791.797s][info][gc,cpu         ] GC(2143) User=0.00s Sys=0.00s Real=0.01s
[792.446s][info][gc,start       ] GC(2144) Pause Young (Allocation Failure)
[792.448s][info][gc,heap        ] GC(2144) PSYoungGen: 284736K(309248K)->64K(307200K) Eden: 284672K(284672K)->0K(285184K) From: 64K(24576K)->64K(22016K)
[792.448s][info][gc,heap        ] GC(2144) ParOldGen: 455413K(455680K)->455421K(455680K)
[792.448s][info][gc,metaspace   ] GC(2144) Metaspace: 35483K(36224K)->35483K(36224K) NonClass: 29210K(29760K)->29210K(29760K) Class: 6272K(6464K)->6272K(6464K)
[792.448s][info][gc             ] GC(2144) Pause Young (Allocation Failure) 722M->444M(745M) 1.754ms
[792.448s][info][gc,cpu         ] GC(2144) User=0.00s Sys=0.00s Real=0.01s
[792.930s][info][gc,start       ] GC(2145) Pause Young (Allocation Failure)
[792.931s][info][gc,heap        ] GC(2145) PSYoungGen: 285248K(307200K)->64K(308224K) Eden: 285184K(285184K)->0K(285184K) From: 64K(22016K)->64K(23040K)
[792.931s][info][gc,heap        ] GC(2145) ParOldGen: 455421K(455680K)->455437K(455680K)
[792.931s][info][gc,metaspace   ] GC(2145) Metaspace: 35483K(36224K)->35483K(36224K) NonClass: 29210K(29760K)->29210K(29760K) Class: 6272K(6464K)->6272K(6464K)
[792.931s][info][gc             ] GC(2145) Pause Young (Allocation Failure) 723M->444M(746M) 1.756ms
[792.931s][info][gc,cpu         ] GC(2145) User=0.00s Sys=0.00s Real=0.00s
[793.122s][info][gc,start       ] GC(2146) Pause Young (Allocation Failure)
[793.124s][info][gc,heap        ] GC(2146) PSYoungGen: 285248K(308224K)->64K(308224K) Eden: 285184K(285184K)->0K(288256K) From: 64K(23040K)->64K(19968K)
[793.124s][info][gc,heap        ] GC(2146) ParOldGen: 455437K(455680K)->455453K(455680K)
[793.124s][info][gc,metaspace   ] GC(2146) Metaspace: 35483K(36224K)->35483K(36224K) NonClass: 29210K(29760K)->29210K(29760K) Class: 6272K(6464K)->6272K(6464K)
[793.124s][info][gc             ] GC(2146) Pause Young (Allocation Failure) 723M->444M(746M) 1.728ms
[793.124s][info][gc,cpu         ] GC(2146) User=0.01s Sys=0.00s Real=0.00s
[793.322s][info][gc,start       ] GC(2147) Pause Young (Allocation Failure)
[793.324s][info][gc,heap        ] GC(2147) PSYoungGen: 288320K(308224K)->64K(309760K) Eden: 288256K(288256K)->0K(288256K) From: 64K(19968K)->64K(21504K)
[793.324s][info][gc,heap        ] GC(2147) ParOldGen: 455453K(455680K)->455453K(455680K)
[793.324s][info][gc,metaspace   ] GC(2147) Metaspace: 35483K(36224K)->35483K(36224K) NonClass: 29210K(29760K)->29210K(29760K) Class: 6272K(6464K)->6272K(6464K)
[793.324s][info][gc             ] GC(2147) Pause Young (Allocation Failure) 726M->444M(747M) 1.704ms
[793.324s][info][gc,cpu         ] GC(2147) User=0.01s Sys=0.00s Real=0.00s
[793.649s][info][gc,start       ] GC(2148) Pause Young (Allocation Failure)
[793.651s][info][gc,heap        ] GC(2148) PSYoungGen: 288320K(309760K)->64K(309760K) Eden: 288256K(288256K)->0K(291840K) From: 64K(21504K)->64K(17920K)
[793.651s][info][gc,heap        ] GC(2148) ParOldGen: 455453K(455680K)->455453K(455680K)
[793.651s][info][gc,metaspace   ] GC(2148) Metaspace: 35483K(36224K)->35483K(36224K) NonClass: 29210K(29760K)->29210K(29760K) Class: 6272K(6464K)->6272K(6464K)
[793.651s][info][gc             ] GC(2148) Pause Young (Allocation Failure) 726M->444M(747M) 1.729ms
[793.651s][info][gc,cpu         ] GC(2148) User=0.00s Sys=0.00s Real=0.00s
[793.795s][info][gc,start       ] GC(2149) Pause Young (Allocation Failure)
[793.797s][info][gc,heap        ] GC(2149) PSYoungGen: 291904K(309760K)->64K(311296K) Eden: 291840K(291840K)->0K(291840K) From: 64K(17920K)->64K(19456K)
[793.797s][info][gc,heap        ] GC(2149) ParOldGen: 455453K(455680K)->455461K(455680K)
[793.797s][info][gc,metaspace   ] GC(2149) Metaspace: 35483K(36224K)->35483K(36224K) NonClass: 29210K(29760K)->29210K(29760K) Class: 6272K(6464K)->6272K(6464K)
[793.797s][info][gc             ] GC(2149) Pause Young (Allocation Failure) 729M->444M(749M) 1.695ms
[793.797s][info][gc,cpu         ] GC(2149) User=0.00s Sys=0.01s Real=0.01s
[793.851s][info][gc,start       ] GC(2150) Pause Young (Allocation Failure)
[793.853s][info][gc,heap        ] GC(2150) PSYoungGen: 291904K(311296K)->64K(311808K) Eden: 291840K(291840K)->0K(295936K) From: 64K(19456K)->64K(15872K)
[793.853s][info][gc,heap        ] GC(2150) ParOldGen: 455461K(455680K)->455477K(455680K)
[793.853s][info][gc,metaspace   ] GC(2150) Metaspace: 35483K(36224K)->35483K(36224K) NonClass: 29210K(29760K)->29210K(29760K) Class: 6272K(6464K)->6272K(6464K)
[793.853s][info][gc             ] GC(2150) Pause Young (Allocation Failure) 729M->444M(749M) 1.543ms
[793.853s][info][gc,cpu         ] GC(2150) User=0.00s Sys=0.00s Real=0.00s
[793.962s][info][gc,start       ] GC(2151) Pause Young (Allocation Failure)
[793.964s][info][gc,heap        ] GC(2151) PSYoungGen: 296000K(311808K)->64K(313344K) Eden: 295936K(295936K)->0K(295936K) From: 64K(15872K)->64K(17408K)
[793.964s][info][gc,heap        ] GC(2151) ParOldGen: 455477K(455680K)->455477K(455680K)
[793.964s][info][gc,metaspace   ] GC(2151) Metaspace: 35483K(36224K)->35483K(36224K) NonClass: 29210K(29760K)->29210K(29760K) Class: 6272K(6464K)->6272K(6464K)
[793.964s][info][gc             ] GC(2151) Pause Young (Allocation Failure) 733M->444M(751M) 1.644ms
[793.964s][info][gc,cpu         ] GC(2151) User=0.00s Sys=0.00s Real=0.00s
[794.175s][info][gc,start       ] GC(2152) Pause Young (Allocation Failure)
[794.176s][info][gc,heap        ] GC(2152) PSYoungGen: 296000K(313344K)->64K(314880K) Eden: 295936K(295936K)->0K(300032K) From: 64K(17408K)->64K(14848K)
[794.176s][info][gc,heap        ] GC(2152) ParOldGen: 455477K(455680K)->455493K(455680K)
[794.176s][info][gc,metaspace   ] GC(2152) Metaspace: 35483K(36224K)->35483K(36224K) NonClass: 29210K(29760K)->29210K(29760K) Class: 6272K(6464K)->6272K(6464K)
[794.176s][info][gc             ] GC(2152) Pause Young (Allocation Failure) 733M->444M(752M) 1.612ms
[794.176s][info][gc,cpu         ] GC(2152) User=0.00s Sys=0.00s Real=0.00s
[794.352s][info][gc,start       ] GC(2153) Pause Young (Allocation Failure)
[794.354s][info][gc,heap        ] GC(2153) PSYoungGen: 300096K(314880K)->64K(315904K) Eden: 300032K(300032K)->0K(300032K) From: 64K(14848K)->64K(15872K)
[794.354s][info][gc,heap        ] GC(2153) ParOldGen: 455493K(455680K)->455493K(455680K)
[794.354s][info][gc,metaspace   ] GC(2153) Metaspace: 35483K(36224K)->35483K(36224K) NonClass: 29210K(29760K)->29210K(29760K) Class: 6272K(6464K)->6272K(6464K)
[794.354s][info][gc             ] GC(2153) Pause Young (Allocation Failure) 737M->444M(753M) 1.747ms
[794.354s][info][gc,cpu         ] GC(2153) User=0.01s Sys=0.00s Real=0.00s
[794.433s][info][gc,start       ] GC(2154) Pause Young (Allocation Failure)
[794.435s][info][gc,heap        ] GC(2154) PSYoungGen: 300096K(315904K)->64K(315904K) Eden: 300032K(300032K)->0K(303104K) From: 64K(15872K)->64K(12800K)
[794.435s][info][gc,heap        ] GC(2154) ParOldGen: 455493K(455680K)->455509K(455680K)
[794.435s][info][gc,metaspace   ] GC(2154) Metaspace: 35483K(36224K)->35483K(36224K) NonClass: 29210K(29760K)->29210K(29760K) Class: 6272K(6464K)->6272K(6464K)
[794.435s][info][gc             ] GC(2154) Pause Young (Allocation Failure) 737M->444M(753M) 1.728ms
[794.435s][info][gc,cpu         ] GC(2154) User=0.01s Sys=0.00s Real=0.00s
[794.580s][info][gc,start       ] GC(2155) Pause Young (Allocation Failure)
[794.582s][info][gc,heap        ] GC(2155) PSYoungGen: 303168K(315904K)->64K(316928K) Eden: 303104K(303104K)->0K(303104K) From: 64K(12800K)->64K(13824K)
[794.582s][info][gc,heap        ] GC(2155) ParOldGen: 455509K(455680K)->455509K(455680K)
[794.582s][info][gc,metaspace   ] GC(2155) Metaspace: 35483K(36224K)->35483K(36224K) NonClass: 29210K(29760K)->29210K(29760K) Class: 6272K(6464K)->6272K(6464K)
[794.582s][info][gc             ] GC(2155) Pause Young (Allocation Failure) 740M->444M(754M) 1.628ms
[794.582s][info][gc,cpu         ] GC(2155) User=0.00s Sys=0.00s Real=0.00s
[794.982s][info][gc,start       ] GC(2156) Pause Young (Allocation Failure)
[794.984s][info][gc,heap        ] GC(2156) PSYoungGen: 303168K(316928K)->64K(318976K) Eden: 303104K(303104K)->0K(307200K) From: 64K(13824K)->64K(11776K)
[794.984s][info][gc,heap        ] GC(2156) ParOldGen: 455509K(455680K)->455517K(455680K)
[794.984s][info][gc,metaspace   ] GC(2156) Metaspace: 35483K(36224K)->35483K(36224K) NonClass: 29210K(29760K)->29210K(29760K) Class: 6272K(6464K)->6272K(6464K)
[794.984s][info][gc             ] GC(2156) Pause Young (Allocation Failure) 740M->444M(756M) 1.711ms
[794.984s][info][gc,cpu         ] GC(2156) User=0.00s Sys=0.00s Real=0.00s
[796.265s][info][gc,start       ] GC(2157) Pause Young (Allocation Failure)
[796.267s][info][gc,heap        ] GC(2157) PSYoungGen: 307264K(318976K)->64K(295424K) Eden: 307200K(307200K)->0K(294912K) From: 64K(11776K)->64K(512K)
[796.267s][info][gc,heap        ] GC(2157) ParOldGen: 455517K(455680K)->455525K(455680K)
[796.267s][info][gc,metaspace   ] GC(2157) Metaspace: 35483K(36224K)->35483K(36224K) NonClass: 29210K(29760K)->29210K(29760K) Class: 6272K(6464K)->6272K(6464K)
[796.267s][info][gc             ] GC(2157) Pause Young (Allocation Failure) 744M->444M(733M) 1.836ms
[796.267s][info][gc,cpu         ] GC(2157) User=0.01s Sys=0.00s Real=0.01s
[796.611s][info][gc,start       ] GC(2158) Pause Young (Allocation Failure)
[796.613s][info][gc,heap        ] GC(2158) PSYoungGen: 294976K(295424K)->64K(283648K) Eden: 294912K(294912K)->0K(283136K) From: 64K(512K)->64K(512K)
[796.613s][info][gc,heap        ] GC(2158) ParOldGen: 455525K(455680K)->455533K(455680K)
[796.613s][info][gc,metaspace   ] GC(2158) Metaspace: 35483K(36224K)->35483K(36224K) NonClass: 29210K(29760K)->29210K(29760K) Class: 6272K(6464K)->6272K(6464K)
[796.613s][info][gc             ] GC(2158) Pause Young (Allocation Failure) 732M->444M(722M) 2.317ms
[796.613s][info][gc,cpu         ] GC(2158) User=0.00s Sys=0.00s Real=0.00s
[797.069s][info][gc,start       ] GC(2159) Pause Young (Allocation Failure)
[797.071s][info][gc,heap        ] GC(2159) PSYoungGen: 283200K(283648K)->64K(282624K) Eden: 283136K(283136K)->0K(271872K) From: 64K(512K)->64K(10752K)
[797.071s][info][gc,heap        ] GC(2159) ParOldGen: 455533K(455680K)->455541K(455680K)
[797.071s][info][gc,metaspace   ] GC(2159) Metaspace: 35483K(36224K)->35483K(36224K) NonClass: 29210K(29760K)->29210K(29760K) Class: 6272K(6464K)->6272K(6464K)
[797.071s][info][gc             ] GC(2159) Pause Young (Allocation Failure) 721M->444M(721M) 1.628ms
[797.071s][info][gc,cpu         ] GC(2159) User=0.01s Sys=0.00s Real=0.00s
[798.047s][info][gc,start       ] GC(2160) Pause Young (Allocation Failure)
[798.049s][info][gc,heap        ] GC(2160) PSYoungGen: 271936K(282624K)->64K(261632K) Eden: 271872K(271872K)->0K(261120K) From: 64K(10752K)->64K(512K)
[798.049s][info][gc,heap        ] GC(2160) ParOldGen: 455541K(455680K)->455549K(455680K)
[798.049s][info][gc,metaspace   ] GC(2160) Metaspace: 35483K(36224K)->35483K(36224K) NonClass: 29210K(29760K)->29210K(29760K) Class: 6272K(6464K)->6272K(6464K)
[798.049s][info][gc             ] GC(2160) Pause Young (Allocation Failure) 710M->444M(700M) 2.179ms
[798.049s][info][gc,cpu         ] GC(2160) User=0.00s Sys=0.00s Real=0.00s
[798.441s][info][gc,start       ] GC(2161) Pause Young (Allocation Failure)
[798.444s][info][gc,heap        ] GC(2161) PSYoungGen: 261184K(261632K)->32K(260096K) Eden: 261120K(261120K)->0K(250880K) From: 64K(512K)->32K(9216K)
[798.444s][info][gc,heap        ] GC(2161) ParOldGen: 455549K(455680K)->455557K(455680K)
[798.444s][info][gc,metaspace   ] GC(2161) Metaspace: 35483K(36224K)->35483K(36224K) NonClass: 29210K(29760K)->29210K(29760K) Class: 6272K(6464K)->6272K(6464K)
[798.444s][info][gc             ] GC(2161) Pause Young (Allocation Failure) 699M->444M(699M) 2.690ms
[798.444s][info][gc,cpu         ] GC(2161) User=0.00s Sys=0.00s Real=0.00s
[798.615s][info][gc,start       ] GC(2162) Pause Young (Allocation Failure)
[798.618s][info][gc,heap        ] GC(2162) PSYoungGen: 250912K(260096K)->32K(241664K) Eden: 250880K(250880K)->0K(241152K) From: 32K(9216K)->32K(512K)
[798.618s][info][gc,heap        ] GC(2162) ParOldGen: 455557K(455680K)->455565K(455680K)
[798.618s][info][gc,metaspace   ] GC(2162) Metaspace: 35483K(36224K)->35483K(36224K) NonClass: 29210K(29760K)->29210K(29760K) Class: 6272K(6464K)->6272K(6464K)
[798.618s][info][gc             ] GC(2162) Pause Young (Allocation Failure) 689M->444M(681M) 3.332ms
[798.618s][info][gc,cpu         ] GC(2162) User=0.01s Sys=0.00s Real=0.01s
[798.711s][info][gc,start       ] GC(2163) Pause Young (Allocation Failure)
[798.713s][info][gc,heap        ] GC(2163) PSYoungGen: 241184K(241664K)->64K(284160K) Eden: 241152K(241152K)->0K(275968K) From: 32K(512K)->64K(8192K)
[798.713s][info][gc,heap        ] GC(2163) ParOldGen: 455565K(455680K)->455581K(455680K)
[798.713s][info][gc,metaspace   ] GC(2163) Metaspace: 35483K(36224K)->35483K(36224K) NonClass: 29210K(29760K)->29210K(29760K) Class: 6272K(6464K)->6272K(6464K)
[798.713s][info][gc             ] GC(2163) Pause Young (Allocation Failure) 680M->444M(722M) 1.956ms
[798.713s][info][gc,cpu         ] GC(2163) User=0.00s Sys=0.00s Real=0.00s
[799.354s][info][gc,start       ] GC(2164) Pause Young (Allocation Failure)
[799.357s][info][gc,heap        ] GC(2164) PSYoungGen: 276032K(284160K)->64K(265728K) Eden: 275968K(275968K)->0K(265216K) From: 64K(8192K)->64K(512K)
[799.357s][info][gc,heap        ] GC(2164) ParOldGen: 455581K(455680K)->455589K(455680K)
[799.357s][info][gc,metaspace   ] GC(2164) Metaspace: 35483K(36224K)->35483K(36224K) NonClass: 29210K(29760K)->29210K(29760K) Class: 6272K(6464K)->6272K(6464K)
[799.357s][info][gc             ] GC(2164) Pause Young (Allocation Failure) 714M->444M(704M) 2.203ms
[799.357s][info][gc,cpu         ] GC(2164) User=0.00s Sys=0.01s Real=0.01s
[799.694s][info][gc,start       ] GC(2165) Pause Young (Allocation Failure)
[799.696s][info][gc,heap        ] GC(2165) PSYoungGen: 265280K(265728K)->64K(262144K) Eden: 265216K(265216K)->0K(254976K) From: 64K(512K)->64K(7168K)
[799.696s][info][gc,heap        ] GC(2165) ParOldGen: 455589K(455680K)->455605K(455680K)
[799.696s][info][gc,metaspace   ] GC(2165) Metaspace: 35483K(36224K)->35483K(36224K) NonClass: 29210K(29760K)->29210K(29760K) Class: 6272K(6464K)->6272K(6464K)
[799.696s][info][gc             ] GC(2165) Pause Young (Allocation Failure) 703M->444M(701M) 2.063ms
[799.696s][info][gc,cpu         ] GC(2165) User=0.00s Sys=0.00s Real=0.00s
[800.035s][info][gc,start       ] GC(2166) Pause Young (Allocation Failure)
[800.103s][info][gc,heap        ] GC(2166) PSYoungGen: 255040K(262144K)->6656K(278528K) Eden: 254976K(254976K)->0K(271872K) From: 64K(7168K)->6656K(6656K)
[800.103s][info][gc,heap        ] GC(2166) ParOldGen: 455605K(455680K)->474437K(474624K)
[800.103s][info][gc,metaspace   ] GC(2166) Metaspace: 35483K(36224K)->35483K(36224K) NonClass: 29210K(29760K)->29210K(29760K) Class: 6272K(6464K)->6272K(6464K)
[800.103s][info][gc             ] GC(2166) Pause Young (Allocation Failure) 693M->469M(735M) 67.845ms
[800.103s][info][gc,cpu         ] GC(2166) User=0.11s Sys=0.02s Real=0.07s
[800.411s][info][gc,start       ] GC(2167) Pause Young (Allocation Failure)
[800.471s][info][gc,heap        ] GC(2167) PSYoungGen: 278528K(278528K)->15360K(287232K) Eden: 271872K(271872K)->0K(271872K) From: 6656K(6656K)->15360K(15360K)
[800.471s][info][gc,heap        ] GC(2167) ParOldGen: 474437K(474624K)->488453K(488960K)
[800.471s][info][gc,metaspace   ] GC(2167) Metaspace: 35483K(36224K)->35483K(36224K) NonClass: 29210K(29760K)->29210K(29760K) Class: 6272K(6464K)->6272K(6464K)
[800.471s][info][gc             ] GC(2167) Pause Young (Allocation Failure) 735M->492M(758M) 60.190ms
[800.471s][info][gc,cpu         ] GC(2167) User=0.11s Sys=0.01s Real=0.06s
[800.682s][info][gc,start       ] GC(2168) Pause Young (Allocation Failure)
[800.717s][info][gc,heap        ] GC(2168) PSYoungGen: 287232K(287232K)->14816K(307200K) Eden: 271872K(271872K)->0K(283648K) From: 15360K(15360K)->14816K(23552K)
[800.717s][info][gc,heap        ] GC(2168) ParOldGen: 488453K(488960K)->488965K(489472K)
[800.717s][info][gc,metaspace   ] GC(2168) Metaspace: 35483K(36224K)->35483K(36224K) NonClass: 29210K(29760K)->29210K(29760K) Class: 6272K(6464K)->6272K(6464K)
[800.717s][info][gc             ] GC(2168) Pause Young (Allocation Failure) 757M->491M(778M) 35.311ms
[800.717s][info][gc,cpu         ] GC(2168) User=0.06s Sys=0.01s Real=0.04s
[801.006s][info][gc,start       ] GC(2169) Pause Young (Allocation Failure)
[801.008s][info][gc,heap        ] GC(2169) PSYoungGen: 298464K(307200K)->64K(308736K) Eden: 283648K(283648K)->0K(283648K) From: 14816K(23552K)->64K(25088K)
[801.008s][info][gc,heap        ] GC(2169) ParOldGen: 488965K(489472K)->488973K(489472K)
[801.008s][info][gc,metaspace   ] GC(2169) Metaspace: 35483K(36224K)->35483K(36224K) NonClass: 29210K(29760K)->29210K(29760K) Class: 6272K(6464K)->6272K(6464K)
[801.008s][info][gc             ] GC(2169) Pause Young (Allocation Failure) 768M->477M(779M) 1.684ms
[801.008s][info][gc,cpu         ] GC(2169) User=0.00s Sys=0.00s Real=0.01s
[801.718s][info][gc,start       ] GC(2170) Pause Young (Allocation Failure)
[801.723s][info][gc,heap        ] GC(2170) PSYoungGen: 283712K(308736K)->160K(306176K) Eden: 283648K(283648K)->0K(284160K) From: 64K(25088K)->160K(22016K)
[801.723s][info][gc,heap        ] GC(2170) ParOldGen: 488973K(489472K)->488989K(489472K)
[801.723s][info][gc,metaspace   ] GC(2170) Metaspace: 35630K(36352K)->35630K(36352K) NonClass: 29356K(29888K)->29356K(29888K) Class: 6273K(6464K)->6273K(6464K)
[801.723s][info][gc             ] GC(2170) Pause Young (Allocation Failure) 754M->477M(777M) 4.633ms
[801.723s][info][gc,cpu         ] GC(2170) User=0.01s Sys=0.00s Real=0.00s
[801.988s][info][gc,start       ] GC(2171) Pause Young (Allocation Failure)
[801.990s][info][gc,heap        ] GC(2171) PSYoungGen: 284320K(306176K)->64K(307712K) Eden: 284160K(284160K)->0K(284160K) From: 160K(22016K)->64K(23552K)
[801.990s][info][gc,heap        ] GC(2171) ParOldGen: 488989K(489472K)->489085K(489472K)
[801.990s][info][gc,metaspace   ] GC(2171) Metaspace: 35630K(36352K)->35630K(36352K) NonClass: 29356K(29888K)->29356K(29888K) Class: 6273K(6464K)->6273K(6464K)
[801.990s][info][gc             ] GC(2171) Pause Young (Allocation Failure) 755M->477M(778M) 1.895ms
[801.990s][info][gc,cpu         ] GC(2171) User=0.00s Sys=0.00s Real=0.00s
[802.402s][info][gc,start       ] GC(2172) Pause Young (Allocation Failure)
[802.403s][info][gc,heap        ] GC(2172) PSYoungGen: 284224K(307712K)->64K(307712K) Eden: 284160K(284160K)->0K(287232K) From: 64K(23552K)->64K(20480K)
[802.403s][info][gc,heap        ] GC(2172) ParOldGen: 489085K(489472K)->489093K(489472K)
[802.403s][info][gc,metaspace   ] GC(2172) Metaspace: 35630K(36352K)->35630K(36352K) NonClass: 29356K(29888K)->29356K(29888K) Class: 6273K(6464K)->6273K(6464K)
[802.403s][info][gc             ] GC(2172) Pause Young (Allocation Failure) 755M->477M(778M) 1.774ms
[802.403s][info][gc,cpu         ] GC(2172) User=0.00s Sys=0.00s Real=0.00s
[802.598s][info][gc,start       ] GC(2173) Pause Young (Allocation Failure)
[802.600s][info][gc,heap        ] GC(2173) PSYoungGen: 287296K(307712K)->32K(309248K) Eden: 287232K(287232K)->0K(287232K) From: 64K(20480K)->32K(22016K)
[802.600s][info][gc,heap        ] GC(2173) ParOldGen: 489093K(489472K)->489109K(489472K)
[802.600s][info][gc,metaspace   ] GC(2173) Metaspace: 35630K(36352K)->35630K(36352K) NonClass: 29356K(29888K)->29356K(29888K) Class: 6273K(6464K)->6273K(6464K)
[802.600s][info][gc             ] GC(2173) Pause Young (Allocation Failure) 758M->477M(780M) 1.735ms
[802.600s][info][gc,cpu         ] GC(2173) User=0.00s Sys=0.00s Real=0.00s
[802.796s][info][gc,start       ] GC(2174) Pause Young (Allocation Failure)
[802.797s][info][gc,heap        ] GC(2174) PSYoungGen: 287264K(309248K)->64K(309248K) Eden: 287232K(287232K)->0K(290816K) From: 32K(22016K)->64K(18432K)
[802.797s][info][gc,heap        ] GC(2174) ParOldGen: 489109K(489472K)->489109K(489472K)
[802.797s][info][gc,metaspace   ] GC(2174) Metaspace: 35630K(36352K)->35630K(36352K) NonClass: 29356K(29888K)->29356K(29888K) Class: 6273K(6464K)->6273K(6464K)
[802.797s][info][gc             ] GC(2174) Pause Young (Allocation Failure) 758M->477M(780M) 1.736ms
[802.797s][info][gc,cpu         ] GC(2174) User=0.01s Sys=0.00s Real=0.01s
[803.090s][info][gc,start       ] GC(2175) Pause Young (Allocation Failure)
[803.092s][info][gc,heap        ] GC(2175) PSYoungGen: 290880K(309248K)->64K(310784K) Eden: 290816K(290816K)->0K(290816K) From: 64K(18432K)->64K(19968K)
[803.092s][info][gc,heap        ] GC(2175) ParOldGen: 489109K(489472K)->489109K(489472K)
[803.092s][info][gc,metaspace   ] GC(2175) Metaspace: 35630K(36352K)->35630K(36352K) NonClass: 29356K(29888K)->29356K(29888K) Class: 6273K(6464K)->6273K(6464K)
[803.092s][info][gc             ] GC(2175) Pause Young (Allocation Failure) 761M->477M(781M) 1.673ms
[803.092s][info][gc,cpu         ] GC(2175) User=0.00s Sys=0.00s Real=0.00s
[803.145s][info][gc,start       ] GC(2176) Pause Young (Allocation Failure)
[803.147s][info][gc,heap        ] GC(2176) PSYoungGen: 290880K(310784K)->64K(311296K) Eden: 290816K(290816K)->0K(294912K) From: 64K(19968K)->64K(16384K)
[803.147s][info][gc,heap        ] GC(2176) ParOldGen: 489109K(489472K)->489125K(489472K)
[803.147s][info][gc,metaspace   ] GC(2176) Metaspace: 35630K(36352K)->35630K(36352K) NonClass: 29356K(29888K)->29356K(29888K) Class: 6273K(6464K)->6273K(6464K)
[803.147s][info][gc             ] GC(2176) Pause Young (Allocation Failure) 761M->477M(782M) 1.598ms
[803.147s][info][gc,cpu         ] GC(2176) User=0.00s Sys=0.00s Real=0.01s
[803.231s][info][gc,start       ] GC(2177) Pause Young (Allocation Failure)
[803.232s][info][gc,heap        ] GC(2177) PSYoungGen: 294976K(311296K)->64K(312832K) Eden: 294912K(294912K)->0K(294912K) From: 64K(16384K)->64K(17920K)
[803.232s][info][gc,heap        ] GC(2177) ParOldGen: 489125K(489472K)->489125K(489472K)
[803.232s][info][gc,metaspace   ] GC(2177) Metaspace: 35630K(36352K)->35630K(36352K) NonClass: 29356K(29888K)->29356K(29888K) Class: 6273K(6464K)->6273K(6464K)
[803.232s][info][gc             ] GC(2177) Pause Young (Allocation Failure) 765M->477M(783M) 1.665ms
[803.233s][info][gc,cpu         ] GC(2177) User=0.00s Sys=0.00s Real=0.00s
[803.447s][info][gc,start       ] GC(2178) Pause Young (Allocation Failure)
[803.448s][info][gc,heap        ] GC(2178) PSYoungGen: 294976K(312832K)->64K(313344K) Eden: 294912K(294912K)->0K(299008K) From: 64K(17920K)->64K(14336K)
[803.448s][info][gc,heap        ] GC(2178) ParOldGen: 489125K(489472K)->489141K(489472K)
[803.448s][info][gc,metaspace   ] GC(2178) Metaspace: 35630K(36352K)->35630K(36352K) NonClass: 29356K(29888K)->29356K(29888K) Class: 6273K(6464K)->6273K(6464K)
[803.448s][info][gc             ] GC(2178) Pause Young (Allocation Failure) 765M->477M(784M) 1.701ms
[803.448s][info][gc,cpu         ] GC(2178) User=0.01s Sys=0.00s Real=0.00s
[803.647s][info][gc,start       ] GC(2179) Pause Young (Allocation Failure)
[803.649s][info][gc,heap        ] GC(2179) PSYoungGen: 299072K(313344K)->64K(314880K) Eden: 299008K(299008K)->0K(299008K) From: 64K(14336K)->64K(15872K)
[803.649s][info][gc,heap        ] GC(2179) ParOldGen: 489141K(489472K)->489141K(489472K)
[803.649s][info][gc,metaspace   ] GC(2179) Metaspace: 35630K(36352K)->35630K(36352K) NonClass: 29356K(29888K)->29356K(29888K) Class: 6273K(6464K)->6273K(6464K)
[803.649s][info][gc             ] GC(2179) Pause Young (Allocation Failure) 769M->477M(785M) 1.850ms
[803.649s][info][gc,cpu         ] GC(2179) User=0.01s Sys=0.00s Real=0.00s
[803.730s][info][gc,start       ] GC(2180) Pause Young (Allocation Failure)
[803.731s][info][gc,heap        ] GC(2180) PSYoungGen: 299072K(314880K)->64K(315392K) Eden: 299008K(299008K)->0K(303104K) From: 64K(15872K)->64K(12288K)
[803.731s][info][gc,heap        ] GC(2180) ParOldGen: 489141K(489472K)->489157K(489472K)
[803.731s][info][gc,metaspace   ] GC(2180) Metaspace: 35630K(36352K)->35630K(36352K) NonClass: 29356K(29888K)->29356K(29888K) Class: 6273K(6464K)->6273K(6464K)
[803.731s][info][gc             ] GC(2180) Pause Young (Allocation Failure) 769M->477M(786M) 1.682ms
[803.731s][info][gc,cpu         ] GC(2180) User=0.00s Sys=0.00s Real=0.00s
[803.865s][info][gc,start       ] GC(2181) Pause Young (Allocation Failure)
[803.866s][info][gc,heap        ] GC(2181) PSYoungGen: 303168K(315392K)->64K(316928K) Eden: 303104K(303104K)->0K(303104K) From: 64K(12288K)->64K(13824K)
[803.866s][info][gc,heap        ] GC(2181) ParOldGen: 489157K(489472K)->489157K(489472K)
[803.866s][info][gc,metaspace   ] GC(2181) Metaspace: 35630K(36352K)->35630K(36352K) NonClass: 29356K(29888K)->29356K(29888K) Class: 6273K(6464K)->6273K(6464K)
[803.866s][info][gc             ] GC(2181) Pause Young (Allocation Failure) 773M->477M(787M) 1.702ms
[803.866s][info][gc,cpu         ] GC(2181) User=0.00s Sys=0.00s Real=0.00s
[804.253s][info][gc,start       ] GC(2182) Pause Young (Allocation Failure)
[804.254s][info][gc,heap        ] GC(2182) PSYoungGen: 303168K(316928K)->64K(317440K) Eden: 303104K(303104K)->0K(306688K) From: 64K(13824K)->64K(10752K)
[804.254s][info][gc,heap        ] GC(2182) ParOldGen: 489157K(489472K)->489165K(489472K)
[804.254s][info][gc,metaspace   ] GC(2182) Metaspace: 35630K(36352K)->35630K(36352K) NonClass: 29356K(29888K)->29356K(29888K) Class: 6273K(6464K)->6273K(6464K)
[804.254s][info][gc             ] GC(2182) Pause Young (Allocation Failure) 773M->477M(788M) 1.734ms
[804.254s][info][gc,cpu         ] GC(2182) User=0.00s Sys=0.00s Real=0.00s
[804.938s][info][gc,start       ] GC(2183) Pause Young (Allocation Failure)
[804.939s][info][gc,heap        ] GC(2183) PSYoungGen: 306752K(317440K)->64K(318976K) Eden: 306688K(306688K)->0K(306688K) From: 64K(10752K)->64K(12288K)
[804.940s][info][gc,heap        ] GC(2183) ParOldGen: 489165K(489472K)->489173K(489472K)
[804.940s][info][gc,metaspace   ] GC(2183) Metaspace: 35630K(36352K)->35630K(36352K) NonClass: 29356K(29888K)->29356K(29888K) Class: 6273K(6464K)->6273K(6464K)
[804.940s][info][gc             ] GC(2183) Pause Young (Allocation Failure) 777M->477M(789M) 1.688ms
[804.940s][info][gc,cpu         ] GC(2183) User=0.00s Sys=0.00s Real=0.00s
[805.930s][info][gc,start       ] GC(2184) Pause Young (Allocation Failure)
[805.931s][info][gc,heap        ] GC(2184) PSYoungGen: 306752K(318976K)->64K(294912K) Eden: 306688K(306688K)->0K(294400K) From: 64K(12288K)->64K(512K)
[805.931s][info][gc,heap        ] GC(2184) ParOldGen: 489173K(489472K)->489189K(489472K)
[805.931s][info][gc,metaspace   ] GC(2184) Metaspace: 35630K(36352K)->35630K(36352K) NonClass: 29356K(29888K)->29356K(29888K) Class: 6273K(6464K)->6273K(6464K)
[805.931s][info][gc             ] GC(2184) Pause Young (Allocation Failure) 777M->477M(766M) 1.906ms
[805.931s][info][gc,cpu         ] GC(2184) User=0.00s Sys=0.00s Real=0.00s
[806.401s][info][gc,start       ] GC(2185) Pause Young (Allocation Failure)
[806.403s][info][gc,heap        ] GC(2185) PSYoungGen: 294464K(294912K)->64K(293376K) Eden: 294400K(294400K)->0K(282624K) From: 64K(512K)->64K(10752K)
[806.403s][info][gc,heap        ] GC(2185) ParOldGen: 489189K(489472K)->489197K(489472K)
[806.403s][info][gc,metaspace   ] GC(2185) Metaspace: 35630K(36352K)->35630K(36352K) NonClass: 29356K(29888K)->29356K(29888K) Class: 6273K(6464K)->6273K(6464K)
[806.403s][info][gc             ] GC(2185) Pause Young (Allocation Failure) 765M->477M(764M) 2.077ms
[806.403s][info][gc,cpu         ] GC(2185) User=0.00s Sys=0.00s Real=0.00s
[807.394s][info][gc,start       ] GC(2186) Pause Young (Allocation Failure)
[807.397s][info][gc,heap        ] GC(2186) PSYoungGen: 282688K(293376K)->64K(271872K) Eden: 282624K(282624K)->0K(271360K) From: 64K(10752K)->64K(512K)
[807.397s][info][gc,heap        ] GC(2186) ParOldGen: 489197K(489472K)->489205K(489472K)
[807.397s][info][gc,metaspace   ] GC(2186) Metaspace: 35630K(36352K)->35630K(36352K) NonClass: 29356K(29888K)->29356K(29888K) Class: 6273K(6464K)->6273K(6464K)
[807.397s][info][gc             ] GC(2186) Pause Young (Allocation Failure) 753M->477M(743M) 2.919ms
[807.397s][info][gc,cpu         ] GC(2186) User=0.01s Sys=0.00s Real=0.01s
[807.803s][info][gc,start       ] GC(2187) Pause Young (Allocation Failure)
[807.806s][info][gc,heap        ] GC(2187) PSYoungGen: 271424K(271872K)->64K(269824K) Eden: 271360K(271360K)->0K(260608K) From: 64K(512K)->64K(9216K)
[807.806s][info][gc,heap        ] GC(2187) ParOldGen: 489205K(489472K)->489213K(489472K)
[807.806s][info][gc,metaspace   ] GC(2187) Metaspace: 35630K(36352K)->35630K(36352K) NonClass: 29356K(29888K)->29356K(29888K) Class: 6273K(6464K)->6273K(6464K)
[807.806s][info][gc             ] GC(2187) Pause Young (Allocation Failure) 742M->477M(741M) 3.012ms
[807.806s][info][gc,cpu         ] GC(2187) User=0.00s Sys=0.00s Real=0.00s
[807.981s][info][gc,start       ] GC(2188) Pause Young (Allocation Failure)
[807.984s][info][gc,heap        ] GC(2188) PSYoungGen: 260672K(269824K)->64K(250880K) Eden: 260608K(260608K)->0K(250368K) From: 64K(9216K)->64K(512K)
[807.984s][info][gc,heap        ] GC(2188) ParOldGen: 489213K(489472K)->489221K(489472K)
[807.984s][info][gc,metaspace   ] GC(2188) Metaspace: 35630K(36352K)->35630K(36352K) NonClass: 29356K(29888K)->29356K(29888K) Class: 6273K(6464K)->6273K(6464K)
[807.985s][info][gc             ] GC(2188) Pause Young (Allocation Failure) 732M->477M(723M) 3.379ms
[807.985s][info][gc,cpu         ] GC(2188) User=0.00s Sys=0.00s Real=0.00s
[808.106s][info][gc,start       ] GC(2189) Pause Young (Allocation Failure)
[808.109s][info][gc,heap        ] GC(2189) PSYoungGen: 250432K(250880K)->64K(296448K) Eden: 250368K(250368K)->0K(288256K) From: 64K(512K)->64K(8192K)
[808.109s][info][gc,heap        ] GC(2189) ParOldGen: 489221K(489472K)->489229K(489472K)
[808.109s][info][gc,metaspace   ] GC(2189) Metaspace: 35630K(36352K)->35630K(36352K) NonClass: 29356K(29888K)->29356K(29888K) Class: 6273K(6464K)->6273K(6464K)
[808.109s][info][gc             ] GC(2189) Pause Young (Allocation Failure) 722M->477M(767M) 2.993ms
[808.109s][info][gc,cpu         ] GC(2189) User=0.00s Sys=0.00s Real=0.01s
[808.728s][info][gc,start       ] GC(2190) Pause Young (Allocation Failure)
[808.731s][info][gc,heap        ] GC(2190) PSYoungGen: 288320K(296448K)->32K(305152K) Eden: 288256K(288256K)->0K(297472K) From: 64K(8192K)->32K(7680K)
[808.731s][info][gc,heap        ] GC(2190) ParOldGen: 489229K(489472K)->489245K(489472K)
[808.731s][info][gc,metaspace   ] GC(2190) Metaspace: 35630K(36352K)->35630K(36352K) NonClass: 29356K(29888K)->29356K(29888K) Class: 6273K(6464K)->6273K(6464K)
[808.731s][info][gc             ] GC(2190) Pause Young (Allocation Failure) 759M->477M(776M) 3.524ms
[808.731s][info][gc,cpu         ] GC(2190) User=0.00s Sys=0.00s Real=0.00s
[809.153s][info][gc,start       ] GC(2191) Pause Young (Allocation Failure)
[809.164s][info][gc,heap        ] GC(2191) PSYoungGen: 297504K(305152K)->5056K(304640K) Eden: 297472K(297472K)->0K(297472K) From: 32K(7680K)->5056K(7168K)
[809.164s][info][gc,heap        ] GC(2191) ParOldGen: 489245K(489472K)->489253K(489472K)
[809.164s][info][gc,metaspace   ] GC(2191) Metaspace: 35630K(36352K)->35630K(36352K) NonClass: 29356K(29888K)->29356K(29888K) Class: 6273K(6464K)->6273K(6464K)
[809.164s][info][gc             ] GC(2191) Pause Young (Allocation Failure) 768M->482M(775M) 10.630ms
[809.164s][info][gc,cpu         ] GC(2191) User=0.02s Sys=0.00s Real=0.01s
[809.533s][info][gc,start       ] GC(2192) Pause Young (Allocation Failure)
[809.613s][info][gc,heap        ] GC(2192) PSYoungGen: 302528K(304640K)->8192K(305152K) Eden: 297472K(297472K)->0K(296960K) From: 5056K(7168K)->8192K(8192K)
[809.613s][info][gc,heap        ] GC(2192) ParOldGen: 489253K(489472K)->512453K(512512K)
[809.613s][info][gc,metaspace   ] GC(2192) Metaspace: 35630K(36352K)->35630K(36352K) NonClass: 29356K(29888K)->29356K(29888K) Class: 6273K(6464K)->6273K(6464K)
[809.613s][info][gc             ] GC(2192) Pause Young (Allocation Failure) 773M->508M(798M) 80.759ms
[809.613s][info][gc,cpu         ] GC(2192) User=0.13s Sys=0.03s Real=0.08s
[809.985s][info][gc,start       ] GC(2193) Pause Young (Allocation Failure)
[810.053s][info][gc,heap        ] GC(2193) PSYoungGen: 305152K(305152K)->18432K(315392K) Eden: 296960K(296960K)->0K(296960K) From: 8192K(8192K)->18432K(18432K)
[810.053s][info][gc,heap        ] GC(2193) ParOldGen: 512453K(512512K)->526197K(526336K)
[810.053s][info][gc,metaspace   ] GC(2193) Metaspace: 35630K(36352K)->35630K(36352K) NonClass: 29356K(29888K)->29356K(29888K) Class: 6273K(6464K)->6273K(6464K)
[810.053s][info][gc             ] GC(2193) Pause Young (Allocation Failure) 798M->531M(822M) 68.507ms
[810.053s][info][gc,cpu         ] GC(2193) User=0.11s Sys=0.02s Real=0.07s
[810.155s][info][gc,start       ] GC(2194) Pause Young (Allocation Failure)
[810.163s][info][gc,heap        ] GC(2194) PSYoungGen: 315392K(315392K)->1280K(299008K) Eden: 296960K(296960K)->0K(280576K) From: 18432K(18432K)->1280K(18432K)
[810.163s][info][gc,heap        ] GC(2194) ParOldGen: 526197K(526336K)->526693K(526848K)
[810.163s][info][gc,metaspace   ] GC(2194) Metaspace: 35630K(36352K)->35630K(36352K) NonClass: 29356K(29888K)->29356K(29888K) Class: 6273K(6464K)->6273K(6464K)
[810.163s][info][gc             ] GC(2194) Pause Young (Allocation Failure) 821M->515M(806M) 8.333ms
[810.163s][info][gc,cpu         ] GC(2194) User=0.02s Sys=0.00s Real=0.01s
[810.785s][info][gc,start       ] GC(2195) Pause Young (Allocation Failure)
[810.787s][info][gc,heap        ] GC(2195) PSYoungGen: 281856K(299008K)->64K(307200K) Eden: 280576K(280576K)->0K(280576K) From: 1280K(18432K)->64K(26624K)
[810.787s][info][gc,heap        ] GC(2195) ParOldGen: 526693K(526848K)->526701K(526848K)
[810.787s][info][gc,metaspace   ] GC(2195) Metaspace: 35630K(36352K)->35630K(36352K) NonClass: 29356K(29888K)->29356K(29888K) Class: 6273K(6464K)->6273K(6464K)
[810.787s][info][gc             ] GC(2195) Pause Young (Allocation Failure) 789M->514M(814M) 1.756ms
[810.787s][info][gc,cpu         ] GC(2195) User=0.01s Sys=0.00s Real=0.01s
[811.226s][info][gc,start       ] GC(2196) Pause Young (Allocation Failure)
[811.228s][info][gc,heap        ] GC(2196) PSYoungGen: 280640K(307200K)->64K(304128K) Eden: 280576K(280576K)->0K(281600K) From: 64K(26624K)->64K(22528K)
[811.228s][info][gc,heap        ] GC(2196) ParOldGen: 526701K(526848K)->526709K(526848K)
[811.228s][info][gc,metaspace   ] GC(2196) Metaspace: 35630K(36352K)->35630K(36352K) NonClass: 29356K(29888K)->29356K(29888K) Class: 6273K(6464K)->6273K(6464K)
[811.228s][info][gc             ] GC(2196) Pause Young (Allocation Failure) 788M->514M(811M) 2.063ms
[811.228s][info][gc,cpu         ] GC(2196) User=0.01s Sys=0.00s Real=0.01s
[811.655s][info][gc,start       ] GC(2197) Pause Young (Allocation Failure)
[811.657s][info][gc,heap        ] GC(2197) PSYoungGen: 281664K(304128K)->64K(306176K) Eden: 281600K(281600K)->0K(281600K) From: 64K(22528K)->64K(24576K)
[811.657s][info][gc,heap        ] GC(2197) ParOldGen: 526709K(526848K)->526725K(526848K)
[811.657s][info][gc,metaspace   ] GC(2197) Metaspace: 35630K(36352K)->35630K(36352K) NonClass: 29356K(29888K)->29356K(29888K) Class: 6273K(6464K)->6273K(6464K)
[811.657s][info][gc             ] GC(2197) Pause Young (Allocation Failure) 789M->514M(813M) 1.875ms
[811.657s][info][gc,cpu         ] GC(2197) User=0.00s Sys=0.00s Real=0.01s
[811.848s][info][gc,start       ] GC(2198) Pause Young (Allocation Failure)
[811.849s][info][gc,heap        ] GC(2198) PSYoungGen: 281664K(306176K)->64K(306176K) Eden: 281600K(281600K)->0K(285696K) From: 64K(24576K)->64K(20480K)
[811.849s][info][gc,heap        ] GC(2198) ParOldGen: 526725K(526848K)->526741K(526848K)
[811.849s][info][gc,metaspace   ] GC(2198) Metaspace: 35630K(36352K)->35630K(36352K) NonClass: 29356K(29888K)->29356K(29888K) Class: 6273K(6464K)->6273K(6464K)
[811.849s][info][gc             ] GC(2198) Pause Young (Allocation Failure) 789M->514M(813M) 1.863ms
[811.849s][info][gc,cpu         ] GC(2198) User=0.01s Sys=0.00s Real=0.00s
[812.043s][info][gc,start       ] GC(2199) Pause Young (Allocation Failure)
[812.044s][info][gc,heap        ] GC(2199) PSYoungGen: 285760K(306176K)->64K(308224K) Eden: 285696K(285696K)->0K(285696K) From: 64K(20480K)->64K(22528K)
[812.044s][info][gc,heap        ] GC(2199) ParOldGen: 526741K(526848K)->526741K(526848K)
[812.044s][info][gc,metaspace   ] GC(2199) Metaspace: 35630K(36352K)->35630K(36352K) NonClass: 29356K(29888K)->29356K(29888K) Class: 6273K(6464K)->6273K(6464K)
[812.045s][info][gc             ] GC(2199) Pause Young (Allocation Failure) 793M->514M(815M) 1.826ms
[812.045s][info][gc,cpu         ] GC(2199) User=0.00s Sys=0.00s Real=0.00s
[812.407s][info][gc,start       ] GC(2200) Pause Young (Allocation Failure)
[812.409s][info][gc,heap        ] GC(2200) PSYoungGen: 285760K(308224K)->64K(308224K) Eden: 285696K(285696K)->0K(289792K) From: 64K(22528K)->64K(18432K)
[812.409s][info][gc,heap        ] GC(2200) ParOldGen: 526741K(526848K)->526741K(526848K)
[812.409s][info][gc,metaspace   ] GC(2200) Metaspace: 35630K(36352K)->35630K(36352K) NonClass: 29356K(29888K)->29356K(29888K) Class: 6273K(6464K)->6273K(6464K)
[812.409s][info][gc             ] GC(2200) Pause Young (Allocation Failure) 793M->514M(815M) 1.886ms
[812.409s][info][gc,cpu         ] GC(2200) User=0.01s Sys=0.00s Real=0.00s
[812.463s][info][gc,start       ] GC(2201) Pause Young (Allocation Failure)
[812.465s][info][gc,heap        ] GC(2201) PSYoungGen: 289856K(308224K)->64K(310272K) Eden: 289792K(289792K)->0K(289792K) From: 64K(18432K)->64K(20480K)
[812.465s][info][gc,heap        ] GC(2201) ParOldGen: 526741K(526848K)->526757K(526848K)
[812.465s][info][gc,metaspace   ] GC(2201) Metaspace: 35630K(36352K)->35630K(36352K) NonClass: 29356K(29888K)->29356K(29888K) Class: 6273K(6464K)->6273K(6464K)
[812.465s][info][gc             ] GC(2201) Pause Young (Allocation Failure) 797M->514M(817M) 1.865ms
[812.465s][info][gc,cpu         ] GC(2201) User=0.00s Sys=0.00s Real=0.00s
[812.518s][info][gc,start       ] GC(2202) Pause Young (Allocation Failure)
[812.520s][info][gc,heap        ] GC(2202) PSYoungGen: 289856K(310272K)->64K(310784K) Eden: 289792K(289792K)->0K(294400K) From: 64K(20480K)->64K(16384K)
[812.520s][info][gc,heap        ] GC(2202) ParOldGen: 526757K(526848K)->526757K(526848K)
[812.520s][info][gc,metaspace   ] GC(2202) Metaspace: 35630K(36352K)->35630K(36352K) NonClass: 29356K(29888K)->29356K(29888K) Class: 6273K(6464K)->6273K(6464K)
[812.520s][info][gc             ] GC(2202) Pause Young (Allocation Failure) 797M->514M(818M) 1.594ms
[812.520s][info][gc,cpu         ] GC(2202) User=0.01s Sys=0.00s Real=0.00s
[812.691s][info][gc,start       ] GC(2203) Pause Young (Allocation Failure)
[812.692s][info][gc,heap        ] GC(2203) PSYoungGen: 294464K(310784K)->64K(312320K) Eden: 294400K(294400K)->0K(294400K) From: 64K(16384K)->64K(17920K)
[812.692s][info][gc,heap        ] GC(2203) ParOldGen: 526757K(526848K)->526757K(526848K)
[812.692s][info][gc,metaspace   ] GC(2203) Metaspace: 35630K(36352K)->35630K(36352K) NonClass: 29356K(29888K)->29356K(29888K) Class: 6273K(6464K)->6273K(6464K)
[812.692s][info][gc             ] GC(2203) Pause Young (Allocation Failure) 801M->514M(819M) 1.643ms
[812.692s][info][gc,cpu         ] GC(2203) User=0.00s Sys=0.00s Real=0.00s
[812.908s][info][gc,start       ] GC(2204) Pause Young (Allocation Failure)
[812.910s][info][gc,heap        ] GC(2204) PSYoungGen: 294464K(312320K)->64K(313344K) Eden: 294400K(294400K)->0K(299008K) From: 64K(17920K)->64K(14336K)
[812.910s][info][gc,heap        ] GC(2204) ParOldGen: 526757K(526848K)->526765K(526848K)
[812.910s][info][gc,metaspace   ] GC(2204) Metaspace: 35630K(36352K)->35630K(36352K) NonClass: 29356K(29888K)->29356K(29888K) Class: 6273K(6464K)->6273K(6464K)
[812.910s][info][gc             ] GC(2204) Pause Young (Allocation Failure) 801M->514M(820M) 1.834ms
[812.910s][info][gc,cpu         ] GC(2204) User=0.01s Sys=0.00s Real=0.00s
[813.048s][info][gc,start       ] GC(2205) Pause Young (Allocation Failure)
[813.050s][info][gc,heap        ] GC(2205) PSYoungGen: 299072K(313344K)->64K(314880K) Eden: 299008K(299008K)->0K(299008K) From: 64K(14336K)->64K(15872K)
[813.050s][info][gc,heap        ] GC(2205) ParOldGen: 526765K(526848K)->526773K(526848K)
[813.050s][info][gc,metaspace   ] GC(2205) Metaspace: 35630K(36352K)->35630K(36352K) NonClass: 29356K(29888K)->29356K(29888K) Class: 6273K(6464K)->6273K(6464K)
[813.050s][info][gc             ] GC(2205) Pause Young (Allocation Failure) 806M->514M(822M) 1.888ms
[813.050s][info][gc,cpu         ] GC(2205) User=0.01s Sys=0.01s Real=0.00s
[813.140s][info][gc,start       ] GC(2206) Pause Young (Allocation Failure)
[813.142s][info][gc,heap        ] GC(2206) PSYoungGen: 299072K(314880K)->64K(316416K) Eden: 299008K(299008K)->0K(303104K) From: 64K(15872K)->64K(13312K)
[813.142s][info][gc,heap        ] GC(2206) ParOldGen: 526773K(526848K)->526781K(526848K)
[813.142s][info][gc,metaspace   ] GC(2206) Metaspace: 35630K(36352K)->35630K(36352K) NonClass: 29356K(29888K)->29356K(29888K) Class: 6273K(6464K)->6273K(6464K)
[813.142s][info][gc             ] GC(2206) Pause Young (Allocation Failure) 806M->514M(823M) 1.942ms
[813.142s][info][gc,cpu         ] GC(2206) User=0.00s Sys=0.00s Real=0.00s
[813.319s][info][gc,start       ] GC(2207) Pause Young (Allocation Failure)
[813.321s][info][gc,heap        ] GC(2207) PSYoungGen: 303168K(316416K)->64K(317440K) Eden: 303104K(303104K)->0K(303104K) From: 64K(13312K)->64K(14336K)
[813.321s][info][gc,heap        ] GC(2207) ParOldGen: 526781K(526848K)->526797K(526848K)
[813.321s][info][gc,metaspace   ] GC(2207) Metaspace: 35630K(36352K)->35630K(36352K) NonClass: 29356K(29888K)->29356K(29888K) Class: 6273K(6464K)->6273K(6464K)
[813.321s][info][gc             ] GC(2207) Pause Young (Allocation Failure) 810M->514M(824M) 2.039ms
[813.321s][info][gc,cpu         ] GC(2207) User=0.01s Sys=0.00s Real=0.00s
[814.317s][info][gc,start       ] GC(2208) Pause Young (Allocation Failure)
[814.319s][info][gc,heap        ] GC(2208) PSYoungGen: 303168K(317440K)->64K(317440K) Eden: 303104K(303104K)->0K(306176K) From: 64K(14336K)->64K(11264K)
[814.319s][info][gc,heap        ] GC(2208) ParOldGen: 526797K(526848K)->526805K(526848K)
[814.319s][info][gc,metaspace   ] GC(2208) Metaspace: 35630K(36352K)->35630K(36352K) NonClass: 29356K(29888K)->29356K(29888K) Class: 6273K(6464K)->6273K(6464K)
[814.319s][info][gc             ] GC(2208) Pause Young (Allocation Failure) 810M->514M(824M) 1.932ms
[814.319s][info][gc,cpu         ] GC(2208) User=0.00s Sys=0.00s Real=0.00s
[815.240s][info][gc,start       ] GC(2209) Pause Young (Allocation Failure)
[815.242s][info][gc,heap        ] GC(2209) PSYoungGen: 306240K(317440K)->64K(294400K) Eden: 306176K(306176K)->0K(293888K) From: 64K(11264K)->64K(512K)
[815.242s][info][gc,heap        ] GC(2209) ParOldGen: 526805K(526848K)->526813K(526848K)
[815.242s][info][gc,metaspace   ] GC(2209) Metaspace: 35630K(36352K)->35630K(36352K) NonClass: 29356K(29888K)->29356K(29888K) Class: 6273K(6464K)->6273K(6464K)
[815.242s][info][gc             ] GC(2209) Pause Young (Allocation Failure) 813M->514M(802M) 2.156ms
[815.242s][info][gc,cpu         ] GC(2209) User=0.00s Sys=0.00s Real=0.00s
[815.598s][info][gc,start       ] GC(2210) Pause Young (Allocation Failure)
[815.601s][info][gc,heap        ] GC(2210) PSYoungGen: 293952K(294400K)->64K(282624K) Eden: 293888K(293888K)->0K(282112K) From: 64K(512K)->64K(512K)
[815.601s][info][gc,heap        ] GC(2210) ParOldGen: 526813K(526848K)->526821K(526848K)
[815.601s][info][gc,metaspace   ] GC(2210) Metaspace: 35630K(36352K)->35630K(36352K) NonClass: 29356K(29888K)->29356K(29888K) Class: 6273K(6464K)->6273K(6464K)
[815.601s][info][gc             ] GC(2210) Pause Young (Allocation Failure) 801M->514M(790M) 2.519ms
[815.601s][info][gc,cpu         ] GC(2210) User=0.01s Sys=0.00s Real=0.00s
[816.013s][info][gc,start       ] GC(2211) Pause Young (Allocation Failure)
[816.015s][info][gc,heap        ] GC(2211) PSYoungGen: 282176K(282624K)->64K(281600K) Eden: 282112K(282112K)->0K(270848K) From: 64K(512K)->64K(10752K)
[816.015s][info][gc,heap        ] GC(2211) ParOldGen: 526821K(526848K)->526829K(526848K)
[816.015s][info][gc,metaspace   ] GC(2211) Metaspace: 35630K(36352K)->35630K(36352K) NonClass: 29356K(29888K)->29356K(29888K) Class: 6273K(6464K)->6273K(6464K)
[816.015s][info][gc             ] GC(2211) Pause Young (Allocation Failure) 790M->514M(789M) 1.926ms
[816.015s][info][gc,cpu         ] GC(2211) User=0.00s Sys=0.00s Real=0.00s
[817.006s][info][gc,start       ] GC(2212) Pause Young (Allocation Failure)
[817.008s][info][gc,heap        ] GC(2212) PSYoungGen: 270912K(281600K)->64K(260608K) Eden: 270848K(270848K)->0K(260096K) From: 64K(10752K)->64K(512K)
[817.008s][info][gc,heap        ] GC(2212) ParOldGen: 526829K(526848K)->526837K(526848K)
[817.008s][info][gc,metaspace   ] GC(2212) Metaspace: 35630K(36352K)->35630K(36352K) NonClass: 29356K(29888K)->29356K(29888K) Class: 6273K(6464K)->6273K(6464K)
[817.008s][info][gc             ] GC(2212) Pause Young (Allocation Failure) 779M->514M(769M) 2.556ms
[817.008s][info][gc,cpu         ] GC(2212) User=0.00s Sys=0.00s Real=0.01s
[817.383s][info][gc,start       ] GC(2213) Pause Young (Allocation Failure)
[817.384s][info][gc,heap        ] GC(2213) PSYoungGen: 260160K(260608K)->64K(259072K) Eden: 260096K(260096K)->0K(249856K) From: 64K(512K)->64K(9216K)
[817.385s][info][gc,heap        ] GC(2213) ParOldGen: 526837K(526848K)->526845K(526848K)
[817.385s][info][gc,metaspace   ] GC(2213) Metaspace: 35630K(36352K)->35630K(36352K) NonClass: 29356K(29888K)->29356K(29888K) Class: 6273K(6464K)->6273K(6464K)
[817.385s][info][gc             ] GC(2213) Pause Young (Allocation Failure) 768M->514M(767M) 1.758ms
[817.385s][info][gc,cpu         ] GC(2213) User=0.00s Sys=0.00s Real=0.00s
[817.510s][info][gc,start       ] GC(2214) Pause Young (Allocation Failure)
[817.513s][info][gc,heap        ] GC(2214) PSYoungGen: 249920K(259072K)->64K(240640K) Eden: 249856K(249856K)->0K(240128K) From: 64K(9216K)->64K(512K)
[817.513s][info][gc,heap        ] GC(2214) ParOldGen: 526845K(526848K)->526861K(527360K)
[817.513s][info][gc,metaspace   ] GC(2214) Metaspace: 35630K(36352K)->35630K(36352K) NonClass: 29356K(29888K)->29356K(29888K) Class: 6273K(6464K)->6273K(6464K)
[817.513s][info][gc             ] GC(2214) Pause Young (Allocation Failure) 758M->514M(750M) 3.149ms
[817.513s][info][gc,cpu         ] GC(2214) User=0.00s Sys=0.00s Real=0.00s
[817.858s][info][gc,start       ] GC(2215) Pause Young (Allocation Failure)
[817.860s][info][gc,heap        ] GC(2215) PSYoungGen: 240192K(240640K)->64K(239104K) Eden: 240128K(240128K)->0K(230912K) From: 64K(512K)->64K(8192K)
[817.860s][info][gc,heap        ] GC(2215) ParOldGen: 526861K(527360K)->526869K(527360K)
[817.860s][info][gc,metaspace   ] GC(2215) Metaspace: 35630K(36352K)->35630K(36352K) NonClass: 29356K(29888K)->29356K(29888K) Class: 6273K(6464K)->6273K(6464K)
[817.860s][info][gc             ] GC(2215) Pause Young (Allocation Failure) 749M->514M(748M) 2.006ms
[817.860s][info][gc,cpu         ] GC(2215) User=0.01s Sys=0.00s Real=0.00s
[818.267s][info][gc,start       ] GC(2216) Pause Young (Allocation Failure)
[818.270s][info][gc,heap        ] GC(2216) PSYoungGen: 230976K(239104K)->64K(222720K) Eden: 230912K(230912K)->0K(222208K) From: 64K(8192K)->64K(512K)
[818.270s][info][gc,heap        ] GC(2216) ParOldGen: 526869K(527360K)->526877K(527360K)
[818.270s][info][gc,metaspace   ] GC(2216) Metaspace: 35630K(36352K)->35630K(36352K) NonClass: 29356K(29888K)->29356K(29888K) Class: 6273K(6464K)->6273K(6464K)
[818.270s][info][gc             ] GC(2216) Pause Young (Allocation Failure) 740M->514M(732M) 2.594ms
[818.270s][info][gc,cpu         ] GC(2216) User=0.00s Sys=0.00s Real=0.00s
[818.631s][info][gc,start       ] GC(2217) Pause Young (Allocation Failure)
[818.633s][info][gc,heap        ] GC(2217) PSYoungGen: 222272K(222720K)->64K(221184K) Eden: 222208K(222208K)->0K(214016K) From: 64K(512K)->64K(7168K)
[818.633s][info][gc,heap        ] GC(2217) ParOldGen: 526877K(527360K)->526885K(527360K)
[818.633s][info][gc,metaspace   ] GC(2217) Metaspace: 35630K(36352K)->35630K(36352K) NonClass: 29356K(29888K)->29356K(29888K) Class: 6273K(6464K)->6273K(6464K)
[818.633s][info][gc             ] GC(2217) Pause Young (Allocation Failure) 731M->514M(731M) 1.945ms
[818.633s][info][gc,cpu         ] GC(2217) User=0.00s Sys=0.00s Real=0.00s
[818.907s][info][gc,start       ] GC(2218) Pause Young (Allocation Failure)
[818.954s][info][gc,heap        ] GC(2218) PSYoungGen: 214080K(221184K)->6656K(263168K) Eden: 214016K(214016K)->0K(256512K) From: 64K(7168K)->6656K(6656K)
[818.954s][info][gc,heap        ] GC(2218) ParOldGen: 526885K(527360K)->542813K(543232K)
[818.954s][info][gc,metaspace   ] GC(2218) Metaspace: 35630K(36352K)->35630K(36352K) NonClass: 29356K(29888K)->29356K(29888K) Class: 6273K(6464K)->6273K(6464K)
[818.954s][info][gc             ] GC(2218) Pause Young (Allocation Failure) 723M->536M(787M) 47.437ms
[818.954s][info][gc,cpu         ] GC(2218) User=0.08s Sys=0.01s Real=0.05s
[819.279s][info][gc,start       ] GC(2219) Pause Young (Allocation Failure)
[819.337s][info][gc,heap        ] GC(2219) PSYoungGen: 263168K(263168K)->13824K(270336K) Eden: 256512K(256512K)->0K(256512K) From: 6656K(6656K)->13824K(13824K)
[819.338s][info][gc,heap        ] GC(2219) ParOldGen: 542813K(543232K)->556637K(557056K)
[819.338s][info][gc,metaspace   ] GC(2219) Metaspace: 35630K(36352K)->35630K(36352K) NonClass: 29356K(29888K)->29356K(29888K) Class: 6273K(6464K)->6273K(6464K)
[819.338s][info][gc             ] GC(2219) Pause Young (Allocation Failure) 787M->557M(808M) 58.704ms
[819.338s][info][gc,cpu         ] GC(2219) User=0.10s Sys=0.01s Real=0.06s
[819.592s][info][gc,start       ] GC(2220) Pause Young (Allocation Failure)
[819.638s][info][gc,heap        ] GC(2220) PSYoungGen: 270336K(270336K)->19296K(304640K) Eden: 256512K(256512K)->0K(282624K) From: 13824K(13824K)->19296K(22016K)
[819.638s][info][gc,heap        ] GC(2220) ParOldGen: 556637K(557056K)->557133K(557568K)
[819.638s][info][gc,metaspace   ] GC(2220) Metaspace: 35630K(36352K)->35630K(36352K) NonClass: 29356K(29888K)->29356K(29888K) Class: 6273K(6464K)->6273K(6464K)
[819.638s][info][gc             ] GC(2220) Pause Young (Allocation Failure) 807M->562M(842M) 45.665ms
[819.638s][info][gc,cpu         ] GC(2220) User=0.07s Sys=0.02s Real=0.05s
[819.796s][info][gc,start       ] GC(2221) Pause Young (Allocation Failure)
[819.798s][info][gc,heap        ] GC(2221) PSYoungGen: 301920K(304640K)->64K(308224K) Eden: 282624K(282624K)->0K(282624K) From: 19296K(22016K)->64K(25600K)
[819.798s][info][gc,heap        ] GC(2221) ParOldGen: 557133K(557568K)->557141K(557568K)
[819.798s][info][gc,metaspace   ] GC(2221) Metaspace: 35630K(36352K)->35630K(36352K) NonClass: 29356K(29888K)->29356K(29888K) Class: 6273K(6464K)->6273K(6464K)
[819.798s][info][gc             ] GC(2221) Pause Young (Allocation Failure) 838M->544M(845M) 1.876ms
[819.798s][info][gc,cpu         ] GC(2221) User=0.00s Sys=0.00s Real=0.01s
[820.548s][info][gc,start       ] GC(2222) Pause Young (Allocation Failure)
[820.550s][info][gc,heap        ] GC(2222) PSYoungGen: 282688K(308224K)->32K(305664K) Eden: 282624K(282624K)->0K(283136K) From: 64K(25600K)->32K(22528K)
[820.551s][info][gc,heap        ] GC(2222) ParOldGen: 557141K(557568K)->557157K(557568K)
[820.551s][info][gc,metaspace   ] GC(2222) Metaspace: 35630K(36352K)->35630K(36352K) NonClass: 29356K(29888K)->29356K(29888K) Class: 6273K(6464K)->6273K(6464K)
[820.551s][info][gc             ] GC(2222) Pause Young (Allocation Failure) 820M->544M(843M) 2.433ms
[820.551s][info][gc,cpu         ] GC(2222) User=0.00s Sys=0.00s Real=0.00s
[820.860s][info][gc,start       ] GC(2223) Pause Young (Allocation Failure)
[820.862s][info][gc,heap        ] GC(2223) PSYoungGen: 283168K(305664K)->64K(307200K) Eden: 283136K(283136K)->0K(283136K) From: 32K(22528K)->64K(24064K)
[820.862s][info][gc,heap        ] GC(2223) ParOldGen: 557157K(557568K)->557157K(557568K)
[820.862s][info][gc,metaspace   ] GC(2223) Metaspace: 35630K(36352K)->35630K(36352K) NonClass: 29356K(29888K)->29356K(29888K) Class: 6273K(6464K)->6273K(6464K)
[820.862s][info][gc             ] GC(2223) Pause Young (Allocation Failure) 820M->544M(844M) 2.015ms
[820.862s][info][gc,cpu         ] GC(2223) User=0.00s Sys=0.00s Real=0.00s
[821.307s][info][gc,start       ] GC(2224) Pause Young (Allocation Failure)
[821.309s][info][gc,heap        ] GC(2224) PSYoungGen: 283200K(307200K)->64K(307200K) Eden: 283136K(283136K)->0K(286720K) From: 64K(24064K)->64K(20480K)
[821.309s][info][gc,heap        ] GC(2224) ParOldGen: 557157K(557568K)->557173K(557568K)
[821.309s][info][gc,metaspace   ] GC(2224) Metaspace: 35630K(36352K)->35630K(36352K) NonClass: 29356K(29888K)->29356K(29888K) Class: 6273K(6464K)->6273K(6464K)
[821.309s][info][gc             ] GC(2224) Pause Young (Allocation Failure) 820M->544M(844M) 2.012ms
[821.309s][info][gc,cpu         ] GC(2224) User=0.01s Sys=0.00s Real=0.00s
[821.513s][info][gc,start       ] GC(2225) Pause Young (Allocation Failure)
[821.515s][info][gc,heap        ] GC(2225) PSYoungGen: 286784K(307200K)->64K(308736K) Eden: 286720K(286720K)->0K(286720K) From: 64K(20480K)->64K(22016K)
[821.515s][info][gc,heap        ] GC(2225) ParOldGen: 557173K(557568K)->557189K(557568K)
[821.515s][info][gc,metaspace   ] GC(2225) Metaspace: 35630K(36352K)->35630K(36352K) NonClass: 29356K(29888K)->29356K(29888K) Class: 6273K(6464K)->6273K(6464K)
[821.515s][info][gc             ] GC(2225) Pause Young (Allocation Failure) 824M->544M(846M) 1.969ms
[821.515s][info][gc,cpu         ] GC(2225) User=0.00s Sys=0.00s Real=0.00s
[821.732s][info][gc,start       ] GC(2226) Pause Young (Allocation Failure)
[821.734s][info][gc,heap        ] GC(2226) PSYoungGen: 286784K(308736K)->64K(309248K) Eden: 286720K(286720K)->0K(290816K) From: 64K(22016K)->64K(18432K)
[821.734s][info][gc,heap        ] GC(2226) ParOldGen: 557189K(557568K)->557189K(557568K)
[821.734s][info][gc,metaspace   ] GC(2226) Metaspace: 35630K(36352K)->35630K(36352K) NonClass: 29356K(29888K)->29356K(29888K) Class: 6273K(6464K)->6273K(6464K)
[821.734s][info][gc             ] GC(2226) Pause Young (Allocation Failure) 824M->544M(846M) 2.013ms
[821.734s][info][gc,cpu         ] GC(2226) User=0.00s Sys=0.00s Real=0.00s
[822.067s][info][gc,start       ] GC(2227) Pause Young (Allocation Failure)
[822.069s][info][gc,heap        ] GC(2227) PSYoungGen: 290880K(309248K)->64K(310784K) Eden: 290816K(290816K)->0K(290816K) From: 64K(18432K)->64K(19968K)
[822.069s][info][gc,heap        ] GC(2227) ParOldGen: 557189K(557568K)->557189K(557568K)
[822.069s][info][gc,metaspace   ] GC(2227) Metaspace: 35630K(36352K)->35630K(36352K) NonClass: 29356K(29888K)->29356K(29888K) Class: 6273K(6464K)->6273K(6464K)
[822.069s][info][gc             ] GC(2227) Pause Young (Allocation Failure) 828M->544M(848M) 1.947ms
[822.069s][info][gc,cpu         ] GC(2227) User=0.00s Sys=0.00s Real=0.00s
[822.122s][info][gc,start       ] GC(2228) Pause Young (Allocation Failure)
[822.124s][info][gc,heap        ] GC(2228) PSYoungGen: 290880K(310784K)->64K(311296K) Eden: 290816K(290816K)->0K(294912K) From: 64K(19968K)->64K(16384K)
[822.124s][info][gc,heap        ] GC(2228) ParOldGen: 557189K(557568K)->557205K(557568K)
[822.124s][info][gc,metaspace   ] GC(2228) Metaspace: 35630K(36352K)->35630K(36352K) NonClass: 29356K(29888K)->29356K(29888K) Class: 6273K(6464K)->6273K(6464K)
[822.124s][info][gc             ] GC(2228) Pause Young (Allocation Failure) 828M->544M(848M) 1.810ms
[822.124s][info][gc,cpu         ] GC(2228) User=0.00s Sys=0.00s Real=0.00s
[822.188s][info][gc,start       ] GC(2229) Pause Young (Allocation Failure)
[822.190s][info][gc,heap        ] GC(2229) PSYoungGen: 294976K(311296K)->64K(312832K) Eden: 294912K(294912K)->0K(294912K) From: 64K(16384K)->64K(17920K)
[822.190s][info][gc,heap        ] GC(2229) ParOldGen: 557205K(557568K)->557205K(557568K)
[822.190s][info][gc,metaspace   ] GC(2229) Metaspace: 35630K(36352K)->35630K(36352K) NonClass: 29356K(29888K)->29356K(29888K) Class: 6273K(6464K)->6273K(6464K)
[822.190s][info][gc             ] GC(2229) Pause Young (Allocation Failure) 832M->544M(850M) 1.862ms
[822.190s][info][gc,cpu         ] GC(2229) User=0.00s Sys=0.00s Real=0.00s
[822.409s][info][gc,start       ] GC(2230) Pause Young (Allocation Failure)
[822.411s][info][gc,heap        ] GC(2230) PSYoungGen: 294976K(312832K)->64K(313344K) Eden: 294912K(294912K)->0K(299008K) From: 64K(17920K)->64K(14336K)
[822.411s][info][gc,heap        ] GC(2230) ParOldGen: 557205K(557568K)->557221K(557568K)
[822.411s][info][gc,metaspace   ] GC(2230) Metaspace: 35630K(36352K)->35630K(36352K) NonClass: 29356K(29888K)->29356K(29888K) Class: 6273K(6464K)->6273K(6464K)
[822.411s][info][gc             ] GC(2230) Pause Young (Allocation Failure) 832M->544M(850M) 1.897ms
[822.411s][info][gc,cpu         ] GC(2230) User=0.00s Sys=0.00s Real=0.00s
[822.627s][info][gc,start       ] GC(2231) Pause Young (Allocation Failure)
[822.629s][info][gc,heap        ] GC(2231) PSYoungGen: 299072K(313344K)->64K(314880K) Eden: 299008K(299008K)->0K(299008K) From: 64K(14336K)->64K(15872K)
[822.629s][info][gc,heap        ] GC(2231) ParOldGen: 557221K(557568K)->557221K(557568K)
[822.629s][info][gc,metaspace   ] GC(2231) Metaspace: 35630K(36352K)->35630K(36352K) NonClass: 29356K(29888K)->29356K(29888K) Class: 6273K(6464K)->6273K(6464K)
[822.629s][info][gc             ] GC(2231) Pause Young (Allocation Failure) 836M->544M(852M) 1.933ms
[822.629s][info][gc,cpu         ] GC(2231) User=0.00s Sys=0.00s Real=0.00s
[822.718s][info][gc,start       ] GC(2232) Pause Young (Allocation Failure)
[822.720s][info][gc,heap        ] GC(2232) PSYoungGen: 299072K(314880K)->64K(315392K) Eden: 299008K(299008K)->0K(302592K) From: 64K(15872K)->64K(12800K)
[822.720s][info][gc,heap        ] GC(2232) ParOldGen: 557221K(557568K)->557229K(557568K)
[822.720s][info][gc,metaspace   ] GC(2232) Metaspace: 35630K(36352K)->35630K(36352K) NonClass: 29356K(29888K)->29356K(29888K) Class: 6273K(6464K)->6273K(6464K)
[822.720s][info][gc             ] GC(2232) Pause Young (Allocation Failure) 836M->544M(852M) 1.917ms
[822.720s][info][gc,cpu         ] GC(2232) User=0.00s Sys=0.00s Real=0.00s
[822.843s][info][gc,start       ] GC(2233) Pause Young (Allocation Failure)
[822.844s][info][gc,heap        ] GC(2233) PSYoungGen: 302656K(315392K)->64K(316928K) Eden: 302592K(302592K)->0K(302592K) From: 64K(12800K)->64K(14336K)
[822.845s][info][gc,heap        ] GC(2233) ParOldGen: 557229K(557568K)->557237K(557568K)
[822.845s][info][gc,metaspace   ] GC(2233) Metaspace: 35630K(36352K)->35630K(36352K) NonClass: 29356K(29888K)->29356K(29888K) Class: 6273K(6464K)->6273K(6464K)
[822.845s][info][gc             ] GC(2233) Pause Young (Allocation Failure) 839M->544M(854M) 1.861ms
[822.845s][info][gc,cpu         ] GC(2233) User=0.00s Sys=0.00s Real=0.00s
[823.211s][info][gc,start       ] GC(2234) Pause Young (Allocation Failure)
[823.213s][info][gc,heap        ] GC(2234) PSYoungGen: 302656K(316928K)->64K(316928K) Eden: 302592K(302592K)->0K(306176K) From: 64K(14336K)->64K(10752K)
[823.213s][info][gc,heap        ] GC(2234) ParOldGen: 557237K(557568K)->557245K(557568K)
[823.213s][info][gc,metaspace   ] GC(2234) Metaspace: 35630K(36352K)->35630K(36352K) NonClass: 29356K(29888K)->29356K(29888K) Class: 6273K(6464K)->6273K(6464K)
[823.213s][info][gc             ] GC(2234) Pause Young (Allocation Failure) 839M->544M(854M) 1.960ms
[823.213s][info][gc,cpu         ] GC(2234) User=0.00s Sys=0.00s Real=0.00s
[823.955s][info][gc,start       ] GC(2235) Pause Young (Allocation Failure)
[823.957s][info][gc,heap        ] GC(2235) PSYoungGen: 306240K(316928K)->83K(318464K) Eden: 306176K(306176K)->0K(306176K) From: 64K(10752K)->83K(12288K)
[823.957s][info][gc,heap        ] GC(2235) ParOldGen: 557245K(557568K)->557253K(557568K)
[823.957s][info][gc,metaspace   ] GC(2235) Metaspace: 35630K(36352K)->35630K(36352K) NonClass: 29356K(29888K)->29356K(29888K) Class: 6273K(6464K)->6273K(6464K)
[823.957s][info][gc             ] GC(2235) Pause Young (Allocation Failure) 843M->544M(855M) 2.050ms
[823.957s][info][gc,cpu         ] GC(2235) User=0.00s Sys=0.00s Real=0.01s
[824.948s][info][gc,start       ] GC(2236) Pause Young (Allocation Failure)
[824.951s][info][gc,heap        ] GC(2236) PSYoungGen: 306259K(318464K)->64K(294400K) Eden: 306176K(306176K)->0K(293888K) From: 83K(12288K)->64K(512K)
[824.951s][info][gc,heap        ] GC(2236) ParOldGen: 557253K(557568K)->557261K(557568K)
[824.951s][info][gc,metaspace   ] GC(2236) Metaspace: 35630K(36352K)->35630K(36352K) NonClass: 29356K(29888K)->29356K(29888K) Class: 6273K(6464K)->6273K(6464K)
[824.951s][info][gc             ] GC(2236) Pause Young (Allocation Failure) 843M->544M(832M) 2.551ms
[824.951s][info][gc,cpu         ] GC(2236) User=0.00s Sys=0.00s Real=0.00s
[825.413s][info][gc,start       ] GC(2237) Pause Young (Allocation Failure)
[825.415s][info][gc,heap        ] GC(2237) PSYoungGen: 293952K(294400K)->64K(292864K) Eden: 293888K(293888K)->0K(282112K) From: 64K(512K)->64K(10752K)
[825.415s][info][gc,heap        ] GC(2237) ParOldGen: 557261K(557568K)->557269K(557568K)
[825.415s][info][gc,metaspace   ] GC(2237) Metaspace: 35630K(36352K)->35630K(36352K) NonClass: 29356K(29888K)->29356K(29888K) Class: 6273K(6464K)->6273K(6464K)
[825.415s][info][gc             ] GC(2237) Pause Young (Allocation Failure) 831M->544M(830M) 2.023ms
[825.415s][info][gc,cpu         ] GC(2237) User=0.01s Sys=0.00s Real=0.00s
[826.439s][info][gc,start       ] GC(2238) Pause Young (Allocation Failure)
[826.442s][info][gc,heap        ] GC(2238) PSYoungGen: 282176K(292864K)->64K(271360K) Eden: 282112K(282112K)->0K(270848K) From: 64K(10752K)->64K(512K)
[826.442s][info][gc,heap        ] GC(2238) ParOldGen: 557269K(557568K)->557277K(557568K)
[826.442s][info][gc,metaspace   ] GC(2238) Metaspace: 35630K(36352K)->35630K(36352K) NonClass: 29356K(29888K)->29356K(29888K) Class: 6273K(6464K)->6273K(6464K)
[826.442s][info][gc             ] GC(2238) Pause Young (Allocation Failure) 819M->544M(809M) 3.429ms
[826.442s][info][gc,cpu         ] GC(2238) User=0.01s Sys=0.00s Real=0.00s
[826.850s][info][gc,start       ] GC(2239) Pause Young (Allocation Failure)
[826.853s][info][gc,heap        ] GC(2239) PSYoungGen: 270912K(271360K)->64K(269824K) Eden: 270848K(270848K)->0K(260096K) From: 64K(512K)->64K(9728K)
[826.853s][info][gc,heap        ] GC(2239) ParOldGen: 557277K(557568K)->557285K(557568K)
[826.853s][info][gc,metaspace   ] GC(2239) Metaspace: 35630K(36352K)->35630K(36352K) NonClass: 29356K(29888K)->29356K(29888K) Class: 6273K(6464K)->6273K(6464K)
[826.853s][info][gc             ] GC(2239) Pause Young (Allocation Failure) 808M->544M(808M) 3.393ms
[826.853s][info][gc,cpu         ] GC(2239) User=0.00s Sys=0.00s Real=0.00s
[827.055s][info][gc,start       ] GC(2240) Pause Young (Allocation Failure)
[827.058s][info][gc,heap        ] GC(2240) PSYoungGen: 260160K(269824K)->64K(250368K) Eden: 260096K(260096K)->0K(249856K) From: 64K(9728K)->64K(512K)
[827.058s][info][gc,heap        ] GC(2240) ParOldGen: 557285K(557568K)->557293K(557568K)
[827.058s][info][gc,metaspace   ] GC(2240) Metaspace: 35630K(36352K)->35630K(36352K) NonClass: 29356K(29888K)->29356K(29888K) Class: 6273K(6464K)->6273K(6464K)
[827.058s][info][gc             ] GC(2240) Pause Young (Allocation Failure) 798M->544M(789M) 3.755ms
[827.058s][info][gc,cpu         ] GC(2240) User=0.01s Sys=0.00s Real=0.01s
[827.145s][info][gc,start       ] GC(2241) Pause Young (Allocation Failure)
[827.149s][info][gc,heap        ] GC(2241) PSYoungGen: 249920K(250368K)->32K(296448K) Eden: 249856K(249856K)->0K(288256K) From: 64K(512K)->32K(8192K)
[827.149s][info][gc,heap        ] GC(2241) ParOldGen: 557293K(557568K)->557301K(557568K)
[827.149s][info][gc,metaspace   ] GC(2241) Metaspace: 35630K(36352K)->35630K(36352K) NonClass: 29356K(29888K)->29356K(29888K) Class: 6273K(6464K)->6273K(6464K)
[827.149s][info][gc             ] GC(2241) Pause Young (Allocation Failure) 788M->544M(834M) 3.354ms
[827.149s][info][gc,cpu         ] GC(2241) User=0.01s Sys=0.00s Real=0.01s
[827.827s][info][gc,start       ] GC(2242) Pause Young (Allocation Failure)
[827.830s][info][gc,heap        ] GC(2242) PSYoungGen: 288288K(296448K)->32K(305664K) Eden: 288256K(288256K)->0K(297984K) From: 32K(8192K)->32K(7680K)
[827.830s][info][gc,heap        ] GC(2242) ParOldGen: 557301K(557568K)->557309K(557568K)
[827.830s][info][gc,metaspace   ] GC(2242) Metaspace: 35630K(36352K)->35630K(36352K) NonClass: 29356K(29888K)->29356K(29888K) Class: 6273K(6464K)->6273K(6464K)
[827.830s][info][gc             ] GC(2242) Pause Young (Allocation Failure) 825M->544M(843M) 3.225ms
[827.830s][info][gc,cpu         ] GC(2242) User=0.01s Sys=0.00s Real=0.00s
[828.211s][info][gc,start       ] GC(2243) Pause Young (Allocation Failure)
[828.214s][info][gc,heap        ] GC(2243) PSYoungGen: 298016K(305664K)->32K(305152K) Eden: 297984K(297984K)->0K(297984K) From: 32K(7680K)->32K(7168K)
[828.214s][info][gc,heap        ] GC(2243) ParOldGen: 557309K(557568K)->557317K(557568K)
[828.214s][info][gc,metaspace   ] GC(2243) Metaspace: 35630K(36352K)->35630K(36352K) NonClass: 29356K(29888K)->29356K(29888K) Class: 6273K(6464K)->6273K(6464K)
[828.214s][info][gc             ] GC(2243) Pause Young (Allocation Failure) 835M->544M(842M) 3.553ms
[828.214s][info][gc,cpu         ] GC(2243) User=0.01s Sys=0.00s Real=0.00s
[828.587s][info][gc,start       ] GC(2244) Pause Young (Allocation Failure)
[828.676s][info][gc,heap        ] GC(2244) PSYoungGen: 298016K(305152K)->6656K(305664K) Eden: 297984K(297984K)->0K(299008K) From: 32K(7168K)->6656K(6656K)
[828.676s][info][gc,heap        ] GC(2244) ParOldGen: 557317K(557568K)->582029K(582144K)
[828.676s][info][gc,metaspace   ] GC(2244) Metaspace: 35630K(36352K)->35630K(36352K) NonClass: 29356K(29888K)->29356K(29888K) Class: 6273K(6464K)->6273K(6464K)
[828.676s][info][gc             ] GC(2244) Pause Young (Allocation Failure) 835M->574M(867M) 89.295ms
[828.676s][info][gc,cpu         ] GC(2244) User=0.14s Sys=0.03s Real=0.08s
[829.053s][info][gc,start       ] GC(2245) Pause Young (Allocation Failure)
[829.130s][info][gc,heap        ] GC(2245) PSYoungGen: 305664K(305664K)->17408K(316416K) Eden: 299008K(299008K)->0K(299008K) From: 6656K(6656K)->17408K(17408K)
[829.130s][info][gc,heap        ] GC(2245) ParOldGen: 582029K(582144K)->597077K(597504K)
[829.130s][info][gc,metaspace   ] GC(2245) Metaspace: 35630K(36352K)->35630K(36352K) NonClass: 29356K(29888K)->29356K(29888K) Class: 6273K(6464K)->6273K(6464K)
[829.130s][info][gc             ] GC(2245) Pause Young (Allocation Failure) 866M->600M(892M) 77.507ms
[829.130s][info][gc,cpu         ] GC(2245) User=0.14s Sys=0.01s Real=0.08s
[829.269s][info][gc,start       ] GC(2246) Pause Young (Allocation Failure)
[829.288s][info][gc,heap        ] GC(2246) PSYoungGen: 316416K(316416K)->6112K(302080K) Eden: 299008K(299008K)->0K(284672K) From: 17408K(17408K)->6112K(17408K)
[829.288s][info][gc,heap        ] GC(2246) ParOldGen: 597077K(597504K)->597621K(598016K)
[829.288s][info][gc,metaspace   ] GC(2246) Metaspace: 35630K(36352K)->35630K(36352K) NonClass: 29356K(29888K)->29356K(29888K) Class: 6273K(6464K)->6273K(6464K)
[829.288s][info][gc             ] GC(2246) Pause Young (Allocation Failure) 892M->589M(879M) 19.032ms
[829.288s][info][gc,cpu         ] GC(2246) User=0.03s Sys=0.01s Real=0.02s
[829.836s][info][gc,start       ] GC(2247) Pause Young (Allocation Failure)
[829.838s][info][gc,heap        ] GC(2247) PSYoungGen: 290784K(302080K)->64K(309248K) Eden: 284672K(284672K)->0K(284672K) From: 6112K(17408K)->64K(24576K)
[829.838s][info][gc,heap        ] GC(2247) ParOldGen: 597621K(598016K)->597629K(598016K)
[829.838s][info][gc,metaspace   ] GC(2247) Metaspace: 35630K(36352K)->35630K(36352K) NonClass: 29356K(29888K)->29356K(29888K) Class: 6273K(6464K)->6273K(6464K)
[829.838s][info][gc             ] GC(2247) Pause Young (Allocation Failure) 867M->583M(886M) 1.917ms
[829.838s][info][gc,cpu         ] GC(2247) User=0.01s Sys=0.00s Real=0.01s
[830.359s][info][gc,start       ] GC(2248) Pause Young (Allocation Failure)
[830.361s][info][gc,heap        ] GC(2248) PSYoungGen: 284736K(309248K)->64K(307712K) Eden: 284672K(284672K)->0K(285184K) From: 64K(24576K)->64K(22528K)
[830.361s][info][gc,heap        ] GC(2248) ParOldGen: 597629K(598016K)->597637K(598016K)
[830.361s][info][gc,metaspace   ] GC(2248) Metaspace: 35630K(36352K)->35630K(36352K) NonClass: 29356K(29888K)->29356K(29888K) Class: 6273K(6464K)->6273K(6464K)
[830.361s][info][gc             ] GC(2248) Pause Young (Allocation Failure) 861M->583M(884M) 1.980ms
[830.361s][info][gc,cpu         ] GC(2248) User=0.01s Sys=0.00s Real=0.00s
[830.798s][info][gc,start       ] GC(2249) Pause Young (Allocation Failure)
[830.800s][info][gc,heap        ] GC(2249) PSYoungGen: 285248K(307712K)->64K(308736K) Eden: 285184K(285184K)->0K(285184K) From: 64K(22528K)->64K(23552K)
[830.800s][info][gc,heap        ] GC(2249) ParOldGen: 597637K(598016K)->597653K(598016K)
[830.800s][info][gc,metaspace   ] GC(2249) Metaspace: 35630K(36352K)->35630K(36352K) NonClass: 29356K(29888K)->29356K(29888K) Class: 6273K(6464K)->6273K(6464K)
[830.800s][info][gc             ] GC(2249) Pause Young (Allocation Failure) 862M->583M(885M) 1.979ms
[830.800s][info][gc,cpu         ] GC(2249) User=0.01s Sys=0.00s Real=0.00s
[830.996s][info][gc,start       ] GC(2250) Pause Young (Allocation Failure)
[830.998s][info][gc,heap        ] GC(2250) PSYoungGen: 285248K(308736K)->64K(308224K) Eden: 285184K(285184K)->0K(287744K) From: 64K(23552K)->64K(20480K)
[830.998s][info][gc,heap        ] GC(2250) ParOldGen: 597653K(598016K)->597669K(598016K)
[830.998s][info][gc,metaspace   ] GC(2250) Metaspace: 35630K(36352K)->35630K(36352K) NonClass: 29356K(29888K)->29356K(29888K) Class: 6273K(6464K)->6273K(6464K)
[830.998s][info][gc             ] GC(2250) Pause Young (Allocation Failure) 862M->583M(885M) 2.068ms
[830.998s][info][gc,cpu         ] GC(2250) User=0.00s Sys=0.00s Real=0.01s
[831.197s][info][gc,start       ] GC(2251) Pause Young (Allocation Failure)
[831.199s][info][gc,heap        ] GC(2251) PSYoungGen: 287808K(308224K)->64K(309248K) Eden: 287744K(287744K)->0K(287744K) From: 64K(20480K)->64K(21504K)
[831.199s][info][gc,heap        ] GC(2251) ParOldGen: 597669K(598016K)->597669K(598016K)
[831.199s][info][gc,metaspace   ] GC(2251) Metaspace: 35630K(36352K)->35630K(36352K) NonClass: 29356K(29888K)->29356K(29888K) Class: 6273K(6464K)->6273K(6464K)
[831.199s][info][gc             ] GC(2251) Pause Young (Allocation Failure) 864M->583M(886M) 1.876ms
[831.199s][info][gc,cpu         ] GC(2251) User=0.00s Sys=0.00s Real=0.00s
[831.576s][info][gc,start       ] GC(2252) Pause Young (Allocation Failure)
[831.578s][info][gc,heap        ] GC(2252) PSYoungGen: 287808K(309248K)->64K(310272K) Eden: 287744K(287744K)->0K(291840K) From: 64K(21504K)->64K(18432K)
[831.578s][info][gc,heap        ] GC(2252) ParOldGen: 597669K(598016K)->597669K(598016K)
[831.578s][info][gc,metaspace   ] GC(2252) Metaspace: 35630K(36352K)->35630K(36352K) NonClass: 29356K(29888K)->29356K(29888K) Class: 6273K(6464K)->6273K(6464K)
[831.578s][info][gc             ] GC(2252) Pause Young (Allocation Failure) 864M->583M(887M) 1.973ms
[831.578s][info][gc,cpu         ] GC(2252) User=0.00s Sys=0.00s Real=0.01s
[831.650s][info][gc,start       ] GC(2253) Pause Young (Allocation Failure)
[831.651s][info][gc,heap        ] GC(2253) PSYoungGen: 291904K(310272K)->64K(311296K) Eden: 291840K(291840K)->0K(291840K) From: 64K(18432K)->64K(19456K)
[831.651s][info][gc,heap        ] GC(2253) ParOldGen: 597669K(598016K)->597677K(598016K)
[831.651s][info][gc,metaspace   ] GC(2253) Metaspace: 35630K(36352K)->35630K(36352K) NonClass: 29356K(29888K)->29356K(29888K) Class: 6273K(6464K)->6273K(6464K)
[831.651s][info][gc             ] GC(2253) Pause Young (Allocation Failure) 868M->583M(888M) 1.969ms
[831.651s][info][gc,cpu         ] GC(2253) User=0.01s Sys=0.00s Real=0.00s
[831.706s][info][gc,start       ] GC(2254) Pause Young (Allocation Failure)
[831.708s][info][gc,heap        ] GC(2254) PSYoungGen: 291904K(311296K)->64K(312320K) Eden: 291840K(291840K)->0K(295936K) From: 64K(19456K)->64K(16384K)
[831.708s][info][gc,heap        ] GC(2254) ParOldGen: 597677K(598016K)->597693K(598016K)
[831.708s][info][gc,metaspace   ] GC(2254) Metaspace: 35630K(36352K)->35630K(36352K) NonClass: 29356K(29888K)->29356K(29888K) Class: 6273K(6464K)->6273K(6464K)
[831.708s][info][gc             ] GC(2254) Pause Young (Allocation Failure) 868M->583M(889M) 1.862ms
[831.708s][info][gc,cpu         ] GC(2254) User=0.00s Sys=0.00s Real=0.01s
[831.867s][info][gc,start       ] GC(2255) Pause Young (Allocation Failure)
[831.869s][info][gc,heap        ] GC(2255) PSYoungGen: 296000K(312320K)->64K(313344K) Eden: 295936K(295936K)->0K(295936K) From: 64K(16384K)->64K(17408K)
[831.869s][info][gc,heap        ] GC(2255) ParOldGen: 597693K(598016K)->597693K(598016K)
[831.869s][info][gc,metaspace   ] GC(2255) Metaspace: 35630K(36352K)->35630K(36352K) NonClass: 29356K(29888K)->29356K(29888K) Class: 6273K(6464K)->6273K(6464K)
[831.869s][info][gc             ] GC(2255) Pause Young (Allocation Failure) 872M->583M(890M) 1.904ms
[831.869s][info][gc,cpu         ] GC(2255) User=0.00s Sys=0.00s Real=0.00s
[832.081s][info][gc,start       ] GC(2256) Pause Young (Allocation Failure)
[832.083s][info][gc,heap        ] GC(2256) PSYoungGen: 296000K(313344K)->64K(315392K) Eden: 295936K(295936K)->0K(300032K) From: 64K(17408K)->64K(15360K)
[832.083s][info][gc,heap        ] GC(2256) ParOldGen: 597693K(598016K)->597701K(598016K)
[832.083s][info][gc,metaspace   ] GC(2256) Metaspace: 35630K(36352K)->35630K(36352K) NonClass: 29356K(29888K)->29356K(29888K) Class: 6273K(6464K)->6273K(6464K)
[832.083s][info][gc             ] GC(2256) Pause Young (Allocation Failure) 872M->583M(892M) 1.868ms
[832.083s][info][gc,cpu         ] GC(2256) User=0.00s Sys=0.00s Real=0.00s
[832.221s][info][gc,start       ] GC(2257) Pause Young (Allocation Failure)
[832.223s][info][gc,heap        ] GC(2257) PSYoungGen: 300096K(315392K)->64K(315904K) Eden: 300032K(300032K)->0K(300032K) From: 64K(15360K)->64K(15872K)
[832.223s][info][gc,heap        ] GC(2257) ParOldGen: 597701K(598016K)->597709K(598016K)
[832.223s][info][gc,metaspace   ] GC(2257) Metaspace: 35630K(36352K)->35630K(36352K) NonClass: 29356K(29888K)->29356K(29888K) Class: 6273K(6464K)->6273K(6464K)
[832.223s][info][gc             ] GC(2257) Pause Young (Allocation Failure) 876M->583M(892M) 1.982ms
[832.223s][info][gc,cpu         ] GC(2257) User=0.01s Sys=0.00s Real=0.00s
[832.309s][info][gc,start       ] GC(2258) Pause Young (Allocation Failure)
[832.310s][info][gc,heap        ] GC(2258) PSYoungGen: 300096K(315904K)->64K(316416K) Eden: 300032K(300032K)->0K(303104K) From: 64K(15872K)->64K(13312K)
[832.310s][info][gc,heap        ] GC(2258) ParOldGen: 597709K(598016K)->597717K(598016K)
[832.310s][info][gc,metaspace   ] GC(2258) Metaspace: 35630K(36352K)->35630K(36352K) NonClass: 29356K(29888K)->29356K(29888K) Class: 6273K(6464K)->6273K(6464K)
[832.311s][info][gc             ] GC(2258) Pause Young (Allocation Failure) 876M->583M(893M) 1.857ms
[832.311s][info][gc,cpu         ] GC(2258) User=0.01s Sys=0.00s Real=0.00s
[832.485s][info][gc,start       ] GC(2259) Pause Young (Allocation Failure)
[832.487s][info][gc,heap        ] GC(2259) PSYoungGen: 303168K(316416K)->64K(316928K) Eden: 303104K(303104K)->0K(303104K) From: 64K(13312K)->64K(13824K)
[832.487s][info][gc,heap        ] GC(2259) ParOldGen: 597717K(598016K)->597725K(598016K)
[832.487s][info][gc,metaspace   ] GC(2259) Metaspace: 35630K(36352K)->35630K(36352K) NonClass: 29356K(29888K)->29356K(29888K) Class: 6273K(6464K)->6273K(6464K)
[832.487s][info][gc             ] GC(2259) Pause Young (Allocation Failure) 879M->583M(893M) 1.886ms
[832.487s][info][gc,cpu         ] GC(2259) User=0.00s Sys=0.00s Real=0.01s
[833.459s][info][gc,start       ] GC(2260) Pause Young (Allocation Failure)
[833.461s][info][gc,heap        ] GC(2260) PSYoungGen: 303168K(316928K)->83K(319488K) Eden: 303104K(303104K)->0K(307200K) From: 64K(13824K)->83K(12288K)
[833.461s][info][gc,heap        ] GC(2260) ParOldGen: 597725K(598016K)->597733K(598016K)
[833.461s][info][gc,metaspace   ] GC(2260) Metaspace: 35630K(36352K)->35630K(36352K) NonClass: 29356K(29888K)->29356K(29888K) Class: 6273K(6464K)->6273K(6464K)
[833.461s][info][gc             ] GC(2260) Pause Young (Allocation Failure) 879M->583M(896M) 1.980ms
[833.461s][info][gc,cpu         ] GC(2260) User=0.00s Sys=0.00s Real=0.00s
[834.363s][info][gc,start       ] GC(2261) Pause Young (Allocation Failure)
[834.365s][info][gc,heap        ] GC(2261) PSYoungGen: 307283K(319488K)->64K(319488K) Eden: 307200K(307200K)->0K(307200K) From: 83K(12288K)->64K(12288K)
[834.365s][info][gc,heap        ] GC(2261) ParOldGen: 597733K(598016K)->597741K(598016K)
[834.365s][info][gc,metaspace   ] GC(2261) Metaspace: 35637K(36352K)->35637K(36352K) NonClass: 29364K(29888K)->29364K(29888K) Class: 6273K(6464K)->6273K(6464K)
[834.365s][info][gc             ] GC(2261) Pause Young (Allocation Failure) 883M->583M(896M) 1.896ms
[834.365s][info][gc,cpu         ] GC(2261) User=0.01s Sys=0.00s Real=0.00s
[834.718s][info][gc,start       ] GC(2262) Pause Young (Allocation Failure)
[834.721s][info][gc,heap        ] GC(2262) PSYoungGen: 307264K(319488K)->64K(295424K) Eden: 307200K(307200K)->0K(294912K) From: 64K(12288K)->64K(512K)
[834.721s][info][gc,heap        ] GC(2262) ParOldGen: 597741K(598016K)->597749K(598016K)
[834.721s][info][gc,metaspace   ] GC(2262) Metaspace: 35637K(36352K)->35637K(36352K) NonClass: 29364K(29888K)->29364K(29888K) Class: 6273K(6464K)->6273K(6464K)
[834.721s][info][gc             ] GC(2262) Pause Young (Allocation Failure) 883M->583M(872M) 2.484ms
[834.721s][info][gc,cpu         ] GC(2262) User=0.00s Sys=0.00s Real=0.00s
[835.136s][info][gc,start       ] GC(2263) Pause Young (Allocation Failure)
[835.138s][info][gc,heap        ] GC(2263) PSYoungGen: 294976K(295424K)->64K(293888K) Eden: 294912K(294912K)->0K(283136K) From: 64K(512K)->64K(10752K)
[835.138s][info][gc,heap        ] GC(2263) ParOldGen: 597749K(598016K)->597757K(598016K)
[835.138s][info][gc,metaspace   ] GC(2263) Metaspace: 35645K(36352K)->35645K(36352K) NonClass: 29372K(29888K)->29372K(29888K) Class: 6273K(6464K)->6273K(6464K)
[835.138s][info][gc             ] GC(2263) Pause Young (Allocation Failure) 871M->583M(871M) 2.595ms
[835.138s][info][gc,cpu         ] GC(2263) User=0.01s Sys=0.00s Real=0.01s
[836.181s][info][gc,start       ] GC(2264) Pause Young (Allocation Failure)
[836.184s][info][gc,heap        ] GC(2264) PSYoungGen: 283200K(293888K)->64K(272384K) Eden: 283136K(283136K)->0K(271872K) From: 64K(10752K)->64K(512K)
[836.184s][info][gc,heap        ] GC(2264) ParOldGen: 597757K(598016K)->597765K(598016K)
[836.184s][info][gc,metaspace   ] GC(2264) Metaspace: 35645K(36352K)->35645K(36352K) NonClass: 29372K(29888K)->29372K(29888K) Class: 6273K(6464K)->6273K(6464K)
[836.184s][info][gc             ] GC(2264) Pause Young (Allocation Failure) 860M->583M(850M) 3.055ms
[836.184s][info][gc,cpu         ] GC(2264) User=0.01s Sys=0.00s Real=0.00s
[836.587s][info][gc,start       ] GC(2265) Pause Young (Allocation Failure)
[836.589s][info][gc,heap        ] GC(2265) PSYoungGen: 271936K(272384K)->64K(270336K) Eden: 271872K(271872K)->0K(261120K) From: 64K(512K)->64K(9216K)
[836.589s][info][gc,heap        ] GC(2265) ParOldGen: 597765K(598016K)->597773K(598016K)
[836.589s][info][gc,metaspace   ] GC(2265) Metaspace: 35645K(36352K)->35645K(36352K) NonClass: 29372K(29888K)->29372K(29888K) Class: 6273K(6464K)->6273K(6464K)
[836.589s][info][gc             ] GC(2265) Pause Young (Allocation Failure) 849M->583M(848M) 1.930ms
[836.589s][info][gc,cpu         ] GC(2265) User=0.00s Sys=0.00s Real=0.00s
[836.656s][info][gc,start       ] GC(2266) Pause Young (Allocation Failure)
[836.657s][info][gc,heap        ] GC(2266) PSYoungGen: 261184K(270336K)->64K(303616K) Eden: 261120K(261120K)->0K(294912K) From: 64K(9216K)->64K(8704K)
[836.657s][info][gc,heap        ] GC(2266) ParOldGen: 597773K(598016K)->597781K(598016K)
[836.657s][info][gc,metaspace   ] GC(2266) Metaspace: 35645K(36352K)->35645K(36352K) NonClass: 29372K(29888K)->29372K(29888K) Class: 6273K(6464K)->6273K(6464K)
[836.657s][info][gc             ] GC(2266) Pause Young (Allocation Failure) 838M->583M(880M) 1.902ms
[836.657s][info][gc,cpu         ] GC(2266) User=0.00s Sys=0.00s Real=0.01s
[837.258s][info][gc,start       ] GC(2267) Pause Young (Allocation Failure)
[837.261s][info][gc,heap        ] GC(2267) PSYoungGen: 294976K(303616K)->64K(283648K) Eden: 294912K(294912K)->0K(283136K) From: 64K(8704K)->64K(512K)
[837.261s][info][gc,heap        ] GC(2267) ParOldGen: 597781K(598016K)->597797K(598016K)
[837.261s][info][gc,metaspace   ] GC(2267) Metaspace: 35645K(36352K)->35645K(36352K) NonClass: 29372K(29888K)->29372K(29888K) Class: 6273K(6464K)->6273K(6464K)
[837.261s][info][gc             ] GC(2267) Pause Young (Allocation Failure) 871M->583M(861M) 2.473ms
[837.261s][info][gc,cpu         ] GC(2267) User=0.00s Sys=0.01s Real=0.00s
[837.589s][info][gc,start       ] GC(2268) Pause Young (Allocation Failure)
[837.591s][info][gc,heap        ] GC(2268) PSYoungGen: 283200K(283648K)->64K(272384K) Eden: 283136K(283136K)->0K(271872K) From: 64K(512K)->64K(512K)
[837.591s][info][gc,heap        ] GC(2268) ParOldGen: 597797K(598016K)->597805K(598016K)
[837.591s][info][gc,metaspace   ] GC(2268) Metaspace: 35645K(36352K)->35645K(36352K) NonClass: 29372K(29888K)->29372K(29888K) Class: 6273K(6464K)->6273K(6464K)
[837.591s][info][gc             ] GC(2268) Pause Young (Allocation Failure) 860M->583M(850M) 2.448ms
[837.591s][info][gc,cpu         ] GC(2268) User=0.00s Sys=0.00s Real=0.00s
[837.990s][info][gc,start       ] GC(2269) Pause Young (Allocation Failure)
[838.033s][info][gc,heap        ] GC(2269) PSYoungGen: 271936K(272384K)->7168K(289280K) Eden: 271872K(271872K)->0K(282112K) From: 64K(512K)->7168K(7168K)
[838.033s][info][gc,heap        ] GC(2269) ParOldGen: 597805K(598016K)->612221K(612352K)
[838.033s][info][gc,metaspace   ] GC(2269) Metaspace: 35645K(36352K)->35645K(36352K) NonClass: 29372K(29888K)->29372K(29888K) Class: 6273K(6464K)->6273K(6464K)
[838.033s][info][gc             ] GC(2269) Pause Young (Allocation Failure) 849M->604M(880M) 43.339ms
[838.033s][info][gc,cpu         ] GC(2269) User=0.07s Sys=0.01s Real=0.04s
[838.384s][info][gc,start       ] GC(2270) Pause Young (Allocation Failure)
[838.454s][info][gc,heap        ] GC(2270) PSYoungGen: 289280K(289280K)->13824K(301568K) Eden: 282112K(282112K)->0K(287744K) From: 7168K(7168K)->13824K(13824K)
[838.454s][info][gc,heap        ] GC(2270) ParOldGen: 612221K(612352K)->628693K(628736K)
[838.454s][info][gc,metaspace   ] GC(2270) Metaspace: 35645K(36352K)->35645K(36352K) NonClass: 29372K(29888K)->29372K(29888K) Class: 6273K(6464K)->6273K(6464K)
[838.454s][info][gc             ] GC(2270) Pause Young (Allocation Failure) 880M->627M(908M) 69.567ms
[838.454s][info][gc,cpu         ] GC(2270) User=0.11s Sys=0.03s Real=0.07s
[838.693s][info][gc,start       ] GC(2271) Pause Young (Allocation Failure)
[838.731s][info][gc,heap        ] GC(2271) PSYoungGen: 301568K(301568K)->17632K(305664K) Eden: 287744K(287744K)->0K(287744K) From: 13824K(13824K)->17632K(17920K)
[838.731s][info][gc,heap        ] GC(2271) ParOldGen: 628693K(628736K)->629301K(629760K)
[838.731s][info][gc,metaspace   ] GC(2271) Metaspace: 35645K(36352K)->35645K(36352K) NonClass: 29372K(29888K)->29372K(29888K) Class: 6273K(6464K)->6273K(6464K)
[838.731s][info][gc             ] GC(2271) Pause Young (Allocation Failure) 908M->631M(913M) 38.210ms
[838.731s][info][gc,cpu         ] GC(2271) User=0.07s Sys=0.00s Real=0.04s
[839.007s][info][gc,start       ] GC(2272) Pause Young (Allocation Failure)
[839.009s][info][gc,heap        ] GC(2272) PSYoungGen: 305376K(305664K)->64K(308736K) Eden: 287744K(287744K)->0K(282624K) From: 17632K(17920K)->64K(26112K)
[839.009s][info][gc,heap        ] GC(2272) ParOldGen: 629301K(629760K)->629309K(629760K)
[839.009s][info][gc,metaspace   ] GC(2272) Metaspace: 35645K(36352K)->35645K(36352K) NonClass: 29372K(29888K)->29372K(29888K) Class: 6273K(6464K)->6273K(6464K)
[839.009s][info][gc             ] GC(2272) Pause Young (Allocation Failure) 912M->614M(916M) 1.997ms
[839.009s][info][gc,cpu         ] GC(2272) User=0.01s Sys=0.00s Real=0.00s
[839.703s][info][gc,start       ] GC(2273) Pause Young (Allocation Failure)
[839.705s][info][gc,heap        ] GC(2273) PSYoungGen: 282688K(308736K)->64K(283136K) Eden: 282624K(282624K)->0K(282624K) From: 64K(26112K)->64K(512K)
[839.705s][info][gc,heap        ] GC(2273) ParOldGen: 629309K(629760K)->629317K(629760K)
[839.705s][info][gc,metaspace   ] GC(2273) Metaspace: 35645K(36352K)->35645K(36352K) NonClass: 29372K(29888K)->29372K(29888K) Class: 6273K(6464K)->6273K(6464K)
[839.705s][info][gc             ] GC(2273) Pause Young (Allocation Failure) 890M->614M(891M) 2.202ms
[839.705s][info][gc,cpu         ] GC(2273) User=0.00s Sys=0.00s Real=0.00s
[839.974s][info][gc,start       ] GC(2274) Pause Young (Allocation Failure)
[839.976s][info][gc,heap        ] GC(2274) PSYoungGen: 282688K(283136K)->64K(307200K) Eden: 282624K(282624K)->0K(283136K) From: 64K(512K)->64K(24064K)
[839.976s][info][gc,heap        ] GC(2274) ParOldGen: 629317K(629760K)->629333K(629760K)
[839.976s][info][gc,metaspace   ] GC(2274) Metaspace: 35645K(36352K)->35645K(36352K) NonClass: 29372K(29888K)->29372K(29888K) Class: 6273K(6464K)->6273K(6464K)
[839.976s][info][gc             ] GC(2274) Pause Young (Allocation Failure) 890M->614M(915M) 2.090ms
[839.976s][info][gc,cpu         ] GC(2274) User=0.00s Sys=0.00s Real=0.00s
[840.389s][info][gc,start       ] GC(2275) Pause Young (Allocation Failure)
[840.391s][info][gc,heap        ] GC(2275) PSYoungGen: 283200K(307200K)->64K(306688K) Eden: 283136K(283136K)->0K(283136K) From: 64K(24064K)->64K(23552K)
[840.391s][info][gc,heap        ] GC(2275) ParOldGen: 629333K(629760K)->629341K(629760K)
[840.391s][info][gc,metaspace   ] GC(2275) Metaspace: 35645K(36352K)->35645K(36352K) NonClass: 29372K(29888K)->29372K(29888K) Class: 6273K(6464K)->6273K(6464K)
[840.391s][info][gc             ] GC(2275) Pause Young (Allocation Failure) 891M->614M(914M) 2.133ms
[840.391s][info][gc,cpu         ] GC(2275) User=0.01s Sys=0.00s Real=0.00s
[840.594s][info][gc,start       ] GC(2276) Pause Young (Allocation Failure)
[840.596s][info][gc,heap        ] GC(2276) PSYoungGen: 283200K(306688K)->64K(309248K) Eden: 283136K(283136K)->0K(287232K) From: 64K(23552K)->64K(22016K)
[840.596s][info][gc,heap        ] GC(2276) ParOldGen: 629341K(629760K)->629357K(629760K)
[840.596s][info][gc,metaspace   ] GC(2276) Metaspace: 35645K(36352K)->35645K(36352K) NonClass: 29372K(29888K)->29372K(29888K) Class: 6273K(6464K)->6273K(6464K)
[840.596s][info][gc             ] GC(2276) Pause Young (Allocation Failure) 891M->614M(917M) 2.172ms
[840.596s][info][gc,cpu         ] GC(2276) User=0.00s Sys=0.00s Real=0.00s
[840.919s][info][gc,start       ] GC(2277) Pause Young (Allocation Failure)
[840.921s][info][gc,heap        ] GC(2277) PSYoungGen: 287296K(309248K)->64K(308736K) Eden: 287232K(287232K)->0K(287232K) From: 64K(22016K)->64K(21504K)
[840.921s][info][gc,heap        ] GC(2277) ParOldGen: 629357K(629760K)->629357K(629760K)
[840.921s][info][gc,metaspace   ] GC(2277) Metaspace: 35645K(36352K)->35645K(36352K) NonClass: 29372K(29888K)->29372K(29888K) Class: 6273K(6464K)->6273K(6464K)
[840.921s][info][gc             ] GC(2277) Pause Young (Allocation Failure) 895M->614M(916M) 1.978ms
[840.921s][info][gc,cpu         ] GC(2277) User=0.01s Sys=0.00s Real=0.00s
[841.096s][info][gc,start       ] GC(2278) Pause Young (Allocation Failure)
[841.098s][info][gc,heap        ] GC(2278) PSYoungGen: 287296K(308736K)->64K(311296K) Eden: 287232K(287232K)->0K(291328K) From: 64K(21504K)->64K(19968K)
[841.098s][info][gc,heap        ] GC(2278) ParOldGen: 629357K(629760K)->629365K(629760K)
[841.098s][info][gc,metaspace   ] GC(2278) Metaspace: 35645K(36352K)->35645K(36352K) NonClass: 29372K(29888K)->29372K(29888K) Class: 6273K(6464K)->6273K(6464K)
[841.098s][info][gc             ] GC(2278) Pause Young (Allocation Failure) 895M->614M(919M) 2.121ms
[841.098s][info][gc,cpu         ] GC(2278) User=0.00s Sys=0.00s Real=0.01s
[841.154s][info][gc,start       ] GC(2279) Pause Young (Allocation Failure)
[841.156s][info][gc,heap        ] GC(2279) PSYoungGen: 291392K(311296K)->64K(310784K) Eden: 291328K(291328K)->0K(291328K) From: 64K(19968K)->64K(19456K)
[841.156s][info][gc,heap        ] GC(2279) ParOldGen: 629365K(629760K)->629381K(629760K)
[841.156s][info][gc,metaspace   ] GC(2279) Metaspace: 35645K(36352K)->35645K(36352K) NonClass: 29372K(29888K)->29372K(29888K) Class: 6273K(6464K)->6273K(6464K)
[841.156s][info][gc             ] GC(2279) Pause Young (Allocation Failure) 899M->614M(918M) 1.958ms
[841.156s][info][gc,cpu         ] GC(2279) User=0.00s Sys=0.00s Real=0.00s
[841.241s][info][gc,start       ] GC(2280) Pause Young (Allocation Failure)
[841.243s][info][gc,heap        ] GC(2280) PSYoungGen: 291392K(310784K)->64K(313344K) Eden: 291328K(291328K)->0K(295424K) From: 64K(19456K)->64K(17920K)
[841.243s][info][gc,heap        ] GC(2280) ParOldGen: 629381K(629760K)->629381K(629760K)
[841.243s][info][gc,metaspace   ] GC(2280) Metaspace: 35645K(36352K)->35645K(36352K) NonClass: 29372K(29888K)->29372K(29888K) Class: 6273K(6464K)->6273K(6464K)
[841.243s][info][gc             ] GC(2280) Pause Young (Allocation Failure) 899M->614M(921M) 1.945ms
[841.243s][info][gc,cpu         ] GC(2280) User=0.00s Sys=0.00s Real=0.00s
[841.467s][info][gc,start       ] GC(2281) Pause Young (Allocation Failure)
[841.468s][info][gc,heap        ] GC(2281) PSYoungGen: 295488K(313344K)->64K(312832K) Eden: 295424K(295424K)->0K(295424K) From: 64K(17920K)->64K(17408K)
[841.469s][info][gc,heap        ] GC(2281) ParOldGen: 629381K(629760K)->629397K(629760K)
[841.469s][info][gc,metaspace   ] GC(2281) Metaspace: 35645K(36352K)->35645K(36352K) NonClass: 29372K(29888K)->29372K(29888K) Class: 6273K(6464K)->6273K(6464K)
[841.469s][info][gc             ] GC(2281) Pause Young (Allocation Failure) 903M->614M(920M) 1.937ms
[841.469s][info][gc,cpu         ] GC(2281) User=0.01s Sys=0.00s Real=0.00s
[841.669s][info][gc,start       ] GC(2282) Pause Young (Allocation Failure)
[841.671s][info][gc,heap        ] GC(2282) PSYoungGen: 295488K(312832K)->64K(315392K) Eden: 295424K(295424K)->0K(299520K) From: 64K(17408K)->64K(15872K)
[841.671s][info][gc,heap        ] GC(2282) ParOldGen: 629397K(629760K)->629397K(629760K)
[841.671s][info][gc,metaspace   ] GC(2282) Metaspace: 35645K(36352K)->35645K(36352K) NonClass: 29372K(29888K)->29372K(29888K) Class: 6273K(6464K)->6273K(6464K)
[841.671s][info][gc             ] GC(2282) Pause Young (Allocation Failure) 903M->614M(923M) 1.971ms
[841.671s][info][gc,cpu         ] GC(2282) User=0.01s Sys=0.00s Real=0.00s
[841.753s][info][gc,start       ] GC(2283) Pause Young (Allocation Failure)
[841.755s][info][gc,heap        ] GC(2283) PSYoungGen: 299584K(315392K)->64K(314880K) Eden: 299520K(299520K)->0K(299520K) From: 64K(15872K)->64K(15360K)
[841.755s][info][gc,heap        ] GC(2283) ParOldGen: 629397K(629760K)->629413K(629760K)
[841.755s][info][gc,metaspace   ] GC(2283) Metaspace: 35645K(36352K)->35645K(36352K) NonClass: 29372K(29888K)->29372K(29888K) Class: 6273K(6464K)->6273K(6464K)
[841.755s][info][gc             ] GC(2283) Pause Young (Allocation Failure) 907M->614M(922M) 1.947ms
[841.755s][info][gc,cpu         ] GC(2283) User=0.00s Sys=0.00s Real=0.00s
[841.885s][info][gc,start       ] GC(2284) Pause Young (Allocation Failure)
[841.886s][info][gc,heap        ] GC(2284) PSYoungGen: 299584K(314880K)->64K(317440K) Eden: 299520K(299520K)->0K(303616K) From: 64K(15360K)->64K(13824K)
[841.886s][info][gc,heap        ] GC(2284) ParOldGen: 629413K(629760K)->629413K(629760K)
[841.886s][info][gc,metaspace   ] GC(2284) Metaspace: 35645K(36352K)->35645K(36352K) NonClass: 29372K(29888K)->29372K(29888K) Class: 6273K(6464K)->6273K(6464K)
[841.886s][info][gc             ] GC(2284) Pause Young (Allocation Failure) 907M->614M(925M) 1.951ms
[841.886s][info][gc,cpu         ] GC(2284) User=0.00s Sys=0.00s Real=0.00s
[842.287s][info][gc,start       ] GC(2285) Pause Young (Allocation Failure)
[842.289s][info][gc,heap        ] GC(2285) PSYoungGen: 303680K(317440K)->64K(316928K) Eden: 303616K(303616K)->0K(303616K) From: 64K(13824K)->64K(13312K)
[842.289s][info][gc,heap        ] GC(2285) ParOldGen: 629413K(629760K)->629421K(629760K)
[842.289s][info][gc,metaspace   ] GC(2285) Metaspace: 35645K(36352K)->35645K(36352K) NonClass: 29372K(29888K)->29372K(29888K) Class: 6273K(6464K)->6273K(6464K)
[842.289s][info][gc             ] GC(2285) Pause Young (Allocation Failure) 911M->614M(924M) 2.235ms
[842.289s][info][gc,cpu         ] GC(2285) User=0.00s Sys=0.00s Real=0.00s
[843.018s][info][gc,start       ] GC(2286) Pause Young (Allocation Failure)
[843.020s][info][gc,heap        ] GC(2286) PSYoungGen: 303680K(316928K)->64K(319488K) Eden: 303616K(303616K)->0K(307712K) From: 64K(13312K)->64K(11776K)
[843.020s][info][gc,heap        ] GC(2286) ParOldGen: 629421K(629760K)->629429K(629760K)
[843.020s][info][gc,metaspace   ] GC(2286) Metaspace: 35645K(36352K)->35645K(36352K) NonClass: 29372K(29888K)->29372K(29888K) Class: 6273K(6464K)->6273K(6464K)
[843.020s][info][gc             ] GC(2286) Pause Young (Allocation Failure) 911M->614M(927M) 2.087ms
[843.020s][info][gc,cpu         ] GC(2286) User=0.00s Sys=0.00s Real=0.00s
[844.030s][info][gc,start       ] GC(2287) Pause Young (Allocation Failure)
[844.032s][info][gc,heap        ] GC(2287) PSYoungGen: 307776K(319488K)->64K(295936K) Eden: 307712K(307712K)->0K(295424K) From: 64K(11776K)->64K(512K)
[844.032s][info][gc,heap        ] GC(2287) ParOldGen: 629429K(629760K)->629437K(629760K)
[844.032s][info][gc,metaspace   ] GC(2287) Metaspace: 35645K(36352K)->35645K(36352K) NonClass: 29372K(29888K)->29372K(29888K) Class: 6273K(6464K)->6273K(6464K)
[844.032s][info][gc             ] GC(2287) Pause Young (Allocation Failure) 915M->614M(904M) 2.801ms
[844.032s][info][gc,cpu         ] GC(2287) User=0.00s Sys=0.00s Real=0.00s
[844.508s][info][gc,start       ] GC(2288) Pause Young (Allocation Failure)
[844.510s][info][gc,heap        ] GC(2288) PSYoungGen: 295488K(295936K)->64K(284160K) Eden: 295424K(295424K)->0K(283648K) From: 64K(512K)->64K(512K)
[844.511s][info][gc,heap        ] GC(2288) ParOldGen: 629437K(629760K)->629445K(629760K)
[844.511s][info][gc,metaspace   ] GC(2288) Metaspace: 35645K(36352K)->35645K(36352K) NonClass: 29372K(29888K)->29372K(29888K) Class: 6273K(6464K)->6273K(6464K)
[844.511s][info][gc             ] GC(2288) Pause Young (Allocation Failure) 903M->614M(892M) 2.085ms
[844.511s][info][gc,cpu         ] GC(2288) User=0.01s Sys=0.00s Real=0.00s
[845.535s][info][gc,start       ] GC(2289) Pause Young (Allocation Failure)
[845.537s][info][gc,heap        ] GC(2289) PSYoungGen: 283712K(284160K)->64K(282624K) Eden: 283648K(283648K)->0K(272384K) From: 64K(512K)->64K(10240K)
[845.538s][info][gc,heap        ] GC(2289) ParOldGen: 629445K(629760K)->629461K(629760K)
[845.538s][info][gc,metaspace   ] GC(2289) Metaspace: 35645K(36352K)->35645K(36352K) NonClass: 29372K(29888K)->29372K(29888K) Class: 6273K(6464K)->6273K(6464K)
[845.538s][info][gc             ] GC(2289) Pause Young (Allocation Failure) 891M->614M(891M) 2.908ms
[845.538s][info][gc,cpu         ] GC(2289) User=0.01s Sys=0.00s Real=0.01s
[845.953s][info][gc,start       ] GC(2290) Pause Young (Allocation Failure)
[845.956s][info][gc,heap        ] GC(2290) PSYoungGen: 272448K(282624K)->64K(262144K) Eden: 272384K(272384K)->0K(261632K) From: 64K(10240K)->64K(512K)
[845.956s][info][gc,heap        ] GC(2290) ParOldGen: 629461K(629760K)->629469K(629760K)
[845.956s][info][gc,metaspace   ] GC(2290) Metaspace: 35645K(36352K)->35645K(36352K) NonClass: 29372K(29888K)->29372K(29888K) Class: 6273K(6464K)->6273K(6464K)
[845.956s][info][gc             ] GC(2290) Pause Young (Allocation Failure) 880M->614M(871M) 2.664ms
[845.956s][info][gc,cpu         ] GC(2290) User=0.00s Sys=0.00s Real=0.00s
[846.143s][info][gc,start       ] GC(2291) Pause Young (Allocation Failure)
[846.145s][info][gc,heap        ] GC(2291) PSYoungGen: 261696K(262144K)->64K(260096K) Eden: 261632K(261632K)->0K(251392K) From: 64K(512K)->64K(8704K)
[846.145s][info][gc,heap        ] GC(2291) ParOldGen: 629469K(629760K)->629477K(629760K)
[846.145s][info][gc,metaspace   ] GC(2291) Metaspace: 35645K(36352K)->35645K(36352K) NonClass: 29372K(29888K)->29372K(29888K) Class: 6273K(6464K)->6273K(6464K)
[846.146s][info][gc             ] GC(2291) Pause Young (Allocation Failure) 870M->614M(869M) 2.638ms
[846.146s][info][gc,cpu         ] GC(2291) User=0.00s Sys=0.00s Real=0.00s
[846.262s][info][gc,start       ] GC(2292) Pause Young (Allocation Failure)
[846.265s][info][gc,heap        ] GC(2292) PSYoungGen: 251456K(260096K)->64K(292864K) Eden: 251392K(251392K)->0K(284672K) From: 64K(8704K)->64K(8192K)
[846.265s][info][gc,heap        ] GC(2292) ParOldGen: 629477K(629760K)->629493K(629760K)
[846.265s][info][gc,metaspace   ] GC(2292) Metaspace: 35645K(36352K)->35645K(36352K) NonClass: 29372K(29888K)->29372K(29888K) Class: 6273K(6464K)->6273K(6464K)
[846.265s][info][gc             ] GC(2292) Pause Young (Allocation Failure) 860M->614M(901M) 3.596ms
[846.265s][info][gc,cpu         ] GC(2292) User=0.00s Sys=0.00s Real=0.00s
[846.915s][info][gc,start       ] GC(2293) Pause Young (Allocation Failure)
[846.918s][info][gc,heap        ] GC(2293) PSYoungGen: 284736K(292864K)->64K(292352K) Eden: 284672K(284672K)->0K(284672K) From: 64K(8192K)->64K(7680K)
[846.918s][info][gc,heap        ] GC(2293) ParOldGen: 629493K(629760K)->629501K(629760K)
[846.918s][info][gc,metaspace   ] GC(2293) Metaspace: 35645K(36352K)->35645K(36352K) NonClass: 29372K(29888K)->29372K(29888K) Class: 6273K(6464K)->6273K(6464K)
[846.918s][info][gc             ] GC(2293) Pause Young (Allocation Failure) 892M->614M(900M) 2.791ms
[846.918s][info][gc,cpu         ] GC(2293) User=0.00s Sys=0.00s Real=0.01s
[847.328s][info][gc,start       ] GC(2294) Pause Young (Allocation Failure)
[847.340s][info][gc,heap        ] GC(2294) PSYoungGen: 284736K(292352K)->2816K(325120K) Eden: 284672K(284672K)->0K(317952K) From: 64K(7680K)->2816K(7168K)
[847.340s][info][gc,heap        ] GC(2294) ParOldGen: 629501K(629760K)->629509K(629760K)
[847.340s][info][gc,metaspace   ] GC(2294) Metaspace: 35645K(36352K)->35645K(36352K) NonClass: 29372K(29888K)->29372K(29888K) Class: 6273K(6464K)->6273K(6464K)
[847.340s][info][gc             ] GC(2294) Pause Young (Allocation Failure) 892M->617M(932M) 11.752ms
[847.340s][info][gc,cpu         ] GC(2294) User=0.01s Sys=0.00s Real=0.01s
[847.768s][info][gc,start       ] GC(2295) Pause Young (Allocation Failure)
[847.845s][info][gc,heap        ] GC(2295) PSYoungGen: 320768K(325120K)->7168K(325120K) Eden: 317952K(317952K)->0K(317952K) From: 2816K(7168K)->7168K(7168K)
[847.845s][info][gc,heap        ] GC(2295) ParOldGen: 629509K(629760K)->655901K(656384K)
[847.845s][info][gc,metaspace   ] GC(2295) Metaspace: 35645K(36352K)->35645K(36352K) NonClass: 29372K(29888K)->29372K(29888K) Class: 6273K(6464K)->6273K(6464K)
[847.845s][info][gc             ] GC(2295) Pause Young (Allocation Failure) 928M->647M(958M) 76.312ms
[847.845s][info][gc,cpu         ] GC(2295) User=0.12s Sys=0.02s Real=0.07s
[848.244s][info][gc,start       ] GC(2296) Pause Full (Allocation Failure)
[848.244s][info][gc,phases,start] GC(2296) Marking Phase
[848.342s][info][gc,phases      ] GC(2296) Marking Phase 97.857ms
[848.342s][info][gc,phases,start] GC(2296) Summary Phase
[848.342s][info][gc,phases      ] GC(2296) Summary Phase 0.040ms
[848.342s][info][gc,phases,start] GC(2296) Forward
[848.374s][info][gc,phases      ] GC(2296) Forward 32.592ms
[848.374s][info][gc,phases,start] GC(2296) Adjust Pointers
[848.428s][info][gc,phases      ] GC(2296) Adjust Pointers 54.225ms
[848.429s][info][gc,phases,start] GC(2296) Compaction Phase
[848.461s][info][gc,phases      ] GC(2296) Compaction Phase 32.812ms
[848.461s][info][gc,phases,start] GC(2296) Post Compact
[848.464s][info][metaspace      ] ChkMgr @0x00007f4b9003aa80 (non-class-space): : reclaiming memory...
[848.464s][info][metaspace      ] ChkMgr @0x00007f4b9003aa80 (non-class-space): nothing reclaimed.
[848.464s][info][metaspace      ] ChkMgr @0x00007f4b9003a890 (class-space): : reclaiming memory...
[848.464s][info][metaspace      ] ChkMgr @0x00007f4b9003a890 (class-space): nothing reclaimed.
[848.464s][info][gc,phases      ] GC(2296) Post Compact 2.788ms
[848.504s][info][gc,heap        ] GC(2296) PSYoungGen: 325120K(325120K)->0K(304640K) Eden: 317952K(317952K)->0K(295936K) From: 7168K(7168K)->0K(8704K)
[848.504s][info][gc,heap        ] GC(2296) ParOldGen: 655901K(656384K)->90220K(175104K)
[848.504s][info][gc,metaspace   ] GC(2296) Metaspace: 35645K(36352K)->35604K(36352K) NonClass: 29372K(29888K)->29331K(29888K) Class: 6273K(6464K)->6272K(6464K)
[848.504s][info][gc             ] GC(2296) Pause Full (Allocation Failure) 958M->88M(468M) 260.319ms
[848.504s][info][gc,cpu         ] GC(2296) User=0.39s Sys=0.04s Real=0.26s
[848.605s][info][gc,start       ] GC(2297) Pause Young (Allocation Failure)
[848.614s][info][gc,heap        ] GC(2297) PSYoungGen: 295936K(304640K)->64K(314880K) Eden: 295936K(295936K)->0K(295936K) From: 0K(8704K)->64K(18944K)
[848.614s][info][gc,heap        ] GC(2297) ParOldGen: 90220K(175104K)->90220K(175104K)
[848.614s][info][gc,metaspace   ] GC(2297) Metaspace: 35604K(36352K)->35604K(36352K) NonClass: 29331K(29888K)->29331K(29888K) Class: 6272K(6464K)->6272K(6464K)
[848.614s][info][gc             ] GC(2297) Pause Young (Allocation Failure) 377M->88M(478M) 9.140ms
[848.614s][info][gc,cpu         ] GC(2297) User=0.02s Sys=0.00s Real=0.01s
[849.344s][info][gc,start       ] GC(2298) Pause Young (Allocation Failure)
[849.344s][info][gc,heap        ] GC(2298) PSYoungGen: 296000K(314880K)->64K(312832K) Eden: 295936K(295936K)->0K(296960K) From: 64K(18944K)->64K(15872K)
[849.344s][info][gc,heap        ] GC(2298) ParOldGen: 90220K(175104K)->90228K(175104K)
[849.344s][info][gc,metaspace   ] GC(2298) Metaspace: 35604K(36352K)->35604K(36352K) NonClass: 29331K(29888K)->29331K(29888K) Class: 6272K(6464K)->6272K(6464K)
[849.345s][info][gc             ] GC(2298) Pause Young (Allocation Failure) 377M->88M(476M) 0.785ms
[849.345s][info][gc,cpu         ] GC(2298) User=0.00s Sys=0.00s Real=0.00s
[849.745s][info][gc,start       ] GC(2299) Pause Young (Allocation Failure)
[849.746s][info][gc,heap        ] GC(2299) PSYoungGen: 297024K(312832K)->64K(314368K) Eden: 296960K(296960K)->0K(296960K) From: 64K(15872K)->64K(17408K)
[849.746s][info][gc,heap        ] GC(2299) ParOldGen: 90228K(175104K)->90236K(175104K)
[849.746s][info][gc,metaspace   ] GC(2299) Metaspace: 35604K(36352K)->35604K(36352K) NonClass: 29331K(29888K)->29331K(29888K) Class: 6272K(6464K)->6272K(6464K)
[849.746s][info][gc             ] GC(2299) Pause Young (Allocation Failure) 378M->88M(478M) 0.770ms
[849.746s][info][gc,cpu         ] GC(2299) User=0.00s Sys=0.00s Real=0.00s
[850.212s][info][gc,start       ] GC(2300) Pause Young (Allocation Failure)
[850.213s][info][gc,heap        ] GC(2300) PSYoungGen: 297024K(314368K)->64K(314880K) Eden: 296960K(296960K)->0K(300032K) From: 64K(17408K)->64K(14848K)
[850.213s][info][gc,heap        ] GC(2300) ParOldGen: 90236K(175104K)->90252K(175104K)
[850.213s][info][gc,metaspace   ] GC(2300) Metaspace: 35604K(36352K)->35604K(36352K) NonClass: 29331K(29888K)->29331K(29888K) Class: 6272K(6464K)->6272K(6464K)
[850.213s][info][gc             ] GC(2300) Pause Young (Allocation Failure) 378M->88M(478M) 0.828ms
[850.213s][info][gc,cpu         ] GC(2300) User=0.00s Sys=0.00s Real=0.00s
[850.426s][info][gc,start       ] GC(2301) Pause Young (Allocation Failure)
[850.426s][info][gc,heap        ] GC(2301) PSYoungGen: 300096K(314880K)->64K(315904K) Eden: 300032K(300032K)->0K(300032K) From: 64K(14848K)->64K(15872K)
[850.426s][info][gc,heap        ] GC(2301) ParOldGen: 90252K(175104K)->90268K(175104K)
[850.426s][info][gc,metaspace   ] GC(2301) Metaspace: 35604K(36352K)->35604K(36352K) NonClass: 29331K(29888K)->29331K(29888K) Class: 6272K(6464K)->6272K(6464K)
[850.426s][info][gc             ] GC(2301) Pause Young (Allocation Failure) 381M->88M(479M) 0.757ms
[850.426s][info][gc,cpu         ] GC(2301) User=0.00s Sys=0.00s Real=0.00s
[850.637s][info][gc,start       ] GC(2302) Pause Young (Allocation Failure)
[850.637s][info][gc,heap        ] GC(2302) PSYoungGen: 300096K(315904K)->64K(316928K) Eden: 300032K(300032K)->0K(303104K) From: 64K(15872K)->64K(13824K)
[850.637s][info][gc,heap        ] GC(2302) ParOldGen: 90268K(175104K)->90268K(175104K)
[850.637s][info][gc,metaspace   ] GC(2302) Metaspace: 35604K(36352K)->35604K(36352K) NonClass: 29331K(29888K)->29331K(29888K) Class: 6272K(6464K)->6272K(6464K)
[850.638s][info][gc             ] GC(2302) Pause Young (Allocation Failure) 381M->88M(480M) 0.790ms
[850.638s][info][gc,cpu         ] GC(2302) User=0.00s Sys=0.00s Real=0.00s
[850.952s][info][gc,start       ] GC(2303) Pause Young (Allocation Failure)
[850.953s][info][gc,heap        ] GC(2303) PSYoungGen: 303168K(316928K)->64K(291328K) Eden: 303104K(303104K)->0K(290816K) From: 64K(13824K)->64K(512K)
[850.953s][info][gc,heap        ] GC(2303) ParOldGen: 90268K(175104K)->90268K(175104K)
[850.953s][info][gc,metaspace   ] GC(2303) Metaspace: 35604K(36352K)->35604K(36352K) NonClass: 29331K(29888K)->29331K(29888K) Class: 6272K(6464K)->6272K(6464K)
[850.953s][info][gc             ] GC(2303) Pause Young (Allocation Failure) 384M->88M(455M) 1.442ms
[850.953s][info][gc,cpu         ] GC(2303) User=0.00s Sys=0.01s Real=0.00s
[851.007s][info][gc,start       ] GC(2304) Pause Young (Allocation Failure)
[851.009s][info][gc,heap        ] GC(2304) PSYoungGen: 290879K(291328K)->64K(280064K) Eden: 290815K(290816K)->0K(279552K) From: 64K(512K)->64K(512K)
[851.009s][info][gc,heap        ] GC(2304) ParOldGen: 90268K(175104K)->90284K(175104K)
[851.009s][info][gc,metaspace   ] GC(2304) Metaspace: 35604K(36352K)->35604K(36352K) NonClass: 29331K(29888K)->29331K(29888K) Class: 6272K(6464K)->6272K(6464K)
[851.009s][info][gc             ] GC(2304) Pause Young (Allocation Failure) 372M->88M(444M) 1.884ms
[851.009s][info][gc,cpu         ] GC(2304) User=0.01s Sys=0.00s Real=0.00s
[851.073s][info][gc,start       ] GC(2305) Pause Young (Allocation Failure)
[851.074s][info][gc,heap        ] GC(2305) PSYoungGen: 279616K(280064K)->64K(281088K) Eden: 279552K(279552K)->0K(268800K) From: 64K(512K)->64K(12288K)
[851.074s][info][gc,heap        ] GC(2305) ParOldGen: 90284K(175104K)->90284K(175104K)
[851.074s][info][gc,metaspace   ] GC(2305) Metaspace: 35604K(36352K)->35604K(36352K) NonClass: 29331K(29888K)->29331K(29888K) Class: 6272K(6464K)->6272K(6464K)
[851.074s][info][gc             ] GC(2305) Pause Young (Allocation Failure) 361M->88M(445M) 0.623ms
[851.074s][info][gc,cpu         ] GC(2305) User=0.00s Sys=0.00s Real=0.00s
[851.269s][info][gc,start       ] GC(2306) Pause Young (Allocation Failure)
[851.271s][info][gc,heap        ] GC(2306) PSYoungGen: 268864K(281088K)->64K(259072K) Eden: 268800K(268800K)->0K(258560K) From: 64K(12288K)->64K(512K)
[851.271s][info][gc,heap        ] GC(2306) ParOldGen: 90284K(175104K)->90300K(175104K)
[851.271s][info][gc,metaspace   ] GC(2306) Metaspace: 35604K(36352K)->35604K(36352K) NonClass: 29331K(29888K)->29331K(29888K) Class: 6272K(6464K)->6272K(6464K)
[851.271s][info][gc             ] GC(2306) Pause Young (Allocation Failure) 350M->88M(424M) 1.835ms
[851.271s][info][gc,cpu         ] GC(2306) User=0.00s Sys=0.00s Real=0.00s
[851.450s][info][gc,start       ] GC(2307) Pause Young (Allocation Failure)
[851.451s][info][gc,heap        ] GC(2307) PSYoungGen: 258624K(259072K)->64K(260096K) Eden: 258560K(258560K)->0K(248832K) From: 64K(512K)->64K(11264K)
[851.451s][info][gc,heap        ] GC(2307) ParOldGen: 90300K(175104K)->90300K(175104K)
[851.451s][info][gc,metaspace   ] GC(2307) Metaspace: 35604K(36352K)->35604K(36352K) NonClass: 29331K(29888K)->29331K(29888K) Class: 6272K(6464K)->6272K(6464K)
[851.451s][info][gc             ] GC(2307) Pause Young (Allocation Failure) 340M->88M(425M) 0.687ms
[851.451s][info][gc,cpu         ] GC(2307) User=0.00s Sys=0.00s Real=0.00s
[851.548s][info][gc,start       ] GC(2308) Pause Young (Allocation Failure)
[851.550s][info][gc,heap        ] GC(2308) PSYoungGen: 248896K(260096K)->64K(240128K) Eden: 248832K(248832K)->0K(239616K) From: 64K(11264K)->64K(512K)
[851.550s][info][gc,heap        ] GC(2308) ParOldGen: 90300K(175104K)->90308K(175104K)
[851.550s][info][gc,metaspace   ] GC(2308) Metaspace: 35604K(36352K)->35604K(36352K) NonClass: 29331K(29888K)->29331K(29888K) Class: 6272K(6464K)->6272K(6464K)
[851.550s][info][gc             ] GC(2308) Pause Young (Allocation Failure) 331M->88M(405M) 1.441ms
[851.550s][info][gc,cpu         ] GC(2308) User=0.00s Sys=0.00s Real=0.00s
[851.614s][info][gc,start       ] GC(2309) Pause Young (Allocation Failure)
[851.614s][info][gc,heap        ] GC(2309) PSYoungGen: 239680K(240128K)->64K(240128K) Eden: 239616K(239616K)->0K(230400K) From: 64K(512K)->64K(9728K)
[851.614s][info][gc,heap        ] GC(2309) ParOldGen: 90308K(175104K)->90324K(175104K)
[851.614s][info][gc,metaspace   ] GC(2309) Metaspace: 35604K(36352K)->35604K(36352K) NonClass: 29331K(29888K)->29331K(29888K) Class: 6272K(6464K)->6272K(6464K)
[851.614s][info][gc             ] GC(2309) Pause Young (Allocation Failure) 322M->88M(405M) 0.632ms
[851.614s][info][gc,cpu         ] GC(2309) User=0.01s Sys=0.00s Real=0.00s
[851.731s][info][gc,start       ] GC(2310) Pause Young (Allocation Failure)
[851.732s][info][gc,heap        ] GC(2310) PSYoungGen: 230464K(240128K)->64K(222208K) Eden: 230400K(230400K)->0K(221696K) From: 64K(9728K)->64K(512K)
[851.732s][info][gc,heap        ] GC(2310) ParOldGen: 90324K(175104K)->90324K(175104K)
[851.732s][info][gc,metaspace   ] GC(2310) Metaspace: 35604K(36352K)->35604K(36352K) NonClass: 29331K(29888K)->29331K(29888K) Class: 6272K(6464K)->6272K(6464K)
[851.732s][info][gc             ] GC(2310) Pause Young (Allocation Failure) 313M->88M(388M) 1.544ms
[851.732s][info][gc,cpu         ] GC(2310) User=0.00s Sys=0.00s Real=0.00s
[852.033s][info][gc,start       ] GC(2311) Pause Young (Allocation Failure)
[852.034s][info][gc,heap        ] GC(2311) PSYoungGen: 221760K(222208K)->64K(222208K) Eden: 221696K(221696K)->0K(213504K) From: 64K(512K)->64K(8704K)
[852.034s][info][gc,heap        ] GC(2311) ParOldGen: 90324K(175104K)->90332K(175104K)
[852.034s][info][gc,metaspace   ] GC(2311) Metaspace: 35604K(36352K)->35604K(36352K) NonClass: 29331K(29888K)->29331K(29888K) Class: 6272K(6464K)->6272K(6464K)
[852.034s][info][gc             ] GC(2311) Pause Young (Allocation Failure) 304M->88M(388M) 0.667ms
[852.034s][info][gc,cpu         ] GC(2311) User=0.00s Sys=0.00s Real=0.00s
[852.750s][info][gc,start       ] GC(2312) Pause Young (Allocation Failure)
[852.751s][info][gc,heap        ] GC(2312) PSYoungGen: 213568K(222208K)->83K(206336K) Eden: 213504K(213504K)->0K(205824K) From: 64K(8704K)->83K(512K)
[852.751s][info][gc,heap        ] GC(2312) ParOldGen: 90332K(175104K)->90340K(175104K)
[852.751s][info][gc,metaspace   ] GC(2312) Metaspace: 35604K(36352K)->35604K(36352K) NonClass: 29331K(29888K)->29331K(29888K) Class: 6272K(6464K)->6272K(6464K)
[852.751s][info][gc             ] GC(2312) Pause Young (Allocation Failure) 296M->88M(372M) 1.373ms
[852.751s][info][gc,cpu         ] GC(2312) User=0.01s Sys=0.00s Real=0.00s
[853.595s][info][gc,start       ] GC(2313) Pause Young (Allocation Failure)
[853.596s][info][gc,heap        ] GC(2313) PSYoungGen: 205907K(206336K)->64K(205312K) Eden: 205824K(205824K)->0K(198144K) From: 83K(512K)->64K(7168K)
[853.596s][info][gc,heap        ] GC(2313) ParOldGen: 90340K(175104K)->90348K(175104K)
[853.596s][info][gc,metaspace   ] GC(2313) Metaspace: 35604K(36352K)->35604K(36352K) NonClass: 29331K(29888K)->29331K(29888K) Class: 6272K(6464K)->6272K(6464K)
[853.596s][info][gc             ] GC(2313) Pause Young (Allocation Failure) 289M->88M(371M) 0.738ms
[853.596s][info][gc,cpu         ] GC(2313) User=0.00s Sys=0.00s Real=0.00s
[853.722s][info][gc,start       ] GC(2314) Pause Young (Allocation Failure)
[853.724s][info][gc,heap        ] GC(2314) PSYoungGen: 198208K(205312K)->64K(191488K) Eden: 198144K(198144K)->0K(190976K) From: 64K(7168K)->64K(512K)
[853.724s][info][gc,heap        ] GC(2314) ParOldGen: 90348K(175104K)->90356K(175104K)
[853.724s][info][gc,metaspace   ] GC(2314) Metaspace: 35604K(36352K)->35604K(36352K) NonClass: 29331K(29888K)->29331K(29888K) Class: 6272K(6464K)->6272K(6464K)
[853.724s][info][gc             ] GC(2314) Pause Young (Allocation Failure) 281M->88M(358M) 1.383ms
[853.724s][info][gc,cpu         ] GC(2314) User=0.00s Sys=0.00s Real=0.00s
[853.965s][info][gc,start       ] GC(2315) Pause Young (Allocation Failure)
[853.965s][info][gc,heap        ] GC(2315) PSYoungGen: 191040K(191488K)->64K(190976K) Eden: 190976K(190976K)->0K(184320K) From: 64K(512K)->64K(6656K)
[853.965s][info][gc,heap        ] GC(2315) ParOldGen: 90356K(175104K)->90364K(175104K)
[853.965s][info][gc,metaspace   ] GC(2315) Metaspace: 35604K(36352K)->35604K(36352K) NonClass: 29331K(29888K)->29331K(29888K) Class: 6272K(6464K)->6272K(6464K)
[853.965s][info][gc             ] GC(2315) Pause Young (Allocation Failure) 274M->88M(357M) 0.654ms
[853.965s][info][gc,cpu         ] GC(2315) User=0.00s Sys=0.00s Real=0.00s
[854.237s][info][gc,start       ] GC(2316) Pause Young (Allocation Failure)
[854.238s][info][gc,heap        ] GC(2316) PSYoungGen: 184384K(190976K)->64K(178176K) Eden: 184320K(184320K)->0K(177664K) From: 64K(6656K)->64K(512K)
[854.238s][info][gc,heap        ] GC(2316) ParOldGen: 90364K(175104K)->90372K(175104K)
[854.238s][info][gc,metaspace   ] GC(2316) Metaspace: 35604K(36352K)->35604K(36352K) NonClass: 29331K(29888K)->29331K(29888K) Class: 6272K(6464K)->6272K(6464K)
[854.238s][info][gc             ] GC(2316) Pause Young (Allocation Failure) 268M->88M(345M) 1.250ms
[854.238s][info][gc,cpu         ] GC(2316) User=0.00s Sys=0.00s Real=0.00s
[855.155s][info][gc,start       ] GC(2317) Pause Young (Allocation Failure)
[855.155s][info][gc,heap        ] GC(2317) PSYoungGen: 177728K(178176K)->64K(177152K) Eden: 177664K(177664K)->0K(171520K) From: 64K(512K)->64K(5632K)
[855.155s][info][gc,heap        ] GC(2317) ParOldGen: 90372K(175104K)->90380K(175104K)
[855.155s][info][gc,metaspace   ] GC(2317) Metaspace: 35604K(36352K)->35604K(36352K) NonClass: 29331K(29888K)->29331K(29888K) Class: 6272K(6464K)->6272K(6464K)
[855.155s][info][gc             ] GC(2317) Pause Young (Allocation Failure) 261M->88M(344M) 0.683ms
[855.155s][info][gc,cpu         ] GC(2317) User=0.00s Sys=0.00s Real=0.00s
[855.314s][info][gc,start       ] GC(2318) Pause Young (Allocation Failure)
[855.316s][info][gc,heap        ] GC(2318) PSYoungGen: 171584K(177152K)->64K(166400K) Eden: 171520K(171520K)->0K(165888K) From: 64K(5632K)->64K(512K)
[855.316s][info][gc,heap        ] GC(2318) ParOldGen: 90380K(175104K)->90396K(175104K)
[855.316s][info][gc,metaspace   ] GC(2318) Metaspace: 35604K(36352K)->35604K(36352K) NonClass: 29331K(29888K)->29331K(29888K) Class: 6272K(6464K)->6272K(6464K)
[855.316s][info][gc             ] GC(2318) Pause Young (Allocation Failure) 255M->88M(333M) 1.509ms
[855.316s][info][gc,cpu         ] GC(2318) User=0.00s Sys=0.01s Real=0.00s
[855.596s][info][gc,start       ] GC(2319) Pause Young (Allocation Failure)
[855.597s][info][gc,heap        ] GC(2319) PSYoungGen: 165952K(166400K)->64K(164864K) Eden: 165888K(165888K)->0K(160256K) From: 64K(512K)->64K(4608K)
[855.597s][info][gc,heap        ] GC(2319) ParOldGen: 90396K(175104K)->90412K(175104K)
[855.597s][info][gc,metaspace   ] GC(2319) Metaspace: 35604K(36352K)->35604K(36352K) NonClass: 29331K(29888K)->29331K(29888K) Class: 6272K(6464K)->6272K(6464K)
[855.597s][info][gc             ] GC(2319) Pause Young (Allocation Failure) 250M->88M(332M) 1.086ms
[855.597s][info][gc,cpu         ] GC(2319) User=0.00s Sys=0.00s Real=0.01s
[855.753s][info][gc,start       ] GC(2320) Pause Young (Allocation Failure)
[855.755s][info][gc,heap        ] GC(2320) PSYoungGen: 160320K(164864K)->64K(155648K) Eden: 160256K(160256K)->0K(155136K) From: 64K(4608K)->64K(512K)
[855.755s][info][gc,heap        ] GC(2320) ParOldGen: 90412K(175104K)->90428K(175104K)
[855.755s][info][gc,metaspace   ] GC(2320) Metaspace: 35604K(36352K)->35604K(36352K) NonClass: 29331K(29888K)->29331K(29888K) Class: 6272K(6464K)->6272K(6464K)
[855.755s][info][gc             ] GC(2320) Pause Young (Allocation Failure) 244M->88M(323M) 1.552ms
[855.755s][info][gc,cpu         ] GC(2320) User=0.00s Sys=0.00s Real=0.00s
[855.795s][info][gc,start       ] GC(2321) Pause Young (Allocation Failure)
[855.796s][info][gc,heap        ] GC(2321) PSYoungGen: 155200K(155648K)->64K(154112K) Eden: 155136K(155136K)->0K(150016K) From: 64K(512K)->64K(4096K)
[855.796s][info][gc,heap        ] GC(2321) ParOldGen: 90428K(175104K)->90444K(175104K)
[855.796s][info][gc,metaspace   ] GC(2321) Metaspace: 35604K(36352K)->35604K(36352K) NonClass: 29331K(29888K)->29331K(29888K) Class: 6272K(6464K)->6272K(6464K)
[855.796s][info][gc             ] GC(2321) Pause Young (Allocation Failure) 239M->88M(321M) 1.003ms
[855.796s][info][gc,cpu         ] GC(2321) User=0.00s Sys=0.00s Real=0.00s
[855.850s][info][gc,start       ] GC(2322) Pause Young (Allocation Failure)
[855.852s][info][gc,heap        ] GC(2322) PSYoungGen: 150080K(154112K)->64K(178176K) Eden: 150016K(150016K)->0K(177664K) From: 64K(4096K)->64K(512K)
[855.852s][info][gc,heap        ] GC(2322) ParOldGen: 90444K(175104K)->90460K(175104K)
[855.852s][info][gc,metaspace   ] GC(2322) Metaspace: 35604K(36352K)->35604K(36352K) NonClass: 29331K(29888K)->29331K(29888K) Class: 6272K(6464K)->6272K(6464K)
[855.852s][info][gc             ] GC(2322) Pause Young (Allocation Failure) 234M->88M(345M) 1.516ms
[855.852s][info][gc,cpu         ] GC(2322) User=0.00s Sys=0.00s Real=0.00s
[856.225s][info][gc,start       ] GC(2323) Pause Young (Allocation Failure)
[856.226s][info][gc,heap        ] GC(2323) PSYoungGen: 177728K(178176K)->64K(175104K) Eden: 177664K(177664K)->0K(171520K) From: 64K(512K)->64K(3584K)
[856.226s][info][gc,heap        ] GC(2323) ParOldGen: 90460K(175104K)->90476K(175104K)
[856.226s][info][gc,metaspace   ] GC(2323) Metaspace: 35604K(36352K)->35604K(36352K) NonClass: 29331K(29888K)->29331K(29888K) Class: 6272K(6464K)->6272K(6464K)
[856.226s][info][gc             ] GC(2323) Pause Young (Allocation Failure) 261M->88M(342M) 1.181ms
[856.226s][info][gc,cpu         ] GC(2323) User=0.01s Sys=0.00s Real=0.00s
[856.527s][info][gc,start       ] GC(2324) Pause Young (Allocation Failure)
[856.528s][info][gc,heap        ] GC(2324) PSYoungGen: 171584K(175104K)->64K(166400K) Eden: 171520K(171520K)->0K(165888K) From: 64K(3584K)->64K(512K)
[856.528s][info][gc,heap        ] GC(2324) ParOldGen: 90476K(175104K)->90492K(175104K)
[856.528s][info][gc,metaspace   ] GC(2324) Metaspace: 35604K(36352K)->35604K(36352K) NonClass: 29331K(29888K)->29331K(29888K) Class: 6272K(6464K)->6272K(6464K)
[856.528s][info][gc             ] GC(2324) Pause Young (Allocation Failure) 255M->88M(333M) 1.472ms
[856.528s][info][gc,cpu         ] GC(2324) User=0.01s Sys=0.00s Real=0.00s
[856.715s][info][gc,start       ] GC(2325) Pause Young (Allocation Failure)
[856.716s][info][gc,heap        ] GC(2325) PSYoungGen: 165952K(166400K)->64K(163328K) Eden: 165888K(165888K)->0K(160256K) From: 64K(512K)->64K(3072K)
[856.716s][info][gc,heap        ] GC(2325) ParOldGen: 90492K(175104K)->90508K(175104K)
[856.716s][info][gc,metaspace   ] GC(2325) Metaspace: 35604K(36352K)->35604K(36352K) NonClass: 29331K(29888K)->29331K(29888K) Class: 6272K(6464K)->6272K(6464K)
[856.716s][info][gc             ] GC(2325) Pause Young (Allocation Failure) 250M->88M(330M) 1.105ms
[856.716s][info][gc,cpu         ] GC(2325) User=0.00s Sys=0.00s Real=0.00s
[856.980s][info][gc,start       ] GC(2326) Pause Young (Allocation Failure)
[857.003s][info][gc,heap        ] GC(2326) PSYoungGen: 160320K(163328K)->3072K(194560K) Eden: 160256K(160256K)->0K(191488K) From: 64K(3072K)->3072K(3072K)
[857.003s][info][gc,heap        ] GC(2326) ParOldGen: 90508K(175104K)->95316K(175104K)
[857.004s][info][gc,metaspace   ] GC(2326) Metaspace: 35604K(36352K)->35604K(36352K) NonClass: 29331K(29888K)->29331K(29888K) Class: 6272K(6464K)->6272K(6464K)
[857.004s][info][gc             ] GC(2326) Pause Young (Allocation Failure) 244M->96M(361M) 23.051ms
[857.004s][info][gc,cpu         ] GC(2326) User=0.02s Sys=0.00s Real=0.02s
[857.236s][info][gc,start       ] GC(2327) Pause Young (Allocation Failure)
[857.272s][info][gc,heap        ] GC(2327) PSYoungGen: 194560K(194560K)->5632K(235008K) Eden: 191488K(191488K)->0K(229376K) From: 3072K(3072K)->5632K(5632K)
[857.272s][info][gc,heap        ] GC(2327) ParOldGen: 95316K(175104K)->110068K(175104K)
[857.272s][info][gc,metaspace   ] GC(2327) Metaspace: 35604K(36352K)->35604K(36352K) NonClass: 29331K(29888K)->29331K(29888K) Class: 6272K(6464K)->6272K(6464K)
[857.272s][info][gc             ] GC(2327) Pause Young (Allocation Failure) 283M->112M(400M) 35.431ms
[857.272s][info][gc,cpu         ] GC(2327) User=0.07s Sys=0.00s Real=0.04s
[857.558s][info][gc,start       ] GC(2328) Pause Young (Allocation Failure)
[857.605s][info][gc,heap        ] GC(2328) PSYoungGen: 235008K(235008K)->12288K(234496K) Eden: 229376K(229376K)->0K(222208K) From: 5632K(5632K)->12288K(12288K)
[857.605s][info][gc,heap        ] GC(2328) ParOldGen: 110068K(175104K)->122516K(175104K)
[857.605s][info][gc,metaspace   ] GC(2328) Metaspace: 35604K(36352K)->35604K(36352K) NonClass: 29331K(29888K)->29331K(29888K) Class: 6272K(6464K)->6272K(6464K)
[857.605s][info][gc             ] GC(2328) Pause Young (Allocation Failure) 336M->131M(400M) 47.466ms
[857.605s][info][gc,cpu         ] GC(2328) User=0.09s Sys=0.00s Real=0.04s
[857.816s][info][gc,start       ] GC(2329) Pause Young (Allocation Failure)
[857.845s][info][gc,heap        ] GC(2329) PSYoungGen: 234496K(234496K)->16704K(241664K) Eden: 222208K(222208K)->0K(222208K) From: 12288K(12288K)->16704K(19456K)
[857.845s][info][gc,heap        ] GC(2329) ParOldGen: 122516K(175104K)->122964K(175104K)
[857.845s][info][gc,metaspace   ] GC(2329) Metaspace: 35604K(36352K)->35604K(36352K) NonClass: 29331K(29888K)->29331K(29888K) Class: 6272K(6464K)->6272K(6464K)
[857.845s][info][gc             ] GC(2329) Pause Young (Allocation Failure) 348M->136M(407M) 28.811ms
[857.845s][info][gc,cpu         ] GC(2329) User=0.05s Sys=0.01s Real=0.03s
[857.918s][info][gc,start       ] GC(2330) Pause Young (Allocation Failure)
[857.918s][info][gc,heap        ] GC(2330) PSYoungGen: 238912K(241664K)->64K(287232K) Eden: 222208K(222208K)->0K(266240K) From: 16704K(19456K)->64K(20992K)
[857.918s][info][gc,heap        ] GC(2330) ParOldGen: 122964K(175104K)->122972K(175104K)
[857.918s][info][gc,metaspace   ] GC(2330) Metaspace: 35604K(36352K)->35604K(36352K) NonClass: 29331K(29888K)->29331K(29888K) Class: 6272K(6464K)->6272K(6464K)
[857.918s][info][gc             ] GC(2330) Pause Young (Allocation Failure) 353M->120M(451M) 0.783ms
[857.918s][info][gc,cpu         ] GC(2330) User=0.00s Sys=0.00s Real=0.00s
[858.506s][info][gc,start       ] GC(2331) Pause Young (Allocation Failure)
[858.507s][info][gc,heap        ] GC(2331) PSYoungGen: 266304K(287232K)->64K(287744K) Eden: 266240K(266240K)->0K(266240K) From: 64K(20992K)->64K(21504K)
[858.507s][info][gc,heap        ] GC(2331) ParOldGen: 122972K(175104K)->122980K(175104K)
[858.507s][info][gc,metaspace   ] GC(2331) Metaspace: 35604K(36352K)->35604K(36352K) NonClass: 29331K(29888K)->29331K(29888K) Class: 6272K(6464K)->6272K(6464K)
[858.507s][info][gc             ] GC(2331) Pause Young (Allocation Failure) 380M->120M(452M) 0.891ms
[858.507s][info][gc,cpu         ] GC(2331) User=0.00s Sys=0.00s Real=0.01s
[858.958s][info][gc,start       ] GC(2332) Pause Young (Allocation Failure)
[858.959s][info][gc,heap        ] GC(2332) PSYoungGen: 266304K(287744K)->64K(311296K) Eden: 266240K(266240K)->0K(291328K) From: 64K(21504K)->64K(19968K)
[858.959s][info][gc,heap        ] GC(2332) ParOldGen: 122980K(175104K)->122988K(175104K)
[858.959s][info][gc,metaspace   ] GC(2332) Metaspace: 35604K(36352K)->35604K(36352K) NonClass: 29331K(29888K)->29331K(29888K) Class: 6272K(6464K)->6272K(6464K)
[858.959s][info][gc             ] GC(2332) Pause Young (Allocation Failure) 380M->120M(475M) 0.866ms
[858.959s][info][gc,cpu         ] GC(2332) User=0.00s Sys=0.00s Real=0.00s
[859.408s][info][gc,start       ] GC(2333) Pause Young (Allocation Failure)
[859.408s][info][gc,heap        ] GC(2333) PSYoungGen: 291392K(311296K)->64K(311808K) Eden: 291328K(291328K)->0K(291328K) From: 64K(19968K)->64K(20480K)
[859.408s][info][gc,heap        ] GC(2333) ParOldGen: 122988K(175104K)->123004K(175104K)
[859.408s][info][gc,metaspace   ] GC(2333) Metaspace: 35604K(36352K)->35604K(36352K) NonClass: 29331K(29888K)->29331K(29888K) Class: 6272K(6464K)->6272K(6464K)
[859.409s][info][gc             ] GC(2333) Pause Young (Allocation Failure) 404M->120M(475M) 0.842ms
[859.409s][info][gc,cpu         ] GC(2333) User=0.00s Sys=0.00s Real=0.00s
[859.608s][info][gc,start       ] GC(2334) Pause Young (Allocation Failure)
[859.609s][info][gc,heap        ] GC(2334) PSYoungGen: 291392K(311808K)->64K(312832K) Eden: 291328K(291328K)->0K(293888K) From: 64K(20480K)->64K(18944K)
[859.609s][info][gc,heap        ] GC(2334) ParOldGen: 123004K(175104K)->123020K(175104K)
[859.609s][info][gc,metaspace   ] GC(2334) Metaspace: 35604K(36352K)->35604K(36352K) NonClass: 29331K(29888K)->29331K(29888K) Class: 6272K(6464K)->6272K(6464K)
[859.609s][info][gc             ] GC(2334) Pause Young (Allocation Failure) 404M->120M(476M) 0.868ms
[859.609s][info][gc,cpu         ] GC(2334) User=0.00s Sys=0.00s Real=0.00s
[859.811s][info][gc,start       ] GC(2335) Pause Young (Allocation Failure)
[859.812s][info][gc,heap        ] GC(2335) PSYoungGen: 293952K(312832K)->64K(312832K) Eden: 293888K(293888K)->0K(293888K) From: 64K(18944K)->64K(18944K)
[859.812s][info][gc,heap        ] GC(2335) ParOldGen: 123020K(175104K)->123020K(175104K)
[859.812s][info][gc,metaspace   ] GC(2335) Metaspace: 35604K(36352K)->35604K(36352K) NonClass: 29331K(29888K)->29331K(29888K) Class: 6272K(6464K)->6272K(6464K)
[859.812s][info][gc             ] GC(2335) Pause Young (Allocation Failure) 407M->120M(476M) 0.803ms
[859.812s][info][gc,cpu         ] GC(2335) User=0.00s Sys=0.00s Real=0.00s
[860.167s][info][gc,start       ] GC(2336) Pause Young (Allocation Failure)
[860.168s][info][gc,heap        ] GC(2336) PSYoungGen: 293952K(312832K)->64K(313856K) Eden: 293888K(293888K)->0K(296960K) From: 64K(18944K)->64K(16896K)
[860.168s][info][gc,heap        ] GC(2336) ParOldGen: 123020K(175104K)->123028K(175104K)
[860.168s][info][gc,metaspace   ] GC(2336) Metaspace: 35604K(36352K)->35604K(36352K) NonClass: 29331K(29888K)->29331K(29888K) Class: 6272K(6464K)->6272K(6464K)
[860.168s][info][gc             ] GC(2336) Pause Young (Allocation Failure) 407M->120M(477M) 0.830ms
[860.168s][info][gc,cpu         ] GC(2336) User=0.00s Sys=0.00s Real=0.00s
[860.224s][info][gc,start       ] GC(2337) Pause Young (Allocation Failure)
[860.225s][info][gc,heap        ] GC(2337) PSYoungGen: 297024K(313856K)->64K(313856K) Eden: 296960K(296960K)->0K(296960K) From: 64K(16896K)->64K(16896K)
[860.225s][info][gc,heap        ] GC(2337) ParOldGen: 123028K(175104K)->123044K(175104K)
[860.225s][info][gc,metaspace   ] GC(2337) Metaspace: 35604K(36352K)->35604K(36352K) NonClass: 29331K(29888K)->29331K(29888K) Class: 6272K(6464K)->6272K(6464K)
[860.225s][info][gc             ] GC(2337) Pause Young (Allocation Failure) 410M->120M(477M) 0.776ms
[860.225s][info][gc,cpu         ] GC(2337) User=0.00s Sys=0.00s Real=0.00s
[860.280s][info][gc,start       ] GC(2338) Pause Young (Allocation Failure)
[860.280s][info][gc,heap        ] GC(2338) PSYoungGen: 297024K(313856K)->64K(315392K) Eden: 296960K(296960K)->0K(300544K) From: 64K(16896K)->64K(14848K)
[860.280s][info][gc,heap        ] GC(2338) ParOldGen: 123044K(175104K)->123044K(175104K)
[860.280s][info][gc,metaspace   ] GC(2338) Metaspace: 35604K(36352K)->35604K(36352K) NonClass: 29331K(29888K)->29331K(29888K) Class: 6272K(6464K)->6272K(6464K)
[860.280s][info][gc             ] GC(2338) Pause Young (Allocation Failure) 410M->120M(479M) 0.723ms
[860.280s][info][gc,cpu         ] GC(2338) User=0.00s Sys=0.00s Real=0.00s
[860.467s][info][gc,start       ] GC(2339) Pause Young (Allocation Failure)
[860.468s][info][gc,heap        ] GC(2339) PSYoungGen: 300608K(315392K)->64K(315904K) Eden: 300544K(300544K)->0K(300544K) From: 64K(14848K)->64K(15360K)
[860.468s][info][gc,heap        ] GC(2339) ParOldGen: 123044K(175104K)->123044K(175104K)
[860.468s][info][gc,metaspace   ] GC(2339) Metaspace: 35604K(36352K)->35604K(36352K) NonClass: 29331K(29888K)->29331K(29888K) Class: 6272K(6464K)->6272K(6464K)
[860.468s][info][gc             ] GC(2339) Pause Young (Allocation Failure) 413M->120M(479M) 0.791ms
[860.468s][info][gc,cpu         ] GC(2339) User=0.01s Sys=0.00s Real=0.00s
[860.681s][info][gc,start       ] GC(2340) Pause Young (Allocation Failure)
[860.682s][info][gc,heap        ] GC(2340) PSYoungGen: 300608K(315904K)->64K(289280K) Eden: 300544K(300544K)->0K(288768K) From: 64K(15360K)->64K(512K)
[860.682s][info][gc,heap        ] GC(2340) ParOldGen: 123044K(175104K)->123052K(175104K)
[860.682s][info][gc,metaspace   ] GC(2340) Metaspace: 35604K(36352K)->35604K(36352K) NonClass: 29331K(29888K)->29331K(29888K) Class: 6272K(6464K)->6272K(6464K)
[860.682s][info][gc             ] GC(2340) Pause Young (Allocation Failure) 413M->120M(453M) 0.829ms
[860.682s][info][gc,cpu         ] GC(2340) User=0.00s Sys=0.00s Real=0.00s
[860.794s][info][gc,start       ] GC(2341) Pause Young (Allocation Failure)
[860.794s][info][gc,heap        ] GC(2341) PSYoungGen: 288832K(289280K)->64K(291328K) Eden: 288768K(288768K)->0K(277504K) From: 64K(512K)->64K(13824K)
[860.794s][info][gc,heap        ] GC(2341) ParOldGen: 123052K(175104K)->123060K(175104K)
[860.794s][info][gc,metaspace   ] GC(2341) Metaspace: 35604K(36352K)->35604K(36352K) NonClass: 29331K(29888K)->29331K(29888K) Class: 6272K(6464K)->6272K(6464K)
[860.794s][info][gc             ] GC(2341) Pause Young (Allocation Failure) 402M->120M(455M) 0.746ms
[860.794s][info][gc,cpu         ] GC(2341) User=0.00s Sys=0.00s Real=0.00s
[860.877s][info][gc,start       ] GC(2342) Pause Young (Allocation Failure)
[860.877s][info][gc,heap        ] GC(2342) PSYoungGen: 277568K(291328K)->64K(267264K) Eden: 277504K(277504K)->0K(266752K) From: 64K(13824K)->64K(512K)
[860.877s][info][gc,heap        ] GC(2342) ParOldGen: 123060K(175104K)->123068K(175104K)
[860.877s][info][gc,metaspace   ] GC(2342) Metaspace: 35604K(36352K)->35604K(36352K) NonClass: 29331K(29888K)->29331K(29888K) Class: 6272K(6464K)->6272K(6464K)
[860.877s][info][gc             ] GC(2342) Pause Young (Allocation Failure) 391M->120M(432M) 0.815ms
[860.877s][info][gc,cpu         ] GC(2342) User=0.00s Sys=0.00s Real=0.01s
[861.027s][info][gc,start       ] GC(2343) Pause Young (Allocation Failure)
[861.028s][info][gc,heap        ] GC(2343) PSYoungGen: 266816K(267264K)->64K(268800K) Eden: 266752K(266752K)->0K(256512K) From: 64K(512K)->64K(12288K)
[861.028s][info][gc,heap        ] GC(2343) ParOldGen: 123068K(175104K)->123076K(175104K)
[861.028s][info][gc,metaspace   ] GC(2343) Metaspace: 35604K(36352K)->35604K(36352K) NonClass: 29331K(29888K)->29331K(29888K) Class: 6272K(6464K)->6272K(6464K)
[861.028s][info][gc             ] GC(2343) Pause Young (Allocation Failure) 380M->120M(433M) 1.186ms
[861.028s][info][gc,cpu         ] GC(2343) User=0.00s Sys=0.00s Real=0.00s
[861.972s][info][gc,start       ] GC(2344) Pause Young (Allocation Failure)
[861.973s][info][gc,heap        ] GC(2344) PSYoungGen: 256575K(268800K)->64K(247296K) Eden: 256511K(256512K)->0K(246784K) From: 64K(12288K)->64K(512K)
[861.973s][info][gc,heap        ] GC(2344) ParOldGen: 123076K(175104K)->123084K(175104K)
[861.973s][info][gc,metaspace   ] GC(2344) Metaspace: 35604K(36352K)->35604K(36352K) NonClass: 29331K(29888K)->29331K(29888K) Class: 6272K(6464K)->6272K(6464K)
[861.973s][info][gc             ] GC(2344) Pause Young (Allocation Failure) 370M->120M(412M) 1.652ms
[861.973s][info][gc,cpu         ] GC(2344) User=0.00s Sys=0.00s Real=0.00s
[862.169s][info][gc,start       ] GC(2345) Pause Young (Allocation Failure)
[862.170s][info][gc,heap        ] GC(2345) PSYoungGen: 246848K(247296K)->64K(248320K) Eden: 246784K(246784K)->0K(237568K) From: 64K(512K)->64K(10752K)
[862.170s][info][gc,heap        ] GC(2345) ParOldGen: 123084K(175104K)->123092K(175104K)
[862.170s][info][gc,metaspace   ] GC(2345) Metaspace: 35604K(36352K)->35604K(36352K) NonClass: 29331K(29888K)->29331K(29888K) Class: 6272K(6464K)->6272K(6464K)
[862.170s][info][gc             ] GC(2345) Pause Young (Allocation Failure) 361M->120M(413M) 1.196ms
[862.170s][info][gc,cpu         ] GC(2345) User=0.00s Sys=0.00s Real=0.00s
[862.958s][info][gc,start       ] GC(2346) Pause Young (Allocation Failure)
[862.960s][info][gc,heap        ] GC(2346) PSYoungGen: 237632K(248320K)->64K(229376K) Eden: 237568K(237568K)->0K(228864K) From: 64K(10752K)->64K(512K)
[862.960s][info][gc,heap        ] GC(2346) ParOldGen: 123092K(175104K)->123100K(175104K)
[862.960s][info][gc,metaspace   ] GC(2346) Metaspace: 35604K(36352K)->35604K(36352K) NonClass: 29331K(29888K)->29331K(29888K) Class: 6272K(6464K)->6272K(6464K)
[862.960s][info][gc             ] GC(2346) Pause Young (Allocation Failure) 352M->120M(395M) 2.295ms
[862.960s][info][gc,cpu         ] GC(2346) User=0.00s Sys=0.00s Real=0.00s
[863.280s][info][gc,start       ] GC(2347) Pause Young (Allocation Failure)
[863.282s][info][gc,heap        ] GC(2347) PSYoungGen: 228928K(229376K)->64K(229376K) Eden: 228864K(228864K)->0K(220160K) From: 64K(512K)->64K(9216K)
[863.282s][info][gc,heap        ] GC(2347) ParOldGen: 123100K(175104K)->123116K(175104K)
[863.282s][info][gc,metaspace   ] GC(2347) Metaspace: 35604K(36352K)->35604K(36352K) NonClass: 29331K(29888K)->29331K(29888K) Class: 6272K(6464K)->6272K(6464K)
[863.282s][info][gc             ] GC(2347) Pause Young (Allocation Failure) 343M->120M(395M) 1.234ms
[863.282s][info][gc,cpu         ] GC(2347) User=0.00s Sys=0.00s Real=0.00s
[863.588s][info][gc,start       ] GC(2348) Pause Young (Allocation Failure)
[863.590s][info][gc,heap        ] GC(2348) PSYoungGen: 220224K(229376K)->64K(212480K) Eden: 220160K(220160K)->0K(211968K) From: 64K(9216K)->64K(512K)
[863.590s][info][gc,heap        ] GC(2348) ParOldGen: 123116K(175104K)->123124K(175104K)
[863.590s][info][gc,metaspace   ] GC(2348) Metaspace: 35604K(36352K)->35604K(36352K) NonClass: 29331K(29888K)->29331K(29888K) Class: 6272K(6464K)->6272K(6464K)
[863.590s][info][gc             ] GC(2348) Pause Young (Allocation Failure) 335M->120M(378M) 2.022ms
[863.590s][info][gc,cpu         ] GC(2348) User=0.00s Sys=0.00s Real=0.00s
[864.470s][info][gc,start       ] GC(2349) Pause Young (Allocation Failure)
[864.472s][info][gc,heap        ] GC(2349) PSYoungGen: 212032K(212480K)->64K(212480K) Eden: 211968K(211968K)->0K(204288K) From: 64K(512K)->64K(8192K)
[864.472s][info][gc,heap        ] GC(2349) ParOldGen: 123124K(175104K)->123132K(175104K)
[864.472s][info][gc,metaspace   ] GC(2349) Metaspace: 35604K(36352K)->35604K(36352K) NonClass: 29331K(29888K)->29331K(29888K) Class: 6272K(6464K)->6272K(6464K)
[864.472s][info][gc             ] GC(2349) Pause Young (Allocation Failure) 327M->120M(378M) 2.216ms
[864.472s][info][gc,cpu         ] GC(2349) User=0.00s Sys=0.00s Real=0.00s
[864.812s][info][gc,start       ] GC(2350) Pause Young (Allocation Failure)
[864.814s][info][gc,heap        ] GC(2350) PSYoungGen: 204352K(212480K)->64K(197632K) Eden: 204288K(204288K)->0K(197120K) From: 64K(8192K)->64K(512K)
[864.814s][info][gc,heap        ] GC(2350) ParOldGen: 123132K(175104K)->123140K(175104K)
[864.814s][info][gc,metaspace   ] GC(2350) Metaspace: 35604K(36352K)->35604K(36352K) NonClass: 29331K(29888K)->29331K(29888K) Class: 6272K(6464K)->6272K(6464K)
[864.814s][info][gc             ] GC(2350) Pause Young (Allocation Failure) 319M->120M(364M) 1.920ms
[864.814s][info][gc,cpu         ] GC(2350) User=0.00s Sys=0.00s Real=0.00s
[864.988s][info][gc,start       ] GC(2351) Pause Young (Allocation Failure)
[864.989s][info][gc,heap        ] GC(2351) PSYoungGen: 197184K(197632K)->64K(197120K) Eden: 197120K(197120K)->0K(189952K) From: 64K(512K)->64K(7168K)
[864.989s][info][gc,heap        ] GC(2351) ParOldGen: 123140K(175104K)->123148K(175104K)
[864.989s][info][gc,metaspace   ] GC(2351) Metaspace: 35604K(36352K)->35604K(36352K) NonClass: 29331K(29888K)->29331K(29888K) Class: 6272K(6464K)->6272K(6464K)
[864.989s][info][gc             ] GC(2351) Pause Young (Allocation Failure) 312M->120M(363M) 1.317ms
[864.989s][info][gc,cpu         ] GC(2351) User=0.00s Sys=0.00s Real=0.00s
[865.035s][info][gc,start       ] GC(2352) Pause Young (Allocation Failure)
[865.037s][info][gc,heap        ] GC(2352) PSYoungGen: 190016K(197120K)->32K(225280K) Eden: 189952K(189952K)->0K(224768K) From: 64K(7168K)->32K(512K)
[865.037s][info][gc,heap        ] GC(2352) ParOldGen: 123148K(175104K)->123164K(175104K)
[865.037s][info][gc,metaspace   ] GC(2352) Metaspace: 35604K(36352K)->35604K(36352K) NonClass: 29331K(29888K)->29331K(29888K) Class: 6272K(6464K)->6272K(6464K)
[865.037s][info][gc             ] GC(2352) Pause Young (Allocation Failure) 305M->120M(391M) 1.653ms
[865.037s][info][gc,cpu         ] GC(2352) User=0.00s Sys=0.00s Real=0.01s
[865.308s][info][gc,start       ] GC(2353) Pause Young (Allocation Failure)
[865.309s][info][gc,heap        ] GC(2353) PSYoungGen: 224800K(225280K)->64K(222720K) Eden: 224768K(224768K)->0K(216576K) From: 32K(512K)->64K(6144K)
[865.309s][info][gc,heap        ] GC(2353) ParOldGen: 123164K(175104K)->123164K(175104K)
[865.309s][info][gc,metaspace   ] GC(2353) Metaspace: 35604K(36352K)->35604K(36352K) NonClass: 29331K(29888K)->29331K(29888K) Class: 6272K(6464K)->6272K(6464K)
[865.309s][info][gc             ] GC(2353) Pause Young (Allocation Failure) 339M->120M(388M) 1.168ms
[865.309s][info][gc,cpu         ] GC(2353) User=0.00s Sys=0.00s Real=0.00s
[865.751s][info][gc,start       ] GC(2354) Pause Young (Allocation Failure)
[865.752s][info][gc,heap        ] GC(2354) PSYoungGen: 216640K(222720K)->32K(208896K) Eden: 216576K(216576K)->0K(208384K) From: 64K(6144K)->32K(512K)
[865.752s][info][gc,heap        ] GC(2354) ParOldGen: 123164K(175104K)->123172K(175104K)
[865.752s][info][gc,metaspace   ] GC(2354) Metaspace: 35604K(36352K)->35604K(36352K) NonClass: 29331K(29888K)->29331K(29888K) Class: 6272K(6464K)->6272K(6464K)
[865.752s][info][gc             ] GC(2354) Pause Young (Allocation Failure) 331M->120M(375M) 1.693ms
[865.752s][info][gc,cpu         ] GC(2354) User=0.00s Sys=0.00s Real=0.00s
[866.005s][info][gc,start       ] GC(2355) Pause Young (Allocation Failure)
[866.006s][info][gc,heap        ] GC(2355) PSYoungGen: 208416K(208896K)->64K(205824K) Eden: 208384K(208384K)->0K(200704K) From: 32K(512K)->64K(5120K)
[866.006s][info][gc,heap        ] GC(2355) ParOldGen: 123172K(175104K)->123180K(175104K)
[866.006s][info][gc,metaspace   ] GC(2355) Metaspace: 35604K(36352K)->35604K(36352K) NonClass: 29331K(29888K)->29331K(29888K) Class: 6272K(6464K)->6272K(6464K)
[866.006s][info][gc             ] GC(2355) Pause Young (Allocation Failure) 323M->120M(372M) 0.941ms
[866.006s][info][gc,cpu         ] GC(2355) User=0.01s Sys=0.00s Real=0.00s
[866.308s][info][gc,start       ] GC(2356) Pause Young (Allocation Failure)
[866.334s][info][gc,heap        ] GC(2356) PSYoungGen: 200768K(205824K)->5120K(244736K) Eden: 200704K(200704K)->0K(239616K) From: 64K(5120K)->5120K(5120K)
[866.334s][info][gc,heap        ] GC(2356) ParOldGen: 123180K(175104K)->134020K(175104K)
[866.334s][info][gc,metaspace   ] GC(2356) Metaspace: 35604K(36352K)->35604K(36352K) NonClass: 29331K(29888K)->29331K(29888K) Class: 6272K(6464K)->6272K(6464K)
[866.334s][info][gc             ] GC(2356) Pause Young (Allocation Failure) 316M->135M(410M) 25.417ms
[866.334s][info][gc,cpu         ] GC(2356) User=0.04s Sys=0.00s Real=0.02s
[866.626s][info][gc,start       ] GC(2357) Pause Young (Allocation Failure)
[866.669s][info][gc,heap        ] GC(2357) PSYoungGen: 244736K(244736K)->10240K(249856K) Eden: 239616K(239616K)->0K(239616K) From: 5120K(5120K)->10240K(10240K)
[866.669s][info][gc,heap        ] GC(2357) ParOldGen: 134020K(175104K)->149460K(175104K)
[866.669s][info][gc,metaspace   ] GC(2357) Metaspace: 35604K(36352K)->35604K(36352K) NonClass: 29331K(29888K)->29331K(29888K) Class: 6272K(6464K)->6272K(6464K)
[866.669s][info][gc             ] GC(2357) Pause Young (Allocation Failure) 369M->155M(415M) 42.599ms
[866.669s][info][gc,cpu         ] GC(2357) User=0.09s Sys=0.00s Real=0.05s
[866.936s][info][gc,start       ] GC(2358) Pause Young (Allocation Failure)
[866.989s][info][gc,heap        ] GC(2358) PSYoungGen: 249856K(249856K)->17920K(298496K) Eden: 239616K(239616K)->0K(280576K) From: 10240K(10240K)->17920K(17920K)
[866.989s][info][gc,heap        ] GC(2358) ParOldGen: 149460K(175104K)->157356K(175104K)
[866.989s][info][gc,metaspace   ] GC(2358) Metaspace: 35604K(36352K)->35604K(36352K) NonClass: 29331K(29888K)->29331K(29888K) Class: 6272K(6464K)->6272K(6464K)
[866.989s][info][gc             ] GC(2358) Pause Young (Allocation Failure) 389M->171M(462M) 52.303ms
[866.989s][info][gc,cpu         ] GC(2358) User=0.09s Sys=0.01s Real=0.06s
[867.106s][info][gc,start       ] GC(2359) Pause Young (Allocation Failure)
[867.114s][info][gc,heap        ] GC(2359) PSYoungGen: 298496K(298496K)->2464K(305152K) Eden: 280576K(280576K)->0K(280576K) From: 17920K(17920K)->2464K(24576K)
[867.114s][info][gc,heap        ] GC(2359) ParOldGen: 157356K(175104K)->157644K(175104K)
[867.114s][info][gc,metaspace   ] GC(2359) Metaspace: 35604K(36352K)->35604K(36352K) NonClass: 29331K(29888K)->29331K(29888K) Class: 6272K(6464K)->6272K(6464K)
[867.114s][info][gc             ] GC(2359) Pause Young (Allocation Failure) 445M->156M(469M) 7.765ms
[867.114s][info][gc,cpu         ] GC(2359) User=0.01s Sys=0.01s Real=0.01s
[867.658s][info][gc,start       ] GC(2360) Pause Young (Allocation Failure)
[867.659s][info][gc,heap        ] GC(2360) PSYoungGen: 283040K(305152K)->64K(307200K) Eden: 280576K(280576K)->0K(285696K) From: 2464K(24576K)->64K(21504K)
[867.659s][info][gc,heap        ] GC(2360) ParOldGen: 157644K(175104K)->157652K(175104K)
[867.659s][info][gc,metaspace   ] GC(2360) Metaspace: 35604K(36352K)->35604K(36352K) NonClass: 29331K(29888K)->29331K(29888K) Class: 6272K(6464K)->6272K(6464K)
[867.659s][info][gc             ] GC(2360) Pause Young (Allocation Failure) 430M->154M(471M) 0.981ms
[867.659s][info][gc,cpu         ] GC(2360) User=0.00s Sys=0.00s Real=0.00s
[868.144s][info][gc,start       ] GC(2361) Pause Young (Allocation Failure)
[868.144s][info][gc,heap        ] GC(2361) PSYoungGen: 285760K(307200K)->64K(308736K) Eden: 285696K(285696K)->0K(285696K) From: 64K(21504K)->64K(23040K)
[868.144s][info][gc,heap        ] GC(2361) ParOldGen: 157652K(175104K)->157660K(175104K)
[868.144s][info][gc,metaspace   ] GC(2361) Metaspace: 35604K(36352K)->35604K(36352K) NonClass: 29331K(29888K)->29331K(29888K) Class: 6272K(6464K)->6272K(6464K)
[868.145s][info][gc             ] GC(2361) Pause Young (Allocation Failure) 433M->154M(472M) 0.968ms
[868.145s][info][gc,cpu         ] GC(2361) User=0.00s Sys=0.00s Real=0.00s
[868.569s][info][gc,start       ] GC(2362) Pause Young (Allocation Failure)
[868.570s][info][gc,heap        ] GC(2362) PSYoungGen: 285760K(308736K)->64K(309248K) Eden: 285696K(285696K)->0K(288768K) From: 64K(23040K)->64K(20480K)
[868.570s][info][gc,heap        ] GC(2362) ParOldGen: 157660K(175104K)->157676K(175104K)
[868.570s][info][gc,metaspace   ] GC(2362) Metaspace: 35604K(36352K)->35604K(36352K) NonClass: 29331K(29888K)->29331K(29888K) Class: 6272K(6464K)->6272K(6464K)
[868.570s][info][gc             ] GC(2362) Pause Young (Allocation Failure) 433M->154M(473M) 0.974ms
[868.570s][info][gc,cpu         ] GC(2362) User=0.00s Sys=0.00s Real=0.00s
[868.767s][info][gc,start       ] GC(2363) Pause Young (Allocation Failure)
[868.768s][info][gc,heap        ] GC(2363) PSYoungGen: 288832K(309248K)->64K(310272K) Eden: 288768K(288768K)->0K(288768K) From: 64K(20480K)->64K(21504K)
[868.768s][info][gc,heap        ] GC(2363) ParOldGen: 157676K(175104K)->157692K(175104K)
[868.768s][info][gc,metaspace   ] GC(2363) Metaspace: 35604K(36352K)->35604K(36352K) NonClass: 29331K(29888K)->29331K(29888K) Class: 6272K(6464K)->6272K(6464K)
[868.768s][info][gc             ] GC(2363) Pause Young (Allocation Failure) 436M->154M(474M) 0.977ms
[868.768s][info][gc,cpu         ] GC(2363) User=0.00s Sys=0.00s Real=0.00s
[868.961s][info][gc,start       ] GC(2364) Pause Young (Allocation Failure)
[868.962s][info][gc,heap        ] GC(2364) PSYoungGen: 288832K(310272K)->64K(310272K) Eden: 288768K(288768K)->0K(291840K) From: 64K(21504K)->64K(18432K)
[868.962s][info][gc,heap        ] GC(2364) ParOldGen: 157692K(175104K)->157692K(175104K)
[868.962s][info][gc,metaspace   ] GC(2364) Metaspace: 35604K(36352K)->35604K(36352K) NonClass: 29331K(29888K)->29331K(29888K) Class: 6272K(6464K)->6272K(6464K)
[868.962s][info][gc             ] GC(2364) Pause Young (Allocation Failure) 436M->154M(474M) 0.894ms
[868.962s][info][gc,cpu         ] GC(2364) User=0.00s Sys=0.00s Real=0.00s
[869.320s][info][gc,start       ] GC(2365) Pause Young (Allocation Failure)
[869.321s][info][gc,heap        ] GC(2365) PSYoungGen: 291904K(310272K)->64K(311296K) Eden: 291840K(291840K)->0K(291840K) From: 64K(18432K)->64K(19456K)
[869.321s][info][gc,heap        ] GC(2365) ParOldGen: 157692K(175104K)->157692K(175104K)
[869.321s][info][gc,metaspace   ] GC(2365) Metaspace: 35604K(36352K)->35604K(36352K) NonClass: 29331K(29888K)->29331K(29888K) Class: 6272K(6464K)->6272K(6464K)
[869.321s][info][gc             ] GC(2365) Pause Young (Allocation Failure) 439M->154M(475M) 0.998ms
[869.321s][info][gc,cpu         ] GC(2365) User=0.00s Sys=0.00s Real=0.00s
[869.374s][info][gc,start       ] GC(2366) Pause Young (Allocation Failure)
[869.375s][info][gc,heap        ] GC(2366) PSYoungGen: 291904K(311296K)->64K(312320K) Eden: 291840K(291840K)->0K(295936K) From: 64K(19456K)->64K(16384K)
[869.375s][info][gc,heap        ] GC(2366) ParOldGen: 157692K(175104K)->157700K(175104K)
[869.375s][info][gc,metaspace   ] GC(2366) Metaspace: 35604K(36352K)->35604K(36352K) NonClass: 29331K(29888K)->29331K(29888K) Class: 6272K(6464K)->6272K(6464K)
[869.375s][info][gc             ] GC(2366) Pause Young (Allocation Failure) 439M->154M(476M) 0.831ms
[869.375s][info][gc,cpu         ] GC(2366) User=0.00s Sys=0.00s Real=0.00s
[869.431s][info][gc,start       ] GC(2367) Pause Young (Allocation Failure)
[869.432s][info][gc,heap        ] GC(2367) PSYoungGen: 296000K(312320K)->64K(313344K) Eden: 295936K(295936K)->0K(295936K) From: 64K(16384K)->64K(17408K)
[869.432s][info][gc,heap        ] GC(2367) ParOldGen: 157700K(175104K)->157716K(175104K)
[869.432s][info][gc,metaspace   ] GC(2367) Metaspace: 35604K(36352K)->35604K(36352K) NonClass: 29331K(29888K)->29331K(29888K) Class: 6272K(6464K)->6272K(6464K)
[869.432s][info][gc             ] GC(2367) Pause Young (Allocation Failure) 443M->154M(477M) 0.984ms
[869.432s][info][gc,cpu         ] GC(2367) User=0.00s Sys=0.00s Real=0.00s
[869.602s][info][gc,start       ] GC(2368) Pause Young (Allocation Failure)
[869.603s][info][gc,heap        ] GC(2368) PSYoungGen: 296000K(313344K)->64K(315392K) Eden: 295936K(295936K)->0K(300032K) From: 64K(17408K)->64K(15360K)
[869.603s][info][gc,heap        ] GC(2368) ParOldGen: 157716K(175104K)->157716K(175104K)
[869.603s][info][gc,metaspace   ] GC(2368) Metaspace: 35604K(36352K)->35604K(36352K) NonClass: 29331K(29888K)->29331K(29888K) Class: 6272K(6464K)->6272K(6464K)
[869.603s][info][gc             ] GC(2368) Pause Young (Allocation Failure) 443M->154M(479M) 0.911ms
[869.603s][info][gc,cpu         ] GC(2368) User=0.00s Sys=0.00s Real=0.00s
[869.819s][info][gc,start       ] GC(2369) Pause Young (Allocation Failure)
[869.820s][info][gc,heap        ] GC(2369) PSYoungGen: 300096K(315392K)->64K(315904K) Eden: 300032K(300032K)->0K(300032K) From: 64K(15360K)->64K(15872K)
[869.820s][info][gc,heap        ] GC(2369) ParOldGen: 157716K(175104K)->157724K(175104K)
[869.820s][info][gc,metaspace   ] GC(2369) Metaspace: 35604K(36352K)->35604K(36352K) NonClass: 29331K(29888K)->29331K(29888K) Class: 6272K(6464K)->6272K(6464K)
[869.820s][info][gc             ] GC(2369) Pause Young (Allocation Failure) 447M->154M(479M) 0.939ms
[869.820s][info][gc,cpu         ] GC(2369) User=0.00s Sys=0.00s Real=0.00s
[869.942s][info][gc,start       ] GC(2370) Pause Young (Allocation Failure)
[869.943s][info][gc,heap        ] GC(2370) PSYoungGen: 300096K(315904K)->64K(316416K) Eden: 300032K(300032K)->0K(303104K) From: 64K(15872K)->64K(13312K)
[869.943s][info][gc,heap        ] GC(2370) ParOldGen: 157724K(175104K)->157732K(175104K)
[869.943s][info][gc,metaspace   ] GC(2370) Metaspace: 35604K(36352K)->35604K(36352K) NonClass: 29331K(29888K)->29331K(29888K) Class: 6272K(6464K)->6272K(6464K)
[869.943s][info][gc             ] GC(2370) Pause Young (Allocation Failure) 447M->154M(480M) 0.985ms
[869.943s][info][gc,cpu         ] GC(2370) User=0.00s Sys=0.00s Real=0.00s
[870.038s][info][gc,start       ] GC(2371) Pause Young (Allocation Failure)
[870.039s][info][gc,heap        ] GC(2371) PSYoungGen: 303168K(316416K)->64K(316928K) Eden: 303104K(303104K)->0K(303104K) From: 64K(13312K)->64K(13824K)
[870.039s][info][gc,heap        ] GC(2371) ParOldGen: 157732K(175104K)->157740K(175104K)
[870.039s][info][gc,metaspace   ] GC(2371) Metaspace: 35604K(36352K)->35604K(36352K) NonClass: 29331K(29888K)->29331K(29888K) Class: 6272K(6464K)->6272K(6464K)
[870.039s][info][gc             ] GC(2371) Pause Young (Allocation Failure) 450M->154M(480M) 0.996ms
[870.039s][info][gc,cpu         ] GC(2371) User=0.00s Sys=0.00s Real=0.00s
[870.212s][info][gc,start       ] GC(2372) Pause Young (Allocation Failure)
[870.213s][info][gc,heap        ] GC(2372) PSYoungGen: 303168K(316928K)->64K(291328K) Eden: 303104K(303104K)->0K(290816K) From: 64K(13824K)->64K(512K)
[870.213s][info][gc,heap        ] GC(2372) ParOldGen: 157740K(175104K)->157748K(175104K)
[870.213s][info][gc,metaspace   ] GC(2372) Metaspace: 35604K(36352K)->35604K(36352K) NonClass: 29331K(29888K)->29331K(29888K) Class: 6272K(6464K)->6272K(6464K)
[870.213s][info][gc             ] GC(2372) Pause Young (Allocation Failure) 450M->154M(455M) 1.081ms
[870.213s][info][gc,cpu         ] GC(2372) User=0.00s Sys=0.00s Real=0.00s
[871.148s][info][gc,start       ] GC(2373) Pause Young (Allocation Failure)
[871.149s][info][gc,heap        ] GC(2373) PSYoungGen: 290880K(291328K)->64K(291840K) Eden: 290816K(290816K)->0K(279552K) From: 64K(512K)->64K(12288K)
[871.149s][info][gc,heap        ] GC(2373) ParOldGen: 157748K(175104K)->157756K(175104K)
[871.149s][info][gc,metaspace   ] GC(2373) Metaspace: 35604K(36352K)->35604K(36352K) NonClass: 29331K(29888K)->29331K(29888K) Class: 6272K(6464K)->6272K(6464K)
[871.149s][info][gc             ] GC(2373) Pause Young (Allocation Failure) 438M->154M(456M) 0.988ms
[871.149s][info][gc,cpu         ] GC(2373) User=0.00s Sys=0.00s Real=0.00s
[872.023s][info][gc,start       ] GC(2374) Pause Young (Allocation Failure)
[872.025s][info][gc,heap        ] GC(2374) PSYoungGen: 279616K(291840K)->32K(269312K) Eden: 279552K(279552K)->0K(268800K) From: 64K(12288K)->32K(512K)
[872.025s][info][gc,heap        ] GC(2374) ParOldGen: 157756K(175104K)->157764K(175104K)
[872.025s][info][gc,metaspace   ] GC(2374) Metaspace: 35604K(36352K)->35604K(36352K) NonClass: 29331K(29888K)->29331K(29888K) Class: 6272K(6464K)->6272K(6464K)
[872.025s][info][gc             ] GC(2374) Pause Young (Allocation Failure) 427M->154M(434M) 2.304ms
[872.025s][info][gc,cpu         ] GC(2374) User=0.00s Sys=0.00s Real=0.00s
[872.284s][info][gc,start       ] GC(2375) Pause Young (Allocation Failure)
[872.286s][info][gc,heap        ] GC(2375) PSYoungGen: 268832K(269312K)->64K(269312K) Eden: 268800K(268800K)->0K(258560K) From: 32K(512K)->64K(10752K)
[872.286s][info][gc,heap        ] GC(2375) ParOldGen: 157764K(175104K)->157780K(175104K)
[872.286s][info][gc,metaspace   ] GC(2375) Metaspace: 35604K(36352K)->35604K(36352K) NonClass: 29331K(29888K)->29331K(29888K) Class: 6272K(6464K)->6272K(6464K)
[872.286s][info][gc             ] GC(2375) Pause Young (Allocation Failure) 416M->154M(434M) 1.366ms
[872.286s][info][gc,cpu         ] GC(2375) User=0.00s Sys=0.00s Real=0.00s
[872.703s][info][gc,start       ] GC(2376) Pause Young (Allocation Failure)
[872.705s][info][gc,heap        ] GC(2376) PSYoungGen: 258624K(269312K)->64K(249344K) Eden: 258560K(258560K)->0K(248832K) From: 64K(10752K)->64K(512K)
[872.706s][info][gc,heap        ] GC(2376) ParOldGen: 157780K(175104K)->157796K(175104K)
[872.706s][info][gc,metaspace   ] GC(2376) Metaspace: 35604K(36352K)->35604K(36352K) NonClass: 29331K(29888K)->29331K(29888K) Class: 6272K(6464K)->6272K(6464K)
[872.706s][info][gc             ] GC(2376) Pause Young (Allocation Failure) 406M->154M(414M) 2.098ms
[872.706s][info][gc,cpu         ] GC(2376) User=0.00s Sys=0.00s Real=0.00s
[873.635s][info][gc,start       ] GC(2377) Pause Young (Allocation Failure)
[873.636s][info][gc,heap        ] GC(2377) PSYoungGen: 248896K(249344K)->64K(248832K) Eden: 248832K(248832K)->0K(239616K) From: 64K(512K)->64K(9216K)
[873.636s][info][gc,heap        ] GC(2377) ParOldGen: 157796K(175104K)->157812K(175104K)
[873.636s][info][gc,metaspace   ] GC(2377) Metaspace: 35604K(36352K)->35604K(36352K) NonClass: 29331K(29888K)->29331K(29888K) Class: 6272K(6464K)->6272K(6464K)
[873.636s][info][gc             ] GC(2377) Pause Young (Allocation Failure) 397M->154M(414M) 1.520ms
[873.636s][info][gc,cpu         ] GC(2377) User=0.00s Sys=0.00s Real=0.00s
[874.010s][info][gc,start       ] GC(2378) Pause Young (Allocation Failure)
[874.012s][info][gc,heap        ] GC(2378) PSYoungGen: 239680K(248832K)->64K(230912K) Eden: 239616K(239616K)->0K(230400K) From: 64K(9216K)->64K(512K)
[874.012s][info][gc,heap        ] GC(2378) ParOldGen: 157812K(175104K)->157828K(175104K)
[874.012s][info][gc,metaspace   ] GC(2378) Metaspace: 35604K(36352K)->35604K(36352K) NonClass: 29331K(29888K)->29331K(29888K) Class: 6272K(6464K)->6272K(6464K)
[874.012s][info][gc             ] GC(2378) Pause Young (Allocation Failure) 388M->154M(396M) 2.161ms
[874.012s][info][gc,cpu         ] GC(2378) User=0.01s Sys=0.00s Real=0.00s
[874.188s][info][gc,start       ] GC(2379) Pause Young (Allocation Failure)
[874.189s][info][gc,heap        ] GC(2379) PSYoungGen: 230464K(230912K)->64K(229888K) Eden: 230400K(230400K)->0K(221696K) From: 64K(512K)->64K(8192K)
[874.189s][info][gc,heap        ] GC(2379) ParOldGen: 157828K(175104K)->157836K(175104K)
[874.189s][info][gc,metaspace   ] GC(2379) Metaspace: 35604K(36352K)->35604K(36352K) NonClass: 29331K(29888K)->29331K(29888K) Class: 6272K(6464K)->6272K(6464K)
[874.189s][info][gc             ] GC(2379) Pause Young (Allocation Failure) 379M->154M(395M) 1.471ms
[874.189s][info][gc,cpu         ] GC(2379) User=0.00s Sys=0.00s Real=0.00s
[874.263s][info][gc,start       ] GC(2380) Pause Young (Allocation Failure)
[874.265s][info][gc,heap        ] GC(2380) PSYoungGen: 221760K(229888K)->64K(214016K) Eden: 221696K(221696K)->0K(213504K) From: 64K(8192K)->64K(512K)
[874.265s][info][gc,heap        ] GC(2380) ParOldGen: 157836K(175104K)->157844K(175104K)
[874.265s][info][gc,metaspace   ] GC(2380) Metaspace: 35604K(36352K)->35604K(36352K) NonClass: 29331K(29888K)->29331K(29888K) Class: 6272K(6464K)->6272K(6464K)
[874.265s][info][gc             ] GC(2380) Pause Young (Allocation Failure) 370M->154M(380M) 2.268ms
[874.265s][info][gc,cpu         ] GC(2380) User=0.01s Sys=0.00s Real=0.00s
[874.735s][info][gc,start       ] GC(2381) Pause Young (Allocation Failure)
[874.736s][info][gc,heap        ] GC(2381) PSYoungGen: 213568K(214016K)->64K(212992K) Eden: 213504K(213504K)->0K(205824K) From: 64K(512K)->64K(7168K)
[874.736s][info][gc,heap        ] GC(2381) ParOldGen: 157844K(175104K)->157860K(175104K)
[874.736s][info][gc,metaspace   ] GC(2381) Metaspace: 35604K(36352K)->35604K(36352K) NonClass: 29331K(29888K)->29331K(29888K) Class: 6272K(6464K)->6272K(6464K)
[874.736s][info][gc             ] GC(2381) Pause Young (Allocation Failure) 362M->154M(379M) 1.457ms
[874.736s][info][gc,cpu         ] GC(2381) User=0.00s Sys=0.00s Real=0.00s
[874.969s][info][gc,start       ] GC(2382) Pause Young (Allocation Failure)
[874.971s][info][gc,heap        ] GC(2382) PSYoungGen: 205888K(212992K)->64K(198656K) Eden: 205824K(205824K)->0K(198144K) From: 64K(7168K)->64K(512K)
[874.971s][info][gc,heap        ] GC(2382) ParOldGen: 157860K(175104K)->157868K(175104K)
[874.971s][info][gc,metaspace   ] GC(2382) Metaspace: 35604K(36352K)->35604K(36352K) NonClass: 29331K(29888K)->29331K(29888K) Class: 6272K(6464K)->6272K(6464K)
[874.971s][info][gc             ] GC(2382) Pause Young (Allocation Failure) 355M->154M(365M) 2.089ms
[874.972s][info][gc,cpu         ] GC(2382) User=0.00s Sys=0.00s Real=0.00s
[875.327s][info][gc,start       ] GC(2383) Pause Young (Allocation Failure)
[875.333s][info][gc,heap        ] GC(2383) PSYoungGen: 198208K(198656K)->1600K(197120K) Eden: 198144K(198144K)->0K(190976K) From: 64K(512K)->1600K(6144K)
[875.333s][info][gc,heap        ] GC(2383) ParOldGen: 157868K(175104K)->157876K(175104K)
[875.333s][info][gc,metaspace   ] GC(2383) Metaspace: 35604K(36352K)->35604K(36352K) NonClass: 29331K(29888K)->29331K(29888K) Class: 6272K(6464K)->6272K(6464K)
[875.333s][info][gc             ] GC(2383) Pause Young (Allocation Failure) 347M->155M(363M) 5.594ms
[875.333s][info][gc,cpu         ] GC(2383) User=0.01s Sys=0.00s Real=0.00s
[875.567s][info][gc,start       ] GC(2384) Pause Young (Allocation Failure)
[875.616s][info][gc,heap        ] GC(2384) PSYoungGen: 192576K(197120K)->6144K(235008K) Eden: 190976K(190976K)->0K(228864K) From: 1600K(6144K)->6144K(6144K)
[875.616s][info][gc,heap        ] GC(2384) ParOldGen: 157876K(175104K)->171884K(175104K)
[875.616s][info][gc,metaspace   ] GC(2384) Metaspace: 35604K(36352K)->35604K(36352K) NonClass: 29331K(29888K)->29331K(29888K) Class: 6272K(6464K)->6272K(6464K)
[875.616s][info][gc             ] GC(2384) Pause Young (Allocation Failure) 342M->173M(400M) 49.195ms
[875.616s][info][gc,cpu         ] GC(2384) User=0.06s Sys=0.00s Real=0.04s
[875.874s][info][gc,start       ] GC(2385) Pause Young (Allocation Failure)
[875.920s][info][gc,heap        ] GC(2385) PSYoungGen: 235008K(235008K)->12800K(265728K) Eden: 228864K(228864K)->0K(252928K) From: 6144K(6144K)->12800K(12800K)
[875.920s][info][gc,heap        ] GC(2385) ParOldGen: 171884K(175104K)->183740K(183808K)
[875.920s][info][gc,metaspace   ] GC(2385) Metaspace: 35604K(36352K)->35604K(36352K) NonClass: 29331K(29888K)->29331K(29888K) Class: 6272K(6464K)->6272K(6464K)
[875.920s][info][gc             ] GC(2385) Pause Young (Allocation Failure) 397M->191M(439M) 45.564ms
[875.920s][info][gc,cpu         ] GC(2385) User=0.08s Sys=0.00s Real=0.05s
[876.170s][info][gc,start       ] GC(2386) Pause Young (Allocation Failure)
[876.234s][info][gc,heap        ] GC(2386) PSYoungGen: 265728K(265728K)->19968K(289280K) Eden: 252928K(252928K)->0K(269312K) From: 12800K(12800K)->19968K(19968K)
[876.234s][info][gc,heap        ] GC(2386) ParOldGen: 183740K(183808K)->187276K(187392K)
[876.234s][info][gc,metaspace   ] GC(2386) Metaspace: 35604K(36352K)->35604K(36352K) NonClass: 29331K(29888K)->29331K(29888K) Class: 6272K(6464K)->6272K(6464K)
[876.234s][info][gc             ] GC(2386) Pause Young (Allocation Failure) 438M->202M(465M) 63.464ms
[876.234s][info][gc,cpu         ] GC(2386) User=0.12s Sys=0.02s Real=0.06s
[876.321s][info][gc,start       ] GC(2387) Pause Young (Allocation Failure)
[876.323s][info][gc,heap        ] GC(2387) PSYoungGen: 289280K(289280K)->64K(294400K) Eden: 269312K(269312K)->0K(269312K) From: 19968K(19968K)->64K(25088K)
[876.323s][info][gc,heap        ] GC(2387) ParOldGen: 187276K(187392K)->187404K(187904K)
[876.323s][info][gc,metaspace   ] GC(2387) Metaspace: 35604K(36352K)->35604K(36352K) NonClass: 29331K(29888K)->29331K(29888K) Class: 6272K(6464K)->6272K(6464K)
[876.323s][info][gc             ] GC(2387) Pause Young (Allocation Failure) 465M->183M(471M) 2.057ms
[876.323s][info][gc,cpu         ] GC(2387) User=0.01s Sys=0.00s Real=0.00s
[876.947s][info][gc,start       ] GC(2388) Pause Young (Allocation Failure)
[876.948s][info][gc,heap        ] GC(2388) PSYoungGen: 269376K(294400K)->64K(306176K) Eden: 269312K(269312K)->0K(284160K) From: 64K(25088K)->64K(22016K)
[876.948s][info][gc,heap        ] GC(2388) ParOldGen: 187404K(187904K)->187412K(187904K)
[876.948s][info][gc,metaspace   ] GC(2388) Metaspace: 35604K(36352K)->35604K(36352K) NonClass: 29331K(29888K)->29331K(29888K) Class: 6272K(6464K)->6272K(6464K)
[876.948s][info][gc             ] GC(2388) Pause Young (Allocation Failure) 446M->183M(482M) 1.051ms
[876.948s][info][gc,cpu         ] GC(2388) User=0.00s Sys=0.00s Real=0.00s
[877.377s][info][gc,start       ] GC(2389) Pause Young (Allocation Failure)
[877.378s][info][gc,heap        ] GC(2389) PSYoungGen: 284224K(306176K)->64K(307712K) Eden: 284160K(284160K)->0K(284160K) From: 64K(22016K)->64K(23552K)
[877.378s][info][gc,heap        ] GC(2389) ParOldGen: 187412K(187904K)->187420K(187904K)
[877.378s][info][gc,metaspace   ] GC(2389) Metaspace: 35604K(36352K)->35604K(36352K) NonClass: 29331K(29888K)->29331K(29888K) Class: 6272K(6464K)->6272K(6464K)
[877.378s][info][gc             ] GC(2389) Pause Young (Allocation Failure) 460M->183M(484M) 1.099ms
[877.378s][info][gc,cpu         ] GC(2389) User=0.00s Sys=0.00s Real=0.00s
[877.807s][info][gc,start       ] GC(2390) Pause Young (Allocation Failure)
[877.808s][info][gc,heap        ] GC(2390) PSYoungGen: 284224K(307712K)->64K(307712K) Eden: 284160K(284160K)->0K(287232K) From: 64K(23552K)->64K(20480K)
[877.808s][info][gc,heap        ] GC(2390) ParOldGen: 187420K(187904K)->187436K(187904K)
[877.808s][info][gc,metaspace   ] GC(2390) Metaspace: 35604K(36352K)->35604K(36352K) NonClass: 29331K(29888K)->29331K(29888K) Class: 6272K(6464K)->6272K(6464K)
[877.808s][info][gc             ] GC(2390) Pause Young (Allocation Failure) 460M->183M(484M) 1.132ms
[877.808s][info][gc,cpu         ] GC(2390) User=0.00s Sys=0.00s Real=0.00s
[878.004s][info][gc,start       ] GC(2391) Pause Young (Allocation Failure)
[878.005s][info][gc,heap        ] GC(2391) PSYoungGen: 287296K(307712K)->64K(309248K) Eden: 287232K(287232K)->0K(287232K) From: 64K(20480K)->64K(22016K)
[878.005s][info][gc,heap        ] GC(2391) ParOldGen: 187436K(187904K)->187452K(187904K)
[878.005s][info][gc,metaspace   ] GC(2391) Metaspace: 35604K(36352K)->35604K(36352K) NonClass: 29331K(29888K)->29331K(29888K) Class: 6272K(6464K)->6272K(6464K)
[878.005s][info][gc             ] GC(2391) Pause Young (Allocation Failure) 463M->183M(485M) 1.041ms
[878.005s][info][gc,cpu         ] GC(2391) User=0.01s Sys=0.00s Real=0.00s
[878.197s][info][gc,start       ] GC(2392) Pause Young (Allocation Failure)
[878.198s][info][gc,heap        ] GC(2392) PSYoungGen: 287296K(309248K)->64K(309248K) Eden: 287232K(287232K)->0K(290816K) From: 64K(22016K)->64K(18432K)
[878.198s][info][gc,heap        ] GC(2392) ParOldGen: 187452K(187904K)->187452K(187904K)
[878.198s][info][gc,metaspace   ] GC(2392) Metaspace: 35604K(36352K)->35604K(36352K) NonClass: 29331K(29888K)->29331K(29888K) Class: 6272K(6464K)->6272K(6464K)
[878.198s][info][gc             ] GC(2392) Pause Young (Allocation Failure) 463M->183M(485M) 1.062ms
[878.198s][info][gc,cpu         ] GC(2392) User=0.00s Sys=0.00s Real=0.00s
[878.541s][info][gc,start       ] GC(2393) Pause Young (Allocation Failure)
[878.542s][info][gc,heap        ] GC(2393) PSYoungGen: 290880K(309248K)->64K(310784K) Eden: 290816K(290816K)->0K(290816K) From: 64K(18432K)->64K(19968K)
[878.542s][info][gc,heap        ] GC(2393) ParOldGen: 187452K(187904K)->187452K(187904K)
[878.542s][info][gc,metaspace   ] GC(2393) Metaspace: 35604K(36352K)->35604K(36352K) NonClass: 29331K(29888K)->29331K(29888K) Class: 6272K(6464K)->6272K(6464K)
[878.542s][info][gc             ] GC(2393) Pause Young (Allocation Failure) 467M->183M(487M) 1.050ms
[878.542s][info][gc,cpu         ] GC(2393) User=0.00s Sys=0.00s Real=0.00s
[878.596s][info][gc,start       ] GC(2394) Pause Young (Allocation Failure)
[878.597s][info][gc,heap        ] GC(2394) PSYoungGen: 290880K(310784K)->64K(311296K) Eden: 290816K(290816K)->0K(294912K) From: 64K(19968K)->64K(16384K)
[878.597s][info][gc,heap        ] GC(2394) ParOldGen: 187452K(187904K)->187468K(187904K)
[878.597s][info][gc,metaspace   ] GC(2394) Metaspace: 35604K(36352K)->35604K(36352K) NonClass: 29331K(29888K)->29331K(29888K) Class: 6272K(6464K)->6272K(6464K)
[878.597s][info][gc             ] GC(2394) Pause Young (Allocation Failure) 467M->183M(487M) 0.976ms
[878.597s][info][gc,cpu         ] GC(2394) User=0.00s Sys=0.00s Real=0.01s
[878.654s][info][gc,start       ] GC(2395) Pause Young (Allocation Failure)
[878.655s][info][gc,heap        ] GC(2395) PSYoungGen: 294976K(311296K)->64K(312832K) Eden: 294912K(294912K)->0K(294912K) From: 64K(16384K)->64K(17920K)
[878.655s][info][gc,heap        ] GC(2395) ParOldGen: 187468K(187904K)->187468K(187904K)
[878.655s][info][gc,metaspace   ] GC(2395) Metaspace: 35604K(36352K)->35604K(36352K) NonClass: 29331K(29888K)->29331K(29888K) Class: 6272K(6464K)->6272K(6464K)
[878.655s][info][gc             ] GC(2395) Pause Young (Allocation Failure) 471M->183M(489M) 0.942ms
[878.655s][info][gc,cpu         ] GC(2395) User=0.00s Sys=0.00s Real=0.00s
[878.838s][info][gc,start       ] GC(2396) Pause Young (Allocation Failure)
[878.839s][info][gc,heap        ] GC(2396) PSYoungGen: 294976K(312832K)->64K(313344K) Eden: 294912K(294912K)->0K(299008K) From: 64K(17920K)->64K(14336K)
[878.839s][info][gc,heap        ] GC(2396) ParOldGen: 187468K(187904K)->187468K(187904K)
[878.839s][info][gc,metaspace   ] GC(2396) Metaspace: 35604K(36352K)->35604K(36352K) NonClass: 29331K(29888K)->29331K(29888K) Class: 6272K(6464K)->6272K(6464K)
[878.839s][info][gc             ] GC(2396) Pause Young (Allocation Failure) 471M->183M(489M) 1.030ms
[878.839s][info][gc,cpu         ] GC(2396) User=0.00s Sys=0.00s Real=0.00s
[879.046s][info][gc,start       ] GC(2397) Pause Young (Allocation Failure)
[879.047s][info][gc,heap        ] GC(2397) PSYoungGen: 299072K(313344K)->64K(314880K) Eden: 299008K(299008K)->0K(299008K) From: 64K(14336K)->64K(15872K)
[879.047s][info][gc,heap        ] GC(2397) ParOldGen: 187468K(187904K)->187476K(187904K)
[879.047s][info][gc,metaspace   ] GC(2397) Metaspace: 35604K(36352K)->35604K(36352K) NonClass: 29331K(29888K)->29331K(29888K) Class: 6272K(6464K)->6272K(6464K)
[879.047s][info][gc             ] GC(2397) Pause Young (Allocation Failure) 475M->183M(491M) 1.017ms
[879.047s][info][gc,cpu         ] GC(2397) User=0.00s Sys=0.00s Real=0.01s
[879.161s][info][gc,start       ] GC(2398) Pause Young (Allocation Failure)
[879.162s][info][gc,heap        ] GC(2398) PSYoungGen: 299072K(314880K)->64K(316416K) Eden: 299008K(299008K)->0K(303104K) From: 64K(15872K)->64K(13312K)
[879.162s][info][gc,heap        ] GC(2398) ParOldGen: 187476K(187904K)->187484K(187904K)
[879.162s][info][gc,metaspace   ] GC(2398) Metaspace: 35604K(36352K)->35604K(36352K) NonClass: 29331K(29888K)->29331K(29888K) Class: 6272K(6464K)->6272K(6464K)
[879.162s][info][gc             ] GC(2398) Pause Young (Allocation Failure) 475M->183M(492M) 1.030ms
[879.162s][info][gc,cpu         ] GC(2398) User=0.01s Sys=0.00s Real=0.00s
[879.261s][info][gc,start       ] GC(2399) Pause Young (Allocation Failure)
[879.262s][info][gc,heap        ] GC(2399) PSYoungGen: 303168K(316416K)->64K(317440K) Eden: 303104K(303104K)->0K(303104K) From: 64K(13312K)->64K(14336K)
[879.262s][info][gc,heap        ] GC(2399) ParOldGen: 187484K(187904K)->187492K(187904K)
[879.262s][info][gc,metaspace   ] GC(2399) Metaspace: 35604K(36352K)->35604K(36352K) NonClass: 29331K(29888K)->29331K(29888K) Class: 6272K(6464K)->6272K(6464K)
[879.262s][info][gc             ] GC(2399) Pause Young (Allocation Failure) 479M->183M(493M) 0.967ms
[879.262s][info][gc,cpu         ] GC(2399) User=0.01s Sys=0.00s Real=0.00s
[879.464s][info][gc,start       ] GC(2400) Pause Young (Allocation Failure)
[879.465s][info][gc,heap        ] GC(2400) PSYoungGen: 303168K(317440K)->64K(291328K) Eden: 303104K(303104K)->0K(290816K) From: 64K(14336K)->64K(512K)
[879.465s][info][gc,heap        ] GC(2400) ParOldGen: 187492K(187904K)->187500K(187904K)
[879.465s][info][gc,metaspace   ] GC(2400) Metaspace: 35604K(36352K)->35604K(36352K) NonClass: 29331K(29888K)->29331K(29888K) Class: 6272K(6464K)->6272K(6464K)
[879.465s][info][gc             ] GC(2400) Pause Young (Allocation Failure) 479M->183M(468M) 0.978ms
[879.465s][info][gc,cpu         ] GC(2400) User=0.00s Sys=0.00s Real=0.00s
[880.393s][info][gc,start       ] GC(2401) Pause Young (Allocation Failure)
[880.394s][info][gc,heap        ] GC(2401) PSYoungGen: 290880K(291328K)->64K(291840K) Eden: 290816K(290816K)->0K(279552K) From: 64K(512K)->64K(12288K)
[880.394s][info][gc,heap        ] GC(2401) ParOldGen: 187500K(187904K)->187508K(187904K)
[880.394s][info][gc,metaspace   ] GC(2401) Metaspace: 35604K(36352K)->35604K(36352K) NonClass: 29331K(29888K)->29331K(29888K) Class: 6272K(6464K)->6272K(6464K)
[880.394s][info][gc             ] GC(2401) Pause Young (Allocation Failure) 467M->183M(468M) 1.035ms
[880.394s][info][gc,cpu         ] GC(2401) User=0.00s Sys=0.00s Real=0.00s
[881.296s][info][gc,start       ] GC(2402) Pause Young (Allocation Failure)
[881.297s][info][gc,heap        ] GC(2402) PSYoungGen: 279616K(291840K)->64K(269312K) Eden: 279552K(279552K)->0K(268800K) From: 64K(12288K)->64K(512K)
[881.297s][info][gc,heap        ] GC(2402) ParOldGen: 187508K(187904K)->187516K(187904K)
[881.297s][info][gc,metaspace   ] GC(2402) Metaspace: 35604K(36352K)->35604K(36352K) NonClass: 29331K(29888K)->29331K(29888K) Class: 6272K(6464K)->6272K(6464K)
[881.297s][info][gc             ] GC(2402) Pause Young (Allocation Failure) 456M->183M(446M) 1.530ms
[881.297s][info][gc,cpu         ] GC(2402) User=0.00s Sys=0.00s Real=0.01s
[881.589s][info][gc,start       ] GC(2403) Pause Young (Allocation Failure)
[881.590s][info][gc,heap        ] GC(2403) PSYoungGen: 268864K(269312K)->64K(269312K) Eden: 268800K(268800K)->0K(258560K) From: 64K(512K)->64K(10752K)
[881.590s][info][gc,heap        ] GC(2403) ParOldGen: 187516K(187904K)->187524K(187904K)
[881.590s][info][gc,metaspace   ] GC(2403) Metaspace: 35604K(36352K)->35604K(36352K) NonClass: 29331K(29888K)->29331K(29888K) Class: 6272K(6464K)->6272K(6464K)
[881.590s][info][gc             ] GC(2403) Pause Young (Allocation Failure) 445M->183M(446M) 0.971ms
[881.590s][info][gc,cpu         ] GC(2403) User=0.00s Sys=0.00s Real=0.00s
[882.002s][info][gc,start       ] GC(2404) Pause Young (Allocation Failure)
[882.004s][info][gc,heap        ] GC(2404) PSYoungGen: 258624K(269312K)->64K(249344K) Eden: 258560K(258560K)->0K(248832K) From: 64K(10752K)->64K(512K)
[882.004s][info][gc,heap        ] GC(2404) ParOldGen: 187524K(187904K)->187532K(187904K)
[882.004s][info][gc,metaspace   ] GC(2404) Metaspace: 35604K(36352K)->35604K(36352K) NonClass: 29331K(29888K)->29331K(29888K) Class: 6272K(6464K)->6272K(6464K)
[882.004s][info][gc             ] GC(2404) Pause Young (Allocation Failure) 435M->183M(427M) 1.864ms
[882.004s][info][gc,cpu         ] GC(2404) User=0.01s Sys=0.00s Real=0.00s
[882.935s][info][gc,start       ] GC(2405) Pause Young (Allocation Failure)
[882.935s][info][gc,heap        ] GC(2405) PSYoungGen: 248896K(249344K)->64K(248832K) Eden: 248832K(248832K)->0K(239616K) From: 64K(512K)->64K(9216K)
[882.935s][info][gc,heap        ] GC(2405) ParOldGen: 187532K(187904K)->187540K(187904K)
[882.935s][info][gc,metaspace   ] GC(2405) Metaspace: 35604K(36352K)->35604K(36352K) NonClass: 29331K(29888K)->29331K(29888K) Class: 6272K(6464K)->6272K(6464K)
[882.935s][info][gc             ] GC(2405) Pause Young (Allocation Failure) 426M->183M(426M) 0.964ms
[882.935s][info][gc,cpu         ] GC(2405) User=0.00s Sys=0.00s Real=0.00s
[883.295s][info][gc,start       ] GC(2406) Pause Young (Allocation Failure)
[883.297s][info][gc,heap        ] GC(2406) PSYoungGen: 239680K(248832K)->64K(230912K) Eden: 239616K(239616K)->0K(230400K) From: 64K(9216K)->64K(512K)
[883.297s][info][gc,heap        ] GC(2406) ParOldGen: 187540K(187904K)->187548K(187904K)
[883.297s][info][gc,metaspace   ] GC(2406) Metaspace: 35604K(36352K)->35604K(36352K) NonClass: 29331K(29888K)->29331K(29888K) Class: 6272K(6464K)->6272K(6464K)
[883.297s][info][gc             ] GC(2406) Pause Young (Allocation Failure) 417M->183M(409M) 1.594ms
[883.297s][info][gc,cpu         ] GC(2406) User=0.00s Sys=0.00s Real=0.01s
[883.460s][info][gc,start       ] GC(2407) Pause Young (Allocation Failure)
[883.460s][info][gc,heap        ] GC(2407) PSYoungGen: 230464K(230912K)->64K(229888K) Eden: 230400K(230400K)->0K(221696K) From: 64K(512K)->64K(8192K)
[883.461s][info][gc,heap        ] GC(2407) ParOldGen: 187548K(187904K)->187556K(187904K)
[883.461s][info][gc,metaspace   ] GC(2407) Metaspace: 35604K(36352K)->35604K(36352K) NonClass: 29331K(29888K)->29331K(29888K) Class: 6272K(6464K)->6272K(6464K)
[883.461s][info][gc             ] GC(2407) Pause Young (Allocation Failure) 408M->183M(408M) 0.903ms
[883.461s][info][gc,cpu         ] GC(2407) User=0.01s Sys=0.00s Real=0.00s
[883.543s][info][gc,start       ] GC(2408) Pause Young (Allocation Failure)
[883.544s][info][gc,heap        ] GC(2408) PSYoungGen: 221760K(229888K)->64K(214016K) Eden: 221696K(221696K)->0K(213504K) From: 64K(8192K)->64K(512K)
[883.544s][info][gc,heap        ] GC(2408) ParOldGen: 187556K(187904K)->187564K(187904K)
[883.544s][info][gc,metaspace   ] GC(2408) Metaspace: 35604K(36352K)->35604K(36352K) NonClass: 29331K(29888K)->29331K(29888K) Class: 6272K(6464K)->6272K(6464K)
[883.544s][info][gc             ] GC(2408) Pause Young (Allocation Failure) 399M->183M(392M) 1.740ms
[883.544s][info][gc,cpu         ] GC(2408) User=0.00s Sys=0.00s Real=0.00s
[884.067s][info][gc,start       ] GC(2409) Pause Young (Allocation Failure)
[884.068s][info][gc,heap        ] GC(2409) PSYoungGen: 213568K(214016K)->64K(212992K) Eden: 213504K(213504K)->0K(205824K) From: 64K(512K)->64K(7168K)
[884.068s][info][gc,heap        ] GC(2409) ParOldGen: 187564K(187904K)->187572K(187904K)
[884.068s][info][gc,metaspace   ] GC(2409) Metaspace: 35604K(36352K)->35604K(36352K) NonClass: 29331K(29888K)->29331K(29888K) Class: 6272K(6464K)->6272K(6464K)
[884.068s][info][gc             ] GC(2409) Pause Young (Allocation Failure) 391M->183M(391M) 1.022ms
[884.068s][info][gc,cpu         ] GC(2409) User=0.00s Sys=0.00s Real=0.00s
[884.278s][info][gc,start       ] GC(2410) Pause Young (Allocation Failure)
[884.280s][info][gc,heap        ] GC(2410) PSYoungGen: 205888K(212992K)->64K(198656K) Eden: 205824K(205824K)->0K(198144K) From: 64K(7168K)->64K(512K)
[884.280s][info][gc,heap        ] GC(2410) ParOldGen: 187572K(187904K)->187580K(187904K)
[884.280s][info][gc,metaspace   ] GC(2410) Metaspace: 35604K(36352K)->35604K(36352K) NonClass: 29331K(29888K)->29331K(29888K) Class: 6272K(6464K)->6272K(6464K)
[884.280s][info][gc             ] GC(2410) Pause Young (Allocation Failure) 384M->183M(377M) 2.508ms
[884.280s][info][gc,cpu         ] GC(2410) User=0.00s Sys=0.00s Real=0.00s
[884.629s][info][gc,start       ] GC(2411) Pause Young (Allocation Failure)
[884.639s][info][gc,heap        ] GC(2411) PSYoungGen: 198208K(198656K)->3968K(238592K) Eden: 198144K(198144K)->0K(234496K) From: 64K(512K)->3968K(4096K)
[884.639s][info][gc,heap        ] GC(2411) ParOldGen: 187580K(187904K)->187596K(187904K)
[884.639s][info][gc,metaspace   ] GC(2411) Metaspace: 35604K(36352K)->35604K(36352K) NonClass: 29331K(29888K)->29331K(29888K) Class: 6272K(6464K)->6272K(6464K)
[884.639s][info][gc             ] GC(2411) Pause Young (Allocation Failure) 376M->187M(416M) 10.091ms
[884.639s][info][gc,cpu         ] GC(2411) User=0.01s Sys=0.01s Real=0.01s
[884.901s][info][gc,start       ] GC(2412) Pause Young (Allocation Failure)
[884.955s][info][gc,heap        ] GC(2412) PSYoungGen: 238464K(238592K)->6656K(262656K) Eden: 234496K(234496K)->0K(256000K) From: 3968K(4096K)->6656K(6656K)
[884.955s][info][gc,heap        ] GC(2412) ParOldGen: 187596K(187904K)->205684K(205824K)
[884.955s][info][gc,metaspace   ] GC(2412) Metaspace: 35604K(36352K)->35604K(36352K) NonClass: 29331K(29888K)->29331K(29888K) Class: 6272K(6464K)->6272K(6464K)
[884.955s][info][gc             ] GC(2412) Pause Young (Allocation Failure) 416M->207M(457M) 53.687ms
[884.955s][info][gc,cpu         ] GC(2412) User=0.09s Sys=0.01s Real=0.05s
[885.240s][info][gc,start       ] GC(2413) Pause Young (Allocation Failure)
[885.294s][info][gc,heap        ] GC(2413) PSYoungGen: 262656K(262656K)->14848K(270848K) Eden: 256000K(256000K)->0K(256000K) From: 6656K(6656K)->14848K(14848K)
[885.294s][info][gc,heap        ] GC(2413) ParOldGen: 205684K(205824K)->218500K(218624K)
[885.294s][info][gc,metaspace   ] GC(2413) Metaspace: 35604K(36352K)->35604K(36352K) NonClass: 29331K(29888K)->29331K(29888K) Class: 6272K(6464K)->6272K(6464K)
[885.294s][info][gc             ] GC(2413) Pause Young (Allocation Failure) 457M->227M(478M) 54.083ms
[885.294s][info][gc,cpu         ] GC(2413) User=0.11s Sys=0.00s Real=0.05s
[885.469s][info][gc,start       ] GC(2414) Pause Young (Allocation Failure)
[885.500s][info][gc,heap        ] GC(2414) PSYoungGen: 270848K(270848K)->13312K(308736K) Eden: 256000K(256000K)->0K(285696K) From: 14848K(14848K)->13312K(23040K)
[885.500s][info][gc,heap        ] GC(2414) ParOldGen: 218500K(218624K)->218964K(219136K)
[885.500s][info][gc,metaspace   ] GC(2414) Metaspace: 35604K(36352K)->35604K(36352K) NonClass: 29331K(29888K)->29331K(29888K) Class: 6272K(6464K)->6272K(6464K)
[885.500s][info][gc             ] GC(2414) Pause Young (Allocation Failure) 477M->226M(515M) 31.724ms
[885.500s][info][gc,cpu         ] GC(2414) User=0.05s Sys=0.01s Real=0.03s
[885.805s][info][gc,start       ] GC(2415) Pause Young (Allocation Failure)
[885.806s][info][gc,heap        ] GC(2415) PSYoungGen: 299008K(308736K)->64K(309760K) Eden: 285696K(285696K)->0K(285696K) From: 13312K(23040K)->64K(24064K)
[885.806s][info][gc,heap        ] GC(2415) ParOldGen: 218964K(219136K)->218972K(219136K)
[885.806s][info][gc,metaspace   ] GC(2415) Metaspace: 35604K(36352K)->35604K(36352K) NonClass: 29331K(29888K)->29331K(29888K) Class: 6272K(6464K)->6272K(6464K)
[885.806s][info][gc             ] GC(2415) Pause Young (Allocation Failure) 505M->213M(516M) 1.143ms
[885.806s][info][gc,cpu         ] GC(2415) User=0.01s Sys=0.00s Real=0.00s
[886.508s][info][gc,start       ] GC(2416) Pause Young (Allocation Failure)
[886.509s][info][gc,heap        ] GC(2416) PSYoungGen: 285760K(309760K)->64K(307200K) Eden: 285696K(285696K)->0K(286208K) From: 64K(24064K)->64K(20992K)
[886.509s][info][gc,heap        ] GC(2416) ParOldGen: 218972K(219136K)->218980K(219136K)
[886.509s][info][gc,metaspace   ] GC(2416) Metaspace: 35604K(36352K)->35604K(36352K) NonClass: 29331K(29888K)->29331K(29888K) Class: 6272K(6464K)->6272K(6464K)
[886.509s][info][gc             ] GC(2416) Pause Young (Allocation Failure) 492M->213M(514M) 1.164ms
[886.509s][info][gc,cpu         ] GC(2416) User=0.01s Sys=0.00s Real=0.00s
[886.856s][info][gc,start       ] GC(2417) Pause Young (Allocation Failure)
[886.857s][info][gc,heap        ] GC(2417) PSYoungGen: 286272K(307200K)->64K(308736K) Eden: 286208K(286208K)->0K(286208K) From: 64K(20992K)->64K(22528K)
[886.857s][info][gc,heap        ] GC(2417) ParOldGen: 218980K(219136K)->218996K(219136K)
[886.857s][info][gc,metaspace   ] GC(2417) Metaspace: 35604K(36352K)->35604K(36352K) NonClass: 29331K(29888K)->29331K(29888K) Class: 6272K(6464K)->6272K(6464K)
[886.857s][info][gc             ] GC(2417) Pause Young (Allocation Failure) 493M->213M(515M) 1.126ms
[886.857s][info][gc,cpu         ] GC(2417) User=0.00s Sys=0.00s Real=0.01s
[887.256s][info][gc,start       ] GC(2418) Pause Young (Allocation Failure)
[887.257s][info][gc,heap        ] GC(2418) PSYoungGen: 286272K(308736K)->64K(308736K) Eden: 286208K(286208K)->0K(289280K) From: 64K(22528K)->64K(19456K)
[887.257s][info][gc,heap        ] GC(2418) ParOldGen: 218996K(219136K)->219004K(219136K)
[887.257s][info][gc,metaspace   ] GC(2418) Metaspace: 35604K(36352K)->35604K(36352K) NonClass: 29331K(29888K)->29331K(29888K) Class: 6272K(6464K)->6272K(6464K)
[887.257s][info][gc             ] GC(2418) Pause Young (Allocation Failure) 493M->213M(515M) 1.165ms
[887.257s][info][gc,cpu         ] GC(2418) User=0.00s Sys=0.00s Real=0.01s
[887.467s][info][gc,start       ] GC(2419) Pause Young (Allocation Failure)
[887.468s][info][gc,heap        ] GC(2419) PSYoungGen: 289344K(308736K)->64K(310272K) Eden: 289280K(289280K)->0K(289280K) From: 64K(19456K)->64K(20992K)
[887.468s][info][gc,heap        ] GC(2419) ParOldGen: 219004K(219136K)->219020K(219136K)
[887.468s][info][gc,metaspace   ] GC(2419) Metaspace: 35604K(36352K)->35604K(36352K) NonClass: 29331K(29888K)->29331K(29888K) Class: 6272K(6464K)->6272K(6464K)
[887.469s][info][gc             ] GC(2419) Pause Young (Allocation Failure) 496M->213M(517M) 1.219ms
[887.469s][info][gc,cpu         ] GC(2419) User=0.01s Sys=0.00s Real=0.00s
[887.799s][info][gc,start       ] GC(2420) Pause Young (Allocation Failure)
[887.800s][info][gc,heap        ] GC(2420) PSYoungGen: 289344K(310272K)->64K(310272K) Eden: 289280K(289280K)->0K(292864K) From: 64K(20992K)->64K(17408K)
[887.800s][info][gc,heap        ] GC(2420) ParOldGen: 219020K(219136K)->219020K(219136K)
[887.800s][info][gc,metaspace   ] GC(2420) Metaspace: 35604K(36352K)->35604K(36352K) NonClass: 29331K(29888K)->29331K(29888K) Class: 6272K(6464K)->6272K(6464K)
[887.800s][info][gc             ] GC(2420) Pause Young (Allocation Failure) 496M->213M(517M) 1.202ms
[887.800s][info][gc,cpu         ] GC(2420) User=0.01s Sys=0.00s Real=0.00s
[887.957s][info][gc,start       ] GC(2421) Pause Young (Allocation Failure)
[887.958s][info][gc,heap        ] GC(2421) PSYoungGen: 292928K(310272K)->64K(311808K) Eden: 292864K(292864K)->0K(292864K) From: 64K(17408K)->64K(18944K)
[887.958s][info][gc,heap        ] GC(2421) ParOldGen: 219020K(219136K)->219028K(219136K)
[887.958s][info][gc,metaspace   ] GC(2421) Metaspace: 35604K(36352K)->35604K(36352K) NonClass: 29331K(29888K)->29331K(29888K) Class: 6272K(6464K)->6272K(6464K)
[887.958s][info][gc             ] GC(2421) Pause Young (Allocation Failure) 499M->213M(518M) 1.131ms
[887.958s][info][gc,cpu         ] GC(2421) User=0.00s Sys=0.00s Real=0.00s
[888.013s][info][gc,start       ] GC(2422) Pause Young (Allocation Failure)
[888.014s][info][gc,heap        ] GC(2422) PSYoungGen: 292928K(311808K)->64K(313344K) Eden: 292864K(292864K)->0K(296960K) From: 64K(18944K)->64K(16384K)
[888.014s][info][gc,heap        ] GC(2422) ParOldGen: 219028K(219136K)->219044K(219136K)
[888.014s][info][gc,metaspace   ] GC(2422) Metaspace: 35604K(36352K)->35604K(36352K) NonClass: 29331K(29888K)->29331K(29888K) Class: 6272K(6464K)->6272K(6464K)
[888.014s][info][gc             ] GC(2422) Pause Young (Allocation Failure) 499M->213M(520M) 1.201ms
[888.014s][info][gc,cpu         ] GC(2422) User=0.01s Sys=0.00s Real=0.00s
[888.123s][info][gc,start       ] GC(2423) Pause Young (Allocation Failure)
[888.124s][info][gc,heap        ] GC(2423) PSYoungGen: 297024K(313344K)->64K(314368K) Eden: 296960K(296960K)->0K(296960K) From: 64K(16384K)->64K(17408K)
[888.124s][info][gc,heap        ] GC(2423) ParOldGen: 219044K(219136K)->219044K(219136K)
[888.124s][info][gc,metaspace   ] GC(2423) Metaspace: 35604K(36352K)->35604K(36352K) NonClass: 29331K(29888K)->29331K(29888K) Class: 6272K(6464K)->6272K(6464K)
[888.124s][info][gc             ] GC(2423) Pause Young (Allocation Failure) 503M->213M(521M) 1.159ms
[888.124s][info][gc,cpu         ] GC(2423) User=0.00s Sys=0.00s Real=0.00s
[888.346s][info][gc,start       ] GC(2424) Pause Young (Allocation Failure)
[888.347s][info][gc,heap        ] GC(2424) PSYoungGen: 297024K(314368K)->64K(314368K) Eden: 296960K(296960K)->0K(300032K) From: 64K(17408K)->64K(14336K)
[888.348s][info][gc,heap        ] GC(2424) ParOldGen: 219044K(219136K)->219060K(219136K)
[888.348s][info][gc,metaspace   ] GC(2424) Metaspace: 35604K(36352K)->35604K(36352K) NonClass: 29331K(29888K)->29331K(29888K) Class: 6272K(6464K)->6272K(6464K)
[888.348s][info][gc             ] GC(2424) Pause Young (Allocation Failure) 503M->213M(521M) 1.129ms
[888.348s][info][gc,cpu         ] GC(2424) User=0.01s Sys=0.00s Real=0.01s
[888.534s][info][gc,start       ] GC(2425) Pause Young (Allocation Failure)
[888.535s][info][gc,heap        ] GC(2425) PSYoungGen: 300096K(314368K)->64K(315392K) Eden: 300032K(300032K)->0K(300032K) From: 64K(14336K)->64K(15360K)
[888.535s][info][gc,heap        ] GC(2425) ParOldGen: 219060K(219136K)->219060K(219136K)
[888.535s][info][gc,metaspace   ] GC(2425) Metaspace: 35604K(36352K)->35604K(36352K) NonClass: 29331K(29888K)->29331K(29888K) Class: 6272K(6464K)->6272K(6464K)
[888.535s][info][gc             ] GC(2425) Pause Young (Allocation Failure) 506M->213M(522M) 1.233ms
[888.535s][info][gc,cpu         ] GC(2425) User=0.00s Sys=0.00s Real=0.00s
[888.619s][info][gc,start       ] GC(2426) Pause Young (Allocation Failure)
[888.620s][info][gc,heap        ] GC(2426) PSYoungGen: 300096K(315392K)->64K(317440K) Eden: 300032K(300032K)->0K(304128K) From: 64K(15360K)->64K(13312K)
[888.620s][info][gc,heap        ] GC(2426) ParOldGen: 219060K(219136K)->219076K(219136K)
[888.620s][info][gc,metaspace   ] GC(2426) Metaspace: 35604K(36352K)->35604K(36352K) NonClass: 29331K(29888K)->29331K(29888K) Class: 6272K(6464K)->6272K(6464K)
[888.620s][info][gc             ] GC(2426) Pause Young (Allocation Failure) 506M->214M(524M) 1.110ms
[888.620s][info][gc,cpu         ] GC(2426) User=0.00s Sys=0.00s Real=0.00s
[888.772s][info][gc,start       ] GC(2427) Pause Young (Allocation Failure)
[888.773s][info][gc,heap        ] GC(2427) PSYoungGen: 304192K(317440K)->64K(317952K) Eden: 304128K(304128K)->0K(304128K) From: 64K(13312K)->64K(13824K)
[888.773s][info][gc,heap        ] GC(2427) ParOldGen: 219076K(219136K)->219076K(219136K)
[888.773s][info][gc,metaspace   ] GC(2427) Metaspace: 35604K(36352K)->35604K(36352K) NonClass: 29331K(29888K)->29331K(29888K) Class: 6272K(6464K)->6272K(6464K)
[888.773s][info][gc             ] GC(2427) Pause Young (Allocation Failure) 511M->214M(524M) 1.113ms
[888.773s][info][gc,cpu         ] GC(2427) User=0.00s Sys=0.00s Real=0.00s
[889.188s][info][gc,start       ] GC(2428) Pause Young (Allocation Failure)
[889.190s][info][gc,heap        ] GC(2428) PSYoungGen: 304192K(317952K)->64K(292352K) Eden: 304128K(304128K)->0K(291840K) From: 64K(13824K)->64K(512K)
[889.190s][info][gc,heap        ] GC(2428) ParOldGen: 219076K(219136K)->219084K(219136K)
[889.190s][info][gc,metaspace   ] GC(2428) Metaspace: 35604K(36352K)->35604K(36352K) NonClass: 29331K(29888K)->29331K(29888K) Class: 6272K(6464K)->6272K(6464K)
[889.190s][info][gc             ] GC(2428) Pause Young (Allocation Failure) 511M->214M(499M) 1.486ms
[889.190s][info][gc,cpu         ] GC(2428) User=0.00s Sys=0.00s Real=0.00s
[890.183s][info][gc,start       ] GC(2429) Pause Young (Allocation Failure)
[890.184s][info][gc,heap        ] GC(2429) PSYoungGen: 291904K(292352K)->64K(291840K) Eden: 291840K(291840K)->0K(280064K) From: 64K(512K)->64K(11776K)
[890.184s][info][gc,heap        ] GC(2429) ParOldGen: 219084K(219136K)->219092K(219136K)
[890.184s][info][gc,metaspace   ] GC(2429) Metaspace: 35604K(36352K)->35604K(36352K) NonClass: 29331K(29888K)->29331K(29888K) Class: 6272K(6464K)->6272K(6464K)
[890.184s][info][gc             ] GC(2429) Pause Young (Allocation Failure) 499M->214M(499M) 1.025ms
[890.184s][info][gc,cpu         ] GC(2429) User=0.00s Sys=0.00s Real=0.00s
[890.826s][info][gc,start       ] GC(2430) Pause Young (Allocation Failure)
[890.827s][info][gc,heap        ] GC(2430) PSYoungGen: 280128K(291840K)->64K(269824K) Eden: 280064K(280064K)->0K(269312K) From: 64K(11776K)->64K(512K)
[890.827s][info][gc,heap        ] GC(2430) ParOldGen: 219092K(219136K)->219100K(219136K)
[890.827s][info][gc,metaspace   ] GC(2430) Metaspace: 35604K(36352K)->35604K(36352K) NonClass: 29331K(29888K)->29331K(29888K) Class: 6272K(6464K)->6272K(6464K)
[890.827s][info][gc             ] GC(2430) Pause Young (Allocation Failure) 487M->214M(477M) 1.762ms
[890.827s][info][gc,cpu         ] GC(2430) User=0.00s Sys=0.01s Real=0.01s
[891.282s][info][gc,start       ] GC(2431) Pause Young (Allocation Failure)
[891.284s][info][gc,heap        ] GC(2431) PSYoungGen: 269376K(269824K)->64K(269312K) Eden: 269312K(269312K)->0K(259072K) From: 64K(512K)->64K(10240K)
[891.284s][info][gc,heap        ] GC(2431) ParOldGen: 219100K(219136K)->219116K(219136K)
[891.284s][info][gc,metaspace   ] GC(2431) Metaspace: 35604K(36352K)->35604K(36352K) NonClass: 29331K(29888K)->29331K(29888K) Class: 6272K(6464K)->6272K(6464K)
[891.284s][info][gc             ] GC(2431) Pause Young (Allocation Failure) 477M->214M(477M) 1.820ms
[891.284s][info][gc,cpu         ] GC(2431) User=0.00s Sys=0.00s Real=0.00s
[892.271s][info][gc,start       ] GC(2432) Pause Young (Allocation Failure)
[892.272s][info][gc,heap        ] GC(2432) PSYoungGen: 259136K(269312K)->32K(249856K) Eden: 259072K(259072K)->0K(249344K) From: 64K(10240K)->32K(512K)
[892.272s][info][gc,heap        ] GC(2432) ParOldGen: 219116K(219136K)->219124K(219136K)
[892.272s][info][gc,metaspace   ] GC(2432) Metaspace: 35604K(36352K)->35604K(36352K) NonClass: 29331K(29888K)->29331K(29888K) Class: 6272K(6464K)->6272K(6464K)
[892.272s][info][gc             ] GC(2432) Pause Young (Allocation Failure) 467M->214M(458M) 1.867ms
[892.272s][info][gc,cpu         ] GC(2432) User=0.01s Sys=0.00s Real=0.00s
[892.494s][info][gc,start       ] GC(2433) Pause Young (Allocation Failure)
[892.496s][info][gc,heap        ] GC(2433) PSYoungGen: 249376K(249856K)->64K(248832K) Eden: 249344K(249344K)->0K(239616K) From: 32K(512K)->64K(9216K)
[892.496s][info][gc,heap        ] GC(2433) ParOldGen: 219124K(219136K)->219132K(219136K)
[892.496s][info][gc,metaspace   ] GC(2433) Metaspace: 35604K(36352K)->35604K(36352K) NonClass: 29331K(29888K)->29331K(29888K) Class: 6272K(6464K)->6272K(6464K)
[892.496s][info][gc             ] GC(2433) Pause Young (Allocation Failure) 457M->214M(457M) 1.830ms
[892.496s][info][gc,cpu         ] GC(2433) User=0.00s Sys=0.00s Real=0.00s
[892.861s][info][gc,start       ] GC(2434) Pause Young (Allocation Failure)
[892.863s][info][gc,heap        ] GC(2434) PSYoungGen: 239680K(248832K)->32K(230912K) Eden: 239616K(239616K)->0K(230400K) From: 64K(9216K)->32K(512K)
[892.863s][info][gc,heap        ] GC(2434) ParOldGen: 219132K(219136K)->219140K(219648K)
[892.863s][info][gc,metaspace   ] GC(2434) Metaspace: 35604K(36352K)->35604K(36352K) NonClass: 29331K(29888K)->29331K(29888K) Class: 6272K(6464K)->6272K(6464K)
[892.863s][info][gc             ] GC(2434) Pause Young (Allocation Failure) 448M->214M(440M) 2.715ms
[892.863s][info][gc,cpu         ] GC(2434) User=0.00s Sys=0.00s Real=0.00s
[892.920s][info][gc,start       ] GC(2435) Pause Young (Allocation Failure)
[892.922s][info][gc,heap        ] GC(2435) PSYoungGen: 230432K(230912K)->32K(280064K) Eden: 230400K(230400K)->0K(272384K) From: 32K(512K)->32K(7680K)
[892.922s][info][gc,heap        ] GC(2435) ParOldGen: 219140K(219648K)->219156K(219648K)
[892.922s][info][gc,metaspace   ] GC(2435) Metaspace: 35604K(36352K)->35604K(36352K) NonClass: 29331K(29888K)->29331K(29888K) Class: 6272K(6464K)->6272K(6464K)
[892.922s][info][gc             ] GC(2435) Pause Young (Allocation Failure) 439M->214M(488M) 1.727ms
[892.922s][info][gc,cpu         ] GC(2435) User=0.00s Sys=0.00s Real=0.00s
[893.447s][info][gc,start       ] GC(2436) Pause Young (Allocation Failure)
[893.449s][info][gc,heap        ] GC(2436) PSYoungGen: 272416K(280064K)->64K(262144K) Eden: 272384K(272384K)->0K(261632K) From: 32K(7680K)->64K(512K)
[893.449s][info][gc,heap        ] GC(2436) ParOldGen: 219156K(219648K)->219156K(219648K)
[893.449s][info][gc,metaspace   ] GC(2436) Metaspace: 35604K(36352K)->35604K(36352K) NonClass: 29331K(29888K)->29331K(29888K) Class: 6272K(6464K)->6272K(6464K)
[893.449s][info][gc             ] GC(2436) Pause Young (Allocation Failure) 480M->214M(470M) 2.494ms
[893.449s][info][gc,cpu         ] GC(2436) User=0.00s Sys=0.00s Real=0.00s
[893.764s][info][gc,start       ] GC(2437) Pause Young (Allocation Failure)
[893.766s][info][gc,heap        ] GC(2437) PSYoungGen: 261696K(262144K)->64K(258048K) Eden: 261632K(261632K)->0K(251392K) From: 64K(512K)->64K(6656K)
[893.766s][info][gc,heap        ] GC(2437) ParOldGen: 219156K(219648K)->219172K(219648K)
[893.766s][info][gc,metaspace   ] GC(2437) Metaspace: 35604K(36352K)->35604K(36352K) NonClass: 29331K(29888K)->29331K(29888K) Class: 6272K(6464K)->6272K(6464K)
[893.766s][info][gc             ] GC(2437) Pause Young (Allocation Failure) 469M->214M(466M) 1.842ms
[893.766s][info][gc,cpu         ] GC(2437) User=0.00s Sys=0.00s Real=0.00s
[894.166s][info][gc,start       ] GC(2438) Pause Young (Allocation Failure)
[894.214s][info][gc,heap        ] GC(2438) PSYoungGen: 251456K(258048K)->6144K(274432K) Eden: 251392K(251392K)->0K(268288K) From: 64K(6656K)->6144K(6144K)
[894.214s][info][gc,heap        ] GC(2438) ParOldGen: 219172K(219648K)->227380K(227840K)
[894.214s][info][gc,metaspace   ] GC(2438) Metaspace: 35604K(36352K)->35604K(36352K) NonClass: 29331K(29888K)->29331K(29888K) Class: 6272K(6464K)->6272K(6464K)
[894.214s][info][gc             ] GC(2438) Pause Young (Allocation Failure) 459M->228M(490M) 47.774ms
[894.214s][info][gc,cpu         ] GC(2438) User=0.05s Sys=0.01s Real=0.05s
[894.517s][info][gc,start       ] GC(2439) Pause Young (Allocation Failure)
[894.575s][info][gc,heap        ] GC(2439) PSYoungGen: 274432K(274432K)->10752K(279040K) Eden: 268288K(268288K)->0K(268288K) From: 6144K(6144K)->10752K(10752K)
[894.575s][info][gc,heap        ] GC(2439) ParOldGen: 227380K(227840K)->245236K(245248K)
[894.575s][info][gc,metaspace   ] GC(2439) Metaspace: 35604K(36352K)->35604K(36352K) NonClass: 29331K(29888K)->29331K(29888K) Class: 6272K(6464K)->6272K(6464K)
[894.575s][info][gc             ] GC(2439) Pause Young (Allocation Failure) 490M->249M(512M) 57.831ms
[894.575s][info][gc,cpu         ] GC(2439) User=0.11s Sys=0.01s Real=0.05s
[894.862s][info][gc,start       ] GC(2440) Pause Young (Allocation Failure)
[894.922s][info][gc,heap        ] GC(2440) PSYoungGen: 279040K(279040K)->19968K(300544K) Eden: 268288K(268288K)->0K(280576K) From: 10752K(10752K)->19968K(19968K)
[894.922s][info][gc,heap        ] GC(2440) ParOldGen: 245236K(245248K)->252220K(252416K)
[894.922s][info][gc,metaspace   ] GC(2440) Metaspace: 35604K(36352K)->35604K(36352K) NonClass: 29331K(29888K)->29331K(29888K) Class: 6272K(6464K)->6272K(6464K)
[894.922s][info][gc             ] GC(2440) Pause Young (Allocation Failure) 511M->265M(540M) 60.318ms
[894.922s][info][gc,cpu         ] GC(2440) User=0.09s Sys=0.02s Real=0.06s
[895.011s][info][gc,start       ] GC(2441) Pause Young (Allocation Failure)
[895.014s][info][gc,heap        ] GC(2441) PSYoungGen: 300544K(300544K)->64K(307200K) Eden: 280576K(280576K)->0K(280576K) From: 19968K(19968K)->64K(26624K)
[895.014s][info][gc,heap        ] GC(2441) ParOldGen: 252220K(252416K)->252460K(252928K)
[895.014s][info][gc,metaspace   ] GC(2441) Metaspace: 35604K(36352K)->35604K(36352K) NonClass: 29331K(29888K)->29331K(29888K) Class: 6272K(6464K)->6272K(6464K)
[895.015s][info][gc             ] GC(2441) Pause Young (Allocation Failure) 539M->246M(547M) 3.129ms
[895.015s][info][gc,cpu         ] GC(2441) User=0.00s Sys=0.00s Real=0.00s
[895.643s][info][gc,start       ] GC(2442) Pause Young (Allocation Failure)
[895.644s][info][gc,heap        ] GC(2442) PSYoungGen: 280640K(307200K)->64K(305152K) Eden: 280576K(280576K)->0K(281600K) From: 64K(26624K)->64K(23552K)
[895.644s][info][gc,heap        ] GC(2442) ParOldGen: 252460K(252928K)->252468K(252928K)
[895.644s][info][gc,metaspace   ] GC(2442) Metaspace: 35604K(36352K)->35604K(36352K) NonClass: 29331K(29888K)->29331K(29888K) Class: 6272K(6464K)->6272K(6464K)
[895.644s][info][gc             ] GC(2442) Pause Young (Allocation Failure) 520M->246M(545M) 1.342ms
[895.644s][info][gc,cpu         ] GC(2442) User=0.00s Sys=0.00s Real=0.00s
[896.051s][info][gc,start       ] GC(2443) Pause Young (Allocation Failure)
[896.052s][info][gc,heap        ] GC(2443) PSYoungGen: 281664K(305152K)->64K(306688K) Eden: 281600K(281600K)->0K(281600K) From: 64K(23552K)->64K(25088K)
[896.052s][info][gc,heap        ] GC(2443) ParOldGen: 252468K(252928K)->252476K(252928K)
[896.052s][info][gc,metaspace   ] GC(2443) Metaspace: 35604K(36352K)->35604K(36352K) NonClass: 29331K(29888K)->29331K(29888K) Class: 6272K(6464K)->6272K(6464K)
[896.052s][info][gc             ] GC(2443) Pause Young (Allocation Failure) 521M->246M(546M) 1.243ms
[896.052s][info][gc,cpu         ] GC(2443) User=0.00s Sys=0.00s Real=0.00s
[896.481s][info][gc,start       ] GC(2444) Pause Young (Allocation Failure)
[896.482s][info][gc,heap        ] GC(2444) PSYoungGen: 281664K(306688K)->64K(306176K) Eden: 281600K(281600K)->0K(284672K) From: 64K(25088K)->64K(21504K)
[896.482s][info][gc,heap        ] GC(2444) ParOldGen: 252476K(252928K)->252492K(252928K)
[896.482s][info][gc,metaspace   ] GC(2444) Metaspace: 35604K(36352K)->35604K(36352K) NonClass: 29331K(29888K)->29331K(29888K) Class: 6272K(6464K)->6272K(6464K)
[896.482s][info][gc             ] GC(2444) Pause Young (Allocation Failure) 521M->246M(546M) 1.332ms
[896.482s][info][gc,cpu         ] GC(2444) User=0.00s Sys=0.00s Real=0.00s
[896.673s][info][gc,start       ] GC(2445) Pause Young (Allocation Failure)
[896.674s][info][gc,heap        ] GC(2445) PSYoungGen: 284736K(306176K)->64K(307712K) Eden: 284672K(284672K)->0K(284672K) From: 64K(21504K)->64K(23040K)
[896.674s][info][gc,heap        ] GC(2445) ParOldGen: 252492K(252928K)->252508K(252928K)
[896.674s][info][gc,metaspace   ] GC(2445) Metaspace: 35604K(36352K)->35604K(36352K) NonClass: 29331K(29888K)->29331K(29888K) Class: 6272K(6464K)->6272K(6464K)
[896.675s][info][gc             ] GC(2445) Pause Young (Allocation Failure) 524M->246M(547M) 1.206ms
[896.675s][info][gc,cpu         ] GC(2445) User=0.00s Sys=0.00s Real=0.00s
[896.866s][info][gc,start       ] GC(2446) Pause Young (Allocation Failure)
[896.867s][info][gc,heap        ] GC(2446) PSYoungGen: 284736K(307712K)->64K(308224K) Eden: 284672K(284672K)->0K(288768K) From: 64K(23040K)->64K(19456K)
[896.867s][info][gc,heap        ] GC(2446) ParOldGen: 252508K(252928K)->252508K(252928K)
[896.867s][info][gc,metaspace   ] GC(2446) Metaspace: 35604K(36352K)->35604K(36352K) NonClass: 29331K(29888K)->29331K(29888K) Class: 6272K(6464K)->6272K(6464K)
[896.867s][info][gc             ] GC(2446) Pause Young (Allocation Failure) 524M->246M(548M) 1.224ms
[896.867s][info][gc,cpu         ] GC(2446) User=0.01s Sys=0.00s Real=0.01s
[897.217s][info][gc,start       ] GC(2447) Pause Young (Allocation Failure)
[897.218s][info][gc,heap        ] GC(2447) PSYoungGen: 288832K(308224K)->64K(309760K) Eden: 288768K(288768K)->0K(288768K) From: 64K(19456K)->64K(20992K)
[897.218s][info][gc,heap        ] GC(2447) ParOldGen: 252508K(252928K)->252508K(252928K)
[897.218s][info][gc,metaspace   ] GC(2447) Metaspace: 35604K(36352K)->35604K(36352K) NonClass: 29331K(29888K)->29331K(29888K) Class: 6272K(6464K)->6272K(6464K)
[897.218s][info][gc             ] GC(2447) Pause Young (Allocation Failure) 528M->246M(549M) 1.203ms
[897.218s][info][gc,cpu         ] GC(2447) User=0.00s Sys=0.00s Real=0.00s
[897.272s][info][gc,start       ] GC(2448) Pause Young (Allocation Failure)
[897.273s][info][gc,heap        ] GC(2448) PSYoungGen: 288832K(309760K)->32K(310272K) Eden: 288768K(288768K)->0K(292864K) From: 64K(20992K)->32K(17408K)
[897.273s][info][gc,heap        ] GC(2448) ParOldGen: 252508K(252928K)->252524K(252928K)
[897.273s][info][gc,metaspace   ] GC(2448) Metaspace: 35604K(36352K)->35604K(36352K) NonClass: 29331K(29888K)->29331K(29888K) Class: 6272K(6464K)->6272K(6464K)
[897.273s][info][gc             ] GC(2448) Pause Young (Allocation Failure) 528M->246M(550M) 1.150ms
[897.273s][info][gc,cpu         ] GC(2448) User=0.01s Sys=0.00s Real=0.00s
[897.329s][info][gc,start       ] GC(2449) Pause Young (Allocation Failure)
[897.330s][info][gc,heap        ] GC(2449) PSYoungGen: 292896K(310272K)->64K(311808K) Eden: 292864K(292864K)->0K(292864K) From: 32K(17408K)->64K(18944K)
[897.330s][info][gc,heap        ] GC(2449) ParOldGen: 252524K(252928K)->252524K(252928K)
[897.330s][info][gc,metaspace   ] GC(2449) Metaspace: 35604K(36352K)->35604K(36352K) NonClass: 29331K(29888K)->29331K(29888K) Class: 6272K(6464K)->6272K(6464K)
[897.330s][info][gc             ] GC(2449) Pause Young (Allocation Failure) 532M->246M(551M) 1.152ms
[897.330s][info][gc,cpu         ] GC(2449) User=0.00s Sys=0.00s Real=0.00s
[897.510s][info][gc,start       ] GC(2450) Pause Young (Allocation Failure)
[897.512s][info][gc,heap        ] GC(2450) PSYoungGen: 292928K(311808K)->64K(312832K) Eden: 292864K(292864K)->0K(297472K) From: 64K(18944K)->64K(15360K)
[897.512s][info][gc,heap        ] GC(2450) ParOldGen: 252524K(252928K)->252524K(252928K)
[897.512s][info][gc,metaspace   ] GC(2450) Metaspace: 35604K(36352K)->35604K(36352K) NonClass: 29331K(29888K)->29331K(29888K) Class: 6272K(6464K)->6272K(6464K)
[897.512s][info][gc             ] GC(2450) Pause Young (Allocation Failure) 532M->246M(552M) 1.267ms
[897.512s][info][gc,cpu         ] GC(2450) User=0.00s Sys=0.00s Real=0.00s
[897.726s][info][gc,start       ] GC(2451) Pause Young (Allocation Failure)
[897.727s][info][gc,heap        ] GC(2451) PSYoungGen: 297536K(312832K)->64K(313856K) Eden: 297472K(297472K)->0K(297472K) From: 64K(15360K)->64K(16384K)
[897.727s][info][gc,heap        ] GC(2451) ParOldGen: 252524K(252928K)->252532K(252928K)
[897.727s][info][gc,metaspace   ] GC(2451) Metaspace: 35604K(36352K)->35604K(36352K) NonClass: 29331K(29888K)->29331K(29888K) Class: 6272K(6464K)->6272K(6464K)
[897.727s][info][gc             ] GC(2451) Pause Young (Allocation Failure) 537M->246M(553M) 1.181ms
[897.727s][info][gc,cpu         ] GC(2451) User=0.00s Sys=0.01s Real=0.01s
[897.846s][info][gc,start       ] GC(2452) Pause Young (Allocation Failure)
[897.847s][info][gc,heap        ] GC(2452) PSYoungGen: 297536K(313856K)->64K(314880K) Eden: 297472K(297472K)->0K(301568K) From: 64K(16384K)->64K(13312K)
[897.847s][info][gc,heap        ] GC(2452) ParOldGen: 252532K(252928K)->252540K(252928K)
[897.847s][info][gc,metaspace   ] GC(2452) Metaspace: 35604K(36352K)->35604K(36352K) NonClass: 29331K(29888K)->29331K(29888K) Class: 6272K(6464K)->6272K(6464K)
[897.847s][info][gc             ] GC(2452) Pause Young (Allocation Failure) 537M->246M(554M) 1.310ms
[897.847s][info][gc,cpu         ] GC(2452) User=0.00s Sys=0.00s Real=0.01s
[897.946s][info][gc,start       ] GC(2453) Pause Young (Allocation Failure)
[897.947s][info][gc,heap        ] GC(2453) PSYoungGen: 301632K(314880K)->64K(316416K) Eden: 301568K(301568K)->0K(301568K) From: 64K(13312K)->64K(14848K)
[897.947s][info][gc,heap        ] GC(2453) ParOldGen: 252540K(252928K)->252548K(252928K)
[897.948s][info][gc,metaspace   ] GC(2453) Metaspace: 35604K(36352K)->35604K(36352K) NonClass: 29331K(29888K)->29331K(29888K) Class: 6272K(6464K)->6272K(6464K)
[897.948s][info][gc             ] GC(2453) Pause Young (Allocation Failure) 541M->246M(556M) 1.210ms
[897.948s][info][gc,cpu         ] GC(2453) User=0.00s Sys=0.00s Real=0.01s
[898.122s][info][gc,start       ] GC(2454) Pause Young (Allocation Failure)
[898.123s][info][gc,heap        ] GC(2454) PSYoungGen: 301632K(316416K)->64K(316416K) Eden: 301568K(301568K)->0K(305152K) From: 64K(14848K)->64K(11264K)
[898.123s][info][gc,heap        ] GC(2454) ParOldGen: 252548K(252928K)->252556K(252928K)
[898.123s][info][gc,metaspace   ] GC(2454) Metaspace: 35604K(36352K)->35604K(36352K) NonClass: 29331K(29888K)->29331K(29888K) Class: 6272K(6464K)->6272K(6464K)
[898.123s][info][gc             ] GC(2454) Pause Young (Allocation Failure) 541M->246M(556M) 1.170ms
[898.123s][info][gc,cpu         ] GC(2454) User=0.00s Sys=0.00s Real=0.00s
[899.071s][info][gc,start       ] GC(2455) Pause Young (Allocation Failure)
[899.073s][info][gc,heap        ] GC(2455) PSYoungGen: 305216K(316416K)->64K(293376K) Eden: 305152K(305152K)->0K(292864K) From: 64K(11264K)->64K(512K)
[899.073s][info][gc,heap        ] GC(2455) ParOldGen: 252556K(252928K)->252564K(252928K)
[899.073s][info][gc,metaspace   ] GC(2455) Metaspace: 35604K(36352K)->35604K(36352K) NonClass: 29331K(29888K)->29331K(29888K) Class: 6272K(6464K)->6272K(6464K)
[899.073s][info][gc             ] GC(2455) Pause Young (Allocation Failure) 544M->246M(533M) 1.984ms
[899.073s][info][gc,cpu         ] GC(2455) User=0.00s Sys=0.00s Real=0.00s
[899.969s][info][gc,start       ] GC(2456) Pause Young (Allocation Failure)
[899.971s][info][gc,heap        ] GC(2456) PSYoungGen: 292928K(293376K)->64K(281600K) Eden: 292864K(292864K)->0K(281088K) From: 64K(512K)->64K(512K)
[899.971s][info][gc,heap        ] GC(2456) ParOldGen: 252564K(252928K)->252572K(252928K)
[899.971s][info][gc,metaspace   ] GC(2456) Metaspace: 35604K(36352K)->35604K(36352K) NonClass: 29331K(29888K)->29331K(29888K) Class: 6272K(6464K)->6272K(6464K)
[899.971s][info][gc             ] GC(2456) Pause Young (Allocation Failure) 532M->246M(522M) 1.675ms
[899.971s][info][gc,cpu         ] GC(2456) User=0.00s Sys=0.00s Real=0.00s
[900.309s][info][gc,start       ] GC(2457) Pause Young (Allocation Failure)
[900.311s][info][gc,heap        ] GC(2457) PSYoungGen: 281152K(281600K)->64K(281088K) Eden: 281088K(281088K)->0K(269824K) From: 64K(512K)->64K(11264K)
[900.311s][info][gc,heap        ] GC(2457) ParOldGen: 252572K(252928K)->252580K(252928K)
[900.311s][info][gc,metaspace   ] GC(2457) Metaspace: 35604K(36352K)->35604K(36352K) NonClass: 29331K(29888K)->29331K(29888K) Class: 6272K(6464K)->6272K(6464K)
[900.311s][info][gc             ] GC(2457) Pause Young (Allocation Failure) 521M->246M(521M) 1.282ms
[900.311s][info][gc,cpu         ] GC(2457) User=0.00s Sys=0.00s Real=0.00s
[900.711s][info][gc,start       ] GC(2458) Pause Young (Allocation Failure)
[900.713s][info][gc,heap        ] GC(2458) PSYoungGen: 269888K(281088K)->64K(260096K) Eden: 269824K(269824K)->0K(259584K) From: 64K(11264K)->64K(512K)
[900.713s][info][gc,heap        ] GC(2458) ParOldGen: 252580K(252928K)->252596K(252928K)
[900.713s][info][gc,metaspace   ] GC(2458) Metaspace: 35604K(36352K)->35604K(36352K) NonClass: 29331K(29888K)->29331K(29888K) Class: 6272K(6464K)->6272K(6464K)
[900.713s][info][gc             ] GC(2458) Pause Young (Allocation Failure) 510M->246M(501M) 2.656ms
[900.713s][info][gc,cpu         ] GC(2458) User=0.00s Sys=0.00s Real=0.00s
[901.677s][info][gc,start       ] GC(2459) Pause Young (Allocation Failure)
[901.679s][info][gc,heap        ] GC(2459) PSYoungGen: 259648K(260096K)->64K(259584K) Eden: 259584K(259584K)->0K(249856K) From: 64K(512K)->64K(9728K)
[901.679s][info][gc,heap        ] GC(2459) ParOldGen: 252596K(252928K)->252612K(252928K)
[901.679s][info][gc,metaspace   ] GC(2459) Metaspace: 35604K(36352K)->35604K(36352K) NonClass: 29331K(29888K)->29331K(29888K) Class: 6272K(6464K)->6272K(6464K)
[901.679s][info][gc             ] GC(2459) Pause Young (Allocation Failure) 500M->246M(500M) 2.046ms
[901.679s][info][gc,cpu         ] GC(2459) User=0.00s Sys=0.00s Real=0.00s
[902.018s][info][gc,start       ] GC(2460) Pause Young (Allocation Failure)
[902.021s][info][gc,heap        ] GC(2460) PSYoungGen: 249920K(259584K)->64K(240640K) Eden: 249856K(249856K)->0K(240128K) From: 64K(9728K)->64K(512K)
[902.021s][info][gc,heap        ] GC(2460) ParOldGen: 252612K(252928K)->252628K(252928K)
[902.021s][info][gc,metaspace   ] GC(2460) Metaspace: 35604K(36352K)->35604K(36352K) NonClass: 29331K(29888K)->29331K(29888K) Class: 6272K(6464K)->6272K(6464K)
[902.021s][info][gc             ] GC(2460) Pause Young (Allocation Failure) 490M->246M(482M) 2.614ms
[902.021s][info][gc,cpu         ] GC(2460) User=0.00s Sys=0.00s Real=0.00s
[902.161s][info][gc,start       ] GC(2461) Pause Young (Allocation Failure)
[902.163s][info][gc,heap        ] GC(2461) PSYoungGen: 240192K(240640K)->64K(239616K) Eden: 240128K(240128K)->0K(230912K) From: 64K(512K)->64K(8704K)
[902.163s][info][gc,heap        ] GC(2461) ParOldGen: 252628K(252928K)->252636K(252928K)
[902.163s][info][gc,metaspace   ] GC(2461) Metaspace: 35604K(36352K)->35604K(36352K) NonClass: 29331K(29888K)->29331K(29888K) Class: 6272K(6464K)->6272K(6464K)
[902.163s][info][gc             ] GC(2461) Pause Young (Allocation Failure) 481M->246M(481M) 1.970ms
[902.163s][info][gc,cpu         ] GC(2461) User=0.00s Sys=0.00s Real=0.00s
[902.365s][info][gc,start       ] GC(2462) Pause Young (Allocation Failure)
[902.369s][info][gc,heap        ] GC(2462) PSYoungGen: 230976K(239616K)->64K(222720K) Eden: 230912K(230912K)->0K(222208K) From: 64K(8704K)->64K(512K)
[902.369s][info][gc,heap        ] GC(2462) ParOldGen: 252636K(252928K)->252644K(252928K)
[902.369s][info][gc,metaspace   ] GC(2462) Metaspace: 35604K(36352K)->35604K(36352K) NonClass: 29331K(29888K)->29331K(29888K) Class: 6272K(6464K)->6272K(6464K)
[902.369s][info][gc             ] GC(2462) Pause Young (Allocation Failure) 472M->246M(464M) 4.192ms
[902.369s][info][gc,cpu         ] GC(2462) User=0.01s Sys=0.00s Real=0.01s
[902.882s][info][gc,start       ] GC(2463) Pause Young (Allocation Failure)
[902.885s][info][gc,heap        ] GC(2463) PSYoungGen: 222272K(222720K)->64K(221184K) Eden: 222208K(222208K)->0K(214016K) From: 64K(512K)->64K(7168K)
[902.885s][info][gc,heap        ] GC(2463) ParOldGen: 252644K(252928K)->252660K(252928K)
[902.885s][info][gc,metaspace   ] GC(2463) Metaspace: 35604K(36352K)->35604K(36352K) NonClass: 29331K(29888K)->29331K(29888K) Class: 6272K(6464K)->6272K(6464K)
[902.885s][info][gc             ] GC(2463) Pause Young (Allocation Failure) 463M->246M(463M) 3.166ms
[902.885s][info][gc,cpu         ] GC(2463) User=0.00s Sys=0.00s Real=0.00s
[903.109s][info][gc,start       ] GC(2464) Pause Young (Allocation Failure)
[903.113s][info][gc,heap        ] GC(2464) PSYoungGen: 214080K(221184K)->64K(206848K) Eden: 214016K(214016K)->0K(206336K) From: 64K(7168K)->64K(512K)
[903.113s][info][gc,heap        ] GC(2464) ParOldGen: 252660K(252928K)->252668K(252928K)
[903.113s][info][gc,metaspace   ] GC(2464) Metaspace: 35604K(36352K)->35604K(36352K) NonClass: 29331K(29888K)->29331K(29888K) Class: 6272K(6464K)->6272K(6464K)
[903.113s][info][gc             ] GC(2464) Pause Young (Allocation Failure) 455M->246M(449M) 3.612ms
[903.113s][info][gc,cpu         ] GC(2464) User=0.01s Sys=0.00s Real=0.00s
[903.413s][info][gc,start       ] GC(2465) Pause Young (Allocation Failure)
[903.443s][info][gc,heap        ] GC(2465) PSYoungGen: 206400K(206848K)->6144K(252928K) Eden: 206336K(206336K)->0K(246784K) From: 64K(512K)->6144K(6144K)
[903.443s][info][gc,heap        ] GC(2465) ParOldGen: 252668K(252928K)->260916K(261120K)
[903.443s][info][gc,metaspace   ] GC(2465) Metaspace: 35604K(36352K)->35604K(36352K) NonClass: 29331K(29888K)->29331K(29888K) Class: 6272K(6464K)->6272K(6464K)
[903.443s][info][gc             ] GC(2465) Pause Young (Allocation Failure) 448M->260M(502M) 29.765ms
[903.443s][info][gc,cpu         ] GC(2465) User=0.05s Sys=0.01s Real=0.03s
[903.715s][info][gc,start       ] GC(2466) Pause Young (Allocation Failure)
[903.779s][info][gc,heap        ] GC(2466) PSYoungGen: 252928K(252928K)->6144K(257024K) Eden: 246784K(246784K)->0K(250880K) From: 6144K(6144K)->6144K(6144K)
[903.779s][info][gc,heap        ] GC(2466) ParOldGen: 260916K(261120K)->281124K(281600K)
[903.779s][info][gc,metaspace   ] GC(2466) Metaspace: 35604K(36352K)->35604K(36352K) NonClass: 29331K(29888K)->29331K(29888K) Class: 6272K(6464K)->6272K(6464K)
[903.779s][info][gc             ] GC(2466) Pause Young (Allocation Failure) 501M->280M(526M) 64.326ms
[903.779s][info][gc,cpu         ] GC(2466) User=0.11s Sys=0.02s Real=0.07s
[904.057s][info][gc,start       ] GC(2467) Pause Young (Allocation Failure)
[904.109s][info][gc,heap        ] GC(2467) PSYoungGen: 257024K(257024K)->18944K(269824K) Eden: 250880K(250880K)->0K(250880K) From: 6144K(6144K)->18944K(18944K)
[904.109s][info][gc,heap        ] GC(2467) ParOldGen: 281124K(281600K)->289364K(289792K)
[904.109s][info][gc,metaspace   ] GC(2467) Metaspace: 35604K(36352K)->35604K(36352K) NonClass: 29331K(29888K)->29331K(29888K) Class: 6272K(6464K)->6272K(6464K)
[904.109s][info][gc             ] GC(2467) Pause Young (Allocation Failure) 525M->301M(546M) 51.621ms
[904.109s][info][gc,cpu         ] GC(2467) User=0.09s Sys=0.01s Real=0.05s
[904.191s][info][gc,start       ] GC(2468) Pause Young (Allocation Failure)
[904.198s][info][gc,heap        ] GC(2468) PSYoungGen: 269824K(269824K)->2112K(308736K) Eden: 250880K(250880K)->0K(282624K) From: 18944K(18944K)->2112K(26112K)
[904.198s][info][gc,heap        ] GC(2468) ParOldGen: 289364K(289792K)->289652K(289792K)
[904.198s][info][gc,metaspace   ] GC(2468) Metaspace: 35604K(36352K)->35604K(36352K) NonClass: 29331K(29888K)->29331K(29888K) Class: 6272K(6464K)->6272K(6464K)
[904.198s][info][gc             ] GC(2468) Pause Young (Allocation Failure) 546M->284M(584M) 7.476ms
[904.198s][info][gc,cpu         ] GC(2468) User=0.01s Sys=0.00s Real=0.01s
[904.703s][info][gc,start       ] GC(2469) Pause Young (Allocation Failure)
[904.704s][info][gc,heap        ] GC(2469) PSYoungGen: 284736K(308736K)->64K(283136K) Eden: 282624K(282624K)->0K(282624K) From: 2112K(26112K)->64K(512K)
[904.704s][info][gc,heap        ] GC(2469) ParOldGen: 289652K(289792K)->289660K(289792K)
[904.704s][info][gc,metaspace   ] GC(2469) Metaspace: 35604K(36352K)->35604K(36352K) NonClass: 29331K(29888K)->29331K(29888K) Class: 6272K(6464K)->6272K(6464K)
[904.704s][info][gc             ] GC(2469) Pause Young (Allocation Failure) 560M->282M(559M) 1.359ms
[904.704s][info][gc,cpu         ] GC(2469) User=0.00s Sys=0.00s Real=0.00s
[905.235s][info][gc,start       ] GC(2470) Pause Young (Allocation Failure)
[905.236s][info][gc,heap        ] GC(2470) PSYoungGen: 282688K(283136K)->64K(307712K) Eden: 282624K(282624K)->0K(283648K) From: 64K(512K)->64K(24064K)
[905.236s][info][gc,heap        ] GC(2470) ParOldGen: 289660K(289792K)->289668K(289792K)
[905.236s][info][gc,metaspace   ] GC(2470) Metaspace: 35604K(36352K)->35604K(36352K) NonClass: 29331K(29888K)->29331K(29888K) Class: 6272K(6464K)->6272K(6464K)
[905.236s][info][gc             ] GC(2470) Pause Young (Allocation Failure) 558M->282M(583M) 1.339ms
[905.236s][info][gc,cpu         ] GC(2470) User=0.00s Sys=0.00s Real=0.00s
[905.662s][info][gc,start       ] GC(2471) Pause Young (Allocation Failure)
[905.664s][info][gc,heap        ] GC(2471) PSYoungGen: 283712K(307712K)->64K(306688K) Eden: 283648K(283648K)->0K(283648K) From: 64K(24064K)->64K(23040K)
[905.664s][info][gc,heap        ] GC(2471) ParOldGen: 289668K(289792K)->289684K(289792K)
[905.664s][info][gc,metaspace   ] GC(2471) Metaspace: 35604K(36352K)->35604K(36352K) NonClass: 29331K(29888K)->29331K(29888K) Class: 6272K(6464K)->6272K(6464K)
[905.664s][info][gc             ] GC(2471) Pause Young (Allocation Failure) 559M->282M(582M) 1.395ms
[905.664s][info][gc,cpu         ] GC(2471) User=0.00s Sys=0.00s Real=0.00s
[905.856s][info][gc,start       ] GC(2472) Pause Young (Allocation Failure)
[905.857s][info][gc,heap        ] GC(2472) PSYoungGen: 283712K(306688K)->64K(309760K) Eden: 283648K(283648K)->0K(287744K) From: 64K(23040K)->64K(22016K)
[905.857s][info][gc,heap        ] GC(2472) ParOldGen: 289684K(289792K)->289700K(289792K)
[905.857s][info][gc,metaspace   ] GC(2472) Metaspace: 35604K(36352K)->35604K(36352K) NonClass: 29331K(29888K)->29331K(29888K) Class: 6272K(6464K)->6272K(6464K)
[905.857s][info][gc             ] GC(2472) Pause Young (Allocation Failure) 559M->282M(585M) 1.315ms
[905.857s][info][gc,cpu         ] GC(2472) User=0.00s Sys=0.00s Real=0.01s
[906.054s][info][gc,start       ] GC(2473) Pause Young (Allocation Failure)
[906.056s][info][gc,heap        ] GC(2473) PSYoungGen: 287808K(309760K)->64K(309248K) Eden: 287744K(287744K)->0K(287744K) From: 64K(22016K)->64K(21504K)
[906.056s][info][gc,heap        ] GC(2473) ParOldGen: 289700K(289792K)->289700K(289792K)
[906.056s][info][gc,metaspace   ] GC(2473) Metaspace: 35604K(36352K)->35604K(36352K) NonClass: 29331K(29888K)->29331K(29888K) Class: 6272K(6464K)->6272K(6464K)
[906.056s][info][gc             ] GC(2473) Pause Young (Allocation Failure) 563M->282M(585M) 1.232ms
[906.056s][info][gc,cpu         ] GC(2473) User=0.00s Sys=0.00s Real=0.00s
[906.402s][info][gc,start       ] GC(2474) Pause Young (Allocation Failure)
[906.403s][info][gc,heap        ] GC(2474) PSYoungGen: 287808K(309248K)->64K(311296K) Eden: 287744K(287744K)->0K(291328K) From: 64K(21504K)->64K(19968K)
[906.403s][info][gc,heap        ] GC(2474) ParOldGen: 289700K(289792K)->289700K(289792K)
[906.403s][info][gc,metaspace   ] GC(2474) Metaspace: 35604K(36352K)->35604K(36352K) NonClass: 29331K(29888K)->29331K(29888K) Class: 6272K(6464K)->6272K(6464K)
[906.403s][info][gc             ] GC(2474) Pause Young (Allocation Failure) 563M->282M(587M) 1.271ms
[906.403s][info][gc,cpu         ] GC(2474) User=0.00s Sys=0.00s Real=0.00s
[906.490s][info][gc,start       ] GC(2475) Pause Young (Allocation Failure)
[906.491s][info][gc,heap        ] GC(2475) PSYoungGen: 291392K(311296K)->64K(310784K) Eden: 291328K(291328K)->0K(291328K) From: 64K(19968K)->64K(19456K)
[906.492s][info][gc,heap        ] GC(2475) ParOldGen: 289700K(289792K)->289708K(289792K)
[906.492s][info][gc,metaspace   ] GC(2475) Metaspace: 35604K(36352K)->35604K(36352K) NonClass: 29331K(29888K)->29331K(29888K) Class: 6272K(6464K)->6272K(6464K)
[906.492s][info][gc             ] GC(2475) Pause Young (Allocation Failure) 567M->282M(586M) 1.273ms
[906.492s][info][gc,cpu         ] GC(2475) User=0.00s Sys=0.00s Real=0.00s
[906.545s][info][gc,start       ] GC(2476) Pause Young (Allocation Failure)
[906.546s][info][gc,heap        ] GC(2476) PSYoungGen: 291391K(310784K)->64K(313344K) Eden: 291327K(291328K)->0K(295424K) From: 64K(19456K)->64K(17920K)
[906.546s][info][gc,heap        ] GC(2476) ParOldGen: 289708K(289792K)->289724K(289792K)
[906.546s][info][gc,metaspace   ] GC(2476) Metaspace: 35604K(36352K)->35604K(36352K) NonClass: 29331K(29888K)->29331K(29888K) Class: 6272K(6464K)->6272K(6464K)
[906.547s][info][gc             ] GC(2476) Pause Young (Allocation Failure) 567M->282M(589M) 1.262ms
[906.547s][info][gc,cpu         ] GC(2476) User=0.01s Sys=0.00s Real=0.00s
[906.698s][info][gc,start       ] GC(2477) Pause Young (Allocation Failure)
[906.699s][info][gc,heap        ] GC(2477) PSYoungGen: 295487K(313344K)->64K(312832K) Eden: 295423K(295424K)->0K(295424K) From: 64K(17920K)->64K(17408K)
[906.699s][info][gc,heap        ] GC(2477) ParOldGen: 289724K(289792K)->289724K(289792K)
[906.699s][info][gc,metaspace   ] GC(2477) Metaspace: 35604K(36352K)->35604K(36352K) NonClass: 29331K(29888K)->29331K(29888K) Class: 6272K(6464K)->6272K(6464K)
[906.699s][info][gc             ] GC(2477) Pause Young (Allocation Failure) 571M->282M(588M) 1.259ms
[906.699s][info][gc,cpu         ] GC(2477) User=0.00s Sys=0.00s Real=0.00s
[906.913s][info][gc,start       ] GC(2478) Pause Young (Allocation Failure)
[906.914s][info][gc,heap        ] GC(2478) PSYoungGen: 295488K(312832K)->64K(315392K) Eden: 295424K(295424K)->0K(299520K) From: 64K(17408K)->64K(15872K)
[906.914s][info][gc,heap        ] GC(2478) ParOldGen: 289724K(289792K)->289732K(289792K)
[906.914s][info][gc,metaspace   ] GC(2478) Metaspace: 35604K(36352K)->35604K(36352K) NonClass: 29331K(29888K)->29331K(29888K) Class: 6272K(6464K)->6272K(6464K)
[906.914s][info][gc             ] GC(2478) Pause Young (Allocation Failure) 571M->283M(591M) 1.287ms
[906.914s][info][gc,cpu         ] GC(2478) User=0.00s Sys=0.00s Real=0.00s
[907.064s][info][gc,start       ] GC(2479) Pause Young (Allocation Failure)
[907.065s][info][gc,heap        ] GC(2479) PSYoungGen: 299584K(315392K)->64K(314880K) Eden: 299520K(299520K)->0K(299520K) From: 64K(15872K)->64K(15360K)
[907.065s][info][gc,heap        ] GC(2479) ParOldGen: 289732K(289792K)->289740K(289792K)
[907.065s][info][gc,metaspace   ] GC(2479) Metaspace: 35613K(36352K)->35613K(36352K) NonClass: 29340K(29888K)->29340K(29888K) Class: 6272K(6464K)->6272K(6464K)
[907.065s][info][gc             ] GC(2479) Pause Young (Allocation Failure) 575M->283M(590M) 1.295ms
[907.065s][info][gc,cpu         ] GC(2479) User=0.00s Sys=0.00s Real=0.00s
[907.146s][info][gc,start       ] GC(2480) Pause Young (Allocation Failure)
[907.147s][info][gc,heap        ] GC(2480) PSYoungGen: 299584K(314880K)->64K(317440K) Eden: 299520K(299520K)->0K(303616K) From: 64K(15360K)->64K(13824K)
[907.147s][info][gc,heap        ] GC(2480) ParOldGen: 289740K(289792K)->289756K(289792K)
[907.147s][info][gc,metaspace   ] GC(2480) Metaspace: 35613K(36352K)->35613K(36352K) NonClass: 29340K(29888K)->29340K(29888K) Class: 6272K(6464K)->6272K(6464K)
[907.147s][info][gc             ] GC(2480) Pause Young (Allocation Failure) 575M->283M(593M) 1.205ms
[907.147s][info][gc,cpu         ] GC(2480) User=0.01s Sys=0.00s Real=0.01s
[907.323s][info][gc,start       ] GC(2481) Pause Young (Allocation Failure)
[907.324s][info][gc,heap        ] GC(2481) PSYoungGen: 303680K(317440K)->64K(316928K) Eden: 303616K(303616K)->0K(303616K) From: 64K(13824K)->64K(13312K)
[907.324s][info][gc,heap        ] GC(2481) ParOldGen: 289756K(289792K)->289756K(289792K)
[907.324s][info][gc,metaspace   ] GC(2481) Metaspace: 35613K(36352K)->35613K(36352K) NonClass: 29340K(29888K)->29340K(29888K) Class: 6272K(6464K)->6272K(6464K)
[907.324s][info][gc             ] GC(2481) Pause Young (Allocation Failure) 579M->283M(592M) 1.299ms
[907.324s][info][gc,cpu         ] GC(2481) User=0.00s Sys=0.00s Real=0.00s
[908.297s][info][gc,start       ] GC(2482) Pause Young (Allocation Failure)
[908.298s][info][gc,heap        ] GC(2482) PSYoungGen: 303680K(316928K)->64K(291840K) Eden: 303616K(303616K)->0K(291328K) From: 64K(13312K)->64K(512K)
[908.298s][info][gc,heap        ] GC(2482) ParOldGen: 289756K(289792K)->289764K(289792K)
[908.298s][info][gc,metaspace   ] GC(2482) Metaspace: 35613K(36352K)->35613K(36352K) NonClass: 29340K(29888K)->29340K(29888K) Class: 6272K(6464K)->6272K(6464K)
[908.298s][info][gc             ] GC(2482) Pause Young (Allocation Failure) 579M->283M(568M) 1.314ms
[908.298s][info][gc,cpu         ] GC(2482) User=0.00s Sys=0.00s Real=0.00s
[909.179s][info][gc,start       ] GC(2483) Pause Young (Allocation Failure)
[909.180s][info][gc,heap        ] GC(2483) PSYoungGen: 291392K(291840K)->64K(291840K) Eden: 291328K(291328K)->0K(280064K) From: 64K(512K)->64K(11776K)
[909.181s][info][gc,heap        ] GC(2483) ParOldGen: 289764K(289792K)->289772K(289792K)
[909.181s][info][gc,metaspace   ] GC(2483) Metaspace: 35613K(36352K)->35613K(36352K) NonClass: 29340K(29888K)->29340K(29888K) Class: 6272K(6464K)->6272K(6464K)
[909.181s][info][gc             ] GC(2483) Pause Young (Allocation Failure) 567M->283M(568M) 1.281ms
[909.181s][info][gc,cpu         ] GC(2483) User=0.00s Sys=0.00s Real=0.00s
[909.418s][info][gc,start       ] GC(2484) Pause Young (Allocation Failure)
[909.419s][info][gc,heap        ] GC(2484) PSYoungGen: 280128K(291840K)->64K(269824K) Eden: 280064K(280064K)->0K(269312K) From: 64K(11776K)->64K(512K)
[909.419s][info][gc,heap        ] GC(2484) ParOldGen: 289772K(289792K)->289780K(289792K)
[909.419s][info][gc,metaspace   ] GC(2484) Metaspace: 35613K(36352K)->35613K(36352K) NonClass: 29340K(29888K)->29340K(29888K) Class: 6272K(6464K)->6272K(6464K)
[909.419s][info][gc             ] GC(2484) Pause Young (Allocation Failure) 556M->283M(546M) 1.467ms
[909.419s][info][gc,cpu         ] GC(2484) User=0.01s Sys=0.00s Real=0.00s
[909.851s][info][gc,start       ] GC(2485) Pause Young (Allocation Failure)
[909.852s][info][gc,heap        ] GC(2485) PSYoungGen: 269376K(269824K)->64K(269312K) Eden: 269312K(269312K)->0K(259072K) From: 64K(512K)->64K(10240K)
[909.852s][info][gc,heap        ] GC(2485) ParOldGen: 289780K(289792K)->289788K(289792K)
[909.852s][info][gc,metaspace   ] GC(2485) Metaspace: 35613K(36352K)->35613K(36352K) NonClass: 29340K(29888K)->29340K(29888K) Class: 6272K(6464K)->6272K(6464K)
[909.852s][info][gc             ] GC(2485) Pause Young (Allocation Failure) 546M->283M(546M) 1.328ms
[909.852s][info][gc,cpu         ] GC(2485) User=0.00s Sys=0.00s Real=0.00s
[910.826s][info][gc,start       ] GC(2486) Pause Young (Allocation Failure)
[910.828s][info][gc,heap        ] GC(2486) PSYoungGen: 259136K(269312K)->64K(249856K) Eden: 259072K(259072K)->0K(249344K) From: 64K(10240K)->64K(512K)
[910.828s][info][gc,heap        ] GC(2486) ParOldGen: 289788K(289792K)->289796K(290304K)
[910.828s][info][gc,metaspace   ] GC(2486) Metaspace: 35613K(36352K)->35613K(36352K) NonClass: 29340K(29888K)->29340K(29888K) Class: 6272K(6464K)->6272K(6464K)
[910.828s][info][gc             ] GC(2486) Pause Young (Allocation Failure) 536M->283M(527M) 1.720ms
[910.828s][info][gc,cpu         ] GC(2486) User=0.00s Sys=0.00s Real=0.01s
[911.204s][info][gc,start       ] GC(2487) Pause Young (Allocation Failure)
[911.205s][info][gc,heap        ] GC(2487) PSYoungGen: 249408K(249856K)->64K(248832K) Eden: 249344K(249344K)->0K(239616K) From: 64K(512K)->64K(9216K)
[911.205s][info][gc,heap        ] GC(2487) ParOldGen: 289796K(290304K)->289804K(290304K)
[911.205s][info][gc,metaspace   ] GC(2487) Metaspace: 35613K(36352K)->35613K(36352K) NonClass: 29340K(29888K)->29340K(29888K) Class: 6272K(6464K)->6272K(6464K)
[911.205s][info][gc             ] GC(2487) Pause Young (Allocation Failure) 526M->283M(526M) 1.325ms
[911.205s][info][gc,cpu         ] GC(2487) User=0.01s Sys=0.00s Real=0.00s
[911.372s][info][gc,start       ] GC(2488) Pause Young (Allocation Failure)
[911.374s][info][gc,heap        ] GC(2488) PSYoungGen: 239680K(248832K)->64K(230912K) Eden: 239616K(239616K)->0K(230400K) From: 64K(9216K)->64K(512K)
[911.374s][info][gc,heap        ] GC(2488) ParOldGen: 289804K(290304K)->289812K(290304K)
[911.374s][info][gc,metaspace   ] GC(2488) Metaspace: 35613K(36352K)->35613K(36352K) NonClass: 29340K(29888K)->29340K(29888K) Class: 6272K(6464K)->6272K(6464K)
[911.374s][info][gc             ] GC(2488) Pause Young (Allocation Failure) 517M->283M(509M) 1.799ms
[911.374s][info][gc,cpu         ] GC(2488) User=0.00s Sys=0.00s Real=0.00s
[911.459s][info][gc,start       ] GC(2489) Pause Young (Allocation Failure)
[911.460s][info][gc,heap        ] GC(2489) PSYoungGen: 230464K(230912K)->64K(229376K) Eden: 230400K(230400K)->0K(221696K) From: 64K(512K)->64K(7680K)
[911.460s][info][gc,heap        ] GC(2489) ParOldGen: 289812K(290304K)->289820K(290304K)
[911.460s][info][gc,metaspace   ] GC(2489) Metaspace: 35613K(36352K)->35613K(36352K) NonClass: 29340K(29888K)->29340K(29888K) Class: 6272K(6464K)->6272K(6464K)
[911.460s][info][gc             ] GC(2489) Pause Young (Allocation Failure) 508M->283M(507M) 1.169ms
[911.460s][info][gc,cpu         ] GC(2489) User=0.00s Sys=0.00s Real=0.00s
[912.012s][info][gc,start       ] GC(2490) Pause Young (Allocation Failure)
[912.014s][info][gc,heap        ] GC(2490) PSYoungGen: 221760K(229376K)->64K(214016K) Eden: 221696K(221696K)->0K(213504K) From: 64K(7680K)->64K(512K)
[912.014s][info][gc,heap        ] GC(2490) ParOldGen: 289820K(290304K)->289828K(290304K)
[912.014s][info][gc,metaspace   ] GC(2490) Metaspace: 35613K(36352K)->35613K(36352K) NonClass: 29340K(29888K)->29340K(29888K) Class: 6272K(6464K)->6272K(6464K)
[912.014s][info][gc             ] GC(2490) Pause Young (Allocation Failure) 499M->283M(492M) 1.856ms
[912.014s][info][gc,cpu         ] GC(2490) User=0.00s Sys=0.00s Real=0.00s
[912.220s][info][gc,start       ] GC(2491) Pause Young (Allocation Failure)
[912.221s][info][gc,heap        ] GC(2491) PSYoungGen: 213568K(214016K)->64K(212480K) Eden: 213504K(213504K)->0K(205824K) From: 64K(512K)->64K(6656K)
[912.221s][info][gc,heap        ] GC(2491) ParOldGen: 289828K(290304K)->289836K(290304K)
[912.221s][info][gc,metaspace   ] GC(2491) Metaspace: 35613K(36352K)->35613K(36352K) NonClass: 29340K(29888K)->29340K(29888K) Class: 6272K(6464K)->6272K(6464K)
[912.221s][info][gc             ] GC(2491) Pause Young (Allocation Failure) 491M->283M(491M) 1.226ms
[912.221s][info][gc,cpu         ] GC(2491) User=0.00s Sys=0.00s Real=0.00s
[912.563s][info][gc,start       ] GC(2492) Pause Young (Allocation Failure)
[912.575s][info][gc,heap        ] GC(2492) PSYoungGen: 205888K(212480K)->6144K(250368K) Eden: 205824K(205824K)->0K(244224K) From: 64K(6656K)->6144K(6144K)
[912.575s][info][gc,heap        ] GC(2492) ParOldGen: 289836K(290304K)->291052K(291328K)
[912.575s][info][gc,metaspace   ] GC(2492) Metaspace: 35613K(36352K)->35613K(36352K) NonClass: 29340K(29888K)->29340K(29888K) Class: 6272K(6464K)->6272K(6464K)
[912.576s][info][gc             ] GC(2492) Pause Young (Allocation Failure) 484M->290M(529M) 12.333ms
[912.576s][info][gc,cpu         ] GC(2492) User=0.02s Sys=0.01s Real=0.01s
[912.847s][info][gc,start       ] GC(2493) Pause Young (Allocation Failure)
[912.899s][info][gc,heap        ] GC(2493) PSYoungGen: 250368K(250368K)->8192K(277504K) Eden: 244224K(244224K)->0K(269312K) From: 6144K(6144K)->8192K(8192K)
[912.899s][info][gc,heap        ] GC(2493) ParOldGen: 291052K(291328K)->308668K(308736K)
[912.899s][info][gc,metaspace   ] GC(2493) Metaspace: 35613K(36352K)->35613K(36352K) NonClass: 29340K(29888K)->29340K(29888K) Class: 6272K(6464K)->6272K(6464K)
[912.899s][info][gc             ] GC(2493) Pause Young (Allocation Failure) 528M->309M(572M) 51.762ms
[912.899s][info][gc,cpu         ] GC(2493) User=0.08s Sys=0.01s Real=0.05s
[913.200s][info][gc,start       ] GC(2494) Pause Young (Allocation Failure)
[913.266s][info][gc,heap        ] GC(2494) PSYoungGen: 277504K(277504K)->16384K(300544K) Eden: 269312K(269312K)->0K(284160K) From: 8192K(8192K)->16384K(16384K)
[913.266s][info][gc,heap        ] GC(2494) ParOldGen: 308668K(308736K)->321340K(321536K)
[913.266s][info][gc,metaspace   ] GC(2494) Metaspace: 35613K(36352K)->35613K(36352K) NonClass: 29340K(29888K)->29340K(29888K) Class: 6272K(6464K)->6272K(6464K)
[913.266s][info][gc             ] GC(2494) Pause Young (Allocation Failure) 572M->329M(607M) 65.478ms
[913.266s][info][gc,cpu         ] GC(2494) User=0.12s Sys=0.01s Real=0.06s
[913.399s][info][gc,start       ] GC(2495) Pause Young (Allocation Failure)
[913.418s][info][gc,heap        ] GC(2495) PSYoungGen: 300544K(300544K)->7456K(308736K) Eden: 284160K(284160K)->0K(284160K) From: 16384K(16384K)->7456K(24576K)
[913.418s][info][gc,heap        ] GC(2495) ParOldGen: 321340K(321536K)->321804K(322048K)
[913.418s][info][gc,metaspace   ] GC(2495) Metaspace: 35613K(36352K)->35613K(36352K) NonClass: 29340K(29888K)->29340K(29888K) Class: 6272K(6464K)->6272K(6464K)
[913.418s][info][gc             ] GC(2495) Pause Young (Allocation Failure) 607M->321M(616M) 18.460ms
[913.418s][info][gc,cpu         ] GC(2495) User=0.04s Sys=0.00s Real=0.02s
[913.884s][info][gc,start       ] GC(2496) Pause Young (Allocation Failure)
[913.886s][info][gc,heap        ] GC(2496) PSYoungGen: 291616K(308736K)->64K(306176K) Eden: 284160K(284160K)->0K(285696K) From: 7456K(24576K)->64K(20480K)
[913.886s][info][gc,heap        ] GC(2496) ParOldGen: 321804K(322048K)->321812K(322048K)
[913.886s][info][gc,metaspace   ] GC(2496) Metaspace: 35613K(36352K)->35613K(36352K) NonClass: 29340K(29888K)->29340K(29888K) Class: 6272K(6464K)->6272K(6464K)
[913.886s][info][gc             ] GC(2496) Pause Young (Allocation Failure) 599M->314M(613M) 1.403ms
[913.886s][info][gc,cpu         ] GC(2496) User=0.01s Sys=0.00s Real=0.00s
[914.452s][info][gc,start       ] GC(2497) Pause Young (Allocation Failure)
[914.453s][info][gc,heap        ] GC(2497) PSYoungGen: 285760K(306176K)->64K(308224K) Eden: 285696K(285696K)->0K(285696K) From: 64K(20480K)->64K(22528K)
[914.453s][info][gc,heap        ] GC(2497) ParOldGen: 321812K(322048K)->321820K(322048K)
[914.453s][info][gc,metaspace   ] GC(2497) Metaspace: 35613K(36352K)->35613K(36352K) NonClass: 29340K(29888K)->29340K(29888K) Class: 6272K(6464K)->6272K(6464K)
[914.453s][info][gc             ] GC(2497) Pause Young (Allocation Failure) 593M->314M(615M) 1.359ms
[914.453s][info][gc,cpu         ] GC(2497) User=0.00s Sys=0.00s Real=0.00s
[914.880s][info][gc,start       ] GC(2498) Pause Young (Allocation Failure)
[914.882s][info][gc,heap        ] GC(2498) PSYoungGen: 285760K(308224K)->64K(309760K) Eden: 285696K(285696K)->0K(289280K) From: 64K(22528K)->64K(20480K)
[914.882s][info][gc,heap        ] GC(2498) ParOldGen: 321820K(322048K)->321836K(322048K)
[914.882s][info][gc,metaspace   ] GC(2498) Metaspace: 35613K(36352K)->35613K(36352K) NonClass: 29340K(29888K)->29340K(29888K) Class: 6272K(6464K)->6272K(6464K)
[914.882s][info][gc             ] GC(2498) Pause Young (Allocation Failure) 593M->314M(617M) 1.374ms
[914.882s][info][gc,cpu         ] GC(2498) User=0.00s Sys=0.00s Real=0.00s
[915.077s][info][gc,start       ] GC(2499) Pause Young (Allocation Failure)
[915.078s][info][gc,heap        ] GC(2499) PSYoungGen: 289344K(309760K)->64K(310784K) Eden: 289280K(289280K)->0K(289280K) From: 64K(20480K)->64K(21504K)
[915.078s][info][gc,heap        ] GC(2499) ParOldGen: 321836K(322048K)->321852K(322048K)
[915.078s][info][gc,metaspace   ] GC(2499) Metaspace: 35613K(36352K)->35613K(36352K) NonClass: 29340K(29888K)->29340K(29888K) Class: 6272K(6464K)->6272K(6464K)
[915.078s][info][gc             ] GC(2499) Pause Young (Allocation Failure) 596M->314M(618M) 1.343ms
[915.078s][info][gc,cpu         ] GC(2499) User=0.00s Sys=0.00s Real=0.00s
[915.273s][info][gc,start       ] GC(2500) Pause Young (Allocation Failure)
[915.275s][info][gc,heap        ] GC(2500) PSYoungGen: 289344K(310784K)->64K(310272K) Eden: 289280K(289280K)->0K(291840K) From: 64K(21504K)->64K(18432K)
[915.275s][info][gc,heap        ] GC(2500) ParOldGen: 321852K(322048K)->321852K(322048K)
[915.275s][info][gc,metaspace   ] GC(2500) Metaspace: 35613K(36352K)->35613K(36352K) NonClass: 29340K(29888K)->29340K(29888K) Class: 6272K(6464K)->6272K(6464K)
[915.275s][info][gc             ] GC(2500) Pause Young (Allocation Failure) 596M->314M(617M) 1.355ms
[915.275s][info][gc,cpu         ] GC(2500) User=0.00s Sys=0.00s Real=0.00s
[915.624s][info][gc,start       ] GC(2501) Pause Young (Allocation Failure)
[915.626s][info][gc,heap        ] GC(2501) PSYoungGen: 291904K(310272K)->64K(311296K) Eden: 291840K(291840K)->0K(291840K) From: 64K(18432K)->64K(19456K)
[915.626s][info][gc,heap        ] GC(2501) ParOldGen: 321852K(322048K)->321852K(322048K)
[915.626s][info][gc,metaspace   ] GC(2501) Metaspace: 35613K(36352K)->35613K(36352K) NonClass: 29340K(29888K)->29340K(29888K) Class: 6272K(6464K)->6272K(6464K)
[915.626s][info][gc             ] GC(2501) Pause Young (Allocation Failure) 599M->314M(618M) 1.380ms
[915.626s][info][gc,cpu         ] GC(2501) User=0.00s Sys=0.00s Real=0.00s
[915.713s][info][gc,start       ] GC(2502) Pause Young (Allocation Failure)
[915.715s][info][gc,heap        ] GC(2502) PSYoungGen: 291904K(311296K)->64K(313344K) Eden: 291840K(291840K)->0K(295936K) From: 64K(19456K)->64K(17408K)
[915.715s][info][gc,heap        ] GC(2502) ParOldGen: 321852K(322048K)->321860K(322048K)
[915.715s][info][gc,metaspace   ] GC(2502) Metaspace: 35613K(36352K)->35613K(36352K) NonClass: 29340K(29888K)->29340K(29888K) Class: 6272K(6464K)->6272K(6464K)
[915.715s][info][gc             ] GC(2502) Pause Young (Allocation Failure) 599M->314M(620M) 1.346ms
[915.715s][info][gc,cpu         ] GC(2502) User=0.00s Sys=0.00s Real=0.00s
[915.773s][info][gc,start       ] GC(2503) Pause Young (Allocation Failure)
[915.774s][info][gc,heap        ] GC(2503) PSYoungGen: 296000K(313344K)->64K(313856K) Eden: 295936K(295936K)->0K(295936K) From: 64K(17408K)->64K(17920K)
[915.774s][info][gc,heap        ] GC(2503) ParOldGen: 321860K(322048K)->321876K(322048K)
[915.774s][info][gc,metaspace   ] GC(2503) Metaspace: 35613K(36352K)->35613K(36352K) NonClass: 29340K(29888K)->29340K(29888K) Class: 6272K(6464K)->6272K(6464K)
[915.774s][info][gc             ] GC(2503) Pause Young (Allocation Failure) 603M->314M(621M) 1.296ms
[915.774s][info][gc,cpu         ] GC(2503) User=0.01s Sys=0.00s Real=0.00s
[915.927s][info][gc,start       ] GC(2504) Pause Young (Allocation Failure)
[915.928s][info][gc,heap        ] GC(2504) PSYoungGen: 296000K(313856K)->64K(314368K) Eden: 295936K(295936K)->0K(299008K) From: 64K(17920K)->64K(15360K)
[915.928s][info][gc,heap        ] GC(2504) ParOldGen: 321876K(322048K)->321876K(322048K)
[915.928s][info][gc,metaspace   ] GC(2504) Metaspace: 35613K(36352K)->35613K(36352K) NonClass: 29340K(29888K)->29340K(29888K) Class: 6272K(6464K)->6272K(6464K)
[915.928s][info][gc             ] GC(2504) Pause Young (Allocation Failure) 603M->314M(621M) 1.357ms
[915.928s][info][gc,cpu         ] GC(2504) User=0.00s Sys=0.00s Real=0.01s
[916.144s][info][gc,start       ] GC(2505) Pause Young (Allocation Failure)
[916.146s][info][gc,heap        ] GC(2505) PSYoungGen: 299072K(314368K)->64K(314880K) Eden: 299008K(299008K)->0K(299008K) From: 64K(15360K)->64K(15872K)
[916.146s][info][gc,heap        ] GC(2505) ParOldGen: 321876K(322048K)->321884K(322048K)
[916.146s][info][gc,metaspace   ] GC(2505) Metaspace: 35613K(36352K)->35613K(36352K) NonClass: 29340K(29888K)->29340K(29888K) Class: 6272K(6464K)->6272K(6464K)
[916.146s][info][gc             ] GC(2505) Pause Young (Allocation Failure) 606M->314M(622M) 1.424ms
[916.146s][info][gc,cpu         ] GC(2505) User=0.01s Sys=0.00s Real=0.00s
[916.288s][info][gc,start       ] GC(2506) Pause Young (Allocation Failure)
[916.289s][info][gc,heap        ] GC(2506) PSYoungGen: 299072K(314880K)->64K(317440K) Eden: 299008K(299008K)->0K(303104K) From: 64K(15872K)->64K(14336K)
[916.289s][info][gc,heap        ] GC(2506) ParOldGen: 321884K(322048K)->321892K(322048K)
[916.289s][info][gc,metaspace   ] GC(2506) Metaspace: 35613K(36352K)->35613K(36352K) NonClass: 29340K(29888K)->29340K(29888K) Class: 6272K(6464K)->6272K(6464K)
[916.290s][info][gc             ] GC(2506) Pause Young (Allocation Failure) 606M->314M(624M) 1.422ms
[916.290s][info][gc,cpu         ] GC(2506) User=0.00s Sys=0.00s Real=0.00s
[916.376s][info][gc,start       ] GC(2507) Pause Young (Allocation Failure)
[916.377s][info][gc,heap        ] GC(2507) PSYoungGen: 303168K(317440K)->64K(317440K) Eden: 303104K(303104K)->0K(303104K) From: 64K(14336K)->64K(14336K)
[916.377s][info][gc,heap        ] GC(2507) ParOldGen: 321892K(322048K)->321900K(322048K)
[916.377s][info][gc,metaspace   ] GC(2507) Metaspace: 35613K(36352K)->35613K(36352K) NonClass: 29340K(29888K)->29340K(29888K) Class: 6272K(6464K)->6272K(6464K)
[916.377s][info][gc             ] GC(2507) Pause Young (Allocation Failure) 610M->314M(624M) 1.315ms
[916.377s][info][gc,cpu         ] GC(2507) User=0.00s Sys=0.00s Real=0.01s
[916.551s][info][gc,start       ] GC(2508) Pause Young (Allocation Failure)
[916.552s][info][gc,heap        ] GC(2508) PSYoungGen: 303168K(317440K)->64K(318464K) Eden: 303104K(303104K)->0K(306176K) From: 64K(14336K)->64K(12288K)
[916.552s][info][gc,heap        ] GC(2508) ParOldGen: 321900K(322048K)->321908K(322048K)
[916.552s][info][gc,metaspace   ] GC(2508) Metaspace: 35613K(36352K)->35613K(36352K) NonClass: 29340K(29888K)->29340K(29888K) Class: 6272K(6464K)->6272K(6464K)
[916.552s][info][gc             ] GC(2508) Pause Young (Allocation Failure) 610M->314M(625M) 1.293ms
[916.552s][info][gc,cpu         ] GC(2508) User=0.00s Sys=0.00s Real=0.00s
[917.527s][info][gc,start       ] GC(2509) Pause Young (Allocation Failure)
[917.528s][info][gc,heap        ] GC(2509) PSYoungGen: 306240K(318464K)->83K(294400K) Eden: 306176K(306176K)->0K(293888K) From: 64K(12288K)->83K(512K)
[917.528s][info][gc,heap        ] GC(2509) ParOldGen: 321908K(322048K)->321916K(322048K)
[917.528s][info][gc,metaspace   ] GC(2509) Metaspace: 35613K(36352K)->35613K(36352K) NonClass: 29340K(29888K)->29340K(29888K) Class: 6272K(6464K)->6272K(6464K)
[917.528s][info][gc             ] GC(2509) Pause Young (Allocation Failure) 613M->314M(602M) 1.876ms
[917.529s][info][gc,cpu         ] GC(2509) User=0.00s Sys=0.00s Real=0.00s
[918.416s][info][gc,start       ] GC(2510) Pause Young (Allocation Failure)
[918.418s][info][gc,heap        ] GC(2510) PSYoungGen: 293971K(294400K)->64K(282624K) Eden: 293888K(293888K)->0K(282112K) From: 83K(512K)->64K(512K)
[918.418s][info][gc,heap        ] GC(2510) ParOldGen: 321916K(322048K)->321924K(322048K)
[918.418s][info][gc,metaspace   ] GC(2510) Metaspace: 35613K(36352K)->35613K(36352K) NonClass: 29340K(29888K)->29340K(29888K) Class: 6272K(6464K)->6272K(6464K)
[918.418s][info][gc             ] GC(2510) Pause Young (Allocation Failure) 601M->314M(590M) 2.222ms
[918.418s][info][gc,cpu         ] GC(2510) User=0.01s Sys=0.00s Real=0.01s
[918.687s][info][gc,start       ] GC(2511) Pause Young (Allocation Failure)
[918.689s][info][gc,heap        ] GC(2511) PSYoungGen: 282176K(282624K)->32K(281600K) Eden: 282112K(282112K)->0K(270848K) From: 64K(512K)->32K(10752K)
[918.689s][info][gc,heap        ] GC(2511) ParOldGen: 321924K(322048K)->321932K(322048K)
[918.689s][info][gc,metaspace   ] GC(2511) Metaspace: 35613K(36352K)->35613K(36352K) NonClass: 29340K(29888K)->29340K(29888K) Class: 6272K(6464K)->6272K(6464K)
[918.689s][info][gc             ] GC(2511) Pause Young (Allocation Failure) 589M->314M(589M) 1.713ms
[918.689s][info][gc,cpu         ] GC(2511) User=0.01s Sys=0.00s Real=0.00s
[919.137s][info][gc,start       ] GC(2512) Pause Young (Allocation Failure)
[919.139s][info][gc,heap        ] GC(2512) PSYoungGen: 270880K(281600K)->64K(260608K) Eden: 270848K(270848K)->0K(260096K) From: 32K(10752K)->64K(512K)
[919.139s][info][gc,heap        ] GC(2512) ParOldGen: 321932K(322048K)->321948K(322048K)
[919.139s][info][gc,metaspace   ] GC(2512) Metaspace: 35613K(36352K)->35613K(36352K) NonClass: 29340K(29888K)->29340K(29888K) Class: 6272K(6464K)->6272K(6464K)
[919.139s][info][gc             ] GC(2512) Pause Young (Allocation Failure) 578M->314M(569M) 2.490ms
[919.139s][info][gc,cpu         ] GC(2512) User=0.01s Sys=0.00s Real=0.00s
[920.132s][info][gc,start       ] GC(2513) Pause Young (Allocation Failure)
[920.133s][info][gc,heap        ] GC(2513) PSYoungGen: 260160K(260608K)->64K(259584K) Eden: 260096K(260096K)->0K(249856K) From: 64K(512K)->64K(9728K)
[920.133s][info][gc,heap        ] GC(2513) ParOldGen: 321948K(322048K)->321956K(322048K)
[920.133s][info][gc,metaspace   ] GC(2513) Metaspace: 35613K(36352K)->35613K(36352K) NonClass: 29340K(29888K)->29340K(29888K) Class: 6272K(6464K)->6272K(6464K)
[920.133s][info][gc             ] GC(2513) Pause Young (Allocation Failure) 568M->314M(568M) 1.457ms
[920.133s][info][gc,cpu         ] GC(2513) User=0.00s Sys=0.00s Real=0.00s
[920.495s][info][gc,start       ] GC(2514) Pause Young (Allocation Failure)
[920.497s][info][gc,heap        ] GC(2514) PSYoungGen: 249920K(259584K)->64K(240640K) Eden: 249856K(249856K)->0K(240128K) From: 64K(9728K)->64K(512K)
[920.497s][info][gc,heap        ] GC(2514) ParOldGen: 321956K(322048K)->321964K(322048K)
[920.497s][info][gc,metaspace   ] GC(2514) Metaspace: 35613K(36352K)->35613K(36352K) NonClass: 29340K(29888K)->29340K(29888K) Class: 6272K(6464K)->6272K(6464K)
[920.497s][info][gc             ] GC(2514) Pause Young (Allocation Failure) 558M->314M(549M) 1.930ms
[920.497s][info][gc,cpu         ] GC(2514) User=0.00s Sys=0.00s Real=0.01s
[920.655s][info][gc,start       ] GC(2515) Pause Young (Allocation Failure)
[920.656s][info][gc,heap        ] GC(2515) PSYoungGen: 240192K(240640K)->64K(239104K) Eden: 240128K(240128K)->0K(230912K) From: 64K(512K)->64K(8192K)
[920.656s][info][gc,heap        ] GC(2515) ParOldGen: 321964K(322048K)->321972K(322048K)
[920.656s][info][gc,metaspace   ] GC(2515) Metaspace: 35613K(36352K)->35613K(36352K) NonClass: 29340K(29888K)->29340K(29888K) Class: 6272K(6464K)->6272K(6464K)
[920.656s][info][gc             ] GC(2515) Pause Young (Allocation Failure) 548M->314M(548M) 1.310ms
[920.656s][info][gc,cpu         ] GC(2515) User=0.00s Sys=0.00s Real=0.00s
[920.751s][info][gc,start       ] GC(2516) Pause Young (Allocation Failure)
[920.753s][info][gc,heap        ] GC(2516) PSYoungGen: 230976K(239104K)->64K(222720K) Eden: 230912K(230912K)->0K(222208K) From: 64K(8192K)->64K(512K)
[920.753s][info][gc,heap        ] GC(2516) ParOldGen: 321972K(322048K)->321980K(322048K)
[920.753s][info][gc,metaspace   ] GC(2516) Metaspace: 35613K(36352K)->35613K(36352K) NonClass: 29340K(29888K)->29340K(29888K) Class: 6272K(6464K)->6272K(6464K)
[920.753s][info][gc             ] GC(2516) Pause Young (Allocation Failure) 539M->314M(532M) 1.875ms
[920.753s][info][gc,cpu         ] GC(2516) User=0.00s Sys=0.00s Real=0.00s
[921.363s][info][gc,start       ] GC(2517) Pause Young (Allocation Failure)
[921.365s][info][gc,heap        ] GC(2517) PSYoungGen: 222272K(222720K)->64K(221184K) Eden: 222208K(222208K)->0K(214016K) From: 64K(512K)->64K(7168K)
[921.365s][info][gc,heap        ] GC(2517) ParOldGen: 321980K(322048K)->321996K(322048K)
[921.365s][info][gc,metaspace   ] GC(2517) Metaspace: 35613K(36352K)->35613K(36352K) NonClass: 29340K(29888K)->29340K(29888K) Class: 6272K(6464K)->6272K(6464K)
[921.365s][info][gc             ] GC(2517) Pause Young (Allocation Failure) 531M->314M(530M) 1.822ms
[921.365s][info][gc,cpu         ] GC(2517) User=0.00s Sys=0.00s Real=0.00s
[921.546s][info][gc,start       ] GC(2518) Pause Young (Allocation Failure)
[921.549s][info][gc,heap        ] GC(2518) PSYoungGen: 214080K(221184K)->64K(206848K) Eden: 214016K(214016K)->0K(206336K) From: 64K(7168K)->64K(512K)
[921.549s][info][gc,heap        ] GC(2518) ParOldGen: 321996K(322048K)->321996K(322048K)
[921.549s][info][gc,metaspace   ] GC(2518) Metaspace: 35613K(36352K)->35613K(36352K) NonClass: 29340K(29888K)->29340K(29888K) Class: 6272K(6464K)->6272K(6464K)
[921.549s][info][gc             ] GC(2518) Pause Young (Allocation Failure) 523M->314M(516M) 2.848ms
[921.549s][info][gc,cpu         ] GC(2518) User=0.00s Sys=0.00s Real=0.01s
[921.875s][info][gc,start       ] GC(2519) Pause Young (Allocation Failure)
[921.896s][info][gc,heap        ] GC(2519) PSYoungGen: 206400K(206848K)->6144K(251904K) Eden: 206336K(206336K)->0K(245760K) From: 64K(512K)->6144K(6144K)
[921.896s][info][gc,heap        ] GC(2519) ParOldGen: 321996K(322048K)->325852K(326144K)
[921.896s][info][gc,metaspace   ] GC(2519) Metaspace: 35613K(36352K)->35613K(36352K) NonClass: 29340K(29888K)->29340K(29888K) Class: 6272K(6464K)->6272K(6464K)
[921.896s][info][gc             ] GC(2519) Pause Young (Allocation Failure) 516M->324M(564M) 20.563ms
[921.896s][info][gc,cpu         ] GC(2519) User=0.03s Sys=0.01s Real=0.02s
[922.170s][info][gc,start       ] GC(2520) Pause Young (Allocation Failure)
[922.225s][info][gc,heap        ] GC(2520) PSYoungGen: 251904K(251904K)->6144K(259072K) Eden: 245760K(245760K)->0K(252928K) From: 6144K(6144K)->6144K(6144K)
[922.225s][info][gc,heap        ] GC(2520) ParOldGen: 325852K(326144K)->345788K(346112K)
[922.225s][info][gc,metaspace   ] GC(2520) Metaspace: 35613K(36352K)->35613K(36352K) NonClass: 29340K(29888K)->29340K(29888K) Class: 6272K(6464K)->6272K(6464K)
[922.225s][info][gc             ] GC(2520) Pause Young (Allocation Failure) 564M->343M(591M) 54.290ms
[922.225s][info][gc,cpu         ] GC(2520) User=0.09s Sys=0.01s Real=0.05s
[922.506s][info][gc,start       ] GC(2521) Pause Young (Allocation Failure)
[922.559s][info][gc,heap        ] GC(2521) PSYoungGen: 259072K(259072K)->17408K(270336K) Eden: 252928K(252928K)->0K(252928K) From: 6144K(6144K)->17408K(17408K)
[922.559s][info][gc,heap        ] GC(2521) ParOldGen: 345788K(346112K)->355780K(355840K)
[922.559s][info][gc,metaspace   ] GC(2521) Metaspace: 35613K(36352K)->35613K(36352K) NonClass: 29340K(29888K)->29340K(29888K) Class: 6272K(6464K)->6272K(6464K)
[922.559s][info][gc             ] GC(2521) Pause Young (Allocation Failure) 590M->364M(611M) 53.093ms
[922.559s][info][gc,cpu         ] GC(2521) User=0.10s Sys=0.00s Real=0.06s
[922.675s][info][gc,start       ] GC(2522) Pause Young (Allocation Failure)
[922.691s][info][gc,heap        ] GC(2522) PSYoungGen: 270336K(270336K)->6400K(310784K) Eden: 252928K(252928K)->0K(286208K) From: 17408K(17408K)->6400K(24576K)
[922.691s][info][gc,heap        ] GC(2522) ParOldGen: 355780K(355840K)->356132K(356352K)
[922.691s][info][gc,metaspace   ] GC(2522) Metaspace: 35613K(36352K)->35613K(36352K) NonClass: 29340K(29888K)->29340K(29888K) Class: 6272K(6464K)->6272K(6464K)
[922.691s][info][gc             ] GC(2522) Pause Young (Allocation Failure) 611M->354M(651M) 16.326ms
[922.691s][info][gc,cpu         ] GC(2522) User=0.03s Sys=0.00s Real=0.02s
[923.121s][info][gc,start       ] GC(2523) Pause Young (Allocation Failure)
[923.123s][info][gc,heap        ] GC(2523) PSYoungGen: 292608K(310784K)->64K(286720K) Eden: 286208K(286208K)->0K(286208K) From: 6400K(24576K)->64K(512K)
[923.123s][info][gc,heap        ] GC(2523) ParOldGen: 356132K(356352K)->356140K(356352K)
[923.123s][info][gc,metaspace   ] GC(2523) Metaspace: 35613K(36352K)->35613K(36352K) NonClass: 29340K(29888K)->29340K(29888K) Class: 6272K(6464K)->6272K(6464K)
[923.123s][info][gc             ] GC(2523) Pause Young (Allocation Failure) 633M->347M(628M) 1.501ms
[923.123s][info][gc,cpu         ] GC(2523) User=0.00s Sys=0.00s Real=0.00s
[923.706s][info][gc,start       ] GC(2524) Pause Young (Allocation Failure)
[923.708s][info][gc,heap        ] GC(2524) PSYoungGen: 286272K(286720K)->64K(309248K) Eden: 286208K(286208K)->0K(286720K) From: 64K(512K)->64K(22528K)
[923.708s][info][gc,heap        ] GC(2524) ParOldGen: 356140K(356352K)->356148K(356352K)
[923.708s][info][gc,metaspace   ] GC(2524) Metaspace: 35613K(36352K)->35613K(36352K) NonClass: 29340K(29888K)->29340K(29888K) Class: 6272K(6464K)->6272K(6464K)
[923.708s][info][gc             ] GC(2524) Pause Young (Allocation Failure) 627M->347M(650M) 1.480ms
[923.708s][info][gc,cpu         ] GC(2524) User=0.00s Sys=0.00s Real=0.01s
[924.147s][info][gc,start       ] GC(2525) Pause Young (Allocation Failure)
[924.149s][info][gc,heap        ] GC(2525) PSYoungGen: 286784K(309248K)->64K(308736K) Eden: 286720K(286720K)->0K(286720K) From: 64K(22528K)->64K(22016K)
[924.149s][info][gc,heap        ] GC(2525) ParOldGen: 356148K(356352K)->356164K(356352K)
[924.149s][info][gc,metaspace   ] GC(2525) Metaspace: 35613K(36352K)->35613K(36352K) NonClass: 29340K(29888K)->29340K(29888K) Class: 6272K(6464K)->6272K(6464K)
[924.149s][info][gc             ] GC(2525) Pause Young (Allocation Failure) 627M->347M(649M) 1.552ms
[924.149s][info][gc,cpu         ] GC(2525) User=0.00s Sys=0.00s Real=0.00s
[924.344s][info][gc,start       ] GC(2526) Pause Young (Allocation Failure)
[924.345s][info][gc,heap        ] GC(2526) PSYoungGen: 286784K(308736K)->64K(310784K) Eden: 286720K(286720K)->0K(290304K) From: 64K(22016K)->64K(20480K)
[924.345s][info][gc,heap        ] GC(2526) ParOldGen: 356164K(356352K)->356180K(356352K)
[924.345s][info][gc,metaspace   ] GC(2526) Metaspace: 35613K(36352K)->35613K(36352K) NonClass: 29340K(29888K)->29340K(29888K) Class: 6272K(6464K)->6272K(6464K)
[924.345s][info][gc             ] GC(2526) Pause Young (Allocation Failure) 627M->347M(651M) 1.572ms
[924.345s][info][gc,cpu         ] GC(2526) User=0.00s Sys=0.00s Real=0.00s
[924.542s][info][gc,start       ] GC(2527) Pause Young (Allocation Failure)
[924.544s][info][gc,heap        ] GC(2527) PSYoungGen: 290368K(310784K)->64K(310272K) Eden: 290304K(290304K)->0K(290304K) From: 64K(20480K)->64K(19968K)
[924.544s][info][gc,heap        ] GC(2527) ParOldGen: 356180K(356352K)->356180K(356352K)
[924.544s][info][gc,metaspace   ] GC(2527) Metaspace: 35613K(36352K)->35613K(36352K) NonClass: 29340K(29888K)->29340K(29888K) Class: 6272K(6464K)->6272K(6464K)
[924.544s][info][gc             ] GC(2527) Pause Young (Allocation Failure) 631M->347M(651M) 1.506ms
[924.544s][info][gc,cpu         ] GC(2527) User=0.00s Sys=0.00s Real=0.00s
[924.883s][info][gc,start       ] GC(2528) Pause Young (Allocation Failure)
[924.885s][info][gc,heap        ] GC(2528) PSYoungGen: 290368K(310272K)->64K(312832K) Eden: 290304K(290304K)->0K(294400K) From: 64K(19968K)->64K(18432K)
[924.885s][info][gc,heap        ] GC(2528) ParOldGen: 356180K(356352K)->356180K(356352K)
[924.885s][info][gc,metaspace   ] GC(2528) Metaspace: 35613K(36352K)->35613K(36352K) NonClass: 29340K(29888K)->29340K(29888K) Class: 6272K(6464K)->6272K(6464K)
[924.885s][info][gc             ] GC(2528) Pause Young (Allocation Failure) 631M->347M(653M) 1.508ms
[924.885s][info][gc,cpu         ] GC(2528) User=0.00s Sys=0.00s Real=0.00s
[924.990s][info][gc,start       ] GC(2529) Pause Young (Allocation Failure)
[924.991s][info][gc,heap        ] GC(2529) PSYoungGen: 294464K(312832K)->64K(312832K) Eden: 294400K(294400K)->0K(294400K) From: 64K(18432K)->64K(18432K)
[924.991s][info][gc,heap        ] GC(2529) ParOldGen: 356180K(356352K)->356188K(356352K)
[924.991s][info][gc,metaspace   ] GC(2529) Metaspace: 35613K(36352K)->35613K(36352K) NonClass: 29340K(29888K)->29340K(29888K) Class: 6272K(6464K)->6272K(6464K)
[924.991s][info][gc             ] GC(2529) Pause Young (Allocation Failure) 635M->347M(653M) 1.414ms
[924.991s][info][gc,cpu         ] GC(2529) User=0.01s Sys=0.00s Real=0.00s
[925.045s][info][gc,start       ] GC(2530) Pause Young (Allocation Failure)
[925.047s][info][gc,heap        ] GC(2530) PSYoungGen: 294464K(312832K)->32K(314368K) Eden: 294400K(294400K)->0K(297984K) From: 64K(18432K)->32K(16384K)
[925.047s][info][gc,heap        ] GC(2530) ParOldGen: 356188K(356352K)->356204K(356352K)
[925.047s][info][gc,metaspace   ] GC(2530) Metaspace: 35613K(36352K)->35613K(36352K) NonClass: 29340K(29888K)->29340K(29888K) Class: 6272K(6464K)->6272K(6464K)
[925.047s][info][gc             ] GC(2530) Pause Young (Allocation Failure) 635M->347M(655M) 1.375ms
[925.047s][info][gc,cpu         ] GC(2530) User=0.00s Sys=0.00s Real=0.01s
[925.193s][info][gc,start       ] GC(2531) Pause Young (Allocation Failure)
[925.194s][info][gc,heap        ] GC(2531) PSYoungGen: 298016K(314368K)->64K(314368K) Eden: 297984K(297984K)->0K(297984K) From: 32K(16384K)->64K(16384K)
[925.194s][info][gc,heap        ] GC(2531) ParOldGen: 356204K(356352K)->356204K(356352K)
[925.194s][info][gc,metaspace   ] GC(2531) Metaspace: 35613K(36352K)->35613K(36352K) NonClass: 29340K(29888K)->29340K(29888K) Class: 6272K(6464K)->6272K(6464K)
[925.194s][info][gc             ] GC(2531) Pause Young (Allocation Failure) 638M->347M(655M) 1.468ms
[925.194s][info][gc,cpu         ] GC(2531) User=0.00s Sys=0.01s Real=0.00s
[925.409s][info][gc,start       ] GC(2532) Pause Young (Allocation Failure)
[925.411s][info][gc,heap        ] GC(2532) PSYoungGen: 298048K(314368K)->64K(315904K) Eden: 297984K(297984K)->0K(301568K) From: 64K(16384K)->64K(14336K)
[925.411s][info][gc,heap        ] GC(2532) ParOldGen: 356204K(356352K)->356212K(356352K)
[925.411s][info][gc,metaspace   ] GC(2532) Metaspace: 35613K(36352K)->35613K(36352K) NonClass: 29340K(29888K)->29340K(29888K) Class: 6272K(6464K)->6272K(6464K)
[925.411s][info][gc             ] GC(2532) Pause Young (Allocation Failure) 638M->347M(656M) 1.618ms
[925.411s][info][gc,cpu         ] GC(2532) User=0.00s Sys=0.00s Real=0.00s
[925.561s][info][gc,start       ] GC(2533) Pause Young (Allocation Failure)
[925.563s][info][gc,heap        ] GC(2533) PSYoungGen: 301632K(315904K)->64K(316416K) Eden: 301568K(301568K)->0K(301568K) From: 64K(14336K)->64K(14848K)
[925.563s][info][gc,heap        ] GC(2533) ParOldGen: 356212K(356352K)->356220K(356352K)
[925.563s][info][gc,metaspace   ] GC(2533) Metaspace: 35613K(36352K)->35613K(36352K) NonClass: 29340K(29888K)->29340K(29888K) Class: 6272K(6464K)->6272K(6464K)
[925.563s][info][gc             ] GC(2533) Pause Young (Allocation Failure) 642M->347M(657M) 1.527ms
[925.563s][info][gc,cpu         ] GC(2533) User=0.00s Sys=0.00s Real=0.00s
[925.645s][info][gc,start       ] GC(2534) Pause Young (Allocation Failure)
[925.647s][info][gc,heap        ] GC(2534) PSYoungGen: 301632K(316416K)->64K(318464K) Eden: 301568K(301568K)->0K(305152K) From: 64K(14848K)->64K(13312K)
[925.647s][info][gc,heap        ] GC(2534) ParOldGen: 356220K(356352K)->356236K(356352K)
[925.647s][info][gc,metaspace   ] GC(2534) Metaspace: 35613K(36352K)->35613K(36352K) NonClass: 29340K(29888K)->29340K(29888K) Class: 6272K(6464K)->6272K(6464K)
[925.647s][info][gc             ] GC(2534) Pause Young (Allocation Failure) 642M->347M(659M) 1.572ms
[925.647s][info][gc,cpu         ] GC(2534) User=0.00s Sys=0.00s Real=0.01s
[925.822s][info][gc,start       ] GC(2535) Pause Young (Allocation Failure)
[925.823s][info][gc,heap        ] GC(2535) PSYoungGen: 305216K(318464K)->64K(318464K) Eden: 305152K(305152K)->0K(305152K) From: 64K(13312K)->64K(13312K)
[925.823s][info][gc,heap        ] GC(2535) ParOldGen: 356236K(356352K)->356236K(356352K)
[925.823s][info][gc,metaspace   ] GC(2535) Metaspace: 35613K(36352K)->35613K(36352K) NonClass: 29340K(29888K)->29340K(29888K) Class: 6272K(6464K)->6272K(6464K)
[925.823s][info][gc             ] GC(2535) Pause Young (Allocation Failure) 645M->347M(659M) 1.480ms
[925.823s][info][gc,cpu         ] GC(2535) User=0.01s Sys=0.00s Real=0.00s
[926.807s][info][gc,start       ] GC(2536) Pause Young (Allocation Failure)
[926.808s][info][gc,heap        ] GC(2536) PSYoungGen: 305216K(318464K)->64K(320000K) Eden: 305152K(305152K)->0K(307712K) From: 64K(13312K)->64K(12288K)
[926.808s][info][gc,heap        ] GC(2536) ParOldGen: 356236K(356352K)->356244K(356352K)
[926.808s][info][gc,metaspace   ] GC(2536) Metaspace: 35613K(36352K)->35613K(36352K) NonClass: 29340K(29888K)->29340K(29888K) Class: 6272K(6464K)->6272K(6464K)
[926.808s][info][gc             ] GC(2536) Pause Young (Allocation Failure) 645M->347M(660M) 1.429ms
[926.808s][info][gc,cpu         ] GC(2536) User=0.01s Sys=0.00s Real=0.00s
[927.704s][info][gc,start       ] GC(2537) Pause Young (Allocation Failure)
[927.705s][info][gc,heap        ] GC(2537) PSYoungGen: 307776K(320000K)->64K(295936K) Eden: 307712K(307712K)->0K(295424K) From: 64K(12288K)->64K(512K)
[927.706s][info][gc,heap        ] GC(2537) ParOldGen: 356244K(356352K)->356252K(356352K)
[927.706s][info][gc,metaspace   ] GC(2537) Metaspace: 35613K(36352K)->35613K(36352K) NonClass: 29340K(29888K)->29340K(29888K) Class: 6272K(6464K)->6272K(6464K)
[927.706s][info][gc             ] GC(2537) Pause Young (Allocation Failure) 648M->347M(637M) 1.445ms
[927.706s][info][gc,cpu         ] GC(2537) User=0.01s Sys=0.00s Real=0.00s
[927.999s][info][gc,start       ] GC(2538) Pause Young (Allocation Failure)
[928.001s][info][gc,heap        ] GC(2538) PSYoungGen: 295488K(295936K)->64K(284160K) Eden: 295424K(295424K)->0K(283648K) From: 64K(512K)->64K(512K)
[928.001s][info][gc,heap        ] GC(2538) ParOldGen: 356252K(356352K)->356260K(356352K)
[928.001s][info][gc,metaspace   ] GC(2538) Metaspace: 35613K(36352K)->35613K(36352K) NonClass: 29340K(29888K)->29340K(29888K) Class: 6272K(6464K)->6272K(6464K)
[928.001s][info][gc             ] GC(2538) Pause Young (Allocation Failure) 636M->347M(625M) 1.851ms
[928.001s][info][gc,cpu         ] GC(2538) User=0.00s Sys=0.00s Real=0.00s
[928.443s][info][gc,start       ] GC(2539) Pause Young (Allocation Failure)
[928.444s][info][gc,heap        ] GC(2539) PSYoungGen: 283712K(284160K)->64K(282624K) Eden: 283648K(283648K)->0K(272384K) From: 64K(512K)->64K(10240K)
[928.444s][info][gc,heap        ] GC(2539) ParOldGen: 356260K(356352K)->356268K(356352K)
[928.444s][info][gc,metaspace   ] GC(2539) Metaspace: 35613K(36352K)->35613K(36352K) NonClass: 29340K(29888K)->29340K(29888K) Class: 6272K(6464K)->6272K(6464K)
[928.444s][info][gc             ] GC(2539) Pause Young (Allocation Failure) 624M->347M(624M) 1.396ms
[928.444s][info][gc,cpu         ] GC(2539) User=0.00s Sys=0.00s Real=0.00s
[929.416s][info][gc,start       ] GC(2540) Pause Young (Allocation Failure)
[929.418s][info][gc,heap        ] GC(2540) PSYoungGen: 272448K(282624K)->64K(262144K) Eden: 272384K(272384K)->0K(261632K) From: 64K(10240K)->64K(512K)
[929.418s][info][gc,heap        ] GC(2540) ParOldGen: 356268K(356352K)->356276K(356352K)
[929.418s][info][gc,metaspace   ] GC(2540) Metaspace: 35613K(36352K)->35613K(36352K) NonClass: 29340K(29888K)->29340K(29888K) Class: 6272K(6464K)->6272K(6464K)
[929.418s][info][gc             ] GC(2540) Pause Young (Allocation Failure) 613M->347M(604M) 1.945ms
[929.418s][info][gc,cpu         ] GC(2540) User=0.00s Sys=0.00s Real=0.01s
[929.767s][info][gc,start       ] GC(2541) Pause Young (Allocation Failure)
[929.769s][info][gc,heap        ] GC(2541) PSYoungGen: 261696K(262144K)->64K(260096K) Eden: 261632K(261632K)->0K(251392K) From: 64K(512K)->64K(8704K)
[929.769s][info][gc,heap        ] GC(2541) ParOldGen: 356276K(356352K)->356284K(356352K)
[929.769s][info][gc,metaspace   ] GC(2541) Metaspace: 35613K(36352K)->35613K(36352K) NonClass: 29340K(29888K)->29340K(29888K) Class: 6272K(6464K)->6272K(6464K)
[929.769s][info][gc             ] GC(2541) Pause Young (Allocation Failure) 603M->347M(602M) 2.056ms
[929.769s][info][gc,cpu         ] GC(2541) User=0.00s Sys=0.00s Real=0.00s
[929.908s][info][gc,start       ] GC(2542) Pause Young (Allocation Failure)
[929.911s][info][gc,heap        ] GC(2542) PSYoungGen: 251456K(260096K)->64K(242176K) Eden: 251392K(251392K)->0K(241664K) From: 64K(8704K)->64K(512K)
[929.911s][info][gc,heap        ] GC(2542) ParOldGen: 356284K(356352K)->356292K(356352K)
[929.911s][info][gc,metaspace   ] GC(2542) Metaspace: 35613K(36352K)->35613K(36352K) NonClass: 29340K(29888K)->29340K(29888K) Class: 6272K(6464K)->6272K(6464K)
[929.911s][info][gc             ] GC(2542) Pause Young (Allocation Failure) 593M->348M(584M) 2.543ms
[929.911s][info][gc,cpu         ] GC(2542) User=0.00s Sys=0.00s Real=0.00s
[930.179s][info][gc,start       ] GC(2543) Pause Young (Allocation Failure)
[930.180s][info][gc,heap        ] GC(2543) PSYoungGen: 241728K(242176K)->64K(240128K) Eden: 241664K(241664K)->0K(232448K) From: 64K(512K)->64K(7680K)
[930.180s][info][gc,heap        ] GC(2543) ParOldGen: 356292K(356352K)->356300K(356352K)
[930.180s][info][gc,metaspace   ] GC(2543) Metaspace: 35613K(36352K)->35613K(36352K) NonClass: 29340K(29888K)->29340K(29888K) Class: 6272K(6464K)->6272K(6464K)
[930.180s][info][gc             ] GC(2543) Pause Young (Allocation Failure) 584M->348M(582M) 1.456ms
[930.180s][info][gc,cpu         ] GC(2543) User=0.00s Sys=0.00s Real=0.00s
[930.642s][info][gc,start       ] GC(2544) Pause Young (Allocation Failure)
[930.644s][info][gc,heap        ] GC(2544) PSYoungGen: 232512K(240128K)->64K(224256K) Eden: 232448K(232448K)->0K(223744K) From: 64K(7680K)->64K(512K)
[930.644s][info][gc,heap        ] GC(2544) ParOldGen: 356300K(356352K)->356308K(356352K)
[930.644s][info][gc,metaspace   ] GC(2544) Metaspace: 35613K(36352K)->35613K(36352K) NonClass: 29340K(29888K)->29340K(29888K) Class: 6272K(6464K)->6272K(6464K)
[930.644s][info][gc             ] GC(2544) Pause Young (Allocation Failure) 575M->348M(567M) 2.524ms
[930.644s][info][gc,cpu         ] GC(2544) User=0.00s Sys=0.00s Real=0.00s
[930.956s][info][gc,start       ] GC(2545) Pause Young (Allocation Failure)
[930.957s][info][gc,heap        ] GC(2545) PSYoungGen: 223808K(224256K)->64K(222208K) Eden: 223744K(223744K)->0K(215552K) From: 64K(512K)->64K(6656K)
[930.957s][info][gc,heap        ] GC(2545) ParOldGen: 356308K(356352K)->356316K(356352K)
[930.957s][info][gc,metaspace   ] GC(2545) Metaspace: 35613K(36352K)->35613K(36352K) NonClass: 29340K(29888K)->29340K(29888K) Class: 6272K(6464K)->6272K(6464K)
[930.957s][info][gc             ] GC(2545) Pause Young (Allocation Failure) 566M->348M(565M) 1.490ms
[930.957s][info][gc,cpu         ] GC(2545) User=0.01s Sys=0.00s Real=0.01s
[931.229s][info][gc,start       ] GC(2546) Pause Young (Allocation Failure)
[931.272s][info][gc,heap        ] GC(2546) PSYoungGen: 215616K(222208K)->6144K(264192K) Eden: 215552K(215552K)->0K(258048K) From: 64K(6656K)->6144K(6144K)
[931.272s][info][gc,heap        ] GC(2546) ParOldGen: 356316K(356352K)->370596K(370688K)
[931.272s][info][gc,metaspace   ] GC(2546) Metaspace: 35613K(36352K)->35613K(36352K) NonClass: 29340K(29888K)->29340K(29888K) Class: 6272K(6464K)->6272K(6464K)
[931.272s][info][gc             ] GC(2546) Pause Young (Allocation Failure) 558M->367M(620M) 42.886ms
[931.272s][info][gc,cpu         ] GC(2546) User=0.07s Sys=0.01s Real=0.04s
[931.560s][info][gc,start       ] GC(2547) Pause Young (Allocation Failure)
[931.617s][info][gc,heap        ] GC(2547) PSYoungGen: 264192K(264192K)->12800K(273920K) Eden: 258048K(258048K)->0K(261120K) From: 6144K(6144K)->12800K(12800K)
[931.617s][info][gc,heap        ] GC(2547) ParOldGen: 370596K(370688K)->385548K(386048K)
[931.617s][info][gc,metaspace   ] GC(2547) Metaspace: 35613K(36352K)->35613K(36352K) NonClass: 29340K(29888K)->29340K(29888K) Class: 6272K(6464K)->6272K(6464K)
[931.617s][info][gc             ] GC(2547) Pause Young (Allocation Failure) 619M->389M(644M) 57.227ms
[931.617s][info][gc,cpu         ] GC(2547) User=0.10s Sys=0.01s Real=0.06s
[931.858s][info][gc,start       ] GC(2548) Pause Young (Allocation Failure)
[931.907s][info][gc,heap        ] GC(2548) PSYoungGen: 273920K(273920K)->21312K(304128K) Eden: 261120K(261120K)->0K(282624K) From: 12800K(12800K)->21312K(21504K)
[931.907s][info][gc,heap        ] GC(2548) ParOldGen: 385548K(386048K)->386092K(386560K)
[931.907s][info][gc,metaspace   ] GC(2548) Metaspace: 35613K(36352K)->35613K(36352K) NonClass: 29340K(29888K)->29340K(29888K) Class: 6272K(6464K)->6272K(6464K)
[931.907s][info][gc             ] GC(2548) Pause Young (Allocation Failure) 644M->397M(674M) 48.684ms
[931.907s][info][gc,cpu         ] GC(2548) User=0.07s Sys=0.02s Real=0.05s
[932.027s][info][gc,start       ] GC(2549) Pause Young (Allocation Failure)
[932.028s][info][gc,heap        ] GC(2549) PSYoungGen: 303936K(304128K)->64K(308224K) Eden: 282624K(282624K)->0K(282624K) From: 21312K(21504K)->64K(25600K)
[932.028s][info][gc,heap        ] GC(2549) ParOldGen: 386092K(386560K)->386100K(386560K)
[932.028s][info][gc,metaspace   ] GC(2549) Metaspace: 35613K(36352K)->35613K(36352K) NonClass: 29340K(29888K)->29340K(29888K) Class: 6272K(6464K)->6272K(6464K)
[932.028s][info][gc             ] GC(2549) Pause Young (Allocation Failure) 673M->377M(678M) 1.509ms
[932.028s][info][gc,cpu         ] GC(2549) User=0.00s Sys=0.00s Real=0.00s
[932.733s][info][gc,start       ] GC(2550) Pause Young (Allocation Failure)
[932.734s][info][gc,heap        ] GC(2550) PSYoungGen: 282688K(308224K)->64K(305664K) Eden: 282624K(282624K)->0K(283136K) From: 64K(25600K)->64K(22528K)
[932.734s][info][gc,heap        ] GC(2550) ParOldGen: 386100K(386560K)->386116K(386560K)
[932.734s][info][gc,metaspace   ] GC(2550) Metaspace: 35613K(36352K)->35613K(36352K) NonClass: 29340K(29888K)->29340K(29888K) Class: 6272K(6464K)->6272K(6464K)
[932.734s][info][gc             ] GC(2550) Pause Young (Allocation Failure) 653M->377M(676M) 1.764ms
[932.735s][info][gc,cpu         ] GC(2550) User=0.01s Sys=0.00s Real=0.00s
[933.057s][info][gc,start       ] GC(2551) Pause Young (Allocation Failure)
[933.059s][info][gc,heap        ] GC(2551) PSYoungGen: 283200K(305664K)->64K(307200K) Eden: 283136K(283136K)->0K(283136K) From: 64K(22528K)->64K(24064K)
[933.059s][info][gc,heap        ] GC(2551) ParOldGen: 386116K(386560K)->386116K(386560K)
[933.059s][info][gc,metaspace   ] GC(2551) Metaspace: 35613K(36352K)->35613K(36352K) NonClass: 29340K(29888K)->29340K(29888K) Class: 6272K(6464K)->6272K(6464K)
[933.059s][info][gc             ] GC(2551) Pause Young (Allocation Failure) 653M->377M(677M) 1.703ms
[933.059s][info][gc,cpu         ] GC(2551) User=0.00s Sys=0.00s Real=0.00s
[933.497s][info][gc,start       ] GC(2552) Pause Young (Allocation Failure)
[933.499s][info][gc,heap        ] GC(2552) PSYoungGen: 283200K(307200K)->64K(307200K) Eden: 283136K(283136K)->0K(286720K) From: 64K(24064K)->64K(20480K)
[933.499s][info][gc,heap        ] GC(2552) ParOldGen: 386116K(386560K)->386132K(386560K)
[933.499s][info][gc,metaspace   ] GC(2552) Metaspace: 35613K(36352K)->35613K(36352K) NonClass: 29340K(29888K)->29340K(29888K) Class: 6272K(6464K)->6272K(6464K)
[933.499s][info][gc             ] GC(2552) Pause Young (Allocation Failure) 653M->377M(677M) 1.621ms
[933.499s][info][gc,cpu         ] GC(2552) User=0.00s Sys=0.01s Real=0.00s
[933.692s][info][gc,start       ] GC(2553) Pause Young (Allocation Failure)
[933.693s][info][gc,heap        ] GC(2553) PSYoungGen: 286784K(307200K)->64K(308736K) Eden: 286720K(286720K)->0K(286720K) From: 64K(20480K)->64K(22016K)
[933.693s][info][gc,heap        ] GC(2553) ParOldGen: 386132K(386560K)->386148K(386560K)
[933.693s][info][gc,metaspace   ] GC(2553) Metaspace: 35613K(36352K)->35613K(36352K) NonClass: 29340K(29888K)->29340K(29888K) Class: 6272K(6464K)->6272K(6464K)
[933.693s][info][gc             ] GC(2553) Pause Young (Allocation Failure) 657M->377M(679M) 1.549ms
[933.693s][info][gc,cpu         ] GC(2553) User=0.00s Sys=0.00s Real=0.00s
[933.887s][info][gc,start       ] GC(2554) Pause Young (Allocation Failure)
[933.889s][info][gc,heap        ] GC(2554) PSYoungGen: 286784K(308736K)->64K(309248K) Eden: 286720K(286720K)->0K(290816K) From: 64K(22016K)->64K(18432K)
[933.889s][info][gc,heap        ] GC(2554) ParOldGen: 386148K(386560K)->386148K(386560K)
[933.889s][info][gc,metaspace   ] GC(2554) Metaspace: 35613K(36352K)->35613K(36352K) NonClass: 29340K(29888K)->29340K(29888K) Class: 6272K(6464K)->6272K(6464K)
[933.889s][info][gc             ] GC(2554) Pause Young (Allocation Failure) 657M->377M(679M) 1.527ms
[933.889s][info][gc,cpu         ] GC(2554) User=0.00s Sys=0.00s Real=0.00s
[934.215s][info][gc,start       ] GC(2555) Pause Young (Allocation Failure)
[934.216s][info][gc,heap        ] GC(2555) PSYoungGen: 290880K(309248K)->64K(310784K) Eden: 290816K(290816K)->0K(290816K) From: 64K(18432K)->64K(19968K)
[934.216s][info][gc,heap        ] GC(2555) ParOldGen: 386148K(386560K)->386148K(386560K)
[934.216s][info][gc,metaspace   ] GC(2555) Metaspace: 35613K(36352K)->35613K(36352K) NonClass: 29340K(29888K)->29340K(29888K) Class: 6272K(6464K)->6272K(6464K)
[934.216s][info][gc             ] GC(2555) Pause Young (Allocation Failure) 661M->377M(681M) 1.539ms
[934.216s][info][gc,cpu         ] GC(2555) User=0.00s Sys=0.00s Real=0.00s
[934.269s][info][gc,start       ] GC(2556) Pause Young (Allocation Failure)
[934.270s][info][gc,heap        ] GC(2556) PSYoungGen: 290880K(310784K)->64K(311296K) Eden: 290816K(290816K)->0K(294912K) From: 64K(19968K)->64K(16384K)
[934.270s][info][gc,heap        ] GC(2556) ParOldGen: 386148K(386560K)->386164K(386560K)
[934.270s][info][gc,metaspace   ] GC(2556) Metaspace: 35613K(36352K)->35613K(36352K) NonClass: 29340K(29888K)->29340K(29888K) Class: 6272K(6464K)->6272K(6464K)
[934.270s][info][gc             ] GC(2556) Pause Young (Allocation Failure) 661M->377M(681M) 1.495ms
[934.270s][info][gc,cpu         ] GC(2556) User=0.01s Sys=0.00s Real=0.00s
[934.327s][info][gc,start       ] GC(2557) Pause Young (Allocation Failure)
[934.329s][info][gc,heap        ] GC(2557) PSYoungGen: 294976K(311296K)->64K(312832K) Eden: 294912K(294912K)->0K(294912K) From: 64K(16384K)->64K(17920K)
[934.329s][info][gc,heap        ] GC(2557) ParOldGen: 386164K(386560K)->386164K(386560K)
[934.329s][info][gc,metaspace   ] GC(2557) Metaspace: 35613K(36352K)->35613K(36352K) NonClass: 29340K(29888K)->29340K(29888K) Class: 6272K(6464K)->6272K(6464K)
[934.329s][info][gc             ] GC(2557) Pause Young (Allocation Failure) 665M->377M(683M) 1.502ms
[934.329s][info][gc,cpu         ] GC(2557) User=0.00s Sys=0.00s Real=0.00s
[934.544s][info][gc,start       ] GC(2558) Pause Young (Allocation Failure)
[934.545s][info][gc,heap        ] GC(2558) PSYoungGen: 294976K(312832K)->64K(314368K) Eden: 294912K(294912K)->0K(299008K) From: 64K(17920K)->64K(15360K)
[934.545s][info][gc,heap        ] GC(2558) ParOldGen: 386164K(386560K)->386164K(386560K)
[934.545s][info][gc,metaspace   ] GC(2558) Metaspace: 35613K(36352K)->35613K(36352K) NonClass: 29340K(29888K)->29340K(29888K) Class: 6272K(6464K)->6272K(6464K)
[934.545s][info][gc             ] GC(2558) Pause Young (Allocation Failure) 665M->377M(684M) 1.502ms
[934.546s][info][gc,cpu         ] GC(2558) User=0.00s Sys=0.00s Real=0.00s
[934.761s][info][gc,start       ] GC(2559) Pause Young (Allocation Failure)
[934.762s][info][gc,heap        ] GC(2559) PSYoungGen: 299072K(314368K)->64K(315392K) Eden: 299008K(299008K)->0K(299008K) From: 64K(15360K)->64K(16384K)
[934.762s][info][gc,heap        ] GC(2559) ParOldGen: 386164K(386560K)->386172K(386560K)
[934.762s][info][gc,metaspace   ] GC(2559) Metaspace: 35613K(36352K)->35613K(36352K) NonClass: 29340K(29888K)->29340K(29888K) Class: 6272K(6464K)->6272K(6464K)
[934.762s][info][gc             ] GC(2559) Pause Young (Allocation Failure) 669M->377M(685M) 1.595ms
[934.762s][info][gc,cpu         ] GC(2559) User=0.01s Sys=0.00s Real=0.00s
[934.857s][info][gc,start       ] GC(2560) Pause Young (Allocation Failure)
[934.858s][info][gc,heap        ] GC(2560) PSYoungGen: 299072K(315392K)->64K(315392K) Eden: 299008K(299008K)->0K(302080K) From: 64K(16384K)->64K(13312K)
[934.858s][info][gc,heap        ] GC(2560) ParOldGen: 386172K(386560K)->386180K(386560K)
[934.858s][info][gc,metaspace   ] GC(2560) Metaspace: 35613K(36352K)->35613K(36352K) NonClass: 29340K(29888K)->29340K(29888K) Class: 6272K(6464K)->6272K(6464K)
[934.858s][info][gc             ] GC(2560) Pause Young (Allocation Failure) 669M->377M(685M) 1.655ms
[934.858s][info][gc,cpu         ] GC(2560) User=0.00s Sys=0.00s Real=0.00s
[934.976s][info][gc,start       ] GC(2561) Pause Young (Allocation Failure)
[934.978s][info][gc,heap        ] GC(2561) PSYoungGen: 302144K(315392K)->64K(316416K) Eden: 302080K(302080K)->0K(302080K) From: 64K(13312K)->64K(14336K)
[934.978s][info][gc,heap        ] GC(2561) ParOldGen: 386180K(386560K)->386188K(386560K)
[934.978s][info][gc,metaspace   ] GC(2561) Metaspace: 35613K(36352K)->35613K(36352K) NonClass: 29340K(29888K)->29340K(29888K) Class: 6272K(6464K)->6272K(6464K)
[934.978s][info][gc             ] GC(2561) Pause Young (Allocation Failure) 672M->377M(686M) 1.661ms
[934.978s][info][gc,cpu         ] GC(2561) User=0.00s Sys=0.00s Real=0.01s
[935.332s][info][gc,start       ] GC(2562) Pause Young (Allocation Failure)
[935.334s][info][gc,heap        ] GC(2562) PSYoungGen: 302144K(316416K)->64K(317440K) Eden: 302080K(302080K)->0K(306176K) From: 64K(14336K)->64K(11264K)
[935.334s][info][gc,heap        ] GC(2562) ParOldGen: 386188K(386560K)->386196K(386560K)
[935.334s][info][gc,metaspace   ] GC(2562) Metaspace: 35613K(36352K)->35613K(36352K) NonClass: 29340K(29888K)->29340K(29888K) Class: 6272K(6464K)->6272K(6464K)
[935.334s][info][gc             ] GC(2562) Pause Young (Allocation Failure) 672M->377M(687M) 1.633ms
[935.334s][info][gc,cpu         ] GC(2562) User=0.01s Sys=0.00s Real=0.00s
[936.082s][info][gc,start       ] GC(2563) Pause Young (Allocation Failure)
[936.084s][info][gc,heap        ] GC(2563) PSYoungGen: 306240K(317440K)->83K(318464K) Eden: 306176K(306176K)->0K(306176K) From: 64K(11264K)->83K(12288K)
[936.084s][info][gc,heap        ] GC(2563) ParOldGen: 386196K(386560K)->386204K(386560K)
[936.084s][info][gc,metaspace   ] GC(2563) Metaspace: 35613K(36352K)->35613K(36352K) NonClass: 29340K(29888K)->29340K(29888K) Class: 6272K(6464K)->6272K(6464K)
[936.084s][info][gc             ] GC(2563) Pause Young (Allocation Failure) 676M->377M(688M) 1.586ms
[936.084s][info][gc,cpu         ] GC(2563) User=0.00s Sys=0.00s Real=0.00s
[937.038s][info][gc,start       ] GC(2564) Pause Young (Allocation Failure)
[937.040s][info][gc,heap        ] GC(2564) PSYoungGen: 306259K(318464K)->64K(294400K) Eden: 306176K(306176K)->0K(293888K) From: 83K(12288K)->64K(512K)
[937.040s][info][gc,heap        ] GC(2564) ParOldGen: 386204K(386560K)->386212K(386560K)
[937.040s][info][gc,metaspace   ] GC(2564) Metaspace: 35613K(36352K)->35613K(36352K) NonClass: 29340K(29888K)->29340K(29888K) Class: 6272K(6464K)->6272K(6464K)
[937.040s][info][gc             ] GC(2564) Pause Young (Allocation Failure) 676M->377M(665M) 2.090ms
[937.040s][info][gc,cpu         ] GC(2564) User=0.00s Sys=0.00s Real=0.00s
[937.467s][info][gc,start       ] GC(2565) Pause Young (Allocation Failure)
[937.469s][info][gc,heap        ] GC(2565) PSYoungGen: 293952K(294400K)->64K(292864K) Eden: 293888K(293888K)->0K(282112K) From: 64K(512K)->64K(10752K)
[937.469s][info][gc,heap        ] GC(2565) ParOldGen: 386212K(386560K)->386220K(386560K)
[937.469s][info][gc,metaspace   ] GC(2565) Metaspace: 35613K(36352K)->35613K(36352K) NonClass: 29340K(29888K)->29340K(29888K) Class: 6272K(6464K)->6272K(6464K)
[937.469s][info][gc             ] GC(2565) Pause Young (Allocation Failure) 664M->377M(663M) 1.448ms
[937.469s][info][gc,cpu         ] GC(2565) User=0.00s Sys=0.00s Real=0.00s
[938.483s][info][gc,start       ] GC(2566) Pause Young (Allocation Failure)
[938.485s][info][gc,heap        ] GC(2566) PSYoungGen: 282176K(292864K)->64K(271360K) Eden: 282112K(282112K)->0K(270848K) From: 64K(10752K)->64K(512K)
[938.485s][info][gc,heap        ] GC(2566) ParOldGen: 386220K(386560K)->386228K(386560K)
[938.485s][info][gc,metaspace   ] GC(2566) Metaspace: 35613K(36352K)->35613K(36352K) NonClass: 29340K(29888K)->29340K(29888K) Class: 6272K(6464K)->6272K(6464K)
[938.485s][info][gc             ] GC(2566) Pause Young (Allocation Failure) 652M->377M(642M) 2.131ms
[938.485s][info][gc,cpu         ] GC(2566) User=0.00s Sys=0.00s Real=0.00s
[938.879s][info][gc,start       ] GC(2567) Pause Young (Allocation Failure)
[938.880s][info][gc,heap        ] GC(2567) PSYoungGen: 270912K(271360K)->64K(269824K) Eden: 270848K(270848K)->0K(260096K) From: 64K(512K)->64K(9728K)
[938.880s][info][gc,heap        ] GC(2567) ParOldGen: 386228K(386560K)->386236K(386560K)
[938.880s][info][gc,metaspace   ] GC(2567) Metaspace: 35613K(36352K)->35613K(36352K) NonClass: 29340K(29888K)->29340K(29888K) Class: 6272K(6464K)->6272K(6464K)
[938.880s][info][gc             ] GC(2567) Pause Young (Allocation Failure) 641M->377M(641M) 1.431ms
[938.880s][info][gc,cpu         ] GC(2567) User=0.01s Sys=0.00s Real=0.00s
[939.083s][info][gc,start       ] GC(2568) Pause Young (Allocation Failure)
[939.084s][info][gc,heap        ] GC(2568) PSYoungGen: 260160K(269824K)->64K(250368K) Eden: 260096K(260096K)->0K(249856K) From: 64K(9728K)->64K(512K)
[939.084s][info][gc,heap        ] GC(2568) ParOldGen: 386236K(386560K)->386244K(386560K)
[939.084s][info][gc,metaspace   ] GC(2568) Metaspace: 35613K(36352K)->35613K(36352K) NonClass: 29340K(29888K)->29340K(29888K) Class: 6272K(6464K)->6272K(6464K)
[939.084s][info][gc             ] GC(2568) Pause Young (Allocation Failure) 631M->377M(622M) 1.645ms
[939.084s][info][gc,cpu         ] GC(2568) User=0.00s Sys=0.00s Real=0.00s
[939.160s][info][gc,start       ] GC(2569) Pause Young (Allocation Failure)
[939.161s][info][gc,heap        ] GC(2569) PSYoungGen: 249920K(250368K)->64K(248320K) Eden: 249856K(249856K)->0K(240128K) From: 64K(512K)->64K(8192K)
[939.161s][info][gc,heap        ] GC(2569) ParOldGen: 386244K(386560K)->386252K(386560K)
[939.161s][info][gc,metaspace   ] GC(2569) Metaspace: 35613K(36352K)->35613K(36352K) NonClass: 29340K(29888K)->29340K(29888K) Class: 6272K(6464K)->6272K(6464K)
[939.161s][info][gc             ] GC(2569) Pause Young (Allocation Failure) 621M->377M(620M) 1.332ms
[939.161s][info][gc,cpu         ] GC(2569) User=0.00s Sys=0.00s Real=0.00s
[939.691s][info][gc,start       ] GC(2570) Pause Young (Allocation Failure)
[939.693s][info][gc,heap        ] GC(2570) PSYoungGen: 240192K(248320K)->64K(231424K) Eden: 240128K(240128K)->0K(230912K) From: 64K(8192K)->64K(512K)
[939.693s][info][gc,heap        ] GC(2570) ParOldGen: 386252K(386560K)->386260K(386560K)
[939.693s][info][gc,metaspace   ] GC(2570) Metaspace: 35613K(36352K)->35613K(36352K) NonClass: 29340K(29888K)->29340K(29888K) Class: 6272K(6464K)->6272K(6464K)
[939.693s][info][gc             ] GC(2570) Pause Young (Allocation Failure) 611M->377M(603M) 2.083ms
[939.693s][info][gc,cpu         ] GC(2570) User=0.01s Sys=0.00s Real=0.00s
[939.937s][info][gc,start       ] GC(2571) Pause Young (Allocation Failure)
[939.939s][info][gc,heap        ] GC(2571) PSYoungGen: 230976K(231424K)->64K(229376K) Eden: 230912K(230912K)->0K(222208K) From: 64K(512K)->64K(7168K)
[939.939s][info][gc,heap        ] GC(2571) ParOldGen: 386260K(386560K)->386268K(386560K)
[939.939s][info][gc,metaspace   ] GC(2571) Metaspace: 35613K(36352K)->35613K(36352K) NonClass: 29340K(29888K)->29340K(29888K) Class: 6272K(6464K)->6272K(6464K)
[939.939s][info][gc             ] GC(2571) Pause Young (Allocation Failure) 602M->377M(601M) 1.418ms
[939.939s][info][gc,cpu         ] GC(2571) User=0.00s Sys=0.00s Real=0.00s
[940.291s][info][gc,start       ] GC(2572) Pause Young (Allocation Failure)
[940.310s][info][gc,heap        ] GC(2572) PSYoungGen: 222272K(229376K)->6656K(271360K) Eden: 222208K(222208K)->0K(264704K) From: 64K(7168K)->6656K(6656K)
[940.310s][info][gc,heap        ] GC(2572) ParOldGen: 386268K(386560K)->389164K(389632K)
[940.310s][info][gc,metaspace   ] GC(2572) Metaspace: 35613K(36352K)->35613K(36352K) NonClass: 29340K(29888K)->29340K(29888K) Class: 6272K(6464K)->6272K(6464K)
[940.310s][info][gc             ] GC(2572) Pause Young (Allocation Failure) 594M->386M(645M) 19.423ms
[940.310s][info][gc,cpu         ] GC(2572) User=0.03s Sys=0.01s Real=0.02s
[940.603s][info][gc,start       ] GC(2573) Pause Young (Allocation Failure)
[940.660s][info][gc,heap        ] GC(2573) PSYoungGen: 271360K(271360K)->9216K(288256K) Eden: 264704K(264704K)->0K(279040K) From: 6656K(6656K)->9216K(9216K)
[940.660s][info][gc,heap        ] GC(2573) ParOldGen: 389164K(389632K)->407980K(408064K)
[940.660s][info][gc,metaspace   ] GC(2573) Metaspace: 35613K(36352K)->35613K(36352K) NonClass: 29340K(29888K)->29340K(29888K) Class: 6272K(6464K)->6272K(6464K)
[940.660s][info][gc             ] GC(2573) Pause Young (Allocation Failure) 645M->407M(680M) 57.418ms
[940.660s][info][gc,cpu         ] GC(2573) User=0.10s Sys=0.01s Real=0.06s
[940.968s][info][gc,start       ] GC(2574) Pause Young (Allocation Failure)
[941.035s][info][gc,heap        ] GC(2574) PSYoungGen: 288256K(288256K)->18432K(299008K) Eden: 279040K(279040K)->0K(280576K) From: 9216K(9216K)->18432K(18432K)
[941.035s][info][gc,heap        ] GC(2574) ParOldGen: 407980K(408064K)->419668K(419840K)
[941.035s][info][gc,metaspace   ] GC(2574) Metaspace: 35613K(36352K)->35613K(36352K) NonClass: 29340K(29888K)->29340K(29888K) Class: 6272K(6464K)->6272K(6464K)
[941.035s][info][gc             ] GC(2574) Pause Young (Allocation Failure) 679M->427M(702M) 67.158ms
[941.035s][info][gc,cpu         ] GC(2574) User=0.11s Sys=0.02s Real=0.06s
[941.131s][info][gc,start       ] GC(2575) Pause Young (Allocation Failure)
[941.139s][info][gc,heap        ] GC(2575) PSYoungGen: 299008K(299008K)->2080K(307200K) Eden: 280576K(280576K)->0K(280576K) From: 18432K(18432K)->2080K(26624K)
[941.139s][info][gc,heap        ] GC(2575) ParOldGen: 419668K(419840K)->420084K(420352K)
[941.139s][info][gc,metaspace   ] GC(2575) Metaspace: 35613K(36352K)->35613K(36352K) NonClass: 29340K(29888K)->29340K(29888K) Class: 6272K(6464K)->6272K(6464K)
[941.139s][info][gc             ] GC(2575) Pause Young (Allocation Failure) 701M->412M(710M) 8.115ms
[941.139s][info][gc,cpu         ] GC(2575) User=0.02s Sys=0.00s Real=0.01s
[941.686s][info][gc,start       ] GC(2576) Pause Young (Allocation Failure)
[941.688s][info][gc,heap        ] GC(2576) PSYoungGen: 282656K(307200K)->64K(304128K) Eden: 280576K(280576K)->0K(281600K) From: 2080K(26624K)->64K(22528K)
[941.688s][info][gc,heap        ] GC(2576) ParOldGen: 420084K(420352K)->420092K(420352K)
[941.688s][info][gc,metaspace   ] GC(2576) Metaspace: 35613K(36352K)->35613K(36352K) NonClass: 29340K(29888K)->29340K(29888K) Class: 6272K(6464K)->6272K(6464K)
[941.688s][info][gc             ] GC(2576) Pause Young (Allocation Failure) 686M->410M(707M) 1.770ms
[941.688s][info][gc,cpu         ] GC(2576) User=0.00s Sys=0.00s Real=0.01s
[942.159s][info][gc,start       ] GC(2577) Pause Young (Allocation Failure)
[942.160s][info][gc,heap        ] GC(2577) PSYoungGen: 281664K(304128K)->64K(306176K) Eden: 281600K(281600K)->0K(281600K) From: 64K(22528K)->64K(24576K)
[942.160s][info][gc,heap        ] GC(2577) ParOldGen: 420092K(420352K)->420100K(420352K)
[942.160s][info][gc,metaspace   ] GC(2577) Metaspace: 35613K(36352K)->35613K(36352K) NonClass: 29340K(29888K)->29340K(29888K) Class: 6272K(6464K)->6272K(6464K)
[942.160s][info][gc             ] GC(2577) Pause Young (Allocation Failure) 685M->410M(709M) 1.633ms
[942.160s][info][gc,cpu         ] GC(2577) User=0.00s Sys=0.00s Real=0.00s
[942.582s][info][gc,start       ] GC(2578) Pause Young (Allocation Failure)
[942.583s][info][gc,heap        ] GC(2578) PSYoungGen: 281664K(306176K)->64K(306176K) Eden: 281600K(281600K)->0K(285696K) From: 64K(24576K)->64K(20480K)
[942.583s][info][gc,heap        ] GC(2578) ParOldGen: 420100K(420352K)->420116K(420352K)
[942.583s][info][gc,metaspace   ] GC(2578) Metaspace: 35613K(36352K)->35613K(36352K) NonClass: 29340K(29888K)->29340K(29888K) Class: 6272K(6464K)->6272K(6464K)
[942.583s][info][gc             ] GC(2578) Pause Young (Allocation Failure) 685M->410M(709M) 1.618ms
[942.583s][info][gc,cpu         ] GC(2578) User=0.00s Sys=0.00s Real=0.00s
[942.773s][info][gc,start       ] GC(2579) Pause Young (Allocation Failure)
[942.775s][info][gc,heap        ] GC(2579) PSYoungGen: 285760K(306176K)->64K(308224K) Eden: 285696K(285696K)->0K(285696K) From: 64K(20480K)->64K(22528K)
[942.775s][info][gc,heap        ] GC(2579) ParOldGen: 420116K(420352K)->420132K(420352K)
[942.775s][info][gc,metaspace   ] GC(2579) Metaspace: 35613K(36352K)->35613K(36352K) NonClass: 29340K(29888K)->29340K(29888K) Class: 6272K(6464K)->6272K(6464K)
[942.775s][info][gc             ] GC(2579) Pause Young (Allocation Failure) 689M->410M(711M) 1.659ms
[942.775s][info][gc,cpu         ] GC(2579) User=0.01s Sys=0.00s Real=0.00s
[942.966s][info][gc,start       ] GC(2580) Pause Young (Allocation Failure)
[942.967s][info][gc,heap        ] GC(2580) PSYoungGen: 285760K(308224K)->64K(308224K) Eden: 285696K(285696K)->0K(289792K) From: 64K(22528K)->64K(18432K)
[942.967s][info][gc,heap        ] GC(2580) ParOldGen: 420132K(420352K)->420132K(420352K)
[942.967s][info][gc,metaspace   ] GC(2580) Metaspace: 35613K(36352K)->35613K(36352K) NonClass: 29340K(29888K)->29340K(29888K) Class: 6272K(6464K)->6272K(6464K)
[942.967s][info][gc             ] GC(2580) Pause Young (Allocation Failure) 689M->410M(711M) 1.584ms
[942.967s][info][gc,cpu         ] GC(2580) User=0.01s Sys=0.00s Real=0.01s
[943.317s][info][gc,start       ] GC(2581) Pause Young (Allocation Failure)
[943.319s][info][gc,heap        ] GC(2581) PSYoungGen: 289856K(308224K)->64K(310272K) Eden: 289792K(289792K)->0K(289792K) From: 64K(18432K)->64K(20480K)
[943.319s][info][gc,heap        ] GC(2581) ParOldGen: 420132K(420352K)->420132K(420352K)
[943.319s][info][gc,metaspace   ] GC(2581) Metaspace: 35613K(36352K)->35613K(36352K) NonClass: 29340K(29888K)->29340K(29888K) Class: 6272K(6464K)->6272K(6464K)
[943.319s][info][gc             ] GC(2581) Pause Young (Allocation Failure) 693M->410M(713M) 1.587ms
[943.319s][info][gc,cpu         ] GC(2581) User=0.00s Sys=0.00s Real=0.00s
[943.382s][info][gc,start       ] GC(2582) Pause Young (Allocation Failure)
[943.384s][info][gc,heap        ] GC(2582) PSYoungGen: 289856K(310272K)->64K(310272K) Eden: 289792K(289792K)->0K(293888K) From: 64K(20480K)->64K(16384K)
[943.384s][info][gc,heap        ] GC(2582) ParOldGen: 420132K(420352K)->420140K(420352K)
[943.384s][info][gc,metaspace   ] GC(2582) Metaspace: 35613K(36352K)->35613K(36352K) NonClass: 29340K(29888K)->29340K(29888K) Class: 6272K(6464K)->6272K(6464K)
[943.384s][info][gc             ] GC(2582) Pause Young (Allocation Failure) 693M->410M(713M) 1.579ms
[943.384s][info][gc,cpu         ] GC(2582) User=0.00s Sys=0.00s Real=0.00s
[943.437s][info][gc,start       ] GC(2583) Pause Young (Allocation Failure)
[943.438s][info][gc,heap        ] GC(2583) PSYoungGen: 293952K(310272K)->64K(312320K) Eden: 293888K(293888K)->0K(293888K) From: 64K(16384K)->64K(18432K)
[943.438s][info][gc,heap        ] GC(2583) ParOldGen: 420140K(420352K)->420156K(420352K)
[943.438s][info][gc,metaspace   ] GC(2583) Metaspace: 35613K(36352K)->35613K(36352K) NonClass: 29340K(29888K)->29340K(29888K) Class: 6272K(6464K)->6272K(6464K)
[943.438s][info][gc             ] GC(2583) Pause Young (Allocation Failure) 697M->410M(715M) 1.375ms
[943.438s][info][gc,cpu         ] GC(2583) User=0.00s Sys=0.00s Real=0.00s
[943.599s][info][gc,start       ] GC(2584) Pause Young (Allocation Failure)
[943.600s][info][gc,heap        ] GC(2584) PSYoungGen: 293952K(312320K)->64K(312320K) Eden: 293888K(293888K)->0K(297984K) From: 64K(18432K)->64K(14336K)
[943.600s][info][gc,heap        ] GC(2584) ParOldGen: 420156K(420352K)->420156K(420352K)
[943.600s][info][gc,metaspace   ] GC(2584) Metaspace: 35613K(36352K)->35613K(36352K) NonClass: 29340K(29888K)->29340K(29888K) Class: 6272K(6464K)->6272K(6464K)
[943.600s][info][gc             ] GC(2584) Pause Young (Allocation Failure) 697M->410M(715M) 1.484ms
[943.600s][info][gc,cpu         ] GC(2584) User=0.00s Sys=0.00s Real=0.00s
[943.811s][info][gc,start       ] GC(2585) Pause Young (Allocation Failure)
[943.812s][info][gc,heap        ] GC(2585) PSYoungGen: 298048K(312320K)->64K(314368K) Eden: 297984K(297984K)->0K(297984K) From: 64K(14336K)->64K(16384K)
[943.812s][info][gc,heap        ] GC(2585) ParOldGen: 420156K(420352K)->420164K(420352K)
[943.812s][info][gc,metaspace   ] GC(2585) Metaspace: 35613K(36352K)->35613K(36352K) NonClass: 29340K(29888K)->29340K(29888K) Class: 6272K(6464K)->6272K(6464K)
[943.812s][info][gc             ] GC(2585) Pause Young (Allocation Failure) 701M->410M(717M) 1.552ms
[943.812s][info][gc,cpu         ] GC(2585) User=0.00s Sys=0.00s Real=0.00s
[943.943s][info][gc,start       ] GC(2586) Pause Young (Allocation Failure)
[943.945s][info][gc,heap        ] GC(2586) PSYoungGen: 298048K(314368K)->64K(314880K) Eden: 297984K(297984K)->0K(301568K) From: 64K(16384K)->64K(13312K)
[943.945s][info][gc,heap        ] GC(2586) ParOldGen: 420164K(420352K)->420172K(420352K)
[943.945s][info][gc,metaspace   ] GC(2586) Metaspace: 35613K(36352K)->35613K(36352K) NonClass: 29340K(29888K)->29340K(29888K) Class: 6272K(6464K)->6272K(6464K)
[943.945s][info][gc             ] GC(2586) Pause Young (Allocation Failure) 701M->410M(718M) 1.546ms
[943.945s][info][gc,cpu         ] GC(2586) User=0.01s Sys=0.00s Real=0.00s
[944.034s][info][gc,start       ] GC(2587) Pause Young (Allocation Failure)
[944.036s][info][gc,heap        ] GC(2587) PSYoungGen: 301632K(314880K)->64K(316416K) Eden: 301568K(301568K)->0K(301568K) From: 64K(13312K)->64K(14848K)
[944.036s][info][gc,heap        ] GC(2587) ParOldGen: 420172K(420352K)->420180K(420352K)
[944.036s][info][gc,metaspace   ] GC(2587) Metaspace: 35613K(36352K)->35613K(36352K) NonClass: 29340K(29888K)->29340K(29888K) Class: 6272K(6464K)->6272K(6464K)
[944.036s][info][gc             ] GC(2587) Pause Young (Allocation Failure) 704M->410M(719M) 1.479ms
[944.036s][info][gc,cpu         ] GC(2587) User=0.01s Sys=0.00s Real=0.00s
[944.208s][info][gc,start       ] GC(2588) Pause Young (Allocation Failure)
[944.210s][info][gc,heap        ] GC(2588) PSYoungGen: 301632K(316416K)->64K(316416K) Eden: 301568K(301568K)->0K(305152K) From: 64K(14848K)->64K(11264K)
[944.210s][info][gc,heap        ] GC(2588) ParOldGen: 420180K(420352K)->420188K(420352K)
[944.210s][info][gc,metaspace   ] GC(2588) Metaspace: 35613K(36352K)->35613K(36352K) NonClass: 29340K(29888K)->29340K(29888K) Class: 6272K(6464K)->6272K(6464K)
[944.210s][info][gc             ] GC(2588) Pause Young (Allocation Failure) 704M->410M(719M) 1.520ms
[944.210s][info][gc,cpu         ] GC(2588) User=0.00s Sys=0.00s Real=0.00s
[945.160s][info][gc,start       ] GC(2589) Pause Young (Allocation Failure)
[945.162s][info][gc,heap        ] GC(2589) PSYoungGen: 305216K(316416K)->83K(317952K) Eden: 305152K(305152K)->0K(305152K) From: 64K(11264K)->83K(12800K)
[945.162s][info][gc,heap        ] GC(2589) ParOldGen: 420188K(420352K)->420196K(420352K)
[945.162s][info][gc,metaspace   ] GC(2589) Metaspace: 35613K(36352K)->35613K(36352K) NonClass: 29340K(29888K)->29340K(29888K) Class: 6272K(6464K)->6272K(6464K)
[945.162s][info][gc             ] GC(2589) Pause Young (Allocation Failure) 708M->410M(721M) 1.556ms
[945.162s][info][gc,cpu         ] GC(2589) User=0.01s Sys=0.00s Real=0.00s
[946.054s][info][gc,start       ] GC(2590) Pause Young (Allocation Failure)
[946.056s][info][gc,heap        ] GC(2590) PSYoungGen: 305235K(317952K)->64K(293376K) Eden: 305152K(305152K)->0K(292864K) From: 83K(12800K)->64K(512K)
[946.056s][info][gc,heap        ] GC(2590) ParOldGen: 420196K(420352K)->420204K(420352K)
[946.056s][info][gc,metaspace   ] GC(2590) Metaspace: 35613K(36352K)->35613K(36352K) NonClass: 29340K(29888K)->29340K(29888K) Class: 6272K(6464K)->6272K(6464K)
[946.056s][info][gc             ] GC(2590) Pause Young (Allocation Failure) 708M->410M(697M) 2.129ms
[946.056s][info][gc,cpu         ] GC(2590) User=0.01s Sys=0.01s Real=0.00s
[946.386s][info][gc,start       ] GC(2591) Pause Young (Allocation Failure)
[946.388s][info][gc,heap        ] GC(2591) PSYoungGen: 292928K(293376K)->64K(292352K) Eden: 292864K(292864K)->0K(281088K) From: 64K(512K)->64K(11264K)
[946.388s][info][gc,heap        ] GC(2591) ParOldGen: 420204K(420352K)->420212K(420352K)
[946.388s][info][gc,metaspace   ] GC(2591) Metaspace: 35613K(36352K)->35613K(36352K) NonClass: 29340K(29888K)->29340K(29888K) Class: 6272K(6464K)->6272K(6464K)
[946.388s][info][gc             ] GC(2591) Pause Young (Allocation Failure) 696M->410M(696M) 1.558ms
[946.388s][info][gc,cpu         ] GC(2591) User=0.00s Sys=0.00s Real=0.01s
[946.791s][info][gc,start       ] GC(2592) Pause Young (Allocation Failure)
[946.794s][info][gc,heap        ] GC(2592) PSYoungGen: 281152K(292352K)->64K(270336K) Eden: 281088K(281088K)->0K(269824K) From: 64K(11264K)->64K(512K)
[946.794s][info][gc,heap        ] GC(2592) ParOldGen: 420212K(420352K)->420220K(420352K)
[946.794s][info][gc,metaspace   ] GC(2592) Metaspace: 35613K(36352K)->35613K(36352K) NonClass: 29340K(29888K)->29340K(29888K) Class: 6272K(6464K)->6272K(6464K)
[946.794s][info][gc             ] GC(2592) Pause Young (Allocation Failure) 684M->410M(674M) 2.513ms
[946.794s][info][gc,cpu         ] GC(2592) User=0.00s Sys=0.00s Real=0.00s
[947.759s][info][gc,start       ] GC(2593) Pause Young (Allocation Failure)
[947.760s][info][gc,heap        ] GC(2593) PSYoungGen: 269888K(270336K)->64K(269312K) Eden: 269824K(269824K)->0K(259584K) From: 64K(512K)->64K(9728K)
[947.760s][info][gc,heap        ] GC(2593) ParOldGen: 420220K(420352K)->420228K(420352K)
[947.760s][info][gc,metaspace   ] GC(2593) Metaspace: 35613K(36352K)->35613K(36352K) NonClass: 29340K(29888K)->29340K(29888K) Class: 6272K(6464K)->6272K(6464K)
[947.760s][info][gc             ] GC(2593) Pause Young (Allocation Failure) 673M->410M(673M) 1.522ms
[947.760s][info][gc,cpu         ] GC(2593) User=0.01s Sys=0.00s Real=0.00s
[948.103s][info][gc,start       ] GC(2594) Pause Young (Allocation Failure)
[948.105s][info][gc,heap        ] GC(2594) PSYoungGen: 259648K(269312K)->64K(250368K) Eden: 259584K(259584K)->0K(249856K) From: 64K(9728K)->64K(512K)
[948.105s][info][gc,heap        ] GC(2594) ParOldGen: 420228K(420352K)->420236K(420352K)
[948.105s][info][gc,metaspace   ] GC(2594) Metaspace: 35613K(36352K)->35613K(36352K) NonClass: 29340K(29888K)->29340K(29888K) Class: 6272K(6464K)->6272K(6464K)
[948.105s][info][gc             ] GC(2594) Pause Young (Allocation Failure) 663M->410M(655M) 1.728ms
[948.105s][info][gc,cpu         ] GC(2594) User=0.00s Sys=0.00s Real=0.00s
[948.233s][info][gc,start       ] GC(2595) Pause Young (Allocation Failure)
[948.235s][info][gc,heap        ] GC(2595) PSYoungGen: 249920K(250368K)->64K(248832K) Eden: 249856K(249856K)->0K(240128K) From: 64K(512K)->64K(8704K)
[948.235s][info][gc,heap        ] GC(2595) ParOldGen: 420236K(420352K)->420244K(420352K)
[948.235s][info][gc,metaspace   ] GC(2595) Metaspace: 35613K(36352K)->35613K(36352K) NonClass: 29340K(29888K)->29340K(29888K) Class: 6272K(6464K)->6272K(6464K)
[948.235s][info][gc             ] GC(2595) Pause Young (Allocation Failure) 654M->410M(653M) 1.418ms
[948.235s][info][gc,cpu         ] GC(2595) User=0.00s Sys=0.00s Real=0.00s
[948.537s][info][gc,start       ] GC(2596) Pause Young (Allocation Failure)
[948.539s][info][gc,heap        ] GC(2596) PSYoungGen: 240192K(248832K)->64K(231424K) Eden: 240128K(240128K)->0K(230912K) From: 64K(8704K)->64K(512K)
[948.539s][info][gc,heap        ] GC(2596) ParOldGen: 420244K(420352K)->420252K(420352K)
[948.539s][info][gc,metaspace   ] GC(2596) Metaspace: 35613K(36352K)->35613K(36352K) NonClass: 29340K(29888K)->29340K(29888K) Class: 6272K(6464K)->6272K(6464K)
[948.539s][info][gc             ] GC(2596) Pause Young (Allocation Failure) 644M->410M(636M) 2.105ms
[948.539s][info][gc,cpu         ] GC(2596) User=0.01s Sys=0.00s Real=0.00s
[948.971s][info][gc,start       ] GC(2597) Pause Young (Allocation Failure)
[948.972s][info][gc,heap        ] GC(2597) PSYoungGen: 230976K(231424K)->64K(229376K) Eden: 230912K(230912K)->0K(222208K) From: 64K(512K)->64K(7168K)
[948.972s][info][gc,heap        ] GC(2597) ParOldGen: 420252K(420352K)->420260K(420352K)
[948.972s][info][gc,metaspace   ] GC(2597) Metaspace: 35613K(36352K)->35613K(36352K) NonClass: 29340K(29888K)->29340K(29888K) Class: 6272K(6464K)->6272K(6464K)
[948.972s][info][gc             ] GC(2597) Pause Young (Allocation Failure) 635M->410M(634M) 1.727ms
[948.972s][info][gc,cpu         ] GC(2597) User=0.01s Sys=0.00s Real=0.00s
[949.317s][info][gc,start       ] GC(2598) Pause Young (Allocation Failure)
[949.319s][info][gc,heap        ] GC(2598) PSYoungGen: 222272K(229376K)->64K(214528K) Eden: 222208K(222208K)->0K(214016K) From: 64K(7168K)->64K(512K)
[949.319s][info][gc,heap        ] GC(2598) ParOldGen: 420260K(420352K)->420268K(420352K)
[949.319s][info][gc,metaspace   ] GC(2598) Metaspace: 35613K(36352K)->35613K(36352K) NonClass: 29340K(29888K)->29340K(29888K) Class: 6272K(6464K)->6272K(6464K)
[949.319s][info][gc             ] GC(2598) Pause Young (Allocation Failure) 627M->410M(620M) 1.986ms
[949.319s][info][gc,cpu         ] GC(2598) User=0.00s Sys=0.00s Real=0.00s
[949.572s][info][gc,start       ] GC(2599) Pause Young (Allocation Failure)
[949.615s][info][gc,heap        ] GC(2599) PSYoungGen: 214080K(214528K)->6144K(262144K) Eden: 214016K(214016K)->0K(256000K) From: 64K(512K)->6144K(6144K)
[949.615s][info][gc,heap        ] GC(2599) ParOldGen: 420268K(420352K)->435668K(435712K)
[949.615s][info][gc,metaspace   ] GC(2599) Metaspace: 35613K(36352K)->35613K(36352K) NonClass: 29340K(29888K)->29340K(29888K) Class: 6272K(6464K)->6272K(6464K)
[949.615s][info][gc             ] GC(2599) Pause Young (Allocation Failure) 619M->431M(681M) 43.213ms
[949.615s][info][gc,cpu         ] GC(2599) User=0.08s Sys=0.01s Real=0.04s
[949.902s][info][gc,start       ] GC(2600) Pause Young (Allocation Failure)
[949.962s][info][gc,heap        ] GC(2600) PSYoungGen: 262144K(262144K)->6144K(267776K) Eden: 256000K(256000K)->0K(261632K) From: 6144K(6144K)->6144K(6144K)
[949.962s][info][gc,heap        ] GC(2600) ParOldGen: 435668K(435712K)->457124K(457216K)
[949.962s][info][gc,metaspace   ] GC(2600) Metaspace: 35613K(36352K)->35613K(36352K) NonClass: 29340K(29888K)->29340K(29888K) Class: 6272K(6464K)->6272K(6464K)
[949.962s][info][gc             ] GC(2600) Pause Young (Allocation Failure) 681M->452M(708M) 60.248ms
[949.962s][info][gc,cpu         ] GC(2600) User=0.11s Sys=0.01s Real=0.06s
[950.198s][info][gc,start       ] GC(2601) Pause Young (Allocation Failure)
[950.237s][info][gc,heap        ] GC(2601) PSYoungGen: 267776K(267776K)->20448K(283136K) Eden: 261632K(261632K)->0K(261632K) From: 6144K(6144K)->20448K(21504K)
[950.237s][info][gc,heap        ] GC(2601) ParOldGen: 457124K(457216K)->457908K(458240K)
[950.237s][info][gc,metaspace   ] GC(2601) Metaspace: 35613K(36352K)->35613K(36352K) NonClass: 29340K(29888K)->29340K(29888K) Class: 6272K(6464K)->6272K(6464K)
[950.237s][info][gc             ] GC(2601) Pause Young (Allocation Failure) 707M->467M(724M) 38.765ms
[950.237s][info][gc,cpu         ] GC(2601) User=0.08s Sys=0.00s Real=0.04s
[950.329s][info][gc,start       ] GC(2602) Pause Young (Allocation Failure)
[950.330s][info][gc,heap        ] GC(2602) PSYoungGen: 282080K(283136K)->64K(308736K) Eden: 261632K(261632K)->0K(283136K) From: 20448K(21504K)->64K(25600K)
[950.330s][info][gc,heap        ] GC(2602) ParOldGen: 457908K(458240K)->457916K(458240K)
[950.330s][info][gc,metaspace   ] GC(2602) Metaspace: 35613K(36352K)->35613K(36352K) NonClass: 29340K(29888K)->29340K(29888K) Class: 6272K(6464K)->6272K(6464K)
[950.330s][info][gc             ] GC(2602) Pause Young (Allocation Failure) 722M->447M(749M) 1.597ms
[950.330s][info][gc,cpu         ] GC(2602) User=0.00s Sys=0.00s Real=0.00s
[951.027s][info][gc,start       ] GC(2603) Pause Young (Allocation Failure)
[951.029s][info][gc,heap        ] GC(2603) PSYoungGen: 283200K(308736K)->64K(283648K) Eden: 283136K(283136K)->0K(283136K) From: 64K(25600K)->64K(512K)
[951.029s][info][gc,heap        ] GC(2603) ParOldGen: 457916K(458240K)->457924K(458240K)
[951.029s][info][gc,metaspace   ] GC(2603) Metaspace: 35613K(36352K)->35613K(36352K) NonClass: 29340K(29888K)->29340K(29888K) Class: 6272K(6464K)->6272K(6464K)
[951.029s][info][gc             ] GC(2603) Pause Young (Allocation Failure) 723M->447M(724M) 2.011ms
[951.029s][info][gc,cpu         ] GC(2603) User=0.00s Sys=0.00s Real=0.00s
[951.416s][info][gc,start       ] GC(2604) Pause Young (Allocation Failure)
[951.418s][info][gc,heap        ] GC(2604) PSYoungGen: 283200K(283648K)->160K(308224K) Eden: 283136K(283136K)->0K(284160K) From: 64K(512K)->160K(24064K)
[951.418s][info][gc,heap        ] GC(2604) ParOldGen: 457924K(458240K)->457932K(458240K)
[951.418s][info][gc,metaspace   ] GC(2604) Metaspace: 35682K(36416K)->35682K(36416K) NonClass: 29408K(29952K)->29408K(29952K) Class: 6273K(6464K)->6273K(6464K)
[951.418s][info][gc             ] GC(2604) Pause Young (Allocation Failure) 723M->447M(748M) 2.225ms
[951.418s][info][gc,cpu         ] GC(2604) User=0.00s Sys=0.00s Real=0.01s
[951.878s][info][gc,start       ] GC(2605) Pause Young (Allocation Failure)
[951.880s][info][gc,heap        ] GC(2605) PSYoungGen: 284320K(308224K)->64K(307200K) Eden: 284160K(284160K)->0K(284160K) From: 160K(24064K)->64K(23040K)
[951.880s][info][gc,heap        ] GC(2605) ParOldGen: 457932K(458240K)->458028K(458240K)
[951.880s][info][gc,metaspace   ] GC(2605) Metaspace: 35682K(36416K)->35682K(36416K) NonClass: 29408K(29952K)->29408K(29952K) Class: 6273K(6464K)->6273K(6464K)
[951.880s][info][gc             ] GC(2605) Pause Young (Allocation Failure) 724M->447M(747M) 2.021ms
[951.880s][info][gc,cpu         ] GC(2605) User=0.00s Sys=0.00s Real=0.00s
[952.076s][info][gc,start       ] GC(2606) Pause Young (Allocation Failure)
[952.078s][info][gc,heap        ] GC(2606) PSYoungGen: 284224K(307200K)->64K(309760K) Eden: 284160K(284160K)->0K(287744K) From: 64K(23040K)->64K(22016K)
[952.078s][info][gc,heap        ] GC(2606) ParOldGen: 458028K(458240K)->458044K(458240K)
[952.078s][info][gc,metaspace   ] GC(2606) Metaspace: 35682K(36416K)->35682K(36416K) NonClass: 29408K(29952K)->29408K(29952K) Class: 6273K(6464K)->6273K(6464K)
[952.078s][info][gc             ] GC(2606) Pause Young (Allocation Failure) 724M->447M(750M) 1.953ms
[952.078s][info][gc,cpu         ] GC(2606) User=0.01s Sys=0.00s Real=0.01s
[952.273s][info][gc,start       ] GC(2607) Pause Young (Allocation Failure)
[952.275s][info][gc,heap        ] GC(2607) PSYoungGen: 287808K(309760K)->64K(308736K) Eden: 287744K(287744K)->0K(287744K) From: 64K(22016K)->64K(20992K)
[952.275s][info][gc,heap        ] GC(2607) ParOldGen: 458044K(458240K)->458044K(458240K)
[952.275s][info][gc,metaspace   ] GC(2607) Metaspace: 35682K(36416K)->35682K(36416K) NonClass: 29408K(29952K)->29408K(29952K) Class: 6273K(6464K)->6273K(6464K)
[952.275s][info][gc             ] GC(2607) Pause Young (Allocation Failure) 728M->447M(749M) 1.644ms
[952.275s][info][gc,cpu         ] GC(2607) User=0.00s Sys=0.00s Real=0.00s
[952.619s][info][gc,start       ] GC(2608) Pause Young (Allocation Failure)
[952.621s][info][gc,heap        ] GC(2608) PSYoungGen: 287808K(308736K)->64K(311808K) Eden: 287744K(287744K)->0K(291840K) From: 64K(20992K)->64K(19968K)
[952.621s][info][gc,heap        ] GC(2608) ParOldGen: 458044K(458240K)->458044K(458240K)
[952.621s][info][gc,metaspace   ] GC(2608) Metaspace: 35682K(36416K)->35682K(36416K) NonClass: 29408K(29952K)->29408K(29952K) Class: 6273K(6464K)->6273K(6464K)
[952.621s][info][gc             ] GC(2608) Pause Young (Allocation Failure) 728M->447M(752M) 2.274ms
[952.621s][info][gc,cpu         ] GC(2608) User=0.00s Sys=0.00s Real=0.00s
[952.676s][info][gc,start       ] GC(2609) Pause Young (Allocation Failure)
[952.678s][info][gc,heap        ] GC(2609) PSYoungGen: 291904K(311808K)->32K(310784K) Eden: 291840K(291840K)->0K(291840K) From: 64K(19968K)->32K(18944K)
[952.678s][info][gc,heap        ] GC(2609) ParOldGen: 458044K(458240K)->458052K(458240K)
[952.678s][info][gc,metaspace   ] GC(2609) Metaspace: 35682K(36416K)->35682K(36416K) NonClass: 29408K(29952K)->29408K(29952K) Class: 6273K(6464K)->6273K(6464K)
[952.678s][info][gc             ] GC(2609) Pause Young (Allocation Failure) 732M->447M(751M) 2.186ms
[952.678s][info][gc,cpu         ] GC(2609) User=0.01s Sys=0.00s Real=0.01s
[952.731s][info][gc,start       ] GC(2610) Pause Young (Allocation Failure)
[952.733s][info][gc,heap        ] GC(2610) PSYoungGen: 291872K(310784K)->64K(313856K) Eden: 291840K(291840K)->0K(295936K) From: 32K(18944K)->64K(17920K)
[952.733s][info][gc,heap        ] GC(2610) ParOldGen: 458052K(458240K)->458052K(458240K)
[952.733s][info][gc,metaspace   ] GC(2610) Metaspace: 35682K(36416K)->35682K(36416K) NonClass: 29408K(29952K)->29408K(29952K) Class: 6273K(6464K)->6273K(6464K)
[952.733s][info][gc             ] GC(2610) Pause Young (Allocation Failure) 732M->447M(754M) 2.195ms
[952.733s][info][gc,cpu         ] GC(2610) User=0.00s Sys=0.00s Real=0.00s
[952.931s][info][gc,start       ] GC(2611) Pause Young (Allocation Failure)
[952.933s][info][gc,heap        ] GC(2611) PSYoungGen: 296000K(313856K)->64K(312832K) Eden: 295936K(295936K)->0K(295936K) From: 64K(17920K)->64K(16896K)
[952.933s][info][gc,heap        ] GC(2611) ParOldGen: 458052K(458240K)->458052K(458240K)
[952.933s][info][gc,metaspace   ] GC(2611) Metaspace: 35682K(36416K)->35682K(36416K) NonClass: 29408K(29952K)->29408K(29952K) Class: 6273K(6464K)->6273K(6464K)
[952.933s][info][gc             ] GC(2611) Pause Young (Allocation Failure) 736M->447M(753M) 2.251ms
[952.933s][info][gc,cpu         ] GC(2611) User=0.00s Sys=0.00s Real=0.00s
[953.143s][info][gc,start       ] GC(2612) Pause Young (Allocation Failure)
[953.145s][info][gc,heap        ] GC(2612) PSYoungGen: 296000K(312832K)->64K(315904K) Eden: 295936K(295936K)->0K(300032K) From: 64K(16896K)->64K(15872K)
[953.145s][info][gc,heap        ] GC(2612) ParOldGen: 458052K(458240K)->458060K(458240K)
[953.145s][info][gc,metaspace   ] GC(2612) Metaspace: 35682K(36416K)->35682K(36416K) NonClass: 29408K(29952K)->29408K(29952K) Class: 6273K(6464K)->6273K(6464K)
[953.145s][info][gc             ] GC(2612) Pause Young (Allocation Failure) 736M->447M(756M) 2.371ms
[953.145s][info][gc,cpu         ] GC(2612) User=0.00s Sys=0.00s Real=0.00s
[953.261s][info][gc,start       ] GC(2613) Pause Young (Allocation Failure)
[953.264s][info][gc,heap        ] GC(2613) PSYoungGen: 300096K(315904K)->32K(315392K) Eden: 300032K(300032K)->0K(300032K) From: 64K(15872K)->32K(15360K)
[953.264s][info][gc,heap        ] GC(2613) ParOldGen: 458060K(458240K)->458068K(458240K)
[953.264s][info][gc,metaspace   ] GC(2613) Metaspace: 35682K(36416K)->35682K(36416K) NonClass: 29408K(29952K)->29408K(29952K) Class: 6273K(6464K)->6273K(6464K)
[953.264s][info][gc             ] GC(2613) Pause Young (Allocation Failure) 740M->447M(755M) 2.209ms
[953.264s][info][gc,cpu         ] GC(2613) User=0.01s Sys=0.01s Real=0.00s
[953.365s][info][gc,start       ] GC(2614) Pause Young (Allocation Failure)
[953.367s][info][gc,heap        ] GC(2614) PSYoungGen: 300064K(315392K)->64K(317440K) Eden: 300032K(300032K)->0K(303616K) From: 32K(15360K)->64K(13824K)
[953.367s][info][gc,heap        ] GC(2614) ParOldGen: 458068K(458240K)->458076K(458240K)
[953.367s][info][gc,metaspace   ] GC(2614) Metaspace: 35682K(36416K)->35682K(36416K) NonClass: 29408K(29952K)->29408K(29952K) Class: 6273K(6464K)->6273K(6464K)
[953.368s][info][gc             ] GC(2614) Pause Young (Allocation Failure) 740M->447M(757M) 2.214ms
[953.368s][info][gc,cpu         ] GC(2614) User=0.00s Sys=0.00s Real=0.01s
[953.585s][info][gc,start       ] GC(2615) Pause Young (Allocation Failure)
[953.587s][info][gc,heap        ] GC(2615) PSYoungGen: 303680K(317440K)->64K(316928K) Eden: 303616K(303616K)->0K(303616K) From: 64K(13824K)->64K(13312K)
[953.587s][info][gc,heap        ] GC(2615) ParOldGen: 458076K(458240K)->458084K(458240K)
[953.587s][info][gc,metaspace   ] GC(2615) Metaspace: 35682K(36416K)->35682K(36416K) NonClass: 29408K(29952K)->29408K(29952K) Class: 6273K(6464K)->6273K(6464K)
[953.587s][info][gc             ] GC(2615) Pause Young (Allocation Failure) 743M->447M(757M) 2.264ms
[953.587s][info][gc,cpu         ] GC(2615) User=0.00s Sys=0.00s Real=0.01s
[954.489s][info][gc,start       ] GC(2616) Pause Young (Allocation Failure)
[954.491s][info][gc,heap        ] GC(2616) PSYoungGen: 303680K(316928K)->83K(319488K) Eden: 303616K(303616K)->0K(307200K) From: 64K(13312K)->83K(12288K)
[954.491s][info][gc,heap        ] GC(2616) ParOldGen: 458084K(458240K)->458092K(458240K)
[954.491s][info][gc,metaspace   ] GC(2616) Metaspace: 35682K(36416K)->35682K(36416K) NonClass: 29408K(29952K)->29408K(29952K) Class: 6273K(6464K)->6273K(6464K)
[954.491s][info][gc             ] GC(2616) Pause Young (Allocation Failure) 743M->447M(759M) 2.228ms
[954.491s][info][gc,cpu         ] GC(2616) User=0.00s Sys=0.00s Real=0.00s
[955.421s][info][gc,start       ] GC(2617) Pause Young (Allocation Failure)
[955.423s][info][gc,heap        ] GC(2617) PSYoungGen: 307283K(319488K)->32K(318976K) Eden: 307200K(307200K)->0K(307200K) From: 83K(12288K)->32K(11776K)
[955.423s][info][gc,heap        ] GC(2617) ParOldGen: 458092K(458240K)->458100K(458240K)
[955.423s][info][gc,metaspace   ] GC(2617) Metaspace: 35682K(36416K)->35682K(36416K) NonClass: 29408K(29952K)->29408K(29952K) Class: 6273K(6464K)->6273K(6464K)
[955.423s][info][gc             ] GC(2617) Pause Young (Allocation Failure) 747M->447M(759M) 2.276ms
[955.423s][info][gc,cpu         ] GC(2617) User=0.01s Sys=0.00s Real=0.00s
[955.841s][info][gc,start       ] GC(2618) Pause Young (Allocation Failure)
[955.843s][info][gc,heap        ] GC(2618) PSYoungGen: 307232K(318976K)->32K(321024K) Eden: 307200K(307200K)->0K(310272K) From: 32K(11776K)->32K(10752K)
[955.843s][info][gc,heap        ] GC(2618) ParOldGen: 458100K(458240K)->458108K(458240K)
[955.843s][info][gc,metaspace   ] GC(2618) Metaspace: 35682K(36416K)->35682K(36416K) NonClass: 29408K(29952K)->29408K(29952K) Class: 6273K(6464K)->6273K(6464K)
[955.843s][info][gc             ] GC(2618) Pause Young (Allocation Failure) 747M->447M(761M) 2.239ms
[955.843s][info][gc,cpu         ] GC(2618) User=0.01s Sys=0.00s Real=0.00s
[956.919s][info][gc,start       ] GC(2619) Pause Young (Allocation Failure)
[956.921s][info][gc,heap        ] GC(2619) PSYoungGen: 310304K(321024K)->64K(298496K) Eden: 310272K(310272K)->0K(297984K) From: 32K(10752K)->64K(512K)
[956.921s][info][gc,heap        ] GC(2619) ParOldGen: 458108K(458240K)->458116K(458240K)
[956.921s][info][gc,metaspace   ] GC(2619) Metaspace: 35682K(36416K)->35682K(36416K) NonClass: 29408K(29952K)->29408K(29952K) Class: 6273K(6464K)->6273K(6464K)
[956.921s][info][gc             ] GC(2619) Pause Young (Allocation Failure) 750M->447M(739M) 1.828ms
[956.921s][info][gc,cpu         ] GC(2619) User=0.00s Sys=0.00s Real=0.00s
[957.338s][info][gc,start       ] GC(2620) Pause Young (Allocation Failure)
[957.339s][info][gc,heap        ] GC(2620) PSYoungGen: 298048K(298496K)->64K(286720K) Eden: 297984K(297984K)->0K(286208K) From: 64K(512K)->64K(512K)
[957.339s][info][gc,heap        ] GC(2620) ParOldGen: 458116K(458240K)->458124K(458240K)
[957.339s][info][gc,metaspace   ] GC(2620) Metaspace: 35682K(36416K)->35682K(36416K) NonClass: 29408K(29952K)->29408K(29952K) Class: 6273K(6464K)->6273K(6464K)
[957.339s][info][gc             ] GC(2620) Pause Young (Allocation Failure) 738M->447M(727M) 1.885ms
[957.339s][info][gc,cpu         ] GC(2620) User=0.00s Sys=0.00s Real=0.00s
[957.539s][info][gc,start       ] GC(2621) Pause Young (Allocation Failure)
[957.541s][info][gc,heap        ] GC(2621) PSYoungGen: 286272K(286720K)->64K(283648K) Eden: 286208K(286208K)->0K(274944K) From: 64K(512K)->64K(8704K)
[957.541s][info][gc,heap        ] GC(2621) ParOldGen: 458124K(458240K)->458132K(458240K)
[957.541s][info][gc,metaspace   ] GC(2621) Metaspace: 35682K(36416K)->35682K(36416K) NonClass: 29408K(29952K)->29408K(29952K) Class: 6273K(6464K)->6273K(6464K)
[957.541s][info][gc             ] GC(2621) Pause Young (Allocation Failure) 726M->447M(724M) 1.883ms
[957.541s][info][gc,cpu         ] GC(2621) User=0.00s Sys=0.00s Real=0.00s
[957.704s][info][gc,start       ] GC(2622) Pause Young (Allocation Failure)
[957.707s][info][gc,heap        ] GC(2622) PSYoungGen: 275008K(283648K)->64K(264704K) Eden: 274944K(274944K)->0K(264192K) From: 64K(8704K)->64K(512K)
[957.707s][info][gc,heap        ] GC(2622) ParOldGen: 458132K(458240K)->458140K(458240K)
[957.707s][info][gc,metaspace   ] GC(2622) Metaspace: 35682K(36416K)->35682K(36416K) NonClass: 29408K(29952K)->29408K(29952K) Class: 6273K(6464K)->6273K(6464K)
[957.707s][info][gc             ] GC(2622) Pause Young (Allocation Failure) 715M->447M(706M) 2.309ms
[957.707s][info][gc,cpu         ] GC(2622) User=0.00s Sys=0.00s Real=0.01s
[958.290s][info][gc,start       ] GC(2623) Pause Young (Allocation Failure)
[958.292s][info][gc,heap        ] GC(2623) PSYoungGen: 264256K(264704K)->64K(261632K) Eden: 264192K(264192K)->0K(253952K) From: 64K(512K)->64K(7680K)
[958.292s][info][gc,heap        ] GC(2623) ParOldGen: 458140K(458240K)->458148K(458240K)
[958.292s][info][gc,metaspace   ] GC(2623) Metaspace: 35682K(36416K)->35682K(36416K) NonClass: 29408K(29952K)->29408K(29952K) Class: 6273K(6464K)->6273K(6464K)
[958.292s][info][gc             ] GC(2623) Pause Young (Allocation Failure) 705M->447M(703M) 2.467ms
[958.292s][info][gc,cpu         ] GC(2623) User=0.00s Sys=0.00s Real=0.00s
[958.646s][info][gc,start       ] GC(2624) Pause Young (Allocation Failure)
[958.649s][info][gc,heap        ] GC(2624) PSYoungGen: 254015K(261632K)->64K(244736K) Eden: 253951K(253952K)->0K(244224K) From: 64K(7680K)->64K(512K)
[958.649s][info][gc,heap        ] GC(2624) ParOldGen: 458148K(458240K)->458156K(458240K)
[958.649s][info][gc,metaspace   ] GC(2624) Metaspace: 35682K(36416K)->35682K(36416K) NonClass: 29408K(29952K)->29408K(29952K) Class: 6273K(6464K)->6273K(6464K)
[958.649s][info][gc             ] GC(2624) Pause Young (Allocation Failure) 695M->447M(686M) 2.649ms
[958.649s][info][gc,cpu         ] GC(2624) User=0.00s Sys=0.00s Real=0.01s
[958.991s][info][gc,start       ] GC(2625) Pause Young (Allocation Failure)
[959.048s][info][gc,heap        ] GC(2625) PSYoungGen: 244288K(244736K)->6656K(290816K) Eden: 244224K(244224K)->0K(284160K) From: 64K(512K)->6656K(6656K)
[959.048s][info][gc,heap        ] GC(2625) ParOldGen: 458156K(458240K)->476588K(476672K)
[959.048s][info][gc,metaspace   ] GC(2625) Metaspace: 35682K(36416K)->35682K(36416K) NonClass: 29408K(29952K)->29408K(29952K) Class: 6273K(6464K)->6273K(6464K)
[959.048s][info][gc             ] GC(2625) Pause Young (Allocation Failure) 685M->471M(749M) 56.530ms
[959.048s][info][gc,cpu         ] GC(2625) User=0.09s Sys=0.01s Real=0.06s
[959.459s][info][gc,start       ] GC(2626) Pause Young (Allocation Failure)
[959.529s][info][gc,heap        ] GC(2626) PSYoungGen: 290816K(290816K)->15360K(299008K) Eden: 284160K(284160K)->0K(283648K) From: 6656K(6656K)->15360K(15360K)
[959.529s][info][gc,heap        ] GC(2626) ParOldGen: 476588K(476672K)->491884K(492032K)
[959.529s][info][gc,metaspace   ] GC(2626) Metaspace: 35682K(36416K)->35682K(36416K) NonClass: 29408K(29952K)->29408K(29952K) Class: 6273K(6464K)->6273K(6464K)
[959.529s][info][gc             ] GC(2626) Pause Young (Allocation Failure) 749M->495M(772M) 70.052ms
[959.529s][info][gc,cpu         ] GC(2626) User=0.12s Sys=0.03s Real=0.07s
[959.725s][info][gc,start       ] GC(2627) Pause Young (Allocation Failure)
[959.751s][info][gc,heap        ] GC(2627) PSYoungGen: 299008K(299008K)->13920K(307712K) Eden: 283648K(283648K)->0K(283648K) From: 15360K(15360K)->13920K(24064K)
[959.751s][info][gc,heap        ] GC(2627) ParOldGen: 491884K(492032K)->492444K(492544K)
[959.751s][info][gc,metaspace   ] GC(2627) Metaspace: 35682K(36416K)->35682K(36416K) NonClass: 29408K(29952K)->29408K(29952K) Class: 6273K(6464K)->6273K(6464K)
[959.751s][info][gc             ] GC(2627) Pause Young (Allocation Failure) 772M->494M(781M) 26.256ms
[959.751s][info][gc,cpu         ] GC(2627) User=0.05s Sys=0.00s Real=0.03s
[960.079s][info][gc,start       ] GC(2628) Pause Young (Allocation Failure)
[960.081s][info][gc,heap        ] GC(2628) PSYoungGen: 297568K(307712K)->64K(309248K) Eden: 283648K(283648K)->0K(284160K) From: 13920K(24064K)->64K(25088K)
[960.081s][info][gc,heap        ] GC(2628) ParOldGen: 492444K(492544K)->492452K(492544K)
[960.081s][info][gc,metaspace   ] GC(2628) Metaspace: 35682K(36416K)->35682K(36416K) NonClass: 29408K(29952K)->29408K(29952K) Class: 6273K(6464K)->6273K(6464K)
[960.081s][info][gc             ] GC(2628) Pause Young (Allocation Failure) 771M->480M(783M) 1.789ms
[960.081s][info][gc,cpu         ] GC(2628) User=0.00s Sys=0.00s Real=0.00s
[960.717s][info][gc,start       ] GC(2629) Pause Young (Allocation Failure)
[960.719s][info][gc,heap        ] GC(2629) PSYoungGen: 284224K(309248K)->64K(284672K) Eden: 284160K(284160K)->0K(284160K) From: 64K(25088K)->64K(512K)
[960.719s][info][gc,heap        ] GC(2629) ParOldGen: 492452K(492544K)->492460K(492544K)
[960.719s][info][gc,metaspace   ] GC(2629) Metaspace: 35682K(36416K)->35682K(36416K) NonClass: 29408K(29952K)->29408K(29952K) Class: 6273K(6464K)->6273K(6464K)
[960.719s][info][gc             ] GC(2629) Pause Young (Allocation Failure) 758M->480M(759M) 1.881ms
[960.719s][info][gc,cpu         ] GC(2629) User=0.00s Sys=0.00s Real=0.00s
[961.174s][info][gc,start       ] GC(2630) Pause Young (Allocation Failure)
[961.176s][info][gc,heap        ] GC(2630) PSYoungGen: 284224K(284672K)->64K(308224K) Eden: 284160K(284160K)->0K(284672K) From: 64K(512K)->64K(23552K)
[961.176s][info][gc,heap        ] GC(2630) ParOldGen: 492460K(492544K)->492476K(492544K)
[961.176s][info][gc,metaspace   ] GC(2630) Metaspace: 35682K(36416K)->35682K(36416K) NonClass: 29408K(29952K)->29408K(29952K) Class: 6273K(6464K)->6273K(6464K)
[961.176s][info][gc             ] GC(2630) Pause Young (Allocation Failure) 758M->480M(782M) 1.828ms
[961.176s][info][gc,cpu         ] GC(2630) User=0.00s Sys=0.00s Real=0.00s
[961.362s][info][gc,start       ] GC(2631) Pause Young (Allocation Failure)
[961.364s][info][gc,heap        ] GC(2631) PSYoungGen: 284736K(308224K)->64K(307712K) Eden: 284672K(284672K)->0K(284672K) From: 64K(23552K)->64K(23040K)
[961.364s][info][gc,heap        ] GC(2631) ParOldGen: 492476K(492544K)->492492K(492544K)
[961.364s][info][gc,metaspace   ] GC(2631) Metaspace: 35682K(36416K)->35682K(36416K) NonClass: 29408K(29952K)->29408K(29952K) Class: 6273K(6464K)->6273K(6464K)
[961.364s][info][gc             ] GC(2631) Pause Young (Allocation Failure) 758M->481M(781M) 1.748ms
[961.364s][info][gc,cpu         ] GC(2631) User=0.00s Sys=0.00s Real=0.00s
[961.551s][info][gc,start       ] GC(2632) Pause Young (Allocation Failure)
[961.553s][info][gc,heap        ] GC(2632) PSYoungGen: 284736K(307712K)->64K(309760K) Eden: 284672K(284672K)->0K(288256K) From: 64K(23040K)->64K(21504K)
[961.553s][info][gc,heap        ] GC(2632) ParOldGen: 492492K(492544K)->492492K(492544K)
[961.553s][info][gc,metaspace   ] GC(2632) Metaspace: 35682K(36416K)->35682K(36416K) NonClass: 29408K(29952K)->29408K(29952K) Class: 6273K(6464K)->6273K(6464K)
[961.553s][info][gc             ] GC(2632) Pause Young (Allocation Failure) 759M->481M(783M) 1.744ms
[961.553s][info][gc,cpu         ] GC(2632) User=0.00s Sys=0.00s Real=0.00s
[961.868s][info][gc,start       ] GC(2633) Pause Young (Allocation Failure)
[961.870s][info][gc,heap        ] GC(2633) PSYoungGen: 288320K(309760K)->64K(309248K) Eden: 288256K(288256K)->0K(288256K) From: 64K(21504K)->64K(20992K)
[961.870s][info][gc,heap        ] GC(2633) ParOldGen: 492492K(492544K)->492492K(492544K)
[961.870s][info][gc,metaspace   ] GC(2633) Metaspace: 35682K(36416K)->35682K(36416K) NonClass: 29408K(29952K)->29408K(29952K) Class: 6273K(6464K)->6273K(6464K)
[961.870s][info][gc             ] GC(2633) Pause Young (Allocation Failure) 762M->481M(783M) 1.728ms
[961.870s][info][gc,cpu         ] GC(2633) User=0.01s Sys=0.00s Real=0.00s
[962.010s][info][gc,start       ] GC(2634) Pause Young (Allocation Failure)
[962.012s][info][gc,heap        ] GC(2634) PSYoungGen: 288320K(309248K)->64K(311808K) Eden: 288256K(288256K)->0K(292352K) From: 64K(20992K)->64K(19456K)
[962.012s][info][gc,heap        ] GC(2634) ParOldGen: 492492K(492544K)->492500K(492544K)
[962.012s][info][gc,metaspace   ] GC(2634) Metaspace: 35682K(36416K)->35682K(36416K) NonClass: 29408K(29952K)->29408K(29952K) Class: 6273K(6464K)->6273K(6464K)
[962.012s][info][gc             ] GC(2634) Pause Young (Allocation Failure) 762M->481M(785M) 1.795ms
[962.012s][info][gc,cpu         ] GC(2634) User=0.00s Sys=0.00s Real=0.00s
[962.065s][info][gc,start       ] GC(2635) Pause Young (Allocation Failure)
[962.067s][info][gc,heap        ] GC(2635) PSYoungGen: 292416K(311808K)->64K(311296K) Eden: 292352K(292352K)->0K(292352K) From: 64K(19456K)->64K(18944K)
[962.067s][info][gc,heap        ] GC(2635) ParOldGen: 492500K(492544K)->492516K(492544K)
[962.067s][info][gc,metaspace   ] GC(2635) Metaspace: 35682K(36416K)->35682K(36416K) NonClass: 29408K(29952K)->29408K(29952K) Class: 6273K(6464K)->6273K(6464K)
[962.067s][info][gc             ] GC(2635) Pause Young (Allocation Failure) 766M->481M(785M) 1.604ms
[962.067s][info][gc,cpu         ] GC(2635) User=0.00s Sys=0.00s Real=0.01s
[962.166s][info][gc,start       ] GC(2636) Pause Young (Allocation Failure)
[962.168s][info][gc,heap        ] GC(2636) PSYoungGen: 292416K(311296K)->64K(313856K) Eden: 292352K(292352K)->0K(296448K) From: 64K(18944K)->64K(17408K)
[962.168s][info][gc,heap        ] GC(2636) ParOldGen: 492516K(492544K)->492516K(492544K)
[962.168s][info][gc,metaspace   ] GC(2636) Metaspace: 35682K(36416K)->35682K(36416K) NonClass: 29408K(29952K)->29408K(29952K) Class: 6273K(6464K)->6273K(6464K)
[962.168s][info][gc             ] GC(2636) Pause Young (Allocation Failure) 766M->481M(787M) 1.730ms
[962.168s][info][gc,cpu         ] GC(2636) User=0.00s Sys=0.01s Real=0.01s
[962.386s][info][gc,start       ] GC(2637) Pause Young (Allocation Failure)
[962.388s][info][gc,heap        ] GC(2637) PSYoungGen: 296512K(313856K)->64K(313344K) Eden: 296448K(296448K)->0K(296448K) From: 64K(17408K)->64K(16896K)
[962.388s][info][gc,heap        ] GC(2637) ParOldGen: 492516K(492544K)->492532K(492544K)
[962.388s][info][gc,metaspace   ] GC(2637) Metaspace: 35682K(36416K)->35682K(36416K) NonClass: 29408K(29952K)->29408K(29952K) Class: 6273K(6464K)->6273K(6464K)
[962.388s][info][gc             ] GC(2637) Pause Young (Allocation Failure) 770M->481M(787M) 1.741ms
[962.388s][info][gc,cpu         ] GC(2637) User=0.00s Sys=0.00s Real=0.01s
[962.583s][info][gc,start       ] GC(2638) Pause Young (Allocation Failure)
[962.586s][info][gc,heap        ] GC(2638) PSYoungGen: 296512K(313344K)->64K(315904K) Eden: 296448K(296448K)->0K(300544K) From: 64K(16896K)->64K(15360K)
[962.586s][info][gc,heap        ] GC(2638) ParOldGen: 492532K(492544K)->492532K(492544K)
[962.586s][info][gc,metaspace   ] GC(2638) Metaspace: 35682K(36416K)->35682K(36416K) NonClass: 29408K(29952K)->29408K(29952K) Class: 6273K(6464K)->6273K(6464K)
[962.586s][info][gc             ] GC(2638) Pause Young (Allocation Failure) 770M->481M(789M) 2.928ms
[962.586s][info][gc,cpu         ] GC(2638) User=0.00s Sys=0.00s Real=0.00s
[962.678s][info][gc,start       ] GC(2639) Pause Young (Allocation Failure)
[962.680s][info][gc,heap        ] GC(2639) PSYoungGen: 300608K(315904K)->64K(315392K) Eden: 300544K(300544K)->0K(300544K) From: 64K(15360K)->64K(14848K)
[962.680s][info][gc,heap        ] GC(2639) ParOldGen: 492532K(492544K)->492548K(493056K)
[962.680s][info][gc,metaspace   ] GC(2639) Metaspace: 35682K(36416K)->35682K(36416K) NonClass: 29408K(29952K)->29408K(29952K) Class: 6273K(6464K)->6273K(6464K)
[962.680s][info][gc             ] GC(2639) Pause Young (Allocation Failure) 774M->481M(789M) 1.730ms
[962.680s][info][gc,cpu         ] GC(2639) User=0.00s Sys=0.00s Real=0.00s
[962.817s][info][gc,start       ] GC(2640) Pause Young (Allocation Failure)
[962.819s][info][gc,heap        ] GC(2640) PSYoungGen: 300608K(315392K)->64K(317952K) Eden: 300544K(300544K)->0K(304640K) From: 64K(14848K)->64K(13312K)
[962.819s][info][gc,heap        ] GC(2640) ParOldGen: 492548K(493056K)->492548K(493056K)
[962.819s][info][gc,metaspace   ] GC(2640) Metaspace: 35682K(36416K)->35682K(36416K) NonClass: 29408K(29952K)->29408K(29952K) Class: 6273K(6464K)->6273K(6464K)
[962.819s][info][gc             ] GC(2640) Pause Young (Allocation Failure) 774M->481M(792M) 1.704ms
[962.819s][info][gc,cpu         ] GC(2640) User=0.00s Sys=0.00s Real=0.00s
[963.213s][info][gc,start       ] GC(2641) Pause Young (Allocation Failure)
[963.214s][info][gc,heap        ] GC(2641) PSYoungGen: 304704K(317952K)->64K(317952K) Eden: 304640K(304640K)->0K(304640K) From: 64K(13312K)->64K(13312K)
[963.214s][info][gc,heap        ] GC(2641) ParOldGen: 492548K(493056K)->492556K(493056K)
[963.214s][info][gc,metaspace   ] GC(2641) Metaspace: 35682K(36416K)->35682K(36416K) NonClass: 29408K(29952K)->29408K(29952K) Class: 6273K(6464K)->6273K(6464K)
[963.214s][info][gc             ] GC(2641) Pause Young (Allocation Failure) 778M->481M(792M) 1.776ms
[963.214s][info][gc,cpu         ] GC(2641) User=0.01s Sys=0.00s Real=0.00s
[964.255s][info][gc,start       ] GC(2642) Pause Young (Allocation Failure)
[964.257s][info][gc,heap        ] GC(2642) PSYoungGen: 304704K(317952K)->64K(320000K) Eden: 304640K(304640K)->0K(307712K) From: 64K(13312K)->64K(12288K)
[964.257s][info][gc,heap        ] GC(2642) ParOldGen: 492556K(493056K)->492564K(493056K)
[964.257s][info][gc,metaspace   ] GC(2642) Metaspace: 35682K(36416K)->35682K(36416K) NonClass: 29408K(29952K)->29408K(29952K) Class: 6273K(6464K)->6273K(6464K)
[964.257s][info][gc             ] GC(2642) Pause Young (Allocation Failure) 778M->481M(794M) 1.826ms
[964.257s][info][gc,cpu         ] GC(2642) User=0.00s Sys=0.00s Real=0.01s
[964.829s][info][gc,start       ] GC(2643) Pause Young (Allocation Failure)
[964.831s][info][gc,heap        ] GC(2643) PSYoungGen: 307776K(320000K)->64K(295936K) Eden: 307712K(307712K)->0K(295424K) From: 64K(12288K)->64K(512K)
[964.831s][info][gc,heap        ] GC(2643) ParOldGen: 492564K(493056K)->492572K(493056K)
[964.831s][info][gc,metaspace   ] GC(2643) Metaspace: 35682K(36416K)->35682K(36416K) NonClass: 29408K(29952K)->29408K(29952K) Class: 6273K(6464K)->6273K(6464K)
[964.831s][info][gc             ] GC(2643) Pause Young (Allocation Failure) 781M->481M(770M) 1.993ms
[964.831s][info][gc,cpu         ] GC(2643) User=0.00s Sys=0.00s Real=0.00s
[965.297s][info][gc,start       ] GC(2644) Pause Young (Allocation Failure)
[965.299s][info][gc,heap        ] GC(2644) PSYoungGen: 295488K(295936K)->64K(284160K) Eden: 295424K(295424K)->0K(283648K) From: 64K(512K)->64K(512K)
[965.299s][info][gc,heap        ] GC(2644) ParOldGen: 492572K(493056K)->492580K(493056K)
[965.300s][info][gc,metaspace   ] GC(2644) Metaspace: 35682K(36416K)->35682K(36416K) NonClass: 29408K(29952K)->29408K(29952K) Class: 6273K(6464K)->6273K(6464K)
[965.300s][info][gc             ] GC(2644) Pause Young (Allocation Failure) 769M->481M(759M) 2.484ms
[965.300s][info][gc,cpu         ] GC(2644) User=0.00s Sys=0.00s Real=0.00s
[966.302s][info][gc,start       ] GC(2645) Pause Young (Allocation Failure)
[966.304s][info][gc,heap        ] GC(2645) PSYoungGen: 283712K(284160K)->64K(282624K) Eden: 283648K(283648K)->0K(272384K) From: 64K(512K)->64K(10240K)
[966.304s][info][gc,heap        ] GC(2645) ParOldGen: 492580K(493056K)->492588K(493056K)
[966.304s][info][gc,metaspace   ] GC(2645) Metaspace: 35682K(36416K)->35682K(36416K) NonClass: 29408K(29952K)->29408K(29952K) Class: 6273K(6464K)->6273K(6464K)
[966.304s][info][gc             ] GC(2645) Pause Young (Allocation Failure) 758M->481M(757M) 1.814ms
[966.304s][info][gc,cpu         ] GC(2645) User=0.00s Sys=0.00s Real=0.00s
[966.680s][info][gc,start       ] GC(2646) Pause Young (Allocation Failure)
[966.682s][info][gc,heap        ] GC(2646) PSYoungGen: 272448K(282624K)->64K(262144K) Eden: 272384K(272384K)->0K(261632K) From: 64K(10240K)->64K(512K)
[966.682s][info][gc,heap        ] GC(2646) ParOldGen: 492588K(493056K)->492596K(493056K)
[966.682s][info][gc,metaspace   ] GC(2646) Metaspace: 35682K(36416K)->35682K(36416K) NonClass: 29408K(29952K)->29408K(29952K) Class: 6273K(6464K)->6273K(6464K)
[966.682s][info][gc             ] GC(2646) Pause Young (Allocation Failure) 747M->481M(737M) 2.422ms
[966.682s][info][gc,cpu         ] GC(2646) User=0.00s Sys=0.01s Real=0.00s
[966.840s][info][gc,start       ] GC(2647) Pause Young (Allocation Failure)
[966.842s][info][gc,heap        ] GC(2647) PSYoungGen: 261696K(262144K)->64K(260096K) Eden: 261632K(261632K)->0K(251392K) From: 64K(512K)->64K(8704K)
[966.842s][info][gc,heap        ] GC(2647) ParOldGen: 492596K(493056K)->492604K(493056K)
[966.842s][info][gc,metaspace   ] GC(2647) Metaspace: 35682K(36416K)->35682K(36416K) NonClass: 29408K(29952K)->29408K(29952K) Class: 6273K(6464K)->6273K(6464K)
[966.842s][info][gc             ] GC(2647) Pause Young (Allocation Failure) 736M->481M(735M) 1.823ms
[966.842s][info][gc,cpu         ] GC(2647) User=0.01s Sys=0.00s Real=0.00s
[967.052s][info][gc,start       ] GC(2648) Pause Young (Allocation Failure)
[967.055s][info][gc,heap        ] GC(2648) PSYoungGen: 251456K(260096K)->64K(242176K) Eden: 251392K(251392K)->0K(241664K) From: 64K(8704K)->64K(512K)
[967.055s][info][gc,heap        ] GC(2648) ParOldGen: 492604K(493056K)->492612K(493056K)
[967.055s][info][gc,metaspace   ] GC(2648) Metaspace: 35682K(36416K)->35682K(36416K) NonClass: 29408K(29952K)->29408K(29952K) Class: 6273K(6464K)->6273K(6464K)
[967.055s][info][gc             ] GC(2648) Pause Young (Allocation Failure) 726M->481M(718M) 2.376ms
[967.055s][info][gc,cpu         ] GC(2648) User=0.00s Sys=0.00s Real=0.00s
[967.551s][info][gc,start       ] GC(2649) Pause Young (Allocation Failure)
[967.552s][info][gc,heap        ] GC(2649) PSYoungGen: 241728K(242176K)->64K(240128K) Eden: 241664K(241664K)->0K(232448K) From: 64K(512K)->64K(7680K)
[967.552s][info][gc,heap        ] GC(2649) ParOldGen: 492612K(493056K)->492620K(493056K)
[967.552s][info][gc,metaspace   ] GC(2649) Metaspace: 35682K(36416K)->35682K(36416K) NonClass: 29408K(29952K)->29408K(29952K) Class: 6273K(6464K)->6273K(6464K)
[967.552s][info][gc             ] GC(2649) Pause Young (Allocation Failure) 717M->481M(716M) 1.722ms
[967.552s][info][gc,cpu         ] GC(2649) User=0.01s Sys=0.00s Real=0.00s
[967.847s][info][gc,start       ] GC(2650) Pause Young (Allocation Failure)
[967.849s][info][gc,heap        ] GC(2650) PSYoungGen: 232512K(240128K)->64K(224256K) Eden: 232448K(232448K)->0K(223744K) From: 64K(7680K)->64K(512K)
[967.849s][info][gc,heap        ] GC(2650) ParOldGen: 492620K(493056K)->492628K(493056K)
[967.849s][info][gc,metaspace   ] GC(2650) Metaspace: 35682K(36416K)->35682K(36416K) NonClass: 29408K(29952K)->29408K(29952K) Class: 6273K(6464K)->6273K(6464K)
[967.849s][info][gc             ] GC(2650) Pause Young (Allocation Failure) 708M->481M(700M) 2.351ms
[967.849s][info][gc,cpu         ] GC(2650) User=0.00s Sys=0.00s Real=0.00s
[968.125s][info][gc,start       ] GC(2651) Pause Young (Allocation Failure)
[968.167s][info][gc,heap        ] GC(2651) PSYoungGen: 223808K(224256K)->6656K(274432K) Eden: 223744K(223744K)->0K(267776K) From: 64K(512K)->6656K(6656K)
[968.167s][info][gc,heap        ] GC(2651) ParOldGen: 492628K(493056K)->506892K(507392K)
[968.167s][info][gc,metaspace   ] GC(2651) Metaspace: 35682K(36416K)->35682K(36416K) NonClass: 29408K(29952K)->29408K(29952K) Class: 6273K(6464K)->6273K(6464K)
[968.167s][info][gc             ] GC(2651) Pause Young (Allocation Failure) 699M->501M(763M) 41.471ms
[968.167s][info][gc,cpu         ] GC(2651) User=0.07s Sys=0.01s Real=0.05s
[968.456s][info][gc,start       ] GC(2652) Pause Young (Allocation Failure)
[968.519s][info][gc,heap        ] GC(2652) PSYoungGen: 274432K(274432K)->13312K(272384K) Eden: 267776K(267776K)->0K(259072K) From: 6656K(6656K)->13312K(13312K)
[968.519s][info][gc,heap        ] GC(2652) ParOldGen: 506892K(507392K)->522348K(522752K)
[968.519s][info][gc,metaspace   ] GC(2652) Metaspace: 35682K(36416K)->35682K(36416K) NonClass: 29408K(29952K)->29408K(29952K) Class: 6273K(6464K)->6273K(6464K)
[968.519s][info][gc             ] GC(2652) Pause Young (Allocation Failure) 763M->523M(776M) 63.099ms
[968.519s][info][gc,cpu         ] GC(2652) User=0.10s Sys=0.02s Real=0.07s
[968.742s][info][gc,start       ] GC(2653) Pause Young (Allocation Failure)
[968.777s][info][gc,heap        ] GC(2653) PSYoungGen: 272384K(272384K)->19808K(281088K) Eden: 259072K(259072K)->0K(259072K) From: 13312K(13312K)->19808K(22016K)
[968.778s][info][gc,heap        ] GC(2653) ParOldGen: 522348K(522752K)->522908K(523264K)
[968.778s][info][gc,metaspace   ] GC(2653) Metaspace: 35682K(36416K)->35682K(36416K) NonClass: 29408K(29952K)->29408K(29952K) Class: 6273K(6464K)->6273K(6464K)
[968.778s][info][gc             ] GC(2653) Pause Young (Allocation Failure) 776M->529M(785M) 35.950ms
[968.778s][info][gc,cpu         ] GC(2653) User=0.07s Sys=0.00s Real=0.04s
[968.874s][info][gc,start       ] GC(2654) Pause Young (Allocation Failure)
[968.876s][info][gc,heap        ] GC(2654) PSYoungGen: 278880K(281088K)->64K(308736K) Eden: 259072K(259072K)->0K(283136K) From: 19808K(22016K)->64K(25600K)
[968.876s][info][gc,heap        ] GC(2654) ParOldGen: 522908K(523264K)->522916K(523264K)
[968.876s][info][gc,metaspace   ] GC(2654) Metaspace: 35682K(36416K)->35682K(36416K) NonClass: 29408K(29952K)->29408K(29952K) Class: 6273K(6464K)->6273K(6464K)
[968.876s][info][gc             ] GC(2654) Pause Young (Allocation Failure) 782M->510M(812M) 1.844ms
[968.876s][info][gc,cpu         ] GC(2654) User=0.00s Sys=0.00s Real=0.00s
[969.568s][info][gc,start       ] GC(2655) Pause Young (Allocation Failure)
[969.570s][info][gc,heap        ] GC(2655) PSYoungGen: 283200K(308736K)->64K(283648K) Eden: 283136K(283136K)->0K(283136K) From: 64K(25600K)->64K(512K)
[969.570s][info][gc,heap        ] GC(2655) ParOldGen: 522916K(523264K)->522924K(523264K)
[969.570s][info][gc,metaspace   ] GC(2655) Metaspace: 35682K(36416K)->35682K(36416K) NonClass: 29408K(29952K)->29408K(29952K) Class: 6273K(6464K)->6273K(6464K)
[969.570s][info][gc             ] GC(2655) Pause Young (Allocation Failure) 787M->510M(788M) 1.865ms
[969.570s][info][gc,cpu         ] GC(2655) User=0.00s Sys=0.00s Real=0.00s
[969.907s][info][gc,start       ] GC(2656) Pause Young (Allocation Failure)
[969.909s][info][gc,heap        ] GC(2656) PSYoungGen: 283200K(283648K)->64K(308224K) Eden: 283136K(283136K)->0K(284160K) From: 64K(512K)->64K(24064K)
[969.909s][info][gc,heap        ] GC(2656) ParOldGen: 522924K(523264K)->522932K(523264K)
[969.909s][info][gc,metaspace   ] GC(2656) Metaspace: 35682K(36416K)->35682K(36416K) NonClass: 29408K(29952K)->29408K(29952K) Class: 6273K(6464K)->6273K(6464K)
[969.909s][info][gc             ] GC(2656) Pause Young (Allocation Failure) 787M->510M(812M) 1.854ms
[969.909s][info][gc,cpu         ] GC(2656) User=0.00s Sys=0.01s Real=0.00s
[970.334s][info][gc,start       ] GC(2657) Pause Young (Allocation Failure)
[970.336s][info][gc,heap        ] GC(2657) PSYoungGen: 284224K(308224K)->64K(307200K) Eden: 284160K(284160K)->0K(284160K) From: 64K(24064K)->64K(23040K)
[970.336s][info][gc,heap        ] GC(2657) ParOldGen: 522932K(523264K)->522948K(523264K)
[970.336s][info][gc,metaspace   ] GC(2657) Metaspace: 35682K(36416K)->35682K(36416K) NonClass: 29408K(29952K)->29408K(29952K) Class: 6273K(6464K)->6273K(6464K)
[970.336s][info][gc             ] GC(2657) Pause Young (Allocation Failure) 788M->510M(811M) 1.914ms
[970.336s][info][gc,cpu         ] GC(2657) User=0.01s Sys=0.00s Real=0.00s
[970.525s][info][gc,start       ] GC(2658) Pause Young (Allocation Failure)
[970.527s][info][gc,heap        ] GC(2658) PSYoungGen: 284224K(307200K)->64K(309760K) Eden: 284160K(284160K)->0K(287744K) From: 64K(23040K)->64K(22016K)
[970.527s][info][gc,heap        ] GC(2658) ParOldGen: 522948K(523264K)->522964K(523264K)
[970.527s][info][gc,metaspace   ] GC(2658) Metaspace: 35682K(36416K)->35682K(36416K) NonClass: 29408K(29952K)->29408K(29952K) Class: 6273K(6464K)->6273K(6464K)
[970.527s][info][gc             ] GC(2658) Pause Young (Allocation Failure) 788M->510M(813M) 1.835ms
[970.527s][info][gc,cpu         ] GC(2658) User=0.01s Sys=0.00s Real=0.01s
[970.720s][info][gc,start       ] GC(2659) Pause Young (Allocation Failure)
[970.721s][info][gc,heap        ] GC(2659) PSYoungGen: 287808K(309760K)->64K(309248K) Eden: 287744K(287744K)->0K(287744K) From: 64K(22016K)->64K(21504K)
[970.721s][info][gc,heap        ] GC(2659) ParOldGen: 522964K(523264K)->522964K(523264K)
[970.721s][info][gc,metaspace   ] GC(2659) Metaspace: 35682K(36416K)->35682K(36416K) NonClass: 29408K(29952K)->29408K(29952K) Class: 6273K(6464K)->6273K(6464K)
[970.721s][info][gc             ] GC(2659) Pause Young (Allocation Failure) 791M->510M(813M) 1.765ms
[970.721s][info][gc,cpu         ] GC(2659) User=0.00s Sys=0.00s Real=0.00s
[971.040s][info][gc,start       ] GC(2660) Pause Young (Allocation Failure)
[971.041s][info][gc,heap        ] GC(2660) PSYoungGen: 287808K(309248K)->64K(311296K) Eden: 287744K(287744K)->0K(291328K) From: 64K(21504K)->64K(19968K)
[971.042s][info][gc,heap        ] GC(2660) ParOldGen: 522964K(523264K)->522964K(523264K)
[971.042s][info][gc,metaspace   ] GC(2660) Metaspace: 35682K(36416K)->35682K(36416K) NonClass: 29408K(29952K)->29408K(29952K) Class: 6273K(6464K)->6273K(6464K)
[971.042s][info][gc             ] GC(2660) Pause Young (Allocation Failure) 791M->510M(815M) 1.857ms
[971.042s][info][gc,cpu         ] GC(2660) User=0.00s Sys=0.00s Real=0.00s
[971.094s][info][gc,start       ] GC(2661) Pause Young (Allocation Failure)
[971.096s][info][gc,heap        ] GC(2661) PSYoungGen: 291392K(311296K)->64K(310784K) Eden: 291328K(291328K)->0K(291328K) From: 64K(19968K)->64K(19456K)
[971.096s][info][gc,heap        ] GC(2661) ParOldGen: 522964K(523264K)->522980K(523264K)
[971.096s][info][gc,metaspace   ] GC(2661) Metaspace: 35682K(36416K)->35682K(36416K) NonClass: 29408K(29952K)->29408K(29952K) Class: 6273K(6464K)->6273K(6464K)
[971.096s][info][gc             ] GC(2661) Pause Young (Allocation Failure) 795M->510M(814M) 1.809ms
[971.096s][info][gc,cpu         ] GC(2661) User=0.01s Sys=0.00s Real=0.00s
[971.150s][info][gc,start       ] GC(2662) Pause Young (Allocation Failure)
[971.151s][info][gc,heap        ] GC(2662) PSYoungGen: 291392K(310784K)->64K(313344K) Eden: 291328K(291328K)->0K(295424K) From: 64K(19456K)->64K(17920K)
[971.151s][info][gc,heap        ] GC(2662) ParOldGen: 522980K(523264K)->522980K(523264K)
[971.151s][info][gc,metaspace   ] GC(2662) Metaspace: 35682K(36416K)->35682K(36416K) NonClass: 29408K(29952K)->29408K(29952K) Class: 6273K(6464K)->6273K(6464K)
[971.151s][info][gc             ] GC(2662) Pause Young (Allocation Failure) 795M->510M(817M) 1.763ms
[971.151s][info][gc,cpu         ] GC(2662) User=0.00s Sys=0.00s Real=0.00s
[971.351s][info][gc,start       ] GC(2663) Pause Young (Allocation Failure)
[971.352s][info][gc,heap        ] GC(2663) PSYoungGen: 295488K(313344K)->64K(312832K) Eden: 295424K(295424K)->0K(295424K) From: 64K(17920K)->64K(17408K)
[971.352s][info][gc,heap        ] GC(2663) ParOldGen: 522980K(523264K)->522980K(523264K)
[971.352s][info][gc,metaspace   ] GC(2663) Metaspace: 35682K(36416K)->35682K(36416K) NonClass: 29408K(29952K)->29408K(29952K) Class: 6273K(6464K)->6273K(6464K)
[971.353s][info][gc             ] GC(2663) Pause Young (Allocation Failure) 799M->510M(816M) 1.814ms
[971.353s][info][gc,cpu         ] GC(2663) User=0.00s Sys=0.00s Real=0.00s
[971.554s][info][gc,start       ] GC(2664) Pause Young (Allocation Failure)
[971.556s][info][gc,heap        ] GC(2664) PSYoungGen: 295488K(312832K)->64K(315392K) Eden: 295424K(295424K)->0K(299520K) From: 64K(17408K)->64K(15872K)
[971.556s][info][gc,heap        ] GC(2664) ParOldGen: 522980K(523264K)->522988K(523264K)
[971.556s][info][gc,metaspace   ] GC(2664) Metaspace: 35682K(36416K)->35682K(36416K) NonClass: 29408K(29952K)->29408K(29952K) Class: 6273K(6464K)->6273K(6464K)
[971.556s][info][gc             ] GC(2664) Pause Young (Allocation Failure) 799M->510M(819M) 1.860ms
[971.556s][info][gc,cpu         ] GC(2664) User=0.00s Sys=0.00s Real=0.00s
[971.660s][info][gc,start       ] GC(2665) Pause Young (Allocation Failure)
[971.662s][info][gc,heap        ] GC(2665) PSYoungGen: 299584K(315392K)->64K(314880K) Eden: 299520K(299520K)->0K(299520K) From: 64K(15872K)->64K(15360K)
[971.662s][info][gc,heap        ] GC(2665) ParOldGen: 522988K(523264K)->522996K(523264K)
[971.662s][info][gc,metaspace   ] GC(2665) Metaspace: 35682K(36416K)->35682K(36416K) NonClass: 29408K(29952K)->29408K(29952K) Class: 6273K(6464K)->6273K(6464K)
[971.662s][info][gc             ] GC(2665) Pause Young (Allocation Failure) 803M->510M(818M) 1.862ms
[971.662s][info][gc,cpu         ] GC(2665) User=0.01s Sys=0.00s Real=0.00s
[971.766s][info][gc,start       ] GC(2666) Pause Young (Allocation Failure)
[971.768s][info][gc,heap        ] GC(2666) PSYoungGen: 299584K(314880K)->64K(317440K) Eden: 299520K(299520K)->0K(303616K) From: 64K(15360K)->64K(13824K)
[971.768s][info][gc,heap        ] GC(2666) ParOldGen: 522996K(523264K)->523004K(523264K)
[971.768s][info][gc,metaspace   ] GC(2666) Metaspace: 35682K(36416K)->35682K(36416K) NonClass: 29408K(29952K)->29408K(29952K) Class: 6273K(6464K)->6273K(6464K)
[971.768s][info][gc             ] GC(2666) Pause Young (Allocation Failure) 803M->510M(821M) 2.429ms
[971.768s][info][gc,cpu         ] GC(2666) User=0.00s Sys=0.00s Real=0.01s
[972.012s][info][gc,start       ] GC(2667) Pause Young (Allocation Failure)
[972.014s][info][gc,heap        ] GC(2667) PSYoungGen: 303680K(317440K)->64K(316928K) Eden: 303616K(303616K)->0K(303616K) From: 64K(13824K)->64K(13312K)
[972.014s][info][gc,heap        ] GC(2667) ParOldGen: 523004K(523264K)->523012K(523264K)
[972.014s][info][gc,metaspace   ] GC(2667) Metaspace: 35682K(36416K)->35682K(36416K) NonClass: 29408K(29952K)->29408K(29952K) Class: 6273K(6464K)->6273K(6464K)
[972.014s][info][gc             ] GC(2667) Pause Young (Allocation Failure) 807M->510M(820M) 1.899ms
[972.014s][info][gc,cpu         ] GC(2667) User=0.00s Sys=0.00s Real=0.00s
[972.846s][info][gc,start       ] GC(2668) Pause Young (Allocation Failure)
[972.848s][info][gc,heap        ] GC(2668) PSYoungGen: 303680K(316928K)->83K(319488K) Eden: 303616K(303616K)->0K(307712K) From: 64K(13312K)->83K(11776K)
[972.848s][info][gc,heap        ] GC(2668) ParOldGen: 523012K(523264K)->523020K(523264K)
[972.848s][info][gc,metaspace   ] GC(2668) Metaspace: 35682K(36416K)->35682K(36416K) NonClass: 29408K(29952K)->29408K(29952K) Class: 6273K(6464K)->6273K(6464K)
[972.848s][info][gc             ] GC(2668) Pause Young (Allocation Failure) 807M->510M(823M) 1.893ms
[972.848s][info][gc,cpu         ] GC(2668) User=0.00s Sys=0.00s Real=0.01s
[973.768s][info][gc,start       ] GC(2669) Pause Young (Allocation Failure)
[973.770s][info][gc,heap        ] GC(2669) PSYoungGen: 307795K(319488K)->64K(319488K) Eden: 307712K(307712K)->0K(307712K) From: 83K(11776K)->64K(11776K)
[973.770s][info][gc,heap        ] GC(2669) ParOldGen: 523020K(523264K)->523028K(523264K)
[973.770s][info][gc,metaspace   ] GC(2669) Metaspace: 35682K(36416K)->35682K(36416K) NonClass: 29408K(29952K)->29408K(29952K) Class: 6273K(6464K)->6273K(6464K)
[973.770s][info][gc             ] GC(2669) Pause Young (Allocation Failure) 811M->510M(823M) 1.902ms
[973.770s][info][gc,cpu         ] GC(2669) User=0.01s Sys=0.00s Real=0.00s
[974.197s][info][gc,start       ] GC(2670) Pause Young (Allocation Failure)
[974.199s][info][gc,heap        ] GC(2670) PSYoungGen: 307776K(319488K)->64K(295936K) Eden: 307712K(307712K)->0K(295424K) From: 64K(11776K)->64K(512K)
[974.199s][info][gc,heap        ] GC(2670) ParOldGen: 523028K(523264K)->523036K(523264K)
[974.199s][info][gc,metaspace   ] GC(2670) Metaspace: 35682K(36416K)->35682K(36416K) NonClass: 29408K(29952K)->29408K(29952K) Class: 6273K(6464K)->6273K(6464K)
[974.199s][info][gc             ] GC(2670) Pause Young (Allocation Failure) 811M->510M(800M) 1.928ms
[974.199s][info][gc,cpu         ] GC(2670) User=0.01s Sys=0.00s Real=0.00s
[975.214s][info][gc,start       ] GC(2671) Pause Young (Allocation Failure)
[975.216s][info][gc,heap        ] GC(2671) PSYoungGen: 295488K(295936K)->64K(293888K) Eden: 295424K(295424K)->0K(283648K) From: 64K(512K)->64K(10240K)
[975.216s][info][gc,heap        ] GC(2671) ParOldGen: 523036K(523264K)->523044K(523264K)
[975.216s][info][gc,metaspace   ] GC(2671) Metaspace: 35682K(36416K)->35682K(36416K) NonClass: 29408K(29952K)->29408K(29952K) Class: 6273K(6464K)->6273K(6464K)
[975.216s][info][gc             ] GC(2671) Pause Young (Allocation Failure) 799M->510M(798M) 2.174ms
[975.216s][info][gc,cpu         ] GC(2671) User=0.00s Sys=0.00s Real=0.00s
[975.629s][info][gc,start       ] GC(2672) Pause Young (Allocation Failure)
[975.631s][info][gc,heap        ] GC(2672) PSYoungGen: 283712K(293888K)->64K(272896K) Eden: 283648K(283648K)->0K(272384K) From: 64K(10240K)->64K(512K)
[975.632s][info][gc,heap        ] GC(2672) ParOldGen: 523044K(523264K)->523052K(523264K)
[975.632s][info][gc,metaspace   ] GC(2672) Metaspace: 35682K(36416K)->35682K(36416K) NonClass: 29408K(29952K)->29408K(29952K) Class: 6273K(6464K)->6273K(6464K)
[975.632s][info][gc             ] GC(2672) Pause Young (Allocation Failure) 787M->510M(777M) 2.892ms
[975.632s][info][gc,cpu         ] GC(2672) User=0.01s Sys=0.00s Real=0.00s
[975.838s][info][gc,start       ] GC(2673) Pause Young (Allocation Failure)
[975.840s][info][gc,heap        ] GC(2673) PSYoungGen: 272448K(272896K)->64K(270336K) Eden: 272384K(272384K)->0K(261632K) From: 64K(512K)->64K(8704K)
[975.840s][info][gc,heap        ] GC(2673) ParOldGen: 523052K(523264K)->523060K(523264K)
[975.840s][info][gc,metaspace   ] GC(2673) Metaspace: 35682K(36416K)->35682K(36416K) NonClass: 29408K(29952K)->29408K(29952K) Class: 6273K(6464K)->6273K(6464K)
[975.840s][info][gc             ] GC(2673) Pause Young (Allocation Failure) 776M->510M(775M) 2.673ms
[975.840s][info][gc,cpu         ] GC(2673) User=0.00s Sys=0.00s Real=0.00s
[975.937s][info][gc,start       ] GC(2674) Pause Young (Allocation Failure)
[975.939s][info][gc,heap        ] GC(2674) PSYoungGen: 261696K(270336K)->64K(304640K) Eden: 261632K(261632K)->0K(296448K) From: 64K(8704K)->64K(8192K)
[975.939s][info][gc,heap        ] GC(2674) ParOldGen: 523060K(523264K)->523068K(523264K)
[975.939s][info][gc,metaspace   ] GC(2674) Metaspace: 35682K(36416K)->35682K(36416K) NonClass: 29408K(29952K)->29408K(29952K) Class: 6273K(6464K)->6273K(6464K)
[975.939s][info][gc             ] GC(2674) Pause Young (Allocation Failure) 766M->510M(808M) 2.397ms
[975.939s][info][gc,cpu         ] GC(2674) User=0.00s Sys=0.00s Real=0.00s
[976.593s][info][gc,start       ] GC(2675) Pause Young (Allocation Failure)
[976.595s][info][gc,heap        ] GC(2675) PSYoungGen: 296512K(304640K)->64K(304128K) Eden: 296448K(296448K)->0K(296448K) From: 64K(8192K)->64K(7680K)
[976.595s][info][gc,heap        ] GC(2675) ParOldGen: 523068K(523264K)->523076K(523264K)
[976.595s][info][gc,metaspace   ] GC(2675) Metaspace: 35682K(36416K)->35682K(36416K) NonClass: 29408K(29952K)->29408K(29952K) Class: 6273K(6464K)->6273K(6464K)
[976.595s][info][gc             ] GC(2675) Pause Young (Allocation Failure) 800M->510M(808M) 1.843ms
[976.595s][info][gc,cpu         ] GC(2675) User=0.01s Sys=0.00s Real=0.00s
[977.002s][info][gc,start       ] GC(2676) Pause Young (Allocation Failure)
[977.011s][info][gc,heap        ] GC(2676) PSYoungGen: 296512K(304128K)->3456K(324608K) Eden: 296448K(296448K)->0K(317440K) From: 64K(7680K)->3456K(7168K)
[977.011s][info][gc,heap        ] GC(2676) ParOldGen: 523076K(523264K)->523084K(523264K)
[977.011s][info][gc,metaspace   ] GC(2676) Metaspace: 35682K(36416K)->35682K(36416K) NonClass: 29408K(29952K)->29408K(29952K) Class: 6273K(6464K)->6273K(6464K)
[977.011s][info][gc             ] GC(2676) Pause Young (Allocation Failure) 800M->514M(828M) 9.294ms
[977.011s][info][gc,cpu         ] GC(2676) User=0.02s Sys=0.00s Real=0.01s
[977.385s][info][gc,start       ] GC(2677) Pause Young (Allocation Failure)
[977.460s][info][gc,heap        ] GC(2677) PSYoungGen: 320896K(324608K)->7680K(325120K) Eden: 317440K(317440K)->0K(317440K) From: 3456K(7168K)->7680K(7680K)
[977.460s][info][gc,heap        ] GC(2677) ParOldGen: 523084K(523264K)->548908K(549376K)
[977.460s][info][gc,metaspace   ] GC(2677) Metaspace: 35682K(36416K)->35682K(36416K) NonClass: 29408K(29952K)->29408K(29952K) Class: 6273K(6464K)->6273K(6464K)
[977.460s][info][gc             ] GC(2677) Pause Young (Allocation Failure) 824M->543M(854M) 75.636ms
[977.460s][info][gc,cpu         ] GC(2677) User=0.12s Sys=0.03s Real=0.08s
[977.809s][info][gc,start       ] GC(2678) Pause Young (Allocation Failure)
[977.884s][info][gc,heap        ] GC(2678) PSYoungGen: 325120K(325120K)->8704K(286208K) Eden: 317440K(317440K)->0K(277504K) From: 7680K(7680K)->8704K(8704K)
[977.884s][info][gc,heap        ] GC(2678) ParOldGen: 548908K(549376K)->573252K(573440K)
[977.884s][info][gc,metaspace   ] GC(2678) Metaspace: 35682K(36416K)->35682K(36416K) NonClass: 29408K(29952K)->29408K(29952K) Class: 6273K(6464K)->6273K(6464K)
[977.884s][info][gc             ] GC(2678) Pause Young (Allocation Failure) 853M->568M(839M) 75.635ms
[977.884s][info][gc,cpu         ] GC(2678) User=0.13s Sys=0.02s Real=0.07s
[977.971s][info][gc,start       ] GC(2679) Pause Young (Allocation Failure)
[977.980s][info][gc,heap        ] GC(2679) PSYoungGen: 286208K(286208K)->64K(305664K) Eden: 277504K(277504K)->0K(277504K) From: 8704K(8704K)->64K(28160K)
[977.980s][info][gc,heap        ] GC(2679) ParOldGen: 573252K(573440K)->574132K(574464K)
[977.980s][info][gc,metaspace   ] GC(2679) Metaspace: 35682K(36416K)->35682K(36416K) NonClass: 29408K(29952K)->29408K(29952K) Class: 6273K(6464K)->6273K(6464K)
[977.980s][info][gc             ] GC(2679) Pause Young (Allocation Failure) 839M->560M(859M) 8.988ms
[977.980s][info][gc,cpu         ] GC(2679) User=0.02s Sys=0.00s Real=0.01s
[978.589s][info][gc,start       ] GC(2680) Pause Young (Allocation Failure)
[978.591s][info][gc,heap        ] GC(2680) PSYoungGen: 277568K(305664K)->64K(302592K) Eden: 277504K(277504K)->0K(278528K) From: 64K(28160K)->64K(24064K)
[978.591s][info][gc,heap        ] GC(2680) ParOldGen: 574132K(574464K)->574140K(574464K)
[978.591s][info][gc,metaspace   ] GC(2680) Metaspace: 35682K(36416K)->35682K(36416K) NonClass: 29408K(29952K)->29408K(29952K) Class: 6273K(6464K)->6273K(6464K)
[978.591s][info][gc             ] GC(2680) Pause Young (Allocation Failure) 831M->560M(856M) 2.210ms
[978.591s][info][gc,cpu         ] GC(2680) User=0.00s Sys=0.00s Real=0.00s
[979.024s][info][gc,start       ] GC(2681) Pause Young (Allocation Failure)
[979.026s][info][gc,heap        ] GC(2681) PSYoungGen: 278592K(302592K)->64K(304640K) Eden: 278528K(278528K)->0K(278528K) From: 64K(24064K)->64K(26112K)
[979.026s][info][gc,heap        ] GC(2681) ParOldGen: 574140K(574464K)->574148K(574464K)
[979.026s][info][gc,metaspace   ] GC(2681) Metaspace: 35682K(36416K)->35682K(36416K) NonClass: 29408K(29952K)->29408K(29952K) Class: 6273K(6464K)->6273K(6464K)
[979.026s][info][gc             ] GC(2681) Pause Young (Allocation Failure) 832M->560M(858M) 1.943ms
[979.026s][info][gc,cpu         ] GC(2681) User=0.00s Sys=0.00s Real=0.00s
[979.454s][info][gc,start       ] GC(2682) Pause Young (Allocation Failure)
[979.456s][info][gc,heap        ] GC(2682) PSYoungGen: 278592K(304640K)->64K(304640K) Eden: 278528K(278528K)->0K(282624K) From: 64K(26112K)->64K(22016K)
[979.456s][info][gc,heap        ] GC(2682) ParOldGen: 574148K(574464K)->574164K(574464K)
[979.456s][info][gc,metaspace   ] GC(2682) Metaspace: 35682K(36416K)->35682K(36416K) NonClass: 29408K(29952K)->29408K(29952K) Class: 6273K(6464K)->6273K(6464K)
[979.456s][info][gc             ] GC(2682) Pause Young (Allocation Failure) 832M->560M(858M) 1.978ms
[979.456s][info][gc,cpu         ] GC(2682) User=0.00s Sys=0.00s Real=0.00s
[979.645s][info][gc,start       ] GC(2683) Pause Young (Allocation Failure)
[979.647s][info][gc,heap        ] GC(2683) PSYoungGen: 282688K(304640K)->64K(306688K) Eden: 282624K(282624K)->0K(282624K) From: 64K(22016K)->64K(24064K)
[979.647s][info][gc,heap        ] GC(2683) ParOldGen: 574164K(574464K)->574180K(574464K)
[979.647s][info][gc,metaspace   ] GC(2683) Metaspace: 35682K(36416K)->35682K(36416K) NonClass: 29408K(29952K)->29408K(29952K) Class: 6273K(6464K)->6273K(6464K)
[979.647s][info][gc             ] GC(2683) Pause Young (Allocation Failure) 836M->560M(860M) 2.076ms
[979.647s][info][gc,cpu         ] GC(2683) User=0.00s Sys=0.00s Real=0.01s
[979.836s][info][gc,start       ] GC(2684) Pause Young (Allocation Failure)
[979.838s][info][gc,heap        ] GC(2684) PSYoungGen: 282688K(306688K)->64K(306688K) Eden: 282624K(282624K)->0K(286720K) From: 64K(24064K)->64K(19968K)
[979.838s][info][gc,heap        ] GC(2684) ParOldGen: 574180K(574464K)->574180K(574464K)
[979.838s][info][gc,metaspace   ] GC(2684) Metaspace: 35682K(36416K)->35682K(36416K) NonClass: 29408K(29952K)->29408K(29952K) Class: 6273K(6464K)->6273K(6464K)
[979.838s][info][gc             ] GC(2684) Pause Young (Allocation Failure) 836M->560M(860M) 2.013ms
[979.838s][info][gc,cpu         ] GC(2684) User=0.01s Sys=0.00s Real=0.01s
[980.195s][info][gc,start       ] GC(2685) Pause Young (Allocation Failure)
[980.197s][info][gc,heap        ] GC(2685) PSYoungGen: 286784K(306688K)->64K(308736K) Eden: 286720K(286720K)->0K(286720K) From: 64K(19968K)->64K(22016K)
[980.197s][info][gc,heap        ] GC(2685) ParOldGen: 574180K(574464K)->574188K(574464K)
[980.197s][info][gc,metaspace   ] GC(2685) Metaspace: 35682K(36416K)->35682K(36416K) NonClass: 29408K(29952K)->29408K(29952K) Class: 6273K(6464K)->6273K(6464K)
[980.197s][info][gc             ] GC(2685) Pause Young (Allocation Failure) 840M->560M(862M) 1.978ms
[980.197s][info][gc,cpu         ] GC(2685) User=0.00s Sys=0.00s Real=0.01s
[980.251s][info][gc,start       ] GC(2686) Pause Young (Allocation Failure)
[980.253s][info][gc,heap        ] GC(2686) PSYoungGen: 286784K(308736K)->64K(309248K) Eden: 286720K(286720K)->0K(291328K) From: 64K(22016K)->64K(17920K)
[980.253s][info][gc,heap        ] GC(2686) ParOldGen: 574188K(574464K)->574196K(574464K)
[980.253s][info][gc,metaspace   ] GC(2686) Metaspace: 35682K(36416K)->35682K(36416K) NonClass: 29408K(29952K)->29408K(29952K) Class: 6273K(6464K)->6273K(6464K)
[980.253s][info][gc             ] GC(2686) Pause Young (Allocation Failure) 840M->560M(863M) 1.899ms
[980.253s][info][gc,cpu         ] GC(2686) User=0.00s Sys=0.00s Real=0.00s
[980.307s][info][gc,start       ] GC(2687) Pause Young (Allocation Failure)
[980.309s][info][gc,heap        ] GC(2687) PSYoungGen: 291392K(309248K)->64K(310784K) Eden: 291328K(291328K)->0K(291328K) From: 64K(17920K)->64K(19456K)
[980.309s][info][gc,heap        ] GC(2687) ParOldGen: 574196K(574464K)->574212K(574464K)
[980.309s][info][gc,metaspace   ] GC(2687) Metaspace: 35682K(36416K)->35682K(36416K) NonClass: 29408K(29952K)->29408K(29952K) Class: 6273K(6464K)->6273K(6464K)
[980.309s][info][gc             ] GC(2687) Pause Young (Allocation Failure) 845M->560M(864M) 2.031ms
[980.309s][info][gc,cpu         ] GC(2687) User=0.01s Sys=0.00s Real=0.00s
[980.473s][info][gc,start       ] GC(2688) Pause Young (Allocation Failure)
[980.475s][info][gc,heap        ] GC(2688) PSYoungGen: 291392K(310784K)->64K(311808K) Eden: 291328K(291328K)->0K(295936K) From: 64K(19456K)->64K(15872K)
[980.475s][info][gc,heap        ] GC(2688) ParOldGen: 574212K(574464K)->574212K(574464K)
[980.475s][info][gc,metaspace   ] GC(2688) Metaspace: 35682K(36416K)->35682K(36416K) NonClass: 29408K(29952K)->29408K(29952K) Class: 6273K(6464K)->6273K(6464K)
[980.475s][info][gc             ] GC(2688) Pause Young (Allocation Failure) 845M->560M(865M) 1.968ms
[980.475s][info][gc,cpu         ] GC(2688) User=0.01s Sys=0.00s Real=0.00s
[980.689s][info][gc,start       ] GC(2689) Pause Young (Allocation Failure)
[980.691s][info][gc,heap        ] GC(2689) PSYoungGen: 296000K(311808K)->64K(313344K) Eden: 295936K(295936K)->0K(295936K) From: 64K(15872K)->64K(17408K)
[980.691s][info][gc,heap        ] GC(2689) ParOldGen: 574212K(574464K)->574220K(574464K)
[980.691s][info][gc,metaspace   ] GC(2689) Metaspace: 35682K(36416K)->35682K(36416K) NonClass: 29408K(29952K)->29408K(29952K) Class: 6273K(6464K)->6273K(6464K)
[980.691s][info][gc             ] GC(2689) Pause Young (Allocation Failure) 849M->560M(867M) 1.929ms
[980.691s][info][gc,cpu         ] GC(2689) User=0.00s Sys=0.00s Real=0.00s
[980.822s][info][gc,start       ] GC(2690) Pause Young (Allocation Failure)
[980.824s][info][gc,heap        ] GC(2690) PSYoungGen: 296000K(313344K)->64K(313856K) Eden: 295936K(295936K)->0K(300032K) From: 64K(17408K)->64K(13824K)
[980.824s][info][gc,heap        ] GC(2690) ParOldGen: 574220K(574464K)->574228K(574464K)
[980.824s][info][gc,metaspace   ] GC(2690) Metaspace: 35682K(36416K)->35682K(36416K) NonClass: 29408K(29952K)->29408K(29952K) Class: 6273K(6464K)->6273K(6464K)
[980.824s][info][gc             ] GC(2690) Pause Young (Allocation Failure) 849M->560M(867M) 1.963ms
[980.824s][info][gc,cpu         ] GC(2690) User=0.01s Sys=0.00s Real=0.00s
[980.911s][info][gc,start       ] GC(2691) Pause Young (Allocation Failure)
[980.913s][info][gc,heap        ] GC(2691) PSYoungGen: 300096K(313856K)->64K(315392K) Eden: 300032K(300032K)->0K(300032K) From: 64K(13824K)->64K(15360K)
[980.913s][info][gc,heap        ] GC(2691) ParOldGen: 574228K(574464K)->574236K(574464K)
[980.913s][info][gc,metaspace   ] GC(2691) Metaspace: 35682K(36416K)->35682K(36416K) NonClass: 29408K(29952K)->29408K(29952K) Class: 6273K(6464K)->6273K(6464K)
[980.913s][info][gc             ] GC(2691) Pause Young (Allocation Failure) 853M->560M(869M) 1.951ms
[980.913s][info][gc,cpu         ] GC(2691) User=0.00s Sys=0.00s Real=0.00s
[981.088s][info][gc,start       ] GC(2692) Pause Young (Allocation Failure)
[981.090s][info][gc,heap        ] GC(2692) PSYoungGen: 300096K(315392K)->64K(315904K) Eden: 300032K(300032K)->0K(304128K) From: 64K(15360K)->64K(11776K)
[981.090s][info][gc,heap        ] GC(2692) ParOldGen: 574236K(574464K)->574244K(574464K)
[981.090s][info][gc,metaspace   ] GC(2692) Metaspace: 35682K(36416K)->35682K(36416K) NonClass: 29408K(29952K)->29408K(29952K) Class: 6273K(6464K)->6273K(6464K)
[981.090s][info][gc             ] GC(2692) Pause Young (Allocation Failure) 853M->560M(869M) 1.914ms
[981.090s][info][gc,cpu         ] GC(2692) User=0.00s Sys=0.00s Real=0.00s
[982.061s][info][gc,start       ] GC(2693) Pause Young (Allocation Failure)
[982.063s][info][gc,heap        ] GC(2693) PSYoungGen: 304192K(315904K)->83K(317440K) Eden: 304128K(304128K)->0K(304128K) From: 64K(11776K)->83K(13312K)
[982.063s][info][gc,heap        ] GC(2693) ParOldGen: 574244K(574464K)->574252K(574464K)
[982.063s][info][gc,metaspace   ] GC(2693) Metaspace: 35682K(36416K)->35682K(36416K) NonClass: 29408K(29952K)->29408K(29952K) Class: 6273K(6464K)->6273K(6464K)
[982.063s][info][gc             ] GC(2693) Pause Young (Allocation Failure) 857M->560M(871M) 1.994ms
[982.063s][info][gc,cpu         ] GC(2693) User=0.01s Sys=0.00s Real=0.00s
[982.952s][info][gc,start       ] GC(2694) Pause Young (Allocation Failure)
[982.954s][info][gc,heap        ] GC(2694) PSYoungGen: 304211K(317440K)->64K(317952K) Eden: 304128K(304128K)->0K(307712K) From: 83K(13312K)->64K(10240K)
[982.954s][info][gc,heap        ] GC(2694) ParOldGen: 574252K(574464K)->574260K(574464K)
[982.954s][info][gc,metaspace   ] GC(2694) Metaspace: 35682K(36416K)->35682K(36416K) NonClass: 29408K(29952K)->29408K(29952K) Class: 6273K(6464K)->6273K(6464K)
[982.954s][info][gc             ] GC(2694) Pause Young (Allocation Failure) 857M->560M(871M) 2.019ms
[982.954s][info][gc,cpu         ] GC(2694) User=0.00s Sys=0.00s Real=0.00s
[983.308s][info][gc,start       ] GC(2695) Pause Young (Allocation Failure)
[983.311s][info][gc,heap        ] GC(2695) PSYoungGen: 307776K(317952K)->64K(295936K) Eden: 307712K(307712K)->0K(295424K) From: 64K(10240K)->64K(512K)
[983.311s][info][gc,heap        ] GC(2695) ParOldGen: 574260K(574464K)->574268K(574464K)
[983.311s][info][gc,metaspace   ] GC(2695) Metaspace: 35682K(36416K)->35682K(36416K) NonClass: 29408K(29952K)->29408K(29952K) Class: 6273K(6464K)->6273K(6464K)
[983.311s][info][gc             ] GC(2695) Pause Young (Allocation Failure) 861M->560M(850M) 2.578ms
[983.311s][info][gc,cpu         ] GC(2695) User=0.01s Sys=0.00s Real=0.00s
[983.723s][info][gc,start       ] GC(2696) Pause Young (Allocation Failure)
[983.725s][info][gc,heap        ] GC(2696) PSYoungGen: 295488K(295936K)->64K(284160K) Eden: 295424K(295424K)->0K(283648K) From: 64K(512K)->64K(512K)
[983.725s][info][gc,heap        ] GC(2696) ParOldGen: 574268K(574464K)->574276K(574464K)
[983.725s][info][gc,metaspace   ] GC(2696) Metaspace: 35682K(36416K)->35682K(36416K) NonClass: 29408K(29952K)->29408K(29952K) Class: 6273K(6464K)->6273K(6464K)
[983.725s][info][gc             ] GC(2696) Pause Young (Allocation Failure) 849M->560M(838M) 2.621ms
[983.725s][info][gc,cpu         ] GC(2696) User=0.00s Sys=0.00s Real=0.00s
[984.698s][info][gc,start       ] GC(2697) Pause Young (Allocation Failure)
[984.700s][info][gc,heap        ] GC(2697) PSYoungGen: 283712K(284160K)->64K(282624K) Eden: 283648K(283648K)->0K(272384K) From: 64K(512K)->64K(10240K)
[984.700s][info][gc,heap        ] GC(2697) ParOldGen: 574276K(574464K)->574284K(574464K)
[984.700s][info][gc,metaspace   ] GC(2697) Metaspace: 35682K(36416K)->35682K(36416K) NonClass: 29408K(29952K)->29408K(29952K) Class: 6273K(6464K)->6273K(6464K)
[984.700s][info][gc             ] GC(2697) Pause Young (Allocation Failure) 837M->560M(837M) 2.012ms
[984.700s][info][gc,cpu         ] GC(2697) User=0.00s Sys=0.00s Real=0.00s
[985.100s][info][gc,start       ] GC(2698) Pause Young (Allocation Failure)
[985.102s][info][gc,heap        ] GC(2698) PSYoungGen: 272448K(282624K)->64K(262144K) Eden: 272384K(272384K)->0K(261632K) From: 64K(10240K)->64K(512K)
[985.102s][info][gc,heap        ] GC(2698) ParOldGen: 574284K(574464K)->574292K(574464K)
[985.102s][info][gc,metaspace   ] GC(2698) Metaspace: 35682K(36416K)->35682K(36416K) NonClass: 29408K(29952K)->29408K(29952K) Class: 6273K(6464K)->6273K(6464K)
[985.102s][info][gc             ] GC(2698) Pause Young (Allocation Failure) 826M->560M(817M) 2.702ms
[985.102s][info][gc,cpu         ] GC(2698) User=0.00s Sys=0.00s Real=0.00s
[985.166s][info][gc,start       ] GC(2699) Pause Young (Allocation Failure)
[985.168s][info][gc,heap        ] GC(2699) PSYoungGen: 261696K(262144K)->64K(293376K) Eden: 261632K(261632K)->0K(284672K) From: 64K(512K)->64K(8704K)
[985.168s][info][gc,heap        ] GC(2699) ParOldGen: 574292K(574464K)->574308K(574464K)
[985.168s][info][gc,metaspace   ] GC(2699) Metaspace: 35682K(36416K)->35682K(36416K) NonClass: 29408K(29952K)->29408K(29952K) Class: 6273K(6464K)->6273K(6464K)
[985.168s][info][gc             ] GC(2699) Pause Young (Allocation Failure) 816M->560M(847M) 2.047ms
[985.168s][info][gc,cpu         ] GC(2699) User=0.00s Sys=0.00s Real=0.01s
[985.747s][info][gc,start       ] GC(2700) Pause Young (Allocation Failure)
[985.749s][info][gc,heap        ] GC(2700) PSYoungGen: 284736K(293376K)->64K(318976K) Eden: 284672K(284672K)->0K(310784K) From: 64K(8704K)->64K(8192K)
[985.749s][info][gc,heap        ] GC(2700) ParOldGen: 574308K(574464K)->574308K(574464K)
[985.749s][info][gc,metaspace   ] GC(2700) Metaspace: 35682K(36416K)->35682K(36416K) NonClass: 29408K(29952K)->29408K(29952K) Class: 6273K(6464K)->6273K(6464K)
[985.749s][info][gc             ] GC(2700) Pause Young (Allocation Failure) 838M->560M(872M) 2.574ms
[985.749s][info][gc,cpu         ] GC(2700) User=0.00s Sys=0.00s Real=0.00s
[986.136s][info][gc,start       ] GC(2701) Pause Young (Allocation Failure)
[986.138s][info][gc,heap        ] GC(2701) PSYoungGen: 310848K(318976K)->64K(299008K) Eden: 310784K(310784K)->0K(298496K) From: 64K(8192K)->64K(512K)
[986.138s][info][gc,heap        ] GC(2701) ParOldGen: 574308K(574464K)->574316K(574464K)
[986.138s][info][gc,metaspace   ] GC(2701) Metaspace: 35682K(36416K)->35682K(36416K) NonClass: 29408K(29952K)->29408K(29952K) Class: 6273K(6464K)->6273K(6464K)
[986.138s][info][gc             ] GC(2701) Pause Young (Allocation Failure) 864M->560M(853M) 2.007ms
[986.138s][info][gc,cpu         ] GC(2701) User=0.01s Sys=0.00s Real=0.01s
[986.526s][info][gc,start       ] GC(2702) Pause Young (Allocation Failure)
[986.584s][info][gc,heap        ] GC(2702) PSYoungGen: 298560K(299008K)->7168K(303104K) Eden: 298496K(298496K)->0K(295936K) From: 64K(512K)->7168K(7168K)
[986.584s][info][gc,heap        ] GC(2702) ParOldGen: 574316K(574464K)->593796K(593920K)
[986.584s][info][gc,metaspace   ] GC(2702) Metaspace: 35682K(36416K)->35682K(36416K) NonClass: 29408K(29952K)->29408K(29952K) Class: 6273K(6464K)->6273K(6464K)
[986.584s][info][gc             ] GC(2702) Pause Young (Allocation Failure) 852M->586M(876M) 58.006ms
[986.584s][info][gc,cpu         ] GC(2702) User=0.10s Sys=0.01s Real=0.06s
[986.914s][info][gc,start       ] GC(2703) Pause Young (Allocation Failure)
[986.980s][info][gc,heap        ] GC(2703) PSYoungGen: 303104K(303104K)->15872K(311808K) Eden: 295936K(295936K)->0K(295936K) From: 7168K(7168K)->15872K(15872K)
[986.980s][info][gc,heap        ] GC(2703) ParOldGen: 593796K(593920K)->609860K(610304K)
[986.980s][info][gc,metaspace   ] GC(2703) Metaspace: 35682K(36416K)->35682K(36416K) NonClass: 29408K(29952K)->29408K(29952K) Class: 6273K(6464K)->6273K(6464K)
[986.980s][info][gc             ] GC(2703) Pause Young (Allocation Failure) 875M->611M(900M) 65.990ms
[986.980s][info][gc,cpu         ] GC(2703) User=0.12s Sys=0.02s Real=0.07s
[987.145s][info][gc,start       ] GC(2704) Pause Young (Allocation Failure)
[987.169s][info][gc,heap        ] GC(2704) PSYoungGen: 311808K(311808K)->11136K(304640K) Eden: 295936K(295936K)->0K(282624K) From: 15872K(15872K)->11136K(22016K)
[987.169s][info][gc,heap        ] GC(2704) ParOldGen: 609860K(610304K)->610436K(610816K)
[987.169s][info][gc,metaspace   ] GC(2704) Metaspace: 35682K(36416K)->35682K(36416K) NonClass: 29408K(29952K)->29408K(29952K) Class: 6273K(6464K)->6273K(6464K)
[987.169s][info][gc             ] GC(2704) Pause Young (Allocation Failure) 900M->607M(894M) 24.514ms
[987.169s][info][gc,cpu         ] GC(2704) User=0.04s Sys=0.00s Real=0.03s
[987.584s][info][gc,start       ] GC(2705) Pause Young (Allocation Failure)
[987.586s][info][gc,heap        ] GC(2705) PSYoungGen: 293760K(304640K)->64K(308224K) Eden: 282624K(282624K)->0K(282624K) From: 11136K(22016K)->64K(25600K)
[987.586s][info][gc,heap        ] GC(2705) ParOldGen: 610436K(610816K)->610444K(610816K)
[987.586s][info][gc,metaspace   ] GC(2705) Metaspace: 35682K(36416K)->35682K(36416K) NonClass: 29408K(29952K)->29408K(29952K) Class: 6273K(6464K)->6273K(6464K)
[987.586s][info][gc             ] GC(2705) Pause Young (Allocation Failure) 883M->596M(897M) 2.141ms
[987.586s][info][gc,cpu         ] GC(2705) User=0.00s Sys=0.01s Real=0.00s
[988.176s][info][gc,start       ] GC(2706) Pause Young (Allocation Failure)
[988.179s][info][gc,heap        ] GC(2706) PSYoungGen: 282688K(308224K)->64K(306176K) Eden: 282624K(282624K)->0K(283648K) From: 64K(25600K)->64K(22528K)
[988.179s][info][gc,heap        ] GC(2706) ParOldGen: 610444K(610816K)->610452K(610816K)
[988.179s][info][gc,metaspace   ] GC(2706) Metaspace: 35682K(36416K)->35682K(36416K) NonClass: 29408K(29952K)->29408K(29952K) Class: 6273K(6464K)->6273K(6464K)
[988.179s][info][gc             ] GC(2706) Pause Young (Allocation Failure) 872M->596M(895M) 2.115ms
[988.179s][info][gc,cpu         ] GC(2706) User=0.01s Sys=0.00s Real=0.01s
[988.622s][info][gc,start       ] GC(2707) Pause Young (Allocation Failure)
[988.624s][info][gc,heap        ] GC(2707) PSYoungGen: 283712K(306176K)->64K(307712K) Eden: 283648K(283648K)->0K(283648K) From: 64K(22528K)->64K(24064K)
[988.624s][info][gc,heap        ] GC(2707) ParOldGen: 610452K(610816K)->610468K(610816K)
[988.624s][info][gc,metaspace   ] GC(2707) Metaspace: 35682K(36416K)->35682K(36416K) NonClass: 29408K(29952K)->29408K(29952K) Class: 6273K(6464K)->6273K(6464K)
[988.624s][info][gc             ] GC(2707) Pause Young (Allocation Failure) 873M->596M(897M) 2.074ms
[988.624s][info][gc,cpu         ] GC(2707) User=0.00s Sys=0.00s Real=0.00s
[988.814s][info][gc,start       ] GC(2708) Pause Young (Allocation Failure)
[988.816s][info][gc,heap        ] GC(2708) PSYoungGen: 283712K(307712K)->64K(307200K) Eden: 283648K(283648K)->0K(286720K) From: 64K(24064K)->64K(20480K)
[988.816s][info][gc,heap        ] GC(2708) ParOldGen: 610468K(610816K)->610484K(610816K)
[988.816s][info][gc,metaspace   ] GC(2708) Metaspace: 35682K(36416K)->35682K(36416K) NonClass: 29408K(29952K)->29408K(29952K) Class: 6273K(6464K)->6273K(6464K)
[988.816s][info][gc             ] GC(2708) Pause Young (Allocation Failure) 873M->596M(896M) 2.035ms
[988.816s][info][gc,cpu         ] GC(2708) User=0.00s Sys=0.00s Real=0.00s
[989.008s][info][gc,start       ] GC(2709) Pause Young (Allocation Failure)
[989.010s][info][gc,heap        ] GC(2709) PSYoungGen: 286784K(307200K)->64K(308736K) Eden: 286720K(286720K)->0K(286720K) From: 64K(20480K)->64K(22016K)
[989.010s][info][gc,heap        ] GC(2709) ParOldGen: 610484K(610816K)->610484K(610816K)
[989.010s][info][gc,metaspace   ] GC(2709) Metaspace: 35682K(36416K)->35682K(36416K) NonClass: 29408K(29952K)->29408K(29952K) Class: 6273K(6464K)->6273K(6464K)
[989.010s][info][gc             ] GC(2709) Pause Young (Allocation Failure) 876M->596M(898M) 2.019ms
[989.010s][info][gc,cpu         ] GC(2709) User=0.01s Sys=0.00s Real=0.00s
[989.342s][info][gc,start       ] GC(2710) Pause Young (Allocation Failure)
[989.344s][info][gc,heap        ] GC(2710) PSYoungGen: 286784K(308736K)->64K(309248K) Eden: 286720K(286720K)->0K(290816K) From: 64K(22016K)->64K(18432K)
[989.344s][info][gc,heap        ] GC(2710) ParOldGen: 610484K(610816K)->610484K(610816K)
[989.344s][info][gc,metaspace   ] GC(2710) Metaspace: 35682K(36416K)->35682K(36416K) NonClass: 29408K(29952K)->29408K(29952K) Class: 6273K(6464K)->6273K(6464K)
[989.344s][info][gc             ] GC(2710) Pause Young (Allocation Failure) 876M->596M(898M) 2.118ms
[989.344s][info][gc,cpu         ] GC(2710) User=0.00s Sys=0.00s Real=0.00s
[989.461s][info][gc,start       ] GC(2711) Pause Young (Allocation Failure)
[989.463s][info][gc,heap        ] GC(2711) PSYoungGen: 290880K(309248K)->64K(310784K) Eden: 290816K(290816K)->0K(290816K) From: 64K(18432K)->64K(19968K)
[989.463s][info][gc,heap        ] GC(2711) ParOldGen: 610484K(610816K)->610492K(610816K)
[989.463s][info][gc,metaspace   ] GC(2711) Metaspace: 35682K(36416K)->35682K(36416K) NonClass: 29408K(29952K)->29408K(29952K) Class: 6273K(6464K)->6273K(6464K)
[989.463s][info][gc             ] GC(2711) Pause Young (Allocation Failure) 880M->596M(900M) 2.027ms
[989.463s][info][gc,cpu         ] GC(2711) User=0.01s Sys=0.00s Real=0.00s
[989.519s][info][gc,start       ] GC(2712) Pause Young (Allocation Failure)
[989.521s][info][gc,heap        ] GC(2712) PSYoungGen: 290880K(310784K)->64K(311296K) Eden: 290816K(290816K)->0K(294912K) From: 64K(19968K)->64K(16384K)
[989.521s][info][gc,heap        ] GC(2712) ParOldGen: 610492K(610816K)->610508K(610816K)
[989.521s][info][gc,metaspace   ] GC(2712) Metaspace: 35682K(36416K)->35682K(36416K) NonClass: 29408K(29952K)->29408K(29952K) Class: 6273K(6464K)->6273K(6464K)
[989.521s][info][gc             ] GC(2712) Pause Young (Allocation Failure) 880M->596M(900M) 2.050ms
[989.521s][info][gc,cpu         ] GC(2712) User=0.01s Sys=0.00s Real=0.00s
[989.645s][info][gc,start       ] GC(2713) Pause Young (Allocation Failure)
[989.647s][info][gc,heap        ] GC(2713) PSYoungGen: 294976K(311296K)->64K(312832K) Eden: 294912K(294912K)->0K(294912K) From: 64K(16384K)->64K(17920K)
[989.647s][info][gc,heap        ] GC(2713) ParOldGen: 610508K(610816K)->610508K(610816K)
[989.647s][info][gc,metaspace   ] GC(2713) Metaspace: 35682K(36416K)->35682K(36416K) NonClass: 29408K(29952K)->29408K(29952K) Class: 6273K(6464K)->6273K(6464K)
[989.647s][info][gc             ] GC(2713) Pause Young (Allocation Failure) 884M->596M(902M) 2.004ms
[989.647s][info][gc,cpu         ] GC(2713) User=0.00s Sys=0.00s Real=0.01s
[989.861s][info][gc,start       ] GC(2714) Pause Young (Allocation Failure)
[989.863s][info][gc,heap        ] GC(2714) PSYoungGen: 294976K(312832K)->64K(313344K) Eden: 294912K(294912K)->0K(299008K) From: 64K(17920K)->64K(14336K)
[989.863s][info][gc,heap        ] GC(2714) ParOldGen: 610508K(610816K)->610516K(610816K)
[989.863s][info][gc,metaspace   ] GC(2714) Metaspace: 35682K(36416K)->35682K(36416K) NonClass: 29408K(29952K)->29408K(29952K) Class: 6273K(6464K)->6273K(6464K)
[989.863s][info][gc             ] GC(2714) Pause Young (Allocation Failure) 884M->596M(902M) 2.049ms
[989.863s][info][gc,cpu         ] GC(2714) User=0.00s Sys=0.00s Real=0.00s
[990.024s][info][gc,start       ] GC(2715) Pause Young (Allocation Failure)
[990.026s][info][gc,heap        ] GC(2715) PSYoungGen: 299072K(313344K)->64K(314880K) Eden: 299008K(299008K)->0K(299008K) From: 64K(14336K)->64K(15872K)
[990.026s][info][gc,heap        ] GC(2715) ParOldGen: 610516K(610816K)->610524K(610816K)
[990.026s][info][gc,metaspace   ] GC(2715) Metaspace: 35682K(36416K)->35682K(36416K) NonClass: 29408K(29952K)->29408K(29952K) Class: 6273K(6464K)->6273K(6464K)
[990.026s][info][gc             ] GC(2715) Pause Young (Allocation Failure) 888M->596M(904M) 2.080ms
[990.026s][info][gc,cpu         ] GC(2715) User=0.00s Sys=0.00s Real=0.00s
[990.106s][info][gc,start       ] GC(2716) Pause Young (Allocation Failure)
[990.108s][info][gc,heap        ] GC(2716) PSYoungGen: 299072K(314880K)->64K(316416K) Eden: 299008K(299008K)->0K(303104K) From: 64K(15872K)->64K(13312K)
[990.108s][info][gc,heap        ] GC(2716) ParOldGen: 610524K(610816K)->610540K(610816K)
[990.108s][info][gc,metaspace   ] GC(2716) Metaspace: 35682K(36416K)->35682K(36416K) NonClass: 29408K(29952K)->29408K(29952K) Class: 6273K(6464K)->6273K(6464K)
[990.108s][info][gc             ] GC(2716) Pause Young (Allocation Failure) 888M->596M(905M) 2.060ms
[990.108s][info][gc,cpu         ] GC(2716) User=0.01s Sys=0.00s Real=0.01s
[990.262s][info][gc,start       ] GC(2717) Pause Young (Allocation Failure)
[990.264s][info][gc,heap        ] GC(2717) PSYoungGen: 303168K(316416K)->64K(317440K) Eden: 303104K(303104K)->0K(303104K) From: 64K(13312K)->64K(14336K)
[990.264s][info][gc,heap        ] GC(2717) ParOldGen: 610540K(610816K)->610540K(610816K)
[990.264s][info][gc,metaspace   ] GC(2717) Metaspace: 35682K(36416K)->35682K(36416K) NonClass: 29408K(29952K)->29408K(29952K) Class: 6273K(6464K)->6273K(6464K)
[990.264s][info][gc             ] GC(2717) Pause Young (Allocation Failure) 892M->596M(906M) 2.032ms
[990.264s][info][gc,cpu         ] GC(2717) User=0.00s Sys=0.00s Real=0.00s
[991.260s][info][gc,start       ] GC(2718) Pause Young (Allocation Failure)
[991.262s][info][gc,heap        ] GC(2718) PSYoungGen: 303168K(317440K)->64K(317440K) Eden: 303104K(303104K)->0K(306176K) From: 64K(14336K)->64K(11264K)
[991.262s][info][gc,heap        ] GC(2718) ParOldGen: 610540K(610816K)->610548K(610816K)
[991.262s][info][gc,metaspace   ] GC(2718) Metaspace: 35682K(36416K)->35682K(36416K) NonClass: 29408K(29952K)->29408K(29952K) Class: 6273K(6464K)->6273K(6464K)
[991.262s][info][gc             ] GC(2718) Pause Young (Allocation Failure) 892M->596M(906M) 2.023ms
[991.262s][info][gc,cpu         ] GC(2718) User=0.01s Sys=0.00s Real=0.00s
[992.139s][info][gc,start       ] GC(2719) Pause Young (Allocation Failure)
[992.141s][info][gc,heap        ] GC(2719) PSYoungGen: 306240K(317440K)->64K(318464K) Eden: 306176K(306176K)->0K(306176K) From: 64K(11264K)->64K(12288K)
[992.141s][info][gc,heap        ] GC(2719) ParOldGen: 610548K(610816K)->610556K(610816K)
[992.141s][info][gc,metaspace   ] GC(2719) Metaspace: 35682K(36416K)->35682K(36416K) NonClass: 29408K(29952K)->29408K(29952K) Class: 6273K(6464K)->6273K(6464K)
[992.141s][info][gc             ] GC(2719) Pause Young (Allocation Failure) 895M->596M(907M) 2.086ms
[992.141s][info][gc,cpu         ] GC(2719) User=0.00s Sys=0.00s Real=0.00s
[992.387s][info][gc,start       ] GC(2720) Pause Young (Allocation Failure)
[992.390s][info][gc,heap        ] GC(2720) PSYoungGen: 306240K(318464K)->64K(318976K) Eden: 306176K(306176K)->0K(309760K) From: 64K(12288K)->64K(9216K)
[992.390s][info][gc,heap        ] GC(2720) ParOldGen: 610556K(610816K)->610564K(610816K)
[992.390s][info][gc,metaspace   ] GC(2720) Metaspace: 35682K(36416K)->35682K(36416K) NonClass: 29408K(29952K)->29408K(29952K) Class: 6273K(6464K)->6273K(6464K)
[992.390s][info][gc             ] GC(2720) Pause Young (Allocation Failure) 895M->596M(908M) 2.221ms
[992.390s][info][gc,cpu         ] GC(2720) User=0.00s Sys=0.00s Real=0.00s
[992.899s][info][gc,start       ] GC(2721) Pause Young (Allocation Failure)
[992.901s][info][gc,heap        ] GC(2721) PSYoungGen: 309824K(318976K)->64K(297984K) Eden: 309760K(309760K)->0K(297472K) From: 64K(9216K)->64K(512K)
[992.901s][info][gc,heap        ] GC(2721) ParOldGen: 610564K(610816K)->610572K(610816K)
[992.901s][info][gc,metaspace   ] GC(2721) Metaspace: 35682K(36416K)->35682K(36416K) NonClass: 29408K(29952K)->29408K(29952K) Class: 6273K(6464K)->6273K(6464K)
[992.901s][info][gc             ] GC(2721) Pause Young (Allocation Failure) 898M->596M(887M) 2.083ms
[992.901s][info][gc,cpu         ] GC(2721) User=0.00s Sys=0.00s Real=0.00s
[993.900s][info][gc,start       ] GC(2722) Pause Young (Allocation Failure)
[993.903s][info][gc,heap        ] GC(2722) PSYoungGen: 297536K(297984K)->64K(286208K) Eden: 297472K(297472K)->0K(285696K) From: 64K(512K)->64K(512K)
[993.903s][info][gc,heap        ] GC(2722) ParOldGen: 610572K(610816K)->610580K(610816K)
[993.903s][info][gc,metaspace   ] GC(2722) Metaspace: 35682K(36416K)->35682K(36416K) NonClass: 29408K(29952K)->29408K(29952K) Class: 6273K(6464K)->6273K(6464K)
[993.903s][info][gc             ] GC(2722) Pause Young (Allocation Failure) 886M->596M(876M) 2.756ms
[993.903s][info][gc,cpu         ] GC(2722) User=0.01s Sys=0.01s Real=0.00s
[994.286s][info][gc,start       ] GC(2723) Pause Young (Allocation Failure)
[994.287s][info][gc,heap        ] GC(2723) PSYoungGen: 285760K(286208K)->64K(283648K) Eden: 285696K(285696K)->0K(274432K) From: 64K(512K)->64K(9216K)
[994.287s][info][gc,heap        ] GC(2723) ParOldGen: 610580K(610816K)->610588K(610816K)
[994.287s][info][gc,metaspace   ] GC(2723) Metaspace: 35682K(36416K)->35682K(36416K) NonClass: 29408K(29952K)->29408K(29952K) Class: 6273K(6464K)->6273K(6464K)
[994.288s][info][gc             ] GC(2723) Pause Young (Allocation Failure) 875M->596M(873M) 1.998ms
[994.288s][info][gc,cpu         ] GC(2723) User=0.00s Sys=0.00s Real=0.01s
[994.395s][info][gc,start       ] GC(2724) Pause Young (Allocation Failure)
[994.398s][info][gc,heap        ] GC(2724) PSYoungGen: 274496K(283648K)->64K(264192K) Eden: 274432K(274432K)->0K(263680K) From: 64K(9216K)->64K(512K)
[994.398s][info][gc,heap        ] GC(2724) ParOldGen: 610588K(610816K)->610596K(610816K)
[994.398s][info][gc,metaspace   ] GC(2724) Metaspace: 35682K(36416K)->35682K(36416K) NonClass: 29408K(29952K)->29408K(29952K) Class: 6273K(6464K)->6273K(6464K)
[994.398s][info][gc             ] GC(2724) Pause Young (Allocation Failure) 864M->596M(854M) 2.576ms
[994.398s][info][gc,cpu         ] GC(2724) User=0.00s Sys=0.00s Real=0.01s
[994.883s][info][gc,start       ] GC(2725) Pause Young (Allocation Failure)
[994.885s][info][gc,heap        ] GC(2725) PSYoungGen: 263744K(264192K)->64K(261632K) Eden: 263680K(263680K)->0K(253440K) From: 64K(512K)->64K(8192K)
[994.885s][info][gc,heap        ] GC(2725) ParOldGen: 610596K(610816K)->610604K(610816K)
[994.885s][info][gc,metaspace   ] GC(2725) Metaspace: 35682K(36416K)->35682K(36416K) NonClass: 29408K(29952K)->29408K(29952K) Class: 6273K(6464K)->6273K(6464K)
[994.885s][info][gc             ] GC(2725) Pause Young (Allocation Failure) 853M->596M(852M) 2.198ms
[994.885s][info][gc,cpu         ] GC(2725) User=0.01s Sys=0.00s Real=0.00s
[995.204s][info][gc,start       ] GC(2726) Pause Young (Allocation Failure)
[995.206s][info][gc,heap        ] GC(2726) PSYoungGen: 253504K(261632K)->64K(244224K) Eden: 253440K(253440K)->0K(243712K) From: 64K(8192K)->64K(512K)
[995.206s][info][gc,heap        ] GC(2726) ParOldGen: 610604K(610816K)->610612K(610816K)
[995.206s][info][gc,metaspace   ] GC(2726) Metaspace: 35682K(36416K)->35682K(36416K) NonClass: 29408K(29952K)->29408K(29952K) Class: 6273K(6464K)->6273K(6464K)
[995.206s][info][gc             ] GC(2726) Pause Young (Allocation Failure) 843M->596M(835M) 2.534ms
[995.206s][info][gc,cpu         ] GC(2726) User=0.01s Sys=0.00s Real=0.00s
[995.593s][info][gc,start       ] GC(2727) Pause Young (Allocation Failure)
[995.612s][info][gc,heap        ] GC(2727) PSYoungGen: 243776K(244224K)->7168K(290304K) Eden: 243712K(243712K)->0K(283136K) From: 64K(512K)->7168K(7168K)
[995.612s][info][gc,heap        ] GC(2727) ParOldGen: 610612K(610816K)->614364K(614400K)
[995.612s][info][gc,metaspace   ] GC(2727) Metaspace: 35682K(36416K)->35682K(36416K) NonClass: 29408K(29952K)->29408K(29952K) Class: 6273K(6464K)->6273K(6464K)
[995.612s][info][gc             ] GC(2727) Pause Young (Allocation Failure) 834M->606M(883M) 19.678ms
[995.612s][info][gc,cpu         ] GC(2727) User=0.04s Sys=0.00s Real=0.02s
[995.926s][info][gc,start       ] GC(2728) Pause Young (Allocation Failure)
[995.992s][info][gc,heap        ] GC(2728) PSYoungGen: 290304K(290304K)->10240K(290816K) Eden: 283136K(283136K)->0K(280576K) From: 7168K(7168K)->10240K(10240K)
[995.992s][info][gc,heap        ] GC(2728) ParOldGen: 614364K(614400K)->634140K(634368K)
[995.992s][info][gc,metaspace   ] GC(2728) Metaspace: 35682K(36416K)->35682K(36416K) NonClass: 29408K(29952K)->29408K(29952K) Class: 6273K(6464K)->6273K(6464K)
[995.992s][info][gc             ] GC(2728) Pause Young (Allocation Failure) 883M->629M(903M) 65.849ms
[995.992s][info][gc,cpu         ] GC(2728) User=0.10s Sys=0.03s Real=0.07s
[996.290s][info][gc,start       ] GC(2729) Pause Young (Allocation Failure)
[996.346s][info][gc,heap        ] GC(2729) PSYoungGen: 290816K(290816K)->19968K(300544K) Eden: 280576K(280576K)->0K(280576K) From: 10240K(10240K)->19968K(19968K)
[996.346s][info][gc,heap        ] GC(2729) ParOldGen: 634140K(634368K)->643068K(643072K)
[996.346s][info][gc,metaspace   ] GC(2729) Metaspace: 35682K(36416K)->35682K(36416K) NonClass: 29408K(29952K)->29408K(29952K) Class: 6273K(6464K)->6273K(6464K)
[996.346s][info][gc             ] GC(2729) Pause Young (Allocation Failure) 903M->647M(921M) 56.102ms
[996.346s][info][gc,cpu         ] GC(2729) User=0.10s Sys=0.00s Real=0.05s
[996.434s][info][gc,start       ] GC(2730) Pause Young (Allocation Failure)
[996.438s][info][gc,heap        ] GC(2730) PSYoungGen: 300544K(300544K)->64K(307200K) Eden: 280576K(280576K)->0K(280064K) From: 19968K(19968K)->64K(27136K)
[996.438s][info][gc,heap        ] GC(2730) ParOldGen: 643068K(643072K)->643380K(643584K)
[996.438s][info][gc,metaspace   ] GC(2730) Metaspace: 35682K(36416K)->35682K(36416K) NonClass: 29408K(29952K)->29408K(29952K) Class: 6273K(6464K)->6273K(6464K)
[996.438s][info][gc             ] GC(2730) Pause Young (Allocation Failure) 921M->628M(928M) 4.682ms
[996.438s][info][gc,cpu         ] GC(2730) User=0.00s Sys=0.01s Real=0.01s
[997.062s][info][gc,start       ] GC(2731) Pause Young (Allocation Failure)
[997.064s][info][gc,heap        ] GC(2731) PSYoungGen: 280128K(307200K)->64K(280576K) Eden: 280064K(280064K)->0K(280064K) From: 64K(27136K)->64K(512K)
[997.064s][info][gc,heap        ] GC(2731) ParOldGen: 643380K(643584K)->643388K(643584K)
[997.064s][info][gc,metaspace   ] GC(2731) Metaspace: 35682K(36416K)->35682K(36416K) NonClass: 29408K(29952K)->29408K(29952K) Class: 6273K(6464K)->6273K(6464K)
[997.064s][info][gc             ] GC(2731) Pause Young (Allocation Failure) 901M->628M(902M) 2.142ms
[997.064s][info][gc,cpu         ] GC(2731) User=0.01s Sys=0.00s Real=0.00s
[997.487s][info][gc,start       ] GC(2732) Pause Young (Allocation Failure)
[997.489s][info][gc,heap        ] GC(2732) PSYoungGen: 280128K(280576K)->64K(306688K) Eden: 280064K(280064K)->0K(281088K) From: 64K(512K)->64K(25600K)
[997.489s][info][gc,heap        ] GC(2732) ParOldGen: 643388K(643584K)->643396K(643584K)
[997.489s][info][gc,metaspace   ] GC(2732) Metaspace: 35682K(36416K)->35682K(36416K) NonClass: 29408K(29952K)->29408K(29952K) Class: 6273K(6464K)->6273K(6464K)
[997.489s][info][gc             ] GC(2732) Pause Young (Allocation Failure) 901M->628M(928M) 2.130ms
[997.489s][info][gc,cpu         ] GC(2732) User=0.00s Sys=0.00s Real=0.01s
[997.916s][info][gc,start       ] GC(2733) Pause Young (Allocation Failure)
[997.918s][info][gc,heap        ] GC(2733) PSYoungGen: 281152K(306688K)->64K(305664K) Eden: 281088K(281088K)->0K(281088K) From: 64K(25600K)->64K(24576K)
[997.918s][info][gc,heap        ] GC(2733) ParOldGen: 643396K(643584K)->643412K(643584K)
[997.918s][info][gc,metaspace   ] GC(2733) Metaspace: 35682K(36416K)->35682K(36416K) NonClass: 29408K(29952K)->29408K(29952K) Class: 6273K(6464K)->6273K(6464K)
[997.918s][info][gc             ] GC(2733) Pause Young (Allocation Failure) 902M->628M(927M) 2.130ms
[997.919s][info][gc,cpu         ] GC(2733) User=0.00s Sys=0.00s Real=0.01s
[998.107s][info][gc,start       ] GC(2734) Pause Young (Allocation Failure)
[998.109s][info][gc,heap        ] GC(2734) PSYoungGen: 281152K(305664K)->32K(308224K) Eden: 281088K(281088K)->0K(284672K) From: 64K(24576K)->32K(23552K)
[998.109s][info][gc,heap        ] GC(2734) ParOldGen: 643412K(643584K)->643428K(643584K)
[998.109s][info][gc,metaspace   ] GC(2734) Metaspace: 35682K(36416K)->35682K(36416K) NonClass: 29408K(29952K)->29408K(29952K) Class: 6273K(6464K)->6273K(6464K)
[998.109s][info][gc             ] GC(2734) Pause Young (Allocation Failure) 902M->628M(929M) 2.081ms
[998.109s][info][gc,cpu         ] GC(2734) User=0.00s Sys=0.00s Real=0.00s
[998.300s][info][gc,start       ] GC(2735) Pause Young (Allocation Failure)
[998.302s][info][gc,heap        ] GC(2735) PSYoungGen: 284704K(308224K)->64K(307200K) Eden: 284672K(284672K)->0K(284672K) From: 32K(23552K)->64K(22528K)
[998.302s][info][gc,heap        ] GC(2735) ParOldGen: 643428K(643584K)->643428K(643584K)
[998.302s][info][gc,metaspace   ] GC(2735) Metaspace: 35682K(36416K)->35682K(36416K) NonClass: 29408K(29952K)->29408K(29952K) Class: 6273K(6464K)->6273K(6464K)
[998.302s][info][gc             ] GC(2735) Pause Young (Allocation Failure) 906M->628M(928M) 2.041ms
[998.302s][info][gc,cpu         ] GC(2735) User=0.01s Sys=0.00s Real=0.00s
[998.653s][info][gc,start       ] GC(2736) Pause Young (Allocation Failure)
[998.655s][info][gc,heap        ] GC(2736) PSYoungGen: 284736K(307200K)->64K(310272K) Eden: 284672K(284672K)->0K(288768K) From: 64K(22528K)->64K(21504K)
[998.655s][info][gc,heap        ] GC(2736) ParOldGen: 643428K(643584K)->643428K(643584K)
[998.655s][info][gc,metaspace   ] GC(2736) Metaspace: 35682K(36416K)->35682K(36416K) NonClass: 29408K(29952K)->29408K(29952K) Class: 6273K(6464K)->6273K(6464K)
[998.655s][info][gc             ] GC(2736) Pause Young (Allocation Failure) 906M->628M(931M) 2.078ms
[998.655s][info][gc,cpu         ] GC(2736) User=0.00s Sys=0.00s Real=0.00s
[998.708s][info][gc,start       ] GC(2737) Pause Young (Allocation Failure)
[998.710s][info][gc,heap        ] GC(2737) PSYoungGen: 288832K(310272K)->64K(309248K) Eden: 288768K(288768K)->0K(288768K) From: 64K(21504K)->64K(20480K)
[998.710s][info][gc,heap        ] GC(2737) ParOldGen: 643428K(643584K)->643444K(643584K)
[998.710s][info][gc,metaspace   ] GC(2737) Metaspace: 35682K(36416K)->35682K(36416K) NonClass: 29408K(29952K)->29408K(29952K) Class: 6273K(6464K)->6273K(6464K)
[998.710s][info][gc             ] GC(2737) Pause Young (Allocation Failure) 910M->628M(930M) 2.065ms
[998.710s][info][gc,cpu         ] GC(2737) User=0.00s Sys=0.00s Real=0.00s
[998.762s][info][gc,start       ] GC(2738) Pause Young (Allocation Failure)
[998.764s][info][gc,heap        ] GC(2738) PSYoungGen: 288832K(309248K)->64K(311808K) Eden: 288768K(288768K)->0K(292864K) From: 64K(20480K)->64K(18944K)
[998.764s][info][gc,heap        ] GC(2738) ParOldGen: 643444K(643584K)->643444K(643584K)
[998.764s][info][gc,metaspace   ] GC(2738) Metaspace: 35682K(36416K)->35682K(36416K) NonClass: 29408K(29952K)->29408K(29952K) Class: 6273K(6464K)->6273K(6464K)
[998.764s][info][gc             ] GC(2738) Pause Young (Allocation Failure) 910M->628M(933M) 2.006ms
[998.764s][info][gc,cpu         ] GC(2738) User=0.00s Sys=0.00s Real=0.00s
[998.932s][info][gc,start       ] GC(2739) Pause Young (Allocation Failure)
[998.934s][info][gc,heap        ] GC(2739) PSYoungGen: 292928K(311808K)->64K(310784K) Eden: 292864K(292864K)->0K(292864K) From: 64K(18944K)->64K(17920K)
[998.934s][info][gc,heap        ] GC(2739) ParOldGen: 643444K(643584K)->643444K(643584K)
[998.934s][info][gc,metaspace   ] GC(2739) Metaspace: 35682K(36416K)->35682K(36416K) NonClass: 29408K(29952K)->29408K(29952K) Class: 6273K(6464K)->6273K(6464K)
[998.934s][info][gc             ] GC(2739) Pause Young (Allocation Failure) 914M->628M(932M) 2.073ms
[998.934s][info][gc,cpu         ] GC(2739) User=0.00s Sys=0.00s Real=0.00s
[999.149s][info][gc,start       ] GC(2740) Pause Young (Allocation Failure)
[999.151s][info][gc,heap        ] GC(2740) PSYoungGen: 292928K(310784K)->64K(314880K) Eden: 292864K(292864K)->0K(297984K) From: 64K(17920K)->64K(16896K)
[999.151s][info][gc,heap        ] GC(2740) ParOldGen: 643444K(643584K)->643452K(643584K)
[999.151s][info][gc,metaspace   ] GC(2740) Metaspace: 35682K(36416K)->35682K(36416K) NonClass: 29408K(29952K)->29408K(29952K) Class: 6273K(6464K)->6273K(6464K)
[999.151s][info][gc             ] GC(2740) Pause Young (Allocation Failure) 914M->628M(936M) 2.271ms
[999.151s][info][gc,cpu         ] GC(2740) User=0.01s Sys=0.00s Real=0.00s
[999.312s][info][gc,start       ] GC(2741) Pause Young (Allocation Failure)
[999.314s][info][gc,heap        ] GC(2741) PSYoungGen: 298048K(314880K)->64K(313856K) Eden: 297984K(297984K)->0K(297984K) From: 64K(16896K)->64K(15872K)
[999.314s][info][gc,heap        ] GC(2741) ParOldGen: 643452K(643584K)->643460K(643584K)
[999.314s][info][gc,metaspace   ] GC(2741) Metaspace: 35682K(36416K)->35682K(36416K) NonClass: 29408K(29952K)->29408K(29952K) Class: 6273K(6464K)->6273K(6464K)
[999.314s][info][gc             ] GC(2741) Pause Young (Allocation Failure) 919M->628M(935M) 2.290ms
[999.314s][info][gc,cpu         ] GC(2741) User=0.00s Sys=0.00s Real=0.00s
[999.403s][info][gc,start       ] GC(2742) Pause Young (Allocation Failure)
[999.405s][info][gc,heap        ] GC(2742) PSYoungGen: 298048K(313856K)->64K(316928K) Eden: 297984K(297984K)->0K(302080K) From: 64K(15872K)->64K(14848K)
[999.405s][info][gc,heap        ] GC(2742) ParOldGen: 643460K(643584K)->643468K(643584K)
[999.405s][info][gc,metaspace   ] GC(2742) Metaspace: 35682K(36416K)->35682K(36416K) NonClass: 29408K(29952K)->29408K(29952K) Class: 6273K(6464K)->6273K(6464K)
[999.405s][info][gc             ] GC(2742) Pause Young (Allocation Failure) 919M->628M(938M) 2.101ms
[999.405s][info][gc,cpu         ] GC(2742) User=0.00s Sys=0.00s Real=0.00s
[999.580s][info][gc,start       ] GC(2743) Pause Young (Allocation Failure)
[999.582s][info][gc,heap        ] GC(2743) PSYoungGen: 302144K(316928K)->64K(315904K) Eden: 302080K(302080K)->0K(302080K) From: 64K(14848K)->64K(13824K)
[999.582s][info][gc,heap        ] GC(2743) ParOldGen: 643468K(643584K)->643476K(643584K)
[999.582s][info][gc,metaspace   ] GC(2743) Metaspace: 35682K(36416K)->35682K(36416K) NonClass: 29408K(29952K)->29408K(29952K) Class: 6273K(6464K)->6273K(6464K)
[999.582s][info][gc             ] GC(2743) Pause Young (Allocation Failure) 923M->628M(937M) 2.073ms
[999.582s][info][gc,cpu         ] GC(2743) User=0.01s Sys=0.00s Real=0.00s
[1000.531s][info][gc,start       ] GC(2744) Pause Young (Allocation Failure)
[1000.534s][info][gc,heap        ] GC(2744) PSYoungGen: 302144K(315904K)->64K(318976K) Eden: 302080K(302080K)->0K(306176K) From: 64K(13824K)->64K(12800K)
[1000.534s][info][gc,heap        ] GC(2744) ParOldGen: 643476K(643584K)->643484K(643584K)
[1000.534s][info][gc,metaspace   ] GC(2744) Metaspace: 35682K(36416K)->35682K(36416K) NonClass: 29408K(29952K)->29408K(29952K) Class: 6273K(6464K)->6273K(6464K)
[1000.534s][info][gc             ] GC(2744) Pause Young (Allocation Failure) 923M->628M(940M) 2.172ms
[1000.534s][info][gc,cpu         ] GC(2744) User=0.01s Sys=0.00s Real=0.00s
[1001.426s][info][gc,start       ] GC(2745) Pause Young (Allocation Failure)
[1001.428s][info][gc,heap        ] GC(2745) PSYoungGen: 306240K(318976K)->64K(318464K) Eden: 306176K(306176K)->0K(306176K) From: 64K(12800K)->64K(12288K)
[1001.428s][info][gc,heap        ] GC(2745) ParOldGen: 643484K(643584K)->643492K(643584K)
[1001.428s][info][gc,metaspace   ] GC(2745) Metaspace: 35682K(36416K)->35682K(36416K) NonClass: 29408K(29952K)->29408K(29952K) Class: 6273K(6464K)->6273K(6464K)
[1001.428s][info][gc             ] GC(2745) Pause Young (Allocation Failure) 927M->628M(939M) 2.047ms
[1001.428s][info][gc,cpu         ] GC(2745) User=0.00s Sys=0.00s Real=0.01s
[1001.790s][info][gc,start       ] GC(2746) Pause Young (Allocation Failure)
[1001.792s][info][gc,heap        ] GC(2746) PSYoungGen: 306240K(318464K)->64K(294400K) Eden: 306176K(306176K)->0K(293888K) From: 64K(12288K)->64K(512K)
[1001.792s][info][gc,heap        ] GC(2746) ParOldGen: 643492K(643584K)->643500K(643584K)
[1001.792s][info][gc,metaspace   ] GC(2746) Metaspace: 35682K(36416K)->35682K(36416K) NonClass: 29408K(29952K)->29408K(29952K) Class: 6273K(6464K)->6273K(6464K)
[1001.792s][info][gc             ] GC(2746) Pause Young (Allocation Failure) 927M->628M(916M) 2.122ms
[1001.792s][info][gc,cpu         ] GC(2746) User=0.00s Sys=0.00s Real=0.00s
[1002.196s][info][gc,start       ] GC(2747) Pause Young (Allocation Failure)
[1002.198s][info][gc,heap        ] GC(2747) PSYoungGen: 293952K(294400K)->64K(292864K) Eden: 293888K(293888K)->0K(282112K) From: 64K(512K)->64K(10752K)
[1002.198s][info][gc,heap        ] GC(2747) ParOldGen: 643500K(643584K)->643508K(643584K)
[1002.198s][info][gc,metaspace   ] GC(2747) Metaspace: 35682K(36416K)->35682K(36416K) NonClass: 29408K(29952K)->29408K(29952K) Class: 6273K(6464K)->6273K(6464K)
[1002.198s][info][gc             ] GC(2747) Pause Young (Allocation Failure) 915M->628M(914M) 2.159ms
[1002.198s][info][gc,cpu         ] GC(2747) User=0.01s Sys=0.00s Real=0.01s
[1003.168s][info][gc,start       ] GC(2748) Pause Young (Allocation Failure)
[1003.171s][info][gc,heap        ] GC(2748) PSYoungGen: 282176K(292864K)->64K(271360K) Eden: 282112K(282112K)->0K(270848K) From: 64K(10752K)->64K(512K)
[1003.171s][info][gc,heap        ] GC(2748) ParOldGen: 643508K(643584K)->643516K(643584K)
[1003.171s][info][gc,metaspace   ] GC(2748) Metaspace: 35682K(36416K)->35682K(36416K) NonClass: 29408K(29952K)->29408K(29952K) Class: 6273K(6464K)->6273K(6464K)
[1003.171s][info][gc             ] GC(2748) Pause Young (Allocation Failure) 903M->628M(893M) 2.257ms
[1003.171s][info][gc,cpu         ] GC(2748) User=0.00s Sys=0.01s Real=0.00s
[1003.568s][info][gc,start       ] GC(2749) Pause Young (Allocation Failure)
[1003.571s][info][gc,heap        ] GC(2749) PSYoungGen: 270912K(271360K)->64K(269312K) Eden: 270848K(270848K)->0K(260096K) From: 64K(512K)->64K(9216K)
[1003.571s][info][gc,heap        ] GC(2749) ParOldGen: 643516K(643584K)->643524K(643584K)
[1003.571s][info][gc,metaspace   ] GC(2749) Metaspace: 35682K(36416K)->35682K(36416K) NonClass: 29408K(29952K)->29408K(29952K) Class: 6273K(6464K)->6273K(6464K)
[1003.571s][info][gc             ] GC(2749) Pause Young (Allocation Failure) 892M->628M(891M) 2.142ms
[1003.571s][info][gc,cpu         ] GC(2749) User=0.01s Sys=0.00s Real=0.00s
[1003.634s][info][gc,start       ] GC(2750) Pause Young (Allocation Failure)
[1003.637s][info][gc,heap        ] GC(2750) PSYoungGen: 260160K(269312K)->32K(302592K) Eden: 260096K(260096K)->0K(293888K) From: 64K(9216K)->32K(8704K)
[1003.637s][info][gc,heap        ] GC(2750) ParOldGen: 643524K(643584K)->643540K(643584K)
[1003.637s][info][gc,metaspace   ] GC(2750) Metaspace: 35682K(36416K)->35682K(36416K) NonClass: 29408K(29952K)->29408K(29952K) Class: 6273K(6464K)->6273K(6464K)
[1003.637s][info][gc             ] GC(2750) Pause Young (Allocation Failure) 882M->628M(924M) 3.050ms
[1003.637s][info][gc,cpu         ] GC(2750) User=0.00s Sys=0.00s Real=0.01s
[1004.243s][info][gc,start       ] GC(2751) Pause Young (Allocation Failure)
[1004.246s][info][gc,heap        ] GC(2751) PSYoungGen: 293920K(302592K)->64K(302080K) Eden: 293888K(293888K)->0K(293888K) From: 32K(8704K)->64K(8192K)
[1004.246s][info][gc,heap        ] GC(2751) ParOldGen: 643540K(643584K)->643540K(643584K)
[1004.246s][info][gc,metaspace   ] GC(2751) Metaspace: 35682K(36416K)->35682K(36416K) NonClass: 29408K(29952K)->29408K(29952K) Class: 6273K(6464K)->6273K(6464K)
[1004.246s][info][gc             ] GC(2751) Pause Young (Allocation Failure) 915M->628M(923M) 2.758ms
[1004.246s][info][gc,cpu         ] GC(2751) User=0.00s Sys=0.00s Real=0.00s
[1004.587s][info][gc,start       ] GC(2752) Pause Young (Allocation Failure)
[1004.590s][info][gc,heap        ] GC(2752) PSYoungGen: 293952K(302080K)->64K(325120K) Eden: 293888K(293888K)->0K(317440K) From: 64K(8192K)->64K(7680K)
[1004.590s][info][gc,heap        ] GC(2752) ParOldGen: 643540K(643584K)->643548K(643584K)
[1004.590s][info][gc,metaspace   ] GC(2752) Metaspace: 35682K(36416K)->35682K(36416K) NonClass: 29408K(29952K)->29408K(29952K) Class: 6273K(6464K)->6273K(6464K)
[1004.590s][info][gc             ] GC(2752) Pause Young (Allocation Failure) 915M->628M(946M) 3.112ms
[1004.590s][info][gc,cpu         ] GC(2752) User=0.00s Sys=0.00s Real=0.01s
[1005.009s][info][gc,start       ] GC(2753) Pause Young (Allocation Failure)
[1005.071s][info][gc,heap        ] GC(2753) PSYoungGen: 317504K(325120K)->7168K(324608K) Eden: 317440K(317440K)->0K(317440K) From: 64K(7680K)->7168K(7168K)
[1005.071s][info][gc,heap        ] GC(2753) ParOldGen: 643548K(643584K)->664268K(664576K)
[1005.071s][info][gc,metaspace   ] GC(2753) Metaspace: 35682K(36416K)->35682K(36416K) NonClass: 29409K(29952K)->29409K(29952K) Class: 6273K(6464K)->6273K(6464K)
[1005.071s][info][gc             ] GC(2753) Pause Young (Allocation Failure) 938M->655M(966M) 62.039ms
[1005.071s][info][gc,cpu         ] GC(2753) User=0.11s Sys=0.02s Real=0.06s
[1005.423s][info][gc,start       ] GC(2754) Pause Full (Allocation Failure)
[1005.423s][info][gc,phases,start] GC(2754) Marking Phase
[1005.524s][info][gc,phases      ] GC(2754) Marking Phase 100.408ms
[1005.524s][info][gc,phases,start] GC(2754) Summary Phase
[1005.524s][info][gc,phases      ] GC(2754) Summary Phase 0.029ms
[1005.524s][info][gc,phases,start] GC(2754) Forward
[1005.556s][info][gc,phases      ] GC(2754) Forward 32.338ms
[1005.556s][info][gc,phases,start] GC(2754) Adjust Pointers
[1005.611s][info][gc,phases      ] GC(2754) Adjust Pointers 54.733ms
[1005.611s][info][gc,phases,start] GC(2754) Compaction Phase
[1005.644s][info][gc,phases      ] GC(2754) Compaction Phase 32.563ms
[1005.644s][info][gc,phases,start] GC(2754) Post Compact
[1005.647s][info][metaspace      ] ChkMgr @0x00007f4b9003aa80 (non-class-space): : reclaiming memory...
[1005.647s][info][metaspace      ] ChkMgr @0x00007f4b9003aa80 (non-class-space): nothing reclaimed.
[1005.647s][info][metaspace      ] ChkMgr @0x00007f4b9003a890 (class-space): : reclaiming memory...
[1005.647s][info][metaspace      ] ChkMgr @0x00007f4b9003a890 (class-space): nothing reclaimed.
[1005.647s][info][gc,phases      ] GC(2754) Post Compact 3.024ms
[1005.686s][info][gc,heap        ] GC(2754) PSYoungGen: 324608K(324608K)->0K(310272K) Eden: 317440K(317440K)->0K(301056K) From: 7168K(7168K)->0K(9216K)
[1005.686s][info][gc,heap        ] GC(2754) ParOldGen: 664268K(664576K)->90563K(175104K)
[1005.686s][info][gc,metaspace   ] GC(2754) Metaspace: 35682K(36416K)->35556K(36416K) NonClass: 29409K(29952K)->29283K(29952K) Class: 6273K(6464K)->6272K(6464K)
[1005.686s][info][gc             ] GC(2754) Pause Full (Allocation Failure) 965M->88M(474M) 262.899ms
[1005.686s][info][gc,cpu         ] GC(2754) User=0.41s Sys=0.04s Real=0.26s
[1005.834s][info][gc,start       ] GC(2755) Pause Young (Allocation Failure)
[1005.853s][info][gc,heap        ] GC(2755) PSYoungGen: 301056K(310272K)->7616K(308736K) Eden: 301056K(301056K)->0K(301056K) From: 0K(9216K)->7616K(7680K)
[1005.854s][info][gc,heap        ] GC(2755) ParOldGen: 90563K(175104K)->90563K(175104K)
[1005.854s][info][gc,metaspace   ] GC(2755) Metaspace: 35556K(36416K)->35556K(36416K) NonClass: 29283K(29952K)->29283K(29952K) Class: 6272K(6464K)->6272K(6464K)
[1005.854s][info][gc             ] GC(2755) Pause Young (Allocation Failure) 382M->95M(472M) 19.833ms
[1005.854s][info][gc,cpu         ] GC(2755) User=0.03s Sys=0.00s Real=0.02s
[1006.403s][info][gc,start       ] GC(2756) Pause Young (Allocation Failure)
[1006.404s][info][gc,heap        ] GC(2756) PSYoungGen: 308672K(308736K)->64K(317952K) Eden: 301056K(301056K)->0K(301056K) From: 7616K(7680K)->64K(16896K)
[1006.404s][info][gc,heap        ] GC(2756) ParOldGen: 90563K(175104K)->90571K(175104K)
[1006.404s][info][gc,metaspace   ] GC(2756) Metaspace: 35556K(36416K)->35556K(36416K) NonClass: 29283K(29952K)->29283K(29952K) Class: 6272K(6464K)->6272K(6464K)
[1006.404s][info][gc             ] GC(2756) Pause Young (Allocation Failure) 389M->88M(481M) 0.709ms
[1006.404s][info][gc,cpu         ] GC(2756) User=0.01s Sys=0.00s Real=0.00s
[1006.920s][info][gc,start       ] GC(2757) Pause Young (Allocation Failure)
[1006.920s][info][gc,heap        ] GC(2757) PSYoungGen: 301120K(317952K)->64K(301568K) Eden: 301056K(301056K)->0K(301056K) From: 64K(16896K)->64K(512K)
[1006.920s][info][gc,heap        ] GC(2757) ParOldGen: 90571K(175104K)->90579K(175104K)
[1006.920s][info][gc,metaspace   ] GC(2757) Metaspace: 35556K(36416K)->35556K(36416K) NonClass: 29283K(29952K)->29283K(29952K) Class: 6272K(6464K)->6272K(6464K)
[1006.920s][info][gc             ] GC(2757) Pause Young (Allocation Failure) 382M->88M(465M) 0.785ms
[1006.920s][info][gc,cpu         ] GC(2757) User=0.00s Sys=0.00s Real=0.00s
[1007.365s][info][gc,start       ] GC(2758) Pause Young (Allocation Failure)
[1007.366s][info][gc,heap        ] GC(2758) PSYoungGen: 301120K(301568K)->64K(316928K) Eden: 301056K(301056K)->0K(301568K) From: 64K(512K)->64K(15360K)
[1007.366s][info][gc,heap        ] GC(2758) ParOldGen: 90579K(175104K)->90595K(175104K)
[1007.366s][info][gc,metaspace   ] GC(2758) Metaspace: 35556K(36416K)->35556K(36416K) NonClass: 29283K(29952K)->29283K(29952K) Class: 6272K(6464K)->6272K(6464K)
[1007.366s][info][gc             ] GC(2758) Pause Young (Allocation Failure) 382M->88M(480M) 0.882ms
[1007.366s][info][gc,cpu         ] GC(2758) User=0.00s Sys=0.00s Real=0.00s
[1007.571s][info][gc,start       ] GC(2759) Pause Young (Allocation Failure)
[1007.572s][info][gc,heap        ] GC(2759) PSYoungGen: 301632K(316928K)->64K(316416K) Eden: 301568K(301568K)->0K(301568K) From: 64K(15360K)->64K(14848K)
[1007.572s][info][gc,heap        ] GC(2759) ParOldGen: 90595K(175104K)->90611K(175104K)
[1007.572s][info][gc,metaspace   ] GC(2759) Metaspace: 35556K(36416K)->35556K(36416K) NonClass: 29283K(29952K)->29283K(29952K) Class: 6272K(6464K)->6272K(6464K)
[1007.572s][info][gc             ] GC(2759) Pause Young (Allocation Failure) 383M->88M(480M) 0.817ms
[1007.572s][info][gc,cpu         ] GC(2759) User=0.00s Sys=0.00s Real=0.00s
[1007.774s][info][gc,start       ] GC(2760) Pause Young (Allocation Failure)
[1007.775s][info][gc,heap        ] GC(2760) PSYoungGen: 301632K(316416K)->64K(317952K) Eden: 301568K(301568K)->0K(304128K) From: 64K(14848K)->64K(13824K)
[1007.775s][info][gc,heap        ] GC(2760) ParOldGen: 90611K(175104K)->90611K(175104K)
[1007.775s][info][gc,metaspace   ] GC(2760) Metaspace: 35556K(36416K)->35556K(36416K) NonClass: 29283K(29952K)->29283K(29952K) Class: 6272K(6464K)->6272K(6464K)
[1007.775s][info][gc             ] GC(2760) Pause Young (Allocation Failure) 383M->88M(481M) 0.782ms
[1007.775s][info][gc,cpu         ] GC(2760) User=0.00s Sys=0.00s Real=0.00s
[1008.112s][info][gc,start       ] GC(2761) Pause Young (Allocation Failure)
[1008.113s][info][gc,heap        ] GC(2761) PSYoungGen: 304192K(317952K)->64K(292352K) Eden: 304128K(304128K)->0K(291840K) From: 64K(13824K)->64K(512K)
[1008.113s][info][gc,heap        ] GC(2761) ParOldGen: 90611K(175104K)->90611K(175104K)
[1008.113s][info][gc,metaspace   ] GC(2761) Metaspace: 35556K(36416K)->35556K(36416K) NonClass: 29283K(29952K)->29283K(29952K) Class: 6272K(6464K)->6272K(6464K)
[1008.113s][info][gc             ] GC(2761) Pause Young (Allocation Failure) 385M->88M(456M) 1.350ms
[1008.113s][info][gc,cpu         ] GC(2761) User=0.00s Sys=0.00s Real=0.00s
[1008.167s][info][gc,start       ] GC(2762) Pause Young (Allocation Failure)
[1008.169s][info][gc,heap        ] GC(2762) PSYoungGen: 291903K(292352K)->64K(281088K) Eden: 291839K(291840K)->0K(280576K) From: 64K(512K)->64K(512K)
[1008.169s][info][gc,heap        ] GC(2762) ParOldGen: 90611K(175104K)->90627K(175104K)
[1008.169s][info][gc,metaspace   ] GC(2762) Metaspace: 35556K(36416K)->35556K(36416K) NonClass: 29283K(29952K)->29283K(29952K) Class: 6272K(6464K)->6272K(6464K)
[1008.169s][info][gc             ] GC(2762) Pause Young (Allocation Failure) 373M->88M(445M) 1.857ms
[1008.169s][info][gc,cpu         ] GC(2762) User=0.00s Sys=0.00s Real=0.00s
[1008.220s][info][gc,start       ] GC(2763) Pause Young (Allocation Failure)
[1008.221s][info][gc,heap        ] GC(2763) PSYoungGen: 280640K(281088K)->64K(293888K) Eden: 280576K(280576K)->0K(282112K) From: 64K(512K)->64K(11776K)
[1008.221s][info][gc,heap        ] GC(2763) ParOldGen: 90627K(175104K)->90627K(175104K)
[1008.221s][info][gc,metaspace   ] GC(2763) Metaspace: 35556K(36416K)->35556K(36416K) NonClass: 29283K(29952K)->29283K(29952K) Class: 6272K(6464K)->6272K(6464K)
[1008.221s][info][gc             ] GC(2763) Pause Young (Allocation Failure) 362M->88M(458M) 0.780ms
[1008.221s][info][gc,cpu         ] GC(2763) User=0.00s Sys=0.00s Real=0.00s
[1008.410s][info][gc,start       ] GC(2764) Pause Young (Allocation Failure)
[1008.411s][info][gc,heap        ] GC(2764) PSYoungGen: 282176K(293888K)->64K(271360K) Eden: 282112K(282112K)->0K(270848K) From: 64K(11776K)->64K(512K)
[1008.411s][info][gc,heap        ] GC(2764) ParOldGen: 90627K(175104K)->90627K(175104K)
[1008.411s][info][gc,metaspace   ] GC(2764) Metaspace: 35556K(36416K)->35556K(36416K) NonClass: 29283K(29952K)->29283K(29952K) Class: 6272K(6464K)->6272K(6464K)
[1008.411s][info][gc             ] GC(2764) Pause Young (Allocation Failure) 364M->88M(436M) 0.836ms
[1008.411s][info][gc,cpu         ] GC(2764) User=0.00s Sys=0.00s Real=0.00s
[1008.602s][info][gc,start       ] GC(2765) Pause Young (Allocation Failure)
[1008.603s][info][gc,heap        ] GC(2765) PSYoungGen: 270912K(271360K)->64K(271360K) Eden: 270848K(270848K)->0K(260608K) From: 64K(512K)->64K(10752K)
[1008.603s][info][gc,heap        ] GC(2765) ParOldGen: 90627K(175104K)->90635K(175104K)
[1008.603s][info][gc,metaspace   ] GC(2765) Metaspace: 35556K(36416K)->35556K(36416K) NonClass: 29283K(29952K)->29283K(29952K) Class: 6272K(6464K)->6272K(6464K)
[1008.603s][info][gc             ] GC(2765) Pause Young (Allocation Failure) 353M->88M(436M) 0.740ms
[1008.603s][info][gc,cpu         ] GC(2765) User=0.00s Sys=0.00s Real=0.00s
[1008.715s][info][gc,start       ] GC(2766) Pause Young (Allocation Failure)
[1008.716s][info][gc,heap        ] GC(2766) PSYoungGen: 260672K(271360K)->64K(250880K) Eden: 260608K(260608K)->0K(250368K) From: 64K(10752K)->64K(512K)
[1008.716s][info][gc,heap        ] GC(2766) ParOldGen: 90635K(175104K)->90643K(175104K)
[1008.716s][info][gc,metaspace   ] GC(2766) Metaspace: 35556K(36416K)->35556K(36416K) NonClass: 29283K(29952K)->29283K(29952K) Class: 6272K(6464K)->6272K(6464K)
[1008.716s][info][gc             ] GC(2766) Pause Young (Allocation Failure) 343M->88M(416M) 0.846ms
[1008.716s][info][gc,cpu         ] GC(2766) User=0.00s Sys=0.00s Real=0.00s
[1008.783s][info][gc,start       ] GC(2767) Pause Young (Allocation Failure)
[1008.784s][info][gc,heap        ] GC(2767) PSYoungGen: 250432K(250880K)->64K(249856K) Eden: 250368K(250368K)->0K(240640K) From: 64K(512K)->64K(9216K)
[1008.784s][info][gc,heap        ] GC(2767) ParOldGen: 90643K(175104K)->90659K(175104K)
[1008.784s][info][gc,metaspace   ] GC(2767) Metaspace: 35556K(36416K)->35556K(36416K) NonClass: 29283K(29952K)->29283K(29952K) Class: 6272K(6464K)->6272K(6464K)
[1008.784s][info][gc             ] GC(2767) Pause Young (Allocation Failure) 333M->88M(415M) 0.746ms
[1008.784s][info][gc,cpu         ] GC(2767) User=0.00s Sys=0.00s Real=0.00s
[1008.904s][info][gc,start       ] GC(2768) Pause Young (Allocation Failure)
[1008.905s][info][gc,heap        ] GC(2768) PSYoungGen: 240704K(249856K)->64K(231936K) Eden: 240640K(240640K)->0K(231424K) From: 64K(9216K)->64K(512K)
[1008.905s][info][gc,heap        ] GC(2768) ParOldGen: 90659K(175104K)->90659K(175104K)
[1008.905s][info][gc,metaspace   ] GC(2768) Metaspace: 35556K(36416K)->35556K(36416K) NonClass: 29283K(29952K)->29283K(29952K) Class: 6272K(6464K)->6272K(6464K)
[1008.905s][info][gc             ] GC(2768) Pause Young (Allocation Failure) 323M->88M(397M) 0.784ms
[1008.905s][info][gc,cpu         ] GC(2768) User=0.01s Sys=0.00s Real=0.00s
[1009.225s][info][gc,start       ] GC(2769) Pause Young (Allocation Failure)
[1009.226s][info][gc,heap        ] GC(2769) PSYoungGen: 231488K(231936K)->64K(230912K) Eden: 231424K(231424K)->0K(222720K) From: 64K(512K)->64K(8192K)
[1009.226s][info][gc,heap        ] GC(2769) ParOldGen: 90659K(175104K)->90667K(175104K)
[1009.226s][info][gc,metaspace   ] GC(2769) Metaspace: 35556K(36416K)->35556K(36416K) NonClass: 29283K(29952K)->29283K(29952K) Class: 6272K(6464K)->6272K(6464K)
[1009.226s][info][gc             ] GC(2769) Pause Young (Allocation Failure) 314M->88M(396M) 0.800ms
[1009.226s][info][gc,cpu         ] GC(2769) User=0.01s Sys=0.00s Real=0.00s
[1009.950s][info][gc,start       ] GC(2770) Pause Young (Allocation Failure)
[1009.952s][info][gc,heap        ] GC(2770) PSYoungGen: 222784K(230912K)->64K(215040K) Eden: 222720K(222720K)->0K(214528K) From: 64K(8192K)->64K(512K)
[1009.952s][info][gc,heap        ] GC(2770) ParOldGen: 90667K(175104K)->90683K(175104K)
[1009.952s][info][gc,metaspace   ] GC(2770) Metaspace: 35556K(36416K)->35556K(36416K) NonClass: 29283K(29952K)->29283K(29952K) Class: 6272K(6464K)->6272K(6464K)
[1009.952s][info][gc             ] GC(2770) Pause Young (Allocation Failure) 306M->88M(381M) 2.029ms
[1009.952s][info][gc,cpu         ] GC(2770) User=0.00s Sys=0.00s Real=0.00s
[1010.811s][info][gc,start       ] GC(2771) Pause Young (Allocation Failure)
[1010.812s][info][gc,heap        ] GC(2771) PSYoungGen: 214592K(215040K)->64K(214016K) Eden: 214528K(214528K)->0K(206848K) From: 64K(512K)->64K(7168K)
[1010.812s][info][gc,heap        ] GC(2771) ParOldGen: 90683K(175104K)->90699K(175104K)
[1010.812s][info][gc,metaspace   ] GC(2771) Metaspace: 35556K(36416K)->35556K(36416K) NonClass: 29283K(29952K)->29283K(29952K) Class: 6272K(6464K)->6272K(6464K)
[1010.812s][info][gc             ] GC(2771) Pause Young (Allocation Failure) 298M->88M(380M) 1.219ms
[1010.812s][info][gc,cpu         ] GC(2771) User=0.00s Sys=0.00s Real=0.00s
[1010.946s][info][gc,start       ] GC(2772) Pause Young (Allocation Failure)
[1010.948s][info][gc,heap        ] GC(2772) PSYoungGen: 206912K(214016K)->64K(199680K) Eden: 206848K(206848K)->0K(199168K) From: 64K(7168K)->64K(512K)
[1010.948s][info][gc,heap        ] GC(2772) ParOldGen: 90699K(175104K)->90715K(175104K)
[1010.948s][info][gc,metaspace   ] GC(2772) Metaspace: 35556K(36416K)->35556K(36416K) NonClass: 29283K(29952K)->29283K(29952K) Class: 6272K(6464K)->6272K(6464K)
[1010.948s][info][gc             ] GC(2772) Pause Young (Allocation Failure) 290M->88M(366M) 1.799ms
[1010.948s][info][gc,cpu         ] GC(2772) User=0.00s Sys=0.00s Real=0.01s
[1011.258s][info][gc,start       ] GC(2773) Pause Young (Allocation Failure)
[1011.259s][info][gc,heap        ] GC(2773) PSYoungGen: 199232K(199680K)->64K(198144K) Eden: 199168K(199168K)->0K(192000K) From: 64K(512K)->64K(6144K)
[1011.259s][info][gc,heap        ] GC(2773) ParOldGen: 90715K(175104K)->90731K(175104K)
[1011.259s][info][gc,metaspace   ] GC(2773) Metaspace: 35556K(36416K)->35556K(36416K) NonClass: 29283K(29952K)->29283K(29952K) Class: 6272K(6464K)->6272K(6464K)
[1011.259s][info][gc             ] GC(2773) Pause Young (Allocation Failure) 283M->88M(364M) 1.204ms
[1011.259s][info][gc,cpu         ] GC(2773) User=0.00s Sys=0.00s Real=0.00s
[1011.539s][info][gc,start       ] GC(2774) Pause Young (Allocation Failure)
[1011.541s][info][gc,heap        ] GC(2774) PSYoungGen: 192064K(198144K)->64K(185856K) Eden: 192000K(192000K)->0K(185344K) From: 64K(6144K)->64K(512K)
[1011.541s][info][gc,heap        ] GC(2774) ParOldGen: 90731K(175104K)->90747K(175104K)
[1011.541s][info][gc,metaspace   ] GC(2774) Metaspace: 35556K(36416K)->35556K(36416K) NonClass: 29283K(29952K)->29283K(29952K) Class: 6272K(6464K)->6272K(6464K)
[1011.541s][info][gc             ] GC(2774) Pause Young (Allocation Failure) 276M->88M(352M) 1.612ms
[1011.541s][info][gc,cpu         ] GC(2774) User=0.00s Sys=0.00s Real=0.00s
[1012.392s][info][gc,start       ] GC(2775) Pause Young (Allocation Failure)
[1012.393s][info][gc,heap        ] GC(2775) PSYoungGen: 185408K(185856K)->64K(184320K) Eden: 185344K(185344K)->0K(178688K) From: 64K(512K)->64K(5632K)
[1012.393s][info][gc,heap        ] GC(2775) ParOldGen: 90747K(175104K)->90763K(175104K)
[1012.393s][info][gc,metaspace   ] GC(2775) Metaspace: 35556K(36416K)->35556K(36416K) NonClass: 29283K(29952K)->29283K(29952K) Class: 6272K(6464K)->6272K(6464K)
[1012.394s][info][gc             ] GC(2775) Pause Young (Allocation Failure) 269M->88M(351M) 1.217ms
[1012.394s][info][gc,cpu         ] GC(2775) User=0.00s Sys=0.00s Real=0.00s
[1012.566s][info][gc,start       ] GC(2776) Pause Young (Allocation Failure)
[1012.567s][info][gc,heap        ] GC(2776) PSYoungGen: 178752K(184320K)->64K(173056K) Eden: 178688K(178688K)->0K(172544K) From: 64K(5632K)->64K(512K)
[1012.567s][info][gc,heap        ] GC(2776) ParOldGen: 90763K(175104K)->90779K(175104K)
[1012.567s][info][gc,metaspace   ] GC(2776) Metaspace: 35556K(36416K)->35556K(36416K) NonClass: 29283K(29952K)->29283K(29952K) Class: 6272K(6464K)->6272K(6464K)
[1012.567s][info][gc             ] GC(2776) Pause Young (Allocation Failure) 263M->88M(340M) 1.701ms
[1012.567s][info][gc,cpu         ] GC(2776) User=0.01s Sys=0.00s Real=0.01s
[1012.849s][info][gc,start       ] GC(2777) Pause Young (Allocation Failure)
[1012.850s][info][gc,heap        ] GC(2777) PSYoungGen: 172608K(173056K)->64K(171520K) Eden: 172544K(172544K)->0K(166912K) From: 64K(512K)->64K(4608K)
[1012.850s][info][gc,heap        ] GC(2777) ParOldGen: 90779K(175104K)->90795K(175104K)
[1012.850s][info][gc,metaspace   ] GC(2777) Metaspace: 35556K(36416K)->35556K(36416K) NonClass: 29283K(29952K)->29283K(29952K) Class: 6272K(6464K)->6272K(6464K)
[1012.850s][info][gc             ] GC(2777) Pause Young (Allocation Failure) 257M->88M(338M) 1.194ms
[1012.850s][info][gc,cpu         ] GC(2777) User=0.00s Sys=0.00s Real=0.00s
[1012.975s][info][gc,start       ] GC(2778) Pause Young (Allocation Failure)
[1012.977s][info][gc,heap        ] GC(2778) PSYoungGen: 166976K(171520K)->64K(161792K) Eden: 166912K(166912K)->0K(161280K) From: 64K(4608K)->64K(512K)
[1012.977s][info][gc,heap        ] GC(2778) ParOldGen: 90795K(175104K)->90811K(175104K)
[1012.977s][info][gc,metaspace   ] GC(2778) Metaspace: 35556K(36416K)->35556K(36416K) NonClass: 29283K(29952K)->29283K(29952K) Class: 6272K(6464K)->6272K(6464K)
[1012.977s][info][gc             ] GC(2778) Pause Young (Allocation Failure) 251M->88M(329M) 1.572ms
[1012.977s][info][gc,cpu         ] GC(2778) User=0.00s Sys=0.00s Real=0.01s
[1013.016s][info][gc,start       ] GC(2779) Pause Young (Allocation Failure)
[1013.017s][info][gc,heap        ] GC(2779) PSYoungGen: 161344K(161792K)->32K(194560K) Eden: 161280K(161280K)->0K(190464K) From: 64K(512K)->32K(4096K)
[1013.017s][info][gc,heap        ] GC(2779) ParOldGen: 90811K(175104K)->90827K(175104K)
[1013.017s][info][gc,metaspace   ] GC(2779) Metaspace: 35556K(36416K)->35556K(36416K) NonClass: 29283K(29952K)->29283K(29952K) Class: 6272K(6464K)->6272K(6464K)
[1013.017s][info][gc             ] GC(2779) Pause Young (Allocation Failure) 246M->88M(361M) 1.128ms
[1013.017s][info][gc,cpu         ] GC(2779) User=0.00s Sys=0.00s Real=0.01s
[1013.292s][info][gc,start       ] GC(2780) Pause Young (Allocation Failure)
[1013.293s][info][gc,heap        ] GC(2780) PSYoungGen: 190496K(194560K)->64K(184320K) Eden: 190464K(190464K)->0K(183808K) From: 32K(4096K)->64K(512K)
[1013.293s][info][gc,heap        ] GC(2780) ParOldGen: 90827K(175104K)->90827K(175104K)
[1013.293s][info][gc,metaspace   ] GC(2780) Metaspace: 35556K(36416K)->35556K(36416K) NonClass: 29283K(29952K)->29283K(29952K) Class: 6272K(6464K)->6272K(6464K)
[1013.293s][info][gc             ] GC(2780) Pause Young (Allocation Failure) 274M->88M(351M) 1.495ms
[1013.293s][info][gc,cpu         ] GC(2780) User=0.01s Sys=0.00s Real=0.00s
[1013.718s][info][gc,start       ] GC(2781) Pause Young (Allocation Failure)
[1013.719s][info][gc,heap        ] GC(2781) PSYoungGen: 183872K(184320K)->64K(181248K) Eden: 183808K(183808K)->0K(177664K) From: 64K(512K)->64K(3584K)
[1013.719s][info][gc,heap        ] GC(2781) ParOldGen: 90827K(175104K)->90843K(175104K)
[1013.719s][info][gc,metaspace   ] GC(2781) Metaspace: 35556K(36416K)->35556K(36416K) NonClass: 29283K(29952K)->29283K(29952K) Class: 6272K(6464K)->6272K(6464K)
[1013.719s][info][gc             ] GC(2781) Pause Young (Allocation Failure) 268M->88M(348M) 1.237ms
[1013.719s][info][gc,cpu         ] GC(2781) User=0.00s Sys=0.00s Real=0.00s
[1013.880s][info][gc,start       ] GC(2782) Pause Young (Allocation Failure)
[1013.881s][info][gc,heap        ] GC(2782) PSYoungGen: 177727K(181248K)->64K(172032K) Eden: 177663K(177664K)->0K(171520K) From: 64K(3584K)->64K(512K)
[1013.881s][info][gc,heap        ] GC(2782) ParOldGen: 90843K(175104K)->90859K(175104K)
[1013.881s][info][gc,metaspace   ] GC(2782) Metaspace: 35556K(36416K)->35556K(36416K) NonClass: 29283K(29952K)->29283K(29952K) Class: 6272K(6464K)->6272K(6464K)
[1013.881s][info][gc             ] GC(2782) Pause Young (Allocation Failure) 262M->88M(339M) 1.524ms
[1013.881s][info][gc,cpu         ] GC(2782) User=0.00s Sys=0.00s Real=0.00s
[1014.174s][info][gc,start       ] GC(2783) Pause Young (Allocation Failure)
[1014.186s][info][gc,heap        ] GC(2783) PSYoungGen: 171584K(172032K)->3072K(206848K) Eden: 171520K(171520K)->0K(203776K) From: 64K(512K)->3072K(3072K)
[1014.186s][info][gc,heap        ] GC(2783) ParOldGen: 90859K(175104K)->94307K(175104K)
[1014.186s][info][gc,metaspace   ] GC(2783) Metaspace: 35556K(36416K)->35556K(36416K) NonClass: 29283K(29952K)->29283K(29952K) Class: 6272K(6464K)->6272K(6464K)
[1014.186s][info][gc             ] GC(2783) Pause Young (Allocation Failure) 256M->95M(373M) 12.015ms
[1014.186s][info][gc,cpu         ] GC(2783) User=0.02s Sys=0.00s Real=0.01s
[1014.420s][info][gc,start       ] GC(2784) Pause Young (Allocation Failure)
[1014.455s][info][gc,heap        ] GC(2784) PSYoungGen: 206848K(206848K)->3072K(246784K) Eden: 203776K(203776K)->0K(243712K) From: 3072K(3072K)->3072K(3072K)
[1014.455s][info][gc,heap        ] GC(2784) ParOldGen: 94307K(175104K)->112875K(175104K)
[1014.455s][info][gc,metaspace   ] GC(2784) Metaspace: 35556K(36416K)->35556K(36416K) NonClass: 29283K(29952K)->29283K(29952K) Class: 6272K(6464K)->6272K(6464K)
[1014.455s][info][gc             ] GC(2784) Pause Young (Allocation Failure) 294M->113M(412M) 35.525ms
[1014.455s][info][gc,cpu         ] GC(2784) User=0.07s Sys=0.00s Real=0.03s
[1014.726s][info][gc,start       ] GC(2785) Pause Young (Allocation Failure)
[1014.772s][info][gc,heap        ] GC(2785) PSYoungGen: 246784K(246784K)->12288K(260608K) Eden: 243712K(243712K)->0K(248320K) From: 3072K(3072K)->12288K(12288K)
[1014.772s][info][gc,heap        ] GC(2785) ParOldGen: 112875K(175104K)->126979K(175104K)
[1014.772s][info][gc,metaspace   ] GC(2785) Metaspace: 35556K(36416K)->35556K(36416K) NonClass: 29283K(29952K)->29283K(29952K) Class: 6272K(6464K)->6272K(6464K)
[1014.772s][info][gc             ] GC(2785) Pause Young (Allocation Failure) 351M->136M(425M) 45.617ms
[1014.772s][info][gc,cpu         ] GC(2785) User=0.09s Sys=0.01s Real=0.05s
[1014.966s][info][gc,start       ] GC(2786) Pause Young (Allocation Failure)
[1015.001s][info][gc,heap        ] GC(2786) PSYoungGen: 260608K(260608K)->15264K(308736K) Eden: 248320K(248320K)->0K(288768K) From: 12288K(12288K)->15264K(19968K)
[1015.001s][info][gc,heap        ] GC(2786) ParOldGen: 126979K(175104K)->127491K(175104K)
[1015.002s][info][gc,metaspace   ] GC(2786) Metaspace: 35556K(36416K)->35556K(36416K) NonClass: 29283K(29952K)->29283K(29952K) Class: 6272K(6464K)->6272K(6464K)
[1015.002s][info][gc             ] GC(2786) Pause Young (Allocation Failure) 378M->139M(472M) 35.251ms
[1015.002s][info][gc,cpu         ] GC(2786) User=0.06s Sys=0.01s Real=0.04s
[1015.253s][info][gc,start       ] GC(2787) Pause Young (Allocation Failure)
[1015.254s][info][gc,heap        ] GC(2787) PSYoungGen: 304032K(308736K)->64K(311296K) Eden: 288768K(288768K)->0K(288768K) From: 15264K(19968K)->64K(22528K)
[1015.254s][info][gc,heap        ] GC(2787) ParOldGen: 127491K(175104K)->127499K(175104K)
[1015.254s][info][gc,metaspace   ] GC(2787) Metaspace: 35556K(36416K)->35556K(36416K) NonClass: 29283K(29952K)->29283K(29952K) Class: 6272K(6464K)->6272K(6464K)
[1015.254s][info][gc             ] GC(2787) Pause Young (Allocation Failure) 421M->124M(475M) 0.946ms
[1015.254s][info][gc,cpu         ] GC(2787) User=0.00s Sys=0.01s Real=0.00s
[1015.959s][info][gc,start       ] GC(2788) Pause Young (Allocation Failure)
[1015.960s][info][gc,heap        ] GC(2788) PSYoungGen: 288832K(311296K)->64K(308736K) Eden: 288768K(288768K)->0K(289280K) From: 64K(22528K)->64K(19456K)
[1015.960s][info][gc,heap        ] GC(2788) ParOldGen: 127499K(175104K)->127507K(175104K)
[1015.960s][info][gc,metaspace   ] GC(2788) Metaspace: 35556K(36416K)->35556K(36416K) NonClass: 29283K(29952K)->29283K(29952K) Class: 6272K(6464K)->6272K(6464K)
[1015.960s][info][gc             ] GC(2788) Pause Young (Allocation Failure) 406M->124M(472M) 0.972ms
[1015.960s][info][gc,cpu         ] GC(2788) User=0.01s Sys=0.00s Real=0.00s
[1016.242s][info][gc,start       ] GC(2789) Pause Young (Allocation Failure)
[1016.243s][info][gc,heap        ] GC(2789) PSYoungGen: 289344K(308736K)->64K(310272K) Eden: 289280K(289280K)->0K(289280K) From: 64K(19456K)->64K(20992K)
[1016.243s][info][gc,heap        ] GC(2789) ParOldGen: 127507K(175104K)->127523K(175104K)
[1016.243s][info][gc,metaspace   ] GC(2789) Metaspace: 35556K(36416K)->35556K(36416K) NonClass: 29283K(29952K)->29283K(29952K) Class: 6272K(6464K)->6272K(6464K)
[1016.243s][info][gc             ] GC(2789) Pause Young (Allocation Failure) 407M->124M(474M) 1.007ms
[1016.243s][info][gc,cpu         ] GC(2789) User=0.00s Sys=0.00s Real=0.00s
[1016.654s][info][gc,start       ] GC(2790) Pause Young (Allocation Failure)
[1016.655s][info][gc,heap        ] GC(2790) PSYoungGen: 289344K(310272K)->64K(310272K) Eden: 289280K(289280K)->0K(292352K) From: 64K(20992K)->64K(17920K)
[1016.655s][info][gc,heap        ] GC(2790) ParOldGen: 127523K(175104K)->127531K(175104K)
[1016.655s][info][gc,metaspace   ] GC(2790) Metaspace: 35556K(36416K)->35556K(36416K) NonClass: 29283K(29952K)->29283K(29952K) Class: 6272K(6464K)->6272K(6464K)
[1016.655s][info][gc             ] GC(2790) Pause Young (Allocation Failure) 407M->124M(474M) 0.937ms
[1016.655s][info][gc,cpu         ] GC(2790) User=0.00s Sys=0.00s Real=0.00s
[1016.856s][info][gc,start       ] GC(2791) Pause Young (Allocation Failure)
[1016.857s][info][gc,heap        ] GC(2791) PSYoungGen: 292416K(310272K)->64K(311808K) Eden: 292352K(292352K)->0K(292352K) From: 64K(17920K)->64K(19456K)
[1016.857s][info][gc,heap        ] GC(2791) ParOldGen: 127531K(175104K)->127547K(175104K)
[1016.857s][info][gc,metaspace   ] GC(2791) Metaspace: 35556K(36416K)->35556K(36416K) NonClass: 29283K(29952K)->29283K(29952K) Class: 6272K(6464K)->6272K(6464K)
[1016.857s][info][gc             ] GC(2791) Pause Young (Allocation Failure) 410M->124M(475M) 0.918ms
[1016.857s][info][gc,cpu         ] GC(2791) User=0.00s Sys=0.00s Real=0.01s
[1017.182s][info][gc,start       ] GC(2792) Pause Young (Allocation Failure)
[1017.183s][info][gc,heap        ] GC(2792) PSYoungGen: 292416K(311808K)->64K(311808K) Eden: 292352K(292352K)->0K(295424K) From: 64K(19456K)->64K(16384K)
[1017.183s][info][gc,heap        ] GC(2792) ParOldGen: 127547K(175104K)->127547K(175104K)
[1017.183s][info][gc,metaspace   ] GC(2792) Metaspace: 35556K(36416K)->35556K(36416K) NonClass: 29283K(29952K)->29283K(29952K) Class: 6272K(6464K)->6272K(6464K)
[1017.183s][info][gc             ] GC(2792) Pause Young (Allocation Failure) 410M->124M(475M) 0.972ms
[1017.183s][info][gc,cpu         ] GC(2792) User=0.00s Sys=0.00s Real=0.00s
[1017.341s][info][gc,start       ] GC(2793) Pause Young (Allocation Failure)
[1017.342s][info][gc,heap        ] GC(2793) PSYoungGen: 295488K(311808K)->64K(313344K) Eden: 295424K(295424K)->0K(295424K) From: 64K(16384K)->64K(17920K)
[1017.342s][info][gc,heap        ] GC(2793) ParOldGen: 127547K(175104K)->127555K(175104K)
[1017.342s][info][gc,metaspace   ] GC(2793) Metaspace: 35556K(36416K)->35556K(36416K) NonClass: 29283K(29952K)->29283K(29952K) Class: 6272K(6464K)->6272K(6464K)
[1017.342s][info][gc             ] GC(2793) Pause Young (Allocation Failure) 413M->124M(477M) 0.881ms
[1017.342s][info][gc,cpu         ] GC(2793) User=0.00s Sys=0.00s Real=0.00s
[1017.396s][info][gc,start       ] GC(2794) Pause Young (Allocation Failure)
[1017.396s][info][gc,heap        ] GC(2794) PSYoungGen: 295488K(313344K)->64K(314368K) Eden: 295424K(295424K)->0K(299008K) From: 64K(17920K)->64K(15360K)
[1017.397s][info][gc,heap        ] GC(2794) ParOldGen: 127555K(175104K)->127571K(175104K)
[1017.397s][info][gc,metaspace   ] GC(2794) Metaspace: 35556K(36416K)->35556K(36416K) NonClass: 29283K(29952K)->29283K(29952K) Class: 6272K(6464K)->6272K(6464K)
[1017.397s][info][gc             ] GC(2794) Pause Young (Allocation Failure) 413M->124M(478M) 0.870ms
[1017.397s][info][gc,cpu         ] GC(2794) User=0.01s Sys=0.00s Real=0.00s
[1017.502s][info][gc,start       ] GC(2795) Pause Young (Allocation Failure)
[1017.503s][info][gc,heap        ] GC(2795) PSYoungGen: 299072K(314368K)->64K(315392K) Eden: 299008K(299008K)->0K(299008K) From: 64K(15360K)->64K(16384K)
[1017.503s][info][gc,heap        ] GC(2795) ParOldGen: 127571K(175104K)->127571K(175104K)
[1017.503s][info][gc,metaspace   ] GC(2795) Metaspace: 35556K(36416K)->35556K(36416K) NonClass: 29283K(29952K)->29283K(29952K) Class: 6272K(6464K)->6272K(6464K)
[1017.503s][info][gc             ] GC(2795) Pause Young (Allocation Failure) 416M->124M(479M) 0.920ms
[1017.503s][info][gc,cpu         ] GC(2795) User=0.00s Sys=0.00s Real=0.00s
[1017.717s][info][gc,start       ] GC(2796) Pause Young (Allocation Failure)
[1017.718s][info][gc,heap        ] GC(2796) PSYoungGen: 299072K(315392K)->64K(315392K) Eden: 299008K(299008K)->0K(302080K) From: 64K(16384K)->64K(13312K)
[1017.718s][info][gc,heap        ] GC(2796) ParOldGen: 127571K(175104K)->127587K(175104K)
[1017.718s][info][gc,metaspace   ] GC(2796) Metaspace: 35556K(36416K)->35556K(36416K) NonClass: 29283K(29952K)->29283K(29952K) Class: 6272K(6464K)->6272K(6464K)
[1017.718s][info][gc             ] GC(2796) Pause Young (Allocation Failure) 416M->124M(479M) 0.933ms
[1017.718s][info][gc,cpu         ] GC(2796) User=0.00s Sys=0.00s Real=0.00s
[1017.896s][info][gc,start       ] GC(2797) Pause Young (Allocation Failure)
[1017.897s][info][gc,heap        ] GC(2797) PSYoungGen: 302144K(315392K)->64K(290816K) Eden: 302080K(302080K)->0K(290304K) From: 64K(13312K)->64K(512K)
[1017.897s][info][gc,heap        ] GC(2797) ParOldGen: 127587K(175104K)->127587K(175104K)
[1017.897s][info][gc,metaspace   ] GC(2797) Metaspace: 35556K(36416K)->35556K(36416K) NonClass: 29283K(29952K)->29283K(29952K) Class: 6272K(6464K)->6272K(6464K)
[1017.897s][info][gc             ] GC(2797) Pause Young (Allocation Failure) 419M->124M(455M) 1.566ms
[1017.897s][info][gc,cpu         ] GC(2797) User=0.00s Sys=0.01s Real=0.01s
[1017.974s][info][gc,start       ] GC(2798) Pause Young (Allocation Failure)
[1017.975s][info][gc,heap        ] GC(2798) PSYoungGen: 290368K(290816K)->64K(305152K) Eden: 290304K(290304K)->0K(291328K) From: 64K(512K)->64K(13824K)
[1017.975s][info][gc,heap        ] GC(2798) ParOldGen: 127587K(175104K)->127603K(175104K)
[1017.975s][info][gc,metaspace   ] GC(2798) Metaspace: 35556K(36416K)->35556K(36416K) NonClass: 29283K(29952K)->29283K(29952K) Class: 6272K(6464K)->6272K(6464K)
[1017.975s][info][gc             ] GC(2798) Pause Young (Allocation Failure) 408M->124M(469M) 0.985ms
[1017.975s][info][gc,cpu         ] GC(2798) User=0.00s Sys=0.00s Real=0.00s
[1018.106s][info][gc,start       ] GC(2799) Pause Young (Allocation Failure)
[1018.107s][info][gc,heap        ] GC(2799) PSYoungGen: 291392K(305152K)->64K(304128K) Eden: 291328K(291328K)->0K(291328K) From: 64K(13824K)->64K(12800K)
[1018.107s][info][gc,heap        ] GC(2799) ParOldGen: 127603K(175104K)->127603K(175104K)
[1018.107s][info][gc,metaspace   ] GC(2799) Metaspace: 35556K(36416K)->35556K(36416K) NonClass: 29283K(29952K)->29283K(29952K) Class: 6272K(6464K)->6272K(6464K)
[1018.107s][info][gc             ] GC(2799) Pause Young (Allocation Failure) 409M->124M(468M) 1.392ms
[1018.107s][info][gc,cpu         ] GC(2799) User=0.00s Sys=0.00s Real=0.01s
[1018.485s][info][gc,start       ] GC(2800) Pause Young (Allocation Failure)
[1018.486s][info][gc,heap        ] GC(2800) PSYoungGen: 291392K(304128K)->32K(280576K) Eden: 291328K(291328K)->0K(280064K) From: 64K(12800K)->32K(512K)
[1018.486s][info][gc,heap        ] GC(2800) ParOldGen: 127603K(175104K)->127611K(175104K)
[1018.486s][info][gc,metaspace   ] GC(2800) Metaspace: 35556K(36416K)->35556K(36416K) NonClass: 29283K(29952K)->29283K(29952K) Class: 6272K(6464K)->6272K(6464K)
[1018.486s][info][gc             ] GC(2800) Pause Young (Allocation Failure) 409M->124M(445M) 1.400ms
[1018.486s][info][gc,cpu         ] GC(2800) User=0.00s Sys=0.00s Real=0.00s
[1019.146s][info][gc,start       ] GC(2801) Pause Young (Allocation Failure)
[1019.147s][info][gc,heap        ] GC(2801) PSYoungGen: 280096K(280576K)->83K(280576K) Eden: 280064K(280064K)->0K(269312K) From: 32K(512K)->83K(11264K)
[1019.147s][info][gc,heap        ] GC(2801) ParOldGen: 127611K(175104K)->127619K(175104K)
[1019.147s][info][gc,metaspace   ] GC(2801) Metaspace: 35556K(36416K)->35556K(36416K) NonClass: 29283K(29952K)->29283K(29952K) Class: 6272K(6464K)->6272K(6464K)
[1019.147s][info][gc             ] GC(2801) Pause Young (Allocation Failure) 398M->124M(445M) 1.354ms
[1019.147s][info][gc,cpu         ] GC(2801) User=0.00s Sys=0.00s Real=0.01s
[1020.202s][info][gc,start       ] GC(2802) Pause Young (Allocation Failure)
[1020.204s][info][gc,heap        ] GC(2802) PSYoungGen: 269395K(280576K)->64K(259584K) Eden: 269312K(269312K)->0K(259072K) From: 83K(11264K)->64K(512K)
[1020.204s][info][gc,heap        ] GC(2802) ParOldGen: 127619K(175104K)->127627K(175104K)
[1020.204s][info][gc,metaspace   ] GC(2802) Metaspace: 35556K(36416K)->35556K(36416K) NonClass: 29283K(29952K)->29283K(29952K) Class: 6272K(6464K)->6272K(6464K)
[1020.204s][info][gc             ] GC(2802) Pause Young (Allocation Failure) 387M->124M(424M) 1.892ms
[1020.204s][info][gc,cpu         ] GC(2802) User=0.00s Sys=0.00s Real=0.00s
[1020.587s][info][gc,start       ] GC(2803) Pause Young (Allocation Failure)
[1020.588s][info][gc,heap        ] GC(2803) PSYoungGen: 259136K(259584K)->64K(259072K) Eden: 259072K(259072K)->0K(249344K) From: 64K(512K)->64K(9728K)
[1020.588s][info][gc,heap        ] GC(2803) ParOldGen: 127627K(175104K)->127635K(175104K)
[1020.588s][info][gc,metaspace   ] GC(2803) Metaspace: 35556K(36416K)->35556K(36416K) NonClass: 29283K(29952K)->29283K(29952K) Class: 6272K(6464K)->6272K(6464K)
[1020.589s][info][gc             ] GC(2803) Pause Young (Allocation Failure) 377M->124M(424M) 1.396ms
[1020.589s][info][gc,cpu         ] GC(2803) User=0.01s Sys=0.00s Real=0.00s
[1021.156s][info][gc,start       ] GC(2804) Pause Young (Allocation Failure)
[1021.157s][info][gc,heap        ] GC(2804) PSYoungGen: 249408K(259072K)->64K(240640K) Eden: 249344K(249344K)->0K(240128K) From: 64K(9728K)->64K(512K)
[1021.157s][info][gc,heap        ] GC(2804) ParOldGen: 127635K(175104K)->127643K(175104K)
[1021.157s][info][gc,metaspace   ] GC(2804) Metaspace: 35556K(36416K)->35556K(36416K) NonClass: 29283K(29952K)->29283K(29952K) Class: 6272K(6464K)->6272K(6464K)
[1021.157s][info][gc             ] GC(2804) Pause Young (Allocation Failure) 368M->124M(406M) 1.601ms
[1021.157s][info][gc,cpu         ] GC(2804) User=0.00s Sys=0.00s Real=0.01s
[1021.846s][info][gc,start       ] GC(2805) Pause Young (Allocation Failure)
[1021.847s][info][gc,heap        ] GC(2805) PSYoungGen: 240192K(240640K)->32K(239616K) Eden: 240128K(240128K)->0K(230912K) From: 64K(512K)->32K(8704K)
[1021.847s][info][gc,heap        ] GC(2805) ParOldGen: 127643K(175104K)->127651K(175104K)
[1021.847s][info][gc,metaspace   ] GC(2805) Metaspace: 35556K(36416K)->35556K(36416K) NonClass: 29283K(29952K)->29283K(29952K) Class: 6272K(6464K)->6272K(6464K)
[1021.847s][info][gc             ] GC(2805) Pause Young (Allocation Failure) 359M->124M(405M) 1.382ms
[1021.847s][info][gc,cpu         ] GC(2805) User=0.00s Sys=0.00s Real=0.01s
[1022.175s][info][gc,start       ] GC(2806) Pause Young (Allocation Failure)
[1022.177s][info][gc,heap        ] GC(2806) PSYoungGen: 230944K(239616K)->64K(222720K) Eden: 230912K(230912K)->0K(222208K) From: 32K(8704K)->64K(512K)
[1022.177s][info][gc,heap        ] GC(2806) ParOldGen: 127651K(175104K)->127659K(175104K)
[1022.177s][info][gc,metaspace   ] GC(2806) Metaspace: 35556K(36416K)->35556K(36416K) NonClass: 29283K(29952K)->29283K(29952K) Class: 6272K(6464K)->6272K(6464K)
[1022.177s][info][gc             ] GC(2806) Pause Young (Allocation Failure) 350M->124M(388M) 2.209ms
[1022.177s][info][gc,cpu         ] GC(2806) User=0.01s Sys=0.00s Real=0.01s
[1022.310s][info][gc,start       ] GC(2807) Pause Young (Allocation Failure)
[1022.311s][info][gc,heap        ] GC(2807) PSYoungGen: 222272K(222720K)->32K(221696K) Eden: 222208K(222208K)->0K(214016K) From: 64K(512K)->32K(7680K)
[1022.311s][info][gc,heap        ] GC(2807) ParOldGen: 127659K(175104K)->127667K(175104K)
[1022.311s][info][gc,metaspace   ] GC(2807) Metaspace: 35556K(36416K)->35556K(36416K) NonClass: 29283K(29952K)->29283K(29952K) Class: 6272K(6464K)->6272K(6464K)
[1022.311s][info][gc             ] GC(2807) Pause Young (Allocation Failure) 341M->124M(387M) 1.354ms
[1022.311s][info][gc,cpu         ] GC(2807) User=0.00s Sys=0.00s Real=0.00s
[1022.438s][info][gc,start       ] GC(2808) Pause Young (Allocation Failure)
[1022.440s][info][gc,heap        ] GC(2808) PSYoungGen: 214048K(221696K)->64K(206848K) Eden: 214016K(214016K)->0K(206336K) From: 32K(7680K)->64K(512K)
[1022.440s][info][gc,heap        ] GC(2808) ParOldGen: 127667K(175104K)->127675K(175104K)
[1022.440s][info][gc,metaspace   ] GC(2808) Metaspace: 35556K(36416K)->35556K(36416K) NonClass: 29283K(29952K)->29283K(29952K) Class: 6272K(6464K)->6272K(6464K)
[1022.440s][info][gc             ] GC(2808) Pause Young (Allocation Failure) 333M->124M(373M) 1.977ms
[1022.440s][info][gc,cpu         ] GC(2808) User=0.01s Sys=0.00s Real=0.00s
[1023.004s][info][gc,start       ] GC(2809) Pause Young (Allocation Failure)
[1023.006s][info][gc,heap        ] GC(2809) PSYoungGen: 206400K(206848K)->64K(205312K) Eden: 206336K(206336K)->0K(198656K) From: 64K(512K)->64K(6656K)
[1023.006s][info][gc,heap        ] GC(2809) ParOldGen: 127675K(175104K)->127691K(175104K)
[1023.006s][info][gc,metaspace   ] GC(2809) Metaspace: 35556K(36416K)->35556K(36416K) NonClass: 29283K(29952K)->29283K(29952K) Class: 6272K(6464K)->6272K(6464K)
[1023.006s][info][gc             ] GC(2809) Pause Young (Allocation Failure) 326M->124M(371M) 1.390ms
[1023.006s][info][gc,cpu         ] GC(2809) User=0.00s Sys=0.00s Real=0.00s
[1023.166s][info][gc,start       ] GC(2810) Pause Young (Allocation Failure)
[1023.168s][info][gc,heap        ] GC(2810) PSYoungGen: 198720K(205312K)->64K(192000K) Eden: 198656K(198656K)->0K(191488K) From: 64K(6656K)->64K(512K)
[1023.168s][info][gc,heap        ] GC(2810) ParOldGen: 127691K(175104K)->127691K(175104K)
[1023.168s][info][gc,metaspace   ] GC(2810) Metaspace: 35556K(36416K)->35556K(36416K) NonClass: 29283K(29952K)->29283K(29952K) Class: 6272K(6464K)->6272K(6464K)
[1023.168s][info][gc             ] GC(2810) Pause Young (Allocation Failure) 318M->124M(358M) 2.097ms
[1023.168s][info][gc,cpu         ] GC(2810) User=0.00s Sys=0.00s Real=0.01s
[1023.491s][info][gc,start       ] GC(2811) Pause Young (Allocation Failure)
[1023.501s][info][gc,heap        ] GC(2811) PSYoungGen: 191552K(192000K)->5632K(232448K) Eden: 191488K(191488K)->0K(226816K) From: 64K(512K)->5632K(5632K)
[1023.501s][info][gc,heap        ] GC(2811) ParOldGen: 127691K(175104K)->128459K(175104K)
[1023.501s][info][gc,metaspace   ] GC(2811) Metaspace: 35556K(36416K)->35556K(36416K) NonClass: 29283K(29952K)->29283K(29952K) Class: 6272K(6464K)->6272K(6464K)
[1023.501s][info][gc             ] GC(2811) Pause Young (Allocation Failure) 311M->130M(398M) 10.634ms
[1023.501s][info][gc,cpu         ] GC(2811) User=0.02s Sys=0.00s Real=0.01s
[1023.749s][info][gc,start       ] GC(2812) Pause Young (Allocation Failure)
[1023.787s][info][gc,heap        ] GC(2812) PSYoungGen: 232448K(232448K)->5632K(265728K) Eden: 226816K(226816K)->0K(260096K) From: 5632K(5632K)->5632K(5632K)
[1023.787s][info][gc,heap        ] GC(2812) ParOldGen: 128459K(175104K)->146787K(175104K)
[1023.787s][info][gc,metaspace   ] GC(2812) Metaspace: 35556K(36416K)->35556K(36416K) NonClass: 29283K(29952K)->29283K(29952K) Class: 6272K(6464K)->6272K(6464K)
[1023.787s][info][gc             ] GC(2812) Pause Young (Allocation Failure) 352M->148M(430M) 38.180ms
[1023.787s][info][gc,cpu         ] GC(2812) User=0.08s Sys=0.00s Real=0.04s
[1024.072s][info][gc,start       ] GC(2813) Pause Young (Allocation Failure)
[1024.119s][info][gc,heap        ] GC(2813) PSYoungGen: 265728K(265728K)->15360K(275456K) Eden: 260096K(260096K)->0K(260096K) From: 5632K(5632K)->15360K(15360K)
[1024.119s][info][gc,heap        ] GC(2813) ParOldGen: 146787K(175104K)->159531K(175104K)
[1024.119s][info][gc,metaspace   ] GC(2813) Metaspace: 35556K(36416K)->35556K(36416K) NonClass: 29283K(29952K)->29283K(29952K) Class: 6272K(6464K)->6272K(6464K)
[1024.119s][info][gc             ] GC(2813) Pause Young (Allocation Failure) 402M->170M(440M) 47.363ms
[1024.119s][info][gc,cpu         ] GC(2813) User=0.09s Sys=0.00s Real=0.05s
[1024.274s][info][gc,start       ] GC(2814) Pause Young (Allocation Failure)
[1024.300s][info][gc,heap        ] GC(2814) PSYoungGen: 275456K(275456K)->11232K(309760K) Eden: 260096K(260096K)->0K(286720K) From: 15360K(15360K)->11232K(23040K)
[1024.300s][info][gc,heap        ] GC(2814) ParOldGen: 159531K(175104K)->159995K(175104K)
[1024.300s][info][gc,metaspace   ] GC(2814) Metaspace: 35556K(36416K)->35556K(36416K) NonClass: 29283K(29952K)->29283K(29952K) Class: 6272K(6464K)->6272K(6464K)
[1024.301s][info][gc             ] GC(2814) Pause Young (Allocation Failure) 424M->167M(473M) 26.143ms
[1024.301s][info][gc,cpu         ] GC(2814) User=0.05s Sys=0.01s Real=0.03s
[1024.643s][info][gc,start       ] GC(2815) Pause Young (Allocation Failure)
[1024.644s][info][gc,heap        ] GC(2815) PSYoungGen: 297952K(309760K)->64K(310272K) Eden: 286720K(286720K)->0K(286720K) From: 11232K(23040K)->64K(23552K)
[1024.644s][info][gc,heap        ] GC(2815) ParOldGen: 159995K(175104K)->160003K(175104K)
[1024.644s][info][gc,metaspace   ] GC(2815) Metaspace: 35556K(36416K)->35556K(36416K) NonClass: 29283K(29952K)->29283K(29952K) Class: 6272K(6464K)->6272K(6464K)
[1024.644s][info][gc             ] GC(2815) Pause Young (Allocation Failure) 447M->156M(474M) 1.018ms
[1024.644s][info][gc,cpu         ] GC(2815) User=0.00s Sys=0.00s Real=0.00s
[1025.272s][info][gc,start       ] GC(2816) Pause Young (Allocation Failure)
[1025.272s][info][gc,heap        ] GC(2816) PSYoungGen: 286784K(310272K)->64K(308224K) Eden: 286720K(286720K)->0K(287232K) From: 64K(23552K)->64K(20992K)
[1025.272s][info][gc,heap        ] GC(2816) ParOldGen: 160003K(175104K)->160011K(175104K)
[1025.273s][info][gc,metaspace   ] GC(2816) Metaspace: 35556K(36416K)->35556K(36416K) NonClass: 29283K(29952K)->29283K(29952K) Class: 6272K(6464K)->6272K(6464K)
[1025.273s][info][gc             ] GC(2816) Pause Young (Allocation Failure) 436M->156M(472M) 1.015ms
[1025.273s][info][gc,cpu         ] GC(2816) User=0.01s Sys=0.00s Real=0.00s
[1025.736s][info][gc,start       ] GC(2817) Pause Young (Allocation Failure)
[1025.737s][info][gc,heap        ] GC(2817) PSYoungGen: 287296K(308224K)->64K(309248K) Eden: 287232K(287232K)->0K(287232K) From: 64K(20992K)->64K(22016K)
[1025.737s][info][gc,heap        ] GC(2817) ParOldGen: 160011K(175104K)->160027K(175104K)
[1025.737s][info][gc,metaspace   ] GC(2817) Metaspace: 35556K(36416K)->35556K(36416K) NonClass: 29283K(29952K)->29283K(29952K) Class: 6272K(6464K)->6272K(6464K)
[1025.738s][info][gc             ] GC(2817) Pause Young (Allocation Failure) 436M->156M(473M) 1.190ms
[1025.738s][info][gc,cpu         ] GC(2817) User=0.00s Sys=0.00s Real=0.01s
[1025.934s][info][gc,start       ] GC(2818) Pause Young (Allocation Failure)
[1025.935s][info][gc,heap        ] GC(2818) PSYoungGen: 287296K(309248K)->64K(309248K) Eden: 287232K(287232K)->0K(290304K) From: 64K(22016K)->64K(18944K)
[1025.935s][info][gc,heap        ] GC(2818) ParOldGen: 160027K(175104K)->160043K(175104K)
[1025.935s][info][gc,metaspace   ] GC(2818) Metaspace: 35556K(36416K)->35556K(36416K) NonClass: 29283K(29952K)->29283K(29952K) Class: 6272K(6464K)->6272K(6464K)
[1025.935s][info][gc             ] GC(2818) Pause Young (Allocation Failure) 436M->156M(473M) 1.033ms
[1025.935s][info][gc,cpu         ] GC(2818) User=0.00s Sys=0.00s Real=0.00s
[1026.132s][info][gc,start       ] GC(2819) Pause Young (Allocation Failure)
[1026.133s][info][gc,heap        ] GC(2819) PSYoungGen: 290368K(309248K)->32K(310784K) Eden: 290304K(290304K)->0K(290304K) From: 64K(18944K)->32K(20480K)
[1026.133s][info][gc,heap        ] GC(2819) ParOldGen: 160043K(175104K)->160043K(175104K)
[1026.133s][info][gc,metaspace   ] GC(2819) Metaspace: 35556K(36416K)->35556K(36416K) NonClass: 29283K(29952K)->29283K(29952K) Class: 6272K(6464K)->6272K(6464K)
[1026.133s][info][gc             ] GC(2819) Pause Young (Allocation Failure) 439M->156M(474M) 0.983ms
[1026.133s][info][gc,cpu         ] GC(2819) User=0.00s Sys=0.00s Real=0.00s
[1026.469s][info][gc,start       ] GC(2820) Pause Young (Allocation Failure)
[1026.470s][info][gc,heap        ] GC(2820) PSYoungGen: 290336K(310784K)->64K(311808K) Eden: 290304K(290304K)->0K(293888K) From: 32K(20480K)->64K(17920K)
[1026.470s][info][gc,heap        ] GC(2820) ParOldGen: 160043K(175104K)->160043K(175104K)
[1026.470s][info][gc,metaspace   ] GC(2820) Metaspace: 35556K(36416K)->35556K(36416K) NonClass: 29283K(29952K)->29283K(29952K) Class: 6272K(6464K)->6272K(6464K)
[1026.470s][info][gc             ] GC(2820) Pause Young (Allocation Failure) 439M->156M(475M) 1.137ms
[1026.470s][info][gc,cpu         ] GC(2820) User=0.00s Sys=0.00s Real=0.00s
[1026.601s][info][gc,start       ] GC(2821) Pause Young (Allocation Failure)
[1026.602s][info][gc,heap        ] GC(2821) PSYoungGen: 293952K(311808K)->64K(312832K) Eden: 293888K(293888K)->0K(293888K) From: 64K(17920K)->64K(18944K)
[1026.602s][info][gc,heap        ] GC(2821) ParOldGen: 160043K(175104K)->160051K(175104K)
[1026.602s][info][gc,metaspace   ] GC(2821) Metaspace: 35556K(36416K)->35556K(36416K) NonClass: 29283K(29952K)->29283K(29952K) Class: 6272K(6464K)->6272K(6464K)
[1026.602s][info][gc             ] GC(2821) Pause Young (Allocation Failure) 443M->156M(476M) 1.005ms
[1026.602s][info][gc,cpu         ] GC(2821) User=0.00s Sys=0.00s Real=0.00s
[1026.654s][info][gc,start       ] GC(2822) Pause Young (Allocation Failure)
[1026.655s][info][gc,heap        ] GC(2822) PSYoungGen: 293952K(312832K)->64K(312832K) Eden: 293888K(293888K)->0K(296960K) From: 64K(18944K)->64K(15872K)
[1026.655s][info][gc,heap        ] GC(2822) ParOldGen: 160051K(175104K)->160067K(175104K)
[1026.655s][info][gc,metaspace   ] GC(2822) Metaspace: 35556K(36416K)->35556K(36416K) NonClass: 29283K(29952K)->29283K(29952K) Class: 6272K(6464K)->6272K(6464K)
[1026.655s][info][gc             ] GC(2822) Pause Young (Allocation Failure) 443M->156M(476M) 0.966ms
[1026.655s][info][gc,cpu         ] GC(2822) User=0.00s Sys=0.00s Real=0.00s
[1026.779s][info][gc,start       ] GC(2823) Pause Young (Allocation Failure)
[1026.780s][info][gc,heap        ] GC(2823) PSYoungGen: 297024K(312832K)->64K(313856K) Eden: 296960K(296960K)->0K(296960K) From: 64K(15872K)->64K(16896K)
[1026.780s][info][gc,heap        ] GC(2823) ParOldGen: 160067K(175104K)->160067K(175104K)
[1026.780s][info][gc,metaspace   ] GC(2823) Metaspace: 35556K(36416K)->35556K(36416K) NonClass: 29283K(29952K)->29283K(29952K) Class: 6272K(6464K)->6272K(6464K)
[1026.780s][info][gc             ] GC(2823) Pause Young (Allocation Failure) 446M->156M(477M) 0.998ms
[1026.780s][info][gc,cpu         ] GC(2823) User=0.00s Sys=0.00s Real=0.00s
[1026.995s][info][gc,start       ] GC(2824) Pause Young (Allocation Failure)
[1026.996s][info][gc,heap        ] GC(2824) PSYoungGen: 297024K(313856K)->64K(314880K) Eden: 296960K(296960K)->0K(301056K) From: 64K(16896K)->64K(13824K)
[1026.996s][info][gc,heap        ] GC(2824) ParOldGen: 160067K(175104K)->160075K(175104K)
[1026.996s][info][gc,metaspace   ] GC(2824) Metaspace: 35556K(36416K)->35556K(36416K) NonClass: 29283K(29952K)->29283K(29952K) Class: 6272K(6464K)->6272K(6464K)
[1026.996s][info][gc             ] GC(2824) Pause Young (Allocation Failure) 446M->156M(478M) 1.010ms
[1026.996s][info][gc,cpu         ] GC(2824) User=0.00s Sys=0.00s Real=0.00s
[1027.164s][info][gc,start       ] GC(2825) Pause Young (Allocation Failure)
[1027.165s][info][gc,heap        ] GC(2825) PSYoungGen: 301120K(314880K)->64K(315904K) Eden: 301056K(301056K)->0K(301056K) From: 64K(13824K)->64K(14848K)
[1027.165s][info][gc,heap        ] GC(2825) ParOldGen: 160075K(175104K)->160083K(175104K)
[1027.165s][info][gc,metaspace   ] GC(2825) Metaspace: 35556K(36416K)->35556K(36416K) NonClass: 29283K(29952K)->29283K(29952K) Class: 6272K(6464K)->6272K(6464K)
[1027.165s][info][gc             ] GC(2825) Pause Young (Allocation Failure) 450M->156M(479M) 1.066ms
[1027.165s][info][gc,cpu         ] GC(2825) User=0.00s Sys=0.00s Real=0.00s
[1027.247s][info][gc,start       ] GC(2826) Pause Young (Allocation Failure)
[1027.248s][info][gc,heap        ] GC(2826) PSYoungGen: 301120K(315904K)->64K(316416K) Eden: 301056K(301056K)->0K(304640K) From: 64K(14848K)->64K(11776K)
[1027.248s][info][gc,heap        ] GC(2826) ParOldGen: 160083K(175104K)->160099K(175104K)
[1027.248s][info][gc,metaspace   ] GC(2826) Metaspace: 35556K(36416K)->35556K(36416K) NonClass: 29283K(29952K)->29283K(29952K) Class: 6272K(6464K)->6272K(6464K)
[1027.248s][info][gc             ] GC(2826) Pause Young (Allocation Failure) 450M->156M(480M) 1.028ms
[1027.248s][info][gc,cpu         ] GC(2826) User=0.00s Sys=0.00s Real=0.00s
[1027.409s][info][gc,start       ] GC(2827) Pause Young (Allocation Failure)
[1027.410s][info][gc,heap        ] GC(2827) PSYoungGen: 304704K(316416K)->64K(292864K) Eden: 304640K(304640K)->0K(292352K) From: 64K(11776K)->64K(512K)
[1027.410s][info][gc,heap        ] GC(2827) ParOldGen: 160099K(175104K)->160099K(175104K)
[1027.410s][info][gc,metaspace   ] GC(2827) Metaspace: 35556K(36416K)->35556K(36416K) NonClass: 29283K(29952K)->29283K(29952K) Class: 6272K(6464K)->6272K(6464K)
[1027.410s][info][gc             ] GC(2827) Pause Young (Allocation Failure) 453M->156M(457M) 1.206ms
[1027.410s][info][gc,cpu         ] GC(2827) User=0.00s Sys=0.01s Real=0.00s
[1027.826s][info][gc,start       ] GC(2828) Pause Young (Allocation Failure)
[1027.828s][info][gc,heap        ] GC(2828) PSYoungGen: 292416K(292864K)->64K(281600K) Eden: 292352K(292352K)->0K(281088K) From: 64K(512K)->64K(512K)
[1027.828s][info][gc,heap        ] GC(2828) ParOldGen: 160099K(175104K)->160107K(175104K)
[1027.828s][info][gc,metaspace   ] GC(2828) Metaspace: 35556K(36416K)->35556K(36416K) NonClass: 29283K(29952K)->29283K(29952K) Class: 6272K(6464K)->6272K(6464K)
[1027.828s][info][gc             ] GC(2828) Pause Young (Allocation Failure) 441M->156M(446M) 2.174ms
[1027.828s][info][gc,cpu         ] GC(2828) User=0.00s Sys=0.00s Real=0.01s
[1028.989s][info][gc,start       ] GC(2829) Pause Young (Allocation Failure)
[1028.990s][info][gc,heap        ] GC(2829) PSYoungGen: 281152K(281600K)->64K(282112K) Eden: 281088K(281088K)->0K(270336K) From: 64K(512K)->64K(11776K)
[1028.990s][info][gc,heap        ] GC(2829) ParOldGen: 160107K(175104K)->160115K(175104K)
[1028.990s][info][gc,metaspace   ] GC(2829) Metaspace: 35556K(36416K)->35556K(36416K) NonClass: 29283K(29952K)->29283K(29952K) Class: 6272K(6464K)->6272K(6464K)
[1028.990s][info][gc             ] GC(2829) Pause Young (Allocation Failure) 430M->156M(446M) 1.587ms
[1028.990s][info][gc,cpu         ] GC(2829) User=0.00s Sys=0.00s Real=0.00s
[1029.447s][info][gc,start       ] GC(2830) Pause Young (Allocation Failure)
[1029.449s][info][gc,heap        ] GC(2830) PSYoungGen: 270400K(282112K)->64K(260608K) Eden: 270336K(270336K)->0K(260096K) From: 64K(11776K)->64K(512K)
[1029.449s][info][gc,heap        ] GC(2830) ParOldGen: 160115K(175104K)->160123K(175104K)
[1029.449s][info][gc,metaspace   ] GC(2830) Metaspace: 35556K(36416K)->35556K(36416K) NonClass: 29283K(29952K)->29283K(29952K) Class: 6272K(6464K)->6272K(6464K)
[1029.449s][info][gc             ] GC(2830) Pause Young (Allocation Failure) 420M->156M(425M) 2.121ms
[1029.449s][info][gc,cpu         ] GC(2830) User=0.01s Sys=0.00s Real=0.00s
[1029.891s][info][gc,start       ] GC(2831) Pause Young (Allocation Failure)
[1029.893s][info][gc,heap        ] GC(2831) PSYoungGen: 260160K(260608K)->64K(260608K) Eden: 260096K(260096K)->0K(250368K) From: 64K(512K)->64K(10240K)
[1029.893s][info][gc,heap        ] GC(2831) ParOldGen: 160123K(175104K)->160131K(175104K)
[1029.893s][info][gc,metaspace   ] GC(2831) Metaspace: 35556K(36416K)->35556K(36416K) NonClass: 29283K(29952K)->29283K(29952K) Class: 6272K(6464K)->6272K(6464K)
[1029.893s][info][gc             ] GC(2831) Pause Young (Allocation Failure) 410M->156M(425M) 1.590ms
[1029.893s][info][gc,cpu         ] GC(2831) User=0.00s Sys=0.00s Real=0.00s
[1030.862s][info][gc,start       ] GC(2832) Pause Young (Allocation Failure)
[1030.865s][info][gc,heap        ] GC(2832) PSYoungGen: 250432K(260608K)->64K(241152K) Eden: 250368K(250368K)->0K(240640K) From: 64K(10240K)->64K(512K)
[1030.865s][info][gc,heap        ] GC(2832) ParOldGen: 160131K(175104K)->160139K(175104K)
[1030.865s][info][gc,metaspace   ] GC(2832) Metaspace: 35556K(36416K)->35556K(36416K) NonClass: 29283K(29952K)->29283K(29952K) Class: 6272K(6464K)->6272K(6464K)
[1030.865s][info][gc             ] GC(2832) Pause Young (Allocation Failure) 400M->156M(406M) 2.752ms
[1030.865s][info][gc,cpu         ] GC(2832) User=0.01s Sys=0.00s Real=0.00s
[1031.079s][info][gc,start       ] GC(2833) Pause Young (Allocation Failure)
[1031.080s][info][gc,heap        ] GC(2833) PSYoungGen: 240704K(241152K)->64K(240128K) Eden: 240640K(240640K)->0K(231424K) From: 64K(512K)->64K(8704K)
[1031.080s][info][gc,heap        ] GC(2833) ParOldGen: 160139K(175104K)->160147K(175104K)
[1031.080s][info][gc,metaspace   ] GC(2833) Metaspace: 35556K(36416K)->35556K(36416K) NonClass: 29283K(29952K)->29283K(29952K) Class: 6272K(6464K)->6272K(6464K)
[1031.080s][info][gc             ] GC(2833) Pause Young (Allocation Failure) 391M->156M(405M) 1.712ms
[1031.080s][info][gc,cpu         ] GC(2833) User=0.00s Sys=0.00s Real=0.00s
[1031.444s][info][gc,start       ] GC(2834) Pause Young (Allocation Failure)
[1031.447s][info][gc,heap        ] GC(2834) PSYoungGen: 231488K(240128K)->64K(223232K) Eden: 231424K(231424K)->0K(222720K) From: 64K(8704K)->64K(512K)
[1031.447s][info][gc,heap        ] GC(2834) ParOldGen: 160147K(175104K)->160155K(175104K)
[1031.447s][info][gc,metaspace   ] GC(2834) Metaspace: 35556K(36416K)->35556K(36416K) NonClass: 29283K(29952K)->29283K(29952K) Class: 6272K(6464K)->6272K(6464K)
[1031.447s][info][gc             ] GC(2834) Pause Young (Allocation Failure) 382M->156M(389M) 2.695ms
[1031.447s][info][gc,cpu         ] GC(2834) User=0.00s Sys=0.00s Real=0.01s
[1031.513s][info][gc,start       ] GC(2835) Pause Young (Allocation Failure)
[1031.515s][info][gc,heap        ] GC(2835) PSYoungGen: 222784K(223232K)->64K(222208K) Eden: 222720K(222720K)->0K(214528K) From: 64K(512K)->64K(7680K)
[1031.515s][info][gc,heap        ] GC(2835) ParOldGen: 160155K(175104K)->160163K(175104K)
[1031.515s][info][gc,metaspace   ] GC(2835) Metaspace: 35556K(36416K)->35556K(36416K) NonClass: 29283K(29952K)->29283K(29952K) Class: 6272K(6464K)->6272K(6464K)
[1031.515s][info][gc             ] GC(2835) Pause Young (Allocation Failure) 373M->156M(388M) 1.499ms
[1031.515s][info][gc,cpu         ] GC(2835) User=0.00s Sys=0.00s Real=0.00s
[1031.786s][info][gc,start       ] GC(2836) Pause Young (Allocation Failure)
[1031.788s][info][gc,heap        ] GC(2836) PSYoungGen: 214592K(222208K)->64K(207360K) Eden: 214528K(214528K)->0K(206848K) From: 64K(7680K)->64K(512K)
[1031.788s][info][gc,heap        ] GC(2836) ParOldGen: 160163K(175104K)->160171K(175104K)
[1031.788s][info][gc,metaspace   ] GC(2836) Metaspace: 35556K(36416K)->35556K(36416K) NonClass: 29283K(29952K)->29283K(29952K) Class: 6272K(6464K)->6272K(6464K)
[1031.788s][info][gc             ] GC(2836) Pause Young (Allocation Failure) 365M->156M(373M) 2.105ms
[1031.788s][info][gc,cpu         ] GC(2836) User=0.00s Sys=0.00s Real=0.01s
[1032.225s][info][gc,start       ] GC(2837) Pause Young (Allocation Failure)
[1032.226s][info][gc,heap        ] GC(2837) PSYoungGen: 206912K(207360K)->64K(205824K) Eden: 206848K(206848K)->0K(199168K) From: 64K(512K)->64K(6656K)
[1032.226s][info][gc,heap        ] GC(2837) ParOldGen: 160171K(175104K)->160187K(175104K)
[1032.227s][info][gc,metaspace   ] GC(2837) Metaspace: 35556K(36416K)->35556K(36416K) NonClass: 29283K(29952K)->29283K(29952K) Class: 6272K(6464K)->6272K(6464K)
[1032.227s][info][gc             ] GC(2837) Pause Young (Allocation Failure) 358M->156M(372M) 1.582ms
[1032.227s][info][gc,cpu         ] GC(2837) User=0.00s Sys=0.00s Real=0.00s
[1032.448s][info][gc,start       ] GC(2838) Pause Young (Allocation Failure)
[1032.450s][info][gc,heap        ] GC(2838) PSYoungGen: 199232K(205824K)->64K(192512K) Eden: 199168K(199168K)->0K(192000K) From: 64K(6656K)->64K(512K)
[1032.450s][info][gc,heap        ] GC(2838) ParOldGen: 160187K(175104K)->160195K(175104K)
[1032.450s][info][gc,metaspace   ] GC(2838) Metaspace: 35556K(36416K)->35556K(36416K) NonClass: 29283K(29952K)->29283K(29952K) Class: 6272K(6464K)->6272K(6464K)
[1032.450s][info][gc             ] GC(2838) Pause Young (Allocation Failure) 350M->156M(359M) 2.193ms
[1032.450s][info][gc,cpu         ] GC(2838) User=0.00s Sys=0.00s Real=0.00s
[1032.732s][info][gc,start       ] GC(2839) Pause Young (Allocation Failure)
[1032.753s][info][gc,heap        ] GC(2839) PSYoungGen: 192064K(192512K)->5632K(234496K) Eden: 192000K(192000K)->0K(228864K) From: 64K(512K)->5632K(5632K)
[1032.753s][info][gc,heap        ] GC(2839) ParOldGen: 160195K(175104K)->167523K(175104K)
[1032.753s][info][gc,metaspace   ] GC(2839) Metaspace: 35556K(36416K)->35556K(36416K) NonClass: 29283K(29952K)->29283K(29952K) Class: 6272K(6464K)->6272K(6464K)
[1032.753s][info][gc             ] GC(2839) Pause Young (Allocation Failure) 344M->169M(400M) 21.356ms
[1032.753s][info][gc,cpu         ] GC(2839) User=0.04s Sys=0.00s Real=0.02s
[1033.005s][info][gc,start       ] GC(2840) Pause Young (Allocation Failure)
[1033.053s][info][gc,heap        ] GC(2840) PSYoungGen: 234496K(234496K)->5632K(251392K) Eden: 228864K(228864K)->0K(245760K) From: 5632K(5632K)->5632K(5632K)
[1033.053s][info][gc,heap        ] GC(2840) ParOldGen: 167523K(175104K)->186315K(186368K)
[1033.053s][info][gc,metaspace   ] GC(2840) Metaspace: 35556K(36416K)->35556K(36416K) NonClass: 29283K(29952K)->29283K(29952K) Class: 6272K(6464K)->6272K(6464K)
[1033.053s][info][gc             ] GC(2840) Pause Young (Allocation Failure) 392M->187M(427M) 48.037ms
[1033.053s][info][gc,cpu         ] GC(2840) User=0.09s Sys=0.01s Real=0.05s
[1033.324s][info][gc,start       ] GC(2841) Pause Young (Allocation Failure)
[1033.375s][info][gc,heap        ] GC(2841) PSYoungGen: 251392K(251392K)->17408K(263168K) Eden: 245760K(245760K)->0K(245760K) From: 5632K(5632K)->17408K(17408K)
[1033.375s][info][gc,heap        ] GC(2841) ParOldGen: 186315K(186368K)->195507K(195584K)
[1033.375s][info][gc,metaspace   ] GC(2841) Metaspace: 35556K(36416K)->35556K(36416K) NonClass: 29283K(29952K)->29283K(29952K) Class: 6272K(6464K)->6272K(6464K)
[1033.375s][info][gc             ] GC(2841) Pause Young (Allocation Failure) 427M->207M(448M) 51.552ms
[1033.375s][info][gc,cpu         ] GC(2841) User=0.10s Sys=0.00s Real=0.05s
[1033.485s][info][gc,start       ] GC(2842) Pause Young (Allocation Failure)
[1033.500s][info][gc,heap        ] GC(2842) PSYoungGen: 263168K(263168K)->5952K(311296K) Eden: 245760K(245760K)->0K(286720K) From: 17408K(17408K)->5952K(24576K)
[1033.500s][info][gc,heap        ] GC(2842) ParOldGen: 195507K(195584K)->195827K(196096K)
[1033.500s][info][gc,metaspace   ] GC(2842) Metaspace: 35556K(36416K)->35556K(36416K) NonClass: 29283K(29952K)->29283K(29952K) Class: 6272K(6464K)->6272K(6464K)
[1033.501s][info][gc             ] GC(2842) Pause Young (Allocation Failure) 447M->197M(495M) 15.189ms
[1033.501s][info][gc,cpu         ] GC(2842) User=0.03s Sys=0.00s Real=0.02s
[1033.937s][info][gc,start       ] GC(2843) Pause Young (Allocation Failure)
[1033.938s][info][gc,heap        ] GC(2843) PSYoungGen: 292672K(311296K)->64K(287232K) Eden: 286720K(286720K)->0K(286720K) From: 5952K(24576K)->64K(512K)
[1033.938s][info][gc,heap        ] GC(2843) ParOldGen: 195827K(196096K)->195835K(196096K)
[1033.938s][info][gc,metaspace   ] GC(2843) Metaspace: 35556K(36416K)->35556K(36416K) NonClass: 29283K(29952K)->29283K(29952K) Class: 6272K(6464K)->6272K(6464K)
[1033.938s][info][gc             ] GC(2843) Pause Young (Allocation Failure) 477M->191M(472M) 1.167ms
[1033.938s][info][gc,cpu         ] GC(2843) User=0.01s Sys=0.00s Real=0.00s
[1034.557s][info][gc,start       ] GC(2844) Pause Young (Allocation Failure)
[1034.558s][info][gc,heap        ] GC(2844) PSYoungGen: 286784K(287232K)->64K(309248K) Eden: 286720K(286720K)->0K(287232K) From: 64K(512K)->64K(22016K)
[1034.558s][info][gc,heap        ] GC(2844) ParOldGen: 195835K(196096K)->195843K(196096K)
[1034.558s][info][gc,metaspace   ] GC(2844) Metaspace: 35556K(36416K)->35556K(36416K) NonClass: 29283K(29952K)->29283K(29952K) Class: 6272K(6464K)->6272K(6464K)
[1034.558s][info][gc             ] GC(2844) Pause Young (Allocation Failure) 471M->191M(493M) 1.146ms
[1034.558s][info][gc,cpu         ] GC(2844) User=0.00s Sys=0.00s Real=0.00s
[1035.006s][info][gc,start       ] GC(2845) Pause Young (Allocation Failure)
[1035.007s][info][gc,heap        ] GC(2845) PSYoungGen: 287296K(309248K)->64K(308736K) Eden: 287232K(287232K)->0K(287232K) From: 64K(22016K)->64K(21504K)
[1035.007s][info][gc,heap        ] GC(2845) ParOldGen: 195843K(196096K)->195859K(196096K)
[1035.007s][info][gc,metaspace   ] GC(2845) Metaspace: 35556K(36416K)->35556K(36416K) NonClass: 29283K(29952K)->29283K(29952K) Class: 6272K(6464K)->6272K(6464K)
[1035.007s][info][gc             ] GC(2845) Pause Young (Allocation Failure) 471M->191M(493M) 1.157ms
[1035.007s][info][gc,cpu         ] GC(2845) User=0.00s Sys=0.00s Real=0.01s
[1035.197s][info][gc,start       ] GC(2846) Pause Young (Allocation Failure)
[1035.198s][info][gc,heap        ] GC(2846) PSYoungGen: 287296K(308736K)->64K(311296K) Eden: 287232K(287232K)->0K(291328K) From: 64K(21504K)->64K(19968K)
[1035.198s][info][gc,heap        ] GC(2846) ParOldGen: 195859K(196096K)->195875K(196096K)
[1035.198s][info][gc,metaspace   ] GC(2846) Metaspace: 35556K(36416K)->35556K(36416K) NonClass: 29283K(29952K)->29283K(29952K) Class: 6272K(6464K)->6272K(6464K)
[1035.198s][info][gc             ] GC(2846) Pause Young (Allocation Failure) 471M->191M(495M) 1.042ms
[1035.198s][info][gc,cpu         ] GC(2846) User=0.00s Sys=0.00s Real=0.00s
[1035.396s][info][gc,start       ] GC(2847) Pause Young (Allocation Failure)
[1035.397s][info][gc,heap        ] GC(2847) PSYoungGen: 291392K(311296K)->64K(311296K) Eden: 291328K(291328K)->0K(291328K) From: 64K(19968K)->64K(19968K)
[1035.397s][info][gc,heap        ] GC(2847) ParOldGen: 195875K(196096K)->195875K(196096K)
[1035.397s][info][gc,metaspace   ] GC(2847) Metaspace: 35556K(36416K)->35556K(36416K) NonClass: 29283K(29952K)->29283K(29952K) Class: 6272K(6464K)->6272K(6464K)
[1035.397s][info][gc             ] GC(2847) Pause Young (Allocation Failure) 475M->191M(495M) 1.056ms
[1035.397s][info][gc,cpu         ] GC(2847) User=0.01s Sys=0.00s Real=0.01s
[1035.744s][info][gc,start       ] GC(2848) Pause Young (Allocation Failure)
[1035.745s][info][gc,heap        ] GC(2848) PSYoungGen: 291392K(311296K)->64K(313344K) Eden: 291328K(291328K)->0K(294400K) From: 64K(19968K)->64K(18944K)
[1035.745s][info][gc,heap        ] GC(2848) ParOldGen: 195875K(196096K)->195875K(196096K)
[1035.745s][info][gc,metaspace   ] GC(2848) Metaspace: 35556K(36416K)->35556K(36416K) NonClass: 29283K(29952K)->29283K(29952K) Class: 6272K(6464K)->6272K(6464K)
[1035.745s][info][gc             ] GC(2848) Pause Young (Allocation Failure) 475M->191M(497M) 1.063ms
[1035.745s][info][gc,cpu         ] GC(2848) User=0.00s Sys=0.00s Real=0.00s
[1035.848s][info][gc,start       ] GC(2849) Pause Young (Allocation Failure)
[1035.849s][info][gc,heap        ] GC(2849) PSYoungGen: 294464K(313344K)->64K(312832K) Eden: 294400K(294400K)->0K(294400K) From: 64K(18944K)->64K(18432K)
[1035.849s][info][gc,heap        ] GC(2849) ParOldGen: 195875K(196096K)->195883K(196096K)
[1035.849s][info][gc,metaspace   ] GC(2849) Metaspace: 35556K(36416K)->35556K(36416K) NonClass: 29283K(29952K)->29283K(29952K) Class: 6272K(6464K)->6272K(6464K)
[1035.849s][info][gc             ] GC(2849) Pause Young (Allocation Failure) 478M->191M(497M) 1.029ms
[1035.849s][info][gc,cpu         ] GC(2849) User=0.01s Sys=0.00s Real=0.00s
[1035.904s][info][gc,start       ] GC(2850) Pause Young (Allocation Failure)
[1035.905s][info][gc,heap        ] GC(2850) PSYoungGen: 294464K(312832K)->64K(314368K) Eden: 294400K(294400K)->0K(297472K) From: 64K(18432K)->64K(16896K)
[1035.905s][info][gc,heap        ] GC(2850) ParOldGen: 195883K(196096K)->195899K(196096K)
[1035.905s][info][gc,metaspace   ] GC(2850) Metaspace: 35556K(36416K)->35556K(36416K) NonClass: 29283K(29952K)->29283K(29952K) Class: 6272K(6464K)->6272K(6464K)
[1035.905s][info][gc             ] GC(2850) Pause Young (Allocation Failure) 478M->191M(498M) 0.996ms
[1035.905s][info][gc,cpu         ] GC(2850) User=0.00s Sys=0.00s Real=0.00s
[1036.052s][info][gc,start       ] GC(2851) Pause Young (Allocation Failure)
[1036.053s][info][gc,heap        ] GC(2851) PSYoungGen: 297536K(314368K)->64K(313856K) Eden: 297472K(297472K)->0K(297472K) From: 64K(16896K)->64K(16384K)
[1036.053s][info][gc,heap        ] GC(2851) ParOldGen: 195899K(196096K)->195899K(196096K)
[1036.053s][info][gc,metaspace   ] GC(2851) Metaspace: 35556K(36416K)->35556K(36416K) NonClass: 29283K(29952K)->29283K(29952K) Class: 6272K(6464K)->6272K(6464K)
[1036.053s][info][gc             ] GC(2851) Pause Young (Allocation Failure) 481M->191M(498M) 1.114ms
[1036.053s][info][gc,cpu         ] GC(2851) User=0.00s Sys=0.00s Real=0.00s
[1036.269s][info][gc,start       ] GC(2852) Pause Young (Allocation Failure)
[1036.270s][info][gc,heap        ] GC(2852) PSYoungGen: 297536K(313856K)->64K(316416K) Eden: 297472K(297472K)->0K(301056K) From: 64K(16384K)->64K(15360K)
[1036.270s][info][gc,heap        ] GC(2852) ParOldGen: 195899K(196096K)->195907K(196096K)
[1036.270s][info][gc,metaspace   ] GC(2852) Metaspace: 35556K(36416K)->35556K(36416K) NonClass: 29283K(29952K)->29283K(29952K) Class: 6272K(6464K)->6272K(6464K)
[1036.270s][info][gc             ] GC(2852) Pause Young (Allocation Failure) 481M->191M(500M) 1.067ms
[1036.270s][info][gc,cpu         ] GC(2852) User=0.00s Sys=0.00s Real=0.00s
[1036.423s][info][gc,start       ] GC(2853) Pause Young (Allocation Failure)
[1036.424s][info][gc,heap        ] GC(2853) PSYoungGen: 301120K(316416K)->64K(315904K) Eden: 301056K(301056K)->0K(301056K) From: 64K(15360K)->64K(14848K)
[1036.424s][info][gc,heap        ] GC(2853) ParOldGen: 195907K(196096K)->195915K(196096K)
[1036.424s][info][gc,metaspace   ] GC(2853) Metaspace: 35556K(36416K)->35556K(36416K) NonClass: 29283K(29952K)->29283K(29952K) Class: 6272K(6464K)->6272K(6464K)
[1036.424s][info][gc             ] GC(2853) Pause Young (Allocation Failure) 485M->191M(500M) 1.101ms
[1036.424s][info][gc,cpu         ] GC(2853) User=0.00s Sys=0.00s Real=0.00s
[1036.507s][info][gc,start       ] GC(2854) Pause Young (Allocation Failure)
[1036.507s][info][gc,heap        ] GC(2854) PSYoungGen: 301120K(315904K)->64K(317952K) Eden: 301056K(301056K)->0K(304640K) From: 64K(14848K)->64K(13312K)
[1036.508s][info][gc,heap        ] GC(2854) ParOldGen: 195915K(196096K)->195931K(196096K)
[1036.508s][info][gc,metaspace   ] GC(2854) Metaspace: 35556K(36416K)->35556K(36416K) NonClass: 29283K(29952K)->29283K(29952K) Class: 6272K(6464K)->6272K(6464K)
[1036.508s][info][gc             ] GC(2854) Pause Young (Allocation Failure) 485M->191M(502M) 1.031ms
[1036.508s][info][gc,cpu         ] GC(2854) User=0.00s Sys=0.00s Real=0.01s
[1036.681s][info][gc,start       ] GC(2855) Pause Young (Allocation Failure)
[1036.682s][info][gc,heap        ] GC(2855) PSYoungGen: 304704K(317952K)->64K(317440K) Eden: 304640K(304640K)->0K(304640K) From: 64K(13312K)->64K(12800K)
[1036.682s][info][gc,heap        ] GC(2855) ParOldGen: 195931K(196096K)->195931K(196096K)
[1036.682s][info][gc,metaspace   ] GC(2855) Metaspace: 35556K(36416K)->35556K(36416K) NonClass: 29283K(29952K)->29283K(29952K) Class: 6272K(6464K)->6272K(6464K)
[1036.682s][info][gc             ] GC(2855) Pause Young (Allocation Failure) 488M->191M(501M) 1.285ms
[1036.682s][info][gc,cpu         ] GC(2855) User=0.00s Sys=0.00s Real=0.00s
[1037.672s][info][gc,start       ] GC(2856) Pause Young (Allocation Failure)
[1037.673s][info][gc,heap        ] GC(2856) PSYoungGen: 304704K(317440K)->83K(292864K) Eden: 304640K(304640K)->0K(292352K) From: 64K(12800K)->83K(512K)
[1037.673s][info][gc,heap        ] GC(2856) ParOldGen: 195931K(196096K)->195939K(196096K)
[1037.673s][info][gc,metaspace   ] GC(2856) Metaspace: 35556K(36416K)->35556K(36416K) NonClass: 29283K(29952K)->29283K(29952K) Class: 6272K(6464K)->6272K(6464K)
[1037.673s][info][gc             ] GC(2856) Pause Young (Allocation Failure) 488M->191M(477M) 1.094ms
[1037.673s][info][gc,cpu         ] GC(2856) User=0.00s Sys=0.00s Real=0.00s
[1038.568s][info][gc,start       ] GC(2857) Pause Young (Allocation Failure)
[1038.569s][info][gc,heap        ] GC(2857) PSYoungGen: 292435K(292864K)->64K(292352K) Eden: 292352K(292352K)->0K(281088K) From: 83K(512K)->64K(11264K)
[1038.569s][info][gc,heap        ] GC(2857) ParOldGen: 195939K(196096K)->195947K(196096K)
[1038.569s][info][gc,metaspace   ] GC(2857) Metaspace: 35556K(36416K)->35556K(36416K) NonClass: 29283K(29952K)->29283K(29952K) Class: 6272K(6464K)->6272K(6464K)
[1038.569s][info][gc             ] GC(2857) Pause Young (Allocation Failure) 476M->191M(477M) 1.090ms
[1038.569s][info][gc,cpu         ] GC(2857) User=0.00s Sys=0.00s Real=0.00s
[1038.806s][info][gc,start       ] GC(2858) Pause Young (Allocation Failure)
[1038.807s][info][gc,heap        ] GC(2858) PSYoungGen: 281152K(292352K)->64K(270848K) Eden: 281088K(281088K)->0K(270336K) From: 64K(11264K)->64K(512K)
[1038.807s][info][gc,heap        ] GC(2858) ParOldGen: 195947K(196096K)->195955K(196096K)
[1038.807s][info][gc,metaspace   ] GC(2858) Metaspace: 35556K(36416K)->35556K(36416K) NonClass: 29283K(29952K)->29283K(29952K) Class: 6272K(6464K)->6272K(6464K)
[1038.807s][info][gc             ] GC(2858) Pause Young (Allocation Failure) 465M->191M(456M) 1.450ms
[1038.808s][info][gc,cpu         ] GC(2858) User=0.00s Sys=0.00s Real=0.01s
[1039.239s][info][gc,start       ] GC(2859) Pause Young (Allocation Failure)
[1039.240s][info][gc,heap        ] GC(2859) PSYoungGen: 270400K(270848K)->64K(270336K) Eden: 270336K(270336K)->0K(260096K) From: 64K(512K)->64K(10240K)
[1039.240s][info][gc,heap        ] GC(2859) ParOldGen: 195955K(196096K)->195963K(196096K)
[1039.240s][info][gc,metaspace   ] GC(2859) Metaspace: 35556K(36416K)->35556K(36416K) NonClass: 29283K(29952K)->29283K(29952K) Class: 6272K(6464K)->6272K(6464K)
[1039.240s][info][gc             ] GC(2859) Pause Young (Allocation Failure) 455M->191M(455M) 1.083ms
[1039.240s][info][gc,cpu         ] GC(2859) User=0.00s Sys=0.00s Real=0.00s
[1040.234s][info][gc,start       ] GC(2860) Pause Young (Allocation Failure)
[1040.236s][info][gc,heap        ] GC(2860) PSYoungGen: 260160K(270336K)->64K(250880K) Eden: 260096K(260096K)->0K(250368K) From: 64K(10240K)->64K(512K)
[1040.236s][info][gc,heap        ] GC(2860) ParOldGen: 195963K(196096K)->195971K(196096K)
[1040.236s][info][gc,metaspace   ] GC(2860) Metaspace: 35556K(36416K)->35556K(36416K) NonClass: 29283K(29952K)->29283K(29952K) Class: 6272K(6464K)->6272K(6464K)
[1040.236s][info][gc             ] GC(2860) Pause Young (Allocation Failure) 445M->191M(436M) 1.469ms
[1040.236s][info][gc,cpu         ] GC(2860) User=0.00s Sys=0.00s Real=0.00s
[1040.613s][info][gc,start       ] GC(2861) Pause Young (Allocation Failure)
[1040.615s][info][gc,heap        ] GC(2861) PSYoungGen: 250432K(250880K)->64K(249344K) Eden: 250368K(250368K)->0K(240640K) From: 64K(512K)->64K(8704K)
[1040.615s][info][gc,heap        ] GC(2861) ParOldGen: 195971K(196096K)->195987K(196096K)
[1040.615s][info][gc,metaspace   ] GC(2861) Metaspace: 35556K(36416K)->35556K(36416K) NonClass: 29283K(29952K)->29283K(29952K) Class: 6272K(6464K)->6272K(6464K)
[1040.615s][info][gc             ] GC(2861) Pause Young (Allocation Failure) 435M->191M(435M) 1.823ms
[1040.615s][info][gc,cpu         ] GC(2861) User=0.00s Sys=0.00s Real=0.00s
[1040.783s][info][gc,start       ] GC(2862) Pause Young (Allocation Failure)
[1040.785s][info][gc,heap        ] GC(2862) PSYoungGen: 240704K(249344K)->32K(231936K) Eden: 240640K(240640K)->0K(231424K) From: 64K(8704K)->32K(512K)
[1040.785s][info][gc,heap        ] GC(2862) ParOldGen: 195987K(196096K)->195995K(196096K)
[1040.785s][info][gc,metaspace   ] GC(2862) Metaspace: 35556K(36416K)->35556K(36416K) NonClass: 29283K(29952K)->29283K(29952K) Class: 6272K(6464K)->6272K(6464K)
[1040.785s][info][gc             ] GC(2862) Pause Young (Allocation Failure) 426M->191M(418M) 2.205ms
[1040.785s][info][gc,cpu         ] GC(2862) User=0.01s Sys=0.00s Real=0.00s
[1040.871s][info][gc,start       ] GC(2863) Pause Young (Allocation Failure)
[1040.872s][info][gc,heap        ] GC(2863) PSYoungGen: 231456K(231936K)->64K(230400K) Eden: 231424K(231424K)->0K(222720K) From: 32K(512K)->64K(7680K)
[1040.872s][info][gc,heap        ] GC(2863) ParOldGen: 195995K(196096K)->196003K(196096K)
[1040.872s][info][gc,metaspace   ] GC(2863) Metaspace: 35556K(36416K)->35556K(36416K) NonClass: 29283K(29952K)->29283K(29952K) Class: 6272K(6464K)->6272K(6464K)
[1040.872s][info][gc             ] GC(2863) Pause Young (Allocation Failure) 417M->191M(416M) 1.013ms
[1040.872s][info][gc,cpu         ] GC(2863) User=0.00s Sys=0.00s Real=0.00s
[1041.440s][info][gc,start       ] GC(2864) Pause Young (Allocation Failure)
[1041.441s][info][gc,heap        ] GC(2864) PSYoungGen: 222784K(230400K)->64K(215040K) Eden: 222720K(222720K)->0K(214528K) From: 64K(7680K)->64K(512K)
[1041.441s][info][gc,heap        ] GC(2864) ParOldGen: 196003K(196096K)->196011K(196096K)
[1041.441s][info][gc,metaspace   ] GC(2864) Metaspace: 35556K(36416K)->35556K(36416K) NonClass: 29283K(29952K)->29283K(29952K) Class: 6272K(6464K)->6272K(6464K)
[1041.441s][info][gc             ] GC(2864) Pause Young (Allocation Failure) 408M->191M(401M) 1.500ms
[1041.441s][info][gc,cpu         ] GC(2864) User=0.00s Sys=0.00s Real=0.00s
[1041.642s][info][gc,start       ] GC(2865) Pause Young (Allocation Failure)
[1041.643s][info][gc,heap        ] GC(2865) PSYoungGen: 214592K(215040K)->64K(213504K) Eden: 214528K(214528K)->0K(206848K) From: 64K(512K)->64K(6656K)
[1041.643s][info][gc,heap        ] GC(2865) ParOldGen: 196011K(196096K)->196019K(196096K)
[1041.643s][info][gc,metaspace   ] GC(2865) Metaspace: 35556K(36416K)->35556K(36416K) NonClass: 29283K(29952K)->29283K(29952K) Class: 6272K(6464K)->6272K(6464K)
[1041.643s][info][gc             ] GC(2865) Pause Young (Allocation Failure) 400M->191M(400M) 0.988ms
[1041.643s][info][gc,cpu         ] GC(2865) User=0.00s Sys=0.00s Real=0.00s
[1041.978s][info][gc,start       ] GC(2866) Pause Young (Allocation Failure)
[1041.992s][info][gc,heap        ] GC(2866) PSYoungGen: 206912K(213504K)->6144K(251392K) Eden: 206848K(206848K)->0K(245248K) From: 64K(6656K)->6144K(6144K)
[1041.992s][info][gc,heap        ] GC(2866) ParOldGen: 196019K(196096K)->197915K(198144K)
[1041.992s][info][gc,metaspace   ] GC(2866) Metaspace: 35556K(36416K)->35556K(36416K) NonClass: 29283K(29952K)->29283K(29952K) Class: 6272K(6464K)->6272K(6464K)
[1041.992s][info][gc             ] GC(2866) Pause Young (Allocation Failure) 393M->199M(439M) 13.569ms
[1041.992s][info][gc,cpu         ] GC(2866) User=0.03s Sys=0.01s Real=0.01s
[1042.265s][info][gc,start       ] GC(2867) Pause Young (Allocation Failure)
[1042.319s][info][gc,heap        ] GC(2867) PSYoungGen: 251392K(251392K)->8192K(279040K) Eden: 245248K(245248K)->0K(270848K) From: 6144K(6144K)->8192K(8192K)
[1042.319s][info][gc,heap        ] GC(2867) ParOldGen: 197915K(198144K)->215667K(216064K)
[1042.319s][info][gc,metaspace   ] GC(2867) Metaspace: 35556K(36416K)->35556K(36416K) NonClass: 29283K(29952K)->29283K(29952K) Class: 6272K(6464K)->6272K(6464K)
[1042.319s][info][gc             ] GC(2867) Pause Young (Allocation Failure) 438M->218M(483M) 54.514ms
[1042.319s][info][gc,cpu         ] GC(2867) User=0.09s Sys=0.02s Real=0.06s
[1042.630s][info][gc,start       ] GC(2868) Pause Young (Allocation Failure)
[1042.698s][info][gc,heap        ] GC(2868) PSYoungGen: 279040K(279040K)->16896K(300544K) Eden: 270848K(270848K)->0K(283648K) From: 8192K(8192K)->16896K(16896K)
[1042.698s][info][gc,heap        ] GC(2868) ParOldGen: 215667K(216064K)->227987K(228352K)
[1042.698s][info][gc,metaspace   ] GC(2868) Metaspace: 35556K(36416K)->35556K(36416K) NonClass: 29283K(29952K)->29283K(29952K) Class: 6272K(6464K)->6272K(6464K)
[1042.698s][info][gc             ] GC(2868) Pause Young (Allocation Failure) 483M->239M(516M) 67.564ms
[1042.698s][info][gc,cpu         ] GC(2868) User=0.12s Sys=0.02s Real=0.07s
[1042.826s][info][gc,start       ] GC(2869) Pause Young (Allocation Failure)
[1042.842s][info][gc,heap        ] GC(2869) PSYoungGen: 300544K(300544K)->6496K(308736K) Eden: 283648K(283648K)->0K(283648K) From: 16896K(16896K)->6496K(25088K)
[1042.842s][info][gc,heap        ] GC(2869) ParOldGen: 227987K(228352K)->228435K(228864K)
[1042.842s][info][gc,metaspace   ] GC(2869) Metaspace: 35556K(36416K)->35556K(36416K) NonClass: 29283K(29952K)->29283K(29952K) Class: 6272K(6464K)->6272K(6464K)
[1042.842s][info][gc             ] GC(2869) Pause Young (Allocation Failure) 516M->229M(525M) 16.106ms
[1042.842s][info][gc,cpu         ] GC(2869) User=0.03s Sys=0.00s Real=0.02s
[1043.348s][info][gc,start       ] GC(2870) Pause Young (Allocation Failure)
[1043.349s][info][gc,heap        ] GC(2870) PSYoungGen: 290144K(308736K)->64K(305664K) Eden: 283648K(283648K)->0K(285696K) From: 6496K(25088K)->64K(19968K)
[1043.349s][info][gc,heap        ] GC(2870) ParOldGen: 228435K(228864K)->228443K(228864K)
[1043.349s][info][gc,metaspace   ] GC(2870) Metaspace: 35556K(36416K)->35556K(36416K) NonClass: 29283K(29952K)->29283K(29952K) Class: 6272K(6464K)->6272K(6464K)
[1043.349s][info][gc             ] GC(2870) Pause Young (Allocation Failure) 506M->223M(522M) 1.229ms
[1043.349s][info][gc,cpu         ] GC(2870) User=0.01s Sys=0.00s Real=0.00s
[1043.912s][info][gc,start       ] GC(2871) Pause Young (Allocation Failure)
[1043.913s][info][gc,heap        ] GC(2871) PSYoungGen: 285760K(305664K)->64K(308224K) Eden: 285696K(285696K)->0K(285696K) From: 64K(19968K)->64K(22528K)
[1043.913s][info][gc,heap        ] GC(2871) ParOldGen: 228443K(228864K)->228451K(228864K)
[1043.913s][info][gc,metaspace   ] GC(2871) Metaspace: 35556K(36416K)->35556K(36416K) NonClass: 29283K(29952K)->29283K(29952K) Class: 6272K(6464K)->6272K(6464K)
[1043.913s][info][gc             ] GC(2871) Pause Young (Allocation Failure) 502M->223M(524M) 1.282ms
[1043.913s][info][gc,cpu         ] GC(2871) User=0.00s Sys=0.00s Real=0.00s
[1044.347s][info][gc,start       ] GC(2872) Pause Young (Allocation Failure)
[1044.348s][info][gc,heap        ] GC(2872) PSYoungGen: 285760K(308224K)->64K(308736K) Eden: 285696K(285696K)->0K(289280K) From: 64K(22528K)->64K(19456K)
[1044.348s][info][gc,heap        ] GC(2872) ParOldGen: 228451K(228864K)->228467K(228864K)
[1044.348s][info][gc,metaspace   ] GC(2872) Metaspace: 35556K(36416K)->35556K(36416K) NonClass: 29283K(29952K)->29283K(29952K) Class: 6272K(6464K)->6272K(6464K)
[1044.348s][info][gc             ] GC(2872) Pause Young (Allocation Failure) 502M->223M(525M) 1.233ms
[1044.348s][info][gc,cpu         ] GC(2872) User=0.00s Sys=0.00s Real=0.00s
[1044.545s][info][gc,start       ] GC(2873) Pause Young (Allocation Failure)
[1044.546s][info][gc,heap        ] GC(2873) PSYoungGen: 289344K(308736K)->64K(310272K) Eden: 289280K(289280K)->0K(289280K) From: 64K(19456K)->64K(20992K)
[1044.546s][info][gc,heap        ] GC(2873) ParOldGen: 228467K(228864K)->228483K(228864K)
[1044.546s][info][gc,metaspace   ] GC(2873) Metaspace: 35556K(36416K)->35556K(36416K) NonClass: 29283K(29952K)->29283K(29952K) Class: 6272K(6464K)->6272K(6464K)
[1044.546s][info][gc             ] GC(2873) Pause Young (Allocation Failure) 505M->223M(526M) 1.232ms
[1044.546s][info][gc,cpu         ] GC(2873) User=0.00s Sys=0.00s Real=0.00s
[1044.743s][info][gc,start       ] GC(2874) Pause Young (Allocation Failure)
[1044.744s][info][gc,heap        ] GC(2874) PSYoungGen: 289344K(310272K)->64K(310272K) Eden: 289280K(289280K)->0K(292352K) From: 64K(20992K)->64K(17920K)
[1044.744s][info][gc,heap        ] GC(2874) ParOldGen: 228483K(228864K)->228483K(228864K)
[1044.744s][info][gc,metaspace   ] GC(2874) Metaspace: 35556K(36416K)->35556K(36416K) NonClass: 29283K(29952K)->29283K(29952K) Class: 6272K(6464K)->6272K(6464K)
[1044.744s][info][gc             ] GC(2874) Pause Young (Allocation Failure) 505M->223M(526M) 1.136ms
[1044.744s][info][gc,cpu         ] GC(2874) User=0.00s Sys=0.00s Real=0.00s
[1045.098s][info][gc,start       ] GC(2875) Pause Young (Allocation Failure)
[1045.100s][info][gc,heap        ] GC(2875) PSYoungGen: 292416K(310272K)->64K(311808K) Eden: 292352K(292352K)->0K(292352K) From: 64K(17920K)->64K(19456K)
[1045.100s][info][gc,heap        ] GC(2875) ParOldGen: 228483K(228864K)->228483K(228864K)
[1045.100s][info][gc,metaspace   ] GC(2875) Metaspace: 35556K(36416K)->35556K(36416K) NonClass: 29283K(29952K)->29283K(29952K) Class: 6272K(6464K)->6272K(6464K)
[1045.100s][info][gc             ] GC(2875) Pause Young (Allocation Failure) 508M->223M(528M) 1.160ms
[1045.100s][info][gc,cpu         ] GC(2875) User=0.00s Sys=0.00s Real=0.00s
[1045.179s][info][gc,start       ] GC(2876) Pause Young (Allocation Failure)
[1045.180s][info][gc,heap        ] GC(2876) PSYoungGen: 292416K(311808K)->64K(311808K) Eden: 292352K(292352K)->0K(295936K) From: 64K(19456K)->64K(15872K)
[1045.180s][info][gc,heap        ] GC(2876) ParOldGen: 228483K(228864K)->228491K(228864K)
[1045.180s][info][gc,metaspace   ] GC(2876) Metaspace: 35556K(36416K)->35556K(36416K) NonClass: 29283K(29952K)->29283K(29952K) Class: 6272K(6464K)->6272K(6464K)
[1045.180s][info][gc             ] GC(2876) Pause Young (Allocation Failure) 508M->223M(528M) 1.158ms
[1045.180s][info][gc,cpu         ] GC(2876) User=0.00s Sys=0.00s Real=0.00s
[1045.237s][info][gc,start       ] GC(2877) Pause Young (Allocation Failure)
[1045.238s][info][gc,heap        ] GC(2877) PSYoungGen: 295999K(311808K)->64K(313344K) Eden: 295935K(295936K)->0K(295936K) From: 64K(15872K)->64K(17408K)
[1045.238s][info][gc,heap        ] GC(2877) ParOldGen: 228491K(228864K)->228507K(228864K)
[1045.238s][info][gc,metaspace   ] GC(2877) Metaspace: 35556K(36416K)->35556K(36416K) NonClass: 29283K(29952K)->29283K(29952K) Class: 6272K(6464K)->6272K(6464K)
[1045.238s][info][gc             ] GC(2877) Pause Young (Allocation Failure) 512M->223M(529M) 1.065ms
[1045.238s][info][gc,cpu         ] GC(2877) User=0.00s Sys=0.01s Real=0.00s
[1045.395s][info][gc,start       ] GC(2878) Pause Young (Allocation Failure)
[1045.396s][info][gc,heap        ] GC(2878) PSYoungGen: 296000K(313344K)->64K(313856K) Eden: 295936K(295936K)->0K(299520K) From: 64K(17408K)->64K(14336K)
[1045.396s][info][gc,heap        ] GC(2878) ParOldGen: 228507K(228864K)->228507K(228864K)
[1045.396s][info][gc,metaspace   ] GC(2878) Metaspace: 35556K(36416K)->35556K(36416K) NonClass: 29283K(29952K)->29283K(29952K) Class: 6272K(6464K)->6272K(6464K)
[1045.396s][info][gc             ] GC(2878) Pause Young (Allocation Failure) 512M->223M(530M) 1.165ms
[1045.396s][info][gc,cpu         ] GC(2878) User=0.00s Sys=0.00s Real=0.00s
[1045.614s][info][gc,start       ] GC(2879) Pause Young (Allocation Failure)
[1045.615s][info][gc,heap        ] GC(2879) PSYoungGen: 299584K(313856K)->64K(315392K) Eden: 299520K(299520K)->0K(299520K) From: 64K(14336K)->64K(15872K)
[1045.615s][info][gc,heap        ] GC(2879) ParOldGen: 228507K(228864K)->228515K(228864K)
[1045.615s][info][gc,metaspace   ] GC(2879) Metaspace: 35556K(36416K)->35556K(36416K) NonClass: 29283K(29952K)->29283K(29952K) Class: 6272K(6464K)->6272K(6464K)
[1045.615s][info][gc             ] GC(2879) Pause Young (Allocation Failure) 515M->223M(531M) 1.101ms
[1045.615s][info][gc,cpu         ] GC(2879) User=0.00s Sys=0.00s Real=0.00s
[1045.753s][info][gc,start       ] GC(2880) Pause Young (Allocation Failure)
[1045.754s][info][gc,heap        ] GC(2880) PSYoungGen: 299584K(315392K)->64K(315392K) Eden: 299520K(299520K)->0K(303104K) From: 64K(15872K)->64K(12288K)
[1045.754s][info][gc,heap        ] GC(2880) ParOldGen: 228515K(228864K)->228523K(228864K)
[1045.754s][info][gc,metaspace   ] GC(2880) Metaspace: 35556K(36416K)->35556K(36416K) NonClass: 29283K(29952K)->29283K(29952K) Class: 6272K(6464K)->6272K(6464K)
[1045.754s][info][gc             ] GC(2880) Pause Young (Allocation Failure) 515M->223M(531M) 1.163ms
[1045.754s][info][gc,cpu         ] GC(2880) User=0.01s Sys=0.00s Real=0.00s
[1045.844s][info][gc,start       ] GC(2881) Pause Young (Allocation Failure)
[1045.845s][info][gc,heap        ] GC(2881) PSYoungGen: 303168K(315392K)->64K(316928K) Eden: 303104K(303104K)->0K(303104K) From: 64K(12288K)->64K(13824K)
[1045.845s][info][gc,heap        ] GC(2881) ParOldGen: 228523K(228864K)->228531K(228864K)
[1045.845s][info][gc,metaspace   ] GC(2881) Metaspace: 35556K(36416K)->35556K(36416K) NonClass: 29283K(29952K)->29283K(29952K) Class: 6272K(6464K)->6272K(6464K)
[1045.845s][info][gc             ] GC(2881) Pause Young (Allocation Failure) 519M->223M(533M) 1.136ms
[1045.845s][info][gc,cpu         ] GC(2881) User=0.00s Sys=0.00s Real=0.00s
[1046.018s][info][gc,start       ] GC(2882) Pause Young (Allocation Failure)
[1046.019s][info][gc,heap        ] GC(2882) PSYoungGen: 303168K(316928K)->64K(317440K) Eden: 303104K(303104K)->0K(306688K) From: 64K(13824K)->64K(10752K)
[1046.019s][info][gc,heap        ] GC(2882) ParOldGen: 228531K(228864K)->228539K(228864K)
[1046.019s][info][gc,metaspace   ] GC(2882) Metaspace: 35556K(36416K)->35556K(36416K) NonClass: 29283K(29952K)->29283K(29952K) Class: 6272K(6464K)->6272K(6464K)
[1046.019s][info][gc             ] GC(2882) Pause Young (Allocation Failure) 519M->223M(533M) 1.140ms
[1046.019s][info][gc,cpu         ] GC(2882) User=0.00s Sys=0.00s Real=0.00s
[1046.985s][info][gc,start       ] GC(2883) Pause Young (Allocation Failure)
[1046.986s][info][gc,heap        ] GC(2883) PSYoungGen: 306752K(317440K)->64K(294912K) Eden: 306688K(306688K)->0K(294400K) From: 64K(10752K)->64K(512K)
[1046.986s][info][gc,heap        ] GC(2883) ParOldGen: 228539K(228864K)->228547K(228864K)
[1046.986s][info][gc,metaspace   ] GC(2883) Metaspace: 35556K(36416K)->35556K(36416K) NonClass: 29283K(29952K)->29283K(29952K) Class: 6272K(6464K)->6272K(6464K)
[1046.986s][info][gc             ] GC(2883) Pause Young (Allocation Failure) 522M->223M(511M) 1.558ms
[1046.986s][info][gc,cpu         ] GC(2883) User=0.00s Sys=0.00s Real=0.00s
[1047.886s][info][gc,start       ] GC(2884) Pause Young (Allocation Failure)
[1047.887s][info][gc,heap        ] GC(2884) PSYoungGen: 294464K(294912K)->64K(283136K) Eden: 294400K(294400K)->0K(282624K) From: 64K(512K)->64K(512K)
[1047.887s][info][gc,heap        ] GC(2884) ParOldGen: 228547K(228864K)->228555K(228864K)
[1047.887s][info][gc,metaspace   ] GC(2884) Metaspace: 35556K(36416K)->35556K(36416K) NonClass: 29283K(29952K)->29283K(29952K) Class: 6272K(6464K)->6272K(6464K)
[1047.887s][info][gc             ] GC(2884) Pause Young (Allocation Failure) 510M->223M(500M) 1.892ms
[1047.887s][info][gc,cpu         ] GC(2884) User=0.00s Sys=0.00s Real=0.01s
[1048.178s][info][gc,start       ] GC(2885) Pause Young (Allocation Failure)
[1048.179s][info][gc,heap        ] GC(2885) PSYoungGen: 282688K(283136K)->64K(282112K) Eden: 282624K(282624K)->0K(271360K) From: 64K(512K)->64K(10752K)
[1048.179s][info][gc,heap        ] GC(2885) ParOldGen: 228555K(228864K)->228563K(228864K)
[1048.179s][info][gc,metaspace   ] GC(2885) Metaspace: 35556K(36416K)->35556K(36416K) NonClass: 29283K(29952K)->29283K(29952K) Class: 6272K(6464K)->6272K(6464K)
[1048.179s][info][gc             ] GC(2885) Pause Young (Allocation Failure) 499M->223M(499M) 1.068ms
[1048.179s][info][gc,cpu         ] GC(2885) User=0.00s Sys=0.00s Real=0.00s
[1048.614s][info][gc,start       ] GC(2886) Pause Young (Allocation Failure)
[1048.616s][info][gc,heap        ] GC(2886) PSYoungGen: 271424K(282112K)->64K(261120K) Eden: 271360K(271360K)->0K(260608K) From: 64K(10752K)->64K(512K)
[1048.616s][info][gc,heap        ] GC(2886) ParOldGen: 228563K(228864K)->228571K(228864K)
[1048.616s][info][gc,metaspace   ] GC(2886) Metaspace: 35556K(36416K)->35556K(36416K) NonClass: 29283K(29952K)->29283K(29952K) Class: 6272K(6464K)->6272K(6464K)
[1048.616s][info][gc             ] GC(2886) Pause Young (Allocation Failure) 488M->223M(478M) 2.524ms
[1048.616s][info][gc,cpu         ] GC(2886) User=0.00s Sys=0.00s Real=0.00s
[1049.575s][info][gc,start       ] GC(2887) Pause Young (Allocation Failure)
[1049.577s][info][gc,heap        ] GC(2887) PSYoungGen: 260672K(261120K)->64K(260096K) Eden: 260608K(260608K)->0K(250368K) From: 64K(512K)->64K(9728K)
[1049.577s][info][gc,heap        ] GC(2887) ParOldGen: 228571K(228864K)->228579K(228864K)
[1049.577s][info][gc,metaspace   ] GC(2887) Metaspace: 35556K(36416K)->35556K(36416K) NonClass: 29283K(29952K)->29283K(29952K) Class: 6272K(6464K)->6272K(6464K)
[1049.577s][info][gc             ] GC(2887) Pause Young (Allocation Failure) 477M->223M(477M) 2.031ms
[1049.577s][info][gc,cpu         ] GC(2887) User=0.00s Sys=0.00s Real=0.01s
[1049.940s][info][gc,start       ] GC(2888) Pause Young (Allocation Failure)
[1049.943s][info][gc,heap        ] GC(2888) PSYoungGen: 250432K(260096K)->64K(241152K) Eden: 250368K(250368K)->0K(240640K) From: 64K(9728K)->64K(512K)
[1049.943s][info][gc,heap        ] GC(2888) ParOldGen: 228579K(228864K)->228587K(228864K)
[1049.943s][info][gc,metaspace   ] GC(2888) Metaspace: 35556K(36416K)->35556K(36416K) NonClass: 29283K(29952K)->29283K(29952K) Class: 6272K(6464K)->6272K(6464K)
[1049.943s][info][gc             ] GC(2888) Pause Young (Allocation Failure) 467M->223M(459M) 2.875ms
[1049.943s][info][gc,cpu         ] GC(2888) User=0.00s Sys=0.01s Real=0.00s
[1050.096s][info][gc,start       ] GC(2889) Pause Young (Allocation Failure)
[1050.098s][info][gc,heap        ] GC(2889) PSYoungGen: 240704K(241152K)->64K(239616K) Eden: 240640K(240640K)->0K(231424K) From: 64K(512K)->64K(8192K)
[1050.098s][info][gc,heap        ] GC(2889) ParOldGen: 228587K(228864K)->228595K(228864K)
[1050.098s][info][gc,metaspace   ] GC(2889) Metaspace: 35556K(36416K)->35556K(36416K) NonClass: 29283K(29952K)->29283K(29952K) Class: 6272K(6464K)->6272K(6464K)
[1050.098s][info][gc             ] GC(2889) Pause Young (Allocation Failure) 458M->223M(457M) 1.954ms
[1050.098s][info][gc,cpu         ] GC(2889) User=0.00s Sys=0.00s Real=0.01s
[1050.228s][info][gc,start       ] GC(2890) Pause Young (Allocation Failure)
[1050.231s][info][gc,heap        ] GC(2890) PSYoungGen: 231488K(239616K)->64K(223232K) Eden: 231424K(231424K)->0K(222720K) From: 64K(8192K)->64K(512K)
[1050.231s][info][gc,heap        ] GC(2890) ParOldGen: 228595K(228864K)->228603K(228864K)
[1050.231s][info][gc,metaspace   ] GC(2890) Metaspace: 35556K(36416K)->35556K(36416K) NonClass: 29283K(29952K)->29283K(29952K) Class: 6272K(6464K)->6272K(6464K)
[1050.231s][info][gc             ] GC(2890) Pause Young (Allocation Failure) 449M->223M(441M) 2.571ms
[1050.231s][info][gc,cpu         ] GC(2890) User=0.00s Sys=0.00s Real=0.00s
[1050.828s][info][gc,start       ] GC(2891) Pause Young (Allocation Failure)
[1050.830s][info][gc,heap        ] GC(2891) PSYoungGen: 222784K(223232K)->64K(221696K) Eden: 222720K(222720K)->0K(214528K) From: 64K(512K)->64K(7168K)
[1050.830s][info][gc,heap        ] GC(2891) ParOldGen: 228603K(228864K)->228611K(228864K)
[1050.830s][info][gc,metaspace   ] GC(2891) Metaspace: 35556K(36416K)->35556K(36416K) NonClass: 29283K(29952K)->29283K(29952K) Class: 6272K(6464K)->6272K(6464K)
[1050.830s][info][gc             ] GC(2891) Pause Young (Allocation Failure) 440M->223M(440M) 1.965ms
[1050.830s][info][gc,cpu         ] GC(2891) User=0.01s Sys=0.00s Real=0.00s
[1051.021s][info][gc,start       ] GC(2892) Pause Young (Allocation Failure)
[1051.023s][info][gc,heap        ] GC(2892) PSYoungGen: 214592K(221696K)->64K(207360K) Eden: 214528K(214528K)->0K(206848K) From: 64K(7168K)->64K(512K)
[1051.023s][info][gc,heap        ] GC(2892) ParOldGen: 228611K(228864K)->228619K(228864K)
[1051.023s][info][gc,metaspace   ] GC(2892) Metaspace: 35556K(36416K)->35556K(36416K) NonClass: 29283K(29952K)->29283K(29952K) Class: 6272K(6464K)->6272K(6464K)
[1051.023s][info][gc             ] GC(2892) Pause Young (Allocation Failure) 432M->223M(426M) 2.565ms
[1051.023s][info][gc,cpu         ] GC(2892) User=0.01s Sys=0.00s Real=0.00s
[1051.344s][info][gc,start       ] GC(2893) Pause Young (Allocation Failure)
[1051.369s][info][gc,heap        ] GC(2893) PSYoungGen: 206912K(207360K)->6144K(252928K) Eden: 206848K(206848K)->0K(246784K) From: 64K(512K)->6144K(6144K)
[1051.369s][info][gc,heap        ] GC(2893) ParOldGen: 228619K(228864K)->234123K(234496K)
[1051.369s][info][gc,metaspace   ] GC(2893) Metaspace: 35556K(36416K)->35556K(36416K) NonClass: 29283K(29952K)->29283K(29952K) Class: 6272K(6464K)->6272K(6464K)
[1051.369s][info][gc             ] GC(2893) Pause Young (Allocation Failure) 425M->234M(476M) 25.055ms
[1051.369s][info][gc,cpu         ] GC(2893) User=0.03s Sys=0.00s Real=0.03s
[1051.645s][info][gc,start       ] GC(2894) Pause Young (Allocation Failure)
[1051.702s][info][gc,heap        ] GC(2894) PSYoungGen: 252928K(252928K)->6144K(260608K) Eden: 246784K(246784K)->0K(254464K) From: 6144K(6144K)->6144K(6144K)
[1051.702s][info][gc,heap        ] GC(2894) ParOldGen: 234123K(234496K)->254227K(254464K)
[1051.702s][info][gc,metaspace   ] GC(2894) Metaspace: 35556K(36416K)->35556K(36416K) NonClass: 29283K(29952K)->29283K(29952K) Class: 6272K(6464K)->6272K(6464K)
[1051.703s][info][gc             ] GC(2894) Pause Young (Allocation Failure) 475M->254M(503M) 57.351ms
[1051.703s][info][gc,cpu         ] GC(2894) User=0.10s Sys=0.02s Real=0.06s
[1051.987s][info][gc,start       ] GC(2895) Pause Young (Allocation Failure)
[1052.041s][info][gc,heap        ] GC(2895) PSYoungGen: 260608K(260608K)->17920K(272384K) Eden: 254464K(254464K)->0K(254464K) From: 6144K(6144K)->17920K(17920K)
[1052.041s][info][gc,heap        ] GC(2895) ParOldGen: 254227K(254464K)->263875K(264192K)
[1052.041s][info][gc,metaspace   ] GC(2895) Metaspace: 35556K(36416K)->35556K(36416K) NonClass: 29283K(29952K)->29283K(29952K) Class: 6272K(6464K)->6272K(6464K)
[1052.041s][info][gc             ] GC(2895) Pause Young (Allocation Failure) 502M->275M(524M) 53.799ms
[1052.041s][info][gc,cpu         ] GC(2895) User=0.10s Sys=0.01s Real=0.05s
[1052.143s][info][gc,start       ] GC(2896) Pause Young (Allocation Failure)
[1052.156s][info][gc,heap        ] GC(2896) PSYoungGen: 272384K(272384K)->4480K(309760K) Eden: 254464K(254464K)->0K(284672K) From: 17920K(17920K)->4480K(25088K)
[1052.156s][info][gc,heap        ] GC(2896) ParOldGen: 263875K(264192K)->264211K(264704K)
[1052.156s][info][gc,metaspace   ] GC(2896) Metaspace: 35556K(36416K)->35556K(36416K) NonClass: 29283K(29952K)->29283K(29952K) Class: 6272K(6464K)->6272K(6464K)
[1052.156s][info][gc             ] GC(2896) Pause Young (Allocation Failure) 523M->262M(561M) 12.715ms
[1052.156s][info][gc,cpu         ] GC(2896) User=0.02s Sys=0.01s Real=0.01s
[1052.641s][info][gc,start       ] GC(2897) Pause Young (Allocation Failure)
[1052.642s][info][gc,heap        ] GC(2897) PSYoungGen: 289152K(309760K)->64K(285184K) Eden: 284672K(284672K)->0K(284672K) From: 4480K(25088K)->64K(512K)
[1052.642s][info][gc,heap        ] GC(2897) ParOldGen: 264211K(264704K)->264219K(264704K)
[1052.642s][info][gc,metaspace   ] GC(2897) Metaspace: 35556K(36416K)->35556K(36416K) NonClass: 29283K(29952K)->29283K(29952K) Class: 6272K(6464K)->6272K(6464K)
[1052.642s][info][gc             ] GC(2897) Pause Young (Allocation Failure) 540M->258M(537M) 1.212ms
[1052.642s][info][gc,cpu         ] GC(2897) User=0.00s Sys=0.00s Real=0.00s
[1053.204s][info][gc,start       ] GC(2898) Pause Young (Allocation Failure)
[1053.205s][info][gc,heap        ] GC(2898) PSYoungGen: 284736K(285184K)->64K(308224K) Eden: 284672K(284672K)->0K(285184K) From: 64K(512K)->64K(23040K)
[1053.205s][info][gc,heap        ] GC(2898) ParOldGen: 264219K(264704K)->264227K(264704K)
[1053.205s][info][gc,metaspace   ] GC(2898) Metaspace: 35556K(36416K)->35556K(36416K) NonClass: 29283K(29952K)->29283K(29952K) Class: 6272K(6464K)->6272K(6464K)
[1053.205s][info][gc             ] GC(2898) Pause Young (Allocation Failure) 536M->258M(559M) 1.198ms
[1053.205s][info][gc,cpu         ] GC(2898) User=0.00s Sys=0.00s Real=0.00s
[1053.624s][info][gc,start       ] GC(2899) Pause Young (Allocation Failure)
[1053.626s][info][gc,heap        ] GC(2899) PSYoungGen: 285248K(308224K)->64K(307712K) Eden: 285184K(285184K)->0K(285184K) From: 64K(23040K)->64K(22528K)
[1053.626s][info][gc,heap        ] GC(2899) ParOldGen: 264227K(264704K)->264243K(264704K)
[1053.626s][info][gc,metaspace   ] GC(2899) Metaspace: 35556K(36416K)->35556K(36416K) NonClass: 29283K(29952K)->29283K(29952K) Class: 6272K(6464K)->6272K(6464K)
[1053.626s][info][gc             ] GC(2899) Pause Young (Allocation Failure) 536M->258M(559M) 1.230ms
[1053.626s][info][gc,cpu         ] GC(2899) User=0.00s Sys=0.00s Real=0.00s
[1053.817s][info][gc,start       ] GC(2900) Pause Young (Allocation Failure)
[1053.818s][info][gc,heap        ] GC(2900) PSYoungGen: 285248K(307712K)->64K(310272K) Eden: 285184K(285184K)->0K(289280K) From: 64K(22528K)->64K(20992K)
[1053.818s][info][gc,heap        ] GC(2900) ParOldGen: 264243K(264704K)->264259K(264704K)
[1053.818s][info][gc,metaspace   ] GC(2900) Metaspace: 35556K(36416K)->35556K(36416K) NonClass: 29283K(29952K)->29283K(29952K) Class: 6272K(6464K)->6272K(6464K)
[1053.818s][info][gc             ] GC(2900) Pause Young (Allocation Failure) 536M->258M(561M) 1.192ms
[1053.818s][info][gc,cpu         ] GC(2900) User=0.00s Sys=0.00s Real=0.00s
[1054.016s][info][gc,start       ] GC(2901) Pause Young (Allocation Failure)
[1054.018s][info][gc,heap        ] GC(2901) PSYoungGen: 289344K(310272K)->64K(309760K) Eden: 289280K(289280K)->0K(289280K) From: 64K(20992K)->64K(20480K)
[1054.018s][info][gc,heap        ] GC(2901) ParOldGen: 264259K(264704K)->264259K(264704K)
[1054.018s][info][gc,metaspace   ] GC(2901) Metaspace: 35556K(36416K)->35556K(36416K) NonClass: 29283K(29952K)->29283K(29952K) Class: 6272K(6464K)->6272K(6464K)
[1054.018s][info][gc             ] GC(2901) Pause Young (Allocation Failure) 540M->258M(561M) 1.259ms
[1054.018s][info][gc,cpu         ] GC(2901) User=0.01s Sys=0.00s Real=0.01s
[1054.362s][info][gc,start       ] GC(2902) Pause Young (Allocation Failure)
[1054.364s][info][gc,heap        ] GC(2902) PSYoungGen: 289344K(309760K)->64K(312320K) Eden: 289280K(289280K)->0K(293376K) From: 64K(20480K)->64K(18944K)
[1054.364s][info][gc,heap        ] GC(2902) ParOldGen: 264259K(264704K)->264259K(264704K)
[1054.364s][info][gc,metaspace   ] GC(2902) Metaspace: 35556K(36416K)->35556K(36416K) NonClass: 29283K(29952K)->29283K(29952K) Class: 6272K(6464K)->6272K(6464K)
[1054.364s][info][gc             ] GC(2902) Pause Young (Allocation Failure) 540M->258M(563M) 1.225ms
[1054.364s][info][gc,cpu         ] GC(2902) User=0.00s Sys=0.00s Real=0.00s
[1054.458s][info][gc,start       ] GC(2903) Pause Young (Allocation Failure)
[1054.459s][info][gc,heap        ] GC(2903) PSYoungGen: 293440K(312320K)->64K(312320K) Eden: 293376K(293376K)->0K(293376K) From: 64K(18944K)->64K(18944K)
[1054.459s][info][gc,heap        ] GC(2903) ParOldGen: 264259K(264704K)->264267K(264704K)
[1054.459s][info][gc,metaspace   ] GC(2903) Metaspace: 35556K(36416K)->35556K(36416K) NonClass: 29283K(29952K)->29283K(29952K) Class: 6272K(6464K)->6272K(6464K)
[1054.459s][info][gc             ] GC(2903) Pause Young (Allocation Failure) 544M->258M(563M) 1.175ms
[1054.459s][info][gc,cpu         ] GC(2903) User=0.00s Sys=0.00s Real=0.00s
[1054.513s][info][gc,start       ] GC(2904) Pause Young (Allocation Failure)
[1054.514s][info][gc,heap        ] GC(2904) PSYoungGen: 293440K(312320K)->64K(313856K) Eden: 293376K(293376K)->0K(296960K) From: 64K(18944K)->64K(16896K)
[1054.514s][info][gc,heap        ] GC(2904) ParOldGen: 264267K(264704K)->264283K(264704K)
[1054.514s][info][gc,metaspace   ] GC(2904) Metaspace: 35556K(36416K)->35556K(36416K) NonClass: 29283K(29952K)->29283K(29952K) Class: 6272K(6464K)->6272K(6464K)
[1054.514s][info][gc             ] GC(2904) Pause Young (Allocation Failure) 544M->258M(565M) 1.140ms
[1054.514s][info][gc,cpu         ] GC(2904) User=0.00s Sys=0.00s Real=0.00s
[1054.665s][info][gc,start       ] GC(2905) Pause Young (Allocation Failure)
[1054.666s][info][gc,heap        ] GC(2905) PSYoungGen: 297024K(313856K)->64K(313856K) Eden: 296960K(296960K)->0K(296960K) From: 64K(16896K)->64K(16896K)
[1054.666s][info][gc,heap        ] GC(2905) ParOldGen: 264283K(264704K)->264283K(264704K)
[1054.666s][info][gc,metaspace   ] GC(2905) Metaspace: 35556K(36416K)->35556K(36416K) NonClass: 29283K(29952K)->29283K(29952K) Class: 6272K(6464K)->6272K(6464K)
[1054.666s][info][gc             ] GC(2905) Pause Young (Allocation Failure) 548M->258M(565M) 1.352ms
[1054.666s][info][gc,cpu         ] GC(2905) User=0.00s Sys=0.00s Real=0.00s
[1054.880s][info][gc,start       ] GC(2906) Pause Young (Allocation Failure)
[1054.881s][info][gc,heap        ] GC(2906) PSYoungGen: 297024K(313856K)->64K(315904K) Eden: 296960K(296960K)->0K(301056K) From: 64K(16896K)->64K(14848K)
[1054.881s][info][gc,heap        ] GC(2906) ParOldGen: 264283K(264704K)->264291K(264704K)
[1054.881s][info][gc,metaspace   ] GC(2906) Metaspace: 35556K(36416K)->35556K(36416K) NonClass: 29283K(29952K)->29283K(29952K) Class: 6272K(6464K)->6272K(6464K)
[1054.881s][info][gc             ] GC(2906) Pause Young (Allocation Failure) 548M->258M(567M) 1.244ms
[1054.881s][info][gc,cpu         ] GC(2906) User=0.00s Sys=0.00s Real=0.00s
[1055.034s][info][gc,start       ] GC(2907) Pause Young (Allocation Failure)
[1055.036s][info][gc,heap        ] GC(2907) PSYoungGen: 301120K(315904K)->64K(315904K) Eden: 301056K(301056K)->0K(301056K) From: 64K(14848K)->64K(14848K)
[1055.036s][info][gc,heap        ] GC(2907) ParOldGen: 264291K(264704K)->264299K(264704K)
[1055.036s][info][gc,metaspace   ] GC(2907) Metaspace: 35556K(36416K)->35556K(36416K) NonClass: 29283K(29952K)->29283K(29952K) Class: 6272K(6464K)->6272K(6464K)
[1055.036s][info][gc             ] GC(2907) Pause Young (Allocation Failure) 552M->258M(567M) 1.339ms
[1055.036s][info][gc,cpu         ] GC(2907) User=0.00s Sys=0.00s Real=0.00s
[1055.117s][info][gc,start       ] GC(2908) Pause Young (Allocation Failure)
[1055.118s][info][gc,heap        ] GC(2908) PSYoungGen: 301120K(315904K)->64K(317440K) Eden: 301056K(301056K)->0K(304640K) From: 64K(14848K)->64K(12800K)
[1055.118s][info][gc,heap        ] GC(2908) ParOldGen: 264299K(264704K)->264315K(264704K)
[1055.118s][info][gc,metaspace   ] GC(2908) Metaspace: 35556K(36416K)->35556K(36416K) NonClass: 29283K(29952K)->29283K(29952K) Class: 6272K(6464K)->6272K(6464K)
[1055.118s][info][gc             ] GC(2908) Pause Young (Allocation Failure) 552M->258M(568M) 1.283ms
[1055.118s][info][gc,cpu         ] GC(2908) User=0.01s Sys=0.00s Real=0.00s
[1055.294s][info][gc,start       ] GC(2909) Pause Young (Allocation Failure)
[1055.295s][info][gc,heap        ] GC(2909) PSYoungGen: 304704K(317440K)->64K(317952K) Eden: 304640K(304640K)->0K(304640K) From: 64K(12800K)->64K(13312K)
[1055.295s][info][gc,heap        ] GC(2909) ParOldGen: 264315K(264704K)->264315K(264704K)
[1055.295s][info][gc,metaspace   ] GC(2909) Metaspace: 35556K(36416K)->35556K(36416K) NonClass: 29283K(29952K)->29283K(29952K) Class: 6272K(6464K)->6272K(6464K)
[1055.295s][info][gc             ] GC(2909) Pause Young (Allocation Failure) 555M->258M(569M) 1.266ms
[1055.295s][info][gc,cpu         ] GC(2909) User=0.00s Sys=0.00s Real=0.00s
[1056.269s][info][gc,start       ] GC(2910) Pause Young (Allocation Failure)
[1056.270s][info][gc,heap        ] GC(2910) PSYoungGen: 304704K(317952K)->83K(292864K) Eden: 304640K(304640K)->0K(292352K) From: 64K(13312K)->83K(512K)
[1056.270s][info][gc,heap        ] GC(2910) ParOldGen: 264315K(264704K)->264323K(264704K)
[1056.270s][info][gc,metaspace   ] GC(2910) Metaspace: 35556K(36416K)->35556K(36416K) NonClass: 29283K(29952K)->29283K(29952K) Class: 6272K(6464K)->6272K(6464K)
[1056.270s][info][gc             ] GC(2910) Pause Young (Allocation Failure) 555M->258M(544M) 1.234ms
[1056.270s][info][gc,cpu         ] GC(2910) User=0.00s Sys=0.00s Real=0.00s
[1057.162s][info][gc,start       ] GC(2911) Pause Young (Allocation Failure)
[1057.163s][info][gc,heap        ] GC(2911) PSYoungGen: 292435K(292864K)->64K(292864K) Eden: 292352K(292352K)->0K(281088K) From: 83K(512K)->64K(11776K)
[1057.163s][info][gc,heap        ] GC(2911) ParOldGen: 264323K(264704K)->264331K(264704K)
[1057.163s][info][gc,metaspace   ] GC(2911) Metaspace: 35556K(36416K)->35556K(36416K) NonClass: 29283K(29952K)->29283K(29952K) Class: 6272K(6464K)->6272K(6464K)
[1057.163s][info][gc             ] GC(2911) Pause Young (Allocation Failure) 543M->258M(544M) 1.150ms
[1057.163s][info][gc,cpu         ] GC(2911) User=0.00s Sys=0.00s Real=0.00s
[1057.410s][info][gc,start       ] GC(2912) Pause Young (Allocation Failure)
[1057.411s][info][gc,heap        ] GC(2912) PSYoungGen: 281152K(292864K)->64K(270848K) Eden: 281088K(281088K)->0K(270336K) From: 64K(11776K)->64K(512K)
[1057.411s][info][gc,heap        ] GC(2912) ParOldGen: 264331K(264704K)->264339K(264704K)
[1057.411s][info][gc,metaspace   ] GC(2912) Metaspace: 35556K(36416K)->35556K(36416K) NonClass: 29283K(29952K)->29283K(29952K) Class: 6272K(6464K)->6272K(6464K)
[1057.411s][info][gc             ] GC(2912) Pause Young (Allocation Failure) 532M->258M(523M) 1.461ms
[1057.411s][info][gc,cpu         ] GC(2912) User=0.00s Sys=0.00s Real=0.00s
[1057.855s][info][gc,start       ] GC(2913) Pause Young (Allocation Failure)
[1057.856s][info][gc,heap        ] GC(2913) PSYoungGen: 270400K(270848K)->64K(270336K) Eden: 270336K(270336K)->0K(260096K) From: 64K(512K)->64K(10240K)
[1057.856s][info][gc,heap        ] GC(2913) ParOldGen: 264339K(264704K)->264347K(264704K)
[1057.856s][info][gc,metaspace   ] GC(2913) Metaspace: 35556K(36416K)->35556K(36416K) NonClass: 29283K(29952K)->29283K(29952K) Class: 6272K(6464K)->6272K(6464K)
[1057.856s][info][gc             ] GC(2913) Pause Young (Allocation Failure) 522M->258M(522M) 1.187ms
[1057.856s][info][gc,cpu         ] GC(2913) User=0.00s Sys=0.00s Real=0.00s
[1058.815s][info][gc,start       ] GC(2914) Pause Young (Allocation Failure)
[1058.817s][info][gc,heap        ] GC(2914) PSYoungGen: 260160K(270336K)->64K(250880K) Eden: 260096K(260096K)->0K(250368K) From: 64K(10240K)->64K(512K)
[1058.817s][info][gc,heap        ] GC(2914) ParOldGen: 264347K(264704K)->264355K(264704K)
[1058.817s][info][gc,metaspace   ] GC(2914) Metaspace: 35556K(36416K)->35556K(36416K) NonClass: 29283K(29952K)->29283K(29952K) Class: 6272K(6464K)->6272K(6464K)
[1058.817s][info][gc             ] GC(2914) Pause Young (Allocation Failure) 512M->258M(503M) 1.618ms
[1058.817s][info][gc,cpu         ] GC(2914) User=0.00s Sys=0.00s Real=0.01s
[1059.189s][info][gc,start       ] GC(2915) Pause Young (Allocation Failure)
[1059.190s][info][gc,heap        ] GC(2915) PSYoungGen: 250432K(250880K)->64K(249344K) Eden: 250368K(250368K)->0K(240640K) From: 64K(512K)->64K(8704K)
[1059.190s][info][gc,heap        ] GC(2915) ParOldGen: 264355K(264704K)->264363K(264704K)
[1059.190s][info][gc,metaspace   ] GC(2915) Metaspace: 35556K(36416K)->35556K(36416K) NonClass: 29283K(29952K)->29283K(29952K) Class: 6272K(6464K)->6272K(6464K)
[1059.190s][info][gc             ] GC(2915) Pause Young (Allocation Failure) 502M->258M(502M) 1.177ms
[1059.190s][info][gc,cpu         ] GC(2915) User=0.00s Sys=0.00s Real=0.00s
[1059.353s][info][gc,start       ] GC(2916) Pause Young (Allocation Failure)
[1059.355s][info][gc,heap        ] GC(2916) PSYoungGen: 240704K(249344K)->64K(231936K) Eden: 240640K(240640K)->0K(231424K) From: 64K(8704K)->64K(512K)
[1059.355s][info][gc,heap        ] GC(2916) ParOldGen: 264363K(264704K)->264371K(264704K)
[1059.355s][info][gc,metaspace   ] GC(2916) Metaspace: 35556K(36416K)->35556K(36416K) NonClass: 29283K(29952K)->29283K(29952K) Class: 6272K(6464K)->6272K(6464K)
[1059.355s][info][gc             ] GC(2916) Pause Young (Allocation Failure) 493M->258M(485M) 1.755ms
[1059.355s][info][gc,cpu         ] GC(2916) User=0.00s Sys=0.00s Real=0.00s
[1059.444s][info][gc,start       ] GC(2917) Pause Young (Allocation Failure)
[1059.445s][info][gc,heap        ] GC(2917) PSYoungGen: 231488K(231936K)->64K(230400K) Eden: 231424K(231424K)->0K(222720K) From: 64K(512K)->64K(7680K)
[1059.445s][info][gc,heap        ] GC(2917) ParOldGen: 264371K(264704K)->264379K(264704K)
[1059.445s][info][gc,metaspace   ] GC(2917) Metaspace: 35556K(36416K)->35556K(36416K) NonClass: 29283K(29952K)->29283K(29952K) Class: 6272K(6464K)->6272K(6464K)
[1059.445s][info][gc             ] GC(2917) Pause Young (Allocation Failure) 484M->258M(483M) 1.138ms
[1059.445s][info][gc,cpu         ] GC(2917) User=0.00s Sys=0.01s Real=0.00s
[1060.032s][info][gc,start       ] GC(2918) Pause Young (Allocation Failure)
[1060.033s][info][gc,heap        ] GC(2918) PSYoungGen: 222784K(230400K)->64K(215040K) Eden: 222720K(222720K)->0K(214528K) From: 64K(7680K)->64K(512K)
[1060.033s][info][gc,heap        ] GC(2918) ParOldGen: 264379K(264704K)->264387K(264704K)
[1060.033s][info][gc,metaspace   ] GC(2918) Metaspace: 35556K(36416K)->35556K(36416K) NonClass: 29283K(29952K)->29283K(29952K) Class: 6272K(6464K)->6272K(6464K)
[1060.033s][info][gc             ] GC(2918) Pause Young (Allocation Failure) 475M->258M(468M) 1.689ms
[1060.033s][info][gc,cpu         ] GC(2918) User=0.00s Sys=0.00s Real=0.00s
[1060.230s][info][gc,start       ] GC(2919) Pause Young (Allocation Failure)
[1060.232s][info][gc,heap        ] GC(2919) PSYoungGen: 214592K(215040K)->64K(213504K) Eden: 214528K(214528K)->0K(206848K) From: 64K(512K)->64K(6656K)
[1060.232s][info][gc,heap        ] GC(2919) ParOldGen: 264387K(264704K)->264395K(264704K)
[1060.232s][info][gc,metaspace   ] GC(2919) Metaspace: 35556K(36416K)->35556K(36416K) NonClass: 29283K(29952K)->29283K(29952K) Class: 6272K(6464K)->6272K(6464K)
[1060.232s][info][gc             ] GC(2919) Pause Young (Allocation Failure) 467M->258M(467M) 1.295ms
[1060.232s][info][gc,cpu         ] GC(2919) User=0.01s Sys=0.00s Real=0.00s
[1060.568s][info][gc,start       ] GC(2920) Pause Young (Allocation Failure)
[1060.586s][info][gc,heap        ] GC(2920) PSYoungGen: 206912K(213504K)->6144K(251904K) Eden: 206848K(206848K)->0K(245760K) From: 64K(6656K)->6144K(6144K)
[1060.586s][info][gc,heap        ] GC(2920) ParOldGen: 264395K(264704K)->267083K(267264K)
[1060.586s][info][gc,metaspace   ] GC(2920) Metaspace: 35556K(36416K)->35556K(36416K) NonClass: 29283K(29952K)->29283K(29952K) Class: 6272K(6464K)->6272K(6464K)
[1060.586s][info][gc             ] GC(2920) Pause Young (Allocation Failure) 460M->266M(507M) 17.838ms
[1060.586s][info][gc,cpu         ] GC(2920) User=0.03s Sys=0.00s Real=0.01s
[1060.859s][info][gc,start       ] GC(2921) Pause Young (Allocation Failure)
[1060.913s][info][gc,heap        ] GC(2921) PSYoungGen: 251904K(251904K)->8704K(278016K) Eden: 245760K(245760K)->0K(269312K) From: 6144K(6144K)->8704K(8704K)
[1060.913s][info][gc,heap        ] GC(2921) ParOldGen: 267083K(267264K)->284411K(284672K)
[1060.913s][info][gc,metaspace   ] GC(2921) Metaspace: 35556K(36416K)->35556K(36416K) NonClass: 29283K(29952K)->29283K(29952K) Class: 6272K(6464K)->6272K(6464K)
[1060.913s][info][gc             ] GC(2921) Pause Young (Allocation Failure) 506M->286M(549M) 54.109ms
[1060.913s][info][gc,cpu         ] GC(2921) User=0.09s Sys=0.02s Real=0.05s
[1061.213s][info][gc,start       ] GC(2922) Pause Young (Allocation Failure)
[1061.280s][info][gc,heap        ] GC(2922) PSYoungGen: 278016K(278016K)->16896K(300544K) Eden: 269312K(269312K)->0K(283648K) From: 8704K(8704K)->16896K(16896K)
[1061.280s][info][gc,heap        ] GC(2922) ParOldGen: 284411K(284672K)->296547K(296960K)
[1061.280s][info][gc,metaspace   ] GC(2922) Metaspace: 35556K(36416K)->35556K(36416K) NonClass: 29283K(29952K)->29283K(29952K) Class: 6272K(6464K)->6272K(6464K)
[1061.280s][info][gc             ] GC(2922) Pause Young (Allocation Failure) 549M->306M(583M) 66.501ms
[1061.280s][info][gc,cpu         ] GC(2922) User=0.11s Sys=0.03s Real=0.07s
[1061.400s][info][gc,start       ] GC(2923) Pause Young (Allocation Failure)
[1061.414s][info][gc,heap        ] GC(2923) PSYoungGen: 300544K(300544K)->5824K(308736K) Eden: 283648K(283648K)->0K(283648K) From: 16896K(16896K)->5824K(25088K)
[1061.414s][info][gc,heap        ] GC(2923) ParOldGen: 296547K(296960K)->296979K(297472K)
[1061.414s][info][gc,metaspace   ] GC(2923) Metaspace: 35556K(36416K)->35556K(36416K) NonClass: 29283K(29952K)->29283K(29952K) Class: 6272K(6464K)->6272K(6464K)
[1061.414s][info][gc             ] GC(2923) Pause Young (Allocation Failure) 583M->295M(592M) 14.558ms
[1061.414s][info][gc,cpu         ] GC(2923) User=0.03s Sys=0.00s Real=0.01s
[1061.920s][info][gc,start       ] GC(2924) Pause Young (Allocation Failure)
[1061.921s][info][gc,heap        ] GC(2924) PSYoungGen: 289472K(308736K)->64K(305152K) Eden: 283648K(283648K)->0K(285184K) From: 5824K(25088K)->64K(19968K)
[1061.921s][info][gc,heap        ] GC(2924) ParOldGen: 296979K(297472K)->296987K(297472K)
[1061.921s][info][gc,metaspace   ] GC(2924) Metaspace: 35556K(36416K)->35556K(36416K) NonClass: 29283K(29952K)->29283K(29952K) Class: 6272K(6464K)->6272K(6464K)
[1061.921s][info][gc             ] GC(2924) Pause Young (Allocation Failure) 572M->290M(588M) 1.353ms
[1061.921s][info][gc,cpu         ] GC(2924) User=0.01s Sys=0.00s Real=0.00s
[1062.466s][info][gc,start       ] GC(2925) Pause Young (Allocation Failure)
[1062.467s][info][gc,heap        ] GC(2925) PSYoungGen: 285248K(305152K)->64K(307712K) Eden: 285184K(285184K)->0K(285184K) From: 64K(19968K)->64K(22528K)
[1062.467s][info][gc,heap        ] GC(2925) ParOldGen: 296987K(297472K)->296995K(297472K)
[1062.467s][info][gc,metaspace   ] GC(2925) Metaspace: 35556K(36416K)->35556K(36416K) NonClass: 29283K(29952K)->29283K(29952K) Class: 6272K(6464K)->6272K(6464K)
[1062.467s][info][gc             ] GC(2925) Pause Young (Allocation Failure) 568M->290M(591M) 1.335ms
[1062.467s][info][gc,cpu         ] GC(2925) User=0.00s Sys=0.00s Real=0.01s
[1062.896s][info][gc,start       ] GC(2926) Pause Young (Allocation Failure)
[1062.897s][info][gc,heap        ] GC(2926) PSYoungGen: 285248K(307712K)->64K(309760K) Eden: 285184K(285184K)->0K(289280K) From: 64K(22528K)->64K(20480K)
[1062.897s][info][gc,heap        ] GC(2926) ParOldGen: 296995K(297472K)->297011K(297472K)
[1062.897s][info][gc,metaspace   ] GC(2926) Metaspace: 35556K(36416K)->35556K(36416K) NonClass: 29283K(29952K)->29283K(29952K) Class: 6272K(6464K)->6272K(6464K)
[1062.898s][info][gc             ] GC(2926) Pause Young (Allocation Failure) 568M->290M(593M) 1.351ms
[1062.898s][info][gc,cpu         ] GC(2926) User=0.00s Sys=0.00s Real=0.01s
[1063.092s][info][gc,start       ] GC(2927) Pause Young (Allocation Failure)
[1063.094s][info][gc,heap        ] GC(2927) PSYoungGen: 289344K(309760K)->64K(310784K) Eden: 289280K(289280K)->0K(289280K) From: 64K(20480K)->64K(21504K)
[1063.094s][info][gc,heap        ] GC(2927) ParOldGen: 297011K(297472K)->297027K(297472K)
[1063.094s][info][gc,metaspace   ] GC(2927) Metaspace: 35556K(36416K)->35556K(36416K) NonClass: 29283K(29952K)->29283K(29952K) Class: 6272K(6464K)->6272K(6464K)
[1063.094s][info][gc             ] GC(2927) Pause Young (Allocation Failure) 572M->290M(594M) 1.303ms
[1063.094s][info][gc,cpu         ] GC(2927) User=0.01s Sys=0.00s Real=0.00s
[1063.290s][info][gc,start       ] GC(2928) Pause Young (Allocation Failure)
[1063.291s][info][gc,heap        ] GC(2928) PSYoungGen: 289344K(310784K)->64K(310272K) Eden: 289280K(289280K)->0K(291840K) From: 64K(21504K)->64K(18432K)
[1063.291s][info][gc,heap        ] GC(2928) ParOldGen: 297027K(297472K)->297027K(297472K)
[1063.291s][info][gc,metaspace   ] GC(2928) Metaspace: 35556K(36416K)->35556K(36416K) NonClass: 29283K(29952K)->29283K(29952K) Class: 6272K(6464K)->6272K(6464K)
[1063.291s][info][gc             ] GC(2928) Pause Young (Allocation Failure) 572M->290M(593M) 1.348ms
[1063.291s][info][gc,cpu         ] GC(2928) User=0.00s Sys=0.00s Real=0.00s
[1063.645s][info][gc,start       ] GC(2929) Pause Young (Allocation Failure)
[1063.647s][info][gc,heap        ] GC(2929) PSYoungGen: 291904K(310272K)->64K(311296K) Eden: 291840K(291840K)->0K(291840K) From: 64K(18432K)->64K(19456K)
[1063.647s][info][gc,heap        ] GC(2929) ParOldGen: 297027K(297472K)->297027K(297472K)
[1063.647s][info][gc,metaspace   ] GC(2929) Metaspace: 35556K(36416K)->35556K(36416K) NonClass: 29283K(29952K)->29283K(29952K) Class: 6272K(6464K)->6272K(6464K)
[1063.647s][info][gc             ] GC(2929) Pause Young (Allocation Failure) 575M->290M(594M) 1.298ms
[1063.647s][info][gc,cpu         ] GC(2929) User=0.01s Sys=0.00s Real=0.01s
[1063.722s][info][gc,start       ] GC(2930) Pause Young (Allocation Failure)
[1063.723s][info][gc,heap        ] GC(2930) PSYoungGen: 291904K(311296K)->64K(313344K) Eden: 291840K(291840K)->0K(295936K) From: 64K(19456K)->64K(17408K)
[1063.723s][info][gc,heap        ] GC(2930) ParOldGen: 297027K(297472K)->297035K(297472K)
[1063.723s][info][gc,metaspace   ] GC(2930) Metaspace: 35556K(36416K)->35556K(36416K) NonClass: 29283K(29952K)->29283K(29952K) Class: 6272K(6464K)->6272K(6464K)
[1063.723s][info][gc             ] GC(2930) Pause Young (Allocation Failure) 575M->290M(596M) 1.309ms
[1063.723s][info][gc,cpu         ] GC(2930) User=0.00s Sys=0.00s Real=0.00s
[1063.780s][info][gc,start       ] GC(2931) Pause Young (Allocation Failure)
[1063.781s][info][gc,heap        ] GC(2931) PSYoungGen: 296000K(313344K)->64K(313856K) Eden: 295936K(295936K)->0K(295936K) From: 64K(17408K)->64K(17920K)
[1063.781s][info][gc,heap        ] GC(2931) ParOldGen: 297035K(297472K)->297051K(297472K)
[1063.781s][info][gc,metaspace   ] GC(2931) Metaspace: 35556K(36416K)->35556K(36416K) NonClass: 29283K(29952K)->29283K(29952K) Class: 6272K(6464K)->6272K(6464K)
[1063.781s][info][gc             ] GC(2931) Pause Young (Allocation Failure) 579M->290M(597M) 1.272ms
[1063.781s][info][gc,cpu         ] GC(2931) User=0.00s Sys=0.00s Real=0.00s
[1063.941s][info][gc,start       ] GC(2932) Pause Young (Allocation Failure)
[1063.943s][info][gc,heap        ] GC(2932) PSYoungGen: 296000K(313856K)->64K(314368K) Eden: 295936K(295936K)->0K(299008K) From: 64K(17920K)->64K(15360K)
[1063.943s][info][gc,heap        ] GC(2932) ParOldGen: 297051K(297472K)->297051K(297472K)
[1063.943s][info][gc,metaspace   ] GC(2932) Metaspace: 35556K(36416K)->35556K(36416K) NonClass: 29283K(29952K)->29283K(29952K) Class: 6272K(6464K)->6272K(6464K)
[1063.943s][info][gc             ] GC(2932) Pause Young (Allocation Failure) 579M->290M(597M) 1.290ms
[1063.943s][info][gc,cpu         ] GC(2932) User=0.00s Sys=0.00s Real=0.00s
[1064.159s][info][gc,start       ] GC(2933) Pause Young (Allocation Failure)
[1064.160s][info][gc,heap        ] GC(2933) PSYoungGen: 299072K(314368K)->64K(314880K) Eden: 299008K(299008K)->0K(299008K) From: 64K(15360K)->64K(15872K)
[1064.160s][info][gc,heap        ] GC(2933) ParOldGen: 297051K(297472K)->297059K(297472K)
[1064.160s][info][gc,metaspace   ] GC(2933) Metaspace: 35556K(36416K)->35556K(36416K) NonClass: 29283K(29952K)->29283K(29952K) Class: 6272K(6464K)->6272K(6464K)
[1064.160s][info][gc             ] GC(2933) Pause Young (Allocation Failure) 582M->290M(598M) 1.305ms
[1064.160s][info][gc,cpu         ] GC(2933) User=0.00s Sys=0.00s Real=0.00s
[1064.295s][info][gc,start       ] GC(2934) Pause Young (Allocation Failure)
[1064.296s][info][gc,heap        ] GC(2934) PSYoungGen: 299072K(314880K)->64K(316416K) Eden: 299008K(299008K)->0K(303104K) From: 64K(15872K)->64K(13312K)
[1064.296s][info][gc,heap        ] GC(2934) ParOldGen: 297059K(297472K)->297067K(297472K)
[1064.296s][info][gc,metaspace   ] GC(2934) Metaspace: 35556K(36416K)->35556K(36416K) NonClass: 29283K(29952K)->29283K(29952K) Class: 6272K(6464K)->6272K(6464K)
[1064.296s][info][gc             ] GC(2934) Pause Young (Allocation Failure) 582M->290M(599M) 1.304ms
[1064.296s][info][gc,cpu         ] GC(2934) User=0.00s Sys=0.00s Real=0.00s
[1064.384s][info][gc,start       ] GC(2935) Pause Young (Allocation Failure)
[1064.385s][info][gc,heap        ] GC(2935) PSYoungGen: 303168K(316416K)->64K(316928K) Eden: 303104K(303104K)->0K(303104K) From: 64K(13312K)->64K(13824K)
[1064.385s][info][gc,heap        ] GC(2935) ParOldGen: 297067K(297472K)->297075K(297472K)
[1064.385s][info][gc,metaspace   ] GC(2935) Metaspace: 35556K(36416K)->35556K(36416K) NonClass: 29283K(29952K)->29283K(29952K) Class: 6272K(6464K)->6272K(6464K)
[1064.385s][info][gc             ] GC(2935) Pause Young (Allocation Failure) 586M->290M(600M) 1.297ms
[1064.385s][info][gc,cpu         ] GC(2935) User=0.00s Sys=0.00s Real=0.00s
[1064.555s][info][gc,start       ] GC(2936) Pause Young (Allocation Failure)
[1064.556s][info][gc,heap        ] GC(2936) PSYoungGen: 303168K(316928K)->64K(317952K) Eden: 303104K(303104K)->0K(306688K) From: 64K(13824K)->64K(11264K)
[1064.556s][info][gc,heap        ] GC(2936) ParOldGen: 297075K(297472K)->297083K(297472K)
[1064.556s][info][gc,metaspace   ] GC(2936) Metaspace: 35556K(36416K)->35556K(36416K) NonClass: 29283K(29952K)->29283K(29952K) Class: 6272K(6464K)->6272K(6464K)
[1064.556s][info][gc             ] GC(2936) Pause Young (Allocation Failure) 586M->290M(601M) 1.268ms
[1064.556s][info][gc,cpu         ] GC(2936) User=0.00s Sys=0.00s Real=0.00s
[1065.516s][info][gc,start       ] GC(2937) Pause Young (Allocation Failure)
[1065.518s][info][gc,heap        ] GC(2937) PSYoungGen: 306752K(317952K)->83K(294912K) Eden: 306688K(306688K)->0K(294400K) From: 64K(11264K)->83K(512K)
[1065.518s][info][gc,heap        ] GC(2937) ParOldGen: 297083K(297472K)->297091K(297472K)
[1065.518s][info][gc,metaspace   ] GC(2937) Metaspace: 35556K(36416K)->35556K(36416K) NonClass: 29283K(29952K)->29283K(29952K) Class: 6272K(6464K)->6272K(6464K)
[1065.518s][info][gc             ] GC(2937) Pause Young (Allocation Failure) 589M->290M(578M) 1.782ms
[1065.518s][info][gc,cpu         ] GC(2937) User=0.00s Sys=0.00s Real=0.01s
[1066.416s][info][gc,start       ] GC(2938) Pause Young (Allocation Failure)
[1066.418s][info][gc,heap        ] GC(2938) PSYoungGen: 294483K(294912K)->64K(283136K) Eden: 294400K(294400K)->0K(282624K) From: 83K(512K)->64K(512K)
[1066.418s][info][gc,heap        ] GC(2938) ParOldGen: 297091K(297472K)->297099K(297472K)
[1066.418s][info][gc,metaspace   ] GC(2938) Metaspace: 35556K(36416K)->35556K(36416K) NonClass: 29283K(29952K)->29283K(29952K) Class: 6272K(6464K)->6272K(6464K)
[1066.418s][info][gc             ] GC(2938) Pause Young (Allocation Failure) 577M->290M(567M) 1.975ms
[1066.418s][info][gc,cpu         ] GC(2938) User=0.01s Sys=0.00s Real=0.01s
[1066.712s][info][gc,start       ] GC(2939) Pause Young (Allocation Failure)
[1066.713s][info][gc,heap        ] GC(2939) PSYoungGen: 282688K(283136K)->64K(282112K) Eden: 282624K(282624K)->0K(271360K) From: 64K(512K)->64K(10752K)
[1066.713s][info][gc,heap        ] GC(2939) ParOldGen: 297099K(297472K)->297107K(297472K)
[1066.713s][info][gc,metaspace   ] GC(2939) Metaspace: 35556K(36416K)->35556K(36416K) NonClass: 29283K(29952K)->29283K(29952K) Class: 6272K(6464K)->6272K(6464K)
[1066.713s][info][gc             ] GC(2939) Pause Young (Allocation Failure) 566M->290M(566M) 1.418ms
[1066.713s][info][gc,cpu         ] GC(2939) User=0.00s Sys=0.00s Real=0.00s
[1067.141s][info][gc,start       ] GC(2940) Pause Young (Allocation Failure)
[1067.143s][info][gc,heap        ] GC(2940) PSYoungGen: 271424K(282112K)->64K(261120K) Eden: 271360K(271360K)->0K(260608K) From: 64K(10752K)->64K(512K)
[1067.143s][info][gc,heap        ] GC(2940) ParOldGen: 297107K(297472K)->297115K(297472K)
[1067.143s][info][gc,metaspace   ] GC(2940) Metaspace: 35556K(36416K)->35556K(36416K) NonClass: 29283K(29952K)->29283K(29952K) Class: 6272K(6464K)->6272K(6464K)
[1067.143s][info][gc             ] GC(2940) Pause Young (Allocation Failure) 555M->290M(545M) 2.823ms
[1067.143s][info][gc,cpu         ] GC(2940) User=0.00s Sys=0.00s Real=0.00s
[1068.101s][info][gc,start       ] GC(2941) Pause Young (Allocation Failure)
[1068.103s][info][gc,heap        ] GC(2941) PSYoungGen: 260672K(261120K)->64K(260096K) Eden: 260608K(260608K)->0K(250368K) From: 64K(512K)->64K(9728K)
[1068.103s][info][gc,heap        ] GC(2941) ParOldGen: 297115K(297472K)->297123K(297472K)
[1068.103s][info][gc,metaspace   ] GC(2941) Metaspace: 35556K(36416K)->35556K(36416K) NonClass: 29283K(29952K)->29283K(29952K) Class: 6272K(6464K)->6272K(6464K)
[1068.103s][info][gc             ] GC(2941) Pause Young (Allocation Failure) 544M->290M(544M) 2.258ms
[1068.103s][info][gc,cpu         ] GC(2941) User=0.00s Sys=0.00s Real=0.00s
[1068.457s][info][gc,start       ] GC(2942) Pause Young (Allocation Failure)
[1068.459s][info][gc,heap        ] GC(2942) PSYoungGen: 250432K(260096K)->64K(241152K) Eden: 250368K(250368K)->0K(240640K) From: 64K(9728K)->64K(512K)
[1068.460s][info][gc,heap        ] GC(2942) ParOldGen: 297123K(297472K)->297131K(297472K)
[1068.460s][info][gc,metaspace   ] GC(2942) Metaspace: 35556K(36416K)->35556K(36416K) NonClass: 29283K(29952K)->29283K(29952K) Class: 6272K(6464K)->6272K(6464K)
[1068.460s][info][gc             ] GC(2942) Pause Young (Allocation Failure) 534M->290M(526M) 3.049ms
[1068.460s][info][gc,cpu         ] GC(2942) User=0.01s Sys=0.00s Real=0.01s
[1068.612s][info][gc,start       ] GC(2943) Pause Young (Allocation Failure)
[1068.613s][info][gc,heap        ] GC(2943) PSYoungGen: 240704K(241152K)->64K(239616K) Eden: 240640K(240640K)->0K(231424K) From: 64K(512K)->64K(8192K)
[1068.613s][info][gc,heap        ] GC(2943) ParOldGen: 297131K(297472K)->297139K(297472K)
[1068.613s][info][gc,metaspace   ] GC(2943) Metaspace: 35556K(36416K)->35556K(36416K) NonClass: 29283K(29952K)->29283K(29952K) Class: 6272K(6464K)->6272K(6464K)
[1068.613s][info][gc             ] GC(2943) Pause Young (Allocation Failure) 525M->290M(524M) 1.676ms
[1068.613s][info][gc,cpu         ] GC(2943) User=0.00s Sys=0.00s Real=0.00s
[1068.751s][info][gc,start       ] GC(2944) Pause Young (Allocation Failure)
[1068.753s][info][gc,heap        ] GC(2944) PSYoungGen: 231488K(239616K)->64K(223232K) Eden: 231424K(231424K)->0K(222720K) From: 64K(8192K)->64K(512K)
[1068.753s][info][gc,heap        ] GC(2944) ParOldGen: 297139K(297472K)->297147K(297472K)
[1068.753s][info][gc,metaspace   ] GC(2944) Metaspace: 35556K(36416K)->35556K(36416K) NonClass: 29283K(29952K)->29283K(29952K) Class: 6272K(6464K)->6272K(6464K)
[1068.753s][info][gc             ] GC(2944) Pause Young (Allocation Failure) 516M->290M(508M) 1.912ms
[1068.753s][info][gc,cpu         ] GC(2944) User=0.00s Sys=0.00s Real=0.00s
[1069.335s][info][gc,start       ] GC(2945) Pause Young (Allocation Failure)
[1069.336s][info][gc,heap        ] GC(2945) PSYoungGen: 222784K(223232K)->64K(221696K) Eden: 222720K(222720K)->0K(214528K) From: 64K(512K)->64K(7168K)
[1069.336s][info][gc,heap        ] GC(2945) ParOldGen: 297147K(297472K)->297155K(297472K)
[1069.336s][info][gc,metaspace   ] GC(2945) Metaspace: 35556K(36416K)->35556K(36416K) NonClass: 29283K(29952K)->29283K(29952K) Class: 6272K(6464K)->6272K(6464K)
[1069.336s][info][gc             ] GC(2945) Pause Young (Allocation Failure) 507M->290M(507M) 1.406ms
[1069.336s][info][gc,cpu         ] GC(2945) User=0.00s Sys=0.00s Real=0.00s
[1069.530s][info][gc,start       ] GC(2946) Pause Young (Allocation Failure)
[1069.532s][info][gc,heap        ] GC(2946) PSYoungGen: 214592K(221696K)->64K(207360K) Eden: 214528K(214528K)->0K(206848K) From: 64K(7168K)->64K(512K)
[1069.532s][info][gc,heap        ] GC(2946) ParOldGen: 297155K(297472K)->297163K(297472K)
[1069.532s][info][gc,metaspace   ] GC(2946) Metaspace: 35556K(36416K)->35556K(36416K) NonClass: 29283K(29952K)->29283K(29952K) Class: 6272K(6464K)->6272K(6464K)
[1069.532s][info][gc             ] GC(2946) Pause Young (Allocation Failure) 499M->290M(493M) 1.896ms
[1069.532s][info][gc,cpu         ] GC(2946) User=0.00s Sys=0.01s Real=0.00s
[1069.847s][info][gc,start       ] GC(2947) Pause Young (Allocation Failure)
[1069.871s][info][gc,heap        ] GC(2947) PSYoungGen: 206912K(207360K)->6144K(252416K) Eden: 206848K(206848K)->0K(246272K) From: 64K(512K)->6144K(6144K)
[1069.871s][info][gc,heap        ] GC(2947) ParOldGen: 297163K(297472K)->303027K(303104K)
[1069.871s][info][gc,metaspace   ] GC(2947) Metaspace: 35556K(36416K)->35556K(36416K) NonClass: 29283K(29952K)->29283K(29952K) Class: 6272K(6464K)->6272K(6464K)
[1069.871s][info][gc             ] GC(2947) Pause Young (Allocation Failure) 492M->301M(542M) 23.819ms
[1069.871s][info][gc,cpu         ] GC(2947) User=0.04s Sys=0.00s Real=0.02s
[1070.144s][info][gc,start       ] GC(2948) Pause Young (Allocation Failure)
[1070.201s][info][gc,heap        ] GC(2948) PSYoungGen: 252416K(252416K)->6144K(260096K) Eden: 246272K(246272K)->0K(253952K) From: 6144K(6144K)->6144K(6144K)
[1070.201s][info][gc,heap        ] GC(2948) ParOldGen: 303027K(303104K)->323099K(323584K)
[1070.201s][info][gc,metaspace   ] GC(2948) Metaspace: 35556K(36416K)->35556K(36416K) NonClass: 29283K(29952K)->29283K(29952K) Class: 6272K(6464K)->6272K(6464K)
[1070.201s][info][gc             ] GC(2948) Pause Young (Allocation Failure) 542M->321M(570M) 56.916ms
[1070.201s][info][gc,cpu         ] GC(2948) User=0.09s Sys=0.02s Real=0.06s
[1070.487s][info][gc,start       ] GC(2949) Pause Young (Allocation Failure)
[1070.541s][info][gc,heap        ] GC(2949) PSYoungGen: 260096K(260096K)->17920K(271872K) Eden: 253952K(253952K)->0K(253952K) From: 6144K(6144K)->17920K(17920K)
[1070.541s][info][gc,heap        ] GC(2949) ParOldGen: 323099K(323584K)->332691K(332800K)
[1070.541s][info][gc,metaspace   ] GC(2949) Metaspace: 35556K(36416K)->35556K(36416K) NonClass: 29283K(29952K)->29283K(29952K) Class: 6272K(6464K)->6272K(6464K)
[1070.541s][info][gc             ] GC(2949) Pause Young (Allocation Failure) 569M->342M(590M) 53.750ms
[1070.541s][info][gc,cpu         ] GC(2949) User=0.09s Sys=0.01s Real=0.05s
[1070.640s][info][gc,start       ] GC(2950) Pause Young (Allocation Failure)
[1070.652s][info][gc,heap        ] GC(2950) PSYoungGen: 271872K(271872K)->4256K(309760K) Eden: 253952K(253952K)->0K(284160K) From: 17920K(17920K)->4256K(25600K)
[1070.653s][info][gc,heap        ] GC(2950) ParOldGen: 332691K(332800K)->333027K(333312K)
[1070.653s][info][gc,metaspace   ] GC(2950) Metaspace: 35556K(36416K)->35556K(36416K) NonClass: 29283K(29952K)->29283K(29952K) Class: 6272K(6464K)->6272K(6464K)
[1070.653s][info][gc             ] GC(2950) Pause Young (Allocation Failure) 590M->329M(628M) 12.404ms
[1070.653s][info][gc,cpu         ] GC(2950) User=0.02s Sys=0.01s Real=0.01s
[1071.135s][info][gc,start       ] GC(2951) Pause Young (Allocation Failure)
[1071.137s][info][gc,heap        ] GC(2951) PSYoungGen: 288416K(309760K)->64K(284672K) Eden: 284160K(284160K)->0K(284160K) From: 4256K(25600K)->64K(512K)
[1071.137s][info][gc,heap        ] GC(2951) ParOldGen: 333027K(333312K)->333035K(333312K)
[1071.137s][info][gc,metaspace   ] GC(2951) Metaspace: 35556K(36416K)->35556K(36416K) NonClass: 29283K(29952K)->29283K(29952K) Class: 6272K(6464K)->6272K(6464K)
[1071.137s][info][gc             ] GC(2951) Pause Young (Allocation Failure) 606M->325M(603M) 1.442ms
[1071.137s][info][gc,cpu         ] GC(2951) User=0.00s Sys=0.00s Real=0.01s
[1071.706s][info][gc,start       ] GC(2952) Pause Young (Allocation Failure)
[1071.708s][info][gc,heap        ] GC(2952) PSYoungGen: 284224K(284672K)->64K(307712K) Eden: 284160K(284160K)->0K(284672K) From: 64K(512K)->64K(23040K)
[1071.708s][info][gc,heap        ] GC(2952) ParOldGen: 333035K(333312K)->333043K(333312K)
[1071.708s][info][gc,metaspace   ] GC(2952) Metaspace: 35556K(36416K)->35556K(36416K) NonClass: 29283K(29952K)->29283K(29952K) Class: 6272K(6464K)->6272K(6464K)
[1071.708s][info][gc             ] GC(2952) Pause Young (Allocation Failure) 602M->325M(626M) 1.536ms
[1071.708s][info][gc,cpu         ] GC(2952) User=0.00s Sys=0.00s Real=0.01s
[1072.139s][info][gc,start       ] GC(2953) Pause Young (Allocation Failure)
[1072.140s][info][gc,heap        ] GC(2953) PSYoungGen: 284736K(307712K)->64K(307200K) Eden: 284672K(284672K)->0K(284672K) From: 64K(23040K)->64K(22528K)
[1072.140s][info][gc,heap        ] GC(2953) ParOldGen: 333043K(333312K)->333059K(333312K)
[1072.140s][info][gc,metaspace   ] GC(2953) Metaspace: 35556K(36416K)->35556K(36416K) NonClass: 29283K(29952K)->29283K(29952K) Class: 6272K(6464K)->6272K(6464K)
[1072.140s][info][gc             ] GC(2953) Pause Young (Allocation Failure) 603M->325M(625M) 1.554ms
[1072.140s][info][gc,cpu         ] GC(2953) User=0.00s Sys=0.00s Real=0.00s
[1072.333s][info][gc,start       ] GC(2954) Pause Young (Allocation Failure)
[1072.334s][info][gc,heap        ] GC(2954) PSYoungGen: 284736K(307200K)->64K(310272K) Eden: 284672K(284672K)->0K(289280K) From: 64K(22528K)->64K(20992K)
[1072.334s][info][gc,heap        ] GC(2954) ParOldGen: 333059K(333312K)->333075K(333312K)
[1072.334s][info][gc,metaspace   ] GC(2954) Metaspace: 35556K(36416K)->35556K(36416K) NonClass: 29283K(29952K)->29283K(29952K) Class: 6272K(6464K)->6272K(6464K)
[1072.335s][info][gc             ] GC(2954) Pause Young (Allocation Failure) 603M->325M(628M) 1.413ms
[1072.335s][info][gc,cpu         ] GC(2954) User=0.01s Sys=0.00s Real=0.00s
[1072.535s][info][gc,start       ] GC(2955) Pause Young (Allocation Failure)
[1072.536s][info][gc,heap        ] GC(2955) PSYoungGen: 289344K(310272K)->64K(309760K) Eden: 289280K(289280K)->0K(289280K) From: 64K(20992K)->64K(20480K)
[1072.536s][info][gc,heap        ] GC(2955) ParOldGen: 333075K(333312K)->333075K(333312K)
[1072.536s][info][gc,metaspace   ] GC(2955) Metaspace: 35556K(36416K)->35556K(36416K) NonClass: 29283K(29952K)->29283K(29952K) Class: 6272K(6464K)->6272K(6464K)
[1072.536s][info][gc             ] GC(2955) Pause Young (Allocation Failure) 607M->325M(628M) 1.470ms
[1072.536s][info][gc,cpu         ] GC(2955) User=0.00s Sys=0.00s Real=0.00s
[1072.882s][info][gc,start       ] GC(2956) Pause Young (Allocation Failure)
[1072.883s][info][gc,heap        ] GC(2956) PSYoungGen: 289344K(309760K)->64K(312320K) Eden: 289280K(289280K)->0K(293376K) From: 64K(20480K)->64K(18944K)
[1072.883s][info][gc,heap        ] GC(2956) ParOldGen: 333075K(333312K)->333075K(333312K)
[1072.883s][info][gc,metaspace   ] GC(2956) Metaspace: 35556K(36416K)->35556K(36416K) NonClass: 29283K(29952K)->29283K(29952K) Class: 6272K(6464K)->6272K(6464K)
[1072.883s][info][gc             ] GC(2956) Pause Young (Allocation Failure) 607M->325M(630M) 1.414ms
[1072.883s][info][gc,cpu         ] GC(2956) User=0.00s Sys=0.00s Real=0.00s
[1072.978s][info][gc,start       ] GC(2957) Pause Young (Allocation Failure)
[1072.980s][info][gc,heap        ] GC(2957) PSYoungGen: 293440K(312320K)->64K(312320K) Eden: 293376K(293376K)->0K(293376K) From: 64K(18944K)->64K(18944K)
[1072.980s][info][gc,heap        ] GC(2957) ParOldGen: 333075K(333312K)->333083K(333312K)
[1072.980s][info][gc,metaspace   ] GC(2957) Metaspace: 35556K(36416K)->35556K(36416K) NonClass: 29283K(29952K)->29283K(29952K) Class: 6272K(6464K)->6272K(6464K)
[1072.980s][info][gc             ] GC(2957) Pause Young (Allocation Failure) 611M->325M(630M) 1.387ms
[1072.980s][info][gc,cpu         ] GC(2957) User=0.00s Sys=0.00s Real=0.00s
[1073.034s][info][gc,start       ] GC(2958) Pause Young (Allocation Failure)
[1073.035s][info][gc,heap        ] GC(2958) PSYoungGen: 293440K(312320K)->64K(313856K) Eden: 293376K(293376K)->0K(296960K) From: 64K(18944K)->64K(16896K)
[1073.035s][info][gc,heap        ] GC(2958) ParOldGen: 333083K(333312K)->333099K(333312K)
[1073.035s][info][gc,metaspace   ] GC(2958) Metaspace: 35556K(36416K)->35556K(36416K) NonClass: 29283K(29952K)->29283K(29952K) Class: 6272K(6464K)->6272K(6464K)
[1073.035s][info][gc             ] GC(2958) Pause Young (Allocation Failure) 611M->325M(632M) 1.382ms
[1073.035s][info][gc,cpu         ] GC(2958) User=0.00s Sys=0.00s Real=0.00s
[1073.188s][info][gc,start       ] GC(2959) Pause Young (Allocation Failure)
[1073.189s][info][gc,heap        ] GC(2959) PSYoungGen: 297024K(313856K)->64K(313856K) Eden: 296960K(296960K)->0K(296960K) From: 64K(16896K)->64K(16896K)
[1073.189s][info][gc,heap        ] GC(2959) ParOldGen: 333099K(333312K)->333099K(333312K)
[1073.189s][info][gc,metaspace   ] GC(2959) Metaspace: 35556K(36416K)->35556K(36416K) NonClass: 29283K(29952K)->29283K(29952K) Class: 6272K(6464K)->6272K(6464K)
[1073.189s][info][gc             ] GC(2959) Pause Young (Allocation Failure) 615M->325M(632M) 1.377ms
[1073.190s][info][gc,cpu         ] GC(2959) User=0.00s Sys=0.00s Real=0.00s
[1073.404s][info][gc,start       ] GC(2960) Pause Young (Allocation Failure)
[1073.405s][info][gc,heap        ] GC(2960) PSYoungGen: 297024K(313856K)->64K(315904K) Eden: 296960K(296960K)->0K(301056K) From: 64K(16896K)->64K(14848K)
[1073.405s][info][gc,heap        ] GC(2960) ParOldGen: 333099K(333312K)->333107K(333312K)
[1073.405s][info][gc,metaspace   ] GC(2960) Metaspace: 35556K(36416K)->35556K(36416K) NonClass: 29283K(29952K)->29283K(29952K) Class: 6272K(6464K)->6272K(6464K)
[1073.405s][info][gc             ] GC(2960) Pause Young (Allocation Failure) 615M->325M(634M) 1.371ms
[1073.405s][info][gc,cpu         ] GC(2960) User=0.00s Sys=0.00s Real=0.00s
[1073.556s][info][gc,start       ] GC(2961) Pause Young (Allocation Failure)
[1073.557s][info][gc,heap        ] GC(2961) PSYoungGen: 301120K(315904K)->64K(315904K) Eden: 301056K(301056K)->0K(301056K) From: 64K(14848K)->64K(14848K)
[1073.557s][info][gc,heap        ] GC(2961) ParOldGen: 333107K(333312K)->333115K(333312K)
[1073.557s][info][gc,metaspace   ] GC(2961) Metaspace: 35556K(36416K)->35556K(36416K) NonClass: 29283K(29952K)->29283K(29952K) Class: 6272K(6464K)->6272K(6464K)
[1073.557s][info][gc             ] GC(2961) Pause Young (Allocation Failure) 619M->325M(634M) 1.423ms
[1073.557s][info][gc,cpu         ] GC(2961) User=0.01s Sys=0.00s Real=0.01s
[1073.638s][info][gc,start       ] GC(2962) Pause Young (Allocation Failure)
[1073.640s][info][gc,heap        ] GC(2962) PSYoungGen: 301120K(315904K)->64K(317440K) Eden: 301056K(301056K)->0K(304640K) From: 64K(14848K)->64K(12800K)
[1073.640s][info][gc,heap        ] GC(2962) ParOldGen: 333115K(333312K)->333131K(333312K)
[1073.640s][info][gc,metaspace   ] GC(2962) Metaspace: 35556K(36416K)->35556K(36416K) NonClass: 29283K(29952K)->29283K(29952K) Class: 6272K(6464K)->6272K(6464K)
[1073.640s][info][gc             ] GC(2962) Pause Young (Allocation Failure) 619M->325M(635M) 1.401ms
[1073.640s][info][gc,cpu         ] GC(2962) User=0.00s Sys=0.00s Real=0.00s
[1073.814s][info][gc,start       ] GC(2963) Pause Young (Allocation Failure)
[1073.815s][info][gc,heap        ] GC(2963) PSYoungGen: 304704K(317440K)->64K(317952K) Eden: 304640K(304640K)->0K(304640K) From: 64K(12800K)->64K(13312K)
[1073.815s][info][gc,heap        ] GC(2963) ParOldGen: 333131K(333312K)->333131K(333312K)
[1073.815s][info][gc,metaspace   ] GC(2963) Metaspace: 35556K(36416K)->35556K(36416K) NonClass: 29283K(29952K)->29283K(29952K) Class: 6272K(6464K)->6272K(6464K)
[1073.815s][info][gc             ] GC(2963) Pause Young (Allocation Failure) 622M->325M(636M) 1.397ms
[1073.815s][info][gc,cpu         ] GC(2963) User=0.00s Sys=0.00s Real=0.00s
[1074.789s][info][gc,start       ] GC(2964) Pause Young (Allocation Failure)
[1074.791s][info][gc,heap        ] GC(2964) PSYoungGen: 304704K(317952K)->64K(292864K) Eden: 304640K(304640K)->0K(292352K) From: 64K(13312K)->64K(512K)
[1074.791s][info][gc,heap        ] GC(2964) ParOldGen: 333131K(333312K)->333139K(333312K)
[1074.791s][info][gc,metaspace   ] GC(2964) Metaspace: 35556K(36416K)->35556K(36416K) NonClass: 29283K(29952K)->29283K(29952K) Class: 6272K(6464K)->6272K(6464K)
[1074.791s][info][gc             ] GC(2964) Pause Young (Allocation Failure) 622M->325M(611M) 1.433ms
[1074.791s][info][gc,cpu         ] GC(2964) User=0.00s Sys=0.00s Real=0.00s
[1075.697s][info][gc,start       ] GC(2965) Pause Young (Allocation Failure)
[1075.699s][info][gc,heap        ] GC(2965) PSYoungGen: 292416K(292864K)->64K(292864K) Eden: 292352K(292352K)->0K(281088K) From: 64K(512K)->64K(11776K)
[1075.699s][info][gc,heap        ] GC(2965) ParOldGen: 333139K(333312K)->333147K(333312K)
[1075.699s][info][gc,metaspace   ] GC(2965) Metaspace: 35556K(36416K)->35556K(36416K) NonClass: 29283K(29952K)->29283K(29952K) Class: 6272K(6464K)->6272K(6464K)
[1075.699s][info][gc             ] GC(2965) Pause Young (Allocation Failure) 610M->325M(611M) 1.583ms
[1075.699s][info][gc,cpu         ] GC(2965) User=0.00s Sys=0.00s Real=0.00s
[1075.944s][info][gc,start       ] GC(2966) Pause Young (Allocation Failure)
[1075.947s][info][gc,heap        ] GC(2966) PSYoungGen: 281152K(292864K)->64K(270848K) Eden: 281088K(281088K)->0K(270336K) From: 64K(11776K)->64K(512K)
[1075.947s][info][gc,heap        ] GC(2966) ParOldGen: 333147K(333312K)->333163K(333312K)
[1075.947s][info][gc,metaspace   ] GC(2966) Metaspace: 35556K(36416K)->35556K(36416K) NonClass: 29283K(29952K)->29283K(29952K) Class: 6272K(6464K)->6272K(6464K)
[1075.947s][info][gc             ] GC(2966) Pause Young (Allocation Failure) 599M->325M(590M) 2.639ms
[1075.947s][info][gc,cpu         ] GC(2966) User=0.00s Sys=0.00s Real=0.01s
[1076.390s][info][gc,start       ] GC(2967) Pause Young (Allocation Failure)
[1076.392s][info][gc,heap        ] GC(2967) PSYoungGen: 270400K(270848K)->64K(270336K) Eden: 270336K(270336K)->0K(260096K) From: 64K(512K)->64K(10240K)
[1076.392s][info][gc,heap        ] GC(2967) ParOldGen: 333163K(333312K)->333179K(333312K)
[1076.392s][info][gc,metaspace   ] GC(2967) Metaspace: 35556K(36416K)->35556K(36416K) NonClass: 29283K(29952K)->29283K(29952K) Class: 6272K(6464K)->6272K(6464K)
[1076.392s][info][gc             ] GC(2967) Pause Young (Allocation Failure) 589M->325M(589M) 2.357ms
[1076.392s][info][gc,cpu         ] GC(2967) User=0.00s Sys=0.00s Real=0.00s
[1077.351s][info][gc,start       ] GC(2968) Pause Young (Allocation Failure)
[1077.354s][info][gc,heap        ] GC(2968) PSYoungGen: 260160K(270336K)->64K(250880K) Eden: 260096K(260096K)->0K(250368K) From: 64K(10240K)->64K(512K)
[1077.354s][info][gc,heap        ] GC(2968) ParOldGen: 333179K(333312K)->333195K(333312K)
[1077.354s][info][gc,metaspace   ] GC(2968) Metaspace: 35556K(36416K)->35556K(36416K) NonClass: 29283K(29952K)->29283K(29952K) Class: 6272K(6464K)->6272K(6464K)
[1077.354s][info][gc             ] GC(2968) Pause Young (Allocation Failure) 579M->325M(570M) 2.793ms
[1077.354s][info][gc,cpu         ] GC(2968) User=0.00s Sys=0.00s Real=0.00s
[1077.726s][info][gc,start       ] GC(2969) Pause Young (Allocation Failure)
[1077.729s][info][gc,heap        ] GC(2969) PSYoungGen: 250432K(250880K)->64K(249344K) Eden: 250368K(250368K)->0K(240640K) From: 64K(512K)->64K(8704K)
[1077.729s][info][gc,heap        ] GC(2969) ParOldGen: 333195K(333312K)->333211K(333312K)
[1077.729s][info][gc,metaspace   ] GC(2969) Metaspace: 35556K(36416K)->35556K(36416K) NonClass: 29283K(29952K)->29283K(29952K) Class: 6272K(6464K)->6272K(6464K)
[1077.729s][info][gc             ] GC(2969) Pause Young (Allocation Failure) 569M->325M(569M) 2.460ms
[1077.729s][info][gc,cpu         ] GC(2969) User=0.00s Sys=0.00s Real=0.01s
[1077.893s][info][gc,start       ] GC(2970) Pause Young (Allocation Failure)
[1077.896s][info][gc,heap        ] GC(2970) PSYoungGen: 240704K(249344K)->64K(231936K) Eden: 240640K(240640K)->0K(231424K) From: 64K(8704K)->64K(512K)
[1077.896s][info][gc,heap        ] GC(2970) ParOldGen: 333211K(333312K)->333227K(333312K)
[1077.896s][info][gc,metaspace   ] GC(2970) Metaspace: 35556K(36416K)->35556K(36416K) NonClass: 29283K(29952K)->29283K(29952K) Class: 6272K(6464K)->6272K(6464K)
[1077.896s][info][gc             ] GC(2970) Pause Young (Allocation Failure) 560M->325M(552M) 2.939ms
[1077.896s][info][gc,cpu         ] GC(2970) User=0.00s Sys=0.01s Real=0.00s
[1077.985s][info][gc,start       ] GC(2971) Pause Young (Allocation Failure)
[1077.987s][info][gc,heap        ] GC(2971) PSYoungGen: 231488K(231936K)->64K(281600K) Eden: 231424K(231424K)->0K(273920K) From: 64K(512K)->64K(7680K)
[1077.987s][info][gc,heap        ] GC(2971) ParOldGen: 333227K(333312K)->333243K(333312K)
[1077.987s][info][gc,metaspace   ] GC(2971) Metaspace: 35556K(36416K)->35556K(36416K) NonClass: 29283K(29952K)->29283K(29952K) Class: 6272K(6464K)->6272K(6464K)
[1077.987s][info][gc             ] GC(2971) Pause Young (Allocation Failure) 551M->325M(600M) 2.366ms
[1077.987s][info][gc,cpu         ] GC(2971) User=0.00s Sys=0.00s Real=0.01s
[1078.632s][info][gc,start       ] GC(2972) Pause Young (Allocation Failure)
[1078.635s][info][gc,heap        ] GC(2972) PSYoungGen: 273984K(281600K)->64K(286720K) Eden: 273920K(273920K)->0K(279552K) From: 64K(7680K)->64K(7168K)
[1078.635s][info][gc,heap        ] GC(2972) ParOldGen: 333243K(333312K)->333259K(333312K)
[1078.635s][info][gc,metaspace   ] GC(2972) Metaspace: 35556K(36416K)->35556K(36416K) NonClass: 29283K(29952K)->29283K(29952K) Class: 6272K(6464K)->6272K(6464K)
[1078.635s][info][gc             ] GC(2972) Pause Young (Allocation Failure) 592M->325M(605M) 2.711ms
[1078.635s][info][gc,cpu         ] GC(2972) User=0.01s Sys=0.00s Real=0.00s
[1078.993s][info][gc,start       ] GC(2973) Pause Young (Allocation Failure)
[1078.996s][info][gc,heap        ] GC(2973) PSYoungGen: 279616K(286720K)->64K(286208K) Eden: 279552K(279552K)->0K(279552K) From: 64K(7168K)->64K(6656K)
[1078.996s][info][gc,heap        ] GC(2973) ParOldGen: 333259K(333312K)->333275K(333312K)
[1078.996s][info][gc,metaspace   ] GC(2973) Metaspace: 35556K(36416K)->35556K(36416K) NonClass: 29283K(29952K)->29283K(29952K) Class: 6272K(6464K)->6272K(6464K)
[1078.996s][info][gc             ] GC(2973) Pause Young (Allocation Failure) 598M->325M(605M) 2.472ms
[1078.996s][info][gc,cpu         ] GC(2973) User=0.00s Sys=0.00s Real=0.00s
[1079.317s][info][gc,start       ] GC(2974) Pause Young (Allocation Failure)
[1079.384s][info][gc,heap        ] GC(2974) PSYoungGen: 279616K(286208K)->6144K(308224K) Eden: 279552K(279552K)->0K(302080K) From: 64K(6656K)->6144K(6144K)
[1079.384s][info][gc,heap        ] GC(2974) ParOldGen: 333275K(333312K)->355891K(356352K)
[1079.384s][info][gc,metaspace   ] GC(2974) Metaspace: 35556K(36416K)->35556K(36416K) NonClass: 29283K(29952K)->29283K(29952K) Class: 6272K(6464K)->6272K(6464K)
[1079.384s][info][gc             ] GC(2974) Pause Young (Allocation Failure) 598M->353M(649M) 67.176ms
[1079.384s][info][gc,cpu         ] GC(2974) User=0.11s Sys=0.02s Real=0.06s
[1079.730s][info][gc,start       ] GC(2975) Pause Young (Allocation Failure)
[1079.808s][info][gc,heap        ] GC(2975) PSYoungGen: 308224K(308224K)->15872K(317952K) Eden: 302080K(302080K)->0K(302080K) From: 6144K(6144K)->15872K(15872K)
[1079.808s][info][gc,heap        ] GC(2975) ParOldGen: 355891K(356352K)->372723K(372736K)
[1079.808s][info][gc,metaspace   ] GC(2975) Metaspace: 35556K(36416K)->35556K(36416K) NonClass: 29283K(29952K)->29283K(29952K) Class: 6272K(6464K)->6272K(6464K)
[1079.808s][info][gc             ] GC(2975) Pause Young (Allocation Failure) 648M->379M(674M) 78.107ms
[1079.808s][info][gc,cpu         ] GC(2975) User=0.13s Sys=0.02s Real=0.08s
[1079.954s][info][gc,start       ] GC(2976) Pause Young (Allocation Failure)
[1079.977s][info][gc,heap        ] GC(2976) PSYoungGen: 317952K(317952K)->8384K(300544K) Eden: 302080K(302080K)->0K(284672K) From: 15872K(15872K)->8384K(15872K)
[1079.977s][info][gc,heap        ] GC(2976) ParOldGen: 372723K(372736K)->373331K(373760K)
[1079.977s][info][gc,metaspace   ] GC(2976) Metaspace: 35556K(36416K)->35556K(36416K) NonClass: 29283K(29952K)->29283K(29952K) Class: 6272K(6464K)->6272K(6464K)
[1079.977s][info][gc             ] GC(2976) Pause Young (Allocation Failure) 674M->372M(658M) 22.714ms
[1079.977s][info][gc,cpu         ] GC(2976) User=0.04s Sys=0.01s Real=0.03s
[1080.473s][info][gc,start       ] GC(2977) Pause Young (Allocation Failure)
[1080.475s][info][gc,heap        ] GC(2977) PSYoungGen: 293056K(300544K)->64K(309248K) Eden: 284672K(284672K)->0K(284672K) From: 8384K(15872K)->64K(24576K)
[1080.475s][info][gc,heap        ] GC(2977) ParOldGen: 373331K(373760K)->373339K(373760K)
[1080.475s][info][gc,metaspace   ] GC(2977) Metaspace: 35556K(36416K)->35556K(36416K) NonClass: 29283K(29952K)->29283K(29952K) Class: 6272K(6464K)->6272K(6464K)
[1080.475s][info][gc             ] GC(2977) Pause Young (Allocation Failure) 650M->364M(667M) 1.408ms
[1080.475s][info][gc,cpu         ] GC(2977) User=0.00s Sys=0.00s Real=0.00s
[1081.033s][info][gc,start       ] GC(2978) Pause Young (Allocation Failure)
[1081.034s][info][gc,heap        ] GC(2978) PSYoungGen: 284736K(309248K)->64K(306688K) Eden: 284672K(284672K)->0K(285184K) From: 64K(24576K)->64K(21504K)
[1081.034s][info][gc,heap        ] GC(2978) ParOldGen: 373339K(373760K)->373347K(373760K)
[1081.034s][info][gc,metaspace   ] GC(2978) Metaspace: 35556K(36416K)->35556K(36416K) NonClass: 29283K(29952K)->29283K(29952K) Class: 6272K(6464K)->6272K(6464K)
[1081.035s][info][gc             ] GC(2978) Pause Young (Allocation Failure) 642M->364M(664M) 1.567ms
[1081.035s][info][gc,cpu         ] GC(2978) User=0.00s Sys=0.00s Real=0.00s
[1081.463s][info][gc,start       ] GC(2979) Pause Young (Allocation Failure)
[1081.465s][info][gc,heap        ] GC(2979) PSYoungGen: 285248K(306688K)->64K(308224K) Eden: 285184K(285184K)->0K(285184K) From: 64K(21504K)->64K(23040K)
[1081.465s][info][gc,heap        ] GC(2979) ParOldGen: 373347K(373760K)->373363K(373760K)
[1081.465s][info][gc,metaspace   ] GC(2979) Metaspace: 35556K(36416K)->35556K(36416K) NonClass: 29283K(29952K)->29283K(29952K) Class: 6272K(6464K)->6272K(6464K)
[1081.465s][info][gc             ] GC(2979) Pause Young (Allocation Failure) 643M->364M(666M) 1.508ms
[1081.465s][info][gc,cpu         ] GC(2979) User=0.00s Sys=0.00s Real=0.00s
[1081.657s][info][gc,start       ] GC(2980) Pause Young (Allocation Failure)
[1081.658s][info][gc,heap        ] GC(2980) PSYoungGen: 285248K(308224K)->64K(309248K) Eden: 285184K(285184K)->0K(288768K) From: 64K(23040K)->64K(20480K)
[1081.658s][info][gc,heap        ] GC(2980) ParOldGen: 373363K(373760K)->373379K(373760K)
[1081.658s][info][gc,metaspace   ] GC(2980) Metaspace: 35556K(36416K)->35556K(36416K) NonClass: 29283K(29952K)->29283K(29952K) Class: 6272K(6464K)->6272K(6464K)
[1081.658s][info][gc             ] GC(2980) Pause Young (Allocation Failure) 643M->364M(667M) 1.550ms
[1081.658s][info][gc,cpu         ] GC(2980) User=0.00s Sys=0.00s Real=0.00s
[1081.853s][info][gc,start       ] GC(2981) Pause Young (Allocation Failure)
[1081.854s][info][gc,heap        ] GC(2981) PSYoungGen: 288832K(309248K)->64K(310272K) Eden: 288768K(288768K)->0K(288768K) From: 64K(20480K)->64K(21504K)
[1081.855s][info][gc,heap        ] GC(2981) ParOldGen: 373379K(373760K)->373379K(373760K)
[1081.855s][info][gc,metaspace   ] GC(2981) Metaspace: 35556K(36416K)->35556K(36416K) NonClass: 29283K(29952K)->29283K(29952K) Class: 6272K(6464K)->6272K(6464K)
[1081.855s][info][gc             ] GC(2981) Pause Young (Allocation Failure) 646M->364M(668M) 1.460ms
[1081.855s][info][gc,cpu         ] GC(2981) User=0.00s Sys=0.00s Real=0.00s
[1082.201s][info][gc,start       ] GC(2982) Pause Young (Allocation Failure)
[1082.202s][info][gc,heap        ] GC(2982) PSYoungGen: 288832K(310272K)->64K(310272K) Eden: 288768K(288768K)->0K(291840K) From: 64K(21504K)->64K(18432K)
[1082.202s][info][gc,heap        ] GC(2982) ParOldGen: 373379K(373760K)->373379K(373760K)
[1082.202s][info][gc,metaspace   ] GC(2982) Metaspace: 35556K(36416K)->35556K(36416K) NonClass: 29283K(29952K)->29283K(29952K) Class: 6272K(6464K)->6272K(6464K)
[1082.202s][info][gc             ] GC(2982) Pause Young (Allocation Failure) 646M->364M(668M) 1.545ms
[1082.202s][info][gc,cpu         ] GC(2982) User=0.00s Sys=0.00s Real=0.00s
[1082.286s][info][gc,start       ] GC(2983) Pause Young (Allocation Failure)
[1082.287s][info][gc,heap        ] GC(2983) PSYoungGen: 291904K(310272K)->64K(311296K) Eden: 291840K(291840K)->0K(291840K) From: 64K(18432K)->64K(19456K)
[1082.287s][info][gc,heap        ] GC(2983) ParOldGen: 373379K(373760K)->373387K(373760K)
[1082.287s][info][gc,metaspace   ] GC(2983) Metaspace: 35556K(36416K)->35556K(36416K) NonClass: 29283K(29952K)->29283K(29952K) Class: 6272K(6464K)->6272K(6464K)
[1082.287s][info][gc             ] GC(2983) Pause Young (Allocation Failure) 649M->364M(669M) 1.439ms
[1082.287s][info][gc,cpu         ] GC(2983) User=0.00s Sys=0.00s Real=0.01s
[1082.340s][info][gc,start       ] GC(2984) Pause Young (Allocation Failure)
[1082.342s][info][gc,heap        ] GC(2984) PSYoungGen: 291904K(311296K)->64K(312320K) Eden: 291840K(291840K)->0K(295936K) From: 64K(19456K)->64K(16384K)
[1082.342s][info][gc,heap        ] GC(2984) ParOldGen: 373387K(373760K)->373403K(373760K)
[1082.342s][info][gc,metaspace   ] GC(2984) Metaspace: 35556K(36416K)->35556K(36416K) NonClass: 29283K(29952K)->29283K(29952K) Class: 6272K(6464K)->6272K(6464K)
[1082.342s][info][gc             ] GC(2984) Pause Young (Allocation Failure) 649M->364M(670M) 1.470ms
[1082.342s][info][gc,cpu         ] GC(2984) User=0.00s Sys=0.00s Real=0.00s
[1082.499s][info][gc,start       ] GC(2985) Pause Young (Allocation Failure)
[1082.500s][info][gc,heap        ] GC(2985) PSYoungGen: 296000K(312320K)->64K(313344K) Eden: 295936K(295936K)->0K(295936K) From: 64K(16384K)->64K(17408K)
[1082.500s][info][gc,heap        ] GC(2985) ParOldGen: 373403K(373760K)->373403K(373760K)
[1082.500s][info][gc,metaspace   ] GC(2985) Metaspace: 35556K(36416K)->35556K(36416K) NonClass: 29283K(29952K)->29283K(29952K) Class: 6272K(6464K)->6272K(6464K)
[1082.500s][info][gc             ] GC(2985) Pause Young (Allocation Failure) 653M->364M(671M) 1.468ms
[1082.500s][info][gc,cpu         ] GC(2985) User=0.00s Sys=0.00s Real=0.00s
[1082.715s][info][gc,start       ] GC(2986) Pause Young (Allocation Failure)
[1082.716s][info][gc,heap        ] GC(2986) PSYoungGen: 296000K(313344K)->64K(314368K) Eden: 295936K(295936K)->0K(300032K) From: 64K(17408K)->64K(14336K)
[1082.716s][info][gc,heap        ] GC(2986) ParOldGen: 373403K(373760K)->373411K(373760K)
[1082.716s][info][gc,metaspace   ] GC(2986) Metaspace: 35556K(36416K)->35556K(36416K) NonClass: 29283K(29952K)->29283K(29952K) Class: 6272K(6464K)->6272K(6464K)
[1082.716s][info][gc             ] GC(2986) Pause Young (Allocation Failure) 653M->364M(672M) 1.429ms
[1082.716s][info][gc,cpu         ] GC(2986) User=0.00s Sys=0.00s Real=0.00s
[1082.861s][info][gc,start       ] GC(2987) Pause Young (Allocation Failure)
[1082.863s][info][gc,heap        ] GC(2987) PSYoungGen: 300096K(314368K)->64K(315392K) Eden: 300032K(300032K)->0K(300032K) From: 64K(14336K)->64K(15360K)
[1082.863s][info][gc,heap        ] GC(2987) ParOldGen: 373411K(373760K)->373419K(373760K)
[1082.863s][info][gc,metaspace   ] GC(2987) Metaspace: 35556K(36416K)->35556K(36416K) NonClass: 29283K(29952K)->29283K(29952K) Class: 6272K(6464K)->6272K(6464K)
[1082.863s][info][gc             ] GC(2987) Pause Young (Allocation Failure) 657M->364M(673M) 1.486ms
[1082.863s][info][gc,cpu         ] GC(2987) User=0.00s Sys=0.00s Real=0.00s
[1082.944s][info][gc,start       ] GC(2988) Pause Young (Allocation Failure)
[1082.945s][info][gc,heap        ] GC(2988) PSYoungGen: 300096K(315392K)->64K(315904K) Eden: 300032K(300032K)->0K(303616K) From: 64K(15360K)->64K(12288K)
[1082.945s][info][gc,heap        ] GC(2988) ParOldGen: 373419K(373760K)->373435K(373760K)
[1082.945s][info][gc,metaspace   ] GC(2988) Metaspace: 35556K(36416K)->35556K(36416K) NonClass: 29283K(29952K)->29283K(29952K) Class: 6272K(6464K)->6272K(6464K)
[1082.945s][info][gc             ] GC(2988) Pause Young (Allocation Failure) 657M->364M(673M) 1.461ms
[1082.945s][info][gc,cpu         ] GC(2988) User=0.00s Sys=0.00s Real=0.00s
[1083.118s][info][gc,start       ] GC(2989) Pause Young (Allocation Failure)
[1083.119s][info][gc,heap        ] GC(2989) PSYoungGen: 303680K(315904K)->64K(317440K) Eden: 303616K(303616K)->0K(303616K) From: 64K(12288K)->64K(13824K)
[1083.119s][info][gc,heap        ] GC(2989) ParOldGen: 373435K(373760K)->373435K(373760K)
[1083.119s][info][gc,metaspace   ] GC(2989) Metaspace: 35556K(36416K)->35556K(36416K) NonClass: 29283K(29952K)->29283K(29952K) Class: 6272K(6464K)->6272K(6464K)
[1083.119s][info][gc             ] GC(2989) Pause Young (Allocation Failure) 661M->364M(675M) 1.445ms
[1083.119s][info][gc,cpu         ] GC(2989) User=0.00s Sys=0.00s Real=0.00s
[1084.092s][info][gc,start       ] GC(2990) Pause Young (Allocation Failure)
[1084.094s][info][gc,heap        ] GC(2990) PSYoungGen: 303680K(317440K)->64K(318464K) Eden: 303616K(303616K)->0K(307200K) From: 64K(13824K)->64K(11264K)
[1084.094s][info][gc,heap        ] GC(2990) ParOldGen: 373435K(373760K)->373443K(373760K)
[1084.094s][info][gc,metaspace   ] GC(2990) Metaspace: 35556K(36416K)->35556K(36416K) NonClass: 29283K(29952K)->29283K(29952K) Class: 6272K(6464K)->6272K(6464K)
[1084.094s][info][gc             ] GC(2990) Pause Young (Allocation Failure) 661M->364M(676M) 1.459ms
[1084.094s][info][gc,cpu         ] GC(2990) User=0.00s Sys=0.00s Real=0.00s
[1084.997s][info][gc,start       ] GC(2991) Pause Young (Allocation Failure)
[1084.999s][info][gc,heap        ] GC(2991) PSYoungGen: 307264K(318464K)->64K(295424K) Eden: 307200K(307200K)->0K(294912K) From: 64K(11264K)->64K(512K)
[1084.999s][info][gc,heap        ] GC(2991) ParOldGen: 373443K(373760K)->373451K(373760K)
[1084.999s][info][gc,metaspace   ] GC(2991) Metaspace: 35556K(36416K)->35556K(36416K) NonClass: 29283K(29952K)->29283K(29952K) Class: 6272K(6464K)->6272K(6464K)
[1084.999s][info][gc             ] GC(2991) Pause Young (Allocation Failure) 664M->364M(653M) 2.190ms
[1084.999s][info][gc,cpu         ] GC(2991) User=0.00s Sys=0.00s Real=0.00s
[1085.303s][info][gc,start       ] GC(2992) Pause Young (Allocation Failure)
[1085.305s][info][gc,heap        ] GC(2992) PSYoungGen: 294976K(295424K)->64K(283648K) Eden: 294912K(294912K)->0K(283136K) From: 64K(512K)->64K(512K)
[1085.305s][info][gc,heap        ] GC(2992) ParOldGen: 373451K(373760K)->373459K(373760K)
[1085.305s][info][gc,metaspace   ] GC(2992) Metaspace: 35556K(36416K)->35556K(36416K) NonClass: 29283K(29952K)->29283K(29952K) Class: 6272K(6464K)->6272K(6464K)
[1085.306s][info][gc             ] GC(2992) Pause Young (Allocation Failure) 652M->364M(642M) 2.166ms
[1085.306s][info][gc,cpu         ] GC(2992) User=0.01s Sys=0.00s Real=0.00s
[1085.745s][info][gc,start       ] GC(2993) Pause Young (Allocation Failure)
[1085.747s][info][gc,heap        ] GC(2993) PSYoungGen: 283200K(283648K)->64K(282624K) Eden: 283136K(283136K)->0K(271872K) From: 64K(512K)->64K(10752K)
[1085.747s][info][gc,heap        ] GC(2993) ParOldGen: 373459K(373760K)->373467K(373760K)
[1085.747s][info][gc,metaspace   ] GC(2993) Metaspace: 35556K(36416K)->35556K(36416K) NonClass: 29283K(29952K)->29283K(29952K) Class: 6272K(6464K)->6272K(6464K)
[1085.747s][info][gc             ] GC(2993) Pause Young (Allocation Failure) 641M->364M(641M) 1.914ms
[1085.747s][info][gc,cpu         ] GC(2993) User=0.01s Sys=0.00s Real=0.01s
[1086.722s][info][gc,start       ] GC(2994) Pause Young (Allocation Failure)
[1086.725s][info][gc,heap        ] GC(2994) PSYoungGen: 271936K(282624K)->64K(261632K) Eden: 271872K(271872K)->0K(261120K) From: 64K(10752K)->64K(512K)
[1086.725s][info][gc,heap        ] GC(2994) ParOldGen: 373467K(373760K)->373475K(373760K)
[1086.725s][info][gc,metaspace   ] GC(2994) Metaspace: 35556K(36416K)->35556K(36416K) NonClass: 29283K(29952K)->29283K(29952K) Class: 6272K(6464K)->6272K(6464K)
[1086.725s][info][gc             ] GC(2994) Pause Young (Allocation Failure) 630M->364M(620M) 3.339ms
[1086.725s][info][gc,cpu         ] GC(2994) User=0.00s Sys=0.00s Real=0.00s
[1087.079s][info][gc,start       ] GC(2995) Pause Young (Allocation Failure)
[1087.081s][info][gc,heap        ] GC(2995) PSYoungGen: 261184K(261632K)->64K(260096K) Eden: 261120K(261120K)->0K(250880K) From: 64K(512K)->64K(9216K)
[1087.081s][info][gc,heap        ] GC(2995) ParOldGen: 373475K(373760K)->373483K(373760K)
[1087.081s][info][gc,metaspace   ] GC(2995) Metaspace: 35556K(36416K)->35556K(36416K) NonClass: 29283K(29952K)->29283K(29952K) Class: 6272K(6464K)->6272K(6464K)
[1087.081s][info][gc             ] GC(2995) Pause Young (Allocation Failure) 619M->364M(619M) 1.979ms
[1087.081s][info][gc,cpu         ] GC(2995) User=0.00s Sys=0.00s Real=0.00s
[1087.220s][info][gc,start       ] GC(2996) Pause Young (Allocation Failure)
[1087.222s][info][gc,heap        ] GC(2996) PSYoungGen: 250944K(260096K)->64K(241664K) Eden: 250880K(250880K)->0K(241152K) From: 64K(9216K)->64K(512K)
[1087.222s][info][gc,heap        ] GC(2996) ParOldGen: 373483K(373760K)->373491K(373760K)
[1087.222s][info][gc,metaspace   ] GC(2996) Metaspace: 35556K(36416K)->35556K(36416K) NonClass: 29283K(29952K)->29283K(29952K) Class: 6272K(6464K)->6272K(6464K)
[1087.222s][info][gc             ] GC(2996) Pause Young (Allocation Failure) 609M->364M(601M) 2.206ms
[1087.222s][info][gc,cpu         ] GC(2996) User=0.00s Sys=0.00s Real=0.00s
[1087.498s][info][gc,start       ] GC(2997) Pause Young (Allocation Failure)
[1087.499s][info][gc,heap        ] GC(2997) PSYoungGen: 241216K(241664K)->64K(240128K) Eden: 241152K(241152K)->0K(231936K) From: 64K(512K)->64K(8192K)
[1087.499s][info][gc,heap        ] GC(2997) ParOldGen: 373491K(373760K)->373499K(373760K)
[1087.499s][info][gc,metaspace   ] GC(2997) Metaspace: 35556K(36416K)->35556K(36416K) NonClass: 29283K(29952K)->29283K(29952K) Class: 6272K(6464K)->6272K(6464K)
[1087.499s][info][gc             ] GC(2997) Pause Young (Allocation Failure) 600M->364M(599M) 1.390ms
[1087.499s][info][gc,cpu         ] GC(2997) User=0.00s Sys=0.00s Real=0.00s
[1087.955s][info][gc,start       ] GC(2998) Pause Young (Allocation Failure)
[1087.958s][info][gc,heap        ] GC(2998) PSYoungGen: 232000K(240128K)->64K(223744K) Eden: 231936K(231936K)->0K(223232K) From: 64K(8192K)->64K(512K)
[1087.958s][info][gc,heap        ] GC(2998) ParOldGen: 373499K(373760K)->373507K(373760K)
[1087.958s][info][gc,metaspace   ] GC(2998) Metaspace: 35556K(36416K)->35556K(36416K) NonClass: 29283K(29952K)->29283K(29952K) Class: 6272K(6464K)->6272K(6464K)
[1087.958s][info][gc             ] GC(2998) Pause Young (Allocation Failure) 591M->364M(583M) 2.244ms
[1087.958s][info][gc,cpu         ] GC(2998) User=0.01s Sys=0.00s Real=0.01s
[1088.269s][info][gc,start       ] GC(2999) Pause Young (Allocation Failure)
[1088.271s][info][gc,heap        ] GC(2999) PSYoungGen: 223296K(223744K)->64K(222208K) Eden: 223232K(223232K)->0K(215040K) From: 64K(512K)->64K(7168K)
[1088.271s][info][gc,heap        ] GC(2999) ParOldGen: 373507K(373760K)->373515K(373760K)
[1088.271s][info][gc,metaspace   ] GC(2999) Metaspace: 35556K(36416K)->35556K(36416K) NonClass: 29283K(29952K)->29283K(29952K) Class: 6272K(6464K)->6272K(6464K)
[1088.271s][info][gc             ] GC(2999) Pause Young (Allocation Failure) 582M->364M(582M) 2.559ms
[1088.271s][info][gc,cpu         ] GC(2999) User=0.00s Sys=0.00s Real=0.00s
[1088.542s][info][gc,start       ] GC(3000) Pause Young (Allocation Failure)
[1088.592s][info][gc,heap        ] GC(3000) PSYoungGen: 215104K(222208K)->6656K(263680K) Eden: 215040K(215040K)->0K(257024K) From: 64K(7168K)->6656K(6656K)
[1088.592s][info][gc,heap        ] GC(3000) ParOldGen: 373515K(373760K)->387339K(387584K)
[1088.592s][info][gc,metaspace   ] GC(3000) Metaspace: 35556K(36416K)->35556K(36416K) NonClass: 29283K(29952K)->29283K(29952K) Class: 6272K(6464K)->6272K(6464K)
[1088.592s][info][gc             ] GC(3000) Pause Young (Allocation Failure) 574M->384M(636M) 50.518ms
[1088.592s][info][gc,cpu         ] GC(3000) User=0.07s Sys=0.01s Real=0.05s
[1088.881s][info][gc,start       ] GC(3001) Pause Young (Allocation Failure)
[1088.939s][info][gc,heap        ] GC(3001) PSYoungGen: 263680K(263680K)->13312K(272384K) Eden: 257024K(257024K)->0K(259072K) From: 6656K(6656K)->13312K(13312K)
[1088.939s][info][gc,heap        ] GC(3001) ParOldGen: 387339K(387584K)->401651K(401920K)
[1088.939s][info][gc,metaspace   ] GC(3001) Metaspace: 35556K(36416K)->35556K(36416K) NonClass: 29283K(29952K)->29283K(29952K) Class: 6272K(6464K)->6272K(6464K)
[1088.939s][info][gc             ] GC(3001) Pause Young (Allocation Failure) 635M->405M(658M) 58.701ms
[1088.939s][info][gc,cpu         ] GC(3001) User=0.10s Sys=0.01s Real=0.06s
[1089.181s][info][gc,start       ] GC(3002) Pause Young (Allocation Failure)
[1089.232s][info][gc,heap        ] GC(3002) PSYoungGen: 272384K(272384K)->21376K(304128K) Eden: 259072K(259072K)->0K(282624K) From: 13312K(13312K)->21376K(21504K)
[1089.232s][info][gc,heap        ] GC(3002) ParOldGen: 401651K(401920K)->402179K(402432K)
[1089.232s][info][gc,metaspace   ] GC(3002) Metaspace: 35556K(36416K)->35556K(36416K) NonClass: 29283K(29952K)->29283K(29952K) Class: 6272K(6464K)->6272K(6464K)
[1089.232s][info][gc             ] GC(3002) Pause Young (Allocation Failure) 658M->413M(690M) 50.433ms
[1089.232s][info][gc,cpu         ] GC(3002) User=0.07s Sys=0.03s Real=0.05s
[1089.347s][info][gc,start       ] GC(3003) Pause Young (Allocation Failure)
[1089.349s][info][gc,heap        ] GC(3003) PSYoungGen: 304000K(304128K)->64K(308224K) Eden: 282624K(282624K)->0K(282624K) From: 21376K(21504K)->64K(25600K)
[1089.349s][info][gc,heap        ] GC(3003) ParOldGen: 402179K(402432K)->402187K(402432K)
[1089.349s][info][gc,metaspace   ] GC(3003) Metaspace: 35556K(36416K)->35556K(36416K) NonClass: 29283K(29952K)->29283K(29952K) Class: 6272K(6464K)->6272K(6464K)
[1089.349s][info][gc             ] GC(3003) Pause Young (Allocation Failure) 689M->392M(694M) 1.697ms
[1089.349s][info][gc,cpu         ] GC(3003) User=0.00s Sys=0.00s Real=0.00s
[1090.072s][info][gc,start       ] GC(3004) Pause Young (Allocation Failure)
[1090.073s][info][gc,heap        ] GC(3004) PSYoungGen: 282688K(308224K)->64K(305664K) Eden: 282624K(282624K)->0K(283136K) From: 64K(25600K)->64K(22528K)
[1090.073s][info][gc,heap        ] GC(3004) ParOldGen: 402187K(402432K)->402203K(402432K)
[1090.073s][info][gc,metaspace   ] GC(3004) Metaspace: 35556K(36416K)->35556K(36416K) NonClass: 29283K(29952K)->29283K(29952K) Class: 6272K(6464K)->6272K(6464K)
[1090.073s][info][gc             ] GC(3004) Pause Young (Allocation Failure) 668M->392M(691M) 1.779ms
[1090.073s][info][gc,cpu         ] GC(3004) User=0.00s Sys=0.00s Real=0.00s
[1090.410s][info][gc,start       ] GC(3005) Pause Young (Allocation Failure)
[1090.412s][info][gc,heap        ] GC(3005) PSYoungGen: 283200K(305664K)->64K(307200K) Eden: 283136K(283136K)->0K(283136K) From: 64K(22528K)->64K(24064K)
[1090.412s][info][gc,heap        ] GC(3005) ParOldGen: 402203K(402432K)->402203K(402432K)
[1090.412s][info][gc,metaspace   ] GC(3005) Metaspace: 35556K(36416K)->35556K(36416K) NonClass: 29283K(29952K)->29283K(29952K) Class: 6272K(6464K)->6272K(6464K)
[1090.412s][info][gc             ] GC(3005) Pause Young (Allocation Failure) 669M->392M(693M) 1.740ms
[1090.412s][info][gc,cpu         ] GC(3005) User=0.00s Sys=0.00s Real=0.00s
[1090.853s][info][gc,start       ] GC(3006) Pause Young (Allocation Failure)
[1090.855s][info][gc,heap        ] GC(3006) PSYoungGen: 283200K(307200K)->64K(307200K) Eden: 283136K(283136K)->0K(286208K) From: 64K(24064K)->64K(20992K)
[1090.855s][info][gc,heap        ] GC(3006) ParOldGen: 402203K(402432K)->402219K(402432K)
[1090.855s][info][gc,metaspace   ] GC(3006) Metaspace: 35556K(36416K)->35556K(36416K) NonClass: 29283K(29952K)->29283K(29952K) Class: 6272K(6464K)->6272K(6464K)
[1090.855s][info][gc             ] GC(3006) Pause Young (Allocation Failure) 669M->392M(693M) 1.644ms
[1090.855s][info][gc,cpu         ] GC(3006) User=0.00s Sys=0.00s Real=0.00s
[1091.049s][info][gc,start       ] GC(3007) Pause Young (Allocation Failure)
[1091.050s][info][gc,heap        ] GC(3007) PSYoungGen: 286272K(307200K)->64K(308736K) Eden: 286208K(286208K)->0K(286208K) From: 64K(20992K)->64K(22528K)
[1091.050s][info][gc,heap        ] GC(3007) ParOldGen: 402219K(402432K)->402235K(402432K)
[1091.050s][info][gc,metaspace   ] GC(3007) Metaspace: 35556K(36416K)->35556K(36416K) NonClass: 29283K(29952K)->29283K(29952K) Class: 6272K(6464K)->6272K(6464K)
[1091.050s][info][gc             ] GC(3007) Pause Young (Allocation Failure) 672M->392M(694M) 1.619ms
[1091.050s][info][gc,cpu         ] GC(3007) User=0.01s Sys=0.00s Real=0.00s
[1091.244s][info][gc,start       ] GC(3008) Pause Young (Allocation Failure)
[1091.246s][info][gc,heap        ] GC(3008) PSYoungGen: 286272K(308736K)->64K(308736K) Eden: 286208K(286208K)->0K(289792K) From: 64K(22528K)->64K(18944K)
[1091.246s][info][gc,heap        ] GC(3008) ParOldGen: 402235K(402432K)->402235K(402432K)
[1091.246s][info][gc,metaspace   ] GC(3008) Metaspace: 35556K(36416K)->35556K(36416K) NonClass: 29283K(29952K)->29283K(29952K) Class: 6272K(6464K)->6272K(6464K)
[1091.246s][info][gc             ] GC(3008) Pause Young (Allocation Failure) 672M->392M(694M) 1.584ms
[1091.246s][info][gc,cpu         ] GC(3008) User=0.00s Sys=0.00s Real=0.00s
[1091.574s][info][gc,start       ] GC(3009) Pause Young (Allocation Failure)
[1091.575s][info][gc,heap        ] GC(3009) PSYoungGen: 289856K(308736K)->64K(310272K) Eden: 289792K(289792K)->0K(289792K) From: 64K(18944K)->64K(20480K)
[1091.575s][info][gc,heap        ] GC(3009) ParOldGen: 402235K(402432K)->402235K(402432K)
[1091.575s][info][gc,metaspace   ] GC(3009) Metaspace: 35556K(36416K)->35556K(36416K) NonClass: 29283K(29952K)->29283K(29952K) Class: 6272K(6464K)->6272K(6464K)
[1091.576s][info][gc             ] GC(3009) Pause Young (Allocation Failure) 675M->392M(696M) 1.606ms
[1091.576s][info][gc,cpu         ] GC(3009) User=0.00s Sys=0.00s Real=0.00s
[1091.629s][info][gc,start       ] GC(3010) Pause Young (Allocation Failure)
[1091.630s][info][gc,heap        ] GC(3010) PSYoungGen: 289856K(310272K)->64K(310784K) Eden: 289792K(289792K)->0K(293888K) From: 64K(20480K)->64K(16896K)
[1091.630s][info][gc,heap        ] GC(3010) ParOldGen: 402235K(402432K)->402251K(402432K)
[1091.630s][info][gc,metaspace   ] GC(3010) Metaspace: 35556K(36416K)->35556K(36416K) NonClass: 29283K(29952K)->29283K(29952K) Class: 6272K(6464K)->6272K(6464K)
[1091.630s][info][gc             ] GC(3010) Pause Young (Allocation Failure) 675M->392M(696M) 1.507ms
[1091.630s][info][gc,cpu         ] GC(3010) User=0.01s Sys=0.00s Real=0.00s
[1091.687s][info][gc,start       ] GC(3011) Pause Young (Allocation Failure)
[1091.688s][info][gc,heap        ] GC(3011) PSYoungGen: 293952K(310784K)->64K(312320K) Eden: 293888K(293888K)->0K(293888K) From: 64K(16896K)->64K(18432K)
[1091.688s][info][gc,heap        ] GC(3011) ParOldGen: 402251K(402432K)->402251K(402432K)
[1091.688s][info][gc,metaspace   ] GC(3011) Metaspace: 35556K(36416K)->35556K(36416K) NonClass: 29283K(29952K)->29283K(29952K) Class: 6272K(6464K)->6272K(6464K)
[1091.688s][info][gc             ] GC(3011) Pause Young (Allocation Failure) 679M->392M(698M) 1.465ms
[1091.688s][info][gc,cpu         ] GC(3011) User=0.00s Sys=0.00s Real=0.00s
[1091.897s][info][gc,start       ] GC(3012) Pause Young (Allocation Failure)
[1091.899s][info][gc,heap        ] GC(3012) PSYoungGen: 293952K(312320K)->64K(312832K) Eden: 293888K(293888K)->0K(297984K) From: 64K(18432K)->64K(14848K)
[1091.899s][info][gc,heap        ] GC(3012) ParOldGen: 402251K(402432K)->402251K(402432K)
[1091.899s][info][gc,metaspace   ] GC(3012) Metaspace: 35556K(36416K)->35556K(36416K) NonClass: 29283K(29952K)->29283K(29952K) Class: 6272K(6464K)->6272K(6464K)
[1091.899s][info][gc             ] GC(3012) Pause Young (Allocation Failure) 679M->392M(698M) 1.526ms
[1091.899s][info][gc,cpu         ] GC(3012) User=0.00s Sys=0.00s Real=0.00s
[1092.114s][info][gc,start       ] GC(3013) Pause Young (Allocation Failure)
[1092.115s][info][gc,heap        ] GC(3013) PSYoungGen: 298048K(312832K)->64K(314368K) Eden: 297984K(297984K)->0K(297984K) From: 64K(14848K)->64K(16384K)
[1092.115s][info][gc,heap        ] GC(3013) ParOldGen: 402251K(402432K)->402259K(402432K)
[1092.115s][info][gc,metaspace   ] GC(3013) Metaspace: 35556K(36416K)->35556K(36416K) NonClass: 29283K(29952K)->29283K(29952K) Class: 6272K(6464K)->6272K(6464K)
[1092.115s][info][gc             ] GC(3013) Pause Young (Allocation Failure) 683M->392M(700M) 1.546ms
[1092.115s][info][gc,cpu         ] GC(3013) User=0.00s Sys=0.00s Real=0.00s
[1092.214s][info][gc,start       ] GC(3014) Pause Young (Allocation Failure)
[1092.215s][info][gc,heap        ] GC(3014) PSYoungGen: 298048K(314368K)->64K(314880K) Eden: 297984K(297984K)->0K(302080K) From: 64K(16384K)->64K(12800K)
[1092.215s][info][gc,heap        ] GC(3014) ParOldGen: 402259K(402432K)->402267K(402432K)
[1092.215s][info][gc,metaspace   ] GC(3014) Metaspace: 35556K(36416K)->35556K(36416K) NonClass: 29283K(29952K)->29283K(29952K) Class: 6272K(6464K)->6272K(6464K)
[1092.215s][info][gc             ] GC(3014) Pause Young (Allocation Failure) 683M->392M(700M) 1.578ms
[1092.215s][info][gc,cpu         ] GC(3014) User=0.01s Sys=0.00s Real=0.00s
[1092.330s][info][gc,start       ] GC(3015) Pause Young (Allocation Failure)
[1092.332s][info][gc,heap        ] GC(3015) PSYoungGen: 302144K(314880K)->64K(316416K) Eden: 302080K(302080K)->0K(302080K) From: 64K(12800K)->64K(14336K)
[1092.332s][info][gc,heap        ] GC(3015) ParOldGen: 402267K(402432K)->402275K(402432K)
[1092.332s][info][gc,metaspace   ] GC(3015) Metaspace: 35556K(36416K)->35556K(36416K) NonClass: 29283K(29952K)->29283K(29952K) Class: 6272K(6464K)->6272K(6464K)
[1092.332s][info][gc             ] GC(3015) Pause Young (Allocation Failure) 687M->392M(702M) 1.540ms
[1092.332s][info][gc,cpu         ] GC(3015) User=0.00s Sys=0.00s Real=0.00s
[1092.599s][info][gc,start       ] GC(3016) Pause Young (Allocation Failure)
[1092.601s][info][gc,heap        ] GC(3016) PSYoungGen: 302144K(316416K)->64K(317952K) Eden: 302080K(302080K)->0K(306176K) From: 64K(14336K)->64K(11776K)
[1092.601s][info][gc,heap        ] GC(3016) ParOldGen: 402275K(402432K)->402283K(402432K)
[1092.601s][info][gc,metaspace   ] GC(3016) Metaspace: 35556K(36416K)->35556K(36416K) NonClass: 29283K(29952K)->29283K(29952K) Class: 6272K(6464K)->6272K(6464K)
[1092.601s][info][gc             ] GC(3016) Pause Young (Allocation Failure) 687M->392M(703M) 1.541ms
[1092.601s][info][gc,cpu         ] GC(3016) User=0.00s Sys=0.00s Real=0.00s
[1093.444s][info][gc,start       ] GC(3017) Pause Young (Allocation Failure)
[1093.446s][info][gc,heap        ] GC(3017) PSYoungGen: 306240K(317952K)->83K(318976K) Eden: 306176K(306176K)->0K(306176K) From: 64K(11776K)->83K(12800K)
[1093.446s][info][gc,heap        ] GC(3017) ParOldGen: 402283K(402432K)->402291K(402432K)
[1093.446s][info][gc,metaspace   ] GC(3017) Metaspace: 35556K(36416K)->35556K(36416K) NonClass: 29283K(29952K)->29283K(29952K) Class: 6272K(6464K)->6272K(6464K)
[1093.446s][info][gc             ] GC(3017) Pause Young (Allocation Failure) 691M->392M(704M) 1.558ms
[1093.446s][info][gc,cpu         ] GC(3017) User=0.00s Sys=0.00s Real=0.00s
[1094.405s][info][gc,start       ] GC(3018) Pause Young (Allocation Failure)
[1094.407s][info][gc,heap        ] GC(3018) PSYoungGen: 306259K(318976K)->64K(294400K) Eden: 306176K(306176K)->0K(293888K) From: 83K(12800K)->64K(512K)
[1094.407s][info][gc,heap        ] GC(3018) ParOldGen: 402291K(402432K)->402299K(402432K)
[1094.407s][info][gc,metaspace   ] GC(3018) Metaspace: 35556K(36416K)->35556K(36416K) NonClass: 29283K(29952K)->29283K(29952K) Class: 6272K(6464K)->6272K(6464K)
[1094.407s][info][gc             ] GC(3018) Pause Young (Allocation Failure) 691M->392M(680M) 2.202ms
[1094.407s][info][gc,cpu         ] GC(3018) User=0.01s Sys=0.01s Real=0.01s
[1094.835s][info][gc,start       ] GC(3019) Pause Young (Allocation Failure)
[1094.836s][info][gc,heap        ] GC(3019) PSYoungGen: 293952K(294400K)->64K(292864K) Eden: 293888K(293888K)->0K(282112K) From: 64K(512K)->64K(10752K)
[1094.836s][info][gc,heap        ] GC(3019) ParOldGen: 402299K(402432K)->402307K(402432K)
[1094.836s][info][gc,metaspace   ] GC(3019) Metaspace: 35556K(36416K)->35556K(36416K) NonClass: 29283K(29952K)->29283K(29952K) Class: 6272K(6464K)->6272K(6464K)
[1094.836s][info][gc             ] GC(3019) Pause Young (Allocation Failure) 679M->392M(679M) 1.607ms
[1094.836s][info][gc,cpu         ] GC(3019) User=0.01s Sys=0.00s Real=0.00s
[1095.883s][info][gc,start       ] GC(3020) Pause Young (Allocation Failure)
[1095.886s][info][gc,heap        ] GC(3020) PSYoungGen: 282176K(292864K)->64K(271360K) Eden: 282112K(282112K)->0K(270848K) From: 64K(10752K)->64K(512K)
[1095.886s][info][gc,heap        ] GC(3020) ParOldGen: 402307K(402432K)->402315K(402432K)
[1095.886s][info][gc,metaspace   ] GC(3020) Metaspace: 35556K(36416K)->35556K(36416K) NonClass: 29283K(29952K)->29283K(29952K) Class: 6272K(6464K)->6272K(6464K)
[1095.886s][info][gc             ] GC(3020) Pause Young (Allocation Failure) 668M->392M(658M) 2.391ms
[1095.886s][info][gc,cpu         ] GC(3020) User=0.00s Sys=0.00s Real=0.00s
[1096.119s][info][gc,start       ] GC(3021) Pause Young (Allocation Failure)
[1096.121s][info][gc,heap        ] GC(3021) PSYoungGen: 270912K(271360K)->64K(270336K) Eden: 270848K(270848K)->0K(260608K) From: 64K(512K)->64K(9728K)
[1096.121s][info][gc,heap        ] GC(3021) ParOldGen: 402315K(402432K)->402323K(402432K)
[1096.121s][info][gc,metaspace   ] GC(3021) Metaspace: 35556K(36416K)->35556K(36416K) NonClass: 29283K(29952K)->29283K(29952K) Class: 6272K(6464K)->6272K(6464K)
[1096.121s][info][gc             ] GC(3021) Pause Young (Allocation Failure) 657M->392M(657M) 2.630ms
[1096.121s][info][gc,cpu         ] GC(3021) User=0.00s Sys=0.00s Real=0.00s
[1096.490s][info][gc,start       ] GC(3022) Pause Young (Allocation Failure)
[1096.493s][info][gc,heap        ] GC(3022) PSYoungGen: 260672K(270336K)->64K(250880K) Eden: 260608K(260608K)->0K(250368K) From: 64K(9728K)->64K(512K)
[1096.493s][info][gc,heap        ] GC(3022) ParOldGen: 402323K(402432K)->402331K(402432K)
[1096.493s][info][gc,metaspace   ] GC(3022) Metaspace: 35556K(36416K)->35556K(36416K) NonClass: 29283K(29952K)->29283K(29952K) Class: 6272K(6464K)->6272K(6464K)
[1096.493s][info][gc             ] GC(3022) Pause Young (Allocation Failure) 647M->392M(638M) 2.893ms
[1096.493s][info][gc,cpu         ] GC(3022) User=0.00s Sys=0.00s Real=0.00s
[1096.569s][info][gc,start       ] GC(3023) Pause Young (Allocation Failure)
[1096.571s][info][gc,heap        ] GC(3023) PSYoungGen: 250432K(250880K)->64K(295424K) Eden: 250368K(250368K)->0K(287232K) From: 64K(512K)->64K(8192K)
[1096.571s][info][gc,heap        ] GC(3023) ParOldGen: 402331K(402432K)->402339K(402432K)
[1096.571s][info][gc,metaspace   ] GC(3023) Metaspace: 35556K(36416K)->35556K(36416K) NonClass: 29283K(29952K)->29283K(29952K) Class: 6272K(6464K)->6272K(6464K)
[1096.572s][info][gc             ] GC(3023) Pause Young (Allocation Failure) 637M->392M(681M) 2.671ms
[1096.572s][info][gc,cpu         ] GC(3023) User=0.00s Sys=0.00s Real=0.00s
[1097.215s][info][gc,start       ] GC(3024) Pause Young (Allocation Failure)
[1097.218s][info][gc,heap        ] GC(3024) PSYoungGen: 287296K(295424K)->64K(304640K) Eden: 287232K(287232K)->0K(296960K) From: 64K(8192K)->64K(7680K)
[1097.218s][info][gc,heap        ] GC(3024) ParOldGen: 402339K(402432K)->402347K(402432K)
[1097.218s][info][gc,metaspace   ] GC(3024) Metaspace: 35556K(36416K)->35556K(36416K) NonClass: 29283K(29952K)->29283K(29952K) Class: 6272K(6464K)->6272K(6464K)
[1097.218s][info][gc             ] GC(3024) Pause Young (Allocation Failure) 673M->392M(690M) 2.736ms
[1097.218s][info][gc,cpu         ] GC(3024) User=0.00s Sys=0.00s Real=0.01s
[1097.554s][info][gc,start       ] GC(3025) Pause Young (Allocation Failure)
[1097.556s][info][gc,heap        ] GC(3025) PSYoungGen: 297024K(304640K)->64K(304128K) Eden: 296960K(296960K)->0K(296960K) From: 64K(7680K)->64K(7168K)
[1097.556s][info][gc,heap        ] GC(3025) ParOldGen: 402347K(402432K)->402355K(402432K)
[1097.556s][info][gc,metaspace   ] GC(3025) Metaspace: 35556K(36416K)->35556K(36416K) NonClass: 29283K(29952K)->29283K(29952K) Class: 6272K(6464K)->6272K(6464K)
[1097.556s][info][gc             ] GC(3025) Pause Young (Allocation Failure) 682M->392M(690M) 2.640ms
[1097.556s][info][gc,cpu         ] GC(3025) User=0.00s Sys=0.00s Real=0.00s
[1097.925s][info][gc,start       ] GC(3026) Pause Young (Allocation Failure)
[1097.996s][info][gc,heap        ] GC(3026) PSYoungGen: 297024K(304128K)->6656K(307712K) Eden: 296960K(296960K)->0K(301056K) From: 64K(7168K)->6656K(6656K)
[1097.996s][info][gc,heap        ] GC(3026) ParOldGen: 402355K(402432K)->424179K(424448K)
[1097.996s][info][gc,metaspace   ] GC(3026) Metaspace: 35556K(36416K)->35556K(36416K) NonClass: 29283K(29952K)->29283K(29952K) Class: 6272K(6464K)->6272K(6464K)
[1097.996s][info][gc             ] GC(3026) Pause Young (Allocation Failure) 682M->420M(715M) 70.715ms
[1097.996s][info][gc,cpu         ] GC(3026) User=0.09s Sys=0.03s Real=0.07s
[1098.332s][info][gc,start       ] GC(3027) Pause Young (Allocation Failure)
[1098.409s][info][gc,heap        ] GC(3027) PSYoungGen: 307712K(307712K)->16384K(317440K) Eden: 301056K(301056K)->0K(301056K) From: 6656K(6656K)->16384K(16384K)
[1098.409s][info][gc,heap        ] GC(3027) ParOldGen: 424179K(424448K)->440355K(440832K)
[1098.409s][info][gc,metaspace   ] GC(3027) Metaspace: 35556K(36416K)->35556K(36416K) NonClass: 29283K(29952K)->29283K(29952K) Class: 6272K(6464K)->6272K(6464K)
[1098.409s][info][gc             ] GC(3027) Pause Young (Allocation Failure) 714M->446M(740M) 76.691ms
[1098.409s][info][gc,cpu         ] GC(3027) User=0.13s Sys=0.03s Real=0.08s
[1098.557s][info][gc,start       ] GC(3028) Pause Young (Allocation Failure)
[1098.580s][info][gc,heap        ] GC(3028) PSYoungGen: 317440K(317440K)->8768K(300032K) Eden: 301056K(301056K)->0K(283648K) From: 16384K(16384K)->8768K(16384K)
[1098.580s][info][gc,heap        ] GC(3028) ParOldGen: 440355K(440832K)->440931K(441344K)
[1098.580s][info][gc,metaspace   ] GC(3028) Metaspace: 35556K(36416K)->35556K(36416K) NonClass: 29283K(29952K)->29283K(29952K) Class: 6272K(6464K)->6272K(6464K)
[1098.580s][info][gc             ] GC(3028) Pause Young (Allocation Failure) 740M->439M(724M) 22.813ms
[1098.580s][info][gc,cpu         ] GC(3028) User=0.04s Sys=0.00s Real=0.02s
[1099.061s][info][gc,start       ] GC(3029) Pause Young (Allocation Failure)
[1099.062s][info][gc,heap        ] GC(3029) PSYoungGen: 292416K(300032K)->64K(308736K) Eden: 283648K(283648K)->0K(283648K) From: 8768K(16384K)->64K(25088K)
[1099.062s][info][gc,heap        ] GC(3029) ParOldGen: 440931K(441344K)->440939K(441344K)
[1099.062s][info][gc,metaspace   ] GC(3029) Metaspace: 35556K(36416K)->35556K(36416K) NonClass: 29283K(29952K)->29283K(29952K) Class: 6272K(6464K)->6272K(6464K)
[1099.062s][info][gc             ] GC(3029) Pause Young (Allocation Failure) 716M->430M(732M) 1.625ms
[1099.062s][info][gc,cpu         ] GC(3029) User=0.00s Sys=0.00s Real=0.00s
[1099.672s][info][gc,start       ] GC(3030) Pause Young (Allocation Failure)
[1099.675s][info][gc,heap        ] GC(3030) PSYoungGen: 283712K(308736K)->160K(306688K) Eden: 283648K(283648K)->0K(284672K) From: 64K(25088K)->160K(22016K)
[1099.675s][info][gc,heap        ] GC(3030) ParOldGen: 440939K(441344K)->440947K(441344K)
[1099.675s][info][gc,metaspace   ] GC(3030) Metaspace: 35621K(36416K)->35621K(36416K) NonClass: 29347K(29952K)->29347K(29952K) Class: 6273K(6464K)->6273K(6464K)
[1099.675s][info][gc             ] GC(3030) Pause Young (Allocation Failure) 707M->430M(730M) 2.291ms
[1099.675s][info][gc,cpu         ] GC(3030) User=0.00s Sys=0.00s Real=0.00s
[1100.120s][info][gc,start       ] GC(3031) Pause Young (Allocation Failure)
[1100.121s][info][gc,heap        ] GC(3031) PSYoungGen: 284832K(306688K)->64K(308224K) Eden: 284672K(284672K)->0K(284672K) From: 160K(22016K)->64K(23552K)
[1100.121s][info][gc,heap        ] GC(3031) ParOldGen: 440947K(441344K)->441043K(441344K)
[1100.121s][info][gc,metaspace   ] GC(3031) Metaspace: 35621K(36416K)->35621K(36416K) NonClass: 29347K(29952K)->29347K(29952K) Class: 6273K(6464K)->6273K(6464K)
[1100.121s][info][gc             ] GC(3031) Pause Young (Allocation Failure) 708M->430M(732M) 1.787ms
[1100.121s][info][gc,cpu         ] GC(3031) User=0.01s Sys=0.00s Real=0.00s
[1100.314s][info][gc,start       ] GC(3032) Pause Young (Allocation Failure)
[1100.316s][info][gc,heap        ] GC(3032) PSYoungGen: 284736K(308224K)->32K(307712K) Eden: 284672K(284672K)->0K(287744K) From: 64K(23552K)->32K(19968K)
[1100.316s][info][gc,heap        ] GC(3032) ParOldGen: 441043K(441344K)->441059K(441344K)
[1100.316s][info][gc,metaspace   ] GC(3032) Metaspace: 35621K(36416K)->35621K(36416K) NonClass: 29347K(29952K)->29347K(29952K) Class: 6273K(6464K)->6273K(6464K)
[1100.316s][info][gc             ] GC(3032) Pause Young (Allocation Failure) 708M->430M(731M) 1.875ms
[1100.316s][info][gc,cpu         ] GC(3032) User=0.00s Sys=0.00s Real=0.00s
[1100.511s][info][gc,start       ] GC(3033) Pause Young (Allocation Failure)
[1100.512s][info][gc,heap        ] GC(3033) PSYoungGen: 287776K(307712K)->64K(309248K) Eden: 287744K(287744K)->0K(287744K) From: 32K(19968K)->64K(21504K)
[1100.512s][info][gc,heap        ] GC(3033) ParOldGen: 441059K(441344K)->441059K(441344K)
[1100.512s][info][gc,metaspace   ] GC(3033) Metaspace: 35621K(36416K)->35621K(36416K) NonClass: 29347K(29952K)->29347K(29952K) Class: 6273K(6464K)->6273K(6464K)
[1100.512s][info][gc             ] GC(3033) Pause Young (Allocation Failure) 711M->430M(733M) 1.703ms
[1100.512s][info][gc,cpu         ] GC(3033) User=0.01s Sys=0.00s Real=0.00s
[1100.852s][info][gc,start       ] GC(3034) Pause Young (Allocation Failure)
[1100.853s][info][gc,heap        ] GC(3034) PSYoungGen: 287808K(309248K)->64K(309760K) Eden: 287744K(287744K)->0K(291840K) From: 64K(21504K)->64K(17920K)
[1100.853s][info][gc,heap        ] GC(3034) ParOldGen: 441059K(441344K)->441059K(441344K)
[1100.853s][info][gc,metaspace   ] GC(3034) Metaspace: 35621K(36416K)->35621K(36416K) NonClass: 29347K(29952K)->29347K(29952K) Class: 6273K(6464K)->6273K(6464K)
[1100.853s][info][gc             ] GC(3034) Pause Young (Allocation Failure) 711M->430M(733M) 1.627ms
[1100.853s][info][gc,cpu         ] GC(3034) User=0.01s Sys=0.00s Real=0.00s
[1100.959s][info][gc,start       ] GC(3035) Pause Young (Allocation Failure)
[1100.961s][info][gc,heap        ] GC(3035) PSYoungGen: 291904K(309760K)->64K(311296K) Eden: 291840K(291840K)->0K(291840K) From: 64K(17920K)->64K(19456K)
[1100.961s][info][gc,heap        ] GC(3035) ParOldGen: 441059K(441344K)->441067K(441344K)
[1100.961s][info][gc,metaspace   ] GC(3035) Metaspace: 35621K(36416K)->35621K(36416K) NonClass: 29347K(29952K)->29347K(29952K) Class: 6273K(6464K)->6273K(6464K)
[1100.961s][info][gc             ] GC(3035) Pause Young (Allocation Failure) 715M->430M(735M) 1.614ms
[1100.961s][info][gc,cpu         ] GC(3035) User=0.00s Sys=0.00s Real=0.00s
[1101.015s][info][gc,start       ] GC(3036) Pause Young (Allocation Failure)
[1101.016s][info][gc,heap        ] GC(3036) PSYoungGen: 291904K(311296K)->64K(311808K) Eden: 291840K(291840K)->0K(295936K) From: 64K(19456K)->64K(15872K)
[1101.016s][info][gc,heap        ] GC(3036) ParOldGen: 441067K(441344K)->441083K(441344K)
[1101.016s][info][gc,metaspace   ] GC(3036) Metaspace: 35621K(36416K)->35621K(36416K) NonClass: 29347K(29952K)->29347K(29952K) Class: 6273K(6464K)->6273K(6464K)
[1101.016s][info][gc             ] GC(3036) Pause Young (Allocation Failure) 715M->430M(735M) 1.624ms
[1101.016s][info][gc,cpu         ] GC(3036) User=0.00s Sys=0.00s Real=0.00s
[1101.151s][info][gc,start       ] GC(3037) Pause Young (Allocation Failure)
[1101.152s][info][gc,heap        ] GC(3037) PSYoungGen: 296000K(311808K)->64K(313344K) Eden: 295936K(295936K)->0K(295936K) From: 64K(15872K)->64K(17408K)
[1101.152s][info][gc,heap        ] GC(3037) ParOldGen: 441083K(441344K)->441083K(441344K)
[1101.152s][info][gc,metaspace   ] GC(3037) Metaspace: 35621K(36416K)->35621K(36416K) NonClass: 29347K(29952K)->29347K(29952K) Class: 6273K(6464K)->6273K(6464K)
[1101.152s][info][gc             ] GC(3037) Pause Young (Allocation Failure) 719M->430M(737M) 1.693ms
[1101.152s][info][gc,cpu         ] GC(3037) User=0.01s Sys=0.00s Real=0.00s
[1101.372s][info][gc,start       ] GC(3038) Pause Young (Allocation Failure)
[1101.373s][info][gc,heap        ] GC(3038) PSYoungGen: 296000K(313344K)->64K(313856K) Eden: 295936K(295936K)->0K(299520K) From: 64K(17408K)->64K(14336K)
[1101.373s][info][gc,heap        ] GC(3038) ParOldGen: 441083K(441344K)->441091K(441344K)
[1101.373s][info][gc,metaspace   ] GC(3038) Metaspace: 35621K(36416K)->35621K(36416K) NonClass: 29347K(29952K)->29347K(29952K) Class: 6273K(6464K)->6273K(6464K)
[1101.373s][info][gc             ] GC(3038) Pause Young (Allocation Failure) 719M->430M(737M) 1.631ms
[1101.373s][info][gc,cpu         ] GC(3038) User=0.01s Sys=0.00s Real=0.00s
[1101.529s][info][gc,start       ] GC(3039) Pause Young (Allocation Failure)
[1101.531s][info][gc,heap        ] GC(3039) PSYoungGen: 299584K(313856K)->64K(315392K) Eden: 299520K(299520K)->0K(299520K) From: 64K(14336K)->64K(15872K)
[1101.531s][info][gc,heap        ] GC(3039) ParOldGen: 441091K(441344K)->441099K(441344K)
[1101.531s][info][gc,metaspace   ] GC(3039) Metaspace: 35621K(36416K)->35621K(36416K) NonClass: 29347K(29952K)->29347K(29952K) Class: 6273K(6464K)->6273K(6464K)
[1101.531s][info][gc             ] GC(3039) Pause Young (Allocation Failure) 723M->430M(739M) 1.663ms
[1101.531s][info][gc,cpu         ] GC(3039) User=0.01s Sys=0.00s Real=0.00s
[1101.612s][info][gc,start       ] GC(3040) Pause Young (Allocation Failure)
[1101.613s][info][gc,heap        ] GC(3040) PSYoungGen: 299584K(315392K)->64K(315392K) Eden: 299520K(299520K)->0K(303104K) From: 64K(15872K)->64K(12288K)
[1101.613s][info][gc,heap        ] GC(3040) ParOldGen: 441099K(441344K)->441115K(441344K)
[1101.613s][info][gc,metaspace   ] GC(3040) Metaspace: 35621K(36416K)->35621K(36416K) NonClass: 29347K(29952K)->29347K(29952K) Class: 6273K(6464K)->6273K(6464K)
[1101.613s][info][gc             ] GC(3040) Pause Young (Allocation Failure) 723M->430M(739M) 1.698ms
[1101.613s][info][gc,cpu         ] GC(3040) User=0.00s Sys=0.00s Real=0.00s
[1101.775s][info][gc,start       ] GC(3041) Pause Young (Allocation Failure)
[1101.777s][info][gc,heap        ] GC(3041) PSYoungGen: 303168K(315392K)->64K(316928K) Eden: 303104K(303104K)->0K(303104K) From: 64K(12288K)->64K(13824K)
[1101.777s][info][gc,heap        ] GC(3041) ParOldGen: 441115K(441344K)->441115K(441344K)
[1101.777s][info][gc,metaspace   ] GC(3041) Metaspace: 35621K(36416K)->35621K(36416K) NonClass: 29347K(29952K)->29347K(29952K) Class: 6273K(6464K)->6273K(6464K)
[1101.777s][info][gc             ] GC(3041) Pause Young (Allocation Failure) 726M->430M(740M) 1.668ms
[1101.777s][info][gc,cpu         ] GC(3041) User=0.00s Sys=0.00s Real=0.01s
[1102.760s][info][gc,start       ] GC(3042) Pause Young (Allocation Failure)
[1102.761s][info][gc,heap        ] GC(3042) PSYoungGen: 303168K(316928K)->64K(318464K) Eden: 303104K(303104K)->0K(307200K) From: 64K(13824K)->64K(11264K)
[1102.762s][info][gc,heap        ] GC(3042) ParOldGen: 441115K(441344K)->441123K(441344K)
[1102.762s][info][gc,metaspace   ] GC(3042) Metaspace: 35621K(36416K)->35621K(36416K) NonClass: 29347K(29952K)->29347K(29952K) Class: 6273K(6464K)->6273K(6464K)
[1102.762s][info][gc             ] GC(3042) Pause Young (Allocation Failure) 726M->430M(742M) 1.679ms
[1102.762s][info][gc,cpu         ] GC(3042) User=0.00s Sys=0.00s Real=0.00s
[1103.645s][info][gc,start       ] GC(3043) Pause Young (Allocation Failure)
[1103.647s][info][gc,heap        ] GC(3043) PSYoungGen: 307264K(318464K)->64K(295424K) Eden: 307200K(307200K)->0K(294912K) From: 64K(11264K)->64K(512K)
[1103.647s][info][gc,heap        ] GC(3043) ParOldGen: 441123K(441344K)->441131K(441344K)
[1103.647s][info][gc,metaspace   ] GC(3043) Metaspace: 35621K(36416K)->35621K(36416K) NonClass: 29347K(29952K)->29347K(29952K) Class: 6273K(6464K)->6273K(6464K)
[1103.647s][info][gc             ] GC(3043) Pause Young (Allocation Failure) 730M->430M(719M) 2.284ms
[1103.647s][info][gc,cpu         ] GC(3043) User=0.01s Sys=0.00s Real=0.01s
[1103.896s][info][gc,start       ] GC(3044) Pause Young (Allocation Failure)
[1103.899s][info][gc,heap        ] GC(3044) PSYoungGen: 294976K(295424K)->64K(283648K) Eden: 294912K(294912K)->0K(283136K) From: 64K(512K)->64K(512K)
[1103.899s][info][gc,heap        ] GC(3044) ParOldGen: 441131K(441344K)->441139K(441344K)
[1103.899s][info][gc,metaspace   ] GC(3044) Metaspace: 35621K(36416K)->35621K(36416K) NonClass: 29347K(29952K)->29347K(29952K) Class: 6273K(6464K)->6273K(6464K)
[1103.899s][info][gc             ] GC(3044) Pause Young (Allocation Failure) 718M->430M(708M) 2.426ms
[1103.899s][info][gc,cpu         ] GC(3044) User=0.01s Sys=0.00s Real=0.01s
[1104.375s][info][gc,start       ] GC(3045) Pause Young (Allocation Failure)
[1104.377s][info][gc,heap        ] GC(3045) PSYoungGen: 283200K(283648K)->64K(282624K) Eden: 283136K(283136K)->0K(271872K) From: 64K(512K)->64K(10752K)
[1104.377s][info][gc,heap        ] GC(3045) ParOldGen: 441139K(441344K)->441147K(441344K)
[1104.377s][info][gc,metaspace   ] GC(3045) Metaspace: 35621K(36416K)->35621K(36416K) NonClass: 29347K(29952K)->29347K(29952K) Class: 6273K(6464K)->6273K(6464K)
[1104.377s][info][gc             ] GC(3045) Pause Young (Allocation Failure) 707M->430M(707M) 1.579ms
[1104.377s][info][gc,cpu         ] GC(3045) User=0.00s Sys=0.00s Real=0.01s
[1105.337s][info][gc,start       ] GC(3046) Pause Young (Allocation Failure)
[1105.340s][info][gc,heap        ] GC(3046) PSYoungGen: 271936K(282624K)->64K(261632K) Eden: 271872K(271872K)->0K(261120K) From: 64K(10752K)->64K(512K)
[1105.340s][info][gc,heap        ] GC(3046) ParOldGen: 441147K(441344K)->441155K(441344K)
[1105.340s][info][gc,metaspace   ] GC(3046) Metaspace: 35621K(36416K)->35621K(36416K) NonClass: 29347K(29952K)->29347K(29952K) Class: 6273K(6464K)->6273K(6464K)
[1105.340s][info][gc             ] GC(3046) Pause Young (Allocation Failure) 696M->430M(686M) 2.445ms
[1105.340s][info][gc,cpu         ] GC(3046) User=0.00s Sys=0.00s Real=0.00s
[1105.705s][info][gc,start       ] GC(3047) Pause Young (Allocation Failure)
[1105.707s][info][gc,heap        ] GC(3047) PSYoungGen: 261184K(261632K)->64K(260096K) Eden: 261120K(261120K)->0K(250880K) From: 64K(512K)->64K(9216K)
[1105.707s][info][gc,heap        ] GC(3047) ParOldGen: 441155K(441344K)->441163K(441344K)
[1105.707s][info][gc,metaspace   ] GC(3047) Metaspace: 35621K(36416K)->35621K(36416K) NonClass: 29347K(29952K)->29347K(29952K) Class: 6273K(6464K)->6273K(6464K)
[1105.707s][info][gc             ] GC(3047) Pause Young (Allocation Failure) 685M->430M(685M) 1.588ms
[1105.707s][info][gc,cpu         ] GC(3047) User=0.01s Sys=0.00s Real=0.01s
[1105.858s][info][gc,start       ] GC(3048) Pause Young (Allocation Failure)
[1105.861s][info][gc,heap        ] GC(3048) PSYoungGen: 250944K(260096K)->64K(241664K) Eden: 250880K(250880K)->0K(241152K) From: 64K(9216K)->64K(512K)
[1105.861s][info][gc,heap        ] GC(3048) ParOldGen: 441163K(441344K)->441171K(441344K)
[1105.861s][info][gc,metaspace   ] GC(3048) Metaspace: 35621K(36416K)->35621K(36416K) NonClass: 29347K(29952K)->29347K(29952K) Class: 6273K(6464K)->6273K(6464K)
[1105.861s][info][gc             ] GC(3048) Pause Young (Allocation Failure) 675M->430M(667M) 2.514ms
[1105.861s][info][gc,cpu         ] GC(3048) User=0.00s Sys=0.00s Real=0.00s
[1106.060s][info][gc,start       ] GC(3049) Pause Young (Allocation Failure)
[1106.061s][info][gc,heap        ] GC(3049) PSYoungGen: 241216K(241664K)->64K(240128K) Eden: 241152K(241152K)->0K(231936K) From: 64K(512K)->64K(8192K)
[1106.061s][info][gc,heap        ] GC(3049) ParOldGen: 441171K(441344K)->441179K(441344K)
[1106.061s][info][gc,metaspace   ] GC(3049) Metaspace: 35621K(36416K)->35621K(36416K) NonClass: 29347K(29952K)->29347K(29952K) Class: 6273K(6464K)->6273K(6464K)
[1106.061s][info][gc             ] GC(3049) Pause Young (Allocation Failure) 666M->430M(665M) 1.564ms
[1106.061s][info][gc,cpu         ] GC(3049) User=0.00s Sys=0.00s Real=0.00s
[1106.590s][info][gc,start       ] GC(3050) Pause Young (Allocation Failure)
[1106.592s][info][gc,heap        ] GC(3050) PSYoungGen: 232000K(240128K)->64K(223744K) Eden: 231936K(231936K)->0K(223232K) From: 64K(8192K)->64K(512K)
[1106.592s][info][gc,heap        ] GC(3050) ParOldGen: 441179K(441344K)->441187K(441344K)
[1106.592s][info][gc,metaspace   ] GC(3050) Metaspace: 35621K(36416K)->35621K(36416K) NonClass: 29347K(29952K)->29347K(29952K) Class: 6273K(6464K)->6273K(6464K)
[1106.592s][info][gc             ] GC(3050) Pause Young (Allocation Failure) 657M->430M(649M) 2.105ms
[1106.592s][info][gc,cpu         ] GC(3050) User=0.00s Sys=0.00s Real=0.00s
[1106.847s][info][gc,start       ] GC(3051) Pause Young (Allocation Failure)
[1106.849s][info][gc,heap        ] GC(3051) PSYoungGen: 223296K(223744K)->64K(222208K) Eden: 223232K(223232K)->0K(215040K) From: 64K(512K)->64K(7168K)
[1106.849s][info][gc,heap        ] GC(3051) ParOldGen: 441187K(441344K)->441195K(441344K)
[1106.849s][info][gc,metaspace   ] GC(3051) Metaspace: 35621K(36416K)->35621K(36416K) NonClass: 29347K(29952K)->29347K(29952K) Class: 6273K(6464K)->6273K(6464K)
